?   	github.com/luxfi/threshold/cmd/threshold-cli	[no test files]
?   	github.com/luxfi/threshold/example	[no test files]
?   	github.com/luxfi/threshold/internal/bip32	[no test files]
?   	github.com/luxfi/threshold/internal/elgamal	[no test files]
# github.com/luxfi/threshold/internal/round.test
ld: warning: '/private/var/folders/xh/_fpw0c6d7rs1sn8nwx93t7gw0000gn/T/go-link-2256150264/000013.o' has malformed LC_DYSYMTAB, expected 98 undefined symbols to start at index 1626, found 95 undefined symbols starting at index 1626
# github.com/luxfi/threshold/pkg/ecdsa.test
ld: warning: '/private/var/folders/xh/_fpw0c6d7rs1sn8nwx93t7gw0000gn/T/go-link-3617916449/000013.o' has malformed LC_DYSYMTAB, expected 98 undefined symbols to start at index 1626, found 95 undefined symbols starting at index 1626
# github.com/luxfi/threshold/pkg/math/polynomial.test
ld: warning: '/private/var/folders/xh/_fpw0c6d7rs1sn8nwx93t7gw0000gn/T/go-link-3019994105/000013.o' has malformed LC_DYSYMTAB, expected 98 undefined symbols to start at index 1626, found 95 undefined symbols starting at index 1626
# github.com/luxfi/threshold/pkg/protocol.test
ld: warning: '/private/var/folders/xh/_fpw0c6d7rs1sn8nwx93t7gw0000gn/T/go-link-1298747767/000013.o' has malformed LC_DYSYMTAB, expected 98 undefined symbols to start at index 1626, found 95 undefined symbols starting at index 1626
# github.com/luxfi/threshold/protocols.test
ld: warning: '/private/var/folders/xh/_fpw0c6d7rs1sn8nwx93t7gw0000gn/T/go-link-3561057423/000013.o' has malformed LC_DYSYMTAB, expected 98 undefined symbols to start at index 1626, found 95 undefined symbols starting at index 1626
# github.com/luxfi/threshold/protocols/bls.test
ld: warning: '/private/var/folders/xh/_fpw0c6d7rs1sn8nwx93t7gw0000gn/T/go-link-2129979427/000013.o' has malformed LC_DYSYMTAB, expected 98 undefined symbols to start at index 1626, found 95 undefined symbols starting at index 1626
# github.com/luxfi/threshold/protocols/cmp.test
ld: warning: '/private/var/folders/xh/_fpw0c6d7rs1sn8nwx93t7gw0000gn/T/go-link-1308422046/000013.o' has malformed LC_DYSYMTAB, expected 98 undefined symbols to start at index 1626, found 95 undefined symbols starting at index 1626
# github.com/luxfi/threshold/protocols/cmp/keygen.test
ld: warning: '/private/var/folders/xh/_fpw0c6d7rs1sn8nwx93t7gw0000gn/T/go-link-2709196482/000013.o' has malformed LC_DYSYMTAB, expected 98 undefined symbols to start at index 1626, found 95 undefined symbols starting at index 1626
# github.com/luxfi/threshold/protocols/cmp/presign.test
ld: warning: '/private/var/folders/xh/_fpw0c6d7rs1sn8nwx93t7gw0000gn/T/go-link-287556903/000013.o' has malformed LC_DYSYMTAB, expected 98 undefined symbols to start at index 1626, found 95 undefined symbols starting at index 1626
# github.com/luxfi/threshold/protocols/cmp/sign.test
ld: warning: '/private/var/folders/xh/_fpw0c6d7rs1sn8nwx93t7gw0000gn/T/go-link-597204200/000013.o' has malformed LC_DYSYMTAB, expected 98 undefined symbols to start at index 1626, found 95 undefined symbols starting at index 1626
# github.com/luxfi/threshold/protocols/doerner.test
ld: warning: '/private/var/folders/xh/_fpw0c6d7rs1sn8nwx93t7gw0000gn/T/go-link-1915590552/000013.o' has malformed LC_DYSYMTAB, expected 98 undefined symbols to start at index 1626, found 95 undefined symbols starting at index 1626
# github.com/luxfi/threshold/protocols/frost.test
ld: warning: '/private/var/folders/xh/_fpw0c6d7rs1sn8nwx93t7gw0000gn/T/go-link-1085995504/000013.o' has malformed LC_DYSYMTAB, expected 98 undefined symbols to start at index 1626, found 95 undefined symbols starting at index 1626
# github.com/luxfi/threshold/protocols/frost/keygen.test
ld: warning: '/private/var/folders/xh/_fpw0c6d7rs1sn8nwx93t7gw0000gn/T/go-link-538361330/000013.o' has malformed LC_DYSYMTAB, expected 98 undefined symbols to start at index 1626, found 95 undefined symbols starting at index 1626
# github.com/luxfi/threshold/protocols/frost/sign.test
ld: warning: '/private/var/folders/xh/_fpw0c6d7rs1sn8nwx93t7gw0000gn/T/go-link-3882232212/000013.o' has malformed LC_DYSYMTAB, expected 98 undefined symbols to start at index 1626, found 95 undefined symbols starting at index 1626
# github.com/luxfi/threshold/protocols/lss.test
ld: warning: '/private/var/folders/xh/_fpw0c6d7rs1sn8nwx93t7gw0000gn/T/go-link-731853880/000013.o' has malformed LC_DYSYMTAB, expected 98 undefined symbols to start at index 1626, found 95 undefined symbols starting at index 1626
# github.com/luxfi/threshold/protocols/lss/dealer.test
ld: warning: '/private/var/folders/xh/_fpw0c6d7rs1sn8nwx93t7gw0000gn/T/go-link-1236789804/000013.o' has malformed LC_DYSYMTAB, expected 98 undefined symbols to start at index 1626, found 95 undefined symbols starting at index 1626
# github.com/luxfi/threshold/protocols/lss/keygen.test
ld: warning: '/private/var/folders/xh/_fpw0c6d7rs1sn8nwx93t7gw0000gn/T/go-link-2514657760/000013.o' has malformed LC_DYSYMTAB, expected 98 undefined symbols to start at index 1626, found 95 undefined symbols starting at index 1626
# github.com/luxfi/threshold/protocols/lss/reshare.test
ld: warning: '/private/var/folders/xh/_fpw0c6d7rs1sn8nwx93t7gw0000gn/T/go-link-1200154679/000013.o' has malformed LC_DYSYMTAB, expected 98 undefined symbols to start at index 1626, found 95 undefined symbols starting at index 1626
# github.com/luxfi/threshold/protocols/lss/sign.test
ld: warning: '/private/var/folders/xh/_fpw0c6d7rs1sn8nwx93t7gw0000gn/T/go-link-558389853/000013.o' has malformed LC_DYSYMTAB, expected 98 undefined symbols to start at index 1626, found 95 undefined symbols starting at index 1626
# github.com/luxfi/threshold/protocols/ringtail.test
ld: warning: '/private/var/folders/xh/_fpw0c6d7rs1sn8nwx93t7gw0000gn/T/go-link-1777016844/000013.o' has malformed LC_DYSYMTAB, expected 98 undefined symbols to start at index 1626, found 95 undefined symbols starting at index 1626
ok  	github.com/luxfi/threshold/internal/mta	92.184s
ok  	github.com/luxfi/threshold/internal/ot	9.652s
?   	github.com/luxfi/threshold/internal/params	[no test files]
ok  	github.com/luxfi/threshold/internal/round	1.507s
?   	github.com/luxfi/threshold/internal/test	[no test files]
ok  	github.com/luxfi/threshold/internal/types	1.675s
ok  	github.com/luxfi/threshold/pkg/ecdsa	2.122s
ok  	github.com/luxfi/threshold/pkg/hash	1.724s
ok  	github.com/luxfi/threshold/pkg/math/arith	24.679s
?   	github.com/luxfi/threshold/pkg/math/curve	[no test files]
ok  	github.com/luxfi/threshold/pkg/math/polynomial	84.430s
ok  	github.com/luxfi/threshold/pkg/math/sample	4.086s
ok  	github.com/luxfi/threshold/pkg/paillier	116.444s
ok  	github.com/luxfi/threshold/pkg/party	1.202s
ok  	github.com/luxfi/threshold/pkg/pedersen	1.230s [no tests to run]
?   	github.com/luxfi/threshold/pkg/pool	[no test files]
ok  	github.com/luxfi/threshold/pkg/protocol	1.220s
ok  	github.com/luxfi/threshold/pkg/taproot	2.158s
?   	github.com/luxfi/threshold/pkg/zk	[no test files]
ok  	github.com/luxfi/threshold/pkg/zk/affg	24.368s
ok  	github.com/luxfi/threshold/pkg/zk/affp	29.584s
ok  	github.com/luxfi/threshold/pkg/zk/dec	8.324s
ok  	github.com/luxfi/threshold/pkg/zk/elog	1.499s
ok  	github.com/luxfi/threshold/pkg/zk/enc	8.221s
ok  	github.com/luxfi/threshold/pkg/zk/encelg	9.076s
ok  	github.com/luxfi/threshold/pkg/zk/fac	16.278s
ok  	github.com/luxfi/threshold/pkg/zk/log	1.390s
ok  	github.com/luxfi/threshold/pkg/zk/logstar	10.598s
ok  	github.com/luxfi/threshold/pkg/zk/mod	11.664s
ok  	github.com/luxfi/threshold/pkg/zk/mul	13.999s
ok  	github.com/luxfi/threshold/pkg/zk/mulstar	13.703s
ok  	github.com/luxfi/threshold/pkg/zk/nth	5.458s
ok  	github.com/luxfi/threshold/pkg/zk/prm	7.822s
ok  	github.com/luxfi/threshold/pkg/zk/sch	1.401s
ok  	github.com/luxfi/threshold/protocols	31.254s
?   	github.com/luxfi/threshold/protocols/adapters	[no test files]
ok  	github.com/luxfi/threshold/protocols/bls	1.444s
2025-08-15T22:12:47.264-0500	INFO	protocol/handler.go:240	starting protocol handler	{"{protocol 15 0 cmp/keygen-threshold <nil>}": {"Key":"workers","Type":11,"Integer":4,"String":"","Interface":null}, "{parties 11 3  <nil>}": {"Key":"threshold","Type":11,"Integer":2,"String":"","Interface":null}}
2025-08-15T22:12:47.265-0500	DEBUG	protocol/handler.go:348	starting worker pools	{"{workers 11 4  <nil>}": {"Key":"priority","Type":11,"Integer":4,"String":"","Interface":null}}
2025-08-15T22:12:47.265-0500	DEBUG	protocol/handler.go:930	initializing round
2025-08-15T22:12:47.265-0500	DEBUG	protocol/handler.go:1503	processing queued messages
2025-08-15T22:12:47.265-0500	DEBUG	protocol/handler.go:391	worker started	{"{id 11 1  <nil>}": {"Key":"priority","Type":4,"Integer":0,"String":"","Interface":null}}
2025-08-15T22:12:47.265-0500	DEBUG	protocol/handler.go:391	worker started	{"{id 11 1  <nil>}": {"Key":"priority","Type":4,"Integer":1,"String":"","Interface":null}}
2025-08-15T22:12:47.265-0500	DEBUG	protocol/handler.go:391	worker started	{"{id 11 3  <nil>}": {"Key":"priority","Type":4,"Integer":0,"String":"","Interface":null}}
2025-08-15T22:12:47.265-0500	DEBUG	protocol/handler.go:391	worker started	{"{id 11 0  <nil>}": {"Key":"priority","Type":4,"Integer":1,"String":"","Interface":null}}
2025-08-15T22:12:47.265-0500	DEBUG	protocol/handler.go:391	worker started	{"{id 11 2  <nil>}": {"Key":"priority","Type":4,"Integer":0,"String":"","Interface":null}}
2025-08-15T22:12:47.265-0500	DEBUG	protocol/handler.go:391	worker started	{"{id 11 0  <nil>}": {"Key":"priority","Type":4,"Integer":0,"String":"","Interface":null}}
2025-08-15T22:12:47.265-0500	DEBUG	protocol/handler.go:391	worker started	{"{id 11 2  <nil>}": {"Key":"priority","Type":4,"Integer":1,"String":"","Interface":null}}
2025-08-15T22:12:47.267-0500	DEBUG	protocol/handler.go:391	worker started	{"{id 11 3  <nil>}": {"Key":"priority","Type":4,"Integer":1,"String":"","Interface":null}}
2025-08-15T22:12:47.269-0500	INFO	protocol/handler.go:240	starting protocol handler	{"{protocol 15 0 cmp/keygen-threshold <nil>}": {"Key":"workers","Type":11,"Integer":4,"String":"","Interface":null}, "{parties 11 3  <nil>}": {"Key":"threshold","Type":11,"Integer":2,"String":"","Interface":null}}
2025-08-15T22:12:47.269-0500	DEBUG	protocol/handler.go:348	starting worker pools	{"{workers 11 4  <nil>}": {"Key":"priority","Type":11,"Integer":4,"String":"","Interface":null}}
2025-08-15T22:12:47.269-0500	DEBUG	protocol/handler.go:391	worker started	{"{id 11 0  <nil>}": {"Key":"priority","Type":4,"Integer":0,"String":"","Interface":null}}
2025-08-15T22:12:47.269-0500	DEBUG	protocol/handler.go:391	worker started	{"{id 11 0  <nil>}": {"Key":"priority","Type":4,"Integer":1,"String":"","Interface":null}}
2025-08-15T22:12:47.270-0500	DEBUG	protocol/handler.go:391	worker started	{"{id 11 1  <nil>}": {"Key":"priority","Type":4,"Integer":0,"String":"","Interface":null}}
2025-08-15T22:12:47.270-0500	DEBUG	protocol/handler.go:391	worker started	{"{id 11 2  <nil>}": {"Key":"priority","Type":4,"Integer":1,"String":"","Interface":null}}
2025-08-15T22:12:47.270-0500	DEBUG	protocol/handler.go:391	worker started	{"{id 11 3  <nil>}": {"Key":"priority","Type":4,"Integer":1,"String":"","Interface":null}}
2025-08-15T22:12:47.270-0500	DEBUG	protocol/handler.go:391	worker started	{"{id 11 3  <nil>}": {"Key":"priority","Type":4,"Integer":0,"String":"","Interface":null}}
2025-08-15T22:12:47.270-0500	DEBUG	protocol/handler.go:391	worker started	{"{id 11 1  <nil>}": {"Key":"priority","Type":4,"Integer":1,"String":"","Interface":null}}
2025-08-15T22:12:47.270-0500	INFO	protocol/handler.go:240	starting protocol handler	{"{protocol 15 0 cmp/keygen-threshold <nil>}": {"Key":"workers","Type":11,"Integer":4,"String":"","Interface":null}, "{parties 11 3  <nil>}": {"Key":"threshold","Type":11,"Integer":2,"String":"","Interface":null}}
2025-08-15T22:12:47.270-0500	DEBUG	protocol/handler.go:348	starting worker pools	{"{workers 11 4  <nil>}": {"Key":"priority","Type":11,"Integer":4,"String":"","Interface":null}}
2025-08-15T22:12:47.270-0500	DEBUG	protocol/handler.go:391	worker started	{"{id 11 3  <nil>}": {"Key":"priority","Type":4,"Integer":0,"String":"","Interface":null}}
2025-08-15T22:12:47.270-0500	DEBUG	protocol/handler.go:391	worker started	{"{id 11 3  <nil>}": {"Key":"priority","Type":4,"Integer":1,"String":"","Interface":null}}
2025-08-15T22:12:47.270-0500	DEBUG	protocol/handler.go:391	worker started	{"{id 11 0  <nil>}": {"Key":"priority","Type":4,"Integer":0,"String":"","Interface":null}}
2025-08-15T22:12:47.270-0500	DEBUG	protocol/handler.go:391	worker started	{"{id 11 0  <nil>}": {"Key":"priority","Type":4,"Integer":1,"String":"","Interface":null}}
2025-08-15T22:12:47.270-0500	DEBUG	protocol/handler.go:391	worker started	{"{id 11 1  <nil>}": {"Key":"priority","Type":4,"Integer":1,"String":"","Interface":null}}
2025-08-15T22:12:47.270-0500	DEBUG	protocol/handler.go:391	worker started	{"{id 11 2  <nil>}": {"Key":"priority","Type":4,"Integer":1,"String":"","Interface":null}}
2025-08-15T22:12:47.270-0500	DEBUG	protocol/handler.go:930	initializing round
2025-08-15T22:12:47.270-0500	DEBUG	protocol/handler.go:391	worker started	{"{id 11 2  <nil>}": {"Key":"priority","Type":4,"Integer":0,"String":"","Interface":null}}
2025-08-15T22:12:47.270-0500	DEBUG	protocol/handler.go:1503	processing queued messages
2025-08-15T22:12:47.270-0500	DEBUG	protocol/handler.go:391	worker started	{"{id 11 1  <nil>}": {"Key":"priority","Type":4,"Integer":0,"String":"","Interface":null}}
2025-08-15T22:12:47.276-0500	INFO	protocol/handler.go:560	advanced to round
2025-08-15T22:12:47.276-0500	DEBUG	protocol/handler.go:581	tryAdvanceRound called	{"{current_round 20 1  <nil>}": {"Key":"self","Type":15,"Integer":0,"String":"a","Interface":null}}
2025-08-15T22:12:47.276-0500	DEBUG	protocol/handler.go:1649	have all messages and processed	{"{round 20 1  <nil>}": {"Key":"self","Type":15,"Integer":0,"String":"a","Interface":null}}
2025-08-15T22:12:47.276-0500	DEBUG	protocol/handler.go:619	finalizing round
2025-08-15T22:12:47.270-0500	DEBUG	protocol/handler.go:930	initializing round
2025-08-15T22:12:47.277-0500	DEBUG	protocol/handler.go:1503	processing queued messages
2025-08-15T22:12:47.278-0500	DEBUG	protocol/handler.go:391	worker started	{"{id 11 2  <nil>}": {"Key":"priority","Type":4,"Integer":0,"String":"","Interface":null}}
2025-08-15T22:12:47.280-0500	INFO	protocol/handler.go:560	advanced to round
2025-08-15T22:12:47.280-0500	DEBUG	protocol/handler.go:581	tryAdvanceRound called	{"{current_round 20 1  <nil>}": {"Key":"self","Type":15,"Integer":0,"String":"b","Interface":null}}
2025-08-15T22:12:47.280-0500	DEBUG	protocol/handler.go:1649	have all messages and processed	{"{round 20 1  <nil>}": {"Key":"self","Type":15,"Integer":0,"String":"b","Interface":null}}
2025-08-15T22:12:47.280-0500	DEBUG	protocol/handler.go:619	finalizing round
2025-08-15T22:12:47.281-0500	INFO	protocol/handler.go:560	advanced to round
2025-08-15T22:12:47.281-0500	DEBUG	protocol/handler.go:581	tryAdvanceRound called	{"{current_round 20 1  <nil>}": {"Key":"self","Type":15,"Integer":0,"String":"c","Interface":null}}
2025-08-15T22:12:47.282-0500	DEBUG	protocol/handler.go:1649	have all messages and processed	{"{round 20 1  <nil>}": {"Key":"self","Type":15,"Integer":0,"String":"c","Interface":null}}
2025-08-15T22:12:47.282-0500	DEBUG	protocol/handler.go:619	finalizing round
2025-08-15T22:12:47.286-0500	DEBUG	protocol/handler.go:954	round already being initialized/finalized, skipping
2025-08-15T22:12:47.290-0500	DEBUG	protocol/handler.go:954	round already being initialized/finalized, skipping
2025-08-15T22:12:47.298-0500	DEBUG	protocol/handler.go:954	round already being initialized/finalized, skipping
2025-08-15T22:12:55.656-0500	DEBUG	protocol/handler.go:1039	sendRoundMessage	{"{from 15 0 b <nil>}": {"Key":"to","Type":15,"Integer":0,"String":"","Interface":null}, "{round 20 2  <nil>}": {"Key":"broadcast","Type":4,"Integer":1,"String":"","Interface":null}}
2025-08-15T22:12:55.732-0500	DEBUG	protocol/handler.go:1657	storing broadcast	{"{round 20 2  <nil>}": {"Key":"from","Type":15,"Integer":0,"String":"b","Interface":null}}
2025-08-15T22:12:55.732-0500	DEBUG	protocol/handler.go:1081	sent message to output channel	{"{from 15 0 b <nil>}": {"Key":"to","Type":15,"Integer":0,"String":"","Interface":null}, "{round 20 2  <nil>}": {"Key":"broadcast","Type":4,"Integer":1,"String":"","Interface":null}}
2025-08-15T22:12:55.735-0500	DEBUG	protocol/handler.go:437	processing message	{"{from 15 0 b <nil>}": {"Key":"to","Type":15,"Integer":0,"String":"","Interface":null}, "{round 20 2  <nil>}": {"Key":"broadcast","Type":4,"Integer":1,"String":"","Interface":null}}
2025-08-15T22:12:55.761-0500	DEBUG	protocol/handler.go:1657	storing broadcast	{"{round 20 2  <nil>}": {"Key":"from","Type":15,"Integer":0,"String":"b","Interface":null}}
2025-08-15T22:12:55.773-0500	DEBUG	protocol/handler.go:470	message for different round (buffering)	{"{msg_round 20 2  <nil>}": {"Key":"current_round","Type":20,"Integer":1,"String":"","Interface":null}}
2025-08-15T22:12:55.773-0500	DEBUG	protocol/handler.go:581	tryAdvanceRound called	{"{current_round 20 1  <nil>}": {"Key":"self","Type":15,"Integer":0,"String":"a","Interface":null}}
2025-08-15T22:12:55.773-0500	DEBUG	protocol/handler.go:1649	have all messages and processed	{"{round 20 1  <nil>}": {"Key":"self","Type":15,"Integer":0,"String":"a","Interface":null}}
2025-08-15T22:12:55.773-0500	DEBUG	protocol/handler.go:596	round already finalized
2025-08-15T22:12:55.735-0500	DEBUG	protocol/handler.go:437	processing message	{"{from 15 0 b <nil>}": {"Key":"to","Type":15,"Integer":0,"String":"","Interface":null}, "{round 20 2  <nil>}": {"Key":"broadcast","Type":4,"Integer":1,"String":"","Interface":null}}
2025-08-15T22:12:55.773-0500	DEBUG	protocol/handler.go:1657	storing broadcast	{"{round 20 2  <nil>}": {"Key":"from","Type":15,"Integer":0,"String":"b","Interface":null}}
2025-08-15T22:12:55.773-0500	DEBUG	protocol/handler.go:470	message for different round (buffering)	{"{msg_round 20 2  <nil>}": {"Key":"current_round","Type":20,"Integer":1,"String":"","Interface":null}}
2025-08-15T22:12:55.773-0500	DEBUG	protocol/handler.go:581	tryAdvanceRound called	{"{current_round 20 1  <nil>}": {"Key":"self","Type":15,"Integer":0,"String":"c","Interface":null}}
2025-08-15T22:12:55.773-0500	DEBUG	protocol/handler.go:1649	have all messages and processed	{"{round 20 1  <nil>}": {"Key":"self","Type":15,"Integer":0,"String":"c","Interface":null}}
2025-08-15T22:12:55.773-0500	DEBUG	protocol/handler.go:596	round already finalized
2025-08-15T22:12:55.756-0500	DEBUG	protocol/handler.go:1182	finalized round messages	{"{round 20 1  <nil>}": {"Key":"messages","Type":11,"Integer":1,"String":"","Interface":null}}
2025-08-15T22:12:55.857-0500	DEBUG	protocol/handler.go:1239	finalize returned next round	{"{current 20 1  <nil>}": {"Key":"next","Type":20,"Integer":2,"String":"","Interface":null}}
2025-08-15T22:12:55.858-0500	INFO	protocol/handler.go:642	storing new currentRound	{"{from 20 1  <nil>}": {"Key":"to","Type":20,"Integer":2,"String":"","Interface":null}}
2025-08-15T22:12:55.858-0500	DEBUG	protocol/handler.go:1503	processing queued messages
2025-08-15T22:12:55.858-0500	INFO	protocol/handler.go:560	advanced to round
2025-08-15T22:12:55.858-0500	DEBUG	protocol/handler.go:581	tryAdvanceRound called	{"{current_round 20 2  <nil>}": {"Key":"self","Type":15,"Integer":0,"String":"b","Interface":null}}
2025-08-15T22:12:55.858-0500	DEBUG	protocol/handler.go:1600	waiting for broadcasts	{"{round 20 2  <nil>}": {"Key":"missing","Type":15,"Integer":0,"String":"[a c]","Interface":null}}
2025-08-15T22:12:55.858-0500	DEBUG	protocol/handler.go:1503	processing queued messages
2025-08-15T22:12:55.974-0500	DEBUG	protocol/handler.go:581	tryAdvanceRound called	{"{current_round 20 2  <nil>}": {"Key":"self","Type":15,"Integer":0,"String":"b","Interface":null}}
2025-08-15T22:12:55.974-0500	DEBUG	protocol/handler.go:1600	waiting for broadcasts	{"{round 20 2  <nil>}": {"Key":"missing","Type":15,"Integer":0,"String":"[a c]","Interface":null}}
2025-08-15T22:12:55.974-0500	DEBUG	protocol/handler.go:581	tryAdvanceRound called	{"{current_round 20 2  <nil>}": {"Key":"self","Type":15,"Integer":0,"String":"b","Interface":null}}
2025-08-15T22:12:55.974-0500	DEBUG	protocol/handler.go:1600	waiting for broadcasts	{"{round 20 2  <nil>}": {"Key":"missing","Type":15,"Integer":0,"String":"[a c]","Interface":null}}
2025-08-15T22:12:56.122-0500	DEBUG	protocol/handler.go:581	tryAdvanceRound called	{"{current_round 20 2  <nil>}": {"Key":"self","Type":15,"Integer":0,"String":"b","Interface":null}}
2025-08-15T22:12:56.119-0500	DEBUG	protocol/handler.go:1039	sendRoundMessage	{"{from 15 0 c <nil>}": {"Key":"to","Type":15,"Integer":0,"String":"","Interface":null}, "{round 20 2  <nil>}": {"Key":"broadcast","Type":4,"Integer":1,"String":"","Interface":null}}
2025-08-15T22:12:56.171-0500	DEBUG	protocol/handler.go:1657	storing broadcast	{"{round 20 2  <nil>}": {"Key":"from","Type":15,"Integer":0,"String":"c","Interface":null}}
2025-08-15T22:12:56.171-0500	DEBUG	protocol/handler.go:1081	sent message to output channel	{"{from 15 0 c <nil>}": {"Key":"to","Type":15,"Integer":0,"String":"","Interface":null}, "{round 20 2  <nil>}": {"Key":"broadcast","Type":4,"Integer":1,"String":"","Interface":null}}
2025-08-15T22:12:56.171-0500	DEBUG	protocol/handler.go:1182	finalized round messages	{"{round 20 1  <nil>}": {"Key":"messages","Type":11,"Integer":1,"String":"","Interface":null}}
2025-08-15T22:12:56.171-0500	DEBUG	protocol/handler.go:1239	finalize returned next round	{"{current 20 1  <nil>}": {"Key":"next","Type":20,"Integer":2,"String":"","Interface":null}}
2025-08-15T22:12:56.171-0500	INFO	protocol/handler.go:642	storing new currentRound	{"{from 20 1  <nil>}": {"Key":"to","Type":20,"Integer":2,"String":"","Interface":null}}
2025-08-15T22:12:56.171-0500	DEBUG	protocol/handler.go:1503	processing queued messages
2025-08-15T22:12:56.171-0500	INFO	protocol/handler.go:560	advanced to round
2025-08-15T22:12:56.171-0500	DEBUG	protocol/handler.go:581	tryAdvanceRound called	{"{current_round 20 2  <nil>}": {"Key":"self","Type":15,"Integer":0,"String":"c","Interface":null}}
2025-08-15T22:12:56.185-0500	DEBUG	protocol/handler.go:1591	have processed broadcast	{"{round 20 2  <nil>}": {"Key":"from","Type":15,"Integer":0,"String":"b","Interface":null}}
2025-08-15T22:12:56.195-0500	DEBUG	protocol/handler.go:1600	waiting for broadcasts	{"{round 20 2  <nil>}": {"Key":"missing","Type":15,"Integer":0,"String":"[a]","Interface":null}}
2025-08-15T22:12:56.195-0500	DEBUG	protocol/handler.go:581	tryAdvanceRound called	{"{current_round 20 2  <nil>}": {"Key":"self","Type":15,"Integer":0,"String":"c","Interface":null}}
2025-08-15T22:12:56.195-0500	DEBUG	protocol/handler.go:1591	have processed broadcast	{"{round 20 2  <nil>}": {"Key":"from","Type":15,"Integer":0,"String":"b","Interface":null}}
2025-08-15T22:12:56.195-0500	DEBUG	protocol/handler.go:1600	waiting for broadcasts	{"{round 20 2  <nil>}": {"Key":"missing","Type":15,"Integer":0,"String":"[a]","Interface":null}}
2025-08-15T22:12:56.122-0500	DEBUG	protocol/handler.go:1600	waiting for broadcasts	{"{round 20 2  <nil>}": {"Key":"missing","Type":15,"Integer":0,"String":"[a c]","Interface":null}}
2025-08-15T22:12:56.208-0500	DEBUG	protocol/handler.go:581	tryAdvanceRound called	{"{current_round 20 2  <nil>}": {"Key":"self","Type":15,"Integer":0,"String":"b","Interface":null}}
2025-08-15T22:12:56.208-0500	DEBUG	protocol/handler.go:1600	waiting for broadcasts	{"{round 20 2  <nil>}": {"Key":"missing","Type":15,"Integer":0,"String":"[a c]","Interface":null}}
2025-08-15T22:12:56.209-0500	DEBUG	protocol/handler.go:437	processing message	{"{from 15 0 c <nil>}": {"Key":"to","Type":15,"Integer":0,"String":"","Interface":null}, "{round 20 2  <nil>}": {"Key":"broadcast","Type":4,"Integer":1,"String":"","Interface":null}}
2025-08-15T22:12:56.209-0500	DEBUG	protocol/handler.go:1657	storing broadcast	{"{round 20 2  <nil>}": {"Key":"from","Type":15,"Integer":0,"String":"c","Interface":null}}
2025-08-15T22:12:56.209-0500	DEBUG	protocol/handler.go:581	tryAdvanceRound called	{"{current_round 20 2  <nil>}": {"Key":"self","Type":15,"Integer":0,"String":"b","Interface":null}}
2025-08-15T22:12:56.209-0500	DEBUG	protocol/handler.go:1591	have processed broadcast	{"{round 20 2  <nil>}": {"Key":"from","Type":15,"Integer":0,"String":"c","Interface":null}}
2025-08-15T22:12:56.209-0500	DEBUG	protocol/handler.go:1600	waiting for broadcasts	{"{round 20 2  <nil>}": {"Key":"missing","Type":15,"Integer":0,"String":"[a]","Interface":null}}
2025-08-15T22:12:56.209-0500	DEBUG	protocol/handler.go:437	processing message	{"{from 15 0 c <nil>}": {"Key":"to","Type":15,"Integer":0,"String":"","Interface":null}, "{round 20 2  <nil>}": {"Key":"broadcast","Type":4,"Integer":1,"String":"","Interface":null}}
2025-08-15T22:12:56.209-0500	DEBUG	protocol/handler.go:1657	storing broadcast	{"{round 20 2  <nil>}": {"Key":"from","Type":15,"Integer":0,"String":"c","Interface":null}}
2025-08-15T22:12:56.209-0500	DEBUG	protocol/handler.go:470	message for different round (buffering)	{"{msg_round 20 2  <nil>}": {"Key":"current_round","Type":20,"Integer":1,"String":"","Interface":null}}
2025-08-15T22:12:56.209-0500	DEBUG	protocol/handler.go:581	tryAdvanceRound called	{"{current_round 20 1  <nil>}": {"Key":"self","Type":15,"Integer":0,"String":"a","Interface":null}}
2025-08-15T22:12:56.209-0500	DEBUG	protocol/handler.go:1649	have all messages and processed	{"{round 20 1  <nil>}": {"Key":"self","Type":15,"Integer":0,"String":"a","Interface":null}}
2025-08-15T22:12:56.209-0500	DEBUG	protocol/handler.go:596	round already finalized
2025-08-15T22:12:56.208-0500	DEBUG	protocol/handler.go:1503	processing queued messages
2025-08-15T22:12:56.219-0500	DEBUG	protocol/handler.go:581	tryAdvanceRound called	{"{current_round 20 2  <nil>}": {"Key":"self","Type":15,"Integer":0,"String":"c","Interface":null}}
2025-08-15T22:12:56.219-0500	DEBUG	protocol/handler.go:1591	have processed broadcast	{"{round 20 2  <nil>}": {"Key":"from","Type":15,"Integer":0,"String":"b","Interface":null}}
2025-08-15T22:12:56.219-0500	DEBUG	protocol/handler.go:1600	waiting for broadcasts	{"{round 20 2  <nil>}": {"Key":"missing","Type":15,"Integer":0,"String":"[a]","Interface":null}}
2025-08-15T22:12:56.231-0500	DEBUG	protocol/handler.go:581	tryAdvanceRound called	{"{current_round 20 2  <nil>}": {"Key":"self","Type":15,"Integer":0,"String":"b","Interface":null}}
2025-08-15T22:12:56.231-0500	DEBUG	protocol/handler.go:1591	have processed broadcast	{"{round 20 2  <nil>}": {"Key":"from","Type":15,"Integer":0,"String":"c","Interface":null}}
2025-08-15T22:12:56.243-0500	DEBUG	protocol/handler.go:581	tryAdvanceRound called	{"{current_round 20 2  <nil>}": {"Key":"self","Type":15,"Integer":0,"String":"c","Interface":null}}
2025-08-15T22:12:56.243-0500	DEBUG	protocol/handler.go:1591	have processed broadcast	{"{round 20 2  <nil>}": {"Key":"from","Type":15,"Integer":0,"String":"b","Interface":null}}
2025-08-15T22:12:56.243-0500	DEBUG	protocol/handler.go:1600	waiting for broadcasts	{"{round 20 2  <nil>}": {"Key":"missing","Type":15,"Integer":0,"String":"[a]","Interface":null}}
2025-08-15T22:12:56.231-0500	DEBUG	protocol/handler.go:1600	waiting for broadcasts	{"{round 20 2  <nil>}": {"Key":"missing","Type":15,"Integer":0,"String":"[a]","Interface":null}}
2025-08-15T22:12:56.348-0500	DEBUG	protocol/handler.go:581	tryAdvanceRound called	{"{current_round 20 2  <nil>}": {"Key":"self","Type":15,"Integer":0,"String":"b","Interface":null}}
2025-08-15T22:12:56.349-0500	DEBUG	protocol/handler.go:1591	have processed broadcast	{"{round 20 2  <nil>}": {"Key":"from","Type":15,"Integer":0,"String":"c","Interface":null}}
2025-08-15T22:12:56.349-0500	DEBUG	protocol/handler.go:1600	waiting for broadcasts	{"{round 20 2  <nil>}": {"Key":"missing","Type":15,"Integer":0,"String":"[a]","Interface":null}}
2025-08-15T22:12:56.374-0500	DEBUG	protocol/handler.go:581	tryAdvanceRound called	{"{current_round 20 2  <nil>}": {"Key":"self","Type":15,"Integer":0,"String":"b","Interface":null}}
2025-08-15T22:12:56.382-0500	DEBUG	protocol/handler.go:581	tryAdvanceRound called	{"{current_round 20 2  <nil>}": {"Key":"self","Type":15,"Integer":0,"String":"c","Interface":null}}
2025-08-15T22:12:56.382-0500	DEBUG	protocol/handler.go:1591	have processed broadcast	{"{round 20 2  <nil>}": {"Key":"from","Type":15,"Integer":0,"String":"b","Interface":null}}
2025-08-15T22:12:56.382-0500	DEBUG	protocol/handler.go:1600	waiting for broadcasts	{"{round 20 2  <nil>}": {"Key":"missing","Type":15,"Integer":0,"String":"[a]","Interface":null}}
2025-08-15T22:12:56.382-0500	DEBUG	protocol/handler.go:581	tryAdvanceRound called	{"{current_round 20 2  <nil>}": {"Key":"self","Type":15,"Integer":0,"String":"c","Interface":null}}
2025-08-15T22:12:56.383-0500	DEBUG	protocol/handler.go:1591	have processed broadcast	{"{round 20 2  <nil>}": {"Key":"from","Type":15,"Integer":0,"String":"b","Interface":null}}
2025-08-15T22:12:56.383-0500	DEBUG	protocol/handler.go:1600	waiting for broadcasts	{"{round 20 2  <nil>}": {"Key":"missing","Type":15,"Integer":0,"String":"[a]","Interface":null}}
2025-08-15T22:12:56.399-0500	DEBUG	protocol/handler.go:581	tryAdvanceRound called	{"{current_round 20 2  <nil>}": {"Key":"self","Type":15,"Integer":0,"String":"c","Interface":null}}
2025-08-15T22:12:56.400-0500	DEBUG	protocol/handler.go:1591	have processed broadcast	{"{round 20 2  <nil>}": {"Key":"from","Type":15,"Integer":0,"String":"b","Interface":null}}
2025-08-15T22:12:56.400-0500	DEBUG	protocol/handler.go:1600	waiting for broadcasts	{"{round 20 2  <nil>}": {"Key":"missing","Type":15,"Integer":0,"String":"[a]","Interface":null}}
2025-08-15T22:12:56.375-0500	DEBUG	protocol/handler.go:1591	have processed broadcast	{"{round 20 2  <nil>}": {"Key":"from","Type":15,"Integer":0,"String":"c","Interface":null}}
2025-08-15T22:12:56.444-0500	DEBUG	protocol/handler.go:1600	waiting for broadcasts	{"{round 20 2  <nil>}": {"Key":"missing","Type":15,"Integer":0,"String":"[a]","Interface":null}}
2025-08-15T22:12:56.444-0500	DEBUG	protocol/handler.go:581	tryAdvanceRound called	{"{current_round 20 2  <nil>}": {"Key":"self","Type":15,"Integer":0,"String":"b","Interface":null}}
2025-08-15T22:12:56.444-0500	DEBUG	protocol/handler.go:1591	have processed broadcast	{"{round 20 2  <nil>}": {"Key":"from","Type":15,"Integer":0,"String":"c","Interface":null}}
2025-08-15T22:12:56.444-0500	DEBUG	protocol/handler.go:1600	waiting for broadcasts	{"{round 20 2  <nil>}": {"Key":"missing","Type":15,"Integer":0,"String":"[a]","Interface":null}}
2025-08-15T22:12:56.435-0500	DEBUG	protocol/handler.go:581	tryAdvanceRound called	{"{current_round 20 2  <nil>}": {"Key":"self","Type":15,"Integer":0,"String":"c","Interface":null}}
2025-08-15T22:12:56.463-0500	DEBUG	protocol/handler.go:1591	have processed broadcast	{"{round 20 2  <nil>}": {"Key":"from","Type":15,"Integer":0,"String":"b","Interface":null}}
2025-08-15T22:12:56.463-0500	DEBUG	protocol/handler.go:1600	waiting for broadcasts	{"{round 20 2  <nil>}": {"Key":"missing","Type":15,"Integer":0,"String":"[a]","Interface":null}}
2025-08-15T22:12:56.463-0500	DEBUG	protocol/handler.go:581	tryAdvanceRound called	{"{current_round 20 2  <nil>}": {"Key":"self","Type":15,"Integer":0,"String":"c","Interface":null}}
2025-08-15T22:12:56.463-0500	DEBUG	protocol/handler.go:1591	have processed broadcast	{"{round 20 2  <nil>}": {"Key":"from","Type":15,"Integer":0,"String":"b","Interface":null}}
2025-08-15T22:12:56.463-0500	DEBUG	protocol/handler.go:1600	waiting for broadcasts	{"{round 20 2  <nil>}": {"Key":"missing","Type":15,"Integer":0,"String":"[a]","Interface":null}}
2025-08-15T22:12:56.485-0500	DEBUG	protocol/handler.go:581	tryAdvanceRound called	{"{current_round 20 2  <nil>}": {"Key":"self","Type":15,"Integer":0,"String":"c","Interface":null}}
2025-08-15T22:12:56.486-0500	DEBUG	protocol/handler.go:1591	have processed broadcast	{"{round 20 2  <nil>}": {"Key":"from","Type":15,"Integer":0,"String":"b","Interface":null}}
2025-08-15T22:12:56.486-0500	DEBUG	protocol/handler.go:1600	waiting for broadcasts	{"{round 20 2  <nil>}": {"Key":"missing","Type":15,"Integer":0,"String":"[a]","Interface":null}}
2025-08-15T22:12:56.486-0500	DEBUG	protocol/handler.go:581	tryAdvanceRound called	{"{current_round 20 2  <nil>}": {"Key":"self","Type":15,"Integer":0,"String":"b","Interface":null}}
2025-08-15T22:12:56.486-0500	DEBUG	protocol/handler.go:1591	have processed broadcast	{"{round 20 2  <nil>}": {"Key":"from","Type":15,"Integer":0,"String":"c","Interface":null}}
2025-08-15T22:12:56.486-0500	DEBUG	protocol/handler.go:1600	waiting for broadcasts	{"{round 20 2  <nil>}": {"Key":"missing","Type":15,"Integer":0,"String":"[a]","Interface":null}}
2025-08-15T22:12:56.492-0500	DEBUG	protocol/handler.go:581	tryAdvanceRound called	{"{current_round 20 2  <nil>}": {"Key":"self","Type":15,"Integer":0,"String":"b","Interface":null}}
2025-08-15T22:12:56.492-0500	DEBUG	protocol/handler.go:1591	have processed broadcast	{"{round 20 2  <nil>}": {"Key":"from","Type":15,"Integer":0,"String":"c","Interface":null}}
2025-08-15T22:12:56.492-0500	DEBUG	protocol/handler.go:1600	waiting for broadcasts	{"{round 20 2  <nil>}": {"Key":"missing","Type":15,"Integer":0,"String":"[a]","Interface":null}}
2025-08-15T22:12:56.492-0500	DEBUG	protocol/handler.go:581	tryAdvanceRound called	{"{current_round 20 2  <nil>}": {"Key":"self","Type":15,"Integer":0,"String":"c","Interface":null}}
2025-08-15T22:12:56.493-0500	DEBUG	protocol/handler.go:1591	have processed broadcast	{"{round 20 2  <nil>}": {"Key":"from","Type":15,"Integer":0,"String":"b","Interface":null}}
2025-08-15T22:12:56.493-0500	DEBUG	protocol/handler.go:1600	waiting for broadcasts	{"{round 20 2  <nil>}": {"Key":"missing","Type":15,"Integer":0,"String":"[a]","Interface":null}}
2025-08-15T22:12:56.504-0500	DEBUG	protocol/handler.go:581	tryAdvanceRound called	{"{current_round 20 2  <nil>}": {"Key":"self","Type":15,"Integer":0,"String":"c","Interface":null}}
2025-08-15T22:12:56.504-0500	DEBUG	protocol/handler.go:1591	have processed broadcast	{"{round 20 2  <nil>}": {"Key":"from","Type":15,"Integer":0,"String":"b","Interface":null}}
2025-08-15T22:12:56.504-0500	DEBUG	protocol/handler.go:1600	waiting for broadcasts	{"{round 20 2  <nil>}": {"Key":"missing","Type":15,"Integer":0,"String":"[a]","Interface":null}}
2025-08-15T22:12:56.504-0500	DEBUG	protocol/handler.go:581	tryAdvanceRound called	{"{current_round 20 2  <nil>}": {"Key":"self","Type":15,"Integer":0,"String":"b","Interface":null}}
2025-08-15T22:12:56.504-0500	DEBUG	protocol/handler.go:1591	have processed broadcast	{"{round 20 2  <nil>}": {"Key":"from","Type":15,"Integer":0,"String":"c","Interface":null}}
2025-08-15T22:12:56.504-0500	DEBUG	protocol/handler.go:1600	waiting for broadcasts	{"{round 20 2  <nil>}": {"Key":"missing","Type":15,"Integer":0,"String":"[a]","Interface":null}}
2025-08-15T22:12:56.514-0500	DEBUG	protocol/handler.go:581	tryAdvanceRound called	{"{current_round 20 2  <nil>}": {"Key":"self","Type":15,"Integer":0,"String":"b","Interface":null}}
2025-08-15T22:12:56.514-0500	DEBUG	protocol/handler.go:1591	have processed broadcast	{"{round 20 2  <nil>}": {"Key":"from","Type":15,"Integer":0,"String":"c","Interface":null}}
2025-08-15T22:12:56.514-0500	DEBUG	protocol/handler.go:1600	waiting for broadcasts	{"{round 20 2  <nil>}": {"Key":"missing","Type":15,"Integer":0,"String":"[a]","Interface":null}}
2025-08-15T22:12:56.513-0500	DEBUG	protocol/handler.go:581	tryAdvanceRound called	{"{current_round 20 2  <nil>}": {"Key":"self","Type":15,"Integer":0,"String":"c","Interface":null}}
2025-08-15T22:12:56.517-0500	DEBUG	protocol/handler.go:1591	have processed broadcast	{"{round 20 2  <nil>}": {"Key":"from","Type":15,"Integer":0,"String":"b","Interface":null}}
2025-08-15T22:12:56.517-0500	DEBUG	protocol/handler.go:1600	waiting for broadcasts	{"{round 20 2  <nil>}": {"Key":"missing","Type":15,"Integer":0,"String":"[a]","Interface":null}}
2025-08-15T22:12:56.524-0500	DEBUG	protocol/handler.go:581	tryAdvanceRound called	{"{current_round 20 2  <nil>}": {"Key":"self","Type":15,"Integer":0,"String":"c","Interface":null}}
2025-08-15T22:12:56.524-0500	DEBUG	protocol/handler.go:1591	have processed broadcast	{"{round 20 2  <nil>}": {"Key":"from","Type":15,"Integer":0,"String":"b","Interface":null}}
2025-08-15T22:12:56.524-0500	DEBUG	protocol/handler.go:1600	waiting for broadcasts	{"{round 20 2  <nil>}": {"Key":"missing","Type":15,"Integer":0,"String":"[a]","Interface":null}}
2025-08-15T22:12:56.524-0500	DEBUG	protocol/handler.go:581	tryAdvanceRound called	{"{current_round 20 2  <nil>}": {"Key":"self","Type":15,"Integer":0,"String":"b","Interface":null}}
2025-08-15T22:12:56.525-0500	DEBUG	protocol/handler.go:1591	have processed broadcast	{"{round 20 2  <nil>}": {"Key":"from","Type":15,"Integer":0,"String":"c","Interface":null}}
2025-08-15T22:12:56.525-0500	DEBUG	protocol/handler.go:1600	waiting for broadcasts	{"{round 20 2  <nil>}": {"Key":"missing","Type":15,"Integer":0,"String":"[a]","Interface":null}}
2025-08-15T22:12:56.539-0500	DEBUG	protocol/handler.go:581	tryAdvanceRound called	{"{current_round 20 2  <nil>}": {"Key":"self","Type":15,"Integer":0,"String":"c","Interface":null}}
2025-08-15T22:12:56.539-0500	DEBUG	protocol/handler.go:1591	have processed broadcast	{"{round 20 2  <nil>}": {"Key":"from","Type":15,"Integer":0,"String":"b","Interface":null}}
2025-08-15T22:12:56.539-0500	DEBUG	protocol/handler.go:1600	waiting for broadcasts	{"{round 20 2  <nil>}": {"Key":"missing","Type":15,"Integer":0,"String":"[a]","Interface":null}}
2025-08-15T22:12:56.539-0500	DEBUG	protocol/handler.go:581	tryAdvanceRound called	{"{current_round 20 2  <nil>}": {"Key":"self","Type":15,"Integer":0,"String":"b","Interface":null}}
2025-08-15T22:12:56.539-0500	DEBUG	protocol/handler.go:1591	have processed broadcast	{"{round 20 2  <nil>}": {"Key":"from","Type":15,"Integer":0,"String":"c","Interface":null}}
2025-08-15T22:12:56.540-0500	DEBUG	protocol/handler.go:1600	waiting for broadcasts	{"{round 20 2  <nil>}": {"Key":"missing","Type":15,"Integer":0,"String":"[a]","Interface":null}}
2025-08-15T22:12:56.540-0500	DEBUG	protocol/handler.go:581	tryAdvanceRound called	{"{current_round 20 2  <nil>}": {"Key":"self","Type":15,"Integer":0,"String":"b","Interface":null}}
2025-08-15T22:12:56.540-0500	DEBUG	protocol/handler.go:1591	have processed broadcast	{"{round 20 2  <nil>}": {"Key":"from","Type":15,"Integer":0,"String":"c","Interface":null}}
2025-08-15T22:12:56.540-0500	DEBUG	protocol/handler.go:1600	waiting for broadcasts	{"{round 20 2  <nil>}": {"Key":"missing","Type":15,"Integer":0,"String":"[a]","Interface":null}}
2025-08-15T22:12:56.540-0500	DEBUG	protocol/handler.go:581	tryAdvanceRound called	{"{current_round 20 2  <nil>}": {"Key":"self","Type":15,"Integer":0,"String":"c","Interface":null}}
2025-08-15T22:12:56.541-0500	DEBUG	protocol/handler.go:1591	have processed broadcast	{"{round 20 2  <nil>}": {"Key":"from","Type":15,"Integer":0,"String":"b","Interface":null}}
2025-08-15T22:12:56.541-0500	DEBUG	protocol/handler.go:1600	waiting for broadcasts	{"{round 20 2  <nil>}": {"Key":"missing","Type":15,"Integer":0,"String":"[a]","Interface":null}}
2025-08-15T22:12:56.552-0500	DEBUG	protocol/handler.go:581	tryAdvanceRound called	{"{current_round 20 2  <nil>}": {"Key":"self","Type":15,"Integer":0,"String":"c","Interface":null}}
2025-08-15T22:12:56.552-0500	DEBUG	protocol/handler.go:1591	have processed broadcast	{"{round 20 2  <nil>}": {"Key":"from","Type":15,"Integer":0,"String":"b","Interface":null}}
2025-08-15T22:12:56.552-0500	DEBUG	protocol/handler.go:1600	waiting for broadcasts	{"{round 20 2  <nil>}": {"Key":"missing","Type":15,"Integer":0,"String":"[a]","Interface":null}}
2025-08-15T22:12:56.553-0500	DEBUG	protocol/handler.go:581	tryAdvanceRound called	{"{current_round 20 2  <nil>}": {"Key":"self","Type":15,"Integer":0,"String":"b","Interface":null}}
2025-08-15T22:12:56.553-0500	DEBUG	protocol/handler.go:1591	have processed broadcast	{"{round 20 2  <nil>}": {"Key":"from","Type":15,"Integer":0,"String":"c","Interface":null}}
2025-08-15T22:12:56.553-0500	DEBUG	protocol/handler.go:1600	waiting for broadcasts	{"{round 20 2  <nil>}": {"Key":"missing","Type":15,"Integer":0,"String":"[a]","Interface":null}}
2025-08-15T22:12:56.561-0500	DEBUG	protocol/handler.go:581	tryAdvanceRound called	{"{current_round 20 2  <nil>}": {"Key":"self","Type":15,"Integer":0,"String":"c","Interface":null}}
2025-08-15T22:12:56.561-0500	DEBUG	protocol/handler.go:1591	have processed broadcast	{"{round 20 2  <nil>}": {"Key":"from","Type":15,"Integer":0,"String":"b","Interface":null}}
2025-08-15T22:12:56.561-0500	DEBUG	protocol/handler.go:1600	waiting for broadcasts	{"{round 20 2  <nil>}": {"Key":"missing","Type":15,"Integer":0,"String":"[a]","Interface":null}}
2025-08-15T22:12:56.564-0500	DEBUG	protocol/handler.go:581	tryAdvanceRound called	{"{current_round 20 2  <nil>}": {"Key":"self","Type":15,"Integer":0,"String":"b","Interface":null}}
2025-08-15T22:12:56.565-0500	DEBUG	protocol/handler.go:1591	have processed broadcast	{"{round 20 2  <nil>}": {"Key":"from","Type":15,"Integer":0,"String":"c","Interface":null}}
2025-08-15T22:12:56.565-0500	DEBUG	protocol/handler.go:1600	waiting for broadcasts	{"{round 20 2  <nil>}": {"Key":"missing","Type":15,"Integer":0,"String":"[a]","Interface":null}}
2025-08-15T22:12:56.572-0500	DEBUG	protocol/handler.go:581	tryAdvanceRound called	{"{current_round 20 2  <nil>}": {"Key":"self","Type":15,"Integer":0,"String":"b","Interface":null}}
2025-08-15T22:12:56.572-0500	DEBUG	protocol/handler.go:1591	have processed broadcast	{"{round 20 2  <nil>}": {"Key":"from","Type":15,"Integer":0,"String":"c","Interface":null}}
2025-08-15T22:12:56.572-0500	DEBUG	protocol/handler.go:1600	waiting for broadcasts	{"{round 20 2  <nil>}": {"Key":"missing","Type":15,"Integer":0,"String":"[a]","Interface":null}}
2025-08-15T22:12:56.598-0500	DEBUG	protocol/handler.go:581	tryAdvanceRound called	{"{current_round 20 2  <nil>}": {"Key":"self","Type":15,"Integer":0,"String":"b","Interface":null}}
2025-08-15T22:12:56.598-0500	DEBUG	protocol/handler.go:1591	have processed broadcast	{"{round 20 2  <nil>}": {"Key":"from","Type":15,"Integer":0,"String":"c","Interface":null}}
2025-08-15T22:12:56.598-0500	DEBUG	protocol/handler.go:1600	waiting for broadcasts	{"{round 20 2  <nil>}": {"Key":"missing","Type":15,"Integer":0,"String":"[a]","Interface":null}}
2025-08-15T22:12:56.602-0500	DEBUG	protocol/handler.go:581	tryAdvanceRound called	{"{current_round 20 2  <nil>}": {"Key":"self","Type":15,"Integer":0,"String":"c","Interface":null}}
2025-08-15T22:12:56.603-0500	DEBUG	protocol/handler.go:581	tryAdvanceRound called	{"{current_round 20 2  <nil>}": {"Key":"self","Type":15,"Integer":0,"String":"b","Interface":null}}
2025-08-15T22:12:56.603-0500	DEBUG	protocol/handler.go:1591	have processed broadcast	{"{round 20 2  <nil>}": {"Key":"from","Type":15,"Integer":0,"String":"c","Interface":null}}
2025-08-15T22:12:56.602-0500	DEBUG	protocol/handler.go:1591	have processed broadcast	{"{round 20 2  <nil>}": {"Key":"from","Type":15,"Integer":0,"String":"b","Interface":null}}
2025-08-15T22:12:56.604-0500	DEBUG	protocol/handler.go:1600	waiting for broadcasts	{"{round 20 2  <nil>}": {"Key":"missing","Type":15,"Integer":0,"String":"[a]","Interface":null}}
2025-08-15T22:12:56.603-0500	DEBUG	protocol/handler.go:1600	waiting for broadcasts	{"{round 20 2  <nil>}": {"Key":"missing","Type":15,"Integer":0,"String":"[a]","Interface":null}}
2025-08-15T22:12:56.618-0500	DEBUG	protocol/handler.go:581	tryAdvanceRound called	{"{current_round 20 2  <nil>}": {"Key":"self","Type":15,"Integer":0,"String":"b","Interface":null}}
2025-08-15T22:12:56.618-0500	DEBUG	protocol/handler.go:1591	have processed broadcast	{"{round 20 2  <nil>}": {"Key":"from","Type":15,"Integer":0,"String":"c","Interface":null}}
2025-08-15T22:12:56.618-0500	DEBUG	protocol/handler.go:1600	waiting for broadcasts	{"{round 20 2  <nil>}": {"Key":"missing","Type":15,"Integer":0,"String":"[a]","Interface":null}}
2025-08-15T22:12:56.604-0500	DEBUG	protocol/handler.go:581	tryAdvanceRound called	{"{current_round 20 2  <nil>}": {"Key":"self","Type":15,"Integer":0,"String":"c","Interface":null}}
2025-08-15T22:12:56.619-0500	DEBUG	protocol/handler.go:1591	have processed broadcast	{"{round 20 2  <nil>}": {"Key":"from","Type":15,"Integer":0,"String":"b","Interface":null}}
2025-08-15T22:12:56.619-0500	DEBUG	protocol/handler.go:1600	waiting for broadcasts	{"{round 20 2  <nil>}": {"Key":"missing","Type":15,"Integer":0,"String":"[a]","Interface":null}}
2025-08-15T22:12:56.619-0500	DEBUG	protocol/handler.go:581	tryAdvanceRound called	{"{current_round 20 2  <nil>}": {"Key":"self","Type":15,"Integer":0,"String":"c","Interface":null}}
2025-08-15T22:12:56.619-0500	DEBUG	protocol/handler.go:1591	have processed broadcast	{"{round 20 2  <nil>}": {"Key":"from","Type":15,"Integer":0,"String":"b","Interface":null}}
2025-08-15T22:12:56.619-0500	DEBUG	protocol/handler.go:1600	waiting for broadcasts	{"{round 20 2  <nil>}": {"Key":"missing","Type":15,"Integer":0,"String":"[a]","Interface":null}}
2025-08-15T22:12:56.622-0500	DEBUG	protocol/handler.go:581	tryAdvanceRound called	{"{current_round 20 2  <nil>}": {"Key":"self","Type":15,"Integer":0,"String":"c","Interface":null}}
2025-08-15T22:12:56.622-0500	DEBUG	protocol/handler.go:1591	have processed broadcast	{"{round 20 2  <nil>}": {"Key":"from","Type":15,"Integer":0,"String":"b","Interface":null}}
2025-08-15T22:12:56.623-0500	DEBUG	protocol/handler.go:1600	waiting for broadcasts	{"{round 20 2  <nil>}": {"Key":"missing","Type":15,"Integer":0,"String":"[a]","Interface":null}}
2025-08-15T22:12:56.623-0500	DEBUG	protocol/handler.go:581	tryAdvanceRound called	{"{current_round 20 2  <nil>}": {"Key":"self","Type":15,"Integer":0,"String":"b","Interface":null}}
2025-08-15T22:12:56.623-0500	DEBUG	protocol/handler.go:1591	have processed broadcast	{"{round 20 2  <nil>}": {"Key":"from","Type":15,"Integer":0,"String":"c","Interface":null}}
2025-08-15T22:12:56.623-0500	DEBUG	protocol/handler.go:1600	waiting for broadcasts	{"{round 20 2  <nil>}": {"Key":"missing","Type":15,"Integer":0,"String":"[a]","Interface":null}}
2025-08-15T22:12:56.630-0500	DEBUG	protocol/handler.go:581	tryAdvanceRound called	{"{current_round 20 2  <nil>}": {"Key":"self","Type":15,"Integer":0,"String":"b","Interface":null}}
2025-08-15T22:12:56.630-0500	DEBUG	protocol/handler.go:1591	have processed broadcast	{"{round 20 2  <nil>}": {"Key":"from","Type":15,"Integer":0,"String":"c","Interface":null}}
2025-08-15T22:12:56.630-0500	DEBUG	protocol/handler.go:1600	waiting for broadcasts	{"{round 20 2  <nil>}": {"Key":"missing","Type":15,"Integer":0,"String":"[a]","Interface":null}}
2025-08-15T22:12:56.630-0500	DEBUG	protocol/handler.go:581	tryAdvanceRound called	{"{current_round 20 2  <nil>}": {"Key":"self","Type":15,"Integer":0,"String":"c","Interface":null}}
2025-08-15T22:12:56.631-0500	DEBUG	protocol/handler.go:1591	have processed broadcast	{"{round 20 2  <nil>}": {"Key":"from","Type":15,"Integer":0,"String":"b","Interface":null}}
2025-08-15T22:12:56.631-0500	DEBUG	protocol/handler.go:1600	waiting for broadcasts	{"{round 20 2  <nil>}": {"Key":"missing","Type":15,"Integer":0,"String":"[a]","Interface":null}}
2025-08-15T22:12:56.641-0500	DEBUG	protocol/handler.go:581	tryAdvanceRound called	{"{current_round 20 2  <nil>}": {"Key":"self","Type":15,"Integer":0,"String":"b","Interface":null}}
2025-08-15T22:12:56.642-0500	DEBUG	protocol/handler.go:1591	have processed broadcast	{"{round 20 2  <nil>}": {"Key":"from","Type":15,"Integer":0,"String":"c","Interface":null}}
2025-08-15T22:12:56.642-0500	DEBUG	protocol/handler.go:1600	waiting for broadcasts	{"{round 20 2  <nil>}": {"Key":"missing","Type":15,"Integer":0,"String":"[a]","Interface":null}}
2025-08-15T22:12:56.642-0500	DEBUG	protocol/handler.go:581	tryAdvanceRound called	{"{current_round 20 2  <nil>}": {"Key":"self","Type":15,"Integer":0,"String":"c","Interface":null}}
2025-08-15T22:12:56.642-0500	DEBUG	protocol/handler.go:1591	have processed broadcast	{"{round 20 2  <nil>}": {"Key":"from","Type":15,"Integer":0,"String":"b","Interface":null}}
2025-08-15T22:12:56.642-0500	DEBUG	protocol/handler.go:1600	waiting for broadcasts	{"{round 20 2  <nil>}": {"Key":"missing","Type":15,"Integer":0,"String":"[a]","Interface":null}}
2025-08-15T22:12:56.651-0500	DEBUG	protocol/handler.go:581	tryAdvanceRound called	{"{current_round 20 2  <nil>}": {"Key":"self","Type":15,"Integer":0,"String":"c","Interface":null}}
2025-08-15T22:12:56.651-0500	DEBUG	protocol/handler.go:1591	have processed broadcast	{"{round 20 2  <nil>}": {"Key":"from","Type":15,"Integer":0,"String":"b","Interface":null}}
2025-08-15T22:12:56.651-0500	DEBUG	protocol/handler.go:1600	waiting for broadcasts	{"{round 20 2  <nil>}": {"Key":"missing","Type":15,"Integer":0,"String":"[a]","Interface":null}}
2025-08-15T22:12:56.651-0500	DEBUG	protocol/handler.go:581	tryAdvanceRound called	{"{current_round 20 2  <nil>}": {"Key":"self","Type":15,"Integer":0,"String":"b","Interface":null}}
2025-08-15T22:12:56.652-0500	DEBUG	protocol/handler.go:1591	have processed broadcast	{"{round 20 2  <nil>}": {"Key":"from","Type":15,"Integer":0,"String":"c","Interface":null}}
2025-08-15T22:12:56.652-0500	DEBUG	protocol/handler.go:1600	waiting for broadcasts	{"{round 20 2  <nil>}": {"Key":"missing","Type":15,"Integer":0,"String":"[a]","Interface":null}}
2025-08-15T22:12:56.661-0500	DEBUG	protocol/handler.go:581	tryAdvanceRound called	{"{current_round 20 2  <nil>}": {"Key":"self","Type":15,"Integer":0,"String":"b","Interface":null}}
2025-08-15T22:12:56.661-0500	DEBUG	protocol/handler.go:1591	have processed broadcast	{"{round 20 2  <nil>}": {"Key":"from","Type":15,"Integer":0,"String":"c","Interface":null}}
2025-08-15T22:12:56.661-0500	DEBUG	protocol/handler.go:1600	waiting for broadcasts	{"{round 20 2  <nil>}": {"Key":"missing","Type":15,"Integer":0,"String":"[a]","Interface":null}}
2025-08-15T22:12:56.661-0500	DEBUG	protocol/handler.go:581	tryAdvanceRound called	{"{current_round 20 2  <nil>}": {"Key":"self","Type":15,"Integer":0,"String":"c","Interface":null}}
2025-08-15T22:12:56.661-0500	DEBUG	protocol/handler.go:1591	have processed broadcast	{"{round 20 2  <nil>}": {"Key":"from","Type":15,"Integer":0,"String":"b","Interface":null}}
2025-08-15T22:12:56.661-0500	DEBUG	protocol/handler.go:1600	waiting for broadcasts	{"{round 20 2  <nil>}": {"Key":"missing","Type":15,"Integer":0,"String":"[a]","Interface":null}}
2025-08-15T22:12:56.671-0500	DEBUG	protocol/handler.go:581	tryAdvanceRound called	{"{current_round 20 2  <nil>}": {"Key":"self","Type":15,"Integer":0,"String":"b","Interface":null}}
2025-08-15T22:12:56.672-0500	DEBUG	protocol/handler.go:1591	have processed broadcast	{"{round 20 2  <nil>}": {"Key":"from","Type":15,"Integer":0,"String":"c","Interface":null}}
2025-08-15T22:12:56.672-0500	DEBUG	protocol/handler.go:1600	waiting for broadcasts	{"{round 20 2  <nil>}": {"Key":"missing","Type":15,"Integer":0,"String":"[a]","Interface":null}}
2025-08-15T22:12:56.672-0500	DEBUG	protocol/handler.go:581	tryAdvanceRound called	{"{current_round 20 2  <nil>}": {"Key":"self","Type":15,"Integer":0,"String":"c","Interface":null}}
2025-08-15T22:12:56.672-0500	DEBUG	protocol/handler.go:1591	have processed broadcast	{"{round 20 2  <nil>}": {"Key":"from","Type":15,"Integer":0,"String":"b","Interface":null}}
2025-08-15T22:12:56.672-0500	DEBUG	protocol/handler.go:1600	waiting for broadcasts	{"{round 20 2  <nil>}": {"Key":"missing","Type":15,"Integer":0,"String":"[a]","Interface":null}}
2025-08-15T22:12:56.690-0500	DEBUG	protocol/handler.go:581	tryAdvanceRound called	{"{current_round 20 2  <nil>}": {"Key":"self","Type":15,"Integer":0,"String":"b","Interface":null}}
2025-08-15T22:12:56.690-0500	DEBUG	protocol/handler.go:1591	have processed broadcast	{"{round 20 2  <nil>}": {"Key":"from","Type":15,"Integer":0,"String":"c","Interface":null}}
2025-08-15T22:12:56.690-0500	DEBUG	protocol/handler.go:1600	waiting for broadcasts	{"{round 20 2  <nil>}": {"Key":"missing","Type":15,"Integer":0,"String":"[a]","Interface":null}}
2025-08-15T22:12:56.691-0500	DEBUG	protocol/handler.go:581	tryAdvanceRound called	{"{current_round 20 2  <nil>}": {"Key":"self","Type":15,"Integer":0,"String":"b","Interface":null}}
2025-08-15T22:12:56.691-0500	DEBUG	protocol/handler.go:1591	have processed broadcast	{"{round 20 2  <nil>}": {"Key":"from","Type":15,"Integer":0,"String":"c","Interface":null}}
2025-08-15T22:12:56.691-0500	DEBUG	protocol/handler.go:1600	waiting for broadcasts	{"{round 20 2  <nil>}": {"Key":"missing","Type":15,"Integer":0,"String":"[a]","Interface":null}}
2025-08-15T22:12:56.691-0500	DEBUG	protocol/handler.go:581	tryAdvanceRound called	{"{current_round 20 2  <nil>}": {"Key":"self","Type":15,"Integer":0,"String":"c","Interface":null}}
2025-08-15T22:12:56.694-0500	DEBUG	protocol/handler.go:1591	have processed broadcast	{"{round 20 2  <nil>}": {"Key":"from","Type":15,"Integer":0,"String":"b","Interface":null}}
2025-08-15T22:12:56.698-0500	DEBUG	protocol/handler.go:1600	waiting for broadcasts	{"{round 20 2  <nil>}": {"Key":"missing","Type":15,"Integer":0,"String":"[a]","Interface":null}}
2025-08-15T22:12:56.720-0500	DEBUG	protocol/handler.go:581	tryAdvanceRound called	{"{current_round 20 2  <nil>}": {"Key":"self","Type":15,"Integer":0,"String":"b","Interface":null}}
2025-08-15T22:12:56.721-0500	DEBUG	protocol/handler.go:1591	have processed broadcast	{"{round 20 2  <nil>}": {"Key":"from","Type":15,"Integer":0,"String":"c","Interface":null}}
2025-08-15T22:12:56.721-0500	DEBUG	protocol/handler.go:1600	waiting for broadcasts	{"{round 20 2  <nil>}": {"Key":"missing","Type":15,"Integer":0,"String":"[a]","Interface":null}}
2025-08-15T22:12:56.734-0500	DEBUG	protocol/handler.go:581	tryAdvanceRound called	{"{current_round 20 2  <nil>}": {"Key":"self","Type":15,"Integer":0,"String":"c","Interface":null}}
2025-08-15T22:12:56.734-0500	DEBUG	protocol/handler.go:1591	have processed broadcast	{"{round 20 2  <nil>}": {"Key":"from","Type":15,"Integer":0,"String":"b","Interface":null}}
2025-08-15T22:12:56.734-0500	DEBUG	protocol/handler.go:1600	waiting for broadcasts	{"{round 20 2  <nil>}": {"Key":"missing","Type":15,"Integer":0,"String":"[a]","Interface":null}}
2025-08-15T22:12:56.734-0500	DEBUG	protocol/handler.go:581	tryAdvanceRound called	{"{current_round 20 2  <nil>}": {"Key":"self","Type":15,"Integer":0,"String":"c","Interface":null}}
2025-08-15T22:12:56.734-0500	DEBUG	protocol/handler.go:1591	have processed broadcast	{"{round 20 2  <nil>}": {"Key":"from","Type":15,"Integer":0,"String":"b","Interface":null}}
2025-08-15T22:12:56.734-0500	DEBUG	protocol/handler.go:1600	waiting for broadcasts	{"{round 20 2  <nil>}": {"Key":"missing","Type":15,"Integer":0,"String":"[a]","Interface":null}}
2025-08-15T22:12:56.731-0500	DEBUG	protocol/handler.go:581	tryAdvanceRound called	{"{current_round 20 2  <nil>}": {"Key":"self","Type":15,"Integer":0,"String":"b","Interface":null}}
2025-08-15T22:12:56.735-0500	DEBUG	protocol/handler.go:1591	have processed broadcast	{"{round 20 2  <nil>}": {"Key":"from","Type":15,"Integer":0,"String":"c","Interface":null}}
2025-08-15T22:12:56.735-0500	DEBUG	protocol/handler.go:1600	waiting for broadcasts	{"{round 20 2  <nil>}": {"Key":"missing","Type":15,"Integer":0,"String":"[a]","Interface":null}}
2025-08-15T22:12:56.746-0500	DEBUG	protocol/handler.go:581	tryAdvanceRound called	{"{current_round 20 2  <nil>}": {"Key":"self","Type":15,"Integer":0,"String":"c","Interface":null}}
2025-08-15T22:12:56.746-0500	DEBUG	protocol/handler.go:1591	have processed broadcast	{"{round 20 2  <nil>}": {"Key":"from","Type":15,"Integer":0,"String":"b","Interface":null}}
2025-08-15T22:12:56.747-0500	DEBUG	protocol/handler.go:1600	waiting for broadcasts	{"{round 20 2  <nil>}": {"Key":"missing","Type":15,"Integer":0,"String":"[a]","Interface":null}}
2025-08-15T22:12:56.754-0500	DEBUG	protocol/handler.go:581	tryAdvanceRound called	{"{current_round 20 2  <nil>}": {"Key":"self","Type":15,"Integer":0,"String":"c","Interface":null}}
2025-08-15T22:12:56.757-0500	DEBUG	protocol/handler.go:1591	have processed broadcast	{"{round 20 2  <nil>}": {"Key":"from","Type":15,"Integer":0,"String":"b","Interface":null}}
2025-08-15T22:12:56.757-0500	DEBUG	protocol/handler.go:1600	waiting for broadcasts	{"{round 20 2  <nil>}": {"Key":"missing","Type":15,"Integer":0,"String":"[a]","Interface":null}}
2025-08-15T22:12:56.746-0500	DEBUG	protocol/handler.go:581	tryAdvanceRound called	{"{current_round 20 2  <nil>}": {"Key":"self","Type":15,"Integer":0,"String":"b","Interface":null}}
2025-08-15T22:12:56.758-0500	DEBUG	protocol/handler.go:1591	have processed broadcast	{"{round 20 2  <nil>}": {"Key":"from","Type":15,"Integer":0,"String":"c","Interface":null}}
2025-08-15T22:12:56.758-0500	DEBUG	protocol/handler.go:1600	waiting for broadcasts	{"{round 20 2  <nil>}": {"Key":"missing","Type":15,"Integer":0,"String":"[a]","Interface":null}}
2025-08-15T22:12:56.758-0500	DEBUG	protocol/handler.go:581	tryAdvanceRound called	{"{current_round 20 2  <nil>}": {"Key":"self","Type":15,"Integer":0,"String":"b","Interface":null}}
2025-08-15T22:12:56.758-0500	DEBUG	protocol/handler.go:1591	have processed broadcast	{"{round 20 2  <nil>}": {"Key":"from","Type":15,"Integer":0,"String":"c","Interface":null}}
2025-08-15T22:12:56.758-0500	DEBUG	protocol/handler.go:1600	waiting for broadcasts	{"{round 20 2  <nil>}": {"Key":"missing","Type":15,"Integer":0,"String":"[a]","Interface":null}}
2025-08-15T22:12:56.760-0500	DEBUG	protocol/handler.go:581	tryAdvanceRound called	{"{current_round 20 2  <nil>}": {"Key":"self","Type":15,"Integer":0,"String":"b","Interface":null}}
2025-08-15T22:12:56.760-0500	DEBUG	protocol/handler.go:1591	have processed broadcast	{"{round 20 2  <nil>}": {"Key":"from","Type":15,"Integer":0,"String":"c","Interface":null}}
2025-08-15T22:12:56.760-0500	DEBUG	protocol/handler.go:1600	waiting for broadcasts	{"{round 20 2  <nil>}": {"Key":"missing","Type":15,"Integer":0,"String":"[a]","Interface":null}}
2025-08-15T22:12:56.760-0500	DEBUG	protocol/handler.go:581	tryAdvanceRound called	{"{current_round 20 2  <nil>}": {"Key":"self","Type":15,"Integer":0,"String":"c","Interface":null}}
2025-08-15T22:12:56.760-0500	DEBUG	protocol/handler.go:1591	have processed broadcast	{"{round 20 2  <nil>}": {"Key":"from","Type":15,"Integer":0,"String":"b","Interface":null}}
2025-08-15T22:12:56.760-0500	DEBUG	protocol/handler.go:1600	waiting for broadcasts	{"{round 20 2  <nil>}": {"Key":"missing","Type":15,"Integer":0,"String":"[a]","Interface":null}}
2025-08-15T22:12:56.772-0500	DEBUG	protocol/handler.go:581	tryAdvanceRound called	{"{current_round 20 2  <nil>}": {"Key":"self","Type":15,"Integer":0,"String":"b","Interface":null}}
2025-08-15T22:12:56.772-0500	DEBUG	protocol/handler.go:1591	have processed broadcast	{"{round 20 2  <nil>}": {"Key":"from","Type":15,"Integer":0,"String":"c","Interface":null}}
2025-08-15T22:12:56.772-0500	DEBUG	protocol/handler.go:1600	waiting for broadcasts	{"{round 20 2  <nil>}": {"Key":"missing","Type":15,"Integer":0,"String":"[a]","Interface":null}}
2025-08-15T22:12:56.772-0500	DEBUG	protocol/handler.go:581	tryAdvanceRound called	{"{current_round 20 2  <nil>}": {"Key":"self","Type":15,"Integer":0,"String":"c","Interface":null}}
2025-08-15T22:12:56.772-0500	DEBUG	protocol/handler.go:1591	have processed broadcast	{"{round 20 2  <nil>}": {"Key":"from","Type":15,"Integer":0,"String":"b","Interface":null}}
2025-08-15T22:12:56.772-0500	DEBUG	protocol/handler.go:1600	waiting for broadcasts	{"{round 20 2  <nil>}": {"Key":"missing","Type":15,"Integer":0,"String":"[a]","Interface":null}}
2025-08-15T22:12:56.781-0500	DEBUG	protocol/handler.go:581	tryAdvanceRound called	{"{current_round 20 2  <nil>}": {"Key":"self","Type":15,"Integer":0,"String":"b","Interface":null}}
2025-08-15T22:12:56.781-0500	DEBUG	protocol/handler.go:1591	have processed broadcast	{"{round 20 2  <nil>}": {"Key":"from","Type":15,"Integer":0,"String":"c","Interface":null}}
2025-08-15T22:12:56.781-0500	DEBUG	protocol/handler.go:1600	waiting for broadcasts	{"{round 20 2  <nil>}": {"Key":"missing","Type":15,"Integer":0,"String":"[a]","Interface":null}}
2025-08-15T22:12:56.781-0500	DEBUG	protocol/handler.go:581	tryAdvanceRound called	{"{current_round 20 2  <nil>}": {"Key":"self","Type":15,"Integer":0,"String":"c","Interface":null}}
2025-08-15T22:12:56.781-0500	DEBUG	protocol/handler.go:1591	have processed broadcast	{"{round 20 2  <nil>}": {"Key":"from","Type":15,"Integer":0,"String":"b","Interface":null}}
2025-08-15T22:12:56.781-0500	DEBUG	protocol/handler.go:1600	waiting for broadcasts	{"{round 20 2  <nil>}": {"Key":"missing","Type":15,"Integer":0,"String":"[a]","Interface":null}}
2025-08-15T22:12:56.792-0500	DEBUG	protocol/handler.go:581	tryAdvanceRound called	{"{current_round 20 2  <nil>}": {"Key":"self","Type":15,"Integer":0,"String":"c","Interface":null}}
2025-08-15T22:12:56.804-0500	DEBUG	protocol/handler.go:581	tryAdvanceRound called	{"{current_round 20 2  <nil>}": {"Key":"self","Type":15,"Integer":0,"String":"b","Interface":null}}
2025-08-15T22:12:56.804-0500	DEBUG	protocol/handler.go:1591	have processed broadcast	{"{round 20 2  <nil>}": {"Key":"from","Type":15,"Integer":0,"String":"c","Interface":null}}
2025-08-15T22:12:56.804-0500	DEBUG	protocol/handler.go:1600	waiting for broadcasts	{"{round 20 2  <nil>}": {"Key":"missing","Type":15,"Integer":0,"String":"[a]","Interface":null}}
2025-08-15T22:12:56.792-0500	DEBUG	protocol/handler.go:1591	have processed broadcast	{"{round 20 2  <nil>}": {"Key":"from","Type":15,"Integer":0,"String":"b","Interface":null}}
2025-08-15T22:12:56.809-0500	DEBUG	protocol/handler.go:1600	waiting for broadcasts	{"{round 20 2  <nil>}": {"Key":"missing","Type":15,"Integer":0,"String":"[a]","Interface":null}}
2025-08-15T22:12:56.809-0500	DEBUG	protocol/handler.go:581	tryAdvanceRound called	{"{current_round 20 2  <nil>}": {"Key":"self","Type":15,"Integer":0,"String":"c","Interface":null}}
2025-08-15T22:12:56.809-0500	DEBUG	protocol/handler.go:1591	have processed broadcast	{"{round 20 2  <nil>}": {"Key":"from","Type":15,"Integer":0,"String":"b","Interface":null}}
2025-08-15T22:12:56.809-0500	DEBUG	protocol/handler.go:1600	waiting for broadcasts	{"{round 20 2  <nil>}": {"Key":"missing","Type":15,"Integer":0,"String":"[a]","Interface":null}}
2025-08-15T22:12:56.810-0500	DEBUG	protocol/handler.go:581	tryAdvanceRound called	{"{current_round 20 2  <nil>}": {"Key":"self","Type":15,"Integer":0,"String":"c","Interface":null}}
2025-08-15T22:12:56.810-0500	DEBUG	protocol/handler.go:1591	have processed broadcast	{"{round 20 2  <nil>}": {"Key":"from","Type":15,"Integer":0,"String":"b","Interface":null}}
2025-08-15T22:12:56.810-0500	DEBUG	protocol/handler.go:1600	waiting for broadcasts	{"{round 20 2  <nil>}": {"Key":"missing","Type":15,"Integer":0,"String":"[a]","Interface":null}}
2025-08-15T22:12:56.811-0500	DEBUG	protocol/handler.go:581	tryAdvanceRound called	{"{current_round 20 2  <nil>}": {"Key":"self","Type":15,"Integer":0,"String":"b","Interface":null}}
2025-08-15T22:12:56.811-0500	DEBUG	protocol/handler.go:1591	have processed broadcast	{"{round 20 2  <nil>}": {"Key":"from","Type":15,"Integer":0,"String":"c","Interface":null}}
2025-08-15T22:12:56.811-0500	DEBUG	protocol/handler.go:1600	waiting for broadcasts	{"{round 20 2  <nil>}": {"Key":"missing","Type":15,"Integer":0,"String":"[a]","Interface":null}}
2025-08-15T22:12:56.821-0500	DEBUG	protocol/handler.go:581	tryAdvanceRound called	{"{current_round 20 2  <nil>}": {"Key":"self","Type":15,"Integer":0,"String":"b","Interface":null}}
2025-08-15T22:12:56.821-0500	DEBUG	protocol/handler.go:1591	have processed broadcast	{"{round 20 2  <nil>}": {"Key":"from","Type":15,"Integer":0,"String":"c","Interface":null}}
2025-08-15T22:12:56.822-0500	DEBUG	protocol/handler.go:1600	waiting for broadcasts	{"{round 20 2  <nil>}": {"Key":"missing","Type":15,"Integer":0,"String":"[a]","Interface":null}}
2025-08-15T22:12:56.822-0500	DEBUG	protocol/handler.go:581	tryAdvanceRound called	{"{current_round 20 2  <nil>}": {"Key":"self","Type":15,"Integer":0,"String":"c","Interface":null}}
2025-08-15T22:12:56.822-0500	DEBUG	protocol/handler.go:1591	have processed broadcast	{"{round 20 2  <nil>}": {"Key":"from","Type":15,"Integer":0,"String":"b","Interface":null}}
2025-08-15T22:12:56.822-0500	DEBUG	protocol/handler.go:1600	waiting for broadcasts	{"{round 20 2  <nil>}": {"Key":"missing","Type":15,"Integer":0,"String":"[a]","Interface":null}}
2025-08-15T22:12:56.828-0500	DEBUG	protocol/handler.go:1039	sendRoundMessage	{"{from 15 0 a <nil>}": {"Key":"to","Type":15,"Integer":0,"String":"","Interface":null}, "{round 20 2  <nil>}": {"Key":"broadcast","Type":4,"Integer":1,"String":"","Interface":null}}
2025-08-15T22:12:56.828-0500	DEBUG	protocol/handler.go:1657	storing broadcast	{"{round 20 2  <nil>}": {"Key":"from","Type":15,"Integer":0,"String":"a","Interface":null}}
2025-08-15T22:12:56.828-0500	DEBUG	protocol/handler.go:1081	sent message to output channel	{"{from 15 0 a <nil>}": {"Key":"to","Type":15,"Integer":0,"String":"","Interface":null}, "{round 20 2  <nil>}": {"Key":"broadcast","Type":4,"Integer":1,"String":"","Interface":null}}
2025-08-15T22:12:56.828-0500	DEBUG	protocol/handler.go:1182	finalized round messages	{"{round 20 1  <nil>}": {"Key":"messages","Type":11,"Integer":1,"String":"","Interface":null}}
2025-08-15T22:12:56.828-0500	DEBUG	protocol/handler.go:1239	finalize returned next round	{"{current 20 1  <nil>}": {"Key":"next","Type":20,"Integer":2,"String":"","Interface":null}}
2025-08-15T22:12:56.828-0500	INFO	protocol/handler.go:642	storing new currentRound	{"{from 20 1  <nil>}": {"Key":"to","Type":20,"Integer":2,"String":"","Interface":null}}
2025-08-15T22:12:56.828-0500	DEBUG	protocol/handler.go:1503	processing queued messages
2025-08-15T22:12:56.828-0500	INFO	protocol/handler.go:560	advanced to round
2025-08-15T22:12:56.828-0500	DEBUG	protocol/handler.go:581	tryAdvanceRound called	{"{current_round 20 2  <nil>}": {"Key":"self","Type":15,"Integer":0,"String":"a","Interface":null}}
2025-08-15T22:12:56.828-0500	DEBUG	protocol/handler.go:1591	have processed broadcast	{"{round 20 2  <nil>}": {"Key":"from","Type":15,"Integer":0,"String":"b","Interface":null}}
2025-08-15T22:12:56.828-0500	DEBUG	protocol/handler.go:1591	have processed broadcast	{"{round 20 2  <nil>}": {"Key":"from","Type":15,"Integer":0,"String":"c","Interface":null}}
2025-08-15T22:12:56.828-0500	DEBUG	protocol/handler.go:1649	have all messages and processed	{"{round 20 2  <nil>}": {"Key":"self","Type":15,"Integer":0,"String":"a","Interface":null}}
2025-08-15T22:12:56.828-0500	DEBUG	protocol/handler.go:619	finalizing round
2025-08-15T22:12:56.828-0500	DEBUG	protocol/handler.go:1039	sendRoundMessage	{"{from 15 0 a <nil>}": {"Key":"to","Type":15,"Integer":0,"String":"","Interface":null}, "{round 20 3  <nil>}": {"Key":"broadcast","Type":4,"Integer":1,"String":"","Interface":null}}
2025-08-15T22:12:56.828-0500	DEBUG	protocol/handler.go:1503	processing queued messages
2025-08-15T22:12:56.829-0500	DEBUG	protocol/handler.go:437	processing message	{"{from 15 0 a <nil>}": {"Key":"to","Type":15,"Integer":0,"String":"","Interface":null}, "{round 20 2  <nil>}": {"Key":"broadcast","Type":4,"Integer":1,"String":"","Interface":null}}
2025-08-15T22:12:56.829-0500	DEBUG	protocol/handler.go:1657	storing broadcast	{"{round 20 2  <nil>}": {"Key":"from","Type":15,"Integer":0,"String":"a","Interface":null}}
2025-08-15T22:12:56.829-0500	DEBUG	protocol/handler.go:581	tryAdvanceRound called	{"{current_round 20 2  <nil>}": {"Key":"self","Type":15,"Integer":0,"String":"b","Interface":null}}
2025-08-15T22:12:56.829-0500	DEBUG	protocol/handler.go:1591	have processed broadcast	{"{round 20 2  <nil>}": {"Key":"from","Type":15,"Integer":0,"String":"a","Interface":null}}
2025-08-15T22:12:56.829-0500	DEBUG	protocol/handler.go:1591	have processed broadcast	{"{round 20 2  <nil>}": {"Key":"from","Type":15,"Integer":0,"String":"c","Interface":null}}
2025-08-15T22:12:56.829-0500	DEBUG	protocol/handler.go:1649	have all messages and processed	{"{round 20 2  <nil>}": {"Key":"self","Type":15,"Integer":0,"String":"b","Interface":null}}
2025-08-15T22:12:56.829-0500	DEBUG	protocol/handler.go:619	finalizing round
2025-08-15T22:12:56.829-0500	DEBUG	protocol/handler.go:437	processing message	{"{from 15 0 a <nil>}": {"Key":"to","Type":15,"Integer":0,"String":"","Interface":null}, "{round 20 2  <nil>}": {"Key":"broadcast","Type":4,"Integer":1,"String":"","Interface":null}}
2025-08-15T22:12:56.829-0500	DEBUG	protocol/handler.go:1039	sendRoundMessage	{"{from 15 0 b <nil>}": {"Key":"to","Type":15,"Integer":0,"String":"","Interface":null}, "{round 20 3  <nil>}": {"Key":"broadcast","Type":4,"Integer":1,"String":"","Interface":null}}
2025-08-15T22:12:56.829-0500	DEBUG	protocol/handler.go:1657	storing broadcast	{"{round 20 2  <nil>}": {"Key":"from","Type":15,"Integer":0,"String":"a","Interface":null}}
2025-08-15T22:12:56.829-0500	DEBUG	protocol/handler.go:581	tryAdvanceRound called	{"{current_round 20 2  <nil>}": {"Key":"self","Type":15,"Integer":0,"String":"c","Interface":null}}
2025-08-15T22:12:56.829-0500	DEBUG	protocol/handler.go:1591	have processed broadcast	{"{round 20 2  <nil>}": {"Key":"from","Type":15,"Integer":0,"String":"a","Interface":null}}
2025-08-15T22:12:56.829-0500	DEBUG	protocol/handler.go:1591	have processed broadcast	{"{round 20 2  <nil>}": {"Key":"from","Type":15,"Integer":0,"String":"b","Interface":null}}
2025-08-15T22:12:56.829-0500	DEBUG	protocol/handler.go:1657	storing broadcast	{"{round 20 3  <nil>}": {"Key":"from","Type":15,"Integer":0,"String":"a","Interface":null}}
2025-08-15T22:12:56.829-0500	DEBUG	protocol/handler.go:1649	have all messages and processed	{"{round 20 2  <nil>}": {"Key":"self","Type":15,"Integer":0,"String":"c","Interface":null}}
2025-08-15T22:12:56.829-0500	DEBUG	protocol/handler.go:619	finalizing round
2025-08-15T22:12:56.829-0500	DEBUG	protocol/handler.go:1081	sent message to output channel	{"{from 15 0 a <nil>}": {"Key":"to","Type":15,"Integer":0,"String":"","Interface":null}, "{round 20 3  <nil>}": {"Key":"broadcast","Type":4,"Integer":1,"String":"","Interface":null}}
2025-08-15T22:12:56.830-0500	DEBUG	protocol/handler.go:1182	finalized round messages	{"{round 20 2  <nil>}": {"Key":"messages","Type":11,"Integer":1,"String":"","Interface":null}}
2025-08-15T22:12:56.830-0500	DEBUG	protocol/handler.go:1039	sendRoundMessage	{"{from 15 0 c <nil>}": {"Key":"to","Type":15,"Integer":0,"String":"","Interface":null}, "{round 20 3  <nil>}": {"Key":"broadcast","Type":4,"Integer":1,"String":"","Interface":null}}
2025-08-15T22:12:56.830-0500	DEBUG	protocol/handler.go:1239	finalize returned next round	{"{current 20 2  <nil>}": {"Key":"next","Type":20,"Integer":3,"String":"","Interface":null}}
2025-08-15T22:12:56.830-0500	INFO	protocol/handler.go:642	storing new currentRound	{"{from 20 2  <nil>}": {"Key":"to","Type":20,"Integer":3,"String":"","Interface":null}}
2025-08-15T22:12:56.830-0500	DEBUG	protocol/handler.go:1503	processing queued messages
2025-08-15T22:12:56.830-0500	DEBUG	protocol/handler.go:437	processing message	{"{from 15 0 a <nil>}": {"Key":"to","Type":15,"Integer":0,"String":"","Interface":null}, "{round 20 3  <nil>}": {"Key":"broadcast","Type":4,"Integer":1,"String":"","Interface":null}}
2025-08-15T22:12:56.830-0500	DEBUG	protocol/handler.go:1657	storing broadcast	{"{round 20 3  <nil>}": {"Key":"from","Type":15,"Integer":0,"String":"a","Interface":null}}
2025-08-15T22:12:56.830-0500	DEBUG	protocol/handler.go:470	message for different round (buffering)	{"{msg_round 20 3  <nil>}": {"Key":"current_round","Type":20,"Integer":2,"String":"","Interface":null}}
2025-08-15T22:12:56.830-0500	DEBUG	protocol/handler.go:581	tryAdvanceRound called	{"{current_round 20 2  <nil>}": {"Key":"self","Type":15,"Integer":0,"String":"b","Interface":null}}
2025-08-15T22:12:56.830-0500	DEBUG	protocol/handler.go:1591	have processed broadcast	{"{round 20 2  <nil>}": {"Key":"from","Type":15,"Integer":0,"String":"a","Interface":null}}
2025-08-15T22:12:56.830-0500	DEBUG	protocol/handler.go:1591	have processed broadcast	{"{round 20 2  <nil>}": {"Key":"from","Type":15,"Integer":0,"String":"c","Interface":null}}
2025-08-15T22:12:56.830-0500	DEBUG	protocol/handler.go:1649	have all messages and processed	{"{round 20 2  <nil>}": {"Key":"self","Type":15,"Integer":0,"String":"b","Interface":null}}
2025-08-15T22:12:56.830-0500	DEBUG	protocol/handler.go:596	round already finalized
2025-08-15T22:12:56.830-0500	DEBUG	protocol/handler.go:1657	storing broadcast	{"{round 20 3  <nil>}": {"Key":"from","Type":15,"Integer":0,"String":"b","Interface":null}}
2025-08-15T22:12:56.830-0500	DEBUG	protocol/handler.go:1081	sent message to output channel	{"{from 15 0 b <nil>}": {"Key":"to","Type":15,"Integer":0,"String":"","Interface":null}, "{round 20 3  <nil>}": {"Key":"broadcast","Type":4,"Integer":1,"String":"","Interface":null}}
2025-08-15T22:12:56.830-0500	DEBUG	protocol/handler.go:437	processing message	{"{from 15 0 a <nil>}": {"Key":"to","Type":15,"Integer":0,"String":"","Interface":null}, "{round 20 3  <nil>}": {"Key":"broadcast","Type":4,"Integer":1,"String":"","Interface":null}}
2025-08-15T22:12:56.830-0500	DEBUG	protocol/handler.go:1182	finalized round messages	{"{round 20 2  <nil>}": {"Key":"messages","Type":11,"Integer":1,"String":"","Interface":null}}
2025-08-15T22:12:56.830-0500	DEBUG	protocol/handler.go:1657	storing broadcast	{"{round 20 3  <nil>}": {"Key":"from","Type":15,"Integer":0,"String":"a","Interface":null}}
2025-08-15T22:12:56.830-0500	DEBUG	protocol/handler.go:1239	finalize returned next round	{"{current 20 2  <nil>}": {"Key":"next","Type":20,"Integer":3,"String":"","Interface":null}}
2025-08-15T22:12:56.830-0500	DEBUG	protocol/handler.go:470	message for different round (buffering)	{"{msg_round 20 3  <nil>}": {"Key":"current_round","Type":20,"Integer":2,"String":"","Interface":null}}
2025-08-15T22:12:56.830-0500	INFO	protocol/handler.go:642	storing new currentRound	{"{from 20 2  <nil>}": {"Key":"to","Type":20,"Integer":3,"String":"","Interface":null}}
2025-08-15T22:12:56.830-0500	DEBUG	protocol/handler.go:581	tryAdvanceRound called	{"{current_round 20 2  <nil>}": {"Key":"self","Type":15,"Integer":0,"String":"c","Interface":null}}
2025-08-15T22:12:56.830-0500	DEBUG	protocol/handler.go:1503	processing queued messages
2025-08-15T22:12:56.830-0500	DEBUG	protocol/handler.go:1591	have processed broadcast	{"{round 20 2  <nil>}": {"Key":"from","Type":15,"Integer":0,"String":"a","Interface":null}}
2025-08-15T22:12:56.830-0500	INFO	protocol/handler.go:560	advanced to round
2025-08-15T22:12:56.830-0500	DEBUG	protocol/handler.go:1591	have processed broadcast	{"{round 20 2  <nil>}": {"Key":"from","Type":15,"Integer":0,"String":"b","Interface":null}}
2025-08-15T22:12:56.830-0500	DEBUG	protocol/handler.go:581	tryAdvanceRound called	{"{current_round 20 3  <nil>}": {"Key":"self","Type":15,"Integer":0,"String":"b","Interface":null}}
2025-08-15T22:12:56.830-0500	DEBUG	protocol/handler.go:1649	have all messages and processed	{"{round 20 2  <nil>}": {"Key":"self","Type":15,"Integer":0,"String":"c","Interface":null}}
2025-08-15T22:12:56.830-0500	DEBUG	protocol/handler.go:1657	storing broadcast	{"{round 20 3  <nil>}": {"Key":"from","Type":15,"Integer":0,"String":"c","Interface":null}}
2025-08-15T22:12:56.831-0500	DEBUG	protocol/handler.go:596	round already finalized
2025-08-15T22:12:56.830-0500	DEBUG	protocol/handler.go:1503	processing queued messages
2025-08-15T22:12:56.831-0500	DEBUG	protocol/handler.go:1081	sent message to output channel	{"{from 15 0 c <nil>}": {"Key":"to","Type":15,"Integer":0,"String":"","Interface":null}, "{round 20 3  <nil>}": {"Key":"broadcast","Type":4,"Integer":1,"String":"","Interface":null}}
2025-08-15T22:12:56.831-0500	DEBUG	protocol/handler.go:1182	finalized round messages	{"{round 20 2  <nil>}": {"Key":"messages","Type":11,"Integer":1,"String":"","Interface":null}}
2025-08-15T22:12:56.831-0500	DEBUG	protocol/handler.go:437	processing message	{"{from 15 0 b <nil>}": {"Key":"to","Type":15,"Integer":0,"String":"","Interface":null}, "{round 20 3  <nil>}": {"Key":"broadcast","Type":4,"Integer":1,"String":"","Interface":null}}
2025-08-15T22:12:56.831-0500	DEBUG	protocol/handler.go:1239	finalize returned next round	{"{current 20 2  <nil>}": {"Key":"next","Type":20,"Integer":3,"String":"","Interface":null}}
2025-08-15T22:12:56.831-0500	DEBUG	protocol/handler.go:1657	storing broadcast	{"{round 20 3  <nil>}": {"Key":"from","Type":15,"Integer":0,"String":"b","Interface":null}}
2025-08-15T22:12:56.831-0500	INFO	protocol/handler.go:642	storing new currentRound	{"{from 20 2  <nil>}": {"Key":"to","Type":20,"Integer":3,"String":"","Interface":null}}
2025-08-15T22:12:56.831-0500	DEBUG	protocol/handler.go:1503	processing queued messages
2025-08-15T22:12:56.831-0500	DEBUG	protocol/handler.go:437	processing message	{"{from 15 0 c <nil>}": {"Key":"to","Type":15,"Integer":0,"String":"","Interface":null}, "{round 20 3  <nil>}": {"Key":"broadcast","Type":4,"Integer":1,"String":"","Interface":null}}
2025-08-15T22:12:56.831-0500	DEBUG	protocol/handler.go:1657	storing broadcast	{"{round 20 3  <nil>}": {"Key":"from","Type":15,"Integer":0,"String":"c","Interface":null}}
2025-08-15T22:12:56.832-0500	INFO	protocol/handler.go:560	advanced to round
2025-08-15T22:12:56.832-0500	DEBUG	protocol/handler.go:581	tryAdvanceRound called	{"{current_round 20 3  <nil>}": {"Key":"self","Type":15,"Integer":0,"String":"c","Interface":null}}
==================
WARNING: DATA RACE
Write at 0x00c00093ad8c by goroutine 144:
  ??()
      -:0 +0x100dfdfc0
  sync/atomic.CompareAndSwapInt32()
      <autogenerated>:1 +0x18
  internal/sync.(*HashTrieMap[go.shape.interface {},go.shape.interface {}]).initSlow()
      /opt/homebrew/Cellar/go/1.24.6/libexec/src/internal/sync/hashtriemap.go:38 +0x38
  internal/sync.(*HashTrieMap[go.shape.interface {},go.shape.interface {}]).init()
      /opt/homebrew/Cellar/go/1.24.6/libexec/src/internal/sync/hashtriemap.go:32 +0x44
  internal/sync.(*HashTrieMap[go.shape.interface {},go.shape.interface {}]).Swap()
      /opt/homebrew/Cellar/go/1.24.6/libexec/src/internal/sync/hashtriemap.go:206 +0x54
  internal/sync.(*HashTrieMap[go.shape.interface {},go.shape.interface {}]).Store()
      /opt/homebrew/Cellar/go/1.24.6/libexec/src/internal/sync/hashtriemap.go:200 +0x54
  sync.(*Map).Store()
      /opt/homebrew/Cellar/go/1.24.6/libexec/src/sync/hashtriemap.go:55 +0x54
  github.com/luxfi/threshold/protocols/cmp/keygen.(*round3).StoreBroadcastMessage()
      /Users/z/work/lux/threshold/protocols/cmp/keygen/round3.go:122 +0xb30
  github.com/luxfi/threshold/pkg/protocol.(*Handler).verifyBroadcast()
      /Users/z/work/lux/threshold/pkg/protocol/handler.go:1392 +0x648
  github.com/luxfi/threshold/pkg/protocol.(*Handler).processMessage()
      /Users/z/work/lux/threshold/pkg/protocol/handler.go:480 +0xb9c
  github.com/luxfi/threshold/pkg/protocol.(*Handler).messageWorker()
      /Users/z/work/lux/threshold/pkg/protocol/handler.go:408 +0x338
  github.com/luxfi/threshold/pkg/protocol.(*Handler).startWorkers.gowrap2()
      /Users/z/work/lux/threshold/pkg/protocol/handler.go:361 +0x44

Previous read at 0x00c00093ad88 by goroutine 142:
  github.com/luxfi/threshold/protocols/cmp/keygen.(*round3).Number()
      <autogenerated>:1 +0x38
  github.com/luxfi/threshold/pkg/protocol.(*Handler).tryAdvanceRound()
      /Users/z/work/lux/threshold/pkg/protocol/handler.go:673 +0x1268
  github.com/luxfi/threshold/pkg/protocol.(*Handler).processMessage()
      /Users/z/work/lux/threshold/pkg/protocol/handler.go:486 +0xbb0
  github.com/luxfi/threshold/pkg/protocol.(*Handler).messageWorker()
      /Users/z/work/lux/threshold/pkg/protocol/handler.go:408 +0x338
  github.com/luxfi/threshold/pkg/protocol.(*Handler).startWorkers.gowrap2()
      /Users/z/work/lux/threshold/pkg/protocol/handler.go:361 +0x44

Goroutine 144 (running) created at:
  github.com/luxfi/threshold/pkg/protocol.(*Handler).startWorkers()
      /Users/z/work/lux/threshold/pkg/protocol/handler.go:361 +0x334
  github.com/luxfi/threshold/pkg/protocol.NewHandler()
      /Users/z/work/lux/threshold/pkg/protocol/handler.go:247 +0xf10
  github.com/luxfi/threshold/internal/test.(*Harness).CreateHandler()
      /Users/z/work/lux/threshold/internal/test/harness.go:91 +0x2e4
  github.com/luxfi/threshold/internal/test.RunProtocol()
      /Users/z/work/lux/threshold/internal/test/harness.go:270 +0x230
  github.com/luxfi/threshold/protocols/cmp_test.TestCMPBasicKeygen()
      /Users/z/work/lux/threshold/protocols/cmp/cmp_basic_test.go:35 +0x29c
  testing.tRunner()
      /opt/homebrew/Cellar/go/1.24.6/libexec/src/testing/testing.go:1792 +0x180
  testing.(*T).Run.gowrap1()
      /opt/homebrew/Cellar/go/1.24.6/libexec/src/testing/testing.go:1851 +0x40

Goroutine 142 (running) created at:
  github.com/luxfi/threshold/pkg/protocol.(*Handler).startWorkers()
      /Users/z/work/lux/threshold/pkg/protocol/handler.go:361 +0x334
  github.com/luxfi/threshold/pkg/protocol.NewHandler()
      /Users/z/work/lux/threshold/pkg/protocol/handler.go:247 +0xf10
  github.com/luxfi/threshold/internal/test.(*Harness).CreateHandler()
      /Users/z/work/lux/threshold/internal/test/harness.go:91 +0x2e4
  github.com/luxfi/threshold/internal/test.RunProtocol()
      /Users/z/work/lux/threshold/internal/test/harness.go:270 +0x230
  github.com/luxfi/threshold/protocols/cmp_test.TestCMPBasicKeygen()
      /Users/z/work/lux/threshold/protocols/cmp/cmp_basic_test.go:35 +0x29c
  testing.tRunner()
      /opt/homebrew/Cellar/go/1.24.6/libexec/src/testing/testing.go:1792 +0x180
  testing.(*T).Run.gowrap1()
      /opt/homebrew/Cellar/go/1.24.6/libexec/src/testing/testing.go:1851 +0x40
==================
==================
WARNING: DATA RACE
Write at 0x00c00093ad98 by goroutine 144:
  ??()
      -:0 +0x100df9060
  sync/atomic.StorePointer()
      /opt/homebrew/Cellar/go/1.24.6/libexec/src/runtime/atomic_pointer.go:92 +0x38
  internal/sync.(*HashTrieMap[go.shape.interface {},go.shape.interface {}]).initSlow()
      /opt/homebrew/Cellar/go/1.24.6/libexec/src/internal/sync/hashtriemap.go:50 +0xb8
  internal/sync.(*HashTrieMap[go.shape.interface {},go.shape.interface {}]).init()
      /opt/homebrew/Cellar/go/1.24.6/libexec/src/internal/sync/hashtriemap.go:32 +0x44
  internal/sync.(*HashTrieMap[go.shape.interface {},go.shape.interface {}]).Swap()
      /opt/homebrew/Cellar/go/1.24.6/libexec/src/internal/sync/hashtriemap.go:206 +0x54
  internal/sync.(*HashTrieMap[go.shape.interface {},go.shape.interface {}]).Store()
      /opt/homebrew/Cellar/go/1.24.6/libexec/src/internal/sync/hashtriemap.go:200 +0x54
  sync.(*Map).Store()
      /opt/homebrew/Cellar/go/1.24.6/libexec/src/sync/hashtriemap.go:55 +0x54
  github.com/luxfi/threshold/protocols/cmp/keygen.(*round3).StoreBroadcastMessage()
      /Users/z/work/lux/threshold/protocols/cmp/keygen/round3.go:122 +0xb30
  github.com/luxfi/threshold/pkg/protocol.(*Handler).verifyBroadcast()
      /Users/z/work/lux/threshold/pkg/protocol/handler.go:1392 +0x648
  github.com/luxfi/threshold/pkg/protocol.(*Handler).processMessage()
      /Users/z/work/lux/threshold/pkg/protocol/handler.go:480 +0xb9c
  github.com/luxfi/threshold/pkg/protocol.(*Handler).messageWorker()
      /Users/z/work/lux/threshold/pkg/protocol/handler.go:408 +0x338
  github.com/luxfi/threshold/pkg/protocol.(*Handler).startWorkers.gowrap2()
      /Users/z/work/lux/threshold/pkg/protocol/handler.go:361 +0x44

Previous read at 0x00c00093ad98 by goroutine 142:
  github.com/luxfi/threshold/protocols/cmp/keygen.(*round3).Number()
      <autogenerated>:1 +0x38
  github.com/luxfi/threshold/pkg/protocol.(*Handler).tryAdvanceRound()
      /Users/z/work/lux/threshold/pkg/protocol/handler.go:673 +0x1268
  github.com/luxfi/threshold/pkg/protocol.(*Handler).processMessage()
      /Users/z/work/lux/threshold/pkg/protocol/handler.go:486 +0xbb0
  github.com/luxfi/threshold/pkg/protocol.(*Handler).messageWorker()
      /Users/z/work/lux/threshold/pkg/protocol/handler.go:408 +0x338
  github.com/luxfi/threshold/pkg/protocol.(*Handler).startWorkers.gowrap2()
      /Users/z/work/lux/threshold/pkg/protocol/handler.go:361 +0x44

Goroutine 144 (running) created at:
  github.com/luxfi/threshold/pkg/protocol.(*Handler).startWorkers()
      /Users/z/work/lux/threshold/pkg/protocol/handler.go:361 +0x334
  github.com/luxfi/threshold/pkg/protocol.NewHandler()
      /Users/z/work/lux/threshold/pkg/protocol/handler.go:247 +0xf10
  github.com/luxfi/threshold/internal/test.(*Harness).CreateHandler()
      /Users/z/work/lux/threshold/internal/test/harness.go:91 +0x2e4
  github.com/luxfi/threshold/internal/test.RunProtocol()
      /Users/z/work/lux/threshold/internal/test/harness.go:270 +0x230
  github.com/luxfi/threshold/protocols/cmp_test.TestCMPBasicKeygen()
      /Users/z/work/lux/threshold/protocols/cmp/cmp_basic_test.go:35 +0x29c
  testing.tRunner()
      /opt/homebrew/Cellar/go/1.24.6/libexec/src/testing/testing.go:1792 +0x180
  testing.(*T).Run.gowrap1()
      /opt/homebrew/Cellar/go/1.24.6/libexec/src/testing/testing.go:1851 +0x40

Goroutine 142 (running) created at:
  github.com/luxfi/threshold/pkg/protocol.(*Handler).startWorkers()
      /Users/z/work/lux/threshold/pkg/protocol/handler.go:361 +0x334
  github.com/luxfi/threshold/pkg/protocol.NewHandler()
      /Users/z/work/lux/threshold/pkg/protocol/handler.go:247 +0xf10
  github.com/luxfi/threshold/internal/test.(*Harness).CreateHandler()
      /Users/z/work/lux/threshold/internal/test/harness.go:91 +0x2e4
  github.com/luxfi/threshold/internal/test.RunProtocol()
      /Users/z/work/lux/threshold/internal/test/harness.go:270 +0x230
  github.com/luxfi/threshold/protocols/cmp_test.TestCMPBasicKeygen()
      /Users/z/work/lux/threshold/protocols/cmp/cmp_basic_test.go:35 +0x29c
  testing.tRunner()
      /opt/homebrew/Cellar/go/1.24.6/libexec/src/testing/testing.go:1792 +0x180
  testing.(*T).Run.gowrap1()
      /opt/homebrew/Cellar/go/1.24.6/libexec/src/testing/testing.go:1851 +0x40
==================
2025-08-15T22:12:56.837-0500	DEBUG	protocol/handler.go:437	processing message	{"{from 15 0 b <nil>}": {"Key":"to","Type":15,"Integer":0,"String":"","Interface":null}, "{round 20 3  <nil>}": {"Key":"broadcast","Type":4,"Integer":1,"String":"","Interface":null}}
2025-08-15T22:12:56.837-0500	DEBUG	protocol/handler.go:581	tryAdvanceRound called	{"{current_round 20 3  <nil>}": {"Key":"self","Type":15,"Integer":0,"String":"c","Interface":null}}
2025-08-15T22:12:56.837-0500	DEBUG	protocol/handler.go:1657	storing broadcast	{"{round 20 3  <nil>}": {"Key":"from","Type":15,"Integer":0,"String":"b","Interface":null}}
2025-08-15T22:12:56.838-0500	DEBUG	protocol/handler.go:437	processing message	{"{from 15 0 c <nil>}": {"Key":"to","Type":15,"Integer":0,"String":"","Interface":null}, "{round 20 3  <nil>}": {"Key":"broadcast","Type":4,"Integer":1,"String":"","Interface":null}}
2025-08-15T22:12:56.838-0500	DEBUG	protocol/handler.go:1657	storing broadcast	{"{round 20 3  <nil>}": {"Key":"from","Type":15,"Integer":0,"String":"c","Interface":null}}
2025-08-15T22:12:56.839-0500	DEBUG	protocol/handler.go:1503	processing queued messages
2025-08-15T22:12:56.839-0500	DEBUG	protocol/handler.go:1503	processing queued messages
2025-08-15T22:12:56.839-0500	INFO	protocol/handler.go:560	advanced to round
2025-08-15T22:12:56.840-0500	DEBUG	protocol/handler.go:581	tryAdvanceRound called	{"{current_round 20 3  <nil>}": {"Key":"self","Type":15,"Integer":0,"String":"a","Interface":null}}
2025-08-15T22:12:56.842-0500	DEBUG	protocol/handler.go:1591	have processed broadcast	{"{round 20 3  <nil>}": {"Key":"from","Type":15,"Integer":0,"String":"a","Interface":null}}
2025-08-15T22:12:56.842-0500	DEBUG	protocol/handler.go:1591	have processed broadcast	{"{round 20 3  <nil>}": {"Key":"from","Type":15,"Integer":0,"String":"b","Interface":null}}
2025-08-15T22:12:56.842-0500	DEBUG	protocol/handler.go:1649	have all messages and processed	{"{round 20 3  <nil>}": {"Key":"self","Type":15,"Integer":0,"String":"c","Interface":null}}
2025-08-15T22:12:56.842-0500	DEBUG	protocol/handler.go:619	finalizing round
==================
WARNING: DATA RACE
Write at 0x00c000aa360c by goroutine 119:
  ??()
      -:0 +0x100dfdfc0
  sync/atomic.CompareAndSwapInt32()
      <autogenerated>:1 +0x18
  internal/sync.(*HashTrieMap[go.shape.interface {},go.shape.interface {}]).initSlow()
      /opt/homebrew/Cellar/go/1.24.6/libexec/src/internal/sync/hashtriemap.go:38 +0x38
  internal/sync.(*HashTrieMap[go.shape.interface {},go.shape.interface {}]).init()
      /opt/homebrew/Cellar/go/1.24.6/libexec/src/internal/sync/hashtriemap.go:32 +0x44
  internal/sync.(*HashTrieMap[go.shape.interface {},go.shape.interface {}]).Swap()
      /opt/homebrew/Cellar/go/1.24.6/libexec/src/internal/sync/hashtriemap.go:206 +0x54
  internal/sync.(*HashTrieMap[go.shape.interface {},go.shape.interface {}]).Store()
      /opt/homebrew/Cellar/go/1.24.6/libexec/src/internal/sync/hashtriemap.go:200 +0x54
  sync.(*Map).Store()
      /opt/homebrew/Cellar/go/1.24.6/libexec/src/sync/hashtriemap.go:55 +0x54
  github.com/luxfi/threshold/protocols/cmp/keygen.(*round3).StoreBroadcastMessage()
      /Users/z/work/lux/threshold/protocols/cmp/keygen/round3.go:122 +0xb30
  github.com/luxfi/threshold/pkg/protocol.(*Handler).verifyBroadcastForRound()
      /Users/z/work/lux/threshold/pkg/protocol/handler.go:1277 +0x3a0
  github.com/luxfi/threshold/pkg/protocol.(*Handler).retryUnprocessedMessages()
      /Users/z/work/lux/threshold/pkg/protocol/handler.go:1483 +0x22c
  github.com/luxfi/threshold/pkg/protocol.(*Handler).tryAdvanceRound()
      /Users/z/work/lux/threshold/pkg/protocol/handler.go:587 +0x28c
  github.com/luxfi/threshold/pkg/protocol.(*Handler).roundProcessor()
      /Users/z/work/lux/threshold/pkg/protocol/handler.go:569 +0xb4
  github.com/luxfi/threshold/pkg/protocol.(*Handler).startWorkers.func1()
      /Users/z/work/lux/threshold/pkg/protocol/handler.go:374 +0x78

Previous read at 0x00c000aa3608 by goroutine 117:
  github.com/luxfi/threshold/protocols/cmp/keygen.(*round3).Number()
      <autogenerated>:1 +0x38
  github.com/luxfi/threshold/pkg/protocol.(*Handler).tryAdvanceRound()
      /Users/z/work/lux/threshold/pkg/protocol/handler.go:673 +0x1268
  github.com/luxfi/threshold/pkg/protocol.(*Handler).processMessage()
      /Users/z/work/lux/threshold/pkg/protocol/handler.go:486 +0xbb0
  github.com/luxfi/threshold/pkg/protocol.(*Handler).messageWorker()
      /Users/z/work/lux/threshold/pkg/protocol/handler.go:408 +0x338
  github.com/luxfi/threshold/pkg/protocol.(*Handler).startWorkers.gowrap2()
      /Users/z/work/lux/threshold/pkg/protocol/handler.go:361 +0x44

Goroutine 119 (running) created at:
  github.com/luxfi/threshold/pkg/protocol.(*Handler).startWorkers()
      /Users/z/work/lux/threshold/pkg/protocol/handler.go:372 +0x4fc
  github.com/luxfi/threshold/pkg/protocol.NewHandler()
      /Users/z/work/lux/threshold/pkg/protocol/handler.go:247 +0xf10
  github.com/luxfi/threshold/internal/test.(*Harness).CreateHandler()
      /Users/z/work/lux/threshold/internal/test/harness.go:91 +0x2e4
  github.com/luxfi/threshold/internal/test.RunProtocol()
      /Users/z/work/lux/threshold/internal/test/harness.go:270 +0x230
  github.com/luxfi/threshold/protocols/cmp_test.TestCMPBasicKeygen()
      /Users/z/work/lux/threshold/protocols/cmp/cmp_basic_test.go:35 +0x29c
  testing.tRunner()
      /opt/homebrew/Cellar/go/1.24.6/libexec/src/testing/testing.go:1792 +0x180
  testing.(*T).Run.gowrap1()
      /opt/homebrew/Cellar/go/1.24.6/libexec/src/testing/testing.go:1851 +0x40

Goroutine 117 (running) created at:
  github.com/luxfi/threshold/pkg/protocol.(*Handler).startWorkers()
      /Users/z/work/lux/threshold/pkg/protocol/handler.go:361 +0x334
  github.com/luxfi/threshold/pkg/protocol.NewHandler()
      /Users/z/work/lux/threshold/pkg/protocol/handler.go:247 +0xf10
2025-08-15T22:12:56.844-0500	DEBUG	protocol/handler.go:1591	have processed broadcast	{"{round 20 3  <nil>}": {"Key":"from","Type":15,"Integer":0,"String":"a","Interface":null}}
2025-08-15T22:12:56.844-0500	DEBUG	protocol/handler.go:1591	have processed broadcast	{"{round 20 3  <nil>}": {"Key":"from","Type":15,"Integer":0,"String":"b","Interface":null}}
2025-08-15T22:12:56.844-0500	DEBUG	protocol/handler.go:1649	have all messages and processed	{"{round 20 3  <nil>}": {"Key":"self","Type":15,"Integer":0,"String":"c","Interface":null}}
2025-08-15T22:12:56.845-0500	DEBUG	protocol/handler.go:596	round already finalized
  github.com/luxfi/threshold/internal/test.(*Harness).CreateHandler()
      /Users/z/work/lux/threshold/internal/test/harness.go:91 +0x2e4
  github.com/luxfi/threshold/internal/test.RunProtocol()
      /Users/z/work/lux/threshold/internal/test/harness.go:270 +0x230
  github.com/luxfi/threshold/protocols/cmp_test.TestCMPBasicKeygen()
      /Users/z/work/lux/threshold/protocols/cmp/cmp_basic_test.go:35 +0x29c
  testing.tRunner()
      /opt/homebrew/Cellar/go/1.24.6/libexec/src/testing/testing.go:1792 +0x180
  testing.(*T).Run.gowrap1()
      /opt/homebrew/Cellar/go/1.24.6/libexec/src/testing/testing.go:1851 +0x40
==================
==================
WARNING: DATA RACE
Write at 0x00c000aa3618 by goroutine 119:
  ??()
      -:0 +0x100df9060
  sync/atomic.StorePointer()
      /opt/homebrew/Cellar/go/1.24.6/libexec/src/runtime/atomic_pointer.go:92 +0x38
  internal/sync.(*HashTrieMap[go.shape.interface {},go.shape.interface {}]).initSlow()
      /opt/homebrew/Cellar/go/1.24.6/libexec/src/internal/sync/hashtriemap.go:50 +0xb8
  internal/sync.(*HashTrieMap[go.shape.interface {},go.shape.interface {}]).init()
      /opt/homebrew/Cellar/go/1.24.6/libexec/src/internal/sync/hashtriemap.go:32 +0x44
  internal/sync.(*HashTrieMap[go.shape.interface {},go.shape.interface {}]).Swap()
      /opt/homebrew/Cellar/go/1.24.6/libexec/src/internal/sync/hashtriemap.go:206 +0x54
  internal/sync.(*HashTrieMap[go.shape.interface {},go.shape.interface {}]).Store()
      /opt/homebrew/Cellar/go/1.24.6/libexec/src/internal/sync/hashtriemap.go:200 +0x54
  sync.(*Map).Store()
      /opt/homebrew/Cellar/go/1.24.6/libexec/src/sync/hashtriemap.go:55 +0x54
  github.com/luxfi/threshold/protocols/cmp/keygen.(*round3).StoreBroadcastMessage()
      /Users/z/work/lux/threshold/protocols/cmp/keygen/round3.go:122 +0xb30
  github.com/luxfi/threshold/pkg/protocol.(*Handler).verifyBroadcastForRound()
      /Users/z/work/lux/threshold/pkg/protocol/handler.go:1277 +0x3a0
  github.com/luxfi/threshold/pkg/protocol.(*Handler).retryUnprocessedMessages()
      /Users/z/work/lux/threshold/pkg/protocol/handler.go:1483 +0x22c
  github.com/luxfi/threshold/pkg/protocol.(*Handler).tryAdvanceRound()
      /Users/z/work/lux/threshold/pkg/protocol/handler.go:587 +0x28c
  github.com/luxfi/threshold/pkg/protocol.(*Handler).roundProcessor()
      /Users/z/work/lux/threshold/pkg/protocol/handler.go:569 +0xb4
  github.com/luxfi/threshold/pkg/protocol.(*Handler).startWorkers.func1()
      /Users/z/work/lux/threshold/pkg/protocol/handler.go:374 +0x78

Previous read at 0x00c000aa3618 by goroutine 117:
  github.com/luxfi/threshold/protocols/cmp/keygen.(*round3).Number()
      <autogenerated>:1 +0x38
  github.com/luxfi/threshold/pkg/protocol.(*Handler).tryAdvanceRound()
      /Users/z/work/lux/threshold/pkg/protocol/handler.go:673 +0x1268
  github.com/luxfi/threshold/pkg/protocol.(*Handler).processMessage()
      /Users/z/work/lux/threshold/pkg/protocol/handler.go:486 +0xbb0
  github.com/luxfi/threshold/pkg/protocol.(*Handler).messageWorker()
      /Users/z/work/lux/threshold/pkg/protocol/handler.go:408 +0x338
  github.com/luxfi/threshold/pkg/protocol.(*Handler).startWorkers.gowrap2()
      /Users/z/work/lux/threshold/pkg/protocol/handler.go:361 +0x44

Goroutine 119 (running) created at:
  github.com/luxfi/threshold/pkg/protocol.(*Handler).startWorkers()
      /Users/z/work/lux/threshold/pkg/protocol/handler.go:372 +0x4fc
  github.com/luxfi/threshold/pkg/protocol.NewHandler()
      /Users/z/work/lux/threshold/pkg/protocol/handler.go:247 +0xf10
  github.com/luxfi/threshold/internal/test.(*Harness).CreateHandler()
      /Users/z/work/lux/threshold/internal/test/harness.go:91 +0x2e4
  github.com/luxfi/threshold/internal/test.RunProtocol()
      /Users/z/work/lux/threshold/internal/test/harness.go:270 +0x230
  github.com/luxfi/threshold/protocols/cmp_test.TestCMPBasicKeygen()
      /Users/z/work/lux/threshold/protocols/cmp/cmp_basic_test.go:35 +0x29c
  testing.tRunner()
      /opt/homebrew/Cellar/go/1.24.6/libexec/src/testing/testing.go:1792 +0x180
  testing.(*T).Run.gowrap1()
      /opt/homebrew/Cellar/go/1.24.6/libexec/src/testing/testing.go:1851 +0x40

Goroutine 117 (running) created at:
  github.com/luxfi/threshold/pkg/protocol.(*Handler).startWorkers()
      /Users/z/work/lux/threshold/pkg/protocol/handler.go:361 +0x334
  github.com/luxfi/threshold/pkg/protocol.NewHandler()
      /Users/z/work/lux/threshold/pkg/protocol/handler.go:247 +0xf10
  github.com/luxfi/threshold/internal/test.(*Harness).CreateHandler()
      /Users/z/work/lux/threshold/internal/test/harness.go:91 +0x2e4
  github.com/luxfi/threshold/internal/test.RunProtocol()
      /Users/z/work/lux/threshold/internal/test/harness.go:270 +0x230
  github.com/luxfi/threshold/protocols/cmp_test.TestCMPBasicKeygen()
      /Users/z/work/lux/threshold/protocols/cmp/cmp_basic_test.go:35 +0x29c
  testing.tRunner()
      /opt/homebrew/Cellar/go/1.24.6/libexec/src/testing/testing.go:1792 +0x180
  testing.(*T).Run.gowrap1()
      /opt/homebrew/Cellar/go/1.24.6/libexec/src/testing/testing.go:1851 +0x40
==================
2025-08-15T22:12:56.845-0500	DEBUG	protocol/handler.go:581	tryAdvanceRound called	{"{current_round 20 3  <nil>}": {"Key":"self","Type":15,"Integer":0,"String":"c","Interface":null}}
2025-08-15T22:12:56.845-0500	DEBUG	protocol/handler.go:1591	have processed broadcast	{"{round 20 3  <nil>}": {"Key":"from","Type":15,"Integer":0,"String":"a","Interface":null}}
2025-08-15T22:12:56.845-0500	DEBUG	protocol/handler.go:1591	have processed broadcast	{"{round 20 3  <nil>}": {"Key":"from","Type":15,"Integer":0,"String":"a","Interface":null}}
2025-08-15T22:12:56.845-0500	DEBUG	protocol/handler.go:1608	waiting for broadcast processing	{"{round 20 3  <nil>}": {"Key":"unprocessed","Type":15,"Integer":0,"String":"[c]","Interface":null}}
2025-08-15T22:12:56.845-0500	DEBUG	protocol/handler.go:1591	have processed broadcast	{"{round 20 3  <nil>}": {"Key":"from","Type":15,"Integer":0,"String":"b","Interface":null}}
2025-08-15T22:12:56.845-0500	DEBUG	protocol/handler.go:581	tryAdvanceRound called	{"{current_round 20 3  <nil>}": {"Key":"self","Type":15,"Integer":0,"String":"b","Interface":null}}
2025-08-15T22:12:56.845-0500	DEBUG	protocol/handler.go:1649	have all messages and processed	{"{round 20 3  <nil>}": {"Key":"self","Type":15,"Integer":0,"String":"c","Interface":null}}
2025-08-15T22:12:56.845-0500	DEBUG	protocol/handler.go:596	round already finalized
==================
WARNING: DATA RACE
Write at 0x00c000e5d18c by goroutine 82:
  ??()
      -:0 +0x100dfdfc0
  sync/atomic.CompareAndSwapInt32()
      <autogenerated>:1 +0x18
  internal/sync.(*HashTrieMap[go.shape.interface {},go.shape.interface {}]).initSlow()
      /opt/homebrew/Cellar/go/1.24.6/libexec/src/internal/sync/hashtriemap.go:38 +0x38
  internal/sync.(*HashTrieMap[go.shape.interface {},go.shape.interface {}]).init()
      /opt/homebrew/Cellar/go/1.24.6/libexec/src/internal/sync/hashtriemap.go:32 +0x44
  internal/sync.(*HashTrieMap[go.shape.interface {},go.shape.interface {}]).Swap()
      /opt/homebrew/Cellar/go/1.24.6/libexec/src/internal/sync/hashtriemap.go:206 +0x54
  internal/sync.(*HashTrieMap[go.shape.interface {},go.shape.interface {}]).Store()
      /opt/homebrew/Cellar/go/1.24.6/libexec/src/internal/sync/hashtriemap.go:200 +0x54
  sync.(*Map).Store()
      /opt/homebrew/Cellar/go/1.24.6/libexec/src/sync/hashtriemap.go:55 +0x54
  github.com/luxfi/threshold/protocols/cmp/keygen.(*round3).StoreBroadcastMessage()
      /Users/z/work/lux/threshold/protocols/cmp/keygen/round3.go:122 +0xb30
  github.com/luxfi/threshold/pkg/protocol.(*Handler).verifyBroadcastForRound()
      /Users/z/work/lux/threshold/pkg/protocol/handler.go:1277 +0x3a0
  github.com/luxfi/threshold/pkg/protocol.(*Handler).retryUnprocessedMessages()
      /Users/z/work/lux/threshold/pkg/protocol/handler.go:1483 +0x22c
  github.com/luxfi/threshold/pkg/protocol.(*Handler).tryAdvanceRound()
      /Users/z/work/lux/threshold/pkg/protocol/handler.go:587 +0x28c
  github.com/luxfi/threshold/pkg/protocol.(*Handler).roundProcessor()
      /Users/z/work/lux/threshold/pkg/protocol/handler.go:569 +0xb4
  github.com/luxfi/threshold/pkg/protocol.(*Handler).startWorkers.func1()
      /Users/z/work/lux/threshold/pkg/protocol/handler.go:374 +0x78

Previous read at 0x00c000e5d188 by goroutine 81:
  github.com/luxfi/threshold/protocols/cmp/keygen.(*round3).Number()
      <autogenerated>:1 +0x38
  github.com/luxfi/threshold/pkg/protocol.(*Handler).verifyBroadcast()
      /Users/z/work/lux/threshold/pkg/protocol/handler.go:1356 +0x74
  github.com/luxfi/threshold/pkg/protocol.(*Handler).processMessage()
      /Users/z/work/lux/threshold/pkg/protocol/handler.go:480 +0xb9c
  github.com/luxfi/threshold/pkg/protocol.(*Handler).messageWorker()
      /Users/z/work/lux/threshold/pkg/protocol/handler.go:408 +0x338
  github.com/luxfi/threshold/pkg/protocol.(*Handler).startWorkers.gowrap2()
      /Users/z/work/lux/threshold/pkg/protocol/handler.go:361 +0x44

Goroutine 82 (running) created at:
  github.com/luxfi/threshold/pkg/protocol.(*Handler).startWorkers()
      /Users/z/work/lux/threshold/pkg/protocol/handler.go:372 +0x4fc
  github.com/luxfi/threshold/pkg/protocol.NewHandler()
      /Users/z/work/lux/threshold/pkg/protocol/handler.go:247 +0xf10
  github.com/luxfi/threshold/internal/test.(*Harness).CreateHandler()
      /Users/z/work/lux/threshold/internal/test/harness.go:91 +0x2e4
  github.com/luxfi/threshold/internal/test.RunProtocol()
      /Users/z/work/lux/threshold/internal/test/harness.go:270 +0x230
  github.com/luxfi/threshold/protocols/cmp_test.TestCMPBasicKeygen()
      /Users/z/work/lux/threshold/protocols/cmp/cmp_basic_test.go:35 +0x29c
  testing.tRunner()
      /opt/homebrew/Cellar/go/1.24.6/libexec/src/testing/testing.go:1792 +0x180
  testing.(*T).Run.gowrap1()
      /opt/homebrew/Cellar/go/1.24.6/libexec/src/testing/testing.go:1851 +0x40

Goroutine 81 (running) created at:
  github.com/luxfi/threshold/pkg/protocol.(*Handler).startWorkers()
      /Users/z/work/lux/threshold/pkg/protocol/handler.go:361 +0x334
  github.com/luxfi/threshold/pkg/protocol.NewHandler()
      /Users/z/work/lux/threshold/pkg/protocol/handler.go:247 +0xf10
  github.com/luxfi/threshold/internal/test.(*Harness).CreateHandler()
      /Users/z/work/lux/threshold/internal/test/harness.go:91 +0x2e4
  github.com/luxfi/threshold/internal/test.RunProtocol()
      /Users/z/work/lux/threshold/internal/test/harness.go:270 +0x230
  github.com/luxfi/threshold/protocols/cmp_test.TestCMPBasicKeygen()
      /Users/z/work/lux/threshold/protocols/cmp/cmp_basic_test.go:35 +0x29c
  testing.tRunner()
      /opt/homebrew/Cellar/go/1.24.6/libexec/src/testing/testing.go:1792 +0x180
  testing.(*T).Run.gowrap1()
      /opt/homebrew/Cellar/go/1.24.6/libexec/src/testing/testing.go:1851 +0x40
==================
==================
WARNING: DATA RACE
Write at 0x00c000e5d198 by goroutine 82:
  ??()
      -:0 +0x100df9060
  sync/atomic.StorePointer()
      /opt/homebrew/Cellar/go/1.24.6/libexec/src/runtime/atomic_pointer.go:92 +0x38
  internal/sync.(*HashTrieMap[go.shape.interface {},go.shape.interface {}]).initSlow()
      /opt/homebrew/Cellar/go/1.24.6/libexec/src/internal/sync/hashtriemap.go:50 +0xb8
  internal/sync.(*HashTrieMap[go.shape.interface {},go.shape.interface {}]).init()
      /opt/homebrew/Cellar/go/1.24.6/libexec/src/internal/sync/hashtriemap.go:32 +0x44
  internal/sync.(*HashTrieMap[go.shape.interface {},go.shape.interface {}]).Swap()
      /opt/homebrew/Cellar/go/1.24.6/libexec/src/internal/sync/hashtriemap.go:206 +0x54
  internal/sync.(*HashTrieMap[go.shape.interface {},go.shape.interface {}]).Store()
      /opt/homebrew/Cellar/go/1.24.6/libexec/src/internal/sync/hashtriemap.go:200 +0x54
  sync.(*Map).Store()
      /opt/homebrew/Cellar/go/1.24.6/libexec/src/sync/hashtriemap.go:55 +0x54
  github.com/luxfi/threshold/protocols/cmp/keygen.(*round3).StoreBroadcastMessage()
      /Users/z/work/lux/threshold/protocols/cmp/keygen/round3.go:122 +0xb30
  github.com/luxfi/threshold/pkg/protocol.(*Handler).verifyBroadcastForRound()
      /Users/z/work/lux/threshold/pkg/protocol/handler.go:1277 +0x3a0
  github.com/luxfi/threshold/pkg/protocol.(*Handler).retryUnprocessedMessages()
      /Users/z/work/lux/threshold/pkg/protocol/handler.go:1483 +0x22c
  github.com/luxfi/threshold/pkg/protocol.(*Handler).tryAdvanceRound()
      /Users/z/work/lux/threshold/pkg/protocol/handler.go:587 +0x28c
  github.com/luxfi/threshold/pkg/protocol.(*Handler).roundProcessor()
      /Users/z/work/lux/threshold/pkg/protocol/handler.go:569 +0xb4
  github.com/luxfi/threshold/pkg/protocol.(*Handler).startWorkers.func1()
      /Users/z/work/lux/threshold/pkg/protocol/handler.go:374 +0x78

Previous read at 0x00c000e5d198 by goroutine 80:
  github.com/luxfi/threshold/protocols/cmp/keygen.(*round3).Number()
      <autogenerated>:1 +0x38
  github.com/luxfi/threshold/pkg/protocol.(*Handler).verifyBroadcast()
      /Users/z/work/lux/threshold/pkg/protocol/handler.go:1356 +0x74
  github.com/luxfi/threshold/pkg/protocol.(*Handler).processMessage()
      /Users/z/work/lux/threshold/pkg/protocol/handler.go:480 +0xb9c
  github.com/luxfi/threshold/pkg/protocol.(*Handler).messageWorker()
      /Users/z/work/lux/threshold/pkg/protocol/handler.go:408 +0x338
  github.com/luxfi/threshold/pkg/protocol.(*Handler).startWorkers.gowrap2()
      /Users/z/work/lux/threshold/pkg/protocol/handler.go:361 +0x44

Goroutine 82 (running) created at:
  github.com/luxfi/threshold/pkg/protocol.(*Handler).startWorkers()
      /Users/z/work/lux/threshold/pkg/protocol/handler.go:372 +0x4fc
  github.com/luxfi/threshold/pkg/protocol.NewHandler()
      /Users/z/work/lux/threshold/pkg/protocol/handler.go:247 +0xf10
  github.com/luxfi/threshold/internal/test.(*Harness).CreateHandler()
      /Users/z/work/lux/threshold/internal/test/harness.go:91 +0x2e4
  github.com/luxfi/threshold/internal/test.RunProtocol()
      /Users/z/work/lux/threshold/internal/test/harness.go:270 +0x230
  github.com/luxfi/threshold/protocols/cmp_test.TestCMPBasicKeygen()
      /Users/z/work/lux/threshold/protocols/cmp/cmp_basic_test.go:35 +0x29c
  testing.tRunner()
      /opt/homebrew/Cellar/go/1.24.6/libexec/src/testing/testing.go:1792 +0x180
  testing.(*T).Run.gowrap1()
      /opt/homebrew/Cellar/go/1.24.6/libexec/src/testing/testing.go:1851 +0x40

Goroutine 80 (running) created at:
  github.com/luxfi/threshold/pkg/protocol.(*Handler).startWorkers()
      /Users/z/work/lux/threshold/pkg/protocol/handler.go:361 +0x334
  github.com/luxfi/threshold/pkg/protocol.NewHandler()
      /Users/z/work/lux/threshold/pkg/protocol/handler.go:247 +0xf10
  github.com/luxfi/threshold/internal/test.(*Harness).CreateHandler()
      /Users/z/work/lux/threshold/internal/test/harness.go:91 +0x2e4
  github.com/luxfi/threshold/internal/test.RunProtocol()
      /Users/z/work/lux/threshold/internal/test/harness.go:270 +0x230
  github.com/luxfi/threshold/protocols/cmp_test.TestCMPBasicKeygen()
      /Users/z/work/lux/threshold/protocols/cmp/cmp_basic_test.go:35 +0x29c
  testing.tRunner()
      /opt/homebrew/Cellar/go/1.24.6/libexec/src/testing/testing.go:1792 +0x180
  testing.(*T).Run.gowrap1()
      /opt/homebrew/Cellar/go/1.24.6/libexec/src/testing/testing.go:1851 +0x40
==================
2025-08-15T22:12:56.846-0500	DEBUG	protocol/handler.go:581	tryAdvanceRound called	{"{current_round 20 3  <nil>}": {"Key":"self","Type":15,"Integer":0,"String":"b","Interface":null}}
2025-08-15T22:12:56.846-0500	DEBUG	protocol/handler.go:1591	have processed broadcast	{"{round 20 3  <nil>}": {"Key":"from","Type":15,"Integer":0,"String":"a","Interface":null}}
2025-08-15T22:12:56.846-0500	DEBUG	protocol/handler.go:1591	have processed broadcast	{"{round 20 3  <nil>}": {"Key":"from","Type":15,"Integer":0,"String":"c","Interface":null}}
2025-08-15T22:12:56.846-0500	DEBUG	protocol/handler.go:1649	have all messages and processed	{"{round 20 3  <nil>}": {"Key":"self","Type":15,"Integer":0,"String":"b","Interface":null}}
2025-08-15T22:12:56.846-0500	DEBUG	protocol/handler.go:581	tryAdvanceRound called	{"{current_round 20 3  <nil>}": {"Key":"self","Type":15,"Integer":0,"String":"a","Interface":null}}
2025-08-15T22:12:56.846-0500	DEBUG	protocol/handler.go:619	finalizing round
2025-08-15T22:12:56.846-0500	DEBUG	protocol/handler.go:1591	have processed broadcast	{"{round 20 3  <nil>}": {"Key":"from","Type":15,"Integer":0,"String":"b","Interface":null}}
2025-08-15T22:12:56.846-0500	DEBUG	protocol/handler.go:1591	have processed broadcast	{"{round 20 3  <nil>}": {"Key":"from","Type":15,"Integer":0,"String":"c","Interface":null}}
2025-08-15T22:12:56.846-0500	DEBUG	protocol/handler.go:1649	have all messages and processed	{"{round 20 3  <nil>}": {"Key":"self","Type":15,"Integer":0,"String":"a","Interface":null}}
2025-08-15T22:12:56.846-0500	DEBUG	protocol/handler.go:619	finalizing round
2025-08-15T22:12:56.850-0500	DEBUG	protocol/handler.go:1591	have processed broadcast	{"{round 20 3  <nil>}": {"Key":"from","Type":15,"Integer":0,"String":"a","Interface":null}}
2025-08-15T22:12:56.851-0500	DEBUG	protocol/handler.go:1591	have processed broadcast	{"{round 20 3  <nil>}": {"Key":"from","Type":15,"Integer":0,"String":"c","Interface":null}}
2025-08-15T22:12:56.851-0500	DEBUG	protocol/handler.go:1649	have all messages and processed	{"{round 20 3  <nil>}": {"Key":"self","Type":15,"Integer":0,"String":"b","Interface":null}}
2025-08-15T22:12:56.851-0500	DEBUG	protocol/handler.go:596	round already finalized
2025-08-15T22:12:56.851-0500	DEBUG	protocol/handler.go:581	tryAdvanceRound called	{"{current_round 20 3  <nil>}": {"Key":"self","Type":15,"Integer":0,"String":"b","Interface":null}}
2025-08-15T22:12:56.851-0500	DEBUG	protocol/handler.go:1591	have processed broadcast	{"{round 20 3  <nil>}": {"Key":"from","Type":15,"Integer":0,"String":"a","Interface":null}}
2025-08-15T22:12:56.851-0500	DEBUG	protocol/handler.go:1591	have processed broadcast	{"{round 20 3  <nil>}": {"Key":"from","Type":15,"Integer":0,"String":"c","Interface":null}}
2025-08-15T22:12:56.851-0500	DEBUG	protocol/handler.go:1649	have all messages and processed	{"{round 20 3  <nil>}": {"Key":"self","Type":15,"Integer":0,"String":"b","Interface":null}}
2025-08-15T22:12:56.851-0500	DEBUG	protocol/handler.go:596	round already finalized
2025-08-15T22:12:56.851-0500	DEBUG	protocol/handler.go:581	tryAdvanceRound called	{"{current_round 20 3  <nil>}": {"Key":"self","Type":15,"Integer":0,"String":"c","Interface":null}}
2025-08-15T22:12:56.851-0500	DEBUG	protocol/handler.go:1591	have processed broadcast	{"{round 20 3  <nil>}": {"Key":"from","Type":15,"Integer":0,"String":"a","Interface":null}}
2025-08-15T22:12:56.851-0500	DEBUG	protocol/handler.go:1591	have processed broadcast	{"{round 20 3  <nil>}": {"Key":"from","Type":15,"Integer":0,"String":"b","Interface":null}}
2025-08-15T22:12:56.851-0500	DEBUG	protocol/handler.go:1649	have all messages and processed	{"{round 20 3  <nil>}": {"Key":"self","Type":15,"Integer":0,"String":"c","Interface":null}}
2025-08-15T22:12:56.851-0500	DEBUG	protocol/handler.go:596	round already finalized
2025-08-15T22:12:56.851-0500	DEBUG	protocol/handler.go:1591	have processed broadcast	{"{round 20 3  <nil>}": {"Key":"from","Type":15,"Integer":0,"String":"b","Interface":null}}
2025-08-15T22:12:56.851-0500	DEBUG	protocol/handler.go:1591	have processed broadcast	{"{round 20 3  <nil>}": {"Key":"from","Type":15,"Integer":0,"String":"c","Interface":null}}
2025-08-15T22:12:56.851-0500	DEBUG	protocol/handler.go:1649	have all messages and processed	{"{round 20 3  <nil>}": {"Key":"self","Type":15,"Integer":0,"String":"a","Interface":null}}
2025-08-15T22:12:56.851-0500	DEBUG	protocol/handler.go:596	round already finalized
2025-08-15T22:12:56.852-0500	DEBUG	protocol/handler.go:581	tryAdvanceRound called	{"{current_round 20 3  <nil>}": {"Key":"self","Type":15,"Integer":0,"String":"a","Interface":null}}
2025-08-15T22:12:56.852-0500	DEBUG	protocol/handler.go:1591	have processed broadcast	{"{round 20 3  <nil>}": {"Key":"from","Type":15,"Integer":0,"String":"b","Interface":null}}
2025-08-15T22:12:56.852-0500	DEBUG	protocol/handler.go:1591	have processed broadcast	{"{round 20 3  <nil>}": {"Key":"from","Type":15,"Integer":0,"String":"c","Interface":null}}
2025-08-15T22:12:56.852-0500	DEBUG	protocol/handler.go:1649	have all messages and processed	{"{round 20 3  <nil>}": {"Key":"self","Type":15,"Integer":0,"String":"a","Interface":null}}
2025-08-15T22:12:56.852-0500	DEBUG	protocol/handler.go:596	round already finalized
2025-08-15T22:12:56.868-0500	DEBUG	protocol/handler.go:581	tryAdvanceRound called	{"{current_round 20 3  <nil>}": {"Key":"self","Type":15,"Integer":0,"String":"b","Interface":null}}
2025-08-15T22:12:56.868-0500	DEBUG	protocol/handler.go:1591	have processed broadcast	{"{round 20 3  <nil>}": {"Key":"from","Type":15,"Integer":0,"String":"a","Interface":null}}
2025-08-15T22:12:56.868-0500	DEBUG	protocol/handler.go:1591	have processed broadcast	{"{round 20 3  <nil>}": {"Key":"from","Type":15,"Integer":0,"String":"c","Interface":null}}
2025-08-15T22:12:56.869-0500	DEBUG	protocol/handler.go:1649	have all messages and processed	{"{round 20 3  <nil>}": {"Key":"self","Type":15,"Integer":0,"String":"b","Interface":null}}
2025-08-15T22:12:56.869-0500	DEBUG	protocol/handler.go:596	round already finalized
2025-08-15T22:12:56.869-0500	DEBUG	protocol/handler.go:581	tryAdvanceRound called	{"{current_round 20 3  <nil>}": {"Key":"self","Type":15,"Integer":0,"String":"a","Interface":null}}
2025-08-15T22:12:56.869-0500	DEBUG	protocol/handler.go:1591	have processed broadcast	{"{round 20 3  <nil>}": {"Key":"from","Type":15,"Integer":0,"String":"b","Interface":null}}
2025-08-15T22:12:56.869-0500	DEBUG	protocol/handler.go:1591	have processed broadcast	{"{round 20 3  <nil>}": {"Key":"from","Type":15,"Integer":0,"String":"c","Interface":null}}
2025-08-15T22:12:56.869-0500	DEBUG	protocol/handler.go:1649	have all messages and processed	{"{round 20 3  <nil>}": {"Key":"self","Type":15,"Integer":0,"String":"a","Interface":null}}
2025-08-15T22:12:56.869-0500	DEBUG	protocol/handler.go:596	round already finalized
2025-08-15T22:12:56.872-0500	DEBUG	protocol/handler.go:581	tryAdvanceRound called	{"{current_round 20 3  <nil>}": {"Key":"self","Type":15,"Integer":0,"String":"b","Interface":null}}
2025-08-15T22:12:56.872-0500	DEBUG	protocol/handler.go:1591	have processed broadcast	{"{round 20 3  <nil>}": {"Key":"from","Type":15,"Integer":0,"String":"a","Interface":null}}
2025-08-15T22:12:56.872-0500	DEBUG	protocol/handler.go:1591	have processed broadcast	{"{round 20 3  <nil>}": {"Key":"from","Type":15,"Integer":0,"String":"c","Interface":null}}
2025-08-15T22:12:56.872-0500	DEBUG	protocol/handler.go:1649	have all messages and processed	{"{round 20 3  <nil>}": {"Key":"self","Type":15,"Integer":0,"String":"b","Interface":null}}
2025-08-15T22:12:56.872-0500	DEBUG	protocol/handler.go:596	round already finalized
2025-08-15T22:12:56.905-0500	DEBUG	protocol/handler.go:581	tryAdvanceRound called	{"{current_round 20 3  <nil>}": {"Key":"self","Type":15,"Integer":0,"String":"a","Interface":null}}
2025-08-15T22:12:56.905-0500	DEBUG	protocol/handler.go:1591	have processed broadcast	{"{round 20 3  <nil>}": {"Key":"from","Type":15,"Integer":0,"String":"b","Interface":null}}
2025-08-15T22:12:56.905-0500	DEBUG	protocol/handler.go:1591	have processed broadcast	{"{round 20 3  <nil>}": {"Key":"from","Type":15,"Integer":0,"String":"c","Interface":null}}
2025-08-15T22:12:56.906-0500	DEBUG	protocol/handler.go:1649	have all messages and processed	{"{round 20 3  <nil>}": {"Key":"self","Type":15,"Integer":0,"String":"a","Interface":null}}
2025-08-15T22:12:56.906-0500	DEBUG	protocol/handler.go:596	round already finalized
2025-08-15T22:12:56.906-0500	DEBUG	protocol/handler.go:581	tryAdvanceRound called	{"{current_round 20 3  <nil>}": {"Key":"self","Type":15,"Integer":0,"String":"a","Interface":null}}
2025-08-15T22:12:56.906-0500	DEBUG	protocol/handler.go:1591	have processed broadcast	{"{round 20 3  <nil>}": {"Key":"from","Type":15,"Integer":0,"String":"b","Interface":null}}
2025-08-15T22:12:56.906-0500	DEBUG	protocol/handler.go:1591	have processed broadcast	{"{round 20 3  <nil>}": {"Key":"from","Type":15,"Integer":0,"String":"c","Interface":null}}
2025-08-15T22:12:56.906-0500	DEBUG	protocol/handler.go:1649	have all messages and processed	{"{round 20 3  <nil>}": {"Key":"self","Type":15,"Integer":0,"String":"a","Interface":null}}
2025-08-15T22:12:56.906-0500	DEBUG	protocol/handler.go:596	round already finalized
2025-08-15T22:12:56.920-0500	DEBUG	protocol/handler.go:581	tryAdvanceRound called	{"{current_round 20 3  <nil>}": {"Key":"self","Type":15,"Integer":0,"String":"a","Interface":null}}
2025-08-15T22:12:56.920-0500	DEBUG	protocol/handler.go:1591	have processed broadcast	{"{round 20 3  <nil>}": {"Key":"from","Type":15,"Integer":0,"String":"b","Interface":null}}
2025-08-15T22:12:56.920-0500	DEBUG	protocol/handler.go:1591	have processed broadcast	{"{round 20 3  <nil>}": {"Key":"from","Type":15,"Integer":0,"String":"c","Interface":null}}
2025-08-15T22:12:56.920-0500	DEBUG	protocol/handler.go:1649	have all messages and processed	{"{round 20 3  <nil>}": {"Key":"self","Type":15,"Integer":0,"String":"a","Interface":null}}
2025-08-15T22:12:56.920-0500	DEBUG	protocol/handler.go:596	round already finalized
2025-08-15T22:12:56.922-0500	DEBUG	protocol/handler.go:581	tryAdvanceRound called	{"{current_round 20 3  <nil>}": {"Key":"self","Type":15,"Integer":0,"String":"a","Interface":null}}
2025-08-15T22:12:56.922-0500	DEBUG	protocol/handler.go:1591	have processed broadcast	{"{round 20 3  <nil>}": {"Key":"from","Type":15,"Integer":0,"String":"b","Interface":null}}
2025-08-15T22:12:56.922-0500	DEBUG	protocol/handler.go:1591	have processed broadcast	{"{round 20 3  <nil>}": {"Key":"from","Type":15,"Integer":0,"String":"c","Interface":null}}
2025-08-15T22:12:56.922-0500	DEBUG	protocol/handler.go:1649	have all messages and processed	{"{round 20 3  <nil>}": {"Key":"self","Type":15,"Integer":0,"String":"a","Interface":null}}
2025-08-15T22:12:56.923-0500	DEBUG	protocol/handler.go:596	round already finalized
2025-08-15T22:12:56.945-0500	DEBUG	protocol/handler.go:581	tryAdvanceRound called	{"{current_round 20 3  <nil>}": {"Key":"self","Type":15,"Integer":0,"String":"a","Interface":null}}
2025-08-15T22:12:56.945-0500	DEBUG	protocol/handler.go:1591	have processed broadcast	{"{round 20 3  <nil>}": {"Key":"from","Type":15,"Integer":0,"String":"b","Interface":null}}
2025-08-15T22:12:56.945-0500	DEBUG	protocol/handler.go:581	tryAdvanceRound called	{"{current_round 20 3  <nil>}": {"Key":"self","Type":15,"Integer":0,"String":"b","Interface":null}}
2025-08-15T22:12:56.945-0500	DEBUG	protocol/handler.go:1591	have processed broadcast	{"{round 20 3  <nil>}": {"Key":"from","Type":15,"Integer":0,"String":"a","Interface":null}}
2025-08-15T22:12:56.945-0500	DEBUG	protocol/handler.go:1591	have processed broadcast	{"{round 20 3  <nil>}": {"Key":"from","Type":15,"Integer":0,"String":"c","Interface":null}}
2025-08-15T22:12:56.945-0500	DEBUG	protocol/handler.go:1649	have all messages and processed	{"{round 20 3  <nil>}": {"Key":"self","Type":15,"Integer":0,"String":"b","Interface":null}}
2025-08-15T22:12:56.945-0500	DEBUG	protocol/handler.go:596	round already finalized
2025-08-15T22:12:56.945-0500	DEBUG	protocol/handler.go:581	tryAdvanceRound called	{"{current_round 20 3  <nil>}": {"Key":"self","Type":15,"Integer":0,"String":"b","Interface":null}}
2025-08-15T22:12:56.945-0500	DEBUG	protocol/handler.go:1591	have processed broadcast	{"{round 20 3  <nil>}": {"Key":"from","Type":15,"Integer":0,"String":"a","Interface":null}}
2025-08-15T22:12:56.945-0500	DEBUG	protocol/handler.go:1591	have processed broadcast	{"{round 20 3  <nil>}": {"Key":"from","Type":15,"Integer":0,"String":"c","Interface":null}}
2025-08-15T22:12:56.946-0500	DEBUG	protocol/handler.go:1649	have all messages and processed	{"{round 20 3  <nil>}": {"Key":"self","Type":15,"Integer":0,"String":"b","Interface":null}}
2025-08-15T22:12:56.946-0500	DEBUG	protocol/handler.go:596	round already finalized
2025-08-15T22:12:56.945-0500	DEBUG	protocol/handler.go:1591	have processed broadcast	{"{round 20 3  <nil>}": {"Key":"from","Type":15,"Integer":0,"String":"c","Interface":null}}
2025-08-15T22:12:56.967-0500	DEBUG	protocol/handler.go:1649	have all messages and processed	{"{round 20 3  <nil>}": {"Key":"self","Type":15,"Integer":0,"String":"a","Interface":null}}
2025-08-15T22:12:56.967-0500	DEBUG	protocol/handler.go:596	round already finalized
2025-08-15T22:12:56.967-0500	DEBUG	protocol/handler.go:581	tryAdvanceRound called	{"{current_round 20 3  <nil>}": {"Key":"self","Type":15,"Integer":0,"String":"a","Interface":null}}
2025-08-15T22:12:56.967-0500	DEBUG	protocol/handler.go:1591	have processed broadcast	{"{round 20 3  <nil>}": {"Key":"from","Type":15,"Integer":0,"String":"b","Interface":null}}
2025-08-15T22:12:56.967-0500	DEBUG	protocol/handler.go:1591	have processed broadcast	{"{round 20 3  <nil>}": {"Key":"from","Type":15,"Integer":0,"String":"c","Interface":null}}
2025-08-15T22:12:56.967-0500	DEBUG	protocol/handler.go:1649	have all messages and processed	{"{round 20 3  <nil>}": {"Key":"self","Type":15,"Integer":0,"String":"a","Interface":null}}
2025-08-15T22:12:56.967-0500	DEBUG	protocol/handler.go:596	round already finalized
2025-08-15T22:12:57.014-0500	DEBUG	protocol/handler.go:581	tryAdvanceRound called	{"{current_round 20 3  <nil>}": {"Key":"self","Type":15,"Integer":0,"String":"a","Interface":null}}
2025-08-15T22:12:57.023-0500	DEBUG	protocol/handler.go:1591	have processed broadcast	{"{round 20 3  <nil>}": {"Key":"from","Type":15,"Integer":0,"String":"b","Interface":null}}
2025-08-15T22:12:57.128-0500	DEBUG	protocol/handler.go:1591	have processed broadcast	{"{round 20 3  <nil>}": {"Key":"from","Type":15,"Integer":0,"String":"c","Interface":null}}
2025-08-15T22:12:57.128-0500	DEBUG	protocol/handler.go:1649	have all messages and processed	{"{round 20 3  <nil>}": {"Key":"self","Type":15,"Integer":0,"String":"a","Interface":null}}
2025-08-15T22:12:57.128-0500	DEBUG	protocol/handler.go:596	round already finalized
2025-08-15T22:12:57.128-0500	DEBUG	protocol/handler.go:581	tryAdvanceRound called	{"{current_round 20 3  <nil>}": {"Key":"self","Type":15,"Integer":0,"String":"a","Interface":null}}
2025-08-15T22:12:57.129-0500	DEBUG	protocol/handler.go:1591	have processed broadcast	{"{round 20 3  <nil>}": {"Key":"from","Type":15,"Integer":0,"String":"b","Interface":null}}
2025-08-15T22:12:57.129-0500	DEBUG	protocol/handler.go:1591	have processed broadcast	{"{round 20 3  <nil>}": {"Key":"from","Type":15,"Integer":0,"String":"c","Interface":null}}
2025-08-15T22:12:57.129-0500	DEBUG	protocol/handler.go:1649	have all messages and processed	{"{round 20 3  <nil>}": {"Key":"self","Type":15,"Integer":0,"String":"a","Interface":null}}
2025-08-15T22:12:57.129-0500	DEBUG	protocol/handler.go:596	round already finalized
2025-08-15T22:12:57.015-0500	DEBUG	protocol/handler.go:581	tryAdvanceRound called	{"{current_round 20 3  <nil>}": {"Key":"self","Type":15,"Integer":0,"String":"b","Interface":null}}
2025-08-15T22:12:57.144-0500	DEBUG	protocol/handler.go:1591	have processed broadcast	{"{round 20 3  <nil>}": {"Key":"from","Type":15,"Integer":0,"String":"a","Interface":null}}
2025-08-15T22:12:57.144-0500	DEBUG	protocol/handler.go:1591	have processed broadcast	{"{round 20 3  <nil>}": {"Key":"from","Type":15,"Integer":0,"String":"c","Interface":null}}
2025-08-15T22:12:57.144-0500	DEBUG	protocol/handler.go:1649	have all messages and processed	{"{round 20 3  <nil>}": {"Key":"self","Type":15,"Integer":0,"String":"b","Interface":null}}
2025-08-15T22:12:57.150-0500	DEBUG	protocol/handler.go:596	round already finalized
2025-08-15T22:12:57.150-0500	DEBUG	protocol/handler.go:581	tryAdvanceRound called	{"{current_round 20 3  <nil>}": {"Key":"self","Type":15,"Integer":0,"String":"b","Interface":null}}
2025-08-15T22:12:57.150-0500	DEBUG	protocol/handler.go:1591	have processed broadcast	{"{round 20 3  <nil>}": {"Key":"from","Type":15,"Integer":0,"String":"a","Interface":null}}
2025-08-15T22:12:57.150-0500	DEBUG	protocol/handler.go:1591	have processed broadcast	{"{round 20 3  <nil>}": {"Key":"from","Type":15,"Integer":0,"String":"c","Interface":null}}
2025-08-15T22:12:57.150-0500	DEBUG	protocol/handler.go:1649	have all messages and processed	{"{round 20 3  <nil>}": {"Key":"self","Type":15,"Integer":0,"String":"b","Interface":null}}
2025-08-15T22:12:57.150-0500	DEBUG	protocol/handler.go:596	round already finalized
2025-08-15T22:12:57.144-0500	DEBUG	protocol/handler.go:581	tryAdvanceRound called	{"{current_round 20 3  <nil>}": {"Key":"self","Type":15,"Integer":0,"String":"a","Interface":null}}
2025-08-15T22:12:57.151-0500	DEBUG	protocol/handler.go:1591	have processed broadcast	{"{round 20 3  <nil>}": {"Key":"from","Type":15,"Integer":0,"String":"b","Interface":null}}
2025-08-15T22:12:57.214-0500	DEBUG	protocol/handler.go:1591	have processed broadcast	{"{round 20 3  <nil>}": {"Key":"from","Type":15,"Integer":0,"String":"c","Interface":null}}
2025-08-15T22:12:57.197-0500	DEBUG	protocol/handler.go:581	tryAdvanceRound called	{"{current_round 20 3  <nil>}": {"Key":"self","Type":15,"Integer":0,"String":"c","Interface":null}}
2025-08-15T22:12:57.214-0500	DEBUG	protocol/handler.go:1591	have processed broadcast	{"{round 20 3  <nil>}": {"Key":"from","Type":15,"Integer":0,"String":"a","Interface":null}}
2025-08-15T22:12:57.214-0500	DEBUG	protocol/handler.go:1591	have processed broadcast	{"{round 20 3  <nil>}": {"Key":"from","Type":15,"Integer":0,"String":"b","Interface":null}}
2025-08-15T22:12:57.209-0500	DEBUG	protocol/handler.go:581	tryAdvanceRound called	{"{current_round 20 3  <nil>}": {"Key":"self","Type":15,"Integer":0,"String":"b","Interface":null}}
2025-08-15T22:12:57.217-0500	DEBUG	protocol/handler.go:1591	have processed broadcast	{"{round 20 3  <nil>}": {"Key":"from","Type":15,"Integer":0,"String":"a","Interface":null}}
2025-08-15T22:12:57.217-0500	DEBUG	protocol/handler.go:1591	have processed broadcast	{"{round 20 3  <nil>}": {"Key":"from","Type":15,"Integer":0,"String":"c","Interface":null}}
2025-08-15T22:12:57.217-0500	DEBUG	protocol/handler.go:1649	have all messages and processed	{"{round 20 3  <nil>}": {"Key":"self","Type":15,"Integer":0,"String":"b","Interface":null}}
2025-08-15T22:12:57.217-0500	DEBUG	protocol/handler.go:596	round already finalized
2025-08-15T22:12:57.217-0500	DEBUG	protocol/handler.go:581	tryAdvanceRound called	{"{current_round 20 3  <nil>}": {"Key":"self","Type":15,"Integer":0,"String":"b","Interface":null}}
2025-08-15T22:12:57.217-0500	DEBUG	protocol/handler.go:1591	have processed broadcast	{"{round 20 3  <nil>}": {"Key":"from","Type":15,"Integer":0,"String":"a","Interface":null}}
2025-08-15T22:12:57.217-0500	DEBUG	protocol/handler.go:1591	have processed broadcast	{"{round 20 3  <nil>}": {"Key":"from","Type":15,"Integer":0,"String":"c","Interface":null}}
2025-08-15T22:12:57.217-0500	DEBUG	protocol/handler.go:1649	have all messages and processed	{"{round 20 3  <nil>}": {"Key":"self","Type":15,"Integer":0,"String":"b","Interface":null}}
2025-08-15T22:12:57.218-0500	DEBUG	protocol/handler.go:596	round already finalized
2025-08-15T22:12:57.214-0500	DEBUG	protocol/handler.go:1649	have all messages and processed	{"{round 20 3  <nil>}": {"Key":"self","Type":15,"Integer":0,"String":"a","Interface":null}}
2025-08-15T22:12:57.221-0500	DEBUG	protocol/handler.go:596	round already finalized
2025-08-15T22:12:57.221-0500	DEBUG	protocol/handler.go:581	tryAdvanceRound called	{"{current_round 20 3  <nil>}": {"Key":"self","Type":15,"Integer":0,"String":"b","Interface":null}}
2025-08-15T22:12:57.221-0500	DEBUG	protocol/handler.go:581	tryAdvanceRound called	{"{current_round 20 3  <nil>}": {"Key":"self","Type":15,"Integer":0,"String":"a","Interface":null}}
2025-08-15T22:12:57.214-0500	DEBUG	protocol/handler.go:1649	have all messages and processed	{"{round 20 3  <nil>}": {"Key":"self","Type":15,"Integer":0,"String":"c","Interface":null}}
2025-08-15T22:12:57.221-0500	DEBUG	protocol/handler.go:596	round already finalized
2025-08-15T22:12:57.221-0500	DEBUG	protocol/handler.go:581	tryAdvanceRound called	{"{current_round 20 3  <nil>}": {"Key":"self","Type":15,"Integer":0,"String":"c","Interface":null}}
2025-08-15T22:12:57.229-0500	DEBUG	protocol/handler.go:1591	have processed broadcast	{"{round 20 3  <nil>}": {"Key":"from","Type":15,"Integer":0,"String":"b","Interface":null}}
2025-08-15T22:12:57.229-0500	DEBUG	protocol/handler.go:1591	have processed broadcast	{"{round 20 3  <nil>}": {"Key":"from","Type":15,"Integer":0,"String":"c","Interface":null}}
2025-08-15T22:12:57.229-0500	DEBUG	protocol/handler.go:1649	have all messages and processed	{"{round 20 3  <nil>}": {"Key":"self","Type":15,"Integer":0,"String":"a","Interface":null}}
2025-08-15T22:12:57.229-0500	DEBUG	protocol/handler.go:596	round already finalized
2025-08-15T22:12:57.229-0500	DEBUG	protocol/handler.go:581	tryAdvanceRound called	{"{current_round 20 3  <nil>}": {"Key":"self","Type":15,"Integer":0,"String":"a","Interface":null}}
2025-08-15T22:12:57.229-0500	DEBUG	protocol/handler.go:1591	have processed broadcast	{"{round 20 3  <nil>}": {"Key":"from","Type":15,"Integer":0,"String":"b","Interface":null}}
2025-08-15T22:12:57.229-0500	DEBUG	protocol/handler.go:1591	have processed broadcast	{"{round 20 3  <nil>}": {"Key":"from","Type":15,"Integer":0,"String":"c","Interface":null}}
2025-08-15T22:12:57.229-0500	DEBUG	protocol/handler.go:1649	have all messages and processed	{"{round 20 3  <nil>}": {"Key":"self","Type":15,"Integer":0,"String":"a","Interface":null}}
2025-08-15T22:12:57.229-0500	DEBUG	protocol/handler.go:596	round already finalized
2025-08-15T22:12:57.221-0500	DEBUG	protocol/handler.go:1591	have processed broadcast	{"{round 20 3  <nil>}": {"Key":"from","Type":15,"Integer":0,"String":"a","Interface":null}}
2025-08-15T22:12:57.221-0500	DEBUG	protocol/handler.go:1591	have processed broadcast	{"{round 20 3  <nil>}": {"Key":"from","Type":15,"Integer":0,"String":"a","Interface":null}}
2025-08-15T22:12:57.230-0500	DEBUG	protocol/handler.go:1591	have processed broadcast	{"{round 20 3  <nil>}": {"Key":"from","Type":15,"Integer":0,"String":"b","Interface":null}}
2025-08-15T22:12:57.230-0500	DEBUG	protocol/handler.go:1649	have all messages and processed	{"{round 20 3  <nil>}": {"Key":"self","Type":15,"Integer":0,"String":"c","Interface":null}}
2025-08-15T22:12:57.281-0500	DEBUG	protocol/handler.go:596	round already finalized
2025-08-15T22:12:57.281-0500	DEBUG	protocol/handler.go:581	tryAdvanceRound called	{"{current_round 20 3  <nil>}": {"Key":"self","Type":15,"Integer":0,"String":"c","Interface":null}}
2025-08-15T22:12:57.281-0500	DEBUG	protocol/handler.go:1591	have processed broadcast	{"{round 20 3  <nil>}": {"Key":"from","Type":15,"Integer":0,"String":"a","Interface":null}}
2025-08-15T22:12:57.281-0500	DEBUG	protocol/handler.go:1591	have processed broadcast	{"{round 20 3  <nil>}": {"Key":"from","Type":15,"Integer":0,"String":"b","Interface":null}}
2025-08-15T22:12:57.234-0500	DEBUG	protocol/handler.go:1591	have processed broadcast	{"{round 20 3  <nil>}": {"Key":"from","Type":15,"Integer":0,"String":"c","Interface":null}}
2025-08-15T22:12:57.344-0500	DEBUG	protocol/handler.go:1649	have all messages and processed	{"{round 20 3  <nil>}": {"Key":"self","Type":15,"Integer":0,"String":"b","Interface":null}}
2025-08-15T22:12:57.344-0500	DEBUG	protocol/handler.go:596	round already finalized
2025-08-15T22:12:57.344-0500	DEBUG	protocol/handler.go:581	tryAdvanceRound called	{"{current_round 20 3  <nil>}": {"Key":"self","Type":15,"Integer":0,"String":"b","Interface":null}}
2025-08-15T22:12:57.344-0500	DEBUG	protocol/handler.go:1591	have processed broadcast	{"{round 20 3  <nil>}": {"Key":"from","Type":15,"Integer":0,"String":"a","Interface":null}}
2025-08-15T22:12:57.344-0500	DEBUG	protocol/handler.go:1591	have processed broadcast	{"{round 20 3  <nil>}": {"Key":"from","Type":15,"Integer":0,"String":"c","Interface":null}}
2025-08-15T22:12:57.344-0500	DEBUG	protocol/handler.go:1649	have all messages and processed	{"{round 20 3  <nil>}": {"Key":"self","Type":15,"Integer":0,"String":"b","Interface":null}}
2025-08-15T22:12:57.344-0500	DEBUG	protocol/handler.go:596	round already finalized
2025-08-15T22:12:57.253-0500	DEBUG	protocol/handler.go:581	tryAdvanceRound called	{"{current_round 20 3  <nil>}": {"Key":"self","Type":15,"Integer":0,"String":"a","Interface":null}}
2025-08-15T22:12:57.344-0500	DEBUG	protocol/handler.go:1591	have processed broadcast	{"{round 20 3  <nil>}": {"Key":"from","Type":15,"Integer":0,"String":"b","Interface":null}}
2025-08-15T22:12:57.345-0500	DEBUG	protocol/handler.go:1591	have processed broadcast	{"{round 20 3  <nil>}": {"Key":"from","Type":15,"Integer":0,"String":"c","Interface":null}}
2025-08-15T22:12:57.345-0500	DEBUG	protocol/handler.go:1649	have all messages and processed	{"{round 20 3  <nil>}": {"Key":"self","Type":15,"Integer":0,"String":"a","Interface":null}}
2025-08-15T22:12:57.345-0500	DEBUG	protocol/handler.go:596	round already finalized
2025-08-15T22:12:57.345-0500	DEBUG	protocol/handler.go:581	tryAdvanceRound called	{"{current_round 20 3  <nil>}": {"Key":"self","Type":15,"Integer":0,"String":"a","Interface":null}}
2025-08-15T22:12:57.345-0500	DEBUG	protocol/handler.go:1591	have processed broadcast	{"{round 20 3  <nil>}": {"Key":"from","Type":15,"Integer":0,"String":"b","Interface":null}}
2025-08-15T22:12:57.345-0500	DEBUG	protocol/handler.go:1591	have processed broadcast	{"{round 20 3  <nil>}": {"Key":"from","Type":15,"Integer":0,"String":"c","Interface":null}}
2025-08-15T22:12:57.354-0500	DEBUG	protocol/handler.go:1649	have all messages and processed	{"{round 20 3  <nil>}": {"Key":"self","Type":15,"Integer":0,"String":"a","Interface":null}}
2025-08-15T22:12:57.354-0500	DEBUG	protocol/handler.go:596	round already finalized
2025-08-15T22:12:57.358-0500	DEBUG	protocol/handler.go:581	tryAdvanceRound called	{"{current_round 20 3  <nil>}": {"Key":"self","Type":15,"Integer":0,"String":"a","Interface":null}}
2025-08-15T22:12:57.535-0500	DEBUG	protocol/handler.go:1591	have processed broadcast	{"{round 20 3  <nil>}": {"Key":"from","Type":15,"Integer":0,"String":"b","Interface":null}}
2025-08-15T22:12:57.536-0500	DEBUG	protocol/handler.go:1591	have processed broadcast	{"{round 20 3  <nil>}": {"Key":"from","Type":15,"Integer":0,"String":"c","Interface":null}}
2025-08-15T22:12:57.536-0500	DEBUG	protocol/handler.go:1649	have all messages and processed	{"{round 20 3  <nil>}": {"Key":"self","Type":15,"Integer":0,"String":"a","Interface":null}}
2025-08-15T22:12:57.536-0500	DEBUG	protocol/handler.go:596	round already finalized
2025-08-15T22:12:57.536-0500	DEBUG	protocol/handler.go:581	tryAdvanceRound called	{"{current_round 20 3  <nil>}": {"Key":"self","Type":15,"Integer":0,"String":"a","Interface":null}}
2025-08-15T22:12:57.536-0500	DEBUG	protocol/handler.go:1591	have processed broadcast	{"{round 20 3  <nil>}": {"Key":"from","Type":15,"Integer":0,"String":"b","Interface":null}}
2025-08-15T22:12:57.536-0500	DEBUG	protocol/handler.go:1591	have processed broadcast	{"{round 20 3  <nil>}": {"Key":"from","Type":15,"Integer":0,"String":"c","Interface":null}}
2025-08-15T22:12:57.536-0500	DEBUG	protocol/handler.go:1649	have all messages and processed	{"{round 20 3  <nil>}": {"Key":"self","Type":15,"Integer":0,"String":"a","Interface":null}}
2025-08-15T22:12:57.536-0500	DEBUG	protocol/handler.go:596	round already finalized
2025-08-15T22:12:57.449-0500	DEBUG	protocol/handler.go:581	tryAdvanceRound called	{"{current_round 20 3  <nil>}": {"Key":"self","Type":15,"Integer":0,"String":"b","Interface":null}}
2025-08-15T22:12:57.536-0500	DEBUG	protocol/handler.go:1591	have processed broadcast	{"{round 20 3  <nil>}": {"Key":"from","Type":15,"Integer":0,"String":"a","Interface":null}}
2025-08-15T22:12:57.537-0500	DEBUG	protocol/handler.go:1591	have processed broadcast	{"{round 20 3  <nil>}": {"Key":"from","Type":15,"Integer":0,"String":"c","Interface":null}}
2025-08-15T22:12:57.537-0500	DEBUG	protocol/handler.go:1649	have all messages and processed	{"{round 20 3  <nil>}": {"Key":"self","Type":15,"Integer":0,"String":"b","Interface":null}}
2025-08-15T22:12:57.537-0500	DEBUG	protocol/handler.go:596	round already finalized
2025-08-15T22:12:57.537-0500	DEBUG	protocol/handler.go:581	tryAdvanceRound called	{"{current_round 20 3  <nil>}": {"Key":"self","Type":15,"Integer":0,"String":"b","Interface":null}}
2025-08-15T22:12:57.537-0500	DEBUG	protocol/handler.go:1591	have processed broadcast	{"{round 20 3  <nil>}": {"Key":"from","Type":15,"Integer":0,"String":"a","Interface":null}}
2025-08-15T22:12:57.537-0500	DEBUG	protocol/handler.go:1591	have processed broadcast	{"{round 20 3  <nil>}": {"Key":"from","Type":15,"Integer":0,"String":"c","Interface":null}}
2025-08-15T22:12:57.537-0500	DEBUG	protocol/handler.go:1649	have all messages and processed	{"{round 20 3  <nil>}": {"Key":"self","Type":15,"Integer":0,"String":"b","Interface":null}}
2025-08-15T22:12:57.537-0500	DEBUG	protocol/handler.go:596	round already finalized
2025-08-15T22:12:57.466-0500	DEBUG	protocol/handler.go:1649	have all messages and processed	{"{round 20 3  <nil>}": {"Key":"self","Type":15,"Integer":0,"String":"c","Interface":null}}
2025-08-15T22:12:57.537-0500	DEBUG	protocol/handler.go:596	round already finalized
2025-08-15T22:12:57.537-0500	DEBUG	protocol/handler.go:581	tryAdvanceRound called	{"{current_round 20 3  <nil>}": {"Key":"self","Type":15,"Integer":0,"String":"c","Interface":null}}
2025-08-15T22:12:57.537-0500	DEBUG	protocol/handler.go:1591	have processed broadcast	{"{round 20 3  <nil>}": {"Key":"from","Type":15,"Integer":0,"String":"a","Interface":null}}
2025-08-15T22:12:57.537-0500	DEBUG	protocol/handler.go:1591	have processed broadcast	{"{round 20 3  <nil>}": {"Key":"from","Type":15,"Integer":0,"String":"b","Interface":null}}
2025-08-15T22:12:57.537-0500	DEBUG	protocol/handler.go:1649	have all messages and processed	{"{round 20 3  <nil>}": {"Key":"self","Type":15,"Integer":0,"String":"c","Interface":null}}
2025-08-15T22:12:57.537-0500	DEBUG	protocol/handler.go:596	round already finalized
2025-08-15T22:12:57.606-0500	DEBUG	protocol/handler.go:581	tryAdvanceRound called	{"{current_round 20 3  <nil>}": {"Key":"self","Type":15,"Integer":0,"String":"b","Interface":null}}
2025-08-15T22:12:57.607-0500	DEBUG	protocol/handler.go:1591	have processed broadcast	{"{round 20 3  <nil>}": {"Key":"from","Type":15,"Integer":0,"String":"a","Interface":null}}
2025-08-15T22:12:57.607-0500	DEBUG	protocol/handler.go:1591	have processed broadcast	{"{round 20 3  <nil>}": {"Key":"from","Type":15,"Integer":0,"String":"c","Interface":null}}
2025-08-15T22:12:57.607-0500	DEBUG	protocol/handler.go:1649	have all messages and processed	{"{round 20 3  <nil>}": {"Key":"self","Type":15,"Integer":0,"String":"b","Interface":null}}
2025-08-15T22:12:57.607-0500	DEBUG	protocol/handler.go:596	round already finalized
2025-08-15T22:12:57.607-0500	DEBUG	protocol/handler.go:581	tryAdvanceRound called	{"{current_round 20 3  <nil>}": {"Key":"self","Type":15,"Integer":0,"String":"b","Interface":null}}
2025-08-15T22:12:57.607-0500	DEBUG	protocol/handler.go:1591	have processed broadcast	{"{round 20 3  <nil>}": {"Key":"from","Type":15,"Integer":0,"String":"a","Interface":null}}
2025-08-15T22:12:57.607-0500	DEBUG	protocol/handler.go:1591	have processed broadcast	{"{round 20 3  <nil>}": {"Key":"from","Type":15,"Integer":0,"String":"c","Interface":null}}
2025-08-15T22:12:57.607-0500	DEBUG	protocol/handler.go:1649	have all messages and processed	{"{round 20 3  <nil>}": {"Key":"self","Type":15,"Integer":0,"String":"b","Interface":null}}
2025-08-15T22:12:57.607-0500	DEBUG	protocol/handler.go:596	round already finalized
2025-08-15T22:12:57.607-0500	DEBUG	protocol/handler.go:581	tryAdvanceRound called	{"{current_round 20 3  <nil>}": {"Key":"self","Type":15,"Integer":0,"String":"c","Interface":null}}
2025-08-15T22:12:57.607-0500	DEBUG	protocol/handler.go:1591	have processed broadcast	{"{round 20 3  <nil>}": {"Key":"from","Type":15,"Integer":0,"String":"a","Interface":null}}
2025-08-15T22:12:57.607-0500	DEBUG	protocol/handler.go:1591	have processed broadcast	{"{round 20 3  <nil>}": {"Key":"from","Type":15,"Integer":0,"String":"b","Interface":null}}
2025-08-15T22:12:57.607-0500	DEBUG	protocol/handler.go:1649	have all messages and processed	{"{round 20 3  <nil>}": {"Key":"self","Type":15,"Integer":0,"String":"c","Interface":null}}
2025-08-15T22:12:57.608-0500	DEBUG	protocol/handler.go:596	round already finalized
2025-08-15T22:12:57.608-0500	DEBUG	protocol/handler.go:581	tryAdvanceRound called	{"{current_round 20 3  <nil>}": {"Key":"self","Type":15,"Integer":0,"String":"c","Interface":null}}
2025-08-15T22:12:57.608-0500	DEBUG	protocol/handler.go:1591	have processed broadcast	{"{round 20 3  <nil>}": {"Key":"from","Type":15,"Integer":0,"String":"a","Interface":null}}
2025-08-15T22:12:57.608-0500	DEBUG	protocol/handler.go:1591	have processed broadcast	{"{round 20 3  <nil>}": {"Key":"from","Type":15,"Integer":0,"String":"b","Interface":null}}
2025-08-15T22:12:57.608-0500	DEBUG	protocol/handler.go:1649	have all messages and processed	{"{round 20 3  <nil>}": {"Key":"self","Type":15,"Integer":0,"String":"c","Interface":null}}
2025-08-15T22:12:57.608-0500	DEBUG	protocol/handler.go:596	round already finalized
2025-08-15T22:12:57.568-0500	DEBUG	protocol/handler.go:581	tryAdvanceRound called	{"{current_round 20 3  <nil>}": {"Key":"self","Type":15,"Integer":0,"String":"a","Interface":null}}
2025-08-15T22:12:57.640-0500	DEBUG	protocol/handler.go:1591	have processed broadcast	{"{round 20 3  <nil>}": {"Key":"from","Type":15,"Integer":0,"String":"b","Interface":null}}
2025-08-15T22:12:57.640-0500	DEBUG	protocol/handler.go:1591	have processed broadcast	{"{round 20 3  <nil>}": {"Key":"from","Type":15,"Integer":0,"String":"c","Interface":null}}
2025-08-15T22:12:57.640-0500	DEBUG	protocol/handler.go:1649	have all messages and processed	{"{round 20 3  <nil>}": {"Key":"self","Type":15,"Integer":0,"String":"a","Interface":null}}
2025-08-15T22:12:57.640-0500	DEBUG	protocol/handler.go:596	round already finalized
2025-08-15T22:12:57.640-0500	DEBUG	protocol/handler.go:581	tryAdvanceRound called	{"{current_round 20 3  <nil>}": {"Key":"self","Type":15,"Integer":0,"String":"a","Interface":null}}
2025-08-15T22:12:57.640-0500	DEBUG	protocol/handler.go:1591	have processed broadcast	{"{round 20 3  <nil>}": {"Key":"from","Type":15,"Integer":0,"String":"b","Interface":null}}
2025-08-15T22:12:57.640-0500	DEBUG	protocol/handler.go:1591	have processed broadcast	{"{round 20 3  <nil>}": {"Key":"from","Type":15,"Integer":0,"String":"c","Interface":null}}
2025-08-15T22:12:57.640-0500	DEBUG	protocol/handler.go:1649	have all messages and processed	{"{round 20 3  <nil>}": {"Key":"self","Type":15,"Integer":0,"String":"a","Interface":null}}
2025-08-15T22:12:57.640-0500	DEBUG	protocol/handler.go:596	round already finalized
2025-08-15T22:12:57.700-0500	DEBUG	protocol/handler.go:581	tryAdvanceRound called	{"{current_round 20 3  <nil>}": {"Key":"self","Type":15,"Integer":0,"String":"b","Interface":null}}
2025-08-15T22:12:57.701-0500	DEBUG	protocol/handler.go:1591	have processed broadcast	{"{round 20 3  <nil>}": {"Key":"from","Type":15,"Integer":0,"String":"a","Interface":null}}
2025-08-15T22:12:57.701-0500	DEBUG	protocol/handler.go:1591	have processed broadcast	{"{round 20 3  <nil>}": {"Key":"from","Type":15,"Integer":0,"String":"c","Interface":null}}
2025-08-15T22:12:57.701-0500	DEBUG	protocol/handler.go:1649	have all messages and processed	{"{round 20 3  <nil>}": {"Key":"self","Type":15,"Integer":0,"String":"b","Interface":null}}
2025-08-15T22:12:57.701-0500	DEBUG	protocol/handler.go:596	round already finalized
2025-08-15T22:12:57.701-0500	DEBUG	protocol/handler.go:581	tryAdvanceRound called	{"{current_round 20 3  <nil>}": {"Key":"self","Type":15,"Integer":0,"String":"b","Interface":null}}
2025-08-15T22:12:57.701-0500	DEBUG	protocol/handler.go:1591	have processed broadcast	{"{round 20 3  <nil>}": {"Key":"from","Type":15,"Integer":0,"String":"a","Interface":null}}
2025-08-15T22:12:57.702-0500	DEBUG	protocol/handler.go:1591	have processed broadcast	{"{round 20 3  <nil>}": {"Key":"from","Type":15,"Integer":0,"String":"c","Interface":null}}
2025-08-15T22:12:57.702-0500	DEBUG	protocol/handler.go:1649	have all messages and processed	{"{round 20 3  <nil>}": {"Key":"self","Type":15,"Integer":0,"String":"b","Interface":null}}
2025-08-15T22:12:57.702-0500	DEBUG	protocol/handler.go:596	round already finalized
2025-08-15T22:12:57.702-0500	DEBUG	protocol/handler.go:581	tryAdvanceRound called	{"{current_round 20 3  <nil>}": {"Key":"self","Type":15,"Integer":0,"String":"c","Interface":null}}
2025-08-15T22:12:57.702-0500	DEBUG	protocol/handler.go:1591	have processed broadcast	{"{round 20 3  <nil>}": {"Key":"from","Type":15,"Integer":0,"String":"a","Interface":null}}
2025-08-15T22:12:57.702-0500	DEBUG	protocol/handler.go:1591	have processed broadcast	{"{round 20 3  <nil>}": {"Key":"from","Type":15,"Integer":0,"String":"b","Interface":null}}
2025-08-15T22:12:57.702-0500	DEBUG	protocol/handler.go:1649	have all messages and processed	{"{round 20 3  <nil>}": {"Key":"self","Type":15,"Integer":0,"String":"c","Interface":null}}
2025-08-15T22:12:57.702-0500	DEBUG	protocol/handler.go:596	round already finalized
2025-08-15T22:12:57.702-0500	DEBUG	protocol/handler.go:581	tryAdvanceRound called	{"{current_round 20 3  <nil>}": {"Key":"self","Type":15,"Integer":0,"String":"c","Interface":null}}
2025-08-15T22:12:57.702-0500	DEBUG	protocol/handler.go:1591	have processed broadcast	{"{round 20 3  <nil>}": {"Key":"from","Type":15,"Integer":0,"String":"a","Interface":null}}
2025-08-15T22:12:57.702-0500	DEBUG	protocol/handler.go:1591	have processed broadcast	{"{round 20 3  <nil>}": {"Key":"from","Type":15,"Integer":0,"String":"b","Interface":null}}
2025-08-15T22:12:57.702-0500	DEBUG	protocol/handler.go:1649	have all messages and processed	{"{round 20 3  <nil>}": {"Key":"self","Type":15,"Integer":0,"String":"c","Interface":null}}
2025-08-15T22:12:57.702-0500	DEBUG	protocol/handler.go:596	round already finalized
2025-08-15T22:12:57.721-0500	DEBUG	protocol/handler.go:581	tryAdvanceRound called	{"{current_round 20 3  <nil>}": {"Key":"self","Type":15,"Integer":0,"String":"a","Interface":null}}
2025-08-15T22:12:57.721-0500	DEBUG	protocol/handler.go:1591	have processed broadcast	{"{round 20 3  <nil>}": {"Key":"from","Type":15,"Integer":0,"String":"b","Interface":null}}
2025-08-15T22:12:57.721-0500	DEBUG	protocol/handler.go:1591	have processed broadcast	{"{round 20 3  <nil>}": {"Key":"from","Type":15,"Integer":0,"String":"c","Interface":null}}
2025-08-15T22:12:57.721-0500	DEBUG	protocol/handler.go:1649	have all messages and processed	{"{round 20 3  <nil>}": {"Key":"self","Type":15,"Integer":0,"String":"a","Interface":null}}
2025-08-15T22:12:57.721-0500	DEBUG	protocol/handler.go:596	round already finalized
2025-08-15T22:12:57.721-0500	DEBUG	protocol/handler.go:581	tryAdvanceRound called	{"{current_round 20 3  <nil>}": {"Key":"self","Type":15,"Integer":0,"String":"a","Interface":null}}
2025-08-15T22:12:57.721-0500	DEBUG	protocol/handler.go:1591	have processed broadcast	{"{round 20 3  <nil>}": {"Key":"from","Type":15,"Integer":0,"String":"b","Interface":null}}
2025-08-15T22:12:57.721-0500	DEBUG	protocol/handler.go:1591	have processed broadcast	{"{round 20 3  <nil>}": {"Key":"from","Type":15,"Integer":0,"String":"c","Interface":null}}
2025-08-15T22:12:57.721-0500	DEBUG	protocol/handler.go:1649	have all messages and processed	{"{round 20 3  <nil>}": {"Key":"self","Type":15,"Integer":0,"String":"a","Interface":null}}
2025-08-15T22:12:57.721-0500	DEBUG	protocol/handler.go:596	round already finalized
2025-08-15T22:12:57.721-0500	DEBUG	protocol/handler.go:581	tryAdvanceRound called	{"{current_round 20 3  <nil>}": {"Key":"self","Type":15,"Integer":0,"String":"c","Interface":null}}
2025-08-15T22:12:57.721-0500	DEBUG	protocol/handler.go:1591	have processed broadcast	{"{round 20 3  <nil>}": {"Key":"from","Type":15,"Integer":0,"String":"a","Interface":null}}
2025-08-15T22:12:57.721-0500	DEBUG	protocol/handler.go:1591	have processed broadcast	{"{round 20 3  <nil>}": {"Key":"from","Type":15,"Integer":0,"String":"b","Interface":null}}
2025-08-15T22:12:57.721-0500	DEBUG	protocol/handler.go:1649	have all messages and processed	{"{round 20 3  <nil>}": {"Key":"self","Type":15,"Integer":0,"String":"c","Interface":null}}
2025-08-15T22:12:57.721-0500	DEBUG	protocol/handler.go:596	round already finalized
2025-08-15T22:12:57.755-0500	DEBUG	protocol/handler.go:581	tryAdvanceRound called	{"{current_round 20 3  <nil>}": {"Key":"self","Type":15,"Integer":0,"String":"b","Interface":null}}
2025-08-15T22:12:57.755-0500	DEBUG	protocol/handler.go:581	tryAdvanceRound called	{"{current_round 20 3  <nil>}": {"Key":"self","Type":15,"Integer":0,"String":"c","Interface":null}}
2025-08-15T22:12:57.756-0500	DEBUG	protocol/handler.go:1591	have processed broadcast	{"{round 20 3  <nil>}": {"Key":"from","Type":15,"Integer":0,"String":"a","Interface":null}}
2025-08-15T22:12:57.810-0500	DEBUG	protocol/handler.go:1591	have processed broadcast	{"{round 20 3  <nil>}": {"Key":"from","Type":15,"Integer":0,"String":"b","Interface":null}}
2025-08-15T22:12:57.813-0500	DEBUG	protocol/handler.go:1649	have all messages and processed	{"{round 20 3  <nil>}": {"Key":"self","Type":15,"Integer":0,"String":"c","Interface":null}}
2025-08-15T22:12:57.813-0500	DEBUG	protocol/handler.go:596	round already finalized
2025-08-15T22:12:57.813-0500	DEBUG	protocol/handler.go:581	tryAdvanceRound called	{"{current_round 20 3  <nil>}": {"Key":"self","Type":15,"Integer":0,"String":"c","Interface":null}}
2025-08-15T22:12:57.813-0500	DEBUG	protocol/handler.go:1591	have processed broadcast	{"{round 20 3  <nil>}": {"Key":"from","Type":15,"Integer":0,"String":"a","Interface":null}}
2025-08-15T22:12:57.813-0500	DEBUG	protocol/handler.go:1591	have processed broadcast	{"{round 20 3  <nil>}": {"Key":"from","Type":15,"Integer":0,"String":"b","Interface":null}}
2025-08-15T22:12:57.814-0500	DEBUG	protocol/handler.go:1649	have all messages and processed	{"{round 20 3  <nil>}": {"Key":"self","Type":15,"Integer":0,"String":"c","Interface":null}}
2025-08-15T22:12:57.814-0500	DEBUG	protocol/handler.go:596	round already finalized
2025-08-15T22:12:57.782-0500	DEBUG	protocol/handler.go:581	tryAdvanceRound called	{"{current_round 20 3  <nil>}": {"Key":"self","Type":15,"Integer":0,"String":"a","Interface":null}}
2025-08-15T22:12:57.814-0500	DEBUG	protocol/handler.go:1591	have processed broadcast	{"{round 20 3  <nil>}": {"Key":"from","Type":15,"Integer":0,"String":"b","Interface":null}}
2025-08-15T22:12:57.814-0500	DEBUG	protocol/handler.go:1591	have processed broadcast	{"{round 20 3  <nil>}": {"Key":"from","Type":15,"Integer":0,"String":"c","Interface":null}}
2025-08-15T22:12:57.814-0500	DEBUG	protocol/handler.go:1649	have all messages and processed	{"{round 20 3  <nil>}": {"Key":"self","Type":15,"Integer":0,"String":"a","Interface":null}}
2025-08-15T22:12:57.814-0500	DEBUG	protocol/handler.go:596	round already finalized
2025-08-15T22:12:57.814-0500	DEBUG	protocol/handler.go:581	tryAdvanceRound called	{"{current_round 20 3  <nil>}": {"Key":"self","Type":15,"Integer":0,"String":"a","Interface":null}}
2025-08-15T22:12:57.814-0500	DEBUG	protocol/handler.go:1591	have processed broadcast	{"{round 20 3  <nil>}": {"Key":"from","Type":15,"Integer":0,"String":"b","Interface":null}}
2025-08-15T22:12:57.814-0500	DEBUG	protocol/handler.go:1591	have processed broadcast	{"{round 20 3  <nil>}": {"Key":"from","Type":15,"Integer":0,"String":"c","Interface":null}}
2025-08-15T22:12:57.814-0500	DEBUG	protocol/handler.go:1649	have all messages and processed	{"{round 20 3  <nil>}": {"Key":"self","Type":15,"Integer":0,"String":"a","Interface":null}}
2025-08-15T22:12:57.814-0500	DEBUG	protocol/handler.go:596	round already finalized
2025-08-15T22:12:57.814-0500	DEBUG	protocol/handler.go:581	tryAdvanceRound called	{"{current_round 20 3  <nil>}": {"Key":"self","Type":15,"Integer":0,"String":"a","Interface":null}}
2025-08-15T22:12:57.814-0500	DEBUG	protocol/handler.go:1591	have processed broadcast	{"{round 20 3  <nil>}": {"Key":"from","Type":15,"Integer":0,"String":"b","Interface":null}}
2025-08-15T22:12:57.814-0500	DEBUG	protocol/handler.go:1591	have processed broadcast	{"{round 20 3  <nil>}": {"Key":"from","Type":15,"Integer":0,"String":"c","Interface":null}}
2025-08-15T22:12:57.814-0500	DEBUG	protocol/handler.go:1649	have all messages and processed	{"{round 20 3  <nil>}": {"Key":"self","Type":15,"Integer":0,"String":"a","Interface":null}}
2025-08-15T22:12:57.814-0500	DEBUG	protocol/handler.go:596	round already finalized
2025-08-15T22:12:57.755-0500	DEBUG	protocol/handler.go:1591	have processed broadcast	{"{round 20 3  <nil>}": {"Key":"from","Type":15,"Integer":0,"String":"a","Interface":null}}
2025-08-15T22:12:57.857-0500	DEBUG	protocol/handler.go:1591	have processed broadcast	{"{round 20 3  <nil>}": {"Key":"from","Type":15,"Integer":0,"String":"c","Interface":null}}
2025-08-15T22:12:57.857-0500	DEBUG	protocol/handler.go:1649	have all messages and processed	{"{round 20 3  <nil>}": {"Key":"self","Type":15,"Integer":0,"String":"b","Interface":null}}
2025-08-15T22:12:57.858-0500	DEBUG	protocol/handler.go:596	round already finalized
2025-08-15T22:12:57.858-0500	DEBUG	protocol/handler.go:581	tryAdvanceRound called	{"{current_round 20 3  <nil>}": {"Key":"self","Type":15,"Integer":0,"String":"b","Interface":null}}
2025-08-15T22:12:57.858-0500	DEBUG	protocol/handler.go:1591	have processed broadcast	{"{round 20 3  <nil>}": {"Key":"from","Type":15,"Integer":0,"String":"a","Interface":null}}
2025-08-15T22:12:57.858-0500	DEBUG	protocol/handler.go:1591	have processed broadcast	{"{round 20 3  <nil>}": {"Key":"from","Type":15,"Integer":0,"String":"c","Interface":null}}
2025-08-15T22:12:57.858-0500	DEBUG	protocol/handler.go:1649	have all messages and processed	{"{round 20 3  <nil>}": {"Key":"self","Type":15,"Integer":0,"String":"b","Interface":null}}
2025-08-15T22:12:57.858-0500	DEBUG	protocol/handler.go:596	round already finalized
2025-08-15T22:12:57.870-0500	DEBUG	protocol/handler.go:581	tryAdvanceRound called	{"{current_round 20 3  <nil>}": {"Key":"self","Type":15,"Integer":0,"String":"b","Interface":null}}
2025-08-15T22:12:57.870-0500	DEBUG	protocol/handler.go:581	tryAdvanceRound called	{"{current_round 20 3  <nil>}": {"Key":"self","Type":15,"Integer":0,"String":"a","Interface":null}}
2025-08-15T22:12:57.870-0500	DEBUG	protocol/handler.go:1591	have processed broadcast	{"{round 20 3  <nil>}": {"Key":"from","Type":15,"Integer":0,"String":"a","Interface":null}}
2025-08-15T22:12:57.870-0500	DEBUG	protocol/handler.go:1591	have processed broadcast	{"{round 20 3  <nil>}": {"Key":"from","Type":15,"Integer":0,"String":"b","Interface":null}}
2025-08-15T22:12:57.870-0500	DEBUG	protocol/handler.go:1591	have processed broadcast	{"{round 20 3  <nil>}": {"Key":"from","Type":15,"Integer":0,"String":"c","Interface":null}}
2025-08-15T22:12:57.870-0500	DEBUG	protocol/handler.go:1591	have processed broadcast	{"{round 20 3  <nil>}": {"Key":"from","Type":15,"Integer":0,"String":"c","Interface":null}}
2025-08-15T22:12:57.870-0500	DEBUG	protocol/handler.go:1649	have all messages and processed	{"{round 20 3  <nil>}": {"Key":"self","Type":15,"Integer":0,"String":"a","Interface":null}}
2025-08-15T22:12:57.870-0500	DEBUG	protocol/handler.go:596	round already finalized
2025-08-15T22:12:57.870-0500	DEBUG	protocol/handler.go:581	tryAdvanceRound called	{"{current_round 20 3  <nil>}": {"Key":"self","Type":15,"Integer":0,"String":"a","Interface":null}}
2025-08-15T22:12:57.870-0500	DEBUG	protocol/handler.go:1591	have processed broadcast	{"{round 20 3  <nil>}": {"Key":"from","Type":15,"Integer":0,"String":"b","Interface":null}}
2025-08-15T22:12:57.870-0500	DEBUG	protocol/handler.go:1591	have processed broadcast	{"{round 20 3  <nil>}": {"Key":"from","Type":15,"Integer":0,"String":"c","Interface":null}}
2025-08-15T22:12:57.870-0500	DEBUG	protocol/handler.go:1649	have all messages and processed	{"{round 20 3  <nil>}": {"Key":"self","Type":15,"Integer":0,"String":"a","Interface":null}}
2025-08-15T22:12:57.870-0500	DEBUG	protocol/handler.go:596	round already finalized
2025-08-15T22:12:57.870-0500	DEBUG	protocol/handler.go:1649	have all messages and processed	{"{round 20 3  <nil>}": {"Key":"self","Type":15,"Integer":0,"String":"b","Interface":null}}
2025-08-15T22:12:57.870-0500	DEBUG	protocol/handler.go:596	round already finalized
2025-08-15T22:12:57.870-0500	DEBUG	protocol/handler.go:581	tryAdvanceRound called	{"{current_round 20 3  <nil>}": {"Key":"self","Type":15,"Integer":0,"String":"b","Interface":null}}
2025-08-15T22:12:57.870-0500	DEBUG	protocol/handler.go:1591	have processed broadcast	{"{round 20 3  <nil>}": {"Key":"from","Type":15,"Integer":0,"String":"a","Interface":null}}
2025-08-15T22:12:57.870-0500	DEBUG	protocol/handler.go:1591	have processed broadcast	{"{round 20 3  <nil>}": {"Key":"from","Type":15,"Integer":0,"String":"c","Interface":null}}
2025-08-15T22:12:57.870-0500	DEBUG	protocol/handler.go:1649	have all messages and processed	{"{round 20 3  <nil>}": {"Key":"self","Type":15,"Integer":0,"String":"b","Interface":null}}
2025-08-15T22:12:57.870-0500	DEBUG	protocol/handler.go:596	round already finalized
2025-08-15T22:12:57.830-0500	DEBUG	protocol/handler.go:581	tryAdvanceRound called	{"{current_round 20 3  <nil>}": {"Key":"self","Type":15,"Integer":0,"String":"c","Interface":null}}
2025-08-15T22:12:57.892-0500	DEBUG	protocol/handler.go:1591	have processed broadcast	{"{round 20 3  <nil>}": {"Key":"from","Type":15,"Integer":0,"String":"a","Interface":null}}
2025-08-15T22:12:57.892-0500	DEBUG	protocol/handler.go:1591	have processed broadcast	{"{round 20 3  <nil>}": {"Key":"from","Type":15,"Integer":0,"String":"b","Interface":null}}
2025-08-15T22:12:57.892-0500	DEBUG	protocol/handler.go:1649	have all messages and processed	{"{round 20 3  <nil>}": {"Key":"self","Type":15,"Integer":0,"String":"c","Interface":null}}
2025-08-15T22:12:57.892-0500	DEBUG	protocol/handler.go:596	round already finalized
2025-08-15T22:12:57.892-0500	DEBUG	protocol/handler.go:581	tryAdvanceRound called	{"{current_round 20 3  <nil>}": {"Key":"self","Type":15,"Integer":0,"String":"c","Interface":null}}
2025-08-15T22:12:57.892-0500	DEBUG	protocol/handler.go:1591	have processed broadcast	{"{round 20 3  <nil>}": {"Key":"from","Type":15,"Integer":0,"String":"a","Interface":null}}
2025-08-15T22:12:57.892-0500	DEBUG	protocol/handler.go:1591	have processed broadcast	{"{round 20 3  <nil>}": {"Key":"from","Type":15,"Integer":0,"String":"b","Interface":null}}
2025-08-15T22:12:57.892-0500	DEBUG	protocol/handler.go:1649	have all messages and processed	{"{round 20 3  <nil>}": {"Key":"self","Type":15,"Integer":0,"String":"c","Interface":null}}
2025-08-15T22:12:57.892-0500	DEBUG	protocol/handler.go:596	round already finalized
2025-08-15T22:12:57.915-0500	DEBUG	protocol/handler.go:581	tryAdvanceRound called	{"{current_round 20 3  <nil>}": {"Key":"self","Type":15,"Integer":0,"String":"c","Interface":null}}
2025-08-15T22:12:57.915-0500	DEBUG	protocol/handler.go:1591	have processed broadcast	{"{round 20 3  <nil>}": {"Key":"from","Type":15,"Integer":0,"String":"a","Interface":null}}
2025-08-15T22:12:57.915-0500	DEBUG	protocol/handler.go:1591	have processed broadcast	{"{round 20 3  <nil>}": {"Key":"from","Type":15,"Integer":0,"String":"b","Interface":null}}
2025-08-15T22:12:57.915-0500	DEBUG	protocol/handler.go:1649	have all messages and processed	{"{round 20 3  <nil>}": {"Key":"self","Type":15,"Integer":0,"String":"c","Interface":null}}
2025-08-15T22:12:57.915-0500	DEBUG	protocol/handler.go:596	round already finalized
2025-08-15T22:12:57.984-0500	DEBUG	protocol/handler.go:581	tryAdvanceRound called	{"{current_round 20 3  <nil>}": {"Key":"self","Type":15,"Integer":0,"String":"b","Interface":null}}
2025-08-15T22:12:57.984-0500	DEBUG	protocol/handler.go:1591	have processed broadcast	{"{round 20 3  <nil>}": {"Key":"from","Type":15,"Integer":0,"String":"a","Interface":null}}
2025-08-15T22:12:57.998-0500	DEBUG	protocol/handler.go:1591	have processed broadcast	{"{round 20 3  <nil>}": {"Key":"from","Type":15,"Integer":0,"String":"c","Interface":null}}
2025-08-15T22:12:58.001-0500	DEBUG	protocol/handler.go:581	tryAdvanceRound called	{"{current_round 20 3  <nil>}": {"Key":"self","Type":15,"Integer":0,"String":"c","Interface":null}}
2025-08-15T22:12:58.010-0500	DEBUG	protocol/handler.go:1591	have processed broadcast	{"{round 20 3  <nil>}": {"Key":"from","Type":15,"Integer":0,"String":"a","Interface":null}}
2025-08-15T22:12:58.011-0500	DEBUG	protocol/handler.go:1591	have processed broadcast	{"{round 20 3  <nil>}": {"Key":"from","Type":15,"Integer":0,"String":"b","Interface":null}}
2025-08-15T22:12:58.011-0500	DEBUG	protocol/handler.go:1649	have all messages and processed	{"{round 20 3  <nil>}": {"Key":"self","Type":15,"Integer":0,"String":"c","Interface":null}}
2025-08-15T22:12:58.011-0500	DEBUG	protocol/handler.go:596	round already finalized
2025-08-15T22:12:58.011-0500	DEBUG	protocol/handler.go:581	tryAdvanceRound called	{"{current_round 20 3  <nil>}": {"Key":"self","Type":15,"Integer":0,"String":"c","Interface":null}}
2025-08-15T22:12:58.011-0500	DEBUG	protocol/handler.go:1591	have processed broadcast	{"{round 20 3  <nil>}": {"Key":"from","Type":15,"Integer":0,"String":"a","Interface":null}}
2025-08-15T22:12:58.019-0500	DEBUG	protocol/handler.go:1591	have processed broadcast	{"{round 20 3  <nil>}": {"Key":"from","Type":15,"Integer":0,"String":"b","Interface":null}}
2025-08-15T22:12:58.026-0500	DEBUG	protocol/handler.go:581	tryAdvanceRound called	{"{current_round 20 3  <nil>}": {"Key":"self","Type":15,"Integer":0,"String":"a","Interface":null}}
2025-08-15T22:12:58.026-0500	DEBUG	protocol/handler.go:1591	have processed broadcast	{"{round 20 3  <nil>}": {"Key":"from","Type":15,"Integer":0,"String":"b","Interface":null}}
2025-08-15T22:12:58.026-0500	DEBUG	protocol/handler.go:1591	have processed broadcast	{"{round 20 3  <nil>}": {"Key":"from","Type":15,"Integer":0,"String":"c","Interface":null}}
2025-08-15T22:12:58.026-0500	DEBUG	protocol/handler.go:1649	have all messages and processed	{"{round 20 3  <nil>}": {"Key":"self","Type":15,"Integer":0,"String":"a","Interface":null}}
2025-08-15T22:12:58.026-0500	DEBUG	protocol/handler.go:596	round already finalized
2025-08-15T22:12:58.026-0500	DEBUG	protocol/handler.go:581	tryAdvanceRound called	{"{current_round 20 3  <nil>}": {"Key":"self","Type":15,"Integer":0,"String":"a","Interface":null}}
2025-08-15T22:12:58.026-0500	DEBUG	protocol/handler.go:1591	have processed broadcast	{"{round 20 3  <nil>}": {"Key":"from","Type":15,"Integer":0,"String":"b","Interface":null}}
2025-08-15T22:12:58.026-0500	DEBUG	protocol/handler.go:1591	have processed broadcast	{"{round 20 3  <nil>}": {"Key":"from","Type":15,"Integer":0,"String":"c","Interface":null}}
2025-08-15T22:12:58.026-0500	DEBUG	protocol/handler.go:1649	have all messages and processed	{"{round 20 3  <nil>}": {"Key":"self","Type":15,"Integer":0,"String":"a","Interface":null}}
2025-08-15T22:12:58.026-0500	DEBUG	protocol/handler.go:596	round already finalized
2025-08-15T22:12:58.051-0500	DEBUG	protocol/handler.go:581	tryAdvanceRound called	{"{current_round 20 3  <nil>}": {"Key":"self","Type":15,"Integer":0,"String":"a","Interface":null}}
2025-08-15T22:12:58.001-0500	DEBUG	protocol/handler.go:1649	have all messages and processed	{"{round 20 3  <nil>}": {"Key":"self","Type":15,"Integer":0,"String":"b","Interface":null}}
2025-08-15T22:12:58.057-0500	DEBUG	protocol/handler.go:596	round already finalized
2025-08-15T22:12:58.058-0500	DEBUG	protocol/handler.go:581	tryAdvanceRound called	{"{current_round 20 3  <nil>}": {"Key":"self","Type":15,"Integer":0,"String":"b","Interface":null}}
2025-08-15T22:12:58.061-0500	DEBUG	protocol/handler.go:1591	have processed broadcast	{"{round 20 3  <nil>}": {"Key":"from","Type":15,"Integer":0,"String":"a","Interface":null}}
2025-08-15T22:12:58.061-0500	DEBUG	protocol/handler.go:1591	have processed broadcast	{"{round 20 3  <nil>}": {"Key":"from","Type":15,"Integer":0,"String":"c","Interface":null}}
2025-08-15T22:12:58.061-0500	DEBUG	protocol/handler.go:1649	have all messages and processed	{"{round 20 3  <nil>}": {"Key":"self","Type":15,"Integer":0,"String":"b","Interface":null}}
2025-08-15T22:12:58.061-0500	DEBUG	protocol/handler.go:596	round already finalized
2025-08-15T22:12:58.062-0500	DEBUG	protocol/handler.go:581	tryAdvanceRound called	{"{current_round 20 3  <nil>}": {"Key":"self","Type":15,"Integer":0,"String":"b","Interface":null}}
2025-08-15T22:12:58.062-0500	DEBUG	protocol/handler.go:1591	have processed broadcast	{"{round 20 3  <nil>}": {"Key":"from","Type":15,"Integer":0,"String":"a","Interface":null}}
2025-08-15T22:12:58.062-0500	DEBUG	protocol/handler.go:1591	have processed broadcast	{"{round 20 3  <nil>}": {"Key":"from","Type":15,"Integer":0,"String":"c","Interface":null}}
2025-08-15T22:12:58.062-0500	DEBUG	protocol/handler.go:1649	have all messages and processed	{"{round 20 3  <nil>}": {"Key":"self","Type":15,"Integer":0,"String":"b","Interface":null}}
2025-08-15T22:12:58.063-0500	DEBUG	protocol/handler.go:596	round already finalized
2025-08-15T22:12:58.150-0500	DEBUG	protocol/handler.go:581	tryAdvanceRound called	{"{current_round 20 3  <nil>}": {"Key":"self","Type":15,"Integer":0,"String":"b","Interface":null}}
2025-08-15T22:12:58.150-0500	DEBUG	protocol/handler.go:1591	have processed broadcast	{"{round 20 3  <nil>}": {"Key":"from","Type":15,"Integer":0,"String":"a","Interface":null}}
2025-08-15T22:12:58.150-0500	DEBUG	protocol/handler.go:1591	have processed broadcast	{"{round 20 3  <nil>}": {"Key":"from","Type":15,"Integer":0,"String":"c","Interface":null}}
2025-08-15T22:12:58.150-0500	DEBUG	protocol/handler.go:1649	have all messages and processed	{"{round 20 3  <nil>}": {"Key":"self","Type":15,"Integer":0,"String":"b","Interface":null}}
2025-08-15T22:12:58.150-0500	DEBUG	protocol/handler.go:596	round already finalized
2025-08-15T22:12:58.150-0500	DEBUG	protocol/handler.go:581	tryAdvanceRound called	{"{current_round 20 3  <nil>}": {"Key":"self","Type":15,"Integer":0,"String":"b","Interface":null}}
2025-08-15T22:12:58.150-0500	DEBUG	protocol/handler.go:1591	have processed broadcast	{"{round 20 3  <nil>}": {"Key":"from","Type":15,"Integer":0,"String":"a","Interface":null}}
2025-08-15T22:12:58.150-0500	DEBUG	protocol/handler.go:1591	have processed broadcast	{"{round 20 3  <nil>}": {"Key":"from","Type":15,"Integer":0,"String":"c","Interface":null}}
2025-08-15T22:12:58.150-0500	DEBUG	protocol/handler.go:1649	have all messages and processed	{"{round 20 3  <nil>}": {"Key":"self","Type":15,"Integer":0,"String":"b","Interface":null}}
2025-08-15T22:12:58.150-0500	DEBUG	protocol/handler.go:596	round already finalized
2025-08-15T22:12:58.172-0500	DEBUG	protocol/handler.go:581	tryAdvanceRound called	{"{current_round 20 3  <nil>}": {"Key":"self","Type":15,"Integer":0,"String":"b","Interface":null}}
2025-08-15T22:12:58.172-0500	DEBUG	protocol/handler.go:1591	have processed broadcast	{"{round 20 3  <nil>}": {"Key":"from","Type":15,"Integer":0,"String":"a","Interface":null}}
2025-08-15T22:12:58.172-0500	DEBUG	protocol/handler.go:1591	have processed broadcast	{"{round 20 3  <nil>}": {"Key":"from","Type":15,"Integer":0,"String":"c","Interface":null}}
2025-08-15T22:12:58.172-0500	DEBUG	protocol/handler.go:1649	have all messages and processed	{"{round 20 3  <nil>}": {"Key":"self","Type":15,"Integer":0,"String":"b","Interface":null}}
2025-08-15T22:12:58.172-0500	DEBUG	protocol/handler.go:596	round already finalized
2025-08-15T22:12:58.181-0500	DEBUG	protocol/handler.go:1649	have all messages and processed	{"{round 20 3  <nil>}": {"Key":"self","Type":15,"Integer":0,"String":"c","Interface":null}}
2025-08-15T22:12:58.181-0500	DEBUG	protocol/handler.go:596	round already finalized
2025-08-15T22:12:58.181-0500	DEBUG	protocol/handler.go:581	tryAdvanceRound called	{"{current_round 20 3  <nil>}": {"Key":"self","Type":15,"Integer":0,"String":"c","Interface":null}}
2025-08-15T22:12:58.181-0500	DEBUG	protocol/handler.go:1591	have processed broadcast	{"{round 20 3  <nil>}": {"Key":"from","Type":15,"Integer":0,"String":"a","Interface":null}}
2025-08-15T22:12:58.181-0500	DEBUG	protocol/handler.go:1591	have processed broadcast	{"{round 20 3  <nil>}": {"Key":"from","Type":15,"Integer":0,"String":"b","Interface":null}}
2025-08-15T22:12:58.181-0500	DEBUG	protocol/handler.go:1649	have all messages and processed	{"{round 20 3  <nil>}": {"Key":"self","Type":15,"Integer":0,"String":"c","Interface":null}}
2025-08-15T22:12:58.181-0500	DEBUG	protocol/handler.go:596	round already finalized
2025-08-15T22:12:58.256-0500	DEBUG	protocol/handler.go:581	tryAdvanceRound called	{"{current_round 20 3  <nil>}": {"Key":"self","Type":15,"Integer":0,"String":"c","Interface":null}}
2025-08-15T22:12:58.256-0500	DEBUG	protocol/handler.go:1591	have processed broadcast	{"{round 20 3  <nil>}": {"Key":"from","Type":15,"Integer":0,"String":"a","Interface":null}}
2025-08-15T22:12:58.256-0500	DEBUG	protocol/handler.go:1591	have processed broadcast	{"{round 20 3  <nil>}": {"Key":"from","Type":15,"Integer":0,"String":"b","Interface":null}}
2025-08-15T22:12:58.256-0500	DEBUG	protocol/handler.go:1649	have all messages and processed	{"{round 20 3  <nil>}": {"Key":"self","Type":15,"Integer":0,"String":"c","Interface":null}}
2025-08-15T22:12:58.256-0500	DEBUG	protocol/handler.go:596	round already finalized
2025-08-15T22:12:58.256-0500	DEBUG	protocol/handler.go:581	tryAdvanceRound called	{"{current_round 20 3  <nil>}": {"Key":"self","Type":15,"Integer":0,"String":"c","Interface":null}}
2025-08-15T22:12:58.256-0500	DEBUG	protocol/handler.go:1591	have processed broadcast	{"{round 20 3  <nil>}": {"Key":"from","Type":15,"Integer":0,"String":"a","Interface":null}}
2025-08-15T22:12:58.256-0500	DEBUG	protocol/handler.go:1591	have processed broadcast	{"{round 20 3  <nil>}": {"Key":"from","Type":15,"Integer":0,"String":"b","Interface":null}}
2025-08-15T22:12:58.256-0500	DEBUG	protocol/handler.go:1649	have all messages and processed	{"{round 20 3  <nil>}": {"Key":"self","Type":15,"Integer":0,"String":"c","Interface":null}}
2025-08-15T22:12:58.256-0500	DEBUG	protocol/handler.go:596	round already finalized
2025-08-15T22:12:58.285-0500	DEBUG	protocol/handler.go:581	tryAdvanceRound called	{"{current_round 20 3  <nil>}": {"Key":"self","Type":15,"Integer":0,"String":"b","Interface":null}}
2025-08-15T22:12:58.661-0500	DEBUG	protocol/handler.go:1591	have processed broadcast	{"{round 20 3  <nil>}": {"Key":"from","Type":15,"Integer":0,"String":"a","Interface":null}}
2025-08-15T22:12:58.661-0500	DEBUG	protocol/handler.go:1591	have processed broadcast	{"{round 20 3  <nil>}": {"Key":"from","Type":15,"Integer":0,"String":"c","Interface":null}}
2025-08-15T22:12:58.661-0500	DEBUG	protocol/handler.go:1649	have all messages and processed	{"{round 20 3  <nil>}": {"Key":"self","Type":15,"Integer":0,"String":"b","Interface":null}}
2025-08-15T22:12:58.661-0500	DEBUG	protocol/handler.go:596	round already finalized
2025-08-15T22:12:58.661-0500	DEBUG	protocol/handler.go:581	tryAdvanceRound called	{"{current_round 20 3  <nil>}": {"Key":"self","Type":15,"Integer":0,"String":"b","Interface":null}}
2025-08-15T22:12:58.661-0500	DEBUG	protocol/handler.go:1591	have processed broadcast	{"{round 20 3  <nil>}": {"Key":"from","Type":15,"Integer":0,"String":"a","Interface":null}}
2025-08-15T22:12:58.661-0500	DEBUG	protocol/handler.go:1591	have processed broadcast	{"{round 20 3  <nil>}": {"Key":"from","Type":15,"Integer":0,"String":"c","Interface":null}}
2025-08-15T22:12:58.661-0500	DEBUG	protocol/handler.go:1649	have all messages and processed	{"{round 20 3  <nil>}": {"Key":"self","Type":15,"Integer":0,"String":"b","Interface":null}}
2025-08-15T22:12:58.661-0500	DEBUG	protocol/handler.go:596	round already finalized
2025-08-15T22:12:58.500-0500	DEBUG	protocol/handler.go:1591	have processed broadcast	{"{round 20 3  <nil>}": {"Key":"from","Type":15,"Integer":0,"String":"b","Interface":null}}
2025-08-15T22:12:58.661-0500	DEBUG	protocol/handler.go:1591	have processed broadcast	{"{round 20 3  <nil>}": {"Key":"from","Type":15,"Integer":0,"String":"c","Interface":null}}
2025-08-15T22:12:58.662-0500	DEBUG	protocol/handler.go:1649	have all messages and processed	{"{round 20 3  <nil>}": {"Key":"self","Type":15,"Integer":0,"String":"a","Interface":null}}
2025-08-15T22:12:58.662-0500	DEBUG	protocol/handler.go:596	round already finalized
2025-08-15T22:12:58.662-0500	DEBUG	protocol/handler.go:581	tryAdvanceRound called	{"{current_round 20 3  <nil>}": {"Key":"self","Type":15,"Integer":0,"String":"a","Interface":null}}
2025-08-15T22:12:58.662-0500	DEBUG	protocol/handler.go:1591	have processed broadcast	{"{round 20 3  <nil>}": {"Key":"from","Type":15,"Integer":0,"String":"b","Interface":null}}
2025-08-15T22:12:58.662-0500	DEBUG	protocol/handler.go:1591	have processed broadcast	{"{round 20 3  <nil>}": {"Key":"from","Type":15,"Integer":0,"String":"c","Interface":null}}
2025-08-15T22:12:58.663-0500	DEBUG	protocol/handler.go:1649	have all messages and processed	{"{round 20 3  <nil>}": {"Key":"self","Type":15,"Integer":0,"String":"a","Interface":null}}
2025-08-15T22:12:58.663-0500	DEBUG	protocol/handler.go:596	round already finalized
2025-08-15T22:12:58.539-0500	DEBUG	protocol/handler.go:581	tryAdvanceRound called	{"{current_round 20 3  <nil>}": {"Key":"self","Type":15,"Integer":0,"String":"c","Interface":null}}
2025-08-15T22:12:58.663-0500	DEBUG	protocol/handler.go:1591	have processed broadcast	{"{round 20 3  <nil>}": {"Key":"from","Type":15,"Integer":0,"String":"a","Interface":null}}
2025-08-15T22:12:58.663-0500	DEBUG	protocol/handler.go:1591	have processed broadcast	{"{round 20 3  <nil>}": {"Key":"from","Type":15,"Integer":0,"String":"b","Interface":null}}
2025-08-15T22:12:58.663-0500	DEBUG	protocol/handler.go:1649	have all messages and processed	{"{round 20 3  <nil>}": {"Key":"self","Type":15,"Integer":0,"String":"c","Interface":null}}
2025-08-15T22:12:58.663-0500	DEBUG	protocol/handler.go:596	round already finalized
2025-08-15T22:12:58.666-0500	DEBUG	protocol/handler.go:581	tryAdvanceRound called	{"{current_round 20 3  <nil>}": {"Key":"self","Type":15,"Integer":0,"String":"c","Interface":null}}
2025-08-15T22:12:58.666-0500	DEBUG	protocol/handler.go:1591	have processed broadcast	{"{round 20 3  <nil>}": {"Key":"from","Type":15,"Integer":0,"String":"a","Interface":null}}
2025-08-15T22:12:58.666-0500	DEBUG	protocol/handler.go:1591	have processed broadcast	{"{round 20 3  <nil>}": {"Key":"from","Type":15,"Integer":0,"String":"b","Interface":null}}
2025-08-15T22:12:58.667-0500	DEBUG	protocol/handler.go:1649	have all messages and processed	{"{round 20 3  <nil>}": {"Key":"self","Type":15,"Integer":0,"String":"c","Interface":null}}
2025-08-15T22:12:58.667-0500	DEBUG	protocol/handler.go:596	round already finalized
2025-08-15T22:12:58.667-0500	DEBUG	protocol/handler.go:581	tryAdvanceRound called	{"{current_round 20 3  <nil>}": {"Key":"self","Type":15,"Integer":0,"String":"a","Interface":null}}
2025-08-15T22:12:58.667-0500	DEBUG	protocol/handler.go:1591	have processed broadcast	{"{round 20 3  <nil>}": {"Key":"from","Type":15,"Integer":0,"String":"b","Interface":null}}
2025-08-15T22:12:58.667-0500	DEBUG	protocol/handler.go:1591	have processed broadcast	{"{round 20 3  <nil>}": {"Key":"from","Type":15,"Integer":0,"String":"c","Interface":null}}
2025-08-15T22:12:58.667-0500	DEBUG	protocol/handler.go:1649	have all messages and processed	{"{round 20 3  <nil>}": {"Key":"self","Type":15,"Integer":0,"String":"a","Interface":null}}
2025-08-15T22:12:58.667-0500	DEBUG	protocol/handler.go:596	round already finalized
2025-08-15T22:12:58.696-0500	DEBUG	protocol/handler.go:581	tryAdvanceRound called	{"{current_round 20 3  <nil>}": {"Key":"self","Type":15,"Integer":0,"String":"b","Interface":null}}
2025-08-15T22:12:58.696-0500	DEBUG	protocol/handler.go:1591	have processed broadcast	{"{round 20 3  <nil>}": {"Key":"from","Type":15,"Integer":0,"String":"a","Interface":null}}
2025-08-15T22:12:58.696-0500	DEBUG	protocol/handler.go:1591	have processed broadcast	{"{round 20 3  <nil>}": {"Key":"from","Type":15,"Integer":0,"String":"c","Interface":null}}
2025-08-15T22:12:58.696-0500	DEBUG	protocol/handler.go:1649	have all messages and processed	{"{round 20 3  <nil>}": {"Key":"self","Type":15,"Integer":0,"String":"b","Interface":null}}
2025-08-15T22:12:58.696-0500	DEBUG	protocol/handler.go:596	round already finalized
2025-08-15T22:12:58.696-0500	DEBUG	protocol/handler.go:581	tryAdvanceRound called	{"{current_round 20 3  <nil>}": {"Key":"self","Type":15,"Integer":0,"String":"c","Interface":null}}
2025-08-15T22:12:58.696-0500	DEBUG	protocol/handler.go:1591	have processed broadcast	{"{round 20 3  <nil>}": {"Key":"from","Type":15,"Integer":0,"String":"a","Interface":null}}
2025-08-15T22:12:58.696-0500	DEBUG	protocol/handler.go:1591	have processed broadcast	{"{round 20 3  <nil>}": {"Key":"from","Type":15,"Integer":0,"String":"b","Interface":null}}
2025-08-15T22:12:58.696-0500	DEBUG	protocol/handler.go:1649	have all messages and processed	{"{round 20 3  <nil>}": {"Key":"self","Type":15,"Integer":0,"String":"c","Interface":null}}
2025-08-15T22:12:58.697-0500	DEBUG	protocol/handler.go:596	round already finalized
2025-08-15T22:12:58.697-0500	DEBUG	protocol/handler.go:581	tryAdvanceRound called	{"{current_round 20 3  <nil>}": {"Key":"self","Type":15,"Integer":0,"String":"a","Interface":null}}
2025-08-15T22:12:58.697-0500	DEBUG	protocol/handler.go:1591	have processed broadcast	{"{round 20 3  <nil>}": {"Key":"from","Type":15,"Integer":0,"String":"b","Interface":null}}
2025-08-15T22:12:58.697-0500	DEBUG	protocol/handler.go:1591	have processed broadcast	{"{round 20 3  <nil>}": {"Key":"from","Type":15,"Integer":0,"String":"c","Interface":null}}
2025-08-15T22:12:58.697-0500	DEBUG	protocol/handler.go:1649	have all messages and processed	{"{round 20 3  <nil>}": {"Key":"self","Type":15,"Integer":0,"String":"a","Interface":null}}
2025-08-15T22:12:58.697-0500	DEBUG	protocol/handler.go:596	round already finalized
2025-08-15T22:12:58.795-0500	DEBUG	protocol/handler.go:581	tryAdvanceRound called	{"{current_round 20 3  <nil>}": {"Key":"self","Type":15,"Integer":0,"String":"b","Interface":null}}
2025-08-15T22:12:58.796-0500	DEBUG	protocol/handler.go:1591	have processed broadcast	{"{round 20 3  <nil>}": {"Key":"from","Type":15,"Integer":0,"String":"a","Interface":null}}
2025-08-15T22:12:58.796-0500	DEBUG	protocol/handler.go:1591	have processed broadcast	{"{round 20 3  <nil>}": {"Key":"from","Type":15,"Integer":0,"String":"c","Interface":null}}
2025-08-15T22:12:58.796-0500	DEBUG	protocol/handler.go:1649	have all messages and processed	{"{round 20 3  <nil>}": {"Key":"self","Type":15,"Integer":0,"String":"b","Interface":null}}
2025-08-15T22:12:58.796-0500	DEBUG	protocol/handler.go:596	round already finalized
2025-08-15T22:12:58.796-0500	DEBUG	protocol/handler.go:581	tryAdvanceRound called	{"{current_round 20 3  <nil>}": {"Key":"self","Type":15,"Integer":0,"String":"b","Interface":null}}
2025-08-15T22:12:58.796-0500	DEBUG	protocol/handler.go:1591	have processed broadcast	{"{round 20 3  <nil>}": {"Key":"from","Type":15,"Integer":0,"String":"a","Interface":null}}
2025-08-15T22:12:58.796-0500	DEBUG	protocol/handler.go:1591	have processed broadcast	{"{round 20 3  <nil>}": {"Key":"from","Type":15,"Integer":0,"String":"c","Interface":null}}
2025-08-15T22:12:58.796-0500	DEBUG	protocol/handler.go:1649	have all messages and processed	{"{round 20 3  <nil>}": {"Key":"self","Type":15,"Integer":0,"String":"b","Interface":null}}
2025-08-15T22:12:58.796-0500	DEBUG	protocol/handler.go:596	round already finalized
2025-08-15T22:12:58.796-0500	DEBUG	protocol/handler.go:581	tryAdvanceRound called	{"{current_round 20 3  <nil>}": {"Key":"self","Type":15,"Integer":0,"String":"c","Interface":null}}
2025-08-15T22:12:58.796-0500	DEBUG	protocol/handler.go:1591	have processed broadcast	{"{round 20 3  <nil>}": {"Key":"from","Type":15,"Integer":0,"String":"a","Interface":null}}
2025-08-15T22:12:58.796-0500	DEBUG	protocol/handler.go:1591	have processed broadcast	{"{round 20 3  <nil>}": {"Key":"from","Type":15,"Integer":0,"String":"b","Interface":null}}
2025-08-15T22:12:58.796-0500	DEBUG	protocol/handler.go:1649	have all messages and processed	{"{round 20 3  <nil>}": {"Key":"self","Type":15,"Integer":0,"String":"c","Interface":null}}
2025-08-15T22:12:58.797-0500	DEBUG	protocol/handler.go:596	round already finalized
2025-08-15T22:12:58.797-0500	DEBUG	protocol/handler.go:581	tryAdvanceRound called	{"{current_round 20 3  <nil>}": {"Key":"self","Type":15,"Integer":0,"String":"c","Interface":null}}
2025-08-15T22:12:58.797-0500	DEBUG	protocol/handler.go:1591	have processed broadcast	{"{round 20 3  <nil>}": {"Key":"from","Type":15,"Integer":0,"String":"a","Interface":null}}
2025-08-15T22:12:58.797-0500	DEBUG	protocol/handler.go:1591	have processed broadcast	{"{round 20 3  <nil>}": {"Key":"from","Type":15,"Integer":0,"String":"b","Interface":null}}
2025-08-15T22:12:58.797-0500	DEBUG	protocol/handler.go:1649	have all messages and processed	{"{round 20 3  <nil>}": {"Key":"self","Type":15,"Integer":0,"String":"c","Interface":null}}
2025-08-15T22:12:58.797-0500	DEBUG	protocol/handler.go:596	round already finalized
2025-08-15T22:12:58.813-0500	DEBUG	protocol/handler.go:581	tryAdvanceRound called	{"{current_round 20 3  <nil>}": {"Key":"self","Type":15,"Integer":0,"String":"b","Interface":null}}
2025-08-15T22:12:58.814-0500	DEBUG	protocol/handler.go:1591	have processed broadcast	{"{round 20 3  <nil>}": {"Key":"from","Type":15,"Integer":0,"String":"a","Interface":null}}
2025-08-15T22:12:58.814-0500	DEBUG	protocol/handler.go:1591	have processed broadcast	{"{round 20 3  <nil>}": {"Key":"from","Type":15,"Integer":0,"String":"c","Interface":null}}
2025-08-15T22:12:58.814-0500	DEBUG	protocol/handler.go:1649	have all messages and processed	{"{round 20 3  <nil>}": {"Key":"self","Type":15,"Integer":0,"String":"b","Interface":null}}
2025-08-15T22:12:58.814-0500	DEBUG	protocol/handler.go:596	round already finalized
2025-08-15T22:12:58.825-0500	DEBUG	protocol/handler.go:581	tryAdvanceRound called	{"{current_round 20 3  <nil>}": {"Key":"self","Type":15,"Integer":0,"String":"a","Interface":null}}
2025-08-15T22:12:58.825-0500	DEBUG	protocol/handler.go:1591	have processed broadcast	{"{round 20 3  <nil>}": {"Key":"from","Type":15,"Integer":0,"String":"b","Interface":null}}
2025-08-15T22:12:58.825-0500	DEBUG	protocol/handler.go:1591	have processed broadcast	{"{round 20 3  <nil>}": {"Key":"from","Type":15,"Integer":0,"String":"c","Interface":null}}
2025-08-15T22:12:58.825-0500	DEBUG	protocol/handler.go:1649	have all messages and processed	{"{round 20 3  <nil>}": {"Key":"self","Type":15,"Integer":0,"String":"a","Interface":null}}
2025-08-15T22:12:58.825-0500	DEBUG	protocol/handler.go:596	round already finalized
2025-08-15T22:12:58.825-0500	DEBUG	protocol/handler.go:581	tryAdvanceRound called	{"{current_round 20 3  <nil>}": {"Key":"self","Type":15,"Integer":0,"String":"a","Interface":null}}
2025-08-15T22:12:58.825-0500	DEBUG	protocol/handler.go:1591	have processed broadcast	{"{round 20 3  <nil>}": {"Key":"from","Type":15,"Integer":0,"String":"b","Interface":null}}
2025-08-15T22:12:58.825-0500	DEBUG	protocol/handler.go:1591	have processed broadcast	{"{round 20 3  <nil>}": {"Key":"from","Type":15,"Integer":0,"String":"c","Interface":null}}
2025-08-15T22:12:58.825-0500	DEBUG	protocol/handler.go:1649	have all messages and processed	{"{round 20 3  <nil>}": {"Key":"self","Type":15,"Integer":0,"String":"a","Interface":null}}
2025-08-15T22:12:58.825-0500	DEBUG	protocol/handler.go:596	round already finalized
2025-08-15T22:12:58.844-0500	DEBUG	protocol/handler.go:581	tryAdvanceRound called	{"{current_round 20 3  <nil>}": {"Key":"self","Type":15,"Integer":0,"String":"b","Interface":null}}
2025-08-15T22:12:58.905-0500	DEBUG	protocol/handler.go:1591	have processed broadcast	{"{round 20 3  <nil>}": {"Key":"from","Type":15,"Integer":0,"String":"a","Interface":null}}
2025-08-15T22:12:58.905-0500	DEBUG	protocol/handler.go:1591	have processed broadcast	{"{round 20 3  <nil>}": {"Key":"from","Type":15,"Integer":0,"String":"c","Interface":null}}
2025-08-15T22:12:58.905-0500	DEBUG	protocol/handler.go:1649	have all messages and processed	{"{round 20 3  <nil>}": {"Key":"self","Type":15,"Integer":0,"String":"b","Interface":null}}
2025-08-15T22:12:58.905-0500	DEBUG	protocol/handler.go:596	round already finalized
2025-08-15T22:12:58.905-0500	DEBUG	protocol/handler.go:581	tryAdvanceRound called	{"{current_round 20 3  <nil>}": {"Key":"self","Type":15,"Integer":0,"String":"b","Interface":null}}
2025-08-15T22:12:58.906-0500	DEBUG	protocol/handler.go:1591	have processed broadcast	{"{round 20 3  <nil>}": {"Key":"from","Type":15,"Integer":0,"String":"a","Interface":null}}
2025-08-15T22:12:58.906-0500	DEBUG	protocol/handler.go:1591	have processed broadcast	{"{round 20 3  <nil>}": {"Key":"from","Type":15,"Integer":0,"String":"c","Interface":null}}
2025-08-15T22:12:58.906-0500	DEBUG	protocol/handler.go:1649	have all messages and processed	{"{round 20 3  <nil>}": {"Key":"self","Type":15,"Integer":0,"String":"b","Interface":null}}
2025-08-15T22:12:58.906-0500	DEBUG	protocol/handler.go:596	round already finalized
2025-08-15T22:12:58.850-0500	DEBUG	protocol/handler.go:581	tryAdvanceRound called	{"{current_round 20 3  <nil>}": {"Key":"self","Type":15,"Integer":0,"String":"c","Interface":null}}
2025-08-15T22:12:58.906-0500	DEBUG	protocol/handler.go:1591	have processed broadcast	{"{round 20 3  <nil>}": {"Key":"from","Type":15,"Integer":0,"String":"a","Interface":null}}
2025-08-15T22:12:58.906-0500	DEBUG	protocol/handler.go:1591	have processed broadcast	{"{round 20 3  <nil>}": {"Key":"from","Type":15,"Integer":0,"String":"b","Interface":null}}
2025-08-15T22:12:58.906-0500	DEBUG	protocol/handler.go:1649	have all messages and processed	{"{round 20 3  <nil>}": {"Key":"self","Type":15,"Integer":0,"String":"c","Interface":null}}
2025-08-15T22:12:58.906-0500	DEBUG	protocol/handler.go:596	round already finalized
2025-08-15T22:12:58.906-0500	DEBUG	protocol/handler.go:581	tryAdvanceRound called	{"{current_round 20 3  <nil>}": {"Key":"self","Type":15,"Integer":0,"String":"c","Interface":null}}
2025-08-15T22:12:58.906-0500	DEBUG	protocol/handler.go:1591	have processed broadcast	{"{round 20 3  <nil>}": {"Key":"from","Type":15,"Integer":0,"String":"a","Interface":null}}
2025-08-15T22:12:58.906-0500	DEBUG	protocol/handler.go:1591	have processed broadcast	{"{round 20 3  <nil>}": {"Key":"from","Type":15,"Integer":0,"String":"b","Interface":null}}
2025-08-15T22:12:58.906-0500	DEBUG	protocol/handler.go:1649	have all messages and processed	{"{round 20 3  <nil>}": {"Key":"self","Type":15,"Integer":0,"String":"c","Interface":null}}
2025-08-15T22:12:58.906-0500	DEBUG	protocol/handler.go:596	round already finalized
2025-08-15T22:12:58.911-0500	DEBUG	protocol/handler.go:581	tryAdvanceRound called	{"{current_round 20 3  <nil>}": {"Key":"self","Type":15,"Integer":0,"String":"a","Interface":null}}
2025-08-15T22:12:58.911-0500	DEBUG	protocol/handler.go:1591	have processed broadcast	{"{round 20 3  <nil>}": {"Key":"from","Type":15,"Integer":0,"String":"b","Interface":null}}
2025-08-15T22:12:58.911-0500	DEBUG	protocol/handler.go:1591	have processed broadcast	{"{round 20 3  <nil>}": {"Key":"from","Type":15,"Integer":0,"String":"c","Interface":null}}
2025-08-15T22:12:58.911-0500	DEBUG	protocol/handler.go:1649	have all messages and processed	{"{round 20 3  <nil>}": {"Key":"self","Type":15,"Integer":0,"String":"a","Interface":null}}
2025-08-15T22:12:58.911-0500	DEBUG	protocol/handler.go:596	round already finalized
2025-08-15T22:12:58.911-0500	DEBUG	protocol/handler.go:581	tryAdvanceRound called	{"{current_round 20 3  <nil>}": {"Key":"self","Type":15,"Integer":0,"String":"a","Interface":null}}
2025-08-15T22:12:58.911-0500	DEBUG	protocol/handler.go:1591	have processed broadcast	{"{round 20 3  <nil>}": {"Key":"from","Type":15,"Integer":0,"String":"b","Interface":null}}
2025-08-15T22:12:58.911-0500	DEBUG	protocol/handler.go:1591	have processed broadcast	{"{round 20 3  <nil>}": {"Key":"from","Type":15,"Integer":0,"String":"c","Interface":null}}
2025-08-15T22:12:58.911-0500	DEBUG	protocol/handler.go:1649	have all messages and processed	{"{round 20 3  <nil>}": {"Key":"self","Type":15,"Integer":0,"String":"a","Interface":null}}
2025-08-15T22:12:58.912-0500	DEBUG	protocol/handler.go:596	round already finalized
2025-08-15T22:12:58.930-0500	DEBUG	protocol/handler.go:581	tryAdvanceRound called	{"{current_round 20 3  <nil>}": {"Key":"self","Type":15,"Integer":0,"String":"c","Interface":null}}
2025-08-15T22:12:58.930-0500	DEBUG	protocol/handler.go:1591	have processed broadcast	{"{round 20 3  <nil>}": {"Key":"from","Type":15,"Integer":0,"String":"a","Interface":null}}
2025-08-15T22:12:58.933-0500	DEBUG	protocol/handler.go:581	tryAdvanceRound called	{"{current_round 20 3  <nil>}": {"Key":"self","Type":15,"Integer":0,"String":"a","Interface":null}}
2025-08-15T22:12:58.938-0500	DEBUG	protocol/handler.go:581	tryAdvanceRound called	{"{current_round 20 3  <nil>}": {"Key":"self","Type":15,"Integer":0,"String":"b","Interface":null}}
2025-08-15T22:12:58.938-0500	DEBUG	protocol/handler.go:1591	have processed broadcast	{"{round 20 3  <nil>}": {"Key":"from","Type":15,"Integer":0,"String":"a","Interface":null}}
2025-08-15T22:12:58.938-0500	DEBUG	protocol/handler.go:1591	have processed broadcast	{"{round 20 3  <nil>}": {"Key":"from","Type":15,"Integer":0,"String":"c","Interface":null}}
2025-08-15T22:12:58.938-0500	DEBUG	protocol/handler.go:1649	have all messages and processed	{"{round 20 3  <nil>}": {"Key":"self","Type":15,"Integer":0,"String":"b","Interface":null}}
2025-08-15T22:12:58.939-0500	DEBUG	protocol/handler.go:596	round already finalized
2025-08-15T22:12:58.939-0500	DEBUG	protocol/handler.go:581	tryAdvanceRound called	{"{current_round 20 3  <nil>}": {"Key":"self","Type":15,"Integer":0,"String":"b","Interface":null}}
2025-08-15T22:12:58.939-0500	DEBUG	protocol/handler.go:1591	have processed broadcast	{"{round 20 3  <nil>}": {"Key":"from","Type":15,"Integer":0,"String":"a","Interface":null}}
2025-08-15T22:12:58.939-0500	DEBUG	protocol/handler.go:1591	have processed broadcast	{"{round 20 3  <nil>}": {"Key":"from","Type":15,"Integer":0,"String":"c","Interface":null}}
2025-08-15T22:12:58.939-0500	DEBUG	protocol/handler.go:1649	have all messages and processed	{"{round 20 3  <nil>}": {"Key":"self","Type":15,"Integer":0,"String":"b","Interface":null}}
2025-08-15T22:12:58.939-0500	DEBUG	protocol/handler.go:596	round already finalized
2025-08-15T22:12:58.940-0500	DEBUG	protocol/handler.go:1591	have processed broadcast	{"{round 20 3  <nil>}": {"Key":"from","Type":15,"Integer":0,"String":"b","Interface":null}}
2025-08-15T22:12:58.940-0500	DEBUG	protocol/handler.go:1591	have processed broadcast	{"{round 20 3  <nil>}": {"Key":"from","Type":15,"Integer":0,"String":"c","Interface":null}}
2025-08-15T22:12:58.940-0500	DEBUG	protocol/handler.go:1649	have all messages and processed	{"{round 20 3  <nil>}": {"Key":"self","Type":15,"Integer":0,"String":"a","Interface":null}}
2025-08-15T22:12:58.940-0500	DEBUG	protocol/handler.go:596	round already finalized
2025-08-15T22:12:58.940-0500	DEBUG	protocol/handler.go:581	tryAdvanceRound called	{"{current_round 20 3  <nil>}": {"Key":"self","Type":15,"Integer":0,"String":"a","Interface":null}}
2025-08-15T22:12:58.940-0500	DEBUG	protocol/handler.go:1591	have processed broadcast	{"{round 20 3  <nil>}": {"Key":"from","Type":15,"Integer":0,"String":"b","Interface":null}}
2025-08-15T22:12:58.940-0500	DEBUG	protocol/handler.go:1591	have processed broadcast	{"{round 20 3  <nil>}": {"Key":"from","Type":15,"Integer":0,"String":"c","Interface":null}}
2025-08-15T22:12:58.940-0500	DEBUG	protocol/handler.go:1649	have all messages and processed	{"{round 20 3  <nil>}": {"Key":"self","Type":15,"Integer":0,"String":"a","Interface":null}}
2025-08-15T22:12:58.940-0500	DEBUG	protocol/handler.go:596	round already finalized
2025-08-15T22:12:58.961-0500	DEBUG	protocol/handler.go:581	tryAdvanceRound called	{"{current_round 20 3  <nil>}": {"Key":"self","Type":15,"Integer":0,"String":"b","Interface":null}}
2025-08-15T22:12:58.961-0500	DEBUG	protocol/handler.go:1591	have processed broadcast	{"{round 20 3  <nil>}": {"Key":"from","Type":15,"Integer":0,"String":"a","Interface":null}}
2025-08-15T22:12:58.961-0500	DEBUG	protocol/handler.go:1591	have processed broadcast	{"{round 20 3  <nil>}": {"Key":"from","Type":15,"Integer":0,"String":"c","Interface":null}}
2025-08-15T22:12:58.961-0500	DEBUG	protocol/handler.go:1649	have all messages and processed	{"{round 20 3  <nil>}": {"Key":"self","Type":15,"Integer":0,"String":"b","Interface":null}}
2025-08-15T22:12:58.961-0500	DEBUG	protocol/handler.go:596	round already finalized
2025-08-15T22:12:58.930-0500	DEBUG	protocol/handler.go:1591	have processed broadcast	{"{round 20 3  <nil>}": {"Key":"from","Type":15,"Integer":0,"String":"b","Interface":null}}
2025-08-15T22:12:59.012-0500	DEBUG	protocol/handler.go:1649	have all messages and processed	{"{round 20 3  <nil>}": {"Key":"self","Type":15,"Integer":0,"String":"c","Interface":null}}
2025-08-15T22:12:59.012-0500	DEBUG	protocol/handler.go:596	round already finalized
2025-08-15T22:12:59.012-0500	DEBUG	protocol/handler.go:581	tryAdvanceRound called	{"{current_round 20 3  <nil>}": {"Key":"self","Type":15,"Integer":0,"String":"c","Interface":null}}
2025-08-15T22:12:59.012-0500	DEBUG	protocol/handler.go:1591	have processed broadcast	{"{round 20 3  <nil>}": {"Key":"from","Type":15,"Integer":0,"String":"a","Interface":null}}
2025-08-15T22:12:59.012-0500	DEBUG	protocol/handler.go:1591	have processed broadcast	{"{round 20 3  <nil>}": {"Key":"from","Type":15,"Integer":0,"String":"b","Interface":null}}
2025-08-15T22:12:59.012-0500	DEBUG	protocol/handler.go:1649	have all messages and processed	{"{round 20 3  <nil>}": {"Key":"self","Type":15,"Integer":0,"String":"c","Interface":null}}
2025-08-15T22:12:59.012-0500	DEBUG	protocol/handler.go:596	round already finalized
2025-08-15T22:12:58.966-0500	DEBUG	protocol/handler.go:581	tryAdvanceRound called	{"{current_round 20 3  <nil>}": {"Key":"self","Type":15,"Integer":0,"String":"a","Interface":null}}
2025-08-15T22:12:59.024-0500	DEBUG	protocol/handler.go:1591	have processed broadcast	{"{round 20 3  <nil>}": {"Key":"from","Type":15,"Integer":0,"String":"b","Interface":null}}
2025-08-15T22:12:59.024-0500	DEBUG	protocol/handler.go:1591	have processed broadcast	{"{round 20 3  <nil>}": {"Key":"from","Type":15,"Integer":0,"String":"c","Interface":null}}
2025-08-15T22:12:59.024-0500	DEBUG	protocol/handler.go:1649	have all messages and processed	{"{round 20 3  <nil>}": {"Key":"self","Type":15,"Integer":0,"String":"a","Interface":null}}
2025-08-15T22:12:59.024-0500	DEBUG	protocol/handler.go:596	round already finalized
2025-08-15T22:12:59.024-0500	DEBUG	protocol/handler.go:581	tryAdvanceRound called	{"{current_round 20 3  <nil>}": {"Key":"self","Type":15,"Integer":0,"String":"a","Interface":null}}
2025-08-15T22:12:59.024-0500	DEBUG	protocol/handler.go:1591	have processed broadcast	{"{round 20 3  <nil>}": {"Key":"from","Type":15,"Integer":0,"String":"b","Interface":null}}
2025-08-15T22:12:59.024-0500	DEBUG	protocol/handler.go:1591	have processed broadcast	{"{round 20 3  <nil>}": {"Key":"from","Type":15,"Integer":0,"String":"c","Interface":null}}
2025-08-15T22:12:59.024-0500	DEBUG	protocol/handler.go:1649	have all messages and processed	{"{round 20 3  <nil>}": {"Key":"self","Type":15,"Integer":0,"String":"a","Interface":null}}
2025-08-15T22:12:59.024-0500	DEBUG	protocol/handler.go:596	round already finalized
2025-08-15T22:12:59.036-0500	DEBUG	protocol/handler.go:581	tryAdvanceRound called	{"{current_round 20 3  <nil>}": {"Key":"self","Type":15,"Integer":0,"String":"b","Interface":null}}
2025-08-15T22:12:59.036-0500	DEBUG	protocol/handler.go:1591	have processed broadcast	{"{round 20 3  <nil>}": {"Key":"from","Type":15,"Integer":0,"String":"a","Interface":null}}
2025-08-15T22:12:59.036-0500	DEBUG	protocol/handler.go:1591	have processed broadcast	{"{round 20 3  <nil>}": {"Key":"from","Type":15,"Integer":0,"String":"c","Interface":null}}
2025-08-15T22:12:59.036-0500	DEBUG	protocol/handler.go:1649	have all messages and processed	{"{round 20 3  <nil>}": {"Key":"self","Type":15,"Integer":0,"String":"b","Interface":null}}
2025-08-15T22:12:59.037-0500	DEBUG	protocol/handler.go:596	round already finalized
2025-08-15T22:12:59.037-0500	DEBUG	protocol/handler.go:581	tryAdvanceRound called	{"{current_round 20 3  <nil>}": {"Key":"self","Type":15,"Integer":0,"String":"b","Interface":null}}
2025-08-15T22:12:59.039-0500	DEBUG	protocol/handler.go:581	tryAdvanceRound called	{"{current_round 20 3  <nil>}": {"Key":"self","Type":15,"Integer":0,"String":"c","Interface":null}}
2025-08-15T22:12:59.133-0500	DEBUG	protocol/handler.go:1591	have processed broadcast	{"{round 20 3  <nil>}": {"Key":"from","Type":15,"Integer":0,"String":"a","Interface":null}}
2025-08-15T22:12:59.133-0500	DEBUG	protocol/handler.go:1591	have processed broadcast	{"{round 20 3  <nil>}": {"Key":"from","Type":15,"Integer":0,"String":"b","Interface":null}}
2025-08-15T22:12:59.133-0500	DEBUG	protocol/handler.go:1649	have all messages and processed	{"{round 20 3  <nil>}": {"Key":"self","Type":15,"Integer":0,"String":"c","Interface":null}}
2025-08-15T22:12:59.133-0500	DEBUG	protocol/handler.go:596	round already finalized
2025-08-15T22:12:59.133-0500	DEBUG	protocol/handler.go:581	tryAdvanceRound called	{"{current_round 20 3  <nil>}": {"Key":"self","Type":15,"Integer":0,"String":"c","Interface":null}}
2025-08-15T22:12:59.134-0500	DEBUG	protocol/handler.go:1591	have processed broadcast	{"{round 20 3  <nil>}": {"Key":"from","Type":15,"Integer":0,"String":"a","Interface":null}}
2025-08-15T22:12:59.134-0500	DEBUG	protocol/handler.go:1591	have processed broadcast	{"{round 20 3  <nil>}": {"Key":"from","Type":15,"Integer":0,"String":"b","Interface":null}}
2025-08-15T22:12:59.134-0500	DEBUG	protocol/handler.go:1649	have all messages and processed	{"{round 20 3  <nil>}": {"Key":"self","Type":15,"Integer":0,"String":"c","Interface":null}}
2025-08-15T22:12:59.134-0500	DEBUG	protocol/handler.go:596	round already finalized
2025-08-15T22:12:59.134-0500	DEBUG	protocol/handler.go:1591	have processed broadcast	{"{round 20 3  <nil>}": {"Key":"from","Type":15,"Integer":0,"String":"a","Interface":null}}
2025-08-15T22:12:59.134-0500	DEBUG	protocol/handler.go:1591	have processed broadcast	{"{round 20 3  <nil>}": {"Key":"from","Type":15,"Integer":0,"String":"c","Interface":null}}
2025-08-15T22:12:59.134-0500	DEBUG	protocol/handler.go:1649	have all messages and processed	{"{round 20 3  <nil>}": {"Key":"self","Type":15,"Integer":0,"String":"b","Interface":null}}
2025-08-15T22:12:59.134-0500	DEBUG	protocol/handler.go:596	round already finalized
2025-08-15T22:12:59.134-0500	DEBUG	protocol/handler.go:581	tryAdvanceRound called	{"{current_round 20 3  <nil>}": {"Key":"self","Type":15,"Integer":0,"String":"b","Interface":null}}
2025-08-15T22:12:59.134-0500	DEBUG	protocol/handler.go:1591	have processed broadcast	{"{round 20 3  <nil>}": {"Key":"from","Type":15,"Integer":0,"String":"a","Interface":null}}
2025-08-15T22:12:59.134-0500	DEBUG	protocol/handler.go:1591	have processed broadcast	{"{round 20 3  <nil>}": {"Key":"from","Type":15,"Integer":0,"String":"c","Interface":null}}
2025-08-15T22:12:59.134-0500	DEBUG	protocol/handler.go:1649	have all messages and processed	{"{round 20 3  <nil>}": {"Key":"self","Type":15,"Integer":0,"String":"b","Interface":null}}
2025-08-15T22:12:59.134-0500	DEBUG	protocol/handler.go:596	round already finalized
2025-08-15T22:12:59.155-0500	DEBUG	protocol/handler.go:581	tryAdvanceRound called	{"{current_round 20 3  <nil>}": {"Key":"self","Type":15,"Integer":0,"String":"c","Interface":null}}
2025-08-15T22:12:59.155-0500	DEBUG	protocol/handler.go:1591	have processed broadcast	{"{round 20 3  <nil>}": {"Key":"from","Type":15,"Integer":0,"String":"a","Interface":null}}
2025-08-15T22:12:59.155-0500	DEBUG	protocol/handler.go:1591	have processed broadcast	{"{round 20 3  <nil>}": {"Key":"from","Type":15,"Integer":0,"String":"b","Interface":null}}
2025-08-15T22:12:59.155-0500	DEBUG	protocol/handler.go:1649	have all messages and processed	{"{round 20 3  <nil>}": {"Key":"self","Type":15,"Integer":0,"String":"c","Interface":null}}
2025-08-15T22:12:59.155-0500	DEBUG	protocol/handler.go:596	round already finalized
2025-08-15T22:12:59.057-0500	DEBUG	protocol/handler.go:581	tryAdvanceRound called	{"{current_round 20 3  <nil>}": {"Key":"self","Type":15,"Integer":0,"String":"a","Interface":null}}
2025-08-15T22:12:59.170-0500	DEBUG	protocol/handler.go:1591	have processed broadcast	{"{round 20 3  <nil>}": {"Key":"from","Type":15,"Integer":0,"String":"b","Interface":null}}
2025-08-15T22:12:59.170-0500	DEBUG	protocol/handler.go:1591	have processed broadcast	{"{round 20 3  <nil>}": {"Key":"from","Type":15,"Integer":0,"String":"c","Interface":null}}
2025-08-15T22:12:59.170-0500	DEBUG	protocol/handler.go:1649	have all messages and processed	{"{round 20 3  <nil>}": {"Key":"self","Type":15,"Integer":0,"String":"a","Interface":null}}
2025-08-15T22:12:59.170-0500	DEBUG	protocol/handler.go:596	round already finalized
2025-08-15T22:12:59.170-0500	DEBUG	protocol/handler.go:581	tryAdvanceRound called	{"{current_round 20 3  <nil>}": {"Key":"self","Type":15,"Integer":0,"String":"a","Interface":null}}
2025-08-15T22:12:59.201-0500	DEBUG	protocol/handler.go:581	tryAdvanceRound called	{"{current_round 20 3  <nil>}": {"Key":"self","Type":15,"Integer":0,"String":"c","Interface":null}}
2025-08-15T22:12:59.201-0500	DEBUG	protocol/handler.go:1591	have processed broadcast	{"{round 20 3  <nil>}": {"Key":"from","Type":15,"Integer":0,"String":"a","Interface":null}}
2025-08-15T22:12:59.201-0500	DEBUG	protocol/handler.go:1591	have processed broadcast	{"{round 20 3  <nil>}": {"Key":"from","Type":15,"Integer":0,"String":"b","Interface":null}}
2025-08-15T22:12:59.201-0500	DEBUG	protocol/handler.go:1649	have all messages and processed	{"{round 20 3  <nil>}": {"Key":"self","Type":15,"Integer":0,"String":"c","Interface":null}}
2025-08-15T22:12:59.201-0500	DEBUG	protocol/handler.go:596	round already finalized
2025-08-15T22:12:59.201-0500	DEBUG	protocol/handler.go:581	tryAdvanceRound called	{"{current_round 20 3  <nil>}": {"Key":"self","Type":15,"Integer":0,"String":"c","Interface":null}}
2025-08-15T22:12:59.201-0500	DEBUG	protocol/handler.go:1591	have processed broadcast	{"{round 20 3  <nil>}": {"Key":"from","Type":15,"Integer":0,"String":"a","Interface":null}}
2025-08-15T22:12:59.201-0500	DEBUG	protocol/handler.go:1591	have processed broadcast	{"{round 20 3  <nil>}": {"Key":"from","Type":15,"Integer":0,"String":"b","Interface":null}}
2025-08-15T22:12:59.201-0500	DEBUG	protocol/handler.go:1649	have all messages and processed	{"{round 20 3  <nil>}": {"Key":"self","Type":15,"Integer":0,"String":"c","Interface":null}}
2025-08-15T22:12:59.201-0500	DEBUG	protocol/handler.go:596	round already finalized
2025-08-15T22:12:59.201-0500	DEBUG	protocol/handler.go:581	tryAdvanceRound called	{"{current_round 20 3  <nil>}": {"Key":"self","Type":15,"Integer":0,"String":"b","Interface":null}}
2025-08-15T22:12:59.202-0500	DEBUG	protocol/handler.go:1591	have processed broadcast	{"{round 20 3  <nil>}": {"Key":"from","Type":15,"Integer":0,"String":"a","Interface":null}}
2025-08-15T22:12:59.202-0500	DEBUG	protocol/handler.go:1591	have processed broadcast	{"{round 20 3  <nil>}": {"Key":"from","Type":15,"Integer":0,"String":"c","Interface":null}}
2025-08-15T22:12:59.202-0500	DEBUG	protocol/handler.go:1649	have all messages and processed	{"{round 20 3  <nil>}": {"Key":"self","Type":15,"Integer":0,"String":"b","Interface":null}}
2025-08-15T22:12:59.202-0500	DEBUG	protocol/handler.go:596	round already finalized
2025-08-15T22:12:59.202-0500	DEBUG	protocol/handler.go:581	tryAdvanceRound called	{"{current_round 20 3  <nil>}": {"Key":"self","Type":15,"Integer":0,"String":"b","Interface":null}}
2025-08-15T22:12:59.202-0500	DEBUG	protocol/handler.go:1591	have processed broadcast	{"{round 20 3  <nil>}": {"Key":"from","Type":15,"Integer":0,"String":"a","Interface":null}}
2025-08-15T22:12:59.202-0500	DEBUG	protocol/handler.go:1591	have processed broadcast	{"{round 20 3  <nil>}": {"Key":"from","Type":15,"Integer":0,"String":"c","Interface":null}}
2025-08-15T22:12:59.202-0500	DEBUG	protocol/handler.go:1649	have all messages and processed	{"{round 20 3  <nil>}": {"Key":"self","Type":15,"Integer":0,"String":"b","Interface":null}}
2025-08-15T22:12:59.202-0500	DEBUG	protocol/handler.go:596	round already finalized
2025-08-15T22:12:59.224-0500	DEBUG	protocol/handler.go:581	tryAdvanceRound called	{"{current_round 20 3  <nil>}": {"Key":"self","Type":15,"Integer":0,"String":"b","Interface":null}}
2025-08-15T22:12:59.224-0500	DEBUG	protocol/handler.go:1591	have processed broadcast	{"{round 20 3  <nil>}": {"Key":"from","Type":15,"Integer":0,"String":"a","Interface":null}}
2025-08-15T22:12:59.224-0500	DEBUG	protocol/handler.go:1591	have processed broadcast	{"{round 20 3  <nil>}": {"Key":"from","Type":15,"Integer":0,"String":"c","Interface":null}}
2025-08-15T22:12:59.224-0500	DEBUG	protocol/handler.go:1649	have all messages and processed	{"{round 20 3  <nil>}": {"Key":"self","Type":15,"Integer":0,"String":"b","Interface":null}}
2025-08-15T22:12:59.224-0500	DEBUG	protocol/handler.go:596	round already finalized
2025-08-15T22:12:59.176-0500	DEBUG	protocol/handler.go:1591	have processed broadcast	{"{round 20 3  <nil>}": {"Key":"from","Type":15,"Integer":0,"String":"b","Interface":null}}
2025-08-15T22:12:59.273-0500	DEBUG	protocol/handler.go:1591	have processed broadcast	{"{round 20 3  <nil>}": {"Key":"from","Type":15,"Integer":0,"String":"c","Interface":null}}
2025-08-15T22:12:59.540-0500	DEBUG	protocol/handler.go:581	tryAdvanceRound called	{"{current_round 20 3  <nil>}": {"Key":"self","Type":15,"Integer":0,"String":"b","Interface":null}}
2025-08-15T22:12:59.540-0500	DEBUG	protocol/handler.go:1591	have processed broadcast	{"{round 20 3  <nil>}": {"Key":"from","Type":15,"Integer":0,"String":"a","Interface":null}}
2025-08-15T22:12:59.540-0500	DEBUG	protocol/handler.go:1591	have processed broadcast	{"{round 20 3  <nil>}": {"Key":"from","Type":15,"Integer":0,"String":"c","Interface":null}}
2025-08-15T22:12:59.540-0500	DEBUG	protocol/handler.go:1649	have all messages and processed	{"{round 20 3  <nil>}": {"Key":"self","Type":15,"Integer":0,"String":"b","Interface":null}}
2025-08-15T22:12:59.541-0500	DEBUG	protocol/handler.go:596	round already finalized
2025-08-15T22:12:59.541-0500	DEBUG	protocol/handler.go:581	tryAdvanceRound called	{"{current_round 20 3  <nil>}": {"Key":"self","Type":15,"Integer":0,"String":"b","Interface":null}}
2025-08-15T22:12:59.541-0500	DEBUG	protocol/handler.go:1591	have processed broadcast	{"{round 20 3  <nil>}": {"Key":"from","Type":15,"Integer":0,"String":"a","Interface":null}}
2025-08-15T22:12:59.541-0500	DEBUG	protocol/handler.go:1591	have processed broadcast	{"{round 20 3  <nil>}": {"Key":"from","Type":15,"Integer":0,"String":"c","Interface":null}}
2025-08-15T22:12:59.541-0500	DEBUG	protocol/handler.go:1649	have all messages and processed	{"{round 20 3  <nil>}": {"Key":"self","Type":15,"Integer":0,"String":"b","Interface":null}}
2025-08-15T22:12:59.274-0500	DEBUG	protocol/handler.go:581	tryAdvanceRound called	{"{current_round 20 3  <nil>}": {"Key":"self","Type":15,"Integer":0,"String":"c","Interface":null}}
2025-08-15T22:12:59.544-0500	DEBUG	protocol/handler.go:1591	have processed broadcast	{"{round 20 3  <nil>}": {"Key":"from","Type":15,"Integer":0,"String":"a","Interface":null}}
2025-08-15T22:12:59.545-0500	DEBUG	protocol/handler.go:1591	have processed broadcast	{"{round 20 3  <nil>}": {"Key":"from","Type":15,"Integer":0,"String":"b","Interface":null}}
2025-08-15T22:12:59.545-0500	DEBUG	protocol/handler.go:1649	have all messages and processed	{"{round 20 3  <nil>}": {"Key":"self","Type":15,"Integer":0,"String":"c","Interface":null}}
2025-08-15T22:12:59.545-0500	DEBUG	protocol/handler.go:596	round already finalized
2025-08-15T22:12:59.545-0500	DEBUG	protocol/handler.go:581	tryAdvanceRound called	{"{current_round 20 3  <nil>}": {"Key":"self","Type":15,"Integer":0,"String":"c","Interface":null}}
2025-08-15T22:12:59.546-0500	DEBUG	protocol/handler.go:1591	have processed broadcast	{"{round 20 3  <nil>}": {"Key":"from","Type":15,"Integer":0,"String":"a","Interface":null}}
2025-08-15T22:12:59.546-0500	DEBUG	protocol/handler.go:1591	have processed broadcast	{"{round 20 3  <nil>}": {"Key":"from","Type":15,"Integer":0,"String":"b","Interface":null}}
2025-08-15T22:12:59.547-0500	DEBUG	protocol/handler.go:1649	have all messages and processed	{"{round 20 3  <nil>}": {"Key":"self","Type":15,"Integer":0,"String":"c","Interface":null}}
2025-08-15T22:12:59.547-0500	DEBUG	protocol/handler.go:596	round already finalized
2025-08-15T22:12:59.541-0500	DEBUG	protocol/handler.go:596	round already finalized
2025-08-15T22:12:59.567-0500	DEBUG	protocol/handler.go:581	tryAdvanceRound called	{"{current_round 20 3  <nil>}": {"Key":"self","Type":15,"Integer":0,"String":"b","Interface":null}}
2025-08-15T22:12:59.567-0500	DEBUG	protocol/handler.go:1591	have processed broadcast	{"{round 20 3  <nil>}": {"Key":"from","Type":15,"Integer":0,"String":"a","Interface":null}}
2025-08-15T22:12:59.567-0500	DEBUG	protocol/handler.go:1591	have processed broadcast	{"{round 20 3  <nil>}": {"Key":"from","Type":15,"Integer":0,"String":"c","Interface":null}}
2025-08-15T22:12:59.567-0500	DEBUG	protocol/handler.go:1649	have all messages and processed	{"{round 20 3  <nil>}": {"Key":"self","Type":15,"Integer":0,"String":"b","Interface":null}}
2025-08-15T22:12:59.567-0500	DEBUG	protocol/handler.go:596	round already finalized
2025-08-15T22:12:59.567-0500	DEBUG	protocol/handler.go:581	tryAdvanceRound called	{"{current_round 20 3  <nil>}": {"Key":"self","Type":15,"Integer":0,"String":"c","Interface":null}}
2025-08-15T22:12:59.567-0500	DEBUG	protocol/handler.go:1591	have processed broadcast	{"{round 20 3  <nil>}": {"Key":"from","Type":15,"Integer":0,"String":"a","Interface":null}}
2025-08-15T22:12:59.567-0500	DEBUG	protocol/handler.go:1591	have processed broadcast	{"{round 20 3  <nil>}": {"Key":"from","Type":15,"Integer":0,"String":"b","Interface":null}}
2025-08-15T22:12:59.567-0500	DEBUG	protocol/handler.go:1649	have all messages and processed	{"{round 20 3  <nil>}": {"Key":"self","Type":15,"Integer":0,"String":"c","Interface":null}}
2025-08-15T22:12:59.567-0500	DEBUG	protocol/handler.go:596	round already finalized
2025-08-15T22:12:59.589-0500	DEBUG	protocol/handler.go:581	tryAdvanceRound called	{"{current_round 20 3  <nil>}": {"Key":"self","Type":15,"Integer":0,"String":"c","Interface":null}}
2025-08-15T22:12:59.273-0500	DEBUG	protocol/handler.go:1649	have all messages and processed	{"{round 20 3  <nil>}": {"Key":"self","Type":15,"Integer":0,"String":"a","Interface":null}}
2025-08-15T22:12:59.589-0500	DEBUG	protocol/handler.go:596	round already finalized
2025-08-15T22:12:59.589-0500	DEBUG	protocol/handler.go:1591	have processed broadcast	{"{round 20 3  <nil>}": {"Key":"from","Type":15,"Integer":0,"String":"a","Interface":null}}
2025-08-15T22:12:59.589-0500	DEBUG	protocol/handler.go:1591	have processed broadcast	{"{round 20 3  <nil>}": {"Key":"from","Type":15,"Integer":0,"String":"b","Interface":null}}
2025-08-15T22:12:59.589-0500	DEBUG	protocol/handler.go:1649	have all messages and processed	{"{round 20 3  <nil>}": {"Key":"self","Type":15,"Integer":0,"String":"c","Interface":null}}
2025-08-15T22:12:59.590-0500	DEBUG	protocol/handler.go:596	round already finalized
2025-08-15T22:12:59.589-0500	DEBUG	protocol/handler.go:581	tryAdvanceRound called	{"{current_round 20 3  <nil>}": {"Key":"self","Type":15,"Integer":0,"String":"a","Interface":null}}
2025-08-15T22:12:59.590-0500	DEBUG	protocol/handler.go:1591	have processed broadcast	{"{round 20 3  <nil>}": {"Key":"from","Type":15,"Integer":0,"String":"b","Interface":null}}
2025-08-15T22:12:59.590-0500	DEBUG	protocol/handler.go:1591	have processed broadcast	{"{round 20 3  <nil>}": {"Key":"from","Type":15,"Integer":0,"String":"c","Interface":null}}
2025-08-15T22:12:59.590-0500	DEBUG	protocol/handler.go:1649	have all messages and processed	{"{round 20 3  <nil>}": {"Key":"self","Type":15,"Integer":0,"String":"a","Interface":null}}
2025-08-15T22:12:59.590-0500	DEBUG	protocol/handler.go:596	round already finalized
2025-08-15T22:12:59.630-0500	DEBUG	protocol/handler.go:581	tryAdvanceRound called	{"{current_round 20 3  <nil>}": {"Key":"self","Type":15,"Integer":0,"String":"a","Interface":null}}
2025-08-15T22:12:59.706-0500	DEBUG	protocol/handler.go:581	tryAdvanceRound called	{"{current_round 20 3  <nil>}": {"Key":"self","Type":15,"Integer":0,"String":"b","Interface":null}}
2025-08-15T22:12:59.707-0500	DEBUG	protocol/handler.go:1591	have processed broadcast	{"{round 20 3  <nil>}": {"Key":"from","Type":15,"Integer":0,"String":"a","Interface":null}}
2025-08-15T22:12:59.718-0500	DEBUG	protocol/handler.go:581	tryAdvanceRound called	{"{current_round 20 3  <nil>}": {"Key":"self","Type":15,"Integer":0,"String":"c","Interface":null}}
2025-08-15T22:12:59.849-0500	DEBUG	protocol/handler.go:1591	have processed broadcast	{"{round 20 3  <nil>}": {"Key":"from","Type":15,"Integer":0,"String":"a","Interface":null}}
2025-08-15T22:12:59.858-0500	DEBUG	protocol/handler.go:1591	have processed broadcast	{"{round 20 3  <nil>}": {"Key":"from","Type":15,"Integer":0,"String":"c","Interface":null}}
2025-08-15T22:12:59.858-0500	DEBUG	protocol/handler.go:1649	have all messages and processed	{"{round 20 3  <nil>}": {"Key":"self","Type":15,"Integer":0,"String":"b","Interface":null}}
2025-08-15T22:12:59.858-0500	DEBUG	protocol/handler.go:596	round already finalized
2025-08-15T22:12:59.858-0500	DEBUG	protocol/handler.go:581	tryAdvanceRound called	{"{current_round 20 3  <nil>}": {"Key":"self","Type":15,"Integer":0,"String":"b","Interface":null}}
2025-08-15T22:12:59.858-0500	DEBUG	protocol/handler.go:1591	have processed broadcast	{"{round 20 3  <nil>}": {"Key":"from","Type":15,"Integer":0,"String":"a","Interface":null}}
2025-08-15T22:12:59.858-0500	DEBUG	protocol/handler.go:1591	have processed broadcast	{"{round 20 3  <nil>}": {"Key":"from","Type":15,"Integer":0,"String":"c","Interface":null}}
2025-08-15T22:12:59.858-0500	DEBUG	protocol/handler.go:1649	have all messages and processed	{"{round 20 3  <nil>}": {"Key":"self","Type":15,"Integer":0,"String":"b","Interface":null}}
2025-08-15T22:12:59.858-0500	DEBUG	protocol/handler.go:596	round already finalized
2025-08-15T22:12:59.766-0500	DEBUG	protocol/handler.go:1591	have processed broadcast	{"{round 20 3  <nil>}": {"Key":"from","Type":15,"Integer":0,"String":"b","Interface":null}}
2025-08-15T22:12:59.871-0500	DEBUG	protocol/handler.go:1591	have processed broadcast	{"{round 20 3  <nil>}": {"Key":"from","Type":15,"Integer":0,"String":"c","Interface":null}}
2025-08-15T22:12:59.871-0500	DEBUG	protocol/handler.go:1649	have all messages and processed	{"{round 20 3  <nil>}": {"Key":"self","Type":15,"Integer":0,"String":"a","Interface":null}}
2025-08-15T22:12:59.871-0500	DEBUG	protocol/handler.go:596	round already finalized
2025-08-15T22:12:59.871-0500	DEBUG	protocol/handler.go:581	tryAdvanceRound called	{"{current_round 20 3  <nil>}": {"Key":"self","Type":15,"Integer":0,"String":"a","Interface":null}}
2025-08-15T22:12:59.871-0500	DEBUG	protocol/handler.go:1591	have processed broadcast	{"{round 20 3  <nil>}": {"Key":"from","Type":15,"Integer":0,"String":"b","Interface":null}}
2025-08-15T22:12:59.871-0500	DEBUG	protocol/handler.go:1591	have processed broadcast	{"{round 20 3  <nil>}": {"Key":"from","Type":15,"Integer":0,"String":"c","Interface":null}}
2025-08-15T22:12:59.871-0500	DEBUG	protocol/handler.go:1649	have all messages and processed	{"{round 20 3  <nil>}": {"Key":"self","Type":15,"Integer":0,"String":"a","Interface":null}}
2025-08-15T22:12:59.871-0500	DEBUG	protocol/handler.go:596	round already finalized
2025-08-15T22:12:59.879-0500	DEBUG	protocol/handler.go:581	tryAdvanceRound called	{"{current_round 20 3  <nil>}": {"Key":"self","Type":15,"Integer":0,"String":"b","Interface":null}}
2025-08-15T22:12:59.879-0500	DEBUG	protocol/handler.go:1591	have processed broadcast	{"{round 20 3  <nil>}": {"Key":"from","Type":15,"Integer":0,"String":"a","Interface":null}}
2025-08-15T22:12:59.879-0500	DEBUG	protocol/handler.go:1591	have processed broadcast	{"{round 20 3  <nil>}": {"Key":"from","Type":15,"Integer":0,"String":"c","Interface":null}}
2025-08-15T22:12:59.879-0500	DEBUG	protocol/handler.go:1649	have all messages and processed	{"{round 20 3  <nil>}": {"Key":"self","Type":15,"Integer":0,"String":"b","Interface":null}}
2025-08-15T22:12:59.879-0500	DEBUG	protocol/handler.go:596	round already finalized
2025-08-15T22:12:59.914-0500	DEBUG	protocol/handler.go:581	tryAdvanceRound called	{"{current_round 20 3  <nil>}": {"Key":"self","Type":15,"Integer":0,"String":"a","Interface":null}}
2025-08-15T22:12:59.914-0500	DEBUG	protocol/handler.go:1591	have processed broadcast	{"{round 20 3  <nil>}": {"Key":"from","Type":15,"Integer":0,"String":"b","Interface":null}}
2025-08-15T22:12:59.914-0500	DEBUG	protocol/handler.go:1591	have processed broadcast	{"{round 20 3  <nil>}": {"Key":"from","Type":15,"Integer":0,"String":"c","Interface":null}}
2025-08-15T22:12:59.914-0500	DEBUG	protocol/handler.go:1649	have all messages and processed	{"{round 20 3  <nil>}": {"Key":"self","Type":15,"Integer":0,"String":"a","Interface":null}}
2025-08-15T22:12:59.914-0500	DEBUG	protocol/handler.go:596	round already finalized
2025-08-15T22:12:59.914-0500	DEBUG	protocol/handler.go:581	tryAdvanceRound called	{"{current_round 20 3  <nil>}": {"Key":"self","Type":15,"Integer":0,"String":"a","Interface":null}}
2025-08-15T22:12:59.914-0500	DEBUG	protocol/handler.go:1591	have processed broadcast	{"{round 20 3  <nil>}": {"Key":"from","Type":15,"Integer":0,"String":"b","Interface":null}}
2025-08-15T22:12:59.914-0500	DEBUG	protocol/handler.go:1591	have processed broadcast	{"{round 20 3  <nil>}": {"Key":"from","Type":15,"Integer":0,"String":"c","Interface":null}}
2025-08-15T22:12:59.914-0500	DEBUG	protocol/handler.go:1649	have all messages and processed	{"{round 20 3  <nil>}": {"Key":"self","Type":15,"Integer":0,"String":"a","Interface":null}}
2025-08-15T22:12:59.915-0500	DEBUG	protocol/handler.go:596	round already finalized
2025-08-15T22:12:59.850-0500	DEBUG	protocol/handler.go:1591	have processed broadcast	{"{round 20 3  <nil>}": {"Key":"from","Type":15,"Integer":0,"String":"b","Interface":null}}
2025-08-15T22:12:59.940-0500	DEBUG	protocol/handler.go:1649	have all messages and processed	{"{round 20 3  <nil>}": {"Key":"self","Type":15,"Integer":0,"String":"c","Interface":null}}
2025-08-15T22:12:59.943-0500	DEBUG	protocol/handler.go:596	round already finalized
2025-08-15T22:12:59.943-0500	DEBUG	protocol/handler.go:581	tryAdvanceRound called	{"{current_round 20 3  <nil>}": {"Key":"self","Type":15,"Integer":0,"String":"c","Interface":null}}
2025-08-15T22:12:59.943-0500	DEBUG	protocol/handler.go:581	tryAdvanceRound called	{"{current_round 20 3  <nil>}": {"Key":"self","Type":15,"Integer":0,"String":"a","Interface":null}}
2025-08-15T22:12:59.943-0500	DEBUG	protocol/handler.go:1591	have processed broadcast	{"{round 20 3  <nil>}": {"Key":"from","Type":15,"Integer":0,"String":"b","Interface":null}}
2025-08-15T22:12:59.943-0500	DEBUG	protocol/handler.go:1591	have processed broadcast	{"{round 20 3  <nil>}": {"Key":"from","Type":15,"Integer":0,"String":"c","Interface":null}}
2025-08-15T22:12:59.943-0500	DEBUG	protocol/handler.go:1649	have all messages and processed	{"{round 20 3  <nil>}": {"Key":"self","Type":15,"Integer":0,"String":"a","Interface":null}}
2025-08-15T22:13:00.011-0500	DEBUG	protocol/handler.go:581	tryAdvanceRound called	{"{current_round 20 3  <nil>}": {"Key":"self","Type":15,"Integer":0,"String":"b","Interface":null}}
2025-08-15T22:13:00.011-0500	DEBUG	protocol/handler.go:1591	have processed broadcast	{"{round 20 3  <nil>}": {"Key":"from","Type":15,"Integer":0,"String":"a","Interface":null}}
2025-08-15T22:13:00.011-0500	DEBUG	protocol/handler.go:1591	have processed broadcast	{"{round 20 3  <nil>}": {"Key":"from","Type":15,"Integer":0,"String":"c","Interface":null}}
2025-08-15T22:13:00.012-0500	DEBUG	protocol/handler.go:1649	have all messages and processed	{"{round 20 3  <nil>}": {"Key":"self","Type":15,"Integer":0,"String":"b","Interface":null}}
2025-08-15T22:13:00.012-0500	DEBUG	protocol/handler.go:596	round already finalized
2025-08-15T22:13:00.012-0500	DEBUG	protocol/handler.go:581	tryAdvanceRound called	{"{current_round 20 3  <nil>}": {"Key":"self","Type":15,"Integer":0,"String":"b","Interface":null}}
2025-08-15T22:13:00.012-0500	DEBUG	protocol/handler.go:1591	have processed broadcast	{"{round 20 3  <nil>}": {"Key":"from","Type":15,"Integer":0,"String":"a","Interface":null}}
2025-08-15T22:13:00.012-0500	DEBUG	protocol/handler.go:1591	have processed broadcast	{"{round 20 3  <nil>}": {"Key":"from","Type":15,"Integer":0,"String":"c","Interface":null}}
2025-08-15T22:13:00.012-0500	DEBUG	protocol/handler.go:1649	have all messages and processed	{"{round 20 3  <nil>}": {"Key":"self","Type":15,"Integer":0,"String":"b","Interface":null}}
2025-08-15T22:13:00.012-0500	DEBUG	protocol/handler.go:596	round already finalized
2025-08-15T22:13:00.073-0500	DEBUG	protocol/handler.go:581	tryAdvanceRound called	{"{current_round 20 3  <nil>}": {"Key":"self","Type":15,"Integer":0,"String":"b","Interface":null}}
2025-08-15T22:13:00.073-0500	DEBUG	protocol/handler.go:1591	have processed broadcast	{"{round 20 3  <nil>}": {"Key":"from","Type":15,"Integer":0,"String":"a","Interface":null}}
2025-08-15T22:13:00.073-0500	DEBUG	protocol/handler.go:1591	have processed broadcast	{"{round 20 3  <nil>}": {"Key":"from","Type":15,"Integer":0,"String":"c","Interface":null}}
2025-08-15T22:13:00.073-0500	DEBUG	protocol/handler.go:1649	have all messages and processed	{"{round 20 3  <nil>}": {"Key":"self","Type":15,"Integer":0,"String":"b","Interface":null}}
2025-08-15T22:13:00.073-0500	DEBUG	protocol/handler.go:596	round already finalized
2025-08-15T22:13:00.073-0500	DEBUG	protocol/handler.go:581	tryAdvanceRound called	{"{current_round 20 3  <nil>}": {"Key":"self","Type":15,"Integer":0,"String":"b","Interface":null}}
2025-08-15T22:13:00.073-0500	DEBUG	protocol/handler.go:1591	have processed broadcast	{"{round 20 3  <nil>}": {"Key":"from","Type":15,"Integer":0,"String":"a","Interface":null}}
2025-08-15T22:13:00.073-0500	DEBUG	protocol/handler.go:1591	have processed broadcast	{"{round 20 3  <nil>}": {"Key":"from","Type":15,"Integer":0,"String":"c","Interface":null}}
2025-08-15T22:13:00.073-0500	DEBUG	protocol/handler.go:1649	have all messages and processed	{"{round 20 3  <nil>}": {"Key":"self","Type":15,"Integer":0,"String":"b","Interface":null}}
2025-08-15T22:13:00.073-0500	DEBUG	protocol/handler.go:596	round already finalized
2025-08-15T22:12:59.943-0500	DEBUG	protocol/handler.go:596	round already finalized
2025-08-15T22:13:00.073-0500	DEBUG	protocol/handler.go:581	tryAdvanceRound called	{"{current_round 20 3  <nil>}": {"Key":"self","Type":15,"Integer":0,"String":"a","Interface":null}}
2025-08-15T22:13:00.073-0500	DEBUG	protocol/handler.go:1591	have processed broadcast	{"{round 20 3  <nil>}": {"Key":"from","Type":15,"Integer":0,"String":"b","Interface":null}}
2025-08-15T22:13:00.073-0500	DEBUG	protocol/handler.go:1591	have processed broadcast	{"{round 20 3  <nil>}": {"Key":"from","Type":15,"Integer":0,"String":"c","Interface":null}}
2025-08-15T22:13:00.073-0500	DEBUG	protocol/handler.go:1649	have all messages and processed	{"{round 20 3  <nil>}": {"Key":"self","Type":15,"Integer":0,"String":"a","Interface":null}}
2025-08-15T22:13:00.073-0500	DEBUG	protocol/handler.go:596	round already finalized
2025-08-15T22:13:00.080-0500	DEBUG	protocol/handler.go:1591	have processed broadcast	{"{round 20 3  <nil>}": {"Key":"from","Type":15,"Integer":0,"String":"a","Interface":null}}
2025-08-15T22:13:00.080-0500	DEBUG	protocol/handler.go:1591	have processed broadcast	{"{round 20 3  <nil>}": {"Key":"from","Type":15,"Integer":0,"String":"b","Interface":null}}
2025-08-15T22:13:00.080-0500	DEBUG	protocol/handler.go:1649	have all messages and processed	{"{round 20 3  <nil>}": {"Key":"self","Type":15,"Integer":0,"String":"c","Interface":null}}
2025-08-15T22:13:00.080-0500	DEBUG	protocol/handler.go:596	round already finalized
2025-08-15T22:13:00.080-0500	DEBUG	protocol/handler.go:581	tryAdvanceRound called	{"{current_round 20 3  <nil>}": {"Key":"self","Type":15,"Integer":0,"String":"c","Interface":null}}
2025-08-15T22:13:00.080-0500	DEBUG	protocol/handler.go:1591	have processed broadcast	{"{round 20 3  <nil>}": {"Key":"from","Type":15,"Integer":0,"String":"a","Interface":null}}
2025-08-15T22:13:00.080-0500	DEBUG	protocol/handler.go:1591	have processed broadcast	{"{round 20 3  <nil>}": {"Key":"from","Type":15,"Integer":0,"String":"b","Interface":null}}
2025-08-15T22:13:00.080-0500	DEBUG	protocol/handler.go:1649	have all messages and processed	{"{round 20 3  <nil>}": {"Key":"self","Type":15,"Integer":0,"String":"c","Interface":null}}
2025-08-15T22:13:00.080-0500	DEBUG	protocol/handler.go:596	round already finalized
2025-08-15T22:13:00.116-0500	DEBUG	protocol/handler.go:581	tryAdvanceRound called	{"{current_round 20 3  <nil>}": {"Key":"self","Type":15,"Integer":0,"String":"b","Interface":null}}
2025-08-15T22:13:00.126-0500	DEBUG	protocol/handler.go:581	tryAdvanceRound called	{"{current_round 20 3  <nil>}": {"Key":"self","Type":15,"Integer":0,"String":"c","Interface":null}}
2025-08-15T22:13:00.294-0500	DEBUG	protocol/handler.go:1591	have processed broadcast	{"{round 20 3  <nil>}": {"Key":"from","Type":15,"Integer":0,"String":"a","Interface":null}}
2025-08-15T22:13:00.294-0500	DEBUG	protocol/handler.go:1591	have processed broadcast	{"{round 20 3  <nil>}": {"Key":"from","Type":15,"Integer":0,"String":"b","Interface":null}}
2025-08-15T22:13:00.294-0500	DEBUG	protocol/handler.go:1649	have all messages and processed	{"{round 20 3  <nil>}": {"Key":"self","Type":15,"Integer":0,"String":"c","Interface":null}}
2025-08-15T22:13:00.294-0500	DEBUG	protocol/handler.go:596	round already finalized
2025-08-15T22:13:00.294-0500	DEBUG	protocol/handler.go:581	tryAdvanceRound called	{"{current_round 20 3  <nil>}": {"Key":"self","Type":15,"Integer":0,"String":"c","Interface":null}}
2025-08-15T22:13:00.294-0500	DEBUG	protocol/handler.go:1591	have processed broadcast	{"{round 20 3  <nil>}": {"Key":"from","Type":15,"Integer":0,"String":"a","Interface":null}}
2025-08-15T22:13:00.294-0500	DEBUG	protocol/handler.go:1591	have processed broadcast	{"{round 20 3  <nil>}": {"Key":"from","Type":15,"Integer":0,"String":"b","Interface":null}}
2025-08-15T22:13:00.294-0500	DEBUG	protocol/handler.go:1649	have all messages and processed	{"{round 20 3  <nil>}": {"Key":"self","Type":15,"Integer":0,"String":"c","Interface":null}}
2025-08-15T22:13:00.294-0500	DEBUG	protocol/handler.go:596	round already finalized
2025-08-15T22:13:00.130-0500	DEBUG	protocol/handler.go:581	tryAdvanceRound called	{"{current_round 20 3  <nil>}": {"Key":"self","Type":15,"Integer":0,"String":"a","Interface":null}}
2025-08-15T22:13:00.294-0500	DEBUG	protocol/handler.go:1591	have processed broadcast	{"{round 20 3  <nil>}": {"Key":"from","Type":15,"Integer":0,"String":"b","Interface":null}}
2025-08-15T22:13:00.295-0500	DEBUG	protocol/handler.go:1591	have processed broadcast	{"{round 20 3  <nil>}": {"Key":"from","Type":15,"Integer":0,"String":"c","Interface":null}}
2025-08-15T22:13:00.295-0500	DEBUG	protocol/handler.go:1649	have all messages and processed	{"{round 20 3  <nil>}": {"Key":"self","Type":15,"Integer":0,"String":"a","Interface":null}}
2025-08-15T22:13:00.295-0500	DEBUG	protocol/handler.go:596	round already finalized
2025-08-15T22:13:00.295-0500	DEBUG	protocol/handler.go:581	tryAdvanceRound called	{"{current_round 20 3  <nil>}": {"Key":"self","Type":15,"Integer":0,"String":"a","Interface":null}}
2025-08-15T22:13:00.295-0500	DEBUG	protocol/handler.go:1591	have processed broadcast	{"{round 20 3  <nil>}": {"Key":"from","Type":15,"Integer":0,"String":"b","Interface":null}}
2025-08-15T22:13:00.295-0500	DEBUG	protocol/handler.go:1591	have processed broadcast	{"{round 20 3  <nil>}": {"Key":"from","Type":15,"Integer":0,"String":"c","Interface":null}}
2025-08-15T22:13:00.295-0500	DEBUG	protocol/handler.go:1649	have all messages and processed	{"{round 20 3  <nil>}": {"Key":"self","Type":15,"Integer":0,"String":"a","Interface":null}}
2025-08-15T22:13:00.295-0500	DEBUG	protocol/handler.go:596	round already finalized
2025-08-15T22:13:00.318-0500	DEBUG	protocol/handler.go:581	tryAdvanceRound called	{"{current_round 20 3  <nil>}": {"Key":"self","Type":15,"Integer":0,"String":"a","Interface":null}}
2025-08-15T22:13:00.319-0500	DEBUG	protocol/handler.go:1591	have processed broadcast	{"{round 20 3  <nil>}": {"Key":"from","Type":15,"Integer":0,"String":"b","Interface":null}}
2025-08-15T22:13:00.319-0500	DEBUG	protocol/handler.go:1591	have processed broadcast	{"{round 20 3  <nil>}": {"Key":"from","Type":15,"Integer":0,"String":"c","Interface":null}}
2025-08-15T22:13:00.319-0500	DEBUG	protocol/handler.go:1649	have all messages and processed	{"{round 20 3  <nil>}": {"Key":"self","Type":15,"Integer":0,"String":"a","Interface":null}}
2025-08-15T22:13:00.319-0500	DEBUG	protocol/handler.go:596	round already finalized
2025-08-15T22:13:00.325-0500	DEBUG	protocol/handler.go:581	tryAdvanceRound called	{"{current_round 20 3  <nil>}": {"Key":"self","Type":15,"Integer":0,"String":"c","Interface":null}}
2025-08-15T22:13:00.325-0500	DEBUG	protocol/handler.go:1591	have processed broadcast	{"{round 20 3  <nil>}": {"Key":"from","Type":15,"Integer":0,"String":"a","Interface":null}}
2025-08-15T22:13:00.325-0500	DEBUG	protocol/handler.go:1591	have processed broadcast	{"{round 20 3  <nil>}": {"Key":"from","Type":15,"Integer":0,"String":"b","Interface":null}}
2025-08-15T22:13:00.325-0500	DEBUG	protocol/handler.go:1649	have all messages and processed	{"{round 20 3  <nil>}": {"Key":"self","Type":15,"Integer":0,"String":"c","Interface":null}}
2025-08-15T22:13:00.325-0500	DEBUG	protocol/handler.go:596	round already finalized
2025-08-15T22:13:00.325-0500	DEBUG	protocol/handler.go:581	tryAdvanceRound called	{"{current_round 20 3  <nil>}": {"Key":"self","Type":15,"Integer":0,"String":"c","Interface":null}}
2025-08-15T22:13:00.325-0500	DEBUG	protocol/handler.go:1591	have processed broadcast	{"{round 20 3  <nil>}": {"Key":"from","Type":15,"Integer":0,"String":"a","Interface":null}}
2025-08-15T22:13:00.326-0500	DEBUG	protocol/handler.go:1591	have processed broadcast	{"{round 20 3  <nil>}": {"Key":"from","Type":15,"Integer":0,"String":"b","Interface":null}}
2025-08-15T22:13:00.326-0500	DEBUG	protocol/handler.go:1649	have all messages and processed	{"{round 20 3  <nil>}": {"Key":"self","Type":15,"Integer":0,"String":"c","Interface":null}}
2025-08-15T22:13:00.326-0500	DEBUG	protocol/handler.go:596	round already finalized
2025-08-15T22:13:00.341-0500	DEBUG	protocol/handler.go:581	tryAdvanceRound called	{"{current_round 20 3  <nil>}": {"Key":"self","Type":15,"Integer":0,"String":"a","Interface":null}}
2025-08-15T22:13:00.342-0500	DEBUG	protocol/handler.go:1591	have processed broadcast	{"{round 20 3  <nil>}": {"Key":"from","Type":15,"Integer":0,"String":"b","Interface":null}}
2025-08-15T22:13:00.342-0500	DEBUG	protocol/handler.go:1591	have processed broadcast	{"{round 20 3  <nil>}": {"Key":"from","Type":15,"Integer":0,"String":"c","Interface":null}}
2025-08-15T22:13:00.342-0500	DEBUG	protocol/handler.go:1649	have all messages and processed	{"{round 20 3  <nil>}": {"Key":"self","Type":15,"Integer":0,"String":"a","Interface":null}}
2025-08-15T22:13:00.343-0500	DEBUG	protocol/handler.go:596	round already finalized
2025-08-15T22:13:00.260-0500	DEBUG	protocol/handler.go:1591	have processed broadcast	{"{round 20 3  <nil>}": {"Key":"from","Type":15,"Integer":0,"String":"a","Interface":null}}
2025-08-15T22:13:00.511-0500	DEBUG	protocol/handler.go:1591	have processed broadcast	{"{round 20 3  <nil>}": {"Key":"from","Type":15,"Integer":0,"String":"c","Interface":null}}
2025-08-15T22:13:00.512-0500	DEBUG	protocol/handler.go:1649	have all messages and processed	{"{round 20 3  <nil>}": {"Key":"self","Type":15,"Integer":0,"String":"b","Interface":null}}
2025-08-15T22:13:00.512-0500	DEBUG	protocol/handler.go:596	round already finalized
2025-08-15T22:13:00.512-0500	DEBUG	protocol/handler.go:581	tryAdvanceRound called	{"{current_round 20 3  <nil>}": {"Key":"self","Type":15,"Integer":0,"String":"b","Interface":null}}
2025-08-15T22:13:00.512-0500	DEBUG	protocol/handler.go:1591	have processed broadcast	{"{round 20 3  <nil>}": {"Key":"from","Type":15,"Integer":0,"String":"a","Interface":null}}
2025-08-15T22:13:00.513-0500	DEBUG	protocol/handler.go:1591	have processed broadcast	{"{round 20 3  <nil>}": {"Key":"from","Type":15,"Integer":0,"String":"c","Interface":null}}
2025-08-15T22:13:00.513-0500	DEBUG	protocol/handler.go:1649	have all messages and processed	{"{round 20 3  <nil>}": {"Key":"self","Type":15,"Integer":0,"String":"b","Interface":null}}
2025-08-15T22:13:00.513-0500	DEBUG	protocol/handler.go:596	round already finalized
2025-08-15T22:13:00.535-0500	DEBUG	protocol/handler.go:581	tryAdvanceRound called	{"{current_round 20 3  <nil>}": {"Key":"self","Type":15,"Integer":0,"String":"b","Interface":null}}
2025-08-15T22:13:00.536-0500	DEBUG	protocol/handler.go:1591	have processed broadcast	{"{round 20 3  <nil>}": {"Key":"from","Type":15,"Integer":0,"String":"a","Interface":null}}
2025-08-15T22:13:00.536-0500	DEBUG	protocol/handler.go:1591	have processed broadcast	{"{round 20 3  <nil>}": {"Key":"from","Type":15,"Integer":0,"String":"c","Interface":null}}
2025-08-15T22:13:00.536-0500	DEBUG	protocol/handler.go:1649	have all messages and processed	{"{round 20 3  <nil>}": {"Key":"self","Type":15,"Integer":0,"String":"b","Interface":null}}
2025-08-15T22:13:00.536-0500	DEBUG	protocol/handler.go:596	round already finalized
2025-08-15T22:13:00.556-0500	DEBUG	protocol/handler.go:581	tryAdvanceRound called	{"{current_round 20 3  <nil>}": {"Key":"self","Type":15,"Integer":0,"String":"c","Interface":null}}
2025-08-15T22:13:00.556-0500	DEBUG	protocol/handler.go:1591	have processed broadcast	{"{round 20 3  <nil>}": {"Key":"from","Type":15,"Integer":0,"String":"a","Interface":null}}
2025-08-15T22:13:00.556-0500	DEBUG	protocol/handler.go:1591	have processed broadcast	{"{round 20 3  <nil>}": {"Key":"from","Type":15,"Integer":0,"String":"b","Interface":null}}
2025-08-15T22:13:00.556-0500	DEBUG	protocol/handler.go:1649	have all messages and processed	{"{round 20 3  <nil>}": {"Key":"self","Type":15,"Integer":0,"String":"c","Interface":null}}
2025-08-15T22:13:00.556-0500	DEBUG	protocol/handler.go:596	round already finalized
2025-08-15T22:13:00.557-0500	DEBUG	protocol/handler.go:581	tryAdvanceRound called	{"{current_round 20 3  <nil>}": {"Key":"self","Type":15,"Integer":0,"String":"c","Interface":null}}
2025-08-15T22:13:00.557-0500	DEBUG	protocol/handler.go:1591	have processed broadcast	{"{round 20 3  <nil>}": {"Key":"from","Type":15,"Integer":0,"String":"a","Interface":null}}
2025-08-15T22:13:00.557-0500	DEBUG	protocol/handler.go:1591	have processed broadcast	{"{round 20 3  <nil>}": {"Key":"from","Type":15,"Integer":0,"String":"b","Interface":null}}
2025-08-15T22:13:00.557-0500	DEBUG	protocol/handler.go:1649	have all messages and processed	{"{round 20 3  <nil>}": {"Key":"self","Type":15,"Integer":0,"String":"c","Interface":null}}
2025-08-15T22:13:00.557-0500	DEBUG	protocol/handler.go:596	round already finalized
2025-08-15T22:13:00.557-0500	DEBUG	protocol/handler.go:581	tryAdvanceRound called	{"{current_round 20 3  <nil>}": {"Key":"self","Type":15,"Integer":0,"String":"a","Interface":null}}
2025-08-15T22:13:00.557-0500	DEBUG	protocol/handler.go:1591	have processed broadcast	{"{round 20 3  <nil>}": {"Key":"from","Type":15,"Integer":0,"String":"b","Interface":null}}
2025-08-15T22:13:00.557-0500	DEBUG	protocol/handler.go:1591	have processed broadcast	{"{round 20 3  <nil>}": {"Key":"from","Type":15,"Integer":0,"String":"c","Interface":null}}
2025-08-15T22:13:00.557-0500	DEBUG	protocol/handler.go:1649	have all messages and processed	{"{round 20 3  <nil>}": {"Key":"self","Type":15,"Integer":0,"String":"a","Interface":null}}
2025-08-15T22:13:00.557-0500	DEBUG	protocol/handler.go:596	round already finalized
2025-08-15T22:13:00.575-0500	DEBUG	protocol/handler.go:581	tryAdvanceRound called	{"{current_round 20 3  <nil>}": {"Key":"self","Type":15,"Integer":0,"String":"b","Interface":null}}
2025-08-15T22:13:00.576-0500	DEBUG	protocol/handler.go:1591	have processed broadcast	{"{round 20 3  <nil>}": {"Key":"from","Type":15,"Integer":0,"String":"a","Interface":null}}
2025-08-15T22:13:00.576-0500	DEBUG	protocol/handler.go:1591	have processed broadcast	{"{round 20 3  <nil>}": {"Key":"from","Type":15,"Integer":0,"String":"c","Interface":null}}
2025-08-15T22:13:00.576-0500	DEBUG	protocol/handler.go:1649	have all messages and processed	{"{round 20 3  <nil>}": {"Key":"self","Type":15,"Integer":0,"String":"b","Interface":null}}
2025-08-15T22:13:00.576-0500	DEBUG	protocol/handler.go:596	round already finalized
2025-08-15T22:13:00.607-0500	DEBUG	protocol/handler.go:581	tryAdvanceRound called	{"{current_round 20 3  <nil>}": {"Key":"self","Type":15,"Integer":0,"String":"c","Interface":null}}
2025-08-15T22:13:00.614-0500	DEBUG	protocol/handler.go:581	tryAdvanceRound called	{"{current_round 20 3  <nil>}": {"Key":"self","Type":15,"Integer":0,"String":"b","Interface":null}}
2025-08-15T22:13:00.614-0500	DEBUG	protocol/handler.go:1591	have processed broadcast	{"{round 20 3  <nil>}": {"Key":"from","Type":15,"Integer":0,"String":"a","Interface":null}}
2025-08-15T22:13:00.614-0500	DEBUG	protocol/handler.go:1591	have processed broadcast	{"{round 20 3  <nil>}": {"Key":"from","Type":15,"Integer":0,"String":"c","Interface":null}}
2025-08-15T22:13:00.614-0500	DEBUG	protocol/handler.go:1649	have all messages and processed	{"{round 20 3  <nil>}": {"Key":"self","Type":15,"Integer":0,"String":"b","Interface":null}}
2025-08-15T22:13:00.614-0500	DEBUG	protocol/handler.go:596	round already finalized
2025-08-15T22:13:00.614-0500	DEBUG	protocol/handler.go:581	tryAdvanceRound called	{"{current_round 20 3  <nil>}": {"Key":"self","Type":15,"Integer":0,"String":"b","Interface":null}}
2025-08-15T22:13:00.614-0500	DEBUG	protocol/handler.go:1591	have processed broadcast	{"{round 20 3  <nil>}": {"Key":"from","Type":15,"Integer":0,"String":"a","Interface":null}}
2025-08-15T22:13:00.614-0500	DEBUG	protocol/handler.go:1591	have processed broadcast	{"{round 20 3  <nil>}": {"Key":"from","Type":15,"Integer":0,"String":"c","Interface":null}}
2025-08-15T22:13:00.614-0500	DEBUG	protocol/handler.go:1649	have all messages and processed	{"{round 20 3  <nil>}": {"Key":"self","Type":15,"Integer":0,"String":"b","Interface":null}}
2025-08-15T22:13:00.614-0500	DEBUG	protocol/handler.go:596	round already finalized
2025-08-15T22:13:00.615-0500	DEBUG	protocol/handler.go:1591	have processed broadcast	{"{round 20 3  <nil>}": {"Key":"from","Type":15,"Integer":0,"String":"a","Interface":null}}
2025-08-15T22:13:00.615-0500	DEBUG	protocol/handler.go:1591	have processed broadcast	{"{round 20 3  <nil>}": {"Key":"from","Type":15,"Integer":0,"String":"b","Interface":null}}
2025-08-15T22:13:00.615-0500	DEBUG	protocol/handler.go:1649	have all messages and processed	{"{round 20 3  <nil>}": {"Key":"self","Type":15,"Integer":0,"String":"c","Interface":null}}
2025-08-15T22:13:00.615-0500	DEBUG	protocol/handler.go:596	round already finalized
2025-08-15T22:13:00.615-0500	DEBUG	protocol/handler.go:581	tryAdvanceRound called	{"{current_round 20 3  <nil>}": {"Key":"self","Type":15,"Integer":0,"String":"c","Interface":null}}
2025-08-15T22:13:00.619-0500	DEBUG	protocol/handler.go:1591	have processed broadcast	{"{round 20 3  <nil>}": {"Key":"from","Type":15,"Integer":0,"String":"a","Interface":null}}
2025-08-15T22:13:00.619-0500	DEBUG	protocol/handler.go:1591	have processed broadcast	{"{round 20 3  <nil>}": {"Key":"from","Type":15,"Integer":0,"String":"b","Interface":null}}
2025-08-15T22:13:00.625-0500	DEBUG	protocol/handler.go:581	tryAdvanceRound called	{"{current_round 20 3  <nil>}": {"Key":"self","Type":15,"Integer":0,"String":"a","Interface":null}}
2025-08-15T22:13:00.633-0500	DEBUG	protocol/handler.go:1591	have processed broadcast	{"{round 20 3  <nil>}": {"Key":"from","Type":15,"Integer":0,"String":"b","Interface":null}}
2025-08-15T22:13:00.633-0500	DEBUG	protocol/handler.go:1591	have processed broadcast	{"{round 20 3  <nil>}": {"Key":"from","Type":15,"Integer":0,"String":"c","Interface":null}}
2025-08-15T22:13:00.633-0500	DEBUG	protocol/handler.go:1649	have all messages and processed	{"{round 20 3  <nil>}": {"Key":"self","Type":15,"Integer":0,"String":"a","Interface":null}}
2025-08-15T22:13:00.633-0500	DEBUG	protocol/handler.go:596	round already finalized
2025-08-15T22:13:00.633-0500	DEBUG	protocol/handler.go:581	tryAdvanceRound called	{"{current_round 20 3  <nil>}": {"Key":"self","Type":15,"Integer":0,"String":"a","Interface":null}}
2025-08-15T22:13:00.633-0500	DEBUG	protocol/handler.go:1591	have processed broadcast	{"{round 20 3  <nil>}": {"Key":"from","Type":15,"Integer":0,"String":"b","Interface":null}}
2025-08-15T22:13:00.633-0500	DEBUG	protocol/handler.go:1591	have processed broadcast	{"{round 20 3  <nil>}": {"Key":"from","Type":15,"Integer":0,"String":"c","Interface":null}}
2025-08-15T22:13:00.633-0500	DEBUG	protocol/handler.go:1649	have all messages and processed	{"{round 20 3  <nil>}": {"Key":"self","Type":15,"Integer":0,"String":"a","Interface":null}}
2025-08-15T22:13:00.633-0500	DEBUG	protocol/handler.go:596	round already finalized
2025-08-15T22:13:00.633-0500	DEBUG	protocol/handler.go:581	tryAdvanceRound called	{"{current_round 20 3  <nil>}": {"Key":"self","Type":15,"Integer":0,"String":"a","Interface":null}}
2025-08-15T22:13:00.633-0500	DEBUG	protocol/handler.go:1591	have processed broadcast	{"{round 20 3  <nil>}": {"Key":"from","Type":15,"Integer":0,"String":"b","Interface":null}}
2025-08-15T22:13:00.633-0500	DEBUG	protocol/handler.go:1591	have processed broadcast	{"{round 20 3  <nil>}": {"Key":"from","Type":15,"Integer":0,"String":"c","Interface":null}}
2025-08-15T22:13:00.633-0500	DEBUG	protocol/handler.go:1649	have all messages and processed	{"{round 20 3  <nil>}": {"Key":"self","Type":15,"Integer":0,"String":"a","Interface":null}}
2025-08-15T22:13:00.634-0500	DEBUG	protocol/handler.go:596	round already finalized
2025-08-15T22:13:00.668-0500	DEBUG	protocol/handler.go:581	tryAdvanceRound called	{"{current_round 20 3  <nil>}": {"Key":"self","Type":15,"Integer":0,"String":"b","Interface":null}}
2025-08-15T22:13:00.669-0500	DEBUG	protocol/handler.go:1591	have processed broadcast	{"{round 20 3  <nil>}": {"Key":"from","Type":15,"Integer":0,"String":"a","Interface":null}}
2025-08-15T22:13:00.671-0500	DEBUG	protocol/handler.go:1591	have processed broadcast	{"{round 20 3  <nil>}": {"Key":"from","Type":15,"Integer":0,"String":"c","Interface":null}}
2025-08-15T22:13:00.672-0500	DEBUG	protocol/handler.go:1649	have all messages and processed	{"{round 20 3  <nil>}": {"Key":"self","Type":15,"Integer":0,"String":"b","Interface":null}}
2025-08-15T22:13:00.672-0500	DEBUG	protocol/handler.go:596	round already finalized
2025-08-15T22:13:00.672-0500	DEBUG	protocol/handler.go:581	tryAdvanceRound called	{"{current_round 20 3  <nil>}": {"Key":"self","Type":15,"Integer":0,"String":"b","Interface":null}}
2025-08-15T22:13:00.672-0500	DEBUG	protocol/handler.go:1591	have processed broadcast	{"{round 20 3  <nil>}": {"Key":"from","Type":15,"Integer":0,"String":"a","Interface":null}}
2025-08-15T22:13:00.672-0500	DEBUG	protocol/handler.go:1591	have processed broadcast	{"{round 20 3  <nil>}": {"Key":"from","Type":15,"Integer":0,"String":"c","Interface":null}}
2025-08-15T22:13:00.672-0500	DEBUG	protocol/handler.go:1649	have all messages and processed	{"{round 20 3  <nil>}": {"Key":"self","Type":15,"Integer":0,"String":"b","Interface":null}}
2025-08-15T22:13:00.672-0500	DEBUG	protocol/handler.go:596	round already finalized
2025-08-15T22:13:00.672-0500	DEBUG	protocol/handler.go:581	tryAdvanceRound called	{"{current_round 20 3  <nil>}": {"Key":"self","Type":15,"Integer":0,"String":"b","Interface":null}}
2025-08-15T22:13:00.672-0500	DEBUG	protocol/handler.go:1591	have processed broadcast	{"{round 20 3  <nil>}": {"Key":"from","Type":15,"Integer":0,"String":"a","Interface":null}}
2025-08-15T22:13:00.672-0500	DEBUG	protocol/handler.go:1591	have processed broadcast	{"{round 20 3  <nil>}": {"Key":"from","Type":15,"Integer":0,"String":"c","Interface":null}}
2025-08-15T22:13:00.672-0500	DEBUG	protocol/handler.go:1649	have all messages and processed	{"{round 20 3  <nil>}": {"Key":"self","Type":15,"Integer":0,"String":"b","Interface":null}}
2025-08-15T22:13:00.672-0500	DEBUG	protocol/handler.go:596	round already finalized
2025-08-15T22:13:00.675-0500	DEBUG	protocol/handler.go:581	tryAdvanceRound called	{"{current_round 20 3  <nil>}": {"Key":"self","Type":15,"Integer":0,"String":"a","Interface":null}}
2025-08-15T22:13:00.685-0500	DEBUG	protocol/handler.go:1591	have processed broadcast	{"{round 20 3  <nil>}": {"Key":"from","Type":15,"Integer":0,"String":"b","Interface":null}}
2025-08-15T22:13:00.685-0500	DEBUG	protocol/handler.go:1591	have processed broadcast	{"{round 20 3  <nil>}": {"Key":"from","Type":15,"Integer":0,"String":"c","Interface":null}}
2025-08-15T22:13:00.685-0500	DEBUG	protocol/handler.go:1649	have all messages and processed	{"{round 20 3  <nil>}": {"Key":"self","Type":15,"Integer":0,"String":"a","Interface":null}}
2025-08-15T22:13:00.685-0500	DEBUG	protocol/handler.go:596	round already finalized
2025-08-15T22:13:00.685-0500	DEBUG	protocol/handler.go:581	tryAdvanceRound called	{"{current_round 20 3  <nil>}": {"Key":"self","Type":15,"Integer":0,"String":"a","Interface":null}}
2025-08-15T22:13:00.686-0500	DEBUG	protocol/handler.go:1591	have processed broadcast	{"{round 20 3  <nil>}": {"Key":"from","Type":15,"Integer":0,"String":"b","Interface":null}}
2025-08-15T22:13:00.686-0500	DEBUG	protocol/handler.go:1591	have processed broadcast	{"{round 20 3  <nil>}": {"Key":"from","Type":15,"Integer":0,"String":"c","Interface":null}}
2025-08-15T22:13:00.686-0500	DEBUG	protocol/handler.go:1649	have all messages and processed	{"{round 20 3  <nil>}": {"Key":"self","Type":15,"Integer":0,"String":"a","Interface":null}}
2025-08-15T22:13:00.686-0500	DEBUG	protocol/handler.go:596	round already finalized
2025-08-15T22:13:00.686-0500	DEBUG	protocol/handler.go:581	tryAdvanceRound called	{"{current_round 20 3  <nil>}": {"Key":"self","Type":15,"Integer":0,"String":"a","Interface":null}}
2025-08-15T22:13:00.686-0500	DEBUG	protocol/handler.go:1591	have processed broadcast	{"{round 20 3  <nil>}": {"Key":"from","Type":15,"Integer":0,"String":"b","Interface":null}}
2025-08-15T22:13:00.686-0500	DEBUG	protocol/handler.go:1591	have processed broadcast	{"{round 20 3  <nil>}": {"Key":"from","Type":15,"Integer":0,"String":"c","Interface":null}}
2025-08-15T22:13:00.686-0500	DEBUG	protocol/handler.go:1649	have all messages and processed	{"{round 20 3  <nil>}": {"Key":"self","Type":15,"Integer":0,"String":"a","Interface":null}}
2025-08-15T22:13:00.686-0500	DEBUG	protocol/handler.go:596	round already finalized
2025-08-15T22:13:00.619-0500	DEBUG	protocol/handler.go:1649	have all messages and processed	{"{round 20 3  <nil>}": {"Key":"self","Type":15,"Integer":0,"String":"c","Interface":null}}
2025-08-15T22:13:00.712-0500	DEBUG	protocol/handler.go:581	tryAdvanceRound called	{"{current_round 20 3  <nil>}": {"Key":"self","Type":15,"Integer":0,"String":"a","Interface":null}}
2025-08-15T22:13:00.712-0500	DEBUG	protocol/handler.go:1591	have processed broadcast	{"{round 20 3  <nil>}": {"Key":"from","Type":15,"Integer":0,"String":"b","Interface":null}}
2025-08-15T22:13:00.712-0500	DEBUG	protocol/handler.go:1591	have processed broadcast	{"{round 20 3  <nil>}": {"Key":"from","Type":15,"Integer":0,"String":"c","Interface":null}}
2025-08-15T22:13:00.712-0500	DEBUG	protocol/handler.go:1649	have all messages and processed	{"{round 20 3  <nil>}": {"Key":"self","Type":15,"Integer":0,"String":"a","Interface":null}}
2025-08-15T22:13:00.721-0500	DEBUG	protocol/handler.go:581	tryAdvanceRound called	{"{current_round 20 3  <nil>}": {"Key":"self","Type":15,"Integer":0,"String":"b","Interface":null}}
2025-08-15T22:13:00.721-0500	DEBUG	protocol/handler.go:1591	have processed broadcast	{"{round 20 3  <nil>}": {"Key":"from","Type":15,"Integer":0,"String":"a","Interface":null}}
2025-08-15T22:13:00.721-0500	DEBUG	protocol/handler.go:1591	have processed broadcast	{"{round 20 3  <nil>}": {"Key":"from","Type":15,"Integer":0,"String":"c","Interface":null}}
2025-08-15T22:13:00.721-0500	DEBUG	protocol/handler.go:1649	have all messages and processed	{"{round 20 3  <nil>}": {"Key":"self","Type":15,"Integer":0,"String":"b","Interface":null}}
2025-08-15T22:13:00.721-0500	DEBUG	protocol/handler.go:596	round already finalized
2025-08-15T22:13:00.721-0500	DEBUG	protocol/handler.go:581	tryAdvanceRound called	{"{current_round 20 3  <nil>}": {"Key":"self","Type":15,"Integer":0,"String":"b","Interface":null}}
2025-08-15T22:13:00.721-0500	DEBUG	protocol/handler.go:1591	have processed broadcast	{"{round 20 3  <nil>}": {"Key":"from","Type":15,"Integer":0,"String":"a","Interface":null}}
2025-08-15T22:13:00.721-0500	DEBUG	protocol/handler.go:1591	have processed broadcast	{"{round 20 3  <nil>}": {"Key":"from","Type":15,"Integer":0,"String":"c","Interface":null}}
2025-08-15T22:13:00.721-0500	DEBUG	protocol/handler.go:1649	have all messages and processed	{"{round 20 3  <nil>}": {"Key":"self","Type":15,"Integer":0,"String":"b","Interface":null}}
2025-08-15T22:13:00.721-0500	DEBUG	protocol/handler.go:596	round already finalized
2025-08-15T22:13:00.744-0500	DEBUG	protocol/handler.go:581	tryAdvanceRound called	{"{current_round 20 3  <nil>}": {"Key":"self","Type":15,"Integer":0,"String":"b","Interface":null}}
2025-08-15T22:13:00.745-0500	DEBUG	protocol/handler.go:1591	have processed broadcast	{"{round 20 3  <nil>}": {"Key":"from","Type":15,"Integer":0,"String":"a","Interface":null}}
2025-08-15T22:13:00.745-0500	DEBUG	protocol/handler.go:1591	have processed broadcast	{"{round 20 3  <nil>}": {"Key":"from","Type":15,"Integer":0,"String":"c","Interface":null}}
2025-08-15T22:13:00.745-0500	DEBUG	protocol/handler.go:1649	have all messages and processed	{"{round 20 3  <nil>}": {"Key":"self","Type":15,"Integer":0,"String":"b","Interface":null}}
2025-08-15T22:13:00.745-0500	DEBUG	protocol/handler.go:596	round already finalized
2025-08-15T22:13:00.761-0500	DEBUG	protocol/handler.go:596	round already finalized
2025-08-15T22:13:00.761-0500	DEBUG	protocol/handler.go:581	tryAdvanceRound called	{"{current_round 20 3  <nil>}": {"Key":"self","Type":15,"Integer":0,"String":"c","Interface":null}}
2025-08-15T22:13:00.762-0500	DEBUG	protocol/handler.go:1591	have processed broadcast	{"{round 20 3  <nil>}": {"Key":"from","Type":15,"Integer":0,"String":"a","Interface":null}}
2025-08-15T22:13:00.762-0500	DEBUG	protocol/handler.go:1591	have processed broadcast	{"{round 20 3  <nil>}": {"Key":"from","Type":15,"Integer":0,"String":"b","Interface":null}}
2025-08-15T22:13:00.762-0500	DEBUG	protocol/handler.go:1649	have all messages and processed	{"{round 20 3  <nil>}": {"Key":"self","Type":15,"Integer":0,"String":"c","Interface":null}}
2025-08-15T22:13:00.762-0500	DEBUG	protocol/handler.go:596	round already finalized
2025-08-15T22:13:00.803-0500	DEBUG	protocol/handler.go:581	tryAdvanceRound called	{"{current_round 20 3  <nil>}": {"Key":"self","Type":15,"Integer":0,"String":"b","Interface":null}}
2025-08-15T22:13:00.803-0500	DEBUG	protocol/handler.go:1591	have processed broadcast	{"{round 20 3  <nil>}": {"Key":"from","Type":15,"Integer":0,"String":"a","Interface":null}}
2025-08-15T22:13:00.803-0500	DEBUG	protocol/handler.go:1591	have processed broadcast	{"{round 20 3  <nil>}": {"Key":"from","Type":15,"Integer":0,"String":"c","Interface":null}}
2025-08-15T22:13:00.803-0500	DEBUG	protocol/handler.go:1649	have all messages and processed	{"{round 20 3  <nil>}": {"Key":"self","Type":15,"Integer":0,"String":"b","Interface":null}}
2025-08-15T22:13:00.803-0500	DEBUG	protocol/handler.go:596	round already finalized
2025-08-15T22:13:00.803-0500	DEBUG	protocol/handler.go:581	tryAdvanceRound called	{"{current_round 20 3  <nil>}": {"Key":"self","Type":15,"Integer":0,"String":"b","Interface":null}}
2025-08-15T22:13:00.803-0500	DEBUG	protocol/handler.go:1591	have processed broadcast	{"{round 20 3  <nil>}": {"Key":"from","Type":15,"Integer":0,"String":"a","Interface":null}}
2025-08-15T22:13:00.803-0500	DEBUG	protocol/handler.go:1591	have processed broadcast	{"{round 20 3  <nil>}": {"Key":"from","Type":15,"Integer":0,"String":"c","Interface":null}}
2025-08-15T22:13:00.803-0500	DEBUG	protocol/handler.go:1649	have all messages and processed	{"{round 20 3  <nil>}": {"Key":"self","Type":15,"Integer":0,"String":"b","Interface":null}}
2025-08-15T22:13:00.803-0500	DEBUG	protocol/handler.go:596	round already finalized
2025-08-15T22:13:00.812-0500	DEBUG	protocol/handler.go:581	tryAdvanceRound called	{"{current_round 20 3  <nil>}": {"Key":"self","Type":15,"Integer":0,"String":"c","Interface":null}}
2025-08-15T22:13:00.813-0500	DEBUG	protocol/handler.go:1591	have processed broadcast	{"{round 20 3  <nil>}": {"Key":"from","Type":15,"Integer":0,"String":"a","Interface":null}}
2025-08-15T22:13:00.813-0500	DEBUG	protocol/handler.go:1591	have processed broadcast	{"{round 20 3  <nil>}": {"Key":"from","Type":15,"Integer":0,"String":"b","Interface":null}}
2025-08-15T22:13:00.813-0500	DEBUG	protocol/handler.go:1649	have all messages and processed	{"{round 20 3  <nil>}": {"Key":"self","Type":15,"Integer":0,"String":"c","Interface":null}}
2025-08-15T22:13:00.813-0500	DEBUG	protocol/handler.go:596	round already finalized
2025-08-15T22:13:00.712-0500	DEBUG	protocol/handler.go:596	round already finalized
2025-08-15T22:13:00.826-0500	DEBUG	protocol/handler.go:581	tryAdvanceRound called	{"{current_round 20 3  <nil>}": {"Key":"self","Type":15,"Integer":0,"String":"a","Interface":null}}
2025-08-15T22:13:00.826-0500	DEBUG	protocol/handler.go:1591	have processed broadcast	{"{round 20 3  <nil>}": {"Key":"from","Type":15,"Integer":0,"String":"b","Interface":null}}
2025-08-15T22:13:00.826-0500	DEBUG	protocol/handler.go:1591	have processed broadcast	{"{round 20 3  <nil>}": {"Key":"from","Type":15,"Integer":0,"String":"c","Interface":null}}
2025-08-15T22:13:00.826-0500	DEBUG	protocol/handler.go:1649	have all messages and processed	{"{round 20 3  <nil>}": {"Key":"self","Type":15,"Integer":0,"String":"a","Interface":null}}
2025-08-15T22:13:00.826-0500	DEBUG	protocol/handler.go:596	round already finalized
2025-08-15T22:13:00.834-0500	DEBUG	protocol/handler.go:581	tryAdvanceRound called	{"{current_round 20 3  <nil>}": {"Key":"self","Type":15,"Integer":0,"String":"c","Interface":null}}
2025-08-15T22:13:00.834-0500	DEBUG	protocol/handler.go:1591	have processed broadcast	{"{round 20 3  <nil>}": {"Key":"from","Type":15,"Integer":0,"String":"a","Interface":null}}
2025-08-15T22:13:00.834-0500	DEBUG	protocol/handler.go:1591	have processed broadcast	{"{round 20 3  <nil>}": {"Key":"from","Type":15,"Integer":0,"String":"b","Interface":null}}
2025-08-15T22:13:00.834-0500	DEBUG	protocol/handler.go:1649	have all messages and processed	{"{round 20 3  <nil>}": {"Key":"self","Type":15,"Integer":0,"String":"c","Interface":null}}
2025-08-15T22:13:00.834-0500	DEBUG	protocol/handler.go:596	round already finalized
2025-08-15T22:13:00.850-0500	DEBUG	protocol/handler.go:581	tryAdvanceRound called	{"{current_round 20 3  <nil>}": {"Key":"self","Type":15,"Integer":0,"String":"c","Interface":null}}
2025-08-15T22:13:00.850-0500	DEBUG	protocol/handler.go:1591	have processed broadcast	{"{round 20 3  <nil>}": {"Key":"from","Type":15,"Integer":0,"String":"a","Interface":null}}
2025-08-15T22:13:00.850-0500	DEBUG	protocol/handler.go:1591	have processed broadcast	{"{round 20 3  <nil>}": {"Key":"from","Type":15,"Integer":0,"String":"b","Interface":null}}
2025-08-15T22:13:00.850-0500	DEBUG	protocol/handler.go:1649	have all messages and processed	{"{round 20 3  <nil>}": {"Key":"self","Type":15,"Integer":0,"String":"c","Interface":null}}
2025-08-15T22:13:00.850-0500	DEBUG	protocol/handler.go:596	round already finalized
2025-08-15T22:13:00.895-0500	DEBUG	protocol/handler.go:581	tryAdvanceRound called	{"{current_round 20 3  <nil>}": {"Key":"self","Type":15,"Integer":0,"String":"c","Interface":null}}
2025-08-15T22:13:00.895-0500	DEBUG	protocol/handler.go:1591	have processed broadcast	{"{round 20 3  <nil>}": {"Key":"from","Type":15,"Integer":0,"String":"a","Interface":null}}
2025-08-15T22:13:00.895-0500	DEBUG	protocol/handler.go:1591	have processed broadcast	{"{round 20 3  <nil>}": {"Key":"from","Type":15,"Integer":0,"String":"b","Interface":null}}
2025-08-15T22:13:00.895-0500	DEBUG	protocol/handler.go:1649	have all messages and processed	{"{round 20 3  <nil>}": {"Key":"self","Type":15,"Integer":0,"String":"c","Interface":null}}
2025-08-15T22:13:00.895-0500	DEBUG	protocol/handler.go:596	round already finalized
2025-08-15T22:13:00.895-0500	DEBUG	protocol/handler.go:581	tryAdvanceRound called	{"{current_round 20 3  <nil>}": {"Key":"self","Type":15,"Integer":0,"String":"c","Interface":null}}
2025-08-15T22:13:00.895-0500	DEBUG	protocol/handler.go:1591	have processed broadcast	{"{round 20 3  <nil>}": {"Key":"from","Type":15,"Integer":0,"String":"a","Interface":null}}
2025-08-15T22:13:00.895-0500	DEBUG	protocol/handler.go:1591	have processed broadcast	{"{round 20 3  <nil>}": {"Key":"from","Type":15,"Integer":0,"String":"b","Interface":null}}
2025-08-15T22:13:00.895-0500	DEBUG	protocol/handler.go:1649	have all messages and processed	{"{round 20 3  <nil>}": {"Key":"self","Type":15,"Integer":0,"String":"c","Interface":null}}
2025-08-15T22:13:00.895-0500	DEBUG	protocol/handler.go:596	round already finalized
2025-08-15T22:13:00.919-0500	DEBUG	protocol/handler.go:581	tryAdvanceRound called	{"{current_round 20 3  <nil>}": {"Key":"self","Type":15,"Integer":0,"String":"c","Interface":null}}
2025-08-15T22:13:00.919-0500	DEBUG	protocol/handler.go:1591	have processed broadcast	{"{round 20 3  <nil>}": {"Key":"from","Type":15,"Integer":0,"String":"a","Interface":null}}
2025-08-15T22:13:00.919-0500	DEBUG	protocol/handler.go:1591	have processed broadcast	{"{round 20 3  <nil>}": {"Key":"from","Type":15,"Integer":0,"String":"b","Interface":null}}
2025-08-15T22:13:00.919-0500	DEBUG	protocol/handler.go:1649	have all messages and processed	{"{round 20 3  <nil>}": {"Key":"self","Type":15,"Integer":0,"String":"c","Interface":null}}
2025-08-15T22:13:00.919-0500	DEBUG	protocol/handler.go:596	round already finalized
2025-08-15T22:13:00.932-0500	DEBUG	protocol/handler.go:581	tryAdvanceRound called	{"{current_round 20 3  <nil>}": {"Key":"self","Type":15,"Integer":0,"String":"b","Interface":null}}
2025-08-15T22:13:00.932-0500	DEBUG	protocol/handler.go:1591	have processed broadcast	{"{round 20 3  <nil>}": {"Key":"from","Type":15,"Integer":0,"String":"a","Interface":null}}
2025-08-15T22:13:00.933-0500	DEBUG	protocol/handler.go:1591	have processed broadcast	{"{round 20 3  <nil>}": {"Key":"from","Type":15,"Integer":0,"String":"c","Interface":null}}
2025-08-15T22:13:00.933-0500	DEBUG	protocol/handler.go:1649	have all messages and processed	{"{round 20 3  <nil>}": {"Key":"self","Type":15,"Integer":0,"String":"b","Interface":null}}
2025-08-15T22:13:00.933-0500	DEBUG	protocol/handler.go:596	round already finalized
2025-08-15T22:13:00.933-0500	DEBUG	protocol/handler.go:581	tryAdvanceRound called	{"{current_round 20 3  <nil>}": {"Key":"self","Type":15,"Integer":0,"String":"b","Interface":null}}
2025-08-15T22:13:00.933-0500	DEBUG	protocol/handler.go:1591	have processed broadcast	{"{round 20 3  <nil>}": {"Key":"from","Type":15,"Integer":0,"String":"a","Interface":null}}
2025-08-15T22:13:00.933-0500	DEBUG	protocol/handler.go:1591	have processed broadcast	{"{round 20 3  <nil>}": {"Key":"from","Type":15,"Integer":0,"String":"c","Interface":null}}
2025-08-15T22:13:00.933-0500	DEBUG	protocol/handler.go:1649	have all messages and processed	{"{round 20 3  <nil>}": {"Key":"self","Type":15,"Integer":0,"String":"b","Interface":null}}
2025-08-15T22:13:00.876-0500	DEBUG	protocol/handler.go:581	tryAdvanceRound called	{"{current_round 20 3  <nil>}": {"Key":"self","Type":15,"Integer":0,"String":"a","Interface":null}}
2025-08-15T22:13:00.943-0500	DEBUG	protocol/handler.go:1591	have processed broadcast	{"{round 20 3  <nil>}": {"Key":"from","Type":15,"Integer":0,"String":"b","Interface":null}}
2025-08-15T22:13:00.943-0500	DEBUG	protocol/handler.go:1591	have processed broadcast	{"{round 20 3  <nil>}": {"Key":"from","Type":15,"Integer":0,"String":"c","Interface":null}}
2025-08-15T22:13:00.943-0500	DEBUG	protocol/handler.go:1649	have all messages and processed	{"{round 20 3  <nil>}": {"Key":"self","Type":15,"Integer":0,"String":"a","Interface":null}}
2025-08-15T22:13:00.943-0500	DEBUG	protocol/handler.go:596	round already finalized
2025-08-15T22:13:00.944-0500	DEBUG	protocol/handler.go:581	tryAdvanceRound called	{"{current_round 20 3  <nil>}": {"Key":"self","Type":15,"Integer":0,"String":"a","Interface":null}}
2025-08-15T22:13:00.944-0500	DEBUG	protocol/handler.go:1591	have processed broadcast	{"{round 20 3  <nil>}": {"Key":"from","Type":15,"Integer":0,"String":"b","Interface":null}}
2025-08-15T22:13:00.944-0500	DEBUG	protocol/handler.go:1591	have processed broadcast	{"{round 20 3  <nil>}": {"Key":"from","Type":15,"Integer":0,"String":"c","Interface":null}}
2025-08-15T22:13:00.944-0500	DEBUG	protocol/handler.go:1649	have all messages and processed	{"{round 20 3  <nil>}": {"Key":"self","Type":15,"Integer":0,"String":"a","Interface":null}}
2025-08-15T22:13:00.944-0500	DEBUG	protocol/handler.go:596	round already finalized
2025-08-15T22:13:00.964-0500	DEBUG	protocol/handler.go:581	tryAdvanceRound called	{"{current_round 20 3  <nil>}": {"Key":"self","Type":15,"Integer":0,"String":"a","Interface":null}}
2025-08-15T22:13:00.964-0500	DEBUG	protocol/handler.go:581	tryAdvanceRound called	{"{current_round 20 3  <nil>}": {"Key":"self","Type":15,"Integer":0,"String":"c","Interface":null}}
2025-08-15T22:13:00.964-0500	DEBUG	protocol/handler.go:1591	have processed broadcast	{"{round 20 3  <nil>}": {"Key":"from","Type":15,"Integer":0,"String":"b","Interface":null}}
2025-08-15T22:13:00.964-0500	DEBUG	protocol/handler.go:1591	have processed broadcast	{"{round 20 3  <nil>}": {"Key":"from","Type":15,"Integer":0,"String":"a","Interface":null}}
2025-08-15T22:13:00.964-0500	DEBUG	protocol/handler.go:1591	have processed broadcast	{"{round 20 3  <nil>}": {"Key":"from","Type":15,"Integer":0,"String":"c","Interface":null}}
2025-08-15T22:13:00.964-0500	DEBUG	protocol/handler.go:1591	have processed broadcast	{"{round 20 3  <nil>}": {"Key":"from","Type":15,"Integer":0,"String":"b","Interface":null}}
2025-08-15T22:13:00.964-0500	DEBUG	protocol/handler.go:1649	have all messages and processed	{"{round 20 3  <nil>}": {"Key":"self","Type":15,"Integer":0,"String":"a","Interface":null}}
2025-08-15T22:13:00.964-0500	DEBUG	protocol/handler.go:596	round already finalized
2025-08-15T22:13:00.964-0500	DEBUG	protocol/handler.go:1649	have all messages and processed	{"{round 20 3  <nil>}": {"Key":"self","Type":15,"Integer":0,"String":"c","Interface":null}}
2025-08-15T22:13:00.965-0500	DEBUG	protocol/handler.go:596	round already finalized
2025-08-15T22:13:00.987-0500	DEBUG	protocol/handler.go:581	tryAdvanceRound called	{"{current_round 20 3  <nil>}": {"Key":"self","Type":15,"Integer":0,"String":"c","Interface":null}}
2025-08-15T22:13:00.987-0500	DEBUG	protocol/handler.go:1591	have processed broadcast	{"{round 20 3  <nil>}": {"Key":"from","Type":15,"Integer":0,"String":"a","Interface":null}}
2025-08-15T22:13:00.987-0500	DEBUG	protocol/handler.go:1591	have processed broadcast	{"{round 20 3  <nil>}": {"Key":"from","Type":15,"Integer":0,"String":"b","Interface":null}}
2025-08-15T22:13:00.987-0500	DEBUG	protocol/handler.go:1649	have all messages and processed	{"{round 20 3  <nil>}": {"Key":"self","Type":15,"Integer":0,"String":"c","Interface":null}}
2025-08-15T22:13:00.987-0500	DEBUG	protocol/handler.go:596	round already finalized
2025-08-15T22:13:00.987-0500	DEBUG	protocol/handler.go:581	tryAdvanceRound called	{"{current_round 20 3  <nil>}": {"Key":"self","Type":15,"Integer":0,"String":"a","Interface":null}}
2025-08-15T22:13:00.988-0500	DEBUG	protocol/handler.go:1591	have processed broadcast	{"{round 20 3  <nil>}": {"Key":"from","Type":15,"Integer":0,"String":"b","Interface":null}}
2025-08-15T22:13:00.988-0500	DEBUG	protocol/handler.go:1591	have processed broadcast	{"{round 20 3  <nil>}": {"Key":"from","Type":15,"Integer":0,"String":"c","Interface":null}}
2025-08-15T22:13:00.988-0500	DEBUG	protocol/handler.go:1649	have all messages and processed	{"{round 20 3  <nil>}": {"Key":"self","Type":15,"Integer":0,"String":"a","Interface":null}}
2025-08-15T22:13:00.988-0500	DEBUG	protocol/handler.go:596	round already finalized
2025-08-15T22:13:00.933-0500	DEBUG	protocol/handler.go:596	round already finalized
2025-08-15T22:13:01.000-0500	DEBUG	protocol/handler.go:581	tryAdvanceRound called	{"{current_round 20 3  <nil>}": {"Key":"self","Type":15,"Integer":0,"String":"b","Interface":null}}
2025-08-15T22:13:01.000-0500	DEBUG	protocol/handler.go:1591	have processed broadcast	{"{round 20 3  <nil>}": {"Key":"from","Type":15,"Integer":0,"String":"a","Interface":null}}
2025-08-15T22:13:01.000-0500	DEBUG	protocol/handler.go:1591	have processed broadcast	{"{round 20 3  <nil>}": {"Key":"from","Type":15,"Integer":0,"String":"c","Interface":null}}
2025-08-15T22:13:01.000-0500	DEBUG	protocol/handler.go:1649	have all messages and processed	{"{round 20 3  <nil>}": {"Key":"self","Type":15,"Integer":0,"String":"b","Interface":null}}
2025-08-15T22:13:01.000-0500	DEBUG	protocol/handler.go:596	round already finalized
2025-08-15T22:13:01.000-0500	DEBUG	protocol/handler.go:581	tryAdvanceRound called	{"{current_round 20 3  <nil>}": {"Key":"self","Type":15,"Integer":0,"String":"b","Interface":null}}
2025-08-15T22:13:01.000-0500	DEBUG	protocol/handler.go:1591	have processed broadcast	{"{round 20 3  <nil>}": {"Key":"from","Type":15,"Integer":0,"String":"a","Interface":null}}
2025-08-15T22:13:01.000-0500	DEBUG	protocol/handler.go:1591	have processed broadcast	{"{round 20 3  <nil>}": {"Key":"from","Type":15,"Integer":0,"String":"c","Interface":null}}
2025-08-15T22:13:01.000-0500	DEBUG	protocol/handler.go:1649	have all messages and processed	{"{round 20 3  <nil>}": {"Key":"self","Type":15,"Integer":0,"String":"b","Interface":null}}
2025-08-15T22:13:01.000-0500	DEBUG	protocol/handler.go:596	round already finalized
2025-08-15T22:13:01.010-0500	DEBUG	protocol/handler.go:581	tryAdvanceRound called	{"{current_round 20 3  <nil>}": {"Key":"self","Type":15,"Integer":0,"String":"a","Interface":null}}
2025-08-15T22:13:01.010-0500	DEBUG	protocol/handler.go:1591	have processed broadcast	{"{round 20 3  <nil>}": {"Key":"from","Type":15,"Integer":0,"String":"b","Interface":null}}
2025-08-15T22:13:01.010-0500	DEBUG	protocol/handler.go:1591	have processed broadcast	{"{round 20 3  <nil>}": {"Key":"from","Type":15,"Integer":0,"String":"c","Interface":null}}
2025-08-15T22:13:01.010-0500	DEBUG	protocol/handler.go:1649	have all messages and processed	{"{round 20 3  <nil>}": {"Key":"self","Type":15,"Integer":0,"String":"a","Interface":null}}
2025-08-15T22:13:01.011-0500	DEBUG	protocol/handler.go:596	round already finalized
2025-08-15T22:13:01.021-0500	DEBUG	protocol/handler.go:581	tryAdvanceRound called	{"{current_round 20 3  <nil>}": {"Key":"self","Type":15,"Integer":0,"String":"b","Interface":null}}
2025-08-15T22:13:01.021-0500	DEBUG	protocol/handler.go:1591	have processed broadcast	{"{round 20 3  <nil>}": {"Key":"from","Type":15,"Integer":0,"String":"a","Interface":null}}
2025-08-15T22:13:01.021-0500	DEBUG	protocol/handler.go:1591	have processed broadcast	{"{round 20 3  <nil>}": {"Key":"from","Type":15,"Integer":0,"String":"c","Interface":null}}
2025-08-15T22:13:01.021-0500	DEBUG	protocol/handler.go:1649	have all messages and processed	{"{round 20 3  <nil>}": {"Key":"self","Type":15,"Integer":0,"String":"b","Interface":null}}
2025-08-15T22:13:01.021-0500	DEBUG	protocol/handler.go:596	round already finalized
2025-08-15T22:13:01.031-0500	DEBUG	protocol/handler.go:581	tryAdvanceRound called	{"{current_round 20 3  <nil>}": {"Key":"self","Type":15,"Integer":0,"String":"a","Interface":null}}
2025-08-15T22:13:01.031-0500	DEBUG	protocol/handler.go:1591	have processed broadcast	{"{round 20 3  <nil>}": {"Key":"from","Type":15,"Integer":0,"String":"b","Interface":null}}
2025-08-15T22:13:01.031-0500	DEBUG	protocol/handler.go:1591	have processed broadcast	{"{round 20 3  <nil>}": {"Key":"from","Type":15,"Integer":0,"String":"c","Interface":null}}
2025-08-15T22:13:01.031-0500	DEBUG	protocol/handler.go:1649	have all messages and processed	{"{round 20 3  <nil>}": {"Key":"self","Type":15,"Integer":0,"String":"a","Interface":null}}
2025-08-15T22:13:01.031-0500	DEBUG	protocol/handler.go:596	round already finalized
2025-08-15T22:13:01.053-0500	DEBUG	protocol/handler.go:581	tryAdvanceRound called	{"{current_round 20 3  <nil>}": {"Key":"self","Type":15,"Integer":0,"String":"a","Interface":null}}
2025-08-15T22:13:01.053-0500	DEBUG	protocol/handler.go:1591	have processed broadcast	{"{round 20 3  <nil>}": {"Key":"from","Type":15,"Integer":0,"String":"b","Interface":null}}
2025-08-15T22:13:01.053-0500	DEBUG	protocol/handler.go:1591	have processed broadcast	{"{round 20 3  <nil>}": {"Key":"from","Type":15,"Integer":0,"String":"c","Interface":null}}
2025-08-15T22:13:01.053-0500	DEBUG	protocol/handler.go:1649	have all messages and processed	{"{round 20 3  <nil>}": {"Key":"self","Type":15,"Integer":0,"String":"a","Interface":null}}
2025-08-15T22:13:01.053-0500	DEBUG	protocol/handler.go:596	round already finalized
2025-08-15T22:13:01.117-0500	DEBUG	protocol/handler.go:581	tryAdvanceRound called	{"{current_round 20 3  <nil>}": {"Key":"self","Type":15,"Integer":0,"String":"b","Interface":null}}
2025-08-15T22:13:01.147-0500	DEBUG	protocol/handler.go:581	tryAdvanceRound called	{"{current_round 20 3  <nil>}": {"Key":"self","Type":15,"Integer":0,"String":"c","Interface":null}}
2025-08-15T22:13:01.147-0500	DEBUG	protocol/handler.go:1591	have processed broadcast	{"{round 20 3  <nil>}": {"Key":"from","Type":15,"Integer":0,"String":"a","Interface":null}}
2025-08-15T22:13:01.147-0500	DEBUG	protocol/handler.go:1591	have processed broadcast	{"{round 20 3  <nil>}": {"Key":"from","Type":15,"Integer":0,"String":"b","Interface":null}}
2025-08-15T22:13:01.147-0500	DEBUG	protocol/handler.go:1649	have all messages and processed	{"{round 20 3  <nil>}": {"Key":"self","Type":15,"Integer":0,"String":"c","Interface":null}}
2025-08-15T22:13:01.147-0500	DEBUG	protocol/handler.go:596	round already finalized
2025-08-15T22:13:01.168-0500	DEBUG	protocol/handler.go:581	tryAdvanceRound called	{"{current_round 20 3  <nil>}": {"Key":"self","Type":15,"Integer":0,"String":"c","Interface":null}}
2025-08-15T22:13:01.168-0500	DEBUG	protocol/handler.go:1591	have processed broadcast	{"{round 20 3  <nil>}": {"Key":"from","Type":15,"Integer":0,"String":"a","Interface":null}}
2025-08-15T22:13:01.168-0500	DEBUG	protocol/handler.go:1591	have processed broadcast	{"{round 20 3  <nil>}": {"Key":"from","Type":15,"Integer":0,"String":"b","Interface":null}}
2025-08-15T22:13:01.168-0500	DEBUG	protocol/handler.go:1649	have all messages and processed	{"{round 20 3  <nil>}": {"Key":"self","Type":15,"Integer":0,"String":"c","Interface":null}}
2025-08-15T22:13:01.168-0500	DEBUG	protocol/handler.go:596	round already finalized
2025-08-15T22:13:01.129-0500	DEBUG	protocol/handler.go:1591	have processed broadcast	{"{round 20 3  <nil>}": {"Key":"from","Type":15,"Integer":0,"String":"a","Interface":null}}
2025-08-15T22:13:01.198-0500	DEBUG	protocol/handler.go:1591	have processed broadcast	{"{round 20 3  <nil>}": {"Key":"from","Type":15,"Integer":0,"String":"c","Interface":null}}
2025-08-15T22:13:01.199-0500	DEBUG	protocol/handler.go:1649	have all messages and processed	{"{round 20 3  <nil>}": {"Key":"self","Type":15,"Integer":0,"String":"b","Interface":null}}
2025-08-15T22:13:01.199-0500	DEBUG	protocol/handler.go:596	round already finalized
2025-08-15T22:13:01.199-0500	DEBUG	protocol/handler.go:581	tryAdvanceRound called	{"{current_round 20 3  <nil>}": {"Key":"self","Type":15,"Integer":0,"String":"b","Interface":null}}
2025-08-15T22:13:01.199-0500	DEBUG	protocol/handler.go:1591	have processed broadcast	{"{round 20 3  <nil>}": {"Key":"from","Type":15,"Integer":0,"String":"a","Interface":null}}
2025-08-15T22:13:01.199-0500	DEBUG	protocol/handler.go:1591	have processed broadcast	{"{round 20 3  <nil>}": {"Key":"from","Type":15,"Integer":0,"String":"c","Interface":null}}
2025-08-15T22:13:01.199-0500	DEBUG	protocol/handler.go:1649	have all messages and processed	{"{round 20 3  <nil>}": {"Key":"self","Type":15,"Integer":0,"String":"b","Interface":null}}
2025-08-15T22:13:01.199-0500	DEBUG	protocol/handler.go:596	round already finalized
2025-08-15T22:13:01.214-0500	DEBUG	protocol/handler.go:581	tryAdvanceRound called	{"{current_round 20 3  <nil>}": {"Key":"self","Type":15,"Integer":0,"String":"c","Interface":null}}
2025-08-15T22:13:01.214-0500	DEBUG	protocol/handler.go:1591	have processed broadcast	{"{round 20 3  <nil>}": {"Key":"from","Type":15,"Integer":0,"String":"a","Interface":null}}
2025-08-15T22:13:01.214-0500	DEBUG	protocol/handler.go:1591	have processed broadcast	{"{round 20 3  <nil>}": {"Key":"from","Type":15,"Integer":0,"String":"b","Interface":null}}
2025-08-15T22:13:01.214-0500	DEBUG	protocol/handler.go:1649	have all messages and processed	{"{round 20 3  <nil>}": {"Key":"self","Type":15,"Integer":0,"String":"c","Interface":null}}
2025-08-15T22:13:01.215-0500	DEBUG	protocol/handler.go:596	round already finalized
2025-08-15T22:13:01.215-0500	DEBUG	protocol/handler.go:581	tryAdvanceRound called	{"{current_round 20 3  <nil>}": {"Key":"self","Type":15,"Integer":0,"String":"c","Interface":null}}
2025-08-15T22:13:01.215-0500	DEBUG	protocol/handler.go:1591	have processed broadcast	{"{round 20 3  <nil>}": {"Key":"from","Type":15,"Integer":0,"String":"a","Interface":null}}
2025-08-15T22:13:01.215-0500	DEBUG	protocol/handler.go:1591	have processed broadcast	{"{round 20 3  <nil>}": {"Key":"from","Type":15,"Integer":0,"String":"b","Interface":null}}
2025-08-15T22:13:01.215-0500	DEBUG	protocol/handler.go:1649	have all messages and processed	{"{round 20 3  <nil>}": {"Key":"self","Type":15,"Integer":0,"String":"c","Interface":null}}
2025-08-15T22:13:01.215-0500	DEBUG	protocol/handler.go:596	round already finalized
2025-08-15T22:13:01.215-0500	DEBUG	protocol/handler.go:581	tryAdvanceRound called	{"{current_round 20 3  <nil>}": {"Key":"self","Type":15,"Integer":0,"String":"c","Interface":null}}
2025-08-15T22:13:01.216-0500	DEBUG	protocol/handler.go:1591	have processed broadcast	{"{round 20 3  <nil>}": {"Key":"from","Type":15,"Integer":0,"String":"a","Interface":null}}
2025-08-15T22:13:01.216-0500	DEBUG	protocol/handler.go:1591	have processed broadcast	{"{round 20 3  <nil>}": {"Key":"from","Type":15,"Integer":0,"String":"b","Interface":null}}
2025-08-15T22:13:01.216-0500	DEBUG	protocol/handler.go:1649	have all messages and processed	{"{round 20 3  <nil>}": {"Key":"self","Type":15,"Integer":0,"String":"c","Interface":null}}
2025-08-15T22:13:01.216-0500	DEBUG	protocol/handler.go:596	round already finalized
2025-08-15T22:13:01.255-0500	DEBUG	protocol/handler.go:581	tryAdvanceRound called	{"{current_round 20 3  <nil>}": {"Key":"self","Type":15,"Integer":0,"String":"c","Interface":null}}
2025-08-15T22:13:01.255-0500	DEBUG	protocol/handler.go:1591	have processed broadcast	{"{round 20 3  <nil>}": {"Key":"from","Type":15,"Integer":0,"String":"a","Interface":null}}
2025-08-15T22:13:01.255-0500	DEBUG	protocol/handler.go:1591	have processed broadcast	{"{round 20 3  <nil>}": {"Key":"from","Type":15,"Integer":0,"String":"b","Interface":null}}
2025-08-15T22:13:01.255-0500	DEBUG	protocol/handler.go:1649	have all messages and processed	{"{round 20 3  <nil>}": {"Key":"self","Type":15,"Integer":0,"String":"c","Interface":null}}
2025-08-15T22:13:01.255-0500	DEBUG	protocol/handler.go:596	round already finalized
2025-08-15T22:13:01.265-0500	DEBUG	protocol/handler.go:581	tryAdvanceRound called	{"{current_round 20 3  <nil>}": {"Key":"self","Type":15,"Integer":0,"String":"a","Interface":null}}
2025-08-15T22:13:01.265-0500	DEBUG	protocol/handler.go:1591	have processed broadcast	{"{round 20 3  <nil>}": {"Key":"from","Type":15,"Integer":0,"String":"b","Interface":null}}
2025-08-15T22:13:01.265-0500	DEBUG	protocol/handler.go:1591	have processed broadcast	{"{round 20 3  <nil>}": {"Key":"from","Type":15,"Integer":0,"String":"c","Interface":null}}
2025-08-15T22:13:01.265-0500	DEBUG	protocol/handler.go:1649	have all messages and processed	{"{round 20 3  <nil>}": {"Key":"self","Type":15,"Integer":0,"String":"a","Interface":null}}
2025-08-15T22:13:01.265-0500	DEBUG	protocol/handler.go:596	round already finalized
2025-08-15T22:13:01.324-0500	DEBUG	protocol/handler.go:581	tryAdvanceRound called	{"{current_round 20 3  <nil>}": {"Key":"self","Type":15,"Integer":0,"String":"b","Interface":null}}
2025-08-15T22:13:01.324-0500	DEBUG	protocol/handler.go:1591	have processed broadcast	{"{round 20 3  <nil>}": {"Key":"from","Type":15,"Integer":0,"String":"a","Interface":null}}
2025-08-15T22:13:01.324-0500	DEBUG	protocol/handler.go:1591	have processed broadcast	{"{round 20 3  <nil>}": {"Key":"from","Type":15,"Integer":0,"String":"c","Interface":null}}
2025-08-15T22:13:01.328-0500	DEBUG	protocol/handler.go:1649	have all messages and processed	{"{round 20 3  <nil>}": {"Key":"self","Type":15,"Integer":0,"String":"b","Interface":null}}
2025-08-15T22:13:01.328-0500	DEBUG	protocol/handler.go:596	round already finalized
2025-08-15T22:13:01.328-0500	DEBUG	protocol/handler.go:581	tryAdvanceRound called	{"{current_round 20 3  <nil>}": {"Key":"self","Type":15,"Integer":0,"String":"b","Interface":null}}
2025-08-15T22:13:01.328-0500	DEBUG	protocol/handler.go:1591	have processed broadcast	{"{round 20 3  <nil>}": {"Key":"from","Type":15,"Integer":0,"String":"a","Interface":null}}
2025-08-15T22:13:01.328-0500	DEBUG	protocol/handler.go:1591	have processed broadcast	{"{round 20 3  <nil>}": {"Key":"from","Type":15,"Integer":0,"String":"c","Interface":null}}
2025-08-15T22:13:01.328-0500	DEBUG	protocol/handler.go:1649	have all messages and processed	{"{round 20 3  <nil>}": {"Key":"self","Type":15,"Integer":0,"String":"b","Interface":null}}
2025-08-15T22:13:01.331-0500	DEBUG	protocol/handler.go:596	round already finalized
2025-08-15T22:13:01.331-0500	DEBUG	protocol/handler.go:581	tryAdvanceRound called	{"{current_round 20 3  <nil>}": {"Key":"self","Type":15,"Integer":0,"String":"b","Interface":null}}
2025-08-15T22:13:01.331-0500	DEBUG	protocol/handler.go:1591	have processed broadcast	{"{round 20 3  <nil>}": {"Key":"from","Type":15,"Integer":0,"String":"a","Interface":null}}
2025-08-15T22:13:01.331-0500	DEBUG	protocol/handler.go:1591	have processed broadcast	{"{round 20 3  <nil>}": {"Key":"from","Type":15,"Integer":0,"String":"c","Interface":null}}
2025-08-15T22:13:01.331-0500	DEBUG	protocol/handler.go:1649	have all messages and processed	{"{round 20 3  <nil>}": {"Key":"self","Type":15,"Integer":0,"String":"b","Interface":null}}
2025-08-15T22:13:01.331-0500	DEBUG	protocol/handler.go:596	round already finalized
2025-08-15T22:13:01.386-0500	DEBUG	protocol/handler.go:581	tryAdvanceRound called	{"{current_round 20 3  <nil>}": {"Key":"self","Type":15,"Integer":0,"String":"b","Interface":null}}
2025-08-15T22:13:01.386-0500	DEBUG	protocol/handler.go:1591	have processed broadcast	{"{round 20 3  <nil>}": {"Key":"from","Type":15,"Integer":0,"String":"a","Interface":null}}
2025-08-15T22:13:01.386-0500	DEBUG	protocol/handler.go:1591	have processed broadcast	{"{round 20 3  <nil>}": {"Key":"from","Type":15,"Integer":0,"String":"c","Interface":null}}
2025-08-15T22:13:01.386-0500	DEBUG	protocol/handler.go:581	tryAdvanceRound called	{"{current_round 20 3  <nil>}": {"Key":"self","Type":15,"Integer":0,"String":"c","Interface":null}}
2025-08-15T22:13:01.386-0500	DEBUG	protocol/handler.go:1649	have all messages and processed	{"{round 20 3  <nil>}": {"Key":"self","Type":15,"Integer":0,"String":"b","Interface":null}}
2025-08-15T22:13:01.386-0500	DEBUG	protocol/handler.go:596	round already finalized
2025-08-15T22:13:01.386-0500	DEBUG	protocol/handler.go:1591	have processed broadcast	{"{round 20 3  <nil>}": {"Key":"from","Type":15,"Integer":0,"String":"a","Interface":null}}
2025-08-15T22:13:01.386-0500	DEBUG	protocol/handler.go:1591	have processed broadcast	{"{round 20 3  <nil>}": {"Key":"from","Type":15,"Integer":0,"String":"b","Interface":null}}
2025-08-15T22:13:01.386-0500	DEBUG	protocol/handler.go:1649	have all messages and processed	{"{round 20 3  <nil>}": {"Key":"self","Type":15,"Integer":0,"String":"c","Interface":null}}
2025-08-15T22:13:01.386-0500	DEBUG	protocol/handler.go:596	round already finalized
2025-08-15T22:13:01.423-0500	DEBUG	protocol/handler.go:581	tryAdvanceRound called	{"{current_round 20 3  <nil>}": {"Key":"self","Type":15,"Integer":0,"String":"c","Interface":null}}
2025-08-15T22:13:01.423-0500	DEBUG	protocol/handler.go:1591	have processed broadcast	{"{round 20 3  <nil>}": {"Key":"from","Type":15,"Integer":0,"String":"a","Interface":null}}
2025-08-15T22:13:01.423-0500	DEBUG	protocol/handler.go:1591	have processed broadcast	{"{round 20 3  <nil>}": {"Key":"from","Type":15,"Integer":0,"String":"b","Interface":null}}
2025-08-15T22:13:01.423-0500	DEBUG	protocol/handler.go:1649	have all messages and processed	{"{round 20 3  <nil>}": {"Key":"self","Type":15,"Integer":0,"String":"c","Interface":null}}
2025-08-15T22:13:01.423-0500	DEBUG	protocol/handler.go:596	round already finalized
2025-08-15T22:13:01.435-0500	DEBUG	protocol/handler.go:581	tryAdvanceRound called	{"{current_round 20 3  <nil>}": {"Key":"self","Type":15,"Integer":0,"String":"c","Interface":null}}
2025-08-15T22:13:01.435-0500	DEBUG	protocol/handler.go:1591	have processed broadcast	{"{round 20 3  <nil>}": {"Key":"from","Type":15,"Integer":0,"String":"a","Interface":null}}
2025-08-15T22:13:01.435-0500	DEBUG	protocol/handler.go:1591	have processed broadcast	{"{round 20 3  <nil>}": {"Key":"from","Type":15,"Integer":0,"String":"b","Interface":null}}
2025-08-15T22:13:01.435-0500	DEBUG	protocol/handler.go:1649	have all messages and processed	{"{round 20 3  <nil>}": {"Key":"self","Type":15,"Integer":0,"String":"c","Interface":null}}
2025-08-15T22:13:01.436-0500	DEBUG	protocol/handler.go:596	round already finalized
2025-08-15T22:13:01.473-0500	DEBUG	protocol/handler.go:581	tryAdvanceRound called	{"{current_round 20 3  <nil>}": {"Key":"self","Type":15,"Integer":0,"String":"b","Interface":null}}
2025-08-15T22:13:01.473-0500	DEBUG	protocol/handler.go:1591	have processed broadcast	{"{round 20 3  <nil>}": {"Key":"from","Type":15,"Integer":0,"String":"a","Interface":null}}
2025-08-15T22:13:01.473-0500	DEBUG	protocol/handler.go:1591	have processed broadcast	{"{round 20 3  <nil>}": {"Key":"from","Type":15,"Integer":0,"String":"c","Interface":null}}
2025-08-15T22:13:01.473-0500	DEBUG	protocol/handler.go:1649	have all messages and processed	{"{round 20 3  <nil>}": {"Key":"self","Type":15,"Integer":0,"String":"b","Interface":null}}
2025-08-15T22:13:01.473-0500	DEBUG	protocol/handler.go:596	round already finalized
2025-08-15T22:13:01.473-0500	DEBUG	protocol/handler.go:581	tryAdvanceRound called	{"{current_round 20 3  <nil>}": {"Key":"self","Type":15,"Integer":0,"String":"b","Interface":null}}
2025-08-15T22:13:01.473-0500	DEBUG	protocol/handler.go:1591	have processed broadcast	{"{round 20 3  <nil>}": {"Key":"from","Type":15,"Integer":0,"String":"a","Interface":null}}
2025-08-15T22:13:01.473-0500	DEBUG	protocol/handler.go:1591	have processed broadcast	{"{round 20 3  <nil>}": {"Key":"from","Type":15,"Integer":0,"String":"c","Interface":null}}
2025-08-15T22:13:01.473-0500	DEBUG	protocol/handler.go:1649	have all messages and processed	{"{round 20 3  <nil>}": {"Key":"self","Type":15,"Integer":0,"String":"b","Interface":null}}
2025-08-15T22:13:01.473-0500	DEBUG	protocol/handler.go:596	round already finalized
2025-08-15T22:13:01.484-0500	DEBUG	protocol/handler.go:581	tryAdvanceRound called	{"{current_round 20 3  <nil>}": {"Key":"self","Type":15,"Integer":0,"String":"c","Interface":null}}
2025-08-15T22:13:01.484-0500	DEBUG	protocol/handler.go:1591	have processed broadcast	{"{round 20 3  <nil>}": {"Key":"from","Type":15,"Integer":0,"String":"a","Interface":null}}
2025-08-15T22:13:01.484-0500	DEBUG	protocol/handler.go:1591	have processed broadcast	{"{round 20 3  <nil>}": {"Key":"from","Type":15,"Integer":0,"String":"b","Interface":null}}
2025-08-15T22:13:01.484-0500	DEBUG	protocol/handler.go:1649	have all messages and processed	{"{round 20 3  <nil>}": {"Key":"self","Type":15,"Integer":0,"String":"c","Interface":null}}
2025-08-15T22:13:01.484-0500	DEBUG	protocol/handler.go:596	round already finalized
2025-08-15T22:13:01.484-0500	DEBUG	protocol/handler.go:581	tryAdvanceRound called	{"{current_round 20 3  <nil>}": {"Key":"self","Type":15,"Integer":0,"String":"c","Interface":null}}
2025-08-15T22:13:01.484-0500	DEBUG	protocol/handler.go:1591	have processed broadcast	{"{round 20 3  <nil>}": {"Key":"from","Type":15,"Integer":0,"String":"a","Interface":null}}
2025-08-15T22:13:01.484-0500	DEBUG	protocol/handler.go:1591	have processed broadcast	{"{round 20 3  <nil>}": {"Key":"from","Type":15,"Integer":0,"String":"b","Interface":null}}
2025-08-15T22:13:01.484-0500	DEBUG	protocol/handler.go:1649	have all messages and processed	{"{round 20 3  <nil>}": {"Key":"self","Type":15,"Integer":0,"String":"c","Interface":null}}
2025-08-15T22:13:01.484-0500	DEBUG	protocol/handler.go:596	round already finalized
2025-08-15T22:13:01.496-0500	DEBUG	protocol/handler.go:581	tryAdvanceRound called	{"{current_round 20 3  <nil>}": {"Key":"self","Type":15,"Integer":0,"String":"b","Interface":null}}
2025-08-15T22:13:01.496-0500	DEBUG	protocol/handler.go:1591	have processed broadcast	{"{round 20 3  <nil>}": {"Key":"from","Type":15,"Integer":0,"String":"a","Interface":null}}
2025-08-15T22:13:01.496-0500	DEBUG	protocol/handler.go:1591	have processed broadcast	{"{round 20 3  <nil>}": {"Key":"from","Type":15,"Integer":0,"String":"c","Interface":null}}
2025-08-15T22:13:01.496-0500	DEBUG	protocol/handler.go:1649	have all messages and processed	{"{round 20 3  <nil>}": {"Key":"self","Type":15,"Integer":0,"String":"b","Interface":null}}
2025-08-15T22:13:01.496-0500	DEBUG	protocol/handler.go:596	round already finalized
2025-08-15T22:13:01.497-0500	DEBUG	protocol/handler.go:581	tryAdvanceRound called	{"{current_round 20 3  <nil>}": {"Key":"self","Type":15,"Integer":0,"String":"a","Interface":null}}
2025-08-15T22:13:01.497-0500	DEBUG	protocol/handler.go:1591	have processed broadcast	{"{round 20 3  <nil>}": {"Key":"from","Type":15,"Integer":0,"String":"b","Interface":null}}
2025-08-15T22:13:01.497-0500	DEBUG	protocol/handler.go:1591	have processed broadcast	{"{round 20 3  <nil>}": {"Key":"from","Type":15,"Integer":0,"String":"c","Interface":null}}
2025-08-15T22:13:01.498-0500	DEBUG	protocol/handler.go:1649	have all messages and processed	{"{round 20 3  <nil>}": {"Key":"self","Type":15,"Integer":0,"String":"a","Interface":null}}
2025-08-15T22:13:01.498-0500	DEBUG	protocol/handler.go:596	round already finalized
2025-08-15T22:13:01.498-0500	DEBUG	protocol/handler.go:581	tryAdvanceRound called	{"{current_round 20 3  <nil>}": {"Key":"self","Type":15,"Integer":0,"String":"a","Interface":null}}
2025-08-15T22:13:01.498-0500	DEBUG	protocol/handler.go:1591	have processed broadcast	{"{round 20 3  <nil>}": {"Key":"from","Type":15,"Integer":0,"String":"b","Interface":null}}
2025-08-15T22:13:01.498-0500	DEBUG	protocol/handler.go:1591	have processed broadcast	{"{round 20 3  <nil>}": {"Key":"from","Type":15,"Integer":0,"String":"c","Interface":null}}
2025-08-15T22:13:01.498-0500	DEBUG	protocol/handler.go:1649	have all messages and processed	{"{round 20 3  <nil>}": {"Key":"self","Type":15,"Integer":0,"String":"a","Interface":null}}
2025-08-15T22:13:01.499-0500	DEBUG	protocol/handler.go:596	round already finalized
2025-08-15T22:13:01.518-0500	DEBUG	protocol/handler.go:581	tryAdvanceRound called	{"{current_round 20 3  <nil>}": {"Key":"self","Type":15,"Integer":0,"String":"b","Interface":null}}
2025-08-15T22:13:01.518-0500	DEBUG	protocol/handler.go:1591	have processed broadcast	{"{round 20 3  <nil>}": {"Key":"from","Type":15,"Integer":0,"String":"a","Interface":null}}
2025-08-15T22:13:01.518-0500	DEBUG	protocol/handler.go:1591	have processed broadcast	{"{round 20 3  <nil>}": {"Key":"from","Type":15,"Integer":0,"String":"c","Interface":null}}
2025-08-15T22:13:01.518-0500	DEBUG	protocol/handler.go:1649	have all messages and processed	{"{round 20 3  <nil>}": {"Key":"self","Type":15,"Integer":0,"String":"b","Interface":null}}
2025-08-15T22:13:01.518-0500	DEBUG	protocol/handler.go:596	round already finalized
2025-08-15T22:13:01.535-0500	DEBUG	protocol/handler.go:581	tryAdvanceRound called	{"{current_round 20 3  <nil>}": {"Key":"self","Type":15,"Integer":0,"String":"c","Interface":null}}
2025-08-15T22:13:01.541-0500	DEBUG	protocol/handler.go:581	tryAdvanceRound called	{"{current_round 20 3  <nil>}": {"Key":"self","Type":15,"Integer":0,"String":"b","Interface":null}}
2025-08-15T22:13:01.541-0500	DEBUG	protocol/handler.go:1591	have processed broadcast	{"{round 20 3  <nil>}": {"Key":"from","Type":15,"Integer":0,"String":"a","Interface":null}}
2025-08-15T22:13:01.541-0500	DEBUG	protocol/handler.go:1591	have processed broadcast	{"{round 20 3  <nil>}": {"Key":"from","Type":15,"Integer":0,"String":"c","Interface":null}}
2025-08-15T22:13:01.541-0500	DEBUG	protocol/handler.go:1649	have all messages and processed	{"{round 20 3  <nil>}": {"Key":"self","Type":15,"Integer":0,"String":"b","Interface":null}}
2025-08-15T22:13:01.541-0500	DEBUG	protocol/handler.go:596	round already finalized
2025-08-15T22:13:01.620-0500	DEBUG	protocol/handler.go:581	tryAdvanceRound called	{"{current_round 20 3  <nil>}": {"Key":"self","Type":15,"Integer":0,"String":"b","Interface":null}}
2025-08-15T22:13:01.620-0500	DEBUG	protocol/handler.go:1591	have processed broadcast	{"{round 20 3  <nil>}": {"Key":"from","Type":15,"Integer":0,"String":"a","Interface":null}}
2025-08-15T22:13:01.620-0500	DEBUG	protocol/handler.go:1591	have processed broadcast	{"{round 20 3  <nil>}": {"Key":"from","Type":15,"Integer":0,"String":"c","Interface":null}}
2025-08-15T22:13:01.621-0500	DEBUG	protocol/handler.go:1649	have all messages and processed	{"{round 20 3  <nil>}": {"Key":"self","Type":15,"Integer":0,"String":"b","Interface":null}}
2025-08-15T22:13:01.621-0500	DEBUG	protocol/handler.go:596	round already finalized
2025-08-15T22:13:01.533-0500	DEBUG	protocol/handler.go:581	tryAdvanceRound called	{"{current_round 20 3  <nil>}": {"Key":"self","Type":15,"Integer":0,"String":"a","Interface":null}}
2025-08-15T22:13:01.631-0500	DEBUG	protocol/handler.go:1591	have processed broadcast	{"{round 20 3  <nil>}": {"Key":"from","Type":15,"Integer":0,"String":"b","Interface":null}}
2025-08-15T22:13:01.631-0500	DEBUG	protocol/handler.go:1591	have processed broadcast	{"{round 20 3  <nil>}": {"Key":"from","Type":15,"Integer":0,"String":"c","Interface":null}}
2025-08-15T22:13:01.678-0500	DEBUG	protocol/handler.go:1591	have processed broadcast	{"{round 20 3  <nil>}": {"Key":"from","Type":15,"Integer":0,"String":"a","Interface":null}}
2025-08-15T22:13:01.678-0500	DEBUG	protocol/handler.go:1591	have processed broadcast	{"{round 20 3  <nil>}": {"Key":"from","Type":15,"Integer":0,"String":"b","Interface":null}}
2025-08-15T22:13:01.678-0500	DEBUG	protocol/handler.go:1649	have all messages and processed	{"{round 20 3  <nil>}": {"Key":"self","Type":15,"Integer":0,"String":"c","Interface":null}}
2025-08-15T22:13:01.678-0500	DEBUG	protocol/handler.go:596	round already finalized
2025-08-15T22:13:01.678-0500	DEBUG	protocol/handler.go:581	tryAdvanceRound called	{"{current_round 20 3  <nil>}": {"Key":"self","Type":15,"Integer":0,"String":"c","Interface":null}}
2025-08-15T22:13:01.678-0500	DEBUG	protocol/handler.go:1591	have processed broadcast	{"{round 20 3  <nil>}": {"Key":"from","Type":15,"Integer":0,"String":"a","Interface":null}}
2025-08-15T22:13:01.678-0500	DEBUG	protocol/handler.go:1591	have processed broadcast	{"{round 20 3  <nil>}": {"Key":"from","Type":15,"Integer":0,"String":"b","Interface":null}}
2025-08-15T22:13:01.678-0500	DEBUG	protocol/handler.go:1649	have all messages and processed	{"{round 20 3  <nil>}": {"Key":"self","Type":15,"Integer":0,"String":"c","Interface":null}}
2025-08-15T22:13:01.678-0500	DEBUG	protocol/handler.go:596	round already finalized
2025-08-15T22:13:01.631-0500	DEBUG	protocol/handler.go:1649	have all messages and processed	{"{round 20 3  <nil>}": {"Key":"self","Type":15,"Integer":0,"String":"a","Interface":null}}
2025-08-15T22:13:01.709-0500	DEBUG	protocol/handler.go:596	round already finalized
2025-08-15T22:13:01.709-0500	DEBUG	protocol/handler.go:581	tryAdvanceRound called	{"{current_round 20 3  <nil>}": {"Key":"self","Type":15,"Integer":0,"String":"a","Interface":null}}
2025-08-15T22:13:01.714-0500	DEBUG	protocol/handler.go:1591	have processed broadcast	{"{round 20 3  <nil>}": {"Key":"from","Type":15,"Integer":0,"String":"b","Interface":null}}
2025-08-15T22:13:01.739-0500	DEBUG	protocol/handler.go:581	tryAdvanceRound called	{"{current_round 20 3  <nil>}": {"Key":"self","Type":15,"Integer":0,"String":"c","Interface":null}}
2025-08-15T22:13:01.739-0500	DEBUG	protocol/handler.go:1591	have processed broadcast	{"{round 20 3  <nil>}": {"Key":"from","Type":15,"Integer":0,"String":"a","Interface":null}}
2025-08-15T22:13:01.739-0500	DEBUG	protocol/handler.go:1591	have processed broadcast	{"{round 20 3  <nil>}": {"Key":"from","Type":15,"Integer":0,"String":"b","Interface":null}}
2025-08-15T22:13:01.740-0500	DEBUG	protocol/handler.go:1649	have all messages and processed	{"{round 20 3  <nil>}": {"Key":"self","Type":15,"Integer":0,"String":"c","Interface":null}}
2025-08-15T22:13:01.740-0500	DEBUG	protocol/handler.go:596	round already finalized
2025-08-15T22:13:01.740-0500	DEBUG	protocol/handler.go:581	tryAdvanceRound called	{"{current_round 20 3  <nil>}": {"Key":"self","Type":15,"Integer":0,"String":"c","Interface":null}}
2025-08-15T22:13:01.740-0500	DEBUG	protocol/handler.go:1591	have processed broadcast	{"{round 20 3  <nil>}": {"Key":"from","Type":15,"Integer":0,"String":"a","Interface":null}}
2025-08-15T22:13:01.740-0500	DEBUG	protocol/handler.go:1591	have processed broadcast	{"{round 20 3  <nil>}": {"Key":"from","Type":15,"Integer":0,"String":"b","Interface":null}}
2025-08-15T22:13:01.740-0500	DEBUG	protocol/handler.go:1649	have all messages and processed	{"{round 20 3  <nil>}": {"Key":"self","Type":15,"Integer":0,"String":"c","Interface":null}}
2025-08-15T22:13:01.740-0500	DEBUG	protocol/handler.go:596	round already finalized
2025-08-15T22:13:01.777-0500	DEBUG	protocol/handler.go:581	tryAdvanceRound called	{"{current_round 20 3  <nil>}": {"Key":"self","Type":15,"Integer":0,"String":"c","Interface":null}}
2025-08-15T22:13:01.777-0500	DEBUG	protocol/handler.go:1591	have processed broadcast	{"{round 20 3  <nil>}": {"Key":"from","Type":15,"Integer":0,"String":"a","Interface":null}}
2025-08-15T22:13:01.777-0500	DEBUG	protocol/handler.go:1591	have processed broadcast	{"{round 20 3  <nil>}": {"Key":"from","Type":15,"Integer":0,"String":"b","Interface":null}}
2025-08-15T22:13:01.777-0500	DEBUG	protocol/handler.go:1649	have all messages and processed	{"{round 20 3  <nil>}": {"Key":"self","Type":15,"Integer":0,"String":"c","Interface":null}}
2025-08-15T22:13:01.777-0500	DEBUG	protocol/handler.go:596	round already finalized
2025-08-15T22:13:01.777-0500	DEBUG	protocol/handler.go:581	tryAdvanceRound called	{"{current_round 20 3  <nil>}": {"Key":"self","Type":15,"Integer":0,"String":"c","Interface":null}}
2025-08-15T22:13:01.777-0500	DEBUG	protocol/handler.go:1591	have processed broadcast	{"{round 20 3  <nil>}": {"Key":"from","Type":15,"Integer":0,"String":"a","Interface":null}}
2025-08-15T22:13:01.778-0500	DEBUG	protocol/handler.go:1591	have processed broadcast	{"{round 20 3  <nil>}": {"Key":"from","Type":15,"Integer":0,"String":"b","Interface":null}}
2025-08-15T22:13:01.778-0500	DEBUG	protocol/handler.go:1649	have all messages and processed	{"{round 20 3  <nil>}": {"Key":"self","Type":15,"Integer":0,"String":"c","Interface":null}}
2025-08-15T22:13:01.778-0500	DEBUG	protocol/handler.go:596	round already finalized
2025-08-15T22:13:01.714-0500	DEBUG	protocol/handler.go:1591	have processed broadcast	{"{round 20 3  <nil>}": {"Key":"from","Type":15,"Integer":0,"String":"c","Interface":null}}
2025-08-15T22:13:01.782-0500	DEBUG	protocol/handler.go:1649	have all messages and processed	{"{round 20 3  <nil>}": {"Key":"self","Type":15,"Integer":0,"String":"a","Interface":null}}
2025-08-15T22:13:01.782-0500	DEBUG	protocol/handler.go:596	round already finalized
2025-08-15T22:13:01.782-0500	DEBUG	protocol/handler.go:581	tryAdvanceRound called	{"{current_round 20 3  <nil>}": {"Key":"self","Type":15,"Integer":0,"String":"a","Interface":null}}
2025-08-15T22:13:01.782-0500	DEBUG	protocol/handler.go:1591	have processed broadcast	{"{round 20 3  <nil>}": {"Key":"from","Type":15,"Integer":0,"String":"b","Interface":null}}
2025-08-15T22:13:01.782-0500	DEBUG	protocol/handler.go:1591	have processed broadcast	{"{round 20 3  <nil>}": {"Key":"from","Type":15,"Integer":0,"String":"c","Interface":null}}
2025-08-15T22:13:01.782-0500	DEBUG	protocol/handler.go:1649	have all messages and processed	{"{round 20 3  <nil>}": {"Key":"self","Type":15,"Integer":0,"String":"a","Interface":null}}
2025-08-15T22:13:01.782-0500	DEBUG	protocol/handler.go:596	round already finalized
2025-08-15T22:13:01.788-0500	DEBUG	protocol/handler.go:581	tryAdvanceRound called	{"{current_round 20 3  <nil>}": {"Key":"self","Type":15,"Integer":0,"String":"b","Interface":null}}
2025-08-15T22:13:01.788-0500	DEBUG	protocol/handler.go:1591	have processed broadcast	{"{round 20 3  <nil>}": {"Key":"from","Type":15,"Integer":0,"String":"a","Interface":null}}
2025-08-15T22:13:01.788-0500	DEBUG	protocol/handler.go:1591	have processed broadcast	{"{round 20 3  <nil>}": {"Key":"from","Type":15,"Integer":0,"String":"c","Interface":null}}
2025-08-15T22:13:01.788-0500	DEBUG	protocol/handler.go:1649	have all messages and processed	{"{round 20 3  <nil>}": {"Key":"self","Type":15,"Integer":0,"String":"b","Interface":null}}
2025-08-15T22:13:01.788-0500	DEBUG	protocol/handler.go:596	round already finalized
2025-08-15T22:13:01.788-0500	DEBUG	protocol/handler.go:581	tryAdvanceRound called	{"{current_round 20 3  <nil>}": {"Key":"self","Type":15,"Integer":0,"String":"b","Interface":null}}
2025-08-15T22:13:01.788-0500	DEBUG	protocol/handler.go:1591	have processed broadcast	{"{round 20 3  <nil>}": {"Key":"from","Type":15,"Integer":0,"String":"a","Interface":null}}
2025-08-15T22:13:01.788-0500	DEBUG	protocol/handler.go:1591	have processed broadcast	{"{round 20 3  <nil>}": {"Key":"from","Type":15,"Integer":0,"String":"c","Interface":null}}
2025-08-15T22:13:01.788-0500	DEBUG	protocol/handler.go:1649	have all messages and processed	{"{round 20 3  <nil>}": {"Key":"self","Type":15,"Integer":0,"String":"b","Interface":null}}
2025-08-15T22:13:01.788-0500	DEBUG	protocol/handler.go:596	round already finalized
2025-08-15T22:13:01.813-0500	DEBUG	protocol/handler.go:581	tryAdvanceRound called	{"{current_round 20 3  <nil>}": {"Key":"self","Type":15,"Integer":0,"String":"b","Interface":null}}
2025-08-15T22:13:01.813-0500	DEBUG	protocol/handler.go:1591	have processed broadcast	{"{round 20 3  <nil>}": {"Key":"from","Type":15,"Integer":0,"String":"a","Interface":null}}
2025-08-15T22:13:01.813-0500	DEBUG	protocol/handler.go:1591	have processed broadcast	{"{round 20 3  <nil>}": {"Key":"from","Type":15,"Integer":0,"String":"c","Interface":null}}
2025-08-15T22:13:01.813-0500	DEBUG	protocol/handler.go:1649	have all messages and processed	{"{round 20 3  <nil>}": {"Key":"self","Type":15,"Integer":0,"String":"b","Interface":null}}
2025-08-15T22:13:01.813-0500	DEBUG	protocol/handler.go:596	round already finalized
2025-08-15T22:13:01.814-0500	DEBUG	protocol/handler.go:581	tryAdvanceRound called	{"{current_round 20 3  <nil>}": {"Key":"self","Type":15,"Integer":0,"String":"a","Interface":null}}
2025-08-15T22:13:01.814-0500	DEBUG	protocol/handler.go:1591	have processed broadcast	{"{round 20 3  <nil>}": {"Key":"from","Type":15,"Integer":0,"String":"b","Interface":null}}
2025-08-15T22:13:01.814-0500	DEBUG	protocol/handler.go:1591	have processed broadcast	{"{round 20 3  <nil>}": {"Key":"from","Type":15,"Integer":0,"String":"c","Interface":null}}
2025-08-15T22:13:01.814-0500	DEBUG	protocol/handler.go:1649	have all messages and processed	{"{round 20 3  <nil>}": {"Key":"self","Type":15,"Integer":0,"String":"a","Interface":null}}
2025-08-15T22:13:01.814-0500	DEBUG	protocol/handler.go:596	round already finalized
2025-08-15T22:13:01.866-0500	DEBUG	protocol/handler.go:581	tryAdvanceRound called	{"{current_round 20 3  <nil>}": {"Key":"self","Type":15,"Integer":0,"String":"a","Interface":null}}
2025-08-15T22:13:01.867-0500	DEBUG	protocol/handler.go:1591	have processed broadcast	{"{round 20 3  <nil>}": {"Key":"from","Type":15,"Integer":0,"String":"b","Interface":null}}
2025-08-15T22:13:01.867-0500	DEBUG	protocol/handler.go:1591	have processed broadcast	{"{round 20 3  <nil>}": {"Key":"from","Type":15,"Integer":0,"String":"c","Interface":null}}
2025-08-15T22:13:01.870-0500	DEBUG	protocol/handler.go:1649	have all messages and processed	{"{round 20 3  <nil>}": {"Key":"self","Type":15,"Integer":0,"String":"a","Interface":null}}
2025-08-15T22:13:01.870-0500	DEBUG	protocol/handler.go:596	round already finalized
2025-08-15T22:13:01.870-0500	DEBUG	protocol/handler.go:581	tryAdvanceRound called	{"{current_round 20 3  <nil>}": {"Key":"self","Type":15,"Integer":0,"String":"a","Interface":null}}
2025-08-15T22:13:01.870-0500	DEBUG	protocol/handler.go:1591	have processed broadcast	{"{round 20 3  <nil>}": {"Key":"from","Type":15,"Integer":0,"String":"b","Interface":null}}
2025-08-15T22:13:01.870-0500	DEBUG	protocol/handler.go:1591	have processed broadcast	{"{round 20 3  <nil>}": {"Key":"from","Type":15,"Integer":0,"String":"c","Interface":null}}
2025-08-15T22:13:01.870-0500	DEBUG	protocol/handler.go:1649	have all messages and processed	{"{round 20 3  <nil>}": {"Key":"self","Type":15,"Integer":0,"String":"a","Interface":null}}
2025-08-15T22:13:01.870-0500	DEBUG	protocol/handler.go:596	round already finalized
2025-08-15T22:13:01.949-0500	DEBUG	protocol/handler.go:581	tryAdvanceRound called	{"{current_round 20 3  <nil>}": {"Key":"self","Type":15,"Integer":0,"String":"a","Interface":null}}
2025-08-15T22:13:01.949-0500	DEBUG	protocol/handler.go:1591	have processed broadcast	{"{round 20 3  <nil>}": {"Key":"from","Type":15,"Integer":0,"String":"b","Interface":null}}
2025-08-15T22:13:01.949-0500	DEBUG	protocol/handler.go:1591	have processed broadcast	{"{round 20 3  <nil>}": {"Key":"from","Type":15,"Integer":0,"String":"c","Interface":null}}
2025-08-15T22:13:01.949-0500	DEBUG	protocol/handler.go:1649	have all messages and processed	{"{round 20 3  <nil>}": {"Key":"self","Type":15,"Integer":0,"String":"a","Interface":null}}
2025-08-15T22:13:01.950-0500	DEBUG	protocol/handler.go:596	round already finalized
2025-08-15T22:13:01.950-0500	DEBUG	protocol/handler.go:581	tryAdvanceRound called	{"{current_round 20 3  <nil>}": {"Key":"self","Type":15,"Integer":0,"String":"a","Interface":null}}
2025-08-15T22:13:01.950-0500	DEBUG	protocol/handler.go:1591	have processed broadcast	{"{round 20 3  <nil>}": {"Key":"from","Type":15,"Integer":0,"String":"b","Interface":null}}
2025-08-15T22:13:01.950-0500	DEBUG	protocol/handler.go:1591	have processed broadcast	{"{round 20 3  <nil>}": {"Key":"from","Type":15,"Integer":0,"String":"c","Interface":null}}
2025-08-15T22:13:01.950-0500	DEBUG	protocol/handler.go:1649	have all messages and processed	{"{round 20 3  <nil>}": {"Key":"self","Type":15,"Integer":0,"String":"a","Interface":null}}
2025-08-15T22:13:01.950-0500	DEBUG	protocol/handler.go:596	round already finalized
2025-08-15T22:13:01.971-0500	DEBUG	protocol/handler.go:581	tryAdvanceRound called	{"{current_round 20 3  <nil>}": {"Key":"self","Type":15,"Integer":0,"String":"a","Interface":null}}
2025-08-15T22:13:01.972-0500	DEBUG	protocol/handler.go:1591	have processed broadcast	{"{round 20 3  <nil>}": {"Key":"from","Type":15,"Integer":0,"String":"b","Interface":null}}
2025-08-15T22:13:01.972-0500	DEBUG	protocol/handler.go:1591	have processed broadcast	{"{round 20 3  <nil>}": {"Key":"from","Type":15,"Integer":0,"String":"c","Interface":null}}
2025-08-15T22:13:01.972-0500	DEBUG	protocol/handler.go:1649	have all messages and processed	{"{round 20 3  <nil>}": {"Key":"self","Type":15,"Integer":0,"String":"a","Interface":null}}
2025-08-15T22:13:01.972-0500	DEBUG	protocol/handler.go:596	round already finalized
2025-08-15T22:13:01.988-0500	DEBUG	protocol/handler.go:581	tryAdvanceRound called	{"{current_round 20 3  <nil>}": {"Key":"self","Type":15,"Integer":0,"String":"b","Interface":null}}
2025-08-15T22:13:02.033-0500	DEBUG	protocol/handler.go:1591	have processed broadcast	{"{round 20 3  <nil>}": {"Key":"from","Type":15,"Integer":0,"String":"a","Interface":null}}
2025-08-15T22:13:02.033-0500	DEBUG	protocol/handler.go:1591	have processed broadcast	{"{round 20 3  <nil>}": {"Key":"from","Type":15,"Integer":0,"String":"c","Interface":null}}
2025-08-15T22:13:02.034-0500	DEBUG	protocol/handler.go:1649	have all messages and processed	{"{round 20 3  <nil>}": {"Key":"self","Type":15,"Integer":0,"String":"b","Interface":null}}
2025-08-15T22:13:02.034-0500	DEBUG	protocol/handler.go:596	round already finalized
2025-08-15T22:13:02.034-0500	DEBUG	protocol/handler.go:581	tryAdvanceRound called	{"{current_round 20 3  <nil>}": {"Key":"self","Type":15,"Integer":0,"String":"b","Interface":null}}
2025-08-15T22:13:02.034-0500	DEBUG	protocol/handler.go:1591	have processed broadcast	{"{round 20 3  <nil>}": {"Key":"from","Type":15,"Integer":0,"String":"a","Interface":null}}
2025-08-15T22:13:02.034-0500	DEBUG	protocol/handler.go:1591	have processed broadcast	{"{round 20 3  <nil>}": {"Key":"from","Type":15,"Integer":0,"String":"c","Interface":null}}
2025-08-15T22:13:02.034-0500	DEBUG	protocol/handler.go:1649	have all messages and processed	{"{round 20 3  <nil>}": {"Key":"self","Type":15,"Integer":0,"String":"b","Interface":null}}
2025-08-15T22:13:02.034-0500	DEBUG	protocol/handler.go:596	round already finalized
2025-08-15T22:13:02.035-0500	DEBUG	protocol/handler.go:581	tryAdvanceRound called	{"{current_round 20 3  <nil>}": {"Key":"self","Type":15,"Integer":0,"String":"a","Interface":null}}
2025-08-15T22:13:02.035-0500	DEBUG	protocol/handler.go:1591	have processed broadcast	{"{round 20 3  <nil>}": {"Key":"from","Type":15,"Integer":0,"String":"b","Interface":null}}
2025-08-15T22:13:02.036-0500	DEBUG	protocol/handler.go:1591	have processed broadcast	{"{round 20 3  <nil>}": {"Key":"from","Type":15,"Integer":0,"String":"c","Interface":null}}
2025-08-15T22:13:02.036-0500	DEBUG	protocol/handler.go:1649	have all messages and processed	{"{round 20 3  <nil>}": {"Key":"self","Type":15,"Integer":0,"String":"a","Interface":null}}
2025-08-15T22:13:02.036-0500	DEBUG	protocol/handler.go:596	round already finalized
2025-08-15T22:13:02.036-0500	DEBUG	protocol/handler.go:581	tryAdvanceRound called	{"{current_round 20 3  <nil>}": {"Key":"self","Type":15,"Integer":0,"String":"a","Interface":null}}
2025-08-15T22:13:02.036-0500	DEBUG	protocol/handler.go:1591	have processed broadcast	{"{round 20 3  <nil>}": {"Key":"from","Type":15,"Integer":0,"String":"b","Interface":null}}
2025-08-15T22:13:02.036-0500	DEBUG	protocol/handler.go:1591	have processed broadcast	{"{round 20 3  <nil>}": {"Key":"from","Type":15,"Integer":0,"String":"c","Interface":null}}
2025-08-15T22:13:02.037-0500	DEBUG	protocol/handler.go:1649	have all messages and processed	{"{round 20 3  <nil>}": {"Key":"self","Type":15,"Integer":0,"String":"a","Interface":null}}
2025-08-15T22:13:02.037-0500	DEBUG	protocol/handler.go:596	round already finalized
2025-08-15T22:13:01.927-0500	DEBUG	protocol/handler.go:581	tryAdvanceRound called	{"{current_round 20 3  <nil>}": {"Key":"self","Type":15,"Integer":0,"String":"c","Interface":null}}
2025-08-15T22:13:02.043-0500	DEBUG	protocol/handler.go:1591	have processed broadcast	{"{round 20 3  <nil>}": {"Key":"from","Type":15,"Integer":0,"String":"a","Interface":null}}
2025-08-15T22:13:02.044-0500	DEBUG	protocol/handler.go:1591	have processed broadcast	{"{round 20 3  <nil>}": {"Key":"from","Type":15,"Integer":0,"String":"b","Interface":null}}
2025-08-15T22:13:02.044-0500	DEBUG	protocol/handler.go:1649	have all messages and processed	{"{round 20 3  <nil>}": {"Key":"self","Type":15,"Integer":0,"String":"c","Interface":null}}
2025-08-15T22:13:02.044-0500	DEBUG	protocol/handler.go:596	round already finalized
2025-08-15T22:13:02.044-0500	DEBUG	protocol/handler.go:581	tryAdvanceRound called	{"{current_round 20 3  <nil>}": {"Key":"self","Type":15,"Integer":0,"String":"c","Interface":null}}
2025-08-15T22:13:02.044-0500	DEBUG	protocol/handler.go:1591	have processed broadcast	{"{round 20 3  <nil>}": {"Key":"from","Type":15,"Integer":0,"String":"a","Interface":null}}
2025-08-15T22:13:02.044-0500	DEBUG	protocol/handler.go:1591	have processed broadcast	{"{round 20 3  <nil>}": {"Key":"from","Type":15,"Integer":0,"String":"b","Interface":null}}
2025-08-15T22:13:02.044-0500	DEBUG	protocol/handler.go:1649	have all messages and processed	{"{round 20 3  <nil>}": {"Key":"self","Type":15,"Integer":0,"String":"c","Interface":null}}
2025-08-15T22:13:02.044-0500	DEBUG	protocol/handler.go:596	round already finalized
2025-08-15T22:13:02.063-0500	DEBUG	protocol/handler.go:581	tryAdvanceRound called	{"{current_round 20 3  <nil>}": {"Key":"self","Type":15,"Integer":0,"String":"b","Interface":null}}
2025-08-15T22:13:02.068-0500	DEBUG	protocol/handler.go:1591	have processed broadcast	{"{round 20 3  <nil>}": {"Key":"from","Type":15,"Integer":0,"String":"a","Interface":null}}
2025-08-15T22:13:02.068-0500	DEBUG	protocol/handler.go:1591	have processed broadcast	{"{round 20 3  <nil>}": {"Key":"from","Type":15,"Integer":0,"String":"c","Interface":null}}
2025-08-15T22:13:02.068-0500	DEBUG	protocol/handler.go:1649	have all messages and processed	{"{round 20 3  <nil>}": {"Key":"self","Type":15,"Integer":0,"String":"b","Interface":null}}
2025-08-15T22:13:02.068-0500	DEBUG	protocol/handler.go:596	round already finalized
2025-08-15T22:13:02.074-0500	DEBUG	protocol/handler.go:581	tryAdvanceRound called	{"{current_round 20 3  <nil>}": {"Key":"self","Type":15,"Integer":0,"String":"b","Interface":null}}
2025-08-15T22:13:02.074-0500	DEBUG	protocol/handler.go:1591	have processed broadcast	{"{round 20 3  <nil>}": {"Key":"from","Type":15,"Integer":0,"String":"a","Interface":null}}
2025-08-15T22:13:02.074-0500	DEBUG	protocol/handler.go:1591	have processed broadcast	{"{round 20 3  <nil>}": {"Key":"from","Type":15,"Integer":0,"String":"c","Interface":null}}
2025-08-15T22:13:02.075-0500	DEBUG	protocol/handler.go:1649	have all messages and processed	{"{round 20 3  <nil>}": {"Key":"self","Type":15,"Integer":0,"String":"b","Interface":null}}
2025-08-15T22:13:02.077-0500	DEBUG	protocol/handler.go:596	round already finalized
2025-08-15T22:13:02.076-0500	DEBUG	protocol/handler.go:581	tryAdvanceRound called	{"{current_round 20 3  <nil>}": {"Key":"self","Type":15,"Integer":0,"String":"a","Interface":null}}
2025-08-15T22:13:02.080-0500	DEBUG	protocol/handler.go:581	tryAdvanceRound called	{"{current_round 20 3  <nil>}": {"Key":"self","Type":15,"Integer":0,"String":"b","Interface":null}}
2025-08-15T22:13:02.079-0500	DEBUG	protocol/handler.go:1591	have processed broadcast	{"{round 20 3  <nil>}": {"Key":"from","Type":15,"Integer":0,"String":"b","Interface":null}}
2025-08-15T22:13:02.082-0500	DEBUG	protocol/handler.go:1591	have processed broadcast	{"{round 20 3  <nil>}": {"Key":"from","Type":15,"Integer":0,"String":"c","Interface":null}}
2025-08-15T22:13:02.083-0500	DEBUG	protocol/handler.go:1649	have all messages and processed	{"{round 20 3  <nil>}": {"Key":"self","Type":15,"Integer":0,"String":"a","Interface":null}}
2025-08-15T22:13:02.083-0500	DEBUG	protocol/handler.go:596	round already finalized
2025-08-15T22:13:02.083-0500	DEBUG	protocol/handler.go:581	tryAdvanceRound called	{"{current_round 20 3  <nil>}": {"Key":"self","Type":15,"Integer":0,"String":"a","Interface":null}}
2025-08-15T22:13:02.083-0500	DEBUG	protocol/handler.go:1591	have processed broadcast	{"{round 20 3  <nil>}": {"Key":"from","Type":15,"Integer":0,"String":"b","Interface":null}}
2025-08-15T22:13:02.083-0500	DEBUG	protocol/handler.go:1591	have processed broadcast	{"{round 20 3  <nil>}": {"Key":"from","Type":15,"Integer":0,"String":"c","Interface":null}}
2025-08-15T22:13:02.083-0500	DEBUG	protocol/handler.go:1649	have all messages and processed	{"{round 20 3  <nil>}": {"Key":"self","Type":15,"Integer":0,"String":"a","Interface":null}}
2025-08-15T22:13:02.083-0500	DEBUG	protocol/handler.go:596	round already finalized
2025-08-15T22:13:02.080-0500	DEBUG	protocol/handler.go:1591	have processed broadcast	{"{round 20 3  <nil>}": {"Key":"from","Type":15,"Integer":0,"String":"a","Interface":null}}
2025-08-15T22:13:02.085-0500	DEBUG	protocol/handler.go:1591	have processed broadcast	{"{round 20 3  <nil>}": {"Key":"from","Type":15,"Integer":0,"String":"c","Interface":null}}
2025-08-15T22:13:02.085-0500	DEBUG	protocol/handler.go:1649	have all messages and processed	{"{round 20 3  <nil>}": {"Key":"self","Type":15,"Integer":0,"String":"b","Interface":null}}
2025-08-15T22:13:02.086-0500	DEBUG	protocol/handler.go:581	tryAdvanceRound called	{"{current_round 20 3  <nil>}": {"Key":"self","Type":15,"Integer":0,"String":"a","Interface":null}}
2025-08-15T22:13:02.086-0500	DEBUG	protocol/handler.go:1591	have processed broadcast	{"{round 20 3  <nil>}": {"Key":"from","Type":15,"Integer":0,"String":"b","Interface":null}}
2025-08-15T22:13:02.086-0500	DEBUG	protocol/handler.go:1591	have processed broadcast	{"{round 20 3  <nil>}": {"Key":"from","Type":15,"Integer":0,"String":"c","Interface":null}}
2025-08-15T22:13:02.090-0500	DEBUG	protocol/handler.go:1649	have all messages and processed	{"{round 20 3  <nil>}": {"Key":"self","Type":15,"Integer":0,"String":"a","Interface":null}}
2025-08-15T22:13:02.090-0500	DEBUG	protocol/handler.go:596	round already finalized
2025-08-15T22:13:02.108-0500	DEBUG	protocol/handler.go:581	tryAdvanceRound called	{"{current_round 20 3  <nil>}": {"Key":"self","Type":15,"Integer":0,"String":"c","Interface":null}}
2025-08-15T22:13:02.085-0500	DEBUG	protocol/handler.go:596	round already finalized
2025-08-15T22:13:02.110-0500	DEBUG	protocol/handler.go:581	tryAdvanceRound called	{"{current_round 20 3  <nil>}": {"Key":"self","Type":15,"Integer":0,"String":"b","Interface":null}}
2025-08-15T22:13:02.110-0500	DEBUG	protocol/handler.go:1591	have processed broadcast	{"{round 20 3  <nil>}": {"Key":"from","Type":15,"Integer":0,"String":"a","Interface":null}}
2025-08-15T22:13:02.110-0500	DEBUG	protocol/handler.go:1591	have processed broadcast	{"{round 20 3  <nil>}": {"Key":"from","Type":15,"Integer":0,"String":"c","Interface":null}}
2025-08-15T22:13:02.110-0500	DEBUG	protocol/handler.go:1649	have all messages and processed	{"{round 20 3  <nil>}": {"Key":"self","Type":15,"Integer":0,"String":"b","Interface":null}}
2025-08-15T22:13:02.110-0500	DEBUG	protocol/handler.go:596	round already finalized
2025-08-15T22:13:02.111-0500	DEBUG	protocol/handler.go:581	tryAdvanceRound called	{"{current_round 20 3  <nil>}": {"Key":"self","Type":15,"Integer":0,"String":"a","Interface":null}}
2025-08-15T22:13:02.112-0500	DEBUG	protocol/handler.go:1591	have processed broadcast	{"{round 20 3  <nil>}": {"Key":"from","Type":15,"Integer":0,"String":"a","Interface":null}}
2025-08-15T22:13:02.112-0500	DEBUG	protocol/handler.go:1591	have processed broadcast	{"{round 20 3  <nil>}": {"Key":"from","Type":15,"Integer":0,"String":"b","Interface":null}}
2025-08-15T22:13:02.112-0500	DEBUG	protocol/handler.go:1649	have all messages and processed	{"{round 20 3  <nil>}": {"Key":"self","Type":15,"Integer":0,"String":"c","Interface":null}}
2025-08-15T22:13:02.113-0500	DEBUG	protocol/handler.go:596	round already finalized
2025-08-15T22:13:02.113-0500	DEBUG	protocol/handler.go:581	tryAdvanceRound called	{"{current_round 20 3  <nil>}": {"Key":"self","Type":15,"Integer":0,"String":"c","Interface":null}}
2025-08-15T22:13:02.113-0500	DEBUG	protocol/handler.go:1591	have processed broadcast	{"{round 20 3  <nil>}": {"Key":"from","Type":15,"Integer":0,"String":"a","Interface":null}}
2025-08-15T22:13:02.113-0500	DEBUG	protocol/handler.go:1591	have processed broadcast	{"{round 20 3  <nil>}": {"Key":"from","Type":15,"Integer":0,"String":"b","Interface":null}}
2025-08-15T22:13:02.113-0500	DEBUG	protocol/handler.go:1649	have all messages and processed	{"{round 20 3  <nil>}": {"Key":"self","Type":15,"Integer":0,"String":"c","Interface":null}}
2025-08-15T22:13:02.113-0500	DEBUG	protocol/handler.go:596	round already finalized
2025-08-15T22:13:02.125-0500	DEBUG	protocol/handler.go:581	tryAdvanceRound called	{"{current_round 20 3  <nil>}": {"Key":"self","Type":15,"Integer":0,"String":"c","Interface":null}}
2025-08-15T22:13:02.125-0500	DEBUG	protocol/handler.go:1591	have processed broadcast	{"{round 20 3  <nil>}": {"Key":"from","Type":15,"Integer":0,"String":"a","Interface":null}}
2025-08-15T22:13:02.125-0500	DEBUG	protocol/handler.go:1591	have processed broadcast	{"{round 20 3  <nil>}": {"Key":"from","Type":15,"Integer":0,"String":"b","Interface":null}}
2025-08-15T22:13:02.125-0500	DEBUG	protocol/handler.go:1649	have all messages and processed	{"{round 20 3  <nil>}": {"Key":"self","Type":15,"Integer":0,"String":"c","Interface":null}}
2025-08-15T22:13:02.125-0500	DEBUG	protocol/handler.go:596	round already finalized
2025-08-15T22:13:02.129-0500	DEBUG	protocol/handler.go:581	tryAdvanceRound called	{"{current_round 20 3  <nil>}": {"Key":"self","Type":15,"Integer":0,"String":"b","Interface":null}}
2025-08-15T22:13:02.135-0500	DEBUG	protocol/handler.go:1591	have processed broadcast	{"{round 20 3  <nil>}": {"Key":"from","Type":15,"Integer":0,"String":"a","Interface":null}}
2025-08-15T22:13:02.135-0500	DEBUG	protocol/handler.go:1591	have processed broadcast	{"{round 20 3  <nil>}": {"Key":"from","Type":15,"Integer":0,"String":"c","Interface":null}}
2025-08-15T22:13:02.138-0500	DEBUG	protocol/handler.go:1649	have all messages and processed	{"{round 20 3  <nil>}": {"Key":"self","Type":15,"Integer":0,"String":"b","Interface":null}}
2025-08-15T22:13:02.138-0500	DEBUG	protocol/handler.go:596	round already finalized
2025-08-15T22:13:02.138-0500	DEBUG	protocol/handler.go:581	tryAdvanceRound called	{"{current_round 20 3  <nil>}": {"Key":"self","Type":15,"Integer":0,"String":"b","Interface":null}}
2025-08-15T22:13:02.140-0500	DEBUG	protocol/handler.go:1591	have processed broadcast	{"{round 20 3  <nil>}": {"Key":"from","Type":15,"Integer":0,"String":"a","Interface":null}}
2025-08-15T22:13:02.143-0500	DEBUG	protocol/handler.go:1591	have processed broadcast	{"{round 20 3  <nil>}": {"Key":"from","Type":15,"Integer":0,"String":"b","Interface":null}}
2025-08-15T22:13:02.143-0500	DEBUG	protocol/handler.go:1591	have processed broadcast	{"{round 20 3  <nil>}": {"Key":"from","Type":15,"Integer":0,"String":"c","Interface":null}}
2025-08-15T22:13:02.144-0500	DEBUG	protocol/handler.go:1649	have all messages and processed	{"{round 20 3  <nil>}": {"Key":"self","Type":15,"Integer":0,"String":"a","Interface":null}}
2025-08-15T22:13:02.144-0500	DEBUG	protocol/handler.go:596	round already finalized
2025-08-15T22:13:02.144-0500	DEBUG	protocol/handler.go:581	tryAdvanceRound called	{"{current_round 20 3  <nil>}": {"Key":"self","Type":15,"Integer":0,"String":"a","Interface":null}}
2025-08-15T22:13:02.146-0500	DEBUG	protocol/handler.go:1591	have processed broadcast	{"{round 20 3  <nil>}": {"Key":"from","Type":15,"Integer":0,"String":"b","Interface":null}}
2025-08-15T22:13:02.146-0500	DEBUG	protocol/handler.go:1591	have processed broadcast	{"{round 20 3  <nil>}": {"Key":"from","Type":15,"Integer":0,"String":"c","Interface":null}}
2025-08-15T22:13:02.148-0500	DEBUG	protocol/handler.go:1649	have all messages and processed	{"{round 20 3  <nil>}": {"Key":"self","Type":15,"Integer":0,"String":"a","Interface":null}}
2025-08-15T22:13:02.148-0500	DEBUG	protocol/handler.go:596	round already finalized
2025-08-15T22:13:02.148-0500	DEBUG	protocol/handler.go:581	tryAdvanceRound called	{"{current_round 20 3  <nil>}": {"Key":"self","Type":15,"Integer":0,"String":"a","Interface":null}}
2025-08-15T22:13:02.148-0500	DEBUG	protocol/handler.go:1591	have processed broadcast	{"{round 20 3  <nil>}": {"Key":"from","Type":15,"Integer":0,"String":"b","Interface":null}}
2025-08-15T22:13:02.148-0500	DEBUG	protocol/handler.go:1591	have processed broadcast	{"{round 20 3  <nil>}": {"Key":"from","Type":15,"Integer":0,"String":"c","Interface":null}}
2025-08-15T22:13:02.149-0500	DEBUG	protocol/handler.go:1649	have all messages and processed	{"{round 20 3  <nil>}": {"Key":"self","Type":15,"Integer":0,"String":"a","Interface":null}}
2025-08-15T22:13:02.149-0500	DEBUG	protocol/handler.go:596	round already finalized
2025-08-15T22:13:02.175-0500	DEBUG	protocol/handler.go:581	tryAdvanceRound called	{"{current_round 20 3  <nil>}": {"Key":"self","Type":15,"Integer":0,"String":"c","Interface":null}}
2025-08-15T22:13:02.175-0500	DEBUG	protocol/handler.go:1591	have processed broadcast	{"{round 20 3  <nil>}": {"Key":"from","Type":15,"Integer":0,"String":"a","Interface":null}}
2025-08-15T22:13:02.175-0500	DEBUG	protocol/handler.go:1591	have processed broadcast	{"{round 20 3  <nil>}": {"Key":"from","Type":15,"Integer":0,"String":"b","Interface":null}}
2025-08-15T22:13:02.175-0500	DEBUG	protocol/handler.go:1649	have all messages and processed	{"{round 20 3  <nil>}": {"Key":"self","Type":15,"Integer":0,"String":"c","Interface":null}}
2025-08-15T22:13:02.175-0500	DEBUG	protocol/handler.go:596	round already finalized
2025-08-15T22:13:02.247-0500	DEBUG	protocol/handler.go:581	tryAdvanceRound called	{"{current_round 20 3  <nil>}": {"Key":"self","Type":15,"Integer":0,"String":"c","Interface":null}}
2025-08-15T22:13:02.248-0500	DEBUG	protocol/handler.go:1591	have processed broadcast	{"{round 20 3  <nil>}": {"Key":"from","Type":15,"Integer":0,"String":"a","Interface":null}}
2025-08-15T22:13:02.248-0500	DEBUG	protocol/handler.go:1591	have processed broadcast	{"{round 20 3  <nil>}": {"Key":"from","Type":15,"Integer":0,"String":"b","Interface":null}}
2025-08-15T22:13:02.248-0500	DEBUG	protocol/handler.go:1649	have all messages and processed	{"{round 20 3  <nil>}": {"Key":"self","Type":15,"Integer":0,"String":"c","Interface":null}}
2025-08-15T22:13:02.248-0500	DEBUG	protocol/handler.go:596	round already finalized
2025-08-15T22:13:02.140-0500	DEBUG	protocol/handler.go:1591	have processed broadcast	{"{round 20 3  <nil>}": {"Key":"from","Type":15,"Integer":0,"String":"c","Interface":null}}
2025-08-15T22:13:02.248-0500	DEBUG	protocol/handler.go:1649	have all messages and processed	{"{round 20 3  <nil>}": {"Key":"self","Type":15,"Integer":0,"String":"b","Interface":null}}
2025-08-15T22:13:02.248-0500	DEBUG	protocol/handler.go:596	round already finalized
2025-08-15T22:13:02.248-0500	DEBUG	protocol/handler.go:581	tryAdvanceRound called	{"{current_round 20 3  <nil>}": {"Key":"self","Type":15,"Integer":0,"String":"b","Interface":null}}
2025-08-15T22:13:02.248-0500	DEBUG	protocol/handler.go:1591	have processed broadcast	{"{round 20 3  <nil>}": {"Key":"from","Type":15,"Integer":0,"String":"a","Interface":null}}
2025-08-15T22:13:02.248-0500	DEBUG	protocol/handler.go:1591	have processed broadcast	{"{round 20 3  <nil>}": {"Key":"from","Type":15,"Integer":0,"String":"c","Interface":null}}
2025-08-15T22:13:02.248-0500	DEBUG	protocol/handler.go:1649	have all messages and processed	{"{round 20 3  <nil>}": {"Key":"self","Type":15,"Integer":0,"String":"b","Interface":null}}
2025-08-15T22:13:02.248-0500	DEBUG	protocol/handler.go:596	round already finalized
2025-08-15T22:13:02.190-0500	DEBUG	protocol/handler.go:581	tryAdvanceRound called	{"{current_round 20 3  <nil>}": {"Key":"self","Type":15,"Integer":0,"String":"a","Interface":null}}
2025-08-15T22:13:02.248-0500	DEBUG	protocol/handler.go:1591	have processed broadcast	{"{round 20 3  <nil>}": {"Key":"from","Type":15,"Integer":0,"String":"b","Interface":null}}
2025-08-15T22:13:02.248-0500	DEBUG	protocol/handler.go:1591	have processed broadcast	{"{round 20 3  <nil>}": {"Key":"from","Type":15,"Integer":0,"String":"c","Interface":null}}
2025-08-15T22:13:02.248-0500	DEBUG	protocol/handler.go:1649	have all messages and processed	{"{round 20 3  <nil>}": {"Key":"self","Type":15,"Integer":0,"String":"a","Interface":null}}
2025-08-15T22:13:02.248-0500	DEBUG	protocol/handler.go:596	round already finalized
2025-08-15T22:13:02.248-0500	DEBUG	protocol/handler.go:581	tryAdvanceRound called	{"{current_round 20 3  <nil>}": {"Key":"self","Type":15,"Integer":0,"String":"a","Interface":null}}
2025-08-15T22:13:02.248-0500	DEBUG	protocol/handler.go:1591	have processed broadcast	{"{round 20 3  <nil>}": {"Key":"from","Type":15,"Integer":0,"String":"b","Interface":null}}
2025-08-15T22:13:02.248-0500	DEBUG	protocol/handler.go:1591	have processed broadcast	{"{round 20 3  <nil>}": {"Key":"from","Type":15,"Integer":0,"String":"c","Interface":null}}
2025-08-15T22:13:02.248-0500	DEBUG	protocol/handler.go:1649	have all messages and processed	{"{round 20 3  <nil>}": {"Key":"self","Type":15,"Integer":0,"String":"a","Interface":null}}
2025-08-15T22:13:02.248-0500	DEBUG	protocol/handler.go:596	round already finalized
2025-08-15T22:13:02.421-0500	DEBUG	protocol/handler.go:581	tryAdvanceRound called	{"{current_round 20 3  <nil>}": {"Key":"self","Type":15,"Integer":0,"String":"b","Interface":null}}
2025-08-15T22:13:02.422-0500	DEBUG	protocol/handler.go:1591	have processed broadcast	{"{round 20 3  <nil>}": {"Key":"from","Type":15,"Integer":0,"String":"a","Interface":null}}
2025-08-15T22:13:02.422-0500	DEBUG	protocol/handler.go:1591	have processed broadcast	{"{round 20 3  <nil>}": {"Key":"from","Type":15,"Integer":0,"String":"c","Interface":null}}
2025-08-15T22:13:02.437-0500	DEBUG	protocol/handler.go:1649	have all messages and processed	{"{round 20 3  <nil>}": {"Key":"self","Type":15,"Integer":0,"String":"b","Interface":null}}
2025-08-15T22:13:02.437-0500	DEBUG	protocol/handler.go:596	round already finalized
2025-08-15T22:13:02.437-0500	DEBUG	protocol/handler.go:581	tryAdvanceRound called	{"{current_round 20 3  <nil>}": {"Key":"self","Type":15,"Integer":0,"String":"b","Interface":null}}
2025-08-15T22:13:02.437-0500	DEBUG	protocol/handler.go:1591	have processed broadcast	{"{round 20 3  <nil>}": {"Key":"from","Type":15,"Integer":0,"String":"a","Interface":null}}
2025-08-15T22:13:02.437-0500	DEBUG	protocol/handler.go:1591	have processed broadcast	{"{round 20 3  <nil>}": {"Key":"from","Type":15,"Integer":0,"String":"c","Interface":null}}
2025-08-15T22:13:02.438-0500	DEBUG	protocol/handler.go:1649	have all messages and processed	{"{round 20 3  <nil>}": {"Key":"self","Type":15,"Integer":0,"String":"b","Interface":null}}
2025-08-15T22:13:02.438-0500	DEBUG	protocol/handler.go:596	round already finalized
2025-08-15T22:13:02.438-0500	DEBUG	protocol/handler.go:581	tryAdvanceRound called	{"{current_round 20 3  <nil>}": {"Key":"self","Type":15,"Integer":0,"String":"c","Interface":null}}
2025-08-15T22:13:02.438-0500	DEBUG	protocol/handler.go:1591	have processed broadcast	{"{round 20 3  <nil>}": {"Key":"from","Type":15,"Integer":0,"String":"a","Interface":null}}
2025-08-15T22:13:02.440-0500	DEBUG	protocol/handler.go:1591	have processed broadcast	{"{round 20 3  <nil>}": {"Key":"from","Type":15,"Integer":0,"String":"b","Interface":null}}
2025-08-15T22:13:02.440-0500	DEBUG	protocol/handler.go:1649	have all messages and processed	{"{round 20 3  <nil>}": {"Key":"self","Type":15,"Integer":0,"String":"c","Interface":null}}
2025-08-15T22:13:02.440-0500	DEBUG	protocol/handler.go:596	round already finalized
2025-08-15T22:13:02.440-0500	DEBUG	protocol/handler.go:581	tryAdvanceRound called	{"{current_round 20 3  <nil>}": {"Key":"self","Type":15,"Integer":0,"String":"c","Interface":null}}
2025-08-15T22:13:02.440-0500	DEBUG	protocol/handler.go:1591	have processed broadcast	{"{round 20 3  <nil>}": {"Key":"from","Type":15,"Integer":0,"String":"a","Interface":null}}
2025-08-15T22:13:02.440-0500	DEBUG	protocol/handler.go:1591	have processed broadcast	{"{round 20 3  <nil>}": {"Key":"from","Type":15,"Integer":0,"String":"b","Interface":null}}
2025-08-15T22:13:02.440-0500	DEBUG	protocol/handler.go:1649	have all messages and processed	{"{round 20 3  <nil>}": {"Key":"self","Type":15,"Integer":0,"String":"c","Interface":null}}
2025-08-15T22:13:02.440-0500	DEBUG	protocol/handler.go:596	round already finalized
2025-08-15T22:13:02.440-0500	DEBUG	protocol/handler.go:581	tryAdvanceRound called	{"{current_round 20 3  <nil>}": {"Key":"self","Type":15,"Integer":0,"String":"a","Interface":null}}
2025-08-15T22:13:02.440-0500	DEBUG	protocol/handler.go:1591	have processed broadcast	{"{round 20 3  <nil>}": {"Key":"from","Type":15,"Integer":0,"String":"b","Interface":null}}
2025-08-15T22:13:02.441-0500	DEBUG	protocol/handler.go:1591	have processed broadcast	{"{round 20 3  <nil>}": {"Key":"from","Type":15,"Integer":0,"String":"c","Interface":null}}
2025-08-15T22:13:02.441-0500	DEBUG	protocol/handler.go:1649	have all messages and processed	{"{round 20 3  <nil>}": {"Key":"self","Type":15,"Integer":0,"String":"a","Interface":null}}
2025-08-15T22:13:02.441-0500	DEBUG	protocol/handler.go:596	round already finalized
2025-08-15T22:13:02.441-0500	DEBUG	protocol/handler.go:581	tryAdvanceRound called	{"{current_round 20 3  <nil>}": {"Key":"self","Type":15,"Integer":0,"String":"a","Interface":null}}
2025-08-15T22:13:02.441-0500	DEBUG	protocol/handler.go:1591	have processed broadcast	{"{round 20 3  <nil>}": {"Key":"from","Type":15,"Integer":0,"String":"b","Interface":null}}
2025-08-15T22:13:02.441-0500	DEBUG	protocol/handler.go:1591	have processed broadcast	{"{round 20 3  <nil>}": {"Key":"from","Type":15,"Integer":0,"String":"c","Interface":null}}
2025-08-15T22:13:02.441-0500	DEBUG	protocol/handler.go:1649	have all messages and processed	{"{round 20 3  <nil>}": {"Key":"self","Type":15,"Integer":0,"String":"a","Interface":null}}
2025-08-15T22:13:02.441-0500	DEBUG	protocol/handler.go:596	round already finalized
2025-08-15T22:13:02.441-0500	DEBUG	protocol/handler.go:581	tryAdvanceRound called	{"{current_round 20 3  <nil>}": {"Key":"self","Type":15,"Integer":0,"String":"b","Interface":null}}
2025-08-15T22:13:02.441-0500	DEBUG	protocol/handler.go:1591	have processed broadcast	{"{round 20 3  <nil>}": {"Key":"from","Type":15,"Integer":0,"String":"a","Interface":null}}
2025-08-15T22:13:02.441-0500	DEBUG	protocol/handler.go:1591	have processed broadcast	{"{round 20 3  <nil>}": {"Key":"from","Type":15,"Integer":0,"String":"c","Interface":null}}
2025-08-15T22:13:02.441-0500	DEBUG	protocol/handler.go:1649	have all messages and processed	{"{round 20 3  <nil>}": {"Key":"self","Type":15,"Integer":0,"String":"b","Interface":null}}
2025-08-15T22:13:02.441-0500	DEBUG	protocol/handler.go:596	round already finalized
2025-08-15T22:13:02.441-0500	DEBUG	protocol/handler.go:581	tryAdvanceRound called	{"{current_round 20 3  <nil>}": {"Key":"self","Type":15,"Integer":0,"String":"b","Interface":null}}
2025-08-15T22:13:02.441-0500	DEBUG	protocol/handler.go:1591	have processed broadcast	{"{round 20 3  <nil>}": {"Key":"from","Type":15,"Integer":0,"String":"a","Interface":null}}
2025-08-15T22:13:02.441-0500	DEBUG	protocol/handler.go:1591	have processed broadcast	{"{round 20 3  <nil>}": {"Key":"from","Type":15,"Integer":0,"String":"c","Interface":null}}
2025-08-15T22:13:02.441-0500	DEBUG	protocol/handler.go:1649	have all messages and processed	{"{round 20 3  <nil>}": {"Key":"self","Type":15,"Integer":0,"String":"b","Interface":null}}
2025-08-15T22:13:02.441-0500	DEBUG	protocol/handler.go:596	round already finalized
2025-08-15T22:13:02.441-0500	DEBUG	protocol/handler.go:581	tryAdvanceRound called	{"{current_round 20 3  <nil>}": {"Key":"self","Type":15,"Integer":0,"String":"c","Interface":null}}
2025-08-15T22:13:02.442-0500	DEBUG	protocol/handler.go:1591	have processed broadcast	{"{round 20 3  <nil>}": {"Key":"from","Type":15,"Integer":0,"String":"a","Interface":null}}
2025-08-15T22:13:02.442-0500	DEBUG	protocol/handler.go:1591	have processed broadcast	{"{round 20 3  <nil>}": {"Key":"from","Type":15,"Integer":0,"String":"b","Interface":null}}
2025-08-15T22:13:02.442-0500	DEBUG	protocol/handler.go:1649	have all messages and processed	{"{round 20 3  <nil>}": {"Key":"self","Type":15,"Integer":0,"String":"c","Interface":null}}
2025-08-15T22:13:02.442-0500	DEBUG	protocol/handler.go:596	round already finalized
2025-08-15T22:13:02.464-0500	DEBUG	protocol/handler.go:581	tryAdvanceRound called	{"{current_round 20 3  <nil>}": {"Key":"self","Type":15,"Integer":0,"String":"c","Interface":null}}
2025-08-15T22:13:02.464-0500	DEBUG	protocol/handler.go:1591	have processed broadcast	{"{round 20 3  <nil>}": {"Key":"from","Type":15,"Integer":0,"String":"a","Interface":null}}
2025-08-15T22:13:02.464-0500	DEBUG	protocol/handler.go:1591	have processed broadcast	{"{round 20 3  <nil>}": {"Key":"from","Type":15,"Integer":0,"String":"b","Interface":null}}
2025-08-15T22:13:02.464-0500	DEBUG	protocol/handler.go:1649	have all messages and processed	{"{round 20 3  <nil>}": {"Key":"self","Type":15,"Integer":0,"String":"c","Interface":null}}
2025-08-15T22:13:02.464-0500	DEBUG	protocol/handler.go:596	round already finalized
2025-08-15T22:13:02.487-0500	DEBUG	protocol/handler.go:581	tryAdvanceRound called	{"{current_round 20 3  <nil>}": {"Key":"self","Type":15,"Integer":0,"String":"c","Interface":null}}
2025-08-15T22:13:02.487-0500	DEBUG	protocol/handler.go:1591	have processed broadcast	{"{round 20 3  <nil>}": {"Key":"from","Type":15,"Integer":0,"String":"a","Interface":null}}
2025-08-15T22:13:02.487-0500	DEBUG	protocol/handler.go:1591	have processed broadcast	{"{round 20 3  <nil>}": {"Key":"from","Type":15,"Integer":0,"String":"b","Interface":null}}
2025-08-15T22:13:02.487-0500	DEBUG	protocol/handler.go:1649	have all messages and processed	{"{round 20 3  <nil>}": {"Key":"self","Type":15,"Integer":0,"String":"c","Interface":null}}
2025-08-15T22:13:02.487-0500	DEBUG	protocol/handler.go:596	round already finalized
2025-08-15T22:13:02.487-0500	DEBUG	protocol/handler.go:581	tryAdvanceRound called	{"{current_round 20 3  <nil>}": {"Key":"self","Type":15,"Integer":0,"String":"a","Interface":null}}
2025-08-15T22:13:02.487-0500	DEBUG	protocol/handler.go:1591	have processed broadcast	{"{round 20 3  <nil>}": {"Key":"from","Type":15,"Integer":0,"String":"b","Interface":null}}
2025-08-15T22:13:02.487-0500	DEBUG	protocol/handler.go:1591	have processed broadcast	{"{round 20 3  <nil>}": {"Key":"from","Type":15,"Integer":0,"String":"c","Interface":null}}
2025-08-15T22:13:02.487-0500	DEBUG	protocol/handler.go:1649	have all messages and processed	{"{round 20 3  <nil>}": {"Key":"self","Type":15,"Integer":0,"String":"a","Interface":null}}
2025-08-15T22:13:02.488-0500	DEBUG	protocol/handler.go:596	round already finalized
2025-08-15T22:13:02.488-0500	DEBUG	protocol/handler.go:581	tryAdvanceRound called	{"{current_round 20 3  <nil>}": {"Key":"self","Type":15,"Integer":0,"String":"a","Interface":null}}
2025-08-15T22:13:02.488-0500	DEBUG	protocol/handler.go:1591	have processed broadcast	{"{round 20 3  <nil>}": {"Key":"from","Type":15,"Integer":0,"String":"b","Interface":null}}
2025-08-15T22:13:02.488-0500	DEBUG	protocol/handler.go:1591	have processed broadcast	{"{round 20 3  <nil>}": {"Key":"from","Type":15,"Integer":0,"String":"c","Interface":null}}
2025-08-15T22:13:02.488-0500	DEBUG	protocol/handler.go:1649	have all messages and processed	{"{round 20 3  <nil>}": {"Key":"self","Type":15,"Integer":0,"String":"a","Interface":null}}
2025-08-15T22:13:02.488-0500	DEBUG	protocol/handler.go:596	round already finalized
2025-08-15T22:13:02.488-0500	DEBUG	protocol/handler.go:581	tryAdvanceRound called	{"{current_round 20 3  <nil>}": {"Key":"self","Type":15,"Integer":0,"String":"b","Interface":null}}
2025-08-15T22:13:02.488-0500	DEBUG	protocol/handler.go:1591	have processed broadcast	{"{round 20 3  <nil>}": {"Key":"from","Type":15,"Integer":0,"String":"a","Interface":null}}
2025-08-15T22:13:02.488-0500	DEBUG	protocol/handler.go:1591	have processed broadcast	{"{round 20 3  <nil>}": {"Key":"from","Type":15,"Integer":0,"String":"c","Interface":null}}
2025-08-15T22:13:02.488-0500	DEBUG	protocol/handler.go:1649	have all messages and processed	{"{round 20 3  <nil>}": {"Key":"self","Type":15,"Integer":0,"String":"b","Interface":null}}
2025-08-15T22:13:02.488-0500	DEBUG	protocol/handler.go:596	round already finalized
2025-08-15T22:13:02.488-0500	DEBUG	protocol/handler.go:581	tryAdvanceRound called	{"{current_round 20 3  <nil>}": {"Key":"self","Type":15,"Integer":0,"String":"b","Interface":null}}
2025-08-15T22:13:02.488-0500	DEBUG	protocol/handler.go:1591	have processed broadcast	{"{round 20 3  <nil>}": {"Key":"from","Type":15,"Integer":0,"String":"a","Interface":null}}
2025-08-15T22:13:02.488-0500	DEBUG	protocol/handler.go:1591	have processed broadcast	{"{round 20 3  <nil>}": {"Key":"from","Type":15,"Integer":0,"String":"c","Interface":null}}
2025-08-15T22:13:02.488-0500	DEBUG	protocol/handler.go:1649	have all messages and processed	{"{round 20 3  <nil>}": {"Key":"self","Type":15,"Integer":0,"String":"b","Interface":null}}
2025-08-15T22:13:02.488-0500	DEBUG	protocol/handler.go:596	round already finalized
2025-08-15T22:13:02.596-0500	DEBUG	protocol/handler.go:581	tryAdvanceRound called	{"{current_round 20 3  <nil>}": {"Key":"self","Type":15,"Integer":0,"String":"b","Interface":null}}
2025-08-15T22:13:02.605-0500	DEBUG	protocol/handler.go:1591	have processed broadcast	{"{round 20 3  <nil>}": {"Key":"from","Type":15,"Integer":0,"String":"a","Interface":null}}
2025-08-15T22:13:02.608-0500	DEBUG	protocol/handler.go:1591	have processed broadcast	{"{round 20 3  <nil>}": {"Key":"from","Type":15,"Integer":0,"String":"c","Interface":null}}
2025-08-15T22:13:02.608-0500	DEBUG	protocol/handler.go:1649	have all messages and processed	{"{round 20 3  <nil>}": {"Key":"self","Type":15,"Integer":0,"String":"b","Interface":null}}
2025-08-15T22:13:02.608-0500	DEBUG	protocol/handler.go:596	round already finalized
2025-08-15T22:13:02.608-0500	DEBUG	protocol/handler.go:581	tryAdvanceRound called	{"{current_round 20 3  <nil>}": {"Key":"self","Type":15,"Integer":0,"String":"b","Interface":null}}
2025-08-15T22:13:02.608-0500	DEBUG	protocol/handler.go:1591	have processed broadcast	{"{round 20 3  <nil>}": {"Key":"from","Type":15,"Integer":0,"String":"a","Interface":null}}
2025-08-15T22:13:02.608-0500	DEBUG	protocol/handler.go:1591	have processed broadcast	{"{round 20 3  <nil>}": {"Key":"from","Type":15,"Integer":0,"String":"c","Interface":null}}
2025-08-15T22:13:02.608-0500	DEBUG	protocol/handler.go:1649	have all messages and processed	{"{round 20 3  <nil>}": {"Key":"self","Type":15,"Integer":0,"String":"b","Interface":null}}
2025-08-15T22:13:02.691-0500	DEBUG	protocol/handler.go:596	round already finalized
2025-08-15T22:13:02.691-0500	DEBUG	protocol/handler.go:581	tryAdvanceRound called	{"{current_round 20 3  <nil>}": {"Key":"self","Type":15,"Integer":0,"String":"b","Interface":null}}
2025-08-15T22:13:02.691-0500	DEBUG	protocol/handler.go:1591	have processed broadcast	{"{round 20 3  <nil>}": {"Key":"from","Type":15,"Integer":0,"String":"a","Interface":null}}
2025-08-15T22:13:02.691-0500	DEBUG	protocol/handler.go:1591	have processed broadcast	{"{round 20 3  <nil>}": {"Key":"from","Type":15,"Integer":0,"String":"c","Interface":null}}
2025-08-15T22:13:02.691-0500	DEBUG	protocol/handler.go:1649	have all messages and processed	{"{round 20 3  <nil>}": {"Key":"self","Type":15,"Integer":0,"String":"b","Interface":null}}
2025-08-15T22:13:02.698-0500	DEBUG	protocol/handler.go:596	round already finalized
2025-08-15T22:13:02.616-0500	DEBUG	protocol/handler.go:581	tryAdvanceRound called	{"{current_round 20 3  <nil>}": {"Key":"self","Type":15,"Integer":0,"String":"c","Interface":null}}
2025-08-15T22:13:02.729-0500	DEBUG	protocol/handler.go:581	tryAdvanceRound called	{"{current_round 20 3  <nil>}": {"Key":"self","Type":15,"Integer":0,"String":"b","Interface":null}}
2025-08-15T22:13:02.730-0500	DEBUG	protocol/handler.go:1591	have processed broadcast	{"{round 20 3  <nil>}": {"Key":"from","Type":15,"Integer":0,"String":"a","Interface":null}}
2025-08-15T22:13:02.730-0500	DEBUG	protocol/handler.go:1591	have processed broadcast	{"{round 20 3  <nil>}": {"Key":"from","Type":15,"Integer":0,"String":"c","Interface":null}}
2025-08-15T22:13:02.730-0500	DEBUG	protocol/handler.go:1649	have all messages and processed	{"{round 20 3  <nil>}": {"Key":"self","Type":15,"Integer":0,"String":"b","Interface":null}}
2025-08-15T22:13:02.730-0500	DEBUG	protocol/handler.go:596	round already finalized
2025-08-15T22:13:02.628-0500	DEBUG	protocol/handler.go:581	tryAdvanceRound called	{"{current_round 20 3  <nil>}": {"Key":"self","Type":15,"Integer":0,"String":"a","Interface":null}}
2025-08-15T22:13:02.730-0500	DEBUG	protocol/handler.go:1591	have processed broadcast	{"{round 20 3  <nil>}": {"Key":"from","Type":15,"Integer":0,"String":"b","Interface":null}}
2025-08-15T22:13:02.730-0500	DEBUG	protocol/handler.go:1591	have processed broadcast	{"{round 20 3  <nil>}": {"Key":"from","Type":15,"Integer":0,"String":"c","Interface":null}}
2025-08-15T22:13:02.730-0500	DEBUG	protocol/handler.go:1649	have all messages and processed	{"{round 20 3  <nil>}": {"Key":"self","Type":15,"Integer":0,"String":"a","Interface":null}}
2025-08-15T22:13:02.730-0500	DEBUG	protocol/handler.go:596	round already finalized
2025-08-15T22:13:02.730-0500	DEBUG	protocol/handler.go:581	tryAdvanceRound called	{"{current_round 20 3  <nil>}": {"Key":"self","Type":15,"Integer":0,"String":"a","Interface":null}}
2025-08-15T22:13:02.730-0500	DEBUG	protocol/handler.go:1591	have processed broadcast	{"{round 20 3  <nil>}": {"Key":"from","Type":15,"Integer":0,"String":"b","Interface":null}}
2025-08-15T22:13:02.734-0500	DEBUG	protocol/handler.go:1591	have processed broadcast	{"{round 20 3  <nil>}": {"Key":"from","Type":15,"Integer":0,"String":"c","Interface":null}}
2025-08-15T22:13:02.734-0500	DEBUG	protocol/handler.go:1649	have all messages and processed	{"{round 20 3  <nil>}": {"Key":"self","Type":15,"Integer":0,"String":"a","Interface":null}}
2025-08-15T22:13:02.734-0500	DEBUG	protocol/handler.go:596	round already finalized
2025-08-15T22:13:02.734-0500	DEBUG	protocol/handler.go:581	tryAdvanceRound called	{"{current_round 20 3  <nil>}": {"Key":"self","Type":15,"Integer":0,"String":"b","Interface":null}}
2025-08-15T22:13:02.734-0500	DEBUG	protocol/handler.go:1591	have processed broadcast	{"{round 20 3  <nil>}": {"Key":"from","Type":15,"Integer":0,"String":"a","Interface":null}}
2025-08-15T22:13:02.735-0500	DEBUG	protocol/handler.go:1591	have processed broadcast	{"{round 20 3  <nil>}": {"Key":"from","Type":15,"Integer":0,"String":"c","Interface":null}}
2025-08-15T22:13:02.735-0500	DEBUG	protocol/handler.go:1649	have all messages and processed	{"{round 20 3  <nil>}": {"Key":"self","Type":15,"Integer":0,"String":"b","Interface":null}}
2025-08-15T22:13:02.735-0500	DEBUG	protocol/handler.go:596	round already finalized
2025-08-15T22:13:02.709-0500	DEBUG	protocol/handler.go:1591	have processed broadcast	{"{round 20 3  <nil>}": {"Key":"from","Type":15,"Integer":0,"String":"a","Interface":null}}
2025-08-15T22:13:02.770-0500	DEBUG	protocol/handler.go:1591	have processed broadcast	{"{round 20 3  <nil>}": {"Key":"from","Type":15,"Integer":0,"String":"b","Interface":null}}
2025-08-15T22:13:02.770-0500	DEBUG	protocol/handler.go:1649	have all messages and processed	{"{round 20 3  <nil>}": {"Key":"self","Type":15,"Integer":0,"String":"c","Interface":null}}
2025-08-15T22:13:02.770-0500	DEBUG	protocol/handler.go:596	round already finalized
2025-08-15T22:13:02.770-0500	DEBUG	protocol/handler.go:581	tryAdvanceRound called	{"{current_round 20 3  <nil>}": {"Key":"self","Type":15,"Integer":0,"String":"c","Interface":null}}
2025-08-15T22:13:02.770-0500	DEBUG	protocol/handler.go:1591	have processed broadcast	{"{round 20 3  <nil>}": {"Key":"from","Type":15,"Integer":0,"String":"a","Interface":null}}
2025-08-15T22:13:02.770-0500	DEBUG	protocol/handler.go:1591	have processed broadcast	{"{round 20 3  <nil>}": {"Key":"from","Type":15,"Integer":0,"String":"b","Interface":null}}
2025-08-15T22:13:02.770-0500	DEBUG	protocol/handler.go:1649	have all messages and processed	{"{round 20 3  <nil>}": {"Key":"self","Type":15,"Integer":0,"String":"c","Interface":null}}
2025-08-15T22:13:02.770-0500	DEBUG	protocol/handler.go:596	round already finalized
2025-08-15T22:13:02.802-0500	DEBUG	protocol/handler.go:581	tryAdvanceRound called	{"{current_round 20 3  <nil>}": {"Key":"self","Type":15,"Integer":0,"String":"c","Interface":null}}
2025-08-15T22:13:02.802-0500	DEBUG	protocol/handler.go:1591	have processed broadcast	{"{round 20 3  <nil>}": {"Key":"from","Type":15,"Integer":0,"String":"a","Interface":null}}
2025-08-15T22:13:02.802-0500	DEBUG	protocol/handler.go:1591	have processed broadcast	{"{round 20 3  <nil>}": {"Key":"from","Type":15,"Integer":0,"String":"b","Interface":null}}
2025-08-15T22:13:02.802-0500	DEBUG	protocol/handler.go:1649	have all messages and processed	{"{round 20 3  <nil>}": {"Key":"self","Type":15,"Integer":0,"String":"c","Interface":null}}
2025-08-15T22:13:02.802-0500	DEBUG	protocol/handler.go:596	round already finalized
2025-08-15T22:13:02.813-0500	DEBUG	protocol/handler.go:581	tryAdvanceRound called	{"{current_round 20 3  <nil>}": {"Key":"self","Type":15,"Integer":0,"String":"c","Interface":null}}
2025-08-15T22:13:02.813-0500	DEBUG	protocol/handler.go:1591	have processed broadcast	{"{round 20 3  <nil>}": {"Key":"from","Type":15,"Integer":0,"String":"a","Interface":null}}
2025-08-15T22:13:02.813-0500	DEBUG	protocol/handler.go:1591	have processed broadcast	{"{round 20 3  <nil>}": {"Key":"from","Type":15,"Integer":0,"String":"b","Interface":null}}
2025-08-15T22:13:02.813-0500	DEBUG	protocol/handler.go:1649	have all messages and processed	{"{round 20 3  <nil>}": {"Key":"self","Type":15,"Integer":0,"String":"c","Interface":null}}
2025-08-15T22:13:02.813-0500	DEBUG	protocol/handler.go:596	round already finalized
2025-08-15T22:13:02.811-0500	DEBUG	protocol/handler.go:581	tryAdvanceRound called	{"{current_round 20 3  <nil>}": {"Key":"self","Type":15,"Integer":0,"String":"a","Interface":null}}
2025-08-15T22:13:02.813-0500	DEBUG	protocol/handler.go:1591	have processed broadcast	{"{round 20 3  <nil>}": {"Key":"from","Type":15,"Integer":0,"String":"b","Interface":null}}
2025-08-15T22:13:02.814-0500	DEBUG	protocol/handler.go:1591	have processed broadcast	{"{round 20 3  <nil>}": {"Key":"from","Type":15,"Integer":0,"String":"c","Interface":null}}
2025-08-15T22:13:02.814-0500	DEBUG	protocol/handler.go:1649	have all messages and processed	{"{round 20 3  <nil>}": {"Key":"self","Type":15,"Integer":0,"String":"a","Interface":null}}
2025-08-15T22:13:02.814-0500	DEBUG	protocol/handler.go:596	round already finalized
2025-08-15T22:13:02.814-0500	DEBUG	protocol/handler.go:581	tryAdvanceRound called	{"{current_round 20 3  <nil>}": {"Key":"self","Type":15,"Integer":0,"String":"a","Interface":null}}
2025-08-15T22:13:02.814-0500	DEBUG	protocol/handler.go:1591	have processed broadcast	{"{round 20 3  <nil>}": {"Key":"from","Type":15,"Integer":0,"String":"b","Interface":null}}
2025-08-15T22:13:02.814-0500	DEBUG	protocol/handler.go:1591	have processed broadcast	{"{round 20 3  <nil>}": {"Key":"from","Type":15,"Integer":0,"String":"c","Interface":null}}
2025-08-15T22:13:02.815-0500	DEBUG	protocol/handler.go:1649	have all messages and processed	{"{round 20 3  <nil>}": {"Key":"self","Type":15,"Integer":0,"String":"a","Interface":null}}
2025-08-15T22:13:02.815-0500	DEBUG	protocol/handler.go:596	round already finalized
2025-08-15T22:13:02.815-0500	DEBUG	protocol/handler.go:581	tryAdvanceRound called	{"{current_round 20 3  <nil>}": {"Key":"self","Type":15,"Integer":0,"String":"b","Interface":null}}
2025-08-15T22:13:02.815-0500	DEBUG	protocol/handler.go:1591	have processed broadcast	{"{round 20 3  <nil>}": {"Key":"from","Type":15,"Integer":0,"String":"a","Interface":null}}
2025-08-15T22:13:02.815-0500	DEBUG	protocol/handler.go:1591	have processed broadcast	{"{round 20 3  <nil>}": {"Key":"from","Type":15,"Integer":0,"String":"c","Interface":null}}
2025-08-15T22:13:02.816-0500	DEBUG	protocol/handler.go:1649	have all messages and processed	{"{round 20 3  <nil>}": {"Key":"self","Type":15,"Integer":0,"String":"b","Interface":null}}
2025-08-15T22:13:02.816-0500	DEBUG	protocol/handler.go:596	round already finalized
2025-08-15T22:13:02.816-0500	DEBUG	protocol/handler.go:581	tryAdvanceRound called	{"{current_round 20 3  <nil>}": {"Key":"self","Type":15,"Integer":0,"String":"b","Interface":null}}
2025-08-15T22:13:02.816-0500	DEBUG	protocol/handler.go:1591	have processed broadcast	{"{round 20 3  <nil>}": {"Key":"from","Type":15,"Integer":0,"String":"a","Interface":null}}
2025-08-15T22:13:02.816-0500	DEBUG	protocol/handler.go:1591	have processed broadcast	{"{round 20 3  <nil>}": {"Key":"from","Type":15,"Integer":0,"String":"c","Interface":null}}
2025-08-15T22:13:02.816-0500	DEBUG	protocol/handler.go:1649	have all messages and processed	{"{round 20 3  <nil>}": {"Key":"self","Type":15,"Integer":0,"String":"b","Interface":null}}
2025-08-15T22:13:02.817-0500	DEBUG	protocol/handler.go:596	round already finalized
2025-08-15T22:13:02.817-0500	DEBUG	protocol/handler.go:581	tryAdvanceRound called	{"{current_round 20 3  <nil>}": {"Key":"self","Type":15,"Integer":0,"String":"a","Interface":null}}
2025-08-15T22:13:02.818-0500	DEBUG	protocol/handler.go:1591	have processed broadcast	{"{round 20 3  <nil>}": {"Key":"from","Type":15,"Integer":0,"String":"b","Interface":null}}
2025-08-15T22:13:02.818-0500	DEBUG	protocol/handler.go:1591	have processed broadcast	{"{round 20 3  <nil>}": {"Key":"from","Type":15,"Integer":0,"String":"c","Interface":null}}
2025-08-15T22:13:02.818-0500	DEBUG	protocol/handler.go:1649	have all messages and processed	{"{round 20 3  <nil>}": {"Key":"self","Type":15,"Integer":0,"String":"a","Interface":null}}
2025-08-15T22:13:02.818-0500	DEBUG	protocol/handler.go:596	round already finalized
2025-08-15T22:13:02.834-0500	DEBUG	protocol/handler.go:581	tryAdvanceRound called	{"{current_round 20 3  <nil>}": {"Key":"self","Type":15,"Integer":0,"String":"c","Interface":null}}
2025-08-15T22:13:02.835-0500	DEBUG	protocol/handler.go:1591	have processed broadcast	{"{round 20 3  <nil>}": {"Key":"from","Type":15,"Integer":0,"String":"a","Interface":null}}
2025-08-15T22:13:02.835-0500	DEBUG	protocol/handler.go:1591	have processed broadcast	{"{round 20 3  <nil>}": {"Key":"from","Type":15,"Integer":0,"String":"b","Interface":null}}
2025-08-15T22:13:02.835-0500	DEBUG	protocol/handler.go:1649	have all messages and processed	{"{round 20 3  <nil>}": {"Key":"self","Type":15,"Integer":0,"String":"c","Interface":null}}
2025-08-15T22:13:02.835-0500	DEBUG	protocol/handler.go:596	round already finalized
2025-08-15T22:13:02.868-0500	DEBUG	protocol/handler.go:581	tryAdvanceRound called	{"{current_round 20 3  <nil>}": {"Key":"self","Type":15,"Integer":0,"String":"b","Interface":null}}
2025-08-15T22:13:02.868-0500	DEBUG	protocol/handler.go:1591	have processed broadcast	{"{round 20 3  <nil>}": {"Key":"from","Type":15,"Integer":0,"String":"a","Interface":null}}
2025-08-15T22:13:02.868-0500	DEBUG	protocol/handler.go:1591	have processed broadcast	{"{round 20 3  <nil>}": {"Key":"from","Type":15,"Integer":0,"String":"c","Interface":null}}
2025-08-15T22:13:02.868-0500	DEBUG	protocol/handler.go:1649	have all messages and processed	{"{round 20 3  <nil>}": {"Key":"self","Type":15,"Integer":0,"String":"b","Interface":null}}
2025-08-15T22:13:02.868-0500	DEBUG	protocol/handler.go:596	round already finalized
2025-08-15T22:13:02.868-0500	DEBUG	protocol/handler.go:581	tryAdvanceRound called	{"{current_round 20 3  <nil>}": {"Key":"self","Type":15,"Integer":0,"String":"b","Interface":null}}
2025-08-15T22:13:02.868-0500	DEBUG	protocol/handler.go:1591	have processed broadcast	{"{round 20 3  <nil>}": {"Key":"from","Type":15,"Integer":0,"String":"a","Interface":null}}
2025-08-15T22:13:02.868-0500	DEBUG	protocol/handler.go:1591	have processed broadcast	{"{round 20 3  <nil>}": {"Key":"from","Type":15,"Integer":0,"String":"c","Interface":null}}
2025-08-15T22:13:02.868-0500	DEBUG	protocol/handler.go:1649	have all messages and processed	{"{round 20 3  <nil>}": {"Key":"self","Type":15,"Integer":0,"String":"b","Interface":null}}
2025-08-15T22:13:02.868-0500	DEBUG	protocol/handler.go:596	round already finalized
2025-08-15T22:13:02.868-0500	DEBUG	protocol/handler.go:581	tryAdvanceRound called	{"{current_round 20 3  <nil>}": {"Key":"self","Type":15,"Integer":0,"String":"a","Interface":null}}
2025-08-15T22:13:02.868-0500	DEBUG	protocol/handler.go:1591	have processed broadcast	{"{round 20 3  <nil>}": {"Key":"from","Type":15,"Integer":0,"String":"b","Interface":null}}
2025-08-15T22:13:02.869-0500	DEBUG	protocol/handler.go:1591	have processed broadcast	{"{round 20 3  <nil>}": {"Key":"from","Type":15,"Integer":0,"String":"c","Interface":null}}
2025-08-15T22:13:02.869-0500	DEBUG	protocol/handler.go:1649	have all messages and processed	{"{round 20 3  <nil>}": {"Key":"self","Type":15,"Integer":0,"String":"a","Interface":null}}
2025-08-15T22:13:02.869-0500	DEBUG	protocol/handler.go:596	round already finalized
2025-08-15T22:13:02.869-0500	DEBUG	protocol/handler.go:581	tryAdvanceRound called	{"{current_round 20 3  <nil>}": {"Key":"self","Type":15,"Integer":0,"String":"a","Interface":null}}
2025-08-15T22:13:02.869-0500	DEBUG	protocol/handler.go:1591	have processed broadcast	{"{round 20 3  <nil>}": {"Key":"from","Type":15,"Integer":0,"String":"b","Interface":null}}
2025-08-15T22:13:02.869-0500	DEBUG	protocol/handler.go:1591	have processed broadcast	{"{round 20 3  <nil>}": {"Key":"from","Type":15,"Integer":0,"String":"c","Interface":null}}
2025-08-15T22:13:02.869-0500	DEBUG	protocol/handler.go:1649	have all messages and processed	{"{round 20 3  <nil>}": {"Key":"self","Type":15,"Integer":0,"String":"a","Interface":null}}
2025-08-15T22:13:02.869-0500	DEBUG	protocol/handler.go:596	round already finalized
2025-08-15T22:13:02.879-0500	DEBUG	protocol/handler.go:581	tryAdvanceRound called	{"{current_round 20 3  <nil>}": {"Key":"self","Type":15,"Integer":0,"String":"c","Interface":null}}
2025-08-15T22:13:02.879-0500	DEBUG	protocol/handler.go:1591	have processed broadcast	{"{round 20 3  <nil>}": {"Key":"from","Type":15,"Integer":0,"String":"a","Interface":null}}
2025-08-15T22:13:02.879-0500	DEBUG	protocol/handler.go:1591	have processed broadcast	{"{round 20 3  <nil>}": {"Key":"from","Type":15,"Integer":0,"String":"b","Interface":null}}
2025-08-15T22:13:02.879-0500	DEBUG	protocol/handler.go:1649	have all messages and processed	{"{round 20 3  <nil>}": {"Key":"self","Type":15,"Integer":0,"String":"c","Interface":null}}
2025-08-15T22:13:02.879-0500	DEBUG	protocol/handler.go:596	round already finalized
2025-08-15T22:13:02.879-0500	DEBUG	protocol/handler.go:581	tryAdvanceRound called	{"{current_round 20 3  <nil>}": {"Key":"self","Type":15,"Integer":0,"String":"c","Interface":null}}
2025-08-15T22:13:02.879-0500	DEBUG	protocol/handler.go:1591	have processed broadcast	{"{round 20 3  <nil>}": {"Key":"from","Type":15,"Integer":0,"String":"a","Interface":null}}
2025-08-15T22:13:02.879-0500	DEBUG	protocol/handler.go:1591	have processed broadcast	{"{round 20 3  <nil>}": {"Key":"from","Type":15,"Integer":0,"String":"b","Interface":null}}
2025-08-15T22:13:02.879-0500	DEBUG	protocol/handler.go:1649	have all messages and processed	{"{round 20 3  <nil>}": {"Key":"self","Type":15,"Integer":0,"String":"c","Interface":null}}
2025-08-15T22:13:02.879-0500	DEBUG	protocol/handler.go:596	round already finalized
2025-08-15T22:13:02.890-0500	DEBUG	protocol/handler.go:581	tryAdvanceRound called	{"{current_round 20 3  <nil>}": {"Key":"self","Type":15,"Integer":0,"String":"b","Interface":null}}
2025-08-15T22:13:02.890-0500	DEBUG	protocol/handler.go:1591	have processed broadcast	{"{round 20 3  <nil>}": {"Key":"from","Type":15,"Integer":0,"String":"a","Interface":null}}
2025-08-15T22:13:02.890-0500	DEBUG	protocol/handler.go:1591	have processed broadcast	{"{round 20 3  <nil>}": {"Key":"from","Type":15,"Integer":0,"String":"c","Interface":null}}
2025-08-15T22:13:02.890-0500	DEBUG	protocol/handler.go:1649	have all messages and processed	{"{round 20 3  <nil>}": {"Key":"self","Type":15,"Integer":0,"String":"b","Interface":null}}
2025-08-15T22:13:02.891-0500	DEBUG	protocol/handler.go:596	round already finalized
2025-08-15T22:13:02.912-0500	DEBUG	protocol/handler.go:581	tryAdvanceRound called	{"{current_round 20 3  <nil>}": {"Key":"self","Type":15,"Integer":0,"String":"b","Interface":null}}
2025-08-15T22:13:02.912-0500	DEBUG	protocol/handler.go:1591	have processed broadcast	{"{round 20 3  <nil>}": {"Key":"from","Type":15,"Integer":0,"String":"a","Interface":null}}
2025-08-15T22:13:02.912-0500	DEBUG	protocol/handler.go:1591	have processed broadcast	{"{round 20 3  <nil>}": {"Key":"from","Type":15,"Integer":0,"String":"c","Interface":null}}
2025-08-15T22:13:02.912-0500	DEBUG	protocol/handler.go:1649	have all messages and processed	{"{round 20 3  <nil>}": {"Key":"self","Type":15,"Integer":0,"String":"b","Interface":null}}
2025-08-15T22:13:02.912-0500	DEBUG	protocol/handler.go:596	round already finalized
2025-08-15T22:13:02.912-0500	DEBUG	protocol/handler.go:581	tryAdvanceRound called	{"{current_round 20 3  <nil>}": {"Key":"self","Type":15,"Integer":0,"String":"a","Interface":null}}
2025-08-15T22:13:02.912-0500	DEBUG	protocol/handler.go:1591	have processed broadcast	{"{round 20 3  <nil>}": {"Key":"from","Type":15,"Integer":0,"String":"b","Interface":null}}
2025-08-15T22:13:02.912-0500	DEBUG	protocol/handler.go:1591	have processed broadcast	{"{round 20 3  <nil>}": {"Key":"from","Type":15,"Integer":0,"String":"c","Interface":null}}
2025-08-15T22:13:02.912-0500	DEBUG	protocol/handler.go:1649	have all messages and processed	{"{round 20 3  <nil>}": {"Key":"self","Type":15,"Integer":0,"String":"a","Interface":null}}
2025-08-15T22:13:02.912-0500	DEBUG	protocol/handler.go:596	round already finalized
2025-08-15T22:13:02.912-0500	DEBUG	protocol/handler.go:581	tryAdvanceRound called	{"{current_round 20 3  <nil>}": {"Key":"self","Type":15,"Integer":0,"String":"a","Interface":null}}
2025-08-15T22:13:02.912-0500	DEBUG	protocol/handler.go:1591	have processed broadcast	{"{round 20 3  <nil>}": {"Key":"from","Type":15,"Integer":0,"String":"b","Interface":null}}
2025-08-15T22:13:02.912-0500	DEBUG	protocol/handler.go:1591	have processed broadcast	{"{round 20 3  <nil>}": {"Key":"from","Type":15,"Integer":0,"String":"c","Interface":null}}
2025-08-15T22:13:02.912-0500	DEBUG	protocol/handler.go:1649	have all messages and processed	{"{round 20 3  <nil>}": {"Key":"self","Type":15,"Integer":0,"String":"a","Interface":null}}
2025-08-15T22:13:02.912-0500	DEBUG	protocol/handler.go:596	round already finalized
2025-08-15T22:13:03.010-0500	DEBUG	protocol/handler.go:581	tryAdvanceRound called	{"{current_round 20 3  <nil>}": {"Key":"self","Type":15,"Integer":0,"String":"b","Interface":null}}
2025-08-15T22:13:03.010-0500	DEBUG	protocol/handler.go:1591	have processed broadcast	{"{round 20 3  <nil>}": {"Key":"from","Type":15,"Integer":0,"String":"a","Interface":null}}
2025-08-15T22:13:03.010-0500	DEBUG	protocol/handler.go:1591	have processed broadcast	{"{round 20 3  <nil>}": {"Key":"from","Type":15,"Integer":0,"String":"c","Interface":null}}
2025-08-15T22:13:03.010-0500	DEBUG	protocol/handler.go:1649	have all messages and processed	{"{round 20 3  <nil>}": {"Key":"self","Type":15,"Integer":0,"String":"b","Interface":null}}
2025-08-15T22:13:03.010-0500	DEBUG	protocol/handler.go:596	round already finalized
2025-08-15T22:13:03.010-0500	DEBUG	protocol/handler.go:581	tryAdvanceRound called	{"{current_round 20 3  <nil>}": {"Key":"self","Type":15,"Integer":0,"String":"b","Interface":null}}
2025-08-15T22:13:03.010-0500	DEBUG	protocol/handler.go:1591	have processed broadcast	{"{round 20 3  <nil>}": {"Key":"from","Type":15,"Integer":0,"String":"a","Interface":null}}
2025-08-15T22:13:03.010-0500	DEBUG	protocol/handler.go:1591	have processed broadcast	{"{round 20 3  <nil>}": {"Key":"from","Type":15,"Integer":0,"String":"c","Interface":null}}
2025-08-15T22:13:03.010-0500	DEBUG	protocol/handler.go:1649	have all messages and processed	{"{round 20 3  <nil>}": {"Key":"self","Type":15,"Integer":0,"String":"b","Interface":null}}
2025-08-15T22:13:03.010-0500	DEBUG	protocol/handler.go:596	round already finalized
2025-08-15T22:13:03.010-0500	DEBUG	protocol/handler.go:581	tryAdvanceRound called	{"{current_round 20 3  <nil>}": {"Key":"self","Type":15,"Integer":0,"String":"b","Interface":null}}
2025-08-15T22:13:03.010-0500	DEBUG	protocol/handler.go:1591	have processed broadcast	{"{round 20 3  <nil>}": {"Key":"from","Type":15,"Integer":0,"String":"a","Interface":null}}
2025-08-15T22:13:03.010-0500	DEBUG	protocol/handler.go:1591	have processed broadcast	{"{round 20 3  <nil>}": {"Key":"from","Type":15,"Integer":0,"String":"c","Interface":null}}
2025-08-15T22:13:03.010-0500	DEBUG	protocol/handler.go:1649	have all messages and processed	{"{round 20 3  <nil>}": {"Key":"self","Type":15,"Integer":0,"String":"b","Interface":null}}
2025-08-15T22:13:03.011-0500	DEBUG	protocol/handler.go:596	round already finalized
2025-08-15T22:13:03.063-0500	DEBUG	protocol/handler.go:581	tryAdvanceRound called	{"{current_round 20 3  <nil>}": {"Key":"self","Type":15,"Integer":0,"String":"c","Interface":null}}
2025-08-15T22:13:03.063-0500	DEBUG	protocol/handler.go:1591	have processed broadcast	{"{round 20 3  <nil>}": {"Key":"from","Type":15,"Integer":0,"String":"a","Interface":null}}
2025-08-15T22:13:03.063-0500	DEBUG	protocol/handler.go:1591	have processed broadcast	{"{round 20 3  <nil>}": {"Key":"from","Type":15,"Integer":0,"String":"b","Interface":null}}
2025-08-15T22:13:03.066-0500	DEBUG	protocol/handler.go:1649	have all messages and processed	{"{round 20 3  <nil>}": {"Key":"self","Type":15,"Integer":0,"String":"c","Interface":null}}
2025-08-15T22:13:03.069-0500	DEBUG	protocol/handler.go:581	tryAdvanceRound called	{"{current_round 20 3  <nil>}": {"Key":"self","Type":15,"Integer":0,"String":"a","Interface":null}}
2025-08-15T22:13:03.069-0500	DEBUG	protocol/handler.go:1591	have processed broadcast	{"{round 20 3  <nil>}": {"Key":"from","Type":15,"Integer":0,"String":"b","Interface":null}}
2025-08-15T22:13:03.069-0500	DEBUG	protocol/handler.go:1591	have processed broadcast	{"{round 20 3  <nil>}": {"Key":"from","Type":15,"Integer":0,"String":"c","Interface":null}}
2025-08-15T22:13:03.069-0500	DEBUG	protocol/handler.go:1649	have all messages and processed	{"{round 20 3  <nil>}": {"Key":"self","Type":15,"Integer":0,"String":"a","Interface":null}}
2025-08-15T22:13:03.069-0500	DEBUG	protocol/handler.go:596	round already finalized
2025-08-15T22:13:03.069-0500	DEBUG	protocol/handler.go:581	tryAdvanceRound called	{"{current_round 20 3  <nil>}": {"Key":"self","Type":15,"Integer":0,"String":"a","Interface":null}}
2025-08-15T22:13:03.069-0500	DEBUG	protocol/handler.go:1591	have processed broadcast	{"{round 20 3  <nil>}": {"Key":"from","Type":15,"Integer":0,"String":"b","Interface":null}}
2025-08-15T22:13:03.069-0500	DEBUG	protocol/handler.go:1591	have processed broadcast	{"{round 20 3  <nil>}": {"Key":"from","Type":15,"Integer":0,"String":"c","Interface":null}}
2025-08-15T22:13:03.069-0500	DEBUG	protocol/handler.go:1649	have all messages and processed	{"{round 20 3  <nil>}": {"Key":"self","Type":15,"Integer":0,"String":"a","Interface":null}}
2025-08-15T22:13:03.070-0500	DEBUG	protocol/handler.go:596	round already finalized
2025-08-15T22:13:03.091-0500	DEBUG	protocol/handler.go:581	tryAdvanceRound called	{"{current_round 20 3  <nil>}": {"Key":"self","Type":15,"Integer":0,"String":"a","Interface":null}}
2025-08-15T22:13:03.091-0500	DEBUG	protocol/handler.go:1591	have processed broadcast	{"{round 20 3  <nil>}": {"Key":"from","Type":15,"Integer":0,"String":"b","Interface":null}}
2025-08-15T22:13:03.091-0500	DEBUG	protocol/handler.go:1591	have processed broadcast	{"{round 20 3  <nil>}": {"Key":"from","Type":15,"Integer":0,"String":"c","Interface":null}}
2025-08-15T22:13:03.091-0500	DEBUG	protocol/handler.go:1649	have all messages and processed	{"{round 20 3  <nil>}": {"Key":"self","Type":15,"Integer":0,"String":"a","Interface":null}}
2025-08-15T22:13:03.091-0500	DEBUG	protocol/handler.go:596	round already finalized
2025-08-15T22:13:03.105-0500	DEBUG	protocol/handler.go:581	tryAdvanceRound called	{"{current_round 20 3  <nil>}": {"Key":"self","Type":15,"Integer":0,"String":"b","Interface":null}}
2025-08-15T22:13:03.106-0500	DEBUG	protocol/handler.go:1591	have processed broadcast	{"{round 20 3  <nil>}": {"Key":"from","Type":15,"Integer":0,"String":"a","Interface":null}}
2025-08-15T22:13:03.106-0500	DEBUG	protocol/handler.go:1591	have processed broadcast	{"{round 20 3  <nil>}": {"Key":"from","Type":15,"Integer":0,"String":"c","Interface":null}}
2025-08-15T22:13:03.106-0500	DEBUG	protocol/handler.go:1649	have all messages and processed	{"{round 20 3  <nil>}": {"Key":"self","Type":15,"Integer":0,"String":"b","Interface":null}}
2025-08-15T22:13:03.106-0500	DEBUG	protocol/handler.go:596	round already finalized
2025-08-15T22:13:03.106-0500	DEBUG	protocol/handler.go:581	tryAdvanceRound called	{"{current_round 20 3  <nil>}": {"Key":"self","Type":15,"Integer":0,"String":"b","Interface":null}}
2025-08-15T22:13:03.106-0500	DEBUG	protocol/handler.go:1591	have processed broadcast	{"{round 20 3  <nil>}": {"Key":"from","Type":15,"Integer":0,"String":"a","Interface":null}}
2025-08-15T22:13:03.106-0500	DEBUG	protocol/handler.go:1591	have processed broadcast	{"{round 20 3  <nil>}": {"Key":"from","Type":15,"Integer":0,"String":"c","Interface":null}}
2025-08-15T22:13:03.106-0500	DEBUG	protocol/handler.go:1649	have all messages and processed	{"{round 20 3  <nil>}": {"Key":"self","Type":15,"Integer":0,"String":"b","Interface":null}}
2025-08-15T22:13:03.107-0500	DEBUG	protocol/handler.go:596	round already finalized
2025-08-15T22:13:03.066-0500	DEBUG	protocol/handler.go:596	round already finalized
2025-08-15T22:13:03.125-0500	DEBUG	protocol/handler.go:581	tryAdvanceRound called	{"{current_round 20 3  <nil>}": {"Key":"self","Type":15,"Integer":0,"String":"c","Interface":null}}
2025-08-15T22:13:03.126-0500	DEBUG	protocol/handler.go:1591	have processed broadcast	{"{round 20 3  <nil>}": {"Key":"from","Type":15,"Integer":0,"String":"a","Interface":null}}
2025-08-15T22:13:03.126-0500	DEBUG	protocol/handler.go:1591	have processed broadcast	{"{round 20 3  <nil>}": {"Key":"from","Type":15,"Integer":0,"String":"b","Interface":null}}
2025-08-15T22:13:03.126-0500	DEBUG	protocol/handler.go:1649	have all messages and processed	{"{round 20 3  <nil>}": {"Key":"self","Type":15,"Integer":0,"String":"c","Interface":null}}
2025-08-15T22:13:03.127-0500	DEBUG	protocol/handler.go:596	round already finalized
2025-08-15T22:13:03.147-0500	DEBUG	protocol/handler.go:581	tryAdvanceRound called	{"{current_round 20 3  <nil>}": {"Key":"self","Type":15,"Integer":0,"String":"b","Interface":null}}
2025-08-15T22:13:03.147-0500	DEBUG	protocol/handler.go:1591	have processed broadcast	{"{round 20 3  <nil>}": {"Key":"from","Type":15,"Integer":0,"String":"a","Interface":null}}
2025-08-15T22:13:03.147-0500	DEBUG	protocol/handler.go:581	tryAdvanceRound called	{"{current_round 20 3  <nil>}": {"Key":"self","Type":15,"Integer":0,"String":"c","Interface":null}}
2025-08-15T22:13:03.148-0500	DEBUG	protocol/handler.go:1591	have processed broadcast	{"{round 20 3  <nil>}": {"Key":"from","Type":15,"Integer":0,"String":"c","Interface":null}}
2025-08-15T22:13:03.148-0500	DEBUG	protocol/handler.go:1649	have all messages and processed	{"{round 20 3  <nil>}": {"Key":"self","Type":15,"Integer":0,"String":"b","Interface":null}}
2025-08-15T22:13:03.148-0500	DEBUG	protocol/handler.go:596	round already finalized
2025-08-15T22:13:03.148-0500	DEBUG	protocol/handler.go:581	tryAdvanceRound called	{"{current_round 20 3  <nil>}": {"Key":"self","Type":15,"Integer":0,"String":"b","Interface":null}}
2025-08-15T22:13:03.148-0500	DEBUG	protocol/handler.go:1591	have processed broadcast	{"{round 20 3  <nil>}": {"Key":"from","Type":15,"Integer":0,"String":"a","Interface":null}}
2025-08-15T22:13:03.148-0500	DEBUG	protocol/handler.go:1591	have processed broadcast	{"{round 20 3  <nil>}": {"Key":"from","Type":15,"Integer":0,"String":"a","Interface":null}}
2025-08-15T22:13:03.148-0500	DEBUG	protocol/handler.go:1591	have processed broadcast	{"{round 20 3  <nil>}": {"Key":"from","Type":15,"Integer":0,"String":"b","Interface":null}}
2025-08-15T22:13:03.148-0500	DEBUG	protocol/handler.go:1591	have processed broadcast	{"{round 20 3  <nil>}": {"Key":"from","Type":15,"Integer":0,"String":"c","Interface":null}}
2025-08-15T22:13:03.148-0500	DEBUG	protocol/handler.go:1649	have all messages and processed	{"{round 20 3  <nil>}": {"Key":"self","Type":15,"Integer":0,"String":"c","Interface":null}}
2025-08-15T22:13:03.148-0500	DEBUG	protocol/handler.go:1649	have all messages and processed	{"{round 20 3  <nil>}": {"Key":"self","Type":15,"Integer":0,"String":"b","Interface":null}}
2025-08-15T22:13:03.148-0500	DEBUG	protocol/handler.go:596	round already finalized
2025-08-15T22:13:03.148-0500	DEBUG	protocol/handler.go:596	round already finalized
2025-08-15T22:13:03.166-0500	DEBUG	protocol/handler.go:581	tryAdvanceRound called	{"{current_round 20 3  <nil>}": {"Key":"self","Type":15,"Integer":0,"String":"a","Interface":null}}
2025-08-15T22:13:03.166-0500	DEBUG	protocol/handler.go:1591	have processed broadcast	{"{round 20 3  <nil>}": {"Key":"from","Type":15,"Integer":0,"String":"b","Interface":null}}
2025-08-15T22:13:03.166-0500	DEBUG	protocol/handler.go:1591	have processed broadcast	{"{round 20 3  <nil>}": {"Key":"from","Type":15,"Integer":0,"String":"c","Interface":null}}
2025-08-15T22:13:03.169-0500	DEBUG	protocol/handler.go:1649	have all messages and processed	{"{round 20 3  <nil>}": {"Key":"self","Type":15,"Integer":0,"String":"a","Interface":null}}
2025-08-15T22:13:03.169-0500	DEBUG	protocol/handler.go:596	round already finalized
2025-08-15T22:13:03.169-0500	DEBUG	protocol/handler.go:581	tryAdvanceRound called	{"{current_round 20 3  <nil>}": {"Key":"self","Type":15,"Integer":0,"String":"a","Interface":null}}
2025-08-15T22:13:03.169-0500	DEBUG	protocol/handler.go:1591	have processed broadcast	{"{round 20 3  <nil>}": {"Key":"from","Type":15,"Integer":0,"String":"b","Interface":null}}
2025-08-15T22:13:03.169-0500	DEBUG	protocol/handler.go:1591	have processed broadcast	{"{round 20 3  <nil>}": {"Key":"from","Type":15,"Integer":0,"String":"c","Interface":null}}
2025-08-15T22:13:03.169-0500	DEBUG	protocol/handler.go:1649	have all messages and processed	{"{round 20 3  <nil>}": {"Key":"self","Type":15,"Integer":0,"String":"a","Interface":null}}
2025-08-15T22:13:03.169-0500	DEBUG	protocol/handler.go:596	round already finalized
2025-08-15T22:13:03.173-0500	DEBUG	protocol/handler.go:581	tryAdvanceRound called	{"{current_round 20 3  <nil>}": {"Key":"self","Type":15,"Integer":0,"String":"c","Interface":null}}
2025-08-15T22:13:03.173-0500	DEBUG	protocol/handler.go:1591	have processed broadcast	{"{round 20 3  <nil>}": {"Key":"from","Type":15,"Integer":0,"String":"a","Interface":null}}
2025-08-15T22:13:03.174-0500	DEBUG	protocol/handler.go:1591	have processed broadcast	{"{round 20 3  <nil>}": {"Key":"from","Type":15,"Integer":0,"String":"b","Interface":null}}
2025-08-15T22:13:03.174-0500	DEBUG	protocol/handler.go:1649	have all messages and processed	{"{round 20 3  <nil>}": {"Key":"self","Type":15,"Integer":0,"String":"c","Interface":null}}
2025-08-15T22:13:03.174-0500	DEBUG	protocol/handler.go:596	round already finalized
2025-08-15T22:13:03.183-0500	DEBUG	protocol/handler.go:581	tryAdvanceRound called	{"{current_round 20 3  <nil>}": {"Key":"self","Type":15,"Integer":0,"String":"a","Interface":null}}
2025-08-15T22:13:03.183-0500	DEBUG	protocol/handler.go:1591	have processed broadcast	{"{round 20 3  <nil>}": {"Key":"from","Type":15,"Integer":0,"String":"b","Interface":null}}
2025-08-15T22:13:03.196-0500	DEBUG	protocol/handler.go:1591	have processed broadcast	{"{round 20 3  <nil>}": {"Key":"from","Type":15,"Integer":0,"String":"c","Interface":null}}
2025-08-15T22:13:03.196-0500	DEBUG	protocol/handler.go:1649	have all messages and processed	{"{round 20 3  <nil>}": {"Key":"self","Type":15,"Integer":0,"String":"a","Interface":null}}
2025-08-15T22:13:03.197-0500	DEBUG	protocol/handler.go:596	round already finalized
2025-08-15T22:13:03.197-0500	DEBUG	protocol/handler.go:581	tryAdvanceRound called	{"{current_round 20 3  <nil>}": {"Key":"self","Type":15,"Integer":0,"String":"a","Interface":null}}
2025-08-15T22:13:03.197-0500	DEBUG	protocol/handler.go:1591	have processed broadcast	{"{round 20 3  <nil>}": {"Key":"from","Type":15,"Integer":0,"String":"b","Interface":null}}
2025-08-15T22:13:03.199-0500	DEBUG	protocol/handler.go:1591	have processed broadcast	{"{round 20 3  <nil>}": {"Key":"from","Type":15,"Integer":0,"String":"c","Interface":null}}
2025-08-15T22:13:03.199-0500	DEBUG	protocol/handler.go:1649	have all messages and processed	{"{round 20 3  <nil>}": {"Key":"self","Type":15,"Integer":0,"String":"a","Interface":null}}
2025-08-15T22:13:03.199-0500	DEBUG	protocol/handler.go:596	round already finalized
2025-08-15T22:13:03.194-0500	DEBUG	protocol/handler.go:581	tryAdvanceRound called	{"{current_round 20 3  <nil>}": {"Key":"self","Type":15,"Integer":0,"String":"c","Interface":null}}
2025-08-15T22:13:03.199-0500	DEBUG	protocol/handler.go:1591	have processed broadcast	{"{round 20 3  <nil>}": {"Key":"from","Type":15,"Integer":0,"String":"a","Interface":null}}
2025-08-15T22:13:03.199-0500	DEBUG	protocol/handler.go:1591	have processed broadcast	{"{round 20 3  <nil>}": {"Key":"from","Type":15,"Integer":0,"String":"b","Interface":null}}
2025-08-15T22:13:03.199-0500	DEBUG	protocol/handler.go:1649	have all messages and processed	{"{round 20 3  <nil>}": {"Key":"self","Type":15,"Integer":0,"String":"c","Interface":null}}
2025-08-15T22:13:03.199-0500	DEBUG	protocol/handler.go:596	round already finalized
2025-08-15T22:13:03.227-0500	DEBUG	protocol/handler.go:581	tryAdvanceRound called	{"{current_round 20 3  <nil>}": {"Key":"self","Type":15,"Integer":0,"String":"c","Interface":null}}
2025-08-15T22:13:03.227-0500	DEBUG	protocol/handler.go:1591	have processed broadcast	{"{round 20 3  <nil>}": {"Key":"from","Type":15,"Integer":0,"String":"a","Interface":null}}
2025-08-15T22:13:03.227-0500	DEBUG	protocol/handler.go:1591	have processed broadcast	{"{round 20 3  <nil>}": {"Key":"from","Type":15,"Integer":0,"String":"b","Interface":null}}
2025-08-15T22:13:03.227-0500	DEBUG	protocol/handler.go:1649	have all messages and processed	{"{round 20 3  <nil>}": {"Key":"self","Type":15,"Integer":0,"String":"c","Interface":null}}
2025-08-15T22:13:03.227-0500	DEBUG	protocol/handler.go:596	round already finalized
2025-08-15T22:13:03.229-0500	DEBUG	protocol/handler.go:581	tryAdvanceRound called	{"{current_round 20 3  <nil>}": {"Key":"self","Type":15,"Integer":0,"String":"b","Interface":null}}
2025-08-15T22:13:03.229-0500	DEBUG	protocol/handler.go:1591	have processed broadcast	{"{round 20 3  <nil>}": {"Key":"from","Type":15,"Integer":0,"String":"a","Interface":null}}
2025-08-15T22:13:03.229-0500	DEBUG	protocol/handler.go:1591	have processed broadcast	{"{round 20 3  <nil>}": {"Key":"from","Type":15,"Integer":0,"String":"c","Interface":null}}
2025-08-15T22:13:03.230-0500	DEBUG	protocol/handler.go:1649	have all messages and processed	{"{round 20 3  <nil>}": {"Key":"self","Type":15,"Integer":0,"String":"b","Interface":null}}
2025-08-15T22:13:03.230-0500	DEBUG	protocol/handler.go:596	round already finalized
2025-08-15T22:13:03.230-0500	DEBUG	protocol/handler.go:581	tryAdvanceRound called	{"{current_round 20 3  <nil>}": {"Key":"self","Type":15,"Integer":0,"String":"b","Interface":null}}
2025-08-15T22:13:03.230-0500	DEBUG	protocol/handler.go:1591	have processed broadcast	{"{round 20 3  <nil>}": {"Key":"from","Type":15,"Integer":0,"String":"a","Interface":null}}
2025-08-15T22:13:03.230-0500	DEBUG	protocol/handler.go:1591	have processed broadcast	{"{round 20 3  <nil>}": {"Key":"from","Type":15,"Integer":0,"String":"c","Interface":null}}
2025-08-15T22:13:03.230-0500	DEBUG	protocol/handler.go:1649	have all messages and processed	{"{round 20 3  <nil>}": {"Key":"self","Type":15,"Integer":0,"String":"b","Interface":null}}
2025-08-15T22:13:03.230-0500	DEBUG	protocol/handler.go:596	round already finalized
2025-08-15T22:13:03.251-0500	DEBUG	protocol/handler.go:581	tryAdvanceRound called	{"{current_round 20 3  <nil>}": {"Key":"self","Type":15,"Integer":0,"String":"b","Interface":null}}
2025-08-15T22:13:03.252-0500	DEBUG	protocol/handler.go:1591	have processed broadcast	{"{round 20 3  <nil>}": {"Key":"from","Type":15,"Integer":0,"String":"a","Interface":null}}
2025-08-15T22:13:03.224-0500	DEBUG	protocol/handler.go:581	tryAdvanceRound called	{"{current_round 20 3  <nil>}": {"Key":"self","Type":15,"Integer":0,"String":"a","Interface":null}}
2025-08-15T22:13:03.264-0500	DEBUG	protocol/handler.go:1591	have processed broadcast	{"{round 20 3  <nil>}": {"Key":"from","Type":15,"Integer":0,"String":"b","Interface":null}}
2025-08-15T22:13:03.264-0500	DEBUG	protocol/handler.go:1591	have processed broadcast	{"{round 20 3  <nil>}": {"Key":"from","Type":15,"Integer":0,"String":"c","Interface":null}}
2025-08-15T22:13:03.264-0500	DEBUG	protocol/handler.go:1649	have all messages and processed	{"{round 20 3  <nil>}": {"Key":"self","Type":15,"Integer":0,"String":"a","Interface":null}}
2025-08-15T22:13:03.264-0500	DEBUG	protocol/handler.go:596	round already finalized
2025-08-15T22:13:03.264-0500	DEBUG	protocol/handler.go:581	tryAdvanceRound called	{"{current_round 20 3  <nil>}": {"Key":"self","Type":15,"Integer":0,"String":"a","Interface":null}}
2025-08-15T22:13:03.264-0500	DEBUG	protocol/handler.go:1591	have processed broadcast	{"{round 20 3  <nil>}": {"Key":"from","Type":15,"Integer":0,"String":"b","Interface":null}}
2025-08-15T22:13:03.264-0500	DEBUG	protocol/handler.go:1591	have processed broadcast	{"{round 20 3  <nil>}": {"Key":"from","Type":15,"Integer":0,"String":"c","Interface":null}}
2025-08-15T22:13:03.265-0500	DEBUG	protocol/handler.go:1649	have all messages and processed	{"{round 20 3  <nil>}": {"Key":"self","Type":15,"Integer":0,"String":"a","Interface":null}}
2025-08-15T22:13:03.265-0500	DEBUG	protocol/handler.go:596	round already finalized
2025-08-15T22:13:03.268-0500	DEBUG	protocol/handler.go:581	tryAdvanceRound called	{"{current_round 20 3  <nil>}": {"Key":"self","Type":15,"Integer":0,"String":"c","Interface":null}}
2025-08-15T22:13:03.268-0500	DEBUG	protocol/handler.go:1591	have processed broadcast	{"{round 20 3  <nil>}": {"Key":"from","Type":15,"Integer":0,"String":"a","Interface":null}}
2025-08-15T22:13:03.268-0500	DEBUG	protocol/handler.go:1591	have processed broadcast	{"{round 20 3  <nil>}": {"Key":"from","Type":15,"Integer":0,"String":"b","Interface":null}}
2025-08-15T22:13:03.268-0500	DEBUG	protocol/handler.go:1649	have all messages and processed	{"{round 20 3  <nil>}": {"Key":"self","Type":15,"Integer":0,"String":"c","Interface":null}}
2025-08-15T22:13:03.268-0500	DEBUG	protocol/handler.go:596	round already finalized
2025-08-15T22:13:03.268-0500	DEBUG	protocol/handler.go:581	tryAdvanceRound called	{"{current_round 20 3  <nil>}": {"Key":"self","Type":15,"Integer":0,"String":"c","Interface":null}}
2025-08-15T22:13:03.268-0500	DEBUG	protocol/handler.go:1591	have processed broadcast	{"{round 20 3  <nil>}": {"Key":"from","Type":15,"Integer":0,"String":"a","Interface":null}}
2025-08-15T22:13:03.268-0500	DEBUG	protocol/handler.go:1591	have processed broadcast	{"{round 20 3  <nil>}": {"Key":"from","Type":15,"Integer":0,"String":"b","Interface":null}}
2025-08-15T22:13:03.268-0500	DEBUG	protocol/handler.go:1649	have all messages and processed	{"{round 20 3  <nil>}": {"Key":"self","Type":15,"Integer":0,"String":"c","Interface":null}}
2025-08-15T22:13:03.268-0500	DEBUG	protocol/handler.go:596	round already finalized
2025-08-15T22:13:03.289-0500	DEBUG	protocol/handler.go:581	tryAdvanceRound called	{"{current_round 20 3  <nil>}": {"Key":"self","Type":15,"Integer":0,"String":"a","Interface":null}}
2025-08-15T22:13:03.289-0500	DEBUG	protocol/handler.go:1591	have processed broadcast	{"{round 20 3  <nil>}": {"Key":"from","Type":15,"Integer":0,"String":"b","Interface":null}}
2025-08-15T22:13:03.289-0500	DEBUG	protocol/handler.go:1591	have processed broadcast	{"{round 20 3  <nil>}": {"Key":"from","Type":15,"Integer":0,"String":"c","Interface":null}}
2025-08-15T22:13:03.289-0500	DEBUG	protocol/handler.go:1649	have all messages and processed	{"{round 20 3  <nil>}": {"Key":"self","Type":15,"Integer":0,"String":"a","Interface":null}}
2025-08-15T22:13:03.322-0500	DEBUG	protocol/handler.go:581	tryAdvanceRound called	{"{current_round 20 3  <nil>}": {"Key":"self","Type":15,"Integer":0,"String":"c","Interface":null}}
2025-08-15T22:13:03.322-0500	DEBUG	protocol/handler.go:1591	have processed broadcast	{"{round 20 3  <nil>}": {"Key":"from","Type":15,"Integer":0,"String":"a","Interface":null}}
2025-08-15T22:13:03.322-0500	DEBUG	protocol/handler.go:1591	have processed broadcast	{"{round 20 3  <nil>}": {"Key":"from","Type":15,"Integer":0,"String":"b","Interface":null}}
2025-08-15T22:13:03.322-0500	DEBUG	protocol/handler.go:1649	have all messages and processed	{"{round 20 3  <nil>}": {"Key":"self","Type":15,"Integer":0,"String":"c","Interface":null}}
2025-08-15T22:13:03.322-0500	DEBUG	protocol/handler.go:596	round already finalized
2025-08-15T22:13:03.322-0500	DEBUG	protocol/handler.go:581	tryAdvanceRound called	{"{current_round 20 3  <nil>}": {"Key":"self","Type":15,"Integer":0,"String":"c","Interface":null}}
2025-08-15T22:13:03.322-0500	DEBUG	protocol/handler.go:1591	have processed broadcast	{"{round 20 3  <nil>}": {"Key":"from","Type":15,"Integer":0,"String":"a","Interface":null}}
2025-08-15T22:13:03.322-0500	DEBUG	protocol/handler.go:1591	have processed broadcast	{"{round 20 3  <nil>}": {"Key":"from","Type":15,"Integer":0,"String":"b","Interface":null}}
2025-08-15T22:13:03.322-0500	DEBUG	protocol/handler.go:1649	have all messages and processed	{"{round 20 3  <nil>}": {"Key":"self","Type":15,"Integer":0,"String":"c","Interface":null}}
2025-08-15T22:13:03.322-0500	DEBUG	protocol/handler.go:596	round already finalized
2025-08-15T22:13:03.343-0500	DEBUG	protocol/handler.go:581	tryAdvanceRound called	{"{current_round 20 3  <nil>}": {"Key":"self","Type":15,"Integer":0,"String":"c","Interface":null}}
2025-08-15T22:13:03.334-0500	DEBUG	protocol/handler.go:1591	have processed broadcast	{"{round 20 3  <nil>}": {"Key":"from","Type":15,"Integer":0,"String":"c","Interface":null}}
2025-08-15T22:13:03.289-0500	DEBUG	protocol/handler.go:596	round already finalized
2025-08-15T22:13:03.413-0500	DEBUG	protocol/handler.go:1591	have processed broadcast	{"{round 20 3  <nil>}": {"Key":"from","Type":15,"Integer":0,"String":"a","Interface":null}}
2025-08-15T22:13:03.413-0500	DEBUG	protocol/handler.go:1591	have processed broadcast	{"{round 20 3  <nil>}": {"Key":"from","Type":15,"Integer":0,"String":"b","Interface":null}}
2025-08-15T22:13:03.413-0500	DEBUG	protocol/handler.go:1649	have all messages and processed	{"{round 20 3  <nil>}": {"Key":"self","Type":15,"Integer":0,"String":"c","Interface":null}}
2025-08-15T22:13:03.413-0500	DEBUG	protocol/handler.go:596	round already finalized
2025-08-15T22:13:03.413-0500	DEBUG	protocol/handler.go:581	tryAdvanceRound called	{"{current_round 20 3  <nil>}": {"Key":"self","Type":15,"Integer":0,"String":"c","Interface":null}}
2025-08-15T22:13:03.414-0500	DEBUG	protocol/handler.go:1591	have processed broadcast	{"{round 20 3  <nil>}": {"Key":"from","Type":15,"Integer":0,"String":"a","Interface":null}}
2025-08-15T22:13:03.414-0500	DEBUG	protocol/handler.go:1591	have processed broadcast	{"{round 20 3  <nil>}": {"Key":"from","Type":15,"Integer":0,"String":"b","Interface":null}}
2025-08-15T22:13:03.414-0500	DEBUG	protocol/handler.go:1649	have all messages and processed	{"{round 20 3  <nil>}": {"Key":"self","Type":15,"Integer":0,"String":"c","Interface":null}}
2025-08-15T22:13:03.414-0500	DEBUG	protocol/handler.go:596	round already finalized
2025-08-15T22:13:03.413-0500	DEBUG	protocol/handler.go:1649	have all messages and processed	{"{round 20 3  <nil>}": {"Key":"self","Type":15,"Integer":0,"String":"b","Interface":null}}
2025-08-15T22:13:03.414-0500	DEBUG	protocol/handler.go:596	round already finalized
2025-08-15T22:13:03.414-0500	DEBUG	protocol/handler.go:581	tryAdvanceRound called	{"{current_round 20 3  <nil>}": {"Key":"self","Type":15,"Integer":0,"String":"b","Interface":null}}
2025-08-15T22:13:03.414-0500	DEBUG	protocol/handler.go:1591	have processed broadcast	{"{round 20 3  <nil>}": {"Key":"from","Type":15,"Integer":0,"String":"a","Interface":null}}
2025-08-15T22:13:03.414-0500	DEBUG	protocol/handler.go:1591	have processed broadcast	{"{round 20 3  <nil>}": {"Key":"from","Type":15,"Integer":0,"String":"c","Interface":null}}
2025-08-15T22:13:03.414-0500	DEBUG	protocol/handler.go:1649	have all messages and processed	{"{round 20 3  <nil>}": {"Key":"self","Type":15,"Integer":0,"String":"b","Interface":null}}
2025-08-15T22:13:03.414-0500	DEBUG	protocol/handler.go:596	round already finalized
2025-08-15T22:13:03.414-0500	DEBUG	protocol/handler.go:581	tryAdvanceRound called	{"{current_round 20 3  <nil>}": {"Key":"self","Type":15,"Integer":0,"String":"a","Interface":null}}
2025-08-15T22:13:03.414-0500	DEBUG	protocol/handler.go:1591	have processed broadcast	{"{round 20 3  <nil>}": {"Key":"from","Type":15,"Integer":0,"String":"b","Interface":null}}
2025-08-15T22:13:03.414-0500	DEBUG	protocol/handler.go:1591	have processed broadcast	{"{round 20 3  <nil>}": {"Key":"from","Type":15,"Integer":0,"String":"c","Interface":null}}
2025-08-15T22:13:03.414-0500	DEBUG	protocol/handler.go:1649	have all messages and processed	{"{round 20 3  <nil>}": {"Key":"self","Type":15,"Integer":0,"String":"a","Interface":null}}
2025-08-15T22:13:03.414-0500	DEBUG	protocol/handler.go:596	round already finalized
2025-08-15T22:13:03.487-0500	DEBUG	protocol/handler.go:581	tryAdvanceRound called	{"{current_round 20 3  <nil>}": {"Key":"self","Type":15,"Integer":0,"String":"a","Interface":null}}
2025-08-15T22:13:03.487-0500	DEBUG	protocol/handler.go:1591	have processed broadcast	{"{round 20 3  <nil>}": {"Key":"from","Type":15,"Integer":0,"String":"b","Interface":null}}
2025-08-15T22:13:03.487-0500	DEBUG	protocol/handler.go:1591	have processed broadcast	{"{round 20 3  <nil>}": {"Key":"from","Type":15,"Integer":0,"String":"c","Interface":null}}
2025-08-15T22:13:03.487-0500	DEBUG	protocol/handler.go:1649	have all messages and processed	{"{round 20 3  <nil>}": {"Key":"self","Type":15,"Integer":0,"String":"a","Interface":null}}
2025-08-15T22:13:03.487-0500	DEBUG	protocol/handler.go:596	round already finalized
2025-08-15T22:13:03.487-0500	DEBUG	protocol/handler.go:581	tryAdvanceRound called	{"{current_round 20 3  <nil>}": {"Key":"self","Type":15,"Integer":0,"String":"a","Interface":null}}
2025-08-15T22:13:03.487-0500	DEBUG	protocol/handler.go:1591	have processed broadcast	{"{round 20 3  <nil>}": {"Key":"from","Type":15,"Integer":0,"String":"b","Interface":null}}
2025-08-15T22:13:03.487-0500	DEBUG	protocol/handler.go:1591	have processed broadcast	{"{round 20 3  <nil>}": {"Key":"from","Type":15,"Integer":0,"String":"c","Interface":null}}
2025-08-15T22:13:03.487-0500	DEBUG	protocol/handler.go:1649	have all messages and processed	{"{round 20 3  <nil>}": {"Key":"self","Type":15,"Integer":0,"String":"a","Interface":null}}
2025-08-15T22:13:03.487-0500	DEBUG	protocol/handler.go:596	round already finalized
2025-08-15T22:13:03.487-0500	DEBUG	protocol/handler.go:581	tryAdvanceRound called	{"{current_round 20 3  <nil>}": {"Key":"self","Type":15,"Integer":0,"String":"c","Interface":null}}
2025-08-15T22:13:03.487-0500	DEBUG	protocol/handler.go:1591	have processed broadcast	{"{round 20 3  <nil>}": {"Key":"from","Type":15,"Integer":0,"String":"a","Interface":null}}
2025-08-15T22:13:03.487-0500	DEBUG	protocol/handler.go:1591	have processed broadcast	{"{round 20 3  <nil>}": {"Key":"from","Type":15,"Integer":0,"String":"b","Interface":null}}
2025-08-15T22:13:03.487-0500	DEBUG	protocol/handler.go:1649	have all messages and processed	{"{round 20 3  <nil>}": {"Key":"self","Type":15,"Integer":0,"String":"c","Interface":null}}
2025-08-15T22:13:03.487-0500	DEBUG	protocol/handler.go:596	round already finalized
2025-08-15T22:13:03.487-0500	DEBUG	protocol/handler.go:581	tryAdvanceRound called	{"{current_round 20 3  <nil>}": {"Key":"self","Type":15,"Integer":0,"String":"c","Interface":null}}
2025-08-15T22:13:03.488-0500	DEBUG	protocol/handler.go:1591	have processed broadcast	{"{round 20 3  <nil>}": {"Key":"from","Type":15,"Integer":0,"String":"a","Interface":null}}
2025-08-15T22:13:03.488-0500	DEBUG	protocol/handler.go:1591	have processed broadcast	{"{round 20 3  <nil>}": {"Key":"from","Type":15,"Integer":0,"String":"b","Interface":null}}
2025-08-15T22:13:03.488-0500	DEBUG	protocol/handler.go:1649	have all messages and processed	{"{round 20 3  <nil>}": {"Key":"self","Type":15,"Integer":0,"String":"c","Interface":null}}
2025-08-15T22:13:03.488-0500	DEBUG	protocol/handler.go:596	round already finalized
2025-08-15T22:13:03.456-0500	DEBUG	protocol/handler.go:581	tryAdvanceRound called	{"{current_round 20 3  <nil>}": {"Key":"self","Type":15,"Integer":0,"String":"b","Interface":null}}
2025-08-15T22:13:03.526-0500	DEBUG	protocol/handler.go:1591	have processed broadcast	{"{round 20 3  <nil>}": {"Key":"from","Type":15,"Integer":0,"String":"a","Interface":null}}
2025-08-15T22:13:03.526-0500	DEBUG	protocol/handler.go:1591	have processed broadcast	{"{round 20 3  <nil>}": {"Key":"from","Type":15,"Integer":0,"String":"c","Interface":null}}
2025-08-15T22:13:03.526-0500	DEBUG	protocol/handler.go:1649	have all messages and processed	{"{round 20 3  <nil>}": {"Key":"self","Type":15,"Integer":0,"String":"b","Interface":null}}
2025-08-15T22:13:03.526-0500	DEBUG	protocol/handler.go:596	round already finalized
2025-08-15T22:13:03.526-0500	DEBUG	protocol/handler.go:581	tryAdvanceRound called	{"{current_round 20 3  <nil>}": {"Key":"self","Type":15,"Integer":0,"String":"b","Interface":null}}
2025-08-15T22:13:03.526-0500	DEBUG	protocol/handler.go:1591	have processed broadcast	{"{round 20 3  <nil>}": {"Key":"from","Type":15,"Integer":0,"String":"a","Interface":null}}
2025-08-15T22:13:03.526-0500	DEBUG	protocol/handler.go:1591	have processed broadcast	{"{round 20 3  <nil>}": {"Key":"from","Type":15,"Integer":0,"String":"c","Interface":null}}
2025-08-15T22:13:03.526-0500	DEBUG	protocol/handler.go:1649	have all messages and processed	{"{round 20 3  <nil>}": {"Key":"self","Type":15,"Integer":0,"String":"b","Interface":null}}
2025-08-15T22:13:03.526-0500	DEBUG	protocol/handler.go:596	round already finalized
2025-08-15T22:13:03.559-0500	DEBUG	protocol/handler.go:581	tryAdvanceRound called	{"{current_round 20 3  <nil>}": {"Key":"self","Type":15,"Integer":0,"String":"c","Interface":null}}
2025-08-15T22:13:03.559-0500	DEBUG	protocol/handler.go:1591	have processed broadcast	{"{round 20 3  <nil>}": {"Key":"from","Type":15,"Integer":0,"String":"a","Interface":null}}
2025-08-15T22:13:03.559-0500	DEBUG	protocol/handler.go:1591	have processed broadcast	{"{round 20 3  <nil>}": {"Key":"from","Type":15,"Integer":0,"String":"b","Interface":null}}
2025-08-15T22:13:03.559-0500	DEBUG	protocol/handler.go:1649	have all messages and processed	{"{round 20 3  <nil>}": {"Key":"self","Type":15,"Integer":0,"String":"c","Interface":null}}
2025-08-15T22:13:03.559-0500	DEBUG	protocol/handler.go:596	round already finalized
2025-08-15T22:13:03.559-0500	DEBUG	protocol/handler.go:581	tryAdvanceRound called	{"{current_round 20 3  <nil>}": {"Key":"self","Type":15,"Integer":0,"String":"c","Interface":null}}
2025-08-15T22:13:03.559-0500	DEBUG	protocol/handler.go:1591	have processed broadcast	{"{round 20 3  <nil>}": {"Key":"from","Type":15,"Integer":0,"String":"a","Interface":null}}
2025-08-15T22:13:03.559-0500	DEBUG	protocol/handler.go:1591	have processed broadcast	{"{round 20 3  <nil>}": {"Key":"from","Type":15,"Integer":0,"String":"b","Interface":null}}
2025-08-15T22:13:03.559-0500	DEBUG	protocol/handler.go:1649	have all messages and processed	{"{round 20 3  <nil>}": {"Key":"self","Type":15,"Integer":0,"String":"c","Interface":null}}
2025-08-15T22:13:03.559-0500	DEBUG	protocol/handler.go:596	round already finalized
2025-08-15T22:13:03.559-0500	DEBUG	protocol/handler.go:581	tryAdvanceRound called	{"{current_round 20 3  <nil>}": {"Key":"self","Type":15,"Integer":0,"String":"a","Interface":null}}
2025-08-15T22:13:03.559-0500	DEBUG	protocol/handler.go:1591	have processed broadcast	{"{round 20 3  <nil>}": {"Key":"from","Type":15,"Integer":0,"String":"b","Interface":null}}
2025-08-15T22:13:03.559-0500	DEBUG	protocol/handler.go:1591	have processed broadcast	{"{round 20 3  <nil>}": {"Key":"from","Type":15,"Integer":0,"String":"c","Interface":null}}
2025-08-15T22:13:03.559-0500	DEBUG	protocol/handler.go:1649	have all messages and processed	{"{round 20 3  <nil>}": {"Key":"self","Type":15,"Integer":0,"String":"a","Interface":null}}
2025-08-15T22:13:03.559-0500	DEBUG	protocol/handler.go:596	round already finalized
2025-08-15T22:13:03.559-0500	DEBUG	protocol/handler.go:581	tryAdvanceRound called	{"{current_round 20 3  <nil>}": {"Key":"self","Type":15,"Integer":0,"String":"a","Interface":null}}
2025-08-15T22:13:03.559-0500	DEBUG	protocol/handler.go:1591	have processed broadcast	{"{round 20 3  <nil>}": {"Key":"from","Type":15,"Integer":0,"String":"b","Interface":null}}
2025-08-15T22:13:03.560-0500	DEBUG	protocol/handler.go:1591	have processed broadcast	{"{round 20 3  <nil>}": {"Key":"from","Type":15,"Integer":0,"String":"c","Interface":null}}
2025-08-15T22:13:03.560-0500	DEBUG	protocol/handler.go:1649	have all messages and processed	{"{round 20 3  <nil>}": {"Key":"self","Type":15,"Integer":0,"String":"a","Interface":null}}
2025-08-15T22:13:03.560-0500	DEBUG	protocol/handler.go:596	round already finalized
2025-08-15T22:13:03.570-0500	DEBUG	protocol/handler.go:581	tryAdvanceRound called	{"{current_round 20 3  <nil>}": {"Key":"self","Type":15,"Integer":0,"String":"b","Interface":null}}
2025-08-15T22:13:03.570-0500	DEBUG	protocol/handler.go:1591	have processed broadcast	{"{round 20 3  <nil>}": {"Key":"from","Type":15,"Integer":0,"String":"a","Interface":null}}
2025-08-15T22:13:03.570-0500	DEBUG	protocol/handler.go:1591	have processed broadcast	{"{round 20 3  <nil>}": {"Key":"from","Type":15,"Integer":0,"String":"c","Interface":null}}
2025-08-15T22:13:03.570-0500	DEBUG	protocol/handler.go:1649	have all messages and processed	{"{round 20 3  <nil>}": {"Key":"self","Type":15,"Integer":0,"String":"b","Interface":null}}
2025-08-15T22:13:03.570-0500	DEBUG	protocol/handler.go:596	round already finalized
2025-08-15T22:13:03.570-0500	DEBUG	protocol/handler.go:581	tryAdvanceRound called	{"{current_round 20 3  <nil>}": {"Key":"self","Type":15,"Integer":0,"String":"b","Interface":null}}
2025-08-15T22:13:03.570-0500	DEBUG	protocol/handler.go:1591	have processed broadcast	{"{round 20 3  <nil>}": {"Key":"from","Type":15,"Integer":0,"String":"a","Interface":null}}
2025-08-15T22:13:03.570-0500	DEBUG	protocol/handler.go:1591	have processed broadcast	{"{round 20 3  <nil>}": {"Key":"from","Type":15,"Integer":0,"String":"c","Interface":null}}
2025-08-15T22:13:03.570-0500	DEBUG	protocol/handler.go:1649	have all messages and processed	{"{round 20 3  <nil>}": {"Key":"self","Type":15,"Integer":0,"String":"b","Interface":null}}
2025-08-15T22:13:03.570-0500	DEBUG	protocol/handler.go:596	round already finalized
2025-08-15T22:13:03.570-0500	DEBUG	protocol/handler.go:581	tryAdvanceRound called	{"{current_round 20 3  <nil>}": {"Key":"self","Type":15,"Integer":0,"String":"b","Interface":null}}
2025-08-15T22:13:03.570-0500	DEBUG	protocol/handler.go:1591	have processed broadcast	{"{round 20 3  <nil>}": {"Key":"from","Type":15,"Integer":0,"String":"a","Interface":null}}
2025-08-15T22:13:03.570-0500	DEBUG	protocol/handler.go:1591	have processed broadcast	{"{round 20 3  <nil>}": {"Key":"from","Type":15,"Integer":0,"String":"c","Interface":null}}
2025-08-15T22:13:03.570-0500	DEBUG	protocol/handler.go:1649	have all messages and processed	{"{round 20 3  <nil>}": {"Key":"self","Type":15,"Integer":0,"String":"b","Interface":null}}
2025-08-15T22:13:03.570-0500	DEBUG	protocol/handler.go:596	round already finalized
2025-08-15T22:13:03.594-0500	DEBUG	protocol/handler.go:581	tryAdvanceRound called	{"{current_round 20 3  <nil>}": {"Key":"self","Type":15,"Integer":0,"String":"a","Interface":null}}
2025-08-15T22:13:03.595-0500	DEBUG	protocol/handler.go:1591	have processed broadcast	{"{round 20 3  <nil>}": {"Key":"from","Type":15,"Integer":0,"String":"b","Interface":null}}
2025-08-15T22:13:03.595-0500	DEBUG	protocol/handler.go:1591	have processed broadcast	{"{round 20 3  <nil>}": {"Key":"from","Type":15,"Integer":0,"String":"c","Interface":null}}
2025-08-15T22:13:03.595-0500	DEBUG	protocol/handler.go:1649	have all messages and processed	{"{round 20 3  <nil>}": {"Key":"self","Type":15,"Integer":0,"String":"a","Interface":null}}
2025-08-15T22:13:03.595-0500	DEBUG	protocol/handler.go:596	round already finalized
2025-08-15T22:13:03.595-0500	DEBUG	protocol/handler.go:581	tryAdvanceRound called	{"{current_round 20 3  <nil>}": {"Key":"self","Type":15,"Integer":0,"String":"b","Interface":null}}
2025-08-15T22:13:03.616-0500	DEBUG	protocol/handler.go:581	tryAdvanceRound called	{"{current_round 20 3  <nil>}": {"Key":"self","Type":15,"Integer":0,"String":"c","Interface":null}}
2025-08-15T22:13:03.616-0500	DEBUG	protocol/handler.go:1591	have processed broadcast	{"{round 20 3  <nil>}": {"Key":"from","Type":15,"Integer":0,"String":"a","Interface":null}}
2025-08-15T22:13:03.616-0500	DEBUG	protocol/handler.go:1591	have processed broadcast	{"{round 20 3  <nil>}": {"Key":"from","Type":15,"Integer":0,"String":"b","Interface":null}}
2025-08-15T22:13:03.616-0500	DEBUG	protocol/handler.go:1649	have all messages and processed	{"{round 20 3  <nil>}": {"Key":"self","Type":15,"Integer":0,"String":"c","Interface":null}}
2025-08-15T22:13:03.616-0500	DEBUG	protocol/handler.go:596	round already finalized
2025-08-15T22:13:03.617-0500	DEBUG	protocol/handler.go:581	tryAdvanceRound called	{"{current_round 20 3  <nil>}": {"Key":"self","Type":15,"Integer":0,"String":"c","Interface":null}}
2025-08-15T22:13:03.617-0500	DEBUG	protocol/handler.go:1591	have processed broadcast	{"{round 20 3  <nil>}": {"Key":"from","Type":15,"Integer":0,"String":"a","Interface":null}}
2025-08-15T22:13:03.617-0500	DEBUG	protocol/handler.go:1591	have processed broadcast	{"{round 20 3  <nil>}": {"Key":"from","Type":15,"Integer":0,"String":"b","Interface":null}}
2025-08-15T22:13:03.617-0500	DEBUG	protocol/handler.go:1649	have all messages and processed	{"{round 20 3  <nil>}": {"Key":"self","Type":15,"Integer":0,"String":"c","Interface":null}}
2025-08-15T22:13:03.617-0500	DEBUG	protocol/handler.go:596	round already finalized
2025-08-15T22:13:03.617-0500	DEBUG	protocol/handler.go:581	tryAdvanceRound called	{"{current_round 20 3  <nil>}": {"Key":"self","Type":15,"Integer":0,"String":"a","Interface":null}}
2025-08-15T22:13:03.617-0500	DEBUG	protocol/handler.go:1591	have processed broadcast	{"{round 20 3  <nil>}": {"Key":"from","Type":15,"Integer":0,"String":"b","Interface":null}}
2025-08-15T22:13:03.617-0500	DEBUG	protocol/handler.go:1591	have processed broadcast	{"{round 20 3  <nil>}": {"Key":"from","Type":15,"Integer":0,"String":"c","Interface":null}}
2025-08-15T22:13:03.617-0500	DEBUG	protocol/handler.go:1649	have all messages and processed	{"{round 20 3  <nil>}": {"Key":"self","Type":15,"Integer":0,"String":"a","Interface":null}}
2025-08-15T22:13:03.617-0500	DEBUG	protocol/handler.go:596	round already finalized
2025-08-15T22:13:03.642-0500	DEBUG	protocol/handler.go:581	tryAdvanceRound called	{"{current_round 20 3  <nil>}": {"Key":"self","Type":15,"Integer":0,"String":"c","Interface":null}}
2025-08-15T22:13:03.642-0500	DEBUG	protocol/handler.go:1591	have processed broadcast	{"{round 20 3  <nil>}": {"Key":"from","Type":15,"Integer":0,"String":"a","Interface":null}}
2025-08-15T22:13:03.642-0500	DEBUG	protocol/handler.go:1591	have processed broadcast	{"{round 20 3  <nil>}": {"Key":"from","Type":15,"Integer":0,"String":"b","Interface":null}}
2025-08-15T22:13:03.642-0500	DEBUG	protocol/handler.go:1649	have all messages and processed	{"{round 20 3  <nil>}": {"Key":"self","Type":15,"Integer":0,"String":"c","Interface":null}}
2025-08-15T22:13:03.651-0500	DEBUG	protocol/handler.go:596	round already finalized
2025-08-15T22:13:03.597-0500	DEBUG	protocol/handler.go:1591	have processed broadcast	{"{round 20 3  <nil>}": {"Key":"from","Type":15,"Integer":0,"String":"a","Interface":null}}
2025-08-15T22:13:03.652-0500	DEBUG	protocol/handler.go:1591	have processed broadcast	{"{round 20 3  <nil>}": {"Key":"from","Type":15,"Integer":0,"String":"c","Interface":null}}
2025-08-15T22:13:03.652-0500	DEBUG	protocol/handler.go:1649	have all messages and processed	{"{round 20 3  <nil>}": {"Key":"self","Type":15,"Integer":0,"String":"b","Interface":null}}
2025-08-15T22:13:03.652-0500	DEBUG	protocol/handler.go:596	round already finalized
2025-08-15T22:13:03.652-0500	DEBUG	protocol/handler.go:581	tryAdvanceRound called	{"{current_round 20 3  <nil>}": {"Key":"self","Type":15,"Integer":0,"String":"b","Interface":null}}
2025-08-15T22:13:03.652-0500	DEBUG	protocol/handler.go:1591	have processed broadcast	{"{round 20 3  <nil>}": {"Key":"from","Type":15,"Integer":0,"String":"a","Interface":null}}
2025-08-15T22:13:03.652-0500	DEBUG	protocol/handler.go:1591	have processed broadcast	{"{round 20 3  <nil>}": {"Key":"from","Type":15,"Integer":0,"String":"c","Interface":null}}
2025-08-15T22:13:03.652-0500	DEBUG	protocol/handler.go:1649	have all messages and processed	{"{round 20 3  <nil>}": {"Key":"self","Type":15,"Integer":0,"String":"b","Interface":null}}
2025-08-15T22:13:03.652-0500	DEBUG	protocol/handler.go:596	round already finalized
2025-08-15T22:13:03.671-0500	DEBUG	protocol/handler.go:581	tryAdvanceRound called	{"{current_round 20 3  <nil>}": {"Key":"self","Type":15,"Integer":0,"String":"a","Interface":null}}
2025-08-15T22:13:03.671-0500	DEBUG	protocol/handler.go:1591	have processed broadcast	{"{round 20 3  <nil>}": {"Key":"from","Type":15,"Integer":0,"String":"b","Interface":null}}
2025-08-15T22:13:03.671-0500	DEBUG	protocol/handler.go:1591	have processed broadcast	{"{round 20 3  <nil>}": {"Key":"from","Type":15,"Integer":0,"String":"c","Interface":null}}
2025-08-15T22:13:03.671-0500	DEBUG	protocol/handler.go:1649	have all messages and processed	{"{round 20 3  <nil>}": {"Key":"self","Type":15,"Integer":0,"String":"a","Interface":null}}
2025-08-15T22:13:03.671-0500	DEBUG	protocol/handler.go:596	round already finalized
2025-08-15T22:13:03.671-0500	DEBUG	protocol/handler.go:581	tryAdvanceRound called	{"{current_round 20 3  <nil>}": {"Key":"self","Type":15,"Integer":0,"String":"a","Interface":null}}
2025-08-15T22:13:03.671-0500	DEBUG	protocol/handler.go:1591	have processed broadcast	{"{round 20 3  <nil>}": {"Key":"from","Type":15,"Integer":0,"String":"b","Interface":null}}
2025-08-15T22:13:03.671-0500	DEBUG	protocol/handler.go:1591	have processed broadcast	{"{round 20 3  <nil>}": {"Key":"from","Type":15,"Integer":0,"String":"c","Interface":null}}
2025-08-15T22:13:03.671-0500	DEBUG	protocol/handler.go:1649	have all messages and processed	{"{round 20 3  <nil>}": {"Key":"self","Type":15,"Integer":0,"String":"a","Interface":null}}
2025-08-15T22:13:03.671-0500	DEBUG	protocol/handler.go:596	round already finalized
2025-08-15T22:13:03.671-0500	DEBUG	protocol/handler.go:581	tryAdvanceRound called	{"{current_round 20 3  <nil>}": {"Key":"self","Type":15,"Integer":0,"String":"c","Interface":null}}
2025-08-15T22:13:03.671-0500	DEBUG	protocol/handler.go:1591	have processed broadcast	{"{round 20 3  <nil>}": {"Key":"from","Type":15,"Integer":0,"String":"a","Interface":null}}
2025-08-15T22:13:03.671-0500	DEBUG	protocol/handler.go:1591	have processed broadcast	{"{round 20 3  <nil>}": {"Key":"from","Type":15,"Integer":0,"String":"b","Interface":null}}
2025-08-15T22:13:03.671-0500	DEBUG	protocol/handler.go:1649	have all messages and processed	{"{round 20 3  <nil>}": {"Key":"self","Type":15,"Integer":0,"String":"c","Interface":null}}
2025-08-15T22:13:03.671-0500	DEBUG	protocol/handler.go:596	round already finalized
2025-08-15T22:13:03.671-0500	DEBUG	protocol/handler.go:581	tryAdvanceRound called	{"{current_round 20 3  <nil>}": {"Key":"self","Type":15,"Integer":0,"String":"c","Interface":null}}
2025-08-15T22:13:03.671-0500	DEBUG	protocol/handler.go:1591	have processed broadcast	{"{round 20 3  <nil>}": {"Key":"from","Type":15,"Integer":0,"String":"a","Interface":null}}
2025-08-15T22:13:03.672-0500	DEBUG	protocol/handler.go:1591	have processed broadcast	{"{round 20 3  <nil>}": {"Key":"from","Type":15,"Integer":0,"String":"b","Interface":null}}
2025-08-15T22:13:03.672-0500	DEBUG	protocol/handler.go:1649	have all messages and processed	{"{round 20 3  <nil>}": {"Key":"self","Type":15,"Integer":0,"String":"c","Interface":null}}
2025-08-15T22:13:03.672-0500	DEBUG	protocol/handler.go:596	round already finalized
2025-08-15T22:13:03.681-0500	DEBUG	protocol/handler.go:581	tryAdvanceRound called	{"{current_round 20 3  <nil>}": {"Key":"self","Type":15,"Integer":0,"String":"b","Interface":null}}
2025-08-15T22:13:03.686-0500	DEBUG	protocol/handler.go:1591	have processed broadcast	{"{round 20 3  <nil>}": {"Key":"from","Type":15,"Integer":0,"String":"a","Interface":null}}
2025-08-15T22:13:03.686-0500	DEBUG	protocol/handler.go:1591	have processed broadcast	{"{round 20 3  <nil>}": {"Key":"from","Type":15,"Integer":0,"String":"c","Interface":null}}
2025-08-15T22:13:03.686-0500	DEBUG	protocol/handler.go:1649	have all messages and processed	{"{round 20 3  <nil>}": {"Key":"self","Type":15,"Integer":0,"String":"b","Interface":null}}
2025-08-15T22:13:03.686-0500	DEBUG	protocol/handler.go:596	round already finalized
2025-08-15T22:13:03.731-0500	DEBUG	protocol/handler.go:581	tryAdvanceRound called	{"{current_round 20 3  <nil>}": {"Key":"self","Type":15,"Integer":0,"String":"a","Interface":null}}
2025-08-15T22:13:03.734-0500	DEBUG	protocol/handler.go:1591	have processed broadcast	{"{round 20 3  <nil>}": {"Key":"from","Type":15,"Integer":0,"String":"b","Interface":null}}
2025-08-15T22:13:03.734-0500	DEBUG	protocol/handler.go:1591	have processed broadcast	{"{round 20 3  <nil>}": {"Key":"from","Type":15,"Integer":0,"String":"c","Interface":null}}
2025-08-15T22:13:03.735-0500	DEBUG	protocol/handler.go:1649	have all messages and processed	{"{round 20 3  <nil>}": {"Key":"self","Type":15,"Integer":0,"String":"a","Interface":null}}
2025-08-15T22:13:03.735-0500	DEBUG	protocol/handler.go:596	round already finalized
2025-08-15T22:13:03.735-0500	DEBUG	protocol/handler.go:581	tryAdvanceRound called	{"{current_round 20 3  <nil>}": {"Key":"self","Type":15,"Integer":0,"String":"a","Interface":null}}
2025-08-15T22:13:03.735-0500	DEBUG	protocol/handler.go:1591	have processed broadcast	{"{round 20 3  <nil>}": {"Key":"from","Type":15,"Integer":0,"String":"b","Interface":null}}
2025-08-15T22:13:03.735-0500	DEBUG	protocol/handler.go:1591	have processed broadcast	{"{round 20 3  <nil>}": {"Key":"from","Type":15,"Integer":0,"String":"c","Interface":null}}
2025-08-15T22:13:03.735-0500	DEBUG	protocol/handler.go:1649	have all messages and processed	{"{round 20 3  <nil>}": {"Key":"self","Type":15,"Integer":0,"String":"a","Interface":null}}
2025-08-15T22:13:03.735-0500	DEBUG	protocol/handler.go:596	round already finalized
2025-08-15T22:13:03.735-0500	DEBUG	protocol/handler.go:581	tryAdvanceRound called	{"{current_round 20 3  <nil>}": {"Key":"self","Type":15,"Integer":0,"String":"c","Interface":null}}
2025-08-15T22:13:03.735-0500	DEBUG	protocol/handler.go:1591	have processed broadcast	{"{round 20 3  <nil>}": {"Key":"from","Type":15,"Integer":0,"String":"a","Interface":null}}
2025-08-15T22:13:03.735-0500	DEBUG	protocol/handler.go:1591	have processed broadcast	{"{round 20 3  <nil>}": {"Key":"from","Type":15,"Integer":0,"String":"b","Interface":null}}
2025-08-15T22:13:03.735-0500	DEBUG	protocol/handler.go:1649	have all messages and processed	{"{round 20 3  <nil>}": {"Key":"self","Type":15,"Integer":0,"String":"c","Interface":null}}
2025-08-15T22:13:03.735-0500	DEBUG	protocol/handler.go:596	round already finalized
2025-08-15T22:13:03.735-0500	DEBUG	protocol/handler.go:581	tryAdvanceRound called	{"{current_round 20 3  <nil>}": {"Key":"self","Type":15,"Integer":0,"String":"c","Interface":null}}
2025-08-15T22:13:03.758-0500	DEBUG	protocol/handler.go:581	tryAdvanceRound called	{"{current_round 20 3  <nil>}": {"Key":"self","Type":15,"Integer":0,"String":"a","Interface":null}}
2025-08-15T22:13:03.762-0500	DEBUG	protocol/handler.go:581	tryAdvanceRound called	{"{current_round 20 3  <nil>}": {"Key":"self","Type":15,"Integer":0,"String":"b","Interface":null}}
2025-08-15T22:13:03.762-0500	DEBUG	protocol/handler.go:1591	have processed broadcast	{"{round 20 3  <nil>}": {"Key":"from","Type":15,"Integer":0,"String":"a","Interface":null}}
2025-08-15T22:13:03.758-0500	DEBUG	protocol/handler.go:1591	have processed broadcast	{"{round 20 3  <nil>}": {"Key":"from","Type":15,"Integer":0,"String":"b","Interface":null}}
2025-08-15T22:13:03.763-0500	DEBUG	protocol/handler.go:1591	have processed broadcast	{"{round 20 3  <nil>}": {"Key":"from","Type":15,"Integer":0,"String":"c","Interface":null}}
2025-08-15T22:13:03.763-0500	DEBUG	protocol/handler.go:1649	have all messages and processed	{"{round 20 3  <nil>}": {"Key":"self","Type":15,"Integer":0,"String":"a","Interface":null}}
2025-08-15T22:13:03.763-0500	DEBUG	protocol/handler.go:596	round already finalized
2025-08-15T22:13:03.776-0500	DEBUG	protocol/handler.go:581	tryAdvanceRound called	{"{current_round 20 3  <nil>}": {"Key":"self","Type":15,"Integer":0,"String":"a","Interface":null}}
2025-08-15T22:13:03.776-0500	DEBUG	protocol/handler.go:1591	have processed broadcast	{"{round 20 3  <nil>}": {"Key":"from","Type":15,"Integer":0,"String":"b","Interface":null}}
2025-08-15T22:13:03.776-0500	DEBUG	protocol/handler.go:1591	have processed broadcast	{"{round 20 3  <nil>}": {"Key":"from","Type":15,"Integer":0,"String":"c","Interface":null}}
2025-08-15T22:13:03.776-0500	DEBUG	protocol/handler.go:1649	have all messages and processed	{"{round 20 3  <nil>}": {"Key":"self","Type":15,"Integer":0,"String":"a","Interface":null}}
2025-08-15T22:13:03.776-0500	DEBUG	protocol/handler.go:596	round already finalized
2025-08-15T22:13:03.803-0500	DEBUG	protocol/handler.go:1591	have processed broadcast	{"{round 20 3  <nil>}": {"Key":"from","Type":15,"Integer":0,"String":"a","Interface":null}}
2025-08-15T22:13:03.804-0500	DEBUG	protocol/handler.go:1591	have processed broadcast	{"{round 20 3  <nil>}": {"Key":"from","Type":15,"Integer":0,"String":"b","Interface":null}}
2025-08-15T22:13:03.804-0500	DEBUG	protocol/handler.go:1649	have all messages and processed	{"{round 20 3  <nil>}": {"Key":"self","Type":15,"Integer":0,"String":"c","Interface":null}}
2025-08-15T22:13:03.804-0500	DEBUG	protocol/handler.go:596	round already finalized
2025-08-15T22:13:03.804-0500	DEBUG	protocol/handler.go:581	tryAdvanceRound called	{"{current_round 20 3  <nil>}": {"Key":"self","Type":15,"Integer":0,"String":"c","Interface":null}}
2025-08-15T22:13:03.804-0500	DEBUG	protocol/handler.go:1591	have processed broadcast	{"{round 20 3  <nil>}": {"Key":"from","Type":15,"Integer":0,"String":"a","Interface":null}}
2025-08-15T22:13:03.804-0500	DEBUG	protocol/handler.go:1591	have processed broadcast	{"{round 20 3  <nil>}": {"Key":"from","Type":15,"Integer":0,"String":"b","Interface":null}}
2025-08-15T22:13:03.762-0500	DEBUG	protocol/handler.go:1591	have processed broadcast	{"{round 20 3  <nil>}": {"Key":"from","Type":15,"Integer":0,"String":"c","Interface":null}}
2025-08-15T22:13:03.813-0500	DEBUG	protocol/handler.go:1649	have all messages and processed	{"{round 20 3  <nil>}": {"Key":"self","Type":15,"Integer":0,"String":"b","Interface":null}}
2025-08-15T22:13:03.813-0500	DEBUG	protocol/handler.go:596	round already finalized
2025-08-15T22:13:03.813-0500	DEBUG	protocol/handler.go:581	tryAdvanceRound called	{"{current_round 20 3  <nil>}": {"Key":"self","Type":15,"Integer":0,"String":"b","Interface":null}}
2025-08-15T22:13:03.813-0500	DEBUG	protocol/handler.go:1591	have processed broadcast	{"{round 20 3  <nil>}": {"Key":"from","Type":15,"Integer":0,"String":"a","Interface":null}}
2025-08-15T22:13:03.813-0500	DEBUG	protocol/handler.go:1591	have processed broadcast	{"{round 20 3  <nil>}": {"Key":"from","Type":15,"Integer":0,"String":"c","Interface":null}}
2025-08-15T22:13:03.813-0500	DEBUG	protocol/handler.go:1649	have all messages and processed	{"{round 20 3  <nil>}": {"Key":"self","Type":15,"Integer":0,"String":"b","Interface":null}}
2025-08-15T22:13:03.813-0500	DEBUG	protocol/handler.go:596	round already finalized
2025-08-15T22:13:03.813-0500	DEBUG	protocol/handler.go:1649	have all messages and processed	{"{round 20 3  <nil>}": {"Key":"self","Type":15,"Integer":0,"String":"c","Interface":null}}
2025-08-15T22:13:03.822-0500	DEBUG	protocol/handler.go:596	round already finalized
2025-08-15T22:13:03.822-0500	DEBUG	protocol/handler.go:581	tryAdvanceRound called	{"{current_round 20 3  <nil>}": {"Key":"self","Type":15,"Integer":0,"String":"c","Interface":null}}
2025-08-15T22:13:03.822-0500	DEBUG	protocol/handler.go:1591	have processed broadcast	{"{round 20 3  <nil>}": {"Key":"from","Type":15,"Integer":0,"String":"a","Interface":null}}
2025-08-15T22:13:03.822-0500	DEBUG	protocol/handler.go:1591	have processed broadcast	{"{round 20 3  <nil>}": {"Key":"from","Type":15,"Integer":0,"String":"b","Interface":null}}
2025-08-15T22:13:03.822-0500	DEBUG	protocol/handler.go:1649	have all messages and processed	{"{round 20 3  <nil>}": {"Key":"self","Type":15,"Integer":0,"String":"c","Interface":null}}
2025-08-15T22:13:03.822-0500	DEBUG	protocol/handler.go:596	round already finalized
2025-08-15T22:13:03.803-0500	DEBUG	protocol/handler.go:581	tryAdvanceRound called	{"{current_round 20 3  <nil>}": {"Key":"self","Type":15,"Integer":0,"String":"a","Interface":null}}
2025-08-15T22:13:03.835-0500	DEBUG	protocol/handler.go:581	tryAdvanceRound called	{"{current_round 20 3  <nil>}": {"Key":"self","Type":15,"Integer":0,"String":"c","Interface":null}}
2025-08-15T22:13:03.836-0500	DEBUG	protocol/handler.go:1591	have processed broadcast	{"{round 20 3  <nil>}": {"Key":"from","Type":15,"Integer":0,"String":"a","Interface":null}}
2025-08-15T22:13:03.836-0500	DEBUG	protocol/handler.go:1591	have processed broadcast	{"{round 20 3  <nil>}": {"Key":"from","Type":15,"Integer":0,"String":"b","Interface":null}}
2025-08-15T22:13:03.836-0500	DEBUG	protocol/handler.go:1649	have all messages and processed	{"{round 20 3  <nil>}": {"Key":"self","Type":15,"Integer":0,"String":"c","Interface":null}}
2025-08-15T22:13:03.836-0500	DEBUG	protocol/handler.go:596	round already finalized
2025-08-15T22:13:03.837-0500	DEBUG	protocol/handler.go:581	tryAdvanceRound called	{"{current_round 20 3  <nil>}": {"Key":"self","Type":15,"Integer":0,"String":"b","Interface":null}}
2025-08-15T22:13:03.837-0500	DEBUG	protocol/handler.go:1591	have processed broadcast	{"{round 20 3  <nil>}": {"Key":"from","Type":15,"Integer":0,"String":"a","Interface":null}}
2025-08-15T22:13:03.851-0500	DEBUG	protocol/handler.go:1591	have processed broadcast	{"{round 20 3  <nil>}": {"Key":"from","Type":15,"Integer":0,"String":"c","Interface":null}}
2025-08-15T22:13:03.854-0500	DEBUG	protocol/handler.go:1649	have all messages and processed	{"{round 20 3  <nil>}": {"Key":"self","Type":15,"Integer":0,"String":"b","Interface":null}}
2025-08-15T22:13:03.854-0500	DEBUG	protocol/handler.go:596	round already finalized
2025-08-15T22:13:03.854-0500	DEBUG	protocol/handler.go:581	tryAdvanceRound called	{"{current_round 20 3  <nil>}": {"Key":"self","Type":15,"Integer":0,"String":"b","Interface":null}}
2025-08-15T22:13:03.854-0500	DEBUG	protocol/handler.go:1591	have processed broadcast	{"{round 20 3  <nil>}": {"Key":"from","Type":15,"Integer":0,"String":"a","Interface":null}}
2025-08-15T22:13:03.854-0500	DEBUG	protocol/handler.go:1591	have processed broadcast	{"{round 20 3  <nil>}": {"Key":"from","Type":15,"Integer":0,"String":"c","Interface":null}}
2025-08-15T22:13:03.854-0500	DEBUG	protocol/handler.go:1649	have all messages and processed	{"{round 20 3  <nil>}": {"Key":"self","Type":15,"Integer":0,"String":"b","Interface":null}}
2025-08-15T22:13:03.854-0500	DEBUG	protocol/handler.go:596	round already finalized
2025-08-15T22:13:03.863-0500	DEBUG	protocol/handler.go:581	tryAdvanceRound called	{"{current_round 20 3  <nil>}": {"Key":"self","Type":15,"Integer":0,"String":"c","Interface":null}}
2025-08-15T22:13:03.864-0500	DEBUG	protocol/handler.go:1591	have processed broadcast	{"{round 20 3  <nil>}": {"Key":"from","Type":15,"Integer":0,"String":"a","Interface":null}}
2025-08-15T22:13:03.864-0500	DEBUG	protocol/handler.go:1591	have processed broadcast	{"{round 20 3  <nil>}": {"Key":"from","Type":15,"Integer":0,"String":"b","Interface":null}}
2025-08-15T22:13:03.864-0500	DEBUG	protocol/handler.go:1649	have all messages and processed	{"{round 20 3  <nil>}": {"Key":"self","Type":15,"Integer":0,"String":"c","Interface":null}}
2025-08-15T22:13:03.864-0500	DEBUG	protocol/handler.go:596	round already finalized
2025-08-15T22:13:03.871-0500	DEBUG	protocol/handler.go:581	tryAdvanceRound called	{"{current_round 20 3  <nil>}": {"Key":"self","Type":15,"Integer":0,"String":"b","Interface":null}}
2025-08-15T22:13:03.871-0500	DEBUG	protocol/handler.go:1591	have processed broadcast	{"{round 20 3  <nil>}": {"Key":"from","Type":15,"Integer":0,"String":"a","Interface":null}}
2025-08-15T22:13:03.871-0500	DEBUG	protocol/handler.go:1591	have processed broadcast	{"{round 20 3  <nil>}": {"Key":"from","Type":15,"Integer":0,"String":"c","Interface":null}}
2025-08-15T22:13:03.871-0500	DEBUG	protocol/handler.go:1649	have all messages and processed	{"{round 20 3  <nil>}": {"Key":"self","Type":15,"Integer":0,"String":"b","Interface":null}}
2025-08-15T22:13:03.871-0500	DEBUG	protocol/handler.go:596	round already finalized
2025-08-15T22:13:03.822-0500	DEBUG	protocol/handler.go:1591	have processed broadcast	{"{round 20 3  <nil>}": {"Key":"from","Type":15,"Integer":0,"String":"b","Interface":null}}
2025-08-15T22:13:03.879-0500	DEBUG	protocol/handler.go:1591	have processed broadcast	{"{round 20 3  <nil>}": {"Key":"from","Type":15,"Integer":0,"String":"c","Interface":null}}
2025-08-15T22:13:03.879-0500	DEBUG	protocol/handler.go:1649	have all messages and processed	{"{round 20 3  <nil>}": {"Key":"self","Type":15,"Integer":0,"String":"a","Interface":null}}
2025-08-15T22:13:03.879-0500	DEBUG	protocol/handler.go:596	round already finalized
2025-08-15T22:13:03.879-0500	DEBUG	protocol/handler.go:581	tryAdvanceRound called	{"{current_round 20 3  <nil>}": {"Key":"self","Type":15,"Integer":0,"String":"a","Interface":null}}
2025-08-15T22:13:03.879-0500	DEBUG	protocol/handler.go:1591	have processed broadcast	{"{round 20 3  <nil>}": {"Key":"from","Type":15,"Integer":0,"String":"b","Interface":null}}
2025-08-15T22:13:03.879-0500	DEBUG	protocol/handler.go:1591	have processed broadcast	{"{round 20 3  <nil>}": {"Key":"from","Type":15,"Integer":0,"String":"c","Interface":null}}
2025-08-15T22:13:03.879-0500	DEBUG	protocol/handler.go:1649	have all messages and processed	{"{round 20 3  <nil>}": {"Key":"self","Type":15,"Integer":0,"String":"a","Interface":null}}
2025-08-15T22:13:03.879-0500	DEBUG	protocol/handler.go:596	round already finalized
2025-08-15T22:13:03.884-0500	DEBUG	protocol/handler.go:581	tryAdvanceRound called	{"{current_round 20 3  <nil>}": {"Key":"self","Type":15,"Integer":0,"String":"c","Interface":null}}
2025-08-15T22:13:03.884-0500	DEBUG	protocol/handler.go:1591	have processed broadcast	{"{round 20 3  <nil>}": {"Key":"from","Type":15,"Integer":0,"String":"a","Interface":null}}
2025-08-15T22:13:03.884-0500	DEBUG	protocol/handler.go:1591	have processed broadcast	{"{round 20 3  <nil>}": {"Key":"from","Type":15,"Integer":0,"String":"b","Interface":null}}
2025-08-15T22:13:03.884-0500	DEBUG	protocol/handler.go:1649	have all messages and processed	{"{round 20 3  <nil>}": {"Key":"self","Type":15,"Integer":0,"String":"c","Interface":null}}
2025-08-15T22:13:03.884-0500	DEBUG	protocol/handler.go:596	round already finalized
2025-08-15T22:13:03.902-0500	DEBUG	protocol/handler.go:581	tryAdvanceRound called	{"{current_round 20 3  <nil>}": {"Key":"self","Type":15,"Integer":0,"String":"b","Interface":null}}
2025-08-15T22:13:03.902-0500	DEBUG	protocol/handler.go:1591	have processed broadcast	{"{round 20 3  <nil>}": {"Key":"from","Type":15,"Integer":0,"String":"a","Interface":null}}
2025-08-15T22:13:03.902-0500	DEBUG	protocol/handler.go:1591	have processed broadcast	{"{round 20 3  <nil>}": {"Key":"from","Type":15,"Integer":0,"String":"c","Interface":null}}
2025-08-15T22:13:03.902-0500	DEBUG	protocol/handler.go:1649	have all messages and processed	{"{round 20 3  <nil>}": {"Key":"self","Type":15,"Integer":0,"String":"b","Interface":null}}
2025-08-15T22:13:03.908-0500	DEBUG	protocol/handler.go:581	tryAdvanceRound called	{"{current_round 20 3  <nil>}": {"Key":"self","Type":15,"Integer":0,"String":"a","Interface":null}}
2025-08-15T22:13:03.908-0500	DEBUG	protocol/handler.go:1591	have processed broadcast	{"{round 20 3  <nil>}": {"Key":"from","Type":15,"Integer":0,"String":"b","Interface":null}}
2025-08-15T22:13:03.908-0500	DEBUG	protocol/handler.go:1591	have processed broadcast	{"{round 20 3  <nil>}": {"Key":"from","Type":15,"Integer":0,"String":"c","Interface":null}}
2025-08-15T22:13:03.908-0500	DEBUG	protocol/handler.go:1649	have all messages and processed	{"{round 20 3  <nil>}": {"Key":"self","Type":15,"Integer":0,"String":"a","Interface":null}}
2025-08-15T22:13:03.908-0500	DEBUG	protocol/handler.go:596	round already finalized
2025-08-15T22:13:03.909-0500	DEBUG	protocol/handler.go:581	tryAdvanceRound called	{"{current_round 20 3  <nil>}": {"Key":"self","Type":15,"Integer":0,"String":"c","Interface":null}}
2025-08-15T22:13:03.909-0500	DEBUG	protocol/handler.go:1591	have processed broadcast	{"{round 20 3  <nil>}": {"Key":"from","Type":15,"Integer":0,"String":"a","Interface":null}}
2025-08-15T22:13:03.909-0500	DEBUG	protocol/handler.go:1591	have processed broadcast	{"{round 20 3  <nil>}": {"Key":"from","Type":15,"Integer":0,"String":"b","Interface":null}}
2025-08-15T22:13:03.909-0500	DEBUG	protocol/handler.go:1649	have all messages and processed	{"{round 20 3  <nil>}": {"Key":"self","Type":15,"Integer":0,"String":"c","Interface":null}}
2025-08-15T22:13:03.909-0500	DEBUG	protocol/handler.go:596	round already finalized
2025-08-15T22:13:03.930-0500	DEBUG	protocol/handler.go:581	tryAdvanceRound called	{"{current_round 20 3  <nil>}": {"Key":"self","Type":15,"Integer":0,"String":"c","Interface":null}}
2025-08-15T22:13:03.930-0500	DEBUG	protocol/handler.go:1591	have processed broadcast	{"{round 20 3  <nil>}": {"Key":"from","Type":15,"Integer":0,"String":"a","Interface":null}}
2025-08-15T22:13:03.930-0500	DEBUG	protocol/handler.go:1591	have processed broadcast	{"{round 20 3  <nil>}": {"Key":"from","Type":15,"Integer":0,"String":"b","Interface":null}}
2025-08-15T22:13:03.930-0500	DEBUG	protocol/handler.go:1649	have all messages and processed	{"{round 20 3  <nil>}": {"Key":"self","Type":15,"Integer":0,"String":"c","Interface":null}}
2025-08-15T22:13:03.930-0500	DEBUG	protocol/handler.go:596	round already finalized
2025-08-15T22:13:03.965-0500	DEBUG	protocol/handler.go:581	tryAdvanceRound called	{"{current_round 20 3  <nil>}": {"Key":"self","Type":15,"Integer":0,"String":"a","Interface":null}}
2025-08-15T22:13:03.965-0500	DEBUG	protocol/handler.go:1591	have processed broadcast	{"{round 20 3  <nil>}": {"Key":"from","Type":15,"Integer":0,"String":"b","Interface":null}}
2025-08-15T22:13:03.965-0500	DEBUG	protocol/handler.go:1591	have processed broadcast	{"{round 20 3  <nil>}": {"Key":"from","Type":15,"Integer":0,"String":"c","Interface":null}}
2025-08-15T22:13:03.965-0500	DEBUG	protocol/handler.go:1649	have all messages and processed	{"{round 20 3  <nil>}": {"Key":"self","Type":15,"Integer":0,"String":"a","Interface":null}}
2025-08-15T22:13:03.965-0500	DEBUG	protocol/handler.go:596	round already finalized
2025-08-15T22:13:03.965-0500	DEBUG	protocol/handler.go:581	tryAdvanceRound called	{"{current_round 20 3  <nil>}": {"Key":"self","Type":15,"Integer":0,"String":"a","Interface":null}}
2025-08-15T22:13:03.965-0500	DEBUG	protocol/handler.go:1591	have processed broadcast	{"{round 20 3  <nil>}": {"Key":"from","Type":15,"Integer":0,"String":"b","Interface":null}}
2025-08-15T22:13:03.965-0500	DEBUG	protocol/handler.go:1591	have processed broadcast	{"{round 20 3  <nil>}": {"Key":"from","Type":15,"Integer":0,"String":"c","Interface":null}}
2025-08-15T22:13:03.965-0500	DEBUG	protocol/handler.go:1649	have all messages and processed	{"{round 20 3  <nil>}": {"Key":"self","Type":15,"Integer":0,"String":"a","Interface":null}}
2025-08-15T22:13:03.965-0500	DEBUG	protocol/handler.go:596	round already finalized
2025-08-15T22:13:03.986-0500	DEBUG	protocol/handler.go:581	tryAdvanceRound called	{"{current_round 20 3  <nil>}": {"Key":"self","Type":15,"Integer":0,"String":"a","Interface":null}}
2025-08-15T22:13:03.986-0500	DEBUG	protocol/handler.go:1591	have processed broadcast	{"{round 20 3  <nil>}": {"Key":"from","Type":15,"Integer":0,"String":"b","Interface":null}}
2025-08-15T22:13:03.986-0500	DEBUG	protocol/handler.go:1591	have processed broadcast	{"{round 20 3  <nil>}": {"Key":"from","Type":15,"Integer":0,"String":"c","Interface":null}}
2025-08-15T22:13:03.986-0500	DEBUG	protocol/handler.go:1649	have all messages and processed	{"{round 20 3  <nil>}": {"Key":"self","Type":15,"Integer":0,"String":"a","Interface":null}}
2025-08-15T22:13:03.986-0500	DEBUG	protocol/handler.go:596	round already finalized
2025-08-15T22:13:03.902-0500	DEBUG	protocol/handler.go:596	round already finalized
2025-08-15T22:13:03.993-0500	DEBUG	protocol/handler.go:581	tryAdvanceRound called	{"{current_round 20 3  <nil>}": {"Key":"self","Type":15,"Integer":0,"String":"b","Interface":null}}
2025-08-15T22:13:03.993-0500	DEBUG	protocol/handler.go:1591	have processed broadcast	{"{round 20 3  <nil>}": {"Key":"from","Type":15,"Integer":0,"String":"a","Interface":null}}
2025-08-15T22:13:03.993-0500	DEBUG	protocol/handler.go:1591	have processed broadcast	{"{round 20 3  <nil>}": {"Key":"from","Type":15,"Integer":0,"String":"c","Interface":null}}
2025-08-15T22:13:03.993-0500	DEBUG	protocol/handler.go:1649	have all messages and processed	{"{round 20 3  <nil>}": {"Key":"self","Type":15,"Integer":0,"String":"b","Interface":null}}
2025-08-15T22:13:03.993-0500	DEBUG	protocol/handler.go:596	round already finalized
2025-08-15T22:13:04.008-0500	DEBUG	protocol/handler.go:581	tryAdvanceRound called	{"{current_round 20 3  <nil>}": {"Key":"self","Type":15,"Integer":0,"String":"a","Interface":null}}
2025-08-15T22:13:04.008-0500	DEBUG	protocol/handler.go:581	tryAdvanceRound called	{"{current_round 20 3  <nil>}": {"Key":"self","Type":15,"Integer":0,"String":"b","Interface":null}}
2025-08-15T22:13:04.008-0500	DEBUG	protocol/handler.go:1591	have processed broadcast	{"{round 20 3  <nil>}": {"Key":"from","Type":15,"Integer":0,"String":"b","Interface":null}}
2025-08-15T22:13:04.008-0500	DEBUG	protocol/handler.go:1591	have processed broadcast	{"{round 20 3  <nil>}": {"Key":"from","Type":15,"Integer":0,"String":"a","Interface":null}}
2025-08-15T22:13:04.008-0500	DEBUG	protocol/handler.go:1591	have processed broadcast	{"{round 20 3  <nil>}": {"Key":"from","Type":15,"Integer":0,"String":"c","Interface":null}}
2025-08-15T22:13:04.008-0500	DEBUG	protocol/handler.go:1591	have processed broadcast	{"{round 20 3  <nil>}": {"Key":"from","Type":15,"Integer":0,"String":"c","Interface":null}}
2025-08-15T22:13:04.008-0500	DEBUG	protocol/handler.go:1649	have all messages and processed	{"{round 20 3  <nil>}": {"Key":"self","Type":15,"Integer":0,"String":"a","Interface":null}}
2025-08-15T22:13:04.008-0500	DEBUG	protocol/handler.go:1649	have all messages and processed	{"{round 20 3  <nil>}": {"Key":"self","Type":15,"Integer":0,"String":"b","Interface":null}}
2025-08-15T22:13:04.008-0500	DEBUG	protocol/handler.go:596	round already finalized
2025-08-15T22:13:04.008-0500	DEBUG	protocol/handler.go:596	round already finalized
2025-08-15T22:13:04.065-0500	DEBUG	protocol/handler.go:581	tryAdvanceRound called	{"{current_round 20 3  <nil>}": {"Key":"self","Type":15,"Integer":0,"String":"a","Interface":null}}
2025-08-15T22:13:04.066-0500	DEBUG	protocol/handler.go:1591	have processed broadcast	{"{round 20 3  <nil>}": {"Key":"from","Type":15,"Integer":0,"String":"b","Interface":null}}
2025-08-15T22:13:04.066-0500	DEBUG	protocol/handler.go:1591	have processed broadcast	{"{round 20 3  <nil>}": {"Key":"from","Type":15,"Integer":0,"String":"c","Interface":null}}
2025-08-15T22:13:04.066-0500	DEBUG	protocol/handler.go:1649	have all messages and processed	{"{round 20 3  <nil>}": {"Key":"self","Type":15,"Integer":0,"String":"a","Interface":null}}
2025-08-15T22:13:04.066-0500	DEBUG	protocol/handler.go:596	round already finalized
2025-08-15T22:13:04.066-0500	DEBUG	protocol/handler.go:581	tryAdvanceRound called	{"{current_round 20 3  <nil>}": {"Key":"self","Type":15,"Integer":0,"String":"b","Interface":null}}
2025-08-15T22:13:04.066-0500	DEBUG	protocol/handler.go:1591	have processed broadcast	{"{round 20 3  <nil>}": {"Key":"from","Type":15,"Integer":0,"String":"a","Interface":null}}
2025-08-15T22:13:04.066-0500	DEBUG	protocol/handler.go:1591	have processed broadcast	{"{round 20 3  <nil>}": {"Key":"from","Type":15,"Integer":0,"String":"c","Interface":null}}
2025-08-15T22:13:04.066-0500	DEBUG	protocol/handler.go:1649	have all messages and processed	{"{round 20 3  <nil>}": {"Key":"self","Type":15,"Integer":0,"String":"b","Interface":null}}
2025-08-15T22:13:04.067-0500	DEBUG	protocol/handler.go:596	round already finalized
2025-08-15T22:13:04.067-0500	DEBUG	protocol/handler.go:581	tryAdvanceRound called	{"{current_round 20 3  <nil>}": {"Key":"self","Type":15,"Integer":0,"String":"a","Interface":null}}
2025-08-15T22:13:04.067-0500	DEBUG	protocol/handler.go:1591	have processed broadcast	{"{round 20 3  <nil>}": {"Key":"from","Type":15,"Integer":0,"String":"b","Interface":null}}
2025-08-15T22:13:04.067-0500	DEBUG	protocol/handler.go:1591	have processed broadcast	{"{round 20 3  <nil>}": {"Key":"from","Type":15,"Integer":0,"String":"c","Interface":null}}
2025-08-15T22:13:04.067-0500	DEBUG	protocol/handler.go:1649	have all messages and processed	{"{round 20 3  <nil>}": {"Key":"self","Type":15,"Integer":0,"String":"a","Interface":null}}
2025-08-15T22:13:04.067-0500	DEBUG	protocol/handler.go:596	round already finalized
2025-08-15T22:13:04.071-0500	DEBUG	protocol/handler.go:581	tryAdvanceRound called	{"{current_round 20 3  <nil>}": {"Key":"self","Type":15,"Integer":0,"String":"c","Interface":null}}
2025-08-15T22:13:04.072-0500	DEBUG	protocol/handler.go:1591	have processed broadcast	{"{round 20 3  <nil>}": {"Key":"from","Type":15,"Integer":0,"String":"a","Interface":null}}
2025-08-15T22:13:04.072-0500	DEBUG	protocol/handler.go:1591	have processed broadcast	{"{round 20 3  <nil>}": {"Key":"from","Type":15,"Integer":0,"String":"b","Interface":null}}
2025-08-15T22:13:04.072-0500	DEBUG	protocol/handler.go:1649	have all messages and processed	{"{round 20 3  <nil>}": {"Key":"self","Type":15,"Integer":0,"String":"c","Interface":null}}
2025-08-15T22:13:04.072-0500	DEBUG	protocol/handler.go:596	round already finalized
2025-08-15T22:13:04.078-0500	DEBUG	protocol/handler.go:581	tryAdvanceRound called	{"{current_round 20 3  <nil>}": {"Key":"self","Type":15,"Integer":0,"String":"c","Interface":null}}
2025-08-15T22:13:04.078-0500	DEBUG	protocol/handler.go:1591	have processed broadcast	{"{round 20 3  <nil>}": {"Key":"from","Type":15,"Integer":0,"String":"a","Interface":null}}
2025-08-15T22:13:04.078-0500	DEBUG	protocol/handler.go:1591	have processed broadcast	{"{round 20 3  <nil>}": {"Key":"from","Type":15,"Integer":0,"String":"b","Interface":null}}
2025-08-15T22:13:04.078-0500	DEBUG	protocol/handler.go:1649	have all messages and processed	{"{round 20 3  <nil>}": {"Key":"self","Type":15,"Integer":0,"String":"c","Interface":null}}
2025-08-15T22:13:04.078-0500	DEBUG	protocol/handler.go:596	round already finalized
2025-08-15T22:13:04.101-0500	DEBUG	protocol/handler.go:581	tryAdvanceRound called	{"{current_round 20 3  <nil>}": {"Key":"self","Type":15,"Integer":0,"String":"c","Interface":null}}
2025-08-15T22:13:04.101-0500	DEBUG	protocol/handler.go:1591	have processed broadcast	{"{round 20 3  <nil>}": {"Key":"from","Type":15,"Integer":0,"String":"a","Interface":null}}
2025-08-15T22:13:04.101-0500	DEBUG	protocol/handler.go:1591	have processed broadcast	{"{round 20 3  <nil>}": {"Key":"from","Type":15,"Integer":0,"String":"b","Interface":null}}
2025-08-15T22:13:04.101-0500	DEBUG	protocol/handler.go:1649	have all messages and processed	{"{round 20 3  <nil>}": {"Key":"self","Type":15,"Integer":0,"String":"c","Interface":null}}
2025-08-15T22:13:04.101-0500	DEBUG	protocol/handler.go:596	round already finalized
2025-08-15T22:13:04.112-0500	DEBUG	protocol/handler.go:581	tryAdvanceRound called	{"{current_round 20 3  <nil>}": {"Key":"self","Type":15,"Integer":0,"String":"a","Interface":null}}
2025-08-15T22:13:04.112-0500	DEBUG	protocol/handler.go:1591	have processed broadcast	{"{round 20 3  <nil>}": {"Key":"from","Type":15,"Integer":0,"String":"b","Interface":null}}
2025-08-15T22:13:04.112-0500	DEBUG	protocol/handler.go:1591	have processed broadcast	{"{round 20 3  <nil>}": {"Key":"from","Type":15,"Integer":0,"String":"c","Interface":null}}
2025-08-15T22:13:04.112-0500	DEBUG	protocol/handler.go:1649	have all messages and processed	{"{round 20 3  <nil>}": {"Key":"self","Type":15,"Integer":0,"String":"a","Interface":null}}
2025-08-15T22:13:04.112-0500	DEBUG	protocol/handler.go:596	round already finalized
2025-08-15T22:13:04.123-0500	DEBUG	protocol/handler.go:581	tryAdvanceRound called	{"{current_round 20 3  <nil>}": {"Key":"self","Type":15,"Integer":0,"String":"c","Interface":null}}
2025-08-15T22:13:04.123-0500	DEBUG	protocol/handler.go:1591	have processed broadcast	{"{round 20 3  <nil>}": {"Key":"from","Type":15,"Integer":0,"String":"a","Interface":null}}
2025-08-15T22:13:04.124-0500	DEBUG	protocol/handler.go:1591	have processed broadcast	{"{round 20 3  <nil>}": {"Key":"from","Type":15,"Integer":0,"String":"b","Interface":null}}
2025-08-15T22:13:04.124-0500	DEBUG	protocol/handler.go:1649	have all messages and processed	{"{round 20 3  <nil>}": {"Key":"self","Type":15,"Integer":0,"String":"c","Interface":null}}
2025-08-15T22:13:04.124-0500	DEBUG	protocol/handler.go:596	round already finalized
2025-08-15T22:13:04.136-0500	DEBUG	protocol/handler.go:581	tryAdvanceRound called	{"{current_round 20 3  <nil>}": {"Key":"self","Type":15,"Integer":0,"String":"b","Interface":null}}
2025-08-15T22:13:04.136-0500	DEBUG	protocol/handler.go:1591	have processed broadcast	{"{round 20 3  <nil>}": {"Key":"from","Type":15,"Integer":0,"String":"a","Interface":null}}
2025-08-15T22:13:04.136-0500	DEBUG	protocol/handler.go:1591	have processed broadcast	{"{round 20 3  <nil>}": {"Key":"from","Type":15,"Integer":0,"String":"c","Interface":null}}
2025-08-15T22:13:04.136-0500	DEBUG	protocol/handler.go:1649	have all messages and processed	{"{round 20 3  <nil>}": {"Key":"self","Type":15,"Integer":0,"String":"b","Interface":null}}
2025-08-15T22:13:04.136-0500	DEBUG	protocol/handler.go:596	round already finalized
2025-08-15T22:13:04.136-0500	DEBUG	protocol/handler.go:581	tryAdvanceRound called	{"{current_round 20 3  <nil>}": {"Key":"self","Type":15,"Integer":0,"String":"b","Interface":null}}
2025-08-15T22:13:04.136-0500	DEBUG	protocol/handler.go:1591	have processed broadcast	{"{round 20 3  <nil>}": {"Key":"from","Type":15,"Integer":0,"String":"a","Interface":null}}
2025-08-15T22:13:04.136-0500	DEBUG	protocol/handler.go:1591	have processed broadcast	{"{round 20 3  <nil>}": {"Key":"from","Type":15,"Integer":0,"String":"c","Interface":null}}
2025-08-15T22:13:04.136-0500	DEBUG	protocol/handler.go:1649	have all messages and processed	{"{round 20 3  <nil>}": {"Key":"self","Type":15,"Integer":0,"String":"b","Interface":null}}
2025-08-15T22:13:04.136-0500	DEBUG	protocol/handler.go:596	round already finalized
2025-08-15T22:13:04.136-0500	DEBUG	protocol/handler.go:581	tryAdvanceRound called	{"{current_round 20 3  <nil>}": {"Key":"self","Type":15,"Integer":0,"String":"a","Interface":null}}
2025-08-15T22:13:04.136-0500	DEBUG	protocol/handler.go:1591	have processed broadcast	{"{round 20 3  <nil>}": {"Key":"from","Type":15,"Integer":0,"String":"b","Interface":null}}
2025-08-15T22:13:04.137-0500	DEBUG	protocol/handler.go:1591	have processed broadcast	{"{round 20 3  <nil>}": {"Key":"from","Type":15,"Integer":0,"String":"c","Interface":null}}
2025-08-15T22:13:04.137-0500	DEBUG	protocol/handler.go:1649	have all messages and processed	{"{round 20 3  <nil>}": {"Key":"self","Type":15,"Integer":0,"String":"a","Interface":null}}
2025-08-15T22:13:04.137-0500	DEBUG	protocol/handler.go:596	round already finalized
2025-08-15T22:13:04.181-0500	DEBUG	protocol/handler.go:581	tryAdvanceRound called	{"{current_round 20 3  <nil>}": {"Key":"self","Type":15,"Integer":0,"String":"a","Interface":null}}
2025-08-15T22:13:04.181-0500	DEBUG	protocol/handler.go:1591	have processed broadcast	{"{round 20 3  <nil>}": {"Key":"from","Type":15,"Integer":0,"String":"b","Interface":null}}
2025-08-15T22:13:04.181-0500	DEBUG	protocol/handler.go:1591	have processed broadcast	{"{round 20 3  <nil>}": {"Key":"from","Type":15,"Integer":0,"String":"c","Interface":null}}
2025-08-15T22:13:04.181-0500	DEBUG	protocol/handler.go:1649	have all messages and processed	{"{round 20 3  <nil>}": {"Key":"self","Type":15,"Integer":0,"String":"a","Interface":null}}
2025-08-15T22:13:04.181-0500	DEBUG	protocol/handler.go:596	round already finalized
2025-08-15T22:13:04.181-0500	DEBUG	protocol/handler.go:581	tryAdvanceRound called	{"{current_round 20 3  <nil>}": {"Key":"self","Type":15,"Integer":0,"String":"a","Interface":null}}
2025-08-15T22:13:04.344-0500	DEBUG	protocol/handler.go:1591	have processed broadcast	{"{round 20 3  <nil>}": {"Key":"from","Type":15,"Integer":0,"String":"b","Interface":null}}
2025-08-15T22:13:04.344-0500	DEBUG	protocol/handler.go:1591	have processed broadcast	{"{round 20 3  <nil>}": {"Key":"from","Type":15,"Integer":0,"String":"c","Interface":null}}
2025-08-15T22:13:04.344-0500	DEBUG	protocol/handler.go:1649	have all messages and processed	{"{round 20 3  <nil>}": {"Key":"self","Type":15,"Integer":0,"String":"a","Interface":null}}
2025-08-15T22:13:04.344-0500	DEBUG	protocol/handler.go:596	round already finalized
2025-08-15T22:13:04.344-0500	DEBUG	protocol/handler.go:581	tryAdvanceRound called	{"{current_round 20 3  <nil>}": {"Key":"self","Type":15,"Integer":0,"String":"a","Interface":null}}
2025-08-15T22:13:04.344-0500	DEBUG	protocol/handler.go:1591	have processed broadcast	{"{round 20 3  <nil>}": {"Key":"from","Type":15,"Integer":0,"String":"b","Interface":null}}
2025-08-15T22:13:04.344-0500	DEBUG	protocol/handler.go:1591	have processed broadcast	{"{round 20 3  <nil>}": {"Key":"from","Type":15,"Integer":0,"String":"c","Interface":null}}
2025-08-15T22:13:04.344-0500	DEBUG	protocol/handler.go:1649	have all messages and processed	{"{round 20 3  <nil>}": {"Key":"self","Type":15,"Integer":0,"String":"a","Interface":null}}
2025-08-15T22:13:04.345-0500	DEBUG	protocol/handler.go:596	round already finalized
2025-08-15T22:13:04.354-0500	DEBUG	protocol/handler.go:581	tryAdvanceRound called	{"{current_round 20 3  <nil>}": {"Key":"self","Type":15,"Integer":0,"String":"a","Interface":null}}
2025-08-15T22:13:04.355-0500	DEBUG	protocol/handler.go:1591	have processed broadcast	{"{round 20 3  <nil>}": {"Key":"from","Type":15,"Integer":0,"String":"b","Interface":null}}
2025-08-15T22:13:04.355-0500	DEBUG	protocol/handler.go:1591	have processed broadcast	{"{round 20 3  <nil>}": {"Key":"from","Type":15,"Integer":0,"String":"c","Interface":null}}
2025-08-15T22:13:04.355-0500	DEBUG	protocol/handler.go:1649	have all messages and processed	{"{round 20 3  <nil>}": {"Key":"self","Type":15,"Integer":0,"String":"a","Interface":null}}
2025-08-15T22:13:04.355-0500	DEBUG	protocol/handler.go:596	round already finalized
2025-08-15T22:13:04.288-0500	DEBUG	protocol/handler.go:581	tryAdvanceRound called	{"{current_round 20 3  <nil>}": {"Key":"self","Type":15,"Integer":0,"String":"b","Interface":null}}
2025-08-15T22:13:04.355-0500	DEBUG	protocol/handler.go:1591	have processed broadcast	{"{round 20 3  <nil>}": {"Key":"from","Type":15,"Integer":0,"String":"a","Interface":null}}
2025-08-15T22:13:04.355-0500	DEBUG	protocol/handler.go:1591	have processed broadcast	{"{round 20 3  <nil>}": {"Key":"from","Type":15,"Integer":0,"String":"c","Interface":null}}
2025-08-15T22:13:04.356-0500	DEBUG	protocol/handler.go:1649	have all messages and processed	{"{round 20 3  <nil>}": {"Key":"self","Type":15,"Integer":0,"String":"b","Interface":null}}
2025-08-15T22:13:04.356-0500	DEBUG	protocol/handler.go:596	round already finalized
2025-08-15T22:13:04.356-0500	DEBUG	protocol/handler.go:581	tryAdvanceRound called	{"{current_round 20 3  <nil>}": {"Key":"self","Type":15,"Integer":0,"String":"b","Interface":null}}
2025-08-15T22:13:04.356-0500	DEBUG	protocol/handler.go:1591	have processed broadcast	{"{round 20 3  <nil>}": {"Key":"from","Type":15,"Integer":0,"String":"a","Interface":null}}
2025-08-15T22:13:04.356-0500	DEBUG	protocol/handler.go:1591	have processed broadcast	{"{round 20 3  <nil>}": {"Key":"from","Type":15,"Integer":0,"String":"c","Interface":null}}
2025-08-15T22:13:04.356-0500	DEBUG	protocol/handler.go:1649	have all messages and processed	{"{round 20 3  <nil>}": {"Key":"self","Type":15,"Integer":0,"String":"b","Interface":null}}
2025-08-15T22:13:04.356-0500	DEBUG	protocol/handler.go:596	round already finalized
2025-08-15T22:13:04.362-0500	DEBUG	protocol/handler.go:581	tryAdvanceRound called	{"{current_round 20 3  <nil>}": {"Key":"self","Type":15,"Integer":0,"String":"b","Interface":null}}
2025-08-15T22:13:04.362-0500	DEBUG	protocol/handler.go:1591	have processed broadcast	{"{round 20 3  <nil>}": {"Key":"from","Type":15,"Integer":0,"String":"a","Interface":null}}
2025-08-15T22:13:04.362-0500	DEBUG	protocol/handler.go:1591	have processed broadcast	{"{round 20 3  <nil>}": {"Key":"from","Type":15,"Integer":0,"String":"c","Interface":null}}
2025-08-15T22:13:04.362-0500	DEBUG	protocol/handler.go:1649	have all messages and processed	{"{round 20 3  <nil>}": {"Key":"self","Type":15,"Integer":0,"String":"b","Interface":null}}
2025-08-15T22:13:04.362-0500	DEBUG	protocol/handler.go:596	round already finalized
2025-08-15T22:13:04.391-0500	DEBUG	protocol/handler.go:581	tryAdvanceRound called	{"{current_round 20 3  <nil>}": {"Key":"self","Type":15,"Integer":0,"String":"b","Interface":null}}
2025-08-15T22:13:04.391-0500	DEBUG	protocol/handler.go:1591	have processed broadcast	{"{round 20 3  <nil>}": {"Key":"from","Type":15,"Integer":0,"String":"a","Interface":null}}
2025-08-15T22:13:04.391-0500	DEBUG	protocol/handler.go:1591	have processed broadcast	{"{round 20 3  <nil>}": {"Key":"from","Type":15,"Integer":0,"String":"c","Interface":null}}
2025-08-15T22:13:04.391-0500	DEBUG	protocol/handler.go:1649	have all messages and processed	{"{round 20 3  <nil>}": {"Key":"self","Type":15,"Integer":0,"String":"b","Interface":null}}
2025-08-15T22:13:04.392-0500	DEBUG	protocol/handler.go:596	round already finalized
2025-08-15T22:13:04.404-0500	DEBUG	protocol/handler.go:581	tryAdvanceRound called	{"{current_round 20 3  <nil>}": {"Key":"self","Type":15,"Integer":0,"String":"b","Interface":null}}
2025-08-15T22:13:04.404-0500	DEBUG	protocol/handler.go:1591	have processed broadcast	{"{round 20 3  <nil>}": {"Key":"from","Type":15,"Integer":0,"String":"a","Interface":null}}
2025-08-15T22:13:04.404-0500	DEBUG	protocol/handler.go:1591	have processed broadcast	{"{round 20 3  <nil>}": {"Key":"from","Type":15,"Integer":0,"String":"c","Interface":null}}
2025-08-15T22:13:04.404-0500	DEBUG	protocol/handler.go:1649	have all messages and processed	{"{round 20 3  <nil>}": {"Key":"self","Type":15,"Integer":0,"String":"b","Interface":null}}
2025-08-15T22:13:04.404-0500	DEBUG	protocol/handler.go:596	round already finalized
2025-08-15T22:13:04.404-0500	DEBUG	protocol/handler.go:581	tryAdvanceRound called	{"{current_round 20 3  <nil>}": {"Key":"self","Type":15,"Integer":0,"String":"a","Interface":null}}
2025-08-15T22:13:04.404-0500	DEBUG	protocol/handler.go:1591	have processed broadcast	{"{round 20 3  <nil>}": {"Key":"from","Type":15,"Integer":0,"String":"b","Interface":null}}
2025-08-15T22:13:04.404-0500	DEBUG	protocol/handler.go:1591	have processed broadcast	{"{round 20 3  <nil>}": {"Key":"from","Type":15,"Integer":0,"String":"c","Interface":null}}
2025-08-15T22:13:04.404-0500	DEBUG	protocol/handler.go:1649	have all messages and processed	{"{round 20 3  <nil>}": {"Key":"self","Type":15,"Integer":0,"String":"a","Interface":null}}
2025-08-15T22:13:04.404-0500	DEBUG	protocol/handler.go:596	round already finalized
2025-08-15T22:13:04.404-0500	DEBUG	protocol/handler.go:581	tryAdvanceRound called	{"{current_round 20 3  <nil>}": {"Key":"self","Type":15,"Integer":0,"String":"a","Interface":null}}
2025-08-15T22:13:04.404-0500	DEBUG	protocol/handler.go:1591	have processed broadcast	{"{round 20 3  <nil>}": {"Key":"from","Type":15,"Integer":0,"String":"b","Interface":null}}
2025-08-15T22:13:04.405-0500	DEBUG	protocol/handler.go:1591	have processed broadcast	{"{round 20 3  <nil>}": {"Key":"from","Type":15,"Integer":0,"String":"c","Interface":null}}
2025-08-15T22:13:04.405-0500	DEBUG	protocol/handler.go:1649	have all messages and processed	{"{round 20 3  <nil>}": {"Key":"self","Type":15,"Integer":0,"String":"a","Interface":null}}
2025-08-15T22:13:04.405-0500	DEBUG	protocol/handler.go:596	round already finalized
2025-08-15T22:13:04.406-0500	DEBUG	protocol/handler.go:581	tryAdvanceRound called	{"{current_round 20 3  <nil>}": {"Key":"self","Type":15,"Integer":0,"String":"c","Interface":null}}
2025-08-15T22:13:04.407-0500	DEBUG	protocol/handler.go:1591	have processed broadcast	{"{round 20 3  <nil>}": {"Key":"from","Type":15,"Integer":0,"String":"a","Interface":null}}
2025-08-15T22:13:04.407-0500	DEBUG	protocol/handler.go:1591	have processed broadcast	{"{round 20 3  <nil>}": {"Key":"from","Type":15,"Integer":0,"String":"b","Interface":null}}
2025-08-15T22:13:04.407-0500	DEBUG	protocol/handler.go:1649	have all messages and processed	{"{round 20 3  <nil>}": {"Key":"self","Type":15,"Integer":0,"String":"c","Interface":null}}
2025-08-15T22:13:04.407-0500	DEBUG	protocol/handler.go:596	round already finalized
2025-08-15T22:13:04.407-0500	DEBUG	protocol/handler.go:581	tryAdvanceRound called	{"{current_round 20 3  <nil>}": {"Key":"self","Type":15,"Integer":0,"String":"c","Interface":null}}
2025-08-15T22:13:04.407-0500	DEBUG	protocol/handler.go:1591	have processed broadcast	{"{round 20 3  <nil>}": {"Key":"from","Type":15,"Integer":0,"String":"a","Interface":null}}
2025-08-15T22:13:04.410-0500	DEBUG	protocol/handler.go:1591	have processed broadcast	{"{round 20 3  <nil>}": {"Key":"from","Type":15,"Integer":0,"String":"b","Interface":null}}
2025-08-15T22:13:04.415-0500	DEBUG	protocol/handler.go:1649	have all messages and processed	{"{round 20 3  <nil>}": {"Key":"self","Type":15,"Integer":0,"String":"c","Interface":null}}
2025-08-15T22:13:04.416-0500	DEBUG	protocol/handler.go:596	round already finalized
2025-08-15T22:13:04.416-0500	DEBUG	protocol/handler.go:581	tryAdvanceRound called	{"{current_round 20 3  <nil>}": {"Key":"self","Type":15,"Integer":0,"String":"c","Interface":null}}
2025-08-15T22:13:04.416-0500	DEBUG	protocol/handler.go:1591	have processed broadcast	{"{round 20 3  <nil>}": {"Key":"from","Type":15,"Integer":0,"String":"a","Interface":null}}
2025-08-15T22:13:04.416-0500	DEBUG	protocol/handler.go:1591	have processed broadcast	{"{round 20 3  <nil>}": {"Key":"from","Type":15,"Integer":0,"String":"b","Interface":null}}
2025-08-15T22:13:04.422-0500	DEBUG	protocol/handler.go:1649	have all messages and processed	{"{round 20 3  <nil>}": {"Key":"self","Type":15,"Integer":0,"String":"c","Interface":null}}
2025-08-15T22:13:04.422-0500	DEBUG	protocol/handler.go:596	round already finalized
2025-08-15T22:13:04.422-0500	DEBUG	protocol/handler.go:581	tryAdvanceRound called	{"{current_round 20 3  <nil>}": {"Key":"self","Type":15,"Integer":0,"String":"c","Interface":null}}
2025-08-15T22:13:04.422-0500	DEBUG	protocol/handler.go:1591	have processed broadcast	{"{round 20 3  <nil>}": {"Key":"from","Type":15,"Integer":0,"String":"a","Interface":null}}
2025-08-15T22:13:04.422-0500	DEBUG	protocol/handler.go:1591	have processed broadcast	{"{round 20 3  <nil>}": {"Key":"from","Type":15,"Integer":0,"String":"b","Interface":null}}
2025-08-15T22:13:04.422-0500	DEBUG	protocol/handler.go:1649	have all messages and processed	{"{round 20 3  <nil>}": {"Key":"self","Type":15,"Integer":0,"String":"c","Interface":null}}
2025-08-15T22:13:04.422-0500	DEBUG	protocol/handler.go:596	round already finalized
2025-08-15T22:13:04.434-0500	DEBUG	protocol/handler.go:581	tryAdvanceRound called	{"{current_round 20 3  <nil>}": {"Key":"self","Type":15,"Integer":0,"String":"a","Interface":null}}
2025-08-15T22:13:04.434-0500	DEBUG	protocol/handler.go:1591	have processed broadcast	{"{round 20 3  <nil>}": {"Key":"from","Type":15,"Integer":0,"String":"b","Interface":null}}
2025-08-15T22:13:04.434-0500	DEBUG	protocol/handler.go:1591	have processed broadcast	{"{round 20 3  <nil>}": {"Key":"from","Type":15,"Integer":0,"String":"c","Interface":null}}
2025-08-15T22:13:04.434-0500	DEBUG	protocol/handler.go:1649	have all messages and processed	{"{round 20 3  <nil>}": {"Key":"self","Type":15,"Integer":0,"String":"a","Interface":null}}
2025-08-15T22:13:04.434-0500	DEBUG	protocol/handler.go:596	round already finalized
2025-08-15T22:13:04.434-0500	DEBUG	protocol/handler.go:581	tryAdvanceRound called	{"{current_round 20 3  <nil>}": {"Key":"self","Type":15,"Integer":0,"String":"b","Interface":null}}
2025-08-15T22:13:04.434-0500	DEBUG	protocol/handler.go:1591	have processed broadcast	{"{round 20 3  <nil>}": {"Key":"from","Type":15,"Integer":0,"String":"a","Interface":null}}
2025-08-15T22:13:04.435-0500	DEBUG	protocol/handler.go:1591	have processed broadcast	{"{round 20 3  <nil>}": {"Key":"from","Type":15,"Integer":0,"String":"c","Interface":null}}
2025-08-15T22:13:04.435-0500	DEBUG	protocol/handler.go:1649	have all messages and processed	{"{round 20 3  <nil>}": {"Key":"self","Type":15,"Integer":0,"String":"b","Interface":null}}
2025-08-15T22:13:04.435-0500	DEBUG	protocol/handler.go:596	round already finalized
2025-08-15T22:13:04.435-0500	DEBUG	protocol/handler.go:581	tryAdvanceRound called	{"{current_round 20 3  <nil>}": {"Key":"self","Type":15,"Integer":0,"String":"b","Interface":null}}
2025-08-15T22:13:04.435-0500	DEBUG	protocol/handler.go:1591	have processed broadcast	{"{round 20 3  <nil>}": {"Key":"from","Type":15,"Integer":0,"String":"a","Interface":null}}
2025-08-15T22:13:04.435-0500	DEBUG	protocol/handler.go:1591	have processed broadcast	{"{round 20 3  <nil>}": {"Key":"from","Type":15,"Integer":0,"String":"c","Interface":null}}
2025-08-15T22:13:04.435-0500	DEBUG	protocol/handler.go:1649	have all messages and processed	{"{round 20 3  <nil>}": {"Key":"self","Type":15,"Integer":0,"String":"b","Interface":null}}
2025-08-15T22:13:04.435-0500	DEBUG	protocol/handler.go:596	round already finalized
2025-08-15T22:13:04.454-0500	DEBUG	protocol/handler.go:581	tryAdvanceRound called	{"{current_round 20 3  <nil>}": {"Key":"self","Type":15,"Integer":0,"String":"c","Interface":null}}
2025-08-15T22:13:04.454-0500	DEBUG	protocol/handler.go:1591	have processed broadcast	{"{round 20 3  <nil>}": {"Key":"from","Type":15,"Integer":0,"String":"a","Interface":null}}
2025-08-15T22:13:04.454-0500	DEBUG	protocol/handler.go:1591	have processed broadcast	{"{round 20 3  <nil>}": {"Key":"from","Type":15,"Integer":0,"String":"b","Interface":null}}
2025-08-15T22:13:04.454-0500	DEBUG	protocol/handler.go:1649	have all messages and processed	{"{round 20 3  <nil>}": {"Key":"self","Type":15,"Integer":0,"String":"c","Interface":null}}
2025-08-15T22:13:04.454-0500	DEBUG	protocol/handler.go:596	round already finalized
2025-08-15T22:13:04.509-0500	DEBUG	protocol/handler.go:581	tryAdvanceRound called	{"{current_round 20 3  <nil>}": {"Key":"self","Type":15,"Integer":0,"String":"c","Interface":null}}
2025-08-15T22:13:04.521-0500	DEBUG	protocol/handler.go:581	tryAdvanceRound called	{"{current_round 20 3  <nil>}": {"Key":"self","Type":15,"Integer":0,"String":"b","Interface":null}}
2025-08-15T22:13:04.524-0500	DEBUG	protocol/handler.go:1591	have processed broadcast	{"{round 20 3  <nil>}": {"Key":"from","Type":15,"Integer":0,"String":"a","Interface":null}}
2025-08-15T22:13:04.524-0500	DEBUG	protocol/handler.go:1591	have processed broadcast	{"{round 20 3  <nil>}": {"Key":"from","Type":15,"Integer":0,"String":"c","Interface":null}}
2025-08-15T22:13:04.524-0500	DEBUG	protocol/handler.go:1649	have all messages and processed	{"{round 20 3  <nil>}": {"Key":"self","Type":15,"Integer":0,"String":"b","Interface":null}}
2025-08-15T22:13:04.524-0500	DEBUG	protocol/handler.go:596	round already finalized
2025-08-15T22:13:04.524-0500	DEBUG	protocol/handler.go:581	tryAdvanceRound called	{"{current_round 20 3  <nil>}": {"Key":"self","Type":15,"Integer":0,"String":"b","Interface":null}}
2025-08-15T22:13:04.524-0500	DEBUG	protocol/handler.go:1591	have processed broadcast	{"{round 20 3  <nil>}": {"Key":"from","Type":15,"Integer":0,"String":"a","Interface":null}}
2025-08-15T22:13:04.524-0500	DEBUG	protocol/handler.go:1591	have processed broadcast	{"{round 20 3  <nil>}": {"Key":"from","Type":15,"Integer":0,"String":"c","Interface":null}}
2025-08-15T22:13:04.524-0500	DEBUG	protocol/handler.go:1649	have all messages and processed	{"{round 20 3  <nil>}": {"Key":"self","Type":15,"Integer":0,"String":"b","Interface":null}}
2025-08-15T22:13:04.524-0500	DEBUG	protocol/handler.go:596	round already finalized
2025-08-15T22:13:04.530-0500	DEBUG	protocol/handler.go:581	tryAdvanceRound called	{"{current_round 20 3  <nil>}": {"Key":"self","Type":15,"Integer":0,"String":"b","Interface":null}}
2025-08-15T22:13:04.531-0500	DEBUG	protocol/handler.go:1591	have processed broadcast	{"{round 20 3  <nil>}": {"Key":"from","Type":15,"Integer":0,"String":"a","Interface":null}}
2025-08-15T22:13:04.531-0500	DEBUG	protocol/handler.go:1591	have processed broadcast	{"{round 20 3  <nil>}": {"Key":"from","Type":15,"Integer":0,"String":"c","Interface":null}}
2025-08-15T22:13:04.531-0500	DEBUG	protocol/handler.go:1649	have all messages and processed	{"{round 20 3  <nil>}": {"Key":"self","Type":15,"Integer":0,"String":"b","Interface":null}}
2025-08-15T22:13:04.531-0500	DEBUG	protocol/handler.go:596	round already finalized
2025-08-15T22:13:04.520-0500	DEBUG	protocol/handler.go:581	tryAdvanceRound called	{"{current_round 20 3  <nil>}": {"Key":"self","Type":15,"Integer":0,"String":"a","Interface":null}}
2025-08-15T22:13:04.544-0500	DEBUG	protocol/handler.go:1591	have processed broadcast	{"{round 20 3  <nil>}": {"Key":"from","Type":15,"Integer":0,"String":"b","Interface":null}}
2025-08-15T22:13:04.545-0500	DEBUG	protocol/handler.go:1591	have processed broadcast	{"{round 20 3  <nil>}": {"Key":"from","Type":15,"Integer":0,"String":"c","Interface":null}}
2025-08-15T22:13:04.545-0500	DEBUG	protocol/handler.go:1649	have all messages and processed	{"{round 20 3  <nil>}": {"Key":"self","Type":15,"Integer":0,"String":"a","Interface":null}}
2025-08-15T22:13:04.545-0500	DEBUG	protocol/handler.go:596	round already finalized
2025-08-15T22:13:04.545-0500	DEBUG	protocol/handler.go:581	tryAdvanceRound called	{"{current_round 20 3  <nil>}": {"Key":"self","Type":15,"Integer":0,"String":"a","Interface":null}}
2025-08-15T22:13:04.545-0500	DEBUG	protocol/handler.go:1591	have processed broadcast	{"{round 20 3  <nil>}": {"Key":"from","Type":15,"Integer":0,"String":"b","Interface":null}}
2025-08-15T22:13:04.547-0500	DEBUG	protocol/handler.go:581	tryAdvanceRound called	{"{current_round 20 3  <nil>}": {"Key":"self","Type":15,"Integer":0,"String":"b","Interface":null}}
2025-08-15T22:13:04.547-0500	DEBUG	protocol/handler.go:1591	have processed broadcast	{"{round 20 3  <nil>}": {"Key":"from","Type":15,"Integer":0,"String":"a","Interface":null}}
2025-08-15T22:13:04.547-0500	DEBUG	protocol/handler.go:1591	have processed broadcast	{"{round 20 3  <nil>}": {"Key":"from","Type":15,"Integer":0,"String":"c","Interface":null}}
2025-08-15T22:13:04.547-0500	DEBUG	protocol/handler.go:1649	have all messages and processed	{"{round 20 3  <nil>}": {"Key":"self","Type":15,"Integer":0,"String":"b","Interface":null}}
2025-08-15T22:13:04.547-0500	DEBUG	protocol/handler.go:596	round already finalized
2025-08-15T22:13:04.547-0500	DEBUG	protocol/handler.go:1591	have processed broadcast	{"{round 20 3  <nil>}": {"Key":"from","Type":15,"Integer":0,"String":"a","Interface":null}}
2025-08-15T22:13:04.547-0500	DEBUG	protocol/handler.go:1591	have processed broadcast	{"{round 20 3  <nil>}": {"Key":"from","Type":15,"Integer":0,"String":"b","Interface":null}}
2025-08-15T22:13:04.547-0500	DEBUG	protocol/handler.go:1649	have all messages and processed	{"{round 20 3  <nil>}": {"Key":"self","Type":15,"Integer":0,"String":"c","Interface":null}}
2025-08-15T22:13:04.547-0500	DEBUG	protocol/handler.go:596	round already finalized
2025-08-15T22:13:04.547-0500	DEBUG	protocol/handler.go:581	tryAdvanceRound called	{"{current_round 20 3  <nil>}": {"Key":"self","Type":15,"Integer":0,"String":"c","Interface":null}}
2025-08-15T22:13:04.547-0500	DEBUG	protocol/handler.go:1591	have processed broadcast	{"{round 20 3  <nil>}": {"Key":"from","Type":15,"Integer":0,"String":"a","Interface":null}}
2025-08-15T22:13:04.547-0500	DEBUG	protocol/handler.go:1591	have processed broadcast	{"{round 20 3  <nil>}": {"Key":"from","Type":15,"Integer":0,"String":"b","Interface":null}}
2025-08-15T22:13:04.547-0500	DEBUG	protocol/handler.go:1649	have all messages and processed	{"{round 20 3  <nil>}": {"Key":"self","Type":15,"Integer":0,"String":"c","Interface":null}}
2025-08-15T22:13:04.547-0500	DEBUG	protocol/handler.go:596	round already finalized
2025-08-15T22:13:04.545-0500	DEBUG	protocol/handler.go:1591	have processed broadcast	{"{round 20 3  <nil>}": {"Key":"from","Type":15,"Integer":0,"String":"c","Interface":null}}
2025-08-15T22:13:04.549-0500	DEBUG	protocol/handler.go:1649	have all messages and processed	{"{round 20 3  <nil>}": {"Key":"self","Type":15,"Integer":0,"String":"a","Interface":null}}
2025-08-15T22:13:04.549-0500	DEBUG	protocol/handler.go:596	round already finalized
2025-08-15T22:13:04.618-0500	DEBUG	protocol/handler.go:581	tryAdvanceRound called	{"{current_round 20 3  <nil>}": {"Key":"self","Type":15,"Integer":0,"String":"a","Interface":null}}
2025-08-15T22:13:04.619-0500	DEBUG	protocol/handler.go:1591	have processed broadcast	{"{round 20 3  <nil>}": {"Key":"from","Type":15,"Integer":0,"String":"b","Interface":null}}
2025-08-15T22:13:04.619-0500	DEBUG	protocol/handler.go:1591	have processed broadcast	{"{round 20 3  <nil>}": {"Key":"from","Type":15,"Integer":0,"String":"c","Interface":null}}
2025-08-15T22:13:04.619-0500	DEBUG	protocol/handler.go:1649	have all messages and processed	{"{round 20 3  <nil>}": {"Key":"self","Type":15,"Integer":0,"String":"a","Interface":null}}
2025-08-15T22:13:04.619-0500	DEBUG	protocol/handler.go:596	round already finalized
2025-08-15T22:13:04.552-0500	DEBUG	protocol/handler.go:581	tryAdvanceRound called	{"{current_round 20 3  <nil>}": {"Key":"self","Type":15,"Integer":0,"String":"c","Interface":null}}
2025-08-15T22:13:04.619-0500	DEBUG	protocol/handler.go:1591	have processed broadcast	{"{round 20 3  <nil>}": {"Key":"from","Type":15,"Integer":0,"String":"a","Interface":null}}
2025-08-15T22:13:04.619-0500	DEBUG	protocol/handler.go:1591	have processed broadcast	{"{round 20 3  <nil>}": {"Key":"from","Type":15,"Integer":0,"String":"b","Interface":null}}
2025-08-15T22:13:04.619-0500	DEBUG	protocol/handler.go:1649	have all messages and processed	{"{round 20 3  <nil>}": {"Key":"self","Type":15,"Integer":0,"String":"c","Interface":null}}
2025-08-15T22:13:04.619-0500	DEBUG	protocol/handler.go:596	round already finalized
2025-08-15T22:13:04.619-0500	DEBUG	protocol/handler.go:581	tryAdvanceRound called	{"{current_round 20 3  <nil>}": {"Key":"self","Type":15,"Integer":0,"String":"c","Interface":null}}
2025-08-15T22:13:04.619-0500	DEBUG	protocol/handler.go:1591	have processed broadcast	{"{round 20 3  <nil>}": {"Key":"from","Type":15,"Integer":0,"String":"a","Interface":null}}
2025-08-15T22:13:04.620-0500	DEBUG	protocol/handler.go:1591	have processed broadcast	{"{round 20 3  <nil>}": {"Key":"from","Type":15,"Integer":0,"String":"b","Interface":null}}
2025-08-15T22:13:04.620-0500	DEBUG	protocol/handler.go:1649	have all messages and processed	{"{round 20 3  <nil>}": {"Key":"self","Type":15,"Integer":0,"String":"c","Interface":null}}
2025-08-15T22:13:04.620-0500	DEBUG	protocol/handler.go:596	round already finalized
2025-08-15T22:13:04.552-0500	DEBUG	protocol/handler.go:581	tryAdvanceRound called	{"{current_round 20 3  <nil>}": {"Key":"self","Type":15,"Integer":0,"String":"b","Interface":null}}
2025-08-15T22:13:04.621-0500	DEBUG	protocol/handler.go:1591	have processed broadcast	{"{round 20 3  <nil>}": {"Key":"from","Type":15,"Integer":0,"String":"a","Interface":null}}
2025-08-15T22:13:04.621-0500	DEBUG	protocol/handler.go:1591	have processed broadcast	{"{round 20 3  <nil>}": {"Key":"from","Type":15,"Integer":0,"String":"c","Interface":null}}
2025-08-15T22:13:04.621-0500	DEBUG	protocol/handler.go:1649	have all messages and processed	{"{round 20 3  <nil>}": {"Key":"self","Type":15,"Integer":0,"String":"b","Interface":null}}
2025-08-15T22:13:04.621-0500	DEBUG	protocol/handler.go:596	round already finalized
2025-08-15T22:13:04.621-0500	DEBUG	protocol/handler.go:581	tryAdvanceRound called	{"{current_round 20 3  <nil>}": {"Key":"self","Type":15,"Integer":0,"String":"b","Interface":null}}
2025-08-15T22:13:04.621-0500	DEBUG	protocol/handler.go:1591	have processed broadcast	{"{round 20 3  <nil>}": {"Key":"from","Type":15,"Integer":0,"String":"a","Interface":null}}
2025-08-15T22:13:04.621-0500	DEBUG	protocol/handler.go:1591	have processed broadcast	{"{round 20 3  <nil>}": {"Key":"from","Type":15,"Integer":0,"String":"c","Interface":null}}
2025-08-15T22:13:04.621-0500	DEBUG	protocol/handler.go:1649	have all messages and processed	{"{round 20 3  <nil>}": {"Key":"self","Type":15,"Integer":0,"String":"b","Interface":null}}
2025-08-15T22:13:04.621-0500	DEBUG	protocol/handler.go:596	round already finalized
2025-08-15T22:13:04.621-0500	DEBUG	protocol/handler.go:581	tryAdvanceRound called	{"{current_round 20 3  <nil>}": {"Key":"self","Type":15,"Integer":0,"String":"c","Interface":null}}
2025-08-15T22:13:04.621-0500	DEBUG	protocol/handler.go:1591	have processed broadcast	{"{round 20 3  <nil>}": {"Key":"from","Type":15,"Integer":0,"String":"a","Interface":null}}
2025-08-15T22:13:04.621-0500	DEBUG	protocol/handler.go:1591	have processed broadcast	{"{round 20 3  <nil>}": {"Key":"from","Type":15,"Integer":0,"String":"b","Interface":null}}
2025-08-15T22:13:04.621-0500	DEBUG	protocol/handler.go:1649	have all messages and processed	{"{round 20 3  <nil>}": {"Key":"self","Type":15,"Integer":0,"String":"c","Interface":null}}
2025-08-15T22:13:04.621-0500	DEBUG	protocol/handler.go:596	round already finalized
2025-08-15T22:13:04.642-0500	DEBUG	protocol/handler.go:581	tryAdvanceRound called	{"{current_round 20 3  <nil>}": {"Key":"self","Type":15,"Integer":0,"String":"c","Interface":null}}
2025-08-15T22:13:04.706-0500	DEBUG	protocol/handler.go:581	tryAdvanceRound called	{"{current_round 20 3  <nil>}": {"Key":"self","Type":15,"Integer":0,"String":"b","Interface":null}}
2025-08-15T22:13:04.706-0500	DEBUG	protocol/handler.go:1591	have processed broadcast	{"{round 20 3  <nil>}": {"Key":"from","Type":15,"Integer":0,"String":"a","Interface":null}}
2025-08-15T22:13:04.706-0500	DEBUG	protocol/handler.go:1591	have processed broadcast	{"{round 20 3  <nil>}": {"Key":"from","Type":15,"Integer":0,"String":"c","Interface":null}}
2025-08-15T22:13:04.706-0500	DEBUG	protocol/handler.go:1649	have all messages and processed	{"{round 20 3  <nil>}": {"Key":"self","Type":15,"Integer":0,"String":"b","Interface":null}}
2025-08-15T22:13:04.706-0500	DEBUG	protocol/handler.go:596	round already finalized
2025-08-15T22:13:04.709-0500	DEBUG	protocol/handler.go:581	tryAdvanceRound called	{"{current_round 20 3  <nil>}": {"Key":"self","Type":15,"Integer":0,"String":"b","Interface":null}}
2025-08-15T22:13:04.709-0500	DEBUG	protocol/handler.go:1591	have processed broadcast	{"{round 20 3  <nil>}": {"Key":"from","Type":15,"Integer":0,"String":"a","Interface":null}}
2025-08-15T22:13:04.709-0500	DEBUG	protocol/handler.go:1591	have processed broadcast	{"{round 20 3  <nil>}": {"Key":"from","Type":15,"Integer":0,"String":"c","Interface":null}}
2025-08-15T22:13:04.709-0500	DEBUG	protocol/handler.go:1649	have all messages and processed	{"{round 20 3  <nil>}": {"Key":"self","Type":15,"Integer":0,"String":"b","Interface":null}}
2025-08-15T22:13:04.709-0500	DEBUG	protocol/handler.go:596	round already finalized
2025-08-15T22:13:04.643-0500	DEBUG	protocol/handler.go:1591	have processed broadcast	{"{round 20 3  <nil>}": {"Key":"from","Type":15,"Integer":0,"String":"a","Interface":null}}
2025-08-15T22:13:04.709-0500	DEBUG	protocol/handler.go:1591	have processed broadcast	{"{round 20 3  <nil>}": {"Key":"from","Type":15,"Integer":0,"String":"b","Interface":null}}
2025-08-15T22:13:04.709-0500	DEBUG	protocol/handler.go:1649	have all messages and processed	{"{round 20 3  <nil>}": {"Key":"self","Type":15,"Integer":0,"String":"c","Interface":null}}
2025-08-15T22:13:04.709-0500	DEBUG	protocol/handler.go:596	round already finalized
2025-08-15T22:13:04.709-0500	DEBUG	protocol/handler.go:581	tryAdvanceRound called	{"{current_round 20 3  <nil>}": {"Key":"self","Type":15,"Integer":0,"String":"c","Interface":null}}
2025-08-15T22:13:04.710-0500	DEBUG	protocol/handler.go:1591	have processed broadcast	{"{round 20 3  <nil>}": {"Key":"from","Type":15,"Integer":0,"String":"a","Interface":null}}
2025-08-15T22:13:04.710-0500	DEBUG	protocol/handler.go:1591	have processed broadcast	{"{round 20 3  <nil>}": {"Key":"from","Type":15,"Integer":0,"String":"b","Interface":null}}
2025-08-15T22:13:04.710-0500	DEBUG	protocol/handler.go:1649	have all messages and processed	{"{round 20 3  <nil>}": {"Key":"self","Type":15,"Integer":0,"String":"c","Interface":null}}
2025-08-15T22:13:04.710-0500	DEBUG	protocol/handler.go:596	round already finalized
2025-08-15T22:13:04.709-0500	DEBUG	protocol/handler.go:581	tryAdvanceRound called	{"{current_round 20 3  <nil>}": {"Key":"self","Type":15,"Integer":0,"String":"a","Interface":null}}
2025-08-15T22:13:04.721-0500	DEBUG	protocol/handler.go:1591	have processed broadcast	{"{round 20 3  <nil>}": {"Key":"from","Type":15,"Integer":0,"String":"b","Interface":null}}
2025-08-15T22:13:04.721-0500	DEBUG	protocol/handler.go:1591	have processed broadcast	{"{round 20 3  <nil>}": {"Key":"from","Type":15,"Integer":0,"String":"c","Interface":null}}
2025-08-15T22:13:04.721-0500	DEBUG	protocol/handler.go:1649	have all messages and processed	{"{round 20 3  <nil>}": {"Key":"self","Type":15,"Integer":0,"String":"a","Interface":null}}
2025-08-15T22:13:04.721-0500	DEBUG	protocol/handler.go:596	round already finalized
2025-08-15T22:13:04.721-0500	DEBUG	protocol/handler.go:581	tryAdvanceRound called	{"{current_round 20 3  <nil>}": {"Key":"self","Type":15,"Integer":0,"String":"a","Interface":null}}
2025-08-15T22:13:04.721-0500	DEBUG	protocol/handler.go:1591	have processed broadcast	{"{round 20 3  <nil>}": {"Key":"from","Type":15,"Integer":0,"String":"b","Interface":null}}
2025-08-15T22:13:04.721-0500	DEBUG	protocol/handler.go:1591	have processed broadcast	{"{round 20 3  <nil>}": {"Key":"from","Type":15,"Integer":0,"String":"c","Interface":null}}
2025-08-15T22:13:04.721-0500	DEBUG	protocol/handler.go:1649	have all messages and processed	{"{round 20 3  <nil>}": {"Key":"self","Type":15,"Integer":0,"String":"a","Interface":null}}
2025-08-15T22:13:04.721-0500	DEBUG	protocol/handler.go:596	round already finalized
2025-08-15T22:13:04.721-0500	DEBUG	protocol/handler.go:581	tryAdvanceRound called	{"{current_round 20 3  <nil>}": {"Key":"self","Type":15,"Integer":0,"String":"b","Interface":null}}
2025-08-15T22:13:04.721-0500	DEBUG	protocol/handler.go:1591	have processed broadcast	{"{round 20 3  <nil>}": {"Key":"from","Type":15,"Integer":0,"String":"a","Interface":null}}
2025-08-15T22:13:04.721-0500	DEBUG	protocol/handler.go:1591	have processed broadcast	{"{round 20 3  <nil>}": {"Key":"from","Type":15,"Integer":0,"String":"c","Interface":null}}
2025-08-15T22:13:04.721-0500	DEBUG	protocol/handler.go:1649	have all messages and processed	{"{round 20 3  <nil>}": {"Key":"self","Type":15,"Integer":0,"String":"b","Interface":null}}
2025-08-15T22:13:04.721-0500	DEBUG	protocol/handler.go:596	round already finalized
2025-08-15T22:13:04.721-0500	DEBUG	protocol/handler.go:581	tryAdvanceRound called	{"{current_round 20 3  <nil>}": {"Key":"self","Type":15,"Integer":0,"String":"a","Interface":null}}
2025-08-15T22:13:04.721-0500	DEBUG	protocol/handler.go:1591	have processed broadcast	{"{round 20 3  <nil>}": {"Key":"from","Type":15,"Integer":0,"String":"b","Interface":null}}
2025-08-15T22:13:04.721-0500	DEBUG	protocol/handler.go:1591	have processed broadcast	{"{round 20 3  <nil>}": {"Key":"from","Type":15,"Integer":0,"String":"c","Interface":null}}
2025-08-15T22:13:04.721-0500	DEBUG	protocol/handler.go:1649	have all messages and processed	{"{round 20 3  <nil>}": {"Key":"self","Type":15,"Integer":0,"String":"a","Interface":null}}
2025-08-15T22:13:04.721-0500	DEBUG	protocol/handler.go:596	round already finalized
2025-08-15T22:13:04.740-0500	DEBUG	protocol/handler.go:581	tryAdvanceRound called	{"{current_round 20 3  <nil>}": {"Key":"self","Type":15,"Integer":0,"String":"c","Interface":null}}
2025-08-15T22:13:04.740-0500	DEBUG	protocol/handler.go:1591	have processed broadcast	{"{round 20 3  <nil>}": {"Key":"from","Type":15,"Integer":0,"String":"a","Interface":null}}
2025-08-15T22:13:04.740-0500	DEBUG	protocol/handler.go:1591	have processed broadcast	{"{round 20 3  <nil>}": {"Key":"from","Type":15,"Integer":0,"String":"b","Interface":null}}
2025-08-15T22:13:04.740-0500	DEBUG	protocol/handler.go:1649	have all messages and processed	{"{round 20 3  <nil>}": {"Key":"self","Type":15,"Integer":0,"String":"c","Interface":null}}
2025-08-15T22:13:04.740-0500	DEBUG	protocol/handler.go:596	round already finalized
2025-08-15T22:13:04.785-0500	DEBUG	protocol/handler.go:581	tryAdvanceRound called	{"{current_round 20 3  <nil>}": {"Key":"self","Type":15,"Integer":0,"String":"a","Interface":null}}
2025-08-15T22:13:04.785-0500	DEBUG	protocol/handler.go:1591	have processed broadcast	{"{round 20 3  <nil>}": {"Key":"from","Type":15,"Integer":0,"String":"b","Interface":null}}
2025-08-15T22:13:04.785-0500	DEBUG	protocol/handler.go:1591	have processed broadcast	{"{round 20 3  <nil>}": {"Key":"from","Type":15,"Integer":0,"String":"c","Interface":null}}
2025-08-15T22:13:04.785-0500	DEBUG	protocol/handler.go:1649	have all messages and processed	{"{round 20 3  <nil>}": {"Key":"self","Type":15,"Integer":0,"String":"a","Interface":null}}
2025-08-15T22:13:04.785-0500	DEBUG	protocol/handler.go:596	round already finalized
2025-08-15T22:13:04.785-0500	DEBUG	protocol/handler.go:581	tryAdvanceRound called	{"{current_round 20 3  <nil>}": {"Key":"self","Type":15,"Integer":0,"String":"a","Interface":null}}
2025-08-15T22:13:04.785-0500	DEBUG	protocol/handler.go:1591	have processed broadcast	{"{round 20 3  <nil>}": {"Key":"from","Type":15,"Integer":0,"String":"b","Interface":null}}
2025-08-15T22:13:04.785-0500	DEBUG	protocol/handler.go:1591	have processed broadcast	{"{round 20 3  <nil>}": {"Key":"from","Type":15,"Integer":0,"String":"c","Interface":null}}
2025-08-15T22:13:04.785-0500	DEBUG	protocol/handler.go:1649	have all messages and processed	{"{round 20 3  <nil>}": {"Key":"self","Type":15,"Integer":0,"String":"a","Interface":null}}
2025-08-15T22:13:04.785-0500	DEBUG	protocol/handler.go:596	round already finalized
2025-08-15T22:13:04.785-0500	DEBUG	protocol/handler.go:581	tryAdvanceRound called	{"{current_round 20 3  <nil>}": {"Key":"self","Type":15,"Integer":0,"String":"b","Interface":null}}
2025-08-15T22:13:04.785-0500	DEBUG	protocol/handler.go:1591	have processed broadcast	{"{round 20 3  <nil>}": {"Key":"from","Type":15,"Integer":0,"String":"a","Interface":null}}
2025-08-15T22:13:04.785-0500	DEBUG	protocol/handler.go:1591	have processed broadcast	{"{round 20 3  <nil>}": {"Key":"from","Type":15,"Integer":0,"String":"c","Interface":null}}
2025-08-15T22:13:04.785-0500	DEBUG	protocol/handler.go:1649	have all messages and processed	{"{round 20 3  <nil>}": {"Key":"self","Type":15,"Integer":0,"String":"b","Interface":null}}
2025-08-15T22:13:04.785-0500	DEBUG	protocol/handler.go:596	round already finalized
2025-08-15T22:13:04.785-0500	DEBUG	protocol/handler.go:581	tryAdvanceRound called	{"{current_round 20 3  <nil>}": {"Key":"self","Type":15,"Integer":0,"String":"b","Interface":null}}
2025-08-15T22:13:04.785-0500	DEBUG	protocol/handler.go:1591	have processed broadcast	{"{round 20 3  <nil>}": {"Key":"from","Type":15,"Integer":0,"String":"a","Interface":null}}
2025-08-15T22:13:04.785-0500	DEBUG	protocol/handler.go:1591	have processed broadcast	{"{round 20 3  <nil>}": {"Key":"from","Type":15,"Integer":0,"String":"c","Interface":null}}
2025-08-15T22:13:04.785-0500	DEBUG	protocol/handler.go:1649	have all messages and processed	{"{round 20 3  <nil>}": {"Key":"self","Type":15,"Integer":0,"String":"b","Interface":null}}
2025-08-15T22:13:04.785-0500	DEBUG	protocol/handler.go:596	round already finalized
2025-08-15T22:13:04.805-0500	DEBUG	protocol/handler.go:581	tryAdvanceRound called	{"{current_round 20 3  <nil>}": {"Key":"self","Type":15,"Integer":0,"String":"b","Interface":null}}
2025-08-15T22:13:04.805-0500	DEBUG	protocol/handler.go:1591	have processed broadcast	{"{round 20 3  <nil>}": {"Key":"from","Type":15,"Integer":0,"String":"a","Interface":null}}
2025-08-15T22:13:04.805-0500	DEBUG	protocol/handler.go:1591	have processed broadcast	{"{round 20 3  <nil>}": {"Key":"from","Type":15,"Integer":0,"String":"c","Interface":null}}
2025-08-15T22:13:04.805-0500	DEBUG	protocol/handler.go:1649	have all messages and processed	{"{round 20 3  <nil>}": {"Key":"self","Type":15,"Integer":0,"String":"b","Interface":null}}
2025-08-15T22:13:04.805-0500	DEBUG	protocol/handler.go:596	round already finalized
2025-08-15T22:13:04.833-0500	DEBUG	protocol/handler.go:581	tryAdvanceRound called	{"{current_round 20 3  <nil>}": {"Key":"self","Type":15,"Integer":0,"String":"b","Interface":null}}
2025-08-15T22:13:04.833-0500	DEBUG	protocol/handler.go:1591	have processed broadcast	{"{round 20 3  <nil>}": {"Key":"from","Type":15,"Integer":0,"String":"a","Interface":null}}
2025-08-15T22:13:04.833-0500	DEBUG	protocol/handler.go:1591	have processed broadcast	{"{round 20 3  <nil>}": {"Key":"from","Type":15,"Integer":0,"String":"c","Interface":null}}
2025-08-15T22:13:04.833-0500	DEBUG	protocol/handler.go:1649	have all messages and processed	{"{round 20 3  <nil>}": {"Key":"self","Type":15,"Integer":0,"String":"b","Interface":null}}
2025-08-15T22:13:04.833-0500	DEBUG	protocol/handler.go:596	round already finalized
2025-08-15T22:13:04.833-0500	DEBUG	protocol/handler.go:581	tryAdvanceRound called	{"{current_round 20 3  <nil>}": {"Key":"self","Type":15,"Integer":0,"String":"a","Interface":null}}
2025-08-15T22:13:04.833-0500	DEBUG	protocol/handler.go:1591	have processed broadcast	{"{round 20 3  <nil>}": {"Key":"from","Type":15,"Integer":0,"String":"b","Interface":null}}
2025-08-15T22:13:04.833-0500	DEBUG	protocol/handler.go:1591	have processed broadcast	{"{round 20 3  <nil>}": {"Key":"from","Type":15,"Integer":0,"String":"c","Interface":null}}
2025-08-15T22:13:04.833-0500	DEBUG	protocol/handler.go:1649	have all messages and processed	{"{round 20 3  <nil>}": {"Key":"self","Type":15,"Integer":0,"String":"a","Interface":null}}
2025-08-15T22:13:04.833-0500	DEBUG	protocol/handler.go:596	round already finalized
2025-08-15T22:13:04.833-0500	DEBUG	protocol/handler.go:581	tryAdvanceRound called	{"{current_round 20 3  <nil>}": {"Key":"self","Type":15,"Integer":0,"String":"a","Interface":null}}
2025-08-15T22:13:04.833-0500	DEBUG	protocol/handler.go:1591	have processed broadcast	{"{round 20 3  <nil>}": {"Key":"from","Type":15,"Integer":0,"String":"b","Interface":null}}
2025-08-15T22:13:04.833-0500	DEBUG	protocol/handler.go:1591	have processed broadcast	{"{round 20 3  <nil>}": {"Key":"from","Type":15,"Integer":0,"String":"c","Interface":null}}
2025-08-15T22:13:04.833-0500	DEBUG	protocol/handler.go:1649	have all messages and processed	{"{round 20 3  <nil>}": {"Key":"self","Type":15,"Integer":0,"String":"a","Interface":null}}
2025-08-15T22:13:04.833-0500	DEBUG	protocol/handler.go:596	round already finalized
2025-08-15T22:13:04.833-0500	DEBUG	protocol/handler.go:581	tryAdvanceRound called	{"{current_round 20 3  <nil>}": {"Key":"self","Type":15,"Integer":0,"String":"c","Interface":null}}
2025-08-15T22:13:04.833-0500	DEBUG	protocol/handler.go:1591	have processed broadcast	{"{round 20 3  <nil>}": {"Key":"from","Type":15,"Integer":0,"String":"a","Interface":null}}
2025-08-15T22:13:04.833-0500	DEBUG	protocol/handler.go:1591	have processed broadcast	{"{round 20 3  <nil>}": {"Key":"from","Type":15,"Integer":0,"String":"b","Interface":null}}
2025-08-15T22:13:04.833-0500	DEBUG	protocol/handler.go:1649	have all messages and processed	{"{round 20 3  <nil>}": {"Key":"self","Type":15,"Integer":0,"String":"c","Interface":null}}
2025-08-15T22:13:04.833-0500	DEBUG	protocol/handler.go:596	round already finalized
2025-08-15T22:13:04.834-0500	DEBUG	protocol/handler.go:581	tryAdvanceRound called	{"{current_round 20 3  <nil>}": {"Key":"self","Type":15,"Integer":0,"String":"c","Interface":null}}
2025-08-15T22:13:04.834-0500	DEBUG	protocol/handler.go:1591	have processed broadcast	{"{round 20 3  <nil>}": {"Key":"from","Type":15,"Integer":0,"String":"a","Interface":null}}
2025-08-15T22:13:04.834-0500	DEBUG	protocol/handler.go:1591	have processed broadcast	{"{round 20 3  <nil>}": {"Key":"from","Type":15,"Integer":0,"String":"b","Interface":null}}
2025-08-15T22:13:04.834-0500	DEBUG	protocol/handler.go:1649	have all messages and processed	{"{round 20 3  <nil>}": {"Key":"self","Type":15,"Integer":0,"String":"c","Interface":null}}
2025-08-15T22:13:04.834-0500	DEBUG	protocol/handler.go:596	round already finalized
2025-08-15T22:13:04.859-0500	DEBUG	protocol/handler.go:581	tryAdvanceRound called	{"{current_round 20 3  <nil>}": {"Key":"self","Type":15,"Integer":0,"String":"b","Interface":null}}
2025-08-15T22:13:04.860-0500	DEBUG	protocol/handler.go:1591	have processed broadcast	{"{round 20 3  <nil>}": {"Key":"from","Type":15,"Integer":0,"String":"a","Interface":null}}
2025-08-15T22:13:04.860-0500	DEBUG	protocol/handler.go:1591	have processed broadcast	{"{round 20 3  <nil>}": {"Key":"from","Type":15,"Integer":0,"String":"c","Interface":null}}
2025-08-15T22:13:04.860-0500	DEBUG	protocol/handler.go:1649	have all messages and processed	{"{round 20 3  <nil>}": {"Key":"self","Type":15,"Integer":0,"String":"b","Interface":null}}
2025-08-15T22:13:04.860-0500	DEBUG	protocol/handler.go:596	round already finalized
2025-08-15T22:13:04.880-0500	DEBUG	protocol/handler.go:581	tryAdvanceRound called	{"{current_round 20 3  <nil>}": {"Key":"self","Type":15,"Integer":0,"String":"c","Interface":null}}
2025-08-15T22:13:04.881-0500	DEBUG	protocol/handler.go:1591	have processed broadcast	{"{round 20 3  <nil>}": {"Key":"from","Type":15,"Integer":0,"String":"a","Interface":null}}
2025-08-15T22:13:04.881-0500	DEBUG	protocol/handler.go:1591	have processed broadcast	{"{round 20 3  <nil>}": {"Key":"from","Type":15,"Integer":0,"String":"b","Interface":null}}
2025-08-15T22:13:04.881-0500	DEBUG	protocol/handler.go:1649	have all messages and processed	{"{round 20 3  <nil>}": {"Key":"self","Type":15,"Integer":0,"String":"c","Interface":null}}
2025-08-15T22:13:04.881-0500	DEBUG	protocol/handler.go:596	round already finalized
2025-08-15T22:13:04.881-0500	DEBUG	protocol/handler.go:581	tryAdvanceRound called	{"{current_round 20 3  <nil>}": {"Key":"self","Type":15,"Integer":0,"String":"c","Interface":null}}
2025-08-15T22:13:04.885-0500	DEBUG	protocol/handler.go:1591	have processed broadcast	{"{round 20 3  <nil>}": {"Key":"from","Type":15,"Integer":0,"String":"a","Interface":null}}
2025-08-15T22:13:04.885-0500	DEBUG	protocol/handler.go:1591	have processed broadcast	{"{round 20 3  <nil>}": {"Key":"from","Type":15,"Integer":0,"String":"b","Interface":null}}
2025-08-15T22:13:04.889-0500	DEBUG	protocol/handler.go:581	tryAdvanceRound called	{"{current_round 20 3  <nil>}": {"Key":"self","Type":15,"Integer":0,"String":"a","Interface":null}}
2025-08-15T22:13:04.885-0500	DEBUG	protocol/handler.go:1649	have all messages and processed	{"{round 20 3  <nil>}": {"Key":"self","Type":15,"Integer":0,"String":"c","Interface":null}}
2025-08-15T22:13:04.897-0500	DEBUG	protocol/handler.go:596	round already finalized
2025-08-15T22:13:04.912-0500	DEBUG	protocol/handler.go:1591	have processed broadcast	{"{round 20 3  <nil>}": {"Key":"from","Type":15,"Integer":0,"String":"b","Interface":null}}
2025-08-15T22:13:05.000-0500	DEBUG	protocol/handler.go:1591	have processed broadcast	{"{round 20 3  <nil>}": {"Key":"from","Type":15,"Integer":0,"String":"c","Interface":null}}
2025-08-15T22:13:05.000-0500	DEBUG	protocol/handler.go:1649	have all messages and processed	{"{round 20 3  <nil>}": {"Key":"self","Type":15,"Integer":0,"String":"a","Interface":null}}
2025-08-15T22:13:05.000-0500	DEBUG	protocol/handler.go:596	round already finalized
2025-08-15T22:13:05.000-0500	DEBUG	protocol/handler.go:581	tryAdvanceRound called	{"{current_round 20 3  <nil>}": {"Key":"self","Type":15,"Integer":0,"String":"a","Interface":null}}
2025-08-15T22:13:05.000-0500	DEBUG	protocol/handler.go:1591	have processed broadcast	{"{round 20 3  <nil>}": {"Key":"from","Type":15,"Integer":0,"String":"b","Interface":null}}
2025-08-15T22:13:05.000-0500	DEBUG	protocol/handler.go:1591	have processed broadcast	{"{round 20 3  <nil>}": {"Key":"from","Type":15,"Integer":0,"String":"c","Interface":null}}
2025-08-15T22:13:05.000-0500	DEBUG	protocol/handler.go:1649	have all messages and processed	{"{round 20 3  <nil>}": {"Key":"self","Type":15,"Integer":0,"String":"a","Interface":null}}
2025-08-15T22:13:05.000-0500	DEBUG	protocol/handler.go:596	round already finalized
2025-08-15T22:13:04.939-0500	DEBUG	protocol/handler.go:581	tryAdvanceRound called	{"{current_round 20 3  <nil>}": {"Key":"self","Type":15,"Integer":0,"String":"b","Interface":null}}
2025-08-15T22:13:05.000-0500	DEBUG	protocol/handler.go:1591	have processed broadcast	{"{round 20 3  <nil>}": {"Key":"from","Type":15,"Integer":0,"String":"a","Interface":null}}
2025-08-15T22:13:05.000-0500	DEBUG	protocol/handler.go:1591	have processed broadcast	{"{round 20 3  <nil>}": {"Key":"from","Type":15,"Integer":0,"String":"c","Interface":null}}
2025-08-15T22:13:05.000-0500	DEBUG	protocol/handler.go:1649	have all messages and processed	{"{round 20 3  <nil>}": {"Key":"self","Type":15,"Integer":0,"String":"b","Interface":null}}
2025-08-15T22:13:05.001-0500	DEBUG	protocol/handler.go:596	round already finalized
2025-08-15T22:13:05.001-0500	DEBUG	protocol/handler.go:581	tryAdvanceRound called	{"{current_round 20 3  <nil>}": {"Key":"self","Type":15,"Integer":0,"String":"b","Interface":null}}
2025-08-15T22:13:05.001-0500	DEBUG	protocol/handler.go:1591	have processed broadcast	{"{round 20 3  <nil>}": {"Key":"from","Type":15,"Integer":0,"String":"a","Interface":null}}
2025-08-15T22:13:05.001-0500	DEBUG	protocol/handler.go:1591	have processed broadcast	{"{round 20 3  <nil>}": {"Key":"from","Type":15,"Integer":0,"String":"c","Interface":null}}
2025-08-15T22:13:05.001-0500	DEBUG	protocol/handler.go:1649	have all messages and processed	{"{round 20 3  <nil>}": {"Key":"self","Type":15,"Integer":0,"String":"b","Interface":null}}
2025-08-15T22:13:05.001-0500	DEBUG	protocol/handler.go:596	round already finalized
2025-08-15T22:13:04.897-0500	DEBUG	protocol/handler.go:581	tryAdvanceRound called	{"{current_round 20 3  <nil>}": {"Key":"self","Type":15,"Integer":0,"String":"c","Interface":null}}
2025-08-15T22:13:05.001-0500	DEBUG	protocol/handler.go:1591	have processed broadcast	{"{round 20 3  <nil>}": {"Key":"from","Type":15,"Integer":0,"String":"a","Interface":null}}
2025-08-15T22:13:05.001-0500	DEBUG	protocol/handler.go:1591	have processed broadcast	{"{round 20 3  <nil>}": {"Key":"from","Type":15,"Integer":0,"String":"b","Interface":null}}
2025-08-15T22:13:05.001-0500	DEBUG	protocol/handler.go:1649	have all messages and processed	{"{round 20 3  <nil>}": {"Key":"self","Type":15,"Integer":0,"String":"c","Interface":null}}
2025-08-15T22:13:05.001-0500	DEBUG	protocol/handler.go:596	round already finalized
2025-08-15T22:13:05.001-0500	DEBUG	protocol/handler.go:581	tryAdvanceRound called	{"{current_round 20 3  <nil>}": {"Key":"self","Type":15,"Integer":0,"String":"c","Interface":null}}
2025-08-15T22:13:05.001-0500	DEBUG	protocol/handler.go:1591	have processed broadcast	{"{round 20 3  <nil>}": {"Key":"from","Type":15,"Integer":0,"String":"a","Interface":null}}
2025-08-15T22:13:05.001-0500	DEBUG	protocol/handler.go:1591	have processed broadcast	{"{round 20 3  <nil>}": {"Key":"from","Type":15,"Integer":0,"String":"b","Interface":null}}
2025-08-15T22:13:05.001-0500	DEBUG	protocol/handler.go:1649	have all messages and processed	{"{round 20 3  <nil>}": {"Key":"self","Type":15,"Integer":0,"String":"c","Interface":null}}
2025-08-15T22:13:05.001-0500	DEBUG	protocol/handler.go:596	round already finalized
2025-08-15T22:13:05.032-0500	DEBUG	protocol/handler.go:581	tryAdvanceRound called	{"{current_round 20 3  <nil>}": {"Key":"self","Type":15,"Integer":0,"String":"c","Interface":null}}
2025-08-15T22:13:05.032-0500	DEBUG	protocol/handler.go:1591	have processed broadcast	{"{round 20 3  <nil>}": {"Key":"from","Type":15,"Integer":0,"String":"a","Interface":null}}
2025-08-15T22:13:05.068-0500	DEBUG	protocol/handler.go:581	tryAdvanceRound called	{"{current_round 20 3  <nil>}": {"Key":"self","Type":15,"Integer":0,"String":"a","Interface":null}}
2025-08-15T22:13:05.080-0500	DEBUG	protocol/handler.go:1591	have processed broadcast	{"{round 20 3  <nil>}": {"Key":"from","Type":15,"Integer":0,"String":"b","Interface":null}}
2025-08-15T22:13:05.080-0500	DEBUG	protocol/handler.go:1649	have all messages and processed	{"{round 20 3  <nil>}": {"Key":"self","Type":15,"Integer":0,"String":"c","Interface":null}}
2025-08-15T22:13:05.080-0500	DEBUG	protocol/handler.go:596	round already finalized
2025-08-15T22:13:05.080-0500	DEBUG	protocol/handler.go:581	tryAdvanceRound called	{"{current_round 20 3  <nil>}": {"Key":"self","Type":15,"Integer":0,"String":"c","Interface":null}}
2025-08-15T22:13:05.080-0500	DEBUG	protocol/handler.go:1591	have processed broadcast	{"{round 20 3  <nil>}": {"Key":"from","Type":15,"Integer":0,"String":"a","Interface":null}}
2025-08-15T22:13:05.080-0500	DEBUG	protocol/handler.go:1591	have processed broadcast	{"{round 20 3  <nil>}": {"Key":"from","Type":15,"Integer":0,"String":"b","Interface":null}}
2025-08-15T22:13:05.080-0500	DEBUG	protocol/handler.go:1649	have all messages and processed	{"{round 20 3  <nil>}": {"Key":"self","Type":15,"Integer":0,"String":"c","Interface":null}}
2025-08-15T22:13:05.080-0500	DEBUG	protocol/handler.go:596	round already finalized
2025-08-15T22:13:05.077-0500	DEBUG	protocol/handler.go:1591	have processed broadcast	{"{round 20 3  <nil>}": {"Key":"from","Type":15,"Integer":0,"String":"b","Interface":null}}
2025-08-15T22:13:05.080-0500	DEBUG	protocol/handler.go:1591	have processed broadcast	{"{round 20 3  <nil>}": {"Key":"from","Type":15,"Integer":0,"String":"c","Interface":null}}
2025-08-15T22:13:05.081-0500	DEBUG	protocol/handler.go:1649	have all messages and processed	{"{round 20 3  <nil>}": {"Key":"self","Type":15,"Integer":0,"String":"a","Interface":null}}
2025-08-15T22:13:05.081-0500	DEBUG	protocol/handler.go:596	round already finalized
2025-08-15T22:13:05.081-0500	DEBUG	protocol/handler.go:581	tryAdvanceRound called	{"{current_round 20 3  <nil>}": {"Key":"self","Type":15,"Integer":0,"String":"a","Interface":null}}
2025-08-15T22:13:05.081-0500	DEBUG	protocol/handler.go:1591	have processed broadcast	{"{round 20 3  <nil>}": {"Key":"from","Type":15,"Integer":0,"String":"b","Interface":null}}
2025-08-15T22:13:05.081-0500	DEBUG	protocol/handler.go:1591	have processed broadcast	{"{round 20 3  <nil>}": {"Key":"from","Type":15,"Integer":0,"String":"c","Interface":null}}
2025-08-15T22:13:05.081-0500	DEBUG	protocol/handler.go:1649	have all messages and processed	{"{round 20 3  <nil>}": {"Key":"self","Type":15,"Integer":0,"String":"a","Interface":null}}
2025-08-15T22:13:05.081-0500	DEBUG	protocol/handler.go:596	round already finalized
2025-08-15T22:13:05.081-0500	DEBUG	protocol/handler.go:581	tryAdvanceRound called	{"{current_round 20 3  <nil>}": {"Key":"self","Type":15,"Integer":0,"String":"a","Interface":null}}
2025-08-15T22:13:05.081-0500	DEBUG	protocol/handler.go:1591	have processed broadcast	{"{round 20 3  <nil>}": {"Key":"from","Type":15,"Integer":0,"String":"b","Interface":null}}
2025-08-15T22:13:05.081-0500	DEBUG	protocol/handler.go:1591	have processed broadcast	{"{round 20 3  <nil>}": {"Key":"from","Type":15,"Integer":0,"String":"c","Interface":null}}
2025-08-15T22:13:05.081-0500	DEBUG	protocol/handler.go:1649	have all messages and processed	{"{round 20 3  <nil>}": {"Key":"self","Type":15,"Integer":0,"String":"a","Interface":null}}
2025-08-15T22:13:05.081-0500	DEBUG	protocol/handler.go:596	round already finalized
2025-08-15T22:13:05.081-0500	DEBUG	protocol/handler.go:581	tryAdvanceRound called	{"{current_round 20 3  <nil>}": {"Key":"self","Type":15,"Integer":0,"String":"b","Interface":null}}
2025-08-15T22:13:05.081-0500	DEBUG	protocol/handler.go:1591	have processed broadcast	{"{round 20 3  <nil>}": {"Key":"from","Type":15,"Integer":0,"String":"a","Interface":null}}
2025-08-15T22:13:05.081-0500	DEBUG	protocol/handler.go:1591	have processed broadcast	{"{round 20 3  <nil>}": {"Key":"from","Type":15,"Integer":0,"String":"c","Interface":null}}
2025-08-15T22:13:05.081-0500	DEBUG	protocol/handler.go:1649	have all messages and processed	{"{round 20 3  <nil>}": {"Key":"self","Type":15,"Integer":0,"String":"b","Interface":null}}
2025-08-15T22:13:05.081-0500	DEBUG	protocol/handler.go:596	round already finalized
2025-08-15T22:13:05.081-0500	DEBUG	protocol/handler.go:581	tryAdvanceRound called	{"{current_round 20 3  <nil>}": {"Key":"self","Type":15,"Integer":0,"String":"b","Interface":null}}
2025-08-15T22:13:05.081-0500	DEBUG	protocol/handler.go:1591	have processed broadcast	{"{round 20 3  <nil>}": {"Key":"from","Type":15,"Integer":0,"String":"a","Interface":null}}
2025-08-15T22:13:05.081-0500	DEBUG	protocol/handler.go:1591	have processed broadcast	{"{round 20 3  <nil>}": {"Key":"from","Type":15,"Integer":0,"String":"c","Interface":null}}
2025-08-15T22:13:05.085-0500	DEBUG	protocol/handler.go:1649	have all messages and processed	{"{round 20 3  <nil>}": {"Key":"self","Type":15,"Integer":0,"String":"b","Interface":null}}
2025-08-15T22:13:05.085-0500	DEBUG	protocol/handler.go:596	round already finalized
2025-08-15T22:13:05.113-0500	DEBUG	protocol/handler.go:581	tryAdvanceRound called	{"{current_round 20 3  <nil>}": {"Key":"self","Type":15,"Integer":0,"String":"a","Interface":null}}
2025-08-15T22:13:05.113-0500	DEBUG	protocol/handler.go:1591	have processed broadcast	{"{round 20 3  <nil>}": {"Key":"from","Type":15,"Integer":0,"String":"b","Interface":null}}
2025-08-15T22:13:05.120-0500	DEBUG	protocol/handler.go:581	tryAdvanceRound called	{"{current_round 20 3  <nil>}": {"Key":"self","Type":15,"Integer":0,"String":"c","Interface":null}}
2025-08-15T22:13:05.120-0500	DEBUG	protocol/handler.go:1591	have processed broadcast	{"{round 20 3  <nil>}": {"Key":"from","Type":15,"Integer":0,"String":"a","Interface":null}}
2025-08-15T22:13:05.120-0500	DEBUG	protocol/handler.go:1591	have processed broadcast	{"{round 20 3  <nil>}": {"Key":"from","Type":15,"Integer":0,"String":"b","Interface":null}}
2025-08-15T22:13:05.120-0500	DEBUG	protocol/handler.go:1649	have all messages and processed	{"{round 20 3  <nil>}": {"Key":"self","Type":15,"Integer":0,"String":"c","Interface":null}}
2025-08-15T22:13:05.120-0500	DEBUG	protocol/handler.go:596	round already finalized
2025-08-15T22:13:05.135-0500	DEBUG	protocol/handler.go:581	tryAdvanceRound called	{"{current_round 20 3  <nil>}": {"Key":"self","Type":15,"Integer":0,"String":"c","Interface":null}}
2025-08-15T22:13:05.136-0500	DEBUG	protocol/handler.go:1591	have processed broadcast	{"{round 20 3  <nil>}": {"Key":"from","Type":15,"Integer":0,"String":"a","Interface":null}}
2025-08-15T22:13:05.136-0500	DEBUG	protocol/handler.go:1591	have processed broadcast	{"{round 20 3  <nil>}": {"Key":"from","Type":15,"Integer":0,"String":"b","Interface":null}}
2025-08-15T22:13:05.136-0500	DEBUG	protocol/handler.go:1649	have all messages and processed	{"{round 20 3  <nil>}": {"Key":"self","Type":15,"Integer":0,"String":"c","Interface":null}}
2025-08-15T22:13:05.136-0500	DEBUG	protocol/handler.go:596	round already finalized
2025-08-15T22:13:05.148-0500	DEBUG	protocol/handler.go:581	tryAdvanceRound called	{"{current_round 20 3  <nil>}": {"Key":"self","Type":15,"Integer":0,"String":"b","Interface":null}}
2025-08-15T22:13:05.149-0500	DEBUG	protocol/handler.go:1591	have processed broadcast	{"{round 20 3  <nil>}": {"Key":"from","Type":15,"Integer":0,"String":"a","Interface":null}}
2025-08-15T22:13:05.149-0500	DEBUG	protocol/handler.go:1591	have processed broadcast	{"{round 20 3  <nil>}": {"Key":"from","Type":15,"Integer":0,"String":"c","Interface":null}}
2025-08-15T22:13:05.149-0500	DEBUG	protocol/handler.go:1649	have all messages and processed	{"{round 20 3  <nil>}": {"Key":"self","Type":15,"Integer":0,"String":"b","Interface":null}}
2025-08-15T22:13:05.149-0500	DEBUG	protocol/handler.go:596	round already finalized
2025-08-15T22:13:05.149-0500	DEBUG	protocol/handler.go:581	tryAdvanceRound called	{"{current_round 20 3  <nil>}": {"Key":"self","Type":15,"Integer":0,"String":"b","Interface":null}}
2025-08-15T22:13:05.149-0500	DEBUG	protocol/handler.go:1591	have processed broadcast	{"{round 20 3  <nil>}": {"Key":"from","Type":15,"Integer":0,"String":"a","Interface":null}}
2025-08-15T22:13:05.154-0500	DEBUG	protocol/handler.go:1591	have processed broadcast	{"{round 20 3  <nil>}": {"Key":"from","Type":15,"Integer":0,"String":"c","Interface":null}}
2025-08-15T22:13:05.154-0500	DEBUG	protocol/handler.go:1649	have all messages and processed	{"{round 20 3  <nil>}": {"Key":"self","Type":15,"Integer":0,"String":"b","Interface":null}}
2025-08-15T22:13:05.154-0500	DEBUG	protocol/handler.go:596	round already finalized
2025-08-15T22:13:05.154-0500	DEBUG	protocol/handler.go:581	tryAdvanceRound called	{"{current_round 20 3  <nil>}": {"Key":"self","Type":15,"Integer":0,"String":"b","Interface":null}}
2025-08-15T22:13:05.154-0500	DEBUG	protocol/handler.go:1591	have processed broadcast	{"{round 20 3  <nil>}": {"Key":"from","Type":15,"Integer":0,"String":"a","Interface":null}}
2025-08-15T22:13:05.154-0500	DEBUG	protocol/handler.go:1591	have processed broadcast	{"{round 20 3  <nil>}": {"Key":"from","Type":15,"Integer":0,"String":"c","Interface":null}}
2025-08-15T22:13:05.154-0500	DEBUG	protocol/handler.go:1649	have all messages and processed	{"{round 20 3  <nil>}": {"Key":"self","Type":15,"Integer":0,"String":"b","Interface":null}}
2025-08-15T22:13:05.154-0500	DEBUG	protocol/handler.go:596	round already finalized
2025-08-15T22:13:05.158-0500	DEBUG	protocol/handler.go:581	tryAdvanceRound called	{"{current_round 20 3  <nil>}": {"Key":"self","Type":15,"Integer":0,"String":"c","Interface":null}}
2025-08-15T22:13:05.159-0500	DEBUG	protocol/handler.go:1591	have processed broadcast	{"{round 20 3  <nil>}": {"Key":"from","Type":15,"Integer":0,"String":"a","Interface":null}}
2025-08-15T22:13:05.162-0500	DEBUG	protocol/handler.go:1591	have processed broadcast	{"{round 20 3  <nil>}": {"Key":"from","Type":15,"Integer":0,"String":"b","Interface":null}}
2025-08-15T22:13:05.164-0500	DEBUG	protocol/handler.go:1649	have all messages and processed	{"{round 20 3  <nil>}": {"Key":"self","Type":15,"Integer":0,"String":"c","Interface":null}}
2025-08-15T22:13:05.164-0500	DEBUG	protocol/handler.go:596	round already finalized
2025-08-15T22:13:05.113-0500	DEBUG	protocol/handler.go:1591	have processed broadcast	{"{round 20 3  <nil>}": {"Key":"from","Type":15,"Integer":0,"String":"c","Interface":null}}
2025-08-15T22:13:05.170-0500	DEBUG	protocol/handler.go:1649	have all messages and processed	{"{round 20 3  <nil>}": {"Key":"self","Type":15,"Integer":0,"String":"a","Interface":null}}
2025-08-15T22:13:05.170-0500	DEBUG	protocol/handler.go:596	round already finalized
2025-08-15T22:13:05.170-0500	DEBUG	protocol/handler.go:581	tryAdvanceRound called	{"{current_round 20 3  <nil>}": {"Key":"self","Type":15,"Integer":0,"String":"a","Interface":null}}
2025-08-15T22:13:05.170-0500	DEBUG	protocol/handler.go:1591	have processed broadcast	{"{round 20 3  <nil>}": {"Key":"from","Type":15,"Integer":0,"String":"b","Interface":null}}
2025-08-15T22:13:05.170-0500	DEBUG	protocol/handler.go:1591	have processed broadcast	{"{round 20 3  <nil>}": {"Key":"from","Type":15,"Integer":0,"String":"c","Interface":null}}
2025-08-15T22:13:05.170-0500	DEBUG	protocol/handler.go:1649	have all messages and processed	{"{round 20 3  <nil>}": {"Key":"self","Type":15,"Integer":0,"String":"a","Interface":null}}
2025-08-15T22:13:05.170-0500	DEBUG	protocol/handler.go:596	round already finalized
2025-08-15T22:13:05.185-0500	DEBUG	protocol/handler.go:581	tryAdvanceRound called	{"{current_round 20 3  <nil>}": {"Key":"self","Type":15,"Integer":0,"String":"c","Interface":null}}
2025-08-15T22:13:05.185-0500	DEBUG	protocol/handler.go:1591	have processed broadcast	{"{round 20 3  <nil>}": {"Key":"from","Type":15,"Integer":0,"String":"a","Interface":null}}
2025-08-15T22:13:05.185-0500	DEBUG	protocol/handler.go:1591	have processed broadcast	{"{round 20 3  <nil>}": {"Key":"from","Type":15,"Integer":0,"String":"b","Interface":null}}
2025-08-15T22:13:05.186-0500	DEBUG	protocol/handler.go:1649	have all messages and processed	{"{round 20 3  <nil>}": {"Key":"self","Type":15,"Integer":0,"String":"c","Interface":null}}
2025-08-15T22:13:05.186-0500	DEBUG	protocol/handler.go:596	round already finalized
2025-08-15T22:13:05.187-0500	DEBUG	protocol/handler.go:581	tryAdvanceRound called	{"{current_round 20 3  <nil>}": {"Key":"self","Type":15,"Integer":0,"String":"c","Interface":null}}
2025-08-15T22:13:05.187-0500	DEBUG	protocol/handler.go:1591	have processed broadcast	{"{round 20 3  <nil>}": {"Key":"from","Type":15,"Integer":0,"String":"a","Interface":null}}
2025-08-15T22:13:05.187-0500	DEBUG	protocol/handler.go:1591	have processed broadcast	{"{round 20 3  <nil>}": {"Key":"from","Type":15,"Integer":0,"String":"b","Interface":null}}
2025-08-15T22:13:05.187-0500	DEBUG	protocol/handler.go:1649	have all messages and processed	{"{round 20 3  <nil>}": {"Key":"self","Type":15,"Integer":0,"String":"c","Interface":null}}
2025-08-15T22:13:05.187-0500	DEBUG	protocol/handler.go:596	round already finalized
2025-08-15T22:13:05.193-0500	DEBUG	protocol/handler.go:581	tryAdvanceRound called	{"{current_round 20 3  <nil>}": {"Key":"self","Type":15,"Integer":0,"String":"a","Interface":null}}
2025-08-15T22:13:05.194-0500	DEBUG	protocol/handler.go:1591	have processed broadcast	{"{round 20 3  <nil>}": {"Key":"from","Type":15,"Integer":0,"String":"b","Interface":null}}
2025-08-15T22:13:05.194-0500	DEBUG	protocol/handler.go:1591	have processed broadcast	{"{round 20 3  <nil>}": {"Key":"from","Type":15,"Integer":0,"String":"c","Interface":null}}
2025-08-15T22:13:05.194-0500	DEBUG	protocol/handler.go:1649	have all messages and processed	{"{round 20 3  <nil>}": {"Key":"self","Type":15,"Integer":0,"String":"a","Interface":null}}
2025-08-15T22:13:05.194-0500	DEBUG	protocol/handler.go:596	round already finalized
2025-08-15T22:13:05.170-0500	DEBUG	protocol/handler.go:581	tryAdvanceRound called	{"{current_round 20 3  <nil>}": {"Key":"self","Type":15,"Integer":0,"String":"b","Interface":null}}
2025-08-15T22:13:05.194-0500	DEBUG	protocol/handler.go:1591	have processed broadcast	{"{round 20 3  <nil>}": {"Key":"from","Type":15,"Integer":0,"String":"a","Interface":null}}
2025-08-15T22:13:05.194-0500	DEBUG	protocol/handler.go:1591	have processed broadcast	{"{round 20 3  <nil>}": {"Key":"from","Type":15,"Integer":0,"String":"c","Interface":null}}
2025-08-15T22:13:05.194-0500	DEBUG	protocol/handler.go:1649	have all messages and processed	{"{round 20 3  <nil>}": {"Key":"self","Type":15,"Integer":0,"String":"b","Interface":null}}
2025-08-15T22:13:05.194-0500	DEBUG	protocol/handler.go:596	round already finalized
2025-08-15T22:13:05.204-0500	DEBUG	protocol/handler.go:581	tryAdvanceRound called	{"{current_round 20 3  <nil>}": {"Key":"self","Type":15,"Integer":0,"String":"b","Interface":null}}
2025-08-15T22:13:05.204-0500	DEBUG	protocol/handler.go:1591	have processed broadcast	{"{round 20 3  <nil>}": {"Key":"from","Type":15,"Integer":0,"String":"a","Interface":null}}
2025-08-15T22:13:05.205-0500	DEBUG	protocol/handler.go:1591	have processed broadcast	{"{round 20 3  <nil>}": {"Key":"from","Type":15,"Integer":0,"String":"c","Interface":null}}
2025-08-15T22:13:05.205-0500	DEBUG	protocol/handler.go:1649	have all messages and processed	{"{round 20 3  <nil>}": {"Key":"self","Type":15,"Integer":0,"String":"b","Interface":null}}
2025-08-15T22:13:05.205-0500	DEBUG	protocol/handler.go:596	round already finalized
2025-08-15T22:13:05.211-0500	DEBUG	protocol/handler.go:581	tryAdvanceRound called	{"{current_round 20 3  <nil>}": {"Key":"self","Type":15,"Integer":0,"String":"c","Interface":null}}
2025-08-15T22:13:05.211-0500	DEBUG	protocol/handler.go:1591	have processed broadcast	{"{round 20 3  <nil>}": {"Key":"from","Type":15,"Integer":0,"String":"a","Interface":null}}
2025-08-15T22:13:05.211-0500	DEBUG	protocol/handler.go:1591	have processed broadcast	{"{round 20 3  <nil>}": {"Key":"from","Type":15,"Integer":0,"String":"b","Interface":null}}
2025-08-15T22:13:05.211-0500	DEBUG	protocol/handler.go:1649	have all messages and processed	{"{round 20 3  <nil>}": {"Key":"self","Type":15,"Integer":0,"String":"c","Interface":null}}
2025-08-15T22:13:05.221-0500	DEBUG	protocol/handler.go:596	round already finalized
2025-08-15T22:13:05.221-0500	DEBUG	protocol/handler.go:581	tryAdvanceRound called	{"{current_round 20 3  <nil>}": {"Key":"self","Type":15,"Integer":0,"String":"c","Interface":null}}
2025-08-15T22:13:05.267-0500	DEBUG	protocol/handler.go:581	tryAdvanceRound called	{"{current_round 20 3  <nil>}": {"Key":"self","Type":15,"Integer":0,"String":"a","Interface":null}}
2025-08-15T22:13:05.267-0500	DEBUG	protocol/handler.go:1591	have processed broadcast	{"{round 20 3  <nil>}": {"Key":"from","Type":15,"Integer":0,"String":"b","Interface":null}}
2025-08-15T22:13:05.267-0500	DEBUG	protocol/handler.go:1591	have processed broadcast	{"{round 20 3  <nil>}": {"Key":"from","Type":15,"Integer":0,"String":"c","Interface":null}}
2025-08-15T22:13:05.267-0500	DEBUG	protocol/handler.go:1649	have all messages and processed	{"{round 20 3  <nil>}": {"Key":"self","Type":15,"Integer":0,"String":"a","Interface":null}}
2025-08-15T22:13:05.280-0500	DEBUG	protocol/handler.go:581	tryAdvanceRound called	{"{current_round 20 3  <nil>}": {"Key":"self","Type":15,"Integer":0,"String":"b","Interface":null}}
2025-08-15T22:13:05.280-0500	DEBUG	protocol/handler.go:1591	have processed broadcast	{"{round 20 3  <nil>}": {"Key":"from","Type":15,"Integer":0,"String":"a","Interface":null}}
2025-08-15T22:13:05.280-0500	DEBUG	protocol/handler.go:1591	have processed broadcast	{"{round 20 3  <nil>}": {"Key":"from","Type":15,"Integer":0,"String":"c","Interface":null}}
2025-08-15T22:13:05.280-0500	DEBUG	protocol/handler.go:1649	have all messages and processed	{"{round 20 3  <nil>}": {"Key":"self","Type":15,"Integer":0,"String":"b","Interface":null}}
2025-08-15T22:13:05.280-0500	DEBUG	protocol/handler.go:596	round already finalized
2025-08-15T22:13:05.280-0500	DEBUG	protocol/handler.go:581	tryAdvanceRound called	{"{current_round 20 3  <nil>}": {"Key":"self","Type":15,"Integer":0,"String":"b","Interface":null}}
2025-08-15T22:13:05.280-0500	DEBUG	protocol/handler.go:1591	have processed broadcast	{"{round 20 3  <nil>}": {"Key":"from","Type":15,"Integer":0,"String":"a","Interface":null}}
2025-08-15T22:13:05.280-0500	DEBUG	protocol/handler.go:1591	have processed broadcast	{"{round 20 3  <nil>}": {"Key":"from","Type":15,"Integer":0,"String":"c","Interface":null}}
2025-08-15T22:13:05.280-0500	DEBUG	protocol/handler.go:1649	have all messages and processed	{"{round 20 3  <nil>}": {"Key":"self","Type":15,"Integer":0,"String":"b","Interface":null}}
2025-08-15T22:13:05.280-0500	DEBUG	protocol/handler.go:596	round already finalized
2025-08-15T22:13:05.280-0500	DEBUG	protocol/handler.go:581	tryAdvanceRound called	{"{current_round 20 3  <nil>}": {"Key":"self","Type":15,"Integer":0,"String":"b","Interface":null}}
2025-08-15T22:13:05.280-0500	DEBUG	protocol/handler.go:1591	have processed broadcast	{"{round 20 3  <nil>}": {"Key":"from","Type":15,"Integer":0,"String":"a","Interface":null}}
2025-08-15T22:13:05.280-0500	DEBUG	protocol/handler.go:1591	have processed broadcast	{"{round 20 3  <nil>}": {"Key":"from","Type":15,"Integer":0,"String":"c","Interface":null}}
2025-08-15T22:13:05.281-0500	DEBUG	protocol/handler.go:1649	have all messages and processed	{"{round 20 3  <nil>}": {"Key":"self","Type":15,"Integer":0,"String":"b","Interface":null}}
2025-08-15T22:13:05.281-0500	DEBUG	protocol/handler.go:596	round already finalized
2025-08-15T22:13:05.337-0500	DEBUG	protocol/handler.go:581	tryAdvanceRound called	{"{current_round 20 3  <nil>}": {"Key":"self","Type":15,"Integer":0,"String":"b","Interface":null}}
2025-08-15T22:13:05.340-0500	DEBUG	protocol/handler.go:1591	have processed broadcast	{"{round 20 3  <nil>}": {"Key":"from","Type":15,"Integer":0,"String":"a","Interface":null}}
2025-08-15T22:13:05.341-0500	DEBUG	protocol/handler.go:1591	have processed broadcast	{"{round 20 3  <nil>}": {"Key":"from","Type":15,"Integer":0,"String":"c","Interface":null}}
2025-08-15T22:13:05.341-0500	DEBUG	protocol/handler.go:1649	have all messages and processed	{"{round 20 3  <nil>}": {"Key":"self","Type":15,"Integer":0,"String":"b","Interface":null}}
2025-08-15T22:13:05.341-0500	DEBUG	protocol/handler.go:596	round already finalized
2025-08-15T22:13:05.341-0500	DEBUG	protocol/handler.go:581	tryAdvanceRound called	{"{current_round 20 3  <nil>}": {"Key":"self","Type":15,"Integer":0,"String":"b","Interface":null}}
2025-08-15T22:13:05.341-0500	DEBUG	protocol/handler.go:1591	have processed broadcast	{"{round 20 3  <nil>}": {"Key":"from","Type":15,"Integer":0,"String":"a","Interface":null}}
2025-08-15T22:13:05.341-0500	DEBUG	protocol/handler.go:1591	have processed broadcast	{"{round 20 3  <nil>}": {"Key":"from","Type":15,"Integer":0,"String":"c","Interface":null}}
2025-08-15T22:13:05.341-0500	DEBUG	protocol/handler.go:1649	have all messages and processed	{"{round 20 3  <nil>}": {"Key":"self","Type":15,"Integer":0,"String":"b","Interface":null}}
2025-08-15T22:13:05.341-0500	DEBUG	protocol/handler.go:596	round already finalized
2025-08-15T22:13:05.341-0500	DEBUG	protocol/handler.go:581	tryAdvanceRound called	{"{current_round 20 3  <nil>}": {"Key":"self","Type":15,"Integer":0,"String":"b","Interface":null}}
2025-08-15T22:13:05.341-0500	DEBUG	protocol/handler.go:1591	have processed broadcast	{"{round 20 3  <nil>}": {"Key":"from","Type":15,"Integer":0,"String":"a","Interface":null}}
2025-08-15T22:13:05.341-0500	DEBUG	protocol/handler.go:1591	have processed broadcast	{"{round 20 3  <nil>}": {"Key":"from","Type":15,"Integer":0,"String":"c","Interface":null}}
2025-08-15T22:13:05.341-0500	DEBUG	protocol/handler.go:1649	have all messages and processed	{"{round 20 3  <nil>}": {"Key":"self","Type":15,"Integer":0,"String":"b","Interface":null}}
2025-08-15T22:13:05.342-0500	DEBUG	protocol/handler.go:596	round already finalized
2025-08-15T22:13:05.221-0500	DEBUG	protocol/handler.go:1591	have processed broadcast	{"{round 20 3  <nil>}": {"Key":"from","Type":15,"Integer":0,"String":"a","Interface":null}}
2025-08-15T22:13:05.351-0500	DEBUG	protocol/handler.go:1591	have processed broadcast	{"{round 20 3  <nil>}": {"Key":"from","Type":15,"Integer":0,"String":"b","Interface":null}}
2025-08-15T22:13:05.352-0500	DEBUG	protocol/handler.go:1649	have all messages and processed	{"{round 20 3  <nil>}": {"Key":"self","Type":15,"Integer":0,"String":"c","Interface":null}}
2025-08-15T22:13:05.352-0500	DEBUG	protocol/handler.go:596	round already finalized
2025-08-15T22:13:05.352-0500	DEBUG	protocol/handler.go:581	tryAdvanceRound called	{"{current_round 20 3  <nil>}": {"Key":"self","Type":15,"Integer":0,"String":"c","Interface":null}}
2025-08-15T22:13:05.352-0500	DEBUG	protocol/handler.go:1591	have processed broadcast	{"{round 20 3  <nil>}": {"Key":"from","Type":15,"Integer":0,"String":"a","Interface":null}}
2025-08-15T22:13:05.352-0500	DEBUG	protocol/handler.go:1591	have processed broadcast	{"{round 20 3  <nil>}": {"Key":"from","Type":15,"Integer":0,"String":"b","Interface":null}}
2025-08-15T22:13:05.352-0500	DEBUG	protocol/handler.go:1649	have all messages and processed	{"{round 20 3  <nil>}": {"Key":"self","Type":15,"Integer":0,"String":"c","Interface":null}}
2025-08-15T22:13:05.352-0500	DEBUG	protocol/handler.go:596	round already finalized
2025-08-15T22:13:05.362-0500	DEBUG	protocol/handler.go:581	tryAdvanceRound called	{"{current_round 20 3  <nil>}": {"Key":"self","Type":15,"Integer":0,"String":"b","Interface":null}}
2025-08-15T22:13:05.363-0500	DEBUG	protocol/handler.go:1591	have processed broadcast	{"{round 20 3  <nil>}": {"Key":"from","Type":15,"Integer":0,"String":"a","Interface":null}}
2025-08-15T22:13:05.363-0500	DEBUG	protocol/handler.go:1591	have processed broadcast	{"{round 20 3  <nil>}": {"Key":"from","Type":15,"Integer":0,"String":"c","Interface":null}}
2025-08-15T22:13:05.363-0500	DEBUG	protocol/handler.go:1649	have all messages and processed	{"{round 20 3  <nil>}": {"Key":"self","Type":15,"Integer":0,"String":"b","Interface":null}}
2025-08-15T22:13:05.363-0500	DEBUG	protocol/handler.go:596	round already finalized
2025-08-15T22:13:05.267-0500	DEBUG	protocol/handler.go:596	round already finalized
2025-08-15T22:13:05.374-0500	DEBUG	protocol/handler.go:581	tryAdvanceRound called	{"{current_round 20 3  <nil>}": {"Key":"self","Type":15,"Integer":0,"String":"c","Interface":null}}
2025-08-15T22:13:05.374-0500	DEBUG	protocol/handler.go:581	tryAdvanceRound called	{"{current_round 20 3  <nil>}": {"Key":"self","Type":15,"Integer":0,"String":"a","Interface":null}}
2025-08-15T22:13:05.374-0500	DEBUG	protocol/handler.go:1591	have processed broadcast	{"{round 20 3  <nil>}": {"Key":"from","Type":15,"Integer":0,"String":"a","Interface":null}}
2025-08-15T22:13:05.374-0500	DEBUG	protocol/handler.go:1591	have processed broadcast	{"{round 20 3  <nil>}": {"Key":"from","Type":15,"Integer":0,"String":"b","Interface":null}}
2025-08-15T22:13:05.374-0500	DEBUG	protocol/handler.go:1591	have processed broadcast	{"{round 20 3  <nil>}": {"Key":"from","Type":15,"Integer":0,"String":"b","Interface":null}}
2025-08-15T22:13:05.374-0500	DEBUG	protocol/handler.go:1591	have processed broadcast	{"{round 20 3  <nil>}": {"Key":"from","Type":15,"Integer":0,"String":"c","Interface":null}}
2025-08-15T22:13:05.374-0500	DEBUG	protocol/handler.go:1649	have all messages and processed	{"{round 20 3  <nil>}": {"Key":"self","Type":15,"Integer":0,"String":"c","Interface":null}}
2025-08-15T22:13:05.374-0500	DEBUG	protocol/handler.go:596	round already finalized
2025-08-15T22:13:05.374-0500	DEBUG	protocol/handler.go:1649	have all messages and processed	{"{round 20 3  <nil>}": {"Key":"self","Type":15,"Integer":0,"String":"a","Interface":null}}
2025-08-15T22:13:05.374-0500	DEBUG	protocol/handler.go:596	round already finalized
2025-08-15T22:13:05.396-0500	DEBUG	protocol/handler.go:581	tryAdvanceRound called	{"{current_round 20 3  <nil>}": {"Key":"self","Type":15,"Integer":0,"String":"a","Interface":null}}
2025-08-15T22:13:05.396-0500	DEBUG	protocol/handler.go:1591	have processed broadcast	{"{round 20 3  <nil>}": {"Key":"from","Type":15,"Integer":0,"String":"b","Interface":null}}
2025-08-15T22:13:05.396-0500	DEBUG	protocol/handler.go:1591	have processed broadcast	{"{round 20 3  <nil>}": {"Key":"from","Type":15,"Integer":0,"String":"c","Interface":null}}
2025-08-15T22:13:05.397-0500	DEBUG	protocol/handler.go:1649	have all messages and processed	{"{round 20 3  <nil>}": {"Key":"self","Type":15,"Integer":0,"String":"a","Interface":null}}
2025-08-15T22:13:05.397-0500	DEBUG	protocol/handler.go:596	round already finalized
2025-08-15T22:13:05.424-0500	DEBUG	protocol/handler.go:581	tryAdvanceRound called	{"{current_round 20 3  <nil>}": {"Key":"self","Type":15,"Integer":0,"String":"b","Interface":null}}
2025-08-15T22:13:05.424-0500	DEBUG	protocol/handler.go:1591	have processed broadcast	{"{round 20 3  <nil>}": {"Key":"from","Type":15,"Integer":0,"String":"a","Interface":null}}
2025-08-15T22:13:05.424-0500	DEBUG	protocol/handler.go:1591	have processed broadcast	{"{round 20 3  <nil>}": {"Key":"from","Type":15,"Integer":0,"String":"c","Interface":null}}
2025-08-15T22:13:05.424-0500	DEBUG	protocol/handler.go:1649	have all messages and processed	{"{round 20 3  <nil>}": {"Key":"self","Type":15,"Integer":0,"String":"b","Interface":null}}
2025-08-15T22:13:05.424-0500	DEBUG	protocol/handler.go:596	round already finalized
2025-08-15T22:13:05.424-0500	DEBUG	protocol/handler.go:581	tryAdvanceRound called	{"{current_round 20 3  <nil>}": {"Key":"self","Type":15,"Integer":0,"String":"b","Interface":null}}
2025-08-15T22:13:05.424-0500	DEBUG	protocol/handler.go:1591	have processed broadcast	{"{round 20 3  <nil>}": {"Key":"from","Type":15,"Integer":0,"String":"a","Interface":null}}
2025-08-15T22:13:05.424-0500	DEBUG	protocol/handler.go:1591	have processed broadcast	{"{round 20 3  <nil>}": {"Key":"from","Type":15,"Integer":0,"String":"c","Interface":null}}
2025-08-15T22:13:05.424-0500	DEBUG	protocol/handler.go:1649	have all messages and processed	{"{round 20 3  <nil>}": {"Key":"self","Type":15,"Integer":0,"String":"b","Interface":null}}
2025-08-15T22:13:05.424-0500	DEBUG	protocol/handler.go:596	round already finalized
2025-08-15T22:13:05.439-0500	DEBUG	protocol/handler.go:581	tryAdvanceRound called	{"{current_round 20 3  <nil>}": {"Key":"self","Type":15,"Integer":0,"String":"c","Interface":null}}
2025-08-15T22:13:05.439-0500	DEBUG	protocol/handler.go:1591	have processed broadcast	{"{round 20 3  <nil>}": {"Key":"from","Type":15,"Integer":0,"String":"a","Interface":null}}
2025-08-15T22:13:05.439-0500	DEBUG	protocol/handler.go:1591	have processed broadcast	{"{round 20 3  <nil>}": {"Key":"from","Type":15,"Integer":0,"String":"b","Interface":null}}
2025-08-15T22:13:05.439-0500	DEBUG	protocol/handler.go:1649	have all messages and processed	{"{round 20 3  <nil>}": {"Key":"self","Type":15,"Integer":0,"String":"c","Interface":null}}
2025-08-15T22:13:05.439-0500	DEBUG	protocol/handler.go:596	round already finalized
2025-08-15T22:13:05.439-0500	DEBUG	protocol/handler.go:581	tryAdvanceRound called	{"{current_round 20 3  <nil>}": {"Key":"self","Type":15,"Integer":0,"String":"c","Interface":null}}
2025-08-15T22:13:05.439-0500	DEBUG	protocol/handler.go:1591	have processed broadcast	{"{round 20 3  <nil>}": {"Key":"from","Type":15,"Integer":0,"String":"a","Interface":null}}
2025-08-15T22:13:05.439-0500	DEBUG	protocol/handler.go:1591	have processed broadcast	{"{round 20 3  <nil>}": {"Key":"from","Type":15,"Integer":0,"String":"b","Interface":null}}
2025-08-15T22:13:05.439-0500	DEBUG	protocol/handler.go:1649	have all messages and processed	{"{round 20 3  <nil>}": {"Key":"self","Type":15,"Integer":0,"String":"c","Interface":null}}
2025-08-15T22:13:05.439-0500	DEBUG	protocol/handler.go:596	round already finalized
2025-08-15T22:13:05.461-0500	DEBUG	protocol/handler.go:581	tryAdvanceRound called	{"{current_round 20 3  <nil>}": {"Key":"self","Type":15,"Integer":0,"String":"b","Interface":null}}
2025-08-15T22:13:05.462-0500	DEBUG	protocol/handler.go:1591	have processed broadcast	{"{round 20 3  <nil>}": {"Key":"from","Type":15,"Integer":0,"String":"a","Interface":null}}
2025-08-15T22:13:05.462-0500	DEBUG	protocol/handler.go:1591	have processed broadcast	{"{round 20 3  <nil>}": {"Key":"from","Type":15,"Integer":0,"String":"c","Interface":null}}
2025-08-15T22:13:05.463-0500	DEBUG	protocol/handler.go:1649	have all messages and processed	{"{round 20 3  <nil>}": {"Key":"self","Type":15,"Integer":0,"String":"b","Interface":null}}
2025-08-15T22:13:05.463-0500	DEBUG	protocol/handler.go:596	round already finalized
2025-08-15T22:13:05.463-0500	DEBUG	protocol/handler.go:581	tryAdvanceRound called	{"{current_round 20 3  <nil>}": {"Key":"self","Type":15,"Integer":0,"String":"b","Interface":null}}
2025-08-15T22:13:05.463-0500	DEBUG	protocol/handler.go:1591	have processed broadcast	{"{round 20 3  <nil>}": {"Key":"from","Type":15,"Integer":0,"String":"a","Interface":null}}
2025-08-15T22:13:05.463-0500	DEBUG	protocol/handler.go:1591	have processed broadcast	{"{round 20 3  <nil>}": {"Key":"from","Type":15,"Integer":0,"String":"c","Interface":null}}
2025-08-15T22:13:05.463-0500	DEBUG	protocol/handler.go:1649	have all messages and processed	{"{round 20 3  <nil>}": {"Key":"self","Type":15,"Integer":0,"String":"b","Interface":null}}
2025-08-15T22:13:05.463-0500	DEBUG	protocol/handler.go:596	round already finalized
2025-08-15T22:13:05.468-0500	DEBUG	protocol/handler.go:581	tryAdvanceRound called	{"{current_round 20 3  <nil>}": {"Key":"self","Type":15,"Integer":0,"String":"c","Interface":null}}
2025-08-15T22:13:05.468-0500	DEBUG	protocol/handler.go:1591	have processed broadcast	{"{round 20 3  <nil>}": {"Key":"from","Type":15,"Integer":0,"String":"a","Interface":null}}
2025-08-15T22:13:05.468-0500	DEBUG	protocol/handler.go:1591	have processed broadcast	{"{round 20 3  <nil>}": {"Key":"from","Type":15,"Integer":0,"String":"b","Interface":null}}
2025-08-15T22:13:05.468-0500	DEBUG	protocol/handler.go:1649	have all messages and processed	{"{round 20 3  <nil>}": {"Key":"self","Type":15,"Integer":0,"String":"c","Interface":null}}
2025-08-15T22:13:05.468-0500	DEBUG	protocol/handler.go:596	round already finalized
2025-08-15T22:13:05.494-0500	DEBUG	protocol/handler.go:581	tryAdvanceRound called	{"{current_round 20 3  <nil>}": {"Key":"self","Type":15,"Integer":0,"String":"c","Interface":null}}
2025-08-15T22:13:05.494-0500	DEBUG	protocol/handler.go:1591	have processed broadcast	{"{round 20 3  <nil>}": {"Key":"from","Type":15,"Integer":0,"String":"a","Interface":null}}
2025-08-15T22:13:05.494-0500	DEBUG	protocol/handler.go:1591	have processed broadcast	{"{round 20 3  <nil>}": {"Key":"from","Type":15,"Integer":0,"String":"b","Interface":null}}
2025-08-15T22:13:05.494-0500	DEBUG	protocol/handler.go:1649	have all messages and processed	{"{round 20 3  <nil>}": {"Key":"self","Type":15,"Integer":0,"String":"c","Interface":null}}
2025-08-15T22:13:05.500-0500	DEBUG	protocol/handler.go:596	round already finalized
2025-08-15T22:13:05.507-0500	DEBUG	protocol/handler.go:581	tryAdvanceRound called	{"{current_round 20 3  <nil>}": {"Key":"self","Type":15,"Integer":0,"String":"b","Interface":null}}
2025-08-15T22:13:05.507-0500	DEBUG	protocol/handler.go:1591	have processed broadcast	{"{round 20 3  <nil>}": {"Key":"from","Type":15,"Integer":0,"String":"a","Interface":null}}
2025-08-15T22:13:05.507-0500	DEBUG	protocol/handler.go:1591	have processed broadcast	{"{round 20 3  <nil>}": {"Key":"from","Type":15,"Integer":0,"String":"c","Interface":null}}
2025-08-15T22:13:05.507-0500	DEBUG	protocol/handler.go:1649	have all messages and processed	{"{round 20 3  <nil>}": {"Key":"self","Type":15,"Integer":0,"String":"b","Interface":null}}
2025-08-15T22:13:05.508-0500	DEBUG	protocol/handler.go:596	round already finalized
2025-08-15T22:13:05.508-0500	DEBUG	protocol/handler.go:581	tryAdvanceRound called	{"{current_round 20 3  <nil>}": {"Key":"self","Type":15,"Integer":0,"String":"b","Interface":null}}
2025-08-15T22:13:05.508-0500	DEBUG	protocol/handler.go:1591	have processed broadcast	{"{round 20 3  <nil>}": {"Key":"from","Type":15,"Integer":0,"String":"a","Interface":null}}
2025-08-15T22:13:05.508-0500	DEBUG	protocol/handler.go:1591	have processed broadcast	{"{round 20 3  <nil>}": {"Key":"from","Type":15,"Integer":0,"String":"c","Interface":null}}
2025-08-15T22:13:05.508-0500	DEBUG	protocol/handler.go:1649	have all messages and processed	{"{round 20 3  <nil>}": {"Key":"self","Type":15,"Integer":0,"String":"b","Interface":null}}
2025-08-15T22:13:05.508-0500	DEBUG	protocol/handler.go:596	round already finalized
2025-08-15T22:13:05.542-0500	DEBUG	protocol/handler.go:581	tryAdvanceRound called	{"{current_round 20 3  <nil>}": {"Key":"self","Type":15,"Integer":0,"String":"c","Interface":null}}
2025-08-15T22:13:05.542-0500	DEBUG	protocol/handler.go:1591	have processed broadcast	{"{round 20 3  <nil>}": {"Key":"from","Type":15,"Integer":0,"String":"a","Interface":null}}
2025-08-15T22:13:05.542-0500	DEBUG	protocol/handler.go:1591	have processed broadcast	{"{round 20 3  <nil>}": {"Key":"from","Type":15,"Integer":0,"String":"b","Interface":null}}
2025-08-15T22:13:05.542-0500	DEBUG	protocol/handler.go:1649	have all messages and processed	{"{round 20 3  <nil>}": {"Key":"self","Type":15,"Integer":0,"String":"c","Interface":null}}
2025-08-15T22:13:05.542-0500	DEBUG	protocol/handler.go:596	round already finalized
2025-08-15T22:13:05.542-0500	DEBUG	protocol/handler.go:581	tryAdvanceRound called	{"{current_round 20 3  <nil>}": {"Key":"self","Type":15,"Integer":0,"String":"c","Interface":null}}
2025-08-15T22:13:05.542-0500	DEBUG	protocol/handler.go:1591	have processed broadcast	{"{round 20 3  <nil>}": {"Key":"from","Type":15,"Integer":0,"String":"a","Interface":null}}
2025-08-15T22:13:05.542-0500	DEBUG	protocol/handler.go:1591	have processed broadcast	{"{round 20 3  <nil>}": {"Key":"from","Type":15,"Integer":0,"String":"b","Interface":null}}
2025-08-15T22:13:05.542-0500	DEBUG	protocol/handler.go:1649	have all messages and processed	{"{round 20 3  <nil>}": {"Key":"self","Type":15,"Integer":0,"String":"c","Interface":null}}
2025-08-15T22:13:05.542-0500	DEBUG	protocol/handler.go:596	round already finalized
2025-08-15T22:13:05.565-0500	DEBUG	protocol/handler.go:581	tryAdvanceRound called	{"{current_round 20 3  <nil>}": {"Key":"self","Type":15,"Integer":0,"String":"b","Interface":null}}
2025-08-15T22:13:05.565-0500	DEBUG	protocol/handler.go:1591	have processed broadcast	{"{round 20 3  <nil>}": {"Key":"from","Type":15,"Integer":0,"String":"a","Interface":null}}
2025-08-15T22:13:05.565-0500	DEBUG	protocol/handler.go:1591	have processed broadcast	{"{round 20 3  <nil>}": {"Key":"from","Type":15,"Integer":0,"String":"c","Interface":null}}
2025-08-15T22:13:05.565-0500	DEBUG	protocol/handler.go:1649	have all messages and processed	{"{round 20 3  <nil>}": {"Key":"self","Type":15,"Integer":0,"String":"b","Interface":null}}
2025-08-15T22:13:05.590-0500	DEBUG	protocol/handler.go:581	tryAdvanceRound called	{"{current_round 20 3  <nil>}": {"Key":"self","Type":15,"Integer":0,"String":"c","Interface":null}}
2025-08-15T22:13:05.590-0500	DEBUG	protocol/handler.go:1591	have processed broadcast	{"{round 20 3  <nil>}": {"Key":"from","Type":15,"Integer":0,"String":"a","Interface":null}}
2025-08-15T22:13:05.590-0500	DEBUG	protocol/handler.go:1591	have processed broadcast	{"{round 20 3  <nil>}": {"Key":"from","Type":15,"Integer":0,"String":"b","Interface":null}}
2025-08-15T22:13:05.590-0500	DEBUG	protocol/handler.go:1649	have all messages and processed	{"{round 20 3  <nil>}": {"Key":"self","Type":15,"Integer":0,"String":"c","Interface":null}}
2025-08-15T22:13:05.590-0500	DEBUG	protocol/handler.go:596	round already finalized
2025-08-15T22:13:05.590-0500	DEBUG	protocol/handler.go:581	tryAdvanceRound called	{"{current_round 20 3  <nil>}": {"Key":"self","Type":15,"Integer":0,"String":"c","Interface":null}}
2025-08-15T22:13:05.590-0500	DEBUG	protocol/handler.go:1591	have processed broadcast	{"{round 20 3  <nil>}": {"Key":"from","Type":15,"Integer":0,"String":"a","Interface":null}}
2025-08-15T22:13:05.590-0500	DEBUG	protocol/handler.go:1591	have processed broadcast	{"{round 20 3  <nil>}": {"Key":"from","Type":15,"Integer":0,"String":"b","Interface":null}}
2025-08-15T22:13:05.590-0500	DEBUG	protocol/handler.go:1649	have all messages and processed	{"{round 20 3  <nil>}": {"Key":"self","Type":15,"Integer":0,"String":"c","Interface":null}}
2025-08-15T22:13:05.590-0500	DEBUG	protocol/handler.go:596	round already finalized
2025-08-15T22:13:05.484-0500	DEBUG	protocol/handler.go:581	tryAdvanceRound called	{"{current_round 20 3  <nil>}": {"Key":"self","Type":15,"Integer":0,"String":"a","Interface":null}}
2025-08-15T22:13:05.601-0500	DEBUG	protocol/handler.go:1591	have processed broadcast	{"{round 20 3  <nil>}": {"Key":"from","Type":15,"Integer":0,"String":"b","Interface":null}}
2025-08-15T22:13:05.601-0500	DEBUG	protocol/handler.go:1591	have processed broadcast	{"{round 20 3  <nil>}": {"Key":"from","Type":15,"Integer":0,"String":"c","Interface":null}}
2025-08-15T22:13:05.601-0500	DEBUG	protocol/handler.go:1649	have all messages and processed	{"{round 20 3  <nil>}": {"Key":"self","Type":15,"Integer":0,"String":"a","Interface":null}}
2025-08-15T22:13:05.602-0500	DEBUG	protocol/handler.go:596	round already finalized
2025-08-15T22:13:05.602-0500	DEBUG	protocol/handler.go:581	tryAdvanceRound called	{"{current_round 20 3  <nil>}": {"Key":"self","Type":15,"Integer":0,"String":"a","Interface":null}}
2025-08-15T22:13:05.602-0500	DEBUG	protocol/handler.go:1591	have processed broadcast	{"{round 20 3  <nil>}": {"Key":"from","Type":15,"Integer":0,"String":"b","Interface":null}}
2025-08-15T22:13:05.602-0500	DEBUG	protocol/handler.go:1591	have processed broadcast	{"{round 20 3  <nil>}": {"Key":"from","Type":15,"Integer":0,"String":"c","Interface":null}}
2025-08-15T22:13:05.602-0500	DEBUG	protocol/handler.go:1649	have all messages and processed	{"{round 20 3  <nil>}": {"Key":"self","Type":15,"Integer":0,"String":"a","Interface":null}}
2025-08-15T22:13:05.602-0500	DEBUG	protocol/handler.go:596	round already finalized
2025-08-15T22:13:05.565-0500	DEBUG	protocol/handler.go:596	round already finalized
2025-08-15T22:13:05.691-0500	DEBUG	protocol/handler.go:581	tryAdvanceRound called	{"{current_round 20 3  <nil>}": {"Key":"self","Type":15,"Integer":0,"String":"b","Interface":null}}
2025-08-15T22:13:05.691-0500	DEBUG	protocol/handler.go:1591	have processed broadcast	{"{round 20 3  <nil>}": {"Key":"from","Type":15,"Integer":0,"String":"a","Interface":null}}
2025-08-15T22:13:05.691-0500	DEBUG	protocol/handler.go:1591	have processed broadcast	{"{round 20 3  <nil>}": {"Key":"from","Type":15,"Integer":0,"String":"c","Interface":null}}
2025-08-15T22:13:05.691-0500	DEBUG	protocol/handler.go:1649	have all messages and processed	{"{round 20 3  <nil>}": {"Key":"self","Type":15,"Integer":0,"String":"b","Interface":null}}
2025-08-15T22:13:05.691-0500	DEBUG	protocol/handler.go:596	round already finalized
2025-08-15T22:13:05.755-0500	DEBUG	protocol/handler.go:581	tryAdvanceRound called	{"{current_round 20 3  <nil>}": {"Key":"self","Type":15,"Integer":0,"String":"a","Interface":null}}
2025-08-15T22:13:05.756-0500	DEBUG	protocol/handler.go:1591	have processed broadcast	{"{round 20 3  <nil>}": {"Key":"from","Type":15,"Integer":0,"String":"b","Interface":null}}
2025-08-15T22:13:05.756-0500	DEBUG	protocol/handler.go:1591	have processed broadcast	{"{round 20 3  <nil>}": {"Key":"from","Type":15,"Integer":0,"String":"c","Interface":null}}
2025-08-15T22:13:05.756-0500	DEBUG	protocol/handler.go:1649	have all messages and processed	{"{round 20 3  <nil>}": {"Key":"self","Type":15,"Integer":0,"String":"a","Interface":null}}
2025-08-15T22:13:05.756-0500	DEBUG	protocol/handler.go:596	round already finalized
2025-08-15T22:13:05.756-0500	DEBUG	protocol/handler.go:581	tryAdvanceRound called	{"{current_round 20 3  <nil>}": {"Key":"self","Type":15,"Integer":0,"String":"a","Interface":null}}
2025-08-15T22:13:05.756-0500	DEBUG	protocol/handler.go:1591	have processed broadcast	{"{round 20 3  <nil>}": {"Key":"from","Type":15,"Integer":0,"String":"b","Interface":null}}
2025-08-15T22:13:05.756-0500	DEBUG	protocol/handler.go:1591	have processed broadcast	{"{round 20 3  <nil>}": {"Key":"from","Type":15,"Integer":0,"String":"c","Interface":null}}
2025-08-15T22:13:05.756-0500	DEBUG	protocol/handler.go:1649	have all messages and processed	{"{round 20 3  <nil>}": {"Key":"self","Type":15,"Integer":0,"String":"a","Interface":null}}
2025-08-15T22:13:05.756-0500	DEBUG	protocol/handler.go:596	round already finalized
2025-08-15T22:13:05.756-0500	DEBUG	protocol/handler.go:581	tryAdvanceRound called	{"{current_round 20 3  <nil>}": {"Key":"self","Type":15,"Integer":0,"String":"a","Interface":null}}
2025-08-15T22:13:05.756-0500	DEBUG	protocol/handler.go:1591	have processed broadcast	{"{round 20 3  <nil>}": {"Key":"from","Type":15,"Integer":0,"String":"b","Interface":null}}
2025-08-15T22:13:05.757-0500	DEBUG	protocol/handler.go:1591	have processed broadcast	{"{round 20 3  <nil>}": {"Key":"from","Type":15,"Integer":0,"String":"c","Interface":null}}
2025-08-15T22:13:05.757-0500	DEBUG	protocol/handler.go:1649	have all messages and processed	{"{round 20 3  <nil>}": {"Key":"self","Type":15,"Integer":0,"String":"a","Interface":null}}
2025-08-15T22:13:05.757-0500	DEBUG	protocol/handler.go:596	round already finalized
2025-08-15T22:13:05.761-0500	DEBUG	protocol/handler.go:581	tryAdvanceRound called	{"{current_round 20 3  <nil>}": {"Key":"self","Type":15,"Integer":0,"String":"b","Interface":null}}
2025-08-15T22:13:05.779-0500	DEBUG	protocol/handler.go:581	tryAdvanceRound called	{"{current_round 20 3  <nil>}": {"Key":"self","Type":15,"Integer":0,"String":"a","Interface":null}}
2025-08-15T22:13:05.779-0500	DEBUG	protocol/handler.go:1591	have processed broadcast	{"{round 20 3  <nil>}": {"Key":"from","Type":15,"Integer":0,"String":"b","Interface":null}}
2025-08-15T22:13:05.779-0500	DEBUG	protocol/handler.go:1591	have processed broadcast	{"{round 20 3  <nil>}": {"Key":"from","Type":15,"Integer":0,"String":"c","Interface":null}}
2025-08-15T22:13:05.779-0500	DEBUG	protocol/handler.go:1649	have all messages and processed	{"{round 20 3  <nil>}": {"Key":"self","Type":15,"Integer":0,"String":"a","Interface":null}}
2025-08-15T22:13:05.779-0500	DEBUG	protocol/handler.go:596	round already finalized
2025-08-15T22:13:05.803-0500	DEBUG	protocol/handler.go:581	tryAdvanceRound called	{"{current_round 20 3  <nil>}": {"Key":"self","Type":15,"Integer":0,"String":"a","Interface":null}}
2025-08-15T22:13:05.803-0500	DEBUG	protocol/handler.go:1591	have processed broadcast	{"{round 20 3  <nil>}": {"Key":"from","Type":15,"Integer":0,"String":"b","Interface":null}}
2025-08-15T22:13:05.802-0500	DEBUG	protocol/handler.go:581	tryAdvanceRound called	{"{current_round 20 3  <nil>}": {"Key":"self","Type":15,"Integer":0,"String":"c","Interface":null}}
2025-08-15T22:13:05.806-0500	DEBUG	protocol/handler.go:1591	have processed broadcast	{"{round 20 3  <nil>}": {"Key":"from","Type":15,"Integer":0,"String":"a","Interface":null}}
2025-08-15T22:13:05.806-0500	DEBUG	protocol/handler.go:1591	have processed broadcast	{"{round 20 3  <nil>}": {"Key":"from","Type":15,"Integer":0,"String":"b","Interface":null}}
2025-08-15T22:13:05.806-0500	DEBUG	protocol/handler.go:1649	have all messages and processed	{"{round 20 3  <nil>}": {"Key":"self","Type":15,"Integer":0,"String":"c","Interface":null}}
2025-08-15T22:13:05.806-0500	DEBUG	protocol/handler.go:596	round already finalized
2025-08-15T22:13:05.806-0500	DEBUG	protocol/handler.go:581	tryAdvanceRound called	{"{current_round 20 3  <nil>}": {"Key":"self","Type":15,"Integer":0,"String":"c","Interface":null}}
2025-08-15T22:13:05.803-0500	DEBUG	protocol/handler.go:1591	have processed broadcast	{"{round 20 3  <nil>}": {"Key":"from","Type":15,"Integer":0,"String":"c","Interface":null}}
2025-08-15T22:13:05.896-0500	DEBUG	protocol/handler.go:1591	have processed broadcast	{"{round 20 3  <nil>}": {"Key":"from","Type":15,"Integer":0,"String":"a","Interface":null}}
2025-08-15T22:13:05.896-0500	DEBUG	protocol/handler.go:1591	have processed broadcast	{"{round 20 3  <nil>}": {"Key":"from","Type":15,"Integer":0,"String":"b","Interface":null}}
2025-08-15T22:13:05.896-0500	DEBUG	protocol/handler.go:1649	have all messages and processed	{"{round 20 3  <nil>}": {"Key":"self","Type":15,"Integer":0,"String":"c","Interface":null}}
2025-08-15T22:13:05.896-0500	DEBUG	protocol/handler.go:596	round already finalized
2025-08-15T22:13:05.897-0500	DEBUG	protocol/handler.go:581	tryAdvanceRound called	{"{current_round 20 3  <nil>}": {"Key":"self","Type":15,"Integer":0,"String":"c","Interface":null}}
2025-08-15T22:13:05.897-0500	DEBUG	protocol/handler.go:1591	have processed broadcast	{"{round 20 3  <nil>}": {"Key":"from","Type":15,"Integer":0,"String":"a","Interface":null}}
2025-08-15T22:13:05.897-0500	DEBUG	protocol/handler.go:1591	have processed broadcast	{"{round 20 3  <nil>}": {"Key":"from","Type":15,"Integer":0,"String":"b","Interface":null}}
2025-08-15T22:13:05.897-0500	DEBUG	protocol/handler.go:1649	have all messages and processed	{"{round 20 3  <nil>}": {"Key":"self","Type":15,"Integer":0,"String":"c","Interface":null}}
2025-08-15T22:13:05.897-0500	DEBUG	protocol/handler.go:596	round already finalized
2025-08-15T22:13:05.896-0500	DEBUG	protocol/handler.go:1649	have all messages and processed	{"{round 20 3  <nil>}": {"Key":"self","Type":15,"Integer":0,"String":"a","Interface":null}}
2025-08-15T22:13:05.897-0500	DEBUG	protocol/handler.go:596	round already finalized
2025-08-15T22:13:05.897-0500	DEBUG	protocol/handler.go:581	tryAdvanceRound called	{"{current_round 20 3  <nil>}": {"Key":"self","Type":15,"Integer":0,"String":"a","Interface":null}}
2025-08-15T22:13:05.897-0500	DEBUG	protocol/handler.go:1591	have processed broadcast	{"{round 20 3  <nil>}": {"Key":"from","Type":15,"Integer":0,"String":"b","Interface":null}}
2025-08-15T22:13:05.897-0500	DEBUG	protocol/handler.go:1591	have processed broadcast	{"{round 20 3  <nil>}": {"Key":"from","Type":15,"Integer":0,"String":"c","Interface":null}}
2025-08-15T22:13:05.897-0500	DEBUG	protocol/handler.go:1649	have all messages and processed	{"{round 20 3  <nil>}": {"Key":"self","Type":15,"Integer":0,"String":"a","Interface":null}}
2025-08-15T22:13:05.897-0500	DEBUG	protocol/handler.go:596	round already finalized
2025-08-15T22:13:05.918-0500	DEBUG	protocol/handler.go:581	tryAdvanceRound called	{"{current_round 20 3  <nil>}": {"Key":"self","Type":15,"Integer":0,"String":"a","Interface":null}}
2025-08-15T22:13:05.918-0500	DEBUG	protocol/handler.go:1591	have processed broadcast	{"{round 20 3  <nil>}": {"Key":"from","Type":15,"Integer":0,"String":"b","Interface":null}}
2025-08-15T22:13:05.918-0500	DEBUG	protocol/handler.go:1591	have processed broadcast	{"{round 20 3  <nil>}": {"Key":"from","Type":15,"Integer":0,"String":"c","Interface":null}}
2025-08-15T22:13:05.918-0500	DEBUG	protocol/handler.go:1649	have all messages and processed	{"{round 20 3  <nil>}": {"Key":"self","Type":15,"Integer":0,"String":"a","Interface":null}}
2025-08-15T22:13:05.918-0500	DEBUG	protocol/handler.go:596	round already finalized
2025-08-15T22:13:05.926-0500	DEBUG	protocol/handler.go:1591	have processed broadcast	{"{round 20 3  <nil>}": {"Key":"from","Type":15,"Integer":0,"String":"a","Interface":null}}
2025-08-15T22:13:05.926-0500	DEBUG	protocol/handler.go:1591	have processed broadcast	{"{round 20 3  <nil>}": {"Key":"from","Type":15,"Integer":0,"String":"c","Interface":null}}
2025-08-15T22:13:05.926-0500	DEBUG	protocol/handler.go:1649	have all messages and processed	{"{round 20 3  <nil>}": {"Key":"self","Type":15,"Integer":0,"String":"b","Interface":null}}
2025-08-15T22:13:05.926-0500	DEBUG	protocol/handler.go:596	round already finalized
2025-08-15T22:13:05.926-0500	DEBUG	protocol/handler.go:581	tryAdvanceRound called	{"{current_round 20 3  <nil>}": {"Key":"self","Type":15,"Integer":0,"String":"b","Interface":null}}
2025-08-15T22:13:05.926-0500	DEBUG	protocol/handler.go:1591	have processed broadcast	{"{round 20 3  <nil>}": {"Key":"from","Type":15,"Integer":0,"String":"a","Interface":null}}
2025-08-15T22:13:05.926-0500	DEBUG	protocol/handler.go:1591	have processed broadcast	{"{round 20 3  <nil>}": {"Key":"from","Type":15,"Integer":0,"String":"c","Interface":null}}
2025-08-15T22:13:05.956-0500	DEBUG	protocol/handler.go:581	tryAdvanceRound called	{"{current_round 20 3  <nil>}": {"Key":"self","Type":15,"Integer":0,"String":"a","Interface":null}}
2025-08-15T22:13:05.956-0500	DEBUG	protocol/handler.go:1591	have processed broadcast	{"{round 20 3  <nil>}": {"Key":"from","Type":15,"Integer":0,"String":"b","Interface":null}}
2025-08-15T22:13:05.956-0500	DEBUG	protocol/handler.go:1591	have processed broadcast	{"{round 20 3  <nil>}": {"Key":"from","Type":15,"Integer":0,"String":"c","Interface":null}}
2025-08-15T22:13:05.956-0500	DEBUG	protocol/handler.go:1649	have all messages and processed	{"{round 20 3  <nil>}": {"Key":"self","Type":15,"Integer":0,"String":"a","Interface":null}}
2025-08-15T22:13:05.956-0500	DEBUG	protocol/handler.go:596	round already finalized
2025-08-15T22:13:05.956-0500	DEBUG	protocol/handler.go:581	tryAdvanceRound called	{"{current_round 20 3  <nil>}": {"Key":"self","Type":15,"Integer":0,"String":"c","Interface":null}}
2025-08-15T22:13:05.956-0500	DEBUG	protocol/handler.go:1591	have processed broadcast	{"{round 20 3  <nil>}": {"Key":"from","Type":15,"Integer":0,"String":"a","Interface":null}}
2025-08-15T22:13:05.956-0500	DEBUG	protocol/handler.go:1591	have processed broadcast	{"{round 20 3  <nil>}": {"Key":"from","Type":15,"Integer":0,"String":"b","Interface":null}}
2025-08-15T22:13:05.956-0500	DEBUG	protocol/handler.go:1649	have all messages and processed	{"{round 20 3  <nil>}": {"Key":"self","Type":15,"Integer":0,"String":"c","Interface":null}}
2025-08-15T22:13:05.956-0500	DEBUG	protocol/handler.go:596	round already finalized
2025-08-15T22:13:05.963-0500	DEBUG	protocol/handler.go:581	tryAdvanceRound called	{"{current_round 20 3  <nil>}": {"Key":"self","Type":15,"Integer":0,"String":"c","Interface":null}}
2025-08-15T22:13:05.963-0500	DEBUG	protocol/handler.go:1591	have processed broadcast	{"{round 20 3  <nil>}": {"Key":"from","Type":15,"Integer":0,"String":"a","Interface":null}}
2025-08-15T22:13:05.963-0500	DEBUG	protocol/handler.go:1591	have processed broadcast	{"{round 20 3  <nil>}": {"Key":"from","Type":15,"Integer":0,"String":"b","Interface":null}}
2025-08-15T22:13:05.963-0500	DEBUG	protocol/handler.go:1649	have all messages and processed	{"{round 20 3  <nil>}": {"Key":"self","Type":15,"Integer":0,"String":"c","Interface":null}}
2025-08-15T22:13:05.963-0500	DEBUG	protocol/handler.go:596	round already finalized
2025-08-15T22:13:05.963-0500	DEBUG	protocol/handler.go:581	tryAdvanceRound called	{"{current_round 20 3  <nil>}": {"Key":"self","Type":15,"Integer":0,"String":"c","Interface":null}}
2025-08-15T22:13:05.963-0500	DEBUG	protocol/handler.go:1591	have processed broadcast	{"{round 20 3  <nil>}": {"Key":"from","Type":15,"Integer":0,"String":"a","Interface":null}}
2025-08-15T22:13:05.963-0500	DEBUG	protocol/handler.go:1591	have processed broadcast	{"{round 20 3  <nil>}": {"Key":"from","Type":15,"Integer":0,"String":"b","Interface":null}}
2025-08-15T22:13:05.963-0500	DEBUG	protocol/handler.go:1649	have all messages and processed	{"{round 20 3  <nil>}": {"Key":"self","Type":15,"Integer":0,"String":"c","Interface":null}}
2025-08-15T22:13:05.963-0500	DEBUG	protocol/handler.go:596	round already finalized
2025-08-15T22:13:05.978-0500	DEBUG	protocol/handler.go:581	tryAdvanceRound called	{"{current_round 20 3  <nil>}": {"Key":"self","Type":15,"Integer":0,"String":"a","Interface":null}}
2025-08-15T22:13:05.978-0500	DEBUG	protocol/handler.go:1591	have processed broadcast	{"{round 20 3  <nil>}": {"Key":"from","Type":15,"Integer":0,"String":"b","Interface":null}}
2025-08-15T22:13:05.978-0500	DEBUG	protocol/handler.go:1591	have processed broadcast	{"{round 20 3  <nil>}": {"Key":"from","Type":15,"Integer":0,"String":"c","Interface":null}}
2025-08-15T22:13:05.978-0500	DEBUG	protocol/handler.go:1649	have all messages and processed	{"{round 20 3  <nil>}": {"Key":"self","Type":15,"Integer":0,"String":"a","Interface":null}}
2025-08-15T22:13:05.978-0500	DEBUG	protocol/handler.go:596	round already finalized
2025-08-15T22:13:06.012-0500	DEBUG	protocol/handler.go:581	tryAdvanceRound called	{"{current_round 20 3  <nil>}": {"Key":"self","Type":15,"Integer":0,"String":"a","Interface":null}}
2025-08-15T22:13:06.012-0500	DEBUG	protocol/handler.go:1591	have processed broadcast	{"{round 20 3  <nil>}": {"Key":"from","Type":15,"Integer":0,"String":"b","Interface":null}}
2025-08-15T22:13:06.016-0500	DEBUG	protocol/handler.go:581	tryAdvanceRound called	{"{current_round 20 3  <nil>}": {"Key":"self","Type":15,"Integer":0,"String":"c","Interface":null}}
2025-08-15T22:13:06.017-0500	DEBUG	protocol/handler.go:1591	have processed broadcast	{"{round 20 3  <nil>}": {"Key":"from","Type":15,"Integer":0,"String":"a","Interface":null}}
2025-08-15T22:13:06.017-0500	DEBUG	protocol/handler.go:1591	have processed broadcast	{"{round 20 3  <nil>}": {"Key":"from","Type":15,"Integer":0,"String":"b","Interface":null}}
2025-08-15T22:13:06.017-0500	DEBUG	protocol/handler.go:1649	have all messages and processed	{"{round 20 3  <nil>}": {"Key":"self","Type":15,"Integer":0,"String":"c","Interface":null}}
2025-08-15T22:13:06.017-0500	DEBUG	protocol/handler.go:596	round already finalized
2025-08-15T22:13:06.017-0500	DEBUG	protocol/handler.go:581	tryAdvanceRound called	{"{current_round 20 3  <nil>}": {"Key":"self","Type":15,"Integer":0,"String":"c","Interface":null}}
2025-08-15T22:13:06.017-0500	DEBUG	protocol/handler.go:1591	have processed broadcast	{"{round 20 3  <nil>}": {"Key":"from","Type":15,"Integer":0,"String":"a","Interface":null}}
2025-08-15T22:13:06.017-0500	DEBUG	protocol/handler.go:1591	have processed broadcast	{"{round 20 3  <nil>}": {"Key":"from","Type":15,"Integer":0,"String":"b","Interface":null}}
2025-08-15T22:13:06.017-0500	DEBUG	protocol/handler.go:1649	have all messages and processed	{"{round 20 3  <nil>}": {"Key":"self","Type":15,"Integer":0,"String":"c","Interface":null}}
2025-08-15T22:13:06.017-0500	DEBUG	protocol/handler.go:596	round already finalized
2025-08-15T22:13:05.940-0500	DEBUG	protocol/handler.go:1649	have all messages and processed	{"{round 20 3  <nil>}": {"Key":"self","Type":15,"Integer":0,"String":"b","Interface":null}}
2025-08-15T22:13:06.028-0500	DEBUG	protocol/handler.go:596	round already finalized
2025-08-15T22:13:06.028-0500	DEBUG	protocol/handler.go:581	tryAdvanceRound called	{"{current_round 20 3  <nil>}": {"Key":"self","Type":15,"Integer":0,"String":"b","Interface":null}}
2025-08-15T22:13:06.028-0500	DEBUG	protocol/handler.go:1591	have processed broadcast	{"{round 20 3  <nil>}": {"Key":"from","Type":15,"Integer":0,"String":"a","Interface":null}}
2025-08-15T22:13:06.028-0500	DEBUG	protocol/handler.go:1591	have processed broadcast	{"{round 20 3  <nil>}": {"Key":"from","Type":15,"Integer":0,"String":"c","Interface":null}}
2025-08-15T22:13:06.028-0500	DEBUG	protocol/handler.go:1649	have all messages and processed	{"{round 20 3  <nil>}": {"Key":"self","Type":15,"Integer":0,"String":"b","Interface":null}}
2025-08-15T22:13:06.029-0500	DEBUG	protocol/handler.go:596	round already finalized
2025-08-15T22:13:06.073-0500	DEBUG	protocol/handler.go:1591	have processed broadcast	{"{round 20 3  <nil>}": {"Key":"from","Type":15,"Integer":0,"String":"c","Interface":null}}
2025-08-15T22:13:06.073-0500	DEBUG	protocol/handler.go:1649	have all messages and processed	{"{round 20 3  <nil>}": {"Key":"self","Type":15,"Integer":0,"String":"a","Interface":null}}
2025-08-15T22:13:06.073-0500	DEBUG	protocol/handler.go:596	round already finalized
2025-08-15T22:13:06.073-0500	DEBUG	protocol/handler.go:581	tryAdvanceRound called	{"{current_round 20 3  <nil>}": {"Key":"self","Type":15,"Integer":0,"String":"a","Interface":null}}
2025-08-15T22:13:06.073-0500	DEBUG	protocol/handler.go:1591	have processed broadcast	{"{round 20 3  <nil>}": {"Key":"from","Type":15,"Integer":0,"String":"b","Interface":null}}
2025-08-15T22:13:06.073-0500	DEBUG	protocol/handler.go:1591	have processed broadcast	{"{round 20 3  <nil>}": {"Key":"from","Type":15,"Integer":0,"String":"c","Interface":null}}
2025-08-15T22:13:06.073-0500	DEBUG	protocol/handler.go:1649	have all messages and processed	{"{round 20 3  <nil>}": {"Key":"self","Type":15,"Integer":0,"String":"a","Interface":null}}
2025-08-15T22:13:06.073-0500	DEBUG	protocol/handler.go:596	round already finalized
2025-08-15T22:13:06.111-0500	DEBUG	protocol/handler.go:581	tryAdvanceRound called	{"{current_round 20 3  <nil>}": {"Key":"self","Type":15,"Integer":0,"String":"b","Interface":null}}
2025-08-15T22:13:06.114-0500	DEBUG	protocol/handler.go:1591	have processed broadcast	{"{round 20 3  <nil>}": {"Key":"from","Type":15,"Integer":0,"String":"a","Interface":null}}
2025-08-15T22:13:06.114-0500	DEBUG	protocol/handler.go:1591	have processed broadcast	{"{round 20 3  <nil>}": {"Key":"from","Type":15,"Integer":0,"String":"c","Interface":null}}
2025-08-15T22:13:06.114-0500	DEBUG	protocol/handler.go:1649	have all messages and processed	{"{round 20 3  <nil>}": {"Key":"self","Type":15,"Integer":0,"String":"b","Interface":null}}
2025-08-15T22:13:06.114-0500	DEBUG	protocol/handler.go:596	round already finalized
2025-08-15T22:13:06.114-0500	DEBUG	protocol/handler.go:581	tryAdvanceRound called	{"{current_round 20 3  <nil>}": {"Key":"self","Type":15,"Integer":0,"String":"b","Interface":null}}
2025-08-15T22:13:06.114-0500	DEBUG	protocol/handler.go:1591	have processed broadcast	{"{round 20 3  <nil>}": {"Key":"from","Type":15,"Integer":0,"String":"a","Interface":null}}
2025-08-15T22:13:06.115-0500	DEBUG	protocol/handler.go:1591	have processed broadcast	{"{round 20 3  <nil>}": {"Key":"from","Type":15,"Integer":0,"String":"c","Interface":null}}
2025-08-15T22:13:06.115-0500	DEBUG	protocol/handler.go:1649	have all messages and processed	{"{round 20 3  <nil>}": {"Key":"self","Type":15,"Integer":0,"String":"b","Interface":null}}
2025-08-15T22:13:06.115-0500	DEBUG	protocol/handler.go:596	round already finalized
2025-08-15T22:13:06.112-0500	DEBUG	protocol/handler.go:581	tryAdvanceRound called	{"{current_round 20 3  <nil>}": {"Key":"self","Type":15,"Integer":0,"String":"a","Interface":null}}
2025-08-15T22:13:06.115-0500	DEBUG	protocol/handler.go:1591	have processed broadcast	{"{round 20 3  <nil>}": {"Key":"from","Type":15,"Integer":0,"String":"b","Interface":null}}
2025-08-15T22:13:06.115-0500	DEBUG	protocol/handler.go:1591	have processed broadcast	{"{round 20 3  <nil>}": {"Key":"from","Type":15,"Integer":0,"String":"c","Interface":null}}
2025-08-15T22:13:06.115-0500	DEBUG	protocol/handler.go:1649	have all messages and processed	{"{round 20 3  <nil>}": {"Key":"self","Type":15,"Integer":0,"String":"a","Interface":null}}
2025-08-15T22:13:06.115-0500	DEBUG	protocol/handler.go:596	round already finalized
2025-08-15T22:13:06.137-0500	DEBUG	protocol/handler.go:581	tryAdvanceRound called	{"{current_round 20 3  <nil>}": {"Key":"self","Type":15,"Integer":0,"String":"c","Interface":null}}
2025-08-15T22:13:06.137-0500	DEBUG	protocol/handler.go:1591	have processed broadcast	{"{round 20 3  <nil>}": {"Key":"from","Type":15,"Integer":0,"String":"a","Interface":null}}
2025-08-15T22:13:06.137-0500	DEBUG	protocol/handler.go:1591	have processed broadcast	{"{round 20 3  <nil>}": {"Key":"from","Type":15,"Integer":0,"String":"b","Interface":null}}
2025-08-15T22:13:06.137-0500	DEBUG	protocol/handler.go:1649	have all messages and processed	{"{round 20 3  <nil>}": {"Key":"self","Type":15,"Integer":0,"String":"c","Interface":null}}
2025-08-15T22:13:06.137-0500	DEBUG	protocol/handler.go:596	round already finalized
2025-08-15T22:13:06.137-0500	DEBUG	protocol/handler.go:581	tryAdvanceRound called	{"{current_round 20 3  <nil>}": {"Key":"self","Type":15,"Integer":0,"String":"c","Interface":null}}
2025-08-15T22:13:06.137-0500	DEBUG	protocol/handler.go:1591	have processed broadcast	{"{round 20 3  <nil>}": {"Key":"from","Type":15,"Integer":0,"String":"a","Interface":null}}
2025-08-15T22:13:06.137-0500	DEBUG	protocol/handler.go:1591	have processed broadcast	{"{round 20 3  <nil>}": {"Key":"from","Type":15,"Integer":0,"String":"b","Interface":null}}
2025-08-15T22:13:06.137-0500	DEBUG	protocol/handler.go:1649	have all messages and processed	{"{round 20 3  <nil>}": {"Key":"self","Type":15,"Integer":0,"String":"c","Interface":null}}
2025-08-15T22:13:06.137-0500	DEBUG	protocol/handler.go:596	round already finalized
2025-08-15T22:13:06.151-0500	DEBUG	protocol/handler.go:581	tryAdvanceRound called	{"{current_round 20 3  <nil>}": {"Key":"self","Type":15,"Integer":0,"String":"a","Interface":null}}
2025-08-15T22:13:06.151-0500	DEBUG	protocol/handler.go:1591	have processed broadcast	{"{round 20 3  <nil>}": {"Key":"from","Type":15,"Integer":0,"String":"b","Interface":null}}
2025-08-15T22:13:06.151-0500	DEBUG	protocol/handler.go:1591	have processed broadcast	{"{round 20 3  <nil>}": {"Key":"from","Type":15,"Integer":0,"String":"c","Interface":null}}
2025-08-15T22:13:06.151-0500	DEBUG	protocol/handler.go:1649	have all messages and processed	{"{round 20 3  <nil>}": {"Key":"self","Type":15,"Integer":0,"String":"a","Interface":null}}
2025-08-15T22:13:06.151-0500	DEBUG	protocol/handler.go:596	round already finalized
2025-08-15T22:13:06.157-0500	DEBUG	protocol/handler.go:581	tryAdvanceRound called	{"{current_round 20 3  <nil>}": {"Key":"self","Type":15,"Integer":0,"String":"c","Interface":null}}
2025-08-15T22:13:06.157-0500	DEBUG	protocol/handler.go:1591	have processed broadcast	{"{round 20 3  <nil>}": {"Key":"from","Type":15,"Integer":0,"String":"a","Interface":null}}
2025-08-15T22:13:06.157-0500	DEBUG	protocol/handler.go:1591	have processed broadcast	{"{round 20 3  <nil>}": {"Key":"from","Type":15,"Integer":0,"String":"b","Interface":null}}
2025-08-15T22:13:06.157-0500	DEBUG	protocol/handler.go:1649	have all messages and processed	{"{round 20 3  <nil>}": {"Key":"self","Type":15,"Integer":0,"String":"c","Interface":null}}
2025-08-15T22:13:06.157-0500	DEBUG	protocol/handler.go:596	round already finalized
2025-08-15T22:13:06.168-0500	DEBUG	protocol/handler.go:581	tryAdvanceRound called	{"{current_round 20 3  <nil>}": {"Key":"self","Type":15,"Integer":0,"String":"b","Interface":null}}
2025-08-15T22:13:06.168-0500	DEBUG	protocol/handler.go:1591	have processed broadcast	{"{round 20 3  <nil>}": {"Key":"from","Type":15,"Integer":0,"String":"a","Interface":null}}
2025-08-15T22:13:06.168-0500	DEBUG	protocol/handler.go:1591	have processed broadcast	{"{round 20 3  <nil>}": {"Key":"from","Type":15,"Integer":0,"String":"c","Interface":null}}
2025-08-15T22:13:06.168-0500	DEBUG	protocol/handler.go:1649	have all messages and processed	{"{round 20 3  <nil>}": {"Key":"self","Type":15,"Integer":0,"String":"b","Interface":null}}
2025-08-15T22:13:06.169-0500	DEBUG	protocol/handler.go:596	round already finalized
2025-08-15T22:13:06.169-0500	DEBUG	protocol/handler.go:581	tryAdvanceRound called	{"{current_round 20 3  <nil>}": {"Key":"self","Type":15,"Integer":0,"String":"b","Interface":null}}
2025-08-15T22:13:06.169-0500	DEBUG	protocol/handler.go:1591	have processed broadcast	{"{round 20 3  <nil>}": {"Key":"from","Type":15,"Integer":0,"String":"a","Interface":null}}
2025-08-15T22:13:06.169-0500	DEBUG	protocol/handler.go:1591	have processed broadcast	{"{round 20 3  <nil>}": {"Key":"from","Type":15,"Integer":0,"String":"c","Interface":null}}
2025-08-15T22:13:06.169-0500	DEBUG	protocol/handler.go:1649	have all messages and processed	{"{round 20 3  <nil>}": {"Key":"self","Type":15,"Integer":0,"String":"b","Interface":null}}
2025-08-15T22:13:06.169-0500	DEBUG	protocol/handler.go:596	round already finalized
2025-08-15T22:13:06.200-0500	DEBUG	protocol/handler.go:581	tryAdvanceRound called	{"{current_round 20 3  <nil>}": {"Key":"self","Type":15,"Integer":0,"String":"a","Interface":null}}
2025-08-15T22:13:06.202-0500	DEBUG	protocol/handler.go:1591	have processed broadcast	{"{round 20 3  <nil>}": {"Key":"from","Type":15,"Integer":0,"String":"b","Interface":null}}
2025-08-15T22:13:06.202-0500	DEBUG	protocol/handler.go:1591	have processed broadcast	{"{round 20 3  <nil>}": {"Key":"from","Type":15,"Integer":0,"String":"c","Interface":null}}
2025-08-15T22:13:06.203-0500	DEBUG	protocol/handler.go:1649	have all messages and processed	{"{round 20 3  <nil>}": {"Key":"self","Type":15,"Integer":0,"String":"a","Interface":null}}
2025-08-15T22:13:06.203-0500	DEBUG	protocol/handler.go:596	round already finalized
2025-08-15T22:13:06.203-0500	DEBUG	protocol/handler.go:581	tryAdvanceRound called	{"{current_round 20 3  <nil>}": {"Key":"self","Type":15,"Integer":0,"String":"a","Interface":null}}
2025-08-15T22:13:06.203-0500	DEBUG	protocol/handler.go:1591	have processed broadcast	{"{round 20 3  <nil>}": {"Key":"from","Type":15,"Integer":0,"String":"b","Interface":null}}
2025-08-15T22:13:06.203-0500	DEBUG	protocol/handler.go:1591	have processed broadcast	{"{round 20 3  <nil>}": {"Key":"from","Type":15,"Integer":0,"String":"c","Interface":null}}
2025-08-15T22:13:06.204-0500	DEBUG	protocol/handler.go:1649	have all messages and processed	{"{round 20 3  <nil>}": {"Key":"self","Type":15,"Integer":0,"String":"a","Interface":null}}
2025-08-15T22:13:06.204-0500	DEBUG	protocol/handler.go:596	round already finalized
2025-08-15T22:13:06.204-0500	DEBUG	protocol/handler.go:581	tryAdvanceRound called	{"{current_round 20 3  <nil>}": {"Key":"self","Type":15,"Integer":0,"String":"b","Interface":null}}
2025-08-15T22:13:06.204-0500	DEBUG	protocol/handler.go:1591	have processed broadcast	{"{round 20 3  <nil>}": {"Key":"from","Type":15,"Integer":0,"String":"a","Interface":null}}
2025-08-15T22:13:06.204-0500	DEBUG	protocol/handler.go:1591	have processed broadcast	{"{round 20 3  <nil>}": {"Key":"from","Type":15,"Integer":0,"String":"c","Interface":null}}
2025-08-15T22:13:06.208-0500	DEBUG	protocol/handler.go:1649	have all messages and processed	{"{round 20 3  <nil>}": {"Key":"self","Type":15,"Integer":0,"String":"b","Interface":null}}
2025-08-15T22:13:06.208-0500	DEBUG	protocol/handler.go:596	round already finalized
2025-08-15T22:13:06.208-0500	DEBUG	protocol/handler.go:581	tryAdvanceRound called	{"{current_round 20 3  <nil>}": {"Key":"self","Type":15,"Integer":0,"String":"b","Interface":null}}
2025-08-15T22:13:06.208-0500	DEBUG	protocol/handler.go:1591	have processed broadcast	{"{round 20 3  <nil>}": {"Key":"from","Type":15,"Integer":0,"String":"a","Interface":null}}
2025-08-15T22:13:06.208-0500	DEBUG	protocol/handler.go:1591	have processed broadcast	{"{round 20 3  <nil>}": {"Key":"from","Type":15,"Integer":0,"String":"c","Interface":null}}
2025-08-15T22:13:06.208-0500	DEBUG	protocol/handler.go:1649	have all messages and processed	{"{round 20 3  <nil>}": {"Key":"self","Type":15,"Integer":0,"String":"b","Interface":null}}
2025-08-15T22:13:06.208-0500	DEBUG	protocol/handler.go:596	round already finalized
2025-08-15T22:13:06.208-0500	DEBUG	protocol/handler.go:581	tryAdvanceRound called	{"{current_round 20 3  <nil>}": {"Key":"self","Type":15,"Integer":0,"String":"a","Interface":null}}
2025-08-15T22:13:06.208-0500	DEBUG	protocol/handler.go:1591	have processed broadcast	{"{round 20 3  <nil>}": {"Key":"from","Type":15,"Integer":0,"String":"b","Interface":null}}
2025-08-15T22:13:06.208-0500	DEBUG	protocol/handler.go:1591	have processed broadcast	{"{round 20 3  <nil>}": {"Key":"from","Type":15,"Integer":0,"String":"c","Interface":null}}
2025-08-15T22:13:06.208-0500	DEBUG	protocol/handler.go:1649	have all messages and processed	{"{round 20 3  <nil>}": {"Key":"self","Type":15,"Integer":0,"String":"a","Interface":null}}
2025-08-15T22:13:06.208-0500	DEBUG	protocol/handler.go:596	round already finalized
2025-08-15T22:13:06.244-0500	DEBUG	protocol/handler.go:581	tryAdvanceRound called	{"{current_round 20 3  <nil>}": {"Key":"self","Type":15,"Integer":0,"String":"c","Interface":null}}
2025-08-15T22:13:06.244-0500	DEBUG	protocol/handler.go:1591	have processed broadcast	{"{round 20 3  <nil>}": {"Key":"from","Type":15,"Integer":0,"String":"a","Interface":null}}
2025-08-15T22:13:06.244-0500	DEBUG	protocol/handler.go:1591	have processed broadcast	{"{round 20 3  <nil>}": {"Key":"from","Type":15,"Integer":0,"String":"b","Interface":null}}
2025-08-15T22:13:06.244-0500	DEBUG	protocol/handler.go:1649	have all messages and processed	{"{round 20 3  <nil>}": {"Key":"self","Type":15,"Integer":0,"String":"c","Interface":null}}
2025-08-15T22:13:06.244-0500	DEBUG	protocol/handler.go:596	round already finalized
2025-08-15T22:13:06.248-0500	DEBUG	protocol/handler.go:581	tryAdvanceRound called	{"{current_round 20 3  <nil>}": {"Key":"self","Type":15,"Integer":0,"String":"b","Interface":null}}
2025-08-15T22:13:06.248-0500	DEBUG	protocol/handler.go:1591	have processed broadcast	{"{round 20 3  <nil>}": {"Key":"from","Type":15,"Integer":0,"String":"a","Interface":null}}
2025-08-15T22:13:06.248-0500	DEBUG	protocol/handler.go:1591	have processed broadcast	{"{round 20 3  <nil>}": {"Key":"from","Type":15,"Integer":0,"String":"c","Interface":null}}
2025-08-15T22:13:06.248-0500	DEBUG	protocol/handler.go:1649	have all messages and processed	{"{round 20 3  <nil>}": {"Key":"self","Type":15,"Integer":0,"String":"b","Interface":null}}
2025-08-15T22:13:06.248-0500	DEBUG	protocol/handler.go:596	round already finalized
2025-08-15T22:13:06.263-0500	DEBUG	protocol/handler.go:581	tryAdvanceRound called	{"{current_round 20 3  <nil>}": {"Key":"self","Type":15,"Integer":0,"String":"b","Interface":null}}
2025-08-15T22:13:06.263-0500	DEBUG	protocol/handler.go:1591	have processed broadcast	{"{round 20 3  <nil>}": {"Key":"from","Type":15,"Integer":0,"String":"a","Interface":null}}
2025-08-15T22:13:06.263-0500	DEBUG	protocol/handler.go:1591	have processed broadcast	{"{round 20 3  <nil>}": {"Key":"from","Type":15,"Integer":0,"String":"c","Interface":null}}
2025-08-15T22:13:06.263-0500	DEBUG	protocol/handler.go:1649	have all messages and processed	{"{round 20 3  <nil>}": {"Key":"self","Type":15,"Integer":0,"String":"b","Interface":null}}
2025-08-15T22:13:06.263-0500	DEBUG	protocol/handler.go:596	round already finalized
2025-08-15T22:13:06.264-0500	DEBUG	protocol/handler.go:581	tryAdvanceRound called	{"{current_round 20 3  <nil>}": {"Key":"self","Type":15,"Integer":0,"String":"a","Interface":null}}
2025-08-15T22:13:06.264-0500	DEBUG	protocol/handler.go:1591	have processed broadcast	{"{round 20 3  <nil>}": {"Key":"from","Type":15,"Integer":0,"String":"b","Interface":null}}
2025-08-15T22:13:06.264-0500	DEBUG	protocol/handler.go:1591	have processed broadcast	{"{round 20 3  <nil>}": {"Key":"from","Type":15,"Integer":0,"String":"c","Interface":null}}
2025-08-15T22:13:06.264-0500	DEBUG	protocol/handler.go:1649	have all messages and processed	{"{round 20 3  <nil>}": {"Key":"self","Type":15,"Integer":0,"String":"a","Interface":null}}
2025-08-15T22:13:06.264-0500	DEBUG	protocol/handler.go:596	round already finalized
2025-08-15T22:13:06.264-0500	DEBUG	protocol/handler.go:581	tryAdvanceRound called	{"{current_round 20 3  <nil>}": {"Key":"self","Type":15,"Integer":0,"String":"a","Interface":null}}
2025-08-15T22:13:06.264-0500	DEBUG	protocol/handler.go:1591	have processed broadcast	{"{round 20 3  <nil>}": {"Key":"from","Type":15,"Integer":0,"String":"b","Interface":null}}
2025-08-15T22:13:06.264-0500	DEBUG	protocol/handler.go:1591	have processed broadcast	{"{round 20 3  <nil>}": {"Key":"from","Type":15,"Integer":0,"String":"c","Interface":null}}
2025-08-15T22:13:06.264-0500	DEBUG	protocol/handler.go:1649	have all messages and processed	{"{round 20 3  <nil>}": {"Key":"self","Type":15,"Integer":0,"String":"a","Interface":null}}
2025-08-15T22:13:06.264-0500	DEBUG	protocol/handler.go:596	round already finalized
2025-08-15T22:13:06.347-0500	DEBUG	protocol/handler.go:581	tryAdvanceRound called	{"{current_round 20 3  <nil>}": {"Key":"self","Type":15,"Integer":0,"String":"c","Interface":null}}
2025-08-15T22:13:06.348-0500	DEBUG	protocol/handler.go:1591	have processed broadcast	{"{round 20 3  <nil>}": {"Key":"from","Type":15,"Integer":0,"String":"a","Interface":null}}
2025-08-15T22:13:06.348-0500	DEBUG	protocol/handler.go:1591	have processed broadcast	{"{round 20 3  <nil>}": {"Key":"from","Type":15,"Integer":0,"String":"b","Interface":null}}
2025-08-15T22:13:06.348-0500	DEBUG	protocol/handler.go:1649	have all messages and processed	{"{round 20 3  <nil>}": {"Key":"self","Type":15,"Integer":0,"String":"c","Interface":null}}
2025-08-15T22:13:06.348-0500	DEBUG	protocol/handler.go:596	round already finalized
2025-08-15T22:13:06.348-0500	DEBUG	protocol/handler.go:581	tryAdvanceRound called	{"{current_round 20 3  <nil>}": {"Key":"self","Type":15,"Integer":0,"String":"c","Interface":null}}
2025-08-15T22:13:06.348-0500	DEBUG	protocol/handler.go:1591	have processed broadcast	{"{round 20 3  <nil>}": {"Key":"from","Type":15,"Integer":0,"String":"a","Interface":null}}
2025-08-15T22:13:06.349-0500	DEBUG	protocol/handler.go:1591	have processed broadcast	{"{round 20 3  <nil>}": {"Key":"from","Type":15,"Integer":0,"String":"b","Interface":null}}
2025-08-15T22:13:06.349-0500	DEBUG	protocol/handler.go:1649	have all messages and processed	{"{round 20 3  <nil>}": {"Key":"self","Type":15,"Integer":0,"String":"c","Interface":null}}
2025-08-15T22:13:06.349-0500	DEBUG	protocol/handler.go:596	round already finalized
2025-08-15T22:13:06.349-0500	DEBUG	protocol/handler.go:581	tryAdvanceRound called	{"{current_round 20 3  <nil>}": {"Key":"self","Type":15,"Integer":0,"String":"b","Interface":null}}
2025-08-15T22:13:06.349-0500	DEBUG	protocol/handler.go:1591	have processed broadcast	{"{round 20 3  <nil>}": {"Key":"from","Type":15,"Integer":0,"String":"a","Interface":null}}
2025-08-15T22:13:06.349-0500	DEBUG	protocol/handler.go:1591	have processed broadcast	{"{round 20 3  <nil>}": {"Key":"from","Type":15,"Integer":0,"String":"c","Interface":null}}
2025-08-15T22:13:06.350-0500	DEBUG	protocol/handler.go:1649	have all messages and processed	{"{round 20 3  <nil>}": {"Key":"self","Type":15,"Integer":0,"String":"b","Interface":null}}
2025-08-15T22:13:06.350-0500	DEBUG	protocol/handler.go:596	round already finalized
2025-08-15T22:13:06.350-0500	DEBUG	protocol/handler.go:581	tryAdvanceRound called	{"{current_round 20 3  <nil>}": {"Key":"self","Type":15,"Integer":0,"String":"b","Interface":null}}
2025-08-15T22:13:06.351-0500	DEBUG	protocol/handler.go:1591	have processed broadcast	{"{round 20 3  <nil>}": {"Key":"from","Type":15,"Integer":0,"String":"a","Interface":null}}
2025-08-15T22:13:06.352-0500	DEBUG	protocol/handler.go:1591	have processed broadcast	{"{round 20 3  <nil>}": {"Key":"from","Type":15,"Integer":0,"String":"c","Interface":null}}
2025-08-15T22:13:06.352-0500	DEBUG	protocol/handler.go:1649	have all messages and processed	{"{round 20 3  <nil>}": {"Key":"self","Type":15,"Integer":0,"String":"b","Interface":null}}
2025-08-15T22:13:06.352-0500	DEBUG	protocol/handler.go:596	round already finalized
2025-08-15T22:13:06.352-0500	DEBUG	protocol/handler.go:581	tryAdvanceRound called	{"{current_round 20 3  <nil>}": {"Key":"self","Type":15,"Integer":0,"String":"c","Interface":null}}
2025-08-15T22:13:06.352-0500	DEBUG	protocol/handler.go:1591	have processed broadcast	{"{round 20 3  <nil>}": {"Key":"from","Type":15,"Integer":0,"String":"a","Interface":null}}
2025-08-15T22:13:06.352-0500	DEBUG	protocol/handler.go:1591	have processed broadcast	{"{round 20 3  <nil>}": {"Key":"from","Type":15,"Integer":0,"String":"b","Interface":null}}
2025-08-15T22:13:06.352-0500	DEBUG	protocol/handler.go:1649	have all messages and processed	{"{round 20 3  <nil>}": {"Key":"self","Type":15,"Integer":0,"String":"c","Interface":null}}
2025-08-15T22:13:06.352-0500	DEBUG	protocol/handler.go:596	round already finalized
2025-08-15T22:13:06.360-0500	DEBUG	protocol/handler.go:581	tryAdvanceRound called	{"{current_round 20 3  <nil>}": {"Key":"self","Type":15,"Integer":0,"String":"a","Interface":null}}
2025-08-15T22:13:06.361-0500	DEBUG	protocol/handler.go:1591	have processed broadcast	{"{round 20 3  <nil>}": {"Key":"from","Type":15,"Integer":0,"String":"b","Interface":null}}
2025-08-15T22:13:06.361-0500	DEBUG	protocol/handler.go:1591	have processed broadcast	{"{round 20 3  <nil>}": {"Key":"from","Type":15,"Integer":0,"String":"c","Interface":null}}
2025-08-15T22:13:06.361-0500	DEBUG	protocol/handler.go:1649	have all messages and processed	{"{round 20 3  <nil>}": {"Key":"self","Type":15,"Integer":0,"String":"a","Interface":null}}
2025-08-15T22:13:06.361-0500	DEBUG	protocol/handler.go:596	round already finalized
2025-08-15T22:13:06.361-0500	DEBUG	protocol/handler.go:581	tryAdvanceRound called	{"{current_round 20 3  <nil>}": {"Key":"self","Type":15,"Integer":0,"String":"a","Interface":null}}
2025-08-15T22:13:06.361-0500	DEBUG	protocol/handler.go:1591	have processed broadcast	{"{round 20 3  <nil>}": {"Key":"from","Type":15,"Integer":0,"String":"b","Interface":null}}
2025-08-15T22:13:06.361-0500	DEBUG	protocol/handler.go:1591	have processed broadcast	{"{round 20 3  <nil>}": {"Key":"from","Type":15,"Integer":0,"String":"c","Interface":null}}
2025-08-15T22:13:06.361-0500	DEBUG	protocol/handler.go:1649	have all messages and processed	{"{round 20 3  <nil>}": {"Key":"self","Type":15,"Integer":0,"String":"a","Interface":null}}
2025-08-15T22:13:06.361-0500	DEBUG	protocol/handler.go:596	round already finalized
2025-08-15T22:13:06.390-0500	DEBUG	protocol/handler.go:581	tryAdvanceRound called	{"{current_round 20 3  <nil>}": {"Key":"self","Type":15,"Integer":0,"String":"a","Interface":null}}
2025-08-15T22:13:06.458-0500	DEBUG	protocol/handler.go:1591	have processed broadcast	{"{round 20 3  <nil>}": {"Key":"from","Type":15,"Integer":0,"String":"b","Interface":null}}
2025-08-15T22:13:06.458-0500	DEBUG	protocol/handler.go:1591	have processed broadcast	{"{round 20 3  <nil>}": {"Key":"from","Type":15,"Integer":0,"String":"c","Interface":null}}
2025-08-15T22:13:06.458-0500	DEBUG	protocol/handler.go:1649	have all messages and processed	{"{round 20 3  <nil>}": {"Key":"self","Type":15,"Integer":0,"String":"a","Interface":null}}
2025-08-15T22:13:06.458-0500	DEBUG	protocol/handler.go:596	round already finalized
2025-08-15T22:13:06.458-0500	DEBUG	protocol/handler.go:581	tryAdvanceRound called	{"{current_round 20 3  <nil>}": {"Key":"self","Type":15,"Integer":0,"String":"a","Interface":null}}
2025-08-15T22:13:06.458-0500	DEBUG	protocol/handler.go:1591	have processed broadcast	{"{round 20 3  <nil>}": {"Key":"from","Type":15,"Integer":0,"String":"b","Interface":null}}
2025-08-15T22:13:06.458-0500	DEBUG	protocol/handler.go:1591	have processed broadcast	{"{round 20 3  <nil>}": {"Key":"from","Type":15,"Integer":0,"String":"c","Interface":null}}
2025-08-15T22:13:06.459-0500	DEBUG	protocol/handler.go:1649	have all messages and processed	{"{round 20 3  <nil>}": {"Key":"self","Type":15,"Integer":0,"String":"a","Interface":null}}
2025-08-15T22:13:06.459-0500	DEBUG	protocol/handler.go:596	round already finalized
2025-08-15T22:13:06.418-0500	DEBUG	protocol/handler.go:581	tryAdvanceRound called	{"{current_round 20 3  <nil>}": {"Key":"self","Type":15,"Integer":0,"String":"b","Interface":null}}
2025-08-15T22:13:06.459-0500	DEBUG	protocol/handler.go:1591	have processed broadcast	{"{round 20 3  <nil>}": {"Key":"from","Type":15,"Integer":0,"String":"a","Interface":null}}
2025-08-15T22:13:06.459-0500	DEBUG	protocol/handler.go:1591	have processed broadcast	{"{round 20 3  <nil>}": {"Key":"from","Type":15,"Integer":0,"String":"c","Interface":null}}
2025-08-15T22:13:06.459-0500	DEBUG	protocol/handler.go:1649	have all messages and processed	{"{round 20 3  <nil>}": {"Key":"self","Type":15,"Integer":0,"String":"b","Interface":null}}
2025-08-15T22:13:06.459-0500	DEBUG	protocol/handler.go:596	round already finalized
2025-08-15T22:13:06.459-0500	DEBUG	protocol/handler.go:581	tryAdvanceRound called	{"{current_round 20 3  <nil>}": {"Key":"self","Type":15,"Integer":0,"String":"b","Interface":null}}
2025-08-15T22:13:06.460-0500	DEBUG	protocol/handler.go:1591	have processed broadcast	{"{round 20 3  <nil>}": {"Key":"from","Type":15,"Integer":0,"String":"a","Interface":null}}
2025-08-15T22:13:06.460-0500	DEBUG	protocol/handler.go:1591	have processed broadcast	{"{round 20 3  <nil>}": {"Key":"from","Type":15,"Integer":0,"String":"c","Interface":null}}
2025-08-15T22:13:06.460-0500	DEBUG	protocol/handler.go:1649	have all messages and processed	{"{round 20 3  <nil>}": {"Key":"self","Type":15,"Integer":0,"String":"b","Interface":null}}
2025-08-15T22:13:06.460-0500	DEBUG	protocol/handler.go:596	round already finalized
2025-08-15T22:13:06.460-0500	DEBUG	protocol/handler.go:581	tryAdvanceRound called	{"{current_round 20 3  <nil>}": {"Key":"self","Type":15,"Integer":0,"String":"b","Interface":null}}
2025-08-15T22:13:06.460-0500	DEBUG	protocol/handler.go:1591	have processed broadcast	{"{round 20 3  <nil>}": {"Key":"from","Type":15,"Integer":0,"String":"a","Interface":null}}
2025-08-15T22:13:06.460-0500	DEBUG	protocol/handler.go:1591	have processed broadcast	{"{round 20 3  <nil>}": {"Key":"from","Type":15,"Integer":0,"String":"c","Interface":null}}
2025-08-15T22:13:06.460-0500	DEBUG	protocol/handler.go:1649	have all messages and processed	{"{round 20 3  <nil>}": {"Key":"self","Type":15,"Integer":0,"String":"b","Interface":null}}
2025-08-15T22:13:06.460-0500	DEBUG	protocol/handler.go:596	round already finalized
2025-08-15T22:13:06.418-0500	DEBUG	protocol/handler.go:581	tryAdvanceRound called	{"{current_round 20 3  <nil>}": {"Key":"self","Type":15,"Integer":0,"String":"c","Interface":null}}
2025-08-15T22:13:06.460-0500	DEBUG	protocol/handler.go:1591	have processed broadcast	{"{round 20 3  <nil>}": {"Key":"from","Type":15,"Integer":0,"String":"a","Interface":null}}
2025-08-15T22:13:06.461-0500	DEBUG	protocol/handler.go:1591	have processed broadcast	{"{round 20 3  <nil>}": {"Key":"from","Type":15,"Integer":0,"String":"b","Interface":null}}
2025-08-15T22:13:06.461-0500	DEBUG	protocol/handler.go:1649	have all messages and processed	{"{round 20 3  <nil>}": {"Key":"self","Type":15,"Integer":0,"String":"c","Interface":null}}
2025-08-15T22:13:06.461-0500	DEBUG	protocol/handler.go:596	round already finalized
2025-08-15T22:13:06.461-0500	DEBUG	protocol/handler.go:581	tryAdvanceRound called	{"{current_round 20 3  <nil>}": {"Key":"self","Type":15,"Integer":0,"String":"c","Interface":null}}
2025-08-15T22:13:06.461-0500	DEBUG	protocol/handler.go:1591	have processed broadcast	{"{round 20 3  <nil>}": {"Key":"from","Type":15,"Integer":0,"String":"a","Interface":null}}
2025-08-15T22:13:06.461-0500	DEBUG	protocol/handler.go:1591	have processed broadcast	{"{round 20 3  <nil>}": {"Key":"from","Type":15,"Integer":0,"String":"b","Interface":null}}
2025-08-15T22:13:06.461-0500	DEBUG	protocol/handler.go:1649	have all messages and processed	{"{round 20 3  <nil>}": {"Key":"self","Type":15,"Integer":0,"String":"c","Interface":null}}
2025-08-15T22:13:06.461-0500	DEBUG	protocol/handler.go:596	round already finalized
2025-08-15T22:13:06.488-0500	DEBUG	protocol/handler.go:581	tryAdvanceRound called	{"{current_round 20 3  <nil>}": {"Key":"self","Type":15,"Integer":0,"String":"b","Interface":null}}
2025-08-15T22:13:06.488-0500	DEBUG	protocol/handler.go:1591	have processed broadcast	{"{round 20 3  <nil>}": {"Key":"from","Type":15,"Integer":0,"String":"a","Interface":null}}
2025-08-15T22:13:06.488-0500	DEBUG	protocol/handler.go:1591	have processed broadcast	{"{round 20 3  <nil>}": {"Key":"from","Type":15,"Integer":0,"String":"c","Interface":null}}
2025-08-15T22:13:06.488-0500	DEBUG	protocol/handler.go:1649	have all messages and processed	{"{round 20 3  <nil>}": {"Key":"self","Type":15,"Integer":0,"String":"b","Interface":null}}
2025-08-15T22:13:06.488-0500	DEBUG	protocol/handler.go:596	round already finalized
2025-08-15T22:13:06.488-0500	DEBUG	protocol/handler.go:581	tryAdvanceRound called	{"{current_round 20 3  <nil>}": {"Key":"self","Type":15,"Integer":0,"String":"a","Interface":null}}
2025-08-15T22:13:06.488-0500	DEBUG	protocol/handler.go:1591	have processed broadcast	{"{round 20 3  <nil>}": {"Key":"from","Type":15,"Integer":0,"String":"b","Interface":null}}
2025-08-15T22:13:06.488-0500	DEBUG	protocol/handler.go:1591	have processed broadcast	{"{round 20 3  <nil>}": {"Key":"from","Type":15,"Integer":0,"String":"c","Interface":null}}
2025-08-15T22:13:06.488-0500	DEBUG	protocol/handler.go:1649	have all messages and processed	{"{round 20 3  <nil>}": {"Key":"self","Type":15,"Integer":0,"String":"a","Interface":null}}
2025-08-15T22:13:06.488-0500	DEBUG	protocol/handler.go:596	round already finalized
2025-08-15T22:13:06.488-0500	DEBUG	protocol/handler.go:581	tryAdvanceRound called	{"{current_round 20 3  <nil>}": {"Key":"self","Type":15,"Integer":0,"String":"c","Interface":null}}
2025-08-15T22:13:06.488-0500	DEBUG	protocol/handler.go:1591	have processed broadcast	{"{round 20 3  <nil>}": {"Key":"from","Type":15,"Integer":0,"String":"a","Interface":null}}
2025-08-15T22:13:06.488-0500	DEBUG	protocol/handler.go:1591	have processed broadcast	{"{round 20 3  <nil>}": {"Key":"from","Type":15,"Integer":0,"String":"b","Interface":null}}
2025-08-15T22:13:06.488-0500	DEBUG	protocol/handler.go:1649	have all messages and processed	{"{round 20 3  <nil>}": {"Key":"self","Type":15,"Integer":0,"String":"c","Interface":null}}
2025-08-15T22:13:06.488-0500	DEBUG	protocol/handler.go:596	round already finalized
2025-08-15T22:13:06.516-0500	DEBUG	protocol/handler.go:581	tryAdvanceRound called	{"{current_round 20 3  <nil>}": {"Key":"self","Type":15,"Integer":0,"String":"a","Interface":null}}
2025-08-15T22:13:06.516-0500	DEBUG	protocol/handler.go:1591	have processed broadcast	{"{round 20 3  <nil>}": {"Key":"from","Type":15,"Integer":0,"String":"b","Interface":null}}
2025-08-15T22:13:06.516-0500	DEBUG	protocol/handler.go:1591	have processed broadcast	{"{round 20 3  <nil>}": {"Key":"from","Type":15,"Integer":0,"String":"c","Interface":null}}
2025-08-15T22:13:06.516-0500	DEBUG	protocol/handler.go:1649	have all messages and processed	{"{round 20 3  <nil>}": {"Key":"self","Type":15,"Integer":0,"String":"a","Interface":null}}
2025-08-15T22:13:06.516-0500	DEBUG	protocol/handler.go:596	round already finalized
2025-08-15T22:13:06.516-0500	DEBUG	protocol/handler.go:581	tryAdvanceRound called	{"{current_round 20 3  <nil>}": {"Key":"self","Type":15,"Integer":0,"String":"a","Interface":null}}
2025-08-15T22:13:06.517-0500	DEBUG	protocol/handler.go:1591	have processed broadcast	{"{round 20 3  <nil>}": {"Key":"from","Type":15,"Integer":0,"String":"b","Interface":null}}
2025-08-15T22:13:06.517-0500	DEBUG	protocol/handler.go:1591	have processed broadcast	{"{round 20 3  <nil>}": {"Key":"from","Type":15,"Integer":0,"String":"c","Interface":null}}
2025-08-15T22:13:06.517-0500	DEBUG	protocol/handler.go:1649	have all messages and processed	{"{round 20 3  <nil>}": {"Key":"self","Type":15,"Integer":0,"String":"a","Interface":null}}
2025-08-15T22:13:06.517-0500	DEBUG	protocol/handler.go:596	round already finalized
2025-08-15T22:13:06.564-0500	DEBUG	protocol/handler.go:581	tryAdvanceRound called	{"{current_round 20 3  <nil>}": {"Key":"self","Type":15,"Integer":0,"String":"a","Interface":null}}
2025-08-15T22:13:06.564-0500	DEBUG	protocol/handler.go:1591	have processed broadcast	{"{round 20 3  <nil>}": {"Key":"from","Type":15,"Integer":0,"String":"b","Interface":null}}
2025-08-15T22:13:06.564-0500	DEBUG	protocol/handler.go:1591	have processed broadcast	{"{round 20 3  <nil>}": {"Key":"from","Type":15,"Integer":0,"String":"c","Interface":null}}
2025-08-15T22:13:06.565-0500	DEBUG	protocol/handler.go:1649	have all messages and processed	{"{round 20 3  <nil>}": {"Key":"self","Type":15,"Integer":0,"String":"a","Interface":null}}
2025-08-15T22:13:06.565-0500	DEBUG	protocol/handler.go:596	round already finalized
2025-08-15T22:13:06.565-0500	DEBUG	protocol/handler.go:581	tryAdvanceRound called	{"{current_round 20 3  <nil>}": {"Key":"self","Type":15,"Integer":0,"String":"b","Interface":null}}
2025-08-15T22:13:06.565-0500	DEBUG	protocol/handler.go:1591	have processed broadcast	{"{round 20 3  <nil>}": {"Key":"from","Type":15,"Integer":0,"String":"a","Interface":null}}
2025-08-15T22:13:06.565-0500	DEBUG	protocol/handler.go:1591	have processed broadcast	{"{round 20 3  <nil>}": {"Key":"from","Type":15,"Integer":0,"String":"c","Interface":null}}
2025-08-15T22:13:06.565-0500	DEBUG	protocol/handler.go:1649	have all messages and processed	{"{round 20 3  <nil>}": {"Key":"self","Type":15,"Integer":0,"String":"b","Interface":null}}
2025-08-15T22:13:06.565-0500	DEBUG	protocol/handler.go:596	round already finalized
2025-08-15T22:13:06.565-0500	DEBUG	protocol/handler.go:581	tryAdvanceRound called	{"{current_round 20 3  <nil>}": {"Key":"self","Type":15,"Integer":0,"String":"b","Interface":null}}
2025-08-15T22:13:06.565-0500	DEBUG	protocol/handler.go:1591	have processed broadcast	{"{round 20 3  <nil>}": {"Key":"from","Type":15,"Integer":0,"String":"a","Interface":null}}
2025-08-15T22:13:06.565-0500	DEBUG	protocol/handler.go:1591	have processed broadcast	{"{round 20 3  <nil>}": {"Key":"from","Type":15,"Integer":0,"String":"c","Interface":null}}
2025-08-15T22:13:06.565-0500	DEBUG	protocol/handler.go:1649	have all messages and processed	{"{round 20 3  <nil>}": {"Key":"self","Type":15,"Integer":0,"String":"b","Interface":null}}
2025-08-15T22:13:06.565-0500	DEBUG	protocol/handler.go:596	round already finalized
2025-08-15T22:13:06.565-0500	DEBUG	protocol/handler.go:581	tryAdvanceRound called	{"{current_round 20 3  <nil>}": {"Key":"self","Type":15,"Integer":0,"String":"c","Interface":null}}
2025-08-15T22:13:06.568-0500	DEBUG	protocol/handler.go:1591	have processed broadcast	{"{round 20 3  <nil>}": {"Key":"from","Type":15,"Integer":0,"String":"a","Interface":null}}
2025-08-15T22:13:06.568-0500	DEBUG	protocol/handler.go:1591	have processed broadcast	{"{round 20 3  <nil>}": {"Key":"from","Type":15,"Integer":0,"String":"b","Interface":null}}
2025-08-15T22:13:06.568-0500	DEBUG	protocol/handler.go:1649	have all messages and processed	{"{round 20 3  <nil>}": {"Key":"self","Type":15,"Integer":0,"String":"c","Interface":null}}
2025-08-15T22:13:06.568-0500	DEBUG	protocol/handler.go:596	round already finalized
2025-08-15T22:13:06.568-0500	DEBUG	protocol/handler.go:581	tryAdvanceRound called	{"{current_round 20 3  <nil>}": {"Key":"self","Type":15,"Integer":0,"String":"c","Interface":null}}
2025-08-15T22:13:06.568-0500	DEBUG	protocol/handler.go:1591	have processed broadcast	{"{round 20 3  <nil>}": {"Key":"from","Type":15,"Integer":0,"String":"a","Interface":null}}
2025-08-15T22:13:06.568-0500	DEBUG	protocol/handler.go:1591	have processed broadcast	{"{round 20 3  <nil>}": {"Key":"from","Type":15,"Integer":0,"String":"b","Interface":null}}
2025-08-15T22:13:06.568-0500	DEBUG	protocol/handler.go:1649	have all messages and processed	{"{round 20 3  <nil>}": {"Key":"self","Type":15,"Integer":0,"String":"c","Interface":null}}
2025-08-15T22:13:06.568-0500	DEBUG	protocol/handler.go:596	round already finalized
2025-08-15T22:13:06.568-0500	DEBUG	protocol/handler.go:581	tryAdvanceRound called	{"{current_round 20 3  <nil>}": {"Key":"self","Type":15,"Integer":0,"String":"a","Interface":null}}
2025-08-15T22:13:06.568-0500	DEBUG	protocol/handler.go:1591	have processed broadcast	{"{round 20 3  <nil>}": {"Key":"from","Type":15,"Integer":0,"String":"b","Interface":null}}
2025-08-15T22:13:06.568-0500	DEBUG	protocol/handler.go:1591	have processed broadcast	{"{round 20 3  <nil>}": {"Key":"from","Type":15,"Integer":0,"String":"c","Interface":null}}
2025-08-15T22:13:06.569-0500	DEBUG	protocol/handler.go:1649	have all messages and processed	{"{round 20 3  <nil>}": {"Key":"self","Type":15,"Integer":0,"String":"a","Interface":null}}
2025-08-15T22:13:06.569-0500	DEBUG	protocol/handler.go:596	round already finalized
2025-08-15T22:13:06.582-0500	DEBUG	protocol/handler.go:581	tryAdvanceRound called	{"{current_round 20 3  <nil>}": {"Key":"self","Type":15,"Integer":0,"String":"a","Interface":null}}
2025-08-15T22:13:06.582-0500	DEBUG	protocol/handler.go:1591	have processed broadcast	{"{round 20 3  <nil>}": {"Key":"from","Type":15,"Integer":0,"String":"b","Interface":null}}
2025-08-15T22:13:06.582-0500	DEBUG	protocol/handler.go:1591	have processed broadcast	{"{round 20 3  <nil>}": {"Key":"from","Type":15,"Integer":0,"String":"c","Interface":null}}
2025-08-15T22:13:06.582-0500	DEBUG	protocol/handler.go:1649	have all messages and processed	{"{round 20 3  <nil>}": {"Key":"self","Type":15,"Integer":0,"String":"a","Interface":null}}
2025-08-15T22:13:06.582-0500	DEBUG	protocol/handler.go:596	round already finalized
2025-08-15T22:13:06.605-0500	DEBUG	protocol/handler.go:581	tryAdvanceRound called	{"{current_round 20 3  <nil>}": {"Key":"self","Type":15,"Integer":0,"String":"a","Interface":null}}
2025-08-15T22:13:06.605-0500	DEBUG	protocol/handler.go:1591	have processed broadcast	{"{round 20 3  <nil>}": {"Key":"from","Type":15,"Integer":0,"String":"b","Interface":null}}
2025-08-15T22:13:06.605-0500	DEBUG	protocol/handler.go:1591	have processed broadcast	{"{round 20 3  <nil>}": {"Key":"from","Type":15,"Integer":0,"String":"c","Interface":null}}
2025-08-15T22:13:06.605-0500	DEBUG	protocol/handler.go:1649	have all messages and processed	{"{round 20 3  <nil>}": {"Key":"self","Type":15,"Integer":0,"String":"a","Interface":null}}
2025-08-15T22:13:06.605-0500	DEBUG	protocol/handler.go:596	round already finalized
2025-08-15T22:13:06.605-0500	DEBUG	protocol/handler.go:581	tryAdvanceRound called	{"{current_round 20 3  <nil>}": {"Key":"self","Type":15,"Integer":0,"String":"b","Interface":null}}
2025-08-15T22:13:06.605-0500	DEBUG	protocol/handler.go:1591	have processed broadcast	{"{round 20 3  <nil>}": {"Key":"from","Type":15,"Integer":0,"String":"a","Interface":null}}
2025-08-15T22:13:06.605-0500	DEBUG	protocol/handler.go:1591	have processed broadcast	{"{round 20 3  <nil>}": {"Key":"from","Type":15,"Integer":0,"String":"c","Interface":null}}
2025-08-15T22:13:06.605-0500	DEBUG	protocol/handler.go:1649	have all messages and processed	{"{round 20 3  <nil>}": {"Key":"self","Type":15,"Integer":0,"String":"b","Interface":null}}
2025-08-15T22:13:06.605-0500	DEBUG	protocol/handler.go:596	round already finalized
2025-08-15T22:13:06.605-0500	DEBUG	protocol/handler.go:581	tryAdvanceRound called	{"{current_round 20 3  <nil>}": {"Key":"self","Type":15,"Integer":0,"String":"b","Interface":null}}
2025-08-15T22:13:06.605-0500	DEBUG	protocol/handler.go:1591	have processed broadcast	{"{round 20 3  <nil>}": {"Key":"from","Type":15,"Integer":0,"String":"a","Interface":null}}
2025-08-15T22:13:06.605-0500	DEBUG	protocol/handler.go:1591	have processed broadcast	{"{round 20 3  <nil>}": {"Key":"from","Type":15,"Integer":0,"String":"c","Interface":null}}
2025-08-15T22:13:06.605-0500	DEBUG	protocol/handler.go:1649	have all messages and processed	{"{round 20 3  <nil>}": {"Key":"self","Type":15,"Integer":0,"String":"b","Interface":null}}
2025-08-15T22:13:06.605-0500	DEBUG	protocol/handler.go:596	round already finalized
2025-08-15T22:13:06.605-0500	DEBUG	protocol/handler.go:581	tryAdvanceRound called	{"{current_round 20 3  <nil>}": {"Key":"self","Type":15,"Integer":0,"String":"c","Interface":null}}
2025-08-15T22:13:06.606-0500	DEBUG	protocol/handler.go:1591	have processed broadcast	{"{round 20 3  <nil>}": {"Key":"from","Type":15,"Integer":0,"String":"a","Interface":null}}
2025-08-15T22:13:06.606-0500	DEBUG	protocol/handler.go:1591	have processed broadcast	{"{round 20 3  <nil>}": {"Key":"from","Type":15,"Integer":0,"String":"b","Interface":null}}
2025-08-15T22:13:06.606-0500	DEBUG	protocol/handler.go:1649	have all messages and processed	{"{round 20 3  <nil>}": {"Key":"self","Type":15,"Integer":0,"String":"c","Interface":null}}
2025-08-15T22:13:06.606-0500	DEBUG	protocol/handler.go:596	round already finalized
2025-08-15T22:13:06.606-0500	DEBUG	protocol/handler.go:581	tryAdvanceRound called	{"{current_round 20 3  <nil>}": {"Key":"self","Type":15,"Integer":0,"String":"c","Interface":null}}
2025-08-15T22:13:06.606-0500	DEBUG	protocol/handler.go:1591	have processed broadcast	{"{round 20 3  <nil>}": {"Key":"from","Type":15,"Integer":0,"String":"a","Interface":null}}
2025-08-15T22:13:06.606-0500	DEBUG	protocol/handler.go:1591	have processed broadcast	{"{round 20 3  <nil>}": {"Key":"from","Type":15,"Integer":0,"String":"b","Interface":null}}
2025-08-15T22:13:06.606-0500	DEBUG	protocol/handler.go:1649	have all messages and processed	{"{round 20 3  <nil>}": {"Key":"self","Type":15,"Integer":0,"String":"c","Interface":null}}
2025-08-15T22:13:06.606-0500	DEBUG	protocol/handler.go:596	round already finalized
2025-08-15T22:13:06.606-0500	DEBUG	protocol/handler.go:581	tryAdvanceRound called	{"{current_round 20 3  <nil>}": {"Key":"self","Type":15,"Integer":0,"String":"a","Interface":null}}
2025-08-15T22:13:06.606-0500	DEBUG	protocol/handler.go:1591	have processed broadcast	{"{round 20 3  <nil>}": {"Key":"from","Type":15,"Integer":0,"String":"b","Interface":null}}
2025-08-15T22:13:06.606-0500	DEBUG	protocol/handler.go:1591	have processed broadcast	{"{round 20 3  <nil>}": {"Key":"from","Type":15,"Integer":0,"String":"c","Interface":null}}
2025-08-15T22:13:06.606-0500	DEBUG	protocol/handler.go:1649	have all messages and processed	{"{round 20 3  <nil>}": {"Key":"self","Type":15,"Integer":0,"String":"a","Interface":null}}
2025-08-15T22:13:06.606-0500	DEBUG	protocol/handler.go:596	round already finalized
2025-08-15T22:13:06.627-0500	DEBUG	protocol/handler.go:581	tryAdvanceRound called	{"{current_round 20 3  <nil>}": {"Key":"self","Type":15,"Integer":0,"String":"c","Interface":null}}
2025-08-15T22:13:06.627-0500	DEBUG	protocol/handler.go:1591	have processed broadcast	{"{round 20 3  <nil>}": {"Key":"from","Type":15,"Integer":0,"String":"a","Interface":null}}
2025-08-15T22:13:06.627-0500	DEBUG	protocol/handler.go:1591	have processed broadcast	{"{round 20 3  <nil>}": {"Key":"from","Type":15,"Integer":0,"String":"b","Interface":null}}
2025-08-15T22:13:06.627-0500	DEBUG	protocol/handler.go:1649	have all messages and processed	{"{round 20 3  <nil>}": {"Key":"self","Type":15,"Integer":0,"String":"c","Interface":null}}
2025-08-15T22:13:06.627-0500	DEBUG	protocol/handler.go:596	round already finalized
2025-08-15T22:13:06.651-0500	DEBUG	protocol/handler.go:581	tryAdvanceRound called	{"{current_round 20 3  <nil>}": {"Key":"self","Type":15,"Integer":0,"String":"b","Interface":null}}
2025-08-15T22:13:06.651-0500	DEBUG	protocol/handler.go:1591	have processed broadcast	{"{round 20 3  <nil>}": {"Key":"from","Type":15,"Integer":0,"String":"a","Interface":null}}
2025-08-15T22:13:06.651-0500	DEBUG	protocol/handler.go:1591	have processed broadcast	{"{round 20 3  <nil>}": {"Key":"from","Type":15,"Integer":0,"String":"c","Interface":null}}
2025-08-15T22:13:06.651-0500	DEBUG	protocol/handler.go:1649	have all messages and processed	{"{round 20 3  <nil>}": {"Key":"self","Type":15,"Integer":0,"String":"b","Interface":null}}
2025-08-15T22:13:06.651-0500	DEBUG	protocol/handler.go:596	round already finalized
2025-08-15T22:13:06.651-0500	DEBUG	protocol/handler.go:581	tryAdvanceRound called	{"{current_round 20 3  <nil>}": {"Key":"self","Type":15,"Integer":0,"String":"b","Interface":null}}
2025-08-15T22:13:06.651-0500	DEBUG	protocol/handler.go:1591	have processed broadcast	{"{round 20 3  <nil>}": {"Key":"from","Type":15,"Integer":0,"String":"a","Interface":null}}
2025-08-15T22:13:06.651-0500	DEBUG	protocol/handler.go:1591	have processed broadcast	{"{round 20 3  <nil>}": {"Key":"from","Type":15,"Integer":0,"String":"c","Interface":null}}
2025-08-15T22:13:06.652-0500	DEBUG	protocol/handler.go:1649	have all messages and processed	{"{round 20 3  <nil>}": {"Key":"self","Type":15,"Integer":0,"String":"b","Interface":null}}
2025-08-15T22:13:06.652-0500	DEBUG	protocol/handler.go:596	round already finalized
2025-08-15T22:13:06.652-0500	DEBUG	protocol/handler.go:581	tryAdvanceRound called	{"{current_round 20 3  <nil>}": {"Key":"self","Type":15,"Integer":0,"String":"a","Interface":null}}
2025-08-15T22:13:06.652-0500	DEBUG	protocol/handler.go:1591	have processed broadcast	{"{round 20 3  <nil>}": {"Key":"from","Type":15,"Integer":0,"String":"b","Interface":null}}
2025-08-15T22:13:06.652-0500	DEBUG	protocol/handler.go:1591	have processed broadcast	{"{round 20 3  <nil>}": {"Key":"from","Type":15,"Integer":0,"String":"c","Interface":null}}
2025-08-15T22:13:06.652-0500	DEBUG	protocol/handler.go:1649	have all messages and processed	{"{round 20 3  <nil>}": {"Key":"self","Type":15,"Integer":0,"String":"a","Interface":null}}
2025-08-15T22:13:06.652-0500	DEBUG	protocol/handler.go:596	round already finalized
2025-08-15T22:13:06.652-0500	DEBUG	protocol/handler.go:581	tryAdvanceRound called	{"{current_round 20 3  <nil>}": {"Key":"self","Type":15,"Integer":0,"String":"a","Interface":null}}
2025-08-15T22:13:06.652-0500	DEBUG	protocol/handler.go:1591	have processed broadcast	{"{round 20 3  <nil>}": {"Key":"from","Type":15,"Integer":0,"String":"b","Interface":null}}
2025-08-15T22:13:06.652-0500	DEBUG	protocol/handler.go:1591	have processed broadcast	{"{round 20 3  <nil>}": {"Key":"from","Type":15,"Integer":0,"String":"c","Interface":null}}
2025-08-15T22:13:06.652-0500	DEBUG	protocol/handler.go:1649	have all messages and processed	{"{round 20 3  <nil>}": {"Key":"self","Type":15,"Integer":0,"String":"a","Interface":null}}
2025-08-15T22:13:06.652-0500	DEBUG	protocol/handler.go:596	round already finalized
2025-08-15T22:13:06.652-0500	DEBUG	protocol/handler.go:581	tryAdvanceRound called	{"{current_round 20 3  <nil>}": {"Key":"self","Type":15,"Integer":0,"String":"c","Interface":null}}
2025-08-15T22:13:06.652-0500	DEBUG	protocol/handler.go:1591	have processed broadcast	{"{round 20 3  <nil>}": {"Key":"from","Type":15,"Integer":0,"String":"a","Interface":null}}
2025-08-15T22:13:06.652-0500	DEBUG	protocol/handler.go:1591	have processed broadcast	{"{round 20 3  <nil>}": {"Key":"from","Type":15,"Integer":0,"String":"b","Interface":null}}
2025-08-15T22:13:06.733-0500	DEBUG	protocol/handler.go:581	tryAdvanceRound called	{"{current_round 20 3  <nil>}": {"Key":"self","Type":15,"Integer":0,"String":"b","Interface":null}}
2025-08-15T22:13:06.733-0500	DEBUG	protocol/handler.go:1591	have processed broadcast	{"{round 20 3  <nil>}": {"Key":"from","Type":15,"Integer":0,"String":"a","Interface":null}}
2025-08-15T22:13:06.733-0500	DEBUG	protocol/handler.go:581	tryAdvanceRound called	{"{current_round 20 3  <nil>}": {"Key":"self","Type":15,"Integer":0,"String":"a","Interface":null}}
2025-08-15T22:13:06.733-0500	DEBUG	protocol/handler.go:1591	have processed broadcast	{"{round 20 3  <nil>}": {"Key":"from","Type":15,"Integer":0,"String":"b","Interface":null}}
2025-08-15T22:13:06.733-0500	DEBUG	protocol/handler.go:1591	have processed broadcast	{"{round 20 3  <nil>}": {"Key":"from","Type":15,"Integer":0,"String":"c","Interface":null}}
2025-08-15T22:13:06.733-0500	DEBUG	protocol/handler.go:1649	have all messages and processed	{"{round 20 3  <nil>}": {"Key":"self","Type":15,"Integer":0,"String":"a","Interface":null}}
2025-08-15T22:13:06.733-0500	DEBUG	protocol/handler.go:596	round already finalized
2025-08-15T22:13:06.733-0500	DEBUG	protocol/handler.go:1591	have processed broadcast	{"{round 20 3  <nil>}": {"Key":"from","Type":15,"Integer":0,"String":"c","Interface":null}}
2025-08-15T22:13:06.784-0500	DEBUG	protocol/handler.go:1649	have all messages and processed	{"{round 20 3  <nil>}": {"Key":"self","Type":15,"Integer":0,"String":"b","Interface":null}}
2025-08-15T22:13:06.784-0500	DEBUG	protocol/handler.go:596	round already finalized
2025-08-15T22:13:06.784-0500	DEBUG	protocol/handler.go:581	tryAdvanceRound called	{"{current_round 20 3  <nil>}": {"Key":"self","Type":15,"Integer":0,"String":"b","Interface":null}}
2025-08-15T22:13:06.786-0500	DEBUG	protocol/handler.go:1591	have processed broadcast	{"{round 20 3  <nil>}": {"Key":"from","Type":15,"Integer":0,"String":"a","Interface":null}}
2025-08-15T22:13:06.786-0500	DEBUG	protocol/handler.go:1591	have processed broadcast	{"{round 20 3  <nil>}": {"Key":"from","Type":15,"Integer":0,"String":"c","Interface":null}}
2025-08-15T22:13:06.786-0500	DEBUG	protocol/handler.go:1649	have all messages and processed	{"{round 20 3  <nil>}": {"Key":"self","Type":15,"Integer":0,"String":"b","Interface":null}}
2025-08-15T22:13:06.786-0500	DEBUG	protocol/handler.go:596	round already finalized
2025-08-15T22:13:06.787-0500	DEBUG	protocol/handler.go:581	tryAdvanceRound called	{"{current_round 20 3  <nil>}": {"Key":"self","Type":15,"Integer":0,"String":"a","Interface":null}}
2025-08-15T22:13:06.787-0500	DEBUG	protocol/handler.go:1591	have processed broadcast	{"{round 20 3  <nil>}": {"Key":"from","Type":15,"Integer":0,"String":"b","Interface":null}}
2025-08-15T22:13:06.787-0500	DEBUG	protocol/handler.go:1591	have processed broadcast	{"{round 20 3  <nil>}": {"Key":"from","Type":15,"Integer":0,"String":"c","Interface":null}}
2025-08-15T22:13:06.787-0500	DEBUG	protocol/handler.go:1649	have all messages and processed	{"{round 20 3  <nil>}": {"Key":"self","Type":15,"Integer":0,"String":"a","Interface":null}}
2025-08-15T22:13:06.787-0500	DEBUG	protocol/handler.go:596	round already finalized
2025-08-15T22:13:06.787-0500	DEBUG	protocol/handler.go:581	tryAdvanceRound called	{"{current_round 20 3  <nil>}": {"Key":"self","Type":15,"Integer":0,"String":"a","Interface":null}}
2025-08-15T22:13:06.787-0500	DEBUG	protocol/handler.go:1591	have processed broadcast	{"{round 20 3  <nil>}": {"Key":"from","Type":15,"Integer":0,"String":"b","Interface":null}}
2025-08-15T22:13:06.787-0500	DEBUG	protocol/handler.go:1591	have processed broadcast	{"{round 20 3  <nil>}": {"Key":"from","Type":15,"Integer":0,"String":"c","Interface":null}}
2025-08-15T22:13:06.787-0500	DEBUG	protocol/handler.go:1649	have all messages and processed	{"{round 20 3  <nil>}": {"Key":"self","Type":15,"Integer":0,"String":"a","Interface":null}}
2025-08-15T22:13:06.787-0500	DEBUG	protocol/handler.go:596	round already finalized
2025-08-15T22:13:06.652-0500	DEBUG	protocol/handler.go:1649	have all messages and processed	{"{round 20 3  <nil>}": {"Key":"self","Type":15,"Integer":0,"String":"c","Interface":null}}
2025-08-15T22:13:06.788-0500	DEBUG	protocol/handler.go:596	round already finalized
2025-08-15T22:13:06.788-0500	DEBUG	protocol/handler.go:581	tryAdvanceRound called	{"{current_round 20 3  <nil>}": {"Key":"self","Type":15,"Integer":0,"String":"c","Interface":null}}
2025-08-15T22:13:06.790-0500	DEBUG	protocol/handler.go:1591	have processed broadcast	{"{round 20 3  <nil>}": {"Key":"from","Type":15,"Integer":0,"String":"a","Interface":null}}
2025-08-15T22:13:06.790-0500	DEBUG	protocol/handler.go:1591	have processed broadcast	{"{round 20 3  <nil>}": {"Key":"from","Type":15,"Integer":0,"String":"b","Interface":null}}
2025-08-15T22:13:06.790-0500	DEBUG	protocol/handler.go:581	tryAdvanceRound called	{"{current_round 20 3  <nil>}": {"Key":"self","Type":15,"Integer":0,"String":"b","Interface":null}}
2025-08-15T22:13:06.798-0500	DEBUG	protocol/handler.go:1591	have processed broadcast	{"{round 20 3  <nil>}": {"Key":"from","Type":15,"Integer":0,"String":"a","Interface":null}}
2025-08-15T22:13:06.798-0500	DEBUG	protocol/handler.go:1591	have processed broadcast	{"{round 20 3  <nil>}": {"Key":"from","Type":15,"Integer":0,"String":"c","Interface":null}}
2025-08-15T22:13:06.798-0500	DEBUG	protocol/handler.go:1649	have all messages and processed	{"{round 20 3  <nil>}": {"Key":"self","Type":15,"Integer":0,"String":"b","Interface":null}}
2025-08-15T22:13:06.798-0500	DEBUG	protocol/handler.go:596	round already finalized
2025-08-15T22:13:06.798-0500	DEBUG	protocol/handler.go:1649	have all messages and processed	{"{round 20 3  <nil>}": {"Key":"self","Type":15,"Integer":0,"String":"c","Interface":null}}
2025-08-15T22:13:06.799-0500	DEBUG	protocol/handler.go:596	round already finalized
2025-08-15T22:13:06.799-0500	DEBUG	protocol/handler.go:581	tryAdvanceRound called	{"{current_round 20 3  <nil>}": {"Key":"self","Type":15,"Integer":0,"String":"c","Interface":null}}
2025-08-15T22:13:06.799-0500	DEBUG	protocol/handler.go:1591	have processed broadcast	{"{round 20 3  <nil>}": {"Key":"from","Type":15,"Integer":0,"String":"a","Interface":null}}
2025-08-15T22:13:06.799-0500	DEBUG	protocol/handler.go:1591	have processed broadcast	{"{round 20 3  <nil>}": {"Key":"from","Type":15,"Integer":0,"String":"b","Interface":null}}
2025-08-15T22:13:06.799-0500	DEBUG	protocol/handler.go:1649	have all messages and processed	{"{round 20 3  <nil>}": {"Key":"self","Type":15,"Integer":0,"String":"c","Interface":null}}
2025-08-15T22:13:06.800-0500	DEBUG	protocol/handler.go:596	round already finalized
2025-08-15T22:13:06.800-0500	DEBUG	protocol/handler.go:581	tryAdvanceRound called	{"{current_round 20 3  <nil>}": {"Key":"self","Type":15,"Integer":0,"String":"b","Interface":null}}
2025-08-15T22:13:06.800-0500	DEBUG	protocol/handler.go:1591	have processed broadcast	{"{round 20 3  <nil>}": {"Key":"from","Type":15,"Integer":0,"String":"a","Interface":null}}
2025-08-15T22:13:06.800-0500	DEBUG	protocol/handler.go:1591	have processed broadcast	{"{round 20 3  <nil>}": {"Key":"from","Type":15,"Integer":0,"String":"c","Interface":null}}
2025-08-15T22:13:06.800-0500	DEBUG	protocol/handler.go:1649	have all messages and processed	{"{round 20 3  <nil>}": {"Key":"self","Type":15,"Integer":0,"String":"b","Interface":null}}
2025-08-15T22:13:06.804-0500	DEBUG	protocol/handler.go:596	round already finalized
2025-08-15T22:13:06.810-0500	DEBUG	protocol/handler.go:581	tryAdvanceRound called	{"{current_round 20 3  <nil>}": {"Key":"self","Type":15,"Integer":0,"String":"b","Interface":null}}
2025-08-15T22:13:06.810-0500	DEBUG	protocol/handler.go:1591	have processed broadcast	{"{round 20 3  <nil>}": {"Key":"from","Type":15,"Integer":0,"String":"a","Interface":null}}
2025-08-15T22:13:06.810-0500	DEBUG	protocol/handler.go:1591	have processed broadcast	{"{round 20 3  <nil>}": {"Key":"from","Type":15,"Integer":0,"String":"c","Interface":null}}
2025-08-15T22:13:06.810-0500	DEBUG	protocol/handler.go:1649	have all messages and processed	{"{round 20 3  <nil>}": {"Key":"self","Type":15,"Integer":0,"String":"b","Interface":null}}
2025-08-15T22:13:06.810-0500	DEBUG	protocol/handler.go:596	round already finalized
2025-08-15T22:13:06.820-0500	DEBUG	protocol/handler.go:581	tryAdvanceRound called	{"{current_round 20 3  <nil>}": {"Key":"self","Type":15,"Integer":0,"String":"c","Interface":null}}
2025-08-15T22:13:06.821-0500	DEBUG	protocol/handler.go:581	tryAdvanceRound called	{"{current_round 20 3  <nil>}": {"Key":"self","Type":15,"Integer":0,"String":"b","Interface":null}}
2025-08-15T22:13:06.821-0500	DEBUG	protocol/handler.go:1591	have processed broadcast	{"{round 20 3  <nil>}": {"Key":"from","Type":15,"Integer":0,"String":"a","Interface":null}}
2025-08-15T22:13:06.821-0500	DEBUG	protocol/handler.go:1591	have processed broadcast	{"{round 20 3  <nil>}": {"Key":"from","Type":15,"Integer":0,"String":"c","Interface":null}}
2025-08-15T22:13:06.821-0500	DEBUG	protocol/handler.go:1649	have all messages and processed	{"{round 20 3  <nil>}": {"Key":"self","Type":15,"Integer":0,"String":"b","Interface":null}}
2025-08-15T22:13:06.821-0500	DEBUG	protocol/handler.go:596	round already finalized
2025-08-15T22:13:06.824-0500	DEBUG	protocol/handler.go:1591	have processed broadcast	{"{round 20 3  <nil>}": {"Key":"from","Type":15,"Integer":0,"String":"a","Interface":null}}
2025-08-15T22:13:06.824-0500	DEBUG	protocol/handler.go:1591	have processed broadcast	{"{round 20 3  <nil>}": {"Key":"from","Type":15,"Integer":0,"String":"b","Interface":null}}
2025-08-15T22:13:06.824-0500	DEBUG	protocol/handler.go:1649	have all messages and processed	{"{round 20 3  <nil>}": {"Key":"self","Type":15,"Integer":0,"String":"c","Interface":null}}
2025-08-15T22:13:06.825-0500	DEBUG	protocol/handler.go:596	round already finalized
2025-08-15T22:13:06.825-0500	DEBUG	protocol/handler.go:581	tryAdvanceRound called	{"{current_round 20 3  <nil>}": {"Key":"self","Type":15,"Integer":0,"String":"c","Interface":null}}
2025-08-15T22:13:06.825-0500	DEBUG	protocol/handler.go:1591	have processed broadcast	{"{round 20 3  <nil>}": {"Key":"from","Type":15,"Integer":0,"String":"a","Interface":null}}
2025-08-15T22:13:06.825-0500	DEBUG	protocol/handler.go:1591	have processed broadcast	{"{round 20 3  <nil>}": {"Key":"from","Type":15,"Integer":0,"String":"b","Interface":null}}
2025-08-15T22:13:06.828-0500	DEBUG	protocol/handler.go:1649	have all messages and processed	{"{round 20 3  <nil>}": {"Key":"self","Type":15,"Integer":0,"String":"c","Interface":null}}
2025-08-15T22:13:06.828-0500	DEBUG	protocol/handler.go:596	round already finalized
2025-08-15T22:13:06.830-0500	DEBUG	protocol/handler.go:581	tryAdvanceRound called	{"{current_round 20 3  <nil>}": {"Key":"self","Type":15,"Integer":0,"String":"c","Interface":null}}
2025-08-15T22:13:06.831-0500	DEBUG	protocol/handler.go:1591	have processed broadcast	{"{round 20 3  <nil>}": {"Key":"from","Type":15,"Integer":0,"String":"a","Interface":null}}
2025-08-15T22:13:06.833-0500	DEBUG	protocol/handler.go:581	tryAdvanceRound called	{"{current_round 20 3  <nil>}": {"Key":"self","Type":15,"Integer":0,"String":"b","Interface":null}}
2025-08-15T22:13:06.833-0500	DEBUG	protocol/handler.go:1591	have processed broadcast	{"{round 20 3  <nil>}": {"Key":"from","Type":15,"Integer":0,"String":"a","Interface":null}}
2025-08-15T22:13:06.833-0500	DEBUG	protocol/handler.go:1591	have processed broadcast	{"{round 20 3  <nil>}": {"Key":"from","Type":15,"Integer":0,"String":"c","Interface":null}}
2025-08-15T22:13:06.833-0500	DEBUG	protocol/handler.go:1649	have all messages and processed	{"{round 20 3  <nil>}": {"Key":"self","Type":15,"Integer":0,"String":"b","Interface":null}}
2025-08-15T22:13:06.833-0500	DEBUG	protocol/handler.go:596	round already finalized
2025-08-15T22:13:06.831-0500	DEBUG	protocol/handler.go:1591	have processed broadcast	{"{round 20 3  <nil>}": {"Key":"from","Type":15,"Integer":0,"String":"b","Interface":null}}
2025-08-15T22:13:06.834-0500	DEBUG	protocol/handler.go:1649	have all messages and processed	{"{round 20 3  <nil>}": {"Key":"self","Type":15,"Integer":0,"String":"c","Interface":null}}
2025-08-15T22:13:06.834-0500	DEBUG	protocol/handler.go:596	round already finalized
2025-08-15T22:13:06.832-0500	DEBUG	protocol/handler.go:581	tryAdvanceRound called	{"{current_round 20 3  <nil>}": {"Key":"self","Type":15,"Integer":0,"String":"a","Interface":null}}
2025-08-15T22:13:06.835-0500	DEBUG	protocol/handler.go:1591	have processed broadcast	{"{round 20 3  <nil>}": {"Key":"from","Type":15,"Integer":0,"String":"b","Interface":null}}
2025-08-15T22:13:06.835-0500	DEBUG	protocol/handler.go:1591	have processed broadcast	{"{round 20 3  <nil>}": {"Key":"from","Type":15,"Integer":0,"String":"c","Interface":null}}
2025-08-15T22:13:06.841-0500	DEBUG	protocol/handler.go:581	tryAdvanceRound called	{"{current_round 20 3  <nil>}": {"Key":"self","Type":15,"Integer":0,"String":"b","Interface":null}}
2025-08-15T22:13:06.841-0500	DEBUG	protocol/handler.go:1591	have processed broadcast	{"{round 20 3  <nil>}": {"Key":"from","Type":15,"Integer":0,"String":"a","Interface":null}}
2025-08-15T22:13:06.841-0500	DEBUG	protocol/handler.go:581	tryAdvanceRound called	{"{current_round 20 3  <nil>}": {"Key":"self","Type":15,"Integer":0,"String":"c","Interface":null}}
2025-08-15T22:13:06.841-0500	DEBUG	protocol/handler.go:1591	have processed broadcast	{"{round 20 3  <nil>}": {"Key":"from","Type":15,"Integer":0,"String":"c","Interface":null}}
2025-08-15T22:13:06.841-0500	DEBUG	protocol/handler.go:1591	have processed broadcast	{"{round 20 3  <nil>}": {"Key":"from","Type":15,"Integer":0,"String":"a","Interface":null}}
2025-08-15T22:13:06.841-0500	DEBUG	protocol/handler.go:1649	have all messages and processed	{"{round 20 3  <nil>}": {"Key":"self","Type":15,"Integer":0,"String":"b","Interface":null}}
2025-08-15T22:13:06.841-0500	DEBUG	protocol/handler.go:596	round already finalized
2025-08-15T22:13:06.841-0500	DEBUG	protocol/handler.go:1591	have processed broadcast	{"{round 20 3  <nil>}": {"Key":"from","Type":15,"Integer":0,"String":"b","Interface":null}}
2025-08-15T22:13:06.841-0500	DEBUG	protocol/handler.go:1649	have all messages and processed	{"{round 20 3  <nil>}": {"Key":"self","Type":15,"Integer":0,"String":"c","Interface":null}}
2025-08-15T22:13:06.841-0500	DEBUG	protocol/handler.go:596	round already finalized
2025-08-15T22:13:06.835-0500	DEBUG	protocol/handler.go:1649	have all messages and processed	{"{round 20 3  <nil>}": {"Key":"self","Type":15,"Integer":0,"String":"a","Interface":null}}
2025-08-15T22:13:06.842-0500	DEBUG	protocol/handler.go:596	round already finalized
2025-08-15T22:13:06.842-0500	DEBUG	protocol/handler.go:581	tryAdvanceRound called	{"{current_round 20 3  <nil>}": {"Key":"self","Type":15,"Integer":0,"String":"a","Interface":null}}
2025-08-15T22:13:06.845-0500	DEBUG	protocol/handler.go:1591	have processed broadcast	{"{round 20 3  <nil>}": {"Key":"from","Type":15,"Integer":0,"String":"b","Interface":null}}
2025-08-15T22:13:06.845-0500	DEBUG	protocol/handler.go:1591	have processed broadcast	{"{round 20 3  <nil>}": {"Key":"from","Type":15,"Integer":0,"String":"c","Interface":null}}
2025-08-15T22:13:06.845-0500	DEBUG	protocol/handler.go:1649	have all messages and processed	{"{round 20 3  <nil>}": {"Key":"self","Type":15,"Integer":0,"String":"a","Interface":null}}
2025-08-15T22:13:06.845-0500	DEBUG	protocol/handler.go:596	round already finalized
2025-08-15T22:13:06.847-0500	DEBUG	protocol/handler.go:581	tryAdvanceRound called	{"{current_round 20 3  <nil>}": {"Key":"self","Type":15,"Integer":0,"String":"a","Interface":null}}
2025-08-15T22:13:06.850-0500	DEBUG	protocol/handler.go:581	tryAdvanceRound called	{"{current_round 20 3  <nil>}": {"Key":"self","Type":15,"Integer":0,"String":"b","Interface":null}}
2025-08-15T22:13:06.853-0500	DEBUG	protocol/handler.go:1591	have processed broadcast	{"{round 20 3  <nil>}": {"Key":"from","Type":15,"Integer":0,"String":"a","Interface":null}}
2025-08-15T22:13:06.854-0500	DEBUG	protocol/handler.go:1591	have processed broadcast	{"{round 20 3  <nil>}": {"Key":"from","Type":15,"Integer":0,"String":"c","Interface":null}}
2025-08-15T22:13:06.854-0500	DEBUG	protocol/handler.go:1649	have all messages and processed	{"{round 20 3  <nil>}": {"Key":"self","Type":15,"Integer":0,"String":"b","Interface":null}}
2025-08-15T22:13:06.854-0500	DEBUG	protocol/handler.go:596	round already finalized
2025-08-15T22:13:06.852-0500	DEBUG	protocol/handler.go:581	tryAdvanceRound called	{"{current_round 20 3  <nil>}": {"Key":"self","Type":15,"Integer":0,"String":"c","Interface":null}}
2025-08-15T22:13:06.855-0500	DEBUG	protocol/handler.go:1591	have processed broadcast	{"{round 20 3  <nil>}": {"Key":"from","Type":15,"Integer":0,"String":"b","Interface":null}}
2025-08-15T22:13:06.855-0500	DEBUG	protocol/handler.go:1591	have processed broadcast	{"{round 20 3  <nil>}": {"Key":"from","Type":15,"Integer":0,"String":"c","Interface":null}}
2025-08-15T22:13:06.857-0500	DEBUG	protocol/handler.go:1591	have processed broadcast	{"{round 20 3  <nil>}": {"Key":"from","Type":15,"Integer":0,"String":"a","Interface":null}}
2025-08-15T22:13:06.857-0500	DEBUG	protocol/handler.go:1591	have processed broadcast	{"{round 20 3  <nil>}": {"Key":"from","Type":15,"Integer":0,"String":"b","Interface":null}}
2025-08-15T22:13:06.857-0500	DEBUG	protocol/handler.go:1649	have all messages and processed	{"{round 20 3  <nil>}": {"Key":"self","Type":15,"Integer":0,"String":"c","Interface":null}}
2025-08-15T22:13:06.857-0500	DEBUG	protocol/handler.go:596	round already finalized
2025-08-15T22:13:06.855-0500	DEBUG	protocol/handler.go:1649	have all messages and processed	{"{round 20 3  <nil>}": {"Key":"self","Type":15,"Integer":0,"String":"a","Interface":null}}
2025-08-15T22:13:06.857-0500	DEBUG	protocol/handler.go:596	round already finalized
2025-08-15T22:13:06.857-0500	DEBUG	protocol/handler.go:581	tryAdvanceRound called	{"{current_round 20 3  <nil>}": {"Key":"self","Type":15,"Integer":0,"String":"a","Interface":null}}
2025-08-15T22:13:06.857-0500	DEBUG	protocol/handler.go:1591	have processed broadcast	{"{round 20 3  <nil>}": {"Key":"from","Type":15,"Integer":0,"String":"b","Interface":null}}
2025-08-15T22:13:06.857-0500	DEBUG	protocol/handler.go:1591	have processed broadcast	{"{round 20 3  <nil>}": {"Key":"from","Type":15,"Integer":0,"String":"c","Interface":null}}
2025-08-15T22:13:06.857-0500	DEBUG	protocol/handler.go:1649	have all messages and processed	{"{round 20 3  <nil>}": {"Key":"self","Type":15,"Integer":0,"String":"a","Interface":null}}
2025-08-15T22:13:06.857-0500	DEBUG	protocol/handler.go:596	round already finalized
2025-08-15T22:13:06.862-0500	DEBUG	protocol/handler.go:581	tryAdvanceRound called	{"{current_round 20 3  <nil>}": {"Key":"self","Type":15,"Integer":0,"String":"c","Interface":null}}
2025-08-15T22:13:06.862-0500	DEBUG	protocol/handler.go:1591	have processed broadcast	{"{round 20 3  <nil>}": {"Key":"from","Type":15,"Integer":0,"String":"a","Interface":null}}
2025-08-15T22:13:06.862-0500	DEBUG	protocol/handler.go:1591	have processed broadcast	{"{round 20 3  <nil>}": {"Key":"from","Type":15,"Integer":0,"String":"b","Interface":null}}
2025-08-15T22:13:06.862-0500	DEBUG	protocol/handler.go:1649	have all messages and processed	{"{round 20 3  <nil>}": {"Key":"self","Type":15,"Integer":0,"String":"c","Interface":null}}
2025-08-15T22:13:06.863-0500	DEBUG	protocol/handler.go:596	round already finalized
2025-08-15T22:13:06.860-0500	DEBUG	protocol/handler.go:581	tryAdvanceRound called	{"{current_round 20 3  <nil>}": {"Key":"self","Type":15,"Integer":0,"String":"b","Interface":null}}
2025-08-15T22:13:06.864-0500	DEBUG	protocol/handler.go:1591	have processed broadcast	{"{round 20 3  <nil>}": {"Key":"from","Type":15,"Integer":0,"String":"a","Interface":null}}
2025-08-15T22:13:06.871-0500	DEBUG	protocol/handler.go:581	tryAdvanceRound called	{"{current_round 20 3  <nil>}": {"Key":"self","Type":15,"Integer":0,"String":"c","Interface":null}}
2025-08-15T22:13:06.871-0500	DEBUG	protocol/handler.go:1591	have processed broadcast	{"{round 20 3  <nil>}": {"Key":"from","Type":15,"Integer":0,"String":"a","Interface":null}}
2025-08-15T22:13:06.871-0500	DEBUG	protocol/handler.go:1591	have processed broadcast	{"{round 20 3  <nil>}": {"Key":"from","Type":15,"Integer":0,"String":"b","Interface":null}}
2025-08-15T22:13:06.871-0500	DEBUG	protocol/handler.go:1649	have all messages and processed	{"{round 20 3  <nil>}": {"Key":"self","Type":15,"Integer":0,"String":"c","Interface":null}}
2025-08-15T22:13:06.871-0500	DEBUG	protocol/handler.go:596	round already finalized
2025-08-15T22:13:06.929-0500	DEBUG	protocol/handler.go:581	tryAdvanceRound called	{"{current_round 20 3  <nil>}": {"Key":"self","Type":15,"Integer":0,"String":"a","Interface":null}}
2025-08-15T22:13:06.930-0500	DEBUG	protocol/handler.go:1591	have processed broadcast	{"{round 20 3  <nil>}": {"Key":"from","Type":15,"Integer":0,"String":"b","Interface":null}}
2025-08-15T22:13:06.930-0500	DEBUG	protocol/handler.go:1591	have processed broadcast	{"{round 20 3  <nil>}": {"Key":"from","Type":15,"Integer":0,"String":"c","Interface":null}}
2025-08-15T22:13:06.930-0500	DEBUG	protocol/handler.go:1649	have all messages and processed	{"{round 20 3  <nil>}": {"Key":"self","Type":15,"Integer":0,"String":"a","Interface":null}}
2025-08-15T22:13:06.930-0500	DEBUG	protocol/handler.go:596	round already finalized
2025-08-15T22:13:06.930-0500	DEBUG	protocol/handler.go:581	tryAdvanceRound called	{"{current_round 20 3  <nil>}": {"Key":"self","Type":15,"Integer":0,"String":"a","Interface":null}}
2025-08-15T22:13:06.937-0500	DEBUG	protocol/handler.go:1591	have processed broadcast	{"{round 20 3  <nil>}": {"Key":"from","Type":15,"Integer":0,"String":"b","Interface":null}}
2025-08-15T22:13:06.937-0500	DEBUG	protocol/handler.go:1591	have processed broadcast	{"{round 20 3  <nil>}": {"Key":"from","Type":15,"Integer":0,"String":"c","Interface":null}}
2025-08-15T22:13:06.937-0500	DEBUG	protocol/handler.go:1649	have all messages and processed	{"{round 20 3  <nil>}": {"Key":"self","Type":15,"Integer":0,"String":"a","Interface":null}}
2025-08-15T22:13:06.937-0500	DEBUG	protocol/handler.go:596	round already finalized
2025-08-15T22:13:06.937-0500	DEBUG	protocol/handler.go:581	tryAdvanceRound called	{"{current_round 20 3  <nil>}": {"Key":"self","Type":15,"Integer":0,"String":"a","Interface":null}}
2025-08-15T22:13:06.937-0500	DEBUG	protocol/handler.go:1591	have processed broadcast	{"{round 20 3  <nil>}": {"Key":"from","Type":15,"Integer":0,"String":"b","Interface":null}}
2025-08-15T22:13:06.937-0500	DEBUG	protocol/handler.go:1591	have processed broadcast	{"{round 20 3  <nil>}": {"Key":"from","Type":15,"Integer":0,"String":"c","Interface":null}}
2025-08-15T22:13:06.937-0500	DEBUG	protocol/handler.go:1649	have all messages and processed	{"{round 20 3  <nil>}": {"Key":"self","Type":15,"Integer":0,"String":"a","Interface":null}}
2025-08-15T22:13:06.937-0500	DEBUG	protocol/handler.go:596	round already finalized
2025-08-15T22:13:06.867-0500	DEBUG	protocol/handler.go:1591	have processed broadcast	{"{round 20 3  <nil>}": {"Key":"from","Type":15,"Integer":0,"String":"c","Interface":null}}
2025-08-15T22:13:06.959-0500	DEBUG	protocol/handler.go:1649	have all messages and processed	{"{round 20 3  <nil>}": {"Key":"self","Type":15,"Integer":0,"String":"b","Interface":null}}
2025-08-15T22:13:06.959-0500	DEBUG	protocol/handler.go:596	round already finalized
2025-08-15T22:13:06.959-0500	DEBUG	protocol/handler.go:581	tryAdvanceRound called	{"{current_round 20 3  <nil>}": {"Key":"self","Type":15,"Integer":0,"String":"b","Interface":null}}
2025-08-15T22:13:06.959-0500	DEBUG	protocol/handler.go:1591	have processed broadcast	{"{round 20 3  <nil>}": {"Key":"from","Type":15,"Integer":0,"String":"a","Interface":null}}
2025-08-15T22:13:06.959-0500	DEBUG	protocol/handler.go:1591	have processed broadcast	{"{round 20 3  <nil>}": {"Key":"from","Type":15,"Integer":0,"String":"c","Interface":null}}
2025-08-15T22:13:06.960-0500	DEBUG	protocol/handler.go:1649	have all messages and processed	{"{round 20 3  <nil>}": {"Key":"self","Type":15,"Integer":0,"String":"b","Interface":null}}
2025-08-15T22:13:06.960-0500	DEBUG	protocol/handler.go:596	round already finalized
2025-08-15T22:13:07.106-0500	DEBUG	protocol/handler.go:581	tryAdvanceRound called	{"{current_round 20 3  <nil>}": {"Key":"self","Type":15,"Integer":0,"String":"b","Interface":null}}
2025-08-15T22:13:07.106-0500	DEBUG	protocol/handler.go:1591	have processed broadcast	{"{round 20 3  <nil>}": {"Key":"from","Type":15,"Integer":0,"String":"a","Interface":null}}
2025-08-15T22:13:07.106-0500	DEBUG	protocol/handler.go:1591	have processed broadcast	{"{round 20 3  <nil>}": {"Key":"from","Type":15,"Integer":0,"String":"c","Interface":null}}
2025-08-15T22:13:07.106-0500	DEBUG	protocol/handler.go:1649	have all messages and processed	{"{round 20 3  <nil>}": {"Key":"self","Type":15,"Integer":0,"String":"b","Interface":null}}
2025-08-15T22:13:07.106-0500	DEBUG	protocol/handler.go:596	round already finalized
2025-08-15T22:13:06.953-0500	DEBUG	protocol/handler.go:581	tryAdvanceRound called	{"{current_round 20 3  <nil>}": {"Key":"self","Type":15,"Integer":0,"String":"c","Interface":null}}
2025-08-15T22:13:07.106-0500	DEBUG	protocol/handler.go:1591	have processed broadcast	{"{round 20 3  <nil>}": {"Key":"from","Type":15,"Integer":0,"String":"a","Interface":null}}
2025-08-15T22:13:07.106-0500	DEBUG	protocol/handler.go:1591	have processed broadcast	{"{round 20 3  <nil>}": {"Key":"from","Type":15,"Integer":0,"String":"b","Interface":null}}
2025-08-15T22:13:07.106-0500	DEBUG	protocol/handler.go:1649	have all messages and processed	{"{round 20 3  <nil>}": {"Key":"self","Type":15,"Integer":0,"String":"c","Interface":null}}
2025-08-15T22:13:07.106-0500	DEBUG	protocol/handler.go:596	round already finalized
2025-08-15T22:13:07.106-0500	DEBUG	protocol/handler.go:581	tryAdvanceRound called	{"{current_round 20 3  <nil>}": {"Key":"self","Type":15,"Integer":0,"String":"c","Interface":null}}
2025-08-15T22:13:07.106-0500	DEBUG	protocol/handler.go:1591	have processed broadcast	{"{round 20 3  <nil>}": {"Key":"from","Type":15,"Integer":0,"String":"a","Interface":null}}
2025-08-15T22:13:07.106-0500	DEBUG	protocol/handler.go:1591	have processed broadcast	{"{round 20 3  <nil>}": {"Key":"from","Type":15,"Integer":0,"String":"b","Interface":null}}
2025-08-15T22:13:07.106-0500	DEBUG	protocol/handler.go:1649	have all messages and processed	{"{round 20 3  <nil>}": {"Key":"self","Type":15,"Integer":0,"String":"c","Interface":null}}
2025-08-15T22:13:07.106-0500	DEBUG	protocol/handler.go:596	round already finalized
2025-08-15T22:13:06.995-0500	DEBUG	protocol/handler.go:581	tryAdvanceRound called	{"{current_round 20 3  <nil>}": {"Key":"self","Type":15,"Integer":0,"String":"a","Interface":null}}
2025-08-15T22:13:07.106-0500	DEBUG	protocol/handler.go:1591	have processed broadcast	{"{round 20 3  <nil>}": {"Key":"from","Type":15,"Integer":0,"String":"b","Interface":null}}
2025-08-15T22:13:07.107-0500	DEBUG	protocol/handler.go:1591	have processed broadcast	{"{round 20 3  <nil>}": {"Key":"from","Type":15,"Integer":0,"String":"c","Interface":null}}
2025-08-15T22:13:07.107-0500	DEBUG	protocol/handler.go:1649	have all messages and processed	{"{round 20 3  <nil>}": {"Key":"self","Type":15,"Integer":0,"String":"a","Interface":null}}
2025-08-15T22:13:07.107-0500	DEBUG	protocol/handler.go:596	round already finalized
2025-08-15T22:13:07.107-0500	DEBUG	protocol/handler.go:581	tryAdvanceRound called	{"{current_round 20 3  <nil>}": {"Key":"self","Type":15,"Integer":0,"String":"a","Interface":null}}
2025-08-15T22:13:07.107-0500	DEBUG	protocol/handler.go:1591	have processed broadcast	{"{round 20 3  <nil>}": {"Key":"from","Type":15,"Integer":0,"String":"b","Interface":null}}
2025-08-15T22:13:07.107-0500	DEBUG	protocol/handler.go:1591	have processed broadcast	{"{round 20 3  <nil>}": {"Key":"from","Type":15,"Integer":0,"String":"c","Interface":null}}
2025-08-15T22:13:07.107-0500	DEBUG	protocol/handler.go:1649	have all messages and processed	{"{round 20 3  <nil>}": {"Key":"self","Type":15,"Integer":0,"String":"a","Interface":null}}
2025-08-15T22:13:07.107-0500	DEBUG	protocol/handler.go:596	round already finalized
2025-08-15T22:13:07.126-0500	DEBUG	protocol/handler.go:581	tryAdvanceRound called	{"{current_round 20 3  <nil>}": {"Key":"self","Type":15,"Integer":0,"String":"a","Interface":null}}
2025-08-15T22:13:07.126-0500	DEBUG	protocol/handler.go:1591	have processed broadcast	{"{round 20 3  <nil>}": {"Key":"from","Type":15,"Integer":0,"String":"b","Interface":null}}
2025-08-15T22:13:07.126-0500	DEBUG	protocol/handler.go:1591	have processed broadcast	{"{round 20 3  <nil>}": {"Key":"from","Type":15,"Integer":0,"String":"c","Interface":null}}
2025-08-15T22:13:07.126-0500	DEBUG	protocol/handler.go:1649	have all messages and processed	{"{round 20 3  <nil>}": {"Key":"self","Type":15,"Integer":0,"String":"a","Interface":null}}
2025-08-15T22:13:07.126-0500	DEBUG	protocol/handler.go:596	round already finalized
2025-08-15T22:13:07.126-0500	DEBUG	protocol/handler.go:581	tryAdvanceRound called	{"{current_round 20 3  <nil>}": {"Key":"self","Type":15,"Integer":0,"String":"b","Interface":null}}
2025-08-15T22:13:07.126-0500	DEBUG	protocol/handler.go:1591	have processed broadcast	{"{round 20 3  <nil>}": {"Key":"from","Type":15,"Integer":0,"String":"a","Interface":null}}
2025-08-15T22:13:07.126-0500	DEBUG	protocol/handler.go:1591	have processed broadcast	{"{round 20 3  <nil>}": {"Key":"from","Type":15,"Integer":0,"String":"c","Interface":null}}
2025-08-15T22:13:07.126-0500	DEBUG	protocol/handler.go:1649	have all messages and processed	{"{round 20 3  <nil>}": {"Key":"self","Type":15,"Integer":0,"String":"b","Interface":null}}
2025-08-15T22:13:07.126-0500	DEBUG	protocol/handler.go:596	round already finalized
2025-08-15T22:13:07.126-0500	DEBUG	protocol/handler.go:581	tryAdvanceRound called	{"{current_round 20 3  <nil>}": {"Key":"self","Type":15,"Integer":0,"String":"c","Interface":null}}
2025-08-15T22:13:07.126-0500	DEBUG	protocol/handler.go:1591	have processed broadcast	{"{round 20 3  <nil>}": {"Key":"from","Type":15,"Integer":0,"String":"a","Interface":null}}
2025-08-15T22:13:07.126-0500	DEBUG	protocol/handler.go:1591	have processed broadcast	{"{round 20 3  <nil>}": {"Key":"from","Type":15,"Integer":0,"String":"b","Interface":null}}
2025-08-15T22:13:07.126-0500	DEBUG	protocol/handler.go:1649	have all messages and processed	{"{round 20 3  <nil>}": {"Key":"self","Type":15,"Integer":0,"String":"c","Interface":null}}
2025-08-15T22:13:07.126-0500	DEBUG	protocol/handler.go:596	round already finalized
2025-08-15T22:13:07.126-0500	DEBUG	protocol/handler.go:581	tryAdvanceRound called	{"{current_round 20 3  <nil>}": {"Key":"self","Type":15,"Integer":0,"String":"a","Interface":null}}
2025-08-15T22:13:07.126-0500	DEBUG	protocol/handler.go:1591	have processed broadcast	{"{round 20 3  <nil>}": {"Key":"from","Type":15,"Integer":0,"String":"b","Interface":null}}
2025-08-15T22:13:07.126-0500	DEBUG	protocol/handler.go:1591	have processed broadcast	{"{round 20 3  <nil>}": {"Key":"from","Type":15,"Integer":0,"String":"c","Interface":null}}
2025-08-15T22:13:07.126-0500	DEBUG	protocol/handler.go:1649	have all messages and processed	{"{round 20 3  <nil>}": {"Key":"self","Type":15,"Integer":0,"String":"a","Interface":null}}
2025-08-15T22:13:07.126-0500	DEBUG	protocol/handler.go:596	round already finalized
2025-08-15T22:13:07.148-0500	DEBUG	protocol/handler.go:581	tryAdvanceRound called	{"{current_round 20 3  <nil>}": {"Key":"self","Type":15,"Integer":0,"String":"a","Interface":null}}
2025-08-15T22:13:07.149-0500	DEBUG	protocol/handler.go:1591	have processed broadcast	{"{round 20 3  <nil>}": {"Key":"from","Type":15,"Integer":0,"String":"b","Interface":null}}
2025-08-15T22:13:07.149-0500	DEBUG	protocol/handler.go:1591	have processed broadcast	{"{round 20 3  <nil>}": {"Key":"from","Type":15,"Integer":0,"String":"c","Interface":null}}
2025-08-15T22:13:07.149-0500	DEBUG	protocol/handler.go:1649	have all messages and processed	{"{round 20 3  <nil>}": {"Key":"self","Type":15,"Integer":0,"String":"a","Interface":null}}
2025-08-15T22:13:07.149-0500	DEBUG	protocol/handler.go:596	round already finalized
2025-08-15T22:13:07.171-0500	DEBUG	protocol/handler.go:581	tryAdvanceRound called	{"{current_round 20 3  <nil>}": {"Key":"self","Type":15,"Integer":0,"String":"b","Interface":null}}
2025-08-15T22:13:07.171-0500	DEBUG	protocol/handler.go:1591	have processed broadcast	{"{round 20 3  <nil>}": {"Key":"from","Type":15,"Integer":0,"String":"a","Interface":null}}
2025-08-15T22:13:07.171-0500	DEBUG	protocol/handler.go:1591	have processed broadcast	{"{round 20 3  <nil>}": {"Key":"from","Type":15,"Integer":0,"String":"c","Interface":null}}
2025-08-15T22:13:07.171-0500	DEBUG	protocol/handler.go:1649	have all messages and processed	{"{round 20 3  <nil>}": {"Key":"self","Type":15,"Integer":0,"String":"b","Interface":null}}
2025-08-15T22:13:07.171-0500	DEBUG	protocol/handler.go:596	round already finalized
2025-08-15T22:13:07.171-0500	DEBUG	protocol/handler.go:581	tryAdvanceRound called	{"{current_round 20 3  <nil>}": {"Key":"self","Type":15,"Integer":0,"String":"b","Interface":null}}
2025-08-15T22:13:07.171-0500	DEBUG	protocol/handler.go:1591	have processed broadcast	{"{round 20 3  <nil>}": {"Key":"from","Type":15,"Integer":0,"String":"a","Interface":null}}
2025-08-15T22:13:07.171-0500	DEBUG	protocol/handler.go:1591	have processed broadcast	{"{round 20 3  <nil>}": {"Key":"from","Type":15,"Integer":0,"String":"c","Interface":null}}
2025-08-15T22:13:07.171-0500	DEBUG	protocol/handler.go:1649	have all messages and processed	{"{round 20 3  <nil>}": {"Key":"self","Type":15,"Integer":0,"String":"b","Interface":null}}
2025-08-15T22:13:07.171-0500	DEBUG	protocol/handler.go:596	round already finalized
2025-08-15T22:13:07.171-0500	DEBUG	protocol/handler.go:581	tryAdvanceRound called	{"{current_round 20 3  <nil>}": {"Key":"self","Type":15,"Integer":0,"String":"c","Interface":null}}
2025-08-15T22:13:07.171-0500	DEBUG	protocol/handler.go:1591	have processed broadcast	{"{round 20 3  <nil>}": {"Key":"from","Type":15,"Integer":0,"String":"a","Interface":null}}
2025-08-15T22:13:07.172-0500	DEBUG	protocol/handler.go:1591	have processed broadcast	{"{round 20 3  <nil>}": {"Key":"from","Type":15,"Integer":0,"String":"b","Interface":null}}
2025-08-15T22:13:07.172-0500	DEBUG	protocol/handler.go:1649	have all messages and processed	{"{round 20 3  <nil>}": {"Key":"self","Type":15,"Integer":0,"String":"c","Interface":null}}
2025-08-15T22:13:07.172-0500	DEBUG	protocol/handler.go:596	round already finalized
2025-08-15T22:13:07.172-0500	DEBUG	protocol/handler.go:581	tryAdvanceRound called	{"{current_round 20 3  <nil>}": {"Key":"self","Type":15,"Integer":0,"String":"c","Interface":null}}
2025-08-15T22:13:07.172-0500	DEBUG	protocol/handler.go:1591	have processed broadcast	{"{round 20 3  <nil>}": {"Key":"from","Type":15,"Integer":0,"String":"a","Interface":null}}
2025-08-15T22:13:07.172-0500	DEBUG	protocol/handler.go:1591	have processed broadcast	{"{round 20 3  <nil>}": {"Key":"from","Type":15,"Integer":0,"String":"b","Interface":null}}
2025-08-15T22:13:07.172-0500	DEBUG	protocol/handler.go:1649	have all messages and processed	{"{round 20 3  <nil>}": {"Key":"self","Type":15,"Integer":0,"String":"c","Interface":null}}
2025-08-15T22:13:07.172-0500	DEBUG	protocol/handler.go:596	round already finalized
2025-08-15T22:13:07.172-0500	DEBUG	protocol/handler.go:581	tryAdvanceRound called	{"{current_round 20 3  <nil>}": {"Key":"self","Type":15,"Integer":0,"String":"a","Interface":null}}
2025-08-15T22:13:07.172-0500	DEBUG	protocol/handler.go:1591	have processed broadcast	{"{round 20 3  <nil>}": {"Key":"from","Type":15,"Integer":0,"String":"b","Interface":null}}
2025-08-15T22:13:07.172-0500	DEBUG	protocol/handler.go:1591	have processed broadcast	{"{round 20 3  <nil>}": {"Key":"from","Type":15,"Integer":0,"String":"c","Interface":null}}
2025-08-15T22:13:07.172-0500	DEBUG	protocol/handler.go:1649	have all messages and processed	{"{round 20 3  <nil>}": {"Key":"self","Type":15,"Integer":0,"String":"a","Interface":null}}
2025-08-15T22:13:07.172-0500	DEBUG	protocol/handler.go:596	round already finalized
2025-08-15T22:13:07.194-0500	DEBUG	protocol/handler.go:581	tryAdvanceRound called	{"{current_round 20 3  <nil>}": {"Key":"self","Type":15,"Integer":0,"String":"b","Interface":null}}
2025-08-15T22:13:07.194-0500	DEBUG	protocol/handler.go:1591	have processed broadcast	{"{round 20 3  <nil>}": {"Key":"from","Type":15,"Integer":0,"String":"a","Interface":null}}
2025-08-15T22:13:07.194-0500	DEBUG	protocol/handler.go:1591	have processed broadcast	{"{round 20 3  <nil>}": {"Key":"from","Type":15,"Integer":0,"String":"c","Interface":null}}
2025-08-15T22:13:07.194-0500	DEBUG	protocol/handler.go:1649	have all messages and processed	{"{round 20 3  <nil>}": {"Key":"self","Type":15,"Integer":0,"String":"b","Interface":null}}
2025-08-15T22:13:07.194-0500	DEBUG	protocol/handler.go:596	round already finalized
2025-08-15T22:13:07.340-0500	DEBUG	protocol/handler.go:581	tryAdvanceRound called	{"{current_round 20 3  <nil>}": {"Key":"self","Type":15,"Integer":0,"String":"a","Interface":null}}
2025-08-15T22:13:07.341-0500	DEBUG	protocol/handler.go:1591	have processed broadcast	{"{round 20 3  <nil>}": {"Key":"from","Type":15,"Integer":0,"String":"b","Interface":null}}
2025-08-15T22:13:07.341-0500	DEBUG	protocol/handler.go:1591	have processed broadcast	{"{round 20 3  <nil>}": {"Key":"from","Type":15,"Integer":0,"String":"c","Interface":null}}
2025-08-15T22:13:07.341-0500	DEBUG	protocol/handler.go:1649	have all messages and processed	{"{round 20 3  <nil>}": {"Key":"self","Type":15,"Integer":0,"String":"a","Interface":null}}
2025-08-15T22:13:07.341-0500	DEBUG	protocol/handler.go:596	round already finalized
2025-08-15T22:13:07.341-0500	DEBUG	protocol/handler.go:581	tryAdvanceRound called	{"{current_round 20 3  <nil>}": {"Key":"self","Type":15,"Integer":0,"String":"a","Interface":null}}
2025-08-15T22:13:07.341-0500	DEBUG	protocol/handler.go:1591	have processed broadcast	{"{round 20 3  <nil>}": {"Key":"from","Type":15,"Integer":0,"String":"b","Interface":null}}
2025-08-15T22:13:07.341-0500	DEBUG	protocol/handler.go:1591	have processed broadcast	{"{round 20 3  <nil>}": {"Key":"from","Type":15,"Integer":0,"String":"c","Interface":null}}
2025-08-15T22:13:07.341-0500	DEBUG	protocol/handler.go:1649	have all messages and processed	{"{round 20 3  <nil>}": {"Key":"self","Type":15,"Integer":0,"String":"a","Interface":null}}
2025-08-15T22:13:07.341-0500	DEBUG	protocol/handler.go:596	round already finalized
2025-08-15T22:13:07.341-0500	DEBUG	protocol/handler.go:581	tryAdvanceRound called	{"{current_round 20 3  <nil>}": {"Key":"self","Type":15,"Integer":0,"String":"c","Interface":null}}
2025-08-15T22:13:07.341-0500	DEBUG	protocol/handler.go:1591	have processed broadcast	{"{round 20 3  <nil>}": {"Key":"from","Type":15,"Integer":0,"String":"a","Interface":null}}
2025-08-15T22:13:07.342-0500	DEBUG	protocol/handler.go:1591	have processed broadcast	{"{round 20 3  <nil>}": {"Key":"from","Type":15,"Integer":0,"String":"b","Interface":null}}
2025-08-15T22:13:07.342-0500	DEBUG	protocol/handler.go:1649	have all messages and processed	{"{round 20 3  <nil>}": {"Key":"self","Type":15,"Integer":0,"String":"c","Interface":null}}
2025-08-15T22:13:07.342-0500	DEBUG	protocol/handler.go:596	round already finalized
2025-08-15T22:13:07.342-0500	DEBUG	protocol/handler.go:581	tryAdvanceRound called	{"{current_round 20 3  <nil>}": {"Key":"self","Type":15,"Integer":0,"String":"c","Interface":null}}
2025-08-15T22:13:07.342-0500	DEBUG	protocol/handler.go:1591	have processed broadcast	{"{round 20 3  <nil>}": {"Key":"from","Type":15,"Integer":0,"String":"a","Interface":null}}
2025-08-15T22:13:07.342-0500	DEBUG	protocol/handler.go:1591	have processed broadcast	{"{round 20 3  <nil>}": {"Key":"from","Type":15,"Integer":0,"String":"b","Interface":null}}
2025-08-15T22:13:07.342-0500	DEBUG	protocol/handler.go:1649	have all messages and processed	{"{round 20 3  <nil>}": {"Key":"self","Type":15,"Integer":0,"String":"c","Interface":null}}
2025-08-15T22:13:07.342-0500	DEBUG	protocol/handler.go:596	round already finalized
2025-08-15T22:13:07.342-0500	DEBUG	protocol/handler.go:581	tryAdvanceRound called	{"{current_round 20 3  <nil>}": {"Key":"self","Type":15,"Integer":0,"String":"b","Interface":null}}
2025-08-15T22:13:07.342-0500	DEBUG	protocol/handler.go:1591	have processed broadcast	{"{round 20 3  <nil>}": {"Key":"from","Type":15,"Integer":0,"String":"a","Interface":null}}
2025-08-15T22:13:07.342-0500	DEBUG	protocol/handler.go:1591	have processed broadcast	{"{round 20 3  <nil>}": {"Key":"from","Type":15,"Integer":0,"String":"c","Interface":null}}
2025-08-15T22:13:07.343-0500	DEBUG	protocol/handler.go:1649	have all messages and processed	{"{round 20 3  <nil>}": {"Key":"self","Type":15,"Integer":0,"String":"b","Interface":null}}
2025-08-15T22:13:07.343-0500	DEBUG	protocol/handler.go:596	round already finalized
2025-08-15T22:13:07.343-0500	DEBUG	protocol/handler.go:581	tryAdvanceRound called	{"{current_round 20 3  <nil>}": {"Key":"self","Type":15,"Integer":0,"String":"b","Interface":null}}
2025-08-15T22:13:07.343-0500	DEBUG	protocol/handler.go:1591	have processed broadcast	{"{round 20 3  <nil>}": {"Key":"from","Type":15,"Integer":0,"String":"a","Interface":null}}
2025-08-15T22:13:07.343-0500	DEBUG	protocol/handler.go:1591	have processed broadcast	{"{round 20 3  <nil>}": {"Key":"from","Type":15,"Integer":0,"String":"c","Interface":null}}
2025-08-15T22:13:07.343-0500	DEBUG	protocol/handler.go:1649	have all messages and processed	{"{round 20 3  <nil>}": {"Key":"self","Type":15,"Integer":0,"String":"b","Interface":null}}
2025-08-15T22:13:07.343-0500	DEBUG	protocol/handler.go:596	round already finalized
2025-08-15T22:13:07.367-0500	DEBUG	protocol/handler.go:581	tryAdvanceRound called	{"{current_round 20 3  <nil>}": {"Key":"self","Type":15,"Integer":0,"String":"b","Interface":null}}
2025-08-15T22:13:07.367-0500	DEBUG	protocol/handler.go:1591	have processed broadcast	{"{round 20 3  <nil>}": {"Key":"from","Type":15,"Integer":0,"String":"a","Interface":null}}
2025-08-15T22:13:07.367-0500	DEBUG	protocol/handler.go:1591	have processed broadcast	{"{round 20 3  <nil>}": {"Key":"from","Type":15,"Integer":0,"String":"c","Interface":null}}
2025-08-15T22:13:07.367-0500	DEBUG	protocol/handler.go:1649	have all messages and processed	{"{round 20 3  <nil>}": {"Key":"self","Type":15,"Integer":0,"String":"b","Interface":null}}
2025-08-15T22:13:07.367-0500	DEBUG	protocol/handler.go:596	round already finalized
2025-08-15T22:13:07.385-0500	DEBUG	protocol/handler.go:581	tryAdvanceRound called	{"{current_round 20 3  <nil>}": {"Key":"self","Type":15,"Integer":0,"String":"a","Interface":null}}
2025-08-15T22:13:07.385-0500	DEBUG	protocol/handler.go:1591	have processed broadcast	{"{round 20 3  <nil>}": {"Key":"from","Type":15,"Integer":0,"String":"b","Interface":null}}
2025-08-15T22:13:07.385-0500	DEBUG	protocol/handler.go:1591	have processed broadcast	{"{round 20 3  <nil>}": {"Key":"from","Type":15,"Integer":0,"String":"c","Interface":null}}
2025-08-15T22:13:07.385-0500	DEBUG	protocol/handler.go:1649	have all messages and processed	{"{round 20 3  <nil>}": {"Key":"self","Type":15,"Integer":0,"String":"a","Interface":null}}
2025-08-15T22:13:07.385-0500	DEBUG	protocol/handler.go:596	round already finalized
2025-08-15T22:13:07.385-0500	DEBUG	protocol/handler.go:581	tryAdvanceRound called	{"{current_round 20 3  <nil>}": {"Key":"self","Type":15,"Integer":0,"String":"a","Interface":null}}
2025-08-15T22:13:07.385-0500	DEBUG	protocol/handler.go:1591	have processed broadcast	{"{round 20 3  <nil>}": {"Key":"from","Type":15,"Integer":0,"String":"b","Interface":null}}
2025-08-15T22:13:07.385-0500	DEBUG	protocol/handler.go:1591	have processed broadcast	{"{round 20 3  <nil>}": {"Key":"from","Type":15,"Integer":0,"String":"c","Interface":null}}
2025-08-15T22:13:07.385-0500	DEBUG	protocol/handler.go:1649	have all messages and processed	{"{round 20 3  <nil>}": {"Key":"self","Type":15,"Integer":0,"String":"a","Interface":null}}
2025-08-15T22:13:07.385-0500	DEBUG	protocol/handler.go:596	round already finalized
2025-08-15T22:13:07.385-0500	DEBUG	protocol/handler.go:581	tryAdvanceRound called	{"{current_round 20 3  <nil>}": {"Key":"self","Type":15,"Integer":0,"String":"c","Interface":null}}
2025-08-15T22:13:07.385-0500	DEBUG	protocol/handler.go:1591	have processed broadcast	{"{round 20 3  <nil>}": {"Key":"from","Type":15,"Integer":0,"String":"a","Interface":null}}
2025-08-15T22:13:07.385-0500	DEBUG	protocol/handler.go:1591	have processed broadcast	{"{round 20 3  <nil>}": {"Key":"from","Type":15,"Integer":0,"String":"b","Interface":null}}
2025-08-15T22:13:07.385-0500	DEBUG	protocol/handler.go:1649	have all messages and processed	{"{round 20 3  <nil>}": {"Key":"self","Type":15,"Integer":0,"String":"c","Interface":null}}
2025-08-15T22:13:07.385-0500	DEBUG	protocol/handler.go:596	round already finalized
2025-08-15T22:13:07.385-0500	DEBUG	protocol/handler.go:581	tryAdvanceRound called	{"{current_round 20 3  <nil>}": {"Key":"self","Type":15,"Integer":0,"String":"c","Interface":null}}
2025-08-15T22:13:07.385-0500	DEBUG	protocol/handler.go:1591	have processed broadcast	{"{round 20 3  <nil>}": {"Key":"from","Type":15,"Integer":0,"String":"a","Interface":null}}
2025-08-15T22:13:07.385-0500	DEBUG	protocol/handler.go:1591	have processed broadcast	{"{round 20 3  <nil>}": {"Key":"from","Type":15,"Integer":0,"String":"b","Interface":null}}
2025-08-15T22:13:07.385-0500	DEBUG	protocol/handler.go:1649	have all messages and processed	{"{round 20 3  <nil>}": {"Key":"self","Type":15,"Integer":0,"String":"c","Interface":null}}
2025-08-15T22:13:07.385-0500	DEBUG	protocol/handler.go:596	round already finalized
2025-08-15T22:13:07.385-0500	DEBUG	protocol/handler.go:581	tryAdvanceRound called	{"{current_round 20 3  <nil>}": {"Key":"self","Type":15,"Integer":0,"String":"b","Interface":null}}
2025-08-15T22:13:07.386-0500	DEBUG	protocol/handler.go:1591	have processed broadcast	{"{round 20 3  <nil>}": {"Key":"from","Type":15,"Integer":0,"String":"a","Interface":null}}
2025-08-15T22:13:07.386-0500	DEBUG	protocol/handler.go:1591	have processed broadcast	{"{round 20 3  <nil>}": {"Key":"from","Type":15,"Integer":0,"String":"c","Interface":null}}
2025-08-15T22:13:07.386-0500	DEBUG	protocol/handler.go:1649	have all messages and processed	{"{round 20 3  <nil>}": {"Key":"self","Type":15,"Integer":0,"String":"b","Interface":null}}
2025-08-15T22:13:07.386-0500	DEBUG	protocol/handler.go:596	round already finalized
2025-08-15T22:13:07.422-0500	DEBUG	protocol/handler.go:581	tryAdvanceRound called	{"{current_round 20 3  <nil>}": {"Key":"self","Type":15,"Integer":0,"String":"c","Interface":null}}
2025-08-15T22:13:07.422-0500	DEBUG	protocol/handler.go:1591	have processed broadcast	{"{round 20 3  <nil>}": {"Key":"from","Type":15,"Integer":0,"String":"a","Interface":null}}
2025-08-15T22:13:07.422-0500	DEBUG	protocol/handler.go:1591	have processed broadcast	{"{round 20 3  <nil>}": {"Key":"from","Type":15,"Integer":0,"String":"b","Interface":null}}
2025-08-15T22:13:07.422-0500	DEBUG	protocol/handler.go:1649	have all messages and processed	{"{round 20 3  <nil>}": {"Key":"self","Type":15,"Integer":0,"String":"c","Interface":null}}
2025-08-15T22:13:07.422-0500	DEBUG	protocol/handler.go:596	round already finalized
2025-08-15T22:13:07.423-0500	DEBUG	protocol/handler.go:581	tryAdvanceRound called	{"{current_round 20 3  <nil>}": {"Key":"self","Type":15,"Integer":0,"String":"b","Interface":null}}
2025-08-15T22:13:07.423-0500	DEBUG	protocol/handler.go:1591	have processed broadcast	{"{round 20 3  <nil>}": {"Key":"from","Type":15,"Integer":0,"String":"a","Interface":null}}
2025-08-15T22:13:07.423-0500	DEBUG	protocol/handler.go:1591	have processed broadcast	{"{round 20 3  <nil>}": {"Key":"from","Type":15,"Integer":0,"String":"c","Interface":null}}
2025-08-15T22:13:07.423-0500	DEBUG	protocol/handler.go:1649	have all messages and processed	{"{round 20 3  <nil>}": {"Key":"self","Type":15,"Integer":0,"String":"b","Interface":null}}
2025-08-15T22:13:07.423-0500	DEBUG	protocol/handler.go:596	round already finalized
2025-08-15T22:13:07.423-0500	DEBUG	protocol/handler.go:581	tryAdvanceRound called	{"{current_round 20 3  <nil>}": {"Key":"self","Type":15,"Integer":0,"String":"a","Interface":null}}
2025-08-15T22:13:07.438-0500	DEBUG	protocol/handler.go:581	tryAdvanceRound called	{"{current_round 20 3  <nil>}": {"Key":"self","Type":15,"Integer":0,"String":"b","Interface":null}}
2025-08-15T22:13:07.439-0500	DEBUG	protocol/handler.go:1591	have processed broadcast	{"{round 20 3  <nil>}": {"Key":"from","Type":15,"Integer":0,"String":"a","Interface":null}}
2025-08-15T22:13:07.439-0500	DEBUG	protocol/handler.go:1591	have processed broadcast	{"{round 20 3  <nil>}": {"Key":"from","Type":15,"Integer":0,"String":"c","Interface":null}}
2025-08-15T22:13:07.439-0500	DEBUG	protocol/handler.go:1649	have all messages and processed	{"{round 20 3  <nil>}": {"Key":"self","Type":15,"Integer":0,"String":"b","Interface":null}}
2025-08-15T22:13:07.439-0500	DEBUG	protocol/handler.go:596	round already finalized
2025-08-15T22:13:07.439-0500	DEBUG	protocol/handler.go:581	tryAdvanceRound called	{"{current_round 20 3  <nil>}": {"Key":"self","Type":15,"Integer":0,"String":"c","Interface":null}}
2025-08-15T22:13:07.439-0500	DEBUG	protocol/handler.go:1591	have processed broadcast	{"{round 20 3  <nil>}": {"Key":"from","Type":15,"Integer":0,"String":"a","Interface":null}}
2025-08-15T22:13:07.439-0500	DEBUG	protocol/handler.go:1591	have processed broadcast	{"{round 20 3  <nil>}": {"Key":"from","Type":15,"Integer":0,"String":"b","Interface":null}}
2025-08-15T22:13:07.439-0500	DEBUG	protocol/handler.go:1649	have all messages and processed	{"{round 20 3  <nil>}": {"Key":"self","Type":15,"Integer":0,"String":"c","Interface":null}}
2025-08-15T22:13:07.439-0500	DEBUG	protocol/handler.go:596	round already finalized
2025-08-15T22:13:07.482-0500	DEBUG	protocol/handler.go:581	tryAdvanceRound called	{"{current_round 20 3  <nil>}": {"Key":"self","Type":15,"Integer":0,"String":"c","Interface":null}}
2025-08-15T22:13:07.482-0500	DEBUG	protocol/handler.go:1591	have processed broadcast	{"{round 20 3  <nil>}": {"Key":"from","Type":15,"Integer":0,"String":"a","Interface":null}}
2025-08-15T22:13:07.482-0500	DEBUG	protocol/handler.go:1591	have processed broadcast	{"{round 20 3  <nil>}": {"Key":"from","Type":15,"Integer":0,"String":"b","Interface":null}}
2025-08-15T22:13:07.482-0500	DEBUG	protocol/handler.go:1649	have all messages and processed	{"{round 20 3  <nil>}": {"Key":"self","Type":15,"Integer":0,"String":"c","Interface":null}}
2025-08-15T22:13:07.482-0500	DEBUG	protocol/handler.go:596	round already finalized
2025-08-15T22:13:07.495-0500	DEBUG	protocol/handler.go:581	tryAdvanceRound called	{"{current_round 20 3  <nil>}": {"Key":"self","Type":15,"Integer":0,"String":"b","Interface":null}}
2025-08-15T22:13:07.495-0500	DEBUG	protocol/handler.go:1591	have processed broadcast	{"{round 20 3  <nil>}": {"Key":"from","Type":15,"Integer":0,"String":"a","Interface":null}}
2025-08-15T22:13:07.495-0500	DEBUG	protocol/handler.go:1591	have processed broadcast	{"{round 20 3  <nil>}": {"Key":"from","Type":15,"Integer":0,"String":"c","Interface":null}}
2025-08-15T22:13:07.495-0500	DEBUG	protocol/handler.go:1649	have all messages and processed	{"{round 20 3  <nil>}": {"Key":"self","Type":15,"Integer":0,"String":"b","Interface":null}}
2025-08-15T22:13:07.495-0500	DEBUG	protocol/handler.go:596	round already finalized
2025-08-15T22:13:07.495-0500	DEBUG	protocol/handler.go:581	tryAdvanceRound called	{"{current_round 20 3  <nil>}": {"Key":"self","Type":15,"Integer":0,"String":"b","Interface":null}}
2025-08-15T22:13:07.495-0500	DEBUG	protocol/handler.go:1591	have processed broadcast	{"{round 20 3  <nil>}": {"Key":"from","Type":15,"Integer":0,"String":"a","Interface":null}}
2025-08-15T22:13:07.495-0500	DEBUG	protocol/handler.go:1591	have processed broadcast	{"{round 20 3  <nil>}": {"Key":"from","Type":15,"Integer":0,"String":"c","Interface":null}}
2025-08-15T22:13:07.495-0500	DEBUG	protocol/handler.go:1649	have all messages and processed	{"{round 20 3  <nil>}": {"Key":"self","Type":15,"Integer":0,"String":"b","Interface":null}}
2025-08-15T22:13:07.496-0500	DEBUG	protocol/handler.go:596	round already finalized
2025-08-15T22:13:07.496-0500	DEBUG	protocol/handler.go:581	tryAdvanceRound called	{"{current_round 20 3  <nil>}": {"Key":"self","Type":15,"Integer":0,"String":"c","Interface":null}}
2025-08-15T22:13:07.496-0500	DEBUG	protocol/handler.go:1591	have processed broadcast	{"{round 20 3  <nil>}": {"Key":"from","Type":15,"Integer":0,"String":"a","Interface":null}}
2025-08-15T22:13:07.496-0500	DEBUG	protocol/handler.go:1591	have processed broadcast	{"{round 20 3  <nil>}": {"Key":"from","Type":15,"Integer":0,"String":"b","Interface":null}}
2025-08-15T22:13:07.496-0500	DEBUG	protocol/handler.go:1649	have all messages and processed	{"{round 20 3  <nil>}": {"Key":"self","Type":15,"Integer":0,"String":"c","Interface":null}}
2025-08-15T22:13:07.496-0500	DEBUG	protocol/handler.go:596	round already finalized
2025-08-15T22:13:07.505-0500	DEBUG	protocol/handler.go:1591	have processed broadcast	{"{round 20 3  <nil>}": {"Key":"from","Type":15,"Integer":0,"String":"b","Interface":null}}
2025-08-15T22:13:07.505-0500	DEBUG	protocol/handler.go:1591	have processed broadcast	{"{round 20 3  <nil>}": {"Key":"from","Type":15,"Integer":0,"String":"c","Interface":null}}
2025-08-15T22:13:07.508-0500	DEBUG	protocol/handler.go:1649	have all messages and processed	{"{round 20 3  <nil>}": {"Key":"self","Type":15,"Integer":0,"String":"a","Interface":null}}
2025-08-15T22:13:07.509-0500	DEBUG	protocol/handler.go:596	round already finalized
2025-08-15T22:13:07.509-0500	DEBUG	protocol/handler.go:581	tryAdvanceRound called	{"{current_round 20 3  <nil>}": {"Key":"self","Type":15,"Integer":0,"String":"a","Interface":null}}
2025-08-15T22:13:07.509-0500	DEBUG	protocol/handler.go:1591	have processed broadcast	{"{round 20 3  <nil>}": {"Key":"from","Type":15,"Integer":0,"String":"b","Interface":null}}
2025-08-15T22:13:07.509-0500	DEBUG	protocol/handler.go:1591	have processed broadcast	{"{round 20 3  <nil>}": {"Key":"from","Type":15,"Integer":0,"String":"c","Interface":null}}
2025-08-15T22:13:07.509-0500	DEBUG	protocol/handler.go:1649	have all messages and processed	{"{round 20 3  <nil>}": {"Key":"self","Type":15,"Integer":0,"String":"a","Interface":null}}
2025-08-15T22:13:07.509-0500	DEBUG	protocol/handler.go:596	round already finalized
2025-08-15T22:13:07.514-0500	DEBUG	protocol/handler.go:581	tryAdvanceRound called	{"{current_round 20 3  <nil>}": {"Key":"self","Type":15,"Integer":0,"String":"c","Interface":null}}
2025-08-15T22:13:07.514-0500	DEBUG	protocol/handler.go:1591	have processed broadcast	{"{round 20 3  <nil>}": {"Key":"from","Type":15,"Integer":0,"String":"a","Interface":null}}
2025-08-15T22:13:07.514-0500	DEBUG	protocol/handler.go:1591	have processed broadcast	{"{round 20 3  <nil>}": {"Key":"from","Type":15,"Integer":0,"String":"b","Interface":null}}
2025-08-15T22:13:07.514-0500	DEBUG	protocol/handler.go:1649	have all messages and processed	{"{round 20 3  <nil>}": {"Key":"self","Type":15,"Integer":0,"String":"c","Interface":null}}
2025-08-15T22:13:07.514-0500	DEBUG	protocol/handler.go:596	round already finalized
2025-08-15T22:13:07.520-0500	DEBUG	protocol/handler.go:581	tryAdvanceRound called	{"{current_round 20 3  <nil>}": {"Key":"self","Type":15,"Integer":0,"String":"a","Interface":null}}
2025-08-15T22:13:07.520-0500	DEBUG	protocol/handler.go:1591	have processed broadcast	{"{round 20 3  <nil>}": {"Key":"from","Type":15,"Integer":0,"String":"b","Interface":null}}
2025-08-15T22:13:07.520-0500	DEBUG	protocol/handler.go:1591	have processed broadcast	{"{round 20 3  <nil>}": {"Key":"from","Type":15,"Integer":0,"String":"c","Interface":null}}
2025-08-15T22:13:07.520-0500	DEBUG	protocol/handler.go:1649	have all messages and processed	{"{round 20 3  <nil>}": {"Key":"self","Type":15,"Integer":0,"String":"a","Interface":null}}
2025-08-15T22:13:07.520-0500	DEBUG	protocol/handler.go:596	round already finalized
2025-08-15T22:13:07.530-0500	DEBUG	protocol/handler.go:581	tryAdvanceRound called	{"{current_round 20 3  <nil>}": {"Key":"self","Type":15,"Integer":0,"String":"a","Interface":null}}
2025-08-15T22:13:07.530-0500	DEBUG	protocol/handler.go:1591	have processed broadcast	{"{round 20 3  <nil>}": {"Key":"from","Type":15,"Integer":0,"String":"b","Interface":null}}
2025-08-15T22:13:07.530-0500	DEBUG	protocol/handler.go:1591	have processed broadcast	{"{round 20 3  <nil>}": {"Key":"from","Type":15,"Integer":0,"String":"c","Interface":null}}
2025-08-15T22:13:07.530-0500	DEBUG	protocol/handler.go:1649	have all messages and processed	{"{round 20 3  <nil>}": {"Key":"self","Type":15,"Integer":0,"String":"a","Interface":null}}
2025-08-15T22:13:07.530-0500	DEBUG	protocol/handler.go:596	round already finalized
2025-08-15T22:13:07.576-0500	DEBUG	protocol/handler.go:581	tryAdvanceRound called	{"{current_round 20 3  <nil>}": {"Key":"self","Type":15,"Integer":0,"String":"b","Interface":null}}
2025-08-15T22:13:07.576-0500	DEBUG	protocol/handler.go:1591	have processed broadcast	{"{round 20 3  <nil>}": {"Key":"from","Type":15,"Integer":0,"String":"a","Interface":null}}
2025-08-15T22:13:07.576-0500	DEBUG	protocol/handler.go:1591	have processed broadcast	{"{round 20 3  <nil>}": {"Key":"from","Type":15,"Integer":0,"String":"c","Interface":null}}
2025-08-15T22:13:07.576-0500	DEBUG	protocol/handler.go:1649	have all messages and processed	{"{round 20 3  <nil>}": {"Key":"self","Type":15,"Integer":0,"String":"b","Interface":null}}
2025-08-15T22:13:07.576-0500	DEBUG	protocol/handler.go:596	round already finalized
2025-08-15T22:13:07.576-0500	DEBUG	protocol/handler.go:581	tryAdvanceRound called	{"{current_round 20 3  <nil>}": {"Key":"self","Type":15,"Integer":0,"String":"b","Interface":null}}
2025-08-15T22:13:07.576-0500	DEBUG	protocol/handler.go:1591	have processed broadcast	{"{round 20 3  <nil>}": {"Key":"from","Type":15,"Integer":0,"String":"a","Interface":null}}
2025-08-15T22:13:07.576-0500	DEBUG	protocol/handler.go:1591	have processed broadcast	{"{round 20 3  <nil>}": {"Key":"from","Type":15,"Integer":0,"String":"c","Interface":null}}
2025-08-15T22:13:07.576-0500	DEBUG	protocol/handler.go:1649	have all messages and processed	{"{round 20 3  <nil>}": {"Key":"self","Type":15,"Integer":0,"String":"b","Interface":null}}
2025-08-15T22:13:07.576-0500	DEBUG	protocol/handler.go:596	round already finalized
2025-08-15T22:13:07.577-0500	DEBUG	protocol/handler.go:581	tryAdvanceRound called	{"{current_round 20 3  <nil>}": {"Key":"self","Type":15,"Integer":0,"String":"c","Interface":null}}
2025-08-15T22:13:07.577-0500	DEBUG	protocol/handler.go:1591	have processed broadcast	{"{round 20 3  <nil>}": {"Key":"from","Type":15,"Integer":0,"String":"a","Interface":null}}
2025-08-15T22:13:07.577-0500	DEBUG	protocol/handler.go:1591	have processed broadcast	{"{round 20 3  <nil>}": {"Key":"from","Type":15,"Integer":0,"String":"b","Interface":null}}
2025-08-15T22:13:07.577-0500	DEBUG	protocol/handler.go:1649	have all messages and processed	{"{round 20 3  <nil>}": {"Key":"self","Type":15,"Integer":0,"String":"c","Interface":null}}
2025-08-15T22:13:07.577-0500	DEBUG	protocol/handler.go:596	round already finalized
2025-08-15T22:13:07.577-0500	DEBUG	protocol/handler.go:581	tryAdvanceRound called	{"{current_round 20 3  <nil>}": {"Key":"self","Type":15,"Integer":0,"String":"c","Interface":null}}
2025-08-15T22:13:07.577-0500	DEBUG	protocol/handler.go:1591	have processed broadcast	{"{round 20 3  <nil>}": {"Key":"from","Type":15,"Integer":0,"String":"a","Interface":null}}
2025-08-15T22:13:07.577-0500	DEBUG	protocol/handler.go:1591	have processed broadcast	{"{round 20 3  <nil>}": {"Key":"from","Type":15,"Integer":0,"String":"b","Interface":null}}
2025-08-15T22:13:07.577-0500	DEBUG	protocol/handler.go:1649	have all messages and processed	{"{round 20 3  <nil>}": {"Key":"self","Type":15,"Integer":0,"String":"c","Interface":null}}
2025-08-15T22:13:07.577-0500	DEBUG	protocol/handler.go:596	round already finalized
2025-08-15T22:13:07.600-0500	DEBUG	protocol/handler.go:581	tryAdvanceRound called	{"{current_round 20 3  <nil>}": {"Key":"self","Type":15,"Integer":0,"String":"c","Interface":null}}
2025-08-15T22:13:07.600-0500	DEBUG	protocol/handler.go:1591	have processed broadcast	{"{round 20 3  <nil>}": {"Key":"from","Type":15,"Integer":0,"String":"a","Interface":null}}
2025-08-15T22:13:07.643-0500	DEBUG	protocol/handler.go:1591	have processed broadcast	{"{round 20 3  <nil>}": {"Key":"from","Type":15,"Integer":0,"String":"b","Interface":null}}
2025-08-15T22:13:07.644-0500	DEBUG	protocol/handler.go:1649	have all messages and processed	{"{round 20 3  <nil>}": {"Key":"self","Type":15,"Integer":0,"String":"c","Interface":null}}
2025-08-15T22:13:07.644-0500	DEBUG	protocol/handler.go:596	round already finalized
2025-08-15T22:13:07.644-0500	DEBUG	protocol/handler.go:581	tryAdvanceRound called	{"{current_round 20 3  <nil>}": {"Key":"self","Type":15,"Integer":0,"String":"c","Interface":null}}
2025-08-15T22:13:07.644-0500	DEBUG	protocol/handler.go:1591	have processed broadcast	{"{round 20 3  <nil>}": {"Key":"from","Type":15,"Integer":0,"String":"a","Interface":null}}
2025-08-15T22:13:07.644-0500	DEBUG	protocol/handler.go:1591	have processed broadcast	{"{round 20 3  <nil>}": {"Key":"from","Type":15,"Integer":0,"String":"b","Interface":null}}
2025-08-15T22:13:07.644-0500	DEBUG	protocol/handler.go:1649	have all messages and processed	{"{round 20 3  <nil>}": {"Key":"self","Type":15,"Integer":0,"String":"c","Interface":null}}
2025-08-15T22:13:07.644-0500	DEBUG	protocol/handler.go:596	round already finalized
2025-08-15T22:13:07.611-0500	DEBUG	protocol/handler.go:581	tryAdvanceRound called	{"{current_round 20 3  <nil>}": {"Key":"self","Type":15,"Integer":0,"String":"a","Interface":null}}
2025-08-15T22:13:07.646-0500	DEBUG	protocol/handler.go:1591	have processed broadcast	{"{round 20 3  <nil>}": {"Key":"from","Type":15,"Integer":0,"String":"b","Interface":null}}
2025-08-15T22:13:07.647-0500	DEBUG	protocol/handler.go:1591	have processed broadcast	{"{round 20 3  <nil>}": {"Key":"from","Type":15,"Integer":0,"String":"c","Interface":null}}
2025-08-15T22:13:07.622-0500	DEBUG	protocol/handler.go:581	tryAdvanceRound called	{"{current_round 20 3  <nil>}": {"Key":"self","Type":15,"Integer":0,"String":"b","Interface":null}}
2025-08-15T22:13:07.679-0500	DEBUG	protocol/handler.go:581	tryAdvanceRound called	{"{current_round 20 3  <nil>}": {"Key":"self","Type":15,"Integer":0,"String":"c","Interface":null}}
2025-08-15T22:13:07.713-0500	DEBUG	protocol/handler.go:1591	have processed broadcast	{"{round 20 3  <nil>}": {"Key":"from","Type":15,"Integer":0,"String":"a","Interface":null}}
2025-08-15T22:13:07.713-0500	DEBUG	protocol/handler.go:1591	have processed broadcast	{"{round 20 3  <nil>}": {"Key":"from","Type":15,"Integer":0,"String":"b","Interface":null}}
2025-08-15T22:13:07.713-0500	DEBUG	protocol/handler.go:1649	have all messages and processed	{"{round 20 3  <nil>}": {"Key":"self","Type":15,"Integer":0,"String":"c","Interface":null}}
2025-08-15T22:13:07.713-0500	DEBUG	protocol/handler.go:596	round already finalized
2025-08-15T22:13:07.713-0500	DEBUG	protocol/handler.go:581	tryAdvanceRound called	{"{current_round 20 3  <nil>}": {"Key":"self","Type":15,"Integer":0,"String":"c","Interface":null}}
2025-08-15T22:13:07.713-0500	DEBUG	protocol/handler.go:1591	have processed broadcast	{"{round 20 3  <nil>}": {"Key":"from","Type":15,"Integer":0,"String":"a","Interface":null}}
2025-08-15T22:13:07.713-0500	DEBUG	protocol/handler.go:1591	have processed broadcast	{"{round 20 3  <nil>}": {"Key":"from","Type":15,"Integer":0,"String":"b","Interface":null}}
2025-08-15T22:13:07.713-0500	DEBUG	protocol/handler.go:1649	have all messages and processed	{"{round 20 3  <nil>}": {"Key":"self","Type":15,"Integer":0,"String":"c","Interface":null}}
2025-08-15T22:13:07.713-0500	DEBUG	protocol/handler.go:596	round already finalized
2025-08-15T22:13:07.735-0500	DEBUG	protocol/handler.go:1649	have all messages and processed	{"{round 20 3  <nil>}": {"Key":"self","Type":15,"Integer":0,"String":"a","Interface":null}}
2025-08-15T22:13:07.735-0500	DEBUG	protocol/handler.go:596	round already finalized
2025-08-15T22:13:07.735-0500	DEBUG	protocol/handler.go:581	tryAdvanceRound called	{"{current_round 20 3  <nil>}": {"Key":"self","Type":15,"Integer":0,"String":"a","Interface":null}}
2025-08-15T22:13:07.735-0500	DEBUG	protocol/handler.go:1591	have processed broadcast	{"{round 20 3  <nil>}": {"Key":"from","Type":15,"Integer":0,"String":"b","Interface":null}}
2025-08-15T22:13:07.741-0500	DEBUG	protocol/handler.go:1591	have processed broadcast	{"{round 20 3  <nil>}": {"Key":"from","Type":15,"Integer":0,"String":"c","Interface":null}}
2025-08-15T22:13:07.741-0500	DEBUG	protocol/handler.go:1649	have all messages and processed	{"{round 20 3  <nil>}": {"Key":"self","Type":15,"Integer":0,"String":"a","Interface":null}}
2025-08-15T22:13:07.745-0500	DEBUG	protocol/handler.go:596	round already finalized
2025-08-15T22:13:07.750-0500	DEBUG	protocol/handler.go:581	tryAdvanceRound called	{"{current_round 20 3  <nil>}": {"Key":"self","Type":15,"Integer":0,"String":"a","Interface":null}}
2025-08-15T22:13:07.823-0500	DEBUG	protocol/handler.go:1591	have processed broadcast	{"{round 20 3  <nil>}": {"Key":"from","Type":15,"Integer":0,"String":"b","Interface":null}}
2025-08-15T22:13:07.823-0500	DEBUG	protocol/handler.go:1591	have processed broadcast	{"{round 20 3  <nil>}": {"Key":"from","Type":15,"Integer":0,"String":"c","Interface":null}}
2025-08-15T22:13:07.823-0500	DEBUG	protocol/handler.go:1649	have all messages and processed	{"{round 20 3  <nil>}": {"Key":"self","Type":15,"Integer":0,"String":"a","Interface":null}}
2025-08-15T22:13:07.838-0500	DEBUG	protocol/handler.go:596	round already finalized
2025-08-15T22:13:07.838-0500	DEBUG	protocol/handler.go:581	tryAdvanceRound called	{"{current_round 20 3  <nil>}": {"Key":"self","Type":15,"Integer":0,"String":"a","Interface":null}}
2025-08-15T22:13:07.838-0500	DEBUG	protocol/handler.go:1591	have processed broadcast	{"{round 20 3  <nil>}": {"Key":"from","Type":15,"Integer":0,"String":"b","Interface":null}}
2025-08-15T22:13:07.838-0500	DEBUG	protocol/handler.go:1591	have processed broadcast	{"{round 20 3  <nil>}": {"Key":"from","Type":15,"Integer":0,"String":"c","Interface":null}}
2025-08-15T22:13:07.838-0500	DEBUG	protocol/handler.go:1649	have all messages and processed	{"{round 20 3  <nil>}": {"Key":"self","Type":15,"Integer":0,"String":"a","Interface":null}}
2025-08-15T22:13:07.838-0500	DEBUG	protocol/handler.go:596	round already finalized
2025-08-15T22:13:07.782-0500	DEBUG	protocol/handler.go:1591	have processed broadcast	{"{round 20 3  <nil>}": {"Key":"from","Type":15,"Integer":0,"String":"a","Interface":null}}
2025-08-15T22:13:07.860-0500	DEBUG	protocol/handler.go:1591	have processed broadcast	{"{round 20 3  <nil>}": {"Key":"from","Type":15,"Integer":0,"String":"c","Interface":null}}
2025-08-15T22:13:07.861-0500	DEBUG	protocol/handler.go:1649	have all messages and processed	{"{round 20 3  <nil>}": {"Key":"self","Type":15,"Integer":0,"String":"b","Interface":null}}
2025-08-15T22:13:07.861-0500	DEBUG	protocol/handler.go:596	round already finalized
2025-08-15T22:13:07.861-0500	DEBUG	protocol/handler.go:581	tryAdvanceRound called	{"{current_round 20 3  <nil>}": {"Key":"self","Type":15,"Integer":0,"String":"b","Interface":null}}
2025-08-15T22:13:07.861-0500	DEBUG	protocol/handler.go:1591	have processed broadcast	{"{round 20 3  <nil>}": {"Key":"from","Type":15,"Integer":0,"String":"a","Interface":null}}
2025-08-15T22:13:07.861-0500	DEBUG	protocol/handler.go:1591	have processed broadcast	{"{round 20 3  <nil>}": {"Key":"from","Type":15,"Integer":0,"String":"c","Interface":null}}
2025-08-15T22:13:07.861-0500	DEBUG	protocol/handler.go:1649	have all messages and processed	{"{round 20 3  <nil>}": {"Key":"self","Type":15,"Integer":0,"String":"b","Interface":null}}
2025-08-15T22:13:07.861-0500	DEBUG	protocol/handler.go:596	round already finalized
2025-08-15T22:13:07.782-0500	DEBUG	protocol/handler.go:581	tryAdvanceRound called	{"{current_round 20 3  <nil>}": {"Key":"self","Type":15,"Integer":0,"String":"c","Interface":null}}
2025-08-15T22:13:07.861-0500	DEBUG	protocol/handler.go:1591	have processed broadcast	{"{round 20 3  <nil>}": {"Key":"from","Type":15,"Integer":0,"String":"a","Interface":null}}
2025-08-15T22:13:07.861-0500	DEBUG	protocol/handler.go:1591	have processed broadcast	{"{round 20 3  <nil>}": {"Key":"from","Type":15,"Integer":0,"String":"b","Interface":null}}
2025-08-15T22:13:07.861-0500	DEBUG	protocol/handler.go:1649	have all messages and processed	{"{round 20 3  <nil>}": {"Key":"self","Type":15,"Integer":0,"String":"c","Interface":null}}
2025-08-15T22:13:07.861-0500	DEBUG	protocol/handler.go:596	round already finalized
2025-08-15T22:13:07.861-0500	DEBUG	protocol/handler.go:581	tryAdvanceRound called	{"{current_round 20 3  <nil>}": {"Key":"self","Type":15,"Integer":0,"String":"c","Interface":null}}
2025-08-15T22:13:07.861-0500	DEBUG	protocol/handler.go:1591	have processed broadcast	{"{round 20 3  <nil>}": {"Key":"from","Type":15,"Integer":0,"String":"a","Interface":null}}
2025-08-15T22:13:07.861-0500	DEBUG	protocol/handler.go:1591	have processed broadcast	{"{round 20 3  <nil>}": {"Key":"from","Type":15,"Integer":0,"String":"b","Interface":null}}
2025-08-15T22:13:07.861-0500	DEBUG	protocol/handler.go:1649	have all messages and processed	{"{round 20 3  <nil>}": {"Key":"self","Type":15,"Integer":0,"String":"c","Interface":null}}
2025-08-15T22:13:07.861-0500	DEBUG	protocol/handler.go:596	round already finalized
2025-08-15T22:13:07.861-0500	DEBUG	protocol/handler.go:581	tryAdvanceRound called	{"{current_round 20 3  <nil>}": {"Key":"self","Type":15,"Integer":0,"String":"a","Interface":null}}
2025-08-15T22:13:07.861-0500	DEBUG	protocol/handler.go:1591	have processed broadcast	{"{round 20 3  <nil>}": {"Key":"from","Type":15,"Integer":0,"String":"b","Interface":null}}
2025-08-15T22:13:07.861-0500	DEBUG	protocol/handler.go:1591	have processed broadcast	{"{round 20 3  <nil>}": {"Key":"from","Type":15,"Integer":0,"String":"c","Interface":null}}
2025-08-15T22:13:07.861-0500	DEBUG	protocol/handler.go:1649	have all messages and processed	{"{round 20 3  <nil>}": {"Key":"self","Type":15,"Integer":0,"String":"a","Interface":null}}
2025-08-15T22:13:07.861-0500	DEBUG	protocol/handler.go:596	round already finalized
2025-08-15T22:13:07.889-0500	DEBUG	protocol/handler.go:581	tryAdvanceRound called	{"{current_round 20 3  <nil>}": {"Key":"self","Type":15,"Integer":0,"String":"c","Interface":null}}
2025-08-15T22:13:07.890-0500	DEBUG	protocol/handler.go:1591	have processed broadcast	{"{round 20 3  <nil>}": {"Key":"from","Type":15,"Integer":0,"String":"a","Interface":null}}
2025-08-15T22:13:07.890-0500	DEBUG	protocol/handler.go:1591	have processed broadcast	{"{round 20 3  <nil>}": {"Key":"from","Type":15,"Integer":0,"String":"b","Interface":null}}
2025-08-15T22:13:07.890-0500	DEBUG	protocol/handler.go:1649	have all messages and processed	{"{round 20 3  <nil>}": {"Key":"self","Type":15,"Integer":0,"String":"c","Interface":null}}
2025-08-15T22:13:07.894-0500	DEBUG	protocol/handler.go:596	round already finalized
2025-08-15T22:13:07.894-0500	DEBUG	protocol/handler.go:581	tryAdvanceRound called	{"{current_round 20 3  <nil>}": {"Key":"self","Type":15,"Integer":0,"String":"c","Interface":null}}
2025-08-15T22:13:07.894-0500	DEBUG	protocol/handler.go:1591	have processed broadcast	{"{round 20 3  <nil>}": {"Key":"from","Type":15,"Integer":0,"String":"a","Interface":null}}
2025-08-15T22:13:07.894-0500	DEBUG	protocol/handler.go:1591	have processed broadcast	{"{round 20 3  <nil>}": {"Key":"from","Type":15,"Integer":0,"String":"b","Interface":null}}
2025-08-15T22:13:07.894-0500	DEBUG	protocol/handler.go:1649	have all messages and processed	{"{round 20 3  <nil>}": {"Key":"self","Type":15,"Integer":0,"String":"c","Interface":null}}
2025-08-15T22:13:07.894-0500	DEBUG	protocol/handler.go:596	round already finalized
2025-08-15T22:13:07.908-0500	DEBUG	protocol/handler.go:581	tryAdvanceRound called	{"{current_round 20 3  <nil>}": {"Key":"self","Type":15,"Integer":0,"String":"a","Interface":null}}
2025-08-15T22:13:07.908-0500	DEBUG	protocol/handler.go:1591	have processed broadcast	{"{round 20 3  <nil>}": {"Key":"from","Type":15,"Integer":0,"String":"b","Interface":null}}
2025-08-15T22:13:07.908-0500	DEBUG	protocol/handler.go:1591	have processed broadcast	{"{round 20 3  <nil>}": {"Key":"from","Type":15,"Integer":0,"String":"c","Interface":null}}
2025-08-15T22:13:07.908-0500	DEBUG	protocol/handler.go:1649	have all messages and processed	{"{round 20 3  <nil>}": {"Key":"self","Type":15,"Integer":0,"String":"a","Interface":null}}
2025-08-15T22:13:07.908-0500	DEBUG	protocol/handler.go:596	round already finalized
2025-08-15T22:13:07.908-0500	DEBUG	protocol/handler.go:581	tryAdvanceRound called	{"{current_round 20 3  <nil>}": {"Key":"self","Type":15,"Integer":0,"String":"a","Interface":null}}
2025-08-15T22:13:07.912-0500	DEBUG	protocol/handler.go:1591	have processed broadcast	{"{round 20 3  <nil>}": {"Key":"from","Type":15,"Integer":0,"String":"b","Interface":null}}
2025-08-15T22:13:07.912-0500	DEBUG	protocol/handler.go:1591	have processed broadcast	{"{round 20 3  <nil>}": {"Key":"from","Type":15,"Integer":0,"String":"c","Interface":null}}
2025-08-15T22:13:07.912-0500	DEBUG	protocol/handler.go:1649	have all messages and processed	{"{round 20 3  <nil>}": {"Key":"self","Type":15,"Integer":0,"String":"a","Interface":null}}
2025-08-15T22:13:07.912-0500	DEBUG	protocol/handler.go:596	round already finalized
2025-08-15T22:13:07.912-0500	DEBUG	protocol/handler.go:581	tryAdvanceRound called	{"{current_round 20 3  <nil>}": {"Key":"self","Type":15,"Integer":0,"String":"b","Interface":null}}
2025-08-15T22:13:07.912-0500	DEBUG	protocol/handler.go:1591	have processed broadcast	{"{round 20 3  <nil>}": {"Key":"from","Type":15,"Integer":0,"String":"a","Interface":null}}
2025-08-15T22:13:07.912-0500	DEBUG	protocol/handler.go:1591	have processed broadcast	{"{round 20 3  <nil>}": {"Key":"from","Type":15,"Integer":0,"String":"c","Interface":null}}
2025-08-15T22:13:07.913-0500	DEBUG	protocol/handler.go:1649	have all messages and processed	{"{round 20 3  <nil>}": {"Key":"self","Type":15,"Integer":0,"String":"b","Interface":null}}
2025-08-15T22:13:07.925-0500	DEBUG	protocol/handler.go:596	round already finalized
2025-08-15T22:13:07.925-0500	DEBUG	protocol/handler.go:581	tryAdvanceRound called	{"{current_round 20 3  <nil>}": {"Key":"self","Type":15,"Integer":0,"String":"b","Interface":null}}
2025-08-15T22:13:07.930-0500	DEBUG	protocol/handler.go:1591	have processed broadcast	{"{round 20 3  <nil>}": {"Key":"from","Type":15,"Integer":0,"String":"a","Interface":null}}
2025-08-15T22:13:07.931-0500	DEBUG	protocol/handler.go:1591	have processed broadcast	{"{round 20 3  <nil>}": {"Key":"from","Type":15,"Integer":0,"String":"c","Interface":null}}
2025-08-15T22:13:07.942-0500	DEBUG	protocol/handler.go:581	tryAdvanceRound called	{"{current_round 20 3  <nil>}": {"Key":"self","Type":15,"Integer":0,"String":"c","Interface":null}}
2025-08-15T22:13:07.946-0500	DEBUG	protocol/handler.go:1591	have processed broadcast	{"{round 20 3  <nil>}": {"Key":"from","Type":15,"Integer":0,"String":"a","Interface":null}}
2025-08-15T22:13:07.947-0500	DEBUG	protocol/handler.go:1591	have processed broadcast	{"{round 20 3  <nil>}": {"Key":"from","Type":15,"Integer":0,"String":"b","Interface":null}}
2025-08-15T22:13:07.947-0500	DEBUG	protocol/handler.go:1649	have all messages and processed	{"{round 20 3  <nil>}": {"Key":"self","Type":15,"Integer":0,"String":"c","Interface":null}}
2025-08-15T22:13:07.947-0500	DEBUG	protocol/handler.go:596	round already finalized
2025-08-15T22:13:07.947-0500	DEBUG	protocol/handler.go:581	tryAdvanceRound called	{"{current_round 20 3  <nil>}": {"Key":"self","Type":15,"Integer":0,"String":"c","Interface":null}}
2025-08-15T22:13:07.947-0500	DEBUG	protocol/handler.go:1591	have processed broadcast	{"{round 20 3  <nil>}": {"Key":"from","Type":15,"Integer":0,"String":"a","Interface":null}}
2025-08-15T22:13:07.948-0500	DEBUG	protocol/handler.go:1591	have processed broadcast	{"{round 20 3  <nil>}": {"Key":"from","Type":15,"Integer":0,"String":"b","Interface":null}}
2025-08-15T22:13:07.948-0500	DEBUG	protocol/handler.go:1649	have all messages and processed	{"{round 20 3  <nil>}": {"Key":"self","Type":15,"Integer":0,"String":"c","Interface":null}}
2025-08-15T22:13:07.948-0500	DEBUG	protocol/handler.go:596	round already finalized
2025-08-15T22:13:07.948-0500	DEBUG	protocol/handler.go:581	tryAdvanceRound called	{"{current_round 20 3  <nil>}": {"Key":"self","Type":15,"Integer":0,"String":"a","Interface":null}}
2025-08-15T22:13:07.948-0500	DEBUG	protocol/handler.go:1591	have processed broadcast	{"{round 20 3  <nil>}": {"Key":"from","Type":15,"Integer":0,"String":"b","Interface":null}}
2025-08-15T22:13:07.948-0500	DEBUG	protocol/handler.go:1591	have processed broadcast	{"{round 20 3  <nil>}": {"Key":"from","Type":15,"Integer":0,"String":"c","Interface":null}}
2025-08-15T22:13:07.948-0500	DEBUG	protocol/handler.go:1649	have all messages and processed	{"{round 20 3  <nil>}": {"Key":"self","Type":15,"Integer":0,"String":"a","Interface":null}}
2025-08-15T22:13:07.948-0500	DEBUG	protocol/handler.go:596	round already finalized
2025-08-15T22:13:07.948-0500	DEBUG	protocol/handler.go:581	tryAdvanceRound called	{"{current_round 20 3  <nil>}": {"Key":"self","Type":15,"Integer":0,"String":"a","Interface":null}}
2025-08-15T22:13:07.948-0500	DEBUG	protocol/handler.go:1591	have processed broadcast	{"{round 20 3  <nil>}": {"Key":"from","Type":15,"Integer":0,"String":"b","Interface":null}}
2025-08-15T22:13:07.949-0500	DEBUG	protocol/handler.go:1591	have processed broadcast	{"{round 20 3  <nil>}": {"Key":"from","Type":15,"Integer":0,"String":"c","Interface":null}}
2025-08-15T22:13:07.949-0500	DEBUG	protocol/handler.go:1649	have all messages and processed	{"{round 20 3  <nil>}": {"Key":"self","Type":15,"Integer":0,"String":"a","Interface":null}}
2025-08-15T22:13:07.949-0500	DEBUG	protocol/handler.go:596	round already finalized
2025-08-15T22:13:07.949-0500	DEBUG	protocol/handler.go:581	tryAdvanceRound called	{"{current_round 20 3  <nil>}": {"Key":"self","Type":15,"Integer":0,"String":"c","Interface":null}}
2025-08-15T22:13:07.949-0500	DEBUG	protocol/handler.go:1591	have processed broadcast	{"{round 20 3  <nil>}": {"Key":"from","Type":15,"Integer":0,"String":"a","Interface":null}}
2025-08-15T22:13:07.949-0500	DEBUG	protocol/handler.go:1591	have processed broadcast	{"{round 20 3  <nil>}": {"Key":"from","Type":15,"Integer":0,"String":"b","Interface":null}}
2025-08-15T22:13:07.949-0500	DEBUG	protocol/handler.go:1649	have all messages and processed	{"{round 20 3  <nil>}": {"Key":"self","Type":15,"Integer":0,"String":"c","Interface":null}}
2025-08-15T22:13:07.949-0500	DEBUG	protocol/handler.go:596	round already finalized
2025-08-15T22:13:07.977-0500	DEBUG	protocol/handler.go:581	tryAdvanceRound called	{"{current_round 20 3  <nil>}": {"Key":"self","Type":15,"Integer":0,"String":"a","Interface":null}}
2025-08-15T22:13:07.978-0500	DEBUG	protocol/handler.go:1591	have processed broadcast	{"{round 20 3  <nil>}": {"Key":"from","Type":15,"Integer":0,"String":"b","Interface":null}}
2025-08-15T22:13:07.978-0500	DEBUG	protocol/handler.go:1591	have processed broadcast	{"{round 20 3  <nil>}": {"Key":"from","Type":15,"Integer":0,"String":"c","Interface":null}}
2025-08-15T22:13:07.978-0500	DEBUG	protocol/handler.go:1649	have all messages and processed	{"{round 20 3  <nil>}": {"Key":"self","Type":15,"Integer":0,"String":"a","Interface":null}}
2025-08-15T22:13:07.978-0500	DEBUG	protocol/handler.go:596	round already finalized
2025-08-15T22:13:07.978-0500	DEBUG	protocol/handler.go:581	tryAdvanceRound called	{"{current_round 20 3  <nil>}": {"Key":"self","Type":15,"Integer":0,"String":"a","Interface":null}}
2025-08-15T22:13:08.014-0500	DEBUG	protocol/handler.go:581	tryAdvanceRound called	{"{current_round 20 3  <nil>}": {"Key":"self","Type":15,"Integer":0,"String":"c","Interface":null}}
2025-08-15T22:13:08.014-0500	DEBUG	protocol/handler.go:1591	have processed broadcast	{"{round 20 3  <nil>}": {"Key":"from","Type":15,"Integer":0,"String":"a","Interface":null}}
2025-08-15T22:13:08.015-0500	DEBUG	protocol/handler.go:1591	have processed broadcast	{"{round 20 3  <nil>}": {"Key":"from","Type":15,"Integer":0,"String":"b","Interface":null}}
2025-08-15T22:13:08.015-0500	DEBUG	protocol/handler.go:1649	have all messages and processed	{"{round 20 3  <nil>}": {"Key":"self","Type":15,"Integer":0,"String":"c","Interface":null}}
2025-08-15T22:13:08.015-0500	DEBUG	protocol/handler.go:596	round already finalized
2025-08-15T22:13:08.016-0500	DEBUG	protocol/handler.go:581	tryAdvanceRound called	{"{current_round 20 3  <nil>}": {"Key":"self","Type":15,"Integer":0,"String":"c","Interface":null}}
2025-08-15T22:13:08.016-0500	DEBUG	protocol/handler.go:1591	have processed broadcast	{"{round 20 3  <nil>}": {"Key":"from","Type":15,"Integer":0,"String":"a","Interface":null}}
2025-08-15T22:13:08.016-0500	DEBUG	protocol/handler.go:1591	have processed broadcast	{"{round 20 3  <nil>}": {"Key":"from","Type":15,"Integer":0,"String":"b","Interface":null}}
2025-08-15T22:13:08.016-0500	DEBUG	protocol/handler.go:1649	have all messages and processed	{"{round 20 3  <nil>}": {"Key":"self","Type":15,"Integer":0,"String":"c","Interface":null}}
2025-08-15T22:13:08.016-0500	DEBUG	protocol/handler.go:596	round already finalized
2025-08-15T22:13:07.978-0500	DEBUG	protocol/handler.go:1591	have processed broadcast	{"{round 20 3  <nil>}": {"Key":"from","Type":15,"Integer":0,"String":"b","Interface":null}}
2025-08-15T22:13:08.040-0500	DEBUG	protocol/handler.go:1591	have processed broadcast	{"{round 20 3  <nil>}": {"Key":"from","Type":15,"Integer":0,"String":"c","Interface":null}}
2025-08-15T22:13:08.040-0500	DEBUG	protocol/handler.go:1649	have all messages and processed	{"{round 20 3  <nil>}": {"Key":"self","Type":15,"Integer":0,"String":"a","Interface":null}}
2025-08-15T22:13:08.040-0500	DEBUG	protocol/handler.go:596	round already finalized
2025-08-15T22:13:08.040-0500	DEBUG	protocol/handler.go:581	tryAdvanceRound called	{"{current_round 20 3  <nil>}": {"Key":"self","Type":15,"Integer":0,"String":"a","Interface":null}}
2025-08-15T22:13:08.040-0500	DEBUG	protocol/handler.go:1591	have processed broadcast	{"{round 20 3  <nil>}": {"Key":"from","Type":15,"Integer":0,"String":"b","Interface":null}}
2025-08-15T22:13:08.040-0500	DEBUG	protocol/handler.go:1591	have processed broadcast	{"{round 20 3  <nil>}": {"Key":"from","Type":15,"Integer":0,"String":"c","Interface":null}}
2025-08-15T22:13:08.040-0500	DEBUG	protocol/handler.go:1649	have all messages and processed	{"{round 20 3  <nil>}": {"Key":"self","Type":15,"Integer":0,"String":"a","Interface":null}}
2025-08-15T22:13:08.040-0500	DEBUG	protocol/handler.go:596	round already finalized
2025-08-15T22:13:08.063-0500	DEBUG	protocol/handler.go:581	tryAdvanceRound called	{"{current_round 20 3  <nil>}": {"Key":"self","Type":15,"Integer":0,"String":"a","Interface":null}}
2025-08-15T22:13:08.063-0500	DEBUG	protocol/handler.go:1591	have processed broadcast	{"{round 20 3  <nil>}": {"Key":"from","Type":15,"Integer":0,"String":"b","Interface":null}}
2025-08-15T22:13:08.063-0500	DEBUG	protocol/handler.go:1591	have processed broadcast	{"{round 20 3  <nil>}": {"Key":"from","Type":15,"Integer":0,"String":"c","Interface":null}}
2025-08-15T22:13:08.063-0500	DEBUG	protocol/handler.go:1649	have all messages and processed	{"{round 20 3  <nil>}": {"Key":"self","Type":15,"Integer":0,"String":"a","Interface":null}}
2025-08-15T22:13:08.063-0500	DEBUG	protocol/handler.go:596	round already finalized
2025-08-15T22:13:08.068-0500	DEBUG	protocol/handler.go:581	tryAdvanceRound called	{"{current_round 20 3  <nil>}": {"Key":"self","Type":15,"Integer":0,"String":"a","Interface":null}}
2025-08-15T22:13:08.068-0500	DEBUG	protocol/handler.go:1591	have processed broadcast	{"{round 20 3  <nil>}": {"Key":"from","Type":15,"Integer":0,"String":"b","Interface":null}}
2025-08-15T22:13:08.068-0500	DEBUG	protocol/handler.go:1591	have processed broadcast	{"{round 20 3  <nil>}": {"Key":"from","Type":15,"Integer":0,"String":"c","Interface":null}}
2025-08-15T22:13:08.068-0500	DEBUG	protocol/handler.go:1649	have all messages and processed	{"{round 20 3  <nil>}": {"Key":"self","Type":15,"Integer":0,"String":"a","Interface":null}}
2025-08-15T22:13:08.068-0500	DEBUG	protocol/handler.go:596	round already finalized
2025-08-15T22:13:07.931-0500	DEBUG	protocol/handler.go:1649	have all messages and processed	{"{round 20 3  <nil>}": {"Key":"self","Type":15,"Integer":0,"String":"b","Interface":null}}
2025-08-15T22:13:08.071-0500	DEBUG	protocol/handler.go:596	round already finalized
2025-08-15T22:13:08.072-0500	DEBUG	protocol/handler.go:581	tryAdvanceRound called	{"{current_round 20 3  <nil>}": {"Key":"self","Type":15,"Integer":0,"String":"b","Interface":null}}
2025-08-15T22:13:08.072-0500	DEBUG	protocol/handler.go:1591	have processed broadcast	{"{round 20 3  <nil>}": {"Key":"from","Type":15,"Integer":0,"String":"a","Interface":null}}
2025-08-15T22:13:08.072-0500	DEBUG	protocol/handler.go:1591	have processed broadcast	{"{round 20 3  <nil>}": {"Key":"from","Type":15,"Integer":0,"String":"c","Interface":null}}
2025-08-15T22:13:08.072-0500	DEBUG	protocol/handler.go:1649	have all messages and processed	{"{round 20 3  <nil>}": {"Key":"self","Type":15,"Integer":0,"String":"b","Interface":null}}
2025-08-15T22:13:08.072-0500	DEBUG	protocol/handler.go:596	round already finalized
2025-08-15T22:13:08.078-0500	DEBUG	protocol/handler.go:581	tryAdvanceRound called	{"{current_round 20 3  <nil>}": {"Key":"self","Type":15,"Integer":0,"String":"c","Interface":null}}
2025-08-15T22:13:08.078-0500	DEBUG	protocol/handler.go:1591	have processed broadcast	{"{round 20 3  <nil>}": {"Key":"from","Type":15,"Integer":0,"String":"a","Interface":null}}
2025-08-15T22:13:08.078-0500	DEBUG	protocol/handler.go:1591	have processed broadcast	{"{round 20 3  <nil>}": {"Key":"from","Type":15,"Integer":0,"String":"b","Interface":null}}
2025-08-15T22:13:08.078-0500	DEBUG	protocol/handler.go:1649	have all messages and processed	{"{round 20 3  <nil>}": {"Key":"self","Type":15,"Integer":0,"String":"c","Interface":null}}
2025-08-15T22:13:08.078-0500	DEBUG	protocol/handler.go:596	round already finalized
2025-08-15T22:13:08.078-0500	DEBUG	protocol/handler.go:581	tryAdvanceRound called	{"{current_round 20 3  <nil>}": {"Key":"self","Type":15,"Integer":0,"String":"c","Interface":null}}
2025-08-15T22:13:08.078-0500	DEBUG	protocol/handler.go:1591	have processed broadcast	{"{round 20 3  <nil>}": {"Key":"from","Type":15,"Integer":0,"String":"a","Interface":null}}
2025-08-15T22:13:08.078-0500	DEBUG	protocol/handler.go:1591	have processed broadcast	{"{round 20 3  <nil>}": {"Key":"from","Type":15,"Integer":0,"String":"b","Interface":null}}
2025-08-15T22:13:08.078-0500	DEBUG	protocol/handler.go:1649	have all messages and processed	{"{round 20 3  <nil>}": {"Key":"self","Type":15,"Integer":0,"String":"c","Interface":null}}
2025-08-15T22:13:08.078-0500	DEBUG	protocol/handler.go:596	round already finalized
2025-08-15T22:13:08.090-0500	DEBUG	protocol/handler.go:581	tryAdvanceRound called	{"{current_round 20 3  <nil>}": {"Key":"self","Type":15,"Integer":0,"String":"b","Interface":null}}
2025-08-15T22:13:08.090-0500	DEBUG	protocol/handler.go:1591	have processed broadcast	{"{round 20 3  <nil>}": {"Key":"from","Type":15,"Integer":0,"String":"a","Interface":null}}
2025-08-15T22:13:08.090-0500	DEBUG	protocol/handler.go:1591	have processed broadcast	{"{round 20 3  <nil>}": {"Key":"from","Type":15,"Integer":0,"String":"c","Interface":null}}
2025-08-15T22:13:08.090-0500	DEBUG	protocol/handler.go:1649	have all messages and processed	{"{round 20 3  <nil>}": {"Key":"self","Type":15,"Integer":0,"String":"b","Interface":null}}
2025-08-15T22:13:08.090-0500	DEBUG	protocol/handler.go:596	round already finalized
2025-08-15T22:13:08.091-0500	DEBUG	protocol/handler.go:581	tryAdvanceRound called	{"{current_round 20 3  <nil>}": {"Key":"self","Type":15,"Integer":0,"String":"a","Interface":null}}
2025-08-15T22:13:08.091-0500	DEBUG	protocol/handler.go:1591	have processed broadcast	{"{round 20 3  <nil>}": {"Key":"from","Type":15,"Integer":0,"String":"b","Interface":null}}
2025-08-15T22:13:08.091-0500	DEBUG	protocol/handler.go:1591	have processed broadcast	{"{round 20 3  <nil>}": {"Key":"from","Type":15,"Integer":0,"String":"c","Interface":null}}
2025-08-15T22:13:08.091-0500	DEBUG	protocol/handler.go:1649	have all messages and processed	{"{round 20 3  <nil>}": {"Key":"self","Type":15,"Integer":0,"String":"a","Interface":null}}
2025-08-15T22:13:08.091-0500	DEBUG	protocol/handler.go:596	round already finalized
2025-08-15T22:13:08.099-0500	DEBUG	protocol/handler.go:581	tryAdvanceRound called	{"{current_round 20 3  <nil>}": {"Key":"self","Type":15,"Integer":0,"String":"c","Interface":null}}
2025-08-15T22:13:08.099-0500	DEBUG	protocol/handler.go:1591	have processed broadcast	{"{round 20 3  <nil>}": {"Key":"from","Type":15,"Integer":0,"String":"a","Interface":null}}
2025-08-15T22:13:08.099-0500	DEBUG	protocol/handler.go:1591	have processed broadcast	{"{round 20 3  <nil>}": {"Key":"from","Type":15,"Integer":0,"String":"b","Interface":null}}
2025-08-15T22:13:08.099-0500	DEBUG	protocol/handler.go:1649	have all messages and processed	{"{round 20 3  <nil>}": {"Key":"self","Type":15,"Integer":0,"String":"c","Interface":null}}
2025-08-15T22:13:08.099-0500	DEBUG	protocol/handler.go:596	round already finalized
2025-08-15T22:13:08.110-0500	DEBUG	protocol/handler.go:581	tryAdvanceRound called	{"{current_round 20 3  <nil>}": {"Key":"self","Type":15,"Integer":0,"String":"a","Interface":null}}
2025-08-15T22:13:08.110-0500	DEBUG	protocol/handler.go:1591	have processed broadcast	{"{round 20 3  <nil>}": {"Key":"from","Type":15,"Integer":0,"String":"b","Interface":null}}
2025-08-15T22:13:08.110-0500	DEBUG	protocol/handler.go:1591	have processed broadcast	{"{round 20 3  <nil>}": {"Key":"from","Type":15,"Integer":0,"String":"c","Interface":null}}
2025-08-15T22:13:08.110-0500	DEBUG	protocol/handler.go:1649	have all messages and processed	{"{round 20 3  <nil>}": {"Key":"self","Type":15,"Integer":0,"String":"a","Interface":null}}
2025-08-15T22:13:08.110-0500	DEBUG	protocol/handler.go:596	round already finalized
2025-08-15T22:13:08.113-0500	DEBUG	protocol/handler.go:581	tryAdvanceRound called	{"{current_round 20 3  <nil>}": {"Key":"self","Type":15,"Integer":0,"String":"b","Interface":null}}
2025-08-15T22:13:08.113-0500	DEBUG	protocol/handler.go:1591	have processed broadcast	{"{round 20 3  <nil>}": {"Key":"from","Type":15,"Integer":0,"String":"a","Interface":null}}
2025-08-15T22:13:08.113-0500	DEBUG	protocol/handler.go:1591	have processed broadcast	{"{round 20 3  <nil>}": {"Key":"from","Type":15,"Integer":0,"String":"c","Interface":null}}
2025-08-15T22:13:08.113-0500	DEBUG	protocol/handler.go:1649	have all messages and processed	{"{round 20 3  <nil>}": {"Key":"self","Type":15,"Integer":0,"String":"b","Interface":null}}
2025-08-15T22:13:08.113-0500	DEBUG	protocol/handler.go:596	round already finalized
2025-08-15T22:13:08.114-0500	DEBUG	protocol/handler.go:581	tryAdvanceRound called	{"{current_round 20 3  <nil>}": {"Key":"self","Type":15,"Integer":0,"String":"b","Interface":null}}
2025-08-15T22:13:08.114-0500	DEBUG	protocol/handler.go:1591	have processed broadcast	{"{round 20 3  <nil>}": {"Key":"from","Type":15,"Integer":0,"String":"a","Interface":null}}
2025-08-15T22:13:08.114-0500	DEBUG	protocol/handler.go:1591	have processed broadcast	{"{round 20 3  <nil>}": {"Key":"from","Type":15,"Integer":0,"String":"c","Interface":null}}
2025-08-15T22:13:08.114-0500	DEBUG	protocol/handler.go:1649	have all messages and processed	{"{round 20 3  <nil>}": {"Key":"self","Type":15,"Integer":0,"String":"b","Interface":null}}
2025-08-15T22:13:08.114-0500	DEBUG	protocol/handler.go:596	round already finalized
2025-08-15T22:13:08.122-0500	DEBUG	protocol/handler.go:581	tryAdvanceRound called	{"{current_round 20 3  <nil>}": {"Key":"self","Type":15,"Integer":0,"String":"c","Interface":null}}
2025-08-15T22:13:08.122-0500	DEBUG	protocol/handler.go:1591	have processed broadcast	{"{round 20 3  <nil>}": {"Key":"from","Type":15,"Integer":0,"String":"a","Interface":null}}
2025-08-15T22:13:08.122-0500	DEBUG	protocol/handler.go:1591	have processed broadcast	{"{round 20 3  <nil>}": {"Key":"from","Type":15,"Integer":0,"String":"b","Interface":null}}
2025-08-15T22:13:08.122-0500	DEBUG	protocol/handler.go:1649	have all messages and processed	{"{round 20 3  <nil>}": {"Key":"self","Type":15,"Integer":0,"String":"c","Interface":null}}
2025-08-15T22:13:08.122-0500	DEBUG	protocol/handler.go:596	round already finalized
2025-08-15T22:13:08.137-0500	DEBUG	protocol/handler.go:581	tryAdvanceRound called	{"{current_round 20 3  <nil>}": {"Key":"self","Type":15,"Integer":0,"String":"a","Interface":null}}
2025-08-15T22:13:08.137-0500	DEBUG	protocol/handler.go:1591	have processed broadcast	{"{round 20 3  <nil>}": {"Key":"from","Type":15,"Integer":0,"String":"b","Interface":null}}
2025-08-15T22:13:08.137-0500	DEBUG	protocol/handler.go:1591	have processed broadcast	{"{round 20 3  <nil>}": {"Key":"from","Type":15,"Integer":0,"String":"c","Interface":null}}
2025-08-15T22:13:08.137-0500	DEBUG	protocol/handler.go:1649	have all messages and processed	{"{round 20 3  <nil>}": {"Key":"self","Type":15,"Integer":0,"String":"a","Interface":null}}
2025-08-15T22:13:08.137-0500	DEBUG	protocol/handler.go:596	round already finalized
2025-08-15T22:13:08.139-0500	DEBUG	protocol/handler.go:581	tryAdvanceRound called	{"{current_round 20 3  <nil>}": {"Key":"self","Type":15,"Integer":0,"String":"b","Interface":null}}
2025-08-15T22:13:08.141-0500	DEBUG	protocol/handler.go:1591	have processed broadcast	{"{round 20 3  <nil>}": {"Key":"from","Type":15,"Integer":0,"String":"a","Interface":null}}
2025-08-15T22:13:08.141-0500	DEBUG	protocol/handler.go:1591	have processed broadcast	{"{round 20 3  <nil>}": {"Key":"from","Type":15,"Integer":0,"String":"c","Interface":null}}
2025-08-15T22:13:08.141-0500	DEBUG	protocol/handler.go:1649	have all messages and processed	{"{round 20 3  <nil>}": {"Key":"self","Type":15,"Integer":0,"String":"b","Interface":null}}
2025-08-15T22:13:08.141-0500	DEBUG	protocol/handler.go:596	round already finalized
2025-08-15T22:13:08.141-0500	DEBUG	protocol/handler.go:581	tryAdvanceRound called	{"{current_round 20 3  <nil>}": {"Key":"self","Type":15,"Integer":0,"String":"b","Interface":null}}
2025-08-15T22:13:08.141-0500	DEBUG	protocol/handler.go:1591	have processed broadcast	{"{round 20 3  <nil>}": {"Key":"from","Type":15,"Integer":0,"String":"a","Interface":null}}
2025-08-15T22:13:08.141-0500	DEBUG	protocol/handler.go:1591	have processed broadcast	{"{round 20 3  <nil>}": {"Key":"from","Type":15,"Integer":0,"String":"c","Interface":null}}
2025-08-15T22:13:08.141-0500	DEBUG	protocol/handler.go:1649	have all messages and processed	{"{round 20 3  <nil>}": {"Key":"self","Type":15,"Integer":0,"String":"b","Interface":null}}
2025-08-15T22:13:08.141-0500	DEBUG	protocol/handler.go:596	round already finalized
2025-08-15T22:13:08.162-0500	DEBUG	protocol/handler.go:581	tryAdvanceRound called	{"{current_round 20 3  <nil>}": {"Key":"self","Type":15,"Integer":0,"String":"b","Interface":null}}
2025-08-15T22:13:08.162-0500	DEBUG	protocol/handler.go:1591	have processed broadcast	{"{round 20 3  <nil>}": {"Key":"from","Type":15,"Integer":0,"String":"a","Interface":null}}
2025-08-15T22:13:08.162-0500	DEBUG	protocol/handler.go:1591	have processed broadcast	{"{round 20 3  <nil>}": {"Key":"from","Type":15,"Integer":0,"String":"c","Interface":null}}
2025-08-15T22:13:08.162-0500	DEBUG	protocol/handler.go:1649	have all messages and processed	{"{round 20 3  <nil>}": {"Key":"self","Type":15,"Integer":0,"String":"b","Interface":null}}
2025-08-15T22:13:08.162-0500	DEBUG	protocol/handler.go:596	round already finalized
2025-08-15T22:13:08.184-0500	DEBUG	protocol/handler.go:581	tryAdvanceRound called	{"{current_round 20 3  <nil>}": {"Key":"self","Type":15,"Integer":0,"String":"b","Interface":null}}
2025-08-15T22:13:08.184-0500	DEBUG	protocol/handler.go:1591	have processed broadcast	{"{round 20 3  <nil>}": {"Key":"from","Type":15,"Integer":0,"String":"a","Interface":null}}
2025-08-15T22:13:08.184-0500	DEBUG	protocol/handler.go:1591	have processed broadcast	{"{round 20 3  <nil>}": {"Key":"from","Type":15,"Integer":0,"String":"c","Interface":null}}
2025-08-15T22:13:08.184-0500	DEBUG	protocol/handler.go:1649	have all messages and processed	{"{round 20 3  <nil>}": {"Key":"self","Type":15,"Integer":0,"String":"b","Interface":null}}
2025-08-15T22:13:08.184-0500	DEBUG	protocol/handler.go:596	round already finalized
2025-08-15T22:13:08.160-0500	DEBUG	protocol/handler.go:581	tryAdvanceRound called	{"{current_round 20 3  <nil>}": {"Key":"self","Type":15,"Integer":0,"String":"c","Interface":null}}
2025-08-15T22:13:08.229-0500	DEBUG	protocol/handler.go:1591	have processed broadcast	{"{round 20 3  <nil>}": {"Key":"from","Type":15,"Integer":0,"String":"a","Interface":null}}
2025-08-15T22:13:08.230-0500	DEBUG	protocol/handler.go:1591	have processed broadcast	{"{round 20 3  <nil>}": {"Key":"from","Type":15,"Integer":0,"String":"b","Interface":null}}
2025-08-15T22:13:08.230-0500	DEBUG	protocol/handler.go:1649	have all messages and processed	{"{round 20 3  <nil>}": {"Key":"self","Type":15,"Integer":0,"String":"c","Interface":null}}
2025-08-15T22:13:08.230-0500	DEBUG	protocol/handler.go:596	round already finalized
2025-08-15T22:13:08.230-0500	DEBUG	protocol/handler.go:581	tryAdvanceRound called	{"{current_round 20 3  <nil>}": {"Key":"self","Type":15,"Integer":0,"String":"c","Interface":null}}
2025-08-15T22:13:08.230-0500	DEBUG	protocol/handler.go:1591	have processed broadcast	{"{round 20 3  <nil>}": {"Key":"from","Type":15,"Integer":0,"String":"a","Interface":null}}
2025-08-15T22:13:08.230-0500	DEBUG	protocol/handler.go:1591	have processed broadcast	{"{round 20 3  <nil>}": {"Key":"from","Type":15,"Integer":0,"String":"b","Interface":null}}
2025-08-15T22:13:08.230-0500	DEBUG	protocol/handler.go:1649	have all messages and processed	{"{round 20 3  <nil>}": {"Key":"self","Type":15,"Integer":0,"String":"c","Interface":null}}
2025-08-15T22:13:08.231-0500	DEBUG	protocol/handler.go:596	round already finalized
2025-08-15T22:13:08.231-0500	DEBUG	protocol/handler.go:581	tryAdvanceRound called	{"{current_round 20 3  <nil>}": {"Key":"self","Type":15,"Integer":0,"String":"c","Interface":null}}
2025-08-15T22:13:08.231-0500	DEBUG	protocol/handler.go:1591	have processed broadcast	{"{round 20 3  <nil>}": {"Key":"from","Type":15,"Integer":0,"String":"a","Interface":null}}
2025-08-15T22:13:08.231-0500	DEBUG	protocol/handler.go:1591	have processed broadcast	{"{round 20 3  <nil>}": {"Key":"from","Type":15,"Integer":0,"String":"b","Interface":null}}
2025-08-15T22:13:08.231-0500	DEBUG	protocol/handler.go:1649	have all messages and processed	{"{round 20 3  <nil>}": {"Key":"self","Type":15,"Integer":0,"String":"c","Interface":null}}
2025-08-15T22:13:08.231-0500	DEBUG	protocol/handler.go:596	round already finalized
2025-08-15T22:13:08.250-0500	DEBUG	protocol/handler.go:581	tryAdvanceRound called	{"{current_round 20 3  <nil>}": {"Key":"self","Type":15,"Integer":0,"String":"b","Interface":null}}
2025-08-15T22:13:08.250-0500	DEBUG	protocol/handler.go:1591	have processed broadcast	{"{round 20 3  <nil>}": {"Key":"from","Type":15,"Integer":0,"String":"a","Interface":null}}
2025-08-15T22:13:08.250-0500	DEBUG	protocol/handler.go:1591	have processed broadcast	{"{round 20 3  <nil>}": {"Key":"from","Type":15,"Integer":0,"String":"c","Interface":null}}
2025-08-15T22:13:08.250-0500	DEBUG	protocol/handler.go:1649	have all messages and processed	{"{round 20 3  <nil>}": {"Key":"self","Type":15,"Integer":0,"String":"b","Interface":null}}
2025-08-15T22:13:08.250-0500	DEBUG	protocol/handler.go:596	round already finalized
2025-08-15T22:13:08.250-0500	DEBUG	protocol/handler.go:581	tryAdvanceRound called	{"{current_round 20 3  <nil>}": {"Key":"self","Type":15,"Integer":0,"String":"b","Interface":null}}
2025-08-15T22:13:08.250-0500	DEBUG	protocol/handler.go:1591	have processed broadcast	{"{round 20 3  <nil>}": {"Key":"from","Type":15,"Integer":0,"String":"a","Interface":null}}
2025-08-15T22:13:08.250-0500	DEBUG	protocol/handler.go:1591	have processed broadcast	{"{round 20 3  <nil>}": {"Key":"from","Type":15,"Integer":0,"String":"c","Interface":null}}
2025-08-15T22:13:08.250-0500	DEBUG	protocol/handler.go:1649	have all messages and processed	{"{round 20 3  <nil>}": {"Key":"self","Type":15,"Integer":0,"String":"b","Interface":null}}
2025-08-15T22:13:08.250-0500	DEBUG	protocol/handler.go:596	round already finalized
2025-08-15T22:13:08.250-0500	DEBUG	protocol/handler.go:581	tryAdvanceRound called	{"{current_round 20 3  <nil>}": {"Key":"self","Type":15,"Integer":0,"String":"b","Interface":null}}
2025-08-15T22:13:08.250-0500	DEBUG	protocol/handler.go:1591	have processed broadcast	{"{round 20 3  <nil>}": {"Key":"from","Type":15,"Integer":0,"String":"a","Interface":null}}
2025-08-15T22:13:08.250-0500	DEBUG	protocol/handler.go:1591	have processed broadcast	{"{round 20 3  <nil>}": {"Key":"from","Type":15,"Integer":0,"String":"c","Interface":null}}
2025-08-15T22:13:08.250-0500	DEBUG	protocol/handler.go:1649	have all messages and processed	{"{round 20 3  <nil>}": {"Key":"self","Type":15,"Integer":0,"String":"b","Interface":null}}
2025-08-15T22:13:08.250-0500	DEBUG	protocol/handler.go:596	round already finalized
2025-08-15T22:13:08.263-0500	DEBUG	protocol/handler.go:581	tryAdvanceRound called	{"{current_round 20 3  <nil>}": {"Key":"self","Type":15,"Integer":0,"String":"c","Interface":null}}
2025-08-15T22:13:08.275-0500	DEBUG	protocol/handler.go:581	tryAdvanceRound called	{"{current_round 20 3  <nil>}": {"Key":"self","Type":15,"Integer":0,"String":"b","Interface":null}}
2025-08-15T22:13:08.400-0500	DEBUG	protocol/handler.go:581	tryAdvanceRound called	{"{current_round 20 3  <nil>}": {"Key":"self","Type":15,"Integer":0,"String":"a","Interface":null}}
2025-08-15T22:13:08.401-0500	DEBUG	protocol/handler.go:1591	have processed broadcast	{"{round 20 3  <nil>}": {"Key":"from","Type":15,"Integer":0,"String":"b","Interface":null}}
2025-08-15T22:13:08.401-0500	DEBUG	protocol/handler.go:1591	have processed broadcast	{"{round 20 3  <nil>}": {"Key":"from","Type":15,"Integer":0,"String":"c","Interface":null}}
2025-08-15T22:13:08.401-0500	DEBUG	protocol/handler.go:1649	have all messages and processed	{"{round 20 3  <nil>}": {"Key":"self","Type":15,"Integer":0,"String":"a","Interface":null}}
2025-08-15T22:13:08.401-0500	DEBUG	protocol/handler.go:596	round already finalized
2025-08-15T22:13:08.401-0500	DEBUG	protocol/handler.go:581	tryAdvanceRound called	{"{current_round 20 3  <nil>}": {"Key":"self","Type":15,"Integer":0,"String":"a","Interface":null}}
2025-08-15T22:13:08.401-0500	DEBUG	protocol/handler.go:1591	have processed broadcast	{"{round 20 3  <nil>}": {"Key":"from","Type":15,"Integer":0,"String":"b","Interface":null}}
2025-08-15T22:13:08.401-0500	DEBUG	protocol/handler.go:1591	have processed broadcast	{"{round 20 3  <nil>}": {"Key":"from","Type":15,"Integer":0,"String":"c","Interface":null}}
2025-08-15T22:13:08.401-0500	DEBUG	protocol/handler.go:1649	have all messages and processed	{"{round 20 3  <nil>}": {"Key":"self","Type":15,"Integer":0,"String":"a","Interface":null}}
2025-08-15T22:13:08.402-0500	DEBUG	protocol/handler.go:596	round already finalized
2025-08-15T22:13:08.403-0500	DEBUG	protocol/handler.go:1591	have processed broadcast	{"{round 20 3  <nil>}": {"Key":"from","Type":15,"Integer":0,"String":"a","Interface":null}}
2025-08-15T22:13:08.404-0500	DEBUG	protocol/handler.go:1591	have processed broadcast	{"{round 20 3  <nil>}": {"Key":"from","Type":15,"Integer":0,"String":"b","Interface":null}}
2025-08-15T22:13:08.409-0500	DEBUG	protocol/handler.go:1649	have all messages and processed	{"{round 20 3  <nil>}": {"Key":"self","Type":15,"Integer":0,"String":"c","Interface":null}}
2025-08-15T22:13:08.409-0500	DEBUG	protocol/handler.go:596	round already finalized
2025-08-15T22:13:08.409-0500	DEBUG	protocol/handler.go:581	tryAdvanceRound called	{"{current_round 20 3  <nil>}": {"Key":"self","Type":15,"Integer":0,"String":"c","Interface":null}}
2025-08-15T22:13:08.409-0500	DEBUG	protocol/handler.go:1591	have processed broadcast	{"{round 20 3  <nil>}": {"Key":"from","Type":15,"Integer":0,"String":"a","Interface":null}}
2025-08-15T22:13:08.409-0500	DEBUG	protocol/handler.go:1591	have processed broadcast	{"{round 20 3  <nil>}": {"Key":"from","Type":15,"Integer":0,"String":"b","Interface":null}}
2025-08-15T22:13:08.409-0500	DEBUG	protocol/handler.go:1649	have all messages and processed	{"{round 20 3  <nil>}": {"Key":"self","Type":15,"Integer":0,"String":"c","Interface":null}}
2025-08-15T22:13:08.409-0500	DEBUG	protocol/handler.go:596	round already finalized
2025-08-15T22:13:08.446-0500	DEBUG	protocol/handler.go:581	tryAdvanceRound called	{"{current_round 20 3  <nil>}": {"Key":"self","Type":15,"Integer":0,"String":"c","Interface":null}}
2025-08-15T22:13:08.446-0500	DEBUG	protocol/handler.go:1591	have processed broadcast	{"{round 20 3  <nil>}": {"Key":"from","Type":15,"Integer":0,"String":"a","Interface":null}}
2025-08-15T22:13:08.275-0500	DEBUG	protocol/handler.go:1591	have processed broadcast	{"{round 20 3  <nil>}": {"Key":"from","Type":15,"Integer":0,"String":"a","Interface":null}}
2025-08-15T22:13:08.447-0500	DEBUG	protocol/handler.go:1591	have processed broadcast	{"{round 20 3  <nil>}": {"Key":"from","Type":15,"Integer":0,"String":"c","Interface":null}}
2025-08-15T22:13:08.447-0500	DEBUG	protocol/handler.go:1649	have all messages and processed	{"{round 20 3  <nil>}": {"Key":"self","Type":15,"Integer":0,"String":"b","Interface":null}}
2025-08-15T22:13:08.447-0500	DEBUG	protocol/handler.go:596	round already finalized
2025-08-15T22:13:08.447-0500	DEBUG	protocol/handler.go:581	tryAdvanceRound called	{"{current_round 20 3  <nil>}": {"Key":"self","Type":15,"Integer":0,"String":"b","Interface":null}}
2025-08-15T22:13:08.447-0500	DEBUG	protocol/handler.go:1591	have processed broadcast	{"{round 20 3  <nil>}": {"Key":"from","Type":15,"Integer":0,"String":"a","Interface":null}}
2025-08-15T22:13:08.447-0500	DEBUG	protocol/handler.go:1591	have processed broadcast	{"{round 20 3  <nil>}": {"Key":"from","Type":15,"Integer":0,"String":"c","Interface":null}}
2025-08-15T22:13:08.447-0500	DEBUG	protocol/handler.go:1649	have all messages and processed	{"{round 20 3  <nil>}": {"Key":"self","Type":15,"Integer":0,"String":"b","Interface":null}}
2025-08-15T22:13:08.447-0500	DEBUG	protocol/handler.go:596	round already finalized
2025-08-15T22:13:08.446-0500	DEBUG	protocol/handler.go:1591	have processed broadcast	{"{round 20 3  <nil>}": {"Key":"from","Type":15,"Integer":0,"String":"b","Interface":null}}
2025-08-15T22:13:08.448-0500	DEBUG	protocol/handler.go:581	tryAdvanceRound called	{"{current_round 20 3  <nil>}": {"Key":"self","Type":15,"Integer":0,"String":"a","Interface":null}}
2025-08-15T22:13:08.448-0500	DEBUG	protocol/handler.go:1591	have processed broadcast	{"{round 20 3  <nil>}": {"Key":"from","Type":15,"Integer":0,"String":"b","Interface":null}}
2025-08-15T22:13:08.448-0500	DEBUG	protocol/handler.go:1649	have all messages and processed	{"{round 20 3  <nil>}": {"Key":"self","Type":15,"Integer":0,"String":"c","Interface":null}}
2025-08-15T22:13:08.448-0500	DEBUG	protocol/handler.go:596	round already finalized
2025-08-15T22:13:08.448-0500	DEBUG	protocol/handler.go:581	tryAdvanceRound called	{"{current_round 20 3  <nil>}": {"Key":"self","Type":15,"Integer":0,"String":"c","Interface":null}}
2025-08-15T22:13:08.449-0500	DEBUG	protocol/handler.go:1591	have processed broadcast	{"{round 20 3  <nil>}": {"Key":"from","Type":15,"Integer":0,"String":"a","Interface":null}}
2025-08-15T22:13:08.449-0500	DEBUG	protocol/handler.go:1591	have processed broadcast	{"{round 20 3  <nil>}": {"Key":"from","Type":15,"Integer":0,"String":"b","Interface":null}}
2025-08-15T22:13:08.449-0500	DEBUG	protocol/handler.go:1649	have all messages and processed	{"{round 20 3  <nil>}": {"Key":"self","Type":15,"Integer":0,"String":"c","Interface":null}}
2025-08-15T22:13:08.449-0500	DEBUG	protocol/handler.go:596	round already finalized
2025-08-15T22:13:08.448-0500	DEBUG	protocol/handler.go:1591	have processed broadcast	{"{round 20 3  <nil>}": {"Key":"from","Type":15,"Integer":0,"String":"c","Interface":null}}
2025-08-15T22:13:08.449-0500	DEBUG	protocol/handler.go:1649	have all messages and processed	{"{round 20 3  <nil>}": {"Key":"self","Type":15,"Integer":0,"String":"a","Interface":null}}
2025-08-15T22:13:08.449-0500	DEBUG	protocol/handler.go:596	round already finalized
2025-08-15T22:13:08.449-0500	DEBUG	protocol/handler.go:581	tryAdvanceRound called	{"{current_round 20 3  <nil>}": {"Key":"self","Type":15,"Integer":0,"String":"a","Interface":null}}
2025-08-15T22:13:08.450-0500	DEBUG	protocol/handler.go:1591	have processed broadcast	{"{round 20 3  <nil>}": {"Key":"from","Type":15,"Integer":0,"String":"b","Interface":null}}
2025-08-15T22:13:08.450-0500	DEBUG	protocol/handler.go:1591	have processed broadcast	{"{round 20 3  <nil>}": {"Key":"from","Type":15,"Integer":0,"String":"c","Interface":null}}
2025-08-15T22:13:08.450-0500	DEBUG	protocol/handler.go:1649	have all messages and processed	{"{round 20 3  <nil>}": {"Key":"self","Type":15,"Integer":0,"String":"a","Interface":null}}
2025-08-15T22:13:08.450-0500	DEBUG	protocol/handler.go:596	round already finalized
2025-08-15T22:13:08.471-0500	DEBUG	protocol/handler.go:581	tryAdvanceRound called	{"{current_round 20 3  <nil>}": {"Key":"self","Type":15,"Integer":0,"String":"b","Interface":null}}
2025-08-15T22:13:08.471-0500	DEBUG	protocol/handler.go:1591	have processed broadcast	{"{round 20 3  <nil>}": {"Key":"from","Type":15,"Integer":0,"String":"a","Interface":null}}
2025-08-15T22:13:08.472-0500	DEBUG	protocol/handler.go:1591	have processed broadcast	{"{round 20 3  <nil>}": {"Key":"from","Type":15,"Integer":0,"String":"c","Interface":null}}
2025-08-15T22:13:08.472-0500	DEBUG	protocol/handler.go:1649	have all messages and processed	{"{round 20 3  <nil>}": {"Key":"self","Type":15,"Integer":0,"String":"b","Interface":null}}
2025-08-15T22:13:08.473-0500	DEBUG	protocol/handler.go:596	round already finalized
2025-08-15T22:13:08.512-0500	DEBUG	protocol/handler.go:581	tryAdvanceRound called	{"{current_round 20 3  <nil>}": {"Key":"self","Type":15,"Integer":0,"String":"c","Interface":null}}
2025-08-15T22:13:08.513-0500	DEBUG	protocol/handler.go:1591	have processed broadcast	{"{round 20 3  <nil>}": {"Key":"from","Type":15,"Integer":0,"String":"a","Interface":null}}
2025-08-15T22:13:08.513-0500	DEBUG	protocol/handler.go:1591	have processed broadcast	{"{round 20 3  <nil>}": {"Key":"from","Type":15,"Integer":0,"String":"b","Interface":null}}
2025-08-15T22:13:08.513-0500	DEBUG	protocol/handler.go:1649	have all messages and processed	{"{round 20 3  <nil>}": {"Key":"self","Type":15,"Integer":0,"String":"c","Interface":null}}
2025-08-15T22:13:08.513-0500	DEBUG	protocol/handler.go:596	round already finalized
2025-08-15T22:13:08.513-0500	DEBUG	protocol/handler.go:581	tryAdvanceRound called	{"{current_round 20 3  <nil>}": {"Key":"self","Type":15,"Integer":0,"String":"c","Interface":null}}
2025-08-15T22:13:08.513-0500	DEBUG	protocol/handler.go:1591	have processed broadcast	{"{round 20 3  <nil>}": {"Key":"from","Type":15,"Integer":0,"String":"a","Interface":null}}
2025-08-15T22:13:08.513-0500	DEBUG	protocol/handler.go:1591	have processed broadcast	{"{round 20 3  <nil>}": {"Key":"from","Type":15,"Integer":0,"String":"b","Interface":null}}
2025-08-15T22:13:08.513-0500	DEBUG	protocol/handler.go:1649	have all messages and processed	{"{round 20 3  <nil>}": {"Key":"self","Type":15,"Integer":0,"String":"c","Interface":null}}
2025-08-15T22:13:08.513-0500	DEBUG	protocol/handler.go:596	round already finalized
2025-08-15T22:13:08.513-0500	DEBUG	protocol/handler.go:581	tryAdvanceRound called	{"{current_round 20 3  <nil>}": {"Key":"self","Type":15,"Integer":0,"String":"a","Interface":null}}
2025-08-15T22:13:08.513-0500	DEBUG	protocol/handler.go:1591	have processed broadcast	{"{round 20 3  <nil>}": {"Key":"from","Type":15,"Integer":0,"String":"b","Interface":null}}
2025-08-15T22:13:08.513-0500	DEBUG	protocol/handler.go:1591	have processed broadcast	{"{round 20 3  <nil>}": {"Key":"from","Type":15,"Integer":0,"String":"c","Interface":null}}
2025-08-15T22:13:08.513-0500	DEBUG	protocol/handler.go:1649	have all messages and processed	{"{round 20 3  <nil>}": {"Key":"self","Type":15,"Integer":0,"String":"a","Interface":null}}
2025-08-15T22:13:08.513-0500	DEBUG	protocol/handler.go:596	round already finalized
2025-08-15T22:13:08.513-0500	DEBUG	protocol/handler.go:581	tryAdvanceRound called	{"{current_round 20 3  <nil>}": {"Key":"self","Type":15,"Integer":0,"String":"a","Interface":null}}
2025-08-15T22:13:08.513-0500	DEBUG	protocol/handler.go:1591	have processed broadcast	{"{round 20 3  <nil>}": {"Key":"from","Type":15,"Integer":0,"String":"b","Interface":null}}
2025-08-15T22:13:08.513-0500	DEBUG	protocol/handler.go:1591	have processed broadcast	{"{round 20 3  <nil>}": {"Key":"from","Type":15,"Integer":0,"String":"c","Interface":null}}
2025-08-15T22:13:08.513-0500	DEBUG	protocol/handler.go:1649	have all messages and processed	{"{round 20 3  <nil>}": {"Key":"self","Type":15,"Integer":0,"String":"a","Interface":null}}
2025-08-15T22:13:08.513-0500	DEBUG	protocol/handler.go:596	round already finalized
2025-08-15T22:13:08.548-0500	DEBUG	protocol/handler.go:581	tryAdvanceRound called	{"{current_round 20 3  <nil>}": {"Key":"self","Type":15,"Integer":0,"String":"b","Interface":null}}
2025-08-15T22:13:08.548-0500	DEBUG	protocol/handler.go:1591	have processed broadcast	{"{round 20 3  <nil>}": {"Key":"from","Type":15,"Integer":0,"String":"a","Interface":null}}
2025-08-15T22:13:08.549-0500	DEBUG	protocol/handler.go:1591	have processed broadcast	{"{round 20 3  <nil>}": {"Key":"from","Type":15,"Integer":0,"String":"c","Interface":null}}
2025-08-15T22:13:08.549-0500	DEBUG	protocol/handler.go:1649	have all messages and processed	{"{round 20 3  <nil>}": {"Key":"self","Type":15,"Integer":0,"String":"b","Interface":null}}
2025-08-15T22:13:08.549-0500	DEBUG	protocol/handler.go:596	round already finalized
2025-08-15T22:13:08.549-0500	DEBUG	protocol/handler.go:581	tryAdvanceRound called	{"{current_round 20 3  <nil>}": {"Key":"self","Type":15,"Integer":0,"String":"b","Interface":null}}
2025-08-15T22:13:08.549-0500	DEBUG	protocol/handler.go:1591	have processed broadcast	{"{round 20 3  <nil>}": {"Key":"from","Type":15,"Integer":0,"String":"a","Interface":null}}
2025-08-15T22:13:08.549-0500	DEBUG	protocol/handler.go:1591	have processed broadcast	{"{round 20 3  <nil>}": {"Key":"from","Type":15,"Integer":0,"String":"c","Interface":null}}
2025-08-15T22:13:08.549-0500	DEBUG	protocol/handler.go:1649	have all messages and processed	{"{round 20 3  <nil>}": {"Key":"self","Type":15,"Integer":0,"String":"b","Interface":null}}
2025-08-15T22:13:08.549-0500	DEBUG	protocol/handler.go:596	round already finalized
2025-08-15T22:13:08.552-0500	DEBUG	protocol/handler.go:581	tryAdvanceRound called	{"{current_round 20 3  <nil>}": {"Key":"self","Type":15,"Integer":0,"String":"a","Interface":null}}
2025-08-15T22:13:08.552-0500	DEBUG	protocol/handler.go:1591	have processed broadcast	{"{round 20 3  <nil>}": {"Key":"from","Type":15,"Integer":0,"String":"b","Interface":null}}
2025-08-15T22:13:08.552-0500	DEBUG	protocol/handler.go:1591	have processed broadcast	{"{round 20 3  <nil>}": {"Key":"from","Type":15,"Integer":0,"String":"c","Interface":null}}
2025-08-15T22:13:08.552-0500	DEBUG	protocol/handler.go:1649	have all messages and processed	{"{round 20 3  <nil>}": {"Key":"self","Type":15,"Integer":0,"String":"a","Interface":null}}
2025-08-15T22:13:08.552-0500	DEBUG	protocol/handler.go:596	round already finalized
2025-08-15T22:13:08.573-0500	DEBUG	protocol/handler.go:581	tryAdvanceRound called	{"{current_round 20 3  <nil>}": {"Key":"self","Type":15,"Integer":0,"String":"b","Interface":null}}
2025-08-15T22:13:08.573-0500	DEBUG	protocol/handler.go:1591	have processed broadcast	{"{round 20 3  <nil>}": {"Key":"from","Type":15,"Integer":0,"String":"a","Interface":null}}
2025-08-15T22:13:08.573-0500	DEBUG	protocol/handler.go:1591	have processed broadcast	{"{round 20 3  <nil>}": {"Key":"from","Type":15,"Integer":0,"String":"c","Interface":null}}
2025-08-15T22:13:08.573-0500	DEBUG	protocol/handler.go:1649	have all messages and processed	{"{round 20 3  <nil>}": {"Key":"self","Type":15,"Integer":0,"String":"b","Interface":null}}
2025-08-15T22:13:08.573-0500	DEBUG	protocol/handler.go:596	round already finalized
2025-08-15T22:13:08.611-0500	DEBUG	protocol/handler.go:581	tryAdvanceRound called	{"{current_round 20 3  <nil>}": {"Key":"self","Type":15,"Integer":0,"String":"a","Interface":null}}
2025-08-15T22:13:08.612-0500	DEBUG	protocol/handler.go:1591	have processed broadcast	{"{round 20 3  <nil>}": {"Key":"from","Type":15,"Integer":0,"String":"b","Interface":null}}
2025-08-15T22:13:08.617-0500	DEBUG	protocol/handler.go:1591	have processed broadcast	{"{round 20 3  <nil>}": {"Key":"from","Type":15,"Integer":0,"String":"c","Interface":null}}
2025-08-15T22:13:08.618-0500	DEBUG	protocol/handler.go:1649	have all messages and processed	{"{round 20 3  <nil>}": {"Key":"self","Type":15,"Integer":0,"String":"a","Interface":null}}
2025-08-15T22:13:08.618-0500	DEBUG	protocol/handler.go:596	round already finalized
2025-08-15T22:13:08.618-0500	DEBUG	protocol/handler.go:581	tryAdvanceRound called	{"{current_round 20 3  <nil>}": {"Key":"self","Type":15,"Integer":0,"String":"a","Interface":null}}
2025-08-15T22:13:08.618-0500	DEBUG	protocol/handler.go:1591	have processed broadcast	{"{round 20 3  <nil>}": {"Key":"from","Type":15,"Integer":0,"String":"b","Interface":null}}
2025-08-15T22:13:08.618-0500	DEBUG	protocol/handler.go:1591	have processed broadcast	{"{round 20 3  <nil>}": {"Key":"from","Type":15,"Integer":0,"String":"c","Interface":null}}
2025-08-15T22:13:08.618-0500	DEBUG	protocol/handler.go:1649	have all messages and processed	{"{round 20 3  <nil>}": {"Key":"self","Type":15,"Integer":0,"String":"a","Interface":null}}
2025-08-15T22:13:08.619-0500	DEBUG	protocol/handler.go:596	round already finalized
2025-08-15T22:13:08.619-0500	DEBUG	protocol/handler.go:581	tryAdvanceRound called	{"{current_round 20 3  <nil>}": {"Key":"self","Type":15,"Integer":0,"String":"c","Interface":null}}
2025-08-15T22:13:08.619-0500	DEBUG	protocol/handler.go:1591	have processed broadcast	{"{round 20 3  <nil>}": {"Key":"from","Type":15,"Integer":0,"String":"a","Interface":null}}
2025-08-15T22:13:08.619-0500	DEBUG	protocol/handler.go:1591	have processed broadcast	{"{round 20 3  <nil>}": {"Key":"from","Type":15,"Integer":0,"String":"b","Interface":null}}
2025-08-15T22:13:08.619-0500	DEBUG	protocol/handler.go:1649	have all messages and processed	{"{round 20 3  <nil>}": {"Key":"self","Type":15,"Integer":0,"String":"c","Interface":null}}
2025-08-15T22:13:08.619-0500	DEBUG	protocol/handler.go:596	round already finalized
2025-08-15T22:13:08.619-0500	DEBUG	protocol/handler.go:581	tryAdvanceRound called	{"{current_round 20 3  <nil>}": {"Key":"self","Type":15,"Integer":0,"String":"c","Interface":null}}
2025-08-15T22:13:08.619-0500	DEBUG	protocol/handler.go:1591	have processed broadcast	{"{round 20 3  <nil>}": {"Key":"from","Type":15,"Integer":0,"String":"a","Interface":null}}
2025-08-15T22:13:08.620-0500	DEBUG	protocol/handler.go:1591	have processed broadcast	{"{round 20 3  <nil>}": {"Key":"from","Type":15,"Integer":0,"String":"b","Interface":null}}
2025-08-15T22:13:08.620-0500	DEBUG	protocol/handler.go:1649	have all messages and processed	{"{round 20 3  <nil>}": {"Key":"self","Type":15,"Integer":0,"String":"c","Interface":null}}
2025-08-15T22:13:08.620-0500	DEBUG	protocol/handler.go:596	round already finalized
2025-08-15T22:13:08.614-0500	DEBUG	protocol/handler.go:581	tryAdvanceRound called	{"{current_round 20 3  <nil>}": {"Key":"self","Type":15,"Integer":0,"String":"b","Interface":null}}
2025-08-15T22:13:08.620-0500	DEBUG	protocol/handler.go:1591	have processed broadcast	{"{round 20 3  <nil>}": {"Key":"from","Type":15,"Integer":0,"String":"a","Interface":null}}
2025-08-15T22:13:08.620-0500	DEBUG	protocol/handler.go:1591	have processed broadcast	{"{round 20 3  <nil>}": {"Key":"from","Type":15,"Integer":0,"String":"c","Interface":null}}
2025-08-15T22:13:08.620-0500	DEBUG	protocol/handler.go:1649	have all messages and processed	{"{round 20 3  <nil>}": {"Key":"self","Type":15,"Integer":0,"String":"b","Interface":null}}
2025-08-15T22:13:08.621-0500	DEBUG	protocol/handler.go:596	round already finalized
2025-08-15T22:13:08.621-0500	DEBUG	protocol/handler.go:581	tryAdvanceRound called	{"{current_round 20 3  <nil>}": {"Key":"self","Type":15,"Integer":0,"String":"b","Interface":null}}
2025-08-15T22:13:08.621-0500	DEBUG	protocol/handler.go:1591	have processed broadcast	{"{round 20 3  <nil>}": {"Key":"from","Type":15,"Integer":0,"String":"a","Interface":null}}
2025-08-15T22:13:08.621-0500	DEBUG	protocol/handler.go:1591	have processed broadcast	{"{round 20 3  <nil>}": {"Key":"from","Type":15,"Integer":0,"String":"c","Interface":null}}
2025-08-15T22:13:08.621-0500	DEBUG	protocol/handler.go:1649	have all messages and processed	{"{round 20 3  <nil>}": {"Key":"self","Type":15,"Integer":0,"String":"b","Interface":null}}
2025-08-15T22:13:08.622-0500	DEBUG	protocol/handler.go:596	round already finalized
2025-08-15T22:13:08.622-0500	DEBUG	protocol/handler.go:581	tryAdvanceRound called	{"{current_round 20 3  <nil>}": {"Key":"self","Type":15,"Integer":0,"String":"c","Interface":null}}
2025-08-15T22:13:08.622-0500	DEBUG	protocol/handler.go:1591	have processed broadcast	{"{round 20 3  <nil>}": {"Key":"from","Type":15,"Integer":0,"String":"a","Interface":null}}
2025-08-15T22:13:08.622-0500	DEBUG	protocol/handler.go:1591	have processed broadcast	{"{round 20 3  <nil>}": {"Key":"from","Type":15,"Integer":0,"String":"b","Interface":null}}
2025-08-15T22:13:08.622-0500	DEBUG	protocol/handler.go:1649	have all messages and processed	{"{round 20 3  <nil>}": {"Key":"self","Type":15,"Integer":0,"String":"c","Interface":null}}
2025-08-15T22:13:08.622-0500	DEBUG	protocol/handler.go:596	round already finalized
2025-08-15T22:13:08.645-0500	DEBUG	protocol/handler.go:581	tryAdvanceRound called	{"{current_round 20 3  <nil>}": {"Key":"self","Type":15,"Integer":0,"String":"b","Interface":null}}
2025-08-15T22:13:08.645-0500	DEBUG	protocol/handler.go:1591	have processed broadcast	{"{round 20 3  <nil>}": {"Key":"from","Type":15,"Integer":0,"String":"a","Interface":null}}
2025-08-15T22:13:08.645-0500	DEBUG	protocol/handler.go:1591	have processed broadcast	{"{round 20 3  <nil>}": {"Key":"from","Type":15,"Integer":0,"String":"c","Interface":null}}
2025-08-15T22:13:08.645-0500	DEBUG	protocol/handler.go:1649	have all messages and processed	{"{round 20 3  <nil>}": {"Key":"self","Type":15,"Integer":0,"String":"b","Interface":null}}
2025-08-15T22:13:08.645-0500	DEBUG	protocol/handler.go:596	round already finalized
2025-08-15T22:13:08.671-0500	DEBUG	protocol/handler.go:581	tryAdvanceRound called	{"{current_round 20 3  <nil>}": {"Key":"self","Type":15,"Integer":0,"String":"a","Interface":null}}
2025-08-15T22:13:08.671-0500	DEBUG	protocol/handler.go:1591	have processed broadcast	{"{round 20 3  <nil>}": {"Key":"from","Type":15,"Integer":0,"String":"b","Interface":null}}
2025-08-15T22:13:08.671-0500	DEBUG	protocol/handler.go:1591	have processed broadcast	{"{round 20 3  <nil>}": {"Key":"from","Type":15,"Integer":0,"String":"c","Interface":null}}
2025-08-15T22:13:08.671-0500	DEBUG	protocol/handler.go:1649	have all messages and processed	{"{round 20 3  <nil>}": {"Key":"self","Type":15,"Integer":0,"String":"a","Interface":null}}
2025-08-15T22:13:08.672-0500	DEBUG	protocol/handler.go:596	round already finalized
2025-08-15T22:13:08.672-0500	DEBUG	protocol/handler.go:581	tryAdvanceRound called	{"{current_round 20 3  <nil>}": {"Key":"self","Type":15,"Integer":0,"String":"a","Interface":null}}
2025-08-15T22:13:08.672-0500	DEBUG	protocol/handler.go:1591	have processed broadcast	{"{round 20 3  <nil>}": {"Key":"from","Type":15,"Integer":0,"String":"b","Interface":null}}
2025-08-15T22:13:08.672-0500	DEBUG	protocol/handler.go:1591	have processed broadcast	{"{round 20 3  <nil>}": {"Key":"from","Type":15,"Integer":0,"String":"c","Interface":null}}
2025-08-15T22:13:08.672-0500	DEBUG	protocol/handler.go:1649	have all messages and processed	{"{round 20 3  <nil>}": {"Key":"self","Type":15,"Integer":0,"String":"a","Interface":null}}
2025-08-15T22:13:08.672-0500	DEBUG	protocol/handler.go:596	round already finalized
2025-08-15T22:13:08.672-0500	DEBUG	protocol/handler.go:581	tryAdvanceRound called	{"{current_round 20 3  <nil>}": {"Key":"self","Type":15,"Integer":0,"String":"c","Interface":null}}
2025-08-15T22:13:08.672-0500	DEBUG	protocol/handler.go:1591	have processed broadcast	{"{round 20 3  <nil>}": {"Key":"from","Type":15,"Integer":0,"String":"a","Interface":null}}
2025-08-15T22:13:08.672-0500	DEBUG	protocol/handler.go:1591	have processed broadcast	{"{round 20 3  <nil>}": {"Key":"from","Type":15,"Integer":0,"String":"b","Interface":null}}
2025-08-15T22:13:08.672-0500	DEBUG	protocol/handler.go:1649	have all messages and processed	{"{round 20 3  <nil>}": {"Key":"self","Type":15,"Integer":0,"String":"c","Interface":null}}
2025-08-15T22:13:08.672-0500	DEBUG	protocol/handler.go:596	round already finalized
2025-08-15T22:13:08.672-0500	DEBUG	protocol/handler.go:581	tryAdvanceRound called	{"{current_round 20 3  <nil>}": {"Key":"self","Type":15,"Integer":0,"String":"c","Interface":null}}
2025-08-15T22:13:08.672-0500	DEBUG	protocol/handler.go:1591	have processed broadcast	{"{round 20 3  <nil>}": {"Key":"from","Type":15,"Integer":0,"String":"a","Interface":null}}
2025-08-15T22:13:08.672-0500	DEBUG	protocol/handler.go:1591	have processed broadcast	{"{round 20 3  <nil>}": {"Key":"from","Type":15,"Integer":0,"String":"b","Interface":null}}
2025-08-15T22:13:08.672-0500	DEBUG	protocol/handler.go:1649	have all messages and processed	{"{round 20 3  <nil>}": {"Key":"self","Type":15,"Integer":0,"String":"c","Interface":null}}
2025-08-15T22:13:08.672-0500	DEBUG	protocol/handler.go:596	round already finalized
2025-08-15T22:13:08.672-0500	DEBUG	protocol/handler.go:581	tryAdvanceRound called	{"{current_round 20 3  <nil>}": {"Key":"self","Type":15,"Integer":0,"String":"b","Interface":null}}
2025-08-15T22:13:08.672-0500	DEBUG	protocol/handler.go:1591	have processed broadcast	{"{round 20 3  <nil>}": {"Key":"from","Type":15,"Integer":0,"String":"a","Interface":null}}
2025-08-15T22:13:08.672-0500	DEBUG	protocol/handler.go:1591	have processed broadcast	{"{round 20 3  <nil>}": {"Key":"from","Type":15,"Integer":0,"String":"c","Interface":null}}
2025-08-15T22:13:08.672-0500	DEBUG	protocol/handler.go:1649	have all messages and processed	{"{round 20 3  <nil>}": {"Key":"self","Type":15,"Integer":0,"String":"b","Interface":null}}
2025-08-15T22:13:08.672-0500	DEBUG	protocol/handler.go:596	round already finalized
2025-08-15T22:13:08.716-0500	DEBUG	protocol/handler.go:581	tryAdvanceRound called	{"{current_round 20 3  <nil>}": {"Key":"self","Type":15,"Integer":0,"String":"b","Interface":null}}
2025-08-15T22:13:08.727-0500	DEBUG	protocol/handler.go:1591	have processed broadcast	{"{round 20 3  <nil>}": {"Key":"from","Type":15,"Integer":0,"String":"a","Interface":null}}
2025-08-15T22:13:08.727-0500	DEBUG	protocol/handler.go:1591	have processed broadcast	{"{round 20 3  <nil>}": {"Key":"from","Type":15,"Integer":0,"String":"c","Interface":null}}
2025-08-15T22:13:08.727-0500	DEBUG	protocol/handler.go:1649	have all messages and processed	{"{round 20 3  <nil>}": {"Key":"self","Type":15,"Integer":0,"String":"b","Interface":null}}
2025-08-15T22:13:08.727-0500	DEBUG	protocol/handler.go:596	round already finalized
2025-08-15T22:13:08.738-0500	DEBUG	protocol/handler.go:581	tryAdvanceRound called	{"{current_round 20 3  <nil>}": {"Key":"self","Type":15,"Integer":0,"String":"b","Interface":null}}
2025-08-15T22:13:08.738-0500	DEBUG	protocol/handler.go:1591	have processed broadcast	{"{round 20 3  <nil>}": {"Key":"from","Type":15,"Integer":0,"String":"a","Interface":null}}
2025-08-15T22:13:08.738-0500	DEBUG	protocol/handler.go:1591	have processed broadcast	{"{round 20 3  <nil>}": {"Key":"from","Type":15,"Integer":0,"String":"c","Interface":null}}
2025-08-15T22:13:08.738-0500	DEBUG	protocol/handler.go:1649	have all messages and processed	{"{round 20 3  <nil>}": {"Key":"self","Type":15,"Integer":0,"String":"b","Interface":null}}
2025-08-15T22:13:08.738-0500	DEBUG	protocol/handler.go:596	round already finalized
2025-08-15T22:13:08.738-0500	DEBUG	protocol/handler.go:581	tryAdvanceRound called	{"{current_round 20 3  <nil>}": {"Key":"self","Type":15,"Integer":0,"String":"c","Interface":null}}
2025-08-15T22:13:08.738-0500	DEBUG	protocol/handler.go:1591	have processed broadcast	{"{round 20 3  <nil>}": {"Key":"from","Type":15,"Integer":0,"String":"a","Interface":null}}
2025-08-15T22:13:08.738-0500	DEBUG	protocol/handler.go:1591	have processed broadcast	{"{round 20 3  <nil>}": {"Key":"from","Type":15,"Integer":0,"String":"b","Interface":null}}
2025-08-15T22:13:08.738-0500	DEBUG	protocol/handler.go:1649	have all messages and processed	{"{round 20 3  <nil>}": {"Key":"self","Type":15,"Integer":0,"String":"c","Interface":null}}
2025-08-15T22:13:08.738-0500	DEBUG	protocol/handler.go:596	round already finalized
2025-08-15T22:13:08.739-0500	DEBUG	protocol/handler.go:581	tryAdvanceRound called	{"{current_round 20 3  <nil>}": {"Key":"self","Type":15,"Integer":0,"String":"c","Interface":null}}
2025-08-15T22:13:08.739-0500	DEBUG	protocol/handler.go:1591	have processed broadcast	{"{round 20 3  <nil>}": {"Key":"from","Type":15,"Integer":0,"String":"a","Interface":null}}
2025-08-15T22:13:08.739-0500	DEBUG	protocol/handler.go:1591	have processed broadcast	{"{round 20 3  <nil>}": {"Key":"from","Type":15,"Integer":0,"String":"b","Interface":null}}
2025-08-15T22:13:08.739-0500	DEBUG	protocol/handler.go:1649	have all messages and processed	{"{round 20 3  <nil>}": {"Key":"self","Type":15,"Integer":0,"String":"c","Interface":null}}
2025-08-15T22:13:08.739-0500	DEBUG	protocol/handler.go:596	round already finalized
2025-08-15T22:13:08.739-0500	DEBUG	protocol/handler.go:581	tryAdvanceRound called	{"{current_round 20 3  <nil>}": {"Key":"self","Type":15,"Integer":0,"String":"a","Interface":null}}
2025-08-15T22:13:08.739-0500	DEBUG	protocol/handler.go:1591	have processed broadcast	{"{round 20 3  <nil>}": {"Key":"from","Type":15,"Integer":0,"String":"b","Interface":null}}
2025-08-15T22:13:08.739-0500	DEBUG	protocol/handler.go:1591	have processed broadcast	{"{round 20 3  <nil>}": {"Key":"from","Type":15,"Integer":0,"String":"c","Interface":null}}
2025-08-15T22:13:08.739-0500	DEBUG	protocol/handler.go:1649	have all messages and processed	{"{round 20 3  <nil>}": {"Key":"self","Type":15,"Integer":0,"String":"a","Interface":null}}
2025-08-15T22:13:08.739-0500	DEBUG	protocol/handler.go:596	round already finalized
2025-08-15T22:13:08.739-0500	DEBUG	protocol/handler.go:581	tryAdvanceRound called	{"{current_round 20 3  <nil>}": {"Key":"self","Type":15,"Integer":0,"String":"a","Interface":null}}
2025-08-15T22:13:08.739-0500	DEBUG	protocol/handler.go:1591	have processed broadcast	{"{round 20 3  <nil>}": {"Key":"from","Type":15,"Integer":0,"String":"b","Interface":null}}
2025-08-15T22:13:08.739-0500	DEBUG	protocol/handler.go:1591	have processed broadcast	{"{round 20 3  <nil>}": {"Key":"from","Type":15,"Integer":0,"String":"c","Interface":null}}
2025-08-15T22:13:08.739-0500	DEBUG	protocol/handler.go:1649	have all messages and processed	{"{round 20 3  <nil>}": {"Key":"self","Type":15,"Integer":0,"String":"a","Interface":null}}
2025-08-15T22:13:08.739-0500	DEBUG	protocol/handler.go:596	round already finalized
2025-08-15T22:13:08.739-0500	DEBUG	protocol/handler.go:581	tryAdvanceRound called	{"{current_round 20 3  <nil>}": {"Key":"self","Type":15,"Integer":0,"String":"b","Interface":null}}
2025-08-15T22:13:08.739-0500	DEBUG	protocol/handler.go:1591	have processed broadcast	{"{round 20 3  <nil>}": {"Key":"from","Type":15,"Integer":0,"String":"a","Interface":null}}
2025-08-15T22:13:08.739-0500	DEBUG	protocol/handler.go:1591	have processed broadcast	{"{round 20 3  <nil>}": {"Key":"from","Type":15,"Integer":0,"String":"c","Interface":null}}
2025-08-15T22:13:08.739-0500	DEBUG	protocol/handler.go:1649	have all messages and processed	{"{round 20 3  <nil>}": {"Key":"self","Type":15,"Integer":0,"String":"b","Interface":null}}
2025-08-15T22:13:08.739-0500	DEBUG	protocol/handler.go:596	round already finalized
2025-08-15T22:13:08.761-0500	DEBUG	protocol/handler.go:581	tryAdvanceRound called	{"{current_round 20 3  <nil>}": {"Key":"self","Type":15,"Integer":0,"String":"a","Interface":null}}
2025-08-15T22:13:08.761-0500	DEBUG	protocol/handler.go:1591	have processed broadcast	{"{round 20 3  <nil>}": {"Key":"from","Type":15,"Integer":0,"String":"b","Interface":null}}
2025-08-15T22:13:08.761-0500	DEBUG	protocol/handler.go:1591	have processed broadcast	{"{round 20 3  <nil>}": {"Key":"from","Type":15,"Integer":0,"String":"c","Interface":null}}
2025-08-15T22:13:08.761-0500	DEBUG	protocol/handler.go:1649	have all messages and processed	{"{round 20 3  <nil>}": {"Key":"self","Type":15,"Integer":0,"String":"a","Interface":null}}
2025-08-15T22:13:08.761-0500	DEBUG	protocol/handler.go:596	round already finalized
2025-08-15T22:13:08.784-0500	DEBUG	protocol/handler.go:581	tryAdvanceRound called	{"{current_round 20 3  <nil>}": {"Key":"self","Type":15,"Integer":0,"String":"b","Interface":null}}
2025-08-15T22:13:08.784-0500	DEBUG	protocol/handler.go:1591	have processed broadcast	{"{round 20 3  <nil>}": {"Key":"from","Type":15,"Integer":0,"String":"a","Interface":null}}
2025-08-15T22:13:08.784-0500	DEBUG	protocol/handler.go:1591	have processed broadcast	{"{round 20 3  <nil>}": {"Key":"from","Type":15,"Integer":0,"String":"c","Interface":null}}
2025-08-15T22:13:08.784-0500	DEBUG	protocol/handler.go:1649	have all messages and processed	{"{round 20 3  <nil>}": {"Key":"self","Type":15,"Integer":0,"String":"b","Interface":null}}
2025-08-15T22:13:08.785-0500	DEBUG	protocol/handler.go:596	round already finalized
2025-08-15T22:13:08.785-0500	DEBUG	protocol/handler.go:581	tryAdvanceRound called	{"{current_round 20 3  <nil>}": {"Key":"self","Type":15,"Integer":0,"String":"b","Interface":null}}
2025-08-15T22:13:08.785-0500	DEBUG	protocol/handler.go:1591	have processed broadcast	{"{round 20 3  <nil>}": {"Key":"from","Type":15,"Integer":0,"String":"a","Interface":null}}
2025-08-15T22:13:08.785-0500	DEBUG	protocol/handler.go:1591	have processed broadcast	{"{round 20 3  <nil>}": {"Key":"from","Type":15,"Integer":0,"String":"c","Interface":null}}
2025-08-15T22:13:08.785-0500	DEBUG	protocol/handler.go:1649	have all messages and processed	{"{round 20 3  <nil>}": {"Key":"self","Type":15,"Integer":0,"String":"b","Interface":null}}
2025-08-15T22:13:08.785-0500	DEBUG	protocol/handler.go:596	round already finalized
2025-08-15T22:13:08.824-0500	DEBUG	protocol/handler.go:581	tryAdvanceRound called	{"{current_round 20 3  <nil>}": {"Key":"self","Type":15,"Integer":0,"String":"c","Interface":null}}
2025-08-15T22:13:08.840-0500	DEBUG	protocol/handler.go:1591	have processed broadcast	{"{round 20 3  <nil>}": {"Key":"from","Type":15,"Integer":0,"String":"a","Interface":null}}
2025-08-15T22:13:08.841-0500	DEBUG	protocol/handler.go:1591	have processed broadcast	{"{round 20 3  <nil>}": {"Key":"from","Type":15,"Integer":0,"String":"b","Interface":null}}
2025-08-15T22:13:08.841-0500	DEBUG	protocol/handler.go:1649	have all messages and processed	{"{round 20 3  <nil>}": {"Key":"self","Type":15,"Integer":0,"String":"c","Interface":null}}
2025-08-15T22:13:08.841-0500	DEBUG	protocol/handler.go:596	round already finalized
2025-08-15T22:13:08.841-0500	DEBUG	protocol/handler.go:581	tryAdvanceRound called	{"{current_round 20 3  <nil>}": {"Key":"self","Type":15,"Integer":0,"String":"c","Interface":null}}
2025-08-15T22:13:08.841-0500	DEBUG	protocol/handler.go:1591	have processed broadcast	{"{round 20 3  <nil>}": {"Key":"from","Type":15,"Integer":0,"String":"a","Interface":null}}
2025-08-15T22:13:08.842-0500	DEBUG	protocol/handler.go:581	tryAdvanceRound called	{"{current_round 20 3  <nil>}": {"Key":"self","Type":15,"Integer":0,"String":"a","Interface":null}}
2025-08-15T22:13:08.842-0500	DEBUG	protocol/handler.go:1591	have processed broadcast	{"{round 20 3  <nil>}": {"Key":"from","Type":15,"Integer":0,"String":"b","Interface":null}}
2025-08-15T22:13:08.843-0500	DEBUG	protocol/handler.go:1591	have processed broadcast	{"{round 20 3  <nil>}": {"Key":"from","Type":15,"Integer":0,"String":"c","Interface":null}}
2025-08-15T22:13:08.843-0500	DEBUG	protocol/handler.go:1649	have all messages and processed	{"{round 20 3  <nil>}": {"Key":"self","Type":15,"Integer":0,"String":"a","Interface":null}}
2025-08-15T22:13:08.843-0500	DEBUG	protocol/handler.go:596	round already finalized
2025-08-15T22:13:08.843-0500	DEBUG	protocol/handler.go:581	tryAdvanceRound called	{"{current_round 20 3  <nil>}": {"Key":"self","Type":15,"Integer":0,"String":"a","Interface":null}}
2025-08-15T22:13:08.843-0500	DEBUG	protocol/handler.go:1591	have processed broadcast	{"{round 20 3  <nil>}": {"Key":"from","Type":15,"Integer":0,"String":"b","Interface":null}}
2025-08-15T22:13:08.843-0500	DEBUG	protocol/handler.go:1591	have processed broadcast	{"{round 20 3  <nil>}": {"Key":"from","Type":15,"Integer":0,"String":"c","Interface":null}}
2025-08-15T22:13:08.844-0500	DEBUG	protocol/handler.go:1649	have all messages and processed	{"{round 20 3  <nil>}": {"Key":"self","Type":15,"Integer":0,"String":"a","Interface":null}}
2025-08-15T22:13:08.844-0500	DEBUG	protocol/handler.go:596	round already finalized
2025-08-15T22:13:08.844-0500	DEBUG	protocol/handler.go:581	tryAdvanceRound called	{"{current_round 20 3  <nil>}": {"Key":"self","Type":15,"Integer":0,"String":"b","Interface":null}}
2025-08-15T22:13:08.844-0500	DEBUG	protocol/handler.go:1591	have processed broadcast	{"{round 20 3  <nil>}": {"Key":"from","Type":15,"Integer":0,"String":"a","Interface":null}}
2025-08-15T22:13:08.844-0500	DEBUG	protocol/handler.go:1591	have processed broadcast	{"{round 20 3  <nil>}": {"Key":"from","Type":15,"Integer":0,"String":"c","Interface":null}}
2025-08-15T22:13:08.845-0500	DEBUG	protocol/handler.go:1649	have all messages and processed	{"{round 20 3  <nil>}": {"Key":"self","Type":15,"Integer":0,"String":"b","Interface":null}}
2025-08-15T22:13:08.845-0500	DEBUG	protocol/handler.go:596	round already finalized
2025-08-15T22:13:08.845-0500	DEBUG	protocol/handler.go:581	tryAdvanceRound called	{"{current_round 20 3  <nil>}": {"Key":"self","Type":15,"Integer":0,"String":"b","Interface":null}}
2025-08-15T22:13:08.845-0500	DEBUG	protocol/handler.go:1591	have processed broadcast	{"{round 20 3  <nil>}": {"Key":"from","Type":15,"Integer":0,"String":"a","Interface":null}}
2025-08-15T22:13:08.845-0500	DEBUG	protocol/handler.go:1591	have processed broadcast	{"{round 20 3  <nil>}": {"Key":"from","Type":15,"Integer":0,"String":"c","Interface":null}}
2025-08-15T22:13:08.845-0500	DEBUG	protocol/handler.go:1649	have all messages and processed	{"{round 20 3  <nil>}": {"Key":"self","Type":15,"Integer":0,"String":"b","Interface":null}}
2025-08-15T22:13:08.845-0500	DEBUG	protocol/handler.go:596	round already finalized
2025-08-15T22:13:08.946-0500	DEBUG	protocol/handler.go:581	tryAdvanceRound called	{"{current_round 20 3  <nil>}": {"Key":"self","Type":15,"Integer":0,"String":"b","Interface":null}}
2025-08-15T22:13:08.946-0500	DEBUG	protocol/handler.go:1591	have processed broadcast	{"{round 20 3  <nil>}": {"Key":"from","Type":15,"Integer":0,"String":"a","Interface":null}}
2025-08-15T22:13:08.946-0500	DEBUG	protocol/handler.go:1591	have processed broadcast	{"{round 20 3  <nil>}": {"Key":"from","Type":15,"Integer":0,"String":"c","Interface":null}}
2025-08-15T22:13:08.946-0500	DEBUG	protocol/handler.go:1649	have all messages and processed	{"{round 20 3  <nil>}": {"Key":"self","Type":15,"Integer":0,"String":"b","Interface":null}}
2025-08-15T22:13:08.946-0500	DEBUG	protocol/handler.go:596	round already finalized
2025-08-15T22:13:08.946-0500	DEBUG	protocol/handler.go:581	tryAdvanceRound called	{"{current_round 20 3  <nil>}": {"Key":"self","Type":15,"Integer":0,"String":"b","Interface":null}}
2025-08-15T22:13:08.946-0500	DEBUG	protocol/handler.go:1591	have processed broadcast	{"{round 20 3  <nil>}": {"Key":"from","Type":15,"Integer":0,"String":"a","Interface":null}}
2025-08-15T22:13:08.947-0500	DEBUG	protocol/handler.go:1591	have processed broadcast	{"{round 20 3  <nil>}": {"Key":"from","Type":15,"Integer":0,"String":"c","Interface":null}}
2025-08-15T22:13:08.947-0500	DEBUG	protocol/handler.go:1649	have all messages and processed	{"{round 20 3  <nil>}": {"Key":"self","Type":15,"Integer":0,"String":"b","Interface":null}}
2025-08-15T22:13:08.947-0500	DEBUG	protocol/handler.go:596	round already finalized
2025-08-15T22:13:08.947-0500	DEBUG	protocol/handler.go:581	tryAdvanceRound called	{"{current_round 20 3  <nil>}": {"Key":"self","Type":15,"Integer":0,"String":"a","Interface":null}}
2025-08-15T22:13:08.947-0500	DEBUG	protocol/handler.go:1591	have processed broadcast	{"{round 20 3  <nil>}": {"Key":"from","Type":15,"Integer":0,"String":"b","Interface":null}}
2025-08-15T22:13:08.947-0500	DEBUG	protocol/handler.go:1591	have processed broadcast	{"{round 20 3  <nil>}": {"Key":"from","Type":15,"Integer":0,"String":"c","Interface":null}}
2025-08-15T22:13:08.947-0500	DEBUG	protocol/handler.go:1649	have all messages and processed	{"{round 20 3  <nil>}": {"Key":"self","Type":15,"Integer":0,"String":"a","Interface":null}}
2025-08-15T22:13:08.947-0500	DEBUG	protocol/handler.go:596	round already finalized
2025-08-15T22:13:08.947-0500	DEBUG	protocol/handler.go:581	tryAdvanceRound called	{"{current_round 20 3  <nil>}": {"Key":"self","Type":15,"Integer":0,"String":"a","Interface":null}}
2025-08-15T22:13:08.947-0500	DEBUG	protocol/handler.go:1591	have processed broadcast	{"{round 20 3  <nil>}": {"Key":"from","Type":15,"Integer":0,"String":"b","Interface":null}}
2025-08-15T22:13:08.947-0500	DEBUG	protocol/handler.go:1591	have processed broadcast	{"{round 20 3  <nil>}": {"Key":"from","Type":15,"Integer":0,"String":"c","Interface":null}}
2025-08-15T22:13:08.947-0500	DEBUG	protocol/handler.go:1649	have all messages and processed	{"{round 20 3  <nil>}": {"Key":"self","Type":15,"Integer":0,"String":"a","Interface":null}}
2025-08-15T22:13:08.947-0500	DEBUG	protocol/handler.go:596	round already finalized
2025-08-15T22:13:08.842-0500	DEBUG	protocol/handler.go:1591	have processed broadcast	{"{round 20 3  <nil>}": {"Key":"from","Type":15,"Integer":0,"String":"b","Interface":null}}
2025-08-15T22:13:08.955-0500	DEBUG	protocol/handler.go:1649	have all messages and processed	{"{round 20 3  <nil>}": {"Key":"self","Type":15,"Integer":0,"String":"c","Interface":null}}
2025-08-15T22:13:08.985-0500	DEBUG	protocol/handler.go:596	round already finalized
2025-08-15T22:13:08.985-0500	DEBUG	protocol/handler.go:581	tryAdvanceRound called	{"{current_round 20 3  <nil>}": {"Key":"self","Type":15,"Integer":0,"String":"c","Interface":null}}
2025-08-15T22:13:08.985-0500	DEBUG	protocol/handler.go:1591	have processed broadcast	{"{round 20 3  <nil>}": {"Key":"from","Type":15,"Integer":0,"String":"a","Interface":null}}
2025-08-15T22:13:08.985-0500	DEBUG	protocol/handler.go:1591	have processed broadcast	{"{round 20 3  <nil>}": {"Key":"from","Type":15,"Integer":0,"String":"b","Interface":null}}
2025-08-15T22:13:08.985-0500	DEBUG	protocol/handler.go:1649	have all messages and processed	{"{round 20 3  <nil>}": {"Key":"self","Type":15,"Integer":0,"String":"c","Interface":null}}
2025-08-15T22:13:08.985-0500	DEBUG	protocol/handler.go:596	round already finalized
2025-08-15T22:13:08.991-0500	DEBUG	protocol/handler.go:581	tryAdvanceRound called	{"{current_round 20 3  <nil>}": {"Key":"self","Type":15,"Integer":0,"String":"c","Interface":null}}
2025-08-15T22:13:08.992-0500	DEBUG	protocol/handler.go:1591	have processed broadcast	{"{round 20 3  <nil>}": {"Key":"from","Type":15,"Integer":0,"String":"a","Interface":null}}
2025-08-15T22:13:08.992-0500	DEBUG	protocol/handler.go:1591	have processed broadcast	{"{round 20 3  <nil>}": {"Key":"from","Type":15,"Integer":0,"String":"b","Interface":null}}
2025-08-15T22:13:08.992-0500	DEBUG	protocol/handler.go:1649	have all messages and processed	{"{round 20 3  <nil>}": {"Key":"self","Type":15,"Integer":0,"String":"c","Interface":null}}
2025-08-15T22:13:08.992-0500	DEBUG	protocol/handler.go:596	round already finalized
2025-08-15T22:13:09.013-0500	DEBUG	protocol/handler.go:581	tryAdvanceRound called	{"{current_round 20 3  <nil>}": {"Key":"self","Type":15,"Integer":0,"String":"b","Interface":null}}
2025-08-15T22:13:09.013-0500	DEBUG	protocol/handler.go:1591	have processed broadcast	{"{round 20 3  <nil>}": {"Key":"from","Type":15,"Integer":0,"String":"a","Interface":null}}
2025-08-15T22:13:09.013-0500	DEBUG	protocol/handler.go:1591	have processed broadcast	{"{round 20 3  <nil>}": {"Key":"from","Type":15,"Integer":0,"String":"c","Interface":null}}
2025-08-15T22:13:09.013-0500	DEBUG	protocol/handler.go:1649	have all messages and processed	{"{round 20 3  <nil>}": {"Key":"self","Type":15,"Integer":0,"String":"b","Interface":null}}
2025-08-15T22:13:09.013-0500	DEBUG	protocol/handler.go:596	round already finalized
2025-08-15T22:13:09.013-0500	DEBUG	protocol/handler.go:581	tryAdvanceRound called	{"{current_round 20 3  <nil>}": {"Key":"self","Type":15,"Integer":0,"String":"b","Interface":null}}
2025-08-15T22:13:09.013-0500	DEBUG	protocol/handler.go:1591	have processed broadcast	{"{round 20 3  <nil>}": {"Key":"from","Type":15,"Integer":0,"String":"a","Interface":null}}
2025-08-15T22:13:09.014-0500	DEBUG	protocol/handler.go:1591	have processed broadcast	{"{round 20 3  <nil>}": {"Key":"from","Type":15,"Integer":0,"String":"c","Interface":null}}
2025-08-15T22:13:09.014-0500	DEBUG	protocol/handler.go:1649	have all messages and processed	{"{round 20 3  <nil>}": {"Key":"self","Type":15,"Integer":0,"String":"b","Interface":null}}
2025-08-15T22:13:09.014-0500	DEBUG	protocol/handler.go:596	round already finalized
2025-08-15T22:13:09.014-0500	DEBUG	protocol/handler.go:581	tryAdvanceRound called	{"{current_round 20 3  <nil>}": {"Key":"self","Type":15,"Integer":0,"String":"a","Interface":null}}
2025-08-15T22:13:09.014-0500	DEBUG	protocol/handler.go:1591	have processed broadcast	{"{round 20 3  <nil>}": {"Key":"from","Type":15,"Integer":0,"String":"b","Interface":null}}
2025-08-15T22:13:09.014-0500	DEBUG	protocol/handler.go:1591	have processed broadcast	{"{round 20 3  <nil>}": {"Key":"from","Type":15,"Integer":0,"String":"c","Interface":null}}
2025-08-15T22:13:09.014-0500	DEBUG	protocol/handler.go:1649	have all messages and processed	{"{round 20 3  <nil>}": {"Key":"self","Type":15,"Integer":0,"String":"a","Interface":null}}
2025-08-15T22:13:09.014-0500	DEBUG	protocol/handler.go:596	round already finalized
2025-08-15T22:13:09.014-0500	DEBUG	protocol/handler.go:581	tryAdvanceRound called	{"{current_round 20 3  <nil>}": {"Key":"self","Type":15,"Integer":0,"String":"a","Interface":null}}
2025-08-15T22:13:09.014-0500	DEBUG	protocol/handler.go:1591	have processed broadcast	{"{round 20 3  <nil>}": {"Key":"from","Type":15,"Integer":0,"String":"b","Interface":null}}
2025-08-15T22:13:09.014-0500	DEBUG	protocol/handler.go:1591	have processed broadcast	{"{round 20 3  <nil>}": {"Key":"from","Type":15,"Integer":0,"String":"c","Interface":null}}
2025-08-15T22:13:09.014-0500	DEBUG	protocol/handler.go:1649	have all messages and processed	{"{round 20 3  <nil>}": {"Key":"self","Type":15,"Integer":0,"String":"a","Interface":null}}
2025-08-15T22:13:09.014-0500	DEBUG	protocol/handler.go:596	round already finalized
2025-08-15T22:13:09.015-0500	DEBUG	protocol/handler.go:581	tryAdvanceRound called	{"{current_round 20 3  <nil>}": {"Key":"self","Type":15,"Integer":0,"String":"c","Interface":null}}
2025-08-15T22:13:09.015-0500	DEBUG	protocol/handler.go:1591	have processed broadcast	{"{round 20 3  <nil>}": {"Key":"from","Type":15,"Integer":0,"String":"a","Interface":null}}
2025-08-15T22:13:09.015-0500	DEBUG	protocol/handler.go:1591	have processed broadcast	{"{round 20 3  <nil>}": {"Key":"from","Type":15,"Integer":0,"String":"b","Interface":null}}
2025-08-15T22:13:09.015-0500	DEBUG	protocol/handler.go:1649	have all messages and processed	{"{round 20 3  <nil>}": {"Key":"self","Type":15,"Integer":0,"String":"c","Interface":null}}
2025-08-15T22:13:09.015-0500	DEBUG	protocol/handler.go:596	round already finalized
2025-08-15T22:13:09.038-0500	DEBUG	protocol/handler.go:581	tryAdvanceRound called	{"{current_round 20 3  <nil>}": {"Key":"self","Type":15,"Integer":0,"String":"c","Interface":null}}
2025-08-15T22:13:09.038-0500	DEBUG	protocol/handler.go:1591	have processed broadcast	{"{round 20 3  <nil>}": {"Key":"from","Type":15,"Integer":0,"String":"a","Interface":null}}
2025-08-15T22:13:09.038-0500	DEBUG	protocol/handler.go:1591	have processed broadcast	{"{round 20 3  <nil>}": {"Key":"from","Type":15,"Integer":0,"String":"b","Interface":null}}
2025-08-15T22:13:09.038-0500	DEBUG	protocol/handler.go:1649	have all messages and processed	{"{round 20 3  <nil>}": {"Key":"self","Type":15,"Integer":0,"String":"c","Interface":null}}
2025-08-15T22:13:09.038-0500	DEBUG	protocol/handler.go:596	round already finalized
2025-08-15T22:13:09.039-0500	DEBUG	protocol/handler.go:581	tryAdvanceRound called	{"{current_round 20 3  <nil>}": {"Key":"self","Type":15,"Integer":0,"String":"a","Interface":null}}
2025-08-15T22:13:09.039-0500	DEBUG	protocol/handler.go:1591	have processed broadcast	{"{round 20 3  <nil>}": {"Key":"from","Type":15,"Integer":0,"String":"b","Interface":null}}
2025-08-15T22:13:09.039-0500	DEBUG	protocol/handler.go:1591	have processed broadcast	{"{round 20 3  <nil>}": {"Key":"from","Type":15,"Integer":0,"String":"c","Interface":null}}
2025-08-15T22:13:09.039-0500	DEBUG	protocol/handler.go:1649	have all messages and processed	{"{round 20 3  <nil>}": {"Key":"self","Type":15,"Integer":0,"String":"a","Interface":null}}
2025-08-15T22:13:09.039-0500	DEBUG	protocol/handler.go:596	round already finalized
2025-08-15T22:13:09.070-0500	DEBUG	protocol/handler.go:581	tryAdvanceRound called	{"{current_round 20 3  <nil>}": {"Key":"self","Type":15,"Integer":0,"String":"b","Interface":null}}
2025-08-15T22:13:09.074-0500	DEBUG	protocol/handler.go:1591	have processed broadcast	{"{round 20 3  <nil>}": {"Key":"from","Type":15,"Integer":0,"String":"a","Interface":null}}
2025-08-15T22:13:09.074-0500	DEBUG	protocol/handler.go:1591	have processed broadcast	{"{round 20 3  <nil>}": {"Key":"from","Type":15,"Integer":0,"String":"c","Interface":null}}
2025-08-15T22:13:09.074-0500	DEBUG	protocol/handler.go:1649	have all messages and processed	{"{round 20 3  <nil>}": {"Key":"self","Type":15,"Integer":0,"String":"b","Interface":null}}
2025-08-15T22:13:09.074-0500	DEBUG	protocol/handler.go:596	round already finalized
2025-08-15T22:13:09.074-0500	DEBUG	protocol/handler.go:581	tryAdvanceRound called	{"{current_round 20 3  <nil>}": {"Key":"self","Type":15,"Integer":0,"String":"b","Interface":null}}
2025-08-15T22:13:09.074-0500	DEBUG	protocol/handler.go:1591	have processed broadcast	{"{round 20 3  <nil>}": {"Key":"from","Type":15,"Integer":0,"String":"a","Interface":null}}
2025-08-15T22:13:09.074-0500	DEBUG	protocol/handler.go:1591	have processed broadcast	{"{round 20 3  <nil>}": {"Key":"from","Type":15,"Integer":0,"String":"c","Interface":null}}
2025-08-15T22:13:09.074-0500	DEBUG	protocol/handler.go:1649	have all messages and processed	{"{round 20 3  <nil>}": {"Key":"self","Type":15,"Integer":0,"String":"b","Interface":null}}
2025-08-15T22:13:09.074-0500	DEBUG	protocol/handler.go:596	round already finalized
2025-08-15T22:13:09.061-0500	DEBUG	protocol/handler.go:581	tryAdvanceRound called	{"{current_round 20 3  <nil>}": {"Key":"self","Type":15,"Integer":0,"String":"a","Interface":null}}
2025-08-15T22:13:09.084-0500	DEBUG	protocol/handler.go:1591	have processed broadcast	{"{round 20 3  <nil>}": {"Key":"from","Type":15,"Integer":0,"String":"b","Interface":null}}
2025-08-15T22:13:09.084-0500	DEBUG	protocol/handler.go:1591	have processed broadcast	{"{round 20 3  <nil>}": {"Key":"from","Type":15,"Integer":0,"String":"c","Interface":null}}
2025-08-15T22:13:09.084-0500	DEBUG	protocol/handler.go:1649	have all messages and processed	{"{round 20 3  <nil>}": {"Key":"self","Type":15,"Integer":0,"String":"a","Interface":null}}
2025-08-15T22:13:09.084-0500	DEBUG	protocol/handler.go:596	round already finalized
2025-08-15T22:13:09.084-0500	DEBUG	protocol/handler.go:581	tryAdvanceRound called	{"{current_round 20 3  <nil>}": {"Key":"self","Type":15,"Integer":0,"String":"a","Interface":null}}
2025-08-15T22:13:09.084-0500	DEBUG	protocol/handler.go:1591	have processed broadcast	{"{round 20 3  <nil>}": {"Key":"from","Type":15,"Integer":0,"String":"b","Interface":null}}
2025-08-15T22:13:09.086-0500	DEBUG	protocol/handler.go:1591	have processed broadcast	{"{round 20 3  <nil>}": {"Key":"from","Type":15,"Integer":0,"String":"c","Interface":null}}
2025-08-15T22:13:09.086-0500	DEBUG	protocol/handler.go:1649	have all messages and processed	{"{round 20 3  <nil>}": {"Key":"self","Type":15,"Integer":0,"String":"a","Interface":null}}
2025-08-15T22:13:09.086-0500	DEBUG	protocol/handler.go:596	round already finalized
2025-08-15T22:13:09.086-0500	DEBUG	protocol/handler.go:581	tryAdvanceRound called	{"{current_round 20 3  <nil>}": {"Key":"self","Type":15,"Integer":0,"String":"a","Interface":null}}
2025-08-15T22:13:09.086-0500	DEBUG	protocol/handler.go:1591	have processed broadcast	{"{round 20 3  <nil>}": {"Key":"from","Type":15,"Integer":0,"String":"b","Interface":null}}
2025-08-15T22:13:09.088-0500	DEBUG	protocol/handler.go:1591	have processed broadcast	{"{round 20 3  <nil>}": {"Key":"from","Type":15,"Integer":0,"String":"c","Interface":null}}
2025-08-15T22:13:09.091-0500	DEBUG	protocol/handler.go:1649	have all messages and processed	{"{round 20 3  <nil>}": {"Key":"self","Type":15,"Integer":0,"String":"a","Interface":null}}
2025-08-15T22:13:09.091-0500	DEBUG	protocol/handler.go:596	round already finalized
2025-08-15T22:13:09.061-0500	DEBUG	protocol/handler.go:581	tryAdvanceRound called	{"{current_round 20 3  <nil>}": {"Key":"self","Type":15,"Integer":0,"String":"c","Interface":null}}
2025-08-15T22:13:09.105-0500	DEBUG	protocol/handler.go:581	tryAdvanceRound called	{"{current_round 20 3  <nil>}": {"Key":"self","Type":15,"Integer":0,"String":"a","Interface":null}}
2025-08-15T22:13:09.107-0500	DEBUG	protocol/handler.go:1591	have processed broadcast	{"{round 20 3  <nil>}": {"Key":"from","Type":15,"Integer":0,"String":"b","Interface":null}}
2025-08-15T22:13:09.107-0500	DEBUG	protocol/handler.go:1591	have processed broadcast	{"{round 20 3  <nil>}": {"Key":"from","Type":15,"Integer":0,"String":"c","Interface":null}}
2025-08-15T22:13:09.107-0500	DEBUG	protocol/handler.go:1649	have all messages and processed	{"{round 20 3  <nil>}": {"Key":"self","Type":15,"Integer":0,"String":"a","Interface":null}}
2025-08-15T22:13:09.107-0500	DEBUG	protocol/handler.go:596	round already finalized
2025-08-15T22:13:09.110-0500	DEBUG	protocol/handler.go:1591	have processed broadcast	{"{round 20 3  <nil>}": {"Key":"from","Type":15,"Integer":0,"String":"a","Interface":null}}
2025-08-15T22:13:09.110-0500	DEBUG	protocol/handler.go:1591	have processed broadcast	{"{round 20 3  <nil>}": {"Key":"from","Type":15,"Integer":0,"String":"b","Interface":null}}
2025-08-15T22:13:09.107-0500	DEBUG	protocol/handler.go:581	tryAdvanceRound called	{"{current_round 20 3  <nil>}": {"Key":"self","Type":15,"Integer":0,"String":"a","Interface":null}}
2025-08-15T22:13:09.110-0500	DEBUG	protocol/handler.go:1591	have processed broadcast	{"{round 20 3  <nil>}": {"Key":"from","Type":15,"Integer":0,"String":"b","Interface":null}}
2025-08-15T22:13:09.105-0500	DEBUG	protocol/handler.go:581	tryAdvanceRound called	{"{current_round 20 3  <nil>}": {"Key":"self","Type":15,"Integer":0,"String":"b","Interface":null}}
2025-08-15T22:13:09.111-0500	DEBUG	protocol/handler.go:1591	have processed broadcast	{"{round 20 3  <nil>}": {"Key":"from","Type":15,"Integer":0,"String":"a","Interface":null}}
2025-08-15T22:13:09.110-0500	DEBUG	protocol/handler.go:1649	have all messages and processed	{"{round 20 3  <nil>}": {"Key":"self","Type":15,"Integer":0,"String":"c","Interface":null}}
2025-08-15T22:13:09.112-0500	DEBUG	protocol/handler.go:596	round already finalized
2025-08-15T22:13:09.112-0500	DEBUG	protocol/handler.go:581	tryAdvanceRound called	{"{current_round 20 3  <nil>}": {"Key":"self","Type":15,"Integer":0,"String":"c","Interface":null}}
2025-08-15T22:13:09.112-0500	DEBUG	protocol/handler.go:1591	have processed broadcast	{"{round 20 3  <nil>}": {"Key":"from","Type":15,"Integer":0,"String":"a","Interface":null}}
2025-08-15T22:13:09.112-0500	DEBUG	protocol/handler.go:1591	have processed broadcast	{"{round 20 3  <nil>}": {"Key":"from","Type":15,"Integer":0,"String":"b","Interface":null}}
2025-08-15T22:13:09.112-0500	DEBUG	protocol/handler.go:1649	have all messages and processed	{"{round 20 3  <nil>}": {"Key":"self","Type":15,"Integer":0,"String":"c","Interface":null}}
2025-08-15T22:13:09.113-0500	DEBUG	protocol/handler.go:596	round already finalized
2025-08-15T22:13:09.111-0500	DEBUG	protocol/handler.go:1591	have processed broadcast	{"{round 20 3  <nil>}": {"Key":"from","Type":15,"Integer":0,"String":"c","Interface":null}}
2025-08-15T22:13:09.110-0500	DEBUG	protocol/handler.go:1591	have processed broadcast	{"{round 20 3  <nil>}": {"Key":"from","Type":15,"Integer":0,"String":"c","Interface":null}}
2025-08-15T22:13:09.115-0500	DEBUG	protocol/handler.go:1649	have all messages and processed	{"{round 20 3  <nil>}": {"Key":"self","Type":15,"Integer":0,"String":"a","Interface":null}}
2025-08-15T22:13:09.115-0500	DEBUG	protocol/handler.go:596	round already finalized
2025-08-15T22:13:09.116-0500	DEBUG	protocol/handler.go:1649	have all messages and processed	{"{round 20 3  <nil>}": {"Key":"self","Type":15,"Integer":0,"String":"b","Interface":null}}
2025-08-15T22:13:09.116-0500	DEBUG	protocol/handler.go:596	round already finalized
2025-08-15T22:13:09.116-0500	DEBUG	protocol/handler.go:581	tryAdvanceRound called	{"{current_round 20 3  <nil>}": {"Key":"self","Type":15,"Integer":0,"String":"b","Interface":null}}
2025-08-15T22:13:09.116-0500	DEBUG	protocol/handler.go:1591	have processed broadcast	{"{round 20 3  <nil>}": {"Key":"from","Type":15,"Integer":0,"String":"a","Interface":null}}
2025-08-15T22:13:09.116-0500	DEBUG	protocol/handler.go:1591	have processed broadcast	{"{round 20 3  <nil>}": {"Key":"from","Type":15,"Integer":0,"String":"c","Interface":null}}
2025-08-15T22:13:09.116-0500	DEBUG	protocol/handler.go:1649	have all messages and processed	{"{round 20 3  <nil>}": {"Key":"self","Type":15,"Integer":0,"String":"b","Interface":null}}
2025-08-15T22:13:09.116-0500	DEBUG	protocol/handler.go:596	round already finalized
2025-08-15T22:13:09.116-0500	DEBUG	protocol/handler.go:581	tryAdvanceRound called	{"{current_round 20 3  <nil>}": {"Key":"self","Type":15,"Integer":0,"String":"a","Interface":null}}
2025-08-15T22:13:09.118-0500	DEBUG	protocol/handler.go:1591	have processed broadcast	{"{round 20 3  <nil>}": {"Key":"from","Type":15,"Integer":0,"String":"b","Interface":null}}
2025-08-15T22:13:09.118-0500	DEBUG	protocol/handler.go:1591	have processed broadcast	{"{round 20 3  <nil>}": {"Key":"from","Type":15,"Integer":0,"String":"c","Interface":null}}
2025-08-15T22:13:09.118-0500	DEBUG	protocol/handler.go:1649	have all messages and processed	{"{round 20 3  <nil>}": {"Key":"self","Type":15,"Integer":0,"String":"a","Interface":null}}
2025-08-15T22:13:09.119-0500	DEBUG	protocol/handler.go:596	round already finalized
2025-08-15T22:13:09.121-0500	DEBUG	protocol/handler.go:581	tryAdvanceRound called	{"{current_round 20 3  <nil>}": {"Key":"self","Type":15,"Integer":0,"String":"c","Interface":null}}
2025-08-15T22:13:09.122-0500	DEBUG	protocol/handler.go:1591	have processed broadcast	{"{round 20 3  <nil>}": {"Key":"from","Type":15,"Integer":0,"String":"a","Interface":null}}
2025-08-15T22:13:09.122-0500	DEBUG	protocol/handler.go:1591	have processed broadcast	{"{round 20 3  <nil>}": {"Key":"from","Type":15,"Integer":0,"String":"b","Interface":null}}
2025-08-15T22:13:09.124-0500	DEBUG	protocol/handler.go:1649	have all messages and processed	{"{round 20 3  <nil>}": {"Key":"self","Type":15,"Integer":0,"String":"c","Interface":null}}
2025-08-15T22:13:09.121-0500	DEBUG	protocol/handler.go:581	tryAdvanceRound called	{"{current_round 20 3  <nil>}": {"Key":"self","Type":15,"Integer":0,"String":"b","Interface":null}}
2025-08-15T22:13:09.124-0500	DEBUG	protocol/handler.go:1591	have processed broadcast	{"{round 20 3  <nil>}": {"Key":"from","Type":15,"Integer":0,"String":"a","Interface":null}}
2025-08-15T22:13:09.127-0500	DEBUG	protocol/handler.go:581	tryAdvanceRound called	{"{current_round 20 3  <nil>}": {"Key":"self","Type":15,"Integer":0,"String":"a","Interface":null}}
2025-08-15T22:13:09.127-0500	DEBUG	protocol/handler.go:1591	have processed broadcast	{"{round 20 3  <nil>}": {"Key":"from","Type":15,"Integer":0,"String":"b","Interface":null}}
2025-08-15T22:13:09.127-0500	DEBUG	protocol/handler.go:596	round already finalized
2025-08-15T22:13:09.127-0500	DEBUG	protocol/handler.go:1591	have processed broadcast	{"{round 20 3  <nil>}": {"Key":"from","Type":15,"Integer":0,"String":"c","Interface":null}}
2025-08-15T22:13:09.127-0500	DEBUG	protocol/handler.go:1591	have processed broadcast	{"{round 20 3  <nil>}": {"Key":"from","Type":15,"Integer":0,"String":"c","Interface":null}}
2025-08-15T22:13:09.128-0500	DEBUG	protocol/handler.go:1649	have all messages and processed	{"{round 20 3  <nil>}": {"Key":"self","Type":15,"Integer":0,"String":"b","Interface":null}}
2025-08-15T22:13:09.129-0500	DEBUG	protocol/handler.go:596	round already finalized
2025-08-15T22:13:09.130-0500	DEBUG	protocol/handler.go:581	tryAdvanceRound called	{"{current_round 20 3  <nil>}": {"Key":"self","Type":15,"Integer":0,"String":"b","Interface":null}}
2025-08-15T22:13:09.128-0500	DEBUG	protocol/handler.go:1649	have all messages and processed	{"{round 20 3  <nil>}": {"Key":"self","Type":15,"Integer":0,"String":"a","Interface":null}}
2025-08-15T22:13:09.130-0500	DEBUG	protocol/handler.go:596	round already finalized
2025-08-15T22:13:09.130-0500	DEBUG	protocol/handler.go:1591	have processed broadcast	{"{round 20 3  <nil>}": {"Key":"from","Type":15,"Integer":0,"String":"a","Interface":null}}
2025-08-15T22:13:09.130-0500	DEBUG	protocol/handler.go:1591	have processed broadcast	{"{round 20 3  <nil>}": {"Key":"from","Type":15,"Integer":0,"String":"c","Interface":null}}
2025-08-15T22:13:09.130-0500	DEBUG	protocol/handler.go:1649	have all messages and processed	{"{round 20 3  <nil>}": {"Key":"self","Type":15,"Integer":0,"String":"b","Interface":null}}
2025-08-15T22:13:09.130-0500	DEBUG	protocol/handler.go:596	round already finalized
2025-08-15T22:13:09.131-0500	DEBUG	protocol/handler.go:581	tryAdvanceRound called	{"{current_round 20 3  <nil>}": {"Key":"self","Type":15,"Integer":0,"String":"c","Interface":null}}
2025-08-15T22:13:09.131-0500	DEBUG	protocol/handler.go:1591	have processed broadcast	{"{round 20 3  <nil>}": {"Key":"from","Type":15,"Integer":0,"String":"a","Interface":null}}
2025-08-15T22:13:09.131-0500	DEBUG	protocol/handler.go:1591	have processed broadcast	{"{round 20 3  <nil>}": {"Key":"from","Type":15,"Integer":0,"String":"b","Interface":null}}
2025-08-15T22:13:09.131-0500	DEBUG	protocol/handler.go:1649	have all messages and processed	{"{round 20 3  <nil>}": {"Key":"self","Type":15,"Integer":0,"String":"c","Interface":null}}
2025-08-15T22:13:09.131-0500	DEBUG	protocol/handler.go:596	round already finalized
2025-08-15T22:13:09.140-0500	DEBUG	protocol/handler.go:581	tryAdvanceRound called	{"{current_round 20 3  <nil>}": {"Key":"self","Type":15,"Integer":0,"String":"b","Interface":null}}
2025-08-15T22:13:09.140-0500	DEBUG	protocol/handler.go:1591	have processed broadcast	{"{round 20 3  <nil>}": {"Key":"from","Type":15,"Integer":0,"String":"a","Interface":null}}
2025-08-15T22:13:09.140-0500	DEBUG	protocol/handler.go:1591	have processed broadcast	{"{round 20 3  <nil>}": {"Key":"from","Type":15,"Integer":0,"String":"c","Interface":null}}
2025-08-15T22:13:09.176-0500	DEBUG	protocol/handler.go:581	tryAdvanceRound called	{"{current_round 20 3  <nil>}": {"Key":"self","Type":15,"Integer":0,"String":"c","Interface":null}}
2025-08-15T22:13:09.176-0500	DEBUG	protocol/handler.go:1591	have processed broadcast	{"{round 20 3  <nil>}": {"Key":"from","Type":15,"Integer":0,"String":"a","Interface":null}}
2025-08-15T22:13:09.176-0500	DEBUG	protocol/handler.go:1591	have processed broadcast	{"{round 20 3  <nil>}": {"Key":"from","Type":15,"Integer":0,"String":"b","Interface":null}}
2025-08-15T22:13:09.176-0500	DEBUG	protocol/handler.go:1649	have all messages and processed	{"{round 20 3  <nil>}": {"Key":"self","Type":15,"Integer":0,"String":"c","Interface":null}}
2025-08-15T22:13:09.176-0500	DEBUG	protocol/handler.go:596	round already finalized
2025-08-15T22:13:09.176-0500	DEBUG	protocol/handler.go:581	tryAdvanceRound called	{"{current_round 20 3  <nil>}": {"Key":"self","Type":15,"Integer":0,"String":"c","Interface":null}}
2025-08-15T22:13:09.176-0500	DEBUG	protocol/handler.go:1591	have processed broadcast	{"{round 20 3  <nil>}": {"Key":"from","Type":15,"Integer":0,"String":"a","Interface":null}}
2025-08-15T22:13:09.176-0500	DEBUG	protocol/handler.go:1591	have processed broadcast	{"{round 20 3  <nil>}": {"Key":"from","Type":15,"Integer":0,"String":"b","Interface":null}}
2025-08-15T22:13:09.176-0500	DEBUG	protocol/handler.go:1649	have all messages and processed	{"{round 20 3  <nil>}": {"Key":"self","Type":15,"Integer":0,"String":"c","Interface":null}}
2025-08-15T22:13:09.177-0500	DEBUG	protocol/handler.go:596	round already finalized
2025-08-15T22:13:09.189-0500	DEBUG	protocol/handler.go:581	tryAdvanceRound called	{"{current_round 20 3  <nil>}": {"Key":"self","Type":15,"Integer":0,"String":"c","Interface":null}}
2025-08-15T22:13:09.189-0500	DEBUG	protocol/handler.go:1591	have processed broadcast	{"{round 20 3  <nil>}": {"Key":"from","Type":15,"Integer":0,"String":"a","Interface":null}}
2025-08-15T22:13:09.189-0500	DEBUG	protocol/handler.go:1591	have processed broadcast	{"{round 20 3  <nil>}": {"Key":"from","Type":15,"Integer":0,"String":"b","Interface":null}}
2025-08-15T22:13:09.189-0500	DEBUG	protocol/handler.go:1649	have all messages and processed	{"{round 20 3  <nil>}": {"Key":"self","Type":15,"Integer":0,"String":"c","Interface":null}}
2025-08-15T22:13:09.189-0500	DEBUG	protocol/handler.go:596	round already finalized
2025-08-15T22:13:09.192-0500	DEBUG	protocol/handler.go:1649	have all messages and processed	{"{round 20 3  <nil>}": {"Key":"self","Type":15,"Integer":0,"String":"b","Interface":null}}
2025-08-15T22:13:09.192-0500	DEBUG	protocol/handler.go:596	round already finalized
2025-08-15T22:13:09.192-0500	DEBUG	protocol/handler.go:581	tryAdvanceRound called	{"{current_round 20 3  <nil>}": {"Key":"self","Type":15,"Integer":0,"String":"b","Interface":null}}
2025-08-15T22:13:09.192-0500	DEBUG	protocol/handler.go:1591	have processed broadcast	{"{round 20 3  <nil>}": {"Key":"from","Type":15,"Integer":0,"String":"a","Interface":null}}
2025-08-15T22:13:09.192-0500	DEBUG	protocol/handler.go:1591	have processed broadcast	{"{round 20 3  <nil>}": {"Key":"from","Type":15,"Integer":0,"String":"c","Interface":null}}
2025-08-15T22:13:09.192-0500	DEBUG	protocol/handler.go:1649	have all messages and processed	{"{round 20 3  <nil>}": {"Key":"self","Type":15,"Integer":0,"String":"b","Interface":null}}
2025-08-15T22:13:09.192-0500	DEBUG	protocol/handler.go:596	round already finalized
2025-08-15T22:13:09.209-0500	DEBUG	protocol/handler.go:581	tryAdvanceRound called	{"{current_round 20 3  <nil>}": {"Key":"self","Type":15,"Integer":0,"String":"b","Interface":null}}
2025-08-15T22:13:09.209-0500	DEBUG	protocol/handler.go:1591	have processed broadcast	{"{round 20 3  <nil>}": {"Key":"from","Type":15,"Integer":0,"String":"a","Interface":null}}
2025-08-15T22:13:09.209-0500	DEBUG	protocol/handler.go:1591	have processed broadcast	{"{round 20 3  <nil>}": {"Key":"from","Type":15,"Integer":0,"String":"c","Interface":null}}
2025-08-15T22:13:09.209-0500	DEBUG	protocol/handler.go:1649	have all messages and processed	{"{round 20 3  <nil>}": {"Key":"self","Type":15,"Integer":0,"String":"b","Interface":null}}
2025-08-15T22:13:09.209-0500	DEBUG	protocol/handler.go:596	round already finalized
2025-08-15T22:13:09.216-0500	DEBUG	protocol/handler.go:581	tryAdvanceRound called	{"{current_round 20 3  <nil>}": {"Key":"self","Type":15,"Integer":0,"String":"a","Interface":null}}
2025-08-15T22:13:09.216-0500	DEBUG	protocol/handler.go:1591	have processed broadcast	{"{round 20 3  <nil>}": {"Key":"from","Type":15,"Integer":0,"String":"b","Interface":null}}
2025-08-15T22:13:09.216-0500	DEBUG	protocol/handler.go:1591	have processed broadcast	{"{round 20 3  <nil>}": {"Key":"from","Type":15,"Integer":0,"String":"c","Interface":null}}
2025-08-15T22:13:09.216-0500	DEBUG	protocol/handler.go:1649	have all messages and processed	{"{round 20 3  <nil>}": {"Key":"self","Type":15,"Integer":0,"String":"a","Interface":null}}
2025-08-15T22:13:09.216-0500	DEBUG	protocol/handler.go:596	round already finalized
2025-08-15T22:13:09.217-0500	DEBUG	protocol/handler.go:581	tryAdvanceRound called	{"{current_round 20 3  <nil>}": {"Key":"self","Type":15,"Integer":0,"String":"a","Interface":null}}
2025-08-15T22:13:09.217-0500	DEBUG	protocol/handler.go:1591	have processed broadcast	{"{round 20 3  <nil>}": {"Key":"from","Type":15,"Integer":0,"String":"b","Interface":null}}
2025-08-15T22:13:09.217-0500	DEBUG	protocol/handler.go:1591	have processed broadcast	{"{round 20 3  <nil>}": {"Key":"from","Type":15,"Integer":0,"String":"c","Interface":null}}
2025-08-15T22:13:09.217-0500	DEBUG	protocol/handler.go:1649	have all messages and processed	{"{round 20 3  <nil>}": {"Key":"self","Type":15,"Integer":0,"String":"a","Interface":null}}
2025-08-15T22:13:09.217-0500	DEBUG	protocol/handler.go:596	round already finalized
2025-08-15T22:13:09.239-0500	DEBUG	protocol/handler.go:581	tryAdvanceRound called	{"{current_round 20 3  <nil>}": {"Key":"self","Type":15,"Integer":0,"String":"b","Interface":null}}
2025-08-15T22:13:09.240-0500	DEBUG	protocol/handler.go:1591	have processed broadcast	{"{round 20 3  <nil>}": {"Key":"from","Type":15,"Integer":0,"String":"a","Interface":null}}
2025-08-15T22:13:09.240-0500	DEBUG	protocol/handler.go:1591	have processed broadcast	{"{round 20 3  <nil>}": {"Key":"from","Type":15,"Integer":0,"String":"c","Interface":null}}
2025-08-15T22:13:09.208-0500	DEBUG	protocol/handler.go:581	tryAdvanceRound called	{"{current_round 20 3  <nil>}": {"Key":"self","Type":15,"Integer":0,"String":"c","Interface":null}}
2025-08-15T22:13:09.320-0500	DEBUG	protocol/handler.go:1591	have processed broadcast	{"{round 20 3  <nil>}": {"Key":"from","Type":15,"Integer":0,"String":"a","Interface":null}}
2025-08-15T22:13:09.320-0500	DEBUG	protocol/handler.go:1591	have processed broadcast	{"{round 20 3  <nil>}": {"Key":"from","Type":15,"Integer":0,"String":"b","Interface":null}}
2025-08-15T22:13:09.320-0500	DEBUG	protocol/handler.go:1649	have all messages and processed	{"{round 20 3  <nil>}": {"Key":"self","Type":15,"Integer":0,"String":"c","Interface":null}}
2025-08-15T22:13:09.320-0500	DEBUG	protocol/handler.go:596	round already finalized
2025-08-15T22:13:09.321-0500	DEBUG	protocol/handler.go:581	tryAdvanceRound called	{"{current_round 20 3  <nil>}": {"Key":"self","Type":15,"Integer":0,"String":"c","Interface":null}}
2025-08-15T22:13:09.321-0500	DEBUG	protocol/handler.go:1591	have processed broadcast	{"{round 20 3  <nil>}": {"Key":"from","Type":15,"Integer":0,"String":"a","Interface":null}}
2025-08-15T22:13:09.321-0500	DEBUG	protocol/handler.go:1591	have processed broadcast	{"{round 20 3  <nil>}": {"Key":"from","Type":15,"Integer":0,"String":"b","Interface":null}}
2025-08-15T22:13:09.321-0500	DEBUG	protocol/handler.go:1649	have all messages and processed	{"{round 20 3  <nil>}": {"Key":"self","Type":15,"Integer":0,"String":"c","Interface":null}}
2025-08-15T22:13:09.321-0500	DEBUG	protocol/handler.go:581	tryAdvanceRound called	{"{current_round 20 3  <nil>}": {"Key":"self","Type":15,"Integer":0,"String":"a","Interface":null}}
2025-08-15T22:13:09.321-0500	DEBUG	protocol/handler.go:1591	have processed broadcast	{"{round 20 3  <nil>}": {"Key":"from","Type":15,"Integer":0,"String":"b","Interface":null}}
2025-08-15T22:13:09.321-0500	DEBUG	protocol/handler.go:1591	have processed broadcast	{"{round 20 3  <nil>}": {"Key":"from","Type":15,"Integer":0,"String":"c","Interface":null}}
2025-08-15T22:13:09.321-0500	DEBUG	protocol/handler.go:1649	have all messages and processed	{"{round 20 3  <nil>}": {"Key":"self","Type":15,"Integer":0,"String":"a","Interface":null}}
2025-08-15T22:13:09.321-0500	DEBUG	protocol/handler.go:596	round already finalized
2025-08-15T22:13:09.321-0500	DEBUG	protocol/handler.go:581	tryAdvanceRound called	{"{current_round 20 3  <nil>}": {"Key":"self","Type":15,"Integer":0,"String":"a","Interface":null}}
2025-08-15T22:13:09.321-0500	DEBUG	protocol/handler.go:1591	have processed broadcast	{"{round 20 3  <nil>}": {"Key":"from","Type":15,"Integer":0,"String":"b","Interface":null}}
2025-08-15T22:13:09.321-0500	DEBUG	protocol/handler.go:1591	have processed broadcast	{"{round 20 3  <nil>}": {"Key":"from","Type":15,"Integer":0,"String":"c","Interface":null}}
2025-08-15T22:13:09.321-0500	DEBUG	protocol/handler.go:1649	have all messages and processed	{"{round 20 3  <nil>}": {"Key":"self","Type":15,"Integer":0,"String":"a","Interface":null}}
2025-08-15T22:13:09.321-0500	DEBUG	protocol/handler.go:596	round already finalized
2025-08-15T22:13:09.321-0500	DEBUG	protocol/handler.go:596	round already finalized
2025-08-15T22:13:09.240-0500	DEBUG	protocol/handler.go:1649	have all messages and processed	{"{round 20 3  <nil>}": {"Key":"self","Type":15,"Integer":0,"String":"b","Interface":null}}
2025-08-15T22:13:09.345-0500	DEBUG	protocol/handler.go:596	round already finalized
2025-08-15T22:13:09.345-0500	DEBUG	protocol/handler.go:581	tryAdvanceRound called	{"{current_round 20 3  <nil>}": {"Key":"self","Type":15,"Integer":0,"String":"b","Interface":null}}
2025-08-15T22:13:09.345-0500	DEBUG	protocol/handler.go:1591	have processed broadcast	{"{round 20 3  <nil>}": {"Key":"from","Type":15,"Integer":0,"String":"a","Interface":null}}
2025-08-15T22:13:09.345-0500	DEBUG	protocol/handler.go:1591	have processed broadcast	{"{round 20 3  <nil>}": {"Key":"from","Type":15,"Integer":0,"String":"c","Interface":null}}
2025-08-15T22:13:09.345-0500	DEBUG	protocol/handler.go:1649	have all messages and processed	{"{round 20 3  <nil>}": {"Key":"self","Type":15,"Integer":0,"String":"b","Interface":null}}
2025-08-15T22:13:09.345-0500	DEBUG	protocol/handler.go:596	round already finalized
2025-08-15T22:13:09.345-0500	DEBUG	protocol/handler.go:581	tryAdvanceRound called	{"{current_round 20 3  <nil>}": {"Key":"self","Type":15,"Integer":0,"String":"a","Interface":null}}
2025-08-15T22:13:09.346-0500	DEBUG	protocol/handler.go:1591	have processed broadcast	{"{round 20 3  <nil>}": {"Key":"from","Type":15,"Integer":0,"String":"b","Interface":null}}
2025-08-15T22:13:09.346-0500	DEBUG	protocol/handler.go:1591	have processed broadcast	{"{round 20 3  <nil>}": {"Key":"from","Type":15,"Integer":0,"String":"c","Interface":null}}
2025-08-15T22:13:09.346-0500	DEBUG	protocol/handler.go:1649	have all messages and processed	{"{round 20 3  <nil>}": {"Key":"self","Type":15,"Integer":0,"String":"a","Interface":null}}
2025-08-15T22:13:09.346-0500	DEBUG	protocol/handler.go:596	round already finalized
2025-08-15T22:13:09.346-0500	DEBUG	protocol/handler.go:581	tryAdvanceRound called	{"{current_round 20 3  <nil>}": {"Key":"self","Type":15,"Integer":0,"String":"a","Interface":null}}
2025-08-15T22:13:09.346-0500	DEBUG	protocol/handler.go:1591	have processed broadcast	{"{round 20 3  <nil>}": {"Key":"from","Type":15,"Integer":0,"String":"b","Interface":null}}
2025-08-15T22:13:09.347-0500	DEBUG	protocol/handler.go:1591	have processed broadcast	{"{round 20 3  <nil>}": {"Key":"from","Type":15,"Integer":0,"String":"c","Interface":null}}
2025-08-15T22:13:09.347-0500	DEBUG	protocol/handler.go:1649	have all messages and processed	{"{round 20 3  <nil>}": {"Key":"self","Type":15,"Integer":0,"String":"a","Interface":null}}
2025-08-15T22:13:09.347-0500	DEBUG	protocol/handler.go:596	round already finalized
2025-08-15T22:13:09.369-0500	DEBUG	protocol/handler.go:581	tryAdvanceRound called	{"{current_round 20 3  <nil>}": {"Key":"self","Type":15,"Integer":0,"String":"b","Interface":null}}
2025-08-15T22:13:09.370-0500	DEBUG	protocol/handler.go:1591	have processed broadcast	{"{round 20 3  <nil>}": {"Key":"from","Type":15,"Integer":0,"String":"a","Interface":null}}
2025-08-15T22:13:09.370-0500	DEBUG	protocol/handler.go:1591	have processed broadcast	{"{round 20 3  <nil>}": {"Key":"from","Type":15,"Integer":0,"String":"c","Interface":null}}
2025-08-15T22:13:09.370-0500	DEBUG	protocol/handler.go:1649	have all messages and processed	{"{round 20 3  <nil>}": {"Key":"self","Type":15,"Integer":0,"String":"b","Interface":null}}
2025-08-15T22:13:09.370-0500	DEBUG	protocol/handler.go:596	round already finalized
2025-08-15T22:13:09.382-0500	DEBUG	protocol/handler.go:581	tryAdvanceRound called	{"{current_round 20 3  <nil>}": {"Key":"self","Type":15,"Integer":0,"String":"a","Interface":null}}
2025-08-15T22:13:09.382-0500	DEBUG	protocol/handler.go:1591	have processed broadcast	{"{round 20 3  <nil>}": {"Key":"from","Type":15,"Integer":0,"String":"b","Interface":null}}
2025-08-15T22:13:09.383-0500	DEBUG	protocol/handler.go:1591	have processed broadcast	{"{round 20 3  <nil>}": {"Key":"from","Type":15,"Integer":0,"String":"c","Interface":null}}
2025-08-15T22:13:09.384-0500	DEBUG	protocol/handler.go:1649	have all messages and processed	{"{round 20 3  <nil>}": {"Key":"self","Type":15,"Integer":0,"String":"a","Interface":null}}
2025-08-15T22:13:09.385-0500	DEBUG	protocol/handler.go:596	round already finalized
2025-08-15T22:13:09.385-0500	DEBUG	protocol/handler.go:581	tryAdvanceRound called	{"{current_round 20 3  <nil>}": {"Key":"self","Type":15,"Integer":0,"String":"a","Interface":null}}
2025-08-15T22:13:09.385-0500	DEBUG	protocol/handler.go:1591	have processed broadcast	{"{round 20 3  <nil>}": {"Key":"from","Type":15,"Integer":0,"String":"b","Interface":null}}
2025-08-15T22:13:09.385-0500	DEBUG	protocol/handler.go:1591	have processed broadcast	{"{round 20 3  <nil>}": {"Key":"from","Type":15,"Integer":0,"String":"c","Interface":null}}
2025-08-15T22:13:09.385-0500	DEBUG	protocol/handler.go:1649	have all messages and processed	{"{round 20 3  <nil>}": {"Key":"self","Type":15,"Integer":0,"String":"a","Interface":null}}
2025-08-15T22:13:09.385-0500	DEBUG	protocol/handler.go:596	round already finalized
2025-08-15T22:13:09.387-0500	DEBUG	protocol/handler.go:581	tryAdvanceRound called	{"{current_round 20 3  <nil>}": {"Key":"self","Type":15,"Integer":0,"String":"b","Interface":null}}
2025-08-15T22:13:09.387-0500	DEBUG	protocol/handler.go:1591	have processed broadcast	{"{round 20 3  <nil>}": {"Key":"from","Type":15,"Integer":0,"String":"a","Interface":null}}
2025-08-15T22:13:09.387-0500	DEBUG	protocol/handler.go:1591	have processed broadcast	{"{round 20 3  <nil>}": {"Key":"from","Type":15,"Integer":0,"String":"c","Interface":null}}
2025-08-15T22:13:09.387-0500	DEBUG	protocol/handler.go:1649	have all messages and processed	{"{round 20 3  <nil>}": {"Key":"self","Type":15,"Integer":0,"String":"b","Interface":null}}
2025-08-15T22:13:09.388-0500	DEBUG	protocol/handler.go:596	round already finalized
2025-08-15T22:13:09.404-0500	DEBUG	protocol/handler.go:581	tryAdvanceRound called	{"{current_round 20 3  <nil>}": {"Key":"self","Type":15,"Integer":0,"String":"b","Interface":null}}
2025-08-15T22:13:09.404-0500	DEBUG	protocol/handler.go:581	tryAdvanceRound called	{"{current_round 20 3  <nil>}": {"Key":"self","Type":15,"Integer":0,"String":"c","Interface":null}}
2025-08-15T22:13:09.404-0500	DEBUG	protocol/handler.go:1591	have processed broadcast	{"{round 20 3  <nil>}": {"Key":"from","Type":15,"Integer":0,"String":"a","Interface":null}}
2025-08-15T22:13:09.404-0500	DEBUG	protocol/handler.go:1591	have processed broadcast	{"{round 20 3  <nil>}": {"Key":"from","Type":15,"Integer":0,"String":"a","Interface":null}}
2025-08-15T22:13:09.404-0500	DEBUG	protocol/handler.go:1591	have processed broadcast	{"{round 20 3  <nil>}": {"Key":"from","Type":15,"Integer":0,"String":"c","Interface":null}}
2025-08-15T22:13:09.404-0500	DEBUG	protocol/handler.go:1649	have all messages and processed	{"{round 20 3  <nil>}": {"Key":"self","Type":15,"Integer":0,"String":"b","Interface":null}}
2025-08-15T22:13:09.404-0500	DEBUG	protocol/handler.go:1591	have processed broadcast	{"{round 20 3  <nil>}": {"Key":"from","Type":15,"Integer":0,"String":"b","Interface":null}}
2025-08-15T22:13:09.404-0500	DEBUG	protocol/handler.go:596	round already finalized
2025-08-15T22:13:09.404-0500	DEBUG	protocol/handler.go:1649	have all messages and processed	{"{round 20 3  <nil>}": {"Key":"self","Type":15,"Integer":0,"String":"c","Interface":null}}
2025-08-15T22:13:09.404-0500	DEBUG	protocol/handler.go:596	round already finalized
2025-08-15T22:13:09.404-0500	DEBUG	protocol/handler.go:581	tryAdvanceRound called	{"{current_round 20 3  <nil>}": {"Key":"self","Type":15,"Integer":0,"String":"c","Interface":null}}
2025-08-15T22:13:09.404-0500	DEBUG	protocol/handler.go:1591	have processed broadcast	{"{round 20 3  <nil>}": {"Key":"from","Type":15,"Integer":0,"String":"a","Interface":null}}
2025-08-15T22:13:09.404-0500	DEBUG	protocol/handler.go:1591	have processed broadcast	{"{round 20 3  <nil>}": {"Key":"from","Type":15,"Integer":0,"String":"b","Interface":null}}
2025-08-15T22:13:09.404-0500	DEBUG	protocol/handler.go:1649	have all messages and processed	{"{round 20 3  <nil>}": {"Key":"self","Type":15,"Integer":0,"String":"c","Interface":null}}
2025-08-15T22:13:09.404-0500	DEBUG	protocol/handler.go:596	round already finalized
2025-08-15T22:13:09.425-0500	DEBUG	protocol/handler.go:581	tryAdvanceRound called	{"{current_round 20 3  <nil>}": {"Key":"self","Type":15,"Integer":0,"String":"b","Interface":null}}
2025-08-15T22:13:09.425-0500	DEBUG	protocol/handler.go:1591	have processed broadcast	{"{round 20 3  <nil>}": {"Key":"from","Type":15,"Integer":0,"String":"a","Interface":null}}
2025-08-15T22:13:09.425-0500	DEBUG	protocol/handler.go:1591	have processed broadcast	{"{round 20 3  <nil>}": {"Key":"from","Type":15,"Integer":0,"String":"c","Interface":null}}
2025-08-15T22:13:09.426-0500	DEBUG	protocol/handler.go:1649	have all messages and processed	{"{round 20 3  <nil>}": {"Key":"self","Type":15,"Integer":0,"String":"b","Interface":null}}
2025-08-15T22:13:09.426-0500	DEBUG	protocol/handler.go:596	round already finalized
2025-08-15T22:13:09.430-0500	DEBUG	protocol/handler.go:581	tryAdvanceRound called	{"{current_round 20 3  <nil>}": {"Key":"self","Type":15,"Integer":0,"String":"a","Interface":null}}
2025-08-15T22:13:09.431-0500	DEBUG	protocol/handler.go:1591	have processed broadcast	{"{round 20 3  <nil>}": {"Key":"from","Type":15,"Integer":0,"String":"b","Interface":null}}
2025-08-15T22:13:09.431-0500	DEBUG	protocol/handler.go:1591	have processed broadcast	{"{round 20 3  <nil>}": {"Key":"from","Type":15,"Integer":0,"String":"c","Interface":null}}
2025-08-15T22:13:09.431-0500	DEBUG	protocol/handler.go:1649	have all messages and processed	{"{round 20 3  <nil>}": {"Key":"self","Type":15,"Integer":0,"String":"a","Interface":null}}
2025-08-15T22:13:09.431-0500	DEBUG	protocol/handler.go:596	round already finalized
2025-08-15T22:13:09.431-0500	DEBUG	protocol/handler.go:581	tryAdvanceRound called	{"{current_round 20 3  <nil>}": {"Key":"self","Type":15,"Integer":0,"String":"a","Interface":null}}
2025-08-15T22:13:09.431-0500	DEBUG	protocol/handler.go:1591	have processed broadcast	{"{round 20 3  <nil>}": {"Key":"from","Type":15,"Integer":0,"String":"b","Interface":null}}
2025-08-15T22:13:09.450-0500	DEBUG	protocol/handler.go:581	tryAdvanceRound called	{"{current_round 20 3  <nil>}": {"Key":"self","Type":15,"Integer":0,"String":"b","Interface":null}}
2025-08-15T22:13:09.451-0500	DEBUG	protocol/handler.go:1591	have processed broadcast	{"{round 20 3  <nil>}": {"Key":"from","Type":15,"Integer":0,"String":"a","Interface":null}}
2025-08-15T22:13:09.451-0500	DEBUG	protocol/handler.go:1591	have processed broadcast	{"{round 20 3  <nil>}": {"Key":"from","Type":15,"Integer":0,"String":"c","Interface":null}}
2025-08-15T22:13:09.451-0500	DEBUG	protocol/handler.go:1649	have all messages and processed	{"{round 20 3  <nil>}": {"Key":"self","Type":15,"Integer":0,"String":"b","Interface":null}}
2025-08-15T22:13:09.451-0500	DEBUG	protocol/handler.go:596	round already finalized
2025-08-15T22:13:09.474-0500	DEBUG	protocol/handler.go:581	tryAdvanceRound called	{"{current_round 20 3  <nil>}": {"Key":"self","Type":15,"Integer":0,"String":"b","Interface":null}}
2025-08-15T22:13:09.474-0500	DEBUG	protocol/handler.go:1591	have processed broadcast	{"{round 20 3  <nil>}": {"Key":"from","Type":15,"Integer":0,"String":"a","Interface":null}}
2025-08-15T22:13:09.474-0500	DEBUG	protocol/handler.go:1591	have processed broadcast	{"{round 20 3  <nil>}": {"Key":"from","Type":15,"Integer":0,"String":"c","Interface":null}}
2025-08-15T22:13:09.475-0500	DEBUG	protocol/handler.go:1649	have all messages and processed	{"{round 20 3  <nil>}": {"Key":"self","Type":15,"Integer":0,"String":"b","Interface":null}}
2025-08-15T22:13:09.475-0500	DEBUG	protocol/handler.go:596	round already finalized
2025-08-15T22:13:09.493-0500	DEBUG	protocol/handler.go:581	tryAdvanceRound called	{"{current_round 20 3  <nil>}": {"Key":"self","Type":15,"Integer":0,"String":"c","Interface":null}}
2025-08-15T22:13:09.494-0500	DEBUG	protocol/handler.go:1591	have processed broadcast	{"{round 20 3  <nil>}": {"Key":"from","Type":15,"Integer":0,"String":"a","Interface":null}}
2025-08-15T22:13:09.494-0500	DEBUG	protocol/handler.go:1591	have processed broadcast	{"{round 20 3  <nil>}": {"Key":"from","Type":15,"Integer":0,"String":"b","Interface":null}}
2025-08-15T22:13:09.494-0500	DEBUG	protocol/handler.go:1649	have all messages and processed	{"{round 20 3  <nil>}": {"Key":"self","Type":15,"Integer":0,"String":"c","Interface":null}}
2025-08-15T22:13:09.494-0500	DEBUG	protocol/handler.go:596	round already finalized
2025-08-15T22:13:09.494-0500	DEBUG	protocol/handler.go:581	tryAdvanceRound called	{"{current_round 20 3  <nil>}": {"Key":"self","Type":15,"Integer":0,"String":"c","Interface":null}}
2025-08-15T22:13:09.494-0500	DEBUG	protocol/handler.go:1591	have processed broadcast	{"{round 20 3  <nil>}": {"Key":"from","Type":15,"Integer":0,"String":"a","Interface":null}}
2025-08-15T22:13:09.494-0500	DEBUG	protocol/handler.go:1591	have processed broadcast	{"{round 20 3  <nil>}": {"Key":"from","Type":15,"Integer":0,"String":"b","Interface":null}}
2025-08-15T22:13:09.494-0500	DEBUG	protocol/handler.go:1649	have all messages and processed	{"{round 20 3  <nil>}": {"Key":"self","Type":15,"Integer":0,"String":"c","Interface":null}}
2025-08-15T22:13:09.494-0500	DEBUG	protocol/handler.go:596	round already finalized
2025-08-15T22:13:09.433-0500	DEBUG	protocol/handler.go:1591	have processed broadcast	{"{round 20 3  <nil>}": {"Key":"from","Type":15,"Integer":0,"String":"c","Interface":null}}
2025-08-15T22:13:09.524-0500	DEBUG	protocol/handler.go:1649	have all messages and processed	{"{round 20 3  <nil>}": {"Key":"self","Type":15,"Integer":0,"String":"a","Interface":null}}
2025-08-15T22:13:09.524-0500	DEBUG	protocol/handler.go:596	round already finalized
2025-08-15T22:13:09.524-0500	DEBUG	protocol/handler.go:581	tryAdvanceRound called	{"{current_round 20 3  <nil>}": {"Key":"self","Type":15,"Integer":0,"String":"a","Interface":null}}
2025-08-15T22:13:09.526-0500	DEBUG	protocol/handler.go:581	tryAdvanceRound called	{"{current_round 20 3  <nil>}": {"Key":"self","Type":15,"Integer":0,"String":"b","Interface":null}}
2025-08-15T22:13:09.529-0500	DEBUG	protocol/handler.go:1591	have processed broadcast	{"{round 20 3  <nil>}": {"Key":"from","Type":15,"Integer":0,"String":"a","Interface":null}}
2025-08-15T22:13:09.529-0500	DEBUG	protocol/handler.go:1591	have processed broadcast	{"{round 20 3  <nil>}": {"Key":"from","Type":15,"Integer":0,"String":"c","Interface":null}}
2025-08-15T22:13:09.529-0500	DEBUG	protocol/handler.go:1649	have all messages and processed	{"{round 20 3  <nil>}": {"Key":"self","Type":15,"Integer":0,"String":"b","Interface":null}}
2025-08-15T22:13:09.529-0500	DEBUG	protocol/handler.go:596	round already finalized
2025-08-15T22:13:09.534-0500	DEBUG	protocol/handler.go:1591	have processed broadcast	{"{round 20 3  <nil>}": {"Key":"from","Type":15,"Integer":0,"String":"b","Interface":null}}
2025-08-15T22:13:09.534-0500	DEBUG	protocol/handler.go:1591	have processed broadcast	{"{round 20 3  <nil>}": {"Key":"from","Type":15,"Integer":0,"String":"c","Interface":null}}
2025-08-15T22:13:09.537-0500	DEBUG	protocol/handler.go:1649	have all messages and processed	{"{round 20 3  <nil>}": {"Key":"self","Type":15,"Integer":0,"String":"a","Interface":null}}
2025-08-15T22:13:09.537-0500	DEBUG	protocol/handler.go:596	round already finalized
2025-08-15T22:13:09.537-0500	DEBUG	protocol/handler.go:581	tryAdvanceRound called	{"{current_round 20 3  <nil>}": {"Key":"self","Type":15,"Integer":0,"String":"a","Interface":null}}
2025-08-15T22:13:09.537-0500	DEBUG	protocol/handler.go:1591	have processed broadcast	{"{round 20 3  <nil>}": {"Key":"from","Type":15,"Integer":0,"String":"b","Interface":null}}
2025-08-15T22:13:09.537-0500	DEBUG	protocol/handler.go:1591	have processed broadcast	{"{round 20 3  <nil>}": {"Key":"from","Type":15,"Integer":0,"String":"c","Interface":null}}
2025-08-15T22:13:09.538-0500	DEBUG	protocol/handler.go:1649	have all messages and processed	{"{round 20 3  <nil>}": {"Key":"self","Type":15,"Integer":0,"String":"a","Interface":null}}
2025-08-15T22:13:09.538-0500	DEBUG	protocol/handler.go:596	round already finalized
2025-08-15T22:13:09.542-0500	DEBUG	protocol/handler.go:581	tryAdvanceRound called	{"{current_round 20 3  <nil>}": {"Key":"self","Type":15,"Integer":0,"String":"c","Interface":null}}
2025-08-15T22:13:09.543-0500	DEBUG	protocol/handler.go:1591	have processed broadcast	{"{round 20 3  <nil>}": {"Key":"from","Type":15,"Integer":0,"String":"a","Interface":null}}
2025-08-15T22:13:09.543-0500	DEBUG	protocol/handler.go:1591	have processed broadcast	{"{round 20 3  <nil>}": {"Key":"from","Type":15,"Integer":0,"String":"b","Interface":null}}
2025-08-15T22:13:09.543-0500	DEBUG	protocol/handler.go:1649	have all messages and processed	{"{round 20 3  <nil>}": {"Key":"self","Type":15,"Integer":0,"String":"c","Interface":null}}
2025-08-15T22:13:09.543-0500	DEBUG	protocol/handler.go:596	round already finalized
2025-08-15T22:13:09.543-0500	DEBUG	protocol/handler.go:581	tryAdvanceRound called	{"{current_round 20 3  <nil>}": {"Key":"self","Type":15,"Integer":0,"String":"c","Interface":null}}
2025-08-15T22:13:09.543-0500	DEBUG	protocol/handler.go:1591	have processed broadcast	{"{round 20 3  <nil>}": {"Key":"from","Type":15,"Integer":0,"String":"a","Interface":null}}
2025-08-15T22:13:09.543-0500	DEBUG	protocol/handler.go:1591	have processed broadcast	{"{round 20 3  <nil>}": {"Key":"from","Type":15,"Integer":0,"String":"b","Interface":null}}
2025-08-15T22:13:09.543-0500	DEBUG	protocol/handler.go:1649	have all messages and processed	{"{round 20 3  <nil>}": {"Key":"self","Type":15,"Integer":0,"String":"c","Interface":null}}
2025-08-15T22:13:09.543-0500	DEBUG	protocol/handler.go:596	round already finalized
2025-08-15T22:13:09.555-0500	DEBUG	protocol/handler.go:581	tryAdvanceRound called	{"{current_round 20 3  <nil>}": {"Key":"self","Type":15,"Integer":0,"String":"a","Interface":null}}
2025-08-15T22:13:09.555-0500	DEBUG	protocol/handler.go:1591	have processed broadcast	{"{round 20 3  <nil>}": {"Key":"from","Type":15,"Integer":0,"String":"b","Interface":null}}
2025-08-15T22:13:09.555-0500	DEBUG	protocol/handler.go:1591	have processed broadcast	{"{round 20 3  <nil>}": {"Key":"from","Type":15,"Integer":0,"String":"c","Interface":null}}
2025-08-15T22:13:09.555-0500	DEBUG	protocol/handler.go:1649	have all messages and processed	{"{round 20 3  <nil>}": {"Key":"self","Type":15,"Integer":0,"String":"a","Interface":null}}
2025-08-15T22:13:09.555-0500	DEBUG	protocol/handler.go:596	round already finalized
2025-08-15T22:13:09.576-0500	DEBUG	protocol/handler.go:581	tryAdvanceRound called	{"{current_round 20 3  <nil>}": {"Key":"self","Type":15,"Integer":0,"String":"a","Interface":null}}
2025-08-15T22:13:09.577-0500	DEBUG	protocol/handler.go:1591	have processed broadcast	{"{round 20 3  <nil>}": {"Key":"from","Type":15,"Integer":0,"String":"b","Interface":null}}
2025-08-15T22:13:09.577-0500	DEBUG	protocol/handler.go:1591	have processed broadcast	{"{round 20 3  <nil>}": {"Key":"from","Type":15,"Integer":0,"String":"c","Interface":null}}
2025-08-15T22:13:09.577-0500	DEBUG	protocol/handler.go:1649	have all messages and processed	{"{round 20 3  <nil>}": {"Key":"self","Type":15,"Integer":0,"String":"a","Interface":null}}
2025-08-15T22:13:09.578-0500	DEBUG	protocol/handler.go:596	round already finalized
2025-08-15T22:13:09.595-0500	DEBUG	protocol/handler.go:581	tryAdvanceRound called	{"{current_round 20 3  <nil>}": {"Key":"self","Type":15,"Integer":0,"String":"c","Interface":null}}
2025-08-15T22:13:09.598-0500	DEBUG	protocol/handler.go:1591	have processed broadcast	{"{round 20 3  <nil>}": {"Key":"from","Type":15,"Integer":0,"String":"a","Interface":null}}
2025-08-15T22:13:09.598-0500	DEBUG	protocol/handler.go:1591	have processed broadcast	{"{round 20 3  <nil>}": {"Key":"from","Type":15,"Integer":0,"String":"b","Interface":null}}
2025-08-15T22:13:09.598-0500	DEBUG	protocol/handler.go:1649	have all messages and processed	{"{round 20 3  <nil>}": {"Key":"self","Type":15,"Integer":0,"String":"c","Interface":null}}
2025-08-15T22:13:09.598-0500	DEBUG	protocol/handler.go:596	round already finalized
2025-08-15T22:13:09.598-0500	DEBUG	protocol/handler.go:581	tryAdvanceRound called	{"{current_round 20 3  <nil>}": {"Key":"self","Type":15,"Integer":0,"String":"c","Interface":null}}
2025-08-15T22:13:09.598-0500	DEBUG	protocol/handler.go:1591	have processed broadcast	{"{round 20 3  <nil>}": {"Key":"from","Type":15,"Integer":0,"String":"a","Interface":null}}
2025-08-15T22:13:09.599-0500	DEBUG	protocol/handler.go:1591	have processed broadcast	{"{round 20 3  <nil>}": {"Key":"from","Type":15,"Integer":0,"String":"b","Interface":null}}
2025-08-15T22:13:09.599-0500	DEBUG	protocol/handler.go:1649	have all messages and processed	{"{round 20 3  <nil>}": {"Key":"self","Type":15,"Integer":0,"String":"c","Interface":null}}
2025-08-15T22:13:09.599-0500	DEBUG	protocol/handler.go:596	round already finalized
2025-08-15T22:13:09.612-0500	DEBUG	protocol/handler.go:581	tryAdvanceRound called	{"{current_round 20 3  <nil>}": {"Key":"self","Type":15,"Integer":0,"String":"a","Interface":null}}
2025-08-15T22:13:09.612-0500	DEBUG	protocol/handler.go:1591	have processed broadcast	{"{round 20 3  <nil>}": {"Key":"from","Type":15,"Integer":0,"String":"b","Interface":null}}
2025-08-15T22:13:09.613-0500	DEBUG	protocol/handler.go:1591	have processed broadcast	{"{round 20 3  <nil>}": {"Key":"from","Type":15,"Integer":0,"String":"c","Interface":null}}
2025-08-15T22:13:09.613-0500	DEBUG	protocol/handler.go:1649	have all messages and processed	{"{round 20 3  <nil>}": {"Key":"self","Type":15,"Integer":0,"String":"a","Interface":null}}
2025-08-15T22:13:09.613-0500	DEBUG	protocol/handler.go:596	round already finalized
2025-08-15T22:13:09.621-0500	DEBUG	protocol/handler.go:581	tryAdvanceRound called	{"{current_round 20 3  <nil>}": {"Key":"self","Type":15,"Integer":0,"String":"c","Interface":null}}
2025-08-15T22:13:09.621-0500	DEBUG	protocol/handler.go:1591	have processed broadcast	{"{round 20 3  <nil>}": {"Key":"from","Type":15,"Integer":0,"String":"a","Interface":null}}
2025-08-15T22:13:09.621-0500	DEBUG	protocol/handler.go:1591	have processed broadcast	{"{round 20 3  <nil>}": {"Key":"from","Type":15,"Integer":0,"String":"b","Interface":null}}
2025-08-15T22:13:09.621-0500	DEBUG	protocol/handler.go:1649	have all messages and processed	{"{round 20 3  <nil>}": {"Key":"self","Type":15,"Integer":0,"String":"c","Interface":null}}
2025-08-15T22:13:09.621-0500	DEBUG	protocol/handler.go:596	round already finalized
2025-08-15T22:13:09.575-0500	DEBUG	protocol/handler.go:581	tryAdvanceRound called	{"{current_round 20 3  <nil>}": {"Key":"self","Type":15,"Integer":0,"String":"b","Interface":null}}
2025-08-15T22:13:09.632-0500	DEBUG	protocol/handler.go:1591	have processed broadcast	{"{round 20 3  <nil>}": {"Key":"from","Type":15,"Integer":0,"String":"a","Interface":null}}
2025-08-15T22:13:09.632-0500	DEBUG	protocol/handler.go:1591	have processed broadcast	{"{round 20 3  <nil>}": {"Key":"from","Type":15,"Integer":0,"String":"c","Interface":null}}
2025-08-15T22:13:09.632-0500	DEBUG	protocol/handler.go:1649	have all messages and processed	{"{round 20 3  <nil>}": {"Key":"self","Type":15,"Integer":0,"String":"b","Interface":null}}
2025-08-15T22:13:09.632-0500	DEBUG	protocol/handler.go:596	round already finalized
2025-08-15T22:13:09.633-0500	DEBUG	protocol/handler.go:581	tryAdvanceRound called	{"{current_round 20 3  <nil>}": {"Key":"self","Type":15,"Integer":0,"String":"b","Interface":null}}
2025-08-15T22:13:09.633-0500	DEBUG	protocol/handler.go:1591	have processed broadcast	{"{round 20 3  <nil>}": {"Key":"from","Type":15,"Integer":0,"String":"a","Interface":null}}
2025-08-15T22:13:09.633-0500	DEBUG	protocol/handler.go:1591	have processed broadcast	{"{round 20 3  <nil>}": {"Key":"from","Type":15,"Integer":0,"String":"c","Interface":null}}
2025-08-15T22:13:09.633-0500	DEBUG	protocol/handler.go:1649	have all messages and processed	{"{round 20 3  <nil>}": {"Key":"self","Type":15,"Integer":0,"String":"b","Interface":null}}
2025-08-15T22:13:09.633-0500	DEBUG	protocol/handler.go:596	round already finalized
2025-08-15T22:13:09.643-0500	DEBUG	protocol/handler.go:581	tryAdvanceRound called	{"{current_round 20 3  <nil>}": {"Key":"self","Type":15,"Integer":0,"String":"c","Interface":null}}
2025-08-15T22:13:09.644-0500	DEBUG	protocol/handler.go:1591	have processed broadcast	{"{round 20 3  <nil>}": {"Key":"from","Type":15,"Integer":0,"String":"a","Interface":null}}
2025-08-15T22:13:09.644-0500	DEBUG	protocol/handler.go:1591	have processed broadcast	{"{round 20 3  <nil>}": {"Key":"from","Type":15,"Integer":0,"String":"b","Interface":null}}
2025-08-15T22:13:09.644-0500	DEBUG	protocol/handler.go:1649	have all messages and processed	{"{round 20 3  <nil>}": {"Key":"self","Type":15,"Integer":0,"String":"c","Interface":null}}
2025-08-15T22:13:09.644-0500	DEBUG	protocol/handler.go:596	round already finalized
2025-08-15T22:13:09.651-0500	DEBUG	protocol/handler.go:581	tryAdvanceRound called	{"{current_round 20 3  <nil>}": {"Key":"self","Type":15,"Integer":0,"String":"a","Interface":null}}
2025-08-15T22:13:09.651-0500	DEBUG	protocol/handler.go:1591	have processed broadcast	{"{round 20 3  <nil>}": {"Key":"from","Type":15,"Integer":0,"String":"b","Interface":null}}
2025-08-15T22:13:09.651-0500	DEBUG	protocol/handler.go:1591	have processed broadcast	{"{round 20 3  <nil>}": {"Key":"from","Type":15,"Integer":0,"String":"c","Interface":null}}
2025-08-15T22:13:09.651-0500	DEBUG	protocol/handler.go:1649	have all messages and processed	{"{round 20 3  <nil>}": {"Key":"self","Type":15,"Integer":0,"String":"a","Interface":null}}
2025-08-15T22:13:09.651-0500	DEBUG	protocol/handler.go:596	round already finalized
2025-08-15T22:13:09.658-0500	DEBUG	protocol/handler.go:581	tryAdvanceRound called	{"{current_round 20 3  <nil>}": {"Key":"self","Type":15,"Integer":0,"String":"b","Interface":null}}
2025-08-15T22:13:09.658-0500	DEBUG	protocol/handler.go:1591	have processed broadcast	{"{round 20 3  <nil>}": {"Key":"from","Type":15,"Integer":0,"String":"a","Interface":null}}
2025-08-15T22:13:09.658-0500	DEBUG	protocol/handler.go:1591	have processed broadcast	{"{round 20 3  <nil>}": {"Key":"from","Type":15,"Integer":0,"String":"c","Interface":null}}
2025-08-15T22:13:09.658-0500	DEBUG	protocol/handler.go:1649	have all messages and processed	{"{round 20 3  <nil>}": {"Key":"self","Type":15,"Integer":0,"String":"b","Interface":null}}
2025-08-15T22:13:09.658-0500	DEBUG	protocol/handler.go:596	round already finalized
2025-08-15T22:13:09.665-0500	DEBUG	protocol/handler.go:581	tryAdvanceRound called	{"{current_round 20 3  <nil>}": {"Key":"self","Type":15,"Integer":0,"String":"c","Interface":null}}
2025-08-15T22:13:09.665-0500	DEBUG	protocol/handler.go:581	tryAdvanceRound called	{"{current_round 20 3  <nil>}": {"Key":"self","Type":15,"Integer":0,"String":"a","Interface":null}}
2025-08-15T22:13:09.665-0500	DEBUG	protocol/handler.go:1591	have processed broadcast	{"{round 20 3  <nil>}": {"Key":"from","Type":15,"Integer":0,"String":"a","Interface":null}}
2025-08-15T22:13:09.665-0500	DEBUG	protocol/handler.go:1591	have processed broadcast	{"{round 20 3  <nil>}": {"Key":"from","Type":15,"Integer":0,"String":"b","Interface":null}}
2025-08-15T22:13:09.665-0500	DEBUG	protocol/handler.go:1591	have processed broadcast	{"{round 20 3  <nil>}": {"Key":"from","Type":15,"Integer":0,"String":"b","Interface":null}}
2025-08-15T22:13:09.665-0500	DEBUG	protocol/handler.go:1649	have all messages and processed	{"{round 20 3  <nil>}": {"Key":"self","Type":15,"Integer":0,"String":"c","Interface":null}}
2025-08-15T22:13:09.665-0500	DEBUG	protocol/handler.go:596	round already finalized
2025-08-15T22:13:09.665-0500	DEBUG	protocol/handler.go:1591	have processed broadcast	{"{round 20 3  <nil>}": {"Key":"from","Type":15,"Integer":0,"String":"c","Interface":null}}
2025-08-15T22:13:09.665-0500	DEBUG	protocol/handler.go:1649	have all messages and processed	{"{round 20 3  <nil>}": {"Key":"self","Type":15,"Integer":0,"String":"a","Interface":null}}
2025-08-15T22:13:09.665-0500	DEBUG	protocol/handler.go:596	round already finalized
2025-08-15T22:13:09.719-0500	DEBUG	protocol/handler.go:581	tryAdvanceRound called	{"{current_round 20 3  <nil>}": {"Key":"self","Type":15,"Integer":0,"String":"c","Interface":null}}
2025-08-15T22:13:09.723-0500	DEBUG	protocol/handler.go:1591	have processed broadcast	{"{round 20 3  <nil>}": {"Key":"from","Type":15,"Integer":0,"String":"a","Interface":null}}
2025-08-15T22:13:09.723-0500	DEBUG	protocol/handler.go:1591	have processed broadcast	{"{round 20 3  <nil>}": {"Key":"from","Type":15,"Integer":0,"String":"b","Interface":null}}
2025-08-15T22:13:09.723-0500	DEBUG	protocol/handler.go:1649	have all messages and processed	{"{round 20 3  <nil>}": {"Key":"self","Type":15,"Integer":0,"String":"c","Interface":null}}
2025-08-15T22:13:09.723-0500	DEBUG	protocol/handler.go:596	round already finalized
2025-08-15T22:13:09.736-0500	DEBUG	protocol/handler.go:581	tryAdvanceRound called	{"{current_round 20 3  <nil>}": {"Key":"self","Type":15,"Integer":0,"String":"c","Interface":null}}
2025-08-15T22:13:09.737-0500	DEBUG	protocol/handler.go:1591	have processed broadcast	{"{round 20 3  <nil>}": {"Key":"from","Type":15,"Integer":0,"String":"a","Interface":null}}
2025-08-15T22:13:09.737-0500	DEBUG	protocol/handler.go:1591	have processed broadcast	{"{round 20 3  <nil>}": {"Key":"from","Type":15,"Integer":0,"String":"b","Interface":null}}
2025-08-15T22:13:09.737-0500	DEBUG	protocol/handler.go:1649	have all messages and processed	{"{round 20 3  <nil>}": {"Key":"self","Type":15,"Integer":0,"String":"c","Interface":null}}
2025-08-15T22:13:09.737-0500	DEBUG	protocol/handler.go:596	round already finalized
2025-08-15T22:13:09.738-0500	DEBUG	protocol/handler.go:581	tryAdvanceRound called	{"{current_round 20 3  <nil>}": {"Key":"self","Type":15,"Integer":0,"String":"c","Interface":null}}
2025-08-15T22:13:09.738-0500	DEBUG	protocol/handler.go:1591	have processed broadcast	{"{round 20 3  <nil>}": {"Key":"from","Type":15,"Integer":0,"String":"a","Interface":null}}
2025-08-15T22:13:09.739-0500	DEBUG	protocol/handler.go:1591	have processed broadcast	{"{round 20 3  <nil>}": {"Key":"from","Type":15,"Integer":0,"String":"b","Interface":null}}
2025-08-15T22:13:09.739-0500	DEBUG	protocol/handler.go:1649	have all messages and processed	{"{round 20 3  <nil>}": {"Key":"self","Type":15,"Integer":0,"String":"c","Interface":null}}
2025-08-15T22:13:09.739-0500	DEBUG	protocol/handler.go:596	round already finalized
2025-08-15T22:13:09.744-0500	DEBUG	protocol/handler.go:581	tryAdvanceRound called	{"{current_round 20 3  <nil>}": {"Key":"self","Type":15,"Integer":0,"String":"b","Interface":null}}
2025-08-15T22:13:09.744-0500	DEBUG	protocol/handler.go:1591	have processed broadcast	{"{round 20 3  <nil>}": {"Key":"from","Type":15,"Integer":0,"String":"a","Interface":null}}
2025-08-15T22:13:09.744-0500	DEBUG	protocol/handler.go:1591	have processed broadcast	{"{round 20 3  <nil>}": {"Key":"from","Type":15,"Integer":0,"String":"c","Interface":null}}
2025-08-15T22:13:09.744-0500	DEBUG	protocol/handler.go:1649	have all messages and processed	{"{round 20 3  <nil>}": {"Key":"self","Type":15,"Integer":0,"String":"b","Interface":null}}
2025-08-15T22:13:09.744-0500	DEBUG	protocol/handler.go:596	round already finalized
2025-08-15T22:13:09.744-0500	DEBUG	protocol/handler.go:581	tryAdvanceRound called	{"{current_round 20 3  <nil>}": {"Key":"self","Type":15,"Integer":0,"String":"b","Interface":null}}
2025-08-15T22:13:09.744-0500	DEBUG	protocol/handler.go:1591	have processed broadcast	{"{round 20 3  <nil>}": {"Key":"from","Type":15,"Integer":0,"String":"a","Interface":null}}
2025-08-15T22:13:09.744-0500	DEBUG	protocol/handler.go:1591	have processed broadcast	{"{round 20 3  <nil>}": {"Key":"from","Type":15,"Integer":0,"String":"c","Interface":null}}
2025-08-15T22:13:09.744-0500	DEBUG	protocol/handler.go:1649	have all messages and processed	{"{round 20 3  <nil>}": {"Key":"self","Type":15,"Integer":0,"String":"b","Interface":null}}
2025-08-15T22:13:09.744-0500	DEBUG	protocol/handler.go:596	round already finalized
2025-08-15T22:13:09.758-0500	DEBUG	protocol/handler.go:581	tryAdvanceRound called	{"{current_round 20 3  <nil>}": {"Key":"self","Type":15,"Integer":0,"String":"b","Interface":null}}
2025-08-15T22:13:09.758-0500	DEBUG	protocol/handler.go:1591	have processed broadcast	{"{round 20 3  <nil>}": {"Key":"from","Type":15,"Integer":0,"String":"a","Interface":null}}
2025-08-15T22:13:09.758-0500	DEBUG	protocol/handler.go:1591	have processed broadcast	{"{round 20 3  <nil>}": {"Key":"from","Type":15,"Integer":0,"String":"c","Interface":null}}
2025-08-15T22:13:09.758-0500	DEBUG	protocol/handler.go:1649	have all messages and processed	{"{round 20 3  <nil>}": {"Key":"self","Type":15,"Integer":0,"String":"b","Interface":null}}
2025-08-15T22:13:09.758-0500	DEBUG	protocol/handler.go:596	round already finalized
2025-08-15T22:13:09.758-0500	DEBUG	protocol/handler.go:581	tryAdvanceRound called	{"{current_round 20 3  <nil>}": {"Key":"self","Type":15,"Integer":0,"String":"c","Interface":null}}
2025-08-15T22:13:09.758-0500	DEBUG	protocol/handler.go:1591	have processed broadcast	{"{round 20 3  <nil>}": {"Key":"from","Type":15,"Integer":0,"String":"a","Interface":null}}
2025-08-15T22:13:09.758-0500	DEBUG	protocol/handler.go:1591	have processed broadcast	{"{round 20 3  <nil>}": {"Key":"from","Type":15,"Integer":0,"String":"b","Interface":null}}
2025-08-15T22:13:09.758-0500	DEBUG	protocol/handler.go:1649	have all messages and processed	{"{round 20 3  <nil>}": {"Key":"self","Type":15,"Integer":0,"String":"c","Interface":null}}
2025-08-15T22:13:09.758-0500	DEBUG	protocol/handler.go:596	round already finalized
2025-08-15T22:13:09.758-0500	DEBUG	protocol/handler.go:581	tryAdvanceRound called	{"{current_round 20 3  <nil>}": {"Key":"self","Type":15,"Integer":0,"String":"a","Interface":null}}
2025-08-15T22:13:09.759-0500	DEBUG	protocol/handler.go:1591	have processed broadcast	{"{round 20 3  <nil>}": {"Key":"from","Type":15,"Integer":0,"String":"b","Interface":null}}
2025-08-15T22:13:09.759-0500	DEBUG	protocol/handler.go:1591	have processed broadcast	{"{round 20 3  <nil>}": {"Key":"from","Type":15,"Integer":0,"String":"c","Interface":null}}
2025-08-15T22:13:09.759-0500	DEBUG	protocol/handler.go:1649	have all messages and processed	{"{round 20 3  <nil>}": {"Key":"self","Type":15,"Integer":0,"String":"a","Interface":null}}
2025-08-15T22:13:09.759-0500	DEBUG	protocol/handler.go:596	round already finalized
2025-08-15T22:13:09.760-0500	DEBUG	protocol/handler.go:581	tryAdvanceRound called	{"{current_round 20 3  <nil>}": {"Key":"self","Type":15,"Integer":0,"String":"a","Interface":null}}
2025-08-15T22:13:09.760-0500	DEBUG	protocol/handler.go:1591	have processed broadcast	{"{round 20 3  <nil>}": {"Key":"from","Type":15,"Integer":0,"String":"b","Interface":null}}
2025-08-15T22:13:09.760-0500	DEBUG	protocol/handler.go:1591	have processed broadcast	{"{round 20 3  <nil>}": {"Key":"from","Type":15,"Integer":0,"String":"c","Interface":null}}
2025-08-15T22:13:09.760-0500	DEBUG	protocol/handler.go:1649	have all messages and processed	{"{round 20 3  <nil>}": {"Key":"self","Type":15,"Integer":0,"String":"a","Interface":null}}
2025-08-15T22:13:09.760-0500	DEBUG	protocol/handler.go:596	round already finalized
2025-08-15T22:13:09.779-0500	DEBUG	protocol/handler.go:581	tryAdvanceRound called	{"{current_round 20 3  <nil>}": {"Key":"self","Type":15,"Integer":0,"String":"b","Interface":null}}
2025-08-15T22:13:09.779-0500	DEBUG	protocol/handler.go:1591	have processed broadcast	{"{round 20 3  <nil>}": {"Key":"from","Type":15,"Integer":0,"String":"a","Interface":null}}
2025-08-15T22:13:09.779-0500	DEBUG	protocol/handler.go:1591	have processed broadcast	{"{round 20 3  <nil>}": {"Key":"from","Type":15,"Integer":0,"String":"c","Interface":null}}
2025-08-15T22:13:09.779-0500	DEBUG	protocol/handler.go:1649	have all messages and processed	{"{round 20 3  <nil>}": {"Key":"self","Type":15,"Integer":0,"String":"b","Interface":null}}
2025-08-15T22:13:09.779-0500	DEBUG	protocol/handler.go:596	round already finalized
2025-08-15T22:13:09.779-0500	DEBUG	protocol/handler.go:581	tryAdvanceRound called	{"{current_round 20 3  <nil>}": {"Key":"self","Type":15,"Integer":0,"String":"c","Interface":null}}
2025-08-15T22:13:09.779-0500	DEBUG	protocol/handler.go:1591	have processed broadcast	{"{round 20 3  <nil>}": {"Key":"from","Type":15,"Integer":0,"String":"a","Interface":null}}
2025-08-15T22:13:09.779-0500	DEBUG	protocol/handler.go:1591	have processed broadcast	{"{round 20 3  <nil>}": {"Key":"from","Type":15,"Integer":0,"String":"b","Interface":null}}
2025-08-15T22:13:09.779-0500	DEBUG	protocol/handler.go:1649	have all messages and processed	{"{round 20 3  <nil>}": {"Key":"self","Type":15,"Integer":0,"String":"c","Interface":null}}
2025-08-15T22:13:09.779-0500	DEBUG	protocol/handler.go:596	round already finalized
2025-08-15T22:13:09.821-0500	DEBUG	protocol/handler.go:581	tryAdvanceRound called	{"{current_round 20 3  <nil>}": {"Key":"self","Type":15,"Integer":0,"String":"a","Interface":null}}
2025-08-15T22:13:09.854-0500	DEBUG	protocol/handler.go:581	tryAdvanceRound called	{"{current_round 20 3  <nil>}": {"Key":"self","Type":15,"Integer":0,"String":"b","Interface":null}}
2025-08-15T22:13:09.854-0500	DEBUG	protocol/handler.go:1591	have processed broadcast	{"{round 20 3  <nil>}": {"Key":"from","Type":15,"Integer":0,"String":"a","Interface":null}}
2025-08-15T22:13:09.865-0500	DEBUG	protocol/handler.go:1591	have processed broadcast	{"{round 20 3  <nil>}": {"Key":"from","Type":15,"Integer":0,"String":"c","Interface":null}}
2025-08-15T22:13:09.876-0500	DEBUG	protocol/handler.go:581	tryAdvanceRound called	{"{current_round 20 3  <nil>}": {"Key":"self","Type":15,"Integer":0,"String":"c","Interface":null}}
2025-08-15T22:13:09.899-0500	DEBUG	protocol/handler.go:1591	have processed broadcast	{"{round 20 3  <nil>}": {"Key":"from","Type":15,"Integer":0,"String":"b","Interface":null}}
2025-08-15T22:13:09.902-0500	DEBUG	protocol/handler.go:1591	have processed broadcast	{"{round 20 3  <nil>}": {"Key":"from","Type":15,"Integer":0,"String":"c","Interface":null}}
2025-08-15T22:13:09.903-0500	DEBUG	protocol/handler.go:1649	have all messages and processed	{"{round 20 3  <nil>}": {"Key":"self","Type":15,"Integer":0,"String":"a","Interface":null}}
2025-08-15T22:13:09.903-0500	DEBUG	protocol/handler.go:596	round already finalized
2025-08-15T22:13:09.903-0500	DEBUG	protocol/handler.go:581	tryAdvanceRound called	{"{current_round 20 3  <nil>}": {"Key":"self","Type":15,"Integer":0,"String":"a","Interface":null}}
2025-08-15T22:13:09.904-0500	DEBUG	protocol/handler.go:1591	have processed broadcast	{"{round 20 3  <nil>}": {"Key":"from","Type":15,"Integer":0,"String":"b","Interface":null}}
2025-08-15T22:13:09.904-0500	DEBUG	protocol/handler.go:1591	have processed broadcast	{"{round 20 3  <nil>}": {"Key":"from","Type":15,"Integer":0,"String":"c","Interface":null}}
2025-08-15T22:13:09.904-0500	DEBUG	protocol/handler.go:1649	have all messages and processed	{"{round 20 3  <nil>}": {"Key":"self","Type":15,"Integer":0,"String":"a","Interface":null}}
2025-08-15T22:13:09.905-0500	DEBUG	protocol/handler.go:596	round already finalized
2025-08-15T22:13:09.924-0500	DEBUG	protocol/handler.go:581	tryAdvanceRound called	{"{current_round 20 3  <nil>}": {"Key":"self","Type":15,"Integer":0,"String":"a","Interface":null}}
2025-08-15T22:13:09.924-0500	DEBUG	protocol/handler.go:1591	have processed broadcast	{"{round 20 3  <nil>}": {"Key":"from","Type":15,"Integer":0,"String":"b","Interface":null}}
2025-08-15T22:13:09.924-0500	DEBUG	protocol/handler.go:1591	have processed broadcast	{"{round 20 3  <nil>}": {"Key":"from","Type":15,"Integer":0,"String":"c","Interface":null}}
2025-08-15T22:13:09.924-0500	DEBUG	protocol/handler.go:1649	have all messages and processed	{"{round 20 3  <nil>}": {"Key":"self","Type":15,"Integer":0,"String":"a","Interface":null}}
2025-08-15T22:13:09.924-0500	DEBUG	protocol/handler.go:596	round already finalized
2025-08-15T22:13:09.929-0500	DEBUG	protocol/handler.go:1649	have all messages and processed	{"{round 20 3  <nil>}": {"Key":"self","Type":15,"Integer":0,"String":"b","Interface":null}}
2025-08-15T22:13:09.929-0500	DEBUG	protocol/handler.go:596	round already finalized
2025-08-15T22:13:09.929-0500	DEBUG	protocol/handler.go:581	tryAdvanceRound called	{"{current_round 20 3  <nil>}": {"Key":"self","Type":15,"Integer":0,"String":"b","Interface":null}}
2025-08-15T22:13:09.929-0500	DEBUG	protocol/handler.go:1591	have processed broadcast	{"{round 20 3  <nil>}": {"Key":"from","Type":15,"Integer":0,"String":"a","Interface":null}}
2025-08-15T22:13:09.929-0500	DEBUG	protocol/handler.go:1591	have processed broadcast	{"{round 20 3  <nil>}": {"Key":"from","Type":15,"Integer":0,"String":"c","Interface":null}}
2025-08-15T22:13:09.929-0500	DEBUG	protocol/handler.go:1649	have all messages and processed	{"{round 20 3  <nil>}": {"Key":"self","Type":15,"Integer":0,"String":"b","Interface":null}}
2025-08-15T22:13:09.930-0500	DEBUG	protocol/handler.go:596	round already finalized
2025-08-15T22:13:09.948-0500	DEBUG	protocol/handler.go:581	tryAdvanceRound called	{"{current_round 20 3  <nil>}": {"Key":"self","Type":15,"Integer":0,"String":"a","Interface":null}}
2025-08-15T22:13:09.948-0500	DEBUG	protocol/handler.go:1591	have processed broadcast	{"{round 20 3  <nil>}": {"Key":"from","Type":15,"Integer":0,"String":"b","Interface":null}}
2025-08-15T22:13:09.949-0500	DEBUG	protocol/handler.go:1591	have processed broadcast	{"{round 20 3  <nil>}": {"Key":"from","Type":15,"Integer":0,"String":"c","Interface":null}}
2025-08-15T22:13:09.949-0500	DEBUG	protocol/handler.go:1649	have all messages and processed	{"{round 20 3  <nil>}": {"Key":"self","Type":15,"Integer":0,"String":"a","Interface":null}}
2025-08-15T22:13:09.949-0500	DEBUG	protocol/handler.go:596	round already finalized
2025-08-15T22:13:09.952-0500	DEBUG	protocol/handler.go:581	tryAdvanceRound called	{"{current_round 20 3  <nil>}": {"Key":"self","Type":15,"Integer":0,"String":"b","Interface":null}}
2025-08-15T22:13:09.952-0500	DEBUG	protocol/handler.go:1591	have processed broadcast	{"{round 20 3  <nil>}": {"Key":"from","Type":15,"Integer":0,"String":"a","Interface":null}}
2025-08-15T22:13:09.952-0500	DEBUG	protocol/handler.go:1591	have processed broadcast	{"{round 20 3  <nil>}": {"Key":"from","Type":15,"Integer":0,"String":"c","Interface":null}}
2025-08-15T22:13:09.952-0500	DEBUG	protocol/handler.go:1649	have all messages and processed	{"{round 20 3  <nil>}": {"Key":"self","Type":15,"Integer":0,"String":"b","Interface":null}}
2025-08-15T22:13:09.952-0500	DEBUG	protocol/handler.go:596	round already finalized
2025-08-15T22:13:09.972-0500	DEBUG	protocol/handler.go:581	tryAdvanceRound called	{"{current_round 20 3  <nil>}": {"Key":"self","Type":15,"Integer":0,"String":"a","Interface":null}}
2025-08-15T22:13:09.972-0500	DEBUG	protocol/handler.go:1591	have processed broadcast	{"{round 20 3  <nil>}": {"Key":"from","Type":15,"Integer":0,"String":"b","Interface":null}}
2025-08-15T22:13:09.972-0500	DEBUG	protocol/handler.go:1591	have processed broadcast	{"{round 20 3  <nil>}": {"Key":"from","Type":15,"Integer":0,"String":"c","Interface":null}}
2025-08-15T22:13:09.974-0500	DEBUG	protocol/handler.go:1649	have all messages and processed	{"{round 20 3  <nil>}": {"Key":"self","Type":15,"Integer":0,"String":"a","Interface":null}}
2025-08-15T22:13:09.983-0500	DEBUG	protocol/handler.go:596	round already finalized
2025-08-15T22:13:09.983-0500	DEBUG	protocol/handler.go:581	tryAdvanceRound called	{"{current_round 20 3  <nil>}": {"Key":"self","Type":15,"Integer":0,"String":"a","Interface":null}}
2025-08-15T22:13:09.983-0500	DEBUG	protocol/handler.go:1591	have processed broadcast	{"{round 20 3  <nil>}": {"Key":"from","Type":15,"Integer":0,"String":"b","Interface":null}}
2025-08-15T22:13:09.983-0500	DEBUG	protocol/handler.go:1591	have processed broadcast	{"{round 20 3  <nil>}": {"Key":"from","Type":15,"Integer":0,"String":"c","Interface":null}}
2025-08-15T22:13:09.983-0500	DEBUG	protocol/handler.go:1649	have all messages and processed	{"{round 20 3  <nil>}": {"Key":"self","Type":15,"Integer":0,"String":"a","Interface":null}}
2025-08-15T22:13:09.983-0500	DEBUG	protocol/handler.go:596	round already finalized
2025-08-15T22:13:10.032-0500	DEBUG	protocol/handler.go:581	tryAdvanceRound called	{"{current_round 20 3  <nil>}": {"Key":"self","Type":15,"Integer":0,"String":"a","Interface":null}}
2025-08-15T22:13:10.049-0500	DEBUG	protocol/handler.go:581	tryAdvanceRound called	{"{current_round 20 3  <nil>}": {"Key":"self","Type":15,"Integer":0,"String":"b","Interface":null}}
2025-08-15T22:13:10.053-0500	DEBUG	protocol/handler.go:1591	have processed broadcast	{"{round 20 3  <nil>}": {"Key":"from","Type":15,"Integer":0,"String":"a","Interface":null}}
2025-08-15T22:13:10.053-0500	DEBUG	protocol/handler.go:1591	have processed broadcast	{"{round 20 3  <nil>}": {"Key":"from","Type":15,"Integer":0,"String":"c","Interface":null}}
2025-08-15T22:13:10.053-0500	DEBUG	protocol/handler.go:1649	have all messages and processed	{"{round 20 3  <nil>}": {"Key":"self","Type":15,"Integer":0,"String":"b","Interface":null}}
2025-08-15T22:13:10.053-0500	DEBUG	protocol/handler.go:596	round already finalized
2025-08-15T22:13:10.053-0500	DEBUG	protocol/handler.go:581	tryAdvanceRound called	{"{current_round 20 3  <nil>}": {"Key":"self","Type":15,"Integer":0,"String":"b","Interface":null}}
2025-08-15T22:13:10.053-0500	DEBUG	protocol/handler.go:1591	have processed broadcast	{"{round 20 3  <nil>}": {"Key":"from","Type":15,"Integer":0,"String":"a","Interface":null}}
2025-08-15T22:13:10.053-0500	DEBUG	protocol/handler.go:1591	have processed broadcast	{"{round 20 3  <nil>}": {"Key":"from","Type":15,"Integer":0,"String":"c","Interface":null}}
2025-08-15T22:13:10.067-0500	DEBUG	protocol/handler.go:1649	have all messages and processed	{"{round 20 3  <nil>}": {"Key":"self","Type":15,"Integer":0,"String":"b","Interface":null}}
2025-08-15T22:13:10.067-0500	DEBUG	protocol/handler.go:596	round already finalized
2025-08-15T22:13:10.067-0500	DEBUG	protocol/handler.go:581	tryAdvanceRound called	{"{current_round 20 3  <nil>}": {"Key":"self","Type":15,"Integer":0,"String":"b","Interface":null}}
2025-08-15T22:13:09.876-0500	DEBUG	protocol/handler.go:1591	have processed broadcast	{"{round 20 3  <nil>}": {"Key":"from","Type":15,"Integer":0,"String":"a","Interface":null}}
2025-08-15T22:13:10.072-0500	DEBUG	protocol/handler.go:1591	have processed broadcast	{"{round 20 3  <nil>}": {"Key":"from","Type":15,"Integer":0,"String":"b","Interface":null}}
2025-08-15T22:13:10.072-0500	DEBUG	protocol/handler.go:1649	have all messages and processed	{"{round 20 3  <nil>}": {"Key":"self","Type":15,"Integer":0,"String":"c","Interface":null}}
2025-08-15T22:13:10.072-0500	DEBUG	protocol/handler.go:596	round already finalized
2025-08-15T22:13:10.072-0500	DEBUG	protocol/handler.go:581	tryAdvanceRound called	{"{current_round 20 3  <nil>}": {"Key":"self","Type":15,"Integer":0,"String":"c","Interface":null}}
2025-08-15T22:13:10.072-0500	DEBUG	protocol/handler.go:1591	have processed broadcast	{"{round 20 3  <nil>}": {"Key":"from","Type":15,"Integer":0,"String":"a","Interface":null}}
2025-08-15T22:13:10.072-0500	DEBUG	protocol/handler.go:1591	have processed broadcast	{"{round 20 3  <nil>}": {"Key":"from","Type":15,"Integer":0,"String":"b","Interface":null}}
2025-08-15T22:13:10.075-0500	DEBUG	protocol/handler.go:1649	have all messages and processed	{"{round 20 3  <nil>}": {"Key":"self","Type":15,"Integer":0,"String":"c","Interface":null}}
2025-08-15T22:13:10.075-0500	DEBUG	protocol/handler.go:596	round already finalized
2025-08-15T22:13:10.096-0500	DEBUG	protocol/handler.go:581	tryAdvanceRound called	{"{current_round 20 3  <nil>}": {"Key":"self","Type":15,"Integer":0,"String":"c","Interface":null}}
2025-08-15T22:13:10.100-0500	DEBUG	protocol/handler.go:1591	have processed broadcast	{"{round 20 3  <nil>}": {"Key":"from","Type":15,"Integer":0,"String":"a","Interface":null}}
2025-08-15T22:13:10.100-0500	DEBUG	protocol/handler.go:1591	have processed broadcast	{"{round 20 3  <nil>}": {"Key":"from","Type":15,"Integer":0,"String":"b","Interface":null}}
2025-08-15T22:13:10.100-0500	DEBUG	protocol/handler.go:1649	have all messages and processed	{"{round 20 3  <nil>}": {"Key":"self","Type":15,"Integer":0,"String":"c","Interface":null}}
2025-08-15T22:13:10.100-0500	DEBUG	protocol/handler.go:596	round already finalized
2025-08-15T22:13:10.113-0500	DEBUG	protocol/handler.go:581	tryAdvanceRound called	{"{current_round 20 3  <nil>}": {"Key":"self","Type":15,"Integer":0,"String":"c","Interface":null}}
2025-08-15T22:13:10.114-0500	DEBUG	protocol/handler.go:1591	have processed broadcast	{"{round 20 3  <nil>}": {"Key":"from","Type":15,"Integer":0,"String":"a","Interface":null}}
2025-08-15T22:13:10.114-0500	DEBUG	protocol/handler.go:1591	have processed broadcast	{"{round 20 3  <nil>}": {"Key":"from","Type":15,"Integer":0,"String":"b","Interface":null}}
2025-08-15T22:13:10.114-0500	DEBUG	protocol/handler.go:1649	have all messages and processed	{"{round 20 3  <nil>}": {"Key":"self","Type":15,"Integer":0,"String":"c","Interface":null}}
2025-08-15T22:13:10.114-0500	DEBUG	protocol/handler.go:596	round already finalized
2025-08-15T22:13:10.032-0500	DEBUG	protocol/handler.go:1591	have processed broadcast	{"{round 20 3  <nil>}": {"Key":"from","Type":15,"Integer":0,"String":"b","Interface":null}}
2025-08-15T22:13:10.115-0500	DEBUG	protocol/handler.go:1591	have processed broadcast	{"{round 20 3  <nil>}": {"Key":"from","Type":15,"Integer":0,"String":"c","Interface":null}}
2025-08-15T22:13:10.116-0500	DEBUG	protocol/handler.go:1649	have all messages and processed	{"{round 20 3  <nil>}": {"Key":"self","Type":15,"Integer":0,"String":"a","Interface":null}}
2025-08-15T22:13:10.116-0500	DEBUG	protocol/handler.go:596	round already finalized
2025-08-15T22:13:10.116-0500	DEBUG	protocol/handler.go:581	tryAdvanceRound called	{"{current_round 20 3  <nil>}": {"Key":"self","Type":15,"Integer":0,"String":"a","Interface":null}}
2025-08-15T22:13:10.116-0500	DEBUG	protocol/handler.go:1591	have processed broadcast	{"{round 20 3  <nil>}": {"Key":"from","Type":15,"Integer":0,"String":"b","Interface":null}}
2025-08-15T22:13:10.116-0500	DEBUG	protocol/handler.go:1591	have processed broadcast	{"{round 20 3  <nil>}": {"Key":"from","Type":15,"Integer":0,"String":"c","Interface":null}}
2025-08-15T22:13:10.116-0500	DEBUG	protocol/handler.go:1649	have all messages and processed	{"{round 20 3  <nil>}": {"Key":"self","Type":15,"Integer":0,"String":"a","Interface":null}}
2025-08-15T22:13:10.116-0500	DEBUG	protocol/handler.go:596	round already finalized
2025-08-15T22:13:10.137-0500	DEBUG	protocol/handler.go:581	tryAdvanceRound called	{"{current_round 20 3  <nil>}": {"Key":"self","Type":15,"Integer":0,"String":"c","Interface":null}}
2025-08-15T22:13:10.137-0500	DEBUG	protocol/handler.go:581	tryAdvanceRound called	{"{current_round 20 3  <nil>}": {"Key":"self","Type":15,"Integer":0,"String":"a","Interface":null}}
2025-08-15T22:13:10.137-0500	DEBUG	protocol/handler.go:1591	have processed broadcast	{"{round 20 3  <nil>}": {"Key":"from","Type":15,"Integer":0,"String":"a","Interface":null}}
2025-08-15T22:13:10.137-0500	DEBUG	protocol/handler.go:1591	have processed broadcast	{"{round 20 3  <nil>}": {"Key":"from","Type":15,"Integer":0,"String":"b","Interface":null}}
2025-08-15T22:13:10.137-0500	DEBUG	protocol/handler.go:1591	have processed broadcast	{"{round 20 3  <nil>}": {"Key":"from","Type":15,"Integer":0,"String":"c","Interface":null}}
2025-08-15T22:13:10.137-0500	DEBUG	protocol/handler.go:1649	have all messages and processed	{"{round 20 3  <nil>}": {"Key":"self","Type":15,"Integer":0,"String":"a","Interface":null}}
2025-08-15T22:13:10.137-0500	DEBUG	protocol/handler.go:596	round already finalized
2025-08-15T22:13:10.137-0500	DEBUG	protocol/handler.go:1591	have processed broadcast	{"{round 20 3  <nil>}": {"Key":"from","Type":15,"Integer":0,"String":"b","Interface":null}}
2025-08-15T22:13:10.137-0500	DEBUG	protocol/handler.go:1649	have all messages and processed	{"{round 20 3  <nil>}": {"Key":"self","Type":15,"Integer":0,"String":"c","Interface":null}}
2025-08-15T22:13:10.137-0500	DEBUG	protocol/handler.go:596	round already finalized
2025-08-15T22:13:10.067-0500	DEBUG	protocol/handler.go:1591	have processed broadcast	{"{round 20 3  <nil>}": {"Key":"from","Type":15,"Integer":0,"String":"a","Interface":null}}
2025-08-15T22:13:10.143-0500	DEBUG	protocol/handler.go:1591	have processed broadcast	{"{round 20 3  <nil>}": {"Key":"from","Type":15,"Integer":0,"String":"c","Interface":null}}
2025-08-15T22:13:10.143-0500	DEBUG	protocol/handler.go:1649	have all messages and processed	{"{round 20 3  <nil>}": {"Key":"self","Type":15,"Integer":0,"String":"b","Interface":null}}
2025-08-15T22:13:10.143-0500	DEBUG	protocol/handler.go:596	round already finalized
2025-08-15T22:13:10.143-0500	DEBUG	protocol/handler.go:581	tryAdvanceRound called	{"{current_round 20 3  <nil>}": {"Key":"self","Type":15,"Integer":0,"String":"b","Interface":null}}
2025-08-15T22:13:10.143-0500	DEBUG	protocol/handler.go:1591	have processed broadcast	{"{round 20 3  <nil>}": {"Key":"from","Type":15,"Integer":0,"String":"a","Interface":null}}
2025-08-15T22:13:10.143-0500	DEBUG	protocol/handler.go:1591	have processed broadcast	{"{round 20 3  <nil>}": {"Key":"from","Type":15,"Integer":0,"String":"c","Interface":null}}
2025-08-15T22:13:10.143-0500	DEBUG	protocol/handler.go:1649	have all messages and processed	{"{round 20 3  <nil>}": {"Key":"self","Type":15,"Integer":0,"String":"b","Interface":null}}
2025-08-15T22:13:10.143-0500	DEBUG	protocol/handler.go:596	round already finalized
2025-08-15T22:13:10.160-0500	DEBUG	protocol/handler.go:581	tryAdvanceRound called	{"{current_round 20 3  <nil>}": {"Key":"self","Type":15,"Integer":0,"String":"a","Interface":null}}
2025-08-15T22:13:10.161-0500	DEBUG	protocol/handler.go:1591	have processed broadcast	{"{round 20 3  <nil>}": {"Key":"from","Type":15,"Integer":0,"String":"b","Interface":null}}
2025-08-15T22:13:10.161-0500	DEBUG	protocol/handler.go:1591	have processed broadcast	{"{round 20 3  <nil>}": {"Key":"from","Type":15,"Integer":0,"String":"c","Interface":null}}
2025-08-15T22:13:10.161-0500	DEBUG	protocol/handler.go:1649	have all messages and processed	{"{round 20 3  <nil>}": {"Key":"self","Type":15,"Integer":0,"String":"a","Interface":null}}
2025-08-15T22:13:10.161-0500	DEBUG	protocol/handler.go:596	round already finalized
2025-08-15T22:13:10.184-0500	DEBUG	protocol/handler.go:581	tryAdvanceRound called	{"{current_round 20 3  <nil>}": {"Key":"self","Type":15,"Integer":0,"String":"a","Interface":null}}
2025-08-15T22:13:10.184-0500	DEBUG	protocol/handler.go:581	tryAdvanceRound called	{"{current_round 20 3  <nil>}": {"Key":"self","Type":15,"Integer":0,"String":"c","Interface":null}}
2025-08-15T22:13:10.184-0500	DEBUG	protocol/handler.go:1591	have processed broadcast	{"{round 20 3  <nil>}": {"Key":"from","Type":15,"Integer":0,"String":"a","Interface":null}}
2025-08-15T22:13:10.184-0500	DEBUG	protocol/handler.go:1591	have processed broadcast	{"{round 20 3  <nil>}": {"Key":"from","Type":15,"Integer":0,"String":"b","Interface":null}}
2025-08-15T22:13:10.184-0500	DEBUG	protocol/handler.go:1649	have all messages and processed	{"{round 20 3  <nil>}": {"Key":"self","Type":15,"Integer":0,"String":"c","Interface":null}}
2025-08-15T22:13:10.184-0500	DEBUG	protocol/handler.go:596	round already finalized
2025-08-15T22:13:10.184-0500	DEBUG	protocol/handler.go:581	tryAdvanceRound called	{"{current_round 20 3  <nil>}": {"Key":"self","Type":15,"Integer":0,"String":"c","Interface":null}}
2025-08-15T22:13:10.184-0500	DEBUG	protocol/handler.go:1591	have processed broadcast	{"{round 20 3  <nil>}": {"Key":"from","Type":15,"Integer":0,"String":"a","Interface":null}}
2025-08-15T22:13:10.184-0500	DEBUG	protocol/handler.go:1591	have processed broadcast	{"{round 20 3  <nil>}": {"Key":"from","Type":15,"Integer":0,"String":"b","Interface":null}}
2025-08-15T22:13:10.184-0500	DEBUG	protocol/handler.go:1649	have all messages and processed	{"{round 20 3  <nil>}": {"Key":"self","Type":15,"Integer":0,"String":"c","Interface":null}}
2025-08-15T22:13:10.184-0500	DEBUG	protocol/handler.go:596	round already finalized
2025-08-15T22:13:10.184-0500	DEBUG	protocol/handler.go:1591	have processed broadcast	{"{round 20 3  <nil>}": {"Key":"from","Type":15,"Integer":0,"String":"b","Interface":null}}
2025-08-15T22:13:10.184-0500	DEBUG	protocol/handler.go:1591	have processed broadcast	{"{round 20 3  <nil>}": {"Key":"from","Type":15,"Integer":0,"String":"c","Interface":null}}
2025-08-15T22:13:10.184-0500	DEBUG	protocol/handler.go:1649	have all messages and processed	{"{round 20 3  <nil>}": {"Key":"self","Type":15,"Integer":0,"String":"a","Interface":null}}
2025-08-15T22:13:10.184-0500	DEBUG	protocol/handler.go:596	round already finalized
2025-08-15T22:13:10.185-0500	DEBUG	protocol/handler.go:581	tryAdvanceRound called	{"{current_round 20 3  <nil>}": {"Key":"self","Type":15,"Integer":0,"String":"b","Interface":null}}
2025-08-15T22:13:10.186-0500	DEBUG	protocol/handler.go:1591	have processed broadcast	{"{round 20 3  <nil>}": {"Key":"from","Type":15,"Integer":0,"String":"a","Interface":null}}
2025-08-15T22:13:10.186-0500	DEBUG	protocol/handler.go:1591	have processed broadcast	{"{round 20 3  <nil>}": {"Key":"from","Type":15,"Integer":0,"String":"c","Interface":null}}
2025-08-15T22:13:10.186-0500	DEBUG	protocol/handler.go:1649	have all messages and processed	{"{round 20 3  <nil>}": {"Key":"self","Type":15,"Integer":0,"String":"b","Interface":null}}
2025-08-15T22:13:10.186-0500	DEBUG	protocol/handler.go:596	round already finalized
2025-08-15T22:13:10.186-0500	DEBUG	protocol/handler.go:581	tryAdvanceRound called	{"{current_round 20 3  <nil>}": {"Key":"self","Type":15,"Integer":0,"String":"b","Interface":null}}
2025-08-15T22:13:10.186-0500	DEBUG	protocol/handler.go:1591	have processed broadcast	{"{round 20 3  <nil>}": {"Key":"from","Type":15,"Integer":0,"String":"a","Interface":null}}
2025-08-15T22:13:10.186-0500	DEBUG	protocol/handler.go:1591	have processed broadcast	{"{round 20 3  <nil>}": {"Key":"from","Type":15,"Integer":0,"String":"c","Interface":null}}
2025-08-15T22:13:10.186-0500	DEBUG	protocol/handler.go:1649	have all messages and processed	{"{round 20 3  <nil>}": {"Key":"self","Type":15,"Integer":0,"String":"b","Interface":null}}
2025-08-15T22:13:10.186-0500	DEBUG	protocol/handler.go:596	round already finalized
2025-08-15T22:13:10.204-0500	DEBUG	protocol/handler.go:581	tryAdvanceRound called	{"{current_round 20 3  <nil>}": {"Key":"self","Type":15,"Integer":0,"String":"a","Interface":null}}
2025-08-15T22:13:10.204-0500	DEBUG	protocol/handler.go:1591	have processed broadcast	{"{round 20 3  <nil>}": {"Key":"from","Type":15,"Integer":0,"String":"b","Interface":null}}
2025-08-15T22:13:10.204-0500	DEBUG	protocol/handler.go:1591	have processed broadcast	{"{round 20 3  <nil>}": {"Key":"from","Type":15,"Integer":0,"String":"c","Interface":null}}
2025-08-15T22:13:10.204-0500	DEBUG	protocol/handler.go:1649	have all messages and processed	{"{round 20 3  <nil>}": {"Key":"self","Type":15,"Integer":0,"String":"a","Interface":null}}
2025-08-15T22:13:10.204-0500	DEBUG	protocol/handler.go:596	round already finalized
2025-08-15T22:13:10.208-0500	DEBUG	protocol/handler.go:581	tryAdvanceRound called	{"{current_round 20 3  <nil>}": {"Key":"self","Type":15,"Integer":0,"String":"b","Interface":null}}
2025-08-15T22:13:10.208-0500	DEBUG	protocol/handler.go:1591	have processed broadcast	{"{round 20 3  <nil>}": {"Key":"from","Type":15,"Integer":0,"String":"a","Interface":null}}
2025-08-15T22:13:10.208-0500	DEBUG	protocol/handler.go:1591	have processed broadcast	{"{round 20 3  <nil>}": {"Key":"from","Type":15,"Integer":0,"String":"c","Interface":null}}
2025-08-15T22:13:10.208-0500	DEBUG	protocol/handler.go:1649	have all messages and processed	{"{round 20 3  <nil>}": {"Key":"self","Type":15,"Integer":0,"String":"b","Interface":null}}
2025-08-15T22:13:10.208-0500	DEBUG	protocol/handler.go:596	round already finalized
2025-08-15T22:13:10.235-0500	DEBUG	protocol/handler.go:581	tryAdvanceRound called	{"{current_round 20 3  <nil>}": {"Key":"self","Type":15,"Integer":0,"String":"b","Interface":null}}
2025-08-15T22:13:10.237-0500	DEBUG	protocol/handler.go:581	tryAdvanceRound called	{"{current_round 20 3  <nil>}": {"Key":"self","Type":15,"Integer":0,"String":"c","Interface":null}}
2025-08-15T22:13:10.238-0500	DEBUG	protocol/handler.go:1591	have processed broadcast	{"{round 20 3  <nil>}": {"Key":"from","Type":15,"Integer":0,"String":"a","Interface":null}}
2025-08-15T22:13:10.238-0500	DEBUG	protocol/handler.go:1591	have processed broadcast	{"{round 20 3  <nil>}": {"Key":"from","Type":15,"Integer":0,"String":"b","Interface":null}}
2025-08-15T22:13:10.238-0500	DEBUG	protocol/handler.go:1649	have all messages and processed	{"{round 20 3  <nil>}": {"Key":"self","Type":15,"Integer":0,"String":"c","Interface":null}}
2025-08-15T22:13:10.249-0500	DEBUG	protocol/handler.go:596	round already finalized
2025-08-15T22:13:10.331-0500	DEBUG	protocol/handler.go:581	tryAdvanceRound called	{"{current_round 20 3  <nil>}": {"Key":"self","Type":15,"Integer":0,"String":"c","Interface":null}}
2025-08-15T22:13:10.332-0500	DEBUG	protocol/handler.go:1591	have processed broadcast	{"{round 20 3  <nil>}": {"Key":"from","Type":15,"Integer":0,"String":"a","Interface":null}}
2025-08-15T22:13:10.331-0500	DEBUG	protocol/handler.go:581	tryAdvanceRound called	{"{current_round 20 3  <nil>}": {"Key":"self","Type":15,"Integer":0,"String":"a","Interface":null}}
2025-08-15T22:13:10.332-0500	DEBUG	protocol/handler.go:1591	have processed broadcast	{"{round 20 3  <nil>}": {"Key":"from","Type":15,"Integer":0,"String":"b","Interface":null}}
2025-08-15T22:13:10.332-0500	DEBUG	protocol/handler.go:1649	have all messages and processed	{"{round 20 3  <nil>}": {"Key":"self","Type":15,"Integer":0,"String":"c","Interface":null}}
2025-08-15T22:13:10.332-0500	DEBUG	protocol/handler.go:596	round already finalized
2025-08-15T22:13:10.332-0500	DEBUG	protocol/handler.go:1591	have processed broadcast	{"{round 20 3  <nil>}": {"Key":"from","Type":15,"Integer":0,"String":"b","Interface":null}}
2025-08-15T22:13:10.332-0500	DEBUG	protocol/handler.go:1591	have processed broadcast	{"{round 20 3  <nil>}": {"Key":"from","Type":15,"Integer":0,"String":"c","Interface":null}}
2025-08-15T22:13:10.332-0500	DEBUG	protocol/handler.go:1649	have all messages and processed	{"{round 20 3  <nil>}": {"Key":"self","Type":15,"Integer":0,"String":"a","Interface":null}}
2025-08-15T22:13:10.332-0500	DEBUG	protocol/handler.go:596	round already finalized
2025-08-15T22:13:10.332-0500	DEBUG	protocol/handler.go:581	tryAdvanceRound called	{"{current_round 20 3  <nil>}": {"Key":"self","Type":15,"Integer":0,"String":"a","Interface":null}}
2025-08-15T22:13:10.333-0500	DEBUG	protocol/handler.go:1591	have processed broadcast	{"{round 20 3  <nil>}": {"Key":"from","Type":15,"Integer":0,"String":"b","Interface":null}}
2025-08-15T22:13:10.333-0500	DEBUG	protocol/handler.go:1591	have processed broadcast	{"{round 20 3  <nil>}": {"Key":"from","Type":15,"Integer":0,"String":"c","Interface":null}}
2025-08-15T22:13:10.333-0500	DEBUG	protocol/handler.go:1649	have all messages and processed	{"{round 20 3  <nil>}": {"Key":"self","Type":15,"Integer":0,"String":"a","Interface":null}}
2025-08-15T22:13:10.333-0500	DEBUG	protocol/handler.go:596	round already finalized
2025-08-15T22:13:10.366-0500	DEBUG	protocol/handler.go:581	tryAdvanceRound called	{"{current_round 20 3  <nil>}": {"Key":"self","Type":15,"Integer":0,"String":"c","Interface":null}}
2025-08-15T22:13:10.366-0500	DEBUG	protocol/handler.go:1591	have processed broadcast	{"{round 20 3  <nil>}": {"Key":"from","Type":15,"Integer":0,"String":"a","Interface":null}}
2025-08-15T22:13:10.366-0500	DEBUG	protocol/handler.go:1591	have processed broadcast	{"{round 20 3  <nil>}": {"Key":"from","Type":15,"Integer":0,"String":"b","Interface":null}}
2025-08-15T22:13:10.366-0500	DEBUG	protocol/handler.go:1649	have all messages and processed	{"{round 20 3  <nil>}": {"Key":"self","Type":15,"Integer":0,"String":"c","Interface":null}}
2025-08-15T22:13:10.366-0500	DEBUG	protocol/handler.go:596	round already finalized
2025-08-15T22:13:10.378-0500	DEBUG	protocol/handler.go:581	tryAdvanceRound called	{"{current_round 20 3  <nil>}": {"Key":"self","Type":15,"Integer":0,"String":"a","Interface":null}}
2025-08-15T22:13:10.378-0500	DEBUG	protocol/handler.go:1591	have processed broadcast	{"{round 20 3  <nil>}": {"Key":"from","Type":15,"Integer":0,"String":"b","Interface":null}}
2025-08-15T22:13:10.378-0500	DEBUG	protocol/handler.go:1591	have processed broadcast	{"{round 20 3  <nil>}": {"Key":"from","Type":15,"Integer":0,"String":"c","Interface":null}}
2025-08-15T22:13:10.378-0500	DEBUG	protocol/handler.go:1649	have all messages and processed	{"{round 20 3  <nil>}": {"Key":"self","Type":15,"Integer":0,"String":"a","Interface":null}}
2025-08-15T22:13:10.378-0500	DEBUG	protocol/handler.go:596	round already finalized
2025-08-15T22:13:10.379-0500	DEBUG	protocol/handler.go:581	tryAdvanceRound called	{"{current_round 20 3  <nil>}": {"Key":"self","Type":15,"Integer":0,"String":"a","Interface":null}}
2025-08-15T22:13:10.379-0500	DEBUG	protocol/handler.go:1591	have processed broadcast	{"{round 20 3  <nil>}": {"Key":"from","Type":15,"Integer":0,"String":"b","Interface":null}}
2025-08-15T22:13:10.379-0500	DEBUG	protocol/handler.go:1591	have processed broadcast	{"{round 20 3  <nil>}": {"Key":"from","Type":15,"Integer":0,"String":"c","Interface":null}}
2025-08-15T22:13:10.379-0500	DEBUG	protocol/handler.go:1649	have all messages and processed	{"{round 20 3  <nil>}": {"Key":"self","Type":15,"Integer":0,"String":"a","Interface":null}}
2025-08-15T22:13:10.379-0500	DEBUG	protocol/handler.go:596	round already finalized
2025-08-15T22:13:10.388-0500	DEBUG	protocol/handler.go:581	tryAdvanceRound called	{"{current_round 20 3  <nil>}": {"Key":"self","Type":15,"Integer":0,"String":"c","Interface":null}}
2025-08-15T22:13:10.389-0500	DEBUG	protocol/handler.go:1591	have processed broadcast	{"{round 20 3  <nil>}": {"Key":"from","Type":15,"Integer":0,"String":"a","Interface":null}}
2025-08-15T22:13:10.389-0500	DEBUG	protocol/handler.go:1591	have processed broadcast	{"{round 20 3  <nil>}": {"Key":"from","Type":15,"Integer":0,"String":"b","Interface":null}}
2025-08-15T22:13:10.389-0500	DEBUG	protocol/handler.go:1649	have all messages and processed	{"{round 20 3  <nil>}": {"Key":"self","Type":15,"Integer":0,"String":"c","Interface":null}}
2025-08-15T22:13:10.389-0500	DEBUG	protocol/handler.go:596	round already finalized
2025-08-15T22:13:10.408-0500	DEBUG	protocol/handler.go:1591	have processed broadcast	{"{round 20 3  <nil>}": {"Key":"from","Type":15,"Integer":0,"String":"a","Interface":null}}
2025-08-15T22:13:10.409-0500	DEBUG	protocol/handler.go:1591	have processed broadcast	{"{round 20 3  <nil>}": {"Key":"from","Type":15,"Integer":0,"String":"c","Interface":null}}
2025-08-15T22:13:10.409-0500	DEBUG	protocol/handler.go:1649	have all messages and processed	{"{round 20 3  <nil>}": {"Key":"self","Type":15,"Integer":0,"String":"b","Interface":null}}
2025-08-15T22:13:10.409-0500	DEBUG	protocol/handler.go:596	round already finalized
2025-08-15T22:13:10.409-0500	DEBUG	protocol/handler.go:581	tryAdvanceRound called	{"{current_round 20 3  <nil>}": {"Key":"self","Type":15,"Integer":0,"String":"b","Interface":null}}
2025-08-15T22:13:10.409-0500	DEBUG	protocol/handler.go:1591	have processed broadcast	{"{round 20 3  <nil>}": {"Key":"from","Type":15,"Integer":0,"String":"a","Interface":null}}
2025-08-15T22:13:10.409-0500	DEBUG	protocol/handler.go:1591	have processed broadcast	{"{round 20 3  <nil>}": {"Key":"from","Type":15,"Integer":0,"String":"c","Interface":null}}
2025-08-15T22:13:10.409-0500	DEBUG	protocol/handler.go:1649	have all messages and processed	{"{round 20 3  <nil>}": {"Key":"self","Type":15,"Integer":0,"String":"b","Interface":null}}
2025-08-15T22:13:10.409-0500	DEBUG	protocol/handler.go:596	round already finalized
2025-08-15T22:13:10.413-0500	DEBUG	protocol/handler.go:581	tryAdvanceRound called	{"{current_round 20 3  <nil>}": {"Key":"self","Type":15,"Integer":0,"String":"c","Interface":null}}
2025-08-15T22:13:10.416-0500	DEBUG	protocol/handler.go:1591	have processed broadcast	{"{round 20 3  <nil>}": {"Key":"from","Type":15,"Integer":0,"String":"a","Interface":null}}
2025-08-15T22:13:10.416-0500	DEBUG	protocol/handler.go:1591	have processed broadcast	{"{round 20 3  <nil>}": {"Key":"from","Type":15,"Integer":0,"String":"b","Interface":null}}
2025-08-15T22:13:10.416-0500	DEBUG	protocol/handler.go:1649	have all messages and processed	{"{round 20 3  <nil>}": {"Key":"self","Type":15,"Integer":0,"String":"c","Interface":null}}
2025-08-15T22:13:10.416-0500	DEBUG	protocol/handler.go:596	round already finalized
2025-08-15T22:13:10.429-0500	DEBUG	protocol/handler.go:581	tryAdvanceRound called	{"{current_round 20 3  <nil>}": {"Key":"self","Type":15,"Integer":0,"String":"b","Interface":null}}
2025-08-15T22:13:10.429-0500	DEBUG	protocol/handler.go:1591	have processed broadcast	{"{round 20 3  <nil>}": {"Key":"from","Type":15,"Integer":0,"String":"a","Interface":null}}
2025-08-15T22:13:10.429-0500	DEBUG	protocol/handler.go:1591	have processed broadcast	{"{round 20 3  <nil>}": {"Key":"from","Type":15,"Integer":0,"String":"c","Interface":null}}
2025-08-15T22:13:10.437-0500	DEBUG	protocol/handler.go:581	tryAdvanceRound called	{"{current_round 20 3  <nil>}": {"Key":"self","Type":15,"Integer":0,"String":"c","Interface":null}}
2025-08-15T22:13:10.437-0500	DEBUG	protocol/handler.go:1591	have processed broadcast	{"{round 20 3  <nil>}": {"Key":"from","Type":15,"Integer":0,"String":"a","Interface":null}}
2025-08-15T22:13:10.437-0500	DEBUG	protocol/handler.go:1591	have processed broadcast	{"{round 20 3  <nil>}": {"Key":"from","Type":15,"Integer":0,"String":"b","Interface":null}}
2025-08-15T22:13:10.437-0500	DEBUG	protocol/handler.go:1649	have all messages and processed	{"{round 20 3  <nil>}": {"Key":"self","Type":15,"Integer":0,"String":"c","Interface":null}}
2025-08-15T22:13:10.437-0500	DEBUG	protocol/handler.go:596	round already finalized
2025-08-15T22:13:10.429-0500	DEBUG	protocol/handler.go:1649	have all messages and processed	{"{round 20 3  <nil>}": {"Key":"self","Type":15,"Integer":0,"String":"b","Interface":null}}
2025-08-15T22:13:10.442-0500	DEBUG	protocol/handler.go:596	round already finalized
2025-08-15T22:13:10.442-0500	DEBUG	protocol/handler.go:581	tryAdvanceRound called	{"{current_round 20 3  <nil>}": {"Key":"self","Type":15,"Integer":0,"String":"b","Interface":null}}
2025-08-15T22:13:10.442-0500	DEBUG	protocol/handler.go:1591	have processed broadcast	{"{round 20 3  <nil>}": {"Key":"from","Type":15,"Integer":0,"String":"a","Interface":null}}
2025-08-15T22:13:10.442-0500	DEBUG	protocol/handler.go:1591	have processed broadcast	{"{round 20 3  <nil>}": {"Key":"from","Type":15,"Integer":0,"String":"c","Interface":null}}
2025-08-15T22:13:10.444-0500	DEBUG	protocol/handler.go:1649	have all messages and processed	{"{round 20 3  <nil>}": {"Key":"self","Type":15,"Integer":0,"String":"b","Interface":null}}
2025-08-15T22:13:10.444-0500	DEBUG	protocol/handler.go:596	round already finalized
2025-08-15T22:13:10.423-0500	DEBUG	protocol/handler.go:581	tryAdvanceRound called	{"{current_round 20 3  <nil>}": {"Key":"self","Type":15,"Integer":0,"String":"a","Interface":null}}
2025-08-15T22:13:10.461-0500	DEBUG	protocol/handler.go:581	tryAdvanceRound called	{"{current_round 20 3  <nil>}": {"Key":"self","Type":15,"Integer":0,"String":"b","Interface":null}}
2025-08-15T22:13:10.461-0500	DEBUG	protocol/handler.go:1591	have processed broadcast	{"{round 20 3  <nil>}": {"Key":"from","Type":15,"Integer":0,"String":"a","Interface":null}}
2025-08-15T22:13:10.461-0500	DEBUG	protocol/handler.go:1591	have processed broadcast	{"{round 20 3  <nil>}": {"Key":"from","Type":15,"Integer":0,"String":"c","Interface":null}}
2025-08-15T22:13:10.461-0500	DEBUG	protocol/handler.go:1649	have all messages and processed	{"{round 20 3  <nil>}": {"Key":"self","Type":15,"Integer":0,"String":"b","Interface":null}}
2025-08-15T22:13:10.461-0500	DEBUG	protocol/handler.go:596	round already finalized
2025-08-15T22:13:10.464-0500	DEBUG	protocol/handler.go:1591	have processed broadcast	{"{round 20 3  <nil>}": {"Key":"from","Type":15,"Integer":0,"String":"b","Interface":null}}
2025-08-15T22:13:10.465-0500	DEBUG	protocol/handler.go:581	tryAdvanceRound called	{"{current_round 20 3  <nil>}": {"Key":"self","Type":15,"Integer":0,"String":"c","Interface":null}}
2025-08-15T22:13:10.464-0500	DEBUG	protocol/handler.go:1591	have processed broadcast	{"{round 20 3  <nil>}": {"Key":"from","Type":15,"Integer":0,"String":"c","Interface":null}}
2025-08-15T22:13:10.465-0500	DEBUG	protocol/handler.go:1649	have all messages and processed	{"{round 20 3  <nil>}": {"Key":"self","Type":15,"Integer":0,"String":"a","Interface":null}}
2025-08-15T22:13:10.466-0500	DEBUG	protocol/handler.go:596	round already finalized
2025-08-15T22:13:10.467-0500	DEBUG	protocol/handler.go:581	tryAdvanceRound called	{"{current_round 20 3  <nil>}": {"Key":"self","Type":15,"Integer":0,"String":"a","Interface":null}}
2025-08-15T22:13:10.468-0500	DEBUG	protocol/handler.go:1591	have processed broadcast	{"{round 20 3  <nil>}": {"Key":"from","Type":15,"Integer":0,"String":"b","Interface":null}}
2025-08-15T22:13:10.468-0500	DEBUG	protocol/handler.go:1591	have processed broadcast	{"{round 20 3  <nil>}": {"Key":"from","Type":15,"Integer":0,"String":"c","Interface":null}}
2025-08-15T22:13:10.468-0500	DEBUG	protocol/handler.go:1649	have all messages and processed	{"{round 20 3  <nil>}": {"Key":"self","Type":15,"Integer":0,"String":"a","Interface":null}}
2025-08-15T22:13:10.468-0500	DEBUG	protocol/handler.go:596	round already finalized
2025-08-15T22:13:10.465-0500	DEBUG	protocol/handler.go:1591	have processed broadcast	{"{round 20 3  <nil>}": {"Key":"from","Type":15,"Integer":0,"String":"a","Interface":null}}
2025-08-15T22:13:10.485-0500	DEBUG	protocol/handler.go:1591	have processed broadcast	{"{round 20 3  <nil>}": {"Key":"from","Type":15,"Integer":0,"String":"b","Interface":null}}
2025-08-15T22:13:10.485-0500	DEBUG	protocol/handler.go:1649	have all messages and processed	{"{round 20 3  <nil>}": {"Key":"self","Type":15,"Integer":0,"String":"c","Interface":null}}
2025-08-15T22:13:10.485-0500	DEBUG	protocol/handler.go:596	round already finalized
2025-08-15T22:13:10.485-0500	DEBUG	protocol/handler.go:581	tryAdvanceRound called	{"{current_round 20 3  <nil>}": {"Key":"self","Type":15,"Integer":0,"String":"c","Interface":null}}
2025-08-15T22:13:10.485-0500	DEBUG	protocol/handler.go:1591	have processed broadcast	{"{round 20 3  <nil>}": {"Key":"from","Type":15,"Integer":0,"String":"a","Interface":null}}
2025-08-15T22:13:10.485-0500	DEBUG	protocol/handler.go:1591	have processed broadcast	{"{round 20 3  <nil>}": {"Key":"from","Type":15,"Integer":0,"String":"b","Interface":null}}
2025-08-15T22:13:10.485-0500	DEBUG	protocol/handler.go:1649	have all messages and processed	{"{round 20 3  <nil>}": {"Key":"self","Type":15,"Integer":0,"String":"c","Interface":null}}
2025-08-15T22:13:10.485-0500	DEBUG	protocol/handler.go:596	round already finalized
2025-08-15T22:13:10.485-0500	DEBUG	protocol/handler.go:581	tryAdvanceRound called	{"{current_round 20 3  <nil>}": {"Key":"self","Type":15,"Integer":0,"String":"a","Interface":null}}
2025-08-15T22:13:10.485-0500	DEBUG	protocol/handler.go:1591	have processed broadcast	{"{round 20 3  <nil>}": {"Key":"from","Type":15,"Integer":0,"String":"b","Interface":null}}
2025-08-15T22:13:10.485-0500	DEBUG	protocol/handler.go:1591	have processed broadcast	{"{round 20 3  <nil>}": {"Key":"from","Type":15,"Integer":0,"String":"c","Interface":null}}
2025-08-15T22:13:10.485-0500	DEBUG	protocol/handler.go:1649	have all messages and processed	{"{round 20 3  <nil>}": {"Key":"self","Type":15,"Integer":0,"String":"a","Interface":null}}
2025-08-15T22:13:10.485-0500	DEBUG	protocol/handler.go:596	round already finalized
2025-08-15T22:13:10.497-0500	DEBUG	protocol/handler.go:581	tryAdvanceRound called	{"{current_round 20 3  <nil>}": {"Key":"self","Type":15,"Integer":0,"String":"b","Interface":null}}
2025-08-15T22:13:10.498-0500	DEBUG	protocol/handler.go:1591	have processed broadcast	{"{round 20 3  <nil>}": {"Key":"from","Type":15,"Integer":0,"String":"a","Interface":null}}
2025-08-15T22:13:10.498-0500	DEBUG	protocol/handler.go:1591	have processed broadcast	{"{round 20 3  <nil>}": {"Key":"from","Type":15,"Integer":0,"String":"c","Interface":null}}
2025-08-15T22:13:10.498-0500	DEBUG	protocol/handler.go:1649	have all messages and processed	{"{round 20 3  <nil>}": {"Key":"self","Type":15,"Integer":0,"String":"b","Interface":null}}
2025-08-15T22:13:10.498-0500	DEBUG	protocol/handler.go:596	round already finalized
2025-08-15T22:13:10.506-0500	DEBUG	protocol/handler.go:581	tryAdvanceRound called	{"{current_round 20 3  <nil>}": {"Key":"self","Type":15,"Integer":0,"String":"a","Interface":null}}
2025-08-15T22:13:10.506-0500	DEBUG	protocol/handler.go:1591	have processed broadcast	{"{round 20 3  <nil>}": {"Key":"from","Type":15,"Integer":0,"String":"b","Interface":null}}
2025-08-15T22:13:10.506-0500	DEBUG	protocol/handler.go:1591	have processed broadcast	{"{round 20 3  <nil>}": {"Key":"from","Type":15,"Integer":0,"String":"c","Interface":null}}
2025-08-15T22:13:10.506-0500	DEBUG	protocol/handler.go:1649	have all messages and processed	{"{round 20 3  <nil>}": {"Key":"self","Type":15,"Integer":0,"String":"a","Interface":null}}
2025-08-15T22:13:10.506-0500	DEBUG	protocol/handler.go:596	round already finalized
2025-08-15T22:13:10.518-0500	DEBUG	protocol/handler.go:581	tryAdvanceRound called	{"{current_round 20 3  <nil>}": {"Key":"self","Type":15,"Integer":0,"String":"b","Interface":null}}
2025-08-15T22:13:10.518-0500	DEBUG	protocol/handler.go:1591	have processed broadcast	{"{round 20 3  <nil>}": {"Key":"from","Type":15,"Integer":0,"String":"a","Interface":null}}
2025-08-15T22:13:10.518-0500	DEBUG	protocol/handler.go:1591	have processed broadcast	{"{round 20 3  <nil>}": {"Key":"from","Type":15,"Integer":0,"String":"c","Interface":null}}
2025-08-15T22:13:10.518-0500	DEBUG	protocol/handler.go:1649	have all messages and processed	{"{round 20 3  <nil>}": {"Key":"self","Type":15,"Integer":0,"String":"b","Interface":null}}
2025-08-15T22:13:10.518-0500	DEBUG	protocol/handler.go:596	round already finalized
2025-08-15T22:13:10.539-0500	DEBUG	protocol/handler.go:581	tryAdvanceRound called	{"{current_round 20 3  <nil>}": {"Key":"self","Type":15,"Integer":0,"String":"b","Interface":null}}
2025-08-15T22:13:10.539-0500	DEBUG	protocol/handler.go:1591	have processed broadcast	{"{round 20 3  <nil>}": {"Key":"from","Type":15,"Integer":0,"String":"a","Interface":null}}
2025-08-15T22:13:10.539-0500	DEBUG	protocol/handler.go:1591	have processed broadcast	{"{round 20 3  <nil>}": {"Key":"from","Type":15,"Integer":0,"String":"c","Interface":null}}
2025-08-15T22:13:10.539-0500	DEBUG	protocol/handler.go:1649	have all messages and processed	{"{round 20 3  <nil>}": {"Key":"self","Type":15,"Integer":0,"String":"b","Interface":null}}
2025-08-15T22:13:10.539-0500	DEBUG	protocol/handler.go:596	round already finalized
2025-08-15T22:13:10.541-0500	DEBUG	protocol/handler.go:581	tryAdvanceRound called	{"{current_round 20 3  <nil>}": {"Key":"self","Type":15,"Integer":0,"String":"c","Interface":null}}
2025-08-15T22:13:10.542-0500	DEBUG	protocol/handler.go:1591	have processed broadcast	{"{round 20 3  <nil>}": {"Key":"from","Type":15,"Integer":0,"String":"a","Interface":null}}
2025-08-15T22:13:10.542-0500	DEBUG	protocol/handler.go:1591	have processed broadcast	{"{round 20 3  <nil>}": {"Key":"from","Type":15,"Integer":0,"String":"b","Interface":null}}
2025-08-15T22:13:10.542-0500	DEBUG	protocol/handler.go:1649	have all messages and processed	{"{round 20 3  <nil>}": {"Key":"self","Type":15,"Integer":0,"String":"c","Interface":null}}
2025-08-15T22:13:10.543-0500	DEBUG	protocol/handler.go:596	round already finalized
2025-08-15T22:13:10.543-0500	DEBUG	protocol/handler.go:581	tryAdvanceRound called	{"{current_round 20 3  <nil>}": {"Key":"self","Type":15,"Integer":0,"String":"c","Interface":null}}
2025-08-15T22:13:10.543-0500	DEBUG	protocol/handler.go:1591	have processed broadcast	{"{round 20 3  <nil>}": {"Key":"from","Type":15,"Integer":0,"String":"a","Interface":null}}
2025-08-15T22:13:10.543-0500	DEBUG	protocol/handler.go:1591	have processed broadcast	{"{round 20 3  <nil>}": {"Key":"from","Type":15,"Integer":0,"String":"b","Interface":null}}
2025-08-15T22:13:10.543-0500	DEBUG	protocol/handler.go:1649	have all messages and processed	{"{round 20 3  <nil>}": {"Key":"self","Type":15,"Integer":0,"String":"c","Interface":null}}
2025-08-15T22:13:10.543-0500	DEBUG	protocol/handler.go:596	round already finalized
2025-08-15T22:13:10.543-0500	DEBUG	protocol/handler.go:581	tryAdvanceRound called	{"{current_round 20 3  <nil>}": {"Key":"self","Type":15,"Integer":0,"String":"a","Interface":null}}
2025-08-15T22:13:10.543-0500	DEBUG	protocol/handler.go:1591	have processed broadcast	{"{round 20 3  <nil>}": {"Key":"from","Type":15,"Integer":0,"String":"b","Interface":null}}
2025-08-15T22:13:10.543-0500	DEBUG	protocol/handler.go:1591	have processed broadcast	{"{round 20 3  <nil>}": {"Key":"from","Type":15,"Integer":0,"String":"c","Interface":null}}
2025-08-15T22:13:10.543-0500	DEBUG	protocol/handler.go:1649	have all messages and processed	{"{round 20 3  <nil>}": {"Key":"self","Type":15,"Integer":0,"String":"a","Interface":null}}
2025-08-15T22:13:10.543-0500	DEBUG	protocol/handler.go:596	round already finalized
2025-08-15T22:13:10.571-0500	DEBUG	protocol/handler.go:581	tryAdvanceRound called	{"{current_round 20 3  <nil>}": {"Key":"self","Type":15,"Integer":0,"String":"c","Interface":null}}
2025-08-15T22:13:10.594-0500	DEBUG	protocol/handler.go:581	tryAdvanceRound called	{"{current_round 20 3  <nil>}": {"Key":"self","Type":15,"Integer":0,"String":"b","Interface":null}}
2025-08-15T22:13:10.595-0500	DEBUG	protocol/handler.go:1591	have processed broadcast	{"{round 20 3  <nil>}": {"Key":"from","Type":15,"Integer":0,"String":"a","Interface":null}}
2025-08-15T22:13:10.595-0500	DEBUG	protocol/handler.go:1591	have processed broadcast	{"{round 20 3  <nil>}": {"Key":"from","Type":15,"Integer":0,"String":"c","Interface":null}}
2025-08-15T22:13:10.595-0500	DEBUG	protocol/handler.go:1649	have all messages and processed	{"{round 20 3  <nil>}": {"Key":"self","Type":15,"Integer":0,"String":"b","Interface":null}}
2025-08-15T22:13:10.604-0500	DEBUG	protocol/handler.go:596	round already finalized
2025-08-15T22:13:10.604-0500	DEBUG	protocol/handler.go:581	tryAdvanceRound called	{"{current_round 20 3  <nil>}": {"Key":"self","Type":15,"Integer":0,"String":"b","Interface":null}}
2025-08-15T22:13:10.604-0500	DEBUG	protocol/handler.go:1591	have processed broadcast	{"{round 20 3  <nil>}": {"Key":"from","Type":15,"Integer":0,"String":"a","Interface":null}}
2025-08-15T22:13:10.604-0500	DEBUG	protocol/handler.go:1591	have processed broadcast	{"{round 20 3  <nil>}": {"Key":"from","Type":15,"Integer":0,"String":"c","Interface":null}}
2025-08-15T22:13:10.604-0500	DEBUG	protocol/handler.go:1649	have all messages and processed	{"{round 20 3  <nil>}": {"Key":"self","Type":15,"Integer":0,"String":"b","Interface":null}}
2025-08-15T22:13:10.604-0500	DEBUG	protocol/handler.go:596	round already finalized
2025-08-15T22:13:10.604-0500	DEBUG	protocol/handler.go:581	tryAdvanceRound called	{"{current_round 20 3  <nil>}": {"Key":"self","Type":15,"Integer":0,"String":"b","Interface":null}}
2025-08-15T22:13:10.604-0500	DEBUG	protocol/handler.go:1591	have processed broadcast	{"{round 20 3  <nil>}": {"Key":"from","Type":15,"Integer":0,"String":"a","Interface":null}}
2025-08-15T22:13:10.609-0500	DEBUG	protocol/handler.go:581	tryAdvanceRound called	{"{current_round 20 3  <nil>}": {"Key":"self","Type":15,"Integer":0,"String":"a","Interface":null}}
2025-08-15T22:13:10.630-0500	DEBUG	protocol/handler.go:1591	have processed broadcast	{"{round 20 3  <nil>}": {"Key":"from","Type":15,"Integer":0,"String":"b","Interface":null}}
2025-08-15T22:13:10.630-0500	DEBUG	protocol/handler.go:1591	have processed broadcast	{"{round 20 3  <nil>}": {"Key":"from","Type":15,"Integer":0,"String":"c","Interface":null}}
2025-08-15T22:13:10.630-0500	DEBUG	protocol/handler.go:1649	have all messages and processed	{"{round 20 3  <nil>}": {"Key":"self","Type":15,"Integer":0,"String":"a","Interface":null}}
2025-08-15T22:13:10.630-0500	DEBUG	protocol/handler.go:596	round already finalized
2025-08-15T22:13:10.630-0500	DEBUG	protocol/handler.go:581	tryAdvanceRound called	{"{current_round 20 3  <nil>}": {"Key":"self","Type":15,"Integer":0,"String":"a","Interface":null}}
2025-08-15T22:13:10.630-0500	DEBUG	protocol/handler.go:1591	have processed broadcast	{"{round 20 3  <nil>}": {"Key":"from","Type":15,"Integer":0,"String":"b","Interface":null}}
2025-08-15T22:13:10.630-0500	DEBUG	protocol/handler.go:1591	have processed broadcast	{"{round 20 3  <nil>}": {"Key":"from","Type":15,"Integer":0,"String":"c","Interface":null}}
2025-08-15T22:13:10.630-0500	DEBUG	protocol/handler.go:1649	have all messages and processed	{"{round 20 3  <nil>}": {"Key":"self","Type":15,"Integer":0,"String":"a","Interface":null}}
2025-08-15T22:13:10.630-0500	DEBUG	protocol/handler.go:596	round already finalized
2025-08-15T22:13:10.630-0500	DEBUG	protocol/handler.go:581	tryAdvanceRound called	{"{current_round 20 3  <nil>}": {"Key":"self","Type":15,"Integer":0,"String":"a","Interface":null}}
2025-08-15T22:13:10.630-0500	DEBUG	protocol/handler.go:1591	have processed broadcast	{"{round 20 3  <nil>}": {"Key":"from","Type":15,"Integer":0,"String":"b","Interface":null}}
2025-08-15T22:13:10.630-0500	DEBUG	protocol/handler.go:1591	have processed broadcast	{"{round 20 3  <nil>}": {"Key":"from","Type":15,"Integer":0,"String":"c","Interface":null}}
2025-08-15T22:13:10.630-0500	DEBUG	protocol/handler.go:1649	have all messages and processed	{"{round 20 3  <nil>}": {"Key":"self","Type":15,"Integer":0,"String":"a","Interface":null}}
2025-08-15T22:13:10.630-0500	DEBUG	protocol/handler.go:596	round already finalized
2025-08-15T22:13:10.588-0500	DEBUG	protocol/handler.go:1591	have processed broadcast	{"{round 20 3  <nil>}": {"Key":"from","Type":15,"Integer":0,"String":"a","Interface":null}}
2025-08-15T22:13:10.632-0500	DEBUG	protocol/handler.go:1591	have processed broadcast	{"{round 20 3  <nil>}": {"Key":"from","Type":15,"Integer":0,"String":"b","Interface":null}}
2025-08-15T22:13:10.632-0500	DEBUG	protocol/handler.go:1649	have all messages and processed	{"{round 20 3  <nil>}": {"Key":"self","Type":15,"Integer":0,"String":"c","Interface":null}}
2025-08-15T22:13:10.645-0500	DEBUG	protocol/handler.go:581	tryAdvanceRound called	{"{current_round 20 3  <nil>}": {"Key":"self","Type":15,"Integer":0,"String":"a","Interface":null}}
2025-08-15T22:13:10.645-0500	DEBUG	protocol/handler.go:1591	have processed broadcast	{"{round 20 3  <nil>}": {"Key":"from","Type":15,"Integer":0,"String":"b","Interface":null}}
2025-08-15T22:13:10.645-0500	DEBUG	protocol/handler.go:1591	have processed broadcast	{"{round 20 3  <nil>}": {"Key":"from","Type":15,"Integer":0,"String":"c","Interface":null}}
2025-08-15T22:13:10.645-0500	DEBUG	protocol/handler.go:1649	have all messages and processed	{"{round 20 3  <nil>}": {"Key":"self","Type":15,"Integer":0,"String":"a","Interface":null}}
2025-08-15T22:13:10.645-0500	DEBUG	protocol/handler.go:596	round already finalized
2025-08-15T22:13:10.604-0500	DEBUG	protocol/handler.go:1591	have processed broadcast	{"{round 20 3  <nil>}": {"Key":"from","Type":15,"Integer":0,"String":"c","Interface":null}}
2025-08-15T22:13:10.663-0500	DEBUG	protocol/handler.go:1649	have all messages and processed	{"{round 20 3  <nil>}": {"Key":"self","Type":15,"Integer":0,"String":"b","Interface":null}}
2025-08-15T22:13:10.663-0500	DEBUG	protocol/handler.go:596	round already finalized
2025-08-15T22:13:10.667-0500	DEBUG	protocol/handler.go:581	tryAdvanceRound called	{"{current_round 20 3  <nil>}": {"Key":"self","Type":15,"Integer":0,"String":"a","Interface":null}}
2025-08-15T22:13:10.667-0500	DEBUG	protocol/handler.go:1591	have processed broadcast	{"{round 20 3  <nil>}": {"Key":"from","Type":15,"Integer":0,"String":"b","Interface":null}}
2025-08-15T22:13:10.667-0500	DEBUG	protocol/handler.go:1591	have processed broadcast	{"{round 20 3  <nil>}": {"Key":"from","Type":15,"Integer":0,"String":"c","Interface":null}}
2025-08-15T22:13:10.667-0500	DEBUG	protocol/handler.go:1649	have all messages and processed	{"{round 20 3  <nil>}": {"Key":"self","Type":15,"Integer":0,"String":"a","Interface":null}}
2025-08-15T22:13:10.667-0500	DEBUG	protocol/handler.go:596	round already finalized
2025-08-15T22:13:10.672-0500	DEBUG	protocol/handler.go:581	tryAdvanceRound called	{"{current_round 20 3  <nil>}": {"Key":"self","Type":15,"Integer":0,"String":"b","Interface":null}}
2025-08-15T22:13:10.672-0500	DEBUG	protocol/handler.go:1591	have processed broadcast	{"{round 20 3  <nil>}": {"Key":"from","Type":15,"Integer":0,"String":"a","Interface":null}}
2025-08-15T22:13:10.672-0500	DEBUG	protocol/handler.go:1591	have processed broadcast	{"{round 20 3  <nil>}": {"Key":"from","Type":15,"Integer":0,"String":"c","Interface":null}}
2025-08-15T22:13:10.672-0500	DEBUG	protocol/handler.go:1649	have all messages and processed	{"{round 20 3  <nil>}": {"Key":"self","Type":15,"Integer":0,"String":"b","Interface":null}}
2025-08-15T22:13:10.672-0500	DEBUG	protocol/handler.go:596	round already finalized
2025-08-15T22:13:10.672-0500	DEBUG	protocol/handler.go:581	tryAdvanceRound called	{"{current_round 20 3  <nil>}": {"Key":"self","Type":15,"Integer":0,"String":"b","Interface":null}}
2025-08-15T22:13:10.672-0500	DEBUG	protocol/handler.go:1591	have processed broadcast	{"{round 20 3  <nil>}": {"Key":"from","Type":15,"Integer":0,"String":"a","Interface":null}}
2025-08-15T22:13:10.672-0500	DEBUG	protocol/handler.go:1591	have processed broadcast	{"{round 20 3  <nil>}": {"Key":"from","Type":15,"Integer":0,"String":"c","Interface":null}}
2025-08-15T22:13:10.672-0500	DEBUG	protocol/handler.go:1649	have all messages and processed	{"{round 20 3  <nil>}": {"Key":"self","Type":15,"Integer":0,"String":"b","Interface":null}}
2025-08-15T22:13:10.672-0500	DEBUG	protocol/handler.go:596	round already finalized
2025-08-15T22:13:10.632-0500	DEBUG	protocol/handler.go:596	round already finalized
2025-08-15T22:13:10.689-0500	DEBUG	protocol/handler.go:581	tryAdvanceRound called	{"{current_round 20 3  <nil>}": {"Key":"self","Type":15,"Integer":0,"String":"b","Interface":null}}
2025-08-15T22:13:10.689-0500	DEBUG	protocol/handler.go:581	tryAdvanceRound called	{"{current_round 20 3  <nil>}": {"Key":"self","Type":15,"Integer":0,"String":"c","Interface":null}}
2025-08-15T22:13:10.689-0500	DEBUG	protocol/handler.go:1591	have processed broadcast	{"{round 20 3  <nil>}": {"Key":"from","Type":15,"Integer":0,"String":"a","Interface":null}}
2025-08-15T22:13:10.689-0500	DEBUG	protocol/handler.go:1591	have processed broadcast	{"{round 20 3  <nil>}": {"Key":"from","Type":15,"Integer":0,"String":"c","Interface":null}}
2025-08-15T22:13:10.689-0500	DEBUG	protocol/handler.go:1591	have processed broadcast	{"{round 20 3  <nil>}": {"Key":"from","Type":15,"Integer":0,"String":"a","Interface":null}}
2025-08-15T22:13:10.689-0500	DEBUG	protocol/handler.go:1649	have all messages and processed	{"{round 20 3  <nil>}": {"Key":"self","Type":15,"Integer":0,"String":"b","Interface":null}}
2025-08-15T22:13:10.689-0500	DEBUG	protocol/handler.go:1591	have processed broadcast	{"{round 20 3  <nil>}": {"Key":"from","Type":15,"Integer":0,"String":"b","Interface":null}}
2025-08-15T22:13:10.689-0500	DEBUG	protocol/handler.go:596	round already finalized
2025-08-15T22:13:10.689-0500	DEBUG	protocol/handler.go:1649	have all messages and processed	{"{round 20 3  <nil>}": {"Key":"self","Type":15,"Integer":0,"String":"c","Interface":null}}
2025-08-15T22:13:10.689-0500	DEBUG	protocol/handler.go:596	round already finalized
2025-08-15T22:13:10.724-0500	DEBUG	protocol/handler.go:581	tryAdvanceRound called	{"{current_round 20 3  <nil>}": {"Key":"self","Type":15,"Integer":0,"String":"a","Interface":null}}
2025-08-15T22:13:10.725-0500	DEBUG	protocol/handler.go:1591	have processed broadcast	{"{round 20 3  <nil>}": {"Key":"from","Type":15,"Integer":0,"String":"b","Interface":null}}
2025-08-15T22:13:10.725-0500	DEBUG	protocol/handler.go:1591	have processed broadcast	{"{round 20 3  <nil>}": {"Key":"from","Type":15,"Integer":0,"String":"c","Interface":null}}
2025-08-15T22:13:10.725-0500	DEBUG	protocol/handler.go:1649	have all messages and processed	{"{round 20 3  <nil>}": {"Key":"self","Type":15,"Integer":0,"String":"a","Interface":null}}
2025-08-15T22:13:10.725-0500	DEBUG	protocol/handler.go:596	round already finalized
2025-08-15T22:13:10.725-0500	DEBUG	protocol/handler.go:581	tryAdvanceRound called	{"{current_round 20 3  <nil>}": {"Key":"self","Type":15,"Integer":0,"String":"a","Interface":null}}
2025-08-15T22:13:10.725-0500	DEBUG	protocol/handler.go:1591	have processed broadcast	{"{round 20 3  <nil>}": {"Key":"from","Type":15,"Integer":0,"String":"b","Interface":null}}
2025-08-15T22:13:10.725-0500	DEBUG	protocol/handler.go:1591	have processed broadcast	{"{round 20 3  <nil>}": {"Key":"from","Type":15,"Integer":0,"String":"c","Interface":null}}
2025-08-15T22:13:10.725-0500	DEBUG	protocol/handler.go:1649	have all messages and processed	{"{round 20 3  <nil>}": {"Key":"self","Type":15,"Integer":0,"String":"a","Interface":null}}
2025-08-15T22:13:10.725-0500	DEBUG	protocol/handler.go:596	round already finalized
2025-08-15T22:13:10.757-0500	DEBUG	protocol/handler.go:581	tryAdvanceRound called	{"{current_round 20 3  <nil>}": {"Key":"self","Type":15,"Integer":0,"String":"a","Interface":null}}
2025-08-15T22:13:10.758-0500	DEBUG	protocol/handler.go:581	tryAdvanceRound called	{"{current_round 20 3  <nil>}": {"Key":"self","Type":15,"Integer":0,"String":"c","Interface":null}}
2025-08-15T22:13:10.758-0500	DEBUG	protocol/handler.go:1591	have processed broadcast	{"{round 20 3  <nil>}": {"Key":"from","Type":15,"Integer":0,"String":"a","Interface":null}}
2025-08-15T22:13:10.758-0500	DEBUG	protocol/handler.go:1591	have processed broadcast	{"{round 20 3  <nil>}": {"Key":"from","Type":15,"Integer":0,"String":"b","Interface":null}}
2025-08-15T22:13:10.758-0500	DEBUG	protocol/handler.go:1649	have all messages and processed	{"{round 20 3  <nil>}": {"Key":"self","Type":15,"Integer":0,"String":"c","Interface":null}}
2025-08-15T22:13:10.758-0500	DEBUG	protocol/handler.go:596	round already finalized
2025-08-15T22:13:10.758-0500	DEBUG	protocol/handler.go:581	tryAdvanceRound called	{"{current_round 20 3  <nil>}": {"Key":"self","Type":15,"Integer":0,"String":"c","Interface":null}}
2025-08-15T22:13:10.758-0500	DEBUG	protocol/handler.go:1591	have processed broadcast	{"{round 20 3  <nil>}": {"Key":"from","Type":15,"Integer":0,"String":"a","Interface":null}}
2025-08-15T22:13:10.758-0500	DEBUG	protocol/handler.go:1591	have processed broadcast	{"{round 20 3  <nil>}": {"Key":"from","Type":15,"Integer":0,"String":"b","Interface":null}}
2025-08-15T22:13:10.758-0500	DEBUG	protocol/handler.go:1649	have all messages and processed	{"{round 20 3  <nil>}": {"Key":"self","Type":15,"Integer":0,"String":"c","Interface":null}}
2025-08-15T22:13:10.758-0500	DEBUG	protocol/handler.go:596	round already finalized
2025-08-15T22:13:10.774-0500	DEBUG	protocol/handler.go:581	tryAdvanceRound called	{"{current_round 20 3  <nil>}": {"Key":"self","Type":15,"Integer":0,"String":"b","Interface":null}}
2025-08-15T22:13:10.779-0500	DEBUG	protocol/handler.go:1591	have processed broadcast	{"{round 20 3  <nil>}": {"Key":"from","Type":15,"Integer":0,"String":"a","Interface":null}}
2025-08-15T22:13:10.779-0500	DEBUG	protocol/handler.go:1591	have processed broadcast	{"{round 20 3  <nil>}": {"Key":"from","Type":15,"Integer":0,"String":"c","Interface":null}}
2025-08-15T22:13:10.779-0500	DEBUG	protocol/handler.go:1649	have all messages and processed	{"{round 20 3  <nil>}": {"Key":"self","Type":15,"Integer":0,"String":"b","Interface":null}}
2025-08-15T22:13:10.779-0500	DEBUG	protocol/handler.go:596	round already finalized
2025-08-15T22:13:10.782-0500	DEBUG	protocol/handler.go:581	tryAdvanceRound called	{"{current_round 20 3  <nil>}": {"Key":"self","Type":15,"Integer":0,"String":"b","Interface":null}}
2025-08-15T22:13:10.782-0500	DEBUG	protocol/handler.go:1591	have processed broadcast	{"{round 20 3  <nil>}": {"Key":"from","Type":15,"Integer":0,"String":"a","Interface":null}}
2025-08-15T22:13:10.782-0500	DEBUG	protocol/handler.go:1591	have processed broadcast	{"{round 20 3  <nil>}": {"Key":"from","Type":15,"Integer":0,"String":"c","Interface":null}}
2025-08-15T22:13:10.783-0500	DEBUG	protocol/handler.go:1649	have all messages and processed	{"{round 20 3  <nil>}": {"Key":"self","Type":15,"Integer":0,"String":"b","Interface":null}}
2025-08-15T22:13:10.783-0500	DEBUG	protocol/handler.go:596	round already finalized
2025-08-15T22:13:10.783-0500	DEBUG	protocol/handler.go:581	tryAdvanceRound called	{"{current_round 20 3  <nil>}": {"Key":"self","Type":15,"Integer":0,"String":"b","Interface":null}}
2025-08-15T22:13:10.783-0500	DEBUG	protocol/handler.go:1591	have processed broadcast	{"{round 20 3  <nil>}": {"Key":"from","Type":15,"Integer":0,"String":"a","Interface":null}}
2025-08-15T22:13:10.783-0500	DEBUG	protocol/handler.go:1591	have processed broadcast	{"{round 20 3  <nil>}": {"Key":"from","Type":15,"Integer":0,"String":"c","Interface":null}}
2025-08-15T22:13:10.783-0500	DEBUG	protocol/handler.go:1649	have all messages and processed	{"{round 20 3  <nil>}": {"Key":"self","Type":15,"Integer":0,"String":"b","Interface":null}}
2025-08-15T22:13:10.783-0500	DEBUG	protocol/handler.go:596	round already finalized
2025-08-15T22:13:10.801-0500	DEBUG	protocol/handler.go:581	tryAdvanceRound called	{"{current_round 20 3  <nil>}": {"Key":"self","Type":15,"Integer":0,"String":"b","Interface":null}}
2025-08-15T22:13:10.801-0500	DEBUG	protocol/handler.go:1591	have processed broadcast	{"{round 20 3  <nil>}": {"Key":"from","Type":15,"Integer":0,"String":"a","Interface":null}}
2025-08-15T22:13:10.801-0500	DEBUG	protocol/handler.go:1591	have processed broadcast	{"{round 20 3  <nil>}": {"Key":"from","Type":15,"Integer":0,"String":"c","Interface":null}}
2025-08-15T22:13:10.801-0500	DEBUG	protocol/handler.go:1649	have all messages and processed	{"{round 20 3  <nil>}": {"Key":"self","Type":15,"Integer":0,"String":"b","Interface":null}}
2025-08-15T22:13:10.802-0500	DEBUG	protocol/handler.go:596	round already finalized
2025-08-15T22:13:10.835-0500	DEBUG	protocol/handler.go:581	tryAdvanceRound called	{"{current_round 20 3  <nil>}": {"Key":"self","Type":15,"Integer":0,"String":"c","Interface":null}}
2025-08-15T22:13:10.846-0500	DEBUG	protocol/handler.go:1591	have processed broadcast	{"{round 20 3  <nil>}": {"Key":"from","Type":15,"Integer":0,"String":"a","Interface":null}}
2025-08-15T22:13:10.846-0500	DEBUG	protocol/handler.go:1591	have processed broadcast	{"{round 20 3  <nil>}": {"Key":"from","Type":15,"Integer":0,"String":"b","Interface":null}}
2025-08-15T22:13:10.846-0500	DEBUG	protocol/handler.go:1649	have all messages and processed	{"{round 20 3  <nil>}": {"Key":"self","Type":15,"Integer":0,"String":"c","Interface":null}}
2025-08-15T22:13:10.846-0500	DEBUG	protocol/handler.go:596	round already finalized
2025-08-15T22:13:10.848-0500	DEBUG	protocol/handler.go:581	tryAdvanceRound called	{"{current_round 20 3  <nil>}": {"Key":"self","Type":15,"Integer":0,"String":"c","Interface":null}}
2025-08-15T22:13:10.848-0500	DEBUG	protocol/handler.go:1591	have processed broadcast	{"{round 20 3  <nil>}": {"Key":"from","Type":15,"Integer":0,"String":"a","Interface":null}}
2025-08-15T22:13:10.848-0500	DEBUG	protocol/handler.go:1591	have processed broadcast	{"{round 20 3  <nil>}": {"Key":"from","Type":15,"Integer":0,"String":"b","Interface":null}}
2025-08-15T22:13:10.848-0500	DEBUG	protocol/handler.go:1591	have processed broadcast	{"{round 20 3  <nil>}": {"Key":"from","Type":15,"Integer":0,"String":"c","Interface":null}}
2025-08-15T22:13:10.848-0500	DEBUG	protocol/handler.go:1649	have all messages and processed	{"{round 20 3  <nil>}": {"Key":"self","Type":15,"Integer":0,"String":"a","Interface":null}}
2025-08-15T22:13:10.848-0500	DEBUG	protocol/handler.go:596	round already finalized
2025-08-15T22:13:10.848-0500	DEBUG	protocol/handler.go:581	tryAdvanceRound called	{"{current_round 20 3  <nil>}": {"Key":"self","Type":15,"Integer":0,"String":"a","Interface":null}}
2025-08-15T22:13:10.848-0500	DEBUG	protocol/handler.go:1591	have processed broadcast	{"{round 20 3  <nil>}": {"Key":"from","Type":15,"Integer":0,"String":"b","Interface":null}}
2025-08-15T22:13:10.848-0500	DEBUG	protocol/handler.go:1591	have processed broadcast	{"{round 20 3  <nil>}": {"Key":"from","Type":15,"Integer":0,"String":"c","Interface":null}}
2025-08-15T22:13:10.848-0500	DEBUG	protocol/handler.go:1649	have all messages and processed	{"{round 20 3  <nil>}": {"Key":"self","Type":15,"Integer":0,"String":"a","Interface":null}}
2025-08-15T22:13:10.848-0500	DEBUG	protocol/handler.go:596	round already finalized
2025-08-15T22:13:10.874-0500	DEBUG	protocol/handler.go:581	tryAdvanceRound called	{"{current_round 20 3  <nil>}": {"Key":"self","Type":15,"Integer":0,"String":"a","Interface":null}}
2025-08-15T22:13:10.874-0500	DEBUG	protocol/handler.go:1591	have processed broadcast	{"{round 20 3  <nil>}": {"Key":"from","Type":15,"Integer":0,"String":"b","Interface":null}}
2025-08-15T22:13:10.922-0500	DEBUG	protocol/handler.go:1591	have processed broadcast	{"{round 20 3  <nil>}": {"Key":"from","Type":15,"Integer":0,"String":"c","Interface":null}}
2025-08-15T22:13:10.922-0500	DEBUG	protocol/handler.go:1649	have all messages and processed	{"{round 20 3  <nil>}": {"Key":"self","Type":15,"Integer":0,"String":"a","Interface":null}}
2025-08-15T22:13:10.922-0500	DEBUG	protocol/handler.go:596	round already finalized
2025-08-15T22:13:10.922-0500	DEBUG	protocol/handler.go:581	tryAdvanceRound called	{"{current_round 20 3  <nil>}": {"Key":"self","Type":15,"Integer":0,"String":"a","Interface":null}}
2025-08-15T22:13:10.830-0500	DEBUG	protocol/handler.go:581	tryAdvanceRound called	{"{current_round 20 3  <nil>}": {"Key":"self","Type":15,"Integer":0,"String":"b","Interface":null}}
2025-08-15T22:13:10.923-0500	DEBUG	protocol/handler.go:1591	have processed broadcast	{"{round 20 3  <nil>}": {"Key":"from","Type":15,"Integer":0,"String":"a","Interface":null}}
2025-08-15T22:13:10.923-0500	DEBUG	protocol/handler.go:1591	have processed broadcast	{"{round 20 3  <nil>}": {"Key":"from","Type":15,"Integer":0,"String":"c","Interface":null}}
2025-08-15T22:13:10.923-0500	DEBUG	protocol/handler.go:1649	have all messages and processed	{"{round 20 3  <nil>}": {"Key":"self","Type":15,"Integer":0,"String":"b","Interface":null}}
2025-08-15T22:13:10.923-0500	DEBUG	protocol/handler.go:596	round already finalized
2025-08-15T22:13:10.923-0500	DEBUG	protocol/handler.go:581	tryAdvanceRound called	{"{current_round 20 3  <nil>}": {"Key":"self","Type":15,"Integer":0,"String":"b","Interface":null}}
2025-08-15T22:13:10.923-0500	DEBUG	protocol/handler.go:1591	have processed broadcast	{"{round 20 3  <nil>}": {"Key":"from","Type":15,"Integer":0,"String":"a","Interface":null}}
2025-08-15T22:13:10.932-0500	DEBUG	protocol/handler.go:1591	have processed broadcast	{"{round 20 3  <nil>}": {"Key":"from","Type":15,"Integer":0,"String":"c","Interface":null}}
2025-08-15T22:13:10.934-0500	DEBUG	protocol/handler.go:1649	have all messages and processed	{"{round 20 3  <nil>}": {"Key":"self","Type":15,"Integer":0,"String":"b","Interface":null}}
2025-08-15T22:13:10.934-0500	DEBUG	protocol/handler.go:596	round already finalized
2025-08-15T22:13:10.934-0500	DEBUG	protocol/handler.go:581	tryAdvanceRound called	{"{current_round 20 3  <nil>}": {"Key":"self","Type":15,"Integer":0,"String":"b","Interface":null}}
2025-08-15T22:13:10.934-0500	DEBUG	protocol/handler.go:1591	have processed broadcast	{"{round 20 3  <nil>}": {"Key":"from","Type":15,"Integer":0,"String":"a","Interface":null}}
2025-08-15T22:13:10.934-0500	DEBUG	protocol/handler.go:1591	have processed broadcast	{"{round 20 3  <nil>}": {"Key":"from","Type":15,"Integer":0,"String":"c","Interface":null}}
2025-08-15T22:13:10.934-0500	DEBUG	protocol/handler.go:1649	have all messages and processed	{"{round 20 3  <nil>}": {"Key":"self","Type":15,"Integer":0,"String":"b","Interface":null}}
2025-08-15T22:13:10.934-0500	DEBUG	protocol/handler.go:596	round already finalized
2025-08-15T22:13:10.934-0500	DEBUG	protocol/handler.go:1591	have processed broadcast	{"{round 20 3  <nil>}": {"Key":"from","Type":15,"Integer":0,"String":"b","Interface":null}}
2025-08-15T22:13:10.934-0500	DEBUG	protocol/handler.go:1649	have all messages and processed	{"{round 20 3  <nil>}": {"Key":"self","Type":15,"Integer":0,"String":"c","Interface":null}}
2025-08-15T22:13:10.934-0500	DEBUG	protocol/handler.go:596	round already finalized
2025-08-15T22:13:10.935-0500	DEBUG	protocol/handler.go:581	tryAdvanceRound called	{"{current_round 20 3  <nil>}": {"Key":"self","Type":15,"Integer":0,"String":"c","Interface":null}}
2025-08-15T22:13:10.935-0500	DEBUG	protocol/handler.go:1591	have processed broadcast	{"{round 20 3  <nil>}": {"Key":"from","Type":15,"Integer":0,"String":"a","Interface":null}}
2025-08-15T22:13:10.935-0500	DEBUG	protocol/handler.go:1591	have processed broadcast	{"{round 20 3  <nil>}": {"Key":"from","Type":15,"Integer":0,"String":"b","Interface":null}}
2025-08-15T22:13:10.935-0500	DEBUG	protocol/handler.go:1649	have all messages and processed	{"{round 20 3  <nil>}": {"Key":"self","Type":15,"Integer":0,"String":"c","Interface":null}}
2025-08-15T22:13:10.935-0500	DEBUG	protocol/handler.go:596	round already finalized
2025-08-15T22:13:10.925-0500	DEBUG	protocol/handler.go:1591	have processed broadcast	{"{round 20 3  <nil>}": {"Key":"from","Type":15,"Integer":0,"String":"b","Interface":null}}
2025-08-15T22:13:10.935-0500	DEBUG	protocol/handler.go:1591	have processed broadcast	{"{round 20 3  <nil>}": {"Key":"from","Type":15,"Integer":0,"String":"c","Interface":null}}
2025-08-15T22:13:10.935-0500	DEBUG	protocol/handler.go:1649	have all messages and processed	{"{round 20 3  <nil>}": {"Key":"self","Type":15,"Integer":0,"String":"a","Interface":null}}
2025-08-15T22:13:10.935-0500	DEBUG	protocol/handler.go:596	round already finalized
2025-08-15T22:13:10.935-0500	DEBUG	protocol/handler.go:581	tryAdvanceRound called	{"{current_round 20 3  <nil>}": {"Key":"self","Type":15,"Integer":0,"String":"a","Interface":null}}
2025-08-15T22:13:10.935-0500	DEBUG	protocol/handler.go:1591	have processed broadcast	{"{round 20 3  <nil>}": {"Key":"from","Type":15,"Integer":0,"String":"b","Interface":null}}
2025-08-15T22:13:10.935-0500	DEBUG	protocol/handler.go:1591	have processed broadcast	{"{round 20 3  <nil>}": {"Key":"from","Type":15,"Integer":0,"String":"c","Interface":null}}
2025-08-15T22:13:10.944-0500	DEBUG	protocol/handler.go:1649	have all messages and processed	{"{round 20 3  <nil>}": {"Key":"self","Type":15,"Integer":0,"String":"a","Interface":null}}
2025-08-15T22:13:10.944-0500	DEBUG	protocol/handler.go:596	round already finalized
2025-08-15T22:13:10.944-0500	DEBUG	protocol/handler.go:581	tryAdvanceRound called	{"{current_round 20 3  <nil>}": {"Key":"self","Type":15,"Integer":0,"String":"a","Interface":null}}
2025-08-15T22:13:10.944-0500	DEBUG	protocol/handler.go:1591	have processed broadcast	{"{round 20 3  <nil>}": {"Key":"from","Type":15,"Integer":0,"String":"b","Interface":null}}
2025-08-15T22:13:10.945-0500	DEBUG	protocol/handler.go:1591	have processed broadcast	{"{round 20 3  <nil>}": {"Key":"from","Type":15,"Integer":0,"String":"c","Interface":null}}
2025-08-15T22:13:10.945-0500	DEBUG	protocol/handler.go:1649	have all messages and processed	{"{round 20 3  <nil>}": {"Key":"self","Type":15,"Integer":0,"String":"a","Interface":null}}
2025-08-15T22:13:10.945-0500	DEBUG	protocol/handler.go:596	round already finalized
2025-08-15T22:13:10.945-0500	DEBUG	protocol/handler.go:581	tryAdvanceRound called	{"{current_round 20 3  <nil>}": {"Key":"self","Type":15,"Integer":0,"String":"c","Interface":null}}
2025-08-15T22:13:10.945-0500	DEBUG	protocol/handler.go:1591	have processed broadcast	{"{round 20 3  <nil>}": {"Key":"from","Type":15,"Integer":0,"String":"a","Interface":null}}
2025-08-15T22:13:10.946-0500	DEBUG	protocol/handler.go:1591	have processed broadcast	{"{round 20 3  <nil>}": {"Key":"from","Type":15,"Integer":0,"String":"b","Interface":null}}
2025-08-15T22:13:10.946-0500	DEBUG	protocol/handler.go:1649	have all messages and processed	{"{round 20 3  <nil>}": {"Key":"self","Type":15,"Integer":0,"String":"c","Interface":null}}
2025-08-15T22:13:10.946-0500	DEBUG	protocol/handler.go:596	round already finalized
2025-08-15T22:13:10.946-0500	DEBUG	protocol/handler.go:581	tryAdvanceRound called	{"{current_round 20 3  <nil>}": {"Key":"self","Type":15,"Integer":0,"String":"b","Interface":null}}
2025-08-15T22:13:10.946-0500	DEBUG	protocol/handler.go:1591	have processed broadcast	{"{round 20 3  <nil>}": {"Key":"from","Type":15,"Integer":0,"String":"a","Interface":null}}
2025-08-15T22:13:10.946-0500	DEBUG	protocol/handler.go:1591	have processed broadcast	{"{round 20 3  <nil>}": {"Key":"from","Type":15,"Integer":0,"String":"c","Interface":null}}
2025-08-15T22:13:10.946-0500	DEBUG	protocol/handler.go:1649	have all messages and processed	{"{round 20 3  <nil>}": {"Key":"self","Type":15,"Integer":0,"String":"b","Interface":null}}
2025-08-15T22:13:10.954-0500	DEBUG	protocol/handler.go:596	round already finalized
2025-08-15T22:13:10.954-0500	DEBUG	protocol/handler.go:581	tryAdvanceRound called	{"{current_round 20 3  <nil>}": {"Key":"self","Type":15,"Integer":0,"String":"c","Interface":null}}
2025-08-15T22:13:10.954-0500	DEBUG	protocol/handler.go:1591	have processed broadcast	{"{round 20 3  <nil>}": {"Key":"from","Type":15,"Integer":0,"String":"a","Interface":null}}
2025-08-15T22:13:10.954-0500	DEBUG	protocol/handler.go:1591	have processed broadcast	{"{round 20 3  <nil>}": {"Key":"from","Type":15,"Integer":0,"String":"b","Interface":null}}
2025-08-15T22:13:10.954-0500	DEBUG	protocol/handler.go:1649	have all messages and processed	{"{round 20 3  <nil>}": {"Key":"self","Type":15,"Integer":0,"String":"c","Interface":null}}
2025-08-15T22:13:10.954-0500	DEBUG	protocol/handler.go:596	round already finalized
2025-08-15T22:13:10.954-0500	DEBUG	protocol/handler.go:581	tryAdvanceRound called	{"{current_round 20 3  <nil>}": {"Key":"self","Type":15,"Integer":0,"String":"a","Interface":null}}
2025-08-15T22:13:10.954-0500	DEBUG	protocol/handler.go:1591	have processed broadcast	{"{round 20 3  <nil>}": {"Key":"from","Type":15,"Integer":0,"String":"b","Interface":null}}
2025-08-15T22:13:10.954-0500	DEBUG	protocol/handler.go:1591	have processed broadcast	{"{round 20 3  <nil>}": {"Key":"from","Type":15,"Integer":0,"String":"c","Interface":null}}
2025-08-15T22:13:10.954-0500	DEBUG	protocol/handler.go:1649	have all messages and processed	{"{round 20 3  <nil>}": {"Key":"self","Type":15,"Integer":0,"String":"a","Interface":null}}
2025-08-15T22:13:10.954-0500	DEBUG	protocol/handler.go:596	round already finalized
2025-08-15T22:13:10.954-0500	DEBUG	protocol/handler.go:581	tryAdvanceRound called	{"{current_round 20 3  <nil>}": {"Key":"self","Type":15,"Integer":0,"String":"b","Interface":null}}
2025-08-15T22:13:10.955-0500	DEBUG	protocol/handler.go:1591	have processed broadcast	{"{round 20 3  <nil>}": {"Key":"from","Type":15,"Integer":0,"String":"a","Interface":null}}
2025-08-15T22:13:10.955-0500	DEBUG	protocol/handler.go:1591	have processed broadcast	{"{round 20 3  <nil>}": {"Key":"from","Type":15,"Integer":0,"String":"c","Interface":null}}
2025-08-15T22:13:10.955-0500	DEBUG	protocol/handler.go:1649	have all messages and processed	{"{round 20 3  <nil>}": {"Key":"self","Type":15,"Integer":0,"String":"b","Interface":null}}
2025-08-15T22:13:10.955-0500	DEBUG	protocol/handler.go:596	round already finalized
2025-08-15T22:13:10.974-0500	DEBUG	protocol/handler.go:581	tryAdvanceRound called	{"{current_round 20 3  <nil>}": {"Key":"self","Type":15,"Integer":0,"String":"c","Interface":null}}
2025-08-15T22:13:10.974-0500	DEBUG	protocol/handler.go:1591	have processed broadcast	{"{round 20 3  <nil>}": {"Key":"from","Type":15,"Integer":0,"String":"a","Interface":null}}
2025-08-15T22:13:10.974-0500	DEBUG	protocol/handler.go:1591	have processed broadcast	{"{round 20 3  <nil>}": {"Key":"from","Type":15,"Integer":0,"String":"b","Interface":null}}
2025-08-15T22:13:10.974-0500	DEBUG	protocol/handler.go:1649	have all messages and processed	{"{round 20 3  <nil>}": {"Key":"self","Type":15,"Integer":0,"String":"c","Interface":null}}
2025-08-15T22:13:10.974-0500	DEBUG	protocol/handler.go:596	round already finalized
2025-08-15T22:13:10.998-0500	DEBUG	protocol/handler.go:581	tryAdvanceRound called	{"{current_round 20 3  <nil>}": {"Key":"self","Type":15,"Integer":0,"String":"c","Interface":null}}
2025-08-15T22:13:10.998-0500	DEBUG	protocol/handler.go:1591	have processed broadcast	{"{round 20 3  <nil>}": {"Key":"from","Type":15,"Integer":0,"String":"a","Interface":null}}
2025-08-15T22:13:10.998-0500	DEBUG	protocol/handler.go:1591	have processed broadcast	{"{round 20 3  <nil>}": {"Key":"from","Type":15,"Integer":0,"String":"b","Interface":null}}
2025-08-15T22:13:10.998-0500	DEBUG	protocol/handler.go:1649	have all messages and processed	{"{round 20 3  <nil>}": {"Key":"self","Type":15,"Integer":0,"String":"c","Interface":null}}
2025-08-15T22:13:10.998-0500	DEBUG	protocol/handler.go:596	round already finalized
2025-08-15T22:13:10.998-0500	DEBUG	protocol/handler.go:581	tryAdvanceRound called	{"{current_round 20 3  <nil>}": {"Key":"self","Type":15,"Integer":0,"String":"a","Interface":null}}
2025-08-15T22:13:10.999-0500	DEBUG	protocol/handler.go:1591	have processed broadcast	{"{round 20 3  <nil>}": {"Key":"from","Type":15,"Integer":0,"String":"b","Interface":null}}
2025-08-15T22:13:10.999-0500	DEBUG	protocol/handler.go:1591	have processed broadcast	{"{round 20 3  <nil>}": {"Key":"from","Type":15,"Integer":0,"String":"c","Interface":null}}
2025-08-15T22:13:10.999-0500	DEBUG	protocol/handler.go:1649	have all messages and processed	{"{round 20 3  <nil>}": {"Key":"self","Type":15,"Integer":0,"String":"a","Interface":null}}
2025-08-15T22:13:10.999-0500	DEBUG	protocol/handler.go:596	round already finalized
2025-08-15T22:13:10.999-0500	DEBUG	protocol/handler.go:581	tryAdvanceRound called	{"{current_round 20 3  <nil>}": {"Key":"self","Type":15,"Integer":0,"String":"a","Interface":null}}
2025-08-15T22:13:10.999-0500	DEBUG	protocol/handler.go:1591	have processed broadcast	{"{round 20 3  <nil>}": {"Key":"from","Type":15,"Integer":0,"String":"b","Interface":null}}
2025-08-15T22:13:10.999-0500	DEBUG	protocol/handler.go:1591	have processed broadcast	{"{round 20 3  <nil>}": {"Key":"from","Type":15,"Integer":0,"String":"c","Interface":null}}
2025-08-15T22:13:10.999-0500	DEBUG	protocol/handler.go:1649	have all messages and processed	{"{round 20 3  <nil>}": {"Key":"self","Type":15,"Integer":0,"String":"a","Interface":null}}
2025-08-15T22:13:10.999-0500	DEBUG	protocol/handler.go:596	round already finalized
2025-08-15T22:13:10.999-0500	DEBUG	protocol/handler.go:581	tryAdvanceRound called	{"{current_round 20 3  <nil>}": {"Key":"self","Type":15,"Integer":0,"String":"b","Interface":null}}
2025-08-15T22:13:10.999-0500	DEBUG	protocol/handler.go:1591	have processed broadcast	{"{round 20 3  <nil>}": {"Key":"from","Type":15,"Integer":0,"String":"a","Interface":null}}
2025-08-15T22:13:10.999-0500	DEBUG	protocol/handler.go:1591	have processed broadcast	{"{round 20 3  <nil>}": {"Key":"from","Type":15,"Integer":0,"String":"c","Interface":null}}
2025-08-15T22:13:10.999-0500	DEBUG	protocol/handler.go:1649	have all messages and processed	{"{round 20 3  <nil>}": {"Key":"self","Type":15,"Integer":0,"String":"b","Interface":null}}
2025-08-15T22:13:10.999-0500	DEBUG	protocol/handler.go:596	round already finalized
2025-08-15T22:13:10.999-0500	DEBUG	protocol/handler.go:581	tryAdvanceRound called	{"{current_round 20 3  <nil>}": {"Key":"self","Type":15,"Integer":0,"String":"b","Interface":null}}
2025-08-15T22:13:10.999-0500	DEBUG	protocol/handler.go:1591	have processed broadcast	{"{round 20 3  <nil>}": {"Key":"from","Type":15,"Integer":0,"String":"a","Interface":null}}
2025-08-15T22:13:10.999-0500	DEBUG	protocol/handler.go:1591	have processed broadcast	{"{round 20 3  <nil>}": {"Key":"from","Type":15,"Integer":0,"String":"c","Interface":null}}
2025-08-15T22:13:10.999-0500	DEBUG	protocol/handler.go:1649	have all messages and processed	{"{round 20 3  <nil>}": {"Key":"self","Type":15,"Integer":0,"String":"b","Interface":null}}
2025-08-15T22:13:10.999-0500	DEBUG	protocol/handler.go:596	round already finalized
2025-08-15T22:13:11.031-0500	DEBUG	protocol/handler.go:581	tryAdvanceRound called	{"{current_round 20 3  <nil>}": {"Key":"self","Type":15,"Integer":0,"String":"a","Interface":null}}
2025-08-15T22:13:11.031-0500	DEBUG	protocol/handler.go:1591	have processed broadcast	{"{round 20 3  <nil>}": {"Key":"from","Type":15,"Integer":0,"String":"b","Interface":null}}
2025-08-15T22:13:11.072-0500	DEBUG	protocol/handler.go:581	tryAdvanceRound called	{"{current_round 20 3  <nil>}": {"Key":"self","Type":15,"Integer":0,"String":"b","Interface":null}}
2025-08-15T22:13:11.073-0500	DEBUG	protocol/handler.go:1591	have processed broadcast	{"{round 20 3  <nil>}": {"Key":"from","Type":15,"Integer":0,"String":"a","Interface":null}}
2025-08-15T22:13:11.031-0500	DEBUG	protocol/handler.go:1591	have processed broadcast	{"{round 20 3  <nil>}": {"Key":"from","Type":15,"Integer":0,"String":"c","Interface":null}}
2025-08-15T22:13:11.110-0500	DEBUG	protocol/handler.go:1649	have all messages and processed	{"{round 20 3  <nil>}": {"Key":"self","Type":15,"Integer":0,"String":"a","Interface":null}}
2025-08-15T22:13:11.111-0500	DEBUG	protocol/handler.go:596	round already finalized
2025-08-15T22:13:11.111-0500	DEBUG	protocol/handler.go:581	tryAdvanceRound called	{"{current_round 20 3  <nil>}": {"Key":"self","Type":15,"Integer":0,"String":"a","Interface":null}}
2025-08-15T22:13:11.111-0500	DEBUG	protocol/handler.go:1591	have processed broadcast	{"{round 20 3  <nil>}": {"Key":"from","Type":15,"Integer":0,"String":"b","Interface":null}}
2025-08-15T22:13:11.111-0500	DEBUG	protocol/handler.go:1591	have processed broadcast	{"{round 20 3  <nil>}": {"Key":"from","Type":15,"Integer":0,"String":"c","Interface":null}}
2025-08-15T22:13:11.111-0500	DEBUG	protocol/handler.go:1649	have all messages and processed	{"{round 20 3  <nil>}": {"Key":"self","Type":15,"Integer":0,"String":"a","Interface":null}}
2025-08-15T22:13:11.111-0500	DEBUG	protocol/handler.go:596	round already finalized
2025-08-15T22:13:11.119-0500	DEBUG	protocol/handler.go:581	tryAdvanceRound called	{"{current_round 20 3  <nil>}": {"Key":"self","Type":15,"Integer":0,"String":"c","Interface":null}}
2025-08-15T22:13:11.119-0500	DEBUG	protocol/handler.go:1591	have processed broadcast	{"{round 20 3  <nil>}": {"Key":"from","Type":15,"Integer":0,"String":"a","Interface":null}}
2025-08-15T22:13:11.119-0500	DEBUG	protocol/handler.go:1591	have processed broadcast	{"{round 20 3  <nil>}": {"Key":"from","Type":15,"Integer":0,"String":"b","Interface":null}}
2025-08-15T22:13:11.119-0500	DEBUG	protocol/handler.go:1649	have all messages and processed	{"{round 20 3  <nil>}": {"Key":"self","Type":15,"Integer":0,"String":"c","Interface":null}}
2025-08-15T22:13:11.119-0500	DEBUG	protocol/handler.go:596	round already finalized
2025-08-15T22:13:11.119-0500	DEBUG	protocol/handler.go:581	tryAdvanceRound called	{"{current_round 20 3  <nil>}": {"Key":"self","Type":15,"Integer":0,"String":"c","Interface":null}}
2025-08-15T22:13:11.119-0500	DEBUG	protocol/handler.go:1591	have processed broadcast	{"{round 20 3  <nil>}": {"Key":"from","Type":15,"Integer":0,"String":"a","Interface":null}}
2025-08-15T22:13:11.119-0500	DEBUG	protocol/handler.go:1591	have processed broadcast	{"{round 20 3  <nil>}": {"Key":"from","Type":15,"Integer":0,"String":"b","Interface":null}}
2025-08-15T22:13:11.119-0500	DEBUG	protocol/handler.go:1649	have all messages and processed	{"{round 20 3  <nil>}": {"Key":"self","Type":15,"Integer":0,"String":"c","Interface":null}}
2025-08-15T22:13:11.119-0500	DEBUG	protocol/handler.go:596	round already finalized
2025-08-15T22:13:11.121-0500	DEBUG	protocol/handler.go:581	tryAdvanceRound called	{"{current_round 20 3  <nil>}": {"Key":"self","Type":15,"Integer":0,"String":"c","Interface":null}}
2025-08-15T22:13:11.121-0500	DEBUG	protocol/handler.go:1591	have processed broadcast	{"{round 20 3  <nil>}": {"Key":"from","Type":15,"Integer":0,"String":"a","Interface":null}}
2025-08-15T22:13:11.121-0500	DEBUG	protocol/handler.go:1591	have processed broadcast	{"{round 20 3  <nil>}": {"Key":"from","Type":15,"Integer":0,"String":"b","Interface":null}}
2025-08-15T22:13:11.121-0500	DEBUG	protocol/handler.go:1649	have all messages and processed	{"{round 20 3  <nil>}": {"Key":"self","Type":15,"Integer":0,"String":"c","Interface":null}}
2025-08-15T22:13:11.121-0500	DEBUG	protocol/handler.go:596	round already finalized
2025-08-15T22:13:11.125-0500	DEBUG	protocol/handler.go:581	tryAdvanceRound called	{"{current_round 20 3  <nil>}": {"Key":"self","Type":15,"Integer":0,"String":"a","Interface":null}}
2025-08-15T22:13:11.125-0500	DEBUG	protocol/handler.go:1591	have processed broadcast	{"{round 20 3  <nil>}": {"Key":"from","Type":15,"Integer":0,"String":"b","Interface":null}}
2025-08-15T22:13:11.125-0500	DEBUG	protocol/handler.go:1591	have processed broadcast	{"{round 20 3  <nil>}": {"Key":"from","Type":15,"Integer":0,"String":"c","Interface":null}}
2025-08-15T22:13:11.125-0500	DEBUG	protocol/handler.go:1649	have all messages and processed	{"{round 20 3  <nil>}": {"Key":"self","Type":15,"Integer":0,"String":"a","Interface":null}}
2025-08-15T22:13:11.125-0500	DEBUG	protocol/handler.go:596	round already finalized
2025-08-15T22:13:11.147-0500	DEBUG	protocol/handler.go:581	tryAdvanceRound called	{"{current_round 20 3  <nil>}": {"Key":"self","Type":15,"Integer":0,"String":"a","Interface":null}}
2025-08-15T22:13:11.147-0500	DEBUG	protocol/handler.go:1591	have processed broadcast	{"{round 20 3  <nil>}": {"Key":"from","Type":15,"Integer":0,"String":"b","Interface":null}}
2025-08-15T22:13:11.147-0500	DEBUG	protocol/handler.go:1591	have processed broadcast	{"{round 20 3  <nil>}": {"Key":"from","Type":15,"Integer":0,"String":"c","Interface":null}}
2025-08-15T22:13:11.147-0500	DEBUG	protocol/handler.go:1649	have all messages and processed	{"{round 20 3  <nil>}": {"Key":"self","Type":15,"Integer":0,"String":"a","Interface":null}}
2025-08-15T22:13:11.147-0500	DEBUG	protocol/handler.go:596	round already finalized
2025-08-15T22:13:11.087-0500	DEBUG	protocol/handler.go:1591	have processed broadcast	{"{round 20 3  <nil>}": {"Key":"from","Type":15,"Integer":0,"String":"c","Interface":null}}
2025-08-15T22:13:11.147-0500	DEBUG	protocol/handler.go:1649	have all messages and processed	{"{round 20 3  <nil>}": {"Key":"self","Type":15,"Integer":0,"String":"b","Interface":null}}
2025-08-15T22:13:11.147-0500	DEBUG	protocol/handler.go:596	round already finalized
2025-08-15T22:13:11.147-0500	DEBUG	protocol/handler.go:581	tryAdvanceRound called	{"{current_round 20 3  <nil>}": {"Key":"self","Type":15,"Integer":0,"String":"b","Interface":null}}
2025-08-15T22:13:11.147-0500	DEBUG	protocol/handler.go:1591	have processed broadcast	{"{round 20 3  <nil>}": {"Key":"from","Type":15,"Integer":0,"String":"a","Interface":null}}
2025-08-15T22:13:11.147-0500	DEBUG	protocol/handler.go:1591	have processed broadcast	{"{round 20 3  <nil>}": {"Key":"from","Type":15,"Integer":0,"String":"c","Interface":null}}
2025-08-15T22:13:11.147-0500	DEBUG	protocol/handler.go:1649	have all messages and processed	{"{round 20 3  <nil>}": {"Key":"self","Type":15,"Integer":0,"String":"b","Interface":null}}
2025-08-15T22:13:11.147-0500	DEBUG	protocol/handler.go:596	round already finalized
2025-08-15T22:13:11.159-0500	DEBUG	protocol/handler.go:581	tryAdvanceRound called	{"{current_round 20 3  <nil>}": {"Key":"self","Type":15,"Integer":0,"String":"c","Interface":null}}
2025-08-15T22:13:11.159-0500	DEBUG	protocol/handler.go:1591	have processed broadcast	{"{round 20 3  <nil>}": {"Key":"from","Type":15,"Integer":0,"String":"a","Interface":null}}
2025-08-15T22:13:11.159-0500	DEBUG	protocol/handler.go:1591	have processed broadcast	{"{round 20 3  <nil>}": {"Key":"from","Type":15,"Integer":0,"String":"b","Interface":null}}
2025-08-15T22:13:11.159-0500	DEBUG	protocol/handler.go:1649	have all messages and processed	{"{round 20 3  <nil>}": {"Key":"self","Type":15,"Integer":0,"String":"c","Interface":null}}
2025-08-15T22:13:11.159-0500	DEBUG	protocol/handler.go:596	round already finalized
2025-08-15T22:13:11.159-0500	DEBUG	protocol/handler.go:581	tryAdvanceRound called	{"{current_round 20 3  <nil>}": {"Key":"self","Type":15,"Integer":0,"String":"c","Interface":null}}
2025-08-15T22:13:11.159-0500	DEBUG	protocol/handler.go:1591	have processed broadcast	{"{round 20 3  <nil>}": {"Key":"from","Type":15,"Integer":0,"String":"a","Interface":null}}
2025-08-15T22:13:11.159-0500	DEBUG	protocol/handler.go:1591	have processed broadcast	{"{round 20 3  <nil>}": {"Key":"from","Type":15,"Integer":0,"String":"b","Interface":null}}
2025-08-15T22:13:11.159-0500	DEBUG	protocol/handler.go:1649	have all messages and processed	{"{round 20 3  <nil>}": {"Key":"self","Type":15,"Integer":0,"String":"c","Interface":null}}
2025-08-15T22:13:11.159-0500	DEBUG	protocol/handler.go:596	round already finalized
2025-08-15T22:13:11.184-0500	DEBUG	protocol/handler.go:581	tryAdvanceRound called	{"{current_round 20 3  <nil>}": {"Key":"self","Type":15,"Integer":0,"String":"b","Interface":null}}
2025-08-15T22:13:11.189-0500	DEBUG	protocol/handler.go:1591	have processed broadcast	{"{round 20 3  <nil>}": {"Key":"from","Type":15,"Integer":0,"String":"a","Interface":null}}
2025-08-15T22:13:11.189-0500	DEBUG	protocol/handler.go:1591	have processed broadcast	{"{round 20 3  <nil>}": {"Key":"from","Type":15,"Integer":0,"String":"c","Interface":null}}
2025-08-15T22:13:11.189-0500	DEBUG	protocol/handler.go:1649	have all messages and processed	{"{round 20 3  <nil>}": {"Key":"self","Type":15,"Integer":0,"String":"b","Interface":null}}
2025-08-15T22:13:11.189-0500	DEBUG	protocol/handler.go:596	round already finalized
2025-08-15T22:13:11.189-0500	DEBUG	protocol/handler.go:581	tryAdvanceRound called	{"{current_round 20 3  <nil>}": {"Key":"self","Type":15,"Integer":0,"String":"a","Interface":null}}
2025-08-15T22:13:11.200-0500	DEBUG	protocol/handler.go:1591	have processed broadcast	{"{round 20 3  <nil>}": {"Key":"from","Type":15,"Integer":0,"String":"b","Interface":null}}
2025-08-15T22:13:11.200-0500	DEBUG	protocol/handler.go:1591	have processed broadcast	{"{round 20 3  <nil>}": {"Key":"from","Type":15,"Integer":0,"String":"c","Interface":null}}
2025-08-15T22:13:11.199-0500	DEBUG	protocol/handler.go:581	tryAdvanceRound called	{"{current_round 20 3  <nil>}": {"Key":"self","Type":15,"Integer":0,"String":"c","Interface":null}}
2025-08-15T22:13:11.218-0500	DEBUG	protocol/handler.go:1591	have processed broadcast	{"{round 20 3  <nil>}": {"Key":"from","Type":15,"Integer":0,"String":"a","Interface":null}}
2025-08-15T22:13:11.218-0500	DEBUG	protocol/handler.go:1591	have processed broadcast	{"{round 20 3  <nil>}": {"Key":"from","Type":15,"Integer":0,"String":"b","Interface":null}}
2025-08-15T22:13:11.218-0500	DEBUG	protocol/handler.go:1649	have all messages and processed	{"{round 20 3  <nil>}": {"Key":"self","Type":15,"Integer":0,"String":"c","Interface":null}}
2025-08-15T22:13:11.218-0500	DEBUG	protocol/handler.go:596	round already finalized
2025-08-15T22:13:11.218-0500	DEBUG	protocol/handler.go:581	tryAdvanceRound called	{"{current_round 20 3  <nil>}": {"Key":"self","Type":15,"Integer":0,"String":"c","Interface":null}}
2025-08-15T22:13:11.218-0500	DEBUG	protocol/handler.go:1591	have processed broadcast	{"{round 20 3  <nil>}": {"Key":"from","Type":15,"Integer":0,"String":"a","Interface":null}}
2025-08-15T22:13:11.219-0500	DEBUG	protocol/handler.go:1591	have processed broadcast	{"{round 20 3  <nil>}": {"Key":"from","Type":15,"Integer":0,"String":"b","Interface":null}}
2025-08-15T22:13:11.219-0500	DEBUG	protocol/handler.go:1649	have all messages and processed	{"{round 20 3  <nil>}": {"Key":"self","Type":15,"Integer":0,"String":"c","Interface":null}}
2025-08-15T22:13:11.219-0500	DEBUG	protocol/handler.go:596	round already finalized
2025-08-15T22:13:11.200-0500	DEBUG	protocol/handler.go:1649	have all messages and processed	{"{round 20 3  <nil>}": {"Key":"self","Type":15,"Integer":0,"String":"a","Interface":null}}
2025-08-15T22:13:11.251-0500	DEBUG	protocol/handler.go:596	round already finalized
2025-08-15T22:13:11.251-0500	DEBUG	protocol/handler.go:581	tryAdvanceRound called	{"{current_round 20 3  <nil>}": {"Key":"self","Type":15,"Integer":0,"String":"a","Interface":null}}
2025-08-15T22:13:11.251-0500	DEBUG	protocol/handler.go:1591	have processed broadcast	{"{round 20 3  <nil>}": {"Key":"from","Type":15,"Integer":0,"String":"b","Interface":null}}
2025-08-15T22:13:11.251-0500	DEBUG	protocol/handler.go:1591	have processed broadcast	{"{round 20 3  <nil>}": {"Key":"from","Type":15,"Integer":0,"String":"c","Interface":null}}
2025-08-15T22:13:11.251-0500	DEBUG	protocol/handler.go:1649	have all messages and processed	{"{round 20 3  <nil>}": {"Key":"self","Type":15,"Integer":0,"String":"a","Interface":null}}
2025-08-15T22:13:11.251-0500	DEBUG	protocol/handler.go:596	round already finalized
2025-08-15T22:13:11.261-0500	DEBUG	protocol/handler.go:581	tryAdvanceRound called	{"{current_round 20 3  <nil>}": {"Key":"self","Type":15,"Integer":0,"String":"c","Interface":null}}
2025-08-15T22:13:11.297-0500	DEBUG	protocol/handler.go:581	tryAdvanceRound called	{"{current_round 20 3  <nil>}": {"Key":"self","Type":15,"Integer":0,"String":"a","Interface":null}}
2025-08-15T22:13:11.297-0500	DEBUG	protocol/handler.go:1591	have processed broadcast	{"{round 20 3  <nil>}": {"Key":"from","Type":15,"Integer":0,"String":"b","Interface":null}}
2025-08-15T22:13:11.297-0500	DEBUG	protocol/handler.go:1591	have processed broadcast	{"{round 20 3  <nil>}": {"Key":"from","Type":15,"Integer":0,"String":"c","Interface":null}}
2025-08-15T22:13:11.297-0500	DEBUG	protocol/handler.go:1649	have all messages and processed	{"{round 20 3  <nil>}": {"Key":"self","Type":15,"Integer":0,"String":"a","Interface":null}}
2025-08-15T22:13:11.298-0500	DEBUG	protocol/handler.go:596	round already finalized
2025-08-15T22:13:11.298-0500	DEBUG	protocol/handler.go:581	tryAdvanceRound called	{"{current_round 20 3  <nil>}": {"Key":"self","Type":15,"Integer":0,"String":"a","Interface":null}}
2025-08-15T22:13:11.298-0500	DEBUG	protocol/handler.go:1591	have processed broadcast	{"{round 20 3  <nil>}": {"Key":"from","Type":15,"Integer":0,"String":"b","Interface":null}}
2025-08-15T22:13:11.298-0500	DEBUG	protocol/handler.go:1591	have processed broadcast	{"{round 20 3  <nil>}": {"Key":"from","Type":15,"Integer":0,"String":"c","Interface":null}}
2025-08-15T22:13:11.298-0500	DEBUG	protocol/handler.go:1649	have all messages and processed	{"{round 20 3  <nil>}": {"Key":"self","Type":15,"Integer":0,"String":"a","Interface":null}}
2025-08-15T22:13:11.298-0500	DEBUG	protocol/handler.go:596	round already finalized
2025-08-15T22:13:11.207-0500	DEBUG	protocol/handler.go:581	tryAdvanceRound called	{"{current_round 20 3  <nil>}": {"Key":"self","Type":15,"Integer":0,"String":"b","Interface":null}}
2025-08-15T22:13:11.314-0500	DEBUG	protocol/handler.go:1591	have processed broadcast	{"{round 20 3  <nil>}": {"Key":"from","Type":15,"Integer":0,"String":"a","Interface":null}}
2025-08-15T22:13:11.314-0500	DEBUG	protocol/handler.go:1591	have processed broadcast	{"{round 20 3  <nil>}": {"Key":"from","Type":15,"Integer":0,"String":"c","Interface":null}}
2025-08-15T22:13:11.314-0500	DEBUG	protocol/handler.go:1649	have all messages and processed	{"{round 20 3  <nil>}": {"Key":"self","Type":15,"Integer":0,"String":"b","Interface":null}}
2025-08-15T22:13:11.314-0500	DEBUG	protocol/handler.go:596	round already finalized
2025-08-15T22:13:11.314-0500	DEBUG	protocol/handler.go:581	tryAdvanceRound called	{"{current_round 20 3  <nil>}": {"Key":"self","Type":15,"Integer":0,"String":"b","Interface":null}}
2025-08-15T22:13:11.314-0500	DEBUG	protocol/handler.go:1591	have processed broadcast	{"{round 20 3  <nil>}": {"Key":"from","Type":15,"Integer":0,"String":"a","Interface":null}}
2025-08-15T22:13:11.314-0500	DEBUG	protocol/handler.go:1591	have processed broadcast	{"{round 20 3  <nil>}": {"Key":"from","Type":15,"Integer":0,"String":"c","Interface":null}}
2025-08-15T22:13:11.314-0500	DEBUG	protocol/handler.go:1649	have all messages and processed	{"{round 20 3  <nil>}": {"Key":"self","Type":15,"Integer":0,"String":"b","Interface":null}}
2025-08-15T22:13:11.314-0500	DEBUG	protocol/handler.go:596	round already finalized
2025-08-15T22:13:11.346-0500	DEBUG	protocol/handler.go:1591	have processed broadcast	{"{round 20 3  <nil>}": {"Key":"from","Type":15,"Integer":0,"String":"a","Interface":null}}
2025-08-15T22:13:11.346-0500	DEBUG	protocol/handler.go:1591	have processed broadcast	{"{round 20 3  <nil>}": {"Key":"from","Type":15,"Integer":0,"String":"b","Interface":null}}
2025-08-15T22:13:11.346-0500	DEBUG	protocol/handler.go:1649	have all messages and processed	{"{round 20 3  <nil>}": {"Key":"self","Type":15,"Integer":0,"String":"c","Interface":null}}
2025-08-15T22:13:11.346-0500	DEBUG	protocol/handler.go:596	round already finalized
2025-08-15T22:13:11.346-0500	DEBUG	protocol/handler.go:581	tryAdvanceRound called	{"{current_round 20 3  <nil>}": {"Key":"self","Type":15,"Integer":0,"String":"c","Interface":null}}
2025-08-15T22:13:11.347-0500	DEBUG	protocol/handler.go:1591	have processed broadcast	{"{round 20 3  <nil>}": {"Key":"from","Type":15,"Integer":0,"String":"a","Interface":null}}
2025-08-15T22:13:11.347-0500	DEBUG	protocol/handler.go:1591	have processed broadcast	{"{round 20 3  <nil>}": {"Key":"from","Type":15,"Integer":0,"String":"b","Interface":null}}
2025-08-15T22:13:11.347-0500	DEBUG	protocol/handler.go:1649	have all messages and processed	{"{round 20 3  <nil>}": {"Key":"self","Type":15,"Integer":0,"String":"c","Interface":null}}
2025-08-15T22:13:11.347-0500	DEBUG	protocol/handler.go:596	round already finalized
2025-08-15T22:13:11.365-0500	DEBUG	protocol/handler.go:581	tryAdvanceRound called	{"{current_round 20 3  <nil>}": {"Key":"self","Type":15,"Integer":0,"String":"c","Interface":null}}
2025-08-15T22:13:11.365-0500	DEBUG	protocol/handler.go:1591	have processed broadcast	{"{round 20 3  <nil>}": {"Key":"from","Type":15,"Integer":0,"String":"a","Interface":null}}
2025-08-15T22:13:11.365-0500	DEBUG	protocol/handler.go:1591	have processed broadcast	{"{round 20 3  <nil>}": {"Key":"from","Type":15,"Integer":0,"String":"b","Interface":null}}
2025-08-15T22:13:11.365-0500	DEBUG	protocol/handler.go:1649	have all messages and processed	{"{round 20 3  <nil>}": {"Key":"self","Type":15,"Integer":0,"String":"c","Interface":null}}
2025-08-15T22:13:11.365-0500	DEBUG	protocol/handler.go:596	round already finalized
2025-08-15T22:13:11.365-0500	DEBUG	protocol/handler.go:581	tryAdvanceRound called	{"{current_round 20 3  <nil>}": {"Key":"self","Type":15,"Integer":0,"String":"b","Interface":null}}
2025-08-15T22:13:11.366-0500	DEBUG	protocol/handler.go:1591	have processed broadcast	{"{round 20 3  <nil>}": {"Key":"from","Type":15,"Integer":0,"String":"a","Interface":null}}
2025-08-15T22:13:11.366-0500	DEBUG	protocol/handler.go:1591	have processed broadcast	{"{round 20 3  <nil>}": {"Key":"from","Type":15,"Integer":0,"String":"c","Interface":null}}
2025-08-15T22:13:11.367-0500	DEBUG	protocol/handler.go:1649	have all messages and processed	{"{round 20 3  <nil>}": {"Key":"self","Type":15,"Integer":0,"String":"b","Interface":null}}
2025-08-15T22:13:11.367-0500	DEBUG	protocol/handler.go:596	round already finalized
2025-08-15T22:13:11.367-0500	DEBUG	protocol/handler.go:581	tryAdvanceRound called	{"{current_round 20 3  <nil>}": {"Key":"self","Type":15,"Integer":0,"String":"b","Interface":null}}
2025-08-15T22:13:11.368-0500	DEBUG	protocol/handler.go:1591	have processed broadcast	{"{round 20 3  <nil>}": {"Key":"from","Type":15,"Integer":0,"String":"a","Interface":null}}
2025-08-15T22:13:11.368-0500	DEBUG	protocol/handler.go:1591	have processed broadcast	{"{round 20 3  <nil>}": {"Key":"from","Type":15,"Integer":0,"String":"c","Interface":null}}
2025-08-15T22:13:11.369-0500	DEBUG	protocol/handler.go:1649	have all messages and processed	{"{round 20 3  <nil>}": {"Key":"self","Type":15,"Integer":0,"String":"b","Interface":null}}
2025-08-15T22:13:11.369-0500	DEBUG	protocol/handler.go:596	round already finalized
2025-08-15T22:13:11.327-0500	DEBUG	protocol/handler.go:581	tryAdvanceRound called	{"{current_round 20 3  <nil>}": {"Key":"self","Type":15,"Integer":0,"String":"a","Interface":null}}
2025-08-15T22:13:11.377-0500	DEBUG	protocol/handler.go:1591	have processed broadcast	{"{round 20 3  <nil>}": {"Key":"from","Type":15,"Integer":0,"String":"b","Interface":null}}
2025-08-15T22:13:11.377-0500	DEBUG	protocol/handler.go:1591	have processed broadcast	{"{round 20 3  <nil>}": {"Key":"from","Type":15,"Integer":0,"String":"c","Interface":null}}
2025-08-15T22:13:11.377-0500	DEBUG	protocol/handler.go:1649	have all messages and processed	{"{round 20 3  <nil>}": {"Key":"self","Type":15,"Integer":0,"String":"a","Interface":null}}
2025-08-15T22:13:11.378-0500	DEBUG	protocol/handler.go:596	round already finalized
2025-08-15T22:13:11.378-0500	DEBUG	protocol/handler.go:581	tryAdvanceRound called	{"{current_round 20 3  <nil>}": {"Key":"self","Type":15,"Integer":0,"String":"a","Interface":null}}
2025-08-15T22:13:11.378-0500	DEBUG	protocol/handler.go:1591	have processed broadcast	{"{round 20 3  <nil>}": {"Key":"from","Type":15,"Integer":0,"String":"b","Interface":null}}
2025-08-15T22:13:11.378-0500	DEBUG	protocol/handler.go:1591	have processed broadcast	{"{round 20 3  <nil>}": {"Key":"from","Type":15,"Integer":0,"String":"c","Interface":null}}
2025-08-15T22:13:11.378-0500	DEBUG	protocol/handler.go:1649	have all messages and processed	{"{round 20 3  <nil>}": {"Key":"self","Type":15,"Integer":0,"String":"a","Interface":null}}
2025-08-15T22:13:11.378-0500	DEBUG	protocol/handler.go:596	round already finalized
2025-08-15T22:13:11.411-0500	DEBUG	protocol/handler.go:581	tryAdvanceRound called	{"{current_round 20 3  <nil>}": {"Key":"self","Type":15,"Integer":0,"String":"a","Interface":null}}
2025-08-15T22:13:11.411-0500	DEBUG	protocol/handler.go:1591	have processed broadcast	{"{round 20 3  <nil>}": {"Key":"from","Type":15,"Integer":0,"String":"b","Interface":null}}
2025-08-15T22:13:11.411-0500	DEBUG	protocol/handler.go:1591	have processed broadcast	{"{round 20 3  <nil>}": {"Key":"from","Type":15,"Integer":0,"String":"c","Interface":null}}
2025-08-15T22:13:11.411-0500	DEBUG	protocol/handler.go:1649	have all messages and processed	{"{round 20 3  <nil>}": {"Key":"self","Type":15,"Integer":0,"String":"a","Interface":null}}
2025-08-15T22:13:11.411-0500	DEBUG	protocol/handler.go:596	round already finalized
2025-08-15T22:13:11.412-0500	DEBUG	protocol/handler.go:581	tryAdvanceRound called	{"{current_round 20 3  <nil>}": {"Key":"self","Type":15,"Integer":0,"String":"b","Interface":null}}
2025-08-15T22:13:11.412-0500	DEBUG	protocol/handler.go:1591	have processed broadcast	{"{round 20 3  <nil>}": {"Key":"from","Type":15,"Integer":0,"String":"a","Interface":null}}
2025-08-15T22:13:11.413-0500	DEBUG	protocol/handler.go:1591	have processed broadcast	{"{round 20 3  <nil>}": {"Key":"from","Type":15,"Integer":0,"String":"c","Interface":null}}
2025-08-15T22:13:11.413-0500	DEBUG	protocol/handler.go:1649	have all messages and processed	{"{round 20 3  <nil>}": {"Key":"self","Type":15,"Integer":0,"String":"b","Interface":null}}
2025-08-15T22:13:11.413-0500	DEBUG	protocol/handler.go:596	round already finalized
2025-08-15T22:13:11.413-0500	DEBUG	protocol/handler.go:581	tryAdvanceRound called	{"{current_round 20 3  <nil>}": {"Key":"self","Type":15,"Integer":0,"String":"b","Interface":null}}
2025-08-15T22:13:11.413-0500	DEBUG	protocol/handler.go:1591	have processed broadcast	{"{round 20 3  <nil>}": {"Key":"from","Type":15,"Integer":0,"String":"a","Interface":null}}
2025-08-15T22:13:11.414-0500	DEBUG	protocol/handler.go:1591	have processed broadcast	{"{round 20 3  <nil>}": {"Key":"from","Type":15,"Integer":0,"String":"c","Interface":null}}
2025-08-15T22:13:11.415-0500	DEBUG	protocol/handler.go:1649	have all messages and processed	{"{round 20 3  <nil>}": {"Key":"self","Type":15,"Integer":0,"String":"b","Interface":null}}
2025-08-15T22:13:11.415-0500	DEBUG	protocol/handler.go:596	round already finalized
2025-08-15T22:13:11.422-0500	DEBUG	protocol/handler.go:581	tryAdvanceRound called	{"{current_round 20 3  <nil>}": {"Key":"self","Type":15,"Integer":0,"String":"a","Interface":null}}
2025-08-15T22:13:11.422-0500	DEBUG	protocol/handler.go:1591	have processed broadcast	{"{round 20 3  <nil>}": {"Key":"from","Type":15,"Integer":0,"String":"b","Interface":null}}
2025-08-15T22:13:11.422-0500	DEBUG	protocol/handler.go:1591	have processed broadcast	{"{round 20 3  <nil>}": {"Key":"from","Type":15,"Integer":0,"String":"c","Interface":null}}
2025-08-15T22:13:11.423-0500	DEBUG	protocol/handler.go:1649	have all messages and processed	{"{round 20 3  <nil>}": {"Key":"self","Type":15,"Integer":0,"String":"a","Interface":null}}
2025-08-15T22:13:11.423-0500	DEBUG	protocol/handler.go:596	round already finalized
2025-08-15T22:13:11.431-0500	DEBUG	protocol/handler.go:581	tryAdvanceRound called	{"{current_round 20 3  <nil>}": {"Key":"self","Type":15,"Integer":0,"String":"c","Interface":null}}
2025-08-15T22:13:11.431-0500	DEBUG	protocol/handler.go:1591	have processed broadcast	{"{round 20 3  <nil>}": {"Key":"from","Type":15,"Integer":0,"String":"a","Interface":null}}
2025-08-15T22:13:11.431-0500	DEBUG	protocol/handler.go:1591	have processed broadcast	{"{round 20 3  <nil>}": {"Key":"from","Type":15,"Integer":0,"String":"b","Interface":null}}
2025-08-15T22:13:11.431-0500	DEBUG	protocol/handler.go:1649	have all messages and processed	{"{round 20 3  <nil>}": {"Key":"self","Type":15,"Integer":0,"String":"c","Interface":null}}
2025-08-15T22:13:11.431-0500	DEBUG	protocol/handler.go:596	round already finalized
2025-08-15T22:13:11.431-0500	DEBUG	protocol/handler.go:581	tryAdvanceRound called	{"{current_round 20 3  <nil>}": {"Key":"self","Type":15,"Integer":0,"String":"c","Interface":null}}
2025-08-15T22:13:11.431-0500	DEBUG	protocol/handler.go:1591	have processed broadcast	{"{round 20 3  <nil>}": {"Key":"from","Type":15,"Integer":0,"String":"a","Interface":null}}
2025-08-15T22:13:11.431-0500	DEBUG	protocol/handler.go:1591	have processed broadcast	{"{round 20 3  <nil>}": {"Key":"from","Type":15,"Integer":0,"String":"b","Interface":null}}
2025-08-15T22:13:11.431-0500	DEBUG	protocol/handler.go:1649	have all messages and processed	{"{round 20 3  <nil>}": {"Key":"self","Type":15,"Integer":0,"String":"c","Interface":null}}
2025-08-15T22:13:11.431-0500	DEBUG	protocol/handler.go:596	round already finalized
2025-08-15T22:13:11.444-0500	DEBUG	protocol/handler.go:581	tryAdvanceRound called	{"{current_round 20 3  <nil>}": {"Key":"self","Type":15,"Integer":0,"String":"a","Interface":null}}
2025-08-15T22:13:11.444-0500	DEBUG	protocol/handler.go:1591	have processed broadcast	{"{round 20 3  <nil>}": {"Key":"from","Type":15,"Integer":0,"String":"b","Interface":null}}
2025-08-15T22:13:11.444-0500	DEBUG	protocol/handler.go:1591	have processed broadcast	{"{round 20 3  <nil>}": {"Key":"from","Type":15,"Integer":0,"String":"c","Interface":null}}
2025-08-15T22:13:11.444-0500	DEBUG	protocol/handler.go:1649	have all messages and processed	{"{round 20 3  <nil>}": {"Key":"self","Type":15,"Integer":0,"String":"a","Interface":null}}
2025-08-15T22:13:11.444-0500	DEBUG	protocol/handler.go:596	round already finalized
2025-08-15T22:13:11.464-0500	DEBUG	protocol/handler.go:581	tryAdvanceRound called	{"{current_round 20 3  <nil>}": {"Key":"self","Type":15,"Integer":0,"String":"b","Interface":null}}
2025-08-15T22:13:11.464-0500	DEBUG	protocol/handler.go:1591	have processed broadcast	{"{round 20 3  <nil>}": {"Key":"from","Type":15,"Integer":0,"String":"a","Interface":null}}
2025-08-15T22:13:11.464-0500	DEBUG	protocol/handler.go:1591	have processed broadcast	{"{round 20 3  <nil>}": {"Key":"from","Type":15,"Integer":0,"String":"c","Interface":null}}
2025-08-15T22:13:11.464-0500	DEBUG	protocol/handler.go:1649	have all messages and processed	{"{round 20 3  <nil>}": {"Key":"self","Type":15,"Integer":0,"String":"b","Interface":null}}
2025-08-15T22:13:11.464-0500	DEBUG	protocol/handler.go:596	round already finalized
2025-08-15T22:13:11.464-0500	DEBUG	protocol/handler.go:581	tryAdvanceRound called	{"{current_round 20 3  <nil>}": {"Key":"self","Type":15,"Integer":0,"String":"b","Interface":null}}
2025-08-15T22:13:11.464-0500	DEBUG	protocol/handler.go:1591	have processed broadcast	{"{round 20 3  <nil>}": {"Key":"from","Type":15,"Integer":0,"String":"a","Interface":null}}
2025-08-15T22:13:11.465-0500	DEBUG	protocol/handler.go:1591	have processed broadcast	{"{round 20 3  <nil>}": {"Key":"from","Type":15,"Integer":0,"String":"c","Interface":null}}
2025-08-15T22:13:11.465-0500	DEBUG	protocol/handler.go:1649	have all messages and processed	{"{round 20 3  <nil>}": {"Key":"self","Type":15,"Integer":0,"String":"b","Interface":null}}
2025-08-15T22:13:11.465-0500	DEBUG	protocol/handler.go:596	round already finalized
2025-08-15T22:13:11.474-0500	DEBUG	protocol/handler.go:581	tryAdvanceRound called	{"{current_round 20 3  <nil>}": {"Key":"self","Type":15,"Integer":0,"String":"c","Interface":null}}
2025-08-15T22:13:11.476-0500	DEBUG	protocol/handler.go:1591	have processed broadcast	{"{round 20 3  <nil>}": {"Key":"from","Type":15,"Integer":0,"String":"a","Interface":null}}
2025-08-15T22:13:11.476-0500	DEBUG	protocol/handler.go:1591	have processed broadcast	{"{round 20 3  <nil>}": {"Key":"from","Type":15,"Integer":0,"String":"b","Interface":null}}
2025-08-15T22:13:11.476-0500	DEBUG	protocol/handler.go:1649	have all messages and processed	{"{round 20 3  <nil>}": {"Key":"self","Type":15,"Integer":0,"String":"c","Interface":null}}
2025-08-15T22:13:11.476-0500	DEBUG	protocol/handler.go:596	round already finalized
2025-08-15T22:13:11.476-0500	DEBUG	protocol/handler.go:581	tryAdvanceRound called	{"{current_round 20 3  <nil>}": {"Key":"self","Type":15,"Integer":0,"String":"c","Interface":null}}
2025-08-15T22:13:11.476-0500	DEBUG	protocol/handler.go:1591	have processed broadcast	{"{round 20 3  <nil>}": {"Key":"from","Type":15,"Integer":0,"String":"a","Interface":null}}
2025-08-15T22:13:11.476-0500	DEBUG	protocol/handler.go:1591	have processed broadcast	{"{round 20 3  <nil>}": {"Key":"from","Type":15,"Integer":0,"String":"b","Interface":null}}
2025-08-15T22:13:11.476-0500	DEBUG	protocol/handler.go:1649	have all messages and processed	{"{round 20 3  <nil>}": {"Key":"self","Type":15,"Integer":0,"String":"c","Interface":null}}
2025-08-15T22:13:11.476-0500	DEBUG	protocol/handler.go:596	round already finalized
2025-08-15T22:13:11.494-0500	DEBUG	protocol/handler.go:581	tryAdvanceRound called	{"{current_round 20 3  <nil>}": {"Key":"self","Type":15,"Integer":0,"String":"c","Interface":null}}
2025-08-15T22:13:11.494-0500	DEBUG	protocol/handler.go:1591	have processed broadcast	{"{round 20 3  <nil>}": {"Key":"from","Type":15,"Integer":0,"String":"a","Interface":null}}
2025-08-15T22:13:11.494-0500	DEBUG	protocol/handler.go:1591	have processed broadcast	{"{round 20 3  <nil>}": {"Key":"from","Type":15,"Integer":0,"String":"b","Interface":null}}
2025-08-15T22:13:11.494-0500	DEBUG	protocol/handler.go:1649	have all messages and processed	{"{round 20 3  <nil>}": {"Key":"self","Type":15,"Integer":0,"String":"c","Interface":null}}
2025-08-15T22:13:11.494-0500	DEBUG	protocol/handler.go:596	round already finalized
2025-08-15T22:13:11.498-0500	DEBUG	protocol/handler.go:581	tryAdvanceRound called	{"{current_round 20 3  <nil>}": {"Key":"self","Type":15,"Integer":0,"String":"a","Interface":null}}
2025-08-15T22:13:11.498-0500	DEBUG	protocol/handler.go:1591	have processed broadcast	{"{round 20 3  <nil>}": {"Key":"from","Type":15,"Integer":0,"String":"b","Interface":null}}
2025-08-15T22:13:11.498-0500	DEBUG	protocol/handler.go:1591	have processed broadcast	{"{round 20 3  <nil>}": {"Key":"from","Type":15,"Integer":0,"String":"c","Interface":null}}
2025-08-15T22:13:11.498-0500	DEBUG	protocol/handler.go:1649	have all messages and processed	{"{round 20 3  <nil>}": {"Key":"self","Type":15,"Integer":0,"String":"a","Interface":null}}
2025-08-15T22:13:11.498-0500	DEBUG	protocol/handler.go:596	round already finalized
2025-08-15T22:13:11.498-0500	DEBUG	protocol/handler.go:581	tryAdvanceRound called	{"{current_round 20 3  <nil>}": {"Key":"self","Type":15,"Integer":0,"String":"a","Interface":null}}
2025-08-15T22:13:11.498-0500	DEBUG	protocol/handler.go:1591	have processed broadcast	{"{round 20 3  <nil>}": {"Key":"from","Type":15,"Integer":0,"String":"b","Interface":null}}
2025-08-15T22:13:11.498-0500	DEBUG	protocol/handler.go:1591	have processed broadcast	{"{round 20 3  <nil>}": {"Key":"from","Type":15,"Integer":0,"String":"c","Interface":null}}
2025-08-15T22:13:11.498-0500	DEBUG	protocol/handler.go:1649	have all messages and processed	{"{round 20 3  <nil>}": {"Key":"self","Type":15,"Integer":0,"String":"a","Interface":null}}
2025-08-15T22:13:11.498-0500	DEBUG	protocol/handler.go:596	round already finalized
2025-08-15T22:13:11.578-0500	DEBUG	protocol/handler.go:581	tryAdvanceRound called	{"{current_round 20 3  <nil>}": {"Key":"self","Type":15,"Integer":0,"String":"b","Interface":null}}
2025-08-15T22:13:11.579-0500	DEBUG	protocol/handler.go:1591	have processed broadcast	{"{round 20 3  <nil>}": {"Key":"from","Type":15,"Integer":0,"String":"a","Interface":null}}
2025-08-15T22:13:11.579-0500	DEBUG	protocol/handler.go:1591	have processed broadcast	{"{round 20 3  <nil>}": {"Key":"from","Type":15,"Integer":0,"String":"c","Interface":null}}
2025-08-15T22:13:11.579-0500	DEBUG	protocol/handler.go:1649	have all messages and processed	{"{round 20 3  <nil>}": {"Key":"self","Type":15,"Integer":0,"String":"b","Interface":null}}
2025-08-15T22:13:11.579-0500	DEBUG	protocol/handler.go:596	round already finalized
2025-08-15T22:13:11.579-0500	DEBUG	protocol/handler.go:581	tryAdvanceRound called	{"{current_round 20 3  <nil>}": {"Key":"self","Type":15,"Integer":0,"String":"b","Interface":null}}
2025-08-15T22:13:11.579-0500	DEBUG	protocol/handler.go:1591	have processed broadcast	{"{round 20 3  <nil>}": {"Key":"from","Type":15,"Integer":0,"String":"a","Interface":null}}
2025-08-15T22:13:11.579-0500	DEBUG	protocol/handler.go:1591	have processed broadcast	{"{round 20 3  <nil>}": {"Key":"from","Type":15,"Integer":0,"String":"c","Interface":null}}
2025-08-15T22:13:11.580-0500	DEBUG	protocol/handler.go:1649	have all messages and processed	{"{round 20 3  <nil>}": {"Key":"self","Type":15,"Integer":0,"String":"b","Interface":null}}
2025-08-15T22:13:11.580-0500	DEBUG	protocol/handler.go:596	round already finalized
2025-08-15T22:13:11.635-0500	DEBUG	protocol/handler.go:581	tryAdvanceRound called	{"{current_round 20 3  <nil>}": {"Key":"self","Type":15,"Integer":0,"String":"c","Interface":null}}
2025-08-15T22:13:11.635-0500	DEBUG	protocol/handler.go:1591	have processed broadcast	{"{round 20 3  <nil>}": {"Key":"from","Type":15,"Integer":0,"String":"a","Interface":null}}
2025-08-15T22:13:11.635-0500	DEBUG	protocol/handler.go:1591	have processed broadcast	{"{round 20 3  <nil>}": {"Key":"from","Type":15,"Integer":0,"String":"b","Interface":null}}
2025-08-15T22:13:11.635-0500	DEBUG	protocol/handler.go:1649	have all messages and processed	{"{round 20 3  <nil>}": {"Key":"self","Type":15,"Integer":0,"String":"c","Interface":null}}
2025-08-15T22:13:11.635-0500	DEBUG	protocol/handler.go:596	round already finalized
2025-08-15T22:13:11.635-0500	DEBUG	protocol/handler.go:581	tryAdvanceRound called	{"{current_round 20 3  <nil>}": {"Key":"self","Type":15,"Integer":0,"String":"c","Interface":null}}
2025-08-15T22:13:11.635-0500	DEBUG	protocol/handler.go:1591	have processed broadcast	{"{round 20 3  <nil>}": {"Key":"from","Type":15,"Integer":0,"String":"a","Interface":null}}
2025-08-15T22:13:11.635-0500	DEBUG	protocol/handler.go:1591	have processed broadcast	{"{round 20 3  <nil>}": {"Key":"from","Type":15,"Integer":0,"String":"b","Interface":null}}
2025-08-15T22:13:11.635-0500	DEBUG	protocol/handler.go:1649	have all messages and processed	{"{round 20 3  <nil>}": {"Key":"self","Type":15,"Integer":0,"String":"c","Interface":null}}
2025-08-15T22:13:11.635-0500	DEBUG	protocol/handler.go:596	round already finalized
2025-08-15T22:13:11.650-0500	DEBUG	protocol/handler.go:581	tryAdvanceRound called	{"{current_round 20 3  <nil>}": {"Key":"self","Type":15,"Integer":0,"String":"a","Interface":null}}
2025-08-15T22:13:11.716-0500	DEBUG	protocol/handler.go:1591	have processed broadcast	{"{round 20 3  <nil>}": {"Key":"from","Type":15,"Integer":0,"String":"b","Interface":null}}
2025-08-15T22:13:11.716-0500	DEBUG	protocol/handler.go:1591	have processed broadcast	{"{round 20 3  <nil>}": {"Key":"from","Type":15,"Integer":0,"String":"c","Interface":null}}
2025-08-15T22:13:11.716-0500	DEBUG	protocol/handler.go:1649	have all messages and processed	{"{round 20 3  <nil>}": {"Key":"self","Type":15,"Integer":0,"String":"a","Interface":null}}
2025-08-15T22:13:11.716-0500	DEBUG	protocol/handler.go:596	round already finalized
2025-08-15T22:13:11.716-0500	DEBUG	protocol/handler.go:581	tryAdvanceRound called	{"{current_round 20 3  <nil>}": {"Key":"self","Type":15,"Integer":0,"String":"a","Interface":null}}
2025-08-15T22:13:11.716-0500	DEBUG	protocol/handler.go:1591	have processed broadcast	{"{round 20 3  <nil>}": {"Key":"from","Type":15,"Integer":0,"String":"b","Interface":null}}
2025-08-15T22:13:11.716-0500	DEBUG	protocol/handler.go:1591	have processed broadcast	{"{round 20 3  <nil>}": {"Key":"from","Type":15,"Integer":0,"String":"c","Interface":null}}
2025-08-15T22:13:11.716-0500	DEBUG	protocol/handler.go:1649	have all messages and processed	{"{round 20 3  <nil>}": {"Key":"self","Type":15,"Integer":0,"String":"a","Interface":null}}
2025-08-15T22:13:11.716-0500	DEBUG	protocol/handler.go:596	round already finalized
2025-08-15T22:13:11.655-0500	DEBUG	protocol/handler.go:581	tryAdvanceRound called	{"{current_round 20 3  <nil>}": {"Key":"self","Type":15,"Integer":0,"String":"c","Interface":null}}
2025-08-15T22:13:11.716-0500	DEBUG	protocol/handler.go:1591	have processed broadcast	{"{round 20 3  <nil>}": {"Key":"from","Type":15,"Integer":0,"String":"a","Interface":null}}
2025-08-15T22:13:11.716-0500	DEBUG	protocol/handler.go:1591	have processed broadcast	{"{round 20 3  <nil>}": {"Key":"from","Type":15,"Integer":0,"String":"b","Interface":null}}
2025-08-15T22:13:11.727-0500	DEBUG	protocol/handler.go:1649	have all messages and processed	{"{round 20 3  <nil>}": {"Key":"self","Type":15,"Integer":0,"String":"c","Interface":null}}
2025-08-15T22:13:11.727-0500	DEBUG	protocol/handler.go:596	round already finalized
2025-08-15T22:13:11.727-0500	DEBUG	protocol/handler.go:581	tryAdvanceRound called	{"{current_round 20 3  <nil>}": {"Key":"self","Type":15,"Integer":0,"String":"c","Interface":null}}
2025-08-15T22:13:11.727-0500	DEBUG	protocol/handler.go:1591	have processed broadcast	{"{round 20 3  <nil>}": {"Key":"from","Type":15,"Integer":0,"String":"a","Interface":null}}
2025-08-15T22:13:11.727-0500	DEBUG	protocol/handler.go:1591	have processed broadcast	{"{round 20 3  <nil>}": {"Key":"from","Type":15,"Integer":0,"String":"b","Interface":null}}
2025-08-15T22:13:11.659-0500	DEBUG	protocol/handler.go:581	tryAdvanceRound called	{"{current_round 20 3  <nil>}": {"Key":"self","Type":15,"Integer":0,"String":"b","Interface":null}}
2025-08-15T22:13:11.769-0500	DEBUG	protocol/handler.go:581	tryAdvanceRound called	{"{current_round 20 3  <nil>}": {"Key":"self","Type":15,"Integer":0,"String":"a","Interface":null}}
2025-08-15T22:13:11.769-0500	DEBUG	protocol/handler.go:1591	have processed broadcast	{"{round 20 3  <nil>}": {"Key":"from","Type":15,"Integer":0,"String":"b","Interface":null}}
2025-08-15T22:13:11.769-0500	DEBUG	protocol/handler.go:1591	have processed broadcast	{"{round 20 3  <nil>}": {"Key":"from","Type":15,"Integer":0,"String":"c","Interface":null}}
2025-08-15T22:13:11.769-0500	DEBUG	protocol/handler.go:1649	have all messages and processed	{"{round 20 3  <nil>}": {"Key":"self","Type":15,"Integer":0,"String":"a","Interface":null}}
2025-08-15T22:13:11.769-0500	DEBUG	protocol/handler.go:596	round already finalized
2025-08-15T22:13:11.769-0500	DEBUG	protocol/handler.go:581	tryAdvanceRound called	{"{current_round 20 3  <nil>}": {"Key":"self","Type":15,"Integer":0,"String":"a","Interface":null}}
2025-08-15T22:13:11.769-0500	DEBUG	protocol/handler.go:1591	have processed broadcast	{"{round 20 3  <nil>}": {"Key":"from","Type":15,"Integer":0,"String":"b","Interface":null}}
2025-08-15T22:13:11.770-0500	DEBUG	protocol/handler.go:1591	have processed broadcast	{"{round 20 3  <nil>}": {"Key":"from","Type":15,"Integer":0,"String":"c","Interface":null}}
2025-08-15T22:13:11.770-0500	DEBUG	protocol/handler.go:1649	have all messages and processed	{"{round 20 3  <nil>}": {"Key":"self","Type":15,"Integer":0,"String":"a","Interface":null}}
2025-08-15T22:13:11.770-0500	DEBUG	protocol/handler.go:596	round already finalized
2025-08-15T22:13:11.792-0500	DEBUG	protocol/handler.go:581	tryAdvanceRound called	{"{current_round 20 3  <nil>}": {"Key":"self","Type":15,"Integer":0,"String":"a","Interface":null}}
2025-08-15T22:13:11.792-0500	DEBUG	protocol/handler.go:1591	have processed broadcast	{"{round 20 3  <nil>}": {"Key":"from","Type":15,"Integer":0,"String":"b","Interface":null}}
2025-08-15T22:13:11.792-0500	DEBUG	protocol/handler.go:1591	have processed broadcast	{"{round 20 3  <nil>}": {"Key":"from","Type":15,"Integer":0,"String":"c","Interface":null}}
2025-08-15T22:13:11.792-0500	DEBUG	protocol/handler.go:1649	have all messages and processed	{"{round 20 3  <nil>}": {"Key":"self","Type":15,"Integer":0,"String":"a","Interface":null}}
2025-08-15T22:13:11.792-0500	DEBUG	protocol/handler.go:596	round already finalized
2025-08-15T22:13:11.799-0500	DEBUG	protocol/handler.go:1649	have all messages and processed	{"{round 20 3  <nil>}": {"Key":"self","Type":15,"Integer":0,"String":"c","Interface":null}}
2025-08-15T22:13:11.799-0500	DEBUG	protocol/handler.go:596	round already finalized
2025-08-15T22:13:11.799-0500	DEBUG	protocol/handler.go:581	tryAdvanceRound called	{"{current_round 20 3  <nil>}": {"Key":"self","Type":15,"Integer":0,"String":"c","Interface":null}}
2025-08-15T22:13:11.799-0500	DEBUG	protocol/handler.go:1591	have processed broadcast	{"{round 20 3  <nil>}": {"Key":"from","Type":15,"Integer":0,"String":"a","Interface":null}}
2025-08-15T22:13:11.800-0500	DEBUG	protocol/handler.go:1591	have processed broadcast	{"{round 20 3  <nil>}": {"Key":"from","Type":15,"Integer":0,"String":"b","Interface":null}}
2025-08-15T22:13:11.800-0500	DEBUG	protocol/handler.go:1649	have all messages and processed	{"{round 20 3  <nil>}": {"Key":"self","Type":15,"Integer":0,"String":"c","Interface":null}}
2025-08-15T22:13:11.800-0500	DEBUG	protocol/handler.go:596	round already finalized
2025-08-15T22:13:11.813-0500	DEBUG	protocol/handler.go:581	tryAdvanceRound called	{"{current_round 20 3  <nil>}": {"Key":"self","Type":15,"Integer":0,"String":"a","Interface":null}}
2025-08-15T22:13:11.813-0500	DEBUG	protocol/handler.go:1591	have processed broadcast	{"{round 20 3  <nil>}": {"Key":"from","Type":15,"Integer":0,"String":"b","Interface":null}}
2025-08-15T22:13:11.813-0500	DEBUG	protocol/handler.go:1591	have processed broadcast	{"{round 20 3  <nil>}": {"Key":"from","Type":15,"Integer":0,"String":"c","Interface":null}}
2025-08-15T22:13:11.813-0500	DEBUG	protocol/handler.go:1649	have all messages and processed	{"{round 20 3  <nil>}": {"Key":"self","Type":15,"Integer":0,"String":"a","Interface":null}}
2025-08-15T22:13:11.813-0500	DEBUG	protocol/handler.go:596	round already finalized
2025-08-15T22:13:11.813-0500	DEBUG	protocol/handler.go:1591	have processed broadcast	{"{round 20 3  <nil>}": {"Key":"from","Type":15,"Integer":0,"String":"a","Interface":null}}
2025-08-15T22:13:11.813-0500	DEBUG	protocol/handler.go:1591	have processed broadcast	{"{round 20 3  <nil>}": {"Key":"from","Type":15,"Integer":0,"String":"c","Interface":null}}
2025-08-15T22:13:11.813-0500	DEBUG	protocol/handler.go:1649	have all messages and processed	{"{round 20 3  <nil>}": {"Key":"self","Type":15,"Integer":0,"String":"b","Interface":null}}
2025-08-15T22:13:11.813-0500	DEBUG	protocol/handler.go:596	round already finalized
2025-08-15T22:13:11.813-0500	DEBUG	protocol/handler.go:581	tryAdvanceRound called	{"{current_round 20 3  <nil>}": {"Key":"self","Type":15,"Integer":0,"String":"b","Interface":null}}
2025-08-15T22:13:11.813-0500	DEBUG	protocol/handler.go:1591	have processed broadcast	{"{round 20 3  <nil>}": {"Key":"from","Type":15,"Integer":0,"String":"a","Interface":null}}
2025-08-15T22:13:11.814-0500	DEBUG	protocol/handler.go:1591	have processed broadcast	{"{round 20 3  <nil>}": {"Key":"from","Type":15,"Integer":0,"String":"c","Interface":null}}
2025-08-15T22:13:11.814-0500	DEBUG	protocol/handler.go:1649	have all messages and processed	{"{round 20 3  <nil>}": {"Key":"self","Type":15,"Integer":0,"String":"b","Interface":null}}
2025-08-15T22:13:11.814-0500	DEBUG	protocol/handler.go:596	round already finalized
2025-08-15T22:13:11.836-0500	DEBUG	protocol/handler.go:581	tryAdvanceRound called	{"{current_round 20 3  <nil>}": {"Key":"self","Type":15,"Integer":0,"String":"c","Interface":null}}
2025-08-15T22:13:11.836-0500	DEBUG	protocol/handler.go:1591	have processed broadcast	{"{round 20 3  <nil>}": {"Key":"from","Type":15,"Integer":0,"String":"a","Interface":null}}
2025-08-15T22:13:11.836-0500	DEBUG	protocol/handler.go:1591	have processed broadcast	{"{round 20 3  <nil>}": {"Key":"from","Type":15,"Integer":0,"String":"b","Interface":null}}
2025-08-15T22:13:11.837-0500	DEBUG	protocol/handler.go:1649	have all messages and processed	{"{round 20 3  <nil>}": {"Key":"self","Type":15,"Integer":0,"String":"c","Interface":null}}
2025-08-15T22:13:11.837-0500	DEBUG	protocol/handler.go:596	round already finalized
2025-08-15T22:13:11.837-0500	DEBUG	protocol/handler.go:581	tryAdvanceRound called	{"{current_round 20 3  <nil>}": {"Key":"self","Type":15,"Integer":0,"String":"c","Interface":null}}
2025-08-15T22:13:11.837-0500	DEBUG	protocol/handler.go:1591	have processed broadcast	{"{round 20 3  <nil>}": {"Key":"from","Type":15,"Integer":0,"String":"a","Interface":null}}
2025-08-15T22:13:11.837-0500	DEBUG	protocol/handler.go:1591	have processed broadcast	{"{round 20 3  <nil>}": {"Key":"from","Type":15,"Integer":0,"String":"b","Interface":null}}
2025-08-15T22:13:11.837-0500	DEBUG	protocol/handler.go:1649	have all messages and processed	{"{round 20 3  <nil>}": {"Key":"self","Type":15,"Integer":0,"String":"c","Interface":null}}
2025-08-15T22:13:11.837-0500	DEBUG	protocol/handler.go:596	round already finalized
2025-08-15T22:13:11.854-0500	DEBUG	protocol/handler.go:581	tryAdvanceRound called	{"{current_round 20 3  <nil>}": {"Key":"self","Type":15,"Integer":0,"String":"b","Interface":null}}
2025-08-15T22:13:11.854-0500	DEBUG	protocol/handler.go:1591	have processed broadcast	{"{round 20 3  <nil>}": {"Key":"from","Type":15,"Integer":0,"String":"a","Interface":null}}
2025-08-15T22:13:11.854-0500	DEBUG	protocol/handler.go:1591	have processed broadcast	{"{round 20 3  <nil>}": {"Key":"from","Type":15,"Integer":0,"String":"c","Interface":null}}
2025-08-15T22:13:11.855-0500	DEBUG	protocol/handler.go:1649	have all messages and processed	{"{round 20 3  <nil>}": {"Key":"self","Type":15,"Integer":0,"String":"b","Interface":null}}
2025-08-15T22:13:11.855-0500	DEBUG	protocol/handler.go:596	round already finalized
2025-08-15T22:13:11.855-0500	DEBUG	protocol/handler.go:581	tryAdvanceRound called	{"{current_round 20 3  <nil>}": {"Key":"self","Type":15,"Integer":0,"String":"a","Interface":null}}
2025-08-15T22:13:11.855-0500	DEBUG	protocol/handler.go:1591	have processed broadcast	{"{round 20 3  <nil>}": {"Key":"from","Type":15,"Integer":0,"String":"b","Interface":null}}
2025-08-15T22:13:11.855-0500	DEBUG	protocol/handler.go:1591	have processed broadcast	{"{round 20 3  <nil>}": {"Key":"from","Type":15,"Integer":0,"String":"c","Interface":null}}
2025-08-15T22:13:11.855-0500	DEBUG	protocol/handler.go:1649	have all messages and processed	{"{round 20 3  <nil>}": {"Key":"self","Type":15,"Integer":0,"String":"a","Interface":null}}
2025-08-15T22:13:11.855-0500	DEBUG	protocol/handler.go:596	round already finalized
2025-08-15T22:13:11.855-0500	DEBUG	protocol/handler.go:581	tryAdvanceRound called	{"{current_round 20 3  <nil>}": {"Key":"self","Type":15,"Integer":0,"String":"b","Interface":null}}
2025-08-15T22:13:11.855-0500	DEBUG	protocol/handler.go:1591	have processed broadcast	{"{round 20 3  <nil>}": {"Key":"from","Type":15,"Integer":0,"String":"a","Interface":null}}
2025-08-15T22:13:11.855-0500	DEBUG	protocol/handler.go:1591	have processed broadcast	{"{round 20 3  <nil>}": {"Key":"from","Type":15,"Integer":0,"String":"c","Interface":null}}
2025-08-15T22:13:11.855-0500	DEBUG	protocol/handler.go:1649	have all messages and processed	{"{round 20 3  <nil>}": {"Key":"self","Type":15,"Integer":0,"String":"b","Interface":null}}
2025-08-15T22:13:11.855-0500	DEBUG	protocol/handler.go:596	round already finalized
2025-08-15T22:13:11.881-0500	DEBUG	protocol/handler.go:581	tryAdvanceRound called	{"{current_round 20 3  <nil>}": {"Key":"self","Type":15,"Integer":0,"String":"b","Interface":null}}
2025-08-15T22:13:11.882-0500	DEBUG	protocol/handler.go:1591	have processed broadcast	{"{round 20 3  <nil>}": {"Key":"from","Type":15,"Integer":0,"String":"a","Interface":null}}
2025-08-15T22:13:11.882-0500	DEBUG	protocol/handler.go:1591	have processed broadcast	{"{round 20 3  <nil>}": {"Key":"from","Type":15,"Integer":0,"String":"c","Interface":null}}
2025-08-15T22:13:11.882-0500	DEBUG	protocol/handler.go:1649	have all messages and processed	{"{round 20 3  <nil>}": {"Key":"self","Type":15,"Integer":0,"String":"b","Interface":null}}
2025-08-15T22:13:11.882-0500	DEBUG	protocol/handler.go:596	round already finalized
2025-08-15T22:13:11.886-0500	DEBUG	protocol/handler.go:581	tryAdvanceRound called	{"{current_round 20 3  <nil>}": {"Key":"self","Type":15,"Integer":0,"String":"c","Interface":null}}
2025-08-15T22:13:11.886-0500	DEBUG	protocol/handler.go:1591	have processed broadcast	{"{round 20 3  <nil>}": {"Key":"from","Type":15,"Integer":0,"String":"a","Interface":null}}
2025-08-15T22:13:11.891-0500	DEBUG	protocol/handler.go:1591	have processed broadcast	{"{round 20 3  <nil>}": {"Key":"from","Type":15,"Integer":0,"String":"b","Interface":null}}
2025-08-15T22:13:11.891-0500	DEBUG	protocol/handler.go:1649	have all messages and processed	{"{round 20 3  <nil>}": {"Key":"self","Type":15,"Integer":0,"String":"c","Interface":null}}
2025-08-15T22:13:11.891-0500	DEBUG	protocol/handler.go:596	round already finalized
2025-08-15T22:13:11.891-0500	DEBUG	protocol/handler.go:581	tryAdvanceRound called	{"{current_round 20 3  <nil>}": {"Key":"self","Type":15,"Integer":0,"String":"c","Interface":null}}
2025-08-15T22:13:11.891-0500	DEBUG	protocol/handler.go:1591	have processed broadcast	{"{round 20 3  <nil>}": {"Key":"from","Type":15,"Integer":0,"String":"a","Interface":null}}
2025-08-15T22:13:11.891-0500	DEBUG	protocol/handler.go:1591	have processed broadcast	{"{round 20 3  <nil>}": {"Key":"from","Type":15,"Integer":0,"String":"b","Interface":null}}
2025-08-15T22:13:11.891-0500	DEBUG	protocol/handler.go:1649	have all messages and processed	{"{round 20 3  <nil>}": {"Key":"self","Type":15,"Integer":0,"String":"c","Interface":null}}
2025-08-15T22:13:11.891-0500	DEBUG	protocol/handler.go:596	round already finalized
2025-08-15T22:13:11.891-0500	DEBUG	protocol/handler.go:581	tryAdvanceRound called	{"{current_round 20 3  <nil>}": {"Key":"self","Type":15,"Integer":0,"String":"c","Interface":null}}
2025-08-15T22:13:11.891-0500	DEBUG	protocol/handler.go:1591	have processed broadcast	{"{round 20 3  <nil>}": {"Key":"from","Type":15,"Integer":0,"String":"a","Interface":null}}
2025-08-15T22:13:11.891-0500	DEBUG	protocol/handler.go:1591	have processed broadcast	{"{round 20 3  <nil>}": {"Key":"from","Type":15,"Integer":0,"String":"b","Interface":null}}
2025-08-15T22:13:11.891-0500	DEBUG	protocol/handler.go:1649	have all messages and processed	{"{round 20 3  <nil>}": {"Key":"self","Type":15,"Integer":0,"String":"c","Interface":null}}
2025-08-15T22:13:11.891-0500	DEBUG	protocol/handler.go:596	round already finalized
2025-08-15T22:13:11.920-0500	DEBUG	protocol/handler.go:581	tryAdvanceRound called	{"{current_round 20 3  <nil>}": {"Key":"self","Type":15,"Integer":0,"String":"a","Interface":null}}
2025-08-15T22:13:11.920-0500	DEBUG	protocol/handler.go:1591	have processed broadcast	{"{round 20 3  <nil>}": {"Key":"from","Type":15,"Integer":0,"String":"b","Interface":null}}
2025-08-15T22:13:11.920-0500	DEBUG	protocol/handler.go:1591	have processed broadcast	{"{round 20 3  <nil>}": {"Key":"from","Type":15,"Integer":0,"String":"c","Interface":null}}
2025-08-15T22:13:11.920-0500	DEBUG	protocol/handler.go:1649	have all messages and processed	{"{round 20 3  <nil>}": {"Key":"self","Type":15,"Integer":0,"String":"a","Interface":null}}
2025-08-15T22:13:11.921-0500	DEBUG	protocol/handler.go:596	round already finalized
2025-08-15T22:13:11.934-0500	DEBUG	protocol/handler.go:581	tryAdvanceRound called	{"{current_round 20 3  <nil>}": {"Key":"self","Type":15,"Integer":0,"String":"c","Interface":null}}
2025-08-15T22:13:11.934-0500	DEBUG	protocol/handler.go:1591	have processed broadcast	{"{round 20 3  <nil>}": {"Key":"from","Type":15,"Integer":0,"String":"a","Interface":null}}
2025-08-15T22:13:11.934-0500	DEBUG	protocol/handler.go:1591	have processed broadcast	{"{round 20 3  <nil>}": {"Key":"from","Type":15,"Integer":0,"String":"b","Interface":null}}
2025-08-15T22:13:11.934-0500	DEBUG	protocol/handler.go:1649	have all messages and processed	{"{round 20 3  <nil>}": {"Key":"self","Type":15,"Integer":0,"String":"c","Interface":null}}
2025-08-15T22:13:11.934-0500	DEBUG	protocol/handler.go:596	round already finalized
2025-08-15T22:13:11.934-0500	DEBUG	protocol/handler.go:581	tryAdvanceRound called	{"{current_round 20 3  <nil>}": {"Key":"self","Type":15,"Integer":0,"String":"c","Interface":null}}
2025-08-15T22:13:11.934-0500	DEBUG	protocol/handler.go:1591	have processed broadcast	{"{round 20 3  <nil>}": {"Key":"from","Type":15,"Integer":0,"String":"a","Interface":null}}
2025-08-15T22:13:11.934-0500	DEBUG	protocol/handler.go:1591	have processed broadcast	{"{round 20 3  <nil>}": {"Key":"from","Type":15,"Integer":0,"String":"b","Interface":null}}
2025-08-15T22:13:11.934-0500	DEBUG	protocol/handler.go:1649	have all messages and processed	{"{round 20 3  <nil>}": {"Key":"self","Type":15,"Integer":0,"String":"c","Interface":null}}
2025-08-15T22:13:11.934-0500	DEBUG	protocol/handler.go:596	round already finalized
2025-08-15T22:13:11.958-0500	DEBUG	protocol/handler.go:581	tryAdvanceRound called	{"{current_round 20 3  <nil>}": {"Key":"self","Type":15,"Integer":0,"String":"b","Interface":null}}
2025-08-15T22:13:11.958-0500	DEBUG	protocol/handler.go:1591	have processed broadcast	{"{round 20 3  <nil>}": {"Key":"from","Type":15,"Integer":0,"String":"a","Interface":null}}
2025-08-15T22:13:11.958-0500	DEBUG	protocol/handler.go:1591	have processed broadcast	{"{round 20 3  <nil>}": {"Key":"from","Type":15,"Integer":0,"String":"c","Interface":null}}
2025-08-15T22:13:11.958-0500	DEBUG	protocol/handler.go:1649	have all messages and processed	{"{round 20 3  <nil>}": {"Key":"self","Type":15,"Integer":0,"String":"b","Interface":null}}
2025-08-15T22:13:11.959-0500	DEBUG	protocol/handler.go:596	round already finalized
2025-08-15T22:13:11.959-0500	DEBUG	protocol/handler.go:581	tryAdvanceRound called	{"{current_round 20 3  <nil>}": {"Key":"self","Type":15,"Integer":0,"String":"c","Interface":null}}
2025-08-15T22:13:11.959-0500	DEBUG	protocol/handler.go:1591	have processed broadcast	{"{round 20 3  <nil>}": {"Key":"from","Type":15,"Integer":0,"String":"a","Interface":null}}
2025-08-15T22:13:11.959-0500	DEBUG	protocol/handler.go:1591	have processed broadcast	{"{round 20 3  <nil>}": {"Key":"from","Type":15,"Integer":0,"String":"b","Interface":null}}
2025-08-15T22:13:11.959-0500	DEBUG	protocol/handler.go:1649	have all messages and processed	{"{round 20 3  <nil>}": {"Key":"self","Type":15,"Integer":0,"String":"c","Interface":null}}
2025-08-15T22:13:11.959-0500	DEBUG	protocol/handler.go:596	round already finalized
2025-08-15T22:13:11.921-0500	DEBUG	protocol/handler.go:581	tryAdvanceRound called	{"{current_round 20 3  <nil>}": {"Key":"self","Type":15,"Integer":0,"String":"a","Interface":null}}
2025-08-15T22:13:11.994-0500	DEBUG	protocol/handler.go:1591	have processed broadcast	{"{round 20 3  <nil>}": {"Key":"from","Type":15,"Integer":0,"String":"b","Interface":null}}
2025-08-15T22:13:11.994-0500	DEBUG	protocol/handler.go:1591	have processed broadcast	{"{round 20 3  <nil>}": {"Key":"from","Type":15,"Integer":0,"String":"c","Interface":null}}
2025-08-15T22:13:11.994-0500	DEBUG	protocol/handler.go:1649	have all messages and processed	{"{round 20 3  <nil>}": {"Key":"self","Type":15,"Integer":0,"String":"a","Interface":null}}
2025-08-15T22:13:11.994-0500	DEBUG	protocol/handler.go:596	round already finalized
2025-08-15T22:13:11.994-0500	DEBUG	protocol/handler.go:581	tryAdvanceRound called	{"{current_round 20 3  <nil>}": {"Key":"self","Type":15,"Integer":0,"String":"a","Interface":null}}
2025-08-15T22:13:11.994-0500	DEBUG	protocol/handler.go:1591	have processed broadcast	{"{round 20 3  <nil>}": {"Key":"from","Type":15,"Integer":0,"String":"b","Interface":null}}
2025-08-15T22:13:11.994-0500	DEBUG	protocol/handler.go:1591	have processed broadcast	{"{round 20 3  <nil>}": {"Key":"from","Type":15,"Integer":0,"String":"c","Interface":null}}
2025-08-15T22:13:11.994-0500	DEBUG	protocol/handler.go:1649	have all messages and processed	{"{round 20 3  <nil>}": {"Key":"self","Type":15,"Integer":0,"String":"a","Interface":null}}
2025-08-15T22:13:11.994-0500	DEBUG	protocol/handler.go:596	round already finalized
2025-08-15T22:13:12.018-0500	DEBUG	protocol/handler.go:581	tryAdvanceRound called	{"{current_round 20 3  <nil>}": {"Key":"self","Type":15,"Integer":0,"String":"c","Interface":null}}
2025-08-15T22:13:12.019-0500	DEBUG	protocol/handler.go:1591	have processed broadcast	{"{round 20 3  <nil>}": {"Key":"from","Type":15,"Integer":0,"String":"a","Interface":null}}
2025-08-15T22:13:12.019-0500	DEBUG	protocol/handler.go:1591	have processed broadcast	{"{round 20 3  <nil>}": {"Key":"from","Type":15,"Integer":0,"String":"b","Interface":null}}
2025-08-15T22:13:12.019-0500	DEBUG	protocol/handler.go:1649	have all messages and processed	{"{round 20 3  <nil>}": {"Key":"self","Type":15,"Integer":0,"String":"c","Interface":null}}
2025-08-15T22:13:12.019-0500	DEBUG	protocol/handler.go:596	round already finalized
2025-08-15T22:13:12.020-0500	DEBUG	protocol/handler.go:581	tryAdvanceRound called	{"{current_round 20 3  <nil>}": {"Key":"self","Type":15,"Integer":0,"String":"c","Interface":null}}
2025-08-15T22:13:12.020-0500	DEBUG	protocol/handler.go:1591	have processed broadcast	{"{round 20 3  <nil>}": {"Key":"from","Type":15,"Integer":0,"String":"a","Interface":null}}
2025-08-15T22:13:12.020-0500	DEBUG	protocol/handler.go:1591	have processed broadcast	{"{round 20 3  <nil>}": {"Key":"from","Type":15,"Integer":0,"String":"b","Interface":null}}
2025-08-15T22:13:12.020-0500	DEBUG	protocol/handler.go:1649	have all messages and processed	{"{round 20 3  <nil>}": {"Key":"self","Type":15,"Integer":0,"String":"c","Interface":null}}
2025-08-15T22:13:12.020-0500	DEBUG	protocol/handler.go:596	round already finalized
2025-08-15T22:13:12.023-0500	DEBUG	protocol/handler.go:581	tryAdvanceRound called	{"{current_round 20 3  <nil>}": {"Key":"self","Type":15,"Integer":0,"String":"a","Interface":null}}
2025-08-15T22:13:12.024-0500	DEBUG	protocol/handler.go:1591	have processed broadcast	{"{round 20 3  <nil>}": {"Key":"from","Type":15,"Integer":0,"String":"b","Interface":null}}
2025-08-15T22:13:12.024-0500	DEBUG	protocol/handler.go:1591	have processed broadcast	{"{round 20 3  <nil>}": {"Key":"from","Type":15,"Integer":0,"String":"c","Interface":null}}
2025-08-15T22:13:12.024-0500	DEBUG	protocol/handler.go:1649	have all messages and processed	{"{round 20 3  <nil>}": {"Key":"self","Type":15,"Integer":0,"String":"a","Interface":null}}
2025-08-15T22:13:12.024-0500	DEBUG	protocol/handler.go:596	round already finalized
2025-08-15T22:13:12.045-0500	DEBUG	protocol/handler.go:581	tryAdvanceRound called	{"{current_round 20 3  <nil>}": {"Key":"self","Type":15,"Integer":0,"String":"c","Interface":null}}
2025-08-15T22:13:12.045-0500	DEBUG	protocol/handler.go:1591	have processed broadcast	{"{round 20 3  <nil>}": {"Key":"from","Type":15,"Integer":0,"String":"a","Interface":null}}
2025-08-15T22:13:12.046-0500	DEBUG	protocol/handler.go:1591	have processed broadcast	{"{round 20 3  <nil>}": {"Key":"from","Type":15,"Integer":0,"String":"b","Interface":null}}
2025-08-15T22:13:12.046-0500	DEBUG	protocol/handler.go:1649	have all messages and processed	{"{round 20 3  <nil>}": {"Key":"self","Type":15,"Integer":0,"String":"c","Interface":null}}
2025-08-15T22:13:12.046-0500	DEBUG	protocol/handler.go:596	round already finalized
2025-08-15T22:13:12.046-0500	DEBUG	protocol/handler.go:581	tryAdvanceRound called	{"{current_round 20 3  <nil>}": {"Key":"self","Type":15,"Integer":0,"String":"b","Interface":null}}
2025-08-15T22:13:12.046-0500	DEBUG	protocol/handler.go:1591	have processed broadcast	{"{round 20 3  <nil>}": {"Key":"from","Type":15,"Integer":0,"String":"a","Interface":null}}
2025-08-15T22:13:12.046-0500	DEBUG	protocol/handler.go:1591	have processed broadcast	{"{round 20 3  <nil>}": {"Key":"from","Type":15,"Integer":0,"String":"c","Interface":null}}
2025-08-15T22:13:12.046-0500	DEBUG	protocol/handler.go:1649	have all messages and processed	{"{round 20 3  <nil>}": {"Key":"self","Type":15,"Integer":0,"String":"b","Interface":null}}
2025-08-15T22:13:12.047-0500	DEBUG	protocol/handler.go:596	round already finalized
2025-08-15T22:13:12.047-0500	DEBUG	protocol/handler.go:581	tryAdvanceRound called	{"{current_round 20 3  <nil>}": {"Key":"self","Type":15,"Integer":0,"String":"b","Interface":null}}
2025-08-15T22:13:12.047-0500	DEBUG	protocol/handler.go:1591	have processed broadcast	{"{round 20 3  <nil>}": {"Key":"from","Type":15,"Integer":0,"String":"a","Interface":null}}
2025-08-15T22:13:12.047-0500	DEBUG	protocol/handler.go:1591	have processed broadcast	{"{round 20 3  <nil>}": {"Key":"from","Type":15,"Integer":0,"String":"c","Interface":null}}
2025-08-15T22:13:12.047-0500	DEBUG	protocol/handler.go:1649	have all messages and processed	{"{round 20 3  <nil>}": {"Key":"self","Type":15,"Integer":0,"String":"b","Interface":null}}
2025-08-15T22:13:12.047-0500	DEBUG	protocol/handler.go:596	round already finalized
2025-08-15T22:13:12.055-0500	DEBUG	protocol/handler.go:581	tryAdvanceRound called	{"{current_round 20 3  <nil>}": {"Key":"self","Type":15,"Integer":0,"String":"c","Interface":null}}
2025-08-15T22:13:12.056-0500	DEBUG	protocol/handler.go:1591	have processed broadcast	{"{round 20 3  <nil>}": {"Key":"from","Type":15,"Integer":0,"String":"a","Interface":null}}
2025-08-15T22:13:12.056-0500	DEBUG	protocol/handler.go:1591	have processed broadcast	{"{round 20 3  <nil>}": {"Key":"from","Type":15,"Integer":0,"String":"b","Interface":null}}
2025-08-15T22:13:12.056-0500	DEBUG	protocol/handler.go:1649	have all messages and processed	{"{round 20 3  <nil>}": {"Key":"self","Type":15,"Integer":0,"String":"c","Interface":null}}
2025-08-15T22:13:12.056-0500	DEBUG	protocol/handler.go:596	round already finalized
2025-08-15T22:13:12.077-0500	DEBUG	protocol/handler.go:581	tryAdvanceRound called	{"{current_round 20 3  <nil>}": {"Key":"self","Type":15,"Integer":0,"String":"b","Interface":null}}
2025-08-15T22:13:12.078-0500	DEBUG	protocol/handler.go:1591	have processed broadcast	{"{round 20 3  <nil>}": {"Key":"from","Type":15,"Integer":0,"String":"a","Interface":null}}
2025-08-15T22:13:12.078-0500	DEBUG	protocol/handler.go:1591	have processed broadcast	{"{round 20 3  <nil>}": {"Key":"from","Type":15,"Integer":0,"String":"c","Interface":null}}
2025-08-15T22:13:12.078-0500	DEBUG	protocol/handler.go:1649	have all messages and processed	{"{round 20 3  <nil>}": {"Key":"self","Type":15,"Integer":0,"String":"b","Interface":null}}
2025-08-15T22:13:12.078-0500	DEBUG	protocol/handler.go:596	round already finalized
2025-08-15T22:13:12.078-0500	DEBUG	protocol/handler.go:581	tryAdvanceRound called	{"{current_round 20 3  <nil>}": {"Key":"self","Type":15,"Integer":0,"String":"b","Interface":null}}
2025-08-15T22:13:12.078-0500	DEBUG	protocol/handler.go:1591	have processed broadcast	{"{round 20 3  <nil>}": {"Key":"from","Type":15,"Integer":0,"String":"a","Interface":null}}
2025-08-15T22:13:12.078-0500	DEBUG	protocol/handler.go:1591	have processed broadcast	{"{round 20 3  <nil>}": {"Key":"from","Type":15,"Integer":0,"String":"c","Interface":null}}
2025-08-15T22:13:12.078-0500	DEBUG	protocol/handler.go:1649	have all messages and processed	{"{round 20 3  <nil>}": {"Key":"self","Type":15,"Integer":0,"String":"b","Interface":null}}
2025-08-15T22:13:12.078-0500	DEBUG	protocol/handler.go:596	round already finalized
2025-08-15T22:13:12.078-0500	DEBUG	protocol/handler.go:581	tryAdvanceRound called	{"{current_round 20 3  <nil>}": {"Key":"self","Type":15,"Integer":0,"String":"c","Interface":null}}
2025-08-15T22:13:12.078-0500	DEBUG	protocol/handler.go:1591	have processed broadcast	{"{round 20 3  <nil>}": {"Key":"from","Type":15,"Integer":0,"String":"a","Interface":null}}
2025-08-15T22:13:12.078-0500	DEBUG	protocol/handler.go:1591	have processed broadcast	{"{round 20 3  <nil>}": {"Key":"from","Type":15,"Integer":0,"String":"b","Interface":null}}
2025-08-15T22:13:12.078-0500	DEBUG	protocol/handler.go:1649	have all messages and processed	{"{round 20 3  <nil>}": {"Key":"self","Type":15,"Integer":0,"String":"c","Interface":null}}
2025-08-15T22:13:12.078-0500	DEBUG	protocol/handler.go:596	round already finalized
2025-08-15T22:13:12.102-0500	DEBUG	protocol/handler.go:581	tryAdvanceRound called	{"{current_round 20 3  <nil>}": {"Key":"self","Type":15,"Integer":0,"String":"b","Interface":null}}
2025-08-15T22:13:12.102-0500	DEBUG	protocol/handler.go:1591	have processed broadcast	{"{round 20 3  <nil>}": {"Key":"from","Type":15,"Integer":0,"String":"a","Interface":null}}
2025-08-15T22:13:12.102-0500	DEBUG	protocol/handler.go:1591	have processed broadcast	{"{round 20 3  <nil>}": {"Key":"from","Type":15,"Integer":0,"String":"c","Interface":null}}
2025-08-15T22:13:12.102-0500	DEBUG	protocol/handler.go:1649	have all messages and processed	{"{round 20 3  <nil>}": {"Key":"self","Type":15,"Integer":0,"String":"b","Interface":null}}
2025-08-15T22:13:12.103-0500	DEBUG	protocol/handler.go:596	round already finalized
2025-08-15T22:13:12.103-0500	DEBUG	protocol/handler.go:581	tryAdvanceRound called	{"{current_round 20 3  <nil>}": {"Key":"self","Type":15,"Integer":0,"String":"c","Interface":null}}
2025-08-15T22:13:12.103-0500	DEBUG	protocol/handler.go:1591	have processed broadcast	{"{round 20 3  <nil>}": {"Key":"from","Type":15,"Integer":0,"String":"a","Interface":null}}
2025-08-15T22:13:12.103-0500	DEBUG	protocol/handler.go:1591	have processed broadcast	{"{round 20 3  <nil>}": {"Key":"from","Type":15,"Integer":0,"String":"b","Interface":null}}
2025-08-15T22:13:12.103-0500	DEBUG	protocol/handler.go:1649	have all messages and processed	{"{round 20 3  <nil>}": {"Key":"self","Type":15,"Integer":0,"String":"c","Interface":null}}
2025-08-15T22:13:12.103-0500	DEBUG	protocol/handler.go:596	round already finalized
2025-08-15T22:13:12.114-0500	DEBUG	protocol/handler.go:581	tryAdvanceRound called	{"{current_round 20 3  <nil>}": {"Key":"self","Type":15,"Integer":0,"String":"a","Interface":null}}
2025-08-15T22:13:12.115-0500	DEBUG	protocol/handler.go:1591	have processed broadcast	{"{round 20 3  <nil>}": {"Key":"from","Type":15,"Integer":0,"String":"b","Interface":null}}
2025-08-15T22:13:12.115-0500	DEBUG	protocol/handler.go:1591	have processed broadcast	{"{round 20 3  <nil>}": {"Key":"from","Type":15,"Integer":0,"String":"c","Interface":null}}
2025-08-15T22:13:12.115-0500	DEBUG	protocol/handler.go:1649	have all messages and processed	{"{round 20 3  <nil>}": {"Key":"self","Type":15,"Integer":0,"String":"a","Interface":null}}
2025-08-15T22:13:12.115-0500	DEBUG	protocol/handler.go:596	round already finalized
2025-08-15T22:13:12.115-0500	DEBUG	protocol/handler.go:581	tryAdvanceRound called	{"{current_round 20 3  <nil>}": {"Key":"self","Type":15,"Integer":0,"String":"a","Interface":null}}
2025-08-15T22:13:12.115-0500	DEBUG	protocol/handler.go:1591	have processed broadcast	{"{round 20 3  <nil>}": {"Key":"from","Type":15,"Integer":0,"String":"b","Interface":null}}
2025-08-15T22:13:12.120-0500	DEBUG	protocol/handler.go:1591	have processed broadcast	{"{round 20 3  <nil>}": {"Key":"from","Type":15,"Integer":0,"String":"c","Interface":null}}
2025-08-15T22:13:12.120-0500	DEBUG	protocol/handler.go:1649	have all messages and processed	{"{round 20 3  <nil>}": {"Key":"self","Type":15,"Integer":0,"String":"a","Interface":null}}
2025-08-15T22:13:12.124-0500	DEBUG	protocol/handler.go:596	round already finalized
2025-08-15T22:13:12.126-0500	DEBUG	protocol/handler.go:581	tryAdvanceRound called	{"{current_round 20 3  <nil>}": {"Key":"self","Type":15,"Integer":0,"String":"a","Interface":null}}
2025-08-15T22:13:12.126-0500	DEBUG	protocol/handler.go:1591	have processed broadcast	{"{round 20 3  <nil>}": {"Key":"from","Type":15,"Integer":0,"String":"b","Interface":null}}
2025-08-15T22:13:12.126-0500	DEBUG	protocol/handler.go:1591	have processed broadcast	{"{round 20 3  <nil>}": {"Key":"from","Type":15,"Integer":0,"String":"c","Interface":null}}
2025-08-15T22:13:12.126-0500	DEBUG	protocol/handler.go:1649	have all messages and processed	{"{round 20 3  <nil>}": {"Key":"self","Type":15,"Integer":0,"String":"a","Interface":null}}
2025-08-15T22:13:12.126-0500	DEBUG	protocol/handler.go:596	round already finalized
2025-08-15T22:13:12.143-0500	DEBUG	protocol/handler.go:581	tryAdvanceRound called	{"{current_round 20 3  <nil>}": {"Key":"self","Type":15,"Integer":0,"String":"a","Interface":null}}
2025-08-15T22:13:12.143-0500	DEBUG	protocol/handler.go:1591	have processed broadcast	{"{round 20 3  <nil>}": {"Key":"from","Type":15,"Integer":0,"String":"b","Interface":null}}
2025-08-15T22:13:12.144-0500	DEBUG	protocol/handler.go:1591	have processed broadcast	{"{round 20 3  <nil>}": {"Key":"from","Type":15,"Integer":0,"String":"c","Interface":null}}
2025-08-15T22:13:12.144-0500	DEBUG	protocol/handler.go:1649	have all messages and processed	{"{round 20 3  <nil>}": {"Key":"self","Type":15,"Integer":0,"String":"a","Interface":null}}
2025-08-15T22:13:12.144-0500	DEBUG	protocol/handler.go:596	round already finalized
2025-08-15T22:13:12.170-0500	DEBUG	protocol/handler.go:581	tryAdvanceRound called	{"{current_round 20 3  <nil>}": {"Key":"self","Type":15,"Integer":0,"String":"a","Interface":null}}
2025-08-15T22:13:12.170-0500	DEBUG	protocol/handler.go:1591	have processed broadcast	{"{round 20 3  <nil>}": {"Key":"from","Type":15,"Integer":0,"String":"b","Interface":null}}
2025-08-15T22:13:12.170-0500	DEBUG	protocol/handler.go:1591	have processed broadcast	{"{round 20 3  <nil>}": {"Key":"from","Type":15,"Integer":0,"String":"c","Interface":null}}
2025-08-15T22:13:12.170-0500	DEBUG	protocol/handler.go:1649	have all messages and processed	{"{round 20 3  <nil>}": {"Key":"self","Type":15,"Integer":0,"String":"a","Interface":null}}
2025-08-15T22:13:12.170-0500	DEBUG	protocol/handler.go:596	round already finalized
2025-08-15T22:13:12.216-0500	DEBUG	protocol/handler.go:581	tryAdvanceRound called	{"{current_round 20 3  <nil>}": {"Key":"self","Type":15,"Integer":0,"String":"a","Interface":null}}
2025-08-15T22:13:12.216-0500	DEBUG	protocol/handler.go:1591	have processed broadcast	{"{round 20 3  <nil>}": {"Key":"from","Type":15,"Integer":0,"String":"b","Interface":null}}
2025-08-15T22:13:12.216-0500	DEBUG	protocol/handler.go:1591	have processed broadcast	{"{round 20 3  <nil>}": {"Key":"from","Type":15,"Integer":0,"String":"c","Interface":null}}
2025-08-15T22:13:12.216-0500	DEBUG	protocol/handler.go:1649	have all messages and processed	{"{round 20 3  <nil>}": {"Key":"self","Type":15,"Integer":0,"String":"a","Interface":null}}
2025-08-15T22:13:12.217-0500	DEBUG	protocol/handler.go:596	round already finalized
2025-08-15T22:13:12.217-0500	DEBUG	protocol/handler.go:581	tryAdvanceRound called	{"{current_round 20 3  <nil>}": {"Key":"self","Type":15,"Integer":0,"String":"a","Interface":null}}
2025-08-15T22:13:12.218-0500	DEBUG	protocol/handler.go:1591	have processed broadcast	{"{round 20 3  <nil>}": {"Key":"from","Type":15,"Integer":0,"String":"b","Interface":null}}
2025-08-15T22:13:12.218-0500	DEBUG	protocol/handler.go:1591	have processed broadcast	{"{round 20 3  <nil>}": {"Key":"from","Type":15,"Integer":0,"String":"c","Interface":null}}
2025-08-15T22:13:12.218-0500	DEBUG	protocol/handler.go:1649	have all messages and processed	{"{round 20 3  <nil>}": {"Key":"self","Type":15,"Integer":0,"String":"a","Interface":null}}
2025-08-15T22:13:12.218-0500	DEBUG	protocol/handler.go:596	round already finalized
2025-08-15T22:13:12.223-0500	DEBUG	protocol/handler.go:581	tryAdvanceRound called	{"{current_round 20 3  <nil>}": {"Key":"self","Type":15,"Integer":0,"String":"c","Interface":null}}
2025-08-15T22:13:12.225-0500	DEBUG	protocol/handler.go:1591	have processed broadcast	{"{round 20 3  <nil>}": {"Key":"from","Type":15,"Integer":0,"String":"a","Interface":null}}
2025-08-15T22:13:12.225-0500	DEBUG	protocol/handler.go:1591	have processed broadcast	{"{round 20 3  <nil>}": {"Key":"from","Type":15,"Integer":0,"String":"b","Interface":null}}
2025-08-15T22:13:12.225-0500	DEBUG	protocol/handler.go:1649	have all messages and processed	{"{round 20 3  <nil>}": {"Key":"self","Type":15,"Integer":0,"String":"c","Interface":null}}
2025-08-15T22:13:12.225-0500	DEBUG	protocol/handler.go:596	round already finalized
2025-08-15T22:13:12.225-0500	DEBUG	protocol/handler.go:581	tryAdvanceRound called	{"{current_round 20 3  <nil>}": {"Key":"self","Type":15,"Integer":0,"String":"c","Interface":null}}
2025-08-15T22:13:12.225-0500	DEBUG	protocol/handler.go:1591	have processed broadcast	{"{round 20 3  <nil>}": {"Key":"from","Type":15,"Integer":0,"String":"a","Interface":null}}
2025-08-15T22:13:12.225-0500	DEBUG	protocol/handler.go:1591	have processed broadcast	{"{round 20 3  <nil>}": {"Key":"from","Type":15,"Integer":0,"String":"b","Interface":null}}
2025-08-15T22:13:12.225-0500	DEBUG	protocol/handler.go:1649	have all messages and processed	{"{round 20 3  <nil>}": {"Key":"self","Type":15,"Integer":0,"String":"c","Interface":null}}
2025-08-15T22:13:12.225-0500	DEBUG	protocol/handler.go:596	round already finalized
2025-08-15T22:13:12.225-0500	DEBUG	protocol/handler.go:581	tryAdvanceRound called	{"{current_round 20 3  <nil>}": {"Key":"self","Type":15,"Integer":0,"String":"c","Interface":null}}
2025-08-15T22:13:12.225-0500	DEBUG	protocol/handler.go:1591	have processed broadcast	{"{round 20 3  <nil>}": {"Key":"from","Type":15,"Integer":0,"String":"a","Interface":null}}
2025-08-15T22:13:12.225-0500	DEBUG	protocol/handler.go:1591	have processed broadcast	{"{round 20 3  <nil>}": {"Key":"from","Type":15,"Integer":0,"String":"b","Interface":null}}
2025-08-15T22:13:12.255-0500	DEBUG	protocol/handler.go:581	tryAdvanceRound called	{"{current_round 20 3  <nil>}": {"Key":"self","Type":15,"Integer":0,"String":"a","Interface":null}}
2025-08-15T22:13:12.255-0500	DEBUG	protocol/handler.go:1591	have processed broadcast	{"{round 20 3  <nil>}": {"Key":"from","Type":15,"Integer":0,"String":"b","Interface":null}}
2025-08-15T22:13:12.255-0500	DEBUG	protocol/handler.go:1591	have processed broadcast	{"{round 20 3  <nil>}": {"Key":"from","Type":15,"Integer":0,"String":"c","Interface":null}}
2025-08-15T22:13:12.255-0500	DEBUG	protocol/handler.go:1649	have all messages and processed	{"{round 20 3  <nil>}": {"Key":"self","Type":15,"Integer":0,"String":"a","Interface":null}}
2025-08-15T22:13:12.260-0500	DEBUG	protocol/handler.go:596	round already finalized
2025-08-15T22:13:12.261-0500	DEBUG	protocol/handler.go:581	tryAdvanceRound called	{"{current_round 20 3  <nil>}": {"Key":"self","Type":15,"Integer":0,"String":"b","Interface":null}}
2025-08-15T22:13:12.261-0500	DEBUG	protocol/handler.go:1591	have processed broadcast	{"{round 20 3  <nil>}": {"Key":"from","Type":15,"Integer":0,"String":"a","Interface":null}}
2025-08-15T22:13:12.261-0500	DEBUG	protocol/handler.go:1591	have processed broadcast	{"{round 20 3  <nil>}": {"Key":"from","Type":15,"Integer":0,"String":"c","Interface":null}}
2025-08-15T22:13:12.261-0500	DEBUG	protocol/handler.go:1649	have all messages and processed	{"{round 20 3  <nil>}": {"Key":"self","Type":15,"Integer":0,"String":"b","Interface":null}}
2025-08-15T22:13:12.261-0500	DEBUG	protocol/handler.go:596	round already finalized
2025-08-15T22:13:12.261-0500	DEBUG	protocol/handler.go:581	tryAdvanceRound called	{"{current_round 20 3  <nil>}": {"Key":"self","Type":15,"Integer":0,"String":"b","Interface":null}}
2025-08-15T22:13:12.261-0500	DEBUG	protocol/handler.go:1591	have processed broadcast	{"{round 20 3  <nil>}": {"Key":"from","Type":15,"Integer":0,"String":"a","Interface":null}}
2025-08-15T22:13:12.261-0500	DEBUG	protocol/handler.go:1591	have processed broadcast	{"{round 20 3  <nil>}": {"Key":"from","Type":15,"Integer":0,"String":"c","Interface":null}}
2025-08-15T22:13:12.261-0500	DEBUG	protocol/handler.go:1649	have all messages and processed	{"{round 20 3  <nil>}": {"Key":"self","Type":15,"Integer":0,"String":"b","Interface":null}}
2025-08-15T22:13:12.261-0500	DEBUG	protocol/handler.go:596	round already finalized
2025-08-15T22:13:12.276-0500	DEBUG	protocol/handler.go:581	tryAdvanceRound called	{"{current_round 20 3  <nil>}": {"Key":"self","Type":15,"Integer":0,"String":"b","Interface":null}}
2025-08-15T22:13:12.277-0500	DEBUG	protocol/handler.go:1591	have processed broadcast	{"{round 20 3  <nil>}": {"Key":"from","Type":15,"Integer":0,"String":"a","Interface":null}}
2025-08-15T22:13:12.277-0500	DEBUG	protocol/handler.go:1591	have processed broadcast	{"{round 20 3  <nil>}": {"Key":"from","Type":15,"Integer":0,"String":"c","Interface":null}}
2025-08-15T22:13:12.277-0500	DEBUG	protocol/handler.go:1649	have all messages and processed	{"{round 20 3  <nil>}": {"Key":"self","Type":15,"Integer":0,"String":"b","Interface":null}}
2025-08-15T22:13:12.277-0500	DEBUG	protocol/handler.go:596	round already finalized
2025-08-15T22:13:12.231-0500	DEBUG	protocol/handler.go:1649	have all messages and processed	{"{round 20 3  <nil>}": {"Key":"self","Type":15,"Integer":0,"String":"c","Interface":null}}
2025-08-15T22:13:12.321-0500	DEBUG	protocol/handler.go:596	round already finalized
2025-08-15T22:13:12.321-0500	DEBUG	protocol/handler.go:581	tryAdvanceRound called	{"{current_round 20 3  <nil>}": {"Key":"self","Type":15,"Integer":0,"String":"c","Interface":null}}
2025-08-15T22:13:12.321-0500	DEBUG	protocol/handler.go:1591	have processed broadcast	{"{round 20 3  <nil>}": {"Key":"from","Type":15,"Integer":0,"String":"a","Interface":null}}
2025-08-15T22:13:12.321-0500	DEBUG	protocol/handler.go:1591	have processed broadcast	{"{round 20 3  <nil>}": {"Key":"from","Type":15,"Integer":0,"String":"b","Interface":null}}
2025-08-15T22:13:12.322-0500	DEBUG	protocol/handler.go:1649	have all messages and processed	{"{round 20 3  <nil>}": {"Key":"self","Type":15,"Integer":0,"String":"c","Interface":null}}
2025-08-15T22:13:12.322-0500	DEBUG	protocol/handler.go:596	round already finalized
2025-08-15T22:13:12.325-0500	DEBUG	protocol/handler.go:581	tryAdvanceRound called	{"{current_round 20 3  <nil>}": {"Key":"self","Type":15,"Integer":0,"String":"a","Interface":null}}
2025-08-15T22:13:12.325-0500	DEBUG	protocol/handler.go:1591	have processed broadcast	{"{round 20 3  <nil>}": {"Key":"from","Type":15,"Integer":0,"String":"b","Interface":null}}
2025-08-15T22:13:12.328-0500	DEBUG	protocol/handler.go:1591	have processed broadcast	{"{round 20 3  <nil>}": {"Key":"from","Type":15,"Integer":0,"String":"c","Interface":null}}
2025-08-15T22:13:12.328-0500	DEBUG	protocol/handler.go:1649	have all messages and processed	{"{round 20 3  <nil>}": {"Key":"self","Type":15,"Integer":0,"String":"a","Interface":null}}
2025-08-15T22:13:12.328-0500	DEBUG	protocol/handler.go:596	round already finalized
2025-08-15T22:13:12.328-0500	DEBUG	protocol/handler.go:581	tryAdvanceRound called	{"{current_round 20 3  <nil>}": {"Key":"self","Type":15,"Integer":0,"String":"a","Interface":null}}
2025-08-15T22:13:12.328-0500	DEBUG	protocol/handler.go:1591	have processed broadcast	{"{round 20 3  <nil>}": {"Key":"from","Type":15,"Integer":0,"String":"b","Interface":null}}
2025-08-15T22:13:12.328-0500	DEBUG	protocol/handler.go:1591	have processed broadcast	{"{round 20 3  <nil>}": {"Key":"from","Type":15,"Integer":0,"String":"c","Interface":null}}
2025-08-15T22:13:12.328-0500	DEBUG	protocol/handler.go:1649	have all messages and processed	{"{round 20 3  <nil>}": {"Key":"self","Type":15,"Integer":0,"String":"a","Interface":null}}
2025-08-15T22:13:12.329-0500	DEBUG	protocol/handler.go:596	round already finalized
2025-08-15T22:13:12.329-0500	DEBUG	protocol/handler.go:581	tryAdvanceRound called	{"{current_round 20 3  <nil>}": {"Key":"self","Type":15,"Integer":0,"String":"a","Interface":null}}
2025-08-15T22:13:12.329-0500	DEBUG	protocol/handler.go:1591	have processed broadcast	{"{round 20 3  <nil>}": {"Key":"from","Type":15,"Integer":0,"String":"b","Interface":null}}
2025-08-15T22:13:12.329-0500	DEBUG	protocol/handler.go:1591	have processed broadcast	{"{round 20 3  <nil>}": {"Key":"from","Type":15,"Integer":0,"String":"c","Interface":null}}
2025-08-15T22:13:12.329-0500	DEBUG	protocol/handler.go:1649	have all messages and processed	{"{round 20 3  <nil>}": {"Key":"self","Type":15,"Integer":0,"String":"a","Interface":null}}
2025-08-15T22:13:12.329-0500	DEBUG	protocol/handler.go:596	round already finalized
2025-08-15T22:13:12.338-0500	DEBUG	protocol/handler.go:581	tryAdvanceRound called	{"{current_round 20 3  <nil>}": {"Key":"self","Type":15,"Integer":0,"String":"a","Interface":null}}
2025-08-15T22:13:12.338-0500	DEBUG	protocol/handler.go:1591	have processed broadcast	{"{round 20 3  <nil>}": {"Key":"from","Type":15,"Integer":0,"String":"b","Interface":null}}
2025-08-15T22:13:12.338-0500	DEBUG	protocol/handler.go:1591	have processed broadcast	{"{round 20 3  <nil>}": {"Key":"from","Type":15,"Integer":0,"String":"c","Interface":null}}
2025-08-15T22:13:12.338-0500	DEBUG	protocol/handler.go:1649	have all messages and processed	{"{round 20 3  <nil>}": {"Key":"self","Type":15,"Integer":0,"String":"a","Interface":null}}
2025-08-15T22:13:12.339-0500	DEBUG	protocol/handler.go:596	round already finalized
2025-08-15T22:13:12.350-0500	DEBUG	protocol/handler.go:581	tryAdvanceRound called	{"{current_round 20 3  <nil>}": {"Key":"self","Type":15,"Integer":0,"String":"b","Interface":null}}
2025-08-15T22:13:12.352-0500	DEBUG	protocol/handler.go:1591	have processed broadcast	{"{round 20 3  <nil>}": {"Key":"from","Type":15,"Integer":0,"String":"a","Interface":null}}
2025-08-15T22:13:12.352-0500	DEBUG	protocol/handler.go:1591	have processed broadcast	{"{round 20 3  <nil>}": {"Key":"from","Type":15,"Integer":0,"String":"c","Interface":null}}
2025-08-15T22:13:12.352-0500	DEBUG	protocol/handler.go:1649	have all messages and processed	{"{round 20 3  <nil>}": {"Key":"self","Type":15,"Integer":0,"String":"b","Interface":null}}
2025-08-15T22:13:12.352-0500	DEBUG	protocol/handler.go:596	round already finalized
2025-08-15T22:13:12.363-0500	DEBUG	protocol/handler.go:581	tryAdvanceRound called	{"{current_round 20 3  <nil>}": {"Key":"self","Type":15,"Integer":0,"String":"a","Interface":null}}
2025-08-15T22:13:12.363-0500	DEBUG	protocol/handler.go:581	tryAdvanceRound called	{"{current_round 20 3  <nil>}": {"Key":"self","Type":15,"Integer":0,"String":"b","Interface":null}}
2025-08-15T22:13:12.363-0500	DEBUG	protocol/handler.go:581	tryAdvanceRound called	{"{current_round 20 3  <nil>}": {"Key":"self","Type":15,"Integer":0,"String":"c","Interface":null}}
2025-08-15T22:13:12.363-0500	DEBUG	protocol/handler.go:1591	have processed broadcast	{"{round 20 3  <nil>}": {"Key":"from","Type":15,"Integer":0,"String":"a","Interface":null}}
2025-08-15T22:13:12.363-0500	DEBUG	protocol/handler.go:1591	have processed broadcast	{"{round 20 3  <nil>}": {"Key":"from","Type":15,"Integer":0,"String":"a","Interface":null}}
2025-08-15T22:13:12.363-0500	DEBUG	protocol/handler.go:1591	have processed broadcast	{"{round 20 3  <nil>}": {"Key":"from","Type":15,"Integer":0,"String":"c","Interface":null}}
2025-08-15T22:13:12.363-0500	DEBUG	protocol/handler.go:1649	have all messages and processed	{"{round 20 3  <nil>}": {"Key":"self","Type":15,"Integer":0,"String":"b","Interface":null}}
2025-08-15T22:13:12.363-0500	DEBUG	protocol/handler.go:596	round already finalized
2025-08-15T22:13:12.363-0500	DEBUG	protocol/handler.go:1591	have processed broadcast	{"{round 20 3  <nil>}": {"Key":"from","Type":15,"Integer":0,"String":"b","Interface":null}}
2025-08-15T22:13:12.363-0500	DEBUG	protocol/handler.go:1649	have all messages and processed	{"{round 20 3  <nil>}": {"Key":"self","Type":15,"Integer":0,"String":"c","Interface":null}}
2025-08-15T22:13:12.363-0500	DEBUG	protocol/handler.go:596	round already finalized
2025-08-15T22:13:12.363-0500	DEBUG	protocol/handler.go:581	tryAdvanceRound called	{"{current_round 20 3  <nil>}": {"Key":"self","Type":15,"Integer":0,"String":"c","Interface":null}}
2025-08-15T22:13:12.363-0500	DEBUG	protocol/handler.go:1591	have processed broadcast	{"{round 20 3  <nil>}": {"Key":"from","Type":15,"Integer":0,"String":"a","Interface":null}}
2025-08-15T22:13:12.363-0500	DEBUG	protocol/handler.go:1591	have processed broadcast	{"{round 20 3  <nil>}": {"Key":"from","Type":15,"Integer":0,"String":"b","Interface":null}}
2025-08-15T22:13:12.363-0500	DEBUG	protocol/handler.go:1649	have all messages and processed	{"{round 20 3  <nil>}": {"Key":"self","Type":15,"Integer":0,"String":"c","Interface":null}}
2025-08-15T22:13:12.363-0500	DEBUG	protocol/handler.go:596	round already finalized
2025-08-15T22:13:12.363-0500	DEBUG	protocol/handler.go:1591	have processed broadcast	{"{round 20 3  <nil>}": {"Key":"from","Type":15,"Integer":0,"String":"b","Interface":null}}
2025-08-15T22:13:12.364-0500	DEBUG	protocol/handler.go:1591	have processed broadcast	{"{round 20 3  <nil>}": {"Key":"from","Type":15,"Integer":0,"String":"c","Interface":null}}
2025-08-15T22:13:12.364-0500	DEBUG	protocol/handler.go:1649	have all messages and processed	{"{round 20 3  <nil>}": {"Key":"self","Type":15,"Integer":0,"String":"a","Interface":null}}
2025-08-15T22:13:12.364-0500	DEBUG	protocol/handler.go:596	round already finalized
2025-08-15T22:13:12.397-0500	DEBUG	protocol/handler.go:581	tryAdvanceRound called	{"{current_round 20 3  <nil>}": {"Key":"self","Type":15,"Integer":0,"String":"a","Interface":null}}
2025-08-15T22:13:12.397-0500	DEBUG	protocol/handler.go:1591	have processed broadcast	{"{round 20 3  <nil>}": {"Key":"from","Type":15,"Integer":0,"String":"b","Interface":null}}
2025-08-15T22:13:12.397-0500	DEBUG	protocol/handler.go:1591	have processed broadcast	{"{round 20 3  <nil>}": {"Key":"from","Type":15,"Integer":0,"String":"c","Interface":null}}
2025-08-15T22:13:12.408-0500	DEBUG	protocol/handler.go:581	tryAdvanceRound called	{"{current_round 20 3  <nil>}": {"Key":"self","Type":15,"Integer":0,"String":"b","Interface":null}}
2025-08-15T22:13:12.408-0500	DEBUG	protocol/handler.go:1591	have processed broadcast	{"{round 20 3  <nil>}": {"Key":"from","Type":15,"Integer":0,"String":"a","Interface":null}}
2025-08-15T22:13:12.409-0500	DEBUG	protocol/handler.go:1591	have processed broadcast	{"{round 20 3  <nil>}": {"Key":"from","Type":15,"Integer":0,"String":"c","Interface":null}}
2025-08-15T22:13:12.409-0500	DEBUG	protocol/handler.go:1649	have all messages and processed	{"{round 20 3  <nil>}": {"Key":"self","Type":15,"Integer":0,"String":"b","Interface":null}}
2025-08-15T22:13:12.409-0500	DEBUG	protocol/handler.go:596	round already finalized
2025-08-15T22:13:12.409-0500	DEBUG	protocol/handler.go:581	tryAdvanceRound called	{"{current_round 20 3  <nil>}": {"Key":"self","Type":15,"Integer":0,"String":"b","Interface":null}}
2025-08-15T22:13:12.409-0500	DEBUG	protocol/handler.go:1591	have processed broadcast	{"{round 20 3  <nil>}": {"Key":"from","Type":15,"Integer":0,"String":"a","Interface":null}}
2025-08-15T22:13:12.409-0500	DEBUG	protocol/handler.go:1591	have processed broadcast	{"{round 20 3  <nil>}": {"Key":"from","Type":15,"Integer":0,"String":"c","Interface":null}}
2025-08-15T22:13:12.409-0500	DEBUG	protocol/handler.go:1649	have all messages and processed	{"{round 20 3  <nil>}": {"Key":"self","Type":15,"Integer":0,"String":"b","Interface":null}}
2025-08-15T22:13:12.409-0500	DEBUG	protocol/handler.go:596	round already finalized
2025-08-15T22:13:12.409-0500	DEBUG	protocol/handler.go:581	tryAdvanceRound called	{"{current_round 20 3  <nil>}": {"Key":"self","Type":15,"Integer":0,"String":"c","Interface":null}}
2025-08-15T22:13:12.409-0500	DEBUG	protocol/handler.go:1591	have processed broadcast	{"{round 20 3  <nil>}": {"Key":"from","Type":15,"Integer":0,"String":"a","Interface":null}}
2025-08-15T22:13:12.409-0500	DEBUG	protocol/handler.go:1591	have processed broadcast	{"{round 20 3  <nil>}": {"Key":"from","Type":15,"Integer":0,"String":"b","Interface":null}}
2025-08-15T22:13:12.409-0500	DEBUG	protocol/handler.go:1649	have all messages and processed	{"{round 20 3  <nil>}": {"Key":"self","Type":15,"Integer":0,"String":"c","Interface":null}}
2025-08-15T22:13:12.409-0500	DEBUG	protocol/handler.go:596	round already finalized
2025-08-15T22:13:12.409-0500	DEBUG	protocol/handler.go:581	tryAdvanceRound called	{"{current_round 20 3  <nil>}": {"Key":"self","Type":15,"Integer":0,"String":"c","Interface":null}}
2025-08-15T22:13:12.409-0500	DEBUG	protocol/handler.go:1591	have processed broadcast	{"{round 20 3  <nil>}": {"Key":"from","Type":15,"Integer":0,"String":"a","Interface":null}}
2025-08-15T22:13:12.409-0500	DEBUG	protocol/handler.go:1591	have processed broadcast	{"{round 20 3  <nil>}": {"Key":"from","Type":15,"Integer":0,"String":"b","Interface":null}}
2025-08-15T22:13:12.409-0500	DEBUG	protocol/handler.go:1649	have all messages and processed	{"{round 20 3  <nil>}": {"Key":"self","Type":15,"Integer":0,"String":"c","Interface":null}}
2025-08-15T22:13:12.409-0500	DEBUG	protocol/handler.go:596	round already finalized
2025-08-15T22:13:12.453-0500	DEBUG	protocol/handler.go:581	tryAdvanceRound called	{"{current_round 20 3  <nil>}": {"Key":"self","Type":15,"Integer":0,"String":"c","Interface":null}}
2025-08-15T22:13:12.453-0500	DEBUG	protocol/handler.go:1591	have processed broadcast	{"{round 20 3  <nil>}": {"Key":"from","Type":15,"Integer":0,"String":"a","Interface":null}}
2025-08-15T22:13:12.453-0500	DEBUG	protocol/handler.go:1591	have processed broadcast	{"{round 20 3  <nil>}": {"Key":"from","Type":15,"Integer":0,"String":"b","Interface":null}}
2025-08-15T22:13:12.465-0500	DEBUG	protocol/handler.go:581	tryAdvanceRound called	{"{current_round 20 3  <nil>}": {"Key":"self","Type":15,"Integer":0,"String":"b","Interface":null}}
2025-08-15T22:13:12.465-0500	DEBUG	protocol/handler.go:1591	have processed broadcast	{"{round 20 3  <nil>}": {"Key":"from","Type":15,"Integer":0,"String":"a","Interface":null}}
2025-08-15T22:13:12.465-0500	DEBUG	protocol/handler.go:1591	have processed broadcast	{"{round 20 3  <nil>}": {"Key":"from","Type":15,"Integer":0,"String":"c","Interface":null}}
2025-08-15T22:13:12.465-0500	DEBUG	protocol/handler.go:1649	have all messages and processed	{"{round 20 3  <nil>}": {"Key":"self","Type":15,"Integer":0,"String":"b","Interface":null}}
2025-08-15T22:13:12.465-0500	DEBUG	protocol/handler.go:596	round already finalized
2025-08-15T22:13:12.465-0500	DEBUG	protocol/handler.go:581	tryAdvanceRound called	{"{current_round 20 3  <nil>}": {"Key":"self","Type":15,"Integer":0,"String":"b","Interface":null}}
2025-08-15T22:13:12.465-0500	DEBUG	protocol/handler.go:1591	have processed broadcast	{"{round 20 3  <nil>}": {"Key":"from","Type":15,"Integer":0,"String":"a","Interface":null}}
2025-08-15T22:13:12.465-0500	DEBUG	protocol/handler.go:1591	have processed broadcast	{"{round 20 3  <nil>}": {"Key":"from","Type":15,"Integer":0,"String":"c","Interface":null}}
2025-08-15T22:13:12.466-0500	DEBUG	protocol/handler.go:1649	have all messages and processed	{"{round 20 3  <nil>}": {"Key":"self","Type":15,"Integer":0,"String":"b","Interface":null}}
2025-08-15T22:13:12.466-0500	DEBUG	protocol/handler.go:596	round already finalized
2025-08-15T22:13:12.397-0500	DEBUG	protocol/handler.go:1649	have all messages and processed	{"{round 20 3  <nil>}": {"Key":"self","Type":15,"Integer":0,"String":"a","Interface":null}}
2025-08-15T22:13:12.483-0500	DEBUG	protocol/handler.go:581	tryAdvanceRound called	{"{current_round 20 3  <nil>}": {"Key":"self","Type":15,"Integer":0,"String":"b","Interface":null}}
2025-08-15T22:13:12.483-0500	DEBUG	protocol/handler.go:1591	have processed broadcast	{"{round 20 3  <nil>}": {"Key":"from","Type":15,"Integer":0,"String":"a","Interface":null}}
2025-08-15T22:13:12.483-0500	DEBUG	protocol/handler.go:1591	have processed broadcast	{"{round 20 3  <nil>}": {"Key":"from","Type":15,"Integer":0,"String":"c","Interface":null}}
2025-08-15T22:13:12.483-0500	DEBUG	protocol/handler.go:1649	have all messages and processed	{"{round 20 3  <nil>}": {"Key":"self","Type":15,"Integer":0,"String":"b","Interface":null}}
2025-08-15T22:13:12.483-0500	DEBUG	protocol/handler.go:596	round already finalized
2025-08-15T22:13:12.482-0500	DEBUG	protocol/handler.go:596	round already finalized
2025-08-15T22:13:12.453-0500	DEBUG	protocol/handler.go:1649	have all messages and processed	{"{round 20 3  <nil>}": {"Key":"self","Type":15,"Integer":0,"String":"c","Interface":null}}
2025-08-15T22:13:12.493-0500	DEBUG	protocol/handler.go:596	round already finalized
2025-08-15T22:13:12.494-0500	DEBUG	protocol/handler.go:581	tryAdvanceRound called	{"{current_round 20 3  <nil>}": {"Key":"self","Type":15,"Integer":0,"String":"c","Interface":null}}
2025-08-15T22:13:12.502-0500	DEBUG	protocol/handler.go:1591	have processed broadcast	{"{round 20 3  <nil>}": {"Key":"from","Type":15,"Integer":0,"String":"a","Interface":null}}
2025-08-15T22:13:12.503-0500	DEBUG	protocol/handler.go:1591	have processed broadcast	{"{round 20 3  <nil>}": {"Key":"from","Type":15,"Integer":0,"String":"b","Interface":null}}
2025-08-15T22:13:12.503-0500	DEBUG	protocol/handler.go:1649	have all messages and processed	{"{round 20 3  <nil>}": {"Key":"self","Type":15,"Integer":0,"String":"c","Interface":null}}
2025-08-15T22:13:12.503-0500	DEBUG	protocol/handler.go:596	round already finalized
2025-08-15T22:13:12.503-0500	DEBUG	protocol/handler.go:581	tryAdvanceRound called	{"{current_round 20 3  <nil>}": {"Key":"self","Type":15,"Integer":0,"String":"c","Interface":null}}
2025-08-15T22:13:12.504-0500	DEBUG	protocol/handler.go:1591	have processed broadcast	{"{round 20 3  <nil>}": {"Key":"from","Type":15,"Integer":0,"String":"a","Interface":null}}
2025-08-15T22:13:12.504-0500	DEBUG	protocol/handler.go:1591	have processed broadcast	{"{round 20 3  <nil>}": {"Key":"from","Type":15,"Integer":0,"String":"b","Interface":null}}
2025-08-15T22:13:12.504-0500	DEBUG	protocol/handler.go:1649	have all messages and processed	{"{round 20 3  <nil>}": {"Key":"self","Type":15,"Integer":0,"String":"c","Interface":null}}
2025-08-15T22:13:12.505-0500	DEBUG	protocol/handler.go:596	round already finalized
2025-08-15T22:13:12.517-0500	DEBUG	protocol/handler.go:581	tryAdvanceRound called	{"{current_round 20 3  <nil>}": {"Key":"self","Type":15,"Integer":0,"String":"b","Interface":null}}
2025-08-15T22:13:12.518-0500	DEBUG	protocol/handler.go:1591	have processed broadcast	{"{round 20 3  <nil>}": {"Key":"from","Type":15,"Integer":0,"String":"a","Interface":null}}
2025-08-15T22:13:12.518-0500	DEBUG	protocol/handler.go:1591	have processed broadcast	{"{round 20 3  <nil>}": {"Key":"from","Type":15,"Integer":0,"String":"c","Interface":null}}
2025-08-15T22:13:12.518-0500	DEBUG	protocol/handler.go:1649	have all messages and processed	{"{round 20 3  <nil>}": {"Key":"self","Type":15,"Integer":0,"String":"b","Interface":null}}
2025-08-15T22:13:12.518-0500	DEBUG	protocol/handler.go:596	round already finalized
2025-08-15T22:13:12.537-0500	DEBUG	protocol/handler.go:581	tryAdvanceRound called	{"{current_round 20 3  <nil>}": {"Key":"self","Type":15,"Integer":0,"String":"a","Interface":null}}
2025-08-15T22:13:12.537-0500	DEBUG	protocol/handler.go:1591	have processed broadcast	{"{round 20 3  <nil>}": {"Key":"from","Type":15,"Integer":0,"String":"b","Interface":null}}
2025-08-15T22:13:12.537-0500	DEBUG	protocol/handler.go:1591	have processed broadcast	{"{round 20 3  <nil>}": {"Key":"from","Type":15,"Integer":0,"String":"c","Interface":null}}
2025-08-15T22:13:12.537-0500	DEBUG	protocol/handler.go:1649	have all messages and processed	{"{round 20 3  <nil>}": {"Key":"self","Type":15,"Integer":0,"String":"a","Interface":null}}
2025-08-15T22:13:12.537-0500	DEBUG	protocol/handler.go:596	round already finalized
2025-08-15T22:13:12.538-0500	DEBUG	protocol/handler.go:581	tryAdvanceRound called	{"{current_round 20 3  <nil>}": {"Key":"self","Type":15,"Integer":0,"String":"a","Interface":null}}
2025-08-15T22:13:12.538-0500	DEBUG	protocol/handler.go:1591	have processed broadcast	{"{round 20 3  <nil>}": {"Key":"from","Type":15,"Integer":0,"String":"b","Interface":null}}
2025-08-15T22:13:12.538-0500	DEBUG	protocol/handler.go:1591	have processed broadcast	{"{round 20 3  <nil>}": {"Key":"from","Type":15,"Integer":0,"String":"c","Interface":null}}
2025-08-15T22:13:12.538-0500	DEBUG	protocol/handler.go:1649	have all messages and processed	{"{round 20 3  <nil>}": {"Key":"self","Type":15,"Integer":0,"String":"a","Interface":null}}
2025-08-15T22:13:12.538-0500	DEBUG	protocol/handler.go:596	round already finalized
2025-08-15T22:13:12.544-0500	DEBUG	protocol/handler.go:581	tryAdvanceRound called	{"{current_round 20 3  <nil>}": {"Key":"self","Type":15,"Integer":0,"String":"b","Interface":null}}
2025-08-15T22:13:12.545-0500	DEBUG	protocol/handler.go:1591	have processed broadcast	{"{round 20 3  <nil>}": {"Key":"from","Type":15,"Integer":0,"String":"a","Interface":null}}
2025-08-15T22:13:12.545-0500	DEBUG	protocol/handler.go:1591	have processed broadcast	{"{round 20 3  <nil>}": {"Key":"from","Type":15,"Integer":0,"String":"c","Interface":null}}
2025-08-15T22:13:12.545-0500	DEBUG	protocol/handler.go:1649	have all messages and processed	{"{round 20 3  <nil>}": {"Key":"self","Type":15,"Integer":0,"String":"b","Interface":null}}
2025-08-15T22:13:12.546-0500	DEBUG	protocol/handler.go:596	round already finalized
2025-08-15T22:13:12.554-0500	DEBUG	protocol/handler.go:581	tryAdvanceRound called	{"{current_round 20 3  <nil>}": {"Key":"self","Type":15,"Integer":0,"String":"c","Interface":null}}
2025-08-15T22:13:12.554-0500	DEBUG	protocol/handler.go:1591	have processed broadcast	{"{round 20 3  <nil>}": {"Key":"from","Type":15,"Integer":0,"String":"a","Interface":null}}
2025-08-15T22:13:12.554-0500	DEBUG	protocol/handler.go:1591	have processed broadcast	{"{round 20 3  <nil>}": {"Key":"from","Type":15,"Integer":0,"String":"b","Interface":null}}
2025-08-15T22:13:12.554-0500	DEBUG	protocol/handler.go:1649	have all messages and processed	{"{round 20 3  <nil>}": {"Key":"self","Type":15,"Integer":0,"String":"c","Interface":null}}
2025-08-15T22:13:12.554-0500	DEBUG	protocol/handler.go:596	round already finalized
2025-08-15T22:13:12.554-0500	DEBUG	protocol/handler.go:581	tryAdvanceRound called	{"{current_round 20 3  <nil>}": {"Key":"self","Type":15,"Integer":0,"String":"c","Interface":null}}
2025-08-15T22:13:12.554-0500	DEBUG	protocol/handler.go:1591	have processed broadcast	{"{round 20 3  <nil>}": {"Key":"from","Type":15,"Integer":0,"String":"a","Interface":null}}
2025-08-15T22:13:12.554-0500	DEBUG	protocol/handler.go:1591	have processed broadcast	{"{round 20 3  <nil>}": {"Key":"from","Type":15,"Integer":0,"String":"b","Interface":null}}
2025-08-15T22:13:12.554-0500	DEBUG	protocol/handler.go:1649	have all messages and processed	{"{round 20 3  <nil>}": {"Key":"self","Type":15,"Integer":0,"String":"c","Interface":null}}
2025-08-15T22:13:12.554-0500	DEBUG	protocol/handler.go:596	round already finalized
2025-08-15T22:13:12.563-0500	DEBUG	protocol/handler.go:581	tryAdvanceRound called	{"{current_round 20 3  <nil>}": {"Key":"self","Type":15,"Integer":0,"String":"a","Interface":null}}
2025-08-15T22:13:12.564-0500	DEBUG	protocol/handler.go:1591	have processed broadcast	{"{round 20 3  <nil>}": {"Key":"from","Type":15,"Integer":0,"String":"b","Interface":null}}
2025-08-15T22:13:12.564-0500	DEBUG	protocol/handler.go:1591	have processed broadcast	{"{round 20 3  <nil>}": {"Key":"from","Type":15,"Integer":0,"String":"c","Interface":null}}
2025-08-15T22:13:12.564-0500	DEBUG	protocol/handler.go:1649	have all messages and processed	{"{round 20 3  <nil>}": {"Key":"self","Type":15,"Integer":0,"String":"a","Interface":null}}
2025-08-15T22:13:12.564-0500	DEBUG	protocol/handler.go:596	round already finalized
2025-08-15T22:13:12.579-0500	DEBUG	protocol/handler.go:581	tryAdvanceRound called	{"{current_round 20 3  <nil>}": {"Key":"self","Type":15,"Integer":0,"String":"c","Interface":null}}
2025-08-15T22:13:12.649-0500	DEBUG	protocol/handler.go:1591	have processed broadcast	{"{round 20 3  <nil>}": {"Key":"from","Type":15,"Integer":0,"String":"a","Interface":null}}
2025-08-15T22:13:12.649-0500	DEBUG	protocol/handler.go:1591	have processed broadcast	{"{round 20 3  <nil>}": {"Key":"from","Type":15,"Integer":0,"String":"b","Interface":null}}
2025-08-15T22:13:12.649-0500	DEBUG	protocol/handler.go:1649	have all messages and processed	{"{round 20 3  <nil>}": {"Key":"self","Type":15,"Integer":0,"String":"c","Interface":null}}
2025-08-15T22:13:12.650-0500	DEBUG	protocol/handler.go:596	round already finalized
2025-08-15T22:13:12.650-0500	DEBUG	protocol/handler.go:581	tryAdvanceRound called	{"{current_round 20 3  <nil>}": {"Key":"self","Type":15,"Integer":0,"String":"c","Interface":null}}
2025-08-15T22:13:12.650-0500	DEBUG	protocol/handler.go:1591	have processed broadcast	{"{round 20 3  <nil>}": {"Key":"from","Type":15,"Integer":0,"String":"a","Interface":null}}
2025-08-15T22:13:12.655-0500	DEBUG	protocol/handler.go:1591	have processed broadcast	{"{round 20 3  <nil>}": {"Key":"from","Type":15,"Integer":0,"String":"b","Interface":null}}
2025-08-15T22:13:12.655-0500	DEBUG	protocol/handler.go:1649	have all messages and processed	{"{round 20 3  <nil>}": {"Key":"self","Type":15,"Integer":0,"String":"c","Interface":null}}
2025-08-15T22:13:12.659-0500	DEBUG	protocol/handler.go:596	round already finalized
2025-08-15T22:13:12.659-0500	DEBUG	protocol/handler.go:581	tryAdvanceRound called	{"{current_round 20 3  <nil>}": {"Key":"self","Type":15,"Integer":0,"String":"c","Interface":null}}
2025-08-15T22:13:12.659-0500	DEBUG	protocol/handler.go:1591	have processed broadcast	{"{round 20 3  <nil>}": {"Key":"from","Type":15,"Integer":0,"String":"a","Interface":null}}
2025-08-15T22:13:12.659-0500	DEBUG	protocol/handler.go:1591	have processed broadcast	{"{round 20 3  <nil>}": {"Key":"from","Type":15,"Integer":0,"String":"b","Interface":null}}
2025-08-15T22:13:12.659-0500	DEBUG	protocol/handler.go:1649	have all messages and processed	{"{round 20 3  <nil>}": {"Key":"self","Type":15,"Integer":0,"String":"c","Interface":null}}
2025-08-15T22:13:12.664-0500	DEBUG	protocol/handler.go:596	round already finalized
2025-08-15T22:13:12.664-0500	DEBUG	protocol/handler.go:581	tryAdvanceRound called	{"{current_round 20 3  <nil>}": {"Key":"self","Type":15,"Integer":0,"String":"c","Interface":null}}
2025-08-15T22:13:12.666-0500	DEBUG	protocol/handler.go:1591	have processed broadcast	{"{round 20 3  <nil>}": {"Key":"from","Type":15,"Integer":0,"String":"a","Interface":null}}
2025-08-15T22:13:12.666-0500	DEBUG	protocol/handler.go:1591	have processed broadcast	{"{round 20 3  <nil>}": {"Key":"from","Type":15,"Integer":0,"String":"b","Interface":null}}
2025-08-15T22:13:12.666-0500	DEBUG	protocol/handler.go:1649	have all messages and processed	{"{round 20 3  <nil>}": {"Key":"self","Type":15,"Integer":0,"String":"c","Interface":null}}
2025-08-15T22:13:12.667-0500	DEBUG	protocol/handler.go:596	round already finalized
2025-08-15T22:13:12.585-0500	DEBUG	protocol/handler.go:581	tryAdvanceRound called	{"{current_round 20 3  <nil>}": {"Key":"self","Type":15,"Integer":0,"String":"b","Interface":null}}
2025-08-15T22:13:12.667-0500	DEBUG	protocol/handler.go:1591	have processed broadcast	{"{round 20 3  <nil>}": {"Key":"from","Type":15,"Integer":0,"String":"a","Interface":null}}
2025-08-15T22:13:12.667-0500	DEBUG	protocol/handler.go:1591	have processed broadcast	{"{round 20 3  <nil>}": {"Key":"from","Type":15,"Integer":0,"String":"c","Interface":null}}
2025-08-15T22:13:12.667-0500	DEBUG	protocol/handler.go:1649	have all messages and processed	{"{round 20 3  <nil>}": {"Key":"self","Type":15,"Integer":0,"String":"b","Interface":null}}
2025-08-15T22:13:12.667-0500	DEBUG	protocol/handler.go:596	round already finalized
2025-08-15T22:13:12.667-0500	DEBUG	protocol/handler.go:581	tryAdvanceRound called	{"{current_round 20 3  <nil>}": {"Key":"self","Type":15,"Integer":0,"String":"b","Interface":null}}
2025-08-15T22:13:12.668-0500	DEBUG	protocol/handler.go:1591	have processed broadcast	{"{round 20 3  <nil>}": {"Key":"from","Type":15,"Integer":0,"String":"a","Interface":null}}
2025-08-15T22:13:12.668-0500	DEBUG	protocol/handler.go:1591	have processed broadcast	{"{round 20 3  <nil>}": {"Key":"from","Type":15,"Integer":0,"String":"c","Interface":null}}
2025-08-15T22:13:12.668-0500	DEBUG	protocol/handler.go:1649	have all messages and processed	{"{round 20 3  <nil>}": {"Key":"self","Type":15,"Integer":0,"String":"b","Interface":null}}
2025-08-15T22:13:12.668-0500	DEBUG	protocol/handler.go:596	round already finalized
2025-08-15T22:13:12.588-0500	DEBUG	protocol/handler.go:581	tryAdvanceRound called	{"{current_round 20 3  <nil>}": {"Key":"self","Type":15,"Integer":0,"String":"a","Interface":null}}
2025-08-15T22:13:12.669-0500	DEBUG	protocol/handler.go:1591	have processed broadcast	{"{round 20 3  <nil>}": {"Key":"from","Type":15,"Integer":0,"String":"b","Interface":null}}
2025-08-15T22:13:12.669-0500	DEBUG	protocol/handler.go:1591	have processed broadcast	{"{round 20 3  <nil>}": {"Key":"from","Type":15,"Integer":0,"String":"c","Interface":null}}
2025-08-15T22:13:12.669-0500	DEBUG	protocol/handler.go:1649	have all messages and processed	{"{round 20 3  <nil>}": {"Key":"self","Type":15,"Integer":0,"String":"a","Interface":null}}
2025-08-15T22:13:12.669-0500	DEBUG	protocol/handler.go:596	round already finalized
2025-08-15T22:13:12.669-0500	DEBUG	protocol/handler.go:581	tryAdvanceRound called	{"{current_round 20 3  <nil>}": {"Key":"self","Type":15,"Integer":0,"String":"a","Interface":null}}
2025-08-15T22:13:12.669-0500	DEBUG	protocol/handler.go:1591	have processed broadcast	{"{round 20 3  <nil>}": {"Key":"from","Type":15,"Integer":0,"String":"b","Interface":null}}
2025-08-15T22:13:12.669-0500	DEBUG	protocol/handler.go:1591	have processed broadcast	{"{round 20 3  <nil>}": {"Key":"from","Type":15,"Integer":0,"String":"c","Interface":null}}
2025-08-15T22:13:12.669-0500	DEBUG	protocol/handler.go:1649	have all messages and processed	{"{round 20 3  <nil>}": {"Key":"self","Type":15,"Integer":0,"String":"a","Interface":null}}
2025-08-15T22:13:12.669-0500	DEBUG	protocol/handler.go:596	round already finalized
2025-08-15T22:13:12.703-0500	DEBUG	protocol/handler.go:581	tryAdvanceRound called	{"{current_round 20 3  <nil>}": {"Key":"self","Type":15,"Integer":0,"String":"a","Interface":null}}
2025-08-15T22:13:12.703-0500	DEBUG	protocol/handler.go:1591	have processed broadcast	{"{round 20 3  <nil>}": {"Key":"from","Type":15,"Integer":0,"String":"b","Interface":null}}
2025-08-15T22:13:12.703-0500	DEBUG	protocol/handler.go:1591	have processed broadcast	{"{round 20 3  <nil>}": {"Key":"from","Type":15,"Integer":0,"String":"c","Interface":null}}
2025-08-15T22:13:12.703-0500	DEBUG	protocol/handler.go:1649	have all messages and processed	{"{round 20 3  <nil>}": {"Key":"self","Type":15,"Integer":0,"String":"a","Interface":null}}
2025-08-15T22:13:12.703-0500	DEBUG	protocol/handler.go:596	round already finalized
2025-08-15T22:13:12.717-0500	DEBUG	protocol/handler.go:581	tryAdvanceRound called	{"{current_round 20 3  <nil>}": {"Key":"self","Type":15,"Integer":0,"String":"b","Interface":null}}
2025-08-15T22:13:12.717-0500	DEBUG	protocol/handler.go:1591	have processed broadcast	{"{round 20 3  <nil>}": {"Key":"from","Type":15,"Integer":0,"String":"a","Interface":null}}
2025-08-15T22:13:12.717-0500	DEBUG	protocol/handler.go:1591	have processed broadcast	{"{round 20 3  <nil>}": {"Key":"from","Type":15,"Integer":0,"String":"c","Interface":null}}
2025-08-15T22:13:12.717-0500	DEBUG	protocol/handler.go:1649	have all messages and processed	{"{round 20 3  <nil>}": {"Key":"self","Type":15,"Integer":0,"String":"b","Interface":null}}
2025-08-15T22:13:12.717-0500	DEBUG	protocol/handler.go:596	round already finalized
2025-08-15T22:13:12.717-0500	DEBUG	protocol/handler.go:581	tryAdvanceRound called	{"{current_round 20 3  <nil>}": {"Key":"self","Type":15,"Integer":0,"String":"b","Interface":null}}
2025-08-15T22:13:12.717-0500	DEBUG	protocol/handler.go:1591	have processed broadcast	{"{round 20 3  <nil>}": {"Key":"from","Type":15,"Integer":0,"String":"a","Interface":null}}
2025-08-15T22:13:12.717-0500	DEBUG	protocol/handler.go:1591	have processed broadcast	{"{round 20 3  <nil>}": {"Key":"from","Type":15,"Integer":0,"String":"c","Interface":null}}
2025-08-15T22:13:12.717-0500	DEBUG	protocol/handler.go:1649	have all messages and processed	{"{round 20 3  <nil>}": {"Key":"self","Type":15,"Integer":0,"String":"b","Interface":null}}
2025-08-15T22:13:12.717-0500	DEBUG	protocol/handler.go:596	round already finalized
2025-08-15T22:13:12.717-0500	DEBUG	protocol/handler.go:581	tryAdvanceRound called	{"{current_round 20 3  <nil>}": {"Key":"self","Type":15,"Integer":0,"String":"c","Interface":null}}
2025-08-15T22:13:12.717-0500	DEBUG	protocol/handler.go:1591	have processed broadcast	{"{round 20 3  <nil>}": {"Key":"from","Type":15,"Integer":0,"String":"a","Interface":null}}
2025-08-15T22:13:12.717-0500	DEBUG	protocol/handler.go:1591	have processed broadcast	{"{round 20 3  <nil>}": {"Key":"from","Type":15,"Integer":0,"String":"b","Interface":null}}
2025-08-15T22:13:12.717-0500	DEBUG	protocol/handler.go:1649	have all messages and processed	{"{round 20 3  <nil>}": {"Key":"self","Type":15,"Integer":0,"String":"c","Interface":null}}
2025-08-15T22:13:12.718-0500	DEBUG	protocol/handler.go:596	round already finalized
2025-08-15T22:13:12.718-0500	DEBUG	protocol/handler.go:581	tryAdvanceRound called	{"{current_round 20 3  <nil>}": {"Key":"self","Type":15,"Integer":0,"String":"c","Interface":null}}
2025-08-15T22:13:12.718-0500	DEBUG	protocol/handler.go:1591	have processed broadcast	{"{round 20 3  <nil>}": {"Key":"from","Type":15,"Integer":0,"String":"a","Interface":null}}
2025-08-15T22:13:12.718-0500	DEBUG	protocol/handler.go:1591	have processed broadcast	{"{round 20 3  <nil>}": {"Key":"from","Type":15,"Integer":0,"String":"b","Interface":null}}
2025-08-15T22:13:12.718-0500	DEBUG	protocol/handler.go:1649	have all messages and processed	{"{round 20 3  <nil>}": {"Key":"self","Type":15,"Integer":0,"String":"c","Interface":null}}
2025-08-15T22:13:12.718-0500	DEBUG	protocol/handler.go:596	round already finalized
2025-08-15T22:13:12.718-0500	DEBUG	protocol/handler.go:581	tryAdvanceRound called	{"{current_round 20 3  <nil>}": {"Key":"self","Type":15,"Integer":0,"String":"a","Interface":null}}
2025-08-15T22:13:12.718-0500	DEBUG	protocol/handler.go:1591	have processed broadcast	{"{round 20 3  <nil>}": {"Key":"from","Type":15,"Integer":0,"String":"b","Interface":null}}
2025-08-15T22:13:12.718-0500	DEBUG	protocol/handler.go:1591	have processed broadcast	{"{round 20 3  <nil>}": {"Key":"from","Type":15,"Integer":0,"String":"c","Interface":null}}
2025-08-15T22:13:12.718-0500	DEBUG	protocol/handler.go:1649	have all messages and processed	{"{round 20 3  <nil>}": {"Key":"self","Type":15,"Integer":0,"String":"a","Interface":null}}
2025-08-15T22:13:12.718-0500	DEBUG	protocol/handler.go:596	round already finalized
2025-08-15T22:13:12.748-0500	DEBUG	protocol/handler.go:581	tryAdvanceRound called	{"{current_round 20 3  <nil>}": {"Key":"self","Type":15,"Integer":0,"String":"a","Interface":null}}
2025-08-15T22:13:12.748-0500	DEBUG	protocol/handler.go:1591	have processed broadcast	{"{round 20 3  <nil>}": {"Key":"from","Type":15,"Integer":0,"String":"b","Interface":null}}
2025-08-15T22:13:12.748-0500	DEBUG	protocol/handler.go:1591	have processed broadcast	{"{round 20 3  <nil>}": {"Key":"from","Type":15,"Integer":0,"String":"c","Interface":null}}
2025-08-15T22:13:12.748-0500	DEBUG	protocol/handler.go:1649	have all messages and processed	{"{round 20 3  <nil>}": {"Key":"self","Type":15,"Integer":0,"String":"a","Interface":null}}
2025-08-15T22:13:12.748-0500	DEBUG	protocol/handler.go:596	round already finalized
2025-08-15T22:13:12.771-0500	DEBUG	protocol/handler.go:581	tryAdvanceRound called	{"{current_round 20 3  <nil>}": {"Key":"self","Type":15,"Integer":0,"String":"b","Interface":null}}
2025-08-15T22:13:12.771-0500	DEBUG	protocol/handler.go:1591	have processed broadcast	{"{round 20 3  <nil>}": {"Key":"from","Type":15,"Integer":0,"String":"a","Interface":null}}
2025-08-15T22:13:12.771-0500	DEBUG	protocol/handler.go:1591	have processed broadcast	{"{round 20 3  <nil>}": {"Key":"from","Type":15,"Integer":0,"String":"c","Interface":null}}
2025-08-15T22:13:12.771-0500	DEBUG	protocol/handler.go:1649	have all messages and processed	{"{round 20 3  <nil>}": {"Key":"self","Type":15,"Integer":0,"String":"b","Interface":null}}
2025-08-15T22:13:12.771-0500	DEBUG	protocol/handler.go:596	round already finalized
2025-08-15T22:13:12.771-0500	DEBUG	protocol/handler.go:581	tryAdvanceRound called	{"{current_round 20 3  <nil>}": {"Key":"self","Type":15,"Integer":0,"String":"b","Interface":null}}
2025-08-15T22:13:12.771-0500	DEBUG	protocol/handler.go:1591	have processed broadcast	{"{round 20 3  <nil>}": {"Key":"from","Type":15,"Integer":0,"String":"a","Interface":null}}
2025-08-15T22:13:12.771-0500	DEBUG	protocol/handler.go:1591	have processed broadcast	{"{round 20 3  <nil>}": {"Key":"from","Type":15,"Integer":0,"String":"c","Interface":null}}
2025-08-15T22:13:12.771-0500	DEBUG	protocol/handler.go:1649	have all messages and processed	{"{round 20 3  <nil>}": {"Key":"self","Type":15,"Integer":0,"String":"b","Interface":null}}
2025-08-15T22:13:12.771-0500	DEBUG	protocol/handler.go:596	round already finalized
2025-08-15T22:13:12.771-0500	DEBUG	protocol/handler.go:581	tryAdvanceRound called	{"{current_round 20 3  <nil>}": {"Key":"self","Type":15,"Integer":0,"String":"c","Interface":null}}
2025-08-15T22:13:12.772-0500	DEBUG	protocol/handler.go:1591	have processed broadcast	{"{round 20 3  <nil>}": {"Key":"from","Type":15,"Integer":0,"String":"a","Interface":null}}
2025-08-15T22:13:12.772-0500	DEBUG	protocol/handler.go:1591	have processed broadcast	{"{round 20 3  <nil>}": {"Key":"from","Type":15,"Integer":0,"String":"b","Interface":null}}
2025-08-15T22:13:12.772-0500	DEBUG	protocol/handler.go:1649	have all messages and processed	{"{round 20 3  <nil>}": {"Key":"self","Type":15,"Integer":0,"String":"c","Interface":null}}
2025-08-15T22:13:12.772-0500	DEBUG	protocol/handler.go:596	round already finalized
2025-08-15T22:13:12.772-0500	DEBUG	protocol/handler.go:581	tryAdvanceRound called	{"{current_round 20 3  <nil>}": {"Key":"self","Type":15,"Integer":0,"String":"c","Interface":null}}
2025-08-15T22:13:12.772-0500	DEBUG	protocol/handler.go:1591	have processed broadcast	{"{round 20 3  <nil>}": {"Key":"from","Type":15,"Integer":0,"String":"a","Interface":null}}
2025-08-15T22:13:12.772-0500	DEBUG	protocol/handler.go:1591	have processed broadcast	{"{round 20 3  <nil>}": {"Key":"from","Type":15,"Integer":0,"String":"b","Interface":null}}
2025-08-15T22:13:12.772-0500	DEBUG	protocol/handler.go:1649	have all messages and processed	{"{round 20 3  <nil>}": {"Key":"self","Type":15,"Integer":0,"String":"c","Interface":null}}
2025-08-15T22:13:12.772-0500	DEBUG	protocol/handler.go:596	round already finalized
2025-08-15T22:13:12.772-0500	DEBUG	protocol/handler.go:581	tryAdvanceRound called	{"{current_round 20 3  <nil>}": {"Key":"self","Type":15,"Integer":0,"String":"a","Interface":null}}
2025-08-15T22:13:12.772-0500	DEBUG	protocol/handler.go:1591	have processed broadcast	{"{round 20 3  <nil>}": {"Key":"from","Type":15,"Integer":0,"String":"b","Interface":null}}
2025-08-15T22:13:12.788-0500	DEBUG	protocol/handler.go:1591	have processed broadcast	{"{round 20 3  <nil>}": {"Key":"from","Type":15,"Integer":0,"String":"c","Interface":null}}
2025-08-15T22:13:12.788-0500	DEBUG	protocol/handler.go:1649	have all messages and processed	{"{round 20 3  <nil>}": {"Key":"self","Type":15,"Integer":0,"String":"a","Interface":null}}
2025-08-15T22:13:12.788-0500	DEBUG	protocol/handler.go:596	round already finalized
2025-08-15T22:13:12.788-0500	DEBUG	protocol/handler.go:581	tryAdvanceRound called	{"{current_round 20 3  <nil>}": {"Key":"self","Type":15,"Integer":0,"String":"c","Interface":null}}
2025-08-15T22:13:12.788-0500	DEBUG	protocol/handler.go:1591	have processed broadcast	{"{round 20 3  <nil>}": {"Key":"from","Type":15,"Integer":0,"String":"a","Interface":null}}
2025-08-15T22:13:12.788-0500	DEBUG	protocol/handler.go:1591	have processed broadcast	{"{round 20 3  <nil>}": {"Key":"from","Type":15,"Integer":0,"String":"b","Interface":null}}
2025-08-15T22:13:12.788-0500	DEBUG	protocol/handler.go:1649	have all messages and processed	{"{round 20 3  <nil>}": {"Key":"self","Type":15,"Integer":0,"String":"c","Interface":null}}
2025-08-15T22:13:12.788-0500	DEBUG	protocol/handler.go:596	round already finalized
2025-08-15T22:13:12.788-0500	DEBUG	protocol/handler.go:581	tryAdvanceRound called	{"{current_round 20 3  <nil>}": {"Key":"self","Type":15,"Integer":0,"String":"a","Interface":null}}
2025-08-15T22:13:12.788-0500	DEBUG	protocol/handler.go:1591	have processed broadcast	{"{round 20 3  <nil>}": {"Key":"from","Type":15,"Integer":0,"String":"b","Interface":null}}
2025-08-15T22:13:12.788-0500	DEBUG	protocol/handler.go:1591	have processed broadcast	{"{round 20 3  <nil>}": {"Key":"from","Type":15,"Integer":0,"String":"c","Interface":null}}
2025-08-15T22:13:12.788-0500	DEBUG	protocol/handler.go:1649	have all messages and processed	{"{round 20 3  <nil>}": {"Key":"self","Type":15,"Integer":0,"String":"a","Interface":null}}
2025-08-15T22:13:12.788-0500	DEBUG	protocol/handler.go:596	round already finalized
2025-08-15T22:13:12.788-0500	DEBUG	protocol/handler.go:581	tryAdvanceRound called	{"{current_round 20 3  <nil>}": {"Key":"self","Type":15,"Integer":0,"String":"b","Interface":null}}
2025-08-15T22:13:12.788-0500	DEBUG	protocol/handler.go:1591	have processed broadcast	{"{round 20 3  <nil>}": {"Key":"from","Type":15,"Integer":0,"String":"a","Interface":null}}
2025-08-15T22:13:12.789-0500	DEBUG	protocol/handler.go:1591	have processed broadcast	{"{round 20 3  <nil>}": {"Key":"from","Type":15,"Integer":0,"String":"c","Interface":null}}
2025-08-15T22:13:12.789-0500	DEBUG	protocol/handler.go:1649	have all messages and processed	{"{round 20 3  <nil>}": {"Key":"self","Type":15,"Integer":0,"String":"b","Interface":null}}
2025-08-15T22:13:12.789-0500	DEBUG	protocol/handler.go:596	round already finalized
2025-08-15T22:13:12.810-0500	DEBUG	protocol/handler.go:581	tryAdvanceRound called	{"{current_round 20 3  <nil>}": {"Key":"self","Type":15,"Integer":0,"String":"a","Interface":null}}
2025-08-15T22:13:12.810-0500	DEBUG	protocol/handler.go:1591	have processed broadcast	{"{round 20 3  <nil>}": {"Key":"from","Type":15,"Integer":0,"String":"b","Interface":null}}
2025-08-15T22:13:12.810-0500	DEBUG	protocol/handler.go:1591	have processed broadcast	{"{round 20 3  <nil>}": {"Key":"from","Type":15,"Integer":0,"String":"c","Interface":null}}
2025-08-15T22:13:12.810-0500	DEBUG	protocol/handler.go:1649	have all messages and processed	{"{round 20 3  <nil>}": {"Key":"self","Type":15,"Integer":0,"String":"a","Interface":null}}
2025-08-15T22:13:12.810-0500	DEBUG	protocol/handler.go:596	round already finalized
2025-08-15T22:13:12.833-0500	DEBUG	protocol/handler.go:581	tryAdvanceRound called	{"{current_round 20 3  <nil>}": {"Key":"self","Type":15,"Integer":0,"String":"a","Interface":null}}
2025-08-15T22:13:12.833-0500	DEBUG	protocol/handler.go:1591	have processed broadcast	{"{round 20 3  <nil>}": {"Key":"from","Type":15,"Integer":0,"String":"b","Interface":null}}
2025-08-15T22:13:12.833-0500	DEBUG	protocol/handler.go:1591	have processed broadcast	{"{round 20 3  <nil>}": {"Key":"from","Type":15,"Integer":0,"String":"c","Interface":null}}
2025-08-15T22:13:12.833-0500	DEBUG	protocol/handler.go:1649	have all messages and processed	{"{round 20 3  <nil>}": {"Key":"self","Type":15,"Integer":0,"String":"a","Interface":null}}
2025-08-15T22:13:12.833-0500	DEBUG	protocol/handler.go:596	round already finalized
2025-08-15T22:13:12.833-0500	DEBUG	protocol/handler.go:581	tryAdvanceRound called	{"{current_round 20 3  <nil>}": {"Key":"self","Type":15,"Integer":0,"String":"b","Interface":null}}
2025-08-15T22:13:12.833-0500	DEBUG	protocol/handler.go:1591	have processed broadcast	{"{round 20 3  <nil>}": {"Key":"from","Type":15,"Integer":0,"String":"a","Interface":null}}
2025-08-15T22:13:12.833-0500	DEBUG	protocol/handler.go:1591	have processed broadcast	{"{round 20 3  <nil>}": {"Key":"from","Type":15,"Integer":0,"String":"c","Interface":null}}
2025-08-15T22:13:12.834-0500	DEBUG	protocol/handler.go:1649	have all messages and processed	{"{round 20 3  <nil>}": {"Key":"self","Type":15,"Integer":0,"String":"b","Interface":null}}
2025-08-15T22:13:12.834-0500	DEBUG	protocol/handler.go:596	round already finalized
2025-08-15T22:13:12.834-0500	DEBUG	protocol/handler.go:581	tryAdvanceRound called	{"{current_round 20 3  <nil>}": {"Key":"self","Type":15,"Integer":0,"String":"b","Interface":null}}
2025-08-15T22:13:12.834-0500	DEBUG	protocol/handler.go:1591	have processed broadcast	{"{round 20 3  <nil>}": {"Key":"from","Type":15,"Integer":0,"String":"a","Interface":null}}
2025-08-15T22:13:12.843-0500	DEBUG	protocol/handler.go:1591	have processed broadcast	{"{round 20 3  <nil>}": {"Key":"from","Type":15,"Integer":0,"String":"c","Interface":null}}
2025-08-15T22:13:12.844-0500	DEBUG	protocol/handler.go:1649	have all messages and processed	{"{round 20 3  <nil>}": {"Key":"self","Type":15,"Integer":0,"String":"b","Interface":null}}
2025-08-15T22:13:12.844-0500	DEBUG	protocol/handler.go:596	round already finalized
2025-08-15T22:13:12.851-0500	DEBUG	protocol/handler.go:581	tryAdvanceRound called	{"{current_round 20 3  <nil>}": {"Key":"self","Type":15,"Integer":0,"String":"b","Interface":null}}
2025-08-15T22:13:12.851-0500	DEBUG	protocol/handler.go:1591	have processed broadcast	{"{round 20 3  <nil>}": {"Key":"from","Type":15,"Integer":0,"String":"a","Interface":null}}
2025-08-15T22:13:12.851-0500	DEBUG	protocol/handler.go:1591	have processed broadcast	{"{round 20 3  <nil>}": {"Key":"from","Type":15,"Integer":0,"String":"c","Interface":null}}
2025-08-15T22:13:12.851-0500	DEBUG	protocol/handler.go:1649	have all messages and processed	{"{round 20 3  <nil>}": {"Key":"self","Type":15,"Integer":0,"String":"b","Interface":null}}
2025-08-15T22:13:12.851-0500	DEBUG	protocol/handler.go:596	round already finalized
2025-08-15T22:13:12.851-0500	DEBUG	protocol/handler.go:581	tryAdvanceRound called	{"{current_round 20 3  <nil>}": {"Key":"self","Type":15,"Integer":0,"String":"b","Interface":null}}
2025-08-15T22:13:12.851-0500	DEBUG	protocol/handler.go:1591	have processed broadcast	{"{round 20 3  <nil>}": {"Key":"from","Type":15,"Integer":0,"String":"a","Interface":null}}
2025-08-15T22:13:12.851-0500	DEBUG	protocol/handler.go:1591	have processed broadcast	{"{round 20 3  <nil>}": {"Key":"from","Type":15,"Integer":0,"String":"c","Interface":null}}
2025-08-15T22:13:12.851-0500	DEBUG	protocol/handler.go:1649	have all messages and processed	{"{round 20 3  <nil>}": {"Key":"self","Type":15,"Integer":0,"String":"b","Interface":null}}
2025-08-15T22:13:12.851-0500	DEBUG	protocol/handler.go:596	round already finalized
2025-08-15T22:13:12.851-0500	DEBUG	protocol/handler.go:581	tryAdvanceRound called	{"{current_round 20 3  <nil>}": {"Key":"self","Type":15,"Integer":0,"String":"c","Interface":null}}
2025-08-15T22:13:12.860-0500	DEBUG	protocol/handler.go:1591	have processed broadcast	{"{round 20 3  <nil>}": {"Key":"from","Type":15,"Integer":0,"String":"a","Interface":null}}
2025-08-15T22:13:12.860-0500	DEBUG	protocol/handler.go:1591	have processed broadcast	{"{round 20 3  <nil>}": {"Key":"from","Type":15,"Integer":0,"String":"b","Interface":null}}
2025-08-15T22:13:12.861-0500	DEBUG	protocol/handler.go:1649	have all messages and processed	{"{round 20 3  <nil>}": {"Key":"self","Type":15,"Integer":0,"String":"c","Interface":null}}
2025-08-15T22:13:12.861-0500	DEBUG	protocol/handler.go:596	round already finalized
2025-08-15T22:13:12.861-0500	DEBUG	protocol/handler.go:581	tryAdvanceRound called	{"{current_round 20 3  <nil>}": {"Key":"self","Type":15,"Integer":0,"String":"c","Interface":null}}
2025-08-15T22:13:12.861-0500	DEBUG	protocol/handler.go:1591	have processed broadcast	{"{round 20 3  <nil>}": {"Key":"from","Type":15,"Integer":0,"String":"a","Interface":null}}
2025-08-15T22:13:12.861-0500	DEBUG	protocol/handler.go:1591	have processed broadcast	{"{round 20 3  <nil>}": {"Key":"from","Type":15,"Integer":0,"String":"b","Interface":null}}
2025-08-15T22:13:12.861-0500	DEBUG	protocol/handler.go:1649	have all messages and processed	{"{round 20 3  <nil>}": {"Key":"self","Type":15,"Integer":0,"String":"c","Interface":null}}
2025-08-15T22:13:12.861-0500	DEBUG	protocol/handler.go:596	round already finalized
2025-08-15T22:13:12.861-0500	DEBUG	protocol/handler.go:581	tryAdvanceRound called	{"{current_round 20 3  <nil>}": {"Key":"self","Type":15,"Integer":0,"String":"b","Interface":null}}
2025-08-15T22:13:12.861-0500	DEBUG	protocol/handler.go:1591	have processed broadcast	{"{round 20 3  <nil>}": {"Key":"from","Type":15,"Integer":0,"String":"a","Interface":null}}
2025-08-15T22:13:12.861-0500	DEBUG	protocol/handler.go:1591	have processed broadcast	{"{round 20 3  <nil>}": {"Key":"from","Type":15,"Integer":0,"String":"c","Interface":null}}
2025-08-15T22:13:12.861-0500	DEBUG	protocol/handler.go:1649	have all messages and processed	{"{round 20 3  <nil>}": {"Key":"self","Type":15,"Integer":0,"String":"b","Interface":null}}
2025-08-15T22:13:12.861-0500	DEBUG	protocol/handler.go:596	round already finalized
2025-08-15T22:13:12.861-0500	DEBUG	protocol/handler.go:581	tryAdvanceRound called	{"{current_round 20 3  <nil>}": {"Key":"self","Type":15,"Integer":0,"String":"a","Interface":null}}
2025-08-15T22:13:12.861-0500	DEBUG	protocol/handler.go:1591	have processed broadcast	{"{round 20 3  <nil>}": {"Key":"from","Type":15,"Integer":0,"String":"b","Interface":null}}
2025-08-15T22:13:12.861-0500	DEBUG	protocol/handler.go:1591	have processed broadcast	{"{round 20 3  <nil>}": {"Key":"from","Type":15,"Integer":0,"String":"c","Interface":null}}
2025-08-15T22:13:12.861-0500	DEBUG	protocol/handler.go:1649	have all messages and processed	{"{round 20 3  <nil>}": {"Key":"self","Type":15,"Integer":0,"String":"a","Interface":null}}
2025-08-15T22:13:12.862-0500	DEBUG	protocol/handler.go:596	round already finalized
2025-08-15T22:13:12.862-0500	DEBUG	protocol/handler.go:581	tryAdvanceRound called	{"{current_round 20 3  <nil>}": {"Key":"self","Type":15,"Integer":0,"String":"a","Interface":null}}
2025-08-15T22:13:12.862-0500	DEBUG	protocol/handler.go:1591	have processed broadcast	{"{round 20 3  <nil>}": {"Key":"from","Type":15,"Integer":0,"String":"b","Interface":null}}
2025-08-15T22:13:12.862-0500	DEBUG	protocol/handler.go:1591	have processed broadcast	{"{round 20 3  <nil>}": {"Key":"from","Type":15,"Integer":0,"String":"c","Interface":null}}
2025-08-15T22:13:12.862-0500	DEBUG	protocol/handler.go:1649	have all messages and processed	{"{round 20 3  <nil>}": {"Key":"self","Type":15,"Integer":0,"String":"a","Interface":null}}
2025-08-15T22:13:12.862-0500	DEBUG	protocol/handler.go:596	round already finalized
2025-08-15T22:13:12.862-0500	DEBUG	protocol/handler.go:581	tryAdvanceRound called	{"{current_round 20 3  <nil>}": {"Key":"self","Type":15,"Integer":0,"String":"c","Interface":null}}
2025-08-15T22:13:12.862-0500	DEBUG	protocol/handler.go:1591	have processed broadcast	{"{round 20 3  <nil>}": {"Key":"from","Type":15,"Integer":0,"String":"a","Interface":null}}
2025-08-15T22:13:12.862-0500	DEBUG	protocol/handler.go:1591	have processed broadcast	{"{round 20 3  <nil>}": {"Key":"from","Type":15,"Integer":0,"String":"b","Interface":null}}
2025-08-15T22:13:12.862-0500	DEBUG	protocol/handler.go:1649	have all messages and processed	{"{round 20 3  <nil>}": {"Key":"self","Type":15,"Integer":0,"String":"c","Interface":null}}
2025-08-15T22:13:12.862-0500	DEBUG	protocol/handler.go:596	round already finalized
2025-08-15T22:13:12.879-0500	DEBUG	protocol/handler.go:581	tryAdvanceRound called	{"{current_round 20 3  <nil>}": {"Key":"self","Type":15,"Integer":0,"String":"b","Interface":null}}
2025-08-15T22:13:12.879-0500	DEBUG	protocol/handler.go:1591	have processed broadcast	{"{round 20 3  <nil>}": {"Key":"from","Type":15,"Integer":0,"String":"a","Interface":null}}
2025-08-15T22:13:12.879-0500	DEBUG	protocol/handler.go:1591	have processed broadcast	{"{round 20 3  <nil>}": {"Key":"from","Type":15,"Integer":0,"String":"c","Interface":null}}
2025-08-15T22:13:12.879-0500	DEBUG	protocol/handler.go:1649	have all messages and processed	{"{round 20 3  <nil>}": {"Key":"self","Type":15,"Integer":0,"String":"b","Interface":null}}
2025-08-15T22:13:12.879-0500	DEBUG	protocol/handler.go:596	round already finalized
2025-08-15T22:13:12.879-0500	DEBUG	protocol/handler.go:581	tryAdvanceRound called	{"{current_round 20 3  <nil>}": {"Key":"self","Type":15,"Integer":0,"String":"a","Interface":null}}
2025-08-15T22:13:12.879-0500	DEBUG	protocol/handler.go:1591	have processed broadcast	{"{round 20 3  <nil>}": {"Key":"from","Type":15,"Integer":0,"String":"b","Interface":null}}
2025-08-15T22:13:12.879-0500	DEBUG	protocol/handler.go:1591	have processed broadcast	{"{round 20 3  <nil>}": {"Key":"from","Type":15,"Integer":0,"String":"c","Interface":null}}
2025-08-15T22:13:12.879-0500	DEBUG	protocol/handler.go:1649	have all messages and processed	{"{round 20 3  <nil>}": {"Key":"self","Type":15,"Integer":0,"String":"a","Interface":null}}
2025-08-15T22:13:12.879-0500	DEBUG	protocol/handler.go:596	round already finalized
2025-08-15T22:13:12.879-0500	DEBUG	protocol/handler.go:581	tryAdvanceRound called	{"{current_round 20 3  <nil>}": {"Key":"self","Type":15,"Integer":0,"String":"c","Interface":null}}
2025-08-15T22:13:12.879-0500	DEBUG	protocol/handler.go:1591	have processed broadcast	{"{round 20 3  <nil>}": {"Key":"from","Type":15,"Integer":0,"String":"a","Interface":null}}
2025-08-15T22:13:12.879-0500	DEBUG	protocol/handler.go:1591	have processed broadcast	{"{round 20 3  <nil>}": {"Key":"from","Type":15,"Integer":0,"String":"b","Interface":null}}
2025-08-15T22:13:12.879-0500	DEBUG	protocol/handler.go:1649	have all messages and processed	{"{round 20 3  <nil>}": {"Key":"self","Type":15,"Integer":0,"String":"c","Interface":null}}
2025-08-15T22:13:12.879-0500	DEBUG	protocol/handler.go:596	round already finalized
2025-08-15T22:13:12.905-0500	DEBUG	protocol/handler.go:581	tryAdvanceRound called	{"{current_round 20 3  <nil>}": {"Key":"self","Type":15,"Integer":0,"String":"b","Interface":null}}
2025-08-15T22:13:12.905-0500	DEBUG	protocol/handler.go:1591	have processed broadcast	{"{round 20 3  <nil>}": {"Key":"from","Type":15,"Integer":0,"String":"a","Interface":null}}
2025-08-15T22:13:12.906-0500	DEBUG	protocol/handler.go:1591	have processed broadcast	{"{round 20 3  <nil>}": {"Key":"from","Type":15,"Integer":0,"String":"c","Interface":null}}
2025-08-15T22:13:12.906-0500	DEBUG	protocol/handler.go:1649	have all messages and processed	{"{round 20 3  <nil>}": {"Key":"self","Type":15,"Integer":0,"String":"b","Interface":null}}
2025-08-15T22:13:12.906-0500	DEBUG	protocol/handler.go:596	round already finalized
2025-08-15T22:13:12.926-0500	DEBUG	protocol/handler.go:581	tryAdvanceRound called	{"{current_round 20 3  <nil>}": {"Key":"self","Type":15,"Integer":0,"String":"c","Interface":null}}
2025-08-15T22:13:12.926-0500	DEBUG	protocol/handler.go:1591	have processed broadcast	{"{round 20 3  <nil>}": {"Key":"from","Type":15,"Integer":0,"String":"a","Interface":null}}
2025-08-15T22:13:12.926-0500	DEBUG	protocol/handler.go:1591	have processed broadcast	{"{round 20 3  <nil>}": {"Key":"from","Type":15,"Integer":0,"String":"b","Interface":null}}
2025-08-15T22:13:12.926-0500	DEBUG	protocol/handler.go:1649	have all messages and processed	{"{round 20 3  <nil>}": {"Key":"self","Type":15,"Integer":0,"String":"c","Interface":null}}
2025-08-15T22:13:12.926-0500	DEBUG	protocol/handler.go:596	round already finalized
2025-08-15T22:13:12.926-0500	DEBUG	protocol/handler.go:581	tryAdvanceRound called	{"{current_round 20 3  <nil>}": {"Key":"self","Type":15,"Integer":0,"String":"c","Interface":null}}
2025-08-15T22:13:12.926-0500	DEBUG	protocol/handler.go:1591	have processed broadcast	{"{round 20 3  <nil>}": {"Key":"from","Type":15,"Integer":0,"String":"a","Interface":null}}
2025-08-15T22:13:12.926-0500	DEBUG	protocol/handler.go:1591	have processed broadcast	{"{round 20 3  <nil>}": {"Key":"from","Type":15,"Integer":0,"String":"b","Interface":null}}
2025-08-15T22:13:12.926-0500	DEBUG	protocol/handler.go:1649	have all messages and processed	{"{round 20 3  <nil>}": {"Key":"self","Type":15,"Integer":0,"String":"c","Interface":null}}
2025-08-15T22:13:12.926-0500	DEBUG	protocol/handler.go:596	round already finalized
2025-08-15T22:13:12.928-0500	DEBUG	protocol/handler.go:581	tryAdvanceRound called	{"{current_round 20 3  <nil>}": {"Key":"self","Type":15,"Integer":0,"String":"a","Interface":null}}
2025-08-15T22:13:12.928-0500	DEBUG	protocol/handler.go:1591	have processed broadcast	{"{round 20 3  <nil>}": {"Key":"from","Type":15,"Integer":0,"String":"b","Interface":null}}
2025-08-15T22:13:12.928-0500	DEBUG	protocol/handler.go:1591	have processed broadcast	{"{round 20 3  <nil>}": {"Key":"from","Type":15,"Integer":0,"String":"c","Interface":null}}
2025-08-15T22:13:12.930-0500	DEBUG	protocol/handler.go:1649	have all messages and processed	{"{round 20 3  <nil>}": {"Key":"self","Type":15,"Integer":0,"String":"a","Interface":null}}
2025-08-15T22:13:12.930-0500	DEBUG	protocol/handler.go:596	round already finalized
2025-08-15T22:13:12.930-0500	DEBUG	protocol/handler.go:581	tryAdvanceRound called	{"{current_round 20 3  <nil>}": {"Key":"self","Type":15,"Integer":0,"String":"a","Interface":null}}
2025-08-15T22:13:12.930-0500	DEBUG	protocol/handler.go:1591	have processed broadcast	{"{round 20 3  <nil>}": {"Key":"from","Type":15,"Integer":0,"String":"b","Interface":null}}
2025-08-15T22:13:12.930-0500	DEBUG	protocol/handler.go:1591	have processed broadcast	{"{round 20 3  <nil>}": {"Key":"from","Type":15,"Integer":0,"String":"c","Interface":null}}
2025-08-15T22:13:12.930-0500	DEBUG	protocol/handler.go:1649	have all messages and processed	{"{round 20 3  <nil>}": {"Key":"self","Type":15,"Integer":0,"String":"a","Interface":null}}
2025-08-15T22:13:12.930-0500	DEBUG	protocol/handler.go:596	round already finalized
2025-08-15T22:13:12.930-0500	DEBUG	protocol/handler.go:581	tryAdvanceRound called	{"{current_round 20 3  <nil>}": {"Key":"self","Type":15,"Integer":0,"String":"b","Interface":null}}
2025-08-15T22:13:12.930-0500	DEBUG	protocol/handler.go:1591	have processed broadcast	{"{round 20 3  <nil>}": {"Key":"from","Type":15,"Integer":0,"String":"a","Interface":null}}
2025-08-15T22:13:12.930-0500	DEBUG	protocol/handler.go:1591	have processed broadcast	{"{round 20 3  <nil>}": {"Key":"from","Type":15,"Integer":0,"String":"c","Interface":null}}
2025-08-15T22:13:12.930-0500	DEBUG	protocol/handler.go:1649	have all messages and processed	{"{round 20 3  <nil>}": {"Key":"self","Type":15,"Integer":0,"String":"b","Interface":null}}
2025-08-15T22:13:12.930-0500	DEBUG	protocol/handler.go:596	round already finalized
2025-08-15T22:13:12.930-0500	DEBUG	protocol/handler.go:581	tryAdvanceRound called	{"{current_round 20 3  <nil>}": {"Key":"self","Type":15,"Integer":0,"String":"b","Interface":null}}
2025-08-15T22:13:12.930-0500	DEBUG	protocol/handler.go:1591	have processed broadcast	{"{round 20 3  <nil>}": {"Key":"from","Type":15,"Integer":0,"String":"a","Interface":null}}
2025-08-15T22:13:12.930-0500	DEBUG	protocol/handler.go:1591	have processed broadcast	{"{round 20 3  <nil>}": {"Key":"from","Type":15,"Integer":0,"String":"c","Interface":null}}
2025-08-15T22:13:12.931-0500	DEBUG	protocol/handler.go:1649	have all messages and processed	{"{round 20 3  <nil>}": {"Key":"self","Type":15,"Integer":0,"String":"b","Interface":null}}
2025-08-15T22:13:12.931-0500	DEBUG	protocol/handler.go:596	round already finalized
2025-08-15T22:13:12.931-0500	DEBUG	protocol/handler.go:581	tryAdvanceRound called	{"{current_round 20 3  <nil>}": {"Key":"self","Type":15,"Integer":0,"String":"c","Interface":null}}
2025-08-15T22:13:12.931-0500	DEBUG	protocol/handler.go:1591	have processed broadcast	{"{round 20 3  <nil>}": {"Key":"from","Type":15,"Integer":0,"String":"a","Interface":null}}
2025-08-15T22:13:12.931-0500	DEBUG	protocol/handler.go:1591	have processed broadcast	{"{round 20 3  <nil>}": {"Key":"from","Type":15,"Integer":0,"String":"b","Interface":null}}
2025-08-15T22:13:12.931-0500	DEBUG	protocol/handler.go:1649	have all messages and processed	{"{round 20 3  <nil>}": {"Key":"self","Type":15,"Integer":0,"String":"c","Interface":null}}
2025-08-15T22:13:12.931-0500	DEBUG	protocol/handler.go:596	round already finalized
2025-08-15T22:13:12.952-0500	DEBUG	protocol/handler.go:581	tryAdvanceRound called	{"{current_round 20 3  <nil>}": {"Key":"self","Type":15,"Integer":0,"String":"c","Interface":null}}
2025-08-15T22:13:12.952-0500	DEBUG	protocol/handler.go:1591	have processed broadcast	{"{round 20 3  <nil>}": {"Key":"from","Type":15,"Integer":0,"String":"a","Interface":null}}
2025-08-15T22:13:12.952-0500	DEBUG	protocol/handler.go:1591	have processed broadcast	{"{round 20 3  <nil>}": {"Key":"from","Type":15,"Integer":0,"String":"b","Interface":null}}
2025-08-15T22:13:12.952-0500	DEBUG	protocol/handler.go:1649	have all messages and processed	{"{round 20 3  <nil>}": {"Key":"self","Type":15,"Integer":0,"String":"c","Interface":null}}
2025-08-15T22:13:12.952-0500	DEBUG	protocol/handler.go:596	round already finalized
2025-08-15T22:13:12.978-0500	DEBUG	protocol/handler.go:581	tryAdvanceRound called	{"{current_round 20 3  <nil>}": {"Key":"self","Type":15,"Integer":0,"String":"a","Interface":null}}
2025-08-15T22:13:12.979-0500	DEBUG	protocol/handler.go:1591	have processed broadcast	{"{round 20 3  <nil>}": {"Key":"from","Type":15,"Integer":0,"String":"b","Interface":null}}
2025-08-15T22:13:12.979-0500	DEBUG	protocol/handler.go:1591	have processed broadcast	{"{round 20 3  <nil>}": {"Key":"from","Type":15,"Integer":0,"String":"c","Interface":null}}
2025-08-15T22:13:12.980-0500	DEBUG	protocol/handler.go:1649	have all messages and processed	{"{round 20 3  <nil>}": {"Key":"self","Type":15,"Integer":0,"String":"a","Interface":null}}
2025-08-15T22:13:12.980-0500	DEBUG	protocol/handler.go:596	round already finalized
2025-08-15T22:13:12.980-0500	DEBUG	protocol/handler.go:581	tryAdvanceRound called	{"{current_round 20 3  <nil>}": {"Key":"self","Type":15,"Integer":0,"String":"a","Interface":null}}
2025-08-15T22:13:12.980-0500	DEBUG	protocol/handler.go:1591	have processed broadcast	{"{round 20 3  <nil>}": {"Key":"from","Type":15,"Integer":0,"String":"b","Interface":null}}
2025-08-15T22:13:12.980-0500	DEBUG	protocol/handler.go:1591	have processed broadcast	{"{round 20 3  <nil>}": {"Key":"from","Type":15,"Integer":0,"String":"c","Interface":null}}
2025-08-15T22:13:12.980-0500	DEBUG	protocol/handler.go:1649	have all messages and processed	{"{round 20 3  <nil>}": {"Key":"self","Type":15,"Integer":0,"String":"a","Interface":null}}
2025-08-15T22:13:12.980-0500	DEBUG	protocol/handler.go:596	round already finalized
2025-08-15T22:13:12.980-0500	DEBUG	protocol/handler.go:581	tryAdvanceRound called	{"{current_round 20 3  <nil>}": {"Key":"self","Type":15,"Integer":0,"String":"b","Interface":null}}
2025-08-15T22:13:12.980-0500	DEBUG	protocol/handler.go:1591	have processed broadcast	{"{round 20 3  <nil>}": {"Key":"from","Type":15,"Integer":0,"String":"a","Interface":null}}
2025-08-15T22:13:12.980-0500	DEBUG	protocol/handler.go:1591	have processed broadcast	{"{round 20 3  <nil>}": {"Key":"from","Type":15,"Integer":0,"String":"c","Interface":null}}
2025-08-15T22:13:12.980-0500	DEBUG	protocol/handler.go:1649	have all messages and processed	{"{round 20 3  <nil>}": {"Key":"self","Type":15,"Integer":0,"String":"b","Interface":null}}
2025-08-15T22:13:12.980-0500	DEBUG	protocol/handler.go:596	round already finalized
2025-08-15T22:13:12.980-0500	DEBUG	protocol/handler.go:581	tryAdvanceRound called	{"{current_round 20 3  <nil>}": {"Key":"self","Type":15,"Integer":0,"String":"b","Interface":null}}
2025-08-15T22:13:12.980-0500	DEBUG	protocol/handler.go:1591	have processed broadcast	{"{round 20 3  <nil>}": {"Key":"from","Type":15,"Integer":0,"String":"a","Interface":null}}
2025-08-15T22:13:12.981-0500	DEBUG	protocol/handler.go:1591	have processed broadcast	{"{round 20 3  <nil>}": {"Key":"from","Type":15,"Integer":0,"String":"c","Interface":null}}
2025-08-15T22:13:12.981-0500	DEBUG	protocol/handler.go:1649	have all messages and processed	{"{round 20 3  <nil>}": {"Key":"self","Type":15,"Integer":0,"String":"b","Interface":null}}
2025-08-15T22:13:12.981-0500	DEBUG	protocol/handler.go:596	round already finalized
2025-08-15T22:13:12.981-0500	DEBUG	protocol/handler.go:581	tryAdvanceRound called	{"{current_round 20 3  <nil>}": {"Key":"self","Type":15,"Integer":0,"String":"c","Interface":null}}
2025-08-15T22:13:12.981-0500	DEBUG	protocol/handler.go:1591	have processed broadcast	{"{round 20 3  <nil>}": {"Key":"from","Type":15,"Integer":0,"String":"a","Interface":null}}
2025-08-15T22:13:12.981-0500	DEBUG	protocol/handler.go:1591	have processed broadcast	{"{round 20 3  <nil>}": {"Key":"from","Type":15,"Integer":0,"String":"b","Interface":null}}
2025-08-15T22:13:12.981-0500	DEBUG	protocol/handler.go:1649	have all messages and processed	{"{round 20 3  <nil>}": {"Key":"self","Type":15,"Integer":0,"String":"c","Interface":null}}
2025-08-15T22:13:12.981-0500	DEBUG	protocol/handler.go:596	round already finalized
2025-08-15T22:13:12.981-0500	DEBUG	protocol/handler.go:581	tryAdvanceRound called	{"{current_round 20 3  <nil>}": {"Key":"self","Type":15,"Integer":0,"String":"c","Interface":null}}
2025-08-15T22:13:12.981-0500	DEBUG	protocol/handler.go:1591	have processed broadcast	{"{round 20 3  <nil>}": {"Key":"from","Type":15,"Integer":0,"String":"a","Interface":null}}
2025-08-15T22:13:12.981-0500	DEBUG	protocol/handler.go:1591	have processed broadcast	{"{round 20 3  <nil>}": {"Key":"from","Type":15,"Integer":0,"String":"b","Interface":null}}
2025-08-15T22:13:12.981-0500	DEBUG	protocol/handler.go:1649	have all messages and processed	{"{round 20 3  <nil>}": {"Key":"self","Type":15,"Integer":0,"String":"c","Interface":null}}
2025-08-15T22:13:12.982-0500	DEBUG	protocol/handler.go:596	round already finalized
2025-08-15T22:13:13.010-0500	DEBUG	protocol/handler.go:581	tryAdvanceRound called	{"{current_round 20 3  <nil>}": {"Key":"self","Type":15,"Integer":0,"String":"b","Interface":null}}
2025-08-15T22:13:13.010-0500	DEBUG	protocol/handler.go:1591	have processed broadcast	{"{round 20 3  <nil>}": {"Key":"from","Type":15,"Integer":0,"String":"a","Interface":null}}
2025-08-15T22:13:13.010-0500	DEBUG	protocol/handler.go:1591	have processed broadcast	{"{round 20 3  <nil>}": {"Key":"from","Type":15,"Integer":0,"String":"c","Interface":null}}
2025-08-15T22:13:13.010-0500	DEBUG	protocol/handler.go:1649	have all messages and processed	{"{round 20 3  <nil>}": {"Key":"self","Type":15,"Integer":0,"String":"b","Interface":null}}
2025-08-15T22:13:13.010-0500	DEBUG	protocol/handler.go:596	round already finalized
2025-08-15T22:13:13.029-0500	DEBUG	protocol/handler.go:581	tryAdvanceRound called	{"{current_round 20 3  <nil>}": {"Key":"self","Type":15,"Integer":0,"String":"a","Interface":null}}
2025-08-15T22:13:13.029-0500	DEBUG	protocol/handler.go:1591	have processed broadcast	{"{round 20 3  <nil>}": {"Key":"from","Type":15,"Integer":0,"String":"b","Interface":null}}
2025-08-15T22:13:13.029-0500	DEBUG	protocol/handler.go:1591	have processed broadcast	{"{round 20 3  <nil>}": {"Key":"from","Type":15,"Integer":0,"String":"c","Interface":null}}
2025-08-15T22:13:13.029-0500	DEBUG	protocol/handler.go:1649	have all messages and processed	{"{round 20 3  <nil>}": {"Key":"self","Type":15,"Integer":0,"String":"a","Interface":null}}
2025-08-15T22:13:13.029-0500	DEBUG	protocol/handler.go:596	round already finalized
2025-08-15T22:13:13.029-0500	DEBUG	protocol/handler.go:581	tryAdvanceRound called	{"{current_round 20 3  <nil>}": {"Key":"self","Type":15,"Integer":0,"String":"a","Interface":null}}
2025-08-15T22:13:13.029-0500	DEBUG	protocol/handler.go:1591	have processed broadcast	{"{round 20 3  <nil>}": {"Key":"from","Type":15,"Integer":0,"String":"b","Interface":null}}
2025-08-15T22:13:13.029-0500	DEBUG	protocol/handler.go:1591	have processed broadcast	{"{round 20 3  <nil>}": {"Key":"from","Type":15,"Integer":0,"String":"c","Interface":null}}
2025-08-15T22:13:13.029-0500	DEBUG	protocol/handler.go:1649	have all messages and processed	{"{round 20 3  <nil>}": {"Key":"self","Type":15,"Integer":0,"String":"a","Interface":null}}
2025-08-15T22:13:13.029-0500	DEBUG	protocol/handler.go:596	round already finalized
2025-08-15T22:13:13.029-0500	DEBUG	protocol/handler.go:581	tryAdvanceRound called	{"{current_round 20 3  <nil>}": {"Key":"self","Type":15,"Integer":0,"String":"c","Interface":null}}
2025-08-15T22:13:13.030-0500	DEBUG	protocol/handler.go:1591	have processed broadcast	{"{round 20 3  <nil>}": {"Key":"from","Type":15,"Integer":0,"String":"a","Interface":null}}
2025-08-15T22:13:13.030-0500	DEBUG	protocol/handler.go:1591	have processed broadcast	{"{round 20 3  <nil>}": {"Key":"from","Type":15,"Integer":0,"String":"b","Interface":null}}
2025-08-15T22:13:13.030-0500	DEBUG	protocol/handler.go:1649	have all messages and processed	{"{round 20 3  <nil>}": {"Key":"self","Type":15,"Integer":0,"String":"c","Interface":null}}
2025-08-15T22:13:13.030-0500	DEBUG	protocol/handler.go:596	round already finalized
2025-08-15T22:13:13.030-0500	DEBUG	protocol/handler.go:581	tryAdvanceRound called	{"{current_round 20 3  <nil>}": {"Key":"self","Type":15,"Integer":0,"String":"c","Interface":null}}
2025-08-15T22:13:13.030-0500	DEBUG	protocol/handler.go:1591	have processed broadcast	{"{round 20 3  <nil>}": {"Key":"from","Type":15,"Integer":0,"String":"a","Interface":null}}
2025-08-15T22:13:13.030-0500	DEBUG	protocol/handler.go:1591	have processed broadcast	{"{round 20 3  <nil>}": {"Key":"from","Type":15,"Integer":0,"String":"b","Interface":null}}
2025-08-15T22:13:13.030-0500	DEBUG	protocol/handler.go:1649	have all messages and processed	{"{round 20 3  <nil>}": {"Key":"self","Type":15,"Integer":0,"String":"c","Interface":null}}
2025-08-15T22:13:13.030-0500	DEBUG	protocol/handler.go:596	round already finalized
2025-08-15T22:13:13.030-0500	DEBUG	protocol/handler.go:581	tryAdvanceRound called	{"{current_round 20 3  <nil>}": {"Key":"self","Type":15,"Integer":0,"String":"b","Interface":null}}
2025-08-15T22:13:13.030-0500	DEBUG	protocol/handler.go:1591	have processed broadcast	{"{round 20 3  <nil>}": {"Key":"from","Type":15,"Integer":0,"String":"a","Interface":null}}
2025-08-15T22:13:13.030-0500	DEBUG	protocol/handler.go:1591	have processed broadcast	{"{round 20 3  <nil>}": {"Key":"from","Type":15,"Integer":0,"String":"c","Interface":null}}
2025-08-15T22:13:13.030-0500	DEBUG	protocol/handler.go:1649	have all messages and processed	{"{round 20 3  <nil>}": {"Key":"self","Type":15,"Integer":0,"String":"b","Interface":null}}
2025-08-15T22:13:13.030-0500	DEBUG	protocol/handler.go:596	round already finalized
2025-08-15T22:13:13.030-0500	DEBUG	protocol/handler.go:581	tryAdvanceRound called	{"{current_round 20 3  <nil>}": {"Key":"self","Type":15,"Integer":0,"String":"b","Interface":null}}
2025-08-15T22:13:13.030-0500	DEBUG	protocol/handler.go:1591	have processed broadcast	{"{round 20 3  <nil>}": {"Key":"from","Type":15,"Integer":0,"String":"a","Interface":null}}
2025-08-15T22:13:13.030-0500	DEBUG	protocol/handler.go:1591	have processed broadcast	{"{round 20 3  <nil>}": {"Key":"from","Type":15,"Integer":0,"String":"c","Interface":null}}
2025-08-15T22:13:13.030-0500	DEBUG	protocol/handler.go:1649	have all messages and processed	{"{round 20 3  <nil>}": {"Key":"self","Type":15,"Integer":0,"String":"b","Interface":null}}
2025-08-15T22:13:13.030-0500	DEBUG	protocol/handler.go:596	round already finalized
2025-08-15T22:13:13.030-0500	DEBUG	protocol/handler.go:581	tryAdvanceRound called	{"{current_round 20 3  <nil>}": {"Key":"self","Type":15,"Integer":0,"String":"b","Interface":null}}
2025-08-15T22:13:13.030-0500	DEBUG	protocol/handler.go:1591	have processed broadcast	{"{round 20 3  <nil>}": {"Key":"from","Type":15,"Integer":0,"String":"a","Interface":null}}
2025-08-15T22:13:13.030-0500	DEBUG	protocol/handler.go:1591	have processed broadcast	{"{round 20 3  <nil>}": {"Key":"from","Type":15,"Integer":0,"String":"c","Interface":null}}
2025-08-15T22:13:13.030-0500	DEBUG	protocol/handler.go:1649	have all messages and processed	{"{round 20 3  <nil>}": {"Key":"self","Type":15,"Integer":0,"String":"b","Interface":null}}
2025-08-15T22:13:13.031-0500	DEBUG	protocol/handler.go:596	round already finalized
2025-08-15T22:13:13.031-0500	DEBUG	protocol/handler.go:581	tryAdvanceRound called	{"{current_round 20 3  <nil>}": {"Key":"self","Type":15,"Integer":0,"String":"c","Interface":null}}
2025-08-15T22:13:13.031-0500	DEBUG	protocol/handler.go:1591	have processed broadcast	{"{round 20 3  <nil>}": {"Key":"from","Type":15,"Integer":0,"String":"a","Interface":null}}
2025-08-15T22:13:13.031-0500	DEBUG	protocol/handler.go:1591	have processed broadcast	{"{round 20 3  <nil>}": {"Key":"from","Type":15,"Integer":0,"String":"b","Interface":null}}
2025-08-15T22:13:13.031-0500	DEBUG	protocol/handler.go:1649	have all messages and processed	{"{round 20 3  <nil>}": {"Key":"self","Type":15,"Integer":0,"String":"c","Interface":null}}
2025-08-15T22:13:13.031-0500	DEBUG	protocol/handler.go:596	round already finalized
2025-08-15T22:13:13.074-0500	DEBUG	protocol/handler.go:581	tryAdvanceRound called	{"{current_round 20 3  <nil>}": {"Key":"self","Type":15,"Integer":0,"String":"c","Interface":null}}
2025-08-15T22:13:13.075-0500	DEBUG	protocol/handler.go:1591	have processed broadcast	{"{round 20 3  <nil>}": {"Key":"from","Type":15,"Integer":0,"String":"a","Interface":null}}
2025-08-15T22:13:13.075-0500	DEBUG	protocol/handler.go:1591	have processed broadcast	{"{round 20 3  <nil>}": {"Key":"from","Type":15,"Integer":0,"String":"b","Interface":null}}
2025-08-15T22:13:13.075-0500	DEBUG	protocol/handler.go:1649	have all messages and processed	{"{round 20 3  <nil>}": {"Key":"self","Type":15,"Integer":0,"String":"c","Interface":null}}
2025-08-15T22:13:13.075-0500	DEBUG	protocol/handler.go:596	round already finalized
2025-08-15T22:13:13.110-0500	DEBUG	protocol/handler.go:581	tryAdvanceRound called	{"{current_round 20 3  <nil>}": {"Key":"self","Type":15,"Integer":0,"String":"c","Interface":null}}
2025-08-15T22:13:13.115-0500	DEBUG	protocol/handler.go:581	tryAdvanceRound called	{"{current_round 20 3  <nil>}": {"Key":"self","Type":15,"Integer":0,"String":"b","Interface":null}}
2025-08-15T22:13:13.116-0500	DEBUG	protocol/handler.go:1591	have processed broadcast	{"{round 20 3  <nil>}": {"Key":"from","Type":15,"Integer":0,"String":"a","Interface":null}}
2025-08-15T22:13:13.127-0500	DEBUG	protocol/handler.go:1591	have processed broadcast	{"{round 20 3  <nil>}": {"Key":"from","Type":15,"Integer":0,"String":"c","Interface":null}}
2025-08-15T22:13:13.127-0500	DEBUG	protocol/handler.go:1649	have all messages and processed	{"{round 20 3  <nil>}": {"Key":"self","Type":15,"Integer":0,"String":"b","Interface":null}}
2025-08-15T22:13:13.127-0500	DEBUG	protocol/handler.go:596	round already finalized
2025-08-15T22:13:13.127-0500	DEBUG	protocol/handler.go:581	tryAdvanceRound called	{"{current_round 20 3  <nil>}": {"Key":"self","Type":15,"Integer":0,"String":"b","Interface":null}}
2025-08-15T22:13:13.129-0500	DEBUG	protocol/handler.go:1591	have processed broadcast	{"{round 20 3  <nil>}": {"Key":"from","Type":15,"Integer":0,"String":"a","Interface":null}}
2025-08-15T22:13:13.129-0500	DEBUG	protocol/handler.go:1591	have processed broadcast	{"{round 20 3  <nil>}": {"Key":"from","Type":15,"Integer":0,"String":"c","Interface":null}}
2025-08-15T22:13:13.130-0500	DEBUG	protocol/handler.go:1649	have all messages and processed	{"{round 20 3  <nil>}": {"Key":"self","Type":15,"Integer":0,"String":"b","Interface":null}}
2025-08-15T22:13:13.130-0500	DEBUG	protocol/handler.go:596	round already finalized
2025-08-15T22:13:13.130-0500	DEBUG	protocol/handler.go:581	tryAdvanceRound called	{"{current_round 20 3  <nil>}": {"Key":"self","Type":15,"Integer":0,"String":"b","Interface":null}}
2025-08-15T22:13:13.130-0500	DEBUG	protocol/handler.go:1591	have processed broadcast	{"{round 20 3  <nil>}": {"Key":"from","Type":15,"Integer":0,"String":"a","Interface":null}}
2025-08-15T22:13:13.130-0500	DEBUG	protocol/handler.go:1591	have processed broadcast	{"{round 20 3  <nil>}": {"Key":"from","Type":15,"Integer":0,"String":"c","Interface":null}}
2025-08-15T22:13:13.130-0500	DEBUG	protocol/handler.go:1649	have all messages and processed	{"{round 20 3  <nil>}": {"Key":"self","Type":15,"Integer":0,"String":"b","Interface":null}}
2025-08-15T22:13:13.130-0500	DEBUG	protocol/handler.go:596	round already finalized
2025-08-15T22:13:13.131-0500	DEBUG	protocol/handler.go:581	tryAdvanceRound called	{"{current_round 20 3  <nil>}": {"Key":"self","Type":15,"Integer":0,"String":"b","Interface":null}}
2025-08-15T22:13:13.131-0500	DEBUG	protocol/handler.go:1591	have processed broadcast	{"{round 20 3  <nil>}": {"Key":"from","Type":15,"Integer":0,"String":"a","Interface":null}}
2025-08-15T22:13:13.131-0500	DEBUG	protocol/handler.go:1591	have processed broadcast	{"{round 20 3  <nil>}": {"Key":"from","Type":15,"Integer":0,"String":"c","Interface":null}}
2025-08-15T22:13:13.131-0500	DEBUG	protocol/handler.go:1649	have all messages and processed	{"{round 20 3  <nil>}": {"Key":"self","Type":15,"Integer":0,"String":"b","Interface":null}}
2025-08-15T22:13:13.131-0500	DEBUG	protocol/handler.go:596	round already finalized
2025-08-15T22:13:13.131-0500	DEBUG	protocol/handler.go:581	tryAdvanceRound called	{"{current_round 20 3  <nil>}": {"Key":"self","Type":15,"Integer":0,"String":"a","Interface":null}}
2025-08-15T22:13:13.131-0500	DEBUG	protocol/handler.go:1591	have processed broadcast	{"{round 20 3  <nil>}": {"Key":"from","Type":15,"Integer":0,"String":"b","Interface":null}}
2025-08-15T22:13:13.132-0500	DEBUG	protocol/handler.go:1591	have processed broadcast	{"{round 20 3  <nil>}": {"Key":"from","Type":15,"Integer":0,"String":"c","Interface":null}}
2025-08-15T22:13:13.132-0500	DEBUG	protocol/handler.go:1649	have all messages and processed	{"{round 20 3  <nil>}": {"Key":"self","Type":15,"Integer":0,"String":"a","Interface":null}}
2025-08-15T22:13:13.132-0500	DEBUG	protocol/handler.go:596	round already finalized
2025-08-15T22:13:13.132-0500	DEBUG	protocol/handler.go:581	tryAdvanceRound called	{"{current_round 20 3  <nil>}": {"Key":"self","Type":15,"Integer":0,"String":"a","Interface":null}}
2025-08-15T22:13:13.132-0500	DEBUG	protocol/handler.go:1591	have processed broadcast	{"{round 20 3  <nil>}": {"Key":"from","Type":15,"Integer":0,"String":"b","Interface":null}}
2025-08-15T22:13:13.132-0500	DEBUG	protocol/handler.go:1591	have processed broadcast	{"{round 20 3  <nil>}": {"Key":"from","Type":15,"Integer":0,"String":"c","Interface":null}}
2025-08-15T22:13:13.132-0500	DEBUG	protocol/handler.go:1649	have all messages and processed	{"{round 20 3  <nil>}": {"Key":"self","Type":15,"Integer":0,"String":"a","Interface":null}}
2025-08-15T22:13:13.132-0500	DEBUG	protocol/handler.go:596	round already finalized
2025-08-15T22:13:13.146-0500	DEBUG	protocol/handler.go:581	tryAdvanceRound called	{"{current_round 20 3  <nil>}": {"Key":"self","Type":15,"Integer":0,"String":"b","Interface":null}}
2025-08-15T22:13:13.147-0500	DEBUG	protocol/handler.go:1591	have processed broadcast	{"{round 20 3  <nil>}": {"Key":"from","Type":15,"Integer":0,"String":"a","Interface":null}}
2025-08-15T22:13:13.147-0500	DEBUG	protocol/handler.go:1591	have processed broadcast	{"{round 20 3  <nil>}": {"Key":"from","Type":15,"Integer":0,"String":"c","Interface":null}}
2025-08-15T22:13:13.147-0500	DEBUG	protocol/handler.go:1649	have all messages and processed	{"{round 20 3  <nil>}": {"Key":"self","Type":15,"Integer":0,"String":"b","Interface":null}}
2025-08-15T22:13:13.147-0500	DEBUG	protocol/handler.go:596	round already finalized
2025-08-15T22:13:13.171-0500	DEBUG	protocol/handler.go:581	tryAdvanceRound called	{"{current_round 20 3  <nil>}": {"Key":"self","Type":15,"Integer":0,"String":"b","Interface":null}}
2025-08-15T22:13:13.171-0500	DEBUG	protocol/handler.go:1591	have processed broadcast	{"{round 20 3  <nil>}": {"Key":"from","Type":15,"Integer":0,"String":"a","Interface":null}}
2025-08-15T22:13:13.171-0500	DEBUG	protocol/handler.go:1591	have processed broadcast	{"{round 20 3  <nil>}": {"Key":"from","Type":15,"Integer":0,"String":"c","Interface":null}}
2025-08-15T22:13:13.171-0500	DEBUG	protocol/handler.go:1649	have all messages and processed	{"{round 20 3  <nil>}": {"Key":"self","Type":15,"Integer":0,"String":"b","Interface":null}}
2025-08-15T22:13:13.171-0500	DEBUG	protocol/handler.go:596	round already finalized
2025-08-15T22:13:13.171-0500	DEBUG	protocol/handler.go:581	tryAdvanceRound called	{"{current_round 20 3  <nil>}": {"Key":"self","Type":15,"Integer":0,"String":"a","Interface":null}}
2025-08-15T22:13:13.171-0500	DEBUG	protocol/handler.go:1591	have processed broadcast	{"{round 20 3  <nil>}": {"Key":"from","Type":15,"Integer":0,"String":"b","Interface":null}}
2025-08-15T22:13:13.171-0500	DEBUG	protocol/handler.go:1591	have processed broadcast	{"{round 20 3  <nil>}": {"Key":"from","Type":15,"Integer":0,"String":"c","Interface":null}}
2025-08-15T22:13:13.171-0500	DEBUG	protocol/handler.go:1649	have all messages and processed	{"{round 20 3  <nil>}": {"Key":"self","Type":15,"Integer":0,"String":"a","Interface":null}}
2025-08-15T22:13:13.171-0500	DEBUG	protocol/handler.go:596	round already finalized
2025-08-15T22:13:13.171-0500	DEBUG	protocol/handler.go:581	tryAdvanceRound called	{"{current_round 20 3  <nil>}": {"Key":"self","Type":15,"Integer":0,"String":"a","Interface":null}}
2025-08-15T22:13:13.171-0500	DEBUG	protocol/handler.go:1591	have processed broadcast	{"{round 20 3  <nil>}": {"Key":"from","Type":15,"Integer":0,"String":"b","Interface":null}}
2025-08-15T22:13:13.171-0500	DEBUG	protocol/handler.go:1591	have processed broadcast	{"{round 20 3  <nil>}": {"Key":"from","Type":15,"Integer":0,"String":"c","Interface":null}}
2025-08-15T22:13:13.171-0500	DEBUG	protocol/handler.go:1649	have all messages and processed	{"{round 20 3  <nil>}": {"Key":"self","Type":15,"Integer":0,"String":"a","Interface":null}}
2025-08-15T22:13:13.171-0500	DEBUG	protocol/handler.go:596	round already finalized
2025-08-15T22:13:13.110-0500	DEBUG	protocol/handler.go:1591	have processed broadcast	{"{round 20 3  <nil>}": {"Key":"from","Type":15,"Integer":0,"String":"a","Interface":null}}
2025-08-15T22:13:13.186-0500	DEBUG	protocol/handler.go:1591	have processed broadcast	{"{round 20 3  <nil>}": {"Key":"from","Type":15,"Integer":0,"String":"b","Interface":null}}
2025-08-15T22:13:13.196-0500	DEBUG	protocol/handler.go:1649	have all messages and processed	{"{round 20 3  <nil>}": {"Key":"self","Type":15,"Integer":0,"String":"c","Interface":null}}
2025-08-15T22:13:13.196-0500	DEBUG	protocol/handler.go:596	round already finalized
2025-08-15T22:13:13.196-0500	DEBUG	protocol/handler.go:581	tryAdvanceRound called	{"{current_round 20 3  <nil>}": {"Key":"self","Type":15,"Integer":0,"String":"c","Interface":null}}
2025-08-15T22:13:13.196-0500	DEBUG	protocol/handler.go:1591	have processed broadcast	{"{round 20 3  <nil>}": {"Key":"from","Type":15,"Integer":0,"String":"a","Interface":null}}
2025-08-15T22:13:13.196-0500	DEBUG	protocol/handler.go:1591	have processed broadcast	{"{round 20 3  <nil>}": {"Key":"from","Type":15,"Integer":0,"String":"b","Interface":null}}
2025-08-15T22:13:13.196-0500	DEBUG	protocol/handler.go:1649	have all messages and processed	{"{round 20 3  <nil>}": {"Key":"self","Type":15,"Integer":0,"String":"c","Interface":null}}
2025-08-15T22:13:13.196-0500	DEBUG	protocol/handler.go:596	round already finalized
2025-08-15T22:13:13.198-0500	DEBUG	protocol/handler.go:581	tryAdvanceRound called	{"{current_round 20 3  <nil>}": {"Key":"self","Type":15,"Integer":0,"String":"b","Interface":null}}
2025-08-15T22:13:13.202-0500	DEBUG	protocol/handler.go:1591	have processed broadcast	{"{round 20 3  <nil>}": {"Key":"from","Type":15,"Integer":0,"String":"a","Interface":null}}
2025-08-15T22:13:13.202-0500	DEBUG	protocol/handler.go:1591	have processed broadcast	{"{round 20 3  <nil>}": {"Key":"from","Type":15,"Integer":0,"String":"c","Interface":null}}
2025-08-15T22:13:13.202-0500	DEBUG	protocol/handler.go:1649	have all messages and processed	{"{round 20 3  <nil>}": {"Key":"self","Type":15,"Integer":0,"String":"b","Interface":null}}
2025-08-15T22:13:13.202-0500	DEBUG	protocol/handler.go:596	round already finalized
2025-08-15T22:13:13.202-0500	DEBUG	protocol/handler.go:581	tryAdvanceRound called	{"{current_round 20 3  <nil>}": {"Key":"self","Type":15,"Integer":0,"String":"b","Interface":null}}
2025-08-15T22:13:13.202-0500	DEBUG	protocol/handler.go:1591	have processed broadcast	{"{round 20 3  <nil>}": {"Key":"from","Type":15,"Integer":0,"String":"a","Interface":null}}
2025-08-15T22:13:13.202-0500	DEBUG	protocol/handler.go:1591	have processed broadcast	{"{round 20 3  <nil>}": {"Key":"from","Type":15,"Integer":0,"String":"c","Interface":null}}
2025-08-15T22:13:13.202-0500	DEBUG	protocol/handler.go:1649	have all messages and processed	{"{round 20 3  <nil>}": {"Key":"self","Type":15,"Integer":0,"String":"b","Interface":null}}
2025-08-15T22:13:13.202-0500	DEBUG	protocol/handler.go:596	round already finalized
2025-08-15T22:13:13.221-0500	DEBUG	protocol/handler.go:581	tryAdvanceRound called	{"{current_round 20 3  <nil>}": {"Key":"self","Type":15,"Integer":0,"String":"b","Interface":null}}
2025-08-15T22:13:13.221-0500	DEBUG	protocol/handler.go:1591	have processed broadcast	{"{round 20 3  <nil>}": {"Key":"from","Type":15,"Integer":0,"String":"a","Interface":null}}
2025-08-15T22:13:13.221-0500	DEBUG	protocol/handler.go:1591	have processed broadcast	{"{round 20 3  <nil>}": {"Key":"from","Type":15,"Integer":0,"String":"c","Interface":null}}
2025-08-15T22:13:13.226-0500	DEBUG	protocol/handler.go:1649	have all messages and processed	{"{round 20 3  <nil>}": {"Key":"self","Type":15,"Integer":0,"String":"b","Interface":null}}
2025-08-15T22:13:13.226-0500	DEBUG	protocol/handler.go:596	round already finalized
2025-08-15T22:13:13.226-0500	DEBUG	protocol/handler.go:581	tryAdvanceRound called	{"{current_round 20 3  <nil>}": {"Key":"self","Type":15,"Integer":0,"String":"a","Interface":null}}
2025-08-15T22:13:13.226-0500	DEBUG	protocol/handler.go:1591	have processed broadcast	{"{round 20 3  <nil>}": {"Key":"from","Type":15,"Integer":0,"String":"b","Interface":null}}
2025-08-15T22:13:13.226-0500	DEBUG	protocol/handler.go:1591	have processed broadcast	{"{round 20 3  <nil>}": {"Key":"from","Type":15,"Integer":0,"String":"c","Interface":null}}
2025-08-15T22:13:13.226-0500	DEBUG	protocol/handler.go:1649	have all messages and processed	{"{round 20 3  <nil>}": {"Key":"self","Type":15,"Integer":0,"String":"a","Interface":null}}
2025-08-15T22:13:13.226-0500	DEBUG	protocol/handler.go:596	round already finalized
2025-08-15T22:13:13.226-0500	DEBUG	protocol/handler.go:581	tryAdvanceRound called	{"{current_round 20 3  <nil>}": {"Key":"self","Type":15,"Integer":0,"String":"a","Interface":null}}
2025-08-15T22:13:13.226-0500	DEBUG	protocol/handler.go:1591	have processed broadcast	{"{round 20 3  <nil>}": {"Key":"from","Type":15,"Integer":0,"String":"b","Interface":null}}
2025-08-15T22:13:13.226-0500	DEBUG	protocol/handler.go:1591	have processed broadcast	{"{round 20 3  <nil>}": {"Key":"from","Type":15,"Integer":0,"String":"c","Interface":null}}
2025-08-15T22:13:13.226-0500	DEBUG	protocol/handler.go:1649	have all messages and processed	{"{round 20 3  <nil>}": {"Key":"self","Type":15,"Integer":0,"String":"a","Interface":null}}
2025-08-15T22:13:13.226-0500	DEBUG	protocol/handler.go:596	round already finalized
2025-08-15T22:13:13.251-0500	DEBUG	protocol/handler.go:581	tryAdvanceRound called	{"{current_round 20 3  <nil>}": {"Key":"self","Type":15,"Integer":0,"String":"a","Interface":null}}
2025-08-15T22:13:13.252-0500	DEBUG	protocol/handler.go:1591	have processed broadcast	{"{round 20 3  <nil>}": {"Key":"from","Type":15,"Integer":0,"String":"b","Interface":null}}
2025-08-15T22:13:13.252-0500	DEBUG	protocol/handler.go:1591	have processed broadcast	{"{round 20 3  <nil>}": {"Key":"from","Type":15,"Integer":0,"String":"c","Interface":null}}
2025-08-15T22:13:13.252-0500	DEBUG	protocol/handler.go:1649	have all messages and processed	{"{round 20 3  <nil>}": {"Key":"self","Type":15,"Integer":0,"String":"a","Interface":null}}
2025-08-15T22:13:13.252-0500	DEBUG	protocol/handler.go:596	round already finalized
2025-08-15T22:13:13.253-0500	DEBUG	protocol/handler.go:581	tryAdvanceRound called	{"{current_round 20 3  <nil>}": {"Key":"self","Type":15,"Integer":0,"String":"c","Interface":null}}
2025-08-15T22:13:13.253-0500	DEBUG	protocol/handler.go:1591	have processed broadcast	{"{round 20 3  <nil>}": {"Key":"from","Type":15,"Integer":0,"String":"a","Interface":null}}
2025-08-15T22:13:13.253-0500	DEBUG	protocol/handler.go:1591	have processed broadcast	{"{round 20 3  <nil>}": {"Key":"from","Type":15,"Integer":0,"String":"b","Interface":null}}
2025-08-15T22:13:13.253-0500	DEBUG	protocol/handler.go:1649	have all messages and processed	{"{round 20 3  <nil>}": {"Key":"self","Type":15,"Integer":0,"String":"c","Interface":null}}
2025-08-15T22:13:13.253-0500	DEBUG	protocol/handler.go:596	round already finalized
2025-08-15T22:13:13.253-0500	DEBUG	protocol/handler.go:581	tryAdvanceRound called	{"{current_round 20 3  <nil>}": {"Key":"self","Type":15,"Integer":0,"String":"c","Interface":null}}
2025-08-15T22:13:13.253-0500	DEBUG	protocol/handler.go:1591	have processed broadcast	{"{round 20 3  <nil>}": {"Key":"from","Type":15,"Integer":0,"String":"a","Interface":null}}
2025-08-15T22:13:13.253-0500	DEBUG	protocol/handler.go:1591	have processed broadcast	{"{round 20 3  <nil>}": {"Key":"from","Type":15,"Integer":0,"String":"b","Interface":null}}
2025-08-15T22:13:13.262-0500	DEBUG	protocol/handler.go:1649	have all messages and processed	{"{round 20 3  <nil>}": {"Key":"self","Type":15,"Integer":0,"String":"c","Interface":null}}
2025-08-15T22:13:13.262-0500	DEBUG	protocol/handler.go:596	round already finalized
2025-08-15T22:13:13.262-0500	DEBUG	protocol/handler.go:581	tryAdvanceRound called	{"{current_round 20 3  <nil>}": {"Key":"self","Type":15,"Integer":0,"String":"c","Interface":null}}
2025-08-15T22:13:13.262-0500	DEBUG	protocol/handler.go:1591	have processed broadcast	{"{round 20 3  <nil>}": {"Key":"from","Type":15,"Integer":0,"String":"a","Interface":null}}
2025-08-15T22:13:13.262-0500	DEBUG	protocol/handler.go:1591	have processed broadcast	{"{round 20 3  <nil>}": {"Key":"from","Type":15,"Integer":0,"String":"b","Interface":null}}
2025-08-15T22:13:13.262-0500	DEBUG	protocol/handler.go:1649	have all messages and processed	{"{round 20 3  <nil>}": {"Key":"self","Type":15,"Integer":0,"String":"c","Interface":null}}
2025-08-15T22:13:13.262-0500	DEBUG	protocol/handler.go:596	round already finalized
2025-08-15T22:13:13.284-0500	DEBUG	protocol/handler.go:581	tryAdvanceRound called	{"{current_round 20 3  <nil>}": {"Key":"self","Type":15,"Integer":0,"String":"a","Interface":null}}
2025-08-15T22:13:13.386-0500	DEBUG	protocol/handler.go:1591	have processed broadcast	{"{round 20 3  <nil>}": {"Key":"from","Type":15,"Integer":0,"String":"b","Interface":null}}
2025-08-15T22:13:13.386-0500	DEBUG	protocol/handler.go:1591	have processed broadcast	{"{round 20 3  <nil>}": {"Key":"from","Type":15,"Integer":0,"String":"c","Interface":null}}
2025-08-15T22:13:13.386-0500	DEBUG	protocol/handler.go:1649	have all messages and processed	{"{round 20 3  <nil>}": {"Key":"self","Type":15,"Integer":0,"String":"a","Interface":null}}
2025-08-15T22:13:13.386-0500	DEBUG	protocol/handler.go:596	round already finalized
2025-08-15T22:13:13.386-0500	DEBUG	protocol/handler.go:581	tryAdvanceRound called	{"{current_round 20 3  <nil>}": {"Key":"self","Type":15,"Integer":0,"String":"a","Interface":null}}
2025-08-15T22:13:13.387-0500	DEBUG	protocol/handler.go:1591	have processed broadcast	{"{round 20 3  <nil>}": {"Key":"from","Type":15,"Integer":0,"String":"b","Interface":null}}
2025-08-15T22:13:13.387-0500	DEBUG	protocol/handler.go:1591	have processed broadcast	{"{round 20 3  <nil>}": {"Key":"from","Type":15,"Integer":0,"String":"c","Interface":null}}
2025-08-15T22:13:13.387-0500	DEBUG	protocol/handler.go:1649	have all messages and processed	{"{round 20 3  <nil>}": {"Key":"self","Type":15,"Integer":0,"String":"a","Interface":null}}
2025-08-15T22:13:13.387-0500	DEBUG	protocol/handler.go:596	round already finalized
2025-08-15T22:13:13.305-0500	DEBUG	protocol/handler.go:581	tryAdvanceRound called	{"{current_round 20 3  <nil>}": {"Key":"self","Type":15,"Integer":0,"String":"b","Interface":null}}
2025-08-15T22:13:13.387-0500	DEBUG	protocol/handler.go:1591	have processed broadcast	{"{round 20 3  <nil>}": {"Key":"from","Type":15,"Integer":0,"String":"a","Interface":null}}
2025-08-15T22:13:13.387-0500	DEBUG	protocol/handler.go:1591	have processed broadcast	{"{round 20 3  <nil>}": {"Key":"from","Type":15,"Integer":0,"String":"c","Interface":null}}
2025-08-15T22:13:13.387-0500	DEBUG	protocol/handler.go:1649	have all messages and processed	{"{round 20 3  <nil>}": {"Key":"self","Type":15,"Integer":0,"String":"b","Interface":null}}
2025-08-15T22:13:13.387-0500	DEBUG	protocol/handler.go:596	round already finalized
2025-08-15T22:13:13.387-0500	DEBUG	protocol/handler.go:581	tryAdvanceRound called	{"{current_round 20 3  <nil>}": {"Key":"self","Type":15,"Integer":0,"String":"b","Interface":null}}
2025-08-15T22:13:13.387-0500	DEBUG	protocol/handler.go:1591	have processed broadcast	{"{round 20 3  <nil>}": {"Key":"from","Type":15,"Integer":0,"String":"a","Interface":null}}
2025-08-15T22:13:13.387-0500	DEBUG	protocol/handler.go:1591	have processed broadcast	{"{round 20 3  <nil>}": {"Key":"from","Type":15,"Integer":0,"String":"c","Interface":null}}
2025-08-15T22:13:13.388-0500	DEBUG	protocol/handler.go:1649	have all messages and processed	{"{round 20 3  <nil>}": {"Key":"self","Type":15,"Integer":0,"String":"b","Interface":null}}
2025-08-15T22:13:13.388-0500	DEBUG	protocol/handler.go:596	round already finalized
2025-08-15T22:13:13.320-0500	DEBUG	protocol/handler.go:581	tryAdvanceRound called	{"{current_round 20 3  <nil>}": {"Key":"self","Type":15,"Integer":0,"String":"c","Interface":null}}
2025-08-15T22:13:13.388-0500	DEBUG	protocol/handler.go:1591	have processed broadcast	{"{round 20 3  <nil>}": {"Key":"from","Type":15,"Integer":0,"String":"a","Interface":null}}
2025-08-15T22:13:13.388-0500	DEBUG	protocol/handler.go:1591	have processed broadcast	{"{round 20 3  <nil>}": {"Key":"from","Type":15,"Integer":0,"String":"b","Interface":null}}
2025-08-15T22:13:13.388-0500	DEBUG	protocol/handler.go:1649	have all messages and processed	{"{round 20 3  <nil>}": {"Key":"self","Type":15,"Integer":0,"String":"c","Interface":null}}
2025-08-15T22:13:13.388-0500	DEBUG	protocol/handler.go:596	round already finalized
2025-08-15T22:13:13.389-0500	DEBUG	protocol/handler.go:581	tryAdvanceRound called	{"{current_round 20 3  <nil>}": {"Key":"self","Type":15,"Integer":0,"String":"c","Interface":null}}
2025-08-15T22:13:13.389-0500	DEBUG	protocol/handler.go:1591	have processed broadcast	{"{round 20 3  <nil>}": {"Key":"from","Type":15,"Integer":0,"String":"a","Interface":null}}
2025-08-15T22:13:13.389-0500	DEBUG	protocol/handler.go:1591	have processed broadcast	{"{round 20 3  <nil>}": {"Key":"from","Type":15,"Integer":0,"String":"b","Interface":null}}
2025-08-15T22:13:13.389-0500	DEBUG	protocol/handler.go:1649	have all messages and processed	{"{round 20 3  <nil>}": {"Key":"self","Type":15,"Integer":0,"String":"c","Interface":null}}
2025-08-15T22:13:13.389-0500	DEBUG	protocol/handler.go:596	round already finalized
2025-08-15T22:13:13.413-0500	DEBUG	protocol/handler.go:581	tryAdvanceRound called	{"{current_round 20 3  <nil>}": {"Key":"self","Type":15,"Integer":0,"String":"a","Interface":null}}
2025-08-15T22:13:13.414-0500	DEBUG	protocol/handler.go:1591	have processed broadcast	{"{round 20 3  <nil>}": {"Key":"from","Type":15,"Integer":0,"String":"b","Interface":null}}
2025-08-15T22:13:13.414-0500	DEBUG	protocol/handler.go:1591	have processed broadcast	{"{round 20 3  <nil>}": {"Key":"from","Type":15,"Integer":0,"String":"c","Interface":null}}
2025-08-15T22:13:13.414-0500	DEBUG	protocol/handler.go:1649	have all messages and processed	{"{round 20 3  <nil>}": {"Key":"self","Type":15,"Integer":0,"String":"a","Interface":null}}
2025-08-15T22:13:13.414-0500	DEBUG	protocol/handler.go:596	round already finalized
2025-08-15T22:13:13.437-0500	DEBUG	protocol/handler.go:581	tryAdvanceRound called	{"{current_round 20 3  <nil>}": {"Key":"self","Type":15,"Integer":0,"String":"a","Interface":null}}
2025-08-15T22:13:13.437-0500	DEBUG	protocol/handler.go:1591	have processed broadcast	{"{round 20 3  <nil>}": {"Key":"from","Type":15,"Integer":0,"String":"b","Interface":null}}
2025-08-15T22:13:13.437-0500	DEBUG	protocol/handler.go:1591	have processed broadcast	{"{round 20 3  <nil>}": {"Key":"from","Type":15,"Integer":0,"String":"c","Interface":null}}
2025-08-15T22:13:13.437-0500	DEBUG	protocol/handler.go:1649	have all messages and processed	{"{round 20 3  <nil>}": {"Key":"self","Type":15,"Integer":0,"String":"a","Interface":null}}
2025-08-15T22:13:13.437-0500	DEBUG	protocol/handler.go:596	round already finalized
2025-08-15T22:13:13.437-0500	DEBUG	protocol/handler.go:581	tryAdvanceRound called	{"{current_round 20 3  <nil>}": {"Key":"self","Type":15,"Integer":0,"String":"b","Interface":null}}
2025-08-15T22:13:13.437-0500	DEBUG	protocol/handler.go:1591	have processed broadcast	{"{round 20 3  <nil>}": {"Key":"from","Type":15,"Integer":0,"String":"a","Interface":null}}
2025-08-15T22:13:13.437-0500	DEBUG	protocol/handler.go:1591	have processed broadcast	{"{round 20 3  <nil>}": {"Key":"from","Type":15,"Integer":0,"String":"c","Interface":null}}
2025-08-15T22:13:13.437-0500	DEBUG	protocol/handler.go:1649	have all messages and processed	{"{round 20 3  <nil>}": {"Key":"self","Type":15,"Integer":0,"String":"b","Interface":null}}
2025-08-15T22:13:13.437-0500	DEBUG	protocol/handler.go:596	round already finalized
2025-08-15T22:13:13.438-0500	DEBUG	protocol/handler.go:581	tryAdvanceRound called	{"{current_round 20 3  <nil>}": {"Key":"self","Type":15,"Integer":0,"String":"b","Interface":null}}
2025-08-15T22:13:13.438-0500	DEBUG	protocol/handler.go:1591	have processed broadcast	{"{round 20 3  <nil>}": {"Key":"from","Type":15,"Integer":0,"String":"a","Interface":null}}
2025-08-15T22:13:13.438-0500	DEBUG	protocol/handler.go:1591	have processed broadcast	{"{round 20 3  <nil>}": {"Key":"from","Type":15,"Integer":0,"String":"c","Interface":null}}
2025-08-15T22:13:13.438-0500	DEBUG	protocol/handler.go:1649	have all messages and processed	{"{round 20 3  <nil>}": {"Key":"self","Type":15,"Integer":0,"String":"b","Interface":null}}
2025-08-15T22:13:13.438-0500	DEBUG	protocol/handler.go:596	round already finalized
2025-08-15T22:13:13.438-0500	DEBUG	protocol/handler.go:581	tryAdvanceRound called	{"{current_round 20 3  <nil>}": {"Key":"self","Type":15,"Integer":0,"String":"c","Interface":null}}
2025-08-15T22:13:13.438-0500	DEBUG	protocol/handler.go:1591	have processed broadcast	{"{round 20 3  <nil>}": {"Key":"from","Type":15,"Integer":0,"String":"a","Interface":null}}
2025-08-15T22:13:13.438-0500	DEBUG	protocol/handler.go:1591	have processed broadcast	{"{round 20 3  <nil>}": {"Key":"from","Type":15,"Integer":0,"String":"b","Interface":null}}
2025-08-15T22:13:13.438-0500	DEBUG	protocol/handler.go:1649	have all messages and processed	{"{round 20 3  <nil>}": {"Key":"self","Type":15,"Integer":0,"String":"c","Interface":null}}
2025-08-15T22:13:13.438-0500	DEBUG	protocol/handler.go:596	round already finalized
2025-08-15T22:13:13.438-0500	DEBUG	protocol/handler.go:581	tryAdvanceRound called	{"{current_round 20 3  <nil>}": {"Key":"self","Type":15,"Integer":0,"String":"c","Interface":null}}
2025-08-15T22:13:13.438-0500	DEBUG	protocol/handler.go:1591	have processed broadcast	{"{round 20 3  <nil>}": {"Key":"from","Type":15,"Integer":0,"String":"a","Interface":null}}
2025-08-15T22:13:13.438-0500	DEBUG	protocol/handler.go:1591	have processed broadcast	{"{round 20 3  <nil>}": {"Key":"from","Type":15,"Integer":0,"String":"b","Interface":null}}
2025-08-15T22:13:13.438-0500	DEBUG	protocol/handler.go:1649	have all messages and processed	{"{round 20 3  <nil>}": {"Key":"self","Type":15,"Integer":0,"String":"c","Interface":null}}
2025-08-15T22:13:13.438-0500	DEBUG	protocol/handler.go:596	round already finalized
2025-08-15T22:13:13.481-0500	DEBUG	protocol/handler.go:581	tryAdvanceRound called	{"{current_round 20 3  <nil>}": {"Key":"self","Type":15,"Integer":0,"String":"b","Interface":null}}
2025-08-15T22:13:13.482-0500	DEBUG	protocol/handler.go:1591	have processed broadcast	{"{round 20 3  <nil>}": {"Key":"from","Type":15,"Integer":0,"String":"a","Interface":null}}
2025-08-15T22:13:13.482-0500	DEBUG	protocol/handler.go:1591	have processed broadcast	{"{round 20 3  <nil>}": {"Key":"from","Type":15,"Integer":0,"String":"c","Interface":null}}
2025-08-15T22:13:13.482-0500	DEBUG	protocol/handler.go:1649	have all messages and processed	{"{round 20 3  <nil>}": {"Key":"self","Type":15,"Integer":0,"String":"b","Interface":null}}
2025-08-15T22:13:13.482-0500	DEBUG	protocol/handler.go:596	round already finalized
2025-08-15T22:13:13.482-0500	DEBUG	protocol/handler.go:581	tryAdvanceRound called	{"{current_round 20 3  <nil>}": {"Key":"self","Type":15,"Integer":0,"String":"b","Interface":null}}
2025-08-15T22:13:13.482-0500	DEBUG	protocol/handler.go:1591	have processed broadcast	{"{round 20 3  <nil>}": {"Key":"from","Type":15,"Integer":0,"String":"a","Interface":null}}
2025-08-15T22:13:13.482-0500	DEBUG	protocol/handler.go:1591	have processed broadcast	{"{round 20 3  <nil>}": {"Key":"from","Type":15,"Integer":0,"String":"c","Interface":null}}
2025-08-15T22:13:13.482-0500	DEBUG	protocol/handler.go:1649	have all messages and processed	{"{round 20 3  <nil>}": {"Key":"self","Type":15,"Integer":0,"String":"b","Interface":null}}
2025-08-15T22:13:13.482-0500	DEBUG	protocol/handler.go:596	round already finalized
2025-08-15T22:13:13.482-0500	DEBUG	protocol/handler.go:581	tryAdvanceRound called	{"{current_round 20 3  <nil>}": {"Key":"self","Type":15,"Integer":0,"String":"c","Interface":null}}
2025-08-15T22:13:13.482-0500	DEBUG	protocol/handler.go:1591	have processed broadcast	{"{round 20 3  <nil>}": {"Key":"from","Type":15,"Integer":0,"String":"a","Interface":null}}
2025-08-15T22:13:13.482-0500	DEBUG	protocol/handler.go:1591	have processed broadcast	{"{round 20 3  <nil>}": {"Key":"from","Type":15,"Integer":0,"String":"b","Interface":null}}
2025-08-15T22:13:13.482-0500	DEBUG	protocol/handler.go:1649	have all messages and processed	{"{round 20 3  <nil>}": {"Key":"self","Type":15,"Integer":0,"String":"c","Interface":null}}
2025-08-15T22:13:13.482-0500	DEBUG	protocol/handler.go:596	round already finalized
2025-08-15T22:13:13.482-0500	DEBUG	protocol/handler.go:581	tryAdvanceRound called	{"{current_round 20 3  <nil>}": {"Key":"self","Type":15,"Integer":0,"String":"c","Interface":null}}
2025-08-15T22:13:13.482-0500	DEBUG	protocol/handler.go:1591	have processed broadcast	{"{round 20 3  <nil>}": {"Key":"from","Type":15,"Integer":0,"String":"a","Interface":null}}
2025-08-15T22:13:13.483-0500	DEBUG	protocol/handler.go:1591	have processed broadcast	{"{round 20 3  <nil>}": {"Key":"from","Type":15,"Integer":0,"String":"b","Interface":null}}
2025-08-15T22:13:13.483-0500	DEBUG	protocol/handler.go:1649	have all messages and processed	{"{round 20 3  <nil>}": {"Key":"self","Type":15,"Integer":0,"String":"c","Interface":null}}
2025-08-15T22:13:13.483-0500	DEBUG	protocol/handler.go:596	round already finalized
2025-08-15T22:13:13.483-0500	DEBUG	protocol/handler.go:581	tryAdvanceRound called	{"{current_round 20 3  <nil>}": {"Key":"self","Type":15,"Integer":0,"String":"a","Interface":null}}
2025-08-15T22:13:13.483-0500	DEBUG	protocol/handler.go:1591	have processed broadcast	{"{round 20 3  <nil>}": {"Key":"from","Type":15,"Integer":0,"String":"b","Interface":null}}
2025-08-15T22:13:13.483-0500	DEBUG	protocol/handler.go:1591	have processed broadcast	{"{round 20 3  <nil>}": {"Key":"from","Type":15,"Integer":0,"String":"c","Interface":null}}
2025-08-15T22:13:13.483-0500	DEBUG	protocol/handler.go:1649	have all messages and processed	{"{round 20 3  <nil>}": {"Key":"self","Type":15,"Integer":0,"String":"a","Interface":null}}
2025-08-15T22:13:13.485-0500	DEBUG	protocol/handler.go:596	round already finalized
2025-08-15T22:13:13.485-0500	DEBUG	protocol/handler.go:581	tryAdvanceRound called	{"{current_round 20 3  <nil>}": {"Key":"self","Type":15,"Integer":0,"String":"a","Interface":null}}
2025-08-15T22:13:13.485-0500	DEBUG	protocol/handler.go:1591	have processed broadcast	{"{round 20 3  <nil>}": {"Key":"from","Type":15,"Integer":0,"String":"b","Interface":null}}
2025-08-15T22:13:13.485-0500	DEBUG	protocol/handler.go:1591	have processed broadcast	{"{round 20 3  <nil>}": {"Key":"from","Type":15,"Integer":0,"String":"c","Interface":null}}
2025-08-15T22:13:13.485-0500	DEBUG	protocol/handler.go:1649	have all messages and processed	{"{round 20 3  <nil>}": {"Key":"self","Type":15,"Integer":0,"String":"a","Interface":null}}
2025-08-15T22:13:13.485-0500	DEBUG	protocol/handler.go:596	round already finalized
2025-08-15T22:13:13.529-0500	DEBUG	protocol/handler.go:581	tryAdvanceRound called	{"{current_round 20 3  <nil>}": {"Key":"self","Type":15,"Integer":0,"String":"b","Interface":null}}
2025-08-15T22:13:13.529-0500	DEBUG	protocol/handler.go:1591	have processed broadcast	{"{round 20 3  <nil>}": {"Key":"from","Type":15,"Integer":0,"String":"a","Interface":null}}
2025-08-15T22:13:13.529-0500	DEBUG	protocol/handler.go:1591	have processed broadcast	{"{round 20 3  <nil>}": {"Key":"from","Type":15,"Integer":0,"String":"c","Interface":null}}
2025-08-15T22:13:13.529-0500	DEBUG	protocol/handler.go:1649	have all messages and processed	{"{round 20 3  <nil>}": {"Key":"self","Type":15,"Integer":0,"String":"b","Interface":null}}
2025-08-15T22:13:13.529-0500	DEBUG	protocol/handler.go:596	round already finalized
2025-08-15T22:13:13.529-0500	DEBUG	protocol/handler.go:581	tryAdvanceRound called	{"{current_round 20 3  <nil>}": {"Key":"self","Type":15,"Integer":0,"String":"b","Interface":null}}
2025-08-15T22:13:13.529-0500	DEBUG	protocol/handler.go:1591	have processed broadcast	{"{round 20 3  <nil>}": {"Key":"from","Type":15,"Integer":0,"String":"a","Interface":null}}
2025-08-15T22:13:13.529-0500	DEBUG	protocol/handler.go:1591	have processed broadcast	{"{round 20 3  <nil>}": {"Key":"from","Type":15,"Integer":0,"String":"c","Interface":null}}
2025-08-15T22:13:13.529-0500	DEBUG	protocol/handler.go:1649	have all messages and processed	{"{round 20 3  <nil>}": {"Key":"self","Type":15,"Integer":0,"String":"b","Interface":null}}
2025-08-15T22:13:13.529-0500	DEBUG	protocol/handler.go:596	round already finalized
2025-08-15T22:13:13.529-0500	DEBUG	protocol/handler.go:581	tryAdvanceRound called	{"{current_round 20 3  <nil>}": {"Key":"self","Type":15,"Integer":0,"String":"c","Interface":null}}
2025-08-15T22:13:13.530-0500	DEBUG	protocol/handler.go:1591	have processed broadcast	{"{round 20 3  <nil>}": {"Key":"from","Type":15,"Integer":0,"String":"a","Interface":null}}
2025-08-15T22:13:13.530-0500	DEBUG	protocol/handler.go:1591	have processed broadcast	{"{round 20 3  <nil>}": {"Key":"from","Type":15,"Integer":0,"String":"b","Interface":null}}
2025-08-15T22:13:13.530-0500	DEBUG	protocol/handler.go:1649	have all messages and processed	{"{round 20 3  <nil>}": {"Key":"self","Type":15,"Integer":0,"String":"c","Interface":null}}
2025-08-15T22:13:13.530-0500	DEBUG	protocol/handler.go:596	round already finalized
2025-08-15T22:13:13.530-0500	DEBUG	protocol/handler.go:581	tryAdvanceRound called	{"{current_round 20 3  <nil>}": {"Key":"self","Type":15,"Integer":0,"String":"c","Interface":null}}
2025-08-15T22:13:13.530-0500	DEBUG	protocol/handler.go:1591	have processed broadcast	{"{round 20 3  <nil>}": {"Key":"from","Type":15,"Integer":0,"String":"a","Interface":null}}
2025-08-15T22:13:13.530-0500	DEBUG	protocol/handler.go:1591	have processed broadcast	{"{round 20 3  <nil>}": {"Key":"from","Type":15,"Integer":0,"String":"b","Interface":null}}
2025-08-15T22:13:13.530-0500	DEBUG	protocol/handler.go:1649	have all messages and processed	{"{round 20 3  <nil>}": {"Key":"self","Type":15,"Integer":0,"String":"c","Interface":null}}
2025-08-15T22:13:13.530-0500	DEBUG	protocol/handler.go:596	round already finalized
2025-08-15T22:13:13.530-0500	DEBUG	protocol/handler.go:581	tryAdvanceRound called	{"{current_round 20 3  <nil>}": {"Key":"self","Type":15,"Integer":0,"String":"a","Interface":null}}
2025-08-15T22:13:13.530-0500	DEBUG	protocol/handler.go:1591	have processed broadcast	{"{round 20 3  <nil>}": {"Key":"from","Type":15,"Integer":0,"String":"b","Interface":null}}
2025-08-15T22:13:13.530-0500	DEBUG	protocol/handler.go:1591	have processed broadcast	{"{round 20 3  <nil>}": {"Key":"from","Type":15,"Integer":0,"String":"c","Interface":null}}
2025-08-15T22:13:13.530-0500	DEBUG	protocol/handler.go:1649	have all messages and processed	{"{round 20 3  <nil>}": {"Key":"self","Type":15,"Integer":0,"String":"a","Interface":null}}
2025-08-15T22:13:13.530-0500	DEBUG	protocol/handler.go:596	round already finalized
2025-08-15T22:13:13.530-0500	DEBUG	protocol/handler.go:581	tryAdvanceRound called	{"{current_round 20 3  <nil>}": {"Key":"self","Type":15,"Integer":0,"String":"a","Interface":null}}
2025-08-15T22:13:13.530-0500	DEBUG	protocol/handler.go:1591	have processed broadcast	{"{round 20 3  <nil>}": {"Key":"from","Type":15,"Integer":0,"String":"b","Interface":null}}
2025-08-15T22:13:13.530-0500	DEBUG	protocol/handler.go:1591	have processed broadcast	{"{round 20 3  <nil>}": {"Key":"from","Type":15,"Integer":0,"String":"c","Interface":null}}
2025-08-15T22:13:13.530-0500	DEBUG	protocol/handler.go:1649	have all messages and processed	{"{round 20 3  <nil>}": {"Key":"self","Type":15,"Integer":0,"String":"a","Interface":null}}
2025-08-15T22:13:13.530-0500	DEBUG	protocol/handler.go:596	round already finalized
2025-08-15T22:13:13.532-0500	DEBUG	protocol/handler.go:581	tryAdvanceRound called	{"{current_round 20 3  <nil>}": {"Key":"self","Type":15,"Integer":0,"String":"b","Interface":null}}
2025-08-15T22:13:13.532-0500	DEBUG	protocol/handler.go:1591	have processed broadcast	{"{round 20 3  <nil>}": {"Key":"from","Type":15,"Integer":0,"String":"a","Interface":null}}
2025-08-15T22:13:13.532-0500	DEBUG	protocol/handler.go:1591	have processed broadcast	{"{round 20 3  <nil>}": {"Key":"from","Type":15,"Integer":0,"String":"c","Interface":null}}
2025-08-15T22:13:13.532-0500	DEBUG	protocol/handler.go:1649	have all messages and processed	{"{round 20 3  <nil>}": {"Key":"self","Type":15,"Integer":0,"String":"b","Interface":null}}
2025-08-15T22:13:13.533-0500	DEBUG	protocol/handler.go:596	round already finalized
2025-08-15T22:13:13.533-0500	DEBUG	protocol/handler.go:581	tryAdvanceRound called	{"{current_round 20 3  <nil>}": {"Key":"self","Type":15,"Integer":0,"String":"c","Interface":null}}
2025-08-15T22:13:13.533-0500	DEBUG	protocol/handler.go:1591	have processed broadcast	{"{round 20 3  <nil>}": {"Key":"from","Type":15,"Integer":0,"String":"a","Interface":null}}
2025-08-15T22:13:13.533-0500	DEBUG	protocol/handler.go:1591	have processed broadcast	{"{round 20 3  <nil>}": {"Key":"from","Type":15,"Integer":0,"String":"b","Interface":null}}
2025-08-15T22:13:13.533-0500	DEBUG	protocol/handler.go:1649	have all messages and processed	{"{round 20 3  <nil>}": {"Key":"self","Type":15,"Integer":0,"String":"c","Interface":null}}
2025-08-15T22:13:13.533-0500	DEBUG	protocol/handler.go:596	round already finalized
2025-08-15T22:13:13.565-0500	DEBUG	protocol/handler.go:581	tryAdvanceRound called	{"{current_round 20 3  <nil>}": {"Key":"self","Type":15,"Integer":0,"String":"a","Interface":null}}
2025-08-15T22:13:13.565-0500	DEBUG	protocol/handler.go:1591	have processed broadcast	{"{round 20 3  <nil>}": {"Key":"from","Type":15,"Integer":0,"String":"b","Interface":null}}
2025-08-15T22:13:13.565-0500	DEBUG	protocol/handler.go:1591	have processed broadcast	{"{round 20 3  <nil>}": {"Key":"from","Type":15,"Integer":0,"String":"c","Interface":null}}
2025-08-15T22:13:13.565-0500	DEBUG	protocol/handler.go:1649	have all messages and processed	{"{round 20 3  <nil>}": {"Key":"self","Type":15,"Integer":0,"String":"a","Interface":null}}
2025-08-15T22:13:13.565-0500	DEBUG	protocol/handler.go:596	round already finalized
2025-08-15T22:13:13.565-0500	DEBUG	protocol/handler.go:581	tryAdvanceRound called	{"{current_round 20 3  <nil>}": {"Key":"self","Type":15,"Integer":0,"String":"a","Interface":null}}
2025-08-15T22:13:13.565-0500	DEBUG	protocol/handler.go:1591	have processed broadcast	{"{round 20 3  <nil>}": {"Key":"from","Type":15,"Integer":0,"String":"b","Interface":null}}
2025-08-15T22:13:13.565-0500	DEBUG	protocol/handler.go:1591	have processed broadcast	{"{round 20 3  <nil>}": {"Key":"from","Type":15,"Integer":0,"String":"c","Interface":null}}
2025-08-15T22:13:13.565-0500	DEBUG	protocol/handler.go:1649	have all messages and processed	{"{round 20 3  <nil>}": {"Key":"self","Type":15,"Integer":0,"String":"a","Interface":null}}
2025-08-15T22:13:13.565-0500	DEBUG	protocol/handler.go:596	round already finalized
2025-08-15T22:13:13.598-0500	DEBUG	protocol/handler.go:581	tryAdvanceRound called	{"{current_round 20 3  <nil>}": {"Key":"self","Type":15,"Integer":0,"String":"a","Interface":null}}
2025-08-15T22:13:13.613-0500	DEBUG	protocol/handler.go:581	tryAdvanceRound called	{"{current_round 20 3  <nil>}": {"Key":"self","Type":15,"Integer":0,"String":"b","Interface":null}}
2025-08-15T22:13:13.613-0500	DEBUG	protocol/handler.go:1591	have processed broadcast	{"{round 20 3  <nil>}": {"Key":"from","Type":15,"Integer":0,"String":"a","Interface":null}}
2025-08-15T22:13:13.613-0500	DEBUG	protocol/handler.go:1591	have processed broadcast	{"{round 20 3  <nil>}": {"Key":"from","Type":15,"Integer":0,"String":"c","Interface":null}}
2025-08-15T22:13:13.613-0500	DEBUG	protocol/handler.go:1649	have all messages and processed	{"{round 20 3  <nil>}": {"Key":"self","Type":15,"Integer":0,"String":"b","Interface":null}}
2025-08-15T22:13:13.613-0500	DEBUG	protocol/handler.go:596	round already finalized
2025-08-15T22:13:13.613-0500	DEBUG	protocol/handler.go:581	tryAdvanceRound called	{"{current_round 20 3  <nil>}": {"Key":"self","Type":15,"Integer":0,"String":"b","Interface":null}}
2025-08-15T22:13:13.613-0500	DEBUG	protocol/handler.go:1591	have processed broadcast	{"{round 20 3  <nil>}": {"Key":"from","Type":15,"Integer":0,"String":"a","Interface":null}}
2025-08-15T22:13:13.613-0500	DEBUG	protocol/handler.go:1591	have processed broadcast	{"{round 20 3  <nil>}": {"Key":"from","Type":15,"Integer":0,"String":"c","Interface":null}}
2025-08-15T22:13:13.613-0500	DEBUG	protocol/handler.go:1649	have all messages and processed	{"{round 20 3  <nil>}": {"Key":"self","Type":15,"Integer":0,"String":"b","Interface":null}}
2025-08-15T22:13:13.613-0500	DEBUG	protocol/handler.go:596	round already finalized
2025-08-15T22:13:13.613-0500	DEBUG	protocol/handler.go:581	tryAdvanceRound called	{"{current_round 20 3  <nil>}": {"Key":"self","Type":15,"Integer":0,"String":"c","Interface":null}}
2025-08-15T22:13:13.613-0500	DEBUG	protocol/handler.go:1591	have processed broadcast	{"{round 20 3  <nil>}": {"Key":"from","Type":15,"Integer":0,"String":"a","Interface":null}}
2025-08-15T22:13:13.613-0500	DEBUG	protocol/handler.go:1591	have processed broadcast	{"{round 20 3  <nil>}": {"Key":"from","Type":15,"Integer":0,"String":"b","Interface":null}}
2025-08-15T22:13:13.613-0500	DEBUG	protocol/handler.go:1649	have all messages and processed	{"{round 20 3  <nil>}": {"Key":"self","Type":15,"Integer":0,"String":"c","Interface":null}}
2025-08-15T22:13:13.613-0500	DEBUG	protocol/handler.go:596	round already finalized
2025-08-15T22:13:13.613-0500	DEBUG	protocol/handler.go:581	tryAdvanceRound called	{"{current_round 20 3  <nil>}": {"Key":"self","Type":15,"Integer":0,"String":"c","Interface":null}}
2025-08-15T22:13:13.613-0500	DEBUG	protocol/handler.go:1591	have processed broadcast	{"{round 20 3  <nil>}": {"Key":"from","Type":15,"Integer":0,"String":"a","Interface":null}}
2025-08-15T22:13:13.613-0500	DEBUG	protocol/handler.go:1591	have processed broadcast	{"{round 20 3  <nil>}": {"Key":"from","Type":15,"Integer":0,"String":"b","Interface":null}}
2025-08-15T22:13:13.614-0500	DEBUG	protocol/handler.go:1649	have all messages and processed	{"{round 20 3  <nil>}": {"Key":"self","Type":15,"Integer":0,"String":"c","Interface":null}}
2025-08-15T22:13:13.614-0500	DEBUG	protocol/handler.go:596	round already finalized
2025-08-15T22:13:13.655-0500	DEBUG	protocol/handler.go:581	tryAdvanceRound called	{"{current_round 20 3  <nil>}": {"Key":"self","Type":15,"Integer":0,"String":"b","Interface":null}}
2025-08-15T22:13:13.667-0500	DEBUG	protocol/handler.go:1591	have processed broadcast	{"{round 20 3  <nil>}": {"Key":"from","Type":15,"Integer":0,"String":"a","Interface":null}}
2025-08-15T22:13:13.667-0500	DEBUG	protocol/handler.go:1591	have processed broadcast	{"{round 20 3  <nil>}": {"Key":"from","Type":15,"Integer":0,"String":"c","Interface":null}}
2025-08-15T22:13:13.667-0500	DEBUG	protocol/handler.go:1649	have all messages and processed	{"{round 20 3  <nil>}": {"Key":"self","Type":15,"Integer":0,"String":"b","Interface":null}}
2025-08-15T22:13:13.667-0500	DEBUG	protocol/handler.go:596	round already finalized
2025-08-15T22:13:13.668-0500	DEBUG	protocol/handler.go:581	tryAdvanceRound called	{"{current_round 20 3  <nil>}": {"Key":"self","Type":15,"Integer":0,"String":"b","Interface":null}}
2025-08-15T22:13:13.674-0500	DEBUG	protocol/handler.go:1591	have processed broadcast	{"{round 20 3  <nil>}": {"Key":"from","Type":15,"Integer":0,"String":"a","Interface":null}}
2025-08-15T22:13:13.674-0500	DEBUG	protocol/handler.go:1591	have processed broadcast	{"{round 20 3  <nil>}": {"Key":"from","Type":15,"Integer":0,"String":"c","Interface":null}}
2025-08-15T22:13:13.674-0500	DEBUG	protocol/handler.go:1649	have all messages and processed	{"{round 20 3  <nil>}": {"Key":"self","Type":15,"Integer":0,"String":"b","Interface":null}}
2025-08-15T22:13:13.674-0500	DEBUG	protocol/handler.go:596	round already finalized
2025-08-15T22:13:13.674-0500	DEBUG	protocol/handler.go:581	tryAdvanceRound called	{"{current_round 20 3  <nil>}": {"Key":"self","Type":15,"Integer":0,"String":"c","Interface":null}}
2025-08-15T22:13:13.681-0500	DEBUG	protocol/handler.go:1591	have processed broadcast	{"{round 20 3  <nil>}": {"Key":"from","Type":15,"Integer":0,"String":"a","Interface":null}}
2025-08-15T22:13:13.681-0500	DEBUG	protocol/handler.go:1591	have processed broadcast	{"{round 20 3  <nil>}": {"Key":"from","Type":15,"Integer":0,"String":"b","Interface":null}}
2025-08-15T22:13:13.681-0500	DEBUG	protocol/handler.go:1649	have all messages and processed	{"{round 20 3  <nil>}": {"Key":"self","Type":15,"Integer":0,"String":"c","Interface":null}}
2025-08-15T22:13:13.681-0500	DEBUG	protocol/handler.go:596	round already finalized
2025-08-15T22:13:13.681-0500	DEBUG	protocol/handler.go:581	tryAdvanceRound called	{"{current_round 20 3  <nil>}": {"Key":"self","Type":15,"Integer":0,"String":"c","Interface":null}}
2025-08-15T22:13:13.681-0500	DEBUG	protocol/handler.go:1591	have processed broadcast	{"{round 20 3  <nil>}": {"Key":"from","Type":15,"Integer":0,"String":"a","Interface":null}}
2025-08-15T22:13:13.682-0500	DEBUG	protocol/handler.go:1591	have processed broadcast	{"{round 20 3  <nil>}": {"Key":"from","Type":15,"Integer":0,"String":"b","Interface":null}}
2025-08-15T22:13:13.682-0500	DEBUG	protocol/handler.go:1649	have all messages and processed	{"{round 20 3  <nil>}": {"Key":"self","Type":15,"Integer":0,"String":"c","Interface":null}}
2025-08-15T22:13:13.682-0500	DEBUG	protocol/handler.go:596	round already finalized
2025-08-15T22:13:13.682-0500	DEBUG	protocol/handler.go:581	tryAdvanceRound called	{"{current_round 20 3  <nil>}": {"Key":"self","Type":15,"Integer":0,"String":"b","Interface":null}}
2025-08-15T22:13:13.682-0500	DEBUG	protocol/handler.go:1591	have processed broadcast	{"{round 20 3  <nil>}": {"Key":"from","Type":15,"Integer":0,"String":"a","Interface":null}}
2025-08-15T22:13:13.682-0500	DEBUG	protocol/handler.go:1591	have processed broadcast	{"{round 20 3  <nil>}": {"Key":"from","Type":15,"Integer":0,"String":"c","Interface":null}}
2025-08-15T22:13:13.682-0500	DEBUG	protocol/handler.go:1649	have all messages and processed	{"{round 20 3  <nil>}": {"Key":"self","Type":15,"Integer":0,"String":"b","Interface":null}}
2025-08-15T22:13:13.682-0500	DEBUG	protocol/handler.go:596	round already finalized
2025-08-15T22:13:13.682-0500	DEBUG	protocol/handler.go:581	tryAdvanceRound called	{"{current_round 20 3  <nil>}": {"Key":"self","Type":15,"Integer":0,"String":"b","Interface":null}}
2025-08-15T22:13:13.682-0500	DEBUG	protocol/handler.go:1591	have processed broadcast	{"{round 20 3  <nil>}": {"Key":"from","Type":15,"Integer":0,"String":"a","Interface":null}}
2025-08-15T22:13:13.682-0500	DEBUG	protocol/handler.go:1591	have processed broadcast	{"{round 20 3  <nil>}": {"Key":"from","Type":15,"Integer":0,"String":"c","Interface":null}}
2025-08-15T22:13:13.682-0500	DEBUG	protocol/handler.go:1649	have all messages and processed	{"{round 20 3  <nil>}": {"Key":"self","Type":15,"Integer":0,"String":"b","Interface":null}}
2025-08-15T22:13:13.682-0500	DEBUG	protocol/handler.go:596	round already finalized
2025-08-15T22:13:13.682-0500	DEBUG	protocol/handler.go:581	tryAdvanceRound called	{"{current_round 20 3  <nil>}": {"Key":"self","Type":15,"Integer":0,"String":"c","Interface":null}}
2025-08-15T22:13:13.682-0500	DEBUG	protocol/handler.go:1591	have processed broadcast	{"{round 20 3  <nil>}": {"Key":"from","Type":15,"Integer":0,"String":"a","Interface":null}}
2025-08-15T22:13:13.682-0500	DEBUG	protocol/handler.go:1591	have processed broadcast	{"{round 20 3  <nil>}": {"Key":"from","Type":15,"Integer":0,"String":"b","Interface":null}}
2025-08-15T22:13:13.690-0500	DEBUG	protocol/handler.go:1649	have all messages and processed	{"{round 20 3  <nil>}": {"Key":"self","Type":15,"Integer":0,"String":"c","Interface":null}}
2025-08-15T22:13:13.691-0500	DEBUG	protocol/handler.go:596	round already finalized
2025-08-15T22:13:13.691-0500	DEBUG	protocol/handler.go:581	tryAdvanceRound called	{"{current_round 20 3  <nil>}": {"Key":"self","Type":15,"Integer":0,"String":"c","Interface":null}}
2025-08-15T22:13:13.691-0500	DEBUG	protocol/handler.go:1591	have processed broadcast	{"{round 20 3  <nil>}": {"Key":"from","Type":15,"Integer":0,"String":"a","Interface":null}}
2025-08-15T22:13:13.691-0500	DEBUG	protocol/handler.go:1591	have processed broadcast	{"{round 20 3  <nil>}": {"Key":"from","Type":15,"Integer":0,"String":"b","Interface":null}}
2025-08-15T22:13:13.691-0500	DEBUG	protocol/handler.go:1649	have all messages and processed	{"{round 20 3  <nil>}": {"Key":"self","Type":15,"Integer":0,"String":"c","Interface":null}}
2025-08-15T22:13:13.691-0500	DEBUG	protocol/handler.go:596	round already finalized
2025-08-15T22:13:13.691-0500	DEBUG	protocol/handler.go:581	tryAdvanceRound called	{"{current_round 20 3  <nil>}": {"Key":"self","Type":15,"Integer":0,"String":"b","Interface":null}}
2025-08-15T22:13:13.691-0500	DEBUG	protocol/handler.go:1591	have processed broadcast	{"{round 20 3  <nil>}": {"Key":"from","Type":15,"Integer":0,"String":"a","Interface":null}}
2025-08-15T22:13:13.691-0500	DEBUG	protocol/handler.go:1591	have processed broadcast	{"{round 20 3  <nil>}": {"Key":"from","Type":15,"Integer":0,"String":"c","Interface":null}}
2025-08-15T22:13:13.691-0500	DEBUG	protocol/handler.go:1649	have all messages and processed	{"{round 20 3  <nil>}": {"Key":"self","Type":15,"Integer":0,"String":"b","Interface":null}}
2025-08-15T22:13:13.691-0500	DEBUG	protocol/handler.go:596	round already finalized
2025-08-15T22:13:13.699-0500	DEBUG	protocol/handler.go:1591	have processed broadcast	{"{round 20 3  <nil>}": {"Key":"from","Type":15,"Integer":0,"String":"b","Interface":null}}
2025-08-15T22:13:13.699-0500	DEBUG	protocol/handler.go:1591	have processed broadcast	{"{round 20 3  <nil>}": {"Key":"from","Type":15,"Integer":0,"String":"c","Interface":null}}
2025-08-15T22:13:13.700-0500	DEBUG	protocol/handler.go:1649	have all messages and processed	{"{round 20 3  <nil>}": {"Key":"self","Type":15,"Integer":0,"String":"a","Interface":null}}
2025-08-15T22:13:13.702-0500	DEBUG	protocol/handler.go:596	round already finalized
2025-08-15T22:13:13.702-0500	DEBUG	protocol/handler.go:581	tryAdvanceRound called	{"{current_round 20 3  <nil>}": {"Key":"self","Type":15,"Integer":0,"String":"a","Interface":null}}
2025-08-15T22:13:13.702-0500	DEBUG	protocol/handler.go:1591	have processed broadcast	{"{round 20 3  <nil>}": {"Key":"from","Type":15,"Integer":0,"String":"b","Interface":null}}
2025-08-15T22:13:13.702-0500	DEBUG	protocol/handler.go:1591	have processed broadcast	{"{round 20 3  <nil>}": {"Key":"from","Type":15,"Integer":0,"String":"c","Interface":null}}
2025-08-15T22:13:13.702-0500	DEBUG	protocol/handler.go:1649	have all messages and processed	{"{round 20 3  <nil>}": {"Key":"self","Type":15,"Integer":0,"String":"a","Interface":null}}
2025-08-15T22:13:13.702-0500	DEBUG	protocol/handler.go:596	round already finalized
2025-08-15T22:13:13.710-0500	DEBUG	protocol/handler.go:581	tryAdvanceRound called	{"{current_round 20 3  <nil>}": {"Key":"self","Type":15,"Integer":0,"String":"b","Interface":null}}
2025-08-15T22:13:13.710-0500	DEBUG	protocol/handler.go:1591	have processed broadcast	{"{round 20 3  <nil>}": {"Key":"from","Type":15,"Integer":0,"String":"a","Interface":null}}
2025-08-15T22:13:13.710-0500	DEBUG	protocol/handler.go:1591	have processed broadcast	{"{round 20 3  <nil>}": {"Key":"from","Type":15,"Integer":0,"String":"c","Interface":null}}
2025-08-15T22:13:13.710-0500	DEBUG	protocol/handler.go:1649	have all messages and processed	{"{round 20 3  <nil>}": {"Key":"self","Type":15,"Integer":0,"String":"b","Interface":null}}
2025-08-15T22:13:13.710-0500	DEBUG	protocol/handler.go:596	round already finalized
2025-08-15T22:13:13.724-0500	DEBUG	protocol/handler.go:581	tryAdvanceRound called	{"{current_round 20 3  <nil>}": {"Key":"self","Type":15,"Integer":0,"String":"a","Interface":null}}
2025-08-15T22:13:13.730-0500	DEBUG	protocol/handler.go:1591	have processed broadcast	{"{round 20 3  <nil>}": {"Key":"from","Type":15,"Integer":0,"String":"b","Interface":null}}
2025-08-15T22:13:13.731-0500	DEBUG	protocol/handler.go:1591	have processed broadcast	{"{round 20 3  <nil>}": {"Key":"from","Type":15,"Integer":0,"String":"c","Interface":null}}
2025-08-15T22:13:13.731-0500	DEBUG	protocol/handler.go:1649	have all messages and processed	{"{round 20 3  <nil>}": {"Key":"self","Type":15,"Integer":0,"String":"a","Interface":null}}
2025-08-15T22:13:13.731-0500	DEBUG	protocol/handler.go:596	round already finalized
2025-08-15T22:13:13.731-0500	DEBUG	protocol/handler.go:581	tryAdvanceRound called	{"{current_round 20 3  <nil>}": {"Key":"self","Type":15,"Integer":0,"String":"a","Interface":null}}
2025-08-15T22:13:13.732-0500	DEBUG	protocol/handler.go:1591	have processed broadcast	{"{round 20 3  <nil>}": {"Key":"from","Type":15,"Integer":0,"String":"b","Interface":null}}
2025-08-15T22:13:13.732-0500	DEBUG	protocol/handler.go:1591	have processed broadcast	{"{round 20 3  <nil>}": {"Key":"from","Type":15,"Integer":0,"String":"c","Interface":null}}
2025-08-15T22:13:13.732-0500	DEBUG	protocol/handler.go:1649	have all messages and processed	{"{round 20 3  <nil>}": {"Key":"self","Type":15,"Integer":0,"String":"a","Interface":null}}
2025-08-15T22:13:13.732-0500	DEBUG	protocol/handler.go:596	round already finalized
2025-08-15T22:13:13.734-0500	DEBUG	protocol/handler.go:581	tryAdvanceRound called	{"{current_round 20 3  <nil>}": {"Key":"self","Type":15,"Integer":0,"String":"b","Interface":null}}
2025-08-15T22:13:13.734-0500	DEBUG	protocol/handler.go:1591	have processed broadcast	{"{round 20 3  <nil>}": {"Key":"from","Type":15,"Integer":0,"String":"a","Interface":null}}
2025-08-15T22:13:13.742-0500	DEBUG	protocol/handler.go:1591	have processed broadcast	{"{round 20 3  <nil>}": {"Key":"from","Type":15,"Integer":0,"String":"c","Interface":null}}
2025-08-15T22:13:13.742-0500	DEBUG	protocol/handler.go:1649	have all messages and processed	{"{round 20 3  <nil>}": {"Key":"self","Type":15,"Integer":0,"String":"b","Interface":null}}
2025-08-15T22:13:13.742-0500	DEBUG	protocol/handler.go:596	round already finalized
2025-08-15T22:13:13.777-0500	DEBUG	protocol/handler.go:581	tryAdvanceRound called	{"{current_round 20 3  <nil>}": {"Key":"self","Type":15,"Integer":0,"String":"a","Interface":null}}
2025-08-15T22:13:13.777-0500	DEBUG	protocol/handler.go:1591	have processed broadcast	{"{round 20 3  <nil>}": {"Key":"from","Type":15,"Integer":0,"String":"b","Interface":null}}
2025-08-15T22:13:13.777-0500	DEBUG	protocol/handler.go:1591	have processed broadcast	{"{round 20 3  <nil>}": {"Key":"from","Type":15,"Integer":0,"String":"c","Interface":null}}
2025-08-15T22:13:13.777-0500	DEBUG	protocol/handler.go:1649	have all messages and processed	{"{round 20 3  <nil>}": {"Key":"self","Type":15,"Integer":0,"String":"a","Interface":null}}
2025-08-15T22:13:13.778-0500	DEBUG	protocol/handler.go:596	round already finalized
2025-08-15T22:13:13.778-0500	DEBUG	protocol/handler.go:581	tryAdvanceRound called	{"{current_round 20 3  <nil>}": {"Key":"self","Type":15,"Integer":0,"String":"a","Interface":null}}
2025-08-15T22:13:13.778-0500	DEBUG	protocol/handler.go:1591	have processed broadcast	{"{round 20 3  <nil>}": {"Key":"from","Type":15,"Integer":0,"String":"b","Interface":null}}
2025-08-15T22:13:13.778-0500	DEBUG	protocol/handler.go:1591	have processed broadcast	{"{round 20 3  <nil>}": {"Key":"from","Type":15,"Integer":0,"String":"c","Interface":null}}
2025-08-15T22:13:13.778-0500	DEBUG	protocol/handler.go:1649	have all messages and processed	{"{round 20 3  <nil>}": {"Key":"self","Type":15,"Integer":0,"String":"a","Interface":null}}
2025-08-15T22:13:13.778-0500	DEBUG	protocol/handler.go:596	round already finalized
2025-08-15T22:13:13.791-0500	DEBUG	protocol/handler.go:581	tryAdvanceRound called	{"{current_round 20 3  <nil>}": {"Key":"self","Type":15,"Integer":0,"String":"c","Interface":null}}
2025-08-15T22:13:13.791-0500	DEBUG	protocol/handler.go:1591	have processed broadcast	{"{round 20 3  <nil>}": {"Key":"from","Type":15,"Integer":0,"String":"a","Interface":null}}
2025-08-15T22:13:13.791-0500	DEBUG	protocol/handler.go:1591	have processed broadcast	{"{round 20 3  <nil>}": {"Key":"from","Type":15,"Integer":0,"String":"b","Interface":null}}
2025-08-15T22:13:13.791-0500	DEBUG	protocol/handler.go:1649	have all messages and processed	{"{round 20 3  <nil>}": {"Key":"self","Type":15,"Integer":0,"String":"c","Interface":null}}
2025-08-15T22:13:13.791-0500	DEBUG	protocol/handler.go:596	round already finalized
2025-08-15T22:13:13.791-0500	DEBUG	protocol/handler.go:581	tryAdvanceRound called	{"{current_round 20 3  <nil>}": {"Key":"self","Type":15,"Integer":0,"String":"c","Interface":null}}
2025-08-15T22:13:13.791-0500	DEBUG	protocol/handler.go:1591	have processed broadcast	{"{round 20 3  <nil>}": {"Key":"from","Type":15,"Integer":0,"String":"a","Interface":null}}
2025-08-15T22:13:13.791-0500	DEBUG	protocol/handler.go:1591	have processed broadcast	{"{round 20 3  <nil>}": {"Key":"from","Type":15,"Integer":0,"String":"b","Interface":null}}
2025-08-15T22:13:13.798-0500	DEBUG	protocol/handler.go:1649	have all messages and processed	{"{round 20 3  <nil>}": {"Key":"self","Type":15,"Integer":0,"String":"c","Interface":null}}
2025-08-15T22:13:13.798-0500	DEBUG	protocol/handler.go:596	round already finalized
2025-08-15T22:13:13.798-0500	DEBUG	protocol/handler.go:581	tryAdvanceRound called	{"{current_round 20 3  <nil>}": {"Key":"self","Type":15,"Integer":0,"String":"b","Interface":null}}
2025-08-15T22:13:13.799-0500	DEBUG	protocol/handler.go:1591	have processed broadcast	{"{round 20 3  <nil>}": {"Key":"from","Type":15,"Integer":0,"String":"a","Interface":null}}
2025-08-15T22:13:13.799-0500	DEBUG	protocol/handler.go:1591	have processed broadcast	{"{round 20 3  <nil>}": {"Key":"from","Type":15,"Integer":0,"String":"c","Interface":null}}
2025-08-15T22:13:13.799-0500	DEBUG	protocol/handler.go:1649	have all messages and processed	{"{round 20 3  <nil>}": {"Key":"self","Type":15,"Integer":0,"String":"b","Interface":null}}
2025-08-15T22:13:13.799-0500	DEBUG	protocol/handler.go:596	round already finalized
2025-08-15T22:13:13.800-0500	DEBUG	protocol/handler.go:581	tryAdvanceRound called	{"{current_round 20 3  <nil>}": {"Key":"self","Type":15,"Integer":0,"String":"b","Interface":null}}
2025-08-15T22:13:13.800-0500	DEBUG	protocol/handler.go:1591	have processed broadcast	{"{round 20 3  <nil>}": {"Key":"from","Type":15,"Integer":0,"String":"a","Interface":null}}
2025-08-15T22:13:13.800-0500	DEBUG	protocol/handler.go:1591	have processed broadcast	{"{round 20 3  <nil>}": {"Key":"from","Type":15,"Integer":0,"String":"c","Interface":null}}
2025-08-15T22:13:13.800-0500	DEBUG	protocol/handler.go:1649	have all messages and processed	{"{round 20 3  <nil>}": {"Key":"self","Type":15,"Integer":0,"String":"b","Interface":null}}
2025-08-15T22:13:13.800-0500	DEBUG	protocol/handler.go:596	round already finalized
2025-08-15T22:13:13.800-0500	DEBUG	protocol/handler.go:581	tryAdvanceRound called	{"{current_round 20 3  <nil>}": {"Key":"self","Type":15,"Integer":0,"String":"b","Interface":null}}
2025-08-15T22:13:13.801-0500	DEBUG	protocol/handler.go:1591	have processed broadcast	{"{round 20 3  <nil>}": {"Key":"from","Type":15,"Integer":0,"String":"a","Interface":null}}
2025-08-15T22:13:13.801-0500	DEBUG	protocol/handler.go:1591	have processed broadcast	{"{round 20 3  <nil>}": {"Key":"from","Type":15,"Integer":0,"String":"c","Interface":null}}
2025-08-15T22:13:13.801-0500	DEBUG	protocol/handler.go:1649	have all messages and processed	{"{round 20 3  <nil>}": {"Key":"self","Type":15,"Integer":0,"String":"b","Interface":null}}
2025-08-15T22:13:13.801-0500	DEBUG	protocol/handler.go:596	round already finalized
2025-08-15T22:13:13.801-0500	DEBUG	protocol/handler.go:581	tryAdvanceRound called	{"{current_round 20 3  <nil>}": {"Key":"self","Type":15,"Integer":0,"String":"c","Interface":null}}
2025-08-15T22:13:13.801-0500	DEBUG	protocol/handler.go:1591	have processed broadcast	{"{round 20 3  <nil>}": {"Key":"from","Type":15,"Integer":0,"String":"a","Interface":null}}
2025-08-15T22:13:13.801-0500	DEBUG	protocol/handler.go:1591	have processed broadcast	{"{round 20 3  <nil>}": {"Key":"from","Type":15,"Integer":0,"String":"b","Interface":null}}
2025-08-15T22:13:13.801-0500	DEBUG	protocol/handler.go:1649	have all messages and processed	{"{round 20 3  <nil>}": {"Key":"self","Type":15,"Integer":0,"String":"c","Interface":null}}
2025-08-15T22:13:13.801-0500	DEBUG	protocol/handler.go:596	round already finalized
2025-08-15T22:13:13.801-0500	DEBUG	protocol/handler.go:581	tryAdvanceRound called	{"{current_round 20 3  <nil>}": {"Key":"self","Type":15,"Integer":0,"String":"c","Interface":null}}
2025-08-15T22:13:13.801-0500	DEBUG	protocol/handler.go:1591	have processed broadcast	{"{round 20 3  <nil>}": {"Key":"from","Type":15,"Integer":0,"String":"a","Interface":null}}
2025-08-15T22:13:13.801-0500	DEBUG	protocol/handler.go:1591	have processed broadcast	{"{round 20 3  <nil>}": {"Key":"from","Type":15,"Integer":0,"String":"b","Interface":null}}
2025-08-15T22:13:13.802-0500	DEBUG	protocol/handler.go:581	tryAdvanceRound called	{"{current_round 20 3  <nil>}": {"Key":"self","Type":15,"Integer":0,"String":"a","Interface":null}}
2025-08-15T22:13:13.801-0500	DEBUG	protocol/handler.go:1649	have all messages and processed	{"{round 20 3  <nil>}": {"Key":"self","Type":15,"Integer":0,"String":"c","Interface":null}}
2025-08-15T22:13:13.802-0500	DEBUG	protocol/handler.go:1591	have processed broadcast	{"{round 20 3  <nil>}": {"Key":"from","Type":15,"Integer":0,"String":"b","Interface":null}}
2025-08-15T22:13:13.804-0500	DEBUG	protocol/handler.go:596	round already finalized
2025-08-15T22:13:13.804-0500	DEBUG	protocol/handler.go:1591	have processed broadcast	{"{round 20 3  <nil>}": {"Key":"from","Type":15,"Integer":0,"String":"c","Interface":null}}
2025-08-15T22:13:13.804-0500	DEBUG	protocol/handler.go:1649	have all messages and processed	{"{round 20 3  <nil>}": {"Key":"self","Type":15,"Integer":0,"String":"a","Interface":null}}
2025-08-15T22:13:13.804-0500	DEBUG	protocol/handler.go:596	round already finalized
2025-08-15T22:13:13.806-0500	DEBUG	protocol/handler.go:581	tryAdvanceRound called	{"{current_round 20 3  <nil>}": {"Key":"self","Type":15,"Integer":0,"String":"a","Interface":null}}
2025-08-15T22:13:13.806-0500	DEBUG	protocol/handler.go:1591	have processed broadcast	{"{round 20 3  <nil>}": {"Key":"from","Type":15,"Integer":0,"String":"b","Interface":null}}
2025-08-15T22:13:13.806-0500	DEBUG	protocol/handler.go:1591	have processed broadcast	{"{round 20 3  <nil>}": {"Key":"from","Type":15,"Integer":0,"String":"c","Interface":null}}
2025-08-15T22:13:13.806-0500	DEBUG	protocol/handler.go:1649	have all messages and processed	{"{round 20 3  <nil>}": {"Key":"self","Type":15,"Integer":0,"String":"a","Interface":null}}
2025-08-15T22:13:13.806-0500	DEBUG	protocol/handler.go:596	round already finalized
2025-08-15T22:13:13.810-0500	DEBUG	protocol/handler.go:581	tryAdvanceRound called	{"{current_round 20 3  <nil>}": {"Key":"self","Type":15,"Integer":0,"String":"b","Interface":null}}
2025-08-15T22:13:13.810-0500	DEBUG	protocol/handler.go:1591	have processed broadcast	{"{round 20 3  <nil>}": {"Key":"from","Type":15,"Integer":0,"String":"a","Interface":null}}
2025-08-15T22:13:13.810-0500	DEBUG	protocol/handler.go:1591	have processed broadcast	{"{round 20 3  <nil>}": {"Key":"from","Type":15,"Integer":0,"String":"c","Interface":null}}
2025-08-15T22:13:13.811-0500	DEBUG	protocol/handler.go:581	tryAdvanceRound called	{"{current_round 20 3  <nil>}": {"Key":"self","Type":15,"Integer":0,"String":"c","Interface":null}}
2025-08-15T22:13:13.811-0500	DEBUG	protocol/handler.go:1649	have all messages and processed	{"{round 20 3  <nil>}": {"Key":"self","Type":15,"Integer":0,"String":"b","Interface":null}}
2025-08-15T22:13:13.816-0500	DEBUG	protocol/handler.go:596	round already finalized
2025-08-15T22:13:13.816-0500	DEBUG	protocol/handler.go:581	tryAdvanceRound called	{"{current_round 20 3  <nil>}": {"Key":"self","Type":15,"Integer":0,"String":"a","Interface":null}}
2025-08-15T22:13:13.817-0500	DEBUG	protocol/handler.go:1591	have processed broadcast	{"{round 20 3  <nil>}": {"Key":"from","Type":15,"Integer":0,"String":"b","Interface":null}}
2025-08-15T22:13:13.817-0500	DEBUG	protocol/handler.go:1591	have processed broadcast	{"{round 20 3  <nil>}": {"Key":"from","Type":15,"Integer":0,"String":"c","Interface":null}}
2025-08-15T22:13:13.817-0500	DEBUG	protocol/handler.go:1649	have all messages and processed	{"{round 20 3  <nil>}": {"Key":"self","Type":15,"Integer":0,"String":"a","Interface":null}}
2025-08-15T22:13:13.817-0500	DEBUG	protocol/handler.go:596	round already finalized
2025-08-15T22:13:13.818-0500	DEBUG	protocol/handler.go:1591	have processed broadcast	{"{round 20 3  <nil>}": {"Key":"from","Type":15,"Integer":0,"String":"a","Interface":null}}
2025-08-15T22:13:13.818-0500	DEBUG	protocol/handler.go:1591	have processed broadcast	{"{round 20 3  <nil>}": {"Key":"from","Type":15,"Integer":0,"String":"b","Interface":null}}
2025-08-15T22:13:13.818-0500	DEBUG	protocol/handler.go:1649	have all messages and processed	{"{round 20 3  <nil>}": {"Key":"self","Type":15,"Integer":0,"String":"c","Interface":null}}
2025-08-15T22:13:13.818-0500	DEBUG	protocol/handler.go:596	round already finalized
2025-08-15T22:13:13.852-0500	DEBUG	protocol/handler.go:581	tryAdvanceRound called	{"{current_round 20 3  <nil>}": {"Key":"self","Type":15,"Integer":0,"String":"b","Interface":null}}
2025-08-15T22:13:13.852-0500	DEBUG	protocol/handler.go:1591	have processed broadcast	{"{round 20 3  <nil>}": {"Key":"from","Type":15,"Integer":0,"String":"a","Interface":null}}
2025-08-15T22:13:13.852-0500	DEBUG	protocol/handler.go:1591	have processed broadcast	{"{round 20 3  <nil>}": {"Key":"from","Type":15,"Integer":0,"String":"c","Interface":null}}
2025-08-15T22:13:13.852-0500	DEBUG	protocol/handler.go:1649	have all messages and processed	{"{round 20 3  <nil>}": {"Key":"self","Type":15,"Integer":0,"String":"b","Interface":null}}
2025-08-15T22:13:13.852-0500	DEBUG	protocol/handler.go:596	round already finalized
2025-08-15T22:13:13.855-0500	DEBUG	protocol/handler.go:581	tryAdvanceRound called	{"{current_round 20 3  <nil>}": {"Key":"self","Type":15,"Integer":0,"String":"b","Interface":null}}
2025-08-15T22:13:13.856-0500	DEBUG	protocol/handler.go:1591	have processed broadcast	{"{round 20 3  <nil>}": {"Key":"from","Type":15,"Integer":0,"String":"a","Interface":null}}
2025-08-15T22:13:13.856-0500	DEBUG	protocol/handler.go:1591	have processed broadcast	{"{round 20 3  <nil>}": {"Key":"from","Type":15,"Integer":0,"String":"c","Interface":null}}
2025-08-15T22:13:13.856-0500	DEBUG	protocol/handler.go:1649	have all messages and processed	{"{round 20 3  <nil>}": {"Key":"self","Type":15,"Integer":0,"String":"b","Interface":null}}
2025-08-15T22:13:13.856-0500	DEBUG	protocol/handler.go:596	round already finalized
2025-08-15T22:13:13.856-0500	DEBUG	protocol/handler.go:581	tryAdvanceRound called	{"{current_round 20 3  <nil>}": {"Key":"self","Type":15,"Integer":0,"String":"c","Interface":null}}
2025-08-15T22:13:13.856-0500	DEBUG	protocol/handler.go:1591	have processed broadcast	{"{round 20 3  <nil>}": {"Key":"from","Type":15,"Integer":0,"String":"a","Interface":null}}
2025-08-15T22:13:13.856-0500	DEBUG	protocol/handler.go:1591	have processed broadcast	{"{round 20 3  <nil>}": {"Key":"from","Type":15,"Integer":0,"String":"b","Interface":null}}
2025-08-15T22:13:13.857-0500	DEBUG	protocol/handler.go:1649	have all messages and processed	{"{round 20 3  <nil>}": {"Key":"self","Type":15,"Integer":0,"String":"c","Interface":null}}
2025-08-15T22:13:13.857-0500	DEBUG	protocol/handler.go:596	round already finalized
2025-08-15T22:13:13.841-0500	DEBUG	protocol/handler.go:581	tryAdvanceRound called	{"{current_round 20 3  <nil>}": {"Key":"self","Type":15,"Integer":0,"String":"a","Interface":null}}
2025-08-15T22:13:13.867-0500	DEBUG	protocol/handler.go:1591	have processed broadcast	{"{round 20 3  <nil>}": {"Key":"from","Type":15,"Integer":0,"String":"b","Interface":null}}
2025-08-15T22:13:13.867-0500	DEBUG	protocol/handler.go:1591	have processed broadcast	{"{round 20 3  <nil>}": {"Key":"from","Type":15,"Integer":0,"String":"c","Interface":null}}
2025-08-15T22:13:13.867-0500	DEBUG	protocol/handler.go:1649	have all messages and processed	{"{round 20 3  <nil>}": {"Key":"self","Type":15,"Integer":0,"String":"a","Interface":null}}
2025-08-15T22:13:13.867-0500	DEBUG	protocol/handler.go:596	round already finalized
2025-08-15T22:13:13.868-0500	DEBUG	protocol/handler.go:581	tryAdvanceRound called	{"{current_round 20 3  <nil>}": {"Key":"self","Type":15,"Integer":0,"String":"a","Interface":null}}
2025-08-15T22:13:13.868-0500	DEBUG	protocol/handler.go:1591	have processed broadcast	{"{round 20 3  <nil>}": {"Key":"from","Type":15,"Integer":0,"String":"b","Interface":null}}
2025-08-15T22:13:13.868-0500	DEBUG	protocol/handler.go:1591	have processed broadcast	{"{round 20 3  <nil>}": {"Key":"from","Type":15,"Integer":0,"String":"c","Interface":null}}
2025-08-15T22:13:13.868-0500	DEBUG	protocol/handler.go:1649	have all messages and processed	{"{round 20 3  <nil>}": {"Key":"self","Type":15,"Integer":0,"String":"a","Interface":null}}
2025-08-15T22:13:13.868-0500	DEBUG	protocol/handler.go:596	round already finalized
2025-08-15T22:13:13.869-0500	DEBUG	protocol/handler.go:581	tryAdvanceRound called	{"{current_round 20 3  <nil>}": {"Key":"self","Type":15,"Integer":0,"String":"b","Interface":null}}
2025-08-15T22:13:13.869-0500	DEBUG	protocol/handler.go:1591	have processed broadcast	{"{round 20 3  <nil>}": {"Key":"from","Type":15,"Integer":0,"String":"a","Interface":null}}
2025-08-15T22:13:13.869-0500	DEBUG	protocol/handler.go:1591	have processed broadcast	{"{round 20 3  <nil>}": {"Key":"from","Type":15,"Integer":0,"String":"c","Interface":null}}
2025-08-15T22:13:13.869-0500	DEBUG	protocol/handler.go:1649	have all messages and processed	{"{round 20 3  <nil>}": {"Key":"self","Type":15,"Integer":0,"String":"b","Interface":null}}
2025-08-15T22:13:13.901-0500	DEBUG	protocol/handler.go:581	tryAdvanceRound called	{"{current_round 20 3  <nil>}": {"Key":"self","Type":15,"Integer":0,"String":"a","Interface":null}}
2025-08-15T22:13:13.902-0500	DEBUG	protocol/handler.go:1591	have processed broadcast	{"{round 20 3  <nil>}": {"Key":"from","Type":15,"Integer":0,"String":"b","Interface":null}}
2025-08-15T22:13:13.902-0500	DEBUG	protocol/handler.go:1591	have processed broadcast	{"{round 20 3  <nil>}": {"Key":"from","Type":15,"Integer":0,"String":"c","Interface":null}}
2025-08-15T22:13:13.902-0500	DEBUG	protocol/handler.go:1649	have all messages and processed	{"{round 20 3  <nil>}": {"Key":"self","Type":15,"Integer":0,"String":"a","Interface":null}}
2025-08-15T22:13:13.903-0500	DEBUG	protocol/handler.go:596	round already finalized
2025-08-15T22:13:13.857-0500	DEBUG	protocol/handler.go:581	tryAdvanceRound called	{"{current_round 20 3  <nil>}": {"Key":"self","Type":15,"Integer":0,"String":"c","Interface":null}}
2025-08-15T22:13:13.929-0500	DEBUG	protocol/handler.go:1591	have processed broadcast	{"{round 20 3  <nil>}": {"Key":"from","Type":15,"Integer":0,"String":"a","Interface":null}}
2025-08-15T22:13:13.930-0500	DEBUG	protocol/handler.go:1591	have processed broadcast	{"{round 20 3  <nil>}": {"Key":"from","Type":15,"Integer":0,"String":"b","Interface":null}}
2025-08-15T22:13:13.930-0500	DEBUG	protocol/handler.go:1649	have all messages and processed	{"{round 20 3  <nil>}": {"Key":"self","Type":15,"Integer":0,"String":"c","Interface":null}}
2025-08-15T22:13:13.930-0500	DEBUG	protocol/handler.go:596	round already finalized
2025-08-15T22:13:13.930-0500	DEBUG	protocol/handler.go:581	tryAdvanceRound called	{"{current_round 20 3  <nil>}": {"Key":"self","Type":15,"Integer":0,"String":"c","Interface":null}}
2025-08-15T22:13:13.930-0500	DEBUG	protocol/handler.go:1591	have processed broadcast	{"{round 20 3  <nil>}": {"Key":"from","Type":15,"Integer":0,"String":"a","Interface":null}}
2025-08-15T22:13:13.930-0500	DEBUG	protocol/handler.go:1591	have processed broadcast	{"{round 20 3  <nil>}": {"Key":"from","Type":15,"Integer":0,"String":"b","Interface":null}}
2025-08-15T22:13:13.930-0500	DEBUG	protocol/handler.go:1649	have all messages and processed	{"{round 20 3  <nil>}": {"Key":"self","Type":15,"Integer":0,"String":"c","Interface":null}}
2025-08-15T22:13:13.930-0500	DEBUG	protocol/handler.go:596	round already finalized
2025-08-15T22:13:13.939-0500	DEBUG	protocol/handler.go:581	tryAdvanceRound called	{"{current_round 20 3  <nil>}": {"Key":"self","Type":15,"Integer":0,"String":"a","Interface":null}}
2025-08-15T22:13:13.942-0500	DEBUG	protocol/handler.go:1591	have processed broadcast	{"{round 20 3  <nil>}": {"Key":"from","Type":15,"Integer":0,"String":"b","Interface":null}}
2025-08-15T22:13:13.942-0500	DEBUG	protocol/handler.go:1591	have processed broadcast	{"{round 20 3  <nil>}": {"Key":"from","Type":15,"Integer":0,"String":"c","Interface":null}}
2025-08-15T22:13:13.942-0500	DEBUG	protocol/handler.go:1649	have all messages and processed	{"{round 20 3  <nil>}": {"Key":"self","Type":15,"Integer":0,"String":"a","Interface":null}}
2025-08-15T22:13:13.942-0500	DEBUG	protocol/handler.go:596	round already finalized
2025-08-15T22:13:13.942-0500	DEBUG	protocol/handler.go:581	tryAdvanceRound called	{"{current_round 20 3  <nil>}": {"Key":"self","Type":15,"Integer":0,"String":"a","Interface":null}}
2025-08-15T22:13:13.942-0500	DEBUG	protocol/handler.go:1591	have processed broadcast	{"{round 20 3  <nil>}": {"Key":"from","Type":15,"Integer":0,"String":"b","Interface":null}}
2025-08-15T22:13:13.942-0500	DEBUG	protocol/handler.go:1591	have processed broadcast	{"{round 20 3  <nil>}": {"Key":"from","Type":15,"Integer":0,"String":"c","Interface":null}}
2025-08-15T22:13:13.943-0500	DEBUG	protocol/handler.go:1649	have all messages and processed	{"{round 20 3  <nil>}": {"Key":"self","Type":15,"Integer":0,"String":"a","Interface":null}}
2025-08-15T22:13:13.943-0500	DEBUG	protocol/handler.go:596	round already finalized
2025-08-15T22:13:13.956-0500	DEBUG	protocol/handler.go:581	tryAdvanceRound called	{"{current_round 20 3  <nil>}": {"Key":"self","Type":15,"Integer":0,"String":"a","Interface":null}}
2025-08-15T22:13:13.956-0500	DEBUG	protocol/handler.go:1591	have processed broadcast	{"{round 20 3  <nil>}": {"Key":"from","Type":15,"Integer":0,"String":"b","Interface":null}}
2025-08-15T22:13:13.957-0500	DEBUG	protocol/handler.go:1591	have processed broadcast	{"{round 20 3  <nil>}": {"Key":"from","Type":15,"Integer":0,"String":"c","Interface":null}}
2025-08-15T22:13:13.957-0500	DEBUG	protocol/handler.go:1649	have all messages and processed	{"{round 20 3  <nil>}": {"Key":"self","Type":15,"Integer":0,"String":"a","Interface":null}}
2025-08-15T22:13:13.957-0500	DEBUG	protocol/handler.go:596	round already finalized
2025-08-15T22:13:13.869-0500	DEBUG	protocol/handler.go:596	round already finalized
2025-08-15T22:13:13.964-0500	DEBUG	protocol/handler.go:581	tryAdvanceRound called	{"{current_round 20 3  <nil>}": {"Key":"self","Type":15,"Integer":0,"String":"b","Interface":null}}
2025-08-15T22:13:13.964-0500	DEBUG	protocol/handler.go:1591	have processed broadcast	{"{round 20 3  <nil>}": {"Key":"from","Type":15,"Integer":0,"String":"a","Interface":null}}
2025-08-15T22:13:13.964-0500	DEBUG	protocol/handler.go:1591	have processed broadcast	{"{round 20 3  <nil>}": {"Key":"from","Type":15,"Integer":0,"String":"c","Interface":null}}
2025-08-15T22:13:13.964-0500	DEBUG	protocol/handler.go:1649	have all messages and processed	{"{round 20 3  <nil>}": {"Key":"self","Type":15,"Integer":0,"String":"b","Interface":null}}
2025-08-15T22:13:13.964-0500	DEBUG	protocol/handler.go:596	round already finalized
2025-08-15T22:13:13.983-0500	DEBUG	protocol/handler.go:581	tryAdvanceRound called	{"{current_round 20 3  <nil>}": {"Key":"self","Type":15,"Integer":0,"String":"c","Interface":null}}
2025-08-15T22:13:13.983-0500	DEBUG	protocol/handler.go:1591	have processed broadcast	{"{round 20 3  <nil>}": {"Key":"from","Type":15,"Integer":0,"String":"a","Interface":null}}
2025-08-15T22:13:13.983-0500	DEBUG	protocol/handler.go:1591	have processed broadcast	{"{round 20 3  <nil>}": {"Key":"from","Type":15,"Integer":0,"String":"b","Interface":null}}
2025-08-15T22:13:13.983-0500	DEBUG	protocol/handler.go:1649	have all messages and processed	{"{round 20 3  <nil>}": {"Key":"self","Type":15,"Integer":0,"String":"c","Interface":null}}
2025-08-15T22:13:13.983-0500	DEBUG	protocol/handler.go:596	round already finalized
2025-08-15T22:13:13.983-0500	DEBUG	protocol/handler.go:581	tryAdvanceRound called	{"{current_round 20 3  <nil>}": {"Key":"self","Type":15,"Integer":0,"String":"c","Interface":null}}
2025-08-15T22:13:13.984-0500	DEBUG	protocol/handler.go:1591	have processed broadcast	{"{round 20 3  <nil>}": {"Key":"from","Type":15,"Integer":0,"String":"a","Interface":null}}
2025-08-15T22:13:13.984-0500	DEBUG	protocol/handler.go:1591	have processed broadcast	{"{round 20 3  <nil>}": {"Key":"from","Type":15,"Integer":0,"String":"b","Interface":null}}
2025-08-15T22:13:13.984-0500	DEBUG	protocol/handler.go:1649	have all messages and processed	{"{round 20 3  <nil>}": {"Key":"self","Type":15,"Integer":0,"String":"c","Interface":null}}
2025-08-15T22:13:13.985-0500	DEBUG	protocol/handler.go:596	round already finalized
2025-08-15T22:13:14.012-0500	DEBUG	protocol/handler.go:581	tryAdvanceRound called	{"{current_round 20 3  <nil>}": {"Key":"self","Type":15,"Integer":0,"String":"a","Interface":null}}
2025-08-15T22:13:14.013-0500	DEBUG	protocol/handler.go:1591	have processed broadcast	{"{round 20 3  <nil>}": {"Key":"from","Type":15,"Integer":0,"String":"b","Interface":null}}
2025-08-15T22:13:14.013-0500	DEBUG	protocol/handler.go:1591	have processed broadcast	{"{round 20 3  <nil>}": {"Key":"from","Type":15,"Integer":0,"String":"c","Interface":null}}
2025-08-15T22:13:14.013-0500	DEBUG	protocol/handler.go:1649	have all messages and processed	{"{round 20 3  <nil>}": {"Key":"self","Type":15,"Integer":0,"String":"a","Interface":null}}
2025-08-15T22:13:14.013-0500	DEBUG	protocol/handler.go:596	round already finalized
2025-08-15T22:13:14.013-0500	DEBUG	protocol/handler.go:581	tryAdvanceRound called	{"{current_round 20 3  <nil>}": {"Key":"self","Type":15,"Integer":0,"String":"a","Interface":null}}
2025-08-15T22:13:14.013-0500	DEBUG	protocol/handler.go:1591	have processed broadcast	{"{round 20 3  <nil>}": {"Key":"from","Type":15,"Integer":0,"String":"b","Interface":null}}
2025-08-15T22:13:14.014-0500	DEBUG	protocol/handler.go:1591	have processed broadcast	{"{round 20 3  <nil>}": {"Key":"from","Type":15,"Integer":0,"String":"c","Interface":null}}
2025-08-15T22:13:14.014-0500	DEBUG	protocol/handler.go:1649	have all messages and processed	{"{round 20 3  <nil>}": {"Key":"self","Type":15,"Integer":0,"String":"a","Interface":null}}
2025-08-15T22:13:14.014-0500	DEBUG	protocol/handler.go:596	round already finalized
2025-08-15T22:13:14.016-0500	DEBUG	protocol/handler.go:581	tryAdvanceRound called	{"{current_round 20 3  <nil>}": {"Key":"self","Type":15,"Integer":0,"String":"b","Interface":null}}
2025-08-15T22:13:14.016-0500	DEBUG	protocol/handler.go:1591	have processed broadcast	{"{round 20 3  <nil>}": {"Key":"from","Type":15,"Integer":0,"String":"a","Interface":null}}
2025-08-15T22:13:14.016-0500	DEBUG	protocol/handler.go:1591	have processed broadcast	{"{round 20 3  <nil>}": {"Key":"from","Type":15,"Integer":0,"String":"c","Interface":null}}
2025-08-15T22:13:14.016-0500	DEBUG	protocol/handler.go:1649	have all messages and processed	{"{round 20 3  <nil>}": {"Key":"self","Type":15,"Integer":0,"String":"b","Interface":null}}
2025-08-15T22:13:14.026-0500	DEBUG	protocol/handler.go:596	round already finalized
2025-08-15T22:13:14.026-0500	DEBUG	protocol/handler.go:581	tryAdvanceRound called	{"{current_round 20 3  <nil>}": {"Key":"self","Type":15,"Integer":0,"String":"b","Interface":null}}
2025-08-15T22:13:14.026-0500	DEBUG	protocol/handler.go:1591	have processed broadcast	{"{round 20 3  <nil>}": {"Key":"from","Type":15,"Integer":0,"String":"a","Interface":null}}
2025-08-15T22:13:14.026-0500	DEBUG	protocol/handler.go:1591	have processed broadcast	{"{round 20 3  <nil>}": {"Key":"from","Type":15,"Integer":0,"String":"c","Interface":null}}
2025-08-15T22:13:14.026-0500	DEBUG	protocol/handler.go:1649	have all messages and processed	{"{round 20 3  <nil>}": {"Key":"self","Type":15,"Integer":0,"String":"b","Interface":null}}
2025-08-15T22:13:14.026-0500	DEBUG	protocol/handler.go:596	round already finalized
2025-08-15T22:13:14.026-0500	DEBUG	protocol/handler.go:581	tryAdvanceRound called	{"{current_round 20 3  <nil>}": {"Key":"self","Type":15,"Integer":0,"String":"b","Interface":null}}
2025-08-15T22:13:14.027-0500	DEBUG	protocol/handler.go:581	tryAdvanceRound called	{"{current_round 20 3  <nil>}": {"Key":"self","Type":15,"Integer":0,"String":"c","Interface":null}}
2025-08-15T22:13:14.027-0500	DEBUG	protocol/handler.go:1591	have processed broadcast	{"{round 20 3  <nil>}": {"Key":"from","Type":15,"Integer":0,"String":"a","Interface":null}}
2025-08-15T22:13:14.027-0500	DEBUG	protocol/handler.go:1591	have processed broadcast	{"{round 20 3  <nil>}": {"Key":"from","Type":15,"Integer":0,"String":"b","Interface":null}}
2025-08-15T22:13:14.027-0500	DEBUG	protocol/handler.go:1649	have all messages and processed	{"{round 20 3  <nil>}": {"Key":"self","Type":15,"Integer":0,"String":"c","Interface":null}}
2025-08-15T22:13:14.027-0500	DEBUG	protocol/handler.go:596	round already finalized
2025-08-15T22:13:14.027-0500	DEBUG	protocol/handler.go:581	tryAdvanceRound called	{"{current_round 20 3  <nil>}": {"Key":"self","Type":15,"Integer":0,"String":"c","Interface":null}}
2025-08-15T22:13:14.027-0500	DEBUG	protocol/handler.go:1591	have processed broadcast	{"{round 20 3  <nil>}": {"Key":"from","Type":15,"Integer":0,"String":"a","Interface":null}}
2025-08-15T22:13:14.027-0500	DEBUG	protocol/handler.go:1591	have processed broadcast	{"{round 20 3  <nil>}": {"Key":"from","Type":15,"Integer":0,"String":"b","Interface":null}}
2025-08-15T22:13:14.027-0500	DEBUG	protocol/handler.go:1649	have all messages and processed	{"{round 20 3  <nil>}": {"Key":"self","Type":15,"Integer":0,"String":"c","Interface":null}}
2025-08-15T22:13:14.027-0500	DEBUG	protocol/handler.go:596	round already finalized
2025-08-15T22:13:14.056-0500	DEBUG	protocol/handler.go:581	tryAdvanceRound called	{"{current_round 20 3  <nil>}": {"Key":"self","Type":15,"Integer":0,"String":"a","Interface":null}}
2025-08-15T22:13:14.061-0500	DEBUG	protocol/handler.go:1591	have processed broadcast	{"{round 20 3  <nil>}": {"Key":"from","Type":15,"Integer":0,"String":"b","Interface":null}}
2025-08-15T22:13:14.061-0500	DEBUG	protocol/handler.go:1591	have processed broadcast	{"{round 20 3  <nil>}": {"Key":"from","Type":15,"Integer":0,"String":"c","Interface":null}}
2025-08-15T22:13:14.061-0500	DEBUG	protocol/handler.go:1649	have all messages and processed	{"{round 20 3  <nil>}": {"Key":"self","Type":15,"Integer":0,"String":"a","Interface":null}}
2025-08-15T22:13:14.061-0500	DEBUG	protocol/handler.go:596	round already finalized
2025-08-15T22:13:14.061-0500	DEBUG	protocol/handler.go:581	tryAdvanceRound called	{"{current_round 20 3  <nil>}": {"Key":"self","Type":15,"Integer":0,"String":"a","Interface":null}}
2025-08-15T22:13:14.061-0500	DEBUG	protocol/handler.go:1591	have processed broadcast	{"{round 20 3  <nil>}": {"Key":"from","Type":15,"Integer":0,"String":"b","Interface":null}}
2025-08-15T22:13:14.061-0500	DEBUG	protocol/handler.go:1591	have processed broadcast	{"{round 20 3  <nil>}": {"Key":"from","Type":15,"Integer":0,"String":"c","Interface":null}}
2025-08-15T22:13:14.061-0500	DEBUG	protocol/handler.go:1649	have all messages and processed	{"{round 20 3  <nil>}": {"Key":"self","Type":15,"Integer":0,"String":"a","Interface":null}}
2025-08-15T22:13:14.061-0500	DEBUG	protocol/handler.go:596	round already finalized
2025-08-15T22:13:14.062-0500	DEBUG	protocol/handler.go:581	tryAdvanceRound called	{"{current_round 20 3  <nil>}": {"Key":"self","Type":15,"Integer":0,"String":"a","Interface":null}}
2025-08-15T22:13:14.062-0500	DEBUG	protocol/handler.go:1591	have processed broadcast	{"{round 20 3  <nil>}": {"Key":"from","Type":15,"Integer":0,"String":"b","Interface":null}}
2025-08-15T22:13:14.062-0500	DEBUG	protocol/handler.go:1591	have processed broadcast	{"{round 20 3  <nil>}": {"Key":"from","Type":15,"Integer":0,"String":"c","Interface":null}}
2025-08-15T22:13:14.062-0500	DEBUG	protocol/handler.go:1649	have all messages and processed	{"{round 20 3  <nil>}": {"Key":"self","Type":15,"Integer":0,"String":"a","Interface":null}}
2025-08-15T22:13:14.062-0500	DEBUG	protocol/handler.go:596	round already finalized
2025-08-15T22:13:14.026-0500	DEBUG	protocol/handler.go:1591	have processed broadcast	{"{round 20 3  <nil>}": {"Key":"from","Type":15,"Integer":0,"String":"a","Interface":null}}
2025-08-15T22:13:14.073-0500	DEBUG	protocol/handler.go:1591	have processed broadcast	{"{round 20 3  <nil>}": {"Key":"from","Type":15,"Integer":0,"String":"c","Interface":null}}
2025-08-15T22:13:14.073-0500	DEBUG	protocol/handler.go:1649	have all messages and processed	{"{round 20 3  <nil>}": {"Key":"self","Type":15,"Integer":0,"String":"b","Interface":null}}
2025-08-15T22:13:14.082-0500	DEBUG	protocol/handler.go:596	round already finalized
2025-08-15T22:13:14.082-0500	DEBUG	protocol/handler.go:581	tryAdvanceRound called	{"{current_round 20 3  <nil>}": {"Key":"self","Type":15,"Integer":0,"String":"b","Interface":null}}
2025-08-15T22:13:14.082-0500	DEBUG	protocol/handler.go:1591	have processed broadcast	{"{round 20 3  <nil>}": {"Key":"from","Type":15,"Integer":0,"String":"a","Interface":null}}
2025-08-15T22:13:14.082-0500	DEBUG	protocol/handler.go:1591	have processed broadcast	{"{round 20 3  <nil>}": {"Key":"from","Type":15,"Integer":0,"String":"c","Interface":null}}
2025-08-15T22:13:14.082-0500	DEBUG	protocol/handler.go:1649	have all messages and processed	{"{round 20 3  <nil>}": {"Key":"self","Type":15,"Integer":0,"String":"b","Interface":null}}
2025-08-15T22:13:14.082-0500	DEBUG	protocol/handler.go:596	round already finalized
2025-08-15T22:13:14.091-0500	DEBUG	protocol/handler.go:581	tryAdvanceRound called	{"{current_round 20 3  <nil>}": {"Key":"self","Type":15,"Integer":0,"String":"c","Interface":null}}
2025-08-15T22:13:14.092-0500	DEBUG	protocol/handler.go:1591	have processed broadcast	{"{round 20 3  <nil>}": {"Key":"from","Type":15,"Integer":0,"String":"a","Interface":null}}
2025-08-15T22:13:14.092-0500	DEBUG	protocol/handler.go:1591	have processed broadcast	{"{round 20 3  <nil>}": {"Key":"from","Type":15,"Integer":0,"String":"b","Interface":null}}
2025-08-15T22:13:14.096-0500	DEBUG	protocol/handler.go:581	tryAdvanceRound called	{"{current_round 20 3  <nil>}": {"Key":"self","Type":15,"Integer":0,"String":"b","Interface":null}}
2025-08-15T22:13:14.096-0500	DEBUG	protocol/handler.go:1591	have processed broadcast	{"{round 20 3  <nil>}": {"Key":"from","Type":15,"Integer":0,"String":"a","Interface":null}}
2025-08-15T22:13:14.096-0500	DEBUG	protocol/handler.go:1591	have processed broadcast	{"{round 20 3  <nil>}": {"Key":"from","Type":15,"Integer":0,"String":"c","Interface":null}}
2025-08-15T22:13:14.096-0500	DEBUG	protocol/handler.go:1649	have all messages and processed	{"{round 20 3  <nil>}": {"Key":"self","Type":15,"Integer":0,"String":"b","Interface":null}}
2025-08-15T22:13:14.096-0500	DEBUG	protocol/handler.go:596	round already finalized
2025-08-15T22:13:14.092-0500	DEBUG	protocol/handler.go:1649	have all messages and processed	{"{round 20 3  <nil>}": {"Key":"self","Type":15,"Integer":0,"String":"c","Interface":null}}
2025-08-15T22:13:14.102-0500	DEBUG	protocol/handler.go:596	round already finalized
2025-08-15T22:13:14.102-0500	DEBUG	protocol/handler.go:581	tryAdvanceRound called	{"{current_round 20 3  <nil>}": {"Key":"self","Type":15,"Integer":0,"String":"c","Interface":null}}
2025-08-15T22:13:14.102-0500	DEBUG	protocol/handler.go:1591	have processed broadcast	{"{round 20 3  <nil>}": {"Key":"from","Type":15,"Integer":0,"String":"a","Interface":null}}
2025-08-15T22:13:14.102-0500	DEBUG	protocol/handler.go:1591	have processed broadcast	{"{round 20 3  <nil>}": {"Key":"from","Type":15,"Integer":0,"String":"b","Interface":null}}
2025-08-15T22:13:14.102-0500	DEBUG	protocol/handler.go:1649	have all messages and processed	{"{round 20 3  <nil>}": {"Key":"self","Type":15,"Integer":0,"String":"c","Interface":null}}
2025-08-15T22:13:14.106-0500	DEBUG	protocol/handler.go:596	round already finalized
2025-08-15T22:13:14.120-0500	DEBUG	protocol/handler.go:581	tryAdvanceRound called	{"{current_round 20 3  <nil>}": {"Key":"self","Type":15,"Integer":0,"String":"b","Interface":null}}
2025-08-15T22:13:14.120-0500	DEBUG	protocol/handler.go:1591	have processed broadcast	{"{round 20 3  <nil>}": {"Key":"from","Type":15,"Integer":0,"String":"a","Interface":null}}
2025-08-15T22:13:14.120-0500	DEBUG	protocol/handler.go:1591	have processed broadcast	{"{round 20 3  <nil>}": {"Key":"from","Type":15,"Integer":0,"String":"c","Interface":null}}
2025-08-15T22:13:14.120-0500	DEBUG	protocol/handler.go:1649	have all messages and processed	{"{round 20 3  <nil>}": {"Key":"self","Type":15,"Integer":0,"String":"b","Interface":null}}
2025-08-15T22:13:14.120-0500	DEBUG	protocol/handler.go:596	round already finalized
2025-08-15T22:13:14.133-0500	DEBUG	protocol/handler.go:581	tryAdvanceRound called	{"{current_round 20 3  <nil>}": {"Key":"self","Type":15,"Integer":0,"String":"a","Interface":null}}
2025-08-15T22:13:14.134-0500	DEBUG	protocol/handler.go:1591	have processed broadcast	{"{round 20 3  <nil>}": {"Key":"from","Type":15,"Integer":0,"String":"b","Interface":null}}
2025-08-15T22:13:14.142-0500	DEBUG	protocol/handler.go:1591	have processed broadcast	{"{round 20 3  <nil>}": {"Key":"from","Type":15,"Integer":0,"String":"c","Interface":null}}
2025-08-15T22:13:14.142-0500	DEBUG	protocol/handler.go:1649	have all messages and processed	{"{round 20 3  <nil>}": {"Key":"self","Type":15,"Integer":0,"String":"a","Interface":null}}
2025-08-15T22:13:14.142-0500	DEBUG	protocol/handler.go:596	round already finalized
2025-08-15T22:13:14.142-0500	DEBUG	protocol/handler.go:581	tryAdvanceRound called	{"{current_round 20 3  <nil>}": {"Key":"self","Type":15,"Integer":0,"String":"a","Interface":null}}
2025-08-15T22:13:14.142-0500	DEBUG	protocol/handler.go:1591	have processed broadcast	{"{round 20 3  <nil>}": {"Key":"from","Type":15,"Integer":0,"String":"b","Interface":null}}
2025-08-15T22:13:14.142-0500	DEBUG	protocol/handler.go:1591	have processed broadcast	{"{round 20 3  <nil>}": {"Key":"from","Type":15,"Integer":0,"String":"c","Interface":null}}
2025-08-15T22:13:14.142-0500	DEBUG	protocol/handler.go:1649	have all messages and processed	{"{round 20 3  <nil>}": {"Key":"self","Type":15,"Integer":0,"String":"a","Interface":null}}
2025-08-15T22:13:14.142-0500	DEBUG	protocol/handler.go:596	round already finalized
2025-08-15T22:13:14.142-0500	DEBUG	protocol/handler.go:581	tryAdvanceRound called	{"{current_round 20 3  <nil>}": {"Key":"self","Type":15,"Integer":0,"String":"a","Interface":null}}
2025-08-15T22:13:14.142-0500	DEBUG	protocol/handler.go:1591	have processed broadcast	{"{round 20 3  <nil>}": {"Key":"from","Type":15,"Integer":0,"String":"b","Interface":null}}
2025-08-15T22:13:14.142-0500	DEBUG	protocol/handler.go:1591	have processed broadcast	{"{round 20 3  <nil>}": {"Key":"from","Type":15,"Integer":0,"String":"c","Interface":null}}
2025-08-15T22:13:14.142-0500	DEBUG	protocol/handler.go:1649	have all messages and processed	{"{round 20 3  <nil>}": {"Key":"self","Type":15,"Integer":0,"String":"a","Interface":null}}
2025-08-15T22:13:14.143-0500	DEBUG	protocol/handler.go:596	round already finalized
2025-08-15T22:13:14.145-0500	DEBUG	protocol/handler.go:581	tryAdvanceRound called	{"{current_round 20 3  <nil>}": {"Key":"self","Type":15,"Integer":0,"String":"b","Interface":null}}
2025-08-15T22:13:14.145-0500	DEBUG	protocol/handler.go:1591	have processed broadcast	{"{round 20 3  <nil>}": {"Key":"from","Type":15,"Integer":0,"String":"a","Interface":null}}
2025-08-15T22:13:14.145-0500	DEBUG	protocol/handler.go:1591	have processed broadcast	{"{round 20 3  <nil>}": {"Key":"from","Type":15,"Integer":0,"String":"c","Interface":null}}
2025-08-15T22:13:14.145-0500	DEBUG	protocol/handler.go:1649	have all messages and processed	{"{round 20 3  <nil>}": {"Key":"self","Type":15,"Integer":0,"String":"b","Interface":null}}
2025-08-15T22:13:14.145-0500	DEBUG	protocol/handler.go:596	round already finalized
2025-08-15T22:13:14.166-0500	DEBUG	protocol/handler.go:581	tryAdvanceRound called	{"{current_round 20 3  <nil>}": {"Key":"self","Type":15,"Integer":0,"String":"c","Interface":null}}
2025-08-15T22:13:14.166-0500	DEBUG	protocol/handler.go:1591	have processed broadcast	{"{round 20 3  <nil>}": {"Key":"from","Type":15,"Integer":0,"String":"a","Interface":null}}
2025-08-15T22:13:14.166-0500	DEBUG	protocol/handler.go:1591	have processed broadcast	{"{round 20 3  <nil>}": {"Key":"from","Type":15,"Integer":0,"String":"b","Interface":null}}
2025-08-15T22:13:14.166-0500	DEBUG	protocol/handler.go:1649	have all messages and processed	{"{round 20 3  <nil>}": {"Key":"self","Type":15,"Integer":0,"String":"c","Interface":null}}
2025-08-15T22:13:14.166-0500	DEBUG	protocol/handler.go:596	round already finalized
2025-08-15T22:13:14.177-0500	DEBUG	protocol/handler.go:581	tryAdvanceRound called	{"{current_round 20 3  <nil>}": {"Key":"self","Type":15,"Integer":0,"String":"a","Interface":null}}
2025-08-15T22:13:14.177-0500	DEBUG	protocol/handler.go:1591	have processed broadcast	{"{round 20 3  <nil>}": {"Key":"from","Type":15,"Integer":0,"String":"b","Interface":null}}
2025-08-15T22:13:14.177-0500	DEBUG	protocol/handler.go:1591	have processed broadcast	{"{round 20 3  <nil>}": {"Key":"from","Type":15,"Integer":0,"String":"c","Interface":null}}
2025-08-15T22:13:14.177-0500	DEBUG	protocol/handler.go:1649	have all messages and processed	{"{round 20 3  <nil>}": {"Key":"self","Type":15,"Integer":0,"String":"a","Interface":null}}
2025-08-15T22:13:14.177-0500	DEBUG	protocol/handler.go:596	round already finalized
2025-08-15T22:13:14.177-0500	DEBUG	protocol/handler.go:581	tryAdvanceRound called	{"{current_round 20 3  <nil>}": {"Key":"self","Type":15,"Integer":0,"String":"a","Interface":null}}
2025-08-15T22:13:14.177-0500	DEBUG	protocol/handler.go:1591	have processed broadcast	{"{round 20 3  <nil>}": {"Key":"from","Type":15,"Integer":0,"String":"b","Interface":null}}
2025-08-15T22:13:14.177-0500	DEBUG	protocol/handler.go:1591	have processed broadcast	{"{round 20 3  <nil>}": {"Key":"from","Type":15,"Integer":0,"String":"c","Interface":null}}
2025-08-15T22:13:14.177-0500	DEBUG	protocol/handler.go:1649	have all messages and processed	{"{round 20 3  <nil>}": {"Key":"self","Type":15,"Integer":0,"String":"a","Interface":null}}
2025-08-15T22:13:14.177-0500	DEBUG	protocol/handler.go:596	round already finalized
2025-08-15T22:13:14.194-0500	DEBUG	protocol/handler.go:581	tryAdvanceRound called	{"{current_round 20 3  <nil>}": {"Key":"self","Type":15,"Integer":0,"String":"b","Interface":null}}
2025-08-15T22:13:14.195-0500	DEBUG	protocol/handler.go:1591	have processed broadcast	{"{round 20 3  <nil>}": {"Key":"from","Type":15,"Integer":0,"String":"a","Interface":null}}
2025-08-15T22:13:14.200-0500	DEBUG	protocol/handler.go:581	tryAdvanceRound called	{"{current_round 20 3  <nil>}": {"Key":"self","Type":15,"Integer":0,"String":"a","Interface":null}}
2025-08-15T22:13:14.200-0500	DEBUG	protocol/handler.go:1591	have processed broadcast	{"{round 20 3  <nil>}": {"Key":"from","Type":15,"Integer":0,"String":"b","Interface":null}}
2025-08-15T22:13:14.200-0500	DEBUG	protocol/handler.go:1591	have processed broadcast	{"{round 20 3  <nil>}": {"Key":"from","Type":15,"Integer":0,"String":"c","Interface":null}}
2025-08-15T22:13:14.200-0500	DEBUG	protocol/handler.go:1649	have all messages and processed	{"{round 20 3  <nil>}": {"Key":"self","Type":15,"Integer":0,"String":"a","Interface":null}}
2025-08-15T22:13:14.200-0500	DEBUG	protocol/handler.go:596	round already finalized
2025-08-15T22:13:14.195-0500	DEBUG	protocol/handler.go:1591	have processed broadcast	{"{round 20 3  <nil>}": {"Key":"from","Type":15,"Integer":0,"String":"c","Interface":null}}
2025-08-15T22:13:14.201-0500	DEBUG	protocol/handler.go:1649	have all messages and processed	{"{round 20 3  <nil>}": {"Key":"self","Type":15,"Integer":0,"String":"b","Interface":null}}
2025-08-15T22:13:14.201-0500	DEBUG	protocol/handler.go:596	round already finalized
2025-08-15T22:13:14.201-0500	DEBUG	protocol/handler.go:581	tryAdvanceRound called	{"{current_round 20 3  <nil>}": {"Key":"self","Type":15,"Integer":0,"String":"b","Interface":null}}
2025-08-15T22:13:14.201-0500	DEBUG	protocol/handler.go:1591	have processed broadcast	{"{round 20 3  <nil>}": {"Key":"from","Type":15,"Integer":0,"String":"a","Interface":null}}
2025-08-15T22:13:14.201-0500	DEBUG	protocol/handler.go:1591	have processed broadcast	{"{round 20 3  <nil>}": {"Key":"from","Type":15,"Integer":0,"String":"c","Interface":null}}
2025-08-15T22:13:14.201-0500	DEBUG	protocol/handler.go:1649	have all messages and processed	{"{round 20 3  <nil>}": {"Key":"self","Type":15,"Integer":0,"String":"b","Interface":null}}
2025-08-15T22:13:14.201-0500	DEBUG	protocol/handler.go:596	round already finalized
2025-08-15T22:13:14.201-0500	DEBUG	protocol/handler.go:581	tryAdvanceRound called	{"{current_round 20 3  <nil>}": {"Key":"self","Type":15,"Integer":0,"String":"b","Interface":null}}
2025-08-15T22:13:14.202-0500	DEBUG	protocol/handler.go:1591	have processed broadcast	{"{round 20 3  <nil>}": {"Key":"from","Type":15,"Integer":0,"String":"a","Interface":null}}
2025-08-15T22:13:14.202-0500	DEBUG	protocol/handler.go:1591	have processed broadcast	{"{round 20 3  <nil>}": {"Key":"from","Type":15,"Integer":0,"String":"c","Interface":null}}
2025-08-15T22:13:14.202-0500	DEBUG	protocol/handler.go:1649	have all messages and processed	{"{round 20 3  <nil>}": {"Key":"self","Type":15,"Integer":0,"String":"b","Interface":null}}
2025-08-15T22:13:14.202-0500	DEBUG	protocol/handler.go:596	round already finalized
2025-08-15T22:13:14.213-0500	DEBUG	protocol/handler.go:581	tryAdvanceRound called	{"{current_round 20 3  <nil>}": {"Key":"self","Type":15,"Integer":0,"String":"c","Interface":null}}
2025-08-15T22:13:14.213-0500	DEBUG	protocol/handler.go:1591	have processed broadcast	{"{round 20 3  <nil>}": {"Key":"from","Type":15,"Integer":0,"String":"a","Interface":null}}
2025-08-15T22:13:14.213-0500	DEBUG	protocol/handler.go:1591	have processed broadcast	{"{round 20 3  <nil>}": {"Key":"from","Type":15,"Integer":0,"String":"b","Interface":null}}
2025-08-15T22:13:14.213-0500	DEBUG	protocol/handler.go:1649	have all messages and processed	{"{round 20 3  <nil>}": {"Key":"self","Type":15,"Integer":0,"String":"c","Interface":null}}
2025-08-15T22:13:14.213-0500	DEBUG	protocol/handler.go:596	round already finalized
2025-08-15T22:13:14.213-0500	DEBUG	protocol/handler.go:581	tryAdvanceRound called	{"{current_round 20 3  <nil>}": {"Key":"self","Type":15,"Integer":0,"String":"c","Interface":null}}
2025-08-15T22:13:14.214-0500	DEBUG	protocol/handler.go:1591	have processed broadcast	{"{round 20 3  <nil>}": {"Key":"from","Type":15,"Integer":0,"String":"a","Interface":null}}
2025-08-15T22:13:14.214-0500	DEBUG	protocol/handler.go:1591	have processed broadcast	{"{round 20 3  <nil>}": {"Key":"from","Type":15,"Integer":0,"String":"b","Interface":null}}
2025-08-15T22:13:14.214-0500	DEBUG	protocol/handler.go:1649	have all messages and processed	{"{round 20 3  <nil>}": {"Key":"self","Type":15,"Integer":0,"String":"c","Interface":null}}
2025-08-15T22:13:14.214-0500	DEBUG	protocol/handler.go:596	round already finalized
2025-08-15T22:13:14.248-0500	DEBUG	protocol/handler.go:581	tryAdvanceRound called	{"{current_round 20 3  <nil>}": {"Key":"self","Type":15,"Integer":0,"String":"a","Interface":null}}
2025-08-15T22:13:14.248-0500	DEBUG	protocol/handler.go:1591	have processed broadcast	{"{round 20 3  <nil>}": {"Key":"from","Type":15,"Integer":0,"String":"b","Interface":null}}
2025-08-15T22:13:14.248-0500	DEBUG	protocol/handler.go:1591	have processed broadcast	{"{round 20 3  <nil>}": {"Key":"from","Type":15,"Integer":0,"String":"c","Interface":null}}
2025-08-15T22:13:14.248-0500	DEBUG	protocol/handler.go:1649	have all messages and processed	{"{round 20 3  <nil>}": {"Key":"self","Type":15,"Integer":0,"String":"a","Interface":null}}
2025-08-15T22:13:14.248-0500	DEBUG	protocol/handler.go:596	round already finalized
2025-08-15T22:13:14.248-0500	DEBUG	protocol/handler.go:581	tryAdvanceRound called	{"{current_round 20 3  <nil>}": {"Key":"self","Type":15,"Integer":0,"String":"a","Interface":null}}
2025-08-15T22:13:14.249-0500	DEBUG	protocol/handler.go:1591	have processed broadcast	{"{round 20 3  <nil>}": {"Key":"from","Type":15,"Integer":0,"String":"b","Interface":null}}
2025-08-15T22:13:14.249-0500	DEBUG	protocol/handler.go:1591	have processed broadcast	{"{round 20 3  <nil>}": {"Key":"from","Type":15,"Integer":0,"String":"c","Interface":null}}
2025-08-15T22:13:14.249-0500	DEBUG	protocol/handler.go:1649	have all messages and processed	{"{round 20 3  <nil>}": {"Key":"self","Type":15,"Integer":0,"String":"a","Interface":null}}
2025-08-15T22:13:14.249-0500	DEBUG	protocol/handler.go:596	round already finalized
2025-08-15T22:13:14.253-0500	DEBUG	protocol/handler.go:581	tryAdvanceRound called	{"{current_round 20 3  <nil>}": {"Key":"self","Type":15,"Integer":0,"String":"c","Interface":null}}
2025-08-15T22:13:14.255-0500	DEBUG	protocol/handler.go:1591	have processed broadcast	{"{round 20 3  <nil>}": {"Key":"from","Type":15,"Integer":0,"String":"a","Interface":null}}
2025-08-15T22:13:14.255-0500	DEBUG	protocol/handler.go:1591	have processed broadcast	{"{round 20 3  <nil>}": {"Key":"from","Type":15,"Integer":0,"String":"b","Interface":null}}
2025-08-15T22:13:14.255-0500	DEBUG	protocol/handler.go:1649	have all messages and processed	{"{round 20 3  <nil>}": {"Key":"self","Type":15,"Integer":0,"String":"c","Interface":null}}
2025-08-15T22:13:14.255-0500	DEBUG	protocol/handler.go:596	round already finalized
2025-08-15T22:13:14.255-0500	DEBUG	protocol/handler.go:581	tryAdvanceRound called	{"{current_round 20 3  <nil>}": {"Key":"self","Type":15,"Integer":0,"String":"c","Interface":null}}
2025-08-15T22:13:14.255-0500	DEBUG	protocol/handler.go:1591	have processed broadcast	{"{round 20 3  <nil>}": {"Key":"from","Type":15,"Integer":0,"String":"a","Interface":null}}
2025-08-15T22:13:14.255-0500	DEBUG	protocol/handler.go:1591	have processed broadcast	{"{round 20 3  <nil>}": {"Key":"from","Type":15,"Integer":0,"String":"b","Interface":null}}
2025-08-15T22:13:14.258-0500	DEBUG	protocol/handler.go:1649	have all messages and processed	{"{round 20 3  <nil>}": {"Key":"self","Type":15,"Integer":0,"String":"c","Interface":null}}
2025-08-15T22:13:14.260-0500	DEBUG	protocol/handler.go:596	round already finalized
2025-08-15T22:13:14.251-0500	DEBUG	protocol/handler.go:581	tryAdvanceRound called	{"{current_round 20 3  <nil>}": {"Key":"self","Type":15,"Integer":0,"String":"b","Interface":null}}
2025-08-15T22:13:14.289-0500	DEBUG	protocol/handler.go:581	tryAdvanceRound called	{"{current_round 20 3  <nil>}": {"Key":"self","Type":15,"Integer":0,"String":"c","Interface":null}}
2025-08-15T22:13:14.290-0500	DEBUG	protocol/handler.go:1591	have processed broadcast	{"{round 20 3  <nil>}": {"Key":"from","Type":15,"Integer":0,"String":"a","Interface":null}}
2025-08-15T22:13:14.290-0500	DEBUG	protocol/handler.go:1591	have processed broadcast	{"{round 20 3  <nil>}": {"Key":"from","Type":15,"Integer":0,"String":"b","Interface":null}}
2025-08-15T22:13:14.292-0500	DEBUG	protocol/handler.go:581	tryAdvanceRound called	{"{current_round 20 3  <nil>}": {"Key":"self","Type":15,"Integer":0,"String":"a","Interface":null}}
2025-08-15T22:13:14.292-0500	DEBUG	protocol/handler.go:1591	have processed broadcast	{"{round 20 3  <nil>}": {"Key":"from","Type":15,"Integer":0,"String":"b","Interface":null}}
2025-08-15T22:13:14.293-0500	DEBUG	protocol/handler.go:1591	have processed broadcast	{"{round 20 3  <nil>}": {"Key":"from","Type":15,"Integer":0,"String":"c","Interface":null}}
2025-08-15T22:13:14.293-0500	DEBUG	protocol/handler.go:1649	have all messages and processed	{"{round 20 3  <nil>}": {"Key":"self","Type":15,"Integer":0,"String":"a","Interface":null}}
2025-08-15T22:13:14.293-0500	DEBUG	protocol/handler.go:596	round already finalized
2025-08-15T22:13:14.290-0500	DEBUG	protocol/handler.go:1649	have all messages and processed	{"{round 20 3  <nil>}": {"Key":"self","Type":15,"Integer":0,"String":"c","Interface":null}}
2025-08-15T22:13:14.294-0500	DEBUG	protocol/handler.go:596	round already finalized
2025-08-15T22:13:14.355-0500	DEBUG	protocol/handler.go:581	tryAdvanceRound called	{"{current_round 20 3  <nil>}": {"Key":"self","Type":15,"Integer":0,"String":"a","Interface":null}}
2025-08-15T22:13:14.356-0500	DEBUG	protocol/handler.go:1591	have processed broadcast	{"{round 20 3  <nil>}": {"Key":"from","Type":15,"Integer":0,"String":"b","Interface":null}}
2025-08-15T22:13:14.356-0500	DEBUG	protocol/handler.go:1591	have processed broadcast	{"{round 20 3  <nil>}": {"Key":"from","Type":15,"Integer":0,"String":"c","Interface":null}}
2025-08-15T22:13:14.356-0500	DEBUG	protocol/handler.go:1649	have all messages and processed	{"{round 20 3  <nil>}": {"Key":"self","Type":15,"Integer":0,"String":"a","Interface":null}}
2025-08-15T22:13:14.356-0500	DEBUG	protocol/handler.go:596	round already finalized
2025-08-15T22:13:14.357-0500	DEBUG	protocol/handler.go:581	tryAdvanceRound called	{"{current_round 20 3  <nil>}": {"Key":"self","Type":15,"Integer":0,"String":"a","Interface":null}}
2025-08-15T22:13:14.357-0500	DEBUG	protocol/handler.go:1591	have processed broadcast	{"{round 20 3  <nil>}": {"Key":"from","Type":15,"Integer":0,"String":"b","Interface":null}}
2025-08-15T22:13:14.357-0500	DEBUG	protocol/handler.go:1591	have processed broadcast	{"{round 20 3  <nil>}": {"Key":"from","Type":15,"Integer":0,"String":"c","Interface":null}}
2025-08-15T22:13:14.357-0500	DEBUG	protocol/handler.go:1649	have all messages and processed	{"{round 20 3  <nil>}": {"Key":"self","Type":15,"Integer":0,"String":"a","Interface":null}}
2025-08-15T22:13:14.357-0500	DEBUG	protocol/handler.go:596	round already finalized
2025-08-15T22:13:14.357-0500	DEBUG	protocol/handler.go:581	tryAdvanceRound called	{"{current_round 20 3  <nil>}": {"Key":"self","Type":15,"Integer":0,"String":"a","Interface":null}}
2025-08-15T22:13:14.357-0500	DEBUG	protocol/handler.go:1591	have processed broadcast	{"{round 20 3  <nil>}": {"Key":"from","Type":15,"Integer":0,"String":"b","Interface":null}}
2025-08-15T22:13:14.357-0500	DEBUG	protocol/handler.go:1591	have processed broadcast	{"{round 20 3  <nil>}": {"Key":"from","Type":15,"Integer":0,"String":"c","Interface":null}}
2025-08-15T22:13:14.357-0500	DEBUG	protocol/handler.go:1649	have all messages and processed	{"{round 20 3  <nil>}": {"Key":"self","Type":15,"Integer":0,"String":"a","Interface":null}}
2025-08-15T22:13:14.357-0500	DEBUG	protocol/handler.go:596	round already finalized
2025-08-15T22:13:14.358-0500	DEBUG	protocol/handler.go:1591	have processed broadcast	{"{round 20 3  <nil>}": {"Key":"from","Type":15,"Integer":0,"String":"a","Interface":null}}
2025-08-15T22:13:14.363-0500	DEBUG	protocol/handler.go:1591	have processed broadcast	{"{round 20 3  <nil>}": {"Key":"from","Type":15,"Integer":0,"String":"c","Interface":null}}
2025-08-15T22:13:14.370-0500	DEBUG	protocol/handler.go:1649	have all messages and processed	{"{round 20 3  <nil>}": {"Key":"self","Type":15,"Integer":0,"String":"b","Interface":null}}
2025-08-15T22:13:14.370-0500	DEBUG	protocol/handler.go:596	round already finalized
2025-08-15T22:13:14.370-0500	DEBUG	protocol/handler.go:581	tryAdvanceRound called	{"{current_round 20 3  <nil>}": {"Key":"self","Type":15,"Integer":0,"String":"b","Interface":null}}
2025-08-15T22:13:14.370-0500	DEBUG	protocol/handler.go:1591	have processed broadcast	{"{round 20 3  <nil>}": {"Key":"from","Type":15,"Integer":0,"String":"a","Interface":null}}
2025-08-15T22:13:14.370-0500	DEBUG	protocol/handler.go:1591	have processed broadcast	{"{round 20 3  <nil>}": {"Key":"from","Type":15,"Integer":0,"String":"c","Interface":null}}
2025-08-15T22:13:14.370-0500	DEBUG	protocol/handler.go:1649	have all messages and processed	{"{round 20 3  <nil>}": {"Key":"self","Type":15,"Integer":0,"String":"b","Interface":null}}
2025-08-15T22:13:14.370-0500	DEBUG	protocol/handler.go:596	round already finalized
2025-08-15T22:13:14.370-0500	DEBUG	protocol/handler.go:581	tryAdvanceRound called	{"{current_round 20 3  <nil>}": {"Key":"self","Type":15,"Integer":0,"String":"b","Interface":null}}
2025-08-15T22:13:14.371-0500	DEBUG	protocol/handler.go:1591	have processed broadcast	{"{round 20 3  <nil>}": {"Key":"from","Type":15,"Integer":0,"String":"a","Interface":null}}
2025-08-15T22:13:14.371-0500	DEBUG	protocol/handler.go:1591	have processed broadcast	{"{round 20 3  <nil>}": {"Key":"from","Type":15,"Integer":0,"String":"c","Interface":null}}
2025-08-15T22:13:14.371-0500	DEBUG	protocol/handler.go:1649	have all messages and processed	{"{round 20 3  <nil>}": {"Key":"self","Type":15,"Integer":0,"String":"b","Interface":null}}
2025-08-15T22:13:14.371-0500	DEBUG	protocol/handler.go:596	round already finalized
2025-08-15T22:13:14.294-0500	DEBUG	protocol/handler.go:581	tryAdvanceRound called	{"{current_round 20 3  <nil>}": {"Key":"self","Type":15,"Integer":0,"String":"c","Interface":null}}
2025-08-15T22:13:14.377-0500	DEBUG	protocol/handler.go:1591	have processed broadcast	{"{round 20 3  <nil>}": {"Key":"from","Type":15,"Integer":0,"String":"a","Interface":null}}
2025-08-15T22:13:14.377-0500	DEBUG	protocol/handler.go:1591	have processed broadcast	{"{round 20 3  <nil>}": {"Key":"from","Type":15,"Integer":0,"String":"b","Interface":null}}
2025-08-15T22:13:14.377-0500	DEBUG	protocol/handler.go:1649	have all messages and processed	{"{round 20 3  <nil>}": {"Key":"self","Type":15,"Integer":0,"String":"c","Interface":null}}
2025-08-15T22:13:14.377-0500	DEBUG	protocol/handler.go:596	round already finalized
2025-08-15T22:13:14.377-0500	DEBUG	protocol/handler.go:581	tryAdvanceRound called	{"{current_round 20 3  <nil>}": {"Key":"self","Type":15,"Integer":0,"String":"c","Interface":null}}
2025-08-15T22:13:14.377-0500	DEBUG	protocol/handler.go:1591	have processed broadcast	{"{round 20 3  <nil>}": {"Key":"from","Type":15,"Integer":0,"String":"a","Interface":null}}
2025-08-15T22:13:14.377-0500	DEBUG	protocol/handler.go:1591	have processed broadcast	{"{round 20 3  <nil>}": {"Key":"from","Type":15,"Integer":0,"String":"b","Interface":null}}
2025-08-15T22:13:14.377-0500	DEBUG	protocol/handler.go:1649	have all messages and processed	{"{round 20 3  <nil>}": {"Key":"self","Type":15,"Integer":0,"String":"c","Interface":null}}
2025-08-15T22:13:14.377-0500	DEBUG	protocol/handler.go:596	round already finalized
2025-08-15T22:13:14.389-0500	DEBUG	protocol/handler.go:581	tryAdvanceRound called	{"{current_round 20 3  <nil>}": {"Key":"self","Type":15,"Integer":0,"String":"a","Interface":null}}
2025-08-15T22:13:14.390-0500	DEBUG	protocol/handler.go:1591	have processed broadcast	{"{round 20 3  <nil>}": {"Key":"from","Type":15,"Integer":0,"String":"b","Interface":null}}
2025-08-15T22:13:14.402-0500	DEBUG	protocol/handler.go:581	tryAdvanceRound called	{"{current_round 20 3  <nil>}": {"Key":"self","Type":15,"Integer":0,"String":"c","Interface":null}}
2025-08-15T22:13:14.402-0500	DEBUG	protocol/handler.go:1591	have processed broadcast	{"{round 20 3  <nil>}": {"Key":"from","Type":15,"Integer":0,"String":"a","Interface":null}}
2025-08-15T22:13:14.402-0500	DEBUG	protocol/handler.go:1591	have processed broadcast	{"{round 20 3  <nil>}": {"Key":"from","Type":15,"Integer":0,"String":"b","Interface":null}}
2025-08-15T22:13:14.402-0500	DEBUG	protocol/handler.go:1649	have all messages and processed	{"{round 20 3  <nil>}": {"Key":"self","Type":15,"Integer":0,"String":"c","Interface":null}}
2025-08-15T22:13:14.402-0500	DEBUG	protocol/handler.go:596	round already finalized
2025-08-15T22:13:14.423-0500	DEBUG	protocol/handler.go:581	tryAdvanceRound called	{"{current_round 20 3  <nil>}": {"Key":"self","Type":15,"Integer":0,"String":"b","Interface":null}}
2025-08-15T22:13:14.423-0500	DEBUG	protocol/handler.go:1591	have processed broadcast	{"{round 20 3  <nil>}": {"Key":"from","Type":15,"Integer":0,"String":"a","Interface":null}}
2025-08-15T22:13:14.424-0500	DEBUG	protocol/handler.go:1591	have processed broadcast	{"{round 20 3  <nil>}": {"Key":"from","Type":15,"Integer":0,"String":"c","Interface":null}}
2025-08-15T22:13:14.424-0500	DEBUG	protocol/handler.go:1649	have all messages and processed	{"{round 20 3  <nil>}": {"Key":"self","Type":15,"Integer":0,"String":"b","Interface":null}}
2025-08-15T22:13:14.424-0500	DEBUG	protocol/handler.go:596	round already finalized
2025-08-15T22:13:14.424-0500	DEBUG	protocol/handler.go:581	tryAdvanceRound called	{"{current_round 20 3  <nil>}": {"Key":"self","Type":15,"Integer":0,"String":"b","Interface":null}}
2025-08-15T22:13:14.424-0500	DEBUG	protocol/handler.go:1591	have processed broadcast	{"{round 20 3  <nil>}": {"Key":"from","Type":15,"Integer":0,"String":"a","Interface":null}}
2025-08-15T22:13:14.424-0500	DEBUG	protocol/handler.go:1591	have processed broadcast	{"{round 20 3  <nil>}": {"Key":"from","Type":15,"Integer":0,"String":"c","Interface":null}}
2025-08-15T22:13:14.424-0500	DEBUG	protocol/handler.go:1649	have all messages and processed	{"{round 20 3  <nil>}": {"Key":"self","Type":15,"Integer":0,"String":"b","Interface":null}}
2025-08-15T22:13:14.424-0500	DEBUG	protocol/handler.go:596	round already finalized
2025-08-15T22:13:14.441-0500	DEBUG	protocol/handler.go:1591	have processed broadcast	{"{round 20 3  <nil>}": {"Key":"from","Type":15,"Integer":0,"String":"c","Interface":null}}
2025-08-15T22:13:14.443-0500	DEBUG	protocol/handler.go:1649	have all messages and processed	{"{round 20 3  <nil>}": {"Key":"self","Type":15,"Integer":0,"String":"a","Interface":null}}
2025-08-15T22:13:14.443-0500	DEBUG	protocol/handler.go:596	round already finalized
2025-08-15T22:13:14.443-0500	DEBUG	protocol/handler.go:581	tryAdvanceRound called	{"{current_round 20 3  <nil>}": {"Key":"self","Type":15,"Integer":0,"String":"a","Interface":null}}
2025-08-15T22:13:14.443-0500	DEBUG	protocol/handler.go:1591	have processed broadcast	{"{round 20 3  <nil>}": {"Key":"from","Type":15,"Integer":0,"String":"b","Interface":null}}
2025-08-15T22:13:14.489-0500	DEBUG	protocol/handler.go:581	tryAdvanceRound called	{"{current_round 20 3  <nil>}": {"Key":"self","Type":15,"Integer":0,"String":"b","Interface":null}}
2025-08-15T22:13:14.495-0500	DEBUG	protocol/handler.go:1591	have processed broadcast	{"{round 20 3  <nil>}": {"Key":"from","Type":15,"Integer":0,"String":"a","Interface":null}}
2025-08-15T22:13:14.495-0500	DEBUG	protocol/handler.go:1591	have processed broadcast	{"{round 20 3  <nil>}": {"Key":"from","Type":15,"Integer":0,"String":"c","Interface":null}}
2025-08-15T22:13:14.495-0500	DEBUG	protocol/handler.go:1649	have all messages and processed	{"{round 20 3  <nil>}": {"Key":"self","Type":15,"Integer":0,"String":"b","Interface":null}}
2025-08-15T22:13:14.501-0500	DEBUG	protocol/handler.go:596	round already finalized
2025-08-15T22:13:14.501-0500	DEBUG	protocol/handler.go:581	tryAdvanceRound called	{"{current_round 20 3  <nil>}": {"Key":"self","Type":15,"Integer":0,"String":"b","Interface":null}}
2025-08-15T22:13:14.501-0500	DEBUG	protocol/handler.go:1591	have processed broadcast	{"{round 20 3  <nil>}": {"Key":"from","Type":15,"Integer":0,"String":"a","Interface":null}}
2025-08-15T22:13:14.501-0500	DEBUG	protocol/handler.go:1591	have processed broadcast	{"{round 20 3  <nil>}": {"Key":"from","Type":15,"Integer":0,"String":"c","Interface":null}}
2025-08-15T22:13:14.501-0500	DEBUG	protocol/handler.go:1649	have all messages and processed	{"{round 20 3  <nil>}": {"Key":"self","Type":15,"Integer":0,"String":"b","Interface":null}}
2025-08-15T22:13:14.501-0500	DEBUG	protocol/handler.go:596	round already finalized
2025-08-15T22:13:14.501-0500	DEBUG	protocol/handler.go:581	tryAdvanceRound called	{"{current_round 20 3  <nil>}": {"Key":"self","Type":15,"Integer":0,"String":"b","Interface":null}}
2025-08-15T22:13:14.501-0500	DEBUG	protocol/handler.go:1591	have processed broadcast	{"{round 20 3  <nil>}": {"Key":"from","Type":15,"Integer":0,"String":"a","Interface":null}}
2025-08-15T22:13:14.501-0500	DEBUG	protocol/handler.go:1591	have processed broadcast	{"{round 20 3  <nil>}": {"Key":"from","Type":15,"Integer":0,"String":"c","Interface":null}}
2025-08-15T22:13:14.501-0500	DEBUG	protocol/handler.go:1649	have all messages and processed	{"{round 20 3  <nil>}": {"Key":"self","Type":15,"Integer":0,"String":"b","Interface":null}}
2025-08-15T22:13:14.501-0500	DEBUG	protocol/handler.go:596	round already finalized
2025-08-15T22:13:14.467-0500	DEBUG	protocol/handler.go:581	tryAdvanceRound called	{"{current_round 20 3  <nil>}": {"Key":"self","Type":15,"Integer":0,"String":"c","Interface":null}}
2025-08-15T22:13:14.570-0500	DEBUG	protocol/handler.go:1591	have processed broadcast	{"{round 20 3  <nil>}": {"Key":"from","Type":15,"Integer":0,"String":"a","Interface":null}}
2025-08-15T22:13:14.570-0500	DEBUG	protocol/handler.go:1591	have processed broadcast	{"{round 20 3  <nil>}": {"Key":"from","Type":15,"Integer":0,"String":"b","Interface":null}}
2025-08-15T22:13:14.570-0500	DEBUG	protocol/handler.go:1649	have all messages and processed	{"{round 20 3  <nil>}": {"Key":"self","Type":15,"Integer":0,"String":"c","Interface":null}}
2025-08-15T22:13:14.570-0500	DEBUG	protocol/handler.go:596	round already finalized
2025-08-15T22:13:14.570-0500	DEBUG	protocol/handler.go:581	tryAdvanceRound called	{"{current_round 20 3  <nil>}": {"Key":"self","Type":15,"Integer":0,"String":"c","Interface":null}}
2025-08-15T22:13:14.571-0500	DEBUG	protocol/handler.go:1591	have processed broadcast	{"{round 20 3  <nil>}": {"Key":"from","Type":15,"Integer":0,"String":"a","Interface":null}}
2025-08-15T22:13:14.571-0500	DEBUG	protocol/handler.go:1591	have processed broadcast	{"{round 20 3  <nil>}": {"Key":"from","Type":15,"Integer":0,"String":"b","Interface":null}}
2025-08-15T22:13:14.571-0500	DEBUG	protocol/handler.go:1649	have all messages and processed	{"{round 20 3  <nil>}": {"Key":"self","Type":15,"Integer":0,"String":"c","Interface":null}}
2025-08-15T22:13:14.571-0500	DEBUG	protocol/handler.go:596	round already finalized
2025-08-15T22:13:14.571-0500	DEBUG	protocol/handler.go:581	tryAdvanceRound called	{"{current_round 20 3  <nil>}": {"Key":"self","Type":15,"Integer":0,"String":"c","Interface":null}}
2025-08-15T22:13:14.571-0500	DEBUG	protocol/handler.go:1591	have processed broadcast	{"{round 20 3  <nil>}": {"Key":"from","Type":15,"Integer":0,"String":"a","Interface":null}}
2025-08-15T22:13:14.571-0500	DEBUG	protocol/handler.go:1591	have processed broadcast	{"{round 20 3  <nil>}": {"Key":"from","Type":15,"Integer":0,"String":"b","Interface":null}}
2025-08-15T22:13:14.571-0500	DEBUG	protocol/handler.go:1649	have all messages and processed	{"{round 20 3  <nil>}": {"Key":"self","Type":15,"Integer":0,"String":"c","Interface":null}}
2025-08-15T22:13:14.571-0500	DEBUG	protocol/handler.go:596	round already finalized
2025-08-15T22:13:14.601-0500	DEBUG	protocol/handler.go:581	tryAdvanceRound called	{"{current_round 20 3  <nil>}": {"Key":"self","Type":15,"Integer":0,"String":"c","Interface":null}}
2025-08-15T22:13:14.601-0500	DEBUG	protocol/handler.go:1591	have processed broadcast	{"{round 20 3  <nil>}": {"Key":"from","Type":15,"Integer":0,"String":"a","Interface":null}}
2025-08-15T22:13:14.601-0500	DEBUG	protocol/handler.go:1591	have processed broadcast	{"{round 20 3  <nil>}": {"Key":"from","Type":15,"Integer":0,"String":"b","Interface":null}}
2025-08-15T22:13:14.602-0500	DEBUG	protocol/handler.go:1649	have all messages and processed	{"{round 20 3  <nil>}": {"Key":"self","Type":15,"Integer":0,"String":"c","Interface":null}}
2025-08-15T22:13:14.602-0500	DEBUG	protocol/handler.go:596	round already finalized
2025-08-15T22:13:14.602-0500	DEBUG	protocol/handler.go:581	tryAdvanceRound called	{"{current_round 20 3  <nil>}": {"Key":"self","Type":15,"Integer":0,"String":"c","Interface":null}}
2025-08-15T22:13:14.602-0500	DEBUG	protocol/handler.go:1591	have processed broadcast	{"{round 20 3  <nil>}": {"Key":"from","Type":15,"Integer":0,"String":"a","Interface":null}}
2025-08-15T22:13:14.602-0500	DEBUG	protocol/handler.go:1591	have processed broadcast	{"{round 20 3  <nil>}": {"Key":"from","Type":15,"Integer":0,"String":"b","Interface":null}}
2025-08-15T22:13:14.602-0500	DEBUG	protocol/handler.go:1649	have all messages and processed	{"{round 20 3  <nil>}": {"Key":"self","Type":15,"Integer":0,"String":"c","Interface":null}}
2025-08-15T22:13:14.602-0500	DEBUG	protocol/handler.go:596	round already finalized
2025-08-15T22:13:14.614-0500	DEBUG	protocol/handler.go:581	tryAdvanceRound called	{"{current_round 20 3  <nil>}": {"Key":"self","Type":15,"Integer":0,"String":"b","Interface":null}}
2025-08-15T22:13:14.616-0500	DEBUG	protocol/handler.go:1591	have processed broadcast	{"{round 20 3  <nil>}": {"Key":"from","Type":15,"Integer":0,"String":"a","Interface":null}}
2025-08-15T22:13:14.616-0500	DEBUG	protocol/handler.go:1591	have processed broadcast	{"{round 20 3  <nil>}": {"Key":"from","Type":15,"Integer":0,"String":"c","Interface":null}}
2025-08-15T22:13:14.616-0500	DEBUG	protocol/handler.go:1649	have all messages and processed	{"{round 20 3  <nil>}": {"Key":"self","Type":15,"Integer":0,"String":"b","Interface":null}}
2025-08-15T22:13:14.616-0500	DEBUG	protocol/handler.go:596	round already finalized
2025-08-15T22:13:14.616-0500	DEBUG	protocol/handler.go:581	tryAdvanceRound called	{"{current_round 20 3  <nil>}": {"Key":"self","Type":15,"Integer":0,"String":"b","Interface":null}}
2025-08-15T22:13:14.617-0500	DEBUG	protocol/handler.go:1591	have processed broadcast	{"{round 20 3  <nil>}": {"Key":"from","Type":15,"Integer":0,"String":"a","Interface":null}}
2025-08-15T22:13:14.617-0500	DEBUG	protocol/handler.go:1591	have processed broadcast	{"{round 20 3  <nil>}": {"Key":"from","Type":15,"Integer":0,"String":"c","Interface":null}}
2025-08-15T22:13:14.617-0500	DEBUG	protocol/handler.go:1649	have all messages and processed	{"{round 20 3  <nil>}": {"Key":"self","Type":15,"Integer":0,"String":"b","Interface":null}}
2025-08-15T22:13:14.619-0500	DEBUG	protocol/handler.go:596	round already finalized
2025-08-15T22:13:14.459-0500	DEBUG	protocol/handler.go:1591	have processed broadcast	{"{round 20 3  <nil>}": {"Key":"from","Type":15,"Integer":0,"String":"c","Interface":null}}
2025-08-15T22:13:14.647-0500	DEBUG	protocol/handler.go:1649	have all messages and processed	{"{round 20 3  <nil>}": {"Key":"self","Type":15,"Integer":0,"String":"a","Interface":null}}
2025-08-15T22:13:14.648-0500	DEBUG	protocol/handler.go:596	round already finalized
2025-08-15T22:13:14.648-0500	DEBUG	protocol/handler.go:581	tryAdvanceRound called	{"{current_round 20 3  <nil>}": {"Key":"self","Type":15,"Integer":0,"String":"a","Interface":null}}
2025-08-15T22:13:14.648-0500	DEBUG	protocol/handler.go:1591	have processed broadcast	{"{round 20 3  <nil>}": {"Key":"from","Type":15,"Integer":0,"String":"b","Interface":null}}
2025-08-15T22:13:14.648-0500	DEBUG	protocol/handler.go:1591	have processed broadcast	{"{round 20 3  <nil>}": {"Key":"from","Type":15,"Integer":0,"String":"c","Interface":null}}
2025-08-15T22:13:14.648-0500	DEBUG	protocol/handler.go:1649	have all messages and processed	{"{round 20 3  <nil>}": {"Key":"self","Type":15,"Integer":0,"String":"a","Interface":null}}
2025-08-15T22:13:14.648-0500	DEBUG	protocol/handler.go:596	round already finalized
2025-08-15T22:13:14.660-0500	DEBUG	protocol/handler.go:581	tryAdvanceRound called	{"{current_round 20 3  <nil>}": {"Key":"self","Type":15,"Integer":0,"String":"c","Interface":null}}
2025-08-15T22:13:14.660-0500	DEBUG	protocol/handler.go:1591	have processed broadcast	{"{round 20 3  <nil>}": {"Key":"from","Type":15,"Integer":0,"String":"a","Interface":null}}
2025-08-15T22:13:14.660-0500	DEBUG	protocol/handler.go:1591	have processed broadcast	{"{round 20 3  <nil>}": {"Key":"from","Type":15,"Integer":0,"String":"b","Interface":null}}
2025-08-15T22:13:14.660-0500	DEBUG	protocol/handler.go:1649	have all messages and processed	{"{round 20 3  <nil>}": {"Key":"self","Type":15,"Integer":0,"String":"c","Interface":null}}
2025-08-15T22:13:14.661-0500	DEBUG	protocol/handler.go:596	round already finalized
2025-08-15T22:13:14.661-0500	DEBUG	protocol/handler.go:581	tryAdvanceRound called	{"{current_round 20 3  <nil>}": {"Key":"self","Type":15,"Integer":0,"String":"c","Interface":null}}
2025-08-15T22:13:14.661-0500	DEBUG	protocol/handler.go:1591	have processed broadcast	{"{round 20 3  <nil>}": {"Key":"from","Type":15,"Integer":0,"String":"a","Interface":null}}
2025-08-15T22:13:14.661-0500	DEBUG	protocol/handler.go:1591	have processed broadcast	{"{round 20 3  <nil>}": {"Key":"from","Type":15,"Integer":0,"String":"b","Interface":null}}
2025-08-15T22:13:14.661-0500	DEBUG	protocol/handler.go:1649	have all messages and processed	{"{round 20 3  <nil>}": {"Key":"self","Type":15,"Integer":0,"String":"c","Interface":null}}
2025-08-15T22:13:14.661-0500	DEBUG	protocol/handler.go:596	round already finalized
2025-08-15T22:13:14.679-0500	DEBUG	protocol/handler.go:581	tryAdvanceRound called	{"{current_round 20 3  <nil>}": {"Key":"self","Type":15,"Integer":0,"String":"b","Interface":null}}
2025-08-15T22:13:14.680-0500	DEBUG	protocol/handler.go:1591	have processed broadcast	{"{round 20 3  <nil>}": {"Key":"from","Type":15,"Integer":0,"String":"a","Interface":null}}
2025-08-15T22:13:14.680-0500	DEBUG	protocol/handler.go:1591	have processed broadcast	{"{round 20 3  <nil>}": {"Key":"from","Type":15,"Integer":0,"String":"c","Interface":null}}
2025-08-15T22:13:14.680-0500	DEBUG	protocol/handler.go:1649	have all messages and processed	{"{round 20 3  <nil>}": {"Key":"self","Type":15,"Integer":0,"String":"b","Interface":null}}
2025-08-15T22:13:14.680-0500	DEBUG	protocol/handler.go:596	round already finalized
2025-08-15T22:13:14.680-0500	DEBUG	protocol/handler.go:581	tryAdvanceRound called	{"{current_round 20 3  <nil>}": {"Key":"self","Type":15,"Integer":0,"String":"b","Interface":null}}
2025-08-15T22:13:14.680-0500	DEBUG	protocol/handler.go:1591	have processed broadcast	{"{round 20 3  <nil>}": {"Key":"from","Type":15,"Integer":0,"String":"a","Interface":null}}
2025-08-15T22:13:14.688-0500	DEBUG	protocol/handler.go:1591	have processed broadcast	{"{round 20 3  <nil>}": {"Key":"from","Type":15,"Integer":0,"String":"c","Interface":null}}
2025-08-15T22:13:14.688-0500	DEBUG	protocol/handler.go:1649	have all messages and processed	{"{round 20 3  <nil>}": {"Key":"self","Type":15,"Integer":0,"String":"b","Interface":null}}
2025-08-15T22:13:14.688-0500	DEBUG	protocol/handler.go:596	round already finalized
2025-08-15T22:13:14.688-0500	DEBUG	protocol/handler.go:581	tryAdvanceRound called	{"{current_round 20 3  <nil>}": {"Key":"self","Type":15,"Integer":0,"String":"b","Interface":null}}
2025-08-15T22:13:14.688-0500	DEBUG	protocol/handler.go:1591	have processed broadcast	{"{round 20 3  <nil>}": {"Key":"from","Type":15,"Integer":0,"String":"a","Interface":null}}
2025-08-15T22:13:14.688-0500	DEBUG	protocol/handler.go:1591	have processed broadcast	{"{round 20 3  <nil>}": {"Key":"from","Type":15,"Integer":0,"String":"c","Interface":null}}
2025-08-15T22:13:14.688-0500	DEBUG	protocol/handler.go:1649	have all messages and processed	{"{round 20 3  <nil>}": {"Key":"self","Type":15,"Integer":0,"String":"b","Interface":null}}
2025-08-15T22:13:14.688-0500	DEBUG	protocol/handler.go:596	round already finalized
2025-08-15T22:13:14.720-0500	DEBUG	protocol/handler.go:581	tryAdvanceRound called	{"{current_round 20 3  <nil>}": {"Key":"self","Type":15,"Integer":0,"String":"a","Interface":null}}
2025-08-15T22:13:14.720-0500	DEBUG	protocol/handler.go:1591	have processed broadcast	{"{round 20 3  <nil>}": {"Key":"from","Type":15,"Integer":0,"String":"b","Interface":null}}
2025-08-15T22:13:14.720-0500	DEBUG	protocol/handler.go:1591	have processed broadcast	{"{round 20 3  <nil>}": {"Key":"from","Type":15,"Integer":0,"String":"c","Interface":null}}
2025-08-15T22:13:14.720-0500	DEBUG	protocol/handler.go:1649	have all messages and processed	{"{round 20 3  <nil>}": {"Key":"self","Type":15,"Integer":0,"String":"a","Interface":null}}
2025-08-15T22:13:14.720-0500	DEBUG	protocol/handler.go:596	round already finalized
2025-08-15T22:13:14.720-0500	DEBUG	protocol/handler.go:581	tryAdvanceRound called	{"{current_round 20 3  <nil>}": {"Key":"self","Type":15,"Integer":0,"String":"a","Interface":null}}
2025-08-15T22:13:14.721-0500	DEBUG	protocol/handler.go:1591	have processed broadcast	{"{round 20 3  <nil>}": {"Key":"from","Type":15,"Integer":0,"String":"b","Interface":null}}
2025-08-15T22:13:14.721-0500	DEBUG	protocol/handler.go:1591	have processed broadcast	{"{round 20 3  <nil>}": {"Key":"from","Type":15,"Integer":0,"String":"c","Interface":null}}
2025-08-15T22:13:14.721-0500	DEBUG	protocol/handler.go:1649	have all messages and processed	{"{round 20 3  <nil>}": {"Key":"self","Type":15,"Integer":0,"String":"a","Interface":null}}
2025-08-15T22:13:14.721-0500	DEBUG	protocol/handler.go:596	round already finalized
2025-08-15T22:13:14.726-0500	DEBUG	protocol/handler.go:581	tryAdvanceRound called	{"{current_round 20 3  <nil>}": {"Key":"self","Type":15,"Integer":0,"String":"b","Interface":null}}
2025-08-15T22:13:14.726-0500	DEBUG	protocol/handler.go:1591	have processed broadcast	{"{round 20 3  <nil>}": {"Key":"from","Type":15,"Integer":0,"String":"a","Interface":null}}
2025-08-15T22:13:14.726-0500	DEBUG	protocol/handler.go:1591	have processed broadcast	{"{round 20 3  <nil>}": {"Key":"from","Type":15,"Integer":0,"String":"c","Interface":null}}
2025-08-15T22:13:14.726-0500	DEBUG	protocol/handler.go:1649	have all messages and processed	{"{round 20 3  <nil>}": {"Key":"self","Type":15,"Integer":0,"String":"b","Interface":null}}
2025-08-15T22:13:14.726-0500	DEBUG	protocol/handler.go:596	round already finalized
2025-08-15T22:13:14.726-0500	DEBUG	protocol/handler.go:581	tryAdvanceRound called	{"{current_round 20 3  <nil>}": {"Key":"self","Type":15,"Integer":0,"String":"b","Interface":null}}
2025-08-15T22:13:14.726-0500	DEBUG	protocol/handler.go:1591	have processed broadcast	{"{round 20 3  <nil>}": {"Key":"from","Type":15,"Integer":0,"String":"a","Interface":null}}
2025-08-15T22:13:14.726-0500	DEBUG	protocol/handler.go:1591	have processed broadcast	{"{round 20 3  <nil>}": {"Key":"from","Type":15,"Integer":0,"String":"c","Interface":null}}
2025-08-15T22:13:14.726-0500	DEBUG	protocol/handler.go:1649	have all messages and processed	{"{round 20 3  <nil>}": {"Key":"self","Type":15,"Integer":0,"String":"b","Interface":null}}
2025-08-15T22:13:14.727-0500	DEBUG	protocol/handler.go:596	round already finalized
2025-08-15T22:13:14.749-0500	DEBUG	protocol/handler.go:581	tryAdvanceRound called	{"{current_round 20 3  <nil>}": {"Key":"self","Type":15,"Integer":0,"String":"b","Interface":null}}
2025-08-15T22:13:14.749-0500	DEBUG	protocol/handler.go:1591	have processed broadcast	{"{round 20 3  <nil>}": {"Key":"from","Type":15,"Integer":0,"String":"a","Interface":null}}
2025-08-15T22:13:14.749-0500	DEBUG	protocol/handler.go:1591	have processed broadcast	{"{round 20 3  <nil>}": {"Key":"from","Type":15,"Integer":0,"String":"c","Interface":null}}
2025-08-15T22:13:14.749-0500	DEBUG	protocol/handler.go:1649	have all messages and processed	{"{round 20 3  <nil>}": {"Key":"self","Type":15,"Integer":0,"String":"b","Interface":null}}
2025-08-15T22:13:14.749-0500	DEBUG	protocol/handler.go:596	round already finalized
2025-08-15T22:13:14.759-0500	DEBUG	protocol/handler.go:581	tryAdvanceRound called	{"{current_round 20 3  <nil>}": {"Key":"self","Type":15,"Integer":0,"String":"a","Interface":null}}
2025-08-15T22:13:14.759-0500	DEBUG	protocol/handler.go:1591	have processed broadcast	{"{round 20 3  <nil>}": {"Key":"from","Type":15,"Integer":0,"String":"b","Interface":null}}
2025-08-15T22:13:14.759-0500	DEBUG	protocol/handler.go:1591	have processed broadcast	{"{round 20 3  <nil>}": {"Key":"from","Type":15,"Integer":0,"String":"c","Interface":null}}
2025-08-15T22:13:14.759-0500	DEBUG	protocol/handler.go:1649	have all messages and processed	{"{round 20 3  <nil>}": {"Key":"self","Type":15,"Integer":0,"String":"a","Interface":null}}
2025-08-15T22:13:14.759-0500	DEBUG	protocol/handler.go:596	round already finalized
2025-08-15T22:13:14.759-0500	DEBUG	protocol/handler.go:581	tryAdvanceRound called	{"{current_round 20 3  <nil>}": {"Key":"self","Type":15,"Integer":0,"String":"a","Interface":null}}
2025-08-15T22:13:14.759-0500	DEBUG	protocol/handler.go:1591	have processed broadcast	{"{round 20 3  <nil>}": {"Key":"from","Type":15,"Integer":0,"String":"b","Interface":null}}
2025-08-15T22:13:14.759-0500	DEBUG	protocol/handler.go:1591	have processed broadcast	{"{round 20 3  <nil>}": {"Key":"from","Type":15,"Integer":0,"String":"c","Interface":null}}
2025-08-15T22:13:14.759-0500	DEBUG	protocol/handler.go:1649	have all messages and processed	{"{round 20 3  <nil>}": {"Key":"self","Type":15,"Integer":0,"String":"a","Interface":null}}
2025-08-15T22:13:14.759-0500	DEBUG	protocol/handler.go:596	round already finalized
2025-08-15T22:13:14.782-0500	DEBUG	protocol/handler.go:581	tryAdvanceRound called	{"{current_round 20 3  <nil>}": {"Key":"self","Type":15,"Integer":0,"String":"a","Interface":null}}
2025-08-15T22:13:14.782-0500	DEBUG	protocol/handler.go:1591	have processed broadcast	{"{round 20 3  <nil>}": {"Key":"from","Type":15,"Integer":0,"String":"b","Interface":null}}
2025-08-15T22:13:14.782-0500	DEBUG	protocol/handler.go:1591	have processed broadcast	{"{round 20 3  <nil>}": {"Key":"from","Type":15,"Integer":0,"String":"c","Interface":null}}
2025-08-15T22:13:14.782-0500	DEBUG	protocol/handler.go:1649	have all messages and processed	{"{round 20 3  <nil>}": {"Key":"self","Type":15,"Integer":0,"String":"a","Interface":null}}
2025-08-15T22:13:14.782-0500	DEBUG	protocol/handler.go:596	round already finalized
2025-08-15T22:13:14.790-0500	DEBUG	protocol/handler.go:581	tryAdvanceRound called	{"{current_round 20 3  <nil>}": {"Key":"self","Type":15,"Integer":0,"String":"b","Interface":null}}
2025-08-15T22:13:14.927-0500	DEBUG	protocol/handler.go:1591	have processed broadcast	{"{round 20 3  <nil>}": {"Key":"from","Type":15,"Integer":0,"String":"a","Interface":null}}
2025-08-15T22:13:14.927-0500	DEBUG	protocol/handler.go:1591	have processed broadcast	{"{round 20 3  <nil>}": {"Key":"from","Type":15,"Integer":0,"String":"c","Interface":null}}
2025-08-15T22:13:14.927-0500	DEBUG	protocol/handler.go:1649	have all messages and processed	{"{round 20 3  <nil>}": {"Key":"self","Type":15,"Integer":0,"String":"b","Interface":null}}
2025-08-15T22:13:14.927-0500	DEBUG	protocol/handler.go:596	round already finalized
2025-08-15T22:13:14.927-0500	DEBUG	protocol/handler.go:581	tryAdvanceRound called	{"{current_round 20 3  <nil>}": {"Key":"self","Type":15,"Integer":0,"String":"b","Interface":null}}
2025-08-15T22:13:14.927-0500	DEBUG	protocol/handler.go:1591	have processed broadcast	{"{round 20 3  <nil>}": {"Key":"from","Type":15,"Integer":0,"String":"a","Interface":null}}
2025-08-15T22:13:14.927-0500	DEBUG	protocol/handler.go:1591	have processed broadcast	{"{round 20 3  <nil>}": {"Key":"from","Type":15,"Integer":0,"String":"c","Interface":null}}
2025-08-15T22:13:14.927-0500	DEBUG	protocol/handler.go:1649	have all messages and processed	{"{round 20 3  <nil>}": {"Key":"self","Type":15,"Integer":0,"String":"b","Interface":null}}
2025-08-15T22:13:14.927-0500	DEBUG	protocol/handler.go:596	round already finalized
2025-08-15T22:13:14.684-0500	DEBUG	protocol/handler.go:581	tryAdvanceRound called	{"{current_round 20 3  <nil>}": {"Key":"self","Type":15,"Integer":0,"String":"c","Interface":null}}
2025-08-15T22:13:14.927-0500	DEBUG	protocol/handler.go:1591	have processed broadcast	{"{round 20 3  <nil>}": {"Key":"from","Type":15,"Integer":0,"String":"a","Interface":null}}
2025-08-15T22:13:14.927-0500	DEBUG	protocol/handler.go:1591	have processed broadcast	{"{round 20 3  <nil>}": {"Key":"from","Type":15,"Integer":0,"String":"b","Interface":null}}
2025-08-15T22:13:14.928-0500	DEBUG	protocol/handler.go:1649	have all messages and processed	{"{round 20 3  <nil>}": {"Key":"self","Type":15,"Integer":0,"String":"c","Interface":null}}
2025-08-15T22:13:14.928-0500	DEBUG	protocol/handler.go:596	round already finalized
2025-08-15T22:13:14.928-0500	DEBUG	protocol/handler.go:581	tryAdvanceRound called	{"{current_round 20 3  <nil>}": {"Key":"self","Type":15,"Integer":0,"String":"c","Interface":null}}
2025-08-15T22:13:14.928-0500	DEBUG	protocol/handler.go:1591	have processed broadcast	{"{round 20 3  <nil>}": {"Key":"from","Type":15,"Integer":0,"String":"a","Interface":null}}
2025-08-15T22:13:14.928-0500	DEBUG	protocol/handler.go:1591	have processed broadcast	{"{round 20 3  <nil>}": {"Key":"from","Type":15,"Integer":0,"String":"b","Interface":null}}
2025-08-15T22:13:14.928-0500	DEBUG	protocol/handler.go:1649	have all messages and processed	{"{round 20 3  <nil>}": {"Key":"self","Type":15,"Integer":0,"String":"c","Interface":null}}
2025-08-15T22:13:14.928-0500	DEBUG	protocol/handler.go:596	round already finalized
2025-08-15T22:13:14.833-0500	DEBUG	protocol/handler.go:581	tryAdvanceRound called	{"{current_round 20 3  <nil>}": {"Key":"self","Type":15,"Integer":0,"String":"a","Interface":null}}
2025-08-15T22:13:14.928-0500	DEBUG	protocol/handler.go:1591	have processed broadcast	{"{round 20 3  <nil>}": {"Key":"from","Type":15,"Integer":0,"String":"b","Interface":null}}
2025-08-15T22:13:14.928-0500	DEBUG	protocol/handler.go:1591	have processed broadcast	{"{round 20 3  <nil>}": {"Key":"from","Type":15,"Integer":0,"String":"c","Interface":null}}
2025-08-15T22:13:14.928-0500	DEBUG	protocol/handler.go:1649	have all messages and processed	{"{round 20 3  <nil>}": {"Key":"self","Type":15,"Integer":0,"String":"a","Interface":null}}
2025-08-15T22:13:14.928-0500	DEBUG	protocol/handler.go:596	round already finalized
2025-08-15T22:13:14.928-0500	DEBUG	protocol/handler.go:581	tryAdvanceRound called	{"{current_round 20 3  <nil>}": {"Key":"self","Type":15,"Integer":0,"String":"a","Interface":null}}
2025-08-15T22:13:14.928-0500	DEBUG	protocol/handler.go:1591	have processed broadcast	{"{round 20 3  <nil>}": {"Key":"from","Type":15,"Integer":0,"String":"b","Interface":null}}
2025-08-15T22:13:14.928-0500	DEBUG	protocol/handler.go:1591	have processed broadcast	{"{round 20 3  <nil>}": {"Key":"from","Type":15,"Integer":0,"String":"c","Interface":null}}
2025-08-15T22:13:14.928-0500	DEBUG	protocol/handler.go:1649	have all messages and processed	{"{round 20 3  <nil>}": {"Key":"self","Type":15,"Integer":0,"String":"a","Interface":null}}
2025-08-15T22:13:14.928-0500	DEBUG	protocol/handler.go:596	round already finalized
2025-08-15T22:13:14.976-0500	DEBUG	protocol/handler.go:581	tryAdvanceRound called	{"{current_round 20 3  <nil>}": {"Key":"self","Type":15,"Integer":0,"String":"c","Interface":null}}
2025-08-15T22:13:14.976-0500	DEBUG	protocol/handler.go:1591	have processed broadcast	{"{round 20 3  <nil>}": {"Key":"from","Type":15,"Integer":0,"String":"a","Interface":null}}
2025-08-15T22:13:15.063-0500	DEBUG	protocol/handler.go:581	tryAdvanceRound called	{"{current_round 20 3  <nil>}": {"Key":"self","Type":15,"Integer":0,"String":"b","Interface":null}}
2025-08-15T22:13:15.068-0500	DEBUG	protocol/handler.go:1591	have processed broadcast	{"{round 20 3  <nil>}": {"Key":"from","Type":15,"Integer":0,"String":"a","Interface":null}}
2025-08-15T22:13:15.068-0500	DEBUG	protocol/handler.go:1591	have processed broadcast	{"{round 20 3  <nil>}": {"Key":"from","Type":15,"Integer":0,"String":"c","Interface":null}}
2025-08-15T22:13:15.068-0500	DEBUG	protocol/handler.go:1649	have all messages and processed	{"{round 20 3  <nil>}": {"Key":"self","Type":15,"Integer":0,"String":"b","Interface":null}}
2025-08-15T22:13:15.068-0500	DEBUG	protocol/handler.go:596	round already finalized
2025-08-15T22:13:15.068-0500	DEBUG	protocol/handler.go:581	tryAdvanceRound called	{"{current_round 20 3  <nil>}": {"Key":"self","Type":15,"Integer":0,"String":"b","Interface":null}}
2025-08-15T22:13:15.068-0500	DEBUG	protocol/handler.go:1591	have processed broadcast	{"{round 20 3  <nil>}": {"Key":"from","Type":15,"Integer":0,"String":"a","Interface":null}}
2025-08-15T22:13:15.068-0500	DEBUG	protocol/handler.go:1591	have processed broadcast	{"{round 20 3  <nil>}": {"Key":"from","Type":15,"Integer":0,"String":"c","Interface":null}}
2025-08-15T22:13:15.068-0500	DEBUG	protocol/handler.go:1649	have all messages and processed	{"{round 20 3  <nil>}": {"Key":"self","Type":15,"Integer":0,"String":"b","Interface":null}}
2025-08-15T22:13:15.127-0500	DEBUG	protocol/handler.go:596	round already finalized
2025-08-15T22:13:15.129-0500	DEBUG	protocol/handler.go:581	tryAdvanceRound called	{"{current_round 20 3  <nil>}": {"Key":"self","Type":15,"Integer":0,"String":"b","Interface":null}}
2025-08-15T22:13:15.130-0500	DEBUG	protocol/handler.go:1591	have processed broadcast	{"{round 20 3  <nil>}": {"Key":"from","Type":15,"Integer":0,"String":"a","Interface":null}}
2025-08-15T22:13:15.130-0500	DEBUG	protocol/handler.go:1591	have processed broadcast	{"{round 20 3  <nil>}": {"Key":"from","Type":15,"Integer":0,"String":"c","Interface":null}}
2025-08-15T22:13:15.130-0500	DEBUG	protocol/handler.go:1649	have all messages and processed	{"{round 20 3  <nil>}": {"Key":"self","Type":15,"Integer":0,"String":"b","Interface":null}}
2025-08-15T22:13:15.130-0500	DEBUG	protocol/handler.go:596	round already finalized
2025-08-15T22:13:15.076-0500	DEBUG	protocol/handler.go:581	tryAdvanceRound called	{"{current_round 20 3  <nil>}": {"Key":"self","Type":15,"Integer":0,"String":"a","Interface":null}}
2025-08-15T22:13:15.150-0500	DEBUG	protocol/handler.go:1591	have processed broadcast	{"{round 20 3  <nil>}": {"Key":"from","Type":15,"Integer":0,"String":"b","Interface":null}}
2025-08-15T22:13:15.150-0500	DEBUG	protocol/handler.go:1591	have processed broadcast	{"{round 20 3  <nil>}": {"Key":"from","Type":15,"Integer":0,"String":"c","Interface":null}}
2025-08-15T22:13:15.150-0500	DEBUG	protocol/handler.go:1649	have all messages and processed	{"{round 20 3  <nil>}": {"Key":"self","Type":15,"Integer":0,"String":"a","Interface":null}}
2025-08-15T22:13:15.150-0500	DEBUG	protocol/handler.go:596	round already finalized
2025-08-15T22:13:15.150-0500	DEBUG	protocol/handler.go:581	tryAdvanceRound called	{"{current_round 20 3  <nil>}": {"Key":"self","Type":15,"Integer":0,"String":"a","Interface":null}}
2025-08-15T22:13:15.150-0500	DEBUG	protocol/handler.go:1591	have processed broadcast	{"{round 20 3  <nil>}": {"Key":"from","Type":15,"Integer":0,"String":"b","Interface":null}}
2025-08-15T22:13:15.150-0500	DEBUG	protocol/handler.go:1591	have processed broadcast	{"{round 20 3  <nil>}": {"Key":"from","Type":15,"Integer":0,"String":"c","Interface":null}}
2025-08-15T22:13:15.150-0500	DEBUG	protocol/handler.go:1649	have all messages and processed	{"{round 20 3  <nil>}": {"Key":"self","Type":15,"Integer":0,"String":"a","Interface":null}}
2025-08-15T22:13:15.150-0500	DEBUG	protocol/handler.go:596	round already finalized
2025-08-15T22:13:15.150-0500	DEBUG	protocol/handler.go:581	tryAdvanceRound called	{"{current_round 20 3  <nil>}": {"Key":"self","Type":15,"Integer":0,"String":"b","Interface":null}}
2025-08-15T22:13:15.151-0500	DEBUG	protocol/handler.go:1591	have processed broadcast	{"{round 20 3  <nil>}": {"Key":"from","Type":15,"Integer":0,"String":"a","Interface":null}}
2025-08-15T22:13:15.151-0500	DEBUG	protocol/handler.go:1591	have processed broadcast	{"{round 20 3  <nil>}": {"Key":"from","Type":15,"Integer":0,"String":"c","Interface":null}}
2025-08-15T22:13:15.151-0500	DEBUG	protocol/handler.go:1649	have all messages and processed	{"{round 20 3  <nil>}": {"Key":"self","Type":15,"Integer":0,"String":"b","Interface":null}}
2025-08-15T22:13:15.151-0500	DEBUG	protocol/handler.go:596	round already finalized
2025-08-15T22:13:15.151-0500	DEBUG	protocol/handler.go:581	tryAdvanceRound called	{"{current_round 20 3  <nil>}": {"Key":"self","Type":15,"Integer":0,"String":"b","Interface":null}}
2025-08-15T22:13:15.151-0500	DEBUG	protocol/handler.go:1591	have processed broadcast	{"{round 20 3  <nil>}": {"Key":"from","Type":15,"Integer":0,"String":"a","Interface":null}}
2025-08-15T22:13:15.151-0500	DEBUG	protocol/handler.go:1591	have processed broadcast	{"{round 20 3  <nil>}": {"Key":"from","Type":15,"Integer":0,"String":"c","Interface":null}}
2025-08-15T22:13:15.151-0500	DEBUG	protocol/handler.go:1649	have all messages and processed	{"{round 20 3  <nil>}": {"Key":"self","Type":15,"Integer":0,"String":"b","Interface":null}}
2025-08-15T22:13:15.151-0500	DEBUG	protocol/handler.go:596	round already finalized
2025-08-15T22:13:15.161-0500	DEBUG	protocol/handler.go:1591	have processed broadcast	{"{round 20 3  <nil>}": {"Key":"from","Type":15,"Integer":0,"String":"b","Interface":null}}
2025-08-15T22:13:15.163-0500	DEBUG	protocol/handler.go:1649	have all messages and processed	{"{round 20 3  <nil>}": {"Key":"self","Type":15,"Integer":0,"String":"c","Interface":null}}
2025-08-15T22:13:15.163-0500	DEBUG	protocol/handler.go:596	round already finalized
2025-08-15T22:13:15.163-0500	DEBUG	protocol/handler.go:581	tryAdvanceRound called	{"{current_round 20 3  <nil>}": {"Key":"self","Type":15,"Integer":0,"String":"c","Interface":null}}
2025-08-15T22:13:15.163-0500	DEBUG	protocol/handler.go:1591	have processed broadcast	{"{round 20 3  <nil>}": {"Key":"from","Type":15,"Integer":0,"String":"a","Interface":null}}
2025-08-15T22:13:15.164-0500	DEBUG	protocol/handler.go:1591	have processed broadcast	{"{round 20 3  <nil>}": {"Key":"from","Type":15,"Integer":0,"String":"b","Interface":null}}
2025-08-15T22:13:15.164-0500	DEBUG	protocol/handler.go:1649	have all messages and processed	{"{round 20 3  <nil>}": {"Key":"self","Type":15,"Integer":0,"String":"c","Interface":null}}
2025-08-15T22:13:15.164-0500	DEBUG	protocol/handler.go:596	round already finalized
2025-08-15T22:13:15.204-0500	DEBUG	protocol/handler.go:581	tryAdvanceRound called	{"{current_round 20 3  <nil>}": {"Key":"self","Type":15,"Integer":0,"String":"c","Interface":null}}
2025-08-15T22:13:15.204-0500	DEBUG	protocol/handler.go:1591	have processed broadcast	{"{round 20 3  <nil>}": {"Key":"from","Type":15,"Integer":0,"String":"a","Interface":null}}
2025-08-15T22:13:15.204-0500	DEBUG	protocol/handler.go:1591	have processed broadcast	{"{round 20 3  <nil>}": {"Key":"from","Type":15,"Integer":0,"String":"b","Interface":null}}
2025-08-15T22:13:15.204-0500	DEBUG	protocol/handler.go:1649	have all messages and processed	{"{round 20 3  <nil>}": {"Key":"self","Type":15,"Integer":0,"String":"c","Interface":null}}
2025-08-15T22:13:15.204-0500	DEBUG	protocol/handler.go:596	round already finalized
2025-08-15T22:13:15.205-0500	DEBUG	protocol/handler.go:581	tryAdvanceRound called	{"{current_round 20 3  <nil>}": {"Key":"self","Type":15,"Integer":0,"String":"c","Interface":null}}
2025-08-15T22:13:15.205-0500	DEBUG	protocol/handler.go:1591	have processed broadcast	{"{round 20 3  <nil>}": {"Key":"from","Type":15,"Integer":0,"String":"a","Interface":null}}
2025-08-15T22:13:15.205-0500	DEBUG	protocol/handler.go:1591	have processed broadcast	{"{round 20 3  <nil>}": {"Key":"from","Type":15,"Integer":0,"String":"b","Interface":null}}
2025-08-15T22:13:15.205-0500	DEBUG	protocol/handler.go:1649	have all messages and processed	{"{round 20 3  <nil>}": {"Key":"self","Type":15,"Integer":0,"String":"c","Interface":null}}
2025-08-15T22:13:15.205-0500	DEBUG	protocol/handler.go:596	round already finalized
2025-08-15T22:13:15.217-0500	DEBUG	protocol/handler.go:581	tryAdvanceRound called	{"{current_round 20 3  <nil>}": {"Key":"self","Type":15,"Integer":0,"String":"a","Interface":null}}
2025-08-15T22:13:15.217-0500	DEBUG	protocol/handler.go:1591	have processed broadcast	{"{round 20 3  <nil>}": {"Key":"from","Type":15,"Integer":0,"String":"b","Interface":null}}
2025-08-15T22:13:15.217-0500	DEBUG	protocol/handler.go:1591	have processed broadcast	{"{round 20 3  <nil>}": {"Key":"from","Type":15,"Integer":0,"String":"c","Interface":null}}
2025-08-15T22:13:15.217-0500	DEBUG	protocol/handler.go:1649	have all messages and processed	{"{round 20 3  <nil>}": {"Key":"self","Type":15,"Integer":0,"String":"a","Interface":null}}
2025-08-15T22:13:15.217-0500	DEBUG	protocol/handler.go:596	round already finalized
2025-08-15T22:13:15.217-0500	DEBUG	protocol/handler.go:581	tryAdvanceRound called	{"{current_round 20 3  <nil>}": {"Key":"self","Type":15,"Integer":0,"String":"a","Interface":null}}
2025-08-15T22:13:15.217-0500	DEBUG	protocol/handler.go:1591	have processed broadcast	{"{round 20 3  <nil>}": {"Key":"from","Type":15,"Integer":0,"String":"b","Interface":null}}
2025-08-15T22:13:15.217-0500	DEBUG	protocol/handler.go:1591	have processed broadcast	{"{round 20 3  <nil>}": {"Key":"from","Type":15,"Integer":0,"String":"c","Interface":null}}
2025-08-15T22:13:15.217-0500	DEBUG	protocol/handler.go:1649	have all messages and processed	{"{round 20 3  <nil>}": {"Key":"self","Type":15,"Integer":0,"String":"a","Interface":null}}
2025-08-15T22:13:15.217-0500	DEBUG	protocol/handler.go:596	round already finalized
2025-08-15T22:13:15.217-0500	DEBUG	protocol/handler.go:581	tryAdvanceRound called	{"{current_round 20 3  <nil>}": {"Key":"self","Type":15,"Integer":0,"String":"b","Interface":null}}
2025-08-15T22:13:15.217-0500	DEBUG	protocol/handler.go:1591	have processed broadcast	{"{round 20 3  <nil>}": {"Key":"from","Type":15,"Integer":0,"String":"a","Interface":null}}
2025-08-15T22:13:15.217-0500	DEBUG	protocol/handler.go:1591	have processed broadcast	{"{round 20 3  <nil>}": {"Key":"from","Type":15,"Integer":0,"String":"c","Interface":null}}
2025-08-15T22:13:15.217-0500	DEBUG	protocol/handler.go:1649	have all messages and processed	{"{round 20 3  <nil>}": {"Key":"self","Type":15,"Integer":0,"String":"b","Interface":null}}
2025-08-15T22:13:15.217-0500	DEBUG	protocol/handler.go:596	round already finalized
2025-08-15T22:13:15.217-0500	DEBUG	protocol/handler.go:581	tryAdvanceRound called	{"{current_round 20 3  <nil>}": {"Key":"self","Type":15,"Integer":0,"String":"b","Interface":null}}
2025-08-15T22:13:15.218-0500	DEBUG	protocol/handler.go:1591	have processed broadcast	{"{round 20 3  <nil>}": {"Key":"from","Type":15,"Integer":0,"String":"a","Interface":null}}
2025-08-15T22:13:15.218-0500	DEBUG	protocol/handler.go:1591	have processed broadcast	{"{round 20 3  <nil>}": {"Key":"from","Type":15,"Integer":0,"String":"c","Interface":null}}
2025-08-15T22:13:15.218-0500	DEBUG	protocol/handler.go:1649	have all messages and processed	{"{round 20 3  <nil>}": {"Key":"self","Type":15,"Integer":0,"String":"b","Interface":null}}
2025-08-15T22:13:15.218-0500	DEBUG	protocol/handler.go:596	round already finalized
2025-08-15T22:13:15.228-0500	DEBUG	protocol/handler.go:581	tryAdvanceRound called	{"{current_round 20 3  <nil>}": {"Key":"self","Type":15,"Integer":0,"String":"c","Interface":null}}
2025-08-15T22:13:15.229-0500	DEBUG	protocol/handler.go:1591	have processed broadcast	{"{round 20 3  <nil>}": {"Key":"from","Type":15,"Integer":0,"String":"a","Interface":null}}
2025-08-15T22:13:15.229-0500	DEBUG	protocol/handler.go:1591	have processed broadcast	{"{round 20 3  <nil>}": {"Key":"from","Type":15,"Integer":0,"String":"b","Interface":null}}
2025-08-15T22:13:15.229-0500	DEBUG	protocol/handler.go:1649	have all messages and processed	{"{round 20 3  <nil>}": {"Key":"self","Type":15,"Integer":0,"String":"c","Interface":null}}
2025-08-15T22:13:15.229-0500	DEBUG	protocol/handler.go:596	round already finalized
2025-08-15T22:13:15.257-0500	DEBUG	protocol/handler.go:581	tryAdvanceRound called	{"{current_round 20 3  <nil>}": {"Key":"self","Type":15,"Integer":0,"String":"c","Interface":null}}
2025-08-15T22:13:15.257-0500	DEBUG	protocol/handler.go:1591	have processed broadcast	{"{round 20 3  <nil>}": {"Key":"from","Type":15,"Integer":0,"String":"a","Interface":null}}
2025-08-15T22:13:15.257-0500	DEBUG	protocol/handler.go:1591	have processed broadcast	{"{round 20 3  <nil>}": {"Key":"from","Type":15,"Integer":0,"String":"b","Interface":null}}
2025-08-15T22:13:15.257-0500	DEBUG	protocol/handler.go:1649	have all messages and processed	{"{round 20 3  <nil>}": {"Key":"self","Type":15,"Integer":0,"String":"c","Interface":null}}
2025-08-15T22:13:15.257-0500	DEBUG	protocol/handler.go:596	round already finalized
2025-08-15T22:13:15.264-0500	DEBUG	protocol/handler.go:581	tryAdvanceRound called	{"{current_round 20 3  <nil>}": {"Key":"self","Type":15,"Integer":0,"String":"b","Interface":null}}
2025-08-15T22:13:15.264-0500	DEBUG	protocol/handler.go:1591	have processed broadcast	{"{round 20 3  <nil>}": {"Key":"from","Type":15,"Integer":0,"String":"a","Interface":null}}
2025-08-15T22:13:15.265-0500	DEBUG	protocol/handler.go:1591	have processed broadcast	{"{round 20 3  <nil>}": {"Key":"from","Type":15,"Integer":0,"String":"c","Interface":null}}
2025-08-15T22:13:15.265-0500	DEBUG	protocol/handler.go:1649	have all messages and processed	{"{round 20 3  <nil>}": {"Key":"self","Type":15,"Integer":0,"String":"b","Interface":null}}
2025-08-15T22:13:15.265-0500	DEBUG	protocol/handler.go:596	round already finalized
2025-08-15T22:13:15.265-0500	DEBUG	protocol/handler.go:581	tryAdvanceRound called	{"{current_round 20 3  <nil>}": {"Key":"self","Type":15,"Integer":0,"String":"b","Interface":null}}
2025-08-15T22:13:15.266-0500	DEBUG	protocol/handler.go:1591	have processed broadcast	{"{round 20 3  <nil>}": {"Key":"from","Type":15,"Integer":0,"String":"a","Interface":null}}
2025-08-15T22:13:15.266-0500	DEBUG	protocol/handler.go:1591	have processed broadcast	{"{round 20 3  <nil>}": {"Key":"from","Type":15,"Integer":0,"String":"c","Interface":null}}
2025-08-15T22:13:15.266-0500	DEBUG	protocol/handler.go:1649	have all messages and processed	{"{round 20 3  <nil>}": {"Key":"self","Type":15,"Integer":0,"String":"b","Interface":null}}
2025-08-15T22:13:15.266-0500	DEBUG	protocol/handler.go:596	round already finalized
2025-08-15T22:13:15.268-0500	DEBUG	protocol/handler.go:581	tryAdvanceRound called	{"{current_round 20 3  <nil>}": {"Key":"self","Type":15,"Integer":0,"String":"a","Interface":null}}
2025-08-15T22:13:15.268-0500	DEBUG	protocol/handler.go:1591	have processed broadcast	{"{round 20 3  <nil>}": {"Key":"from","Type":15,"Integer":0,"String":"b","Interface":null}}
2025-08-15T22:13:15.268-0500	DEBUG	protocol/handler.go:1591	have processed broadcast	{"{round 20 3  <nil>}": {"Key":"from","Type":15,"Integer":0,"String":"c","Interface":null}}
2025-08-15T22:13:15.268-0500	DEBUG	protocol/handler.go:1649	have all messages and processed	{"{round 20 3  <nil>}": {"Key":"self","Type":15,"Integer":0,"String":"a","Interface":null}}
2025-08-15T22:13:15.268-0500	DEBUG	protocol/handler.go:596	round already finalized
2025-08-15T22:13:15.268-0500	DEBUG	protocol/handler.go:581	tryAdvanceRound called	{"{current_round 20 3  <nil>}": {"Key":"self","Type":15,"Integer":0,"String":"a","Interface":null}}
2025-08-15T22:13:15.269-0500	DEBUG	protocol/handler.go:1591	have processed broadcast	{"{round 20 3  <nil>}": {"Key":"from","Type":15,"Integer":0,"String":"b","Interface":null}}
2025-08-15T22:13:15.269-0500	DEBUG	protocol/handler.go:1591	have processed broadcast	{"{round 20 3  <nil>}": {"Key":"from","Type":15,"Integer":0,"String":"c","Interface":null}}
2025-08-15T22:13:15.269-0500	DEBUG	protocol/handler.go:1649	have all messages and processed	{"{round 20 3  <nil>}": {"Key":"self","Type":15,"Integer":0,"String":"a","Interface":null}}
2025-08-15T22:13:15.269-0500	DEBUG	protocol/handler.go:596	round already finalized
2025-08-15T22:13:15.276-0500	DEBUG	protocol/handler.go:581	tryAdvanceRound called	{"{current_round 20 3  <nil>}": {"Key":"self","Type":15,"Integer":0,"String":"b","Interface":null}}
2025-08-15T22:13:15.276-0500	DEBUG	protocol/handler.go:1591	have processed broadcast	{"{round 20 3  <nil>}": {"Key":"from","Type":15,"Integer":0,"String":"a","Interface":null}}
2025-08-15T22:13:15.276-0500	DEBUG	protocol/handler.go:1591	have processed broadcast	{"{round 20 3  <nil>}": {"Key":"from","Type":15,"Integer":0,"String":"c","Interface":null}}
2025-08-15T22:13:15.276-0500	DEBUG	protocol/handler.go:1649	have all messages and processed	{"{round 20 3  <nil>}": {"Key":"self","Type":15,"Integer":0,"String":"b","Interface":null}}
2025-08-15T22:13:15.276-0500	DEBUG	protocol/handler.go:596	round already finalized
2025-08-15T22:13:15.382-0500	DEBUG	protocol/handler.go:581	tryAdvanceRound called	{"{current_round 20 3  <nil>}": {"Key":"self","Type":15,"Integer":0,"String":"a","Interface":null}}
2025-08-15T22:13:15.382-0500	DEBUG	protocol/handler.go:1591	have processed broadcast	{"{round 20 3  <nil>}": {"Key":"from","Type":15,"Integer":0,"String":"b","Interface":null}}
2025-08-15T22:13:15.382-0500	DEBUG	protocol/handler.go:1591	have processed broadcast	{"{round 20 3  <nil>}": {"Key":"from","Type":15,"Integer":0,"String":"c","Interface":null}}
2025-08-15T22:13:15.383-0500	DEBUG	protocol/handler.go:1649	have all messages and processed	{"{round 20 3  <nil>}": {"Key":"self","Type":15,"Integer":0,"String":"a","Interface":null}}
2025-08-15T22:13:15.383-0500	DEBUG	protocol/handler.go:596	round already finalized
2025-08-15T22:13:15.406-0500	DEBUG	protocol/handler.go:581	tryAdvanceRound called	{"{current_round 20 3  <nil>}": {"Key":"self","Type":15,"Integer":0,"String":"c","Interface":null}}
2025-08-15T22:13:15.406-0500	DEBUG	protocol/handler.go:1591	have processed broadcast	{"{round 20 3  <nil>}": {"Key":"from","Type":15,"Integer":0,"String":"a","Interface":null}}
2025-08-15T22:13:15.406-0500	DEBUG	protocol/handler.go:1591	have processed broadcast	{"{round 20 3  <nil>}": {"Key":"from","Type":15,"Integer":0,"String":"b","Interface":null}}
2025-08-15T22:13:15.406-0500	DEBUG	protocol/handler.go:1649	have all messages and processed	{"{round 20 3  <nil>}": {"Key":"self","Type":15,"Integer":0,"String":"c","Interface":null}}
2025-08-15T22:13:15.406-0500	DEBUG	protocol/handler.go:596	round already finalized
2025-08-15T22:13:15.410-0500	DEBUG	protocol/handler.go:581	tryAdvanceRound called	{"{current_round 20 3  <nil>}": {"Key":"self","Type":15,"Integer":0,"String":"b","Interface":null}}
2025-08-15T22:13:15.411-0500	DEBUG	protocol/handler.go:1591	have processed broadcast	{"{round 20 3  <nil>}": {"Key":"from","Type":15,"Integer":0,"String":"a","Interface":null}}
2025-08-15T22:13:15.411-0500	DEBUG	protocol/handler.go:1591	have processed broadcast	{"{round 20 3  <nil>}": {"Key":"from","Type":15,"Integer":0,"String":"c","Interface":null}}
2025-08-15T22:13:15.411-0500	DEBUG	protocol/handler.go:1649	have all messages and processed	{"{round 20 3  <nil>}": {"Key":"self","Type":15,"Integer":0,"String":"b","Interface":null}}
2025-08-15T22:13:15.411-0500	DEBUG	protocol/handler.go:596	round already finalized
2025-08-15T22:13:15.411-0500	DEBUG	protocol/handler.go:581	tryAdvanceRound called	{"{current_round 20 3  <nil>}": {"Key":"self","Type":15,"Integer":0,"String":"b","Interface":null}}
2025-08-15T22:13:15.411-0500	DEBUG	protocol/handler.go:1591	have processed broadcast	{"{round 20 3  <nil>}": {"Key":"from","Type":15,"Integer":0,"String":"a","Interface":null}}
2025-08-15T22:13:15.412-0500	DEBUG	protocol/handler.go:1591	have processed broadcast	{"{round 20 3  <nil>}": {"Key":"from","Type":15,"Integer":0,"String":"c","Interface":null}}
2025-08-15T22:13:15.412-0500	DEBUG	protocol/handler.go:1649	have all messages and processed	{"{round 20 3  <nil>}": {"Key":"self","Type":15,"Integer":0,"String":"b","Interface":null}}
2025-08-15T22:13:15.412-0500	DEBUG	protocol/handler.go:596	round already finalized
2025-08-15T22:13:15.383-0500	DEBUG	protocol/handler.go:581	tryAdvanceRound called	{"{current_round 20 3  <nil>}": {"Key":"self","Type":15,"Integer":0,"String":"a","Interface":null}}
2025-08-15T22:13:15.445-0500	DEBUG	protocol/handler.go:1591	have processed broadcast	{"{round 20 3  <nil>}": {"Key":"from","Type":15,"Integer":0,"String":"b","Interface":null}}
2025-08-15T22:13:15.445-0500	DEBUG	protocol/handler.go:1591	have processed broadcast	{"{round 20 3  <nil>}": {"Key":"from","Type":15,"Integer":0,"String":"c","Interface":null}}
2025-08-15T22:13:15.445-0500	DEBUG	protocol/handler.go:1649	have all messages and processed	{"{round 20 3  <nil>}": {"Key":"self","Type":15,"Integer":0,"String":"a","Interface":null}}
2025-08-15T22:13:15.445-0500	DEBUG	protocol/handler.go:596	round already finalized
2025-08-15T22:13:15.445-0500	DEBUG	protocol/handler.go:581	tryAdvanceRound called	{"{current_round 20 3  <nil>}": {"Key":"self","Type":15,"Integer":0,"String":"a","Interface":null}}
2025-08-15T22:13:15.445-0500	DEBUG	protocol/handler.go:1591	have processed broadcast	{"{round 20 3  <nil>}": {"Key":"from","Type":15,"Integer":0,"String":"b","Interface":null}}
2025-08-15T22:13:15.445-0500	DEBUG	protocol/handler.go:1591	have processed broadcast	{"{round 20 3  <nil>}": {"Key":"from","Type":15,"Integer":0,"String":"c","Interface":null}}
2025-08-15T22:13:15.445-0500	DEBUG	protocol/handler.go:1649	have all messages and processed	{"{round 20 3  <nil>}": {"Key":"self","Type":15,"Integer":0,"String":"a","Interface":null}}
2025-08-15T22:13:15.445-0500	DEBUG	protocol/handler.go:596	round already finalized
2025-08-15T22:13:15.455-0500	DEBUG	protocol/handler.go:581	tryAdvanceRound called	{"{current_round 20 3  <nil>}": {"Key":"self","Type":15,"Integer":0,"String":"b","Interface":null}}
2025-08-15T22:13:15.456-0500	DEBUG	protocol/handler.go:1591	have processed broadcast	{"{round 20 3  <nil>}": {"Key":"from","Type":15,"Integer":0,"String":"a","Interface":null}}
2025-08-15T22:13:15.456-0500	DEBUG	protocol/handler.go:1591	have processed broadcast	{"{round 20 3  <nil>}": {"Key":"from","Type":15,"Integer":0,"String":"c","Interface":null}}
2025-08-15T22:13:15.456-0500	DEBUG	protocol/handler.go:1649	have all messages and processed	{"{round 20 3  <nil>}": {"Key":"self","Type":15,"Integer":0,"String":"b","Interface":null}}
2025-08-15T22:13:15.456-0500	DEBUG	protocol/handler.go:596	round already finalized
2025-08-15T22:13:15.456-0500	DEBUG	protocol/handler.go:581	tryAdvanceRound called	{"{current_round 20 3  <nil>}": {"Key":"self","Type":15,"Integer":0,"String":"b","Interface":null}}
2025-08-15T22:13:15.456-0500	DEBUG	protocol/handler.go:1591	have processed broadcast	{"{round 20 3  <nil>}": {"Key":"from","Type":15,"Integer":0,"String":"a","Interface":null}}
2025-08-15T22:13:15.456-0500	DEBUG	protocol/handler.go:1591	have processed broadcast	{"{round 20 3  <nil>}": {"Key":"from","Type":15,"Integer":0,"String":"c","Interface":null}}
2025-08-15T22:13:15.456-0500	DEBUG	protocol/handler.go:1649	have all messages and processed	{"{round 20 3  <nil>}": {"Key":"self","Type":15,"Integer":0,"String":"b","Interface":null}}
2025-08-15T22:13:15.456-0500	DEBUG	protocol/handler.go:596	round already finalized
2025-08-15T22:13:15.468-0500	DEBUG	protocol/handler.go:581	tryAdvanceRound called	{"{current_round 20 3  <nil>}": {"Key":"self","Type":15,"Integer":0,"String":"c","Interface":null}}
2025-08-15T22:13:15.468-0500	DEBUG	protocol/handler.go:1591	have processed broadcast	{"{round 20 3  <nil>}": {"Key":"from","Type":15,"Integer":0,"String":"a","Interface":null}}
2025-08-15T22:13:15.468-0500	DEBUG	protocol/handler.go:1591	have processed broadcast	{"{round 20 3  <nil>}": {"Key":"from","Type":15,"Integer":0,"String":"b","Interface":null}}
2025-08-15T22:13:15.468-0500	DEBUG	protocol/handler.go:1649	have all messages and processed	{"{round 20 3  <nil>}": {"Key":"self","Type":15,"Integer":0,"String":"c","Interface":null}}
2025-08-15T22:13:15.468-0500	DEBUG	protocol/handler.go:596	round already finalized
2025-08-15T22:13:15.468-0500	DEBUG	protocol/handler.go:581	tryAdvanceRound called	{"{current_round 20 3  <nil>}": {"Key":"self","Type":15,"Integer":0,"String":"c","Interface":null}}
2025-08-15T22:13:15.468-0500	DEBUG	protocol/handler.go:1591	have processed broadcast	{"{round 20 3  <nil>}": {"Key":"from","Type":15,"Integer":0,"String":"a","Interface":null}}
2025-08-15T22:13:15.469-0500	DEBUG	protocol/handler.go:1591	have processed broadcast	{"{round 20 3  <nil>}": {"Key":"from","Type":15,"Integer":0,"String":"b","Interface":null}}
2025-08-15T22:13:15.470-0500	DEBUG	protocol/handler.go:1649	have all messages and processed	{"{round 20 3  <nil>}": {"Key":"self","Type":15,"Integer":0,"String":"c","Interface":null}}
2025-08-15T22:13:15.470-0500	DEBUG	protocol/handler.go:596	round already finalized
2025-08-15T22:13:15.482-0500	DEBUG	protocol/handler.go:581	tryAdvanceRound called	{"{current_round 20 3  <nil>}": {"Key":"self","Type":15,"Integer":0,"String":"a","Interface":null}}
2025-08-15T22:13:15.482-0500	DEBUG	protocol/handler.go:1591	have processed broadcast	{"{round 20 3  <nil>}": {"Key":"from","Type":15,"Integer":0,"String":"b","Interface":null}}
2025-08-15T22:13:15.482-0500	DEBUG	protocol/handler.go:1591	have processed broadcast	{"{round 20 3  <nil>}": {"Key":"from","Type":15,"Integer":0,"String":"c","Interface":null}}
2025-08-15T22:13:15.482-0500	DEBUG	protocol/handler.go:1649	have all messages and processed	{"{round 20 3  <nil>}": {"Key":"self","Type":15,"Integer":0,"String":"a","Interface":null}}
2025-08-15T22:13:15.482-0500	DEBUG	protocol/handler.go:596	round already finalized
2025-08-15T22:13:15.482-0500	DEBUG	protocol/handler.go:581	tryAdvanceRound called	{"{current_round 20 3  <nil>}": {"Key":"self","Type":15,"Integer":0,"String":"a","Interface":null}}
2025-08-15T22:13:15.482-0500	DEBUG	protocol/handler.go:1591	have processed broadcast	{"{round 20 3  <nil>}": {"Key":"from","Type":15,"Integer":0,"String":"b","Interface":null}}
2025-08-15T22:13:15.482-0500	DEBUG	protocol/handler.go:1591	have processed broadcast	{"{round 20 3  <nil>}": {"Key":"from","Type":15,"Integer":0,"String":"c","Interface":null}}
2025-08-15T22:13:15.482-0500	DEBUG	protocol/handler.go:1649	have all messages and processed	{"{round 20 3  <nil>}": {"Key":"self","Type":15,"Integer":0,"String":"a","Interface":null}}
2025-08-15T22:13:15.482-0500	DEBUG	protocol/handler.go:596	round already finalized
2025-08-15T22:13:15.493-0500	DEBUG	protocol/handler.go:581	tryAdvanceRound called	{"{current_round 20 3  <nil>}": {"Key":"self","Type":15,"Integer":0,"String":"c","Interface":null}}
2025-08-15T22:13:15.493-0500	DEBUG	protocol/handler.go:1591	have processed broadcast	{"{round 20 3  <nil>}": {"Key":"from","Type":15,"Integer":0,"String":"a","Interface":null}}
2025-08-15T22:13:15.493-0500	DEBUG	protocol/handler.go:1591	have processed broadcast	{"{round 20 3  <nil>}": {"Key":"from","Type":15,"Integer":0,"String":"b","Interface":null}}
2025-08-15T22:13:15.493-0500	DEBUG	protocol/handler.go:1649	have all messages and processed	{"{round 20 3  <nil>}": {"Key":"self","Type":15,"Integer":0,"String":"c","Interface":null}}
2025-08-15T22:13:15.494-0500	DEBUG	protocol/handler.go:596	round already finalized
2025-08-15T22:13:15.516-0500	DEBUG	protocol/handler.go:581	tryAdvanceRound called	{"{current_round 20 3  <nil>}": {"Key":"self","Type":15,"Integer":0,"String":"c","Interface":null}}
2025-08-15T22:13:15.516-0500	DEBUG	protocol/handler.go:1591	have processed broadcast	{"{round 20 3  <nil>}": {"Key":"from","Type":15,"Integer":0,"String":"a","Interface":null}}
2025-08-15T22:13:15.516-0500	DEBUG	protocol/handler.go:1591	have processed broadcast	{"{round 20 3  <nil>}": {"Key":"from","Type":15,"Integer":0,"String":"b","Interface":null}}
2025-08-15T22:13:15.517-0500	DEBUG	protocol/handler.go:1649	have all messages and processed	{"{round 20 3  <nil>}": {"Key":"self","Type":15,"Integer":0,"String":"c","Interface":null}}
2025-08-15T22:13:15.517-0500	DEBUG	protocol/handler.go:596	round already finalized
2025-08-15T22:13:15.529-0500	DEBUG	protocol/handler.go:581	tryAdvanceRound called	{"{current_round 20 3  <nil>}": {"Key":"self","Type":15,"Integer":0,"String":"a","Interface":null}}
2025-08-15T22:13:15.529-0500	DEBUG	protocol/handler.go:1591	have processed broadcast	{"{round 20 3  <nil>}": {"Key":"from","Type":15,"Integer":0,"String":"b","Interface":null}}
2025-08-15T22:13:15.529-0500	DEBUG	protocol/handler.go:1591	have processed broadcast	{"{round 20 3  <nil>}": {"Key":"from","Type":15,"Integer":0,"String":"c","Interface":null}}
2025-08-15T22:13:15.529-0500	DEBUG	protocol/handler.go:1649	have all messages and processed	{"{round 20 3  <nil>}": {"Key":"self","Type":15,"Integer":0,"String":"a","Interface":null}}
2025-08-15T22:13:15.529-0500	DEBUG	protocol/handler.go:596	round already finalized
2025-08-15T22:13:15.529-0500	DEBUG	protocol/handler.go:581	tryAdvanceRound called	{"{current_round 20 3  <nil>}": {"Key":"self","Type":15,"Integer":0,"String":"a","Interface":null}}
2025-08-15T22:13:15.529-0500	DEBUG	protocol/handler.go:1591	have processed broadcast	{"{round 20 3  <nil>}": {"Key":"from","Type":15,"Integer":0,"String":"b","Interface":null}}
2025-08-15T22:13:15.529-0500	DEBUG	protocol/handler.go:1591	have processed broadcast	{"{round 20 3  <nil>}": {"Key":"from","Type":15,"Integer":0,"String":"c","Interface":null}}
2025-08-15T22:13:15.529-0500	DEBUG	protocol/handler.go:1649	have all messages and processed	{"{round 20 3  <nil>}": {"Key":"self","Type":15,"Integer":0,"String":"a","Interface":null}}
2025-08-15T22:13:15.529-0500	DEBUG	protocol/handler.go:596	round already finalized
2025-08-15T22:13:15.489-0500	DEBUG	protocol/handler.go:581	tryAdvanceRound called	{"{current_round 20 3  <nil>}": {"Key":"self","Type":15,"Integer":0,"String":"b","Interface":null}}
2025-08-15T22:13:15.529-0500	DEBUG	protocol/handler.go:1591	have processed broadcast	{"{round 20 3  <nil>}": {"Key":"from","Type":15,"Integer":0,"String":"a","Interface":null}}
2025-08-15T22:13:15.530-0500	DEBUG	protocol/handler.go:1591	have processed broadcast	{"{round 20 3  <nil>}": {"Key":"from","Type":15,"Integer":0,"String":"c","Interface":null}}
2025-08-15T22:13:15.530-0500	DEBUG	protocol/handler.go:1649	have all messages and processed	{"{round 20 3  <nil>}": {"Key":"self","Type":15,"Integer":0,"String":"b","Interface":null}}
2025-08-15T22:13:15.530-0500	DEBUG	protocol/handler.go:596	round already finalized
2025-08-15T22:13:15.530-0500	DEBUG	protocol/handler.go:581	tryAdvanceRound called	{"{current_round 20 3  <nil>}": {"Key":"self","Type":15,"Integer":0,"String":"b","Interface":null}}
2025-08-15T22:13:15.530-0500	DEBUG	protocol/handler.go:1591	have processed broadcast	{"{round 20 3  <nil>}": {"Key":"from","Type":15,"Integer":0,"String":"a","Interface":null}}
2025-08-15T22:13:15.530-0500	DEBUG	protocol/handler.go:1591	have processed broadcast	{"{round 20 3  <nil>}": {"Key":"from","Type":15,"Integer":0,"String":"c","Interface":null}}
2025-08-15T22:13:15.530-0500	DEBUG	protocol/handler.go:1649	have all messages and processed	{"{round 20 3  <nil>}": {"Key":"self","Type":15,"Integer":0,"String":"b","Interface":null}}
2025-08-15T22:13:15.530-0500	DEBUG	protocol/handler.go:596	round already finalized
2025-08-15T22:13:15.540-0500	DEBUG	protocol/handler.go:581	tryAdvanceRound called	{"{current_round 20 3  <nil>}": {"Key":"self","Type":15,"Integer":0,"String":"c","Interface":null}}
2025-08-15T22:13:15.540-0500	DEBUG	protocol/handler.go:1591	have processed broadcast	{"{round 20 3  <nil>}": {"Key":"from","Type":15,"Integer":0,"String":"a","Interface":null}}
2025-08-15T22:13:15.540-0500	DEBUG	protocol/handler.go:1591	have processed broadcast	{"{round 20 3  <nil>}": {"Key":"from","Type":15,"Integer":0,"String":"b","Interface":null}}
2025-08-15T22:13:15.540-0500	DEBUG	protocol/handler.go:1649	have all messages and processed	{"{round 20 3  <nil>}": {"Key":"self","Type":15,"Integer":0,"String":"c","Interface":null}}
2025-08-15T22:13:15.540-0500	DEBUG	protocol/handler.go:596	round already finalized
2025-08-15T22:13:15.554-0500	DEBUG	protocol/handler.go:581	tryAdvanceRound called	{"{current_round 20 3  <nil>}": {"Key":"self","Type":15,"Integer":0,"String":"b","Interface":null}}
2025-08-15T22:13:15.560-0500	DEBUG	protocol/handler.go:1591	have processed broadcast	{"{round 20 3  <nil>}": {"Key":"from","Type":15,"Integer":0,"String":"a","Interface":null}}
2025-08-15T22:13:15.560-0500	DEBUG	protocol/handler.go:1591	have processed broadcast	{"{round 20 3  <nil>}": {"Key":"from","Type":15,"Integer":0,"String":"c","Interface":null}}
2025-08-15T22:13:15.560-0500	DEBUG	protocol/handler.go:1649	have all messages and processed	{"{round 20 3  <nil>}": {"Key":"self","Type":15,"Integer":0,"String":"b","Interface":null}}
2025-08-15T22:13:15.560-0500	DEBUG	protocol/handler.go:596	round already finalized
2025-08-15T22:13:15.560-0500	DEBUG	protocol/handler.go:581	tryAdvanceRound called	{"{current_round 20 3  <nil>}": {"Key":"self","Type":15,"Integer":0,"String":"b","Interface":null}}
2025-08-15T22:13:15.560-0500	DEBUG	protocol/handler.go:1591	have processed broadcast	{"{round 20 3  <nil>}": {"Key":"from","Type":15,"Integer":0,"String":"a","Interface":null}}
2025-08-15T22:13:15.561-0500	DEBUG	protocol/handler.go:1591	have processed broadcast	{"{round 20 3  <nil>}": {"Key":"from","Type":15,"Integer":0,"String":"c","Interface":null}}
2025-08-15T22:13:15.561-0500	DEBUG	protocol/handler.go:1649	have all messages and processed	{"{round 20 3  <nil>}": {"Key":"self","Type":15,"Integer":0,"String":"b","Interface":null}}
2025-08-15T22:13:15.561-0500	DEBUG	protocol/handler.go:596	round already finalized
2025-08-15T22:13:15.577-0500	DEBUG	protocol/handler.go:581	tryAdvanceRound called	{"{current_round 20 3  <nil>}": {"Key":"self","Type":15,"Integer":0,"String":"b","Interface":null}}
2025-08-15T22:13:15.577-0500	DEBUG	protocol/handler.go:1591	have processed broadcast	{"{round 20 3  <nil>}": {"Key":"from","Type":15,"Integer":0,"String":"a","Interface":null}}
2025-08-15T22:13:15.579-0500	DEBUG	protocol/handler.go:1591	have processed broadcast	{"{round 20 3  <nil>}": {"Key":"from","Type":15,"Integer":0,"String":"c","Interface":null}}
2025-08-15T22:13:15.579-0500	DEBUG	protocol/handler.go:1649	have all messages and processed	{"{round 20 3  <nil>}": {"Key":"self","Type":15,"Integer":0,"String":"b","Interface":null}}
2025-08-15T22:13:15.579-0500	DEBUG	protocol/handler.go:596	round already finalized
2025-08-15T22:13:15.587-0500	DEBUG	protocol/handler.go:581	tryAdvanceRound called	{"{current_round 20 3  <nil>}": {"Key":"self","Type":15,"Integer":0,"String":"a","Interface":null}}
2025-08-15T22:13:15.602-0500	DEBUG	protocol/handler.go:581	tryAdvanceRound called	{"{current_round 20 3  <nil>}": {"Key":"self","Type":15,"Integer":0,"String":"c","Interface":null}}
2025-08-15T22:13:15.602-0500	DEBUG	protocol/handler.go:1591	have processed broadcast	{"{round 20 3  <nil>}": {"Key":"from","Type":15,"Integer":0,"String":"a","Interface":null}}
2025-08-15T22:13:15.602-0500	DEBUG	protocol/handler.go:1591	have processed broadcast	{"{round 20 3  <nil>}": {"Key":"from","Type":15,"Integer":0,"String":"b","Interface":null}}
2025-08-15T22:13:15.602-0500	DEBUG	protocol/handler.go:1649	have all messages and processed	{"{round 20 3  <nil>}": {"Key":"self","Type":15,"Integer":0,"String":"c","Interface":null}}
2025-08-15T22:13:15.602-0500	DEBUG	protocol/handler.go:596	round already finalized
2025-08-15T22:13:15.602-0500	DEBUG	protocol/handler.go:581	tryAdvanceRound called	{"{current_round 20 3  <nil>}": {"Key":"self","Type":15,"Integer":0,"String":"c","Interface":null}}
2025-08-15T22:13:15.602-0500	DEBUG	protocol/handler.go:1591	have processed broadcast	{"{round 20 3  <nil>}": {"Key":"from","Type":15,"Integer":0,"String":"a","Interface":null}}
2025-08-15T22:13:15.602-0500	DEBUG	protocol/handler.go:1591	have processed broadcast	{"{round 20 3  <nil>}": {"Key":"from","Type":15,"Integer":0,"String":"b","Interface":null}}
2025-08-15T22:13:15.602-0500	DEBUG	protocol/handler.go:1649	have all messages and processed	{"{round 20 3  <nil>}": {"Key":"self","Type":15,"Integer":0,"String":"c","Interface":null}}
2025-08-15T22:13:15.602-0500	DEBUG	protocol/handler.go:596	round already finalized
2025-08-15T22:13:15.610-0500	DEBUG	protocol/handler.go:581	tryAdvanceRound called	{"{current_round 20 3  <nil>}": {"Key":"self","Type":15,"Integer":0,"String":"b","Interface":null}}
2025-08-15T22:13:15.611-0500	DEBUG	protocol/handler.go:1591	have processed broadcast	{"{round 20 3  <nil>}": {"Key":"from","Type":15,"Integer":0,"String":"a","Interface":null}}
2025-08-15T22:13:15.611-0500	DEBUG	protocol/handler.go:1591	have processed broadcast	{"{round 20 3  <nil>}": {"Key":"from","Type":15,"Integer":0,"String":"c","Interface":null}}
2025-08-15T22:13:15.611-0500	DEBUG	protocol/handler.go:1649	have all messages and processed	{"{round 20 3  <nil>}": {"Key":"self","Type":15,"Integer":0,"String":"b","Interface":null}}
2025-08-15T22:13:15.611-0500	DEBUG	protocol/handler.go:596	round already finalized
2025-08-15T22:13:15.676-0500	DEBUG	protocol/handler.go:581	tryAdvanceRound called	{"{current_round 20 3  <nil>}": {"Key":"self","Type":15,"Integer":0,"String":"b","Interface":null}}
2025-08-15T22:13:15.676-0500	DEBUG	protocol/handler.go:1591	have processed broadcast	{"{round 20 3  <nil>}": {"Key":"from","Type":15,"Integer":0,"String":"a","Interface":null}}
2025-08-15T22:13:15.676-0500	DEBUG	protocol/handler.go:1591	have processed broadcast	{"{round 20 3  <nil>}": {"Key":"from","Type":15,"Integer":0,"String":"c","Interface":null}}
2025-08-15T22:13:15.676-0500	DEBUG	protocol/handler.go:1649	have all messages and processed	{"{round 20 3  <nil>}": {"Key":"self","Type":15,"Integer":0,"String":"b","Interface":null}}
2025-08-15T22:13:15.676-0500	DEBUG	protocol/handler.go:596	round already finalized
2025-08-15T22:13:15.676-0500	DEBUG	protocol/handler.go:1591	have processed broadcast	{"{round 20 3  <nil>}": {"Key":"from","Type":15,"Integer":0,"String":"b","Interface":null}}
2025-08-15T22:13:15.677-0500	DEBUG	protocol/handler.go:1591	have processed broadcast	{"{round 20 3  <nil>}": {"Key":"from","Type":15,"Integer":0,"String":"c","Interface":null}}
2025-08-15T22:13:15.677-0500	DEBUG	protocol/handler.go:1649	have all messages and processed	{"{round 20 3  <nil>}": {"Key":"self","Type":15,"Integer":0,"String":"a","Interface":null}}
2025-08-15T22:13:15.678-0500	DEBUG	protocol/handler.go:596	round already finalized
2025-08-15T22:13:15.678-0500	DEBUG	protocol/handler.go:581	tryAdvanceRound called	{"{current_round 20 3  <nil>}": {"Key":"self","Type":15,"Integer":0,"String":"a","Interface":null}}
2025-08-15T22:13:15.678-0500	DEBUG	protocol/handler.go:1591	have processed broadcast	{"{round 20 3  <nil>}": {"Key":"from","Type":15,"Integer":0,"String":"b","Interface":null}}
2025-08-15T22:13:15.678-0500	DEBUG	protocol/handler.go:1591	have processed broadcast	{"{round 20 3  <nil>}": {"Key":"from","Type":15,"Integer":0,"String":"c","Interface":null}}
2025-08-15T22:13:15.678-0500	DEBUG	protocol/handler.go:1649	have all messages and processed	{"{round 20 3  <nil>}": {"Key":"self","Type":15,"Integer":0,"String":"a","Interface":null}}
2025-08-15T22:13:15.678-0500	DEBUG	protocol/handler.go:596	round already finalized
2025-08-15T22:13:15.676-0500	DEBUG	protocol/handler.go:581	tryAdvanceRound called	{"{current_round 20 3  <nil>}": {"Key":"self","Type":15,"Integer":0,"String":"c","Interface":null}}
2025-08-15T22:13:15.681-0500	DEBUG	protocol/handler.go:1591	have processed broadcast	{"{round 20 3  <nil>}": {"Key":"from","Type":15,"Integer":0,"String":"a","Interface":null}}
2025-08-15T22:13:15.682-0500	DEBUG	protocol/handler.go:1591	have processed broadcast	{"{round 20 3  <nil>}": {"Key":"from","Type":15,"Integer":0,"String":"b","Interface":null}}
2025-08-15T22:13:15.682-0500	DEBUG	protocol/handler.go:1649	have all messages and processed	{"{round 20 3  <nil>}": {"Key":"self","Type":15,"Integer":0,"String":"c","Interface":null}}
2025-08-15T22:13:15.687-0500	DEBUG	protocol/handler.go:596	round already finalized
2025-08-15T22:13:15.687-0500	DEBUG	protocol/handler.go:581	tryAdvanceRound called	{"{current_round 20 3  <nil>}": {"Key":"self","Type":15,"Integer":0,"String":"c","Interface":null}}
2025-08-15T22:13:15.687-0500	DEBUG	protocol/handler.go:1591	have processed broadcast	{"{round 20 3  <nil>}": {"Key":"from","Type":15,"Integer":0,"String":"a","Interface":null}}
2025-08-15T22:13:15.687-0500	DEBUG	protocol/handler.go:1591	have processed broadcast	{"{round 20 3  <nil>}": {"Key":"from","Type":15,"Integer":0,"String":"b","Interface":null}}
2025-08-15T22:13:15.687-0500	DEBUG	protocol/handler.go:1649	have all messages and processed	{"{round 20 3  <nil>}": {"Key":"self","Type":15,"Integer":0,"String":"c","Interface":null}}
2025-08-15T22:13:15.687-0500	DEBUG	protocol/handler.go:596	round already finalized
2025-08-15T22:13:15.691-0500	DEBUG	protocol/handler.go:581	tryAdvanceRound called	{"{current_round 20 3  <nil>}": {"Key":"self","Type":15,"Integer":0,"String":"c","Interface":null}}
2025-08-15T22:13:15.691-0500	DEBUG	protocol/handler.go:1591	have processed broadcast	{"{round 20 3  <nil>}": {"Key":"from","Type":15,"Integer":0,"String":"a","Interface":null}}
2025-08-15T22:13:15.691-0500	DEBUG	protocol/handler.go:1591	have processed broadcast	{"{round 20 3  <nil>}": {"Key":"from","Type":15,"Integer":0,"String":"b","Interface":null}}
2025-08-15T22:13:15.691-0500	DEBUG	protocol/handler.go:1649	have all messages and processed	{"{round 20 3  <nil>}": {"Key":"self","Type":15,"Integer":0,"String":"c","Interface":null}}
2025-08-15T22:13:15.691-0500	DEBUG	protocol/handler.go:596	round already finalized
2025-08-15T22:13:15.701-0500	DEBUG	protocol/handler.go:581	tryAdvanceRound called	{"{current_round 20 3  <nil>}": {"Key":"self","Type":15,"Integer":0,"String":"b","Interface":null}}
2025-08-15T22:13:15.701-0500	DEBUG	protocol/handler.go:1591	have processed broadcast	{"{round 20 3  <nil>}": {"Key":"from","Type":15,"Integer":0,"String":"a","Interface":null}}
2025-08-15T22:13:15.701-0500	DEBUG	protocol/handler.go:1591	have processed broadcast	{"{round 20 3  <nil>}": {"Key":"from","Type":15,"Integer":0,"String":"c","Interface":null}}
2025-08-15T22:13:15.701-0500	DEBUG	protocol/handler.go:1649	have all messages and processed	{"{round 20 3  <nil>}": {"Key":"self","Type":15,"Integer":0,"String":"b","Interface":null}}
2025-08-15T22:13:15.701-0500	DEBUG	protocol/handler.go:596	round already finalized
2025-08-15T22:13:15.724-0500	DEBUG	protocol/handler.go:581	tryAdvanceRound called	{"{current_round 20 3  <nil>}": {"Key":"self","Type":15,"Integer":0,"String":"b","Interface":null}}
2025-08-15T22:13:15.730-0500	DEBUG	protocol/handler.go:581	tryAdvanceRound called	{"{current_round 20 3  <nil>}": {"Key":"self","Type":15,"Integer":0,"String":"a","Interface":null}}
2025-08-15T22:13:15.731-0500	DEBUG	protocol/handler.go:1591	have processed broadcast	{"{round 20 3  <nil>}": {"Key":"from","Type":15,"Integer":0,"String":"b","Interface":null}}
2025-08-15T22:13:15.731-0500	DEBUG	protocol/handler.go:1591	have processed broadcast	{"{round 20 3  <nil>}": {"Key":"from","Type":15,"Integer":0,"String":"c","Interface":null}}
2025-08-15T22:13:15.731-0500	DEBUG	protocol/handler.go:1649	have all messages and processed	{"{round 20 3  <nil>}": {"Key":"self","Type":15,"Integer":0,"String":"a","Interface":null}}
2025-08-15T22:13:15.731-0500	DEBUG	protocol/handler.go:596	round already finalized
2025-08-15T22:13:15.731-0500	DEBUG	protocol/handler.go:581	tryAdvanceRound called	{"{current_round 20 3  <nil>}": {"Key":"self","Type":15,"Integer":0,"String":"a","Interface":null}}
2025-08-15T22:13:15.731-0500	DEBUG	protocol/handler.go:1591	have processed broadcast	{"{round 20 3  <nil>}": {"Key":"from","Type":15,"Integer":0,"String":"b","Interface":null}}
2025-08-15T22:13:15.731-0500	DEBUG	protocol/handler.go:1591	have processed broadcast	{"{round 20 3  <nil>}": {"Key":"from","Type":15,"Integer":0,"String":"c","Interface":null}}
2025-08-15T22:13:15.731-0500	DEBUG	protocol/handler.go:1649	have all messages and processed	{"{round 20 3  <nil>}": {"Key":"self","Type":15,"Integer":0,"String":"a","Interface":null}}
2025-08-15T22:13:15.731-0500	DEBUG	protocol/handler.go:596	round already finalized
2025-08-15T22:13:15.731-0500	DEBUG	protocol/handler.go:581	tryAdvanceRound called	{"{current_round 20 3  <nil>}": {"Key":"self","Type":15,"Integer":0,"String":"a","Interface":null}}
2025-08-15T22:13:15.731-0500	DEBUG	protocol/handler.go:1591	have processed broadcast	{"{round 20 3  <nil>}": {"Key":"from","Type":15,"Integer":0,"String":"b","Interface":null}}
2025-08-15T22:13:15.731-0500	DEBUG	protocol/handler.go:1591	have processed broadcast	{"{round 20 3  <nil>}": {"Key":"from","Type":15,"Integer":0,"String":"c","Interface":null}}
2025-08-15T22:13:15.732-0500	DEBUG	protocol/handler.go:1649	have all messages and processed	{"{round 20 3  <nil>}": {"Key":"self","Type":15,"Integer":0,"String":"a","Interface":null}}
2025-08-15T22:13:15.725-0500	DEBUG	protocol/handler.go:1591	have processed broadcast	{"{round 20 3  <nil>}": {"Key":"from","Type":15,"Integer":0,"String":"a","Interface":null}}
2025-08-15T22:13:15.733-0500	DEBUG	protocol/handler.go:1591	have processed broadcast	{"{round 20 3  <nil>}": {"Key":"from","Type":15,"Integer":0,"String":"c","Interface":null}}
2025-08-15T22:13:15.734-0500	DEBUG	protocol/handler.go:1649	have all messages and processed	{"{round 20 3  <nil>}": {"Key":"self","Type":15,"Integer":0,"String":"b","Interface":null}}
2025-08-15T22:13:15.734-0500	DEBUG	protocol/handler.go:596	round already finalized
2025-08-15T22:13:15.734-0500	DEBUG	protocol/handler.go:581	tryAdvanceRound called	{"{current_round 20 3  <nil>}": {"Key":"self","Type":15,"Integer":0,"String":"b","Interface":null}}
2025-08-15T22:13:15.734-0500	DEBUG	protocol/handler.go:1591	have processed broadcast	{"{round 20 3  <nil>}": {"Key":"from","Type":15,"Integer":0,"String":"a","Interface":null}}
2025-08-15T22:13:15.734-0500	DEBUG	protocol/handler.go:1591	have processed broadcast	{"{round 20 3  <nil>}": {"Key":"from","Type":15,"Integer":0,"String":"c","Interface":null}}
2025-08-15T22:13:15.734-0500	DEBUG	protocol/handler.go:1649	have all messages and processed	{"{round 20 3  <nil>}": {"Key":"self","Type":15,"Integer":0,"String":"b","Interface":null}}
2025-08-15T22:13:15.734-0500	DEBUG	protocol/handler.go:596	round already finalized
2025-08-15T22:13:15.733-0500	DEBUG	protocol/handler.go:596	round already finalized
2025-08-15T22:13:15.740-0500	DEBUG	protocol/handler.go:581	tryAdvanceRound called	{"{current_round 20 3  <nil>}": {"Key":"self","Type":15,"Integer":0,"String":"c","Interface":null}}
2025-08-15T22:13:15.784-0500	DEBUG	protocol/handler.go:581	tryAdvanceRound called	{"{current_round 20 3  <nil>}": {"Key":"self","Type":15,"Integer":0,"String":"b","Interface":null}}
2025-08-15T22:13:15.785-0500	DEBUG	protocol/handler.go:1591	have processed broadcast	{"{round 20 3  <nil>}": {"Key":"from","Type":15,"Integer":0,"String":"a","Interface":null}}
2025-08-15T22:13:15.785-0500	DEBUG	protocol/handler.go:1591	have processed broadcast	{"{round 20 3  <nil>}": {"Key":"from","Type":15,"Integer":0,"String":"c","Interface":null}}
2025-08-15T22:13:15.785-0500	DEBUG	protocol/handler.go:1649	have all messages and processed	{"{round 20 3  <nil>}": {"Key":"self","Type":15,"Integer":0,"String":"b","Interface":null}}
2025-08-15T22:13:15.785-0500	DEBUG	protocol/handler.go:596	round already finalized
2025-08-15T22:13:15.785-0500	DEBUG	protocol/handler.go:581	tryAdvanceRound called	{"{current_round 20 3  <nil>}": {"Key":"self","Type":15,"Integer":0,"String":"b","Interface":null}}
2025-08-15T22:13:15.785-0500	DEBUG	protocol/handler.go:1591	have processed broadcast	{"{round 20 3  <nil>}": {"Key":"from","Type":15,"Integer":0,"String":"a","Interface":null}}
2025-08-15T22:13:15.785-0500	DEBUG	protocol/handler.go:1591	have processed broadcast	{"{round 20 3  <nil>}": {"Key":"from","Type":15,"Integer":0,"String":"c","Interface":null}}
2025-08-15T22:13:15.785-0500	DEBUG	protocol/handler.go:1649	have all messages and processed	{"{round 20 3  <nil>}": {"Key":"self","Type":15,"Integer":0,"String":"b","Interface":null}}
2025-08-15T22:13:15.785-0500	DEBUG	protocol/handler.go:596	round already finalized
2025-08-15T22:13:15.748-0500	DEBUG	protocol/handler.go:1591	have processed broadcast	{"{round 20 3  <nil>}": {"Key":"from","Type":15,"Integer":0,"String":"a","Interface":null}}
2025-08-15T22:13:15.798-0500	DEBUG	protocol/handler.go:1591	have processed broadcast	{"{round 20 3  <nil>}": {"Key":"from","Type":15,"Integer":0,"String":"b","Interface":null}}
2025-08-15T22:13:15.798-0500	DEBUG	protocol/handler.go:1649	have all messages and processed	{"{round 20 3  <nil>}": {"Key":"self","Type":15,"Integer":0,"String":"c","Interface":null}}
2025-08-15T22:13:15.798-0500	DEBUG	protocol/handler.go:596	round already finalized
2025-08-15T22:13:15.798-0500	DEBUG	protocol/handler.go:581	tryAdvanceRound called	{"{current_round 20 3  <nil>}": {"Key":"self","Type":15,"Integer":0,"String":"c","Interface":null}}
2025-08-15T22:13:15.798-0500	DEBUG	protocol/handler.go:1591	have processed broadcast	{"{round 20 3  <nil>}": {"Key":"from","Type":15,"Integer":0,"String":"a","Interface":null}}
2025-08-15T22:13:15.798-0500	DEBUG	protocol/handler.go:1591	have processed broadcast	{"{round 20 3  <nil>}": {"Key":"from","Type":15,"Integer":0,"String":"b","Interface":null}}
2025-08-15T22:13:15.798-0500	DEBUG	protocol/handler.go:1649	have all messages and processed	{"{round 20 3  <nil>}": {"Key":"self","Type":15,"Integer":0,"String":"c","Interface":null}}
2025-08-15T22:13:15.801-0500	DEBUG	protocol/handler.go:596	round already finalized
2025-08-15T22:13:15.801-0500	DEBUG	protocol/handler.go:581	tryAdvanceRound called	{"{current_round 20 3  <nil>}": {"Key":"self","Type":15,"Integer":0,"String":"c","Interface":null}}
2025-08-15T22:13:15.803-0500	DEBUG	protocol/handler.go:1591	have processed broadcast	{"{round 20 3  <nil>}": {"Key":"from","Type":15,"Integer":0,"String":"a","Interface":null}}
2025-08-15T22:13:15.803-0500	DEBUG	protocol/handler.go:1591	have processed broadcast	{"{round 20 3  <nil>}": {"Key":"from","Type":15,"Integer":0,"String":"b","Interface":null}}
2025-08-15T22:13:15.764-0500	DEBUG	protocol/handler.go:581	tryAdvanceRound called	{"{current_round 20 3  <nil>}": {"Key":"self","Type":15,"Integer":0,"String":"a","Interface":null}}
2025-08-15T22:13:15.812-0500	DEBUG	protocol/handler.go:1591	have processed broadcast	{"{round 20 3  <nil>}": {"Key":"from","Type":15,"Integer":0,"String":"b","Interface":null}}
2025-08-15T22:13:15.812-0500	DEBUG	protocol/handler.go:1591	have processed broadcast	{"{round 20 3  <nil>}": {"Key":"from","Type":15,"Integer":0,"String":"c","Interface":null}}
2025-08-15T22:13:15.812-0500	DEBUG	protocol/handler.go:1649	have all messages and processed	{"{round 20 3  <nil>}": {"Key":"self","Type":15,"Integer":0,"String":"a","Interface":null}}
2025-08-15T22:13:15.812-0500	DEBUG	protocol/handler.go:596	round already finalized
2025-08-15T22:13:15.812-0500	DEBUG	protocol/handler.go:581	tryAdvanceRound called	{"{current_round 20 3  <nil>}": {"Key":"self","Type":15,"Integer":0,"String":"a","Interface":null}}
2025-08-15T22:13:15.812-0500	DEBUG	protocol/handler.go:1591	have processed broadcast	{"{round 20 3  <nil>}": {"Key":"from","Type":15,"Integer":0,"String":"b","Interface":null}}
2025-08-15T22:13:15.812-0500	DEBUG	protocol/handler.go:1591	have processed broadcast	{"{round 20 3  <nil>}": {"Key":"from","Type":15,"Integer":0,"String":"c","Interface":null}}
2025-08-15T22:13:15.812-0500	DEBUG	protocol/handler.go:1649	have all messages and processed	{"{round 20 3  <nil>}": {"Key":"self","Type":15,"Integer":0,"String":"a","Interface":null}}
2025-08-15T22:13:15.812-0500	DEBUG	protocol/handler.go:596	round already finalized
2025-08-15T22:13:15.810-0500	DEBUG	protocol/handler.go:1649	have all messages and processed	{"{round 20 3  <nil>}": {"Key":"self","Type":15,"Integer":0,"String":"c","Interface":null}}
2025-08-15T22:13:15.814-0500	DEBUG	protocol/handler.go:596	round already finalized
2025-08-15T22:13:15.814-0500	DEBUG	protocol/handler.go:581	tryAdvanceRound called	{"{current_round 20 3  <nil>}": {"Key":"self","Type":15,"Integer":0,"String":"c","Interface":null}}
2025-08-15T22:13:15.831-0500	DEBUG	protocol/handler.go:581	tryAdvanceRound called	{"{current_round 20 3  <nil>}": {"Key":"self","Type":15,"Integer":0,"String":"b","Interface":null}}
2025-08-15T22:13:15.831-0500	DEBUG	protocol/handler.go:1591	have processed broadcast	{"{round 20 3  <nil>}": {"Key":"from","Type":15,"Integer":0,"String":"a","Interface":null}}
2025-08-15T22:13:15.831-0500	DEBUG	protocol/handler.go:1591	have processed broadcast	{"{round 20 3  <nil>}": {"Key":"from","Type":15,"Integer":0,"String":"c","Interface":null}}
2025-08-15T22:13:15.832-0500	DEBUG	protocol/handler.go:1649	have all messages and processed	{"{round 20 3  <nil>}": {"Key":"self","Type":15,"Integer":0,"String":"b","Interface":null}}
2025-08-15T22:13:15.832-0500	DEBUG	protocol/handler.go:596	round already finalized
2025-08-15T22:13:15.832-0500	DEBUG	protocol/handler.go:581	tryAdvanceRound called	{"{current_round 20 3  <nil>}": {"Key":"self","Type":15,"Integer":0,"String":"b","Interface":null}}
2025-08-15T22:13:15.832-0500	DEBUG	protocol/handler.go:1591	have processed broadcast	{"{round 20 3  <nil>}": {"Key":"from","Type":15,"Integer":0,"String":"a","Interface":null}}
2025-08-15T22:13:15.832-0500	DEBUG	protocol/handler.go:1591	have processed broadcast	{"{round 20 3  <nil>}": {"Key":"from","Type":15,"Integer":0,"String":"c","Interface":null}}
2025-08-15T22:13:15.832-0500	DEBUG	protocol/handler.go:1649	have all messages and processed	{"{round 20 3  <nil>}": {"Key":"self","Type":15,"Integer":0,"String":"b","Interface":null}}
2025-08-15T22:13:15.832-0500	DEBUG	protocol/handler.go:596	round already finalized
2025-08-15T22:13:15.831-0500	DEBUG	protocol/handler.go:581	tryAdvanceRound called	{"{current_round 20 3  <nil>}": {"Key":"self","Type":15,"Integer":0,"String":"a","Interface":null}}
2025-08-15T22:13:15.832-0500	DEBUG	protocol/handler.go:1591	have processed broadcast	{"{round 20 3  <nil>}": {"Key":"from","Type":15,"Integer":0,"String":"b","Interface":null}}
2025-08-15T22:13:15.832-0500	DEBUG	protocol/handler.go:1591	have processed broadcast	{"{round 20 3  <nil>}": {"Key":"from","Type":15,"Integer":0,"String":"c","Interface":null}}
2025-08-15T22:13:15.832-0500	DEBUG	protocol/handler.go:1649	have all messages and processed	{"{round 20 3  <nil>}": {"Key":"self","Type":15,"Integer":0,"String":"a","Interface":null}}
2025-08-15T22:13:15.832-0500	DEBUG	protocol/handler.go:596	round already finalized
2025-08-15T22:13:15.854-0500	DEBUG	protocol/handler.go:581	tryAdvanceRound called	{"{current_round 20 3  <nil>}": {"Key":"self","Type":15,"Integer":0,"String":"a","Interface":null}}
2025-08-15T22:13:15.854-0500	DEBUG	protocol/handler.go:1591	have processed broadcast	{"{round 20 3  <nil>}": {"Key":"from","Type":15,"Integer":0,"String":"b","Interface":null}}
2025-08-15T22:13:15.854-0500	DEBUG	protocol/handler.go:1591	have processed broadcast	{"{round 20 3  <nil>}": {"Key":"from","Type":15,"Integer":0,"String":"c","Interface":null}}
2025-08-15T22:13:15.854-0500	DEBUG	protocol/handler.go:1649	have all messages and processed	{"{round 20 3  <nil>}": {"Key":"self","Type":15,"Integer":0,"String":"a","Interface":null}}
2025-08-15T22:13:15.854-0500	DEBUG	protocol/handler.go:596	round already finalized
2025-08-15T22:13:15.879-0500	DEBUG	protocol/handler.go:581	tryAdvanceRound called	{"{current_round 20 3  <nil>}": {"Key":"self","Type":15,"Integer":0,"String":"b","Interface":null}}
2025-08-15T22:13:15.879-0500	DEBUG	protocol/handler.go:1591	have processed broadcast	{"{round 20 3  <nil>}": {"Key":"from","Type":15,"Integer":0,"String":"a","Interface":null}}
2025-08-15T22:13:15.879-0500	DEBUG	protocol/handler.go:1591	have processed broadcast	{"{round 20 3  <nil>}": {"Key":"from","Type":15,"Integer":0,"String":"c","Interface":null}}
2025-08-15T22:13:15.879-0500	DEBUG	protocol/handler.go:1649	have all messages and processed	{"{round 20 3  <nil>}": {"Key":"self","Type":15,"Integer":0,"String":"b","Interface":null}}
2025-08-15T22:13:15.879-0500	DEBUG	protocol/handler.go:596	round already finalized
2025-08-15T22:13:15.879-0500	DEBUG	protocol/handler.go:581	tryAdvanceRound called	{"{current_round 20 3  <nil>}": {"Key":"self","Type":15,"Integer":0,"String":"b","Interface":null}}
2025-08-15T22:13:15.879-0500	DEBUG	protocol/handler.go:1591	have processed broadcast	{"{round 20 3  <nil>}": {"Key":"from","Type":15,"Integer":0,"String":"a","Interface":null}}
2025-08-15T22:13:15.879-0500	DEBUG	protocol/handler.go:1591	have processed broadcast	{"{round 20 3  <nil>}": {"Key":"from","Type":15,"Integer":0,"String":"c","Interface":null}}
2025-08-15T22:13:15.879-0500	DEBUG	protocol/handler.go:1649	have all messages and processed	{"{round 20 3  <nil>}": {"Key":"self","Type":15,"Integer":0,"String":"b","Interface":null}}
2025-08-15T22:13:15.879-0500	DEBUG	protocol/handler.go:596	round already finalized
2025-08-15T22:13:15.903-0500	DEBUG	protocol/handler.go:581	tryAdvanceRound called	{"{current_round 20 3  <nil>}": {"Key":"self","Type":15,"Integer":0,"String":"b","Interface":null}}
2025-08-15T22:13:15.903-0500	DEBUG	protocol/handler.go:1591	have processed broadcast	{"{round 20 3  <nil>}": {"Key":"from","Type":15,"Integer":0,"String":"a","Interface":null}}
2025-08-15T22:13:15.903-0500	DEBUG	protocol/handler.go:1591	have processed broadcast	{"{round 20 3  <nil>}": {"Key":"from","Type":15,"Integer":0,"String":"c","Interface":null}}
2025-08-15T22:13:15.904-0500	DEBUG	protocol/handler.go:1649	have all messages and processed	{"{round 20 3  <nil>}": {"Key":"self","Type":15,"Integer":0,"String":"b","Interface":null}}
2025-08-15T22:13:15.904-0500	DEBUG	protocol/handler.go:596	round already finalized
2025-08-15T22:13:15.902-0500	DEBUG	protocol/handler.go:1591	have processed broadcast	{"{round 20 3  <nil>}": {"Key":"from","Type":15,"Integer":0,"String":"a","Interface":null}}
2025-08-15T22:13:15.905-0500	DEBUG	protocol/handler.go:1591	have processed broadcast	{"{round 20 3  <nil>}": {"Key":"from","Type":15,"Integer":0,"String":"b","Interface":null}}
2025-08-15T22:13:15.905-0500	DEBUG	protocol/handler.go:1649	have all messages and processed	{"{round 20 3  <nil>}": {"Key":"self","Type":15,"Integer":0,"String":"c","Interface":null}}
2025-08-15T22:13:15.905-0500	DEBUG	protocol/handler.go:596	round already finalized
2025-08-15T22:13:15.905-0500	DEBUG	protocol/handler.go:581	tryAdvanceRound called	{"{current_round 20 3  <nil>}": {"Key":"self","Type":15,"Integer":0,"String":"c","Interface":null}}
2025-08-15T22:13:15.906-0500	DEBUG	protocol/handler.go:1591	have processed broadcast	{"{round 20 3  <nil>}": {"Key":"from","Type":15,"Integer":0,"String":"a","Interface":null}}
2025-08-15T22:13:15.906-0500	DEBUG	protocol/handler.go:1591	have processed broadcast	{"{round 20 3  <nil>}": {"Key":"from","Type":15,"Integer":0,"String":"b","Interface":null}}
2025-08-15T22:13:15.906-0500	DEBUG	protocol/handler.go:1649	have all messages and processed	{"{round 20 3  <nil>}": {"Key":"self","Type":15,"Integer":0,"String":"c","Interface":null}}
2025-08-15T22:13:15.906-0500	DEBUG	protocol/handler.go:596	round already finalized
2025-08-15T22:13:15.930-0500	DEBUG	protocol/handler.go:581	tryAdvanceRound called	{"{current_round 20 3  <nil>}": {"Key":"self","Type":15,"Integer":0,"String":"b","Interface":null}}
2025-08-15T22:13:15.930-0500	DEBUG	protocol/handler.go:1591	have processed broadcast	{"{round 20 3  <nil>}": {"Key":"from","Type":15,"Integer":0,"String":"a","Interface":null}}
2025-08-15T22:13:15.931-0500	DEBUG	protocol/handler.go:1591	have processed broadcast	{"{round 20 3  <nil>}": {"Key":"from","Type":15,"Integer":0,"String":"c","Interface":null}}
2025-08-15T22:13:15.931-0500	DEBUG	protocol/handler.go:1649	have all messages and processed	{"{round 20 3  <nil>}": {"Key":"self","Type":15,"Integer":0,"String":"b","Interface":null}}
2025-08-15T22:13:15.931-0500	DEBUG	protocol/handler.go:596	round already finalized
2025-08-15T22:13:15.927-0500	DEBUG	protocol/handler.go:581	tryAdvanceRound called	{"{current_round 20 3  <nil>}": {"Key":"self","Type":15,"Integer":0,"String":"c","Interface":null}}
2025-08-15T22:13:15.933-0500	DEBUG	protocol/handler.go:1591	have processed broadcast	{"{round 20 3  <nil>}": {"Key":"from","Type":15,"Integer":0,"String":"a","Interface":null}}
2025-08-15T22:13:15.933-0500	DEBUG	protocol/handler.go:1591	have processed broadcast	{"{round 20 3  <nil>}": {"Key":"from","Type":15,"Integer":0,"String":"b","Interface":null}}
2025-08-15T22:13:15.933-0500	DEBUG	protocol/handler.go:1649	have all messages and processed	{"{round 20 3  <nil>}": {"Key":"self","Type":15,"Integer":0,"String":"c","Interface":null}}
2025-08-15T22:13:15.933-0500	DEBUG	protocol/handler.go:596	round already finalized
2025-08-15T22:13:15.933-0500	DEBUG	protocol/handler.go:581	tryAdvanceRound called	{"{current_round 20 3  <nil>}": {"Key":"self","Type":15,"Integer":0,"String":"c","Interface":null}}
2025-08-15T22:13:15.933-0500	DEBUG	protocol/handler.go:1591	have processed broadcast	{"{round 20 3  <nil>}": {"Key":"from","Type":15,"Integer":0,"String":"a","Interface":null}}
2025-08-15T22:13:15.933-0500	DEBUG	protocol/handler.go:1591	have processed broadcast	{"{round 20 3  <nil>}": {"Key":"from","Type":15,"Integer":0,"String":"b","Interface":null}}
2025-08-15T22:13:15.933-0500	DEBUG	protocol/handler.go:1649	have all messages and processed	{"{round 20 3  <nil>}": {"Key":"self","Type":15,"Integer":0,"String":"c","Interface":null}}
2025-08-15T22:13:15.933-0500	DEBUG	protocol/handler.go:596	round already finalized
2025-08-15T22:13:15.951-0500	DEBUG	protocol/handler.go:581	tryAdvanceRound called	{"{current_round 20 3  <nil>}": {"Key":"self","Type":15,"Integer":0,"String":"c","Interface":null}}
2025-08-15T22:13:15.951-0500	DEBUG	protocol/handler.go:1591	have processed broadcast	{"{round 20 3  <nil>}": {"Key":"from","Type":15,"Integer":0,"String":"a","Interface":null}}
2025-08-15T22:13:15.951-0500	DEBUG	protocol/handler.go:1591	have processed broadcast	{"{round 20 3  <nil>}": {"Key":"from","Type":15,"Integer":0,"String":"b","Interface":null}}
2025-08-15T22:13:15.951-0500	DEBUG	protocol/handler.go:1649	have all messages and processed	{"{round 20 3  <nil>}": {"Key":"self","Type":15,"Integer":0,"String":"c","Interface":null}}
2025-08-15T22:13:15.951-0500	DEBUG	protocol/handler.go:596	round already finalized
2025-08-15T22:13:15.902-0500	DEBUG	protocol/handler.go:581	tryAdvanceRound called	{"{current_round 20 3  <nil>}": {"Key":"self","Type":15,"Integer":0,"String":"a","Interface":null}}
2025-08-15T22:13:15.951-0500	DEBUG	protocol/handler.go:1591	have processed broadcast	{"{round 20 3  <nil>}": {"Key":"from","Type":15,"Integer":0,"String":"b","Interface":null}}
2025-08-15T22:13:15.951-0500	DEBUG	protocol/handler.go:1591	have processed broadcast	{"{round 20 3  <nil>}": {"Key":"from","Type":15,"Integer":0,"String":"c","Interface":null}}
2025-08-15T22:13:15.951-0500	DEBUG	protocol/handler.go:1649	have all messages and processed	{"{round 20 3  <nil>}": {"Key":"self","Type":15,"Integer":0,"String":"a","Interface":null}}
2025-08-15T22:13:15.951-0500	DEBUG	protocol/handler.go:596	round already finalized
2025-08-15T22:13:15.951-0500	DEBUG	protocol/handler.go:581	tryAdvanceRound called	{"{current_round 20 3  <nil>}": {"Key":"self","Type":15,"Integer":0,"String":"a","Interface":null}}
2025-08-15T22:13:15.951-0500	DEBUG	protocol/handler.go:1591	have processed broadcast	{"{round 20 3  <nil>}": {"Key":"from","Type":15,"Integer":0,"String":"b","Interface":null}}
2025-08-15T22:13:15.951-0500	DEBUG	protocol/handler.go:1591	have processed broadcast	{"{round 20 3  <nil>}": {"Key":"from","Type":15,"Integer":0,"String":"c","Interface":null}}
2025-08-15T22:13:15.951-0500	DEBUG	protocol/handler.go:1649	have all messages and processed	{"{round 20 3  <nil>}": {"Key":"self","Type":15,"Integer":0,"String":"a","Interface":null}}
2025-08-15T22:13:15.951-0500	DEBUG	protocol/handler.go:596	round already finalized
2025-08-15T22:13:15.971-0500	DEBUG	protocol/handler.go:581	tryAdvanceRound called	{"{current_round 20 3  <nil>}": {"Key":"self","Type":15,"Integer":0,"String":"a","Interface":null}}
2025-08-15T22:13:15.971-0500	DEBUG	protocol/handler.go:1591	have processed broadcast	{"{round 20 3  <nil>}": {"Key":"from","Type":15,"Integer":0,"String":"b","Interface":null}}
2025-08-15T22:13:15.971-0500	DEBUG	protocol/handler.go:1591	have processed broadcast	{"{round 20 3  <nil>}": {"Key":"from","Type":15,"Integer":0,"String":"c","Interface":null}}
2025-08-15T22:13:15.971-0500	DEBUG	protocol/handler.go:1649	have all messages and processed	{"{round 20 3  <nil>}": {"Key":"self","Type":15,"Integer":0,"String":"a","Interface":null}}
2025-08-15T22:13:15.971-0500	DEBUG	protocol/handler.go:596	round already finalized
2025-08-15T22:13:15.971-0500	DEBUG	protocol/handler.go:581	tryAdvanceRound called	{"{current_round 20 3  <nil>}": {"Key":"self","Type":15,"Integer":0,"String":"c","Interface":null}}
2025-08-15T22:13:15.971-0500	DEBUG	protocol/handler.go:1591	have processed broadcast	{"{round 20 3  <nil>}": {"Key":"from","Type":15,"Integer":0,"String":"a","Interface":null}}
2025-08-15T22:13:15.972-0500	DEBUG	protocol/handler.go:1591	have processed broadcast	{"{round 20 3  <nil>}": {"Key":"from","Type":15,"Integer":0,"String":"b","Interface":null}}
2025-08-15T22:13:15.972-0500	DEBUG	protocol/handler.go:1649	have all messages and processed	{"{round 20 3  <nil>}": {"Key":"self","Type":15,"Integer":0,"String":"c","Interface":null}}
2025-08-15T22:13:15.972-0500	DEBUG	protocol/handler.go:596	round already finalized
2025-08-15T22:13:15.975-0500	DEBUG	protocol/handler.go:581	tryAdvanceRound called	{"{current_round 20 3  <nil>}": {"Key":"self","Type":15,"Integer":0,"String":"b","Interface":null}}
2025-08-15T22:13:15.975-0500	DEBUG	protocol/handler.go:1591	have processed broadcast	{"{round 20 3  <nil>}": {"Key":"from","Type":15,"Integer":0,"String":"a","Interface":null}}
2025-08-15T22:13:15.975-0500	DEBUG	protocol/handler.go:1591	have processed broadcast	{"{round 20 3  <nil>}": {"Key":"from","Type":15,"Integer":0,"String":"c","Interface":null}}
2025-08-15T22:13:15.975-0500	DEBUG	protocol/handler.go:1649	have all messages and processed	{"{round 20 3  <nil>}": {"Key":"self","Type":15,"Integer":0,"String":"b","Interface":null}}
2025-08-15T22:13:15.975-0500	DEBUG	protocol/handler.go:596	round already finalized
2025-08-15T22:13:15.993-0500	DEBUG	protocol/handler.go:581	tryAdvanceRound called	{"{current_round 20 3  <nil>}": {"Key":"self","Type":15,"Integer":0,"String":"a","Interface":null}}
2025-08-15T22:13:15.993-0500	DEBUG	protocol/handler.go:1591	have processed broadcast	{"{round 20 3  <nil>}": {"Key":"from","Type":15,"Integer":0,"String":"b","Interface":null}}
2025-08-15T22:13:15.993-0500	DEBUG	protocol/handler.go:1591	have processed broadcast	{"{round 20 3  <nil>}": {"Key":"from","Type":15,"Integer":0,"String":"c","Interface":null}}
2025-08-15T22:13:15.993-0500	DEBUG	protocol/handler.go:1649	have all messages and processed	{"{round 20 3  <nil>}": {"Key":"self","Type":15,"Integer":0,"String":"a","Interface":null}}
2025-08-15T22:13:15.993-0500	DEBUG	protocol/handler.go:596	round already finalized
2025-08-15T22:13:15.997-0500	DEBUG	protocol/handler.go:581	tryAdvanceRound called	{"{current_round 20 3  <nil>}": {"Key":"self","Type":15,"Integer":0,"String":"b","Interface":null}}
2025-08-15T22:13:15.997-0500	DEBUG	protocol/handler.go:1591	have processed broadcast	{"{round 20 3  <nil>}": {"Key":"from","Type":15,"Integer":0,"String":"a","Interface":null}}
2025-08-15T22:13:15.997-0500	DEBUG	protocol/handler.go:1591	have processed broadcast	{"{round 20 3  <nil>}": {"Key":"from","Type":15,"Integer":0,"String":"c","Interface":null}}
2025-08-15T22:13:15.997-0500	DEBUG	protocol/handler.go:1649	have all messages and processed	{"{round 20 3  <nil>}": {"Key":"self","Type":15,"Integer":0,"String":"b","Interface":null}}
2025-08-15T22:13:15.997-0500	DEBUG	protocol/handler.go:596	round already finalized
2025-08-15T22:13:16.040-0500	DEBUG	protocol/handler.go:581	tryAdvanceRound called	{"{current_round 20 3  <nil>}": {"Key":"self","Type":15,"Integer":0,"String":"b","Interface":null}}
2025-08-15T22:13:16.040-0500	DEBUG	protocol/handler.go:1591	have processed broadcast	{"{round 20 3  <nil>}": {"Key":"from","Type":15,"Integer":0,"String":"a","Interface":null}}
2025-08-15T22:13:16.040-0500	DEBUG	protocol/handler.go:1591	have processed broadcast	{"{round 20 3  <nil>}": {"Key":"from","Type":15,"Integer":0,"String":"c","Interface":null}}
2025-08-15T22:13:16.041-0500	DEBUG	protocol/handler.go:1649	have all messages and processed	{"{round 20 3  <nil>}": {"Key":"self","Type":15,"Integer":0,"String":"b","Interface":null}}
2025-08-15T22:13:16.041-0500	DEBUG	protocol/handler.go:596	round already finalized
2025-08-15T22:13:16.041-0500	DEBUG	protocol/handler.go:581	tryAdvanceRound called	{"{current_round 20 3  <nil>}": {"Key":"self","Type":15,"Integer":0,"String":"b","Interface":null}}
2025-08-15T22:13:16.041-0500	DEBUG	protocol/handler.go:1591	have processed broadcast	{"{round 20 3  <nil>}": {"Key":"from","Type":15,"Integer":0,"String":"a","Interface":null}}
2025-08-15T22:13:16.041-0500	DEBUG	protocol/handler.go:1591	have processed broadcast	{"{round 20 3  <nil>}": {"Key":"from","Type":15,"Integer":0,"String":"c","Interface":null}}
2025-08-15T22:13:16.041-0500	DEBUG	protocol/handler.go:1649	have all messages and processed	{"{round 20 3  <nil>}": {"Key":"self","Type":15,"Integer":0,"String":"b","Interface":null}}
2025-08-15T22:13:16.041-0500	DEBUG	protocol/handler.go:596	round already finalized
2025-08-15T22:13:16.051-0500	DEBUG	protocol/handler.go:581	tryAdvanceRound called	{"{current_round 20 3  <nil>}": {"Key":"self","Type":15,"Integer":0,"String":"c","Interface":null}}
2025-08-15T22:13:16.124-0500	DEBUG	protocol/handler.go:1591	have processed broadcast	{"{round 20 3  <nil>}": {"Key":"from","Type":15,"Integer":0,"String":"a","Interface":null}}
2025-08-15T22:13:16.124-0500	DEBUG	protocol/handler.go:1591	have processed broadcast	{"{round 20 3  <nil>}": {"Key":"from","Type":15,"Integer":0,"String":"b","Interface":null}}
2025-08-15T22:13:16.124-0500	DEBUG	protocol/handler.go:1649	have all messages and processed	{"{round 20 3  <nil>}": {"Key":"self","Type":15,"Integer":0,"String":"c","Interface":null}}
2025-08-15T22:13:16.124-0500	DEBUG	protocol/handler.go:596	round already finalized
2025-08-15T22:13:16.127-0500	DEBUG	protocol/handler.go:581	tryAdvanceRound called	{"{current_round 20 3  <nil>}": {"Key":"self","Type":15,"Integer":0,"String":"c","Interface":null}}
2025-08-15T22:13:16.127-0500	DEBUG	protocol/handler.go:1591	have processed broadcast	{"{round 20 3  <nil>}": {"Key":"from","Type":15,"Integer":0,"String":"a","Interface":null}}
2025-08-15T22:13:16.127-0500	DEBUG	protocol/handler.go:1591	have processed broadcast	{"{round 20 3  <nil>}": {"Key":"from","Type":15,"Integer":0,"String":"b","Interface":null}}
2025-08-15T22:13:16.127-0500	DEBUG	protocol/handler.go:1649	have all messages and processed	{"{round 20 3  <nil>}": {"Key":"self","Type":15,"Integer":0,"String":"c","Interface":null}}
2025-08-15T22:13:16.127-0500	DEBUG	protocol/handler.go:596	round already finalized
2025-08-15T22:13:16.087-0500	DEBUG	protocol/handler.go:581	tryAdvanceRound called	{"{current_round 20 3  <nil>}": {"Key":"self","Type":15,"Integer":0,"String":"b","Interface":null}}
2025-08-15T22:13:16.127-0500	DEBUG	protocol/handler.go:1591	have processed broadcast	{"{round 20 3  <nil>}": {"Key":"from","Type":15,"Integer":0,"String":"a","Interface":null}}
2025-08-15T22:13:16.127-0500	DEBUG	protocol/handler.go:1591	have processed broadcast	{"{round 20 3  <nil>}": {"Key":"from","Type":15,"Integer":0,"String":"c","Interface":null}}
2025-08-15T22:13:16.141-0500	DEBUG	protocol/handler.go:1649	have all messages and processed	{"{round 20 3  <nil>}": {"Key":"self","Type":15,"Integer":0,"String":"b","Interface":null}}
2025-08-15T22:13:16.036-0500	DEBUG	protocol/handler.go:581	tryAdvanceRound called	{"{current_round 20 3  <nil>}": {"Key":"self","Type":15,"Integer":0,"String":"a","Interface":null}}
2025-08-15T22:13:16.146-0500	DEBUG	protocol/handler.go:1591	have processed broadcast	{"{round 20 3  <nil>}": {"Key":"from","Type":15,"Integer":0,"String":"b","Interface":null}}
2025-08-15T22:13:16.146-0500	DEBUG	protocol/handler.go:1591	have processed broadcast	{"{round 20 3  <nil>}": {"Key":"from","Type":15,"Integer":0,"String":"c","Interface":null}}
2025-08-15T22:13:16.146-0500	DEBUG	protocol/handler.go:1649	have all messages and processed	{"{round 20 3  <nil>}": {"Key":"self","Type":15,"Integer":0,"String":"a","Interface":null}}
2025-08-15T22:13:16.146-0500	DEBUG	protocol/handler.go:596	round already finalized
2025-08-15T22:13:16.146-0500	DEBUG	protocol/handler.go:581	tryAdvanceRound called	{"{current_round 20 3  <nil>}": {"Key":"self","Type":15,"Integer":0,"String":"a","Interface":null}}
2025-08-15T22:13:16.146-0500	DEBUG	protocol/handler.go:1591	have processed broadcast	{"{round 20 3  <nil>}": {"Key":"from","Type":15,"Integer":0,"String":"b","Interface":null}}
2025-08-15T22:13:16.146-0500	DEBUG	protocol/handler.go:1591	have processed broadcast	{"{round 20 3  <nil>}": {"Key":"from","Type":15,"Integer":0,"String":"c","Interface":null}}
2025-08-15T22:13:16.147-0500	DEBUG	protocol/handler.go:1649	have all messages and processed	{"{round 20 3  <nil>}": {"Key":"self","Type":15,"Integer":0,"String":"a","Interface":null}}
2025-08-15T22:13:16.162-0500	DEBUG	protocol/handler.go:596	round already finalized
2025-08-15T22:13:16.162-0500	DEBUG	protocol/handler.go:581	tryAdvanceRound called	{"{current_round 20 3  <nil>}": {"Key":"self","Type":15,"Integer":0,"String":"a","Interface":null}}
2025-08-15T22:13:16.162-0500	DEBUG	protocol/handler.go:1591	have processed broadcast	{"{round 20 3  <nil>}": {"Key":"from","Type":15,"Integer":0,"String":"b","Interface":null}}
2025-08-15T22:13:16.162-0500	DEBUG	protocol/handler.go:1591	have processed broadcast	{"{round 20 3  <nil>}": {"Key":"from","Type":15,"Integer":0,"String":"c","Interface":null}}
2025-08-15T22:13:16.162-0500	DEBUG	protocol/handler.go:1649	have all messages and processed	{"{round 20 3  <nil>}": {"Key":"self","Type":15,"Integer":0,"String":"a","Interface":null}}
2025-08-15T22:13:16.162-0500	DEBUG	protocol/handler.go:596	round already finalized
2025-08-15T22:13:16.162-0500	DEBUG	protocol/handler.go:581	tryAdvanceRound called	{"{current_round 20 3  <nil>}": {"Key":"self","Type":15,"Integer":0,"String":"c","Interface":null}}
2025-08-15T22:13:16.163-0500	DEBUG	protocol/handler.go:1591	have processed broadcast	{"{round 20 3  <nil>}": {"Key":"from","Type":15,"Integer":0,"String":"a","Interface":null}}
2025-08-15T22:13:16.163-0500	DEBUG	protocol/handler.go:1591	have processed broadcast	{"{round 20 3  <nil>}": {"Key":"from","Type":15,"Integer":0,"String":"b","Interface":null}}
2025-08-15T22:13:16.163-0500	DEBUG	protocol/handler.go:1649	have all messages and processed	{"{round 20 3  <nil>}": {"Key":"self","Type":15,"Integer":0,"String":"c","Interface":null}}
2025-08-15T22:13:16.168-0500	DEBUG	protocol/handler.go:596	round already finalized
2025-08-15T22:13:16.168-0500	DEBUG	protocol/handler.go:581	tryAdvanceRound called	{"{current_round 20 3  <nil>}": {"Key":"self","Type":15,"Integer":0,"String":"c","Interface":null}}
2025-08-15T22:13:16.168-0500	DEBUG	protocol/handler.go:1591	have processed broadcast	{"{round 20 3  <nil>}": {"Key":"from","Type":15,"Integer":0,"String":"a","Interface":null}}
2025-08-15T22:13:16.168-0500	DEBUG	protocol/handler.go:1591	have processed broadcast	{"{round 20 3  <nil>}": {"Key":"from","Type":15,"Integer":0,"String":"b","Interface":null}}
2025-08-15T22:13:16.168-0500	DEBUG	protocol/handler.go:1649	have all messages and processed	{"{round 20 3  <nil>}": {"Key":"self","Type":15,"Integer":0,"String":"c","Interface":null}}
2025-08-15T22:13:16.168-0500	DEBUG	protocol/handler.go:596	round already finalized
2025-08-15T22:13:16.168-0500	DEBUG	protocol/handler.go:581	tryAdvanceRound called	{"{current_round 20 3  <nil>}": {"Key":"self","Type":15,"Integer":0,"String":"a","Interface":null}}
2025-08-15T22:13:16.168-0500	DEBUG	protocol/handler.go:1591	have processed broadcast	{"{round 20 3  <nil>}": {"Key":"from","Type":15,"Integer":0,"String":"b","Interface":null}}
2025-08-15T22:13:16.168-0500	DEBUG	protocol/handler.go:1591	have processed broadcast	{"{round 20 3  <nil>}": {"Key":"from","Type":15,"Integer":0,"String":"c","Interface":null}}
2025-08-15T22:13:16.168-0500	DEBUG	protocol/handler.go:1649	have all messages and processed	{"{round 20 3  <nil>}": {"Key":"self","Type":15,"Integer":0,"String":"a","Interface":null}}
2025-08-15T22:13:16.169-0500	DEBUG	protocol/handler.go:596	round already finalized
2025-08-15T22:13:16.204-0500	DEBUG	protocol/handler.go:581	tryAdvanceRound called	{"{current_round 20 3  <nil>}": {"Key":"self","Type":15,"Integer":0,"String":"c","Interface":null}}
2025-08-15T22:13:16.204-0500	DEBUG	protocol/handler.go:1591	have processed broadcast	{"{round 20 3  <nil>}": {"Key":"from","Type":15,"Integer":0,"String":"a","Interface":null}}
2025-08-15T22:13:16.204-0500	DEBUG	protocol/handler.go:1591	have processed broadcast	{"{round 20 3  <nil>}": {"Key":"from","Type":15,"Integer":0,"String":"b","Interface":null}}
2025-08-15T22:13:16.204-0500	DEBUG	protocol/handler.go:1649	have all messages and processed	{"{round 20 3  <nil>}": {"Key":"self","Type":15,"Integer":0,"String":"c","Interface":null}}
2025-08-15T22:13:16.204-0500	DEBUG	protocol/handler.go:596	round already finalized
2025-08-15T22:13:16.204-0500	DEBUG	protocol/handler.go:581	tryAdvanceRound called	{"{current_round 20 3  <nil>}": {"Key":"self","Type":15,"Integer":0,"String":"c","Interface":null}}
2025-08-15T22:13:16.205-0500	DEBUG	protocol/handler.go:1591	have processed broadcast	{"{round 20 3  <nil>}": {"Key":"from","Type":15,"Integer":0,"String":"a","Interface":null}}
2025-08-15T22:13:16.205-0500	DEBUG	protocol/handler.go:1591	have processed broadcast	{"{round 20 3  <nil>}": {"Key":"from","Type":15,"Integer":0,"String":"b","Interface":null}}
2025-08-15T22:13:16.205-0500	DEBUG	protocol/handler.go:1649	have all messages and processed	{"{round 20 3  <nil>}": {"Key":"self","Type":15,"Integer":0,"String":"c","Interface":null}}
2025-08-15T22:13:16.205-0500	DEBUG	protocol/handler.go:596	round already finalized
2025-08-15T22:13:16.205-0500	DEBUG	protocol/handler.go:581	tryAdvanceRound called	{"{current_round 20 3  <nil>}": {"Key":"self","Type":15,"Integer":0,"String":"a","Interface":null}}
2025-08-15T22:13:16.205-0500	DEBUG	protocol/handler.go:1591	have processed broadcast	{"{round 20 3  <nil>}": {"Key":"from","Type":15,"Integer":0,"String":"b","Interface":null}}
2025-08-15T22:13:16.205-0500	DEBUG	protocol/handler.go:1591	have processed broadcast	{"{round 20 3  <nil>}": {"Key":"from","Type":15,"Integer":0,"String":"c","Interface":null}}
2025-08-15T22:13:16.205-0500	DEBUG	protocol/handler.go:1649	have all messages and processed	{"{round 20 3  <nil>}": {"Key":"self","Type":15,"Integer":0,"String":"a","Interface":null}}
2025-08-15T22:13:16.205-0500	DEBUG	protocol/handler.go:596	round already finalized
2025-08-15T22:13:16.205-0500	DEBUG	protocol/handler.go:581	tryAdvanceRound called	{"{current_round 20 3  <nil>}": {"Key":"self","Type":15,"Integer":0,"String":"a","Interface":null}}
2025-08-15T22:13:16.205-0500	DEBUG	protocol/handler.go:1591	have processed broadcast	{"{round 20 3  <nil>}": {"Key":"from","Type":15,"Integer":0,"String":"b","Interface":null}}
2025-08-15T22:13:16.205-0500	DEBUG	protocol/handler.go:1591	have processed broadcast	{"{round 20 3  <nil>}": {"Key":"from","Type":15,"Integer":0,"String":"c","Interface":null}}
2025-08-15T22:13:16.205-0500	DEBUG	protocol/handler.go:1649	have all messages and processed	{"{round 20 3  <nil>}": {"Key":"self","Type":15,"Integer":0,"String":"a","Interface":null}}
2025-08-15T22:13:16.205-0500	DEBUG	protocol/handler.go:596	round already finalized
2025-08-15T22:13:16.141-0500	DEBUG	protocol/handler.go:596	round already finalized
2025-08-15T22:13:16.218-0500	DEBUG	protocol/handler.go:581	tryAdvanceRound called	{"{current_round 20 3  <nil>}": {"Key":"self","Type":15,"Integer":0,"String":"b","Interface":null}}
2025-08-15T22:13:16.218-0500	DEBUG	protocol/handler.go:1591	have processed broadcast	{"{round 20 3  <nil>}": {"Key":"from","Type":15,"Integer":0,"String":"a","Interface":null}}
2025-08-15T22:13:16.218-0500	DEBUG	protocol/handler.go:1591	have processed broadcast	{"{round 20 3  <nil>}": {"Key":"from","Type":15,"Integer":0,"String":"c","Interface":null}}
2025-08-15T22:13:16.218-0500	DEBUG	protocol/handler.go:1649	have all messages and processed	{"{round 20 3  <nil>}": {"Key":"self","Type":15,"Integer":0,"String":"b","Interface":null}}
2025-08-15T22:13:16.218-0500	DEBUG	protocol/handler.go:596	round already finalized
2025-08-15T22:13:16.228-0500	DEBUG	protocol/handler.go:581	tryAdvanceRound called	{"{current_round 20 3  <nil>}": {"Key":"self","Type":15,"Integer":0,"String":"a","Interface":null}}
2025-08-15T22:13:16.228-0500	DEBUG	protocol/handler.go:1591	have processed broadcast	{"{round 20 3  <nil>}": {"Key":"from","Type":15,"Integer":0,"String":"b","Interface":null}}
2025-08-15T22:13:16.228-0500	DEBUG	protocol/handler.go:1591	have processed broadcast	{"{round 20 3  <nil>}": {"Key":"from","Type":15,"Integer":0,"String":"c","Interface":null}}
2025-08-15T22:13:16.228-0500	DEBUG	protocol/handler.go:1649	have all messages and processed	{"{round 20 3  <nil>}": {"Key":"self","Type":15,"Integer":0,"String":"a","Interface":null}}
2025-08-15T22:13:16.228-0500	DEBUG	protocol/handler.go:596	round already finalized
2025-08-15T22:13:16.252-0500	DEBUG	protocol/handler.go:581	tryAdvanceRound called	{"{current_round 20 3  <nil>}": {"Key":"self","Type":15,"Integer":0,"String":"a","Interface":null}}
2025-08-15T22:13:16.252-0500	DEBUG	protocol/handler.go:1591	have processed broadcast	{"{round 20 3  <nil>}": {"Key":"from","Type":15,"Integer":0,"String":"b","Interface":null}}
2025-08-15T22:13:16.252-0500	DEBUG	protocol/handler.go:1591	have processed broadcast	{"{round 20 3  <nil>}": {"Key":"from","Type":15,"Integer":0,"String":"c","Interface":null}}
2025-08-15T22:13:16.252-0500	DEBUG	protocol/handler.go:1649	have all messages and processed	{"{round 20 3  <nil>}": {"Key":"self","Type":15,"Integer":0,"String":"a","Interface":null}}
2025-08-15T22:13:16.252-0500	DEBUG	protocol/handler.go:596	round already finalized
2025-08-15T22:13:16.252-0500	DEBUG	protocol/handler.go:581	tryAdvanceRound called	{"{current_round 20 3  <nil>}": {"Key":"self","Type":15,"Integer":0,"String":"c","Interface":null}}
2025-08-15T22:13:16.252-0500	DEBUG	protocol/handler.go:1591	have processed broadcast	{"{round 20 3  <nil>}": {"Key":"from","Type":15,"Integer":0,"String":"a","Interface":null}}
2025-08-15T22:13:16.252-0500	DEBUG	protocol/handler.go:1591	have processed broadcast	{"{round 20 3  <nil>}": {"Key":"from","Type":15,"Integer":0,"String":"b","Interface":null}}
2025-08-15T22:13:16.252-0500	DEBUG	protocol/handler.go:1649	have all messages and processed	{"{round 20 3  <nil>}": {"Key":"self","Type":15,"Integer":0,"String":"c","Interface":null}}
2025-08-15T22:13:16.252-0500	DEBUG	protocol/handler.go:596	round already finalized
2025-08-15T22:13:16.252-0500	DEBUG	protocol/handler.go:581	tryAdvanceRound called	{"{current_round 20 3  <nil>}": {"Key":"self","Type":15,"Integer":0,"String":"c","Interface":null}}
2025-08-15T22:13:16.252-0500	DEBUG	protocol/handler.go:1591	have processed broadcast	{"{round 20 3  <nil>}": {"Key":"from","Type":15,"Integer":0,"String":"a","Interface":null}}
2025-08-15T22:13:16.252-0500	DEBUG	protocol/handler.go:1591	have processed broadcast	{"{round 20 3  <nil>}": {"Key":"from","Type":15,"Integer":0,"String":"b","Interface":null}}
2025-08-15T22:13:16.252-0500	DEBUG	protocol/handler.go:1649	have all messages and processed	{"{round 20 3  <nil>}": {"Key":"self","Type":15,"Integer":0,"String":"c","Interface":null}}
2025-08-15T22:13:16.252-0500	DEBUG	protocol/handler.go:596	round already finalized
2025-08-15T22:13:16.267-0500	DEBUG	protocol/handler.go:581	tryAdvanceRound called	{"{current_round 20 3  <nil>}": {"Key":"self","Type":15,"Integer":0,"String":"b","Interface":null}}
2025-08-15T22:13:16.267-0500	DEBUG	protocol/handler.go:1591	have processed broadcast	{"{round 20 3  <nil>}": {"Key":"from","Type":15,"Integer":0,"String":"a","Interface":null}}
2025-08-15T22:13:16.267-0500	DEBUG	protocol/handler.go:1591	have processed broadcast	{"{round 20 3  <nil>}": {"Key":"from","Type":15,"Integer":0,"String":"c","Interface":null}}
2025-08-15T22:13:16.267-0500	DEBUG	protocol/handler.go:1649	have all messages and processed	{"{round 20 3  <nil>}": {"Key":"self","Type":15,"Integer":0,"String":"b","Interface":null}}
2025-08-15T22:13:16.267-0500	DEBUG	protocol/handler.go:596	round already finalized
2025-08-15T22:13:16.267-0500	DEBUG	protocol/handler.go:581	tryAdvanceRound called	{"{current_round 20 3  <nil>}": {"Key":"self","Type":15,"Integer":0,"String":"b","Interface":null}}
2025-08-15T22:13:16.267-0500	DEBUG	protocol/handler.go:1591	have processed broadcast	{"{round 20 3  <nil>}": {"Key":"from","Type":15,"Integer":0,"String":"a","Interface":null}}
2025-08-15T22:13:16.267-0500	DEBUG	protocol/handler.go:1591	have processed broadcast	{"{round 20 3  <nil>}": {"Key":"from","Type":15,"Integer":0,"String":"c","Interface":null}}
2025-08-15T22:13:16.267-0500	DEBUG	protocol/handler.go:1649	have all messages and processed	{"{round 20 3  <nil>}": {"Key":"self","Type":15,"Integer":0,"String":"b","Interface":null}}
2025-08-15T22:13:16.267-0500	DEBUG	protocol/handler.go:596	round already finalized
2025-08-15T22:13:16.332-0500	DEBUG	protocol/handler.go:581	tryAdvanceRound called	{"{current_round 20 3  <nil>}": {"Key":"self","Type":15,"Integer":0,"String":"b","Interface":null}}
2025-08-15T22:13:16.332-0500	DEBUG	protocol/handler.go:1591	have processed broadcast	{"{round 20 3  <nil>}": {"Key":"from","Type":15,"Integer":0,"String":"a","Interface":null}}
2025-08-15T22:13:16.332-0500	DEBUG	protocol/handler.go:1591	have processed broadcast	{"{round 20 3  <nil>}": {"Key":"from","Type":15,"Integer":0,"String":"c","Interface":null}}
2025-08-15T22:13:16.332-0500	DEBUG	protocol/handler.go:1649	have all messages and processed	{"{round 20 3  <nil>}": {"Key":"self","Type":15,"Integer":0,"String":"b","Interface":null}}
2025-08-15T22:13:16.332-0500	DEBUG	protocol/handler.go:596	round already finalized
2025-08-15T22:13:16.366-0500	DEBUG	protocol/handler.go:581	tryAdvanceRound called	{"{current_round 20 3  <nil>}": {"Key":"self","Type":15,"Integer":0,"String":"c","Interface":null}}
2025-08-15T22:13:16.366-0500	DEBUG	protocol/handler.go:1591	have processed broadcast	{"{round 20 3  <nil>}": {"Key":"from","Type":15,"Integer":0,"String":"a","Interface":null}}
2025-08-15T22:13:16.366-0500	DEBUG	protocol/handler.go:1591	have processed broadcast	{"{round 20 3  <nil>}": {"Key":"from","Type":15,"Integer":0,"String":"b","Interface":null}}
2025-08-15T22:13:16.366-0500	DEBUG	protocol/handler.go:1649	have all messages and processed	{"{round 20 3  <nil>}": {"Key":"self","Type":15,"Integer":0,"String":"c","Interface":null}}
2025-08-15T22:13:16.366-0500	DEBUG	protocol/handler.go:596	round already finalized
2025-08-15T22:13:16.366-0500	DEBUG	protocol/handler.go:581	tryAdvanceRound called	{"{current_round 20 3  <nil>}": {"Key":"self","Type":15,"Integer":0,"String":"c","Interface":null}}
2025-08-15T22:13:16.366-0500	DEBUG	protocol/handler.go:1591	have processed broadcast	{"{round 20 3  <nil>}": {"Key":"from","Type":15,"Integer":0,"String":"a","Interface":null}}
2025-08-15T22:13:16.366-0500	DEBUG	protocol/handler.go:1591	have processed broadcast	{"{round 20 3  <nil>}": {"Key":"from","Type":15,"Integer":0,"String":"b","Interface":null}}
2025-08-15T22:13:16.366-0500	DEBUG	protocol/handler.go:1649	have all messages and processed	{"{round 20 3  <nil>}": {"Key":"self","Type":15,"Integer":0,"String":"c","Interface":null}}
2025-08-15T22:13:16.367-0500	DEBUG	protocol/handler.go:596	round already finalized
2025-08-15T22:13:16.367-0500	DEBUG	protocol/handler.go:581	tryAdvanceRound called	{"{current_round 20 3  <nil>}": {"Key":"self","Type":15,"Integer":0,"String":"a","Interface":null}}
2025-08-15T22:13:16.367-0500	DEBUG	protocol/handler.go:1591	have processed broadcast	{"{round 20 3  <nil>}": {"Key":"from","Type":15,"Integer":0,"String":"b","Interface":null}}
2025-08-15T22:13:16.367-0500	DEBUG	protocol/handler.go:1591	have processed broadcast	{"{round 20 3  <nil>}": {"Key":"from","Type":15,"Integer":0,"String":"c","Interface":null}}
2025-08-15T22:13:16.367-0500	DEBUG	protocol/handler.go:1649	have all messages and processed	{"{round 20 3  <nil>}": {"Key":"self","Type":15,"Integer":0,"String":"a","Interface":null}}
2025-08-15T22:13:16.367-0500	DEBUG	protocol/handler.go:596	round already finalized
2025-08-15T22:13:16.367-0500	DEBUG	protocol/handler.go:581	tryAdvanceRound called	{"{current_round 20 3  <nil>}": {"Key":"self","Type":15,"Integer":0,"String":"a","Interface":null}}
2025-08-15T22:13:16.367-0500	DEBUG	protocol/handler.go:1591	have processed broadcast	{"{round 20 3  <nil>}": {"Key":"from","Type":15,"Integer":0,"String":"b","Interface":null}}
2025-08-15T22:13:16.367-0500	DEBUG	protocol/handler.go:1591	have processed broadcast	{"{round 20 3  <nil>}": {"Key":"from","Type":15,"Integer":0,"String":"c","Interface":null}}
2025-08-15T22:13:16.367-0500	DEBUG	protocol/handler.go:1649	have all messages and processed	{"{round 20 3  <nil>}": {"Key":"self","Type":15,"Integer":0,"String":"a","Interface":null}}
2025-08-15T22:13:16.367-0500	DEBUG	protocol/handler.go:596	round already finalized
2025-08-15T22:13:16.372-0500	DEBUG	protocol/handler.go:581	tryAdvanceRound called	{"{current_round 20 3  <nil>}": {"Key":"self","Type":15,"Integer":0,"String":"b","Interface":null}}
2025-08-15T22:13:16.373-0500	DEBUG	protocol/handler.go:1591	have processed broadcast	{"{round 20 3  <nil>}": {"Key":"from","Type":15,"Integer":0,"String":"a","Interface":null}}
2025-08-15T22:13:16.373-0500	DEBUG	protocol/handler.go:1591	have processed broadcast	{"{round 20 3  <nil>}": {"Key":"from","Type":15,"Integer":0,"String":"c","Interface":null}}
2025-08-15T22:13:16.373-0500	DEBUG	protocol/handler.go:1649	have all messages and processed	{"{round 20 3  <nil>}": {"Key":"self","Type":15,"Integer":0,"String":"b","Interface":null}}
2025-08-15T22:13:16.374-0500	DEBUG	protocol/handler.go:596	round already finalized
2025-08-15T22:13:16.409-0500	DEBUG	protocol/handler.go:581	tryAdvanceRound called	{"{current_round 20 3  <nil>}": {"Key":"self","Type":15,"Integer":0,"String":"c","Interface":null}}
2025-08-15T22:13:16.409-0500	DEBUG	protocol/handler.go:1591	have processed broadcast	{"{round 20 3  <nil>}": {"Key":"from","Type":15,"Integer":0,"String":"a","Interface":null}}
2025-08-15T22:13:16.409-0500	DEBUG	protocol/handler.go:1591	have processed broadcast	{"{round 20 3  <nil>}": {"Key":"from","Type":15,"Integer":0,"String":"b","Interface":null}}
2025-08-15T22:13:16.409-0500	DEBUG	protocol/handler.go:1649	have all messages and processed	{"{round 20 3  <nil>}": {"Key":"self","Type":15,"Integer":0,"String":"c","Interface":null}}
2025-08-15T22:13:16.409-0500	DEBUG	protocol/handler.go:596	round already finalized
2025-08-15T22:13:16.409-0500	DEBUG	protocol/handler.go:581	tryAdvanceRound called	{"{current_round 20 3  <nil>}": {"Key":"self","Type":15,"Integer":0,"String":"c","Interface":null}}
2025-08-15T22:13:16.409-0500	DEBUG	protocol/handler.go:1591	have processed broadcast	{"{round 20 3  <nil>}": {"Key":"from","Type":15,"Integer":0,"String":"a","Interface":null}}
2025-08-15T22:13:16.409-0500	DEBUG	protocol/handler.go:1591	have processed broadcast	{"{round 20 3  <nil>}": {"Key":"from","Type":15,"Integer":0,"String":"b","Interface":null}}
2025-08-15T22:13:16.409-0500	DEBUG	protocol/handler.go:1649	have all messages and processed	{"{round 20 3  <nil>}": {"Key":"self","Type":15,"Integer":0,"String":"c","Interface":null}}
2025-08-15T22:13:16.409-0500	DEBUG	protocol/handler.go:596	round already finalized
2025-08-15T22:13:16.409-0500	DEBUG	protocol/handler.go:581	tryAdvanceRound called	{"{current_round 20 3  <nil>}": {"Key":"self","Type":15,"Integer":0,"String":"a","Interface":null}}
2025-08-15T22:13:16.409-0500	DEBUG	protocol/handler.go:1591	have processed broadcast	{"{round 20 3  <nil>}": {"Key":"from","Type":15,"Integer":0,"String":"b","Interface":null}}
2025-08-15T22:13:16.409-0500	DEBUG	protocol/handler.go:1591	have processed broadcast	{"{round 20 3  <nil>}": {"Key":"from","Type":15,"Integer":0,"String":"c","Interface":null}}
2025-08-15T22:13:16.409-0500	DEBUG	protocol/handler.go:1649	have all messages and processed	{"{round 20 3  <nil>}": {"Key":"self","Type":15,"Integer":0,"String":"a","Interface":null}}
2025-08-15T22:13:16.409-0500	DEBUG	protocol/handler.go:596	round already finalized
2025-08-15T22:13:16.409-0500	DEBUG	protocol/handler.go:581	tryAdvanceRound called	{"{current_round 20 3  <nil>}": {"Key":"self","Type":15,"Integer":0,"String":"a","Interface":null}}
2025-08-15T22:13:16.409-0500	DEBUG	protocol/handler.go:1591	have processed broadcast	{"{round 20 3  <nil>}": {"Key":"from","Type":15,"Integer":0,"String":"b","Interface":null}}
2025-08-15T22:13:16.409-0500	DEBUG	protocol/handler.go:1591	have processed broadcast	{"{round 20 3  <nil>}": {"Key":"from","Type":15,"Integer":0,"String":"c","Interface":null}}
2025-08-15T22:13:16.410-0500	DEBUG	protocol/handler.go:1649	have all messages and processed	{"{round 20 3  <nil>}": {"Key":"self","Type":15,"Integer":0,"String":"a","Interface":null}}
2025-08-15T22:13:16.410-0500	DEBUG	protocol/handler.go:596	round already finalized
2025-08-15T22:13:16.411-0500	DEBUG	protocol/handler.go:581	tryAdvanceRound called	{"{current_round 20 3  <nil>}": {"Key":"self","Type":15,"Integer":0,"String":"b","Interface":null}}
2025-08-15T22:13:16.411-0500	DEBUG	protocol/handler.go:1591	have processed broadcast	{"{round 20 3  <nil>}": {"Key":"from","Type":15,"Integer":0,"String":"a","Interface":null}}
2025-08-15T22:13:16.412-0500	DEBUG	protocol/handler.go:1591	have processed broadcast	{"{round 20 3  <nil>}": {"Key":"from","Type":15,"Integer":0,"String":"c","Interface":null}}
2025-08-15T22:13:16.412-0500	DEBUG	protocol/handler.go:1649	have all messages and processed	{"{round 20 3  <nil>}": {"Key":"self","Type":15,"Integer":0,"String":"b","Interface":null}}
2025-08-15T22:13:16.412-0500	DEBUG	protocol/handler.go:596	round already finalized
2025-08-15T22:13:16.412-0500	DEBUG	protocol/handler.go:581	tryAdvanceRound called	{"{current_round 20 3  <nil>}": {"Key":"self","Type":15,"Integer":0,"String":"b","Interface":null}}
2025-08-15T22:13:16.412-0500	DEBUG	protocol/handler.go:1591	have processed broadcast	{"{round 20 3  <nil>}": {"Key":"from","Type":15,"Integer":0,"String":"a","Interface":null}}
2025-08-15T22:13:16.412-0500	DEBUG	protocol/handler.go:1591	have processed broadcast	{"{round 20 3  <nil>}": {"Key":"from","Type":15,"Integer":0,"String":"c","Interface":null}}
2025-08-15T22:13:16.412-0500	DEBUG	protocol/handler.go:1649	have all messages and processed	{"{round 20 3  <nil>}": {"Key":"self","Type":15,"Integer":0,"String":"b","Interface":null}}
2025-08-15T22:13:16.412-0500	DEBUG	protocol/handler.go:596	round already finalized
2025-08-15T22:13:16.431-0500	DEBUG	protocol/handler.go:581	tryAdvanceRound called	{"{current_round 20 3  <nil>}": {"Key":"self","Type":15,"Integer":0,"String":"a","Interface":null}}
2025-08-15T22:13:16.431-0500	DEBUG	protocol/handler.go:1591	have processed broadcast	{"{round 20 3  <nil>}": {"Key":"from","Type":15,"Integer":0,"String":"b","Interface":null}}
2025-08-15T22:13:16.431-0500	DEBUG	protocol/handler.go:1591	have processed broadcast	{"{round 20 3  <nil>}": {"Key":"from","Type":15,"Integer":0,"String":"c","Interface":null}}
2025-08-15T22:13:16.431-0500	DEBUG	protocol/handler.go:1649	have all messages and processed	{"{round 20 3  <nil>}": {"Key":"self","Type":15,"Integer":0,"String":"a","Interface":null}}
2025-08-15T22:13:16.431-0500	DEBUG	protocol/handler.go:596	round already finalized
2025-08-15T22:13:16.474-0500	DEBUG	protocol/handler.go:581	tryAdvanceRound called	{"{current_round 20 3  <nil>}": {"Key":"self","Type":15,"Integer":0,"String":"b","Interface":null}}
2025-08-15T22:13:16.475-0500	DEBUG	protocol/handler.go:1591	have processed broadcast	{"{round 20 3  <nil>}": {"Key":"from","Type":15,"Integer":0,"String":"a","Interface":null}}
2025-08-15T22:13:16.475-0500	DEBUG	protocol/handler.go:1591	have processed broadcast	{"{round 20 3  <nil>}": {"Key":"from","Type":15,"Integer":0,"String":"c","Interface":null}}
2025-08-15T22:13:16.475-0500	DEBUG	protocol/handler.go:1649	have all messages and processed	{"{round 20 3  <nil>}": {"Key":"self","Type":15,"Integer":0,"String":"b","Interface":null}}
2025-08-15T22:13:16.475-0500	DEBUG	protocol/handler.go:596	round already finalized
2025-08-15T22:13:16.491-0500	DEBUG	protocol/handler.go:581	tryAdvanceRound called	{"{current_round 20 3  <nil>}": {"Key":"self","Type":15,"Integer":0,"String":"b","Interface":null}}
2025-08-15T22:13:16.491-0500	DEBUG	protocol/handler.go:1591	have processed broadcast	{"{round 20 3  <nil>}": {"Key":"from","Type":15,"Integer":0,"String":"a","Interface":null}}
2025-08-15T22:13:16.491-0500	DEBUG	protocol/handler.go:1591	have processed broadcast	{"{round 20 3  <nil>}": {"Key":"from","Type":15,"Integer":0,"String":"c","Interface":null}}
2025-08-15T22:13:16.491-0500	DEBUG	protocol/handler.go:1649	have all messages and processed	{"{round 20 3  <nil>}": {"Key":"self","Type":15,"Integer":0,"String":"b","Interface":null}}
2025-08-15T22:13:16.491-0500	DEBUG	protocol/handler.go:596	round already finalized
2025-08-15T22:13:16.528-0500	DEBUG	protocol/handler.go:581	tryAdvanceRound called	{"{current_round 20 3  <nil>}": {"Key":"self","Type":15,"Integer":0,"String":"b","Interface":null}}
2025-08-15T22:13:16.529-0500	DEBUG	protocol/handler.go:1591	have processed broadcast	{"{round 20 3  <nil>}": {"Key":"from","Type":15,"Integer":0,"String":"a","Interface":null}}
2025-08-15T22:13:16.529-0500	DEBUG	protocol/handler.go:1591	have processed broadcast	{"{round 20 3  <nil>}": {"Key":"from","Type":15,"Integer":0,"String":"c","Interface":null}}
2025-08-15T22:13:16.529-0500	DEBUG	protocol/handler.go:1649	have all messages and processed	{"{round 20 3  <nil>}": {"Key":"self","Type":15,"Integer":0,"String":"b","Interface":null}}
2025-08-15T22:13:16.529-0500	DEBUG	protocol/handler.go:596	round already finalized
2025-08-15T22:13:16.548-0500	DEBUG	protocol/handler.go:581	tryAdvanceRound called	{"{current_round 20 3  <nil>}": {"Key":"self","Type":15,"Integer":0,"String":"b","Interface":null}}
2025-08-15T22:13:16.548-0500	DEBUG	protocol/handler.go:1591	have processed broadcast	{"{round 20 3  <nil>}": {"Key":"from","Type":15,"Integer":0,"String":"a","Interface":null}}
2025-08-15T22:13:16.548-0500	DEBUG	protocol/handler.go:1591	have processed broadcast	{"{round 20 3  <nil>}": {"Key":"from","Type":15,"Integer":0,"String":"c","Interface":null}}
2025-08-15T22:13:16.548-0500	DEBUG	protocol/handler.go:1649	have all messages and processed	{"{round 20 3  <nil>}": {"Key":"self","Type":15,"Integer":0,"String":"b","Interface":null}}
2025-08-15T22:13:16.548-0500	DEBUG	protocol/handler.go:596	round already finalized
2025-08-15T22:13:16.475-0500	DEBUG	protocol/handler.go:581	tryAdvanceRound called	{"{current_round 20 3  <nil>}": {"Key":"self","Type":15,"Integer":0,"String":"a","Interface":null}}
2025-08-15T22:13:16.558-0500	DEBUG	protocol/handler.go:1591	have processed broadcast	{"{round 20 3  <nil>}": {"Key":"from","Type":15,"Integer":0,"String":"b","Interface":null}}
2025-08-15T22:13:16.558-0500	DEBUG	protocol/handler.go:1591	have processed broadcast	{"{round 20 3  <nil>}": {"Key":"from","Type":15,"Integer":0,"String":"c","Interface":null}}
2025-08-15T22:13:16.558-0500	DEBUG	protocol/handler.go:1649	have all messages and processed	{"{round 20 3  <nil>}": {"Key":"self","Type":15,"Integer":0,"String":"a","Interface":null}}
2025-08-15T22:13:16.558-0500	DEBUG	protocol/handler.go:596	round already finalized
2025-08-15T22:13:16.558-0500	DEBUG	protocol/handler.go:581	tryAdvanceRound called	{"{current_round 20 3  <nil>}": {"Key":"self","Type":15,"Integer":0,"String":"a","Interface":null}}
2025-08-15T22:13:16.558-0500	DEBUG	protocol/handler.go:1591	have processed broadcast	{"{round 20 3  <nil>}": {"Key":"from","Type":15,"Integer":0,"String":"b","Interface":null}}
2025-08-15T22:13:16.558-0500	DEBUG	protocol/handler.go:1591	have processed broadcast	{"{round 20 3  <nil>}": {"Key":"from","Type":15,"Integer":0,"String":"c","Interface":null}}
2025-08-15T22:13:16.558-0500	DEBUG	protocol/handler.go:1649	have all messages and processed	{"{round 20 3  <nil>}": {"Key":"self","Type":15,"Integer":0,"String":"a","Interface":null}}
2025-08-15T22:13:16.558-0500	DEBUG	protocol/handler.go:596	round already finalized
2025-08-15T22:13:16.579-0500	DEBUG	protocol/handler.go:581	tryAdvanceRound called	{"{current_round 20 3  <nil>}": {"Key":"self","Type":15,"Integer":0,"String":"a","Interface":null}}
2025-08-15T22:13:16.579-0500	DEBUG	protocol/handler.go:1591	have processed broadcast	{"{round 20 3  <nil>}": {"Key":"from","Type":15,"Integer":0,"String":"b","Interface":null}}
2025-08-15T22:13:16.579-0500	DEBUG	protocol/handler.go:1591	have processed broadcast	{"{round 20 3  <nil>}": {"Key":"from","Type":15,"Integer":0,"String":"c","Interface":null}}
2025-08-15T22:13:16.579-0500	DEBUG	protocol/handler.go:1649	have all messages and processed	{"{round 20 3  <nil>}": {"Key":"self","Type":15,"Integer":0,"String":"a","Interface":null}}
2025-08-15T22:13:16.579-0500	DEBUG	protocol/handler.go:596	round already finalized
2025-08-15T22:13:16.591-0500	DEBUG	protocol/handler.go:581	tryAdvanceRound called	{"{current_round 20 3  <nil>}": {"Key":"self","Type":15,"Integer":0,"String":"c","Interface":null}}
2025-08-15T22:13:16.591-0500	DEBUG	protocol/handler.go:1591	have processed broadcast	{"{round 20 3  <nil>}": {"Key":"from","Type":15,"Integer":0,"String":"a","Interface":null}}
2025-08-15T22:13:16.591-0500	DEBUG	protocol/handler.go:1591	have processed broadcast	{"{round 20 3  <nil>}": {"Key":"from","Type":15,"Integer":0,"String":"b","Interface":null}}
2025-08-15T22:13:16.591-0500	DEBUG	protocol/handler.go:1649	have all messages and processed	{"{round 20 3  <nil>}": {"Key":"self","Type":15,"Integer":0,"String":"c","Interface":null}}
2025-08-15T22:13:16.591-0500	DEBUG	protocol/handler.go:596	round already finalized
2025-08-15T22:13:16.591-0500	DEBUG	protocol/handler.go:581	tryAdvanceRound called	{"{current_round 20 3  <nil>}": {"Key":"self","Type":15,"Integer":0,"String":"c","Interface":null}}
2025-08-15T22:13:16.591-0500	DEBUG	protocol/handler.go:1591	have processed broadcast	{"{round 20 3  <nil>}": {"Key":"from","Type":15,"Integer":0,"String":"a","Interface":null}}
2025-08-15T22:13:16.591-0500	DEBUG	protocol/handler.go:1591	have processed broadcast	{"{round 20 3  <nil>}": {"Key":"from","Type":15,"Integer":0,"String":"b","Interface":null}}
2025-08-15T22:13:16.591-0500	DEBUG	protocol/handler.go:1649	have all messages and processed	{"{round 20 3  <nil>}": {"Key":"self","Type":15,"Integer":0,"String":"c","Interface":null}}
2025-08-15T22:13:16.591-0500	DEBUG	protocol/handler.go:596	round already finalized
2025-08-15T22:13:16.606-0500	DEBUG	protocol/handler.go:581	tryAdvanceRound called	{"{current_round 20 3  <nil>}": {"Key":"self","Type":15,"Integer":0,"String":"b","Interface":null}}
2025-08-15T22:13:16.608-0500	DEBUG	protocol/handler.go:1591	have processed broadcast	{"{round 20 3  <nil>}": {"Key":"from","Type":15,"Integer":0,"String":"a","Interface":null}}
2025-08-15T22:13:16.608-0500	DEBUG	protocol/handler.go:1591	have processed broadcast	{"{round 20 3  <nil>}": {"Key":"from","Type":15,"Integer":0,"String":"c","Interface":null}}
2025-08-15T22:13:16.608-0500	DEBUG	protocol/handler.go:1649	have all messages and processed	{"{round 20 3  <nil>}": {"Key":"self","Type":15,"Integer":0,"String":"b","Interface":null}}
2025-08-15T22:13:16.608-0500	DEBUG	protocol/handler.go:596	round already finalized
2025-08-15T22:13:16.608-0500	DEBUG	protocol/handler.go:581	tryAdvanceRound called	{"{current_round 20 3  <nil>}": {"Key":"self","Type":15,"Integer":0,"String":"b","Interface":null}}
2025-08-15T22:13:16.608-0500	DEBUG	protocol/handler.go:1591	have processed broadcast	{"{round 20 3  <nil>}": {"Key":"from","Type":15,"Integer":0,"String":"a","Interface":null}}
2025-08-15T22:13:16.623-0500	DEBUG	protocol/handler.go:1591	have processed broadcast	{"{round 20 3  <nil>}": {"Key":"from","Type":15,"Integer":0,"String":"c","Interface":null}}
2025-08-15T22:13:16.673-0500	DEBUG	protocol/handler.go:581	tryAdvanceRound called	{"{current_round 20 3  <nil>}": {"Key":"self","Type":15,"Integer":0,"String":"a","Interface":null}}
2025-08-15T22:13:16.670-0500	DEBUG	protocol/handler.go:581	tryAdvanceRound called	{"{current_round 20 3  <nil>}": {"Key":"self","Type":15,"Integer":0,"String":"c","Interface":null}}
2025-08-15T22:13:16.674-0500	DEBUG	protocol/handler.go:1591	have processed broadcast	{"{round 20 3  <nil>}": {"Key":"from","Type":15,"Integer":0,"String":"a","Interface":null}}
2025-08-15T22:13:16.677-0500	DEBUG	protocol/handler.go:1591	have processed broadcast	{"{round 20 3  <nil>}": {"Key":"from","Type":15,"Integer":0,"String":"b","Interface":null}}
2025-08-15T22:13:16.678-0500	DEBUG	protocol/handler.go:1649	have all messages and processed	{"{round 20 3  <nil>}": {"Key":"self","Type":15,"Integer":0,"String":"c","Interface":null}}
2025-08-15T22:13:16.678-0500	DEBUG	protocol/handler.go:596	round already finalized
2025-08-15T22:13:16.678-0500	DEBUG	protocol/handler.go:581	tryAdvanceRound called	{"{current_round 20 3  <nil>}": {"Key":"self","Type":15,"Integer":0,"String":"c","Interface":null}}
2025-08-15T22:13:16.678-0500	DEBUG	protocol/handler.go:1591	have processed broadcast	{"{round 20 3  <nil>}": {"Key":"from","Type":15,"Integer":0,"String":"a","Interface":null}}
2025-08-15T22:13:16.678-0500	DEBUG	protocol/handler.go:1591	have processed broadcast	{"{round 20 3  <nil>}": {"Key":"from","Type":15,"Integer":0,"String":"b","Interface":null}}
2025-08-15T22:13:16.678-0500	DEBUG	protocol/handler.go:1649	have all messages and processed	{"{round 20 3  <nil>}": {"Key":"self","Type":15,"Integer":0,"String":"c","Interface":null}}
2025-08-15T22:13:16.676-0500	DEBUG	protocol/handler.go:1591	have processed broadcast	{"{round 20 3  <nil>}": {"Key":"from","Type":15,"Integer":0,"String":"b","Interface":null}}
2025-08-15T22:13:16.680-0500	DEBUG	protocol/handler.go:1591	have processed broadcast	{"{round 20 3  <nil>}": {"Key":"from","Type":15,"Integer":0,"String":"c","Interface":null}}
2025-08-15T22:13:16.685-0500	DEBUG	protocol/handler.go:1649	have all messages and processed	{"{round 20 3  <nil>}": {"Key":"self","Type":15,"Integer":0,"String":"b","Interface":null}}
2025-08-15T22:13:16.685-0500	DEBUG	protocol/handler.go:596	round already finalized
2025-08-15T22:13:16.690-0500	DEBUG	protocol/handler.go:581	tryAdvanceRound called	{"{current_round 20 3  <nil>}": {"Key":"self","Type":15,"Integer":0,"String":"b","Interface":null}}
2025-08-15T22:13:16.690-0500	DEBUG	protocol/handler.go:1591	have processed broadcast	{"{round 20 3  <nil>}": {"Key":"from","Type":15,"Integer":0,"String":"a","Interface":null}}
2025-08-15T22:13:16.690-0500	DEBUG	protocol/handler.go:1591	have processed broadcast	{"{round 20 3  <nil>}": {"Key":"from","Type":15,"Integer":0,"String":"c","Interface":null}}
2025-08-15T22:13:16.690-0500	DEBUG	protocol/handler.go:1649	have all messages and processed	{"{round 20 3  <nil>}": {"Key":"self","Type":15,"Integer":0,"String":"b","Interface":null}}
2025-08-15T22:13:16.690-0500	DEBUG	protocol/handler.go:596	round already finalized
2025-08-15T22:13:16.680-0500	DEBUG	protocol/handler.go:1649	have all messages and processed	{"{round 20 3  <nil>}": {"Key":"self","Type":15,"Integer":0,"String":"a","Interface":null}}
2025-08-15T22:13:16.691-0500	DEBUG	protocol/handler.go:596	round already finalized
2025-08-15T22:13:16.691-0500	DEBUG	protocol/handler.go:581	tryAdvanceRound called	{"{current_round 20 3  <nil>}": {"Key":"self","Type":15,"Integer":0,"String":"a","Interface":null}}
2025-08-15T22:13:16.691-0500	DEBUG	protocol/handler.go:1591	have processed broadcast	{"{round 20 3  <nil>}": {"Key":"from","Type":15,"Integer":0,"String":"b","Interface":null}}
2025-08-15T22:13:16.692-0500	DEBUG	protocol/handler.go:1591	have processed broadcast	{"{round 20 3  <nil>}": {"Key":"from","Type":15,"Integer":0,"String":"c","Interface":null}}
2025-08-15T22:13:16.692-0500	DEBUG	protocol/handler.go:1649	have all messages and processed	{"{round 20 3  <nil>}": {"Key":"self","Type":15,"Integer":0,"String":"a","Interface":null}}
2025-08-15T22:13:16.692-0500	DEBUG	protocol/handler.go:596	round already finalized
2025-08-15T22:13:16.707-0500	DEBUG	protocol/handler.go:581	tryAdvanceRound called	{"{current_round 20 3  <nil>}": {"Key":"self","Type":15,"Integer":0,"String":"b","Interface":null}}
2025-08-15T22:13:16.707-0500	DEBUG	protocol/handler.go:1591	have processed broadcast	{"{round 20 3  <nil>}": {"Key":"from","Type":15,"Integer":0,"String":"a","Interface":null}}
2025-08-15T22:13:16.707-0500	DEBUG	protocol/handler.go:1591	have processed broadcast	{"{round 20 3  <nil>}": {"Key":"from","Type":15,"Integer":0,"String":"c","Interface":null}}
2025-08-15T22:13:16.707-0500	DEBUG	protocol/handler.go:1649	have all messages and processed	{"{round 20 3  <nil>}": {"Key":"self","Type":15,"Integer":0,"String":"b","Interface":null}}
2025-08-15T22:13:16.707-0500	DEBUG	protocol/handler.go:596	round already finalized
2025-08-15T22:13:16.707-0500	DEBUG	protocol/handler.go:581	tryAdvanceRound called	{"{current_round 20 3  <nil>}": {"Key":"self","Type":15,"Integer":0,"String":"a","Interface":null}}
2025-08-15T22:13:16.708-0500	DEBUG	protocol/handler.go:1591	have processed broadcast	{"{round 20 3  <nil>}": {"Key":"from","Type":15,"Integer":0,"String":"b","Interface":null}}
2025-08-15T22:13:16.708-0500	DEBUG	protocol/handler.go:1591	have processed broadcast	{"{round 20 3  <nil>}": {"Key":"from","Type":15,"Integer":0,"String":"c","Interface":null}}
2025-08-15T22:13:16.708-0500	DEBUG	protocol/handler.go:1649	have all messages and processed	{"{round 20 3  <nil>}": {"Key":"self","Type":15,"Integer":0,"String":"a","Interface":null}}
2025-08-15T22:13:16.708-0500	DEBUG	protocol/handler.go:596	round already finalized
2025-08-15T22:13:16.736-0500	DEBUG	protocol/handler.go:581	tryAdvanceRound called	{"{current_round 20 3  <nil>}": {"Key":"self","Type":15,"Integer":0,"String":"a","Interface":null}}
2025-08-15T22:13:16.736-0500	DEBUG	protocol/handler.go:1591	have processed broadcast	{"{round 20 3  <nil>}": {"Key":"from","Type":15,"Integer":0,"String":"b","Interface":null}}
2025-08-15T22:13:16.736-0500	DEBUG	protocol/handler.go:1591	have processed broadcast	{"{round 20 3  <nil>}": {"Key":"from","Type":15,"Integer":0,"String":"c","Interface":null}}
2025-08-15T22:13:16.740-0500	DEBUG	protocol/handler.go:1649	have all messages and processed	{"{round 20 3  <nil>}": {"Key":"self","Type":15,"Integer":0,"String":"a","Interface":null}}
2025-08-15T22:13:16.741-0500	DEBUG	protocol/handler.go:596	round already finalized
2025-08-15T22:13:16.741-0500	DEBUG	protocol/handler.go:581	tryAdvanceRound called	{"{current_round 20 3  <nil>}": {"Key":"self","Type":15,"Integer":0,"String":"b","Interface":null}}
2025-08-15T22:13:16.741-0500	DEBUG	protocol/handler.go:1591	have processed broadcast	{"{round 20 3  <nil>}": {"Key":"from","Type":15,"Integer":0,"String":"a","Interface":null}}
2025-08-15T22:13:16.741-0500	DEBUG	protocol/handler.go:1591	have processed broadcast	{"{round 20 3  <nil>}": {"Key":"from","Type":15,"Integer":0,"String":"c","Interface":null}}
2025-08-15T22:13:16.744-0500	DEBUG	protocol/handler.go:1649	have all messages and processed	{"{round 20 3  <nil>}": {"Key":"self","Type":15,"Integer":0,"String":"b","Interface":null}}
2025-08-15T22:13:16.744-0500	DEBUG	protocol/handler.go:596	round already finalized
2025-08-15T22:13:16.746-0500	DEBUG	protocol/handler.go:581	tryAdvanceRound called	{"{current_round 20 3  <nil>}": {"Key":"self","Type":15,"Integer":0,"String":"b","Interface":null}}
2025-08-15T22:13:16.746-0500	DEBUG	protocol/handler.go:1591	have processed broadcast	{"{round 20 3  <nil>}": {"Key":"from","Type":15,"Integer":0,"String":"a","Interface":null}}
2025-08-15T22:13:16.747-0500	DEBUG	protocol/handler.go:1591	have processed broadcast	{"{round 20 3  <nil>}": {"Key":"from","Type":15,"Integer":0,"String":"c","Interface":null}}
2025-08-15T22:13:16.747-0500	DEBUG	protocol/handler.go:1649	have all messages and processed	{"{round 20 3  <nil>}": {"Key":"self","Type":15,"Integer":0,"String":"b","Interface":null}}
2025-08-15T22:13:16.747-0500	DEBUG	protocol/handler.go:596	round already finalized
2025-08-15T22:13:16.747-0500	DEBUG	protocol/handler.go:581	tryAdvanceRound called	{"{current_round 20 3  <nil>}": {"Key":"self","Type":15,"Integer":0,"String":"a","Interface":null}}
2025-08-15T22:13:16.747-0500	DEBUG	protocol/handler.go:1591	have processed broadcast	{"{round 20 3  <nil>}": {"Key":"from","Type":15,"Integer":0,"String":"b","Interface":null}}
2025-08-15T22:13:16.747-0500	DEBUG	protocol/handler.go:1591	have processed broadcast	{"{round 20 3  <nil>}": {"Key":"from","Type":15,"Integer":0,"String":"c","Interface":null}}
2025-08-15T22:13:16.747-0500	DEBUG	protocol/handler.go:1649	have all messages and processed	{"{round 20 3  <nil>}": {"Key":"self","Type":15,"Integer":0,"String":"a","Interface":null}}
2025-08-15T22:13:16.747-0500	DEBUG	protocol/handler.go:596	round already finalized
2025-08-15T22:13:16.755-0500	DEBUG	protocol/handler.go:581	tryAdvanceRound called	{"{current_round 20 3  <nil>}": {"Key":"self","Type":15,"Integer":0,"String":"b","Interface":null}}
2025-08-15T22:13:16.678-0500	DEBUG	protocol/handler.go:596	round already finalized
2025-08-15T22:13:16.755-0500	DEBUG	protocol/handler.go:581	tryAdvanceRound called	{"{current_round 20 3  <nil>}": {"Key":"self","Type":15,"Integer":0,"String":"c","Interface":null}}
2025-08-15T22:13:16.755-0500	DEBUG	protocol/handler.go:1591	have processed broadcast	{"{round 20 3  <nil>}": {"Key":"from","Type":15,"Integer":0,"String":"a","Interface":null}}
2025-08-15T22:13:16.755-0500	DEBUG	protocol/handler.go:1591	have processed broadcast	{"{round 20 3  <nil>}": {"Key":"from","Type":15,"Integer":0,"String":"b","Interface":null}}
2025-08-15T22:13:16.755-0500	DEBUG	protocol/handler.go:1649	have all messages and processed	{"{round 20 3  <nil>}": {"Key":"self","Type":15,"Integer":0,"String":"c","Interface":null}}
2025-08-15T22:13:16.756-0500	DEBUG	protocol/handler.go:596	round already finalized
2025-08-15T22:13:16.763-0500	DEBUG	protocol/handler.go:581	tryAdvanceRound called	{"{current_round 20 3  <nil>}": {"Key":"self","Type":15,"Integer":0,"String":"a","Interface":null}}
2025-08-15T22:13:16.763-0500	DEBUG	protocol/handler.go:1591	have processed broadcast	{"{round 20 3  <nil>}": {"Key":"from","Type":15,"Integer":0,"String":"b","Interface":null}}
2025-08-15T22:13:16.763-0500	DEBUG	protocol/handler.go:1591	have processed broadcast	{"{round 20 3  <nil>}": {"Key":"from","Type":15,"Integer":0,"String":"c","Interface":null}}
2025-08-15T22:13:16.763-0500	DEBUG	protocol/handler.go:1649	have all messages and processed	{"{round 20 3  <nil>}": {"Key":"self","Type":15,"Integer":0,"String":"a","Interface":null}}
2025-08-15T22:13:16.763-0500	DEBUG	protocol/handler.go:596	round already finalized
2025-08-15T22:13:16.763-0500	DEBUG	protocol/handler.go:1591	have processed broadcast	{"{round 20 3  <nil>}": {"Key":"from","Type":15,"Integer":0,"String":"a","Interface":null}}
2025-08-15T22:13:16.763-0500	DEBUG	protocol/handler.go:1591	have processed broadcast	{"{round 20 3  <nil>}": {"Key":"from","Type":15,"Integer":0,"String":"c","Interface":null}}
2025-08-15T22:13:16.763-0500	DEBUG	protocol/handler.go:1649	have all messages and processed	{"{round 20 3  <nil>}": {"Key":"self","Type":15,"Integer":0,"String":"b","Interface":null}}
2025-08-15T22:13:16.763-0500	DEBUG	protocol/handler.go:596	round already finalized
2025-08-15T22:13:16.763-0500	DEBUG	protocol/handler.go:581	tryAdvanceRound called	{"{current_round 20 3  <nil>}": {"Key":"self","Type":15,"Integer":0,"String":"b","Interface":null}}
2025-08-15T22:13:16.763-0500	DEBUG	protocol/handler.go:1591	have processed broadcast	{"{round 20 3  <nil>}": {"Key":"from","Type":15,"Integer":0,"String":"a","Interface":null}}
2025-08-15T22:13:16.764-0500	DEBUG	protocol/handler.go:1591	have processed broadcast	{"{round 20 3  <nil>}": {"Key":"from","Type":15,"Integer":0,"String":"c","Interface":null}}
2025-08-15T22:13:16.764-0500	DEBUG	protocol/handler.go:1649	have all messages and processed	{"{round 20 3  <nil>}": {"Key":"self","Type":15,"Integer":0,"String":"b","Interface":null}}
2025-08-15T22:13:16.764-0500	DEBUG	protocol/handler.go:596	round already finalized
2025-08-15T22:13:16.765-0500	DEBUG	protocol/handler.go:581	tryAdvanceRound called	{"{current_round 20 3  <nil>}": {"Key":"self","Type":15,"Integer":0,"String":"c","Interface":null}}
2025-08-15T22:13:16.766-0500	DEBUG	protocol/handler.go:1591	have processed broadcast	{"{round 20 3  <nil>}": {"Key":"from","Type":15,"Integer":0,"String":"a","Interface":null}}
2025-08-15T22:13:16.766-0500	DEBUG	protocol/handler.go:1591	have processed broadcast	{"{round 20 3  <nil>}": {"Key":"from","Type":15,"Integer":0,"String":"b","Interface":null}}
2025-08-15T22:13:16.766-0500	DEBUG	protocol/handler.go:1649	have all messages and processed	{"{round 20 3  <nil>}": {"Key":"self","Type":15,"Integer":0,"String":"c","Interface":null}}
2025-08-15T22:13:16.794-0500	DEBUG	protocol/handler.go:581	tryAdvanceRound called	{"{current_round 20 3  <nil>}": {"Key":"self","Type":15,"Integer":0,"String":"b","Interface":null}}
2025-08-15T22:13:16.791-0500	DEBUG	protocol/handler.go:581	tryAdvanceRound called	{"{current_round 20 3  <nil>}": {"Key":"self","Type":15,"Integer":0,"String":"a","Interface":null}}
2025-08-15T22:13:16.835-0500	DEBUG	protocol/handler.go:1591	have processed broadcast	{"{round 20 3  <nil>}": {"Key":"from","Type":15,"Integer":0,"String":"b","Interface":null}}
2025-08-15T22:13:16.835-0500	DEBUG	protocol/handler.go:1591	have processed broadcast	{"{round 20 3  <nil>}": {"Key":"from","Type":15,"Integer":0,"String":"c","Interface":null}}
2025-08-15T22:13:16.835-0500	DEBUG	protocol/handler.go:1649	have all messages and processed	{"{round 20 3  <nil>}": {"Key":"self","Type":15,"Integer":0,"String":"a","Interface":null}}
2025-08-15T22:13:16.835-0500	DEBUG	protocol/handler.go:596	round already finalized
2025-08-15T22:13:16.835-0500	DEBUG	protocol/handler.go:581	tryAdvanceRound called	{"{current_round 20 3  <nil>}": {"Key":"self","Type":15,"Integer":0,"String":"a","Interface":null}}
2025-08-15T22:13:16.835-0500	DEBUG	protocol/handler.go:1591	have processed broadcast	{"{round 20 3  <nil>}": {"Key":"from","Type":15,"Integer":0,"String":"b","Interface":null}}
2025-08-15T22:13:16.836-0500	DEBUG	protocol/handler.go:1591	have processed broadcast	{"{round 20 3  <nil>}": {"Key":"from","Type":15,"Integer":0,"String":"c","Interface":null}}
2025-08-15T22:13:16.836-0500	DEBUG	protocol/handler.go:1649	have all messages and processed	{"{round 20 3  <nil>}": {"Key":"self","Type":15,"Integer":0,"String":"a","Interface":null}}
2025-08-15T22:13:16.836-0500	DEBUG	protocol/handler.go:596	round already finalized
2025-08-15T22:13:16.766-0500	DEBUG	protocol/handler.go:596	round already finalized
2025-08-15T22:13:16.879-0500	DEBUG	protocol/handler.go:581	tryAdvanceRound called	{"{current_round 20 3  <nil>}": {"Key":"self","Type":15,"Integer":0,"String":"c","Interface":null}}
2025-08-15T22:13:16.879-0500	DEBUG	protocol/handler.go:1591	have processed broadcast	{"{round 20 3  <nil>}": {"Key":"from","Type":15,"Integer":0,"String":"a","Interface":null}}
2025-08-15T22:13:16.880-0500	DEBUG	protocol/handler.go:1591	have processed broadcast	{"{round 20 3  <nil>}": {"Key":"from","Type":15,"Integer":0,"String":"b","Interface":null}}
2025-08-15T22:13:16.880-0500	DEBUG	protocol/handler.go:1649	have all messages and processed	{"{round 20 3  <nil>}": {"Key":"self","Type":15,"Integer":0,"String":"c","Interface":null}}
2025-08-15T22:13:16.881-0500	DEBUG	protocol/handler.go:596	round already finalized
2025-08-15T22:13:16.881-0500	DEBUG	protocol/handler.go:581	tryAdvanceRound called	{"{current_round 20 3  <nil>}": {"Key":"self","Type":15,"Integer":0,"String":"c","Interface":null}}
2025-08-15T22:13:16.881-0500	DEBUG	protocol/handler.go:1591	have processed broadcast	{"{round 20 3  <nil>}": {"Key":"from","Type":15,"Integer":0,"String":"a","Interface":null}}
2025-08-15T22:13:16.881-0500	DEBUG	protocol/handler.go:1591	have processed broadcast	{"{round 20 3  <nil>}": {"Key":"from","Type":15,"Integer":0,"String":"b","Interface":null}}
2025-08-15T22:13:16.882-0500	DEBUG	protocol/handler.go:1649	have all messages and processed	{"{round 20 3  <nil>}": {"Key":"self","Type":15,"Integer":0,"String":"c","Interface":null}}
2025-08-15T22:13:16.882-0500	DEBUG	protocol/handler.go:596	round already finalized
2025-08-15T22:13:16.794-0500	DEBUG	protocol/handler.go:1591	have processed broadcast	{"{round 20 3  <nil>}": {"Key":"from","Type":15,"Integer":0,"String":"a","Interface":null}}
2025-08-15T22:13:16.882-0500	DEBUG	protocol/handler.go:1591	have processed broadcast	{"{round 20 3  <nil>}": {"Key":"from","Type":15,"Integer":0,"String":"c","Interface":null}}
2025-08-15T22:13:16.882-0500	DEBUG	protocol/handler.go:1649	have all messages and processed	{"{round 20 3  <nil>}": {"Key":"self","Type":15,"Integer":0,"String":"b","Interface":null}}
2025-08-15T22:13:16.882-0500	DEBUG	protocol/handler.go:596	round already finalized
2025-08-15T22:13:16.882-0500	DEBUG	protocol/handler.go:581	tryAdvanceRound called	{"{current_round 20 3  <nil>}": {"Key":"self","Type":15,"Integer":0,"String":"b","Interface":null}}
2025-08-15T22:13:16.882-0500	DEBUG	protocol/handler.go:1591	have processed broadcast	{"{round 20 3  <nil>}": {"Key":"from","Type":15,"Integer":0,"String":"a","Interface":null}}
2025-08-15T22:13:16.882-0500	DEBUG	protocol/handler.go:1591	have processed broadcast	{"{round 20 3  <nil>}": {"Key":"from","Type":15,"Integer":0,"String":"c","Interface":null}}
2025-08-15T22:13:16.882-0500	DEBUG	protocol/handler.go:1649	have all messages and processed	{"{round 20 3  <nil>}": {"Key":"self","Type":15,"Integer":0,"String":"b","Interface":null}}
2025-08-15T22:13:16.882-0500	DEBUG	protocol/handler.go:596	round already finalized
2025-08-15T22:13:16.944-0500	DEBUG	protocol/handler.go:581	tryAdvanceRound called	{"{current_round 20 3  <nil>}": {"Key":"self","Type":15,"Integer":0,"String":"c","Interface":null}}
2025-08-15T22:13:16.944-0500	DEBUG	protocol/handler.go:1591	have processed broadcast	{"{round 20 3  <nil>}": {"Key":"from","Type":15,"Integer":0,"String":"a","Interface":null}}
2025-08-15T22:13:16.944-0500	DEBUG	protocol/handler.go:1591	have processed broadcast	{"{round 20 3  <nil>}": {"Key":"from","Type":15,"Integer":0,"String":"b","Interface":null}}
2025-08-15T22:13:16.944-0500	DEBUG	protocol/handler.go:581	tryAdvanceRound called	{"{current_round 20 3  <nil>}": {"Key":"self","Type":15,"Integer":0,"String":"a","Interface":null}}
2025-08-15T22:13:16.944-0500	DEBUG	protocol/handler.go:1591	have processed broadcast	{"{round 20 3  <nil>}": {"Key":"from","Type":15,"Integer":0,"String":"b","Interface":null}}
2025-08-15T22:13:16.945-0500	DEBUG	protocol/handler.go:1591	have processed broadcast	{"{round 20 3  <nil>}": {"Key":"from","Type":15,"Integer":0,"String":"c","Interface":null}}
2025-08-15T22:13:16.945-0500	DEBUG	protocol/handler.go:1649	have all messages and processed	{"{round 20 3  <nil>}": {"Key":"self","Type":15,"Integer":0,"String":"a","Interface":null}}
2025-08-15T22:13:16.945-0500	DEBUG	protocol/handler.go:596	round already finalized
2025-08-15T22:13:16.945-0500	DEBUG	protocol/handler.go:581	tryAdvanceRound called	{"{current_round 20 3  <nil>}": {"Key":"self","Type":15,"Integer":0,"String":"a","Interface":null}}
2025-08-15T22:13:16.945-0500	DEBUG	protocol/handler.go:1591	have processed broadcast	{"{round 20 3  <nil>}": {"Key":"from","Type":15,"Integer":0,"String":"b","Interface":null}}
2025-08-15T22:13:16.948-0500	DEBUG	protocol/handler.go:1591	have processed broadcast	{"{round 20 3  <nil>}": {"Key":"from","Type":15,"Integer":0,"String":"c","Interface":null}}
2025-08-15T22:13:16.948-0500	DEBUG	protocol/handler.go:1649	have all messages and processed	{"{round 20 3  <nil>}": {"Key":"self","Type":15,"Integer":0,"String":"a","Interface":null}}
2025-08-15T22:13:16.948-0500	DEBUG	protocol/handler.go:596	round already finalized
2025-08-15T22:13:16.948-0500	DEBUG	protocol/handler.go:581	tryAdvanceRound called	{"{current_round 20 3  <nil>}": {"Key":"self","Type":15,"Integer":0,"String":"a","Interface":null}}
2025-08-15T22:13:16.948-0500	DEBUG	protocol/handler.go:1591	have processed broadcast	{"{round 20 3  <nil>}": {"Key":"from","Type":15,"Integer":0,"String":"b","Interface":null}}
2025-08-15T22:13:16.948-0500	DEBUG	protocol/handler.go:1591	have processed broadcast	{"{round 20 3  <nil>}": {"Key":"from","Type":15,"Integer":0,"String":"c","Interface":null}}
2025-08-15T22:13:16.948-0500	DEBUG	protocol/handler.go:1649	have all messages and processed	{"{round 20 3  <nil>}": {"Key":"self","Type":15,"Integer":0,"String":"a","Interface":null}}
2025-08-15T22:13:16.948-0500	DEBUG	protocol/handler.go:596	round already finalized
2025-08-15T22:13:16.987-0500	DEBUG	protocol/handler.go:581	tryAdvanceRound called	{"{current_round 20 3  <nil>}": {"Key":"self","Type":15,"Integer":0,"String":"b","Interface":null}}
2025-08-15T22:13:16.994-0500	DEBUG	protocol/handler.go:1591	have processed broadcast	{"{round 20 3  <nil>}": {"Key":"from","Type":15,"Integer":0,"String":"a","Interface":null}}
2025-08-15T22:13:17.000-0500	DEBUG	protocol/handler.go:1591	have processed broadcast	{"{round 20 3  <nil>}": {"Key":"from","Type":15,"Integer":0,"String":"c","Interface":null}}
2025-08-15T22:13:17.000-0500	DEBUG	protocol/handler.go:1649	have all messages and processed	{"{round 20 3  <nil>}": {"Key":"self","Type":15,"Integer":0,"String":"b","Interface":null}}
2025-08-15T22:13:17.000-0500	DEBUG	protocol/handler.go:596	round already finalized
2025-08-15T22:13:17.014-0500	DEBUG	protocol/handler.go:581	tryAdvanceRound called	{"{current_round 20 3  <nil>}": {"Key":"self","Type":15,"Integer":0,"String":"b","Interface":null}}
2025-08-15T22:13:17.015-0500	DEBUG	protocol/handler.go:1591	have processed broadcast	{"{round 20 3  <nil>}": {"Key":"from","Type":15,"Integer":0,"String":"a","Interface":null}}
2025-08-15T22:13:17.040-0500	DEBUG	protocol/handler.go:581	tryAdvanceRound called	{"{current_round 20 3  <nil>}": {"Key":"self","Type":15,"Integer":0,"String":"a","Interface":null}}
2025-08-15T22:13:17.047-0500	DEBUG	protocol/handler.go:1591	have processed broadcast	{"{round 20 3  <nil>}": {"Key":"from","Type":15,"Integer":0,"String":"b","Interface":null}}
2025-08-15T22:13:17.217-0500	DEBUG	protocol/handler.go:1591	have processed broadcast	{"{round 20 3  <nil>}": {"Key":"from","Type":15,"Integer":0,"String":"c","Interface":null}}
2025-08-15T22:13:17.217-0500	DEBUG	protocol/handler.go:1649	have all messages and processed	{"{round 20 3  <nil>}": {"Key":"self","Type":15,"Integer":0,"String":"b","Interface":null}}
2025-08-15T22:13:17.217-0500	DEBUG	protocol/handler.go:596	round already finalized
2025-08-15T22:13:17.217-0500	DEBUG	protocol/handler.go:581	tryAdvanceRound called	{"{current_round 20 3  <nil>}": {"Key":"self","Type":15,"Integer":0,"String":"b","Interface":null}}
2025-08-15T22:13:17.217-0500	DEBUG	protocol/handler.go:1591	have processed broadcast	{"{round 20 3  <nil>}": {"Key":"from","Type":15,"Integer":0,"String":"a","Interface":null}}
2025-08-15T22:13:17.217-0500	DEBUG	protocol/handler.go:1591	have processed broadcast	{"{round 20 3  <nil>}": {"Key":"from","Type":15,"Integer":0,"String":"c","Interface":null}}
2025-08-15T22:13:17.217-0500	DEBUG	protocol/handler.go:1649	have all messages and processed	{"{round 20 3  <nil>}": {"Key":"self","Type":15,"Integer":0,"String":"b","Interface":null}}
2025-08-15T22:13:17.217-0500	DEBUG	protocol/handler.go:596	round already finalized
2025-08-15T22:13:17.246-0500	DEBUG	protocol/handler.go:581	tryAdvanceRound called	{"{current_round 20 3  <nil>}": {"Key":"self","Type":15,"Integer":0,"String":"b","Interface":null}}
2025-08-15T22:13:17.246-0500	DEBUG	protocol/handler.go:1591	have processed broadcast	{"{round 20 3  <nil>}": {"Key":"from","Type":15,"Integer":0,"String":"a","Interface":null}}
2025-08-15T22:13:17.246-0500	DEBUG	protocol/handler.go:1591	have processed broadcast	{"{round 20 3  <nil>}": {"Key":"from","Type":15,"Integer":0,"String":"c","Interface":null}}
2025-08-15T22:13:17.251-0500	DEBUG	protocol/handler.go:1649	have all messages and processed	{"{round 20 3  <nil>}": {"Key":"self","Type":15,"Integer":0,"String":"b","Interface":null}}
2025-08-15T22:13:17.251-0500	DEBUG	protocol/handler.go:596	round already finalized
2025-08-15T22:13:17.252-0500	DEBUG	protocol/handler.go:581	tryAdvanceRound called	{"{current_round 20 3  <nil>}": {"Key":"self","Type":15,"Integer":0,"String":"b","Interface":null}}
2025-08-15T22:13:17.252-0500	DEBUG	protocol/handler.go:1591	have processed broadcast	{"{round 20 3  <nil>}": {"Key":"from","Type":15,"Integer":0,"String":"a","Interface":null}}
2025-08-15T22:13:17.252-0500	DEBUG	protocol/handler.go:1591	have processed broadcast	{"{round 20 3  <nil>}": {"Key":"from","Type":15,"Integer":0,"String":"c","Interface":null}}
2025-08-15T22:13:17.252-0500	DEBUG	protocol/handler.go:1649	have all messages and processed	{"{round 20 3  <nil>}": {"Key":"self","Type":15,"Integer":0,"String":"b","Interface":null}}
2025-08-15T22:13:17.252-0500	DEBUG	protocol/handler.go:596	round already finalized
2025-08-15T22:13:16.944-0500	DEBUG	protocol/handler.go:1649	have all messages and processed	{"{round 20 3  <nil>}": {"Key":"self","Type":15,"Integer":0,"String":"c","Interface":null}}
2025-08-15T22:13:17.264-0500	DEBUG	protocol/handler.go:596	round already finalized
2025-08-15T22:13:17.264-0500	DEBUG	protocol/handler.go:581	tryAdvanceRound called	{"{current_round 20 3  <nil>}": {"Key":"self","Type":15,"Integer":0,"String":"c","Interface":null}}
2025-08-15T22:13:17.264-0500	DEBUG	protocol/handler.go:1591	have processed broadcast	{"{round 20 3  <nil>}": {"Key":"from","Type":15,"Integer":0,"String":"a","Interface":null}}
2025-08-15T22:13:17.264-0500	DEBUG	protocol/handler.go:1591	have processed broadcast	{"{round 20 3  <nil>}": {"Key":"from","Type":15,"Integer":0,"String":"b","Interface":null}}
2025-08-15T22:13:17.264-0500	DEBUG	protocol/handler.go:1649	have all messages and processed	{"{round 20 3  <nil>}": {"Key":"self","Type":15,"Integer":0,"String":"c","Interface":null}}
2025-08-15T22:13:17.264-0500	DEBUG	protocol/handler.go:596	round already finalized
2025-08-15T22:13:17.267-0500	DEBUG	protocol/handler.go:581	tryAdvanceRound called	{"{current_round 20 3  <nil>}": {"Key":"self","Type":15,"Integer":0,"String":"b","Interface":null}}
2025-08-15T22:13:17.269-0500	DEBUG	protocol/handler.go:1591	have processed broadcast	{"{round 20 3  <nil>}": {"Key":"from","Type":15,"Integer":0,"String":"a","Interface":null}}
2025-08-15T22:13:17.269-0500	DEBUG	protocol/handler.go:1591	have processed broadcast	{"{round 20 3  <nil>}": {"Key":"from","Type":15,"Integer":0,"String":"c","Interface":null}}
2025-08-15T22:13:17.269-0500	DEBUG	protocol/handler.go:1649	have all messages and processed	{"{round 20 3  <nil>}": {"Key":"self","Type":15,"Integer":0,"String":"b","Interface":null}}
2025-08-15T22:13:17.269-0500	DEBUG	protocol/handler.go:596	round already finalized
2025-08-15T22:13:17.047-0500	DEBUG	protocol/handler.go:1591	have processed broadcast	{"{round 20 3  <nil>}": {"Key":"from","Type":15,"Integer":0,"String":"c","Interface":null}}
2025-08-15T22:13:17.271-0500	DEBUG	protocol/handler.go:1649	have all messages and processed	{"{round 20 3  <nil>}": {"Key":"self","Type":15,"Integer":0,"String":"a","Interface":null}}
2025-08-15T22:13:17.271-0500	DEBUG	protocol/handler.go:596	round already finalized
2025-08-15T22:13:17.271-0500	DEBUG	protocol/handler.go:581	tryAdvanceRound called	{"{current_round 20 3  <nil>}": {"Key":"self","Type":15,"Integer":0,"String":"a","Interface":null}}
2025-08-15T22:13:17.271-0500	DEBUG	protocol/handler.go:1591	have processed broadcast	{"{round 20 3  <nil>}": {"Key":"from","Type":15,"Integer":0,"String":"b","Interface":null}}
2025-08-15T22:13:17.271-0500	DEBUG	protocol/handler.go:1591	have processed broadcast	{"{round 20 3  <nil>}": {"Key":"from","Type":15,"Integer":0,"String":"c","Interface":null}}
2025-08-15T22:13:17.271-0500	DEBUG	protocol/handler.go:1649	have all messages and processed	{"{round 20 3  <nil>}": {"Key":"self","Type":15,"Integer":0,"String":"a","Interface":null}}
2025-08-15T22:13:17.272-0500	DEBUG	protocol/handler.go:596	round already finalized
2025-08-15T22:13:17.331-0500	DEBUG	protocol/handler.go:581	tryAdvanceRound called	{"{current_round 20 3  <nil>}": {"Key":"self","Type":15,"Integer":0,"String":"b","Interface":null}}
2025-08-15T22:13:17.331-0500	DEBUG	protocol/handler.go:1591	have processed broadcast	{"{round 20 3  <nil>}": {"Key":"from","Type":15,"Integer":0,"String":"a","Interface":null}}
2025-08-15T22:13:17.331-0500	DEBUG	protocol/handler.go:1591	have processed broadcast	{"{round 20 3  <nil>}": {"Key":"from","Type":15,"Integer":0,"String":"c","Interface":null}}
2025-08-15T22:13:17.331-0500	DEBUG	protocol/handler.go:1649	have all messages and processed	{"{round 20 3  <nil>}": {"Key":"self","Type":15,"Integer":0,"String":"b","Interface":null}}
2025-08-15T22:13:17.331-0500	DEBUG	protocol/handler.go:596	round already finalized
2025-08-15T22:13:17.331-0500	DEBUG	protocol/handler.go:581	tryAdvanceRound called	{"{current_round 20 3  <nil>}": {"Key":"self","Type":15,"Integer":0,"String":"b","Interface":null}}
2025-08-15T22:13:17.331-0500	DEBUG	protocol/handler.go:1591	have processed broadcast	{"{round 20 3  <nil>}": {"Key":"from","Type":15,"Integer":0,"String":"a","Interface":null}}
2025-08-15T22:13:17.331-0500	DEBUG	protocol/handler.go:1591	have processed broadcast	{"{round 20 3  <nil>}": {"Key":"from","Type":15,"Integer":0,"String":"c","Interface":null}}
2025-08-15T22:13:17.331-0500	DEBUG	protocol/handler.go:1649	have all messages and processed	{"{round 20 3  <nil>}": {"Key":"self","Type":15,"Integer":0,"String":"b","Interface":null}}
2025-08-15T22:13:17.331-0500	DEBUG	protocol/handler.go:596	round already finalized
2025-08-15T22:13:17.347-0500	DEBUG	protocol/handler.go:581	tryAdvanceRound called	{"{current_round 20 3  <nil>}": {"Key":"self","Type":15,"Integer":0,"String":"c","Interface":null}}
2025-08-15T22:13:17.438-0500	DEBUG	protocol/handler.go:1591	have processed broadcast	{"{round 20 3  <nil>}": {"Key":"from","Type":15,"Integer":0,"String":"a","Interface":null}}
2025-08-15T22:13:17.442-0500	DEBUG	protocol/handler.go:1591	have processed broadcast	{"{round 20 3  <nil>}": {"Key":"from","Type":15,"Integer":0,"String":"b","Interface":null}}
2025-08-15T22:13:17.453-0500	DEBUG	protocol/handler.go:1649	have all messages and processed	{"{round 20 3  <nil>}": {"Key":"self","Type":15,"Integer":0,"String":"c","Interface":null}}
2025-08-15T22:13:17.453-0500	DEBUG	protocol/handler.go:596	round already finalized
2025-08-15T22:13:17.453-0500	DEBUG	protocol/handler.go:581	tryAdvanceRound called	{"{current_round 20 3  <nil>}": {"Key":"self","Type":15,"Integer":0,"String":"c","Interface":null}}
2025-08-15T22:13:17.453-0500	DEBUG	protocol/handler.go:1591	have processed broadcast	{"{round 20 3  <nil>}": {"Key":"from","Type":15,"Integer":0,"String":"a","Interface":null}}
2025-08-15T22:13:17.453-0500	DEBUG	protocol/handler.go:1591	have processed broadcast	{"{round 20 3  <nil>}": {"Key":"from","Type":15,"Integer":0,"String":"b","Interface":null}}
2025-08-15T22:13:17.453-0500	DEBUG	protocol/handler.go:1649	have all messages and processed	{"{round 20 3  <nil>}": {"Key":"self","Type":15,"Integer":0,"String":"c","Interface":null}}
2025-08-15T22:13:17.453-0500	DEBUG	protocol/handler.go:596	round already finalized
2025-08-15T22:13:17.359-0500	DEBUG	protocol/handler.go:581	tryAdvanceRound called	{"{current_round 20 3  <nil>}": {"Key":"self","Type":15,"Integer":0,"String":"b","Interface":null}}
2025-08-15T22:13:17.481-0500	DEBUG	protocol/handler.go:1591	have processed broadcast	{"{round 20 3  <nil>}": {"Key":"from","Type":15,"Integer":0,"String":"a","Interface":null}}
2025-08-15T22:13:17.481-0500	DEBUG	protocol/handler.go:1591	have processed broadcast	{"{round 20 3  <nil>}": {"Key":"from","Type":15,"Integer":0,"String":"c","Interface":null}}
2025-08-15T22:13:17.481-0500	DEBUG	protocol/handler.go:1649	have all messages and processed	{"{round 20 3  <nil>}": {"Key":"self","Type":15,"Integer":0,"String":"b","Interface":null}}
2025-08-15T22:13:17.481-0500	DEBUG	protocol/handler.go:596	round already finalized
2025-08-15T22:13:17.481-0500	DEBUG	protocol/handler.go:581	tryAdvanceRound called	{"{current_round 20 3  <nil>}": {"Key":"self","Type":15,"Integer":0,"String":"b","Interface":null}}
2025-08-15T22:13:17.481-0500	DEBUG	protocol/handler.go:1591	have processed broadcast	{"{round 20 3  <nil>}": {"Key":"from","Type":15,"Integer":0,"String":"a","Interface":null}}
2025-08-15T22:13:17.482-0500	DEBUG	protocol/handler.go:1591	have processed broadcast	{"{round 20 3  <nil>}": {"Key":"from","Type":15,"Integer":0,"String":"c","Interface":null}}
2025-08-15T22:13:17.482-0500	DEBUG	protocol/handler.go:1649	have all messages and processed	{"{round 20 3  <nil>}": {"Key":"self","Type":15,"Integer":0,"String":"b","Interface":null}}
2025-08-15T22:13:17.482-0500	DEBUG	protocol/handler.go:596	round already finalized
2025-08-15T22:13:17.359-0500	DEBUG	protocol/handler.go:581	tryAdvanceRound called	{"{current_round 20 3  <nil>}": {"Key":"self","Type":15,"Integer":0,"String":"a","Interface":null}}
2025-08-15T22:13:17.482-0500	DEBUG	protocol/handler.go:1591	have processed broadcast	{"{round 20 3  <nil>}": {"Key":"from","Type":15,"Integer":0,"String":"b","Interface":null}}
2025-08-15T22:13:17.482-0500	DEBUG	protocol/handler.go:1591	have processed broadcast	{"{round 20 3  <nil>}": {"Key":"from","Type":15,"Integer":0,"String":"c","Interface":null}}
2025-08-15T22:13:17.482-0500	DEBUG	protocol/handler.go:1649	have all messages and processed	{"{round 20 3  <nil>}": {"Key":"self","Type":15,"Integer":0,"String":"a","Interface":null}}
2025-08-15T22:13:17.482-0500	DEBUG	protocol/handler.go:596	round already finalized
2025-08-15T22:13:17.482-0500	DEBUG	protocol/handler.go:581	tryAdvanceRound called	{"{current_round 20 3  <nil>}": {"Key":"self","Type":15,"Integer":0,"String":"a","Interface":null}}
2025-08-15T22:13:17.482-0500	DEBUG	protocol/handler.go:1591	have processed broadcast	{"{round 20 3  <nil>}": {"Key":"from","Type":15,"Integer":0,"String":"b","Interface":null}}
2025-08-15T22:13:17.482-0500	DEBUG	protocol/handler.go:1591	have processed broadcast	{"{round 20 3  <nil>}": {"Key":"from","Type":15,"Integer":0,"String":"c","Interface":null}}
2025-08-15T22:13:17.482-0500	DEBUG	protocol/handler.go:1649	have all messages and processed	{"{round 20 3  <nil>}": {"Key":"self","Type":15,"Integer":0,"String":"a","Interface":null}}
2025-08-15T22:13:17.482-0500	DEBUG	protocol/handler.go:596	round already finalized
2025-08-15T22:13:17.476-0500	DEBUG	protocol/handler.go:581	tryAdvanceRound called	{"{current_round 20 3  <nil>}": {"Key":"self","Type":15,"Integer":0,"String":"c","Interface":null}}
2025-08-15T22:13:17.490-0500	DEBUG	protocol/handler.go:1591	have processed broadcast	{"{round 20 3  <nil>}": {"Key":"from","Type":15,"Integer":0,"String":"a","Interface":null}}
2025-08-15T22:13:17.495-0500	DEBUG	protocol/handler.go:1591	have processed broadcast	{"{round 20 3  <nil>}": {"Key":"from","Type":15,"Integer":0,"String":"b","Interface":null}}
2025-08-15T22:13:17.495-0500	DEBUG	protocol/handler.go:1649	have all messages and processed	{"{round 20 3  <nil>}": {"Key":"self","Type":15,"Integer":0,"String":"c","Interface":null}}
2025-08-15T22:13:17.495-0500	DEBUG	protocol/handler.go:596	round already finalized
2025-08-15T22:13:17.495-0500	DEBUG	protocol/handler.go:581	tryAdvanceRound called	{"{current_round 20 3  <nil>}": {"Key":"self","Type":15,"Integer":0,"String":"c","Interface":null}}
2025-08-15T22:13:17.495-0500	DEBUG	protocol/handler.go:1591	have processed broadcast	{"{round 20 3  <nil>}": {"Key":"from","Type":15,"Integer":0,"String":"a","Interface":null}}
2025-08-15T22:13:17.495-0500	DEBUG	protocol/handler.go:1591	have processed broadcast	{"{round 20 3  <nil>}": {"Key":"from","Type":15,"Integer":0,"String":"b","Interface":null}}
2025-08-15T22:13:17.496-0500	DEBUG	protocol/handler.go:1649	have all messages and processed	{"{round 20 3  <nil>}": {"Key":"self","Type":15,"Integer":0,"String":"c","Interface":null}}
2025-08-15T22:13:17.496-0500	DEBUG	protocol/handler.go:596	round already finalized
2025-08-15T22:13:17.535-0500	DEBUG	protocol/handler.go:581	tryAdvanceRound called	{"{current_round 20 3  <nil>}": {"Key":"self","Type":15,"Integer":0,"String":"c","Interface":null}}
2025-08-15T22:13:17.536-0500	DEBUG	protocol/handler.go:1591	have processed broadcast	{"{round 20 3  <nil>}": {"Key":"from","Type":15,"Integer":0,"String":"a","Interface":null}}
2025-08-15T22:13:17.536-0500	DEBUG	protocol/handler.go:1591	have processed broadcast	{"{round 20 3  <nil>}": {"Key":"from","Type":15,"Integer":0,"String":"b","Interface":null}}
2025-08-15T22:13:17.536-0500	DEBUG	protocol/handler.go:1649	have all messages and processed	{"{round 20 3  <nil>}": {"Key":"self","Type":15,"Integer":0,"String":"c","Interface":null}}
2025-08-15T22:13:17.536-0500	DEBUG	protocol/handler.go:596	round already finalized
2025-08-15T22:13:17.536-0500	DEBUG	protocol/handler.go:581	tryAdvanceRound called	{"{current_round 20 3  <nil>}": {"Key":"self","Type":15,"Integer":0,"String":"c","Interface":null}}
2025-08-15T22:13:17.536-0500	DEBUG	protocol/handler.go:1591	have processed broadcast	{"{round 20 3  <nil>}": {"Key":"from","Type":15,"Integer":0,"String":"a","Interface":null}}
2025-08-15T22:13:17.536-0500	DEBUG	protocol/handler.go:1591	have processed broadcast	{"{round 20 3  <nil>}": {"Key":"from","Type":15,"Integer":0,"String":"b","Interface":null}}
2025-08-15T22:13:17.536-0500	DEBUG	protocol/handler.go:1649	have all messages and processed	{"{round 20 3  <nil>}": {"Key":"self","Type":15,"Integer":0,"String":"c","Interface":null}}
2025-08-15T22:13:17.536-0500	DEBUG	protocol/handler.go:596	round already finalized
2025-08-15T22:13:17.538-0500	DEBUG	protocol/handler.go:581	tryAdvanceRound called	{"{current_round 20 3  <nil>}": {"Key":"self","Type":15,"Integer":0,"String":"a","Interface":null}}
2025-08-15T22:13:17.540-0500	DEBUG	protocol/handler.go:1591	have processed broadcast	{"{round 20 3  <nil>}": {"Key":"from","Type":15,"Integer":0,"String":"b","Interface":null}}
2025-08-15T22:13:17.541-0500	DEBUG	protocol/handler.go:1591	have processed broadcast	{"{round 20 3  <nil>}": {"Key":"from","Type":15,"Integer":0,"String":"c","Interface":null}}
2025-08-15T22:13:17.545-0500	DEBUG	protocol/handler.go:1649	have all messages and processed	{"{round 20 3  <nil>}": {"Key":"self","Type":15,"Integer":0,"String":"a","Interface":null}}
2025-08-15T22:13:17.545-0500	DEBUG	protocol/handler.go:596	round already finalized
2025-08-15T22:13:17.545-0500	DEBUG	protocol/handler.go:581	tryAdvanceRound called	{"{current_round 20 3  <nil>}": {"Key":"self","Type":15,"Integer":0,"String":"a","Interface":null}}
2025-08-15T22:13:17.546-0500	DEBUG	protocol/handler.go:1591	have processed broadcast	{"{round 20 3  <nil>}": {"Key":"from","Type":15,"Integer":0,"String":"b","Interface":null}}
2025-08-15T22:13:17.546-0500	DEBUG	protocol/handler.go:1591	have processed broadcast	{"{round 20 3  <nil>}": {"Key":"from","Type":15,"Integer":0,"String":"c","Interface":null}}
2025-08-15T22:13:17.546-0500	DEBUG	protocol/handler.go:1649	have all messages and processed	{"{round 20 3  <nil>}": {"Key":"self","Type":15,"Integer":0,"String":"a","Interface":null}}
2025-08-15T22:13:17.546-0500	DEBUG	protocol/handler.go:596	round already finalized
2025-08-15T22:13:17.546-0500	DEBUG	protocol/handler.go:581	tryAdvanceRound called	{"{current_round 20 3  <nil>}": {"Key":"self","Type":15,"Integer":0,"String":"b","Interface":null}}
2025-08-15T22:13:17.546-0500	DEBUG	protocol/handler.go:1591	have processed broadcast	{"{round 20 3  <nil>}": {"Key":"from","Type":15,"Integer":0,"String":"a","Interface":null}}
2025-08-15T22:13:17.546-0500	DEBUG	protocol/handler.go:1591	have processed broadcast	{"{round 20 3  <nil>}": {"Key":"from","Type":15,"Integer":0,"String":"c","Interface":null}}
2025-08-15T22:13:17.546-0500	DEBUG	protocol/handler.go:1649	have all messages and processed	{"{round 20 3  <nil>}": {"Key":"self","Type":15,"Integer":0,"String":"b","Interface":null}}
2025-08-15T22:13:17.546-0500	DEBUG	protocol/handler.go:596	round already finalized
2025-08-15T22:13:17.546-0500	DEBUG	protocol/handler.go:581	tryAdvanceRound called	{"{current_round 20 3  <nil>}": {"Key":"self","Type":15,"Integer":0,"String":"b","Interface":null}}
2025-08-15T22:13:17.546-0500	DEBUG	protocol/handler.go:1591	have processed broadcast	{"{round 20 3  <nil>}": {"Key":"from","Type":15,"Integer":0,"String":"a","Interface":null}}
2025-08-15T22:13:17.546-0500	DEBUG	protocol/handler.go:1591	have processed broadcast	{"{round 20 3  <nil>}": {"Key":"from","Type":15,"Integer":0,"String":"c","Interface":null}}
2025-08-15T22:13:17.546-0500	DEBUG	protocol/handler.go:1649	have all messages and processed	{"{round 20 3  <nil>}": {"Key":"self","Type":15,"Integer":0,"String":"b","Interface":null}}
2025-08-15T22:13:17.546-0500	DEBUG	protocol/handler.go:596	round already finalized
2025-08-15T22:13:17.561-0500	DEBUG	protocol/handler.go:581	tryAdvanceRound called	{"{current_round 20 3  <nil>}": {"Key":"self","Type":15,"Integer":0,"String":"c","Interface":null}}
2025-08-15T22:13:17.561-0500	DEBUG	protocol/handler.go:1591	have processed broadcast	{"{round 20 3  <nil>}": {"Key":"from","Type":15,"Integer":0,"String":"a","Interface":null}}
2025-08-15T22:13:17.561-0500	DEBUG	protocol/handler.go:1591	have processed broadcast	{"{round 20 3  <nil>}": {"Key":"from","Type":15,"Integer":0,"String":"b","Interface":null}}
2025-08-15T22:13:17.561-0500	DEBUG	protocol/handler.go:1649	have all messages and processed	{"{round 20 3  <nil>}": {"Key":"self","Type":15,"Integer":0,"String":"c","Interface":null}}
2025-08-15T22:13:17.561-0500	DEBUG	protocol/handler.go:596	round already finalized
2025-08-15T22:13:17.575-0500	DEBUG	protocol/handler.go:581	tryAdvanceRound called	{"{current_round 20 3  <nil>}": {"Key":"self","Type":15,"Integer":0,"String":"b","Interface":null}}
2025-08-15T22:13:17.576-0500	DEBUG	protocol/handler.go:1591	have processed broadcast	{"{round 20 3  <nil>}": {"Key":"from","Type":15,"Integer":0,"String":"a","Interface":null}}
2025-08-15T22:13:17.576-0500	DEBUG	protocol/handler.go:1591	have processed broadcast	{"{round 20 3  <nil>}": {"Key":"from","Type":15,"Integer":0,"String":"c","Interface":null}}
2025-08-15T22:13:17.576-0500	DEBUG	protocol/handler.go:1649	have all messages and processed	{"{round 20 3  <nil>}": {"Key":"self","Type":15,"Integer":0,"String":"b","Interface":null}}
2025-08-15T22:13:17.576-0500	DEBUG	protocol/handler.go:596	round already finalized
2025-08-15T22:13:17.576-0500	DEBUG	protocol/handler.go:581	tryAdvanceRound called	{"{current_round 20 3  <nil>}": {"Key":"self","Type":15,"Integer":0,"String":"b","Interface":null}}
2025-08-15T22:13:17.576-0500	DEBUG	protocol/handler.go:1591	have processed broadcast	{"{round 20 3  <nil>}": {"Key":"from","Type":15,"Integer":0,"String":"a","Interface":null}}
2025-08-15T22:13:17.577-0500	DEBUG	protocol/handler.go:1591	have processed broadcast	{"{round 20 3  <nil>}": {"Key":"from","Type":15,"Integer":0,"String":"c","Interface":null}}
2025-08-15T22:13:17.577-0500	DEBUG	protocol/handler.go:1649	have all messages and processed	{"{round 20 3  <nil>}": {"Key":"self","Type":15,"Integer":0,"String":"b","Interface":null}}
2025-08-15T22:13:17.577-0500	DEBUG	protocol/handler.go:596	round already finalized
2025-08-15T22:13:17.584-0500	DEBUG	protocol/handler.go:581	tryAdvanceRound called	{"{current_round 20 3  <nil>}": {"Key":"self","Type":15,"Integer":0,"String":"c","Interface":null}}
2025-08-15T22:13:17.584-0500	DEBUG	protocol/handler.go:1591	have processed broadcast	{"{round 20 3  <nil>}": {"Key":"from","Type":15,"Integer":0,"String":"a","Interface":null}}
2025-08-15T22:13:17.584-0500	DEBUG	protocol/handler.go:1591	have processed broadcast	{"{round 20 3  <nil>}": {"Key":"from","Type":15,"Integer":0,"String":"b","Interface":null}}
2025-08-15T22:13:17.584-0500	DEBUG	protocol/handler.go:1649	have all messages and processed	{"{round 20 3  <nil>}": {"Key":"self","Type":15,"Integer":0,"String":"c","Interface":null}}
2025-08-15T22:13:17.584-0500	DEBUG	protocol/handler.go:596	round already finalized
2025-08-15T22:13:17.623-0500	DEBUG	protocol/handler.go:581	tryAdvanceRound called	{"{current_round 20 3  <nil>}": {"Key":"self","Type":15,"Integer":0,"String":"b","Interface":null}}
2025-08-15T22:13:17.630-0500	DEBUG	protocol/handler.go:1591	have processed broadcast	{"{round 20 3  <nil>}": {"Key":"from","Type":15,"Integer":0,"String":"a","Interface":null}}
2025-08-15T22:13:17.630-0500	DEBUG	protocol/handler.go:1591	have processed broadcast	{"{round 20 3  <nil>}": {"Key":"from","Type":15,"Integer":0,"String":"c","Interface":null}}
2025-08-15T22:13:17.630-0500	DEBUG	protocol/handler.go:1649	have all messages and processed	{"{round 20 3  <nil>}": {"Key":"self","Type":15,"Integer":0,"String":"b","Interface":null}}
2025-08-15T22:13:17.630-0500	DEBUG	protocol/handler.go:596	round already finalized
2025-08-15T22:13:17.630-0500	DEBUG	protocol/handler.go:581	tryAdvanceRound called	{"{current_round 20 3  <nil>}": {"Key":"self","Type":15,"Integer":0,"String":"b","Interface":null}}
2025-08-15T22:13:17.556-0500	DEBUG	protocol/handler.go:581	tryAdvanceRound called	{"{current_round 20 3  <nil>}": {"Key":"self","Type":15,"Integer":0,"String":"a","Interface":null}}
2025-08-15T22:13:17.634-0500	DEBUG	protocol/handler.go:1591	have processed broadcast	{"{round 20 3  <nil>}": {"Key":"from","Type":15,"Integer":0,"String":"b","Interface":null}}
2025-08-15T22:13:17.635-0500	DEBUG	protocol/handler.go:1591	have processed broadcast	{"{round 20 3  <nil>}": {"Key":"from","Type":15,"Integer":0,"String":"c","Interface":null}}
2025-08-15T22:13:17.635-0500	DEBUG	protocol/handler.go:1649	have all messages and processed	{"{round 20 3  <nil>}": {"Key":"self","Type":15,"Integer":0,"String":"a","Interface":null}}
2025-08-15T22:13:17.635-0500	DEBUG	protocol/handler.go:596	round already finalized
2025-08-15T22:13:17.635-0500	DEBUG	protocol/handler.go:581	tryAdvanceRound called	{"{current_round 20 3  <nil>}": {"Key":"self","Type":15,"Integer":0,"String":"a","Interface":null}}
2025-08-15T22:13:17.635-0500	DEBUG	protocol/handler.go:1591	have processed broadcast	{"{round 20 3  <nil>}": {"Key":"from","Type":15,"Integer":0,"String":"b","Interface":null}}
2025-08-15T22:13:17.635-0500	DEBUG	protocol/handler.go:1591	have processed broadcast	{"{round 20 3  <nil>}": {"Key":"from","Type":15,"Integer":0,"String":"c","Interface":null}}
2025-08-15T22:13:17.635-0500	DEBUG	protocol/handler.go:1649	have all messages and processed	{"{round 20 3  <nil>}": {"Key":"self","Type":15,"Integer":0,"String":"a","Interface":null}}
2025-08-15T22:13:17.635-0500	DEBUG	protocol/handler.go:596	round already finalized
2025-08-15T22:13:17.630-0500	DEBUG	protocol/handler.go:1591	have processed broadcast	{"{round 20 3  <nil>}": {"Key":"from","Type":15,"Integer":0,"String":"a","Interface":null}}
2025-08-15T22:13:17.636-0500	DEBUG	protocol/handler.go:1591	have processed broadcast	{"{round 20 3  <nil>}": {"Key":"from","Type":15,"Integer":0,"String":"c","Interface":null}}
2025-08-15T22:13:17.637-0500	DEBUG	protocol/handler.go:1649	have all messages and processed	{"{round 20 3  <nil>}": {"Key":"self","Type":15,"Integer":0,"String":"b","Interface":null}}
2025-08-15T22:13:17.641-0500	DEBUG	protocol/handler.go:596	round already finalized
2025-08-15T22:13:17.644-0500	DEBUG	protocol/handler.go:581	tryAdvanceRound called	{"{current_round 20 3  <nil>}": {"Key":"self","Type":15,"Integer":0,"String":"b","Interface":null}}
2025-08-15T22:13:17.644-0500	DEBUG	protocol/handler.go:1591	have processed broadcast	{"{round 20 3  <nil>}": {"Key":"from","Type":15,"Integer":0,"String":"a","Interface":null}}
2025-08-15T22:13:17.644-0500	DEBUG	protocol/handler.go:1591	have processed broadcast	{"{round 20 3  <nil>}": {"Key":"from","Type":15,"Integer":0,"String":"c","Interface":null}}
2025-08-15T22:13:17.645-0500	DEBUG	protocol/handler.go:1649	have all messages and processed	{"{round 20 3  <nil>}": {"Key":"self","Type":15,"Integer":0,"String":"b","Interface":null}}
2025-08-15T22:13:17.645-0500	DEBUG	protocol/handler.go:596	round already finalized
2025-08-15T22:13:17.691-0500	DEBUG	protocol/handler.go:581	tryAdvanceRound called	{"{current_round 20 3  <nil>}": {"Key":"self","Type":15,"Integer":0,"String":"b","Interface":null}}
2025-08-15T22:13:17.691-0500	DEBUG	protocol/handler.go:1591	have processed broadcast	{"{round 20 3  <nil>}": {"Key":"from","Type":15,"Integer":0,"String":"a","Interface":null}}
2025-08-15T22:13:17.691-0500	DEBUG	protocol/handler.go:1591	have processed broadcast	{"{round 20 3  <nil>}": {"Key":"from","Type":15,"Integer":0,"String":"c","Interface":null}}
2025-08-15T22:13:17.691-0500	DEBUG	protocol/handler.go:1649	have all messages and processed	{"{round 20 3  <nil>}": {"Key":"self","Type":15,"Integer":0,"String":"b","Interface":null}}
2025-08-15T22:13:17.691-0500	DEBUG	protocol/handler.go:596	round already finalized
2025-08-15T22:13:17.691-0500	DEBUG	protocol/handler.go:581	tryAdvanceRound called	{"{current_round 20 3  <nil>}": {"Key":"self","Type":15,"Integer":0,"String":"b","Interface":null}}
2025-08-15T22:13:17.691-0500	DEBUG	protocol/handler.go:1591	have processed broadcast	{"{round 20 3  <nil>}": {"Key":"from","Type":15,"Integer":0,"String":"a","Interface":null}}
2025-08-15T22:13:17.692-0500	DEBUG	protocol/handler.go:1591	have processed broadcast	{"{round 20 3  <nil>}": {"Key":"from","Type":15,"Integer":0,"String":"c","Interface":null}}
2025-08-15T22:13:17.692-0500	DEBUG	protocol/handler.go:1649	have all messages and processed	{"{round 20 3  <nil>}": {"Key":"self","Type":15,"Integer":0,"String":"b","Interface":null}}
2025-08-15T22:13:17.692-0500	DEBUG	protocol/handler.go:596	round already finalized
2025-08-15T22:13:17.698-0500	DEBUG	protocol/handler.go:581	tryAdvanceRound called	{"{current_round 20 3  <nil>}": {"Key":"self","Type":15,"Integer":0,"String":"c","Interface":null}}
2025-08-15T22:13:17.698-0500	DEBUG	protocol/handler.go:1591	have processed broadcast	{"{round 20 3  <nil>}": {"Key":"from","Type":15,"Integer":0,"String":"a","Interface":null}}
2025-08-15T22:13:17.698-0500	DEBUG	protocol/handler.go:1591	have processed broadcast	{"{round 20 3  <nil>}": {"Key":"from","Type":15,"Integer":0,"String":"b","Interface":null}}
2025-08-15T22:13:17.698-0500	DEBUG	protocol/handler.go:1649	have all messages and processed	{"{round 20 3  <nil>}": {"Key":"self","Type":15,"Integer":0,"String":"c","Interface":null}}
2025-08-15T22:13:17.698-0500	DEBUG	protocol/handler.go:596	round already finalized
2025-08-15T22:13:17.698-0500	DEBUG	protocol/handler.go:581	tryAdvanceRound called	{"{current_round 20 3  <nil>}": {"Key":"self","Type":15,"Integer":0,"String":"c","Interface":null}}
2025-08-15T22:13:17.706-0500	DEBUG	protocol/handler.go:581	tryAdvanceRound called	{"{current_round 20 3  <nil>}": {"Key":"self","Type":15,"Integer":0,"String":"a","Interface":null}}
2025-08-15T22:13:17.706-0500	DEBUG	protocol/handler.go:1591	have processed broadcast	{"{round 20 3  <nil>}": {"Key":"from","Type":15,"Integer":0,"String":"a","Interface":null}}
2025-08-15T22:13:17.706-0500	DEBUG	protocol/handler.go:1591	have processed broadcast	{"{round 20 3  <nil>}": {"Key":"from","Type":15,"Integer":0,"String":"b","Interface":null}}
2025-08-15T22:13:17.706-0500	DEBUG	protocol/handler.go:1649	have all messages and processed	{"{round 20 3  <nil>}": {"Key":"self","Type":15,"Integer":0,"String":"c","Interface":null}}
2025-08-15T22:13:17.706-0500	DEBUG	protocol/handler.go:596	round already finalized
2025-08-15T22:13:17.706-0500	DEBUG	protocol/handler.go:581	tryAdvanceRound called	{"{current_round 20 3  <nil>}": {"Key":"self","Type":15,"Integer":0,"String":"c","Interface":null}}
2025-08-15T22:13:17.707-0500	DEBUG	protocol/handler.go:1591	have processed broadcast	{"{round 20 3  <nil>}": {"Key":"from","Type":15,"Integer":0,"String":"a","Interface":null}}
2025-08-15T22:13:17.707-0500	DEBUG	protocol/handler.go:1591	have processed broadcast	{"{round 20 3  <nil>}": {"Key":"from","Type":15,"Integer":0,"String":"b","Interface":null}}
2025-08-15T22:13:17.707-0500	DEBUG	protocol/handler.go:1649	have all messages and processed	{"{round 20 3  <nil>}": {"Key":"self","Type":15,"Integer":0,"String":"c","Interface":null}}
2025-08-15T22:13:17.707-0500	DEBUG	protocol/handler.go:596	round already finalized
2025-08-15T22:13:17.706-0500	DEBUG	protocol/handler.go:1591	have processed broadcast	{"{round 20 3  <nil>}": {"Key":"from","Type":15,"Integer":0,"String":"b","Interface":null}}
2025-08-15T22:13:17.707-0500	DEBUG	protocol/handler.go:1591	have processed broadcast	{"{round 20 3  <nil>}": {"Key":"from","Type":15,"Integer":0,"String":"c","Interface":null}}
2025-08-15T22:13:17.707-0500	DEBUG	protocol/handler.go:1649	have all messages and processed	{"{round 20 3  <nil>}": {"Key":"self","Type":15,"Integer":0,"String":"a","Interface":null}}
2025-08-15T22:13:17.707-0500	DEBUG	protocol/handler.go:596	round already finalized
2025-08-15T22:13:17.707-0500	DEBUG	protocol/handler.go:581	tryAdvanceRound called	{"{current_round 20 3  <nil>}": {"Key":"self","Type":15,"Integer":0,"String":"a","Interface":null}}
2025-08-15T22:13:17.707-0500	DEBUG	protocol/handler.go:1591	have processed broadcast	{"{round 20 3  <nil>}": {"Key":"from","Type":15,"Integer":0,"String":"b","Interface":null}}
2025-08-15T22:13:17.707-0500	DEBUG	protocol/handler.go:1591	have processed broadcast	{"{round 20 3  <nil>}": {"Key":"from","Type":15,"Integer":0,"String":"c","Interface":null}}
2025-08-15T22:13:17.707-0500	DEBUG	protocol/handler.go:1649	have all messages and processed	{"{round 20 3  <nil>}": {"Key":"self","Type":15,"Integer":0,"String":"a","Interface":null}}
2025-08-15T22:13:17.707-0500	DEBUG	protocol/handler.go:596	round already finalized
2025-08-15T22:13:17.726-0500	DEBUG	protocol/handler.go:581	tryAdvanceRound called	{"{current_round 20 3  <nil>}": {"Key":"self","Type":15,"Integer":0,"String":"c","Interface":null}}
2025-08-15T22:13:17.726-0500	DEBUG	protocol/handler.go:1591	have processed broadcast	{"{round 20 3  <nil>}": {"Key":"from","Type":15,"Integer":0,"String":"a","Interface":null}}
2025-08-15T22:13:17.726-0500	DEBUG	protocol/handler.go:1591	have processed broadcast	{"{round 20 3  <nil>}": {"Key":"from","Type":15,"Integer":0,"String":"b","Interface":null}}
2025-08-15T22:13:17.726-0500	DEBUG	protocol/handler.go:1649	have all messages and processed	{"{round 20 3  <nil>}": {"Key":"self","Type":15,"Integer":0,"String":"c","Interface":null}}
2025-08-15T22:13:17.726-0500	DEBUG	protocol/handler.go:596	round already finalized
2025-08-15T22:13:17.736-0500	DEBUG	protocol/handler.go:581	tryAdvanceRound called	{"{current_round 20 3  <nil>}": {"Key":"self","Type":15,"Integer":0,"String":"b","Interface":null}}
2025-08-15T22:13:17.736-0500	DEBUG	protocol/handler.go:1591	have processed broadcast	{"{round 20 3  <nil>}": {"Key":"from","Type":15,"Integer":0,"String":"a","Interface":null}}
2025-08-15T22:13:17.736-0500	DEBUG	protocol/handler.go:1591	have processed broadcast	{"{round 20 3  <nil>}": {"Key":"from","Type":15,"Integer":0,"String":"c","Interface":null}}
2025-08-15T22:13:17.736-0500	DEBUG	protocol/handler.go:1649	have all messages and processed	{"{round 20 3  <nil>}": {"Key":"self","Type":15,"Integer":0,"String":"b","Interface":null}}
2025-08-15T22:13:17.736-0500	DEBUG	protocol/handler.go:596	round already finalized
2025-08-15T22:13:17.736-0500	DEBUG	protocol/handler.go:581	tryAdvanceRound called	{"{current_round 20 3  <nil>}": {"Key":"self","Type":15,"Integer":0,"String":"b","Interface":null}}
2025-08-15T22:13:17.737-0500	DEBUG	protocol/handler.go:1591	have processed broadcast	{"{round 20 3  <nil>}": {"Key":"from","Type":15,"Integer":0,"String":"a","Interface":null}}
2025-08-15T22:13:17.737-0500	DEBUG	protocol/handler.go:1591	have processed broadcast	{"{round 20 3  <nil>}": {"Key":"from","Type":15,"Integer":0,"String":"c","Interface":null}}
2025-08-15T22:13:17.737-0500	DEBUG	protocol/handler.go:1649	have all messages and processed	{"{round 20 3  <nil>}": {"Key":"self","Type":15,"Integer":0,"String":"b","Interface":null}}
2025-08-15T22:13:17.737-0500	DEBUG	protocol/handler.go:596	round already finalized
2025-08-15T22:13:17.749-0500	DEBUG	protocol/handler.go:581	tryAdvanceRound called	{"{current_round 20 3  <nil>}": {"Key":"self","Type":15,"Integer":0,"String":"a","Interface":null}}
2025-08-15T22:13:17.750-0500	DEBUG	protocol/handler.go:1591	have processed broadcast	{"{round 20 3  <nil>}": {"Key":"from","Type":15,"Integer":0,"String":"b","Interface":null}}
2025-08-15T22:13:17.750-0500	DEBUG	protocol/handler.go:1591	have processed broadcast	{"{round 20 3  <nil>}": {"Key":"from","Type":15,"Integer":0,"String":"c","Interface":null}}
2025-08-15T22:13:17.750-0500	DEBUG	protocol/handler.go:1649	have all messages and processed	{"{round 20 3  <nil>}": {"Key":"self","Type":15,"Integer":0,"String":"a","Interface":null}}
2025-08-15T22:13:17.750-0500	DEBUG	protocol/handler.go:596	round already finalized
2025-08-15T22:13:17.750-0500	DEBUG	protocol/handler.go:581	tryAdvanceRound called	{"{current_round 20 3  <nil>}": {"Key":"self","Type":15,"Integer":0,"String":"a","Interface":null}}
2025-08-15T22:13:17.750-0500	DEBUG	protocol/handler.go:1591	have processed broadcast	{"{round 20 3  <nil>}": {"Key":"from","Type":15,"Integer":0,"String":"b","Interface":null}}
2025-08-15T22:13:17.751-0500	DEBUG	protocol/handler.go:1591	have processed broadcast	{"{round 20 3  <nil>}": {"Key":"from","Type":15,"Integer":0,"String":"c","Interface":null}}
2025-08-15T22:13:17.751-0500	DEBUG	protocol/handler.go:1649	have all messages and processed	{"{round 20 3  <nil>}": {"Key":"self","Type":15,"Integer":0,"String":"a","Interface":null}}
2025-08-15T22:13:17.751-0500	DEBUG	protocol/handler.go:596	round already finalized
2025-08-15T22:13:17.751-0500	DEBUG	protocol/handler.go:581	tryAdvanceRound called	{"{current_round 20 3  <nil>}": {"Key":"self","Type":15,"Integer":0,"String":"c","Interface":null}}
2025-08-15T22:13:17.751-0500	DEBUG	protocol/handler.go:1591	have processed broadcast	{"{round 20 3  <nil>}": {"Key":"from","Type":15,"Integer":0,"String":"a","Interface":null}}
2025-08-15T22:13:17.751-0500	DEBUG	protocol/handler.go:1591	have processed broadcast	{"{round 20 3  <nil>}": {"Key":"from","Type":15,"Integer":0,"String":"b","Interface":null}}
2025-08-15T22:13:17.751-0500	DEBUG	protocol/handler.go:1649	have all messages and processed	{"{round 20 3  <nil>}": {"Key":"self","Type":15,"Integer":0,"String":"c","Interface":null}}
2025-08-15T22:13:17.751-0500	DEBUG	protocol/handler.go:596	round already finalized
2025-08-15T22:13:17.752-0500	DEBUG	protocol/handler.go:581	tryAdvanceRound called	{"{current_round 20 3  <nil>}": {"Key":"self","Type":15,"Integer":0,"String":"c","Interface":null}}
2025-08-15T22:13:17.752-0500	DEBUG	protocol/handler.go:1591	have processed broadcast	{"{round 20 3  <nil>}": {"Key":"from","Type":15,"Integer":0,"String":"a","Interface":null}}
2025-08-15T22:13:17.752-0500	DEBUG	protocol/handler.go:1591	have processed broadcast	{"{round 20 3  <nil>}": {"Key":"from","Type":15,"Integer":0,"String":"b","Interface":null}}
2025-08-15T22:13:17.759-0500	DEBUG	protocol/handler.go:1649	have all messages and processed	{"{round 20 3  <nil>}": {"Key":"self","Type":15,"Integer":0,"String":"c","Interface":null}}
2025-08-15T22:13:17.759-0500	DEBUG	protocol/handler.go:596	round already finalized
2025-08-15T22:13:17.759-0500	DEBUG	protocol/handler.go:581	tryAdvanceRound called	{"{current_round 20 3  <nil>}": {"Key":"self","Type":15,"Integer":0,"String":"a","Interface":null}}
2025-08-15T22:13:17.763-0500	DEBUG	protocol/handler.go:1591	have processed broadcast	{"{round 20 3  <nil>}": {"Key":"from","Type":15,"Integer":0,"String":"b","Interface":null}}
2025-08-15T22:13:17.763-0500	DEBUG	protocol/handler.go:1591	have processed broadcast	{"{round 20 3  <nil>}": {"Key":"from","Type":15,"Integer":0,"String":"c","Interface":null}}
2025-08-15T22:13:17.763-0500	DEBUG	protocol/handler.go:1649	have all messages and processed	{"{round 20 3  <nil>}": {"Key":"self","Type":15,"Integer":0,"String":"a","Interface":null}}
2025-08-15T22:13:17.763-0500	DEBUG	protocol/handler.go:596	round already finalized
2025-08-15T22:13:17.763-0500	DEBUG	protocol/handler.go:581	tryAdvanceRound called	{"{current_round 20 3  <nil>}": {"Key":"self","Type":15,"Integer":0,"String":"c","Interface":null}}
2025-08-15T22:13:17.763-0500	DEBUG	protocol/handler.go:1591	have processed broadcast	{"{round 20 3  <nil>}": {"Key":"from","Type":15,"Integer":0,"String":"a","Interface":null}}
2025-08-15T22:13:17.763-0500	DEBUG	protocol/handler.go:1591	have processed broadcast	{"{round 20 3  <nil>}": {"Key":"from","Type":15,"Integer":0,"String":"b","Interface":null}}
2025-08-15T22:13:17.763-0500	DEBUG	protocol/handler.go:1649	have all messages and processed	{"{round 20 3  <nil>}": {"Key":"self","Type":15,"Integer":0,"String":"c","Interface":null}}
2025-08-15T22:13:17.763-0500	DEBUG	protocol/handler.go:596	round already finalized
2025-08-15T22:13:17.766-0500	DEBUG	protocol/handler.go:581	tryAdvanceRound called	{"{current_round 20 3  <nil>}": {"Key":"self","Type":15,"Integer":0,"String":"b","Interface":null}}
2025-08-15T22:13:17.766-0500	DEBUG	protocol/handler.go:1591	have processed broadcast	{"{round 20 3  <nil>}": {"Key":"from","Type":15,"Integer":0,"String":"a","Interface":null}}
2025-08-15T22:13:17.766-0500	DEBUG	protocol/handler.go:1591	have processed broadcast	{"{round 20 3  <nil>}": {"Key":"from","Type":15,"Integer":0,"String":"c","Interface":null}}
2025-08-15T22:13:17.766-0500	DEBUG	protocol/handler.go:1649	have all messages and processed	{"{round 20 3  <nil>}": {"Key":"self","Type":15,"Integer":0,"String":"b","Interface":null}}
2025-08-15T22:13:17.766-0500	DEBUG	protocol/handler.go:596	round already finalized
2025-08-15T22:13:17.784-0500	DEBUG	protocol/handler.go:581	tryAdvanceRound called	{"{current_round 20 3  <nil>}": {"Key":"self","Type":15,"Integer":0,"String":"b","Interface":null}}
2025-08-15T22:13:17.784-0500	DEBUG	protocol/handler.go:1591	have processed broadcast	{"{round 20 3  <nil>}": {"Key":"from","Type":15,"Integer":0,"String":"a","Interface":null}}
2025-08-15T22:13:17.785-0500	DEBUG	protocol/handler.go:1591	have processed broadcast	{"{round 20 3  <nil>}": {"Key":"from","Type":15,"Integer":0,"String":"c","Interface":null}}
2025-08-15T22:13:17.785-0500	DEBUG	protocol/handler.go:1649	have all messages and processed	{"{round 20 3  <nil>}": {"Key":"self","Type":15,"Integer":0,"String":"b","Interface":null}}
2025-08-15T22:13:17.785-0500	DEBUG	protocol/handler.go:596	round already finalized
2025-08-15T22:13:17.786-0500	DEBUG	protocol/handler.go:581	tryAdvanceRound called	{"{current_round 20 3  <nil>}": {"Key":"self","Type":15,"Integer":0,"String":"a","Interface":null}}
2025-08-15T22:13:17.786-0500	DEBUG	protocol/handler.go:1591	have processed broadcast	{"{round 20 3  <nil>}": {"Key":"from","Type":15,"Integer":0,"String":"b","Interface":null}}
2025-08-15T22:13:17.790-0500	DEBUG	protocol/handler.go:1591	have processed broadcast	{"{round 20 3  <nil>}": {"Key":"from","Type":15,"Integer":0,"String":"c","Interface":null}}
2025-08-15T22:13:17.790-0500	DEBUG	protocol/handler.go:1649	have all messages and processed	{"{round 20 3  <nil>}": {"Key":"self","Type":15,"Integer":0,"String":"a","Interface":null}}
2025-08-15T22:13:17.790-0500	DEBUG	protocol/handler.go:596	round already finalized
2025-08-15T22:13:17.808-0500	DEBUG	protocol/handler.go:581	tryAdvanceRound called	{"{current_round 20 3  <nil>}": {"Key":"self","Type":15,"Integer":0,"String":"a","Interface":null}}
2025-08-15T22:13:17.808-0500	DEBUG	protocol/handler.go:1591	have processed broadcast	{"{round 20 3  <nil>}": {"Key":"from","Type":15,"Integer":0,"String":"b","Interface":null}}
2025-08-15T22:13:17.808-0500	DEBUG	protocol/handler.go:1591	have processed broadcast	{"{round 20 3  <nil>}": {"Key":"from","Type":15,"Integer":0,"String":"c","Interface":null}}
2025-08-15T22:13:17.808-0500	DEBUG	protocol/handler.go:1649	have all messages and processed	{"{round 20 3  <nil>}": {"Key":"self","Type":15,"Integer":0,"String":"a","Interface":null}}
2025-08-15T22:13:17.808-0500	DEBUG	protocol/handler.go:596	round already finalized
2025-08-15T22:13:17.808-0500	DEBUG	protocol/handler.go:581	tryAdvanceRound called	{"{current_round 20 3  <nil>}": {"Key":"self","Type":15,"Integer":0,"String":"c","Interface":null}}
2025-08-15T22:13:17.809-0500	DEBUG	protocol/handler.go:1591	have processed broadcast	{"{round 20 3  <nil>}": {"Key":"from","Type":15,"Integer":0,"String":"a","Interface":null}}
2025-08-15T22:13:17.809-0500	DEBUG	protocol/handler.go:1591	have processed broadcast	{"{round 20 3  <nil>}": {"Key":"from","Type":15,"Integer":0,"String":"b","Interface":null}}
2025-08-15T22:13:17.809-0500	DEBUG	protocol/handler.go:1649	have all messages and processed	{"{round 20 3  <nil>}": {"Key":"self","Type":15,"Integer":0,"String":"c","Interface":null}}
2025-08-15T22:13:17.809-0500	DEBUG	protocol/handler.go:596	round already finalized
2025-08-15T22:13:17.809-0500	DEBUG	protocol/handler.go:581	tryAdvanceRound called	{"{current_round 20 3  <nil>}": {"Key":"self","Type":15,"Integer":0,"String":"c","Interface":null}}
2025-08-15T22:13:17.809-0500	DEBUG	protocol/handler.go:1591	have processed broadcast	{"{round 20 3  <nil>}": {"Key":"from","Type":15,"Integer":0,"String":"a","Interface":null}}
2025-08-15T22:13:17.809-0500	DEBUG	protocol/handler.go:1591	have processed broadcast	{"{round 20 3  <nil>}": {"Key":"from","Type":15,"Integer":0,"String":"b","Interface":null}}
2025-08-15T22:13:17.809-0500	DEBUG	protocol/handler.go:1649	have all messages and processed	{"{round 20 3  <nil>}": {"Key":"self","Type":15,"Integer":0,"String":"c","Interface":null}}
2025-08-15T22:13:17.809-0500	DEBUG	protocol/handler.go:596	round already finalized
2025-08-15T22:13:17.833-0500	DEBUG	protocol/handler.go:581	tryAdvanceRound called	{"{current_round 20 3  <nil>}": {"Key":"self","Type":15,"Integer":0,"String":"b","Interface":null}}
2025-08-15T22:13:17.833-0500	DEBUG	protocol/handler.go:1591	have processed broadcast	{"{round 20 3  <nil>}": {"Key":"from","Type":15,"Integer":0,"String":"a","Interface":null}}
2025-08-15T22:13:17.833-0500	DEBUG	protocol/handler.go:1591	have processed broadcast	{"{round 20 3  <nil>}": {"Key":"from","Type":15,"Integer":0,"String":"c","Interface":null}}
2025-08-15T22:13:17.833-0500	DEBUG	protocol/handler.go:1649	have all messages and processed	{"{round 20 3  <nil>}": {"Key":"self","Type":15,"Integer":0,"String":"b","Interface":null}}
2025-08-15T22:13:17.833-0500	DEBUG	protocol/handler.go:596	round already finalized
2025-08-15T22:13:17.833-0500	DEBUG	protocol/handler.go:581	tryAdvanceRound called	{"{current_round 20 3  <nil>}": {"Key":"self","Type":15,"Integer":0,"String":"b","Interface":null}}
2025-08-15T22:13:17.833-0500	DEBUG	protocol/handler.go:1591	have processed broadcast	{"{round 20 3  <nil>}": {"Key":"from","Type":15,"Integer":0,"String":"a","Interface":null}}
2025-08-15T22:13:17.833-0500	DEBUG	protocol/handler.go:1591	have processed broadcast	{"{round 20 3  <nil>}": {"Key":"from","Type":15,"Integer":0,"String":"c","Interface":null}}
2025-08-15T22:13:17.833-0500	DEBUG	protocol/handler.go:1649	have all messages and processed	{"{round 20 3  <nil>}": {"Key":"self","Type":15,"Integer":0,"String":"b","Interface":null}}
2025-08-15T22:13:17.833-0500	DEBUG	protocol/handler.go:596	round already finalized
2025-08-15T22:13:17.833-0500	DEBUG	protocol/handler.go:581	tryAdvanceRound called	{"{current_round 20 3  <nil>}": {"Key":"self","Type":15,"Integer":0,"String":"a","Interface":null}}
2025-08-15T22:13:17.833-0500	DEBUG	protocol/handler.go:1591	have processed broadcast	{"{round 20 3  <nil>}": {"Key":"from","Type":15,"Integer":0,"String":"b","Interface":null}}
2025-08-15T22:13:17.833-0500	DEBUG	protocol/handler.go:1591	have processed broadcast	{"{round 20 3  <nil>}": {"Key":"from","Type":15,"Integer":0,"String":"c","Interface":null}}
2025-08-15T22:13:17.833-0500	DEBUG	protocol/handler.go:1649	have all messages and processed	{"{round 20 3  <nil>}": {"Key":"self","Type":15,"Integer":0,"String":"a","Interface":null}}
2025-08-15T22:13:17.833-0500	DEBUG	protocol/handler.go:596	round already finalized
2025-08-15T22:13:17.861-0500	DEBUG	protocol/handler.go:581	tryAdvanceRound called	{"{current_round 20 3  <nil>}": {"Key":"self","Type":15,"Integer":0,"String":"b","Interface":null}}
2025-08-15T22:13:17.861-0500	DEBUG	protocol/handler.go:1591	have processed broadcast	{"{round 20 3  <nil>}": {"Key":"from","Type":15,"Integer":0,"String":"a","Interface":null}}
2025-08-15T22:13:17.861-0500	DEBUG	protocol/handler.go:581	tryAdvanceRound called	{"{current_round 20 3  <nil>}": {"Key":"self","Type":15,"Integer":0,"String":"c","Interface":null}}
2025-08-15T22:13:17.862-0500	DEBUG	protocol/handler.go:1591	have processed broadcast	{"{round 20 3  <nil>}": {"Key":"from","Type":15,"Integer":0,"String":"c","Interface":null}}
2025-08-15T22:13:17.862-0500	DEBUG	protocol/handler.go:1649	have all messages and processed	{"{round 20 3  <nil>}": {"Key":"self","Type":15,"Integer":0,"String":"b","Interface":null}}
2025-08-15T22:13:17.862-0500	DEBUG	protocol/handler.go:1591	have processed broadcast	{"{round 20 3  <nil>}": {"Key":"from","Type":15,"Integer":0,"String":"a","Interface":null}}
2025-08-15T22:13:17.862-0500	DEBUG	protocol/handler.go:596	round already finalized
2025-08-15T22:13:17.862-0500	DEBUG	protocol/handler.go:1591	have processed broadcast	{"{round 20 3  <nil>}": {"Key":"from","Type":15,"Integer":0,"String":"b","Interface":null}}
2025-08-15T22:13:17.862-0500	DEBUG	protocol/handler.go:1649	have all messages and processed	{"{round 20 3  <nil>}": {"Key":"self","Type":15,"Integer":0,"String":"c","Interface":null}}
2025-08-15T22:13:17.862-0500	DEBUG	protocol/handler.go:596	round already finalized
2025-08-15T22:13:17.862-0500	DEBUG	protocol/handler.go:581	tryAdvanceRound called	{"{current_round 20 3  <nil>}": {"Key":"self","Type":15,"Integer":0,"String":"c","Interface":null}}
2025-08-15T22:13:17.862-0500	DEBUG	protocol/handler.go:1591	have processed broadcast	{"{round 20 3  <nil>}": {"Key":"from","Type":15,"Integer":0,"String":"a","Interface":null}}
2025-08-15T22:13:17.862-0500	DEBUG	protocol/handler.go:1591	have processed broadcast	{"{round 20 3  <nil>}": {"Key":"from","Type":15,"Integer":0,"String":"b","Interface":null}}
2025-08-15T22:13:17.862-0500	DEBUG	protocol/handler.go:1649	have all messages and processed	{"{round 20 3  <nil>}": {"Key":"self","Type":15,"Integer":0,"String":"c","Interface":null}}
2025-08-15T22:13:17.862-0500	DEBUG	protocol/handler.go:596	round already finalized
2025-08-15T22:13:17.877-0500	DEBUG	protocol/handler.go:581	tryAdvanceRound called	{"{current_round 20 3  <nil>}": {"Key":"self","Type":15,"Integer":0,"String":"c","Interface":null}}
2025-08-15T22:13:17.877-0500	DEBUG	protocol/handler.go:1591	have processed broadcast	{"{round 20 3  <nil>}": {"Key":"from","Type":15,"Integer":0,"String":"a","Interface":null}}
2025-08-15T22:13:17.877-0500	DEBUG	protocol/handler.go:1591	have processed broadcast	{"{round 20 3  <nil>}": {"Key":"from","Type":15,"Integer":0,"String":"b","Interface":null}}
2025-08-15T22:13:17.877-0500	DEBUG	protocol/handler.go:1649	have all messages and processed	{"{round 20 3  <nil>}": {"Key":"self","Type":15,"Integer":0,"String":"c","Interface":null}}
2025-08-15T22:13:17.877-0500	DEBUG	protocol/handler.go:596	round already finalized
2025-08-15T22:13:17.901-0500	DEBUG	protocol/handler.go:581	tryAdvanceRound called	{"{current_round 20 3  <nil>}": {"Key":"self","Type":15,"Integer":0,"String":"c","Interface":null}}
2025-08-15T22:13:17.901-0500	DEBUG	protocol/handler.go:1591	have processed broadcast	{"{round 20 3  <nil>}": {"Key":"from","Type":15,"Integer":0,"String":"a","Interface":null}}
2025-08-15T22:13:17.901-0500	DEBUG	protocol/handler.go:1591	have processed broadcast	{"{round 20 3  <nil>}": {"Key":"from","Type":15,"Integer":0,"String":"b","Interface":null}}
2025-08-15T22:13:17.901-0500	DEBUG	protocol/handler.go:1649	have all messages and processed	{"{round 20 3  <nil>}": {"Key":"self","Type":15,"Integer":0,"String":"c","Interface":null}}
2025-08-15T22:13:17.901-0500	DEBUG	protocol/handler.go:596	round already finalized
2025-08-15T22:13:17.944-0500	DEBUG	protocol/handler.go:581	tryAdvanceRound called	{"{current_round 20 3  <nil>}": {"Key":"self","Type":15,"Integer":0,"String":"a","Interface":null}}
2025-08-15T22:13:18.010-0500	DEBUG	protocol/handler.go:1591	have processed broadcast	{"{round 20 3  <nil>}": {"Key":"from","Type":15,"Integer":0,"String":"b","Interface":null}}
2025-08-15T22:13:18.010-0500	DEBUG	protocol/handler.go:1591	have processed broadcast	{"{round 20 3  <nil>}": {"Key":"from","Type":15,"Integer":0,"String":"c","Interface":null}}
2025-08-15T22:13:18.010-0500	DEBUG	protocol/handler.go:1649	have all messages and processed	{"{round 20 3  <nil>}": {"Key":"self","Type":15,"Integer":0,"String":"a","Interface":null}}
2025-08-15T22:13:18.010-0500	DEBUG	protocol/handler.go:596	round already finalized
2025-08-15T22:13:18.010-0500	DEBUG	protocol/handler.go:581	tryAdvanceRound called	{"{current_round 20 3  <nil>}": {"Key":"self","Type":15,"Integer":0,"String":"a","Interface":null}}
2025-08-15T22:13:18.010-0500	DEBUG	protocol/handler.go:1591	have processed broadcast	{"{round 20 3  <nil>}": {"Key":"from","Type":15,"Integer":0,"String":"b","Interface":null}}
2025-08-15T22:13:18.010-0500	DEBUG	protocol/handler.go:1591	have processed broadcast	{"{round 20 3  <nil>}": {"Key":"from","Type":15,"Integer":0,"String":"c","Interface":null}}
2025-08-15T22:13:18.010-0500	DEBUG	protocol/handler.go:1649	have all messages and processed	{"{round 20 3  <nil>}": {"Key":"self","Type":15,"Integer":0,"String":"a","Interface":null}}
2025-08-15T22:13:18.010-0500	DEBUG	protocol/handler.go:596	round already finalized
2025-08-15T22:13:17.947-0500	DEBUG	protocol/handler.go:581	tryAdvanceRound called	{"{current_round 20 3  <nil>}": {"Key":"self","Type":15,"Integer":0,"String":"b","Interface":null}}
2025-08-15T22:13:18.010-0500	DEBUG	protocol/handler.go:1591	have processed broadcast	{"{round 20 3  <nil>}": {"Key":"from","Type":15,"Integer":0,"String":"a","Interface":null}}
2025-08-15T22:13:18.010-0500	DEBUG	protocol/handler.go:1591	have processed broadcast	{"{round 20 3  <nil>}": {"Key":"from","Type":15,"Integer":0,"String":"c","Interface":null}}
2025-08-15T22:13:18.010-0500	DEBUG	protocol/handler.go:1649	have all messages and processed	{"{round 20 3  <nil>}": {"Key":"self","Type":15,"Integer":0,"String":"b","Interface":null}}
2025-08-15T22:13:18.010-0500	DEBUG	protocol/handler.go:596	round already finalized
2025-08-15T22:13:18.010-0500	DEBUG	protocol/handler.go:581	tryAdvanceRound called	{"{current_round 20 3  <nil>}": {"Key":"self","Type":15,"Integer":0,"String":"b","Interface":null}}
2025-08-15T22:13:18.010-0500	DEBUG	protocol/handler.go:1591	have processed broadcast	{"{round 20 3  <nil>}": {"Key":"from","Type":15,"Integer":0,"String":"a","Interface":null}}
2025-08-15T22:13:18.011-0500	DEBUG	protocol/handler.go:1591	have processed broadcast	{"{round 20 3  <nil>}": {"Key":"from","Type":15,"Integer":0,"String":"c","Interface":null}}
2025-08-15T22:13:18.011-0500	DEBUG	protocol/handler.go:1649	have all messages and processed	{"{round 20 3  <nil>}": {"Key":"self","Type":15,"Integer":0,"String":"b","Interface":null}}
2025-08-15T22:13:18.011-0500	DEBUG	protocol/handler.go:596	round already finalized
2025-08-15T22:13:17.948-0500	DEBUG	protocol/handler.go:581	tryAdvanceRound called	{"{current_round 20 3  <nil>}": {"Key":"self","Type":15,"Integer":0,"String":"c","Interface":null}}
2025-08-15T22:13:18.011-0500	DEBUG	protocol/handler.go:1591	have processed broadcast	{"{round 20 3  <nil>}": {"Key":"from","Type":15,"Integer":0,"String":"a","Interface":null}}
2025-08-15T22:13:18.011-0500	DEBUG	protocol/handler.go:1591	have processed broadcast	{"{round 20 3  <nil>}": {"Key":"from","Type":15,"Integer":0,"String":"b","Interface":null}}
2025-08-15T22:13:18.011-0500	DEBUG	protocol/handler.go:1649	have all messages and processed	{"{round 20 3  <nil>}": {"Key":"self","Type":15,"Integer":0,"String":"c","Interface":null}}
2025-08-15T22:13:18.011-0500	DEBUG	protocol/handler.go:596	round already finalized
2025-08-15T22:13:18.011-0500	DEBUG	protocol/handler.go:581	tryAdvanceRound called	{"{current_round 20 3  <nil>}": {"Key":"self","Type":15,"Integer":0,"String":"c","Interface":null}}
2025-08-15T22:13:18.011-0500	DEBUG	protocol/handler.go:1591	have processed broadcast	{"{round 20 3  <nil>}": {"Key":"from","Type":15,"Integer":0,"String":"a","Interface":null}}
2025-08-15T22:13:18.011-0500	DEBUG	protocol/handler.go:1591	have processed broadcast	{"{round 20 3  <nil>}": {"Key":"from","Type":15,"Integer":0,"String":"b","Interface":null}}
2025-08-15T22:13:18.011-0500	DEBUG	protocol/handler.go:1649	have all messages and processed	{"{round 20 3  <nil>}": {"Key":"self","Type":15,"Integer":0,"String":"c","Interface":null}}
2025-08-15T22:13:18.011-0500	DEBUG	protocol/handler.go:596	round already finalized
2025-08-15T22:13:18.032-0500	DEBUG	protocol/handler.go:581	tryAdvanceRound called	{"{current_round 20 3  <nil>}": {"Key":"self","Type":15,"Integer":0,"String":"a","Interface":null}}
2025-08-15T22:13:18.033-0500	DEBUG	protocol/handler.go:1591	have processed broadcast	{"{round 20 3  <nil>}": {"Key":"from","Type":15,"Integer":0,"String":"b","Interface":null}}
2025-08-15T22:13:18.033-0500	DEBUG	protocol/handler.go:1591	have processed broadcast	{"{round 20 3  <nil>}": {"Key":"from","Type":15,"Integer":0,"String":"c","Interface":null}}
2025-08-15T22:13:18.033-0500	DEBUG	protocol/handler.go:1649	have all messages and processed	{"{round 20 3  <nil>}": {"Key":"self","Type":15,"Integer":0,"String":"a","Interface":null}}
2025-08-15T22:13:18.033-0500	DEBUG	protocol/handler.go:596	round already finalized
2025-08-15T22:13:18.058-0500	DEBUG	protocol/handler.go:581	tryAdvanceRound called	{"{current_round 20 3  <nil>}": {"Key":"self","Type":15,"Integer":0,"String":"b","Interface":null}}
2025-08-15T22:13:18.058-0500	DEBUG	protocol/handler.go:1591	have processed broadcast	{"{round 20 3  <nil>}": {"Key":"from","Type":15,"Integer":0,"String":"a","Interface":null}}
2025-08-15T22:13:18.058-0500	DEBUG	protocol/handler.go:1591	have processed broadcast	{"{round 20 3  <nil>}": {"Key":"from","Type":15,"Integer":0,"String":"c","Interface":null}}
2025-08-15T22:13:18.058-0500	DEBUG	protocol/handler.go:1649	have all messages and processed	{"{round 20 3  <nil>}": {"Key":"self","Type":15,"Integer":0,"String":"b","Interface":null}}
2025-08-15T22:13:18.058-0500	DEBUG	protocol/handler.go:596	round already finalized
2025-08-15T22:13:18.058-0500	DEBUG	protocol/handler.go:581	tryAdvanceRound called	{"{current_round 20 3  <nil>}": {"Key":"self","Type":15,"Integer":0,"String":"b","Interface":null}}
2025-08-15T22:13:18.058-0500	DEBUG	protocol/handler.go:1591	have processed broadcast	{"{round 20 3  <nil>}": {"Key":"from","Type":15,"Integer":0,"String":"a","Interface":null}}
2025-08-15T22:13:18.058-0500	DEBUG	protocol/handler.go:1591	have processed broadcast	{"{round 20 3  <nil>}": {"Key":"from","Type":15,"Integer":0,"String":"c","Interface":null}}
2025-08-15T22:13:18.058-0500	DEBUG	protocol/handler.go:1649	have all messages and processed	{"{round 20 3  <nil>}": {"Key":"self","Type":15,"Integer":0,"String":"b","Interface":null}}
2025-08-15T22:13:18.058-0500	DEBUG	protocol/handler.go:596	round already finalized
2025-08-15T22:13:18.058-0500	DEBUG	protocol/handler.go:581	tryAdvanceRound called	{"{current_round 20 3  <nil>}": {"Key":"self","Type":15,"Integer":0,"String":"c","Interface":null}}
2025-08-15T22:13:18.058-0500	DEBUG	protocol/handler.go:1591	have processed broadcast	{"{round 20 3  <nil>}": {"Key":"from","Type":15,"Integer":0,"String":"a","Interface":null}}
2025-08-15T22:13:18.058-0500	DEBUG	protocol/handler.go:1591	have processed broadcast	{"{round 20 3  <nil>}": {"Key":"from","Type":15,"Integer":0,"String":"b","Interface":null}}
2025-08-15T22:13:18.058-0500	DEBUG	protocol/handler.go:1649	have all messages and processed	{"{round 20 3  <nil>}": {"Key":"self","Type":15,"Integer":0,"String":"c","Interface":null}}
2025-08-15T22:13:18.058-0500	DEBUG	protocol/handler.go:596	round already finalized
2025-08-15T22:13:18.058-0500	DEBUG	protocol/handler.go:581	tryAdvanceRound called	{"{current_round 20 3  <nil>}": {"Key":"self","Type":15,"Integer":0,"String":"c","Interface":null}}
2025-08-15T22:13:18.058-0500	DEBUG	protocol/handler.go:1591	have processed broadcast	{"{round 20 3  <nil>}": {"Key":"from","Type":15,"Integer":0,"String":"a","Interface":null}}
2025-08-15T22:13:18.058-0500	DEBUG	protocol/handler.go:1591	have processed broadcast	{"{round 20 3  <nil>}": {"Key":"from","Type":15,"Integer":0,"String":"b","Interface":null}}
2025-08-15T22:13:18.058-0500	DEBUG	protocol/handler.go:1649	have all messages and processed	{"{round 20 3  <nil>}": {"Key":"self","Type":15,"Integer":0,"String":"c","Interface":null}}
2025-08-15T22:13:18.058-0500	DEBUG	protocol/handler.go:596	round already finalized
2025-08-15T22:13:18.058-0500	DEBUG	protocol/handler.go:581	tryAdvanceRound called	{"{current_round 20 3  <nil>}": {"Key":"self","Type":15,"Integer":0,"String":"a","Interface":null}}
2025-08-15T22:13:18.059-0500	DEBUG	protocol/handler.go:1591	have processed broadcast	{"{round 20 3  <nil>}": {"Key":"from","Type":15,"Integer":0,"String":"b","Interface":null}}
2025-08-15T22:13:18.059-0500	DEBUG	protocol/handler.go:1591	have processed broadcast	{"{round 20 3  <nil>}": {"Key":"from","Type":15,"Integer":0,"String":"c","Interface":null}}
2025-08-15T22:13:18.059-0500	DEBUG	protocol/handler.go:1649	have all messages and processed	{"{round 20 3  <nil>}": {"Key":"self","Type":15,"Integer":0,"String":"a","Interface":null}}
2025-08-15T22:13:18.059-0500	DEBUG	protocol/handler.go:596	round already finalized
2025-08-15T22:13:18.109-0500	DEBUG	protocol/handler.go:581	tryAdvanceRound called	{"{current_round 20 3  <nil>}": {"Key":"self","Type":15,"Integer":0,"String":"c","Interface":null}}
2025-08-15T22:13:18.110-0500	DEBUG	protocol/handler.go:1591	have processed broadcast	{"{round 20 3  <nil>}": {"Key":"from","Type":15,"Integer":0,"String":"a","Interface":null}}
2025-08-15T22:13:18.110-0500	DEBUG	protocol/handler.go:1591	have processed broadcast	{"{round 20 3  <nil>}": {"Key":"from","Type":15,"Integer":0,"String":"b","Interface":null}}
2025-08-15T22:13:18.110-0500	DEBUG	protocol/handler.go:1649	have all messages and processed	{"{round 20 3  <nil>}": {"Key":"self","Type":15,"Integer":0,"String":"c","Interface":null}}
2025-08-15T22:13:18.110-0500	DEBUG	protocol/handler.go:596	round already finalized
2025-08-15T22:13:18.110-0500	DEBUG	protocol/handler.go:581	tryAdvanceRound called	{"{current_round 20 3  <nil>}": {"Key":"self","Type":15,"Integer":0,"String":"c","Interface":null}}
2025-08-15T22:13:18.110-0500	DEBUG	protocol/handler.go:1591	have processed broadcast	{"{round 20 3  <nil>}": {"Key":"from","Type":15,"Integer":0,"String":"a","Interface":null}}
2025-08-15T22:13:18.110-0500	DEBUG	protocol/handler.go:1591	have processed broadcast	{"{round 20 3  <nil>}": {"Key":"from","Type":15,"Integer":0,"String":"b","Interface":null}}
2025-08-15T22:13:18.110-0500	DEBUG	protocol/handler.go:1649	have all messages and processed	{"{round 20 3  <nil>}": {"Key":"self","Type":15,"Integer":0,"String":"c","Interface":null}}
2025-08-15T22:13:18.110-0500	DEBUG	protocol/handler.go:596	round already finalized
2025-08-15T22:13:18.110-0500	DEBUG	protocol/handler.go:581	tryAdvanceRound called	{"{current_round 20 3  <nil>}": {"Key":"self","Type":15,"Integer":0,"String":"b","Interface":null}}
2025-08-15T22:13:18.110-0500	DEBUG	protocol/handler.go:1591	have processed broadcast	{"{round 20 3  <nil>}": {"Key":"from","Type":15,"Integer":0,"String":"a","Interface":null}}
2025-08-15T22:13:18.110-0500	DEBUG	protocol/handler.go:1591	have processed broadcast	{"{round 20 3  <nil>}": {"Key":"from","Type":15,"Integer":0,"String":"c","Interface":null}}
2025-08-15T22:13:18.110-0500	DEBUG	protocol/handler.go:1649	have all messages and processed	{"{round 20 3  <nil>}": {"Key":"self","Type":15,"Integer":0,"String":"b","Interface":null}}
2025-08-15T22:13:18.110-0500	DEBUG	protocol/handler.go:596	round already finalized
2025-08-15T22:13:18.110-0500	DEBUG	protocol/handler.go:581	tryAdvanceRound called	{"{current_round 20 3  <nil>}": {"Key":"self","Type":15,"Integer":0,"String":"b","Interface":null}}
2025-08-15T22:13:18.110-0500	DEBUG	protocol/handler.go:1591	have processed broadcast	{"{round 20 3  <nil>}": {"Key":"from","Type":15,"Integer":0,"String":"a","Interface":null}}
2025-08-15T22:13:18.110-0500	DEBUG	protocol/handler.go:1591	have processed broadcast	{"{round 20 3  <nil>}": {"Key":"from","Type":15,"Integer":0,"String":"c","Interface":null}}
2025-08-15T22:13:18.110-0500	DEBUG	protocol/handler.go:1649	have all messages and processed	{"{round 20 3  <nil>}": {"Key":"self","Type":15,"Integer":0,"String":"b","Interface":null}}
2025-08-15T22:13:18.115-0500	DEBUG	protocol/handler.go:596	round already finalized
2025-08-15T22:13:18.115-0500	DEBUG	protocol/handler.go:581	tryAdvanceRound called	{"{current_round 20 3  <nil>}": {"Key":"self","Type":15,"Integer":0,"String":"c","Interface":null}}
2025-08-15T22:13:18.132-0500	DEBUG	protocol/handler.go:581	tryAdvanceRound called	{"{current_round 20 3  <nil>}": {"Key":"self","Type":15,"Integer":0,"String":"a","Interface":null}}
2025-08-15T22:13:18.137-0500	DEBUG	protocol/handler.go:1591	have processed broadcast	{"{round 20 3  <nil>}": {"Key":"from","Type":15,"Integer":0,"String":"b","Interface":null}}
2025-08-15T22:13:18.137-0500	DEBUG	protocol/handler.go:1591	have processed broadcast	{"{round 20 3  <nil>}": {"Key":"from","Type":15,"Integer":0,"String":"c","Interface":null}}
2025-08-15T22:13:18.137-0500	DEBUG	protocol/handler.go:1649	have all messages and processed	{"{round 20 3  <nil>}": {"Key":"self","Type":15,"Integer":0,"String":"a","Interface":null}}
2025-08-15T22:13:18.137-0500	DEBUG	protocol/handler.go:596	round already finalized
2025-08-15T22:13:18.138-0500	DEBUG	protocol/handler.go:581	tryAdvanceRound called	{"{current_round 20 3  <nil>}": {"Key":"self","Type":15,"Integer":0,"String":"a","Interface":null}}
2025-08-15T22:13:18.138-0500	DEBUG	protocol/handler.go:1591	have processed broadcast	{"{round 20 3  <nil>}": {"Key":"from","Type":15,"Integer":0,"String":"b","Interface":null}}
2025-08-15T22:13:18.138-0500	DEBUG	protocol/handler.go:1591	have processed broadcast	{"{round 20 3  <nil>}": {"Key":"from","Type":15,"Integer":0,"String":"c","Interface":null}}
2025-08-15T22:13:18.140-0500	DEBUG	protocol/handler.go:1649	have all messages and processed	{"{round 20 3  <nil>}": {"Key":"self","Type":15,"Integer":0,"String":"a","Interface":null}}
2025-08-15T22:13:18.140-0500	DEBUG	protocol/handler.go:596	round already finalized
2025-08-15T22:13:18.140-0500	DEBUG	protocol/handler.go:581	tryAdvanceRound called	{"{current_round 20 3  <nil>}": {"Key":"self","Type":15,"Integer":0,"String":"a","Interface":null}}
2025-08-15T22:13:18.140-0500	DEBUG	protocol/handler.go:1591	have processed broadcast	{"{round 20 3  <nil>}": {"Key":"from","Type":15,"Integer":0,"String":"b","Interface":null}}
2025-08-15T22:13:18.140-0500	DEBUG	protocol/handler.go:1591	have processed broadcast	{"{round 20 3  <nil>}": {"Key":"from","Type":15,"Integer":0,"String":"c","Interface":null}}
2025-08-15T22:13:18.140-0500	DEBUG	protocol/handler.go:1649	have all messages and processed	{"{round 20 3  <nil>}": {"Key":"self","Type":15,"Integer":0,"String":"a","Interface":null}}
2025-08-15T22:13:18.140-0500	DEBUG	protocol/handler.go:596	round already finalized
2025-08-15T22:13:18.140-0500	DEBUG	protocol/handler.go:581	tryAdvanceRound called	{"{current_round 20 3  <nil>}": {"Key":"self","Type":15,"Integer":0,"String":"b","Interface":null}}
2025-08-15T22:13:18.140-0500	DEBUG	protocol/handler.go:1591	have processed broadcast	{"{round 20 3  <nil>}": {"Key":"from","Type":15,"Integer":0,"String":"a","Interface":null}}
2025-08-15T22:13:18.140-0500	DEBUG	protocol/handler.go:1591	have processed broadcast	{"{round 20 3  <nil>}": {"Key":"from","Type":15,"Integer":0,"String":"c","Interface":null}}
2025-08-15T22:13:18.140-0500	DEBUG	protocol/handler.go:1649	have all messages and processed	{"{round 20 3  <nil>}": {"Key":"self","Type":15,"Integer":0,"String":"b","Interface":null}}
2025-08-15T22:13:18.141-0500	DEBUG	protocol/handler.go:596	round already finalized
2025-08-15T22:13:18.141-0500	DEBUG	protocol/handler.go:581	tryAdvanceRound called	{"{current_round 20 3  <nil>}": {"Key":"self","Type":15,"Integer":0,"String":"b","Interface":null}}
2025-08-15T22:13:18.141-0500	DEBUG	protocol/handler.go:1591	have processed broadcast	{"{round 20 3  <nil>}": {"Key":"from","Type":15,"Integer":0,"String":"a","Interface":null}}
2025-08-15T22:13:18.141-0500	DEBUG	protocol/handler.go:1591	have processed broadcast	{"{round 20 3  <nil>}": {"Key":"from","Type":15,"Integer":0,"String":"c","Interface":null}}
2025-08-15T22:13:18.141-0500	DEBUG	protocol/handler.go:1649	have all messages and processed	{"{round 20 3  <nil>}": {"Key":"self","Type":15,"Integer":0,"String":"b","Interface":null}}
2025-08-15T22:13:18.141-0500	DEBUG	protocol/handler.go:596	round already finalized
2025-08-15T22:13:18.189-0500	DEBUG	protocol/handler.go:581	tryAdvanceRound called	{"{current_round 20 3  <nil>}": {"Key":"self","Type":15,"Integer":0,"String":"a","Interface":null}}
2025-08-15T22:13:18.189-0500	DEBUG	protocol/handler.go:1591	have processed broadcast	{"{round 20 3  <nil>}": {"Key":"from","Type":15,"Integer":0,"String":"b","Interface":null}}
2025-08-15T22:13:18.189-0500	DEBUG	protocol/handler.go:1591	have processed broadcast	{"{round 20 3  <nil>}": {"Key":"from","Type":15,"Integer":0,"String":"c","Interface":null}}
2025-08-15T22:13:18.189-0500	DEBUG	protocol/handler.go:1649	have all messages and processed	{"{round 20 3  <nil>}": {"Key":"self","Type":15,"Integer":0,"String":"a","Interface":null}}
2025-08-15T22:13:18.189-0500	DEBUG	protocol/handler.go:596	round already finalized
2025-08-15T22:13:18.189-0500	DEBUG	protocol/handler.go:581	tryAdvanceRound called	{"{current_round 20 3  <nil>}": {"Key":"self","Type":15,"Integer":0,"String":"a","Interface":null}}
2025-08-15T22:13:18.190-0500	DEBUG	protocol/handler.go:1591	have processed broadcast	{"{round 20 3  <nil>}": {"Key":"from","Type":15,"Integer":0,"String":"b","Interface":null}}
2025-08-15T22:13:18.190-0500	DEBUG	protocol/handler.go:1591	have processed broadcast	{"{round 20 3  <nil>}": {"Key":"from","Type":15,"Integer":0,"String":"c","Interface":null}}
2025-08-15T22:13:18.190-0500	DEBUG	protocol/handler.go:1649	have all messages and processed	{"{round 20 3  <nil>}": {"Key":"self","Type":15,"Integer":0,"String":"a","Interface":null}}
2025-08-15T22:13:18.190-0500	DEBUG	protocol/handler.go:596	round already finalized
2025-08-15T22:13:18.190-0500	DEBUG	protocol/handler.go:581	tryAdvanceRound called	{"{current_round 20 3  <nil>}": {"Key":"self","Type":15,"Integer":0,"String":"b","Interface":null}}
2025-08-15T22:13:18.128-0500	DEBUG	protocol/handler.go:1591	have processed broadcast	{"{round 20 3  <nil>}": {"Key":"from","Type":15,"Integer":0,"String":"a","Interface":null}}
2025-08-15T22:13:18.190-0500	DEBUG	protocol/handler.go:1591	have processed broadcast	{"{round 20 3  <nil>}": {"Key":"from","Type":15,"Integer":0,"String":"b","Interface":null}}
2025-08-15T22:13:18.190-0500	DEBUG	protocol/handler.go:1649	have all messages and processed	{"{round 20 3  <nil>}": {"Key":"self","Type":15,"Integer":0,"String":"c","Interface":null}}
2025-08-15T22:13:18.190-0500	DEBUG	protocol/handler.go:596	round already finalized
2025-08-15T22:13:18.190-0500	DEBUG	protocol/handler.go:581	tryAdvanceRound called	{"{current_round 20 3  <nil>}": {"Key":"self","Type":15,"Integer":0,"String":"c","Interface":null}}
2025-08-15T22:13:18.190-0500	DEBUG	protocol/handler.go:1591	have processed broadcast	{"{round 20 3  <nil>}": {"Key":"from","Type":15,"Integer":0,"String":"a","Interface":null}}
2025-08-15T22:13:18.190-0500	DEBUG	protocol/handler.go:1591	have processed broadcast	{"{round 20 3  <nil>}": {"Key":"from","Type":15,"Integer":0,"String":"b","Interface":null}}
2025-08-15T22:13:18.190-0500	DEBUG	protocol/handler.go:1649	have all messages and processed	{"{round 20 3  <nil>}": {"Key":"self","Type":15,"Integer":0,"String":"c","Interface":null}}
2025-08-15T22:13:18.190-0500	DEBUG	protocol/handler.go:596	round already finalized
2025-08-15T22:13:18.190-0500	DEBUG	protocol/handler.go:1591	have processed broadcast	{"{round 20 3  <nil>}": {"Key":"from","Type":15,"Integer":0,"String":"a","Interface":null}}
2025-08-15T22:13:18.190-0500	DEBUG	protocol/handler.go:1591	have processed broadcast	{"{round 20 3  <nil>}": {"Key":"from","Type":15,"Integer":0,"String":"c","Interface":null}}
2025-08-15T22:13:18.190-0500	DEBUG	protocol/handler.go:1649	have all messages and processed	{"{round 20 3  <nil>}": {"Key":"self","Type":15,"Integer":0,"String":"b","Interface":null}}
2025-08-15T22:13:18.190-0500	DEBUG	protocol/handler.go:596	round already finalized
2025-08-15T22:13:18.190-0500	DEBUG	protocol/handler.go:581	tryAdvanceRound called	{"{current_round 20 3  <nil>}": {"Key":"self","Type":15,"Integer":0,"String":"b","Interface":null}}
2025-08-15T22:13:18.190-0500	DEBUG	protocol/handler.go:1591	have processed broadcast	{"{round 20 3  <nil>}": {"Key":"from","Type":15,"Integer":0,"String":"a","Interface":null}}
2025-08-15T22:13:18.190-0500	DEBUG	protocol/handler.go:1591	have processed broadcast	{"{round 20 3  <nil>}": {"Key":"from","Type":15,"Integer":0,"String":"c","Interface":null}}
2025-08-15T22:13:18.190-0500	DEBUG	protocol/handler.go:1649	have all messages and processed	{"{round 20 3  <nil>}": {"Key":"self","Type":15,"Integer":0,"String":"b","Interface":null}}
2025-08-15T22:13:18.190-0500	DEBUG	protocol/handler.go:596	round already finalized
2025-08-15T22:13:18.263-0500	DEBUG	protocol/handler.go:581	tryAdvanceRound called	{"{current_round 20 3  <nil>}": {"Key":"self","Type":15,"Integer":0,"String":"b","Interface":null}}
2025-08-15T22:13:18.264-0500	DEBUG	protocol/handler.go:1591	have processed broadcast	{"{round 20 3  <nil>}": {"Key":"from","Type":15,"Integer":0,"String":"a","Interface":null}}
2025-08-15T22:13:18.264-0500	DEBUG	protocol/handler.go:1591	have processed broadcast	{"{round 20 3  <nil>}": {"Key":"from","Type":15,"Integer":0,"String":"c","Interface":null}}
2025-08-15T22:13:18.264-0500	DEBUG	protocol/handler.go:1649	have all messages and processed	{"{round 20 3  <nil>}": {"Key":"self","Type":15,"Integer":0,"String":"b","Interface":null}}
2025-08-15T22:13:18.264-0500	DEBUG	protocol/handler.go:596	round already finalized
2025-08-15T22:13:18.264-0500	DEBUG	protocol/handler.go:581	tryAdvanceRound called	{"{current_round 20 3  <nil>}": {"Key":"self","Type":15,"Integer":0,"String":"b","Interface":null}}
2025-08-15T22:13:18.221-0500	DEBUG	protocol/handler.go:581	tryAdvanceRound called	{"{current_round 20 3  <nil>}": {"Key":"self","Type":15,"Integer":0,"String":"c","Interface":null}}
2025-08-15T22:13:18.267-0500	DEBUG	protocol/handler.go:1591	have processed broadcast	{"{round 20 3  <nil>}": {"Key":"from","Type":15,"Integer":0,"String":"a","Interface":null}}
2025-08-15T22:13:18.267-0500	DEBUG	protocol/handler.go:1591	have processed broadcast	{"{round 20 3  <nil>}": {"Key":"from","Type":15,"Integer":0,"String":"b","Interface":null}}
2025-08-15T22:13:18.267-0500	DEBUG	protocol/handler.go:1649	have all messages and processed	{"{round 20 3  <nil>}": {"Key":"self","Type":15,"Integer":0,"String":"c","Interface":null}}
2025-08-15T22:13:18.268-0500	DEBUG	protocol/handler.go:596	round already finalized
2025-08-15T22:13:18.268-0500	DEBUG	protocol/handler.go:581	tryAdvanceRound called	{"{current_round 20 3  <nil>}": {"Key":"self","Type":15,"Integer":0,"String":"c","Interface":null}}
2025-08-15T22:13:18.269-0500	DEBUG	protocol/handler.go:1591	have processed broadcast	{"{round 20 3  <nil>}": {"Key":"from","Type":15,"Integer":0,"String":"a","Interface":null}}
2025-08-15T22:13:18.269-0500	DEBUG	protocol/handler.go:1591	have processed broadcast	{"{round 20 3  <nil>}": {"Key":"from","Type":15,"Integer":0,"String":"c","Interface":null}}
2025-08-15T22:13:18.269-0500	DEBUG	protocol/handler.go:1649	have all messages and processed	{"{round 20 3  <nil>}": {"Key":"self","Type":15,"Integer":0,"String":"b","Interface":null}}
2025-08-15T22:13:18.268-0500	DEBUG	protocol/handler.go:1591	have processed broadcast	{"{round 20 3  <nil>}": {"Key":"from","Type":15,"Integer":0,"String":"a","Interface":null}}
2025-08-15T22:13:18.269-0500	DEBUG	protocol/handler.go:596	round already finalized
2025-08-15T22:13:18.275-0500	DEBUG	protocol/handler.go:581	tryAdvanceRound called	{"{current_round 20 3  <nil>}": {"Key":"self","Type":15,"Integer":0,"String":"a","Interface":null}}
2025-08-15T22:13:18.275-0500	DEBUG	protocol/handler.go:1591	have processed broadcast	{"{round 20 3  <nil>}": {"Key":"from","Type":15,"Integer":0,"String":"b","Interface":null}}
2025-08-15T22:13:18.275-0500	DEBUG	protocol/handler.go:1649	have all messages and processed	{"{round 20 3  <nil>}": {"Key":"self","Type":15,"Integer":0,"String":"c","Interface":null}}
2025-08-15T22:13:18.275-0500	DEBUG	protocol/handler.go:596	round already finalized
2025-08-15T22:13:18.275-0500	DEBUG	protocol/handler.go:581	tryAdvanceRound called	{"{current_round 20 3  <nil>}": {"Key":"self","Type":15,"Integer":0,"String":"c","Interface":null}}
2025-08-15T22:13:18.276-0500	DEBUG	protocol/handler.go:1591	have processed broadcast	{"{round 20 3  <nil>}": {"Key":"from","Type":15,"Integer":0,"String":"a","Interface":null}}
2025-08-15T22:13:18.276-0500	DEBUG	protocol/handler.go:1591	have processed broadcast	{"{round 20 3  <nil>}": {"Key":"from","Type":15,"Integer":0,"String":"b","Interface":null}}
2025-08-15T22:13:18.276-0500	DEBUG	protocol/handler.go:1649	have all messages and processed	{"{round 20 3  <nil>}": {"Key":"self","Type":15,"Integer":0,"String":"c","Interface":null}}
2025-08-15T22:13:18.276-0500	DEBUG	protocol/handler.go:596	round already finalized
2025-08-15T22:13:18.275-0500	DEBUG	protocol/handler.go:1591	have processed broadcast	{"{round 20 3  <nil>}": {"Key":"from","Type":15,"Integer":0,"String":"b","Interface":null}}
2025-08-15T22:13:18.279-0500	DEBUG	protocol/handler.go:1591	have processed broadcast	{"{round 20 3  <nil>}": {"Key":"from","Type":15,"Integer":0,"String":"c","Interface":null}}
2025-08-15T22:13:18.279-0500	DEBUG	protocol/handler.go:1649	have all messages and processed	{"{round 20 3  <nil>}": {"Key":"self","Type":15,"Integer":0,"String":"a","Interface":null}}
2025-08-15T22:13:18.279-0500	DEBUG	protocol/handler.go:596	round already finalized
2025-08-15T22:13:18.279-0500	DEBUG	protocol/handler.go:581	tryAdvanceRound called	{"{current_round 20 3  <nil>}": {"Key":"self","Type":15,"Integer":0,"String":"a","Interface":null}}
2025-08-15T22:13:18.279-0500	DEBUG	protocol/handler.go:1591	have processed broadcast	{"{round 20 3  <nil>}": {"Key":"from","Type":15,"Integer":0,"String":"b","Interface":null}}
2025-08-15T22:13:18.279-0500	DEBUG	protocol/handler.go:1591	have processed broadcast	{"{round 20 3  <nil>}": {"Key":"from","Type":15,"Integer":0,"String":"c","Interface":null}}
2025-08-15T22:13:18.279-0500	DEBUG	protocol/handler.go:1649	have all messages and processed	{"{round 20 3  <nil>}": {"Key":"self","Type":15,"Integer":0,"String":"a","Interface":null}}
2025-08-15T22:13:18.279-0500	DEBUG	protocol/handler.go:596	round already finalized
2025-08-15T22:13:18.282-0500	DEBUG	protocol/handler.go:581	tryAdvanceRound called	{"{current_round 20 3  <nil>}": {"Key":"self","Type":15,"Integer":0,"String":"b","Interface":null}}
2025-08-15T22:13:18.282-0500	DEBUG	protocol/handler.go:1591	have processed broadcast	{"{round 20 3  <nil>}": {"Key":"from","Type":15,"Integer":0,"String":"a","Interface":null}}
2025-08-15T22:13:18.289-0500	DEBUG	protocol/handler.go:1591	have processed broadcast	{"{round 20 3  <nil>}": {"Key":"from","Type":15,"Integer":0,"String":"c","Interface":null}}
2025-08-15T22:13:18.290-0500	DEBUG	protocol/handler.go:1649	have all messages and processed	{"{round 20 3  <nil>}": {"Key":"self","Type":15,"Integer":0,"String":"b","Interface":null}}
2025-08-15T22:13:18.290-0500	DEBUG	protocol/handler.go:596	round already finalized
2025-08-15T22:13:18.290-0500	DEBUG	protocol/handler.go:581	tryAdvanceRound called	{"{current_round 20 3  <nil>}": {"Key":"self","Type":15,"Integer":0,"String":"b","Interface":null}}
2025-08-15T22:13:18.291-0500	DEBUG	protocol/handler.go:1591	have processed broadcast	{"{round 20 3  <nil>}": {"Key":"from","Type":15,"Integer":0,"String":"a","Interface":null}}
2025-08-15T22:13:18.291-0500	DEBUG	protocol/handler.go:1591	have processed broadcast	{"{round 20 3  <nil>}": {"Key":"from","Type":15,"Integer":0,"String":"c","Interface":null}}
2025-08-15T22:13:18.292-0500	DEBUG	protocol/handler.go:1649	have all messages and processed	{"{round 20 3  <nil>}": {"Key":"self","Type":15,"Integer":0,"String":"b","Interface":null}}
2025-08-15T22:13:18.292-0500	DEBUG	protocol/handler.go:596	round already finalized
2025-08-15T22:13:18.316-0500	DEBUG	protocol/handler.go:581	tryAdvanceRound called	{"{current_round 20 3  <nil>}": {"Key":"self","Type":15,"Integer":0,"String":"b","Interface":null}}
2025-08-15T22:13:18.317-0500	DEBUG	protocol/handler.go:1591	have processed broadcast	{"{round 20 3  <nil>}": {"Key":"from","Type":15,"Integer":0,"String":"a","Interface":null}}
2025-08-15T22:13:18.317-0500	DEBUG	protocol/handler.go:1591	have processed broadcast	{"{round 20 3  <nil>}": {"Key":"from","Type":15,"Integer":0,"String":"c","Interface":null}}
2025-08-15T22:13:18.339-0500	DEBUG	protocol/handler.go:581	tryAdvanceRound called	{"{current_round 20 3  <nil>}": {"Key":"self","Type":15,"Integer":0,"String":"c","Interface":null}}
2025-08-15T22:13:18.339-0500	DEBUG	protocol/handler.go:1591	have processed broadcast	{"{round 20 3  <nil>}": {"Key":"from","Type":15,"Integer":0,"String":"a","Interface":null}}
2025-08-15T22:13:18.339-0500	DEBUG	protocol/handler.go:1591	have processed broadcast	{"{round 20 3  <nil>}": {"Key":"from","Type":15,"Integer":0,"String":"b","Interface":null}}
2025-08-15T22:13:18.339-0500	DEBUG	protocol/handler.go:1649	have all messages and processed	{"{round 20 3  <nil>}": {"Key":"self","Type":15,"Integer":0,"String":"c","Interface":null}}
2025-08-15T22:13:18.339-0500	DEBUG	protocol/handler.go:596	round already finalized
2025-08-15T22:13:18.356-0500	DEBUG	protocol/handler.go:581	tryAdvanceRound called	{"{current_round 20 3  <nil>}": {"Key":"self","Type":15,"Integer":0,"String":"c","Interface":null}}
2025-08-15T22:13:18.356-0500	DEBUG	protocol/handler.go:1591	have processed broadcast	{"{round 20 3  <nil>}": {"Key":"from","Type":15,"Integer":0,"String":"a","Interface":null}}
2025-08-15T22:13:18.356-0500	DEBUG	protocol/handler.go:1591	have processed broadcast	{"{round 20 3  <nil>}": {"Key":"from","Type":15,"Integer":0,"String":"b","Interface":null}}
2025-08-15T22:13:18.356-0500	DEBUG	protocol/handler.go:1649	have all messages and processed	{"{round 20 3  <nil>}": {"Key":"self","Type":15,"Integer":0,"String":"c","Interface":null}}
2025-08-15T22:13:18.356-0500	DEBUG	protocol/handler.go:596	round already finalized
2025-08-15T22:13:18.305-0500	DEBUG	protocol/handler.go:581	tryAdvanceRound called	{"{current_round 20 3  <nil>}": {"Key":"self","Type":15,"Integer":0,"String":"a","Interface":null}}
2025-08-15T22:13:18.381-0500	DEBUG	protocol/handler.go:581	tryAdvanceRound called	{"{current_round 20 3  <nil>}": {"Key":"self","Type":15,"Integer":0,"String":"c","Interface":null}}
2025-08-15T22:13:18.381-0500	DEBUG	protocol/handler.go:1591	have processed broadcast	{"{round 20 3  <nil>}": {"Key":"from","Type":15,"Integer":0,"String":"a","Interface":null}}
2025-08-15T22:13:18.381-0500	DEBUG	protocol/handler.go:1591	have processed broadcast	{"{round 20 3  <nil>}": {"Key":"from","Type":15,"Integer":0,"String":"b","Interface":null}}
2025-08-15T22:13:18.381-0500	DEBUG	protocol/handler.go:1591	have processed broadcast	{"{round 20 3  <nil>}": {"Key":"from","Type":15,"Integer":0,"String":"b","Interface":null}}
2025-08-15T22:13:18.381-0500	DEBUG	protocol/handler.go:1591	have processed broadcast	{"{round 20 3  <nil>}": {"Key":"from","Type":15,"Integer":0,"String":"c","Interface":null}}
2025-08-15T22:13:18.381-0500	DEBUG	protocol/handler.go:1649	have all messages and processed	{"{round 20 3  <nil>}": {"Key":"self","Type":15,"Integer":0,"String":"c","Interface":null}}
2025-08-15T22:13:18.381-0500	DEBUG	protocol/handler.go:1649	have all messages and processed	{"{round 20 3  <nil>}": {"Key":"self","Type":15,"Integer":0,"String":"a","Interface":null}}
2025-08-15T22:13:18.381-0500	DEBUG	protocol/handler.go:596	round already finalized
2025-08-15T22:13:18.381-0500	DEBUG	protocol/handler.go:581	tryAdvanceRound called	{"{current_round 20 3  <nil>}": {"Key":"self","Type":15,"Integer":0,"String":"a","Interface":null}}
2025-08-15T22:13:18.381-0500	DEBUG	protocol/handler.go:1591	have processed broadcast	{"{round 20 3  <nil>}": {"Key":"from","Type":15,"Integer":0,"String":"b","Interface":null}}
2025-08-15T22:13:18.381-0500	DEBUG	protocol/handler.go:1591	have processed broadcast	{"{round 20 3  <nil>}": {"Key":"from","Type":15,"Integer":0,"String":"c","Interface":null}}
2025-08-15T22:13:18.381-0500	DEBUG	protocol/handler.go:1649	have all messages and processed	{"{round 20 3  <nil>}": {"Key":"self","Type":15,"Integer":0,"String":"a","Interface":null}}
2025-08-15T22:13:18.381-0500	DEBUG	protocol/handler.go:596	round already finalized
2025-08-15T22:13:18.317-0500	DEBUG	protocol/handler.go:1649	have all messages and processed	{"{round 20 3  <nil>}": {"Key":"self","Type":15,"Integer":0,"String":"b","Interface":null}}
2025-08-15T22:13:18.402-0500	DEBUG	protocol/handler.go:596	round already finalized
2025-08-15T22:13:18.402-0500	DEBUG	protocol/handler.go:581	tryAdvanceRound called	{"{current_round 20 3  <nil>}": {"Key":"self","Type":15,"Integer":0,"String":"b","Interface":null}}
2025-08-15T22:13:18.402-0500	DEBUG	protocol/handler.go:1591	have processed broadcast	{"{round 20 3  <nil>}": {"Key":"from","Type":15,"Integer":0,"String":"a","Interface":null}}
2025-08-15T22:13:18.402-0500	DEBUG	protocol/handler.go:1591	have processed broadcast	{"{round 20 3  <nil>}": {"Key":"from","Type":15,"Integer":0,"String":"c","Interface":null}}
2025-08-15T22:13:18.403-0500	DEBUG	protocol/handler.go:1649	have all messages and processed	{"{round 20 3  <nil>}": {"Key":"self","Type":15,"Integer":0,"String":"b","Interface":null}}
2025-08-15T22:13:18.403-0500	DEBUG	protocol/handler.go:596	round already finalized
2025-08-15T22:13:18.381-0500	DEBUG	protocol/handler.go:596	round already finalized
2025-08-15T22:13:18.425-0500	DEBUG	protocol/handler.go:581	tryAdvanceRound called	{"{current_round 20 3  <nil>}": {"Key":"self","Type":15,"Integer":0,"String":"c","Interface":null}}
2025-08-15T22:13:18.425-0500	DEBUG	protocol/handler.go:1591	have processed broadcast	{"{round 20 3  <nil>}": {"Key":"from","Type":15,"Integer":0,"String":"a","Interface":null}}
2025-08-15T22:13:18.425-0500	DEBUG	protocol/handler.go:1591	have processed broadcast	{"{round 20 3  <nil>}": {"Key":"from","Type":15,"Integer":0,"String":"b","Interface":null}}
2025-08-15T22:13:18.425-0500	DEBUG	protocol/handler.go:1649	have all messages and processed	{"{round 20 3  <nil>}": {"Key":"self","Type":15,"Integer":0,"String":"c","Interface":null}}
2025-08-15T22:13:18.425-0500	DEBUG	protocol/handler.go:596	round already finalized
2025-08-15T22:13:18.425-0500	DEBUG	protocol/handler.go:581	tryAdvanceRound called	{"{current_round 20 3  <nil>}": {"Key":"self","Type":15,"Integer":0,"String":"a","Interface":null}}
2025-08-15T22:13:18.425-0500	DEBUG	protocol/handler.go:1591	have processed broadcast	{"{round 20 3  <nil>}": {"Key":"from","Type":15,"Integer":0,"String":"b","Interface":null}}
2025-08-15T22:13:18.425-0500	DEBUG	protocol/handler.go:1591	have processed broadcast	{"{round 20 3  <nil>}": {"Key":"from","Type":15,"Integer":0,"String":"c","Interface":null}}
2025-08-15T22:13:18.425-0500	DEBUG	protocol/handler.go:1649	have all messages and processed	{"{round 20 3  <nil>}": {"Key":"self","Type":15,"Integer":0,"String":"a","Interface":null}}
2025-08-15T22:13:18.425-0500	DEBUG	protocol/handler.go:596	round already finalized
2025-08-15T22:13:18.425-0500	DEBUG	protocol/handler.go:581	tryAdvanceRound called	{"{current_round 20 3  <nil>}": {"Key":"self","Type":15,"Integer":0,"String":"a","Interface":null}}
2025-08-15T22:13:18.425-0500	DEBUG	protocol/handler.go:1591	have processed broadcast	{"{round 20 3  <nil>}": {"Key":"from","Type":15,"Integer":0,"String":"b","Interface":null}}
2025-08-15T22:13:18.425-0500	DEBUG	protocol/handler.go:1591	have processed broadcast	{"{round 20 3  <nil>}": {"Key":"from","Type":15,"Integer":0,"String":"c","Interface":null}}
2025-08-15T22:13:18.425-0500	DEBUG	protocol/handler.go:1649	have all messages and processed	{"{round 20 3  <nil>}": {"Key":"self","Type":15,"Integer":0,"String":"a","Interface":null}}
2025-08-15T22:13:18.425-0500	DEBUG	protocol/handler.go:596	round already finalized
2025-08-15T22:13:18.455-0500	DEBUG	protocol/handler.go:581	tryAdvanceRound called	{"{current_round 20 3  <nil>}": {"Key":"self","Type":15,"Integer":0,"String":"b","Interface":null}}
2025-08-15T22:13:18.473-0500	DEBUG	protocol/handler.go:581	tryAdvanceRound called	{"{current_round 20 3  <nil>}": {"Key":"self","Type":15,"Integer":0,"String":"a","Interface":null}}
2025-08-15T22:13:18.474-0500	DEBUG	protocol/handler.go:1591	have processed broadcast	{"{round 20 3  <nil>}": {"Key":"from","Type":15,"Integer":0,"String":"b","Interface":null}}
2025-08-15T22:13:18.474-0500	DEBUG	protocol/handler.go:1591	have processed broadcast	{"{round 20 3  <nil>}": {"Key":"from","Type":15,"Integer":0,"String":"c","Interface":null}}
2025-08-15T22:13:18.474-0500	DEBUG	protocol/handler.go:1649	have all messages and processed	{"{round 20 3  <nil>}": {"Key":"self","Type":15,"Integer":0,"String":"a","Interface":null}}
2025-08-15T22:13:18.474-0500	DEBUG	protocol/handler.go:596	round already finalized
2025-08-15T22:13:18.474-0500	DEBUG	protocol/handler.go:581	tryAdvanceRound called	{"{current_round 20 3  <nil>}": {"Key":"self","Type":15,"Integer":0,"String":"a","Interface":null}}
2025-08-15T22:13:18.482-0500	DEBUG	protocol/handler.go:1591	have processed broadcast	{"{round 20 3  <nil>}": {"Key":"from","Type":15,"Integer":0,"String":"b","Interface":null}}
2025-08-15T22:13:18.497-0500	DEBUG	protocol/handler.go:581	tryAdvanceRound called	{"{current_round 20 3  <nil>}": {"Key":"self","Type":15,"Integer":0,"String":"c","Interface":null}}
2025-08-15T22:13:18.498-0500	DEBUG	protocol/handler.go:1591	have processed broadcast	{"{round 20 3  <nil>}": {"Key":"from","Type":15,"Integer":0,"String":"a","Interface":null}}
2025-08-15T22:13:18.498-0500	DEBUG	protocol/handler.go:1591	have processed broadcast	{"{round 20 3  <nil>}": {"Key":"from","Type":15,"Integer":0,"String":"b","Interface":null}}
2025-08-15T22:13:18.498-0500	DEBUG	protocol/handler.go:1649	have all messages and processed	{"{round 20 3  <nil>}": {"Key":"self","Type":15,"Integer":0,"String":"c","Interface":null}}
2025-08-15T22:13:18.498-0500	DEBUG	protocol/handler.go:596	round already finalized
2025-08-15T22:13:18.498-0500	DEBUG	protocol/handler.go:581	tryAdvanceRound called	{"{current_round 20 3  <nil>}": {"Key":"self","Type":15,"Integer":0,"String":"c","Interface":null}}
2025-08-15T22:13:18.506-0500	DEBUG	protocol/handler.go:1591	have processed broadcast	{"{round 20 3  <nil>}": {"Key":"from","Type":15,"Integer":0,"String":"a","Interface":null}}
2025-08-15T22:13:18.506-0500	DEBUG	protocol/handler.go:1591	have processed broadcast	{"{round 20 3  <nil>}": {"Key":"from","Type":15,"Integer":0,"String":"b","Interface":null}}
2025-08-15T22:13:18.506-0500	DEBUG	protocol/handler.go:1649	have all messages and processed	{"{round 20 3  <nil>}": {"Key":"self","Type":15,"Integer":0,"String":"c","Interface":null}}
2025-08-15T22:13:18.506-0500	DEBUG	protocol/handler.go:596	round already finalized
2025-08-15T22:13:18.506-0500	DEBUG	protocol/handler.go:581	tryAdvanceRound called	{"{current_round 20 3  <nil>}": {"Key":"self","Type":15,"Integer":0,"String":"c","Interface":null}}
2025-08-15T22:13:18.507-0500	DEBUG	protocol/handler.go:1591	have processed broadcast	{"{round 20 3  <nil>}": {"Key":"from","Type":15,"Integer":0,"String":"a","Interface":null}}
2025-08-15T22:13:18.507-0500	DEBUG	protocol/handler.go:1591	have processed broadcast	{"{round 20 3  <nil>}": {"Key":"from","Type":15,"Integer":0,"String":"b","Interface":null}}
2025-08-15T22:13:18.507-0500	DEBUG	protocol/handler.go:1649	have all messages and processed	{"{round 20 3  <nil>}": {"Key":"self","Type":15,"Integer":0,"String":"c","Interface":null}}
2025-08-15T22:13:18.515-0500	DEBUG	protocol/handler.go:596	round already finalized
2025-08-15T22:13:18.518-0500	DEBUG	protocol/handler.go:581	tryAdvanceRound called	{"{current_round 20 3  <nil>}": {"Key":"self","Type":15,"Integer":0,"String":"c","Interface":null}}
2025-08-15T22:13:18.462-0500	DEBUG	protocol/handler.go:1591	have processed broadcast	{"{round 20 3  <nil>}": {"Key":"from","Type":15,"Integer":0,"String":"a","Interface":null}}
2025-08-15T22:13:18.520-0500	DEBUG	protocol/handler.go:1591	have processed broadcast	{"{round 20 3  <nil>}": {"Key":"from","Type":15,"Integer":0,"String":"a","Interface":null}}
2025-08-15T22:13:18.521-0500	DEBUG	protocol/handler.go:1591	have processed broadcast	{"{round 20 3  <nil>}": {"Key":"from","Type":15,"Integer":0,"String":"b","Interface":null}}
2025-08-15T22:13:18.521-0500	DEBUG	protocol/handler.go:1649	have all messages and processed	{"{round 20 3  <nil>}": {"Key":"self","Type":15,"Integer":0,"String":"c","Interface":null}}
2025-08-15T22:13:18.521-0500	DEBUG	protocol/handler.go:596	round already finalized
2025-08-15T22:13:18.521-0500	DEBUG	protocol/handler.go:581	tryAdvanceRound called	{"{current_round 20 3  <nil>}": {"Key":"self","Type":15,"Integer":0,"String":"c","Interface":null}}
2025-08-15T22:13:18.521-0500	DEBUG	protocol/handler.go:1591	have processed broadcast	{"{round 20 3  <nil>}": {"Key":"from","Type":15,"Integer":0,"String":"a","Interface":null}}
2025-08-15T22:13:18.526-0500	DEBUG	protocol/handler.go:1591	have processed broadcast	{"{round 20 3  <nil>}": {"Key":"from","Type":15,"Integer":0,"String":"b","Interface":null}}
2025-08-15T22:13:18.526-0500	DEBUG	protocol/handler.go:1649	have all messages and processed	{"{round 20 3  <nil>}": {"Key":"self","Type":15,"Integer":0,"String":"c","Interface":null}}
2025-08-15T22:13:18.526-0500	DEBUG	protocol/handler.go:596	round already finalized
2025-08-15T22:13:18.519-0500	DEBUG	protocol/handler.go:1591	have processed broadcast	{"{round 20 3  <nil>}": {"Key":"from","Type":15,"Integer":0,"String":"c","Interface":null}}
2025-08-15T22:13:18.526-0500	DEBUG	protocol/handler.go:1649	have all messages and processed	{"{round 20 3  <nil>}": {"Key":"self","Type":15,"Integer":0,"String":"b","Interface":null}}
2025-08-15T22:13:18.527-0500	DEBUG	protocol/handler.go:596	round already finalized
2025-08-15T22:13:18.527-0500	DEBUG	protocol/handler.go:581	tryAdvanceRound called	{"{current_round 20 3  <nil>}": {"Key":"self","Type":15,"Integer":0,"String":"b","Interface":null}}
2025-08-15T22:13:18.528-0500	DEBUG	protocol/handler.go:1591	have processed broadcast	{"{round 20 3  <nil>}": {"Key":"from","Type":15,"Integer":0,"String":"a","Interface":null}}
2025-08-15T22:13:18.483-0500	DEBUG	protocol/handler.go:1591	have processed broadcast	{"{round 20 3  <nil>}": {"Key":"from","Type":15,"Integer":0,"String":"c","Interface":null}}
2025-08-15T22:13:18.544-0500	DEBUG	protocol/handler.go:581	tryAdvanceRound called	{"{current_round 20 3  <nil>}": {"Key":"self","Type":15,"Integer":0,"String":"c","Interface":null}}
2025-08-15T22:13:18.544-0500	DEBUG	protocol/handler.go:1591	have processed broadcast	{"{round 20 3  <nil>}": {"Key":"from","Type":15,"Integer":0,"String":"a","Interface":null}}
2025-08-15T22:13:18.544-0500	DEBUG	protocol/handler.go:1591	have processed broadcast	{"{round 20 3  <nil>}": {"Key":"from","Type":15,"Integer":0,"String":"b","Interface":null}}
2025-08-15T22:13:18.544-0500	DEBUG	protocol/handler.go:1649	have all messages and processed	{"{round 20 3  <nil>}": {"Key":"self","Type":15,"Integer":0,"String":"c","Interface":null}}
2025-08-15T22:13:18.544-0500	DEBUG	protocol/handler.go:596	round already finalized
2025-08-15T22:13:18.544-0500	DEBUG	protocol/handler.go:1649	have all messages and processed	{"{round 20 3  <nil>}": {"Key":"self","Type":15,"Integer":0,"String":"a","Interface":null}}
2025-08-15T22:13:18.558-0500	DEBUG	protocol/handler.go:596	round already finalized
2025-08-15T22:13:18.558-0500	DEBUG	protocol/handler.go:581	tryAdvanceRound called	{"{current_round 20 3  <nil>}": {"Key":"self","Type":15,"Integer":0,"String":"a","Interface":null}}
2025-08-15T22:13:18.558-0500	DEBUG	protocol/handler.go:1591	have processed broadcast	{"{round 20 3  <nil>}": {"Key":"from","Type":15,"Integer":0,"String":"b","Interface":null}}
2025-08-15T22:13:18.558-0500	DEBUG	protocol/handler.go:1591	have processed broadcast	{"{round 20 3  <nil>}": {"Key":"from","Type":15,"Integer":0,"String":"c","Interface":null}}
2025-08-15T22:13:18.558-0500	DEBUG	protocol/handler.go:1649	have all messages and processed	{"{round 20 3  <nil>}": {"Key":"self","Type":15,"Integer":0,"String":"a","Interface":null}}
2025-08-15T22:13:18.558-0500	DEBUG	protocol/handler.go:596	round already finalized
2025-08-15T22:13:18.567-0500	DEBUG	protocol/handler.go:581	tryAdvanceRound called	{"{current_round 20 3  <nil>}": {"Key":"self","Type":15,"Integer":0,"String":"c","Interface":null}}
2025-08-15T22:13:18.571-0500	DEBUG	protocol/handler.go:1591	have processed broadcast	{"{round 20 3  <nil>}": {"Key":"from","Type":15,"Integer":0,"String":"a","Interface":null}}
2025-08-15T22:13:18.571-0500	DEBUG	protocol/handler.go:1591	have processed broadcast	{"{round 20 3  <nil>}": {"Key":"from","Type":15,"Integer":0,"String":"b","Interface":null}}
2025-08-15T22:13:18.571-0500	DEBUG	protocol/handler.go:1649	have all messages and processed	{"{round 20 3  <nil>}": {"Key":"self","Type":15,"Integer":0,"String":"c","Interface":null}}
2025-08-15T22:13:18.571-0500	DEBUG	protocol/handler.go:596	round already finalized
2025-08-15T22:13:18.578-0500	DEBUG	protocol/handler.go:581	tryAdvanceRound called	{"{current_round 20 3  <nil>}": {"Key":"self","Type":15,"Integer":0,"String":"a","Interface":null}}
2025-08-15T22:13:18.578-0500	DEBUG	protocol/handler.go:1591	have processed broadcast	{"{round 20 3  <nil>}": {"Key":"from","Type":15,"Integer":0,"String":"b","Interface":null}}
2025-08-15T22:13:18.579-0500	DEBUG	protocol/handler.go:1591	have processed broadcast	{"{round 20 3  <nil>}": {"Key":"from","Type":15,"Integer":0,"String":"c","Interface":null}}
2025-08-15T22:13:18.579-0500	DEBUG	protocol/handler.go:1649	have all messages and processed	{"{round 20 3  <nil>}": {"Key":"self","Type":15,"Integer":0,"String":"a","Interface":null}}
2025-08-15T22:13:18.579-0500	DEBUG	protocol/handler.go:596	round already finalized
2025-08-15T22:13:18.591-0500	DEBUG	protocol/handler.go:581	tryAdvanceRound called	{"{current_round 20 3  <nil>}": {"Key":"self","Type":15,"Integer":0,"String":"c","Interface":null}}
2025-08-15T22:13:18.598-0500	DEBUG	protocol/handler.go:1591	have processed broadcast	{"{round 20 3  <nil>}": {"Key":"from","Type":15,"Integer":0,"String":"a","Interface":null}}
2025-08-15T22:13:18.602-0500	DEBUG	protocol/handler.go:581	tryAdvanceRound called	{"{current_round 20 3  <nil>}": {"Key":"self","Type":15,"Integer":0,"String":"a","Interface":null}}
2025-08-15T22:13:18.602-0500	DEBUG	protocol/handler.go:1591	have processed broadcast	{"{round 20 3  <nil>}": {"Key":"from","Type":15,"Integer":0,"String":"b","Interface":null}}
2025-08-15T22:13:18.602-0500	DEBUG	protocol/handler.go:1591	have processed broadcast	{"{round 20 3  <nil>}": {"Key":"from","Type":15,"Integer":0,"String":"b","Interface":null}}
2025-08-15T22:13:18.602-0500	DEBUG	protocol/handler.go:1591	have processed broadcast	{"{round 20 3  <nil>}": {"Key":"from","Type":15,"Integer":0,"String":"c","Interface":null}}
2025-08-15T22:13:18.602-0500	DEBUG	protocol/handler.go:1649	have all messages and processed	{"{round 20 3  <nil>}": {"Key":"self","Type":15,"Integer":0,"String":"c","Interface":null}}
2025-08-15T22:13:18.603-0500	DEBUG	protocol/handler.go:596	round already finalized
2025-08-15T22:13:18.528-0500	DEBUG	protocol/handler.go:1591	have processed broadcast	{"{round 20 3  <nil>}": {"Key":"from","Type":15,"Integer":0,"String":"c","Interface":null}}
2025-08-15T22:13:18.603-0500	DEBUG	protocol/handler.go:1649	have all messages and processed	{"{round 20 3  <nil>}": {"Key":"self","Type":15,"Integer":0,"String":"b","Interface":null}}
2025-08-15T22:13:18.603-0500	DEBUG	protocol/handler.go:596	round already finalized
2025-08-15T22:13:18.603-0500	DEBUG	protocol/handler.go:581	tryAdvanceRound called	{"{current_round 20 3  <nil>}": {"Key":"self","Type":15,"Integer":0,"String":"b","Interface":null}}
2025-08-15T22:13:18.604-0500	DEBUG	protocol/handler.go:1591	have processed broadcast	{"{round 20 3  <nil>}": {"Key":"from","Type":15,"Integer":0,"String":"a","Interface":null}}
2025-08-15T22:13:18.604-0500	DEBUG	protocol/handler.go:1591	have processed broadcast	{"{round 20 3  <nil>}": {"Key":"from","Type":15,"Integer":0,"String":"c","Interface":null}}
2025-08-15T22:13:18.604-0500	DEBUG	protocol/handler.go:1649	have all messages and processed	{"{round 20 3  <nil>}": {"Key":"self","Type":15,"Integer":0,"String":"b","Interface":null}}
2025-08-15T22:13:18.604-0500	DEBUG	protocol/handler.go:596	round already finalized
2025-08-15T22:13:18.610-0500	DEBUG	protocol/handler.go:581	tryAdvanceRound called	{"{current_round 20 3  <nil>}": {"Key":"self","Type":15,"Integer":0,"String":"c","Interface":null}}
2025-08-15T22:13:18.610-0500	DEBUG	protocol/handler.go:1591	have processed broadcast	{"{round 20 3  <nil>}": {"Key":"from","Type":15,"Integer":0,"String":"a","Interface":null}}
2025-08-15T22:13:18.610-0500	DEBUG	protocol/handler.go:1591	have processed broadcast	{"{round 20 3  <nil>}": {"Key":"from","Type":15,"Integer":0,"String":"b","Interface":null}}
2025-08-15T22:13:18.610-0500	DEBUG	protocol/handler.go:1649	have all messages and processed	{"{round 20 3  <nil>}": {"Key":"self","Type":15,"Integer":0,"String":"c","Interface":null}}
2025-08-15T22:13:18.610-0500	DEBUG	protocol/handler.go:596	round already finalized
2025-08-15T22:13:18.610-0500	DEBUG	protocol/handler.go:581	tryAdvanceRound called	{"{current_round 20 3  <nil>}": {"Key":"self","Type":15,"Integer":0,"String":"c","Interface":null}}
2025-08-15T22:13:18.610-0500	DEBUG	protocol/handler.go:1591	have processed broadcast	{"{round 20 3  <nil>}": {"Key":"from","Type":15,"Integer":0,"String":"a","Interface":null}}
2025-08-15T22:13:18.610-0500	DEBUG	protocol/handler.go:1591	have processed broadcast	{"{round 20 3  <nil>}": {"Key":"from","Type":15,"Integer":0,"String":"b","Interface":null}}
2025-08-15T22:13:18.611-0500	DEBUG	protocol/handler.go:1649	have all messages and processed	{"{round 20 3  <nil>}": {"Key":"self","Type":15,"Integer":0,"String":"c","Interface":null}}
2025-08-15T22:13:18.611-0500	DEBUG	protocol/handler.go:596	round already finalized
2025-08-15T22:13:18.603-0500	DEBUG	protocol/handler.go:1649	have all messages and processed	{"{round 20 3  <nil>}": {"Key":"self","Type":15,"Integer":0,"String":"a","Interface":null}}
2025-08-15T22:13:18.611-0500	DEBUG	protocol/handler.go:596	round already finalized
2025-08-15T22:13:18.611-0500	DEBUG	protocol/handler.go:581	tryAdvanceRound called	{"{current_round 20 3  <nil>}": {"Key":"self","Type":15,"Integer":0,"String":"a","Interface":null}}
2025-08-15T22:13:18.611-0500	DEBUG	protocol/handler.go:1591	have processed broadcast	{"{round 20 3  <nil>}": {"Key":"from","Type":15,"Integer":0,"String":"b","Interface":null}}
2025-08-15T22:13:18.611-0500	DEBUG	protocol/handler.go:1591	have processed broadcast	{"{round 20 3  <nil>}": {"Key":"from","Type":15,"Integer":0,"String":"c","Interface":null}}
2025-08-15T22:13:18.611-0500	DEBUG	protocol/handler.go:1649	have all messages and processed	{"{round 20 3  <nil>}": {"Key":"self","Type":15,"Integer":0,"String":"a","Interface":null}}
2025-08-15T22:13:18.611-0500	DEBUG	protocol/handler.go:596	round already finalized
2025-08-15T22:13:18.611-0500	DEBUG	protocol/handler.go:581	tryAdvanceRound called	{"{current_round 20 3  <nil>}": {"Key":"self","Type":15,"Integer":0,"String":"c","Interface":null}}
2025-08-15T22:13:18.611-0500	DEBUG	protocol/handler.go:1591	have processed broadcast	{"{round 20 3  <nil>}": {"Key":"from","Type":15,"Integer":0,"String":"a","Interface":null}}
2025-08-15T22:13:18.611-0500	DEBUG	protocol/handler.go:1591	have processed broadcast	{"{round 20 3  <nil>}": {"Key":"from","Type":15,"Integer":0,"String":"b","Interface":null}}
2025-08-15T22:13:18.611-0500	DEBUG	protocol/handler.go:1649	have all messages and processed	{"{round 20 3  <nil>}": {"Key":"self","Type":15,"Integer":0,"String":"c","Interface":null}}
2025-08-15T22:13:18.611-0500	DEBUG	protocol/handler.go:596	round already finalized
2025-08-15T22:13:18.624-0500	DEBUG	protocol/handler.go:581	tryAdvanceRound called	{"{current_round 20 3  <nil>}": {"Key":"self","Type":15,"Integer":0,"String":"c","Interface":null}}
2025-08-15T22:13:18.624-0500	DEBUG	protocol/handler.go:1591	have processed broadcast	{"{round 20 3  <nil>}": {"Key":"from","Type":15,"Integer":0,"String":"a","Interface":null}}
2025-08-15T22:13:18.624-0500	DEBUG	protocol/handler.go:1591	have processed broadcast	{"{round 20 3  <nil>}": {"Key":"from","Type":15,"Integer":0,"String":"b","Interface":null}}
2025-08-15T22:13:18.624-0500	DEBUG	protocol/handler.go:1649	have all messages and processed	{"{round 20 3  <nil>}": {"Key":"self","Type":15,"Integer":0,"String":"c","Interface":null}}
2025-08-15T22:13:18.624-0500	DEBUG	protocol/handler.go:596	round already finalized
2025-08-15T22:13:18.646-0500	DEBUG	protocol/handler.go:581	tryAdvanceRound called	{"{current_round 20 3  <nil>}": {"Key":"self","Type":15,"Integer":0,"String":"a","Interface":null}}
2025-08-15T22:13:18.646-0500	DEBUG	protocol/handler.go:1591	have processed broadcast	{"{round 20 3  <nil>}": {"Key":"from","Type":15,"Integer":0,"String":"b","Interface":null}}
2025-08-15T22:13:18.646-0500	DEBUG	protocol/handler.go:1591	have processed broadcast	{"{round 20 3  <nil>}": {"Key":"from","Type":15,"Integer":0,"String":"c","Interface":null}}
2025-08-15T22:13:18.646-0500	DEBUG	protocol/handler.go:1649	have all messages and processed	{"{round 20 3  <nil>}": {"Key":"self","Type":15,"Integer":0,"String":"a","Interface":null}}
2025-08-15T22:13:18.646-0500	DEBUG	protocol/handler.go:596	round already finalized
2025-08-15T22:13:18.646-0500	DEBUG	protocol/handler.go:581	tryAdvanceRound called	{"{current_round 20 3  <nil>}": {"Key":"self","Type":15,"Integer":0,"String":"a","Interface":null}}
2025-08-15T22:13:18.646-0500	DEBUG	protocol/handler.go:1591	have processed broadcast	{"{round 20 3  <nil>}": {"Key":"from","Type":15,"Integer":0,"String":"b","Interface":null}}
2025-08-15T22:13:18.647-0500	DEBUG	protocol/handler.go:1591	have processed broadcast	{"{round 20 3  <nil>}": {"Key":"from","Type":15,"Integer":0,"String":"c","Interface":null}}
2025-08-15T22:13:18.647-0500	DEBUG	protocol/handler.go:1649	have all messages and processed	{"{round 20 3  <nil>}": {"Key":"self","Type":15,"Integer":0,"String":"a","Interface":null}}
2025-08-15T22:13:18.650-0500	DEBUG	protocol/handler.go:596	round already finalized
2025-08-15T22:13:18.650-0500	DEBUG	protocol/handler.go:581	tryAdvanceRound called	{"{current_round 20 3  <nil>}": {"Key":"self","Type":15,"Integer":0,"String":"a","Interface":null}}
2025-08-15T22:13:18.650-0500	DEBUG	protocol/handler.go:1591	have processed broadcast	{"{round 20 3  <nil>}": {"Key":"from","Type":15,"Integer":0,"String":"b","Interface":null}}
2025-08-15T22:13:18.650-0500	DEBUG	protocol/handler.go:1591	have processed broadcast	{"{round 20 3  <nil>}": {"Key":"from","Type":15,"Integer":0,"String":"c","Interface":null}}
2025-08-15T22:13:18.650-0500	DEBUG	protocol/handler.go:1649	have all messages and processed	{"{round 20 3  <nil>}": {"Key":"self","Type":15,"Integer":0,"String":"a","Interface":null}}
2025-08-15T22:13:18.650-0500	DEBUG	protocol/handler.go:596	round already finalized
2025-08-15T22:13:18.650-0500	DEBUG	protocol/handler.go:581	tryAdvanceRound called	{"{current_round 20 3  <nil>}": {"Key":"self","Type":15,"Integer":0,"String":"c","Interface":null}}
2025-08-15T22:13:18.650-0500	DEBUG	protocol/handler.go:1591	have processed broadcast	{"{round 20 3  <nil>}": {"Key":"from","Type":15,"Integer":0,"String":"a","Interface":null}}
2025-08-15T22:13:18.650-0500	DEBUG	protocol/handler.go:1591	have processed broadcast	{"{round 20 3  <nil>}": {"Key":"from","Type":15,"Integer":0,"String":"b","Interface":null}}
2025-08-15T22:13:18.650-0500	DEBUG	protocol/handler.go:581	tryAdvanceRound called	{"{current_round 20 3  <nil>}": {"Key":"self","Type":15,"Integer":0,"String":"b","Interface":null}}
2025-08-15T22:13:18.650-0500	DEBUG	protocol/handler.go:1649	have all messages and processed	{"{round 20 3  <nil>}": {"Key":"self","Type":15,"Integer":0,"String":"c","Interface":null}}
2025-08-15T22:13:18.650-0500	DEBUG	protocol/handler.go:596	round already finalized
2025-08-15T22:13:18.650-0500	DEBUG	protocol/handler.go:1591	have processed broadcast	{"{round 20 3  <nil>}": {"Key":"from","Type":15,"Integer":0,"String":"a","Interface":null}}
2025-08-15T22:13:18.650-0500	DEBUG	protocol/handler.go:1591	have processed broadcast	{"{round 20 3  <nil>}": {"Key":"from","Type":15,"Integer":0,"String":"c","Interface":null}}
2025-08-15T22:13:18.650-0500	DEBUG	protocol/handler.go:1649	have all messages and processed	{"{round 20 3  <nil>}": {"Key":"self","Type":15,"Integer":0,"String":"b","Interface":null}}
2025-08-15T22:13:18.650-0500	DEBUG	protocol/handler.go:596	round already finalized
2025-08-15T22:13:18.650-0500	DEBUG	protocol/handler.go:581	tryAdvanceRound called	{"{current_round 20 3  <nil>}": {"Key":"self","Type":15,"Integer":0,"String":"b","Interface":null}}
2025-08-15T22:13:18.650-0500	DEBUG	protocol/handler.go:1591	have processed broadcast	{"{round 20 3  <nil>}": {"Key":"from","Type":15,"Integer":0,"String":"a","Interface":null}}
2025-08-15T22:13:18.650-0500	DEBUG	protocol/handler.go:1591	have processed broadcast	{"{round 20 3  <nil>}": {"Key":"from","Type":15,"Integer":0,"String":"c","Interface":null}}
2025-08-15T22:13:18.650-0500	DEBUG	protocol/handler.go:1649	have all messages and processed	{"{round 20 3  <nil>}": {"Key":"self","Type":15,"Integer":0,"String":"b","Interface":null}}
2025-08-15T22:13:18.650-0500	DEBUG	protocol/handler.go:596	round already finalized
2025-08-15T22:13:18.651-0500	DEBUG	protocol/handler.go:581	tryAdvanceRound called	{"{current_round 20 3  <nil>}": {"Key":"self","Type":15,"Integer":0,"String":"b","Interface":null}}
2025-08-15T22:13:18.651-0500	DEBUG	protocol/handler.go:1591	have processed broadcast	{"{round 20 3  <nil>}": {"Key":"from","Type":15,"Integer":0,"String":"a","Interface":null}}
2025-08-15T22:13:18.655-0500	DEBUG	protocol/handler.go:1591	have processed broadcast	{"{round 20 3  <nil>}": {"Key":"from","Type":15,"Integer":0,"String":"c","Interface":null}}
2025-08-15T22:13:18.656-0500	DEBUG	protocol/handler.go:1649	have all messages and processed	{"{round 20 3  <nil>}": {"Key":"self","Type":15,"Integer":0,"String":"b","Interface":null}}
2025-08-15T22:13:18.659-0500	DEBUG	protocol/handler.go:596	round already finalized
2025-08-15T22:13:18.669-0500	DEBUG	protocol/handler.go:581	tryAdvanceRound called	{"{current_round 20 3  <nil>}": {"Key":"self","Type":15,"Integer":0,"String":"a","Interface":null}}
2025-08-15T22:13:18.669-0500	DEBUG	protocol/handler.go:1591	have processed broadcast	{"{round 20 3  <nil>}": {"Key":"from","Type":15,"Integer":0,"String":"b","Interface":null}}
2025-08-15T22:13:18.669-0500	DEBUG	protocol/handler.go:1591	have processed broadcast	{"{round 20 3  <nil>}": {"Key":"from","Type":15,"Integer":0,"String":"c","Interface":null}}
2025-08-15T22:13:18.669-0500	DEBUG	protocol/handler.go:1649	have all messages and processed	{"{round 20 3  <nil>}": {"Key":"self","Type":15,"Integer":0,"String":"a","Interface":null}}
2025-08-15T22:13:18.669-0500	DEBUG	protocol/handler.go:596	round already finalized
2025-08-15T22:13:18.691-0500	DEBUG	protocol/handler.go:581	tryAdvanceRound called	{"{current_round 20 3  <nil>}": {"Key":"self","Type":15,"Integer":0,"String":"a","Interface":null}}
2025-08-15T22:13:18.691-0500	DEBUG	protocol/handler.go:1591	have processed broadcast	{"{round 20 3  <nil>}": {"Key":"from","Type":15,"Integer":0,"String":"b","Interface":null}}
2025-08-15T22:13:18.691-0500	DEBUG	protocol/handler.go:1591	have processed broadcast	{"{round 20 3  <nil>}": {"Key":"from","Type":15,"Integer":0,"String":"c","Interface":null}}
2025-08-15T22:13:18.692-0500	DEBUG	protocol/handler.go:1649	have all messages and processed	{"{round 20 3  <nil>}": {"Key":"self","Type":15,"Integer":0,"String":"a","Interface":null}}
2025-08-15T22:13:18.692-0500	DEBUG	protocol/handler.go:596	round already finalized
2025-08-15T22:13:18.692-0500	DEBUG	protocol/handler.go:581	tryAdvanceRound called	{"{current_round 20 3  <nil>}": {"Key":"self","Type":15,"Integer":0,"String":"c","Interface":null}}
2025-08-15T22:13:18.692-0500	DEBUG	protocol/handler.go:1591	have processed broadcast	{"{round 20 3  <nil>}": {"Key":"from","Type":15,"Integer":0,"String":"a","Interface":null}}
2025-08-15T22:13:18.692-0500	DEBUG	protocol/handler.go:1591	have processed broadcast	{"{round 20 3  <nil>}": {"Key":"from","Type":15,"Integer":0,"String":"b","Interface":null}}
2025-08-15T22:13:18.692-0500	DEBUG	protocol/handler.go:1649	have all messages and processed	{"{round 20 3  <nil>}": {"Key":"self","Type":15,"Integer":0,"String":"c","Interface":null}}
2025-08-15T22:13:18.692-0500	DEBUG	protocol/handler.go:596	round already finalized
2025-08-15T22:13:18.692-0500	DEBUG	protocol/handler.go:581	tryAdvanceRound called	{"{current_round 20 3  <nil>}": {"Key":"self","Type":15,"Integer":0,"String":"c","Interface":null}}
2025-08-15T22:13:18.692-0500	DEBUG	protocol/handler.go:1591	have processed broadcast	{"{round 20 3  <nil>}": {"Key":"from","Type":15,"Integer":0,"String":"a","Interface":null}}
2025-08-15T22:13:18.692-0500	DEBUG	protocol/handler.go:1591	have processed broadcast	{"{round 20 3  <nil>}": {"Key":"from","Type":15,"Integer":0,"String":"b","Interface":null}}
2025-08-15T22:13:18.692-0500	DEBUG	protocol/handler.go:1649	have all messages and processed	{"{round 20 3  <nil>}": {"Key":"self","Type":15,"Integer":0,"String":"c","Interface":null}}
2025-08-15T22:13:18.692-0500	DEBUG	protocol/handler.go:596	round already finalized
2025-08-15T22:13:18.706-0500	DEBUG	protocol/handler.go:581	tryAdvanceRound called	{"{current_round 20 3  <nil>}": {"Key":"self","Type":15,"Integer":0,"String":"b","Interface":null}}
2025-08-15T22:13:18.707-0500	DEBUG	protocol/handler.go:1591	have processed broadcast	{"{round 20 3  <nil>}": {"Key":"from","Type":15,"Integer":0,"String":"a","Interface":null}}
2025-08-15T22:13:18.707-0500	DEBUG	protocol/handler.go:1591	have processed broadcast	{"{round 20 3  <nil>}": {"Key":"from","Type":15,"Integer":0,"String":"c","Interface":null}}
2025-08-15T22:13:18.707-0500	DEBUG	protocol/handler.go:1649	have all messages and processed	{"{round 20 3  <nil>}": {"Key":"self","Type":15,"Integer":0,"String":"b","Interface":null}}
2025-08-15T22:13:18.707-0500	DEBUG	protocol/handler.go:596	round already finalized
2025-08-15T22:13:18.707-0500	DEBUG	protocol/handler.go:581	tryAdvanceRound called	{"{current_round 20 3  <nil>}": {"Key":"self","Type":15,"Integer":0,"String":"b","Interface":null}}
2025-08-15T22:13:18.707-0500	DEBUG	protocol/handler.go:1591	have processed broadcast	{"{round 20 3  <nil>}": {"Key":"from","Type":15,"Integer":0,"String":"a","Interface":null}}
2025-08-15T22:13:18.707-0500	DEBUG	protocol/handler.go:1591	have processed broadcast	{"{round 20 3  <nil>}": {"Key":"from","Type":15,"Integer":0,"String":"c","Interface":null}}
2025-08-15T22:13:18.707-0500	DEBUG	protocol/handler.go:1649	have all messages and processed	{"{round 20 3  <nil>}": {"Key":"self","Type":15,"Integer":0,"String":"b","Interface":null}}
2025-08-15T22:13:18.707-0500	DEBUG	protocol/handler.go:596	round already finalized
2025-08-15T22:13:18.713-0500	DEBUG	protocol/handler.go:581	tryAdvanceRound called	{"{current_round 20 3  <nil>}": {"Key":"self","Type":15,"Integer":0,"String":"a","Interface":null}}
2025-08-15T22:13:18.713-0500	DEBUG	protocol/handler.go:1591	have processed broadcast	{"{round 20 3  <nil>}": {"Key":"from","Type":15,"Integer":0,"String":"b","Interface":null}}
2025-08-15T22:13:18.713-0500	DEBUG	protocol/handler.go:1591	have processed broadcast	{"{round 20 3  <nil>}": {"Key":"from","Type":15,"Integer":0,"String":"c","Interface":null}}
2025-08-15T22:13:18.713-0500	DEBUG	protocol/handler.go:1649	have all messages and processed	{"{round 20 3  <nil>}": {"Key":"self","Type":15,"Integer":0,"String":"a","Interface":null}}
2025-08-15T22:13:18.713-0500	DEBUG	protocol/handler.go:596	round already finalized
2025-08-15T22:13:18.714-0500	DEBUG	protocol/handler.go:581	tryAdvanceRound called	{"{current_round 20 3  <nil>}": {"Key":"self","Type":15,"Integer":0,"String":"c","Interface":null}}
2025-08-15T22:13:18.714-0500	DEBUG	protocol/handler.go:1591	have processed broadcast	{"{round 20 3  <nil>}": {"Key":"from","Type":15,"Integer":0,"String":"a","Interface":null}}
2025-08-15T22:13:18.714-0500	DEBUG	protocol/handler.go:1591	have processed broadcast	{"{round 20 3  <nil>}": {"Key":"from","Type":15,"Integer":0,"String":"b","Interface":null}}
2025-08-15T22:13:18.715-0500	DEBUG	protocol/handler.go:1649	have all messages and processed	{"{round 20 3  <nil>}": {"Key":"self","Type":15,"Integer":0,"String":"c","Interface":null}}
2025-08-15T22:13:18.715-0500	DEBUG	protocol/handler.go:596	round already finalized
2025-08-15T22:13:18.750-0500	DEBUG	protocol/handler.go:581	tryAdvanceRound called	{"{current_round 20 3  <nil>}": {"Key":"self","Type":15,"Integer":0,"String":"b","Interface":null}}
2025-08-15T22:13:18.752-0500	DEBUG	protocol/handler.go:1591	have processed broadcast	{"{round 20 3  <nil>}": {"Key":"from","Type":15,"Integer":0,"String":"a","Interface":null}}
2025-08-15T22:13:18.752-0500	DEBUG	protocol/handler.go:1591	have processed broadcast	{"{round 20 3  <nil>}": {"Key":"from","Type":15,"Integer":0,"String":"c","Interface":null}}
2025-08-15T22:13:18.752-0500	DEBUG	protocol/handler.go:1649	have all messages and processed	{"{round 20 3  <nil>}": {"Key":"self","Type":15,"Integer":0,"String":"b","Interface":null}}
2025-08-15T22:13:18.752-0500	DEBUG	protocol/handler.go:596	round already finalized
2025-08-15T22:13:18.752-0500	DEBUG	protocol/handler.go:581	tryAdvanceRound called	{"{current_round 20 3  <nil>}": {"Key":"self","Type":15,"Integer":0,"String":"b","Interface":null}}
2025-08-15T22:13:18.752-0500	DEBUG	protocol/handler.go:1591	have processed broadcast	{"{round 20 3  <nil>}": {"Key":"from","Type":15,"Integer":0,"String":"a","Interface":null}}
2025-08-15T22:13:18.752-0500	DEBUG	protocol/handler.go:1591	have processed broadcast	{"{round 20 3  <nil>}": {"Key":"from","Type":15,"Integer":0,"String":"c","Interface":null}}
2025-08-15T22:13:18.753-0500	DEBUG	protocol/handler.go:1649	have all messages and processed	{"{round 20 3  <nil>}": {"Key":"self","Type":15,"Integer":0,"String":"b","Interface":null}}
2025-08-15T22:13:18.753-0500	DEBUG	protocol/handler.go:596	round already finalized
2025-08-15T22:13:18.753-0500	DEBUG	protocol/handler.go:581	tryAdvanceRound called	{"{current_round 20 3  <nil>}": {"Key":"self","Type":15,"Integer":0,"String":"b","Interface":null}}
2025-08-15T22:13:18.753-0500	DEBUG	protocol/handler.go:1591	have processed broadcast	{"{round 20 3  <nil>}": {"Key":"from","Type":15,"Integer":0,"String":"a","Interface":null}}
2025-08-15T22:13:18.753-0500	DEBUG	protocol/handler.go:1591	have processed broadcast	{"{round 20 3  <nil>}": {"Key":"from","Type":15,"Integer":0,"String":"c","Interface":null}}
2025-08-15T22:13:18.753-0500	DEBUG	protocol/handler.go:1649	have all messages and processed	{"{round 20 3  <nil>}": {"Key":"self","Type":15,"Integer":0,"String":"b","Interface":null}}
2025-08-15T22:13:18.754-0500	DEBUG	protocol/handler.go:596	round already finalized
2025-08-15T22:13:18.761-0500	DEBUG	protocol/handler.go:581	tryAdvanceRound called	{"{current_round 20 3  <nil>}": {"Key":"self","Type":15,"Integer":0,"String":"a","Interface":null}}
2025-08-15T22:13:18.761-0500	DEBUG	protocol/handler.go:1591	have processed broadcast	{"{round 20 3  <nil>}": {"Key":"from","Type":15,"Integer":0,"String":"b","Interface":null}}
2025-08-15T22:13:18.761-0500	DEBUG	protocol/handler.go:1591	have processed broadcast	{"{round 20 3  <nil>}": {"Key":"from","Type":15,"Integer":0,"String":"c","Interface":null}}
2025-08-15T22:13:18.761-0500	DEBUG	protocol/handler.go:1649	have all messages and processed	{"{round 20 3  <nil>}": {"Key":"self","Type":15,"Integer":0,"String":"a","Interface":null}}
2025-08-15T22:13:18.761-0500	DEBUG	protocol/handler.go:596	round already finalized
2025-08-15T22:13:18.761-0500	DEBUG	protocol/handler.go:581	tryAdvanceRound called	{"{current_round 20 3  <nil>}": {"Key":"self","Type":15,"Integer":0,"String":"a","Interface":null}}
2025-08-15T22:13:18.761-0500	DEBUG	protocol/handler.go:1591	have processed broadcast	{"{round 20 3  <nil>}": {"Key":"from","Type":15,"Integer":0,"String":"b","Interface":null}}
2025-08-15T22:13:18.761-0500	DEBUG	protocol/handler.go:1591	have processed broadcast	{"{round 20 3  <nil>}": {"Key":"from","Type":15,"Integer":0,"String":"c","Interface":null}}
2025-08-15T22:13:18.761-0500	DEBUG	protocol/handler.go:1649	have all messages and processed	{"{round 20 3  <nil>}": {"Key":"self","Type":15,"Integer":0,"String":"a","Interface":null}}
2025-08-15T22:13:18.761-0500	DEBUG	protocol/handler.go:596	round already finalized
2025-08-15T22:13:18.761-0500	DEBUG	protocol/handler.go:581	tryAdvanceRound called	{"{current_round 20 3  <nil>}": {"Key":"self","Type":15,"Integer":0,"String":"c","Interface":null}}
2025-08-15T22:13:18.761-0500	DEBUG	protocol/handler.go:1591	have processed broadcast	{"{round 20 3  <nil>}": {"Key":"from","Type":15,"Integer":0,"String":"a","Interface":null}}
2025-08-15T22:13:18.761-0500	DEBUG	protocol/handler.go:1591	have processed broadcast	{"{round 20 3  <nil>}": {"Key":"from","Type":15,"Integer":0,"String":"b","Interface":null}}
2025-08-15T22:13:18.761-0500	DEBUG	protocol/handler.go:1649	have all messages and processed	{"{round 20 3  <nil>}": {"Key":"self","Type":15,"Integer":0,"String":"c","Interface":null}}
2025-08-15T22:13:18.761-0500	DEBUG	protocol/handler.go:596	round already finalized
2025-08-15T22:13:18.761-0500	DEBUG	protocol/handler.go:581	tryAdvanceRound called	{"{current_round 20 3  <nil>}": {"Key":"self","Type":15,"Integer":0,"String":"c","Interface":null}}
2025-08-15T22:13:18.761-0500	DEBUG	protocol/handler.go:1591	have processed broadcast	{"{round 20 3  <nil>}": {"Key":"from","Type":15,"Integer":0,"String":"a","Interface":null}}
2025-08-15T22:13:18.761-0500	DEBUG	protocol/handler.go:1591	have processed broadcast	{"{round 20 3  <nil>}": {"Key":"from","Type":15,"Integer":0,"String":"b","Interface":null}}
2025-08-15T22:13:18.761-0500	DEBUG	protocol/handler.go:1649	have all messages and processed	{"{round 20 3  <nil>}": {"Key":"self","Type":15,"Integer":0,"String":"c","Interface":null}}
2025-08-15T22:13:18.762-0500	DEBUG	protocol/handler.go:596	round already finalized
2025-08-15T22:13:18.771-0500	DEBUG	protocol/handler.go:581	tryAdvanceRound called	{"{current_round 20 3  <nil>}": {"Key":"self","Type":15,"Integer":0,"String":"b","Interface":null}}
2025-08-15T22:13:18.771-0500	DEBUG	protocol/handler.go:1591	have processed broadcast	{"{round 20 3  <nil>}": {"Key":"from","Type":15,"Integer":0,"String":"a","Interface":null}}
2025-08-15T22:13:18.771-0500	DEBUG	protocol/handler.go:1591	have processed broadcast	{"{round 20 3  <nil>}": {"Key":"from","Type":15,"Integer":0,"String":"c","Interface":null}}
2025-08-15T22:13:18.771-0500	DEBUG	protocol/handler.go:1649	have all messages and processed	{"{round 20 3  <nil>}": {"Key":"self","Type":15,"Integer":0,"String":"b","Interface":null}}
2025-08-15T22:13:18.771-0500	DEBUG	protocol/handler.go:596	round already finalized
2025-08-15T22:13:18.795-0500	DEBUG	protocol/handler.go:581	tryAdvanceRound called	{"{current_round 20 3  <nil>}": {"Key":"self","Type":15,"Integer":0,"String":"b","Interface":null}}
2025-08-15T22:13:18.795-0500	DEBUG	protocol/handler.go:1591	have processed broadcast	{"{round 20 3  <nil>}": {"Key":"from","Type":15,"Integer":0,"String":"a","Interface":null}}
2025-08-15T22:13:18.795-0500	DEBUG	protocol/handler.go:1591	have processed broadcast	{"{round 20 3  <nil>}": {"Key":"from","Type":15,"Integer":0,"String":"c","Interface":null}}
2025-08-15T22:13:18.795-0500	DEBUG	protocol/handler.go:1649	have all messages and processed	{"{round 20 3  <nil>}": {"Key":"self","Type":15,"Integer":0,"String":"b","Interface":null}}
2025-08-15T22:13:18.795-0500	DEBUG	protocol/handler.go:596	round already finalized
2025-08-15T22:13:18.807-0500	DEBUG	protocol/handler.go:581	tryAdvanceRound called	{"{current_round 20 3  <nil>}": {"Key":"self","Type":15,"Integer":0,"String":"a","Interface":null}}
2025-08-15T22:13:18.807-0500	DEBUG	protocol/handler.go:1591	have processed broadcast	{"{round 20 3  <nil>}": {"Key":"from","Type":15,"Integer":0,"String":"b","Interface":null}}
2025-08-15T22:13:18.807-0500	DEBUG	protocol/handler.go:1591	have processed broadcast	{"{round 20 3  <nil>}": {"Key":"from","Type":15,"Integer":0,"String":"c","Interface":null}}
2025-08-15T22:13:18.807-0500	DEBUG	protocol/handler.go:1649	have all messages and processed	{"{round 20 3  <nil>}": {"Key":"self","Type":15,"Integer":0,"String":"a","Interface":null}}
2025-08-15T22:13:18.807-0500	DEBUG	protocol/handler.go:596	round already finalized
2025-08-15T22:13:18.807-0500	DEBUG	protocol/handler.go:581	tryAdvanceRound called	{"{current_round 20 3  <nil>}": {"Key":"self","Type":15,"Integer":0,"String":"a","Interface":null}}
2025-08-15T22:13:18.807-0500	DEBUG	protocol/handler.go:1591	have processed broadcast	{"{round 20 3  <nil>}": {"Key":"from","Type":15,"Integer":0,"String":"b","Interface":null}}
2025-08-15T22:13:18.807-0500	DEBUG	protocol/handler.go:1591	have processed broadcast	{"{round 20 3  <nil>}": {"Key":"from","Type":15,"Integer":0,"String":"c","Interface":null}}
2025-08-15T22:13:18.807-0500	DEBUG	protocol/handler.go:1649	have all messages and processed	{"{round 20 3  <nil>}": {"Key":"self","Type":15,"Integer":0,"String":"a","Interface":null}}
2025-08-15T22:13:18.807-0500	DEBUG	protocol/handler.go:596	round already finalized
2025-08-15T22:13:18.807-0500	DEBUG	protocol/handler.go:581	tryAdvanceRound called	{"{current_round 20 3  <nil>}": {"Key":"self","Type":15,"Integer":0,"String":"c","Interface":null}}
2025-08-15T22:13:18.807-0500	DEBUG	protocol/handler.go:1591	have processed broadcast	{"{round 20 3  <nil>}": {"Key":"from","Type":15,"Integer":0,"String":"a","Interface":null}}
2025-08-15T22:13:18.807-0500	DEBUG	protocol/handler.go:1591	have processed broadcast	{"{round 20 3  <nil>}": {"Key":"from","Type":15,"Integer":0,"String":"b","Interface":null}}
2025-08-15T22:13:18.807-0500	DEBUG	protocol/handler.go:1649	have all messages and processed	{"{round 20 3  <nil>}": {"Key":"self","Type":15,"Integer":0,"String":"c","Interface":null}}
2025-08-15T22:13:18.807-0500	DEBUG	protocol/handler.go:596	round already finalized
2025-08-15T22:13:18.807-0500	DEBUG	protocol/handler.go:581	tryAdvanceRound called	{"{current_round 20 3  <nil>}": {"Key":"self","Type":15,"Integer":0,"String":"c","Interface":null}}
2025-08-15T22:13:18.808-0500	DEBUG	protocol/handler.go:1591	have processed broadcast	{"{round 20 3  <nil>}": {"Key":"from","Type":15,"Integer":0,"String":"a","Interface":null}}
2025-08-15T22:13:18.808-0500	DEBUG	protocol/handler.go:1591	have processed broadcast	{"{round 20 3  <nil>}": {"Key":"from","Type":15,"Integer":0,"String":"b","Interface":null}}
2025-08-15T22:13:18.808-0500	DEBUG	protocol/handler.go:1649	have all messages and processed	{"{round 20 3  <nil>}": {"Key":"self","Type":15,"Integer":0,"String":"c","Interface":null}}
2025-08-15T22:13:18.808-0500	DEBUG	protocol/handler.go:596	round already finalized
2025-08-15T22:13:18.819-0500	DEBUG	protocol/handler.go:581	tryAdvanceRound called	{"{current_round 20 3  <nil>}": {"Key":"self","Type":15,"Integer":0,"String":"b","Interface":null}}
2025-08-15T22:13:18.819-0500	DEBUG	protocol/handler.go:1591	have processed broadcast	{"{round 20 3  <nil>}": {"Key":"from","Type":15,"Integer":0,"String":"a","Interface":null}}
2025-08-15T22:13:18.820-0500	DEBUG	protocol/handler.go:1591	have processed broadcast	{"{round 20 3  <nil>}": {"Key":"from","Type":15,"Integer":0,"String":"c","Interface":null}}
2025-08-15T22:13:18.820-0500	DEBUG	protocol/handler.go:1649	have all messages and processed	{"{round 20 3  <nil>}": {"Key":"self","Type":15,"Integer":0,"String":"b","Interface":null}}
2025-08-15T22:13:18.820-0500	DEBUG	protocol/handler.go:596	round already finalized
2025-08-15T22:13:18.855-0500	DEBUG	protocol/handler.go:581	tryAdvanceRound called	{"{current_round 20 3  <nil>}": {"Key":"self","Type":15,"Integer":0,"String":"c","Interface":null}}
2025-08-15T22:13:18.855-0500	DEBUG	protocol/handler.go:1591	have processed broadcast	{"{round 20 3  <nil>}": {"Key":"from","Type":15,"Integer":0,"String":"a","Interface":null}}
2025-08-15T22:13:18.855-0500	DEBUG	protocol/handler.go:1591	have processed broadcast	{"{round 20 3  <nil>}": {"Key":"from","Type":15,"Integer":0,"String":"b","Interface":null}}
2025-08-15T22:13:18.855-0500	DEBUG	protocol/handler.go:1649	have all messages and processed	{"{round 20 3  <nil>}": {"Key":"self","Type":15,"Integer":0,"String":"c","Interface":null}}
2025-08-15T22:13:18.855-0500	DEBUG	protocol/handler.go:596	round already finalized
2025-08-15T22:13:18.855-0500	DEBUG	protocol/handler.go:581	tryAdvanceRound called	{"{current_round 20 3  <nil>}": {"Key":"self","Type":15,"Integer":0,"String":"c","Interface":null}}
2025-08-15T22:13:18.855-0500	DEBUG	protocol/handler.go:1591	have processed broadcast	{"{round 20 3  <nil>}": {"Key":"from","Type":15,"Integer":0,"String":"a","Interface":null}}
2025-08-15T22:13:18.855-0500	DEBUG	protocol/handler.go:1591	have processed broadcast	{"{round 20 3  <nil>}": {"Key":"from","Type":15,"Integer":0,"String":"b","Interface":null}}
2025-08-15T22:13:18.855-0500	DEBUG	protocol/handler.go:1649	have all messages and processed	{"{round 20 3  <nil>}": {"Key":"self","Type":15,"Integer":0,"String":"c","Interface":null}}
2025-08-15T22:13:18.855-0500	DEBUG	protocol/handler.go:596	round already finalized
2025-08-15T22:13:18.855-0500	DEBUG	protocol/handler.go:581	tryAdvanceRound called	{"{current_round 20 3  <nil>}": {"Key":"self","Type":15,"Integer":0,"String":"b","Interface":null}}
2025-08-15T22:13:18.855-0500	DEBUG	protocol/handler.go:1591	have processed broadcast	{"{round 20 3  <nil>}": {"Key":"from","Type":15,"Integer":0,"String":"a","Interface":null}}
2025-08-15T22:13:18.855-0500	DEBUG	protocol/handler.go:1591	have processed broadcast	{"{round 20 3  <nil>}": {"Key":"from","Type":15,"Integer":0,"String":"c","Interface":null}}
2025-08-15T22:13:18.855-0500	DEBUG	protocol/handler.go:1649	have all messages and processed	{"{round 20 3  <nil>}": {"Key":"self","Type":15,"Integer":0,"String":"b","Interface":null}}
2025-08-15T22:13:18.855-0500	DEBUG	protocol/handler.go:596	round already finalized
2025-08-15T22:13:18.855-0500	DEBUG	protocol/handler.go:581	tryAdvanceRound called	{"{current_round 20 3  <nil>}": {"Key":"self","Type":15,"Integer":0,"String":"a","Interface":null}}
2025-08-15T22:13:18.855-0500	DEBUG	protocol/handler.go:1591	have processed broadcast	{"{round 20 3  <nil>}": {"Key":"from","Type":15,"Integer":0,"String":"b","Interface":null}}
2025-08-15T22:13:18.855-0500	DEBUG	protocol/handler.go:1591	have processed broadcast	{"{round 20 3  <nil>}": {"Key":"from","Type":15,"Integer":0,"String":"c","Interface":null}}
2025-08-15T22:13:18.855-0500	DEBUG	protocol/handler.go:1649	have all messages and processed	{"{round 20 3  <nil>}": {"Key":"self","Type":15,"Integer":0,"String":"a","Interface":null}}
2025-08-15T22:13:18.855-0500	DEBUG	protocol/handler.go:596	round already finalized
2025-08-15T22:13:18.856-0500	DEBUG	protocol/handler.go:581	tryAdvanceRound called	{"{current_round 20 3  <nil>}": {"Key":"self","Type":15,"Integer":0,"String":"a","Interface":null}}
2025-08-15T22:13:18.856-0500	DEBUG	protocol/handler.go:1591	have processed broadcast	{"{round 20 3  <nil>}": {"Key":"from","Type":15,"Integer":0,"String":"b","Interface":null}}
2025-08-15T22:13:18.856-0500	DEBUG	protocol/handler.go:1591	have processed broadcast	{"{round 20 3  <nil>}": {"Key":"from","Type":15,"Integer":0,"String":"c","Interface":null}}
2025-08-15T22:13:18.856-0500	DEBUG	protocol/handler.go:1649	have all messages and processed	{"{round 20 3  <nil>}": {"Key":"self","Type":15,"Integer":0,"String":"a","Interface":null}}
2025-08-15T22:13:18.856-0500	DEBUG	protocol/handler.go:596	round already finalized
2025-08-15T22:13:18.898-0500	DEBUG	protocol/handler.go:581	tryAdvanceRound called	{"{current_round 20 3  <nil>}": {"Key":"self","Type":15,"Integer":0,"String":"a","Interface":null}}
2025-08-15T22:13:18.898-0500	DEBUG	protocol/handler.go:1591	have processed broadcast	{"{round 20 3  <nil>}": {"Key":"from","Type":15,"Integer":0,"String":"b","Interface":null}}
2025-08-15T22:13:18.898-0500	DEBUG	protocol/handler.go:1591	have processed broadcast	{"{round 20 3  <nil>}": {"Key":"from","Type":15,"Integer":0,"String":"c","Interface":null}}
2025-08-15T22:13:18.898-0500	DEBUG	protocol/handler.go:1649	have all messages and processed	{"{round 20 3  <nil>}": {"Key":"self","Type":15,"Integer":0,"String":"a","Interface":null}}
2025-08-15T22:13:18.898-0500	DEBUG	protocol/handler.go:596	round already finalized
2025-08-15T22:13:18.898-0500	DEBUG	protocol/handler.go:581	tryAdvanceRound called	{"{current_round 20 3  <nil>}": {"Key":"self","Type":15,"Integer":0,"String":"a","Interface":null}}
2025-08-15T22:13:18.898-0500	DEBUG	protocol/handler.go:1591	have processed broadcast	{"{round 20 3  <nil>}": {"Key":"from","Type":15,"Integer":0,"String":"b","Interface":null}}
2025-08-15T22:13:18.898-0500	DEBUG	protocol/handler.go:1591	have processed broadcast	{"{round 20 3  <nil>}": {"Key":"from","Type":15,"Integer":0,"String":"c","Interface":null}}
2025-08-15T22:13:18.898-0500	DEBUG	protocol/handler.go:1649	have all messages and processed	{"{round 20 3  <nil>}": {"Key":"self","Type":15,"Integer":0,"String":"a","Interface":null}}
2025-08-15T22:13:18.898-0500	DEBUG	protocol/handler.go:596	round already finalized
2025-08-15T22:13:18.898-0500	DEBUG	protocol/handler.go:581	tryAdvanceRound called	{"{current_round 20 3  <nil>}": {"Key":"self","Type":15,"Integer":0,"String":"c","Interface":null}}
2025-08-15T22:13:18.898-0500	DEBUG	protocol/handler.go:1591	have processed broadcast	{"{round 20 3  <nil>}": {"Key":"from","Type":15,"Integer":0,"String":"a","Interface":null}}
2025-08-15T22:13:18.898-0500	DEBUG	protocol/handler.go:1591	have processed broadcast	{"{round 20 3  <nil>}": {"Key":"from","Type":15,"Integer":0,"String":"b","Interface":null}}
2025-08-15T22:13:18.898-0500	DEBUG	protocol/handler.go:1649	have all messages and processed	{"{round 20 3  <nil>}": {"Key":"self","Type":15,"Integer":0,"String":"c","Interface":null}}
2025-08-15T22:13:18.898-0500	DEBUG	protocol/handler.go:596	round already finalized
2025-08-15T22:13:18.912-0500	DEBUG	protocol/handler.go:581	tryAdvanceRound called	{"{current_round 20 3  <nil>}": {"Key":"self","Type":15,"Integer":0,"String":"c","Interface":null}}
2025-08-15T22:13:18.912-0500	DEBUG	protocol/handler.go:1591	have processed broadcast	{"{round 20 3  <nil>}": {"Key":"from","Type":15,"Integer":0,"String":"a","Interface":null}}
2025-08-15T22:13:18.922-0500	DEBUG	protocol/handler.go:1591	have processed broadcast	{"{round 20 3  <nil>}": {"Key":"from","Type":15,"Integer":0,"String":"b","Interface":null}}
2025-08-15T22:13:18.922-0500	DEBUG	protocol/handler.go:581	tryAdvanceRound called	{"{current_round 20 3  <nil>}": {"Key":"self","Type":15,"Integer":0,"String":"b","Interface":null}}
2025-08-15T22:13:18.922-0500	DEBUG	protocol/handler.go:1591	have processed broadcast	{"{round 20 3  <nil>}": {"Key":"from","Type":15,"Integer":0,"String":"a","Interface":null}}
2025-08-15T22:13:18.925-0500	DEBUG	protocol/handler.go:1591	have processed broadcast	{"{round 20 3  <nil>}": {"Key":"from","Type":15,"Integer":0,"String":"c","Interface":null}}
2025-08-15T22:13:18.927-0500	DEBUG	protocol/handler.go:1649	have all messages and processed	{"{round 20 3  <nil>}": {"Key":"self","Type":15,"Integer":0,"String":"b","Interface":null}}
2025-08-15T22:13:18.928-0500	DEBUG	protocol/handler.go:596	round already finalized
2025-08-15T22:13:18.928-0500	DEBUG	protocol/handler.go:581	tryAdvanceRound called	{"{current_round 20 3  <nil>}": {"Key":"self","Type":15,"Integer":0,"String":"b","Interface":null}}
2025-08-15T22:13:18.928-0500	DEBUG	protocol/handler.go:1591	have processed broadcast	{"{round 20 3  <nil>}": {"Key":"from","Type":15,"Integer":0,"String":"a","Interface":null}}
2025-08-15T22:13:18.928-0500	DEBUG	protocol/handler.go:1591	have processed broadcast	{"{round 20 3  <nil>}": {"Key":"from","Type":15,"Integer":0,"String":"c","Interface":null}}
2025-08-15T22:13:18.928-0500	DEBUG	protocol/handler.go:1649	have all messages and processed	{"{round 20 3  <nil>}": {"Key":"self","Type":15,"Integer":0,"String":"b","Interface":null}}
2025-08-15T22:13:18.928-0500	DEBUG	protocol/handler.go:596	round already finalized
2025-08-15T22:13:18.928-0500	DEBUG	protocol/handler.go:581	tryAdvanceRound called	{"{current_round 20 3  <nil>}": {"Key":"self","Type":15,"Integer":0,"String":"a","Interface":null}}
2025-08-15T22:13:18.935-0500	DEBUG	protocol/handler.go:1591	have processed broadcast	{"{round 20 3  <nil>}": {"Key":"from","Type":15,"Integer":0,"String":"b","Interface":null}}
2025-08-15T22:13:18.935-0500	DEBUG	protocol/handler.go:1591	have processed broadcast	{"{round 20 3  <nil>}": {"Key":"from","Type":15,"Integer":0,"String":"c","Interface":null}}
2025-08-15T22:13:18.936-0500	DEBUG	protocol/handler.go:1649	have all messages and processed	{"{round 20 3  <nil>}": {"Key":"self","Type":15,"Integer":0,"String":"a","Interface":null}}
2025-08-15T22:13:18.937-0500	DEBUG	protocol/handler.go:596	round already finalized
2025-08-15T22:13:18.937-0500	DEBUG	protocol/handler.go:581	tryAdvanceRound called	{"{current_round 20 3  <nil>}": {"Key":"self","Type":15,"Integer":0,"String":"a","Interface":null}}
2025-08-15T22:13:18.937-0500	DEBUG	protocol/handler.go:1591	have processed broadcast	{"{round 20 3  <nil>}": {"Key":"from","Type":15,"Integer":0,"String":"b","Interface":null}}
2025-08-15T22:13:18.937-0500	DEBUG	protocol/handler.go:1591	have processed broadcast	{"{round 20 3  <nil>}": {"Key":"from","Type":15,"Integer":0,"String":"c","Interface":null}}
2025-08-15T22:13:18.937-0500	DEBUG	protocol/handler.go:1649	have all messages and processed	{"{round 20 3  <nil>}": {"Key":"self","Type":15,"Integer":0,"String":"a","Interface":null}}
2025-08-15T22:13:19.009-0500	DEBUG	protocol/handler.go:596	round already finalized
2025-08-15T22:13:19.009-0500	DEBUG	protocol/handler.go:581	tryAdvanceRound called	{"{current_round 20 3  <nil>}": {"Key":"self","Type":15,"Integer":0,"String":"a","Interface":null}}
2025-08-15T22:13:19.010-0500	DEBUG	protocol/handler.go:1591	have processed broadcast	{"{round 20 3  <nil>}": {"Key":"from","Type":15,"Integer":0,"String":"b","Interface":null}}
2025-08-15T22:13:19.010-0500	DEBUG	protocol/handler.go:1591	have processed broadcast	{"{round 20 3  <nil>}": {"Key":"from","Type":15,"Integer":0,"String":"c","Interface":null}}
2025-08-15T22:13:19.010-0500	DEBUG	protocol/handler.go:1649	have all messages and processed	{"{round 20 3  <nil>}": {"Key":"self","Type":15,"Integer":0,"String":"a","Interface":null}}
2025-08-15T22:13:19.010-0500	DEBUG	protocol/handler.go:596	round already finalized
2025-08-15T22:13:18.945-0500	DEBUG	protocol/handler.go:581	tryAdvanceRound called	{"{current_round 20 3  <nil>}": {"Key":"self","Type":15,"Integer":0,"String":"b","Interface":null}}
2025-08-15T22:13:19.010-0500	DEBUG	protocol/handler.go:1591	have processed broadcast	{"{round 20 3  <nil>}": {"Key":"from","Type":15,"Integer":0,"String":"a","Interface":null}}
2025-08-15T22:13:19.010-0500	DEBUG	protocol/handler.go:1591	have processed broadcast	{"{round 20 3  <nil>}": {"Key":"from","Type":15,"Integer":0,"String":"c","Interface":null}}
2025-08-15T22:13:19.010-0500	DEBUG	protocol/handler.go:1649	have all messages and processed	{"{round 20 3  <nil>}": {"Key":"self","Type":15,"Integer":0,"String":"b","Interface":null}}
2025-08-15T22:13:19.010-0500	DEBUG	protocol/handler.go:596	round already finalized
2025-08-15T22:13:19.010-0500	DEBUG	protocol/handler.go:581	tryAdvanceRound called	{"{current_round 20 3  <nil>}": {"Key":"self","Type":15,"Integer":0,"String":"b","Interface":null}}
2025-08-15T22:13:19.010-0500	DEBUG	protocol/handler.go:1591	have processed broadcast	{"{round 20 3  <nil>}": {"Key":"from","Type":15,"Integer":0,"String":"a","Interface":null}}
2025-08-15T22:13:19.010-0500	DEBUG	protocol/handler.go:1591	have processed broadcast	{"{round 20 3  <nil>}": {"Key":"from","Type":15,"Integer":0,"String":"c","Interface":null}}
2025-08-15T22:13:19.011-0500	DEBUG	protocol/handler.go:1649	have all messages and processed	{"{round 20 3  <nil>}": {"Key":"self","Type":15,"Integer":0,"String":"b","Interface":null}}
2025-08-15T22:13:19.011-0500	DEBUG	protocol/handler.go:596	round already finalized
2025-08-15T22:13:18.922-0500	DEBUG	protocol/handler.go:1649	have all messages and processed	{"{round 20 3  <nil>}": {"Key":"self","Type":15,"Integer":0,"String":"c","Interface":null}}
2025-08-15T22:13:19.011-0500	DEBUG	protocol/handler.go:596	round already finalized
2025-08-15T22:13:19.011-0500	DEBUG	protocol/handler.go:581	tryAdvanceRound called	{"{current_round 20 3  <nil>}": {"Key":"self","Type":15,"Integer":0,"String":"c","Interface":null}}
2025-08-15T22:13:19.011-0500	DEBUG	protocol/handler.go:1591	have processed broadcast	{"{round 20 3  <nil>}": {"Key":"from","Type":15,"Integer":0,"String":"a","Interface":null}}
2025-08-15T22:13:19.011-0500	DEBUG	protocol/handler.go:1591	have processed broadcast	{"{round 20 3  <nil>}": {"Key":"from","Type":15,"Integer":0,"String":"b","Interface":null}}
2025-08-15T22:13:19.011-0500	DEBUG	protocol/handler.go:1649	have all messages and processed	{"{round 20 3  <nil>}": {"Key":"self","Type":15,"Integer":0,"String":"c","Interface":null}}
2025-08-15T22:13:19.011-0500	DEBUG	protocol/handler.go:596	round already finalized
2025-08-15T22:13:19.034-0500	DEBUG	protocol/handler.go:581	tryAdvanceRound called	{"{current_round 20 3  <nil>}": {"Key":"self","Type":15,"Integer":0,"String":"c","Interface":null}}
2025-08-15T22:13:19.034-0500	DEBUG	protocol/handler.go:1591	have processed broadcast	{"{round 20 3  <nil>}": {"Key":"from","Type":15,"Integer":0,"String":"a","Interface":null}}
2025-08-15T22:13:19.034-0500	DEBUG	protocol/handler.go:1591	have processed broadcast	{"{round 20 3  <nil>}": {"Key":"from","Type":15,"Integer":0,"String":"b","Interface":null}}
2025-08-15T22:13:19.034-0500	DEBUG	protocol/handler.go:1649	have all messages and processed	{"{round 20 3  <nil>}": {"Key":"self","Type":15,"Integer":0,"String":"c","Interface":null}}
2025-08-15T22:13:19.034-0500	DEBUG	protocol/handler.go:596	round already finalized
2025-08-15T22:13:19.060-0500	DEBUG	protocol/handler.go:581	tryAdvanceRound called	{"{current_round 20 3  <nil>}": {"Key":"self","Type":15,"Integer":0,"String":"c","Interface":null}}
2025-08-15T22:13:19.060-0500	DEBUG	protocol/handler.go:1591	have processed broadcast	{"{round 20 3  <nil>}": {"Key":"from","Type":15,"Integer":0,"String":"a","Interface":null}}
2025-08-15T22:13:19.060-0500	DEBUG	protocol/handler.go:1591	have processed broadcast	{"{round 20 3  <nil>}": {"Key":"from","Type":15,"Integer":0,"String":"b","Interface":null}}
2025-08-15T22:13:19.060-0500	DEBUG	protocol/handler.go:1649	have all messages and processed	{"{round 20 3  <nil>}": {"Key":"self","Type":15,"Integer":0,"String":"c","Interface":null}}
2025-08-15T22:13:19.060-0500	DEBUG	protocol/handler.go:596	round already finalized
2025-08-15T22:13:19.060-0500	DEBUG	protocol/handler.go:581	tryAdvanceRound called	{"{current_round 20 3  <nil>}": {"Key":"self","Type":15,"Integer":0,"String":"b","Interface":null}}
2025-08-15T22:13:19.061-0500	DEBUG	protocol/handler.go:1591	have processed broadcast	{"{round 20 3  <nil>}": {"Key":"from","Type":15,"Integer":0,"String":"a","Interface":null}}
2025-08-15T22:13:19.061-0500	DEBUG	protocol/handler.go:1591	have processed broadcast	{"{round 20 3  <nil>}": {"Key":"from","Type":15,"Integer":0,"String":"c","Interface":null}}
2025-08-15T22:13:19.061-0500	DEBUG	protocol/handler.go:1649	have all messages and processed	{"{round 20 3  <nil>}": {"Key":"self","Type":15,"Integer":0,"String":"b","Interface":null}}
2025-08-15T22:13:19.061-0500	DEBUG	protocol/handler.go:596	round already finalized
2025-08-15T22:13:19.061-0500	DEBUG	protocol/handler.go:581	tryAdvanceRound called	{"{current_round 20 3  <nil>}": {"Key":"self","Type":15,"Integer":0,"String":"b","Interface":null}}
2025-08-15T22:13:19.061-0500	DEBUG	protocol/handler.go:1591	have processed broadcast	{"{round 20 3  <nil>}": {"Key":"from","Type":15,"Integer":0,"String":"a","Interface":null}}
2025-08-15T22:13:19.061-0500	DEBUG	protocol/handler.go:1591	have processed broadcast	{"{round 20 3  <nil>}": {"Key":"from","Type":15,"Integer":0,"String":"c","Interface":null}}
2025-08-15T22:13:19.061-0500	DEBUG	protocol/handler.go:1649	have all messages and processed	{"{round 20 3  <nil>}": {"Key":"self","Type":15,"Integer":0,"String":"b","Interface":null}}
2025-08-15T22:13:19.061-0500	DEBUG	protocol/handler.go:596	round already finalized
2025-08-15T22:13:19.061-0500	DEBUG	protocol/handler.go:581	tryAdvanceRound called	{"{current_round 20 3  <nil>}": {"Key":"self","Type":15,"Integer":0,"String":"a","Interface":null}}
2025-08-15T22:13:19.061-0500	DEBUG	protocol/handler.go:1591	have processed broadcast	{"{round 20 3  <nil>}": {"Key":"from","Type":15,"Integer":0,"String":"b","Interface":null}}
2025-08-15T22:13:19.061-0500	DEBUG	protocol/handler.go:1591	have processed broadcast	{"{round 20 3  <nil>}": {"Key":"from","Type":15,"Integer":0,"String":"c","Interface":null}}
2025-08-15T22:13:19.061-0500	DEBUG	protocol/handler.go:1649	have all messages and processed	{"{round 20 3  <nil>}": {"Key":"self","Type":15,"Integer":0,"String":"a","Interface":null}}
2025-08-15T22:13:19.061-0500	DEBUG	protocol/handler.go:596	round already finalized
2025-08-15T22:13:19.061-0500	DEBUG	protocol/handler.go:581	tryAdvanceRound called	{"{current_round 20 3  <nil>}": {"Key":"self","Type":15,"Integer":0,"String":"a","Interface":null}}
2025-08-15T22:13:19.061-0500	DEBUG	protocol/handler.go:1591	have processed broadcast	{"{round 20 3  <nil>}": {"Key":"from","Type":15,"Integer":0,"String":"b","Interface":null}}
2025-08-15T22:13:19.061-0500	DEBUG	protocol/handler.go:1591	have processed broadcast	{"{round 20 3  <nil>}": {"Key":"from","Type":15,"Integer":0,"String":"c","Interface":null}}
2025-08-15T22:13:19.061-0500	DEBUG	protocol/handler.go:1649	have all messages and processed	{"{round 20 3  <nil>}": {"Key":"self","Type":15,"Integer":0,"String":"a","Interface":null}}
2025-08-15T22:13:19.061-0500	DEBUG	protocol/handler.go:596	round already finalized
2025-08-15T22:13:19.061-0500	DEBUG	protocol/handler.go:581	tryAdvanceRound called	{"{current_round 20 3  <nil>}": {"Key":"self","Type":15,"Integer":0,"String":"c","Interface":null}}
2025-08-15T22:13:19.061-0500	DEBUG	protocol/handler.go:1591	have processed broadcast	{"{round 20 3  <nil>}": {"Key":"from","Type":15,"Integer":0,"String":"a","Interface":null}}
2025-08-15T22:13:19.061-0500	DEBUG	protocol/handler.go:1591	have processed broadcast	{"{round 20 3  <nil>}": {"Key":"from","Type":15,"Integer":0,"String":"b","Interface":null}}
2025-08-15T22:13:19.062-0500	DEBUG	protocol/handler.go:1649	have all messages and processed	{"{round 20 3  <nil>}": {"Key":"self","Type":15,"Integer":0,"String":"c","Interface":null}}
2025-08-15T22:13:19.062-0500	DEBUG	protocol/handler.go:596	round already finalized
2025-08-15T22:13:19.083-0500	DEBUG	protocol/handler.go:581	tryAdvanceRound called	{"{current_round 20 3  <nil>}": {"Key":"self","Type":15,"Integer":0,"String":"c","Interface":null}}
2025-08-15T22:13:19.083-0500	DEBUG	protocol/handler.go:1591	have processed broadcast	{"{round 20 3  <nil>}": {"Key":"from","Type":15,"Integer":0,"String":"a","Interface":null}}
2025-08-15T22:13:19.083-0500	DEBUG	protocol/handler.go:1591	have processed broadcast	{"{round 20 3  <nil>}": {"Key":"from","Type":15,"Integer":0,"String":"b","Interface":null}}
2025-08-15T22:13:19.083-0500	DEBUG	protocol/handler.go:1649	have all messages and processed	{"{round 20 3  <nil>}": {"Key":"self","Type":15,"Integer":0,"String":"c","Interface":null}}
2025-08-15T22:13:19.083-0500	DEBUG	protocol/handler.go:596	round already finalized
2025-08-15T22:13:19.096-0500	DEBUG	protocol/handler.go:581	tryAdvanceRound called	{"{current_round 20 3  <nil>}": {"Key":"self","Type":15,"Integer":0,"String":"c","Interface":null}}
2025-08-15T22:13:19.096-0500	DEBUG	protocol/handler.go:1591	have processed broadcast	{"{round 20 3  <nil>}": {"Key":"from","Type":15,"Integer":0,"String":"a","Interface":null}}
2025-08-15T22:13:19.096-0500	DEBUG	protocol/handler.go:1591	have processed broadcast	{"{round 20 3  <nil>}": {"Key":"from","Type":15,"Integer":0,"String":"b","Interface":null}}
2025-08-15T22:13:19.096-0500	DEBUG	protocol/handler.go:1649	have all messages and processed	{"{round 20 3  <nil>}": {"Key":"self","Type":15,"Integer":0,"String":"c","Interface":null}}
2025-08-15T22:13:19.096-0500	DEBUG	protocol/handler.go:596	round already finalized
2025-08-15T22:13:19.096-0500	DEBUG	protocol/handler.go:581	tryAdvanceRound called	{"{current_round 20 3  <nil>}": {"Key":"self","Type":15,"Integer":0,"String":"b","Interface":null}}
2025-08-15T22:13:19.096-0500	DEBUG	protocol/handler.go:1591	have processed broadcast	{"{round 20 3  <nil>}": {"Key":"from","Type":15,"Integer":0,"String":"a","Interface":null}}
2025-08-15T22:13:19.096-0500	DEBUG	protocol/handler.go:1591	have processed broadcast	{"{round 20 3  <nil>}": {"Key":"from","Type":15,"Integer":0,"String":"c","Interface":null}}
2025-08-15T22:13:19.096-0500	DEBUG	protocol/handler.go:1649	have all messages and processed	{"{round 20 3  <nil>}": {"Key":"self","Type":15,"Integer":0,"String":"b","Interface":null}}
2025-08-15T22:13:19.096-0500	DEBUG	protocol/handler.go:596	round already finalized
2025-08-15T22:13:19.096-0500	DEBUG	protocol/handler.go:581	tryAdvanceRound called	{"{current_round 20 3  <nil>}": {"Key":"self","Type":15,"Integer":0,"String":"b","Interface":null}}
2025-08-15T22:13:19.096-0500	DEBUG	protocol/handler.go:1591	have processed broadcast	{"{round 20 3  <nil>}": {"Key":"from","Type":15,"Integer":0,"String":"a","Interface":null}}
2025-08-15T22:13:19.096-0500	DEBUG	protocol/handler.go:1591	have processed broadcast	{"{round 20 3  <nil>}": {"Key":"from","Type":15,"Integer":0,"String":"c","Interface":null}}
2025-08-15T22:13:19.096-0500	DEBUG	protocol/handler.go:1649	have all messages and processed	{"{round 20 3  <nil>}": {"Key":"self","Type":15,"Integer":0,"String":"b","Interface":null}}
2025-08-15T22:13:19.096-0500	DEBUG	protocol/handler.go:596	round already finalized
2025-08-15T22:13:19.096-0500	DEBUG	protocol/handler.go:581	tryAdvanceRound called	{"{current_round 20 3  <nil>}": {"Key":"self","Type":15,"Integer":0,"String":"a","Interface":null}}
2025-08-15T22:13:19.096-0500	DEBUG	protocol/handler.go:1591	have processed broadcast	{"{round 20 3  <nil>}": {"Key":"from","Type":15,"Integer":0,"String":"b","Interface":null}}
2025-08-15T22:13:19.096-0500	DEBUG	protocol/handler.go:1591	have processed broadcast	{"{round 20 3  <nil>}": {"Key":"from","Type":15,"Integer":0,"String":"c","Interface":null}}
2025-08-15T22:13:19.096-0500	DEBUG	protocol/handler.go:1649	have all messages and processed	{"{round 20 3  <nil>}": {"Key":"self","Type":15,"Integer":0,"String":"a","Interface":null}}
2025-08-15T22:13:19.096-0500	DEBUG	protocol/handler.go:596	round already finalized
2025-08-15T22:13:19.113-0500	DEBUG	protocol/handler.go:581	tryAdvanceRound called	{"{current_round 20 3  <nil>}": {"Key":"self","Type":15,"Integer":0,"String":"a","Interface":null}}
2025-08-15T22:13:19.116-0500	DEBUG	protocol/handler.go:1591	have processed broadcast	{"{round 20 3  <nil>}": {"Key":"from","Type":15,"Integer":0,"String":"b","Interface":null}}
2025-08-15T22:13:19.127-0500	DEBUG	protocol/handler.go:581	tryAdvanceRound called	{"{current_round 20 3  <nil>}": {"Key":"self","Type":15,"Integer":0,"String":"b","Interface":null}}
2025-08-15T22:13:19.127-0500	DEBUG	protocol/handler.go:1591	have processed broadcast	{"{round 20 3  <nil>}": {"Key":"from","Type":15,"Integer":0,"String":"a","Interface":null}}
2025-08-15T22:13:19.127-0500	DEBUG	protocol/handler.go:1591	have processed broadcast	{"{round 20 3  <nil>}": {"Key":"from","Type":15,"Integer":0,"String":"c","Interface":null}}
2025-08-15T22:13:19.127-0500	DEBUG	protocol/handler.go:1649	have all messages and processed	{"{round 20 3  <nil>}": {"Key":"self","Type":15,"Integer":0,"String":"b","Interface":null}}
2025-08-15T22:13:19.127-0500	DEBUG	protocol/handler.go:596	round already finalized
2025-08-15T22:13:19.127-0500	DEBUG	protocol/handler.go:581	tryAdvanceRound called	{"{current_round 20 3  <nil>}": {"Key":"self","Type":15,"Integer":0,"String":"c","Interface":null}}
2025-08-15T22:13:19.128-0500	DEBUG	protocol/handler.go:1591	have processed broadcast	{"{round 20 3  <nil>}": {"Key":"from","Type":15,"Integer":0,"String":"a","Interface":null}}
2025-08-15T22:13:19.128-0500	DEBUG	protocol/handler.go:1591	have processed broadcast	{"{round 20 3  <nil>}": {"Key":"from","Type":15,"Integer":0,"String":"b","Interface":null}}
2025-08-15T22:13:19.128-0500	DEBUG	protocol/handler.go:1649	have all messages and processed	{"{round 20 3  <nil>}": {"Key":"self","Type":15,"Integer":0,"String":"c","Interface":null}}
2025-08-15T22:13:19.128-0500	DEBUG	protocol/handler.go:596	round already finalized
2025-08-15T22:13:19.144-0500	DEBUG	protocol/handler.go:581	tryAdvanceRound called	{"{current_round 20 3  <nil>}": {"Key":"self","Type":15,"Integer":0,"String":"b","Interface":null}}
2025-08-15T22:13:19.144-0500	DEBUG	protocol/handler.go:1591	have processed broadcast	{"{round 20 3  <nil>}": {"Key":"from","Type":15,"Integer":0,"String":"a","Interface":null}}
2025-08-15T22:13:19.144-0500	DEBUG	protocol/handler.go:1591	have processed broadcast	{"{round 20 3  <nil>}": {"Key":"from","Type":15,"Integer":0,"String":"c","Interface":null}}
2025-08-15T22:13:19.146-0500	DEBUG	protocol/handler.go:581	tryAdvanceRound called	{"{current_round 20 3  <nil>}": {"Key":"self","Type":15,"Integer":0,"String":"c","Interface":null}}
2025-08-15T22:13:19.146-0500	DEBUG	protocol/handler.go:1591	have processed broadcast	{"{round 20 3  <nil>}": {"Key":"from","Type":15,"Integer":0,"String":"a","Interface":null}}
2025-08-15T22:13:19.147-0500	DEBUG	protocol/handler.go:1591	have processed broadcast	{"{round 20 3  <nil>}": {"Key":"from","Type":15,"Integer":0,"String":"b","Interface":null}}
2025-08-15T22:13:19.147-0500	DEBUG	protocol/handler.go:1649	have all messages and processed	{"{round 20 3  <nil>}": {"Key":"self","Type":15,"Integer":0,"String":"c","Interface":null}}
2025-08-15T22:13:19.147-0500	DEBUG	protocol/handler.go:596	round already finalized
2025-08-15T22:13:19.147-0500	DEBUG	protocol/handler.go:1591	have processed broadcast	{"{round 20 3  <nil>}": {"Key":"from","Type":15,"Integer":0,"String":"c","Interface":null}}
2025-08-15T22:13:19.147-0500	DEBUG	protocol/handler.go:1649	have all messages and processed	{"{round 20 3  <nil>}": {"Key":"self","Type":15,"Integer":0,"String":"a","Interface":null}}
2025-08-15T22:13:19.147-0500	DEBUG	protocol/handler.go:596	round already finalized
2025-08-15T22:13:19.147-0500	DEBUG	protocol/handler.go:581	tryAdvanceRound called	{"{current_round 20 3  <nil>}": {"Key":"self","Type":15,"Integer":0,"String":"a","Interface":null}}
2025-08-15T22:13:19.147-0500	DEBUG	protocol/handler.go:1591	have processed broadcast	{"{round 20 3  <nil>}": {"Key":"from","Type":15,"Integer":0,"String":"b","Interface":null}}
2025-08-15T22:13:19.148-0500	DEBUG	protocol/handler.go:1591	have processed broadcast	{"{round 20 3  <nil>}": {"Key":"from","Type":15,"Integer":0,"String":"c","Interface":null}}
2025-08-15T22:13:19.148-0500	DEBUG	protocol/handler.go:1649	have all messages and processed	{"{round 20 3  <nil>}": {"Key":"self","Type":15,"Integer":0,"String":"a","Interface":null}}
2025-08-15T22:13:19.148-0500	DEBUG	protocol/handler.go:596	round already finalized
2025-08-15T22:13:19.157-0500	DEBUG	protocol/handler.go:581	tryAdvanceRound called	{"{current_round 20 3  <nil>}": {"Key":"self","Type":15,"Integer":0,"String":"c","Interface":null}}
2025-08-15T22:13:19.157-0500	DEBUG	protocol/handler.go:1591	have processed broadcast	{"{round 20 3  <nil>}": {"Key":"from","Type":15,"Integer":0,"String":"a","Interface":null}}
2025-08-15T22:13:19.157-0500	DEBUG	protocol/handler.go:1591	have processed broadcast	{"{round 20 3  <nil>}": {"Key":"from","Type":15,"Integer":0,"String":"b","Interface":null}}
2025-08-15T22:13:19.158-0500	DEBUG	protocol/handler.go:1649	have all messages and processed	{"{round 20 3  <nil>}": {"Key":"self","Type":15,"Integer":0,"String":"c","Interface":null}}
2025-08-15T22:13:19.158-0500	DEBUG	protocol/handler.go:596	round already finalized
2025-08-15T22:13:19.167-0500	DEBUG	protocol/handler.go:581	tryAdvanceRound called	{"{current_round 20 3  <nil>}": {"Key":"self","Type":15,"Integer":0,"String":"a","Interface":null}}
2025-08-15T22:13:19.167-0500	DEBUG	protocol/handler.go:1591	have processed broadcast	{"{round 20 3  <nil>}": {"Key":"from","Type":15,"Integer":0,"String":"b","Interface":null}}
2025-08-15T22:13:19.168-0500	DEBUG	protocol/handler.go:1591	have processed broadcast	{"{round 20 3  <nil>}": {"Key":"from","Type":15,"Integer":0,"String":"c","Interface":null}}
2025-08-15T22:13:19.168-0500	DEBUG	protocol/handler.go:1649	have all messages and processed	{"{round 20 3  <nil>}": {"Key":"self","Type":15,"Integer":0,"String":"a","Interface":null}}
2025-08-15T22:13:19.168-0500	DEBUG	protocol/handler.go:596	round already finalized
2025-08-15T22:13:19.146-0500	DEBUG	protocol/handler.go:1649	have all messages and processed	{"{round 20 3  <nil>}": {"Key":"self","Type":15,"Integer":0,"String":"b","Interface":null}}
2025-08-15T22:13:19.195-0500	DEBUG	protocol/handler.go:596	round already finalized
2025-08-15T22:13:19.196-0500	DEBUG	protocol/handler.go:581	tryAdvanceRound called	{"{current_round 20 3  <nil>}": {"Key":"self","Type":15,"Integer":0,"String":"b","Interface":null}}
2025-08-15T22:13:19.196-0500	DEBUG	protocol/handler.go:1591	have processed broadcast	{"{round 20 3  <nil>}": {"Key":"from","Type":15,"Integer":0,"String":"a","Interface":null}}
2025-08-15T22:13:19.196-0500	DEBUG	protocol/handler.go:1591	have processed broadcast	{"{round 20 3  <nil>}": {"Key":"from","Type":15,"Integer":0,"String":"c","Interface":null}}
2025-08-15T22:13:19.197-0500	DEBUG	protocol/handler.go:1649	have all messages and processed	{"{round 20 3  <nil>}": {"Key":"self","Type":15,"Integer":0,"String":"b","Interface":null}}
2025-08-15T22:13:19.197-0500	DEBUG	protocol/handler.go:596	round already finalized
2025-08-15T22:13:19.213-0500	DEBUG	protocol/handler.go:581	tryAdvanceRound called	{"{current_round 20 3  <nil>}": {"Key":"self","Type":15,"Integer":0,"String":"b","Interface":null}}
2025-08-15T22:13:19.213-0500	DEBUG	protocol/handler.go:1591	have processed broadcast	{"{round 20 3  <nil>}": {"Key":"from","Type":15,"Integer":0,"String":"a","Interface":null}}
2025-08-15T22:13:19.213-0500	DEBUG	protocol/handler.go:1591	have processed broadcast	{"{round 20 3  <nil>}": {"Key":"from","Type":15,"Integer":0,"String":"c","Interface":null}}
2025-08-15T22:13:19.214-0500	DEBUG	protocol/handler.go:1649	have all messages and processed	{"{round 20 3  <nil>}": {"Key":"self","Type":15,"Integer":0,"String":"b","Interface":null}}
2025-08-15T22:13:19.214-0500	DEBUG	protocol/handler.go:596	round already finalized
2025-08-15T22:13:19.214-0500	DEBUG	protocol/handler.go:581	tryAdvanceRound called	{"{current_round 20 3  <nil>}": {"Key":"self","Type":15,"Integer":0,"String":"c","Interface":null}}
2025-08-15T22:13:19.215-0500	DEBUG	protocol/handler.go:1591	have processed broadcast	{"{round 20 3  <nil>}": {"Key":"from","Type":15,"Integer":0,"String":"a","Interface":null}}
2025-08-15T22:13:19.215-0500	DEBUG	protocol/handler.go:1591	have processed broadcast	{"{round 20 3  <nil>}": {"Key":"from","Type":15,"Integer":0,"String":"b","Interface":null}}
2025-08-15T22:13:19.215-0500	DEBUG	protocol/handler.go:1649	have all messages and processed	{"{round 20 3  <nil>}": {"Key":"self","Type":15,"Integer":0,"String":"c","Interface":null}}
2025-08-15T22:13:19.215-0500	DEBUG	protocol/handler.go:596	round already finalized
2025-08-15T22:13:19.215-0500	DEBUG	protocol/handler.go:581	tryAdvanceRound called	{"{current_round 20 3  <nil>}": {"Key":"self","Type":15,"Integer":0,"String":"c","Interface":null}}
2025-08-15T22:13:19.215-0500	DEBUG	protocol/handler.go:1591	have processed broadcast	{"{round 20 3  <nil>}": {"Key":"from","Type":15,"Integer":0,"String":"a","Interface":null}}
2025-08-15T22:13:19.215-0500	DEBUG	protocol/handler.go:1591	have processed broadcast	{"{round 20 3  <nil>}": {"Key":"from","Type":15,"Integer":0,"String":"b","Interface":null}}
2025-08-15T22:13:19.215-0500	DEBUG	protocol/handler.go:1649	have all messages and processed	{"{round 20 3  <nil>}": {"Key":"self","Type":15,"Integer":0,"String":"c","Interface":null}}
2025-08-15T22:13:19.215-0500	DEBUG	protocol/handler.go:596	round already finalized
2025-08-15T22:13:19.216-0500	DEBUG	protocol/handler.go:581	tryAdvanceRound called	{"{current_round 20 3  <nil>}": {"Key":"self","Type":15,"Integer":0,"String":"a","Interface":null}}
2025-08-15T22:13:19.217-0500	DEBUG	protocol/handler.go:1591	have processed broadcast	{"{round 20 3  <nil>}": {"Key":"from","Type":15,"Integer":0,"String":"b","Interface":null}}
2025-08-15T22:13:19.217-0500	DEBUG	protocol/handler.go:1591	have processed broadcast	{"{round 20 3  <nil>}": {"Key":"from","Type":15,"Integer":0,"String":"c","Interface":null}}
2025-08-15T22:13:19.220-0500	DEBUG	protocol/handler.go:581	tryAdvanceRound called	{"{current_round 20 3  <nil>}": {"Key":"self","Type":15,"Integer":0,"String":"b","Interface":null}}
2025-08-15T22:13:19.221-0500	DEBUG	protocol/handler.go:1591	have processed broadcast	{"{round 20 3  <nil>}": {"Key":"from","Type":15,"Integer":0,"String":"a","Interface":null}}
2025-08-15T22:13:19.221-0500	DEBUG	protocol/handler.go:1591	have processed broadcast	{"{round 20 3  <nil>}": {"Key":"from","Type":15,"Integer":0,"String":"c","Interface":null}}
2025-08-15T22:13:19.221-0500	DEBUG	protocol/handler.go:1649	have all messages and processed	{"{round 20 3  <nil>}": {"Key":"self","Type":15,"Integer":0,"String":"b","Interface":null}}
2025-08-15T22:13:19.221-0500	DEBUG	protocol/handler.go:596	round already finalized
2025-08-15T22:13:19.221-0500	DEBUG	protocol/handler.go:581	tryAdvanceRound called	{"{current_round 20 3  <nil>}": {"Key":"self","Type":15,"Integer":0,"String":"c","Interface":null}}
2025-08-15T22:13:19.221-0500	DEBUG	protocol/handler.go:1591	have processed broadcast	{"{round 20 3  <nil>}": {"Key":"from","Type":15,"Integer":0,"String":"a","Interface":null}}
2025-08-15T22:13:19.221-0500	DEBUG	protocol/handler.go:1591	have processed broadcast	{"{round 20 3  <nil>}": {"Key":"from","Type":15,"Integer":0,"String":"b","Interface":null}}
2025-08-15T22:13:19.217-0500	DEBUG	protocol/handler.go:1649	have all messages and processed	{"{round 20 3  <nil>}": {"Key":"self","Type":15,"Integer":0,"String":"a","Interface":null}}
2025-08-15T22:13:19.223-0500	DEBUG	protocol/handler.go:596	round already finalized
2025-08-15T22:13:19.224-0500	DEBUG	protocol/handler.go:1649	have all messages and processed	{"{round 20 3  <nil>}": {"Key":"self","Type":15,"Integer":0,"String":"c","Interface":null}}
2025-08-15T22:13:19.224-0500	DEBUG	protocol/handler.go:596	round already finalized
2025-08-15T22:13:19.227-0500	DEBUG	protocol/handler.go:581	tryAdvanceRound called	{"{current_round 20 3  <nil>}": {"Key":"self","Type":15,"Integer":0,"String":"a","Interface":null}}
2025-08-15T22:13:19.227-0500	DEBUG	protocol/handler.go:1591	have processed broadcast	{"{round 20 3  <nil>}": {"Key":"from","Type":15,"Integer":0,"String":"b","Interface":null}}
2025-08-15T22:13:19.228-0500	DEBUG	protocol/handler.go:1591	have processed broadcast	{"{round 20 3  <nil>}": {"Key":"from","Type":15,"Integer":0,"String":"c","Interface":null}}
2025-08-15T22:13:19.231-0500	DEBUG	protocol/handler.go:581	tryAdvanceRound called	{"{current_round 20 3  <nil>}": {"Key":"self","Type":15,"Integer":0,"String":"c","Interface":null}}
2025-08-15T22:13:19.231-0500	DEBUG	protocol/handler.go:1591	have processed broadcast	{"{round 20 3  <nil>}": {"Key":"from","Type":15,"Integer":0,"String":"a","Interface":null}}
2025-08-15T22:13:19.228-0500	DEBUG	protocol/handler.go:1649	have all messages and processed	{"{round 20 3  <nil>}": {"Key":"self","Type":15,"Integer":0,"String":"a","Interface":null}}
2025-08-15T22:13:19.231-0500	DEBUG	protocol/handler.go:596	round already finalized
2025-08-15T22:13:19.234-0500	DEBUG	protocol/handler.go:1591	have processed broadcast	{"{round 20 3  <nil>}": {"Key":"from","Type":15,"Integer":0,"String":"b","Interface":null}}
2025-08-15T22:13:19.241-0500	DEBUG	protocol/handler.go:1649	have all messages and processed	{"{round 20 3  <nil>}": {"Key":"self","Type":15,"Integer":0,"String":"c","Interface":null}}
2025-08-15T22:13:19.245-0500	DEBUG	protocol/handler.go:596	round already finalized
2025-08-15T22:13:19.245-0500	DEBUG	protocol/handler.go:581	tryAdvanceRound called	{"{current_round 20 3  <nil>}": {"Key":"self","Type":15,"Integer":0,"String":"c","Interface":null}}
2025-08-15T22:13:19.245-0500	DEBUG	protocol/handler.go:1591	have processed broadcast	{"{round 20 3  <nil>}": {"Key":"from","Type":15,"Integer":0,"String":"a","Interface":null}}
2025-08-15T22:13:19.245-0500	DEBUG	protocol/handler.go:1591	have processed broadcast	{"{round 20 3  <nil>}": {"Key":"from","Type":15,"Integer":0,"String":"b","Interface":null}}
2025-08-15T22:13:19.245-0500	DEBUG	protocol/handler.go:1649	have all messages and processed	{"{round 20 3  <nil>}": {"Key":"self","Type":15,"Integer":0,"String":"c","Interface":null}}
2025-08-15T22:13:19.245-0500	DEBUG	protocol/handler.go:596	round already finalized
2025-08-15T22:13:19.252-0500	DEBUG	protocol/handler.go:581	tryAdvanceRound called	{"{current_round 20 3  <nil>}": {"Key":"self","Type":15,"Integer":0,"String":"a","Interface":null}}
2025-08-15T22:13:19.253-0500	DEBUG	protocol/handler.go:1591	have processed broadcast	{"{round 20 3  <nil>}": {"Key":"from","Type":15,"Integer":0,"String":"b","Interface":null}}
2025-08-15T22:13:19.254-0500	DEBUG	protocol/handler.go:1591	have processed broadcast	{"{round 20 3  <nil>}": {"Key":"from","Type":15,"Integer":0,"String":"c","Interface":null}}
2025-08-15T22:13:19.255-0500	DEBUG	protocol/handler.go:1649	have all messages and processed	{"{round 20 3  <nil>}": {"Key":"self","Type":15,"Integer":0,"String":"a","Interface":null}}
2025-08-15T22:13:19.255-0500	DEBUG	protocol/handler.go:596	round already finalized
2025-08-15T22:13:19.284-0500	DEBUG	protocol/handler.go:581	tryAdvanceRound called	{"{current_round 20 3  <nil>}": {"Key":"self","Type":15,"Integer":0,"String":"a","Interface":null}}
2025-08-15T22:13:19.284-0500	DEBUG	protocol/handler.go:1591	have processed broadcast	{"{round 20 3  <nil>}": {"Key":"from","Type":15,"Integer":0,"String":"b","Interface":null}}
2025-08-15T22:13:19.284-0500	DEBUG	protocol/handler.go:1591	have processed broadcast	{"{round 20 3  <nil>}": {"Key":"from","Type":15,"Integer":0,"String":"c","Interface":null}}
2025-08-15T22:13:19.284-0500	DEBUG	protocol/handler.go:1649	have all messages and processed	{"{round 20 3  <nil>}": {"Key":"self","Type":15,"Integer":0,"String":"a","Interface":null}}
2025-08-15T22:13:19.284-0500	DEBUG	protocol/handler.go:596	round already finalized
2025-08-15T22:13:19.288-0500	DEBUG	protocol/handler.go:581	tryAdvanceRound called	{"{current_round 20 3  <nil>}": {"Key":"self","Type":15,"Integer":0,"String":"c","Interface":null}}
2025-08-15T22:13:19.288-0500	DEBUG	protocol/handler.go:1591	have processed broadcast	{"{round 20 3  <nil>}": {"Key":"from","Type":15,"Integer":0,"String":"a","Interface":null}}
2025-08-15T22:13:19.288-0500	DEBUG	protocol/handler.go:1591	have processed broadcast	{"{round 20 3  <nil>}": {"Key":"from","Type":15,"Integer":0,"String":"b","Interface":null}}
2025-08-15T22:13:19.288-0500	DEBUG	protocol/handler.go:1649	have all messages and processed	{"{round 20 3  <nil>}": {"Key":"self","Type":15,"Integer":0,"String":"c","Interface":null}}
2025-08-15T22:13:19.289-0500	DEBUG	protocol/handler.go:596	round already finalized
2025-08-15T22:13:19.289-0500	DEBUG	protocol/handler.go:581	tryAdvanceRound called	{"{current_round 20 3  <nil>}": {"Key":"self","Type":15,"Integer":0,"String":"c","Interface":null}}
2025-08-15T22:13:19.289-0500	DEBUG	protocol/handler.go:1591	have processed broadcast	{"{round 20 3  <nil>}": {"Key":"from","Type":15,"Integer":0,"String":"a","Interface":null}}
2025-08-15T22:13:19.289-0500	DEBUG	protocol/handler.go:1591	have processed broadcast	{"{round 20 3  <nil>}": {"Key":"from","Type":15,"Integer":0,"String":"b","Interface":null}}
2025-08-15T22:13:19.289-0500	DEBUG	protocol/handler.go:1649	have all messages and processed	{"{round 20 3  <nil>}": {"Key":"self","Type":15,"Integer":0,"String":"c","Interface":null}}
2025-08-15T22:13:19.289-0500	DEBUG	protocol/handler.go:596	round already finalized
2025-08-15T22:13:19.297-0500	DEBUG	protocol/handler.go:581	tryAdvanceRound called	{"{current_round 20 3  <nil>}": {"Key":"self","Type":15,"Integer":0,"String":"a","Interface":null}}
2025-08-15T22:13:19.297-0500	DEBUG	protocol/handler.go:1591	have processed broadcast	{"{round 20 3  <nil>}": {"Key":"from","Type":15,"Integer":0,"String":"b","Interface":null}}
2025-08-15T22:13:19.299-0500	DEBUG	protocol/handler.go:1591	have processed broadcast	{"{round 20 3  <nil>}": {"Key":"from","Type":15,"Integer":0,"String":"c","Interface":null}}
2025-08-15T22:13:19.299-0500	DEBUG	protocol/handler.go:1649	have all messages and processed	{"{round 20 3  <nil>}": {"Key":"self","Type":15,"Integer":0,"String":"a","Interface":null}}
2025-08-15T22:13:19.299-0500	DEBUG	protocol/handler.go:596	round already finalized
2025-08-15T22:13:19.319-0500	DEBUG	protocol/handler.go:581	tryAdvanceRound called	{"{current_round 20 3  <nil>}": {"Key":"self","Type":15,"Integer":0,"String":"c","Interface":null}}
2025-08-15T22:13:19.345-0500	DEBUG	protocol/handler.go:581	tryAdvanceRound called	{"{current_round 20 3  <nil>}": {"Key":"self","Type":15,"Integer":0,"String":"a","Interface":null}}
2025-08-15T22:13:19.337-0500	DEBUG	protocol/handler.go:581	tryAdvanceRound called	{"{current_round 20 3  <nil>}": {"Key":"self","Type":15,"Integer":0,"String":"b","Interface":null}}
2025-08-15T22:13:19.348-0500	DEBUG	protocol/handler.go:1591	have processed broadcast	{"{round 20 3  <nil>}": {"Key":"from","Type":15,"Integer":0,"String":"a","Interface":null}}
2025-08-15T22:13:19.349-0500	DEBUG	protocol/handler.go:1591	have processed broadcast	{"{round 20 3  <nil>}": {"Key":"from","Type":15,"Integer":0,"String":"b","Interface":null}}
2025-08-15T22:13:19.350-0500	DEBUG	protocol/handler.go:1591	have processed broadcast	{"{round 20 3  <nil>}": {"Key":"from","Type":15,"Integer":0,"String":"c","Interface":null}}
2025-08-15T22:13:19.349-0500	DEBUG	protocol/handler.go:1591	have processed broadcast	{"{round 20 3  <nil>}": {"Key":"from","Type":15,"Integer":0,"String":"c","Interface":null}}
2025-08-15T22:13:19.353-0500	DEBUG	protocol/handler.go:1649	have all messages and processed	{"{round 20 3  <nil>}": {"Key":"self","Type":15,"Integer":0,"String":"b","Interface":null}}
2025-08-15T22:13:19.350-0500	DEBUG	protocol/handler.go:1649	have all messages and processed	{"{round 20 3  <nil>}": {"Key":"self","Type":15,"Integer":0,"String":"a","Interface":null}}
2025-08-15T22:13:19.354-0500	DEBUG	protocol/handler.go:596	round already finalized
2025-08-15T22:13:19.354-0500	DEBUG	protocol/handler.go:581	tryAdvanceRound called	{"{current_round 20 3  <nil>}": {"Key":"self","Type":15,"Integer":0,"String":"a","Interface":null}}
2025-08-15T22:13:19.354-0500	DEBUG	protocol/handler.go:1591	have processed broadcast	{"{round 20 3  <nil>}": {"Key":"from","Type":15,"Integer":0,"String":"b","Interface":null}}
2025-08-15T22:13:19.388-0500	DEBUG	protocol/handler.go:1591	have processed broadcast	{"{round 20 3  <nil>}": {"Key":"from","Type":15,"Integer":0,"String":"c","Interface":null}}
2025-08-15T22:13:19.388-0500	DEBUG	protocol/handler.go:1649	have all messages and processed	{"{round 20 3  <nil>}": {"Key":"self","Type":15,"Integer":0,"String":"a","Interface":null}}
2025-08-15T22:13:19.389-0500	DEBUG	protocol/handler.go:596	round already finalized
2025-08-15T22:13:19.389-0500	DEBUG	protocol/handler.go:581	tryAdvanceRound called	{"{current_round 20 3  <nil>}": {"Key":"self","Type":15,"Integer":0,"String":"a","Interface":null}}
2025-08-15T22:13:19.389-0500	DEBUG	protocol/handler.go:1591	have processed broadcast	{"{round 20 3  <nil>}": {"Key":"from","Type":15,"Integer":0,"String":"b","Interface":null}}
2025-08-15T22:13:19.389-0500	DEBUG	protocol/handler.go:1591	have processed broadcast	{"{round 20 3  <nil>}": {"Key":"from","Type":15,"Integer":0,"String":"c","Interface":null}}
2025-08-15T22:13:19.389-0500	DEBUG	protocol/handler.go:1649	have all messages and processed	{"{round 20 3  <nil>}": {"Key":"self","Type":15,"Integer":0,"String":"a","Interface":null}}
2025-08-15T22:13:19.389-0500	DEBUG	protocol/handler.go:596	round already finalized
2025-08-15T22:13:19.420-0500	DEBUG	protocol/handler.go:581	tryAdvanceRound called	{"{current_round 20 3  <nil>}": {"Key":"self","Type":15,"Integer":0,"String":"a","Interface":null}}
2025-08-15T22:13:19.422-0500	DEBUG	protocol/handler.go:1591	have processed broadcast	{"{round 20 3  <nil>}": {"Key":"from","Type":15,"Integer":0,"String":"b","Interface":null}}
2025-08-15T22:13:19.422-0500	DEBUG	protocol/handler.go:1591	have processed broadcast	{"{round 20 3  <nil>}": {"Key":"from","Type":15,"Integer":0,"String":"c","Interface":null}}
2025-08-15T22:13:19.422-0500	DEBUG	protocol/handler.go:1649	have all messages and processed	{"{round 20 3  <nil>}": {"Key":"self","Type":15,"Integer":0,"String":"a","Interface":null}}
2025-08-15T22:13:19.422-0500	DEBUG	protocol/handler.go:596	round already finalized
2025-08-15T22:13:19.319-0500	DEBUG	protocol/handler.go:1591	have processed broadcast	{"{round 20 3  <nil>}": {"Key":"from","Type":15,"Integer":0,"String":"a","Interface":null}}
2025-08-15T22:13:19.423-0500	DEBUG	protocol/handler.go:1591	have processed broadcast	{"{round 20 3  <nil>}": {"Key":"from","Type":15,"Integer":0,"String":"b","Interface":null}}
2025-08-15T22:13:19.423-0500	DEBUG	protocol/handler.go:1649	have all messages and processed	{"{round 20 3  <nil>}": {"Key":"self","Type":15,"Integer":0,"String":"c","Interface":null}}
2025-08-15T22:13:19.423-0500	DEBUG	protocol/handler.go:596	round already finalized
2025-08-15T22:13:19.423-0500	DEBUG	protocol/handler.go:581	tryAdvanceRound called	{"{current_round 20 3  <nil>}": {"Key":"self","Type":15,"Integer":0,"String":"c","Interface":null}}
2025-08-15T22:13:19.423-0500	DEBUG	protocol/handler.go:1591	have processed broadcast	{"{round 20 3  <nil>}": {"Key":"from","Type":15,"Integer":0,"String":"a","Interface":null}}
2025-08-15T22:13:19.423-0500	DEBUG	protocol/handler.go:1591	have processed broadcast	{"{round 20 3  <nil>}": {"Key":"from","Type":15,"Integer":0,"String":"b","Interface":null}}
2025-08-15T22:13:19.423-0500	DEBUG	protocol/handler.go:1649	have all messages and processed	{"{round 20 3  <nil>}": {"Key":"self","Type":15,"Integer":0,"String":"c","Interface":null}}
2025-08-15T22:13:19.423-0500	DEBUG	protocol/handler.go:596	round already finalized
2025-08-15T22:13:19.353-0500	DEBUG	protocol/handler.go:596	round already finalized
2025-08-15T22:13:19.423-0500	DEBUG	protocol/handler.go:581	tryAdvanceRound called	{"{current_round 20 3  <nil>}": {"Key":"self","Type":15,"Integer":0,"String":"b","Interface":null}}
2025-08-15T22:13:19.424-0500	DEBUG	protocol/handler.go:1591	have processed broadcast	{"{round 20 3  <nil>}": {"Key":"from","Type":15,"Integer":0,"String":"a","Interface":null}}
2025-08-15T22:13:19.424-0500	DEBUG	protocol/handler.go:1591	have processed broadcast	{"{round 20 3  <nil>}": {"Key":"from","Type":15,"Integer":0,"String":"c","Interface":null}}
2025-08-15T22:13:19.424-0500	DEBUG	protocol/handler.go:1649	have all messages and processed	{"{round 20 3  <nil>}": {"Key":"self","Type":15,"Integer":0,"String":"b","Interface":null}}
2025-08-15T22:13:19.424-0500	DEBUG	protocol/handler.go:596	round already finalized
2025-08-15T22:13:19.448-0500	DEBUG	protocol/handler.go:581	tryAdvanceRound called	{"{current_round 20 3  <nil>}": {"Key":"self","Type":15,"Integer":0,"String":"c","Interface":null}}
2025-08-15T22:13:19.448-0500	DEBUG	protocol/handler.go:1591	have processed broadcast	{"{round 20 3  <nil>}": {"Key":"from","Type":15,"Integer":0,"String":"a","Interface":null}}
2025-08-15T22:13:19.448-0500	DEBUG	protocol/handler.go:1591	have processed broadcast	{"{round 20 3  <nil>}": {"Key":"from","Type":15,"Integer":0,"String":"b","Interface":null}}
2025-08-15T22:13:19.448-0500	DEBUG	protocol/handler.go:1649	have all messages and processed	{"{round 20 3  <nil>}": {"Key":"self","Type":15,"Integer":0,"String":"c","Interface":null}}
2025-08-15T22:13:19.448-0500	DEBUG	protocol/handler.go:596	round already finalized
2025-08-15T22:13:19.476-0500	DEBUG	protocol/handler.go:581	tryAdvanceRound called	{"{current_round 20 3  <nil>}": {"Key":"self","Type":15,"Integer":0,"String":"c","Interface":null}}
2025-08-15T22:13:19.476-0500	DEBUG	protocol/handler.go:1591	have processed broadcast	{"{round 20 3  <nil>}": {"Key":"from","Type":15,"Integer":0,"String":"a","Interface":null}}
2025-08-15T22:13:19.476-0500	DEBUG	protocol/handler.go:1591	have processed broadcast	{"{round 20 3  <nil>}": {"Key":"from","Type":15,"Integer":0,"String":"b","Interface":null}}
2025-08-15T22:13:19.476-0500	DEBUG	protocol/handler.go:1649	have all messages and processed	{"{round 20 3  <nil>}": {"Key":"self","Type":15,"Integer":0,"String":"c","Interface":null}}
2025-08-15T22:13:19.476-0500	DEBUG	protocol/handler.go:596	round already finalized
2025-08-15T22:13:19.476-0500	DEBUG	protocol/handler.go:581	tryAdvanceRound called	{"{current_round 20 3  <nil>}": {"Key":"self","Type":15,"Integer":0,"String":"a","Interface":null}}
2025-08-15T22:13:19.477-0500	DEBUG	protocol/handler.go:1591	have processed broadcast	{"{round 20 3  <nil>}": {"Key":"from","Type":15,"Integer":0,"String":"b","Interface":null}}
2025-08-15T22:13:19.477-0500	DEBUG	protocol/handler.go:1591	have processed broadcast	{"{round 20 3  <nil>}": {"Key":"from","Type":15,"Integer":0,"String":"c","Interface":null}}
2025-08-15T22:13:19.477-0500	DEBUG	protocol/handler.go:1649	have all messages and processed	{"{round 20 3  <nil>}": {"Key":"self","Type":15,"Integer":0,"String":"a","Interface":null}}
2025-08-15T22:13:19.477-0500	DEBUG	protocol/handler.go:596	round already finalized
2025-08-15T22:13:19.477-0500	DEBUG	protocol/handler.go:581	tryAdvanceRound called	{"{current_round 20 3  <nil>}": {"Key":"self","Type":15,"Integer":0,"String":"a","Interface":null}}
2025-08-15T22:13:19.477-0500	DEBUG	protocol/handler.go:1591	have processed broadcast	{"{round 20 3  <nil>}": {"Key":"from","Type":15,"Integer":0,"String":"b","Interface":null}}
2025-08-15T22:13:19.477-0500	DEBUG	protocol/handler.go:1591	have processed broadcast	{"{round 20 3  <nil>}": {"Key":"from","Type":15,"Integer":0,"String":"c","Interface":null}}
2025-08-15T22:13:19.477-0500	DEBUG	protocol/handler.go:1649	have all messages and processed	{"{round 20 3  <nil>}": {"Key":"self","Type":15,"Integer":0,"String":"a","Interface":null}}
2025-08-15T22:13:19.477-0500	DEBUG	protocol/handler.go:596	round already finalized
2025-08-15T22:13:19.477-0500	DEBUG	protocol/handler.go:581	tryAdvanceRound called	{"{current_round 20 3  <nil>}": {"Key":"self","Type":15,"Integer":0,"String":"b","Interface":null}}
2025-08-15T22:13:19.477-0500	DEBUG	protocol/handler.go:1591	have processed broadcast	{"{round 20 3  <nil>}": {"Key":"from","Type":15,"Integer":0,"String":"a","Interface":null}}
2025-08-15T22:13:19.477-0500	DEBUG	protocol/handler.go:1591	have processed broadcast	{"{round 20 3  <nil>}": {"Key":"from","Type":15,"Integer":0,"String":"c","Interface":null}}
2025-08-15T22:13:19.477-0500	DEBUG	protocol/handler.go:1649	have all messages and processed	{"{round 20 3  <nil>}": {"Key":"self","Type":15,"Integer":0,"String":"b","Interface":null}}
2025-08-15T22:13:19.477-0500	DEBUG	protocol/handler.go:596	round already finalized
2025-08-15T22:13:19.477-0500	DEBUG	protocol/handler.go:581	tryAdvanceRound called	{"{current_round 20 3  <nil>}": {"Key":"self","Type":15,"Integer":0,"String":"b","Interface":null}}
2025-08-15T22:13:19.477-0500	DEBUG	protocol/handler.go:1591	have processed broadcast	{"{round 20 3  <nil>}": {"Key":"from","Type":15,"Integer":0,"String":"a","Interface":null}}
2025-08-15T22:13:19.477-0500	DEBUG	protocol/handler.go:1591	have processed broadcast	{"{round 20 3  <nil>}": {"Key":"from","Type":15,"Integer":0,"String":"c","Interface":null}}
2025-08-15T22:13:19.477-0500	DEBUG	protocol/handler.go:1649	have all messages and processed	{"{round 20 3  <nil>}": {"Key":"self","Type":15,"Integer":0,"String":"b","Interface":null}}
2025-08-15T22:13:19.477-0500	DEBUG	protocol/handler.go:596	round already finalized
2025-08-15T22:13:19.499-0500	DEBUG	protocol/handler.go:581	tryAdvanceRound called	{"{current_round 20 3  <nil>}": {"Key":"self","Type":15,"Integer":0,"String":"b","Interface":null}}
2025-08-15T22:13:19.499-0500	DEBUG	protocol/handler.go:1591	have processed broadcast	{"{round 20 3  <nil>}": {"Key":"from","Type":15,"Integer":0,"String":"a","Interface":null}}
2025-08-15T22:13:19.509-0500	DEBUG	protocol/handler.go:1591	have processed broadcast	{"{round 20 3  <nil>}": {"Key":"from","Type":15,"Integer":0,"String":"c","Interface":null}}
2025-08-15T22:13:19.509-0500	DEBUG	protocol/handler.go:1649	have all messages and processed	{"{round 20 3  <nil>}": {"Key":"self","Type":15,"Integer":0,"String":"b","Interface":null}}
2025-08-15T22:13:19.509-0500	DEBUG	protocol/handler.go:596	round already finalized
2025-08-15T22:13:19.509-0500	DEBUG	protocol/handler.go:581	tryAdvanceRound called	{"{current_round 20 3  <nil>}": {"Key":"self","Type":15,"Integer":0,"String":"c","Interface":null}}
2025-08-15T22:13:19.509-0500	DEBUG	protocol/handler.go:1591	have processed broadcast	{"{round 20 3  <nil>}": {"Key":"from","Type":15,"Integer":0,"String":"a","Interface":null}}
2025-08-15T22:13:19.509-0500	DEBUG	protocol/handler.go:1591	have processed broadcast	{"{round 20 3  <nil>}": {"Key":"from","Type":15,"Integer":0,"String":"b","Interface":null}}
2025-08-15T22:13:19.509-0500	DEBUG	protocol/handler.go:1649	have all messages and processed	{"{round 20 3  <nil>}": {"Key":"self","Type":15,"Integer":0,"String":"c","Interface":null}}
2025-08-15T22:13:19.509-0500	DEBUG	protocol/handler.go:596	round already finalized
2025-08-15T22:13:19.510-0500	DEBUG	protocol/handler.go:581	tryAdvanceRound called	{"{current_round 20 3  <nil>}": {"Key":"self","Type":15,"Integer":0,"String":"c","Interface":null}}
2025-08-15T22:13:19.510-0500	DEBUG	protocol/handler.go:1591	have processed broadcast	{"{round 20 3  <nil>}": {"Key":"from","Type":15,"Integer":0,"String":"a","Interface":null}}
2025-08-15T22:13:19.510-0500	DEBUG	protocol/handler.go:1591	have processed broadcast	{"{round 20 3  <nil>}": {"Key":"from","Type":15,"Integer":0,"String":"b","Interface":null}}
2025-08-15T22:13:19.510-0500	DEBUG	protocol/handler.go:1649	have all messages and processed	{"{round 20 3  <nil>}": {"Key":"self","Type":15,"Integer":0,"String":"c","Interface":null}}
2025-08-15T22:13:19.510-0500	DEBUG	protocol/handler.go:596	round already finalized
2025-08-15T22:13:19.510-0500	DEBUG	protocol/handler.go:581	tryAdvanceRound called	{"{current_round 20 3  <nil>}": {"Key":"self","Type":15,"Integer":0,"String":"a","Interface":null}}
2025-08-15T22:13:19.510-0500	DEBUG	protocol/handler.go:1591	have processed broadcast	{"{round 20 3  <nil>}": {"Key":"from","Type":15,"Integer":0,"String":"b","Interface":null}}
2025-08-15T22:13:19.510-0500	DEBUG	protocol/handler.go:1591	have processed broadcast	{"{round 20 3  <nil>}": {"Key":"from","Type":15,"Integer":0,"String":"c","Interface":null}}
2025-08-15T22:13:19.510-0500	DEBUG	protocol/handler.go:1649	have all messages and processed	{"{round 20 3  <nil>}": {"Key":"self","Type":15,"Integer":0,"String":"a","Interface":null}}
2025-08-15T22:13:19.510-0500	DEBUG	protocol/handler.go:596	round already finalized
2025-08-15T22:13:19.510-0500	DEBUG	protocol/handler.go:581	tryAdvanceRound called	{"{current_round 20 3  <nil>}": {"Key":"self","Type":15,"Integer":0,"String":"a","Interface":null}}
2025-08-15T22:13:19.510-0500	DEBUG	protocol/handler.go:1591	have processed broadcast	{"{round 20 3  <nil>}": {"Key":"from","Type":15,"Integer":0,"String":"b","Interface":null}}
2025-08-15T22:13:19.510-0500	DEBUG	protocol/handler.go:1591	have processed broadcast	{"{round 20 3  <nil>}": {"Key":"from","Type":15,"Integer":0,"String":"c","Interface":null}}
2025-08-15T22:13:19.510-0500	DEBUG	protocol/handler.go:1649	have all messages and processed	{"{round 20 3  <nil>}": {"Key":"self","Type":15,"Integer":0,"String":"a","Interface":null}}
2025-08-15T22:13:19.510-0500	DEBUG	protocol/handler.go:596	round already finalized
2025-08-15T22:13:19.510-0500	DEBUG	protocol/handler.go:581	tryAdvanceRound called	{"{current_round 20 3  <nil>}": {"Key":"self","Type":15,"Integer":0,"String":"b","Interface":null}}
2025-08-15T22:13:19.510-0500	DEBUG	protocol/handler.go:1591	have processed broadcast	{"{round 20 3  <nil>}": {"Key":"from","Type":15,"Integer":0,"String":"a","Interface":null}}
2025-08-15T22:13:19.510-0500	DEBUG	protocol/handler.go:1591	have processed broadcast	{"{round 20 3  <nil>}": {"Key":"from","Type":15,"Integer":0,"String":"c","Interface":null}}
2025-08-15T22:13:19.510-0500	DEBUG	protocol/handler.go:1649	have all messages and processed	{"{round 20 3  <nil>}": {"Key":"self","Type":15,"Integer":0,"String":"b","Interface":null}}
2025-08-15T22:13:19.510-0500	DEBUG	protocol/handler.go:596	round already finalized
2025-08-15T22:13:19.510-0500	DEBUG	protocol/handler.go:581	tryAdvanceRound called	{"{current_round 20 3  <nil>}": {"Key":"self","Type":15,"Integer":0,"String":"b","Interface":null}}
2025-08-15T22:13:19.510-0500	DEBUG	protocol/handler.go:1591	have processed broadcast	{"{round 20 3  <nil>}": {"Key":"from","Type":15,"Integer":0,"String":"a","Interface":null}}
2025-08-15T22:13:19.510-0500	DEBUG	protocol/handler.go:1591	have processed broadcast	{"{round 20 3  <nil>}": {"Key":"from","Type":15,"Integer":0,"String":"c","Interface":null}}
2025-08-15T22:13:19.511-0500	DEBUG	protocol/handler.go:1649	have all messages and processed	{"{round 20 3  <nil>}": {"Key":"self","Type":15,"Integer":0,"String":"b","Interface":null}}
2025-08-15T22:13:19.511-0500	DEBUG	protocol/handler.go:596	round already finalized
2025-08-15T22:13:19.511-0500	DEBUG	protocol/handler.go:581	tryAdvanceRound called	{"{current_round 20 3  <nil>}": {"Key":"self","Type":15,"Integer":0,"String":"c","Interface":null}}
2025-08-15T22:13:19.511-0500	DEBUG	protocol/handler.go:1591	have processed broadcast	{"{round 20 3  <nil>}": {"Key":"from","Type":15,"Integer":0,"String":"a","Interface":null}}
2025-08-15T22:13:19.511-0500	DEBUG	protocol/handler.go:1591	have processed broadcast	{"{round 20 3  <nil>}": {"Key":"from","Type":15,"Integer":0,"String":"b","Interface":null}}
2025-08-15T22:13:19.511-0500	DEBUG	protocol/handler.go:1649	have all messages and processed	{"{round 20 3  <nil>}": {"Key":"self","Type":15,"Integer":0,"String":"c","Interface":null}}
2025-08-15T22:13:19.511-0500	DEBUG	protocol/handler.go:596	round already finalized
2025-08-15T22:13:19.558-0500	DEBUG	protocol/handler.go:581	tryAdvanceRound called	{"{current_round 20 3  <nil>}": {"Key":"self","Type":15,"Integer":0,"String":"a","Interface":null}}
2025-08-15T22:13:19.558-0500	DEBUG	protocol/handler.go:1591	have processed broadcast	{"{round 20 3  <nil>}": {"Key":"from","Type":15,"Integer":0,"String":"b","Interface":null}}
2025-08-15T22:13:19.558-0500	DEBUG	protocol/handler.go:1591	have processed broadcast	{"{round 20 3  <nil>}": {"Key":"from","Type":15,"Integer":0,"String":"c","Interface":null}}
2025-08-15T22:13:19.558-0500	DEBUG	protocol/handler.go:1649	have all messages and processed	{"{round 20 3  <nil>}": {"Key":"self","Type":15,"Integer":0,"String":"a","Interface":null}}
2025-08-15T22:13:19.561-0500	DEBUG	protocol/handler.go:596	round already finalized
2025-08-15T22:13:19.564-0500	DEBUG	protocol/handler.go:581	tryAdvanceRound called	{"{current_round 20 3  <nil>}": {"Key":"self","Type":15,"Integer":0,"String":"a","Interface":null}}
2025-08-15T22:13:19.564-0500	DEBUG	protocol/handler.go:1591	have processed broadcast	{"{round 20 3  <nil>}": {"Key":"from","Type":15,"Integer":0,"String":"b","Interface":null}}
2025-08-15T22:13:19.568-0500	DEBUG	protocol/handler.go:1591	have processed broadcast	{"{round 20 3  <nil>}": {"Key":"from","Type":15,"Integer":0,"String":"c","Interface":null}}
2025-08-15T22:13:19.569-0500	DEBUG	protocol/handler.go:1649	have all messages and processed	{"{round 20 3  <nil>}": {"Key":"self","Type":15,"Integer":0,"String":"a","Interface":null}}
2025-08-15T22:13:19.569-0500	DEBUG	protocol/handler.go:596	round already finalized
2025-08-15T22:13:19.569-0500	DEBUG	protocol/handler.go:581	tryAdvanceRound called	{"{current_round 20 3  <nil>}": {"Key":"self","Type":15,"Integer":0,"String":"a","Interface":null}}
2025-08-15T22:13:19.571-0500	DEBUG	protocol/handler.go:1591	have processed broadcast	{"{round 20 3  <nil>}": {"Key":"from","Type":15,"Integer":0,"String":"b","Interface":null}}
2025-08-15T22:13:19.571-0500	DEBUG	protocol/handler.go:1591	have processed broadcast	{"{round 20 3  <nil>}": {"Key":"from","Type":15,"Integer":0,"String":"c","Interface":null}}
2025-08-15T22:13:19.571-0500	DEBUG	protocol/handler.go:1649	have all messages and processed	{"{round 20 3  <nil>}": {"Key":"self","Type":15,"Integer":0,"String":"a","Interface":null}}
2025-08-15T22:13:19.572-0500	DEBUG	protocol/handler.go:596	round already finalized
2025-08-15T22:13:19.572-0500	DEBUG	protocol/handler.go:581	tryAdvanceRound called	{"{current_round 20 3  <nil>}": {"Key":"self","Type":15,"Integer":0,"String":"b","Interface":null}}
2025-08-15T22:13:19.572-0500	DEBUG	protocol/handler.go:1591	have processed broadcast	{"{round 20 3  <nil>}": {"Key":"from","Type":15,"Integer":0,"String":"a","Interface":null}}
2025-08-15T22:13:19.573-0500	DEBUG	protocol/handler.go:1591	have processed broadcast	{"{round 20 3  <nil>}": {"Key":"from","Type":15,"Integer":0,"String":"c","Interface":null}}
2025-08-15T22:13:19.573-0500	DEBUG	protocol/handler.go:1649	have all messages and processed	{"{round 20 3  <nil>}": {"Key":"self","Type":15,"Integer":0,"String":"b","Interface":null}}
2025-08-15T22:13:19.573-0500	DEBUG	protocol/handler.go:596	round already finalized
2025-08-15T22:13:19.573-0500	DEBUG	protocol/handler.go:581	tryAdvanceRound called	{"{current_round 20 3  <nil>}": {"Key":"self","Type":15,"Integer":0,"String":"b","Interface":null}}
2025-08-15T22:13:19.573-0500	DEBUG	protocol/handler.go:1591	have processed broadcast	{"{round 20 3  <nil>}": {"Key":"from","Type":15,"Integer":0,"String":"a","Interface":null}}
2025-08-15T22:13:19.573-0500	DEBUG	protocol/handler.go:1591	have processed broadcast	{"{round 20 3  <nil>}": {"Key":"from","Type":15,"Integer":0,"String":"c","Interface":null}}
2025-08-15T22:13:19.573-0500	DEBUG	protocol/handler.go:1649	have all messages and processed	{"{round 20 3  <nil>}": {"Key":"self","Type":15,"Integer":0,"String":"b","Interface":null}}
2025-08-15T22:13:19.573-0500	DEBUG	protocol/handler.go:596	round already finalized
2025-08-15T22:13:19.573-0500	DEBUG	protocol/handler.go:581	tryAdvanceRound called	{"{current_round 20 3  <nil>}": {"Key":"self","Type":15,"Integer":0,"String":"c","Interface":null}}
2025-08-15T22:13:19.573-0500	DEBUG	protocol/handler.go:1591	have processed broadcast	{"{round 20 3  <nil>}": {"Key":"from","Type":15,"Integer":0,"String":"a","Interface":null}}
2025-08-15T22:13:19.573-0500	DEBUG	protocol/handler.go:1591	have processed broadcast	{"{round 20 3  <nil>}": {"Key":"from","Type":15,"Integer":0,"String":"b","Interface":null}}
2025-08-15T22:13:19.573-0500	DEBUG	protocol/handler.go:1649	have all messages and processed	{"{round 20 3  <nil>}": {"Key":"self","Type":15,"Integer":0,"String":"c","Interface":null}}
2025-08-15T22:13:19.573-0500	DEBUG	protocol/handler.go:596	round already finalized
2025-08-15T22:13:19.573-0500	DEBUG	protocol/handler.go:581	tryAdvanceRound called	{"{current_round 20 3  <nil>}": {"Key":"self","Type":15,"Integer":0,"String":"c","Interface":null}}
2025-08-15T22:13:19.573-0500	DEBUG	protocol/handler.go:1591	have processed broadcast	{"{round 20 3  <nil>}": {"Key":"from","Type":15,"Integer":0,"String":"a","Interface":null}}
2025-08-15T22:13:19.573-0500	DEBUG	protocol/handler.go:1591	have processed broadcast	{"{round 20 3  <nil>}": {"Key":"from","Type":15,"Integer":0,"String":"b","Interface":null}}
2025-08-15T22:13:19.573-0500	DEBUG	protocol/handler.go:1649	have all messages and processed	{"{round 20 3  <nil>}": {"Key":"self","Type":15,"Integer":0,"String":"c","Interface":null}}
2025-08-15T22:13:19.573-0500	DEBUG	protocol/handler.go:596	round already finalized
2025-08-15T22:13:19.618-0500	DEBUG	protocol/handler.go:581	tryAdvanceRound called	{"{current_round 20 3  <nil>}": {"Key":"self","Type":15,"Integer":0,"String":"a","Interface":null}}
2025-08-15T22:13:19.618-0500	DEBUG	protocol/handler.go:1591	have processed broadcast	{"{round 20 3  <nil>}": {"Key":"from","Type":15,"Integer":0,"String":"b","Interface":null}}
2025-08-15T22:13:19.618-0500	DEBUG	protocol/handler.go:1591	have processed broadcast	{"{round 20 3  <nil>}": {"Key":"from","Type":15,"Integer":0,"String":"c","Interface":null}}
2025-08-15T22:13:19.618-0500	DEBUG	protocol/handler.go:1649	have all messages and processed	{"{round 20 3  <nil>}": {"Key":"self","Type":15,"Integer":0,"String":"a","Interface":null}}
2025-08-15T22:13:19.618-0500	DEBUG	protocol/handler.go:596	round already finalized
2025-08-15T22:13:19.619-0500	DEBUG	protocol/handler.go:581	tryAdvanceRound called	{"{current_round 20 3  <nil>}": {"Key":"self","Type":15,"Integer":0,"String":"a","Interface":null}}
2025-08-15T22:13:19.619-0500	DEBUG	protocol/handler.go:1591	have processed broadcast	{"{round 20 3  <nil>}": {"Key":"from","Type":15,"Integer":0,"String":"b","Interface":null}}
2025-08-15T22:13:19.619-0500	DEBUG	protocol/handler.go:1591	have processed broadcast	{"{round 20 3  <nil>}": {"Key":"from","Type":15,"Integer":0,"String":"c","Interface":null}}
2025-08-15T22:13:19.619-0500	DEBUG	protocol/handler.go:1649	have all messages and processed	{"{round 20 3  <nil>}": {"Key":"self","Type":15,"Integer":0,"String":"a","Interface":null}}
2025-08-15T22:13:19.619-0500	DEBUG	protocol/handler.go:596	round already finalized
2025-08-15T22:13:19.619-0500	DEBUG	protocol/handler.go:581	tryAdvanceRound called	{"{current_round 20 3  <nil>}": {"Key":"self","Type":15,"Integer":0,"String":"b","Interface":null}}
2025-08-15T22:13:19.619-0500	DEBUG	protocol/handler.go:1591	have processed broadcast	{"{round 20 3  <nil>}": {"Key":"from","Type":15,"Integer":0,"String":"a","Interface":null}}
2025-08-15T22:13:19.619-0500	DEBUG	protocol/handler.go:1591	have processed broadcast	{"{round 20 3  <nil>}": {"Key":"from","Type":15,"Integer":0,"String":"c","Interface":null}}
2025-08-15T22:13:19.619-0500	DEBUG	protocol/handler.go:1649	have all messages and processed	{"{round 20 3  <nil>}": {"Key":"self","Type":15,"Integer":0,"String":"b","Interface":null}}
2025-08-15T22:13:19.619-0500	DEBUG	protocol/handler.go:596	round already finalized
2025-08-15T22:13:19.619-0500	DEBUG	protocol/handler.go:581	tryAdvanceRound called	{"{current_round 20 3  <nil>}": {"Key":"self","Type":15,"Integer":0,"String":"b","Interface":null}}
2025-08-15T22:13:19.619-0500	DEBUG	protocol/handler.go:1591	have processed broadcast	{"{round 20 3  <nil>}": {"Key":"from","Type":15,"Integer":0,"String":"a","Interface":null}}
2025-08-15T22:13:19.619-0500	DEBUG	protocol/handler.go:1591	have processed broadcast	{"{round 20 3  <nil>}": {"Key":"from","Type":15,"Integer":0,"String":"c","Interface":null}}
2025-08-15T22:13:19.619-0500	DEBUG	protocol/handler.go:1649	have all messages and processed	{"{round 20 3  <nil>}": {"Key":"self","Type":15,"Integer":0,"String":"b","Interface":null}}
2025-08-15T22:13:19.619-0500	DEBUG	protocol/handler.go:596	round already finalized
2025-08-15T22:13:19.619-0500	DEBUG	protocol/handler.go:581	tryAdvanceRound called	{"{current_round 20 3  <nil>}": {"Key":"self","Type":15,"Integer":0,"String":"c","Interface":null}}
2025-08-15T22:13:19.619-0500	DEBUG	protocol/handler.go:1591	have processed broadcast	{"{round 20 3  <nil>}": {"Key":"from","Type":15,"Integer":0,"String":"a","Interface":null}}
2025-08-15T22:13:19.619-0500	DEBUG	protocol/handler.go:1591	have processed broadcast	{"{round 20 3  <nil>}": {"Key":"from","Type":15,"Integer":0,"String":"b","Interface":null}}
2025-08-15T22:13:19.619-0500	DEBUG	protocol/handler.go:1649	have all messages and processed	{"{round 20 3  <nil>}": {"Key":"self","Type":15,"Integer":0,"String":"c","Interface":null}}
2025-08-15T22:13:19.619-0500	DEBUG	protocol/handler.go:596	round already finalized
2025-08-15T22:13:19.619-0500	DEBUG	protocol/handler.go:581	tryAdvanceRound called	{"{current_round 20 3  <nil>}": {"Key":"self","Type":15,"Integer":0,"String":"c","Interface":null}}
2025-08-15T22:13:19.619-0500	DEBUG	protocol/handler.go:1591	have processed broadcast	{"{round 20 3  <nil>}": {"Key":"from","Type":15,"Integer":0,"String":"a","Interface":null}}
2025-08-15T22:13:19.620-0500	DEBUG	protocol/handler.go:1591	have processed broadcast	{"{round 20 3  <nil>}": {"Key":"from","Type":15,"Integer":0,"String":"b","Interface":null}}
2025-08-15T22:13:19.620-0500	DEBUG	protocol/handler.go:1649	have all messages and processed	{"{round 20 3  <nil>}": {"Key":"self","Type":15,"Integer":0,"String":"c","Interface":null}}
2025-08-15T22:13:19.620-0500	DEBUG	protocol/handler.go:596	round already finalized
2025-08-15T22:13:19.649-0500	DEBUG	protocol/handler.go:581	tryAdvanceRound called	{"{current_round 20 3  <nil>}": {"Key":"self","Type":15,"Integer":0,"String":"a","Interface":null}}
2025-08-15T22:13:19.649-0500	DEBUG	protocol/handler.go:1591	have processed broadcast	{"{round 20 3  <nil>}": {"Key":"from","Type":15,"Integer":0,"String":"b","Interface":null}}
2025-08-15T22:13:19.679-0500	DEBUG	protocol/handler.go:581	tryAdvanceRound called	{"{current_round 20 3  <nil>}": {"Key":"self","Type":15,"Integer":0,"String":"c","Interface":null}}
2025-08-15T22:13:19.679-0500	DEBUG	protocol/handler.go:1591	have processed broadcast	{"{round 20 3  <nil>}": {"Key":"from","Type":15,"Integer":0,"String":"a","Interface":null}}
2025-08-15T22:13:19.679-0500	DEBUG	protocol/handler.go:1591	have processed broadcast	{"{round 20 3  <nil>}": {"Key":"from","Type":15,"Integer":0,"String":"b","Interface":null}}
2025-08-15T22:13:19.679-0500	DEBUG	protocol/handler.go:1649	have all messages and processed	{"{round 20 3  <nil>}": {"Key":"self","Type":15,"Integer":0,"String":"c","Interface":null}}
2025-08-15T22:13:19.679-0500	DEBUG	protocol/handler.go:596	round already finalized
2025-08-15T22:13:19.679-0500	DEBUG	protocol/handler.go:581	tryAdvanceRound called	{"{current_round 20 3  <nil>}": {"Key":"self","Type":15,"Integer":0,"String":"c","Interface":null}}
2025-08-15T22:13:19.679-0500	DEBUG	protocol/handler.go:1591	have processed broadcast	{"{round 20 3  <nil>}": {"Key":"from","Type":15,"Integer":0,"String":"a","Interface":null}}
2025-08-15T22:13:19.679-0500	DEBUG	protocol/handler.go:1591	have processed broadcast	{"{round 20 3  <nil>}": {"Key":"from","Type":15,"Integer":0,"String":"b","Interface":null}}
2025-08-15T22:13:19.679-0500	DEBUG	protocol/handler.go:1649	have all messages and processed	{"{round 20 3  <nil>}": {"Key":"self","Type":15,"Integer":0,"String":"c","Interface":null}}
2025-08-15T22:13:19.679-0500	DEBUG	protocol/handler.go:596	round already finalized
2025-08-15T22:13:19.680-0500	DEBUG	protocol/handler.go:581	tryAdvanceRound called	{"{current_round 20 3  <nil>}": {"Key":"self","Type":15,"Integer":0,"String":"b","Interface":null}}
2025-08-15T22:13:19.680-0500	DEBUG	protocol/handler.go:1591	have processed broadcast	{"{round 20 3  <nil>}": {"Key":"from","Type":15,"Integer":0,"String":"a","Interface":null}}
2025-08-15T22:13:19.680-0500	DEBUG	protocol/handler.go:1591	have processed broadcast	{"{round 20 3  <nil>}": {"Key":"from","Type":15,"Integer":0,"String":"c","Interface":null}}
2025-08-15T22:13:19.680-0500	DEBUG	protocol/handler.go:1649	have all messages and processed	{"{round 20 3  <nil>}": {"Key":"self","Type":15,"Integer":0,"String":"b","Interface":null}}
2025-08-15T22:13:19.680-0500	DEBUG	protocol/handler.go:596	round already finalized
2025-08-15T22:13:19.680-0500	DEBUG	protocol/handler.go:581	tryAdvanceRound called	{"{current_round 20 3  <nil>}": {"Key":"self","Type":15,"Integer":0,"String":"b","Interface":null}}
2025-08-15T22:13:19.680-0500	DEBUG	protocol/handler.go:1591	have processed broadcast	{"{round 20 3  <nil>}": {"Key":"from","Type":15,"Integer":0,"String":"a","Interface":null}}
2025-08-15T22:13:19.680-0500	DEBUG	protocol/handler.go:1591	have processed broadcast	{"{round 20 3  <nil>}": {"Key":"from","Type":15,"Integer":0,"String":"c","Interface":null}}
2025-08-15T22:13:19.680-0500	DEBUG	protocol/handler.go:1649	have all messages and processed	{"{round 20 3  <nil>}": {"Key":"self","Type":15,"Integer":0,"String":"b","Interface":null}}
2025-08-15T22:13:19.680-0500	DEBUG	protocol/handler.go:596	round already finalized
2025-08-15T22:13:19.690-0500	DEBUG	protocol/handler.go:1591	have processed broadcast	{"{round 20 3  <nil>}": {"Key":"from","Type":15,"Integer":0,"String":"c","Interface":null}}
2025-08-15T22:13:19.690-0500	DEBUG	protocol/handler.go:1649	have all messages and processed	{"{round 20 3  <nil>}": {"Key":"self","Type":15,"Integer":0,"String":"a","Interface":null}}
2025-08-15T22:13:19.690-0500	DEBUG	protocol/handler.go:596	round already finalized
2025-08-15T22:13:19.690-0500	DEBUG	protocol/handler.go:581	tryAdvanceRound called	{"{current_round 20 3  <nil>}": {"Key":"self","Type":15,"Integer":0,"String":"a","Interface":null}}
2025-08-15T22:13:19.690-0500	DEBUG	protocol/handler.go:1591	have processed broadcast	{"{round 20 3  <nil>}": {"Key":"from","Type":15,"Integer":0,"String":"b","Interface":null}}
2025-08-15T22:13:19.690-0500	DEBUG	protocol/handler.go:1591	have processed broadcast	{"{round 20 3  <nil>}": {"Key":"from","Type":15,"Integer":0,"String":"c","Interface":null}}
2025-08-15T22:13:19.690-0500	DEBUG	protocol/handler.go:1649	have all messages and processed	{"{round 20 3  <nil>}": {"Key":"self","Type":15,"Integer":0,"String":"a","Interface":null}}
2025-08-15T22:13:19.691-0500	DEBUG	protocol/handler.go:596	round already finalized
2025-08-15T22:13:19.720-0500	DEBUG	protocol/handler.go:581	tryAdvanceRound called	{"{current_round 20 3  <nil>}": {"Key":"self","Type":15,"Integer":0,"String":"a","Interface":null}}
2025-08-15T22:13:19.720-0500	DEBUG	protocol/handler.go:1591	have processed broadcast	{"{round 20 3  <nil>}": {"Key":"from","Type":15,"Integer":0,"String":"b","Interface":null}}
2025-08-15T22:13:19.720-0500	DEBUG	protocol/handler.go:1591	have processed broadcast	{"{round 20 3  <nil>}": {"Key":"from","Type":15,"Integer":0,"String":"c","Interface":null}}
2025-08-15T22:13:19.720-0500	DEBUG	protocol/handler.go:1649	have all messages and processed	{"{round 20 3  <nil>}": {"Key":"self","Type":15,"Integer":0,"String":"a","Interface":null}}
2025-08-15T22:13:19.720-0500	DEBUG	protocol/handler.go:596	round already finalized
2025-08-15T22:13:19.727-0500	DEBUG	protocol/handler.go:581	tryAdvanceRound called	{"{current_round 20 3  <nil>}": {"Key":"self","Type":15,"Integer":0,"String":"b","Interface":null}}
2025-08-15T22:13:19.727-0500	DEBUG	protocol/handler.go:1591	have processed broadcast	{"{round 20 3  <nil>}": {"Key":"from","Type":15,"Integer":0,"String":"a","Interface":null}}
2025-08-15T22:13:19.727-0500	DEBUG	protocol/handler.go:1591	have processed broadcast	{"{round 20 3  <nil>}": {"Key":"from","Type":15,"Integer":0,"String":"c","Interface":null}}
2025-08-15T22:13:19.727-0500	DEBUG	protocol/handler.go:1649	have all messages and processed	{"{round 20 3  <nil>}": {"Key":"self","Type":15,"Integer":0,"String":"b","Interface":null}}
2025-08-15T22:13:19.727-0500	DEBUG	protocol/handler.go:596	round already finalized
2025-08-15T22:13:19.727-0500	DEBUG	protocol/handler.go:581	tryAdvanceRound called	{"{current_round 20 3  <nil>}": {"Key":"self","Type":15,"Integer":0,"String":"b","Interface":null}}
2025-08-15T22:13:19.727-0500	DEBUG	protocol/handler.go:1591	have processed broadcast	{"{round 20 3  <nil>}": {"Key":"from","Type":15,"Integer":0,"String":"a","Interface":null}}
2025-08-15T22:13:19.727-0500	DEBUG	protocol/handler.go:1591	have processed broadcast	{"{round 20 3  <nil>}": {"Key":"from","Type":15,"Integer":0,"String":"c","Interface":null}}
2025-08-15T22:13:19.728-0500	DEBUG	protocol/handler.go:1649	have all messages and processed	{"{round 20 3  <nil>}": {"Key":"self","Type":15,"Integer":0,"String":"b","Interface":null}}
2025-08-15T22:13:19.728-0500	DEBUG	protocol/handler.go:596	round already finalized
2025-08-15T22:13:19.728-0500	DEBUG	protocol/handler.go:581	tryAdvanceRound called	{"{current_round 20 3  <nil>}": {"Key":"self","Type":15,"Integer":0,"String":"c","Interface":null}}
2025-08-15T22:13:19.728-0500	DEBUG	protocol/handler.go:1591	have processed broadcast	{"{round 20 3  <nil>}": {"Key":"from","Type":15,"Integer":0,"String":"a","Interface":null}}
2025-08-15T22:13:19.728-0500	DEBUG	protocol/handler.go:1591	have processed broadcast	{"{round 20 3  <nil>}": {"Key":"from","Type":15,"Integer":0,"String":"b","Interface":null}}
2025-08-15T22:13:19.728-0500	DEBUG	protocol/handler.go:1649	have all messages and processed	{"{round 20 3  <nil>}": {"Key":"self","Type":15,"Integer":0,"String":"c","Interface":null}}
2025-08-15T22:13:19.728-0500	DEBUG	protocol/handler.go:596	round already finalized
2025-08-15T22:13:19.728-0500	DEBUG	protocol/handler.go:581	tryAdvanceRound called	{"{current_round 20 3  <nil>}": {"Key":"self","Type":15,"Integer":0,"String":"c","Interface":null}}
2025-08-15T22:13:19.728-0500	DEBUG	protocol/handler.go:1591	have processed broadcast	{"{round 20 3  <nil>}": {"Key":"from","Type":15,"Integer":0,"String":"a","Interface":null}}
2025-08-15T22:13:19.728-0500	DEBUG	protocol/handler.go:1591	have processed broadcast	{"{round 20 3  <nil>}": {"Key":"from","Type":15,"Integer":0,"String":"b","Interface":null}}
2025-08-15T22:13:19.728-0500	DEBUG	protocol/handler.go:1649	have all messages and processed	{"{round 20 3  <nil>}": {"Key":"self","Type":15,"Integer":0,"String":"c","Interface":null}}
2025-08-15T22:13:19.728-0500	DEBUG	protocol/handler.go:596	round already finalized
2025-08-15T22:13:19.773-0500	DEBUG	protocol/handler.go:581	tryAdvanceRound called	{"{current_round 20 3  <nil>}": {"Key":"self","Type":15,"Integer":0,"String":"a","Interface":null}}
2025-08-15T22:13:19.779-0500	DEBUG	protocol/handler.go:1591	have processed broadcast	{"{round 20 3  <nil>}": {"Key":"from","Type":15,"Integer":0,"String":"b","Interface":null}}
2025-08-15T22:13:19.779-0500	DEBUG	protocol/handler.go:1591	have processed broadcast	{"{round 20 3  <nil>}": {"Key":"from","Type":15,"Integer":0,"String":"c","Interface":null}}
2025-08-15T22:13:19.779-0500	DEBUG	protocol/handler.go:1649	have all messages and processed	{"{round 20 3  <nil>}": {"Key":"self","Type":15,"Integer":0,"String":"a","Interface":null}}
2025-08-15T22:13:19.779-0500	DEBUG	protocol/handler.go:596	round already finalized
2025-08-15T22:13:19.779-0500	DEBUG	protocol/handler.go:581	tryAdvanceRound called	{"{current_round 20 3  <nil>}": {"Key":"self","Type":15,"Integer":0,"String":"a","Interface":null}}
2025-08-15T22:13:19.780-0500	DEBUG	protocol/handler.go:1591	have processed broadcast	{"{round 20 3  <nil>}": {"Key":"from","Type":15,"Integer":0,"String":"b","Interface":null}}
2025-08-15T22:13:19.780-0500	DEBUG	protocol/handler.go:1591	have processed broadcast	{"{round 20 3  <nil>}": {"Key":"from","Type":15,"Integer":0,"String":"c","Interface":null}}
2025-08-15T22:13:19.780-0500	DEBUG	protocol/handler.go:1649	have all messages and processed	{"{round 20 3  <nil>}": {"Key":"self","Type":15,"Integer":0,"String":"a","Interface":null}}
2025-08-15T22:13:19.780-0500	DEBUG	protocol/handler.go:596	round already finalized
2025-08-15T22:13:19.780-0500	DEBUG	protocol/handler.go:581	tryAdvanceRound called	{"{current_round 20 3  <nil>}": {"Key":"self","Type":15,"Integer":0,"String":"a","Interface":null}}
2025-08-15T22:13:19.780-0500	DEBUG	protocol/handler.go:1591	have processed broadcast	{"{round 20 3  <nil>}": {"Key":"from","Type":15,"Integer":0,"String":"b","Interface":null}}
2025-08-15T22:13:19.780-0500	DEBUG	protocol/handler.go:1591	have processed broadcast	{"{round 20 3  <nil>}": {"Key":"from","Type":15,"Integer":0,"String":"c","Interface":null}}
2025-08-15T22:13:19.780-0500	DEBUG	protocol/handler.go:1649	have all messages and processed	{"{round 20 3  <nil>}": {"Key":"self","Type":15,"Integer":0,"String":"a","Interface":null}}
2025-08-15T22:13:19.780-0500	DEBUG	protocol/handler.go:596	round already finalized
2025-08-15T22:13:19.792-0500	DEBUG	protocol/handler.go:581	tryAdvanceRound called	{"{current_round 20 3  <nil>}": {"Key":"self","Type":15,"Integer":0,"String":"b","Interface":null}}
2025-08-15T22:13:19.799-0500	DEBUG	protocol/handler.go:1591	have processed broadcast	{"{round 20 3  <nil>}": {"Key":"from","Type":15,"Integer":0,"String":"a","Interface":null}}
2025-08-15T22:13:19.800-0500	DEBUG	protocol/handler.go:1591	have processed broadcast	{"{round 20 3  <nil>}": {"Key":"from","Type":15,"Integer":0,"String":"c","Interface":null}}
2025-08-15T22:13:19.800-0500	DEBUG	protocol/handler.go:1649	have all messages and processed	{"{round 20 3  <nil>}": {"Key":"self","Type":15,"Integer":0,"String":"b","Interface":null}}
2025-08-15T22:13:19.800-0500	DEBUG	protocol/handler.go:596	round already finalized
2025-08-15T22:13:19.800-0500	DEBUG	protocol/handler.go:581	tryAdvanceRound called	{"{current_round 20 3  <nil>}": {"Key":"self","Type":15,"Integer":0,"String":"b","Interface":null}}
2025-08-15T22:13:19.800-0500	DEBUG	protocol/handler.go:1591	have processed broadcast	{"{round 20 3  <nil>}": {"Key":"from","Type":15,"Integer":0,"String":"a","Interface":null}}
2025-08-15T22:13:19.852-0500	DEBUG	protocol/handler.go:1591	have processed broadcast	{"{round 20 3  <nil>}": {"Key":"from","Type":15,"Integer":0,"String":"c","Interface":null}}
2025-08-15T22:13:19.852-0500	DEBUG	protocol/handler.go:1649	have all messages and processed	{"{round 20 3  <nil>}": {"Key":"self","Type":15,"Integer":0,"String":"b","Interface":null}}
2025-08-15T22:13:19.852-0500	DEBUG	protocol/handler.go:596	round already finalized
2025-08-15T22:13:19.852-0500	DEBUG	protocol/handler.go:581	tryAdvanceRound called	{"{current_round 20 3  <nil>}": {"Key":"self","Type":15,"Integer":0,"String":"b","Interface":null}}
2025-08-15T22:13:19.852-0500	DEBUG	protocol/handler.go:1591	have processed broadcast	{"{round 20 3  <nil>}": {"Key":"from","Type":15,"Integer":0,"String":"a","Interface":null}}
2025-08-15T22:13:19.852-0500	DEBUG	protocol/handler.go:1591	have processed broadcast	{"{round 20 3  <nil>}": {"Key":"from","Type":15,"Integer":0,"String":"c","Interface":null}}
2025-08-15T22:13:19.852-0500	DEBUG	protocol/handler.go:1649	have all messages and processed	{"{round 20 3  <nil>}": {"Key":"self","Type":15,"Integer":0,"String":"b","Interface":null}}
2025-08-15T22:13:19.852-0500	DEBUG	protocol/handler.go:596	round already finalized
2025-08-15T22:13:19.802-0500	DEBUG	protocol/handler.go:581	tryAdvanceRound called	{"{current_round 20 3  <nil>}": {"Key":"self","Type":15,"Integer":0,"String":"a","Interface":null}}
2025-08-15T22:13:19.890-0500	DEBUG	protocol/handler.go:1591	have processed broadcast	{"{round 20 3  <nil>}": {"Key":"from","Type":15,"Integer":0,"String":"b","Interface":null}}
2025-08-15T22:13:19.827-0500	DEBUG	protocol/handler.go:581	tryAdvanceRound called	{"{current_round 20 3  <nil>}": {"Key":"self","Type":15,"Integer":0,"String":"c","Interface":null}}
2025-08-15T22:13:19.915-0500	DEBUG	protocol/handler.go:581	tryAdvanceRound called	{"{current_round 20 3  <nil>}": {"Key":"self","Type":15,"Integer":0,"String":"b","Interface":null}}
2025-08-15T22:13:19.915-0500	DEBUG	protocol/handler.go:1591	have processed broadcast	{"{round 20 3  <nil>}": {"Key":"from","Type":15,"Integer":0,"String":"a","Interface":null}}
2025-08-15T22:13:19.915-0500	DEBUG	protocol/handler.go:1591	have processed broadcast	{"{round 20 3  <nil>}": {"Key":"from","Type":15,"Integer":0,"String":"c","Interface":null}}
2025-08-15T22:13:19.915-0500	DEBUG	protocol/handler.go:1649	have all messages and processed	{"{round 20 3  <nil>}": {"Key":"self","Type":15,"Integer":0,"String":"b","Interface":null}}
2025-08-15T22:13:19.915-0500	DEBUG	protocol/handler.go:596	round already finalized
2025-08-15T22:13:19.915-0500	DEBUG	protocol/handler.go:581	tryAdvanceRound called	{"{current_round 20 3  <nil>}": {"Key":"self","Type":15,"Integer":0,"String":"b","Interface":null}}
2025-08-15T22:13:19.915-0500	DEBUG	protocol/handler.go:1591	have processed broadcast	{"{round 20 3  <nil>}": {"Key":"from","Type":15,"Integer":0,"String":"a","Interface":null}}
2025-08-15T22:13:19.915-0500	DEBUG	protocol/handler.go:1591	have processed broadcast	{"{round 20 3  <nil>}": {"Key":"from","Type":15,"Integer":0,"String":"c","Interface":null}}
2025-08-15T22:13:19.915-0500	DEBUG	protocol/handler.go:1649	have all messages and processed	{"{round 20 3  <nil>}": {"Key":"self","Type":15,"Integer":0,"String":"b","Interface":null}}
2025-08-15T22:13:19.915-0500	DEBUG	protocol/handler.go:596	round already finalized
2025-08-15T22:13:19.946-0500	DEBUG	protocol/handler.go:1591	have processed broadcast	{"{round 20 3  <nil>}": {"Key":"from","Type":15,"Integer":0,"String":"c","Interface":null}}
2025-08-15T22:13:19.946-0500	DEBUG	protocol/handler.go:1649	have all messages and processed	{"{round 20 3  <nil>}": {"Key":"self","Type":15,"Integer":0,"String":"a","Interface":null}}
2025-08-15T22:13:19.946-0500	DEBUG	protocol/handler.go:596	round already finalized
2025-08-15T22:13:19.946-0500	DEBUG	protocol/handler.go:581	tryAdvanceRound called	{"{current_round 20 3  <nil>}": {"Key":"self","Type":15,"Integer":0,"String":"a","Interface":null}}
2025-08-15T22:13:19.946-0500	DEBUG	protocol/handler.go:1591	have processed broadcast	{"{round 20 3  <nil>}": {"Key":"from","Type":15,"Integer":0,"String":"b","Interface":null}}
2025-08-15T22:13:19.946-0500	DEBUG	protocol/handler.go:1591	have processed broadcast	{"{round 20 3  <nil>}": {"Key":"from","Type":15,"Integer":0,"String":"c","Interface":null}}
2025-08-15T22:13:19.947-0500	DEBUG	protocol/handler.go:1649	have all messages and processed	{"{round 20 3  <nil>}": {"Key":"self","Type":15,"Integer":0,"String":"a","Interface":null}}
2025-08-15T22:13:19.947-0500	DEBUG	protocol/handler.go:596	round already finalized
2025-08-15T22:13:19.946-0500	DEBUG	protocol/handler.go:581	tryAdvanceRound called	{"{current_round 20 3  <nil>}": {"Key":"self","Type":15,"Integer":0,"String":"b","Interface":null}}
2025-08-15T22:13:19.951-0500	DEBUG	protocol/handler.go:1591	have processed broadcast	{"{round 20 3  <nil>}": {"Key":"from","Type":15,"Integer":0,"String":"a","Interface":null}}
2025-08-15T22:13:19.951-0500	DEBUG	protocol/handler.go:1591	have processed broadcast	{"{round 20 3  <nil>}": {"Key":"from","Type":15,"Integer":0,"String":"c","Interface":null}}
2025-08-15T22:13:19.951-0500	DEBUG	protocol/handler.go:1649	have all messages and processed	{"{round 20 3  <nil>}": {"Key":"self","Type":15,"Integer":0,"String":"b","Interface":null}}
2025-08-15T22:13:19.951-0500	DEBUG	protocol/handler.go:596	round already finalized
2025-08-15T22:13:19.910-0500	DEBUG	protocol/handler.go:1591	have processed broadcast	{"{round 20 3  <nil>}": {"Key":"from","Type":15,"Integer":0,"String":"a","Interface":null}}
2025-08-15T22:13:19.957-0500	DEBUG	protocol/handler.go:1591	have processed broadcast	{"{round 20 3  <nil>}": {"Key":"from","Type":15,"Integer":0,"String":"b","Interface":null}}
2025-08-15T22:13:19.957-0500	DEBUG	protocol/handler.go:1649	have all messages and processed	{"{round 20 3  <nil>}": {"Key":"self","Type":15,"Integer":0,"String":"c","Interface":null}}
2025-08-15T22:13:19.957-0500	DEBUG	protocol/handler.go:596	round already finalized
2025-08-15T22:13:19.958-0500	DEBUG	protocol/handler.go:581	tryAdvanceRound called	{"{current_round 20 3  <nil>}": {"Key":"self","Type":15,"Integer":0,"String":"c","Interface":null}}
2025-08-15T22:13:19.958-0500	DEBUG	protocol/handler.go:1591	have processed broadcast	{"{round 20 3  <nil>}": {"Key":"from","Type":15,"Integer":0,"String":"a","Interface":null}}
2025-08-15T22:13:19.958-0500	DEBUG	protocol/handler.go:1591	have processed broadcast	{"{round 20 3  <nil>}": {"Key":"from","Type":15,"Integer":0,"String":"b","Interface":null}}
2025-08-15T22:13:19.958-0500	DEBUG	protocol/handler.go:1649	have all messages and processed	{"{round 20 3  <nil>}": {"Key":"self","Type":15,"Integer":0,"String":"c","Interface":null}}
2025-08-15T22:13:19.958-0500	DEBUG	protocol/handler.go:596	round already finalized
2025-08-15T22:13:19.970-0500	DEBUG	protocol/handler.go:581	tryAdvanceRound called	{"{current_round 20 3  <nil>}": {"Key":"self","Type":15,"Integer":0,"String":"b","Interface":null}}
2025-08-15T22:13:19.971-0500	DEBUG	protocol/handler.go:1591	have processed broadcast	{"{round 20 3  <nil>}": {"Key":"from","Type":15,"Integer":0,"String":"a","Interface":null}}
2025-08-15T22:13:19.971-0500	DEBUG	protocol/handler.go:1591	have processed broadcast	{"{round 20 3  <nil>}": {"Key":"from","Type":15,"Integer":0,"String":"c","Interface":null}}
2025-08-15T22:13:19.971-0500	DEBUG	protocol/handler.go:1649	have all messages and processed	{"{round 20 3  <nil>}": {"Key":"self","Type":15,"Integer":0,"String":"b","Interface":null}}
2025-08-15T22:13:19.972-0500	DEBUG	protocol/handler.go:596	round already finalized
2025-08-15T22:13:19.972-0500	DEBUG	protocol/handler.go:581	tryAdvanceRound called	{"{current_round 20 3  <nil>}": {"Key":"self","Type":15,"Integer":0,"String":"b","Interface":null}}
2025-08-15T22:13:19.972-0500	DEBUG	protocol/handler.go:1591	have processed broadcast	{"{round 20 3  <nil>}": {"Key":"from","Type":15,"Integer":0,"String":"a","Interface":null}}
2025-08-15T22:13:19.972-0500	DEBUG	protocol/handler.go:1591	have processed broadcast	{"{round 20 3  <nil>}": {"Key":"from","Type":15,"Integer":0,"String":"c","Interface":null}}
2025-08-15T22:13:19.972-0500	DEBUG	protocol/handler.go:1649	have all messages and processed	{"{round 20 3  <nil>}": {"Key":"self","Type":15,"Integer":0,"String":"b","Interface":null}}
2025-08-15T22:13:19.972-0500	DEBUG	protocol/handler.go:596	round already finalized
2025-08-15T22:13:19.976-0500	DEBUG	protocol/handler.go:581	tryAdvanceRound called	{"{current_round 20 3  <nil>}": {"Key":"self","Type":15,"Integer":0,"String":"a","Interface":null}}
2025-08-15T22:13:19.976-0500	DEBUG	protocol/handler.go:1591	have processed broadcast	{"{round 20 3  <nil>}": {"Key":"from","Type":15,"Integer":0,"String":"b","Interface":null}}
2025-08-15T22:13:19.976-0500	DEBUG	protocol/handler.go:1591	have processed broadcast	{"{round 20 3  <nil>}": {"Key":"from","Type":15,"Integer":0,"String":"c","Interface":null}}
2025-08-15T22:13:19.980-0500	DEBUG	protocol/handler.go:1649	have all messages and processed	{"{round 20 3  <nil>}": {"Key":"self","Type":15,"Integer":0,"String":"a","Interface":null}}
2025-08-15T22:13:19.980-0500	DEBUG	protocol/handler.go:596	round already finalized
2025-08-15T22:13:19.980-0500	DEBUG	protocol/handler.go:581	tryAdvanceRound called	{"{current_round 20 3  <nil>}": {"Key":"self","Type":15,"Integer":0,"String":"a","Interface":null}}
2025-08-15T22:13:19.980-0500	DEBUG	protocol/handler.go:1591	have processed broadcast	{"{round 20 3  <nil>}": {"Key":"from","Type":15,"Integer":0,"String":"b","Interface":null}}
2025-08-15T22:13:19.980-0500	DEBUG	protocol/handler.go:1591	have processed broadcast	{"{round 20 3  <nil>}": {"Key":"from","Type":15,"Integer":0,"String":"c","Interface":null}}
2025-08-15T22:13:19.980-0500	DEBUG	protocol/handler.go:1649	have all messages and processed	{"{round 20 3  <nil>}": {"Key":"self","Type":15,"Integer":0,"String":"a","Interface":null}}
2025-08-15T22:13:19.980-0500	DEBUG	protocol/handler.go:596	round already finalized
2025-08-15T22:13:19.983-0500	DEBUG	protocol/handler.go:581	tryAdvanceRound called	{"{current_round 20 3  <nil>}": {"Key":"self","Type":15,"Integer":0,"String":"c","Interface":null}}
2025-08-15T22:13:19.983-0500	DEBUG	protocol/handler.go:1591	have processed broadcast	{"{round 20 3  <nil>}": {"Key":"from","Type":15,"Integer":0,"String":"a","Interface":null}}
2025-08-15T22:13:19.983-0500	DEBUG	protocol/handler.go:1591	have processed broadcast	{"{round 20 3  <nil>}": {"Key":"from","Type":15,"Integer":0,"String":"b","Interface":null}}
2025-08-15T22:13:19.983-0500	DEBUG	protocol/handler.go:1649	have all messages and processed	{"{round 20 3  <nil>}": {"Key":"self","Type":15,"Integer":0,"String":"c","Interface":null}}
2025-08-15T22:13:19.983-0500	DEBUG	protocol/handler.go:596	round already finalized
2025-08-15T22:13:19.994-0500	DEBUG	protocol/handler.go:581	tryAdvanceRound called	{"{current_round 20 3  <nil>}": {"Key":"self","Type":15,"Integer":0,"String":"a","Interface":null}}
2025-08-15T22:13:19.994-0500	DEBUG	protocol/handler.go:1591	have processed broadcast	{"{round 20 3  <nil>}": {"Key":"from","Type":15,"Integer":0,"String":"b","Interface":null}}
2025-08-15T22:13:19.994-0500	DEBUG	protocol/handler.go:1591	have processed broadcast	{"{round 20 3  <nil>}": {"Key":"from","Type":15,"Integer":0,"String":"c","Interface":null}}
2025-08-15T22:13:19.994-0500	DEBUG	protocol/handler.go:1649	have all messages and processed	{"{round 20 3  <nil>}": {"Key":"self","Type":15,"Integer":0,"String":"a","Interface":null}}
2025-08-15T22:13:19.994-0500	DEBUG	protocol/handler.go:596	round already finalized
2025-08-15T22:13:20.017-0500	DEBUG	protocol/handler.go:581	tryAdvanceRound called	{"{current_round 20 3  <nil>}": {"Key":"self","Type":15,"Integer":0,"String":"a","Interface":null}}
2025-08-15T22:13:20.017-0500	DEBUG	protocol/handler.go:1591	have processed broadcast	{"{round 20 3  <nil>}": {"Key":"from","Type":15,"Integer":0,"String":"b","Interface":null}}
2025-08-15T22:13:20.017-0500	DEBUG	protocol/handler.go:1591	have processed broadcast	{"{round 20 3  <nil>}": {"Key":"from","Type":15,"Integer":0,"String":"c","Interface":null}}
2025-08-15T22:13:20.017-0500	DEBUG	protocol/handler.go:1649	have all messages and processed	{"{round 20 3  <nil>}": {"Key":"self","Type":15,"Integer":0,"String":"a","Interface":null}}
2025-08-15T22:13:20.017-0500	DEBUG	protocol/handler.go:596	round already finalized
2025-08-15T22:13:20.018-0500	DEBUG	protocol/handler.go:581	tryAdvanceRound called	{"{current_round 20 3  <nil>}": {"Key":"self","Type":15,"Integer":0,"String":"b","Interface":null}}
2025-08-15T22:13:20.018-0500	DEBUG	protocol/handler.go:1591	have processed broadcast	{"{round 20 3  <nil>}": {"Key":"from","Type":15,"Integer":0,"String":"a","Interface":null}}
2025-08-15T22:13:20.018-0500	DEBUG	protocol/handler.go:1591	have processed broadcast	{"{round 20 3  <nil>}": {"Key":"from","Type":15,"Integer":0,"String":"c","Interface":null}}
2025-08-15T22:13:20.018-0500	DEBUG	protocol/handler.go:1649	have all messages and processed	{"{round 20 3  <nil>}": {"Key":"self","Type":15,"Integer":0,"String":"b","Interface":null}}
2025-08-15T22:13:20.018-0500	DEBUG	protocol/handler.go:596	round already finalized
2025-08-15T22:13:20.018-0500	DEBUG	protocol/handler.go:581	tryAdvanceRound called	{"{current_round 20 3  <nil>}": {"Key":"self","Type":15,"Integer":0,"String":"b","Interface":null}}
2025-08-15T22:13:20.018-0500	DEBUG	protocol/handler.go:1591	have processed broadcast	{"{round 20 3  <nil>}": {"Key":"from","Type":15,"Integer":0,"String":"a","Interface":null}}
2025-08-15T22:13:20.018-0500	DEBUG	protocol/handler.go:1591	have processed broadcast	{"{round 20 3  <nil>}": {"Key":"from","Type":15,"Integer":0,"String":"c","Interface":null}}
2025-08-15T22:13:20.018-0500	DEBUG	protocol/handler.go:1649	have all messages and processed	{"{round 20 3  <nil>}": {"Key":"self","Type":15,"Integer":0,"String":"b","Interface":null}}
2025-08-15T22:13:20.018-0500	DEBUG	protocol/handler.go:596	round already finalized
2025-08-15T22:13:20.031-0500	DEBUG	protocol/handler.go:581	tryAdvanceRound called	{"{current_round 20 3  <nil>}": {"Key":"self","Type":15,"Integer":0,"String":"c","Interface":null}}
2025-08-15T22:13:20.031-0500	DEBUG	protocol/handler.go:1591	have processed broadcast	{"{round 20 3  <nil>}": {"Key":"from","Type":15,"Integer":0,"String":"a","Interface":null}}
2025-08-15T22:13:20.031-0500	DEBUG	protocol/handler.go:1591	have processed broadcast	{"{round 20 3  <nil>}": {"Key":"from","Type":15,"Integer":0,"String":"b","Interface":null}}
2025-08-15T22:13:20.031-0500	DEBUG	protocol/handler.go:1649	have all messages and processed	{"{round 20 3  <nil>}": {"Key":"self","Type":15,"Integer":0,"String":"c","Interface":null}}
2025-08-15T22:13:20.031-0500	DEBUG	protocol/handler.go:596	round already finalized
2025-08-15T22:13:20.031-0500	DEBUG	protocol/handler.go:581	tryAdvanceRound called	{"{current_round 20 3  <nil>}": {"Key":"self","Type":15,"Integer":0,"String":"c","Interface":null}}
2025-08-15T22:13:20.031-0500	DEBUG	protocol/handler.go:1591	have processed broadcast	{"{round 20 3  <nil>}": {"Key":"from","Type":15,"Integer":0,"String":"a","Interface":null}}
2025-08-15T22:13:20.031-0500	DEBUG	protocol/handler.go:1591	have processed broadcast	{"{round 20 3  <nil>}": {"Key":"from","Type":15,"Integer":0,"String":"b","Interface":null}}
2025-08-15T22:13:20.031-0500	DEBUG	protocol/handler.go:1649	have all messages and processed	{"{round 20 3  <nil>}": {"Key":"self","Type":15,"Integer":0,"String":"c","Interface":null}}
2025-08-15T22:13:20.031-0500	DEBUG	protocol/handler.go:596	round already finalized
2025-08-15T22:13:20.031-0500	DEBUG	protocol/handler.go:581	tryAdvanceRound called	{"{current_round 20 3  <nil>}": {"Key":"self","Type":15,"Integer":0,"String":"c","Interface":null}}
2025-08-15T22:13:20.031-0500	DEBUG	protocol/handler.go:1591	have processed broadcast	{"{round 20 3  <nil>}": {"Key":"from","Type":15,"Integer":0,"String":"a","Interface":null}}
2025-08-15T22:13:20.031-0500	DEBUG	protocol/handler.go:1591	have processed broadcast	{"{round 20 3  <nil>}": {"Key":"from","Type":15,"Integer":0,"String":"b","Interface":null}}
2025-08-15T22:13:20.031-0500	DEBUG	protocol/handler.go:1649	have all messages and processed	{"{round 20 3  <nil>}": {"Key":"self","Type":15,"Integer":0,"String":"c","Interface":null}}
2025-08-15T22:13:20.032-0500	DEBUG	protocol/handler.go:596	round already finalized
2025-08-15T22:13:20.042-0500	DEBUG	protocol/handler.go:581	tryAdvanceRound called	{"{current_round 20 3  <nil>}": {"Key":"self","Type":15,"Integer":0,"String":"b","Interface":null}}
2025-08-15T22:13:20.043-0500	DEBUG	protocol/handler.go:1591	have processed broadcast	{"{round 20 3  <nil>}": {"Key":"from","Type":15,"Integer":0,"String":"a","Interface":null}}
2025-08-15T22:13:20.043-0500	DEBUG	protocol/handler.go:1591	have processed broadcast	{"{round 20 3  <nil>}": {"Key":"from","Type":15,"Integer":0,"String":"c","Interface":null}}
2025-08-15T22:13:20.043-0500	DEBUG	protocol/handler.go:1649	have all messages and processed	{"{round 20 3  <nil>}": {"Key":"self","Type":15,"Integer":0,"String":"b","Interface":null}}
2025-08-15T22:13:20.043-0500	DEBUG	protocol/handler.go:596	round already finalized
2025-08-15T22:13:20.067-0500	DEBUG	protocol/handler.go:581	tryAdvanceRound called	{"{current_round 20 3  <nil>}": {"Key":"self","Type":15,"Integer":0,"String":"b","Interface":null}}
2025-08-15T22:13:20.067-0500	DEBUG	protocol/handler.go:1591	have processed broadcast	{"{round 20 3  <nil>}": {"Key":"from","Type":15,"Integer":0,"String":"a","Interface":null}}
2025-08-15T22:13:20.067-0500	DEBUG	protocol/handler.go:1591	have processed broadcast	{"{round 20 3  <nil>}": {"Key":"from","Type":15,"Integer":0,"String":"c","Interface":null}}
2025-08-15T22:13:20.067-0500	DEBUG	protocol/handler.go:1649	have all messages and processed	{"{round 20 3  <nil>}": {"Key":"self","Type":15,"Integer":0,"String":"b","Interface":null}}
2025-08-15T22:13:20.067-0500	DEBUG	protocol/handler.go:596	round already finalized
2025-08-15T22:13:20.079-0500	DEBUG	protocol/handler.go:581	tryAdvanceRound called	{"{current_round 20 3  <nil>}": {"Key":"self","Type":15,"Integer":0,"String":"c","Interface":null}}
2025-08-15T22:13:20.080-0500	DEBUG	protocol/handler.go:1591	have processed broadcast	{"{round 20 3  <nil>}": {"Key":"from","Type":15,"Integer":0,"String":"a","Interface":null}}
2025-08-15T22:13:20.080-0500	DEBUG	protocol/handler.go:1591	have processed broadcast	{"{round 20 3  <nil>}": {"Key":"from","Type":15,"Integer":0,"String":"b","Interface":null}}
2025-08-15T22:13:20.084-0500	DEBUG	protocol/handler.go:1649	have all messages and processed	{"{round 20 3  <nil>}": {"Key":"self","Type":15,"Integer":0,"String":"c","Interface":null}}
2025-08-15T22:13:20.093-0500	DEBUG	protocol/handler.go:596	round already finalized
2025-08-15T22:13:20.096-0500	DEBUG	protocol/handler.go:581	tryAdvanceRound called	{"{current_round 20 3  <nil>}": {"Key":"self","Type":15,"Integer":0,"String":"c","Interface":null}}
2025-08-15T22:13:20.044-0500	DEBUG	protocol/handler.go:581	tryAdvanceRound called	{"{current_round 20 3  <nil>}": {"Key":"self","Type":15,"Integer":0,"String":"a","Interface":null}}
2025-08-15T22:13:20.114-0500	DEBUG	protocol/handler.go:1591	have processed broadcast	{"{round 20 3  <nil>}": {"Key":"from","Type":15,"Integer":0,"String":"b","Interface":null}}
2025-08-15T22:13:20.114-0500	DEBUG	protocol/handler.go:1591	have processed broadcast	{"{round 20 3  <nil>}": {"Key":"from","Type":15,"Integer":0,"String":"c","Interface":null}}
2025-08-15T22:13:20.114-0500	DEBUG	protocol/handler.go:1649	have all messages and processed	{"{round 20 3  <nil>}": {"Key":"self","Type":15,"Integer":0,"String":"a","Interface":null}}
2025-08-15T22:13:20.116-0500	DEBUG	protocol/handler.go:596	round already finalized
2025-08-15T22:13:20.116-0500	DEBUG	protocol/handler.go:581	tryAdvanceRound called	{"{current_round 20 3  <nil>}": {"Key":"self","Type":15,"Integer":0,"String":"a","Interface":null}}
2025-08-15T22:13:20.122-0500	DEBUG	protocol/handler.go:1591	have processed broadcast	{"{round 20 3  <nil>}": {"Key":"from","Type":15,"Integer":0,"String":"b","Interface":null}}
2025-08-15T22:13:20.122-0500	DEBUG	protocol/handler.go:1591	have processed broadcast	{"{round 20 3  <nil>}": {"Key":"from","Type":15,"Integer":0,"String":"c","Interface":null}}
2025-08-15T22:13:20.122-0500	DEBUG	protocol/handler.go:1649	have all messages and processed	{"{round 20 3  <nil>}": {"Key":"self","Type":15,"Integer":0,"String":"a","Interface":null}}
2025-08-15T22:13:20.122-0500	DEBUG	protocol/handler.go:596	round already finalized
2025-08-15T22:13:20.147-0500	DEBUG	protocol/handler.go:1591	have processed broadcast	{"{round 20 3  <nil>}": {"Key":"from","Type":15,"Integer":0,"String":"a","Interface":null}}
2025-08-15T22:13:20.147-0500	DEBUG	protocol/handler.go:1591	have processed broadcast	{"{round 20 3  <nil>}": {"Key":"from","Type":15,"Integer":0,"String":"b","Interface":null}}
2025-08-15T22:13:20.147-0500	DEBUG	protocol/handler.go:1649	have all messages and processed	{"{round 20 3  <nil>}": {"Key":"self","Type":15,"Integer":0,"String":"c","Interface":null}}
2025-08-15T22:13:20.147-0500	DEBUG	protocol/handler.go:596	round already finalized
2025-08-15T22:13:20.147-0500	DEBUG	protocol/handler.go:581	tryAdvanceRound called	{"{current_round 20 3  <nil>}": {"Key":"self","Type":15,"Integer":0,"String":"c","Interface":null}}
2025-08-15T22:13:20.147-0500	DEBUG	protocol/handler.go:1591	have processed broadcast	{"{round 20 3  <nil>}": {"Key":"from","Type":15,"Integer":0,"String":"a","Interface":null}}
2025-08-15T22:13:20.147-0500	DEBUG	protocol/handler.go:1591	have processed broadcast	{"{round 20 3  <nil>}": {"Key":"from","Type":15,"Integer":0,"String":"b","Interface":null}}
2025-08-15T22:13:20.147-0500	DEBUG	protocol/handler.go:1649	have all messages and processed	{"{round 20 3  <nil>}": {"Key":"self","Type":15,"Integer":0,"String":"c","Interface":null}}
2025-08-15T22:13:20.147-0500	DEBUG	protocol/handler.go:596	round already finalized
2025-08-15T22:13:20.161-0500	DEBUG	protocol/handler.go:581	tryAdvanceRound called	{"{current_round 20 3  <nil>}": {"Key":"self","Type":15,"Integer":0,"String":"b","Interface":null}}
2025-08-15T22:13:20.161-0500	DEBUG	protocol/handler.go:1591	have processed broadcast	{"{round 20 3  <nil>}": {"Key":"from","Type":15,"Integer":0,"String":"a","Interface":null}}
2025-08-15T22:13:20.161-0500	DEBUG	protocol/handler.go:1591	have processed broadcast	{"{round 20 3  <nil>}": {"Key":"from","Type":15,"Integer":0,"String":"c","Interface":null}}
2025-08-15T22:13:20.161-0500	DEBUG	protocol/handler.go:1649	have all messages and processed	{"{round 20 3  <nil>}": {"Key":"self","Type":15,"Integer":0,"String":"b","Interface":null}}
2025-08-15T22:13:20.161-0500	DEBUG	protocol/handler.go:596	round already finalized
2025-08-15T22:13:20.161-0500	DEBUG	protocol/handler.go:581	tryAdvanceRound called	{"{current_round 20 3  <nil>}": {"Key":"self","Type":15,"Integer":0,"String":"b","Interface":null}}
2025-08-15T22:13:20.161-0500	DEBUG	protocol/handler.go:1591	have processed broadcast	{"{round 20 3  <nil>}": {"Key":"from","Type":15,"Integer":0,"String":"a","Interface":null}}
2025-08-15T22:13:20.161-0500	DEBUG	protocol/handler.go:1591	have processed broadcast	{"{round 20 3  <nil>}": {"Key":"from","Type":15,"Integer":0,"String":"c","Interface":null}}
2025-08-15T22:13:20.161-0500	DEBUG	protocol/handler.go:1649	have all messages and processed	{"{round 20 3  <nil>}": {"Key":"self","Type":15,"Integer":0,"String":"b","Interface":null}}
2025-08-15T22:13:20.161-0500	DEBUG	protocol/handler.go:596	round already finalized
2025-08-15T22:13:20.161-0500	DEBUG	protocol/handler.go:581	tryAdvanceRound called	{"{current_round 20 3  <nil>}": {"Key":"self","Type":15,"Integer":0,"String":"b","Interface":null}}
2025-08-15T22:13:20.161-0500	DEBUG	protocol/handler.go:1591	have processed broadcast	{"{round 20 3  <nil>}": {"Key":"from","Type":15,"Integer":0,"String":"a","Interface":null}}
2025-08-15T22:13:20.161-0500	DEBUG	protocol/handler.go:1591	have processed broadcast	{"{round 20 3  <nil>}": {"Key":"from","Type":15,"Integer":0,"String":"c","Interface":null}}
2025-08-15T22:13:20.161-0500	DEBUG	protocol/handler.go:1649	have all messages and processed	{"{round 20 3  <nil>}": {"Key":"self","Type":15,"Integer":0,"String":"b","Interface":null}}
2025-08-15T22:13:20.161-0500	DEBUG	protocol/handler.go:596	round already finalized
2025-08-15T22:13:20.162-0500	DEBUG	protocol/handler.go:581	tryAdvanceRound called	{"{current_round 20 3  <nil>}": {"Key":"self","Type":15,"Integer":0,"String":"a","Interface":null}}
2025-08-15T22:13:20.163-0500	DEBUG	protocol/handler.go:1591	have processed broadcast	{"{round 20 3  <nil>}": {"Key":"from","Type":15,"Integer":0,"String":"b","Interface":null}}
2025-08-15T22:13:20.163-0500	DEBUG	protocol/handler.go:1591	have processed broadcast	{"{round 20 3  <nil>}": {"Key":"from","Type":15,"Integer":0,"String":"c","Interface":null}}
2025-08-15T22:13:20.163-0500	DEBUG	protocol/handler.go:1649	have all messages and processed	{"{round 20 3  <nil>}": {"Key":"self","Type":15,"Integer":0,"String":"a","Interface":null}}
2025-08-15T22:13:20.163-0500	DEBUG	protocol/handler.go:596	round already finalized
2025-08-15T22:13:20.171-0500	DEBUG	protocol/handler.go:581	tryAdvanceRound called	{"{current_round 20 3  <nil>}": {"Key":"self","Type":15,"Integer":0,"String":"a","Interface":null}}
2025-08-15T22:13:20.172-0500	DEBUG	protocol/handler.go:1591	have processed broadcast	{"{round 20 3  <nil>}": {"Key":"from","Type":15,"Integer":0,"String":"b","Interface":null}}
2025-08-15T22:13:20.174-0500	DEBUG	protocol/handler.go:581	tryAdvanceRound called	{"{current_round 20 3  <nil>}": {"Key":"self","Type":15,"Integer":0,"String":"c","Interface":null}}
2025-08-15T22:13:20.203-0500	DEBUG	protocol/handler.go:581	tryAdvanceRound called	{"{current_round 20 3  <nil>}": {"Key":"self","Type":15,"Integer":0,"String":"b","Interface":null}}
2025-08-15T22:13:20.204-0500	DEBUG	protocol/handler.go:1591	have processed broadcast	{"{round 20 3  <nil>}": {"Key":"from","Type":15,"Integer":0,"String":"a","Interface":null}}
2025-08-15T22:13:20.204-0500	DEBUG	protocol/handler.go:1591	have processed broadcast	{"{round 20 3  <nil>}": {"Key":"from","Type":15,"Integer":0,"String":"c","Interface":null}}
2025-08-15T22:13:20.204-0500	DEBUG	protocol/handler.go:1649	have all messages and processed	{"{round 20 3  <nil>}": {"Key":"self","Type":15,"Integer":0,"String":"b","Interface":null}}
2025-08-15T22:13:20.204-0500	DEBUG	protocol/handler.go:596	round already finalized
2025-08-15T22:13:20.204-0500	DEBUG	protocol/handler.go:581	tryAdvanceRound called	{"{current_round 20 3  <nil>}": {"Key":"self","Type":15,"Integer":0,"String":"b","Interface":null}}
2025-08-15T22:13:20.204-0500	DEBUG	protocol/handler.go:1591	have processed broadcast	{"{round 20 3  <nil>}": {"Key":"from","Type":15,"Integer":0,"String":"a","Interface":null}}
2025-08-15T22:13:20.204-0500	DEBUG	protocol/handler.go:1591	have processed broadcast	{"{round 20 3  <nil>}": {"Key":"from","Type":15,"Integer":0,"String":"c","Interface":null}}
2025-08-15T22:13:20.204-0500	DEBUG	protocol/handler.go:1649	have all messages and processed	{"{round 20 3  <nil>}": {"Key":"self","Type":15,"Integer":0,"String":"b","Interface":null}}
2025-08-15T22:13:20.204-0500	DEBUG	protocol/handler.go:596	round already finalized
2025-08-15T22:13:20.226-0500	DEBUG	protocol/handler.go:581	tryAdvanceRound called	{"{current_round 20 3  <nil>}": {"Key":"self","Type":15,"Integer":0,"String":"b","Interface":null}}
2025-08-15T22:13:20.226-0500	DEBUG	protocol/handler.go:1591	have processed broadcast	{"{round 20 3  <nil>}": {"Key":"from","Type":15,"Integer":0,"String":"a","Interface":null}}
2025-08-15T22:13:20.226-0500	DEBUG	protocol/handler.go:1591	have processed broadcast	{"{round 20 3  <nil>}": {"Key":"from","Type":15,"Integer":0,"String":"c","Interface":null}}
2025-08-15T22:13:20.226-0500	DEBUG	protocol/handler.go:1649	have all messages and processed	{"{round 20 3  <nil>}": {"Key":"self","Type":15,"Integer":0,"String":"b","Interface":null}}
2025-08-15T22:13:20.227-0500	DEBUG	protocol/handler.go:596	round already finalized
2025-08-15T22:13:20.180-0500	DEBUG	protocol/handler.go:1591	have processed broadcast	{"{round 20 3  <nil>}": {"Key":"from","Type":15,"Integer":0,"String":"c","Interface":null}}
2025-08-15T22:13:20.251-0500	DEBUG	protocol/handler.go:1649	have all messages and processed	{"{round 20 3  <nil>}": {"Key":"self","Type":15,"Integer":0,"String":"a","Interface":null}}
2025-08-15T22:13:20.251-0500	DEBUG	protocol/handler.go:596	round already finalized
2025-08-15T22:13:20.251-0500	DEBUG	protocol/handler.go:581	tryAdvanceRound called	{"{current_round 20 3  <nil>}": {"Key":"self","Type":15,"Integer":0,"String":"a","Interface":null}}
2025-08-15T22:13:20.251-0500	DEBUG	protocol/handler.go:1591	have processed broadcast	{"{round 20 3  <nil>}": {"Key":"from","Type":15,"Integer":0,"String":"b","Interface":null}}
2025-08-15T22:13:20.251-0500	DEBUG	protocol/handler.go:1591	have processed broadcast	{"{round 20 3  <nil>}": {"Key":"from","Type":15,"Integer":0,"String":"c","Interface":null}}
2025-08-15T22:13:20.251-0500	DEBUG	protocol/handler.go:1649	have all messages and processed	{"{round 20 3  <nil>}": {"Key":"self","Type":15,"Integer":0,"String":"a","Interface":null}}
2025-08-15T22:13:20.251-0500	DEBUG	protocol/handler.go:596	round already finalized
2025-08-15T22:13:20.248-0500	DEBUG	protocol/handler.go:581	tryAdvanceRound called	{"{current_round 20 3  <nil>}": {"Key":"self","Type":15,"Integer":0,"String":"b","Interface":null}}
2025-08-15T22:13:20.251-0500	DEBUG	protocol/handler.go:1591	have processed broadcast	{"{round 20 3  <nil>}": {"Key":"from","Type":15,"Integer":0,"String":"a","Interface":null}}
2025-08-15T22:13:20.264-0500	DEBUG	protocol/handler.go:581	tryAdvanceRound called	{"{current_round 20 3  <nil>}": {"Key":"self","Type":15,"Integer":0,"String":"a","Interface":null}}
2025-08-15T22:13:20.264-0500	DEBUG	protocol/handler.go:1591	have processed broadcast	{"{round 20 3  <nil>}": {"Key":"from","Type":15,"Integer":0,"String":"b","Interface":null}}
2025-08-15T22:13:20.264-0500	DEBUG	protocol/handler.go:1591	have processed broadcast	{"{round 20 3  <nil>}": {"Key":"from","Type":15,"Integer":0,"String":"c","Interface":null}}
2025-08-15T22:13:20.264-0500	DEBUG	protocol/handler.go:1649	have all messages and processed	{"{round 20 3  <nil>}": {"Key":"self","Type":15,"Integer":0,"String":"a","Interface":null}}
2025-08-15T22:13:20.264-0500	DEBUG	protocol/handler.go:596	round already finalized
2025-08-15T22:13:20.249-0500	DEBUG	protocol/handler.go:1591	have processed broadcast	{"{round 20 3  <nil>}": {"Key":"from","Type":15,"Integer":0,"String":"a","Interface":null}}
2025-08-15T22:13:20.264-0500	DEBUG	protocol/handler.go:1591	have processed broadcast	{"{round 20 3  <nil>}": {"Key":"from","Type":15,"Integer":0,"String":"b","Interface":null}}
2025-08-15T22:13:20.273-0500	DEBUG	protocol/handler.go:1649	have all messages and processed	{"{round 20 3  <nil>}": {"Key":"self","Type":15,"Integer":0,"String":"c","Interface":null}}
2025-08-15T22:13:20.280-0500	DEBUG	protocol/handler.go:596	round already finalized
2025-08-15T22:13:20.280-0500	DEBUG	protocol/handler.go:581	tryAdvanceRound called	{"{current_round 20 3  <nil>}": {"Key":"self","Type":15,"Integer":0,"String":"c","Interface":null}}
2025-08-15T22:13:20.280-0500	DEBUG	protocol/handler.go:1591	have processed broadcast	{"{round 20 3  <nil>}": {"Key":"from","Type":15,"Integer":0,"String":"a","Interface":null}}
2025-08-15T22:13:20.280-0500	DEBUG	protocol/handler.go:1591	have processed broadcast	{"{round 20 3  <nil>}": {"Key":"from","Type":15,"Integer":0,"String":"b","Interface":null}}
2025-08-15T22:13:20.280-0500	DEBUG	protocol/handler.go:1649	have all messages and processed	{"{round 20 3  <nil>}": {"Key":"self","Type":15,"Integer":0,"String":"c","Interface":null}}
2025-08-15T22:13:20.280-0500	DEBUG	protocol/handler.go:596	round already finalized
2025-08-15T22:13:20.251-0500	DEBUG	protocol/handler.go:1591	have processed broadcast	{"{round 20 3  <nil>}": {"Key":"from","Type":15,"Integer":0,"String":"c","Interface":null}}
2025-08-15T22:13:20.317-0500	DEBUG	protocol/handler.go:1649	have all messages and processed	{"{round 20 3  <nil>}": {"Key":"self","Type":15,"Integer":0,"String":"b","Interface":null}}
2025-08-15T22:13:20.317-0500	DEBUG	protocol/handler.go:596	round already finalized
2025-08-15T22:13:20.317-0500	DEBUG	protocol/handler.go:581	tryAdvanceRound called	{"{current_round 20 3  <nil>}": {"Key":"self","Type":15,"Integer":0,"String":"b","Interface":null}}
2025-08-15T22:13:20.317-0500	DEBUG	protocol/handler.go:1591	have processed broadcast	{"{round 20 3  <nil>}": {"Key":"from","Type":15,"Integer":0,"String":"a","Interface":null}}
2025-08-15T22:13:20.317-0500	DEBUG	protocol/handler.go:1591	have processed broadcast	{"{round 20 3  <nil>}": {"Key":"from","Type":15,"Integer":0,"String":"c","Interface":null}}
2025-08-15T22:13:20.317-0500	DEBUG	protocol/handler.go:1649	have all messages and processed	{"{round 20 3  <nil>}": {"Key":"self","Type":15,"Integer":0,"String":"b","Interface":null}}
2025-08-15T22:13:20.317-0500	DEBUG	protocol/handler.go:596	round already finalized
2025-08-15T22:13:20.319-0500	DEBUG	protocol/handler.go:581	tryAdvanceRound called	{"{current_round 20 3  <nil>}": {"Key":"self","Type":15,"Integer":0,"String":"a","Interface":null}}
2025-08-15T22:13:20.319-0500	DEBUG	protocol/handler.go:1591	have processed broadcast	{"{round 20 3  <nil>}": {"Key":"from","Type":15,"Integer":0,"String":"b","Interface":null}}
2025-08-15T22:13:20.319-0500	DEBUG	protocol/handler.go:1591	have processed broadcast	{"{round 20 3  <nil>}": {"Key":"from","Type":15,"Integer":0,"String":"c","Interface":null}}
2025-08-15T22:13:20.319-0500	DEBUG	protocol/handler.go:1649	have all messages and processed	{"{round 20 3  <nil>}": {"Key":"self","Type":15,"Integer":0,"String":"a","Interface":null}}
2025-08-15T22:13:20.319-0500	DEBUG	protocol/handler.go:596	round already finalized
2025-08-15T22:13:20.319-0500	DEBUG	protocol/handler.go:581	tryAdvanceRound called	{"{current_round 20 3  <nil>}": {"Key":"self","Type":15,"Integer":0,"String":"a","Interface":null}}
2025-08-15T22:13:20.319-0500	DEBUG	protocol/handler.go:1591	have processed broadcast	{"{round 20 3  <nil>}": {"Key":"from","Type":15,"Integer":0,"String":"b","Interface":null}}
2025-08-15T22:13:20.319-0500	DEBUG	protocol/handler.go:1591	have processed broadcast	{"{round 20 3  <nil>}": {"Key":"from","Type":15,"Integer":0,"String":"c","Interface":null}}
2025-08-15T22:13:20.319-0500	DEBUG	protocol/handler.go:1649	have all messages and processed	{"{round 20 3  <nil>}": {"Key":"self","Type":15,"Integer":0,"String":"a","Interface":null}}
2025-08-15T22:13:20.319-0500	DEBUG	protocol/handler.go:596	round already finalized
2025-08-15T22:13:20.319-0500	DEBUG	protocol/handler.go:581	tryAdvanceRound called	{"{current_round 20 3  <nil>}": {"Key":"self","Type":15,"Integer":0,"String":"c","Interface":null}}
2025-08-15T22:13:20.319-0500	DEBUG	protocol/handler.go:1591	have processed broadcast	{"{round 20 3  <nil>}": {"Key":"from","Type":15,"Integer":0,"String":"a","Interface":null}}
2025-08-15T22:13:20.319-0500	DEBUG	protocol/handler.go:1591	have processed broadcast	{"{round 20 3  <nil>}": {"Key":"from","Type":15,"Integer":0,"String":"b","Interface":null}}
2025-08-15T22:13:20.319-0500	DEBUG	protocol/handler.go:1649	have all messages and processed	{"{round 20 3  <nil>}": {"Key":"self","Type":15,"Integer":0,"String":"c","Interface":null}}
2025-08-15T22:13:20.319-0500	DEBUG	protocol/handler.go:596	round already finalized
2025-08-15T22:13:20.319-0500	DEBUG	protocol/handler.go:581	tryAdvanceRound called	{"{current_round 20 3  <nil>}": {"Key":"self","Type":15,"Integer":0,"String":"c","Interface":null}}
2025-08-15T22:13:20.319-0500	DEBUG	protocol/handler.go:1591	have processed broadcast	{"{round 20 3  <nil>}": {"Key":"from","Type":15,"Integer":0,"String":"a","Interface":null}}
2025-08-15T22:13:20.319-0500	DEBUG	protocol/handler.go:1591	have processed broadcast	{"{round 20 3  <nil>}": {"Key":"from","Type":15,"Integer":0,"String":"b","Interface":null}}
2025-08-15T22:13:20.320-0500	DEBUG	protocol/handler.go:1649	have all messages and processed	{"{round 20 3  <nil>}": {"Key":"self","Type":15,"Integer":0,"String":"c","Interface":null}}
2025-08-15T22:13:20.320-0500	DEBUG	protocol/handler.go:596	round already finalized
2025-08-15T22:13:20.320-0500	DEBUG	protocol/handler.go:581	tryAdvanceRound called	{"{current_round 20 3  <nil>}": {"Key":"self","Type":15,"Integer":0,"String":"a","Interface":null}}
2025-08-15T22:13:20.320-0500	DEBUG	protocol/handler.go:1591	have processed broadcast	{"{round 20 3  <nil>}": {"Key":"from","Type":15,"Integer":0,"String":"b","Interface":null}}
2025-08-15T22:13:20.320-0500	DEBUG	protocol/handler.go:1591	have processed broadcast	{"{round 20 3  <nil>}": {"Key":"from","Type":15,"Integer":0,"String":"c","Interface":null}}
2025-08-15T22:13:20.320-0500	DEBUG	protocol/handler.go:1649	have all messages and processed	{"{round 20 3  <nil>}": {"Key":"self","Type":15,"Integer":0,"String":"a","Interface":null}}
2025-08-15T22:13:20.320-0500	DEBUG	protocol/handler.go:596	round already finalized
2025-08-15T22:13:20.346-0500	DEBUG	protocol/handler.go:581	tryAdvanceRound called	{"{current_round 20 3  <nil>}": {"Key":"self","Type":15,"Integer":0,"String":"b","Interface":null}}
2025-08-15T22:13:20.346-0500	DEBUG	protocol/handler.go:1591	have processed broadcast	{"{round 20 3  <nil>}": {"Key":"from","Type":15,"Integer":0,"String":"a","Interface":null}}
2025-08-15T22:13:20.346-0500	DEBUG	protocol/handler.go:1591	have processed broadcast	{"{round 20 3  <nil>}": {"Key":"from","Type":15,"Integer":0,"String":"c","Interface":null}}
2025-08-15T22:13:20.346-0500	DEBUG	protocol/handler.go:1649	have all messages and processed	{"{round 20 3  <nil>}": {"Key":"self","Type":15,"Integer":0,"String":"b","Interface":null}}
2025-08-15T22:13:20.346-0500	DEBUG	protocol/handler.go:596	round already finalized
2025-08-15T22:13:20.359-0500	DEBUG	protocol/handler.go:581	tryAdvanceRound called	{"{current_round 20 3  <nil>}": {"Key":"self","Type":15,"Integer":0,"String":"c","Interface":null}}
2025-08-15T22:13:20.365-0500	DEBUG	protocol/handler.go:1591	have processed broadcast	{"{round 20 3  <nil>}": {"Key":"from","Type":15,"Integer":0,"String":"a","Interface":null}}
2025-08-15T22:13:20.371-0500	DEBUG	protocol/handler.go:1591	have processed broadcast	{"{round 20 3  <nil>}": {"Key":"from","Type":15,"Integer":0,"String":"b","Interface":null}}
2025-08-15T22:13:20.372-0500	DEBUG	protocol/handler.go:1649	have all messages and processed	{"{round 20 3  <nil>}": {"Key":"self","Type":15,"Integer":0,"String":"c","Interface":null}}
2025-08-15T22:13:20.370-0500	DEBUG	protocol/handler.go:581	tryAdvanceRound called	{"{current_round 20 3  <nil>}": {"Key":"self","Type":15,"Integer":0,"String":"b","Interface":null}}
2025-08-15T22:13:20.379-0500	DEBUG	protocol/handler.go:1591	have processed broadcast	{"{round 20 3  <nil>}": {"Key":"from","Type":15,"Integer":0,"String":"a","Interface":null}}
2025-08-15T22:13:20.392-0500	DEBUG	protocol/handler.go:581	tryAdvanceRound called	{"{current_round 20 3  <nil>}": {"Key":"self","Type":15,"Integer":0,"String":"a","Interface":null}}
2025-08-15T22:13:20.404-0500	DEBUG	protocol/handler.go:1591	have processed broadcast	{"{round 20 3  <nil>}": {"Key":"from","Type":15,"Integer":0,"String":"b","Interface":null}}
2025-08-15T22:13:20.404-0500	DEBUG	protocol/handler.go:1591	have processed broadcast	{"{round 20 3  <nil>}": {"Key":"from","Type":15,"Integer":0,"String":"c","Interface":null}}
2025-08-15T22:13:20.404-0500	DEBUG	protocol/handler.go:1649	have all messages and processed	{"{round 20 3  <nil>}": {"Key":"self","Type":15,"Integer":0,"String":"a","Interface":null}}
2025-08-15T22:13:20.404-0500	DEBUG	protocol/handler.go:596	round already finalized
2025-08-15T22:13:20.404-0500	DEBUG	protocol/handler.go:581	tryAdvanceRound called	{"{current_round 20 3  <nil>}": {"Key":"self","Type":15,"Integer":0,"String":"a","Interface":null}}
2025-08-15T22:13:20.405-0500	DEBUG	protocol/handler.go:1591	have processed broadcast	{"{round 20 3  <nil>}": {"Key":"from","Type":15,"Integer":0,"String":"b","Interface":null}}
2025-08-15T22:13:20.405-0500	DEBUG	protocol/handler.go:1591	have processed broadcast	{"{round 20 3  <nil>}": {"Key":"from","Type":15,"Integer":0,"String":"c","Interface":null}}
2025-08-15T22:13:20.405-0500	DEBUG	protocol/handler.go:1649	have all messages and processed	{"{round 20 3  <nil>}": {"Key":"self","Type":15,"Integer":0,"String":"a","Interface":null}}
2025-08-15T22:13:20.405-0500	DEBUG	protocol/handler.go:596	round already finalized
2025-08-15T22:13:20.405-0500	DEBUG	protocol/handler.go:581	tryAdvanceRound called	{"{current_round 20 3  <nil>}": {"Key":"self","Type":15,"Integer":0,"String":"a","Interface":null}}
2025-08-15T22:13:20.405-0500	DEBUG	protocol/handler.go:1591	have processed broadcast	{"{round 20 3  <nil>}": {"Key":"from","Type":15,"Integer":0,"String":"b","Interface":null}}
2025-08-15T22:13:20.405-0500	DEBUG	protocol/handler.go:1591	have processed broadcast	{"{round 20 3  <nil>}": {"Key":"from","Type":15,"Integer":0,"String":"c","Interface":null}}
2025-08-15T22:13:20.405-0500	DEBUG	protocol/handler.go:1649	have all messages and processed	{"{round 20 3  <nil>}": {"Key":"self","Type":15,"Integer":0,"String":"a","Interface":null}}
2025-08-15T22:13:20.405-0500	DEBUG	protocol/handler.go:596	round already finalized
2025-08-15T22:13:20.445-0500	DEBUG	protocol/handler.go:596	round already finalized
2025-08-15T22:13:20.445-0500	DEBUG	protocol/handler.go:581	tryAdvanceRound called	{"{current_round 20 3  <nil>}": {"Key":"self","Type":15,"Integer":0,"String":"c","Interface":null}}
2025-08-15T22:13:20.445-0500	DEBUG	protocol/handler.go:1591	have processed broadcast	{"{round 20 3  <nil>}": {"Key":"from","Type":15,"Integer":0,"String":"a","Interface":null}}
2025-08-15T22:13:20.446-0500	DEBUG	protocol/handler.go:1591	have processed broadcast	{"{round 20 3  <nil>}": {"Key":"from","Type":15,"Integer":0,"String":"b","Interface":null}}
2025-08-15T22:13:20.446-0500	DEBUG	protocol/handler.go:1649	have all messages and processed	{"{round 20 3  <nil>}": {"Key":"self","Type":15,"Integer":0,"String":"c","Interface":null}}
2025-08-15T22:13:20.446-0500	DEBUG	protocol/handler.go:596	round already finalized
2025-08-15T22:13:20.446-0500	DEBUG	protocol/handler.go:581	tryAdvanceRound called	{"{current_round 20 3  <nil>}": {"Key":"self","Type":15,"Integer":0,"String":"a","Interface":null}}
2025-08-15T22:13:20.447-0500	DEBUG	protocol/handler.go:1591	have processed broadcast	{"{round 20 3  <nil>}": {"Key":"from","Type":15,"Integer":0,"String":"b","Interface":null}}
2025-08-15T22:13:20.446-0500	DEBUG	protocol/handler.go:1591	have processed broadcast	{"{round 20 3  <nil>}": {"Key":"from","Type":15,"Integer":0,"String":"c","Interface":null}}
2025-08-15T22:13:20.450-0500	DEBUG	protocol/handler.go:1649	have all messages and processed	{"{round 20 3  <nil>}": {"Key":"self","Type":15,"Integer":0,"String":"b","Interface":null}}
2025-08-15T22:13:20.450-0500	DEBUG	protocol/handler.go:596	round already finalized
2025-08-15T22:13:20.450-0500	DEBUG	protocol/handler.go:581	tryAdvanceRound called	{"{current_round 20 3  <nil>}": {"Key":"self","Type":15,"Integer":0,"String":"b","Interface":null}}
2025-08-15T22:13:20.450-0500	DEBUG	protocol/handler.go:1591	have processed broadcast	{"{round 20 3  <nil>}": {"Key":"from","Type":15,"Integer":0,"String":"a","Interface":null}}
2025-08-15T22:13:20.450-0500	DEBUG	protocol/handler.go:1591	have processed broadcast	{"{round 20 3  <nil>}": {"Key":"from","Type":15,"Integer":0,"String":"c","Interface":null}}
2025-08-15T22:13:20.450-0500	DEBUG	protocol/handler.go:1649	have all messages and processed	{"{round 20 3  <nil>}": {"Key":"self","Type":15,"Integer":0,"String":"b","Interface":null}}
2025-08-15T22:13:20.450-0500	DEBUG	protocol/handler.go:596	round already finalized
2025-08-15T22:13:20.450-0500	DEBUG	protocol/handler.go:1591	have processed broadcast	{"{round 20 3  <nil>}": {"Key":"from","Type":15,"Integer":0,"String":"c","Interface":null}}
2025-08-15T22:13:20.459-0500	DEBUG	protocol/handler.go:1649	have all messages and processed	{"{round 20 3  <nil>}": {"Key":"self","Type":15,"Integer":0,"String":"a","Interface":null}}
2025-08-15T22:13:20.459-0500	DEBUG	protocol/handler.go:596	round already finalized
2025-08-15T22:13:20.459-0500	DEBUG	protocol/handler.go:581	tryAdvanceRound called	{"{current_round 20 3  <nil>}": {"Key":"self","Type":15,"Integer":0,"String":"a","Interface":null}}
2025-08-15T22:13:20.459-0500	DEBUG	protocol/handler.go:1591	have processed broadcast	{"{round 20 3  <nil>}": {"Key":"from","Type":15,"Integer":0,"String":"b","Interface":null}}
2025-08-15T22:13:20.459-0500	DEBUG	protocol/handler.go:1591	have processed broadcast	{"{round 20 3  <nil>}": {"Key":"from","Type":15,"Integer":0,"String":"c","Interface":null}}
2025-08-15T22:13:20.459-0500	DEBUG	protocol/handler.go:1649	have all messages and processed	{"{round 20 3  <nil>}": {"Key":"self","Type":15,"Integer":0,"String":"a","Interface":null}}
2025-08-15T22:13:20.459-0500	DEBUG	protocol/handler.go:596	round already finalized
2025-08-15T22:13:20.459-0500	DEBUG	protocol/handler.go:581	tryAdvanceRound called	{"{current_round 20 3  <nil>}": {"Key":"self","Type":15,"Integer":0,"String":"a","Interface":null}}
2025-08-15T22:13:20.459-0500	DEBUG	protocol/handler.go:1591	have processed broadcast	{"{round 20 3  <nil>}": {"Key":"from","Type":15,"Integer":0,"String":"b","Interface":null}}
2025-08-15T22:13:20.459-0500	DEBUG	protocol/handler.go:1591	have processed broadcast	{"{round 20 3  <nil>}": {"Key":"from","Type":15,"Integer":0,"String":"c","Interface":null}}
2025-08-15T22:13:20.460-0500	DEBUG	protocol/handler.go:1649	have all messages and processed	{"{round 20 3  <nil>}": {"Key":"self","Type":15,"Integer":0,"String":"a","Interface":null}}
2025-08-15T22:13:20.460-0500	DEBUG	protocol/handler.go:596	round already finalized
2025-08-15T22:13:20.471-0500	DEBUG	protocol/handler.go:581	tryAdvanceRound called	{"{current_round 20 3  <nil>}": {"Key":"self","Type":15,"Integer":0,"String":"b","Interface":null}}
2025-08-15T22:13:20.471-0500	DEBUG	protocol/handler.go:1591	have processed broadcast	{"{round 20 3  <nil>}": {"Key":"from","Type":15,"Integer":0,"String":"a","Interface":null}}
2025-08-15T22:13:20.471-0500	DEBUG	protocol/handler.go:1591	have processed broadcast	{"{round 20 3  <nil>}": {"Key":"from","Type":15,"Integer":0,"String":"c","Interface":null}}
2025-08-15T22:13:20.472-0500	DEBUG	protocol/handler.go:1649	have all messages and processed	{"{round 20 3  <nil>}": {"Key":"self","Type":15,"Integer":0,"String":"b","Interface":null}}
2025-08-15T22:13:20.472-0500	DEBUG	protocol/handler.go:596	round already finalized
2025-08-15T22:13:20.481-0500	DEBUG	protocol/handler.go:581	tryAdvanceRound called	{"{current_round 20 3  <nil>}": {"Key":"self","Type":15,"Integer":0,"String":"a","Interface":null}}
2025-08-15T22:13:20.482-0500	DEBUG	protocol/handler.go:1591	have processed broadcast	{"{round 20 3  <nil>}": {"Key":"from","Type":15,"Integer":0,"String":"b","Interface":null}}
2025-08-15T22:13:20.484-0500	DEBUG	protocol/handler.go:1591	have processed broadcast	{"{round 20 3  <nil>}": {"Key":"from","Type":15,"Integer":0,"String":"c","Interface":null}}
2025-08-15T22:13:20.484-0500	DEBUG	protocol/handler.go:1649	have all messages and processed	{"{round 20 3  <nil>}": {"Key":"self","Type":15,"Integer":0,"String":"a","Interface":null}}
2025-08-15T22:13:20.484-0500	DEBUG	protocol/handler.go:596	round already finalized
2025-08-15T22:13:20.494-0500	DEBUG	protocol/handler.go:581	tryAdvanceRound called	{"{current_round 20 3  <nil>}": {"Key":"self","Type":15,"Integer":0,"String":"c","Interface":null}}
2025-08-15T22:13:20.508-0500	DEBUG	protocol/handler.go:581	tryAdvanceRound called	{"{current_round 20 3  <nil>}": {"Key":"self","Type":15,"Integer":0,"String":"a","Interface":null}}
2025-08-15T22:13:20.508-0500	DEBUG	protocol/handler.go:1591	have processed broadcast	{"{round 20 3  <nil>}": {"Key":"from","Type":15,"Integer":0,"String":"b","Interface":null}}
2025-08-15T22:13:20.508-0500	DEBUG	protocol/handler.go:1591	have processed broadcast	{"{round 20 3  <nil>}": {"Key":"from","Type":15,"Integer":0,"String":"c","Interface":null}}
2025-08-15T22:13:20.508-0500	DEBUG	protocol/handler.go:1649	have all messages and processed	{"{round 20 3  <nil>}": {"Key":"self","Type":15,"Integer":0,"String":"a","Interface":null}}
2025-08-15T22:13:20.508-0500	DEBUG	protocol/handler.go:596	round already finalized
2025-08-15T22:13:20.534-0500	DEBUG	protocol/handler.go:581	tryAdvanceRound called	{"{current_round 20 3  <nil>}": {"Key":"self","Type":15,"Integer":0,"String":"a","Interface":null}}
2025-08-15T22:13:20.535-0500	DEBUG	protocol/handler.go:1591	have processed broadcast	{"{round 20 3  <nil>}": {"Key":"from","Type":15,"Integer":0,"String":"b","Interface":null}}
2025-08-15T22:13:20.535-0500	DEBUG	protocol/handler.go:1591	have processed broadcast	{"{round 20 3  <nil>}": {"Key":"from","Type":15,"Integer":0,"String":"c","Interface":null}}
2025-08-15T22:13:20.535-0500	DEBUG	protocol/handler.go:1649	have all messages and processed	{"{round 20 3  <nil>}": {"Key":"self","Type":15,"Integer":0,"String":"a","Interface":null}}
2025-08-15T22:13:20.535-0500	DEBUG	protocol/handler.go:596	round already finalized
2025-08-15T22:13:20.494-0500	DEBUG	protocol/handler.go:1591	have processed broadcast	{"{round 20 3  <nil>}": {"Key":"from","Type":15,"Integer":0,"String":"a","Interface":null}}
2025-08-15T22:13:20.638-0500	DEBUG	protocol/handler.go:1591	have processed broadcast	{"{round 20 3  <nil>}": {"Key":"from","Type":15,"Integer":0,"String":"b","Interface":null}}
2025-08-15T22:13:20.638-0500	DEBUG	protocol/handler.go:1649	have all messages and processed	{"{round 20 3  <nil>}": {"Key":"self","Type":15,"Integer":0,"String":"c","Interface":null}}
2025-08-15T22:13:20.638-0500	DEBUG	protocol/handler.go:596	round already finalized
2025-08-15T22:13:20.638-0500	DEBUG	protocol/handler.go:581	tryAdvanceRound called	{"{current_round 20 3  <nil>}": {"Key":"self","Type":15,"Integer":0,"String":"c","Interface":null}}
2025-08-15T22:13:20.638-0500	DEBUG	protocol/handler.go:1591	have processed broadcast	{"{round 20 3  <nil>}": {"Key":"from","Type":15,"Integer":0,"String":"a","Interface":null}}
2025-08-15T22:13:20.639-0500	DEBUG	protocol/handler.go:1591	have processed broadcast	{"{round 20 3  <nil>}": {"Key":"from","Type":15,"Integer":0,"String":"b","Interface":null}}
2025-08-15T22:13:20.639-0500	DEBUG	protocol/handler.go:1649	have all messages and processed	{"{round 20 3  <nil>}": {"Key":"self","Type":15,"Integer":0,"String":"c","Interface":null}}
2025-08-15T22:13:20.639-0500	DEBUG	protocol/handler.go:596	round already finalized
2025-08-15T22:13:20.564-0500	DEBUG	protocol/handler.go:581	tryAdvanceRound called	{"{current_round 20 3  <nil>}": {"Key":"self","Type":15,"Integer":0,"String":"b","Interface":null}}
2025-08-15T22:13:20.639-0500	DEBUG	protocol/handler.go:1591	have processed broadcast	{"{round 20 3  <nil>}": {"Key":"from","Type":15,"Integer":0,"String":"a","Interface":null}}
2025-08-15T22:13:20.639-0500	DEBUG	protocol/handler.go:1591	have processed broadcast	{"{round 20 3  <nil>}": {"Key":"from","Type":15,"Integer":0,"String":"c","Interface":null}}
2025-08-15T22:13:20.639-0500	DEBUG	protocol/handler.go:1649	have all messages and processed	{"{round 20 3  <nil>}": {"Key":"self","Type":15,"Integer":0,"String":"b","Interface":null}}
2025-08-15T22:13:20.639-0500	DEBUG	protocol/handler.go:596	round already finalized
2025-08-15T22:13:20.639-0500	DEBUG	protocol/handler.go:581	tryAdvanceRound called	{"{current_round 20 3  <nil>}": {"Key":"self","Type":15,"Integer":0,"String":"b","Interface":null}}
2025-08-15T22:13:20.639-0500	DEBUG	protocol/handler.go:1591	have processed broadcast	{"{round 20 3  <nil>}": {"Key":"from","Type":15,"Integer":0,"String":"a","Interface":null}}
2025-08-15T22:13:20.639-0500	DEBUG	protocol/handler.go:1591	have processed broadcast	{"{round 20 3  <nil>}": {"Key":"from","Type":15,"Integer":0,"String":"c","Interface":null}}
2025-08-15T22:13:20.639-0500	DEBUG	protocol/handler.go:1649	have all messages and processed	{"{round 20 3  <nil>}": {"Key":"self","Type":15,"Integer":0,"String":"b","Interface":null}}
2025-08-15T22:13:20.639-0500	DEBUG	protocol/handler.go:596	round already finalized
2025-08-15T22:13:20.565-0500	DEBUG	protocol/handler.go:581	tryAdvanceRound called	{"{current_round 20 3  <nil>}": {"Key":"self","Type":15,"Integer":0,"String":"a","Interface":null}}
2025-08-15T22:13:20.639-0500	DEBUG	protocol/handler.go:1591	have processed broadcast	{"{round 20 3  <nil>}": {"Key":"from","Type":15,"Integer":0,"String":"b","Interface":null}}
2025-08-15T22:13:20.639-0500	DEBUG	protocol/handler.go:1591	have processed broadcast	{"{round 20 3  <nil>}": {"Key":"from","Type":15,"Integer":0,"String":"c","Interface":null}}
2025-08-15T22:13:20.639-0500	DEBUG	protocol/handler.go:1649	have all messages and processed	{"{round 20 3  <nil>}": {"Key":"self","Type":15,"Integer":0,"String":"a","Interface":null}}
2025-08-15T22:13:20.639-0500	DEBUG	protocol/handler.go:596	round already finalized
2025-08-15T22:13:20.639-0500	DEBUG	protocol/handler.go:581	tryAdvanceRound called	{"{current_round 20 3  <nil>}": {"Key":"self","Type":15,"Integer":0,"String":"a","Interface":null}}
2025-08-15T22:13:20.639-0500	DEBUG	protocol/handler.go:1591	have processed broadcast	{"{round 20 3  <nil>}": {"Key":"from","Type":15,"Integer":0,"String":"b","Interface":null}}
2025-08-15T22:13:20.639-0500	DEBUG	protocol/handler.go:1591	have processed broadcast	{"{round 20 3  <nil>}": {"Key":"from","Type":15,"Integer":0,"String":"c","Interface":null}}
2025-08-15T22:13:20.639-0500	DEBUG	protocol/handler.go:1649	have all messages and processed	{"{round 20 3  <nil>}": {"Key":"self","Type":15,"Integer":0,"String":"a","Interface":null}}
2025-08-15T22:13:20.639-0500	DEBUG	protocol/handler.go:596	round already finalized
2025-08-15T22:13:20.668-0500	DEBUG	protocol/handler.go:581	tryAdvanceRound called	{"{current_round 20 3  <nil>}": {"Key":"self","Type":15,"Integer":0,"String":"a","Interface":null}}
2025-08-15T22:13:20.668-0500	DEBUG	protocol/handler.go:1591	have processed broadcast	{"{round 20 3  <nil>}": {"Key":"from","Type":15,"Integer":0,"String":"b","Interface":null}}
2025-08-15T22:13:20.668-0500	DEBUG	protocol/handler.go:1591	have processed broadcast	{"{round 20 3  <nil>}": {"Key":"from","Type":15,"Integer":0,"String":"c","Interface":null}}
2025-08-15T22:13:20.668-0500	DEBUG	protocol/handler.go:1649	have all messages and processed	{"{round 20 3  <nil>}": {"Key":"self","Type":15,"Integer":0,"String":"a","Interface":null}}
2025-08-15T22:13:20.669-0500	DEBUG	protocol/handler.go:596	round already finalized
2025-08-15T22:13:20.716-0500	DEBUG	protocol/handler.go:581	tryAdvanceRound called	{"{current_round 20 3  <nil>}": {"Key":"self","Type":15,"Integer":0,"String":"a","Interface":null}}
2025-08-15T22:13:20.716-0500	DEBUG	protocol/handler.go:1591	have processed broadcast	{"{round 20 3  <nil>}": {"Key":"from","Type":15,"Integer":0,"String":"b","Interface":null}}
2025-08-15T22:13:20.716-0500	DEBUG	protocol/handler.go:1591	have processed broadcast	{"{round 20 3  <nil>}": {"Key":"from","Type":15,"Integer":0,"String":"c","Interface":null}}
2025-08-15T22:13:20.716-0500	DEBUG	protocol/handler.go:1649	have all messages and processed	{"{round 20 3  <nil>}": {"Key":"self","Type":15,"Integer":0,"String":"a","Interface":null}}
2025-08-15T22:13:20.716-0500	DEBUG	protocol/handler.go:596	round already finalized
2025-08-15T22:13:20.716-0500	DEBUG	protocol/handler.go:581	tryAdvanceRound called	{"{current_round 20 3  <nil>}": {"Key":"self","Type":15,"Integer":0,"String":"a","Interface":null}}
2025-08-15T22:13:20.716-0500	DEBUG	protocol/handler.go:1591	have processed broadcast	{"{round 20 3  <nil>}": {"Key":"from","Type":15,"Integer":0,"String":"b","Interface":null}}
2025-08-15T22:13:20.716-0500	DEBUG	protocol/handler.go:1591	have processed broadcast	{"{round 20 3  <nil>}": {"Key":"from","Type":15,"Integer":0,"String":"c","Interface":null}}
2025-08-15T22:13:20.716-0500	DEBUG	protocol/handler.go:1649	have all messages and processed	{"{round 20 3  <nil>}": {"Key":"self","Type":15,"Integer":0,"String":"a","Interface":null}}
2025-08-15T22:13:20.716-0500	DEBUG	protocol/handler.go:596	round already finalized
2025-08-15T22:13:20.739-0500	DEBUG	protocol/handler.go:581	tryAdvanceRound called	{"{current_round 20 3  <nil>}": {"Key":"self","Type":15,"Integer":0,"String":"a","Interface":null}}
2025-08-15T22:13:20.739-0500	DEBUG	protocol/handler.go:1591	have processed broadcast	{"{round 20 3  <nil>}": {"Key":"from","Type":15,"Integer":0,"String":"b","Interface":null}}
2025-08-15T22:13:20.739-0500	DEBUG	protocol/handler.go:1591	have processed broadcast	{"{round 20 3  <nil>}": {"Key":"from","Type":15,"Integer":0,"String":"c","Interface":null}}
2025-08-15T22:13:20.740-0500	DEBUG	protocol/handler.go:1649	have all messages and processed	{"{round 20 3  <nil>}": {"Key":"self","Type":15,"Integer":0,"String":"a","Interface":null}}
2025-08-15T22:13:20.740-0500	DEBUG	protocol/handler.go:596	round already finalized
2025-08-15T22:13:20.689-0500	DEBUG	protocol/handler.go:581	tryAdvanceRound called	{"{current_round 20 3  <nil>}": {"Key":"self","Type":15,"Integer":0,"String":"b","Interface":null}}
2025-08-15T22:13:20.740-0500	DEBUG	protocol/handler.go:1591	have processed broadcast	{"{round 20 3  <nil>}": {"Key":"from","Type":15,"Integer":0,"String":"a","Interface":null}}
2025-08-15T22:13:20.740-0500	DEBUG	protocol/handler.go:1591	have processed broadcast	{"{round 20 3  <nil>}": {"Key":"from","Type":15,"Integer":0,"String":"c","Interface":null}}
2025-08-15T22:13:20.740-0500	DEBUG	protocol/handler.go:1649	have all messages and processed	{"{round 20 3  <nil>}": {"Key":"self","Type":15,"Integer":0,"String":"b","Interface":null}}
2025-08-15T22:13:20.740-0500	DEBUG	protocol/handler.go:596	round already finalized
2025-08-15T22:13:20.740-0500	DEBUG	protocol/handler.go:581	tryAdvanceRound called	{"{current_round 20 3  <nil>}": {"Key":"self","Type":15,"Integer":0,"String":"b","Interface":null}}
2025-08-15T22:13:20.740-0500	DEBUG	protocol/handler.go:1591	have processed broadcast	{"{round 20 3  <nil>}": {"Key":"from","Type":15,"Integer":0,"String":"a","Interface":null}}
2025-08-15T22:13:20.740-0500	DEBUG	protocol/handler.go:1591	have processed broadcast	{"{round 20 3  <nil>}": {"Key":"from","Type":15,"Integer":0,"String":"c","Interface":null}}
2025-08-15T22:13:20.740-0500	DEBUG	protocol/handler.go:1649	have all messages and processed	{"{round 20 3  <nil>}": {"Key":"self","Type":15,"Integer":0,"String":"b","Interface":null}}
2025-08-15T22:13:20.740-0500	DEBUG	protocol/handler.go:596	round already finalized
2025-08-15T22:13:20.690-0500	DEBUG	protocol/handler.go:581	tryAdvanceRound called	{"{current_round 20 3  <nil>}": {"Key":"self","Type":15,"Integer":0,"String":"c","Interface":null}}
2025-08-15T22:13:20.740-0500	DEBUG	protocol/handler.go:1591	have processed broadcast	{"{round 20 3  <nil>}": {"Key":"from","Type":15,"Integer":0,"String":"a","Interface":null}}
2025-08-15T22:13:20.740-0500	DEBUG	protocol/handler.go:1591	have processed broadcast	{"{round 20 3  <nil>}": {"Key":"from","Type":15,"Integer":0,"String":"b","Interface":null}}
2025-08-15T22:13:20.740-0500	DEBUG	protocol/handler.go:1649	have all messages and processed	{"{round 20 3  <nil>}": {"Key":"self","Type":15,"Integer":0,"String":"c","Interface":null}}
2025-08-15T22:13:20.740-0500	DEBUG	protocol/handler.go:596	round already finalized
2025-08-15T22:13:20.740-0500	DEBUG	protocol/handler.go:581	tryAdvanceRound called	{"{current_round 20 3  <nil>}": {"Key":"self","Type":15,"Integer":0,"String":"c","Interface":null}}
2025-08-15T22:13:20.740-0500	DEBUG	protocol/handler.go:1591	have processed broadcast	{"{round 20 3  <nil>}": {"Key":"from","Type":15,"Integer":0,"String":"a","Interface":null}}
2025-08-15T22:13:20.740-0500	DEBUG	protocol/handler.go:1591	have processed broadcast	{"{round 20 3  <nil>}": {"Key":"from","Type":15,"Integer":0,"String":"b","Interface":null}}
2025-08-15T22:13:20.740-0500	DEBUG	protocol/handler.go:1649	have all messages and processed	{"{round 20 3  <nil>}": {"Key":"self","Type":15,"Integer":0,"String":"c","Interface":null}}
2025-08-15T22:13:20.740-0500	DEBUG	protocol/handler.go:596	round already finalized
2025-08-15T22:13:20.740-0500	DEBUG	protocol/handler.go:581	tryAdvanceRound called	{"{current_round 20 3  <nil>}": {"Key":"self","Type":15,"Integer":0,"String":"b","Interface":null}}
2025-08-15T22:13:20.741-0500	DEBUG	protocol/handler.go:1591	have processed broadcast	{"{round 20 3  <nil>}": {"Key":"from","Type":15,"Integer":0,"String":"a","Interface":null}}
2025-08-15T22:13:20.741-0500	DEBUG	protocol/handler.go:1591	have processed broadcast	{"{round 20 3  <nil>}": {"Key":"from","Type":15,"Integer":0,"String":"c","Interface":null}}
2025-08-15T22:13:20.741-0500	DEBUG	protocol/handler.go:1649	have all messages and processed	{"{round 20 3  <nil>}": {"Key":"self","Type":15,"Integer":0,"String":"b","Interface":null}}
2025-08-15T22:13:20.741-0500	DEBUG	protocol/handler.go:596	round already finalized
2025-08-15T22:13:20.747-0500	DEBUG	protocol/handler.go:581	tryAdvanceRound called	{"{current_round 20 3  <nil>}": {"Key":"self","Type":15,"Integer":0,"String":"c","Interface":null}}
2025-08-15T22:13:20.747-0500	DEBUG	protocol/handler.go:1591	have processed broadcast	{"{round 20 3  <nil>}": {"Key":"from","Type":15,"Integer":0,"String":"a","Interface":null}}
2025-08-15T22:13:20.750-0500	DEBUG	protocol/handler.go:1591	have processed broadcast	{"{round 20 3  <nil>}": {"Key":"from","Type":15,"Integer":0,"String":"b","Interface":null}}
2025-08-15T22:13:20.750-0500	DEBUG	protocol/handler.go:1649	have all messages and processed	{"{round 20 3  <nil>}": {"Key":"self","Type":15,"Integer":0,"String":"c","Interface":null}}
2025-08-15T22:13:20.750-0500	DEBUG	protocol/handler.go:596	round already finalized
2025-08-15T22:13:20.750-0500	DEBUG	protocol/handler.go:581	tryAdvanceRound called	{"{current_round 20 3  <nil>}": {"Key":"self","Type":15,"Integer":0,"String":"a","Interface":null}}
2025-08-15T22:13:20.750-0500	DEBUG	protocol/handler.go:1591	have processed broadcast	{"{round 20 3  <nil>}": {"Key":"from","Type":15,"Integer":0,"String":"b","Interface":null}}
2025-08-15T22:13:20.750-0500	DEBUG	protocol/handler.go:1591	have processed broadcast	{"{round 20 3  <nil>}": {"Key":"from","Type":15,"Integer":0,"String":"c","Interface":null}}
2025-08-15T22:13:20.750-0500	DEBUG	protocol/handler.go:1649	have all messages and processed	{"{round 20 3  <nil>}": {"Key":"self","Type":15,"Integer":0,"String":"a","Interface":null}}
2025-08-15T22:13:20.750-0500	DEBUG	protocol/handler.go:596	round already finalized
2025-08-15T22:13:20.751-0500	DEBUG	protocol/handler.go:581	tryAdvanceRound called	{"{current_round 20 3  <nil>}": {"Key":"self","Type":15,"Integer":0,"String":"b","Interface":null}}
2025-08-15T22:13:20.751-0500	DEBUG	protocol/handler.go:1591	have processed broadcast	{"{round 20 3  <nil>}": {"Key":"from","Type":15,"Integer":0,"String":"a","Interface":null}}
2025-08-15T22:13:20.751-0500	DEBUG	protocol/handler.go:1591	have processed broadcast	{"{round 20 3  <nil>}": {"Key":"from","Type":15,"Integer":0,"String":"c","Interface":null}}
2025-08-15T22:13:20.751-0500	DEBUG	protocol/handler.go:1649	have all messages and processed	{"{round 20 3  <nil>}": {"Key":"self","Type":15,"Integer":0,"String":"b","Interface":null}}
2025-08-15T22:13:20.751-0500	DEBUG	protocol/handler.go:596	round already finalized
2025-08-15T22:13:20.751-0500	DEBUG	protocol/handler.go:581	tryAdvanceRound called	{"{current_round 20 3  <nil>}": {"Key":"self","Type":15,"Integer":0,"String":"c","Interface":null}}
2025-08-15T22:13:20.751-0500	DEBUG	protocol/handler.go:1591	have processed broadcast	{"{round 20 3  <nil>}": {"Key":"from","Type":15,"Integer":0,"String":"a","Interface":null}}
2025-08-15T22:13:20.751-0500	DEBUG	protocol/handler.go:1591	have processed broadcast	{"{round 20 3  <nil>}": {"Key":"from","Type":15,"Integer":0,"String":"b","Interface":null}}
2025-08-15T22:13:20.751-0500	DEBUG	protocol/handler.go:1649	have all messages and processed	{"{round 20 3  <nil>}": {"Key":"self","Type":15,"Integer":0,"String":"c","Interface":null}}
2025-08-15T22:13:20.751-0500	DEBUG	protocol/handler.go:596	round already finalized
2025-08-15T22:13:20.775-0500	DEBUG	protocol/handler.go:581	tryAdvanceRound called	{"{current_round 20 3  <nil>}": {"Key":"self","Type":15,"Integer":0,"String":"c","Interface":null}}
2025-08-15T22:13:20.775-0500	DEBUG	protocol/handler.go:1591	have processed broadcast	{"{round 20 3  <nil>}": {"Key":"from","Type":15,"Integer":0,"String":"a","Interface":null}}
2025-08-15T22:13:20.775-0500	DEBUG	protocol/handler.go:1591	have processed broadcast	{"{round 20 3  <nil>}": {"Key":"from","Type":15,"Integer":0,"String":"b","Interface":null}}
2025-08-15T22:13:20.775-0500	DEBUG	protocol/handler.go:1649	have all messages and processed	{"{round 20 3  <nil>}": {"Key":"self","Type":15,"Integer":0,"String":"c","Interface":null}}
2025-08-15T22:13:20.775-0500	DEBUG	protocol/handler.go:596	round already finalized
2025-08-15T22:13:20.798-0500	DEBUG	protocol/handler.go:581	tryAdvanceRound called	{"{current_round 20 3  <nil>}": {"Key":"self","Type":15,"Integer":0,"String":"a","Interface":null}}
2025-08-15T22:13:20.798-0500	DEBUG	protocol/handler.go:1591	have processed broadcast	{"{round 20 3  <nil>}": {"Key":"from","Type":15,"Integer":0,"String":"b","Interface":null}}
2025-08-15T22:13:20.798-0500	DEBUG	protocol/handler.go:1591	have processed broadcast	{"{round 20 3  <nil>}": {"Key":"from","Type":15,"Integer":0,"String":"c","Interface":null}}
2025-08-15T22:13:20.798-0500	DEBUG	protocol/handler.go:1649	have all messages and processed	{"{round 20 3  <nil>}": {"Key":"self","Type":15,"Integer":0,"String":"a","Interface":null}}
2025-08-15T22:13:20.798-0500	DEBUG	protocol/handler.go:596	round already finalized
2025-08-15T22:13:20.798-0500	DEBUG	protocol/handler.go:581	tryAdvanceRound called	{"{current_round 20 3  <nil>}": {"Key":"self","Type":15,"Integer":0,"String":"a","Interface":null}}
2025-08-15T22:13:20.798-0500	DEBUG	protocol/handler.go:1591	have processed broadcast	{"{round 20 3  <nil>}": {"Key":"from","Type":15,"Integer":0,"String":"b","Interface":null}}
2025-08-15T22:13:20.798-0500	DEBUG	protocol/handler.go:1591	have processed broadcast	{"{round 20 3  <nil>}": {"Key":"from","Type":15,"Integer":0,"String":"c","Interface":null}}
2025-08-15T22:13:20.798-0500	DEBUG	protocol/handler.go:1649	have all messages and processed	{"{round 20 3  <nil>}": {"Key":"self","Type":15,"Integer":0,"String":"a","Interface":null}}
2025-08-15T22:13:20.798-0500	DEBUG	protocol/handler.go:596	round already finalized
2025-08-15T22:13:20.798-0500	DEBUG	protocol/handler.go:581	tryAdvanceRound called	{"{current_round 20 3  <nil>}": {"Key":"self","Type":15,"Integer":0,"String":"b","Interface":null}}
2025-08-15T22:13:20.798-0500	DEBUG	protocol/handler.go:1591	have processed broadcast	{"{round 20 3  <nil>}": {"Key":"from","Type":15,"Integer":0,"String":"a","Interface":null}}
2025-08-15T22:13:20.798-0500	DEBUG	protocol/handler.go:1591	have processed broadcast	{"{round 20 3  <nil>}": {"Key":"from","Type":15,"Integer":0,"String":"c","Interface":null}}
2025-08-15T22:13:20.798-0500	DEBUG	protocol/handler.go:1649	have all messages and processed	{"{round 20 3  <nil>}": {"Key":"self","Type":15,"Integer":0,"String":"b","Interface":null}}
2025-08-15T22:13:20.798-0500	DEBUG	protocol/handler.go:596	round already finalized
2025-08-15T22:13:20.798-0500	DEBUG	protocol/handler.go:581	tryAdvanceRound called	{"{current_round 20 3  <nil>}": {"Key":"self","Type":15,"Integer":0,"String":"b","Interface":null}}
2025-08-15T22:13:20.798-0500	DEBUG	protocol/handler.go:1591	have processed broadcast	{"{round 20 3  <nil>}": {"Key":"from","Type":15,"Integer":0,"String":"a","Interface":null}}
2025-08-15T22:13:20.798-0500	DEBUG	protocol/handler.go:1591	have processed broadcast	{"{round 20 3  <nil>}": {"Key":"from","Type":15,"Integer":0,"String":"c","Interface":null}}
2025-08-15T22:13:20.798-0500	DEBUG	protocol/handler.go:1649	have all messages and processed	{"{round 20 3  <nil>}": {"Key":"self","Type":15,"Integer":0,"String":"b","Interface":null}}
2025-08-15T22:13:20.798-0500	DEBUG	protocol/handler.go:596	round already finalized
2025-08-15T22:13:20.799-0500	DEBUG	protocol/handler.go:581	tryAdvanceRound called	{"{current_round 20 3  <nil>}": {"Key":"self","Type":15,"Integer":0,"String":"c","Interface":null}}
2025-08-15T22:13:20.799-0500	DEBUG	protocol/handler.go:1591	have processed broadcast	{"{round 20 3  <nil>}": {"Key":"from","Type":15,"Integer":0,"String":"a","Interface":null}}
2025-08-15T22:13:20.799-0500	DEBUG	protocol/handler.go:1591	have processed broadcast	{"{round 20 3  <nil>}": {"Key":"from","Type":15,"Integer":0,"String":"b","Interface":null}}
2025-08-15T22:13:20.799-0500	DEBUG	protocol/handler.go:1649	have all messages and processed	{"{round 20 3  <nil>}": {"Key":"self","Type":15,"Integer":0,"String":"c","Interface":null}}
2025-08-15T22:13:20.799-0500	DEBUG	protocol/handler.go:596	round already finalized
2025-08-15T22:13:20.820-0500	DEBUG	protocol/handler.go:581	tryAdvanceRound called	{"{current_round 20 3  <nil>}": {"Key":"self","Type":15,"Integer":0,"String":"a","Interface":null}}
2025-08-15T22:13:20.820-0500	DEBUG	protocol/handler.go:1591	have processed broadcast	{"{round 20 3  <nil>}": {"Key":"from","Type":15,"Integer":0,"String":"b","Interface":null}}
2025-08-15T22:13:20.820-0500	DEBUG	protocol/handler.go:1591	have processed broadcast	{"{round 20 3  <nil>}": {"Key":"from","Type":15,"Integer":0,"String":"c","Interface":null}}
2025-08-15T22:13:20.820-0500	DEBUG	protocol/handler.go:1649	have all messages and processed	{"{round 20 3  <nil>}": {"Key":"self","Type":15,"Integer":0,"String":"a","Interface":null}}
2025-08-15T22:13:20.820-0500	DEBUG	protocol/handler.go:596	round already finalized
2025-08-15T22:13:20.844-0500	DEBUG	protocol/handler.go:581	tryAdvanceRound called	{"{current_round 20 3  <nil>}": {"Key":"self","Type":15,"Integer":0,"String":"c","Interface":null}}
2025-08-15T22:13:20.844-0500	DEBUG	protocol/handler.go:1591	have processed broadcast	{"{round 20 3  <nil>}": {"Key":"from","Type":15,"Integer":0,"String":"a","Interface":null}}
2025-08-15T22:13:20.844-0500	DEBUG	protocol/handler.go:1591	have processed broadcast	{"{round 20 3  <nil>}": {"Key":"from","Type":15,"Integer":0,"String":"b","Interface":null}}
2025-08-15T22:13:20.844-0500	DEBUG	protocol/handler.go:1649	have all messages and processed	{"{round 20 3  <nil>}": {"Key":"self","Type":15,"Integer":0,"String":"c","Interface":null}}
2025-08-15T22:13:20.844-0500	DEBUG	protocol/handler.go:596	round already finalized
2025-08-15T22:13:20.844-0500	DEBUG	protocol/handler.go:581	tryAdvanceRound called	{"{current_round 20 3  <nil>}": {"Key":"self","Type":15,"Integer":0,"String":"c","Interface":null}}
2025-08-15T22:13:20.844-0500	DEBUG	protocol/handler.go:1591	have processed broadcast	{"{round 20 3  <nil>}": {"Key":"from","Type":15,"Integer":0,"String":"a","Interface":null}}
2025-08-15T22:13:20.844-0500	DEBUG	protocol/handler.go:1591	have processed broadcast	{"{round 20 3  <nil>}": {"Key":"from","Type":15,"Integer":0,"String":"b","Interface":null}}
2025-08-15T22:13:20.844-0500	DEBUG	protocol/handler.go:1649	have all messages and processed	{"{round 20 3  <nil>}": {"Key":"self","Type":15,"Integer":0,"String":"c","Interface":null}}
2025-08-15T22:13:20.844-0500	DEBUG	protocol/handler.go:596	round already finalized
2025-08-15T22:13:20.844-0500	DEBUG	protocol/handler.go:581	tryAdvanceRound called	{"{current_round 20 3  <nil>}": {"Key":"self","Type":15,"Integer":0,"String":"b","Interface":null}}
2025-08-15T22:13:20.844-0500	DEBUG	protocol/handler.go:1591	have processed broadcast	{"{round 20 3  <nil>}": {"Key":"from","Type":15,"Integer":0,"String":"a","Interface":null}}
2025-08-15T22:13:20.844-0500	DEBUG	protocol/handler.go:1591	have processed broadcast	{"{round 20 3  <nil>}": {"Key":"from","Type":15,"Integer":0,"String":"c","Interface":null}}
2025-08-15T22:13:20.844-0500	DEBUG	protocol/handler.go:1649	have all messages and processed	{"{round 20 3  <nil>}": {"Key":"self","Type":15,"Integer":0,"String":"b","Interface":null}}
2025-08-15T22:13:20.844-0500	DEBUG	protocol/handler.go:596	round already finalized
2025-08-15T22:13:20.844-0500	DEBUG	protocol/handler.go:581	tryAdvanceRound called	{"{current_round 20 3  <nil>}": {"Key":"self","Type":15,"Integer":0,"String":"b","Interface":null}}
2025-08-15T22:13:20.844-0500	DEBUG	protocol/handler.go:1591	have processed broadcast	{"{round 20 3  <nil>}": {"Key":"from","Type":15,"Integer":0,"String":"a","Interface":null}}
2025-08-15T22:13:20.844-0500	DEBUG	protocol/handler.go:1591	have processed broadcast	{"{round 20 3  <nil>}": {"Key":"from","Type":15,"Integer":0,"String":"c","Interface":null}}
2025-08-15T22:13:20.844-0500	DEBUG	protocol/handler.go:1649	have all messages and processed	{"{round 20 3  <nil>}": {"Key":"self","Type":15,"Integer":0,"String":"b","Interface":null}}
2025-08-15T22:13:20.844-0500	DEBUG	protocol/handler.go:596	round already finalized
2025-08-15T22:13:20.844-0500	DEBUG	protocol/handler.go:581	tryAdvanceRound called	{"{current_round 20 3  <nil>}": {"Key":"self","Type":15,"Integer":0,"String":"a","Interface":null}}
2025-08-15T22:13:20.844-0500	DEBUG	protocol/handler.go:1591	have processed broadcast	{"{round 20 3  <nil>}": {"Key":"from","Type":15,"Integer":0,"String":"b","Interface":null}}
2025-08-15T22:13:20.844-0500	DEBUG	protocol/handler.go:1591	have processed broadcast	{"{round 20 3  <nil>}": {"Key":"from","Type":15,"Integer":0,"String":"c","Interface":null}}
2025-08-15T22:13:20.845-0500	DEBUG	protocol/handler.go:1649	have all messages and processed	{"{round 20 3  <nil>}": {"Key":"self","Type":15,"Integer":0,"String":"a","Interface":null}}
2025-08-15T22:13:20.845-0500	DEBUG	protocol/handler.go:596	round already finalized
2025-08-15T22:13:20.904-0500	DEBUG	protocol/handler.go:581	tryAdvanceRound called	{"{current_round 20 3  <nil>}": {"Key":"self","Type":15,"Integer":0,"String":"a","Interface":null}}
2025-08-15T22:13:20.904-0500	DEBUG	protocol/handler.go:1591	have processed broadcast	{"{round 20 3  <nil>}": {"Key":"from","Type":15,"Integer":0,"String":"b","Interface":null}}
2025-08-15T22:13:20.904-0500	DEBUG	protocol/handler.go:1591	have processed broadcast	{"{round 20 3  <nil>}": {"Key":"from","Type":15,"Integer":0,"String":"c","Interface":null}}
2025-08-15T22:13:20.904-0500	DEBUG	protocol/handler.go:1649	have all messages and processed	{"{round 20 3  <nil>}": {"Key":"self","Type":15,"Integer":0,"String":"a","Interface":null}}
2025-08-15T22:13:20.904-0500	DEBUG	protocol/handler.go:596	round already finalized
2025-08-15T22:13:20.904-0500	DEBUG	protocol/handler.go:581	tryAdvanceRound called	{"{current_round 20 3  <nil>}": {"Key":"self","Type":15,"Integer":0,"String":"a","Interface":null}}
2025-08-15T22:13:20.904-0500	DEBUG	protocol/handler.go:1591	have processed broadcast	{"{round 20 3  <nil>}": {"Key":"from","Type":15,"Integer":0,"String":"b","Interface":null}}
2025-08-15T22:13:20.904-0500	DEBUG	protocol/handler.go:1591	have processed broadcast	{"{round 20 3  <nil>}": {"Key":"from","Type":15,"Integer":0,"String":"c","Interface":null}}
2025-08-15T22:13:20.904-0500	DEBUG	protocol/handler.go:1649	have all messages and processed	{"{round 20 3  <nil>}": {"Key":"self","Type":15,"Integer":0,"String":"a","Interface":null}}
2025-08-15T22:13:20.904-0500	DEBUG	protocol/handler.go:596	round already finalized
2025-08-15T22:13:20.904-0500	DEBUG	protocol/handler.go:581	tryAdvanceRound called	{"{current_round 20 3  <nil>}": {"Key":"self","Type":15,"Integer":0,"String":"b","Interface":null}}
2025-08-15T22:13:20.904-0500	DEBUG	protocol/handler.go:1591	have processed broadcast	{"{round 20 3  <nil>}": {"Key":"from","Type":15,"Integer":0,"String":"a","Interface":null}}
2025-08-15T22:13:20.904-0500	DEBUG	protocol/handler.go:1591	have processed broadcast	{"{round 20 3  <nil>}": {"Key":"from","Type":15,"Integer":0,"String":"c","Interface":null}}
2025-08-15T22:13:20.905-0500	DEBUG	protocol/handler.go:1649	have all messages and processed	{"{round 20 3  <nil>}": {"Key":"self","Type":15,"Integer":0,"String":"b","Interface":null}}
2025-08-15T22:13:20.905-0500	DEBUG	protocol/handler.go:596	round already finalized
2025-08-15T22:13:20.905-0500	DEBUG	protocol/handler.go:581	tryAdvanceRound called	{"{current_round 20 3  <nil>}": {"Key":"self","Type":15,"Integer":0,"String":"b","Interface":null}}
2025-08-15T22:13:20.905-0500	DEBUG	protocol/handler.go:1591	have processed broadcast	{"{round 20 3  <nil>}": {"Key":"from","Type":15,"Integer":0,"String":"a","Interface":null}}
2025-08-15T22:13:20.905-0500	DEBUG	protocol/handler.go:1591	have processed broadcast	{"{round 20 3  <nil>}": {"Key":"from","Type":15,"Integer":0,"String":"c","Interface":null}}
2025-08-15T22:13:20.905-0500	DEBUG	protocol/handler.go:1649	have all messages and processed	{"{round 20 3  <nil>}": {"Key":"self","Type":15,"Integer":0,"String":"b","Interface":null}}
2025-08-15T22:13:20.905-0500	DEBUG	protocol/handler.go:596	round already finalized
2025-08-15T22:13:20.905-0500	DEBUG	protocol/handler.go:581	tryAdvanceRound called	{"{current_round 20 3  <nil>}": {"Key":"self","Type":15,"Integer":0,"String":"c","Interface":null}}
2025-08-15T22:13:20.905-0500	DEBUG	protocol/handler.go:1591	have processed broadcast	{"{round 20 3  <nil>}": {"Key":"from","Type":15,"Integer":0,"String":"a","Interface":null}}
2025-08-15T22:13:20.905-0500	DEBUG	protocol/handler.go:1591	have processed broadcast	{"{round 20 3  <nil>}": {"Key":"from","Type":15,"Integer":0,"String":"b","Interface":null}}
2025-08-15T22:13:20.905-0500	DEBUG	protocol/handler.go:1649	have all messages and processed	{"{round 20 3  <nil>}": {"Key":"self","Type":15,"Integer":0,"String":"c","Interface":null}}
2025-08-15T22:13:20.905-0500	DEBUG	protocol/handler.go:596	round already finalized
2025-08-15T22:13:20.905-0500	DEBUG	protocol/handler.go:581	tryAdvanceRound called	{"{current_round 20 3  <nil>}": {"Key":"self","Type":15,"Integer":0,"String":"c","Interface":null}}
2025-08-15T22:13:20.905-0500	DEBUG	protocol/handler.go:1591	have processed broadcast	{"{round 20 3  <nil>}": {"Key":"from","Type":15,"Integer":0,"String":"a","Interface":null}}
2025-08-15T22:13:20.905-0500	DEBUG	protocol/handler.go:1591	have processed broadcast	{"{round 20 3  <nil>}": {"Key":"from","Type":15,"Integer":0,"String":"b","Interface":null}}
2025-08-15T22:13:20.905-0500	DEBUG	protocol/handler.go:1649	have all messages and processed	{"{round 20 3  <nil>}": {"Key":"self","Type":15,"Integer":0,"String":"c","Interface":null}}
2025-08-15T22:13:20.905-0500	DEBUG	protocol/handler.go:596	round already finalized
2025-08-15T22:13:20.961-0500	DEBUG	protocol/handler.go:581	tryAdvanceRound called	{"{current_round 20 3  <nil>}": {"Key":"self","Type":15,"Integer":0,"String":"a","Interface":null}}
2025-08-15T22:13:20.961-0500	DEBUG	protocol/handler.go:1591	have processed broadcast	{"{round 20 3  <nil>}": {"Key":"from","Type":15,"Integer":0,"String":"b","Interface":null}}
2025-08-15T22:13:20.961-0500	DEBUG	protocol/handler.go:1591	have processed broadcast	{"{round 20 3  <nil>}": {"Key":"from","Type":15,"Integer":0,"String":"c","Interface":null}}
2025-08-15T22:13:20.961-0500	DEBUG	protocol/handler.go:1649	have all messages and processed	{"{round 20 3  <nil>}": {"Key":"self","Type":15,"Integer":0,"String":"a","Interface":null}}
2025-08-15T22:13:20.961-0500	DEBUG	protocol/handler.go:596	round already finalized
2025-08-15T22:13:20.961-0500	DEBUG	protocol/handler.go:581	tryAdvanceRound called	{"{current_round 20 3  <nil>}": {"Key":"self","Type":15,"Integer":0,"String":"a","Interface":null}}
2025-08-15T22:13:20.961-0500	DEBUG	protocol/handler.go:1591	have processed broadcast	{"{round 20 3  <nil>}": {"Key":"from","Type":15,"Integer":0,"String":"b","Interface":null}}
2025-08-15T22:13:20.961-0500	DEBUG	protocol/handler.go:1591	have processed broadcast	{"{round 20 3  <nil>}": {"Key":"from","Type":15,"Integer":0,"String":"c","Interface":null}}
2025-08-15T22:13:20.961-0500	DEBUG	protocol/handler.go:1649	have all messages and processed	{"{round 20 3  <nil>}": {"Key":"self","Type":15,"Integer":0,"String":"a","Interface":null}}
2025-08-15T22:13:20.961-0500	DEBUG	protocol/handler.go:596	round already finalized
2025-08-15T22:13:20.961-0500	DEBUG	protocol/handler.go:581	tryAdvanceRound called	{"{current_round 20 3  <nil>}": {"Key":"self","Type":15,"Integer":0,"String":"c","Interface":null}}
2025-08-15T22:13:20.961-0500	DEBUG	protocol/handler.go:1591	have processed broadcast	{"{round 20 3  <nil>}": {"Key":"from","Type":15,"Integer":0,"String":"a","Interface":null}}
2025-08-15T22:13:20.962-0500	DEBUG	protocol/handler.go:1591	have processed broadcast	{"{round 20 3  <nil>}": {"Key":"from","Type":15,"Integer":0,"String":"b","Interface":null}}
2025-08-15T22:13:20.962-0500	DEBUG	protocol/handler.go:1649	have all messages and processed	{"{round 20 3  <nil>}": {"Key":"self","Type":15,"Integer":0,"String":"c","Interface":null}}
2025-08-15T22:13:20.962-0500	DEBUG	protocol/handler.go:596	round already finalized
2025-08-15T22:13:20.962-0500	DEBUG	protocol/handler.go:581	tryAdvanceRound called	{"{current_round 20 3  <nil>}": {"Key":"self","Type":15,"Integer":0,"String":"c","Interface":null}}
2025-08-15T22:13:20.962-0500	DEBUG	protocol/handler.go:1591	have processed broadcast	{"{round 20 3  <nil>}": {"Key":"from","Type":15,"Integer":0,"String":"a","Interface":null}}
2025-08-15T22:13:20.962-0500	DEBUG	protocol/handler.go:1591	have processed broadcast	{"{round 20 3  <nil>}": {"Key":"from","Type":15,"Integer":0,"String":"b","Interface":null}}
2025-08-15T22:13:20.962-0500	DEBUG	protocol/handler.go:1649	have all messages and processed	{"{round 20 3  <nil>}": {"Key":"self","Type":15,"Integer":0,"String":"c","Interface":null}}
2025-08-15T22:13:20.962-0500	DEBUG	protocol/handler.go:596	round already finalized
2025-08-15T22:13:20.935-0500	DEBUG	protocol/handler.go:581	tryAdvanceRound called	{"{current_round 20 3  <nil>}": {"Key":"self","Type":15,"Integer":0,"String":"b","Interface":null}}
2025-08-15T22:13:20.998-0500	DEBUG	protocol/handler.go:1591	have processed broadcast	{"{round 20 3  <nil>}": {"Key":"from","Type":15,"Integer":0,"String":"a","Interface":null}}
2025-08-15T22:13:20.998-0500	DEBUG	protocol/handler.go:1591	have processed broadcast	{"{round 20 3  <nil>}": {"Key":"from","Type":15,"Integer":0,"String":"c","Interface":null}}
2025-08-15T22:13:21.004-0500	DEBUG	protocol/handler.go:1649	have all messages and processed	{"{round 20 3  <nil>}": {"Key":"self","Type":15,"Integer":0,"String":"b","Interface":null}}
2025-08-15T22:13:21.005-0500	DEBUG	protocol/handler.go:596	round already finalized
2025-08-15T22:13:21.005-0500	DEBUG	protocol/handler.go:581	tryAdvanceRound called	{"{current_round 20 3  <nil>}": {"Key":"self","Type":15,"Integer":0,"String":"b","Interface":null}}
2025-08-15T22:13:21.005-0500	DEBUG	protocol/handler.go:1591	have processed broadcast	{"{round 20 3  <nil>}": {"Key":"from","Type":15,"Integer":0,"String":"a","Interface":null}}
2025-08-15T22:13:21.005-0500	DEBUG	protocol/handler.go:1591	have processed broadcast	{"{round 20 3  <nil>}": {"Key":"from","Type":15,"Integer":0,"String":"c","Interface":null}}
2025-08-15T22:13:21.005-0500	DEBUG	protocol/handler.go:1649	have all messages and processed	{"{round 20 3  <nil>}": {"Key":"self","Type":15,"Integer":0,"String":"b","Interface":null}}
2025-08-15T22:13:21.006-0500	DEBUG	protocol/handler.go:596	round already finalized
2025-08-15T22:13:21.008-0500	DEBUG	protocol/handler.go:581	tryAdvanceRound called	{"{current_round 20 3  <nil>}": {"Key":"self","Type":15,"Integer":0,"String":"a","Interface":null}}
2025-08-15T22:13:21.012-0500	DEBUG	protocol/handler.go:1591	have processed broadcast	{"{round 20 3  <nil>}": {"Key":"from","Type":15,"Integer":0,"String":"b","Interface":null}}
2025-08-15T22:13:21.012-0500	DEBUG	protocol/handler.go:1591	have processed broadcast	{"{round 20 3  <nil>}": {"Key":"from","Type":15,"Integer":0,"String":"c","Interface":null}}
2025-08-15T22:13:21.014-0500	DEBUG	protocol/handler.go:1649	have all messages and processed	{"{round 20 3  <nil>}": {"Key":"self","Type":15,"Integer":0,"String":"a","Interface":null}}
2025-08-15T22:13:21.014-0500	DEBUG	protocol/handler.go:596	round already finalized
2025-08-15T22:13:21.014-0500	DEBUG	protocol/handler.go:581	tryAdvanceRound called	{"{current_round 20 3  <nil>}": {"Key":"self","Type":15,"Integer":0,"String":"a","Interface":null}}
2025-08-15T22:13:21.023-0500	DEBUG	protocol/handler.go:1591	have processed broadcast	{"{round 20 3  <nil>}": {"Key":"from","Type":15,"Integer":0,"String":"b","Interface":null}}
2025-08-15T22:13:21.023-0500	DEBUG	protocol/handler.go:1591	have processed broadcast	{"{round 20 3  <nil>}": {"Key":"from","Type":15,"Integer":0,"String":"c","Interface":null}}
2025-08-15T22:13:21.027-0500	DEBUG	protocol/handler.go:1649	have all messages and processed	{"{round 20 3  <nil>}": {"Key":"self","Type":15,"Integer":0,"String":"a","Interface":null}}
2025-08-15T22:13:21.028-0500	DEBUG	protocol/handler.go:596	round already finalized
2025-08-15T22:13:21.028-0500	DEBUG	protocol/handler.go:581	tryAdvanceRound called	{"{current_round 20 3  <nil>}": {"Key":"self","Type":15,"Integer":0,"String":"c","Interface":null}}
2025-08-15T22:13:21.028-0500	DEBUG	protocol/handler.go:1591	have processed broadcast	{"{round 20 3  <nil>}": {"Key":"from","Type":15,"Integer":0,"String":"a","Interface":null}}
2025-08-15T22:13:21.028-0500	DEBUG	protocol/handler.go:1591	have processed broadcast	{"{round 20 3  <nil>}": {"Key":"from","Type":15,"Integer":0,"String":"b","Interface":null}}
2025-08-15T22:13:21.028-0500	DEBUG	protocol/handler.go:1649	have all messages and processed	{"{round 20 3  <nil>}": {"Key":"self","Type":15,"Integer":0,"String":"c","Interface":null}}
2025-08-15T22:13:21.028-0500	DEBUG	protocol/handler.go:596	round already finalized
2025-08-15T22:13:21.028-0500	DEBUG	protocol/handler.go:581	tryAdvanceRound called	{"{current_round 20 3  <nil>}": {"Key":"self","Type":15,"Integer":0,"String":"c","Interface":null}}
2025-08-15T22:13:21.028-0500	DEBUG	protocol/handler.go:1591	have processed broadcast	{"{round 20 3  <nil>}": {"Key":"from","Type":15,"Integer":0,"String":"a","Interface":null}}
2025-08-15T22:13:21.028-0500	DEBUG	protocol/handler.go:1591	have processed broadcast	{"{round 20 3  <nil>}": {"Key":"from","Type":15,"Integer":0,"String":"b","Interface":null}}
2025-08-15T22:13:21.028-0500	DEBUG	protocol/handler.go:1649	have all messages and processed	{"{round 20 3  <nil>}": {"Key":"self","Type":15,"Integer":0,"String":"c","Interface":null}}
2025-08-15T22:13:21.028-0500	DEBUG	protocol/handler.go:596	round already finalized
2025-08-15T22:13:21.028-0500	DEBUG	protocol/handler.go:581	tryAdvanceRound called	{"{current_round 20 3  <nil>}": {"Key":"self","Type":15,"Integer":0,"String":"a","Interface":null}}
2025-08-15T22:13:21.028-0500	DEBUG	protocol/handler.go:1591	have processed broadcast	{"{round 20 3  <nil>}": {"Key":"from","Type":15,"Integer":0,"String":"b","Interface":null}}
2025-08-15T22:13:21.028-0500	DEBUG	protocol/handler.go:1591	have processed broadcast	{"{round 20 3  <nil>}": {"Key":"from","Type":15,"Integer":0,"String":"c","Interface":null}}
2025-08-15T22:13:21.028-0500	DEBUG	protocol/handler.go:1649	have all messages and processed	{"{round 20 3  <nil>}": {"Key":"self","Type":15,"Integer":0,"String":"a","Interface":null}}
2025-08-15T22:13:21.028-0500	DEBUG	protocol/handler.go:596	round already finalized
2025-08-15T22:13:21.036-0500	DEBUG	protocol/handler.go:581	tryAdvanceRound called	{"{current_round 20 3  <nil>}": {"Key":"self","Type":15,"Integer":0,"String":"b","Interface":null}}
2025-08-15T22:13:21.036-0500	DEBUG	protocol/handler.go:1591	have processed broadcast	{"{round 20 3  <nil>}": {"Key":"from","Type":15,"Integer":0,"String":"a","Interface":null}}
2025-08-15T22:13:21.036-0500	DEBUG	protocol/handler.go:1591	have processed broadcast	{"{round 20 3  <nil>}": {"Key":"from","Type":15,"Integer":0,"String":"c","Interface":null}}
2025-08-15T22:13:21.036-0500	DEBUG	protocol/handler.go:1649	have all messages and processed	{"{round 20 3  <nil>}": {"Key":"self","Type":15,"Integer":0,"String":"b","Interface":null}}
2025-08-15T22:13:21.036-0500	DEBUG	protocol/handler.go:596	round already finalized
2025-08-15T22:13:21.047-0500	DEBUG	protocol/handler.go:581	tryAdvanceRound called	{"{current_round 20 3  <nil>}": {"Key":"self","Type":15,"Integer":0,"String":"a","Interface":null}}
2025-08-15T22:13:21.047-0500	DEBUG	protocol/handler.go:1591	have processed broadcast	{"{round 20 3  <nil>}": {"Key":"from","Type":15,"Integer":0,"String":"b","Interface":null}}
2025-08-15T22:13:21.047-0500	DEBUG	protocol/handler.go:1591	have processed broadcast	{"{round 20 3  <nil>}": {"Key":"from","Type":15,"Integer":0,"String":"c","Interface":null}}
2025-08-15T22:13:21.047-0500	DEBUG	protocol/handler.go:1649	have all messages and processed	{"{round 20 3  <nil>}": {"Key":"self","Type":15,"Integer":0,"String":"a","Interface":null}}
2025-08-15T22:13:21.054-0500	DEBUG	protocol/handler.go:596	round already finalized
2025-08-15T22:13:21.070-0500	DEBUG	protocol/handler.go:581	tryAdvanceRound called	{"{current_round 20 3  <nil>}": {"Key":"self","Type":15,"Integer":0,"String":"c","Interface":null}}
2025-08-15T22:13:21.073-0500	DEBUG	protocol/handler.go:1591	have processed broadcast	{"{round 20 3  <nil>}": {"Key":"from","Type":15,"Integer":0,"String":"a","Interface":null}}
2025-08-15T22:13:21.073-0500	DEBUG	protocol/handler.go:1591	have processed broadcast	{"{round 20 3  <nil>}": {"Key":"from","Type":15,"Integer":0,"String":"b","Interface":null}}
2025-08-15T22:13:21.073-0500	DEBUG	protocol/handler.go:1649	have all messages and processed	{"{round 20 3  <nil>}": {"Key":"self","Type":15,"Integer":0,"String":"c","Interface":null}}
2025-08-15T22:13:21.073-0500	DEBUG	protocol/handler.go:596	round already finalized
2025-08-15T22:13:21.073-0500	DEBUG	protocol/handler.go:581	tryAdvanceRound called	{"{current_round 20 3  <nil>}": {"Key":"self","Type":15,"Integer":0,"String":"c","Interface":null}}
2025-08-15T22:13:21.073-0500	DEBUG	protocol/handler.go:1591	have processed broadcast	{"{round 20 3  <nil>}": {"Key":"from","Type":15,"Integer":0,"String":"a","Interface":null}}
2025-08-15T22:13:21.076-0500	DEBUG	protocol/handler.go:581	tryAdvanceRound called	{"{current_round 20 3  <nil>}": {"Key":"self","Type":15,"Integer":0,"String":"b","Interface":null}}
2025-08-15T22:13:21.073-0500	DEBUG	protocol/handler.go:1591	have processed broadcast	{"{round 20 3  <nil>}": {"Key":"from","Type":15,"Integer":0,"String":"b","Interface":null}}
2025-08-15T22:13:21.077-0500	DEBUG	protocol/handler.go:1649	have all messages and processed	{"{round 20 3  <nil>}": {"Key":"self","Type":15,"Integer":0,"String":"c","Interface":null}}
2025-08-15T22:13:21.078-0500	DEBUG	protocol/handler.go:596	round already finalized
2025-08-15T22:13:21.078-0500	DEBUG	protocol/handler.go:581	tryAdvanceRound called	{"{current_round 20 3  <nil>}": {"Key":"self","Type":15,"Integer":0,"String":"a","Interface":null}}
2025-08-15T22:13:21.078-0500	DEBUG	protocol/handler.go:1591	have processed broadcast	{"{round 20 3  <nil>}": {"Key":"from","Type":15,"Integer":0,"String":"b","Interface":null}}
2025-08-15T22:13:21.078-0500	DEBUG	protocol/handler.go:1591	have processed broadcast	{"{round 20 3  <nil>}": {"Key":"from","Type":15,"Integer":0,"String":"c","Interface":null}}
2025-08-15T22:13:21.080-0500	DEBUG	protocol/handler.go:1591	have processed broadcast	{"{round 20 3  <nil>}": {"Key":"from","Type":15,"Integer":0,"String":"a","Interface":null}}
2025-08-15T22:13:21.080-0500	DEBUG	protocol/handler.go:1591	have processed broadcast	{"{round 20 3  <nil>}": {"Key":"from","Type":15,"Integer":0,"String":"c","Interface":null}}
2025-08-15T22:13:21.080-0500	DEBUG	protocol/handler.go:1649	have all messages and processed	{"{round 20 3  <nil>}": {"Key":"self","Type":15,"Integer":0,"String":"b","Interface":null}}
2025-08-15T22:13:21.080-0500	DEBUG	protocol/handler.go:596	round already finalized
2025-08-15T22:13:21.080-0500	DEBUG	protocol/handler.go:581	tryAdvanceRound called	{"{current_round 20 3  <nil>}": {"Key":"self","Type":15,"Integer":0,"String":"b","Interface":null}}
2025-08-15T22:13:21.078-0500	DEBUG	protocol/handler.go:1649	have all messages and processed	{"{round 20 3  <nil>}": {"Key":"self","Type":15,"Integer":0,"String":"a","Interface":null}}
2025-08-15T22:13:21.084-0500	DEBUG	protocol/handler.go:596	round already finalized
2025-08-15T22:13:21.084-0500	DEBUG	protocol/handler.go:581	tryAdvanceRound called	{"{current_round 20 3  <nil>}": {"Key":"self","Type":15,"Integer":0,"String":"a","Interface":null}}
2025-08-15T22:13:21.084-0500	DEBUG	protocol/handler.go:1591	have processed broadcast	{"{round 20 3  <nil>}": {"Key":"from","Type":15,"Integer":0,"String":"a","Interface":null}}
2025-08-15T22:13:21.084-0500	DEBUG	protocol/handler.go:1591	have processed broadcast	{"{round 20 3  <nil>}": {"Key":"from","Type":15,"Integer":0,"String":"c","Interface":null}}
2025-08-15T22:13:21.084-0500	DEBUG	protocol/handler.go:1649	have all messages and processed	{"{round 20 3  <nil>}": {"Key":"self","Type":15,"Integer":0,"String":"b","Interface":null}}
2025-08-15T22:13:21.084-0500	DEBUG	protocol/handler.go:596	round already finalized
2025-08-15T22:13:21.085-0500	DEBUG	protocol/handler.go:1591	have processed broadcast	{"{round 20 3  <nil>}": {"Key":"from","Type":15,"Integer":0,"String":"b","Interface":null}}
2025-08-15T22:13:21.085-0500	DEBUG	protocol/handler.go:1591	have processed broadcast	{"{round 20 3  <nil>}": {"Key":"from","Type":15,"Integer":0,"String":"c","Interface":null}}
2025-08-15T22:13:21.085-0500	DEBUG	protocol/handler.go:1649	have all messages and processed	{"{round 20 3  <nil>}": {"Key":"self","Type":15,"Integer":0,"String":"a","Interface":null}}
2025-08-15T22:13:21.085-0500	DEBUG	protocol/handler.go:596	round already finalized
2025-08-15T22:13:21.085-0500	DEBUG	protocol/handler.go:581	tryAdvanceRound called	{"{current_round 20 3  <nil>}": {"Key":"self","Type":15,"Integer":0,"String":"c","Interface":null}}
2025-08-15T22:13:21.085-0500	DEBUG	protocol/handler.go:1591	have processed broadcast	{"{round 20 3  <nil>}": {"Key":"from","Type":15,"Integer":0,"String":"a","Interface":null}}
2025-08-15T22:13:21.085-0500	DEBUG	protocol/handler.go:1591	have processed broadcast	{"{round 20 3  <nil>}": {"Key":"from","Type":15,"Integer":0,"String":"b","Interface":null}}
2025-08-15T22:13:21.085-0500	DEBUG	protocol/handler.go:1649	have all messages and processed	{"{round 20 3  <nil>}": {"Key":"self","Type":15,"Integer":0,"String":"c","Interface":null}}
2025-08-15T22:13:21.085-0500	DEBUG	protocol/handler.go:596	round already finalized
2025-08-15T22:13:21.085-0500	DEBUG	protocol/handler.go:581	tryAdvanceRound called	{"{current_round 20 3  <nil>}": {"Key":"self","Type":15,"Integer":0,"String":"c","Interface":null}}
2025-08-15T22:13:21.085-0500	DEBUG	protocol/handler.go:1591	have processed broadcast	{"{round 20 3  <nil>}": {"Key":"from","Type":15,"Integer":0,"String":"a","Interface":null}}
2025-08-15T22:13:21.085-0500	DEBUG	protocol/handler.go:581	tryAdvanceRound called	{"{current_round 20 3  <nil>}": {"Key":"self","Type":15,"Integer":0,"String":"b","Interface":null}}
2025-08-15T22:13:21.087-0500	DEBUG	protocol/handler.go:1591	have processed broadcast	{"{round 20 3  <nil>}": {"Key":"from","Type":15,"Integer":0,"String":"a","Interface":null}}
2025-08-15T22:13:21.085-0500	DEBUG	protocol/handler.go:1591	have processed broadcast	{"{round 20 3  <nil>}": {"Key":"from","Type":15,"Integer":0,"String":"b","Interface":null}}
2025-08-15T22:13:21.087-0500	DEBUG	protocol/handler.go:1591	have processed broadcast	{"{round 20 3  <nil>}": {"Key":"from","Type":15,"Integer":0,"String":"c","Interface":null}}
2025-08-15T22:13:21.087-0500	DEBUG	protocol/handler.go:1649	have all messages and processed	{"{round 20 3  <nil>}": {"Key":"self","Type":15,"Integer":0,"String":"c","Interface":null}}
2025-08-15T22:13:21.087-0500	DEBUG	protocol/handler.go:596	round already finalized
2025-08-15T22:13:21.087-0500	DEBUG	protocol/handler.go:581	tryAdvanceRound called	{"{current_round 20 3  <nil>}": {"Key":"self","Type":15,"Integer":0,"String":"a","Interface":null}}
2025-08-15T22:13:21.087-0500	DEBUG	protocol/handler.go:1591	have processed broadcast	{"{round 20 3  <nil>}": {"Key":"from","Type":15,"Integer":0,"String":"b","Interface":null}}
2025-08-15T22:13:21.087-0500	DEBUG	protocol/handler.go:1591	have processed broadcast	{"{round 20 3  <nil>}": {"Key":"from","Type":15,"Integer":0,"String":"c","Interface":null}}
2025-08-15T22:13:21.087-0500	DEBUG	protocol/handler.go:1649	have all messages and processed	{"{round 20 3  <nil>}": {"Key":"self","Type":15,"Integer":0,"String":"a","Interface":null}}
2025-08-15T22:13:21.087-0500	DEBUG	protocol/handler.go:596	round already finalized
2025-08-15T22:13:21.087-0500	DEBUG	protocol/handler.go:1649	have all messages and processed	{"{round 20 3  <nil>}": {"Key":"self","Type":15,"Integer":0,"String":"b","Interface":null}}
2025-08-15T22:13:21.089-0500	DEBUG	protocol/handler.go:596	round already finalized
2025-08-15T22:13:21.125-0500	DEBUG	protocol/handler.go:581	tryAdvanceRound called	{"{current_round 20 3  <nil>}": {"Key":"self","Type":15,"Integer":0,"String":"a","Interface":null}}
2025-08-15T22:13:21.125-0500	DEBUG	protocol/handler.go:1591	have processed broadcast	{"{round 20 3  <nil>}": {"Key":"from","Type":15,"Integer":0,"String":"b","Interface":null}}
2025-08-15T22:13:21.125-0500	DEBUG	protocol/handler.go:1591	have processed broadcast	{"{round 20 3  <nil>}": {"Key":"from","Type":15,"Integer":0,"String":"c","Interface":null}}
2025-08-15T22:13:21.125-0500	DEBUG	protocol/handler.go:1649	have all messages and processed	{"{round 20 3  <nil>}": {"Key":"self","Type":15,"Integer":0,"String":"a","Interface":null}}
2025-08-15T22:13:21.129-0500	DEBUG	protocol/handler.go:596	round already finalized
2025-08-15T22:13:21.137-0500	DEBUG	protocol/handler.go:581	tryAdvanceRound called	{"{current_round 20 3  <nil>}": {"Key":"self","Type":15,"Integer":0,"String":"b","Interface":null}}
2025-08-15T22:13:21.144-0500	DEBUG	protocol/handler.go:1591	have processed broadcast	{"{round 20 3  <nil>}": {"Key":"from","Type":15,"Integer":0,"String":"a","Interface":null}}
2025-08-15T22:13:21.144-0500	DEBUG	protocol/handler.go:1591	have processed broadcast	{"{round 20 3  <nil>}": {"Key":"from","Type":15,"Integer":0,"String":"c","Interface":null}}
2025-08-15T22:13:21.144-0500	DEBUG	protocol/handler.go:1649	have all messages and processed	{"{round 20 3  <nil>}": {"Key":"self","Type":15,"Integer":0,"String":"b","Interface":null}}
2025-08-15T22:13:21.144-0500	DEBUG	protocol/handler.go:596	round already finalized
2025-08-15T22:13:21.144-0500	DEBUG	protocol/handler.go:581	tryAdvanceRound called	{"{current_round 20 3  <nil>}": {"Key":"self","Type":15,"Integer":0,"String":"b","Interface":null}}
2025-08-15T22:13:21.144-0500	DEBUG	protocol/handler.go:1591	have processed broadcast	{"{round 20 3  <nil>}": {"Key":"from","Type":15,"Integer":0,"String":"a","Interface":null}}
2025-08-15T22:13:21.144-0500	DEBUG	protocol/handler.go:1591	have processed broadcast	{"{round 20 3  <nil>}": {"Key":"from","Type":15,"Integer":0,"String":"c","Interface":null}}
2025-08-15T22:13:21.144-0500	DEBUG	protocol/handler.go:1649	have all messages and processed	{"{round 20 3  <nil>}": {"Key":"self","Type":15,"Integer":0,"String":"b","Interface":null}}
2025-08-15T22:13:21.144-0500	DEBUG	protocol/handler.go:596	round already finalized
2025-08-15T22:13:21.144-0500	DEBUG	protocol/handler.go:581	tryAdvanceRound called	{"{current_round 20 3  <nil>}": {"Key":"self","Type":15,"Integer":0,"String":"b","Interface":null}}
2025-08-15T22:13:21.144-0500	DEBUG	protocol/handler.go:1591	have processed broadcast	{"{round 20 3  <nil>}": {"Key":"from","Type":15,"Integer":0,"String":"a","Interface":null}}
2025-08-15T22:13:21.144-0500	DEBUG	protocol/handler.go:1591	have processed broadcast	{"{round 20 3  <nil>}": {"Key":"from","Type":15,"Integer":0,"String":"c","Interface":null}}
2025-08-15T22:13:21.144-0500	DEBUG	protocol/handler.go:1649	have all messages and processed	{"{round 20 3  <nil>}": {"Key":"self","Type":15,"Integer":0,"String":"b","Interface":null}}
2025-08-15T22:13:21.144-0500	DEBUG	protocol/handler.go:596	round already finalized
2025-08-15T22:13:21.164-0500	DEBUG	protocol/handler.go:581	tryAdvanceRound called	{"{current_round 20 3  <nil>}": {"Key":"self","Type":15,"Integer":0,"String":"c","Interface":null}}
2025-08-15T22:13:21.165-0500	DEBUG	protocol/handler.go:1591	have processed broadcast	{"{round 20 3  <nil>}": {"Key":"from","Type":15,"Integer":0,"String":"a","Interface":null}}
2025-08-15T22:13:21.165-0500	DEBUG	protocol/handler.go:1591	have processed broadcast	{"{round 20 3  <nil>}": {"Key":"from","Type":15,"Integer":0,"String":"b","Interface":null}}
2025-08-15T22:13:21.165-0500	DEBUG	protocol/handler.go:1649	have all messages and processed	{"{round 20 3  <nil>}": {"Key":"self","Type":15,"Integer":0,"String":"c","Interface":null}}
2025-08-15T22:13:21.165-0500	DEBUG	protocol/handler.go:596	round already finalized
2025-08-15T22:13:21.165-0500	DEBUG	protocol/handler.go:581	tryAdvanceRound called	{"{current_round 20 3  <nil>}": {"Key":"self","Type":15,"Integer":0,"String":"c","Interface":null}}
2025-08-15T22:13:21.165-0500	DEBUG	protocol/handler.go:1591	have processed broadcast	{"{round 20 3  <nil>}": {"Key":"from","Type":15,"Integer":0,"String":"a","Interface":null}}
2025-08-15T22:13:21.165-0500	DEBUG	protocol/handler.go:1591	have processed broadcast	{"{round 20 3  <nil>}": {"Key":"from","Type":15,"Integer":0,"String":"b","Interface":null}}
2025-08-15T22:13:21.165-0500	DEBUG	protocol/handler.go:1649	have all messages and processed	{"{round 20 3  <nil>}": {"Key":"self","Type":15,"Integer":0,"String":"c","Interface":null}}
2025-08-15T22:13:21.165-0500	DEBUG	protocol/handler.go:596	round already finalized
2025-08-15T22:13:21.184-0500	DEBUG	protocol/handler.go:581	tryAdvanceRound called	{"{current_round 20 3  <nil>}": {"Key":"self","Type":15,"Integer":0,"String":"b","Interface":null}}
2025-08-15T22:13:21.184-0500	DEBUG	protocol/handler.go:1591	have processed broadcast	{"{round 20 3  <nil>}": {"Key":"from","Type":15,"Integer":0,"String":"a","Interface":null}}
2025-08-15T22:13:21.184-0500	DEBUG	protocol/handler.go:1591	have processed broadcast	{"{round 20 3  <nil>}": {"Key":"from","Type":15,"Integer":0,"String":"c","Interface":null}}
2025-08-15T22:13:21.184-0500	DEBUG	protocol/handler.go:581	tryAdvanceRound called	{"{current_round 20 3  <nil>}": {"Key":"self","Type":15,"Integer":0,"String":"c","Interface":null}}
2025-08-15T22:13:21.184-0500	DEBUG	protocol/handler.go:1649	have all messages and processed	{"{round 20 3  <nil>}": {"Key":"self","Type":15,"Integer":0,"String":"b","Interface":null}}
2025-08-15T22:13:21.184-0500	DEBUG	protocol/handler.go:596	round already finalized
2025-08-15T22:13:21.184-0500	DEBUG	protocol/handler.go:1591	have processed broadcast	{"{round 20 3  <nil>}": {"Key":"from","Type":15,"Integer":0,"String":"a","Interface":null}}
2025-08-15T22:13:21.184-0500	DEBUG	protocol/handler.go:581	tryAdvanceRound called	{"{current_round 20 3  <nil>}": {"Key":"self","Type":15,"Integer":0,"String":"b","Interface":null}}
2025-08-15T22:13:21.184-0500	DEBUG	protocol/handler.go:1591	have processed broadcast	{"{round 20 3  <nil>}": {"Key":"from","Type":15,"Integer":0,"String":"b","Interface":null}}
2025-08-15T22:13:21.184-0500	DEBUG	protocol/handler.go:1591	have processed broadcast	{"{round 20 3  <nil>}": {"Key":"from","Type":15,"Integer":0,"String":"a","Interface":null}}
2025-08-15T22:13:21.184-0500	DEBUG	protocol/handler.go:1649	have all messages and processed	{"{round 20 3  <nil>}": {"Key":"self","Type":15,"Integer":0,"String":"c","Interface":null}}
2025-08-15T22:13:21.184-0500	DEBUG	protocol/handler.go:596	round already finalized
2025-08-15T22:13:21.184-0500	DEBUG	protocol/handler.go:1591	have processed broadcast	{"{round 20 3  <nil>}": {"Key":"from","Type":15,"Integer":0,"String":"c","Interface":null}}
2025-08-15T22:13:21.185-0500	DEBUG	protocol/handler.go:1649	have all messages and processed	{"{round 20 3  <nil>}": {"Key":"self","Type":15,"Integer":0,"String":"b","Interface":null}}
2025-08-15T22:13:21.185-0500	DEBUG	protocol/handler.go:596	round already finalized
2025-08-15T22:13:21.206-0500	DEBUG	protocol/handler.go:581	tryAdvanceRound called	{"{current_round 20 3  <nil>}": {"Key":"self","Type":15,"Integer":0,"String":"a","Interface":null}}
2025-08-15T22:13:21.207-0500	DEBUG	protocol/handler.go:581	tryAdvanceRound called	{"{current_round 20 3  <nil>}": {"Key":"self","Type":15,"Integer":0,"String":"c","Interface":null}}
2025-08-15T22:13:21.207-0500	DEBUG	protocol/handler.go:1591	have processed broadcast	{"{round 20 3  <nil>}": {"Key":"from","Type":15,"Integer":0,"String":"a","Interface":null}}
2025-08-15T22:13:21.207-0500	DEBUG	protocol/handler.go:1591	have processed broadcast	{"{round 20 3  <nil>}": {"Key":"from","Type":15,"Integer":0,"String":"b","Interface":null}}
2025-08-15T22:13:21.207-0500	DEBUG	protocol/handler.go:1649	have all messages and processed	{"{round 20 3  <nil>}": {"Key":"self","Type":15,"Integer":0,"String":"c","Interface":null}}
2025-08-15T22:13:21.207-0500	DEBUG	protocol/handler.go:596	round already finalized
2025-08-15T22:13:21.210-0500	DEBUG	protocol/handler.go:1591	have processed broadcast	{"{round 20 3  <nil>}": {"Key":"from","Type":15,"Integer":0,"String":"b","Interface":null}}
2025-08-15T22:13:21.210-0500	DEBUG	protocol/handler.go:1591	have processed broadcast	{"{round 20 3  <nil>}": {"Key":"from","Type":15,"Integer":0,"String":"c","Interface":null}}
2025-08-15T22:13:21.210-0500	DEBUG	protocol/handler.go:1649	have all messages and processed	{"{round 20 3  <nil>}": {"Key":"self","Type":15,"Integer":0,"String":"a","Interface":null}}
2025-08-15T22:13:21.210-0500	DEBUG	protocol/handler.go:596	round already finalized
2025-08-15T22:13:21.210-0500	DEBUG	protocol/handler.go:581	tryAdvanceRound called	{"{current_round 20 3  <nil>}": {"Key":"self","Type":15,"Integer":0,"String":"a","Interface":null}}
2025-08-15T22:13:21.210-0500	DEBUG	protocol/handler.go:1591	have processed broadcast	{"{round 20 3  <nil>}": {"Key":"from","Type":15,"Integer":0,"String":"b","Interface":null}}
2025-08-15T22:13:21.210-0500	DEBUG	protocol/handler.go:1591	have processed broadcast	{"{round 20 3  <nil>}": {"Key":"from","Type":15,"Integer":0,"String":"c","Interface":null}}
2025-08-15T22:13:21.210-0500	DEBUG	protocol/handler.go:1649	have all messages and processed	{"{round 20 3  <nil>}": {"Key":"self","Type":15,"Integer":0,"String":"a","Interface":null}}
2025-08-15T22:13:21.210-0500	DEBUG	protocol/handler.go:596	round already finalized
2025-08-15T22:13:21.233-0500	DEBUG	protocol/handler.go:581	tryAdvanceRound called	{"{current_round 20 3  <nil>}": {"Key":"self","Type":15,"Integer":0,"String":"a","Interface":null}}
2025-08-15T22:13:21.233-0500	DEBUG	protocol/handler.go:1591	have processed broadcast	{"{round 20 3  <nil>}": {"Key":"from","Type":15,"Integer":0,"String":"b","Interface":null}}
2025-08-15T22:13:21.233-0500	DEBUG	protocol/handler.go:1591	have processed broadcast	{"{round 20 3  <nil>}": {"Key":"from","Type":15,"Integer":0,"String":"c","Interface":null}}
2025-08-15T22:13:21.233-0500	DEBUG	protocol/handler.go:1649	have all messages and processed	{"{round 20 3  <nil>}": {"Key":"self","Type":15,"Integer":0,"String":"a","Interface":null}}
2025-08-15T22:13:21.233-0500	DEBUG	protocol/handler.go:596	round already finalized
2025-08-15T22:13:21.244-0500	DEBUG	protocol/handler.go:581	tryAdvanceRound called	{"{current_round 20 3  <nil>}": {"Key":"self","Type":15,"Integer":0,"String":"b","Interface":null}}
2025-08-15T22:13:21.254-0500	DEBUG	protocol/handler.go:581	tryAdvanceRound called	{"{current_round 20 3  <nil>}": {"Key":"self","Type":15,"Integer":0,"String":"c","Interface":null}}
2025-08-15T22:13:21.252-0500	DEBUG	protocol/handler.go:581	tryAdvanceRound called	{"{current_round 20 3  <nil>}": {"Key":"self","Type":15,"Integer":0,"String":"a","Interface":null}}
2025-08-15T22:13:21.253-0500	DEBUG	protocol/handler.go:1591	have processed broadcast	{"{round 20 3  <nil>}": {"Key":"from","Type":15,"Integer":0,"String":"a","Interface":null}}
2025-08-15T22:13:21.255-0500	DEBUG	protocol/handler.go:1591	have processed broadcast	{"{round 20 3  <nil>}": {"Key":"from","Type":15,"Integer":0,"String":"c","Interface":null}}
2025-08-15T22:13:21.255-0500	DEBUG	protocol/handler.go:1649	have all messages and processed	{"{round 20 3  <nil>}": {"Key":"self","Type":15,"Integer":0,"String":"b","Interface":null}}
2025-08-15T22:13:21.255-0500	DEBUG	protocol/handler.go:596	round already finalized
2025-08-15T22:13:21.255-0500	DEBUG	protocol/handler.go:581	tryAdvanceRound called	{"{current_round 20 3  <nil>}": {"Key":"self","Type":15,"Integer":0,"String":"b","Interface":null}}
2025-08-15T22:13:21.258-0500	DEBUG	protocol/handler.go:1591	have processed broadcast	{"{round 20 3  <nil>}": {"Key":"from","Type":15,"Integer":0,"String":"a","Interface":null}}
2025-08-15T22:13:21.258-0500	DEBUG	protocol/handler.go:1591	have processed broadcast	{"{round 20 3  <nil>}": {"Key":"from","Type":15,"Integer":0,"String":"c","Interface":null}}
2025-08-15T22:13:21.258-0500	DEBUG	protocol/handler.go:1649	have all messages and processed	{"{round 20 3  <nil>}": {"Key":"self","Type":15,"Integer":0,"String":"b","Interface":null}}
2025-08-15T22:13:21.258-0500	DEBUG	protocol/handler.go:596	round already finalized
2025-08-15T22:13:21.256-0500	DEBUG	protocol/handler.go:1591	have processed broadcast	{"{round 20 3  <nil>}": {"Key":"from","Type":15,"Integer":0,"String":"b","Interface":null}}
2025-08-15T22:13:21.258-0500	DEBUG	protocol/handler.go:1591	have processed broadcast	{"{round 20 3  <nil>}": {"Key":"from","Type":15,"Integer":0,"String":"c","Interface":null}}
2025-08-15T22:13:21.258-0500	DEBUG	protocol/handler.go:1649	have all messages and processed	{"{round 20 3  <nil>}": {"Key":"self","Type":15,"Integer":0,"String":"a","Interface":null}}
2025-08-15T22:13:21.258-0500	DEBUG	protocol/handler.go:596	round already finalized
2025-08-15T22:13:21.258-0500	DEBUG	protocol/handler.go:581	tryAdvanceRound called	{"{current_round 20 3  <nil>}": {"Key":"self","Type":15,"Integer":0,"String":"a","Interface":null}}
2025-08-15T22:13:21.258-0500	DEBUG	protocol/handler.go:1591	have processed broadcast	{"{round 20 3  <nil>}": {"Key":"from","Type":15,"Integer":0,"String":"b","Interface":null}}
2025-08-15T22:13:21.258-0500	DEBUG	protocol/handler.go:1591	have processed broadcast	{"{round 20 3  <nil>}": {"Key":"from","Type":15,"Integer":0,"String":"c","Interface":null}}
2025-08-15T22:13:21.258-0500	DEBUG	protocol/handler.go:1649	have all messages and processed	{"{round 20 3  <nil>}": {"Key":"self","Type":15,"Integer":0,"String":"a","Interface":null}}
2025-08-15T22:13:21.262-0500	DEBUG	protocol/handler.go:1591	have processed broadcast	{"{round 20 3  <nil>}": {"Key":"from","Type":15,"Integer":0,"String":"a","Interface":null}}
2025-08-15T22:13:21.344-0500	DEBUG	protocol/handler.go:1591	have processed broadcast	{"{round 20 3  <nil>}": {"Key":"from","Type":15,"Integer":0,"String":"b","Interface":null}}
2025-08-15T22:13:21.344-0500	DEBUG	protocol/handler.go:1649	have all messages and processed	{"{round 20 3  <nil>}": {"Key":"self","Type":15,"Integer":0,"String":"c","Interface":null}}
2025-08-15T22:13:21.344-0500	DEBUG	protocol/handler.go:596	round already finalized
2025-08-15T22:13:21.344-0500	DEBUG	protocol/handler.go:581	tryAdvanceRound called	{"{current_round 20 3  <nil>}": {"Key":"self","Type":15,"Integer":0,"String":"c","Interface":null}}
2025-08-15T22:13:21.344-0500	DEBUG	protocol/handler.go:1591	have processed broadcast	{"{round 20 3  <nil>}": {"Key":"from","Type":15,"Integer":0,"String":"a","Interface":null}}
2025-08-15T22:13:21.344-0500	DEBUG	protocol/handler.go:1591	have processed broadcast	{"{round 20 3  <nil>}": {"Key":"from","Type":15,"Integer":0,"String":"b","Interface":null}}
2025-08-15T22:13:21.344-0500	DEBUG	protocol/handler.go:1649	have all messages and processed	{"{round 20 3  <nil>}": {"Key":"self","Type":15,"Integer":0,"String":"c","Interface":null}}
2025-08-15T22:13:21.344-0500	DEBUG	protocol/handler.go:596	round already finalized
2025-08-15T22:13:21.270-0500	DEBUG	protocol/handler.go:581	tryAdvanceRound called	{"{current_round 20 3  <nil>}": {"Key":"self","Type":15,"Integer":0,"String":"b","Interface":null}}
2025-08-15T22:13:21.344-0500	DEBUG	protocol/handler.go:1591	have processed broadcast	{"{round 20 3  <nil>}": {"Key":"from","Type":15,"Integer":0,"String":"a","Interface":null}}
2025-08-15T22:13:21.345-0500	DEBUG	protocol/handler.go:1591	have processed broadcast	{"{round 20 3  <nil>}": {"Key":"from","Type":15,"Integer":0,"String":"c","Interface":null}}
2025-08-15T22:13:21.345-0500	DEBUG	protocol/handler.go:1649	have all messages and processed	{"{round 20 3  <nil>}": {"Key":"self","Type":15,"Integer":0,"String":"b","Interface":null}}
2025-08-15T22:13:21.345-0500	DEBUG	protocol/handler.go:596	round already finalized
2025-08-15T22:13:21.345-0500	DEBUG	protocol/handler.go:581	tryAdvanceRound called	{"{current_round 20 3  <nil>}": {"Key":"self","Type":15,"Integer":0,"String":"b","Interface":null}}
2025-08-15T22:13:21.345-0500	DEBUG	protocol/handler.go:1591	have processed broadcast	{"{round 20 3  <nil>}": {"Key":"from","Type":15,"Integer":0,"String":"a","Interface":null}}
2025-08-15T22:13:21.345-0500	DEBUG	protocol/handler.go:1591	have processed broadcast	{"{round 20 3  <nil>}": {"Key":"from","Type":15,"Integer":0,"String":"c","Interface":null}}
2025-08-15T22:13:21.345-0500	DEBUG	protocol/handler.go:1649	have all messages and processed	{"{round 20 3  <nil>}": {"Key":"self","Type":15,"Integer":0,"String":"b","Interface":null}}
2025-08-15T22:13:21.345-0500	DEBUG	protocol/handler.go:596	round already finalized
2025-08-15T22:13:21.258-0500	DEBUG	protocol/handler.go:596	round already finalized
2025-08-15T22:13:21.346-0500	DEBUG	protocol/handler.go:581	tryAdvanceRound called	{"{current_round 20 3  <nil>}": {"Key":"self","Type":15,"Integer":0,"String":"a","Interface":null}}
2025-08-15T22:13:21.346-0500	DEBUG	protocol/handler.go:1591	have processed broadcast	{"{round 20 3  <nil>}": {"Key":"from","Type":15,"Integer":0,"String":"b","Interface":null}}
2025-08-15T22:13:21.346-0500	DEBUG	protocol/handler.go:1591	have processed broadcast	{"{round 20 3  <nil>}": {"Key":"from","Type":15,"Integer":0,"String":"c","Interface":null}}
2025-08-15T22:13:21.346-0500	DEBUG	protocol/handler.go:1649	have all messages and processed	{"{round 20 3  <nil>}": {"Key":"self","Type":15,"Integer":0,"String":"a","Interface":null}}
2025-08-15T22:13:21.346-0500	DEBUG	protocol/handler.go:596	round already finalized
2025-08-15T22:13:21.346-0500	DEBUG	protocol/handler.go:581	tryAdvanceRound called	{"{current_round 20 3  <nil>}": {"Key":"self","Type":15,"Integer":0,"String":"a","Interface":null}}
2025-08-15T22:13:21.356-0500	DEBUG	protocol/handler.go:1591	have processed broadcast	{"{round 20 3  <nil>}": {"Key":"from","Type":15,"Integer":0,"String":"b","Interface":null}}
2025-08-15T22:13:21.356-0500	DEBUG	protocol/handler.go:1591	have processed broadcast	{"{round 20 3  <nil>}": {"Key":"from","Type":15,"Integer":0,"String":"c","Interface":null}}
2025-08-15T22:13:21.356-0500	DEBUG	protocol/handler.go:1649	have all messages and processed	{"{round 20 3  <nil>}": {"Key":"self","Type":15,"Integer":0,"String":"a","Interface":null}}
2025-08-15T22:13:21.356-0500	DEBUG	protocol/handler.go:596	round already finalized
2025-08-15T22:13:21.379-0500	DEBUG	protocol/handler.go:581	tryAdvanceRound called	{"{current_round 20 3  <nil>}": {"Key":"self","Type":15,"Integer":0,"String":"a","Interface":null}}
2025-08-15T22:13:21.388-0500	DEBUG	protocol/handler.go:1591	have processed broadcast	{"{round 20 3  <nil>}": {"Key":"from","Type":15,"Integer":0,"String":"b","Interface":null}}
2025-08-15T22:13:21.388-0500	DEBUG	protocol/handler.go:1591	have processed broadcast	{"{round 20 3  <nil>}": {"Key":"from","Type":15,"Integer":0,"String":"c","Interface":null}}
2025-08-15T22:13:21.388-0500	DEBUG	protocol/handler.go:1649	have all messages and processed	{"{round 20 3  <nil>}": {"Key":"self","Type":15,"Integer":0,"String":"a","Interface":null}}
2025-08-15T22:13:21.389-0500	DEBUG	protocol/handler.go:581	tryAdvanceRound called	{"{current_round 20 3  <nil>}": {"Key":"self","Type":15,"Integer":0,"String":"c","Interface":null}}
2025-08-15T22:13:21.389-0500	DEBUG	protocol/handler.go:1591	have processed broadcast	{"{round 20 3  <nil>}": {"Key":"from","Type":15,"Integer":0,"String":"a","Interface":null}}
2025-08-15T22:13:21.390-0500	DEBUG	protocol/handler.go:1591	have processed broadcast	{"{round 20 3  <nil>}": {"Key":"from","Type":15,"Integer":0,"String":"b","Interface":null}}
2025-08-15T22:13:21.390-0500	DEBUG	protocol/handler.go:1649	have all messages and processed	{"{round 20 3  <nil>}": {"Key":"self","Type":15,"Integer":0,"String":"c","Interface":null}}
2025-08-15T22:13:21.390-0500	DEBUG	protocol/handler.go:596	round already finalized
2025-08-15T22:13:21.390-0500	DEBUG	protocol/handler.go:581	tryAdvanceRound called	{"{current_round 20 3  <nil>}": {"Key":"self","Type":15,"Integer":0,"String":"c","Interface":null}}
2025-08-15T22:13:21.390-0500	DEBUG	protocol/handler.go:1591	have processed broadcast	{"{round 20 3  <nil>}": {"Key":"from","Type":15,"Integer":0,"String":"a","Interface":null}}
2025-08-15T22:13:21.390-0500	DEBUG	protocol/handler.go:1591	have processed broadcast	{"{round 20 3  <nil>}": {"Key":"from","Type":15,"Integer":0,"String":"b","Interface":null}}
2025-08-15T22:13:21.390-0500	DEBUG	protocol/handler.go:1649	have all messages and processed	{"{round 20 3  <nil>}": {"Key":"self","Type":15,"Integer":0,"String":"c","Interface":null}}
2025-08-15T22:13:21.390-0500	DEBUG	protocol/handler.go:596	round already finalized
2025-08-15T22:13:21.390-0500	DEBUG	protocol/handler.go:581	tryAdvanceRound called	{"{current_round 20 3  <nil>}": {"Key":"self","Type":15,"Integer":0,"String":"b","Interface":null}}
2025-08-15T22:13:21.390-0500	DEBUG	protocol/handler.go:1591	have processed broadcast	{"{round 20 3  <nil>}": {"Key":"from","Type":15,"Integer":0,"String":"a","Interface":null}}
2025-08-15T22:13:21.390-0500	DEBUG	protocol/handler.go:1591	have processed broadcast	{"{round 20 3  <nil>}": {"Key":"from","Type":15,"Integer":0,"String":"c","Interface":null}}
2025-08-15T22:13:21.390-0500	DEBUG	protocol/handler.go:1649	have all messages and processed	{"{round 20 3  <nil>}": {"Key":"self","Type":15,"Integer":0,"String":"b","Interface":null}}
2025-08-15T22:13:21.390-0500	DEBUG	protocol/handler.go:596	round already finalized
2025-08-15T22:13:21.390-0500	DEBUG	protocol/handler.go:581	tryAdvanceRound called	{"{current_round 20 3  <nil>}": {"Key":"self","Type":15,"Integer":0,"String":"b","Interface":null}}
2025-08-15T22:13:21.390-0500	DEBUG	protocol/handler.go:1591	have processed broadcast	{"{round 20 3  <nil>}": {"Key":"from","Type":15,"Integer":0,"String":"a","Interface":null}}
2025-08-15T22:13:21.390-0500	DEBUG	protocol/handler.go:1591	have processed broadcast	{"{round 20 3  <nil>}": {"Key":"from","Type":15,"Integer":0,"String":"c","Interface":null}}
2025-08-15T22:13:21.390-0500	DEBUG	protocol/handler.go:1649	have all messages and processed	{"{round 20 3  <nil>}": {"Key":"self","Type":15,"Integer":0,"String":"b","Interface":null}}
2025-08-15T22:13:21.390-0500	DEBUG	protocol/handler.go:596	round already finalized
2025-08-15T22:13:21.390-0500	DEBUG	protocol/handler.go:581	tryAdvanceRound called	{"{current_round 20 3  <nil>}": {"Key":"self","Type":15,"Integer":0,"String":"b","Interface":null}}
2025-08-15T22:13:21.390-0500	DEBUG	protocol/handler.go:1591	have processed broadcast	{"{round 20 3  <nil>}": {"Key":"from","Type":15,"Integer":0,"String":"a","Interface":null}}
2025-08-15T22:13:21.390-0500	DEBUG	protocol/handler.go:1591	have processed broadcast	{"{round 20 3  <nil>}": {"Key":"from","Type":15,"Integer":0,"String":"c","Interface":null}}
2025-08-15T22:13:21.390-0500	DEBUG	protocol/handler.go:1649	have all messages and processed	{"{round 20 3  <nil>}": {"Key":"self","Type":15,"Integer":0,"String":"b","Interface":null}}
2025-08-15T22:13:21.390-0500	DEBUG	protocol/handler.go:596	round already finalized
2025-08-15T22:13:21.388-0500	DEBUG	protocol/handler.go:596	round already finalized
2025-08-15T22:13:21.428-0500	DEBUG	protocol/handler.go:581	tryAdvanceRound called	{"{current_round 20 3  <nil>}": {"Key":"self","Type":15,"Integer":0,"String":"a","Interface":null}}
2025-08-15T22:13:21.429-0500	DEBUG	protocol/handler.go:1591	have processed broadcast	{"{round 20 3  <nil>}": {"Key":"from","Type":15,"Integer":0,"String":"b","Interface":null}}
2025-08-15T22:13:21.429-0500	DEBUG	protocol/handler.go:1591	have processed broadcast	{"{round 20 3  <nil>}": {"Key":"from","Type":15,"Integer":0,"String":"c","Interface":null}}
2025-08-15T22:13:21.429-0500	DEBUG	protocol/handler.go:1649	have all messages and processed	{"{round 20 3  <nil>}": {"Key":"self","Type":15,"Integer":0,"String":"a","Interface":null}}
2025-08-15T22:13:21.429-0500	DEBUG	protocol/handler.go:596	round already finalized
2025-08-15T22:13:21.451-0500	DEBUG	protocol/handler.go:581	tryAdvanceRound called	{"{current_round 20 3  <nil>}": {"Key":"self","Type":15,"Integer":0,"String":"a","Interface":null}}
2025-08-15T22:13:21.451-0500	DEBUG	protocol/handler.go:1591	have processed broadcast	{"{round 20 3  <nil>}": {"Key":"from","Type":15,"Integer":0,"String":"b","Interface":null}}
2025-08-15T22:13:21.451-0500	DEBUG	protocol/handler.go:1591	have processed broadcast	{"{round 20 3  <nil>}": {"Key":"from","Type":15,"Integer":0,"String":"c","Interface":null}}
2025-08-15T22:13:21.452-0500	DEBUG	protocol/handler.go:1649	have all messages and processed	{"{round 20 3  <nil>}": {"Key":"self","Type":15,"Integer":0,"String":"a","Interface":null}}
2025-08-15T22:13:21.469-0500	DEBUG	protocol/handler.go:596	round already finalized
2025-08-15T22:13:21.469-0500	DEBUG	protocol/handler.go:581	tryAdvanceRound called	{"{current_round 20 3  <nil>}": {"Key":"self","Type":15,"Integer":0,"String":"a","Interface":null}}
2025-08-15T22:13:21.469-0500	DEBUG	protocol/handler.go:1591	have processed broadcast	{"{round 20 3  <nil>}": {"Key":"from","Type":15,"Integer":0,"String":"b","Interface":null}}
2025-08-15T22:13:21.469-0500	DEBUG	protocol/handler.go:1591	have processed broadcast	{"{round 20 3  <nil>}": {"Key":"from","Type":15,"Integer":0,"String":"c","Interface":null}}
2025-08-15T22:13:21.469-0500	DEBUG	protocol/handler.go:1649	have all messages and processed	{"{round 20 3  <nil>}": {"Key":"self","Type":15,"Integer":0,"String":"a","Interface":null}}
2025-08-15T22:13:21.469-0500	DEBUG	protocol/handler.go:596	round already finalized
2025-08-15T22:13:21.467-0500	DEBUG	protocol/handler.go:581	tryAdvanceRound called	{"{current_round 20 3  <nil>}": {"Key":"self","Type":15,"Integer":0,"String":"c","Interface":null}}
2025-08-15T22:13:21.470-0500	DEBUG	protocol/handler.go:1591	have processed broadcast	{"{round 20 3  <nil>}": {"Key":"from","Type":15,"Integer":0,"String":"a","Interface":null}}
2025-08-15T22:13:21.470-0500	DEBUG	protocol/handler.go:1591	have processed broadcast	{"{round 20 3  <nil>}": {"Key":"from","Type":15,"Integer":0,"String":"b","Interface":null}}
2025-08-15T22:13:21.470-0500	DEBUG	protocol/handler.go:1649	have all messages and processed	{"{round 20 3  <nil>}": {"Key":"self","Type":15,"Integer":0,"String":"c","Interface":null}}
2025-08-15T22:13:21.470-0500	DEBUG	protocol/handler.go:596	round already finalized
2025-08-15T22:13:21.470-0500	DEBUG	protocol/handler.go:581	tryAdvanceRound called	{"{current_round 20 3  <nil>}": {"Key":"self","Type":15,"Integer":0,"String":"c","Interface":null}}
2025-08-15T22:13:21.470-0500	DEBUG	protocol/handler.go:1591	have processed broadcast	{"{round 20 3  <nil>}": {"Key":"from","Type":15,"Integer":0,"String":"a","Interface":null}}
2025-08-15T22:13:21.470-0500	DEBUG	protocol/handler.go:1591	have processed broadcast	{"{round 20 3  <nil>}": {"Key":"from","Type":15,"Integer":0,"String":"b","Interface":null}}
2025-08-15T22:13:21.470-0500	DEBUG	protocol/handler.go:1649	have all messages and processed	{"{round 20 3  <nil>}": {"Key":"self","Type":15,"Integer":0,"String":"c","Interface":null}}
2025-08-15T22:13:21.470-0500	DEBUG	protocol/handler.go:596	round already finalized
2025-08-15T22:13:21.470-0500	DEBUG	protocol/handler.go:581	tryAdvanceRound called	{"{current_round 20 3  <nil>}": {"Key":"self","Type":15,"Integer":0,"String":"b","Interface":null}}
2025-08-15T22:13:21.470-0500	DEBUG	protocol/handler.go:1591	have processed broadcast	{"{round 20 3  <nil>}": {"Key":"from","Type":15,"Integer":0,"String":"a","Interface":null}}
2025-08-15T22:13:21.470-0500	DEBUG	protocol/handler.go:1591	have processed broadcast	{"{round 20 3  <nil>}": {"Key":"from","Type":15,"Integer":0,"String":"c","Interface":null}}
2025-08-15T22:13:21.470-0500	DEBUG	protocol/handler.go:1649	have all messages and processed	{"{round 20 3  <nil>}": {"Key":"self","Type":15,"Integer":0,"String":"b","Interface":null}}
2025-08-15T22:13:21.475-0500	DEBUG	protocol/handler.go:596	round already finalized
2025-08-15T22:13:21.491-0500	DEBUG	protocol/handler.go:581	tryAdvanceRound called	{"{current_round 20 3  <nil>}": {"Key":"self","Type":15,"Integer":0,"String":"c","Interface":null}}
2025-08-15T22:13:21.514-0500	DEBUG	protocol/handler.go:581	tryAdvanceRound called	{"{current_round 20 3  <nil>}": {"Key":"self","Type":15,"Integer":0,"String":"a","Interface":null}}
2025-08-15T22:13:21.514-0500	DEBUG	protocol/handler.go:1591	have processed broadcast	{"{round 20 3  <nil>}": {"Key":"from","Type":15,"Integer":0,"String":"b","Interface":null}}
2025-08-15T22:13:21.514-0500	DEBUG	protocol/handler.go:1591	have processed broadcast	{"{round 20 3  <nil>}": {"Key":"from","Type":15,"Integer":0,"String":"c","Interface":null}}
2025-08-15T22:13:21.514-0500	DEBUG	protocol/handler.go:1649	have all messages and processed	{"{round 20 3  <nil>}": {"Key":"self","Type":15,"Integer":0,"String":"a","Interface":null}}
2025-08-15T22:13:21.514-0500	DEBUG	protocol/handler.go:596	round already finalized
2025-08-15T22:13:21.514-0500	DEBUG	protocol/handler.go:581	tryAdvanceRound called	{"{current_round 20 3  <nil>}": {"Key":"self","Type":15,"Integer":0,"String":"a","Interface":null}}
2025-08-15T22:13:21.514-0500	DEBUG	protocol/handler.go:1591	have processed broadcast	{"{round 20 3  <nil>}": {"Key":"from","Type":15,"Integer":0,"String":"b","Interface":null}}
2025-08-15T22:13:21.514-0500	DEBUG	protocol/handler.go:1591	have processed broadcast	{"{round 20 3  <nil>}": {"Key":"from","Type":15,"Integer":0,"String":"c","Interface":null}}
2025-08-15T22:13:21.515-0500	DEBUG	protocol/handler.go:1649	have all messages and processed	{"{round 20 3  <nil>}": {"Key":"self","Type":15,"Integer":0,"String":"a","Interface":null}}
2025-08-15T22:13:21.515-0500	DEBUG	protocol/handler.go:596	round already finalized
2025-08-15T22:13:21.545-0500	DEBUG	protocol/handler.go:581	tryAdvanceRound called	{"{current_round 20 3  <nil>}": {"Key":"self","Type":15,"Integer":0,"String":"b","Interface":null}}
2025-08-15T22:13:21.545-0500	DEBUG	protocol/handler.go:1591	have processed broadcast	{"{round 20 3  <nil>}": {"Key":"from","Type":15,"Integer":0,"String":"a","Interface":null}}
2025-08-15T22:13:21.558-0500	DEBUG	protocol/handler.go:1591	have processed broadcast	{"{round 20 3  <nil>}": {"Key":"from","Type":15,"Integer":0,"String":"c","Interface":null}}
2025-08-15T22:13:21.560-0500	DEBUG	protocol/handler.go:1649	have all messages and processed	{"{round 20 3  <nil>}": {"Key":"self","Type":15,"Integer":0,"String":"b","Interface":null}}
2025-08-15T22:13:21.560-0500	DEBUG	protocol/handler.go:596	round already finalized
2025-08-15T22:13:21.560-0500	DEBUG	protocol/handler.go:581	tryAdvanceRound called	{"{current_round 20 3  <nil>}": {"Key":"self","Type":15,"Integer":0,"String":"b","Interface":null}}
2025-08-15T22:13:21.563-0500	DEBUG	protocol/handler.go:1591	have processed broadcast	{"{round 20 3  <nil>}": {"Key":"from","Type":15,"Integer":0,"String":"a","Interface":null}}
2025-08-15T22:13:21.564-0500	DEBUG	protocol/handler.go:1591	have processed broadcast	{"{round 20 3  <nil>}": {"Key":"from","Type":15,"Integer":0,"String":"c","Interface":null}}
2025-08-15T22:13:21.564-0500	DEBUG	protocol/handler.go:1649	have all messages and processed	{"{round 20 3  <nil>}": {"Key":"self","Type":15,"Integer":0,"String":"b","Interface":null}}
2025-08-15T22:13:21.564-0500	DEBUG	protocol/handler.go:596	round already finalized
2025-08-15T22:13:21.567-0500	DEBUG	protocol/handler.go:581	tryAdvanceRound called	{"{current_round 20 3  <nil>}": {"Key":"self","Type":15,"Integer":0,"String":"a","Interface":null}}
2025-08-15T22:13:21.567-0500	DEBUG	protocol/handler.go:1591	have processed broadcast	{"{round 20 3  <nil>}": {"Key":"from","Type":15,"Integer":0,"String":"b","Interface":null}}
2025-08-15T22:13:21.567-0500	DEBUG	protocol/handler.go:1591	have processed broadcast	{"{round 20 3  <nil>}": {"Key":"from","Type":15,"Integer":0,"String":"c","Interface":null}}
2025-08-15T22:13:21.567-0500	DEBUG	protocol/handler.go:1649	have all messages and processed	{"{round 20 3  <nil>}": {"Key":"self","Type":15,"Integer":0,"String":"a","Interface":null}}
2025-08-15T22:13:21.567-0500	DEBUG	protocol/handler.go:596	round already finalized
2025-08-15T22:13:21.567-0500	DEBUG	protocol/handler.go:581	tryAdvanceRound called	{"{current_round 20 3  <nil>}": {"Key":"self","Type":15,"Integer":0,"String":"a","Interface":null}}
2025-08-15T22:13:21.568-0500	DEBUG	protocol/handler.go:1591	have processed broadcast	{"{round 20 3  <nil>}": {"Key":"from","Type":15,"Integer":0,"String":"b","Interface":null}}
2025-08-15T22:13:21.568-0500	DEBUG	protocol/handler.go:1591	have processed broadcast	{"{round 20 3  <nil>}": {"Key":"from","Type":15,"Integer":0,"String":"c","Interface":null}}
2025-08-15T22:13:21.568-0500	DEBUG	protocol/handler.go:1649	have all messages and processed	{"{round 20 3  <nil>}": {"Key":"self","Type":15,"Integer":0,"String":"a","Interface":null}}
2025-08-15T22:13:21.568-0500	DEBUG	protocol/handler.go:596	round already finalized
2025-08-15T22:13:21.588-0500	DEBUG	protocol/handler.go:581	tryAdvanceRound called	{"{current_round 20 3  <nil>}": {"Key":"self","Type":15,"Integer":0,"String":"b","Interface":null}}
2025-08-15T22:13:21.589-0500	DEBUG	protocol/handler.go:1591	have processed broadcast	{"{round 20 3  <nil>}": {"Key":"from","Type":15,"Integer":0,"String":"a","Interface":null}}
2025-08-15T22:13:21.589-0500	DEBUG	protocol/handler.go:1591	have processed broadcast	{"{round 20 3  <nil>}": {"Key":"from","Type":15,"Integer":0,"String":"c","Interface":null}}
2025-08-15T22:13:21.589-0500	DEBUG	protocol/handler.go:1649	have all messages and processed	{"{round 20 3  <nil>}": {"Key":"self","Type":15,"Integer":0,"String":"b","Interface":null}}
2025-08-15T22:13:21.499-0500	DEBUG	protocol/handler.go:1591	have processed broadcast	{"{round 20 3  <nil>}": {"Key":"from","Type":15,"Integer":0,"String":"a","Interface":null}}
2025-08-15T22:13:21.605-0500	DEBUG	protocol/handler.go:1591	have processed broadcast	{"{round 20 3  <nil>}": {"Key":"from","Type":15,"Integer":0,"String":"b","Interface":null}}
2025-08-15T22:13:21.605-0500	DEBUG	protocol/handler.go:1649	have all messages and processed	{"{round 20 3  <nil>}": {"Key":"self","Type":15,"Integer":0,"String":"c","Interface":null}}
2025-08-15T22:13:21.605-0500	DEBUG	protocol/handler.go:596	round already finalized
2025-08-15T22:13:21.605-0500	DEBUG	protocol/handler.go:581	tryAdvanceRound called	{"{current_round 20 3  <nil>}": {"Key":"self","Type":15,"Integer":0,"String":"c","Interface":null}}
2025-08-15T22:13:21.605-0500	DEBUG	protocol/handler.go:1591	have processed broadcast	{"{round 20 3  <nil>}": {"Key":"from","Type":15,"Integer":0,"String":"a","Interface":null}}
2025-08-15T22:13:21.605-0500	DEBUG	protocol/handler.go:1591	have processed broadcast	{"{round 20 3  <nil>}": {"Key":"from","Type":15,"Integer":0,"String":"b","Interface":null}}
2025-08-15T22:13:21.605-0500	DEBUG	protocol/handler.go:1649	have all messages and processed	{"{round 20 3  <nil>}": {"Key":"self","Type":15,"Integer":0,"String":"c","Interface":null}}
2025-08-15T22:13:21.605-0500	DEBUG	protocol/handler.go:596	round already finalized
2025-08-15T22:13:21.616-0500	DEBUG	protocol/handler.go:581	tryAdvanceRound called	{"{current_round 20 3  <nil>}": {"Key":"self","Type":15,"Integer":0,"String":"a","Interface":null}}
2025-08-15T22:13:21.616-0500	DEBUG	protocol/handler.go:1591	have processed broadcast	{"{round 20 3  <nil>}": {"Key":"from","Type":15,"Integer":0,"String":"b","Interface":null}}
2025-08-15T22:13:21.616-0500	DEBUG	protocol/handler.go:1591	have processed broadcast	{"{round 20 3  <nil>}": {"Key":"from","Type":15,"Integer":0,"String":"c","Interface":null}}
2025-08-15T22:13:21.655-0500	DEBUG	protocol/handler.go:1649	have all messages and processed	{"{round 20 3  <nil>}": {"Key":"self","Type":15,"Integer":0,"String":"a","Interface":null}}
2025-08-15T22:13:21.655-0500	DEBUG	protocol/handler.go:596	round already finalized
2025-08-15T22:13:21.655-0500	DEBUG	protocol/handler.go:581	tryAdvanceRound called	{"{current_round 20 3  <nil>}": {"Key":"self","Type":15,"Integer":0,"String":"a","Interface":null}}
2025-08-15T22:13:21.655-0500	DEBUG	protocol/handler.go:1591	have processed broadcast	{"{round 20 3  <nil>}": {"Key":"from","Type":15,"Integer":0,"String":"b","Interface":null}}
2025-08-15T22:13:21.655-0500	DEBUG	protocol/handler.go:1591	have processed broadcast	{"{round 20 3  <nil>}": {"Key":"from","Type":15,"Integer":0,"String":"c","Interface":null}}
2025-08-15T22:13:21.655-0500	DEBUG	protocol/handler.go:1649	have all messages and processed	{"{round 20 3  <nil>}": {"Key":"self","Type":15,"Integer":0,"String":"a","Interface":null}}
2025-08-15T22:13:21.655-0500	DEBUG	protocol/handler.go:596	round already finalized
2025-08-15T22:13:21.634-0500	DEBUG	protocol/handler.go:581	tryAdvanceRound called	{"{current_round 20 3  <nil>}": {"Key":"self","Type":15,"Integer":0,"String":"c","Interface":null}}
2025-08-15T22:13:21.655-0500	DEBUG	protocol/handler.go:1591	have processed broadcast	{"{round 20 3  <nil>}": {"Key":"from","Type":15,"Integer":0,"String":"a","Interface":null}}
2025-08-15T22:13:21.655-0500	DEBUG	protocol/handler.go:1591	have processed broadcast	{"{round 20 3  <nil>}": {"Key":"from","Type":15,"Integer":0,"String":"b","Interface":null}}
2025-08-15T22:13:21.655-0500	DEBUG	protocol/handler.go:1649	have all messages and processed	{"{round 20 3  <nil>}": {"Key":"self","Type":15,"Integer":0,"String":"c","Interface":null}}
2025-08-15T22:13:21.655-0500	DEBUG	protocol/handler.go:596	round already finalized
2025-08-15T22:13:21.589-0500	DEBUG	protocol/handler.go:596	round already finalized
2025-08-15T22:13:21.670-0500	DEBUG	protocol/handler.go:581	tryAdvanceRound called	{"{current_round 20 3  <nil>}": {"Key":"self","Type":15,"Integer":0,"String":"b","Interface":null}}
2025-08-15T22:13:21.671-0500	DEBUG	protocol/handler.go:1591	have processed broadcast	{"{round 20 3  <nil>}": {"Key":"from","Type":15,"Integer":0,"String":"a","Interface":null}}
2025-08-15T22:13:21.671-0500	DEBUG	protocol/handler.go:1591	have processed broadcast	{"{round 20 3  <nil>}": {"Key":"from","Type":15,"Integer":0,"String":"c","Interface":null}}
2025-08-15T22:13:21.671-0500	DEBUG	protocol/handler.go:1649	have all messages and processed	{"{round 20 3  <nil>}": {"Key":"self","Type":15,"Integer":0,"String":"b","Interface":null}}
2025-08-15T22:13:21.671-0500	DEBUG	protocol/handler.go:596	round already finalized
2025-08-15T22:13:21.675-0500	DEBUG	protocol/handler.go:581	tryAdvanceRound called	{"{current_round 20 3  <nil>}": {"Key":"self","Type":15,"Integer":0,"String":"a","Interface":null}}
2025-08-15T22:13:21.675-0500	DEBUG	protocol/handler.go:1591	have processed broadcast	{"{round 20 3  <nil>}": {"Key":"from","Type":15,"Integer":0,"String":"b","Interface":null}}
2025-08-15T22:13:21.675-0500	DEBUG	protocol/handler.go:1591	have processed broadcast	{"{round 20 3  <nil>}": {"Key":"from","Type":15,"Integer":0,"String":"c","Interface":null}}
2025-08-15T22:13:21.675-0500	DEBUG	protocol/handler.go:1649	have all messages and processed	{"{round 20 3  <nil>}": {"Key":"self","Type":15,"Integer":0,"String":"a","Interface":null}}
2025-08-15T22:13:21.675-0500	DEBUG	protocol/handler.go:596	round already finalized
2025-08-15T22:13:21.675-0500	DEBUG	protocol/handler.go:581	tryAdvanceRound called	{"{current_round 20 3  <nil>}": {"Key":"self","Type":15,"Integer":0,"String":"a","Interface":null}}
2025-08-15T22:13:21.675-0500	DEBUG	protocol/handler.go:1591	have processed broadcast	{"{round 20 3  <nil>}": {"Key":"from","Type":15,"Integer":0,"String":"b","Interface":null}}
2025-08-15T22:13:21.675-0500	DEBUG	protocol/handler.go:1591	have processed broadcast	{"{round 20 3  <nil>}": {"Key":"from","Type":15,"Integer":0,"String":"c","Interface":null}}
2025-08-15T22:13:21.675-0500	DEBUG	protocol/handler.go:1649	have all messages and processed	{"{round 20 3  <nil>}": {"Key":"self","Type":15,"Integer":0,"String":"a","Interface":null}}
2025-08-15T22:13:21.675-0500	DEBUG	protocol/handler.go:596	round already finalized
2025-08-15T22:13:21.692-0500	DEBUG	protocol/handler.go:581	tryAdvanceRound called	{"{current_round 20 3  <nil>}": {"Key":"self","Type":15,"Integer":0,"String":"b","Interface":null}}
2025-08-15T22:13:21.693-0500	DEBUG	protocol/handler.go:1591	have processed broadcast	{"{round 20 3  <nil>}": {"Key":"from","Type":15,"Integer":0,"String":"a","Interface":null}}
2025-08-15T22:13:21.693-0500	DEBUG	protocol/handler.go:1591	have processed broadcast	{"{round 20 3  <nil>}": {"Key":"from","Type":15,"Integer":0,"String":"c","Interface":null}}
2025-08-15T22:13:21.697-0500	DEBUG	protocol/handler.go:1649	have all messages and processed	{"{round 20 3  <nil>}": {"Key":"self","Type":15,"Integer":0,"String":"b","Interface":null}}
2025-08-15T22:13:21.697-0500	DEBUG	protocol/handler.go:596	round already finalized
2025-08-15T22:13:21.716-0500	DEBUG	protocol/handler.go:581	tryAdvanceRound called	{"{current_round 20 3  <nil>}": {"Key":"self","Type":15,"Integer":0,"String":"a","Interface":null}}
2025-08-15T22:13:21.716-0500	DEBUG	protocol/handler.go:1591	have processed broadcast	{"{round 20 3  <nil>}": {"Key":"from","Type":15,"Integer":0,"String":"b","Interface":null}}
2025-08-15T22:13:21.719-0500	DEBUG	protocol/handler.go:1591	have processed broadcast	{"{round 20 3  <nil>}": {"Key":"from","Type":15,"Integer":0,"String":"c","Interface":null}}
2025-08-15T22:13:21.722-0500	DEBUG	protocol/handler.go:1649	have all messages and processed	{"{round 20 3  <nil>}": {"Key":"self","Type":15,"Integer":0,"String":"a","Interface":null}}
2025-08-15T22:13:21.722-0500	DEBUG	protocol/handler.go:596	round already finalized
2025-08-15T22:13:21.722-0500	DEBUG	protocol/handler.go:581	tryAdvanceRound called	{"{current_round 20 3  <nil>}": {"Key":"self","Type":15,"Integer":0,"String":"a","Interface":null}}
2025-08-15T22:13:21.725-0500	DEBUG	protocol/handler.go:1591	have processed broadcast	{"{round 20 3  <nil>}": {"Key":"from","Type":15,"Integer":0,"String":"b","Interface":null}}
2025-08-15T22:13:21.725-0500	DEBUG	protocol/handler.go:1591	have processed broadcast	{"{round 20 3  <nil>}": {"Key":"from","Type":15,"Integer":0,"String":"c","Interface":null}}
2025-08-15T22:13:21.725-0500	DEBUG	protocol/handler.go:1649	have all messages and processed	{"{round 20 3  <nil>}": {"Key":"self","Type":15,"Integer":0,"String":"a","Interface":null}}
2025-08-15T22:13:21.726-0500	DEBUG	protocol/handler.go:596	round already finalized
2025-08-15T22:13:21.726-0500	DEBUG	protocol/handler.go:581	tryAdvanceRound called	{"{current_round 20 3  <nil>}": {"Key":"self","Type":15,"Integer":0,"String":"a","Interface":null}}
2025-08-15T22:13:21.726-0500	DEBUG	protocol/handler.go:1591	have processed broadcast	{"{round 20 3  <nil>}": {"Key":"from","Type":15,"Integer":0,"String":"b","Interface":null}}
2025-08-15T22:13:21.726-0500	DEBUG	protocol/handler.go:1591	have processed broadcast	{"{round 20 3  <nil>}": {"Key":"from","Type":15,"Integer":0,"String":"c","Interface":null}}
2025-08-15T22:13:21.726-0500	DEBUG	protocol/handler.go:1649	have all messages and processed	{"{round 20 3  <nil>}": {"Key":"self","Type":15,"Integer":0,"String":"a","Interface":null}}
2025-08-15T22:13:21.726-0500	DEBUG	protocol/handler.go:596	round already finalized
2025-08-15T22:13:21.726-0500	DEBUG	protocol/handler.go:581	tryAdvanceRound called	{"{current_round 20 3  <nil>}": {"Key":"self","Type":15,"Integer":0,"String":"b","Interface":null}}
2025-08-15T22:13:21.726-0500	DEBUG	protocol/handler.go:1591	have processed broadcast	{"{round 20 3  <nil>}": {"Key":"from","Type":15,"Integer":0,"String":"a","Interface":null}}
2025-08-15T22:13:21.726-0500	DEBUG	protocol/handler.go:1591	have processed broadcast	{"{round 20 3  <nil>}": {"Key":"from","Type":15,"Integer":0,"String":"c","Interface":null}}
2025-08-15T22:13:21.726-0500	DEBUG	protocol/handler.go:1649	have all messages and processed	{"{round 20 3  <nil>}": {"Key":"self","Type":15,"Integer":0,"String":"b","Interface":null}}
2025-08-15T22:13:21.726-0500	DEBUG	protocol/handler.go:596	round already finalized
2025-08-15T22:13:21.726-0500	DEBUG	protocol/handler.go:581	tryAdvanceRound called	{"{current_round 20 3  <nil>}": {"Key":"self","Type":15,"Integer":0,"String":"b","Interface":null}}
2025-08-15T22:13:21.726-0500	DEBUG	protocol/handler.go:1591	have processed broadcast	{"{round 20 3  <nil>}": {"Key":"from","Type":15,"Integer":0,"String":"a","Interface":null}}
2025-08-15T22:13:21.730-0500	DEBUG	protocol/handler.go:1591	have processed broadcast	{"{round 20 3  <nil>}": {"Key":"from","Type":15,"Integer":0,"String":"c","Interface":null}}
2025-08-15T22:13:21.730-0500	DEBUG	protocol/handler.go:1649	have all messages and processed	{"{round 20 3  <nil>}": {"Key":"self","Type":15,"Integer":0,"String":"b","Interface":null}}
2025-08-15T22:13:21.730-0500	DEBUG	protocol/handler.go:596	round already finalized
2025-08-15T22:13:21.734-0500	DEBUG	protocol/handler.go:581	tryAdvanceRound called	{"{current_round 20 3  <nil>}": {"Key":"self","Type":15,"Integer":0,"String":"b","Interface":null}}
2025-08-15T22:13:21.734-0500	DEBUG	protocol/handler.go:1591	have processed broadcast	{"{round 20 3  <nil>}": {"Key":"from","Type":15,"Integer":0,"String":"a","Interface":null}}
2025-08-15T22:13:21.734-0500	DEBUG	protocol/handler.go:1591	have processed broadcast	{"{round 20 3  <nil>}": {"Key":"from","Type":15,"Integer":0,"String":"c","Interface":null}}
2025-08-15T22:13:21.734-0500	DEBUG	protocol/handler.go:1649	have all messages and processed	{"{round 20 3  <nil>}": {"Key":"self","Type":15,"Integer":0,"String":"b","Interface":null}}
2025-08-15T22:13:21.734-0500	DEBUG	protocol/handler.go:596	round already finalized
2025-08-15T22:13:21.734-0500	DEBUG	protocol/handler.go:581	tryAdvanceRound called	{"{current_round 20 3  <nil>}": {"Key":"self","Type":15,"Integer":0,"String":"a","Interface":null}}
2025-08-15T22:13:21.734-0500	DEBUG	protocol/handler.go:1591	have processed broadcast	{"{round 20 3  <nil>}": {"Key":"from","Type":15,"Integer":0,"String":"b","Interface":null}}
2025-08-15T22:13:21.734-0500	DEBUG	protocol/handler.go:1591	have processed broadcast	{"{round 20 3  <nil>}": {"Key":"from","Type":15,"Integer":0,"String":"c","Interface":null}}
2025-08-15T22:13:21.734-0500	DEBUG	protocol/handler.go:1649	have all messages and processed	{"{round 20 3  <nil>}": {"Key":"self","Type":15,"Integer":0,"String":"a","Interface":null}}
2025-08-15T22:13:21.734-0500	DEBUG	protocol/handler.go:596	round already finalized
2025-08-15T22:13:21.737-0500	DEBUG	protocol/handler.go:581	tryAdvanceRound called	{"{current_round 20 3  <nil>}": {"Key":"self","Type":15,"Integer":0,"String":"c","Interface":null}}
2025-08-15T22:13:21.737-0500	DEBUG	protocol/handler.go:1591	have processed broadcast	{"{round 20 3  <nil>}": {"Key":"from","Type":15,"Integer":0,"String":"a","Interface":null}}
2025-08-15T22:13:21.737-0500	DEBUG	protocol/handler.go:1591	have processed broadcast	{"{round 20 3  <nil>}": {"Key":"from","Type":15,"Integer":0,"String":"b","Interface":null}}
2025-08-15T22:13:21.737-0500	DEBUG	protocol/handler.go:1649	have all messages and processed	{"{round 20 3  <nil>}": {"Key":"self","Type":15,"Integer":0,"String":"c","Interface":null}}
2025-08-15T22:13:21.737-0500	DEBUG	protocol/handler.go:596	round already finalized
2025-08-15T22:13:21.737-0500	DEBUG	protocol/handler.go:581	tryAdvanceRound called	{"{current_round 20 3  <nil>}": {"Key":"self","Type":15,"Integer":0,"String":"c","Interface":null}}
2025-08-15T22:13:21.737-0500	DEBUG	protocol/handler.go:1591	have processed broadcast	{"{round 20 3  <nil>}": {"Key":"from","Type":15,"Integer":0,"String":"a","Interface":null}}
2025-08-15T22:13:21.737-0500	DEBUG	protocol/handler.go:1591	have processed broadcast	{"{round 20 3  <nil>}": {"Key":"from","Type":15,"Integer":0,"String":"b","Interface":null}}
2025-08-15T22:13:21.737-0500	DEBUG	protocol/handler.go:1649	have all messages and processed	{"{round 20 3  <nil>}": {"Key":"self","Type":15,"Integer":0,"String":"c","Interface":null}}
2025-08-15T22:13:21.737-0500	DEBUG	protocol/handler.go:596	round already finalized
2025-08-15T22:13:21.777-0500	DEBUG	protocol/handler.go:581	tryAdvanceRound called	{"{current_round 20 3  <nil>}": {"Key":"self","Type":15,"Integer":0,"String":"b","Interface":null}}
2025-08-15T22:13:21.755-0500	DEBUG	protocol/handler.go:581	tryAdvanceRound called	{"{current_round 20 3  <nil>}": {"Key":"self","Type":15,"Integer":0,"String":"a","Interface":null}}
2025-08-15T22:13:21.783-0500	DEBUG	protocol/handler.go:1591	have processed broadcast	{"{round 20 3  <nil>}": {"Key":"from","Type":15,"Integer":0,"String":"b","Interface":null}}
2025-08-15T22:13:21.783-0500	DEBUG	protocol/handler.go:1591	have processed broadcast	{"{round 20 3  <nil>}": {"Key":"from","Type":15,"Integer":0,"String":"c","Interface":null}}
2025-08-15T22:13:21.783-0500	DEBUG	protocol/handler.go:1649	have all messages and processed	{"{round 20 3  <nil>}": {"Key":"self","Type":15,"Integer":0,"String":"a","Interface":null}}
2025-08-15T22:13:21.783-0500	DEBUG	protocol/handler.go:596	round already finalized
2025-08-15T22:13:21.783-0500	DEBUG	protocol/handler.go:581	tryAdvanceRound called	{"{current_round 20 3  <nil>}": {"Key":"self","Type":15,"Integer":0,"String":"a","Interface":null}}
2025-08-15T22:13:21.783-0500	DEBUG	protocol/handler.go:1591	have processed broadcast	{"{round 20 3  <nil>}": {"Key":"from","Type":15,"Integer":0,"String":"b","Interface":null}}
2025-08-15T22:13:21.783-0500	DEBUG	protocol/handler.go:1591	have processed broadcast	{"{round 20 3  <nil>}": {"Key":"from","Type":15,"Integer":0,"String":"c","Interface":null}}
2025-08-15T22:13:21.783-0500	DEBUG	protocol/handler.go:1649	have all messages and processed	{"{round 20 3  <nil>}": {"Key":"self","Type":15,"Integer":0,"String":"a","Interface":null}}
2025-08-15T22:13:21.784-0500	DEBUG	protocol/handler.go:596	round already finalized
2025-08-15T22:13:21.793-0500	DEBUG	protocol/handler.go:581	tryAdvanceRound called	{"{current_round 20 3  <nil>}": {"Key":"self","Type":15,"Integer":0,"String":"c","Interface":null}}
2025-08-15T22:13:21.795-0500	DEBUG	protocol/handler.go:1591	have processed broadcast	{"{round 20 3  <nil>}": {"Key":"from","Type":15,"Integer":0,"String":"a","Interface":null}}
2025-08-15T22:13:21.796-0500	DEBUG	protocol/handler.go:1591	have processed broadcast	{"{round 20 3  <nil>}": {"Key":"from","Type":15,"Integer":0,"String":"b","Interface":null}}
2025-08-15T22:13:21.796-0500	DEBUG	protocol/handler.go:1649	have all messages and processed	{"{round 20 3  <nil>}": {"Key":"self","Type":15,"Integer":0,"String":"c","Interface":null}}
2025-08-15T22:13:21.796-0500	DEBUG	protocol/handler.go:596	round already finalized
2025-08-15T22:13:21.796-0500	DEBUG	protocol/handler.go:581	tryAdvanceRound called	{"{current_round 20 3  <nil>}": {"Key":"self","Type":15,"Integer":0,"String":"c","Interface":null}}
2025-08-15T22:13:21.796-0500	DEBUG	protocol/handler.go:1591	have processed broadcast	{"{round 20 3  <nil>}": {"Key":"from","Type":15,"Integer":0,"String":"a","Interface":null}}
2025-08-15T22:13:21.796-0500	DEBUG	protocol/handler.go:1591	have processed broadcast	{"{round 20 3  <nil>}": {"Key":"from","Type":15,"Integer":0,"String":"b","Interface":null}}
2025-08-15T22:13:21.796-0500	DEBUG	protocol/handler.go:1649	have all messages and processed	{"{round 20 3  <nil>}": {"Key":"self","Type":15,"Integer":0,"String":"c","Interface":null}}
2025-08-15T22:13:21.796-0500	DEBUG	protocol/handler.go:596	round already finalized
2025-08-15T22:13:21.808-0500	DEBUG	protocol/handler.go:581	tryAdvanceRound called	{"{current_round 20 3  <nil>}": {"Key":"self","Type":15,"Integer":0,"String":"a","Interface":null}}
2025-08-15T22:13:21.808-0500	DEBUG	protocol/handler.go:1591	have processed broadcast	{"{round 20 3  <nil>}": {"Key":"from","Type":15,"Integer":0,"String":"b","Interface":null}}
2025-08-15T22:13:21.808-0500	DEBUG	protocol/handler.go:1591	have processed broadcast	{"{round 20 3  <nil>}": {"Key":"from","Type":15,"Integer":0,"String":"c","Interface":null}}
2025-08-15T22:13:21.808-0500	DEBUG	protocol/handler.go:1649	have all messages and processed	{"{round 20 3  <nil>}": {"Key":"self","Type":15,"Integer":0,"String":"a","Interface":null}}
2025-08-15T22:13:21.808-0500	DEBUG	protocol/handler.go:596	round already finalized
2025-08-15T22:13:21.781-0500	DEBUG	protocol/handler.go:1591	have processed broadcast	{"{round 20 3  <nil>}": {"Key":"from","Type":15,"Integer":0,"String":"a","Interface":null}}
2025-08-15T22:13:21.836-0500	DEBUG	protocol/handler.go:1591	have processed broadcast	{"{round 20 3  <nil>}": {"Key":"from","Type":15,"Integer":0,"String":"c","Interface":null}}
2025-08-15T22:13:21.836-0500	DEBUG	protocol/handler.go:1649	have all messages and processed	{"{round 20 3  <nil>}": {"Key":"self","Type":15,"Integer":0,"String":"b","Interface":null}}
2025-08-15T22:13:21.836-0500	DEBUG	protocol/handler.go:596	round already finalized
2025-08-15T22:13:21.836-0500	DEBUG	protocol/handler.go:581	tryAdvanceRound called	{"{current_round 20 3  <nil>}": {"Key":"self","Type":15,"Integer":0,"String":"b","Interface":null}}
2025-08-15T22:13:21.836-0500	DEBUG	protocol/handler.go:1591	have processed broadcast	{"{round 20 3  <nil>}": {"Key":"from","Type":15,"Integer":0,"String":"a","Interface":null}}
2025-08-15T22:13:21.836-0500	DEBUG	protocol/handler.go:1591	have processed broadcast	{"{round 20 3  <nil>}": {"Key":"from","Type":15,"Integer":0,"String":"c","Interface":null}}
2025-08-15T22:13:21.836-0500	DEBUG	protocol/handler.go:1649	have all messages and processed	{"{round 20 3  <nil>}": {"Key":"self","Type":15,"Integer":0,"String":"b","Interface":null}}
2025-08-15T22:13:21.836-0500	DEBUG	protocol/handler.go:596	round already finalized
2025-08-15T22:13:21.849-0500	DEBUG	protocol/handler.go:581	tryAdvanceRound called	{"{current_round 20 3  <nil>}": {"Key":"self","Type":15,"Integer":0,"String":"c","Interface":null}}
2025-08-15T22:13:21.849-0500	DEBUG	protocol/handler.go:1591	have processed broadcast	{"{round 20 3  <nil>}": {"Key":"from","Type":15,"Integer":0,"String":"a","Interface":null}}
2025-08-15T22:13:21.849-0500	DEBUG	protocol/handler.go:1591	have processed broadcast	{"{round 20 3  <nil>}": {"Key":"from","Type":15,"Integer":0,"String":"b","Interface":null}}
2025-08-15T22:13:21.849-0500	DEBUG	protocol/handler.go:1649	have all messages and processed	{"{round 20 3  <nil>}": {"Key":"self","Type":15,"Integer":0,"String":"c","Interface":null}}
2025-08-15T22:13:21.849-0500	DEBUG	protocol/handler.go:596	round already finalized
2025-08-15T22:13:21.849-0500	DEBUG	protocol/handler.go:581	tryAdvanceRound called	{"{current_round 20 3  <nil>}": {"Key":"self","Type":15,"Integer":0,"String":"c","Interface":null}}
2025-08-15T22:13:21.849-0500	DEBUG	protocol/handler.go:1591	have processed broadcast	{"{round 20 3  <nil>}": {"Key":"from","Type":15,"Integer":0,"String":"a","Interface":null}}
2025-08-15T22:13:21.849-0500	DEBUG	protocol/handler.go:1591	have processed broadcast	{"{round 20 3  <nil>}": {"Key":"from","Type":15,"Integer":0,"String":"b","Interface":null}}
2025-08-15T22:13:21.850-0500	DEBUG	protocol/handler.go:1649	have all messages and processed	{"{round 20 3  <nil>}": {"Key":"self","Type":15,"Integer":0,"String":"c","Interface":null}}
2025-08-15T22:13:21.850-0500	DEBUG	protocol/handler.go:596	round already finalized
2025-08-15T22:13:21.855-0500	DEBUG	protocol/handler.go:581	tryAdvanceRound called	{"{current_round 20 3  <nil>}": {"Key":"self","Type":15,"Integer":0,"String":"a","Interface":null}}
2025-08-15T22:13:21.855-0500	DEBUG	protocol/handler.go:1591	have processed broadcast	{"{round 20 3  <nil>}": {"Key":"from","Type":15,"Integer":0,"String":"b","Interface":null}}
2025-08-15T22:13:21.855-0500	DEBUG	protocol/handler.go:1591	have processed broadcast	{"{round 20 3  <nil>}": {"Key":"from","Type":15,"Integer":0,"String":"c","Interface":null}}
2025-08-15T22:13:21.855-0500	DEBUG	protocol/handler.go:1649	have all messages and processed	{"{round 20 3  <nil>}": {"Key":"self","Type":15,"Integer":0,"String":"a","Interface":null}}
2025-08-15T22:13:21.855-0500	DEBUG	protocol/handler.go:596	round already finalized
2025-08-15T22:13:21.855-0500	DEBUG	protocol/handler.go:581	tryAdvanceRound called	{"{current_round 20 3  <nil>}": {"Key":"self","Type":15,"Integer":0,"String":"a","Interface":null}}
2025-08-15T22:13:21.855-0500	DEBUG	protocol/handler.go:1591	have processed broadcast	{"{round 20 3  <nil>}": {"Key":"from","Type":15,"Integer":0,"String":"b","Interface":null}}
2025-08-15T22:13:21.855-0500	DEBUG	protocol/handler.go:1591	have processed broadcast	{"{round 20 3  <nil>}": {"Key":"from","Type":15,"Integer":0,"String":"c","Interface":null}}
2025-08-15T22:13:21.855-0500	DEBUG	protocol/handler.go:1649	have all messages and processed	{"{round 20 3  <nil>}": {"Key":"self","Type":15,"Integer":0,"String":"a","Interface":null}}
2025-08-15T22:13:21.855-0500	DEBUG	protocol/handler.go:596	round already finalized
2025-08-15T22:13:21.855-0500	DEBUG	protocol/handler.go:581	tryAdvanceRound called	{"{current_round 20 3  <nil>}": {"Key":"self","Type":15,"Integer":0,"String":"b","Interface":null}}
2025-08-15T22:13:21.855-0500	DEBUG	protocol/handler.go:1591	have processed broadcast	{"{round 20 3  <nil>}": {"Key":"from","Type":15,"Integer":0,"String":"a","Interface":null}}
2025-08-15T22:13:21.856-0500	DEBUG	protocol/handler.go:1591	have processed broadcast	{"{round 20 3  <nil>}": {"Key":"from","Type":15,"Integer":0,"String":"c","Interface":null}}
2025-08-15T22:13:21.856-0500	DEBUG	protocol/handler.go:1649	have all messages and processed	{"{round 20 3  <nil>}": {"Key":"self","Type":15,"Integer":0,"String":"b","Interface":null}}
2025-08-15T22:13:21.856-0500	DEBUG	protocol/handler.go:596	round already finalized
2025-08-15T22:13:21.866-0500	DEBUG	protocol/handler.go:581	tryAdvanceRound called	{"{current_round 20 3  <nil>}": {"Key":"self","Type":15,"Integer":0,"String":"c","Interface":null}}
2025-08-15T22:13:21.866-0500	DEBUG	protocol/handler.go:1591	have processed broadcast	{"{round 20 3  <nil>}": {"Key":"from","Type":15,"Integer":0,"String":"a","Interface":null}}
2025-08-15T22:13:21.866-0500	DEBUG	protocol/handler.go:1591	have processed broadcast	{"{round 20 3  <nil>}": {"Key":"from","Type":15,"Integer":0,"String":"b","Interface":null}}
2025-08-15T22:13:21.866-0500	DEBUG	protocol/handler.go:1649	have all messages and processed	{"{round 20 3  <nil>}": {"Key":"self","Type":15,"Integer":0,"String":"c","Interface":null}}
2025-08-15T22:13:21.866-0500	DEBUG	protocol/handler.go:596	round already finalized
2025-08-15T22:13:21.887-0500	DEBUG	protocol/handler.go:581	tryAdvanceRound called	{"{current_round 20 3  <nil>}": {"Key":"self","Type":15,"Integer":0,"String":"b","Interface":null}}
2025-08-15T22:13:21.887-0500	DEBUG	protocol/handler.go:1591	have processed broadcast	{"{round 20 3  <nil>}": {"Key":"from","Type":15,"Integer":0,"String":"a","Interface":null}}
2025-08-15T22:13:21.887-0500	DEBUG	protocol/handler.go:1591	have processed broadcast	{"{round 20 3  <nil>}": {"Key":"from","Type":15,"Integer":0,"String":"c","Interface":null}}
2025-08-15T22:13:21.887-0500	DEBUG	protocol/handler.go:1649	have all messages and processed	{"{round 20 3  <nil>}": {"Key":"self","Type":15,"Integer":0,"String":"b","Interface":null}}
2025-08-15T22:13:21.887-0500	DEBUG	protocol/handler.go:596	round already finalized
2025-08-15T22:13:21.891-0500	DEBUG	protocol/handler.go:581	tryAdvanceRound called	{"{current_round 20 3  <nil>}": {"Key":"self","Type":15,"Integer":0,"String":"c","Interface":null}}
2025-08-15T22:13:21.891-0500	DEBUG	protocol/handler.go:1591	have processed broadcast	{"{round 20 3  <nil>}": {"Key":"from","Type":15,"Integer":0,"String":"a","Interface":null}}
2025-08-15T22:13:21.895-0500	DEBUG	protocol/handler.go:1591	have processed broadcast	{"{round 20 3  <nil>}": {"Key":"from","Type":15,"Integer":0,"String":"b","Interface":null}}
2025-08-15T22:13:21.898-0500	DEBUG	protocol/handler.go:581	tryAdvanceRound called	{"{current_round 20 3  <nil>}": {"Key":"self","Type":15,"Integer":0,"String":"a","Interface":null}}
2025-08-15T22:13:21.898-0500	DEBUG	protocol/handler.go:1591	have processed broadcast	{"{round 20 3  <nil>}": {"Key":"from","Type":15,"Integer":0,"String":"b","Interface":null}}
2025-08-15T22:13:21.904-0500	DEBUG	protocol/handler.go:1591	have processed broadcast	{"{round 20 3  <nil>}": {"Key":"from","Type":15,"Integer":0,"String":"c","Interface":null}}
2025-08-15T22:13:21.904-0500	DEBUG	protocol/handler.go:1649	have all messages and processed	{"{round 20 3  <nil>}": {"Key":"self","Type":15,"Integer":0,"String":"a","Interface":null}}
2025-08-15T22:13:21.904-0500	DEBUG	protocol/handler.go:596	round already finalized
2025-08-15T22:13:21.904-0500	DEBUG	protocol/handler.go:581	tryAdvanceRound called	{"{current_round 20 3  <nil>}": {"Key":"self","Type":15,"Integer":0,"String":"a","Interface":null}}
2025-08-15T22:13:21.904-0500	DEBUG	protocol/handler.go:1591	have processed broadcast	{"{round 20 3  <nil>}": {"Key":"from","Type":15,"Integer":0,"String":"b","Interface":null}}
2025-08-15T22:13:21.904-0500	DEBUG	protocol/handler.go:1591	have processed broadcast	{"{round 20 3  <nil>}": {"Key":"from","Type":15,"Integer":0,"String":"c","Interface":null}}
2025-08-15T22:13:21.904-0500	DEBUG	protocol/handler.go:1649	have all messages and processed	{"{round 20 3  <nil>}": {"Key":"self","Type":15,"Integer":0,"String":"a","Interface":null}}
2025-08-15T22:13:21.904-0500	DEBUG	protocol/handler.go:596	round already finalized
2025-08-15T22:13:21.927-0500	DEBUG	protocol/handler.go:581	tryAdvanceRound called	{"{current_round 20 3  <nil>}": {"Key":"self","Type":15,"Integer":0,"String":"a","Interface":null}}
2025-08-15T22:13:21.932-0500	DEBUG	protocol/handler.go:1591	have processed broadcast	{"{round 20 3  <nil>}": {"Key":"from","Type":15,"Integer":0,"String":"b","Interface":null}}
2025-08-15T22:13:21.932-0500	DEBUG	protocol/handler.go:1591	have processed broadcast	{"{round 20 3  <nil>}": {"Key":"from","Type":15,"Integer":0,"String":"c","Interface":null}}
2025-08-15T22:13:21.932-0500	DEBUG	protocol/handler.go:1649	have all messages and processed	{"{round 20 3  <nil>}": {"Key":"self","Type":15,"Integer":0,"String":"a","Interface":null}}
2025-08-15T22:13:21.932-0500	DEBUG	protocol/handler.go:596	round already finalized
2025-08-15T22:13:21.932-0500	DEBUG	protocol/handler.go:581	tryAdvanceRound called	{"{current_round 20 3  <nil>}": {"Key":"self","Type":15,"Integer":0,"String":"a","Interface":null}}
2025-08-15T22:13:21.932-0500	DEBUG	protocol/handler.go:1591	have processed broadcast	{"{round 20 3  <nil>}": {"Key":"from","Type":15,"Integer":0,"String":"b","Interface":null}}
2025-08-15T22:13:21.935-0500	DEBUG	protocol/handler.go:581	tryAdvanceRound called	{"{current_round 20 3  <nil>}": {"Key":"self","Type":15,"Integer":0,"String":"b","Interface":null}}
2025-08-15T22:13:21.935-0500	DEBUG	protocol/handler.go:1591	have processed broadcast	{"{round 20 3  <nil>}": {"Key":"from","Type":15,"Integer":0,"String":"a","Interface":null}}
2025-08-15T22:13:21.935-0500	DEBUG	protocol/handler.go:1591	have processed broadcast	{"{round 20 3  <nil>}": {"Key":"from","Type":15,"Integer":0,"String":"c","Interface":null}}
2025-08-15T22:13:21.935-0500	DEBUG	protocol/handler.go:1649	have all messages and processed	{"{round 20 3  <nil>}": {"Key":"self","Type":15,"Integer":0,"String":"b","Interface":null}}
2025-08-15T22:13:21.935-0500	DEBUG	protocol/handler.go:596	round already finalized
2025-08-15T22:13:21.935-0500	DEBUG	protocol/handler.go:581	tryAdvanceRound called	{"{current_round 20 3  <nil>}": {"Key":"self","Type":15,"Integer":0,"String":"b","Interface":null}}
2025-08-15T22:13:21.935-0500	DEBUG	protocol/handler.go:1591	have processed broadcast	{"{round 20 3  <nil>}": {"Key":"from","Type":15,"Integer":0,"String":"a","Interface":null}}
2025-08-15T22:13:21.935-0500	DEBUG	protocol/handler.go:1591	have processed broadcast	{"{round 20 3  <nil>}": {"Key":"from","Type":15,"Integer":0,"String":"c","Interface":null}}
2025-08-15T22:13:21.935-0500	DEBUG	protocol/handler.go:1649	have all messages and processed	{"{round 20 3  <nil>}": {"Key":"self","Type":15,"Integer":0,"String":"b","Interface":null}}
2025-08-15T22:13:21.938-0500	DEBUG	protocol/handler.go:596	round already finalized
2025-08-15T22:13:21.938-0500	DEBUG	protocol/handler.go:1591	have processed broadcast	{"{round 20 3  <nil>}": {"Key":"from","Type":15,"Integer":0,"String":"c","Interface":null}}
2025-08-15T22:13:21.939-0500	DEBUG	protocol/handler.go:1649	have all messages and processed	{"{round 20 3  <nil>}": {"Key":"self","Type":15,"Integer":0,"String":"a","Interface":null}}
2025-08-15T22:13:21.939-0500	DEBUG	protocol/handler.go:596	round already finalized
2025-08-15T22:13:21.939-0500	DEBUG	protocol/handler.go:581	tryAdvanceRound called	{"{current_round 20 3  <nil>}": {"Key":"self","Type":15,"Integer":0,"String":"a","Interface":null}}
2025-08-15T22:13:21.939-0500	DEBUG	protocol/handler.go:1591	have processed broadcast	{"{round 20 3  <nil>}": {"Key":"from","Type":15,"Integer":0,"String":"b","Interface":null}}
2025-08-15T22:13:21.945-0500	DEBUG	protocol/handler.go:1591	have processed broadcast	{"{round 20 3  <nil>}": {"Key":"from","Type":15,"Integer":0,"String":"c","Interface":null}}
2025-08-15T22:13:21.945-0500	DEBUG	protocol/handler.go:1649	have all messages and processed	{"{round 20 3  <nil>}": {"Key":"self","Type":15,"Integer":0,"String":"a","Interface":null}}
2025-08-15T22:13:21.945-0500	DEBUG	protocol/handler.go:596	round already finalized
2025-08-15T22:13:21.947-0500	DEBUG	protocol/handler.go:581	tryAdvanceRound called	{"{current_round 20 3  <nil>}": {"Key":"self","Type":15,"Integer":0,"String":"b","Interface":null}}
2025-08-15T22:13:21.948-0500	DEBUG	protocol/handler.go:1591	have processed broadcast	{"{round 20 3  <nil>}": {"Key":"from","Type":15,"Integer":0,"String":"a","Interface":null}}
2025-08-15T22:13:21.948-0500	DEBUG	protocol/handler.go:1591	have processed broadcast	{"{round 20 3  <nil>}": {"Key":"from","Type":15,"Integer":0,"String":"c","Interface":null}}
2025-08-15T22:13:21.948-0500	DEBUG	protocol/handler.go:1649	have all messages and processed	{"{round 20 3  <nil>}": {"Key":"self","Type":15,"Integer":0,"String":"b","Interface":null}}
2025-08-15T22:13:21.949-0500	DEBUG	protocol/handler.go:596	round already finalized
2025-08-15T22:13:21.949-0500	DEBUG	protocol/handler.go:581	tryAdvanceRound called	{"{current_round 20 3  <nil>}": {"Key":"self","Type":15,"Integer":0,"String":"a","Interface":null}}
2025-08-15T22:13:21.949-0500	DEBUG	protocol/handler.go:1591	have processed broadcast	{"{round 20 3  <nil>}": {"Key":"from","Type":15,"Integer":0,"String":"b","Interface":null}}
2025-08-15T22:13:21.952-0500	DEBUG	protocol/handler.go:1591	have processed broadcast	{"{round 20 3  <nil>}": {"Key":"from","Type":15,"Integer":0,"String":"c","Interface":null}}
2025-08-15T22:13:21.952-0500	DEBUG	protocol/handler.go:1649	have all messages and processed	{"{round 20 3  <nil>}": {"Key":"self","Type":15,"Integer":0,"String":"a","Interface":null}}
2025-08-15T22:13:21.953-0500	DEBUG	protocol/handler.go:596	round already finalized
2025-08-15T22:13:21.953-0500	DEBUG	protocol/handler.go:581	tryAdvanceRound called	{"{current_round 20 3  <nil>}": {"Key":"self","Type":15,"Integer":0,"String":"b","Interface":null}}
2025-08-15T22:13:21.954-0500	DEBUG	protocol/handler.go:1591	have processed broadcast	{"{round 20 3  <nil>}": {"Key":"from","Type":15,"Integer":0,"String":"a","Interface":null}}
2025-08-15T22:13:21.954-0500	DEBUG	protocol/handler.go:1591	have processed broadcast	{"{round 20 3  <nil>}": {"Key":"from","Type":15,"Integer":0,"String":"c","Interface":null}}
2025-08-15T22:13:21.954-0500	DEBUG	protocol/handler.go:1649	have all messages and processed	{"{round 20 3  <nil>}": {"Key":"self","Type":15,"Integer":0,"String":"b","Interface":null}}
2025-08-15T22:13:21.954-0500	DEBUG	protocol/handler.go:596	round already finalized
2025-08-15T22:13:21.895-0500	DEBUG	protocol/handler.go:1649	have all messages and processed	{"{round 20 3  <nil>}": {"Key":"self","Type":15,"Integer":0,"String":"c","Interface":null}}
2025-08-15T22:13:21.970-0500	DEBUG	protocol/handler.go:596	round already finalized
2025-08-15T22:13:21.970-0500	DEBUG	protocol/handler.go:581	tryAdvanceRound called	{"{current_round 20 3  <nil>}": {"Key":"self","Type":15,"Integer":0,"String":"c","Interface":null}}
2025-08-15T22:13:21.970-0500	DEBUG	protocol/handler.go:1591	have processed broadcast	{"{round 20 3  <nil>}": {"Key":"from","Type":15,"Integer":0,"String":"a","Interface":null}}
2025-08-15T22:13:21.970-0500	DEBUG	protocol/handler.go:1591	have processed broadcast	{"{round 20 3  <nil>}": {"Key":"from","Type":15,"Integer":0,"String":"b","Interface":null}}
2025-08-15T22:13:21.977-0500	DEBUG	protocol/handler.go:1649	have all messages and processed	{"{round 20 3  <nil>}": {"Key":"self","Type":15,"Integer":0,"String":"c","Interface":null}}
2025-08-15T22:13:21.977-0500	DEBUG	protocol/handler.go:596	round already finalized
2025-08-15T22:13:21.977-0500	DEBUG	protocol/handler.go:581	tryAdvanceRound called	{"{current_round 20 3  <nil>}": {"Key":"self","Type":15,"Integer":0,"String":"c","Interface":null}}
2025-08-15T22:13:21.977-0500	DEBUG	protocol/handler.go:1591	have processed broadcast	{"{round 20 3  <nil>}": {"Key":"from","Type":15,"Integer":0,"String":"a","Interface":null}}
2025-08-15T22:13:21.978-0500	DEBUG	protocol/handler.go:1591	have processed broadcast	{"{round 20 3  <nil>}": {"Key":"from","Type":15,"Integer":0,"String":"b","Interface":null}}
2025-08-15T22:13:21.978-0500	DEBUG	protocol/handler.go:1649	have all messages and processed	{"{round 20 3  <nil>}": {"Key":"self","Type":15,"Integer":0,"String":"c","Interface":null}}
2025-08-15T22:13:21.978-0500	DEBUG	protocol/handler.go:596	round already finalized
2025-08-15T22:13:21.997-0500	DEBUG	protocol/handler.go:581	tryAdvanceRound called	{"{current_round 20 3  <nil>}": {"Key":"self","Type":15,"Integer":0,"String":"b","Interface":null}}
2025-08-15T22:13:21.997-0500	DEBUG	protocol/handler.go:1591	have processed broadcast	{"{round 20 3  <nil>}": {"Key":"from","Type":15,"Integer":0,"String":"a","Interface":null}}
2025-08-15T22:13:21.997-0500	DEBUG	protocol/handler.go:1591	have processed broadcast	{"{round 20 3  <nil>}": {"Key":"from","Type":15,"Integer":0,"String":"c","Interface":null}}
2025-08-15T22:13:21.997-0500	DEBUG	protocol/handler.go:1649	have all messages and processed	{"{round 20 3  <nil>}": {"Key":"self","Type":15,"Integer":0,"String":"b","Interface":null}}
2025-08-15T22:13:21.997-0500	DEBUG	protocol/handler.go:596	round already finalized
2025-08-15T22:13:21.997-0500	DEBUG	protocol/handler.go:581	tryAdvanceRound called	{"{current_round 20 3  <nil>}": {"Key":"self","Type":15,"Integer":0,"String":"b","Interface":null}}
2025-08-15T22:13:21.997-0500	DEBUG	protocol/handler.go:1591	have processed broadcast	{"{round 20 3  <nil>}": {"Key":"from","Type":15,"Integer":0,"String":"a","Interface":null}}
2025-08-15T22:13:21.997-0500	DEBUG	protocol/handler.go:1591	have processed broadcast	{"{round 20 3  <nil>}": {"Key":"from","Type":15,"Integer":0,"String":"c","Interface":null}}
2025-08-15T22:13:21.997-0500	DEBUG	protocol/handler.go:1649	have all messages and processed	{"{round 20 3  <nil>}": {"Key":"self","Type":15,"Integer":0,"String":"b","Interface":null}}
2025-08-15T22:13:21.997-0500	DEBUG	protocol/handler.go:596	round already finalized
2025-08-15T22:13:21.997-0500	DEBUG	protocol/handler.go:581	tryAdvanceRound called	{"{current_round 20 3  <nil>}": {"Key":"self","Type":15,"Integer":0,"String":"a","Interface":null}}
2025-08-15T22:13:21.997-0500	DEBUG	protocol/handler.go:1591	have processed broadcast	{"{round 20 3  <nil>}": {"Key":"from","Type":15,"Integer":0,"String":"b","Interface":null}}
2025-08-15T22:13:21.997-0500	DEBUG	protocol/handler.go:1591	have processed broadcast	{"{round 20 3  <nil>}": {"Key":"from","Type":15,"Integer":0,"String":"c","Interface":null}}
2025-08-15T22:13:21.997-0500	DEBUG	protocol/handler.go:1649	have all messages and processed	{"{round 20 3  <nil>}": {"Key":"self","Type":15,"Integer":0,"String":"a","Interface":null}}
2025-08-15T22:13:21.998-0500	DEBUG	protocol/handler.go:596	round already finalized
2025-08-15T22:13:21.998-0500	DEBUG	protocol/handler.go:581	tryAdvanceRound called	{"{current_round 20 3  <nil>}": {"Key":"self","Type":15,"Integer":0,"String":"a","Interface":null}}
2025-08-15T22:13:21.998-0500	DEBUG	protocol/handler.go:1591	have processed broadcast	{"{round 20 3  <nil>}": {"Key":"from","Type":15,"Integer":0,"String":"b","Interface":null}}
2025-08-15T22:13:21.998-0500	DEBUG	protocol/handler.go:1591	have processed broadcast	{"{round 20 3  <nil>}": {"Key":"from","Type":15,"Integer":0,"String":"c","Interface":null}}
2025-08-15T22:13:21.998-0500	DEBUG	protocol/handler.go:1649	have all messages and processed	{"{round 20 3  <nil>}": {"Key":"self","Type":15,"Integer":0,"String":"a","Interface":null}}
2025-08-15T22:13:21.998-0500	DEBUG	protocol/handler.go:596	round already finalized
2025-08-15T22:13:22.014-0500	DEBUG	protocol/handler.go:581	tryAdvanceRound called	{"{current_round 20 3  <nil>}": {"Key":"self","Type":15,"Integer":0,"String":"c","Interface":null}}
2025-08-15T22:13:22.017-0500	DEBUG	protocol/handler.go:1591	have processed broadcast	{"{round 20 3  <nil>}": {"Key":"from","Type":15,"Integer":0,"String":"a","Interface":null}}
2025-08-15T22:13:22.017-0500	DEBUG	protocol/handler.go:1591	have processed broadcast	{"{round 20 3  <nil>}": {"Key":"from","Type":15,"Integer":0,"String":"b","Interface":null}}
2025-08-15T22:13:22.024-0500	DEBUG	protocol/handler.go:1649	have all messages and processed	{"{round 20 3  <nil>}": {"Key":"self","Type":15,"Integer":0,"String":"c","Interface":null}}
2025-08-15T22:13:22.028-0500	DEBUG	protocol/handler.go:596	round already finalized
2025-08-15T22:13:22.032-0500	DEBUG	protocol/handler.go:581	tryAdvanceRound called	{"{current_round 20 3  <nil>}": {"Key":"self","Type":15,"Integer":0,"String":"c","Interface":null}}
2025-08-15T22:13:22.037-0500	DEBUG	protocol/handler.go:581	tryAdvanceRound called	{"{current_round 20 3  <nil>}": {"Key":"self","Type":15,"Integer":0,"String":"b","Interface":null}}
2025-08-15T22:13:22.037-0500	DEBUG	protocol/handler.go:1591	have processed broadcast	{"{round 20 3  <nil>}": {"Key":"from","Type":15,"Integer":0,"String":"a","Interface":null}}
2025-08-15T22:13:22.037-0500	DEBUG	protocol/handler.go:1591	have processed broadcast	{"{round 20 3  <nil>}": {"Key":"from","Type":15,"Integer":0,"String":"c","Interface":null}}
2025-08-15T22:13:22.037-0500	DEBUG	protocol/handler.go:1649	have all messages and processed	{"{round 20 3  <nil>}": {"Key":"self","Type":15,"Integer":0,"String":"b","Interface":null}}
2025-08-15T22:13:22.037-0500	DEBUG	protocol/handler.go:596	round already finalized
2025-08-15T22:13:22.037-0500	DEBUG	protocol/handler.go:581	tryAdvanceRound called	{"{current_round 20 3  <nil>}": {"Key":"self","Type":15,"Integer":0,"String":"b","Interface":null}}
2025-08-15T22:13:22.037-0500	DEBUG	protocol/handler.go:1591	have processed broadcast	{"{round 20 3  <nil>}": {"Key":"from","Type":15,"Integer":0,"String":"a","Interface":null}}
2025-08-15T22:13:22.037-0500	DEBUG	protocol/handler.go:1591	have processed broadcast	{"{round 20 3  <nil>}": {"Key":"from","Type":15,"Integer":0,"String":"c","Interface":null}}
2025-08-15T22:13:22.037-0500	DEBUG	protocol/handler.go:1649	have all messages and processed	{"{round 20 3  <nil>}": {"Key":"self","Type":15,"Integer":0,"String":"b","Interface":null}}
2025-08-15T22:13:22.037-0500	DEBUG	protocol/handler.go:596	round already finalized
2025-08-15T22:13:22.037-0500	DEBUG	protocol/handler.go:581	tryAdvanceRound called	{"{current_round 20 3  <nil>}": {"Key":"self","Type":15,"Integer":0,"String":"a","Interface":null}}
2025-08-15T22:13:22.037-0500	DEBUG	protocol/handler.go:1591	have processed broadcast	{"{round 20 3  <nil>}": {"Key":"from","Type":15,"Integer":0,"String":"b","Interface":null}}
2025-08-15T22:13:22.037-0500	DEBUG	protocol/handler.go:1591	have processed broadcast	{"{round 20 3  <nil>}": {"Key":"from","Type":15,"Integer":0,"String":"c","Interface":null}}
2025-08-15T22:13:22.038-0500	DEBUG	protocol/handler.go:1649	have all messages and processed	{"{round 20 3  <nil>}": {"Key":"self","Type":15,"Integer":0,"String":"a","Interface":null}}
2025-08-15T22:13:22.038-0500	DEBUG	protocol/handler.go:596	round already finalized
2025-08-15T22:13:22.038-0500	DEBUG	protocol/handler.go:581	tryAdvanceRound called	{"{current_round 20 3  <nil>}": {"Key":"self","Type":15,"Integer":0,"String":"a","Interface":null}}
2025-08-15T22:13:22.038-0500	DEBUG	protocol/handler.go:1591	have processed broadcast	{"{round 20 3  <nil>}": {"Key":"from","Type":15,"Integer":0,"String":"b","Interface":null}}
2025-08-15T22:13:22.038-0500	DEBUG	protocol/handler.go:1591	have processed broadcast	{"{round 20 3  <nil>}": {"Key":"from","Type":15,"Integer":0,"String":"c","Interface":null}}
2025-08-15T22:13:22.038-0500	DEBUG	protocol/handler.go:1649	have all messages and processed	{"{round 20 3  <nil>}": {"Key":"self","Type":15,"Integer":0,"String":"a","Interface":null}}
2025-08-15T22:13:22.038-0500	DEBUG	protocol/handler.go:596	round already finalized
2025-08-15T22:13:22.084-0500	DEBUG	protocol/handler.go:581	tryAdvanceRound called	{"{current_round 20 3  <nil>}": {"Key":"self","Type":15,"Integer":0,"String":"b","Interface":null}}
2025-08-15T22:13:22.086-0500	DEBUG	protocol/handler.go:1591	have processed broadcast	{"{round 20 3  <nil>}": {"Key":"from","Type":15,"Integer":0,"String":"a","Interface":null}}
2025-08-15T22:13:22.094-0500	DEBUG	protocol/handler.go:1591	have processed broadcast	{"{round 20 3  <nil>}": {"Key":"from","Type":15,"Integer":0,"String":"c","Interface":null}}
2025-08-15T22:13:22.149-0500	DEBUG	protocol/handler.go:1649	have all messages and processed	{"{round 20 3  <nil>}": {"Key":"self","Type":15,"Integer":0,"String":"b","Interface":null}}
2025-08-15T22:13:22.149-0500	DEBUG	protocol/handler.go:596	round already finalized
2025-08-15T22:13:22.149-0500	DEBUG	protocol/handler.go:581	tryAdvanceRound called	{"{current_round 20 3  <nil>}": {"Key":"self","Type":15,"Integer":0,"String":"b","Interface":null}}
2025-08-15T22:13:22.149-0500	DEBUG	protocol/handler.go:1591	have processed broadcast	{"{round 20 3  <nil>}": {"Key":"from","Type":15,"Integer":0,"String":"a","Interface":null}}
2025-08-15T22:13:22.149-0500	DEBUG	protocol/handler.go:1591	have processed broadcast	{"{round 20 3  <nil>}": {"Key":"from","Type":15,"Integer":0,"String":"c","Interface":null}}
2025-08-15T22:13:22.149-0500	DEBUG	protocol/handler.go:1649	have all messages and processed	{"{round 20 3  <nil>}": {"Key":"self","Type":15,"Integer":0,"String":"b","Interface":null}}
2025-08-15T22:13:22.149-0500	DEBUG	protocol/handler.go:596	round already finalized
2025-08-15T22:13:22.034-0500	DEBUG	protocol/handler.go:1591	have processed broadcast	{"{round 20 3  <nil>}": {"Key":"from","Type":15,"Integer":0,"String":"a","Interface":null}}
2025-08-15T22:13:22.149-0500	DEBUG	protocol/handler.go:1591	have processed broadcast	{"{round 20 3  <nil>}": {"Key":"from","Type":15,"Integer":0,"String":"b","Interface":null}}
2025-08-15T22:13:22.149-0500	DEBUG	protocol/handler.go:1649	have all messages and processed	{"{round 20 3  <nil>}": {"Key":"self","Type":15,"Integer":0,"String":"c","Interface":null}}
2025-08-15T22:13:22.149-0500	DEBUG	protocol/handler.go:596	round already finalized
2025-08-15T22:13:22.149-0500	DEBUG	protocol/handler.go:581	tryAdvanceRound called	{"{current_round 20 3  <nil>}": {"Key":"self","Type":15,"Integer":0,"String":"c","Interface":null}}
2025-08-15T22:13:22.149-0500	DEBUG	protocol/handler.go:1591	have processed broadcast	{"{round 20 3  <nil>}": {"Key":"from","Type":15,"Integer":0,"String":"a","Interface":null}}
2025-08-15T22:13:22.149-0500	DEBUG	protocol/handler.go:1591	have processed broadcast	{"{round 20 3  <nil>}": {"Key":"from","Type":15,"Integer":0,"String":"b","Interface":null}}
2025-08-15T22:13:22.149-0500	DEBUG	protocol/handler.go:1649	have all messages and processed	{"{round 20 3  <nil>}": {"Key":"self","Type":15,"Integer":0,"String":"c","Interface":null}}
2025-08-15T22:13:22.149-0500	DEBUG	protocol/handler.go:596	round already finalized
2025-08-15T22:13:22.107-0500	DEBUG	protocol/handler.go:581	tryAdvanceRound called	{"{current_round 20 3  <nil>}": {"Key":"self","Type":15,"Integer":0,"String":"a","Interface":null}}
2025-08-15T22:13:22.172-0500	DEBUG	protocol/handler.go:1591	have processed broadcast	{"{round 20 3  <nil>}": {"Key":"from","Type":15,"Integer":0,"String":"b","Interface":null}}
2025-08-15T22:13:22.176-0500	DEBUG	protocol/handler.go:1591	have processed broadcast	{"{round 20 3  <nil>}": {"Key":"from","Type":15,"Integer":0,"String":"c","Interface":null}}
2025-08-15T22:13:22.176-0500	DEBUG	protocol/handler.go:1649	have all messages and processed	{"{round 20 3  <nil>}": {"Key":"self","Type":15,"Integer":0,"String":"a","Interface":null}}
2025-08-15T22:13:22.176-0500	DEBUG	protocol/handler.go:596	round already finalized
2025-08-15T22:13:22.176-0500	DEBUG	protocol/handler.go:581	tryAdvanceRound called	{"{current_round 20 3  <nil>}": {"Key":"self","Type":15,"Integer":0,"String":"a","Interface":null}}
2025-08-15T22:13:22.176-0500	DEBUG	protocol/handler.go:1591	have processed broadcast	{"{round 20 3  <nil>}": {"Key":"from","Type":15,"Integer":0,"String":"b","Interface":null}}
2025-08-15T22:13:22.176-0500	DEBUG	protocol/handler.go:1591	have processed broadcast	{"{round 20 3  <nil>}": {"Key":"from","Type":15,"Integer":0,"String":"c","Interface":null}}
2025-08-15T22:13:22.176-0500	DEBUG	protocol/handler.go:1649	have all messages and processed	{"{round 20 3  <nil>}": {"Key":"self","Type":15,"Integer":0,"String":"a","Interface":null}}
2025-08-15T22:13:22.176-0500	DEBUG	protocol/handler.go:596	round already finalized
2025-08-15T22:13:22.207-0500	DEBUG	protocol/handler.go:581	tryAdvanceRound called	{"{current_round 20 3  <nil>}": {"Key":"self","Type":15,"Integer":0,"String":"b","Interface":null}}
2025-08-15T22:13:22.209-0500	DEBUG	protocol/handler.go:1591	have processed broadcast	{"{round 20 3  <nil>}": {"Key":"from","Type":15,"Integer":0,"String":"a","Interface":null}}
2025-08-15T22:13:22.216-0500	DEBUG	protocol/handler.go:1591	have processed broadcast	{"{round 20 3  <nil>}": {"Key":"from","Type":15,"Integer":0,"String":"c","Interface":null}}
2025-08-15T22:13:22.216-0500	DEBUG	protocol/handler.go:1649	have all messages and processed	{"{round 20 3  <nil>}": {"Key":"self","Type":15,"Integer":0,"String":"b","Interface":null}}
2025-08-15T22:13:22.216-0500	DEBUG	protocol/handler.go:596	round already finalized
2025-08-15T22:13:22.216-0500	DEBUG	protocol/handler.go:581	tryAdvanceRound called	{"{current_round 20 3  <nil>}": {"Key":"self","Type":15,"Integer":0,"String":"b","Interface":null}}
2025-08-15T22:13:22.216-0500	DEBUG	protocol/handler.go:1591	have processed broadcast	{"{round 20 3  <nil>}": {"Key":"from","Type":15,"Integer":0,"String":"a","Interface":null}}
2025-08-15T22:13:22.216-0500	DEBUG	protocol/handler.go:1591	have processed broadcast	{"{round 20 3  <nil>}": {"Key":"from","Type":15,"Integer":0,"String":"c","Interface":null}}
2025-08-15T22:13:22.216-0500	DEBUG	protocol/handler.go:1649	have all messages and processed	{"{round 20 3  <nil>}": {"Key":"self","Type":15,"Integer":0,"String":"b","Interface":null}}
2025-08-15T22:13:22.216-0500	DEBUG	protocol/handler.go:596	round already finalized
2025-08-15T22:13:22.216-0500	DEBUG	protocol/handler.go:581	tryAdvanceRound called	{"{current_round 20 3  <nil>}": {"Key":"self","Type":15,"Integer":0,"String":"b","Interface":null}}
2025-08-15T22:13:22.216-0500	DEBUG	protocol/handler.go:1591	have processed broadcast	{"{round 20 3  <nil>}": {"Key":"from","Type":15,"Integer":0,"String":"a","Interface":null}}
2025-08-15T22:13:22.216-0500	DEBUG	protocol/handler.go:1591	have processed broadcast	{"{round 20 3  <nil>}": {"Key":"from","Type":15,"Integer":0,"String":"c","Interface":null}}
2025-08-15T22:13:22.223-0500	DEBUG	protocol/handler.go:1649	have all messages and processed	{"{round 20 3  <nil>}": {"Key":"self","Type":15,"Integer":0,"String":"b","Interface":null}}
2025-08-15T22:13:22.223-0500	DEBUG	protocol/handler.go:596	round already finalized
2025-08-15T22:13:22.224-0500	DEBUG	protocol/handler.go:581	tryAdvanceRound called	{"{current_round 20 3  <nil>}": {"Key":"self","Type":15,"Integer":0,"String":"b","Interface":null}}
2025-08-15T22:13:22.224-0500	DEBUG	protocol/handler.go:1591	have processed broadcast	{"{round 20 3  <nil>}": {"Key":"from","Type":15,"Integer":0,"String":"a","Interface":null}}
2025-08-15T22:13:22.224-0500	DEBUG	protocol/handler.go:1591	have processed broadcast	{"{round 20 3  <nil>}": {"Key":"from","Type":15,"Integer":0,"String":"c","Interface":null}}
2025-08-15T22:13:22.224-0500	DEBUG	protocol/handler.go:1649	have all messages and processed	{"{round 20 3  <nil>}": {"Key":"self","Type":15,"Integer":0,"String":"b","Interface":null}}
2025-08-15T22:13:22.224-0500	DEBUG	protocol/handler.go:596	round already finalized
2025-08-15T22:13:22.224-0500	DEBUG	protocol/handler.go:581	tryAdvanceRound called	{"{current_round 20 3  <nil>}": {"Key":"self","Type":15,"Integer":0,"String":"c","Interface":null}}
2025-08-15T22:13:22.224-0500	DEBUG	protocol/handler.go:1591	have processed broadcast	{"{round 20 3  <nil>}": {"Key":"from","Type":15,"Integer":0,"String":"a","Interface":null}}
2025-08-15T22:13:22.224-0500	DEBUG	protocol/handler.go:1591	have processed broadcast	{"{round 20 3  <nil>}": {"Key":"from","Type":15,"Integer":0,"String":"b","Interface":null}}
2025-08-15T22:13:22.224-0500	DEBUG	protocol/handler.go:1649	have all messages and processed	{"{round 20 3  <nil>}": {"Key":"self","Type":15,"Integer":0,"String":"c","Interface":null}}
2025-08-15T22:13:22.224-0500	DEBUG	protocol/handler.go:596	round already finalized
2025-08-15T22:13:22.224-0500	DEBUG	protocol/handler.go:581	tryAdvanceRound called	{"{current_round 20 3  <nil>}": {"Key":"self","Type":15,"Integer":0,"String":"c","Interface":null}}
2025-08-15T22:13:22.224-0500	DEBUG	protocol/handler.go:1591	have processed broadcast	{"{round 20 3  <nil>}": {"Key":"from","Type":15,"Integer":0,"String":"a","Interface":null}}
2025-08-15T22:13:22.224-0500	DEBUG	protocol/handler.go:1591	have processed broadcast	{"{round 20 3  <nil>}": {"Key":"from","Type":15,"Integer":0,"String":"b","Interface":null}}
2025-08-15T22:13:22.224-0500	DEBUG	protocol/handler.go:1649	have all messages and processed	{"{round 20 3  <nil>}": {"Key":"self","Type":15,"Integer":0,"String":"c","Interface":null}}
2025-08-15T22:13:22.224-0500	DEBUG	protocol/handler.go:596	round already finalized
2025-08-15T22:13:22.224-0500	DEBUG	protocol/handler.go:581	tryAdvanceRound called	{"{current_round 20 3  <nil>}": {"Key":"self","Type":15,"Integer":0,"String":"a","Interface":null}}
2025-08-15T22:13:22.228-0500	DEBUG	protocol/handler.go:1591	have processed broadcast	{"{round 20 3  <nil>}": {"Key":"from","Type":15,"Integer":0,"String":"b","Interface":null}}
2025-08-15T22:13:22.228-0500	DEBUG	protocol/handler.go:1591	have processed broadcast	{"{round 20 3  <nil>}": {"Key":"from","Type":15,"Integer":0,"String":"c","Interface":null}}
2025-08-15T22:13:22.228-0500	DEBUG	protocol/handler.go:1649	have all messages and processed	{"{round 20 3  <nil>}": {"Key":"self","Type":15,"Integer":0,"String":"a","Interface":null}}
2025-08-15T22:13:22.228-0500	DEBUG	protocol/handler.go:596	round already finalized
2025-08-15T22:13:22.228-0500	DEBUG	protocol/handler.go:581	tryAdvanceRound called	{"{current_round 20 3  <nil>}": {"Key":"self","Type":15,"Integer":0,"String":"a","Interface":null}}
2025-08-15T22:13:22.228-0500	DEBUG	protocol/handler.go:1591	have processed broadcast	{"{round 20 3  <nil>}": {"Key":"from","Type":15,"Integer":0,"String":"b","Interface":null}}
2025-08-15T22:13:22.228-0500	DEBUG	protocol/handler.go:1591	have processed broadcast	{"{round 20 3  <nil>}": {"Key":"from","Type":15,"Integer":0,"String":"c","Interface":null}}
2025-08-15T22:13:22.229-0500	DEBUG	protocol/handler.go:1649	have all messages and processed	{"{round 20 3  <nil>}": {"Key":"self","Type":15,"Integer":0,"String":"a","Interface":null}}
2025-08-15T22:13:22.229-0500	DEBUG	protocol/handler.go:596	round already finalized
2025-08-15T22:13:22.229-0500	DEBUG	protocol/handler.go:581	tryAdvanceRound called	{"{current_round 20 3  <nil>}": {"Key":"self","Type":15,"Integer":0,"String":"a","Interface":null}}
2025-08-15T22:13:22.229-0500	DEBUG	protocol/handler.go:1591	have processed broadcast	{"{round 20 3  <nil>}": {"Key":"from","Type":15,"Integer":0,"String":"b","Interface":null}}
2025-08-15T22:13:22.229-0500	DEBUG	protocol/handler.go:1591	have processed broadcast	{"{round 20 3  <nil>}": {"Key":"from","Type":15,"Integer":0,"String":"c","Interface":null}}
2025-08-15T22:13:22.229-0500	DEBUG	protocol/handler.go:1649	have all messages and processed	{"{round 20 3  <nil>}": {"Key":"self","Type":15,"Integer":0,"String":"a","Interface":null}}
2025-08-15T22:13:22.229-0500	DEBUG	protocol/handler.go:596	round already finalized
2025-08-15T22:13:22.257-0500	DEBUG	protocol/handler.go:581	tryAdvanceRound called	{"{current_round 20 3  <nil>}": {"Key":"self","Type":15,"Integer":0,"String":"a","Interface":null}}
2025-08-15T22:13:22.258-0500	DEBUG	protocol/handler.go:1591	have processed broadcast	{"{round 20 3  <nil>}": {"Key":"from","Type":15,"Integer":0,"String":"b","Interface":null}}
2025-08-15T22:13:22.258-0500	DEBUG	protocol/handler.go:1591	have processed broadcast	{"{round 20 3  <nil>}": {"Key":"from","Type":15,"Integer":0,"String":"c","Interface":null}}
2025-08-15T22:13:22.258-0500	DEBUG	protocol/handler.go:1649	have all messages and processed	{"{round 20 3  <nil>}": {"Key":"self","Type":15,"Integer":0,"String":"a","Interface":null}}
2025-08-15T22:13:22.258-0500	DEBUG	protocol/handler.go:596	round already finalized
2025-08-15T22:13:22.286-0500	DEBUG	protocol/handler.go:581	tryAdvanceRound called	{"{current_round 20 3  <nil>}": {"Key":"self","Type":15,"Integer":0,"String":"b","Interface":null}}
2025-08-15T22:13:22.287-0500	DEBUG	protocol/handler.go:1591	have processed broadcast	{"{round 20 3  <nil>}": {"Key":"from","Type":15,"Integer":0,"String":"a","Interface":null}}
2025-08-15T22:13:22.287-0500	DEBUG	protocol/handler.go:1591	have processed broadcast	{"{round 20 3  <nil>}": {"Key":"from","Type":15,"Integer":0,"String":"c","Interface":null}}
2025-08-15T22:13:22.287-0500	DEBUG	protocol/handler.go:1649	have all messages and processed	{"{round 20 3  <nil>}": {"Key":"self","Type":15,"Integer":0,"String":"b","Interface":null}}
2025-08-15T22:13:22.287-0500	DEBUG	protocol/handler.go:596	round already finalized
2025-08-15T22:13:22.287-0500	DEBUG	protocol/handler.go:581	tryAdvanceRound called	{"{current_round 20 3  <nil>}": {"Key":"self","Type":15,"Integer":0,"String":"b","Interface":null}}
2025-08-15T22:13:22.287-0500	DEBUG	protocol/handler.go:1591	have processed broadcast	{"{round 20 3  <nil>}": {"Key":"from","Type":15,"Integer":0,"String":"a","Interface":null}}
2025-08-15T22:13:22.287-0500	DEBUG	protocol/handler.go:1591	have processed broadcast	{"{round 20 3  <nil>}": {"Key":"from","Type":15,"Integer":0,"String":"c","Interface":null}}
2025-08-15T22:13:22.291-0500	DEBUG	protocol/handler.go:1649	have all messages and processed	{"{round 20 3  <nil>}": {"Key":"self","Type":15,"Integer":0,"String":"b","Interface":null}}
2025-08-15T22:13:22.291-0500	DEBUG	protocol/handler.go:596	round already finalized
2025-08-15T22:13:22.291-0500	DEBUG	protocol/handler.go:581	tryAdvanceRound called	{"{current_round 20 3  <nil>}": {"Key":"self","Type":15,"Integer":0,"String":"b","Interface":null}}
2025-08-15T22:13:22.292-0500	DEBUG	protocol/handler.go:1591	have processed broadcast	{"{round 20 3  <nil>}": {"Key":"from","Type":15,"Integer":0,"String":"a","Interface":null}}
2025-08-15T22:13:22.292-0500	DEBUG	protocol/handler.go:1591	have processed broadcast	{"{round 20 3  <nil>}": {"Key":"from","Type":15,"Integer":0,"String":"c","Interface":null}}
2025-08-15T22:13:22.292-0500	DEBUG	protocol/handler.go:1649	have all messages and processed	{"{round 20 3  <nil>}": {"Key":"self","Type":15,"Integer":0,"String":"b","Interface":null}}
2025-08-15T22:13:22.292-0500	DEBUG	protocol/handler.go:596	round already finalized
2025-08-15T22:13:22.292-0500	DEBUG	protocol/handler.go:581	tryAdvanceRound called	{"{current_round 20 3  <nil>}": {"Key":"self","Type":15,"Integer":0,"String":"c","Interface":null}}
2025-08-15T22:13:22.292-0500	DEBUG	protocol/handler.go:1591	have processed broadcast	{"{round 20 3  <nil>}": {"Key":"from","Type":15,"Integer":0,"String":"a","Interface":null}}
2025-08-15T22:13:22.292-0500	DEBUG	protocol/handler.go:1591	have processed broadcast	{"{round 20 3  <nil>}": {"Key":"from","Type":15,"Integer":0,"String":"b","Interface":null}}
2025-08-15T22:13:22.292-0500	DEBUG	protocol/handler.go:1649	have all messages and processed	{"{round 20 3  <nil>}": {"Key":"self","Type":15,"Integer":0,"String":"c","Interface":null}}
2025-08-15T22:13:22.292-0500	DEBUG	protocol/handler.go:596	round already finalized
2025-08-15T22:13:22.292-0500	DEBUG	protocol/handler.go:581	tryAdvanceRound called	{"{current_round 20 3  <nil>}": {"Key":"self","Type":15,"Integer":0,"String":"c","Interface":null}}
2025-08-15T22:13:22.292-0500	DEBUG	protocol/handler.go:1591	have processed broadcast	{"{round 20 3  <nil>}": {"Key":"from","Type":15,"Integer":0,"String":"a","Interface":null}}
2025-08-15T22:13:22.292-0500	DEBUG	protocol/handler.go:1591	have processed broadcast	{"{round 20 3  <nil>}": {"Key":"from","Type":15,"Integer":0,"String":"b","Interface":null}}
2025-08-15T22:13:22.292-0500	DEBUG	protocol/handler.go:1649	have all messages and processed	{"{round 20 3  <nil>}": {"Key":"self","Type":15,"Integer":0,"String":"c","Interface":null}}
2025-08-15T22:13:22.292-0500	DEBUG	protocol/handler.go:596	round already finalized
2025-08-15T22:13:22.292-0500	DEBUG	protocol/handler.go:581	tryAdvanceRound called	{"{current_round 20 3  <nil>}": {"Key":"self","Type":15,"Integer":0,"String":"a","Interface":null}}
2025-08-15T22:13:22.292-0500	DEBUG	protocol/handler.go:1591	have processed broadcast	{"{round 20 3  <nil>}": {"Key":"from","Type":15,"Integer":0,"String":"b","Interface":null}}
2025-08-15T22:13:22.292-0500	DEBUG	protocol/handler.go:1591	have processed broadcast	{"{round 20 3  <nil>}": {"Key":"from","Type":15,"Integer":0,"String":"c","Interface":null}}
2025-08-15T22:13:22.292-0500	DEBUG	protocol/handler.go:1649	have all messages and processed	{"{round 20 3  <nil>}": {"Key":"self","Type":15,"Integer":0,"String":"a","Interface":null}}
2025-08-15T22:13:22.292-0500	DEBUG	protocol/handler.go:596	round already finalized
2025-08-15T22:13:22.304-0500	DEBUG	protocol/handler.go:581	tryAdvanceRound called	{"{current_round 20 3  <nil>}": {"Key":"self","Type":15,"Integer":0,"String":"c","Interface":null}}
2025-08-15T22:13:22.304-0500	DEBUG	protocol/handler.go:1591	have processed broadcast	{"{round 20 3  <nil>}": {"Key":"from","Type":15,"Integer":0,"String":"a","Interface":null}}
2025-08-15T22:13:22.304-0500	DEBUG	protocol/handler.go:1591	have processed broadcast	{"{round 20 3  <nil>}": {"Key":"from","Type":15,"Integer":0,"String":"b","Interface":null}}
2025-08-15T22:13:22.304-0500	DEBUG	protocol/handler.go:1649	have all messages and processed	{"{round 20 3  <nil>}": {"Key":"self","Type":15,"Integer":0,"String":"c","Interface":null}}
2025-08-15T22:13:22.304-0500	DEBUG	protocol/handler.go:596	round already finalized
2025-08-15T22:13:22.335-0500	DEBUG	protocol/handler.go:581	tryAdvanceRound called	{"{current_round 20 3  <nil>}": {"Key":"self","Type":15,"Integer":0,"String":"c","Interface":null}}
2025-08-15T22:13:22.338-0500	DEBUG	protocol/handler.go:1591	have processed broadcast	{"{round 20 3  <nil>}": {"Key":"from","Type":15,"Integer":0,"String":"a","Interface":null}}
2025-08-15T22:13:22.430-0500	DEBUG	protocol/handler.go:1591	have processed broadcast	{"{round 20 3  <nil>}": {"Key":"from","Type":15,"Integer":0,"String":"b","Interface":null}}
2025-08-15T22:13:22.430-0500	DEBUG	protocol/handler.go:1649	have all messages and processed	{"{round 20 3  <nil>}": {"Key":"self","Type":15,"Integer":0,"String":"c","Interface":null}}
2025-08-15T22:13:22.430-0500	DEBUG	protocol/handler.go:596	round already finalized
2025-08-15T22:13:22.430-0500	DEBUG	protocol/handler.go:581	tryAdvanceRound called	{"{current_round 20 3  <nil>}": {"Key":"self","Type":15,"Integer":0,"String":"c","Interface":null}}
2025-08-15T22:13:22.430-0500	DEBUG	protocol/handler.go:1591	have processed broadcast	{"{round 20 3  <nil>}": {"Key":"from","Type":15,"Integer":0,"String":"a","Interface":null}}
2025-08-15T22:13:22.430-0500	DEBUG	protocol/handler.go:1591	have processed broadcast	{"{round 20 3  <nil>}": {"Key":"from","Type":15,"Integer":0,"String":"b","Interface":null}}
2025-08-15T22:13:22.430-0500	DEBUG	protocol/handler.go:1649	have all messages and processed	{"{round 20 3  <nil>}": {"Key":"self","Type":15,"Integer":0,"String":"c","Interface":null}}
2025-08-15T22:13:22.430-0500	DEBUG	protocol/handler.go:596	round already finalized
2025-08-15T22:13:22.388-0500	DEBUG	protocol/handler.go:581	tryAdvanceRound called	{"{current_round 20 3  <nil>}": {"Key":"self","Type":15,"Integer":0,"String":"a","Interface":null}}
2025-08-15T22:13:22.435-0500	DEBUG	protocol/handler.go:1591	have processed broadcast	{"{round 20 3  <nil>}": {"Key":"from","Type":15,"Integer":0,"String":"b","Interface":null}}
2025-08-15T22:13:22.435-0500	DEBUG	protocol/handler.go:1591	have processed broadcast	{"{round 20 3  <nil>}": {"Key":"from","Type":15,"Integer":0,"String":"c","Interface":null}}
2025-08-15T22:13:22.436-0500	DEBUG	protocol/handler.go:1649	have all messages and processed	{"{round 20 3  <nil>}": {"Key":"self","Type":15,"Integer":0,"String":"a","Interface":null}}
2025-08-15T22:13:22.436-0500	DEBUG	protocol/handler.go:596	round already finalized
2025-08-15T22:13:22.436-0500	DEBUG	protocol/handler.go:581	tryAdvanceRound called	{"{current_round 20 3  <nil>}": {"Key":"self","Type":15,"Integer":0,"String":"a","Interface":null}}
2025-08-15T22:13:22.436-0500	DEBUG	protocol/handler.go:1591	have processed broadcast	{"{round 20 3  <nil>}": {"Key":"from","Type":15,"Integer":0,"String":"b","Interface":null}}
2025-08-15T22:13:22.436-0500	DEBUG	protocol/handler.go:1591	have processed broadcast	{"{round 20 3  <nil>}": {"Key":"from","Type":15,"Integer":0,"String":"c","Interface":null}}
2025-08-15T22:13:22.436-0500	DEBUG	protocol/handler.go:1649	have all messages and processed	{"{round 20 3  <nil>}": {"Key":"self","Type":15,"Integer":0,"String":"a","Interface":null}}
2025-08-15T22:13:22.436-0500	DEBUG	protocol/handler.go:596	round already finalized
2025-08-15T22:13:22.436-0500	DEBUG	protocol/handler.go:581	tryAdvanceRound called	{"{current_round 20 3  <nil>}": {"Key":"self","Type":15,"Integer":0,"String":"c","Interface":null}}
2025-08-15T22:13:22.436-0500	DEBUG	protocol/handler.go:1591	have processed broadcast	{"{round 20 3  <nil>}": {"Key":"from","Type":15,"Integer":0,"String":"a","Interface":null}}
2025-08-15T22:13:22.436-0500	DEBUG	protocol/handler.go:1591	have processed broadcast	{"{round 20 3  <nil>}": {"Key":"from","Type":15,"Integer":0,"String":"b","Interface":null}}
2025-08-15T22:13:22.436-0500	DEBUG	protocol/handler.go:1649	have all messages and processed	{"{round 20 3  <nil>}": {"Key":"self","Type":15,"Integer":0,"String":"c","Interface":null}}
2025-08-15T22:13:22.442-0500	DEBUG	protocol/handler.go:596	round already finalized
2025-08-15T22:13:22.442-0500	DEBUG	protocol/handler.go:581	tryAdvanceRound called	{"{current_round 20 3  <nil>}": {"Key":"self","Type":15,"Integer":0,"String":"c","Interface":null}}
2025-08-15T22:13:22.442-0500	DEBUG	protocol/handler.go:1591	have processed broadcast	{"{round 20 3  <nil>}": {"Key":"from","Type":15,"Integer":0,"String":"a","Interface":null}}
2025-08-15T22:13:22.442-0500	DEBUG	protocol/handler.go:1591	have processed broadcast	{"{round 20 3  <nil>}": {"Key":"from","Type":15,"Integer":0,"String":"b","Interface":null}}
2025-08-15T22:13:22.442-0500	DEBUG	protocol/handler.go:1649	have all messages and processed	{"{round 20 3  <nil>}": {"Key":"self","Type":15,"Integer":0,"String":"c","Interface":null}}
2025-08-15T22:13:22.442-0500	DEBUG	protocol/handler.go:596	round already finalized
2025-08-15T22:13:22.442-0500	DEBUG	protocol/handler.go:581	tryAdvanceRound called	{"{current_round 20 3  <nil>}": {"Key":"self","Type":15,"Integer":0,"String":"a","Interface":null}}
2025-08-15T22:13:22.442-0500	DEBUG	protocol/handler.go:1591	have processed broadcast	{"{round 20 3  <nil>}": {"Key":"from","Type":15,"Integer":0,"String":"b","Interface":null}}
2025-08-15T22:13:22.442-0500	DEBUG	protocol/handler.go:1591	have processed broadcast	{"{round 20 3  <nil>}": {"Key":"from","Type":15,"Integer":0,"String":"c","Interface":null}}
2025-08-15T22:13:22.442-0500	DEBUG	protocol/handler.go:1649	have all messages and processed	{"{round 20 3  <nil>}": {"Key":"self","Type":15,"Integer":0,"String":"a","Interface":null}}
2025-08-15T22:13:22.442-0500	DEBUG	protocol/handler.go:596	round already finalized
2025-08-15T22:13:22.369-0500	DEBUG	protocol/handler.go:581	tryAdvanceRound called	{"{current_round 20 3  <nil>}": {"Key":"self","Type":15,"Integer":0,"String":"b","Interface":null}}
2025-08-15T22:13:22.451-0500	DEBUG	protocol/handler.go:1591	have processed broadcast	{"{round 20 3  <nil>}": {"Key":"from","Type":15,"Integer":0,"String":"a","Interface":null}}
2025-08-15T22:13:22.451-0500	DEBUG	protocol/handler.go:1591	have processed broadcast	{"{round 20 3  <nil>}": {"Key":"from","Type":15,"Integer":0,"String":"c","Interface":null}}
2025-08-15T22:13:22.451-0500	DEBUG	protocol/handler.go:1649	have all messages and processed	{"{round 20 3  <nil>}": {"Key":"self","Type":15,"Integer":0,"String":"b","Interface":null}}
2025-08-15T22:13:22.451-0500	DEBUG	protocol/handler.go:596	round already finalized
2025-08-15T22:13:22.451-0500	DEBUG	protocol/handler.go:581	tryAdvanceRound called	{"{current_round 20 3  <nil>}": {"Key":"self","Type":15,"Integer":0,"String":"b","Interface":null}}
2025-08-15T22:13:22.451-0500	DEBUG	protocol/handler.go:1591	have processed broadcast	{"{round 20 3  <nil>}": {"Key":"from","Type":15,"Integer":0,"String":"a","Interface":null}}
2025-08-15T22:13:22.451-0500	DEBUG	protocol/handler.go:1591	have processed broadcast	{"{round 20 3  <nil>}": {"Key":"from","Type":15,"Integer":0,"String":"c","Interface":null}}
2025-08-15T22:13:22.451-0500	DEBUG	protocol/handler.go:1649	have all messages and processed	{"{round 20 3  <nil>}": {"Key":"self","Type":15,"Integer":0,"String":"b","Interface":null}}
2025-08-15T22:13:22.451-0500	DEBUG	protocol/handler.go:596	round already finalized
2025-08-15T22:13:22.465-0500	DEBUG	protocol/handler.go:581	tryAdvanceRound called	{"{current_round 20 3  <nil>}": {"Key":"self","Type":15,"Integer":0,"String":"c","Interface":null}}
2025-08-15T22:13:22.465-0500	DEBUG	protocol/handler.go:1591	have processed broadcast	{"{round 20 3  <nil>}": {"Key":"from","Type":15,"Integer":0,"String":"a","Interface":null}}
2025-08-15T22:13:22.465-0500	DEBUG	protocol/handler.go:1591	have processed broadcast	{"{round 20 3  <nil>}": {"Key":"from","Type":15,"Integer":0,"String":"b","Interface":null}}
2025-08-15T22:13:22.465-0500	DEBUG	protocol/handler.go:1649	have all messages and processed	{"{round 20 3  <nil>}": {"Key":"self","Type":15,"Integer":0,"String":"c","Interface":null}}
2025-08-15T22:13:22.465-0500	DEBUG	protocol/handler.go:596	round already finalized
2025-08-15T22:13:22.492-0500	DEBUG	protocol/handler.go:581	tryAdvanceRound called	{"{current_round 20 3  <nil>}": {"Key":"self","Type":15,"Integer":0,"String":"a","Interface":null}}
2025-08-15T22:13:22.494-0500	DEBUG	protocol/handler.go:1591	have processed broadcast	{"{round 20 3  <nil>}": {"Key":"from","Type":15,"Integer":0,"String":"b","Interface":null}}
2025-08-15T22:13:22.494-0500	DEBUG	protocol/handler.go:1591	have processed broadcast	{"{round 20 3  <nil>}": {"Key":"from","Type":15,"Integer":0,"String":"c","Interface":null}}
2025-08-15T22:13:22.494-0500	DEBUG	protocol/handler.go:1649	have all messages and processed	{"{round 20 3  <nil>}": {"Key":"self","Type":15,"Integer":0,"String":"a","Interface":null}}
2025-08-15T22:13:22.494-0500	DEBUG	protocol/handler.go:596	round already finalized
2025-08-15T22:13:22.494-0500	DEBUG	protocol/handler.go:581	tryAdvanceRound called	{"{current_round 20 3  <nil>}": {"Key":"self","Type":15,"Integer":0,"String":"a","Interface":null}}
2025-08-15T22:13:22.494-0500	DEBUG	protocol/handler.go:1591	have processed broadcast	{"{round 20 3  <nil>}": {"Key":"from","Type":15,"Integer":0,"String":"b","Interface":null}}
2025-08-15T22:13:22.494-0500	DEBUG	protocol/handler.go:1591	have processed broadcast	{"{round 20 3  <nil>}": {"Key":"from","Type":15,"Integer":0,"String":"c","Interface":null}}
2025-08-15T22:13:22.494-0500	DEBUG	protocol/handler.go:1649	have all messages and processed	{"{round 20 3  <nil>}": {"Key":"self","Type":15,"Integer":0,"String":"a","Interface":null}}
2025-08-15T22:13:22.494-0500	DEBUG	protocol/handler.go:596	round already finalized
2025-08-15T22:13:22.494-0500	DEBUG	protocol/handler.go:581	tryAdvanceRound called	{"{current_round 20 3  <nil>}": {"Key":"self","Type":15,"Integer":0,"String":"c","Interface":null}}
2025-08-15T22:13:22.494-0500	DEBUG	protocol/handler.go:1591	have processed broadcast	{"{round 20 3  <nil>}": {"Key":"from","Type":15,"Integer":0,"String":"a","Interface":null}}
2025-08-15T22:13:22.494-0500	DEBUG	protocol/handler.go:1591	have processed broadcast	{"{round 20 3  <nil>}": {"Key":"from","Type":15,"Integer":0,"String":"b","Interface":null}}
2025-08-15T22:13:22.494-0500	DEBUG	protocol/handler.go:1649	have all messages and processed	{"{round 20 3  <nil>}": {"Key":"self","Type":15,"Integer":0,"String":"c","Interface":null}}
2025-08-15T22:13:22.494-0500	DEBUG	protocol/handler.go:596	round already finalized
2025-08-15T22:13:22.494-0500	DEBUG	protocol/handler.go:581	tryAdvanceRound called	{"{current_round 20 3  <nil>}": {"Key":"self","Type":15,"Integer":0,"String":"c","Interface":null}}
2025-08-15T22:13:22.494-0500	DEBUG	protocol/handler.go:1591	have processed broadcast	{"{round 20 3  <nil>}": {"Key":"from","Type":15,"Integer":0,"String":"a","Interface":null}}
2025-08-15T22:13:22.494-0500	DEBUG	protocol/handler.go:1591	have processed broadcast	{"{round 20 3  <nil>}": {"Key":"from","Type":15,"Integer":0,"String":"b","Interface":null}}
2025-08-15T22:13:22.494-0500	DEBUG	protocol/handler.go:1649	have all messages and processed	{"{round 20 3  <nil>}": {"Key":"self","Type":15,"Integer":0,"String":"c","Interface":null}}
2025-08-15T22:13:22.494-0500	DEBUG	protocol/handler.go:596	round already finalized
2025-08-15T22:13:22.498-0500	DEBUG	protocol/handler.go:581	tryAdvanceRound called	{"{current_round 20 3  <nil>}": {"Key":"self","Type":15,"Integer":0,"String":"b","Interface":null}}
2025-08-15T22:13:22.499-0500	DEBUG	protocol/handler.go:1591	have processed broadcast	{"{round 20 3  <nil>}": {"Key":"from","Type":15,"Integer":0,"String":"a","Interface":null}}
2025-08-15T22:13:22.499-0500	DEBUG	protocol/handler.go:1591	have processed broadcast	{"{round 20 3  <nil>}": {"Key":"from","Type":15,"Integer":0,"String":"c","Interface":null}}
2025-08-15T22:13:22.499-0500	DEBUG	protocol/handler.go:1649	have all messages and processed	{"{round 20 3  <nil>}": {"Key":"self","Type":15,"Integer":0,"String":"b","Interface":null}}
2025-08-15T22:13:22.499-0500	DEBUG	protocol/handler.go:596	round already finalized
2025-08-15T22:13:22.499-0500	DEBUG	protocol/handler.go:581	tryAdvanceRound called	{"{current_round 20 3  <nil>}": {"Key":"self","Type":15,"Integer":0,"String":"b","Interface":null}}
2025-08-15T22:13:22.499-0500	DEBUG	protocol/handler.go:1591	have processed broadcast	{"{round 20 3  <nil>}": {"Key":"from","Type":15,"Integer":0,"String":"a","Interface":null}}
2025-08-15T22:13:22.499-0500	DEBUG	protocol/handler.go:1591	have processed broadcast	{"{round 20 3  <nil>}": {"Key":"from","Type":15,"Integer":0,"String":"c","Interface":null}}
2025-08-15T22:13:22.499-0500	DEBUG	protocol/handler.go:1649	have all messages and processed	{"{round 20 3  <nil>}": {"Key":"self","Type":15,"Integer":0,"String":"b","Interface":null}}
2025-08-15T22:13:22.499-0500	DEBUG	protocol/handler.go:596	round already finalized
2025-08-15T22:13:22.517-0500	DEBUG	protocol/handler.go:581	tryAdvanceRound called	{"{current_round 20 3  <nil>}": {"Key":"self","Type":15,"Integer":0,"String":"a","Interface":null}}
2025-08-15T22:13:22.521-0500	DEBUG	protocol/handler.go:1591	have processed broadcast	{"{round 20 3  <nil>}": {"Key":"from","Type":15,"Integer":0,"String":"b","Interface":null}}
2025-08-15T22:13:22.521-0500	DEBUG	protocol/handler.go:1591	have processed broadcast	{"{round 20 3  <nil>}": {"Key":"from","Type":15,"Integer":0,"String":"c","Interface":null}}
2025-08-15T22:13:22.521-0500	DEBUG	protocol/handler.go:1649	have all messages and processed	{"{round 20 3  <nil>}": {"Key":"self","Type":15,"Integer":0,"String":"a","Interface":null}}
2025-08-15T22:13:22.521-0500	DEBUG	protocol/handler.go:596	round already finalized
2025-08-15T22:13:22.528-0500	DEBUG	protocol/handler.go:581	tryAdvanceRound called	{"{current_round 20 3  <nil>}": {"Key":"self","Type":15,"Integer":0,"String":"b","Interface":null}}
2025-08-15T22:13:22.531-0500	DEBUG	protocol/handler.go:1591	have processed broadcast	{"{round 20 3  <nil>}": {"Key":"from","Type":15,"Integer":0,"String":"a","Interface":null}}
2025-08-15T22:13:22.531-0500	DEBUG	protocol/handler.go:1591	have processed broadcast	{"{round 20 3  <nil>}": {"Key":"from","Type":15,"Integer":0,"String":"c","Interface":null}}
2025-08-15T22:13:22.531-0500	DEBUG	protocol/handler.go:1649	have all messages and processed	{"{round 20 3  <nil>}": {"Key":"self","Type":15,"Integer":0,"String":"b","Interface":null}}
2025-08-15T22:13:22.533-0500	DEBUG	protocol/handler.go:596	round already finalized
2025-08-15T22:13:22.533-0500	DEBUG	protocol/handler.go:581	tryAdvanceRound called	{"{current_round 20 3  <nil>}": {"Key":"self","Type":15,"Integer":0,"String":"b","Interface":null}}
2025-08-15T22:13:22.558-0500	DEBUG	protocol/handler.go:581	tryAdvanceRound called	{"{current_round 20 3  <nil>}": {"Key":"self","Type":15,"Integer":0,"String":"c","Interface":null}}
2025-08-15T22:13:22.558-0500	DEBUG	protocol/handler.go:1591	have processed broadcast	{"{round 20 3  <nil>}": {"Key":"from","Type":15,"Integer":0,"String":"a","Interface":null}}
2025-08-15T22:13:22.558-0500	DEBUG	protocol/handler.go:1591	have processed broadcast	{"{round 20 3  <nil>}": {"Key":"from","Type":15,"Integer":0,"String":"b","Interface":null}}
2025-08-15T22:13:22.559-0500	DEBUG	protocol/handler.go:1649	have all messages and processed	{"{round 20 3  <nil>}": {"Key":"self","Type":15,"Integer":0,"String":"c","Interface":null}}
2025-08-15T22:13:22.559-0500	DEBUG	protocol/handler.go:596	round already finalized
2025-08-15T22:13:22.559-0500	DEBUG	protocol/handler.go:581	tryAdvanceRound called	{"{current_round 20 3  <nil>}": {"Key":"self","Type":15,"Integer":0,"String":"c","Interface":null}}
2025-08-15T22:13:22.559-0500	DEBUG	protocol/handler.go:1591	have processed broadcast	{"{round 20 3  <nil>}": {"Key":"from","Type":15,"Integer":0,"String":"a","Interface":null}}
2025-08-15T22:13:22.559-0500	DEBUG	protocol/handler.go:1591	have processed broadcast	{"{round 20 3  <nil>}": {"Key":"from","Type":15,"Integer":0,"String":"b","Interface":null}}
2025-08-15T22:13:22.559-0500	DEBUG	protocol/handler.go:1649	have all messages and processed	{"{round 20 3  <nil>}": {"Key":"self","Type":15,"Integer":0,"String":"c","Interface":null}}
2025-08-15T22:13:22.559-0500	DEBUG	protocol/handler.go:596	round already finalized
2025-08-15T22:13:22.559-0500	DEBUG	protocol/handler.go:581	tryAdvanceRound called	{"{current_round 20 3  <nil>}": {"Key":"self","Type":15,"Integer":0,"String":"a","Interface":null}}
2025-08-15T22:13:22.559-0500	DEBUG	protocol/handler.go:1591	have processed broadcast	{"{round 20 3  <nil>}": {"Key":"from","Type":15,"Integer":0,"String":"b","Interface":null}}
2025-08-15T22:13:22.559-0500	DEBUG	protocol/handler.go:1591	have processed broadcast	{"{round 20 3  <nil>}": {"Key":"from","Type":15,"Integer":0,"String":"c","Interface":null}}
2025-08-15T22:13:22.559-0500	DEBUG	protocol/handler.go:1649	have all messages and processed	{"{round 20 3  <nil>}": {"Key":"self","Type":15,"Integer":0,"String":"a","Interface":null}}
2025-08-15T22:13:22.559-0500	DEBUG	protocol/handler.go:596	round already finalized
2025-08-15T22:13:22.559-0500	DEBUG	protocol/handler.go:581	tryAdvanceRound called	{"{current_round 20 3  <nil>}": {"Key":"self","Type":15,"Integer":0,"String":"a","Interface":null}}
2025-08-15T22:13:22.559-0500	DEBUG	protocol/handler.go:1591	have processed broadcast	{"{round 20 3  <nil>}": {"Key":"from","Type":15,"Integer":0,"String":"b","Interface":null}}
2025-08-15T22:13:22.559-0500	DEBUG	protocol/handler.go:1591	have processed broadcast	{"{round 20 3  <nil>}": {"Key":"from","Type":15,"Integer":0,"String":"c","Interface":null}}
2025-08-15T22:13:22.559-0500	DEBUG	protocol/handler.go:1649	have all messages and processed	{"{round 20 3  <nil>}": {"Key":"self","Type":15,"Integer":0,"String":"a","Interface":null}}
2025-08-15T22:13:22.559-0500	DEBUG	protocol/handler.go:596	round already finalized
2025-08-15T22:13:22.574-0500	DEBUG	protocol/handler.go:1591	have processed broadcast	{"{round 20 3  <nil>}": {"Key":"from","Type":15,"Integer":0,"String":"a","Interface":null}}
2025-08-15T22:13:22.574-0500	DEBUG	protocol/handler.go:1591	have processed broadcast	{"{round 20 3  <nil>}": {"Key":"from","Type":15,"Integer":0,"String":"c","Interface":null}}
2025-08-15T22:13:22.575-0500	DEBUG	protocol/handler.go:1649	have all messages and processed	{"{round 20 3  <nil>}": {"Key":"self","Type":15,"Integer":0,"String":"b","Interface":null}}
2025-08-15T22:13:22.575-0500	DEBUG	protocol/handler.go:596	round already finalized
2025-08-15T22:13:22.575-0500	DEBUG	protocol/handler.go:581	tryAdvanceRound called	{"{current_round 20 3  <nil>}": {"Key":"self","Type":15,"Integer":0,"String":"b","Interface":null}}
2025-08-15T22:13:22.575-0500	DEBUG	protocol/handler.go:1591	have processed broadcast	{"{round 20 3  <nil>}": {"Key":"from","Type":15,"Integer":0,"String":"a","Interface":null}}
2025-08-15T22:13:22.575-0500	DEBUG	protocol/handler.go:1591	have processed broadcast	{"{round 20 3  <nil>}": {"Key":"from","Type":15,"Integer":0,"String":"c","Interface":null}}
2025-08-15T22:13:22.575-0500	DEBUG	protocol/handler.go:1649	have all messages and processed	{"{round 20 3  <nil>}": {"Key":"self","Type":15,"Integer":0,"String":"b","Interface":null}}
2025-08-15T22:13:22.575-0500	DEBUG	protocol/handler.go:596	round already finalized
2025-08-15T22:13:22.583-0500	DEBUG	protocol/handler.go:581	tryAdvanceRound called	{"{current_round 20 3  <nil>}": {"Key":"self","Type":15,"Integer":0,"String":"a","Interface":null}}
2025-08-15T22:13:22.584-0500	DEBUG	protocol/handler.go:1591	have processed broadcast	{"{round 20 3  <nil>}": {"Key":"from","Type":15,"Integer":0,"String":"b","Interface":null}}
2025-08-15T22:13:22.584-0500	DEBUG	protocol/handler.go:1591	have processed broadcast	{"{round 20 3  <nil>}": {"Key":"from","Type":15,"Integer":0,"String":"c","Interface":null}}
2025-08-15T22:13:22.584-0500	DEBUG	protocol/handler.go:1649	have all messages and processed	{"{round 20 3  <nil>}": {"Key":"self","Type":15,"Integer":0,"String":"a","Interface":null}}
2025-08-15T22:13:22.584-0500	DEBUG	protocol/handler.go:596	round already finalized
2025-08-15T22:13:22.600-0500	DEBUG	protocol/handler.go:581	tryAdvanceRound called	{"{current_round 20 3  <nil>}": {"Key":"self","Type":15,"Integer":0,"String":"b","Interface":null}}
2025-08-15T22:13:22.601-0500	DEBUG	protocol/handler.go:1591	have processed broadcast	{"{round 20 3  <nil>}": {"Key":"from","Type":15,"Integer":0,"String":"a","Interface":null}}
2025-08-15T22:13:22.605-0500	DEBUG	protocol/handler.go:1591	have processed broadcast	{"{round 20 3  <nil>}": {"Key":"from","Type":15,"Integer":0,"String":"c","Interface":null}}
2025-08-15T22:13:22.605-0500	DEBUG	protocol/handler.go:1649	have all messages and processed	{"{round 20 3  <nil>}": {"Key":"self","Type":15,"Integer":0,"String":"b","Interface":null}}
2025-08-15T22:13:22.605-0500	DEBUG	protocol/handler.go:596	round already finalized
2025-08-15T22:13:22.621-0500	DEBUG	protocol/handler.go:581	tryAdvanceRound called	{"{current_round 20 3  <nil>}": {"Key":"self","Type":15,"Integer":0,"String":"b","Interface":null}}
2025-08-15T22:13:22.622-0500	DEBUG	protocol/handler.go:1591	have processed broadcast	{"{round 20 3  <nil>}": {"Key":"from","Type":15,"Integer":0,"String":"a","Interface":null}}
2025-08-15T22:13:22.625-0500	DEBUG	protocol/handler.go:1591	have processed broadcast	{"{round 20 3  <nil>}": {"Key":"from","Type":15,"Integer":0,"String":"c","Interface":null}}
2025-08-15T22:13:22.626-0500	DEBUG	protocol/handler.go:1649	have all messages and processed	{"{round 20 3  <nil>}": {"Key":"self","Type":15,"Integer":0,"String":"b","Interface":null}}
2025-08-15T22:13:22.717-0500	DEBUG	protocol/handler.go:581	tryAdvanceRound called	{"{current_round 20 3  <nil>}": {"Key":"self","Type":15,"Integer":0,"String":"c","Interface":null}}
2025-08-15T22:13:22.717-0500	DEBUG	protocol/handler.go:1591	have processed broadcast	{"{round 20 3  <nil>}": {"Key":"from","Type":15,"Integer":0,"String":"a","Interface":null}}
2025-08-15T22:13:22.717-0500	DEBUG	protocol/handler.go:1591	have processed broadcast	{"{round 20 3  <nil>}": {"Key":"from","Type":15,"Integer":0,"String":"b","Interface":null}}
2025-08-15T22:13:22.717-0500	DEBUG	protocol/handler.go:1649	have all messages and processed	{"{round 20 3  <nil>}": {"Key":"self","Type":15,"Integer":0,"String":"c","Interface":null}}
2025-08-15T22:13:22.717-0500	DEBUG	protocol/handler.go:596	round already finalized
2025-08-15T22:13:22.717-0500	DEBUG	protocol/handler.go:581	tryAdvanceRound called	{"{current_round 20 3  <nil>}": {"Key":"self","Type":15,"Integer":0,"String":"c","Interface":null}}
2025-08-15T22:13:22.717-0500	DEBUG	protocol/handler.go:1591	have processed broadcast	{"{round 20 3  <nil>}": {"Key":"from","Type":15,"Integer":0,"String":"a","Interface":null}}
2025-08-15T22:13:22.717-0500	DEBUG	protocol/handler.go:1591	have processed broadcast	{"{round 20 3  <nil>}": {"Key":"from","Type":15,"Integer":0,"String":"b","Interface":null}}
2025-08-15T22:13:22.718-0500	DEBUG	protocol/handler.go:1649	have all messages and processed	{"{round 20 3  <nil>}": {"Key":"self","Type":15,"Integer":0,"String":"c","Interface":null}}
2025-08-15T22:13:22.718-0500	DEBUG	protocol/handler.go:596	round already finalized
2025-08-15T22:13:22.757-0500	DEBUG	protocol/handler.go:581	tryAdvanceRound called	{"{current_round 20 3  <nil>}": {"Key":"self","Type":15,"Integer":0,"String":"c","Interface":null}}
2025-08-15T22:13:22.757-0500	DEBUG	protocol/handler.go:581	tryAdvanceRound called	{"{current_round 20 3  <nil>}": {"Key":"self","Type":15,"Integer":0,"String":"a","Interface":null}}
2025-08-15T22:13:22.757-0500	DEBUG	protocol/handler.go:1591	have processed broadcast	{"{round 20 3  <nil>}": {"Key":"from","Type":15,"Integer":0,"String":"a","Interface":null}}
2025-08-15T22:13:22.757-0500	DEBUG	protocol/handler.go:1591	have processed broadcast	{"{round 20 3  <nil>}": {"Key":"from","Type":15,"Integer":0,"String":"b","Interface":null}}
2025-08-15T22:13:22.757-0500	DEBUG	protocol/handler.go:1649	have all messages and processed	{"{round 20 3  <nil>}": {"Key":"self","Type":15,"Integer":0,"String":"c","Interface":null}}
2025-08-15T22:13:22.757-0500	DEBUG	protocol/handler.go:596	round already finalized
2025-08-15T22:13:22.757-0500	DEBUG	protocol/handler.go:1591	have processed broadcast	{"{round 20 3  <nil>}": {"Key":"from","Type":15,"Integer":0,"String":"b","Interface":null}}
2025-08-15T22:13:22.763-0500	DEBUG	protocol/handler.go:1591	have processed broadcast	{"{round 20 3  <nil>}": {"Key":"from","Type":15,"Integer":0,"String":"c","Interface":null}}
2025-08-15T22:13:22.811-0500	DEBUG	protocol/handler.go:581	tryAdvanceRound called	{"{current_round 20 3  <nil>}": {"Key":"self","Type":15,"Integer":0,"String":"c","Interface":null}}
2025-08-15T22:13:22.816-0500	DEBUG	protocol/handler.go:1591	have processed broadcast	{"{round 20 3  <nil>}": {"Key":"from","Type":15,"Integer":0,"String":"a","Interface":null}}
2025-08-15T22:13:22.816-0500	DEBUG	protocol/handler.go:1591	have processed broadcast	{"{round 20 3  <nil>}": {"Key":"from","Type":15,"Integer":0,"String":"b","Interface":null}}
2025-08-15T22:13:22.736-0500	DEBUG	protocol/handler.go:596	round already finalized
2025-08-15T22:13:22.763-0500	DEBUG	protocol/handler.go:1649	have all messages and processed	{"{round 20 3  <nil>}": {"Key":"self","Type":15,"Integer":0,"String":"a","Interface":null}}
2025-08-15T22:13:22.887-0500	DEBUG	protocol/handler.go:581	tryAdvanceRound called	{"{current_round 20 3  <nil>}": {"Key":"self","Type":15,"Integer":0,"String":"b","Interface":null}}
2025-08-15T22:13:22.887-0500	DEBUG	protocol/handler.go:596	round already finalized
2025-08-15T22:13:22.887-0500	DEBUG	protocol/handler.go:581	tryAdvanceRound called	{"{current_round 20 3  <nil>}": {"Key":"self","Type":15,"Integer":0,"String":"a","Interface":null}}
2025-08-15T22:13:22.887-0500	DEBUG	protocol/handler.go:1591	have processed broadcast	{"{round 20 3  <nil>}": {"Key":"from","Type":15,"Integer":0,"String":"a","Interface":null}}
2025-08-15T22:13:22.887-0500	DEBUG	protocol/handler.go:1591	have processed broadcast	{"{round 20 3  <nil>}": {"Key":"from","Type":15,"Integer":0,"String":"c","Interface":null}}
2025-08-15T22:13:22.887-0500	DEBUG	protocol/handler.go:1591	have processed broadcast	{"{round 20 3  <nil>}": {"Key":"from","Type":15,"Integer":0,"String":"b","Interface":null}}
2025-08-15T22:13:22.887-0500	DEBUG	protocol/handler.go:1649	have all messages and processed	{"{round 20 3  <nil>}": {"Key":"self","Type":15,"Integer":0,"String":"b","Interface":null}}
2025-08-15T22:13:22.887-0500	DEBUG	protocol/handler.go:1591	have processed broadcast	{"{round 20 3  <nil>}": {"Key":"from","Type":15,"Integer":0,"String":"c","Interface":null}}
2025-08-15T22:13:22.887-0500	DEBUG	protocol/handler.go:596	round already finalized
2025-08-15T22:13:22.887-0500	DEBUG	protocol/handler.go:1649	have all messages and processed	{"{round 20 3  <nil>}": {"Key":"self","Type":15,"Integer":0,"String":"a","Interface":null}}
2025-08-15T22:13:22.887-0500	DEBUG	protocol/handler.go:596	round already finalized
2025-08-15T22:13:22.911-0500	DEBUG	protocol/handler.go:581	tryAdvanceRound called	{"{current_round 20 3  <nil>}": {"Key":"self","Type":15,"Integer":0,"String":"b","Interface":null}}
2025-08-15T22:13:22.911-0500	DEBUG	protocol/handler.go:1591	have processed broadcast	{"{round 20 3  <nil>}": {"Key":"from","Type":15,"Integer":0,"String":"a","Interface":null}}
2025-08-15T22:13:22.911-0500	DEBUG	protocol/handler.go:1591	have processed broadcast	{"{round 20 3  <nil>}": {"Key":"from","Type":15,"Integer":0,"String":"c","Interface":null}}
2025-08-15T22:13:22.911-0500	DEBUG	protocol/handler.go:1649	have all messages and processed	{"{round 20 3  <nil>}": {"Key":"self","Type":15,"Integer":0,"String":"b","Interface":null}}
2025-08-15T22:13:22.911-0500	DEBUG	protocol/handler.go:596	round already finalized
2025-08-15T22:13:22.932-0500	DEBUG	protocol/handler.go:1649	have all messages and processed	{"{round 20 3  <nil>}": {"Key":"self","Type":15,"Integer":0,"String":"c","Interface":null}}
2025-08-15T22:13:22.932-0500	DEBUG	protocol/handler.go:596	round already finalized
2025-08-15T22:13:22.932-0500	DEBUG	protocol/handler.go:581	tryAdvanceRound called	{"{current_round 20 3  <nil>}": {"Key":"self","Type":15,"Integer":0,"String":"c","Interface":null}}
2025-08-15T22:13:22.932-0500	DEBUG	protocol/handler.go:1591	have processed broadcast	{"{round 20 3  <nil>}": {"Key":"from","Type":15,"Integer":0,"String":"a","Interface":null}}
2025-08-15T22:13:22.932-0500	DEBUG	protocol/handler.go:1591	have processed broadcast	{"{round 20 3  <nil>}": {"Key":"from","Type":15,"Integer":0,"String":"b","Interface":null}}
2025-08-15T22:13:22.933-0500	DEBUG	protocol/handler.go:1649	have all messages and processed	{"{round 20 3  <nil>}": {"Key":"self","Type":15,"Integer":0,"String":"c","Interface":null}}
2025-08-15T22:13:22.933-0500	DEBUG	protocol/handler.go:596	round already finalized
2025-08-15T22:13:23.002-0500	DEBUG	protocol/handler.go:581	tryAdvanceRound called	{"{current_round 20 3  <nil>}": {"Key":"self","Type":15,"Integer":0,"String":"b","Interface":null}}
2025-08-15T22:13:23.003-0500	DEBUG	protocol/handler.go:1591	have processed broadcast	{"{round 20 3  <nil>}": {"Key":"from","Type":15,"Integer":0,"String":"a","Interface":null}}
2025-08-15T22:13:23.003-0500	DEBUG	protocol/handler.go:1591	have processed broadcast	{"{round 20 3  <nil>}": {"Key":"from","Type":15,"Integer":0,"String":"c","Interface":null}}
2025-08-15T22:13:23.003-0500	DEBUG	protocol/handler.go:1649	have all messages and processed	{"{round 20 3  <nil>}": {"Key":"self","Type":15,"Integer":0,"String":"b","Interface":null}}
2025-08-15T22:13:23.003-0500	DEBUG	protocol/handler.go:596	round already finalized
2025-08-15T22:13:23.009-0500	DEBUG	protocol/handler.go:581	tryAdvanceRound called	{"{current_round 20 3  <nil>}": {"Key":"self","Type":15,"Integer":0,"String":"c","Interface":null}}
2025-08-15T22:13:23.009-0500	DEBUG	protocol/handler.go:1591	have processed broadcast	{"{round 20 3  <nil>}": {"Key":"from","Type":15,"Integer":0,"String":"a","Interface":null}}
2025-08-15T22:13:23.009-0500	DEBUG	protocol/handler.go:1591	have processed broadcast	{"{round 20 3  <nil>}": {"Key":"from","Type":15,"Integer":0,"String":"b","Interface":null}}
2025-08-15T22:13:23.009-0500	DEBUG	protocol/handler.go:1649	have all messages and processed	{"{round 20 3  <nil>}": {"Key":"self","Type":15,"Integer":0,"String":"c","Interface":null}}
2025-08-15T22:13:23.009-0500	DEBUG	protocol/handler.go:596	round already finalized
2025-08-15T22:13:23.009-0500	DEBUG	protocol/handler.go:581	tryAdvanceRound called	{"{current_round 20 3  <nil>}": {"Key":"self","Type":15,"Integer":0,"String":"c","Interface":null}}
2025-08-15T22:13:23.009-0500	DEBUG	protocol/handler.go:1591	have processed broadcast	{"{round 20 3  <nil>}": {"Key":"from","Type":15,"Integer":0,"String":"a","Interface":null}}
2025-08-15T22:13:23.009-0500	DEBUG	protocol/handler.go:1591	have processed broadcast	{"{round 20 3  <nil>}": {"Key":"from","Type":15,"Integer":0,"String":"b","Interface":null}}
2025-08-15T22:13:23.009-0500	DEBUG	protocol/handler.go:1649	have all messages and processed	{"{round 20 3  <nil>}": {"Key":"self","Type":15,"Integer":0,"String":"c","Interface":null}}
2025-08-15T22:13:23.009-0500	DEBUG	protocol/handler.go:596	round already finalized
2025-08-15T22:13:23.052-0500	DEBUG	protocol/handler.go:581	tryAdvanceRound called	{"{current_round 20 3  <nil>}": {"Key":"self","Type":15,"Integer":0,"String":"b","Interface":null}}
2025-08-15T22:13:23.052-0500	DEBUG	protocol/handler.go:1591	have processed broadcast	{"{round 20 3  <nil>}": {"Key":"from","Type":15,"Integer":0,"String":"a","Interface":null}}
2025-08-15T22:13:23.052-0500	DEBUG	protocol/handler.go:1591	have processed broadcast	{"{round 20 3  <nil>}": {"Key":"from","Type":15,"Integer":0,"String":"c","Interface":null}}
2025-08-15T22:13:23.052-0500	DEBUG	protocol/handler.go:1649	have all messages and processed	{"{round 20 3  <nil>}": {"Key":"self","Type":15,"Integer":0,"String":"b","Interface":null}}
2025-08-15T22:13:23.052-0500	DEBUG	protocol/handler.go:596	round already finalized
2025-08-15T22:13:23.052-0500	DEBUG	protocol/handler.go:581	tryAdvanceRound called	{"{current_round 20 3  <nil>}": {"Key":"self","Type":15,"Integer":0,"String":"b","Interface":null}}
2025-08-15T22:13:23.052-0500	DEBUG	protocol/handler.go:1591	have processed broadcast	{"{round 20 3  <nil>}": {"Key":"from","Type":15,"Integer":0,"String":"a","Interface":null}}
2025-08-15T22:13:23.052-0500	DEBUG	protocol/handler.go:1591	have processed broadcast	{"{round 20 3  <nil>}": {"Key":"from","Type":15,"Integer":0,"String":"c","Interface":null}}
2025-08-15T22:13:23.052-0500	DEBUG	protocol/handler.go:1649	have all messages and processed	{"{round 20 3  <nil>}": {"Key":"self","Type":15,"Integer":0,"String":"b","Interface":null}}
2025-08-15T22:13:23.052-0500	DEBUG	protocol/handler.go:596	round already finalized
2025-08-15T22:13:23.052-0500	DEBUG	protocol/handler.go:581	tryAdvanceRound called	{"{current_round 20 3  <nil>}": {"Key":"self","Type":15,"Integer":0,"String":"b","Interface":null}}
2025-08-15T22:13:23.052-0500	DEBUG	protocol/handler.go:1591	have processed broadcast	{"{round 20 3  <nil>}": {"Key":"from","Type":15,"Integer":0,"String":"a","Interface":null}}
2025-08-15T22:13:23.052-0500	DEBUG	protocol/handler.go:1591	have processed broadcast	{"{round 20 3  <nil>}": {"Key":"from","Type":15,"Integer":0,"String":"c","Interface":null}}
2025-08-15T22:13:23.052-0500	DEBUG	protocol/handler.go:1649	have all messages and processed	{"{round 20 3  <nil>}": {"Key":"self","Type":15,"Integer":0,"String":"b","Interface":null}}
2025-08-15T22:13:23.052-0500	DEBUG	protocol/handler.go:596	round already finalized
2025-08-15T22:13:23.053-0500	DEBUG	protocol/handler.go:581	tryAdvanceRound called	{"{current_round 20 3  <nil>}": {"Key":"self","Type":15,"Integer":0,"String":"c","Interface":null}}
2025-08-15T22:13:23.060-0500	DEBUG	protocol/handler.go:1591	have processed broadcast	{"{round 20 3  <nil>}": {"Key":"from","Type":15,"Integer":0,"String":"a","Interface":null}}
2025-08-15T22:13:23.060-0500	DEBUG	protocol/handler.go:1591	have processed broadcast	{"{round 20 3  <nil>}": {"Key":"from","Type":15,"Integer":0,"String":"b","Interface":null}}
2025-08-15T22:13:23.071-0500	DEBUG	protocol/handler.go:581	tryAdvanceRound called	{"{current_round 20 3  <nil>}": {"Key":"self","Type":15,"Integer":0,"String":"b","Interface":null}}
2025-08-15T22:13:23.071-0500	DEBUG	protocol/handler.go:1591	have processed broadcast	{"{round 20 3  <nil>}": {"Key":"from","Type":15,"Integer":0,"String":"a","Interface":null}}
2025-08-15T22:13:23.071-0500	DEBUG	protocol/handler.go:1591	have processed broadcast	{"{round 20 3  <nil>}": {"Key":"from","Type":15,"Integer":0,"String":"c","Interface":null}}
2025-08-15T22:13:23.071-0500	DEBUG	protocol/handler.go:1649	have all messages and processed	{"{round 20 3  <nil>}": {"Key":"self","Type":15,"Integer":0,"String":"b","Interface":null}}
2025-08-15T22:13:23.071-0500	DEBUG	protocol/handler.go:596	round already finalized
2025-08-15T22:13:23.120-0500	DEBUG	protocol/handler.go:581	tryAdvanceRound called	{"{current_round 20 3  <nil>}": {"Key":"self","Type":15,"Integer":0,"String":"a","Interface":null}}
2025-08-15T22:13:23.120-0500	DEBUG	protocol/handler.go:1591	have processed broadcast	{"{round 20 3  <nil>}": {"Key":"from","Type":15,"Integer":0,"String":"b","Interface":null}}
2025-08-15T22:13:23.120-0500	DEBUG	protocol/handler.go:1591	have processed broadcast	{"{round 20 3  <nil>}": {"Key":"from","Type":15,"Integer":0,"String":"c","Interface":null}}
2025-08-15T22:13:23.120-0500	DEBUG	protocol/handler.go:1649	have all messages and processed	{"{round 20 3  <nil>}": {"Key":"self","Type":15,"Integer":0,"String":"a","Interface":null}}
2025-08-15T22:13:23.120-0500	DEBUG	protocol/handler.go:596	round already finalized
2025-08-15T22:13:23.120-0500	DEBUG	protocol/handler.go:581	tryAdvanceRound called	{"{current_round 20 3  <nil>}": {"Key":"self","Type":15,"Integer":0,"String":"a","Interface":null}}
2025-08-15T22:13:23.120-0500	DEBUG	protocol/handler.go:1591	have processed broadcast	{"{round 20 3  <nil>}": {"Key":"from","Type":15,"Integer":0,"String":"b","Interface":null}}
2025-08-15T22:13:23.120-0500	DEBUG	protocol/handler.go:1591	have processed broadcast	{"{round 20 3  <nil>}": {"Key":"from","Type":15,"Integer":0,"String":"c","Interface":null}}
2025-08-15T22:13:23.120-0500	DEBUG	protocol/handler.go:1649	have all messages and processed	{"{round 20 3  <nil>}": {"Key":"self","Type":15,"Integer":0,"String":"a","Interface":null}}
2025-08-15T22:13:23.120-0500	DEBUG	protocol/handler.go:596	round already finalized
2025-08-15T22:13:23.063-0500	DEBUG	protocol/handler.go:1649	have all messages and processed	{"{round 20 3  <nil>}": {"Key":"self","Type":15,"Integer":0,"String":"c","Interface":null}}
2025-08-15T22:13:23.132-0500	DEBUG	protocol/handler.go:596	round already finalized
2025-08-15T22:13:23.132-0500	DEBUG	protocol/handler.go:581	tryAdvanceRound called	{"{current_round 20 3  <nil>}": {"Key":"self","Type":15,"Integer":0,"String":"c","Interface":null}}
2025-08-15T22:13:23.132-0500	DEBUG	protocol/handler.go:1591	have processed broadcast	{"{round 20 3  <nil>}": {"Key":"from","Type":15,"Integer":0,"String":"a","Interface":null}}
2025-08-15T22:13:23.132-0500	DEBUG	protocol/handler.go:1591	have processed broadcast	{"{round 20 3  <nil>}": {"Key":"from","Type":15,"Integer":0,"String":"b","Interface":null}}
2025-08-15T22:13:23.132-0500	DEBUG	protocol/handler.go:1649	have all messages and processed	{"{round 20 3  <nil>}": {"Key":"self","Type":15,"Integer":0,"String":"c","Interface":null}}
2025-08-15T22:13:23.132-0500	DEBUG	protocol/handler.go:596	round already finalized
2025-08-15T22:13:23.178-0500	DEBUG	protocol/handler.go:581	tryAdvanceRound called	{"{current_round 20 3  <nil>}": {"Key":"self","Type":15,"Integer":0,"String":"c","Interface":null}}
2025-08-15T22:13:23.177-0500	DEBUG	protocol/handler.go:581	tryAdvanceRound called	{"{current_round 20 3  <nil>}": {"Key":"self","Type":15,"Integer":0,"String":"b","Interface":null}}
2025-08-15T22:13:23.313-0500	DEBUG	protocol/handler.go:1591	have processed broadcast	{"{round 20 3  <nil>}": {"Key":"from","Type":15,"Integer":0,"String":"a","Interface":null}}
2025-08-15T22:13:23.314-0500	DEBUG	protocol/handler.go:1591	have processed broadcast	{"{round 20 3  <nil>}": {"Key":"from","Type":15,"Integer":0,"String":"c","Interface":null}}
2025-08-15T22:13:23.314-0500	DEBUG	protocol/handler.go:1649	have all messages and processed	{"{round 20 3  <nil>}": {"Key":"self","Type":15,"Integer":0,"String":"b","Interface":null}}
2025-08-15T22:13:23.314-0500	DEBUG	protocol/handler.go:596	round already finalized
2025-08-15T22:13:23.314-0500	DEBUG	protocol/handler.go:581	tryAdvanceRound called	{"{current_round 20 3  <nil>}": {"Key":"self","Type":15,"Integer":0,"String":"b","Interface":null}}
2025-08-15T22:13:23.314-0500	DEBUG	protocol/handler.go:1591	have processed broadcast	{"{round 20 3  <nil>}": {"Key":"from","Type":15,"Integer":0,"String":"a","Interface":null}}
2025-08-15T22:13:23.319-0500	DEBUG	protocol/handler.go:1591	have processed broadcast	{"{round 20 3  <nil>}": {"Key":"from","Type":15,"Integer":0,"String":"c","Interface":null}}
2025-08-15T22:13:23.319-0500	DEBUG	protocol/handler.go:1649	have all messages and processed	{"{round 20 3  <nil>}": {"Key":"self","Type":15,"Integer":0,"String":"b","Interface":null}}
2025-08-15T22:13:23.319-0500	DEBUG	protocol/handler.go:596	round already finalized
2025-08-15T22:13:23.178-0500	DEBUG	protocol/handler.go:581	tryAdvanceRound called	{"{current_round 20 3  <nil>}": {"Key":"self","Type":15,"Integer":0,"String":"a","Interface":null}}
2025-08-15T22:13:23.350-0500	DEBUG	protocol/handler.go:1591	have processed broadcast	{"{round 20 3  <nil>}": {"Key":"from","Type":15,"Integer":0,"String":"b","Interface":null}}
2025-08-15T22:13:23.426-0500	DEBUG	protocol/handler.go:1591	have processed broadcast	{"{round 20 3  <nil>}": {"Key":"from","Type":15,"Integer":0,"String":"c","Interface":null}}
2025-08-15T22:13:23.426-0500	DEBUG	protocol/handler.go:1649	have all messages and processed	{"{round 20 3  <nil>}": {"Key":"self","Type":15,"Integer":0,"String":"a","Interface":null}}
2025-08-15T22:13:23.426-0500	DEBUG	protocol/handler.go:596	round already finalized
2025-08-15T22:13:23.426-0500	DEBUG	protocol/handler.go:581	tryAdvanceRound called	{"{current_round 20 3  <nil>}": {"Key":"self","Type":15,"Integer":0,"String":"a","Interface":null}}
2025-08-15T22:13:23.426-0500	DEBUG	protocol/handler.go:1591	have processed broadcast	{"{round 20 3  <nil>}": {"Key":"from","Type":15,"Integer":0,"String":"b","Interface":null}}
2025-08-15T22:13:23.426-0500	DEBUG	protocol/handler.go:1591	have processed broadcast	{"{round 20 3  <nil>}": {"Key":"from","Type":15,"Integer":0,"String":"c","Interface":null}}
2025-08-15T22:13:23.426-0500	DEBUG	protocol/handler.go:1649	have all messages and processed	{"{round 20 3  <nil>}": {"Key":"self","Type":15,"Integer":0,"String":"a","Interface":null}}
2025-08-15T22:13:23.426-0500	DEBUG	protocol/handler.go:596	round already finalized
2025-08-15T22:13:23.426-0500	DEBUG	protocol/handler.go:581	tryAdvanceRound called	{"{current_round 20 3  <nil>}": {"Key":"self","Type":15,"Integer":0,"String":"a","Interface":null}}
2025-08-15T22:13:23.426-0500	DEBUG	protocol/handler.go:1591	have processed broadcast	{"{round 20 3  <nil>}": {"Key":"from","Type":15,"Integer":0,"String":"b","Interface":null}}
2025-08-15T22:13:23.426-0500	DEBUG	protocol/handler.go:1591	have processed broadcast	{"{round 20 3  <nil>}": {"Key":"from","Type":15,"Integer":0,"String":"c","Interface":null}}
2025-08-15T22:13:23.426-0500	DEBUG	protocol/handler.go:1649	have all messages and processed	{"{round 20 3  <nil>}": {"Key":"self","Type":15,"Integer":0,"String":"a","Interface":null}}
2025-08-15T22:13:23.426-0500	DEBUG	protocol/handler.go:596	round already finalized
2025-08-15T22:13:23.382-0500	DEBUG	protocol/handler.go:581	tryAdvanceRound called	{"{current_round 20 3  <nil>}": {"Key":"self","Type":15,"Integer":0,"String":"b","Interface":null}}
2025-08-15T22:13:23.460-0500	DEBUG	protocol/handler.go:1591	have processed broadcast	{"{round 20 3  <nil>}": {"Key":"from","Type":15,"Integer":0,"String":"a","Interface":null}}
2025-08-15T22:13:23.460-0500	DEBUG	protocol/handler.go:1591	have processed broadcast	{"{round 20 3  <nil>}": {"Key":"from","Type":15,"Integer":0,"String":"c","Interface":null}}
2025-08-15T22:13:23.460-0500	DEBUG	protocol/handler.go:1649	have all messages and processed	{"{round 20 3  <nil>}": {"Key":"self","Type":15,"Integer":0,"String":"b","Interface":null}}
2025-08-15T22:13:23.460-0500	DEBUG	protocol/handler.go:596	round already finalized
2025-08-15T22:13:23.460-0500	DEBUG	protocol/handler.go:581	tryAdvanceRound called	{"{current_round 20 3  <nil>}": {"Key":"self","Type":15,"Integer":0,"String":"b","Interface":null}}
2025-08-15T22:13:23.460-0500	DEBUG	protocol/handler.go:1591	have processed broadcast	{"{round 20 3  <nil>}": {"Key":"from","Type":15,"Integer":0,"String":"a","Interface":null}}
2025-08-15T22:13:23.460-0500	DEBUG	protocol/handler.go:1591	have processed broadcast	{"{round 20 3  <nil>}": {"Key":"from","Type":15,"Integer":0,"String":"c","Interface":null}}
2025-08-15T22:13:23.460-0500	DEBUG	protocol/handler.go:1649	have all messages and processed	{"{round 20 3  <nil>}": {"Key":"self","Type":15,"Integer":0,"String":"b","Interface":null}}
2025-08-15T22:13:23.460-0500	DEBUG	protocol/handler.go:596	round already finalized
2025-08-15T22:13:23.460-0500	DEBUG	protocol/handler.go:581	tryAdvanceRound called	{"{current_round 20 3  <nil>}": {"Key":"self","Type":15,"Integer":0,"String":"a","Interface":null}}
2025-08-15T22:13:23.461-0500	DEBUG	protocol/handler.go:1591	have processed broadcast	{"{round 20 3  <nil>}": {"Key":"from","Type":15,"Integer":0,"String":"b","Interface":null}}
2025-08-15T22:13:23.461-0500	DEBUG	protocol/handler.go:1591	have processed broadcast	{"{round 20 3  <nil>}": {"Key":"from","Type":15,"Integer":0,"String":"c","Interface":null}}
2025-08-15T22:13:23.461-0500	DEBUG	protocol/handler.go:1649	have all messages and processed	{"{round 20 3  <nil>}": {"Key":"self","Type":15,"Integer":0,"String":"a","Interface":null}}
2025-08-15T22:13:23.461-0500	DEBUG	protocol/handler.go:596	round already finalized
2025-08-15T22:13:23.461-0500	DEBUG	protocol/handler.go:581	tryAdvanceRound called	{"{current_round 20 3  <nil>}": {"Key":"self","Type":15,"Integer":0,"String":"a","Interface":null}}
2025-08-15T22:13:23.461-0500	DEBUG	protocol/handler.go:1591	have processed broadcast	{"{round 20 3  <nil>}": {"Key":"from","Type":15,"Integer":0,"String":"b","Interface":null}}
2025-08-15T22:13:23.461-0500	DEBUG	protocol/handler.go:1591	have processed broadcast	{"{round 20 3  <nil>}": {"Key":"from","Type":15,"Integer":0,"String":"c","Interface":null}}
2025-08-15T22:13:23.461-0500	DEBUG	protocol/handler.go:1649	have all messages and processed	{"{round 20 3  <nil>}": {"Key":"self","Type":15,"Integer":0,"String":"a","Interface":null}}
2025-08-15T22:13:23.461-0500	DEBUG	protocol/handler.go:596	round already finalized
2025-08-15T22:13:23.397-0500	DEBUG	protocol/handler.go:1591	have processed broadcast	{"{round 20 3  <nil>}": {"Key":"from","Type":15,"Integer":0,"String":"a","Interface":null}}
2025-08-15T22:13:23.461-0500	DEBUG	protocol/handler.go:1591	have processed broadcast	{"{round 20 3  <nil>}": {"Key":"from","Type":15,"Integer":0,"String":"b","Interface":null}}
2025-08-15T22:13:23.461-0500	DEBUG	protocol/handler.go:1649	have all messages and processed	{"{round 20 3  <nil>}": {"Key":"self","Type":15,"Integer":0,"String":"c","Interface":null}}
2025-08-15T22:13:23.461-0500	DEBUG	protocol/handler.go:596	round already finalized
2025-08-15T22:13:23.461-0500	DEBUG	protocol/handler.go:581	tryAdvanceRound called	{"{current_round 20 3  <nil>}": {"Key":"self","Type":15,"Integer":0,"String":"c","Interface":null}}
2025-08-15T22:13:23.461-0500	DEBUG	protocol/handler.go:1591	have processed broadcast	{"{round 20 3  <nil>}": {"Key":"from","Type":15,"Integer":0,"String":"a","Interface":null}}
2025-08-15T22:13:23.461-0500	DEBUG	protocol/handler.go:1591	have processed broadcast	{"{round 20 3  <nil>}": {"Key":"from","Type":15,"Integer":0,"String":"b","Interface":null}}
2025-08-15T22:13:23.461-0500	DEBUG	protocol/handler.go:1649	have all messages and processed	{"{round 20 3  <nil>}": {"Key":"self","Type":15,"Integer":0,"String":"c","Interface":null}}
2025-08-15T22:13:23.461-0500	DEBUG	protocol/handler.go:596	round already finalized
2025-08-15T22:13:23.480-0500	DEBUG	protocol/handler.go:581	tryAdvanceRound called	{"{current_round 20 3  <nil>}": {"Key":"self","Type":15,"Integer":0,"String":"b","Interface":null}}
2025-08-15T22:13:23.484-0500	DEBUG	protocol/handler.go:1591	have processed broadcast	{"{round 20 3  <nil>}": {"Key":"from","Type":15,"Integer":0,"String":"a","Interface":null}}
2025-08-15T22:13:23.484-0500	DEBUG	protocol/handler.go:1591	have processed broadcast	{"{round 20 3  <nil>}": {"Key":"from","Type":15,"Integer":0,"String":"c","Interface":null}}
2025-08-15T22:13:23.484-0500	DEBUG	protocol/handler.go:1649	have all messages and processed	{"{round 20 3  <nil>}": {"Key":"self","Type":15,"Integer":0,"String":"b","Interface":null}}
2025-08-15T22:13:23.484-0500	DEBUG	protocol/handler.go:596	round already finalized
2025-08-15T22:13:23.484-0500	DEBUG	protocol/handler.go:581	tryAdvanceRound called	{"{current_round 20 3  <nil>}": {"Key":"self","Type":15,"Integer":0,"String":"b","Interface":null}}
2025-08-15T22:13:23.484-0500	DEBUG	protocol/handler.go:1591	have processed broadcast	{"{round 20 3  <nil>}": {"Key":"from","Type":15,"Integer":0,"String":"a","Interface":null}}
2025-08-15T22:13:23.484-0500	DEBUG	protocol/handler.go:1591	have processed broadcast	{"{round 20 3  <nil>}": {"Key":"from","Type":15,"Integer":0,"String":"c","Interface":null}}
2025-08-15T22:13:23.484-0500	DEBUG	protocol/handler.go:1649	have all messages and processed	{"{round 20 3  <nil>}": {"Key":"self","Type":15,"Integer":0,"String":"b","Interface":null}}
2025-08-15T22:13:23.484-0500	DEBUG	protocol/handler.go:596	round already finalized
2025-08-15T22:13:23.504-0500	DEBUG	protocol/handler.go:581	tryAdvanceRound called	{"{current_round 20 3  <nil>}": {"Key":"self","Type":15,"Integer":0,"String":"b","Interface":null}}
2025-08-15T22:13:23.509-0500	DEBUG	protocol/handler.go:1591	have processed broadcast	{"{round 20 3  <nil>}": {"Key":"from","Type":15,"Integer":0,"String":"a","Interface":null}}
2025-08-15T22:13:23.511-0500	DEBUG	protocol/handler.go:1591	have processed broadcast	{"{round 20 3  <nil>}": {"Key":"from","Type":15,"Integer":0,"String":"c","Interface":null}}
2025-08-15T22:13:23.512-0500	DEBUG	protocol/handler.go:1649	have all messages and processed	{"{round 20 3  <nil>}": {"Key":"self","Type":15,"Integer":0,"String":"b","Interface":null}}
2025-08-15T22:13:23.512-0500	DEBUG	protocol/handler.go:596	round already finalized
2025-08-15T22:13:23.512-0500	DEBUG	protocol/handler.go:581	tryAdvanceRound called	{"{current_round 20 3  <nil>}": {"Key":"self","Type":15,"Integer":0,"String":"a","Interface":null}}
2025-08-15T22:13:23.512-0500	DEBUG	protocol/handler.go:1591	have processed broadcast	{"{round 20 3  <nil>}": {"Key":"from","Type":15,"Integer":0,"String":"b","Interface":null}}
2025-08-15T22:13:23.512-0500	DEBUG	protocol/handler.go:1591	have processed broadcast	{"{round 20 3  <nil>}": {"Key":"from","Type":15,"Integer":0,"String":"c","Interface":null}}
2025-08-15T22:13:23.512-0500	DEBUG	protocol/handler.go:1649	have all messages and processed	{"{round 20 3  <nil>}": {"Key":"self","Type":15,"Integer":0,"String":"a","Interface":null}}
2025-08-15T22:13:23.512-0500	DEBUG	protocol/handler.go:596	round already finalized
2025-08-15T22:13:23.512-0500	DEBUG	protocol/handler.go:581	tryAdvanceRound called	{"{current_round 20 3  <nil>}": {"Key":"self","Type":15,"Integer":0,"String":"a","Interface":null}}
2025-08-15T22:13:23.512-0500	DEBUG	protocol/handler.go:1591	have processed broadcast	{"{round 20 3  <nil>}": {"Key":"from","Type":15,"Integer":0,"String":"b","Interface":null}}
2025-08-15T22:13:23.512-0500	DEBUG	protocol/handler.go:1591	have processed broadcast	{"{round 20 3  <nil>}": {"Key":"from","Type":15,"Integer":0,"String":"c","Interface":null}}
2025-08-15T22:13:23.512-0500	DEBUG	protocol/handler.go:1649	have all messages and processed	{"{round 20 3  <nil>}": {"Key":"self","Type":15,"Integer":0,"String":"a","Interface":null}}
2025-08-15T22:13:23.512-0500	DEBUG	protocol/handler.go:596	round already finalized
2025-08-15T22:13:23.512-0500	DEBUG	protocol/handler.go:581	tryAdvanceRound called	{"{current_round 20 3  <nil>}": {"Key":"self","Type":15,"Integer":0,"String":"c","Interface":null}}
2025-08-15T22:13:23.512-0500	DEBUG	protocol/handler.go:1591	have processed broadcast	{"{round 20 3  <nil>}": {"Key":"from","Type":15,"Integer":0,"String":"a","Interface":null}}
2025-08-15T22:13:23.512-0500	DEBUG	protocol/handler.go:1591	have processed broadcast	{"{round 20 3  <nil>}": {"Key":"from","Type":15,"Integer":0,"String":"b","Interface":null}}
2025-08-15T22:13:23.512-0500	DEBUG	protocol/handler.go:1649	have all messages and processed	{"{round 20 3  <nil>}": {"Key":"self","Type":15,"Integer":0,"String":"c","Interface":null}}
2025-08-15T22:13:23.512-0500	DEBUG	protocol/handler.go:596	round already finalized
2025-08-15T22:13:23.512-0500	DEBUG	protocol/handler.go:581	tryAdvanceRound called	{"{current_round 20 3  <nil>}": {"Key":"self","Type":15,"Integer":0,"String":"c","Interface":null}}
2025-08-15T22:13:23.512-0500	DEBUG	protocol/handler.go:1591	have processed broadcast	{"{round 20 3  <nil>}": {"Key":"from","Type":15,"Integer":0,"String":"a","Interface":null}}
2025-08-15T22:13:23.512-0500	DEBUG	protocol/handler.go:1591	have processed broadcast	{"{round 20 3  <nil>}": {"Key":"from","Type":15,"Integer":0,"String":"b","Interface":null}}
2025-08-15T22:13:23.512-0500	DEBUG	protocol/handler.go:1649	have all messages and processed	{"{round 20 3  <nil>}": {"Key":"self","Type":15,"Integer":0,"String":"c","Interface":null}}
2025-08-15T22:13:23.513-0500	DEBUG	protocol/handler.go:596	round already finalized
2025-08-15T22:13:23.513-0500	DEBUG	protocol/handler.go:581	tryAdvanceRound called	{"{current_round 20 3  <nil>}": {"Key":"self","Type":15,"Integer":0,"String":"b","Interface":null}}
2025-08-15T22:13:23.513-0500	DEBUG	protocol/handler.go:1591	have processed broadcast	{"{round 20 3  <nil>}": {"Key":"from","Type":15,"Integer":0,"String":"a","Interface":null}}
2025-08-15T22:13:23.513-0500	DEBUG	protocol/handler.go:1591	have processed broadcast	{"{round 20 3  <nil>}": {"Key":"from","Type":15,"Integer":0,"String":"c","Interface":null}}
2025-08-15T22:13:23.513-0500	DEBUG	protocol/handler.go:1649	have all messages and processed	{"{round 20 3  <nil>}": {"Key":"self","Type":15,"Integer":0,"String":"b","Interface":null}}
2025-08-15T22:13:23.513-0500	DEBUG	protocol/handler.go:596	round already finalized
2025-08-15T22:13:23.527-0500	DEBUG	protocol/handler.go:581	tryAdvanceRound called	{"{current_round 20 3  <nil>}": {"Key":"self","Type":15,"Integer":0,"String":"c","Interface":null}}
2025-08-15T22:13:23.527-0500	DEBUG	protocol/handler.go:1591	have processed broadcast	{"{round 20 3  <nil>}": {"Key":"from","Type":15,"Integer":0,"String":"a","Interface":null}}
2025-08-15T22:13:23.530-0500	DEBUG	protocol/handler.go:1591	have processed broadcast	{"{round 20 3  <nil>}": {"Key":"from","Type":15,"Integer":0,"String":"b","Interface":null}}
2025-08-15T22:13:23.530-0500	DEBUG	protocol/handler.go:1649	have all messages and processed	{"{round 20 3  <nil>}": {"Key":"self","Type":15,"Integer":0,"String":"c","Interface":null}}
2025-08-15T22:13:23.530-0500	DEBUG	protocol/handler.go:596	round already finalized
2025-08-15T22:13:23.559-0500	DEBUG	protocol/handler.go:581	tryAdvanceRound called	{"{current_round 20 3  <nil>}": {"Key":"self","Type":15,"Integer":0,"String":"a","Interface":null}}
2025-08-15T22:13:23.562-0500	DEBUG	protocol/handler.go:1591	have processed broadcast	{"{round 20 3  <nil>}": {"Key":"from","Type":15,"Integer":0,"String":"b","Interface":null}}
2025-08-15T22:13:23.570-0500	DEBUG	protocol/handler.go:1591	have processed broadcast	{"{round 20 3  <nil>}": {"Key":"from","Type":15,"Integer":0,"String":"c","Interface":null}}
2025-08-15T22:13:23.574-0500	DEBUG	protocol/handler.go:1649	have all messages and processed	{"{round 20 3  <nil>}": {"Key":"self","Type":15,"Integer":0,"String":"a","Interface":null}}
2025-08-15T22:13:23.574-0500	DEBUG	protocol/handler.go:596	round already finalized
2025-08-15T22:13:23.574-0500	DEBUG	protocol/handler.go:581	tryAdvanceRound called	{"{current_round 20 3  <nil>}": {"Key":"self","Type":15,"Integer":0,"String":"a","Interface":null}}
2025-08-15T22:13:23.574-0500	DEBUG	protocol/handler.go:1591	have processed broadcast	{"{round 20 3  <nil>}": {"Key":"from","Type":15,"Integer":0,"String":"b","Interface":null}}
2025-08-15T22:13:23.575-0500	DEBUG	protocol/handler.go:1591	have processed broadcast	{"{round 20 3  <nil>}": {"Key":"from","Type":15,"Integer":0,"String":"c","Interface":null}}
2025-08-15T22:13:23.575-0500	DEBUG	protocol/handler.go:1649	have all messages and processed	{"{round 20 3  <nil>}": {"Key":"self","Type":15,"Integer":0,"String":"a","Interface":null}}
2025-08-15T22:13:23.575-0500	DEBUG	protocol/handler.go:596	round already finalized
2025-08-15T22:13:23.575-0500	DEBUG	protocol/handler.go:581	tryAdvanceRound called	{"{current_round 20 3  <nil>}": {"Key":"self","Type":15,"Integer":0,"String":"b","Interface":null}}
2025-08-15T22:13:23.575-0500	DEBUG	protocol/handler.go:1591	have processed broadcast	{"{round 20 3  <nil>}": {"Key":"from","Type":15,"Integer":0,"String":"a","Interface":null}}
2025-08-15T22:13:23.575-0500	DEBUG	protocol/handler.go:1591	have processed broadcast	{"{round 20 3  <nil>}": {"Key":"from","Type":15,"Integer":0,"String":"c","Interface":null}}
2025-08-15T22:13:23.575-0500	DEBUG	protocol/handler.go:1649	have all messages and processed	{"{round 20 3  <nil>}": {"Key":"self","Type":15,"Integer":0,"String":"b","Interface":null}}
2025-08-15T22:13:23.575-0500	DEBUG	protocol/handler.go:596	round already finalized
2025-08-15T22:13:23.575-0500	DEBUG	protocol/handler.go:581	tryAdvanceRound called	{"{current_round 20 3  <nil>}": {"Key":"self","Type":15,"Integer":0,"String":"b","Interface":null}}
2025-08-15T22:13:23.575-0500	DEBUG	protocol/handler.go:1591	have processed broadcast	{"{round 20 3  <nil>}": {"Key":"from","Type":15,"Integer":0,"String":"a","Interface":null}}
2025-08-15T22:13:23.575-0500	DEBUG	protocol/handler.go:1591	have processed broadcast	{"{round 20 3  <nil>}": {"Key":"from","Type":15,"Integer":0,"String":"c","Interface":null}}
2025-08-15T22:13:23.575-0500	DEBUG	protocol/handler.go:1649	have all messages and processed	{"{round 20 3  <nil>}": {"Key":"self","Type":15,"Integer":0,"String":"b","Interface":null}}
2025-08-15T22:13:23.575-0500	DEBUG	protocol/handler.go:596	round already finalized
2025-08-15T22:13:23.575-0500	DEBUG	protocol/handler.go:581	tryAdvanceRound called	{"{current_round 20 3  <nil>}": {"Key":"self","Type":15,"Integer":0,"String":"c","Interface":null}}
2025-08-15T22:13:23.575-0500	DEBUG	protocol/handler.go:1591	have processed broadcast	{"{round 20 3  <nil>}": {"Key":"from","Type":15,"Integer":0,"String":"a","Interface":null}}
2025-08-15T22:13:23.575-0500	DEBUG	protocol/handler.go:1591	have processed broadcast	{"{round 20 3  <nil>}": {"Key":"from","Type":15,"Integer":0,"String":"b","Interface":null}}
2025-08-15T22:13:23.575-0500	DEBUG	protocol/handler.go:1649	have all messages and processed	{"{round 20 3  <nil>}": {"Key":"self","Type":15,"Integer":0,"String":"c","Interface":null}}
2025-08-15T22:13:23.578-0500	DEBUG	protocol/handler.go:596	round already finalized
2025-08-15T22:13:23.578-0500	DEBUG	protocol/handler.go:581	tryAdvanceRound called	{"{current_round 20 3  <nil>}": {"Key":"self","Type":15,"Integer":0,"String":"c","Interface":null}}
2025-08-15T22:13:23.578-0500	DEBUG	protocol/handler.go:1591	have processed broadcast	{"{round 20 3  <nil>}": {"Key":"from","Type":15,"Integer":0,"String":"a","Interface":null}}
2025-08-15T22:13:23.578-0500	DEBUG	protocol/handler.go:1591	have processed broadcast	{"{round 20 3  <nil>}": {"Key":"from","Type":15,"Integer":0,"String":"b","Interface":null}}
2025-08-15T22:13:23.578-0500	DEBUG	protocol/handler.go:1649	have all messages and processed	{"{round 20 3  <nil>}": {"Key":"self","Type":15,"Integer":0,"String":"c","Interface":null}}
2025-08-15T22:13:23.578-0500	DEBUG	protocol/handler.go:596	round already finalized
2025-08-15T22:13:23.579-0500	DEBUG	protocol/handler.go:581	tryAdvanceRound called	{"{current_round 20 3  <nil>}": {"Key":"self","Type":15,"Integer":0,"String":"a","Interface":null}}
2025-08-15T22:13:23.579-0500	DEBUG	protocol/handler.go:1591	have processed broadcast	{"{round 20 3  <nil>}": {"Key":"from","Type":15,"Integer":0,"String":"b","Interface":null}}
2025-08-15T22:13:23.579-0500	DEBUG	protocol/handler.go:1591	have processed broadcast	{"{round 20 3  <nil>}": {"Key":"from","Type":15,"Integer":0,"String":"c","Interface":null}}
2025-08-15T22:13:23.579-0500	DEBUG	protocol/handler.go:1649	have all messages and processed	{"{round 20 3  <nil>}": {"Key":"self","Type":15,"Integer":0,"String":"a","Interface":null}}
2025-08-15T22:13:23.579-0500	DEBUG	protocol/handler.go:596	round already finalized
2025-08-15T22:13:23.579-0500	DEBUG	protocol/handler.go:581	tryAdvanceRound called	{"{current_round 20 3  <nil>}": {"Key":"self","Type":15,"Integer":0,"String":"a","Interface":null}}
2025-08-15T22:13:23.579-0500	DEBUG	protocol/handler.go:1591	have processed broadcast	{"{round 20 3  <nil>}": {"Key":"from","Type":15,"Integer":0,"String":"b","Interface":null}}
2025-08-15T22:13:23.579-0500	DEBUG	protocol/handler.go:1591	have processed broadcast	{"{round 20 3  <nil>}": {"Key":"from","Type":15,"Integer":0,"String":"c","Interface":null}}
2025-08-15T22:13:23.579-0500	DEBUG	protocol/handler.go:1649	have all messages and processed	{"{round 20 3  <nil>}": {"Key":"self","Type":15,"Integer":0,"String":"a","Interface":null}}
2025-08-15T22:13:23.579-0500	DEBUG	protocol/handler.go:596	round already finalized
2025-08-15T22:13:23.618-0500	DEBUG	protocol/handler.go:581	tryAdvanceRound called	{"{current_round 20 3  <nil>}": {"Key":"self","Type":15,"Integer":0,"String":"a","Interface":null}}
2025-08-15T22:13:23.648-0500	DEBUG	protocol/handler.go:581	tryAdvanceRound called	{"{current_round 20 3  <nil>}": {"Key":"self","Type":15,"Integer":0,"String":"b","Interface":null}}
2025-08-15T22:13:23.648-0500	DEBUG	protocol/handler.go:1591	have processed broadcast	{"{round 20 3  <nil>}": {"Key":"from","Type":15,"Integer":0,"String":"a","Interface":null}}
2025-08-15T22:13:23.648-0500	DEBUG	protocol/handler.go:1591	have processed broadcast	{"{round 20 3  <nil>}": {"Key":"from","Type":15,"Integer":0,"String":"c","Interface":null}}
2025-08-15T22:13:23.649-0500	DEBUG	protocol/handler.go:1649	have all messages and processed	{"{round 20 3  <nil>}": {"Key":"self","Type":15,"Integer":0,"String":"b","Interface":null}}
2025-08-15T22:13:23.649-0500	DEBUG	protocol/handler.go:596	round already finalized
2025-08-15T22:13:23.649-0500	DEBUG	protocol/handler.go:581	tryAdvanceRound called	{"{current_round 20 3  <nil>}": {"Key":"self","Type":15,"Integer":0,"String":"b","Interface":null}}
2025-08-15T22:13:23.649-0500	DEBUG	protocol/handler.go:1591	have processed broadcast	{"{round 20 3  <nil>}": {"Key":"from","Type":15,"Integer":0,"String":"a","Interface":null}}
2025-08-15T22:13:23.649-0500	DEBUG	protocol/handler.go:1591	have processed broadcast	{"{round 20 3  <nil>}": {"Key":"from","Type":15,"Integer":0,"String":"c","Interface":null}}
2025-08-15T22:13:23.649-0500	DEBUG	protocol/handler.go:1649	have all messages and processed	{"{round 20 3  <nil>}": {"Key":"self","Type":15,"Integer":0,"String":"b","Interface":null}}
2025-08-15T22:13:23.649-0500	DEBUG	protocol/handler.go:596	round already finalized
2025-08-15T22:13:23.649-0500	DEBUG	protocol/handler.go:581	tryAdvanceRound called	{"{current_round 20 3  <nil>}": {"Key":"self","Type":15,"Integer":0,"String":"c","Interface":null}}
2025-08-15T22:13:23.649-0500	DEBUG	protocol/handler.go:1591	have processed broadcast	{"{round 20 3  <nil>}": {"Key":"from","Type":15,"Integer":0,"String":"a","Interface":null}}
2025-08-15T22:13:23.649-0500	DEBUG	protocol/handler.go:1591	have processed broadcast	{"{round 20 3  <nil>}": {"Key":"from","Type":15,"Integer":0,"String":"b","Interface":null}}
2025-08-15T22:13:23.649-0500	DEBUG	protocol/handler.go:1649	have all messages and processed	{"{round 20 3  <nil>}": {"Key":"self","Type":15,"Integer":0,"String":"c","Interface":null}}
2025-08-15T22:13:23.649-0500	DEBUG	protocol/handler.go:596	round already finalized
2025-08-15T22:13:23.649-0500	DEBUG	protocol/handler.go:581	tryAdvanceRound called	{"{current_round 20 3  <nil>}": {"Key":"self","Type":15,"Integer":0,"String":"c","Interface":null}}
2025-08-15T22:13:23.649-0500	DEBUG	protocol/handler.go:1591	have processed broadcast	{"{round 20 3  <nil>}": {"Key":"from","Type":15,"Integer":0,"String":"a","Interface":null}}
2025-08-15T22:13:23.649-0500	DEBUG	protocol/handler.go:1591	have processed broadcast	{"{round 20 3  <nil>}": {"Key":"from","Type":15,"Integer":0,"String":"b","Interface":null}}
2025-08-15T22:13:23.649-0500	DEBUG	protocol/handler.go:1649	have all messages and processed	{"{round 20 3  <nil>}": {"Key":"self","Type":15,"Integer":0,"String":"c","Interface":null}}
2025-08-15T22:13:23.649-0500	DEBUG	protocol/handler.go:596	round already finalized
2025-08-15T22:13:23.668-0500	DEBUG	protocol/handler.go:581	tryAdvanceRound called	{"{current_round 20 3  <nil>}": {"Key":"self","Type":15,"Integer":0,"String":"b","Interface":null}}
2025-08-15T22:13:23.668-0500	DEBUG	protocol/handler.go:1591	have processed broadcast	{"{round 20 3  <nil>}": {"Key":"from","Type":15,"Integer":0,"String":"a","Interface":null}}
2025-08-15T22:13:23.668-0500	DEBUG	protocol/handler.go:1591	have processed broadcast	{"{round 20 3  <nil>}": {"Key":"from","Type":15,"Integer":0,"String":"c","Interface":null}}
2025-08-15T22:13:23.668-0500	DEBUG	protocol/handler.go:1649	have all messages and processed	{"{round 20 3  <nil>}": {"Key":"self","Type":15,"Integer":0,"String":"b","Interface":null}}
2025-08-15T22:13:23.668-0500	DEBUG	protocol/handler.go:596	round already finalized
2025-08-15T22:13:23.622-0500	DEBUG	protocol/handler.go:1591	have processed broadcast	{"{round 20 3  <nil>}": {"Key":"from","Type":15,"Integer":0,"String":"b","Interface":null}}
2025-08-15T22:13:23.668-0500	DEBUG	protocol/handler.go:1591	have processed broadcast	{"{round 20 3  <nil>}": {"Key":"from","Type":15,"Integer":0,"String":"c","Interface":null}}
2025-08-15T22:13:23.668-0500	DEBUG	protocol/handler.go:1649	have all messages and processed	{"{round 20 3  <nil>}": {"Key":"self","Type":15,"Integer":0,"String":"a","Interface":null}}
2025-08-15T22:13:23.668-0500	DEBUG	protocol/handler.go:596	round already finalized
2025-08-15T22:13:23.668-0500	DEBUG	protocol/handler.go:581	tryAdvanceRound called	{"{current_round 20 3  <nil>}": {"Key":"self","Type":15,"Integer":0,"String":"a","Interface":null}}
2025-08-15T22:13:23.669-0500	DEBUG	protocol/handler.go:1591	have processed broadcast	{"{round 20 3  <nil>}": {"Key":"from","Type":15,"Integer":0,"String":"b","Interface":null}}
2025-08-15T22:13:23.669-0500	DEBUG	protocol/handler.go:1591	have processed broadcast	{"{round 20 3  <nil>}": {"Key":"from","Type":15,"Integer":0,"String":"c","Interface":null}}
2025-08-15T22:13:23.669-0500	DEBUG	protocol/handler.go:1649	have all messages and processed	{"{round 20 3  <nil>}": {"Key":"self","Type":15,"Integer":0,"String":"a","Interface":null}}
2025-08-15T22:13:23.670-0500	DEBUG	protocol/handler.go:596	round already finalized
2025-08-15T22:13:23.690-0500	DEBUG	protocol/handler.go:581	tryAdvanceRound called	{"{current_round 20 3  <nil>}": {"Key":"self","Type":15,"Integer":0,"String":"b","Interface":null}}
2025-08-15T22:13:23.690-0500	DEBUG	protocol/handler.go:1591	have processed broadcast	{"{round 20 3  <nil>}": {"Key":"from","Type":15,"Integer":0,"String":"a","Interface":null}}
2025-08-15T22:13:23.690-0500	DEBUG	protocol/handler.go:1591	have processed broadcast	{"{round 20 3  <nil>}": {"Key":"from","Type":15,"Integer":0,"String":"c","Interface":null}}
2025-08-15T22:13:23.690-0500	DEBUG	protocol/handler.go:1649	have all messages and processed	{"{round 20 3  <nil>}": {"Key":"self","Type":15,"Integer":0,"String":"b","Interface":null}}
2025-08-15T22:13:23.691-0500	DEBUG	protocol/handler.go:596	round already finalized
2025-08-15T22:13:23.691-0500	DEBUG	protocol/handler.go:581	tryAdvanceRound called	{"{current_round 20 3  <nil>}": {"Key":"self","Type":15,"Integer":0,"String":"c","Interface":null}}
2025-08-15T22:13:23.691-0500	DEBUG	protocol/handler.go:1591	have processed broadcast	{"{round 20 3  <nil>}": {"Key":"from","Type":15,"Integer":0,"String":"a","Interface":null}}
2025-08-15T22:13:23.691-0500	DEBUG	protocol/handler.go:1591	have processed broadcast	{"{round 20 3  <nil>}": {"Key":"from","Type":15,"Integer":0,"String":"b","Interface":null}}
2025-08-15T22:13:23.691-0500	DEBUG	protocol/handler.go:1649	have all messages and processed	{"{round 20 3  <nil>}": {"Key":"self","Type":15,"Integer":0,"String":"c","Interface":null}}
2025-08-15T22:13:23.691-0500	DEBUG	protocol/handler.go:596	round already finalized
2025-08-15T22:13:23.691-0500	DEBUG	protocol/handler.go:581	tryAdvanceRound called	{"{current_round 20 3  <nil>}": {"Key":"self","Type":15,"Integer":0,"String":"c","Interface":null}}
2025-08-15T22:13:23.691-0500	DEBUG	protocol/handler.go:1591	have processed broadcast	{"{round 20 3  <nil>}": {"Key":"from","Type":15,"Integer":0,"String":"a","Interface":null}}
2025-08-15T22:13:23.691-0500	DEBUG	protocol/handler.go:1591	have processed broadcast	{"{round 20 3  <nil>}": {"Key":"from","Type":15,"Integer":0,"String":"b","Interface":null}}
2025-08-15T22:13:23.691-0500	DEBUG	protocol/handler.go:1649	have all messages and processed	{"{round 20 3  <nil>}": {"Key":"self","Type":15,"Integer":0,"String":"c","Interface":null}}
2025-08-15T22:13:23.691-0500	DEBUG	protocol/handler.go:596	round already finalized
2025-08-15T22:13:23.691-0500	DEBUG	protocol/handler.go:581	tryAdvanceRound called	{"{current_round 20 3  <nil>}": {"Key":"self","Type":15,"Integer":0,"String":"c","Interface":null}}
2025-08-15T22:13:23.691-0500	DEBUG	protocol/handler.go:1591	have processed broadcast	{"{round 20 3  <nil>}": {"Key":"from","Type":15,"Integer":0,"String":"a","Interface":null}}
2025-08-15T22:13:23.691-0500	DEBUG	protocol/handler.go:1591	have processed broadcast	{"{round 20 3  <nil>}": {"Key":"from","Type":15,"Integer":0,"String":"b","Interface":null}}
2025-08-15T22:13:23.691-0500	DEBUG	protocol/handler.go:1649	have all messages and processed	{"{round 20 3  <nil>}": {"Key":"self","Type":15,"Integer":0,"String":"c","Interface":null}}
2025-08-15T22:13:23.691-0500	DEBUG	protocol/handler.go:596	round already finalized
2025-08-15T22:13:23.693-0500	DEBUG	protocol/handler.go:581	tryAdvanceRound called	{"{current_round 20 3  <nil>}": {"Key":"self","Type":15,"Integer":0,"String":"a","Interface":null}}
2025-08-15T22:13:23.693-0500	DEBUG	protocol/handler.go:1591	have processed broadcast	{"{round 20 3  <nil>}": {"Key":"from","Type":15,"Integer":0,"String":"b","Interface":null}}
2025-08-15T22:13:23.693-0500	DEBUG	protocol/handler.go:1591	have processed broadcast	{"{round 20 3  <nil>}": {"Key":"from","Type":15,"Integer":0,"String":"c","Interface":null}}
2025-08-15T22:13:23.693-0500	DEBUG	protocol/handler.go:1649	have all messages and processed	{"{round 20 3  <nil>}": {"Key":"self","Type":15,"Integer":0,"String":"a","Interface":null}}
2025-08-15T22:13:23.693-0500	DEBUG	protocol/handler.go:596	round already finalized
2025-08-15T22:13:23.708-0500	DEBUG	protocol/handler.go:581	tryAdvanceRound called	{"{current_round 20 3  <nil>}": {"Key":"self","Type":15,"Integer":0,"String":"c","Interface":null}}
2025-08-15T22:13:23.708-0500	DEBUG	protocol/handler.go:1591	have processed broadcast	{"{round 20 3  <nil>}": {"Key":"from","Type":15,"Integer":0,"String":"a","Interface":null}}
2025-08-15T22:13:23.708-0500	DEBUG	protocol/handler.go:1591	have processed broadcast	{"{round 20 3  <nil>}": {"Key":"from","Type":15,"Integer":0,"String":"b","Interface":null}}
2025-08-15T22:13:23.708-0500	DEBUG	protocol/handler.go:1649	have all messages and processed	{"{round 20 3  <nil>}": {"Key":"self","Type":15,"Integer":0,"String":"c","Interface":null}}
2025-08-15T22:13:23.708-0500	DEBUG	protocol/handler.go:596	round already finalized
2025-08-15T22:13:23.713-0500	DEBUG	protocol/handler.go:581	tryAdvanceRound called	{"{current_round 20 3  <nil>}": {"Key":"self","Type":15,"Integer":0,"String":"a","Interface":null}}
2025-08-15T22:13:23.713-0500	DEBUG	protocol/handler.go:1591	have processed broadcast	{"{round 20 3  <nil>}": {"Key":"from","Type":15,"Integer":0,"String":"b","Interface":null}}
2025-08-15T22:13:23.713-0500	DEBUG	protocol/handler.go:1591	have processed broadcast	{"{round 20 3  <nil>}": {"Key":"from","Type":15,"Integer":0,"String":"c","Interface":null}}
2025-08-15T22:13:23.713-0500	DEBUG	protocol/handler.go:1649	have all messages and processed	{"{round 20 3  <nil>}": {"Key":"self","Type":15,"Integer":0,"String":"a","Interface":null}}
2025-08-15T22:13:23.713-0500	DEBUG	protocol/handler.go:596	round already finalized
2025-08-15T22:13:23.725-0500	DEBUG	protocol/handler.go:581	tryAdvanceRound called	{"{current_round 20 3  <nil>}": {"Key":"self","Type":15,"Integer":0,"String":"b","Interface":null}}
2025-08-15T22:13:23.725-0500	DEBUG	protocol/handler.go:1591	have processed broadcast	{"{round 20 3  <nil>}": {"Key":"from","Type":15,"Integer":0,"String":"a","Interface":null}}
2025-08-15T22:13:23.725-0500	DEBUG	protocol/handler.go:1591	have processed broadcast	{"{round 20 3  <nil>}": {"Key":"from","Type":15,"Integer":0,"String":"c","Interface":null}}
2025-08-15T22:13:23.725-0500	DEBUG	protocol/handler.go:1649	have all messages and processed	{"{round 20 3  <nil>}": {"Key":"self","Type":15,"Integer":0,"String":"b","Interface":null}}
2025-08-15T22:13:23.725-0500	DEBUG	protocol/handler.go:596	round already finalized
2025-08-15T22:13:23.725-0500	DEBUG	protocol/handler.go:581	tryAdvanceRound called	{"{current_round 20 3  <nil>}": {"Key":"self","Type":15,"Integer":0,"String":"b","Interface":null}}
2025-08-15T22:13:23.725-0500	DEBUG	protocol/handler.go:1591	have processed broadcast	{"{round 20 3  <nil>}": {"Key":"from","Type":15,"Integer":0,"String":"a","Interface":null}}
2025-08-15T22:13:23.725-0500	DEBUG	protocol/handler.go:1591	have processed broadcast	{"{round 20 3  <nil>}": {"Key":"from","Type":15,"Integer":0,"String":"c","Interface":null}}
2025-08-15T22:13:23.725-0500	DEBUG	protocol/handler.go:1649	have all messages and processed	{"{round 20 3  <nil>}": {"Key":"self","Type":15,"Integer":0,"String":"b","Interface":null}}
2025-08-15T22:13:23.725-0500	DEBUG	protocol/handler.go:596	round already finalized
2025-08-15T22:13:23.725-0500	DEBUG	protocol/handler.go:581	tryAdvanceRound called	{"{current_round 20 3  <nil>}": {"Key":"self","Type":15,"Integer":0,"String":"c","Interface":null}}
2025-08-15T22:13:23.725-0500	DEBUG	protocol/handler.go:1591	have processed broadcast	{"{round 20 3  <nil>}": {"Key":"from","Type":15,"Integer":0,"String":"a","Interface":null}}
2025-08-15T22:13:23.725-0500	DEBUG	protocol/handler.go:1591	have processed broadcast	{"{round 20 3  <nil>}": {"Key":"from","Type":15,"Integer":0,"String":"b","Interface":null}}
2025-08-15T22:13:23.725-0500	DEBUG	protocol/handler.go:1649	have all messages and processed	{"{round 20 3  <nil>}": {"Key":"self","Type":15,"Integer":0,"String":"c","Interface":null}}
2025-08-15T22:13:23.725-0500	DEBUG	protocol/handler.go:596	round already finalized
2025-08-15T22:13:23.755-0500	DEBUG	protocol/handler.go:581	tryAdvanceRound called	{"{current_round 20 3  <nil>}": {"Key":"self","Type":15,"Integer":0,"String":"c","Interface":null}}
2025-08-15T22:13:23.756-0500	DEBUG	protocol/handler.go:1591	have processed broadcast	{"{round 20 3  <nil>}": {"Key":"from","Type":15,"Integer":0,"String":"a","Interface":null}}
2025-08-15T22:13:23.756-0500	DEBUG	protocol/handler.go:1591	have processed broadcast	{"{round 20 3  <nil>}": {"Key":"from","Type":15,"Integer":0,"String":"b","Interface":null}}
2025-08-15T22:13:23.756-0500	DEBUG	protocol/handler.go:1649	have all messages and processed	{"{round 20 3  <nil>}": {"Key":"self","Type":15,"Integer":0,"String":"c","Interface":null}}
2025-08-15T22:13:23.756-0500	DEBUG	protocol/handler.go:596	round already finalized
2025-08-15T22:13:23.756-0500	DEBUG	protocol/handler.go:581	tryAdvanceRound called	{"{current_round 20 3  <nil>}": {"Key":"self","Type":15,"Integer":0,"String":"b","Interface":null}}
2025-08-15T22:13:23.756-0500	DEBUG	protocol/handler.go:1591	have processed broadcast	{"{round 20 3  <nil>}": {"Key":"from","Type":15,"Integer":0,"String":"a","Interface":null}}
2025-08-15T22:13:23.760-0500	DEBUG	protocol/handler.go:1591	have processed broadcast	{"{round 20 3  <nil>}": {"Key":"from","Type":15,"Integer":0,"String":"c","Interface":null}}
2025-08-15T22:13:23.761-0500	DEBUG	protocol/handler.go:1649	have all messages and processed	{"{round 20 3  <nil>}": {"Key":"self","Type":15,"Integer":0,"String":"b","Interface":null}}
2025-08-15T22:13:23.761-0500	DEBUG	protocol/handler.go:596	round already finalized
2025-08-15T22:13:23.788-0500	DEBUG	protocol/handler.go:581	tryAdvanceRound called	{"{current_round 20 3  <nil>}": {"Key":"self","Type":15,"Integer":0,"String":"c","Interface":null}}
2025-08-15T22:13:23.788-0500	DEBUG	protocol/handler.go:1591	have processed broadcast	{"{round 20 3  <nil>}": {"Key":"from","Type":15,"Integer":0,"String":"a","Interface":null}}
2025-08-15T22:13:23.788-0500	DEBUG	protocol/handler.go:1591	have processed broadcast	{"{round 20 3  <nil>}": {"Key":"from","Type":15,"Integer":0,"String":"b","Interface":null}}
2025-08-15T22:13:23.788-0500	DEBUG	protocol/handler.go:1649	have all messages and processed	{"{round 20 3  <nil>}": {"Key":"self","Type":15,"Integer":0,"String":"c","Interface":null}}
2025-08-15T22:13:23.789-0500	DEBUG	protocol/handler.go:596	round already finalized
2025-08-15T22:13:23.794-0500	DEBUG	protocol/handler.go:581	tryAdvanceRound called	{"{current_round 20 3  <nil>}": {"Key":"self","Type":15,"Integer":0,"String":"c","Interface":null}}
2025-08-15T22:13:23.795-0500	DEBUG	protocol/handler.go:1591	have processed broadcast	{"{round 20 3  <nil>}": {"Key":"from","Type":15,"Integer":0,"String":"a","Interface":null}}
2025-08-15T22:13:23.795-0500	DEBUG	protocol/handler.go:1591	have processed broadcast	{"{round 20 3  <nil>}": {"Key":"from","Type":15,"Integer":0,"String":"b","Interface":null}}
2025-08-15T22:13:23.795-0500	DEBUG	protocol/handler.go:1649	have all messages and processed	{"{round 20 3  <nil>}": {"Key":"self","Type":15,"Integer":0,"String":"c","Interface":null}}
2025-08-15T22:13:23.760-0500	DEBUG	protocol/handler.go:581	tryAdvanceRound called	{"{current_round 20 3  <nil>}": {"Key":"self","Type":15,"Integer":0,"String":"a","Interface":null}}
2025-08-15T22:13:23.807-0500	DEBUG	protocol/handler.go:1591	have processed broadcast	{"{round 20 3  <nil>}": {"Key":"from","Type":15,"Integer":0,"String":"b","Interface":null}}
2025-08-15T22:13:23.815-0500	DEBUG	protocol/handler.go:1591	have processed broadcast	{"{round 20 3  <nil>}": {"Key":"from","Type":15,"Integer":0,"String":"c","Interface":null}}
2025-08-15T22:13:23.815-0500	DEBUG	protocol/handler.go:1649	have all messages and processed	{"{round 20 3  <nil>}": {"Key":"self","Type":15,"Integer":0,"String":"a","Interface":null}}
2025-08-15T22:13:23.815-0500	DEBUG	protocol/handler.go:596	round already finalized
2025-08-15T22:13:23.815-0500	DEBUG	protocol/handler.go:581	tryAdvanceRound called	{"{current_round 20 3  <nil>}": {"Key":"self","Type":15,"Integer":0,"String":"a","Interface":null}}
2025-08-15T22:13:23.815-0500	DEBUG	protocol/handler.go:1591	have processed broadcast	{"{round 20 3  <nil>}": {"Key":"from","Type":15,"Integer":0,"String":"b","Interface":null}}
2025-08-15T22:13:23.817-0500	DEBUG	protocol/handler.go:1591	have processed broadcast	{"{round 20 3  <nil>}": {"Key":"from","Type":15,"Integer":0,"String":"c","Interface":null}}
2025-08-15T22:13:23.884-0500	DEBUG	protocol/handler.go:1649	have all messages and processed	{"{round 20 3  <nil>}": {"Key":"self","Type":15,"Integer":0,"String":"a","Interface":null}}
2025-08-15T22:13:23.884-0500	DEBUG	protocol/handler.go:596	round already finalized
2025-08-15T22:13:23.884-0500	DEBUG	protocol/handler.go:581	tryAdvanceRound called	{"{current_round 20 3  <nil>}": {"Key":"self","Type":15,"Integer":0,"String":"a","Interface":null}}
2025-08-15T22:13:23.884-0500	DEBUG	protocol/handler.go:1591	have processed broadcast	{"{round 20 3  <nil>}": {"Key":"from","Type":15,"Integer":0,"String":"b","Interface":null}}
2025-08-15T22:13:23.884-0500	DEBUG	protocol/handler.go:1591	have processed broadcast	{"{round 20 3  <nil>}": {"Key":"from","Type":15,"Integer":0,"String":"c","Interface":null}}
2025-08-15T22:13:23.884-0500	DEBUG	protocol/handler.go:1649	have all messages and processed	{"{round 20 3  <nil>}": {"Key":"self","Type":15,"Integer":0,"String":"a","Interface":null}}
2025-08-15T22:13:23.884-0500	DEBUG	protocol/handler.go:596	round already finalized
2025-08-15T22:13:23.819-0500	DEBUG	protocol/handler.go:581	tryAdvanceRound called	{"{current_round 20 3  <nil>}": {"Key":"self","Type":15,"Integer":0,"String":"b","Interface":null}}
2025-08-15T22:13:23.884-0500	DEBUG	protocol/handler.go:1591	have processed broadcast	{"{round 20 3  <nil>}": {"Key":"from","Type":15,"Integer":0,"String":"a","Interface":null}}
2025-08-15T22:13:23.884-0500	DEBUG	protocol/handler.go:1591	have processed broadcast	{"{round 20 3  <nil>}": {"Key":"from","Type":15,"Integer":0,"String":"c","Interface":null}}
2025-08-15T22:13:23.884-0500	DEBUG	protocol/handler.go:1649	have all messages and processed	{"{round 20 3  <nil>}": {"Key":"self","Type":15,"Integer":0,"String":"b","Interface":null}}
2025-08-15T22:13:23.884-0500	DEBUG	protocol/handler.go:596	round already finalized
2025-08-15T22:13:23.884-0500	DEBUG	protocol/handler.go:581	tryAdvanceRound called	{"{current_round 20 3  <nil>}": {"Key":"self","Type":15,"Integer":0,"String":"b","Interface":null}}
2025-08-15T22:13:23.885-0500	DEBUG	protocol/handler.go:1591	have processed broadcast	{"{round 20 3  <nil>}": {"Key":"from","Type":15,"Integer":0,"String":"a","Interface":null}}
2025-08-15T22:13:23.885-0500	DEBUG	protocol/handler.go:1591	have processed broadcast	{"{round 20 3  <nil>}": {"Key":"from","Type":15,"Integer":0,"String":"c","Interface":null}}
2025-08-15T22:13:23.885-0500	DEBUG	protocol/handler.go:1649	have all messages and processed	{"{round 20 3  <nil>}": {"Key":"self","Type":15,"Integer":0,"String":"b","Interface":null}}
2025-08-15T22:13:23.885-0500	DEBUG	protocol/handler.go:596	round already finalized
2025-08-15T22:13:23.795-0500	DEBUG	protocol/handler.go:596	round already finalized
2025-08-15T22:13:23.885-0500	DEBUG	protocol/handler.go:581	tryAdvanceRound called	{"{current_round 20 3  <nil>}": {"Key":"self","Type":15,"Integer":0,"String":"c","Interface":null}}
2025-08-15T22:13:23.888-0500	DEBUG	protocol/handler.go:1591	have processed broadcast	{"{round 20 3  <nil>}": {"Key":"from","Type":15,"Integer":0,"String":"a","Interface":null}}
2025-08-15T22:13:23.889-0500	DEBUG	protocol/handler.go:1591	have processed broadcast	{"{round 20 3  <nil>}": {"Key":"from","Type":15,"Integer":0,"String":"b","Interface":null}}
2025-08-15T22:13:23.890-0500	DEBUG	protocol/handler.go:1649	have all messages and processed	{"{round 20 3  <nil>}": {"Key":"self","Type":15,"Integer":0,"String":"c","Interface":null}}
2025-08-15T22:13:23.890-0500	DEBUG	protocol/handler.go:596	round already finalized
2025-08-15T22:13:23.891-0500	DEBUG	protocol/handler.go:581	tryAdvanceRound called	{"{current_round 20 3  <nil>}": {"Key":"self","Type":15,"Integer":0,"String":"a","Interface":null}}
2025-08-15T22:13:23.891-0500	DEBUG	protocol/handler.go:1591	have processed broadcast	{"{round 20 3  <nil>}": {"Key":"from","Type":15,"Integer":0,"String":"b","Interface":null}}
2025-08-15T22:13:23.891-0500	DEBUG	protocol/handler.go:1591	have processed broadcast	{"{round 20 3  <nil>}": {"Key":"from","Type":15,"Integer":0,"String":"c","Interface":null}}
2025-08-15T22:13:23.891-0500	DEBUG	protocol/handler.go:1649	have all messages and processed	{"{round 20 3  <nil>}": {"Key":"self","Type":15,"Integer":0,"String":"a","Interface":null}}
2025-08-15T22:13:23.891-0500	DEBUG	protocol/handler.go:596	round already finalized
2025-08-15T22:13:23.891-0500	DEBUG	protocol/handler.go:581	tryAdvanceRound called	{"{current_round 20 3  <nil>}": {"Key":"self","Type":15,"Integer":0,"String":"c","Interface":null}}
2025-08-15T22:13:23.891-0500	DEBUG	protocol/handler.go:1591	have processed broadcast	{"{round 20 3  <nil>}": {"Key":"from","Type":15,"Integer":0,"String":"a","Interface":null}}
2025-08-15T22:13:23.891-0500	DEBUG	protocol/handler.go:1591	have processed broadcast	{"{round 20 3  <nil>}": {"Key":"from","Type":15,"Integer":0,"String":"b","Interface":null}}
2025-08-15T22:13:23.896-0500	DEBUG	protocol/handler.go:1649	have all messages and processed	{"{round 20 3  <nil>}": {"Key":"self","Type":15,"Integer":0,"String":"c","Interface":null}}
2025-08-15T22:13:23.896-0500	DEBUG	protocol/handler.go:596	round already finalized
2025-08-15T22:13:23.898-0500	DEBUG	protocol/handler.go:581	tryAdvanceRound called	{"{current_round 20 3  <nil>}": {"Key":"self","Type":15,"Integer":0,"String":"a","Interface":null}}
2025-08-15T22:13:23.898-0500	DEBUG	protocol/handler.go:1591	have processed broadcast	{"{round 20 3  <nil>}": {"Key":"from","Type":15,"Integer":0,"String":"b","Interface":null}}
2025-08-15T22:13:23.898-0500	DEBUG	protocol/handler.go:1591	have processed broadcast	{"{round 20 3  <nil>}": {"Key":"from","Type":15,"Integer":0,"String":"c","Interface":null}}
2025-08-15T22:13:23.898-0500	DEBUG	protocol/handler.go:1649	have all messages and processed	{"{round 20 3  <nil>}": {"Key":"self","Type":15,"Integer":0,"String":"a","Interface":null}}
2025-08-15T22:13:23.898-0500	DEBUG	protocol/handler.go:596	round already finalized
2025-08-15T22:13:23.898-0500	DEBUG	protocol/handler.go:581	tryAdvanceRound called	{"{current_round 20 3  <nil>}": {"Key":"self","Type":15,"Integer":0,"String":"b","Interface":null}}
2025-08-15T22:13:23.898-0500	DEBUG	protocol/handler.go:1591	have processed broadcast	{"{round 20 3  <nil>}": {"Key":"from","Type":15,"Integer":0,"String":"a","Interface":null}}
2025-08-15T22:13:23.898-0500	DEBUG	protocol/handler.go:1591	have processed broadcast	{"{round 20 3  <nil>}": {"Key":"from","Type":15,"Integer":0,"String":"c","Interface":null}}
2025-08-15T22:13:23.898-0500	DEBUG	protocol/handler.go:1649	have all messages and processed	{"{round 20 3  <nil>}": {"Key":"self","Type":15,"Integer":0,"String":"b","Interface":null}}
2025-08-15T22:13:23.898-0500	DEBUG	protocol/handler.go:596	round already finalized
2025-08-15T22:13:23.910-0500	DEBUG	protocol/handler.go:581	tryAdvanceRound called	{"{current_round 20 3  <nil>}": {"Key":"self","Type":15,"Integer":0,"String":"b","Interface":null}}
2025-08-15T22:13:23.910-0500	DEBUG	protocol/handler.go:1591	have processed broadcast	{"{round 20 3  <nil>}": {"Key":"from","Type":15,"Integer":0,"String":"a","Interface":null}}
2025-08-15T22:13:23.910-0500	DEBUG	protocol/handler.go:1591	have processed broadcast	{"{round 20 3  <nil>}": {"Key":"from","Type":15,"Integer":0,"String":"c","Interface":null}}
2025-08-15T22:13:23.910-0500	DEBUG	protocol/handler.go:1649	have all messages and processed	{"{round 20 3  <nil>}": {"Key":"self","Type":15,"Integer":0,"String":"b","Interface":null}}
2025-08-15T22:13:23.910-0500	DEBUG	protocol/handler.go:596	round already finalized
2025-08-15T22:13:23.910-0500	DEBUG	protocol/handler.go:581	tryAdvanceRound called	{"{current_round 20 3  <nil>}": {"Key":"self","Type":15,"Integer":0,"String":"c","Interface":null}}
2025-08-15T22:13:23.910-0500	DEBUG	protocol/handler.go:1591	have processed broadcast	{"{round 20 3  <nil>}": {"Key":"from","Type":15,"Integer":0,"String":"a","Interface":null}}
2025-08-15T22:13:23.910-0500	DEBUG	protocol/handler.go:1591	have processed broadcast	{"{round 20 3  <nil>}": {"Key":"from","Type":15,"Integer":0,"String":"b","Interface":null}}
2025-08-15T22:13:23.911-0500	DEBUG	protocol/handler.go:1649	have all messages and processed	{"{round 20 3  <nil>}": {"Key":"self","Type":15,"Integer":0,"String":"c","Interface":null}}
2025-08-15T22:13:23.917-0500	DEBUG	protocol/handler.go:596	round already finalized
2025-08-15T22:13:23.917-0500	DEBUG	protocol/handler.go:581	tryAdvanceRound called	{"{current_round 20 3  <nil>}": {"Key":"self","Type":15,"Integer":0,"String":"c","Interface":null}}
2025-08-15T22:13:23.918-0500	DEBUG	protocol/handler.go:1591	have processed broadcast	{"{round 20 3  <nil>}": {"Key":"from","Type":15,"Integer":0,"String":"a","Interface":null}}
2025-08-15T22:13:23.918-0500	DEBUG	protocol/handler.go:1591	have processed broadcast	{"{round 20 3  <nil>}": {"Key":"from","Type":15,"Integer":0,"String":"b","Interface":null}}
2025-08-15T22:13:23.918-0500	DEBUG	protocol/handler.go:1649	have all messages and processed	{"{round 20 3  <nil>}": {"Key":"self","Type":15,"Integer":0,"String":"c","Interface":null}}
2025-08-15T22:13:23.918-0500	DEBUG	protocol/handler.go:596	round already finalized
2025-08-15T22:13:23.918-0500	DEBUG	protocol/handler.go:581	tryAdvanceRound called	{"{current_round 20 3  <nil>}": {"Key":"self","Type":15,"Integer":0,"String":"a","Interface":null}}
2025-08-15T22:13:23.918-0500	DEBUG	protocol/handler.go:1591	have processed broadcast	{"{round 20 3  <nil>}": {"Key":"from","Type":15,"Integer":0,"String":"b","Interface":null}}
2025-08-15T22:13:23.929-0500	DEBUG	protocol/handler.go:1591	have processed broadcast	{"{round 20 3  <nil>}": {"Key":"from","Type":15,"Integer":0,"String":"c","Interface":null}}
2025-08-15T22:13:23.929-0500	DEBUG	protocol/handler.go:1649	have all messages and processed	{"{round 20 3  <nil>}": {"Key":"self","Type":15,"Integer":0,"String":"a","Interface":null}}
2025-08-15T22:13:23.929-0500	DEBUG	protocol/handler.go:596	round already finalized
2025-08-15T22:13:23.929-0500	DEBUG	protocol/handler.go:581	tryAdvanceRound called	{"{current_round 20 3  <nil>}": {"Key":"self","Type":15,"Integer":0,"String":"a","Interface":null}}
2025-08-15T22:13:23.929-0500	DEBUG	protocol/handler.go:1591	have processed broadcast	{"{round 20 3  <nil>}": {"Key":"from","Type":15,"Integer":0,"String":"b","Interface":null}}
2025-08-15T22:13:23.929-0500	DEBUG	protocol/handler.go:1591	have processed broadcast	{"{round 20 3  <nil>}": {"Key":"from","Type":15,"Integer":0,"String":"c","Interface":null}}
2025-08-15T22:13:23.929-0500	DEBUG	protocol/handler.go:1649	have all messages and processed	{"{round 20 3  <nil>}": {"Key":"self","Type":15,"Integer":0,"String":"a","Interface":null}}
2025-08-15T22:13:23.929-0500	DEBUG	protocol/handler.go:596	round already finalized
2025-08-15T22:13:23.929-0500	DEBUG	protocol/handler.go:581	tryAdvanceRound called	{"{current_round 20 3  <nil>}": {"Key":"self","Type":15,"Integer":0,"String":"a","Interface":null}}
2025-08-15T22:13:23.929-0500	DEBUG	protocol/handler.go:1591	have processed broadcast	{"{round 20 3  <nil>}": {"Key":"from","Type":15,"Integer":0,"String":"b","Interface":null}}
2025-08-15T22:13:23.929-0500	DEBUG	protocol/handler.go:1591	have processed broadcast	{"{round 20 3  <nil>}": {"Key":"from","Type":15,"Integer":0,"String":"c","Interface":null}}
2025-08-15T22:13:23.929-0500	DEBUG	protocol/handler.go:1649	have all messages and processed	{"{round 20 3  <nil>}": {"Key":"self","Type":15,"Integer":0,"String":"a","Interface":null}}
2025-08-15T22:13:23.929-0500	DEBUG	protocol/handler.go:596	round already finalized
2025-08-15T22:13:23.929-0500	DEBUG	protocol/handler.go:581	tryAdvanceRound called	{"{current_round 20 3  <nil>}": {"Key":"self","Type":15,"Integer":0,"String":"b","Interface":null}}
2025-08-15T22:13:23.929-0500	DEBUG	protocol/handler.go:1591	have processed broadcast	{"{round 20 3  <nil>}": {"Key":"from","Type":15,"Integer":0,"String":"a","Interface":null}}
2025-08-15T22:13:23.929-0500	DEBUG	protocol/handler.go:1591	have processed broadcast	{"{round 20 3  <nil>}": {"Key":"from","Type":15,"Integer":0,"String":"c","Interface":null}}
2025-08-15T22:13:23.929-0500	DEBUG	protocol/handler.go:1649	have all messages and processed	{"{round 20 3  <nil>}": {"Key":"self","Type":15,"Integer":0,"String":"b","Interface":null}}
2025-08-15T22:13:23.929-0500	DEBUG	protocol/handler.go:596	round already finalized
2025-08-15T22:13:23.929-0500	DEBUG	protocol/handler.go:581	tryAdvanceRound called	{"{current_round 20 3  <nil>}": {"Key":"self","Type":15,"Integer":0,"String":"b","Interface":null}}
2025-08-15T22:13:23.929-0500	DEBUG	protocol/handler.go:1591	have processed broadcast	{"{round 20 3  <nil>}": {"Key":"from","Type":15,"Integer":0,"String":"a","Interface":null}}
2025-08-15T22:13:23.930-0500	DEBUG	protocol/handler.go:1591	have processed broadcast	{"{round 20 3  <nil>}": {"Key":"from","Type":15,"Integer":0,"String":"c","Interface":null}}
2025-08-15T22:13:23.930-0500	DEBUG	protocol/handler.go:1649	have all messages and processed	{"{round 20 3  <nil>}": {"Key":"self","Type":15,"Integer":0,"String":"b","Interface":null}}
2025-08-15T22:13:23.930-0500	DEBUG	protocol/handler.go:596	round already finalized
2025-08-15T22:13:23.930-0500	DEBUG	protocol/handler.go:581	tryAdvanceRound called	{"{current_round 20 3  <nil>}": {"Key":"self","Type":15,"Integer":0,"String":"c","Interface":null}}
2025-08-15T22:13:23.930-0500	DEBUG	protocol/handler.go:1591	have processed broadcast	{"{round 20 3  <nil>}": {"Key":"from","Type":15,"Integer":0,"String":"a","Interface":null}}
2025-08-15T22:13:23.930-0500	DEBUG	protocol/handler.go:1591	have processed broadcast	{"{round 20 3  <nil>}": {"Key":"from","Type":15,"Integer":0,"String":"b","Interface":null}}
2025-08-15T22:13:23.930-0500	DEBUG	protocol/handler.go:1649	have all messages and processed	{"{round 20 3  <nil>}": {"Key":"self","Type":15,"Integer":0,"String":"c","Interface":null}}
2025-08-15T22:13:23.930-0500	DEBUG	protocol/handler.go:596	round already finalized
2025-08-15T22:13:23.969-0500	DEBUG	protocol/handler.go:581	tryAdvanceRound called	{"{current_round 20 3  <nil>}": {"Key":"self","Type":15,"Integer":0,"String":"b","Interface":null}}
2025-08-15T22:13:23.969-0500	DEBUG	protocol/handler.go:1591	have processed broadcast	{"{round 20 3  <nil>}": {"Key":"from","Type":15,"Integer":0,"String":"a","Interface":null}}
2025-08-15T22:13:23.969-0500	DEBUG	protocol/handler.go:1591	have processed broadcast	{"{round 20 3  <nil>}": {"Key":"from","Type":15,"Integer":0,"String":"c","Interface":null}}
2025-08-15T22:13:23.969-0500	DEBUG	protocol/handler.go:1649	have all messages and processed	{"{round 20 3  <nil>}": {"Key":"self","Type":15,"Integer":0,"String":"b","Interface":null}}
2025-08-15T22:13:23.969-0500	DEBUG	protocol/handler.go:596	round already finalized
2025-08-15T22:13:23.969-0500	DEBUG	protocol/handler.go:581	tryAdvanceRound called	{"{current_round 20 3  <nil>}": {"Key":"self","Type":15,"Integer":0,"String":"b","Interface":null}}
2025-08-15T22:13:23.969-0500	DEBUG	protocol/handler.go:1591	have processed broadcast	{"{round 20 3  <nil>}": {"Key":"from","Type":15,"Integer":0,"String":"a","Interface":null}}
2025-08-15T22:13:23.969-0500	DEBUG	protocol/handler.go:1591	have processed broadcast	{"{round 20 3  <nil>}": {"Key":"from","Type":15,"Integer":0,"String":"c","Interface":null}}
2025-08-15T22:13:23.969-0500	DEBUG	protocol/handler.go:1649	have all messages and processed	{"{round 20 3  <nil>}": {"Key":"self","Type":15,"Integer":0,"String":"b","Interface":null}}
2025-08-15T22:13:23.969-0500	DEBUG	protocol/handler.go:596	round already finalized
2025-08-15T22:13:23.969-0500	DEBUG	protocol/handler.go:581	tryAdvanceRound called	{"{current_round 20 3  <nil>}": {"Key":"self","Type":15,"Integer":0,"String":"c","Interface":null}}
2025-08-15T22:13:23.969-0500	DEBUG	protocol/handler.go:1591	have processed broadcast	{"{round 20 3  <nil>}": {"Key":"from","Type":15,"Integer":0,"String":"a","Interface":null}}
2025-08-15T22:13:23.969-0500	DEBUG	protocol/handler.go:1591	have processed broadcast	{"{round 20 3  <nil>}": {"Key":"from","Type":15,"Integer":0,"String":"b","Interface":null}}
2025-08-15T22:13:23.969-0500	DEBUG	protocol/handler.go:1649	have all messages and processed	{"{round 20 3  <nil>}": {"Key":"self","Type":15,"Integer":0,"String":"c","Interface":null}}
2025-08-15T22:13:23.969-0500	DEBUG	protocol/handler.go:596	round already finalized
2025-08-15T22:13:23.969-0500	DEBUG	protocol/handler.go:581	tryAdvanceRound called	{"{current_round 20 3  <nil>}": {"Key":"self","Type":15,"Integer":0,"String":"c","Interface":null}}
2025-08-15T22:13:23.969-0500	DEBUG	protocol/handler.go:1591	have processed broadcast	{"{round 20 3  <nil>}": {"Key":"from","Type":15,"Integer":0,"String":"a","Interface":null}}
2025-08-15T22:13:23.969-0500	DEBUG	protocol/handler.go:1591	have processed broadcast	{"{round 20 3  <nil>}": {"Key":"from","Type":15,"Integer":0,"String":"b","Interface":null}}
2025-08-15T22:13:23.969-0500	DEBUG	protocol/handler.go:1649	have all messages and processed	{"{round 20 3  <nil>}": {"Key":"self","Type":15,"Integer":0,"String":"c","Interface":null}}
2025-08-15T22:13:23.970-0500	DEBUG	protocol/handler.go:596	round already finalized
2025-08-15T22:13:24.030-0500	DEBUG	protocol/handler.go:581	tryAdvanceRound called	{"{current_round 20 3  <nil>}": {"Key":"self","Type":15,"Integer":0,"String":"b","Interface":null}}
2025-08-15T22:13:24.035-0500	DEBUG	protocol/handler.go:1591	have processed broadcast	{"{round 20 3  <nil>}": {"Key":"from","Type":15,"Integer":0,"String":"a","Interface":null}}
2025-08-15T22:13:24.041-0500	DEBUG	protocol/handler.go:581	tryAdvanceRound called	{"{current_round 20 3  <nil>}": {"Key":"self","Type":15,"Integer":0,"String":"a","Interface":null}}
2025-08-15T22:13:24.041-0500	DEBUG	protocol/handler.go:1591	have processed broadcast	{"{round 20 3  <nil>}": {"Key":"from","Type":15,"Integer":0,"String":"b","Interface":null}}
2025-08-15T22:13:24.041-0500	DEBUG	protocol/handler.go:1591	have processed broadcast	{"{round 20 3  <nil>}": {"Key":"from","Type":15,"Integer":0,"String":"c","Interface":null}}
2025-08-15T22:13:24.041-0500	DEBUG	protocol/handler.go:1649	have all messages and processed	{"{round 20 3  <nil>}": {"Key":"self","Type":15,"Integer":0,"String":"a","Interface":null}}
2025-08-15T22:13:24.041-0500	DEBUG	protocol/handler.go:596	round already finalized
2025-08-15T22:13:24.041-0500	DEBUG	protocol/handler.go:581	tryAdvanceRound called	{"{current_round 20 3  <nil>}": {"Key":"self","Type":15,"Integer":0,"String":"a","Interface":null}}
2025-08-15T22:13:24.041-0500	DEBUG	protocol/handler.go:1591	have processed broadcast	{"{round 20 3  <nil>}": {"Key":"from","Type":15,"Integer":0,"String":"b","Interface":null}}
2025-08-15T22:13:24.041-0500	DEBUG	protocol/handler.go:1591	have processed broadcast	{"{round 20 3  <nil>}": {"Key":"from","Type":15,"Integer":0,"String":"c","Interface":null}}
2025-08-15T22:13:24.041-0500	DEBUG	protocol/handler.go:1649	have all messages and processed	{"{round 20 3  <nil>}": {"Key":"self","Type":15,"Integer":0,"String":"a","Interface":null}}
2025-08-15T22:13:24.042-0500	DEBUG	protocol/handler.go:596	round already finalized
2025-08-15T22:13:24.042-0500	DEBUG	protocol/handler.go:581	tryAdvanceRound called	{"{current_round 20 3  <nil>}": {"Key":"self","Type":15,"Integer":0,"String":"c","Interface":null}}
2025-08-15T22:13:24.042-0500	DEBUG	protocol/handler.go:1591	have processed broadcast	{"{round 20 3  <nil>}": {"Key":"from","Type":15,"Integer":0,"String":"a","Interface":null}}
2025-08-15T22:13:24.042-0500	DEBUG	protocol/handler.go:1591	have processed broadcast	{"{round 20 3  <nil>}": {"Key":"from","Type":15,"Integer":0,"String":"b","Interface":null}}
2025-08-15T22:13:24.042-0500	DEBUG	protocol/handler.go:1649	have all messages and processed	{"{round 20 3  <nil>}": {"Key":"self","Type":15,"Integer":0,"String":"c","Interface":null}}
2025-08-15T22:13:24.042-0500	DEBUG	protocol/handler.go:596	round already finalized
2025-08-15T22:13:24.042-0500	DEBUG	protocol/handler.go:581	tryAdvanceRound called	{"{current_round 20 3  <nil>}": {"Key":"self","Type":15,"Integer":0,"String":"c","Interface":null}}
2025-08-15T22:13:24.042-0500	DEBUG	protocol/handler.go:1591	have processed broadcast	{"{round 20 3  <nil>}": {"Key":"from","Type":15,"Integer":0,"String":"a","Interface":null}}
2025-08-15T22:13:24.042-0500	DEBUG	protocol/handler.go:1591	have processed broadcast	{"{round 20 3  <nil>}": {"Key":"from","Type":15,"Integer":0,"String":"b","Interface":null}}
2025-08-15T22:13:24.051-0500	DEBUG	protocol/handler.go:1649	have all messages and processed	{"{round 20 3  <nil>}": {"Key":"self","Type":15,"Integer":0,"String":"c","Interface":null}}
2025-08-15T22:13:24.051-0500	DEBUG	protocol/handler.go:596	round already finalized
2025-08-15T22:13:24.051-0500	DEBUG	protocol/handler.go:581	tryAdvanceRound called	{"{current_round 20 3  <nil>}": {"Key":"self","Type":15,"Integer":0,"String":"c","Interface":null}}
2025-08-15T22:13:24.051-0500	DEBUG	protocol/handler.go:1591	have processed broadcast	{"{round 20 3  <nil>}": {"Key":"from","Type":15,"Integer":0,"String":"a","Interface":null}}
2025-08-15T22:13:24.051-0500	DEBUG	protocol/handler.go:1591	have processed broadcast	{"{round 20 3  <nil>}": {"Key":"from","Type":15,"Integer":0,"String":"b","Interface":null}}
2025-08-15T22:13:24.051-0500	DEBUG	protocol/handler.go:1649	have all messages and processed	{"{round 20 3  <nil>}": {"Key":"self","Type":15,"Integer":0,"String":"c","Interface":null}}
2025-08-15T22:13:24.051-0500	DEBUG	protocol/handler.go:596	round already finalized
2025-08-15T22:13:24.051-0500	DEBUG	protocol/handler.go:581	tryAdvanceRound called	{"{current_round 20 3  <nil>}": {"Key":"self","Type":15,"Integer":0,"String":"a","Interface":null}}
2025-08-15T22:13:24.051-0500	DEBUG	protocol/handler.go:1591	have processed broadcast	{"{round 20 3  <nil>}": {"Key":"from","Type":15,"Integer":0,"String":"b","Interface":null}}
2025-08-15T22:13:24.051-0500	DEBUG	protocol/handler.go:1591	have processed broadcast	{"{round 20 3  <nil>}": {"Key":"from","Type":15,"Integer":0,"String":"c","Interface":null}}
2025-08-15T22:13:24.051-0500	DEBUG	protocol/handler.go:1649	have all messages and processed	{"{round 20 3  <nil>}": {"Key":"self","Type":15,"Integer":0,"String":"a","Interface":null}}
2025-08-15T22:13:24.051-0500	DEBUG	protocol/handler.go:596	round already finalized
2025-08-15T22:13:24.074-0500	DEBUG	protocol/handler.go:581	tryAdvanceRound called	{"{current_round 20 3  <nil>}": {"Key":"self","Type":15,"Integer":0,"String":"c","Interface":null}}
2025-08-15T22:13:24.075-0500	DEBUG	protocol/handler.go:1591	have processed broadcast	{"{round 20 3  <nil>}": {"Key":"from","Type":15,"Integer":0,"String":"a","Interface":null}}
2025-08-15T22:13:24.075-0500	DEBUG	protocol/handler.go:1591	have processed broadcast	{"{round 20 3  <nil>}": {"Key":"from","Type":15,"Integer":0,"String":"b","Interface":null}}
2025-08-15T22:13:24.075-0500	DEBUG	protocol/handler.go:1649	have all messages and processed	{"{round 20 3  <nil>}": {"Key":"self","Type":15,"Integer":0,"String":"c","Interface":null}}
2025-08-15T22:13:24.075-0500	DEBUG	protocol/handler.go:596	round already finalized
2025-08-15T22:13:24.038-0500	DEBUG	protocol/handler.go:1591	have processed broadcast	{"{round 20 3  <nil>}": {"Key":"from","Type":15,"Integer":0,"String":"c","Interface":null}}
2025-08-15T22:13:24.075-0500	DEBUG	protocol/handler.go:1649	have all messages and processed	{"{round 20 3  <nil>}": {"Key":"self","Type":15,"Integer":0,"String":"b","Interface":null}}
2025-08-15T22:13:24.109-0500	DEBUG	protocol/handler.go:581	tryAdvanceRound called	{"{current_round 20 3  <nil>}": {"Key":"self","Type":15,"Integer":0,"String":"a","Interface":null}}
2025-08-15T22:13:24.117-0500	DEBUG	protocol/handler.go:1591	have processed broadcast	{"{round 20 3  <nil>}": {"Key":"from","Type":15,"Integer":0,"String":"b","Interface":null}}
2025-08-15T22:13:24.133-0500	DEBUG	protocol/handler.go:581	tryAdvanceRound called	{"{current_round 20 3  <nil>}": {"Key":"self","Type":15,"Integer":0,"String":"c","Interface":null}}
2025-08-15T22:13:24.134-0500	DEBUG	protocol/handler.go:1591	have processed broadcast	{"{round 20 3  <nil>}": {"Key":"from","Type":15,"Integer":0,"String":"a","Interface":null}}
2025-08-15T22:13:24.134-0500	DEBUG	protocol/handler.go:1591	have processed broadcast	{"{round 20 3  <nil>}": {"Key":"from","Type":15,"Integer":0,"String":"b","Interface":null}}
2025-08-15T22:13:24.134-0500	DEBUG	protocol/handler.go:1649	have all messages and processed	{"{round 20 3  <nil>}": {"Key":"self","Type":15,"Integer":0,"String":"c","Interface":null}}
2025-08-15T22:13:24.134-0500	DEBUG	protocol/handler.go:596	round already finalized
2025-08-15T22:13:24.134-0500	DEBUG	protocol/handler.go:581	tryAdvanceRound called	{"{current_round 20 3  <nil>}": {"Key":"self","Type":15,"Integer":0,"String":"c","Interface":null}}
2025-08-15T22:13:24.134-0500	DEBUG	protocol/handler.go:1591	have processed broadcast	{"{round 20 3  <nil>}": {"Key":"from","Type":15,"Integer":0,"String":"a","Interface":null}}
2025-08-15T22:13:24.134-0500	DEBUG	protocol/handler.go:1591	have processed broadcast	{"{round 20 3  <nil>}": {"Key":"from","Type":15,"Integer":0,"String":"b","Interface":null}}
2025-08-15T22:13:24.134-0500	DEBUG	protocol/handler.go:1649	have all messages and processed	{"{round 20 3  <nil>}": {"Key":"self","Type":15,"Integer":0,"String":"c","Interface":null}}
2025-08-15T22:13:24.134-0500	DEBUG	protocol/handler.go:596	round already finalized
2025-08-15T22:13:24.179-0500	DEBUG	protocol/handler.go:596	round already finalized
2025-08-15T22:13:24.179-0500	DEBUG	protocol/handler.go:581	tryAdvanceRound called	{"{current_round 20 3  <nil>}": {"Key":"self","Type":15,"Integer":0,"String":"b","Interface":null}}
2025-08-15T22:13:24.179-0500	DEBUG	protocol/handler.go:1591	have processed broadcast	{"{round 20 3  <nil>}": {"Key":"from","Type":15,"Integer":0,"String":"a","Interface":null}}
2025-08-15T22:13:24.179-0500	DEBUG	protocol/handler.go:581	tryAdvanceRound called	{"{current_round 20 3  <nil>}": {"Key":"self","Type":15,"Integer":0,"String":"c","Interface":null}}
2025-08-15T22:13:24.180-0500	DEBUG	protocol/handler.go:1591	have processed broadcast	{"{round 20 3  <nil>}": {"Key":"from","Type":15,"Integer":0,"String":"a","Interface":null}}
2025-08-15T22:13:24.180-0500	DEBUG	protocol/handler.go:1591	have processed broadcast	{"{round 20 3  <nil>}": {"Key":"from","Type":15,"Integer":0,"String":"b","Interface":null}}
2025-08-15T22:13:24.180-0500	DEBUG	protocol/handler.go:1649	have all messages and processed	{"{round 20 3  <nil>}": {"Key":"self","Type":15,"Integer":0,"String":"c","Interface":null}}
2025-08-15T22:13:24.180-0500	DEBUG	protocol/handler.go:596	round already finalized
2025-08-15T22:13:24.180-0500	DEBUG	protocol/handler.go:581	tryAdvanceRound called	{"{current_round 20 3  <nil>}": {"Key":"self","Type":15,"Integer":0,"String":"c","Interface":null}}
2025-08-15T22:13:24.180-0500	DEBUG	protocol/handler.go:1591	have processed broadcast	{"{round 20 3  <nil>}": {"Key":"from","Type":15,"Integer":0,"String":"a","Interface":null}}
2025-08-15T22:13:24.180-0500	DEBUG	protocol/handler.go:1591	have processed broadcast	{"{round 20 3  <nil>}": {"Key":"from","Type":15,"Integer":0,"String":"b","Interface":null}}
2025-08-15T22:13:24.180-0500	DEBUG	protocol/handler.go:1649	have all messages and processed	{"{round 20 3  <nil>}": {"Key":"self","Type":15,"Integer":0,"String":"c","Interface":null}}
2025-08-15T22:13:24.181-0500	DEBUG	protocol/handler.go:596	round already finalized
2025-08-15T22:13:24.179-0500	DEBUG	protocol/handler.go:1591	have processed broadcast	{"{round 20 3  <nil>}": {"Key":"from","Type":15,"Integer":0,"String":"c","Interface":null}}
2025-08-15T22:13:24.182-0500	DEBUG	protocol/handler.go:1649	have all messages and processed	{"{round 20 3  <nil>}": {"Key":"self","Type":15,"Integer":0,"String":"b","Interface":null}}
2025-08-15T22:13:24.182-0500	DEBUG	protocol/handler.go:596	round already finalized
2025-08-15T22:13:24.182-0500	DEBUG	protocol/handler.go:581	tryAdvanceRound called	{"{current_round 20 3  <nil>}": {"Key":"self","Type":15,"Integer":0,"String":"b","Interface":null}}
2025-08-15T22:13:24.183-0500	DEBUG	protocol/handler.go:1591	have processed broadcast	{"{round 20 3  <nil>}": {"Key":"from","Type":15,"Integer":0,"String":"a","Interface":null}}
2025-08-15T22:13:24.185-0500	DEBUG	protocol/handler.go:1591	have processed broadcast	{"{round 20 3  <nil>}": {"Key":"from","Type":15,"Integer":0,"String":"c","Interface":null}}
2025-08-15T22:13:24.185-0500	DEBUG	protocol/handler.go:1649	have all messages and processed	{"{round 20 3  <nil>}": {"Key":"self","Type":15,"Integer":0,"String":"b","Interface":null}}
2025-08-15T22:13:24.185-0500	DEBUG	protocol/handler.go:596	round already finalized
2025-08-15T22:13:24.117-0500	DEBUG	protocol/handler.go:1591	have processed broadcast	{"{round 20 3  <nil>}": {"Key":"from","Type":15,"Integer":0,"String":"c","Interface":null}}
2025-08-15T22:13:24.225-0500	DEBUG	protocol/handler.go:1649	have all messages and processed	{"{round 20 3  <nil>}": {"Key":"self","Type":15,"Integer":0,"String":"a","Interface":null}}
2025-08-15T22:13:24.225-0500	DEBUG	protocol/handler.go:596	round already finalized
2025-08-15T22:13:24.225-0500	DEBUG	protocol/handler.go:581	tryAdvanceRound called	{"{current_round 20 3  <nil>}": {"Key":"self","Type":15,"Integer":0,"String":"a","Interface":null}}
2025-08-15T22:13:24.226-0500	DEBUG	protocol/handler.go:1591	have processed broadcast	{"{round 20 3  <nil>}": {"Key":"from","Type":15,"Integer":0,"String":"b","Interface":null}}
2025-08-15T22:13:24.226-0500	DEBUG	protocol/handler.go:1591	have processed broadcast	{"{round 20 3  <nil>}": {"Key":"from","Type":15,"Integer":0,"String":"c","Interface":null}}
2025-08-15T22:13:24.226-0500	DEBUG	protocol/handler.go:1649	have all messages and processed	{"{round 20 3  <nil>}": {"Key":"self","Type":15,"Integer":0,"String":"a","Interface":null}}
2025-08-15T22:13:24.226-0500	DEBUG	protocol/handler.go:596	round already finalized
2025-08-15T22:13:24.233-0500	DEBUG	protocol/handler.go:581	tryAdvanceRound called	{"{current_round 20 3  <nil>}": {"Key":"self","Type":15,"Integer":0,"String":"b","Interface":null}}
2025-08-15T22:13:24.233-0500	DEBUG	protocol/handler.go:1591	have processed broadcast	{"{round 20 3  <nil>}": {"Key":"from","Type":15,"Integer":0,"String":"a","Interface":null}}
2025-08-15T22:13:24.233-0500	DEBUG	protocol/handler.go:1591	have processed broadcast	{"{round 20 3  <nil>}": {"Key":"from","Type":15,"Integer":0,"String":"c","Interface":null}}
2025-08-15T22:13:24.233-0500	DEBUG	protocol/handler.go:1649	have all messages and processed	{"{round 20 3  <nil>}": {"Key":"self","Type":15,"Integer":0,"String":"b","Interface":null}}
2025-08-15T22:13:24.233-0500	DEBUG	protocol/handler.go:596	round already finalized
2025-08-15T22:13:24.235-0500	DEBUG	protocol/handler.go:581	tryAdvanceRound called	{"{current_round 20 3  <nil>}": {"Key":"self","Type":15,"Integer":0,"String":"b","Interface":null}}
2025-08-15T22:13:24.235-0500	DEBUG	protocol/handler.go:1591	have processed broadcast	{"{round 20 3  <nil>}": {"Key":"from","Type":15,"Integer":0,"String":"a","Interface":null}}
2025-08-15T22:13:24.235-0500	DEBUG	protocol/handler.go:1591	have processed broadcast	{"{round 20 3  <nil>}": {"Key":"from","Type":15,"Integer":0,"String":"c","Interface":null}}
2025-08-15T22:13:24.235-0500	DEBUG	protocol/handler.go:1649	have all messages and processed	{"{round 20 3  <nil>}": {"Key":"self","Type":15,"Integer":0,"String":"b","Interface":null}}
2025-08-15T22:13:24.235-0500	DEBUG	protocol/handler.go:596	round already finalized
2025-08-15T22:13:24.234-0500	DEBUG	protocol/handler.go:581	tryAdvanceRound called	{"{current_round 20 3  <nil>}": {"Key":"self","Type":15,"Integer":0,"String":"c","Interface":null}}
2025-08-15T22:13:24.235-0500	DEBUG	protocol/handler.go:1591	have processed broadcast	{"{round 20 3  <nil>}": {"Key":"from","Type":15,"Integer":0,"String":"a","Interface":null}}
2025-08-15T22:13:24.235-0500	DEBUG	protocol/handler.go:1591	have processed broadcast	{"{round 20 3  <nil>}": {"Key":"from","Type":15,"Integer":0,"String":"b","Interface":null}}
2025-08-15T22:13:24.235-0500	DEBUG	protocol/handler.go:1649	have all messages and processed	{"{round 20 3  <nil>}": {"Key":"self","Type":15,"Integer":0,"String":"c","Interface":null}}
2025-08-15T22:13:24.235-0500	DEBUG	protocol/handler.go:596	round already finalized
2025-08-15T22:13:24.235-0500	DEBUG	protocol/handler.go:581	tryAdvanceRound called	{"{current_round 20 3  <nil>}": {"Key":"self","Type":15,"Integer":0,"String":"c","Interface":null}}
2025-08-15T22:13:24.235-0500	DEBUG	protocol/handler.go:1591	have processed broadcast	{"{round 20 3  <nil>}": {"Key":"from","Type":15,"Integer":0,"String":"a","Interface":null}}
2025-08-15T22:13:24.235-0500	DEBUG	protocol/handler.go:1591	have processed broadcast	{"{round 20 3  <nil>}": {"Key":"from","Type":15,"Integer":0,"String":"b","Interface":null}}
2025-08-15T22:13:24.235-0500	DEBUG	protocol/handler.go:1649	have all messages and processed	{"{round 20 3  <nil>}": {"Key":"self","Type":15,"Integer":0,"String":"c","Interface":null}}
2025-08-15T22:13:24.235-0500	DEBUG	protocol/handler.go:596	round already finalized
2025-08-15T22:13:24.242-0500	DEBUG	protocol/handler.go:581	tryAdvanceRound called	{"{current_round 20 3  <nil>}": {"Key":"self","Type":15,"Integer":0,"String":"a","Interface":null}}
2025-08-15T22:13:24.243-0500	DEBUG	protocol/handler.go:1591	have processed broadcast	{"{round 20 3  <nil>}": {"Key":"from","Type":15,"Integer":0,"String":"b","Interface":null}}
2025-08-15T22:13:24.243-0500	DEBUG	protocol/handler.go:1591	have processed broadcast	{"{round 20 3  <nil>}": {"Key":"from","Type":15,"Integer":0,"String":"c","Interface":null}}
2025-08-15T22:13:24.243-0500	DEBUG	protocol/handler.go:1649	have all messages and processed	{"{round 20 3  <nil>}": {"Key":"self","Type":15,"Integer":0,"String":"a","Interface":null}}
2025-08-15T22:13:24.243-0500	DEBUG	protocol/handler.go:596	round already finalized
2025-08-15T22:13:24.306-0500	DEBUG	protocol/handler.go:581	tryAdvanceRound called	{"{current_round 20 3  <nil>}": {"Key":"self","Type":15,"Integer":0,"String":"a","Interface":null}}
2025-08-15T22:13:24.306-0500	DEBUG	protocol/handler.go:1591	have processed broadcast	{"{round 20 3  <nil>}": {"Key":"from","Type":15,"Integer":0,"String":"b","Interface":null}}
2025-08-15T22:13:24.306-0500	DEBUG	protocol/handler.go:1591	have processed broadcast	{"{round 20 3  <nil>}": {"Key":"from","Type":15,"Integer":0,"String":"c","Interface":null}}
2025-08-15T22:13:24.306-0500	DEBUG	protocol/handler.go:1649	have all messages and processed	{"{round 20 3  <nil>}": {"Key":"self","Type":15,"Integer":0,"String":"a","Interface":null}}
2025-08-15T22:13:24.306-0500	DEBUG	protocol/handler.go:596	round already finalized
2025-08-15T22:13:24.306-0500	DEBUG	protocol/handler.go:581	tryAdvanceRound called	{"{current_round 20 3  <nil>}": {"Key":"self","Type":15,"Integer":0,"String":"a","Interface":null}}
2025-08-15T22:13:24.306-0500	DEBUG	protocol/handler.go:1591	have processed broadcast	{"{round 20 3  <nil>}": {"Key":"from","Type":15,"Integer":0,"String":"b","Interface":null}}
2025-08-15T22:13:24.307-0500	DEBUG	protocol/handler.go:1591	have processed broadcast	{"{round 20 3  <nil>}": {"Key":"from","Type":15,"Integer":0,"String":"c","Interface":null}}
2025-08-15T22:13:24.307-0500	DEBUG	protocol/handler.go:1649	have all messages and processed	{"{round 20 3  <nil>}": {"Key":"self","Type":15,"Integer":0,"String":"a","Interface":null}}
2025-08-15T22:13:24.307-0500	DEBUG	protocol/handler.go:596	round already finalized
2025-08-15T22:13:24.316-0500	DEBUG	protocol/handler.go:581	tryAdvanceRound called	{"{current_round 20 3  <nil>}": {"Key":"self","Type":15,"Integer":0,"String":"b","Interface":null}}
2025-08-15T22:13:24.350-0500	DEBUG	protocol/handler.go:581	tryAdvanceRound called	{"{current_round 20 3  <nil>}": {"Key":"self","Type":15,"Integer":0,"String":"c","Interface":null}}
2025-08-15T22:13:24.350-0500	DEBUG	protocol/handler.go:1591	have processed broadcast	{"{round 20 3  <nil>}": {"Key":"from","Type":15,"Integer":0,"String":"a","Interface":null}}
2025-08-15T22:13:24.350-0500	DEBUG	protocol/handler.go:1591	have processed broadcast	{"{round 20 3  <nil>}": {"Key":"from","Type":15,"Integer":0,"String":"b","Interface":null}}
2025-08-15T22:13:24.350-0500	DEBUG	protocol/handler.go:1649	have all messages and processed	{"{round 20 3  <nil>}": {"Key":"self","Type":15,"Integer":0,"String":"c","Interface":null}}
2025-08-15T22:13:24.350-0500	DEBUG	protocol/handler.go:596	round already finalized
2025-08-15T22:13:24.350-0500	DEBUG	protocol/handler.go:581	tryAdvanceRound called	{"{current_round 20 3  <nil>}": {"Key":"self","Type":15,"Integer":0,"String":"c","Interface":null}}
2025-08-15T22:13:24.350-0500	DEBUG	protocol/handler.go:1591	have processed broadcast	{"{round 20 3  <nil>}": {"Key":"from","Type":15,"Integer":0,"String":"a","Interface":null}}
2025-08-15T22:13:24.350-0500	DEBUG	protocol/handler.go:1591	have processed broadcast	{"{round 20 3  <nil>}": {"Key":"from","Type":15,"Integer":0,"String":"b","Interface":null}}
2025-08-15T22:13:24.350-0500	DEBUG	protocol/handler.go:1649	have all messages and processed	{"{round 20 3  <nil>}": {"Key":"self","Type":15,"Integer":0,"String":"c","Interface":null}}
2025-08-15T22:13:24.350-0500	DEBUG	protocol/handler.go:596	round already finalized
2025-08-15T22:13:24.365-0500	DEBUG	protocol/handler.go:1591	have processed broadcast	{"{round 20 3  <nil>}": {"Key":"from","Type":15,"Integer":0,"String":"a","Interface":null}}
2025-08-15T22:13:24.365-0500	DEBUG	protocol/handler.go:1591	have processed broadcast	{"{round 20 3  <nil>}": {"Key":"from","Type":15,"Integer":0,"String":"c","Interface":null}}
2025-08-15T22:13:24.365-0500	DEBUG	protocol/handler.go:1649	have all messages and processed	{"{round 20 3  <nil>}": {"Key":"self","Type":15,"Integer":0,"String":"b","Interface":null}}
2025-08-15T22:13:24.365-0500	DEBUG	protocol/handler.go:596	round already finalized
2025-08-15T22:13:24.365-0500	DEBUG	protocol/handler.go:581	tryAdvanceRound called	{"{current_round 20 3  <nil>}": {"Key":"self","Type":15,"Integer":0,"String":"b","Interface":null}}
2025-08-15T22:13:24.365-0500	DEBUG	protocol/handler.go:1591	have processed broadcast	{"{round 20 3  <nil>}": {"Key":"from","Type":15,"Integer":0,"String":"a","Interface":null}}
2025-08-15T22:13:24.365-0500	DEBUG	protocol/handler.go:1591	have processed broadcast	{"{round 20 3  <nil>}": {"Key":"from","Type":15,"Integer":0,"String":"c","Interface":null}}
2025-08-15T22:13:24.365-0500	DEBUG	protocol/handler.go:1649	have all messages and processed	{"{round 20 3  <nil>}": {"Key":"self","Type":15,"Integer":0,"String":"b","Interface":null}}
2025-08-15T22:13:24.365-0500	DEBUG	protocol/handler.go:596	round already finalized
2025-08-15T22:13:24.372-0500	DEBUG	protocol/handler.go:581	tryAdvanceRound called	{"{current_round 20 3  <nil>}": {"Key":"self","Type":15,"Integer":0,"String":"c","Interface":null}}
2025-08-15T22:13:24.372-0500	DEBUG	protocol/handler.go:1591	have processed broadcast	{"{round 20 3  <nil>}": {"Key":"from","Type":15,"Integer":0,"String":"a","Interface":null}}
2025-08-15T22:13:24.372-0500	DEBUG	protocol/handler.go:1591	have processed broadcast	{"{round 20 3  <nil>}": {"Key":"from","Type":15,"Integer":0,"String":"b","Interface":null}}
2025-08-15T22:13:24.372-0500	DEBUG	protocol/handler.go:1649	have all messages and processed	{"{round 20 3  <nil>}": {"Key":"self","Type":15,"Integer":0,"String":"c","Interface":null}}
2025-08-15T22:13:24.372-0500	DEBUG	protocol/handler.go:596	round already finalized
2025-08-15T22:13:24.372-0500	DEBUG	protocol/handler.go:581	tryAdvanceRound called	{"{current_round 20 3  <nil>}": {"Key":"self","Type":15,"Integer":0,"String":"a","Interface":null}}
2025-08-15T22:13:24.372-0500	DEBUG	protocol/handler.go:1591	have processed broadcast	{"{round 20 3  <nil>}": {"Key":"from","Type":15,"Integer":0,"String":"b","Interface":null}}
2025-08-15T22:13:24.372-0500	DEBUG	protocol/handler.go:1591	have processed broadcast	{"{round 20 3  <nil>}": {"Key":"from","Type":15,"Integer":0,"String":"c","Interface":null}}
2025-08-15T22:13:24.373-0500	DEBUG	protocol/handler.go:1649	have all messages and processed	{"{round 20 3  <nil>}": {"Key":"self","Type":15,"Integer":0,"String":"a","Interface":null}}
2025-08-15T22:13:24.373-0500	DEBUG	protocol/handler.go:596	round already finalized
2025-08-15T22:13:24.373-0500	DEBUG	protocol/handler.go:581	tryAdvanceRound called	{"{current_round 20 3  <nil>}": {"Key":"self","Type":15,"Integer":0,"String":"a","Interface":null}}
2025-08-15T22:13:24.373-0500	DEBUG	protocol/handler.go:1591	have processed broadcast	{"{round 20 3  <nil>}": {"Key":"from","Type":15,"Integer":0,"String":"b","Interface":null}}
2025-08-15T22:13:24.373-0500	DEBUG	protocol/handler.go:1591	have processed broadcast	{"{round 20 3  <nil>}": {"Key":"from","Type":15,"Integer":0,"String":"c","Interface":null}}
2025-08-15T22:13:24.373-0500	DEBUG	protocol/handler.go:1649	have all messages and processed	{"{round 20 3  <nil>}": {"Key":"self","Type":15,"Integer":0,"String":"a","Interface":null}}
2025-08-15T22:13:24.373-0500	DEBUG	protocol/handler.go:596	round already finalized
2025-08-15T22:13:24.383-0500	DEBUG	protocol/handler.go:581	tryAdvanceRound called	{"{current_round 20 3  <nil>}": {"Key":"self","Type":15,"Integer":0,"String":"b","Interface":null}}
2025-08-15T22:13:24.383-0500	DEBUG	protocol/handler.go:1591	have processed broadcast	{"{round 20 3  <nil>}": {"Key":"from","Type":15,"Integer":0,"String":"a","Interface":null}}
2025-08-15T22:13:24.383-0500	DEBUG	protocol/handler.go:1591	have processed broadcast	{"{round 20 3  <nil>}": {"Key":"from","Type":15,"Integer":0,"String":"c","Interface":null}}
2025-08-15T22:13:24.383-0500	DEBUG	protocol/handler.go:1649	have all messages and processed	{"{round 20 3  <nil>}": {"Key":"self","Type":15,"Integer":0,"String":"b","Interface":null}}
2025-08-15T22:13:24.383-0500	DEBUG	protocol/handler.go:596	round already finalized
2025-08-15T22:13:24.395-0500	DEBUG	protocol/handler.go:581	tryAdvanceRound called	{"{current_round 20 3  <nil>}": {"Key":"self","Type":15,"Integer":0,"String":"c","Interface":null}}
2025-08-15T22:13:24.398-0500	DEBUG	protocol/handler.go:1591	have processed broadcast	{"{round 20 3  <nil>}": {"Key":"from","Type":15,"Integer":0,"String":"a","Interface":null}}
2025-08-15T22:13:24.398-0500	DEBUG	protocol/handler.go:1591	have processed broadcast	{"{round 20 3  <nil>}": {"Key":"from","Type":15,"Integer":0,"String":"b","Interface":null}}
2025-08-15T22:13:24.398-0500	DEBUG	protocol/handler.go:1649	have all messages and processed	{"{round 20 3  <nil>}": {"Key":"self","Type":15,"Integer":0,"String":"c","Interface":null}}
2025-08-15T22:13:24.398-0500	DEBUG	protocol/handler.go:596	round already finalized
2025-08-15T22:13:24.425-0500	DEBUG	protocol/handler.go:581	tryAdvanceRound called	{"{current_round 20 3  <nil>}": {"Key":"self","Type":15,"Integer":0,"String":"c","Interface":null}}
2025-08-15T22:13:24.425-0500	DEBUG	protocol/handler.go:581	tryAdvanceRound called	{"{current_round 20 3  <nil>}": {"Key":"self","Type":15,"Integer":0,"String":"a","Interface":null}}
2025-08-15T22:13:24.426-0500	DEBUG	protocol/handler.go:1591	have processed broadcast	{"{round 20 3  <nil>}": {"Key":"from","Type":15,"Integer":0,"String":"b","Interface":null}}
2025-08-15T22:13:24.427-0500	DEBUG	protocol/handler.go:1591	have processed broadcast	{"{round 20 3  <nil>}": {"Key":"from","Type":15,"Integer":0,"String":"c","Interface":null}}
2025-08-15T22:13:24.427-0500	DEBUG	protocol/handler.go:1649	have all messages and processed	{"{round 20 3  <nil>}": {"Key":"self","Type":15,"Integer":0,"String":"a","Interface":null}}
2025-08-15T22:13:24.427-0500	DEBUG	protocol/handler.go:596	round already finalized
2025-08-15T22:13:24.427-0500	DEBUG	protocol/handler.go:581	tryAdvanceRound called	{"{current_round 20 3  <nil>}": {"Key":"self","Type":15,"Integer":0,"String":"a","Interface":null}}
2025-08-15T22:13:24.427-0500	DEBUG	protocol/handler.go:1591	have processed broadcast	{"{round 20 3  <nil>}": {"Key":"from","Type":15,"Integer":0,"String":"b","Interface":null}}
2025-08-15T22:13:24.427-0500	DEBUG	protocol/handler.go:1591	have processed broadcast	{"{round 20 3  <nil>}": {"Key":"from","Type":15,"Integer":0,"String":"c","Interface":null}}
2025-08-15T22:13:24.427-0500	DEBUG	protocol/handler.go:1649	have all messages and processed	{"{round 20 3  <nil>}": {"Key":"self","Type":15,"Integer":0,"String":"a","Interface":null}}
2025-08-15T22:13:24.427-0500	DEBUG	protocol/handler.go:596	round already finalized
2025-08-15T22:13:24.427-0500	DEBUG	protocol/handler.go:581	tryAdvanceRound called	{"{current_round 20 3  <nil>}": {"Key":"self","Type":15,"Integer":0,"String":"a","Interface":null}}
2025-08-15T22:13:24.427-0500	DEBUG	protocol/handler.go:1591	have processed broadcast	{"{round 20 3  <nil>}": {"Key":"from","Type":15,"Integer":0,"String":"b","Interface":null}}
2025-08-15T22:13:24.427-0500	DEBUG	protocol/handler.go:1591	have processed broadcast	{"{round 20 3  <nil>}": {"Key":"from","Type":15,"Integer":0,"String":"c","Interface":null}}
2025-08-15T22:13:24.427-0500	DEBUG	protocol/handler.go:1649	have all messages and processed	{"{round 20 3  <nil>}": {"Key":"self","Type":15,"Integer":0,"String":"a","Interface":null}}
2025-08-15T22:13:24.427-0500	DEBUG	protocol/handler.go:596	round already finalized
2025-08-15T22:13:24.430-0500	DEBUG	protocol/handler.go:581	tryAdvanceRound called	{"{current_round 20 3  <nil>}": {"Key":"self","Type":15,"Integer":0,"String":"b","Interface":null}}
2025-08-15T22:13:24.430-0500	DEBUG	protocol/handler.go:1591	have processed broadcast	{"{round 20 3  <nil>}": {"Key":"from","Type":15,"Integer":0,"String":"a","Interface":null}}
2025-08-15T22:13:24.430-0500	DEBUG	protocol/handler.go:1591	have processed broadcast	{"{round 20 3  <nil>}": {"Key":"from","Type":15,"Integer":0,"String":"c","Interface":null}}
2025-08-15T22:13:24.430-0500	DEBUG	protocol/handler.go:1649	have all messages and processed	{"{round 20 3  <nil>}": {"Key":"self","Type":15,"Integer":0,"String":"b","Interface":null}}
2025-08-15T22:13:24.430-0500	DEBUG	protocol/handler.go:596	round already finalized
2025-08-15T22:13:24.430-0500	DEBUG	protocol/handler.go:581	tryAdvanceRound called	{"{current_round 20 3  <nil>}": {"Key":"self","Type":15,"Integer":0,"String":"b","Interface":null}}
2025-08-15T22:13:24.430-0500	DEBUG	protocol/handler.go:1591	have processed broadcast	{"{round 20 3  <nil>}": {"Key":"from","Type":15,"Integer":0,"String":"a","Interface":null}}
2025-08-15T22:13:24.430-0500	DEBUG	protocol/handler.go:1591	have processed broadcast	{"{round 20 3  <nil>}": {"Key":"from","Type":15,"Integer":0,"String":"c","Interface":null}}
2025-08-15T22:13:24.430-0500	DEBUG	protocol/handler.go:1649	have all messages and processed	{"{round 20 3  <nil>}": {"Key":"self","Type":15,"Integer":0,"String":"b","Interface":null}}
2025-08-15T22:13:24.430-0500	DEBUG	protocol/handler.go:596	round already finalized
2025-08-15T22:13:24.430-0500	DEBUG	protocol/handler.go:581	tryAdvanceRound called	{"{current_round 20 3  <nil>}": {"Key":"self","Type":15,"Integer":0,"String":"b","Interface":null}}
2025-08-15T22:13:24.430-0500	DEBUG	protocol/handler.go:1591	have processed broadcast	{"{round 20 3  <nil>}": {"Key":"from","Type":15,"Integer":0,"String":"a","Interface":null}}
2025-08-15T22:13:24.430-0500	DEBUG	protocol/handler.go:1591	have processed broadcast	{"{round 20 3  <nil>}": {"Key":"from","Type":15,"Integer":0,"String":"c","Interface":null}}
2025-08-15T22:13:24.430-0500	DEBUG	protocol/handler.go:1649	have all messages and processed	{"{round 20 3  <nil>}": {"Key":"self","Type":15,"Integer":0,"String":"b","Interface":null}}
2025-08-15T22:13:24.430-0500	DEBUG	protocol/handler.go:596	round already finalized
2025-08-15T22:13:24.458-0500	DEBUG	protocol/handler.go:581	tryAdvanceRound called	{"{current_round 20 3  <nil>}": {"Key":"self","Type":15,"Integer":0,"String":"b","Interface":null}}
2025-08-15T22:13:24.458-0500	DEBUG	protocol/handler.go:1591	have processed broadcast	{"{round 20 3  <nil>}": {"Key":"from","Type":15,"Integer":0,"String":"a","Interface":null}}
2025-08-15T22:13:24.458-0500	DEBUG	protocol/handler.go:1591	have processed broadcast	{"{round 20 3  <nil>}": {"Key":"from","Type":15,"Integer":0,"String":"c","Interface":null}}
2025-08-15T22:13:24.460-0500	DEBUG	protocol/handler.go:1649	have all messages and processed	{"{round 20 3  <nil>}": {"Key":"self","Type":15,"Integer":0,"String":"b","Interface":null}}
2025-08-15T22:13:24.460-0500	DEBUG	protocol/handler.go:596	round already finalized
2025-08-15T22:13:24.465-0500	DEBUG	protocol/handler.go:581	tryAdvanceRound called	{"{current_round 20 3  <nil>}": {"Key":"self","Type":15,"Integer":0,"String":"a","Interface":null}}
2025-08-15T22:13:24.467-0500	DEBUG	protocol/handler.go:1591	have processed broadcast	{"{round 20 3  <nil>}": {"Key":"from","Type":15,"Integer":0,"String":"b","Interface":null}}
2025-08-15T22:13:24.467-0500	DEBUG	protocol/handler.go:1591	have processed broadcast	{"{round 20 3  <nil>}": {"Key":"from","Type":15,"Integer":0,"String":"c","Interface":null}}
2025-08-15T22:13:24.468-0500	DEBUG	protocol/handler.go:1649	have all messages and processed	{"{round 20 3  <nil>}": {"Key":"self","Type":15,"Integer":0,"String":"a","Interface":null}}
2025-08-15T22:13:24.468-0500	DEBUG	protocol/handler.go:596	round already finalized
2025-08-15T22:13:24.468-0500	DEBUG	protocol/handler.go:581	tryAdvanceRound called	{"{current_round 20 3  <nil>}": {"Key":"self","Type":15,"Integer":0,"String":"a","Interface":null}}
2025-08-15T22:13:24.468-0500	DEBUG	protocol/handler.go:1591	have processed broadcast	{"{round 20 3  <nil>}": {"Key":"from","Type":15,"Integer":0,"String":"b","Interface":null}}
2025-08-15T22:13:24.468-0500	DEBUG	protocol/handler.go:1591	have processed broadcast	{"{round 20 3  <nil>}": {"Key":"from","Type":15,"Integer":0,"String":"c","Interface":null}}
2025-08-15T22:13:24.468-0500	DEBUG	protocol/handler.go:1649	have all messages and processed	{"{round 20 3  <nil>}": {"Key":"self","Type":15,"Integer":0,"String":"a","Interface":null}}
2025-08-15T22:13:24.468-0500	DEBUG	protocol/handler.go:596	round already finalized
2025-08-15T22:13:24.468-0500	DEBUG	protocol/handler.go:581	tryAdvanceRound called	{"{current_round 20 3  <nil>}": {"Key":"self","Type":15,"Integer":0,"String":"a","Interface":null}}
2025-08-15T22:13:24.468-0500	DEBUG	protocol/handler.go:1591	have processed broadcast	{"{round 20 3  <nil>}": {"Key":"from","Type":15,"Integer":0,"String":"b","Interface":null}}
2025-08-15T22:13:24.468-0500	DEBUG	protocol/handler.go:1591	have processed broadcast	{"{round 20 3  <nil>}": {"Key":"from","Type":15,"Integer":0,"String":"c","Interface":null}}
2025-08-15T22:13:24.468-0500	DEBUG	protocol/handler.go:1649	have all messages and processed	{"{round 20 3  <nil>}": {"Key":"self","Type":15,"Integer":0,"String":"a","Interface":null}}
2025-08-15T22:13:24.468-0500	DEBUG	protocol/handler.go:596	round already finalized
2025-08-15T22:13:24.478-0500	DEBUG	protocol/handler.go:581	tryAdvanceRound called	{"{current_round 20 3  <nil>}": {"Key":"self","Type":15,"Integer":0,"String":"b","Interface":null}}
2025-08-15T22:13:24.478-0500	DEBUG	protocol/handler.go:1591	have processed broadcast	{"{round 20 3  <nil>}": {"Key":"from","Type":15,"Integer":0,"String":"a","Interface":null}}
2025-08-15T22:13:24.478-0500	DEBUG	protocol/handler.go:1591	have processed broadcast	{"{round 20 3  <nil>}": {"Key":"from","Type":15,"Integer":0,"String":"c","Interface":null}}
2025-08-15T22:13:24.478-0500	DEBUG	protocol/handler.go:1649	have all messages and processed	{"{round 20 3  <nil>}": {"Key":"self","Type":15,"Integer":0,"String":"b","Interface":null}}
2025-08-15T22:13:24.478-0500	DEBUG	protocol/handler.go:596	round already finalized
2025-08-15T22:13:24.426-0500	DEBUG	protocol/handler.go:1591	have processed broadcast	{"{round 20 3  <nil>}": {"Key":"from","Type":15,"Integer":0,"String":"a","Interface":null}}
2025-08-15T22:13:24.503-0500	DEBUG	protocol/handler.go:1591	have processed broadcast	{"{round 20 3  <nil>}": {"Key":"from","Type":15,"Integer":0,"String":"b","Interface":null}}
2025-08-15T22:13:24.503-0500	DEBUG	protocol/handler.go:1649	have all messages and processed	{"{round 20 3  <nil>}": {"Key":"self","Type":15,"Integer":0,"String":"c","Interface":null}}
2025-08-15T22:13:24.503-0500	DEBUG	protocol/handler.go:596	round already finalized
2025-08-15T22:13:24.503-0500	DEBUG	protocol/handler.go:581	tryAdvanceRound called	{"{current_round 20 3  <nil>}": {"Key":"self","Type":15,"Integer":0,"String":"c","Interface":null}}
2025-08-15T22:13:24.503-0500	DEBUG	protocol/handler.go:1591	have processed broadcast	{"{round 20 3  <nil>}": {"Key":"from","Type":15,"Integer":0,"String":"a","Interface":null}}
2025-08-15T22:13:24.503-0500	DEBUG	protocol/handler.go:1591	have processed broadcast	{"{round 20 3  <nil>}": {"Key":"from","Type":15,"Integer":0,"String":"b","Interface":null}}
2025-08-15T22:13:24.503-0500	DEBUG	protocol/handler.go:1649	have all messages and processed	{"{round 20 3  <nil>}": {"Key":"self","Type":15,"Integer":0,"String":"c","Interface":null}}
2025-08-15T22:13:24.503-0500	DEBUG	protocol/handler.go:596	round already finalized
2025-08-15T22:13:24.512-0500	DEBUG	protocol/handler.go:581	tryAdvanceRound called	{"{current_round 20 3  <nil>}": {"Key":"self","Type":15,"Integer":0,"String":"a","Interface":null}}
2025-08-15T22:13:24.512-0500	DEBUG	protocol/handler.go:1591	have processed broadcast	{"{round 20 3  <nil>}": {"Key":"from","Type":15,"Integer":0,"String":"b","Interface":null}}
2025-08-15T22:13:24.512-0500	DEBUG	protocol/handler.go:1591	have processed broadcast	{"{round 20 3  <nil>}": {"Key":"from","Type":15,"Integer":0,"String":"c","Interface":null}}
2025-08-15T22:13:24.512-0500	DEBUG	protocol/handler.go:1649	have all messages and processed	{"{round 20 3  <nil>}": {"Key":"self","Type":15,"Integer":0,"String":"a","Interface":null}}
2025-08-15T22:13:24.512-0500	DEBUG	protocol/handler.go:596	round already finalized
2025-08-15T22:13:24.532-0500	DEBUG	protocol/handler.go:581	tryAdvanceRound called	{"{current_round 20 3  <nil>}": {"Key":"self","Type":15,"Integer":0,"String":"a","Interface":null}}
2025-08-15T22:13:24.533-0500	DEBUG	protocol/handler.go:1591	have processed broadcast	{"{round 20 3  <nil>}": {"Key":"from","Type":15,"Integer":0,"String":"b","Interface":null}}
2025-08-15T22:13:24.536-0500	DEBUG	protocol/handler.go:1591	have processed broadcast	{"{round 20 3  <nil>}": {"Key":"from","Type":15,"Integer":0,"String":"c","Interface":null}}
2025-08-15T22:13:24.543-0500	DEBUG	protocol/handler.go:1649	have all messages and processed	{"{round 20 3  <nil>}": {"Key":"self","Type":15,"Integer":0,"String":"a","Interface":null}}
2025-08-15T22:13:24.553-0500	DEBUG	protocol/handler.go:581	tryAdvanceRound called	{"{current_round 20 3  <nil>}": {"Key":"self","Type":15,"Integer":0,"String":"b","Interface":null}}
2025-08-15T22:13:24.553-0500	DEBUG	protocol/handler.go:1591	have processed broadcast	{"{round 20 3  <nil>}": {"Key":"from","Type":15,"Integer":0,"String":"a","Interface":null}}
2025-08-15T22:13:24.553-0500	DEBUG	protocol/handler.go:1591	have processed broadcast	{"{round 20 3  <nil>}": {"Key":"from","Type":15,"Integer":0,"String":"c","Interface":null}}
2025-08-15T22:13:24.553-0500	DEBUG	protocol/handler.go:1649	have all messages and processed	{"{round 20 3  <nil>}": {"Key":"self","Type":15,"Integer":0,"String":"b","Interface":null}}
2025-08-15T22:13:24.553-0500	DEBUG	protocol/handler.go:596	round already finalized
2025-08-15T22:13:24.553-0500	DEBUG	protocol/handler.go:581	tryAdvanceRound called	{"{current_round 20 3  <nil>}": {"Key":"self","Type":15,"Integer":0,"String":"b","Interface":null}}
2025-08-15T22:13:24.553-0500	DEBUG	protocol/handler.go:1591	have processed broadcast	{"{round 20 3  <nil>}": {"Key":"from","Type":15,"Integer":0,"String":"a","Interface":null}}
2025-08-15T22:13:24.553-0500	DEBUG	protocol/handler.go:1591	have processed broadcast	{"{round 20 3  <nil>}": {"Key":"from","Type":15,"Integer":0,"String":"c","Interface":null}}
2025-08-15T22:13:24.553-0500	DEBUG	protocol/handler.go:1649	have all messages and processed	{"{round 20 3  <nil>}": {"Key":"self","Type":15,"Integer":0,"String":"b","Interface":null}}
2025-08-15T22:13:24.553-0500	DEBUG	protocol/handler.go:596	round already finalized
2025-08-15T22:13:24.575-0500	DEBUG	protocol/handler.go:596	round already finalized
2025-08-15T22:13:24.514-0500	DEBUG	protocol/handler.go:581	tryAdvanceRound called	{"{current_round 20 3  <nil>}": {"Key":"self","Type":15,"Integer":0,"String":"c","Interface":null}}
2025-08-15T22:13:24.579-0500	DEBUG	protocol/handler.go:1591	have processed broadcast	{"{round 20 3  <nil>}": {"Key":"from","Type":15,"Integer":0,"String":"a","Interface":null}}
2025-08-15T22:13:24.579-0500	DEBUG	protocol/handler.go:1591	have processed broadcast	{"{round 20 3  <nil>}": {"Key":"from","Type":15,"Integer":0,"String":"b","Interface":null}}
2025-08-15T22:13:24.638-0500	DEBUG	protocol/handler.go:1649	have all messages and processed	{"{round 20 3  <nil>}": {"Key":"self","Type":15,"Integer":0,"String":"c","Interface":null}}
2025-08-15T22:13:24.640-0500	DEBUG	protocol/handler.go:596	round already finalized
2025-08-15T22:13:24.644-0500	DEBUG	protocol/handler.go:581	tryAdvanceRound called	{"{current_round 20 3  <nil>}": {"Key":"self","Type":15,"Integer":0,"String":"c","Interface":null}}
2025-08-15T22:13:24.644-0500	DEBUG	protocol/handler.go:1591	have processed broadcast	{"{round 20 3  <nil>}": {"Key":"from","Type":15,"Integer":0,"String":"a","Interface":null}}
2025-08-15T22:13:24.644-0500	DEBUG	protocol/handler.go:1591	have processed broadcast	{"{round 20 3  <nil>}": {"Key":"from","Type":15,"Integer":0,"String":"b","Interface":null}}
2025-08-15T22:13:24.644-0500	DEBUG	protocol/handler.go:1649	have all messages and processed	{"{round 20 3  <nil>}": {"Key":"self","Type":15,"Integer":0,"String":"c","Interface":null}}
2025-08-15T22:13:24.644-0500	DEBUG	protocol/handler.go:596	round already finalized
2025-08-15T22:13:24.644-0500	DEBUG	protocol/handler.go:581	tryAdvanceRound called	{"{current_round 20 3  <nil>}": {"Key":"self","Type":15,"Integer":0,"String":"c","Interface":null}}
2025-08-15T22:13:24.644-0500	DEBUG	protocol/handler.go:1591	have processed broadcast	{"{round 20 3  <nil>}": {"Key":"from","Type":15,"Integer":0,"String":"a","Interface":null}}
2025-08-15T22:13:24.644-0500	DEBUG	protocol/handler.go:1591	have processed broadcast	{"{round 20 3  <nil>}": {"Key":"from","Type":15,"Integer":0,"String":"b","Interface":null}}
2025-08-15T22:13:24.644-0500	DEBUG	protocol/handler.go:1649	have all messages and processed	{"{round 20 3  <nil>}": {"Key":"self","Type":15,"Integer":0,"String":"c","Interface":null}}
2025-08-15T22:13:24.644-0500	DEBUG	protocol/handler.go:596	round already finalized
2025-08-15T22:13:24.575-0500	DEBUG	protocol/handler.go:581	tryAdvanceRound called	{"{current_round 20 3  <nil>}": {"Key":"self","Type":15,"Integer":0,"String":"a","Interface":null}}
2025-08-15T22:13:24.649-0500	DEBUG	protocol/handler.go:1591	have processed broadcast	{"{round 20 3  <nil>}": {"Key":"from","Type":15,"Integer":0,"String":"b","Interface":null}}
2025-08-15T22:13:24.649-0500	DEBUG	protocol/handler.go:1591	have processed broadcast	{"{round 20 3  <nil>}": {"Key":"from","Type":15,"Integer":0,"String":"c","Interface":null}}
2025-08-15T22:13:24.649-0500	DEBUG	protocol/handler.go:1649	have all messages and processed	{"{round 20 3  <nil>}": {"Key":"self","Type":15,"Integer":0,"String":"a","Interface":null}}
2025-08-15T22:13:24.652-0500	DEBUG	protocol/handler.go:596	round already finalized
2025-08-15T22:13:24.652-0500	DEBUG	protocol/handler.go:581	tryAdvanceRound called	{"{current_round 20 3  <nil>}": {"Key":"self","Type":15,"Integer":0,"String":"a","Interface":null}}
2025-08-15T22:13:24.653-0500	DEBUG	protocol/handler.go:1591	have processed broadcast	{"{round 20 3  <nil>}": {"Key":"from","Type":15,"Integer":0,"String":"b","Interface":null}}
2025-08-15T22:13:24.653-0500	DEBUG	protocol/handler.go:1591	have processed broadcast	{"{round 20 3  <nil>}": {"Key":"from","Type":15,"Integer":0,"String":"c","Interface":null}}
2025-08-15T22:13:24.655-0500	DEBUG	protocol/handler.go:1649	have all messages and processed	{"{round 20 3  <nil>}": {"Key":"self","Type":15,"Integer":0,"String":"a","Interface":null}}
2025-08-15T22:13:24.655-0500	DEBUG	protocol/handler.go:596	round already finalized
2025-08-15T22:13:24.668-0500	DEBUG	protocol/handler.go:581	tryAdvanceRound called	{"{current_round 20 3  <nil>}": {"Key":"self","Type":15,"Integer":0,"String":"c","Interface":null}}
2025-08-15T22:13:24.674-0500	DEBUG	protocol/handler.go:581	tryAdvanceRound called	{"{current_round 20 3  <nil>}": {"Key":"self","Type":15,"Integer":0,"String":"a","Interface":null}}
2025-08-15T22:13:24.674-0500	DEBUG	protocol/handler.go:1591	have processed broadcast	{"{round 20 3  <nil>}": {"Key":"from","Type":15,"Integer":0,"String":"b","Interface":null}}
2025-08-15T22:13:24.674-0500	DEBUG	protocol/handler.go:1591	have processed broadcast	{"{round 20 3  <nil>}": {"Key":"from","Type":15,"Integer":0,"String":"c","Interface":null}}
2025-08-15T22:13:24.674-0500	DEBUG	protocol/handler.go:1649	have all messages and processed	{"{round 20 3  <nil>}": {"Key":"self","Type":15,"Integer":0,"String":"a","Interface":null}}
2025-08-15T22:13:24.674-0500	DEBUG	protocol/handler.go:596	round already finalized
2025-08-15T22:13:24.572-0500	DEBUG	protocol/handler.go:581	tryAdvanceRound called	{"{current_round 20 3  <nil>}": {"Key":"self","Type":15,"Integer":0,"String":"b","Interface":null}}
2025-08-15T22:13:24.674-0500	DEBUG	protocol/handler.go:1591	have processed broadcast	{"{round 20 3  <nil>}": {"Key":"from","Type":15,"Integer":0,"String":"a","Interface":null}}
2025-08-15T22:13:24.674-0500	DEBUG	protocol/handler.go:1591	have processed broadcast	{"{round 20 3  <nil>}": {"Key":"from","Type":15,"Integer":0,"String":"c","Interface":null}}
2025-08-15T22:13:24.675-0500	DEBUG	protocol/handler.go:1649	have all messages and processed	{"{round 20 3  <nil>}": {"Key":"self","Type":15,"Integer":0,"String":"b","Interface":null}}
2025-08-15T22:13:24.675-0500	DEBUG	protocol/handler.go:596	round already finalized
2025-08-15T22:13:24.675-0500	DEBUG	protocol/handler.go:581	tryAdvanceRound called	{"{current_round 20 3  <nil>}": {"Key":"self","Type":15,"Integer":0,"String":"b","Interface":null}}
2025-08-15T22:13:24.675-0500	DEBUG	protocol/handler.go:1591	have processed broadcast	{"{round 20 3  <nil>}": {"Key":"from","Type":15,"Integer":0,"String":"a","Interface":null}}
2025-08-15T22:13:24.677-0500	DEBUG	protocol/handler.go:1591	have processed broadcast	{"{round 20 3  <nil>}": {"Key":"from","Type":15,"Integer":0,"String":"c","Interface":null}}
2025-08-15T22:13:24.677-0500	DEBUG	protocol/handler.go:1649	have all messages and processed	{"{round 20 3  <nil>}": {"Key":"self","Type":15,"Integer":0,"String":"b","Interface":null}}
2025-08-15T22:13:24.677-0500	DEBUG	protocol/handler.go:596	round already finalized
2025-08-15T22:13:24.677-0500	DEBUG	protocol/handler.go:581	tryAdvanceRound called	{"{current_round 20 3  <nil>}": {"Key":"self","Type":15,"Integer":0,"String":"a","Interface":null}}
2025-08-15T22:13:24.677-0500	DEBUG	protocol/handler.go:1591	have processed broadcast	{"{round 20 3  <nil>}": {"Key":"from","Type":15,"Integer":0,"String":"b","Interface":null}}
2025-08-15T22:13:24.679-0500	DEBUG	protocol/handler.go:1591	have processed broadcast	{"{round 20 3  <nil>}": {"Key":"from","Type":15,"Integer":0,"String":"c","Interface":null}}
2025-08-15T22:13:24.679-0500	DEBUG	protocol/handler.go:1649	have all messages and processed	{"{round 20 3  <nil>}": {"Key":"self","Type":15,"Integer":0,"String":"a","Interface":null}}
2025-08-15T22:13:24.679-0500	DEBUG	protocol/handler.go:596	round already finalized
2025-08-15T22:13:24.699-0500	DEBUG	protocol/handler.go:581	tryAdvanceRound called	{"{current_round 20 3  <nil>}": {"Key":"self","Type":15,"Integer":0,"String":"b","Interface":null}}
2025-08-15T22:13:24.699-0500	DEBUG	protocol/handler.go:1591	have processed broadcast	{"{round 20 3  <nil>}": {"Key":"from","Type":15,"Integer":0,"String":"a","Interface":null}}
2025-08-15T22:13:24.699-0500	DEBUG	protocol/handler.go:1591	have processed broadcast	{"{round 20 3  <nil>}": {"Key":"from","Type":15,"Integer":0,"String":"c","Interface":null}}
2025-08-15T22:13:24.699-0500	DEBUG	protocol/handler.go:1649	have all messages and processed	{"{round 20 3  <nil>}": {"Key":"self","Type":15,"Integer":0,"String":"b","Interface":null}}
2025-08-15T22:13:24.699-0500	DEBUG	protocol/handler.go:596	round already finalized
2025-08-15T22:13:24.714-0500	DEBUG	protocol/handler.go:1591	have processed broadcast	{"{round 20 3  <nil>}": {"Key":"from","Type":15,"Integer":0,"String":"a","Interface":null}}
2025-08-15T22:13:24.714-0500	DEBUG	protocol/handler.go:1591	have processed broadcast	{"{round 20 3  <nil>}": {"Key":"from","Type":15,"Integer":0,"String":"b","Interface":null}}
2025-08-15T22:13:24.714-0500	DEBUG	protocol/handler.go:1649	have all messages and processed	{"{round 20 3  <nil>}": {"Key":"self","Type":15,"Integer":0,"String":"c","Interface":null}}
2025-08-15T22:13:24.714-0500	DEBUG	protocol/handler.go:596	round already finalized
2025-08-15T22:13:24.714-0500	DEBUG	protocol/handler.go:581	tryAdvanceRound called	{"{current_round 20 3  <nil>}": {"Key":"self","Type":15,"Integer":0,"String":"c","Interface":null}}
2025-08-15T22:13:24.714-0500	DEBUG	protocol/handler.go:1591	have processed broadcast	{"{round 20 3  <nil>}": {"Key":"from","Type":15,"Integer":0,"String":"a","Interface":null}}
2025-08-15T22:13:24.714-0500	DEBUG	protocol/handler.go:1591	have processed broadcast	{"{round 20 3  <nil>}": {"Key":"from","Type":15,"Integer":0,"String":"b","Interface":null}}
2025-08-15T22:13:24.718-0500	DEBUG	protocol/handler.go:1649	have all messages and processed	{"{round 20 3  <nil>}": {"Key":"self","Type":15,"Integer":0,"String":"c","Interface":null}}
2025-08-15T22:13:24.719-0500	DEBUG	protocol/handler.go:596	round already finalized
2025-08-15T22:13:24.719-0500	DEBUG	protocol/handler.go:581	tryAdvanceRound called	{"{current_round 20 3  <nil>}": {"Key":"self","Type":15,"Integer":0,"String":"b","Interface":null}}
2025-08-15T22:13:24.721-0500	DEBUG	protocol/handler.go:1591	have processed broadcast	{"{round 20 3  <nil>}": {"Key":"from","Type":15,"Integer":0,"String":"a","Interface":null}}
2025-08-15T22:13:24.722-0500	DEBUG	protocol/handler.go:1591	have processed broadcast	{"{round 20 3  <nil>}": {"Key":"from","Type":15,"Integer":0,"String":"c","Interface":null}}
2025-08-15T22:13:24.722-0500	DEBUG	protocol/handler.go:1649	have all messages and processed	{"{round 20 3  <nil>}": {"Key":"self","Type":15,"Integer":0,"String":"b","Interface":null}}
2025-08-15T22:13:24.722-0500	DEBUG	protocol/handler.go:596	round already finalized
2025-08-15T22:13:24.722-0500	DEBUG	protocol/handler.go:581	tryAdvanceRound called	{"{current_round 20 3  <nil>}": {"Key":"self","Type":15,"Integer":0,"String":"b","Interface":null}}
2025-08-15T22:13:24.722-0500	DEBUG	protocol/handler.go:1591	have processed broadcast	{"{round 20 3  <nil>}": {"Key":"from","Type":15,"Integer":0,"String":"a","Interface":null}}
2025-08-15T22:13:24.722-0500	DEBUG	protocol/handler.go:1591	have processed broadcast	{"{round 20 3  <nil>}": {"Key":"from","Type":15,"Integer":0,"String":"c","Interface":null}}
2025-08-15T22:13:24.722-0500	DEBUG	protocol/handler.go:1649	have all messages and processed	{"{round 20 3  <nil>}": {"Key":"self","Type":15,"Integer":0,"String":"b","Interface":null}}
2025-08-15T22:13:24.722-0500	DEBUG	protocol/handler.go:596	round already finalized
2025-08-15T22:13:24.722-0500	DEBUG	protocol/handler.go:581	tryAdvanceRound called	{"{current_round 20 3  <nil>}": {"Key":"self","Type":15,"Integer":0,"String":"a","Interface":null}}
2025-08-15T22:13:24.722-0500	DEBUG	protocol/handler.go:1591	have processed broadcast	{"{round 20 3  <nil>}": {"Key":"from","Type":15,"Integer":0,"String":"b","Interface":null}}
2025-08-15T22:13:24.722-0500	DEBUG	protocol/handler.go:1591	have processed broadcast	{"{round 20 3  <nil>}": {"Key":"from","Type":15,"Integer":0,"String":"c","Interface":null}}
2025-08-15T22:13:24.722-0500	DEBUG	protocol/handler.go:1649	have all messages and processed	{"{round 20 3  <nil>}": {"Key":"self","Type":15,"Integer":0,"String":"a","Interface":null}}
2025-08-15T22:13:24.722-0500	DEBUG	protocol/handler.go:596	round already finalized
2025-08-15T22:13:24.722-0500	DEBUG	protocol/handler.go:581	tryAdvanceRound called	{"{current_round 20 3  <nil>}": {"Key":"self","Type":15,"Integer":0,"String":"a","Interface":null}}
2025-08-15T22:13:24.722-0500	DEBUG	protocol/handler.go:1591	have processed broadcast	{"{round 20 3  <nil>}": {"Key":"from","Type":15,"Integer":0,"String":"b","Interface":null}}
2025-08-15T22:13:24.722-0500	DEBUG	protocol/handler.go:1591	have processed broadcast	{"{round 20 3  <nil>}": {"Key":"from","Type":15,"Integer":0,"String":"c","Interface":null}}
2025-08-15T22:13:24.729-0500	DEBUG	protocol/handler.go:1649	have all messages and processed	{"{round 20 3  <nil>}": {"Key":"self","Type":15,"Integer":0,"String":"a","Interface":null}}
2025-08-15T22:13:24.731-0500	DEBUG	protocol/handler.go:596	round already finalized
2025-08-15T22:13:24.731-0500	DEBUG	protocol/handler.go:581	tryAdvanceRound called	{"{current_round 20 3  <nil>}": {"Key":"self","Type":15,"Integer":0,"String":"a","Interface":null}}
2025-08-15T22:13:24.731-0500	DEBUG	protocol/handler.go:1591	have processed broadcast	{"{round 20 3  <nil>}": {"Key":"from","Type":15,"Integer":0,"String":"b","Interface":null}}
2025-08-15T22:13:24.731-0500	DEBUG	protocol/handler.go:1591	have processed broadcast	{"{round 20 3  <nil>}": {"Key":"from","Type":15,"Integer":0,"String":"c","Interface":null}}
2025-08-15T22:13:24.731-0500	DEBUG	protocol/handler.go:1649	have all messages and processed	{"{round 20 3  <nil>}": {"Key":"self","Type":15,"Integer":0,"String":"a","Interface":null}}
2025-08-15T22:13:24.731-0500	DEBUG	protocol/handler.go:596	round already finalized
2025-08-15T22:13:24.739-0500	DEBUG	protocol/handler.go:581	tryAdvanceRound called	{"{current_round 20 3  <nil>}": {"Key":"self","Type":15,"Integer":0,"String":"c","Interface":null}}
2025-08-15T22:13:24.743-0500	DEBUG	protocol/handler.go:1591	have processed broadcast	{"{round 20 3  <nil>}": {"Key":"from","Type":15,"Integer":0,"String":"a","Interface":null}}
2025-08-15T22:13:24.744-0500	DEBUG	protocol/handler.go:1591	have processed broadcast	{"{round 20 3  <nil>}": {"Key":"from","Type":15,"Integer":0,"String":"b","Interface":null}}
2025-08-15T22:13:24.744-0500	DEBUG	protocol/handler.go:1649	have all messages and processed	{"{round 20 3  <nil>}": {"Key":"self","Type":15,"Integer":0,"String":"c","Interface":null}}
2025-08-15T22:13:24.744-0500	DEBUG	protocol/handler.go:596	round already finalized
2025-08-15T22:13:24.744-0500	DEBUG	protocol/handler.go:581	tryAdvanceRound called	{"{current_round 20 3  <nil>}": {"Key":"self","Type":15,"Integer":0,"String":"c","Interface":null}}
2025-08-15T22:13:24.744-0500	DEBUG	protocol/handler.go:1591	have processed broadcast	{"{round 20 3  <nil>}": {"Key":"from","Type":15,"Integer":0,"String":"a","Interface":null}}
2025-08-15T22:13:24.744-0500	DEBUG	protocol/handler.go:581	tryAdvanceRound called	{"{current_round 20 3  <nil>}": {"Key":"self","Type":15,"Integer":0,"String":"b","Interface":null}}
2025-08-15T22:13:24.744-0500	DEBUG	protocol/handler.go:1591	have processed broadcast	{"{round 20 3  <nil>}": {"Key":"from","Type":15,"Integer":0,"String":"b","Interface":null}}
2025-08-15T22:13:24.744-0500	DEBUG	protocol/handler.go:1649	have all messages and processed	{"{round 20 3  <nil>}": {"Key":"self","Type":15,"Integer":0,"String":"c","Interface":null}}
2025-08-15T22:13:24.744-0500	DEBUG	protocol/handler.go:596	round already finalized
2025-08-15T22:13:24.744-0500	DEBUG	protocol/handler.go:1591	have processed broadcast	{"{round 20 3  <nil>}": {"Key":"from","Type":15,"Integer":0,"String":"a","Interface":null}}
2025-08-15T22:13:24.744-0500	DEBUG	protocol/handler.go:581	tryAdvanceRound called	{"{current_round 20 3  <nil>}": {"Key":"self","Type":15,"Integer":0,"String":"a","Interface":null}}
2025-08-15T22:13:24.744-0500	DEBUG	protocol/handler.go:1591	have processed broadcast	{"{round 20 3  <nil>}": {"Key":"from","Type":15,"Integer":0,"String":"c","Interface":null}}
2025-08-15T22:13:24.744-0500	DEBUG	protocol/handler.go:1591	have processed broadcast	{"{round 20 3  <nil>}": {"Key":"from","Type":15,"Integer":0,"String":"b","Interface":null}}
2025-08-15T22:13:24.744-0500	DEBUG	protocol/handler.go:1649	have all messages and processed	{"{round 20 3  <nil>}": {"Key":"self","Type":15,"Integer":0,"String":"b","Interface":null}}
2025-08-15T22:13:24.744-0500	DEBUG	protocol/handler.go:596	round already finalized
2025-08-15T22:13:24.744-0500	DEBUG	protocol/handler.go:1591	have processed broadcast	{"{round 20 3  <nil>}": {"Key":"from","Type":15,"Integer":0,"String":"c","Interface":null}}
2025-08-15T22:13:24.744-0500	DEBUG	protocol/handler.go:581	tryAdvanceRound called	{"{current_round 20 3  <nil>}": {"Key":"self","Type":15,"Integer":0,"String":"b","Interface":null}}
2025-08-15T22:13:24.744-0500	DEBUG	protocol/handler.go:1649	have all messages and processed	{"{round 20 3  <nil>}": {"Key":"self","Type":15,"Integer":0,"String":"a","Interface":null}}
2025-08-15T22:13:24.744-0500	DEBUG	protocol/handler.go:596	round already finalized
2025-08-15T22:13:24.744-0500	DEBUG	protocol/handler.go:1591	have processed broadcast	{"{round 20 3  <nil>}": {"Key":"from","Type":15,"Integer":0,"String":"a","Interface":null}}
2025-08-15T22:13:24.744-0500	DEBUG	protocol/handler.go:1591	have processed broadcast	{"{round 20 3  <nil>}": {"Key":"from","Type":15,"Integer":0,"String":"c","Interface":null}}
2025-08-15T22:13:24.744-0500	DEBUG	protocol/handler.go:1649	have all messages and processed	{"{round 20 3  <nil>}": {"Key":"self","Type":15,"Integer":0,"String":"b","Interface":null}}
2025-08-15T22:13:24.744-0500	DEBUG	protocol/handler.go:596	round already finalized
2025-08-15T22:13:24.794-0500	DEBUG	protocol/handler.go:581	tryAdvanceRound called	{"{current_round 20 3  <nil>}": {"Key":"self","Type":15,"Integer":0,"String":"a","Interface":null}}
2025-08-15T22:13:24.794-0500	DEBUG	protocol/handler.go:1591	have processed broadcast	{"{round 20 3  <nil>}": {"Key":"from","Type":15,"Integer":0,"String":"b","Interface":null}}
2025-08-15T22:13:24.794-0500	DEBUG	protocol/handler.go:1591	have processed broadcast	{"{round 20 3  <nil>}": {"Key":"from","Type":15,"Integer":0,"String":"c","Interface":null}}
2025-08-15T22:13:24.794-0500	DEBUG	protocol/handler.go:1649	have all messages and processed	{"{round 20 3  <nil>}": {"Key":"self","Type":15,"Integer":0,"String":"a","Interface":null}}
2025-08-15T22:13:24.795-0500	DEBUG	protocol/handler.go:596	round already finalized
2025-08-15T22:13:24.795-0500	DEBUG	protocol/handler.go:581	tryAdvanceRound called	{"{current_round 20 3  <nil>}": {"Key":"self","Type":15,"Integer":0,"String":"a","Interface":null}}
2025-08-15T22:13:24.795-0500	DEBUG	protocol/handler.go:1591	have processed broadcast	{"{round 20 3  <nil>}": {"Key":"from","Type":15,"Integer":0,"String":"b","Interface":null}}
2025-08-15T22:13:24.795-0500	DEBUG	protocol/handler.go:1591	have processed broadcast	{"{round 20 3  <nil>}": {"Key":"from","Type":15,"Integer":0,"String":"c","Interface":null}}
2025-08-15T22:13:24.795-0500	DEBUG	protocol/handler.go:1649	have all messages and processed	{"{round 20 3  <nil>}": {"Key":"self","Type":15,"Integer":0,"String":"a","Interface":null}}
2025-08-15T22:13:24.795-0500	DEBUG	protocol/handler.go:596	round already finalized
2025-08-15T22:13:24.795-0500	DEBUG	protocol/handler.go:581	tryAdvanceRound called	{"{current_round 20 3  <nil>}": {"Key":"self","Type":15,"Integer":0,"String":"b","Interface":null}}
2025-08-15T22:13:24.795-0500	DEBUG	protocol/handler.go:1591	have processed broadcast	{"{round 20 3  <nil>}": {"Key":"from","Type":15,"Integer":0,"String":"a","Interface":null}}
2025-08-15T22:13:24.795-0500	DEBUG	protocol/handler.go:1591	have processed broadcast	{"{round 20 3  <nil>}": {"Key":"from","Type":15,"Integer":0,"String":"c","Interface":null}}
2025-08-15T22:13:24.795-0500	DEBUG	protocol/handler.go:1649	have all messages and processed	{"{round 20 3  <nil>}": {"Key":"self","Type":15,"Integer":0,"String":"b","Interface":null}}
2025-08-15T22:13:24.795-0500	DEBUG	protocol/handler.go:596	round already finalized
2025-08-15T22:13:24.795-0500	DEBUG	protocol/handler.go:581	tryAdvanceRound called	{"{current_round 20 3  <nil>}": {"Key":"self","Type":15,"Integer":0,"String":"b","Interface":null}}
2025-08-15T22:13:24.795-0500	DEBUG	protocol/handler.go:1591	have processed broadcast	{"{round 20 3  <nil>}": {"Key":"from","Type":15,"Integer":0,"String":"a","Interface":null}}
2025-08-15T22:13:24.795-0500	DEBUG	protocol/handler.go:1591	have processed broadcast	{"{round 20 3  <nil>}": {"Key":"from","Type":15,"Integer":0,"String":"c","Interface":null}}
2025-08-15T22:13:24.795-0500	DEBUG	protocol/handler.go:1649	have all messages and processed	{"{round 20 3  <nil>}": {"Key":"self","Type":15,"Integer":0,"String":"b","Interface":null}}
2025-08-15T22:13:24.795-0500	DEBUG	protocol/handler.go:596	round already finalized
2025-08-15T22:13:24.800-0500	DEBUG	protocol/handler.go:581	tryAdvanceRound called	{"{current_round 20 3  <nil>}": {"Key":"self","Type":15,"Integer":0,"String":"c","Interface":null}}
2025-08-15T22:13:24.801-0500	DEBUG	protocol/handler.go:1591	have processed broadcast	{"{round 20 3  <nil>}": {"Key":"from","Type":15,"Integer":0,"String":"a","Interface":null}}
2025-08-15T22:13:24.801-0500	DEBUG	protocol/handler.go:1591	have processed broadcast	{"{round 20 3  <nil>}": {"Key":"from","Type":15,"Integer":0,"String":"b","Interface":null}}
2025-08-15T22:13:24.801-0500	DEBUG	protocol/handler.go:1649	have all messages and processed	{"{round 20 3  <nil>}": {"Key":"self","Type":15,"Integer":0,"String":"c","Interface":null}}
2025-08-15T22:13:24.801-0500	DEBUG	protocol/handler.go:596	round already finalized
2025-08-15T22:13:24.801-0500	DEBUG	protocol/handler.go:581	tryAdvanceRound called	{"{current_round 20 3  <nil>}": {"Key":"self","Type":15,"Integer":0,"String":"c","Interface":null}}
2025-08-15T22:13:24.801-0500	DEBUG	protocol/handler.go:1591	have processed broadcast	{"{round 20 3  <nil>}": {"Key":"from","Type":15,"Integer":0,"String":"a","Interface":null}}
2025-08-15T22:13:24.801-0500	DEBUG	protocol/handler.go:1591	have processed broadcast	{"{round 20 3  <nil>}": {"Key":"from","Type":15,"Integer":0,"String":"b","Interface":null}}
2025-08-15T22:13:24.801-0500	DEBUG	protocol/handler.go:1649	have all messages and processed	{"{round 20 3  <nil>}": {"Key":"self","Type":15,"Integer":0,"String":"c","Interface":null}}
2025-08-15T22:13:24.801-0500	DEBUG	protocol/handler.go:596	round already finalized
2025-08-15T22:13:24.801-0500	DEBUG	protocol/handler.go:581	tryAdvanceRound called	{"{current_round 20 3  <nil>}": {"Key":"self","Type":15,"Integer":0,"String":"c","Interface":null}}
2025-08-15T22:13:24.801-0500	DEBUG	protocol/handler.go:1591	have processed broadcast	{"{round 20 3  <nil>}": {"Key":"from","Type":15,"Integer":0,"String":"a","Interface":null}}
2025-08-15T22:13:24.801-0500	DEBUG	protocol/handler.go:1591	have processed broadcast	{"{round 20 3  <nil>}": {"Key":"from","Type":15,"Integer":0,"String":"b","Interface":null}}
2025-08-15T22:13:24.801-0500	DEBUG	protocol/handler.go:1649	have all messages and processed	{"{round 20 3  <nil>}": {"Key":"self","Type":15,"Integer":0,"String":"c","Interface":null}}
2025-08-15T22:13:24.801-0500	DEBUG	protocol/handler.go:596	round already finalized
2025-08-15T22:13:24.812-0500	DEBUG	protocol/handler.go:581	tryAdvanceRound called	{"{current_round 20 3  <nil>}": {"Key":"self","Type":15,"Integer":0,"String":"a","Interface":null}}
2025-08-15T22:13:24.812-0500	DEBUG	protocol/handler.go:1591	have processed broadcast	{"{round 20 3  <nil>}": {"Key":"from","Type":15,"Integer":0,"String":"b","Interface":null}}
2025-08-15T22:13:24.812-0500	DEBUG	protocol/handler.go:1591	have processed broadcast	{"{round 20 3  <nil>}": {"Key":"from","Type":15,"Integer":0,"String":"c","Interface":null}}
2025-08-15T22:13:24.812-0500	DEBUG	protocol/handler.go:1649	have all messages and processed	{"{round 20 3  <nil>}": {"Key":"self","Type":15,"Integer":0,"String":"a","Interface":null}}
2025-08-15T22:13:24.812-0500	DEBUG	protocol/handler.go:596	round already finalized
2025-08-15T22:13:24.828-0500	DEBUG	protocol/handler.go:581	tryAdvanceRound called	{"{current_round 20 3  <nil>}": {"Key":"self","Type":15,"Integer":0,"String":"c","Interface":null}}
2025-08-15T22:13:24.828-0500	DEBUG	protocol/handler.go:1591	have processed broadcast	{"{round 20 3  <nil>}": {"Key":"from","Type":15,"Integer":0,"String":"a","Interface":null}}
2025-08-15T22:13:24.828-0500	DEBUG	protocol/handler.go:1591	have processed broadcast	{"{round 20 3  <nil>}": {"Key":"from","Type":15,"Integer":0,"String":"b","Interface":null}}
2025-08-15T22:13:24.828-0500	DEBUG	protocol/handler.go:1649	have all messages and processed	{"{round 20 3  <nil>}": {"Key":"self","Type":15,"Integer":0,"String":"c","Interface":null}}
2025-08-15T22:13:24.828-0500	DEBUG	protocol/handler.go:596	round already finalized
2025-08-15T22:13:24.837-0500	DEBUG	protocol/handler.go:581	tryAdvanceRound called	{"{current_round 20 3  <nil>}": {"Key":"self","Type":15,"Integer":0,"String":"b","Interface":null}}
2025-08-15T22:13:24.837-0500	DEBUG	protocol/handler.go:1591	have processed broadcast	{"{round 20 3  <nil>}": {"Key":"from","Type":15,"Integer":0,"String":"a","Interface":null}}
2025-08-15T22:13:24.837-0500	DEBUG	protocol/handler.go:1591	have processed broadcast	{"{round 20 3  <nil>}": {"Key":"from","Type":15,"Integer":0,"String":"c","Interface":null}}
2025-08-15T22:13:24.837-0500	DEBUG	protocol/handler.go:1649	have all messages and processed	{"{round 20 3  <nil>}": {"Key":"self","Type":15,"Integer":0,"String":"b","Interface":null}}
2025-08-15T22:13:24.837-0500	DEBUG	protocol/handler.go:596	round already finalized
2025-08-15T22:13:24.837-0500	DEBUG	protocol/handler.go:581	tryAdvanceRound called	{"{current_round 20 3  <nil>}": {"Key":"self","Type":15,"Integer":0,"String":"b","Interface":null}}
2025-08-15T22:13:24.837-0500	DEBUG	protocol/handler.go:1591	have processed broadcast	{"{round 20 3  <nil>}": {"Key":"from","Type":15,"Integer":0,"String":"a","Interface":null}}
2025-08-15T22:13:24.837-0500	DEBUG	protocol/handler.go:1591	have processed broadcast	{"{round 20 3  <nil>}": {"Key":"from","Type":15,"Integer":0,"String":"c","Interface":null}}
2025-08-15T22:13:24.837-0500	DEBUG	protocol/handler.go:1649	have all messages and processed	{"{round 20 3  <nil>}": {"Key":"self","Type":15,"Integer":0,"String":"b","Interface":null}}
2025-08-15T22:13:24.837-0500	DEBUG	protocol/handler.go:596	round already finalized
2025-08-15T22:13:24.837-0500	DEBUG	protocol/handler.go:581	tryAdvanceRound called	{"{current_round 20 3  <nil>}": {"Key":"self","Type":15,"Integer":0,"String":"a","Interface":null}}
2025-08-15T22:13:24.837-0500	DEBUG	protocol/handler.go:1591	have processed broadcast	{"{round 20 3  <nil>}": {"Key":"from","Type":15,"Integer":0,"String":"b","Interface":null}}
2025-08-15T22:13:24.837-0500	DEBUG	protocol/handler.go:1591	have processed broadcast	{"{round 20 3  <nil>}": {"Key":"from","Type":15,"Integer":0,"String":"c","Interface":null}}
2025-08-15T22:13:24.838-0500	DEBUG	protocol/handler.go:1649	have all messages and processed	{"{round 20 3  <nil>}": {"Key":"self","Type":15,"Integer":0,"String":"a","Interface":null}}
2025-08-15T22:13:24.838-0500	DEBUG	protocol/handler.go:596	round already finalized
2025-08-15T22:13:24.874-0500	DEBUG	protocol/handler.go:581	tryAdvanceRound called	{"{current_round 20 3  <nil>}": {"Key":"self","Type":15,"Integer":0,"String":"c","Interface":null}}
2025-08-15T22:13:24.874-0500	DEBUG	protocol/handler.go:1591	have processed broadcast	{"{round 20 3  <nil>}": {"Key":"from","Type":15,"Integer":0,"String":"a","Interface":null}}
2025-08-15T22:13:24.876-0500	DEBUG	protocol/handler.go:581	tryAdvanceRound called	{"{current_round 20 3  <nil>}": {"Key":"self","Type":15,"Integer":0,"String":"b","Interface":null}}
2025-08-15T22:13:24.876-0500	DEBUG	protocol/handler.go:1591	have processed broadcast	{"{round 20 3  <nil>}": {"Key":"from","Type":15,"Integer":0,"String":"a","Interface":null}}
2025-08-15T22:13:24.876-0500	DEBUG	protocol/handler.go:1591	have processed broadcast	{"{round 20 3  <nil>}": {"Key":"from","Type":15,"Integer":0,"String":"c","Interface":null}}
2025-08-15T22:13:24.876-0500	DEBUG	protocol/handler.go:1649	have all messages and processed	{"{round 20 3  <nil>}": {"Key":"self","Type":15,"Integer":0,"String":"b","Interface":null}}
2025-08-15T22:13:24.876-0500	DEBUG	protocol/handler.go:596	round already finalized
2025-08-15T22:13:24.876-0500	DEBUG	protocol/handler.go:581	tryAdvanceRound called	{"{current_round 20 3  <nil>}": {"Key":"self","Type":15,"Integer":0,"String":"b","Interface":null}}
2025-08-15T22:13:24.877-0500	DEBUG	protocol/handler.go:1591	have processed broadcast	{"{round 20 3  <nil>}": {"Key":"from","Type":15,"Integer":0,"String":"a","Interface":null}}
2025-08-15T22:13:24.877-0500	DEBUG	protocol/handler.go:1591	have processed broadcast	{"{round 20 3  <nil>}": {"Key":"from","Type":15,"Integer":0,"String":"c","Interface":null}}
2025-08-15T22:13:24.877-0500	DEBUG	protocol/handler.go:1649	have all messages and processed	{"{round 20 3  <nil>}": {"Key":"self","Type":15,"Integer":0,"String":"b","Interface":null}}
2025-08-15T22:13:24.877-0500	DEBUG	protocol/handler.go:596	round already finalized
2025-08-15T22:13:24.877-0500	DEBUG	protocol/handler.go:581	tryAdvanceRound called	{"{current_round 20 3  <nil>}": {"Key":"self","Type":15,"Integer":0,"String":"a","Interface":null}}
2025-08-15T22:13:24.877-0500	DEBUG	protocol/handler.go:1591	have processed broadcast	{"{round 20 3  <nil>}": {"Key":"from","Type":15,"Integer":0,"String":"b","Interface":null}}
2025-08-15T22:13:24.877-0500	DEBUG	protocol/handler.go:1591	have processed broadcast	{"{round 20 3  <nil>}": {"Key":"from","Type":15,"Integer":0,"String":"c","Interface":null}}
2025-08-15T22:13:24.878-0500	DEBUG	protocol/handler.go:1649	have all messages and processed	{"{round 20 3  <nil>}": {"Key":"self","Type":15,"Integer":0,"String":"a","Interface":null}}
2025-08-15T22:13:24.878-0500	DEBUG	protocol/handler.go:596	round already finalized
2025-08-15T22:13:24.878-0500	DEBUG	protocol/handler.go:581	tryAdvanceRound called	{"{current_round 20 3  <nil>}": {"Key":"self","Type":15,"Integer":0,"String":"a","Interface":null}}
2025-08-15T22:13:24.878-0500	DEBUG	protocol/handler.go:1591	have processed broadcast	{"{round 20 3  <nil>}": {"Key":"from","Type":15,"Integer":0,"String":"b","Interface":null}}
2025-08-15T22:13:24.878-0500	DEBUG	protocol/handler.go:1591	have processed broadcast	{"{round 20 3  <nil>}": {"Key":"from","Type":15,"Integer":0,"String":"c","Interface":null}}
2025-08-15T22:13:24.878-0500	DEBUG	protocol/handler.go:1649	have all messages and processed	{"{round 20 3  <nil>}": {"Key":"self","Type":15,"Integer":0,"String":"a","Interface":null}}
2025-08-15T22:13:24.878-0500	DEBUG	protocol/handler.go:596	round already finalized
2025-08-15T22:13:24.874-0500	DEBUG	protocol/handler.go:1591	have processed broadcast	{"{round 20 3  <nil>}": {"Key":"from","Type":15,"Integer":0,"String":"b","Interface":null}}
2025-08-15T22:13:24.879-0500	DEBUG	protocol/handler.go:1649	have all messages and processed	{"{round 20 3  <nil>}": {"Key":"self","Type":15,"Integer":0,"String":"c","Interface":null}}
2025-08-15T22:13:24.880-0500	DEBUG	protocol/handler.go:596	round already finalized
2025-08-15T22:13:24.888-0500	DEBUG	protocol/handler.go:581	tryAdvanceRound called	{"{current_round 20 3  <nil>}": {"Key":"self","Type":15,"Integer":0,"String":"c","Interface":null}}
2025-08-15T22:13:24.888-0500	DEBUG	protocol/handler.go:1591	have processed broadcast	{"{round 20 3  <nil>}": {"Key":"from","Type":15,"Integer":0,"String":"a","Interface":null}}
2025-08-15T22:13:24.888-0500	DEBUG	protocol/handler.go:1591	have processed broadcast	{"{round 20 3  <nil>}": {"Key":"from","Type":15,"Integer":0,"String":"b","Interface":null}}
2025-08-15T22:13:24.888-0500	DEBUG	protocol/handler.go:1649	have all messages and processed	{"{round 20 3  <nil>}": {"Key":"self","Type":15,"Integer":0,"String":"c","Interface":null}}
2025-08-15T22:13:24.888-0500	DEBUG	protocol/handler.go:596	round already finalized
2025-08-15T22:13:24.888-0500	DEBUG	protocol/handler.go:581	tryAdvanceRound called	{"{current_round 20 3  <nil>}": {"Key":"self","Type":15,"Integer":0,"String":"c","Interface":null}}
2025-08-15T22:13:24.892-0500	DEBUG	protocol/handler.go:1591	have processed broadcast	{"{round 20 3  <nil>}": {"Key":"from","Type":15,"Integer":0,"String":"a","Interface":null}}
2025-08-15T22:13:24.909-0500	DEBUG	protocol/handler.go:581	tryAdvanceRound called	{"{current_round 20 3  <nil>}": {"Key":"self","Type":15,"Integer":0,"String":"b","Interface":null}}
2025-08-15T22:13:24.929-0500	DEBUG	protocol/handler.go:581	tryAdvanceRound called	{"{current_round 20 3  <nil>}": {"Key":"self","Type":15,"Integer":0,"String":"a","Interface":null}}
2025-08-15T22:13:24.930-0500	DEBUG	protocol/handler.go:1591	have processed broadcast	{"{round 20 3  <nil>}": {"Key":"from","Type":15,"Integer":0,"String":"b","Interface":null}}
2025-08-15T22:13:24.930-0500	DEBUG	protocol/handler.go:1591	have processed broadcast	{"{round 20 3  <nil>}": {"Key":"from","Type":15,"Integer":0,"String":"c","Interface":null}}
2025-08-15T22:13:24.930-0500	DEBUG	protocol/handler.go:1649	have all messages and processed	{"{round 20 3  <nil>}": {"Key":"self","Type":15,"Integer":0,"String":"a","Interface":null}}
2025-08-15T22:13:24.942-0500	DEBUG	protocol/handler.go:596	round already finalized
2025-08-15T22:13:24.942-0500	DEBUG	protocol/handler.go:581	tryAdvanceRound called	{"{current_round 20 3  <nil>}": {"Key":"self","Type":15,"Integer":0,"String":"a","Interface":null}}
2025-08-15T22:13:24.943-0500	DEBUG	protocol/handler.go:1591	have processed broadcast	{"{round 20 3  <nil>}": {"Key":"from","Type":15,"Integer":0,"String":"b","Interface":null}}
2025-08-15T22:13:24.943-0500	DEBUG	protocol/handler.go:1591	have processed broadcast	{"{round 20 3  <nil>}": {"Key":"from","Type":15,"Integer":0,"String":"c","Interface":null}}
2025-08-15T22:13:24.943-0500	DEBUG	protocol/handler.go:1649	have all messages and processed	{"{round 20 3  <nil>}": {"Key":"self","Type":15,"Integer":0,"String":"a","Interface":null}}
2025-08-15T22:13:24.943-0500	DEBUG	protocol/handler.go:596	round already finalized
2025-08-15T22:13:24.940-0500	DEBUG	protocol/handler.go:1591	have processed broadcast	{"{round 20 3  <nil>}": {"Key":"from","Type":15,"Integer":0,"String":"b","Interface":null}}
2025-08-15T22:13:24.943-0500	DEBUG	protocol/handler.go:1649	have all messages and processed	{"{round 20 3  <nil>}": {"Key":"self","Type":15,"Integer":0,"String":"c","Interface":null}}
2025-08-15T22:13:24.943-0500	DEBUG	protocol/handler.go:596	round already finalized
2025-08-15T22:13:24.943-0500	DEBUG	protocol/handler.go:581	tryAdvanceRound called	{"{current_round 20 3  <nil>}": {"Key":"self","Type":15,"Integer":0,"String":"c","Interface":null}}
2025-08-15T22:13:24.943-0500	DEBUG	protocol/handler.go:1591	have processed broadcast	{"{round 20 3  <nil>}": {"Key":"from","Type":15,"Integer":0,"String":"a","Interface":null}}
2025-08-15T22:13:24.943-0500	DEBUG	protocol/handler.go:1591	have processed broadcast	{"{round 20 3  <nil>}": {"Key":"from","Type":15,"Integer":0,"String":"b","Interface":null}}
2025-08-15T22:13:24.943-0500	DEBUG	protocol/handler.go:1649	have all messages and processed	{"{round 20 3  <nil>}": {"Key":"self","Type":15,"Integer":0,"String":"c","Interface":null}}
2025-08-15T22:13:24.943-0500	DEBUG	protocol/handler.go:596	round already finalized
2025-08-15T22:13:24.943-0500	DEBUG	protocol/handler.go:581	tryAdvanceRound called	{"{current_round 20 3  <nil>}": {"Key":"self","Type":15,"Integer":0,"String":"a","Interface":null}}
2025-08-15T22:13:24.943-0500	DEBUG	protocol/handler.go:1591	have processed broadcast	{"{round 20 3  <nil>}": {"Key":"from","Type":15,"Integer":0,"String":"b","Interface":null}}
2025-08-15T22:13:24.943-0500	DEBUG	protocol/handler.go:1591	have processed broadcast	{"{round 20 3  <nil>}": {"Key":"from","Type":15,"Integer":0,"String":"c","Interface":null}}
2025-08-15T22:13:24.943-0500	DEBUG	protocol/handler.go:1649	have all messages and processed	{"{round 20 3  <nil>}": {"Key":"self","Type":15,"Integer":0,"String":"a","Interface":null}}
2025-08-15T22:13:24.943-0500	DEBUG	protocol/handler.go:596	round already finalized
2025-08-15T22:13:24.961-0500	DEBUG	protocol/handler.go:581	tryAdvanceRound called	{"{current_round 20 3  <nil>}": {"Key":"self","Type":15,"Integer":0,"String":"c","Interface":null}}
2025-08-15T22:13:24.962-0500	DEBUG	protocol/handler.go:1591	have processed broadcast	{"{round 20 3  <nil>}": {"Key":"from","Type":15,"Integer":0,"String":"a","Interface":null}}
2025-08-15T22:13:24.962-0500	DEBUG	protocol/handler.go:1591	have processed broadcast	{"{round 20 3  <nil>}": {"Key":"from","Type":15,"Integer":0,"String":"b","Interface":null}}
2025-08-15T22:13:24.962-0500	DEBUG	protocol/handler.go:1649	have all messages and processed	{"{round 20 3  <nil>}": {"Key":"self","Type":15,"Integer":0,"String":"c","Interface":null}}
2025-08-15T22:13:24.962-0500	DEBUG	protocol/handler.go:596	round already finalized
2025-08-15T22:13:24.983-0500	DEBUG	protocol/handler.go:581	tryAdvanceRound called	{"{current_round 20 3  <nil>}": {"Key":"self","Type":15,"Integer":0,"String":"c","Interface":null}}
2025-08-15T22:13:24.983-0500	DEBUG	protocol/handler.go:1591	have processed broadcast	{"{round 20 3  <nil>}": {"Key":"from","Type":15,"Integer":0,"String":"a","Interface":null}}
2025-08-15T22:13:24.983-0500	DEBUG	protocol/handler.go:1591	have processed broadcast	{"{round 20 3  <nil>}": {"Key":"from","Type":15,"Integer":0,"String":"b","Interface":null}}
2025-08-15T22:13:24.983-0500	DEBUG	protocol/handler.go:1649	have all messages and processed	{"{round 20 3  <nil>}": {"Key":"self","Type":15,"Integer":0,"String":"c","Interface":null}}
2025-08-15T22:13:24.983-0500	DEBUG	protocol/handler.go:596	round already finalized
2025-08-15T22:13:24.983-0500	DEBUG	protocol/handler.go:581	tryAdvanceRound called	{"{current_round 20 3  <nil>}": {"Key":"self","Type":15,"Integer":0,"String":"a","Interface":null}}
2025-08-15T22:13:24.984-0500	DEBUG	protocol/handler.go:1591	have processed broadcast	{"{round 20 3  <nil>}": {"Key":"from","Type":15,"Integer":0,"String":"b","Interface":null}}
2025-08-15T22:13:24.984-0500	DEBUG	protocol/handler.go:1591	have processed broadcast	{"{round 20 3  <nil>}": {"Key":"from","Type":15,"Integer":0,"String":"c","Interface":null}}
2025-08-15T22:13:24.984-0500	DEBUG	protocol/handler.go:1649	have all messages and processed	{"{round 20 3  <nil>}": {"Key":"self","Type":15,"Integer":0,"String":"a","Interface":null}}
2025-08-15T22:13:24.984-0500	DEBUG	protocol/handler.go:596	round already finalized
2025-08-15T22:13:24.984-0500	DEBUG	protocol/handler.go:581	tryAdvanceRound called	{"{current_round 20 3  <nil>}": {"Key":"self","Type":15,"Integer":0,"String":"a","Interface":null}}
2025-08-15T22:13:24.984-0500	DEBUG	protocol/handler.go:1591	have processed broadcast	{"{round 20 3  <nil>}": {"Key":"from","Type":15,"Integer":0,"String":"b","Interface":null}}
2025-08-15T22:13:24.984-0500	DEBUG	protocol/handler.go:1591	have processed broadcast	{"{round 20 3  <nil>}": {"Key":"from","Type":15,"Integer":0,"String":"c","Interface":null}}
2025-08-15T22:13:24.984-0500	DEBUG	protocol/handler.go:1649	have all messages and processed	{"{round 20 3  <nil>}": {"Key":"self","Type":15,"Integer":0,"String":"a","Interface":null}}
2025-08-15T22:13:24.984-0500	DEBUG	protocol/handler.go:596	round already finalized
2025-08-15T22:13:25.025-0500	DEBUG	protocol/handler.go:1591	have processed broadcast	{"{round 20 3  <nil>}": {"Key":"from","Type":15,"Integer":0,"String":"a","Interface":null}}
2025-08-15T22:13:25.029-0500	DEBUG	protocol/handler.go:1591	have processed broadcast	{"{round 20 3  <nil>}": {"Key":"from","Type":15,"Integer":0,"String":"c","Interface":null}}
2025-08-15T22:13:25.029-0500	DEBUG	protocol/handler.go:1649	have all messages and processed	{"{round 20 3  <nil>}": {"Key":"self","Type":15,"Integer":0,"String":"b","Interface":null}}
2025-08-15T22:13:25.029-0500	DEBUG	protocol/handler.go:596	round already finalized
2025-08-15T22:13:25.029-0500	DEBUG	protocol/handler.go:581	tryAdvanceRound called	{"{current_round 20 3  <nil>}": {"Key":"self","Type":15,"Integer":0,"String":"b","Interface":null}}
2025-08-15T22:13:25.029-0500	DEBUG	protocol/handler.go:1591	have processed broadcast	{"{round 20 3  <nil>}": {"Key":"from","Type":15,"Integer":0,"String":"a","Interface":null}}
2025-08-15T22:13:25.029-0500	DEBUG	protocol/handler.go:1591	have processed broadcast	{"{round 20 3  <nil>}": {"Key":"from","Type":15,"Integer":0,"String":"c","Interface":null}}
2025-08-15T22:13:25.029-0500	DEBUG	protocol/handler.go:1649	have all messages and processed	{"{round 20 3  <nil>}": {"Key":"self","Type":15,"Integer":0,"String":"b","Interface":null}}
2025-08-15T22:13:25.029-0500	DEBUG	protocol/handler.go:596	round already finalized
2025-08-15T22:13:25.050-0500	DEBUG	protocol/handler.go:581	tryAdvanceRound called	{"{current_round 20 3  <nil>}": {"Key":"self","Type":15,"Integer":0,"String":"a","Interface":null}}
2025-08-15T22:13:25.050-0500	DEBUG	protocol/handler.go:1591	have processed broadcast	{"{round 20 3  <nil>}": {"Key":"from","Type":15,"Integer":0,"String":"b","Interface":null}}
2025-08-15T22:13:25.050-0500	DEBUG	protocol/handler.go:1591	have processed broadcast	{"{round 20 3  <nil>}": {"Key":"from","Type":15,"Integer":0,"String":"c","Interface":null}}
2025-08-15T22:13:25.050-0500	DEBUG	protocol/handler.go:1649	have all messages and processed	{"{round 20 3  <nil>}": {"Key":"self","Type":15,"Integer":0,"String":"a","Interface":null}}
2025-08-15T22:13:25.050-0500	DEBUG	protocol/handler.go:596	round already finalized
2025-08-15T22:13:25.052-0500	DEBUG	protocol/handler.go:581	tryAdvanceRound called	{"{current_round 20 3  <nil>}": {"Key":"self","Type":15,"Integer":0,"String":"a","Interface":null}}
2025-08-15T22:13:25.052-0500	DEBUG	protocol/handler.go:1591	have processed broadcast	{"{round 20 3  <nil>}": {"Key":"from","Type":15,"Integer":0,"String":"b","Interface":null}}
2025-08-15T22:13:25.052-0500	DEBUG	protocol/handler.go:1591	have processed broadcast	{"{round 20 3  <nil>}": {"Key":"from","Type":15,"Integer":0,"String":"c","Interface":null}}
2025-08-15T22:13:25.052-0500	DEBUG	protocol/handler.go:1649	have all messages and processed	{"{round 20 3  <nil>}": {"Key":"self","Type":15,"Integer":0,"String":"a","Interface":null}}
2025-08-15T22:13:25.052-0500	DEBUG	protocol/handler.go:596	round already finalized
2025-08-15T22:13:25.052-0500	DEBUG	protocol/handler.go:581	tryAdvanceRound called	{"{current_round 20 3  <nil>}": {"Key":"self","Type":15,"Integer":0,"String":"c","Interface":null}}
2025-08-15T22:13:25.056-0500	DEBUG	protocol/handler.go:1591	have processed broadcast	{"{round 20 3  <nil>}": {"Key":"from","Type":15,"Integer":0,"String":"a","Interface":null}}
2025-08-15T22:13:25.056-0500	DEBUG	protocol/handler.go:1591	have processed broadcast	{"{round 20 3  <nil>}": {"Key":"from","Type":15,"Integer":0,"String":"b","Interface":null}}
2025-08-15T22:13:25.110-0500	DEBUG	protocol/handler.go:1649	have all messages and processed	{"{round 20 3  <nil>}": {"Key":"self","Type":15,"Integer":0,"String":"c","Interface":null}}
2025-08-15T22:13:25.110-0500	DEBUG	protocol/handler.go:596	round already finalized
2025-08-15T22:13:25.064-0500	DEBUG	protocol/handler.go:581	tryAdvanceRound called	{"{current_round 20 3  <nil>}": {"Key":"self","Type":15,"Integer":0,"String":"a","Interface":null}}
2025-08-15T22:13:25.066-0500	DEBUG	protocol/handler.go:581	tryAdvanceRound called	{"{current_round 20 3  <nil>}": {"Key":"self","Type":15,"Integer":0,"String":"b","Interface":null}}
2025-08-15T22:13:25.141-0500	DEBUG	protocol/handler.go:1591	have processed broadcast	{"{round 20 3  <nil>}": {"Key":"from","Type":15,"Integer":0,"String":"a","Interface":null}}
2025-08-15T22:13:25.144-0500	DEBUG	protocol/handler.go:1591	have processed broadcast	{"{round 20 3  <nil>}": {"Key":"from","Type":15,"Integer":0,"String":"c","Interface":null}}
2025-08-15T22:13:25.144-0500	DEBUG	protocol/handler.go:1649	have all messages and processed	{"{round 20 3  <nil>}": {"Key":"self","Type":15,"Integer":0,"String":"b","Interface":null}}
2025-08-15T22:13:25.144-0500	DEBUG	protocol/handler.go:596	round already finalized
2025-08-15T22:13:25.144-0500	DEBUG	protocol/handler.go:581	tryAdvanceRound called	{"{current_round 20 3  <nil>}": {"Key":"self","Type":15,"Integer":0,"String":"b","Interface":null}}
2025-08-15T22:13:25.120-0500	DEBUG	protocol/handler.go:581	tryAdvanceRound called	{"{current_round 20 3  <nil>}": {"Key":"self","Type":15,"Integer":0,"String":"c","Interface":null}}
2025-08-15T22:13:25.172-0500	DEBUG	protocol/handler.go:1591	have processed broadcast	{"{round 20 3  <nil>}": {"Key":"from","Type":15,"Integer":0,"String":"a","Interface":null}}
2025-08-15T22:13:25.172-0500	DEBUG	protocol/handler.go:1591	have processed broadcast	{"{round 20 3  <nil>}": {"Key":"from","Type":15,"Integer":0,"String":"b","Interface":null}}
2025-08-15T22:13:25.173-0500	DEBUG	protocol/handler.go:1649	have all messages and processed	{"{round 20 3  <nil>}": {"Key":"self","Type":15,"Integer":0,"String":"c","Interface":null}}
2025-08-15T22:13:25.173-0500	DEBUG	protocol/handler.go:596	round already finalized
2025-08-15T22:13:25.173-0500	DEBUG	protocol/handler.go:581	tryAdvanceRound called	{"{current_round 20 3  <nil>}": {"Key":"self","Type":15,"Integer":0,"String":"c","Interface":null}}
2025-08-15T22:13:25.173-0500	DEBUG	protocol/handler.go:1591	have processed broadcast	{"{round 20 3  <nil>}": {"Key":"from","Type":15,"Integer":0,"String":"a","Interface":null}}
2025-08-15T22:13:25.173-0500	DEBUG	protocol/handler.go:1591	have processed broadcast	{"{round 20 3  <nil>}": {"Key":"from","Type":15,"Integer":0,"String":"b","Interface":null}}
2025-08-15T22:13:25.173-0500	DEBUG	protocol/handler.go:1649	have all messages and processed	{"{round 20 3  <nil>}": {"Key":"self","Type":15,"Integer":0,"String":"c","Interface":null}}
2025-08-15T22:13:25.173-0500	DEBUG	protocol/handler.go:596	round already finalized
2025-08-15T22:13:25.132-0500	DEBUG	protocol/handler.go:1591	have processed broadcast	{"{round 20 3  <nil>}": {"Key":"from","Type":15,"Integer":0,"String":"b","Interface":null}}
2025-08-15T22:13:25.173-0500	DEBUG	protocol/handler.go:1591	have processed broadcast	{"{round 20 3  <nil>}": {"Key":"from","Type":15,"Integer":0,"String":"c","Interface":null}}
2025-08-15T22:13:25.173-0500	DEBUG	protocol/handler.go:1649	have all messages and processed	{"{round 20 3  <nil>}": {"Key":"self","Type":15,"Integer":0,"String":"a","Interface":null}}
2025-08-15T22:13:25.173-0500	DEBUG	protocol/handler.go:596	round already finalized
2025-08-15T22:13:25.173-0500	DEBUG	protocol/handler.go:581	tryAdvanceRound called	{"{current_round 20 3  <nil>}": {"Key":"self","Type":15,"Integer":0,"String":"a","Interface":null}}
2025-08-15T22:13:25.173-0500	DEBUG	protocol/handler.go:1591	have processed broadcast	{"{round 20 3  <nil>}": {"Key":"from","Type":15,"Integer":0,"String":"b","Interface":null}}
2025-08-15T22:13:25.173-0500	DEBUG	protocol/handler.go:1591	have processed broadcast	{"{round 20 3  <nil>}": {"Key":"from","Type":15,"Integer":0,"String":"c","Interface":null}}
2025-08-15T22:13:25.173-0500	DEBUG	protocol/handler.go:1649	have all messages and processed	{"{round 20 3  <nil>}": {"Key":"self","Type":15,"Integer":0,"String":"a","Interface":null}}
2025-08-15T22:13:25.173-0500	DEBUG	protocol/handler.go:596	round already finalized
2025-08-15T22:13:25.189-0500	DEBUG	protocol/handler.go:1591	have processed broadcast	{"{round 20 3  <nil>}": {"Key":"from","Type":15,"Integer":0,"String":"a","Interface":null}}
2025-08-15T22:13:25.190-0500	DEBUG	protocol/handler.go:1591	have processed broadcast	{"{round 20 3  <nil>}": {"Key":"from","Type":15,"Integer":0,"String":"c","Interface":null}}
2025-08-15T22:13:25.190-0500	DEBUG	protocol/handler.go:1649	have all messages and processed	{"{round 20 3  <nil>}": {"Key":"self","Type":15,"Integer":0,"String":"b","Interface":null}}
2025-08-15T22:13:25.190-0500	DEBUG	protocol/handler.go:596	round already finalized
2025-08-15T22:13:25.190-0500	DEBUG	protocol/handler.go:581	tryAdvanceRound called	{"{current_round 20 3  <nil>}": {"Key":"self","Type":15,"Integer":0,"String":"b","Interface":null}}
2025-08-15T22:13:25.190-0500	DEBUG	protocol/handler.go:1591	have processed broadcast	{"{round 20 3  <nil>}": {"Key":"from","Type":15,"Integer":0,"String":"a","Interface":null}}
2025-08-15T22:13:25.190-0500	DEBUG	protocol/handler.go:1591	have processed broadcast	{"{round 20 3  <nil>}": {"Key":"from","Type":15,"Integer":0,"String":"c","Interface":null}}
2025-08-15T22:13:25.190-0500	DEBUG	protocol/handler.go:1649	have all messages and processed	{"{round 20 3  <nil>}": {"Key":"self","Type":15,"Integer":0,"String":"b","Interface":null}}
2025-08-15T22:13:25.190-0500	DEBUG	protocol/handler.go:596	round already finalized
2025-08-15T22:13:25.195-0500	DEBUG	protocol/handler.go:581	tryAdvanceRound called	{"{current_round 20 3  <nil>}": {"Key":"self","Type":15,"Integer":0,"String":"c","Interface":null}}
2025-08-15T22:13:25.239-0500	DEBUG	protocol/handler.go:1591	have processed broadcast	{"{round 20 3  <nil>}": {"Key":"from","Type":15,"Integer":0,"String":"a","Interface":null}}
2025-08-15T22:13:25.241-0500	DEBUG	protocol/handler.go:1591	have processed broadcast	{"{round 20 3  <nil>}": {"Key":"from","Type":15,"Integer":0,"String":"b","Interface":null}}
2025-08-15T22:13:25.241-0500	DEBUG	protocol/handler.go:1649	have all messages and processed	{"{round 20 3  <nil>}": {"Key":"self","Type":15,"Integer":0,"String":"c","Interface":null}}
2025-08-15T22:13:25.241-0500	DEBUG	protocol/handler.go:596	round already finalized
2025-08-15T22:13:25.241-0500	DEBUG	protocol/handler.go:581	tryAdvanceRound called	{"{current_round 20 3  <nil>}": {"Key":"self","Type":15,"Integer":0,"String":"c","Interface":null}}
2025-08-15T22:13:25.241-0500	DEBUG	protocol/handler.go:1591	have processed broadcast	{"{round 20 3  <nil>}": {"Key":"from","Type":15,"Integer":0,"String":"a","Interface":null}}
2025-08-15T22:13:25.241-0500	DEBUG	protocol/handler.go:1591	have processed broadcast	{"{round 20 3  <nil>}": {"Key":"from","Type":15,"Integer":0,"String":"b","Interface":null}}
2025-08-15T22:13:25.241-0500	DEBUG	protocol/handler.go:1649	have all messages and processed	{"{round 20 3  <nil>}": {"Key":"self","Type":15,"Integer":0,"String":"c","Interface":null}}
2025-08-15T22:13:25.241-0500	DEBUG	protocol/handler.go:596	round already finalized
2025-08-15T22:13:25.210-0500	DEBUG	protocol/handler.go:581	tryAdvanceRound called	{"{current_round 20 3  <nil>}": {"Key":"self","Type":15,"Integer":0,"String":"b","Interface":null}}
2025-08-15T22:13:25.241-0500	DEBUG	protocol/handler.go:1591	have processed broadcast	{"{round 20 3  <nil>}": {"Key":"from","Type":15,"Integer":0,"String":"a","Interface":null}}
2025-08-15T22:13:25.241-0500	DEBUG	protocol/handler.go:1591	have processed broadcast	{"{round 20 3  <nil>}": {"Key":"from","Type":15,"Integer":0,"String":"c","Interface":null}}
2025-08-15T22:13:25.241-0500	DEBUG	protocol/handler.go:1649	have all messages and processed	{"{round 20 3  <nil>}": {"Key":"self","Type":15,"Integer":0,"String":"b","Interface":null}}
2025-08-15T22:13:25.241-0500	DEBUG	protocol/handler.go:596	round already finalized
2025-08-15T22:13:25.241-0500	DEBUG	protocol/handler.go:581	tryAdvanceRound called	{"{current_round 20 3  <nil>}": {"Key":"self","Type":15,"Integer":0,"String":"b","Interface":null}}
2025-08-15T22:13:25.241-0500	DEBUG	protocol/handler.go:1591	have processed broadcast	{"{round 20 3  <nil>}": {"Key":"from","Type":15,"Integer":0,"String":"a","Interface":null}}
2025-08-15T22:13:25.241-0500	DEBUG	protocol/handler.go:1591	have processed broadcast	{"{round 20 3  <nil>}": {"Key":"from","Type":15,"Integer":0,"String":"c","Interface":null}}
2025-08-15T22:13:25.241-0500	DEBUG	protocol/handler.go:1649	have all messages and processed	{"{round 20 3  <nil>}": {"Key":"self","Type":15,"Integer":0,"String":"b","Interface":null}}
2025-08-15T22:13:25.254-0500	DEBUG	protocol/handler.go:596	round already finalized
2025-08-15T22:13:25.254-0500	DEBUG	protocol/handler.go:581	tryAdvanceRound called	{"{current_round 20 3  <nil>}": {"Key":"self","Type":15,"Integer":0,"String":"b","Interface":null}}
2025-08-15T22:13:25.254-0500	DEBUG	protocol/handler.go:1591	have processed broadcast	{"{round 20 3  <nil>}": {"Key":"from","Type":15,"Integer":0,"String":"a","Interface":null}}
2025-08-15T22:13:25.254-0500	DEBUG	protocol/handler.go:1591	have processed broadcast	{"{round 20 3  <nil>}": {"Key":"from","Type":15,"Integer":0,"String":"c","Interface":null}}
2025-08-15T22:13:25.254-0500	DEBUG	protocol/handler.go:1649	have all messages and processed	{"{round 20 3  <nil>}": {"Key":"self","Type":15,"Integer":0,"String":"b","Interface":null}}
2025-08-15T22:13:25.255-0500	DEBUG	protocol/handler.go:596	round already finalized
2025-08-15T22:13:25.255-0500	DEBUG	protocol/handler.go:581	tryAdvanceRound called	{"{current_round 20 3  <nil>}": {"Key":"self","Type":15,"Integer":0,"String":"c","Interface":null}}
2025-08-15T22:13:25.255-0500	DEBUG	protocol/handler.go:1591	have processed broadcast	{"{round 20 3  <nil>}": {"Key":"from","Type":15,"Integer":0,"String":"a","Interface":null}}
2025-08-15T22:13:25.255-0500	DEBUG	protocol/handler.go:1591	have processed broadcast	{"{round 20 3  <nil>}": {"Key":"from","Type":15,"Integer":0,"String":"b","Interface":null}}
2025-08-15T22:13:25.255-0500	DEBUG	protocol/handler.go:1649	have all messages and processed	{"{round 20 3  <nil>}": {"Key":"self","Type":15,"Integer":0,"String":"c","Interface":null}}
2025-08-15T22:13:25.255-0500	DEBUG	protocol/handler.go:596	round already finalized
2025-08-15T22:13:25.279-0500	DEBUG	protocol/handler.go:581	tryAdvanceRound called	{"{current_round 20 3  <nil>}": {"Key":"self","Type":15,"Integer":0,"String":"b","Interface":null}}
2025-08-15T22:13:25.281-0500	DEBUG	protocol/handler.go:1591	have processed broadcast	{"{round 20 3  <nil>}": {"Key":"from","Type":15,"Integer":0,"String":"a","Interface":null}}
2025-08-15T22:13:25.283-0500	DEBUG	protocol/handler.go:1591	have processed broadcast	{"{round 20 3  <nil>}": {"Key":"from","Type":15,"Integer":0,"String":"c","Interface":null}}
2025-08-15T22:13:25.283-0500	DEBUG	protocol/handler.go:1649	have all messages and processed	{"{round 20 3  <nil>}": {"Key":"self","Type":15,"Integer":0,"String":"b","Interface":null}}
2025-08-15T22:13:25.283-0500	DEBUG	protocol/handler.go:596	round already finalized
2025-08-15T22:13:25.218-0500	DEBUG	protocol/handler.go:581	tryAdvanceRound called	{"{current_round 20 3  <nil>}": {"Key":"self","Type":15,"Integer":0,"String":"a","Interface":null}}
2025-08-15T22:13:25.315-0500	DEBUG	protocol/handler.go:581	tryAdvanceRound called	{"{current_round 20 3  <nil>}": {"Key":"self","Type":15,"Integer":0,"String":"c","Interface":null}}
2025-08-15T22:13:25.316-0500	DEBUG	protocol/handler.go:1591	have processed broadcast	{"{round 20 3  <nil>}": {"Key":"from","Type":15,"Integer":0,"String":"a","Interface":null}}
2025-08-15T22:13:25.316-0500	DEBUG	protocol/handler.go:1591	have processed broadcast	{"{round 20 3  <nil>}": {"Key":"from","Type":15,"Integer":0,"String":"b","Interface":null}}
2025-08-15T22:13:25.316-0500	DEBUG	protocol/handler.go:1649	have all messages and processed	{"{round 20 3  <nil>}": {"Key":"self","Type":15,"Integer":0,"String":"c","Interface":null}}
2025-08-15T22:13:25.316-0500	DEBUG	protocol/handler.go:596	round already finalized
2025-08-15T22:13:25.316-0500	DEBUG	protocol/handler.go:581	tryAdvanceRound called	{"{current_round 20 3  <nil>}": {"Key":"self","Type":15,"Integer":0,"String":"c","Interface":null}}
2025-08-15T22:13:25.316-0500	DEBUG	protocol/handler.go:1591	have processed broadcast	{"{round 20 3  <nil>}": {"Key":"from","Type":15,"Integer":0,"String":"a","Interface":null}}
2025-08-15T22:13:25.316-0500	DEBUG	protocol/handler.go:1591	have processed broadcast	{"{round 20 3  <nil>}": {"Key":"from","Type":15,"Integer":0,"String":"b","Interface":null}}
2025-08-15T22:13:25.316-0500	DEBUG	protocol/handler.go:1649	have all messages and processed	{"{round 20 3  <nil>}": {"Key":"self","Type":15,"Integer":0,"String":"c","Interface":null}}
2025-08-15T22:13:25.316-0500	DEBUG	protocol/handler.go:596	round already finalized
2025-08-15T22:13:25.320-0500	DEBUG	protocol/handler.go:581	tryAdvanceRound called	{"{current_round 20 3  <nil>}": {"Key":"self","Type":15,"Integer":0,"String":"b","Interface":null}}
2025-08-15T22:13:25.320-0500	DEBUG	protocol/handler.go:1591	have processed broadcast	{"{round 20 3  <nil>}": {"Key":"from","Type":15,"Integer":0,"String":"a","Interface":null}}
2025-08-15T22:13:25.320-0500	DEBUG	protocol/handler.go:1591	have processed broadcast	{"{round 20 3  <nil>}": {"Key":"from","Type":15,"Integer":0,"String":"c","Interface":null}}
2025-08-15T22:13:25.320-0500	DEBUG	protocol/handler.go:1649	have all messages and processed	{"{round 20 3  <nil>}": {"Key":"self","Type":15,"Integer":0,"String":"b","Interface":null}}
2025-08-15T22:13:25.320-0500	DEBUG	protocol/handler.go:596	round already finalized
2025-08-15T22:13:25.320-0500	DEBUG	protocol/handler.go:581	tryAdvanceRound called	{"{current_round 20 3  <nil>}": {"Key":"self","Type":15,"Integer":0,"String":"b","Interface":null}}
2025-08-15T22:13:25.283-0500	DEBUG	protocol/handler.go:1591	have processed broadcast	{"{round 20 3  <nil>}": {"Key":"from","Type":15,"Integer":0,"String":"b","Interface":null}}
2025-08-15T22:13:25.357-0500	DEBUG	protocol/handler.go:1591	have processed broadcast	{"{round 20 3  <nil>}": {"Key":"from","Type":15,"Integer":0,"String":"c","Interface":null}}
2025-08-15T22:13:25.357-0500	DEBUG	protocol/handler.go:1649	have all messages and processed	{"{round 20 3  <nil>}": {"Key":"self","Type":15,"Integer":0,"String":"a","Interface":null}}
2025-08-15T22:13:25.357-0500	DEBUG	protocol/handler.go:596	round already finalized
2025-08-15T22:13:25.357-0500	DEBUG	protocol/handler.go:581	tryAdvanceRound called	{"{current_round 20 3  <nil>}": {"Key":"self","Type":15,"Integer":0,"String":"a","Interface":null}}
2025-08-15T22:13:25.357-0500	DEBUG	protocol/handler.go:1591	have processed broadcast	{"{round 20 3  <nil>}": {"Key":"from","Type":15,"Integer":0,"String":"b","Interface":null}}
2025-08-15T22:13:25.357-0500	DEBUG	protocol/handler.go:1591	have processed broadcast	{"{round 20 3  <nil>}": {"Key":"from","Type":15,"Integer":0,"String":"c","Interface":null}}
2025-08-15T22:13:25.357-0500	DEBUG	protocol/handler.go:1649	have all messages and processed	{"{round 20 3  <nil>}": {"Key":"self","Type":15,"Integer":0,"String":"a","Interface":null}}
2025-08-15T22:13:25.357-0500	DEBUG	protocol/handler.go:596	round already finalized
2025-08-15T22:13:25.346-0500	DEBUG	protocol/handler.go:581	tryAdvanceRound called	{"{current_round 20 3  <nil>}": {"Key":"self","Type":15,"Integer":0,"String":"c","Interface":null}}
2025-08-15T22:13:25.359-0500	DEBUG	protocol/handler.go:1591	have processed broadcast	{"{round 20 3  <nil>}": {"Key":"from","Type":15,"Integer":0,"String":"a","Interface":null}}
2025-08-15T22:13:25.405-0500	DEBUG	protocol/handler.go:581	tryAdvanceRound called	{"{current_round 20 3  <nil>}": {"Key":"self","Type":15,"Integer":0,"String":"a","Interface":null}}
2025-08-15T22:13:25.405-0500	DEBUG	protocol/handler.go:1591	have processed broadcast	{"{round 20 3  <nil>}": {"Key":"from","Type":15,"Integer":0,"String":"b","Interface":null}}
2025-08-15T22:13:25.405-0500	DEBUG	protocol/handler.go:1591	have processed broadcast	{"{round 20 3  <nil>}": {"Key":"from","Type":15,"Integer":0,"String":"c","Interface":null}}
2025-08-15T22:13:25.405-0500	DEBUG	protocol/handler.go:1649	have all messages and processed	{"{round 20 3  <nil>}": {"Key":"self","Type":15,"Integer":0,"String":"a","Interface":null}}
2025-08-15T22:13:25.405-0500	DEBUG	protocol/handler.go:596	round already finalized
2025-08-15T22:13:25.405-0500	DEBUG	protocol/handler.go:581	tryAdvanceRound called	{"{current_round 20 3  <nil>}": {"Key":"self","Type":15,"Integer":0,"String":"a","Interface":null}}
2025-08-15T22:13:25.406-0500	DEBUG	protocol/handler.go:1591	have processed broadcast	{"{round 20 3  <nil>}": {"Key":"from","Type":15,"Integer":0,"String":"b","Interface":null}}
2025-08-15T22:13:25.406-0500	DEBUG	protocol/handler.go:1591	have processed broadcast	{"{round 20 3  <nil>}": {"Key":"from","Type":15,"Integer":0,"String":"c","Interface":null}}
2025-08-15T22:13:25.406-0500	DEBUG	protocol/handler.go:1649	have all messages and processed	{"{round 20 3  <nil>}": {"Key":"self","Type":15,"Integer":0,"String":"a","Interface":null}}
2025-08-15T22:13:25.406-0500	DEBUG	protocol/handler.go:596	round already finalized
2025-08-15T22:13:25.320-0500	DEBUG	protocol/handler.go:1591	have processed broadcast	{"{round 20 3  <nil>}": {"Key":"from","Type":15,"Integer":0,"String":"a","Interface":null}}
2025-08-15T22:13:25.423-0500	DEBUG	protocol/handler.go:1591	have processed broadcast	{"{round 20 3  <nil>}": {"Key":"from","Type":15,"Integer":0,"String":"c","Interface":null}}
2025-08-15T22:13:25.423-0500	DEBUG	protocol/handler.go:1649	have all messages and processed	{"{round 20 3  <nil>}": {"Key":"self","Type":15,"Integer":0,"String":"b","Interface":null}}
2025-08-15T22:13:25.423-0500	DEBUG	protocol/handler.go:596	round already finalized
2025-08-15T22:13:25.423-0500	DEBUG	protocol/handler.go:581	tryAdvanceRound called	{"{current_round 20 3  <nil>}": {"Key":"self","Type":15,"Integer":0,"String":"b","Interface":null}}
2025-08-15T22:13:25.423-0500	DEBUG	protocol/handler.go:1591	have processed broadcast	{"{round 20 3  <nil>}": {"Key":"from","Type":15,"Integer":0,"String":"a","Interface":null}}
2025-08-15T22:13:25.423-0500	DEBUG	protocol/handler.go:1591	have processed broadcast	{"{round 20 3  <nil>}": {"Key":"from","Type":15,"Integer":0,"String":"c","Interface":null}}
2025-08-15T22:13:25.423-0500	DEBUG	protocol/handler.go:1649	have all messages and processed	{"{round 20 3  <nil>}": {"Key":"self","Type":15,"Integer":0,"String":"b","Interface":null}}
2025-08-15T22:13:25.423-0500	DEBUG	protocol/handler.go:596	round already finalized
2025-08-15T22:13:25.446-0500	DEBUG	protocol/handler.go:581	tryAdvanceRound called	{"{current_round 20 3  <nil>}": {"Key":"self","Type":15,"Integer":0,"String":"b","Interface":null}}
2025-08-15T22:13:25.446-0500	DEBUG	protocol/handler.go:1591	have processed broadcast	{"{round 20 3  <nil>}": {"Key":"from","Type":15,"Integer":0,"String":"a","Interface":null}}
2025-08-15T22:13:25.446-0500	DEBUG	protocol/handler.go:581	tryAdvanceRound called	{"{current_round 20 3  <nil>}": {"Key":"self","Type":15,"Integer":0,"String":"a","Interface":null}}
2025-08-15T22:13:25.446-0500	DEBUG	protocol/handler.go:1591	have processed broadcast	{"{round 20 3  <nil>}": {"Key":"from","Type":15,"Integer":0,"String":"c","Interface":null}}
2025-08-15T22:13:25.446-0500	DEBUG	protocol/handler.go:1649	have all messages and processed	{"{round 20 3  <nil>}": {"Key":"self","Type":15,"Integer":0,"String":"b","Interface":null}}
2025-08-15T22:13:25.446-0500	DEBUG	protocol/handler.go:1591	have processed broadcast	{"{round 20 3  <nil>}": {"Key":"from","Type":15,"Integer":0,"String":"b","Interface":null}}
2025-08-15T22:13:25.446-0500	DEBUG	protocol/handler.go:1591	have processed broadcast	{"{round 20 3  <nil>}": {"Key":"from","Type":15,"Integer":0,"String":"c","Interface":null}}
2025-08-15T22:13:25.446-0500	DEBUG	protocol/handler.go:1649	have all messages and processed	{"{round 20 3  <nil>}": {"Key":"self","Type":15,"Integer":0,"String":"a","Interface":null}}
2025-08-15T22:13:25.446-0500	DEBUG	protocol/handler.go:596	round already finalized
2025-08-15T22:13:25.446-0500	DEBUG	protocol/handler.go:581	tryAdvanceRound called	{"{current_round 20 3  <nil>}": {"Key":"self","Type":15,"Integer":0,"String":"a","Interface":null}}
2025-08-15T22:13:25.446-0500	DEBUG	protocol/handler.go:1591	have processed broadcast	{"{round 20 3  <nil>}": {"Key":"from","Type":15,"Integer":0,"String":"b","Interface":null}}
2025-08-15T22:13:25.446-0500	DEBUG	protocol/handler.go:1591	have processed broadcast	{"{round 20 3  <nil>}": {"Key":"from","Type":15,"Integer":0,"String":"c","Interface":null}}
2025-08-15T22:13:25.446-0500	DEBUG	protocol/handler.go:1649	have all messages and processed	{"{round 20 3  <nil>}": {"Key":"self","Type":15,"Integer":0,"String":"a","Interface":null}}
2025-08-15T22:13:25.446-0500	DEBUG	protocol/handler.go:596	round already finalized
2025-08-15T22:13:25.446-0500	DEBUG	protocol/handler.go:581	tryAdvanceRound called	{"{current_round 20 3  <nil>}": {"Key":"self","Type":15,"Integer":0,"String":"a","Interface":null}}
2025-08-15T22:13:25.446-0500	DEBUG	protocol/handler.go:1591	have processed broadcast	{"{round 20 3  <nil>}": {"Key":"from","Type":15,"Integer":0,"String":"b","Interface":null}}
2025-08-15T22:13:25.452-0500	DEBUG	protocol/handler.go:1591	have processed broadcast	{"{round 20 3  <nil>}": {"Key":"from","Type":15,"Integer":0,"String":"c","Interface":null}}
2025-08-15T22:13:25.452-0500	DEBUG	protocol/handler.go:1649	have all messages and processed	{"{round 20 3  <nil>}": {"Key":"self","Type":15,"Integer":0,"String":"a","Interface":null}}
2025-08-15T22:13:25.454-0500	DEBUG	protocol/handler.go:596	round already finalized
2025-08-15T22:13:25.450-0500	DEBUG	protocol/handler.go:1591	have processed broadcast	{"{round 20 3  <nil>}": {"Key":"from","Type":15,"Integer":0,"String":"b","Interface":null}}
2025-08-15T22:13:25.455-0500	DEBUG	protocol/handler.go:1649	have all messages and processed	{"{round 20 3  <nil>}": {"Key":"self","Type":15,"Integer":0,"String":"c","Interface":null}}
2025-08-15T22:13:25.455-0500	DEBUG	protocol/handler.go:596	round already finalized
2025-08-15T22:13:25.455-0500	DEBUG	protocol/handler.go:581	tryAdvanceRound called	{"{current_round 20 3  <nil>}": {"Key":"self","Type":15,"Integer":0,"String":"c","Interface":null}}
2025-08-15T22:13:25.455-0500	DEBUG	protocol/handler.go:1591	have processed broadcast	{"{round 20 3  <nil>}": {"Key":"from","Type":15,"Integer":0,"String":"a","Interface":null}}
2025-08-15T22:13:25.455-0500	DEBUG	protocol/handler.go:1591	have processed broadcast	{"{round 20 3  <nil>}": {"Key":"from","Type":15,"Integer":0,"String":"b","Interface":null}}
2025-08-15T22:13:25.455-0500	DEBUG	protocol/handler.go:1649	have all messages and processed	{"{round 20 3  <nil>}": {"Key":"self","Type":15,"Integer":0,"String":"c","Interface":null}}
2025-08-15T22:13:25.455-0500	DEBUG	protocol/handler.go:596	round already finalized
2025-08-15T22:13:25.446-0500	DEBUG	protocol/handler.go:596	round already finalized
2025-08-15T22:13:25.461-0500	DEBUG	protocol/handler.go:581	tryAdvanceRound called	{"{current_round 20 3  <nil>}": {"Key":"self","Type":15,"Integer":0,"String":"b","Interface":null}}
2025-08-15T22:13:25.461-0500	DEBUG	protocol/handler.go:1591	have processed broadcast	{"{round 20 3  <nil>}": {"Key":"from","Type":15,"Integer":0,"String":"a","Interface":null}}
2025-08-15T22:13:25.461-0500	DEBUG	protocol/handler.go:1591	have processed broadcast	{"{round 20 3  <nil>}": {"Key":"from","Type":15,"Integer":0,"String":"c","Interface":null}}
2025-08-15T22:13:25.461-0500	DEBUG	protocol/handler.go:1649	have all messages and processed	{"{round 20 3  <nil>}": {"Key":"self","Type":15,"Integer":0,"String":"b","Interface":null}}
2025-08-15T22:13:25.461-0500	DEBUG	protocol/handler.go:596	round already finalized
2025-08-15T22:13:25.461-0500	DEBUG	protocol/handler.go:581	tryAdvanceRound called	{"{current_round 20 3  <nil>}": {"Key":"self","Type":15,"Integer":0,"String":"c","Interface":null}}
2025-08-15T22:13:25.461-0500	DEBUG	protocol/handler.go:1591	have processed broadcast	{"{round 20 3  <nil>}": {"Key":"from","Type":15,"Integer":0,"String":"a","Interface":null}}
2025-08-15T22:13:25.461-0500	DEBUG	protocol/handler.go:1591	have processed broadcast	{"{round 20 3  <nil>}": {"Key":"from","Type":15,"Integer":0,"String":"b","Interface":null}}
2025-08-15T22:13:25.462-0500	DEBUG	protocol/handler.go:1649	have all messages and processed	{"{round 20 3  <nil>}": {"Key":"self","Type":15,"Integer":0,"String":"c","Interface":null}}
2025-08-15T22:13:25.462-0500	DEBUG	protocol/handler.go:596	round already finalized
2025-08-15T22:13:25.462-0500	DEBUG	protocol/handler.go:581	tryAdvanceRound called	{"{current_round 20 3  <nil>}": {"Key":"self","Type":15,"Integer":0,"String":"a","Interface":null}}
2025-08-15T22:13:25.462-0500	DEBUG	protocol/handler.go:1591	have processed broadcast	{"{round 20 3  <nil>}": {"Key":"from","Type":15,"Integer":0,"String":"b","Interface":null}}
2025-08-15T22:13:25.462-0500	DEBUG	protocol/handler.go:1591	have processed broadcast	{"{round 20 3  <nil>}": {"Key":"from","Type":15,"Integer":0,"String":"c","Interface":null}}
2025-08-15T22:13:25.462-0500	DEBUG	protocol/handler.go:1649	have all messages and processed	{"{round 20 3  <nil>}": {"Key":"self","Type":15,"Integer":0,"String":"a","Interface":null}}
2025-08-15T22:13:25.462-0500	DEBUG	protocol/handler.go:596	round already finalized
2025-08-15T22:13:25.505-0500	DEBUG	protocol/handler.go:581	tryAdvanceRound called	{"{current_round 20 3  <nil>}": {"Key":"self","Type":15,"Integer":0,"String":"a","Interface":null}}
2025-08-15T22:13:25.505-0500	DEBUG	protocol/handler.go:1591	have processed broadcast	{"{round 20 3  <nil>}": {"Key":"from","Type":15,"Integer":0,"String":"b","Interface":null}}
2025-08-15T22:13:25.505-0500	DEBUG	protocol/handler.go:1591	have processed broadcast	{"{round 20 3  <nil>}": {"Key":"from","Type":15,"Integer":0,"String":"c","Interface":null}}
2025-08-15T22:13:25.505-0500	DEBUG	protocol/handler.go:1649	have all messages and processed	{"{round 20 3  <nil>}": {"Key":"self","Type":15,"Integer":0,"String":"a","Interface":null}}
2025-08-15T22:13:25.505-0500	DEBUG	protocol/handler.go:596	round already finalized
2025-08-15T22:13:25.505-0500	DEBUG	protocol/handler.go:581	tryAdvanceRound called	{"{current_round 20 3  <nil>}": {"Key":"self","Type":15,"Integer":0,"String":"a","Interface":null}}
2025-08-15T22:13:25.505-0500	DEBUG	protocol/handler.go:1591	have processed broadcast	{"{round 20 3  <nil>}": {"Key":"from","Type":15,"Integer":0,"String":"b","Interface":null}}
2025-08-15T22:13:25.505-0500	DEBUG	protocol/handler.go:1591	have processed broadcast	{"{round 20 3  <nil>}": {"Key":"from","Type":15,"Integer":0,"String":"c","Interface":null}}
2025-08-15T22:13:25.505-0500	DEBUG	protocol/handler.go:1649	have all messages and processed	{"{round 20 3  <nil>}": {"Key":"self","Type":15,"Integer":0,"String":"a","Interface":null}}
2025-08-15T22:13:25.505-0500	DEBUG	protocol/handler.go:596	round already finalized
2025-08-15T22:13:25.505-0500	DEBUG	protocol/handler.go:581	tryAdvanceRound called	{"{current_round 20 3  <nil>}": {"Key":"self","Type":15,"Integer":0,"String":"b","Interface":null}}
2025-08-15T22:13:25.505-0500	DEBUG	protocol/handler.go:1591	have processed broadcast	{"{round 20 3  <nil>}": {"Key":"from","Type":15,"Integer":0,"String":"a","Interface":null}}
2025-08-15T22:13:25.506-0500	DEBUG	protocol/handler.go:1591	have processed broadcast	{"{round 20 3  <nil>}": {"Key":"from","Type":15,"Integer":0,"String":"c","Interface":null}}
2025-08-15T22:13:25.506-0500	DEBUG	protocol/handler.go:1649	have all messages and processed	{"{round 20 3  <nil>}": {"Key":"self","Type":15,"Integer":0,"String":"b","Interface":null}}
2025-08-15T22:13:25.506-0500	DEBUG	protocol/handler.go:596	round already finalized
2025-08-15T22:13:25.506-0500	DEBUG	protocol/handler.go:581	tryAdvanceRound called	{"{current_round 20 3  <nil>}": {"Key":"self","Type":15,"Integer":0,"String":"b","Interface":null}}
2025-08-15T22:13:25.506-0500	DEBUG	protocol/handler.go:1591	have processed broadcast	{"{round 20 3  <nil>}": {"Key":"from","Type":15,"Integer":0,"String":"a","Interface":null}}
2025-08-15T22:13:25.506-0500	DEBUG	protocol/handler.go:1591	have processed broadcast	{"{round 20 3  <nil>}": {"Key":"from","Type":15,"Integer":0,"String":"c","Interface":null}}
2025-08-15T22:13:25.506-0500	DEBUG	protocol/handler.go:1649	have all messages and processed	{"{round 20 3  <nil>}": {"Key":"self","Type":15,"Integer":0,"String":"b","Interface":null}}
2025-08-15T22:13:25.506-0500	DEBUG	protocol/handler.go:596	round already finalized
2025-08-15T22:13:25.506-0500	DEBUG	protocol/handler.go:581	tryAdvanceRound called	{"{current_round 20 3  <nil>}": {"Key":"self","Type":15,"Integer":0,"String":"c","Interface":null}}
2025-08-15T22:13:25.506-0500	DEBUG	protocol/handler.go:1591	have processed broadcast	{"{round 20 3  <nil>}": {"Key":"from","Type":15,"Integer":0,"String":"a","Interface":null}}
2025-08-15T22:13:25.506-0500	DEBUG	protocol/handler.go:1591	have processed broadcast	{"{round 20 3  <nil>}": {"Key":"from","Type":15,"Integer":0,"String":"b","Interface":null}}
2025-08-15T22:13:25.506-0500	DEBUG	protocol/handler.go:1649	have all messages and processed	{"{round 20 3  <nil>}": {"Key":"self","Type":15,"Integer":0,"String":"c","Interface":null}}
2025-08-15T22:13:25.506-0500	DEBUG	protocol/handler.go:596	round already finalized
2025-08-15T22:13:25.506-0500	DEBUG	protocol/handler.go:581	tryAdvanceRound called	{"{current_round 20 3  <nil>}": {"Key":"self","Type":15,"Integer":0,"String":"c","Interface":null}}
2025-08-15T22:13:25.506-0500	DEBUG	protocol/handler.go:1591	have processed broadcast	{"{round 20 3  <nil>}": {"Key":"from","Type":15,"Integer":0,"String":"a","Interface":null}}
2025-08-15T22:13:25.506-0500	DEBUG	protocol/handler.go:1591	have processed broadcast	{"{round 20 3  <nil>}": {"Key":"from","Type":15,"Integer":0,"String":"b","Interface":null}}
2025-08-15T22:13:25.506-0500	DEBUG	protocol/handler.go:1649	have all messages and processed	{"{round 20 3  <nil>}": {"Key":"self","Type":15,"Integer":0,"String":"c","Interface":null}}
2025-08-15T22:13:25.506-0500	DEBUG	protocol/handler.go:596	round already finalized
2025-08-15T22:13:25.506-0500	DEBUG	protocol/handler.go:581	tryAdvanceRound called	{"{current_round 20 3  <nil>}": {"Key":"self","Type":15,"Integer":0,"String":"a","Interface":null}}
2025-08-15T22:13:25.506-0500	DEBUG	protocol/handler.go:1591	have processed broadcast	{"{round 20 3  <nil>}": {"Key":"from","Type":15,"Integer":0,"String":"b","Interface":null}}
2025-08-15T22:13:25.506-0500	DEBUG	protocol/handler.go:1591	have processed broadcast	{"{round 20 3  <nil>}": {"Key":"from","Type":15,"Integer":0,"String":"c","Interface":null}}
2025-08-15T22:13:25.506-0500	DEBUG	protocol/handler.go:1649	have all messages and processed	{"{round 20 3  <nil>}": {"Key":"self","Type":15,"Integer":0,"String":"a","Interface":null}}
2025-08-15T22:13:25.506-0500	DEBUG	protocol/handler.go:596	round already finalized
2025-08-15T22:13:25.556-0500	DEBUG	protocol/handler.go:581	tryAdvanceRound called	{"{current_round 20 3  <nil>}": {"Key":"self","Type":15,"Integer":0,"String":"b","Interface":null}}
2025-08-15T22:13:25.577-0500	DEBUG	protocol/handler.go:581	tryAdvanceRound called	{"{current_round 20 3  <nil>}": {"Key":"self","Type":15,"Integer":0,"String":"c","Interface":null}}
2025-08-15T22:13:25.590-0500	DEBUG	protocol/handler.go:1591	have processed broadcast	{"{round 20 3  <nil>}": {"Key":"from","Type":15,"Integer":0,"String":"a","Interface":null}}
2025-08-15T22:13:25.660-0500	DEBUG	protocol/handler.go:1591	have processed broadcast	{"{round 20 3  <nil>}": {"Key":"from","Type":15,"Integer":0,"String":"b","Interface":null}}
2025-08-15T22:13:25.665-0500	DEBUG	protocol/handler.go:1649	have all messages and processed	{"{round 20 3  <nil>}": {"Key":"self","Type":15,"Integer":0,"String":"c","Interface":null}}
2025-08-15T22:13:25.673-0500	DEBUG	protocol/handler.go:596	round already finalized
2025-08-15T22:13:25.674-0500	DEBUG	protocol/handler.go:581	tryAdvanceRound called	{"{current_round 20 3  <nil>}": {"Key":"self","Type":15,"Integer":0,"String":"c","Interface":null}}
2025-08-15T22:13:25.674-0500	DEBUG	protocol/handler.go:1591	have processed broadcast	{"{round 20 3  <nil>}": {"Key":"from","Type":15,"Integer":0,"String":"a","Interface":null}}
2025-08-15T22:13:25.676-0500	DEBUG	protocol/handler.go:1591	have processed broadcast	{"{round 20 3  <nil>}": {"Key":"from","Type":15,"Integer":0,"String":"b","Interface":null}}
2025-08-15T22:13:25.676-0500	DEBUG	protocol/handler.go:1649	have all messages and processed	{"{round 20 3  <nil>}": {"Key":"self","Type":15,"Integer":0,"String":"c","Interface":null}}
2025-08-15T22:13:25.676-0500	DEBUG	protocol/handler.go:596	round already finalized
2025-08-15T22:13:25.598-0500	DEBUG	protocol/handler.go:581	tryAdvanceRound called	{"{current_round 20 3  <nil>}": {"Key":"self","Type":15,"Integer":0,"String":"a","Interface":null}}
2025-08-15T22:13:25.562-0500	DEBUG	protocol/handler.go:1591	have processed broadcast	{"{round 20 3  <nil>}": {"Key":"from","Type":15,"Integer":0,"String":"a","Interface":null}}
2025-08-15T22:13:25.685-0500	DEBUG	protocol/handler.go:1591	have processed broadcast	{"{round 20 3  <nil>}": {"Key":"from","Type":15,"Integer":0,"String":"c","Interface":null}}
2025-08-15T22:13:25.686-0500	DEBUG	protocol/handler.go:1649	have all messages and processed	{"{round 20 3  <nil>}": {"Key":"self","Type":15,"Integer":0,"String":"b","Interface":null}}
2025-08-15T22:13:25.686-0500	DEBUG	protocol/handler.go:596	round already finalized
2025-08-15T22:13:25.686-0500	DEBUG	protocol/handler.go:581	tryAdvanceRound called	{"{current_round 20 3  <nil>}": {"Key":"self","Type":15,"Integer":0,"String":"b","Interface":null}}
2025-08-15T22:13:25.686-0500	DEBUG	protocol/handler.go:1591	have processed broadcast	{"{round 20 3  <nil>}": {"Key":"from","Type":15,"Integer":0,"String":"a","Interface":null}}
2025-08-15T22:13:25.686-0500	DEBUG	protocol/handler.go:1591	have processed broadcast	{"{round 20 3  <nil>}": {"Key":"from","Type":15,"Integer":0,"String":"c","Interface":null}}
2025-08-15T22:13:25.686-0500	DEBUG	protocol/handler.go:1649	have all messages and processed	{"{round 20 3  <nil>}": {"Key":"self","Type":15,"Integer":0,"String":"b","Interface":null}}
2025-08-15T22:13:25.686-0500	DEBUG	protocol/handler.go:596	round already finalized
2025-08-15T22:13:25.686-0500	DEBUG	protocol/handler.go:581	tryAdvanceRound called	{"{current_round 20 3  <nil>}": {"Key":"self","Type":15,"Integer":0,"String":"c","Interface":null}}
2025-08-15T22:13:25.686-0500	DEBUG	protocol/handler.go:1591	have processed broadcast	{"{round 20 3  <nil>}": {"Key":"from","Type":15,"Integer":0,"String":"a","Interface":null}}
2025-08-15T22:13:25.686-0500	DEBUG	protocol/handler.go:1591	have processed broadcast	{"{round 20 3  <nil>}": {"Key":"from","Type":15,"Integer":0,"String":"b","Interface":null}}
2025-08-15T22:13:25.686-0500	DEBUG	protocol/handler.go:1649	have all messages and processed	{"{round 20 3  <nil>}": {"Key":"self","Type":15,"Integer":0,"String":"c","Interface":null}}
2025-08-15T22:13:25.686-0500	DEBUG	protocol/handler.go:596	round already finalized
2025-08-15T22:13:25.728-0500	DEBUG	protocol/handler.go:581	tryAdvanceRound called	{"{current_round 20 3  <nil>}": {"Key":"self","Type":15,"Integer":0,"String":"c","Interface":null}}
2025-08-15T22:13:25.729-0500	DEBUG	protocol/handler.go:1591	have processed broadcast	{"{round 20 3  <nil>}": {"Key":"from","Type":15,"Integer":0,"String":"a","Interface":null}}
2025-08-15T22:13:25.729-0500	DEBUG	protocol/handler.go:1591	have processed broadcast	{"{round 20 3  <nil>}": {"Key":"from","Type":15,"Integer":0,"String":"b","Interface":null}}
2025-08-15T22:13:25.729-0500	DEBUG	protocol/handler.go:1649	have all messages and processed	{"{round 20 3  <nil>}": {"Key":"self","Type":15,"Integer":0,"String":"c","Interface":null}}
2025-08-15T22:13:25.729-0500	DEBUG	protocol/handler.go:596	round already finalized
2025-08-15T22:13:25.729-0500	DEBUG	protocol/handler.go:581	tryAdvanceRound called	{"{current_round 20 3  <nil>}": {"Key":"self","Type":15,"Integer":0,"String":"c","Interface":null}}
2025-08-15T22:13:25.734-0500	DEBUG	protocol/handler.go:1591	have processed broadcast	{"{round 20 3  <nil>}": {"Key":"from","Type":15,"Integer":0,"String":"a","Interface":null}}
2025-08-15T22:13:25.734-0500	DEBUG	protocol/handler.go:1591	have processed broadcast	{"{round 20 3  <nil>}": {"Key":"from","Type":15,"Integer":0,"String":"b","Interface":null}}
2025-08-15T22:13:25.741-0500	DEBUG	protocol/handler.go:1649	have all messages and processed	{"{round 20 3  <nil>}": {"Key":"self","Type":15,"Integer":0,"String":"c","Interface":null}}
2025-08-15T22:13:25.747-0500	DEBUG	protocol/handler.go:596	round already finalized
2025-08-15T22:13:25.747-0500	DEBUG	protocol/handler.go:581	tryAdvanceRound called	{"{current_round 20 3  <nil>}": {"Key":"self","Type":15,"Integer":0,"String":"c","Interface":null}}
2025-08-15T22:13:25.747-0500	DEBUG	protocol/handler.go:1591	have processed broadcast	{"{round 20 3  <nil>}": {"Key":"from","Type":15,"Integer":0,"String":"a","Interface":null}}
2025-08-15T22:13:25.747-0500	DEBUG	protocol/handler.go:1591	have processed broadcast	{"{round 20 3  <nil>}": {"Key":"from","Type":15,"Integer":0,"String":"b","Interface":null}}
2025-08-15T22:13:25.747-0500	DEBUG	protocol/handler.go:1649	have all messages and processed	{"{round 20 3  <nil>}": {"Key":"self","Type":15,"Integer":0,"String":"c","Interface":null}}
2025-08-15T22:13:25.747-0500	DEBUG	protocol/handler.go:596	round already finalized
2025-08-15T22:13:25.747-0500	DEBUG	protocol/handler.go:581	tryAdvanceRound called	{"{current_round 20 3  <nil>}": {"Key":"self","Type":15,"Integer":0,"String":"b","Interface":null}}
2025-08-15T22:13:25.747-0500	DEBUG	protocol/handler.go:1591	have processed broadcast	{"{round 20 3  <nil>}": {"Key":"from","Type":15,"Integer":0,"String":"a","Interface":null}}
2025-08-15T22:13:25.747-0500	DEBUG	protocol/handler.go:1591	have processed broadcast	{"{round 20 3  <nil>}": {"Key":"from","Type":15,"Integer":0,"String":"c","Interface":null}}
2025-08-15T22:13:25.747-0500	DEBUG	protocol/handler.go:1649	have all messages and processed	{"{round 20 3  <nil>}": {"Key":"self","Type":15,"Integer":0,"String":"b","Interface":null}}
2025-08-15T22:13:25.747-0500	DEBUG	protocol/handler.go:596	round already finalized
2025-08-15T22:13:25.747-0500	DEBUG	protocol/handler.go:581	tryAdvanceRound called	{"{current_round 20 3  <nil>}": {"Key":"self","Type":15,"Integer":0,"String":"b","Interface":null}}
2025-08-15T22:13:25.747-0500	DEBUG	protocol/handler.go:1591	have processed broadcast	{"{round 20 3  <nil>}": {"Key":"from","Type":15,"Integer":0,"String":"a","Interface":null}}
2025-08-15T22:13:25.747-0500	DEBUG	protocol/handler.go:1591	have processed broadcast	{"{round 20 3  <nil>}": {"Key":"from","Type":15,"Integer":0,"String":"c","Interface":null}}
2025-08-15T22:13:25.748-0500	DEBUG	protocol/handler.go:1649	have all messages and processed	{"{round 20 3  <nil>}": {"Key":"self","Type":15,"Integer":0,"String":"b","Interface":null}}
2025-08-15T22:13:25.748-0500	DEBUG	protocol/handler.go:596	round already finalized
2025-08-15T22:13:25.676-0500	DEBUG	protocol/handler.go:1591	have processed broadcast	{"{round 20 3  <nil>}": {"Key":"from","Type":15,"Integer":0,"String":"b","Interface":null}}
2025-08-15T22:13:25.761-0500	DEBUG	protocol/handler.go:1591	have processed broadcast	{"{round 20 3  <nil>}": {"Key":"from","Type":15,"Integer":0,"String":"c","Interface":null}}
2025-08-15T22:13:25.767-0500	DEBUG	protocol/handler.go:1649	have all messages and processed	{"{round 20 3  <nil>}": {"Key":"self","Type":15,"Integer":0,"String":"a","Interface":null}}
2025-08-15T22:13:25.767-0500	DEBUG	protocol/handler.go:596	round already finalized
2025-08-15T22:13:25.767-0500	DEBUG	protocol/handler.go:581	tryAdvanceRound called	{"{current_round 20 3  <nil>}": {"Key":"self","Type":15,"Integer":0,"String":"a","Interface":null}}
2025-08-15T22:13:25.767-0500	DEBUG	protocol/handler.go:1591	have processed broadcast	{"{round 20 3  <nil>}": {"Key":"from","Type":15,"Integer":0,"String":"b","Interface":null}}
2025-08-15T22:13:25.767-0500	DEBUG	protocol/handler.go:1591	have processed broadcast	{"{round 20 3  <nil>}": {"Key":"from","Type":15,"Integer":0,"String":"c","Interface":null}}
2025-08-15T22:13:25.774-0500	DEBUG	protocol/handler.go:1649	have all messages and processed	{"{round 20 3  <nil>}": {"Key":"self","Type":15,"Integer":0,"String":"a","Interface":null}}
2025-08-15T22:13:25.796-0500	DEBUG	protocol/handler.go:581	tryAdvanceRound called	{"{current_round 20 3  <nil>}": {"Key":"self","Type":15,"Integer":0,"String":"b","Interface":null}}
2025-08-15T22:13:25.796-0500	DEBUG	protocol/handler.go:1591	have processed broadcast	{"{round 20 3  <nil>}": {"Key":"from","Type":15,"Integer":0,"String":"a","Interface":null}}
2025-08-15T22:13:25.796-0500	DEBUG	protocol/handler.go:1591	have processed broadcast	{"{round 20 3  <nil>}": {"Key":"from","Type":15,"Integer":0,"String":"c","Interface":null}}
2025-08-15T22:13:25.796-0500	DEBUG	protocol/handler.go:1649	have all messages and processed	{"{round 20 3  <nil>}": {"Key":"self","Type":15,"Integer":0,"String":"b","Interface":null}}
2025-08-15T22:13:25.796-0500	DEBUG	protocol/handler.go:596	round already finalized
2025-08-15T22:13:25.796-0500	DEBUG	protocol/handler.go:581	tryAdvanceRound called	{"{current_round 20 3  <nil>}": {"Key":"self","Type":15,"Integer":0,"String":"b","Interface":null}}
2025-08-15T22:13:25.796-0500	DEBUG	protocol/handler.go:1591	have processed broadcast	{"{round 20 3  <nil>}": {"Key":"from","Type":15,"Integer":0,"String":"a","Interface":null}}
2025-08-15T22:13:25.796-0500	DEBUG	protocol/handler.go:1591	have processed broadcast	{"{round 20 3  <nil>}": {"Key":"from","Type":15,"Integer":0,"String":"c","Interface":null}}
2025-08-15T22:13:25.796-0500	DEBUG	protocol/handler.go:1649	have all messages and processed	{"{round 20 3  <nil>}": {"Key":"self","Type":15,"Integer":0,"String":"b","Interface":null}}
2025-08-15T22:13:25.796-0500	DEBUG	protocol/handler.go:596	round already finalized
2025-08-15T22:13:25.796-0500	DEBUG	protocol/handler.go:581	tryAdvanceRound called	{"{current_round 20 3  <nil>}": {"Key":"self","Type":15,"Integer":0,"String":"c","Interface":null}}
2025-08-15T22:13:25.796-0500	DEBUG	protocol/handler.go:1591	have processed broadcast	{"{round 20 3  <nil>}": {"Key":"from","Type":15,"Integer":0,"String":"a","Interface":null}}
2025-08-15T22:13:25.796-0500	DEBUG	protocol/handler.go:1591	have processed broadcast	{"{round 20 3  <nil>}": {"Key":"from","Type":15,"Integer":0,"String":"b","Interface":null}}
2025-08-15T22:13:25.797-0500	DEBUG	protocol/handler.go:1649	have all messages and processed	{"{round 20 3  <nil>}": {"Key":"self","Type":15,"Integer":0,"String":"c","Interface":null}}
2025-08-15T22:13:25.797-0500	DEBUG	protocol/handler.go:596	round already finalized
2025-08-15T22:13:25.797-0500	DEBUG	protocol/handler.go:581	tryAdvanceRound called	{"{current_round 20 3  <nil>}": {"Key":"self","Type":15,"Integer":0,"String":"c","Interface":null}}
2025-08-15T22:13:25.806-0500	DEBUG	protocol/handler.go:1591	have processed broadcast	{"{round 20 3  <nil>}": {"Key":"from","Type":15,"Integer":0,"String":"a","Interface":null}}
2025-08-15T22:13:25.810-0500	DEBUG	protocol/handler.go:1591	have processed broadcast	{"{round 20 3  <nil>}": {"Key":"from","Type":15,"Integer":0,"String":"b","Interface":null}}
2025-08-15T22:13:25.810-0500	DEBUG	protocol/handler.go:1649	have all messages and processed	{"{round 20 3  <nil>}": {"Key":"self","Type":15,"Integer":0,"String":"c","Interface":null}}
2025-08-15T22:13:25.810-0500	DEBUG	protocol/handler.go:596	round already finalized
2025-08-15T22:13:25.810-0500	DEBUG	protocol/handler.go:581	tryAdvanceRound called	{"{current_round 20 3  <nil>}": {"Key":"self","Type":15,"Integer":0,"String":"c","Interface":null}}
2025-08-15T22:13:25.810-0500	DEBUG	protocol/handler.go:1591	have processed broadcast	{"{round 20 3  <nil>}": {"Key":"from","Type":15,"Integer":0,"String":"a","Interface":null}}
2025-08-15T22:13:25.810-0500	DEBUG	protocol/handler.go:1591	have processed broadcast	{"{round 20 3  <nil>}": {"Key":"from","Type":15,"Integer":0,"String":"b","Interface":null}}
2025-08-15T22:13:25.810-0500	DEBUG	protocol/handler.go:1649	have all messages and processed	{"{round 20 3  <nil>}": {"Key":"self","Type":15,"Integer":0,"String":"c","Interface":null}}
2025-08-15T22:13:25.810-0500	DEBUG	protocol/handler.go:596	round already finalized
2025-08-15T22:13:25.810-0500	DEBUG	protocol/handler.go:581	tryAdvanceRound called	{"{current_round 20 3  <nil>}": {"Key":"self","Type":15,"Integer":0,"String":"b","Interface":null}}
2025-08-15T22:13:25.810-0500	DEBUG	protocol/handler.go:1591	have processed broadcast	{"{round 20 3  <nil>}": {"Key":"from","Type":15,"Integer":0,"String":"a","Interface":null}}
2025-08-15T22:13:25.810-0500	DEBUG	protocol/handler.go:1591	have processed broadcast	{"{round 20 3  <nil>}": {"Key":"from","Type":15,"Integer":0,"String":"c","Interface":null}}
2025-08-15T22:13:25.810-0500	DEBUG	protocol/handler.go:1649	have all messages and processed	{"{round 20 3  <nil>}": {"Key":"self","Type":15,"Integer":0,"String":"b","Interface":null}}
2025-08-15T22:13:25.810-0500	DEBUG	protocol/handler.go:596	round already finalized
2025-08-15T22:13:25.810-0500	DEBUG	protocol/handler.go:581	tryAdvanceRound called	{"{current_round 20 3  <nil>}": {"Key":"self","Type":15,"Integer":0,"String":"b","Interface":null}}
2025-08-15T22:13:25.810-0500	DEBUG	protocol/handler.go:1591	have processed broadcast	{"{round 20 3  <nil>}": {"Key":"from","Type":15,"Integer":0,"String":"a","Interface":null}}
2025-08-15T22:13:25.810-0500	DEBUG	protocol/handler.go:1591	have processed broadcast	{"{round 20 3  <nil>}": {"Key":"from","Type":15,"Integer":0,"String":"c","Interface":null}}
2025-08-15T22:13:25.810-0500	DEBUG	protocol/handler.go:1649	have all messages and processed	{"{round 20 3  <nil>}": {"Key":"self","Type":15,"Integer":0,"String":"b","Interface":null}}
2025-08-15T22:13:25.811-0500	DEBUG	protocol/handler.go:596	round already finalized
2025-08-15T22:13:25.824-0500	DEBUG	protocol/handler.go:581	tryAdvanceRound called	{"{current_round 20 3  <nil>}": {"Key":"self","Type":15,"Integer":0,"String":"b","Interface":null}}
2025-08-15T22:13:25.824-0500	DEBUG	protocol/handler.go:1591	have processed broadcast	{"{round 20 3  <nil>}": {"Key":"from","Type":15,"Integer":0,"String":"a","Interface":null}}
2025-08-15T22:13:25.829-0500	DEBUG	protocol/handler.go:1591	have processed broadcast	{"{round 20 3  <nil>}": {"Key":"from","Type":15,"Integer":0,"String":"c","Interface":null}}
2025-08-15T22:13:25.829-0500	DEBUG	protocol/handler.go:1649	have all messages and processed	{"{round 20 3  <nil>}": {"Key":"self","Type":15,"Integer":0,"String":"b","Interface":null}}
2025-08-15T22:13:25.829-0500	DEBUG	protocol/handler.go:596	round already finalized
2025-08-15T22:13:25.846-0500	DEBUG	protocol/handler.go:581	tryAdvanceRound called	{"{current_round 20 3  <nil>}": {"Key":"self","Type":15,"Integer":0,"String":"c","Interface":null}}
2025-08-15T22:13:25.846-0500	DEBUG	protocol/handler.go:1591	have processed broadcast	{"{round 20 3  <nil>}": {"Key":"from","Type":15,"Integer":0,"String":"a","Interface":null}}
2025-08-15T22:13:25.846-0500	DEBUG	protocol/handler.go:1591	have processed broadcast	{"{round 20 3  <nil>}": {"Key":"from","Type":15,"Integer":0,"String":"b","Interface":null}}
2025-08-15T22:13:25.846-0500	DEBUG	protocol/handler.go:1649	have all messages and processed	{"{round 20 3  <nil>}": {"Key":"self","Type":15,"Integer":0,"String":"c","Interface":null}}
2025-08-15T22:13:25.846-0500	DEBUG	protocol/handler.go:596	round already finalized
2025-08-15T22:13:25.846-0500	DEBUG	protocol/handler.go:581	tryAdvanceRound called	{"{current_round 20 3  <nil>}": {"Key":"self","Type":15,"Integer":0,"String":"c","Interface":null}}
2025-08-15T22:13:25.846-0500	DEBUG	protocol/handler.go:1591	have processed broadcast	{"{round 20 3  <nil>}": {"Key":"from","Type":15,"Integer":0,"String":"a","Interface":null}}
2025-08-15T22:13:25.846-0500	DEBUG	protocol/handler.go:1591	have processed broadcast	{"{round 20 3  <nil>}": {"Key":"from","Type":15,"Integer":0,"String":"b","Interface":null}}
2025-08-15T22:13:25.846-0500	DEBUG	protocol/handler.go:1649	have all messages and processed	{"{round 20 3  <nil>}": {"Key":"self","Type":15,"Integer":0,"String":"c","Interface":null}}
2025-08-15T22:13:25.846-0500	DEBUG	protocol/handler.go:596	round already finalized
2025-08-15T22:13:25.774-0500	DEBUG	protocol/handler.go:596	round already finalized
2025-08-15T22:13:25.846-0500	DEBUG	protocol/handler.go:581	tryAdvanceRound called	{"{current_round 20 3  <nil>}": {"Key":"self","Type":15,"Integer":0,"String":"a","Interface":null}}
2025-08-15T22:13:25.846-0500	DEBUG	protocol/handler.go:1591	have processed broadcast	{"{round 20 3  <nil>}": {"Key":"from","Type":15,"Integer":0,"String":"b","Interface":null}}
2025-08-15T22:13:25.846-0500	DEBUG	protocol/handler.go:1591	have processed broadcast	{"{round 20 3  <nil>}": {"Key":"from","Type":15,"Integer":0,"String":"c","Interface":null}}
2025-08-15T22:13:25.846-0500	DEBUG	protocol/handler.go:1649	have all messages and processed	{"{round 20 3  <nil>}": {"Key":"self","Type":15,"Integer":0,"String":"a","Interface":null}}
2025-08-15T22:13:25.846-0500	DEBUG	protocol/handler.go:596	round already finalized
2025-08-15T22:13:25.846-0500	DEBUG	protocol/handler.go:581	tryAdvanceRound called	{"{current_round 20 3  <nil>}": {"Key":"self","Type":15,"Integer":0,"String":"b","Interface":null}}
2025-08-15T22:13:25.846-0500	DEBUG	protocol/handler.go:1591	have processed broadcast	{"{round 20 3  <nil>}": {"Key":"from","Type":15,"Integer":0,"String":"a","Interface":null}}
2025-08-15T22:13:25.846-0500	DEBUG	protocol/handler.go:1591	have processed broadcast	{"{round 20 3  <nil>}": {"Key":"from","Type":15,"Integer":0,"String":"c","Interface":null}}
2025-08-15T22:13:25.846-0500	DEBUG	protocol/handler.go:1649	have all messages and processed	{"{round 20 3  <nil>}": {"Key":"self","Type":15,"Integer":0,"String":"b","Interface":null}}
2025-08-15T22:13:25.847-0500	DEBUG	protocol/handler.go:596	round already finalized
2025-08-15T22:13:25.896-0500	DEBUG	protocol/handler.go:581	tryAdvanceRound called	{"{current_round 20 3  <nil>}": {"Key":"self","Type":15,"Integer":0,"String":"b","Interface":null}}
2025-08-15T22:13:25.898-0500	DEBUG	protocol/handler.go:1591	have processed broadcast	{"{round 20 3  <nil>}": {"Key":"from","Type":15,"Integer":0,"String":"a","Interface":null}}
2025-08-15T22:13:25.899-0500	DEBUG	protocol/handler.go:1591	have processed broadcast	{"{round 20 3  <nil>}": {"Key":"from","Type":15,"Integer":0,"String":"c","Interface":null}}
2025-08-15T22:13:25.899-0500	DEBUG	protocol/handler.go:1649	have all messages and processed	{"{round 20 3  <nil>}": {"Key":"self","Type":15,"Integer":0,"String":"b","Interface":null}}
2025-08-15T22:13:25.907-0500	DEBUG	protocol/handler.go:596	round already finalized
2025-08-15T22:13:25.907-0500	DEBUG	protocol/handler.go:581	tryAdvanceRound called	{"{current_round 20 3  <nil>}": {"Key":"self","Type":15,"Integer":0,"String":"b","Interface":null}}
2025-08-15T22:13:25.912-0500	DEBUG	protocol/handler.go:1591	have processed broadcast	{"{round 20 3  <nil>}": {"Key":"from","Type":15,"Integer":0,"String":"a","Interface":null}}
2025-08-15T22:13:25.912-0500	DEBUG	protocol/handler.go:1591	have processed broadcast	{"{round 20 3  <nil>}": {"Key":"from","Type":15,"Integer":0,"String":"c","Interface":null}}
2025-08-15T22:13:25.912-0500	DEBUG	protocol/handler.go:1649	have all messages and processed	{"{round 20 3  <nil>}": {"Key":"self","Type":15,"Integer":0,"String":"b","Interface":null}}
2025-08-15T22:13:25.912-0500	DEBUG	protocol/handler.go:596	round already finalized
2025-08-15T22:13:25.912-0500	DEBUG	protocol/handler.go:581	tryAdvanceRound called	{"{current_round 20 3  <nil>}": {"Key":"self","Type":15,"Integer":0,"String":"c","Interface":null}}
2025-08-15T22:13:25.912-0500	DEBUG	protocol/handler.go:1591	have processed broadcast	{"{round 20 3  <nil>}": {"Key":"from","Type":15,"Integer":0,"String":"a","Interface":null}}
2025-08-15T22:13:25.912-0500	DEBUG	protocol/handler.go:1591	have processed broadcast	{"{round 20 3  <nil>}": {"Key":"from","Type":15,"Integer":0,"String":"b","Interface":null}}
2025-08-15T22:13:25.912-0500	DEBUG	protocol/handler.go:1649	have all messages and processed	{"{round 20 3  <nil>}": {"Key":"self","Type":15,"Integer":0,"String":"c","Interface":null}}
2025-08-15T22:13:25.912-0500	DEBUG	protocol/handler.go:596	round already finalized
2025-08-15T22:13:25.912-0500	DEBUG	protocol/handler.go:581	tryAdvanceRound called	{"{current_round 20 3  <nil>}": {"Key":"self","Type":15,"Integer":0,"String":"c","Interface":null}}
2025-08-15T22:13:25.912-0500	DEBUG	protocol/handler.go:1591	have processed broadcast	{"{round 20 3  <nil>}": {"Key":"from","Type":15,"Integer":0,"String":"a","Interface":null}}
2025-08-15T22:13:25.913-0500	DEBUG	protocol/handler.go:1591	have processed broadcast	{"{round 20 3  <nil>}": {"Key":"from","Type":15,"Integer":0,"String":"b","Interface":null}}
2025-08-15T22:13:25.913-0500	DEBUG	protocol/handler.go:1649	have all messages and processed	{"{round 20 3  <nil>}": {"Key":"self","Type":15,"Integer":0,"String":"c","Interface":null}}
2025-08-15T22:13:25.913-0500	DEBUG	protocol/handler.go:596	round already finalized
2025-08-15T22:13:25.913-0500	DEBUG	protocol/handler.go:581	tryAdvanceRound called	{"{current_round 20 3  <nil>}": {"Key":"self","Type":15,"Integer":0,"String":"a","Interface":null}}
2025-08-15T22:13:25.913-0500	DEBUG	protocol/handler.go:1591	have processed broadcast	{"{round 20 3  <nil>}": {"Key":"from","Type":15,"Integer":0,"String":"b","Interface":null}}
2025-08-15T22:13:25.913-0500	DEBUG	protocol/handler.go:1591	have processed broadcast	{"{round 20 3  <nil>}": {"Key":"from","Type":15,"Integer":0,"String":"c","Interface":null}}
2025-08-15T22:13:25.913-0500	DEBUG	protocol/handler.go:1649	have all messages and processed	{"{round 20 3  <nil>}": {"Key":"self","Type":15,"Integer":0,"String":"a","Interface":null}}
2025-08-15T22:13:25.913-0500	DEBUG	protocol/handler.go:596	round already finalized
2025-08-15T22:13:25.913-0500	DEBUG	protocol/handler.go:581	tryAdvanceRound called	{"{current_round 20 3  <nil>}": {"Key":"self","Type":15,"Integer":0,"String":"a","Interface":null}}
2025-08-15T22:13:25.913-0500	DEBUG	protocol/handler.go:1591	have processed broadcast	{"{round 20 3  <nil>}": {"Key":"from","Type":15,"Integer":0,"String":"b","Interface":null}}
2025-08-15T22:13:25.913-0500	DEBUG	protocol/handler.go:1591	have processed broadcast	{"{round 20 3  <nil>}": {"Key":"from","Type":15,"Integer":0,"String":"c","Interface":null}}
2025-08-15T22:13:25.913-0500	DEBUG	protocol/handler.go:1649	have all messages and processed	{"{round 20 3  <nil>}": {"Key":"self","Type":15,"Integer":0,"String":"a","Interface":null}}
2025-08-15T22:13:25.913-0500	DEBUG	protocol/handler.go:596	round already finalized
2025-08-15T22:13:25.913-0500	DEBUG	protocol/handler.go:581	tryAdvanceRound called	{"{current_round 20 3  <nil>}": {"Key":"self","Type":15,"Integer":0,"String":"b","Interface":null}}
2025-08-15T22:13:25.913-0500	DEBUG	protocol/handler.go:1591	have processed broadcast	{"{round 20 3  <nil>}": {"Key":"from","Type":15,"Integer":0,"String":"a","Interface":null}}
2025-08-15T22:13:25.913-0500	DEBUG	protocol/handler.go:1591	have processed broadcast	{"{round 20 3  <nil>}": {"Key":"from","Type":15,"Integer":0,"String":"c","Interface":null}}
2025-08-15T22:13:25.913-0500	DEBUG	protocol/handler.go:1649	have all messages and processed	{"{round 20 3  <nil>}": {"Key":"self","Type":15,"Integer":0,"String":"b","Interface":null}}
2025-08-15T22:13:25.913-0500	DEBUG	protocol/handler.go:596	round already finalized
2025-08-15T22:13:25.954-0500	DEBUG	protocol/handler.go:581	tryAdvanceRound called	{"{current_round 20 3  <nil>}": {"Key":"self","Type":15,"Integer":0,"String":"b","Interface":null}}
2025-08-15T22:13:25.956-0500	DEBUG	protocol/handler.go:1591	have processed broadcast	{"{round 20 3  <nil>}": {"Key":"from","Type":15,"Integer":0,"String":"a","Interface":null}}
2025-08-15T22:13:25.956-0500	DEBUG	protocol/handler.go:1591	have processed broadcast	{"{round 20 3  <nil>}": {"Key":"from","Type":15,"Integer":0,"String":"c","Interface":null}}
2025-08-15T22:13:25.958-0500	DEBUG	protocol/handler.go:1649	have all messages and processed	{"{round 20 3  <nil>}": {"Key":"self","Type":15,"Integer":0,"String":"b","Interface":null}}
2025-08-15T22:13:25.961-0500	DEBUG	protocol/handler.go:596	round already finalized
2025-08-15T22:13:25.961-0500	DEBUG	protocol/handler.go:581	tryAdvanceRound called	{"{current_round 20 3  <nil>}": {"Key":"self","Type":15,"Integer":0,"String":"b","Interface":null}}
2025-08-15T22:13:25.961-0500	DEBUG	protocol/handler.go:1591	have processed broadcast	{"{round 20 3  <nil>}": {"Key":"from","Type":15,"Integer":0,"String":"a","Interface":null}}
2025-08-15T22:13:25.961-0500	DEBUG	protocol/handler.go:1591	have processed broadcast	{"{round 20 3  <nil>}": {"Key":"from","Type":15,"Integer":0,"String":"c","Interface":null}}
2025-08-15T22:13:25.961-0500	DEBUG	protocol/handler.go:1649	have all messages and processed	{"{round 20 3  <nil>}": {"Key":"self","Type":15,"Integer":0,"String":"b","Interface":null}}
2025-08-15T22:13:25.961-0500	DEBUG	protocol/handler.go:596	round already finalized
2025-08-15T22:13:25.961-0500	DEBUG	protocol/handler.go:581	tryAdvanceRound called	{"{current_round 20 3  <nil>}": {"Key":"self","Type":15,"Integer":0,"String":"a","Interface":null}}
2025-08-15T22:13:25.961-0500	DEBUG	protocol/handler.go:1591	have processed broadcast	{"{round 20 3  <nil>}": {"Key":"from","Type":15,"Integer":0,"String":"b","Interface":null}}
2025-08-15T22:13:25.961-0500	DEBUG	protocol/handler.go:1591	have processed broadcast	{"{round 20 3  <nil>}": {"Key":"from","Type":15,"Integer":0,"String":"c","Interface":null}}
2025-08-15T22:13:25.961-0500	DEBUG	protocol/handler.go:1649	have all messages and processed	{"{round 20 3  <nil>}": {"Key":"self","Type":15,"Integer":0,"String":"a","Interface":null}}
2025-08-15T22:13:25.961-0500	DEBUG	protocol/handler.go:596	round already finalized
2025-08-15T22:13:25.961-0500	DEBUG	protocol/handler.go:581	tryAdvanceRound called	{"{current_round 20 3  <nil>}": {"Key":"self","Type":15,"Integer":0,"String":"a","Interface":null}}
2025-08-15T22:13:25.961-0500	DEBUG	protocol/handler.go:1591	have processed broadcast	{"{round 20 3  <nil>}": {"Key":"from","Type":15,"Integer":0,"String":"b","Interface":null}}
2025-08-15T22:13:25.961-0500	DEBUG	protocol/handler.go:1591	have processed broadcast	{"{round 20 3  <nil>}": {"Key":"from","Type":15,"Integer":0,"String":"c","Interface":null}}
2025-08-15T22:13:25.964-0500	DEBUG	protocol/handler.go:1649	have all messages and processed	{"{round 20 3  <nil>}": {"Key":"self","Type":15,"Integer":0,"String":"a","Interface":null}}
2025-08-15T22:13:25.964-0500	DEBUG	protocol/handler.go:596	round already finalized
2025-08-15T22:13:25.966-0500	DEBUG	protocol/handler.go:581	tryAdvanceRound called	{"{current_round 20 3  <nil>}": {"Key":"self","Type":15,"Integer":0,"String":"a","Interface":null}}
2025-08-15T22:13:25.970-0500	DEBUG	protocol/handler.go:1591	have processed broadcast	{"{round 20 3  <nil>}": {"Key":"from","Type":15,"Integer":0,"String":"b","Interface":null}}
2025-08-15T22:13:25.970-0500	DEBUG	protocol/handler.go:1591	have processed broadcast	{"{round 20 3  <nil>}": {"Key":"from","Type":15,"Integer":0,"String":"c","Interface":null}}
2025-08-15T22:13:25.970-0500	DEBUG	protocol/handler.go:1649	have all messages and processed	{"{round 20 3  <nil>}": {"Key":"self","Type":15,"Integer":0,"String":"a","Interface":null}}
2025-08-15T22:13:25.970-0500	DEBUG	protocol/handler.go:596	round already finalized
2025-08-15T22:13:25.970-0500	DEBUG	protocol/handler.go:581	tryAdvanceRound called	{"{current_round 20 3  <nil>}": {"Key":"self","Type":15,"Integer":0,"String":"c","Interface":null}}
2025-08-15T22:13:25.970-0500	DEBUG	protocol/handler.go:1591	have processed broadcast	{"{round 20 3  <nil>}": {"Key":"from","Type":15,"Integer":0,"String":"a","Interface":null}}
2025-08-15T22:13:25.970-0500	DEBUG	protocol/handler.go:1591	have processed broadcast	{"{round 20 3  <nil>}": {"Key":"from","Type":15,"Integer":0,"String":"b","Interface":null}}
2025-08-15T22:13:25.970-0500	DEBUG	protocol/handler.go:1649	have all messages and processed	{"{round 20 3  <nil>}": {"Key":"self","Type":15,"Integer":0,"String":"c","Interface":null}}
2025-08-15T22:13:25.974-0500	DEBUG	protocol/handler.go:596	round already finalized
2025-08-15T22:13:25.974-0500	DEBUG	protocol/handler.go:581	tryAdvanceRound called	{"{current_round 20 3  <nil>}": {"Key":"self","Type":15,"Integer":0,"String":"c","Interface":null}}
2025-08-15T22:13:25.974-0500	DEBUG	protocol/handler.go:1591	have processed broadcast	{"{round 20 3  <nil>}": {"Key":"from","Type":15,"Integer":0,"String":"a","Interface":null}}
2025-08-15T22:13:25.978-0500	DEBUG	protocol/handler.go:1591	have processed broadcast	{"{round 20 3  <nil>}": {"Key":"from","Type":15,"Integer":0,"String":"b","Interface":null}}
2025-08-15T22:13:25.978-0500	DEBUG	protocol/handler.go:1649	have all messages and processed	{"{round 20 3  <nil>}": {"Key":"self","Type":15,"Integer":0,"String":"c","Interface":null}}
2025-08-15T22:13:25.979-0500	DEBUG	protocol/handler.go:596	round already finalized
2025-08-15T22:13:25.979-0500	DEBUG	protocol/handler.go:581	tryAdvanceRound called	{"{current_round 20 3  <nil>}": {"Key":"self","Type":15,"Integer":0,"String":"a","Interface":null}}
2025-08-15T22:13:25.979-0500	DEBUG	protocol/handler.go:1591	have processed broadcast	{"{round 20 3  <nil>}": {"Key":"from","Type":15,"Integer":0,"String":"b","Interface":null}}
2025-08-15T22:13:25.979-0500	DEBUG	protocol/handler.go:1591	have processed broadcast	{"{round 20 3  <nil>}": {"Key":"from","Type":15,"Integer":0,"String":"c","Interface":null}}
2025-08-15T22:13:25.979-0500	DEBUG	protocol/handler.go:1649	have all messages and processed	{"{round 20 3  <nil>}": {"Key":"self","Type":15,"Integer":0,"String":"a","Interface":null}}
2025-08-15T22:13:25.979-0500	DEBUG	protocol/handler.go:596	round already finalized
2025-08-15T22:13:25.979-0500	DEBUG	protocol/handler.go:581	tryAdvanceRound called	{"{current_round 20 3  <nil>}": {"Key":"self","Type":15,"Integer":0,"String":"b","Interface":null}}
2025-08-15T22:13:25.979-0500	DEBUG	protocol/handler.go:1591	have processed broadcast	{"{round 20 3  <nil>}": {"Key":"from","Type":15,"Integer":0,"String":"a","Interface":null}}
2025-08-15T22:13:25.984-0500	DEBUG	protocol/handler.go:1591	have processed broadcast	{"{round 20 3  <nil>}": {"Key":"from","Type":15,"Integer":0,"String":"c","Interface":null}}
2025-08-15T22:13:25.984-0500	DEBUG	protocol/handler.go:1649	have all messages and processed	{"{round 20 3  <nil>}": {"Key":"self","Type":15,"Integer":0,"String":"b","Interface":null}}
2025-08-15T22:13:25.984-0500	DEBUG	protocol/handler.go:596	round already finalized
2025-08-15T22:13:25.984-0500	DEBUG	protocol/handler.go:581	tryAdvanceRound called	{"{current_round 20 3  <nil>}": {"Key":"self","Type":15,"Integer":0,"String":"b","Interface":null}}
2025-08-15T22:13:25.984-0500	DEBUG	protocol/handler.go:1591	have processed broadcast	{"{round 20 3  <nil>}": {"Key":"from","Type":15,"Integer":0,"String":"a","Interface":null}}
2025-08-15T22:13:25.984-0500	DEBUG	protocol/handler.go:1591	have processed broadcast	{"{round 20 3  <nil>}": {"Key":"from","Type":15,"Integer":0,"String":"c","Interface":null}}
2025-08-15T22:13:25.984-0500	DEBUG	protocol/handler.go:1649	have all messages and processed	{"{round 20 3  <nil>}": {"Key":"self","Type":15,"Integer":0,"String":"b","Interface":null}}
2025-08-15T22:13:25.984-0500	DEBUG	protocol/handler.go:596	round already finalized
2025-08-15T22:13:25.985-0500	DEBUG	protocol/handler.go:581	tryAdvanceRound called	{"{current_round 20 3  <nil>}": {"Key":"self","Type":15,"Integer":0,"String":"c","Interface":null}}
2025-08-15T22:13:25.989-0500	DEBUG	protocol/handler.go:1591	have processed broadcast	{"{round 20 3  <nil>}": {"Key":"from","Type":15,"Integer":0,"String":"a","Interface":null}}
2025-08-15T22:13:25.994-0500	DEBUG	protocol/handler.go:1591	have processed broadcast	{"{round 20 3  <nil>}": {"Key":"from","Type":15,"Integer":0,"String":"b","Interface":null}}
2025-08-15T22:13:25.994-0500	DEBUG	protocol/handler.go:1649	have all messages and processed	{"{round 20 3  <nil>}": {"Key":"self","Type":15,"Integer":0,"String":"c","Interface":null}}
2025-08-15T22:13:25.998-0500	DEBUG	protocol/handler.go:596	round already finalized
2025-08-15T22:13:25.998-0500	DEBUG	protocol/handler.go:581	tryAdvanceRound called	{"{current_round 20 3  <nil>}": {"Key":"self","Type":15,"Integer":0,"String":"c","Interface":null}}
2025-08-15T22:13:25.998-0500	DEBUG	protocol/handler.go:1591	have processed broadcast	{"{round 20 3  <nil>}": {"Key":"from","Type":15,"Integer":0,"String":"a","Interface":null}}
2025-08-15T22:13:25.998-0500	DEBUG	protocol/handler.go:1591	have processed broadcast	{"{round 20 3  <nil>}": {"Key":"from","Type":15,"Integer":0,"String":"b","Interface":null}}
2025-08-15T22:13:25.998-0500	DEBUG	protocol/handler.go:1649	have all messages and processed	{"{round 20 3  <nil>}": {"Key":"self","Type":15,"Integer":0,"String":"c","Interface":null}}
2025-08-15T22:13:25.998-0500	DEBUG	protocol/handler.go:596	round already finalized
2025-08-15T22:13:25.998-0500	DEBUG	protocol/handler.go:581	tryAdvanceRound called	{"{current_round 20 3  <nil>}": {"Key":"self","Type":15,"Integer":0,"String":"a","Interface":null}}
2025-08-15T22:13:25.998-0500	DEBUG	protocol/handler.go:1591	have processed broadcast	{"{round 20 3  <nil>}": {"Key":"from","Type":15,"Integer":0,"String":"b","Interface":null}}
2025-08-15T22:13:25.998-0500	DEBUG	protocol/handler.go:1591	have processed broadcast	{"{round 20 3  <nil>}": {"Key":"from","Type":15,"Integer":0,"String":"c","Interface":null}}
2025-08-15T22:13:25.998-0500	DEBUG	protocol/handler.go:1649	have all messages and processed	{"{round 20 3  <nil>}": {"Key":"self","Type":15,"Integer":0,"String":"a","Interface":null}}
2025-08-15T22:13:25.998-0500	DEBUG	protocol/handler.go:596	round already finalized
2025-08-15T22:13:25.998-0500	DEBUG	protocol/handler.go:581	tryAdvanceRound called	{"{current_round 20 3  <nil>}": {"Key":"self","Type":15,"Integer":0,"String":"b","Interface":null}}
2025-08-15T22:13:25.998-0500	DEBUG	protocol/handler.go:1591	have processed broadcast	{"{round 20 3  <nil>}": {"Key":"from","Type":15,"Integer":0,"String":"a","Interface":null}}
2025-08-15T22:13:25.998-0500	DEBUG	protocol/handler.go:1591	have processed broadcast	{"{round 20 3  <nil>}": {"Key":"from","Type":15,"Integer":0,"String":"c","Interface":null}}
2025-08-15T22:13:25.998-0500	DEBUG	protocol/handler.go:1649	have all messages and processed	{"{round 20 3  <nil>}": {"Key":"self","Type":15,"Integer":0,"String":"b","Interface":null}}
2025-08-15T22:13:25.998-0500	DEBUG	protocol/handler.go:596	round already finalized
2025-08-15T22:13:25.998-0500	DEBUG	protocol/handler.go:581	tryAdvanceRound called	{"{current_round 20 3  <nil>}": {"Key":"self","Type":15,"Integer":0,"String":"b","Interface":null}}
2025-08-15T22:13:25.999-0500	DEBUG	protocol/handler.go:1591	have processed broadcast	{"{round 20 3  <nil>}": {"Key":"from","Type":15,"Integer":0,"String":"a","Interface":null}}
2025-08-15T22:13:25.999-0500	DEBUG	protocol/handler.go:1591	have processed broadcast	{"{round 20 3  <nil>}": {"Key":"from","Type":15,"Integer":0,"String":"c","Interface":null}}
2025-08-15T22:13:25.999-0500	DEBUG	protocol/handler.go:1649	have all messages and processed	{"{round 20 3  <nil>}": {"Key":"self","Type":15,"Integer":0,"String":"b","Interface":null}}
2025-08-15T22:13:25.999-0500	DEBUG	protocol/handler.go:596	round already finalized
2025-08-15T22:13:25.999-0500	DEBUG	protocol/handler.go:581	tryAdvanceRound called	{"{current_round 20 3  <nil>}": {"Key":"self","Type":15,"Integer":0,"String":"c","Interface":null}}
2025-08-15T22:13:25.999-0500	DEBUG	protocol/handler.go:1591	have processed broadcast	{"{round 20 3  <nil>}": {"Key":"from","Type":15,"Integer":0,"String":"a","Interface":null}}
2025-08-15T22:13:25.999-0500	DEBUG	protocol/handler.go:1591	have processed broadcast	{"{round 20 3  <nil>}": {"Key":"from","Type":15,"Integer":0,"String":"b","Interface":null}}
2025-08-15T22:13:25.999-0500	DEBUG	protocol/handler.go:1649	have all messages and processed	{"{round 20 3  <nil>}": {"Key":"self","Type":15,"Integer":0,"String":"c","Interface":null}}
2025-08-15T22:13:26.001-0500	DEBUG	protocol/handler.go:596	round already finalized
2025-08-15T22:13:26.004-0500	DEBUG	protocol/handler.go:581	tryAdvanceRound called	{"{current_round 20 3  <nil>}": {"Key":"self","Type":15,"Integer":0,"String":"b","Interface":null}}
2025-08-15T22:13:26.004-0500	DEBUG	protocol/handler.go:1591	have processed broadcast	{"{round 20 3  <nil>}": {"Key":"from","Type":15,"Integer":0,"String":"a","Interface":null}}
2025-08-15T22:13:26.004-0500	DEBUG	protocol/handler.go:1591	have processed broadcast	{"{round 20 3  <nil>}": {"Key":"from","Type":15,"Integer":0,"String":"c","Interface":null}}
2025-08-15T22:13:26.004-0500	DEBUG	protocol/handler.go:1649	have all messages and processed	{"{round 20 3  <nil>}": {"Key":"self","Type":15,"Integer":0,"String":"b","Interface":null}}
2025-08-15T22:13:26.004-0500	DEBUG	protocol/handler.go:596	round already finalized
2025-08-15T22:13:26.022-0500	DEBUG	protocol/handler.go:581	tryAdvanceRound called	{"{current_round 20 3  <nil>}": {"Key":"self","Type":15,"Integer":0,"String":"c","Interface":null}}
2025-08-15T22:13:26.022-0500	DEBUG	protocol/handler.go:1591	have processed broadcast	{"{round 20 3  <nil>}": {"Key":"from","Type":15,"Integer":0,"String":"a","Interface":null}}
2025-08-15T22:13:26.022-0500	DEBUG	protocol/handler.go:1591	have processed broadcast	{"{round 20 3  <nil>}": {"Key":"from","Type":15,"Integer":0,"String":"b","Interface":null}}
2025-08-15T22:13:26.022-0500	DEBUG	protocol/handler.go:1649	have all messages and processed	{"{round 20 3  <nil>}": {"Key":"self","Type":15,"Integer":0,"String":"c","Interface":null}}
2025-08-15T22:13:26.022-0500	DEBUG	protocol/handler.go:596	round already finalized
2025-08-15T22:13:26.022-0500	DEBUG	protocol/handler.go:581	tryAdvanceRound called	{"{current_round 20 3  <nil>}": {"Key":"self","Type":15,"Integer":0,"String":"c","Interface":null}}
2025-08-15T22:13:26.033-0500	DEBUG	protocol/handler.go:1591	have processed broadcast	{"{round 20 3  <nil>}": {"Key":"from","Type":15,"Integer":0,"String":"a","Interface":null}}
2025-08-15T22:13:26.033-0500	DEBUG	protocol/handler.go:1591	have processed broadcast	{"{round 20 3  <nil>}": {"Key":"from","Type":15,"Integer":0,"String":"b","Interface":null}}
2025-08-15T22:13:26.033-0500	DEBUG	protocol/handler.go:1649	have all messages and processed	{"{round 20 3  <nil>}": {"Key":"self","Type":15,"Integer":0,"String":"c","Interface":null}}
2025-08-15T22:13:26.033-0500	DEBUG	protocol/handler.go:596	round already finalized
2025-08-15T22:13:26.033-0500	DEBUG	protocol/handler.go:581	tryAdvanceRound called	{"{current_round 20 3  <nil>}": {"Key":"self","Type":15,"Integer":0,"String":"a","Interface":null}}
2025-08-15T22:13:26.033-0500	DEBUG	protocol/handler.go:1591	have processed broadcast	{"{round 20 3  <nil>}": {"Key":"from","Type":15,"Integer":0,"String":"b","Interface":null}}
2025-08-15T22:13:26.033-0500	DEBUG	protocol/handler.go:1591	have processed broadcast	{"{round 20 3  <nil>}": {"Key":"from","Type":15,"Integer":0,"String":"c","Interface":null}}
2025-08-15T22:13:26.033-0500	DEBUG	protocol/handler.go:1649	have all messages and processed	{"{round 20 3  <nil>}": {"Key":"self","Type":15,"Integer":0,"String":"a","Interface":null}}
2025-08-15T22:13:26.033-0500	DEBUG	protocol/handler.go:596	round already finalized
2025-08-15T22:13:26.033-0500	DEBUG	protocol/handler.go:581	tryAdvanceRound called	{"{current_round 20 3  <nil>}": {"Key":"self","Type":15,"Integer":0,"String":"a","Interface":null}}
2025-08-15T22:13:26.033-0500	DEBUG	protocol/handler.go:1591	have processed broadcast	{"{round 20 3  <nil>}": {"Key":"from","Type":15,"Integer":0,"String":"b","Interface":null}}
2025-08-15T22:13:26.033-0500	DEBUG	protocol/handler.go:1591	have processed broadcast	{"{round 20 3  <nil>}": {"Key":"from","Type":15,"Integer":0,"String":"c","Interface":null}}
2025-08-15T22:13:26.033-0500	DEBUG	protocol/handler.go:1649	have all messages and processed	{"{round 20 3  <nil>}": {"Key":"self","Type":15,"Integer":0,"String":"a","Interface":null}}
2025-08-15T22:13:26.033-0500	DEBUG	protocol/handler.go:596	round already finalized
2025-08-15T22:13:26.033-0500	DEBUG	protocol/handler.go:581	tryAdvanceRound called	{"{current_round 20 3  <nil>}": {"Key":"self","Type":15,"Integer":0,"String":"b","Interface":null}}
2025-08-15T22:13:26.033-0500	DEBUG	protocol/handler.go:1591	have processed broadcast	{"{round 20 3  <nil>}": {"Key":"from","Type":15,"Integer":0,"String":"a","Interface":null}}
2025-08-15T22:13:26.033-0500	DEBUG	protocol/handler.go:1591	have processed broadcast	{"{round 20 3  <nil>}": {"Key":"from","Type":15,"Integer":0,"String":"c","Interface":null}}
2025-08-15T22:13:26.033-0500	DEBUG	protocol/handler.go:1649	have all messages and processed	{"{round 20 3  <nil>}": {"Key":"self","Type":15,"Integer":0,"String":"b","Interface":null}}
2025-08-15T22:13:26.034-0500	DEBUG	protocol/handler.go:596	round already finalized
2025-08-15T22:13:26.034-0500	DEBUG	protocol/handler.go:581	tryAdvanceRound called	{"{current_round 20 3  <nil>}": {"Key":"self","Type":15,"Integer":0,"String":"b","Interface":null}}
2025-08-15T22:13:26.034-0500	DEBUG	protocol/handler.go:1591	have processed broadcast	{"{round 20 3  <nil>}": {"Key":"from","Type":15,"Integer":0,"String":"a","Interface":null}}
2025-08-15T22:13:26.034-0500	DEBUG	protocol/handler.go:1591	have processed broadcast	{"{round 20 3  <nil>}": {"Key":"from","Type":15,"Integer":0,"String":"c","Interface":null}}
2025-08-15T22:13:26.034-0500	DEBUG	protocol/handler.go:1649	have all messages and processed	{"{round 20 3  <nil>}": {"Key":"self","Type":15,"Integer":0,"String":"b","Interface":null}}
2025-08-15T22:13:26.034-0500	DEBUG	protocol/handler.go:596	round already finalized
2025-08-15T22:13:26.034-0500	DEBUG	protocol/handler.go:581	tryAdvanceRound called	{"{current_round 20 3  <nil>}": {"Key":"self","Type":15,"Integer":0,"String":"c","Interface":null}}
2025-08-15T22:13:26.034-0500	DEBUG	protocol/handler.go:1591	have processed broadcast	{"{round 20 3  <nil>}": {"Key":"from","Type":15,"Integer":0,"String":"a","Interface":null}}
2025-08-15T22:13:26.034-0500	DEBUG	protocol/handler.go:1591	have processed broadcast	{"{round 20 3  <nil>}": {"Key":"from","Type":15,"Integer":0,"String":"b","Interface":null}}
2025-08-15T22:13:26.034-0500	DEBUG	protocol/handler.go:1649	have all messages and processed	{"{round 20 3  <nil>}": {"Key":"self","Type":15,"Integer":0,"String":"c","Interface":null}}
2025-08-15T22:13:26.034-0500	DEBUG	protocol/handler.go:596	round already finalized
2025-08-15T22:13:26.058-0500	DEBUG	protocol/handler.go:581	tryAdvanceRound called	{"{current_round 20 3  <nil>}": {"Key":"self","Type":15,"Integer":0,"String":"c","Interface":null}}
2025-08-15T22:13:26.066-0500	DEBUG	protocol/handler.go:1591	have processed broadcast	{"{round 20 3  <nil>}": {"Key":"from","Type":15,"Integer":0,"String":"a","Interface":null}}
2025-08-15T22:13:26.066-0500	DEBUG	protocol/handler.go:1591	have processed broadcast	{"{round 20 3  <nil>}": {"Key":"from","Type":15,"Integer":0,"String":"b","Interface":null}}
2025-08-15T22:13:26.066-0500	DEBUG	protocol/handler.go:1649	have all messages and processed	{"{round 20 3  <nil>}": {"Key":"self","Type":15,"Integer":0,"String":"c","Interface":null}}
2025-08-15T22:13:26.069-0500	DEBUG	protocol/handler.go:581	tryAdvanceRound called	{"{current_round 20 3  <nil>}": {"Key":"self","Type":15,"Integer":0,"String":"a","Interface":null}}
2025-08-15T22:13:26.069-0500	DEBUG	protocol/handler.go:1591	have processed broadcast	{"{round 20 3  <nil>}": {"Key":"from","Type":15,"Integer":0,"String":"b","Interface":null}}
2025-08-15T22:13:26.070-0500	DEBUG	protocol/handler.go:1591	have processed broadcast	{"{round 20 3  <nil>}": {"Key":"from","Type":15,"Integer":0,"String":"c","Interface":null}}
2025-08-15T22:13:26.070-0500	DEBUG	protocol/handler.go:1649	have all messages and processed	{"{round 20 3  <nil>}": {"Key":"self","Type":15,"Integer":0,"String":"a","Interface":null}}
2025-08-15T22:13:26.070-0500	DEBUG	protocol/handler.go:596	round already finalized
2025-08-15T22:13:26.070-0500	DEBUG	protocol/handler.go:581	tryAdvanceRound called	{"{current_round 20 3  <nil>}": {"Key":"self","Type":15,"Integer":0,"String":"a","Interface":null}}
2025-08-15T22:13:26.070-0500	DEBUG	protocol/handler.go:1591	have processed broadcast	{"{round 20 3  <nil>}": {"Key":"from","Type":15,"Integer":0,"String":"b","Interface":null}}
2025-08-15T22:13:26.070-0500	DEBUG	protocol/handler.go:1591	have processed broadcast	{"{round 20 3  <nil>}": {"Key":"from","Type":15,"Integer":0,"String":"c","Interface":null}}
2025-08-15T22:13:26.070-0500	DEBUG	protocol/handler.go:1649	have all messages and processed	{"{round 20 3  <nil>}": {"Key":"self","Type":15,"Integer":0,"String":"a","Interface":null}}
2025-08-15T22:13:26.070-0500	DEBUG	protocol/handler.go:596	round already finalized
2025-08-15T22:13:26.070-0500	DEBUG	protocol/handler.go:581	tryAdvanceRound called	{"{current_round 20 3  <nil>}": {"Key":"self","Type":15,"Integer":0,"String":"b","Interface":null}}
2025-08-15T22:13:26.070-0500	DEBUG	protocol/handler.go:1591	have processed broadcast	{"{round 20 3  <nil>}": {"Key":"from","Type":15,"Integer":0,"String":"a","Interface":null}}
2025-08-15T22:13:26.070-0500	DEBUG	protocol/handler.go:1591	have processed broadcast	{"{round 20 3  <nil>}": {"Key":"from","Type":15,"Integer":0,"String":"c","Interface":null}}
2025-08-15T22:13:26.070-0500	DEBUG	protocol/handler.go:1649	have all messages and processed	{"{round 20 3  <nil>}": {"Key":"self","Type":15,"Integer":0,"String":"b","Interface":null}}
2025-08-15T22:13:26.070-0500	DEBUG	protocol/handler.go:596	round already finalized
2025-08-15T22:13:26.070-0500	DEBUG	protocol/handler.go:581	tryAdvanceRound called	{"{current_round 20 3  <nil>}": {"Key":"self","Type":15,"Integer":0,"String":"b","Interface":null}}
2025-08-15T22:13:26.070-0500	DEBUG	protocol/handler.go:1591	have processed broadcast	{"{round 20 3  <nil>}": {"Key":"from","Type":15,"Integer":0,"String":"a","Interface":null}}
2025-08-15T22:13:26.070-0500	DEBUG	protocol/handler.go:1591	have processed broadcast	{"{round 20 3  <nil>}": {"Key":"from","Type":15,"Integer":0,"String":"c","Interface":null}}
2025-08-15T22:13:26.070-0500	DEBUG	protocol/handler.go:1649	have all messages and processed	{"{round 20 3  <nil>}": {"Key":"self","Type":15,"Integer":0,"String":"b","Interface":null}}
2025-08-15T22:13:26.070-0500	DEBUG	protocol/handler.go:596	round already finalized
2025-08-15T22:13:26.070-0500	DEBUG	protocol/handler.go:581	tryAdvanceRound called	{"{current_round 20 3  <nil>}": {"Key":"self","Type":15,"Integer":0,"String":"b","Interface":null}}
2025-08-15T22:13:26.070-0500	DEBUG	protocol/handler.go:1591	have processed broadcast	{"{round 20 3  <nil>}": {"Key":"from","Type":15,"Integer":0,"String":"a","Interface":null}}
2025-08-15T22:13:26.070-0500	DEBUG	protocol/handler.go:1591	have processed broadcast	{"{round 20 3  <nil>}": {"Key":"from","Type":15,"Integer":0,"String":"c","Interface":null}}
2025-08-15T22:13:26.070-0500	DEBUG	protocol/handler.go:1649	have all messages and processed	{"{round 20 3  <nil>}": {"Key":"self","Type":15,"Integer":0,"String":"b","Interface":null}}
2025-08-15T22:13:26.071-0500	DEBUG	protocol/handler.go:596	round already finalized
2025-08-15T22:13:26.100-0500	DEBUG	protocol/handler.go:581	tryAdvanceRound called	{"{current_round 20 3  <nil>}": {"Key":"self","Type":15,"Integer":0,"String":"b","Interface":null}}
2025-08-15T22:13:26.100-0500	DEBUG	protocol/handler.go:1591	have processed broadcast	{"{round 20 3  <nil>}": {"Key":"from","Type":15,"Integer":0,"String":"a","Interface":null}}
2025-08-15T22:13:26.112-0500	DEBUG	protocol/handler.go:596	round already finalized
2025-08-15T22:13:26.112-0500	DEBUG	protocol/handler.go:581	tryAdvanceRound called	{"{current_round 20 3  <nil>}": {"Key":"self","Type":15,"Integer":0,"String":"c","Interface":null}}
2025-08-15T22:13:26.112-0500	DEBUG	protocol/handler.go:1591	have processed broadcast	{"{round 20 3  <nil>}": {"Key":"from","Type":15,"Integer":0,"String":"a","Interface":null}}
2025-08-15T22:13:26.112-0500	DEBUG	protocol/handler.go:1591	have processed broadcast	{"{round 20 3  <nil>}": {"Key":"from","Type":15,"Integer":0,"String":"b","Interface":null}}
2025-08-15T22:13:26.112-0500	DEBUG	protocol/handler.go:1649	have all messages and processed	{"{round 20 3  <nil>}": {"Key":"self","Type":15,"Integer":0,"String":"c","Interface":null}}
2025-08-15T22:13:26.113-0500	DEBUG	protocol/handler.go:596	round already finalized
2025-08-15T22:13:26.132-0500	DEBUG	protocol/handler.go:581	tryAdvanceRound called	{"{current_round 20 3  <nil>}": {"Key":"self","Type":15,"Integer":0,"String":"a","Interface":null}}
2025-08-15T22:13:26.134-0500	DEBUG	protocol/handler.go:1591	have processed broadcast	{"{round 20 3  <nil>}": {"Key":"from","Type":15,"Integer":0,"String":"b","Interface":null}}
2025-08-15T22:13:26.134-0500	DEBUG	protocol/handler.go:1591	have processed broadcast	{"{round 20 3  <nil>}": {"Key":"from","Type":15,"Integer":0,"String":"c","Interface":null}}
2025-08-15T22:13:26.134-0500	DEBUG	protocol/handler.go:1649	have all messages and processed	{"{round 20 3  <nil>}": {"Key":"self","Type":15,"Integer":0,"String":"a","Interface":null}}
2025-08-15T22:13:26.134-0500	DEBUG	protocol/handler.go:596	round already finalized
2025-08-15T22:13:26.134-0500	DEBUG	protocol/handler.go:581	tryAdvanceRound called	{"{current_round 20 3  <nil>}": {"Key":"self","Type":15,"Integer":0,"String":"a","Interface":null}}
2025-08-15T22:13:26.134-0500	DEBUG	protocol/handler.go:1591	have processed broadcast	{"{round 20 3  <nil>}": {"Key":"from","Type":15,"Integer":0,"String":"b","Interface":null}}
2025-08-15T22:13:26.135-0500	DEBUG	protocol/handler.go:1591	have processed broadcast	{"{round 20 3  <nil>}": {"Key":"from","Type":15,"Integer":0,"String":"c","Interface":null}}
2025-08-15T22:13:26.135-0500	DEBUG	protocol/handler.go:1649	have all messages and processed	{"{round 20 3  <nil>}": {"Key":"self","Type":15,"Integer":0,"String":"a","Interface":null}}
2025-08-15T22:13:26.135-0500	DEBUG	protocol/handler.go:596	round already finalized
2025-08-15T22:13:26.134-0500	DEBUG	protocol/handler.go:581	tryAdvanceRound called	{"{current_round 20 3  <nil>}": {"Key":"self","Type":15,"Integer":0,"String":"c","Interface":null}}
2025-08-15T22:13:26.135-0500	DEBUG	protocol/handler.go:1591	have processed broadcast	{"{round 20 3  <nil>}": {"Key":"from","Type":15,"Integer":0,"String":"a","Interface":null}}
2025-08-15T22:13:26.136-0500	DEBUG	protocol/handler.go:1591	have processed broadcast	{"{round 20 3  <nil>}": {"Key":"from","Type":15,"Integer":0,"String":"b","Interface":null}}
2025-08-15T22:13:26.149-0500	DEBUG	protocol/handler.go:1649	have all messages and processed	{"{round 20 3  <nil>}": {"Key":"self","Type":15,"Integer":0,"String":"c","Interface":null}}
2025-08-15T22:13:26.149-0500	DEBUG	protocol/handler.go:596	round already finalized
2025-08-15T22:13:26.149-0500	DEBUG	protocol/handler.go:581	tryAdvanceRound called	{"{current_round 20 3  <nil>}": {"Key":"self","Type":15,"Integer":0,"String":"c","Interface":null}}
2025-08-15T22:13:26.149-0500	DEBUG	protocol/handler.go:1591	have processed broadcast	{"{round 20 3  <nil>}": {"Key":"from","Type":15,"Integer":0,"String":"a","Interface":null}}
2025-08-15T22:13:26.159-0500	DEBUG	protocol/handler.go:1591	have processed broadcast	{"{round 20 3  <nil>}": {"Key":"from","Type":15,"Integer":0,"String":"b","Interface":null}}
2025-08-15T22:13:26.159-0500	DEBUG	protocol/handler.go:1649	have all messages and processed	{"{round 20 3  <nil>}": {"Key":"self","Type":15,"Integer":0,"String":"c","Interface":null}}
2025-08-15T22:13:26.159-0500	DEBUG	protocol/handler.go:596	round already finalized
2025-08-15T22:13:26.159-0500	DEBUG	protocol/handler.go:581	tryAdvanceRound called	{"{current_round 20 3  <nil>}": {"Key":"self","Type":15,"Integer":0,"String":"c","Interface":null}}
2025-08-15T22:13:26.100-0500	DEBUG	protocol/handler.go:1591	have processed broadcast	{"{round 20 3  <nil>}": {"Key":"from","Type":15,"Integer":0,"String":"c","Interface":null}}
2025-08-15T22:13:26.177-0500	DEBUG	protocol/handler.go:1649	have all messages and processed	{"{round 20 3  <nil>}": {"Key":"self","Type":15,"Integer":0,"String":"b","Interface":null}}
2025-08-15T22:13:26.177-0500	DEBUG	protocol/handler.go:596	round already finalized
2025-08-15T22:13:26.181-0500	DEBUG	protocol/handler.go:581	tryAdvanceRound called	{"{current_round 20 3  <nil>}": {"Key":"self","Type":15,"Integer":0,"String":"a","Interface":null}}
2025-08-15T22:13:26.181-0500	DEBUG	protocol/handler.go:1591	have processed broadcast	{"{round 20 3  <nil>}": {"Key":"from","Type":15,"Integer":0,"String":"b","Interface":null}}
2025-08-15T22:13:26.181-0500	DEBUG	protocol/handler.go:1591	have processed broadcast	{"{round 20 3  <nil>}": {"Key":"from","Type":15,"Integer":0,"String":"c","Interface":null}}
2025-08-15T22:13:26.181-0500	DEBUG	protocol/handler.go:1649	have all messages and processed	{"{round 20 3  <nil>}": {"Key":"self","Type":15,"Integer":0,"String":"a","Interface":null}}
2025-08-15T22:13:26.181-0500	DEBUG	protocol/handler.go:596	round already finalized
2025-08-15T22:13:26.181-0500	DEBUG	protocol/handler.go:581	tryAdvanceRound called	{"{current_round 20 3  <nil>}": {"Key":"self","Type":15,"Integer":0,"String":"a","Interface":null}}
2025-08-15T22:13:26.181-0500	DEBUG	protocol/handler.go:1591	have processed broadcast	{"{round 20 3  <nil>}": {"Key":"from","Type":15,"Integer":0,"String":"b","Interface":null}}
2025-08-15T22:13:26.181-0500	DEBUG	protocol/handler.go:1591	have processed broadcast	{"{round 20 3  <nil>}": {"Key":"from","Type":15,"Integer":0,"String":"c","Interface":null}}
2025-08-15T22:13:26.181-0500	DEBUG	protocol/handler.go:1649	have all messages and processed	{"{round 20 3  <nil>}": {"Key":"self","Type":15,"Integer":0,"String":"a","Interface":null}}
2025-08-15T22:13:26.181-0500	DEBUG	protocol/handler.go:596	round already finalized
2025-08-15T22:13:26.177-0500	DEBUG	protocol/handler.go:581	tryAdvanceRound called	{"{current_round 20 3  <nil>}": {"Key":"self","Type":15,"Integer":0,"String":"b","Interface":null}}
2025-08-15T22:13:26.183-0500	DEBUG	protocol/handler.go:1591	have processed broadcast	{"{round 20 3  <nil>}": {"Key":"from","Type":15,"Integer":0,"String":"a","Interface":null}}
2025-08-15T22:13:26.183-0500	DEBUG	protocol/handler.go:1591	have processed broadcast	{"{round 20 3  <nil>}": {"Key":"from","Type":15,"Integer":0,"String":"c","Interface":null}}
2025-08-15T22:13:26.183-0500	DEBUG	protocol/handler.go:1649	have all messages and processed	{"{round 20 3  <nil>}": {"Key":"self","Type":15,"Integer":0,"String":"b","Interface":null}}
2025-08-15T22:13:26.183-0500	DEBUG	protocol/handler.go:596	round already finalized
2025-08-15T22:13:26.183-0500	DEBUG	protocol/handler.go:581	tryAdvanceRound called	{"{current_round 20 3  <nil>}": {"Key":"self","Type":15,"Integer":0,"String":"b","Interface":null}}
2025-08-15T22:13:26.183-0500	DEBUG	protocol/handler.go:1591	have processed broadcast	{"{round 20 3  <nil>}": {"Key":"from","Type":15,"Integer":0,"String":"a","Interface":null}}
2025-08-15T22:13:26.183-0500	DEBUG	protocol/handler.go:1591	have processed broadcast	{"{round 20 3  <nil>}": {"Key":"from","Type":15,"Integer":0,"String":"c","Interface":null}}
2025-08-15T22:13:26.183-0500	DEBUG	protocol/handler.go:1649	have all messages and processed	{"{round 20 3  <nil>}": {"Key":"self","Type":15,"Integer":0,"String":"b","Interface":null}}
2025-08-15T22:13:26.183-0500	DEBUG	protocol/handler.go:596	round already finalized
2025-08-15T22:13:26.198-0500	DEBUG	protocol/handler.go:581	tryAdvanceRound called	{"{current_round 20 3  <nil>}": {"Key":"self","Type":15,"Integer":0,"String":"b","Interface":null}}
2025-08-15T22:13:26.206-0500	DEBUG	protocol/handler.go:1591	have processed broadcast	{"{round 20 3  <nil>}": {"Key":"from","Type":15,"Integer":0,"String":"a","Interface":null}}
2025-08-15T22:13:26.206-0500	DEBUG	protocol/handler.go:1591	have processed broadcast	{"{round 20 3  <nil>}": {"Key":"from","Type":15,"Integer":0,"String":"c","Interface":null}}
2025-08-15T22:13:26.206-0500	DEBUG	protocol/handler.go:1649	have all messages and processed	{"{round 20 3  <nil>}": {"Key":"self","Type":15,"Integer":0,"String":"b","Interface":null}}
2025-08-15T22:13:26.206-0500	DEBUG	protocol/handler.go:596	round already finalized
2025-08-15T22:13:26.206-0500	DEBUG	protocol/handler.go:581	tryAdvanceRound called	{"{current_round 20 3  <nil>}": {"Key":"self","Type":15,"Integer":0,"String":"b","Interface":null}}
2025-08-15T22:13:26.206-0500	DEBUG	protocol/handler.go:1591	have processed broadcast	{"{round 20 3  <nil>}": {"Key":"from","Type":15,"Integer":0,"String":"a","Interface":null}}
2025-08-15T22:13:26.206-0500	DEBUG	protocol/handler.go:1591	have processed broadcast	{"{round 20 3  <nil>}": {"Key":"from","Type":15,"Integer":0,"String":"c","Interface":null}}
2025-08-15T22:13:26.207-0500	DEBUG	protocol/handler.go:1649	have all messages and processed	{"{round 20 3  <nil>}": {"Key":"self","Type":15,"Integer":0,"String":"b","Interface":null}}
2025-08-15T22:13:26.207-0500	DEBUG	protocol/handler.go:596	round already finalized
2025-08-15T22:13:26.230-0500	DEBUG	protocol/handler.go:1591	have processed broadcast	{"{round 20 3  <nil>}": {"Key":"from","Type":15,"Integer":0,"String":"a","Interface":null}}
2025-08-15T22:13:26.230-0500	DEBUG	protocol/handler.go:1591	have processed broadcast	{"{round 20 3  <nil>}": {"Key":"from","Type":15,"Integer":0,"String":"b","Interface":null}}
2025-08-15T22:13:26.230-0500	DEBUG	protocol/handler.go:1649	have all messages and processed	{"{round 20 3  <nil>}": {"Key":"self","Type":15,"Integer":0,"String":"c","Interface":null}}
2025-08-15T22:13:26.230-0500	DEBUG	protocol/handler.go:596	round already finalized
2025-08-15T22:13:26.230-0500	DEBUG	protocol/handler.go:581	tryAdvanceRound called	{"{current_round 20 3  <nil>}": {"Key":"self","Type":15,"Integer":0,"String":"c","Interface":null}}
2025-08-15T22:13:26.237-0500	DEBUG	protocol/handler.go:1591	have processed broadcast	{"{round 20 3  <nil>}": {"Key":"from","Type":15,"Integer":0,"String":"a","Interface":null}}
2025-08-15T22:13:26.237-0500	DEBUG	protocol/handler.go:1591	have processed broadcast	{"{round 20 3  <nil>}": {"Key":"from","Type":15,"Integer":0,"String":"b","Interface":null}}
2025-08-15T22:13:26.237-0500	DEBUG	protocol/handler.go:1649	have all messages and processed	{"{round 20 3  <nil>}": {"Key":"self","Type":15,"Integer":0,"String":"c","Interface":null}}
2025-08-15T22:13:26.237-0500	DEBUG	protocol/handler.go:596	round already finalized
2025-08-15T22:13:26.210-0500	DEBUG	protocol/handler.go:581	tryAdvanceRound called	{"{current_round 20 3  <nil>}": {"Key":"self","Type":15,"Integer":0,"String":"b","Interface":null}}
2025-08-15T22:13:26.253-0500	DEBUG	protocol/handler.go:581	tryAdvanceRound called	{"{current_round 20 3  <nil>}": {"Key":"self","Type":15,"Integer":0,"String":"a","Interface":null}}
2025-08-15T22:13:26.253-0500	DEBUG	protocol/handler.go:1591	have processed broadcast	{"{round 20 3  <nil>}": {"Key":"from","Type":15,"Integer":0,"String":"b","Interface":null}}
2025-08-15T22:13:26.253-0500	DEBUG	protocol/handler.go:1591	have processed broadcast	{"{round 20 3  <nil>}": {"Key":"from","Type":15,"Integer":0,"String":"c","Interface":null}}
2025-08-15T22:13:26.256-0500	DEBUG	protocol/handler.go:1649	have all messages and processed	{"{round 20 3  <nil>}": {"Key":"self","Type":15,"Integer":0,"String":"a","Interface":null}}
2025-08-15T22:13:26.256-0500	DEBUG	protocol/handler.go:596	round already finalized
2025-08-15T22:13:26.256-0500	DEBUG	protocol/handler.go:581	tryAdvanceRound called	{"{current_round 20 3  <nil>}": {"Key":"self","Type":15,"Integer":0,"String":"a","Interface":null}}
2025-08-15T22:13:26.256-0500	DEBUG	protocol/handler.go:1591	have processed broadcast	{"{round 20 3  <nil>}": {"Key":"from","Type":15,"Integer":0,"String":"b","Interface":null}}
2025-08-15T22:13:26.256-0500	DEBUG	protocol/handler.go:1591	have processed broadcast	{"{round 20 3  <nil>}": {"Key":"from","Type":15,"Integer":0,"String":"c","Interface":null}}
2025-08-15T22:13:26.256-0500	DEBUG	protocol/handler.go:1649	have all messages and processed	{"{round 20 3  <nil>}": {"Key":"self","Type":15,"Integer":0,"String":"a","Interface":null}}
2025-08-15T22:13:26.256-0500	DEBUG	protocol/handler.go:596	round already finalized
2025-08-15T22:13:26.256-0500	DEBUG	protocol/handler.go:581	tryAdvanceRound called	{"{current_round 20 3  <nil>}": {"Key":"self","Type":15,"Integer":0,"String":"a","Interface":null}}
2025-08-15T22:13:26.256-0500	DEBUG	protocol/handler.go:1591	have processed broadcast	{"{round 20 3  <nil>}": {"Key":"from","Type":15,"Integer":0,"String":"b","Interface":null}}
2025-08-15T22:13:26.256-0500	DEBUG	protocol/handler.go:1591	have processed broadcast	{"{round 20 3  <nil>}": {"Key":"from","Type":15,"Integer":0,"String":"c","Interface":null}}
2025-08-15T22:13:26.256-0500	DEBUG	protocol/handler.go:1591	have processed broadcast	{"{round 20 3  <nil>}": {"Key":"from","Type":15,"Integer":0,"String":"a","Interface":null}}
2025-08-15T22:13:26.257-0500	DEBUG	protocol/handler.go:1591	have processed broadcast	{"{round 20 3  <nil>}": {"Key":"from","Type":15,"Integer":0,"String":"c","Interface":null}}
2025-08-15T22:13:26.256-0500	DEBUG	protocol/handler.go:1649	have all messages and processed	{"{round 20 3  <nil>}": {"Key":"self","Type":15,"Integer":0,"String":"a","Interface":null}}
2025-08-15T22:13:26.266-0500	DEBUG	protocol/handler.go:596	round already finalized
2025-08-15T22:13:26.266-0500	DEBUG	protocol/handler.go:581	tryAdvanceRound called	{"{current_round 20 3  <nil>}": {"Key":"self","Type":15,"Integer":0,"String":"a","Interface":null}}
2025-08-15T22:13:26.266-0500	DEBUG	protocol/handler.go:1591	have processed broadcast	{"{round 20 3  <nil>}": {"Key":"from","Type":15,"Integer":0,"String":"b","Interface":null}}
2025-08-15T22:13:26.257-0500	DEBUG	protocol/handler.go:1649	have all messages and processed	{"{round 20 3  <nil>}": {"Key":"self","Type":15,"Integer":0,"String":"b","Interface":null}}
2025-08-15T22:13:26.267-0500	DEBUG	protocol/handler.go:596	round already finalized
2025-08-15T22:13:26.267-0500	DEBUG	protocol/handler.go:581	tryAdvanceRound called	{"{current_round 20 3  <nil>}": {"Key":"self","Type":15,"Integer":0,"String":"b","Interface":null}}
2025-08-15T22:13:26.320-0500	DEBUG	protocol/handler.go:1591	have processed broadcast	{"{round 20 3  <nil>}": {"Key":"from","Type":15,"Integer":0,"String":"a","Interface":null}}
2025-08-15T22:13:26.321-0500	DEBUG	protocol/handler.go:1591	have processed broadcast	{"{round 20 3  <nil>}": {"Key":"from","Type":15,"Integer":0,"String":"c","Interface":null}}
2025-08-15T22:13:26.321-0500	DEBUG	protocol/handler.go:1649	have all messages and processed	{"{round 20 3  <nil>}": {"Key":"self","Type":15,"Integer":0,"String":"b","Interface":null}}
2025-08-15T22:13:26.321-0500	DEBUG	protocol/handler.go:596	round already finalized
2025-08-15T22:13:26.321-0500	DEBUG	protocol/handler.go:581	tryAdvanceRound called	{"{current_round 20 3  <nil>}": {"Key":"self","Type":15,"Integer":0,"String":"b","Interface":null}}
2025-08-15T22:13:26.321-0500	DEBUG	protocol/handler.go:1591	have processed broadcast	{"{round 20 3  <nil>}": {"Key":"from","Type":15,"Integer":0,"String":"a","Interface":null}}
2025-08-15T22:13:26.321-0500	DEBUG	protocol/handler.go:1591	have processed broadcast	{"{round 20 3  <nil>}": {"Key":"from","Type":15,"Integer":0,"String":"c","Interface":null}}
2025-08-15T22:13:26.321-0500	DEBUG	protocol/handler.go:1649	have all messages and processed	{"{round 20 3  <nil>}": {"Key":"self","Type":15,"Integer":0,"String":"b","Interface":null}}
2025-08-15T22:13:26.321-0500	DEBUG	protocol/handler.go:596	round already finalized
2025-08-15T22:13:26.266-0500	DEBUG	protocol/handler.go:1591	have processed broadcast	{"{round 20 3  <nil>}": {"Key":"from","Type":15,"Integer":0,"String":"c","Interface":null}}
2025-08-15T22:13:26.325-0500	DEBUG	protocol/handler.go:1649	have all messages and processed	{"{round 20 3  <nil>}": {"Key":"self","Type":15,"Integer":0,"String":"a","Interface":null}}
2025-08-15T22:13:26.325-0500	DEBUG	protocol/handler.go:596	round already finalized
2025-08-15T22:13:26.325-0500	DEBUG	protocol/handler.go:581	tryAdvanceRound called	{"{current_round 20 3  <nil>}": {"Key":"self","Type":15,"Integer":0,"String":"a","Interface":null}}
2025-08-15T22:13:26.325-0500	DEBUG	protocol/handler.go:1591	have processed broadcast	{"{round 20 3  <nil>}": {"Key":"from","Type":15,"Integer":0,"String":"b","Interface":null}}
2025-08-15T22:13:26.325-0500	DEBUG	protocol/handler.go:1591	have processed broadcast	{"{round 20 3  <nil>}": {"Key":"from","Type":15,"Integer":0,"String":"c","Interface":null}}
2025-08-15T22:13:26.325-0500	DEBUG	protocol/handler.go:1649	have all messages and processed	{"{round 20 3  <nil>}": {"Key":"self","Type":15,"Integer":0,"String":"a","Interface":null}}
2025-08-15T22:13:26.325-0500	DEBUG	protocol/handler.go:596	round already finalized
2025-08-15T22:13:26.237-0500	DEBUG	protocol/handler.go:581	tryAdvanceRound called	{"{current_round 20 3  <nil>}": {"Key":"self","Type":15,"Integer":0,"String":"c","Interface":null}}
2025-08-15T22:13:26.347-0500	DEBUG	protocol/handler.go:581	tryAdvanceRound called	{"{current_round 20 3  <nil>}": {"Key":"self","Type":15,"Integer":0,"String":"b","Interface":null}}
2025-08-15T22:13:26.347-0500	DEBUG	protocol/handler.go:1591	have processed broadcast	{"{round 20 3  <nil>}": {"Key":"from","Type":15,"Integer":0,"String":"a","Interface":null}}
2025-08-15T22:13:26.348-0500	DEBUG	protocol/handler.go:1591	have processed broadcast	{"{round 20 3  <nil>}": {"Key":"from","Type":15,"Integer":0,"String":"c","Interface":null}}
2025-08-15T22:13:26.348-0500	DEBUG	protocol/handler.go:1649	have all messages and processed	{"{round 20 3  <nil>}": {"Key":"self","Type":15,"Integer":0,"String":"b","Interface":null}}
2025-08-15T22:13:26.348-0500	DEBUG	protocol/handler.go:596	round already finalized
2025-08-15T22:13:26.351-0500	DEBUG	protocol/handler.go:1591	have processed broadcast	{"{round 20 3  <nil>}": {"Key":"from","Type":15,"Integer":0,"String":"a","Interface":null}}
2025-08-15T22:13:26.351-0500	DEBUG	protocol/handler.go:1591	have processed broadcast	{"{round 20 3  <nil>}": {"Key":"from","Type":15,"Integer":0,"String":"b","Interface":null}}
2025-08-15T22:13:26.351-0500	DEBUG	protocol/handler.go:1649	have all messages and processed	{"{round 20 3  <nil>}": {"Key":"self","Type":15,"Integer":0,"String":"c","Interface":null}}
2025-08-15T22:13:26.351-0500	DEBUG	protocol/handler.go:596	round already finalized
2025-08-15T22:13:26.351-0500	DEBUG	protocol/handler.go:581	tryAdvanceRound called	{"{current_round 20 3  <nil>}": {"Key":"self","Type":15,"Integer":0,"String":"c","Interface":null}}
2025-08-15T22:13:26.351-0500	DEBUG	protocol/handler.go:1591	have processed broadcast	{"{round 20 3  <nil>}": {"Key":"from","Type":15,"Integer":0,"String":"a","Interface":null}}
2025-08-15T22:13:26.352-0500	DEBUG	protocol/handler.go:1591	have processed broadcast	{"{round 20 3  <nil>}": {"Key":"from","Type":15,"Integer":0,"String":"b","Interface":null}}
2025-08-15T22:13:26.352-0500	DEBUG	protocol/handler.go:1649	have all messages and processed	{"{round 20 3  <nil>}": {"Key":"self","Type":15,"Integer":0,"String":"c","Interface":null}}
2025-08-15T22:13:26.352-0500	DEBUG	protocol/handler.go:596	round already finalized
2025-08-15T22:13:26.376-0500	DEBUG	protocol/handler.go:581	tryAdvanceRound called	{"{current_round 20 3  <nil>}": {"Key":"self","Type":15,"Integer":0,"String":"a","Interface":null}}
2025-08-15T22:13:26.383-0500	DEBUG	protocol/handler.go:1591	have processed broadcast	{"{round 20 3  <nil>}": {"Key":"from","Type":15,"Integer":0,"String":"b","Interface":null}}
2025-08-15T22:13:26.391-0500	DEBUG	protocol/handler.go:581	tryAdvanceRound called	{"{current_round 20 3  <nil>}": {"Key":"self","Type":15,"Integer":0,"String":"b","Interface":null}}
2025-08-15T22:13:26.391-0500	DEBUG	protocol/handler.go:1591	have processed broadcast	{"{round 20 3  <nil>}": {"Key":"from","Type":15,"Integer":0,"String":"a","Interface":null}}
2025-08-15T22:13:26.392-0500	DEBUG	protocol/handler.go:1591	have processed broadcast	{"{round 20 3  <nil>}": {"Key":"from","Type":15,"Integer":0,"String":"c","Interface":null}}
2025-08-15T22:13:26.397-0500	DEBUG	protocol/handler.go:1649	have all messages and processed	{"{round 20 3  <nil>}": {"Key":"self","Type":15,"Integer":0,"String":"b","Interface":null}}
2025-08-15T22:13:26.400-0500	DEBUG	protocol/handler.go:596	round already finalized
2025-08-15T22:13:26.401-0500	DEBUG	protocol/handler.go:581	tryAdvanceRound called	{"{current_round 20 3  <nil>}": {"Key":"self","Type":15,"Integer":0,"String":"b","Interface":null}}
2025-08-15T22:13:26.401-0500	DEBUG	protocol/handler.go:1591	have processed broadcast	{"{round 20 3  <nil>}": {"Key":"from","Type":15,"Integer":0,"String":"a","Interface":null}}
2025-08-15T22:13:26.401-0500	DEBUG	protocol/handler.go:1591	have processed broadcast	{"{round 20 3  <nil>}": {"Key":"from","Type":15,"Integer":0,"String":"c","Interface":null}}
2025-08-15T22:13:26.401-0500	DEBUG	protocol/handler.go:1649	have all messages and processed	{"{round 20 3  <nil>}": {"Key":"self","Type":15,"Integer":0,"String":"b","Interface":null}}
2025-08-15T22:13:26.401-0500	DEBUG	protocol/handler.go:596	round already finalized
2025-08-15T22:13:26.404-0500	DEBUG	protocol/handler.go:581	tryAdvanceRound called	{"{current_round 20 3  <nil>}": {"Key":"self","Type":15,"Integer":0,"String":"b","Interface":null}}
2025-08-15T22:13:26.404-0500	DEBUG	protocol/handler.go:1591	have processed broadcast	{"{round 20 3  <nil>}": {"Key":"from","Type":15,"Integer":0,"String":"a","Interface":null}}
2025-08-15T22:13:26.404-0500	DEBUG	protocol/handler.go:1591	have processed broadcast	{"{round 20 3  <nil>}": {"Key":"from","Type":15,"Integer":0,"String":"c","Interface":null}}
2025-08-15T22:13:26.404-0500	DEBUG	protocol/handler.go:1649	have all messages and processed	{"{round 20 3  <nil>}": {"Key":"self","Type":15,"Integer":0,"String":"b","Interface":null}}
2025-08-15T22:13:26.404-0500	DEBUG	protocol/handler.go:596	round already finalized
2025-08-15T22:13:26.416-0500	DEBUG	protocol/handler.go:581	tryAdvanceRound called	{"{current_round 20 3  <nil>}": {"Key":"self","Type":15,"Integer":0,"String":"c","Interface":null}}
2025-08-15T22:13:26.416-0500	DEBUG	protocol/handler.go:1591	have processed broadcast	{"{round 20 3  <nil>}": {"Key":"from","Type":15,"Integer":0,"String":"a","Interface":null}}
2025-08-15T22:13:26.416-0500	DEBUG	protocol/handler.go:1591	have processed broadcast	{"{round 20 3  <nil>}": {"Key":"from","Type":15,"Integer":0,"String":"b","Interface":null}}
2025-08-15T22:13:26.416-0500	DEBUG	protocol/handler.go:1649	have all messages and processed	{"{round 20 3  <nil>}": {"Key":"self","Type":15,"Integer":0,"String":"c","Interface":null}}
2025-08-15T22:13:26.416-0500	DEBUG	protocol/handler.go:596	round already finalized
2025-08-15T22:13:26.416-0500	DEBUG	protocol/handler.go:581	tryAdvanceRound called	{"{current_round 20 3  <nil>}": {"Key":"self","Type":15,"Integer":0,"String":"c","Interface":null}}
2025-08-15T22:13:26.416-0500	DEBUG	protocol/handler.go:1591	have processed broadcast	{"{round 20 3  <nil>}": {"Key":"from","Type":15,"Integer":0,"String":"a","Interface":null}}
2025-08-15T22:13:26.416-0500	DEBUG	protocol/handler.go:1591	have processed broadcast	{"{round 20 3  <nil>}": {"Key":"from","Type":15,"Integer":0,"String":"b","Interface":null}}
2025-08-15T22:13:26.416-0500	DEBUG	protocol/handler.go:1649	have all messages and processed	{"{round 20 3  <nil>}": {"Key":"self","Type":15,"Integer":0,"String":"c","Interface":null}}
2025-08-15T22:13:26.416-0500	DEBUG	protocol/handler.go:596	round already finalized
2025-08-15T22:13:26.436-0500	DEBUG	protocol/handler.go:581	tryAdvanceRound called	{"{current_round 20 3  <nil>}": {"Key":"self","Type":15,"Integer":0,"String":"b","Interface":null}}
2025-08-15T22:13:26.436-0500	DEBUG	protocol/handler.go:1591	have processed broadcast	{"{round 20 3  <nil>}": {"Key":"from","Type":15,"Integer":0,"String":"a","Interface":null}}
2025-08-15T22:13:26.436-0500	DEBUG	protocol/handler.go:1591	have processed broadcast	{"{round 20 3  <nil>}": {"Key":"from","Type":15,"Integer":0,"String":"c","Interface":null}}
2025-08-15T22:13:26.436-0500	DEBUG	protocol/handler.go:1649	have all messages and processed	{"{round 20 3  <nil>}": {"Key":"self","Type":15,"Integer":0,"String":"b","Interface":null}}
2025-08-15T22:13:26.436-0500	DEBUG	protocol/handler.go:596	round already finalized
2025-08-15T22:13:26.437-0500	DEBUG	protocol/handler.go:581	tryAdvanceRound called	{"{current_round 20 3  <nil>}": {"Key":"self","Type":15,"Integer":0,"String":"c","Interface":null}}
2025-08-15T22:13:26.437-0500	DEBUG	protocol/handler.go:1591	have processed broadcast	{"{round 20 3  <nil>}": {"Key":"from","Type":15,"Integer":0,"String":"a","Interface":null}}
2025-08-15T22:13:26.437-0500	DEBUG	protocol/handler.go:1591	have processed broadcast	{"{round 20 3  <nil>}": {"Key":"from","Type":15,"Integer":0,"String":"b","Interface":null}}
2025-08-15T22:13:26.437-0500	DEBUG	protocol/handler.go:1649	have all messages and processed	{"{round 20 3  <nil>}": {"Key":"self","Type":15,"Integer":0,"String":"c","Interface":null}}
2025-08-15T22:13:26.440-0500	DEBUG	protocol/handler.go:596	round already finalized
2025-08-15T22:13:26.440-0500	DEBUG	protocol/handler.go:1591	have processed broadcast	{"{round 20 3  <nil>}": {"Key":"from","Type":15,"Integer":0,"String":"c","Interface":null}}
2025-08-15T22:13:26.440-0500	DEBUG	protocol/handler.go:1649	have all messages and processed	{"{round 20 3  <nil>}": {"Key":"self","Type":15,"Integer":0,"String":"a","Interface":null}}
2025-08-15T22:13:26.440-0500	DEBUG	protocol/handler.go:596	round already finalized
2025-08-15T22:13:26.440-0500	DEBUG	protocol/handler.go:581	tryAdvanceRound called	{"{current_round 20 3  <nil>}": {"Key":"self","Type":15,"Integer":0,"String":"a","Interface":null}}
2025-08-15T22:13:26.443-0500	DEBUG	protocol/handler.go:1591	have processed broadcast	{"{round 20 3  <nil>}": {"Key":"from","Type":15,"Integer":0,"String":"b","Interface":null}}
2025-08-15T22:13:26.443-0500	DEBUG	protocol/handler.go:1591	have processed broadcast	{"{round 20 3  <nil>}": {"Key":"from","Type":15,"Integer":0,"String":"c","Interface":null}}
2025-08-15T22:13:26.443-0500	DEBUG	protocol/handler.go:1649	have all messages and processed	{"{round 20 3  <nil>}": {"Key":"self","Type":15,"Integer":0,"String":"a","Interface":null}}
2025-08-15T22:13:26.443-0500	DEBUG	protocol/handler.go:596	round already finalized
2025-08-15T22:13:26.443-0500	DEBUG	protocol/handler.go:581	tryAdvanceRound called	{"{current_round 20 3  <nil>}": {"Key":"self","Type":15,"Integer":0,"String":"c","Interface":null}}
2025-08-15T22:13:26.443-0500	DEBUG	protocol/handler.go:1591	have processed broadcast	{"{round 20 3  <nil>}": {"Key":"from","Type":15,"Integer":0,"String":"a","Interface":null}}
2025-08-15T22:13:26.443-0500	DEBUG	protocol/handler.go:1591	have processed broadcast	{"{round 20 3  <nil>}": {"Key":"from","Type":15,"Integer":0,"String":"b","Interface":null}}
2025-08-15T22:13:26.443-0500	DEBUG	protocol/handler.go:1649	have all messages and processed	{"{round 20 3  <nil>}": {"Key":"self","Type":15,"Integer":0,"String":"c","Interface":null}}
2025-08-15T22:13:26.444-0500	DEBUG	protocol/handler.go:596	round already finalized
2025-08-15T22:13:26.451-0500	DEBUG	protocol/handler.go:581	tryAdvanceRound called	{"{current_round 20 3  <nil>}": {"Key":"self","Type":15,"Integer":0,"String":"a","Interface":null}}
2025-08-15T22:13:26.458-0500	DEBUG	protocol/handler.go:581	tryAdvanceRound called	{"{current_round 20 3  <nil>}": {"Key":"self","Type":15,"Integer":0,"String":"b","Interface":null}}
2025-08-15T22:13:26.458-0500	DEBUG	protocol/handler.go:1591	have processed broadcast	{"{round 20 3  <nil>}": {"Key":"from","Type":15,"Integer":0,"String":"a","Interface":null}}
2025-08-15T22:13:26.458-0500	DEBUG	protocol/handler.go:1591	have processed broadcast	{"{round 20 3  <nil>}": {"Key":"from","Type":15,"Integer":0,"String":"c","Interface":null}}
2025-08-15T22:13:26.458-0500	DEBUG	protocol/handler.go:1649	have all messages and processed	{"{round 20 3  <nil>}": {"Key":"self","Type":15,"Integer":0,"String":"b","Interface":null}}
2025-08-15T22:13:26.458-0500	DEBUG	protocol/handler.go:596	round already finalized
2025-08-15T22:13:26.455-0500	DEBUG	protocol/handler.go:1591	have processed broadcast	{"{round 20 3  <nil>}": {"Key":"from","Type":15,"Integer":0,"String":"b","Interface":null}}
2025-08-15T22:13:26.467-0500	DEBUG	protocol/handler.go:1591	have processed broadcast	{"{round 20 3  <nil>}": {"Key":"from","Type":15,"Integer":0,"String":"c","Interface":null}}
2025-08-15T22:13:26.467-0500	DEBUG	protocol/handler.go:1649	have all messages and processed	{"{round 20 3  <nil>}": {"Key":"self","Type":15,"Integer":0,"String":"a","Interface":null}}
2025-08-15T22:13:26.467-0500	DEBUG	protocol/handler.go:596	round already finalized
2025-08-15T22:13:26.467-0500	DEBUG	protocol/handler.go:581	tryAdvanceRound called	{"{current_round 20 3  <nil>}": {"Key":"self","Type":15,"Integer":0,"String":"c","Interface":null}}
2025-08-15T22:13:26.467-0500	DEBUG	protocol/handler.go:1591	have processed broadcast	{"{round 20 3  <nil>}": {"Key":"from","Type":15,"Integer":0,"String":"a","Interface":null}}
2025-08-15T22:13:26.467-0500	DEBUG	protocol/handler.go:1591	have processed broadcast	{"{round 20 3  <nil>}": {"Key":"from","Type":15,"Integer":0,"String":"b","Interface":null}}
2025-08-15T22:13:26.467-0500	DEBUG	protocol/handler.go:1649	have all messages and processed	{"{round 20 3  <nil>}": {"Key":"self","Type":15,"Integer":0,"String":"c","Interface":null}}
2025-08-15T22:13:26.467-0500	DEBUG	protocol/handler.go:596	round already finalized
2025-08-15T22:13:26.467-0500	DEBUG	protocol/handler.go:581	tryAdvanceRound called	{"{current_round 20 3  <nil>}": {"Key":"self","Type":15,"Integer":0,"String":"a","Interface":null}}
2025-08-15T22:13:26.467-0500	DEBUG	protocol/handler.go:1591	have processed broadcast	{"{round 20 3  <nil>}": {"Key":"from","Type":15,"Integer":0,"String":"b","Interface":null}}
2025-08-15T22:13:26.467-0500	DEBUG	protocol/handler.go:1591	have processed broadcast	{"{round 20 3  <nil>}": {"Key":"from","Type":15,"Integer":0,"String":"c","Interface":null}}
2025-08-15T22:13:26.467-0500	DEBUG	protocol/handler.go:1649	have all messages and processed	{"{round 20 3  <nil>}": {"Key":"self","Type":15,"Integer":0,"String":"a","Interface":null}}
2025-08-15T22:13:26.467-0500	DEBUG	protocol/handler.go:596	round already finalized
2025-08-15T22:13:26.504-0500	DEBUG	protocol/handler.go:581	tryAdvanceRound called	{"{current_round 20 3  <nil>}": {"Key":"self","Type":15,"Integer":0,"String":"b","Interface":null}}
2025-08-15T22:13:26.505-0500	DEBUG	protocol/handler.go:1591	have processed broadcast	{"{round 20 3  <nil>}": {"Key":"from","Type":15,"Integer":0,"String":"a","Interface":null}}
2025-08-15T22:13:26.505-0500	DEBUG	protocol/handler.go:1591	have processed broadcast	{"{round 20 3  <nil>}": {"Key":"from","Type":15,"Integer":0,"String":"c","Interface":null}}
2025-08-15T22:13:26.505-0500	DEBUG	protocol/handler.go:1649	have all messages and processed	{"{round 20 3  <nil>}": {"Key":"self","Type":15,"Integer":0,"String":"b","Interface":null}}
2025-08-15T22:13:26.505-0500	DEBUG	protocol/handler.go:596	round already finalized
2025-08-15T22:13:26.505-0500	DEBUG	protocol/handler.go:581	tryAdvanceRound called	{"{current_round 20 3  <nil>}": {"Key":"self","Type":15,"Integer":0,"String":"b","Interface":null}}
2025-08-15T22:13:26.505-0500	DEBUG	protocol/handler.go:1591	have processed broadcast	{"{round 20 3  <nil>}": {"Key":"from","Type":15,"Integer":0,"String":"a","Interface":null}}
2025-08-15T22:13:26.505-0500	DEBUG	protocol/handler.go:1591	have processed broadcast	{"{round 20 3  <nil>}": {"Key":"from","Type":15,"Integer":0,"String":"c","Interface":null}}
2025-08-15T22:13:26.505-0500	DEBUG	protocol/handler.go:1649	have all messages and processed	{"{round 20 3  <nil>}": {"Key":"self","Type":15,"Integer":0,"String":"b","Interface":null}}
2025-08-15T22:13:26.505-0500	DEBUG	protocol/handler.go:596	round already finalized
2025-08-15T22:13:26.507-0500	DEBUG	protocol/handler.go:581	tryAdvanceRound called	{"{current_round 20 3  <nil>}": {"Key":"self","Type":15,"Integer":0,"String":"c","Interface":null}}
2025-08-15T22:13:26.507-0500	DEBUG	protocol/handler.go:1591	have processed broadcast	{"{round 20 3  <nil>}": {"Key":"from","Type":15,"Integer":0,"String":"a","Interface":null}}
2025-08-15T22:13:26.507-0500	DEBUG	protocol/handler.go:1591	have processed broadcast	{"{round 20 3  <nil>}": {"Key":"from","Type":15,"Integer":0,"String":"b","Interface":null}}
2025-08-15T22:13:26.507-0500	DEBUG	protocol/handler.go:1649	have all messages and processed	{"{round 20 3  <nil>}": {"Key":"self","Type":15,"Integer":0,"String":"c","Interface":null}}
2025-08-15T22:13:26.508-0500	DEBUG	protocol/handler.go:596	round already finalized
2025-08-15T22:13:26.508-0500	DEBUG	protocol/handler.go:581	tryAdvanceRound called	{"{current_round 20 3  <nil>}": {"Key":"self","Type":15,"Integer":0,"String":"c","Interface":null}}
2025-08-15T22:13:26.508-0500	DEBUG	protocol/handler.go:1591	have processed broadcast	{"{round 20 3  <nil>}": {"Key":"from","Type":15,"Integer":0,"String":"a","Interface":null}}
2025-08-15T22:13:26.508-0500	DEBUG	protocol/handler.go:1591	have processed broadcast	{"{round 20 3  <nil>}": {"Key":"from","Type":15,"Integer":0,"String":"b","Interface":null}}
2025-08-15T22:13:26.508-0500	DEBUG	protocol/handler.go:1649	have all messages and processed	{"{round 20 3  <nil>}": {"Key":"self","Type":15,"Integer":0,"String":"c","Interface":null}}
2025-08-15T22:13:26.508-0500	DEBUG	protocol/handler.go:596	round already finalized
2025-08-15T22:13:26.508-0500	DEBUG	protocol/handler.go:581	tryAdvanceRound called	{"{current_round 20 3  <nil>}": {"Key":"self","Type":15,"Integer":0,"String":"a","Interface":null}}
2025-08-15T22:13:26.508-0500	DEBUG	protocol/handler.go:1591	have processed broadcast	{"{round 20 3  <nil>}": {"Key":"from","Type":15,"Integer":0,"String":"b","Interface":null}}
2025-08-15T22:13:26.508-0500	DEBUG	protocol/handler.go:1591	have processed broadcast	{"{round 20 3  <nil>}": {"Key":"from","Type":15,"Integer":0,"String":"c","Interface":null}}
2025-08-15T22:13:26.508-0500	DEBUG	protocol/handler.go:1649	have all messages and processed	{"{round 20 3  <nil>}": {"Key":"self","Type":15,"Integer":0,"String":"a","Interface":null}}
2025-08-15T22:13:26.508-0500	DEBUG	protocol/handler.go:596	round already finalized
2025-08-15T22:13:26.508-0500	DEBUG	protocol/handler.go:581	tryAdvanceRound called	{"{current_round 20 3  <nil>}": {"Key":"self","Type":15,"Integer":0,"String":"a","Interface":null}}
2025-08-15T22:13:26.508-0500	DEBUG	protocol/handler.go:1591	have processed broadcast	{"{round 20 3  <nil>}": {"Key":"from","Type":15,"Integer":0,"String":"b","Interface":null}}
2025-08-15T22:13:26.508-0500	DEBUG	protocol/handler.go:1591	have processed broadcast	{"{round 20 3  <nil>}": {"Key":"from","Type":15,"Integer":0,"String":"c","Interface":null}}
2025-08-15T22:13:26.508-0500	DEBUG	protocol/handler.go:1649	have all messages and processed	{"{round 20 3  <nil>}": {"Key":"self","Type":15,"Integer":0,"String":"a","Interface":null}}
2025-08-15T22:13:26.508-0500	DEBUG	protocol/handler.go:596	round already finalized
2025-08-15T22:13:26.549-0500	DEBUG	protocol/handler.go:581	tryAdvanceRound called	{"{current_round 20 3  <nil>}": {"Key":"self","Type":15,"Integer":0,"String":"b","Interface":null}}
2025-08-15T22:13:26.549-0500	DEBUG	protocol/handler.go:581	tryAdvanceRound called	{"{current_round 20 3  <nil>}": {"Key":"self","Type":15,"Integer":0,"String":"c","Interface":null}}
2025-08-15T22:13:26.549-0500	DEBUG	protocol/handler.go:1591	have processed broadcast	{"{round 20 3  <nil>}": {"Key":"from","Type":15,"Integer":0,"String":"a","Interface":null}}
2025-08-15T22:13:26.549-0500	DEBUG	protocol/handler.go:1591	have processed broadcast	{"{round 20 3  <nil>}": {"Key":"from","Type":15,"Integer":0,"String":"a","Interface":null}}
2025-08-15T22:13:26.549-0500	DEBUG	protocol/handler.go:1591	have processed broadcast	{"{round 20 3  <nil>}": {"Key":"from","Type":15,"Integer":0,"String":"c","Interface":null}}
2025-08-15T22:13:26.549-0500	DEBUG	protocol/handler.go:1649	have all messages and processed	{"{round 20 3  <nil>}": {"Key":"self","Type":15,"Integer":0,"String":"b","Interface":null}}
2025-08-15T22:13:26.549-0500	DEBUG	protocol/handler.go:1591	have processed broadcast	{"{round 20 3  <nil>}": {"Key":"from","Type":15,"Integer":0,"String":"b","Interface":null}}
2025-08-15T22:13:26.549-0500	DEBUG	protocol/handler.go:596	round already finalized
2025-08-15T22:13:26.549-0500	DEBUG	protocol/handler.go:1649	have all messages and processed	{"{round 20 3  <nil>}": {"Key":"self","Type":15,"Integer":0,"String":"c","Interface":null}}
2025-08-15T22:13:26.549-0500	DEBUG	protocol/handler.go:581	tryAdvanceRound called	{"{current_round 20 3  <nil>}": {"Key":"self","Type":15,"Integer":0,"String":"b","Interface":null}}
2025-08-15T22:13:26.549-0500	DEBUG	protocol/handler.go:596	round already finalized
2025-08-15T22:13:26.549-0500	DEBUG	protocol/handler.go:1591	have processed broadcast	{"{round 20 3  <nil>}": {"Key":"from","Type":15,"Integer":0,"String":"a","Interface":null}}
2025-08-15T22:13:26.549-0500	DEBUG	protocol/handler.go:581	tryAdvanceRound called	{"{current_round 20 3  <nil>}": {"Key":"self","Type":15,"Integer":0,"String":"c","Interface":null}}
2025-08-15T22:13:26.549-0500	DEBUG	protocol/handler.go:1591	have processed broadcast	{"{round 20 3  <nil>}": {"Key":"from","Type":15,"Integer":0,"String":"c","Interface":null}}
2025-08-15T22:13:26.549-0500	DEBUG	protocol/handler.go:1591	have processed broadcast	{"{round 20 3  <nil>}": {"Key":"from","Type":15,"Integer":0,"String":"a","Interface":null}}
2025-08-15T22:13:26.549-0500	DEBUG	protocol/handler.go:1649	have all messages and processed	{"{round 20 3  <nil>}": {"Key":"self","Type":15,"Integer":0,"String":"b","Interface":null}}
2025-08-15T22:13:26.549-0500	DEBUG	protocol/handler.go:1591	have processed broadcast	{"{round 20 3  <nil>}": {"Key":"from","Type":15,"Integer":0,"String":"b","Interface":null}}
2025-08-15T22:13:26.549-0500	DEBUG	protocol/handler.go:596	round already finalized
2025-08-15T22:13:26.549-0500	DEBUG	protocol/handler.go:1649	have all messages and processed	{"{round 20 3  <nil>}": {"Key":"self","Type":15,"Integer":0,"String":"c","Interface":null}}
2025-08-15T22:13:26.550-0500	DEBUG	protocol/handler.go:596	round already finalized
2025-08-15T22:13:26.550-0500	DEBUG	protocol/handler.go:581	tryAdvanceRound called	{"{current_round 20 3  <nil>}": {"Key":"self","Type":15,"Integer":0,"String":"a","Interface":null}}
2025-08-15T22:13:26.550-0500	DEBUG	protocol/handler.go:1591	have processed broadcast	{"{round 20 3  <nil>}": {"Key":"from","Type":15,"Integer":0,"String":"b","Interface":null}}
2025-08-15T22:13:26.550-0500	DEBUG	protocol/handler.go:1591	have processed broadcast	{"{round 20 3  <nil>}": {"Key":"from","Type":15,"Integer":0,"String":"c","Interface":null}}
2025-08-15T22:13:26.550-0500	DEBUG	protocol/handler.go:1649	have all messages and processed	{"{round 20 3  <nil>}": {"Key":"self","Type":15,"Integer":0,"String":"a","Interface":null}}
2025-08-15T22:13:26.550-0500	DEBUG	protocol/handler.go:596	round already finalized
2025-08-15T22:13:26.550-0500	DEBUG	protocol/handler.go:581	tryAdvanceRound called	{"{current_round 20 3  <nil>}": {"Key":"self","Type":15,"Integer":0,"String":"a","Interface":null}}
2025-08-15T22:13:26.550-0500	DEBUG	protocol/handler.go:1591	have processed broadcast	{"{round 20 3  <nil>}": {"Key":"from","Type":15,"Integer":0,"String":"b","Interface":null}}
2025-08-15T22:13:26.550-0500	DEBUG	protocol/handler.go:1591	have processed broadcast	{"{round 20 3  <nil>}": {"Key":"from","Type":15,"Integer":0,"String":"c","Interface":null}}
2025-08-15T22:13:26.550-0500	DEBUG	protocol/handler.go:1649	have all messages and processed	{"{round 20 3  <nil>}": {"Key":"self","Type":15,"Integer":0,"String":"a","Interface":null}}
2025-08-15T22:13:26.550-0500	DEBUG	protocol/handler.go:596	round already finalized
2025-08-15T22:13:26.574-0500	DEBUG	protocol/handler.go:581	tryAdvanceRound called	{"{current_round 20 3  <nil>}": {"Key":"self","Type":15,"Integer":0,"String":"b","Interface":null}}
2025-08-15T22:13:26.574-0500	DEBUG	protocol/handler.go:1591	have processed broadcast	{"{round 20 3  <nil>}": {"Key":"from","Type":15,"Integer":0,"String":"a","Interface":null}}
2025-08-15T22:13:26.574-0500	DEBUG	protocol/handler.go:1591	have processed broadcast	{"{round 20 3  <nil>}": {"Key":"from","Type":15,"Integer":0,"String":"c","Interface":null}}
2025-08-15T22:13:26.574-0500	DEBUG	protocol/handler.go:1649	have all messages and processed	{"{round 20 3  <nil>}": {"Key":"self","Type":15,"Integer":0,"String":"b","Interface":null}}
2025-08-15T22:13:26.574-0500	DEBUG	protocol/handler.go:596	round already finalized
2025-08-15T22:13:26.574-0500	DEBUG	protocol/handler.go:581	tryAdvanceRound called	{"{current_round 20 3  <nil>}": {"Key":"self","Type":15,"Integer":0,"String":"a","Interface":null}}
2025-08-15T22:13:26.597-0500	DEBUG	protocol/handler.go:1591	have processed broadcast	{"{round 20 3  <nil>}": {"Key":"from","Type":15,"Integer":0,"String":"b","Interface":null}}
2025-08-15T22:13:26.597-0500	DEBUG	protocol/handler.go:1591	have processed broadcast	{"{round 20 3  <nil>}": {"Key":"from","Type":15,"Integer":0,"String":"c","Interface":null}}
2025-08-15T22:13:26.597-0500	DEBUG	protocol/handler.go:1649	have all messages and processed	{"{round 20 3  <nil>}": {"Key":"self","Type":15,"Integer":0,"String":"a","Interface":null}}
2025-08-15T22:13:26.597-0500	DEBUG	protocol/handler.go:596	round already finalized
2025-08-15T22:13:26.597-0500	DEBUG	protocol/handler.go:581	tryAdvanceRound called	{"{current_round 20 3  <nil>}": {"Key":"self","Type":15,"Integer":0,"String":"a","Interface":null}}
2025-08-15T22:13:26.597-0500	DEBUG	protocol/handler.go:1591	have processed broadcast	{"{round 20 3  <nil>}": {"Key":"from","Type":15,"Integer":0,"String":"b","Interface":null}}
2025-08-15T22:13:26.597-0500	DEBUG	protocol/handler.go:1591	have processed broadcast	{"{round 20 3  <nil>}": {"Key":"from","Type":15,"Integer":0,"String":"c","Interface":null}}
2025-08-15T22:13:26.597-0500	DEBUG	protocol/handler.go:1649	have all messages and processed	{"{round 20 3  <nil>}": {"Key":"self","Type":15,"Integer":0,"String":"a","Interface":null}}
2025-08-15T22:13:26.597-0500	DEBUG	protocol/handler.go:596	round already finalized
2025-08-15T22:13:26.597-0500	DEBUG	protocol/handler.go:581	tryAdvanceRound called	{"{current_round 20 3  <nil>}": {"Key":"self","Type":15,"Integer":0,"String":"b","Interface":null}}
2025-08-15T22:13:26.597-0500	DEBUG	protocol/handler.go:1591	have processed broadcast	{"{round 20 3  <nil>}": {"Key":"from","Type":15,"Integer":0,"String":"a","Interface":null}}
2025-08-15T22:13:26.597-0500	DEBUG	protocol/handler.go:1591	have processed broadcast	{"{round 20 3  <nil>}": {"Key":"from","Type":15,"Integer":0,"String":"c","Interface":null}}
2025-08-15T22:13:26.597-0500	DEBUG	protocol/handler.go:1649	have all messages and processed	{"{round 20 3  <nil>}": {"Key":"self","Type":15,"Integer":0,"String":"b","Interface":null}}
2025-08-15T22:13:26.597-0500	DEBUG	protocol/handler.go:596	round already finalized
2025-08-15T22:13:26.616-0500	DEBUG	protocol/handler.go:581	tryAdvanceRound called	{"{current_round 20 3  <nil>}": {"Key":"self","Type":15,"Integer":0,"String":"c","Interface":null}}
2025-08-15T22:13:26.618-0500	DEBUG	protocol/handler.go:1591	have processed broadcast	{"{round 20 3  <nil>}": {"Key":"from","Type":15,"Integer":0,"String":"a","Interface":null}}
2025-08-15T22:13:26.618-0500	DEBUG	protocol/handler.go:1591	have processed broadcast	{"{round 20 3  <nil>}": {"Key":"from","Type":15,"Integer":0,"String":"b","Interface":null}}
2025-08-15T22:13:26.618-0500	DEBUG	protocol/handler.go:1649	have all messages and processed	{"{round 20 3  <nil>}": {"Key":"self","Type":15,"Integer":0,"String":"c","Interface":null}}
2025-08-15T22:13:26.620-0500	DEBUG	protocol/handler.go:596	round already finalized
2025-08-15T22:13:26.624-0500	DEBUG	protocol/handler.go:581	tryAdvanceRound called	{"{current_round 20 3  <nil>}": {"Key":"self","Type":15,"Integer":0,"String":"c","Interface":null}}
2025-08-15T22:13:26.624-0500	DEBUG	protocol/handler.go:1591	have processed broadcast	{"{round 20 3  <nil>}": {"Key":"from","Type":15,"Integer":0,"String":"a","Interface":null}}
2025-08-15T22:13:26.626-0500	DEBUG	protocol/handler.go:1591	have processed broadcast	{"{round 20 3  <nil>}": {"Key":"from","Type":15,"Integer":0,"String":"b","Interface":null}}
2025-08-15T22:13:26.677-0500	DEBUG	protocol/handler.go:581	tryAdvanceRound called	{"{current_round 20 3  <nil>}": {"Key":"self","Type":15,"Integer":0,"String":"b","Interface":null}}
2025-08-15T22:13:26.680-0500	DEBUG	protocol/handler.go:1591	have processed broadcast	{"{round 20 3  <nil>}": {"Key":"from","Type":15,"Integer":0,"String":"a","Interface":null}}
2025-08-15T22:13:26.680-0500	DEBUG	protocol/handler.go:1591	have processed broadcast	{"{round 20 3  <nil>}": {"Key":"from","Type":15,"Integer":0,"String":"c","Interface":null}}
2025-08-15T22:13:26.682-0500	DEBUG	protocol/handler.go:1649	have all messages and processed	{"{round 20 3  <nil>}": {"Key":"self","Type":15,"Integer":0,"String":"b","Interface":null}}
2025-08-15T22:13:26.682-0500	DEBUG	protocol/handler.go:596	round already finalized
2025-08-15T22:13:26.682-0500	DEBUG	protocol/handler.go:581	tryAdvanceRound called	{"{current_round 20 3  <nil>}": {"Key":"self","Type":15,"Integer":0,"String":"b","Interface":null}}
2025-08-15T22:13:26.682-0500	DEBUG	protocol/handler.go:1591	have processed broadcast	{"{round 20 3  <nil>}": {"Key":"from","Type":15,"Integer":0,"String":"a","Interface":null}}
2025-08-15T22:13:26.682-0500	DEBUG	protocol/handler.go:1591	have processed broadcast	{"{round 20 3  <nil>}": {"Key":"from","Type":15,"Integer":0,"String":"c","Interface":null}}
2025-08-15T22:13:26.682-0500	DEBUG	protocol/handler.go:1649	have all messages and processed	{"{round 20 3  <nil>}": {"Key":"self","Type":15,"Integer":0,"String":"b","Interface":null}}
2025-08-15T22:13:26.682-0500	DEBUG	protocol/handler.go:596	round already finalized
2025-08-15T22:13:26.682-0500	DEBUG	protocol/handler.go:581	tryAdvanceRound called	{"{current_round 20 3  <nil>}": {"Key":"self","Type":15,"Integer":0,"String":"b","Interface":null}}
2025-08-15T22:13:26.682-0500	DEBUG	protocol/handler.go:1591	have processed broadcast	{"{round 20 3  <nil>}": {"Key":"from","Type":15,"Integer":0,"String":"a","Interface":null}}
2025-08-15T22:13:26.682-0500	DEBUG	protocol/handler.go:1591	have processed broadcast	{"{round 20 3  <nil>}": {"Key":"from","Type":15,"Integer":0,"String":"c","Interface":null}}
2025-08-15T22:13:26.682-0500	DEBUG	protocol/handler.go:1649	have all messages and processed	{"{round 20 3  <nil>}": {"Key":"self","Type":15,"Integer":0,"String":"b","Interface":null}}
2025-08-15T22:13:26.682-0500	DEBUG	protocol/handler.go:596	round already finalized
2025-08-15T22:13:26.709-0500	DEBUG	protocol/handler.go:581	tryAdvanceRound called	{"{current_round 20 3  <nil>}": {"Key":"self","Type":15,"Integer":0,"String":"b","Interface":null}}
2025-08-15T22:13:26.709-0500	DEBUG	protocol/handler.go:1591	have processed broadcast	{"{round 20 3  <nil>}": {"Key":"from","Type":15,"Integer":0,"String":"a","Interface":null}}
2025-08-15T22:13:26.709-0500	DEBUG	protocol/handler.go:1591	have processed broadcast	{"{round 20 3  <nil>}": {"Key":"from","Type":15,"Integer":0,"String":"c","Interface":null}}
2025-08-15T22:13:26.709-0500	DEBUG	protocol/handler.go:1649	have all messages and processed	{"{round 20 3  <nil>}": {"Key":"self","Type":15,"Integer":0,"String":"b","Interface":null}}
2025-08-15T22:13:26.709-0500	DEBUG	protocol/handler.go:596	round already finalized
2025-08-15T22:13:26.702-0500	DEBUG	protocol/handler.go:1649	have all messages and processed	{"{round 20 3  <nil>}": {"Key":"self","Type":15,"Integer":0,"String":"c","Interface":null}}
2025-08-15T22:13:26.716-0500	DEBUG	protocol/handler.go:596	round already finalized
2025-08-15T22:13:26.716-0500	DEBUG	protocol/handler.go:581	tryAdvanceRound called	{"{current_round 20 3  <nil>}": {"Key":"self","Type":15,"Integer":0,"String":"c","Interface":null}}
2025-08-15T22:13:26.716-0500	DEBUG	protocol/handler.go:1591	have processed broadcast	{"{round 20 3  <nil>}": {"Key":"from","Type":15,"Integer":0,"String":"a","Interface":null}}
2025-08-15T22:13:26.716-0500	DEBUG	protocol/handler.go:1591	have processed broadcast	{"{round 20 3  <nil>}": {"Key":"from","Type":15,"Integer":0,"String":"b","Interface":null}}
2025-08-15T22:13:26.716-0500	DEBUG	protocol/handler.go:1649	have all messages and processed	{"{round 20 3  <nil>}": {"Key":"self","Type":15,"Integer":0,"String":"c","Interface":null}}
2025-08-15T22:13:26.716-0500	DEBUG	protocol/handler.go:596	round already finalized
2025-08-15T22:13:26.626-0500	DEBUG	protocol/handler.go:581	tryAdvanceRound called	{"{current_round 20 3  <nil>}": {"Key":"self","Type":15,"Integer":0,"String":"a","Interface":null}}
2025-08-15T22:13:26.717-0500	DEBUG	protocol/handler.go:1591	have processed broadcast	{"{round 20 3  <nil>}": {"Key":"from","Type":15,"Integer":0,"String":"b","Interface":null}}
2025-08-15T22:13:26.717-0500	DEBUG	protocol/handler.go:1591	have processed broadcast	{"{round 20 3  <nil>}": {"Key":"from","Type":15,"Integer":0,"String":"c","Interface":null}}
2025-08-15T22:13:26.717-0500	DEBUG	protocol/handler.go:1649	have all messages and processed	{"{round 20 3  <nil>}": {"Key":"self","Type":15,"Integer":0,"String":"a","Interface":null}}
2025-08-15T22:13:26.717-0500	DEBUG	protocol/handler.go:596	round already finalized
2025-08-15T22:13:26.717-0500	DEBUG	protocol/handler.go:581	tryAdvanceRound called	{"{current_round 20 3  <nil>}": {"Key":"self","Type":15,"Integer":0,"String":"a","Interface":null}}
2025-08-15T22:13:26.717-0500	DEBUG	protocol/handler.go:1591	have processed broadcast	{"{round 20 3  <nil>}": {"Key":"from","Type":15,"Integer":0,"String":"b","Interface":null}}
2025-08-15T22:13:26.717-0500	DEBUG	protocol/handler.go:1591	have processed broadcast	{"{round 20 3  <nil>}": {"Key":"from","Type":15,"Integer":0,"String":"c","Interface":null}}
2025-08-15T22:13:26.717-0500	DEBUG	protocol/handler.go:1649	have all messages and processed	{"{round 20 3  <nil>}": {"Key":"self","Type":15,"Integer":0,"String":"a","Interface":null}}
2025-08-15T22:13:26.717-0500	DEBUG	protocol/handler.go:596	round already finalized
2025-08-15T22:13:26.748-0500	DEBUG	protocol/handler.go:581	tryAdvanceRound called	{"{current_round 20 3  <nil>}": {"Key":"self","Type":15,"Integer":0,"String":"b","Interface":null}}
2025-08-15T22:13:26.749-0500	DEBUG	protocol/handler.go:1591	have processed broadcast	{"{round 20 3  <nil>}": {"Key":"from","Type":15,"Integer":0,"String":"a","Interface":null}}
2025-08-15T22:13:26.749-0500	DEBUG	protocol/handler.go:1591	have processed broadcast	{"{round 20 3  <nil>}": {"Key":"from","Type":15,"Integer":0,"String":"c","Interface":null}}
2025-08-15T22:13:26.749-0500	DEBUG	protocol/handler.go:1649	have all messages and processed	{"{round 20 3  <nil>}": {"Key":"self","Type":15,"Integer":0,"String":"b","Interface":null}}
2025-08-15T22:13:26.749-0500	DEBUG	protocol/handler.go:596	round already finalized
2025-08-15T22:13:26.749-0500	DEBUG	protocol/handler.go:581	tryAdvanceRound called	{"{current_round 20 3  <nil>}": {"Key":"self","Type":15,"Integer":0,"String":"b","Interface":null}}
2025-08-15T22:13:26.757-0500	DEBUG	protocol/handler.go:1591	have processed broadcast	{"{round 20 3  <nil>}": {"Key":"from","Type":15,"Integer":0,"String":"a","Interface":null}}
2025-08-15T22:13:26.757-0500	DEBUG	protocol/handler.go:1591	have processed broadcast	{"{round 20 3  <nil>}": {"Key":"from","Type":15,"Integer":0,"String":"c","Interface":null}}
2025-08-15T22:13:26.757-0500	DEBUG	protocol/handler.go:1649	have all messages and processed	{"{round 20 3  <nil>}": {"Key":"self","Type":15,"Integer":0,"String":"b","Interface":null}}
2025-08-15T22:13:26.757-0500	DEBUG	protocol/handler.go:596	round already finalized
2025-08-15T22:13:26.757-0500	DEBUG	protocol/handler.go:581	tryAdvanceRound called	{"{current_round 20 3  <nil>}": {"Key":"self","Type":15,"Integer":0,"String":"b","Interface":null}}
2025-08-15T22:13:26.798-0500	DEBUG	protocol/handler.go:1591	have processed broadcast	{"{round 20 3  <nil>}": {"Key":"from","Type":15,"Integer":0,"String":"a","Interface":null}}
2025-08-15T22:13:26.798-0500	DEBUG	protocol/handler.go:1591	have processed broadcast	{"{round 20 3  <nil>}": {"Key":"from","Type":15,"Integer":0,"String":"c","Interface":null}}
2025-08-15T22:13:26.798-0500	DEBUG	protocol/handler.go:1649	have all messages and processed	{"{round 20 3  <nil>}": {"Key":"self","Type":15,"Integer":0,"String":"b","Interface":null}}
2025-08-15T22:13:26.798-0500	DEBUG	protocol/handler.go:596	round already finalized
2025-08-15T22:13:26.806-0500	DEBUG	protocol/handler.go:581	tryAdvanceRound called	{"{current_round 20 3  <nil>}": {"Key":"self","Type":15,"Integer":0,"String":"b","Interface":null}}
2025-08-15T22:13:26.806-0500	DEBUG	protocol/handler.go:581	tryAdvanceRound called	{"{current_round 20 3  <nil>}": {"Key":"self","Type":15,"Integer":0,"String":"c","Interface":null}}
2025-08-15T22:13:26.806-0500	DEBUG	protocol/handler.go:1591	have processed broadcast	{"{round 20 3  <nil>}": {"Key":"from","Type":15,"Integer":0,"String":"a","Interface":null}}
2025-08-15T22:13:26.806-0500	DEBUG	protocol/handler.go:1591	have processed broadcast	{"{round 20 3  <nil>}": {"Key":"from","Type":15,"Integer":0,"String":"a","Interface":null}}
2025-08-15T22:13:26.806-0500	DEBUG	protocol/handler.go:1591	have processed broadcast	{"{round 20 3  <nil>}": {"Key":"from","Type":15,"Integer":0,"String":"c","Interface":null}}
2025-08-15T22:13:26.806-0500	DEBUG	protocol/handler.go:1591	have processed broadcast	{"{round 20 3  <nil>}": {"Key":"from","Type":15,"Integer":0,"String":"b","Interface":null}}
2025-08-15T22:13:26.806-0500	DEBUG	protocol/handler.go:1649	have all messages and processed	{"{round 20 3  <nil>}": {"Key":"self","Type":15,"Integer":0,"String":"b","Interface":null}}
2025-08-15T22:13:26.806-0500	DEBUG	protocol/handler.go:1649	have all messages and processed	{"{round 20 3  <nil>}": {"Key":"self","Type":15,"Integer":0,"String":"c","Interface":null}}
2025-08-15T22:13:26.807-0500	DEBUG	protocol/handler.go:596	round already finalized
2025-08-15T22:13:26.807-0500	DEBUG	protocol/handler.go:596	round already finalized
2025-08-15T22:13:26.807-0500	DEBUG	protocol/handler.go:581	tryAdvanceRound called	{"{current_round 20 3  <nil>}": {"Key":"self","Type":15,"Integer":0,"String":"b","Interface":null}}
2025-08-15T22:13:26.807-0500	DEBUG	protocol/handler.go:1591	have processed broadcast	{"{round 20 3  <nil>}": {"Key":"from","Type":15,"Integer":0,"String":"a","Interface":null}}
2025-08-15T22:13:26.807-0500	DEBUG	protocol/handler.go:1591	have processed broadcast	{"{round 20 3  <nil>}": {"Key":"from","Type":15,"Integer":0,"String":"c","Interface":null}}
2025-08-15T22:13:26.807-0500	DEBUG	protocol/handler.go:1649	have all messages and processed	{"{round 20 3  <nil>}": {"Key":"self","Type":15,"Integer":0,"String":"b","Interface":null}}
2025-08-15T22:13:26.807-0500	DEBUG	protocol/handler.go:596	round already finalized
2025-08-15T22:13:26.807-0500	DEBUG	protocol/handler.go:581	tryAdvanceRound called	{"{current_round 20 3  <nil>}": {"Key":"self","Type":15,"Integer":0,"String":"c","Interface":null}}
2025-08-15T22:13:26.811-0500	DEBUG	protocol/handler.go:1591	have processed broadcast	{"{round 20 3  <nil>}": {"Key":"from","Type":15,"Integer":0,"String":"a","Interface":null}}
2025-08-15T22:13:26.814-0500	DEBUG	protocol/handler.go:1591	have processed broadcast	{"{round 20 3  <nil>}": {"Key":"from","Type":15,"Integer":0,"String":"b","Interface":null}}
2025-08-15T22:13:26.815-0500	DEBUG	protocol/handler.go:1649	have all messages and processed	{"{round 20 3  <nil>}": {"Key":"self","Type":15,"Integer":0,"String":"c","Interface":null}}
2025-08-15T22:13:26.815-0500	DEBUG	protocol/handler.go:596	round already finalized
2025-08-15T22:13:26.815-0500	DEBUG	protocol/handler.go:581	tryAdvanceRound called	{"{current_round 20 3  <nil>}": {"Key":"self","Type":15,"Integer":0,"String":"a","Interface":null}}
2025-08-15T22:13:26.815-0500	DEBUG	protocol/handler.go:1591	have processed broadcast	{"{round 20 3  <nil>}": {"Key":"from","Type":15,"Integer":0,"String":"b","Interface":null}}
2025-08-15T22:13:26.815-0500	DEBUG	protocol/handler.go:1591	have processed broadcast	{"{round 20 3  <nil>}": {"Key":"from","Type":15,"Integer":0,"String":"c","Interface":null}}
2025-08-15T22:13:26.815-0500	DEBUG	protocol/handler.go:1649	have all messages and processed	{"{round 20 3  <nil>}": {"Key":"self","Type":15,"Integer":0,"String":"a","Interface":null}}
2025-08-15T22:13:26.815-0500	DEBUG	protocol/handler.go:596	round already finalized
2025-08-15T22:13:26.815-0500	DEBUG	protocol/handler.go:581	tryAdvanceRound called	{"{current_round 20 3  <nil>}": {"Key":"self","Type":15,"Integer":0,"String":"a","Interface":null}}
2025-08-15T22:13:26.826-0500	DEBUG	protocol/handler.go:1591	have processed broadcast	{"{round 20 3  <nil>}": {"Key":"from","Type":15,"Integer":0,"String":"b","Interface":null}}
2025-08-15T22:13:26.826-0500	DEBUG	protocol/handler.go:1591	have processed broadcast	{"{round 20 3  <nil>}": {"Key":"from","Type":15,"Integer":0,"String":"c","Interface":null}}
2025-08-15T22:13:26.826-0500	DEBUG	protocol/handler.go:1649	have all messages and processed	{"{round 20 3  <nil>}": {"Key":"self","Type":15,"Integer":0,"String":"a","Interface":null}}
2025-08-15T22:13:26.826-0500	DEBUG	protocol/handler.go:596	round already finalized
2025-08-15T22:13:26.826-0500	DEBUG	protocol/handler.go:581	tryAdvanceRound called	{"{current_round 20 3  <nil>}": {"Key":"self","Type":15,"Integer":0,"String":"a","Interface":null}}
2025-08-15T22:13:26.826-0500	DEBUG	protocol/handler.go:1591	have processed broadcast	{"{round 20 3  <nil>}": {"Key":"from","Type":15,"Integer":0,"String":"b","Interface":null}}
2025-08-15T22:13:26.826-0500	DEBUG	protocol/handler.go:1591	have processed broadcast	{"{round 20 3  <nil>}": {"Key":"from","Type":15,"Integer":0,"String":"c","Interface":null}}
2025-08-15T22:13:26.826-0500	DEBUG	protocol/handler.go:1649	have all messages and processed	{"{round 20 3  <nil>}": {"Key":"self","Type":15,"Integer":0,"String":"a","Interface":null}}
2025-08-15T22:13:26.827-0500	DEBUG	protocol/handler.go:596	round already finalized
2025-08-15T22:13:26.827-0500	DEBUG	protocol/handler.go:581	tryAdvanceRound called	{"{current_round 20 3  <nil>}": {"Key":"self","Type":15,"Integer":0,"String":"c","Interface":null}}
2025-08-15T22:13:26.827-0500	DEBUG	protocol/handler.go:1591	have processed broadcast	{"{round 20 3  <nil>}": {"Key":"from","Type":15,"Integer":0,"String":"a","Interface":null}}
2025-08-15T22:13:26.828-0500	DEBUG	protocol/handler.go:1591	have processed broadcast	{"{round 20 3  <nil>}": {"Key":"from","Type":15,"Integer":0,"String":"b","Interface":null}}
2025-08-15T22:13:26.828-0500	DEBUG	protocol/handler.go:1649	have all messages and processed	{"{round 20 3  <nil>}": {"Key":"self","Type":15,"Integer":0,"String":"c","Interface":null}}
2025-08-15T22:13:26.828-0500	DEBUG	protocol/handler.go:596	round already finalized
2025-08-15T22:13:26.828-0500	DEBUG	protocol/handler.go:581	tryAdvanceRound called	{"{current_round 20 3  <nil>}": {"Key":"self","Type":15,"Integer":0,"String":"c","Interface":null}}
2025-08-15T22:13:26.833-0500	DEBUG	protocol/handler.go:1591	have processed broadcast	{"{round 20 3  <nil>}": {"Key":"from","Type":15,"Integer":0,"String":"a","Interface":null}}
2025-08-15T22:13:26.836-0500	DEBUG	protocol/handler.go:1591	have processed broadcast	{"{round 20 3  <nil>}": {"Key":"from","Type":15,"Integer":0,"String":"b","Interface":null}}
2025-08-15T22:13:26.836-0500	DEBUG	protocol/handler.go:1649	have all messages and processed	{"{round 20 3  <nil>}": {"Key":"self","Type":15,"Integer":0,"String":"c","Interface":null}}
2025-08-15T22:13:26.836-0500	DEBUG	protocol/handler.go:596	round already finalized
2025-08-15T22:13:26.836-0500	DEBUG	protocol/handler.go:581	tryAdvanceRound called	{"{current_round 20 3  <nil>}": {"Key":"self","Type":15,"Integer":0,"String":"c","Interface":null}}
2025-08-15T22:13:26.836-0500	DEBUG	protocol/handler.go:1591	have processed broadcast	{"{round 20 3  <nil>}": {"Key":"from","Type":15,"Integer":0,"String":"a","Interface":null}}
2025-08-15T22:13:26.836-0500	DEBUG	protocol/handler.go:1591	have processed broadcast	{"{round 20 3  <nil>}": {"Key":"from","Type":15,"Integer":0,"String":"b","Interface":null}}
2025-08-15T22:13:26.836-0500	DEBUG	protocol/handler.go:1649	have all messages and processed	{"{round 20 3  <nil>}": {"Key":"self","Type":15,"Integer":0,"String":"c","Interface":null}}
2025-08-15T22:13:26.838-0500	DEBUG	protocol/handler.go:581	tryAdvanceRound called	{"{current_round 20 3  <nil>}": {"Key":"self","Type":15,"Integer":0,"String":"a","Interface":null}}
2025-08-15T22:13:26.838-0500	DEBUG	protocol/handler.go:1591	have processed broadcast	{"{round 20 3  <nil>}": {"Key":"from","Type":15,"Integer":0,"String":"b","Interface":null}}
2025-08-15T22:13:26.838-0500	DEBUG	protocol/handler.go:1591	have processed broadcast	{"{round 20 3  <nil>}": {"Key":"from","Type":15,"Integer":0,"String":"c","Interface":null}}
2025-08-15T22:13:26.838-0500	DEBUG	protocol/handler.go:1649	have all messages and processed	{"{round 20 3  <nil>}": {"Key":"self","Type":15,"Integer":0,"String":"a","Interface":null}}
2025-08-15T22:13:26.839-0500	DEBUG	protocol/handler.go:596	round already finalized
2025-08-15T22:13:26.862-0500	DEBUG	protocol/handler.go:581	tryAdvanceRound called	{"{current_round 20 3  <nil>}": {"Key":"self","Type":15,"Integer":0,"String":"a","Interface":null}}
2025-08-15T22:13:26.865-0500	DEBUG	protocol/handler.go:1591	have processed broadcast	{"{round 20 3  <nil>}": {"Key":"from","Type":15,"Integer":0,"String":"b","Interface":null}}
2025-08-15T22:13:26.865-0500	DEBUG	protocol/handler.go:1591	have processed broadcast	{"{round 20 3  <nil>}": {"Key":"from","Type":15,"Integer":0,"String":"c","Interface":null}}
2025-08-15T22:13:26.865-0500	DEBUG	protocol/handler.go:1649	have all messages and processed	{"{round 20 3  <nil>}": {"Key":"self","Type":15,"Integer":0,"String":"a","Interface":null}}
2025-08-15T22:13:26.865-0500	DEBUG	protocol/handler.go:596	round already finalized
2025-08-15T22:13:26.836-0500	DEBUG	protocol/handler.go:596	round already finalized
2025-08-15T22:13:26.879-0500	DEBUG	protocol/handler.go:581	tryAdvanceRound called	{"{current_round 20 3  <nil>}": {"Key":"self","Type":15,"Integer":0,"String":"c","Interface":null}}
2025-08-15T22:13:26.879-0500	DEBUG	protocol/handler.go:1591	have processed broadcast	{"{round 20 3  <nil>}": {"Key":"from","Type":15,"Integer":0,"String":"a","Interface":null}}
2025-08-15T22:13:26.879-0500	DEBUG	protocol/handler.go:1591	have processed broadcast	{"{round 20 3  <nil>}": {"Key":"from","Type":15,"Integer":0,"String":"b","Interface":null}}
2025-08-15T22:13:26.879-0500	DEBUG	protocol/handler.go:1649	have all messages and processed	{"{round 20 3  <nil>}": {"Key":"self","Type":15,"Integer":0,"String":"c","Interface":null}}
2025-08-15T22:13:26.879-0500	DEBUG	protocol/handler.go:596	round already finalized
2025-08-15T22:13:26.876-0500	DEBUG	protocol/handler.go:581	tryAdvanceRound called	{"{current_round 20 3  <nil>}": {"Key":"self","Type":15,"Integer":0,"String":"a","Interface":null}}
2025-08-15T22:13:26.887-0500	DEBUG	protocol/handler.go:1591	have processed broadcast	{"{round 20 3  <nil>}": {"Key":"from","Type":15,"Integer":0,"String":"b","Interface":null}}
2025-08-15T22:13:26.887-0500	DEBUG	protocol/handler.go:1591	have processed broadcast	{"{round 20 3  <nil>}": {"Key":"from","Type":15,"Integer":0,"String":"c","Interface":null}}
2025-08-15T22:13:26.887-0500	DEBUG	protocol/handler.go:1649	have all messages and processed	{"{round 20 3  <nil>}": {"Key":"self","Type":15,"Integer":0,"String":"a","Interface":null}}
2025-08-15T22:13:26.887-0500	DEBUG	protocol/handler.go:596	round already finalized
2025-08-15T22:13:26.893-0500	DEBUG	protocol/handler.go:581	tryAdvanceRound called	{"{current_round 20 3  <nil>}": {"Key":"self","Type":15,"Integer":0,"String":"b","Interface":null}}
2025-08-15T22:13:26.893-0500	DEBUG	protocol/handler.go:1591	have processed broadcast	{"{round 20 3  <nil>}": {"Key":"from","Type":15,"Integer":0,"String":"a","Interface":null}}
2025-08-15T22:13:26.893-0500	DEBUG	protocol/handler.go:1591	have processed broadcast	{"{round 20 3  <nil>}": {"Key":"from","Type":15,"Integer":0,"String":"c","Interface":null}}
2025-08-15T22:13:26.893-0500	DEBUG	protocol/handler.go:1649	have all messages and processed	{"{round 20 3  <nil>}": {"Key":"self","Type":15,"Integer":0,"String":"b","Interface":null}}
2025-08-15T22:13:26.893-0500	DEBUG	protocol/handler.go:596	round already finalized
2025-08-15T22:13:26.894-0500	DEBUG	protocol/handler.go:581	tryAdvanceRound called	{"{current_round 20 3  <nil>}": {"Key":"self","Type":15,"Integer":0,"String":"b","Interface":null}}
2025-08-15T22:13:26.894-0500	DEBUG	protocol/handler.go:1591	have processed broadcast	{"{round 20 3  <nil>}": {"Key":"from","Type":15,"Integer":0,"String":"a","Interface":null}}
2025-08-15T22:13:26.894-0500	DEBUG	protocol/handler.go:1591	have processed broadcast	{"{round 20 3  <nil>}": {"Key":"from","Type":15,"Integer":0,"String":"c","Interface":null}}
2025-08-15T22:13:26.894-0500	DEBUG	protocol/handler.go:1649	have all messages and processed	{"{round 20 3  <nil>}": {"Key":"self","Type":15,"Integer":0,"String":"b","Interface":null}}
2025-08-15T22:13:26.894-0500	DEBUG	protocol/handler.go:596	round already finalized
2025-08-15T22:13:26.893-0500	DEBUG	protocol/handler.go:581	tryAdvanceRound called	{"{current_round 20 3  <nil>}": {"Key":"self","Type":15,"Integer":0,"String":"c","Interface":null}}
2025-08-15T22:13:26.902-0500	DEBUG	protocol/handler.go:1591	have processed broadcast	{"{round 20 3  <nil>}": {"Key":"from","Type":15,"Integer":0,"String":"a","Interface":null}}
2025-08-15T22:13:26.902-0500	DEBUG	protocol/handler.go:1591	have processed broadcast	{"{round 20 3  <nil>}": {"Key":"from","Type":15,"Integer":0,"String":"b","Interface":null}}
2025-08-15T22:13:26.902-0500	DEBUG	protocol/handler.go:1649	have all messages and processed	{"{round 20 3  <nil>}": {"Key":"self","Type":15,"Integer":0,"String":"c","Interface":null}}
2025-08-15T22:13:26.902-0500	DEBUG	protocol/handler.go:596	round already finalized
2025-08-15T22:13:26.903-0500	DEBUG	protocol/handler.go:581	tryAdvanceRound called	{"{current_round 20 3  <nil>}": {"Key":"self","Type":15,"Integer":0,"String":"c","Interface":null}}
2025-08-15T22:13:26.903-0500	DEBUG	protocol/handler.go:1591	have processed broadcast	{"{round 20 3  <nil>}": {"Key":"from","Type":15,"Integer":0,"String":"a","Interface":null}}
2025-08-15T22:13:26.903-0500	DEBUG	protocol/handler.go:1591	have processed broadcast	{"{round 20 3  <nil>}": {"Key":"from","Type":15,"Integer":0,"String":"b","Interface":null}}
2025-08-15T22:13:26.903-0500	DEBUG	protocol/handler.go:1649	have all messages and processed	{"{round 20 3  <nil>}": {"Key":"self","Type":15,"Integer":0,"String":"c","Interface":null}}
2025-08-15T22:13:26.903-0500	DEBUG	protocol/handler.go:596	round already finalized
2025-08-15T22:13:26.903-0500	DEBUG	protocol/handler.go:581	tryAdvanceRound called	{"{current_round 20 3  <nil>}": {"Key":"self","Type":15,"Integer":0,"String":"c","Interface":null}}
2025-08-15T22:13:26.903-0500	DEBUG	protocol/handler.go:1591	have processed broadcast	{"{round 20 3  <nil>}": {"Key":"from","Type":15,"Integer":0,"String":"a","Interface":null}}
2025-08-15T22:13:26.903-0500	DEBUG	protocol/handler.go:1591	have processed broadcast	{"{round 20 3  <nil>}": {"Key":"from","Type":15,"Integer":0,"String":"b","Interface":null}}
2025-08-15T22:13:26.905-0500	DEBUG	protocol/handler.go:1649	have all messages and processed	{"{round 20 3  <nil>}": {"Key":"self","Type":15,"Integer":0,"String":"c","Interface":null}}
2025-08-15T22:13:26.905-0500	DEBUG	protocol/handler.go:596	round already finalized
2025-08-15T22:13:26.915-0500	DEBUG	protocol/handler.go:581	tryAdvanceRound called	{"{current_round 20 3  <nil>}": {"Key":"self","Type":15,"Integer":0,"String":"a","Interface":null}}
2025-08-15T22:13:26.915-0500	DEBUG	protocol/handler.go:1591	have processed broadcast	{"{round 20 3  <nil>}": {"Key":"from","Type":15,"Integer":0,"String":"b","Interface":null}}
2025-08-15T22:13:26.915-0500	DEBUG	protocol/handler.go:1591	have processed broadcast	{"{round 20 3  <nil>}": {"Key":"from","Type":15,"Integer":0,"String":"c","Interface":null}}
2025-08-15T22:13:26.915-0500	DEBUG	protocol/handler.go:1649	have all messages and processed	{"{round 20 3  <nil>}": {"Key":"self","Type":15,"Integer":0,"String":"a","Interface":null}}
2025-08-15T22:13:26.915-0500	DEBUG	protocol/handler.go:596	round already finalized
2025-08-15T22:13:26.950-0500	DEBUG	protocol/handler.go:581	tryAdvanceRound called	{"{current_round 20 3  <nil>}": {"Key":"self","Type":15,"Integer":0,"String":"c","Interface":null}}
2025-08-15T22:13:26.950-0500	DEBUG	protocol/handler.go:1591	have processed broadcast	{"{round 20 3  <nil>}": {"Key":"from","Type":15,"Integer":0,"String":"a","Interface":null}}
2025-08-15T22:13:26.950-0500	DEBUG	protocol/handler.go:1591	have processed broadcast	{"{round 20 3  <nil>}": {"Key":"from","Type":15,"Integer":0,"String":"b","Interface":null}}
2025-08-15T22:13:26.950-0500	DEBUG	protocol/handler.go:1649	have all messages and processed	{"{round 20 3  <nil>}": {"Key":"self","Type":15,"Integer":0,"String":"c","Interface":null}}
2025-08-15T22:13:26.950-0500	DEBUG	protocol/handler.go:596	round already finalized
2025-08-15T22:13:26.951-0500	DEBUG	protocol/handler.go:581	tryAdvanceRound called	{"{current_round 20 3  <nil>}": {"Key":"self","Type":15,"Integer":0,"String":"c","Interface":null}}
2025-08-15T22:13:26.951-0500	DEBUG	protocol/handler.go:1591	have processed broadcast	{"{round 20 3  <nil>}": {"Key":"from","Type":15,"Integer":0,"String":"a","Interface":null}}
2025-08-15T22:13:26.951-0500	DEBUG	protocol/handler.go:1591	have processed broadcast	{"{round 20 3  <nil>}": {"Key":"from","Type":15,"Integer":0,"String":"b","Interface":null}}
2025-08-15T22:13:26.958-0500	DEBUG	protocol/handler.go:1649	have all messages and processed	{"{round 20 3  <nil>}": {"Key":"self","Type":15,"Integer":0,"String":"c","Interface":null}}
2025-08-15T22:13:26.958-0500	DEBUG	protocol/handler.go:581	tryAdvanceRound called	{"{current_round 20 3  <nil>}": {"Key":"self","Type":15,"Integer":0,"String":"a","Interface":null}}
2025-08-15T22:13:26.958-0500	DEBUG	protocol/handler.go:1591	have processed broadcast	{"{round 20 3  <nil>}": {"Key":"from","Type":15,"Integer":0,"String":"b","Interface":null}}
2025-08-15T22:13:26.957-0500	DEBUG	protocol/handler.go:581	tryAdvanceRound called	{"{current_round 20 3  <nil>}": {"Key":"self","Type":15,"Integer":0,"String":"b","Interface":null}}
2025-08-15T22:13:26.960-0500	DEBUG	protocol/handler.go:1591	have processed broadcast	{"{round 20 3  <nil>}": {"Key":"from","Type":15,"Integer":0,"String":"a","Interface":null}}
2025-08-15T22:13:26.960-0500	DEBUG	protocol/handler.go:1591	have processed broadcast	{"{round 20 3  <nil>}": {"Key":"from","Type":15,"Integer":0,"String":"c","Interface":null}}
2025-08-15T22:13:26.960-0500	DEBUG	protocol/handler.go:1649	have all messages and processed	{"{round 20 3  <nil>}": {"Key":"self","Type":15,"Integer":0,"String":"b","Interface":null}}
2025-08-15T22:13:26.960-0500	DEBUG	protocol/handler.go:596	round already finalized
2025-08-15T22:13:26.960-0500	DEBUG	protocol/handler.go:581	tryAdvanceRound called	{"{current_round 20 3  <nil>}": {"Key":"self","Type":15,"Integer":0,"String":"b","Interface":null}}
2025-08-15T22:13:26.958-0500	DEBUG	protocol/handler.go:1591	have processed broadcast	{"{round 20 3  <nil>}": {"Key":"from","Type":15,"Integer":0,"String":"c","Interface":null}}
2025-08-15T22:13:26.961-0500	DEBUG	protocol/handler.go:1649	have all messages and processed	{"{round 20 3  <nil>}": {"Key":"self","Type":15,"Integer":0,"String":"a","Interface":null}}
2025-08-15T22:13:26.961-0500	DEBUG	protocol/handler.go:596	round already finalized
2025-08-15T22:13:26.961-0500	DEBUG	protocol/handler.go:581	tryAdvanceRound called	{"{current_round 20 3  <nil>}": {"Key":"self","Type":15,"Integer":0,"String":"a","Interface":null}}
2025-08-15T22:13:26.961-0500	DEBUG	protocol/handler.go:1591	have processed broadcast	{"{round 20 3  <nil>}": {"Key":"from","Type":15,"Integer":0,"String":"b","Interface":null}}
2025-08-15T22:13:26.961-0500	DEBUG	protocol/handler.go:1591	have processed broadcast	{"{round 20 3  <nil>}": {"Key":"from","Type":15,"Integer":0,"String":"c","Interface":null}}
2025-08-15T22:13:26.961-0500	DEBUG	protocol/handler.go:1649	have all messages and processed	{"{round 20 3  <nil>}": {"Key":"self","Type":15,"Integer":0,"String":"a","Interface":null}}
2025-08-15T22:13:26.961-0500	DEBUG	protocol/handler.go:596	round already finalized
2025-08-15T22:13:26.958-0500	DEBUG	protocol/handler.go:596	round already finalized
2025-08-15T22:13:26.962-0500	DEBUG	protocol/handler.go:581	tryAdvanceRound called	{"{current_round 20 3  <nil>}": {"Key":"self","Type":15,"Integer":0,"String":"c","Interface":null}}
2025-08-15T22:13:26.962-0500	DEBUG	protocol/handler.go:1591	have processed broadcast	{"{round 20 3  <nil>}": {"Key":"from","Type":15,"Integer":0,"String":"a","Interface":null}}
2025-08-15T22:13:26.963-0500	DEBUG	protocol/handler.go:1591	have processed broadcast	{"{round 20 3  <nil>}": {"Key":"from","Type":15,"Integer":0,"String":"b","Interface":null}}
2025-08-15T22:13:26.963-0500	DEBUG	protocol/handler.go:1649	have all messages and processed	{"{round 20 3  <nil>}": {"Key":"self","Type":15,"Integer":0,"String":"c","Interface":null}}
2025-08-15T22:13:26.963-0500	DEBUG	protocol/handler.go:596	round already finalized
2025-08-15T22:13:26.966-0500	DEBUG	protocol/handler.go:1591	have processed broadcast	{"{round 20 3  <nil>}": {"Key":"from","Type":15,"Integer":0,"String":"a","Interface":null}}
2025-08-15T22:13:26.966-0500	DEBUG	protocol/handler.go:1591	have processed broadcast	{"{round 20 3  <nil>}": {"Key":"from","Type":15,"Integer":0,"String":"c","Interface":null}}
2025-08-15T22:13:26.970-0500	DEBUG	protocol/handler.go:1649	have all messages and processed	{"{round 20 3  <nil>}": {"Key":"self","Type":15,"Integer":0,"String":"b","Interface":null}}
2025-08-15T22:13:26.971-0500	DEBUG	protocol/handler.go:596	round already finalized
2025-08-15T22:13:26.980-0500	DEBUG	protocol/handler.go:581	tryAdvanceRound called	{"{current_round 20 3  <nil>}": {"Key":"self","Type":15,"Integer":0,"String":"b","Interface":null}}
2025-08-15T22:13:26.983-0500	DEBUG	protocol/handler.go:1591	have processed broadcast	{"{round 20 3  <nil>}": {"Key":"from","Type":15,"Integer":0,"String":"a","Interface":null}}
2025-08-15T22:13:26.983-0500	DEBUG	protocol/handler.go:1591	have processed broadcast	{"{round 20 3  <nil>}": {"Key":"from","Type":15,"Integer":0,"String":"c","Interface":null}}
2025-08-15T22:13:26.983-0500	DEBUG	protocol/handler.go:1649	have all messages and processed	{"{round 20 3  <nil>}": {"Key":"self","Type":15,"Integer":0,"String":"b","Interface":null}}
2025-08-15T22:13:26.983-0500	DEBUG	protocol/handler.go:596	round already finalized
2025-08-15T22:13:26.983-0500	DEBUG	protocol/handler.go:581	tryAdvanceRound called	{"{current_round 20 3  <nil>}": {"Key":"self","Type":15,"Integer":0,"String":"b","Interface":null}}
2025-08-15T22:13:26.983-0500	DEBUG	protocol/handler.go:1591	have processed broadcast	{"{round 20 3  <nil>}": {"Key":"from","Type":15,"Integer":0,"String":"a","Interface":null}}
2025-08-15T22:13:26.983-0500	DEBUG	protocol/handler.go:1591	have processed broadcast	{"{round 20 3  <nil>}": {"Key":"from","Type":15,"Integer":0,"String":"c","Interface":null}}
2025-08-15T22:13:26.988-0500	DEBUG	protocol/handler.go:1649	have all messages and processed	{"{round 20 3  <nil>}": {"Key":"self","Type":15,"Integer":0,"String":"b","Interface":null}}
2025-08-15T22:13:26.996-0500	DEBUG	protocol/handler.go:596	round already finalized
2025-08-15T22:13:26.981-0500	DEBUG	protocol/handler.go:581	tryAdvanceRound called	{"{current_round 20 3  <nil>}": {"Key":"self","Type":15,"Integer":0,"String":"c","Interface":null}}
2025-08-15T22:13:26.998-0500	DEBUG	protocol/handler.go:1591	have processed broadcast	{"{round 20 3  <nil>}": {"Key":"from","Type":15,"Integer":0,"String":"a","Interface":null}}
2025-08-15T22:13:27.006-0500	DEBUG	protocol/handler.go:1591	have processed broadcast	{"{round 20 3  <nil>}": {"Key":"from","Type":15,"Integer":0,"String":"b","Interface":null}}
2025-08-15T22:13:27.006-0500	DEBUG	protocol/handler.go:1649	have all messages and processed	{"{round 20 3  <nil>}": {"Key":"self","Type":15,"Integer":0,"String":"c","Interface":null}}
2025-08-15T22:13:27.006-0500	DEBUG	protocol/handler.go:596	round already finalized
2025-08-15T22:13:27.006-0500	DEBUG	protocol/handler.go:581	tryAdvanceRound called	{"{current_round 20 3  <nil>}": {"Key":"self","Type":15,"Integer":0,"String":"c","Interface":null}}
2025-08-15T22:13:27.006-0500	DEBUG	protocol/handler.go:1591	have processed broadcast	{"{round 20 3  <nil>}": {"Key":"from","Type":15,"Integer":0,"String":"a","Interface":null}}
2025-08-15T22:13:27.006-0500	DEBUG	protocol/handler.go:1591	have processed broadcast	{"{round 20 3  <nil>}": {"Key":"from","Type":15,"Integer":0,"String":"b","Interface":null}}
2025-08-15T22:13:27.006-0500	DEBUG	protocol/handler.go:1649	have all messages and processed	{"{round 20 3  <nil>}": {"Key":"self","Type":15,"Integer":0,"String":"c","Interface":null}}
2025-08-15T22:13:27.006-0500	DEBUG	protocol/handler.go:596	round already finalized
2025-08-15T22:13:27.007-0500	DEBUG	protocol/handler.go:581	tryAdvanceRound called	{"{current_round 20 3  <nil>}": {"Key":"self","Type":15,"Integer":0,"String":"a","Interface":null}}
2025-08-15T22:13:27.007-0500	DEBUG	protocol/handler.go:1591	have processed broadcast	{"{round 20 3  <nil>}": {"Key":"from","Type":15,"Integer":0,"String":"b","Interface":null}}
2025-08-15T22:13:27.007-0500	DEBUG	protocol/handler.go:1591	have processed broadcast	{"{round 20 3  <nil>}": {"Key":"from","Type":15,"Integer":0,"String":"c","Interface":null}}
2025-08-15T22:13:27.007-0500	DEBUG	protocol/handler.go:1649	have all messages and processed	{"{round 20 3  <nil>}": {"Key":"self","Type":15,"Integer":0,"String":"a","Interface":null}}
2025-08-15T22:13:27.007-0500	DEBUG	protocol/handler.go:596	round already finalized
2025-08-15T22:13:27.007-0500	DEBUG	protocol/handler.go:581	tryAdvanceRound called	{"{current_round 20 3  <nil>}": {"Key":"self","Type":15,"Integer":0,"String":"a","Interface":null}}
2025-08-15T22:13:27.007-0500	DEBUG	protocol/handler.go:1591	have processed broadcast	{"{round 20 3  <nil>}": {"Key":"from","Type":15,"Integer":0,"String":"b","Interface":null}}
2025-08-15T22:13:27.006-0500	DEBUG	protocol/handler.go:581	tryAdvanceRound called	{"{current_round 20 3  <nil>}": {"Key":"self","Type":15,"Integer":0,"String":"b","Interface":null}}
2025-08-15T22:13:27.010-0500	DEBUG	protocol/handler.go:1591	have processed broadcast	{"{round 20 3  <nil>}": {"Key":"from","Type":15,"Integer":0,"String":"a","Interface":null}}
2025-08-15T22:13:27.010-0500	DEBUG	protocol/handler.go:1591	have processed broadcast	{"{round 20 3  <nil>}": {"Key":"from","Type":15,"Integer":0,"String":"c","Interface":null}}
2025-08-15T22:13:27.010-0500	DEBUG	protocol/handler.go:1649	have all messages and processed	{"{round 20 3  <nil>}": {"Key":"self","Type":15,"Integer":0,"String":"b","Interface":null}}
2025-08-15T22:13:27.010-0500	DEBUG	protocol/handler.go:1591	have processed broadcast	{"{round 20 3  <nil>}": {"Key":"from","Type":15,"Integer":0,"String":"c","Interface":null}}
2025-08-15T22:13:27.010-0500	DEBUG	protocol/handler.go:1649	have all messages and processed	{"{round 20 3  <nil>}": {"Key":"self","Type":15,"Integer":0,"String":"a","Interface":null}}
2025-08-15T22:13:27.010-0500	DEBUG	protocol/handler.go:596	round already finalized
2025-08-15T22:13:27.012-0500	DEBUG	protocol/handler.go:596	round already finalized
2025-08-15T22:13:27.012-0500	DEBUG	protocol/handler.go:581	tryAdvanceRound called	{"{current_round 20 3  <nil>}": {"Key":"self","Type":15,"Integer":0,"String":"b","Interface":null}}
2025-08-15T22:13:27.012-0500	DEBUG	protocol/handler.go:1591	have processed broadcast	{"{round 20 3  <nil>}": {"Key":"from","Type":15,"Integer":0,"String":"a","Interface":null}}
2025-08-15T22:13:27.012-0500	DEBUG	protocol/handler.go:1591	have processed broadcast	{"{round 20 3  <nil>}": {"Key":"from","Type":15,"Integer":0,"String":"c","Interface":null}}
2025-08-15T22:13:27.012-0500	DEBUG	protocol/handler.go:1649	have all messages and processed	{"{round 20 3  <nil>}": {"Key":"self","Type":15,"Integer":0,"String":"b","Interface":null}}
2025-08-15T22:13:27.012-0500	DEBUG	protocol/handler.go:596	round already finalized
2025-08-15T22:13:27.012-0500	DEBUG	protocol/handler.go:581	tryAdvanceRound called	{"{current_round 20 3  <nil>}": {"Key":"self","Type":15,"Integer":0,"String":"c","Interface":null}}
2025-08-15T22:13:27.012-0500	DEBUG	protocol/handler.go:1591	have processed broadcast	{"{round 20 3  <nil>}": {"Key":"from","Type":15,"Integer":0,"String":"a","Interface":null}}
2025-08-15T22:13:27.012-0500	DEBUG	protocol/handler.go:1591	have processed broadcast	{"{round 20 3  <nil>}": {"Key":"from","Type":15,"Integer":0,"String":"b","Interface":null}}
2025-08-15T22:13:27.012-0500	DEBUG	protocol/handler.go:1649	have all messages and processed	{"{round 20 3  <nil>}": {"Key":"self","Type":15,"Integer":0,"String":"c","Interface":null}}
2025-08-15T22:13:27.012-0500	DEBUG	protocol/handler.go:596	round already finalized
2025-08-15T22:13:27.012-0500	DEBUG	protocol/handler.go:581	tryAdvanceRound called	{"{current_round 20 3  <nil>}": {"Key":"self","Type":15,"Integer":0,"String":"b","Interface":null}}
2025-08-15T22:13:27.012-0500	DEBUG	protocol/handler.go:1591	have processed broadcast	{"{round 20 3  <nil>}": {"Key":"from","Type":15,"Integer":0,"String":"a","Interface":null}}
2025-08-15T22:13:27.012-0500	DEBUG	protocol/handler.go:1591	have processed broadcast	{"{round 20 3  <nil>}": {"Key":"from","Type":15,"Integer":0,"String":"c","Interface":null}}
2025-08-15T22:13:27.012-0500	DEBUG	protocol/handler.go:1649	have all messages and processed	{"{round 20 3  <nil>}": {"Key":"self","Type":15,"Integer":0,"String":"b","Interface":null}}
2025-08-15T22:13:27.013-0500	DEBUG	protocol/handler.go:596	round already finalized
2025-08-15T22:13:27.028-0500	DEBUG	protocol/handler.go:581	tryAdvanceRound called	{"{current_round 20 3  <nil>}": {"Key":"self","Type":15,"Integer":0,"String":"b","Interface":null}}
2025-08-15T22:13:27.028-0500	DEBUG	protocol/handler.go:1591	have processed broadcast	{"{round 20 3  <nil>}": {"Key":"from","Type":15,"Integer":0,"String":"a","Interface":null}}
2025-08-15T22:13:27.028-0500	DEBUG	protocol/handler.go:1591	have processed broadcast	{"{round 20 3  <nil>}": {"Key":"from","Type":15,"Integer":0,"String":"c","Interface":null}}
2025-08-15T22:13:27.028-0500	DEBUG	protocol/handler.go:1649	have all messages and processed	{"{round 20 3  <nil>}": {"Key":"self","Type":15,"Integer":0,"String":"b","Interface":null}}
2025-08-15T22:13:27.028-0500	DEBUG	protocol/handler.go:596	round already finalized
2025-08-15T22:13:27.053-0500	DEBUG	protocol/handler.go:581	tryAdvanceRound called	{"{current_round 20 3  <nil>}": {"Key":"self","Type":15,"Integer":0,"String":"a","Interface":null}}
2025-08-15T22:13:27.053-0500	DEBUG	protocol/handler.go:1591	have processed broadcast	{"{round 20 3  <nil>}": {"Key":"from","Type":15,"Integer":0,"String":"b","Interface":null}}
2025-08-15T22:13:27.053-0500	DEBUG	protocol/handler.go:1591	have processed broadcast	{"{round 20 3  <nil>}": {"Key":"from","Type":15,"Integer":0,"String":"c","Interface":null}}
2025-08-15T22:13:27.063-0500	DEBUG	protocol/handler.go:1649	have all messages and processed	{"{round 20 3  <nil>}": {"Key":"self","Type":15,"Integer":0,"String":"a","Interface":null}}
2025-08-15T22:13:27.065-0500	DEBUG	protocol/handler.go:596	round already finalized
2025-08-15T22:13:27.065-0500	DEBUG	protocol/handler.go:581	tryAdvanceRound called	{"{current_round 20 3  <nil>}": {"Key":"self","Type":15,"Integer":0,"String":"a","Interface":null}}
2025-08-15T22:13:27.065-0500	DEBUG	protocol/handler.go:1591	have processed broadcast	{"{round 20 3  <nil>}": {"Key":"from","Type":15,"Integer":0,"String":"b","Interface":null}}
2025-08-15T22:13:27.065-0500	DEBUG	protocol/handler.go:1591	have processed broadcast	{"{round 20 3  <nil>}": {"Key":"from","Type":15,"Integer":0,"String":"c","Interface":null}}
2025-08-15T22:13:27.065-0500	DEBUG	protocol/handler.go:1649	have all messages and processed	{"{round 20 3  <nil>}": {"Key":"self","Type":15,"Integer":0,"String":"a","Interface":null}}
2025-08-15T22:13:27.065-0500	DEBUG	protocol/handler.go:596	round already finalized
2025-08-15T22:13:27.065-0500	DEBUG	protocol/handler.go:581	tryAdvanceRound called	{"{current_round 20 3  <nil>}": {"Key":"self","Type":15,"Integer":0,"String":"a","Interface":null}}
2025-08-15T22:13:27.065-0500	DEBUG	protocol/handler.go:1591	have processed broadcast	{"{round 20 3  <nil>}": {"Key":"from","Type":15,"Integer":0,"String":"b","Interface":null}}
2025-08-15T22:13:27.065-0500	DEBUG	protocol/handler.go:1591	have processed broadcast	{"{round 20 3  <nil>}": {"Key":"from","Type":15,"Integer":0,"String":"c","Interface":null}}
2025-08-15T22:13:27.065-0500	DEBUG	protocol/handler.go:1649	have all messages and processed	{"{round 20 3  <nil>}": {"Key":"self","Type":15,"Integer":0,"String":"a","Interface":null}}
2025-08-15T22:13:27.065-0500	DEBUG	protocol/handler.go:596	round already finalized
2025-08-15T22:13:27.074-0500	DEBUG	protocol/handler.go:581	tryAdvanceRound called	{"{current_round 20 3  <nil>}": {"Key":"self","Type":15,"Integer":0,"String":"b","Interface":null}}
2025-08-15T22:13:27.074-0500	DEBUG	protocol/handler.go:1591	have processed broadcast	{"{round 20 3  <nil>}": {"Key":"from","Type":15,"Integer":0,"String":"a","Interface":null}}
2025-08-15T22:13:27.074-0500	DEBUG	protocol/handler.go:1591	have processed broadcast	{"{round 20 3  <nil>}": {"Key":"from","Type":15,"Integer":0,"String":"c","Interface":null}}
2025-08-15T22:13:27.074-0500	DEBUG	protocol/handler.go:1649	have all messages and processed	{"{round 20 3  <nil>}": {"Key":"self","Type":15,"Integer":0,"String":"b","Interface":null}}
2025-08-15T22:13:27.074-0500	DEBUG	protocol/handler.go:596	round already finalized
2025-08-15T22:13:27.074-0500	DEBUG	protocol/handler.go:581	tryAdvanceRound called	{"{current_round 20 3  <nil>}": {"Key":"self","Type":15,"Integer":0,"String":"b","Interface":null}}
2025-08-15T22:13:27.074-0500	DEBUG	protocol/handler.go:1591	have processed broadcast	{"{round 20 3  <nil>}": {"Key":"from","Type":15,"Integer":0,"String":"a","Interface":null}}
2025-08-15T22:13:27.074-0500	DEBUG	protocol/handler.go:1591	have processed broadcast	{"{round 20 3  <nil>}": {"Key":"from","Type":15,"Integer":0,"String":"c","Interface":null}}
2025-08-15T22:13:27.074-0500	DEBUG	protocol/handler.go:1649	have all messages and processed	{"{round 20 3  <nil>}": {"Key":"self","Type":15,"Integer":0,"String":"b","Interface":null}}
2025-08-15T22:13:27.074-0500	DEBUG	protocol/handler.go:596	round already finalized
2025-08-15T22:13:27.074-0500	DEBUG	protocol/handler.go:581	tryAdvanceRound called	{"{current_round 20 3  <nil>}": {"Key":"self","Type":15,"Integer":0,"String":"c","Interface":null}}
2025-08-15T22:13:27.074-0500	DEBUG	protocol/handler.go:1591	have processed broadcast	{"{round 20 3  <nil>}": {"Key":"from","Type":15,"Integer":0,"String":"a","Interface":null}}
2025-08-15T22:13:27.074-0500	DEBUG	protocol/handler.go:1591	have processed broadcast	{"{round 20 3  <nil>}": {"Key":"from","Type":15,"Integer":0,"String":"b","Interface":null}}
2025-08-15T22:13:27.075-0500	DEBUG	protocol/handler.go:1649	have all messages and processed	{"{round 20 3  <nil>}": {"Key":"self","Type":15,"Integer":0,"String":"c","Interface":null}}
2025-08-15T22:13:27.075-0500	DEBUG	protocol/handler.go:596	round already finalized
2025-08-15T22:13:27.075-0500	DEBUG	protocol/handler.go:581	tryAdvanceRound called	{"{current_round 20 3  <nil>}": {"Key":"self","Type":15,"Integer":0,"String":"c","Interface":null}}
2025-08-15T22:13:27.075-0500	DEBUG	protocol/handler.go:1591	have processed broadcast	{"{round 20 3  <nil>}": {"Key":"from","Type":15,"Integer":0,"String":"a","Interface":null}}
2025-08-15T22:13:27.075-0500	DEBUG	protocol/handler.go:1591	have processed broadcast	{"{round 20 3  <nil>}": {"Key":"from","Type":15,"Integer":0,"String":"b","Interface":null}}
2025-08-15T22:13:27.075-0500	DEBUG	protocol/handler.go:1649	have all messages and processed	{"{round 20 3  <nil>}": {"Key":"self","Type":15,"Integer":0,"String":"c","Interface":null}}
2025-08-15T22:13:27.075-0500	DEBUG	protocol/handler.go:596	round already finalized
2025-08-15T22:13:27.099-0500	DEBUG	protocol/handler.go:581	tryAdvanceRound called	{"{current_round 20 3  <nil>}": {"Key":"self","Type":15,"Integer":0,"String":"a","Interface":null}}
2025-08-15T22:13:27.099-0500	DEBUG	protocol/handler.go:1591	have processed broadcast	{"{round 20 3  <nil>}": {"Key":"from","Type":15,"Integer":0,"String":"b","Interface":null}}
2025-08-15T22:13:27.099-0500	DEBUG	protocol/handler.go:1591	have processed broadcast	{"{round 20 3  <nil>}": {"Key":"from","Type":15,"Integer":0,"String":"c","Interface":null}}
2025-08-15T22:13:27.099-0500	DEBUG	protocol/handler.go:1649	have all messages and processed	{"{round 20 3  <nil>}": {"Key":"self","Type":15,"Integer":0,"String":"a","Interface":null}}
2025-08-15T22:13:27.099-0500	DEBUG	protocol/handler.go:596	round already finalized
2025-08-15T22:13:27.107-0500	DEBUG	protocol/handler.go:581	tryAdvanceRound called	{"{current_round 20 3  <nil>}": {"Key":"self","Type":15,"Integer":0,"String":"b","Interface":null}}
2025-08-15T22:13:27.108-0500	DEBUG	protocol/handler.go:1591	have processed broadcast	{"{round 20 3  <nil>}": {"Key":"from","Type":15,"Integer":0,"String":"a","Interface":null}}
2025-08-15T22:13:27.114-0500	DEBUG	protocol/handler.go:581	tryAdvanceRound called	{"{current_round 20 3  <nil>}": {"Key":"self","Type":15,"Integer":0,"String":"a","Interface":null}}
2025-08-15T22:13:27.114-0500	DEBUG	protocol/handler.go:1591	have processed broadcast	{"{round 20 3  <nil>}": {"Key":"from","Type":15,"Integer":0,"String":"b","Interface":null}}
2025-08-15T22:13:27.114-0500	DEBUG	protocol/handler.go:1591	have processed broadcast	{"{round 20 3  <nil>}": {"Key":"from","Type":15,"Integer":0,"String":"c","Interface":null}}
2025-08-15T22:13:27.114-0500	DEBUG	protocol/handler.go:1649	have all messages and processed	{"{round 20 3  <nil>}": {"Key":"self","Type":15,"Integer":0,"String":"a","Interface":null}}
2025-08-15T22:13:27.114-0500	DEBUG	protocol/handler.go:596	round already finalized
2025-08-15T22:13:27.120-0500	DEBUG	protocol/handler.go:581	tryAdvanceRound called	{"{current_round 20 3  <nil>}": {"Key":"self","Type":15,"Integer":0,"String":"a","Interface":null}}
2025-08-15T22:13:27.120-0500	DEBUG	protocol/handler.go:1591	have processed broadcast	{"{round 20 3  <nil>}": {"Key":"from","Type":15,"Integer":0,"String":"b","Interface":null}}
2025-08-15T22:13:27.120-0500	DEBUG	protocol/handler.go:1591	have processed broadcast	{"{round 20 3  <nil>}": {"Key":"from","Type":15,"Integer":0,"String":"c","Interface":null}}
2025-08-15T22:13:27.120-0500	DEBUG	protocol/handler.go:1649	have all messages and processed	{"{round 20 3  <nil>}": {"Key":"self","Type":15,"Integer":0,"String":"a","Interface":null}}
2025-08-15T22:13:27.120-0500	DEBUG	protocol/handler.go:596	round already finalized
2025-08-15T22:13:27.135-0500	DEBUG	protocol/handler.go:581	tryAdvanceRound called	{"{current_round 20 3  <nil>}": {"Key":"self","Type":15,"Integer":0,"String":"a","Interface":null}}
2025-08-15T22:13:27.135-0500	DEBUG	protocol/handler.go:1591	have processed broadcast	{"{round 20 3  <nil>}": {"Key":"from","Type":15,"Integer":0,"String":"b","Interface":null}}
2025-08-15T22:13:27.135-0500	DEBUG	protocol/handler.go:1591	have processed broadcast	{"{round 20 3  <nil>}": {"Key":"from","Type":15,"Integer":0,"String":"c","Interface":null}}
2025-08-15T22:13:27.135-0500	DEBUG	protocol/handler.go:1649	have all messages and processed	{"{round 20 3  <nil>}": {"Key":"self","Type":15,"Integer":0,"String":"a","Interface":null}}
2025-08-15T22:13:27.135-0500	DEBUG	protocol/handler.go:596	round already finalized
2025-08-15T22:13:27.162-0500	DEBUG	protocol/handler.go:581	tryAdvanceRound called	{"{current_round 20 3  <nil>}": {"Key":"self","Type":15,"Integer":0,"String":"a","Interface":null}}
2025-08-15T22:13:27.163-0500	DEBUG	protocol/handler.go:1591	have processed broadcast	{"{round 20 3  <nil>}": {"Key":"from","Type":15,"Integer":0,"String":"b","Interface":null}}
2025-08-15T22:13:27.163-0500	DEBUG	protocol/handler.go:1591	have processed broadcast	{"{round 20 3  <nil>}": {"Key":"from","Type":15,"Integer":0,"String":"c","Interface":null}}
2025-08-15T22:13:27.163-0500	DEBUG	protocol/handler.go:1649	have all messages and processed	{"{round 20 3  <nil>}": {"Key":"self","Type":15,"Integer":0,"String":"a","Interface":null}}
2025-08-15T22:13:27.163-0500	DEBUG	protocol/handler.go:596	round already finalized
2025-08-15T22:13:27.108-0500	DEBUG	protocol/handler.go:1591	have processed broadcast	{"{round 20 3  <nil>}": {"Key":"from","Type":15,"Integer":0,"String":"c","Interface":null}}
2025-08-15T22:13:27.172-0500	DEBUG	protocol/handler.go:1649	have all messages and processed	{"{round 20 3  <nil>}": {"Key":"self","Type":15,"Integer":0,"String":"b","Interface":null}}
2025-08-15T22:13:27.172-0500	DEBUG	protocol/handler.go:596	round already finalized
2025-08-15T22:13:27.173-0500	DEBUG	protocol/handler.go:581	tryAdvanceRound called	{"{current_round 20 3  <nil>}": {"Key":"self","Type":15,"Integer":0,"String":"b","Interface":null}}
2025-08-15T22:13:27.173-0500	DEBUG	protocol/handler.go:1591	have processed broadcast	{"{round 20 3  <nil>}": {"Key":"from","Type":15,"Integer":0,"String":"a","Interface":null}}
2025-08-15T22:13:27.173-0500	DEBUG	protocol/handler.go:1591	have processed broadcast	{"{round 20 3  <nil>}": {"Key":"from","Type":15,"Integer":0,"String":"c","Interface":null}}
2025-08-15T22:13:27.173-0500	DEBUG	protocol/handler.go:1649	have all messages and processed	{"{round 20 3  <nil>}": {"Key":"self","Type":15,"Integer":0,"String":"b","Interface":null}}
2025-08-15T22:13:27.173-0500	DEBUG	protocol/handler.go:596	round already finalized
2025-08-15T22:13:27.120-0500	DEBUG	protocol/handler.go:581	tryAdvanceRound called	{"{current_round 20 3  <nil>}": {"Key":"self","Type":15,"Integer":0,"String":"c","Interface":null}}
2025-08-15T22:13:27.173-0500	DEBUG	protocol/handler.go:1591	have processed broadcast	{"{round 20 3  <nil>}": {"Key":"from","Type":15,"Integer":0,"String":"a","Interface":null}}
2025-08-15T22:13:27.173-0500	DEBUG	protocol/handler.go:1591	have processed broadcast	{"{round 20 3  <nil>}": {"Key":"from","Type":15,"Integer":0,"String":"b","Interface":null}}
2025-08-15T22:13:27.173-0500	DEBUG	protocol/handler.go:1649	have all messages and processed	{"{round 20 3  <nil>}": {"Key":"self","Type":15,"Integer":0,"String":"c","Interface":null}}
2025-08-15T22:13:27.173-0500	DEBUG	protocol/handler.go:596	round already finalized
2025-08-15T22:13:27.173-0500	DEBUG	protocol/handler.go:581	tryAdvanceRound called	{"{current_round 20 3  <nil>}": {"Key":"self","Type":15,"Integer":0,"String":"c","Interface":null}}
2025-08-15T22:13:27.173-0500	DEBUG	protocol/handler.go:1591	have processed broadcast	{"{round 20 3  <nil>}": {"Key":"from","Type":15,"Integer":0,"String":"a","Interface":null}}
2025-08-15T22:13:27.173-0500	DEBUG	protocol/handler.go:1591	have processed broadcast	{"{round 20 3  <nil>}": {"Key":"from","Type":15,"Integer":0,"String":"b","Interface":null}}
2025-08-15T22:13:27.173-0500	DEBUG	protocol/handler.go:1649	have all messages and processed	{"{round 20 3  <nil>}": {"Key":"self","Type":15,"Integer":0,"String":"c","Interface":null}}
2025-08-15T22:13:27.173-0500	DEBUG	protocol/handler.go:596	round already finalized
2025-08-15T22:13:27.185-0500	DEBUG	protocol/handler.go:581	tryAdvanceRound called	{"{current_round 20 3  <nil>}": {"Key":"self","Type":15,"Integer":0,"String":"a","Interface":null}}
2025-08-15T22:13:27.185-0500	DEBUG	protocol/handler.go:1591	have processed broadcast	{"{round 20 3  <nil>}": {"Key":"from","Type":15,"Integer":0,"String":"b","Interface":null}}
2025-08-15T22:13:27.185-0500	DEBUG	protocol/handler.go:1591	have processed broadcast	{"{round 20 3  <nil>}": {"Key":"from","Type":15,"Integer":0,"String":"c","Interface":null}}
2025-08-15T22:13:27.185-0500	DEBUG	protocol/handler.go:1649	have all messages and processed	{"{round 20 3  <nil>}": {"Key":"self","Type":15,"Integer":0,"String":"a","Interface":null}}
2025-08-15T22:13:27.185-0500	DEBUG	protocol/handler.go:596	round already finalized
2025-08-15T22:13:27.198-0500	DEBUG	protocol/handler.go:581	tryAdvanceRound called	{"{current_round 20 3  <nil>}": {"Key":"self","Type":15,"Integer":0,"String":"b","Interface":null}}
2025-08-15T22:13:27.199-0500	DEBUG	protocol/handler.go:1591	have processed broadcast	{"{round 20 3  <nil>}": {"Key":"from","Type":15,"Integer":0,"String":"a","Interface":null}}
2025-08-15T22:13:27.199-0500	DEBUG	protocol/handler.go:1591	have processed broadcast	{"{round 20 3  <nil>}": {"Key":"from","Type":15,"Integer":0,"String":"c","Interface":null}}
2025-08-15T22:13:27.199-0500	DEBUG	protocol/handler.go:1649	have all messages and processed	{"{round 20 3  <nil>}": {"Key":"self","Type":15,"Integer":0,"String":"b","Interface":null}}
2025-08-15T22:13:27.199-0500	DEBUG	protocol/handler.go:596	round already finalized
2025-08-15T22:13:27.199-0500	DEBUG	protocol/handler.go:581	tryAdvanceRound called	{"{current_round 20 3  <nil>}": {"Key":"self","Type":15,"Integer":0,"String":"c","Interface":null}}
2025-08-15T22:13:27.199-0500	DEBUG	protocol/handler.go:1591	have processed broadcast	{"{round 20 3  <nil>}": {"Key":"from","Type":15,"Integer":0,"String":"a","Interface":null}}
2025-08-15T22:13:27.202-0500	DEBUG	protocol/handler.go:1591	have processed broadcast	{"{round 20 3  <nil>}": {"Key":"from","Type":15,"Integer":0,"String":"b","Interface":null}}
2025-08-15T22:13:27.202-0500	DEBUG	protocol/handler.go:1649	have all messages and processed	{"{round 20 3  <nil>}": {"Key":"self","Type":15,"Integer":0,"String":"c","Interface":null}}
2025-08-15T22:13:27.202-0500	DEBUG	protocol/handler.go:596	round already finalized
2025-08-15T22:13:27.203-0500	DEBUG	protocol/handler.go:581	tryAdvanceRound called	{"{current_round 20 3  <nil>}": {"Key":"self","Type":15,"Integer":0,"String":"c","Interface":null}}
2025-08-15T22:13:27.203-0500	DEBUG	protocol/handler.go:1591	have processed broadcast	{"{round 20 3  <nil>}": {"Key":"from","Type":15,"Integer":0,"String":"a","Interface":null}}
2025-08-15T22:13:27.203-0500	DEBUG	protocol/handler.go:1591	have processed broadcast	{"{round 20 3  <nil>}": {"Key":"from","Type":15,"Integer":0,"String":"b","Interface":null}}
2025-08-15T22:13:27.203-0500	DEBUG	protocol/handler.go:1649	have all messages and processed	{"{round 20 3  <nil>}": {"Key":"self","Type":15,"Integer":0,"String":"c","Interface":null}}
2025-08-15T22:13:27.203-0500	DEBUG	protocol/handler.go:596	round already finalized
2025-08-15T22:13:27.203-0500	DEBUG	protocol/handler.go:581	tryAdvanceRound called	{"{current_round 20 3  <nil>}": {"Key":"self","Type":15,"Integer":0,"String":"b","Interface":null}}
2025-08-15T22:13:27.203-0500	DEBUG	protocol/handler.go:1591	have processed broadcast	{"{round 20 3  <nil>}": {"Key":"from","Type":15,"Integer":0,"String":"a","Interface":null}}
2025-08-15T22:13:27.203-0500	DEBUG	protocol/handler.go:1591	have processed broadcast	{"{round 20 3  <nil>}": {"Key":"from","Type":15,"Integer":0,"String":"c","Interface":null}}
2025-08-15T22:13:27.209-0500	DEBUG	protocol/handler.go:581	tryAdvanceRound called	{"{current_round 20 3  <nil>}": {"Key":"self","Type":15,"Integer":0,"String":"a","Interface":null}}
2025-08-15T22:13:27.209-0500	DEBUG	protocol/handler.go:1591	have processed broadcast	{"{round 20 3  <nil>}": {"Key":"from","Type":15,"Integer":0,"String":"b","Interface":null}}
2025-08-15T22:13:27.209-0500	DEBUG	protocol/handler.go:1591	have processed broadcast	{"{round 20 3  <nil>}": {"Key":"from","Type":15,"Integer":0,"String":"c","Interface":null}}
2025-08-15T22:13:27.209-0500	DEBUG	protocol/handler.go:1649	have all messages and processed	{"{round 20 3  <nil>}": {"Key":"self","Type":15,"Integer":0,"String":"a","Interface":null}}
2025-08-15T22:13:27.209-0500	DEBUG	protocol/handler.go:596	round already finalized
2025-08-15T22:13:27.203-0500	DEBUG	protocol/handler.go:1649	have all messages and processed	{"{round 20 3  <nil>}": {"Key":"self","Type":15,"Integer":0,"String":"b","Interface":null}}
2025-08-15T22:13:27.212-0500	DEBUG	protocol/handler.go:596	round already finalized
2025-08-15T22:13:27.215-0500	DEBUG	protocol/handler.go:581	tryAdvanceRound called	{"{current_round 20 3  <nil>}": {"Key":"self","Type":15,"Integer":0,"String":"c","Interface":null}}
2025-08-15T22:13:27.215-0500	DEBUG	protocol/handler.go:1591	have processed broadcast	{"{round 20 3  <nil>}": {"Key":"from","Type":15,"Integer":0,"String":"a","Interface":null}}
2025-08-15T22:13:27.215-0500	DEBUG	protocol/handler.go:1591	have processed broadcast	{"{round 20 3  <nil>}": {"Key":"from","Type":15,"Integer":0,"String":"b","Interface":null}}
2025-08-15T22:13:27.215-0500	DEBUG	protocol/handler.go:1649	have all messages and processed	{"{round 20 3  <nil>}": {"Key":"self","Type":15,"Integer":0,"String":"c","Interface":null}}
2025-08-15T22:13:27.215-0500	DEBUG	protocol/handler.go:596	round already finalized
2025-08-15T22:13:27.215-0500	DEBUG	protocol/handler.go:581	tryAdvanceRound called	{"{current_round 20 3  <nil>}": {"Key":"self","Type":15,"Integer":0,"String":"b","Interface":null}}
2025-08-15T22:13:27.215-0500	DEBUG	protocol/handler.go:1591	have processed broadcast	{"{round 20 3  <nil>}": {"Key":"from","Type":15,"Integer":0,"String":"a","Interface":null}}
2025-08-15T22:13:27.215-0500	DEBUG	protocol/handler.go:1591	have processed broadcast	{"{round 20 3  <nil>}": {"Key":"from","Type":15,"Integer":0,"String":"c","Interface":null}}
2025-08-15T22:13:27.215-0500	DEBUG	protocol/handler.go:1649	have all messages and processed	{"{round 20 3  <nil>}": {"Key":"self","Type":15,"Integer":0,"String":"b","Interface":null}}
2025-08-15T22:13:27.215-0500	DEBUG	protocol/handler.go:596	round already finalized
2025-08-15T22:13:27.231-0500	DEBUG	protocol/handler.go:581	tryAdvanceRound called	{"{current_round 20 3  <nil>}": {"Key":"self","Type":15,"Integer":0,"String":"a","Interface":null}}
2025-08-15T22:13:27.231-0500	DEBUG	protocol/handler.go:1591	have processed broadcast	{"{round 20 3  <nil>}": {"Key":"from","Type":15,"Integer":0,"String":"b","Interface":null}}
2025-08-15T22:13:27.231-0500	DEBUG	protocol/handler.go:1591	have processed broadcast	{"{round 20 3  <nil>}": {"Key":"from","Type":15,"Integer":0,"String":"c","Interface":null}}
2025-08-15T22:13:27.231-0500	DEBUG	protocol/handler.go:1649	have all messages and processed	{"{round 20 3  <nil>}": {"Key":"self","Type":15,"Integer":0,"String":"a","Interface":null}}
2025-08-15T22:13:27.231-0500	DEBUG	protocol/handler.go:596	round already finalized
2025-08-15T22:13:27.255-0500	DEBUG	protocol/handler.go:581	tryAdvanceRound called	{"{current_round 20 3  <nil>}": {"Key":"self","Type":15,"Integer":0,"String":"a","Interface":null}}
2025-08-15T22:13:27.255-0500	DEBUG	protocol/handler.go:1591	have processed broadcast	{"{round 20 3  <nil>}": {"Key":"from","Type":15,"Integer":0,"String":"b","Interface":null}}
2025-08-15T22:13:27.255-0500	DEBUG	protocol/handler.go:1591	have processed broadcast	{"{round 20 3  <nil>}": {"Key":"from","Type":15,"Integer":0,"String":"c","Interface":null}}
2025-08-15T22:13:27.255-0500	DEBUG	protocol/handler.go:1649	have all messages and processed	{"{round 20 3  <nil>}": {"Key":"self","Type":15,"Integer":0,"String":"a","Interface":null}}
2025-08-15T22:13:27.255-0500	DEBUG	protocol/handler.go:596	round already finalized
2025-08-15T22:13:27.258-0500	DEBUG	protocol/handler.go:581	tryAdvanceRound called	{"{current_round 20 3  <nil>}": {"Key":"self","Type":15,"Integer":0,"String":"b","Interface":null}}
2025-08-15T22:13:27.258-0500	DEBUG	protocol/handler.go:1591	have processed broadcast	{"{round 20 3  <nil>}": {"Key":"from","Type":15,"Integer":0,"String":"a","Interface":null}}
2025-08-15T22:13:27.258-0500	DEBUG	protocol/handler.go:1591	have processed broadcast	{"{round 20 3  <nil>}": {"Key":"from","Type":15,"Integer":0,"String":"c","Interface":null}}
2025-08-15T22:13:27.258-0500	DEBUG	protocol/handler.go:1649	have all messages and processed	{"{round 20 3  <nil>}": {"Key":"self","Type":15,"Integer":0,"String":"b","Interface":null}}
2025-08-15T22:13:27.258-0500	DEBUG	protocol/handler.go:596	round already finalized
2025-08-15T22:13:27.258-0500	DEBUG	protocol/handler.go:581	tryAdvanceRound called	{"{current_round 20 3  <nil>}": {"Key":"self","Type":15,"Integer":0,"String":"b","Interface":null}}
2025-08-15T22:13:27.258-0500	DEBUG	protocol/handler.go:1591	have processed broadcast	{"{round 20 3  <nil>}": {"Key":"from","Type":15,"Integer":0,"String":"a","Interface":null}}
2025-08-15T22:13:27.258-0500	DEBUG	protocol/handler.go:1591	have processed broadcast	{"{round 20 3  <nil>}": {"Key":"from","Type":15,"Integer":0,"String":"c","Interface":null}}
2025-08-15T22:13:27.258-0500	DEBUG	protocol/handler.go:1649	have all messages and processed	{"{round 20 3  <nil>}": {"Key":"self","Type":15,"Integer":0,"String":"b","Interface":null}}
2025-08-15T22:13:27.258-0500	DEBUG	protocol/handler.go:596	round already finalized
2025-08-15T22:13:27.258-0500	DEBUG	protocol/handler.go:581	tryAdvanceRound called	{"{current_round 20 3  <nil>}": {"Key":"self","Type":15,"Integer":0,"String":"c","Interface":null}}
2025-08-15T22:13:27.258-0500	DEBUG	protocol/handler.go:1591	have processed broadcast	{"{round 20 3  <nil>}": {"Key":"from","Type":15,"Integer":0,"String":"a","Interface":null}}
2025-08-15T22:13:27.259-0500	DEBUG	protocol/handler.go:1591	have processed broadcast	{"{round 20 3  <nil>}": {"Key":"from","Type":15,"Integer":0,"String":"b","Interface":null}}
2025-08-15T22:13:27.259-0500	DEBUG	protocol/handler.go:1649	have all messages and processed	{"{round 20 3  <nil>}": {"Key":"self","Type":15,"Integer":0,"String":"c","Interface":null}}
2025-08-15T22:13:27.259-0500	DEBUG	protocol/handler.go:596	round already finalized
2025-08-15T22:13:27.259-0500	DEBUG	protocol/handler.go:581	tryAdvanceRound called	{"{current_round 20 3  <nil>}": {"Key":"self","Type":15,"Integer":0,"String":"c","Interface":null}}
2025-08-15T22:13:27.259-0500	DEBUG	protocol/handler.go:1591	have processed broadcast	{"{round 20 3  <nil>}": {"Key":"from","Type":15,"Integer":0,"String":"a","Interface":null}}
2025-08-15T22:13:27.259-0500	DEBUG	protocol/handler.go:1591	have processed broadcast	{"{round 20 3  <nil>}": {"Key":"from","Type":15,"Integer":0,"String":"b","Interface":null}}
2025-08-15T22:13:27.259-0500	DEBUG	protocol/handler.go:1649	have all messages and processed	{"{round 20 3  <nil>}": {"Key":"self","Type":15,"Integer":0,"String":"c","Interface":null}}
2025-08-15T22:13:27.259-0500	DEBUG	protocol/handler.go:596	round already finalized
2025-08-15T22:13:27.261-0500	DEBUG	protocol/handler.go:581	tryAdvanceRound called	{"{current_round 20 3  <nil>}": {"Key":"self","Type":15,"Integer":0,"String":"c","Interface":null}}
2025-08-15T22:13:27.266-0500	DEBUG	protocol/handler.go:1591	have processed broadcast	{"{round 20 3  <nil>}": {"Key":"from","Type":15,"Integer":0,"String":"a","Interface":null}}
2025-08-15T22:13:27.266-0500	DEBUG	protocol/handler.go:1591	have processed broadcast	{"{round 20 3  <nil>}": {"Key":"from","Type":15,"Integer":0,"String":"b","Interface":null}}
2025-08-15T22:13:27.266-0500	DEBUG	protocol/handler.go:1649	have all messages and processed	{"{round 20 3  <nil>}": {"Key":"self","Type":15,"Integer":0,"String":"c","Interface":null}}
2025-08-15T22:13:27.266-0500	DEBUG	protocol/handler.go:596	round already finalized
2025-08-15T22:13:27.266-0500	DEBUG	protocol/handler.go:581	tryAdvanceRound called	{"{current_round 20 3  <nil>}": {"Key":"self","Type":15,"Integer":0,"String":"b","Interface":null}}
2025-08-15T22:13:27.266-0500	DEBUG	protocol/handler.go:1591	have processed broadcast	{"{round 20 3  <nil>}": {"Key":"from","Type":15,"Integer":0,"String":"a","Interface":null}}
2025-08-15T22:13:27.266-0500	DEBUG	protocol/handler.go:1591	have processed broadcast	{"{round 20 3  <nil>}": {"Key":"from","Type":15,"Integer":0,"String":"c","Interface":null}}
2025-08-15T22:13:27.266-0500	DEBUG	protocol/handler.go:1649	have all messages and processed	{"{round 20 3  <nil>}": {"Key":"self","Type":15,"Integer":0,"String":"b","Interface":null}}
2025-08-15T22:13:27.266-0500	DEBUG	protocol/handler.go:596	round already finalized
2025-08-15T22:13:27.326-0500	DEBUG	protocol/handler.go:581	tryAdvanceRound called	{"{current_round 20 3  <nil>}": {"Key":"self","Type":15,"Integer":0,"String":"a","Interface":null}}
2025-08-15T22:13:27.326-0500	DEBUG	protocol/handler.go:1591	have processed broadcast	{"{round 20 3  <nil>}": {"Key":"from","Type":15,"Integer":0,"String":"b","Interface":null}}
2025-08-15T22:13:27.326-0500	DEBUG	protocol/handler.go:581	tryAdvanceRound called	{"{current_round 20 3  <nil>}": {"Key":"self","Type":15,"Integer":0,"String":"c","Interface":null}}
2025-08-15T22:13:27.326-0500	DEBUG	protocol/handler.go:1591	have processed broadcast	{"{round 20 3  <nil>}": {"Key":"from","Type":15,"Integer":0,"String":"c","Interface":null}}
2025-08-15T22:13:27.326-0500	DEBUG	protocol/handler.go:1591	have processed broadcast	{"{round 20 3  <nil>}": {"Key":"from","Type":15,"Integer":0,"String":"a","Interface":null}}
2025-08-15T22:13:27.326-0500	DEBUG	protocol/handler.go:1649	have all messages and processed	{"{round 20 3  <nil>}": {"Key":"self","Type":15,"Integer":0,"String":"a","Interface":null}}
2025-08-15T22:13:27.326-0500	DEBUG	protocol/handler.go:596	round already finalized
2025-08-15T22:13:27.326-0500	DEBUG	protocol/handler.go:1591	have processed broadcast	{"{round 20 3  <nil>}": {"Key":"from","Type":15,"Integer":0,"String":"b","Interface":null}}
2025-08-15T22:13:27.326-0500	DEBUG	protocol/handler.go:581	tryAdvanceRound called	{"{current_round 20 3  <nil>}": {"Key":"self","Type":15,"Integer":0,"String":"a","Interface":null}}
2025-08-15T22:13:27.327-0500	DEBUG	protocol/handler.go:1649	have all messages and processed	{"{round 20 3  <nil>}": {"Key":"self","Type":15,"Integer":0,"String":"c","Interface":null}}
2025-08-15T22:13:27.327-0500	DEBUG	protocol/handler.go:596	round already finalized
2025-08-15T22:13:27.327-0500	DEBUG	protocol/handler.go:1591	have processed broadcast	{"{round 20 3  <nil>}": {"Key":"from","Type":15,"Integer":0,"String":"b","Interface":null}}
2025-08-15T22:13:27.327-0500	DEBUG	protocol/handler.go:581	tryAdvanceRound called	{"{current_round 20 3  <nil>}": {"Key":"self","Type":15,"Integer":0,"String":"c","Interface":null}}
2025-08-15T22:13:27.327-0500	DEBUG	protocol/handler.go:1591	have processed broadcast	{"{round 20 3  <nil>}": {"Key":"from","Type":15,"Integer":0,"String":"c","Interface":null}}
2025-08-15T22:13:27.327-0500	DEBUG	protocol/handler.go:1591	have processed broadcast	{"{round 20 3  <nil>}": {"Key":"from","Type":15,"Integer":0,"String":"a","Interface":null}}
2025-08-15T22:13:27.327-0500	DEBUG	protocol/handler.go:1649	have all messages and processed	{"{round 20 3  <nil>}": {"Key":"self","Type":15,"Integer":0,"String":"a","Interface":null}}
2025-08-15T22:13:27.327-0500	DEBUG	protocol/handler.go:596	round already finalized
2025-08-15T22:13:27.327-0500	DEBUG	protocol/handler.go:1591	have processed broadcast	{"{round 20 3  <nil>}": {"Key":"from","Type":15,"Integer":0,"String":"b","Interface":null}}
2025-08-15T22:13:27.327-0500	DEBUG	protocol/handler.go:1649	have all messages and processed	{"{round 20 3  <nil>}": {"Key":"self","Type":15,"Integer":0,"String":"c","Interface":null}}
2025-08-15T22:13:27.327-0500	DEBUG	protocol/handler.go:596	round already finalized
2025-08-15T22:13:27.327-0500	DEBUG	protocol/handler.go:581	tryAdvanceRound called	{"{current_round 20 3  <nil>}": {"Key":"self","Type":15,"Integer":0,"String":"b","Interface":null}}
2025-08-15T22:13:27.327-0500	DEBUG	protocol/handler.go:1591	have processed broadcast	{"{round 20 3  <nil>}": {"Key":"from","Type":15,"Integer":0,"String":"a","Interface":null}}
2025-08-15T22:13:27.327-0500	DEBUG	protocol/handler.go:1591	have processed broadcast	{"{round 20 3  <nil>}": {"Key":"from","Type":15,"Integer":0,"String":"c","Interface":null}}
2025-08-15T22:13:27.327-0500	DEBUG	protocol/handler.go:1649	have all messages and processed	{"{round 20 3  <nil>}": {"Key":"self","Type":15,"Integer":0,"String":"b","Interface":null}}
2025-08-15T22:13:27.327-0500	DEBUG	protocol/handler.go:596	round already finalized
2025-08-15T22:13:27.327-0500	DEBUG	protocol/handler.go:581	tryAdvanceRound called	{"{current_round 20 3  <nil>}": {"Key":"self","Type":15,"Integer":0,"String":"b","Interface":null}}
2025-08-15T22:13:27.327-0500	DEBUG	protocol/handler.go:1591	have processed broadcast	{"{round 20 3  <nil>}": {"Key":"from","Type":15,"Integer":0,"String":"a","Interface":null}}
2025-08-15T22:13:27.327-0500	DEBUG	protocol/handler.go:1591	have processed broadcast	{"{round 20 3  <nil>}": {"Key":"from","Type":15,"Integer":0,"String":"c","Interface":null}}
2025-08-15T22:13:27.327-0500	DEBUG	protocol/handler.go:1649	have all messages and processed	{"{round 20 3  <nil>}": {"Key":"self","Type":15,"Integer":0,"String":"b","Interface":null}}
2025-08-15T22:13:27.327-0500	DEBUG	protocol/handler.go:596	round already finalized
2025-08-15T22:13:27.351-0500	DEBUG	protocol/handler.go:581	tryAdvanceRound called	{"{current_round 20 3  <nil>}": {"Key":"self","Type":15,"Integer":0,"String":"a","Interface":null}}
2025-08-15T22:13:27.351-0500	DEBUG	protocol/handler.go:1591	have processed broadcast	{"{round 20 3  <nil>}": {"Key":"from","Type":15,"Integer":0,"String":"b","Interface":null}}
2025-08-15T22:13:27.351-0500	DEBUG	protocol/handler.go:1591	have processed broadcast	{"{round 20 3  <nil>}": {"Key":"from","Type":15,"Integer":0,"String":"c","Interface":null}}
2025-08-15T22:13:27.351-0500	DEBUG	protocol/handler.go:1649	have all messages and processed	{"{round 20 3  <nil>}": {"Key":"self","Type":15,"Integer":0,"String":"a","Interface":null}}
2025-08-15T22:13:27.351-0500	DEBUG	protocol/handler.go:596	round already finalized
2025-08-15T22:13:27.372-0500	DEBUG	protocol/handler.go:581	tryAdvanceRound called	{"{current_round 20 3  <nil>}": {"Key":"self","Type":15,"Integer":0,"String":"c","Interface":null}}
2025-08-15T22:13:27.372-0500	DEBUG	protocol/handler.go:1591	have processed broadcast	{"{round 20 3  <nil>}": {"Key":"from","Type":15,"Integer":0,"String":"a","Interface":null}}
2025-08-15T22:13:27.372-0500	DEBUG	protocol/handler.go:1591	have processed broadcast	{"{round 20 3  <nil>}": {"Key":"from","Type":15,"Integer":0,"String":"b","Interface":null}}
2025-08-15T22:13:27.372-0500	DEBUG	protocol/handler.go:1649	have all messages and processed	{"{round 20 3  <nil>}": {"Key":"self","Type":15,"Integer":0,"String":"c","Interface":null}}
2025-08-15T22:13:27.373-0500	DEBUG	protocol/handler.go:596	round already finalized
2025-08-15T22:13:27.373-0500	DEBUG	protocol/handler.go:581	tryAdvanceRound called	{"{current_round 20 3  <nil>}": {"Key":"self","Type":15,"Integer":0,"String":"c","Interface":null}}
2025-08-15T22:13:27.373-0500	DEBUG	protocol/handler.go:1591	have processed broadcast	{"{round 20 3  <nil>}": {"Key":"from","Type":15,"Integer":0,"String":"a","Interface":null}}
2025-08-15T22:13:27.373-0500	DEBUG	protocol/handler.go:1591	have processed broadcast	{"{round 20 3  <nil>}": {"Key":"from","Type":15,"Integer":0,"String":"b","Interface":null}}
2025-08-15T22:13:27.373-0500	DEBUG	protocol/handler.go:1649	have all messages and processed	{"{round 20 3  <nil>}": {"Key":"self","Type":15,"Integer":0,"String":"c","Interface":null}}
2025-08-15T22:13:27.373-0500	DEBUG	protocol/handler.go:596	round already finalized
2025-08-15T22:13:27.374-0500	DEBUG	protocol/handler.go:581	tryAdvanceRound called	{"{current_round 20 3  <nil>}": {"Key":"self","Type":15,"Integer":0,"String":"a","Interface":null}}
2025-08-15T22:13:27.380-0500	DEBUG	protocol/handler.go:1591	have processed broadcast	{"{round 20 3  <nil>}": {"Key":"from","Type":15,"Integer":0,"String":"b","Interface":null}}
2025-08-15T22:13:27.380-0500	DEBUG	protocol/handler.go:1591	have processed broadcast	{"{round 20 3  <nil>}": {"Key":"from","Type":15,"Integer":0,"String":"c","Interface":null}}
2025-08-15T22:13:27.466-0500	DEBUG	protocol/handler.go:1649	have all messages and processed	{"{round 20 3  <nil>}": {"Key":"self","Type":15,"Integer":0,"String":"a","Interface":null}}
2025-08-15T22:13:27.467-0500	DEBUG	protocol/handler.go:596	round already finalized
2025-08-15T22:13:27.467-0500	DEBUG	protocol/handler.go:581	tryAdvanceRound called	{"{current_round 20 3  <nil>}": {"Key":"self","Type":15,"Integer":0,"String":"a","Interface":null}}
2025-08-15T22:13:27.467-0500	DEBUG	protocol/handler.go:1591	have processed broadcast	{"{round 20 3  <nil>}": {"Key":"from","Type":15,"Integer":0,"String":"b","Interface":null}}
2025-08-15T22:13:27.467-0500	DEBUG	protocol/handler.go:1591	have processed broadcast	{"{round 20 3  <nil>}": {"Key":"from","Type":15,"Integer":0,"String":"c","Interface":null}}
2025-08-15T22:13:27.467-0500	DEBUG	protocol/handler.go:1649	have all messages and processed	{"{round 20 3  <nil>}": {"Key":"self","Type":15,"Integer":0,"String":"a","Interface":null}}
2025-08-15T22:13:27.469-0500	DEBUG	protocol/handler.go:596	round already finalized
2025-08-15T22:13:27.402-0500	DEBUG	protocol/handler.go:581	tryAdvanceRound called	{"{current_round 20 3  <nil>}": {"Key":"self","Type":15,"Integer":0,"String":"b","Interface":null}}
2025-08-15T22:13:27.498-0500	DEBUG	protocol/handler.go:1591	have processed broadcast	{"{round 20 3  <nil>}": {"Key":"from","Type":15,"Integer":0,"String":"a","Interface":null}}
2025-08-15T22:13:27.498-0500	DEBUG	protocol/handler.go:1591	have processed broadcast	{"{round 20 3  <nil>}": {"Key":"from","Type":15,"Integer":0,"String":"c","Interface":null}}
2025-08-15T22:13:27.498-0500	DEBUG	protocol/handler.go:1649	have all messages and processed	{"{round 20 3  <nil>}": {"Key":"self","Type":15,"Integer":0,"String":"b","Interface":null}}
2025-08-15T22:13:27.498-0500	DEBUG	protocol/handler.go:596	round already finalized
2025-08-15T22:13:27.498-0500	DEBUG	protocol/handler.go:581	tryAdvanceRound called	{"{current_round 20 3  <nil>}": {"Key":"self","Type":15,"Integer":0,"String":"b","Interface":null}}
2025-08-15T22:13:27.498-0500	DEBUG	protocol/handler.go:1591	have processed broadcast	{"{round 20 3  <nil>}": {"Key":"from","Type":15,"Integer":0,"String":"a","Interface":null}}
2025-08-15T22:13:27.498-0500	DEBUG	protocol/handler.go:1591	have processed broadcast	{"{round 20 3  <nil>}": {"Key":"from","Type":15,"Integer":0,"String":"c","Interface":null}}
2025-08-15T22:13:27.498-0500	DEBUG	protocol/handler.go:1649	have all messages and processed	{"{round 20 3  <nil>}": {"Key":"self","Type":15,"Integer":0,"String":"b","Interface":null}}
2025-08-15T22:13:27.498-0500	DEBUG	protocol/handler.go:596	round already finalized
2025-08-15T22:13:27.498-0500	DEBUG	protocol/handler.go:581	tryAdvanceRound called	{"{current_round 20 3  <nil>}": {"Key":"self","Type":15,"Integer":0,"String":"a","Interface":null}}
2025-08-15T22:13:27.498-0500	DEBUG	protocol/handler.go:1591	have processed broadcast	{"{round 20 3  <nil>}": {"Key":"from","Type":15,"Integer":0,"String":"b","Interface":null}}
2025-08-15T22:13:27.498-0500	DEBUG	protocol/handler.go:1591	have processed broadcast	{"{round 20 3  <nil>}": {"Key":"from","Type":15,"Integer":0,"String":"c","Interface":null}}
2025-08-15T22:13:27.499-0500	DEBUG	protocol/handler.go:1649	have all messages and processed	{"{round 20 3  <nil>}": {"Key":"self","Type":15,"Integer":0,"String":"a","Interface":null}}
2025-08-15T22:13:27.499-0500	DEBUG	protocol/handler.go:596	round already finalized
2025-08-15T22:13:27.403-0500	DEBUG	protocol/handler.go:581	tryAdvanceRound called	{"{current_round 20 3  <nil>}": {"Key":"self","Type":15,"Integer":0,"String":"c","Interface":null}}
2025-08-15T22:13:27.499-0500	DEBUG	protocol/handler.go:1591	have processed broadcast	{"{round 20 3  <nil>}": {"Key":"from","Type":15,"Integer":0,"String":"a","Interface":null}}
2025-08-15T22:13:27.499-0500	DEBUG	protocol/handler.go:1591	have processed broadcast	{"{round 20 3  <nil>}": {"Key":"from","Type":15,"Integer":0,"String":"b","Interface":null}}
2025-08-15T22:13:27.499-0500	DEBUG	protocol/handler.go:1649	have all messages and processed	{"{round 20 3  <nil>}": {"Key":"self","Type":15,"Integer":0,"String":"c","Interface":null}}
2025-08-15T22:13:27.499-0500	DEBUG	protocol/handler.go:596	round already finalized
2025-08-15T22:13:27.499-0500	DEBUG	protocol/handler.go:581	tryAdvanceRound called	{"{current_round 20 3  <nil>}": {"Key":"self","Type":15,"Integer":0,"String":"c","Interface":null}}
2025-08-15T22:13:27.499-0500	DEBUG	protocol/handler.go:1591	have processed broadcast	{"{round 20 3  <nil>}": {"Key":"from","Type":15,"Integer":0,"String":"a","Interface":null}}
2025-08-15T22:13:27.499-0500	DEBUG	protocol/handler.go:1591	have processed broadcast	{"{round 20 3  <nil>}": {"Key":"from","Type":15,"Integer":0,"String":"b","Interface":null}}
2025-08-15T22:13:27.499-0500	DEBUG	protocol/handler.go:1649	have all messages and processed	{"{round 20 3  <nil>}": {"Key":"self","Type":15,"Integer":0,"String":"c","Interface":null}}
2025-08-15T22:13:27.499-0500	DEBUG	protocol/handler.go:596	round already finalized
2025-08-15T22:13:27.520-0500	DEBUG	protocol/handler.go:581	tryAdvanceRound called	{"{current_round 20 3  <nil>}": {"Key":"self","Type":15,"Integer":0,"String":"a","Interface":null}}
2025-08-15T22:13:27.524-0500	DEBUG	protocol/handler.go:1591	have processed broadcast	{"{round 20 3  <nil>}": {"Key":"from","Type":15,"Integer":0,"String":"b","Interface":null}}
2025-08-15T22:13:27.527-0500	DEBUG	protocol/handler.go:581	tryAdvanceRound called	{"{current_round 20 3  <nil>}": {"Key":"self","Type":15,"Integer":0,"String":"b","Interface":null}}
2025-08-15T22:13:27.527-0500	DEBUG	protocol/handler.go:1591	have processed broadcast	{"{round 20 3  <nil>}": {"Key":"from","Type":15,"Integer":0,"String":"a","Interface":null}}
2025-08-15T22:13:27.527-0500	DEBUG	protocol/handler.go:1591	have processed broadcast	{"{round 20 3  <nil>}": {"Key":"from","Type":15,"Integer":0,"String":"c","Interface":null}}
2025-08-15T22:13:27.531-0500	DEBUG	protocol/handler.go:1649	have all messages and processed	{"{round 20 3  <nil>}": {"Key":"self","Type":15,"Integer":0,"String":"b","Interface":null}}
2025-08-15T22:13:27.532-0500	DEBUG	protocol/handler.go:596	round already finalized
2025-08-15T22:13:27.532-0500	DEBUG	protocol/handler.go:581	tryAdvanceRound called	{"{current_round 20 3  <nil>}": {"Key":"self","Type":15,"Integer":0,"String":"b","Interface":null}}
2025-08-15T22:13:27.532-0500	DEBUG	protocol/handler.go:1591	have processed broadcast	{"{round 20 3  <nil>}": {"Key":"from","Type":15,"Integer":0,"String":"a","Interface":null}}
2025-08-15T22:13:27.532-0500	DEBUG	protocol/handler.go:1591	have processed broadcast	{"{round 20 3  <nil>}": {"Key":"from","Type":15,"Integer":0,"String":"c","Interface":null}}
2025-08-15T22:13:27.532-0500	DEBUG	protocol/handler.go:1649	have all messages and processed	{"{round 20 3  <nil>}": {"Key":"self","Type":15,"Integer":0,"String":"b","Interface":null}}
2025-08-15T22:13:27.532-0500	DEBUG	protocol/handler.go:596	round already finalized
2025-08-15T22:13:27.532-0500	DEBUG	protocol/handler.go:581	tryAdvanceRound called	{"{current_round 20 3  <nil>}": {"Key":"self","Type":15,"Integer":0,"String":"c","Interface":null}}
2025-08-15T22:13:27.532-0500	DEBUG	protocol/handler.go:1591	have processed broadcast	{"{round 20 3  <nil>}": {"Key":"from","Type":15,"Integer":0,"String":"a","Interface":null}}
2025-08-15T22:13:27.533-0500	DEBUG	protocol/handler.go:1591	have processed broadcast	{"{round 20 3  <nil>}": {"Key":"from","Type":15,"Integer":0,"String":"b","Interface":null}}
2025-08-15T22:13:27.538-0500	DEBUG	protocol/handler.go:1649	have all messages and processed	{"{round 20 3  <nil>}": {"Key":"self","Type":15,"Integer":0,"String":"c","Interface":null}}
2025-08-15T22:13:27.538-0500	DEBUG	protocol/handler.go:596	round already finalized
2025-08-15T22:13:27.538-0500	DEBUG	protocol/handler.go:581	tryAdvanceRound called	{"{current_round 20 3  <nil>}": {"Key":"self","Type":15,"Integer":0,"String":"c","Interface":null}}
2025-08-15T22:13:27.538-0500	DEBUG	protocol/handler.go:1591	have processed broadcast	{"{round 20 3  <nil>}": {"Key":"from","Type":15,"Integer":0,"String":"a","Interface":null}}
2025-08-15T22:13:27.538-0500	DEBUG	protocol/handler.go:1591	have processed broadcast	{"{round 20 3  <nil>}": {"Key":"from","Type":15,"Integer":0,"String":"b","Interface":null}}
2025-08-15T22:13:27.538-0500	DEBUG	protocol/handler.go:1649	have all messages and processed	{"{round 20 3  <nil>}": {"Key":"self","Type":15,"Integer":0,"String":"c","Interface":null}}
2025-08-15T22:13:27.538-0500	DEBUG	protocol/handler.go:596	round already finalized
2025-08-15T22:13:27.538-0500	DEBUG	protocol/handler.go:581	tryAdvanceRound called	{"{current_round 20 3  <nil>}": {"Key":"self","Type":15,"Integer":0,"String":"b","Interface":null}}
2025-08-15T22:13:27.540-0500	DEBUG	protocol/handler.go:1591	have processed broadcast	{"{round 20 3  <nil>}": {"Key":"from","Type":15,"Integer":0,"String":"a","Interface":null}}
2025-08-15T22:13:27.540-0500	DEBUG	protocol/handler.go:1591	have processed broadcast	{"{round 20 3  <nil>}": {"Key":"from","Type":15,"Integer":0,"String":"c","Interface":null}}
2025-08-15T22:13:27.540-0500	DEBUG	protocol/handler.go:1649	have all messages and processed	{"{round 20 3  <nil>}": {"Key":"self","Type":15,"Integer":0,"String":"b","Interface":null}}
2025-08-15T22:13:27.543-0500	DEBUG	protocol/handler.go:596	round already finalized
2025-08-15T22:13:27.543-0500	DEBUG	protocol/handler.go:581	tryAdvanceRound called	{"{current_round 20 3  <nil>}": {"Key":"self","Type":15,"Integer":0,"String":"c","Interface":null}}
2025-08-15T22:13:27.543-0500	DEBUG	protocol/handler.go:1591	have processed broadcast	{"{round 20 3  <nil>}": {"Key":"from","Type":15,"Integer":0,"String":"a","Interface":null}}
2025-08-15T22:13:27.543-0500	DEBUG	protocol/handler.go:1591	have processed broadcast	{"{round 20 3  <nil>}": {"Key":"from","Type":15,"Integer":0,"String":"b","Interface":null}}
2025-08-15T22:13:27.543-0500	DEBUG	protocol/handler.go:1649	have all messages and processed	{"{round 20 3  <nil>}": {"Key":"self","Type":15,"Integer":0,"String":"c","Interface":null}}
2025-08-15T22:13:27.561-0500	DEBUG	protocol/handler.go:581	tryAdvanceRound called	{"{current_round 20 3  <nil>}": {"Key":"self","Type":15,"Integer":0,"String":"b","Interface":null}}
2025-08-15T22:13:27.562-0500	DEBUG	protocol/handler.go:1591	have processed broadcast	{"{round 20 3  <nil>}": {"Key":"from","Type":15,"Integer":0,"String":"a","Interface":null}}
2025-08-15T22:13:27.562-0500	DEBUG	protocol/handler.go:1591	have processed broadcast	{"{round 20 3  <nil>}": {"Key":"from","Type":15,"Integer":0,"String":"c","Interface":null}}
2025-08-15T22:13:27.562-0500	DEBUG	protocol/handler.go:1649	have all messages and processed	{"{round 20 3  <nil>}": {"Key":"self","Type":15,"Integer":0,"String":"b","Interface":null}}
2025-08-15T22:13:27.562-0500	DEBUG	protocol/handler.go:596	round already finalized
2025-08-15T22:13:27.562-0500	DEBUG	protocol/handler.go:581	tryAdvanceRound called	{"{current_round 20 3  <nil>}": {"Key":"self","Type":15,"Integer":0,"String":"b","Interface":null}}
2025-08-15T22:13:27.562-0500	DEBUG	protocol/handler.go:1591	have processed broadcast	{"{round 20 3  <nil>}": {"Key":"from","Type":15,"Integer":0,"String":"a","Interface":null}}
2025-08-15T22:13:27.562-0500	DEBUG	protocol/handler.go:1591	have processed broadcast	{"{round 20 3  <nil>}": {"Key":"from","Type":15,"Integer":0,"String":"c","Interface":null}}
2025-08-15T22:13:27.566-0500	DEBUG	protocol/handler.go:1649	have all messages and processed	{"{round 20 3  <nil>}": {"Key":"self","Type":15,"Integer":0,"String":"b","Interface":null}}
2025-08-15T22:13:27.567-0500	DEBUG	protocol/handler.go:596	round already finalized
2025-08-15T22:13:27.583-0500	DEBUG	protocol/handler.go:581	tryAdvanceRound called	{"{current_round 20 3  <nil>}": {"Key":"self","Type":15,"Integer":0,"String":"b","Interface":null}}
2025-08-15T22:13:27.583-0500	DEBUG	protocol/handler.go:1591	have processed broadcast	{"{round 20 3  <nil>}": {"Key":"from","Type":15,"Integer":0,"String":"a","Interface":null}}
2025-08-15T22:13:27.583-0500	DEBUG	protocol/handler.go:1591	have processed broadcast	{"{round 20 3  <nil>}": {"Key":"from","Type":15,"Integer":0,"String":"c","Interface":null}}
2025-08-15T22:13:27.583-0500	DEBUG	protocol/handler.go:1649	have all messages and processed	{"{round 20 3  <nil>}": {"Key":"self","Type":15,"Integer":0,"String":"b","Interface":null}}
2025-08-15T22:13:27.583-0500	DEBUG	protocol/handler.go:596	round already finalized
2025-08-15T22:13:27.524-0500	DEBUG	protocol/handler.go:1591	have processed broadcast	{"{round 20 3  <nil>}": {"Key":"from","Type":15,"Integer":0,"String":"c","Interface":null}}
2025-08-15T22:13:27.594-0500	DEBUG	protocol/handler.go:1649	have all messages and processed	{"{round 20 3  <nil>}": {"Key":"self","Type":15,"Integer":0,"String":"a","Interface":null}}
2025-08-15T22:13:27.594-0500	DEBUG	protocol/handler.go:596	round already finalized
2025-08-15T22:13:27.594-0500	DEBUG	protocol/handler.go:581	tryAdvanceRound called	{"{current_round 20 3  <nil>}": {"Key":"self","Type":15,"Integer":0,"String":"a","Interface":null}}
2025-08-15T22:13:27.594-0500	DEBUG	protocol/handler.go:1591	have processed broadcast	{"{round 20 3  <nil>}": {"Key":"from","Type":15,"Integer":0,"String":"b","Interface":null}}
2025-08-15T22:13:27.594-0500	DEBUG	protocol/handler.go:1591	have processed broadcast	{"{round 20 3  <nil>}": {"Key":"from","Type":15,"Integer":0,"String":"c","Interface":null}}
2025-08-15T22:13:27.594-0500	DEBUG	protocol/handler.go:1649	have all messages and processed	{"{round 20 3  <nil>}": {"Key":"self","Type":15,"Integer":0,"String":"a","Interface":null}}
2025-08-15T22:13:27.594-0500	DEBUG	protocol/handler.go:596	round already finalized
2025-08-15T22:13:27.606-0500	DEBUG	protocol/handler.go:581	tryAdvanceRound called	{"{current_round 20 3  <nil>}": {"Key":"self","Type":15,"Integer":0,"String":"b","Interface":null}}
2025-08-15T22:13:27.606-0500	DEBUG	protocol/handler.go:581	tryAdvanceRound called	{"{current_round 20 3  <nil>}": {"Key":"self","Type":15,"Integer":0,"String":"a","Interface":null}}
2025-08-15T22:13:27.620-0500	DEBUG	protocol/handler.go:1591	have processed broadcast	{"{round 20 3  <nil>}": {"Key":"from","Type":15,"Integer":0,"String":"b","Interface":null}}
2025-08-15T22:13:27.628-0500	DEBUG	protocol/handler.go:1591	have processed broadcast	{"{round 20 3  <nil>}": {"Key":"from","Type":15,"Integer":0,"String":"c","Interface":null}}
2025-08-15T22:13:27.628-0500	DEBUG	protocol/handler.go:1649	have all messages and processed	{"{round 20 3  <nil>}": {"Key":"self","Type":15,"Integer":0,"String":"a","Interface":null}}
2025-08-15T22:13:27.628-0500	DEBUG	protocol/handler.go:596	round already finalized
2025-08-15T22:13:27.628-0500	DEBUG	protocol/handler.go:581	tryAdvanceRound called	{"{current_round 20 3  <nil>}": {"Key":"self","Type":15,"Integer":0,"String":"a","Interface":null}}
2025-08-15T22:13:27.606-0500	DEBUG	protocol/handler.go:1591	have processed broadcast	{"{round 20 3  <nil>}": {"Key":"from","Type":15,"Integer":0,"String":"a","Interface":null}}
2025-08-15T22:13:27.628-0500	DEBUG	protocol/handler.go:1591	have processed broadcast	{"{round 20 3  <nil>}": {"Key":"from","Type":15,"Integer":0,"String":"c","Interface":null}}
2025-08-15T22:13:27.628-0500	DEBUG	protocol/handler.go:1649	have all messages and processed	{"{round 20 3  <nil>}": {"Key":"self","Type":15,"Integer":0,"String":"b","Interface":null}}
2025-08-15T22:13:27.628-0500	DEBUG	protocol/handler.go:596	round already finalized
2025-08-15T22:13:27.628-0500	DEBUG	protocol/handler.go:581	tryAdvanceRound called	{"{current_round 20 3  <nil>}": {"Key":"self","Type":15,"Integer":0,"String":"b","Interface":null}}
2025-08-15T22:13:27.628-0500	DEBUG	protocol/handler.go:1591	have processed broadcast	{"{round 20 3  <nil>}": {"Key":"from","Type":15,"Integer":0,"String":"a","Interface":null}}
2025-08-15T22:13:27.628-0500	DEBUG	protocol/handler.go:1591	have processed broadcast	{"{round 20 3  <nil>}": {"Key":"from","Type":15,"Integer":0,"String":"c","Interface":null}}
2025-08-15T22:13:27.628-0500	DEBUG	protocol/handler.go:1649	have all messages and processed	{"{round 20 3  <nil>}": {"Key":"self","Type":15,"Integer":0,"String":"b","Interface":null}}
2025-08-15T22:13:27.628-0500	DEBUG	protocol/handler.go:596	round already finalized
2025-08-15T22:13:27.543-0500	DEBUG	protocol/handler.go:596	round already finalized
2025-08-15T22:13:27.642-0500	DEBUG	protocol/handler.go:581	tryAdvanceRound called	{"{current_round 20 3  <nil>}": {"Key":"self","Type":15,"Integer":0,"String":"c","Interface":null}}
2025-08-15T22:13:27.642-0500	DEBUG	protocol/handler.go:1591	have processed broadcast	{"{round 20 3  <nil>}": {"Key":"from","Type":15,"Integer":0,"String":"a","Interface":null}}
2025-08-15T22:13:27.642-0500	DEBUG	protocol/handler.go:1591	have processed broadcast	{"{round 20 3  <nil>}": {"Key":"from","Type":15,"Integer":0,"String":"b","Interface":null}}
2025-08-15T22:13:27.642-0500	DEBUG	protocol/handler.go:1649	have all messages and processed	{"{round 20 3  <nil>}": {"Key":"self","Type":15,"Integer":0,"String":"c","Interface":null}}
2025-08-15T22:13:27.642-0500	DEBUG	protocol/handler.go:596	round already finalized
2025-08-15T22:13:27.663-0500	DEBUG	protocol/handler.go:581	tryAdvanceRound called	{"{current_round 20 3  <nil>}": {"Key":"self","Type":15,"Integer":0,"String":"c","Interface":null}}
2025-08-15T22:13:27.663-0500	DEBUG	protocol/handler.go:1591	have processed broadcast	{"{round 20 3  <nil>}": {"Key":"from","Type":15,"Integer":0,"String":"a","Interface":null}}
2025-08-15T22:13:27.663-0500	DEBUG	protocol/handler.go:1591	have processed broadcast	{"{round 20 3  <nil>}": {"Key":"from","Type":15,"Integer":0,"String":"b","Interface":null}}
2025-08-15T22:13:27.663-0500	DEBUG	protocol/handler.go:1649	have all messages and processed	{"{round 20 3  <nil>}": {"Key":"self","Type":15,"Integer":0,"String":"c","Interface":null}}
2025-08-15T22:13:27.663-0500	DEBUG	protocol/handler.go:596	round already finalized
2025-08-15T22:13:27.679-0500	DEBUG	protocol/handler.go:581	tryAdvanceRound called	{"{current_round 20 3  <nil>}": {"Key":"self","Type":15,"Integer":0,"String":"b","Interface":null}}
2025-08-15T22:13:27.680-0500	DEBUG	protocol/handler.go:1591	have processed broadcast	{"{round 20 3  <nil>}": {"Key":"from","Type":15,"Integer":0,"String":"a","Interface":null}}
2025-08-15T22:13:27.680-0500	DEBUG	protocol/handler.go:1591	have processed broadcast	{"{round 20 3  <nil>}": {"Key":"from","Type":15,"Integer":0,"String":"c","Interface":null}}
2025-08-15T22:13:27.680-0500	DEBUG	protocol/handler.go:1649	have all messages and processed	{"{round 20 3  <nil>}": {"Key":"self","Type":15,"Integer":0,"String":"b","Interface":null}}
2025-08-15T22:13:27.680-0500	DEBUG	protocol/handler.go:596	round already finalized
2025-08-15T22:13:27.680-0500	DEBUG	protocol/handler.go:581	tryAdvanceRound called	{"{current_round 20 3  <nil>}": {"Key":"self","Type":15,"Integer":0,"String":"b","Interface":null}}
2025-08-15T22:13:27.681-0500	DEBUG	protocol/handler.go:1591	have processed broadcast	{"{round 20 3  <nil>}": {"Key":"from","Type":15,"Integer":0,"String":"a","Interface":null}}
2025-08-15T22:13:27.688-0500	DEBUG	protocol/handler.go:1591	have processed broadcast	{"{round 20 3  <nil>}": {"Key":"from","Type":15,"Integer":0,"String":"c","Interface":null}}
2025-08-15T22:13:27.688-0500	DEBUG	protocol/handler.go:1649	have all messages and processed	{"{round 20 3  <nil>}": {"Key":"self","Type":15,"Integer":0,"String":"b","Interface":null}}
2025-08-15T22:13:27.688-0500	DEBUG	protocol/handler.go:596	round already finalized
2025-08-15T22:13:27.688-0500	DEBUG	protocol/handler.go:581	tryAdvanceRound called	{"{current_round 20 3  <nil>}": {"Key":"self","Type":15,"Integer":0,"String":"b","Interface":null}}
2025-08-15T22:13:27.688-0500	DEBUG	protocol/handler.go:1591	have processed broadcast	{"{round 20 3  <nil>}": {"Key":"from","Type":15,"Integer":0,"String":"a","Interface":null}}
2025-08-15T22:13:27.691-0500	DEBUG	protocol/handler.go:1591	have processed broadcast	{"{round 20 3  <nil>}": {"Key":"from","Type":15,"Integer":0,"String":"b","Interface":null}}
2025-08-15T22:13:27.692-0500	DEBUG	protocol/handler.go:1591	have processed broadcast	{"{round 20 3  <nil>}": {"Key":"from","Type":15,"Integer":0,"String":"c","Interface":null}}
2025-08-15T22:13:27.692-0500	DEBUG	protocol/handler.go:1649	have all messages and processed	{"{round 20 3  <nil>}": {"Key":"self","Type":15,"Integer":0,"String":"a","Interface":null}}
2025-08-15T22:13:27.692-0500	DEBUG	protocol/handler.go:596	round already finalized
2025-08-15T22:13:27.692-0500	DEBUG	protocol/handler.go:581	tryAdvanceRound called	{"{current_round 20 3  <nil>}": {"Key":"self","Type":15,"Integer":0,"String":"a","Interface":null}}
2025-08-15T22:13:27.692-0500	DEBUG	protocol/handler.go:1591	have processed broadcast	{"{round 20 3  <nil>}": {"Key":"from","Type":15,"Integer":0,"String":"b","Interface":null}}
2025-08-15T22:13:27.692-0500	DEBUG	protocol/handler.go:1591	have processed broadcast	{"{round 20 3  <nil>}": {"Key":"from","Type":15,"Integer":0,"String":"c","Interface":null}}
2025-08-15T22:13:27.692-0500	DEBUG	protocol/handler.go:1649	have all messages and processed	{"{round 20 3  <nil>}": {"Key":"self","Type":15,"Integer":0,"String":"a","Interface":null}}
2025-08-15T22:13:27.692-0500	DEBUG	protocol/handler.go:596	round already finalized
2025-08-15T22:13:27.692-0500	DEBUG	protocol/handler.go:581	tryAdvanceRound called	{"{current_round 20 3  <nil>}": {"Key":"self","Type":15,"Integer":0,"String":"c","Interface":null}}
2025-08-15T22:13:27.692-0500	DEBUG	protocol/handler.go:1591	have processed broadcast	{"{round 20 3  <nil>}": {"Key":"from","Type":15,"Integer":0,"String":"a","Interface":null}}
2025-08-15T22:13:27.692-0500	DEBUG	protocol/handler.go:1591	have processed broadcast	{"{round 20 3  <nil>}": {"Key":"from","Type":15,"Integer":0,"String":"b","Interface":null}}
2025-08-15T22:13:27.692-0500	DEBUG	protocol/handler.go:1649	have all messages and processed	{"{round 20 3  <nil>}": {"Key":"self","Type":15,"Integer":0,"String":"c","Interface":null}}
2025-08-15T22:13:27.692-0500	DEBUG	protocol/handler.go:596	round already finalized
2025-08-15T22:13:27.688-0500	DEBUG	protocol/handler.go:1591	have processed broadcast	{"{round 20 3  <nil>}": {"Key":"from","Type":15,"Integer":0,"String":"c","Interface":null}}
2025-08-15T22:13:27.692-0500	DEBUG	protocol/handler.go:1649	have all messages and processed	{"{round 20 3  <nil>}": {"Key":"self","Type":15,"Integer":0,"String":"b","Interface":null}}
2025-08-15T22:13:27.692-0500	DEBUG	protocol/handler.go:596	round already finalized
2025-08-15T22:13:27.692-0500	DEBUG	protocol/handler.go:581	tryAdvanceRound called	{"{current_round 20 3  <nil>}": {"Key":"self","Type":15,"Integer":0,"String":"b","Interface":null}}
2025-08-15T22:13:27.692-0500	DEBUG	protocol/handler.go:1591	have processed broadcast	{"{round 20 3  <nil>}": {"Key":"from","Type":15,"Integer":0,"String":"a","Interface":null}}
2025-08-15T22:13:27.700-0500	DEBUG	protocol/handler.go:1591	have processed broadcast	{"{round 20 3  <nil>}": {"Key":"from","Type":15,"Integer":0,"String":"c","Interface":null}}
2025-08-15T22:13:27.711-0500	DEBUG	protocol/handler.go:581	tryAdvanceRound called	{"{current_round 20 3  <nil>}": {"Key":"self","Type":15,"Integer":0,"String":"c","Interface":null}}
2025-08-15T22:13:27.718-0500	DEBUG	protocol/handler.go:1591	have processed broadcast	{"{round 20 3  <nil>}": {"Key":"from","Type":15,"Integer":0,"String":"a","Interface":null}}
2025-08-15T22:13:27.718-0500	DEBUG	protocol/handler.go:1591	have processed broadcast	{"{round 20 3  <nil>}": {"Key":"from","Type":15,"Integer":0,"String":"b","Interface":null}}
2025-08-15T22:13:27.718-0500	DEBUG	protocol/handler.go:1649	have all messages and processed	{"{round 20 3  <nil>}": {"Key":"self","Type":15,"Integer":0,"String":"c","Interface":null}}
2025-08-15T22:13:27.718-0500	DEBUG	protocol/handler.go:596	round already finalized
2025-08-15T22:13:27.738-0500	DEBUG	protocol/handler.go:581	tryAdvanceRound called	{"{current_round 20 3  <nil>}": {"Key":"self","Type":15,"Integer":0,"String":"a","Interface":null}}
2025-08-15T22:13:27.740-0500	DEBUG	protocol/handler.go:1591	have processed broadcast	{"{round 20 3  <nil>}": {"Key":"from","Type":15,"Integer":0,"String":"b","Interface":null}}
2025-08-15T22:13:27.740-0500	DEBUG	protocol/handler.go:1591	have processed broadcast	{"{round 20 3  <nil>}": {"Key":"from","Type":15,"Integer":0,"String":"c","Interface":null}}
2025-08-15T22:13:27.744-0500	DEBUG	protocol/handler.go:1649	have all messages and processed	{"{round 20 3  <nil>}": {"Key":"self","Type":15,"Integer":0,"String":"a","Interface":null}}
2025-08-15T22:13:27.744-0500	DEBUG	protocol/handler.go:596	round already finalized
2025-08-15T22:13:27.744-0500	DEBUG	protocol/handler.go:581	tryAdvanceRound called	{"{current_round 20 3  <nil>}": {"Key":"self","Type":15,"Integer":0,"String":"a","Interface":null}}
2025-08-15T22:13:27.744-0500	DEBUG	protocol/handler.go:1591	have processed broadcast	{"{round 20 3  <nil>}": {"Key":"from","Type":15,"Integer":0,"String":"b","Interface":null}}
2025-08-15T22:13:27.744-0500	DEBUG	protocol/handler.go:1591	have processed broadcast	{"{round 20 3  <nil>}": {"Key":"from","Type":15,"Integer":0,"String":"c","Interface":null}}
2025-08-15T22:13:27.747-0500	DEBUG	protocol/handler.go:1649	have all messages and processed	{"{round 20 3  <nil>}": {"Key":"self","Type":15,"Integer":0,"String":"a","Interface":null}}
2025-08-15T22:13:27.747-0500	DEBUG	protocol/handler.go:596	round already finalized
2025-08-15T22:13:27.747-0500	DEBUG	protocol/handler.go:581	tryAdvanceRound called	{"{current_round 20 3  <nil>}": {"Key":"self","Type":15,"Integer":0,"String":"a","Interface":null}}
2025-08-15T22:13:27.747-0500	DEBUG	protocol/handler.go:1591	have processed broadcast	{"{round 20 3  <nil>}": {"Key":"from","Type":15,"Integer":0,"String":"b","Interface":null}}
2025-08-15T22:13:27.747-0500	DEBUG	protocol/handler.go:1591	have processed broadcast	{"{round 20 3  <nil>}": {"Key":"from","Type":15,"Integer":0,"String":"c","Interface":null}}
2025-08-15T22:13:27.747-0500	DEBUG	protocol/handler.go:1649	have all messages and processed	{"{round 20 3  <nil>}": {"Key":"self","Type":15,"Integer":0,"String":"a","Interface":null}}
2025-08-15T22:13:27.747-0500	DEBUG	protocol/handler.go:596	round already finalized
2025-08-15T22:13:27.747-0500	DEBUG	protocol/handler.go:581	tryAdvanceRound called	{"{current_round 20 3  <nil>}": {"Key":"self","Type":15,"Integer":0,"String":"c","Interface":null}}
2025-08-15T22:13:27.747-0500	DEBUG	protocol/handler.go:1591	have processed broadcast	{"{round 20 3  <nil>}": {"Key":"from","Type":15,"Integer":0,"String":"a","Interface":null}}
2025-08-15T22:13:27.755-0500	DEBUG	protocol/handler.go:1591	have processed broadcast	{"{round 20 3  <nil>}": {"Key":"from","Type":15,"Integer":0,"String":"b","Interface":null}}
2025-08-15T22:13:27.755-0500	DEBUG	protocol/handler.go:1649	have all messages and processed	{"{round 20 3  <nil>}": {"Key":"self","Type":15,"Integer":0,"String":"c","Interface":null}}
2025-08-15T22:13:27.700-0500	DEBUG	protocol/handler.go:1649	have all messages and processed	{"{round 20 3  <nil>}": {"Key":"self","Type":15,"Integer":0,"String":"b","Interface":null}}
2025-08-15T22:13:27.755-0500	DEBUG	protocol/handler.go:596	round already finalized
2025-08-15T22:13:27.761-0500	DEBUG	protocol/handler.go:596	round already finalized
2025-08-15T22:13:27.766-0500	DEBUG	protocol/handler.go:581	tryAdvanceRound called	{"{current_round 20 3  <nil>}": {"Key":"self","Type":15,"Integer":0,"String":"c","Interface":null}}
2025-08-15T22:13:27.766-0500	DEBUG	protocol/handler.go:1591	have processed broadcast	{"{round 20 3  <nil>}": {"Key":"from","Type":15,"Integer":0,"String":"a","Interface":null}}
2025-08-15T22:13:27.766-0500	DEBUG	protocol/handler.go:1591	have processed broadcast	{"{round 20 3  <nil>}": {"Key":"from","Type":15,"Integer":0,"String":"b","Interface":null}}
2025-08-15T22:13:27.766-0500	DEBUG	protocol/handler.go:1649	have all messages and processed	{"{round 20 3  <nil>}": {"Key":"self","Type":15,"Integer":0,"String":"c","Interface":null}}
2025-08-15T22:13:27.766-0500	DEBUG	protocol/handler.go:596	round already finalized
2025-08-15T22:13:27.767-0500	DEBUG	protocol/handler.go:581	tryAdvanceRound called	{"{current_round 20 3  <nil>}": {"Key":"self","Type":15,"Integer":0,"String":"b","Interface":null}}
2025-08-15T22:13:27.767-0500	DEBUG	protocol/handler.go:581	tryAdvanceRound called	{"{current_round 20 3  <nil>}": {"Key":"self","Type":15,"Integer":0,"String":"c","Interface":null}}
2025-08-15T22:13:27.767-0500	DEBUG	protocol/handler.go:1591	have processed broadcast	{"{round 20 3  <nil>}": {"Key":"from","Type":15,"Integer":0,"String":"a","Interface":null}}
2025-08-15T22:13:27.767-0500	DEBUG	protocol/handler.go:581	tryAdvanceRound called	{"{current_round 20 3  <nil>}": {"Key":"self","Type":15,"Integer":0,"String":"a","Interface":null}}
2025-08-15T22:13:27.767-0500	DEBUG	protocol/handler.go:1591	have processed broadcast	{"{round 20 3  <nil>}": {"Key":"from","Type":15,"Integer":0,"String":"c","Interface":null}}
2025-08-15T22:13:27.767-0500	DEBUG	protocol/handler.go:1649	have all messages and processed	{"{round 20 3  <nil>}": {"Key":"self","Type":15,"Integer":0,"String":"b","Interface":null}}
2025-08-15T22:13:27.767-0500	DEBUG	protocol/handler.go:1591	have processed broadcast	{"{round 20 3  <nil>}": {"Key":"from","Type":15,"Integer":0,"String":"b","Interface":null}}
2025-08-15T22:13:27.767-0500	DEBUG	protocol/handler.go:596	round already finalized
2025-08-15T22:13:27.767-0500	DEBUG	protocol/handler.go:1591	have processed broadcast	{"{round 20 3  <nil>}": {"Key":"from","Type":15,"Integer":0,"String":"a","Interface":null}}
2025-08-15T22:13:27.767-0500	DEBUG	protocol/handler.go:1591	have processed broadcast	{"{round 20 3  <nil>}": {"Key":"from","Type":15,"Integer":0,"String":"c","Interface":null}}
2025-08-15T22:13:27.767-0500	DEBUG	protocol/handler.go:1591	have processed broadcast	{"{round 20 3  <nil>}": {"Key":"from","Type":15,"Integer":0,"String":"b","Interface":null}}
2025-08-15T22:13:27.767-0500	DEBUG	protocol/handler.go:1649	have all messages and processed	{"{round 20 3  <nil>}": {"Key":"self","Type":15,"Integer":0,"String":"a","Interface":null}}
2025-08-15T22:13:27.767-0500	DEBUG	protocol/handler.go:1649	have all messages and processed	{"{round 20 3  <nil>}": {"Key":"self","Type":15,"Integer":0,"String":"c","Interface":null}}
2025-08-15T22:13:27.767-0500	DEBUG	protocol/handler.go:596	round already finalized
2025-08-15T22:13:27.767-0500	DEBUG	protocol/handler.go:596	round already finalized
2025-08-15T22:13:27.780-0500	DEBUG	protocol/handler.go:581	tryAdvanceRound called	{"{current_round 20 3  <nil>}": {"Key":"self","Type":15,"Integer":0,"String":"b","Interface":null}}
2025-08-15T22:13:27.780-0500	DEBUG	protocol/handler.go:1591	have processed broadcast	{"{round 20 3  <nil>}": {"Key":"from","Type":15,"Integer":0,"String":"a","Interface":null}}
2025-08-15T22:13:27.780-0500	DEBUG	protocol/handler.go:1591	have processed broadcast	{"{round 20 3  <nil>}": {"Key":"from","Type":15,"Integer":0,"String":"c","Interface":null}}
2025-08-15T22:13:27.780-0500	DEBUG	protocol/handler.go:1649	have all messages and processed	{"{round 20 3  <nil>}": {"Key":"self","Type":15,"Integer":0,"String":"b","Interface":null}}
2025-08-15T22:13:27.781-0500	DEBUG	protocol/handler.go:596	round already finalized
2025-08-15T22:13:27.780-0500	DEBUG	protocol/handler.go:581	tryAdvanceRound called	{"{current_round 20 3  <nil>}": {"Key":"self","Type":15,"Integer":0,"String":"a","Interface":null}}
2025-08-15T22:13:27.784-0500	DEBUG	protocol/handler.go:1591	have processed broadcast	{"{round 20 3  <nil>}": {"Key":"from","Type":15,"Integer":0,"String":"b","Interface":null}}
2025-08-15T22:13:27.784-0500	DEBUG	protocol/handler.go:1591	have processed broadcast	{"{round 20 3  <nil>}": {"Key":"from","Type":15,"Integer":0,"String":"c","Interface":null}}
2025-08-15T22:13:27.784-0500	DEBUG	protocol/handler.go:1649	have all messages and processed	{"{round 20 3  <nil>}": {"Key":"self","Type":15,"Integer":0,"String":"a","Interface":null}}
2025-08-15T22:13:27.784-0500	DEBUG	protocol/handler.go:596	round already finalized
2025-08-15T22:13:27.806-0500	DEBUG	protocol/handler.go:581	tryAdvanceRound called	{"{current_round 20 3  <nil>}": {"Key":"self","Type":15,"Integer":0,"String":"a","Interface":null}}
2025-08-15T22:13:27.807-0500	DEBUG	protocol/handler.go:1591	have processed broadcast	{"{round 20 3  <nil>}": {"Key":"from","Type":15,"Integer":0,"String":"b","Interface":null}}
2025-08-15T22:13:27.807-0500	DEBUG	protocol/handler.go:1591	have processed broadcast	{"{round 20 3  <nil>}": {"Key":"from","Type":15,"Integer":0,"String":"c","Interface":null}}
2025-08-15T22:13:27.807-0500	DEBUG	protocol/handler.go:1649	have all messages and processed	{"{round 20 3  <nil>}": {"Key":"self","Type":15,"Integer":0,"String":"a","Interface":null}}
2025-08-15T22:13:27.807-0500	DEBUG	protocol/handler.go:596	round already finalized
2025-08-15T22:13:27.809-0500	DEBUG	protocol/handler.go:581	tryAdvanceRound called	{"{current_round 20 3  <nil>}": {"Key":"self","Type":15,"Integer":0,"String":"c","Interface":null}}
2025-08-15T22:13:27.809-0500	DEBUG	protocol/handler.go:1591	have processed broadcast	{"{round 20 3  <nil>}": {"Key":"from","Type":15,"Integer":0,"String":"a","Interface":null}}
2025-08-15T22:13:27.809-0500	DEBUG	protocol/handler.go:1591	have processed broadcast	{"{round 20 3  <nil>}": {"Key":"from","Type":15,"Integer":0,"String":"b","Interface":null}}
2025-08-15T22:13:27.809-0500	DEBUG	protocol/handler.go:1649	have all messages and processed	{"{round 20 3  <nil>}": {"Key":"self","Type":15,"Integer":0,"String":"c","Interface":null}}
2025-08-15T22:13:27.809-0500	DEBUG	protocol/handler.go:596	round already finalized
2025-08-15T22:13:27.809-0500	DEBUG	protocol/handler.go:581	tryAdvanceRound called	{"{current_round 20 3  <nil>}": {"Key":"self","Type":15,"Integer":0,"String":"c","Interface":null}}
2025-08-15T22:13:27.809-0500	DEBUG	protocol/handler.go:1591	have processed broadcast	{"{round 20 3  <nil>}": {"Key":"from","Type":15,"Integer":0,"String":"a","Interface":null}}
2025-08-15T22:13:27.809-0500	DEBUG	protocol/handler.go:1591	have processed broadcast	{"{round 20 3  <nil>}": {"Key":"from","Type":15,"Integer":0,"String":"b","Interface":null}}
2025-08-15T22:13:27.809-0500	DEBUG	protocol/handler.go:1649	have all messages and processed	{"{round 20 3  <nil>}": {"Key":"self","Type":15,"Integer":0,"String":"c","Interface":null}}
2025-08-15T22:13:27.809-0500	DEBUG	protocol/handler.go:596	round already finalized
2025-08-15T22:13:27.809-0500	DEBUG	protocol/handler.go:581	tryAdvanceRound called	{"{current_round 20 3  <nil>}": {"Key":"self","Type":15,"Integer":0,"String":"b","Interface":null}}
2025-08-15T22:13:27.809-0500	DEBUG	protocol/handler.go:1591	have processed broadcast	{"{round 20 3  <nil>}": {"Key":"from","Type":15,"Integer":0,"String":"a","Interface":null}}
2025-08-15T22:13:27.809-0500	DEBUG	protocol/handler.go:1591	have processed broadcast	{"{round 20 3  <nil>}": {"Key":"from","Type":15,"Integer":0,"String":"c","Interface":null}}
2025-08-15T22:13:27.809-0500	DEBUG	protocol/handler.go:1649	have all messages and processed	{"{round 20 3  <nil>}": {"Key":"self","Type":15,"Integer":0,"String":"b","Interface":null}}
2025-08-15T22:13:27.809-0500	DEBUG	protocol/handler.go:596	round already finalized
2025-08-15T22:13:27.832-0500	DEBUG	protocol/handler.go:581	tryAdvanceRound called	{"{current_round 20 3  <nil>}": {"Key":"self","Type":15,"Integer":0,"String":"c","Interface":null}}
2025-08-15T22:13:27.832-0500	DEBUG	protocol/handler.go:1591	have processed broadcast	{"{round 20 3  <nil>}": {"Key":"from","Type":15,"Integer":0,"String":"a","Interface":null}}
2025-08-15T22:13:27.832-0500	DEBUG	protocol/handler.go:1591	have processed broadcast	{"{round 20 3  <nil>}": {"Key":"from","Type":15,"Integer":0,"String":"b","Interface":null}}
2025-08-15T22:13:27.832-0500	DEBUG	protocol/handler.go:1649	have all messages and processed	{"{round 20 3  <nil>}": {"Key":"self","Type":15,"Integer":0,"String":"c","Interface":null}}
2025-08-15T22:13:27.832-0500	DEBUG	protocol/handler.go:596	round already finalized
2025-08-15T22:13:27.855-0500	DEBUG	protocol/handler.go:581	tryAdvanceRound called	{"{current_round 20 3  <nil>}": {"Key":"self","Type":15,"Integer":0,"String":"a","Interface":null}}
2025-08-15T22:13:27.855-0500	DEBUG	protocol/handler.go:1591	have processed broadcast	{"{round 20 3  <nil>}": {"Key":"from","Type":15,"Integer":0,"String":"b","Interface":null}}
2025-08-15T22:13:27.855-0500	DEBUG	protocol/handler.go:1591	have processed broadcast	{"{round 20 3  <nil>}": {"Key":"from","Type":15,"Integer":0,"String":"c","Interface":null}}
2025-08-15T22:13:27.855-0500	DEBUG	protocol/handler.go:1649	have all messages and processed	{"{round 20 3  <nil>}": {"Key":"self","Type":15,"Integer":0,"String":"a","Interface":null}}
2025-08-15T22:13:27.855-0500	DEBUG	protocol/handler.go:596	round already finalized
2025-08-15T22:13:27.855-0500	DEBUG	protocol/handler.go:581	tryAdvanceRound called	{"{current_round 20 3  <nil>}": {"Key":"self","Type":15,"Integer":0,"String":"a","Interface":null}}
2025-08-15T22:13:27.855-0500	DEBUG	protocol/handler.go:1591	have processed broadcast	{"{round 20 3  <nil>}": {"Key":"from","Type":15,"Integer":0,"String":"b","Interface":null}}
2025-08-15T22:13:27.855-0500	DEBUG	protocol/handler.go:1591	have processed broadcast	{"{round 20 3  <nil>}": {"Key":"from","Type":15,"Integer":0,"String":"c","Interface":null}}
2025-08-15T22:13:27.855-0500	DEBUG	protocol/handler.go:1649	have all messages and processed	{"{round 20 3  <nil>}": {"Key":"self","Type":15,"Integer":0,"String":"a","Interface":null}}
2025-08-15T22:13:27.855-0500	DEBUG	protocol/handler.go:596	round already finalized
2025-08-15T22:13:27.856-0500	DEBUG	protocol/handler.go:581	tryAdvanceRound called	{"{current_round 20 3  <nil>}": {"Key":"self","Type":15,"Integer":0,"String":"c","Interface":null}}
2025-08-15T22:13:27.856-0500	DEBUG	protocol/handler.go:1591	have processed broadcast	{"{round 20 3  <nil>}": {"Key":"from","Type":15,"Integer":0,"String":"a","Interface":null}}
2025-08-15T22:13:27.856-0500	DEBUG	protocol/handler.go:1591	have processed broadcast	{"{round 20 3  <nil>}": {"Key":"from","Type":15,"Integer":0,"String":"b","Interface":null}}
2025-08-15T22:13:27.856-0500	DEBUG	protocol/handler.go:1649	have all messages and processed	{"{round 20 3  <nil>}": {"Key":"self","Type":15,"Integer":0,"String":"c","Interface":null}}
2025-08-15T22:13:27.856-0500	DEBUG	protocol/handler.go:596	round already finalized
2025-08-15T22:13:27.856-0500	DEBUG	protocol/handler.go:581	tryAdvanceRound called	{"{current_round 20 3  <nil>}": {"Key":"self","Type":15,"Integer":0,"String":"b","Interface":null}}
2025-08-15T22:13:27.856-0500	DEBUG	protocol/handler.go:1591	have processed broadcast	{"{round 20 3  <nil>}": {"Key":"from","Type":15,"Integer":0,"String":"a","Interface":null}}
2025-08-15T22:13:27.856-0500	DEBUG	protocol/handler.go:1591	have processed broadcast	{"{round 20 3  <nil>}": {"Key":"from","Type":15,"Integer":0,"String":"c","Interface":null}}
2025-08-15T22:13:27.856-0500	DEBUG	protocol/handler.go:1649	have all messages and processed	{"{round 20 3  <nil>}": {"Key":"self","Type":15,"Integer":0,"String":"b","Interface":null}}
2025-08-15T22:13:27.856-0500	DEBUG	protocol/handler.go:596	round already finalized
2025-08-15T22:13:27.856-0500	DEBUG	protocol/handler.go:581	tryAdvanceRound called	{"{current_round 20 3  <nil>}": {"Key":"self","Type":15,"Integer":0,"String":"b","Interface":null}}
2025-08-15T22:13:27.856-0500	DEBUG	protocol/handler.go:1591	have processed broadcast	{"{round 20 3  <nil>}": {"Key":"from","Type":15,"Integer":0,"String":"a","Interface":null}}
2025-08-15T22:13:27.856-0500	DEBUG	protocol/handler.go:1591	have processed broadcast	{"{round 20 3  <nil>}": {"Key":"from","Type":15,"Integer":0,"String":"c","Interface":null}}
2025-08-15T22:13:27.856-0500	DEBUG	protocol/handler.go:1649	have all messages and processed	{"{round 20 3  <nil>}": {"Key":"self","Type":15,"Integer":0,"String":"b","Interface":null}}
2025-08-15T22:13:27.856-0500	DEBUG	protocol/handler.go:596	round already finalized
2025-08-15T22:13:27.872-0500	DEBUG	protocol/handler.go:581	tryAdvanceRound called	{"{current_round 20 3  <nil>}": {"Key":"self","Type":15,"Integer":0,"String":"a","Interface":null}}
2025-08-15T22:13:27.872-0500	DEBUG	protocol/handler.go:1591	have processed broadcast	{"{round 20 3  <nil>}": {"Key":"from","Type":15,"Integer":0,"String":"b","Interface":null}}
2025-08-15T22:13:27.873-0500	DEBUG	protocol/handler.go:1591	have processed broadcast	{"{round 20 3  <nil>}": {"Key":"from","Type":15,"Integer":0,"String":"c","Interface":null}}
2025-08-15T22:13:27.873-0500	DEBUG	protocol/handler.go:1649	have all messages and processed	{"{round 20 3  <nil>}": {"Key":"self","Type":15,"Integer":0,"String":"a","Interface":null}}
2025-08-15T22:13:27.873-0500	DEBUG	protocol/handler.go:596	round already finalized
2025-08-15T22:13:27.882-0500	DEBUG	protocol/handler.go:581	tryAdvanceRound called	{"{current_round 20 3  <nil>}": {"Key":"self","Type":15,"Integer":0,"String":"a","Interface":null}}
2025-08-15T22:13:27.882-0500	DEBUG	protocol/handler.go:1591	have processed broadcast	{"{round 20 3  <nil>}": {"Key":"from","Type":15,"Integer":0,"String":"b","Interface":null}}
2025-08-15T22:13:27.882-0500	DEBUG	protocol/handler.go:1591	have processed broadcast	{"{round 20 3  <nil>}": {"Key":"from","Type":15,"Integer":0,"String":"c","Interface":null}}
2025-08-15T22:13:27.883-0500	DEBUG	protocol/handler.go:1649	have all messages and processed	{"{round 20 3  <nil>}": {"Key":"self","Type":15,"Integer":0,"String":"a","Interface":null}}
2025-08-15T22:13:27.883-0500	DEBUG	protocol/handler.go:581	tryAdvanceRound called	{"{current_round 20 3  <nil>}": {"Key":"self","Type":15,"Integer":0,"String":"c","Interface":null}}
2025-08-15T22:13:27.883-0500	DEBUG	protocol/handler.go:1591	have processed broadcast	{"{round 20 3  <nil>}": {"Key":"from","Type":15,"Integer":0,"String":"a","Interface":null}}
2025-08-15T22:13:27.883-0500	DEBUG	protocol/handler.go:1591	have processed broadcast	{"{round 20 3  <nil>}": {"Key":"from","Type":15,"Integer":0,"String":"b","Interface":null}}
2025-08-15T22:13:27.908-0500	DEBUG	protocol/handler.go:581	tryAdvanceRound called	{"{current_round 20 3  <nil>}": {"Key":"self","Type":15,"Integer":0,"String":"b","Interface":null}}
2025-08-15T22:13:27.908-0500	DEBUG	protocol/handler.go:1591	have processed broadcast	{"{round 20 3  <nil>}": {"Key":"from","Type":15,"Integer":0,"String":"a","Interface":null}}
2025-08-15T22:13:27.908-0500	DEBUG	protocol/handler.go:1591	have processed broadcast	{"{round 20 3  <nil>}": {"Key":"from","Type":15,"Integer":0,"String":"c","Interface":null}}
2025-08-15T22:13:27.908-0500	DEBUG	protocol/handler.go:1649	have all messages and processed	{"{round 20 3  <nil>}": {"Key":"self","Type":15,"Integer":0,"String":"b","Interface":null}}
2025-08-15T22:13:27.908-0500	DEBUG	protocol/handler.go:596	round already finalized
2025-08-15T22:13:27.908-0500	DEBUG	protocol/handler.go:581	tryAdvanceRound called	{"{current_round 20 3  <nil>}": {"Key":"self","Type":15,"Integer":0,"String":"b","Interface":null}}
2025-08-15T22:13:27.913-0500	DEBUG	protocol/handler.go:1591	have processed broadcast	{"{round 20 3  <nil>}": {"Key":"from","Type":15,"Integer":0,"String":"a","Interface":null}}
2025-08-15T22:13:27.919-0500	DEBUG	protocol/handler.go:1591	have processed broadcast	{"{round 20 3  <nil>}": {"Key":"from","Type":15,"Integer":0,"String":"c","Interface":null}}
2025-08-15T22:13:27.883-0500	DEBUG	protocol/handler.go:596	round already finalized
2025-08-15T22:13:27.922-0500	DEBUG	protocol/handler.go:1649	have all messages and processed	{"{round 20 3  <nil>}": {"Key":"self","Type":15,"Integer":0,"String":"b","Interface":null}}
2025-08-15T22:13:27.924-0500	DEBUG	protocol/handler.go:596	round already finalized
2025-08-15T22:13:27.924-0500	DEBUG	protocol/handler.go:581	tryAdvanceRound called	{"{current_round 20 3  <nil>}": {"Key":"self","Type":15,"Integer":0,"String":"a","Interface":null}}
2025-08-15T22:13:27.924-0500	DEBUG	protocol/handler.go:1591	have processed broadcast	{"{round 20 3  <nil>}": {"Key":"from","Type":15,"Integer":0,"String":"b","Interface":null}}
2025-08-15T22:13:27.924-0500	DEBUG	protocol/handler.go:1649	have all messages and processed	{"{round 20 3  <nil>}": {"Key":"self","Type":15,"Integer":0,"String":"c","Interface":null}}
2025-08-15T22:13:27.924-0500	DEBUG	protocol/handler.go:596	round already finalized
2025-08-15T22:13:27.925-0500	DEBUG	protocol/handler.go:581	tryAdvanceRound called	{"{current_round 20 3  <nil>}": {"Key":"self","Type":15,"Integer":0,"String":"c","Interface":null}}
2025-08-15T22:13:27.925-0500	DEBUG	protocol/handler.go:1591	have processed broadcast	{"{round 20 3  <nil>}": {"Key":"from","Type":15,"Integer":0,"String":"a","Interface":null}}
2025-08-15T22:13:27.925-0500	DEBUG	protocol/handler.go:1591	have processed broadcast	{"{round 20 3  <nil>}": {"Key":"from","Type":15,"Integer":0,"String":"b","Interface":null}}
2025-08-15T22:13:27.925-0500	DEBUG	protocol/handler.go:1649	have all messages and processed	{"{round 20 3  <nil>}": {"Key":"self","Type":15,"Integer":0,"String":"c","Interface":null}}
2025-08-15T22:13:27.925-0500	DEBUG	protocol/handler.go:596	round already finalized
2025-08-15T22:13:27.937-0500	DEBUG	protocol/handler.go:1591	have processed broadcast	{"{round 20 3  <nil>}": {"Key":"from","Type":15,"Integer":0,"String":"c","Interface":null}}
2025-08-15T22:13:27.937-0500	DEBUG	protocol/handler.go:1649	have all messages and processed	{"{round 20 3  <nil>}": {"Key":"self","Type":15,"Integer":0,"String":"a","Interface":null}}
2025-08-15T22:13:27.937-0500	DEBUG	protocol/handler.go:596	round already finalized
2025-08-15T22:13:27.937-0500	DEBUG	protocol/handler.go:581	tryAdvanceRound called	{"{current_round 20 3  <nil>}": {"Key":"self","Type":15,"Integer":0,"String":"a","Interface":null}}
2025-08-15T22:13:27.937-0500	DEBUG	protocol/handler.go:1591	have processed broadcast	{"{round 20 3  <nil>}": {"Key":"from","Type":15,"Integer":0,"String":"b","Interface":null}}
2025-08-15T22:13:27.937-0500	DEBUG	protocol/handler.go:1591	have processed broadcast	{"{round 20 3  <nil>}": {"Key":"from","Type":15,"Integer":0,"String":"c","Interface":null}}
2025-08-15T22:13:27.937-0500	DEBUG	protocol/handler.go:1649	have all messages and processed	{"{round 20 3  <nil>}": {"Key":"self","Type":15,"Integer":0,"String":"a","Interface":null}}
2025-08-15T22:13:27.937-0500	DEBUG	protocol/handler.go:596	round already finalized
2025-08-15T22:13:27.937-0500	DEBUG	protocol/handler.go:581	tryAdvanceRound called	{"{current_round 20 3  <nil>}": {"Key":"self","Type":15,"Integer":0,"String":"b","Interface":null}}
2025-08-15T22:13:27.937-0500	DEBUG	protocol/handler.go:1591	have processed broadcast	{"{round 20 3  <nil>}": {"Key":"from","Type":15,"Integer":0,"String":"a","Interface":null}}
2025-08-15T22:13:27.938-0500	DEBUG	protocol/handler.go:1591	have processed broadcast	{"{round 20 3  <nil>}": {"Key":"from","Type":15,"Integer":0,"String":"c","Interface":null}}
2025-08-15T22:13:27.938-0500	DEBUG	protocol/handler.go:1649	have all messages and processed	{"{round 20 3  <nil>}": {"Key":"self","Type":15,"Integer":0,"String":"b","Interface":null}}
2025-08-15T22:13:27.938-0500	DEBUG	protocol/handler.go:596	round already finalized
2025-08-15T22:13:27.938-0500	DEBUG	protocol/handler.go:581	tryAdvanceRound called	{"{current_round 20 3  <nil>}": {"Key":"self","Type":15,"Integer":0,"String":"b","Interface":null}}
2025-08-15T22:13:27.946-0500	DEBUG	protocol/handler.go:1591	have processed broadcast	{"{round 20 3  <nil>}": {"Key":"from","Type":15,"Integer":0,"String":"a","Interface":null}}
2025-08-15T22:13:27.948-0500	DEBUG	protocol/handler.go:1591	have processed broadcast	{"{round 20 3  <nil>}": {"Key":"from","Type":15,"Integer":0,"String":"c","Interface":null}}
2025-08-15T22:13:27.948-0500	DEBUG	protocol/handler.go:1649	have all messages and processed	{"{round 20 3  <nil>}": {"Key":"self","Type":15,"Integer":0,"String":"b","Interface":null}}
2025-08-15T22:13:27.948-0500	DEBUG	protocol/handler.go:596	round already finalized
2025-08-15T22:13:27.948-0500	DEBUG	protocol/handler.go:581	tryAdvanceRound called	{"{current_round 20 3  <nil>}": {"Key":"self","Type":15,"Integer":0,"String":"a","Interface":null}}
2025-08-15T22:13:27.948-0500	DEBUG	protocol/handler.go:1591	have processed broadcast	{"{round 20 3  <nil>}": {"Key":"from","Type":15,"Integer":0,"String":"b","Interface":null}}
2025-08-15T22:13:27.964-0500	DEBUG	protocol/handler.go:581	tryAdvanceRound called	{"{current_round 20 3  <nil>}": {"Key":"self","Type":15,"Integer":0,"String":"b","Interface":null}}
2025-08-15T22:13:27.967-0500	DEBUG	protocol/handler.go:581	tryAdvanceRound called	{"{current_round 20 3  <nil>}": {"Key":"self","Type":15,"Integer":0,"String":"c","Interface":null}}
2025-08-15T22:13:27.967-0500	DEBUG	protocol/handler.go:1591	have processed broadcast	{"{round 20 3  <nil>}": {"Key":"from","Type":15,"Integer":0,"String":"a","Interface":null}}
2025-08-15T22:13:27.967-0500	DEBUG	protocol/handler.go:1591	have processed broadcast	{"{round 20 3  <nil>}": {"Key":"from","Type":15,"Integer":0,"String":"b","Interface":null}}
2025-08-15T22:13:27.967-0500	DEBUG	protocol/handler.go:1649	have all messages and processed	{"{round 20 3  <nil>}": {"Key":"self","Type":15,"Integer":0,"String":"c","Interface":null}}
2025-08-15T22:13:27.967-0500	DEBUG	protocol/handler.go:596	round already finalized
2025-08-15T22:13:27.967-0500	DEBUG	protocol/handler.go:581	tryAdvanceRound called	{"{current_round 20 3  <nil>}": {"Key":"self","Type":15,"Integer":0,"String":"c","Interface":null}}
2025-08-15T22:13:27.967-0500	DEBUG	protocol/handler.go:1591	have processed broadcast	{"{round 20 3  <nil>}": {"Key":"from","Type":15,"Integer":0,"String":"a","Interface":null}}
2025-08-15T22:13:27.967-0500	DEBUG	protocol/handler.go:1591	have processed broadcast	{"{round 20 3  <nil>}": {"Key":"from","Type":15,"Integer":0,"String":"b","Interface":null}}
2025-08-15T22:13:27.967-0500	DEBUG	protocol/handler.go:1649	have all messages and processed	{"{round 20 3  <nil>}": {"Key":"self","Type":15,"Integer":0,"String":"c","Interface":null}}
2025-08-15T22:13:27.967-0500	DEBUG	protocol/handler.go:596	round already finalized
2025-08-15T22:13:27.964-0500	DEBUG	protocol/handler.go:1591	have processed broadcast	{"{round 20 3  <nil>}": {"Key":"from","Type":15,"Integer":0,"String":"a","Interface":null}}
2025-08-15T22:13:27.968-0500	DEBUG	protocol/handler.go:1591	have processed broadcast	{"{round 20 3  <nil>}": {"Key":"from","Type":15,"Integer":0,"String":"c","Interface":null}}
2025-08-15T22:13:27.968-0500	DEBUG	protocol/handler.go:1649	have all messages and processed	{"{round 20 3  <nil>}": {"Key":"self","Type":15,"Integer":0,"String":"b","Interface":null}}
2025-08-15T22:13:27.968-0500	DEBUG	protocol/handler.go:596	round already finalized
2025-08-15T22:13:27.968-0500	DEBUG	protocol/handler.go:581	tryAdvanceRound called	{"{current_round 20 3  <nil>}": {"Key":"self","Type":15,"Integer":0,"String":"b","Interface":null}}
2025-08-15T22:13:27.968-0500	DEBUG	protocol/handler.go:1591	have processed broadcast	{"{round 20 3  <nil>}": {"Key":"from","Type":15,"Integer":0,"String":"a","Interface":null}}
2025-08-15T22:13:27.968-0500	DEBUG	protocol/handler.go:1591	have processed broadcast	{"{round 20 3  <nil>}": {"Key":"from","Type":15,"Integer":0,"String":"c","Interface":null}}
2025-08-15T22:13:27.968-0500	DEBUG	protocol/handler.go:1649	have all messages and processed	{"{round 20 3  <nil>}": {"Key":"self","Type":15,"Integer":0,"String":"b","Interface":null}}
2025-08-15T22:13:27.968-0500	DEBUG	protocol/handler.go:596	round already finalized
2025-08-15T22:13:28.014-0500	DEBUG	protocol/handler.go:581	tryAdvanceRound called	{"{current_round 20 3  <nil>}": {"Key":"self","Type":15,"Integer":0,"String":"b","Interface":null}}
2025-08-15T22:13:28.017-0500	DEBUG	protocol/handler.go:1591	have processed broadcast	{"{round 20 3  <nil>}": {"Key":"from","Type":15,"Integer":0,"String":"a","Interface":null}}
2025-08-15T22:13:28.017-0500	DEBUG	protocol/handler.go:1591	have processed broadcast	{"{round 20 3  <nil>}": {"Key":"from","Type":15,"Integer":0,"String":"c","Interface":null}}
2025-08-15T22:13:28.017-0500	DEBUG	protocol/handler.go:1649	have all messages and processed	{"{round 20 3  <nil>}": {"Key":"self","Type":15,"Integer":0,"String":"b","Interface":null}}
2025-08-15T22:13:28.017-0500	DEBUG	protocol/handler.go:596	round already finalized
2025-08-15T22:13:28.017-0500	DEBUG	protocol/handler.go:581	tryAdvanceRound called	{"{current_round 20 3  <nil>}": {"Key":"self","Type":15,"Integer":0,"String":"b","Interface":null}}
2025-08-15T22:13:28.017-0500	DEBUG	protocol/handler.go:1591	have processed broadcast	{"{round 20 3  <nil>}": {"Key":"from","Type":15,"Integer":0,"String":"a","Interface":null}}
2025-08-15T22:13:28.017-0500	DEBUG	protocol/handler.go:1591	have processed broadcast	{"{round 20 3  <nil>}": {"Key":"from","Type":15,"Integer":0,"String":"c","Interface":null}}
2025-08-15T22:13:28.017-0500	DEBUG	protocol/handler.go:1649	have all messages and processed	{"{round 20 3  <nil>}": {"Key":"self","Type":15,"Integer":0,"String":"b","Interface":null}}
2025-08-15T22:13:28.017-0500	DEBUG	protocol/handler.go:596	round already finalized
2025-08-15T22:13:28.016-0500	DEBUG	protocol/handler.go:581	tryAdvanceRound called	{"{current_round 20 3  <nil>}": {"Key":"self","Type":15,"Integer":0,"String":"c","Interface":null}}
2025-08-15T22:13:28.017-0500	DEBUG	protocol/handler.go:1591	have processed broadcast	{"{round 20 3  <nil>}": {"Key":"from","Type":15,"Integer":0,"String":"a","Interface":null}}
2025-08-15T22:13:28.017-0500	DEBUG	protocol/handler.go:1591	have processed broadcast	{"{round 20 3  <nil>}": {"Key":"from","Type":15,"Integer":0,"String":"b","Interface":null}}
2025-08-15T22:13:28.017-0500	DEBUG	protocol/handler.go:1649	have all messages and processed	{"{round 20 3  <nil>}": {"Key":"self","Type":15,"Integer":0,"String":"c","Interface":null}}
2025-08-15T22:13:28.017-0500	DEBUG	protocol/handler.go:596	round already finalized
2025-08-15T22:13:28.017-0500	DEBUG	protocol/handler.go:581	tryAdvanceRound called	{"{current_round 20 3  <nil>}": {"Key":"self","Type":15,"Integer":0,"String":"c","Interface":null}}
2025-08-15T22:13:28.017-0500	DEBUG	protocol/handler.go:1591	have processed broadcast	{"{round 20 3  <nil>}": {"Key":"from","Type":15,"Integer":0,"String":"a","Interface":null}}
2025-08-15T22:13:28.017-0500	DEBUG	protocol/handler.go:1591	have processed broadcast	{"{round 20 3  <nil>}": {"Key":"from","Type":15,"Integer":0,"String":"b","Interface":null}}
2025-08-15T22:13:28.017-0500	DEBUG	protocol/handler.go:1649	have all messages and processed	{"{round 20 3  <nil>}": {"Key":"self","Type":15,"Integer":0,"String":"c","Interface":null}}
2025-08-15T22:13:28.018-0500	DEBUG	protocol/handler.go:596	round already finalized
2025-08-15T22:13:27.948-0500	DEBUG	protocol/handler.go:1591	have processed broadcast	{"{round 20 3  <nil>}": {"Key":"from","Type":15,"Integer":0,"String":"c","Interface":null}}
2025-08-15T22:13:28.026-0500	DEBUG	protocol/handler.go:1649	have all messages and processed	{"{round 20 3  <nil>}": {"Key":"self","Type":15,"Integer":0,"String":"a","Interface":null}}
2025-08-15T22:13:28.026-0500	DEBUG	protocol/handler.go:596	round already finalized
2025-08-15T22:13:28.026-0500	DEBUG	protocol/handler.go:581	tryAdvanceRound called	{"{current_round 20 3  <nil>}": {"Key":"self","Type":15,"Integer":0,"String":"a","Interface":null}}
2025-08-15T22:13:28.026-0500	DEBUG	protocol/handler.go:1591	have processed broadcast	{"{round 20 3  <nil>}": {"Key":"from","Type":15,"Integer":0,"String":"b","Interface":null}}
2025-08-15T22:13:28.026-0500	DEBUG	protocol/handler.go:1591	have processed broadcast	{"{round 20 3  <nil>}": {"Key":"from","Type":15,"Integer":0,"String":"c","Interface":null}}
2025-08-15T22:13:28.032-0500	DEBUG	protocol/handler.go:1649	have all messages and processed	{"{round 20 3  <nil>}": {"Key":"self","Type":15,"Integer":0,"String":"a","Interface":null}}
2025-08-15T22:13:28.032-0500	DEBUG	protocol/handler.go:596	round already finalized
2025-08-15T22:13:28.041-0500	DEBUG	protocol/handler.go:581	tryAdvanceRound called	{"{current_round 20 3  <nil>}": {"Key":"self","Type":15,"Integer":0,"String":"b","Interface":null}}
2025-08-15T22:13:28.053-0500	DEBUG	protocol/handler.go:581	tryAdvanceRound called	{"{current_round 20 3  <nil>}": {"Key":"self","Type":15,"Integer":0,"String":"a","Interface":null}}
2025-08-15T22:13:28.057-0500	DEBUG	protocol/handler.go:1591	have processed broadcast	{"{round 20 3  <nil>}": {"Key":"from","Type":15,"Integer":0,"String":"b","Interface":null}}
2025-08-15T22:13:28.057-0500	DEBUG	protocol/handler.go:1591	have processed broadcast	{"{round 20 3  <nil>}": {"Key":"from","Type":15,"Integer":0,"String":"c","Interface":null}}
2025-08-15T22:13:28.059-0500	DEBUG	protocol/handler.go:1649	have all messages and processed	{"{round 20 3  <nil>}": {"Key":"self","Type":15,"Integer":0,"String":"a","Interface":null}}
2025-08-15T22:13:28.059-0500	DEBUG	protocol/handler.go:596	round already finalized
2025-08-15T22:13:28.063-0500	DEBUG	protocol/handler.go:581	tryAdvanceRound called	{"{current_round 20 3  <nil>}": {"Key":"self","Type":15,"Integer":0,"String":"a","Interface":null}}
2025-08-15T22:13:28.065-0500	DEBUG	protocol/handler.go:1591	have processed broadcast	{"{round 20 3  <nil>}": {"Key":"from","Type":15,"Integer":0,"String":"b","Interface":null}}
2025-08-15T22:13:28.065-0500	DEBUG	protocol/handler.go:1591	have processed broadcast	{"{round 20 3  <nil>}": {"Key":"from","Type":15,"Integer":0,"String":"c","Interface":null}}
2025-08-15T22:13:28.065-0500	DEBUG	protocol/handler.go:1649	have all messages and processed	{"{round 20 3  <nil>}": {"Key":"self","Type":15,"Integer":0,"String":"a","Interface":null}}
2025-08-15T22:13:28.065-0500	DEBUG	protocol/handler.go:596	round already finalized
2025-08-15T22:13:28.074-0500	DEBUG	protocol/handler.go:581	tryAdvanceRound called	{"{current_round 20 3  <nil>}": {"Key":"self","Type":15,"Integer":0,"String":"c","Interface":null}}
2025-08-15T22:13:28.074-0500	DEBUG	protocol/handler.go:1591	have processed broadcast	{"{round 20 3  <nil>}": {"Key":"from","Type":15,"Integer":0,"String":"a","Interface":null}}
2025-08-15T22:13:28.074-0500	DEBUG	protocol/handler.go:1591	have processed broadcast	{"{round 20 3  <nil>}": {"Key":"from","Type":15,"Integer":0,"String":"b","Interface":null}}
2025-08-15T22:13:28.074-0500	DEBUG	protocol/handler.go:1649	have all messages and processed	{"{round 20 3  <nil>}": {"Key":"self","Type":15,"Integer":0,"String":"c","Interface":null}}
2025-08-15T22:13:28.074-0500	DEBUG	protocol/handler.go:596	round already finalized
2025-08-15T22:13:28.074-0500	DEBUG	protocol/handler.go:581	tryAdvanceRound called	{"{current_round 20 3  <nil>}": {"Key":"self","Type":15,"Integer":0,"String":"c","Interface":null}}
2025-08-15T22:13:28.075-0500	DEBUG	protocol/handler.go:1591	have processed broadcast	{"{round 20 3  <nil>}": {"Key":"from","Type":15,"Integer":0,"String":"a","Interface":null}}
2025-08-15T22:13:28.075-0500	DEBUG	protocol/handler.go:1591	have processed broadcast	{"{round 20 3  <nil>}": {"Key":"from","Type":15,"Integer":0,"String":"b","Interface":null}}
2025-08-15T22:13:28.075-0500	DEBUG	protocol/handler.go:1649	have all messages and processed	{"{round 20 3  <nil>}": {"Key":"self","Type":15,"Integer":0,"String":"c","Interface":null}}
2025-08-15T22:13:28.075-0500	DEBUG	protocol/handler.go:596	round already finalized
2025-08-15T22:13:28.109-0500	DEBUG	protocol/handler.go:581	tryAdvanceRound called	{"{current_round 20 3  <nil>}": {"Key":"self","Type":15,"Integer":0,"String":"a","Interface":null}}
2025-08-15T22:13:28.109-0500	DEBUG	protocol/handler.go:1591	have processed broadcast	{"{round 20 3  <nil>}": {"Key":"from","Type":15,"Integer":0,"String":"b","Interface":null}}
2025-08-15T22:13:28.109-0500	DEBUG	protocol/handler.go:1591	have processed broadcast	{"{round 20 3  <nil>}": {"Key":"from","Type":15,"Integer":0,"String":"c","Interface":null}}
2025-08-15T22:13:28.110-0500	DEBUG	protocol/handler.go:1649	have all messages and processed	{"{round 20 3  <nil>}": {"Key":"self","Type":15,"Integer":0,"String":"a","Interface":null}}
2025-08-15T22:13:28.112-0500	DEBUG	protocol/handler.go:596	round already finalized
2025-08-15T22:13:28.112-0500	DEBUG	protocol/handler.go:581	tryAdvanceRound called	{"{current_round 20 3  <nil>}": {"Key":"self","Type":15,"Integer":0,"String":"a","Interface":null}}
2025-08-15T22:13:28.112-0500	DEBUG	protocol/handler.go:1591	have processed broadcast	{"{round 20 3  <nil>}": {"Key":"from","Type":15,"Integer":0,"String":"b","Interface":null}}
2025-08-15T22:13:28.112-0500	DEBUG	protocol/handler.go:1591	have processed broadcast	{"{round 20 3  <nil>}": {"Key":"from","Type":15,"Integer":0,"String":"c","Interface":null}}
2025-08-15T22:13:28.112-0500	DEBUG	protocol/handler.go:1649	have all messages and processed	{"{round 20 3  <nil>}": {"Key":"self","Type":15,"Integer":0,"String":"a","Interface":null}}
2025-08-15T22:13:28.112-0500	DEBUG	protocol/handler.go:596	round already finalized
2025-08-15T22:13:28.113-0500	DEBUG	protocol/handler.go:1591	have processed broadcast	{"{round 20 3  <nil>}": {"Key":"from","Type":15,"Integer":0,"String":"a","Interface":null}}
2025-08-15T22:13:28.117-0500	DEBUG	protocol/handler.go:1591	have processed broadcast	{"{round 20 3  <nil>}": {"Key":"from","Type":15,"Integer":0,"String":"c","Interface":null}}
2025-08-15T22:13:28.117-0500	DEBUG	protocol/handler.go:1649	have all messages and processed	{"{round 20 3  <nil>}": {"Key":"self","Type":15,"Integer":0,"String":"b","Interface":null}}
2025-08-15T22:13:28.117-0500	DEBUG	protocol/handler.go:596	round already finalized
2025-08-15T22:13:28.118-0500	DEBUG	protocol/handler.go:581	tryAdvanceRound called	{"{current_round 20 3  <nil>}": {"Key":"self","Type":15,"Integer":0,"String":"b","Interface":null}}
2025-08-15T22:13:28.118-0500	DEBUG	protocol/handler.go:1591	have processed broadcast	{"{round 20 3  <nil>}": {"Key":"from","Type":15,"Integer":0,"String":"a","Interface":null}}
2025-08-15T22:13:28.121-0500	DEBUG	protocol/handler.go:1591	have processed broadcast	{"{round 20 3  <nil>}": {"Key":"from","Type":15,"Integer":0,"String":"c","Interface":null}}
2025-08-15T22:13:28.121-0500	DEBUG	protocol/handler.go:1649	have all messages and processed	{"{round 20 3  <nil>}": {"Key":"self","Type":15,"Integer":0,"String":"b","Interface":null}}
2025-08-15T22:13:28.121-0500	DEBUG	protocol/handler.go:596	round already finalized
2025-08-15T22:13:28.121-0500	DEBUG	protocol/handler.go:581	tryAdvanceRound called	{"{current_round 20 3  <nil>}": {"Key":"self","Type":15,"Integer":0,"String":"b","Interface":null}}
2025-08-15T22:13:28.121-0500	DEBUG	protocol/handler.go:1591	have processed broadcast	{"{round 20 3  <nil>}": {"Key":"from","Type":15,"Integer":0,"String":"a","Interface":null}}
2025-08-15T22:13:28.121-0500	DEBUG	protocol/handler.go:1591	have processed broadcast	{"{round 20 3  <nil>}": {"Key":"from","Type":15,"Integer":0,"String":"c","Interface":null}}
2025-08-15T22:13:28.121-0500	DEBUG	protocol/handler.go:1649	have all messages and processed	{"{round 20 3  <nil>}": {"Key":"self","Type":15,"Integer":0,"String":"b","Interface":null}}
2025-08-15T22:13:28.121-0500	DEBUG	protocol/handler.go:596	round already finalized
2025-08-15T22:13:28.133-0500	DEBUG	protocol/handler.go:581	tryAdvanceRound called	{"{current_round 20 3  <nil>}": {"Key":"self","Type":15,"Integer":0,"String":"c","Interface":null}}
2025-08-15T22:13:28.133-0500	DEBUG	protocol/handler.go:1591	have processed broadcast	{"{round 20 3  <nil>}": {"Key":"from","Type":15,"Integer":0,"String":"a","Interface":null}}
2025-08-15T22:13:28.133-0500	DEBUG	protocol/handler.go:1591	have processed broadcast	{"{round 20 3  <nil>}": {"Key":"from","Type":15,"Integer":0,"String":"b","Interface":null}}
2025-08-15T22:13:28.133-0500	DEBUG	protocol/handler.go:1649	have all messages and processed	{"{round 20 3  <nil>}": {"Key":"self","Type":15,"Integer":0,"String":"c","Interface":null}}
2025-08-15T22:13:28.133-0500	DEBUG	protocol/handler.go:596	round already finalized
2025-08-15T22:13:28.134-0500	DEBUG	protocol/handler.go:581	tryAdvanceRound called	{"{current_round 20 3  <nil>}": {"Key":"self","Type":15,"Integer":0,"String":"c","Interface":null}}
2025-08-15T22:13:28.134-0500	DEBUG	protocol/handler.go:1591	have processed broadcast	{"{round 20 3  <nil>}": {"Key":"from","Type":15,"Integer":0,"String":"a","Interface":null}}
2025-08-15T22:13:28.134-0500	DEBUG	protocol/handler.go:1591	have processed broadcast	{"{round 20 3  <nil>}": {"Key":"from","Type":15,"Integer":0,"String":"b","Interface":null}}
2025-08-15T22:13:28.134-0500	DEBUG	protocol/handler.go:1649	have all messages and processed	{"{round 20 3  <nil>}": {"Key":"self","Type":15,"Integer":0,"String":"c","Interface":null}}
2025-08-15T22:13:28.134-0500	DEBUG	protocol/handler.go:596	round already finalized
2025-08-15T22:13:28.134-0500	DEBUG	protocol/handler.go:581	tryAdvanceRound called	{"{current_round 20 3  <nil>}": {"Key":"self","Type":15,"Integer":0,"String":"c","Interface":null}}
2025-08-15T22:13:28.134-0500	DEBUG	protocol/handler.go:1591	have processed broadcast	{"{round 20 3  <nil>}": {"Key":"from","Type":15,"Integer":0,"String":"a","Interface":null}}
2025-08-15T22:13:28.134-0500	DEBUG	protocol/handler.go:1591	have processed broadcast	{"{round 20 3  <nil>}": {"Key":"from","Type":15,"Integer":0,"String":"b","Interface":null}}
2025-08-15T22:13:28.134-0500	DEBUG	protocol/handler.go:1649	have all messages and processed	{"{round 20 3  <nil>}": {"Key":"self","Type":15,"Integer":0,"String":"c","Interface":null}}
2025-08-15T22:13:28.134-0500	DEBUG	protocol/handler.go:596	round already finalized
2025-08-15T22:13:28.144-0500	DEBUG	protocol/handler.go:581	tryAdvanceRound called	{"{current_round 20 3  <nil>}": {"Key":"self","Type":15,"Integer":0,"String":"b","Interface":null}}
2025-08-15T22:13:28.148-0500	DEBUG	protocol/handler.go:1591	have processed broadcast	{"{round 20 3  <nil>}": {"Key":"from","Type":15,"Integer":0,"String":"a","Interface":null}}
2025-08-15T22:13:28.148-0500	DEBUG	protocol/handler.go:1591	have processed broadcast	{"{round 20 3  <nil>}": {"Key":"from","Type":15,"Integer":0,"String":"c","Interface":null}}
2025-08-15T22:13:28.148-0500	DEBUG	protocol/handler.go:1649	have all messages and processed	{"{round 20 3  <nil>}": {"Key":"self","Type":15,"Integer":0,"String":"b","Interface":null}}
2025-08-15T22:13:28.148-0500	DEBUG	protocol/handler.go:596	round already finalized
2025-08-15T22:13:28.168-0500	DEBUG	protocol/handler.go:581	tryAdvanceRound called	{"{current_round 20 3  <nil>}": {"Key":"self","Type":15,"Integer":0,"String":"b","Interface":null}}
2025-08-15T22:13:28.160-0500	DEBUG	protocol/handler.go:581	tryAdvanceRound called	{"{current_round 20 3  <nil>}": {"Key":"self","Type":15,"Integer":0,"String":"a","Interface":null}}
2025-08-15T22:13:28.168-0500	DEBUG	protocol/handler.go:1591	have processed broadcast	{"{round 20 3  <nil>}": {"Key":"from","Type":15,"Integer":0,"String":"a","Interface":null}}
2025-08-15T22:13:28.168-0500	DEBUG	protocol/handler.go:1591	have processed broadcast	{"{round 20 3  <nil>}": {"Key":"from","Type":15,"Integer":0,"String":"b","Interface":null}}
2025-08-15T22:13:28.168-0500	DEBUG	protocol/handler.go:1591	have processed broadcast	{"{round 20 3  <nil>}": {"Key":"from","Type":15,"Integer":0,"String":"c","Interface":null}}
2025-08-15T22:13:28.168-0500	DEBUG	protocol/handler.go:1649	have all messages and processed	{"{round 20 3  <nil>}": {"Key":"self","Type":15,"Integer":0,"String":"a","Interface":null}}
2025-08-15T22:13:28.168-0500	DEBUG	protocol/handler.go:596	round already finalized
2025-08-15T22:13:28.168-0500	DEBUG	protocol/handler.go:581	tryAdvanceRound called	{"{current_round 20 3  <nil>}": {"Key":"self","Type":15,"Integer":0,"String":"a","Interface":null}}
2025-08-15T22:13:28.169-0500	DEBUG	protocol/handler.go:1591	have processed broadcast	{"{round 20 3  <nil>}": {"Key":"from","Type":15,"Integer":0,"String":"b","Interface":null}}
2025-08-15T22:13:28.169-0500	DEBUG	protocol/handler.go:1591	have processed broadcast	{"{round 20 3  <nil>}": {"Key":"from","Type":15,"Integer":0,"String":"c","Interface":null}}
2025-08-15T22:13:28.169-0500	DEBUG	protocol/handler.go:1649	have all messages and processed	{"{round 20 3  <nil>}": {"Key":"self","Type":15,"Integer":0,"String":"a","Interface":null}}
2025-08-15T22:13:28.169-0500	DEBUG	protocol/handler.go:596	round already finalized
2025-08-15T22:13:28.184-0500	DEBUG	protocol/handler.go:581	tryAdvanceRound called	{"{current_round 20 3  <nil>}": {"Key":"self","Type":15,"Integer":0,"String":"c","Interface":null}}
2025-08-15T22:13:28.185-0500	DEBUG	protocol/handler.go:1591	have processed broadcast	{"{round 20 3  <nil>}": {"Key":"from","Type":15,"Integer":0,"String":"a","Interface":null}}
2025-08-15T22:13:28.185-0500	DEBUG	protocol/handler.go:1591	have processed broadcast	{"{round 20 3  <nil>}": {"Key":"from","Type":15,"Integer":0,"String":"b","Interface":null}}
2025-08-15T22:13:28.168-0500	DEBUG	protocol/handler.go:1591	have processed broadcast	{"{round 20 3  <nil>}": {"Key":"from","Type":15,"Integer":0,"String":"c","Interface":null}}
2025-08-15T22:13:28.195-0500	DEBUG	protocol/handler.go:581	tryAdvanceRound called	{"{current_round 20 3  <nil>}": {"Key":"self","Type":15,"Integer":0,"String":"a","Interface":null}}
2025-08-15T22:13:28.212-0500	DEBUG	protocol/handler.go:1591	have processed broadcast	{"{round 20 3  <nil>}": {"Key":"from","Type":15,"Integer":0,"String":"b","Interface":null}}
2025-08-15T22:13:28.220-0500	DEBUG	protocol/handler.go:1649	have all messages and processed	{"{round 20 3  <nil>}": {"Key":"self","Type":15,"Integer":0,"String":"c","Interface":null}}
2025-08-15T22:13:28.221-0500	DEBUG	protocol/handler.go:596	round already finalized
2025-08-15T22:13:28.221-0500	DEBUG	protocol/handler.go:581	tryAdvanceRound called	{"{current_round 20 3  <nil>}": {"Key":"self","Type":15,"Integer":0,"String":"c","Interface":null}}
2025-08-15T22:13:28.221-0500	DEBUG	protocol/handler.go:1591	have processed broadcast	{"{round 20 3  <nil>}": {"Key":"from","Type":15,"Integer":0,"String":"a","Interface":null}}
2025-08-15T22:13:28.221-0500	DEBUG	protocol/handler.go:1591	have processed broadcast	{"{round 20 3  <nil>}": {"Key":"from","Type":15,"Integer":0,"String":"b","Interface":null}}
2025-08-15T22:13:28.221-0500	DEBUG	protocol/handler.go:1649	have all messages and processed	{"{round 20 3  <nil>}": {"Key":"self","Type":15,"Integer":0,"String":"c","Interface":null}}
2025-08-15T22:13:28.221-0500	DEBUG	protocol/handler.go:596	round already finalized
2025-08-15T22:13:28.263-0500	DEBUG	protocol/handler.go:1649	have all messages and processed	{"{round 20 3  <nil>}": {"Key":"self","Type":15,"Integer":0,"String":"b","Interface":null}}
2025-08-15T22:13:28.263-0500	DEBUG	protocol/handler.go:596	round already finalized
2025-08-15T22:13:28.263-0500	DEBUG	protocol/handler.go:581	tryAdvanceRound called	{"{current_round 20 3  <nil>}": {"Key":"self","Type":15,"Integer":0,"String":"b","Interface":null}}
2025-08-15T22:13:28.263-0500	DEBUG	protocol/handler.go:1591	have processed broadcast	{"{round 20 3  <nil>}": {"Key":"from","Type":15,"Integer":0,"String":"a","Interface":null}}
2025-08-15T22:13:28.263-0500	DEBUG	protocol/handler.go:1591	have processed broadcast	{"{round 20 3  <nil>}": {"Key":"from","Type":15,"Integer":0,"String":"c","Interface":null}}
2025-08-15T22:13:28.263-0500	DEBUG	protocol/handler.go:1649	have all messages and processed	{"{round 20 3  <nil>}": {"Key":"self","Type":15,"Integer":0,"String":"b","Interface":null}}
2025-08-15T22:13:28.263-0500	DEBUG	protocol/handler.go:596	round already finalized
2025-08-15T22:13:28.216-0500	DEBUG	protocol/handler.go:1591	have processed broadcast	{"{round 20 3  <nil>}": {"Key":"from","Type":15,"Integer":0,"String":"c","Interface":null}}
2025-08-15T22:13:28.291-0500	DEBUG	protocol/handler.go:1649	have all messages and processed	{"{round 20 3  <nil>}": {"Key":"self","Type":15,"Integer":0,"String":"a","Interface":null}}
2025-08-15T22:13:28.293-0500	DEBUG	protocol/handler.go:596	round already finalized
2025-08-15T22:13:28.294-0500	DEBUG	protocol/handler.go:581	tryAdvanceRound called	{"{current_round 20 3  <nil>}": {"Key":"self","Type":15,"Integer":0,"String":"a","Interface":null}}
2025-08-15T22:13:28.294-0500	DEBUG	protocol/handler.go:1591	have processed broadcast	{"{round 20 3  <nil>}": {"Key":"from","Type":15,"Integer":0,"String":"b","Interface":null}}
2025-08-15T22:13:28.294-0500	DEBUG	protocol/handler.go:1591	have processed broadcast	{"{round 20 3  <nil>}": {"Key":"from","Type":15,"Integer":0,"String":"c","Interface":null}}
2025-08-15T22:13:28.294-0500	DEBUG	protocol/handler.go:1649	have all messages and processed	{"{round 20 3  <nil>}": {"Key":"self","Type":15,"Integer":0,"String":"a","Interface":null}}
2025-08-15T22:13:28.294-0500	DEBUG	protocol/handler.go:596	round already finalized
2025-08-15T22:13:28.293-0500	DEBUG	protocol/handler.go:581	tryAdvanceRound called	{"{current_round 20 3  <nil>}": {"Key":"self","Type":15,"Integer":0,"String":"c","Interface":null}}
2025-08-15T22:13:28.294-0500	DEBUG	protocol/handler.go:1591	have processed broadcast	{"{round 20 3  <nil>}": {"Key":"from","Type":15,"Integer":0,"String":"a","Interface":null}}
2025-08-15T22:13:28.294-0500	DEBUG	protocol/handler.go:1591	have processed broadcast	{"{round 20 3  <nil>}": {"Key":"from","Type":15,"Integer":0,"String":"b","Interface":null}}
2025-08-15T22:13:28.297-0500	DEBUG	protocol/handler.go:1649	have all messages and processed	{"{round 20 3  <nil>}": {"Key":"self","Type":15,"Integer":0,"String":"c","Interface":null}}
2025-08-15T22:13:28.297-0500	DEBUG	protocol/handler.go:596	round already finalized
2025-08-15T22:13:28.297-0500	DEBUG	protocol/handler.go:581	tryAdvanceRound called	{"{current_round 20 3  <nil>}": {"Key":"self","Type":15,"Integer":0,"String":"c","Interface":null}}
2025-08-15T22:13:28.297-0500	DEBUG	protocol/handler.go:1591	have processed broadcast	{"{round 20 3  <nil>}": {"Key":"from","Type":15,"Integer":0,"String":"a","Interface":null}}
2025-08-15T22:13:28.297-0500	DEBUG	protocol/handler.go:1591	have processed broadcast	{"{round 20 3  <nil>}": {"Key":"from","Type":15,"Integer":0,"String":"b","Interface":null}}
2025-08-15T22:13:28.297-0500	DEBUG	protocol/handler.go:1649	have all messages and processed	{"{round 20 3  <nil>}": {"Key":"self","Type":15,"Integer":0,"String":"c","Interface":null}}
2025-08-15T22:13:28.297-0500	DEBUG	protocol/handler.go:596	round already finalized
2025-08-15T22:13:28.327-0500	DEBUG	protocol/handler.go:581	tryAdvanceRound called	{"{current_round 20 3  <nil>}": {"Key":"self","Type":15,"Integer":0,"String":"a","Interface":null}}
2025-08-15T22:13:28.330-0500	DEBUG	protocol/handler.go:581	tryAdvanceRound called	{"{current_round 20 3  <nil>}": {"Key":"self","Type":15,"Integer":0,"String":"b","Interface":null}}
2025-08-15T22:13:28.330-0500	DEBUG	protocol/handler.go:1591	have processed broadcast	{"{round 20 3  <nil>}": {"Key":"from","Type":15,"Integer":0,"String":"a","Interface":null}}
2025-08-15T22:13:28.330-0500	DEBUG	protocol/handler.go:1591	have processed broadcast	{"{round 20 3  <nil>}": {"Key":"from","Type":15,"Integer":0,"String":"c","Interface":null}}
2025-08-15T22:13:28.330-0500	DEBUG	protocol/handler.go:1591	have processed broadcast	{"{round 20 3  <nil>}": {"Key":"from","Type":15,"Integer":0,"String":"b","Interface":null}}
2025-08-15T22:13:28.330-0500	DEBUG	protocol/handler.go:1591	have processed broadcast	{"{round 20 3  <nil>}": {"Key":"from","Type":15,"Integer":0,"String":"c","Interface":null}}
2025-08-15T22:13:28.333-0500	DEBUG	protocol/handler.go:1649	have all messages and processed	{"{round 20 3  <nil>}": {"Key":"self","Type":15,"Integer":0,"String":"b","Interface":null}}
2025-08-15T22:13:28.334-0500	DEBUG	protocol/handler.go:596	round already finalized
2025-08-15T22:13:28.334-0500	DEBUG	protocol/handler.go:581	tryAdvanceRound called	{"{current_round 20 3  <nil>}": {"Key":"self","Type":15,"Integer":0,"String":"b","Interface":null}}
2025-08-15T22:13:28.334-0500	DEBUG	protocol/handler.go:1591	have processed broadcast	{"{round 20 3  <nil>}": {"Key":"from","Type":15,"Integer":0,"String":"a","Interface":null}}
2025-08-15T22:13:28.334-0500	DEBUG	protocol/handler.go:1591	have processed broadcast	{"{round 20 3  <nil>}": {"Key":"from","Type":15,"Integer":0,"String":"c","Interface":null}}
2025-08-15T22:13:28.334-0500	DEBUG	protocol/handler.go:1649	have all messages and processed	{"{round 20 3  <nil>}": {"Key":"self","Type":15,"Integer":0,"String":"b","Interface":null}}
2025-08-15T22:13:28.334-0500	DEBUG	protocol/handler.go:596	round already finalized
2025-08-15T22:13:28.334-0500	DEBUG	protocol/handler.go:581	tryAdvanceRound called	{"{current_round 20 3  <nil>}": {"Key":"self","Type":15,"Integer":0,"String":"b","Interface":null}}
2025-08-15T22:13:28.334-0500	DEBUG	protocol/handler.go:1591	have processed broadcast	{"{round 20 3  <nil>}": {"Key":"from","Type":15,"Integer":0,"String":"a","Interface":null}}
2025-08-15T22:13:28.334-0500	DEBUG	protocol/handler.go:1591	have processed broadcast	{"{round 20 3  <nil>}": {"Key":"from","Type":15,"Integer":0,"String":"c","Interface":null}}
2025-08-15T22:13:28.334-0500	DEBUG	protocol/handler.go:1649	have all messages and processed	{"{round 20 3  <nil>}": {"Key":"self","Type":15,"Integer":0,"String":"b","Interface":null}}
2025-08-15T22:13:28.334-0500	DEBUG	protocol/handler.go:596	round already finalized
2025-08-15T22:13:28.330-0500	DEBUG	protocol/handler.go:1649	have all messages and processed	{"{round 20 3  <nil>}": {"Key":"self","Type":15,"Integer":0,"String":"a","Interface":null}}
2025-08-15T22:13:28.335-0500	DEBUG	protocol/handler.go:596	round already finalized
2025-08-15T22:13:28.335-0500	DEBUG	protocol/handler.go:581	tryAdvanceRound called	{"{current_round 20 3  <nil>}": {"Key":"self","Type":15,"Integer":0,"String":"a","Interface":null}}
2025-08-15T22:13:28.339-0500	DEBUG	protocol/handler.go:1591	have processed broadcast	{"{round 20 3  <nil>}": {"Key":"from","Type":15,"Integer":0,"String":"b","Interface":null}}
2025-08-15T22:13:28.339-0500	DEBUG	protocol/handler.go:1591	have processed broadcast	{"{round 20 3  <nil>}": {"Key":"from","Type":15,"Integer":0,"String":"c","Interface":null}}
2025-08-15T22:13:28.340-0500	DEBUG	protocol/handler.go:1649	have all messages and processed	{"{round 20 3  <nil>}": {"Key":"self","Type":15,"Integer":0,"String":"a","Interface":null}}
2025-08-15T22:13:28.340-0500	DEBUG	protocol/handler.go:596	round already finalized
2025-08-15T22:13:28.342-0500	DEBUG	protocol/handler.go:581	tryAdvanceRound called	{"{current_round 20 3  <nil>}": {"Key":"self","Type":15,"Integer":0,"String":"c","Interface":null}}
2025-08-15T22:13:28.342-0500	DEBUG	protocol/handler.go:1591	have processed broadcast	{"{round 20 3  <nil>}": {"Key":"from","Type":15,"Integer":0,"String":"a","Interface":null}}
2025-08-15T22:13:28.342-0500	DEBUG	protocol/handler.go:1591	have processed broadcast	{"{round 20 3  <nil>}": {"Key":"from","Type":15,"Integer":0,"String":"b","Interface":null}}
2025-08-15T22:13:28.342-0500	DEBUG	protocol/handler.go:1649	have all messages and processed	{"{round 20 3  <nil>}": {"Key":"self","Type":15,"Integer":0,"String":"c","Interface":null}}
2025-08-15T22:13:28.342-0500	DEBUG	protocol/handler.go:596	round already finalized
2025-08-15T22:13:28.342-0500	DEBUG	protocol/handler.go:581	tryAdvanceRound called	{"{current_round 20 3  <nil>}": {"Key":"self","Type":15,"Integer":0,"String":"c","Interface":null}}
2025-08-15T22:13:28.342-0500	DEBUG	protocol/handler.go:1591	have processed broadcast	{"{round 20 3  <nil>}": {"Key":"from","Type":15,"Integer":0,"String":"a","Interface":null}}
2025-08-15T22:13:28.342-0500	DEBUG	protocol/handler.go:1591	have processed broadcast	{"{round 20 3  <nil>}": {"Key":"from","Type":15,"Integer":0,"String":"b","Interface":null}}
2025-08-15T22:13:28.342-0500	DEBUG	protocol/handler.go:1649	have all messages and processed	{"{round 20 3  <nil>}": {"Key":"self","Type":15,"Integer":0,"String":"c","Interface":null}}
2025-08-15T22:13:28.342-0500	DEBUG	protocol/handler.go:596	round already finalized
2025-08-15T22:13:28.343-0500	DEBUG	protocol/handler.go:581	tryAdvanceRound called	{"{current_round 20 3  <nil>}": {"Key":"self","Type":15,"Integer":0,"String":"a","Interface":null}}
2025-08-15T22:13:28.343-0500	DEBUG	protocol/handler.go:1591	have processed broadcast	{"{round 20 3  <nil>}": {"Key":"from","Type":15,"Integer":0,"String":"b","Interface":null}}
2025-08-15T22:13:28.343-0500	DEBUG	protocol/handler.go:1591	have processed broadcast	{"{round 20 3  <nil>}": {"Key":"from","Type":15,"Integer":0,"String":"c","Interface":null}}
2025-08-15T22:13:28.343-0500	DEBUG	protocol/handler.go:1649	have all messages and processed	{"{round 20 3  <nil>}": {"Key":"self","Type":15,"Integer":0,"String":"a","Interface":null}}
2025-08-15T22:13:28.343-0500	DEBUG	protocol/handler.go:596	round already finalized
2025-08-15T22:13:28.343-0500	DEBUG	protocol/handler.go:581	tryAdvanceRound called	{"{current_round 20 3  <nil>}": {"Key":"self","Type":15,"Integer":0,"String":"c","Interface":null}}
2025-08-15T22:13:28.343-0500	DEBUG	protocol/handler.go:1591	have processed broadcast	{"{round 20 3  <nil>}": {"Key":"from","Type":15,"Integer":0,"String":"a","Interface":null}}
2025-08-15T22:13:28.343-0500	DEBUG	protocol/handler.go:1591	have processed broadcast	{"{round 20 3  <nil>}": {"Key":"from","Type":15,"Integer":0,"String":"b","Interface":null}}
2025-08-15T22:13:28.343-0500	DEBUG	protocol/handler.go:1649	have all messages and processed	{"{round 20 3  <nil>}": {"Key":"self","Type":15,"Integer":0,"String":"c","Interface":null}}
2025-08-15T22:13:28.343-0500	DEBUG	protocol/handler.go:596	round already finalized
2025-08-15T22:13:28.373-0500	DEBUG	protocol/handler.go:581	tryAdvanceRound called	{"{current_round 20 3  <nil>}": {"Key":"self","Type":15,"Integer":0,"String":"b","Interface":null}}
2025-08-15T22:13:28.373-0500	DEBUG	protocol/handler.go:1591	have processed broadcast	{"{round 20 3  <nil>}": {"Key":"from","Type":15,"Integer":0,"String":"a","Interface":null}}
2025-08-15T22:13:28.373-0500	DEBUG	protocol/handler.go:1591	have processed broadcast	{"{round 20 3  <nil>}": {"Key":"from","Type":15,"Integer":0,"String":"c","Interface":null}}
2025-08-15T22:13:28.373-0500	DEBUG	protocol/handler.go:1649	have all messages and processed	{"{round 20 3  <nil>}": {"Key":"self","Type":15,"Integer":0,"String":"b","Interface":null}}
2025-08-15T22:13:28.373-0500	DEBUG	protocol/handler.go:596	round already finalized
2025-08-15T22:13:28.373-0500	DEBUG	protocol/handler.go:581	tryAdvanceRound called	{"{current_round 20 3  <nil>}": {"Key":"self","Type":15,"Integer":0,"String":"b","Interface":null}}
2025-08-15T22:13:28.374-0500	DEBUG	protocol/handler.go:1591	have processed broadcast	{"{round 20 3  <nil>}": {"Key":"from","Type":15,"Integer":0,"String":"a","Interface":null}}
2025-08-15T22:13:28.374-0500	DEBUG	protocol/handler.go:1591	have processed broadcast	{"{round 20 3  <nil>}": {"Key":"from","Type":15,"Integer":0,"String":"c","Interface":null}}
2025-08-15T22:13:28.374-0500	DEBUG	protocol/handler.go:1649	have all messages and processed	{"{round 20 3  <nil>}": {"Key":"self","Type":15,"Integer":0,"String":"b","Interface":null}}
2025-08-15T22:13:28.374-0500	DEBUG	protocol/handler.go:596	round already finalized
2025-08-15T22:13:28.385-0500	DEBUG	protocol/handler.go:581	tryAdvanceRound called	{"{current_round 20 3  <nil>}": {"Key":"self","Type":15,"Integer":0,"String":"a","Interface":null}}
2025-08-15T22:13:28.385-0500	DEBUG	protocol/handler.go:1591	have processed broadcast	{"{round 20 3  <nil>}": {"Key":"from","Type":15,"Integer":0,"String":"b","Interface":null}}
2025-08-15T22:13:28.385-0500	DEBUG	protocol/handler.go:1591	have processed broadcast	{"{round 20 3  <nil>}": {"Key":"from","Type":15,"Integer":0,"String":"c","Interface":null}}
2025-08-15T22:13:28.385-0500	DEBUG	protocol/handler.go:1649	have all messages and processed	{"{round 20 3  <nil>}": {"Key":"self","Type":15,"Integer":0,"String":"a","Interface":null}}
2025-08-15T22:13:28.385-0500	DEBUG	protocol/handler.go:596	round already finalized
2025-08-15T22:13:28.385-0500	DEBUG	protocol/handler.go:581	tryAdvanceRound called	{"{current_round 20 3  <nil>}": {"Key":"self","Type":15,"Integer":0,"String":"a","Interface":null}}
2025-08-15T22:13:28.385-0500	DEBUG	protocol/handler.go:1591	have processed broadcast	{"{round 20 3  <nil>}": {"Key":"from","Type":15,"Integer":0,"String":"b","Interface":null}}
2025-08-15T22:13:28.385-0500	DEBUG	protocol/handler.go:1591	have processed broadcast	{"{round 20 3  <nil>}": {"Key":"from","Type":15,"Integer":0,"String":"c","Interface":null}}
2025-08-15T22:13:28.386-0500	DEBUG	protocol/handler.go:1649	have all messages and processed	{"{round 20 3  <nil>}": {"Key":"self","Type":15,"Integer":0,"String":"a","Interface":null}}
2025-08-15T22:13:28.386-0500	DEBUG	protocol/handler.go:596	round already finalized
2025-08-15T22:13:28.386-0500	DEBUG	protocol/handler.go:581	tryAdvanceRound called	{"{current_round 20 3  <nil>}": {"Key":"self","Type":15,"Integer":0,"String":"c","Interface":null}}
2025-08-15T22:13:28.386-0500	DEBUG	protocol/handler.go:1591	have processed broadcast	{"{round 20 3  <nil>}": {"Key":"from","Type":15,"Integer":0,"String":"a","Interface":null}}
2025-08-15T22:13:28.386-0500	DEBUG	protocol/handler.go:1591	have processed broadcast	{"{round 20 3  <nil>}": {"Key":"from","Type":15,"Integer":0,"String":"b","Interface":null}}
2025-08-15T22:13:28.386-0500	DEBUG	protocol/handler.go:1649	have all messages and processed	{"{round 20 3  <nil>}": {"Key":"self","Type":15,"Integer":0,"String":"c","Interface":null}}
2025-08-15T22:13:28.386-0500	DEBUG	protocol/handler.go:596	round already finalized
2025-08-15T22:13:28.386-0500	DEBUG	protocol/handler.go:581	tryAdvanceRound called	{"{current_round 20 3  <nil>}": {"Key":"self","Type":15,"Integer":0,"String":"c","Interface":null}}
2025-08-15T22:13:28.386-0500	DEBUG	protocol/handler.go:1591	have processed broadcast	{"{round 20 3  <nil>}": {"Key":"from","Type":15,"Integer":0,"String":"a","Interface":null}}
2025-08-15T22:13:28.386-0500	DEBUG	protocol/handler.go:1591	have processed broadcast	{"{round 20 3  <nil>}": {"Key":"from","Type":15,"Integer":0,"String":"b","Interface":null}}
2025-08-15T22:13:28.386-0500	DEBUG	protocol/handler.go:1649	have all messages and processed	{"{round 20 3  <nil>}": {"Key":"self","Type":15,"Integer":0,"String":"c","Interface":null}}
2025-08-15T22:13:28.386-0500	DEBUG	protocol/handler.go:596	round already finalized
2025-08-15T22:13:28.386-0500	DEBUG	protocol/handler.go:581	tryAdvanceRound called	{"{current_round 20 3  <nil>}": {"Key":"self","Type":15,"Integer":0,"String":"a","Interface":null}}
2025-08-15T22:13:28.386-0500	DEBUG	protocol/handler.go:1591	have processed broadcast	{"{round 20 3  <nil>}": {"Key":"from","Type":15,"Integer":0,"String":"b","Interface":null}}
2025-08-15T22:13:28.386-0500	DEBUG	protocol/handler.go:1591	have processed broadcast	{"{round 20 3  <nil>}": {"Key":"from","Type":15,"Integer":0,"String":"c","Interface":null}}
2025-08-15T22:13:28.386-0500	DEBUG	protocol/handler.go:1649	have all messages and processed	{"{round 20 3  <nil>}": {"Key":"self","Type":15,"Integer":0,"String":"a","Interface":null}}
2025-08-15T22:13:28.386-0500	DEBUG	protocol/handler.go:596	round already finalized
2025-08-15T22:13:28.419-0500	DEBUG	protocol/handler.go:581	tryAdvanceRound called	{"{current_round 20 3  <nil>}": {"Key":"self","Type":15,"Integer":0,"String":"b","Interface":null}}
2025-08-15T22:13:28.419-0500	DEBUG	protocol/handler.go:1591	have processed broadcast	{"{round 20 3  <nil>}": {"Key":"from","Type":15,"Integer":0,"String":"a","Interface":null}}
2025-08-15T22:13:28.419-0500	DEBUG	protocol/handler.go:1591	have processed broadcast	{"{round 20 3  <nil>}": {"Key":"from","Type":15,"Integer":0,"String":"c","Interface":null}}
2025-08-15T22:13:28.419-0500	DEBUG	protocol/handler.go:1649	have all messages and processed	{"{round 20 3  <nil>}": {"Key":"self","Type":15,"Integer":0,"String":"b","Interface":null}}
2025-08-15T22:13:28.419-0500	DEBUG	protocol/handler.go:596	round already finalized
2025-08-15T22:13:28.419-0500	DEBUG	protocol/handler.go:581	tryAdvanceRound called	{"{current_round 20 3  <nil>}": {"Key":"self","Type":15,"Integer":0,"String":"b","Interface":null}}
2025-08-15T22:13:28.419-0500	DEBUG	protocol/handler.go:1591	have processed broadcast	{"{round 20 3  <nil>}": {"Key":"from","Type":15,"Integer":0,"String":"a","Interface":null}}
2025-08-15T22:13:28.419-0500	DEBUG	protocol/handler.go:1591	have processed broadcast	{"{round 20 3  <nil>}": {"Key":"from","Type":15,"Integer":0,"String":"c","Interface":null}}
2025-08-15T22:13:28.419-0500	DEBUG	protocol/handler.go:1649	have all messages and processed	{"{round 20 3  <nil>}": {"Key":"self","Type":15,"Integer":0,"String":"b","Interface":null}}
2025-08-15T22:13:28.419-0500	DEBUG	protocol/handler.go:596	round already finalized
2025-08-15T22:13:28.442-0500	DEBUG	protocol/handler.go:581	tryAdvanceRound called	{"{current_round 20 3  <nil>}": {"Key":"self","Type":15,"Integer":0,"String":"b","Interface":null}}
2025-08-15T22:13:28.442-0500	DEBUG	protocol/handler.go:581	tryAdvanceRound called	{"{current_round 20 3  <nil>}": {"Key":"self","Type":15,"Integer":0,"String":"c","Interface":null}}
2025-08-15T22:13:28.442-0500	DEBUG	protocol/handler.go:1591	have processed broadcast	{"{round 20 3  <nil>}": {"Key":"from","Type":15,"Integer":0,"String":"a","Interface":null}}
2025-08-15T22:13:28.442-0500	DEBUG	protocol/handler.go:1591	have processed broadcast	{"{round 20 3  <nil>}": {"Key":"from","Type":15,"Integer":0,"String":"a","Interface":null}}
2025-08-15T22:13:28.442-0500	DEBUG	protocol/handler.go:1591	have processed broadcast	{"{round 20 3  <nil>}": {"Key":"from","Type":15,"Integer":0,"String":"c","Interface":null}}
2025-08-15T22:13:28.442-0500	DEBUG	protocol/handler.go:1591	have processed broadcast	{"{round 20 3  <nil>}": {"Key":"from","Type":15,"Integer":0,"String":"b","Interface":null}}
2025-08-15T22:13:28.442-0500	DEBUG	protocol/handler.go:1649	have all messages and processed	{"{round 20 3  <nil>}": {"Key":"self","Type":15,"Integer":0,"String":"c","Interface":null}}
2025-08-15T22:13:28.442-0500	DEBUG	protocol/handler.go:596	round already finalized
2025-08-15T22:13:28.442-0500	DEBUG	protocol/handler.go:581	tryAdvanceRound called	{"{current_round 20 3  <nil>}": {"Key":"self","Type":15,"Integer":0,"String":"c","Interface":null}}
2025-08-15T22:13:28.442-0500	DEBUG	protocol/handler.go:1591	have processed broadcast	{"{round 20 3  <nil>}": {"Key":"from","Type":15,"Integer":0,"String":"a","Interface":null}}
2025-08-15T22:13:28.443-0500	DEBUG	protocol/handler.go:1591	have processed broadcast	{"{round 20 3  <nil>}": {"Key":"from","Type":15,"Integer":0,"String":"b","Interface":null}}
2025-08-15T22:13:28.443-0500	DEBUG	protocol/handler.go:1649	have all messages and processed	{"{round 20 3  <nil>}": {"Key":"self","Type":15,"Integer":0,"String":"c","Interface":null}}
2025-08-15T22:13:28.443-0500	DEBUG	protocol/handler.go:596	round already finalized
2025-08-15T22:13:28.442-0500	DEBUG	protocol/handler.go:1649	have all messages and processed	{"{round 20 3  <nil>}": {"Key":"self","Type":15,"Integer":0,"String":"b","Interface":null}}
2025-08-15T22:13:28.443-0500	DEBUG	protocol/handler.go:596	round already finalized
2025-08-15T22:13:28.443-0500	DEBUG	protocol/handler.go:581	tryAdvanceRound called	{"{current_round 20 3  <nil>}": {"Key":"self","Type":15,"Integer":0,"String":"a","Interface":null}}
2025-08-15T22:13:28.443-0500	DEBUG	protocol/handler.go:1591	have processed broadcast	{"{round 20 3  <nil>}": {"Key":"from","Type":15,"Integer":0,"String":"b","Interface":null}}
2025-08-15T22:13:28.443-0500	DEBUG	protocol/handler.go:1591	have processed broadcast	{"{round 20 3  <nil>}": {"Key":"from","Type":15,"Integer":0,"String":"c","Interface":null}}
2025-08-15T22:13:28.443-0500	DEBUG	protocol/handler.go:1649	have all messages and processed	{"{round 20 3  <nil>}": {"Key":"self","Type":15,"Integer":0,"String":"a","Interface":null}}
2025-08-15T22:13:28.443-0500	DEBUG	protocol/handler.go:596	round already finalized
2025-08-15T22:13:28.443-0500	DEBUG	protocol/handler.go:581	tryAdvanceRound called	{"{current_round 20 3  <nil>}": {"Key":"self","Type":15,"Integer":0,"String":"a","Interface":null}}
2025-08-15T22:13:28.443-0500	DEBUG	protocol/handler.go:1591	have processed broadcast	{"{round 20 3  <nil>}": {"Key":"from","Type":15,"Integer":0,"String":"b","Interface":null}}
2025-08-15T22:13:28.443-0500	DEBUG	protocol/handler.go:1591	have processed broadcast	{"{round 20 3  <nil>}": {"Key":"from","Type":15,"Integer":0,"String":"c","Interface":null}}
2025-08-15T22:13:28.443-0500	DEBUG	protocol/handler.go:1649	have all messages and processed	{"{round 20 3  <nil>}": {"Key":"self","Type":15,"Integer":0,"String":"a","Interface":null}}
2025-08-15T22:13:28.443-0500	DEBUG	protocol/handler.go:596	round already finalized
2025-08-15T22:13:28.489-0500	DEBUG	protocol/handler.go:581	tryAdvanceRound called	{"{current_round 20 3  <nil>}": {"Key":"self","Type":15,"Integer":0,"String":"a","Interface":null}}
2025-08-15T22:13:28.489-0500	DEBUG	protocol/handler.go:1591	have processed broadcast	{"{round 20 3  <nil>}": {"Key":"from","Type":15,"Integer":0,"String":"b","Interface":null}}
2025-08-15T22:13:28.489-0500	DEBUG	protocol/handler.go:1591	have processed broadcast	{"{round 20 3  <nil>}": {"Key":"from","Type":15,"Integer":0,"String":"c","Interface":null}}
2025-08-15T22:13:28.489-0500	DEBUG	protocol/handler.go:1649	have all messages and processed	{"{round 20 3  <nil>}": {"Key":"self","Type":15,"Integer":0,"String":"a","Interface":null}}
2025-08-15T22:13:28.501-0500	DEBUG	protocol/handler.go:596	round already finalized
2025-08-15T22:13:28.501-0500	DEBUG	protocol/handler.go:581	tryAdvanceRound called	{"{current_round 20 3  <nil>}": {"Key":"self","Type":15,"Integer":0,"String":"a","Interface":null}}
2025-08-15T22:13:28.539-0500	DEBUG	protocol/handler.go:1591	have processed broadcast	{"{round 20 3  <nil>}": {"Key":"from","Type":15,"Integer":0,"String":"b","Interface":null}}
2025-08-15T22:13:28.539-0500	DEBUG	protocol/handler.go:1591	have processed broadcast	{"{round 20 3  <nil>}": {"Key":"from","Type":15,"Integer":0,"String":"c","Interface":null}}
2025-08-15T22:13:28.539-0500	DEBUG	protocol/handler.go:1649	have all messages and processed	{"{round 20 3  <nil>}": {"Key":"self","Type":15,"Integer":0,"String":"a","Interface":null}}
2025-08-15T22:13:28.539-0500	DEBUG	protocol/handler.go:596	round already finalized
2025-08-15T22:13:28.539-0500	DEBUG	protocol/handler.go:581	tryAdvanceRound called	{"{current_round 20 3  <nil>}": {"Key":"self","Type":15,"Integer":0,"String":"a","Interface":null}}
2025-08-15T22:13:28.539-0500	DEBUG	protocol/handler.go:1591	have processed broadcast	{"{round 20 3  <nil>}": {"Key":"from","Type":15,"Integer":0,"String":"b","Interface":null}}
2025-08-15T22:13:28.542-0500	DEBUG	protocol/handler.go:1591	have processed broadcast	{"{round 20 3  <nil>}": {"Key":"from","Type":15,"Integer":0,"String":"c","Interface":null}}
2025-08-15T22:13:28.547-0500	DEBUG	protocol/handler.go:1649	have all messages and processed	{"{round 20 3  <nil>}": {"Key":"self","Type":15,"Integer":0,"String":"a","Interface":null}}
2025-08-15T22:13:28.547-0500	DEBUG	protocol/handler.go:596	round already finalized
2025-08-15T22:13:28.547-0500	DEBUG	protocol/handler.go:581	tryAdvanceRound called	{"{current_round 20 3  <nil>}": {"Key":"self","Type":15,"Integer":0,"String":"a","Interface":null}}
2025-08-15T22:13:28.548-0500	DEBUG	protocol/handler.go:1591	have processed broadcast	{"{round 20 3  <nil>}": {"Key":"from","Type":15,"Integer":0,"String":"b","Interface":null}}
2025-08-15T22:13:28.548-0500	DEBUG	protocol/handler.go:1591	have processed broadcast	{"{round 20 3  <nil>}": {"Key":"from","Type":15,"Integer":0,"String":"c","Interface":null}}
2025-08-15T22:13:28.548-0500	DEBUG	protocol/handler.go:1649	have all messages and processed	{"{round 20 3  <nil>}": {"Key":"self","Type":15,"Integer":0,"String":"a","Interface":null}}
2025-08-15T22:13:28.548-0500	DEBUG	protocol/handler.go:596	round already finalized
2025-08-15T22:13:28.509-0500	DEBUG	protocol/handler.go:581	tryAdvanceRound called	{"{current_round 20 3  <nil>}": {"Key":"self","Type":15,"Integer":0,"String":"b","Interface":null}}
2025-08-15T22:13:28.548-0500	DEBUG	protocol/handler.go:1591	have processed broadcast	{"{round 20 3  <nil>}": {"Key":"from","Type":15,"Integer":0,"String":"a","Interface":null}}
2025-08-15T22:13:28.548-0500	DEBUG	protocol/handler.go:1591	have processed broadcast	{"{round 20 3  <nil>}": {"Key":"from","Type":15,"Integer":0,"String":"c","Interface":null}}
2025-08-15T22:13:28.548-0500	DEBUG	protocol/handler.go:1649	have all messages and processed	{"{round 20 3  <nil>}": {"Key":"self","Type":15,"Integer":0,"String":"b","Interface":null}}
2025-08-15T22:13:28.548-0500	DEBUG	protocol/handler.go:596	round already finalized
2025-08-15T22:13:28.548-0500	DEBUG	protocol/handler.go:581	tryAdvanceRound called	{"{current_round 20 3  <nil>}": {"Key":"self","Type":15,"Integer":0,"String":"b","Interface":null}}
2025-08-15T22:13:28.548-0500	DEBUG	protocol/handler.go:1591	have processed broadcast	{"{round 20 3  <nil>}": {"Key":"from","Type":15,"Integer":0,"String":"a","Interface":null}}
2025-08-15T22:13:28.548-0500	DEBUG	protocol/handler.go:1591	have processed broadcast	{"{round 20 3  <nil>}": {"Key":"from","Type":15,"Integer":0,"String":"c","Interface":null}}
2025-08-15T22:13:28.548-0500	DEBUG	protocol/handler.go:1649	have all messages and processed	{"{round 20 3  <nil>}": {"Key":"self","Type":15,"Integer":0,"String":"b","Interface":null}}
2025-08-15T22:13:28.548-0500	DEBUG	protocol/handler.go:596	round already finalized
2025-08-15T22:13:28.574-0500	DEBUG	protocol/handler.go:581	tryAdvanceRound called	{"{current_round 20 3  <nil>}": {"Key":"self","Type":15,"Integer":0,"String":"b","Interface":null}}
2025-08-15T22:13:28.577-0500	DEBUG	protocol/handler.go:1591	have processed broadcast	{"{round 20 3  <nil>}": {"Key":"from","Type":15,"Integer":0,"String":"a","Interface":null}}
2025-08-15T22:13:28.577-0500	DEBUG	protocol/handler.go:1591	have processed broadcast	{"{round 20 3  <nil>}": {"Key":"from","Type":15,"Integer":0,"String":"c","Interface":null}}
2025-08-15T22:13:28.577-0500	DEBUG	protocol/handler.go:1649	have all messages and processed	{"{round 20 3  <nil>}": {"Key":"self","Type":15,"Integer":0,"String":"b","Interface":null}}
2025-08-15T22:13:28.577-0500	DEBUG	protocol/handler.go:596	round already finalized
2025-08-15T22:13:28.509-0500	DEBUG	protocol/handler.go:581	tryAdvanceRound called	{"{current_round 20 3  <nil>}": {"Key":"self","Type":15,"Integer":0,"String":"c","Interface":null}}
2025-08-15T22:13:28.577-0500	DEBUG	protocol/handler.go:1591	have processed broadcast	{"{round 20 3  <nil>}": {"Key":"from","Type":15,"Integer":0,"String":"a","Interface":null}}
2025-08-15T22:13:28.577-0500	DEBUG	protocol/handler.go:1591	have processed broadcast	{"{round 20 3  <nil>}": {"Key":"from","Type":15,"Integer":0,"String":"b","Interface":null}}
2025-08-15T22:13:28.577-0500	DEBUG	protocol/handler.go:1649	have all messages and processed	{"{round 20 3  <nil>}": {"Key":"self","Type":15,"Integer":0,"String":"c","Interface":null}}
2025-08-15T22:13:28.577-0500	DEBUG	protocol/handler.go:596	round already finalized
2025-08-15T22:13:28.577-0500	DEBUG	protocol/handler.go:581	tryAdvanceRound called	{"{current_round 20 3  <nil>}": {"Key":"self","Type":15,"Integer":0,"String":"c","Interface":null}}
2025-08-15T22:13:28.577-0500	DEBUG	protocol/handler.go:1591	have processed broadcast	{"{round 20 3  <nil>}": {"Key":"from","Type":15,"Integer":0,"String":"a","Interface":null}}
2025-08-15T22:13:28.580-0500	DEBUG	protocol/handler.go:1591	have processed broadcast	{"{round 20 3  <nil>}": {"Key":"from","Type":15,"Integer":0,"String":"b","Interface":null}}
2025-08-15T22:13:28.580-0500	DEBUG	protocol/handler.go:1649	have all messages and processed	{"{round 20 3  <nil>}": {"Key":"self","Type":15,"Integer":0,"String":"c","Interface":null}}
2025-08-15T22:13:28.580-0500	DEBUG	protocol/handler.go:596	round already finalized
2025-08-15T22:13:28.580-0500	DEBUG	protocol/handler.go:581	tryAdvanceRound called	{"{current_round 20 3  <nil>}": {"Key":"self","Type":15,"Integer":0,"String":"a","Interface":null}}
2025-08-15T22:13:28.581-0500	DEBUG	protocol/handler.go:1591	have processed broadcast	{"{round 20 3  <nil>}": {"Key":"from","Type":15,"Integer":0,"String":"b","Interface":null}}
2025-08-15T22:13:28.581-0500	DEBUG	protocol/handler.go:1591	have processed broadcast	{"{round 20 3  <nil>}": {"Key":"from","Type":15,"Integer":0,"String":"c","Interface":null}}
2025-08-15T22:13:28.581-0500	DEBUG	protocol/handler.go:1649	have all messages and processed	{"{round 20 3  <nil>}": {"Key":"self","Type":15,"Integer":0,"String":"a","Interface":null}}
2025-08-15T22:13:28.581-0500	DEBUG	protocol/handler.go:596	round already finalized
2025-08-15T22:13:28.581-0500	DEBUG	protocol/handler.go:581	tryAdvanceRound called	{"{current_round 20 3  <nil>}": {"Key":"self","Type":15,"Integer":0,"String":"a","Interface":null}}
2025-08-15T22:13:28.581-0500	DEBUG	protocol/handler.go:1591	have processed broadcast	{"{round 20 3  <nil>}": {"Key":"from","Type":15,"Integer":0,"String":"b","Interface":null}}
2025-08-15T22:13:28.581-0500	DEBUG	protocol/handler.go:1591	have processed broadcast	{"{round 20 3  <nil>}": {"Key":"from","Type":15,"Integer":0,"String":"c","Interface":null}}
2025-08-15T22:13:28.581-0500	DEBUG	protocol/handler.go:1649	have all messages and processed	{"{round 20 3  <nil>}": {"Key":"self","Type":15,"Integer":0,"String":"a","Interface":null}}
2025-08-15T22:13:28.581-0500	DEBUG	protocol/handler.go:596	round already finalized
2025-08-15T22:13:28.581-0500	DEBUG	protocol/handler.go:581	tryAdvanceRound called	{"{current_round 20 3  <nil>}": {"Key":"self","Type":15,"Integer":0,"String":"b","Interface":null}}
2025-08-15T22:13:28.581-0500	DEBUG	protocol/handler.go:1591	have processed broadcast	{"{round 20 3  <nil>}": {"Key":"from","Type":15,"Integer":0,"String":"a","Interface":null}}
2025-08-15T22:13:28.581-0500	DEBUG	protocol/handler.go:1591	have processed broadcast	{"{round 20 3  <nil>}": {"Key":"from","Type":15,"Integer":0,"String":"c","Interface":null}}
2025-08-15T22:13:28.581-0500	DEBUG	protocol/handler.go:1649	have all messages and processed	{"{round 20 3  <nil>}": {"Key":"self","Type":15,"Integer":0,"String":"b","Interface":null}}
2025-08-15T22:13:28.581-0500	DEBUG	protocol/handler.go:596	round already finalized
2025-08-15T22:13:28.581-0500	DEBUG	protocol/handler.go:581	tryAdvanceRound called	{"{current_round 20 3  <nil>}": {"Key":"self","Type":15,"Integer":0,"String":"c","Interface":null}}
2025-08-15T22:13:28.581-0500	DEBUG	protocol/handler.go:1591	have processed broadcast	{"{round 20 3  <nil>}": {"Key":"from","Type":15,"Integer":0,"String":"a","Interface":null}}
2025-08-15T22:13:28.581-0500	DEBUG	protocol/handler.go:1591	have processed broadcast	{"{round 20 3  <nil>}": {"Key":"from","Type":15,"Integer":0,"String":"b","Interface":null}}
2025-08-15T22:13:28.581-0500	DEBUG	protocol/handler.go:1649	have all messages and processed	{"{round 20 3  <nil>}": {"Key":"self","Type":15,"Integer":0,"String":"c","Interface":null}}
2025-08-15T22:13:28.581-0500	DEBUG	protocol/handler.go:596	round already finalized
2025-08-15T22:13:28.630-0500	DEBUG	protocol/handler.go:581	tryAdvanceRound called	{"{current_round 20 3  <nil>}": {"Key":"self","Type":15,"Integer":0,"String":"a","Interface":null}}
2025-08-15T22:13:28.630-0500	DEBUG	protocol/handler.go:1591	have processed broadcast	{"{round 20 3  <nil>}": {"Key":"from","Type":15,"Integer":0,"String":"b","Interface":null}}
2025-08-15T22:13:28.630-0500	DEBUG	protocol/handler.go:1591	have processed broadcast	{"{round 20 3  <nil>}": {"Key":"from","Type":15,"Integer":0,"String":"c","Interface":null}}
2025-08-15T22:13:28.630-0500	DEBUG	protocol/handler.go:1649	have all messages and processed	{"{round 20 3  <nil>}": {"Key":"self","Type":15,"Integer":0,"String":"a","Interface":null}}
2025-08-15T22:13:28.630-0500	DEBUG	protocol/handler.go:596	round already finalized
2025-08-15T22:13:28.630-0500	DEBUG	protocol/handler.go:581	tryAdvanceRound called	{"{current_round 20 3  <nil>}": {"Key":"self","Type":15,"Integer":0,"String":"a","Interface":null}}
2025-08-15T22:13:28.630-0500	DEBUG	protocol/handler.go:1591	have processed broadcast	{"{round 20 3  <nil>}": {"Key":"from","Type":15,"Integer":0,"String":"b","Interface":null}}
2025-08-15T22:13:28.630-0500	DEBUG	protocol/handler.go:1591	have processed broadcast	{"{round 20 3  <nil>}": {"Key":"from","Type":15,"Integer":0,"String":"c","Interface":null}}
2025-08-15T22:13:28.630-0500	DEBUG	protocol/handler.go:1649	have all messages and processed	{"{round 20 3  <nil>}": {"Key":"self","Type":15,"Integer":0,"String":"a","Interface":null}}
2025-08-15T22:13:28.630-0500	DEBUG	protocol/handler.go:596	round already finalized
2025-08-15T22:13:28.630-0500	DEBUG	protocol/handler.go:581	tryAdvanceRound called	{"{current_round 20 3  <nil>}": {"Key":"self","Type":15,"Integer":0,"String":"b","Interface":null}}
2025-08-15T22:13:28.630-0500	DEBUG	protocol/handler.go:1591	have processed broadcast	{"{round 20 3  <nil>}": {"Key":"from","Type":15,"Integer":0,"String":"a","Interface":null}}
2025-08-15T22:13:28.630-0500	DEBUG	protocol/handler.go:1591	have processed broadcast	{"{round 20 3  <nil>}": {"Key":"from","Type":15,"Integer":0,"String":"c","Interface":null}}
2025-08-15T22:13:28.630-0500	DEBUG	protocol/handler.go:1649	have all messages and processed	{"{round 20 3  <nil>}": {"Key":"self","Type":15,"Integer":0,"String":"b","Interface":null}}
2025-08-15T22:13:28.630-0500	DEBUG	protocol/handler.go:596	round already finalized
2025-08-15T22:13:28.630-0500	DEBUG	protocol/handler.go:581	tryAdvanceRound called	{"{current_round 20 3  <nil>}": {"Key":"self","Type":15,"Integer":0,"String":"b","Interface":null}}
2025-08-15T22:13:28.630-0500	DEBUG	protocol/handler.go:1591	have processed broadcast	{"{round 20 3  <nil>}": {"Key":"from","Type":15,"Integer":0,"String":"a","Interface":null}}
2025-08-15T22:13:28.630-0500	DEBUG	protocol/handler.go:1591	have processed broadcast	{"{round 20 3  <nil>}": {"Key":"from","Type":15,"Integer":0,"String":"c","Interface":null}}
2025-08-15T22:13:28.630-0500	DEBUG	protocol/handler.go:1649	have all messages and processed	{"{round 20 3  <nil>}": {"Key":"self","Type":15,"Integer":0,"String":"b","Interface":null}}
2025-08-15T22:13:28.630-0500	DEBUG	protocol/handler.go:596	round already finalized
2025-08-15T22:13:28.631-0500	DEBUG	protocol/handler.go:581	tryAdvanceRound called	{"{current_round 20 3  <nil>}": {"Key":"self","Type":15,"Integer":0,"String":"b","Interface":null}}
2025-08-15T22:13:28.631-0500	DEBUG	protocol/handler.go:1591	have processed broadcast	{"{round 20 3  <nil>}": {"Key":"from","Type":15,"Integer":0,"String":"a","Interface":null}}
2025-08-15T22:13:28.631-0500	DEBUG	protocol/handler.go:1591	have processed broadcast	{"{round 20 3  <nil>}": {"Key":"from","Type":15,"Integer":0,"String":"c","Interface":null}}
2025-08-15T22:13:28.631-0500	DEBUG	protocol/handler.go:1649	have all messages and processed	{"{round 20 3  <nil>}": {"Key":"self","Type":15,"Integer":0,"String":"b","Interface":null}}
2025-08-15T22:13:28.631-0500	DEBUG	protocol/handler.go:596	round already finalized
2025-08-15T22:13:28.631-0500	DEBUG	protocol/handler.go:581	tryAdvanceRound called	{"{current_round 20 3  <nil>}": {"Key":"self","Type":15,"Integer":0,"String":"c","Interface":null}}
2025-08-15T22:13:28.631-0500	DEBUG	protocol/handler.go:1591	have processed broadcast	{"{round 20 3  <nil>}": {"Key":"from","Type":15,"Integer":0,"String":"a","Interface":null}}
2025-08-15T22:13:28.631-0500	DEBUG	protocol/handler.go:1591	have processed broadcast	{"{round 20 3  <nil>}": {"Key":"from","Type":15,"Integer":0,"String":"b","Interface":null}}
2025-08-15T22:13:28.631-0500	DEBUG	protocol/handler.go:1649	have all messages and processed	{"{round 20 3  <nil>}": {"Key":"self","Type":15,"Integer":0,"String":"c","Interface":null}}
2025-08-15T22:13:28.631-0500	DEBUG	protocol/handler.go:596	round already finalized
2025-08-15T22:13:28.631-0500	DEBUG	protocol/handler.go:581	tryAdvanceRound called	{"{current_round 20 3  <nil>}": {"Key":"self","Type":15,"Integer":0,"String":"c","Interface":null}}
2025-08-15T22:13:28.631-0500	DEBUG	protocol/handler.go:1591	have processed broadcast	{"{round 20 3  <nil>}": {"Key":"from","Type":15,"Integer":0,"String":"a","Interface":null}}
2025-08-15T22:13:28.631-0500	DEBUG	protocol/handler.go:1591	have processed broadcast	{"{round 20 3  <nil>}": {"Key":"from","Type":15,"Integer":0,"String":"b","Interface":null}}
2025-08-15T22:13:28.631-0500	DEBUG	protocol/handler.go:1649	have all messages and processed	{"{round 20 3  <nil>}": {"Key":"self","Type":15,"Integer":0,"String":"c","Interface":null}}
2025-08-15T22:13:28.631-0500	DEBUG	protocol/handler.go:596	round already finalized
2025-08-15T22:13:28.676-0500	DEBUG	protocol/handler.go:581	tryAdvanceRound called	{"{current_round 20 3  <nil>}": {"Key":"self","Type":15,"Integer":0,"String":"a","Interface":null}}
2025-08-15T22:13:28.677-0500	DEBUG	protocol/handler.go:1591	have processed broadcast	{"{round 20 3  <nil>}": {"Key":"from","Type":15,"Integer":0,"String":"b","Interface":null}}
2025-08-15T22:13:28.677-0500	DEBUG	protocol/handler.go:1591	have processed broadcast	{"{round 20 3  <nil>}": {"Key":"from","Type":15,"Integer":0,"String":"c","Interface":null}}
2025-08-15T22:13:28.677-0500	DEBUG	protocol/handler.go:1649	have all messages and processed	{"{round 20 3  <nil>}": {"Key":"self","Type":15,"Integer":0,"String":"a","Interface":null}}
2025-08-15T22:13:28.677-0500	DEBUG	protocol/handler.go:596	round already finalized
2025-08-15T22:13:28.677-0500	DEBUG	protocol/handler.go:581	tryAdvanceRound called	{"{current_round 20 3  <nil>}": {"Key":"self","Type":15,"Integer":0,"String":"a","Interface":null}}
2025-08-15T22:13:28.677-0500	DEBUG	protocol/handler.go:1591	have processed broadcast	{"{round 20 3  <nil>}": {"Key":"from","Type":15,"Integer":0,"String":"b","Interface":null}}
2025-08-15T22:13:28.677-0500	DEBUG	protocol/handler.go:1591	have processed broadcast	{"{round 20 3  <nil>}": {"Key":"from","Type":15,"Integer":0,"String":"c","Interface":null}}
2025-08-15T22:13:28.677-0500	DEBUG	protocol/handler.go:1649	have all messages and processed	{"{round 20 3  <nil>}": {"Key":"self","Type":15,"Integer":0,"String":"a","Interface":null}}
2025-08-15T22:13:28.677-0500	DEBUG	protocol/handler.go:596	round already finalized
2025-08-15T22:13:28.677-0500	DEBUG	protocol/handler.go:581	tryAdvanceRound called	{"{current_round 20 3  <nil>}": {"Key":"self","Type":15,"Integer":0,"String":"b","Interface":null}}
2025-08-15T22:13:28.677-0500	DEBUG	protocol/handler.go:1591	have processed broadcast	{"{round 20 3  <nil>}": {"Key":"from","Type":15,"Integer":0,"String":"a","Interface":null}}
2025-08-15T22:13:28.677-0500	DEBUG	protocol/handler.go:1591	have processed broadcast	{"{round 20 3  <nil>}": {"Key":"from","Type":15,"Integer":0,"String":"c","Interface":null}}
2025-08-15T22:13:28.677-0500	DEBUG	protocol/handler.go:1649	have all messages and processed	{"{round 20 3  <nil>}": {"Key":"self","Type":15,"Integer":0,"String":"b","Interface":null}}
2025-08-15T22:13:28.677-0500	DEBUG	protocol/handler.go:596	round already finalized
2025-08-15T22:13:28.677-0500	DEBUG	protocol/handler.go:581	tryAdvanceRound called	{"{current_round 20 3  <nil>}": {"Key":"self","Type":15,"Integer":0,"String":"b","Interface":null}}
2025-08-15T22:13:28.678-0500	DEBUG	protocol/handler.go:1591	have processed broadcast	{"{round 20 3  <nil>}": {"Key":"from","Type":15,"Integer":0,"String":"a","Interface":null}}
2025-08-15T22:13:28.678-0500	DEBUG	protocol/handler.go:1591	have processed broadcast	{"{round 20 3  <nil>}": {"Key":"from","Type":15,"Integer":0,"String":"c","Interface":null}}
2025-08-15T22:13:28.678-0500	DEBUG	protocol/handler.go:1649	have all messages and processed	{"{round 20 3  <nil>}": {"Key":"self","Type":15,"Integer":0,"String":"b","Interface":null}}
2025-08-15T22:13:28.678-0500	DEBUG	protocol/handler.go:596	round already finalized
2025-08-15T22:13:28.678-0500	DEBUG	protocol/handler.go:581	tryAdvanceRound called	{"{current_round 20 3  <nil>}": {"Key":"self","Type":15,"Integer":0,"String":"c","Interface":null}}
2025-08-15T22:13:28.678-0500	DEBUG	protocol/handler.go:1591	have processed broadcast	{"{round 20 3  <nil>}": {"Key":"from","Type":15,"Integer":0,"String":"a","Interface":null}}
2025-08-15T22:13:28.678-0500	DEBUG	protocol/handler.go:1591	have processed broadcast	{"{round 20 3  <nil>}": {"Key":"from","Type":15,"Integer":0,"String":"b","Interface":null}}
2025-08-15T22:13:28.678-0500	DEBUG	protocol/handler.go:1649	have all messages and processed	{"{round 20 3  <nil>}": {"Key":"self","Type":15,"Integer":0,"String":"c","Interface":null}}
2025-08-15T22:13:28.678-0500	DEBUG	protocol/handler.go:596	round already finalized
2025-08-15T22:13:28.678-0500	DEBUG	protocol/handler.go:581	tryAdvanceRound called	{"{current_round 20 3  <nil>}": {"Key":"self","Type":15,"Integer":0,"String":"c","Interface":null}}
2025-08-15T22:13:28.678-0500	DEBUG	protocol/handler.go:1591	have processed broadcast	{"{round 20 3  <nil>}": {"Key":"from","Type":15,"Integer":0,"String":"a","Interface":null}}
2025-08-15T22:13:28.678-0500	DEBUG	protocol/handler.go:1591	have processed broadcast	{"{round 20 3  <nil>}": {"Key":"from","Type":15,"Integer":0,"String":"b","Interface":null}}
2025-08-15T22:13:28.678-0500	DEBUG	protocol/handler.go:1649	have all messages and processed	{"{round 20 3  <nil>}": {"Key":"self","Type":15,"Integer":0,"String":"c","Interface":null}}
2025-08-15T22:13:28.678-0500	DEBUG	protocol/handler.go:596	round already finalized
2025-08-15T22:13:28.710-0500	DEBUG	protocol/handler.go:581	tryAdvanceRound called	{"{current_round 20 3  <nil>}": {"Key":"self","Type":15,"Integer":0,"String":"a","Interface":null}}
2025-08-15T22:13:28.713-0500	DEBUG	protocol/handler.go:1591	have processed broadcast	{"{round 20 3  <nil>}": {"Key":"from","Type":15,"Integer":0,"String":"b","Interface":null}}
2025-08-15T22:13:28.713-0500	DEBUG	protocol/handler.go:1591	have processed broadcast	{"{round 20 3  <nil>}": {"Key":"from","Type":15,"Integer":0,"String":"c","Interface":null}}
2025-08-15T22:13:28.713-0500	DEBUG	protocol/handler.go:1649	have all messages and processed	{"{round 20 3  <nil>}": {"Key":"self","Type":15,"Integer":0,"String":"a","Interface":null}}
2025-08-15T22:13:28.714-0500	DEBUG	protocol/handler.go:596	round already finalized
2025-08-15T22:13:28.714-0500	DEBUG	protocol/handler.go:581	tryAdvanceRound called	{"{current_round 20 3  <nil>}": {"Key":"self","Type":15,"Integer":0,"String":"c","Interface":null}}
2025-08-15T22:13:28.714-0500	DEBUG	protocol/handler.go:1591	have processed broadcast	{"{round 20 3  <nil>}": {"Key":"from","Type":15,"Integer":0,"String":"a","Interface":null}}
2025-08-15T22:13:28.714-0500	DEBUG	protocol/handler.go:1591	have processed broadcast	{"{round 20 3  <nil>}": {"Key":"from","Type":15,"Integer":0,"String":"b","Interface":null}}
2025-08-15T22:13:28.714-0500	DEBUG	protocol/handler.go:1649	have all messages and processed	{"{round 20 3  <nil>}": {"Key":"self","Type":15,"Integer":0,"String":"c","Interface":null}}
2025-08-15T22:13:28.714-0500	DEBUG	protocol/handler.go:596	round already finalized
2025-08-15T22:13:28.714-0500	DEBUG	protocol/handler.go:581	tryAdvanceRound called	{"{current_round 20 3  <nil>}": {"Key":"self","Type":15,"Integer":0,"String":"c","Interface":null}}
2025-08-15T22:13:28.714-0500	DEBUG	protocol/handler.go:1591	have processed broadcast	{"{round 20 3  <nil>}": {"Key":"from","Type":15,"Integer":0,"String":"a","Interface":null}}
2025-08-15T22:13:28.714-0500	DEBUG	protocol/handler.go:1591	have processed broadcast	{"{round 20 3  <nil>}": {"Key":"from","Type":15,"Integer":0,"String":"b","Interface":null}}
2025-08-15T22:13:28.714-0500	DEBUG	protocol/handler.go:1649	have all messages and processed	{"{round 20 3  <nil>}": {"Key":"self","Type":15,"Integer":0,"String":"c","Interface":null}}
2025-08-15T22:13:28.714-0500	DEBUG	protocol/handler.go:596	round already finalized
2025-08-15T22:13:28.714-0500	DEBUG	protocol/handler.go:581	tryAdvanceRound called	{"{current_round 20 3  <nil>}": {"Key":"self","Type":15,"Integer":0,"String":"b","Interface":null}}
2025-08-15T22:13:28.714-0500	DEBUG	protocol/handler.go:1591	have processed broadcast	{"{round 20 3  <nil>}": {"Key":"from","Type":15,"Integer":0,"String":"a","Interface":null}}
2025-08-15T22:13:28.714-0500	DEBUG	protocol/handler.go:1591	have processed broadcast	{"{round 20 3  <nil>}": {"Key":"from","Type":15,"Integer":0,"String":"c","Interface":null}}
2025-08-15T22:13:28.714-0500	DEBUG	protocol/handler.go:1649	have all messages and processed	{"{round 20 3  <nil>}": {"Key":"self","Type":15,"Integer":0,"String":"b","Interface":null}}
2025-08-15T22:13:28.714-0500	DEBUG	protocol/handler.go:596	round already finalized
2025-08-15T22:13:28.714-0500	DEBUG	protocol/handler.go:581	tryAdvanceRound called	{"{current_round 20 3  <nil>}": {"Key":"self","Type":15,"Integer":0,"String":"b","Interface":null}}
2025-08-15T22:13:28.714-0500	DEBUG	protocol/handler.go:1591	have processed broadcast	{"{round 20 3  <nil>}": {"Key":"from","Type":15,"Integer":0,"String":"a","Interface":null}}
2025-08-15T22:13:28.714-0500	DEBUG	protocol/handler.go:1591	have processed broadcast	{"{round 20 3  <nil>}": {"Key":"from","Type":15,"Integer":0,"String":"c","Interface":null}}
2025-08-15T22:13:28.714-0500	DEBUG	protocol/handler.go:1649	have all messages and processed	{"{round 20 3  <nil>}": {"Key":"self","Type":15,"Integer":0,"String":"b","Interface":null}}
2025-08-15T22:13:28.714-0500	DEBUG	protocol/handler.go:596	round already finalized
2025-08-15T22:13:28.714-0500	DEBUG	protocol/handler.go:581	tryAdvanceRound called	{"{current_round 20 3  <nil>}": {"Key":"self","Type":15,"Integer":0,"String":"a","Interface":null}}
2025-08-15T22:13:28.715-0500	DEBUG	protocol/handler.go:1591	have processed broadcast	{"{round 20 3  <nil>}": {"Key":"from","Type":15,"Integer":0,"String":"b","Interface":null}}
2025-08-15T22:13:28.715-0500	DEBUG	protocol/handler.go:1591	have processed broadcast	{"{round 20 3  <nil>}": {"Key":"from","Type":15,"Integer":0,"String":"c","Interface":null}}
2025-08-15T22:13:28.715-0500	DEBUG	protocol/handler.go:1649	have all messages and processed	{"{round 20 3  <nil>}": {"Key":"self","Type":15,"Integer":0,"String":"a","Interface":null}}
2025-08-15T22:13:28.715-0500	DEBUG	protocol/handler.go:596	round already finalized
2025-08-15T22:13:28.782-0500	DEBUG	protocol/handler.go:581	tryAdvanceRound called	{"{current_round 20 3  <nil>}": {"Key":"self","Type":15,"Integer":0,"String":"a","Interface":null}}
2025-08-15T22:13:28.788-0500	DEBUG	protocol/handler.go:1591	have processed broadcast	{"{round 20 3  <nil>}": {"Key":"from","Type":15,"Integer":0,"String":"b","Interface":null}}
2025-08-15T22:13:28.790-0500	DEBUG	protocol/handler.go:1591	have processed broadcast	{"{round 20 3  <nil>}": {"Key":"from","Type":15,"Integer":0,"String":"c","Interface":null}}
2025-08-15T22:13:28.790-0500	DEBUG	protocol/handler.go:1649	have all messages and processed	{"{round 20 3  <nil>}": {"Key":"self","Type":15,"Integer":0,"String":"a","Interface":null}}
2025-08-15T22:13:28.795-0500	DEBUG	protocol/handler.go:596	round already finalized
2025-08-15T22:13:28.798-0500	DEBUG	protocol/handler.go:581	tryAdvanceRound called	{"{current_round 20 3  <nil>}": {"Key":"self","Type":15,"Integer":0,"String":"a","Interface":null}}
2025-08-15T22:13:28.798-0500	DEBUG	protocol/handler.go:1591	have processed broadcast	{"{round 20 3  <nil>}": {"Key":"from","Type":15,"Integer":0,"String":"b","Interface":null}}
2025-08-15T22:13:28.798-0500	DEBUG	protocol/handler.go:1591	have processed broadcast	{"{round 20 3  <nil>}": {"Key":"from","Type":15,"Integer":0,"String":"c","Interface":null}}
2025-08-15T22:13:28.798-0500	DEBUG	protocol/handler.go:1649	have all messages and processed	{"{round 20 3  <nil>}": {"Key":"self","Type":15,"Integer":0,"String":"a","Interface":null}}
2025-08-15T22:13:28.798-0500	DEBUG	protocol/handler.go:596	round already finalized
2025-08-15T22:13:28.799-0500	DEBUG	protocol/handler.go:581	tryAdvanceRound called	{"{current_round 20 3  <nil>}": {"Key":"self","Type":15,"Integer":0,"String":"b","Interface":null}}
2025-08-15T22:13:28.799-0500	DEBUG	protocol/handler.go:1591	have processed broadcast	{"{round 20 3  <nil>}": {"Key":"from","Type":15,"Integer":0,"String":"a","Interface":null}}
2025-08-15T22:13:28.799-0500	DEBUG	protocol/handler.go:1591	have processed broadcast	{"{round 20 3  <nil>}": {"Key":"from","Type":15,"Integer":0,"String":"c","Interface":null}}
2025-08-15T22:13:28.799-0500	DEBUG	protocol/handler.go:1649	have all messages and processed	{"{round 20 3  <nil>}": {"Key":"self","Type":15,"Integer":0,"String":"b","Interface":null}}
2025-08-15T22:13:28.799-0500	DEBUG	protocol/handler.go:596	round already finalized
2025-08-15T22:13:28.799-0500	DEBUG	protocol/handler.go:581	tryAdvanceRound called	{"{current_round 20 3  <nil>}": {"Key":"self","Type":15,"Integer":0,"String":"b","Interface":null}}
2025-08-15T22:13:28.799-0500	DEBUG	protocol/handler.go:1591	have processed broadcast	{"{round 20 3  <nil>}": {"Key":"from","Type":15,"Integer":0,"String":"a","Interface":null}}
2025-08-15T22:13:28.801-0500	DEBUG	protocol/handler.go:1591	have processed broadcast	{"{round 20 3  <nil>}": {"Key":"from","Type":15,"Integer":0,"String":"c","Interface":null}}
2025-08-15T22:13:28.801-0500	DEBUG	protocol/handler.go:1649	have all messages and processed	{"{round 20 3  <nil>}": {"Key":"self","Type":15,"Integer":0,"String":"b","Interface":null}}
2025-08-15T22:13:28.804-0500	DEBUG	protocol/handler.go:596	round already finalized
2025-08-15T22:13:28.808-0500	DEBUG	protocol/handler.go:581	tryAdvanceRound called	{"{current_round 20 3  <nil>}": {"Key":"self","Type":15,"Integer":0,"String":"c","Interface":null}}
2025-08-15T22:13:28.808-0500	DEBUG	protocol/handler.go:1591	have processed broadcast	{"{round 20 3  <nil>}": {"Key":"from","Type":15,"Integer":0,"String":"a","Interface":null}}
2025-08-15T22:13:28.808-0500	DEBUG	protocol/handler.go:1591	have processed broadcast	{"{round 20 3  <nil>}": {"Key":"from","Type":15,"Integer":0,"String":"b","Interface":null}}
2025-08-15T22:13:28.808-0500	DEBUG	protocol/handler.go:1649	have all messages and processed	{"{round 20 3  <nil>}": {"Key":"self","Type":15,"Integer":0,"String":"c","Interface":null}}
2025-08-15T22:13:28.808-0500	DEBUG	protocol/handler.go:596	round already finalized
2025-08-15T22:13:28.808-0500	DEBUG	protocol/handler.go:581	tryAdvanceRound called	{"{current_round 20 3  <nil>}": {"Key":"self","Type":15,"Integer":0,"String":"c","Interface":null}}
2025-08-15T22:13:28.814-0500	DEBUG	protocol/handler.go:1591	have processed broadcast	{"{round 20 3  <nil>}": {"Key":"from","Type":15,"Integer":0,"String":"a","Interface":null}}
2025-08-15T22:13:28.814-0500	DEBUG	protocol/handler.go:1591	have processed broadcast	{"{round 20 3  <nil>}": {"Key":"from","Type":15,"Integer":0,"String":"b","Interface":null}}
2025-08-15T22:13:28.814-0500	DEBUG	protocol/handler.go:1649	have all messages and processed	{"{round 20 3  <nil>}": {"Key":"self","Type":15,"Integer":0,"String":"c","Interface":null}}
2025-08-15T22:13:28.814-0500	DEBUG	protocol/handler.go:596	round already finalized
2025-08-15T22:13:28.819-0500	DEBUG	protocol/handler.go:581	tryAdvanceRound called	{"{current_round 20 3  <nil>}": {"Key":"self","Type":15,"Integer":0,"String":"c","Interface":null}}
2025-08-15T22:13:28.820-0500	DEBUG	protocol/handler.go:1591	have processed broadcast	{"{round 20 3  <nil>}": {"Key":"from","Type":15,"Integer":0,"String":"a","Interface":null}}
2025-08-15T22:13:28.820-0500	DEBUG	protocol/handler.go:1591	have processed broadcast	{"{round 20 3  <nil>}": {"Key":"from","Type":15,"Integer":0,"String":"b","Interface":null}}
2025-08-15T22:13:28.820-0500	DEBUG	protocol/handler.go:1649	have all messages and processed	{"{round 20 3  <nil>}": {"Key":"self","Type":15,"Integer":0,"String":"c","Interface":null}}
2025-08-15T22:13:28.820-0500	DEBUG	protocol/handler.go:596	round already finalized
2025-08-15T22:13:28.820-0500	DEBUG	protocol/handler.go:581	tryAdvanceRound called	{"{current_round 20 3  <nil>}": {"Key":"self","Type":15,"Integer":0,"String":"a","Interface":null}}
2025-08-15T22:13:28.828-0500	DEBUG	protocol/handler.go:1591	have processed broadcast	{"{round 20 3  <nil>}": {"Key":"from","Type":15,"Integer":0,"String":"b","Interface":null}}
2025-08-15T22:13:28.828-0500	DEBUG	protocol/handler.go:1591	have processed broadcast	{"{round 20 3  <nil>}": {"Key":"from","Type":15,"Integer":0,"String":"c","Interface":null}}
2025-08-15T22:13:28.828-0500	DEBUG	protocol/handler.go:1649	have all messages and processed	{"{round 20 3  <nil>}": {"Key":"self","Type":15,"Integer":0,"String":"a","Interface":null}}
2025-08-15T22:13:28.828-0500	DEBUG	protocol/handler.go:596	round already finalized
2025-08-15T22:13:28.828-0500	DEBUG	protocol/handler.go:581	tryAdvanceRound called	{"{current_round 20 3  <nil>}": {"Key":"self","Type":15,"Integer":0,"String":"a","Interface":null}}
2025-08-15T22:13:28.828-0500	DEBUG	protocol/handler.go:1591	have processed broadcast	{"{round 20 3  <nil>}": {"Key":"from","Type":15,"Integer":0,"String":"b","Interface":null}}
2025-08-15T22:13:28.828-0500	DEBUG	protocol/handler.go:1591	have processed broadcast	{"{round 20 3  <nil>}": {"Key":"from","Type":15,"Integer":0,"String":"c","Interface":null}}
2025-08-15T22:13:28.828-0500	DEBUG	protocol/handler.go:1649	have all messages and processed	{"{round 20 3  <nil>}": {"Key":"self","Type":15,"Integer":0,"String":"a","Interface":null}}
2025-08-15T22:13:28.828-0500	DEBUG	protocol/handler.go:596	round already finalized
2025-08-15T22:13:28.828-0500	DEBUG	protocol/handler.go:581	tryAdvanceRound called	{"{current_round 20 3  <nil>}": {"Key":"self","Type":15,"Integer":0,"String":"b","Interface":null}}
2025-08-15T22:13:28.828-0500	DEBUG	protocol/handler.go:1591	have processed broadcast	{"{round 20 3  <nil>}": {"Key":"from","Type":15,"Integer":0,"String":"a","Interface":null}}
2025-08-15T22:13:28.828-0500	DEBUG	protocol/handler.go:1591	have processed broadcast	{"{round 20 3  <nil>}": {"Key":"from","Type":15,"Integer":0,"String":"c","Interface":null}}
2025-08-15T22:13:28.828-0500	DEBUG	protocol/handler.go:1649	have all messages and processed	{"{round 20 3  <nil>}": {"Key":"self","Type":15,"Integer":0,"String":"b","Interface":null}}
2025-08-15T22:13:28.828-0500	DEBUG	protocol/handler.go:596	round already finalized
2025-08-15T22:13:28.828-0500	DEBUG	protocol/handler.go:581	tryAdvanceRound called	{"{current_round 20 3  <nil>}": {"Key":"self","Type":15,"Integer":0,"String":"b","Interface":null}}
2025-08-15T22:13:28.828-0500	DEBUG	protocol/handler.go:1591	have processed broadcast	{"{round 20 3  <nil>}": {"Key":"from","Type":15,"Integer":0,"String":"a","Interface":null}}
2025-08-15T22:13:28.829-0500	DEBUG	protocol/handler.go:1591	have processed broadcast	{"{round 20 3  <nil>}": {"Key":"from","Type":15,"Integer":0,"String":"c","Interface":null}}
2025-08-15T22:13:28.833-0500	DEBUG	protocol/handler.go:1649	have all messages and processed	{"{round 20 3  <nil>}": {"Key":"self","Type":15,"Integer":0,"String":"b","Interface":null}}
2025-08-15T22:13:28.836-0500	DEBUG	protocol/handler.go:596	round already finalized
2025-08-15T22:13:28.836-0500	DEBUG	protocol/handler.go:581	tryAdvanceRound called	{"{current_round 20 3  <nil>}": {"Key":"self","Type":15,"Integer":0,"String":"c","Interface":null}}
2025-08-15T22:13:28.840-0500	DEBUG	protocol/handler.go:1591	have processed broadcast	{"{round 20 3  <nil>}": {"Key":"from","Type":15,"Integer":0,"String":"a","Interface":null}}
2025-08-15T22:13:28.840-0500	DEBUG	protocol/handler.go:1591	have processed broadcast	{"{round 20 3  <nil>}": {"Key":"from","Type":15,"Integer":0,"String":"b","Interface":null}}
2025-08-15T22:13:28.840-0500	DEBUG	protocol/handler.go:1649	have all messages and processed	{"{round 20 3  <nil>}": {"Key":"self","Type":15,"Integer":0,"String":"c","Interface":null}}
2025-08-15T22:13:28.840-0500	DEBUG	protocol/handler.go:596	round already finalized
2025-08-15T22:13:28.840-0500	DEBUG	protocol/handler.go:581	tryAdvanceRound called	{"{current_round 20 3  <nil>}": {"Key":"self","Type":15,"Integer":0,"String":"c","Interface":null}}
2025-08-15T22:13:28.840-0500	DEBUG	protocol/handler.go:1591	have processed broadcast	{"{round 20 3  <nil>}": {"Key":"from","Type":15,"Integer":0,"String":"a","Interface":null}}
2025-08-15T22:13:28.845-0500	DEBUG	protocol/handler.go:1591	have processed broadcast	{"{round 20 3  <nil>}": {"Key":"from","Type":15,"Integer":0,"String":"b","Interface":null}}
2025-08-15T22:13:28.845-0500	DEBUG	protocol/handler.go:1649	have all messages and processed	{"{round 20 3  <nil>}": {"Key":"self","Type":15,"Integer":0,"String":"c","Interface":null}}
2025-08-15T22:13:28.845-0500	DEBUG	protocol/handler.go:596	round already finalized
2025-08-15T22:13:28.846-0500	DEBUG	protocol/handler.go:581	tryAdvanceRound called	{"{current_round 20 3  <nil>}": {"Key":"self","Type":15,"Integer":0,"String":"a","Interface":null}}
2025-08-15T22:13:28.848-0500	DEBUG	protocol/handler.go:1591	have processed broadcast	{"{round 20 3  <nil>}": {"Key":"from","Type":15,"Integer":0,"String":"b","Interface":null}}
2025-08-15T22:13:28.848-0500	DEBUG	protocol/handler.go:1591	have processed broadcast	{"{round 20 3  <nil>}": {"Key":"from","Type":15,"Integer":0,"String":"c","Interface":null}}
2025-08-15T22:13:28.848-0500	DEBUG	protocol/handler.go:1649	have all messages and processed	{"{round 20 3  <nil>}": {"Key":"self","Type":15,"Integer":0,"String":"a","Interface":null}}
2025-08-15T22:13:28.849-0500	DEBUG	protocol/handler.go:596	round already finalized
2025-08-15T22:13:28.849-0500	DEBUG	protocol/handler.go:581	tryAdvanceRound called	{"{current_round 20 3  <nil>}": {"Key":"self","Type":15,"Integer":0,"String":"a","Interface":null}}
2025-08-15T22:13:28.854-0500	DEBUG	protocol/handler.go:1591	have processed broadcast	{"{round 20 3  <nil>}": {"Key":"from","Type":15,"Integer":0,"String":"b","Interface":null}}
2025-08-15T22:13:28.854-0500	DEBUG	protocol/handler.go:1591	have processed broadcast	{"{round 20 3  <nil>}": {"Key":"from","Type":15,"Integer":0,"String":"c","Interface":null}}
2025-08-15T22:13:28.857-0500	DEBUG	protocol/handler.go:1649	have all messages and processed	{"{round 20 3  <nil>}": {"Key":"self","Type":15,"Integer":0,"String":"a","Interface":null}}
2025-08-15T22:13:28.857-0500	DEBUG	protocol/handler.go:596	round already finalized
2025-08-15T22:13:28.867-0500	DEBUG	protocol/handler.go:581	tryAdvanceRound called	{"{current_round 20 3  <nil>}": {"Key":"self","Type":15,"Integer":0,"String":"b","Interface":null}}
2025-08-15T22:13:28.870-0500	DEBUG	protocol/handler.go:1591	have processed broadcast	{"{round 20 3  <nil>}": {"Key":"from","Type":15,"Integer":0,"String":"a","Interface":null}}
2025-08-15T22:13:28.870-0500	DEBUG	protocol/handler.go:1591	have processed broadcast	{"{round 20 3  <nil>}": {"Key":"from","Type":15,"Integer":0,"String":"c","Interface":null}}
2025-08-15T22:13:28.870-0500	DEBUG	protocol/handler.go:1649	have all messages and processed	{"{round 20 3  <nil>}": {"Key":"self","Type":15,"Integer":0,"String":"b","Interface":null}}
2025-08-15T22:13:28.870-0500	DEBUG	protocol/handler.go:596	round already finalized
2025-08-15T22:13:28.870-0500	DEBUG	protocol/handler.go:581	tryAdvanceRound called	{"{current_round 20 3  <nil>}": {"Key":"self","Type":15,"Integer":0,"String":"b","Interface":null}}
2025-08-15T22:13:28.871-0500	DEBUG	protocol/handler.go:1591	have processed broadcast	{"{round 20 3  <nil>}": {"Key":"from","Type":15,"Integer":0,"String":"a","Interface":null}}
2025-08-15T22:13:28.871-0500	DEBUG	protocol/handler.go:1591	have processed broadcast	{"{round 20 3  <nil>}": {"Key":"from","Type":15,"Integer":0,"String":"c","Interface":null}}
2025-08-15T22:13:28.871-0500	DEBUG	protocol/handler.go:1649	have all messages and processed	{"{round 20 3  <nil>}": {"Key":"self","Type":15,"Integer":0,"String":"b","Interface":null}}
2025-08-15T22:13:28.871-0500	DEBUG	protocol/handler.go:596	round already finalized
2025-08-15T22:13:28.871-0500	DEBUG	protocol/handler.go:581	tryAdvanceRound called	{"{current_round 20 3  <nil>}": {"Key":"self","Type":15,"Integer":0,"String":"b","Interface":null}}
2025-08-15T22:13:28.871-0500	DEBUG	protocol/handler.go:1591	have processed broadcast	{"{round 20 3  <nil>}": {"Key":"from","Type":15,"Integer":0,"String":"a","Interface":null}}
2025-08-15T22:13:28.871-0500	DEBUG	protocol/handler.go:1591	have processed broadcast	{"{round 20 3  <nil>}": {"Key":"from","Type":15,"Integer":0,"String":"c","Interface":null}}
2025-08-15T22:13:28.871-0500	DEBUG	protocol/handler.go:1649	have all messages and processed	{"{round 20 3  <nil>}": {"Key":"self","Type":15,"Integer":0,"String":"b","Interface":null}}
2025-08-15T22:13:28.871-0500	DEBUG	protocol/handler.go:596	round already finalized
2025-08-15T22:13:28.871-0500	DEBUG	protocol/handler.go:581	tryAdvanceRound called	{"{current_round 20 3  <nil>}": {"Key":"self","Type":15,"Integer":0,"String":"c","Interface":null}}
2025-08-15T22:13:28.871-0500	DEBUG	protocol/handler.go:1591	have processed broadcast	{"{round 20 3  <nil>}": {"Key":"from","Type":15,"Integer":0,"String":"a","Interface":null}}
2025-08-15T22:13:28.892-0500	DEBUG	protocol/handler.go:1591	have processed broadcast	{"{round 20 3  <nil>}": {"Key":"from","Type":15,"Integer":0,"String":"b","Interface":null}}
2025-08-15T22:13:28.892-0500	DEBUG	protocol/handler.go:1649	have all messages and processed	{"{round 20 3  <nil>}": {"Key":"self","Type":15,"Integer":0,"String":"c","Interface":null}}
2025-08-15T22:13:28.892-0500	DEBUG	protocol/handler.go:596	round already finalized
2025-08-15T22:13:28.892-0500	DEBUG	protocol/handler.go:581	tryAdvanceRound called	{"{current_round 20 3  <nil>}": {"Key":"self","Type":15,"Integer":0,"String":"c","Interface":null}}
2025-08-15T22:13:28.892-0500	DEBUG	protocol/handler.go:1591	have processed broadcast	{"{round 20 3  <nil>}": {"Key":"from","Type":15,"Integer":0,"String":"a","Interface":null}}
2025-08-15T22:13:28.892-0500	DEBUG	protocol/handler.go:1591	have processed broadcast	{"{round 20 3  <nil>}": {"Key":"from","Type":15,"Integer":0,"String":"b","Interface":null}}
2025-08-15T22:13:28.892-0500	DEBUG	protocol/handler.go:1649	have all messages and processed	{"{round 20 3  <nil>}": {"Key":"self","Type":15,"Integer":0,"String":"c","Interface":null}}
2025-08-15T22:13:28.892-0500	DEBUG	protocol/handler.go:596	round already finalized
2025-08-15T22:13:28.937-0500	DEBUG	protocol/handler.go:581	tryAdvanceRound called	{"{current_round 20 3  <nil>}": {"Key":"self","Type":15,"Integer":0,"String":"a","Interface":null}}
2025-08-15T22:13:28.938-0500	DEBUG	protocol/handler.go:1591	have processed broadcast	{"{round 20 3  <nil>}": {"Key":"from","Type":15,"Integer":0,"String":"b","Interface":null}}
2025-08-15T22:13:28.938-0500	DEBUG	protocol/handler.go:1591	have processed broadcast	{"{round 20 3  <nil>}": {"Key":"from","Type":15,"Integer":0,"String":"c","Interface":null}}
2025-08-15T22:13:28.938-0500	DEBUG	protocol/handler.go:1649	have all messages and processed	{"{round 20 3  <nil>}": {"Key":"self","Type":15,"Integer":0,"String":"a","Interface":null}}
2025-08-15T22:13:28.938-0500	DEBUG	protocol/handler.go:596	round already finalized
2025-08-15T22:13:28.938-0500	DEBUG	protocol/handler.go:581	tryAdvanceRound called	{"{current_round 20 3  <nil>}": {"Key":"self","Type":15,"Integer":0,"String":"a","Interface":null}}
2025-08-15T22:13:28.938-0500	DEBUG	protocol/handler.go:1591	have processed broadcast	{"{round 20 3  <nil>}": {"Key":"from","Type":15,"Integer":0,"String":"b","Interface":null}}
2025-08-15T22:13:28.938-0500	DEBUG	protocol/handler.go:1591	have processed broadcast	{"{round 20 3  <nil>}": {"Key":"from","Type":15,"Integer":0,"String":"c","Interface":null}}
2025-08-15T22:13:28.938-0500	DEBUG	protocol/handler.go:1649	have all messages and processed	{"{round 20 3  <nil>}": {"Key":"self","Type":15,"Integer":0,"String":"a","Interface":null}}
2025-08-15T22:13:28.938-0500	DEBUG	protocol/handler.go:596	round already finalized
2025-08-15T22:13:28.938-0500	DEBUG	protocol/handler.go:581	tryAdvanceRound called	{"{current_round 20 3  <nil>}": {"Key":"self","Type":15,"Integer":0,"String":"b","Interface":null}}
2025-08-15T22:13:28.938-0500	DEBUG	protocol/handler.go:1591	have processed broadcast	{"{round 20 3  <nil>}": {"Key":"from","Type":15,"Integer":0,"String":"a","Interface":null}}
2025-08-15T22:13:28.938-0500	DEBUG	protocol/handler.go:1591	have processed broadcast	{"{round 20 3  <nil>}": {"Key":"from","Type":15,"Integer":0,"String":"c","Interface":null}}
2025-08-15T22:13:28.938-0500	DEBUG	protocol/handler.go:1649	have all messages and processed	{"{round 20 3  <nil>}": {"Key":"self","Type":15,"Integer":0,"String":"b","Interface":null}}
2025-08-15T22:13:28.938-0500	DEBUG	protocol/handler.go:596	round already finalized
2025-08-15T22:13:28.938-0500	DEBUG	protocol/handler.go:581	tryAdvanceRound called	{"{current_round 20 3  <nil>}": {"Key":"self","Type":15,"Integer":0,"String":"b","Interface":null}}
2025-08-15T22:13:28.938-0500	DEBUG	protocol/handler.go:1591	have processed broadcast	{"{round 20 3  <nil>}": {"Key":"from","Type":15,"Integer":0,"String":"a","Interface":null}}
2025-08-15T22:13:28.938-0500	DEBUG	protocol/handler.go:1591	have processed broadcast	{"{round 20 3  <nil>}": {"Key":"from","Type":15,"Integer":0,"String":"c","Interface":null}}
2025-08-15T22:13:28.938-0500	DEBUG	protocol/handler.go:1649	have all messages and processed	{"{round 20 3  <nil>}": {"Key":"self","Type":15,"Integer":0,"String":"b","Interface":null}}
2025-08-15T22:13:28.938-0500	DEBUG	protocol/handler.go:596	round already finalized
2025-08-15T22:13:28.938-0500	DEBUG	protocol/handler.go:581	tryAdvanceRound called	{"{current_round 20 3  <nil>}": {"Key":"self","Type":15,"Integer":0,"String":"c","Interface":null}}
2025-08-15T22:13:28.938-0500	DEBUG	protocol/handler.go:1591	have processed broadcast	{"{round 20 3  <nil>}": {"Key":"from","Type":15,"Integer":0,"String":"a","Interface":null}}
2025-08-15T22:13:28.939-0500	DEBUG	protocol/handler.go:1591	have processed broadcast	{"{round 20 3  <nil>}": {"Key":"from","Type":15,"Integer":0,"String":"b","Interface":null}}
2025-08-15T22:13:28.939-0500	DEBUG	protocol/handler.go:1649	have all messages and processed	{"{round 20 3  <nil>}": {"Key":"self","Type":15,"Integer":0,"String":"c","Interface":null}}
2025-08-15T22:13:28.939-0500	DEBUG	protocol/handler.go:596	round already finalized
2025-08-15T22:13:28.939-0500	DEBUG	protocol/handler.go:581	tryAdvanceRound called	{"{current_round 20 3  <nil>}": {"Key":"self","Type":15,"Integer":0,"String":"c","Interface":null}}
2025-08-15T22:13:28.939-0500	DEBUG	protocol/handler.go:1591	have processed broadcast	{"{round 20 3  <nil>}": {"Key":"from","Type":15,"Integer":0,"String":"a","Interface":null}}
2025-08-15T22:13:28.939-0500	DEBUG	protocol/handler.go:1591	have processed broadcast	{"{round 20 3  <nil>}": {"Key":"from","Type":15,"Integer":0,"String":"b","Interface":null}}
2025-08-15T22:13:28.939-0500	DEBUG	protocol/handler.go:1649	have all messages and processed	{"{round 20 3  <nil>}": {"Key":"self","Type":15,"Integer":0,"String":"c","Interface":null}}
2025-08-15T22:13:28.939-0500	DEBUG	protocol/handler.go:596	round already finalized
2025-08-15T22:13:28.960-0500	DEBUG	protocol/handler.go:581	tryAdvanceRound called	{"{current_round 20 3  <nil>}": {"Key":"self","Type":15,"Integer":0,"String":"a","Interface":null}}
2025-08-15T22:13:28.960-0500	DEBUG	protocol/handler.go:1591	have processed broadcast	{"{round 20 3  <nil>}": {"Key":"from","Type":15,"Integer":0,"String":"b","Interface":null}}
2025-08-15T22:13:28.960-0500	DEBUG	protocol/handler.go:1591	have processed broadcast	{"{round 20 3  <nil>}": {"Key":"from","Type":15,"Integer":0,"String":"c","Interface":null}}
2025-08-15T22:13:28.960-0500	DEBUG	protocol/handler.go:1649	have all messages and processed	{"{round 20 3  <nil>}": {"Key":"self","Type":15,"Integer":0,"String":"a","Interface":null}}
2025-08-15T22:13:28.960-0500	DEBUG	protocol/handler.go:596	round already finalized
2025-08-15T22:13:28.985-0500	DEBUG	protocol/handler.go:581	tryAdvanceRound called	{"{current_round 20 3  <nil>}": {"Key":"self","Type":15,"Integer":0,"String":"a","Interface":null}}
2025-08-15T22:13:28.985-0500	DEBUG	protocol/handler.go:1591	have processed broadcast	{"{round 20 3  <nil>}": {"Key":"from","Type":15,"Integer":0,"String":"b","Interface":null}}
2025-08-15T22:13:28.985-0500	DEBUG	protocol/handler.go:1591	have processed broadcast	{"{round 20 3  <nil>}": {"Key":"from","Type":15,"Integer":0,"String":"c","Interface":null}}
2025-08-15T22:13:28.985-0500	DEBUG	protocol/handler.go:1649	have all messages and processed	{"{round 20 3  <nil>}": {"Key":"self","Type":15,"Integer":0,"String":"a","Interface":null}}
2025-08-15T22:13:28.985-0500	DEBUG	protocol/handler.go:596	round already finalized
2025-08-15T22:13:28.985-0500	DEBUG	protocol/handler.go:581	tryAdvanceRound called	{"{current_round 20 3  <nil>}": {"Key":"self","Type":15,"Integer":0,"String":"b","Interface":null}}
2025-08-15T22:13:28.985-0500	DEBUG	protocol/handler.go:1591	have processed broadcast	{"{round 20 3  <nil>}": {"Key":"from","Type":15,"Integer":0,"String":"a","Interface":null}}
2025-08-15T22:13:28.985-0500	DEBUG	protocol/handler.go:1591	have processed broadcast	{"{round 20 3  <nil>}": {"Key":"from","Type":15,"Integer":0,"String":"c","Interface":null}}
2025-08-15T22:13:28.985-0500	DEBUG	protocol/handler.go:1649	have all messages and processed	{"{round 20 3  <nil>}": {"Key":"self","Type":15,"Integer":0,"String":"b","Interface":null}}
2025-08-15T22:13:28.985-0500	DEBUG	protocol/handler.go:596	round already finalized
2025-08-15T22:13:28.985-0500	DEBUG	protocol/handler.go:581	tryAdvanceRound called	{"{current_round 20 3  <nil>}": {"Key":"self","Type":15,"Integer":0,"String":"b","Interface":null}}
2025-08-15T22:13:28.985-0500	DEBUG	protocol/handler.go:1591	have processed broadcast	{"{round 20 3  <nil>}": {"Key":"from","Type":15,"Integer":0,"String":"a","Interface":null}}
2025-08-15T22:13:28.985-0500	DEBUG	protocol/handler.go:1591	have processed broadcast	{"{round 20 3  <nil>}": {"Key":"from","Type":15,"Integer":0,"String":"c","Interface":null}}
2025-08-15T22:13:28.991-0500	DEBUG	protocol/handler.go:1649	have all messages and processed	{"{round 20 3  <nil>}": {"Key":"self","Type":15,"Integer":0,"String":"b","Interface":null}}
2025-08-15T22:13:28.991-0500	DEBUG	protocol/handler.go:596	round already finalized
2025-08-15T22:13:28.991-0500	DEBUG	protocol/handler.go:581	tryAdvanceRound called	{"{current_round 20 3  <nil>}": {"Key":"self","Type":15,"Integer":0,"String":"a","Interface":null}}
2025-08-15T22:13:28.991-0500	DEBUG	protocol/handler.go:1591	have processed broadcast	{"{round 20 3  <nil>}": {"Key":"from","Type":15,"Integer":0,"String":"b","Interface":null}}
2025-08-15T22:13:28.991-0500	DEBUG	protocol/handler.go:1591	have processed broadcast	{"{round 20 3  <nil>}": {"Key":"from","Type":15,"Integer":0,"String":"c","Interface":null}}
2025-08-15T22:13:28.991-0500	DEBUG	protocol/handler.go:1649	have all messages and processed	{"{round 20 3  <nil>}": {"Key":"self","Type":15,"Integer":0,"String":"a","Interface":null}}
2025-08-15T22:13:28.991-0500	DEBUG	protocol/handler.go:596	round already finalized
2025-08-15T22:13:28.991-0500	DEBUG	protocol/handler.go:581	tryAdvanceRound called	{"{current_round 20 3  <nil>}": {"Key":"self","Type":15,"Integer":0,"String":"c","Interface":null}}
2025-08-15T22:13:28.992-0500	DEBUG	protocol/handler.go:1591	have processed broadcast	{"{round 20 3  <nil>}": {"Key":"from","Type":15,"Integer":0,"String":"a","Interface":null}}
2025-08-15T22:13:28.992-0500	DEBUG	protocol/handler.go:1591	have processed broadcast	{"{round 20 3  <nil>}": {"Key":"from","Type":15,"Integer":0,"String":"b","Interface":null}}
2025-08-15T22:13:28.992-0500	DEBUG	protocol/handler.go:1649	have all messages and processed	{"{round 20 3  <nil>}": {"Key":"self","Type":15,"Integer":0,"String":"c","Interface":null}}
2025-08-15T22:13:28.992-0500	DEBUG	protocol/handler.go:596	round already finalized
2025-08-15T22:13:28.992-0500	DEBUG	protocol/handler.go:581	tryAdvanceRound called	{"{current_round 20 3  <nil>}": {"Key":"self","Type":15,"Integer":0,"String":"c","Interface":null}}
2025-08-15T22:13:28.992-0500	DEBUG	protocol/handler.go:1591	have processed broadcast	{"{round 20 3  <nil>}": {"Key":"from","Type":15,"Integer":0,"String":"a","Interface":null}}
2025-08-15T22:13:28.992-0500	DEBUG	protocol/handler.go:1591	have processed broadcast	{"{round 20 3  <nil>}": {"Key":"from","Type":15,"Integer":0,"String":"b","Interface":null}}
2025-08-15T22:13:28.992-0500	DEBUG	protocol/handler.go:1649	have all messages and processed	{"{round 20 3  <nil>}": {"Key":"self","Type":15,"Integer":0,"String":"c","Interface":null}}
2025-08-15T22:13:28.992-0500	DEBUG	protocol/handler.go:596	round already finalized
2025-08-15T22:13:28.992-0500	DEBUG	protocol/handler.go:581	tryAdvanceRound called	{"{current_round 20 3  <nil>}": {"Key":"self","Type":15,"Integer":0,"String":"b","Interface":null}}
2025-08-15T22:13:28.992-0500	DEBUG	protocol/handler.go:1591	have processed broadcast	{"{round 20 3  <nil>}": {"Key":"from","Type":15,"Integer":0,"String":"a","Interface":null}}
2025-08-15T22:13:28.992-0500	DEBUG	protocol/handler.go:1591	have processed broadcast	{"{round 20 3  <nil>}": {"Key":"from","Type":15,"Integer":0,"String":"c","Interface":null}}
2025-08-15T22:13:28.992-0500	DEBUG	protocol/handler.go:1649	have all messages and processed	{"{round 20 3  <nil>}": {"Key":"self","Type":15,"Integer":0,"String":"b","Interface":null}}
2025-08-15T22:13:28.992-0500	DEBUG	protocol/handler.go:596	round already finalized
2025-08-15T22:13:29.030-0500	DEBUG	protocol/handler.go:581	tryAdvanceRound called	{"{current_round 20 3  <nil>}": {"Key":"self","Type":15,"Integer":0,"String":"a","Interface":null}}
2025-08-15T22:13:29.032-0500	DEBUG	protocol/handler.go:1591	have processed broadcast	{"{round 20 3  <nil>}": {"Key":"from","Type":15,"Integer":0,"String":"b","Interface":null}}
2025-08-15T22:13:29.032-0500	DEBUG	protocol/handler.go:1591	have processed broadcast	{"{round 20 3  <nil>}": {"Key":"from","Type":15,"Integer":0,"String":"c","Interface":null}}
2025-08-15T22:13:29.032-0500	DEBUG	protocol/handler.go:1649	have all messages and processed	{"{round 20 3  <nil>}": {"Key":"self","Type":15,"Integer":0,"String":"a","Interface":null}}
2025-08-15T22:13:29.032-0500	DEBUG	protocol/handler.go:596	round already finalized
2025-08-15T22:13:29.032-0500	DEBUG	protocol/handler.go:581	tryAdvanceRound called	{"{current_round 20 3  <nil>}": {"Key":"self","Type":15,"Integer":0,"String":"a","Interface":null}}
2025-08-15T22:13:29.032-0500	DEBUG	protocol/handler.go:1591	have processed broadcast	{"{round 20 3  <nil>}": {"Key":"from","Type":15,"Integer":0,"String":"b","Interface":null}}
2025-08-15T22:13:29.032-0500	DEBUG	protocol/handler.go:1591	have processed broadcast	{"{round 20 3  <nil>}": {"Key":"from","Type":15,"Integer":0,"String":"c","Interface":null}}
2025-08-15T22:13:29.032-0500	DEBUG	protocol/handler.go:1649	have all messages and processed	{"{round 20 3  <nil>}": {"Key":"self","Type":15,"Integer":0,"String":"a","Interface":null}}
2025-08-15T22:13:29.032-0500	DEBUG	protocol/handler.go:596	round already finalized
2025-08-15T22:13:29.032-0500	DEBUG	protocol/handler.go:581	tryAdvanceRound called	{"{current_round 20 3  <nil>}": {"Key":"self","Type":15,"Integer":0,"String":"b","Interface":null}}
2025-08-15T22:13:29.032-0500	DEBUG	protocol/handler.go:1591	have processed broadcast	{"{round 20 3  <nil>}": {"Key":"from","Type":15,"Integer":0,"String":"a","Interface":null}}
2025-08-15T22:13:29.032-0500	DEBUG	protocol/handler.go:1591	have processed broadcast	{"{round 20 3  <nil>}": {"Key":"from","Type":15,"Integer":0,"String":"c","Interface":null}}
2025-08-15T22:13:29.032-0500	DEBUG	protocol/handler.go:1649	have all messages and processed	{"{round 20 3  <nil>}": {"Key":"self","Type":15,"Integer":0,"String":"b","Interface":null}}
2025-08-15T22:13:29.032-0500	DEBUG	protocol/handler.go:596	round already finalized
2025-08-15T22:13:29.032-0500	DEBUG	protocol/handler.go:581	tryAdvanceRound called	{"{current_round 20 3  <nil>}": {"Key":"self","Type":15,"Integer":0,"String":"b","Interface":null}}
2025-08-15T22:13:29.032-0500	DEBUG	protocol/handler.go:1591	have processed broadcast	{"{round 20 3  <nil>}": {"Key":"from","Type":15,"Integer":0,"String":"a","Interface":null}}
2025-08-15T22:13:29.032-0500	DEBUG	protocol/handler.go:1591	have processed broadcast	{"{round 20 3  <nil>}": {"Key":"from","Type":15,"Integer":0,"String":"c","Interface":null}}
2025-08-15T22:13:29.032-0500	DEBUG	protocol/handler.go:1649	have all messages and processed	{"{round 20 3  <nil>}": {"Key":"self","Type":15,"Integer":0,"String":"b","Interface":null}}
2025-08-15T22:13:29.032-0500	DEBUG	protocol/handler.go:596	round already finalized
2025-08-15T22:13:29.032-0500	DEBUG	protocol/handler.go:581	tryAdvanceRound called	{"{current_round 20 3  <nil>}": {"Key":"self","Type":15,"Integer":0,"String":"c","Interface":null}}
2025-08-15T22:13:29.033-0500	DEBUG	protocol/handler.go:1591	have processed broadcast	{"{round 20 3  <nil>}": {"Key":"from","Type":15,"Integer":0,"String":"a","Interface":null}}
2025-08-15T22:13:29.033-0500	DEBUG	protocol/handler.go:1591	have processed broadcast	{"{round 20 3  <nil>}": {"Key":"from","Type":15,"Integer":0,"String":"b","Interface":null}}
2025-08-15T22:13:29.033-0500	DEBUG	protocol/handler.go:1649	have all messages and processed	{"{round 20 3  <nil>}": {"Key":"self","Type":15,"Integer":0,"String":"c","Interface":null}}
2025-08-15T22:13:29.033-0500	DEBUG	protocol/handler.go:596	round already finalized
2025-08-15T22:13:29.033-0500	DEBUG	protocol/handler.go:581	tryAdvanceRound called	{"{current_round 20 3  <nil>}": {"Key":"self","Type":15,"Integer":0,"String":"c","Interface":null}}
2025-08-15T22:13:29.033-0500	DEBUG	protocol/handler.go:1591	have processed broadcast	{"{round 20 3  <nil>}": {"Key":"from","Type":15,"Integer":0,"String":"a","Interface":null}}
2025-08-15T22:13:29.033-0500	DEBUG	protocol/handler.go:1591	have processed broadcast	{"{round 20 3  <nil>}": {"Key":"from","Type":15,"Integer":0,"String":"b","Interface":null}}
2025-08-15T22:13:29.033-0500	DEBUG	protocol/handler.go:1649	have all messages and processed	{"{round 20 3  <nil>}": {"Key":"self","Type":15,"Integer":0,"String":"c","Interface":null}}
2025-08-15T22:13:29.033-0500	DEBUG	protocol/handler.go:596	round already finalized
2025-08-15T22:13:29.083-0500	DEBUG	protocol/handler.go:581	tryAdvanceRound called	{"{current_round 20 3  <nil>}": {"Key":"self","Type":15,"Integer":0,"String":"a","Interface":null}}
2025-08-15T22:13:29.083-0500	DEBUG	protocol/handler.go:1591	have processed broadcast	{"{round 20 3  <nil>}": {"Key":"from","Type":15,"Integer":0,"String":"b","Interface":null}}
2025-08-15T22:13:29.083-0500	DEBUG	protocol/handler.go:1591	have processed broadcast	{"{round 20 3  <nil>}": {"Key":"from","Type":15,"Integer":0,"String":"c","Interface":null}}
2025-08-15T22:13:29.083-0500	DEBUG	protocol/handler.go:1649	have all messages and processed	{"{round 20 3  <nil>}": {"Key":"self","Type":15,"Integer":0,"String":"a","Interface":null}}
2025-08-15T22:13:29.083-0500	DEBUG	protocol/handler.go:596	round already finalized
2025-08-15T22:13:29.083-0500	DEBUG	protocol/handler.go:581	tryAdvanceRound called	{"{current_round 20 3  <nil>}": {"Key":"self","Type":15,"Integer":0,"String":"a","Interface":null}}
2025-08-15T22:13:29.083-0500	DEBUG	protocol/handler.go:1591	have processed broadcast	{"{round 20 3  <nil>}": {"Key":"from","Type":15,"Integer":0,"String":"b","Interface":null}}
2025-08-15T22:13:29.083-0500	DEBUG	protocol/handler.go:1591	have processed broadcast	{"{round 20 3  <nil>}": {"Key":"from","Type":15,"Integer":0,"String":"c","Interface":null}}
2025-08-15T22:13:29.092-0500	DEBUG	protocol/handler.go:1649	have all messages and processed	{"{round 20 3  <nil>}": {"Key":"self","Type":15,"Integer":0,"String":"a","Interface":null}}
2025-08-15T22:13:29.094-0500	DEBUG	protocol/handler.go:596	round already finalized
2025-08-15T22:13:29.094-0500	DEBUG	protocol/handler.go:581	tryAdvanceRound called	{"{current_round 20 3  <nil>}": {"Key":"self","Type":15,"Integer":0,"String":"c","Interface":null}}
2025-08-15T22:13:29.096-0500	DEBUG	protocol/handler.go:1591	have processed broadcast	{"{round 20 3  <nil>}": {"Key":"from","Type":15,"Integer":0,"String":"a","Interface":null}}
2025-08-15T22:13:29.097-0500	DEBUG	protocol/handler.go:1591	have processed broadcast	{"{round 20 3  <nil>}": {"Key":"from","Type":15,"Integer":0,"String":"b","Interface":null}}
2025-08-15T22:13:29.097-0500	DEBUG	protocol/handler.go:1649	have all messages and processed	{"{round 20 3  <nil>}": {"Key":"self","Type":15,"Integer":0,"String":"c","Interface":null}}
2025-08-15T22:13:29.097-0500	DEBUG	protocol/handler.go:596	round already finalized
2025-08-15T22:13:29.100-0500	DEBUG	protocol/handler.go:581	tryAdvanceRound called	{"{current_round 20 3  <nil>}": {"Key":"self","Type":15,"Integer":0,"String":"c","Interface":null}}
2025-08-15T22:13:29.100-0500	DEBUG	protocol/handler.go:1591	have processed broadcast	{"{round 20 3  <nil>}": {"Key":"from","Type":15,"Integer":0,"String":"a","Interface":null}}
2025-08-15T22:13:29.105-0500	DEBUG	protocol/handler.go:1591	have processed broadcast	{"{round 20 3  <nil>}": {"Key":"from","Type":15,"Integer":0,"String":"b","Interface":null}}
2025-08-15T22:13:29.105-0500	DEBUG	protocol/handler.go:1649	have all messages and processed	{"{round 20 3  <nil>}": {"Key":"self","Type":15,"Integer":0,"String":"c","Interface":null}}
2025-08-15T22:13:29.105-0500	DEBUG	protocol/handler.go:596	round already finalized
2025-08-15T22:13:29.105-0500	DEBUG	protocol/handler.go:581	tryAdvanceRound called	{"{current_round 20 3  <nil>}": {"Key":"self","Type":15,"Integer":0,"String":"b","Interface":null}}
2025-08-15T22:13:29.105-0500	DEBUG	protocol/handler.go:1591	have processed broadcast	{"{round 20 3  <nil>}": {"Key":"from","Type":15,"Integer":0,"String":"a","Interface":null}}
2025-08-15T22:13:29.105-0500	DEBUG	protocol/handler.go:1591	have processed broadcast	{"{round 20 3  <nil>}": {"Key":"from","Type":15,"Integer":0,"String":"c","Interface":null}}
2025-08-15T22:13:29.105-0500	DEBUG	protocol/handler.go:1649	have all messages and processed	{"{round 20 3  <nil>}": {"Key":"self","Type":15,"Integer":0,"String":"b","Interface":null}}
2025-08-15T22:13:29.105-0500	DEBUG	protocol/handler.go:596	round already finalized
2025-08-15T22:13:29.105-0500	DEBUG	protocol/handler.go:581	tryAdvanceRound called	{"{current_round 20 3  <nil>}": {"Key":"self","Type":15,"Integer":0,"String":"b","Interface":null}}
2025-08-15T22:13:29.105-0500	DEBUG	protocol/handler.go:1591	have processed broadcast	{"{round 20 3  <nil>}": {"Key":"from","Type":15,"Integer":0,"String":"a","Interface":null}}
2025-08-15T22:13:29.105-0500	DEBUG	protocol/handler.go:1591	have processed broadcast	{"{round 20 3  <nil>}": {"Key":"from","Type":15,"Integer":0,"String":"c","Interface":null}}
2025-08-15T22:13:29.105-0500	DEBUG	protocol/handler.go:1649	have all messages and processed	{"{round 20 3  <nil>}": {"Key":"self","Type":15,"Integer":0,"String":"b","Interface":null}}
2025-08-15T22:13:29.105-0500	DEBUG	protocol/handler.go:596	round already finalized
2025-08-15T22:13:29.105-0500	DEBUG	protocol/handler.go:581	tryAdvanceRound called	{"{current_round 20 3  <nil>}": {"Key":"self","Type":15,"Integer":0,"String":"a","Interface":null}}
2025-08-15T22:13:29.105-0500	DEBUG	protocol/handler.go:1591	have processed broadcast	{"{round 20 3  <nil>}": {"Key":"from","Type":15,"Integer":0,"String":"b","Interface":null}}
2025-08-15T22:13:29.106-0500	DEBUG	protocol/handler.go:1591	have processed broadcast	{"{round 20 3  <nil>}": {"Key":"from","Type":15,"Integer":0,"String":"c","Interface":null}}
2025-08-15T22:13:29.106-0500	DEBUG	protocol/handler.go:1649	have all messages and processed	{"{round 20 3  <nil>}": {"Key":"self","Type":15,"Integer":0,"String":"a","Interface":null}}
2025-08-15T22:13:29.106-0500	DEBUG	protocol/handler.go:596	round already finalized
2025-08-15T22:13:29.106-0500	DEBUG	protocol/handler.go:581	tryAdvanceRound called	{"{current_round 20 3  <nil>}": {"Key":"self","Type":15,"Integer":0,"String":"a","Interface":null}}
2025-08-15T22:13:29.106-0500	DEBUG	protocol/handler.go:1591	have processed broadcast	{"{round 20 3  <nil>}": {"Key":"from","Type":15,"Integer":0,"String":"b","Interface":null}}
2025-08-15T22:13:29.106-0500	DEBUG	protocol/handler.go:1591	have processed broadcast	{"{round 20 3  <nil>}": {"Key":"from","Type":15,"Integer":0,"String":"c","Interface":null}}
2025-08-15T22:13:29.106-0500	DEBUG	protocol/handler.go:1649	have all messages and processed	{"{round 20 3  <nil>}": {"Key":"self","Type":15,"Integer":0,"String":"a","Interface":null}}
2025-08-15T22:13:29.106-0500	DEBUG	protocol/handler.go:596	round already finalized
2025-08-15T22:13:29.106-0500	DEBUG	protocol/handler.go:581	tryAdvanceRound called	{"{current_round 20 3  <nil>}": {"Key":"self","Type":15,"Integer":0,"String":"c","Interface":null}}
2025-08-15T22:13:29.106-0500	DEBUG	protocol/handler.go:1591	have processed broadcast	{"{round 20 3  <nil>}": {"Key":"from","Type":15,"Integer":0,"String":"a","Interface":null}}
2025-08-15T22:13:29.106-0500	DEBUG	protocol/handler.go:1591	have processed broadcast	{"{round 20 3  <nil>}": {"Key":"from","Type":15,"Integer":0,"String":"b","Interface":null}}
2025-08-15T22:13:29.106-0500	DEBUG	protocol/handler.go:1649	have all messages and processed	{"{round 20 3  <nil>}": {"Key":"self","Type":15,"Integer":0,"String":"c","Interface":null}}
2025-08-15T22:13:29.106-0500	DEBUG	protocol/handler.go:596	round already finalized
2025-08-15T22:13:29.156-0500	DEBUG	protocol/handler.go:581	tryAdvanceRound called	{"{current_round 20 3  <nil>}": {"Key":"self","Type":15,"Integer":0,"String":"a","Interface":null}}
2025-08-15T22:13:29.156-0500	DEBUG	protocol/handler.go:1591	have processed broadcast	{"{round 20 3  <nil>}": {"Key":"from","Type":15,"Integer":0,"String":"b","Interface":null}}
2025-08-15T22:13:29.156-0500	DEBUG	protocol/handler.go:1591	have processed broadcast	{"{round 20 3  <nil>}": {"Key":"from","Type":15,"Integer":0,"String":"c","Interface":null}}
2025-08-15T22:13:29.156-0500	DEBUG	protocol/handler.go:1649	have all messages and processed	{"{round 20 3  <nil>}": {"Key":"self","Type":15,"Integer":0,"String":"a","Interface":null}}
2025-08-15T22:13:29.156-0500	DEBUG	protocol/handler.go:596	round already finalized
2025-08-15T22:13:29.156-0500	DEBUG	protocol/handler.go:581	tryAdvanceRound called	{"{current_round 20 3  <nil>}": {"Key":"self","Type":15,"Integer":0,"String":"a","Interface":null}}
2025-08-15T22:13:29.159-0500	DEBUG	protocol/handler.go:1591	have processed broadcast	{"{round 20 3  <nil>}": {"Key":"from","Type":15,"Integer":0,"String":"b","Interface":null}}
2025-08-15T22:13:29.159-0500	DEBUG	protocol/handler.go:1591	have processed broadcast	{"{round 20 3  <nil>}": {"Key":"from","Type":15,"Integer":0,"String":"c","Interface":null}}
2025-08-15T22:13:29.159-0500	DEBUG	protocol/handler.go:1649	have all messages and processed	{"{round 20 3  <nil>}": {"Key":"self","Type":15,"Integer":0,"String":"a","Interface":null}}
2025-08-15T22:13:29.159-0500	DEBUG	protocol/handler.go:596	round already finalized
2025-08-15T22:13:29.159-0500	DEBUG	protocol/handler.go:581	tryAdvanceRound called	{"{current_round 20 3  <nil>}": {"Key":"self","Type":15,"Integer":0,"String":"b","Interface":null}}
2025-08-15T22:13:29.159-0500	DEBUG	protocol/handler.go:1591	have processed broadcast	{"{round 20 3  <nil>}": {"Key":"from","Type":15,"Integer":0,"String":"a","Interface":null}}
2025-08-15T22:13:29.159-0500	DEBUG	protocol/handler.go:1591	have processed broadcast	{"{round 20 3  <nil>}": {"Key":"from","Type":15,"Integer":0,"String":"c","Interface":null}}
2025-08-15T22:13:29.159-0500	DEBUG	protocol/handler.go:1649	have all messages and processed	{"{round 20 3  <nil>}": {"Key":"self","Type":15,"Integer":0,"String":"b","Interface":null}}
2025-08-15T22:13:29.159-0500	DEBUG	protocol/handler.go:596	round already finalized
2025-08-15T22:13:29.159-0500	DEBUG	protocol/handler.go:581	tryAdvanceRound called	{"{current_round 20 3  <nil>}": {"Key":"self","Type":15,"Integer":0,"String":"b","Interface":null}}
2025-08-15T22:13:29.159-0500	DEBUG	protocol/handler.go:1591	have processed broadcast	{"{round 20 3  <nil>}": {"Key":"from","Type":15,"Integer":0,"String":"a","Interface":null}}
2025-08-15T22:13:29.159-0500	DEBUG	protocol/handler.go:1591	have processed broadcast	{"{round 20 3  <nil>}": {"Key":"from","Type":15,"Integer":0,"String":"c","Interface":null}}
2025-08-15T22:13:29.159-0500	DEBUG	protocol/handler.go:1649	have all messages and processed	{"{round 20 3  <nil>}": {"Key":"self","Type":15,"Integer":0,"String":"b","Interface":null}}
2025-08-15T22:13:29.159-0500	DEBUG	protocol/handler.go:596	round already finalized
2025-08-15T22:13:29.159-0500	DEBUG	protocol/handler.go:581	tryAdvanceRound called	{"{current_round 20 3  <nil>}": {"Key":"self","Type":15,"Integer":0,"String":"c","Interface":null}}
2025-08-15T22:13:29.159-0500	DEBUG	protocol/handler.go:1591	have processed broadcast	{"{round 20 3  <nil>}": {"Key":"from","Type":15,"Integer":0,"String":"a","Interface":null}}
2025-08-15T22:13:29.159-0500	DEBUG	protocol/handler.go:1591	have processed broadcast	{"{round 20 3  <nil>}": {"Key":"from","Type":15,"Integer":0,"String":"b","Interface":null}}
2025-08-15T22:13:29.159-0500	DEBUG	protocol/handler.go:1649	have all messages and processed	{"{round 20 3  <nil>}": {"Key":"self","Type":15,"Integer":0,"String":"c","Interface":null}}
2025-08-15T22:13:29.160-0500	DEBUG	protocol/handler.go:596	round already finalized
2025-08-15T22:13:29.160-0500	DEBUG	protocol/handler.go:581	tryAdvanceRound called	{"{current_round 20 3  <nil>}": {"Key":"self","Type":15,"Integer":0,"String":"c","Interface":null}}
2025-08-15T22:13:29.160-0500	DEBUG	protocol/handler.go:1591	have processed broadcast	{"{round 20 3  <nil>}": {"Key":"from","Type":15,"Integer":0,"String":"a","Interface":null}}
2025-08-15T22:13:29.160-0500	DEBUG	protocol/handler.go:1591	have processed broadcast	{"{round 20 3  <nil>}": {"Key":"from","Type":15,"Integer":0,"String":"b","Interface":null}}
2025-08-15T22:13:29.160-0500	DEBUG	protocol/handler.go:1649	have all messages and processed	{"{round 20 3  <nil>}": {"Key":"self","Type":15,"Integer":0,"String":"c","Interface":null}}
2025-08-15T22:13:29.160-0500	DEBUG	protocol/handler.go:596	round already finalized
2025-08-15T22:13:29.160-0500	DEBUG	protocol/handler.go:581	tryAdvanceRound called	{"{current_round 20 3  <nil>}": {"Key":"self","Type":15,"Integer":0,"String":"a","Interface":null}}
2025-08-15T22:13:29.160-0500	DEBUG	protocol/handler.go:1591	have processed broadcast	{"{round 20 3  <nil>}": {"Key":"from","Type":15,"Integer":0,"String":"b","Interface":null}}
2025-08-15T22:13:29.160-0500	DEBUG	protocol/handler.go:1591	have processed broadcast	{"{round 20 3  <nil>}": {"Key":"from","Type":15,"Integer":0,"String":"c","Interface":null}}
2025-08-15T22:13:29.160-0500	DEBUG	protocol/handler.go:1649	have all messages and processed	{"{round 20 3  <nil>}": {"Key":"self","Type":15,"Integer":0,"String":"a","Interface":null}}
2025-08-15T22:13:29.160-0500	DEBUG	protocol/handler.go:596	round already finalized
2025-08-15T22:13:29.195-0500	DEBUG	protocol/handler.go:581	tryAdvanceRound called	{"{current_round 20 3  <nil>}": {"Key":"self","Type":15,"Integer":0,"String":"c","Interface":null}}
2025-08-15T22:13:29.195-0500	DEBUG	protocol/handler.go:1591	have processed broadcast	{"{round 20 3  <nil>}": {"Key":"from","Type":15,"Integer":0,"String":"a","Interface":null}}
2025-08-15T22:13:29.195-0500	DEBUG	protocol/handler.go:1591	have processed broadcast	{"{round 20 3  <nil>}": {"Key":"from","Type":15,"Integer":0,"String":"b","Interface":null}}
2025-08-15T22:13:29.195-0500	DEBUG	protocol/handler.go:1649	have all messages and processed	{"{round 20 3  <nil>}": {"Key":"self","Type":15,"Integer":0,"String":"c","Interface":null}}
2025-08-15T22:13:29.195-0500	DEBUG	protocol/handler.go:596	round already finalized
2025-08-15T22:13:29.195-0500	DEBUG	protocol/handler.go:581	tryAdvanceRound called	{"{current_round 20 3  <nil>}": {"Key":"self","Type":15,"Integer":0,"String":"c","Interface":null}}
2025-08-15T22:13:29.195-0500	DEBUG	protocol/handler.go:1591	have processed broadcast	{"{round 20 3  <nil>}": {"Key":"from","Type":15,"Integer":0,"String":"a","Interface":null}}
2025-08-15T22:13:29.195-0500	DEBUG	protocol/handler.go:1591	have processed broadcast	{"{round 20 3  <nil>}": {"Key":"from","Type":15,"Integer":0,"String":"b","Interface":null}}
2025-08-15T22:13:29.195-0500	DEBUG	protocol/handler.go:1649	have all messages and processed	{"{round 20 3  <nil>}": {"Key":"self","Type":15,"Integer":0,"String":"c","Interface":null}}
2025-08-15T22:13:29.195-0500	DEBUG	protocol/handler.go:596	round already finalized
2025-08-15T22:13:29.195-0500	DEBUG	protocol/handler.go:581	tryAdvanceRound called	{"{current_round 20 3  <nil>}": {"Key":"self","Type":15,"Integer":0,"String":"b","Interface":null}}
2025-08-15T22:13:29.195-0500	DEBUG	protocol/handler.go:1591	have processed broadcast	{"{round 20 3  <nil>}": {"Key":"from","Type":15,"Integer":0,"String":"a","Interface":null}}
2025-08-15T22:13:29.195-0500	DEBUG	protocol/handler.go:1591	have processed broadcast	{"{round 20 3  <nil>}": {"Key":"from","Type":15,"Integer":0,"String":"c","Interface":null}}
2025-08-15T22:13:29.195-0500	DEBUG	protocol/handler.go:1649	have all messages and processed	{"{round 20 3  <nil>}": {"Key":"self","Type":15,"Integer":0,"String":"b","Interface":null}}
2025-08-15T22:13:29.195-0500	DEBUG	protocol/handler.go:596	round already finalized
2025-08-15T22:13:29.195-0500	DEBUG	protocol/handler.go:581	tryAdvanceRound called	{"{current_round 20 3  <nil>}": {"Key":"self","Type":15,"Integer":0,"String":"b","Interface":null}}
2025-08-15T22:13:29.196-0500	DEBUG	protocol/handler.go:1591	have processed broadcast	{"{round 20 3  <nil>}": {"Key":"from","Type":15,"Integer":0,"String":"a","Interface":null}}
2025-08-15T22:13:29.196-0500	DEBUG	protocol/handler.go:1591	have processed broadcast	{"{round 20 3  <nil>}": {"Key":"from","Type":15,"Integer":0,"String":"c","Interface":null}}
2025-08-15T22:13:29.196-0500	DEBUG	protocol/handler.go:1649	have all messages and processed	{"{round 20 3  <nil>}": {"Key":"self","Type":15,"Integer":0,"String":"b","Interface":null}}
2025-08-15T22:13:29.196-0500	DEBUG	protocol/handler.go:596	round already finalized
2025-08-15T22:13:29.196-0500	DEBUG	protocol/handler.go:581	tryAdvanceRound called	{"{current_round 20 3  <nil>}": {"Key":"self","Type":15,"Integer":0,"String":"a","Interface":null}}
2025-08-15T22:13:29.196-0500	DEBUG	protocol/handler.go:1591	have processed broadcast	{"{round 20 3  <nil>}": {"Key":"from","Type":15,"Integer":0,"String":"b","Interface":null}}
2025-08-15T22:13:29.196-0500	DEBUG	protocol/handler.go:1591	have processed broadcast	{"{round 20 3  <nil>}": {"Key":"from","Type":15,"Integer":0,"String":"c","Interface":null}}
2025-08-15T22:13:29.196-0500	DEBUG	protocol/handler.go:1649	have all messages and processed	{"{round 20 3  <nil>}": {"Key":"self","Type":15,"Integer":0,"String":"a","Interface":null}}
2025-08-15T22:13:29.204-0500	DEBUG	protocol/handler.go:596	round already finalized
2025-08-15T22:13:29.204-0500	DEBUG	protocol/handler.go:581	tryAdvanceRound called	{"{current_round 20 3  <nil>}": {"Key":"self","Type":15,"Integer":0,"String":"a","Interface":null}}
2025-08-15T22:13:29.204-0500	DEBUG	protocol/handler.go:1591	have processed broadcast	{"{round 20 3  <nil>}": {"Key":"from","Type":15,"Integer":0,"String":"b","Interface":null}}
2025-08-15T22:13:29.204-0500	DEBUG	protocol/handler.go:1591	have processed broadcast	{"{round 20 3  <nil>}": {"Key":"from","Type":15,"Integer":0,"String":"c","Interface":null}}
2025-08-15T22:13:29.204-0500	DEBUG	protocol/handler.go:1649	have all messages and processed	{"{round 20 3  <nil>}": {"Key":"self","Type":15,"Integer":0,"String":"a","Interface":null}}
2025-08-15T22:13:29.204-0500	DEBUG	protocol/handler.go:596	round already finalized
2025-08-15T22:13:29.204-0500	DEBUG	protocol/handler.go:581	tryAdvanceRound called	{"{current_round 20 3  <nil>}": {"Key":"self","Type":15,"Integer":0,"String":"c","Interface":null}}
2025-08-15T22:13:29.204-0500	DEBUG	protocol/handler.go:1591	have processed broadcast	{"{round 20 3  <nil>}": {"Key":"from","Type":15,"Integer":0,"String":"a","Interface":null}}
2025-08-15T22:13:29.231-0500	DEBUG	protocol/handler.go:581	tryAdvanceRound called	{"{current_round 20 3  <nil>}": {"Key":"self","Type":15,"Integer":0,"String":"a","Interface":null}}
2025-08-15T22:13:29.231-0500	DEBUG	protocol/handler.go:1591	have processed broadcast	{"{round 20 3  <nil>}": {"Key":"from","Type":15,"Integer":0,"String":"b","Interface":null}}
2025-08-15T22:13:29.231-0500	DEBUG	protocol/handler.go:1591	have processed broadcast	{"{round 20 3  <nil>}": {"Key":"from","Type":15,"Integer":0,"String":"c","Interface":null}}
2025-08-15T22:13:29.231-0500	DEBUG	protocol/handler.go:1649	have all messages and processed	{"{round 20 3  <nil>}": {"Key":"self","Type":15,"Integer":0,"String":"a","Interface":null}}
2025-08-15T22:13:29.231-0500	DEBUG	protocol/handler.go:596	round already finalized
2025-08-15T22:13:29.231-0500	DEBUG	protocol/handler.go:581	tryAdvanceRound called	{"{current_round 20 3  <nil>}": {"Key":"self","Type":15,"Integer":0,"String":"a","Interface":null}}
2025-08-15T22:13:29.231-0500	DEBUG	protocol/handler.go:1591	have processed broadcast	{"{round 20 3  <nil>}": {"Key":"from","Type":15,"Integer":0,"String":"b","Interface":null}}
2025-08-15T22:13:29.231-0500	DEBUG	protocol/handler.go:1591	have processed broadcast	{"{round 20 3  <nil>}": {"Key":"from","Type":15,"Integer":0,"String":"c","Interface":null}}
2025-08-15T22:13:29.232-0500	DEBUG	protocol/handler.go:1649	have all messages and processed	{"{round 20 3  <nil>}": {"Key":"self","Type":15,"Integer":0,"String":"a","Interface":null}}
2025-08-15T22:13:29.232-0500	DEBUG	protocol/handler.go:596	round already finalized
2025-08-15T22:13:29.232-0500	DEBUG	protocol/handler.go:581	tryAdvanceRound called	{"{current_round 20 3  <nil>}": {"Key":"self","Type":15,"Integer":0,"String":"a","Interface":null}}
2025-08-15T22:13:29.232-0500	DEBUG	protocol/handler.go:1591	have processed broadcast	{"{round 20 3  <nil>}": {"Key":"from","Type":15,"Integer":0,"String":"b","Interface":null}}
2025-08-15T22:13:29.232-0500	DEBUG	protocol/handler.go:1591	have processed broadcast	{"{round 20 3  <nil>}": {"Key":"from","Type":15,"Integer":0,"String":"c","Interface":null}}
2025-08-15T22:13:29.232-0500	DEBUG	protocol/handler.go:1649	have all messages and processed	{"{round 20 3  <nil>}": {"Key":"self","Type":15,"Integer":0,"String":"a","Interface":null}}
2025-08-15T22:13:29.232-0500	DEBUG	protocol/handler.go:596	round already finalized
2025-08-15T22:13:29.232-0500	DEBUG	protocol/handler.go:581	tryAdvanceRound called	{"{current_round 20 3  <nil>}": {"Key":"self","Type":15,"Integer":0,"String":"b","Interface":null}}
2025-08-15T22:13:29.232-0500	DEBUG	protocol/handler.go:1591	have processed broadcast	{"{round 20 3  <nil>}": {"Key":"from","Type":15,"Integer":0,"String":"a","Interface":null}}
2025-08-15T22:13:29.232-0500	DEBUG	protocol/handler.go:1591	have processed broadcast	{"{round 20 3  <nil>}": {"Key":"from","Type":15,"Integer":0,"String":"c","Interface":null}}
2025-08-15T22:13:29.232-0500	DEBUG	protocol/handler.go:1649	have all messages and processed	{"{round 20 3  <nil>}": {"Key":"self","Type":15,"Integer":0,"String":"b","Interface":null}}
2025-08-15T22:13:29.232-0500	DEBUG	protocol/handler.go:596	round already finalized
2025-08-15T22:13:29.232-0500	DEBUG	protocol/handler.go:581	tryAdvanceRound called	{"{current_round 20 3  <nil>}": {"Key":"self","Type":15,"Integer":0,"String":"b","Interface":null}}
2025-08-15T22:13:29.232-0500	DEBUG	protocol/handler.go:1591	have processed broadcast	{"{round 20 3  <nil>}": {"Key":"from","Type":15,"Integer":0,"String":"a","Interface":null}}
2025-08-15T22:13:29.232-0500	DEBUG	protocol/handler.go:1591	have processed broadcast	{"{round 20 3  <nil>}": {"Key":"from","Type":15,"Integer":0,"String":"c","Interface":null}}
2025-08-15T22:13:29.232-0500	DEBUG	protocol/handler.go:1649	have all messages and processed	{"{round 20 3  <nil>}": {"Key":"self","Type":15,"Integer":0,"String":"b","Interface":null}}
2025-08-15T22:13:29.232-0500	DEBUG	protocol/handler.go:596	round already finalized
2025-08-15T22:13:29.252-0500	DEBUG	protocol/handler.go:581	tryAdvanceRound called	{"{current_round 20 3  <nil>}": {"Key":"self","Type":15,"Integer":0,"String":"a","Interface":null}}
2025-08-15T22:13:29.252-0500	DEBUG	protocol/handler.go:1591	have processed broadcast	{"{round 20 3  <nil>}": {"Key":"from","Type":15,"Integer":0,"String":"b","Interface":null}}
2025-08-15T22:13:29.252-0500	DEBUG	protocol/handler.go:1591	have processed broadcast	{"{round 20 3  <nil>}": {"Key":"from","Type":15,"Integer":0,"String":"c","Interface":null}}
2025-08-15T22:13:29.252-0500	DEBUG	protocol/handler.go:1649	have all messages and processed	{"{round 20 3  <nil>}": {"Key":"self","Type":15,"Integer":0,"String":"a","Interface":null}}
2025-08-15T22:13:29.252-0500	DEBUG	protocol/handler.go:596	round already finalized
2025-08-15T22:13:29.252-0500	DEBUG	protocol/handler.go:581	tryAdvanceRound called	{"{current_round 20 3  <nil>}": {"Key":"self","Type":15,"Integer":0,"String":"b","Interface":null}}
2025-08-15T22:13:29.252-0500	DEBUG	protocol/handler.go:1591	have processed broadcast	{"{round 20 3  <nil>}": {"Key":"from","Type":15,"Integer":0,"String":"a","Interface":null}}
2025-08-15T22:13:29.252-0500	DEBUG	protocol/handler.go:1591	have processed broadcast	{"{round 20 3  <nil>}": {"Key":"from","Type":15,"Integer":0,"String":"c","Interface":null}}
2025-08-15T22:13:29.252-0500	DEBUG	protocol/handler.go:1649	have all messages and processed	{"{round 20 3  <nil>}": {"Key":"self","Type":15,"Integer":0,"String":"b","Interface":null}}
2025-08-15T22:13:29.252-0500	DEBUG	protocol/handler.go:596	round already finalized
2025-08-15T22:13:29.213-0500	DEBUG	protocol/handler.go:1591	have processed broadcast	{"{round 20 3  <nil>}": {"Key":"from","Type":15,"Integer":0,"String":"b","Interface":null}}
2025-08-15T22:13:29.283-0500	DEBUG	protocol/handler.go:581	tryAdvanceRound called	{"{current_round 20 3  <nil>}": {"Key":"self","Type":15,"Integer":0,"String":"b","Interface":null}}
2025-08-15T22:13:29.283-0500	DEBUG	protocol/handler.go:1591	have processed broadcast	{"{round 20 3  <nil>}": {"Key":"from","Type":15,"Integer":0,"String":"a","Interface":null}}
2025-08-15T22:13:29.283-0500	DEBUG	protocol/handler.go:1591	have processed broadcast	{"{round 20 3  <nil>}": {"Key":"from","Type":15,"Integer":0,"String":"c","Interface":null}}
2025-08-15T22:13:29.283-0500	DEBUG	protocol/handler.go:1649	have all messages and processed	{"{round 20 3  <nil>}": {"Key":"self","Type":15,"Integer":0,"String":"c","Interface":null}}
2025-08-15T22:13:29.284-0500	DEBUG	protocol/handler.go:596	round already finalized
2025-08-15T22:13:29.285-0500	DEBUG	protocol/handler.go:1649	have all messages and processed	{"{round 20 3  <nil>}": {"Key":"self","Type":15,"Integer":0,"String":"b","Interface":null}}
2025-08-15T22:13:29.285-0500	DEBUG	protocol/handler.go:596	round already finalized
2025-08-15T22:13:29.287-0500	DEBUG	protocol/handler.go:581	tryAdvanceRound called	{"{current_round 20 3  <nil>}": {"Key":"self","Type":15,"Integer":0,"String":"b","Interface":null}}
2025-08-15T22:13:29.288-0500	DEBUG	protocol/handler.go:1591	have processed broadcast	{"{round 20 3  <nil>}": {"Key":"from","Type":15,"Integer":0,"String":"a","Interface":null}}
2025-08-15T22:13:29.290-0500	DEBUG	protocol/handler.go:1591	have processed broadcast	{"{round 20 3  <nil>}": {"Key":"from","Type":15,"Integer":0,"String":"c","Interface":null}}
2025-08-15T22:13:29.290-0500	DEBUG	protocol/handler.go:1649	have all messages and processed	{"{round 20 3  <nil>}": {"Key":"self","Type":15,"Integer":0,"String":"b","Interface":null}}
2025-08-15T22:13:29.290-0500	DEBUG	protocol/handler.go:596	round already finalized
2025-08-15T22:13:29.296-0500	DEBUG	protocol/handler.go:581	tryAdvanceRound called	{"{current_round 20 3  <nil>}": {"Key":"self","Type":15,"Integer":0,"String":"a","Interface":null}}
2025-08-15T22:13:29.296-0500	DEBUG	protocol/handler.go:1591	have processed broadcast	{"{round 20 3  <nil>}": {"Key":"from","Type":15,"Integer":0,"String":"b","Interface":null}}
2025-08-15T22:13:29.296-0500	DEBUG	protocol/handler.go:1591	have processed broadcast	{"{round 20 3  <nil>}": {"Key":"from","Type":15,"Integer":0,"String":"c","Interface":null}}
2025-08-15T22:13:29.296-0500	DEBUG	protocol/handler.go:1649	have all messages and processed	{"{round 20 3  <nil>}": {"Key":"self","Type":15,"Integer":0,"String":"a","Interface":null}}
2025-08-15T22:13:29.296-0500	DEBUG	protocol/handler.go:596	round already finalized
2025-08-15T22:13:29.296-0500	DEBUG	protocol/handler.go:581	tryAdvanceRound called	{"{current_round 20 3  <nil>}": {"Key":"self","Type":15,"Integer":0,"String":"a","Interface":null}}
2025-08-15T22:13:29.296-0500	DEBUG	protocol/handler.go:1591	have processed broadcast	{"{round 20 3  <nil>}": {"Key":"from","Type":15,"Integer":0,"String":"b","Interface":null}}
2025-08-15T22:13:29.296-0500	DEBUG	protocol/handler.go:1591	have processed broadcast	{"{round 20 3  <nil>}": {"Key":"from","Type":15,"Integer":0,"String":"c","Interface":null}}
2025-08-15T22:13:29.296-0500	DEBUG	protocol/handler.go:1649	have all messages and processed	{"{round 20 3  <nil>}": {"Key":"self","Type":15,"Integer":0,"String":"a","Interface":null}}
2025-08-15T22:13:29.296-0500	DEBUG	protocol/handler.go:596	round already finalized
2025-08-15T22:13:29.296-0500	DEBUG	protocol/handler.go:581	tryAdvanceRound called	{"{current_round 20 3  <nil>}": {"Key":"self","Type":15,"Integer":0,"String":"b","Interface":null}}
2025-08-15T22:13:29.296-0500	DEBUG	protocol/handler.go:1591	have processed broadcast	{"{round 20 3  <nil>}": {"Key":"from","Type":15,"Integer":0,"String":"a","Interface":null}}
2025-08-15T22:13:29.296-0500	DEBUG	protocol/handler.go:1591	have processed broadcast	{"{round 20 3  <nil>}": {"Key":"from","Type":15,"Integer":0,"String":"c","Interface":null}}
2025-08-15T22:13:29.296-0500	DEBUG	protocol/handler.go:1649	have all messages and processed	{"{round 20 3  <nil>}": {"Key":"self","Type":15,"Integer":0,"String":"b","Interface":null}}
2025-08-15T22:13:29.296-0500	DEBUG	protocol/handler.go:596	round already finalized
2025-08-15T22:13:29.296-0500	DEBUG	protocol/handler.go:581	tryAdvanceRound called	{"{current_round 20 3  <nil>}": {"Key":"self","Type":15,"Integer":0,"String":"a","Interface":null}}
2025-08-15T22:13:29.296-0500	DEBUG	protocol/handler.go:1591	have processed broadcast	{"{round 20 3  <nil>}": {"Key":"from","Type":15,"Integer":0,"String":"b","Interface":null}}
2025-08-15T22:13:29.296-0500	DEBUG	protocol/handler.go:1591	have processed broadcast	{"{round 20 3  <nil>}": {"Key":"from","Type":15,"Integer":0,"String":"c","Interface":null}}
2025-08-15T22:13:29.296-0500	DEBUG	protocol/handler.go:1649	have all messages and processed	{"{round 20 3  <nil>}": {"Key":"self","Type":15,"Integer":0,"String":"a","Interface":null}}
2025-08-15T22:13:29.296-0500	DEBUG	protocol/handler.go:596	round already finalized
2025-08-15T22:13:29.345-0500	DEBUG	protocol/handler.go:581	tryAdvanceRound called	{"{current_round 20 3  <nil>}": {"Key":"self","Type":15,"Integer":0,"String":"b","Interface":null}}
2025-08-15T22:13:29.345-0500	DEBUG	protocol/handler.go:1591	have processed broadcast	{"{round 20 3  <nil>}": {"Key":"from","Type":15,"Integer":0,"String":"a","Interface":null}}
2025-08-15T22:13:29.345-0500	DEBUG	protocol/handler.go:1591	have processed broadcast	{"{round 20 3  <nil>}": {"Key":"from","Type":15,"Integer":0,"String":"c","Interface":null}}
2025-08-15T22:13:29.345-0500	DEBUG	protocol/handler.go:1649	have all messages and processed	{"{round 20 3  <nil>}": {"Key":"self","Type":15,"Integer":0,"String":"b","Interface":null}}
2025-08-15T22:13:29.346-0500	DEBUG	protocol/handler.go:596	round already finalized
2025-08-15T22:13:29.346-0500	DEBUG	protocol/handler.go:581	tryAdvanceRound called	{"{current_round 20 3  <nil>}": {"Key":"self","Type":15,"Integer":0,"String":"b","Interface":null}}
2025-08-15T22:13:29.346-0500	DEBUG	protocol/handler.go:1591	have processed broadcast	{"{round 20 3  <nil>}": {"Key":"from","Type":15,"Integer":0,"String":"a","Interface":null}}
2025-08-15T22:13:29.346-0500	DEBUG	protocol/handler.go:1591	have processed broadcast	{"{round 20 3  <nil>}": {"Key":"from","Type":15,"Integer":0,"String":"c","Interface":null}}
2025-08-15T22:13:29.346-0500	DEBUG	protocol/handler.go:1649	have all messages and processed	{"{round 20 3  <nil>}": {"Key":"self","Type":15,"Integer":0,"String":"b","Interface":null}}
2025-08-15T22:13:29.346-0500	DEBUG	protocol/handler.go:596	round already finalized
2025-08-15T22:13:29.346-0500	DEBUG	protocol/handler.go:581	tryAdvanceRound called	{"{current_round 20 3  <nil>}": {"Key":"self","Type":15,"Integer":0,"String":"a","Interface":null}}
2025-08-15T22:13:29.346-0500	DEBUG	protocol/handler.go:1591	have processed broadcast	{"{round 20 3  <nil>}": {"Key":"from","Type":15,"Integer":0,"String":"b","Interface":null}}
2025-08-15T22:13:29.346-0500	DEBUG	protocol/handler.go:1591	have processed broadcast	{"{round 20 3  <nil>}": {"Key":"from","Type":15,"Integer":0,"String":"c","Interface":null}}
2025-08-15T22:13:29.346-0500	DEBUG	protocol/handler.go:1649	have all messages and processed	{"{round 20 3  <nil>}": {"Key":"self","Type":15,"Integer":0,"String":"a","Interface":null}}
2025-08-15T22:13:29.346-0500	DEBUG	protocol/handler.go:596	round already finalized
2025-08-15T22:13:29.346-0500	DEBUG	protocol/handler.go:581	tryAdvanceRound called	{"{current_round 20 3  <nil>}": {"Key":"self","Type":15,"Integer":0,"String":"a","Interface":null}}
2025-08-15T22:13:29.346-0500	DEBUG	protocol/handler.go:1591	have processed broadcast	{"{round 20 3  <nil>}": {"Key":"from","Type":15,"Integer":0,"String":"b","Interface":null}}
2025-08-15T22:13:29.346-0500	DEBUG	protocol/handler.go:1591	have processed broadcast	{"{round 20 3  <nil>}": {"Key":"from","Type":15,"Integer":0,"String":"c","Interface":null}}
2025-08-15T22:13:29.346-0500	DEBUG	protocol/handler.go:1649	have all messages and processed	{"{round 20 3  <nil>}": {"Key":"self","Type":15,"Integer":0,"String":"a","Interface":null}}
2025-08-15T22:13:29.346-0500	DEBUG	protocol/handler.go:596	round already finalized
2025-08-15T22:13:29.346-0500	DEBUG	protocol/handler.go:581	tryAdvanceRound called	{"{current_round 20 3  <nil>}": {"Key":"self","Type":15,"Integer":0,"String":"a","Interface":null}}
2025-08-15T22:13:29.346-0500	DEBUG	protocol/handler.go:1591	have processed broadcast	{"{round 20 3  <nil>}": {"Key":"from","Type":15,"Integer":0,"String":"b","Interface":null}}
2025-08-15T22:13:29.346-0500	DEBUG	protocol/handler.go:1591	have processed broadcast	{"{round 20 3  <nil>}": {"Key":"from","Type":15,"Integer":0,"String":"c","Interface":null}}
2025-08-15T22:13:29.346-0500	DEBUG	protocol/handler.go:1649	have all messages and processed	{"{round 20 3  <nil>}": {"Key":"self","Type":15,"Integer":0,"String":"a","Interface":null}}
2025-08-15T22:13:29.346-0500	DEBUG	protocol/handler.go:596	round already finalized
2025-08-15T22:13:29.297-0500	DEBUG	protocol/handler.go:581	tryAdvanceRound called	{"{current_round 20 3  <nil>}": {"Key":"self","Type":15,"Integer":0,"String":"c","Interface":null}}
2025-08-15T22:13:29.376-0500	DEBUG	protocol/handler.go:1591	have processed broadcast	{"{round 20 3  <nil>}": {"Key":"from","Type":15,"Integer":0,"String":"a","Interface":null}}
2025-08-15T22:13:29.376-0500	DEBUG	protocol/handler.go:1591	have processed broadcast	{"{round 20 3  <nil>}": {"Key":"from","Type":15,"Integer":0,"String":"b","Interface":null}}
2025-08-15T22:13:29.376-0500	DEBUG	protocol/handler.go:1649	have all messages and processed	{"{round 20 3  <nil>}": {"Key":"self","Type":15,"Integer":0,"String":"c","Interface":null}}
2025-08-15T22:13:29.378-0500	DEBUG	protocol/handler.go:596	round already finalized
2025-08-15T22:13:29.385-0500	DEBUG	protocol/handler.go:581	tryAdvanceRound called	{"{current_round 20 3  <nil>}": {"Key":"self","Type":15,"Integer":0,"String":"c","Interface":null}}
2025-08-15T22:13:29.385-0500	DEBUG	protocol/handler.go:1591	have processed broadcast	{"{round 20 3  <nil>}": {"Key":"from","Type":15,"Integer":0,"String":"a","Interface":null}}
2025-08-15T22:13:29.385-0500	DEBUG	protocol/handler.go:1591	have processed broadcast	{"{round 20 3  <nil>}": {"Key":"from","Type":15,"Integer":0,"String":"b","Interface":null}}
2025-08-15T22:13:29.385-0500	DEBUG	protocol/handler.go:1649	have all messages and processed	{"{round 20 3  <nil>}": {"Key":"self","Type":15,"Integer":0,"String":"c","Interface":null}}
2025-08-15T22:13:29.385-0500	DEBUG	protocol/handler.go:596	round already finalized
2025-08-15T22:13:29.395-0500	DEBUG	protocol/handler.go:581	tryAdvanceRound called	{"{current_round 20 3  <nil>}": {"Key":"self","Type":15,"Integer":0,"String":"b","Interface":null}}
2025-08-15T22:13:29.395-0500	DEBUG	protocol/handler.go:1591	have processed broadcast	{"{round 20 3  <nil>}": {"Key":"from","Type":15,"Integer":0,"String":"a","Interface":null}}
2025-08-15T22:13:29.395-0500	DEBUG	protocol/handler.go:1591	have processed broadcast	{"{round 20 3  <nil>}": {"Key":"from","Type":15,"Integer":0,"String":"c","Interface":null}}
2025-08-15T22:13:29.398-0500	DEBUG	protocol/handler.go:1649	have all messages and processed	{"{round 20 3  <nil>}": {"Key":"self","Type":15,"Integer":0,"String":"b","Interface":null}}
2025-08-15T22:13:29.398-0500	DEBUG	protocol/handler.go:596	round already finalized
2025-08-15T22:13:29.398-0500	DEBUG	protocol/handler.go:581	tryAdvanceRound called	{"{current_round 20 3  <nil>}": {"Key":"self","Type":15,"Integer":0,"String":"b","Interface":null}}
2025-08-15T22:13:29.398-0500	DEBUG	protocol/handler.go:1591	have processed broadcast	{"{round 20 3  <nil>}": {"Key":"from","Type":15,"Integer":0,"String":"a","Interface":null}}
2025-08-15T22:13:29.403-0500	DEBUG	protocol/handler.go:1591	have processed broadcast	{"{round 20 3  <nil>}": {"Key":"from","Type":15,"Integer":0,"String":"c","Interface":null}}
2025-08-15T22:13:29.403-0500	DEBUG	protocol/handler.go:1649	have all messages and processed	{"{round 20 3  <nil>}": {"Key":"self","Type":15,"Integer":0,"String":"b","Interface":null}}
2025-08-15T22:13:29.404-0500	DEBUG	protocol/handler.go:596	round already finalized
2025-08-15T22:13:29.404-0500	DEBUG	protocol/handler.go:581	tryAdvanceRound called	{"{current_round 20 3  <nil>}": {"Key":"self","Type":15,"Integer":0,"String":"b","Interface":null}}
2025-08-15T22:13:29.404-0500	DEBUG	protocol/handler.go:1591	have processed broadcast	{"{round 20 3  <nil>}": {"Key":"from","Type":15,"Integer":0,"String":"a","Interface":null}}
2025-08-15T22:13:29.404-0500	DEBUG	protocol/handler.go:1591	have processed broadcast	{"{round 20 3  <nil>}": {"Key":"from","Type":15,"Integer":0,"String":"c","Interface":null}}
2025-08-15T22:13:29.404-0500	DEBUG	protocol/handler.go:1649	have all messages and processed	{"{round 20 3  <nil>}": {"Key":"self","Type":15,"Integer":0,"String":"b","Interface":null}}
2025-08-15T22:13:29.404-0500	DEBUG	protocol/handler.go:596	round already finalized
2025-08-15T22:13:29.404-0500	DEBUG	protocol/handler.go:581	tryAdvanceRound called	{"{current_round 20 3  <nil>}": {"Key":"self","Type":15,"Integer":0,"String":"a","Interface":null}}
2025-08-15T22:13:29.404-0500	DEBUG	protocol/handler.go:1591	have processed broadcast	{"{round 20 3  <nil>}": {"Key":"from","Type":15,"Integer":0,"String":"b","Interface":null}}
2025-08-15T22:13:29.404-0500	DEBUG	protocol/handler.go:1591	have processed broadcast	{"{round 20 3  <nil>}": {"Key":"from","Type":15,"Integer":0,"String":"c","Interface":null}}
2025-08-15T22:13:29.404-0500	DEBUG	protocol/handler.go:1649	have all messages and processed	{"{round 20 3  <nil>}": {"Key":"self","Type":15,"Integer":0,"String":"a","Interface":null}}
2025-08-15T22:13:29.404-0500	DEBUG	protocol/handler.go:596	round already finalized
2025-08-15T22:13:29.404-0500	DEBUG	protocol/handler.go:581	tryAdvanceRound called	{"{current_round 20 3  <nil>}": {"Key":"self","Type":15,"Integer":0,"String":"a","Interface":null}}
2025-08-15T22:13:29.404-0500	DEBUG	protocol/handler.go:1591	have processed broadcast	{"{round 20 3  <nil>}": {"Key":"from","Type":15,"Integer":0,"String":"b","Interface":null}}
2025-08-15T22:13:29.404-0500	DEBUG	protocol/handler.go:1591	have processed broadcast	{"{round 20 3  <nil>}": {"Key":"from","Type":15,"Integer":0,"String":"c","Interface":null}}
2025-08-15T22:13:29.404-0500	DEBUG	protocol/handler.go:1649	have all messages and processed	{"{round 20 3  <nil>}": {"Key":"self","Type":15,"Integer":0,"String":"a","Interface":null}}
2025-08-15T22:13:29.404-0500	DEBUG	protocol/handler.go:596	round already finalized
2025-08-15T22:13:29.411-0500	DEBUG	protocol/handler.go:581	tryAdvanceRound called	{"{current_round 20 3  <nil>}": {"Key":"self","Type":15,"Integer":0,"String":"c","Interface":null}}
2025-08-15T22:13:29.411-0500	DEBUG	protocol/handler.go:1591	have processed broadcast	{"{round 20 3  <nil>}": {"Key":"from","Type":15,"Integer":0,"String":"a","Interface":null}}
2025-08-15T22:13:29.411-0500	DEBUG	protocol/handler.go:1591	have processed broadcast	{"{round 20 3  <nil>}": {"Key":"from","Type":15,"Integer":0,"String":"b","Interface":null}}
2025-08-15T22:13:29.411-0500	DEBUG	protocol/handler.go:1649	have all messages and processed	{"{round 20 3  <nil>}": {"Key":"self","Type":15,"Integer":0,"String":"c","Interface":null}}
2025-08-15T22:13:29.412-0500	DEBUG	protocol/handler.go:596	round already finalized
2025-08-15T22:13:29.430-0500	DEBUG	protocol/handler.go:581	tryAdvanceRound called	{"{current_round 20 3  <nil>}": {"Key":"self","Type":15,"Integer":0,"String":"c","Interface":null}}
2025-08-15T22:13:29.430-0500	DEBUG	protocol/handler.go:1591	have processed broadcast	{"{round 20 3  <nil>}": {"Key":"from","Type":15,"Integer":0,"String":"a","Interface":null}}
2025-08-15T22:13:29.430-0500	DEBUG	protocol/handler.go:1591	have processed broadcast	{"{round 20 3  <nil>}": {"Key":"from","Type":15,"Integer":0,"String":"b","Interface":null}}
2025-08-15T22:13:29.430-0500	DEBUG	protocol/handler.go:1649	have all messages and processed	{"{round 20 3  <nil>}": {"Key":"self","Type":15,"Integer":0,"String":"c","Interface":null}}
2025-08-15T22:13:29.430-0500	DEBUG	protocol/handler.go:596	round already finalized
2025-08-15T22:13:29.442-0500	DEBUG	protocol/handler.go:581	tryAdvanceRound called	{"{current_round 20 3  <nil>}": {"Key":"self","Type":15,"Integer":0,"String":"b","Interface":null}}
2025-08-15T22:13:29.443-0500	DEBUG	protocol/handler.go:1591	have processed broadcast	{"{round 20 3  <nil>}": {"Key":"from","Type":15,"Integer":0,"String":"a","Interface":null}}
2025-08-15T22:13:29.443-0500	DEBUG	protocol/handler.go:1591	have processed broadcast	{"{round 20 3  <nil>}": {"Key":"from","Type":15,"Integer":0,"String":"c","Interface":null}}
2025-08-15T22:13:29.443-0500	DEBUG	protocol/handler.go:1649	have all messages and processed	{"{round 20 3  <nil>}": {"Key":"self","Type":15,"Integer":0,"String":"b","Interface":null}}
2025-08-15T22:13:29.444-0500	DEBUG	protocol/handler.go:596	round already finalized
2025-08-15T22:13:29.444-0500	DEBUG	protocol/handler.go:581	tryAdvanceRound called	{"{current_round 20 3  <nil>}": {"Key":"self","Type":15,"Integer":0,"String":"b","Interface":null}}
2025-08-15T22:13:29.444-0500	DEBUG	protocol/handler.go:1591	have processed broadcast	{"{round 20 3  <nil>}": {"Key":"from","Type":15,"Integer":0,"String":"a","Interface":null}}
2025-08-15T22:13:29.444-0500	DEBUG	protocol/handler.go:1591	have processed broadcast	{"{round 20 3  <nil>}": {"Key":"from","Type":15,"Integer":0,"String":"c","Interface":null}}
2025-08-15T22:13:29.444-0500	DEBUG	protocol/handler.go:1649	have all messages and processed	{"{round 20 3  <nil>}": {"Key":"self","Type":15,"Integer":0,"String":"b","Interface":null}}
2025-08-15T22:13:29.444-0500	DEBUG	protocol/handler.go:596	round already finalized
2025-08-15T22:13:29.444-0500	DEBUG	protocol/handler.go:581	tryAdvanceRound called	{"{current_round 20 3  <nil>}": {"Key":"self","Type":15,"Integer":0,"String":"a","Interface":null}}
2025-08-15T22:13:29.444-0500	DEBUG	protocol/handler.go:1591	have processed broadcast	{"{round 20 3  <nil>}": {"Key":"from","Type":15,"Integer":0,"String":"b","Interface":null}}
2025-08-15T22:13:29.453-0500	DEBUG	protocol/handler.go:1591	have processed broadcast	{"{round 20 3  <nil>}": {"Key":"from","Type":15,"Integer":0,"String":"c","Interface":null}}
2025-08-15T22:13:29.453-0500	DEBUG	protocol/handler.go:1649	have all messages and processed	{"{round 20 3  <nil>}": {"Key":"self","Type":15,"Integer":0,"String":"a","Interface":null}}
2025-08-15T22:13:29.453-0500	DEBUG	protocol/handler.go:596	round already finalized
2025-08-15T22:13:29.453-0500	DEBUG	protocol/handler.go:581	tryAdvanceRound called	{"{current_round 20 3  <nil>}": {"Key":"self","Type":15,"Integer":0,"String":"a","Interface":null}}
2025-08-15T22:13:29.453-0500	DEBUG	protocol/handler.go:1591	have processed broadcast	{"{round 20 3  <nil>}": {"Key":"from","Type":15,"Integer":0,"String":"b","Interface":null}}
2025-08-15T22:13:29.453-0500	DEBUG	protocol/handler.go:1591	have processed broadcast	{"{round 20 3  <nil>}": {"Key":"from","Type":15,"Integer":0,"String":"c","Interface":null}}
2025-08-15T22:13:29.455-0500	DEBUG	protocol/handler.go:1649	have all messages and processed	{"{round 20 3  <nil>}": {"Key":"self","Type":15,"Integer":0,"String":"a","Interface":null}}
2025-08-15T22:13:29.455-0500	DEBUG	protocol/handler.go:596	round already finalized
2025-08-15T22:13:29.455-0500	DEBUG	protocol/handler.go:581	tryAdvanceRound called	{"{current_round 20 3  <nil>}": {"Key":"self","Type":15,"Integer":0,"String":"b","Interface":null}}
2025-08-15T22:13:29.455-0500	DEBUG	protocol/handler.go:1591	have processed broadcast	{"{round 20 3  <nil>}": {"Key":"from","Type":15,"Integer":0,"String":"a","Interface":null}}
2025-08-15T22:13:29.459-0500	DEBUG	protocol/handler.go:1591	have processed broadcast	{"{round 20 3  <nil>}": {"Key":"from","Type":15,"Integer":0,"String":"c","Interface":null}}
2025-08-15T22:13:29.459-0500	DEBUG	protocol/handler.go:1649	have all messages and processed	{"{round 20 3  <nil>}": {"Key":"self","Type":15,"Integer":0,"String":"b","Interface":null}}
2025-08-15T22:13:29.459-0500	DEBUG	protocol/handler.go:596	round already finalized
2025-08-15T22:13:29.459-0500	DEBUG	protocol/handler.go:581	tryAdvanceRound called	{"{current_round 20 3  <nil>}": {"Key":"self","Type":15,"Integer":0,"String":"a","Interface":null}}
2025-08-15T22:13:29.459-0500	DEBUG	protocol/handler.go:1591	have processed broadcast	{"{round 20 3  <nil>}": {"Key":"from","Type":15,"Integer":0,"String":"b","Interface":null}}
2025-08-15T22:13:29.459-0500	DEBUG	protocol/handler.go:1591	have processed broadcast	{"{round 20 3  <nil>}": {"Key":"from","Type":15,"Integer":0,"String":"c","Interface":null}}
2025-08-15T22:13:29.459-0500	DEBUG	protocol/handler.go:1649	have all messages and processed	{"{round 20 3  <nil>}": {"Key":"self","Type":15,"Integer":0,"String":"a","Interface":null}}
2025-08-15T22:13:29.459-0500	DEBUG	protocol/handler.go:596	round already finalized
2025-08-15T22:13:29.459-0500	DEBUG	protocol/handler.go:581	tryAdvanceRound called	{"{current_round 20 3  <nil>}": {"Key":"self","Type":15,"Integer":0,"String":"a","Interface":null}}
2025-08-15T22:13:29.459-0500	DEBUG	protocol/handler.go:1591	have processed broadcast	{"{round 20 3  <nil>}": {"Key":"from","Type":15,"Integer":0,"String":"b","Interface":null}}
2025-08-15T22:13:29.459-0500	DEBUG	protocol/handler.go:1591	have processed broadcast	{"{round 20 3  <nil>}": {"Key":"from","Type":15,"Integer":0,"String":"c","Interface":null}}
2025-08-15T22:13:29.459-0500	DEBUG	protocol/handler.go:1649	have all messages and processed	{"{round 20 3  <nil>}": {"Key":"self","Type":15,"Integer":0,"String":"a","Interface":null}}
2025-08-15T22:13:29.459-0500	DEBUG	protocol/handler.go:596	round already finalized
2025-08-15T22:13:29.461-0500	DEBUG	protocol/handler.go:581	tryAdvanceRound called	{"{current_round 20 3  <nil>}": {"Key":"self","Type":15,"Integer":0,"String":"b","Interface":null}}
2025-08-15T22:13:29.462-0500	DEBUG	protocol/handler.go:1591	have processed broadcast	{"{round 20 3  <nil>}": {"Key":"from","Type":15,"Integer":0,"String":"a","Interface":null}}
2025-08-15T22:13:29.462-0500	DEBUG	protocol/handler.go:1591	have processed broadcast	{"{round 20 3  <nil>}": {"Key":"from","Type":15,"Integer":0,"String":"c","Interface":null}}
2025-08-15T22:13:29.462-0500	DEBUG	protocol/handler.go:1649	have all messages and processed	{"{round 20 3  <nil>}": {"Key":"self","Type":15,"Integer":0,"String":"b","Interface":null}}
2025-08-15T22:13:29.462-0500	DEBUG	protocol/handler.go:596	round already finalized
2025-08-15T22:13:29.488-0500	DEBUG	protocol/handler.go:581	tryAdvanceRound called	{"{current_round 20 3  <nil>}": {"Key":"self","Type":15,"Integer":0,"String":"b","Interface":null}}
2025-08-15T22:13:29.488-0500	DEBUG	protocol/handler.go:1591	have processed broadcast	{"{round 20 3  <nil>}": {"Key":"from","Type":15,"Integer":0,"String":"a","Interface":null}}
2025-08-15T22:13:29.488-0500	DEBUG	protocol/handler.go:1591	have processed broadcast	{"{round 20 3  <nil>}": {"Key":"from","Type":15,"Integer":0,"String":"c","Interface":null}}
2025-08-15T22:13:29.488-0500	DEBUG	protocol/handler.go:1649	have all messages and processed	{"{round 20 3  <nil>}": {"Key":"self","Type":15,"Integer":0,"String":"b","Interface":null}}
2025-08-15T22:13:29.488-0500	DEBUG	protocol/handler.go:596	round already finalized
2025-08-15T22:13:29.459-0500	DEBUG	protocol/handler.go:581	tryAdvanceRound called	{"{current_round 20 3  <nil>}": {"Key":"self","Type":15,"Integer":0,"String":"c","Interface":null}}
2025-08-15T22:13:29.505-0500	DEBUG	protocol/handler.go:1591	have processed broadcast	{"{round 20 3  <nil>}": {"Key":"from","Type":15,"Integer":0,"String":"a","Interface":null}}
2025-08-15T22:13:29.505-0500	DEBUG	protocol/handler.go:1591	have processed broadcast	{"{round 20 3  <nil>}": {"Key":"from","Type":15,"Integer":0,"String":"b","Interface":null}}
2025-08-15T22:13:29.505-0500	DEBUG	protocol/handler.go:1649	have all messages and processed	{"{round 20 3  <nil>}": {"Key":"self","Type":15,"Integer":0,"String":"c","Interface":null}}
2025-08-15T22:13:29.507-0500	DEBUG	protocol/handler.go:596	round already finalized
2025-08-15T22:13:29.524-0500	DEBUG	protocol/handler.go:581	tryAdvanceRound called	{"{current_round 20 3  <nil>}": {"Key":"self","Type":15,"Integer":0,"String":"c","Interface":null}}
2025-08-15T22:13:29.524-0500	DEBUG	protocol/handler.go:1591	have processed broadcast	{"{round 20 3  <nil>}": {"Key":"from","Type":15,"Integer":0,"String":"a","Interface":null}}
2025-08-15T22:13:29.524-0500	DEBUG	protocol/handler.go:1591	have processed broadcast	{"{round 20 3  <nil>}": {"Key":"from","Type":15,"Integer":0,"String":"b","Interface":null}}
2025-08-15T22:13:29.524-0500	DEBUG	protocol/handler.go:1649	have all messages and processed	{"{round 20 3  <nil>}": {"Key":"self","Type":15,"Integer":0,"String":"c","Interface":null}}
2025-08-15T22:13:29.524-0500	DEBUG	protocol/handler.go:596	round already finalized
2025-08-15T22:13:29.525-0500	DEBUG	protocol/handler.go:581	tryAdvanceRound called	{"{current_round 20 3  <nil>}": {"Key":"self","Type":15,"Integer":0,"String":"b","Interface":null}}
2025-08-15T22:13:29.528-0500	DEBUG	protocol/handler.go:1591	have processed broadcast	{"{round 20 3  <nil>}": {"Key":"from","Type":15,"Integer":0,"String":"a","Interface":null}}
2025-08-15T22:13:29.528-0500	DEBUG	protocol/handler.go:1591	have processed broadcast	{"{round 20 3  <nil>}": {"Key":"from","Type":15,"Integer":0,"String":"c","Interface":null}}
2025-08-15T22:13:29.528-0500	DEBUG	protocol/handler.go:1649	have all messages and processed	{"{round 20 3  <nil>}": {"Key":"self","Type":15,"Integer":0,"String":"b","Interface":null}}
2025-08-15T22:13:29.528-0500	DEBUG	protocol/handler.go:596	round already finalized
2025-08-15T22:13:29.528-0500	DEBUG	protocol/handler.go:581	tryAdvanceRound called	{"{current_round 20 3  <nil>}": {"Key":"self","Type":15,"Integer":0,"String":"a","Interface":null}}
2025-08-15T22:13:29.528-0500	DEBUG	protocol/handler.go:1591	have processed broadcast	{"{round 20 3  <nil>}": {"Key":"from","Type":15,"Integer":0,"String":"b","Interface":null}}
2025-08-15T22:13:29.540-0500	DEBUG	protocol/handler.go:581	tryAdvanceRound called	{"{current_round 20 3  <nil>}": {"Key":"self","Type":15,"Integer":0,"String":"c","Interface":null}}
2025-08-15T22:13:29.540-0500	DEBUG	protocol/handler.go:1591	have processed broadcast	{"{round 20 3  <nil>}": {"Key":"from","Type":15,"Integer":0,"String":"a","Interface":null}}
2025-08-15T22:13:29.540-0500	DEBUG	protocol/handler.go:581	tryAdvanceRound called	{"{current_round 20 3  <nil>}": {"Key":"self","Type":15,"Integer":0,"String":"b","Interface":null}}
2025-08-15T22:13:29.540-0500	DEBUG	protocol/handler.go:1591	have processed broadcast	{"{round 20 3  <nil>}": {"Key":"from","Type":15,"Integer":0,"String":"a","Interface":null}}
2025-08-15T22:13:29.540-0500	DEBUG	protocol/handler.go:1591	have processed broadcast	{"{round 20 3  <nil>}": {"Key":"from","Type":15,"Integer":0,"String":"c","Interface":null}}
2025-08-15T22:13:29.540-0500	DEBUG	protocol/handler.go:1649	have all messages and processed	{"{round 20 3  <nil>}": {"Key":"self","Type":15,"Integer":0,"String":"b","Interface":null}}
2025-08-15T22:13:29.540-0500	DEBUG	protocol/handler.go:596	round already finalized
2025-08-15T22:13:29.540-0500	DEBUG	protocol/handler.go:581	tryAdvanceRound called	{"{current_round 20 3  <nil>}": {"Key":"self","Type":15,"Integer":0,"String":"b","Interface":null}}
2025-08-15T22:13:29.540-0500	DEBUG	protocol/handler.go:1591	have processed broadcast	{"{round 20 3  <nil>}": {"Key":"from","Type":15,"Integer":0,"String":"a","Interface":null}}
2025-08-15T22:13:29.540-0500	DEBUG	protocol/handler.go:1591	have processed broadcast	{"{round 20 3  <nil>}": {"Key":"from","Type":15,"Integer":0,"String":"c","Interface":null}}
2025-08-15T22:13:29.540-0500	DEBUG	protocol/handler.go:1649	have all messages and processed	{"{round 20 3  <nil>}": {"Key":"self","Type":15,"Integer":0,"String":"b","Interface":null}}
2025-08-15T22:13:29.540-0500	DEBUG	protocol/handler.go:596	round already finalized
2025-08-15T22:13:29.540-0500	DEBUG	protocol/handler.go:1591	have processed broadcast	{"{round 20 3  <nil>}": {"Key":"from","Type":15,"Integer":0,"String":"b","Interface":null}}
2025-08-15T22:13:29.547-0500	DEBUG	protocol/handler.go:1649	have all messages and processed	{"{round 20 3  <nil>}": {"Key":"self","Type":15,"Integer":0,"String":"c","Interface":null}}
2025-08-15T22:13:29.547-0500	DEBUG	protocol/handler.go:596	round already finalized
2025-08-15T22:13:29.547-0500	DEBUG	protocol/handler.go:581	tryAdvanceRound called	{"{current_round 20 3  <nil>}": {"Key":"self","Type":15,"Integer":0,"String":"c","Interface":null}}
2025-08-15T22:13:29.547-0500	DEBUG	protocol/handler.go:1591	have processed broadcast	{"{round 20 3  <nil>}": {"Key":"from","Type":15,"Integer":0,"String":"a","Interface":null}}
2025-08-15T22:13:29.547-0500	DEBUG	protocol/handler.go:1591	have processed broadcast	{"{round 20 3  <nil>}": {"Key":"from","Type":15,"Integer":0,"String":"b","Interface":null}}
2025-08-15T22:13:29.547-0500	DEBUG	protocol/handler.go:1649	have all messages and processed	{"{round 20 3  <nil>}": {"Key":"self","Type":15,"Integer":0,"String":"c","Interface":null}}
2025-08-15T22:13:29.548-0500	DEBUG	protocol/handler.go:596	round already finalized
2025-08-15T22:13:29.563-0500	DEBUG	protocol/handler.go:581	tryAdvanceRound called	{"{current_round 20 3  <nil>}": {"Key":"self","Type":15,"Integer":0,"String":"b","Interface":null}}
2025-08-15T22:13:29.563-0500	DEBUG	protocol/handler.go:1591	have processed broadcast	{"{round 20 3  <nil>}": {"Key":"from","Type":15,"Integer":0,"String":"a","Interface":null}}
2025-08-15T22:13:29.563-0500	DEBUG	protocol/handler.go:1591	have processed broadcast	{"{round 20 3  <nil>}": {"Key":"from","Type":15,"Integer":0,"String":"c","Interface":null}}
2025-08-15T22:13:29.563-0500	DEBUG	protocol/handler.go:1649	have all messages and processed	{"{round 20 3  <nil>}": {"Key":"self","Type":15,"Integer":0,"String":"b","Interface":null}}
2025-08-15T22:13:29.563-0500	DEBUG	protocol/handler.go:596	round already finalized
2025-08-15T22:13:29.568-0500	DEBUG	protocol/handler.go:581	tryAdvanceRound called	{"{current_round 20 3  <nil>}": {"Key":"self","Type":15,"Integer":0,"String":"c","Interface":null}}
2025-08-15T22:13:29.568-0500	DEBUG	protocol/handler.go:1591	have processed broadcast	{"{round 20 3  <nil>}": {"Key":"from","Type":15,"Integer":0,"String":"a","Interface":null}}
2025-08-15T22:13:29.568-0500	DEBUG	protocol/handler.go:1591	have processed broadcast	{"{round 20 3  <nil>}": {"Key":"from","Type":15,"Integer":0,"String":"b","Interface":null}}
2025-08-15T22:13:29.568-0500	DEBUG	protocol/handler.go:1649	have all messages and processed	{"{round 20 3  <nil>}": {"Key":"self","Type":15,"Integer":0,"String":"c","Interface":null}}
2025-08-15T22:13:29.568-0500	DEBUG	protocol/handler.go:596	round already finalized
2025-08-15T22:13:29.528-0500	DEBUG	protocol/handler.go:1591	have processed broadcast	{"{round 20 3  <nil>}": {"Key":"from","Type":15,"Integer":0,"String":"c","Interface":null}}
2025-08-15T22:13:29.575-0500	DEBUG	protocol/handler.go:1649	have all messages and processed	{"{round 20 3  <nil>}": {"Key":"self","Type":15,"Integer":0,"String":"a","Interface":null}}
2025-08-15T22:13:29.575-0500	DEBUG	protocol/handler.go:596	round already finalized
2025-08-15T22:13:29.576-0500	DEBUG	protocol/handler.go:581	tryAdvanceRound called	{"{current_round 20 3  <nil>}": {"Key":"self","Type":15,"Integer":0,"String":"a","Interface":null}}
2025-08-15T22:13:29.576-0500	DEBUG	protocol/handler.go:1591	have processed broadcast	{"{round 20 3  <nil>}": {"Key":"from","Type":15,"Integer":0,"String":"b","Interface":null}}
2025-08-15T22:13:29.576-0500	DEBUG	protocol/handler.go:1591	have processed broadcast	{"{round 20 3  <nil>}": {"Key":"from","Type":15,"Integer":0,"String":"c","Interface":null}}
2025-08-15T22:13:29.576-0500	DEBUG	protocol/handler.go:1649	have all messages and processed	{"{round 20 3  <nil>}": {"Key":"self","Type":15,"Integer":0,"String":"a","Interface":null}}
2025-08-15T22:13:29.576-0500	DEBUG	protocol/handler.go:596	round already finalized
2025-08-15T22:13:29.588-0500	DEBUG	protocol/handler.go:581	tryAdvanceRound called	{"{current_round 20 3  <nil>}": {"Key":"self","Type":15,"Integer":0,"String":"b","Interface":null}}
2025-08-15T22:13:29.588-0500	DEBUG	protocol/handler.go:1591	have processed broadcast	{"{round 20 3  <nil>}": {"Key":"from","Type":15,"Integer":0,"String":"a","Interface":null}}
2025-08-15T22:13:29.588-0500	DEBUG	protocol/handler.go:1591	have processed broadcast	{"{round 20 3  <nil>}": {"Key":"from","Type":15,"Integer":0,"String":"c","Interface":null}}
2025-08-15T22:13:29.588-0500	DEBUG	protocol/handler.go:1649	have all messages and processed	{"{round 20 3  <nil>}": {"Key":"self","Type":15,"Integer":0,"String":"b","Interface":null}}
2025-08-15T22:13:29.588-0500	DEBUG	protocol/handler.go:596	round already finalized
2025-08-15T22:13:29.592-0500	DEBUG	protocol/handler.go:581	tryAdvanceRound called	{"{current_round 20 3  <nil>}": {"Key":"self","Type":15,"Integer":0,"String":"c","Interface":null}}
2025-08-15T22:13:29.594-0500	DEBUG	protocol/handler.go:1591	have processed broadcast	{"{round 20 3  <nil>}": {"Key":"from","Type":15,"Integer":0,"String":"a","Interface":null}}
2025-08-15T22:13:29.597-0500	DEBUG	protocol/handler.go:1591	have processed broadcast	{"{round 20 3  <nil>}": {"Key":"from","Type":15,"Integer":0,"String":"b","Interface":null}}
2025-08-15T22:13:29.597-0500	DEBUG	protocol/handler.go:1649	have all messages and processed	{"{round 20 3  <nil>}": {"Key":"self","Type":15,"Integer":0,"String":"c","Interface":null}}
2025-08-15T22:13:29.597-0500	DEBUG	protocol/handler.go:596	round already finalized
2025-08-15T22:13:29.604-0500	DEBUG	protocol/handler.go:581	tryAdvanceRound called	{"{current_round 20 3  <nil>}": {"Key":"self","Type":15,"Integer":0,"String":"a","Interface":null}}
2025-08-15T22:13:29.605-0500	DEBUG	protocol/handler.go:1591	have processed broadcast	{"{round 20 3  <nil>}": {"Key":"from","Type":15,"Integer":0,"String":"b","Interface":null}}
2025-08-15T22:13:29.605-0500	DEBUG	protocol/handler.go:1591	have processed broadcast	{"{round 20 3  <nil>}": {"Key":"from","Type":15,"Integer":0,"String":"c","Interface":null}}
2025-08-15T22:13:29.605-0500	DEBUG	protocol/handler.go:1649	have all messages and processed	{"{round 20 3  <nil>}": {"Key":"self","Type":15,"Integer":0,"String":"a","Interface":null}}
2025-08-15T22:13:29.605-0500	DEBUG	protocol/handler.go:596	round already finalized
2025-08-15T22:13:29.612-0500	DEBUG	protocol/handler.go:581	tryAdvanceRound called	{"{current_round 20 3  <nil>}": {"Key":"self","Type":15,"Integer":0,"String":"b","Interface":null}}
2025-08-15T22:13:29.612-0500	DEBUG	protocol/handler.go:581	tryAdvanceRound called	{"{current_round 20 3  <nil>}": {"Key":"self","Type":15,"Integer":0,"String":"c","Interface":null}}
2025-08-15T22:13:29.612-0500	DEBUG	protocol/handler.go:1591	have processed broadcast	{"{round 20 3  <nil>}": {"Key":"from","Type":15,"Integer":0,"String":"a","Interface":null}}
2025-08-15T22:13:29.612-0500	DEBUG	protocol/handler.go:1591	have processed broadcast	{"{round 20 3  <nil>}": {"Key":"from","Type":15,"Integer":0,"String":"c","Interface":null}}
2025-08-15T22:13:29.612-0500	DEBUG	protocol/handler.go:1591	have processed broadcast	{"{round 20 3  <nil>}": {"Key":"from","Type":15,"Integer":0,"String":"a","Interface":null}}
2025-08-15T22:13:29.612-0500	DEBUG	protocol/handler.go:1649	have all messages and processed	{"{round 20 3  <nil>}": {"Key":"self","Type":15,"Integer":0,"String":"b","Interface":null}}
2025-08-15T22:13:29.612-0500	DEBUG	protocol/handler.go:1591	have processed broadcast	{"{round 20 3  <nil>}": {"Key":"from","Type":15,"Integer":0,"String":"b","Interface":null}}
2025-08-15T22:13:29.612-0500	DEBUG	protocol/handler.go:1649	have all messages and processed	{"{round 20 3  <nil>}": {"Key":"self","Type":15,"Integer":0,"String":"c","Interface":null}}
2025-08-15T22:13:29.612-0500	DEBUG	protocol/handler.go:596	round already finalized
2025-08-15T22:13:29.612-0500	DEBUG	protocol/handler.go:596	round already finalized
2025-08-15T22:13:29.637-0500	DEBUG	protocol/handler.go:581	tryAdvanceRound called	{"{current_round 20 3  <nil>}": {"Key":"self","Type":15,"Integer":0,"String":"c","Interface":null}}
2025-08-15T22:13:29.637-0500	DEBUG	protocol/handler.go:1591	have processed broadcast	{"{round 20 3  <nil>}": {"Key":"from","Type":15,"Integer":0,"String":"a","Interface":null}}
2025-08-15T22:13:29.637-0500	DEBUG	protocol/handler.go:1591	have processed broadcast	{"{round 20 3  <nil>}": {"Key":"from","Type":15,"Integer":0,"String":"b","Interface":null}}
2025-08-15T22:13:29.637-0500	DEBUG	protocol/handler.go:1649	have all messages and processed	{"{round 20 3  <nil>}": {"Key":"self","Type":15,"Integer":0,"String":"c","Interface":null}}
2025-08-15T22:13:29.637-0500	DEBUG	protocol/handler.go:596	round already finalized
2025-08-15T22:13:29.637-0500	DEBUG	protocol/handler.go:581	tryAdvanceRound called	{"{current_round 20 3  <nil>}": {"Key":"self","Type":15,"Integer":0,"String":"b","Interface":null}}
2025-08-15T22:13:29.637-0500	DEBUG	protocol/handler.go:1591	have processed broadcast	{"{round 20 3  <nil>}": {"Key":"from","Type":15,"Integer":0,"String":"a","Interface":null}}
2025-08-15T22:13:29.637-0500	DEBUG	protocol/handler.go:1591	have processed broadcast	{"{round 20 3  <nil>}": {"Key":"from","Type":15,"Integer":0,"String":"c","Interface":null}}
2025-08-15T22:13:29.637-0500	DEBUG	protocol/handler.go:1649	have all messages and processed	{"{round 20 3  <nil>}": {"Key":"self","Type":15,"Integer":0,"String":"b","Interface":null}}
2025-08-15T22:13:29.637-0500	DEBUG	protocol/handler.go:596	round already finalized
2025-08-15T22:13:29.651-0500	DEBUG	protocol/handler.go:581	tryAdvanceRound called	{"{current_round 20 3  <nil>}": {"Key":"self","Type":15,"Integer":0,"String":"a","Interface":null}}
2025-08-15T22:13:29.658-0500	DEBUG	protocol/handler.go:1591	have processed broadcast	{"{round 20 3  <nil>}": {"Key":"from","Type":15,"Integer":0,"String":"b","Interface":null}}
2025-08-15T22:13:29.658-0500	DEBUG	protocol/handler.go:1591	have processed broadcast	{"{round 20 3  <nil>}": {"Key":"from","Type":15,"Integer":0,"String":"c","Interface":null}}
2025-08-15T22:13:29.658-0500	DEBUG	protocol/handler.go:1649	have all messages and processed	{"{round 20 3  <nil>}": {"Key":"self","Type":15,"Integer":0,"String":"a","Interface":null}}
2025-08-15T22:13:29.658-0500	DEBUG	protocol/handler.go:596	round already finalized
2025-08-15T22:13:29.658-0500	DEBUG	protocol/handler.go:581	tryAdvanceRound called	{"{current_round 20 3  <nil>}": {"Key":"self","Type":15,"Integer":0,"String":"a","Interface":null}}
2025-08-15T22:13:29.658-0500	DEBUG	protocol/handler.go:1591	have processed broadcast	{"{round 20 3  <nil>}": {"Key":"from","Type":15,"Integer":0,"String":"b","Interface":null}}
2025-08-15T22:13:29.658-0500	DEBUG	protocol/handler.go:1591	have processed broadcast	{"{round 20 3  <nil>}": {"Key":"from","Type":15,"Integer":0,"String":"c","Interface":null}}
2025-08-15T22:13:29.658-0500	DEBUG	protocol/handler.go:1649	have all messages and processed	{"{round 20 3  <nil>}": {"Key":"self","Type":15,"Integer":0,"String":"a","Interface":null}}
2025-08-15T22:13:29.658-0500	DEBUG	protocol/handler.go:596	round already finalized
2025-08-15T22:13:29.658-0500	DEBUG	protocol/handler.go:581	tryAdvanceRound called	{"{current_round 20 3  <nil>}": {"Key":"self","Type":15,"Integer":0,"String":"a","Interface":null}}
2025-08-15T22:13:29.658-0500	DEBUG	protocol/handler.go:1591	have processed broadcast	{"{round 20 3  <nil>}": {"Key":"from","Type":15,"Integer":0,"String":"b","Interface":null}}
2025-08-15T22:13:29.658-0500	DEBUG	protocol/handler.go:1591	have processed broadcast	{"{round 20 3  <nil>}": {"Key":"from","Type":15,"Integer":0,"String":"c","Interface":null}}
2025-08-15T22:13:29.658-0500	DEBUG	protocol/handler.go:1649	have all messages and processed	{"{round 20 3  <nil>}": {"Key":"self","Type":15,"Integer":0,"String":"a","Interface":null}}
2025-08-15T22:13:29.658-0500	DEBUG	protocol/handler.go:596	round already finalized
2025-08-15T22:13:29.661-0500	DEBUG	protocol/handler.go:581	tryAdvanceRound called	{"{current_round 20 3  <nil>}": {"Key":"self","Type":15,"Integer":0,"String":"c","Interface":null}}
2025-08-15T22:13:29.661-0500	DEBUG	protocol/handler.go:1591	have processed broadcast	{"{round 20 3  <nil>}": {"Key":"from","Type":15,"Integer":0,"String":"a","Interface":null}}
2025-08-15T22:13:29.661-0500	DEBUG	protocol/handler.go:1591	have processed broadcast	{"{round 20 3  <nil>}": {"Key":"from","Type":15,"Integer":0,"String":"b","Interface":null}}
2025-08-15T22:13:29.661-0500	DEBUG	protocol/handler.go:1649	have all messages and processed	{"{round 20 3  <nil>}": {"Key":"self","Type":15,"Integer":0,"String":"c","Interface":null}}
2025-08-15T22:13:29.661-0500	DEBUG	protocol/handler.go:596	round already finalized
2025-08-15T22:13:29.661-0500	DEBUG	protocol/handler.go:581	tryAdvanceRound called	{"{current_round 20 3  <nil>}": {"Key":"self","Type":15,"Integer":0,"String":"c","Interface":null}}
2025-08-15T22:13:29.661-0500	DEBUG	protocol/handler.go:1591	have processed broadcast	{"{round 20 3  <nil>}": {"Key":"from","Type":15,"Integer":0,"String":"a","Interface":null}}
2025-08-15T22:13:29.661-0500	DEBUG	protocol/handler.go:1591	have processed broadcast	{"{round 20 3  <nil>}": {"Key":"from","Type":15,"Integer":0,"String":"b","Interface":null}}
2025-08-15T22:13:29.661-0500	DEBUG	protocol/handler.go:1649	have all messages and processed	{"{round 20 3  <nil>}": {"Key":"self","Type":15,"Integer":0,"String":"c","Interface":null}}
2025-08-15T22:13:29.661-0500	DEBUG	protocol/handler.go:596	round already finalized
2025-08-15T22:13:29.684-0500	DEBUG	protocol/handler.go:581	tryAdvanceRound called	{"{current_round 20 3  <nil>}": {"Key":"self","Type":15,"Integer":0,"String":"c","Interface":null}}
2025-08-15T22:13:29.684-0500	DEBUG	protocol/handler.go:1591	have processed broadcast	{"{round 20 3  <nil>}": {"Key":"from","Type":15,"Integer":0,"String":"a","Interface":null}}
2025-08-15T22:13:29.684-0500	DEBUG	protocol/handler.go:1591	have processed broadcast	{"{round 20 3  <nil>}": {"Key":"from","Type":15,"Integer":0,"String":"b","Interface":null}}
2025-08-15T22:13:29.685-0500	DEBUG	protocol/handler.go:1649	have all messages and processed	{"{round 20 3  <nil>}": {"Key":"self","Type":15,"Integer":0,"String":"c","Interface":null}}
2025-08-15T22:13:29.685-0500	DEBUG	protocol/handler.go:596	round already finalized
2025-08-15T22:13:29.695-0500	DEBUG	protocol/handler.go:581	tryAdvanceRound called	{"{current_round 20 3  <nil>}": {"Key":"self","Type":15,"Integer":0,"String":"c","Interface":null}}
2025-08-15T22:13:29.695-0500	DEBUG	protocol/handler.go:1591	have processed broadcast	{"{round 20 3  <nil>}": {"Key":"from","Type":15,"Integer":0,"String":"a","Interface":null}}
2025-08-15T22:13:29.696-0500	DEBUG	protocol/handler.go:1591	have processed broadcast	{"{round 20 3  <nil>}": {"Key":"from","Type":15,"Integer":0,"String":"b","Interface":null}}
2025-08-15T22:13:29.696-0500	DEBUG	protocol/handler.go:1649	have all messages and processed	{"{round 20 3  <nil>}": {"Key":"self","Type":15,"Integer":0,"String":"c","Interface":null}}
2025-08-15T22:13:29.696-0500	DEBUG	protocol/handler.go:596	round already finalized
2025-08-15T22:13:29.696-0500	DEBUG	protocol/handler.go:581	tryAdvanceRound called	{"{current_round 20 3  <nil>}": {"Key":"self","Type":15,"Integer":0,"String":"b","Interface":null}}
2025-08-15T22:13:29.701-0500	DEBUG	protocol/handler.go:1591	have processed broadcast	{"{round 20 3  <nil>}": {"Key":"from","Type":15,"Integer":0,"String":"a","Interface":null}}
2025-08-15T22:13:29.701-0500	DEBUG	protocol/handler.go:1591	have processed broadcast	{"{round 20 3  <nil>}": {"Key":"from","Type":15,"Integer":0,"String":"c","Interface":null}}
2025-08-15T22:13:29.701-0500	DEBUG	protocol/handler.go:1649	have all messages and processed	{"{round 20 3  <nil>}": {"Key":"self","Type":15,"Integer":0,"String":"b","Interface":null}}
2025-08-15T22:13:29.701-0500	DEBUG	protocol/handler.go:596	round already finalized
2025-08-15T22:13:29.702-0500	DEBUG	protocol/handler.go:581	tryAdvanceRound called	{"{current_round 20 3  <nil>}": {"Key":"self","Type":15,"Integer":0,"String":"b","Interface":null}}
2025-08-15T22:13:29.702-0500	DEBUG	protocol/handler.go:1591	have processed broadcast	{"{round 20 3  <nil>}": {"Key":"from","Type":15,"Integer":0,"String":"a","Interface":null}}
2025-08-15T22:13:29.702-0500	DEBUG	protocol/handler.go:1591	have processed broadcast	{"{round 20 3  <nil>}": {"Key":"from","Type":15,"Integer":0,"String":"c","Interface":null}}
2025-08-15T22:13:29.702-0500	DEBUG	protocol/handler.go:1649	have all messages and processed	{"{round 20 3  <nil>}": {"Key":"self","Type":15,"Integer":0,"String":"b","Interface":null}}
2025-08-15T22:13:29.702-0500	DEBUG	protocol/handler.go:596	round already finalized
2025-08-15T22:13:29.702-0500	DEBUG	protocol/handler.go:581	tryAdvanceRound called	{"{current_round 20 3  <nil>}": {"Key":"self","Type":15,"Integer":0,"String":"b","Interface":null}}
2025-08-15T22:13:29.702-0500	DEBUG	protocol/handler.go:1591	have processed broadcast	{"{round 20 3  <nil>}": {"Key":"from","Type":15,"Integer":0,"String":"a","Interface":null}}
2025-08-15T22:13:29.702-0500	DEBUG	protocol/handler.go:1591	have processed broadcast	{"{round 20 3  <nil>}": {"Key":"from","Type":15,"Integer":0,"String":"c","Interface":null}}
2025-08-15T22:13:29.702-0500	DEBUG	protocol/handler.go:1649	have all messages and processed	{"{round 20 3  <nil>}": {"Key":"self","Type":15,"Integer":0,"String":"b","Interface":null}}
2025-08-15T22:13:29.702-0500	DEBUG	protocol/handler.go:596	round already finalized
2025-08-15T22:13:29.698-0500	DEBUG	protocol/handler.go:581	tryAdvanceRound called	{"{current_round 20 3  <nil>}": {"Key":"self","Type":15,"Integer":0,"String":"a","Interface":null}}
2025-08-15T22:13:29.702-0500	DEBUG	protocol/handler.go:1591	have processed broadcast	{"{round 20 3  <nil>}": {"Key":"from","Type":15,"Integer":0,"String":"b","Interface":null}}
2025-08-15T22:13:29.702-0500	DEBUG	protocol/handler.go:1591	have processed broadcast	{"{round 20 3  <nil>}": {"Key":"from","Type":15,"Integer":0,"String":"c","Interface":null}}
2025-08-15T22:13:29.702-0500	DEBUG	protocol/handler.go:1649	have all messages and processed	{"{round 20 3  <nil>}": {"Key":"self","Type":15,"Integer":0,"String":"a","Interface":null}}
2025-08-15T22:13:29.702-0500	DEBUG	protocol/handler.go:596	round already finalized
2025-08-15T22:13:29.702-0500	DEBUG	protocol/handler.go:581	tryAdvanceRound called	{"{current_round 20 3  <nil>}": {"Key":"self","Type":15,"Integer":0,"String":"a","Interface":null}}
2025-08-15T22:13:29.708-0500	DEBUG	protocol/handler.go:1591	have processed broadcast	{"{round 20 3  <nil>}": {"Key":"from","Type":15,"Integer":0,"String":"b","Interface":null}}
2025-08-15T22:13:29.708-0500	DEBUG	protocol/handler.go:1591	have processed broadcast	{"{round 20 3  <nil>}": {"Key":"from","Type":15,"Integer":0,"String":"c","Interface":null}}
2025-08-15T22:13:29.708-0500	DEBUG	protocol/handler.go:1649	have all messages and processed	{"{round 20 3  <nil>}": {"Key":"self","Type":15,"Integer":0,"String":"a","Interface":null}}
2025-08-15T22:13:29.708-0500	DEBUG	protocol/handler.go:596	round already finalized
2025-08-15T22:13:29.708-0500	DEBUG	protocol/handler.go:581	tryAdvanceRound called	{"{current_round 20 3  <nil>}": {"Key":"self","Type":15,"Integer":0,"String":"a","Interface":null}}
2025-08-15T22:13:29.708-0500	DEBUG	protocol/handler.go:1591	have processed broadcast	{"{round 20 3  <nil>}": {"Key":"from","Type":15,"Integer":0,"String":"b","Interface":null}}
2025-08-15T22:13:29.708-0500	DEBUG	protocol/handler.go:1591	have processed broadcast	{"{round 20 3  <nil>}": {"Key":"from","Type":15,"Integer":0,"String":"c","Interface":null}}
2025-08-15T22:13:29.708-0500	DEBUG	protocol/handler.go:1649	have all messages and processed	{"{round 20 3  <nil>}": {"Key":"self","Type":15,"Integer":0,"String":"a","Interface":null}}
2025-08-15T22:13:29.708-0500	DEBUG	protocol/handler.go:596	round already finalized
2025-08-15T22:13:29.708-0500	DEBUG	protocol/handler.go:581	tryAdvanceRound called	{"{current_round 20 3  <nil>}": {"Key":"self","Type":15,"Integer":0,"String":"c","Interface":null}}
2025-08-15T22:13:29.709-0500	DEBUG	protocol/handler.go:1591	have processed broadcast	{"{round 20 3  <nil>}": {"Key":"from","Type":15,"Integer":0,"String":"a","Interface":null}}
2025-08-15T22:13:29.709-0500	DEBUG	protocol/handler.go:1591	have processed broadcast	{"{round 20 3  <nil>}": {"Key":"from","Type":15,"Integer":0,"String":"b","Interface":null}}
2025-08-15T22:13:29.709-0500	DEBUG	protocol/handler.go:1649	have all messages and processed	{"{round 20 3  <nil>}": {"Key":"self","Type":15,"Integer":0,"String":"c","Interface":null}}
2025-08-15T22:13:29.709-0500	DEBUG	protocol/handler.go:596	round already finalized
2025-08-15T22:13:29.774-0500	DEBUG	protocol/handler.go:581	tryAdvanceRound called	{"{current_round 20 3  <nil>}": {"Key":"self","Type":15,"Integer":0,"String":"b","Interface":null}}
2025-08-15T22:13:29.777-0500	DEBUG	protocol/handler.go:1591	have processed broadcast	{"{round 20 3  <nil>}": {"Key":"from","Type":15,"Integer":0,"String":"a","Interface":null}}
2025-08-15T22:13:29.777-0500	DEBUG	protocol/handler.go:1591	have processed broadcast	{"{round 20 3  <nil>}": {"Key":"from","Type":15,"Integer":0,"String":"c","Interface":null}}
2025-08-15T22:13:29.777-0500	DEBUG	protocol/handler.go:1649	have all messages and processed	{"{round 20 3  <nil>}": {"Key":"self","Type":15,"Integer":0,"String":"b","Interface":null}}
2025-08-15T22:13:29.778-0500	DEBUG	protocol/handler.go:596	round already finalized
2025-08-15T22:13:29.778-0500	DEBUG	protocol/handler.go:581	tryAdvanceRound called	{"{current_round 20 3  <nil>}": {"Key":"self","Type":15,"Integer":0,"String":"b","Interface":null}}
2025-08-15T22:13:29.778-0500	DEBUG	protocol/handler.go:1591	have processed broadcast	{"{round 20 3  <nil>}": {"Key":"from","Type":15,"Integer":0,"String":"a","Interface":null}}
2025-08-15T22:13:29.778-0500	DEBUG	protocol/handler.go:1591	have processed broadcast	{"{round 20 3  <nil>}": {"Key":"from","Type":15,"Integer":0,"String":"c","Interface":null}}
2025-08-15T22:13:29.778-0500	DEBUG	protocol/handler.go:1649	have all messages and processed	{"{round 20 3  <nil>}": {"Key":"self","Type":15,"Integer":0,"String":"b","Interface":null}}
2025-08-15T22:13:29.779-0500	DEBUG	protocol/handler.go:596	round already finalized
2025-08-15T22:13:29.779-0500	DEBUG	protocol/handler.go:581	tryAdvanceRound called	{"{current_round 20 3  <nil>}": {"Key":"self","Type":15,"Integer":0,"String":"c","Interface":null}}
2025-08-15T22:13:29.779-0500	DEBUG	protocol/handler.go:1591	have processed broadcast	{"{round 20 3  <nil>}": {"Key":"from","Type":15,"Integer":0,"String":"a","Interface":null}}
2025-08-15T22:13:29.779-0500	DEBUG	protocol/handler.go:1591	have processed broadcast	{"{round 20 3  <nil>}": {"Key":"from","Type":15,"Integer":0,"String":"b","Interface":null}}
2025-08-15T22:13:29.779-0500	DEBUG	protocol/handler.go:1649	have all messages and processed	{"{round 20 3  <nil>}": {"Key":"self","Type":15,"Integer":0,"String":"c","Interface":null}}
2025-08-15T22:13:29.779-0500	DEBUG	protocol/handler.go:596	round already finalized
2025-08-15T22:13:29.779-0500	DEBUG	protocol/handler.go:581	tryAdvanceRound called	{"{current_round 20 3  <nil>}": {"Key":"self","Type":15,"Integer":0,"String":"c","Interface":null}}
2025-08-15T22:13:29.779-0500	DEBUG	protocol/handler.go:1591	have processed broadcast	{"{round 20 3  <nil>}": {"Key":"from","Type":15,"Integer":0,"String":"a","Interface":null}}
2025-08-15T22:13:29.779-0500	DEBUG	protocol/handler.go:1591	have processed broadcast	{"{round 20 3  <nil>}": {"Key":"from","Type":15,"Integer":0,"String":"b","Interface":null}}
2025-08-15T22:13:29.779-0500	DEBUG	protocol/handler.go:1649	have all messages and processed	{"{round 20 3  <nil>}": {"Key":"self","Type":15,"Integer":0,"String":"c","Interface":null}}
2025-08-15T22:13:29.779-0500	DEBUG	protocol/handler.go:596	round already finalized
2025-08-15T22:13:29.801-0500	DEBUG	protocol/handler.go:581	tryAdvanceRound called	{"{current_round 20 3  <nil>}": {"Key":"self","Type":15,"Integer":0,"String":"c","Interface":null}}
2025-08-15T22:13:29.801-0500	DEBUG	protocol/handler.go:1591	have processed broadcast	{"{round 20 3  <nil>}": {"Key":"from","Type":15,"Integer":0,"String":"a","Interface":null}}
2025-08-15T22:13:29.801-0500	DEBUG	protocol/handler.go:1591	have processed broadcast	{"{round 20 3  <nil>}": {"Key":"from","Type":15,"Integer":0,"String":"b","Interface":null}}
2025-08-15T22:13:29.801-0500	DEBUG	protocol/handler.go:1649	have all messages and processed	{"{round 20 3  <nil>}": {"Key":"self","Type":15,"Integer":0,"String":"c","Interface":null}}
2025-08-15T22:13:29.801-0500	DEBUG	protocol/handler.go:596	round already finalized
2025-08-15T22:13:29.801-0500	DEBUG	protocol/handler.go:581	tryAdvanceRound called	{"{current_round 20 3  <nil>}": {"Key":"self","Type":15,"Integer":0,"String":"a","Interface":null}}
2025-08-15T22:13:29.801-0500	DEBUG	protocol/handler.go:1591	have processed broadcast	{"{round 20 3  <nil>}": {"Key":"from","Type":15,"Integer":0,"String":"b","Interface":null}}
2025-08-15T22:13:29.801-0500	DEBUG	protocol/handler.go:1591	have processed broadcast	{"{round 20 3  <nil>}": {"Key":"from","Type":15,"Integer":0,"String":"c","Interface":null}}
2025-08-15T22:13:29.801-0500	DEBUG	protocol/handler.go:1649	have all messages and processed	{"{round 20 3  <nil>}": {"Key":"self","Type":15,"Integer":0,"String":"a","Interface":null}}
2025-08-15T22:13:29.801-0500	DEBUG	protocol/handler.go:596	round already finalized
2025-08-15T22:13:29.801-0500	DEBUG	protocol/handler.go:581	tryAdvanceRound called	{"{current_round 20 3  <nil>}": {"Key":"self","Type":15,"Integer":0,"String":"a","Interface":null}}
2025-08-15T22:13:29.801-0500	DEBUG	protocol/handler.go:1591	have processed broadcast	{"{round 20 3  <nil>}": {"Key":"from","Type":15,"Integer":0,"String":"b","Interface":null}}
2025-08-15T22:13:29.801-0500	DEBUG	protocol/handler.go:1591	have processed broadcast	{"{round 20 3  <nil>}": {"Key":"from","Type":15,"Integer":0,"String":"c","Interface":null}}
2025-08-15T22:13:29.802-0500	DEBUG	protocol/handler.go:1649	have all messages and processed	{"{round 20 3  <nil>}": {"Key":"self","Type":15,"Integer":0,"String":"a","Interface":null}}
2025-08-15T22:13:29.802-0500	DEBUG	protocol/handler.go:596	round already finalized
2025-08-15T22:13:29.802-0500	DEBUG	protocol/handler.go:581	tryAdvanceRound called	{"{current_round 20 3  <nil>}": {"Key":"self","Type":15,"Integer":0,"String":"b","Interface":null}}
2025-08-15T22:13:29.802-0500	DEBUG	protocol/handler.go:1591	have processed broadcast	{"{round 20 3  <nil>}": {"Key":"from","Type":15,"Integer":0,"String":"a","Interface":null}}
2025-08-15T22:13:29.802-0500	DEBUG	protocol/handler.go:1591	have processed broadcast	{"{round 20 3  <nil>}": {"Key":"from","Type":15,"Integer":0,"String":"c","Interface":null}}
2025-08-15T22:13:29.802-0500	DEBUG	protocol/handler.go:1649	have all messages and processed	{"{round 20 3  <nil>}": {"Key":"self","Type":15,"Integer":0,"String":"b","Interface":null}}
2025-08-15T22:13:29.802-0500	DEBUG	protocol/handler.go:596	round already finalized
2025-08-15T22:13:29.830-0500	DEBUG	protocol/handler.go:581	tryAdvanceRound called	{"{current_round 20 3  <nil>}": {"Key":"self","Type":15,"Integer":0,"String":"c","Interface":null}}
2025-08-15T22:13:29.830-0500	DEBUG	protocol/handler.go:1591	have processed broadcast	{"{round 20 3  <nil>}": {"Key":"from","Type":15,"Integer":0,"String":"a","Interface":null}}
2025-08-15T22:13:29.830-0500	DEBUG	protocol/handler.go:1591	have processed broadcast	{"{round 20 3  <nil>}": {"Key":"from","Type":15,"Integer":0,"String":"b","Interface":null}}
2025-08-15T22:13:29.831-0500	DEBUG	protocol/handler.go:1649	have all messages and processed	{"{round 20 3  <nil>}": {"Key":"self","Type":15,"Integer":0,"String":"c","Interface":null}}
2025-08-15T22:13:29.831-0500	DEBUG	protocol/handler.go:596	round already finalized
2025-08-15T22:13:29.831-0500	DEBUG	protocol/handler.go:581	tryAdvanceRound called	{"{current_round 20 3  <nil>}": {"Key":"self","Type":15,"Integer":0,"String":"c","Interface":null}}
2025-08-15T22:13:29.831-0500	DEBUG	protocol/handler.go:1591	have processed broadcast	{"{round 20 3  <nil>}": {"Key":"from","Type":15,"Integer":0,"String":"a","Interface":null}}
2025-08-15T22:13:29.831-0500	DEBUG	protocol/handler.go:1591	have processed broadcast	{"{round 20 3  <nil>}": {"Key":"from","Type":15,"Integer":0,"String":"b","Interface":null}}
2025-08-15T22:13:29.831-0500	DEBUG	protocol/handler.go:1649	have all messages and processed	{"{round 20 3  <nil>}": {"Key":"self","Type":15,"Integer":0,"String":"c","Interface":null}}
2025-08-15T22:13:29.831-0500	DEBUG	protocol/handler.go:596	round already finalized
2025-08-15T22:13:29.847-0500	DEBUG	protocol/handler.go:581	tryAdvanceRound called	{"{current_round 20 3  <nil>}": {"Key":"self","Type":15,"Integer":0,"String":"a","Interface":null}}
2025-08-15T22:13:29.847-0500	DEBUG	protocol/handler.go:1591	have processed broadcast	{"{round 20 3  <nil>}": {"Key":"from","Type":15,"Integer":0,"String":"b","Interface":null}}
2025-08-15T22:13:29.847-0500	DEBUG	protocol/handler.go:1591	have processed broadcast	{"{round 20 3  <nil>}": {"Key":"from","Type":15,"Integer":0,"String":"c","Interface":null}}
2025-08-15T22:13:29.847-0500	DEBUG	protocol/handler.go:1649	have all messages and processed	{"{round 20 3  <nil>}": {"Key":"self","Type":15,"Integer":0,"String":"a","Interface":null}}
2025-08-15T22:13:29.847-0500	DEBUG	protocol/handler.go:596	round already finalized
2025-08-15T22:13:29.847-0500	DEBUG	protocol/handler.go:581	tryAdvanceRound called	{"{current_round 20 3  <nil>}": {"Key":"self","Type":15,"Integer":0,"String":"a","Interface":null}}
2025-08-15T22:13:29.847-0500	DEBUG	protocol/handler.go:1591	have processed broadcast	{"{round 20 3  <nil>}": {"Key":"from","Type":15,"Integer":0,"String":"b","Interface":null}}
2025-08-15T22:13:29.847-0500	DEBUG	protocol/handler.go:1591	have processed broadcast	{"{round 20 3  <nil>}": {"Key":"from","Type":15,"Integer":0,"String":"c","Interface":null}}
2025-08-15T22:13:29.847-0500	DEBUG	protocol/handler.go:1649	have all messages and processed	{"{round 20 3  <nil>}": {"Key":"self","Type":15,"Integer":0,"String":"a","Interface":null}}
2025-08-15T22:13:29.847-0500	DEBUG	protocol/handler.go:596	round already finalized
2025-08-15T22:13:29.847-0500	DEBUG	protocol/handler.go:581	tryAdvanceRound called	{"{current_round 20 3  <nil>}": {"Key":"self","Type":15,"Integer":0,"String":"b","Interface":null}}
2025-08-15T22:13:29.847-0500	DEBUG	protocol/handler.go:1591	have processed broadcast	{"{round 20 3  <nil>}": {"Key":"from","Type":15,"Integer":0,"String":"a","Interface":null}}
2025-08-15T22:13:29.847-0500	DEBUG	protocol/handler.go:1591	have processed broadcast	{"{round 20 3  <nil>}": {"Key":"from","Type":15,"Integer":0,"String":"c","Interface":null}}
2025-08-15T22:13:29.847-0500	DEBUG	protocol/handler.go:1649	have all messages and processed	{"{round 20 3  <nil>}": {"Key":"self","Type":15,"Integer":0,"String":"b","Interface":null}}
2025-08-15T22:13:29.847-0500	DEBUG	protocol/handler.go:596	round already finalized
2025-08-15T22:13:29.847-0500	DEBUG	protocol/handler.go:581	tryAdvanceRound called	{"{current_round 20 3  <nil>}": {"Key":"self","Type":15,"Integer":0,"String":"b","Interface":null}}
2025-08-15T22:13:29.847-0500	DEBUG	protocol/handler.go:1591	have processed broadcast	{"{round 20 3  <nil>}": {"Key":"from","Type":15,"Integer":0,"String":"a","Interface":null}}
2025-08-15T22:13:29.847-0500	DEBUG	protocol/handler.go:1591	have processed broadcast	{"{round 20 3  <nil>}": {"Key":"from","Type":15,"Integer":0,"String":"c","Interface":null}}
2025-08-15T22:13:29.847-0500	DEBUG	protocol/handler.go:1649	have all messages and processed	{"{round 20 3  <nil>}": {"Key":"self","Type":15,"Integer":0,"String":"b","Interface":null}}
2025-08-15T22:13:29.848-0500	DEBUG	protocol/handler.go:596	round already finalized
2025-08-15T22:13:29.856-0500	DEBUG	protocol/handler.go:581	tryAdvanceRound called	{"{current_round 20 3  <nil>}": {"Key":"self","Type":15,"Integer":0,"String":"c","Interface":null}}
2025-08-15T22:13:29.856-0500	DEBUG	protocol/handler.go:1591	have processed broadcast	{"{round 20 3  <nil>}": {"Key":"from","Type":15,"Integer":0,"String":"a","Interface":null}}
2025-08-15T22:13:29.856-0500	DEBUG	protocol/handler.go:1591	have processed broadcast	{"{round 20 3  <nil>}": {"Key":"from","Type":15,"Integer":0,"String":"b","Interface":null}}
2025-08-15T22:13:29.856-0500	DEBUG	protocol/handler.go:1649	have all messages and processed	{"{round 20 3  <nil>}": {"Key":"self","Type":15,"Integer":0,"String":"c","Interface":null}}
2025-08-15T22:13:29.856-0500	DEBUG	protocol/handler.go:596	round already finalized
2025-08-15T22:13:29.856-0500	DEBUG	protocol/handler.go:581	tryAdvanceRound called	{"{current_round 20 3  <nil>}": {"Key":"self","Type":15,"Integer":0,"String":"c","Interface":null}}
2025-08-15T22:13:29.856-0500	DEBUG	protocol/handler.go:1591	have processed broadcast	{"{round 20 3  <nil>}": {"Key":"from","Type":15,"Integer":0,"String":"a","Interface":null}}
2025-08-15T22:13:29.857-0500	DEBUG	protocol/handler.go:1591	have processed broadcast	{"{round 20 3  <nil>}": {"Key":"from","Type":15,"Integer":0,"String":"b","Interface":null}}
2025-08-15T22:13:29.857-0500	DEBUG	protocol/handler.go:1649	have all messages and processed	{"{round 20 3  <nil>}": {"Key":"self","Type":15,"Integer":0,"String":"c","Interface":null}}
2025-08-15T22:13:29.857-0500	DEBUG	protocol/handler.go:596	round already finalized
2025-08-15T22:13:29.857-0500	DEBUG	protocol/handler.go:581	tryAdvanceRound called	{"{current_round 20 3  <nil>}": {"Key":"self","Type":15,"Integer":0,"String":"a","Interface":null}}
2025-08-15T22:13:29.857-0500	DEBUG	protocol/handler.go:1591	have processed broadcast	{"{round 20 3  <nil>}": {"Key":"from","Type":15,"Integer":0,"String":"b","Interface":null}}
2025-08-15T22:13:29.857-0500	DEBUG	protocol/handler.go:1591	have processed broadcast	{"{round 20 3  <nil>}": {"Key":"from","Type":15,"Integer":0,"String":"c","Interface":null}}
2025-08-15T22:13:29.857-0500	DEBUG	protocol/handler.go:1649	have all messages and processed	{"{round 20 3  <nil>}": {"Key":"self","Type":15,"Integer":0,"String":"a","Interface":null}}
2025-08-15T22:13:29.858-0500	DEBUG	protocol/handler.go:596	round already finalized
2025-08-15T22:13:29.858-0500	DEBUG	protocol/handler.go:581	tryAdvanceRound called	{"{current_round 20 3  <nil>}": {"Key":"self","Type":15,"Integer":0,"String":"b","Interface":null}}
2025-08-15T22:13:29.858-0500	DEBUG	protocol/handler.go:1591	have processed broadcast	{"{round 20 3  <nil>}": {"Key":"from","Type":15,"Integer":0,"String":"a","Interface":null}}
2025-08-15T22:13:29.858-0500	DEBUG	protocol/handler.go:1591	have processed broadcast	{"{round 20 3  <nil>}": {"Key":"from","Type":15,"Integer":0,"String":"c","Interface":null}}
2025-08-15T22:13:29.858-0500	DEBUG	protocol/handler.go:1649	have all messages and processed	{"{round 20 3  <nil>}": {"Key":"self","Type":15,"Integer":0,"String":"b","Interface":null}}
2025-08-15T22:13:29.858-0500	DEBUG	protocol/handler.go:596	round already finalized
2025-08-15T22:13:29.883-0500	DEBUG	protocol/handler.go:581	tryAdvanceRound called	{"{current_round 20 3  <nil>}": {"Key":"self","Type":15,"Integer":0,"String":"a","Interface":null}}
2025-08-15T22:13:29.885-0500	DEBUG	protocol/handler.go:1591	have processed broadcast	{"{round 20 3  <nil>}": {"Key":"from","Type":15,"Integer":0,"String":"b","Interface":null}}
2025-08-15T22:13:29.886-0500	DEBUG	protocol/handler.go:1591	have processed broadcast	{"{round 20 3  <nil>}": {"Key":"from","Type":15,"Integer":0,"String":"c","Interface":null}}
2025-08-15T22:13:29.887-0500	DEBUG	protocol/handler.go:1649	have all messages and processed	{"{round 20 3  <nil>}": {"Key":"self","Type":15,"Integer":0,"String":"a","Interface":null}}
2025-08-15T22:13:29.887-0500	DEBUG	protocol/handler.go:596	round already finalized
2025-08-15T22:13:29.904-0500	DEBUG	protocol/handler.go:581	tryAdvanceRound called	{"{current_round 20 3  <nil>}": {"Key":"self","Type":15,"Integer":0,"String":"b","Interface":null}}
2025-08-15T22:13:29.904-0500	DEBUG	protocol/handler.go:1591	have processed broadcast	{"{round 20 3  <nil>}": {"Key":"from","Type":15,"Integer":0,"String":"a","Interface":null}}
2025-08-15T22:13:29.904-0500	DEBUG	protocol/handler.go:1591	have processed broadcast	{"{round 20 3  <nil>}": {"Key":"from","Type":15,"Integer":0,"String":"c","Interface":null}}
2025-08-15T22:13:29.905-0500	DEBUG	protocol/handler.go:1649	have all messages and processed	{"{round 20 3  <nil>}": {"Key":"self","Type":15,"Integer":0,"String":"b","Interface":null}}
2025-08-15T22:13:29.905-0500	DEBUG	protocol/handler.go:596	round already finalized
2025-08-15T22:13:29.905-0500	DEBUG	protocol/handler.go:581	tryAdvanceRound called	{"{current_round 20 3  <nil>}": {"Key":"self","Type":15,"Integer":0,"String":"b","Interface":null}}
2025-08-15T22:13:29.905-0500	DEBUG	protocol/handler.go:1591	have processed broadcast	{"{round 20 3  <nil>}": {"Key":"from","Type":15,"Integer":0,"String":"a","Interface":null}}
2025-08-15T22:13:29.905-0500	DEBUG	protocol/handler.go:1591	have processed broadcast	{"{round 20 3  <nil>}": {"Key":"from","Type":15,"Integer":0,"String":"c","Interface":null}}
2025-08-15T22:13:29.905-0500	DEBUG	protocol/handler.go:1649	have all messages and processed	{"{round 20 3  <nil>}": {"Key":"self","Type":15,"Integer":0,"String":"b","Interface":null}}
2025-08-15T22:13:29.905-0500	DEBUG	protocol/handler.go:596	round already finalized
2025-08-15T22:13:29.905-0500	DEBUG	protocol/handler.go:581	tryAdvanceRound called	{"{current_round 20 3  <nil>}": {"Key":"self","Type":15,"Integer":0,"String":"c","Interface":null}}
2025-08-15T22:13:29.905-0500	DEBUG	protocol/handler.go:1591	have processed broadcast	{"{round 20 3  <nil>}": {"Key":"from","Type":15,"Integer":0,"String":"a","Interface":null}}
2025-08-15T22:13:29.905-0500	DEBUG	protocol/handler.go:1591	have processed broadcast	{"{round 20 3  <nil>}": {"Key":"from","Type":15,"Integer":0,"String":"b","Interface":null}}
2025-08-15T22:13:29.905-0500	DEBUG	protocol/handler.go:1649	have all messages and processed	{"{round 20 3  <nil>}": {"Key":"self","Type":15,"Integer":0,"String":"c","Interface":null}}
2025-08-15T22:13:29.905-0500	DEBUG	protocol/handler.go:596	round already finalized
2025-08-15T22:13:29.905-0500	DEBUG	protocol/handler.go:581	tryAdvanceRound called	{"{current_round 20 3  <nil>}": {"Key":"self","Type":15,"Integer":0,"String":"c","Interface":null}}
2025-08-15T22:13:29.905-0500	DEBUG	protocol/handler.go:1591	have processed broadcast	{"{round 20 3  <nil>}": {"Key":"from","Type":15,"Integer":0,"String":"a","Interface":null}}
2025-08-15T22:13:29.905-0500	DEBUG	protocol/handler.go:1591	have processed broadcast	{"{round 20 3  <nil>}": {"Key":"from","Type":15,"Integer":0,"String":"b","Interface":null}}
2025-08-15T22:13:29.905-0500	DEBUG	protocol/handler.go:1649	have all messages and processed	{"{round 20 3  <nil>}": {"Key":"self","Type":15,"Integer":0,"String":"c","Interface":null}}
2025-08-15T22:13:29.905-0500	DEBUG	protocol/handler.go:596	round already finalized
2025-08-15T22:13:29.905-0500	DEBUG	protocol/handler.go:581	tryAdvanceRound called	{"{current_round 20 3  <nil>}": {"Key":"self","Type":15,"Integer":0,"String":"a","Interface":null}}
2025-08-15T22:13:29.905-0500	DEBUG	protocol/handler.go:1591	have processed broadcast	{"{round 20 3  <nil>}": {"Key":"from","Type":15,"Integer":0,"String":"b","Interface":null}}
2025-08-15T22:13:29.905-0500	DEBUG	protocol/handler.go:1591	have processed broadcast	{"{round 20 3  <nil>}": {"Key":"from","Type":15,"Integer":0,"String":"c","Interface":null}}
2025-08-15T22:13:29.905-0500	DEBUG	protocol/handler.go:1649	have all messages and processed	{"{round 20 3  <nil>}": {"Key":"self","Type":15,"Integer":0,"String":"a","Interface":null}}
2025-08-15T22:13:29.905-0500	DEBUG	protocol/handler.go:596	round already finalized
2025-08-15T22:13:29.905-0500	DEBUG	protocol/handler.go:581	tryAdvanceRound called	{"{current_round 20 3  <nil>}": {"Key":"self","Type":15,"Integer":0,"String":"a","Interface":null}}
2025-08-15T22:13:29.906-0500	DEBUG	protocol/handler.go:1591	have processed broadcast	{"{round 20 3  <nil>}": {"Key":"from","Type":15,"Integer":0,"String":"b","Interface":null}}
2025-08-15T22:13:29.906-0500	DEBUG	protocol/handler.go:1591	have processed broadcast	{"{round 20 3  <nil>}": {"Key":"from","Type":15,"Integer":0,"String":"c","Interface":null}}
2025-08-15T22:13:29.906-0500	DEBUG	protocol/handler.go:1649	have all messages and processed	{"{round 20 3  <nil>}": {"Key":"self","Type":15,"Integer":0,"String":"a","Interface":null}}
2025-08-15T22:13:29.906-0500	DEBUG	protocol/handler.go:596	round already finalized
2025-08-15T22:13:29.926-0500	DEBUG	protocol/handler.go:581	tryAdvanceRound called	{"{current_round 20 3  <nil>}": {"Key":"self","Type":15,"Integer":0,"String":"a","Interface":null}}
2025-08-15T22:13:29.926-0500	DEBUG	protocol/handler.go:1591	have processed broadcast	{"{round 20 3  <nil>}": {"Key":"from","Type":15,"Integer":0,"String":"b","Interface":null}}
2025-08-15T22:13:29.926-0500	DEBUG	protocol/handler.go:1591	have processed broadcast	{"{round 20 3  <nil>}": {"Key":"from","Type":15,"Integer":0,"String":"c","Interface":null}}
2025-08-15T22:13:29.926-0500	DEBUG	protocol/handler.go:1649	have all messages and processed	{"{round 20 3  <nil>}": {"Key":"self","Type":15,"Integer":0,"String":"a","Interface":null}}
2025-08-15T22:13:29.926-0500	DEBUG	protocol/handler.go:596	round already finalized
2025-08-15T22:13:29.951-0500	DEBUG	protocol/handler.go:581	tryAdvanceRound called	{"{current_round 20 3  <nil>}": {"Key":"self","Type":15,"Integer":0,"String":"a","Interface":null}}
2025-08-15T22:13:29.951-0500	DEBUG	protocol/handler.go:1591	have processed broadcast	{"{round 20 3  <nil>}": {"Key":"from","Type":15,"Integer":0,"String":"b","Interface":null}}
2025-08-15T22:13:29.951-0500	DEBUG	protocol/handler.go:1591	have processed broadcast	{"{round 20 3  <nil>}": {"Key":"from","Type":15,"Integer":0,"String":"c","Interface":null}}
2025-08-15T22:13:29.951-0500	DEBUG	protocol/handler.go:1649	have all messages and processed	{"{round 20 3  <nil>}": {"Key":"self","Type":15,"Integer":0,"String":"a","Interface":null}}
2025-08-15T22:13:29.952-0500	DEBUG	protocol/handler.go:596	round already finalized
2025-08-15T22:13:29.988-0500	DEBUG	protocol/handler.go:581	tryAdvanceRound called	{"{current_round 20 3  <nil>}": {"Key":"self","Type":15,"Integer":0,"String":"a","Interface":null}}
2025-08-15T22:13:29.989-0500	DEBUG	protocol/handler.go:1591	have processed broadcast	{"{round 20 3  <nil>}": {"Key":"from","Type":15,"Integer":0,"String":"b","Interface":null}}
2025-08-15T22:13:29.989-0500	DEBUG	protocol/handler.go:1591	have processed broadcast	{"{round 20 3  <nil>}": {"Key":"from","Type":15,"Integer":0,"String":"c","Interface":null}}
2025-08-15T22:13:29.989-0500	DEBUG	protocol/handler.go:1649	have all messages and processed	{"{round 20 3  <nil>}": {"Key":"self","Type":15,"Integer":0,"String":"a","Interface":null}}
2025-08-15T22:13:29.989-0500	DEBUG	protocol/handler.go:596	round already finalized
2025-08-15T22:13:29.989-0500	DEBUG	protocol/handler.go:581	tryAdvanceRound called	{"{current_round 20 3  <nil>}": {"Key":"self","Type":15,"Integer":0,"String":"c","Interface":null}}
2025-08-15T22:13:29.989-0500	DEBUG	protocol/handler.go:1591	have processed broadcast	{"{round 20 3  <nil>}": {"Key":"from","Type":15,"Integer":0,"String":"a","Interface":null}}
2025-08-15T22:13:29.999-0500	DEBUG	protocol/handler.go:1591	have processed broadcast	{"{round 20 3  <nil>}": {"Key":"from","Type":15,"Integer":0,"String":"b","Interface":null}}
2025-08-15T22:13:29.999-0500	DEBUG	protocol/handler.go:1649	have all messages and processed	{"{round 20 3  <nil>}": {"Key":"self","Type":15,"Integer":0,"String":"c","Interface":null}}
2025-08-15T22:13:30.000-0500	DEBUG	protocol/handler.go:596	round already finalized
2025-08-15T22:13:30.000-0500	DEBUG	protocol/handler.go:581	tryAdvanceRound called	{"{current_round 20 3  <nil>}": {"Key":"self","Type":15,"Integer":0,"String":"c","Interface":null}}
2025-08-15T22:13:30.000-0500	DEBUG	protocol/handler.go:1591	have processed broadcast	{"{round 20 3  <nil>}": {"Key":"from","Type":15,"Integer":0,"String":"a","Interface":null}}
2025-08-15T22:13:30.000-0500	DEBUG	protocol/handler.go:1591	have processed broadcast	{"{round 20 3  <nil>}": {"Key":"from","Type":15,"Integer":0,"String":"b","Interface":null}}
2025-08-15T22:13:30.004-0500	DEBUG	protocol/handler.go:1649	have all messages and processed	{"{round 20 3  <nil>}": {"Key":"self","Type":15,"Integer":0,"String":"c","Interface":null}}
2025-08-15T22:13:30.004-0500	DEBUG	protocol/handler.go:596	round already finalized
2025-08-15T22:13:30.004-0500	DEBUG	protocol/handler.go:581	tryAdvanceRound called	{"{current_round 20 3  <nil>}": {"Key":"self","Type":15,"Integer":0,"String":"a","Interface":null}}
2025-08-15T22:13:30.004-0500	DEBUG	protocol/handler.go:1591	have processed broadcast	{"{round 20 3  <nil>}": {"Key":"from","Type":15,"Integer":0,"String":"b","Interface":null}}
2025-08-15T22:13:30.004-0500	DEBUG	protocol/handler.go:1591	have processed broadcast	{"{round 20 3  <nil>}": {"Key":"from","Type":15,"Integer":0,"String":"c","Interface":null}}
2025-08-15T22:13:30.005-0500	DEBUG	protocol/handler.go:1649	have all messages and processed	{"{round 20 3  <nil>}": {"Key":"self","Type":15,"Integer":0,"String":"a","Interface":null}}
2025-08-15T22:13:30.005-0500	DEBUG	protocol/handler.go:596	round already finalized
2025-08-15T22:13:30.005-0500	DEBUG	protocol/handler.go:581	tryAdvanceRound called	{"{current_round 20 3  <nil>}": {"Key":"self","Type":15,"Integer":0,"String":"c","Interface":null}}
2025-08-15T22:13:30.009-0500	DEBUG	protocol/handler.go:1591	have processed broadcast	{"{round 20 3  <nil>}": {"Key":"from","Type":15,"Integer":0,"String":"a","Interface":null}}
2025-08-15T22:13:30.009-0500	DEBUG	protocol/handler.go:1591	have processed broadcast	{"{round 20 3  <nil>}": {"Key":"from","Type":15,"Integer":0,"String":"b","Interface":null}}
2025-08-15T22:13:30.011-0500	DEBUG	protocol/handler.go:1649	have all messages and processed	{"{round 20 3  <nil>}": {"Key":"self","Type":15,"Integer":0,"String":"c","Interface":null}}
2025-08-15T22:13:30.012-0500	DEBUG	protocol/handler.go:596	round already finalized
2025-08-15T22:13:30.030-0500	DEBUG	protocol/handler.go:581	tryAdvanceRound called	{"{current_round 20 3  <nil>}": {"Key":"self","Type":15,"Integer":0,"String":"a","Interface":null}}
2025-08-15T22:13:30.031-0500	DEBUG	protocol/handler.go:1591	have processed broadcast	{"{round 20 3  <nil>}": {"Key":"from","Type":15,"Integer":0,"String":"b","Interface":null}}
2025-08-15T22:13:30.031-0500	DEBUG	protocol/handler.go:1591	have processed broadcast	{"{round 20 3  <nil>}": {"Key":"from","Type":15,"Integer":0,"String":"c","Interface":null}}
2025-08-15T22:13:30.031-0500	DEBUG	protocol/handler.go:1649	have all messages and processed	{"{round 20 3  <nil>}": {"Key":"self","Type":15,"Integer":0,"String":"a","Interface":null}}
2025-08-15T22:13:30.031-0500	DEBUG	protocol/handler.go:596	round already finalized
2025-08-15T22:13:30.031-0500	DEBUG	protocol/handler.go:581	tryAdvanceRound called	{"{current_round 20 3  <nil>}": {"Key":"self","Type":15,"Integer":0,"String":"a","Interface":null}}
2025-08-15T22:13:30.031-0500	DEBUG	protocol/handler.go:1591	have processed broadcast	{"{round 20 3  <nil>}": {"Key":"from","Type":15,"Integer":0,"String":"b","Interface":null}}
2025-08-15T22:13:30.031-0500	DEBUG	protocol/handler.go:1591	have processed broadcast	{"{round 20 3  <nil>}": {"Key":"from","Type":15,"Integer":0,"String":"c","Interface":null}}
2025-08-15T22:13:30.031-0500	DEBUG	protocol/handler.go:1649	have all messages and processed	{"{round 20 3  <nil>}": {"Key":"self","Type":15,"Integer":0,"String":"a","Interface":null}}
2025-08-15T22:13:30.031-0500	DEBUG	protocol/handler.go:596	round already finalized
2025-08-15T22:13:30.031-0500	DEBUG	protocol/handler.go:581	tryAdvanceRound called	{"{current_round 20 3  <nil>}": {"Key":"self","Type":15,"Integer":0,"String":"c","Interface":null}}
2025-08-15T22:13:30.031-0500	DEBUG	protocol/handler.go:1591	have processed broadcast	{"{round 20 3  <nil>}": {"Key":"from","Type":15,"Integer":0,"String":"a","Interface":null}}
2025-08-15T22:13:30.031-0500	DEBUG	protocol/handler.go:1591	have processed broadcast	{"{round 20 3  <nil>}": {"Key":"from","Type":15,"Integer":0,"String":"b","Interface":null}}
2025-08-15T22:13:30.031-0500	DEBUG	protocol/handler.go:1649	have all messages and processed	{"{round 20 3  <nil>}": {"Key":"self","Type":15,"Integer":0,"String":"c","Interface":null}}
2025-08-15T22:13:30.031-0500	DEBUG	protocol/handler.go:596	round already finalized
2025-08-15T22:13:30.031-0500	DEBUG	protocol/handler.go:581	tryAdvanceRound called	{"{current_round 20 3  <nil>}": {"Key":"self","Type":15,"Integer":0,"String":"c","Interface":null}}
2025-08-15T22:13:30.037-0500	DEBUG	protocol/handler.go:1591	have processed broadcast	{"{round 20 3  <nil>}": {"Key":"from","Type":15,"Integer":0,"String":"a","Interface":null}}
2025-08-15T22:13:30.044-0500	DEBUG	protocol/handler.go:1591	have processed broadcast	{"{round 20 3  <nil>}": {"Key":"from","Type":15,"Integer":0,"String":"b","Interface":null}}
2025-08-15T22:13:30.044-0500	DEBUG	protocol/handler.go:1649	have all messages and processed	{"{round 20 3  <nil>}": {"Key":"self","Type":15,"Integer":0,"String":"c","Interface":null}}
2025-08-15T22:13:30.045-0500	DEBUG	protocol/handler.go:596	round already finalized
2025-08-15T22:13:30.045-0500	DEBUG	protocol/handler.go:581	tryAdvanceRound called	{"{current_round 20 3  <nil>}": {"Key":"self","Type":15,"Integer":0,"String":"a","Interface":null}}
2025-08-15T22:13:30.052-0500	DEBUG	protocol/handler.go:1591	have processed broadcast	{"{round 20 3  <nil>}": {"Key":"from","Type":15,"Integer":0,"String":"b","Interface":null}}
2025-08-15T22:13:29.961-0500	DEBUG	protocol/handler.go:581	tryAdvanceRound called	{"{current_round 20 3  <nil>}": {"Key":"self","Type":15,"Integer":0,"String":"b","Interface":null}}
2025-08-15T22:13:30.065-0500	DEBUG	protocol/handler.go:1591	have processed broadcast	{"{round 20 3  <nil>}": {"Key":"from","Type":15,"Integer":0,"String":"a","Interface":null}}
2025-08-15T22:13:30.065-0500	DEBUG	protocol/handler.go:1591	have processed broadcast	{"{round 20 3  <nil>}": {"Key":"from","Type":15,"Integer":0,"String":"c","Interface":null}}
2025-08-15T22:13:30.065-0500	DEBUG	protocol/handler.go:1649	have all messages and processed	{"{round 20 3  <nil>}": {"Key":"self","Type":15,"Integer":0,"String":"b","Interface":null}}
2025-08-15T22:13:30.065-0500	DEBUG	protocol/handler.go:596	round already finalized
2025-08-15T22:13:30.065-0500	DEBUG	protocol/handler.go:581	tryAdvanceRound called	{"{current_round 20 3  <nil>}": {"Key":"self","Type":15,"Integer":0,"String":"b","Interface":null}}
2025-08-15T22:13:30.067-0500	DEBUG	protocol/handler.go:581	tryAdvanceRound called	{"{current_round 20 3  <nil>}": {"Key":"self","Type":15,"Integer":0,"String":"c","Interface":null}}
2025-08-15T22:13:30.065-0500	DEBUG	protocol/handler.go:1591	have processed broadcast	{"{round 20 3  <nil>}": {"Key":"from","Type":15,"Integer":0,"String":"a","Interface":null}}
2025-08-15T22:13:30.068-0500	DEBUG	protocol/handler.go:1591	have processed broadcast	{"{round 20 3  <nil>}": {"Key":"from","Type":15,"Integer":0,"String":"c","Interface":null}}
2025-08-15T22:13:30.070-0500	DEBUG	protocol/handler.go:1649	have all messages and processed	{"{round 20 3  <nil>}": {"Key":"self","Type":15,"Integer":0,"String":"b","Interface":null}}
2025-08-15T22:13:30.070-0500	DEBUG	protocol/handler.go:596	round already finalized
2025-08-15T22:13:30.070-0500	DEBUG	protocol/handler.go:581	tryAdvanceRound called	{"{current_round 20 3  <nil>}": {"Key":"self","Type":15,"Integer":0,"String":"b","Interface":null}}
2025-08-15T22:13:30.071-0500	DEBUG	protocol/handler.go:1591	have processed broadcast	{"{round 20 3  <nil>}": {"Key":"from","Type":15,"Integer":0,"String":"a","Interface":null}}
2025-08-15T22:13:30.071-0500	DEBUG	protocol/handler.go:1591	have processed broadcast	{"{round 20 3  <nil>}": {"Key":"from","Type":15,"Integer":0,"String":"c","Interface":null}}
2025-08-15T22:13:30.071-0500	DEBUG	protocol/handler.go:1649	have all messages and processed	{"{round 20 3  <nil>}": {"Key":"self","Type":15,"Integer":0,"String":"b","Interface":null}}
2025-08-15T22:13:30.071-0500	DEBUG	protocol/handler.go:596	round already finalized
2025-08-15T22:13:30.067-0500	DEBUG	protocol/handler.go:1591	have processed broadcast	{"{round 20 3  <nil>}": {"Key":"from","Type":15,"Integer":0,"String":"a","Interface":null}}
2025-08-15T22:13:30.075-0500	DEBUG	protocol/handler.go:1591	have processed broadcast	{"{round 20 3  <nil>}": {"Key":"from","Type":15,"Integer":0,"String":"b","Interface":null}}
2025-08-15T22:13:30.075-0500	DEBUG	protocol/handler.go:1649	have all messages and processed	{"{round 20 3  <nil>}": {"Key":"self","Type":15,"Integer":0,"String":"c","Interface":null}}
2025-08-15T22:13:30.077-0500	DEBUG	protocol/handler.go:596	round already finalized
2025-08-15T22:13:30.077-0500	DEBUG	protocol/handler.go:581	tryAdvanceRound called	{"{current_round 20 3  <nil>}": {"Key":"self","Type":15,"Integer":0,"String":"c","Interface":null}}
2025-08-15T22:13:30.078-0500	DEBUG	protocol/handler.go:1591	have processed broadcast	{"{round 20 3  <nil>}": {"Key":"from","Type":15,"Integer":0,"String":"a","Interface":null}}
2025-08-15T22:13:30.080-0500	DEBUG	protocol/handler.go:1591	have processed broadcast	{"{round 20 3  <nil>}": {"Key":"from","Type":15,"Integer":0,"String":"b","Interface":null}}
2025-08-15T22:13:30.080-0500	DEBUG	protocol/handler.go:1649	have all messages and processed	{"{round 20 3  <nil>}": {"Key":"self","Type":15,"Integer":0,"String":"c","Interface":null}}
2025-08-15T22:13:30.080-0500	DEBUG	protocol/handler.go:596	round already finalized
2025-08-15T22:13:30.081-0500	DEBUG	protocol/handler.go:581	tryAdvanceRound called	{"{current_round 20 3  <nil>}": {"Key":"self","Type":15,"Integer":0,"String":"c","Interface":null}}
2025-08-15T22:13:30.081-0500	DEBUG	protocol/handler.go:1591	have processed broadcast	{"{round 20 3  <nil>}": {"Key":"from","Type":15,"Integer":0,"String":"a","Interface":null}}
2025-08-15T22:13:30.081-0500	DEBUG	protocol/handler.go:1591	have processed broadcast	{"{round 20 3  <nil>}": {"Key":"from","Type":15,"Integer":0,"String":"b","Interface":null}}
2025-08-15T22:13:30.081-0500	DEBUG	protocol/handler.go:1649	have all messages and processed	{"{round 20 3  <nil>}": {"Key":"self","Type":15,"Integer":0,"String":"c","Interface":null}}
2025-08-15T22:13:30.081-0500	DEBUG	protocol/handler.go:596	round already finalized
2025-08-15T22:13:30.081-0500	DEBUG	protocol/handler.go:581	tryAdvanceRound called	{"{current_round 20 3  <nil>}": {"Key":"self","Type":15,"Integer":0,"String":"c","Interface":null}}
2025-08-15T22:13:30.082-0500	DEBUG	protocol/handler.go:1591	have processed broadcast	{"{round 20 3  <nil>}": {"Key":"from","Type":15,"Integer":0,"String":"a","Interface":null}}
2025-08-15T22:13:30.082-0500	DEBUG	protocol/handler.go:1591	have processed broadcast	{"{round 20 3  <nil>}": {"Key":"from","Type":15,"Integer":0,"String":"b","Interface":null}}
2025-08-15T22:13:30.082-0500	DEBUG	protocol/handler.go:1649	have all messages and processed	{"{round 20 3  <nil>}": {"Key":"self","Type":15,"Integer":0,"String":"c","Interface":null}}
2025-08-15T22:13:30.082-0500	DEBUG	protocol/handler.go:596	round already finalized
2025-08-15T22:13:30.090-0500	DEBUG	protocol/handler.go:581	tryAdvanceRound called	{"{current_round 20 3  <nil>}": {"Key":"self","Type":15,"Integer":0,"String":"b","Interface":null}}
2025-08-15T22:13:30.091-0500	DEBUG	protocol/handler.go:1591	have processed broadcast	{"{round 20 3  <nil>}": {"Key":"from","Type":15,"Integer":0,"String":"a","Interface":null}}
2025-08-15T22:13:30.091-0500	DEBUG	protocol/handler.go:1591	have processed broadcast	{"{round 20 3  <nil>}": {"Key":"from","Type":15,"Integer":0,"String":"c","Interface":null}}
2025-08-15T22:13:30.091-0500	DEBUG	protocol/handler.go:1649	have all messages and processed	{"{round 20 3  <nil>}": {"Key":"self","Type":15,"Integer":0,"String":"b","Interface":null}}
2025-08-15T22:13:30.091-0500	DEBUG	protocol/handler.go:596	round already finalized
2025-08-15T22:13:30.091-0500	DEBUG	protocol/handler.go:581	tryAdvanceRound called	{"{current_round 20 3  <nil>}": {"Key":"self","Type":15,"Integer":0,"String":"b","Interface":null}}
2025-08-15T22:13:30.091-0500	DEBUG	protocol/handler.go:1591	have processed broadcast	{"{round 20 3  <nil>}": {"Key":"from","Type":15,"Integer":0,"String":"a","Interface":null}}
2025-08-15T22:13:30.091-0500	DEBUG	protocol/handler.go:1591	have processed broadcast	{"{round 20 3  <nil>}": {"Key":"from","Type":15,"Integer":0,"String":"c","Interface":null}}
2025-08-15T22:13:30.091-0500	DEBUG	protocol/handler.go:1649	have all messages and processed	{"{round 20 3  <nil>}": {"Key":"self","Type":15,"Integer":0,"String":"b","Interface":null}}
2025-08-15T22:13:30.091-0500	DEBUG	protocol/handler.go:596	round already finalized
2025-08-15T22:13:30.061-0500	DEBUG	protocol/handler.go:1591	have processed broadcast	{"{round 20 3  <nil>}": {"Key":"from","Type":15,"Integer":0,"String":"c","Interface":null}}
2025-08-15T22:13:30.118-0500	DEBUG	protocol/handler.go:1649	have all messages and processed	{"{round 20 3  <nil>}": {"Key":"self","Type":15,"Integer":0,"String":"a","Interface":null}}
2025-08-15T22:13:30.118-0500	DEBUG	protocol/handler.go:596	round already finalized
2025-08-15T22:13:30.118-0500	DEBUG	protocol/handler.go:581	tryAdvanceRound called	{"{current_round 20 3  <nil>}": {"Key":"self","Type":15,"Integer":0,"String":"a","Interface":null}}
2025-08-15T22:13:30.118-0500	DEBUG	protocol/handler.go:1591	have processed broadcast	{"{round 20 3  <nil>}": {"Key":"from","Type":15,"Integer":0,"String":"b","Interface":null}}
2025-08-15T22:13:30.119-0500	DEBUG	protocol/handler.go:1591	have processed broadcast	{"{round 20 3  <nil>}": {"Key":"from","Type":15,"Integer":0,"String":"c","Interface":null}}
2025-08-15T22:13:30.119-0500	DEBUG	protocol/handler.go:1649	have all messages and processed	{"{round 20 3  <nil>}": {"Key":"self","Type":15,"Integer":0,"String":"a","Interface":null}}
2025-08-15T22:13:30.119-0500	DEBUG	protocol/handler.go:596	round already finalized
2025-08-15T22:13:30.119-0500	DEBUG	protocol/handler.go:581	tryAdvanceRound called	{"{current_round 20 3  <nil>}": {"Key":"self","Type":15,"Integer":0,"String":"b","Interface":null}}
2025-08-15T22:13:30.119-0500	DEBUG	protocol/handler.go:1591	have processed broadcast	{"{round 20 3  <nil>}": {"Key":"from","Type":15,"Integer":0,"String":"a","Interface":null}}
2025-08-15T22:13:30.119-0500	DEBUG	protocol/handler.go:1591	have processed broadcast	{"{round 20 3  <nil>}": {"Key":"from","Type":15,"Integer":0,"String":"c","Interface":null}}
2025-08-15T22:13:30.119-0500	DEBUG	protocol/handler.go:1649	have all messages and processed	{"{round 20 3  <nil>}": {"Key":"self","Type":15,"Integer":0,"String":"b","Interface":null}}
2025-08-15T22:13:30.119-0500	DEBUG	protocol/handler.go:596	round already finalized
2025-08-15T22:13:30.125-0500	DEBUG	protocol/handler.go:581	tryAdvanceRound called	{"{current_round 20 3  <nil>}": {"Key":"self","Type":15,"Integer":0,"String":"c","Interface":null}}
2025-08-15T22:13:30.126-0500	DEBUG	protocol/handler.go:1591	have processed broadcast	{"{round 20 3  <nil>}": {"Key":"from","Type":15,"Integer":0,"String":"a","Interface":null}}
2025-08-15T22:13:30.128-0500	DEBUG	protocol/handler.go:1591	have processed broadcast	{"{round 20 3  <nil>}": {"Key":"from","Type":15,"Integer":0,"String":"b","Interface":null}}
2025-08-15T22:13:30.128-0500	DEBUG	protocol/handler.go:1649	have all messages and processed	{"{round 20 3  <nil>}": {"Key":"self","Type":15,"Integer":0,"String":"c","Interface":null}}
2025-08-15T22:13:30.128-0500	DEBUG	protocol/handler.go:596	round already finalized
2025-08-15T22:13:30.128-0500	DEBUG	protocol/handler.go:581	tryAdvanceRound called	{"{current_round 20 3  <nil>}": {"Key":"self","Type":15,"Integer":0,"String":"c","Interface":null}}
2025-08-15T22:13:30.128-0500	DEBUG	protocol/handler.go:1591	have processed broadcast	{"{round 20 3  <nil>}": {"Key":"from","Type":15,"Integer":0,"String":"a","Interface":null}}
2025-08-15T22:13:30.128-0500	DEBUG	protocol/handler.go:1591	have processed broadcast	{"{round 20 3  <nil>}": {"Key":"from","Type":15,"Integer":0,"String":"b","Interface":null}}
2025-08-15T22:13:30.128-0500	DEBUG	protocol/handler.go:1649	have all messages and processed	{"{round 20 3  <nil>}": {"Key":"self","Type":15,"Integer":0,"String":"c","Interface":null}}
2025-08-15T22:13:30.128-0500	DEBUG	protocol/handler.go:596	round already finalized
2025-08-15T22:13:30.140-0500	DEBUG	protocol/handler.go:581	tryAdvanceRound called	{"{current_round 20 3  <nil>}": {"Key":"self","Type":15,"Integer":0,"String":"a","Interface":null}}
2025-08-15T22:13:30.141-0500	DEBUG	protocol/handler.go:1591	have processed broadcast	{"{round 20 3  <nil>}": {"Key":"from","Type":15,"Integer":0,"String":"b","Interface":null}}
2025-08-15T22:13:30.141-0500	DEBUG	protocol/handler.go:1591	have processed broadcast	{"{round 20 3  <nil>}": {"Key":"from","Type":15,"Integer":0,"String":"c","Interface":null}}
2025-08-15T22:13:30.141-0500	DEBUG	protocol/handler.go:1649	have all messages and processed	{"{round 20 3  <nil>}": {"Key":"self","Type":15,"Integer":0,"String":"a","Interface":null}}
2025-08-15T22:13:30.141-0500	DEBUG	protocol/handler.go:596	round already finalized
2025-08-15T22:13:30.160-0500	DEBUG	protocol/handler.go:581	tryAdvanceRound called	{"{current_round 20 3  <nil>}": {"Key":"self","Type":15,"Integer":0,"String":"b","Interface":null}}
2025-08-15T22:13:30.161-0500	DEBUG	protocol/handler.go:1591	have processed broadcast	{"{round 20 3  <nil>}": {"Key":"from","Type":15,"Integer":0,"String":"a","Interface":null}}
2025-08-15T22:13:30.161-0500	DEBUG	protocol/handler.go:1591	have processed broadcast	{"{round 20 3  <nil>}": {"Key":"from","Type":15,"Integer":0,"String":"c","Interface":null}}
2025-08-15T22:13:30.164-0500	DEBUG	protocol/handler.go:1649	have all messages and processed	{"{round 20 3  <nil>}": {"Key":"self","Type":15,"Integer":0,"String":"b","Interface":null}}
2025-08-15T22:13:30.164-0500	DEBUG	protocol/handler.go:596	round already finalized
2025-08-15T22:13:30.165-0500	DEBUG	protocol/handler.go:581	tryAdvanceRound called	{"{current_round 20 3  <nil>}": {"Key":"self","Type":15,"Integer":0,"String":"b","Interface":null}}
2025-08-15T22:13:30.165-0500	DEBUG	protocol/handler.go:1591	have processed broadcast	{"{round 20 3  <nil>}": {"Key":"from","Type":15,"Integer":0,"String":"a","Interface":null}}
2025-08-15T22:13:30.165-0500	DEBUG	protocol/handler.go:1591	have processed broadcast	{"{round 20 3  <nil>}": {"Key":"from","Type":15,"Integer":0,"String":"c","Interface":null}}
2025-08-15T22:13:30.165-0500	DEBUG	protocol/handler.go:1649	have all messages and processed	{"{round 20 3  <nil>}": {"Key":"self","Type":15,"Integer":0,"String":"b","Interface":null}}
2025-08-15T22:13:30.167-0500	DEBUG	protocol/handler.go:596	round already finalized
2025-08-15T22:13:30.167-0500	DEBUG	protocol/handler.go:581	tryAdvanceRound called	{"{current_round 20 3  <nil>}": {"Key":"self","Type":15,"Integer":0,"String":"b","Interface":null}}
2025-08-15T22:13:30.167-0500	DEBUG	protocol/handler.go:1591	have processed broadcast	{"{round 20 3  <nil>}": {"Key":"from","Type":15,"Integer":0,"String":"a","Interface":null}}
2025-08-15T22:13:30.167-0500	DEBUG	protocol/handler.go:1591	have processed broadcast	{"{round 20 3  <nil>}": {"Key":"from","Type":15,"Integer":0,"String":"c","Interface":null}}
2025-08-15T22:13:30.167-0500	DEBUG	protocol/handler.go:1649	have all messages and processed	{"{round 20 3  <nil>}": {"Key":"self","Type":15,"Integer":0,"String":"b","Interface":null}}
2025-08-15T22:13:30.167-0500	DEBUG	protocol/handler.go:596	round already finalized
2025-08-15T22:13:30.167-0500	DEBUG	protocol/handler.go:581	tryAdvanceRound called	{"{current_round 20 3  <nil>}": {"Key":"self","Type":15,"Integer":0,"String":"a","Interface":null}}
2025-08-15T22:13:30.167-0500	DEBUG	protocol/handler.go:1591	have processed broadcast	{"{round 20 3  <nil>}": {"Key":"from","Type":15,"Integer":0,"String":"b","Interface":null}}
2025-08-15T22:13:30.167-0500	DEBUG	protocol/handler.go:1591	have processed broadcast	{"{round 20 3  <nil>}": {"Key":"from","Type":15,"Integer":0,"String":"c","Interface":null}}
2025-08-15T22:13:30.167-0500	DEBUG	protocol/handler.go:1649	have all messages and processed	{"{round 20 3  <nil>}": {"Key":"self","Type":15,"Integer":0,"String":"a","Interface":null}}
2025-08-15T22:13:30.167-0500	DEBUG	protocol/handler.go:596	round already finalized
2025-08-15T22:13:30.168-0500	DEBUG	protocol/handler.go:581	tryAdvanceRound called	{"{current_round 20 3  <nil>}": {"Key":"self","Type":15,"Integer":0,"String":"a","Interface":null}}
2025-08-15T22:13:30.168-0500	DEBUG	protocol/handler.go:1591	have processed broadcast	{"{round 20 3  <nil>}": {"Key":"from","Type":15,"Integer":0,"String":"b","Interface":null}}
2025-08-15T22:13:30.168-0500	DEBUG	protocol/handler.go:1591	have processed broadcast	{"{round 20 3  <nil>}": {"Key":"from","Type":15,"Integer":0,"String":"c","Interface":null}}
2025-08-15T22:13:30.168-0500	DEBUG	protocol/handler.go:1649	have all messages and processed	{"{round 20 3  <nil>}": {"Key":"self","Type":15,"Integer":0,"String":"a","Interface":null}}
2025-08-15T22:13:30.168-0500	DEBUG	protocol/handler.go:596	round already finalized
2025-08-15T22:13:30.169-0500	DEBUG	protocol/handler.go:581	tryAdvanceRound called	{"{current_round 20 3  <nil>}": {"Key":"self","Type":15,"Integer":0,"String":"c","Interface":null}}
2025-08-15T22:13:30.169-0500	DEBUG	protocol/handler.go:1591	have processed broadcast	{"{round 20 3  <nil>}": {"Key":"from","Type":15,"Integer":0,"String":"a","Interface":null}}
2025-08-15T22:13:30.169-0500	DEBUG	protocol/handler.go:1591	have processed broadcast	{"{round 20 3  <nil>}": {"Key":"from","Type":15,"Integer":0,"String":"b","Interface":null}}
2025-08-15T22:13:30.169-0500	DEBUG	protocol/handler.go:1649	have all messages and processed	{"{round 20 3  <nil>}": {"Key":"self","Type":15,"Integer":0,"String":"c","Interface":null}}
2025-08-15T22:13:30.169-0500	DEBUG	protocol/handler.go:596	round already finalized
2025-08-15T22:13:30.169-0500	DEBUG	protocol/handler.go:581	tryAdvanceRound called	{"{current_round 20 3  <nil>}": {"Key":"self","Type":15,"Integer":0,"String":"c","Interface":null}}
2025-08-15T22:13:30.169-0500	DEBUG	protocol/handler.go:1591	have processed broadcast	{"{round 20 3  <nil>}": {"Key":"from","Type":15,"Integer":0,"String":"a","Interface":null}}
2025-08-15T22:13:30.169-0500	DEBUG	protocol/handler.go:1591	have processed broadcast	{"{round 20 3  <nil>}": {"Key":"from","Type":15,"Integer":0,"String":"b","Interface":null}}
2025-08-15T22:13:30.169-0500	DEBUG	protocol/handler.go:1649	have all messages and processed	{"{round 20 3  <nil>}": {"Key":"self","Type":15,"Integer":0,"String":"c","Interface":null}}
2025-08-15T22:13:30.169-0500	DEBUG	protocol/handler.go:596	round already finalized
2025-08-15T22:13:30.181-0500	DEBUG	protocol/handler.go:581	tryAdvanceRound called	{"{current_round 20 3  <nil>}": {"Key":"self","Type":15,"Integer":0,"String":"a","Interface":null}}
2025-08-15T22:13:30.181-0500	DEBUG	protocol/handler.go:1591	have processed broadcast	{"{round 20 3  <nil>}": {"Key":"from","Type":15,"Integer":0,"String":"b","Interface":null}}
2025-08-15T22:13:30.181-0500	DEBUG	protocol/handler.go:1591	have processed broadcast	{"{round 20 3  <nil>}": {"Key":"from","Type":15,"Integer":0,"String":"c","Interface":null}}
2025-08-15T22:13:30.182-0500	DEBUG	protocol/handler.go:1649	have all messages and processed	{"{round 20 3  <nil>}": {"Key":"self","Type":15,"Integer":0,"String":"a","Interface":null}}
2025-08-15T22:13:30.182-0500	DEBUG	protocol/handler.go:596	round already finalized
2025-08-15T22:13:30.204-0500	DEBUG	protocol/handler.go:581	tryAdvanceRound called	{"{current_round 20 3  <nil>}": {"Key":"self","Type":15,"Integer":0,"String":"b","Interface":null}}
2025-08-15T22:13:30.204-0500	DEBUG	protocol/handler.go:1591	have processed broadcast	{"{round 20 3  <nil>}": {"Key":"from","Type":15,"Integer":0,"String":"a","Interface":null}}
2025-08-15T22:13:30.204-0500	DEBUG	protocol/handler.go:1591	have processed broadcast	{"{round 20 3  <nil>}": {"Key":"from","Type":15,"Integer":0,"String":"c","Interface":null}}
2025-08-15T22:13:30.204-0500	DEBUG	protocol/handler.go:1649	have all messages and processed	{"{round 20 3  <nil>}": {"Key":"self","Type":15,"Integer":0,"String":"b","Interface":null}}
2025-08-15T22:13:30.204-0500	DEBUG	protocol/handler.go:596	round already finalized
2025-08-15T22:13:30.204-0500	DEBUG	protocol/handler.go:581	tryAdvanceRound called	{"{current_round 20 3  <nil>}": {"Key":"self","Type":15,"Integer":0,"String":"b","Interface":null}}
2025-08-15T22:13:30.204-0500	DEBUG	protocol/handler.go:1591	have processed broadcast	{"{round 20 3  <nil>}": {"Key":"from","Type":15,"Integer":0,"String":"a","Interface":null}}
2025-08-15T22:13:30.204-0500	DEBUG	protocol/handler.go:1591	have processed broadcast	{"{round 20 3  <nil>}": {"Key":"from","Type":15,"Integer":0,"String":"c","Interface":null}}
2025-08-15T22:13:30.204-0500	DEBUG	protocol/handler.go:1649	have all messages and processed	{"{round 20 3  <nil>}": {"Key":"self","Type":15,"Integer":0,"String":"b","Interface":null}}
2025-08-15T22:13:30.205-0500	DEBUG	protocol/handler.go:596	round already finalized
2025-08-15T22:13:30.205-0500	DEBUG	protocol/handler.go:581	tryAdvanceRound called	{"{current_round 20 3  <nil>}": {"Key":"self","Type":15,"Integer":0,"String":"a","Interface":null}}
2025-08-15T22:13:30.205-0500	DEBUG	protocol/handler.go:1591	have processed broadcast	{"{round 20 3  <nil>}": {"Key":"from","Type":15,"Integer":0,"String":"b","Interface":null}}
2025-08-15T22:13:30.205-0500	DEBUG	protocol/handler.go:1591	have processed broadcast	{"{round 20 3  <nil>}": {"Key":"from","Type":15,"Integer":0,"String":"c","Interface":null}}
2025-08-15T22:13:30.205-0500	DEBUG	protocol/handler.go:1649	have all messages and processed	{"{round 20 3  <nil>}": {"Key":"self","Type":15,"Integer":0,"String":"a","Interface":null}}
2025-08-15T22:13:30.205-0500	DEBUG	protocol/handler.go:596	round already finalized
2025-08-15T22:13:30.216-0500	DEBUG	protocol/handler.go:581	tryAdvanceRound called	{"{current_round 20 3  <nil>}": {"Key":"self","Type":15,"Integer":0,"String":"c","Interface":null}}
2025-08-15T22:13:30.220-0500	DEBUG	protocol/handler.go:1591	have processed broadcast	{"{round 20 3  <nil>}": {"Key":"from","Type":15,"Integer":0,"String":"a","Interface":null}}
2025-08-15T22:13:30.220-0500	DEBUG	protocol/handler.go:1591	have processed broadcast	{"{round 20 3  <nil>}": {"Key":"from","Type":15,"Integer":0,"String":"b","Interface":null}}
2025-08-15T22:13:30.220-0500	DEBUG	protocol/handler.go:1649	have all messages and processed	{"{round 20 3  <nil>}": {"Key":"self","Type":15,"Integer":0,"String":"c","Interface":null}}
2025-08-15T22:13:30.220-0500	DEBUG	protocol/handler.go:596	round already finalized
2025-08-15T22:13:30.220-0500	DEBUG	protocol/handler.go:581	tryAdvanceRound called	{"{current_round 20 3  <nil>}": {"Key":"self","Type":15,"Integer":0,"String":"c","Interface":null}}
2025-08-15T22:13:30.220-0500	DEBUG	protocol/handler.go:1591	have processed broadcast	{"{round 20 3  <nil>}": {"Key":"from","Type":15,"Integer":0,"String":"a","Interface":null}}
2025-08-15T22:13:30.224-0500	DEBUG	protocol/handler.go:1591	have processed broadcast	{"{round 20 3  <nil>}": {"Key":"from","Type":15,"Integer":0,"String":"b","Interface":null}}
2025-08-15T22:13:30.226-0500	DEBUG	protocol/handler.go:581	tryAdvanceRound called	{"{current_round 20 3  <nil>}": {"Key":"self","Type":15,"Integer":0,"String":"b","Interface":null}}
2025-08-15T22:13:30.226-0500	DEBUG	protocol/handler.go:1591	have processed broadcast	{"{round 20 3  <nil>}": {"Key":"from","Type":15,"Integer":0,"String":"a","Interface":null}}
2025-08-15T22:13:30.226-0500	DEBUG	protocol/handler.go:1591	have processed broadcast	{"{round 20 3  <nil>}": {"Key":"from","Type":15,"Integer":0,"String":"c","Interface":null}}
2025-08-15T22:13:30.226-0500	DEBUG	protocol/handler.go:1649	have all messages and processed	{"{round 20 3  <nil>}": {"Key":"self","Type":15,"Integer":0,"String":"b","Interface":null}}
2025-08-15T22:13:30.226-0500	DEBUG	protocol/handler.go:596	round already finalized
2025-08-15T22:13:30.226-0500	DEBUG	protocol/handler.go:1649	have all messages and processed	{"{round 20 3  <nil>}": {"Key":"self","Type":15,"Integer":0,"String":"c","Interface":null}}
2025-08-15T22:13:30.226-0500	DEBUG	protocol/handler.go:596	round already finalized
2025-08-15T22:13:30.226-0500	DEBUG	protocol/handler.go:581	tryAdvanceRound called	{"{current_round 20 3  <nil>}": {"Key":"self","Type":15,"Integer":0,"String":"c","Interface":null}}
2025-08-15T22:13:30.227-0500	DEBUG	protocol/handler.go:1591	have processed broadcast	{"{round 20 3  <nil>}": {"Key":"from","Type":15,"Integer":0,"String":"a","Interface":null}}
2025-08-15T22:13:30.227-0500	DEBUG	protocol/handler.go:1591	have processed broadcast	{"{round 20 3  <nil>}": {"Key":"from","Type":15,"Integer":0,"String":"b","Interface":null}}
2025-08-15T22:13:30.227-0500	DEBUG	protocol/handler.go:1649	have all messages and processed	{"{round 20 3  <nil>}": {"Key":"self","Type":15,"Integer":0,"String":"c","Interface":null}}
2025-08-15T22:13:30.227-0500	DEBUG	protocol/handler.go:596	round already finalized
2025-08-15T22:13:30.255-0500	DEBUG	protocol/handler.go:581	tryAdvanceRound called	{"{current_round 20 3  <nil>}": {"Key":"self","Type":15,"Integer":0,"String":"b","Interface":null}}
2025-08-15T22:13:30.255-0500	DEBUG	protocol/handler.go:1591	have processed broadcast	{"{round 20 3  <nil>}": {"Key":"from","Type":15,"Integer":0,"String":"a","Interface":null}}
2025-08-15T22:13:30.256-0500	DEBUG	protocol/handler.go:1591	have processed broadcast	{"{round 20 3  <nil>}": {"Key":"from","Type":15,"Integer":0,"String":"c","Interface":null}}
2025-08-15T22:13:30.256-0500	DEBUG	protocol/handler.go:1649	have all messages and processed	{"{round 20 3  <nil>}": {"Key":"self","Type":15,"Integer":0,"String":"b","Interface":null}}
2025-08-15T22:13:30.256-0500	DEBUG	protocol/handler.go:596	round already finalized
2025-08-15T22:13:30.256-0500	DEBUG	protocol/handler.go:581	tryAdvanceRound called	{"{current_round 20 3  <nil>}": {"Key":"self","Type":15,"Integer":0,"String":"a","Interface":null}}
2025-08-15T22:13:30.256-0500	DEBUG	protocol/handler.go:1591	have processed broadcast	{"{round 20 3  <nil>}": {"Key":"from","Type":15,"Integer":0,"String":"b","Interface":null}}
2025-08-15T22:13:30.256-0500	DEBUG	protocol/handler.go:581	tryAdvanceRound called	{"{current_round 20 3  <nil>}": {"Key":"self","Type":15,"Integer":0,"String":"c","Interface":null}}
2025-08-15T22:13:30.256-0500	DEBUG	protocol/handler.go:1591	have processed broadcast	{"{round 20 3  <nil>}": {"Key":"from","Type":15,"Integer":0,"String":"c","Interface":null}}
2025-08-15T22:13:30.256-0500	DEBUG	protocol/handler.go:1649	have all messages and processed	{"{round 20 3  <nil>}": {"Key":"self","Type":15,"Integer":0,"String":"a","Interface":null}}
2025-08-15T22:13:30.264-0500	DEBUG	protocol/handler.go:596	round already finalized
2025-08-15T22:13:30.264-0500	DEBUG	protocol/handler.go:581	tryAdvanceRound called	{"{current_round 20 3  <nil>}": {"Key":"self","Type":15,"Integer":0,"String":"a","Interface":null}}
2025-08-15T22:13:30.264-0500	DEBUG	protocol/handler.go:1591	have processed broadcast	{"{round 20 3  <nil>}": {"Key":"from","Type":15,"Integer":0,"String":"b","Interface":null}}
2025-08-15T22:13:30.264-0500	DEBUG	protocol/handler.go:1591	have processed broadcast	{"{round 20 3  <nil>}": {"Key":"from","Type":15,"Integer":0,"String":"c","Interface":null}}
2025-08-15T22:13:30.264-0500	DEBUG	protocol/handler.go:1649	have all messages and processed	{"{round 20 3  <nil>}": {"Key":"self","Type":15,"Integer":0,"String":"a","Interface":null}}
2025-08-15T22:13:30.264-0500	DEBUG	protocol/handler.go:596	round already finalized
2025-08-15T22:13:30.265-0500	DEBUG	protocol/handler.go:581	tryAdvanceRound called	{"{current_round 20 3  <nil>}": {"Key":"self","Type":15,"Integer":0,"String":"b","Interface":null}}
2025-08-15T22:13:30.265-0500	DEBUG	protocol/handler.go:1591	have processed broadcast	{"{round 20 3  <nil>}": {"Key":"from","Type":15,"Integer":0,"String":"a","Interface":null}}
2025-08-15T22:13:30.265-0500	DEBUG	protocol/handler.go:1591	have processed broadcast	{"{round 20 3  <nil>}": {"Key":"from","Type":15,"Integer":0,"String":"c","Interface":null}}
2025-08-15T22:13:30.265-0500	DEBUG	protocol/handler.go:1649	have all messages and processed	{"{round 20 3  <nil>}": {"Key":"self","Type":15,"Integer":0,"String":"b","Interface":null}}
2025-08-15T22:13:30.265-0500	DEBUG	protocol/handler.go:596	round already finalized
2025-08-15T22:13:30.265-0500	DEBUG	protocol/handler.go:581	tryAdvanceRound called	{"{current_round 20 3  <nil>}": {"Key":"self","Type":15,"Integer":0,"String":"a","Interface":null}}
2025-08-15T22:13:30.265-0500	DEBUG	protocol/handler.go:1591	have processed broadcast	{"{round 20 3  <nil>}": {"Key":"from","Type":15,"Integer":0,"String":"b","Interface":null}}
2025-08-15T22:13:30.266-0500	DEBUG	protocol/handler.go:1591	have processed broadcast	{"{round 20 3  <nil>}": {"Key":"from","Type":15,"Integer":0,"String":"c","Interface":null}}
2025-08-15T22:13:30.266-0500	DEBUG	protocol/handler.go:1649	have all messages and processed	{"{round 20 3  <nil>}": {"Key":"self","Type":15,"Integer":0,"String":"a","Interface":null}}
2025-08-15T22:13:30.266-0500	DEBUG	protocol/handler.go:596	round already finalized
2025-08-15T22:13:30.266-0500	DEBUG	protocol/handler.go:581	tryAdvanceRound called	{"{current_round 20 3  <nil>}": {"Key":"self","Type":15,"Integer":0,"String":"a","Interface":null}}
2025-08-15T22:13:30.266-0500	DEBUG	protocol/handler.go:1591	have processed broadcast	{"{round 20 3  <nil>}": {"Key":"from","Type":15,"Integer":0,"String":"b","Interface":null}}
2025-08-15T22:13:30.266-0500	DEBUG	protocol/handler.go:1591	have processed broadcast	{"{round 20 3  <nil>}": {"Key":"from","Type":15,"Integer":0,"String":"c","Interface":null}}
2025-08-15T22:13:30.267-0500	DEBUG	protocol/handler.go:1649	have all messages and processed	{"{round 20 3  <nil>}": {"Key":"self","Type":15,"Integer":0,"String":"a","Interface":null}}
2025-08-15T22:13:30.267-0500	DEBUG	protocol/handler.go:596	round already finalized
2025-08-15T22:13:30.256-0500	DEBUG	protocol/handler.go:1591	have processed broadcast	{"{round 20 3  <nil>}": {"Key":"from","Type":15,"Integer":0,"String":"a","Interface":null}}
2025-08-15T22:13:30.297-0500	DEBUG	protocol/handler.go:1591	have processed broadcast	{"{round 20 3  <nil>}": {"Key":"from","Type":15,"Integer":0,"String":"b","Interface":null}}
2025-08-15T22:13:30.297-0500	DEBUG	protocol/handler.go:1649	have all messages and processed	{"{round 20 3  <nil>}": {"Key":"self","Type":15,"Integer":0,"String":"c","Interface":null}}
2025-08-15T22:13:30.298-0500	DEBUG	protocol/handler.go:596	round already finalized
2025-08-15T22:13:30.298-0500	DEBUG	protocol/handler.go:581	tryAdvanceRound called	{"{current_round 20 3  <nil>}": {"Key":"self","Type":15,"Integer":0,"String":"c","Interface":null}}
2025-08-15T22:13:30.298-0500	DEBUG	protocol/handler.go:1591	have processed broadcast	{"{round 20 3  <nil>}": {"Key":"from","Type":15,"Integer":0,"String":"a","Interface":null}}
2025-08-15T22:13:30.298-0500	DEBUG	protocol/handler.go:1591	have processed broadcast	{"{round 20 3  <nil>}": {"Key":"from","Type":15,"Integer":0,"String":"b","Interface":null}}
2025-08-15T22:13:30.298-0500	DEBUG	protocol/handler.go:1649	have all messages and processed	{"{round 20 3  <nil>}": {"Key":"self","Type":15,"Integer":0,"String":"c","Interface":null}}
2025-08-15T22:13:30.298-0500	DEBUG	protocol/handler.go:596	round already finalized
2025-08-15T22:13:30.307-0500	DEBUG	protocol/handler.go:581	tryAdvanceRound called	{"{current_round 20 3  <nil>}": {"Key":"self","Type":15,"Integer":0,"String":"c","Interface":null}}
2025-08-15T22:13:30.308-0500	DEBUG	protocol/handler.go:1591	have processed broadcast	{"{round 20 3  <nil>}": {"Key":"from","Type":15,"Integer":0,"String":"a","Interface":null}}
2025-08-15T22:13:30.308-0500	DEBUG	protocol/handler.go:1591	have processed broadcast	{"{round 20 3  <nil>}": {"Key":"from","Type":15,"Integer":0,"String":"b","Interface":null}}
2025-08-15T22:13:30.308-0500	DEBUG	protocol/handler.go:1649	have all messages and processed	{"{round 20 3  <nil>}": {"Key":"self","Type":15,"Integer":0,"String":"c","Interface":null}}
2025-08-15T22:13:30.308-0500	DEBUG	protocol/handler.go:596	round already finalized
2025-08-15T22:13:30.338-0500	DEBUG	protocol/handler.go:581	tryAdvanceRound called	{"{current_round 20 3  <nil>}": {"Key":"self","Type":15,"Integer":0,"String":"b","Interface":null}}
2025-08-15T22:13:30.339-0500	DEBUG	protocol/handler.go:1591	have processed broadcast	{"{round 20 3  <nil>}": {"Key":"from","Type":15,"Integer":0,"String":"a","Interface":null}}
2025-08-15T22:13:30.339-0500	DEBUG	protocol/handler.go:1591	have processed broadcast	{"{round 20 3  <nil>}": {"Key":"from","Type":15,"Integer":0,"String":"c","Interface":null}}
2025-08-15T22:13:30.339-0500	DEBUG	protocol/handler.go:1649	have all messages and processed	{"{round 20 3  <nil>}": {"Key":"self","Type":15,"Integer":0,"String":"b","Interface":null}}
2025-08-15T22:13:30.339-0500	DEBUG	protocol/handler.go:596	round already finalized
2025-08-15T22:13:30.339-0500	DEBUG	protocol/handler.go:581	tryAdvanceRound called	{"{current_round 20 3  <nil>}": {"Key":"self","Type":15,"Integer":0,"String":"b","Interface":null}}
2025-08-15T22:13:30.340-0500	DEBUG	protocol/handler.go:1591	have processed broadcast	{"{round 20 3  <nil>}": {"Key":"from","Type":15,"Integer":0,"String":"a","Interface":null}}
2025-08-15T22:13:30.340-0500	DEBUG	protocol/handler.go:1591	have processed broadcast	{"{round 20 3  <nil>}": {"Key":"from","Type":15,"Integer":0,"String":"c","Interface":null}}
2025-08-15T22:13:30.340-0500	DEBUG	protocol/handler.go:1649	have all messages and processed	{"{round 20 3  <nil>}": {"Key":"self","Type":15,"Integer":0,"String":"b","Interface":null}}
2025-08-15T22:13:30.340-0500	DEBUG	protocol/handler.go:596	round already finalized
2025-08-15T22:13:30.340-0500	DEBUG	protocol/handler.go:581	tryAdvanceRound called	{"{current_round 20 3  <nil>}": {"Key":"self","Type":15,"Integer":0,"String":"a","Interface":null}}
2025-08-15T22:13:30.340-0500	DEBUG	protocol/handler.go:1591	have processed broadcast	{"{round 20 3  <nil>}": {"Key":"from","Type":15,"Integer":0,"String":"b","Interface":null}}
2025-08-15T22:13:30.340-0500	DEBUG	protocol/handler.go:1591	have processed broadcast	{"{round 20 3  <nil>}": {"Key":"from","Type":15,"Integer":0,"String":"c","Interface":null}}
2025-08-15T22:13:30.341-0500	DEBUG	protocol/handler.go:1649	have all messages and processed	{"{round 20 3  <nil>}": {"Key":"self","Type":15,"Integer":0,"String":"a","Interface":null}}
2025-08-15T22:13:30.341-0500	DEBUG	protocol/handler.go:596	round already finalized
2025-08-15T22:13:30.341-0500	DEBUG	protocol/handler.go:581	tryAdvanceRound called	{"{current_round 20 3  <nil>}": {"Key":"self","Type":15,"Integer":0,"String":"a","Interface":null}}
2025-08-15T22:13:30.341-0500	DEBUG	protocol/handler.go:1591	have processed broadcast	{"{round 20 3  <nil>}": {"Key":"from","Type":15,"Integer":0,"String":"b","Interface":null}}
2025-08-15T22:13:30.341-0500	DEBUG	protocol/handler.go:1591	have processed broadcast	{"{round 20 3  <nil>}": {"Key":"from","Type":15,"Integer":0,"String":"c","Interface":null}}
2025-08-15T22:13:30.341-0500	DEBUG	protocol/handler.go:1649	have all messages and processed	{"{round 20 3  <nil>}": {"Key":"self","Type":15,"Integer":0,"String":"a","Interface":null}}
2025-08-15T22:13:30.341-0500	DEBUG	protocol/handler.go:596	round already finalized
2025-08-15T22:13:30.341-0500	DEBUG	protocol/handler.go:581	tryAdvanceRound called	{"{current_round 20 3  <nil>}": {"Key":"self","Type":15,"Integer":0,"String":"b","Interface":null}}
2025-08-15T22:13:30.341-0500	DEBUG	protocol/handler.go:1591	have processed broadcast	{"{round 20 3  <nil>}": {"Key":"from","Type":15,"Integer":0,"String":"a","Interface":null}}
2025-08-15T22:13:30.341-0500	DEBUG	protocol/handler.go:1591	have processed broadcast	{"{round 20 3  <nil>}": {"Key":"from","Type":15,"Integer":0,"String":"c","Interface":null}}
2025-08-15T22:13:30.341-0500	DEBUG	protocol/handler.go:1649	have all messages and processed	{"{round 20 3  <nil>}": {"Key":"self","Type":15,"Integer":0,"String":"b","Interface":null}}
2025-08-15T22:13:30.341-0500	DEBUG	protocol/handler.go:596	round already finalized
2025-08-15T22:13:30.357-0500	DEBUG	protocol/handler.go:581	tryAdvanceRound called	{"{current_round 20 3  <nil>}": {"Key":"self","Type":15,"Integer":0,"String":"c","Interface":null}}
2025-08-15T22:13:30.357-0500	DEBUG	protocol/handler.go:1591	have processed broadcast	{"{round 20 3  <nil>}": {"Key":"from","Type":15,"Integer":0,"String":"a","Interface":null}}
2025-08-15T22:13:30.357-0500	DEBUG	protocol/handler.go:1591	have processed broadcast	{"{round 20 3  <nil>}": {"Key":"from","Type":15,"Integer":0,"String":"b","Interface":null}}
2025-08-15T22:13:30.357-0500	DEBUG	protocol/handler.go:1649	have all messages and processed	{"{round 20 3  <nil>}": {"Key":"self","Type":15,"Integer":0,"String":"c","Interface":null}}
2025-08-15T22:13:30.357-0500	DEBUG	protocol/handler.go:596	round already finalized
2025-08-15T22:13:30.357-0500	DEBUG	protocol/handler.go:581	tryAdvanceRound called	{"{current_round 20 3  <nil>}": {"Key":"self","Type":15,"Integer":0,"String":"c","Interface":null}}
2025-08-15T22:13:30.357-0500	DEBUG	protocol/handler.go:1591	have processed broadcast	{"{round 20 3  <nil>}": {"Key":"from","Type":15,"Integer":0,"String":"a","Interface":null}}
2025-08-15T22:13:30.357-0500	DEBUG	protocol/handler.go:1591	have processed broadcast	{"{round 20 3  <nil>}": {"Key":"from","Type":15,"Integer":0,"String":"b","Interface":null}}
2025-08-15T22:13:30.357-0500	DEBUG	protocol/handler.go:1649	have all messages and processed	{"{round 20 3  <nil>}": {"Key":"self","Type":15,"Integer":0,"String":"c","Interface":null}}
2025-08-15T22:13:30.358-0500	DEBUG	protocol/handler.go:596	round already finalized
2025-08-15T22:13:30.381-0500	DEBUG	protocol/handler.go:581	tryAdvanceRound called	{"{current_round 20 3  <nil>}": {"Key":"self","Type":15,"Integer":0,"String":"c","Interface":null}}
2025-08-15T22:13:30.381-0500	DEBUG	protocol/handler.go:1591	have processed broadcast	{"{round 20 3  <nil>}": {"Key":"from","Type":15,"Integer":0,"String":"a","Interface":null}}
2025-08-15T22:13:30.381-0500	DEBUG	protocol/handler.go:1591	have processed broadcast	{"{round 20 3  <nil>}": {"Key":"from","Type":15,"Integer":0,"String":"b","Interface":null}}
2025-08-15T22:13:30.381-0500	DEBUG	protocol/handler.go:1649	have all messages and processed	{"{round 20 3  <nil>}": {"Key":"self","Type":15,"Integer":0,"String":"c","Interface":null}}
2025-08-15T22:13:30.381-0500	DEBUG	protocol/handler.go:596	round already finalized
2025-08-15T22:13:30.394-0500	DEBUG	protocol/handler.go:581	tryAdvanceRound called	{"{current_round 20 3  <nil>}": {"Key":"self","Type":15,"Integer":0,"String":"a","Interface":null}}
2025-08-15T22:13:30.394-0500	DEBUG	protocol/handler.go:1591	have processed broadcast	{"{round 20 3  <nil>}": {"Key":"from","Type":15,"Integer":0,"String":"b","Interface":null}}
2025-08-15T22:13:30.394-0500	DEBUG	protocol/handler.go:1591	have processed broadcast	{"{round 20 3  <nil>}": {"Key":"from","Type":15,"Integer":0,"String":"c","Interface":null}}
2025-08-15T22:13:30.394-0500	DEBUG	protocol/handler.go:1649	have all messages and processed	{"{round 20 3  <nil>}": {"Key":"self","Type":15,"Integer":0,"String":"a","Interface":null}}
2025-08-15T22:13:30.394-0500	DEBUG	protocol/handler.go:596	round already finalized
2025-08-15T22:13:30.394-0500	DEBUG	protocol/handler.go:581	tryAdvanceRound called	{"{current_round 20 3  <nil>}": {"Key":"self","Type":15,"Integer":0,"String":"a","Interface":null}}
2025-08-15T22:13:30.394-0500	DEBUG	protocol/handler.go:1591	have processed broadcast	{"{round 20 3  <nil>}": {"Key":"from","Type":15,"Integer":0,"String":"b","Interface":null}}
2025-08-15T22:13:30.395-0500	DEBUG	protocol/handler.go:1591	have processed broadcast	{"{round 20 3  <nil>}": {"Key":"from","Type":15,"Integer":0,"String":"c","Interface":null}}
2025-08-15T22:13:30.395-0500	DEBUG	protocol/handler.go:1649	have all messages and processed	{"{round 20 3  <nil>}": {"Key":"self","Type":15,"Integer":0,"String":"a","Interface":null}}
2025-08-15T22:13:30.395-0500	DEBUG	protocol/handler.go:596	round already finalized
2025-08-15T22:13:30.395-0500	DEBUG	protocol/handler.go:581	tryAdvanceRound called	{"{current_round 20 3  <nil>}": {"Key":"self","Type":15,"Integer":0,"String":"b","Interface":null}}
2025-08-15T22:13:30.395-0500	DEBUG	protocol/handler.go:1591	have processed broadcast	{"{round 20 3  <nil>}": {"Key":"from","Type":15,"Integer":0,"String":"a","Interface":null}}
2025-08-15T22:13:30.395-0500	DEBUG	protocol/handler.go:1591	have processed broadcast	{"{round 20 3  <nil>}": {"Key":"from","Type":15,"Integer":0,"String":"c","Interface":null}}
2025-08-15T22:13:30.395-0500	DEBUG	protocol/handler.go:1649	have all messages and processed	{"{round 20 3  <nil>}": {"Key":"self","Type":15,"Integer":0,"String":"b","Interface":null}}
2025-08-15T22:13:30.395-0500	DEBUG	protocol/handler.go:596	round already finalized
2025-08-15T22:13:30.395-0500	DEBUG	protocol/handler.go:581	tryAdvanceRound called	{"{current_round 20 3  <nil>}": {"Key":"self","Type":15,"Integer":0,"String":"b","Interface":null}}
2025-08-15T22:13:30.395-0500	DEBUG	protocol/handler.go:1591	have processed broadcast	{"{round 20 3  <nil>}": {"Key":"from","Type":15,"Integer":0,"String":"a","Interface":null}}
2025-08-15T22:13:30.395-0500	DEBUG	protocol/handler.go:1591	have processed broadcast	{"{round 20 3  <nil>}": {"Key":"from","Type":15,"Integer":0,"String":"c","Interface":null}}
2025-08-15T22:13:30.395-0500	DEBUG	protocol/handler.go:1649	have all messages and processed	{"{round 20 3  <nil>}": {"Key":"self","Type":15,"Integer":0,"String":"b","Interface":null}}
2025-08-15T22:13:30.395-0500	DEBUG	protocol/handler.go:596	round already finalized
2025-08-15T22:13:30.406-0500	DEBUG	protocol/handler.go:581	tryAdvanceRound called	{"{current_round 20 3  <nil>}": {"Key":"self","Type":15,"Integer":0,"String":"c","Interface":null}}
2025-08-15T22:13:30.406-0500	DEBUG	protocol/handler.go:1591	have processed broadcast	{"{round 20 3  <nil>}": {"Key":"from","Type":15,"Integer":0,"String":"a","Interface":null}}
2025-08-15T22:13:30.406-0500	DEBUG	protocol/handler.go:1591	have processed broadcast	{"{round 20 3  <nil>}": {"Key":"from","Type":15,"Integer":0,"String":"b","Interface":null}}
2025-08-15T22:13:30.406-0500	DEBUG	protocol/handler.go:1649	have all messages and processed	{"{round 20 3  <nil>}": {"Key":"self","Type":15,"Integer":0,"String":"c","Interface":null}}
2025-08-15T22:13:30.407-0500	DEBUG	protocol/handler.go:596	round already finalized
2025-08-15T22:13:30.420-0500	DEBUG	protocol/handler.go:581	tryAdvanceRound called	{"{current_round 20 3  <nil>}": {"Key":"self","Type":15,"Integer":0,"String":"b","Interface":null}}
2025-08-15T22:13:30.420-0500	DEBUG	protocol/handler.go:1591	have processed broadcast	{"{round 20 3  <nil>}": {"Key":"from","Type":15,"Integer":0,"String":"a","Interface":null}}
2025-08-15T22:13:30.420-0500	DEBUG	protocol/handler.go:1591	have processed broadcast	{"{round 20 3  <nil>}": {"Key":"from","Type":15,"Integer":0,"String":"c","Interface":null}}
2025-08-15T22:13:30.420-0500	DEBUG	protocol/handler.go:1649	have all messages and processed	{"{round 20 3  <nil>}": {"Key":"self","Type":15,"Integer":0,"String":"b","Interface":null}}
2025-08-15T22:13:30.420-0500	DEBUG	protocol/handler.go:596	round already finalized
2025-08-15T22:13:30.455-0500	DEBUG	protocol/handler.go:581	tryAdvanceRound called	{"{current_round 20 3  <nil>}": {"Key":"self","Type":15,"Integer":0,"String":"a","Interface":null}}
2025-08-15T22:13:30.455-0500	DEBUG	protocol/handler.go:1591	have processed broadcast	{"{round 20 3  <nil>}": {"Key":"from","Type":15,"Integer":0,"String":"b","Interface":null}}
2025-08-15T22:13:30.456-0500	DEBUG	protocol/handler.go:581	tryAdvanceRound called	{"{current_round 20 3  <nil>}": {"Key":"self","Type":15,"Integer":0,"String":"c","Interface":null}}
2025-08-15T22:13:30.467-0500	DEBUG	protocol/handler.go:1591	have processed broadcast	{"{round 20 3  <nil>}": {"Key":"from","Type":15,"Integer":0,"String":"a","Interface":null}}
2025-08-15T22:13:30.467-0500	DEBUG	protocol/handler.go:1591	have processed broadcast	{"{round 20 3  <nil>}": {"Key":"from","Type":15,"Integer":0,"String":"b","Interface":null}}
2025-08-15T22:13:30.467-0500	DEBUG	protocol/handler.go:1649	have all messages and processed	{"{round 20 3  <nil>}": {"Key":"self","Type":15,"Integer":0,"String":"c","Interface":null}}
2025-08-15T22:13:30.467-0500	DEBUG	protocol/handler.go:596	round already finalized
2025-08-15T22:13:30.476-0500	DEBUG	protocol/handler.go:581	tryAdvanceRound called	{"{current_round 20 3  <nil>}": {"Key":"self","Type":15,"Integer":0,"String":"c","Interface":null}}
2025-08-15T22:13:30.476-0500	DEBUG	protocol/handler.go:1591	have processed broadcast	{"{round 20 3  <nil>}": {"Key":"from","Type":15,"Integer":0,"String":"a","Interface":null}}
2025-08-15T22:13:30.476-0500	DEBUG	protocol/handler.go:1591	have processed broadcast	{"{round 20 3  <nil>}": {"Key":"from","Type":15,"Integer":0,"String":"b","Interface":null}}
2025-08-15T22:13:30.476-0500	DEBUG	protocol/handler.go:1649	have all messages and processed	{"{round 20 3  <nil>}": {"Key":"self","Type":15,"Integer":0,"String":"c","Interface":null}}
2025-08-15T22:13:30.476-0500	DEBUG	protocol/handler.go:596	round already finalized
2025-08-15T22:13:30.455-0500	DEBUG	protocol/handler.go:1591	have processed broadcast	{"{round 20 3  <nil>}": {"Key":"from","Type":15,"Integer":0,"String":"c","Interface":null}}
2025-08-15T22:13:30.476-0500	DEBUG	protocol/handler.go:1649	have all messages and processed	{"{round 20 3  <nil>}": {"Key":"self","Type":15,"Integer":0,"String":"a","Interface":null}}
2025-08-15T22:13:30.476-0500	DEBUG	protocol/handler.go:596	round already finalized
2025-08-15T22:13:30.476-0500	DEBUG	protocol/handler.go:581	tryAdvanceRound called	{"{current_round 20 3  <nil>}": {"Key":"self","Type":15,"Integer":0,"String":"a","Interface":null}}
2025-08-15T22:13:30.464-0500	DEBUG	protocol/handler.go:581	tryAdvanceRound called	{"{current_round 20 3  <nil>}": {"Key":"self","Type":15,"Integer":0,"String":"b","Interface":null}}
2025-08-15T22:13:30.487-0500	DEBUG	protocol/handler.go:1591	have processed broadcast	{"{round 20 3  <nil>}": {"Key":"from","Type":15,"Integer":0,"String":"a","Interface":null}}
2025-08-15T22:13:30.487-0500	DEBUG	protocol/handler.go:1591	have processed broadcast	{"{round 20 3  <nil>}": {"Key":"from","Type":15,"Integer":0,"String":"c","Interface":null}}
2025-08-15T22:13:30.487-0500	DEBUG	protocol/handler.go:1649	have all messages and processed	{"{round 20 3  <nil>}": {"Key":"self","Type":15,"Integer":0,"String":"b","Interface":null}}
2025-08-15T22:13:30.487-0500	DEBUG	protocol/handler.go:596	round already finalized
2025-08-15T22:13:30.487-0500	DEBUG	protocol/handler.go:581	tryAdvanceRound called	{"{current_round 20 3  <nil>}": {"Key":"self","Type":15,"Integer":0,"String":"b","Interface":null}}
2025-08-15T22:13:30.487-0500	DEBUG	protocol/handler.go:1591	have processed broadcast	{"{round 20 3  <nil>}": {"Key":"from","Type":15,"Integer":0,"String":"a","Interface":null}}
2025-08-15T22:13:30.487-0500	DEBUG	protocol/handler.go:1591	have processed broadcast	{"{round 20 3  <nil>}": {"Key":"from","Type":15,"Integer":0,"String":"c","Interface":null}}
2025-08-15T22:13:30.487-0500	DEBUG	protocol/handler.go:1649	have all messages and processed	{"{round 20 3  <nil>}": {"Key":"self","Type":15,"Integer":0,"String":"b","Interface":null}}
2025-08-15T22:13:30.487-0500	DEBUG	protocol/handler.go:596	round already finalized
2025-08-15T22:13:30.488-0500	DEBUG	protocol/handler.go:581	tryAdvanceRound called	{"{current_round 20 3  <nil>}": {"Key":"self","Type":15,"Integer":0,"String":"c","Interface":null}}
2025-08-15T22:13:30.488-0500	DEBUG	protocol/handler.go:1591	have processed broadcast	{"{round 20 3  <nil>}": {"Key":"from","Type":15,"Integer":0,"String":"a","Interface":null}}
2025-08-15T22:13:30.488-0500	DEBUG	protocol/handler.go:1591	have processed broadcast	{"{round 20 3  <nil>}": {"Key":"from","Type":15,"Integer":0,"String":"b","Interface":null}}
2025-08-15T22:13:30.488-0500	DEBUG	protocol/handler.go:1649	have all messages and processed	{"{round 20 3  <nil>}": {"Key":"self","Type":15,"Integer":0,"String":"c","Interface":null}}
2025-08-15T22:13:30.488-0500	DEBUG	protocol/handler.go:596	round already finalized
2025-08-15T22:13:30.488-0500	DEBUG	protocol/handler.go:581	tryAdvanceRound called	{"{current_round 20 3  <nil>}": {"Key":"self","Type":15,"Integer":0,"String":"c","Interface":null}}
2025-08-15T22:13:30.488-0500	DEBUG	protocol/handler.go:1591	have processed broadcast	{"{round 20 3  <nil>}": {"Key":"from","Type":15,"Integer":0,"String":"a","Interface":null}}
2025-08-15T22:13:30.488-0500	DEBUG	protocol/handler.go:1591	have processed broadcast	{"{round 20 3  <nil>}": {"Key":"from","Type":15,"Integer":0,"String":"b","Interface":null}}
2025-08-15T22:13:30.488-0500	DEBUG	protocol/handler.go:1649	have all messages and processed	{"{round 20 3  <nil>}": {"Key":"self","Type":15,"Integer":0,"String":"c","Interface":null}}
2025-08-15T22:13:30.488-0500	DEBUG	protocol/handler.go:596	round already finalized
2025-08-15T22:13:30.524-0500	DEBUG	protocol/handler.go:581	tryAdvanceRound called	{"{current_round 20 3  <nil>}": {"Key":"self","Type":15,"Integer":0,"String":"b","Interface":null}}
2025-08-15T22:13:30.533-0500	DEBUG	protocol/handler.go:1591	have processed broadcast	{"{round 20 3  <nil>}": {"Key":"from","Type":15,"Integer":0,"String":"a","Interface":null}}
2025-08-15T22:13:30.533-0500	DEBUG	protocol/handler.go:1591	have processed broadcast	{"{round 20 3  <nil>}": {"Key":"from","Type":15,"Integer":0,"String":"c","Interface":null}}
2025-08-15T22:13:30.533-0500	DEBUG	protocol/handler.go:1649	have all messages and processed	{"{round 20 3  <nil>}": {"Key":"self","Type":15,"Integer":0,"String":"b","Interface":null}}
2025-08-15T22:13:30.535-0500	DEBUG	protocol/handler.go:596	round already finalized
2025-08-15T22:13:30.535-0500	DEBUG	protocol/handler.go:581	tryAdvanceRound called	{"{current_round 20 3  <nil>}": {"Key":"self","Type":15,"Integer":0,"String":"b","Interface":null}}
2025-08-15T22:13:30.535-0500	DEBUG	protocol/handler.go:1591	have processed broadcast	{"{round 20 3  <nil>}": {"Key":"from","Type":15,"Integer":0,"String":"a","Interface":null}}
2025-08-15T22:13:30.535-0500	DEBUG	protocol/handler.go:1591	have processed broadcast	{"{round 20 3  <nil>}": {"Key":"from","Type":15,"Integer":0,"String":"c","Interface":null}}
2025-08-15T22:13:30.535-0500	DEBUG	protocol/handler.go:1649	have all messages and processed	{"{round 20 3  <nil>}": {"Key":"self","Type":15,"Integer":0,"String":"b","Interface":null}}
2025-08-15T22:13:30.535-0500	DEBUG	protocol/handler.go:596	round already finalized
2025-08-15T22:13:30.535-0500	DEBUG	protocol/handler.go:581	tryAdvanceRound called	{"{current_round 20 3  <nil>}": {"Key":"self","Type":15,"Integer":0,"String":"b","Interface":null}}
2025-08-15T22:13:30.535-0500	DEBUG	protocol/handler.go:1591	have processed broadcast	{"{round 20 3  <nil>}": {"Key":"from","Type":15,"Integer":0,"String":"a","Interface":null}}
2025-08-15T22:13:30.535-0500	DEBUG	protocol/handler.go:1591	have processed broadcast	{"{round 20 3  <nil>}": {"Key":"from","Type":15,"Integer":0,"String":"c","Interface":null}}
2025-08-15T22:13:30.535-0500	DEBUG	protocol/handler.go:1649	have all messages and processed	{"{round 20 3  <nil>}": {"Key":"self","Type":15,"Integer":0,"String":"b","Interface":null}}
2025-08-15T22:13:30.535-0500	DEBUG	protocol/handler.go:596	round already finalized
2025-08-15T22:13:30.535-0500	DEBUG	protocol/handler.go:581	tryAdvanceRound called	{"{current_round 20 3  <nil>}": {"Key":"self","Type":15,"Integer":0,"String":"c","Interface":null}}
2025-08-15T22:13:30.535-0500	DEBUG	protocol/handler.go:1591	have processed broadcast	{"{round 20 3  <nil>}": {"Key":"from","Type":15,"Integer":0,"String":"a","Interface":null}}
2025-08-15T22:13:30.535-0500	DEBUG	protocol/handler.go:1591	have processed broadcast	{"{round 20 3  <nil>}": {"Key":"from","Type":15,"Integer":0,"String":"b","Interface":null}}
2025-08-15T22:13:30.535-0500	DEBUG	protocol/handler.go:1649	have all messages and processed	{"{round 20 3  <nil>}": {"Key":"self","Type":15,"Integer":0,"String":"c","Interface":null}}
2025-08-15T22:13:30.535-0500	DEBUG	protocol/handler.go:596	round already finalized
2025-08-15T22:13:30.535-0500	DEBUG	protocol/handler.go:581	tryAdvanceRound called	{"{current_round 20 3  <nil>}": {"Key":"self","Type":15,"Integer":0,"String":"c","Interface":null}}
2025-08-15T22:13:30.535-0500	DEBUG	protocol/handler.go:1591	have processed broadcast	{"{round 20 3  <nil>}": {"Key":"from","Type":15,"Integer":0,"String":"a","Interface":null}}
2025-08-15T22:13:30.535-0500	DEBUG	protocol/handler.go:1591	have processed broadcast	{"{round 20 3  <nil>}": {"Key":"from","Type":15,"Integer":0,"String":"b","Interface":null}}
2025-08-15T22:13:30.535-0500	DEBUG	protocol/handler.go:1649	have all messages and processed	{"{round 20 3  <nil>}": {"Key":"self","Type":15,"Integer":0,"String":"c","Interface":null}}
2025-08-15T22:13:30.535-0500	DEBUG	protocol/handler.go:596	round already finalized
2025-08-15T22:13:30.560-0500	DEBUG	protocol/handler.go:581	tryAdvanceRound called	{"{current_round 20 3  <nil>}": {"Key":"self","Type":15,"Integer":0,"String":"c","Interface":null}}
2025-08-15T22:13:30.560-0500	DEBUG	protocol/handler.go:1591	have processed broadcast	{"{round 20 3  <nil>}": {"Key":"from","Type":15,"Integer":0,"String":"a","Interface":null}}
2025-08-15T22:13:30.561-0500	DEBUG	protocol/handler.go:1591	have processed broadcast	{"{round 20 3  <nil>}": {"Key":"from","Type":15,"Integer":0,"String":"b","Interface":null}}
2025-08-15T22:13:30.562-0500	DEBUG	protocol/handler.go:1649	have all messages and processed	{"{round 20 3  <nil>}": {"Key":"self","Type":15,"Integer":0,"String":"c","Interface":null}}
2025-08-15T22:13:30.562-0500	DEBUG	protocol/handler.go:596	round already finalized
2025-08-15T22:13:30.562-0500	DEBUG	protocol/handler.go:581	tryAdvanceRound called	{"{current_round 20 3  <nil>}": {"Key":"self","Type":15,"Integer":0,"String":"c","Interface":null}}
2025-08-15T22:13:30.562-0500	DEBUG	protocol/handler.go:1591	have processed broadcast	{"{round 20 3  <nil>}": {"Key":"from","Type":15,"Integer":0,"String":"a","Interface":null}}
2025-08-15T22:13:30.562-0500	DEBUG	protocol/handler.go:1591	have processed broadcast	{"{round 20 3  <nil>}": {"Key":"from","Type":15,"Integer":0,"String":"b","Interface":null}}
2025-08-15T22:13:30.562-0500	DEBUG	protocol/handler.go:1649	have all messages and processed	{"{round 20 3  <nil>}": {"Key":"self","Type":15,"Integer":0,"String":"c","Interface":null}}
2025-08-15T22:13:30.562-0500	DEBUG	protocol/handler.go:596	round already finalized
2025-08-15T22:13:30.476-0500	DEBUG	protocol/handler.go:1591	have processed broadcast	{"{round 20 3  <nil>}": {"Key":"from","Type":15,"Integer":0,"String":"b","Interface":null}}
2025-08-15T22:13:30.579-0500	DEBUG	protocol/handler.go:581	tryAdvanceRound called	{"{current_round 20 3  <nil>}": {"Key":"self","Type":15,"Integer":0,"String":"c","Interface":null}}
2025-08-15T22:13:30.579-0500	DEBUG	protocol/handler.go:1591	have processed broadcast	{"{round 20 3  <nil>}": {"Key":"from","Type":15,"Integer":0,"String":"a","Interface":null}}
2025-08-15T22:13:30.579-0500	DEBUG	protocol/handler.go:1591	have processed broadcast	{"{round 20 3  <nil>}": {"Key":"from","Type":15,"Integer":0,"String":"b","Interface":null}}
2025-08-15T22:13:30.579-0500	DEBUG	protocol/handler.go:1649	have all messages and processed	{"{round 20 3  <nil>}": {"Key":"self","Type":15,"Integer":0,"String":"c","Interface":null}}
2025-08-15T22:13:30.579-0500	DEBUG	protocol/handler.go:596	round already finalized
2025-08-15T22:13:30.579-0500	DEBUG	protocol/handler.go:581	tryAdvanceRound called	{"{current_round 20 3  <nil>}": {"Key":"self","Type":15,"Integer":0,"String":"b","Interface":null}}
2025-08-15T22:13:30.579-0500	DEBUG	protocol/handler.go:1591	have processed broadcast	{"{round 20 3  <nil>}": {"Key":"from","Type":15,"Integer":0,"String":"a","Interface":null}}
2025-08-15T22:13:30.579-0500	DEBUG	protocol/handler.go:1591	have processed broadcast	{"{round 20 3  <nil>}": {"Key":"from","Type":15,"Integer":0,"String":"c","Interface":null}}
2025-08-15T22:13:30.579-0500	DEBUG	protocol/handler.go:1649	have all messages and processed	{"{round 20 3  <nil>}": {"Key":"self","Type":15,"Integer":0,"String":"b","Interface":null}}
2025-08-15T22:13:30.579-0500	DEBUG	protocol/handler.go:596	round already finalized
2025-08-15T22:13:30.579-0500	DEBUG	protocol/handler.go:581	tryAdvanceRound called	{"{current_round 20 3  <nil>}": {"Key":"self","Type":15,"Integer":0,"String":"b","Interface":null}}
2025-08-15T22:13:30.580-0500	DEBUG	protocol/handler.go:1591	have processed broadcast	{"{round 20 3  <nil>}": {"Key":"from","Type":15,"Integer":0,"String":"a","Interface":null}}
2025-08-15T22:13:30.580-0500	DEBUG	protocol/handler.go:1591	have processed broadcast	{"{round 20 3  <nil>}": {"Key":"from","Type":15,"Integer":0,"String":"c","Interface":null}}
2025-08-15T22:13:30.580-0500	DEBUG	protocol/handler.go:1649	have all messages and processed	{"{round 20 3  <nil>}": {"Key":"self","Type":15,"Integer":0,"String":"b","Interface":null}}
2025-08-15T22:13:30.580-0500	DEBUG	protocol/handler.go:596	round already finalized
2025-08-15T22:13:30.589-0500	DEBUG	protocol/handler.go:1591	have processed broadcast	{"{round 20 3  <nil>}": {"Key":"from","Type":15,"Integer":0,"String":"c","Interface":null}}
2025-08-15T22:13:30.590-0500	DEBUG	protocol/handler.go:1649	have all messages and processed	{"{round 20 3  <nil>}": {"Key":"self","Type":15,"Integer":0,"String":"a","Interface":null}}
2025-08-15T22:13:30.590-0500	DEBUG	protocol/handler.go:596	round already finalized
2025-08-15T22:13:30.590-0500	DEBUG	protocol/handler.go:581	tryAdvanceRound called	{"{current_round 20 3  <nil>}": {"Key":"self","Type":15,"Integer":0,"String":"a","Interface":null}}
2025-08-15T22:13:30.590-0500	DEBUG	protocol/handler.go:1591	have processed broadcast	{"{round 20 3  <nil>}": {"Key":"from","Type":15,"Integer":0,"String":"b","Interface":null}}
2025-08-15T22:13:30.624-0500	DEBUG	protocol/handler.go:1591	have processed broadcast	{"{round 20 3  <nil>}": {"Key":"from","Type":15,"Integer":0,"String":"c","Interface":null}}
2025-08-15T22:13:30.627-0500	DEBUG	protocol/handler.go:1649	have all messages and processed	{"{round 20 3  <nil>}": {"Key":"self","Type":15,"Integer":0,"String":"a","Interface":null}}
2025-08-15T22:13:30.628-0500	DEBUG	protocol/handler.go:596	round already finalized
2025-08-15T22:13:30.631-0500	DEBUG	protocol/handler.go:581	tryAdvanceRound called	{"{current_round 20 3  <nil>}": {"Key":"self","Type":15,"Integer":0,"String":"a","Interface":null}}
2025-08-15T22:13:30.636-0500	DEBUG	protocol/handler.go:1591	have processed broadcast	{"{round 20 3  <nil>}": {"Key":"from","Type":15,"Integer":0,"String":"b","Interface":null}}
2025-08-15T22:13:30.636-0500	DEBUG	protocol/handler.go:1591	have processed broadcast	{"{round 20 3  <nil>}": {"Key":"from","Type":15,"Integer":0,"String":"c","Interface":null}}
2025-08-15T22:13:30.639-0500	DEBUG	protocol/handler.go:1649	have all messages and processed	{"{round 20 3  <nil>}": {"Key":"self","Type":15,"Integer":0,"String":"a","Interface":null}}
2025-08-15T22:13:30.641-0500	DEBUG	protocol/handler.go:596	round already finalized
2025-08-15T22:13:30.642-0500	DEBUG	protocol/handler.go:581	tryAdvanceRound called	{"{current_round 20 3  <nil>}": {"Key":"self","Type":15,"Integer":0,"String":"a","Interface":null}}
2025-08-15T22:13:30.642-0500	DEBUG	protocol/handler.go:1591	have processed broadcast	{"{round 20 3  <nil>}": {"Key":"from","Type":15,"Integer":0,"String":"b","Interface":null}}
2025-08-15T22:13:30.650-0500	DEBUG	protocol/handler.go:1591	have processed broadcast	{"{round 20 3  <nil>}": {"Key":"from","Type":15,"Integer":0,"String":"c","Interface":null}}
2025-08-15T22:13:30.650-0500	DEBUG	protocol/handler.go:1649	have all messages and processed	{"{round 20 3  <nil>}": {"Key":"self","Type":15,"Integer":0,"String":"a","Interface":null}}
2025-08-15T22:13:30.650-0500	DEBUG	protocol/handler.go:596	round already finalized
2025-08-15T22:13:30.650-0500	DEBUG	protocol/handler.go:581	tryAdvanceRound called	{"{current_round 20 3  <nil>}": {"Key":"self","Type":15,"Integer":0,"String":"a","Interface":null}}
2025-08-15T22:13:30.651-0500	DEBUG	protocol/handler.go:1591	have processed broadcast	{"{round 20 3  <nil>}": {"Key":"from","Type":15,"Integer":0,"String":"b","Interface":null}}
2025-08-15T22:13:30.651-0500	DEBUG	protocol/handler.go:1591	have processed broadcast	{"{round 20 3  <nil>}": {"Key":"from","Type":15,"Integer":0,"String":"c","Interface":null}}
2025-08-15T22:13:30.651-0500	DEBUG	protocol/handler.go:1649	have all messages and processed	{"{round 20 3  <nil>}": {"Key":"self","Type":15,"Integer":0,"String":"a","Interface":null}}
2025-08-15T22:13:30.651-0500	DEBUG	protocol/handler.go:596	round already finalized
2025-08-15T22:13:30.664-0500	DEBUG	protocol/handler.go:581	tryAdvanceRound called	{"{current_round 20 3  <nil>}": {"Key":"self","Type":15,"Integer":0,"String":"a","Interface":null}}
2025-08-15T22:13:30.665-0500	DEBUG	protocol/handler.go:1591	have processed broadcast	{"{round 20 3  <nil>}": {"Key":"from","Type":15,"Integer":0,"String":"b","Interface":null}}
2025-08-15T22:13:30.665-0500	DEBUG	protocol/handler.go:1591	have processed broadcast	{"{round 20 3  <nil>}": {"Key":"from","Type":15,"Integer":0,"String":"c","Interface":null}}
2025-08-15T22:13:30.665-0500	DEBUG	protocol/handler.go:1649	have all messages and processed	{"{round 20 3  <nil>}": {"Key":"self","Type":15,"Integer":0,"String":"a","Interface":null}}
2025-08-15T22:13:30.665-0500	DEBUG	protocol/handler.go:596	round already finalized
2025-08-15T22:13:30.667-0500	DEBUG	protocol/handler.go:581	tryAdvanceRound called	{"{current_round 20 3  <nil>}": {"Key":"self","Type":15,"Integer":0,"String":"a","Interface":null}}
2025-08-15T22:13:30.681-0500	DEBUG	protocol/handler.go:1591	have processed broadcast	{"{round 20 3  <nil>}": {"Key":"from","Type":15,"Integer":0,"String":"b","Interface":null}}
2025-08-15T22:13:30.681-0500	DEBUG	protocol/handler.go:1591	have processed broadcast	{"{round 20 3  <nil>}": {"Key":"from","Type":15,"Integer":0,"String":"c","Interface":null}}
2025-08-15T22:13:30.682-0500	DEBUG	protocol/handler.go:1649	have all messages and processed	{"{round 20 3  <nil>}": {"Key":"self","Type":15,"Integer":0,"String":"a","Interface":null}}
2025-08-15T22:13:30.682-0500	DEBUG	protocol/handler.go:596	round already finalized
2025-08-15T22:13:30.683-0500	DEBUG	protocol/handler.go:581	tryAdvanceRound called	{"{current_round 20 3  <nil>}": {"Key":"self","Type":15,"Integer":0,"String":"a","Interface":null}}
2025-08-15T22:13:30.683-0500	DEBUG	protocol/handler.go:1591	have processed broadcast	{"{round 20 3  <nil>}": {"Key":"from","Type":15,"Integer":0,"String":"b","Interface":null}}
2025-08-15T22:13:30.683-0500	DEBUG	protocol/handler.go:1591	have processed broadcast	{"{round 20 3  <nil>}": {"Key":"from","Type":15,"Integer":0,"String":"c","Interface":null}}
2025-08-15T22:13:30.684-0500	DEBUG	protocol/handler.go:1649	have all messages and processed	{"{round 20 3  <nil>}": {"Key":"self","Type":15,"Integer":0,"String":"a","Interface":null}}
2025-08-15T22:13:30.684-0500	DEBUG	protocol/handler.go:596	round already finalized
2025-08-15T22:13:30.686-0500	DEBUG	protocol/handler.go:581	tryAdvanceRound called	{"{current_round 20 3  <nil>}": {"Key":"self","Type":15,"Integer":0,"String":"a","Interface":null}}
2025-08-15T22:13:30.687-0500	DEBUG	protocol/handler.go:1591	have processed broadcast	{"{round 20 3  <nil>}": {"Key":"from","Type":15,"Integer":0,"String":"b","Interface":null}}
2025-08-15T22:13:30.687-0500	DEBUG	protocol/handler.go:1591	have processed broadcast	{"{round 20 3  <nil>}": {"Key":"from","Type":15,"Integer":0,"String":"c","Interface":null}}
2025-08-15T22:13:30.687-0500	DEBUG	protocol/handler.go:1649	have all messages and processed	{"{round 20 3  <nil>}": {"Key":"self","Type":15,"Integer":0,"String":"a","Interface":null}}
2025-08-15T22:13:30.689-0500	DEBUG	protocol/handler.go:596	round already finalized
2025-08-15T22:13:30.696-0500	DEBUG	protocol/handler.go:581	tryAdvanceRound called	{"{current_round 20 3  <nil>}": {"Key":"self","Type":15,"Integer":0,"String":"a","Interface":null}}
2025-08-15T22:13:30.697-0500	DEBUG	protocol/handler.go:1591	have processed broadcast	{"{round 20 3  <nil>}": {"Key":"from","Type":15,"Integer":0,"String":"b","Interface":null}}
2025-08-15T22:13:30.699-0500	DEBUG	protocol/handler.go:581	tryAdvanceRound called	{"{current_round 20 3  <nil>}": {"Key":"self","Type":15,"Integer":0,"String":"b","Interface":null}}
2025-08-15T22:13:30.699-0500	DEBUG	protocol/handler.go:1591	have processed broadcast	{"{round 20 3  <nil>}": {"Key":"from","Type":15,"Integer":0,"String":"a","Interface":null}}
2025-08-15T22:13:30.699-0500	DEBUG	protocol/handler.go:1591	have processed broadcast	{"{round 20 3  <nil>}": {"Key":"from","Type":15,"Integer":0,"String":"c","Interface":null}}
2025-08-15T22:13:30.699-0500	DEBUG	protocol/handler.go:1649	have all messages and processed	{"{round 20 3  <nil>}": {"Key":"self","Type":15,"Integer":0,"String":"b","Interface":null}}
2025-08-15T22:13:30.699-0500	DEBUG	protocol/handler.go:596	round already finalized
2025-08-15T22:13:30.699-0500	DEBUG	protocol/handler.go:581	tryAdvanceRound called	{"{current_round 20 3  <nil>}": {"Key":"self","Type":15,"Integer":0,"String":"b","Interface":null}}
2025-08-15T22:13:30.699-0500	DEBUG	protocol/handler.go:1591	have processed broadcast	{"{round 20 3  <nil>}": {"Key":"from","Type":15,"Integer":0,"String":"a","Interface":null}}
2025-08-15T22:13:30.699-0500	DEBUG	protocol/handler.go:1591	have processed broadcast	{"{round 20 3  <nil>}": {"Key":"from","Type":15,"Integer":0,"String":"c","Interface":null}}
2025-08-15T22:13:30.699-0500	DEBUG	protocol/handler.go:1649	have all messages and processed	{"{round 20 3  <nil>}": {"Key":"self","Type":15,"Integer":0,"String":"b","Interface":null}}
2025-08-15T22:13:30.699-0500	DEBUG	protocol/handler.go:596	round already finalized
2025-08-15T22:13:30.699-0500	DEBUG	protocol/handler.go:581	tryAdvanceRound called	{"{current_round 20 3  <nil>}": {"Key":"self","Type":15,"Integer":0,"String":"c","Interface":null}}
2025-08-15T22:13:30.699-0500	DEBUG	protocol/handler.go:1591	have processed broadcast	{"{round 20 3  <nil>}": {"Key":"from","Type":15,"Integer":0,"String":"a","Interface":null}}
2025-08-15T22:13:30.699-0500	DEBUG	protocol/handler.go:1591	have processed broadcast	{"{round 20 3  <nil>}": {"Key":"from","Type":15,"Integer":0,"String":"b","Interface":null}}
2025-08-15T22:13:30.699-0500	DEBUG	protocol/handler.go:1649	have all messages and processed	{"{round 20 3  <nil>}": {"Key":"self","Type":15,"Integer":0,"String":"c","Interface":null}}
2025-08-15T22:13:30.699-0500	DEBUG	protocol/handler.go:596	round already finalized
2025-08-15T22:13:30.700-0500	DEBUG	protocol/handler.go:581	tryAdvanceRound called	{"{current_round 20 3  <nil>}": {"Key":"self","Type":15,"Integer":0,"String":"c","Interface":null}}
2025-08-15T22:13:30.700-0500	DEBUG	protocol/handler.go:1591	have processed broadcast	{"{round 20 3  <nil>}": {"Key":"from","Type":15,"Integer":0,"String":"a","Interface":null}}
2025-08-15T22:13:30.700-0500	DEBUG	protocol/handler.go:1591	have processed broadcast	{"{round 20 3  <nil>}": {"Key":"from","Type":15,"Integer":0,"String":"b","Interface":null}}
2025-08-15T22:13:30.700-0500	DEBUG	protocol/handler.go:1649	have all messages and processed	{"{round 20 3  <nil>}": {"Key":"self","Type":15,"Integer":0,"String":"c","Interface":null}}
2025-08-15T22:13:30.700-0500	DEBUG	protocol/handler.go:596	round already finalized
2025-08-15T22:13:30.748-0500	DEBUG	protocol/handler.go:581	tryAdvanceRound called	{"{current_round 20 3  <nil>}": {"Key":"self","Type":15,"Integer":0,"String":"b","Interface":null}}
2025-08-15T22:13:30.748-0500	DEBUG	protocol/handler.go:1591	have processed broadcast	{"{round 20 3  <nil>}": {"Key":"from","Type":15,"Integer":0,"String":"a","Interface":null}}
2025-08-15T22:13:30.748-0500	DEBUG	protocol/handler.go:1591	have processed broadcast	{"{round 20 3  <nil>}": {"Key":"from","Type":15,"Integer":0,"String":"c","Interface":null}}
2025-08-15T22:13:30.748-0500	DEBUG	protocol/handler.go:1649	have all messages and processed	{"{round 20 3  <nil>}": {"Key":"self","Type":15,"Integer":0,"String":"b","Interface":null}}
2025-08-15T22:13:30.748-0500	DEBUG	protocol/handler.go:596	round already finalized
2025-08-15T22:13:30.748-0500	DEBUG	protocol/handler.go:581	tryAdvanceRound called	{"{current_round 20 3  <nil>}": {"Key":"self","Type":15,"Integer":0,"String":"b","Interface":null}}
2025-08-15T22:13:30.748-0500	DEBUG	protocol/handler.go:1591	have processed broadcast	{"{round 20 3  <nil>}": {"Key":"from","Type":15,"Integer":0,"String":"a","Interface":null}}
2025-08-15T22:13:30.748-0500	DEBUG	protocol/handler.go:1591	have processed broadcast	{"{round 20 3  <nil>}": {"Key":"from","Type":15,"Integer":0,"String":"c","Interface":null}}
2025-08-15T22:13:30.748-0500	DEBUG	protocol/handler.go:1649	have all messages and processed	{"{round 20 3  <nil>}": {"Key":"self","Type":15,"Integer":0,"String":"b","Interface":null}}
2025-08-15T22:13:30.748-0500	DEBUG	protocol/handler.go:596	round already finalized
2025-08-15T22:13:30.749-0500	DEBUG	protocol/handler.go:581	tryAdvanceRound called	{"{current_round 20 3  <nil>}": {"Key":"self","Type":15,"Integer":0,"String":"c","Interface":null}}
2025-08-15T22:13:30.749-0500	DEBUG	protocol/handler.go:1591	have processed broadcast	{"{round 20 3  <nil>}": {"Key":"from","Type":15,"Integer":0,"String":"a","Interface":null}}
2025-08-15T22:13:30.749-0500	DEBUG	protocol/handler.go:1591	have processed broadcast	{"{round 20 3  <nil>}": {"Key":"from","Type":15,"Integer":0,"String":"b","Interface":null}}
2025-08-15T22:13:30.749-0500	DEBUG	protocol/handler.go:1649	have all messages and processed	{"{round 20 3  <nil>}": {"Key":"self","Type":15,"Integer":0,"String":"c","Interface":null}}
2025-08-15T22:13:30.749-0500	DEBUG	protocol/handler.go:596	round already finalized
2025-08-15T22:13:30.749-0500	DEBUG	protocol/handler.go:581	tryAdvanceRound called	{"{current_round 20 3  <nil>}": {"Key":"self","Type":15,"Integer":0,"String":"c","Interface":null}}
2025-08-15T22:13:30.749-0500	DEBUG	protocol/handler.go:1591	have processed broadcast	{"{round 20 3  <nil>}": {"Key":"from","Type":15,"Integer":0,"String":"a","Interface":null}}
2025-08-15T22:13:30.749-0500	DEBUG	protocol/handler.go:1591	have processed broadcast	{"{round 20 3  <nil>}": {"Key":"from","Type":15,"Integer":0,"String":"b","Interface":null}}
2025-08-15T22:13:30.749-0500	DEBUG	protocol/handler.go:1649	have all messages and processed	{"{round 20 3  <nil>}": {"Key":"self","Type":15,"Integer":0,"String":"c","Interface":null}}
2025-08-15T22:13:30.749-0500	DEBUG	protocol/handler.go:596	round already finalized
2025-08-15T22:13:30.755-0500	DEBUG	protocol/handler.go:581	tryAdvanceRound called	{"{current_round 20 3  <nil>}": {"Key":"self","Type":15,"Integer":0,"String":"c","Interface":null}}
2025-08-15T22:13:30.755-0500	DEBUG	protocol/handler.go:1591	have processed broadcast	{"{round 20 3  <nil>}": {"Key":"from","Type":15,"Integer":0,"String":"a","Interface":null}}
2025-08-15T22:13:30.755-0500	DEBUG	protocol/handler.go:1591	have processed broadcast	{"{round 20 3  <nil>}": {"Key":"from","Type":15,"Integer":0,"String":"b","Interface":null}}
2025-08-15T22:13:30.755-0500	DEBUG	protocol/handler.go:1649	have all messages and processed	{"{round 20 3  <nil>}": {"Key":"self","Type":15,"Integer":0,"String":"c","Interface":null}}
2025-08-15T22:13:30.755-0500	DEBUG	protocol/handler.go:596	round already finalized
2025-08-15T22:13:30.697-0500	DEBUG	protocol/handler.go:1591	have processed broadcast	{"{round 20 3  <nil>}": {"Key":"from","Type":15,"Integer":0,"String":"c","Interface":null}}
2025-08-15T22:13:30.758-0500	DEBUG	protocol/handler.go:1649	have all messages and processed	{"{round 20 3  <nil>}": {"Key":"self","Type":15,"Integer":0,"String":"a","Interface":null}}
2025-08-15T22:13:30.758-0500	DEBUG	protocol/handler.go:596	round already finalized
2025-08-15T22:13:30.758-0500	DEBUG	protocol/handler.go:581	tryAdvanceRound called	{"{current_round 20 3  <nil>}": {"Key":"self","Type":15,"Integer":0,"String":"a","Interface":null}}
2025-08-15T22:13:30.758-0500	DEBUG	protocol/handler.go:1591	have processed broadcast	{"{round 20 3  <nil>}": {"Key":"from","Type":15,"Integer":0,"String":"b","Interface":null}}
2025-08-15T22:13:30.758-0500	DEBUG	protocol/handler.go:1591	have processed broadcast	{"{round 20 3  <nil>}": {"Key":"from","Type":15,"Integer":0,"String":"c","Interface":null}}
2025-08-15T22:13:30.758-0500	DEBUG	protocol/handler.go:1649	have all messages and processed	{"{round 20 3  <nil>}": {"Key":"self","Type":15,"Integer":0,"String":"a","Interface":null}}
2025-08-15T22:13:30.758-0500	DEBUG	protocol/handler.go:596	round already finalized
2025-08-15T22:13:30.760-0500	DEBUG	protocol/handler.go:581	tryAdvanceRound called	{"{current_round 20 3  <nil>}": {"Key":"self","Type":15,"Integer":0,"String":"b","Interface":null}}
2025-08-15T22:13:30.760-0500	DEBUG	protocol/handler.go:1591	have processed broadcast	{"{round 20 3  <nil>}": {"Key":"from","Type":15,"Integer":0,"String":"a","Interface":null}}
2025-08-15T22:13:30.761-0500	DEBUG	protocol/handler.go:1591	have processed broadcast	{"{round 20 3  <nil>}": {"Key":"from","Type":15,"Integer":0,"String":"c","Interface":null}}
2025-08-15T22:13:30.761-0500	DEBUG	protocol/handler.go:1649	have all messages and processed	{"{round 20 3  <nil>}": {"Key":"self","Type":15,"Integer":0,"String":"b","Interface":null}}
2025-08-15T22:13:30.761-0500	DEBUG	protocol/handler.go:596	round already finalized
2025-08-15T22:13:30.771-0500	DEBUG	protocol/handler.go:581	tryAdvanceRound called	{"{current_round 20 3  <nil>}": {"Key":"self","Type":15,"Integer":0,"String":"a","Interface":null}}
2025-08-15T22:13:30.761-0500	DEBUG	protocol/handler.go:581	tryAdvanceRound called	{"{current_round 20 3  <nil>}": {"Key":"self","Type":15,"Integer":0,"String":"b","Interface":null}}
2025-08-15T22:13:30.832-0500	DEBUG	protocol/handler.go:1591	have processed broadcast	{"{round 20 3  <nil>}": {"Key":"from","Type":15,"Integer":0,"String":"a","Interface":null}}
2025-08-15T22:13:30.832-0500	DEBUG	protocol/handler.go:1591	have processed broadcast	{"{round 20 3  <nil>}": {"Key":"from","Type":15,"Integer":0,"String":"c","Interface":null}}
2025-08-15T22:13:30.833-0500	DEBUG	protocol/handler.go:1649	have all messages and processed	{"{round 20 3  <nil>}": {"Key":"self","Type":15,"Integer":0,"String":"b","Interface":null}}
2025-08-15T22:13:30.834-0500	DEBUG	protocol/handler.go:596	round already finalized
2025-08-15T22:13:30.834-0500	DEBUG	protocol/handler.go:581	tryAdvanceRound called	{"{current_round 20 3  <nil>}": {"Key":"self","Type":15,"Integer":0,"String":"b","Interface":null}}
2025-08-15T22:13:30.834-0500	DEBUG	protocol/handler.go:1591	have processed broadcast	{"{round 20 3  <nil>}": {"Key":"from","Type":15,"Integer":0,"String":"a","Interface":null}}
2025-08-15T22:13:30.834-0500	DEBUG	protocol/handler.go:1591	have processed broadcast	{"{round 20 3  <nil>}": {"Key":"from","Type":15,"Integer":0,"String":"c","Interface":null}}
2025-08-15T22:13:30.834-0500	DEBUG	protocol/handler.go:1649	have all messages and processed	{"{round 20 3  <nil>}": {"Key":"self","Type":15,"Integer":0,"String":"b","Interface":null}}
2025-08-15T22:13:30.834-0500	DEBUG	protocol/handler.go:596	round already finalized
2025-08-15T22:13:30.888-0500	DEBUG	protocol/handler.go:581	tryAdvanceRound called	{"{current_round 20 3  <nil>}": {"Key":"self","Type":15,"Integer":0,"String":"b","Interface":null}}
2025-08-15T22:13:30.888-0500	DEBUG	protocol/handler.go:1591	have processed broadcast	{"{round 20 3  <nil>}": {"Key":"from","Type":15,"Integer":0,"String":"a","Interface":null}}
2025-08-15T22:13:30.889-0500	DEBUG	protocol/handler.go:1591	have processed broadcast	{"{round 20 3  <nil>}": {"Key":"from","Type":15,"Integer":0,"String":"c","Interface":null}}
2025-08-15T22:13:30.889-0500	DEBUG	protocol/handler.go:1649	have all messages and processed	{"{round 20 3  <nil>}": {"Key":"self","Type":15,"Integer":0,"String":"b","Interface":null}}
2025-08-15T22:13:30.889-0500	DEBUG	protocol/handler.go:596	round already finalized
2025-08-15T22:13:30.890-0500	DEBUG	protocol/handler.go:581	tryAdvanceRound called	{"{current_round 20 3  <nil>}": {"Key":"self","Type":15,"Integer":0,"String":"b","Interface":null}}
2025-08-15T22:13:30.890-0500	DEBUG	protocol/handler.go:1591	have processed broadcast	{"{round 20 3  <nil>}": {"Key":"from","Type":15,"Integer":0,"String":"a","Interface":null}}
2025-08-15T22:13:30.890-0500	DEBUG	protocol/handler.go:1591	have processed broadcast	{"{round 20 3  <nil>}": {"Key":"from","Type":15,"Integer":0,"String":"c","Interface":null}}
2025-08-15T22:13:30.890-0500	DEBUG	protocol/handler.go:1649	have all messages and processed	{"{round 20 3  <nil>}": {"Key":"self","Type":15,"Integer":0,"String":"b","Interface":null}}
2025-08-15T22:13:30.890-0500	DEBUG	protocol/handler.go:596	round already finalized
2025-08-15T22:13:30.912-0500	DEBUG	protocol/handler.go:581	tryAdvanceRound called	{"{current_round 20 3  <nil>}": {"Key":"self","Type":15,"Integer":0,"String":"b","Interface":null}}
2025-08-15T22:13:30.912-0500	DEBUG	protocol/handler.go:1591	have processed broadcast	{"{round 20 3  <nil>}": {"Key":"from","Type":15,"Integer":0,"String":"a","Interface":null}}
2025-08-15T22:13:30.912-0500	DEBUG	protocol/handler.go:1591	have processed broadcast	{"{round 20 3  <nil>}": {"Key":"from","Type":15,"Integer":0,"String":"c","Interface":null}}
2025-08-15T22:13:30.912-0500	DEBUG	protocol/handler.go:1649	have all messages and processed	{"{round 20 3  <nil>}": {"Key":"self","Type":15,"Integer":0,"String":"b","Interface":null}}
2025-08-15T22:13:30.912-0500	DEBUG	protocol/handler.go:596	round already finalized
2025-08-15T22:13:30.763-0500	DEBUG	protocol/handler.go:581	tryAdvanceRound called	{"{current_round 20 3  <nil>}": {"Key":"self","Type":15,"Integer":0,"String":"c","Interface":null}}
2025-08-15T22:13:30.913-0500	DEBUG	protocol/handler.go:1591	have processed broadcast	{"{round 20 3  <nil>}": {"Key":"from","Type":15,"Integer":0,"String":"a","Interface":null}}
2025-08-15T22:13:30.913-0500	DEBUG	protocol/handler.go:1591	have processed broadcast	{"{round 20 3  <nil>}": {"Key":"from","Type":15,"Integer":0,"String":"b","Interface":null}}
2025-08-15T22:13:30.913-0500	DEBUG	protocol/handler.go:1649	have all messages and processed	{"{round 20 3  <nil>}": {"Key":"self","Type":15,"Integer":0,"String":"c","Interface":null}}
2025-08-15T22:13:30.913-0500	DEBUG	protocol/handler.go:596	round already finalized
2025-08-15T22:13:30.913-0500	DEBUG	protocol/handler.go:581	tryAdvanceRound called	{"{current_round 20 3  <nil>}": {"Key":"self","Type":15,"Integer":0,"String":"c","Interface":null}}
2025-08-15T22:13:30.913-0500	DEBUG	protocol/handler.go:1591	have processed broadcast	{"{round 20 3  <nil>}": {"Key":"from","Type":15,"Integer":0,"String":"a","Interface":null}}
2025-08-15T22:13:30.913-0500	DEBUG	protocol/handler.go:1591	have processed broadcast	{"{round 20 3  <nil>}": {"Key":"from","Type":15,"Integer":0,"String":"b","Interface":null}}
2025-08-15T22:13:30.913-0500	DEBUG	protocol/handler.go:1649	have all messages and processed	{"{round 20 3  <nil>}": {"Key":"self","Type":15,"Integer":0,"String":"c","Interface":null}}
2025-08-15T22:13:30.913-0500	DEBUG	protocol/handler.go:596	round already finalized
2025-08-15T22:13:30.913-0500	DEBUG	protocol/handler.go:1591	have processed broadcast	{"{round 20 3  <nil>}": {"Key":"from","Type":15,"Integer":0,"String":"b","Interface":null}}
2025-08-15T22:13:30.913-0500	DEBUG	protocol/handler.go:1591	have processed broadcast	{"{round 20 3  <nil>}": {"Key":"from","Type":15,"Integer":0,"String":"c","Interface":null}}
2025-08-15T22:13:30.913-0500	DEBUG	protocol/handler.go:1649	have all messages and processed	{"{round 20 3  <nil>}": {"Key":"self","Type":15,"Integer":0,"String":"a","Interface":null}}
2025-08-15T22:13:30.913-0500	DEBUG	protocol/handler.go:596	round already finalized
2025-08-15T22:13:30.913-0500	DEBUG	protocol/handler.go:581	tryAdvanceRound called	{"{current_round 20 3  <nil>}": {"Key":"self","Type":15,"Integer":0,"String":"a","Interface":null}}
2025-08-15T22:13:30.913-0500	DEBUG	protocol/handler.go:1591	have processed broadcast	{"{round 20 3  <nil>}": {"Key":"from","Type":15,"Integer":0,"String":"b","Interface":null}}
2025-08-15T22:13:30.913-0500	DEBUG	protocol/handler.go:1591	have processed broadcast	{"{round 20 3  <nil>}": {"Key":"from","Type":15,"Integer":0,"String":"c","Interface":null}}
2025-08-15T22:13:30.913-0500	DEBUG	protocol/handler.go:1649	have all messages and processed	{"{round 20 3  <nil>}": {"Key":"self","Type":15,"Integer":0,"String":"a","Interface":null}}
2025-08-15T22:13:30.913-0500	DEBUG	protocol/handler.go:596	round already finalized
2025-08-15T22:13:30.934-0500	DEBUG	protocol/handler.go:581	tryAdvanceRound called	{"{current_round 20 3  <nil>}": {"Key":"self","Type":15,"Integer":0,"String":"c","Interface":null}}
2025-08-15T22:13:30.935-0500	DEBUG	protocol/handler.go:1591	have processed broadcast	{"{round 20 3  <nil>}": {"Key":"from","Type":15,"Integer":0,"String":"a","Interface":null}}
2025-08-15T22:13:30.935-0500	DEBUG	protocol/handler.go:1591	have processed broadcast	{"{round 20 3  <nil>}": {"Key":"from","Type":15,"Integer":0,"String":"b","Interface":null}}
2025-08-15T22:13:30.935-0500	DEBUG	protocol/handler.go:1649	have all messages and processed	{"{round 20 3  <nil>}": {"Key":"self","Type":15,"Integer":0,"String":"c","Interface":null}}
2025-08-15T22:13:30.935-0500	DEBUG	protocol/handler.go:596	round already finalized
2025-08-15T22:13:30.935-0500	DEBUG	protocol/handler.go:581	tryAdvanceRound called	{"{current_round 20 3  <nil>}": {"Key":"self","Type":15,"Integer":0,"String":"a","Interface":null}}
2025-08-15T22:13:30.935-0500	DEBUG	protocol/handler.go:1591	have processed broadcast	{"{round 20 3  <nil>}": {"Key":"from","Type":15,"Integer":0,"String":"b","Interface":null}}
2025-08-15T22:13:30.935-0500	DEBUG	protocol/handler.go:1591	have processed broadcast	{"{round 20 3  <nil>}": {"Key":"from","Type":15,"Integer":0,"String":"c","Interface":null}}
2025-08-15T22:13:30.935-0500	DEBUG	protocol/handler.go:1649	have all messages and processed	{"{round 20 3  <nil>}": {"Key":"self","Type":15,"Integer":0,"String":"a","Interface":null}}
2025-08-15T22:13:30.935-0500	DEBUG	protocol/handler.go:596	round already finalized
2025-08-15T22:13:30.957-0500	DEBUG	protocol/handler.go:581	tryAdvanceRound called	{"{current_round 20 3  <nil>}": {"Key":"self","Type":15,"Integer":0,"String":"c","Interface":null}}
2025-08-15T22:13:30.957-0500	DEBUG	protocol/handler.go:1591	have processed broadcast	{"{round 20 3  <nil>}": {"Key":"from","Type":15,"Integer":0,"String":"a","Interface":null}}
2025-08-15T22:13:30.957-0500	DEBUG	protocol/handler.go:1591	have processed broadcast	{"{round 20 3  <nil>}": {"Key":"from","Type":15,"Integer":0,"String":"b","Interface":null}}
2025-08-15T22:13:30.957-0500	DEBUG	protocol/handler.go:1649	have all messages and processed	{"{round 20 3  <nil>}": {"Key":"self","Type":15,"Integer":0,"String":"c","Interface":null}}
2025-08-15T22:13:30.957-0500	DEBUG	protocol/handler.go:596	round already finalized
2025-08-15T22:13:30.957-0500	DEBUG	protocol/handler.go:581	tryAdvanceRound called	{"{current_round 20 3  <nil>}": {"Key":"self","Type":15,"Integer":0,"String":"b","Interface":null}}
2025-08-15T22:13:30.957-0500	DEBUG	protocol/handler.go:1591	have processed broadcast	{"{round 20 3  <nil>}": {"Key":"from","Type":15,"Integer":0,"String":"a","Interface":null}}
2025-08-15T22:13:30.960-0500	DEBUG	protocol/handler.go:1591	have processed broadcast	{"{round 20 3  <nil>}": {"Key":"from","Type":15,"Integer":0,"String":"c","Interface":null}}
2025-08-15T22:13:30.961-0500	DEBUG	protocol/handler.go:1649	have all messages and processed	{"{round 20 3  <nil>}": {"Key":"self","Type":15,"Integer":0,"String":"b","Interface":null}}
2025-08-15T22:13:30.961-0500	DEBUG	protocol/handler.go:596	round already finalized
2025-08-15T22:13:30.961-0500	DEBUG	protocol/handler.go:581	tryAdvanceRound called	{"{current_round 20 3  <nil>}": {"Key":"self","Type":15,"Integer":0,"String":"b","Interface":null}}
2025-08-15T22:13:30.961-0500	DEBUG	protocol/handler.go:1591	have processed broadcast	{"{round 20 3  <nil>}": {"Key":"from","Type":15,"Integer":0,"String":"a","Interface":null}}
2025-08-15T22:13:30.961-0500	DEBUG	protocol/handler.go:1591	have processed broadcast	{"{round 20 3  <nil>}": {"Key":"from","Type":15,"Integer":0,"String":"c","Interface":null}}
2025-08-15T22:13:30.961-0500	DEBUG	protocol/handler.go:1649	have all messages and processed	{"{round 20 3  <nil>}": {"Key":"self","Type":15,"Integer":0,"String":"b","Interface":null}}
2025-08-15T22:13:30.961-0500	DEBUG	protocol/handler.go:596	round already finalized
2025-08-15T22:13:30.962-0500	DEBUG	protocol/handler.go:581	tryAdvanceRound called	{"{current_round 20 3  <nil>}": {"Key":"self","Type":15,"Integer":0,"String":"c","Interface":null}}
2025-08-15T22:13:30.962-0500	DEBUG	protocol/handler.go:1591	have processed broadcast	{"{round 20 3  <nil>}": {"Key":"from","Type":15,"Integer":0,"String":"a","Interface":null}}
2025-08-15T22:13:30.962-0500	DEBUG	protocol/handler.go:1591	have processed broadcast	{"{round 20 3  <nil>}": {"Key":"from","Type":15,"Integer":0,"String":"b","Interface":null}}
2025-08-15T22:13:30.962-0500	DEBUG	protocol/handler.go:1649	have all messages and processed	{"{round 20 3  <nil>}": {"Key":"self","Type":15,"Integer":0,"String":"c","Interface":null}}
2025-08-15T22:13:30.962-0500	DEBUG	protocol/handler.go:596	round already finalized
2025-08-15T22:13:30.979-0500	DEBUG	protocol/handler.go:581	tryAdvanceRound called	{"{current_round 20 3  <nil>}": {"Key":"self","Type":15,"Integer":0,"String":"a","Interface":null}}
2025-08-15T22:13:30.979-0500	DEBUG	protocol/handler.go:1591	have processed broadcast	{"{round 20 3  <nil>}": {"Key":"from","Type":15,"Integer":0,"String":"b","Interface":null}}
2025-08-15T22:13:30.980-0500	DEBUG	protocol/handler.go:1591	have processed broadcast	{"{round 20 3  <nil>}": {"Key":"from","Type":15,"Integer":0,"String":"c","Interface":null}}
2025-08-15T22:13:30.980-0500	DEBUG	protocol/handler.go:1649	have all messages and processed	{"{round 20 3  <nil>}": {"Key":"self","Type":15,"Integer":0,"String":"a","Interface":null}}
2025-08-15T22:13:30.980-0500	DEBUG	protocol/handler.go:596	round already finalized
2025-08-15T22:13:30.980-0500	DEBUG	protocol/handler.go:581	tryAdvanceRound called	{"{current_round 20 3  <nil>}": {"Key":"self","Type":15,"Integer":0,"String":"a","Interface":null}}
2025-08-15T22:13:30.980-0500	DEBUG	protocol/handler.go:1591	have processed broadcast	{"{round 20 3  <nil>}": {"Key":"from","Type":15,"Integer":0,"String":"b","Interface":null}}
2025-08-15T22:13:30.980-0500	DEBUG	protocol/handler.go:1591	have processed broadcast	{"{round 20 3  <nil>}": {"Key":"from","Type":15,"Integer":0,"String":"c","Interface":null}}
2025-08-15T22:13:30.980-0500	DEBUG	protocol/handler.go:1649	have all messages and processed	{"{round 20 3  <nil>}": {"Key":"self","Type":15,"Integer":0,"String":"a","Interface":null}}
2025-08-15T22:13:30.980-0500	DEBUG	protocol/handler.go:596	round already finalized
2025-08-15T22:13:30.980-0500	DEBUG	protocol/handler.go:581	tryAdvanceRound called	{"{current_round 20 3  <nil>}": {"Key":"self","Type":15,"Integer":0,"String":"b","Interface":null}}
2025-08-15T22:13:30.980-0500	DEBUG	protocol/handler.go:1591	have processed broadcast	{"{round 20 3  <nil>}": {"Key":"from","Type":15,"Integer":0,"String":"a","Interface":null}}
2025-08-15T22:13:30.980-0500	DEBUG	protocol/handler.go:1591	have processed broadcast	{"{round 20 3  <nil>}": {"Key":"from","Type":15,"Integer":0,"String":"c","Interface":null}}
2025-08-15T22:13:30.980-0500	DEBUG	protocol/handler.go:1649	have all messages and processed	{"{round 20 3  <nil>}": {"Key":"self","Type":15,"Integer":0,"String":"b","Interface":null}}
2025-08-15T22:13:30.980-0500	DEBUG	protocol/handler.go:596	round already finalized
2025-08-15T22:13:30.980-0500	DEBUG	protocol/handler.go:581	tryAdvanceRound called	{"{current_round 20 3  <nil>}": {"Key":"self","Type":15,"Integer":0,"String":"b","Interface":null}}
2025-08-15T22:13:30.980-0500	DEBUG	protocol/handler.go:1591	have processed broadcast	{"{round 20 3  <nil>}": {"Key":"from","Type":15,"Integer":0,"String":"a","Interface":null}}
2025-08-15T22:13:30.980-0500	DEBUG	protocol/handler.go:1591	have processed broadcast	{"{round 20 3  <nil>}": {"Key":"from","Type":15,"Integer":0,"String":"c","Interface":null}}
2025-08-15T22:13:30.980-0500	DEBUG	protocol/handler.go:1649	have all messages and processed	{"{round 20 3  <nil>}": {"Key":"self","Type":15,"Integer":0,"String":"b","Interface":null}}
2025-08-15T22:13:30.980-0500	DEBUG	protocol/handler.go:596	round already finalized
2025-08-15T22:13:30.980-0500	DEBUG	protocol/handler.go:581	tryAdvanceRound called	{"{current_round 20 3  <nil>}": {"Key":"self","Type":15,"Integer":0,"String":"c","Interface":null}}
2025-08-15T22:13:30.980-0500	DEBUG	protocol/handler.go:1591	have processed broadcast	{"{round 20 3  <nil>}": {"Key":"from","Type":15,"Integer":0,"String":"a","Interface":null}}
2025-08-15T22:13:30.980-0500	DEBUG	protocol/handler.go:1591	have processed broadcast	{"{round 20 3  <nil>}": {"Key":"from","Type":15,"Integer":0,"String":"b","Interface":null}}
2025-08-15T22:13:30.980-0500	DEBUG	protocol/handler.go:1649	have all messages and processed	{"{round 20 3  <nil>}": {"Key":"self","Type":15,"Integer":0,"String":"c","Interface":null}}
2025-08-15T22:13:30.981-0500	DEBUG	protocol/handler.go:596	round already finalized
2025-08-15T22:13:31.005-0500	DEBUG	protocol/handler.go:581	tryAdvanceRound called	{"{current_round 20 3  <nil>}": {"Key":"self","Type":15,"Integer":0,"String":"a","Interface":null}}
2025-08-15T22:13:31.005-0500	DEBUG	protocol/handler.go:1591	have processed broadcast	{"{round 20 3  <nil>}": {"Key":"from","Type":15,"Integer":0,"String":"b","Interface":null}}
2025-08-15T22:13:31.005-0500	DEBUG	protocol/handler.go:1591	have processed broadcast	{"{round 20 3  <nil>}": {"Key":"from","Type":15,"Integer":0,"String":"c","Interface":null}}
2025-08-15T22:13:31.005-0500	DEBUG	protocol/handler.go:1649	have all messages and processed	{"{round 20 3  <nil>}": {"Key":"self","Type":15,"Integer":0,"String":"a","Interface":null}}
2025-08-15T22:13:31.005-0500	DEBUG	protocol/handler.go:596	round already finalized
2025-08-15T22:13:31.005-0500	DEBUG	protocol/handler.go:581	tryAdvanceRound called	{"{current_round 20 3  <nil>}": {"Key":"self","Type":15,"Integer":0,"String":"b","Interface":null}}
2025-08-15T22:13:31.005-0500	DEBUG	protocol/handler.go:1591	have processed broadcast	{"{round 20 3  <nil>}": {"Key":"from","Type":15,"Integer":0,"String":"a","Interface":null}}
2025-08-15T22:13:31.005-0500	DEBUG	protocol/handler.go:1591	have processed broadcast	{"{round 20 3  <nil>}": {"Key":"from","Type":15,"Integer":0,"String":"c","Interface":null}}
2025-08-15T22:13:31.005-0500	DEBUG	protocol/handler.go:1649	have all messages and processed	{"{round 20 3  <nil>}": {"Key":"self","Type":15,"Integer":0,"String":"b","Interface":null}}
2025-08-15T22:13:31.005-0500	DEBUG	protocol/handler.go:596	round already finalized
2025-08-15T22:13:31.005-0500	DEBUG	protocol/handler.go:581	tryAdvanceRound called	{"{current_round 20 3  <nil>}": {"Key":"self","Type":15,"Integer":0,"String":"b","Interface":null}}
2025-08-15T22:13:31.005-0500	DEBUG	protocol/handler.go:1591	have processed broadcast	{"{round 20 3  <nil>}": {"Key":"from","Type":15,"Integer":0,"String":"a","Interface":null}}
2025-08-15T22:13:31.005-0500	DEBUG	protocol/handler.go:1591	have processed broadcast	{"{round 20 3  <nil>}": {"Key":"from","Type":15,"Integer":0,"String":"c","Interface":null}}
2025-08-15T22:13:31.005-0500	DEBUG	protocol/handler.go:1649	have all messages and processed	{"{round 20 3  <nil>}": {"Key":"self","Type":15,"Integer":0,"String":"b","Interface":null}}
2025-08-15T22:13:31.005-0500	DEBUG	protocol/handler.go:596	round already finalized
2025-08-15T22:13:31.026-0500	DEBUG	protocol/handler.go:581	tryAdvanceRound called	{"{current_round 20 3  <nil>}": {"Key":"self","Type":15,"Integer":0,"String":"b","Interface":null}}
2025-08-15T22:13:31.026-0500	DEBUG	protocol/handler.go:1591	have processed broadcast	{"{round 20 3  <nil>}": {"Key":"from","Type":15,"Integer":0,"String":"a","Interface":null}}
2025-08-15T22:13:31.026-0500	DEBUG	protocol/handler.go:1591	have processed broadcast	{"{round 20 3  <nil>}": {"Key":"from","Type":15,"Integer":0,"String":"c","Interface":null}}
2025-08-15T22:13:31.026-0500	DEBUG	protocol/handler.go:1649	have all messages and processed	{"{round 20 3  <nil>}": {"Key":"self","Type":15,"Integer":0,"String":"b","Interface":null}}
2025-08-15T22:13:31.026-0500	DEBUG	protocol/handler.go:596	round already finalized
2025-08-15T22:13:31.026-0500	DEBUG	protocol/handler.go:581	tryAdvanceRound called	{"{current_round 20 3  <nil>}": {"Key":"self","Type":15,"Integer":0,"String":"c","Interface":null}}
2025-08-15T22:13:31.026-0500	DEBUG	protocol/handler.go:1591	have processed broadcast	{"{round 20 3  <nil>}": {"Key":"from","Type":15,"Integer":0,"String":"a","Interface":null}}
2025-08-15T22:13:31.026-0500	DEBUG	protocol/handler.go:1591	have processed broadcast	{"{round 20 3  <nil>}": {"Key":"from","Type":15,"Integer":0,"String":"b","Interface":null}}
2025-08-15T22:13:31.026-0500	DEBUG	protocol/handler.go:1649	have all messages and processed	{"{round 20 3  <nil>}": {"Key":"self","Type":15,"Integer":0,"String":"c","Interface":null}}
2025-08-15T22:13:31.026-0500	DEBUG	protocol/handler.go:596	round already finalized
2025-08-15T22:13:31.026-0500	DEBUG	protocol/handler.go:581	tryAdvanceRound called	{"{current_round 20 3  <nil>}": {"Key":"self","Type":15,"Integer":0,"String":"c","Interface":null}}
2025-08-15T22:13:31.026-0500	DEBUG	protocol/handler.go:1591	have processed broadcast	{"{round 20 3  <nil>}": {"Key":"from","Type":15,"Integer":0,"String":"a","Interface":null}}
2025-08-15T22:13:31.026-0500	DEBUG	protocol/handler.go:1591	have processed broadcast	{"{round 20 3  <nil>}": {"Key":"from","Type":15,"Integer":0,"String":"b","Interface":null}}
2025-08-15T22:13:31.026-0500	DEBUG	protocol/handler.go:1649	have all messages and processed	{"{round 20 3  <nil>}": {"Key":"self","Type":15,"Integer":0,"String":"c","Interface":null}}
2025-08-15T22:13:31.026-0500	DEBUG	protocol/handler.go:596	round already finalized
2025-08-15T22:13:31.026-0500	DEBUG	protocol/handler.go:581	tryAdvanceRound called	{"{current_round 20 3  <nil>}": {"Key":"self","Type":15,"Integer":0,"String":"a","Interface":null}}
2025-08-15T22:13:31.026-0500	DEBUG	protocol/handler.go:1591	have processed broadcast	{"{round 20 3  <nil>}": {"Key":"from","Type":15,"Integer":0,"String":"b","Interface":null}}
2025-08-15T22:13:31.026-0500	DEBUG	protocol/handler.go:1591	have processed broadcast	{"{round 20 3  <nil>}": {"Key":"from","Type":15,"Integer":0,"String":"c","Interface":null}}
2025-08-15T22:13:31.027-0500	DEBUG	protocol/handler.go:1649	have all messages and processed	{"{round 20 3  <nil>}": {"Key":"self","Type":15,"Integer":0,"String":"a","Interface":null}}
2025-08-15T22:13:31.027-0500	DEBUG	protocol/handler.go:596	round already finalized
2025-08-15T22:13:31.027-0500	DEBUG	protocol/handler.go:581	tryAdvanceRound called	{"{current_round 20 3  <nil>}": {"Key":"self","Type":15,"Integer":0,"String":"a","Interface":null}}
2025-08-15T22:13:31.027-0500	DEBUG	protocol/handler.go:1591	have processed broadcast	{"{round 20 3  <nil>}": {"Key":"from","Type":15,"Integer":0,"String":"b","Interface":null}}
2025-08-15T22:13:31.027-0500	DEBUG	protocol/handler.go:1591	have processed broadcast	{"{round 20 3  <nil>}": {"Key":"from","Type":15,"Integer":0,"String":"c","Interface":null}}
2025-08-15T22:13:31.027-0500	DEBUG	protocol/handler.go:1649	have all messages and processed	{"{round 20 3  <nil>}": {"Key":"self","Type":15,"Integer":0,"String":"a","Interface":null}}
2025-08-15T22:13:31.027-0500	DEBUG	protocol/handler.go:596	round already finalized
2025-08-15T22:13:31.062-0500	DEBUG	protocol/handler.go:581	tryAdvanceRound called	{"{current_round 20 3  <nil>}": {"Key":"self","Type":15,"Integer":0,"String":"a","Interface":null}}
2025-08-15T22:13:31.062-0500	DEBUG	protocol/handler.go:1591	have processed broadcast	{"{round 20 3  <nil>}": {"Key":"from","Type":15,"Integer":0,"String":"b","Interface":null}}
2025-08-15T22:13:31.062-0500	DEBUG	protocol/handler.go:1591	have processed broadcast	{"{round 20 3  <nil>}": {"Key":"from","Type":15,"Integer":0,"String":"c","Interface":null}}
2025-08-15T22:13:31.063-0500	DEBUG	protocol/handler.go:1649	have all messages and processed	{"{round 20 3  <nil>}": {"Key":"self","Type":15,"Integer":0,"String":"a","Interface":null}}
2025-08-15T22:13:31.063-0500	DEBUG	protocol/handler.go:596	round already finalized
2025-08-15T22:13:31.088-0500	DEBUG	protocol/handler.go:581	tryAdvanceRound called	{"{current_round 20 3  <nil>}": {"Key":"self","Type":15,"Integer":0,"String":"a","Interface":null}}
2025-08-15T22:13:31.088-0500	DEBUG	protocol/handler.go:1591	have processed broadcast	{"{round 20 3  <nil>}": {"Key":"from","Type":15,"Integer":0,"String":"b","Interface":null}}
2025-08-15T22:13:31.088-0500	DEBUG	protocol/handler.go:1591	have processed broadcast	{"{round 20 3  <nil>}": {"Key":"from","Type":15,"Integer":0,"String":"c","Interface":null}}
2025-08-15T22:13:31.088-0500	DEBUG	protocol/handler.go:1649	have all messages and processed	{"{round 20 3  <nil>}": {"Key":"self","Type":15,"Integer":0,"String":"a","Interface":null}}
2025-08-15T22:13:31.088-0500	DEBUG	protocol/handler.go:596	round already finalized
2025-08-15T22:13:31.088-0500	DEBUG	protocol/handler.go:581	tryAdvanceRound called	{"{current_round 20 3  <nil>}": {"Key":"self","Type":15,"Integer":0,"String":"b","Interface":null}}
2025-08-15T22:13:31.088-0500	DEBUG	protocol/handler.go:1591	have processed broadcast	{"{round 20 3  <nil>}": {"Key":"from","Type":15,"Integer":0,"String":"a","Interface":null}}
2025-08-15T22:13:31.088-0500	DEBUG	protocol/handler.go:1591	have processed broadcast	{"{round 20 3  <nil>}": {"Key":"from","Type":15,"Integer":0,"String":"c","Interface":null}}
2025-08-15T22:13:31.088-0500	DEBUG	protocol/handler.go:1649	have all messages and processed	{"{round 20 3  <nil>}": {"Key":"self","Type":15,"Integer":0,"String":"b","Interface":null}}
2025-08-15T22:13:31.088-0500	DEBUG	protocol/handler.go:596	round already finalized
2025-08-15T22:13:31.088-0500	DEBUG	protocol/handler.go:581	tryAdvanceRound called	{"{current_round 20 3  <nil>}": {"Key":"self","Type":15,"Integer":0,"String":"b","Interface":null}}
2025-08-15T22:13:31.088-0500	DEBUG	protocol/handler.go:1591	have processed broadcast	{"{round 20 3  <nil>}": {"Key":"from","Type":15,"Integer":0,"String":"a","Interface":null}}
2025-08-15T22:13:31.088-0500	DEBUG	protocol/handler.go:1591	have processed broadcast	{"{round 20 3  <nil>}": {"Key":"from","Type":15,"Integer":0,"String":"c","Interface":null}}
2025-08-15T22:13:31.088-0500	DEBUG	protocol/handler.go:1649	have all messages and processed	{"{round 20 3  <nil>}": {"Key":"self","Type":15,"Integer":0,"String":"b","Interface":null}}
2025-08-15T22:13:31.088-0500	DEBUG	protocol/handler.go:596	round already finalized
2025-08-15T22:13:31.089-0500	DEBUG	protocol/handler.go:581	tryAdvanceRound called	{"{current_round 20 3  <nil>}": {"Key":"self","Type":15,"Integer":0,"String":"c","Interface":null}}
2025-08-15T22:13:31.103-0500	DEBUG	protocol/handler.go:1591	have processed broadcast	{"{round 20 3  <nil>}": {"Key":"from","Type":15,"Integer":0,"String":"a","Interface":null}}
2025-08-15T22:13:31.103-0500	DEBUG	protocol/handler.go:1591	have processed broadcast	{"{round 20 3  <nil>}": {"Key":"from","Type":15,"Integer":0,"String":"b","Interface":null}}
2025-08-15T22:13:31.103-0500	DEBUG	protocol/handler.go:1649	have all messages and processed	{"{round 20 3  <nil>}": {"Key":"self","Type":15,"Integer":0,"String":"c","Interface":null}}
2025-08-15T22:13:31.103-0500	DEBUG	protocol/handler.go:596	round already finalized
2025-08-15T22:13:31.103-0500	DEBUG	protocol/handler.go:581	tryAdvanceRound called	{"{current_round 20 3  <nil>}": {"Key":"self","Type":15,"Integer":0,"String":"c","Interface":null}}
2025-08-15T22:13:31.103-0500	DEBUG	protocol/handler.go:1591	have processed broadcast	{"{round 20 3  <nil>}": {"Key":"from","Type":15,"Integer":0,"String":"a","Interface":null}}
2025-08-15T22:13:31.103-0500	DEBUG	protocol/handler.go:1591	have processed broadcast	{"{round 20 3  <nil>}": {"Key":"from","Type":15,"Integer":0,"String":"b","Interface":null}}
2025-08-15T22:13:31.103-0500	DEBUG	protocol/handler.go:1649	have all messages and processed	{"{round 20 3  <nil>}": {"Key":"self","Type":15,"Integer":0,"String":"c","Interface":null}}
2025-08-15T22:13:31.103-0500	DEBUG	protocol/handler.go:596	round already finalized
2025-08-15T22:13:31.103-0500	DEBUG	protocol/handler.go:581	tryAdvanceRound called	{"{current_round 20 3  <nil>}": {"Key":"self","Type":15,"Integer":0,"String":"a","Interface":null}}
2025-08-15T22:13:31.108-0500	DEBUG	protocol/handler.go:1591	have processed broadcast	{"{round 20 3  <nil>}": {"Key":"from","Type":15,"Integer":0,"String":"b","Interface":null}}
2025-08-15T22:13:31.133-0500	DEBUG	protocol/handler.go:581	tryAdvanceRound called	{"{current_round 20 3  <nil>}": {"Key":"self","Type":15,"Integer":0,"String":"b","Interface":null}}
2025-08-15T22:13:31.133-0500	DEBUG	protocol/handler.go:1591	have processed broadcast	{"{round 20 3  <nil>}": {"Key":"from","Type":15,"Integer":0,"String":"a","Interface":null}}
2025-08-15T22:13:31.133-0500	DEBUG	protocol/handler.go:1591	have processed broadcast	{"{round 20 3  <nil>}": {"Key":"from","Type":15,"Integer":0,"String":"c","Interface":null}}
2025-08-15T22:13:31.133-0500	DEBUG	protocol/handler.go:1649	have all messages and processed	{"{round 20 3  <nil>}": {"Key":"self","Type":15,"Integer":0,"String":"b","Interface":null}}
2025-08-15T22:13:31.133-0500	DEBUG	protocol/handler.go:596	round already finalized
2025-08-15T22:13:31.133-0500	DEBUG	protocol/handler.go:581	tryAdvanceRound called	{"{current_round 20 3  <nil>}": {"Key":"self","Type":15,"Integer":0,"String":"b","Interface":null}}
2025-08-15T22:13:31.133-0500	DEBUG	protocol/handler.go:1591	have processed broadcast	{"{round 20 3  <nil>}": {"Key":"from","Type":15,"Integer":0,"String":"a","Interface":null}}
2025-08-15T22:13:31.133-0500	DEBUG	protocol/handler.go:1591	have processed broadcast	{"{round 20 3  <nil>}": {"Key":"from","Type":15,"Integer":0,"String":"c","Interface":null}}
2025-08-15T22:13:31.133-0500	DEBUG	protocol/handler.go:1649	have all messages and processed	{"{round 20 3  <nil>}": {"Key":"self","Type":15,"Integer":0,"String":"b","Interface":null}}
2025-08-15T22:13:31.133-0500	DEBUG	protocol/handler.go:596	round already finalized
2025-08-15T22:13:31.133-0500	DEBUG	protocol/handler.go:581	tryAdvanceRound called	{"{current_round 20 3  <nil>}": {"Key":"self","Type":15,"Integer":0,"String":"c","Interface":null}}
2025-08-15T22:13:31.133-0500	DEBUG	protocol/handler.go:1591	have processed broadcast	{"{round 20 3  <nil>}": {"Key":"from","Type":15,"Integer":0,"String":"a","Interface":null}}
2025-08-15T22:13:31.133-0500	DEBUG	protocol/handler.go:1591	have processed broadcast	{"{round 20 3  <nil>}": {"Key":"from","Type":15,"Integer":0,"String":"b","Interface":null}}
2025-08-15T22:13:31.133-0500	DEBUG	protocol/handler.go:1649	have all messages and processed	{"{round 20 3  <nil>}": {"Key":"self","Type":15,"Integer":0,"String":"c","Interface":null}}
2025-08-15T22:13:31.133-0500	DEBUG	protocol/handler.go:596	round already finalized
2025-08-15T22:13:31.133-0500	DEBUG	protocol/handler.go:581	tryAdvanceRound called	{"{current_round 20 3  <nil>}": {"Key":"self","Type":15,"Integer":0,"String":"c","Interface":null}}
2025-08-15T22:13:31.133-0500	DEBUG	protocol/handler.go:1591	have processed broadcast	{"{round 20 3  <nil>}": {"Key":"from","Type":15,"Integer":0,"String":"a","Interface":null}}
2025-08-15T22:13:31.134-0500	DEBUG	protocol/handler.go:1591	have processed broadcast	{"{round 20 3  <nil>}": {"Key":"from","Type":15,"Integer":0,"String":"b","Interface":null}}
2025-08-15T22:13:31.134-0500	DEBUG	protocol/handler.go:1649	have all messages and processed	{"{round 20 3  <nil>}": {"Key":"self","Type":15,"Integer":0,"String":"c","Interface":null}}
2025-08-15T22:13:31.134-0500	DEBUG	protocol/handler.go:596	round already finalized
2025-08-15T22:13:31.108-0500	DEBUG	protocol/handler.go:1591	have processed broadcast	{"{round 20 3  <nil>}": {"Key":"from","Type":15,"Integer":0,"String":"c","Interface":null}}
2025-08-15T22:13:31.146-0500	DEBUG	protocol/handler.go:1649	have all messages and processed	{"{round 20 3  <nil>}": {"Key":"self","Type":15,"Integer":0,"String":"a","Interface":null}}
2025-08-15T22:13:31.146-0500	DEBUG	protocol/handler.go:596	round already finalized
2025-08-15T22:13:31.146-0500	DEBUG	protocol/handler.go:581	tryAdvanceRound called	{"{current_round 20 3  <nil>}": {"Key":"self","Type":15,"Integer":0,"String":"a","Interface":null}}
2025-08-15T22:13:31.146-0500	DEBUG	protocol/handler.go:1591	have processed broadcast	{"{round 20 3  <nil>}": {"Key":"from","Type":15,"Integer":0,"String":"b","Interface":null}}
2025-08-15T22:13:31.146-0500	DEBUG	protocol/handler.go:1591	have processed broadcast	{"{round 20 3  <nil>}": {"Key":"from","Type":15,"Integer":0,"String":"c","Interface":null}}
2025-08-15T22:13:31.146-0500	DEBUG	protocol/handler.go:1649	have all messages and processed	{"{round 20 3  <nil>}": {"Key":"self","Type":15,"Integer":0,"String":"a","Interface":null}}
2025-08-15T22:13:31.146-0500	DEBUG	protocol/handler.go:596	round already finalized
2025-08-15T22:13:31.165-0500	DEBUG	protocol/handler.go:581	tryAdvanceRound called	{"{current_round 20 3  <nil>}": {"Key":"self","Type":15,"Integer":0,"String":"c","Interface":null}}
2025-08-15T22:13:31.165-0500	DEBUG	protocol/handler.go:1591	have processed broadcast	{"{round 20 3  <nil>}": {"Key":"from","Type":15,"Integer":0,"String":"a","Interface":null}}
2025-08-15T22:13:31.202-0500	DEBUG	protocol/handler.go:1591	have processed broadcast	{"{round 20 3  <nil>}": {"Key":"from","Type":15,"Integer":0,"String":"b","Interface":null}}
2025-08-15T22:13:31.206-0500	DEBUG	protocol/handler.go:1649	have all messages and processed	{"{round 20 3  <nil>}": {"Key":"self","Type":15,"Integer":0,"String":"c","Interface":null}}
2025-08-15T22:13:31.206-0500	DEBUG	protocol/handler.go:596	round already finalized
2025-08-15T22:13:31.206-0500	DEBUG	protocol/handler.go:581	tryAdvanceRound called	{"{current_round 20 3  <nil>}": {"Key":"self","Type":15,"Integer":0,"String":"c","Interface":null}}
2025-08-15T22:13:31.206-0500	DEBUG	protocol/handler.go:1591	have processed broadcast	{"{round 20 3  <nil>}": {"Key":"from","Type":15,"Integer":0,"String":"a","Interface":null}}
2025-08-15T22:13:31.206-0500	DEBUG	protocol/handler.go:1591	have processed broadcast	{"{round 20 3  <nil>}": {"Key":"from","Type":15,"Integer":0,"String":"b","Interface":null}}
2025-08-15T22:13:31.206-0500	DEBUG	protocol/handler.go:1649	have all messages and processed	{"{round 20 3  <nil>}": {"Key":"self","Type":15,"Integer":0,"String":"c","Interface":null}}
2025-08-15T22:13:31.207-0500	DEBUG	protocol/handler.go:596	round already finalized
2025-08-15T22:13:31.229-0500	DEBUG	protocol/handler.go:581	tryAdvanceRound called	{"{current_round 20 3  <nil>}": {"Key":"self","Type":15,"Integer":0,"String":"c","Interface":null}}
2025-08-15T22:13:31.229-0500	DEBUG	protocol/handler.go:1591	have processed broadcast	{"{round 20 3  <nil>}": {"Key":"from","Type":15,"Integer":0,"String":"a","Interface":null}}
2025-08-15T22:13:31.229-0500	DEBUG	protocol/handler.go:1591	have processed broadcast	{"{round 20 3  <nil>}": {"Key":"from","Type":15,"Integer":0,"String":"b","Interface":null}}
2025-08-15T22:13:31.229-0500	DEBUG	protocol/handler.go:1649	have all messages and processed	{"{round 20 3  <nil>}": {"Key":"self","Type":15,"Integer":0,"String":"c","Interface":null}}
2025-08-15T22:13:31.229-0500	DEBUG	protocol/handler.go:596	round already finalized
2025-08-15T22:13:31.169-0500	DEBUG	protocol/handler.go:581	tryAdvanceRound called	{"{current_round 20 3  <nil>}": {"Key":"self","Type":15,"Integer":0,"String":"a","Interface":null}}
2025-08-15T22:13:31.230-0500	DEBUG	protocol/handler.go:1591	have processed broadcast	{"{round 20 3  <nil>}": {"Key":"from","Type":15,"Integer":0,"String":"b","Interface":null}}
2025-08-15T22:13:31.230-0500	DEBUG	protocol/handler.go:1591	have processed broadcast	{"{round 20 3  <nil>}": {"Key":"from","Type":15,"Integer":0,"String":"c","Interface":null}}
2025-08-15T22:13:31.230-0500	DEBUG	protocol/handler.go:1649	have all messages and processed	{"{round 20 3  <nil>}": {"Key":"self","Type":15,"Integer":0,"String":"a","Interface":null}}
2025-08-15T22:13:31.230-0500	DEBUG	protocol/handler.go:596	round already finalized
2025-08-15T22:13:31.230-0500	DEBUG	protocol/handler.go:581	tryAdvanceRound called	{"{current_round 20 3  <nil>}": {"Key":"self","Type":15,"Integer":0,"String":"a","Interface":null}}
2025-08-15T22:13:31.230-0500	DEBUG	protocol/handler.go:1591	have processed broadcast	{"{round 20 3  <nil>}": {"Key":"from","Type":15,"Integer":0,"String":"b","Interface":null}}
2025-08-15T22:13:31.230-0500	DEBUG	protocol/handler.go:1591	have processed broadcast	{"{round 20 3  <nil>}": {"Key":"from","Type":15,"Integer":0,"String":"c","Interface":null}}
2025-08-15T22:13:31.230-0500	DEBUG	protocol/handler.go:1649	have all messages and processed	{"{round 20 3  <nil>}": {"Key":"self","Type":15,"Integer":0,"String":"a","Interface":null}}
2025-08-15T22:13:31.230-0500	DEBUG	protocol/handler.go:596	round already finalized
2025-08-15T22:13:31.187-0500	DEBUG	protocol/handler.go:581	tryAdvanceRound called	{"{current_round 20 3  <nil>}": {"Key":"self","Type":15,"Integer":0,"String":"b","Interface":null}}
2025-08-15T22:13:31.249-0500	DEBUG	protocol/handler.go:1591	have processed broadcast	{"{round 20 3  <nil>}": {"Key":"from","Type":15,"Integer":0,"String":"a","Interface":null}}
2025-08-15T22:13:31.250-0500	DEBUG	protocol/handler.go:1591	have processed broadcast	{"{round 20 3  <nil>}": {"Key":"from","Type":15,"Integer":0,"String":"c","Interface":null}}
2025-08-15T22:13:31.250-0500	DEBUG	protocol/handler.go:1649	have all messages and processed	{"{round 20 3  <nil>}": {"Key":"self","Type":15,"Integer":0,"String":"b","Interface":null}}
2025-08-15T22:13:31.250-0500	DEBUG	protocol/handler.go:596	round already finalized
2025-08-15T22:13:31.250-0500	DEBUG	protocol/handler.go:581	tryAdvanceRound called	{"{current_round 20 3  <nil>}": {"Key":"self","Type":15,"Integer":0,"String":"b","Interface":null}}
2025-08-15T22:13:31.251-0500	DEBUG	protocol/handler.go:1591	have processed broadcast	{"{round 20 3  <nil>}": {"Key":"from","Type":15,"Integer":0,"String":"a","Interface":null}}
2025-08-15T22:13:31.251-0500	DEBUG	protocol/handler.go:1591	have processed broadcast	{"{round 20 3  <nil>}": {"Key":"from","Type":15,"Integer":0,"String":"c","Interface":null}}
2025-08-15T22:13:31.251-0500	DEBUG	protocol/handler.go:1649	have all messages and processed	{"{round 20 3  <nil>}": {"Key":"self","Type":15,"Integer":0,"String":"b","Interface":null}}
2025-08-15T22:13:31.251-0500	DEBUG	protocol/handler.go:596	round already finalized
2025-08-15T22:13:31.251-0500	DEBUG	protocol/handler.go:581	tryAdvanceRound called	{"{current_round 20 3  <nil>}": {"Key":"self","Type":15,"Integer":0,"String":"c","Interface":null}}
2025-08-15T22:13:31.251-0500	DEBUG	protocol/handler.go:1591	have processed broadcast	{"{round 20 3  <nil>}": {"Key":"from","Type":15,"Integer":0,"String":"a","Interface":null}}
2025-08-15T22:13:31.251-0500	DEBUG	protocol/handler.go:1591	have processed broadcast	{"{round 20 3  <nil>}": {"Key":"from","Type":15,"Integer":0,"String":"b","Interface":null}}
2025-08-15T22:13:31.252-0500	DEBUG	protocol/handler.go:1649	have all messages and processed	{"{round 20 3  <nil>}": {"Key":"self","Type":15,"Integer":0,"String":"c","Interface":null}}
2025-08-15T22:13:31.252-0500	DEBUG	protocol/handler.go:596	round already finalized
2025-08-15T22:13:31.252-0500	DEBUG	protocol/handler.go:581	tryAdvanceRound called	{"{current_round 20 3  <nil>}": {"Key":"self","Type":15,"Integer":0,"String":"c","Interface":null}}
2025-08-15T22:13:31.252-0500	DEBUG	protocol/handler.go:1591	have processed broadcast	{"{round 20 3  <nil>}": {"Key":"from","Type":15,"Integer":0,"String":"a","Interface":null}}
2025-08-15T22:13:31.252-0500	DEBUG	protocol/handler.go:1591	have processed broadcast	{"{round 20 3  <nil>}": {"Key":"from","Type":15,"Integer":0,"String":"b","Interface":null}}
2025-08-15T22:13:31.252-0500	DEBUG	protocol/handler.go:1649	have all messages and processed	{"{round 20 3  <nil>}": {"Key":"self","Type":15,"Integer":0,"String":"c","Interface":null}}
2025-08-15T22:13:31.252-0500	DEBUG	protocol/handler.go:596	round already finalized
2025-08-15T22:13:31.252-0500	DEBUG	protocol/handler.go:581	tryAdvanceRound called	{"{current_round 20 3  <nil>}": {"Key":"self","Type":15,"Integer":0,"String":"a","Interface":null}}
2025-08-15T22:13:31.253-0500	DEBUG	protocol/handler.go:1591	have processed broadcast	{"{round 20 3  <nil>}": {"Key":"from","Type":15,"Integer":0,"String":"b","Interface":null}}
2025-08-15T22:13:31.253-0500	DEBUG	protocol/handler.go:1591	have processed broadcast	{"{round 20 3  <nil>}": {"Key":"from","Type":15,"Integer":0,"String":"c","Interface":null}}
2025-08-15T22:13:31.253-0500	DEBUG	protocol/handler.go:1649	have all messages and processed	{"{round 20 3  <nil>}": {"Key":"self","Type":15,"Integer":0,"String":"a","Interface":null}}
2025-08-15T22:13:31.253-0500	DEBUG	protocol/handler.go:596	round already finalized
2025-08-15T22:13:31.273-0500	DEBUG	protocol/handler.go:581	tryAdvanceRound called	{"{current_round 20 3  <nil>}": {"Key":"self","Type":15,"Integer":0,"String":"a","Interface":null}}
2025-08-15T22:13:31.273-0500	DEBUG	protocol/handler.go:1591	have processed broadcast	{"{round 20 3  <nil>}": {"Key":"from","Type":15,"Integer":0,"String":"b","Interface":null}}
2025-08-15T22:13:31.273-0500	DEBUG	protocol/handler.go:1591	have processed broadcast	{"{round 20 3  <nil>}": {"Key":"from","Type":15,"Integer":0,"String":"c","Interface":null}}
2025-08-15T22:13:31.273-0500	DEBUG	protocol/handler.go:1649	have all messages and processed	{"{round 20 3  <nil>}": {"Key":"self","Type":15,"Integer":0,"String":"a","Interface":null}}
2025-08-15T22:13:31.274-0500	DEBUG	protocol/handler.go:596	round already finalized
2025-08-15T22:13:31.274-0500	DEBUG	protocol/handler.go:581	tryAdvanceRound called	{"{current_round 20 3  <nil>}": {"Key":"self","Type":15,"Integer":0,"String":"b","Interface":null}}
2025-08-15T22:13:31.274-0500	DEBUG	protocol/handler.go:1591	have processed broadcast	{"{round 20 3  <nil>}": {"Key":"from","Type":15,"Integer":0,"String":"a","Interface":null}}
2025-08-15T22:13:31.274-0500	DEBUG	protocol/handler.go:1591	have processed broadcast	{"{round 20 3  <nil>}": {"Key":"from","Type":15,"Integer":0,"String":"c","Interface":null}}
2025-08-15T22:13:31.274-0500	DEBUG	protocol/handler.go:1649	have all messages and processed	{"{round 20 3  <nil>}": {"Key":"self","Type":15,"Integer":0,"String":"b","Interface":null}}
2025-08-15T22:13:31.274-0500	DEBUG	protocol/handler.go:596	round already finalized
2025-08-15T22:13:31.274-0500	DEBUG	protocol/handler.go:581	tryAdvanceRound called	{"{current_round 20 3  <nil>}": {"Key":"self","Type":15,"Integer":0,"String":"c","Interface":null}}
2025-08-15T22:13:31.274-0500	DEBUG	protocol/handler.go:1591	have processed broadcast	{"{round 20 3  <nil>}": {"Key":"from","Type":15,"Integer":0,"String":"a","Interface":null}}
2025-08-15T22:13:31.274-0500	DEBUG	protocol/handler.go:1591	have processed broadcast	{"{round 20 3  <nil>}": {"Key":"from","Type":15,"Integer":0,"String":"b","Interface":null}}
2025-08-15T22:13:31.274-0500	DEBUG	protocol/handler.go:1649	have all messages and processed	{"{round 20 3  <nil>}": {"Key":"self","Type":15,"Integer":0,"String":"c","Interface":null}}
2025-08-15T22:13:31.274-0500	DEBUG	protocol/handler.go:596	round already finalized
2025-08-15T22:13:31.300-0500	DEBUG	protocol/handler.go:581	tryAdvanceRound called	{"{current_round 20 3  <nil>}": {"Key":"self","Type":15,"Integer":0,"String":"c","Interface":null}}
2025-08-15T22:13:31.340-0500	DEBUG	protocol/handler.go:1591	have processed broadcast	{"{round 20 3  <nil>}": {"Key":"from","Type":15,"Integer":0,"String":"a","Interface":null}}
2025-08-15T22:13:31.340-0500	DEBUG	protocol/handler.go:1591	have processed broadcast	{"{round 20 3  <nil>}": {"Key":"from","Type":15,"Integer":0,"String":"b","Interface":null}}
2025-08-15T22:13:31.340-0500	DEBUG	protocol/handler.go:1649	have all messages and processed	{"{round 20 3  <nil>}": {"Key":"self","Type":15,"Integer":0,"String":"c","Interface":null}}
2025-08-15T22:13:31.340-0500	DEBUG	protocol/handler.go:596	round already finalized
2025-08-15T22:13:31.340-0500	DEBUG	protocol/handler.go:581	tryAdvanceRound called	{"{current_round 20 3  <nil>}": {"Key":"self","Type":15,"Integer":0,"String":"c","Interface":null}}
2025-08-15T22:13:31.340-0500	DEBUG	protocol/handler.go:1591	have processed broadcast	{"{round 20 3  <nil>}": {"Key":"from","Type":15,"Integer":0,"String":"a","Interface":null}}
2025-08-15T22:13:31.340-0500	DEBUG	protocol/handler.go:1591	have processed broadcast	{"{round 20 3  <nil>}": {"Key":"from","Type":15,"Integer":0,"String":"b","Interface":null}}
2025-08-15T22:13:31.341-0500	DEBUG	protocol/handler.go:1649	have all messages and processed	{"{round 20 3  <nil>}": {"Key":"self","Type":15,"Integer":0,"String":"c","Interface":null}}
2025-08-15T22:13:31.341-0500	DEBUG	protocol/handler.go:596	round already finalized
2025-08-15T22:13:31.341-0500	DEBUG	protocol/handler.go:581	tryAdvanceRound called	{"{current_round 20 3  <nil>}": {"Key":"self","Type":15,"Integer":0,"String":"c","Interface":null}}
2025-08-15T22:13:31.341-0500	DEBUG	protocol/handler.go:1591	have processed broadcast	{"{round 20 3  <nil>}": {"Key":"from","Type":15,"Integer":0,"String":"a","Interface":null}}
2025-08-15T22:13:31.341-0500	DEBUG	protocol/handler.go:1591	have processed broadcast	{"{round 20 3  <nil>}": {"Key":"from","Type":15,"Integer":0,"String":"b","Interface":null}}
2025-08-15T22:13:31.341-0500	DEBUG	protocol/handler.go:1649	have all messages and processed	{"{round 20 3  <nil>}": {"Key":"self","Type":15,"Integer":0,"String":"c","Interface":null}}
2025-08-15T22:13:31.341-0500	DEBUG	protocol/handler.go:596	round already finalized
2025-08-15T22:13:31.352-0500	DEBUG	protocol/handler.go:581	tryAdvanceRound called	{"{current_round 20 3  <nil>}": {"Key":"self","Type":15,"Integer":0,"String":"a","Interface":null}}
2025-08-15T22:13:31.353-0500	DEBUG	protocol/handler.go:1591	have processed broadcast	{"{round 20 3  <nil>}": {"Key":"from","Type":15,"Integer":0,"String":"b","Interface":null}}
2025-08-15T22:13:31.353-0500	DEBUG	protocol/handler.go:1591	have processed broadcast	{"{round 20 3  <nil>}": {"Key":"from","Type":15,"Integer":0,"String":"c","Interface":null}}
2025-08-15T22:13:31.353-0500	DEBUG	protocol/handler.go:1649	have all messages and processed	{"{round 20 3  <nil>}": {"Key":"self","Type":15,"Integer":0,"String":"a","Interface":null}}
2025-08-15T22:13:31.353-0500	DEBUG	protocol/handler.go:596	round already finalized
2025-08-15T22:13:31.354-0500	DEBUG	protocol/handler.go:581	tryAdvanceRound called	{"{current_round 20 3  <nil>}": {"Key":"self","Type":15,"Integer":0,"String":"a","Interface":null}}
2025-08-15T22:13:31.354-0500	DEBUG	protocol/handler.go:1591	have processed broadcast	{"{round 20 3  <nil>}": {"Key":"from","Type":15,"Integer":0,"String":"b","Interface":null}}
2025-08-15T22:13:31.354-0500	DEBUG	protocol/handler.go:1591	have processed broadcast	{"{round 20 3  <nil>}": {"Key":"from","Type":15,"Integer":0,"String":"c","Interface":null}}
2025-08-15T22:13:31.354-0500	DEBUG	protocol/handler.go:1649	have all messages and processed	{"{round 20 3  <nil>}": {"Key":"self","Type":15,"Integer":0,"String":"a","Interface":null}}
2025-08-15T22:13:31.354-0500	DEBUG	protocol/handler.go:596	round already finalized
2025-08-15T22:13:31.354-0500	DEBUG	protocol/handler.go:581	tryAdvanceRound called	{"{current_round 20 3  <nil>}": {"Key":"self","Type":15,"Integer":0,"String":"b","Interface":null}}
2025-08-15T22:13:31.354-0500	DEBUG	protocol/handler.go:1591	have processed broadcast	{"{round 20 3  <nil>}": {"Key":"from","Type":15,"Integer":0,"String":"a","Interface":null}}
2025-08-15T22:13:31.355-0500	DEBUG	protocol/handler.go:1591	have processed broadcast	{"{round 20 3  <nil>}": {"Key":"from","Type":15,"Integer":0,"String":"c","Interface":null}}
2025-08-15T22:13:31.355-0500	DEBUG	protocol/handler.go:1649	have all messages and processed	{"{round 20 3  <nil>}": {"Key":"self","Type":15,"Integer":0,"String":"b","Interface":null}}
2025-08-15T22:13:31.355-0500	DEBUG	protocol/handler.go:596	round already finalized
2025-08-15T22:13:31.355-0500	DEBUG	protocol/handler.go:581	tryAdvanceRound called	{"{current_round 20 3  <nil>}": {"Key":"self","Type":15,"Integer":0,"String":"b","Interface":null}}
2025-08-15T22:13:31.355-0500	DEBUG	protocol/handler.go:1591	have processed broadcast	{"{round 20 3  <nil>}": {"Key":"from","Type":15,"Integer":0,"String":"a","Interface":null}}
2025-08-15T22:13:31.355-0500	DEBUG	protocol/handler.go:1591	have processed broadcast	{"{round 20 3  <nil>}": {"Key":"from","Type":15,"Integer":0,"String":"c","Interface":null}}
2025-08-15T22:13:31.355-0500	DEBUG	protocol/handler.go:1649	have all messages and processed	{"{round 20 3  <nil>}": {"Key":"self","Type":15,"Integer":0,"String":"b","Interface":null}}
2025-08-15T22:13:31.355-0500	DEBUG	protocol/handler.go:596	round already finalized
2025-08-15T22:13:31.365-0500	DEBUG	protocol/handler.go:581	tryAdvanceRound called	{"{current_round 20 3  <nil>}": {"Key":"self","Type":15,"Integer":0,"String":"c","Interface":null}}
2025-08-15T22:13:31.365-0500	DEBUG	protocol/handler.go:1591	have processed broadcast	{"{round 20 3  <nil>}": {"Key":"from","Type":15,"Integer":0,"String":"a","Interface":null}}
2025-08-15T22:13:31.368-0500	DEBUG	protocol/handler.go:1591	have processed broadcast	{"{round 20 3  <nil>}": {"Key":"from","Type":15,"Integer":0,"String":"b","Interface":null}}
2025-08-15T22:13:31.368-0500	DEBUG	protocol/handler.go:1649	have all messages and processed	{"{round 20 3  <nil>}": {"Key":"self","Type":15,"Integer":0,"String":"c","Interface":null}}
2025-08-15T22:13:31.368-0500	DEBUG	protocol/handler.go:596	round already finalized
2025-08-15T22:13:31.383-0500	DEBUG	protocol/handler.go:581	tryAdvanceRound called	{"{current_round 20 3  <nil>}": {"Key":"self","Type":15,"Integer":0,"String":"b","Interface":null}}
2025-08-15T22:13:31.383-0500	DEBUG	protocol/handler.go:1591	have processed broadcast	{"{round 20 3  <nil>}": {"Key":"from","Type":15,"Integer":0,"String":"a","Interface":null}}
2025-08-15T22:13:31.384-0500	DEBUG	protocol/handler.go:1591	have processed broadcast	{"{round 20 3  <nil>}": {"Key":"from","Type":15,"Integer":0,"String":"c","Interface":null}}
2025-08-15T22:13:31.384-0500	DEBUG	protocol/handler.go:1649	have all messages and processed	{"{round 20 3  <nil>}": {"Key":"self","Type":15,"Integer":0,"String":"b","Interface":null}}
2025-08-15T22:13:31.384-0500	DEBUG	protocol/handler.go:596	round already finalized
2025-08-15T22:13:31.388-0500	DEBUG	protocol/handler.go:581	tryAdvanceRound called	{"{current_round 20 3  <nil>}": {"Key":"self","Type":15,"Integer":0,"String":"c","Interface":null}}
2025-08-15T22:13:31.388-0500	DEBUG	protocol/handler.go:1591	have processed broadcast	{"{round 20 3  <nil>}": {"Key":"from","Type":15,"Integer":0,"String":"a","Interface":null}}
2025-08-15T22:13:31.389-0500	DEBUG	protocol/handler.go:1591	have processed broadcast	{"{round 20 3  <nil>}": {"Key":"from","Type":15,"Integer":0,"String":"b","Interface":null}}
2025-08-15T22:13:31.389-0500	DEBUG	protocol/handler.go:1649	have all messages and processed	{"{round 20 3  <nil>}": {"Key":"self","Type":15,"Integer":0,"String":"c","Interface":null}}
2025-08-15T22:13:31.389-0500	DEBUG	protocol/handler.go:596	round already finalized
2025-08-15T22:13:31.401-0500	DEBUG	protocol/handler.go:581	tryAdvanceRound called	{"{current_round 20 3  <nil>}": {"Key":"self","Type":15,"Integer":0,"String":"a","Interface":null}}
2025-08-15T22:13:31.401-0500	DEBUG	protocol/handler.go:1591	have processed broadcast	{"{round 20 3  <nil>}": {"Key":"from","Type":15,"Integer":0,"String":"b","Interface":null}}
2025-08-15T22:13:31.401-0500	DEBUG	protocol/handler.go:1591	have processed broadcast	{"{round 20 3  <nil>}": {"Key":"from","Type":15,"Integer":0,"String":"c","Interface":null}}
2025-08-15T22:13:31.401-0500	DEBUG	protocol/handler.go:1649	have all messages and processed	{"{round 20 3  <nil>}": {"Key":"self","Type":15,"Integer":0,"String":"a","Interface":null}}
2025-08-15T22:13:31.401-0500	DEBUG	protocol/handler.go:596	round already finalized
2025-08-15T22:13:31.401-0500	DEBUG	protocol/handler.go:581	tryAdvanceRound called	{"{current_round 20 3  <nil>}": {"Key":"self","Type":15,"Integer":0,"String":"a","Interface":null}}
2025-08-15T22:13:31.402-0500	DEBUG	protocol/handler.go:1591	have processed broadcast	{"{round 20 3  <nil>}": {"Key":"from","Type":15,"Integer":0,"String":"b","Interface":null}}
2025-08-15T22:13:31.402-0500	DEBUG	protocol/handler.go:1591	have processed broadcast	{"{round 20 3  <nil>}": {"Key":"from","Type":15,"Integer":0,"String":"c","Interface":null}}
2025-08-15T22:13:31.402-0500	DEBUG	protocol/handler.go:1649	have all messages and processed	{"{round 20 3  <nil>}": {"Key":"self","Type":15,"Integer":0,"String":"a","Interface":null}}
2025-08-15T22:13:31.402-0500	DEBUG	protocol/handler.go:596	round already finalized
2025-08-15T22:13:31.402-0500	DEBUG	protocol/handler.go:581	tryAdvanceRound called	{"{current_round 20 3  <nil>}": {"Key":"self","Type":15,"Integer":0,"String":"b","Interface":null}}
2025-08-15T22:13:31.402-0500	DEBUG	protocol/handler.go:1591	have processed broadcast	{"{round 20 3  <nil>}": {"Key":"from","Type":15,"Integer":0,"String":"a","Interface":null}}
2025-08-15T22:13:31.402-0500	DEBUG	protocol/handler.go:1591	have processed broadcast	{"{round 20 3  <nil>}": {"Key":"from","Type":15,"Integer":0,"String":"c","Interface":null}}
2025-08-15T22:13:31.402-0500	DEBUG	protocol/handler.go:1649	have all messages and processed	{"{round 20 3  <nil>}": {"Key":"self","Type":15,"Integer":0,"String":"b","Interface":null}}
2025-08-15T22:13:31.402-0500	DEBUG	protocol/handler.go:596	round already finalized
2025-08-15T22:13:31.413-0500	DEBUG	protocol/handler.go:581	tryAdvanceRound called	{"{current_round 20 3  <nil>}": {"Key":"self","Type":15,"Integer":0,"String":"c","Interface":null}}
2025-08-15T22:13:31.413-0500	DEBUG	protocol/handler.go:1591	have processed broadcast	{"{round 20 3  <nil>}": {"Key":"from","Type":15,"Integer":0,"String":"a","Interface":null}}
2025-08-15T22:13:31.413-0500	DEBUG	protocol/handler.go:1591	have processed broadcast	{"{round 20 3  <nil>}": {"Key":"from","Type":15,"Integer":0,"String":"b","Interface":null}}
2025-08-15T22:13:31.413-0500	DEBUG	protocol/handler.go:1649	have all messages and processed	{"{round 20 3  <nil>}": {"Key":"self","Type":15,"Integer":0,"String":"c","Interface":null}}
2025-08-15T22:13:31.413-0500	DEBUG	protocol/handler.go:596	round already finalized
2025-08-15T22:13:31.423-0500	DEBUG	protocol/handler.go:581	tryAdvanceRound called	{"{current_round 20 3  <nil>}": {"Key":"self","Type":15,"Integer":0,"String":"b","Interface":null}}
2025-08-15T22:13:31.424-0500	DEBUG	protocol/handler.go:1591	have processed broadcast	{"{round 20 3  <nil>}": {"Key":"from","Type":15,"Integer":0,"String":"a","Interface":null}}
2025-08-15T22:13:31.424-0500	DEBUG	protocol/handler.go:1591	have processed broadcast	{"{round 20 3  <nil>}": {"Key":"from","Type":15,"Integer":0,"String":"c","Interface":null}}
2025-08-15T22:13:31.424-0500	DEBUG	protocol/handler.go:1649	have all messages and processed	{"{round 20 3  <nil>}": {"Key":"self","Type":15,"Integer":0,"String":"b","Interface":null}}
2025-08-15T22:13:31.424-0500	DEBUG	protocol/handler.go:596	round already finalized
2025-08-15T22:13:31.447-0500	DEBUG	protocol/handler.go:581	tryAdvanceRound called	{"{current_round 20 3  <nil>}": {"Key":"self","Type":15,"Integer":0,"String":"b","Interface":null}}
2025-08-15T22:13:31.447-0500	DEBUG	protocol/handler.go:1591	have processed broadcast	{"{round 20 3  <nil>}": {"Key":"from","Type":15,"Integer":0,"String":"a","Interface":null}}
2025-08-15T22:13:31.447-0500	DEBUG	protocol/handler.go:1591	have processed broadcast	{"{round 20 3  <nil>}": {"Key":"from","Type":15,"Integer":0,"String":"c","Interface":null}}
2025-08-15T22:13:31.447-0500	DEBUG	protocol/handler.go:1649	have all messages and processed	{"{round 20 3  <nil>}": {"Key":"self","Type":15,"Integer":0,"String":"b","Interface":null}}
2025-08-15T22:13:31.447-0500	DEBUG	protocol/handler.go:596	round already finalized
2025-08-15T22:13:31.447-0500	DEBUG	protocol/handler.go:581	tryAdvanceRound called	{"{current_round 20 3  <nil>}": {"Key":"self","Type":15,"Integer":0,"String":"a","Interface":null}}
2025-08-15T22:13:31.447-0500	DEBUG	protocol/handler.go:1591	have processed broadcast	{"{round 20 3  <nil>}": {"Key":"from","Type":15,"Integer":0,"String":"b","Interface":null}}
2025-08-15T22:13:31.447-0500	DEBUG	protocol/handler.go:1591	have processed broadcast	{"{round 20 3  <nil>}": {"Key":"from","Type":15,"Integer":0,"String":"c","Interface":null}}
2025-08-15T22:13:31.447-0500	DEBUG	protocol/handler.go:1649	have all messages and processed	{"{round 20 3  <nil>}": {"Key":"self","Type":15,"Integer":0,"String":"a","Interface":null}}
2025-08-15T22:13:31.447-0500	DEBUG	protocol/handler.go:596	round already finalized
2025-08-15T22:13:31.447-0500	DEBUG	protocol/handler.go:581	tryAdvanceRound called	{"{current_round 20 3  <nil>}": {"Key":"self","Type":15,"Integer":0,"String":"a","Interface":null}}
2025-08-15T22:13:31.447-0500	DEBUG	protocol/handler.go:1591	have processed broadcast	{"{round 20 3  <nil>}": {"Key":"from","Type":15,"Integer":0,"String":"b","Interface":null}}
2025-08-15T22:13:31.447-0500	DEBUG	protocol/handler.go:1591	have processed broadcast	{"{round 20 3  <nil>}": {"Key":"from","Type":15,"Integer":0,"String":"c","Interface":null}}
2025-08-15T22:13:31.447-0500	DEBUG	protocol/handler.go:1649	have all messages and processed	{"{round 20 3  <nil>}": {"Key":"self","Type":15,"Integer":0,"String":"a","Interface":null}}
2025-08-15T22:13:31.447-0500	DEBUG	protocol/handler.go:596	round already finalized
2025-08-15T22:13:31.464-0500	DEBUG	protocol/handler.go:581	tryAdvanceRound called	{"{current_round 20 3  <nil>}": {"Key":"self","Type":15,"Integer":0,"String":"c","Interface":null}}
2025-08-15T22:13:31.464-0500	DEBUG	protocol/handler.go:1591	have processed broadcast	{"{round 20 3  <nil>}": {"Key":"from","Type":15,"Integer":0,"String":"a","Interface":null}}
2025-08-15T22:13:31.464-0500	DEBUG	protocol/handler.go:1591	have processed broadcast	{"{round 20 3  <nil>}": {"Key":"from","Type":15,"Integer":0,"String":"b","Interface":null}}
2025-08-15T22:13:31.464-0500	DEBUG	protocol/handler.go:1649	have all messages and processed	{"{round 20 3  <nil>}": {"Key":"self","Type":15,"Integer":0,"String":"c","Interface":null}}
2025-08-15T22:13:31.464-0500	DEBUG	protocol/handler.go:596	round already finalized
2025-08-15T22:13:31.464-0500	DEBUG	protocol/handler.go:581	tryAdvanceRound called	{"{current_round 20 3  <nil>}": {"Key":"self","Type":15,"Integer":0,"String":"c","Interface":null}}
2025-08-15T22:13:31.465-0500	DEBUG	protocol/handler.go:1591	have processed broadcast	{"{round 20 3  <nil>}": {"Key":"from","Type":15,"Integer":0,"String":"a","Interface":null}}
2025-08-15T22:13:31.465-0500	DEBUG	protocol/handler.go:1591	have processed broadcast	{"{round 20 3  <nil>}": {"Key":"from","Type":15,"Integer":0,"String":"b","Interface":null}}
2025-08-15T22:13:31.465-0500	DEBUG	protocol/handler.go:1649	have all messages and processed	{"{round 20 3  <nil>}": {"Key":"self","Type":15,"Integer":0,"String":"c","Interface":null}}
2025-08-15T22:13:31.465-0500	DEBUG	protocol/handler.go:596	round already finalized
2025-08-15T22:13:31.472-0500	DEBUG	protocol/handler.go:581	tryAdvanceRound called	{"{current_round 20 3  <nil>}": {"Key":"self","Type":15,"Integer":0,"String":"a","Interface":null}}
2025-08-15T22:13:31.472-0500	DEBUG	protocol/handler.go:1591	have processed broadcast	{"{round 20 3  <nil>}": {"Key":"from","Type":15,"Integer":0,"String":"b","Interface":null}}
2025-08-15T22:13:31.472-0500	DEBUG	protocol/handler.go:1591	have processed broadcast	{"{round 20 3  <nil>}": {"Key":"from","Type":15,"Integer":0,"String":"c","Interface":null}}
2025-08-15T22:13:31.472-0500	DEBUG	protocol/handler.go:1649	have all messages and processed	{"{round 20 3  <nil>}": {"Key":"self","Type":15,"Integer":0,"String":"a","Interface":null}}
2025-08-15T22:13:31.472-0500	DEBUG	protocol/handler.go:596	round already finalized
2025-08-15T22:13:31.485-0500	DEBUG	protocol/handler.go:581	tryAdvanceRound called	{"{current_round 20 3  <nil>}": {"Key":"self","Type":15,"Integer":0,"String":"c","Interface":null}}
2025-08-15T22:13:31.485-0500	DEBUG	protocol/handler.go:1591	have processed broadcast	{"{round 20 3  <nil>}": {"Key":"from","Type":15,"Integer":0,"String":"a","Interface":null}}
2025-08-15T22:13:31.496-0500	DEBUG	protocol/handler.go:1591	have processed broadcast	{"{round 20 3  <nil>}": {"Key":"from","Type":15,"Integer":0,"String":"b","Interface":null}}
2025-08-15T22:13:31.496-0500	DEBUG	protocol/handler.go:1649	have all messages and processed	{"{round 20 3  <nil>}": {"Key":"self","Type":15,"Integer":0,"String":"c","Interface":null}}
2025-08-15T22:13:31.496-0500	DEBUG	protocol/handler.go:596	round already finalized
2025-08-15T22:13:31.508-0500	DEBUG	protocol/handler.go:581	tryAdvanceRound called	{"{current_round 20 3  <nil>}": {"Key":"self","Type":15,"Integer":0,"String":"a","Interface":null}}
2025-08-15T22:13:31.509-0500	DEBUG	protocol/handler.go:581	tryAdvanceRound called	{"{current_round 20 3  <nil>}": {"Key":"self","Type":15,"Integer":0,"String":"c","Interface":null}}
2025-08-15T22:13:31.509-0500	DEBUG	protocol/handler.go:1591	have processed broadcast	{"{round 20 3  <nil>}": {"Key":"from","Type":15,"Integer":0,"String":"a","Interface":null}}
2025-08-15T22:13:31.509-0500	DEBUG	protocol/handler.go:1591	have processed broadcast	{"{round 20 3  <nil>}": {"Key":"from","Type":15,"Integer":0,"String":"b","Interface":null}}
2025-08-15T22:13:31.509-0500	DEBUG	protocol/handler.go:1649	have all messages and processed	{"{round 20 3  <nil>}": {"Key":"self","Type":15,"Integer":0,"String":"c","Interface":null}}
2025-08-15T22:13:31.509-0500	DEBUG	protocol/handler.go:596	round already finalized
2025-08-15T22:13:31.509-0500	DEBUG	protocol/handler.go:581	tryAdvanceRound called	{"{current_round 20 3  <nil>}": {"Key":"self","Type":15,"Integer":0,"String":"c","Interface":null}}
2025-08-15T22:13:31.509-0500	DEBUG	protocol/handler.go:1591	have processed broadcast	{"{round 20 3  <nil>}": {"Key":"from","Type":15,"Integer":0,"String":"a","Interface":null}}
2025-08-15T22:13:31.509-0500	DEBUG	protocol/handler.go:1591	have processed broadcast	{"{round 20 3  <nil>}": {"Key":"from","Type":15,"Integer":0,"String":"b","Interface":null}}
2025-08-15T22:13:31.509-0500	DEBUG	protocol/handler.go:1649	have all messages and processed	{"{round 20 3  <nil>}": {"Key":"self","Type":15,"Integer":0,"String":"c","Interface":null}}
2025-08-15T22:13:31.509-0500	DEBUG	protocol/handler.go:596	round already finalized
2025-08-15T22:13:31.530-0500	DEBUG	protocol/handler.go:581	tryAdvanceRound called	{"{current_round 20 3  <nil>}": {"Key":"self","Type":15,"Integer":0,"String":"b","Interface":null}}
2025-08-15T22:13:31.530-0500	DEBUG	protocol/handler.go:1591	have processed broadcast	{"{round 20 3  <nil>}": {"Key":"from","Type":15,"Integer":0,"String":"a","Interface":null}}
2025-08-15T22:13:31.530-0500	DEBUG	protocol/handler.go:1591	have processed broadcast	{"{round 20 3  <nil>}": {"Key":"from","Type":15,"Integer":0,"String":"c","Interface":null}}
2025-08-15T22:13:31.530-0500	DEBUG	protocol/handler.go:1649	have all messages and processed	{"{round 20 3  <nil>}": {"Key":"self","Type":15,"Integer":0,"String":"b","Interface":null}}
2025-08-15T22:13:31.531-0500	DEBUG	protocol/handler.go:596	round already finalized
2025-08-15T22:13:31.531-0500	DEBUG	protocol/handler.go:581	tryAdvanceRound called	{"{current_round 20 3  <nil>}": {"Key":"self","Type":15,"Integer":0,"String":"b","Interface":null}}
2025-08-15T22:13:31.531-0500	DEBUG	protocol/handler.go:1591	have processed broadcast	{"{round 20 3  <nil>}": {"Key":"from","Type":15,"Integer":0,"String":"a","Interface":null}}
2025-08-15T22:13:31.531-0500	DEBUG	protocol/handler.go:1591	have processed broadcast	{"{round 20 3  <nil>}": {"Key":"from","Type":15,"Integer":0,"String":"c","Interface":null}}
2025-08-15T22:13:31.531-0500	DEBUG	protocol/handler.go:1649	have all messages and processed	{"{round 20 3  <nil>}": {"Key":"self","Type":15,"Integer":0,"String":"b","Interface":null}}
2025-08-15T22:13:31.531-0500	DEBUG	protocol/handler.go:596	round already finalized
2025-08-15T22:13:31.531-0500	DEBUG	protocol/handler.go:581	tryAdvanceRound called	{"{current_round 20 3  <nil>}": {"Key":"self","Type":15,"Integer":0,"String":"b","Interface":null}}
2025-08-15T22:13:31.531-0500	DEBUG	protocol/handler.go:1591	have processed broadcast	{"{round 20 3  <nil>}": {"Key":"from","Type":15,"Integer":0,"String":"a","Interface":null}}
2025-08-15T22:13:31.558-0500	DEBUG	protocol/handler.go:581	tryAdvanceRound called	{"{current_round 20 3  <nil>}": {"Key":"self","Type":15,"Integer":0,"String":"c","Interface":null}}
2025-08-15T22:13:31.559-0500	DEBUG	protocol/handler.go:1591	have processed broadcast	{"{round 20 3  <nil>}": {"Key":"from","Type":15,"Integer":0,"String":"a","Interface":null}}
2025-08-15T22:13:31.559-0500	DEBUG	protocol/handler.go:1591	have processed broadcast	{"{round 20 3  <nil>}": {"Key":"from","Type":15,"Integer":0,"String":"b","Interface":null}}
2025-08-15T22:13:31.559-0500	DEBUG	protocol/handler.go:1649	have all messages and processed	{"{round 20 3  <nil>}": {"Key":"self","Type":15,"Integer":0,"String":"c","Interface":null}}
2025-08-15T22:13:31.620-0500	DEBUG	protocol/handler.go:596	round already finalized
2025-08-15T22:13:31.620-0500	DEBUG	protocol/handler.go:581	tryAdvanceRound called	{"{current_round 20 3  <nil>}": {"Key":"self","Type":15,"Integer":0,"String":"c","Interface":null}}
2025-08-15T22:13:31.620-0500	DEBUG	protocol/handler.go:1591	have processed broadcast	{"{round 20 3  <nil>}": {"Key":"from","Type":15,"Integer":0,"String":"a","Interface":null}}
2025-08-15T22:13:31.620-0500	DEBUG	protocol/handler.go:1591	have processed broadcast	{"{round 20 3  <nil>}": {"Key":"from","Type":15,"Integer":0,"String":"b","Interface":null}}
2025-08-15T22:13:31.620-0500	DEBUG	protocol/handler.go:1649	have all messages and processed	{"{round 20 3  <nil>}": {"Key":"self","Type":15,"Integer":0,"String":"c","Interface":null}}
2025-08-15T22:13:31.620-0500	DEBUG	protocol/handler.go:596	round already finalized
2025-08-15T22:13:31.570-0500	DEBUG	protocol/handler.go:1591	have processed broadcast	{"{round 20 3  <nil>}": {"Key":"from","Type":15,"Integer":0,"String":"b","Interface":null}}
2025-08-15T22:13:31.621-0500	DEBUG	protocol/handler.go:1591	have processed broadcast	{"{round 20 3  <nil>}": {"Key":"from","Type":15,"Integer":0,"String":"c","Interface":null}}
2025-08-15T22:13:31.621-0500	DEBUG	protocol/handler.go:1649	have all messages and processed	{"{round 20 3  <nil>}": {"Key":"self","Type":15,"Integer":0,"String":"a","Interface":null}}
2025-08-15T22:13:31.621-0500	DEBUG	protocol/handler.go:596	round already finalized
2025-08-15T22:13:31.621-0500	DEBUG	protocol/handler.go:581	tryAdvanceRound called	{"{current_round 20 3  <nil>}": {"Key":"self","Type":15,"Integer":0,"String":"a","Interface":null}}
2025-08-15T22:13:31.621-0500	DEBUG	protocol/handler.go:1591	have processed broadcast	{"{round 20 3  <nil>}": {"Key":"from","Type":15,"Integer":0,"String":"b","Interface":null}}
2025-08-15T22:13:31.621-0500	DEBUG	protocol/handler.go:1591	have processed broadcast	{"{round 20 3  <nil>}": {"Key":"from","Type":15,"Integer":0,"String":"c","Interface":null}}
2025-08-15T22:13:31.621-0500	DEBUG	protocol/handler.go:1649	have all messages and processed	{"{round 20 3  <nil>}": {"Key":"self","Type":15,"Integer":0,"String":"a","Interface":null}}
2025-08-15T22:13:31.621-0500	DEBUG	protocol/handler.go:596	round already finalized
2025-08-15T22:13:31.621-0500	DEBUG	protocol/handler.go:581	tryAdvanceRound called	{"{current_round 20 3  <nil>}": {"Key":"self","Type":15,"Integer":0,"String":"c","Interface":null}}
2025-08-15T22:13:31.621-0500	DEBUG	protocol/handler.go:1591	have processed broadcast	{"{round 20 3  <nil>}": {"Key":"from","Type":15,"Integer":0,"String":"a","Interface":null}}
2025-08-15T22:13:31.621-0500	DEBUG	protocol/handler.go:1591	have processed broadcast	{"{round 20 3  <nil>}": {"Key":"from","Type":15,"Integer":0,"String":"b","Interface":null}}
2025-08-15T22:13:31.630-0500	DEBUG	protocol/handler.go:1649	have all messages and processed	{"{round 20 3  <nil>}": {"Key":"self","Type":15,"Integer":0,"String":"c","Interface":null}}
2025-08-15T22:13:31.630-0500	DEBUG	protocol/handler.go:596	round already finalized
2025-08-15T22:13:31.631-0500	DEBUG	protocol/handler.go:581	tryAdvanceRound called	{"{current_round 20 3  <nil>}": {"Key":"self","Type":15,"Integer":0,"String":"a","Interface":null}}
2025-08-15T22:13:31.631-0500	DEBUG	protocol/handler.go:1591	have processed broadcast	{"{round 20 3  <nil>}": {"Key":"from","Type":15,"Integer":0,"String":"b","Interface":null}}
2025-08-15T22:13:31.631-0500	DEBUG	protocol/handler.go:1591	have processed broadcast	{"{round 20 3  <nil>}": {"Key":"from","Type":15,"Integer":0,"String":"c","Interface":null}}
2025-08-15T22:13:31.631-0500	DEBUG	protocol/handler.go:1649	have all messages and processed	{"{round 20 3  <nil>}": {"Key":"self","Type":15,"Integer":0,"String":"a","Interface":null}}
2025-08-15T22:13:31.634-0500	DEBUG	protocol/handler.go:596	round already finalized
2025-08-15T22:13:31.634-0500	DEBUG	protocol/handler.go:581	tryAdvanceRound called	{"{current_round 20 3  <nil>}": {"Key":"self","Type":15,"Integer":0,"String":"c","Interface":null}}
2025-08-15T22:13:31.634-0500	DEBUG	protocol/handler.go:1591	have processed broadcast	{"{round 20 3  <nil>}": {"Key":"from","Type":15,"Integer":0,"String":"a","Interface":null}}
2025-08-15T22:13:31.634-0500	DEBUG	protocol/handler.go:1591	have processed broadcast	{"{round 20 3  <nil>}": {"Key":"from","Type":15,"Integer":0,"String":"b","Interface":null}}
2025-08-15T22:13:31.635-0500	DEBUG	protocol/handler.go:1649	have all messages and processed	{"{round 20 3  <nil>}": {"Key":"self","Type":15,"Integer":0,"String":"c","Interface":null}}
2025-08-15T22:13:31.635-0500	DEBUG	protocol/handler.go:596	round already finalized
2025-08-15T22:13:31.657-0500	DEBUG	protocol/handler.go:581	tryAdvanceRound called	{"{current_round 20 3  <nil>}": {"Key":"self","Type":15,"Integer":0,"String":"c","Interface":null}}
2025-08-15T22:13:31.660-0500	DEBUG	protocol/handler.go:1591	have processed broadcast	{"{round 20 3  <nil>}": {"Key":"from","Type":15,"Integer":0,"String":"a","Interface":null}}
2025-08-15T22:13:31.660-0500	DEBUG	protocol/handler.go:1591	have processed broadcast	{"{round 20 3  <nil>}": {"Key":"from","Type":15,"Integer":0,"String":"b","Interface":null}}
2025-08-15T22:13:31.660-0500	DEBUG	protocol/handler.go:1649	have all messages and processed	{"{round 20 3  <nil>}": {"Key":"self","Type":15,"Integer":0,"String":"c","Interface":null}}
2025-08-15T22:13:31.660-0500	DEBUG	protocol/handler.go:596	round already finalized
2025-08-15T22:13:31.535-0500	DEBUG	protocol/handler.go:1591	have processed broadcast	{"{round 20 3  <nil>}": {"Key":"from","Type":15,"Integer":0,"String":"c","Interface":null}}
2025-08-15T22:13:31.660-0500	DEBUG	protocol/handler.go:1649	have all messages and processed	{"{round 20 3  <nil>}": {"Key":"self","Type":15,"Integer":0,"String":"b","Interface":null}}
2025-08-15T22:13:31.660-0500	DEBUG	protocol/handler.go:596	round already finalized
2025-08-15T22:13:31.660-0500	DEBUG	protocol/handler.go:581	tryAdvanceRound called	{"{current_round 20 3  <nil>}": {"Key":"self","Type":15,"Integer":0,"String":"b","Interface":null}}
2025-08-15T22:13:31.660-0500	DEBUG	protocol/handler.go:1591	have processed broadcast	{"{round 20 3  <nil>}": {"Key":"from","Type":15,"Integer":0,"String":"a","Interface":null}}
2025-08-15T22:13:31.660-0500	DEBUG	protocol/handler.go:1591	have processed broadcast	{"{round 20 3  <nil>}": {"Key":"from","Type":15,"Integer":0,"String":"c","Interface":null}}
2025-08-15T22:13:31.660-0500	DEBUG	protocol/handler.go:1649	have all messages and processed	{"{round 20 3  <nil>}": {"Key":"self","Type":15,"Integer":0,"String":"b","Interface":null}}
2025-08-15T22:13:31.660-0500	DEBUG	protocol/handler.go:596	round already finalized
2025-08-15T22:13:31.660-0500	DEBUG	protocol/handler.go:581	tryAdvanceRound called	{"{current_round 20 3  <nil>}": {"Key":"self","Type":15,"Integer":0,"String":"b","Interface":null}}
2025-08-15T22:13:31.660-0500	DEBUG	protocol/handler.go:1591	have processed broadcast	{"{round 20 3  <nil>}": {"Key":"from","Type":15,"Integer":0,"String":"a","Interface":null}}
2025-08-15T22:13:31.661-0500	DEBUG	protocol/handler.go:1591	have processed broadcast	{"{round 20 3  <nil>}": {"Key":"from","Type":15,"Integer":0,"String":"c","Interface":null}}
2025-08-15T22:13:31.661-0500	DEBUG	protocol/handler.go:1649	have all messages and processed	{"{round 20 3  <nil>}": {"Key":"self","Type":15,"Integer":0,"String":"b","Interface":null}}
2025-08-15T22:13:31.661-0500	DEBUG	protocol/handler.go:596	round already finalized
2025-08-15T22:13:31.661-0500	DEBUG	protocol/handler.go:581	tryAdvanceRound called	{"{current_round 20 3  <nil>}": {"Key":"self","Type":15,"Integer":0,"String":"a","Interface":null}}
2025-08-15T22:13:31.661-0500	DEBUG	protocol/handler.go:1591	have processed broadcast	{"{round 20 3  <nil>}": {"Key":"from","Type":15,"Integer":0,"String":"b","Interface":null}}
2025-08-15T22:13:31.661-0500	DEBUG	protocol/handler.go:1591	have processed broadcast	{"{round 20 3  <nil>}": {"Key":"from","Type":15,"Integer":0,"String":"c","Interface":null}}
2025-08-15T22:13:31.661-0500	DEBUG	protocol/handler.go:1649	have all messages and processed	{"{round 20 3  <nil>}": {"Key":"self","Type":15,"Integer":0,"String":"a","Interface":null}}
2025-08-15T22:13:31.662-0500	DEBUG	protocol/handler.go:596	round already finalized
2025-08-15T22:13:31.663-0500	DEBUG	protocol/handler.go:581	tryAdvanceRound called	{"{current_round 20 3  <nil>}": {"Key":"self","Type":15,"Integer":0,"String":"c","Interface":null}}
2025-08-15T22:13:31.663-0500	DEBUG	protocol/handler.go:1591	have processed broadcast	{"{round 20 3  <nil>}": {"Key":"from","Type":15,"Integer":0,"String":"a","Interface":null}}
2025-08-15T22:13:31.663-0500	DEBUG	protocol/handler.go:1591	have processed broadcast	{"{round 20 3  <nil>}": {"Key":"from","Type":15,"Integer":0,"String":"b","Interface":null}}
2025-08-15T22:13:31.663-0500	DEBUG	protocol/handler.go:1649	have all messages and processed	{"{round 20 3  <nil>}": {"Key":"self","Type":15,"Integer":0,"String":"c","Interface":null}}
2025-08-15T22:13:31.663-0500	DEBUG	protocol/handler.go:596	round already finalized
2025-08-15T22:13:31.682-0500	DEBUG	protocol/handler.go:581	tryAdvanceRound called	{"{current_round 20 3  <nil>}": {"Key":"self","Type":15,"Integer":0,"String":"b","Interface":null}}
2025-08-15T22:13:31.682-0500	DEBUG	protocol/handler.go:1591	have processed broadcast	{"{round 20 3  <nil>}": {"Key":"from","Type":15,"Integer":0,"String":"a","Interface":null}}
2025-08-15T22:13:31.682-0500	DEBUG	protocol/handler.go:1591	have processed broadcast	{"{round 20 3  <nil>}": {"Key":"from","Type":15,"Integer":0,"String":"c","Interface":null}}
2025-08-15T22:13:31.682-0500	DEBUG	protocol/handler.go:1649	have all messages and processed	{"{round 20 3  <nil>}": {"Key":"self","Type":15,"Integer":0,"String":"b","Interface":null}}
2025-08-15T22:13:31.682-0500	DEBUG	protocol/handler.go:596	round already finalized
2025-08-15T22:13:31.710-0500	DEBUG	protocol/handler.go:581	tryAdvanceRound called	{"{current_round 20 3  <nil>}": {"Key":"self","Type":15,"Integer":0,"String":"a","Interface":null}}
2025-08-15T22:13:31.710-0500	DEBUG	protocol/handler.go:1591	have processed broadcast	{"{round 20 3  <nil>}": {"Key":"from","Type":15,"Integer":0,"String":"b","Interface":null}}
2025-08-15T22:13:31.710-0500	DEBUG	protocol/handler.go:1591	have processed broadcast	{"{round 20 3  <nil>}": {"Key":"from","Type":15,"Integer":0,"String":"c","Interface":null}}
2025-08-15T22:13:31.710-0500	DEBUG	protocol/handler.go:1649	have all messages and processed	{"{round 20 3  <nil>}": {"Key":"self","Type":15,"Integer":0,"String":"a","Interface":null}}
2025-08-15T22:13:31.710-0500	DEBUG	protocol/handler.go:596	round already finalized
2025-08-15T22:13:31.710-0500	DEBUG	protocol/handler.go:581	tryAdvanceRound called	{"{current_round 20 3  <nil>}": {"Key":"self","Type":15,"Integer":0,"String":"a","Interface":null}}
2025-08-15T22:13:31.710-0500	DEBUG	protocol/handler.go:1591	have processed broadcast	{"{round 20 3  <nil>}": {"Key":"from","Type":15,"Integer":0,"String":"b","Interface":null}}
2025-08-15T22:13:31.710-0500	DEBUG	protocol/handler.go:1591	have processed broadcast	{"{round 20 3  <nil>}": {"Key":"from","Type":15,"Integer":0,"String":"c","Interface":null}}
2025-08-15T22:13:31.710-0500	DEBUG	protocol/handler.go:1649	have all messages and processed	{"{round 20 3  <nil>}": {"Key":"self","Type":15,"Integer":0,"String":"a","Interface":null}}
2025-08-15T22:13:31.710-0500	DEBUG	protocol/handler.go:596	round already finalized
2025-08-15T22:13:31.710-0500	DEBUG	protocol/handler.go:581	tryAdvanceRound called	{"{current_round 20 3  <nil>}": {"Key":"self","Type":15,"Integer":0,"String":"c","Interface":null}}
2025-08-15T22:13:31.710-0500	DEBUG	protocol/handler.go:1591	have processed broadcast	{"{round 20 3  <nil>}": {"Key":"from","Type":15,"Integer":0,"String":"a","Interface":null}}
2025-08-15T22:13:31.710-0500	DEBUG	protocol/handler.go:1591	have processed broadcast	{"{round 20 3  <nil>}": {"Key":"from","Type":15,"Integer":0,"String":"b","Interface":null}}
2025-08-15T22:13:31.711-0500	DEBUG	protocol/handler.go:1649	have all messages and processed	{"{round 20 3  <nil>}": {"Key":"self","Type":15,"Integer":0,"String":"c","Interface":null}}
2025-08-15T22:13:31.711-0500	DEBUG	protocol/handler.go:596	round already finalized
2025-08-15T22:13:31.711-0500	DEBUG	protocol/handler.go:581	tryAdvanceRound called	{"{current_round 20 3  <nil>}": {"Key":"self","Type":15,"Integer":0,"String":"c","Interface":null}}
2025-08-15T22:13:31.711-0500	DEBUG	protocol/handler.go:1591	have processed broadcast	{"{round 20 3  <nil>}": {"Key":"from","Type":15,"Integer":0,"String":"a","Interface":null}}
2025-08-15T22:13:31.711-0500	DEBUG	protocol/handler.go:1591	have processed broadcast	{"{round 20 3  <nil>}": {"Key":"from","Type":15,"Integer":0,"String":"b","Interface":null}}
2025-08-15T22:13:31.711-0500	DEBUG	protocol/handler.go:1649	have all messages and processed	{"{round 20 3  <nil>}": {"Key":"self","Type":15,"Integer":0,"String":"c","Interface":null}}
2025-08-15T22:13:31.711-0500	DEBUG	protocol/handler.go:596	round already finalized
2025-08-15T22:13:31.711-0500	DEBUG	protocol/handler.go:581	tryAdvanceRound called	{"{current_round 20 3  <nil>}": {"Key":"self","Type":15,"Integer":0,"String":"c","Interface":null}}
2025-08-15T22:13:31.711-0500	DEBUG	protocol/handler.go:1591	have processed broadcast	{"{round 20 3  <nil>}": {"Key":"from","Type":15,"Integer":0,"String":"a","Interface":null}}
2025-08-15T22:13:31.711-0500	DEBUG	protocol/handler.go:1591	have processed broadcast	{"{round 20 3  <nil>}": {"Key":"from","Type":15,"Integer":0,"String":"b","Interface":null}}
2025-08-15T22:13:31.711-0500	DEBUG	protocol/handler.go:1649	have all messages and processed	{"{round 20 3  <nil>}": {"Key":"self","Type":15,"Integer":0,"String":"c","Interface":null}}
2025-08-15T22:13:31.711-0500	DEBUG	protocol/handler.go:596	round already finalized
2025-08-15T22:13:31.711-0500	DEBUG	protocol/handler.go:581	tryAdvanceRound called	{"{current_round 20 3  <nil>}": {"Key":"self","Type":15,"Integer":0,"String":"b","Interface":null}}
2025-08-15T22:13:31.711-0500	DEBUG	protocol/handler.go:1591	have processed broadcast	{"{round 20 3  <nil>}": {"Key":"from","Type":15,"Integer":0,"String":"a","Interface":null}}
2025-08-15T22:13:31.711-0500	DEBUG	protocol/handler.go:1591	have processed broadcast	{"{round 20 3  <nil>}": {"Key":"from","Type":15,"Integer":0,"String":"c","Interface":null}}
2025-08-15T22:13:31.711-0500	DEBUG	protocol/handler.go:1649	have all messages and processed	{"{round 20 3  <nil>}": {"Key":"self","Type":15,"Integer":0,"String":"b","Interface":null}}
2025-08-15T22:13:31.711-0500	DEBUG	protocol/handler.go:596	round already finalized
2025-08-15T22:13:31.711-0500	DEBUG	protocol/handler.go:581	tryAdvanceRound called	{"{current_round 20 3  <nil>}": {"Key":"self","Type":15,"Integer":0,"String":"b","Interface":null}}
2025-08-15T22:13:31.711-0500	DEBUG	protocol/handler.go:1591	have processed broadcast	{"{round 20 3  <nil>}": {"Key":"from","Type":15,"Integer":0,"String":"a","Interface":null}}
2025-08-15T22:13:31.711-0500	DEBUG	protocol/handler.go:1591	have processed broadcast	{"{round 20 3  <nil>}": {"Key":"from","Type":15,"Integer":0,"String":"c","Interface":null}}
2025-08-15T22:13:31.711-0500	DEBUG	protocol/handler.go:1649	have all messages and processed	{"{round 20 3  <nil>}": {"Key":"self","Type":15,"Integer":0,"String":"b","Interface":null}}
2025-08-15T22:13:31.711-0500	DEBUG	protocol/handler.go:596	round already finalized
2025-08-15T22:13:31.832-0500	DEBUG	protocol/handler.go:581	tryAdvanceRound called	{"{current_round 20 3  <nil>}": {"Key":"self","Type":15,"Integer":0,"String":"a","Interface":null}}
2025-08-15T22:13:31.832-0500	DEBUG	protocol/handler.go:1591	have processed broadcast	{"{round 20 3  <nil>}": {"Key":"from","Type":15,"Integer":0,"String":"b","Interface":null}}
2025-08-15T22:13:31.832-0500	DEBUG	protocol/handler.go:1591	have processed broadcast	{"{round 20 3  <nil>}": {"Key":"from","Type":15,"Integer":0,"String":"c","Interface":null}}
2025-08-15T22:13:31.832-0500	DEBUG	protocol/handler.go:1649	have all messages and processed	{"{round 20 3  <nil>}": {"Key":"self","Type":15,"Integer":0,"String":"a","Interface":null}}
2025-08-15T22:13:31.832-0500	DEBUG	protocol/handler.go:596	round already finalized
2025-08-15T22:13:31.832-0500	DEBUG	protocol/handler.go:581	tryAdvanceRound called	{"{current_round 20 3  <nil>}": {"Key":"self","Type":15,"Integer":0,"String":"a","Interface":null}}
2025-08-15T22:13:31.832-0500	DEBUG	protocol/handler.go:1591	have processed broadcast	{"{round 20 3  <nil>}": {"Key":"from","Type":15,"Integer":0,"String":"b","Interface":null}}
2025-08-15T22:13:31.832-0500	DEBUG	protocol/handler.go:1591	have processed broadcast	{"{round 20 3  <nil>}": {"Key":"from","Type":15,"Integer":0,"String":"c","Interface":null}}
2025-08-15T22:13:31.832-0500	DEBUG	protocol/handler.go:1649	have all messages and processed	{"{round 20 3  <nil>}": {"Key":"self","Type":15,"Integer":0,"String":"a","Interface":null}}
2025-08-15T22:13:31.832-0500	DEBUG	protocol/handler.go:596	round already finalized
2025-08-15T22:13:31.832-0500	DEBUG	protocol/handler.go:581	tryAdvanceRound called	{"{current_round 20 3  <nil>}": {"Key":"self","Type":15,"Integer":0,"String":"b","Interface":null}}
2025-08-15T22:13:31.832-0500	DEBUG	protocol/handler.go:1591	have processed broadcast	{"{round 20 3  <nil>}": {"Key":"from","Type":15,"Integer":0,"String":"a","Interface":null}}
2025-08-15T22:13:31.832-0500	DEBUG	protocol/handler.go:1591	have processed broadcast	{"{round 20 3  <nil>}": {"Key":"from","Type":15,"Integer":0,"String":"c","Interface":null}}
2025-08-15T22:13:31.832-0500	DEBUG	protocol/handler.go:1649	have all messages and processed	{"{round 20 3  <nil>}": {"Key":"self","Type":15,"Integer":0,"String":"b","Interface":null}}
2025-08-15T22:13:31.832-0500	DEBUG	protocol/handler.go:596	round already finalized
2025-08-15T22:13:31.833-0500	DEBUG	protocol/handler.go:581	tryAdvanceRound called	{"{current_round 20 3  <nil>}": {"Key":"self","Type":15,"Integer":0,"String":"b","Interface":null}}
2025-08-15T22:13:31.833-0500	DEBUG	protocol/handler.go:1591	have processed broadcast	{"{round 20 3  <nil>}": {"Key":"from","Type":15,"Integer":0,"String":"a","Interface":null}}
2025-08-15T22:13:31.833-0500	DEBUG	protocol/handler.go:1591	have processed broadcast	{"{round 20 3  <nil>}": {"Key":"from","Type":15,"Integer":0,"String":"c","Interface":null}}
2025-08-15T22:13:31.833-0500	DEBUG	protocol/handler.go:1649	have all messages and processed	{"{round 20 3  <nil>}": {"Key":"self","Type":15,"Integer":0,"String":"b","Interface":null}}
2025-08-15T22:13:31.833-0500	DEBUG	protocol/handler.go:596	round already finalized
2025-08-15T22:13:31.833-0500	DEBUG	protocol/handler.go:581	tryAdvanceRound called	{"{current_round 20 3  <nil>}": {"Key":"self","Type":15,"Integer":0,"String":"c","Interface":null}}
2025-08-15T22:13:31.833-0500	DEBUG	protocol/handler.go:1591	have processed broadcast	{"{round 20 3  <nil>}": {"Key":"from","Type":15,"Integer":0,"String":"a","Interface":null}}
2025-08-15T22:13:31.833-0500	DEBUG	protocol/handler.go:1591	have processed broadcast	{"{round 20 3  <nil>}": {"Key":"from","Type":15,"Integer":0,"String":"b","Interface":null}}
2025-08-15T22:13:31.833-0500	DEBUG	protocol/handler.go:1649	have all messages and processed	{"{round 20 3  <nil>}": {"Key":"self","Type":15,"Integer":0,"String":"c","Interface":null}}
2025-08-15T22:13:31.833-0500	DEBUG	protocol/handler.go:596	round already finalized
2025-08-15T22:13:31.833-0500	DEBUG	protocol/handler.go:581	tryAdvanceRound called	{"{current_round 20 3  <nil>}": {"Key":"self","Type":15,"Integer":0,"String":"c","Interface":null}}
2025-08-15T22:13:31.833-0500	DEBUG	protocol/handler.go:1591	have processed broadcast	{"{round 20 3  <nil>}": {"Key":"from","Type":15,"Integer":0,"String":"a","Interface":null}}
2025-08-15T22:13:31.833-0500	DEBUG	protocol/handler.go:1591	have processed broadcast	{"{round 20 3  <nil>}": {"Key":"from","Type":15,"Integer":0,"String":"b","Interface":null}}
2025-08-15T22:13:31.833-0500	DEBUG	protocol/handler.go:1649	have all messages and processed	{"{round 20 3  <nil>}": {"Key":"self","Type":15,"Integer":0,"String":"c","Interface":null}}
2025-08-15T22:13:31.833-0500	DEBUG	protocol/handler.go:596	round already finalized
2025-08-15T22:13:31.878-0500	DEBUG	protocol/handler.go:581	tryAdvanceRound called	{"{current_round 20 3  <nil>}": {"Key":"self","Type":15,"Integer":0,"String":"a","Interface":null}}
2025-08-15T22:13:31.882-0500	DEBUG	protocol/handler.go:1591	have processed broadcast	{"{round 20 3  <nil>}": {"Key":"from","Type":15,"Integer":0,"String":"b","Interface":null}}
2025-08-15T22:13:31.882-0500	DEBUG	protocol/handler.go:1591	have processed broadcast	{"{round 20 3  <nil>}": {"Key":"from","Type":15,"Integer":0,"String":"c","Interface":null}}
2025-08-15T22:13:31.882-0500	DEBUG	protocol/handler.go:1649	have all messages and processed	{"{round 20 3  <nil>}": {"Key":"self","Type":15,"Integer":0,"String":"a","Interface":null}}
2025-08-15T22:13:31.882-0500	DEBUG	protocol/handler.go:596	round already finalized
2025-08-15T22:13:31.882-0500	DEBUG	protocol/handler.go:581	tryAdvanceRound called	{"{current_round 20 3  <nil>}": {"Key":"self","Type":15,"Integer":0,"String":"a","Interface":null}}
2025-08-15T22:13:31.883-0500	DEBUG	protocol/handler.go:1591	have processed broadcast	{"{round 20 3  <nil>}": {"Key":"from","Type":15,"Integer":0,"String":"b","Interface":null}}
2025-08-15T22:13:31.883-0500	DEBUG	protocol/handler.go:1591	have processed broadcast	{"{round 20 3  <nil>}": {"Key":"from","Type":15,"Integer":0,"String":"c","Interface":null}}
2025-08-15T22:13:31.883-0500	DEBUG	protocol/handler.go:1649	have all messages and processed	{"{round 20 3  <nil>}": {"Key":"self","Type":15,"Integer":0,"String":"a","Interface":null}}
2025-08-15T22:13:31.883-0500	DEBUG	protocol/handler.go:596	round already finalized
2025-08-15T22:13:31.883-0500	DEBUG	protocol/handler.go:581	tryAdvanceRound called	{"{current_round 20 3  <nil>}": {"Key":"self","Type":15,"Integer":0,"String":"b","Interface":null}}
2025-08-15T22:13:31.883-0500	DEBUG	protocol/handler.go:1591	have processed broadcast	{"{round 20 3  <nil>}": {"Key":"from","Type":15,"Integer":0,"String":"a","Interface":null}}
2025-08-15T22:13:31.883-0500	DEBUG	protocol/handler.go:1591	have processed broadcast	{"{round 20 3  <nil>}": {"Key":"from","Type":15,"Integer":0,"String":"c","Interface":null}}
2025-08-15T22:13:31.883-0500	DEBUG	protocol/handler.go:1649	have all messages and processed	{"{round 20 3  <nil>}": {"Key":"self","Type":15,"Integer":0,"String":"b","Interface":null}}
2025-08-15T22:13:31.883-0500	DEBUG	protocol/handler.go:596	round already finalized
2025-08-15T22:13:31.883-0500	DEBUG	protocol/handler.go:581	tryAdvanceRound called	{"{current_round 20 3  <nil>}": {"Key":"self","Type":15,"Integer":0,"String":"b","Interface":null}}
2025-08-15T22:13:31.883-0500	DEBUG	protocol/handler.go:1591	have processed broadcast	{"{round 20 3  <nil>}": {"Key":"from","Type":15,"Integer":0,"String":"a","Interface":null}}
2025-08-15T22:13:31.883-0500	DEBUG	protocol/handler.go:1591	have processed broadcast	{"{round 20 3  <nil>}": {"Key":"from","Type":15,"Integer":0,"String":"c","Interface":null}}
2025-08-15T22:13:31.883-0500	DEBUG	protocol/handler.go:1649	have all messages and processed	{"{round 20 3  <nil>}": {"Key":"self","Type":15,"Integer":0,"String":"b","Interface":null}}
2025-08-15T22:13:31.883-0500	DEBUG	protocol/handler.go:596	round already finalized
2025-08-15T22:13:31.884-0500	DEBUG	protocol/handler.go:581	tryAdvanceRound called	{"{current_round 20 3  <nil>}": {"Key":"self","Type":15,"Integer":0,"String":"c","Interface":null}}
2025-08-15T22:13:31.884-0500	DEBUG	protocol/handler.go:1591	have processed broadcast	{"{round 20 3  <nil>}": {"Key":"from","Type":15,"Integer":0,"String":"a","Interface":null}}
2025-08-15T22:13:31.884-0500	DEBUG	protocol/handler.go:1591	have processed broadcast	{"{round 20 3  <nil>}": {"Key":"from","Type":15,"Integer":0,"String":"b","Interface":null}}
2025-08-15T22:13:31.885-0500	DEBUG	protocol/handler.go:1649	have all messages and processed	{"{round 20 3  <nil>}": {"Key":"self","Type":15,"Integer":0,"String":"c","Interface":null}}
2025-08-15T22:13:31.885-0500	DEBUG	protocol/handler.go:596	round already finalized
2025-08-15T22:13:31.885-0500	DEBUG	protocol/handler.go:581	tryAdvanceRound called	{"{current_round 20 3  <nil>}": {"Key":"self","Type":15,"Integer":0,"String":"c","Interface":null}}
2025-08-15T22:13:31.885-0500	DEBUG	protocol/handler.go:1591	have processed broadcast	{"{round 20 3  <nil>}": {"Key":"from","Type":15,"Integer":0,"String":"a","Interface":null}}
2025-08-15T22:13:31.885-0500	DEBUG	protocol/handler.go:1591	have processed broadcast	{"{round 20 3  <nil>}": {"Key":"from","Type":15,"Integer":0,"String":"b","Interface":null}}
2025-08-15T22:13:31.886-0500	DEBUG	protocol/handler.go:1649	have all messages and processed	{"{round 20 3  <nil>}": {"Key":"self","Type":15,"Integer":0,"String":"c","Interface":null}}
2025-08-15T22:13:31.886-0500	DEBUG	protocol/handler.go:596	round already finalized
2025-08-15T22:13:31.934-0500	DEBUG	protocol/handler.go:581	tryAdvanceRound called	{"{current_round 20 3  <nil>}": {"Key":"self","Type":15,"Integer":0,"String":"a","Interface":null}}
2025-08-15T22:13:31.934-0500	DEBUG	protocol/handler.go:1591	have processed broadcast	{"{round 20 3  <nil>}": {"Key":"from","Type":15,"Integer":0,"String":"b","Interface":null}}
2025-08-15T22:13:31.934-0500	DEBUG	protocol/handler.go:1591	have processed broadcast	{"{round 20 3  <nil>}": {"Key":"from","Type":15,"Integer":0,"String":"c","Interface":null}}
2025-08-15T22:13:31.934-0500	DEBUG	protocol/handler.go:1649	have all messages and processed	{"{round 20 3  <nil>}": {"Key":"self","Type":15,"Integer":0,"String":"a","Interface":null}}
2025-08-15T22:13:31.934-0500	DEBUG	protocol/handler.go:596	round already finalized
2025-08-15T22:13:31.935-0500	DEBUG	protocol/handler.go:581	tryAdvanceRound called	{"{current_round 20 3  <nil>}": {"Key":"self","Type":15,"Integer":0,"String":"a","Interface":null}}
2025-08-15T22:13:31.935-0500	DEBUG	protocol/handler.go:1591	have processed broadcast	{"{round 20 3  <nil>}": {"Key":"from","Type":15,"Integer":0,"String":"b","Interface":null}}
2025-08-15T22:13:31.935-0500	DEBUG	protocol/handler.go:1591	have processed broadcast	{"{round 20 3  <nil>}": {"Key":"from","Type":15,"Integer":0,"String":"c","Interface":null}}
2025-08-15T22:13:31.935-0500	DEBUG	protocol/handler.go:1649	have all messages and processed	{"{round 20 3  <nil>}": {"Key":"self","Type":15,"Integer":0,"String":"a","Interface":null}}
2025-08-15T22:13:31.935-0500	DEBUG	protocol/handler.go:596	round already finalized
2025-08-15T22:13:31.935-0500	DEBUG	protocol/handler.go:581	tryAdvanceRound called	{"{current_round 20 3  <nil>}": {"Key":"self","Type":15,"Integer":0,"String":"c","Interface":null}}
2025-08-15T22:13:31.935-0500	DEBUG	protocol/handler.go:1591	have processed broadcast	{"{round 20 3  <nil>}": {"Key":"from","Type":15,"Integer":0,"String":"a","Interface":null}}
2025-08-15T22:13:31.935-0500	DEBUG	protocol/handler.go:1591	have processed broadcast	{"{round 20 3  <nil>}": {"Key":"from","Type":15,"Integer":0,"String":"b","Interface":null}}
2025-08-15T22:13:31.935-0500	DEBUG	protocol/handler.go:1649	have all messages and processed	{"{round 20 3  <nil>}": {"Key":"self","Type":15,"Integer":0,"String":"c","Interface":null}}
2025-08-15T22:13:31.936-0500	DEBUG	protocol/handler.go:596	round already finalized
2025-08-15T22:13:31.936-0500	DEBUG	protocol/handler.go:581	tryAdvanceRound called	{"{current_round 20 3  <nil>}": {"Key":"self","Type":15,"Integer":0,"String":"c","Interface":null}}
2025-08-15T22:13:31.936-0500	DEBUG	protocol/handler.go:1591	have processed broadcast	{"{round 20 3  <nil>}": {"Key":"from","Type":15,"Integer":0,"String":"a","Interface":null}}
2025-08-15T22:13:31.936-0500	DEBUG	protocol/handler.go:1591	have processed broadcast	{"{round 20 3  <nil>}": {"Key":"from","Type":15,"Integer":0,"String":"b","Interface":null}}
2025-08-15T22:13:31.936-0500	DEBUG	protocol/handler.go:1649	have all messages and processed	{"{round 20 3  <nil>}": {"Key":"self","Type":15,"Integer":0,"String":"c","Interface":null}}
2025-08-15T22:13:31.936-0500	DEBUG	protocol/handler.go:596	round already finalized
2025-08-15T22:13:31.936-0500	DEBUG	protocol/handler.go:581	tryAdvanceRound called	{"{current_round 20 3  <nil>}": {"Key":"self","Type":15,"Integer":0,"String":"b","Interface":null}}
2025-08-15T22:13:31.936-0500	DEBUG	protocol/handler.go:1591	have processed broadcast	{"{round 20 3  <nil>}": {"Key":"from","Type":15,"Integer":0,"String":"a","Interface":null}}
2025-08-15T22:13:31.937-0500	DEBUG	protocol/handler.go:1591	have processed broadcast	{"{round 20 3  <nil>}": {"Key":"from","Type":15,"Integer":0,"String":"c","Interface":null}}
2025-08-15T22:13:31.937-0500	DEBUG	protocol/handler.go:1649	have all messages and processed	{"{round 20 3  <nil>}": {"Key":"self","Type":15,"Integer":0,"String":"b","Interface":null}}
2025-08-15T22:13:31.937-0500	DEBUG	protocol/handler.go:596	round already finalized
2025-08-15T22:13:31.937-0500	DEBUG	protocol/handler.go:581	tryAdvanceRound called	{"{current_round 20 3  <nil>}": {"Key":"self","Type":15,"Integer":0,"String":"b","Interface":null}}
2025-08-15T22:13:31.937-0500	DEBUG	protocol/handler.go:1591	have processed broadcast	{"{round 20 3  <nil>}": {"Key":"from","Type":15,"Integer":0,"String":"a","Interface":null}}
2025-08-15T22:13:31.937-0500	DEBUG	protocol/handler.go:1591	have processed broadcast	{"{round 20 3  <nil>}": {"Key":"from","Type":15,"Integer":0,"String":"c","Interface":null}}
2025-08-15T22:13:31.937-0500	DEBUG	protocol/handler.go:1649	have all messages and processed	{"{round 20 3  <nil>}": {"Key":"self","Type":15,"Integer":0,"String":"b","Interface":null}}
2025-08-15T22:13:31.937-0500	DEBUG	protocol/handler.go:596	round already finalized
2025-08-15T22:13:31.937-0500	DEBUG	protocol/handler.go:581	tryAdvanceRound called	{"{current_round 20 3  <nil>}": {"Key":"self","Type":15,"Integer":0,"String":"a","Interface":null}}
2025-08-15T22:13:31.937-0500	DEBUG	protocol/handler.go:1591	have processed broadcast	{"{round 20 3  <nil>}": {"Key":"from","Type":15,"Integer":0,"String":"b","Interface":null}}
2025-08-15T22:13:31.938-0500	DEBUG	protocol/handler.go:1591	have processed broadcast	{"{round 20 3  <nil>}": {"Key":"from","Type":15,"Integer":0,"String":"c","Interface":null}}
2025-08-15T22:13:31.938-0500	DEBUG	protocol/handler.go:1649	have all messages and processed	{"{round 20 3  <nil>}": {"Key":"self","Type":15,"Integer":0,"String":"a","Interface":null}}
2025-08-15T22:13:31.938-0500	DEBUG	protocol/handler.go:596	round already finalized
2025-08-15T22:13:31.980-0500	DEBUG	protocol/handler.go:581	tryAdvanceRound called	{"{current_round 20 3  <nil>}": {"Key":"self","Type":15,"Integer":0,"String":"b","Interface":null}}
2025-08-15T22:13:31.981-0500	DEBUG	protocol/handler.go:1591	have processed broadcast	{"{round 20 3  <nil>}": {"Key":"from","Type":15,"Integer":0,"String":"a","Interface":null}}
2025-08-15T22:13:31.981-0500	DEBUG	protocol/handler.go:1591	have processed broadcast	{"{round 20 3  <nil>}": {"Key":"from","Type":15,"Integer":0,"String":"c","Interface":null}}
2025-08-15T22:13:31.981-0500	DEBUG	protocol/handler.go:1649	have all messages and processed	{"{round 20 3  <nil>}": {"Key":"self","Type":15,"Integer":0,"String":"b","Interface":null}}
2025-08-15T22:13:31.981-0500	DEBUG	protocol/handler.go:596	round already finalized
2025-08-15T22:13:31.981-0500	DEBUG	protocol/handler.go:581	tryAdvanceRound called	{"{current_round 20 3  <nil>}": {"Key":"self","Type":15,"Integer":0,"String":"b","Interface":null}}
2025-08-15T22:13:31.982-0500	DEBUG	protocol/handler.go:1591	have processed broadcast	{"{round 20 3  <nil>}": {"Key":"from","Type":15,"Integer":0,"String":"a","Interface":null}}
2025-08-15T22:13:31.985-0500	DEBUG	protocol/handler.go:1591	have processed broadcast	{"{round 20 3  <nil>}": {"Key":"from","Type":15,"Integer":0,"String":"c","Interface":null}}
2025-08-15T22:13:31.986-0500	DEBUG	protocol/handler.go:1649	have all messages and processed	{"{round 20 3  <nil>}": {"Key":"self","Type":15,"Integer":0,"String":"b","Interface":null}}
2025-08-15T22:13:31.986-0500	DEBUG	protocol/handler.go:596	round already finalized
2025-08-15T22:13:31.989-0500	DEBUG	protocol/handler.go:581	tryAdvanceRound called	{"{current_round 20 3  <nil>}": {"Key":"self","Type":15,"Integer":0,"String":"c","Interface":null}}
2025-08-15T22:13:31.989-0500	DEBUG	protocol/handler.go:1591	have processed broadcast	{"{round 20 3  <nil>}": {"Key":"from","Type":15,"Integer":0,"String":"a","Interface":null}}
2025-08-15T22:13:31.990-0500	DEBUG	protocol/handler.go:1591	have processed broadcast	{"{round 20 3  <nil>}": {"Key":"from","Type":15,"Integer":0,"String":"b","Interface":null}}
2025-08-15T22:13:31.990-0500	DEBUG	protocol/handler.go:1649	have all messages and processed	{"{round 20 3  <nil>}": {"Key":"self","Type":15,"Integer":0,"String":"c","Interface":null}}
2025-08-15T22:13:31.990-0500	DEBUG	protocol/handler.go:596	round already finalized
2025-08-15T22:13:31.990-0500	DEBUG	protocol/handler.go:581	tryAdvanceRound called	{"{current_round 20 3  <nil>}": {"Key":"self","Type":15,"Integer":0,"String":"c","Interface":null}}
2025-08-15T22:13:31.990-0500	DEBUG	protocol/handler.go:1591	have processed broadcast	{"{round 20 3  <nil>}": {"Key":"from","Type":15,"Integer":0,"String":"a","Interface":null}}
2025-08-15T22:13:31.990-0500	DEBUG	protocol/handler.go:1591	have processed broadcast	{"{round 20 3  <nil>}": {"Key":"from","Type":15,"Integer":0,"String":"b","Interface":null}}
2025-08-15T22:13:31.990-0500	DEBUG	protocol/handler.go:1649	have all messages and processed	{"{round 20 3  <nil>}": {"Key":"self","Type":15,"Integer":0,"String":"c","Interface":null}}
2025-08-15T22:13:31.990-0500	DEBUG	protocol/handler.go:596	round already finalized
2025-08-15T22:13:31.990-0500	DEBUG	protocol/handler.go:581	tryAdvanceRound called	{"{current_round 20 3  <nil>}": {"Key":"self","Type":15,"Integer":0,"String":"a","Interface":null}}
2025-08-15T22:13:31.990-0500	DEBUG	protocol/handler.go:1591	have processed broadcast	{"{round 20 3  <nil>}": {"Key":"from","Type":15,"Integer":0,"String":"b","Interface":null}}
2025-08-15T22:13:31.990-0500	DEBUG	protocol/handler.go:1591	have processed broadcast	{"{round 20 3  <nil>}": {"Key":"from","Type":15,"Integer":0,"String":"c","Interface":null}}
2025-08-15T22:13:31.990-0500	DEBUG	protocol/handler.go:1649	have all messages and processed	{"{round 20 3  <nil>}": {"Key":"self","Type":15,"Integer":0,"String":"a","Interface":null}}
2025-08-15T22:13:31.990-0500	DEBUG	protocol/handler.go:596	round already finalized
2025-08-15T22:13:31.990-0500	DEBUG	protocol/handler.go:581	tryAdvanceRound called	{"{current_round 20 3  <nil>}": {"Key":"self","Type":15,"Integer":0,"String":"a","Interface":null}}
2025-08-15T22:13:31.990-0500	DEBUG	protocol/handler.go:1591	have processed broadcast	{"{round 20 3  <nil>}": {"Key":"from","Type":15,"Integer":0,"String":"b","Interface":null}}
2025-08-15T22:13:31.990-0500	DEBUG	protocol/handler.go:1591	have processed broadcast	{"{round 20 3  <nil>}": {"Key":"from","Type":15,"Integer":0,"String":"c","Interface":null}}
2025-08-15T22:13:31.990-0500	DEBUG	protocol/handler.go:1649	have all messages and processed	{"{round 20 3  <nil>}": {"Key":"self","Type":15,"Integer":0,"String":"a","Interface":null}}
2025-08-15T22:13:31.990-0500	DEBUG	protocol/handler.go:596	round already finalized
2025-08-15T22:13:31.990-0500	DEBUG	protocol/handler.go:581	tryAdvanceRound called	{"{current_round 20 3  <nil>}": {"Key":"self","Type":15,"Integer":0,"String":"b","Interface":null}}
2025-08-15T22:13:31.990-0500	DEBUG	protocol/handler.go:1591	have processed broadcast	{"{round 20 3  <nil>}": {"Key":"from","Type":15,"Integer":0,"String":"a","Interface":null}}
2025-08-15T22:13:31.990-0500	DEBUG	protocol/handler.go:1591	have processed broadcast	{"{round 20 3  <nil>}": {"Key":"from","Type":15,"Integer":0,"String":"c","Interface":null}}
2025-08-15T22:13:31.990-0500	DEBUG	protocol/handler.go:1649	have all messages and processed	{"{round 20 3  <nil>}": {"Key":"self","Type":15,"Integer":0,"String":"b","Interface":null}}
2025-08-15T22:13:31.990-0500	DEBUG	protocol/handler.go:596	round already finalized
2025-08-15T22:13:32.035-0500	DEBUG	protocol/handler.go:581	tryAdvanceRound called	{"{current_round 20 3  <nil>}": {"Key":"self","Type":15,"Integer":0,"String":"c","Interface":null}}
2025-08-15T22:13:32.036-0500	DEBUG	protocol/handler.go:1591	have processed broadcast	{"{round 20 3  <nil>}": {"Key":"from","Type":15,"Integer":0,"String":"a","Interface":null}}
2025-08-15T22:13:32.036-0500	DEBUG	protocol/handler.go:1591	have processed broadcast	{"{round 20 3  <nil>}": {"Key":"from","Type":15,"Integer":0,"String":"b","Interface":null}}
2025-08-15T22:13:32.036-0500	DEBUG	protocol/handler.go:1649	have all messages and processed	{"{round 20 3  <nil>}": {"Key":"self","Type":15,"Integer":0,"String":"c","Interface":null}}
2025-08-15T22:13:32.036-0500	DEBUG	protocol/handler.go:596	round already finalized
2025-08-15T22:13:32.036-0500	DEBUG	protocol/handler.go:581	tryAdvanceRound called	{"{current_round 20 3  <nil>}": {"Key":"self","Type":15,"Integer":0,"String":"c","Interface":null}}
2025-08-15T22:13:32.036-0500	DEBUG	protocol/handler.go:1591	have processed broadcast	{"{round 20 3  <nil>}": {"Key":"from","Type":15,"Integer":0,"String":"a","Interface":null}}
2025-08-15T22:13:32.036-0500	DEBUG	protocol/handler.go:1591	have processed broadcast	{"{round 20 3  <nil>}": {"Key":"from","Type":15,"Integer":0,"String":"b","Interface":null}}
2025-08-15T22:13:32.036-0500	DEBUG	protocol/handler.go:1649	have all messages and processed	{"{round 20 3  <nil>}": {"Key":"self","Type":15,"Integer":0,"String":"c","Interface":null}}
2025-08-15T22:13:32.036-0500	DEBUG	protocol/handler.go:596	round already finalized
2025-08-15T22:13:32.036-0500	DEBUG	protocol/handler.go:581	tryAdvanceRound called	{"{current_round 20 3  <nil>}": {"Key":"self","Type":15,"Integer":0,"String":"a","Interface":null}}
2025-08-15T22:13:32.036-0500	DEBUG	protocol/handler.go:1591	have processed broadcast	{"{round 20 3  <nil>}": {"Key":"from","Type":15,"Integer":0,"String":"b","Interface":null}}
2025-08-15T22:13:32.036-0500	DEBUG	protocol/handler.go:1591	have processed broadcast	{"{round 20 3  <nil>}": {"Key":"from","Type":15,"Integer":0,"String":"c","Interface":null}}
2025-08-15T22:13:32.036-0500	DEBUG	protocol/handler.go:1649	have all messages and processed	{"{round 20 3  <nil>}": {"Key":"self","Type":15,"Integer":0,"String":"a","Interface":null}}
2025-08-15T22:13:32.036-0500	DEBUG	protocol/handler.go:596	round already finalized
2025-08-15T22:13:32.036-0500	DEBUG	protocol/handler.go:581	tryAdvanceRound called	{"{current_round 20 3  <nil>}": {"Key":"self","Type":15,"Integer":0,"String":"a","Interface":null}}
2025-08-15T22:13:32.036-0500	DEBUG	protocol/handler.go:1591	have processed broadcast	{"{round 20 3  <nil>}": {"Key":"from","Type":15,"Integer":0,"String":"b","Interface":null}}
2025-08-15T22:13:32.036-0500	DEBUG	protocol/handler.go:1591	have processed broadcast	{"{round 20 3  <nil>}": {"Key":"from","Type":15,"Integer":0,"String":"c","Interface":null}}
2025-08-15T22:13:32.036-0500	DEBUG	protocol/handler.go:1649	have all messages and processed	{"{round 20 3  <nil>}": {"Key":"self","Type":15,"Integer":0,"String":"a","Interface":null}}
2025-08-15T22:13:32.036-0500	DEBUG	protocol/handler.go:596	round already finalized
2025-08-15T22:13:32.037-0500	DEBUG	protocol/handler.go:581	tryAdvanceRound called	{"{current_round 20 3  <nil>}": {"Key":"self","Type":15,"Integer":0,"String":"b","Interface":null}}
2025-08-15T22:13:32.037-0500	DEBUG	protocol/handler.go:1591	have processed broadcast	{"{round 20 3  <nil>}": {"Key":"from","Type":15,"Integer":0,"String":"a","Interface":null}}
2025-08-15T22:13:32.037-0500	DEBUG	protocol/handler.go:1591	have processed broadcast	{"{round 20 3  <nil>}": {"Key":"from","Type":15,"Integer":0,"String":"c","Interface":null}}
2025-08-15T22:13:32.037-0500	DEBUG	protocol/handler.go:1649	have all messages and processed	{"{round 20 3  <nil>}": {"Key":"self","Type":15,"Integer":0,"String":"b","Interface":null}}
2025-08-15T22:13:32.037-0500	DEBUG	protocol/handler.go:596	round already finalized
2025-08-15T22:13:32.037-0500	DEBUG	protocol/handler.go:581	tryAdvanceRound called	{"{current_round 20 3  <nil>}": {"Key":"self","Type":15,"Integer":0,"String":"b","Interface":null}}
2025-08-15T22:13:32.037-0500	DEBUG	protocol/handler.go:1591	have processed broadcast	{"{round 20 3  <nil>}": {"Key":"from","Type":15,"Integer":0,"String":"a","Interface":null}}
2025-08-15T22:13:32.037-0500	DEBUG	protocol/handler.go:1591	have processed broadcast	{"{round 20 3  <nil>}": {"Key":"from","Type":15,"Integer":0,"String":"c","Interface":null}}
2025-08-15T22:13:32.037-0500	DEBUG	protocol/handler.go:1649	have all messages and processed	{"{round 20 3  <nil>}": {"Key":"self","Type":15,"Integer":0,"String":"b","Interface":null}}
2025-08-15T22:13:32.037-0500	DEBUG	protocol/handler.go:596	round already finalized
2025-08-15T22:13:32.037-0500	DEBUG	protocol/handler.go:581	tryAdvanceRound called	{"{current_round 20 3  <nil>}": {"Key":"self","Type":15,"Integer":0,"String":"a","Interface":null}}
2025-08-15T22:13:32.037-0500	DEBUG	protocol/handler.go:1591	have processed broadcast	{"{round 20 3  <nil>}": {"Key":"from","Type":15,"Integer":0,"String":"b","Interface":null}}
2025-08-15T22:13:32.037-0500	DEBUG	protocol/handler.go:1591	have processed broadcast	{"{round 20 3  <nil>}": {"Key":"from","Type":15,"Integer":0,"String":"c","Interface":null}}
2025-08-15T22:13:32.037-0500	DEBUG	protocol/handler.go:1649	have all messages and processed	{"{round 20 3  <nil>}": {"Key":"self","Type":15,"Integer":0,"String":"a","Interface":null}}
2025-08-15T22:13:32.037-0500	DEBUG	protocol/handler.go:596	round already finalized
2025-08-15T22:13:32.084-0500	DEBUG	protocol/handler.go:581	tryAdvanceRound called	{"{current_round 20 3  <nil>}": {"Key":"self","Type":15,"Integer":0,"String":"b","Interface":null}}
2025-08-15T22:13:32.084-0500	DEBUG	protocol/handler.go:1591	have processed broadcast	{"{round 20 3  <nil>}": {"Key":"from","Type":15,"Integer":0,"String":"a","Interface":null}}
2025-08-15T22:13:32.084-0500	DEBUG	protocol/handler.go:1591	have processed broadcast	{"{round 20 3  <nil>}": {"Key":"from","Type":15,"Integer":0,"String":"c","Interface":null}}
2025-08-15T22:13:32.084-0500	DEBUG	protocol/handler.go:1649	have all messages and processed	{"{round 20 3  <nil>}": {"Key":"self","Type":15,"Integer":0,"String":"b","Interface":null}}
2025-08-15T22:13:32.084-0500	DEBUG	protocol/handler.go:596	round already finalized
2025-08-15T22:13:32.084-0500	DEBUG	protocol/handler.go:581	tryAdvanceRound called	{"{current_round 20 3  <nil>}": {"Key":"self","Type":15,"Integer":0,"String":"b","Interface":null}}
2025-08-15T22:13:32.084-0500	DEBUG	protocol/handler.go:1591	have processed broadcast	{"{round 20 3  <nil>}": {"Key":"from","Type":15,"Integer":0,"String":"a","Interface":null}}
2025-08-15T22:13:32.084-0500	DEBUG	protocol/handler.go:1591	have processed broadcast	{"{round 20 3  <nil>}": {"Key":"from","Type":15,"Integer":0,"String":"c","Interface":null}}
2025-08-15T22:13:32.084-0500	DEBUG	protocol/handler.go:1649	have all messages and processed	{"{round 20 3  <nil>}": {"Key":"self","Type":15,"Integer":0,"String":"b","Interface":null}}
2025-08-15T22:13:32.084-0500	DEBUG	protocol/handler.go:596	round already finalized
2025-08-15T22:13:32.084-0500	DEBUG	protocol/handler.go:581	tryAdvanceRound called	{"{current_round 20 3  <nil>}": {"Key":"self","Type":15,"Integer":0,"String":"c","Interface":null}}
2025-08-15T22:13:32.084-0500	DEBUG	protocol/handler.go:1591	have processed broadcast	{"{round 20 3  <nil>}": {"Key":"from","Type":15,"Integer":0,"String":"a","Interface":null}}
2025-08-15T22:13:32.084-0500	DEBUG	protocol/handler.go:1591	have processed broadcast	{"{round 20 3  <nil>}": {"Key":"from","Type":15,"Integer":0,"String":"b","Interface":null}}
2025-08-15T22:13:32.084-0500	DEBUG	protocol/handler.go:1649	have all messages and processed	{"{round 20 3  <nil>}": {"Key":"self","Type":15,"Integer":0,"String":"c","Interface":null}}
2025-08-15T22:13:32.084-0500	DEBUG	protocol/handler.go:596	round already finalized
2025-08-15T22:13:32.084-0500	DEBUG	protocol/handler.go:581	tryAdvanceRound called	{"{current_round 20 3  <nil>}": {"Key":"self","Type":15,"Integer":0,"String":"c","Interface":null}}
2025-08-15T22:13:32.085-0500	DEBUG	protocol/handler.go:1591	have processed broadcast	{"{round 20 3  <nil>}": {"Key":"from","Type":15,"Integer":0,"String":"a","Interface":null}}
2025-08-15T22:13:32.085-0500	DEBUG	protocol/handler.go:1591	have processed broadcast	{"{round 20 3  <nil>}": {"Key":"from","Type":15,"Integer":0,"String":"b","Interface":null}}
2025-08-15T22:13:32.085-0500	DEBUG	protocol/handler.go:1649	have all messages and processed	{"{round 20 3  <nil>}": {"Key":"self","Type":15,"Integer":0,"String":"c","Interface":null}}
2025-08-15T22:13:32.085-0500	DEBUG	protocol/handler.go:596	round already finalized
2025-08-15T22:13:32.085-0500	DEBUG	protocol/handler.go:581	tryAdvanceRound called	{"{current_round 20 3  <nil>}": {"Key":"self","Type":15,"Integer":0,"String":"a","Interface":null}}
2025-08-15T22:13:32.085-0500	DEBUG	protocol/handler.go:1591	have processed broadcast	{"{round 20 3  <nil>}": {"Key":"from","Type":15,"Integer":0,"String":"b","Interface":null}}
2025-08-15T22:13:32.085-0500	DEBUG	protocol/handler.go:1591	have processed broadcast	{"{round 20 3  <nil>}": {"Key":"from","Type":15,"Integer":0,"String":"c","Interface":null}}
2025-08-15T22:13:32.085-0500	DEBUG	protocol/handler.go:1649	have all messages and processed	{"{round 20 3  <nil>}": {"Key":"self","Type":15,"Integer":0,"String":"a","Interface":null}}
2025-08-15T22:13:32.085-0500	DEBUG	protocol/handler.go:596	round already finalized
2025-08-15T22:13:32.085-0500	DEBUG	protocol/handler.go:581	tryAdvanceRound called	{"{current_round 20 3  <nil>}": {"Key":"self","Type":15,"Integer":0,"String":"a","Interface":null}}
2025-08-15T22:13:32.085-0500	DEBUG	protocol/handler.go:1591	have processed broadcast	{"{round 20 3  <nil>}": {"Key":"from","Type":15,"Integer":0,"String":"b","Interface":null}}
2025-08-15T22:13:32.086-0500	DEBUG	protocol/handler.go:1591	have processed broadcast	{"{round 20 3  <nil>}": {"Key":"from","Type":15,"Integer":0,"String":"c","Interface":null}}
2025-08-15T22:13:32.086-0500	DEBUG	protocol/handler.go:1649	have all messages and processed	{"{round 20 3  <nil>}": {"Key":"self","Type":15,"Integer":0,"String":"a","Interface":null}}
2025-08-15T22:13:32.086-0500	DEBUG	protocol/handler.go:596	round already finalized
2025-08-15T22:13:32.086-0500	DEBUG	protocol/handler.go:581	tryAdvanceRound called	{"{current_round 20 3  <nil>}": {"Key":"self","Type":15,"Integer":0,"String":"a","Interface":null}}
2025-08-15T22:13:32.086-0500	DEBUG	protocol/handler.go:1591	have processed broadcast	{"{round 20 3  <nil>}": {"Key":"from","Type":15,"Integer":0,"String":"b","Interface":null}}
2025-08-15T22:13:32.086-0500	DEBUG	protocol/handler.go:1591	have processed broadcast	{"{round 20 3  <nil>}": {"Key":"from","Type":15,"Integer":0,"String":"c","Interface":null}}
2025-08-15T22:13:32.086-0500	DEBUG	protocol/handler.go:1649	have all messages and processed	{"{round 20 3  <nil>}": {"Key":"self","Type":15,"Integer":0,"String":"a","Interface":null}}
2025-08-15T22:13:32.086-0500	DEBUG	protocol/handler.go:596	round already finalized
2025-08-15T22:13:32.107-0500	DEBUG	protocol/handler.go:581	tryAdvanceRound called	{"{current_round 20 3  <nil>}": {"Key":"self","Type":15,"Integer":0,"String":"c","Interface":null}}
2025-08-15T22:13:32.107-0500	DEBUG	protocol/handler.go:1591	have processed broadcast	{"{round 20 3  <nil>}": {"Key":"from","Type":15,"Integer":0,"String":"a","Interface":null}}
2025-08-15T22:13:32.107-0500	DEBUG	protocol/handler.go:1591	have processed broadcast	{"{round 20 3  <nil>}": {"Key":"from","Type":15,"Integer":0,"String":"b","Interface":null}}
2025-08-15T22:13:32.107-0500	DEBUG	protocol/handler.go:1649	have all messages and processed	{"{round 20 3  <nil>}": {"Key":"self","Type":15,"Integer":0,"String":"c","Interface":null}}
2025-08-15T22:13:32.107-0500	DEBUG	protocol/handler.go:596	round already finalized
2025-08-15T22:13:32.127-0500	DEBUG	protocol/handler.go:581	tryAdvanceRound called	{"{current_round 20 3  <nil>}": {"Key":"self","Type":15,"Integer":0,"String":"c","Interface":null}}
2025-08-15T22:13:32.128-0500	DEBUG	protocol/handler.go:1591	have processed broadcast	{"{round 20 3  <nil>}": {"Key":"from","Type":15,"Integer":0,"String":"a","Interface":null}}
2025-08-15T22:13:32.128-0500	DEBUG	protocol/handler.go:1591	have processed broadcast	{"{round 20 3  <nil>}": {"Key":"from","Type":15,"Integer":0,"String":"b","Interface":null}}
2025-08-15T22:13:32.128-0500	DEBUG	protocol/handler.go:1649	have all messages and processed	{"{round 20 3  <nil>}": {"Key":"self","Type":15,"Integer":0,"String":"c","Interface":null}}
2025-08-15T22:13:32.128-0500	DEBUG	protocol/handler.go:596	round already finalized
2025-08-15T22:13:32.128-0500	DEBUG	protocol/handler.go:581	tryAdvanceRound called	{"{current_round 20 3  <nil>}": {"Key":"self","Type":15,"Integer":0,"String":"b","Interface":null}}
2025-08-15T22:13:32.128-0500	DEBUG	protocol/handler.go:1591	have processed broadcast	{"{round 20 3  <nil>}": {"Key":"from","Type":15,"Integer":0,"String":"a","Interface":null}}
2025-08-15T22:13:32.129-0500	DEBUG	protocol/handler.go:1591	have processed broadcast	{"{round 20 3  <nil>}": {"Key":"from","Type":15,"Integer":0,"String":"c","Interface":null}}
2025-08-15T22:13:32.129-0500	DEBUG	protocol/handler.go:1649	have all messages and processed	{"{round 20 3  <nil>}": {"Key":"self","Type":15,"Integer":0,"String":"b","Interface":null}}
2025-08-15T22:13:32.129-0500	DEBUG	protocol/handler.go:596	round already finalized
2025-08-15T22:13:32.129-0500	DEBUG	protocol/handler.go:581	tryAdvanceRound called	{"{current_round 20 3  <nil>}": {"Key":"self","Type":15,"Integer":0,"String":"b","Interface":null}}
2025-08-15T22:13:32.129-0500	DEBUG	protocol/handler.go:1591	have processed broadcast	{"{round 20 3  <nil>}": {"Key":"from","Type":15,"Integer":0,"String":"a","Interface":null}}
2025-08-15T22:13:32.129-0500	DEBUG	protocol/handler.go:1591	have processed broadcast	{"{round 20 3  <nil>}": {"Key":"from","Type":15,"Integer":0,"String":"c","Interface":null}}
2025-08-15T22:13:32.130-0500	DEBUG	protocol/handler.go:1649	have all messages and processed	{"{round 20 3  <nil>}": {"Key":"self","Type":15,"Integer":0,"String":"b","Interface":null}}
2025-08-15T22:13:32.130-0500	DEBUG	protocol/handler.go:596	round already finalized
2025-08-15T22:13:32.130-0500	DEBUG	protocol/handler.go:581	tryAdvanceRound called	{"{current_round 20 3  <nil>}": {"Key":"self","Type":15,"Integer":0,"String":"a","Interface":null}}
2025-08-15T22:13:32.130-0500	DEBUG	protocol/handler.go:1591	have processed broadcast	{"{round 20 3  <nil>}": {"Key":"from","Type":15,"Integer":0,"String":"b","Interface":null}}
2025-08-15T22:13:32.130-0500	DEBUG	protocol/handler.go:1591	have processed broadcast	{"{round 20 3  <nil>}": {"Key":"from","Type":15,"Integer":0,"String":"c","Interface":null}}
2025-08-15T22:13:32.130-0500	DEBUG	protocol/handler.go:1649	have all messages and processed	{"{round 20 3  <nil>}": {"Key":"self","Type":15,"Integer":0,"String":"a","Interface":null}}
2025-08-15T22:13:32.130-0500	DEBUG	protocol/handler.go:596	round already finalized
2025-08-15T22:13:32.130-0500	DEBUG	protocol/handler.go:581	tryAdvanceRound called	{"{current_round 20 3  <nil>}": {"Key":"self","Type":15,"Integer":0,"String":"a","Interface":null}}
2025-08-15T22:13:32.130-0500	DEBUG	protocol/handler.go:1591	have processed broadcast	{"{round 20 3  <nil>}": {"Key":"from","Type":15,"Integer":0,"String":"b","Interface":null}}
2025-08-15T22:13:32.130-0500	DEBUG	protocol/handler.go:1591	have processed broadcast	{"{round 20 3  <nil>}": {"Key":"from","Type":15,"Integer":0,"String":"c","Interface":null}}
2025-08-15T22:13:32.130-0500	DEBUG	protocol/handler.go:1649	have all messages and processed	{"{round 20 3  <nil>}": {"Key":"self","Type":15,"Integer":0,"String":"a","Interface":null}}
2025-08-15T22:13:32.131-0500	DEBUG	protocol/handler.go:596	round already finalized
2025-08-15T22:13:32.131-0500	DEBUG	protocol/handler.go:581	tryAdvanceRound called	{"{current_round 20 3  <nil>}": {"Key":"self","Type":15,"Integer":0,"String":"b","Interface":null}}
2025-08-15T22:13:32.131-0500	DEBUG	protocol/handler.go:1591	have processed broadcast	{"{round 20 3  <nil>}": {"Key":"from","Type":15,"Integer":0,"String":"a","Interface":null}}
2025-08-15T22:13:32.131-0500	DEBUG	protocol/handler.go:1591	have processed broadcast	{"{round 20 3  <nil>}": {"Key":"from","Type":15,"Integer":0,"String":"c","Interface":null}}
2025-08-15T22:13:32.131-0500	DEBUG	protocol/handler.go:1649	have all messages and processed	{"{round 20 3  <nil>}": {"Key":"self","Type":15,"Integer":0,"String":"b","Interface":null}}
2025-08-15T22:13:32.131-0500	DEBUG	protocol/handler.go:596	round already finalized
2025-08-15T22:13:32.131-0500	DEBUG	protocol/handler.go:581	tryAdvanceRound called	{"{current_round 20 3  <nil>}": {"Key":"self","Type":15,"Integer":0,"String":"c","Interface":null}}
2025-08-15T22:13:32.131-0500	DEBUG	protocol/handler.go:1591	have processed broadcast	{"{round 20 3  <nil>}": {"Key":"from","Type":15,"Integer":0,"String":"a","Interface":null}}
2025-08-15T22:13:32.131-0500	DEBUG	protocol/handler.go:1591	have processed broadcast	{"{round 20 3  <nil>}": {"Key":"from","Type":15,"Integer":0,"String":"b","Interface":null}}
2025-08-15T22:13:32.131-0500	DEBUG	protocol/handler.go:1649	have all messages and processed	{"{round 20 3  <nil>}": {"Key":"self","Type":15,"Integer":0,"String":"c","Interface":null}}
2025-08-15T22:13:32.131-0500	DEBUG	protocol/handler.go:596	round already finalized
2025-08-15T22:13:32.151-0500	DEBUG	protocol/handler.go:581	tryAdvanceRound called	{"{current_round 20 3  <nil>}": {"Key":"self","Type":15,"Integer":0,"String":"b","Interface":null}}
2025-08-15T22:13:32.151-0500	DEBUG	protocol/handler.go:1591	have processed broadcast	{"{round 20 3  <nil>}": {"Key":"from","Type":15,"Integer":0,"String":"a","Interface":null}}
2025-08-15T22:13:32.151-0500	DEBUG	protocol/handler.go:1591	have processed broadcast	{"{round 20 3  <nil>}": {"Key":"from","Type":15,"Integer":0,"String":"c","Interface":null}}
2025-08-15T22:13:32.151-0500	DEBUG	protocol/handler.go:1649	have all messages and processed	{"{round 20 3  <nil>}": {"Key":"self","Type":15,"Integer":0,"String":"b","Interface":null}}
2025-08-15T22:13:32.151-0500	DEBUG	protocol/handler.go:596	round already finalized
2025-08-15T22:13:32.188-0500	DEBUG	protocol/handler.go:581	tryAdvanceRound called	{"{current_round 20 3  <nil>}": {"Key":"self","Type":15,"Integer":0,"String":"b","Interface":null}}
2025-08-15T22:13:32.188-0500	DEBUG	protocol/handler.go:1591	have processed broadcast	{"{round 20 3  <nil>}": {"Key":"from","Type":15,"Integer":0,"String":"a","Interface":null}}
2025-08-15T22:13:32.190-0500	DEBUG	protocol/handler.go:1591	have processed broadcast	{"{round 20 3  <nil>}": {"Key":"from","Type":15,"Integer":0,"String":"c","Interface":null}}
2025-08-15T22:13:32.190-0500	DEBUG	protocol/handler.go:1649	have all messages and processed	{"{round 20 3  <nil>}": {"Key":"self","Type":15,"Integer":0,"String":"b","Interface":null}}
2025-08-15T22:13:32.190-0500	DEBUG	protocol/handler.go:596	round already finalized
2025-08-15T22:13:32.190-0500	DEBUG	protocol/handler.go:581	tryAdvanceRound called	{"{current_round 20 3  <nil>}": {"Key":"self","Type":15,"Integer":0,"String":"a","Interface":null}}
2025-08-15T22:13:32.190-0500	DEBUG	protocol/handler.go:1591	have processed broadcast	{"{round 20 3  <nil>}": {"Key":"from","Type":15,"Integer":0,"String":"b","Interface":null}}
2025-08-15T22:13:32.190-0500	DEBUG	protocol/handler.go:1591	have processed broadcast	{"{round 20 3  <nil>}": {"Key":"from","Type":15,"Integer":0,"String":"c","Interface":null}}
2025-08-15T22:13:32.190-0500	DEBUG	protocol/handler.go:1649	have all messages and processed	{"{round 20 3  <nil>}": {"Key":"self","Type":15,"Integer":0,"String":"a","Interface":null}}
2025-08-15T22:13:32.190-0500	DEBUG	protocol/handler.go:596	round already finalized
2025-08-15T22:13:32.190-0500	DEBUG	protocol/handler.go:581	tryAdvanceRound called	{"{current_round 20 3  <nil>}": {"Key":"self","Type":15,"Integer":0,"String":"a","Interface":null}}
2025-08-15T22:13:32.190-0500	DEBUG	protocol/handler.go:1591	have processed broadcast	{"{round 20 3  <nil>}": {"Key":"from","Type":15,"Integer":0,"String":"b","Interface":null}}
2025-08-15T22:13:32.191-0500	DEBUG	protocol/handler.go:1591	have processed broadcast	{"{round 20 3  <nil>}": {"Key":"from","Type":15,"Integer":0,"String":"c","Interface":null}}
2025-08-15T22:13:32.191-0500	DEBUG	protocol/handler.go:1649	have all messages and processed	{"{round 20 3  <nil>}": {"Key":"self","Type":15,"Integer":0,"String":"a","Interface":null}}
2025-08-15T22:13:32.191-0500	DEBUG	protocol/handler.go:596	round already finalized
2025-08-15T22:13:32.191-0500	DEBUG	protocol/handler.go:581	tryAdvanceRound called	{"{current_round 20 3  <nil>}": {"Key":"self","Type":15,"Integer":0,"String":"b","Interface":null}}
2025-08-15T22:13:32.191-0500	DEBUG	protocol/handler.go:1591	have processed broadcast	{"{round 20 3  <nil>}": {"Key":"from","Type":15,"Integer":0,"String":"a","Interface":null}}
2025-08-15T22:13:32.191-0500	DEBUG	protocol/handler.go:1591	have processed broadcast	{"{round 20 3  <nil>}": {"Key":"from","Type":15,"Integer":0,"String":"c","Interface":null}}
2025-08-15T22:13:32.191-0500	DEBUG	protocol/handler.go:1649	have all messages and processed	{"{round 20 3  <nil>}": {"Key":"self","Type":15,"Integer":0,"String":"b","Interface":null}}
2025-08-15T22:13:32.191-0500	DEBUG	protocol/handler.go:596	round already finalized
2025-08-15T22:13:32.191-0500	DEBUG	protocol/handler.go:581	tryAdvanceRound called	{"{current_round 20 3  <nil>}": {"Key":"self","Type":15,"Integer":0,"String":"c","Interface":null}}
2025-08-15T22:13:32.191-0500	DEBUG	protocol/handler.go:1591	have processed broadcast	{"{round 20 3  <nil>}": {"Key":"from","Type":15,"Integer":0,"String":"a","Interface":null}}
2025-08-15T22:13:32.191-0500	DEBUG	protocol/handler.go:1591	have processed broadcast	{"{round 20 3  <nil>}": {"Key":"from","Type":15,"Integer":0,"String":"b","Interface":null}}
2025-08-15T22:13:32.191-0500	DEBUG	protocol/handler.go:1649	have all messages and processed	{"{round 20 3  <nil>}": {"Key":"self","Type":15,"Integer":0,"String":"c","Interface":null}}
2025-08-15T22:13:32.191-0500	DEBUG	protocol/handler.go:596	round already finalized
2025-08-15T22:13:32.191-0500	DEBUG	protocol/handler.go:581	tryAdvanceRound called	{"{current_round 20 3  <nil>}": {"Key":"self","Type":15,"Integer":0,"String":"c","Interface":null}}
2025-08-15T22:13:32.191-0500	DEBUG	protocol/handler.go:1591	have processed broadcast	{"{round 20 3  <nil>}": {"Key":"from","Type":15,"Integer":0,"String":"a","Interface":null}}
2025-08-15T22:13:32.191-0500	DEBUG	protocol/handler.go:1591	have processed broadcast	{"{round 20 3  <nil>}": {"Key":"from","Type":15,"Integer":0,"String":"b","Interface":null}}
2025-08-15T22:13:32.191-0500	DEBUG	protocol/handler.go:1649	have all messages and processed	{"{round 20 3  <nil>}": {"Key":"self","Type":15,"Integer":0,"String":"c","Interface":null}}
2025-08-15T22:13:32.191-0500	DEBUG	protocol/handler.go:596	round already finalized
2025-08-15T22:13:32.232-0500	DEBUG	protocol/handler.go:581	tryAdvanceRound called	{"{current_round 20 3  <nil>}": {"Key":"self","Type":15,"Integer":0,"String":"b","Interface":null}}
2025-08-15T22:13:32.232-0500	DEBUG	protocol/handler.go:1591	have processed broadcast	{"{round 20 3  <nil>}": {"Key":"from","Type":15,"Integer":0,"String":"a","Interface":null}}
2025-08-15T22:13:32.232-0500	DEBUG	protocol/handler.go:1591	have processed broadcast	{"{round 20 3  <nil>}": {"Key":"from","Type":15,"Integer":0,"String":"c","Interface":null}}
2025-08-15T22:13:32.232-0500	DEBUG	protocol/handler.go:1649	have all messages and processed	{"{round 20 3  <nil>}": {"Key":"self","Type":15,"Integer":0,"String":"b","Interface":null}}
2025-08-15T22:13:32.232-0500	DEBUG	protocol/handler.go:596	round already finalized
2025-08-15T22:13:32.232-0500	DEBUG	protocol/handler.go:581	tryAdvanceRound called	{"{current_round 20 3  <nil>}": {"Key":"self","Type":15,"Integer":0,"String":"b","Interface":null}}
2025-08-15T22:13:32.232-0500	DEBUG	protocol/handler.go:1591	have processed broadcast	{"{round 20 3  <nil>}": {"Key":"from","Type":15,"Integer":0,"String":"a","Interface":null}}
2025-08-15T22:13:32.232-0500	DEBUG	protocol/handler.go:1591	have processed broadcast	{"{round 20 3  <nil>}": {"Key":"from","Type":15,"Integer":0,"String":"c","Interface":null}}
2025-08-15T22:13:32.232-0500	DEBUG	protocol/handler.go:1649	have all messages and processed	{"{round 20 3  <nil>}": {"Key":"self","Type":15,"Integer":0,"String":"b","Interface":null}}
2025-08-15T22:13:32.232-0500	DEBUG	protocol/handler.go:596	round already finalized
2025-08-15T22:13:32.232-0500	DEBUG	protocol/handler.go:581	tryAdvanceRound called	{"{current_round 20 3  <nil>}": {"Key":"self","Type":15,"Integer":0,"String":"c","Interface":null}}
2025-08-15T22:13:32.232-0500	DEBUG	protocol/handler.go:1591	have processed broadcast	{"{round 20 3  <nil>}": {"Key":"from","Type":15,"Integer":0,"String":"a","Interface":null}}
2025-08-15T22:13:32.233-0500	DEBUG	protocol/handler.go:1591	have processed broadcast	{"{round 20 3  <nil>}": {"Key":"from","Type":15,"Integer":0,"String":"b","Interface":null}}
2025-08-15T22:13:32.233-0500	DEBUG	protocol/handler.go:1649	have all messages and processed	{"{round 20 3  <nil>}": {"Key":"self","Type":15,"Integer":0,"String":"c","Interface":null}}
2025-08-15T22:13:32.233-0500	DEBUG	protocol/handler.go:596	round already finalized
2025-08-15T22:13:32.233-0500	DEBUG	protocol/handler.go:581	tryAdvanceRound called	{"{current_round 20 3  <nil>}": {"Key":"self","Type":15,"Integer":0,"String":"c","Interface":null}}
2025-08-15T22:13:32.233-0500	DEBUG	protocol/handler.go:1591	have processed broadcast	{"{round 20 3  <nil>}": {"Key":"from","Type":15,"Integer":0,"String":"a","Interface":null}}
2025-08-15T22:13:32.234-0500	DEBUG	protocol/handler.go:1591	have processed broadcast	{"{round 20 3  <nil>}": {"Key":"from","Type":15,"Integer":0,"String":"b","Interface":null}}
2025-08-15T22:13:32.234-0500	DEBUG	protocol/handler.go:1649	have all messages and processed	{"{round 20 3  <nil>}": {"Key":"self","Type":15,"Integer":0,"String":"c","Interface":null}}
2025-08-15T22:13:32.234-0500	DEBUG	protocol/handler.go:596	round already finalized
2025-08-15T22:13:32.234-0500	DEBUG	protocol/handler.go:581	tryAdvanceRound called	{"{current_round 20 3  <nil>}": {"Key":"self","Type":15,"Integer":0,"String":"a","Interface":null}}
2025-08-15T22:13:32.234-0500	DEBUG	protocol/handler.go:1591	have processed broadcast	{"{round 20 3  <nil>}": {"Key":"from","Type":15,"Integer":0,"String":"b","Interface":null}}
2025-08-15T22:13:32.234-0500	DEBUG	protocol/handler.go:1591	have processed broadcast	{"{round 20 3  <nil>}": {"Key":"from","Type":15,"Integer":0,"String":"c","Interface":null}}
2025-08-15T22:13:32.235-0500	DEBUG	protocol/handler.go:1649	have all messages and processed	{"{round 20 3  <nil>}": {"Key":"self","Type":15,"Integer":0,"String":"a","Interface":null}}
2025-08-15T22:13:32.235-0500	DEBUG	protocol/handler.go:596	round already finalized
2025-08-15T22:13:32.235-0500	DEBUG	protocol/handler.go:581	tryAdvanceRound called	{"{current_round 20 3  <nil>}": {"Key":"self","Type":15,"Integer":0,"String":"a","Interface":null}}
2025-08-15T22:13:32.236-0500	DEBUG	protocol/handler.go:1591	have processed broadcast	{"{round 20 3  <nil>}": {"Key":"from","Type":15,"Integer":0,"String":"b","Interface":null}}
2025-08-15T22:13:32.236-0500	DEBUG	protocol/handler.go:1591	have processed broadcast	{"{round 20 3  <nil>}": {"Key":"from","Type":15,"Integer":0,"String":"c","Interface":null}}
2025-08-15T22:13:32.236-0500	DEBUG	protocol/handler.go:1649	have all messages and processed	{"{round 20 3  <nil>}": {"Key":"self","Type":15,"Integer":0,"String":"a","Interface":null}}
2025-08-15T22:13:32.237-0500	DEBUG	protocol/handler.go:596	round already finalized
2025-08-15T22:13:32.237-0500	DEBUG	protocol/handler.go:581	tryAdvanceRound called	{"{current_round 20 3  <nil>}": {"Key":"self","Type":15,"Integer":0,"String":"a","Interface":null}}
2025-08-15T22:13:32.237-0500	DEBUG	protocol/handler.go:1591	have processed broadcast	{"{round 20 3  <nil>}": {"Key":"from","Type":15,"Integer":0,"String":"b","Interface":null}}
2025-08-15T22:13:32.237-0500	DEBUG	protocol/handler.go:1591	have processed broadcast	{"{round 20 3  <nil>}": {"Key":"from","Type":15,"Integer":0,"String":"c","Interface":null}}
2025-08-15T22:13:32.237-0500	DEBUG	protocol/handler.go:1649	have all messages and processed	{"{round 20 3  <nil>}": {"Key":"self","Type":15,"Integer":0,"String":"a","Interface":null}}
2025-08-15T22:13:32.237-0500	DEBUG	protocol/handler.go:596	round already finalized
2025-08-15T22:13:32.254-0500	DEBUG	protocol/handler.go:581	tryAdvanceRound called	{"{current_round 20 3  <nil>}": {"Key":"self","Type":15,"Integer":0,"String":"a","Interface":null}}
2025-08-15T22:13:32.254-0500	DEBUG	protocol/handler.go:1591	have processed broadcast	{"{round 20 3  <nil>}": {"Key":"from","Type":15,"Integer":0,"String":"b","Interface":null}}
2025-08-15T22:13:32.254-0500	DEBUG	protocol/handler.go:1591	have processed broadcast	{"{round 20 3  <nil>}": {"Key":"from","Type":15,"Integer":0,"String":"c","Interface":null}}
2025-08-15T22:13:32.254-0500	DEBUG	protocol/handler.go:1649	have all messages and processed	{"{round 20 3  <nil>}": {"Key":"self","Type":15,"Integer":0,"String":"a","Interface":null}}
2025-08-15T22:13:32.254-0500	DEBUG	protocol/handler.go:596	round already finalized
2025-08-15T22:13:32.278-0500	DEBUG	protocol/handler.go:581	tryAdvanceRound called	{"{current_round 20 3  <nil>}": {"Key":"self","Type":15,"Integer":0,"String":"a","Interface":null}}
2025-08-15T22:13:32.280-0500	DEBUG	protocol/handler.go:581	tryAdvanceRound called	{"{current_round 20 3  <nil>}": {"Key":"self","Type":15,"Integer":0,"String":"b","Interface":null}}
2025-08-15T22:13:32.292-0500	DEBUG	protocol/handler.go:1591	have processed broadcast	{"{round 20 3  <nil>}": {"Key":"from","Type":15,"Integer":0,"String":"a","Interface":null}}
2025-08-15T22:13:32.292-0500	DEBUG	protocol/handler.go:1591	have processed broadcast	{"{round 20 3  <nil>}": {"Key":"from","Type":15,"Integer":0,"String":"c","Interface":null}}
2025-08-15T22:13:32.292-0500	DEBUG	protocol/handler.go:1649	have all messages and processed	{"{round 20 3  <nil>}": {"Key":"self","Type":15,"Integer":0,"String":"b","Interface":null}}
2025-08-15T22:13:32.292-0500	DEBUG	protocol/handler.go:596	round already finalized
2025-08-15T22:13:32.292-0500	DEBUG	protocol/handler.go:581	tryAdvanceRound called	{"{current_round 20 3  <nil>}": {"Key":"self","Type":15,"Integer":0,"String":"b","Interface":null}}
2025-08-15T22:13:32.292-0500	DEBUG	protocol/handler.go:1591	have processed broadcast	{"{round 20 3  <nil>}": {"Key":"from","Type":15,"Integer":0,"String":"a","Interface":null}}
2025-08-15T22:13:32.292-0500	DEBUG	protocol/handler.go:1591	have processed broadcast	{"{round 20 3  <nil>}": {"Key":"from","Type":15,"Integer":0,"String":"c","Interface":null}}
2025-08-15T22:13:32.292-0500	DEBUG	protocol/handler.go:1649	have all messages and processed	{"{round 20 3  <nil>}": {"Key":"self","Type":15,"Integer":0,"String":"b","Interface":null}}
2025-08-15T22:13:32.292-0500	DEBUG	protocol/handler.go:596	round already finalized
2025-08-15T22:13:32.292-0500	DEBUG	protocol/handler.go:581	tryAdvanceRound called	{"{current_round 20 3  <nil>}": {"Key":"self","Type":15,"Integer":0,"String":"b","Interface":null}}
2025-08-15T22:13:32.292-0500	DEBUG	protocol/handler.go:1591	have processed broadcast	{"{round 20 3  <nil>}": {"Key":"from","Type":15,"Integer":0,"String":"a","Interface":null}}
2025-08-15T22:13:32.292-0500	DEBUG	protocol/handler.go:1591	have processed broadcast	{"{round 20 3  <nil>}": {"Key":"from","Type":15,"Integer":0,"String":"c","Interface":null}}
2025-08-15T22:13:32.292-0500	DEBUG	protocol/handler.go:1649	have all messages and processed	{"{round 20 3  <nil>}": {"Key":"self","Type":15,"Integer":0,"String":"b","Interface":null}}
2025-08-15T22:13:32.293-0500	DEBUG	protocol/handler.go:596	round already finalized
2025-08-15T22:13:32.293-0500	DEBUG	protocol/handler.go:581	tryAdvanceRound called	{"{current_round 20 3  <nil>}": {"Key":"self","Type":15,"Integer":0,"String":"c","Interface":null}}
2025-08-15T22:13:32.293-0500	DEBUG	protocol/handler.go:1591	have processed broadcast	{"{round 20 3  <nil>}": {"Key":"from","Type":15,"Integer":0,"String":"a","Interface":null}}
2025-08-15T22:13:32.293-0500	DEBUG	protocol/handler.go:1591	have processed broadcast	{"{round 20 3  <nil>}": {"Key":"from","Type":15,"Integer":0,"String":"b","Interface":null}}
2025-08-15T22:13:32.293-0500	DEBUG	protocol/handler.go:1649	have all messages and processed	{"{round 20 3  <nil>}": {"Key":"self","Type":15,"Integer":0,"String":"c","Interface":null}}
2025-08-15T22:13:32.293-0500	DEBUG	protocol/handler.go:596	round already finalized
2025-08-15T22:13:32.293-0500	DEBUG	protocol/handler.go:581	tryAdvanceRound called	{"{current_round 20 3  <nil>}": {"Key":"self","Type":15,"Integer":0,"String":"c","Interface":null}}
2025-08-15T22:13:32.293-0500	DEBUG	protocol/handler.go:1591	have processed broadcast	{"{round 20 3  <nil>}": {"Key":"from","Type":15,"Integer":0,"String":"a","Interface":null}}
2025-08-15T22:13:32.293-0500	DEBUG	protocol/handler.go:1591	have processed broadcast	{"{round 20 3  <nil>}": {"Key":"from","Type":15,"Integer":0,"String":"b","Interface":null}}
2025-08-15T22:13:32.293-0500	DEBUG	protocol/handler.go:1649	have all messages and processed	{"{round 20 3  <nil>}": {"Key":"self","Type":15,"Integer":0,"String":"c","Interface":null}}
2025-08-15T22:13:32.293-0500	DEBUG	protocol/handler.go:596	round already finalized
2025-08-15T22:13:32.327-0500	DEBUG	protocol/handler.go:581	tryAdvanceRound called	{"{current_round 20 3  <nil>}": {"Key":"self","Type":15,"Integer":0,"String":"b","Interface":null}}
2025-08-15T22:13:32.328-0500	DEBUG	protocol/handler.go:1591	have processed broadcast	{"{round 20 3  <nil>}": {"Key":"from","Type":15,"Integer":0,"String":"a","Interface":null}}
2025-08-15T22:13:32.328-0500	DEBUG	protocol/handler.go:1591	have processed broadcast	{"{round 20 3  <nil>}": {"Key":"from","Type":15,"Integer":0,"String":"c","Interface":null}}
2025-08-15T22:13:32.328-0500	DEBUG	protocol/handler.go:1649	have all messages and processed	{"{round 20 3  <nil>}": {"Key":"self","Type":15,"Integer":0,"String":"b","Interface":null}}
2025-08-15T22:13:32.328-0500	DEBUG	protocol/handler.go:596	round already finalized
2025-08-15T22:13:32.328-0500	DEBUG	protocol/handler.go:581	tryAdvanceRound called	{"{current_round 20 3  <nil>}": {"Key":"self","Type":15,"Integer":0,"String":"b","Interface":null}}
2025-08-15T22:13:32.328-0500	DEBUG	protocol/handler.go:1591	have processed broadcast	{"{round 20 3  <nil>}": {"Key":"from","Type":15,"Integer":0,"String":"a","Interface":null}}
2025-08-15T22:13:32.328-0500	DEBUG	protocol/handler.go:1591	have processed broadcast	{"{round 20 3  <nil>}": {"Key":"from","Type":15,"Integer":0,"String":"c","Interface":null}}
2025-08-15T22:13:32.328-0500	DEBUG	protocol/handler.go:1649	have all messages and processed	{"{round 20 3  <nil>}": {"Key":"self","Type":15,"Integer":0,"String":"b","Interface":null}}
2025-08-15T22:13:32.328-0500	DEBUG	protocol/handler.go:596	round already finalized
2025-08-15T22:13:32.328-0500	DEBUG	protocol/handler.go:1591	have processed broadcast	{"{round 20 3  <nil>}": {"Key":"from","Type":15,"Integer":0,"String":"b","Interface":null}}
2025-08-15T22:13:32.328-0500	DEBUG	protocol/handler.go:1591	have processed broadcast	{"{round 20 3  <nil>}": {"Key":"from","Type":15,"Integer":0,"String":"c","Interface":null}}
2025-08-15T22:13:32.328-0500	DEBUG	protocol/handler.go:1649	have all messages and processed	{"{round 20 3  <nil>}": {"Key":"self","Type":15,"Integer":0,"String":"a","Interface":null}}
2025-08-15T22:13:32.328-0500	DEBUG	protocol/handler.go:596	round already finalized
2025-08-15T22:13:32.328-0500	DEBUG	protocol/handler.go:581	tryAdvanceRound called	{"{current_round 20 3  <nil>}": {"Key":"self","Type":15,"Integer":0,"String":"a","Interface":null}}
2025-08-15T22:13:32.329-0500	DEBUG	protocol/handler.go:1591	have processed broadcast	{"{round 20 3  <nil>}": {"Key":"from","Type":15,"Integer":0,"String":"b","Interface":null}}
2025-08-15T22:13:32.329-0500	DEBUG	protocol/handler.go:1591	have processed broadcast	{"{round 20 3  <nil>}": {"Key":"from","Type":15,"Integer":0,"String":"c","Interface":null}}
2025-08-15T22:13:32.329-0500	DEBUG	protocol/handler.go:1649	have all messages and processed	{"{round 20 3  <nil>}": {"Key":"self","Type":15,"Integer":0,"String":"a","Interface":null}}
2025-08-15T22:13:32.329-0500	DEBUG	protocol/handler.go:596	round already finalized
2025-08-15T22:13:32.352-0500	DEBUG	protocol/handler.go:581	tryAdvanceRound called	{"{current_round 20 3  <nil>}": {"Key":"self","Type":15,"Integer":0,"String":"b","Interface":null}}
2025-08-15T22:13:32.353-0500	DEBUG	protocol/handler.go:1591	have processed broadcast	{"{round 20 3  <nil>}": {"Key":"from","Type":15,"Integer":0,"String":"a","Interface":null}}
2025-08-15T22:13:32.353-0500	DEBUG	protocol/handler.go:1591	have processed broadcast	{"{round 20 3  <nil>}": {"Key":"from","Type":15,"Integer":0,"String":"c","Interface":null}}
2025-08-15T22:13:32.353-0500	DEBUG	protocol/handler.go:1649	have all messages and processed	{"{round 20 3  <nil>}": {"Key":"self","Type":15,"Integer":0,"String":"b","Interface":null}}
2025-08-15T22:13:32.353-0500	DEBUG	protocol/handler.go:596	round already finalized
2025-08-15T22:13:32.353-0500	DEBUG	protocol/handler.go:581	tryAdvanceRound called	{"{current_round 20 3  <nil>}": {"Key":"self","Type":15,"Integer":0,"String":"c","Interface":null}}
2025-08-15T22:13:32.353-0500	DEBUG	protocol/handler.go:1591	have processed broadcast	{"{round 20 3  <nil>}": {"Key":"from","Type":15,"Integer":0,"String":"a","Interface":null}}
2025-08-15T22:13:32.353-0500	DEBUG	protocol/handler.go:1591	have processed broadcast	{"{round 20 3  <nil>}": {"Key":"from","Type":15,"Integer":0,"String":"b","Interface":null}}
2025-08-15T22:13:32.353-0500	DEBUG	protocol/handler.go:1649	have all messages and processed	{"{round 20 3  <nil>}": {"Key":"self","Type":15,"Integer":0,"String":"c","Interface":null}}
2025-08-15T22:13:32.353-0500	DEBUG	protocol/handler.go:596	round already finalized
2025-08-15T22:13:32.353-0500	DEBUG	protocol/handler.go:581	tryAdvanceRound called	{"{current_round 20 3  <nil>}": {"Key":"self","Type":15,"Integer":0,"String":"c","Interface":null}}
2025-08-15T22:13:32.353-0500	DEBUG	protocol/handler.go:1591	have processed broadcast	{"{round 20 3  <nil>}": {"Key":"from","Type":15,"Integer":0,"String":"a","Interface":null}}
2025-08-15T22:13:32.353-0500	DEBUG	protocol/handler.go:1591	have processed broadcast	{"{round 20 3  <nil>}": {"Key":"from","Type":15,"Integer":0,"String":"b","Interface":null}}
2025-08-15T22:13:32.353-0500	DEBUG	protocol/handler.go:1649	have all messages and processed	{"{round 20 3  <nil>}": {"Key":"self","Type":15,"Integer":0,"String":"c","Interface":null}}
2025-08-15T22:13:32.353-0500	DEBUG	protocol/handler.go:596	round already finalized
2025-08-15T22:13:32.364-0500	DEBUG	protocol/handler.go:581	tryAdvanceRound called	{"{current_round 20 3  <nil>}": {"Key":"self","Type":15,"Integer":0,"String":"a","Interface":null}}
2025-08-15T22:13:32.364-0500	DEBUG	protocol/handler.go:1591	have processed broadcast	{"{round 20 3  <nil>}": {"Key":"from","Type":15,"Integer":0,"String":"b","Interface":null}}
2025-08-15T22:13:32.364-0500	DEBUG	protocol/handler.go:1591	have processed broadcast	{"{round 20 3  <nil>}": {"Key":"from","Type":15,"Integer":0,"String":"c","Interface":null}}
2025-08-15T22:13:32.364-0500	DEBUG	protocol/handler.go:1649	have all messages and processed	{"{round 20 3  <nil>}": {"Key":"self","Type":15,"Integer":0,"String":"a","Interface":null}}
2025-08-15T22:13:32.364-0500	DEBUG	protocol/handler.go:596	round already finalized
2025-08-15T22:13:32.376-0500	DEBUG	protocol/handler.go:581	tryAdvanceRound called	{"{current_round 20 3  <nil>}": {"Key":"self","Type":15,"Integer":0,"String":"a","Interface":null}}
2025-08-15T22:13:32.376-0500	DEBUG	protocol/handler.go:581	tryAdvanceRound called	{"{current_round 20 3  <nil>}": {"Key":"self","Type":15,"Integer":0,"String":"c","Interface":null}}
2025-08-15T22:13:32.376-0500	DEBUG	protocol/handler.go:1591	have processed broadcast	{"{round 20 3  <nil>}": {"Key":"from","Type":15,"Integer":0,"String":"a","Interface":null}}
2025-08-15T22:13:32.376-0500	DEBUG	protocol/handler.go:1591	have processed broadcast	{"{round 20 3  <nil>}": {"Key":"from","Type":15,"Integer":0,"String":"b","Interface":null}}
2025-08-15T22:13:32.376-0500	DEBUG	protocol/handler.go:1649	have all messages and processed	{"{round 20 3  <nil>}": {"Key":"self","Type":15,"Integer":0,"String":"c","Interface":null}}
2025-08-15T22:13:32.376-0500	DEBUG	protocol/handler.go:596	round already finalized
2025-08-15T22:13:32.377-0500	DEBUG	protocol/handler.go:1591	have processed broadcast	{"{round 20 3  <nil>}": {"Key":"from","Type":15,"Integer":0,"String":"b","Interface":null}}
2025-08-15T22:13:32.379-0500	DEBUG	protocol/handler.go:1591	have processed broadcast	{"{round 20 3  <nil>}": {"Key":"from","Type":15,"Integer":0,"String":"c","Interface":null}}
2025-08-15T22:13:32.379-0500	DEBUG	protocol/handler.go:1649	have all messages and processed	{"{round 20 3  <nil>}": {"Key":"self","Type":15,"Integer":0,"String":"a","Interface":null}}
2025-08-15T22:13:32.379-0500	DEBUG	protocol/handler.go:596	round already finalized
2025-08-15T22:13:32.379-0500	DEBUG	protocol/handler.go:581	tryAdvanceRound called	{"{current_round 20 3  <nil>}": {"Key":"self","Type":15,"Integer":0,"String":"a","Interface":null}}
2025-08-15T22:13:32.379-0500	DEBUG	protocol/handler.go:1591	have processed broadcast	{"{round 20 3  <nil>}": {"Key":"from","Type":15,"Integer":0,"String":"b","Interface":null}}
2025-08-15T22:13:32.379-0500	DEBUG	protocol/handler.go:1591	have processed broadcast	{"{round 20 3  <nil>}": {"Key":"from","Type":15,"Integer":0,"String":"c","Interface":null}}
2025-08-15T22:13:32.380-0500	DEBUG	protocol/handler.go:1649	have all messages and processed	{"{round 20 3  <nil>}": {"Key":"self","Type":15,"Integer":0,"String":"a","Interface":null}}
2025-08-15T22:13:32.380-0500	DEBUG	protocol/handler.go:596	round already finalized
2025-08-15T22:13:32.398-0500	DEBUG	protocol/handler.go:581	tryAdvanceRound called	{"{current_round 20 3  <nil>}": {"Key":"self","Type":15,"Integer":0,"String":"a","Interface":null}}
2025-08-15T22:13:32.398-0500	DEBUG	protocol/handler.go:1591	have processed broadcast	{"{round 20 3  <nil>}": {"Key":"from","Type":15,"Integer":0,"String":"b","Interface":null}}
2025-08-15T22:13:32.398-0500	DEBUG	protocol/handler.go:1591	have processed broadcast	{"{round 20 3  <nil>}": {"Key":"from","Type":15,"Integer":0,"String":"c","Interface":null}}
2025-08-15T22:13:32.398-0500	DEBUG	protocol/handler.go:1649	have all messages and processed	{"{round 20 3  <nil>}": {"Key":"self","Type":15,"Integer":0,"String":"a","Interface":null}}
2025-08-15T22:13:32.398-0500	DEBUG	protocol/handler.go:596	round already finalized
2025-08-15T22:13:32.399-0500	DEBUG	protocol/handler.go:581	tryAdvanceRound called	{"{current_round 20 3  <nil>}": {"Key":"self","Type":15,"Integer":0,"String":"b","Interface":null}}
2025-08-15T22:13:32.402-0500	DEBUG	protocol/handler.go:1591	have processed broadcast	{"{round 20 3  <nil>}": {"Key":"from","Type":15,"Integer":0,"String":"a","Interface":null}}
2025-08-15T22:13:32.403-0500	DEBUG	protocol/handler.go:1591	have processed broadcast	{"{round 20 3  <nil>}": {"Key":"from","Type":15,"Integer":0,"String":"c","Interface":null}}
2025-08-15T22:13:32.403-0500	DEBUG	protocol/handler.go:1649	have all messages and processed	{"{round 20 3  <nil>}": {"Key":"self","Type":15,"Integer":0,"String":"b","Interface":null}}
2025-08-15T22:13:32.403-0500	DEBUG	protocol/handler.go:596	round already finalized
2025-08-15T22:13:32.403-0500	DEBUG	protocol/handler.go:581	tryAdvanceRound called	{"{current_round 20 3  <nil>}": {"Key":"self","Type":15,"Integer":0,"String":"b","Interface":null}}
2025-08-15T22:13:32.403-0500	DEBUG	protocol/handler.go:1591	have processed broadcast	{"{round 20 3  <nil>}": {"Key":"from","Type":15,"Integer":0,"String":"a","Interface":null}}
2025-08-15T22:13:32.403-0500	DEBUG	protocol/handler.go:1591	have processed broadcast	{"{round 20 3  <nil>}": {"Key":"from","Type":15,"Integer":0,"String":"c","Interface":null}}
2025-08-15T22:13:32.403-0500	DEBUG	protocol/handler.go:1649	have all messages and processed	{"{round 20 3  <nil>}": {"Key":"self","Type":15,"Integer":0,"String":"b","Interface":null}}
2025-08-15T22:13:32.403-0500	DEBUG	protocol/handler.go:596	round already finalized
2025-08-15T22:13:32.403-0500	DEBUG	protocol/handler.go:581	tryAdvanceRound called	{"{current_round 20 3  <nil>}": {"Key":"self","Type":15,"Integer":0,"String":"c","Interface":null}}
2025-08-15T22:13:32.403-0500	DEBUG	protocol/handler.go:1591	have processed broadcast	{"{round 20 3  <nil>}": {"Key":"from","Type":15,"Integer":0,"String":"a","Interface":null}}
2025-08-15T22:13:32.403-0500	DEBUG	protocol/handler.go:1591	have processed broadcast	{"{round 20 3  <nil>}": {"Key":"from","Type":15,"Integer":0,"String":"b","Interface":null}}
2025-08-15T22:13:32.403-0500	DEBUG	protocol/handler.go:1649	have all messages and processed	{"{round 20 3  <nil>}": {"Key":"self","Type":15,"Integer":0,"String":"c","Interface":null}}
2025-08-15T22:13:32.403-0500	DEBUG	protocol/handler.go:596	round already finalized
2025-08-15T22:13:32.403-0500	DEBUG	protocol/handler.go:581	tryAdvanceRound called	{"{current_round 20 3  <nil>}": {"Key":"self","Type":15,"Integer":0,"String":"c","Interface":null}}
2025-08-15T22:13:32.403-0500	DEBUG	protocol/handler.go:1591	have processed broadcast	{"{round 20 3  <nil>}": {"Key":"from","Type":15,"Integer":0,"String":"a","Interface":null}}
2025-08-15T22:13:32.403-0500	DEBUG	protocol/handler.go:1591	have processed broadcast	{"{round 20 3  <nil>}": {"Key":"from","Type":15,"Integer":0,"String":"b","Interface":null}}
2025-08-15T22:13:32.403-0500	DEBUG	protocol/handler.go:1649	have all messages and processed	{"{round 20 3  <nil>}": {"Key":"self","Type":15,"Integer":0,"String":"c","Interface":null}}
2025-08-15T22:13:32.403-0500	DEBUG	protocol/handler.go:596	round already finalized
2025-08-15T22:13:32.403-0500	DEBUG	protocol/handler.go:581	tryAdvanceRound called	{"{current_round 20 3  <nil>}": {"Key":"self","Type":15,"Integer":0,"String":"b","Interface":null}}
2025-08-15T22:13:32.403-0500	DEBUG	protocol/handler.go:1591	have processed broadcast	{"{round 20 3  <nil>}": {"Key":"from","Type":15,"Integer":0,"String":"a","Interface":null}}
2025-08-15T22:13:32.403-0500	DEBUG	protocol/handler.go:1591	have processed broadcast	{"{round 20 3  <nil>}": {"Key":"from","Type":15,"Integer":0,"String":"c","Interface":null}}
2025-08-15T22:13:32.403-0500	DEBUG	protocol/handler.go:1649	have all messages and processed	{"{round 20 3  <nil>}": {"Key":"self","Type":15,"Integer":0,"String":"b","Interface":null}}
2025-08-15T22:13:32.404-0500	DEBUG	protocol/handler.go:596	round already finalized
2025-08-15T22:13:32.421-0500	DEBUG	protocol/handler.go:581	tryAdvanceRound called	{"{current_round 20 3  <nil>}": {"Key":"self","Type":15,"Integer":0,"String":"a","Interface":null}}
2025-08-15T22:13:32.422-0500	DEBUG	protocol/handler.go:1591	have processed broadcast	{"{round 20 3  <nil>}": {"Key":"from","Type":15,"Integer":0,"String":"b","Interface":null}}
2025-08-15T22:13:32.422-0500	DEBUG	protocol/handler.go:1591	have processed broadcast	{"{round 20 3  <nil>}": {"Key":"from","Type":15,"Integer":0,"String":"c","Interface":null}}
2025-08-15T22:13:32.422-0500	DEBUG	protocol/handler.go:1649	have all messages and processed	{"{round 20 3  <nil>}": {"Key":"self","Type":15,"Integer":0,"String":"a","Interface":null}}
2025-08-15T22:13:32.422-0500	DEBUG	protocol/handler.go:596	round already finalized
2025-08-15T22:13:32.444-0500	DEBUG	protocol/handler.go:581	tryAdvanceRound called	{"{current_round 20 3  <nil>}": {"Key":"self","Type":15,"Integer":0,"String":"a","Interface":null}}
2025-08-15T22:13:32.444-0500	DEBUG	protocol/handler.go:1591	have processed broadcast	{"{round 20 3  <nil>}": {"Key":"from","Type":15,"Integer":0,"String":"b","Interface":null}}
2025-08-15T22:13:32.444-0500	DEBUG	protocol/handler.go:1591	have processed broadcast	{"{round 20 3  <nil>}": {"Key":"from","Type":15,"Integer":0,"String":"c","Interface":null}}
2025-08-15T22:13:32.444-0500	DEBUG	protocol/handler.go:1649	have all messages and processed	{"{round 20 3  <nil>}": {"Key":"self","Type":15,"Integer":0,"String":"a","Interface":null}}
2025-08-15T22:13:32.444-0500	DEBUG	protocol/handler.go:596	round already finalized
2025-08-15T22:13:32.444-0500	DEBUG	protocol/handler.go:581	tryAdvanceRound called	{"{current_round 20 3  <nil>}": {"Key":"self","Type":15,"Integer":0,"String":"b","Interface":null}}
2025-08-15T22:13:32.446-0500	DEBUG	protocol/handler.go:1591	have processed broadcast	{"{round 20 3  <nil>}": {"Key":"from","Type":15,"Integer":0,"String":"a","Interface":null}}
2025-08-15T22:13:32.446-0500	DEBUG	protocol/handler.go:1591	have processed broadcast	{"{round 20 3  <nil>}": {"Key":"from","Type":15,"Integer":0,"String":"c","Interface":null}}
2025-08-15T22:13:32.446-0500	DEBUG	protocol/handler.go:1649	have all messages and processed	{"{round 20 3  <nil>}": {"Key":"self","Type":15,"Integer":0,"String":"b","Interface":null}}
2025-08-15T22:13:32.446-0500	DEBUG	protocol/handler.go:596	round already finalized
2025-08-15T22:13:32.446-0500	DEBUG	protocol/handler.go:581	tryAdvanceRound called	{"{current_round 20 3  <nil>}": {"Key":"self","Type":15,"Integer":0,"String":"b","Interface":null}}
2025-08-15T22:13:32.446-0500	DEBUG	protocol/handler.go:1591	have processed broadcast	{"{round 20 3  <nil>}": {"Key":"from","Type":15,"Integer":0,"String":"a","Interface":null}}
2025-08-15T22:13:32.447-0500	DEBUG	protocol/handler.go:1591	have processed broadcast	{"{round 20 3  <nil>}": {"Key":"from","Type":15,"Integer":0,"String":"c","Interface":null}}
2025-08-15T22:13:32.447-0500	DEBUG	protocol/handler.go:1649	have all messages and processed	{"{round 20 3  <nil>}": {"Key":"self","Type":15,"Integer":0,"String":"b","Interface":null}}
2025-08-15T22:13:32.447-0500	DEBUG	protocol/handler.go:596	round already finalized
2025-08-15T22:13:32.447-0500	DEBUG	protocol/handler.go:581	tryAdvanceRound called	{"{current_round 20 3  <nil>}": {"Key":"self","Type":15,"Integer":0,"String":"c","Interface":null}}
2025-08-15T22:13:32.448-0500	DEBUG	protocol/handler.go:1591	have processed broadcast	{"{round 20 3  <nil>}": {"Key":"from","Type":15,"Integer":0,"String":"a","Interface":null}}
2025-08-15T22:13:32.448-0500	DEBUG	protocol/handler.go:1591	have processed broadcast	{"{round 20 3  <nil>}": {"Key":"from","Type":15,"Integer":0,"String":"b","Interface":null}}
2025-08-15T22:13:32.448-0500	DEBUG	protocol/handler.go:1649	have all messages and processed	{"{round 20 3  <nil>}": {"Key":"self","Type":15,"Integer":0,"String":"c","Interface":null}}
2025-08-15T22:13:32.448-0500	DEBUG	protocol/handler.go:596	round already finalized
2025-08-15T22:13:32.448-0500	DEBUG	protocol/handler.go:581	tryAdvanceRound called	{"{current_round 20 3  <nil>}": {"Key":"self","Type":15,"Integer":0,"String":"c","Interface":null}}
2025-08-15T22:13:32.448-0500	DEBUG	protocol/handler.go:1591	have processed broadcast	{"{round 20 3  <nil>}": {"Key":"from","Type":15,"Integer":0,"String":"a","Interface":null}}
2025-08-15T22:13:32.448-0500	DEBUG	protocol/handler.go:1591	have processed broadcast	{"{round 20 3  <nil>}": {"Key":"from","Type":15,"Integer":0,"String":"b","Interface":null}}
2025-08-15T22:13:32.448-0500	DEBUG	protocol/handler.go:1649	have all messages and processed	{"{round 20 3  <nil>}": {"Key":"self","Type":15,"Integer":0,"String":"c","Interface":null}}
2025-08-15T22:13:32.449-0500	DEBUG	protocol/handler.go:596	round already finalized
2025-08-15T22:13:32.467-0500	DEBUG	protocol/handler.go:581	tryAdvanceRound called	{"{current_round 20 3  <nil>}": {"Key":"self","Type":15,"Integer":0,"String":"a","Interface":null}}
2025-08-15T22:13:32.467-0500	DEBUG	protocol/handler.go:1591	have processed broadcast	{"{round 20 3  <nil>}": {"Key":"from","Type":15,"Integer":0,"String":"b","Interface":null}}
2025-08-15T22:13:32.467-0500	DEBUG	protocol/handler.go:1591	have processed broadcast	{"{round 20 3  <nil>}": {"Key":"from","Type":15,"Integer":0,"String":"c","Interface":null}}
2025-08-15T22:13:32.467-0500	DEBUG	protocol/handler.go:1649	have all messages and processed	{"{round 20 3  <nil>}": {"Key":"self","Type":15,"Integer":0,"String":"a","Interface":null}}
2025-08-15T22:13:32.467-0500	DEBUG	protocol/handler.go:596	round already finalized
2025-08-15T22:13:32.493-0500	DEBUG	protocol/handler.go:581	tryAdvanceRound called	{"{current_round 20 3  <nil>}": {"Key":"self","Type":15,"Integer":0,"String":"b","Interface":null}}
2025-08-15T22:13:32.493-0500	DEBUG	protocol/handler.go:1591	have processed broadcast	{"{round 20 3  <nil>}": {"Key":"from","Type":15,"Integer":0,"String":"a","Interface":null}}
2025-08-15T22:13:32.493-0500	DEBUG	protocol/handler.go:1591	have processed broadcast	{"{round 20 3  <nil>}": {"Key":"from","Type":15,"Integer":0,"String":"c","Interface":null}}
2025-08-15T22:13:32.493-0500	DEBUG	protocol/handler.go:1649	have all messages and processed	{"{round 20 3  <nil>}": {"Key":"self","Type":15,"Integer":0,"String":"b","Interface":null}}
2025-08-15T22:13:32.493-0500	DEBUG	protocol/handler.go:596	round already finalized
2025-08-15T22:13:32.493-0500	DEBUG	protocol/handler.go:581	tryAdvanceRound called	{"{current_round 20 3  <nil>}": {"Key":"self","Type":15,"Integer":0,"String":"b","Interface":null}}
2025-08-15T22:13:32.493-0500	DEBUG	protocol/handler.go:1591	have processed broadcast	{"{round 20 3  <nil>}": {"Key":"from","Type":15,"Integer":0,"String":"a","Interface":null}}
2025-08-15T22:13:32.493-0500	DEBUG	protocol/handler.go:1591	have processed broadcast	{"{round 20 3  <nil>}": {"Key":"from","Type":15,"Integer":0,"String":"c","Interface":null}}
2025-08-15T22:13:32.493-0500	DEBUG	protocol/handler.go:1649	have all messages and processed	{"{round 20 3  <nil>}": {"Key":"self","Type":15,"Integer":0,"String":"b","Interface":null}}
2025-08-15T22:13:32.493-0500	DEBUG	protocol/handler.go:596	round already finalized
2025-08-15T22:13:32.493-0500	DEBUG	protocol/handler.go:581	tryAdvanceRound called	{"{current_round 20 3  <nil>}": {"Key":"self","Type":15,"Integer":0,"String":"c","Interface":null}}
2025-08-15T22:13:32.493-0500	DEBUG	protocol/handler.go:1591	have processed broadcast	{"{round 20 3  <nil>}": {"Key":"from","Type":15,"Integer":0,"String":"a","Interface":null}}
2025-08-15T22:13:32.493-0500	DEBUG	protocol/handler.go:1591	have processed broadcast	{"{round 20 3  <nil>}": {"Key":"from","Type":15,"Integer":0,"String":"b","Interface":null}}
2025-08-15T22:13:32.493-0500	DEBUG	protocol/handler.go:1649	have all messages and processed	{"{round 20 3  <nil>}": {"Key":"self","Type":15,"Integer":0,"String":"c","Interface":null}}
2025-08-15T22:13:32.494-0500	DEBUG	protocol/handler.go:596	round already finalized
2025-08-15T22:13:32.494-0500	DEBUG	protocol/handler.go:581	tryAdvanceRound called	{"{current_round 20 3  <nil>}": {"Key":"self","Type":15,"Integer":0,"String":"c","Interface":null}}
2025-08-15T22:13:32.494-0500	DEBUG	protocol/handler.go:1591	have processed broadcast	{"{round 20 3  <nil>}": {"Key":"from","Type":15,"Integer":0,"String":"a","Interface":null}}
2025-08-15T22:13:32.494-0500	DEBUG	protocol/handler.go:1591	have processed broadcast	{"{round 20 3  <nil>}": {"Key":"from","Type":15,"Integer":0,"String":"b","Interface":null}}
2025-08-15T22:13:32.494-0500	DEBUG	protocol/handler.go:1649	have all messages and processed	{"{round 20 3  <nil>}": {"Key":"self","Type":15,"Integer":0,"String":"c","Interface":null}}
2025-08-15T22:13:32.494-0500	DEBUG	protocol/handler.go:596	round already finalized
2025-08-15T22:13:32.501-0500	DEBUG	protocol/handler.go:581	tryAdvanceRound called	{"{current_round 20 3  <nil>}": {"Key":"self","Type":15,"Integer":0,"String":"b","Interface":null}}
2025-08-15T22:13:32.505-0500	DEBUG	protocol/handler.go:1591	have processed broadcast	{"{round 20 3  <nil>}": {"Key":"from","Type":15,"Integer":0,"String":"a","Interface":null}}
2025-08-15T22:13:32.505-0500	DEBUG	protocol/handler.go:1591	have processed broadcast	{"{round 20 3  <nil>}": {"Key":"from","Type":15,"Integer":0,"String":"c","Interface":null}}
2025-08-15T22:13:32.505-0500	DEBUG	protocol/handler.go:1649	have all messages and processed	{"{round 20 3  <nil>}": {"Key":"self","Type":15,"Integer":0,"String":"b","Interface":null}}
2025-08-15T22:13:32.505-0500	DEBUG	protocol/handler.go:596	round already finalized
2025-08-15T22:13:32.505-0500	DEBUG	protocol/handler.go:581	tryAdvanceRound called	{"{current_round 20 3  <nil>}": {"Key":"self","Type":15,"Integer":0,"String":"c","Interface":null}}
2025-08-15T22:13:32.505-0500	DEBUG	protocol/handler.go:1591	have processed broadcast	{"{round 20 3  <nil>}": {"Key":"from","Type":15,"Integer":0,"String":"a","Interface":null}}
2025-08-15T22:13:32.505-0500	DEBUG	protocol/handler.go:1591	have processed broadcast	{"{round 20 3  <nil>}": {"Key":"from","Type":15,"Integer":0,"String":"b","Interface":null}}
2025-08-15T22:13:32.505-0500	DEBUG	protocol/handler.go:1649	have all messages and processed	{"{round 20 3  <nil>}": {"Key":"self","Type":15,"Integer":0,"String":"c","Interface":null}}
2025-08-15T22:13:32.505-0500	DEBUG	protocol/handler.go:596	round already finalized
2025-08-15T22:13:32.526-0500	DEBUG	protocol/handler.go:581	tryAdvanceRound called	{"{current_round 20 3  <nil>}": {"Key":"self","Type":15,"Integer":0,"String":"c","Interface":null}}
2025-08-15T22:13:32.526-0500	DEBUG	protocol/handler.go:1591	have processed broadcast	{"{round 20 3  <nil>}": {"Key":"from","Type":15,"Integer":0,"String":"a","Interface":null}}
2025-08-15T22:13:32.526-0500	DEBUG	protocol/handler.go:1591	have processed broadcast	{"{round 20 3  <nil>}": {"Key":"from","Type":15,"Integer":0,"String":"b","Interface":null}}
2025-08-15T22:13:32.526-0500	DEBUG	protocol/handler.go:1649	have all messages and processed	{"{round 20 3  <nil>}": {"Key":"self","Type":15,"Integer":0,"String":"c","Interface":null}}
2025-08-15T22:13:32.526-0500	DEBUG	protocol/handler.go:596	round already finalized
2025-08-15T22:13:32.537-0500	DEBUG	protocol/handler.go:581	tryAdvanceRound called	{"{current_round 20 3  <nil>}": {"Key":"self","Type":15,"Integer":0,"String":"a","Interface":null}}
2025-08-15T22:13:32.548-0500	DEBUG	protocol/handler.go:1591	have processed broadcast	{"{round 20 3  <nil>}": {"Key":"from","Type":15,"Integer":0,"String":"b","Interface":null}}
2025-08-15T22:13:32.548-0500	DEBUG	protocol/handler.go:1591	have processed broadcast	{"{round 20 3  <nil>}": {"Key":"from","Type":15,"Integer":0,"String":"c","Interface":null}}
2025-08-15T22:13:32.548-0500	DEBUG	protocol/handler.go:1649	have all messages and processed	{"{round 20 3  <nil>}": {"Key":"self","Type":15,"Integer":0,"String":"a","Interface":null}}
2025-08-15T22:13:32.548-0500	DEBUG	protocol/handler.go:596	round already finalized
2025-08-15T22:13:32.552-0500	DEBUG	protocol/handler.go:581	tryAdvanceRound called	{"{current_round 20 3  <nil>}": {"Key":"self","Type":15,"Integer":0,"String":"a","Interface":null}}
2025-08-15T22:13:32.552-0500	DEBUG	protocol/handler.go:1591	have processed broadcast	{"{round 20 3  <nil>}": {"Key":"from","Type":15,"Integer":0,"String":"b","Interface":null}}
2025-08-15T22:13:32.552-0500	DEBUG	protocol/handler.go:581	tryAdvanceRound called	{"{current_round 20 3  <nil>}": {"Key":"self","Type":15,"Integer":0,"String":"c","Interface":null}}
2025-08-15T22:13:32.554-0500	DEBUG	protocol/handler.go:1591	have processed broadcast	{"{round 20 3  <nil>}": {"Key":"from","Type":15,"Integer":0,"String":"a","Interface":null}}
2025-08-15T22:13:32.554-0500	DEBUG	protocol/handler.go:1591	have processed broadcast	{"{round 20 3  <nil>}": {"Key":"from","Type":15,"Integer":0,"String":"b","Interface":null}}
2025-08-15T22:13:32.554-0500	DEBUG	protocol/handler.go:1649	have all messages and processed	{"{round 20 3  <nil>}": {"Key":"self","Type":15,"Integer":0,"String":"c","Interface":null}}
2025-08-15T22:13:32.554-0500	DEBUG	protocol/handler.go:596	round already finalized
2025-08-15T22:13:32.554-0500	DEBUG	protocol/handler.go:581	tryAdvanceRound called	{"{current_round 20 3  <nil>}": {"Key":"self","Type":15,"Integer":0,"String":"b","Interface":null}}
2025-08-15T22:13:32.552-0500	DEBUG	protocol/handler.go:1591	have processed broadcast	{"{round 20 3  <nil>}": {"Key":"from","Type":15,"Integer":0,"String":"c","Interface":null}}
2025-08-15T22:13:32.558-0500	DEBUG	protocol/handler.go:1649	have all messages and processed	{"{round 20 3  <nil>}": {"Key":"self","Type":15,"Integer":0,"String":"a","Interface":null}}
2025-08-15T22:13:32.554-0500	DEBUG	protocol/handler.go:1591	have processed broadcast	{"{round 20 3  <nil>}": {"Key":"from","Type":15,"Integer":0,"String":"a","Interface":null}}
2025-08-15T22:13:32.561-0500	DEBUG	protocol/handler.go:1591	have processed broadcast	{"{round 20 3  <nil>}": {"Key":"from","Type":15,"Integer":0,"String":"c","Interface":null}}
2025-08-15T22:13:32.561-0500	DEBUG	protocol/handler.go:1649	have all messages and processed	{"{round 20 3  <nil>}": {"Key":"self","Type":15,"Integer":0,"String":"b","Interface":null}}
2025-08-15T22:13:32.610-0500	DEBUG	protocol/handler.go:596	round already finalized
2025-08-15T22:13:32.610-0500	DEBUG	protocol/handler.go:581	tryAdvanceRound called	{"{current_round 20 3  <nil>}": {"Key":"self","Type":15,"Integer":0,"String":"b","Interface":null}}
2025-08-15T22:13:32.610-0500	DEBUG	protocol/handler.go:1591	have processed broadcast	{"{round 20 3  <nil>}": {"Key":"from","Type":15,"Integer":0,"String":"a","Interface":null}}
2025-08-15T22:13:32.610-0500	DEBUG	protocol/handler.go:1591	have processed broadcast	{"{round 20 3  <nil>}": {"Key":"from","Type":15,"Integer":0,"String":"c","Interface":null}}
2025-08-15T22:13:32.610-0500	DEBUG	protocol/handler.go:1649	have all messages and processed	{"{round 20 3  <nil>}": {"Key":"self","Type":15,"Integer":0,"String":"b","Interface":null}}
2025-08-15T22:13:32.610-0500	DEBUG	protocol/handler.go:596	round already finalized
2025-08-15T22:13:32.640-0500	DEBUG	protocol/handler.go:581	tryAdvanceRound called	{"{current_round 20 3  <nil>}": {"Key":"self","Type":15,"Integer":0,"String":"b","Interface":null}}
2025-08-15T22:13:32.641-0500	DEBUG	protocol/handler.go:1591	have processed broadcast	{"{round 20 3  <nil>}": {"Key":"from","Type":15,"Integer":0,"String":"a","Interface":null}}
2025-08-15T22:13:32.600-0500	DEBUG	protocol/handler.go:581	tryAdvanceRound called	{"{current_round 20 3  <nil>}": {"Key":"self","Type":15,"Integer":0,"String":"c","Interface":null}}
2025-08-15T22:13:32.600-0500	DEBUG	protocol/handler.go:596	round already finalized
2025-08-15T22:13:32.663-0500	DEBUG	protocol/handler.go:581	tryAdvanceRound called	{"{current_round 20 3  <nil>}": {"Key":"self","Type":15,"Integer":0,"String":"a","Interface":null}}
2025-08-15T22:13:32.664-0500	DEBUG	protocol/handler.go:1591	have processed broadcast	{"{round 20 3  <nil>}": {"Key":"from","Type":15,"Integer":0,"String":"b","Interface":null}}
2025-08-15T22:13:32.664-0500	DEBUG	protocol/handler.go:1591	have processed broadcast	{"{round 20 3  <nil>}": {"Key":"from","Type":15,"Integer":0,"String":"c","Interface":null}}
2025-08-15T22:13:32.669-0500	DEBUG	protocol/handler.go:1591	have processed broadcast	{"{round 20 3  <nil>}": {"Key":"from","Type":15,"Integer":0,"String":"c","Interface":null}}
2025-08-15T22:13:32.669-0500	DEBUG	protocol/handler.go:1649	have all messages and processed	{"{round 20 3  <nil>}": {"Key":"self","Type":15,"Integer":0,"String":"b","Interface":null}}
2025-08-15T22:13:32.669-0500	DEBUG	protocol/handler.go:596	round already finalized
2025-08-15T22:13:32.669-0500	DEBUG	protocol/handler.go:581	tryAdvanceRound called	{"{current_round 20 3  <nil>}": {"Key":"self","Type":15,"Integer":0,"String":"b","Interface":null}}
2025-08-15T22:13:32.669-0500	DEBUG	protocol/handler.go:1591	have processed broadcast	{"{round 20 3  <nil>}": {"Key":"from","Type":15,"Integer":0,"String":"a","Interface":null}}
2025-08-15T22:13:32.669-0500	DEBUG	protocol/handler.go:1591	have processed broadcast	{"{round 20 3  <nil>}": {"Key":"from","Type":15,"Integer":0,"String":"c","Interface":null}}
2025-08-15T22:13:32.669-0500	DEBUG	protocol/handler.go:1649	have all messages and processed	{"{round 20 3  <nil>}": {"Key":"self","Type":15,"Integer":0,"String":"b","Interface":null}}
2025-08-15T22:13:32.669-0500	DEBUG	protocol/handler.go:596	round already finalized
2025-08-15T22:13:32.669-0500	DEBUG	protocol/handler.go:1591	have processed broadcast	{"{round 20 3  <nil>}": {"Key":"from","Type":15,"Integer":0,"String":"a","Interface":null}}
2025-08-15T22:13:32.670-0500	DEBUG	protocol/handler.go:1591	have processed broadcast	{"{round 20 3  <nil>}": {"Key":"from","Type":15,"Integer":0,"String":"b","Interface":null}}
2025-08-15T22:13:32.670-0500	DEBUG	protocol/handler.go:1649	have all messages and processed	{"{round 20 3  <nil>}": {"Key":"self","Type":15,"Integer":0,"String":"c","Interface":null}}
2025-08-15T22:13:32.670-0500	DEBUG	protocol/handler.go:596	round already finalized
2025-08-15T22:13:32.670-0500	DEBUG	protocol/handler.go:581	tryAdvanceRound called	{"{current_round 20 3  <nil>}": {"Key":"self","Type":15,"Integer":0,"String":"c","Interface":null}}
2025-08-15T22:13:32.671-0500	DEBUG	protocol/handler.go:581	tryAdvanceRound called	{"{current_round 20 3  <nil>}": {"Key":"self","Type":15,"Integer":0,"String":"b","Interface":null}}
2025-08-15T22:13:32.671-0500	DEBUG	protocol/handler.go:1591	have processed broadcast	{"{round 20 3  <nil>}": {"Key":"from","Type":15,"Integer":0,"String":"a","Interface":null}}
2025-08-15T22:13:32.671-0500	DEBUG	protocol/handler.go:1591	have processed broadcast	{"{round 20 3  <nil>}": {"Key":"from","Type":15,"Integer":0,"String":"c","Interface":null}}
2025-08-15T22:13:32.671-0500	DEBUG	protocol/handler.go:1649	have all messages and processed	{"{round 20 3  <nil>}": {"Key":"self","Type":15,"Integer":0,"String":"b","Interface":null}}
2025-08-15T22:13:32.670-0500	DEBUG	protocol/handler.go:1591	have processed broadcast	{"{round 20 3  <nil>}": {"Key":"from","Type":15,"Integer":0,"String":"a","Interface":null}}
2025-08-15T22:13:32.680-0500	DEBUG	protocol/handler.go:596	round already finalized
2025-08-15T22:13:32.680-0500	DEBUG	protocol/handler.go:1591	have processed broadcast	{"{round 20 3  <nil>}": {"Key":"from","Type":15,"Integer":0,"String":"b","Interface":null}}
2025-08-15T22:13:32.680-0500	DEBUG	protocol/handler.go:1649	have all messages and processed	{"{round 20 3  <nil>}": {"Key":"self","Type":15,"Integer":0,"String":"c","Interface":null}}
2025-08-15T22:13:32.680-0500	DEBUG	protocol/handler.go:596	round already finalized
2025-08-15T22:13:32.680-0500	DEBUG	protocol/handler.go:581	tryAdvanceRound called	{"{current_round 20 3  <nil>}": {"Key":"self","Type":15,"Integer":0,"String":"c","Interface":null}}
2025-08-15T22:13:32.680-0500	DEBUG	protocol/handler.go:1591	have processed broadcast	{"{round 20 3  <nil>}": {"Key":"from","Type":15,"Integer":0,"String":"a","Interface":null}}
2025-08-15T22:13:32.680-0500	DEBUG	protocol/handler.go:1591	have processed broadcast	{"{round 20 3  <nil>}": {"Key":"from","Type":15,"Integer":0,"String":"b","Interface":null}}
2025-08-15T22:13:32.680-0500	DEBUG	protocol/handler.go:1649	have all messages and processed	{"{round 20 3  <nil>}": {"Key":"self","Type":15,"Integer":0,"String":"c","Interface":null}}
2025-08-15T22:13:32.716-0500	DEBUG	protocol/handler.go:596	round already finalized
2025-08-15T22:13:32.718-0500	DEBUG	protocol/handler.go:581	tryAdvanceRound called	{"{current_round 20 3  <nil>}": {"Key":"self","Type":15,"Integer":0,"String":"c","Interface":null}}
2025-08-15T22:13:32.718-0500	DEBUG	protocol/handler.go:1591	have processed broadcast	{"{round 20 3  <nil>}": {"Key":"from","Type":15,"Integer":0,"String":"a","Interface":null}}
2025-08-15T22:13:32.719-0500	DEBUG	protocol/handler.go:1591	have processed broadcast	{"{round 20 3  <nil>}": {"Key":"from","Type":15,"Integer":0,"String":"b","Interface":null}}
2025-08-15T22:13:32.719-0500	DEBUG	protocol/handler.go:1649	have all messages and processed	{"{round 20 3  <nil>}": {"Key":"self","Type":15,"Integer":0,"String":"c","Interface":null}}
2025-08-15T22:13:32.719-0500	DEBUG	protocol/handler.go:596	round already finalized
2025-08-15T22:13:32.681-0500	DEBUG	protocol/handler.go:581	tryAdvanceRound called	{"{current_round 20 3  <nil>}": {"Key":"self","Type":15,"Integer":0,"String":"b","Interface":null}}
2025-08-15T22:13:32.719-0500	DEBUG	protocol/handler.go:1591	have processed broadcast	{"{round 20 3  <nil>}": {"Key":"from","Type":15,"Integer":0,"String":"a","Interface":null}}
2025-08-15T22:13:32.725-0500	DEBUG	protocol/handler.go:1591	have processed broadcast	{"{round 20 3  <nil>}": {"Key":"from","Type":15,"Integer":0,"String":"c","Interface":null}}
2025-08-15T22:13:32.725-0500	DEBUG	protocol/handler.go:1649	have all messages and processed	{"{round 20 3  <nil>}": {"Key":"self","Type":15,"Integer":0,"String":"b","Interface":null}}
2025-08-15T22:13:32.725-0500	DEBUG	protocol/handler.go:596	round already finalized
2025-08-15T22:13:32.725-0500	DEBUG	protocol/handler.go:581	tryAdvanceRound called	{"{current_round 20 3  <nil>}": {"Key":"self","Type":15,"Integer":0,"String":"b","Interface":null}}
2025-08-15T22:13:32.725-0500	DEBUG	protocol/handler.go:1591	have processed broadcast	{"{round 20 3  <nil>}": {"Key":"from","Type":15,"Integer":0,"String":"a","Interface":null}}
2025-08-15T22:13:32.725-0500	DEBUG	protocol/handler.go:1591	have processed broadcast	{"{round 20 3  <nil>}": {"Key":"from","Type":15,"Integer":0,"String":"c","Interface":null}}
2025-08-15T22:13:32.725-0500	DEBUG	protocol/handler.go:1649	have all messages and processed	{"{round 20 3  <nil>}": {"Key":"self","Type":15,"Integer":0,"String":"b","Interface":null}}
2025-08-15T22:13:32.725-0500	DEBUG	protocol/handler.go:596	round already finalized
2025-08-15T22:13:32.664-0500	DEBUG	protocol/handler.go:1649	have all messages and processed	{"{round 20 3  <nil>}": {"Key":"self","Type":15,"Integer":0,"String":"a","Interface":null}}
2025-08-15T22:13:32.726-0500	DEBUG	protocol/handler.go:596	round already finalized
2025-08-15T22:13:32.726-0500	DEBUG	protocol/handler.go:581	tryAdvanceRound called	{"{current_round 20 3  <nil>}": {"Key":"self","Type":15,"Integer":0,"String":"a","Interface":null}}
2025-08-15T22:13:32.726-0500	DEBUG	protocol/handler.go:1591	have processed broadcast	{"{round 20 3  <nil>}": {"Key":"from","Type":15,"Integer":0,"String":"b","Interface":null}}
2025-08-15T22:13:32.726-0500	DEBUG	protocol/handler.go:1591	have processed broadcast	{"{round 20 3  <nil>}": {"Key":"from","Type":15,"Integer":0,"String":"c","Interface":null}}
2025-08-15T22:13:32.726-0500	DEBUG	protocol/handler.go:1649	have all messages and processed	{"{round 20 3  <nil>}": {"Key":"self","Type":15,"Integer":0,"String":"a","Interface":null}}
2025-08-15T22:13:32.726-0500	DEBUG	protocol/handler.go:596	round already finalized
2025-08-15T22:13:32.786-0500	DEBUG	protocol/handler.go:581	tryAdvanceRound called	{"{current_round 20 3  <nil>}": {"Key":"self","Type":15,"Integer":0,"String":"a","Interface":null}}
2025-08-15T22:13:32.786-0500	DEBUG	protocol/handler.go:1591	have processed broadcast	{"{round 20 3  <nil>}": {"Key":"from","Type":15,"Integer":0,"String":"b","Interface":null}}
2025-08-15T22:13:32.786-0500	DEBUG	protocol/handler.go:1591	have processed broadcast	{"{round 20 3  <nil>}": {"Key":"from","Type":15,"Integer":0,"String":"c","Interface":null}}
2025-08-15T22:13:32.786-0500	DEBUG	protocol/handler.go:1649	have all messages and processed	{"{round 20 3  <nil>}": {"Key":"self","Type":15,"Integer":0,"String":"a","Interface":null}}
2025-08-15T22:13:32.786-0500	DEBUG	protocol/handler.go:596	round already finalized
2025-08-15T22:13:32.732-0500	DEBUG	protocol/handler.go:581	tryAdvanceRound called	{"{current_round 20 3  <nil>}": {"Key":"self","Type":15,"Integer":0,"String":"c","Interface":null}}
2025-08-15T22:13:32.786-0500	DEBUG	protocol/handler.go:1591	have processed broadcast	{"{round 20 3  <nil>}": {"Key":"from","Type":15,"Integer":0,"String":"a","Interface":null}}
2025-08-15T22:13:32.786-0500	DEBUG	protocol/handler.go:1591	have processed broadcast	{"{round 20 3  <nil>}": {"Key":"from","Type":15,"Integer":0,"String":"b","Interface":null}}
2025-08-15T22:13:32.786-0500	DEBUG	protocol/handler.go:1649	have all messages and processed	{"{round 20 3  <nil>}": {"Key":"self","Type":15,"Integer":0,"String":"c","Interface":null}}
2025-08-15T22:13:32.786-0500	DEBUG	protocol/handler.go:596	round already finalized
2025-08-15T22:13:32.786-0500	DEBUG	protocol/handler.go:581	tryAdvanceRound called	{"{current_round 20 3  <nil>}": {"Key":"self","Type":15,"Integer":0,"String":"c","Interface":null}}
2025-08-15T22:13:32.786-0500	DEBUG	protocol/handler.go:1591	have processed broadcast	{"{round 20 3  <nil>}": {"Key":"from","Type":15,"Integer":0,"String":"a","Interface":null}}
2025-08-15T22:13:32.786-0500	DEBUG	protocol/handler.go:1591	have processed broadcast	{"{round 20 3  <nil>}": {"Key":"from","Type":15,"Integer":0,"String":"b","Interface":null}}
2025-08-15T22:13:32.786-0500	DEBUG	protocol/handler.go:1649	have all messages and processed	{"{round 20 3  <nil>}": {"Key":"self","Type":15,"Integer":0,"String":"c","Interface":null}}
2025-08-15T22:13:32.786-0500	DEBUG	protocol/handler.go:596	round already finalized
2025-08-15T22:13:32.786-0500	DEBUG	protocol/handler.go:581	tryAdvanceRound called	{"{current_round 20 3  <nil>}": {"Key":"self","Type":15,"Integer":0,"String":"a","Interface":null}}
2025-08-15T22:13:32.786-0500	DEBUG	protocol/handler.go:1591	have processed broadcast	{"{round 20 3  <nil>}": {"Key":"from","Type":15,"Integer":0,"String":"b","Interface":null}}
2025-08-15T22:13:32.787-0500	DEBUG	protocol/handler.go:1591	have processed broadcast	{"{round 20 3  <nil>}": {"Key":"from","Type":15,"Integer":0,"String":"c","Interface":null}}
2025-08-15T22:13:32.787-0500	DEBUG	protocol/handler.go:1649	have all messages and processed	{"{round 20 3  <nil>}": {"Key":"self","Type":15,"Integer":0,"String":"a","Interface":null}}
2025-08-15T22:13:32.787-0500	DEBUG	protocol/handler.go:596	round already finalized
2025-08-15T22:13:32.732-0500	DEBUG	protocol/handler.go:581	tryAdvanceRound called	{"{current_round 20 3  <nil>}": {"Key":"self","Type":15,"Integer":0,"String":"b","Interface":null}}
2025-08-15T22:13:32.787-0500	DEBUG	protocol/handler.go:1591	have processed broadcast	{"{round 20 3  <nil>}": {"Key":"from","Type":15,"Integer":0,"String":"a","Interface":null}}
2025-08-15T22:13:32.787-0500	DEBUG	protocol/handler.go:1591	have processed broadcast	{"{round 20 3  <nil>}": {"Key":"from","Type":15,"Integer":0,"String":"c","Interface":null}}
2025-08-15T22:13:32.787-0500	DEBUG	protocol/handler.go:1649	have all messages and processed	{"{round 20 3  <nil>}": {"Key":"self","Type":15,"Integer":0,"String":"b","Interface":null}}
2025-08-15T22:13:32.787-0500	DEBUG	protocol/handler.go:596	round already finalized
2025-08-15T22:13:32.787-0500	DEBUG	protocol/handler.go:581	tryAdvanceRound called	{"{current_round 20 3  <nil>}": {"Key":"self","Type":15,"Integer":0,"String":"b","Interface":null}}
2025-08-15T22:13:32.787-0500	DEBUG	protocol/handler.go:1591	have processed broadcast	{"{round 20 3  <nil>}": {"Key":"from","Type":15,"Integer":0,"String":"a","Interface":null}}
2025-08-15T22:13:32.787-0500	DEBUG	protocol/handler.go:1591	have processed broadcast	{"{round 20 3  <nil>}": {"Key":"from","Type":15,"Integer":0,"String":"c","Interface":null}}
2025-08-15T22:13:32.787-0500	DEBUG	protocol/handler.go:1649	have all messages and processed	{"{round 20 3  <nil>}": {"Key":"self","Type":15,"Integer":0,"String":"b","Interface":null}}
2025-08-15T22:13:32.787-0500	DEBUG	protocol/handler.go:596	round already finalized
2025-08-15T22:13:32.835-0500	DEBUG	protocol/handler.go:581	tryAdvanceRound called	{"{current_round 20 3  <nil>}": {"Key":"self","Type":15,"Integer":0,"String":"b","Interface":null}}
2025-08-15T22:13:32.835-0500	DEBUG	protocol/handler.go:1591	have processed broadcast	{"{round 20 3  <nil>}": {"Key":"from","Type":15,"Integer":0,"String":"a","Interface":null}}
2025-08-15T22:13:32.835-0500	DEBUG	protocol/handler.go:1591	have processed broadcast	{"{round 20 3  <nil>}": {"Key":"from","Type":15,"Integer":0,"String":"c","Interface":null}}
2025-08-15T22:13:32.835-0500	DEBUG	protocol/handler.go:1649	have all messages and processed	{"{round 20 3  <nil>}": {"Key":"self","Type":15,"Integer":0,"String":"b","Interface":null}}
2025-08-15T22:13:32.835-0500	DEBUG	protocol/handler.go:596	round already finalized
2025-08-15T22:13:32.835-0500	DEBUG	protocol/handler.go:581	tryAdvanceRound called	{"{current_round 20 3  <nil>}": {"Key":"self","Type":15,"Integer":0,"String":"b","Interface":null}}
2025-08-15T22:13:32.835-0500	DEBUG	protocol/handler.go:1591	have processed broadcast	{"{round 20 3  <nil>}": {"Key":"from","Type":15,"Integer":0,"String":"a","Interface":null}}
2025-08-15T22:13:32.835-0500	DEBUG	protocol/handler.go:1591	have processed broadcast	{"{round 20 3  <nil>}": {"Key":"from","Type":15,"Integer":0,"String":"c","Interface":null}}
2025-08-15T22:13:32.835-0500	DEBUG	protocol/handler.go:1649	have all messages and processed	{"{round 20 3  <nil>}": {"Key":"self","Type":15,"Integer":0,"String":"b","Interface":null}}
2025-08-15T22:13:32.836-0500	DEBUG	protocol/handler.go:596	round already finalized
2025-08-15T22:13:32.836-0500	DEBUG	protocol/handler.go:581	tryAdvanceRound called	{"{current_round 20 3  <nil>}": {"Key":"self","Type":15,"Integer":0,"String":"c","Interface":null}}
2025-08-15T22:13:32.836-0500	DEBUG	protocol/handler.go:1591	have processed broadcast	{"{round 20 3  <nil>}": {"Key":"from","Type":15,"Integer":0,"String":"a","Interface":null}}
2025-08-15T22:13:32.836-0500	DEBUG	protocol/handler.go:1591	have processed broadcast	{"{round 20 3  <nil>}": {"Key":"from","Type":15,"Integer":0,"String":"b","Interface":null}}
2025-08-15T22:13:32.836-0500	DEBUG	protocol/handler.go:1649	have all messages and processed	{"{round 20 3  <nil>}": {"Key":"self","Type":15,"Integer":0,"String":"c","Interface":null}}
2025-08-15T22:13:32.836-0500	DEBUG	protocol/handler.go:596	round already finalized
2025-08-15T22:13:32.836-0500	DEBUG	protocol/handler.go:581	tryAdvanceRound called	{"{current_round 20 3  <nil>}": {"Key":"self","Type":15,"Integer":0,"String":"c","Interface":null}}
2025-08-15T22:13:32.837-0500	DEBUG	protocol/handler.go:1591	have processed broadcast	{"{round 20 3  <nil>}": {"Key":"from","Type":15,"Integer":0,"String":"a","Interface":null}}
2025-08-15T22:13:32.837-0500	DEBUG	protocol/handler.go:1591	have processed broadcast	{"{round 20 3  <nil>}": {"Key":"from","Type":15,"Integer":0,"String":"b","Interface":null}}
2025-08-15T22:13:32.837-0500	DEBUG	protocol/handler.go:1649	have all messages and processed	{"{round 20 3  <nil>}": {"Key":"self","Type":15,"Integer":0,"String":"c","Interface":null}}
2025-08-15T22:13:32.837-0500	DEBUG	protocol/handler.go:596	round already finalized
2025-08-15T22:13:32.837-0500	DEBUG	protocol/handler.go:581	tryAdvanceRound called	{"{current_round 20 3  <nil>}": {"Key":"self","Type":15,"Integer":0,"String":"a","Interface":null}}
2025-08-15T22:13:32.837-0500	DEBUG	protocol/handler.go:1591	have processed broadcast	{"{round 20 3  <nil>}": {"Key":"from","Type":15,"Integer":0,"String":"b","Interface":null}}
2025-08-15T22:13:32.837-0500	DEBUG	protocol/handler.go:1591	have processed broadcast	{"{round 20 3  <nil>}": {"Key":"from","Type":15,"Integer":0,"String":"c","Interface":null}}
2025-08-15T22:13:32.838-0500	DEBUG	protocol/handler.go:1649	have all messages and processed	{"{round 20 3  <nil>}": {"Key":"self","Type":15,"Integer":0,"String":"a","Interface":null}}
2025-08-15T22:13:32.838-0500	DEBUG	protocol/handler.go:596	round already finalized
2025-08-15T22:13:32.838-0500	DEBUG	protocol/handler.go:581	tryAdvanceRound called	{"{current_round 20 3  <nil>}": {"Key":"self","Type":15,"Integer":0,"String":"a","Interface":null}}
2025-08-15T22:13:32.838-0500	DEBUG	protocol/handler.go:1591	have processed broadcast	{"{round 20 3  <nil>}": {"Key":"from","Type":15,"Integer":0,"String":"b","Interface":null}}
2025-08-15T22:13:32.838-0500	DEBUG	protocol/handler.go:1591	have processed broadcast	{"{round 20 3  <nil>}": {"Key":"from","Type":15,"Integer":0,"String":"c","Interface":null}}
2025-08-15T22:13:32.838-0500	DEBUG	protocol/handler.go:1649	have all messages and processed	{"{round 20 3  <nil>}": {"Key":"self","Type":15,"Integer":0,"String":"a","Interface":null}}
2025-08-15T22:13:32.838-0500	DEBUG	protocol/handler.go:596	round already finalized
2025-08-15T22:13:32.857-0500	DEBUG	protocol/handler.go:581	tryAdvanceRound called	{"{current_round 20 3  <nil>}": {"Key":"self","Type":15,"Integer":0,"String":"a","Interface":null}}
2025-08-15T22:13:32.857-0500	DEBUG	protocol/handler.go:1591	have processed broadcast	{"{round 20 3  <nil>}": {"Key":"from","Type":15,"Integer":0,"String":"b","Interface":null}}
2025-08-15T22:13:32.857-0500	DEBUG	protocol/handler.go:1591	have processed broadcast	{"{round 20 3  <nil>}": {"Key":"from","Type":15,"Integer":0,"String":"c","Interface":null}}
2025-08-15T22:13:32.857-0500	DEBUG	protocol/handler.go:1649	have all messages and processed	{"{round 20 3  <nil>}": {"Key":"self","Type":15,"Integer":0,"String":"a","Interface":null}}
2025-08-15T22:13:32.857-0500	DEBUG	protocol/handler.go:596	round already finalized
2025-08-15T22:13:32.880-0500	DEBUG	protocol/handler.go:581	tryAdvanceRound called	{"{current_round 20 3  <nil>}": {"Key":"self","Type":15,"Integer":0,"String":"b","Interface":null}}
2025-08-15T22:13:32.880-0500	DEBUG	protocol/handler.go:1591	have processed broadcast	{"{round 20 3  <nil>}": {"Key":"from","Type":15,"Integer":0,"String":"a","Interface":null}}
2025-08-15T22:13:32.880-0500	DEBUG	protocol/handler.go:1591	have processed broadcast	{"{round 20 3  <nil>}": {"Key":"from","Type":15,"Integer":0,"String":"c","Interface":null}}
2025-08-15T22:13:32.880-0500	DEBUG	protocol/handler.go:1649	have all messages and processed	{"{round 20 3  <nil>}": {"Key":"self","Type":15,"Integer":0,"String":"b","Interface":null}}
2025-08-15T22:13:32.880-0500	DEBUG	protocol/handler.go:596	round already finalized
2025-08-15T22:13:32.880-0500	DEBUG	protocol/handler.go:581	tryAdvanceRound called	{"{current_round 20 3  <nil>}": {"Key":"self","Type":15,"Integer":0,"String":"b","Interface":null}}
2025-08-15T22:13:32.880-0500	DEBUG	protocol/handler.go:1591	have processed broadcast	{"{round 20 3  <nil>}": {"Key":"from","Type":15,"Integer":0,"String":"a","Interface":null}}
2025-08-15T22:13:32.880-0500	DEBUG	protocol/handler.go:1591	have processed broadcast	{"{round 20 3  <nil>}": {"Key":"from","Type":15,"Integer":0,"String":"c","Interface":null}}
2025-08-15T22:13:32.881-0500	DEBUG	protocol/handler.go:1649	have all messages and processed	{"{round 20 3  <nil>}": {"Key":"self","Type":15,"Integer":0,"String":"b","Interface":null}}
2025-08-15T22:13:32.881-0500	DEBUG	protocol/handler.go:596	round already finalized
2025-08-15T22:13:32.900-0500	DEBUG	protocol/handler.go:581	tryAdvanceRound called	{"{current_round 20 3  <nil>}": {"Key":"self","Type":15,"Integer":0,"String":"b","Interface":null}}
2025-08-15T22:13:32.900-0500	DEBUG	protocol/handler.go:1591	have processed broadcast	{"{round 20 3  <nil>}": {"Key":"from","Type":15,"Integer":0,"String":"a","Interface":null}}
2025-08-15T22:13:32.900-0500	DEBUG	protocol/handler.go:1591	have processed broadcast	{"{round 20 3  <nil>}": {"Key":"from","Type":15,"Integer":0,"String":"c","Interface":null}}
2025-08-15T22:13:32.900-0500	DEBUG	protocol/handler.go:1649	have all messages and processed	{"{round 20 3  <nil>}": {"Key":"self","Type":15,"Integer":0,"String":"b","Interface":null}}
2025-08-15T22:13:32.900-0500	DEBUG	protocol/handler.go:596	round already finalized
2025-08-15T22:13:32.900-0500	DEBUG	protocol/handler.go:581	tryAdvanceRound called	{"{current_round 20 3  <nil>}": {"Key":"self","Type":15,"Integer":0,"String":"b","Interface":null}}
2025-08-15T22:13:32.900-0500	DEBUG	protocol/handler.go:1591	have processed broadcast	{"{round 20 3  <nil>}": {"Key":"from","Type":15,"Integer":0,"String":"a","Interface":null}}
2025-08-15T22:13:32.900-0500	DEBUG	protocol/handler.go:1591	have processed broadcast	{"{round 20 3  <nil>}": {"Key":"from","Type":15,"Integer":0,"String":"c","Interface":null}}
2025-08-15T22:13:32.900-0500	DEBUG	protocol/handler.go:1649	have all messages and processed	{"{round 20 3  <nil>}": {"Key":"self","Type":15,"Integer":0,"String":"b","Interface":null}}
2025-08-15T22:13:32.900-0500	DEBUG	protocol/handler.go:596	round already finalized
2025-08-15T22:13:32.900-0500	DEBUG	protocol/handler.go:581	tryAdvanceRound called	{"{current_round 20 3  <nil>}": {"Key":"self","Type":15,"Integer":0,"String":"c","Interface":null}}
2025-08-15T22:13:32.900-0500	DEBUG	protocol/handler.go:1591	have processed broadcast	{"{round 20 3  <nil>}": {"Key":"from","Type":15,"Integer":0,"String":"a","Interface":null}}
2025-08-15T22:13:32.900-0500	DEBUG	protocol/handler.go:1591	have processed broadcast	{"{round 20 3  <nil>}": {"Key":"from","Type":15,"Integer":0,"String":"b","Interface":null}}
2025-08-15T22:13:32.900-0500	DEBUG	protocol/handler.go:1649	have all messages and processed	{"{round 20 3  <nil>}": {"Key":"self","Type":15,"Integer":0,"String":"c","Interface":null}}
2025-08-15T22:13:32.900-0500	DEBUG	protocol/handler.go:596	round already finalized
2025-08-15T22:13:32.900-0500	DEBUG	protocol/handler.go:581	tryAdvanceRound called	{"{current_round 20 3  <nil>}": {"Key":"self","Type":15,"Integer":0,"String":"c","Interface":null}}
2025-08-15T22:13:32.900-0500	DEBUG	protocol/handler.go:1591	have processed broadcast	{"{round 20 3  <nil>}": {"Key":"from","Type":15,"Integer":0,"String":"a","Interface":null}}
2025-08-15T22:13:32.900-0500	DEBUG	protocol/handler.go:1591	have processed broadcast	{"{round 20 3  <nil>}": {"Key":"from","Type":15,"Integer":0,"String":"b","Interface":null}}
2025-08-15T22:13:32.900-0500	DEBUG	protocol/handler.go:1649	have all messages and processed	{"{round 20 3  <nil>}": {"Key":"self","Type":15,"Integer":0,"String":"c","Interface":null}}
2025-08-15T22:13:32.900-0500	DEBUG	protocol/handler.go:596	round already finalized
2025-08-15T22:13:32.900-0500	DEBUG	protocol/handler.go:581	tryAdvanceRound called	{"{current_round 20 3  <nil>}": {"Key":"self","Type":15,"Integer":0,"String":"a","Interface":null}}
2025-08-15T22:13:32.901-0500	DEBUG	protocol/handler.go:1591	have processed broadcast	{"{round 20 3  <nil>}": {"Key":"from","Type":15,"Integer":0,"String":"b","Interface":null}}
2025-08-15T22:13:32.901-0500	DEBUG	protocol/handler.go:1591	have processed broadcast	{"{round 20 3  <nil>}": {"Key":"from","Type":15,"Integer":0,"String":"c","Interface":null}}
2025-08-15T22:13:32.901-0500	DEBUG	protocol/handler.go:1649	have all messages and processed	{"{round 20 3  <nil>}": {"Key":"self","Type":15,"Integer":0,"String":"a","Interface":null}}
2025-08-15T22:13:32.901-0500	DEBUG	protocol/handler.go:596	round already finalized
2025-08-15T22:13:32.901-0500	DEBUG	protocol/handler.go:581	tryAdvanceRound called	{"{current_round 20 3  <nil>}": {"Key":"self","Type":15,"Integer":0,"String":"a","Interface":null}}
2025-08-15T22:13:32.901-0500	DEBUG	protocol/handler.go:1591	have processed broadcast	{"{round 20 3  <nil>}": {"Key":"from","Type":15,"Integer":0,"String":"b","Interface":null}}
2025-08-15T22:13:32.901-0500	DEBUG	protocol/handler.go:1591	have processed broadcast	{"{round 20 3  <nil>}": {"Key":"from","Type":15,"Integer":0,"String":"c","Interface":null}}
2025-08-15T22:13:32.901-0500	DEBUG	protocol/handler.go:1649	have all messages and processed	{"{round 20 3  <nil>}": {"Key":"self","Type":15,"Integer":0,"String":"a","Interface":null}}
2025-08-15T22:13:32.901-0500	DEBUG	protocol/handler.go:596	round already finalized
2025-08-15T22:13:32.901-0500	DEBUG	protocol/handler.go:581	tryAdvanceRound called	{"{current_round 20 3  <nil>}": {"Key":"self","Type":15,"Integer":0,"String":"b","Interface":null}}
2025-08-15T22:13:32.901-0500	DEBUG	protocol/handler.go:1591	have processed broadcast	{"{round 20 3  <nil>}": {"Key":"from","Type":15,"Integer":0,"String":"a","Interface":null}}
2025-08-15T22:13:32.901-0500	DEBUG	protocol/handler.go:1591	have processed broadcast	{"{round 20 3  <nil>}": {"Key":"from","Type":15,"Integer":0,"String":"c","Interface":null}}
2025-08-15T22:13:32.901-0500	DEBUG	protocol/handler.go:1649	have all messages and processed	{"{round 20 3  <nil>}": {"Key":"self","Type":15,"Integer":0,"String":"b","Interface":null}}
2025-08-15T22:13:32.901-0500	DEBUG	protocol/handler.go:596	round already finalized
2025-08-15T22:13:32.901-0500	DEBUG	protocol/handler.go:581	tryAdvanceRound called	{"{current_round 20 3  <nil>}": {"Key":"self","Type":15,"Integer":0,"String":"c","Interface":null}}
2025-08-15T22:13:32.901-0500	DEBUG	protocol/handler.go:1591	have processed broadcast	{"{round 20 3  <nil>}": {"Key":"from","Type":15,"Integer":0,"String":"a","Interface":null}}
2025-08-15T22:13:32.901-0500	DEBUG	protocol/handler.go:1591	have processed broadcast	{"{round 20 3  <nil>}": {"Key":"from","Type":15,"Integer":0,"String":"b","Interface":null}}
2025-08-15T22:13:32.901-0500	DEBUG	protocol/handler.go:1649	have all messages and processed	{"{round 20 3  <nil>}": {"Key":"self","Type":15,"Integer":0,"String":"c","Interface":null}}
2025-08-15T22:13:32.901-0500	DEBUG	protocol/handler.go:596	round already finalized
2025-08-15T22:13:32.920-0500	DEBUG	protocol/handler.go:581	tryAdvanceRound called	{"{current_round 20 3  <nil>}": {"Key":"self","Type":15,"Integer":0,"String":"b","Interface":null}}
2025-08-15T22:13:32.921-0500	DEBUG	protocol/handler.go:1591	have processed broadcast	{"{round 20 3  <nil>}": {"Key":"from","Type":15,"Integer":0,"String":"a","Interface":null}}
2025-08-15T22:13:32.921-0500	DEBUG	protocol/handler.go:1591	have processed broadcast	{"{round 20 3  <nil>}": {"Key":"from","Type":15,"Integer":0,"String":"c","Interface":null}}
2025-08-15T22:13:32.921-0500	DEBUG	protocol/handler.go:1649	have all messages and processed	{"{round 20 3  <nil>}": {"Key":"self","Type":15,"Integer":0,"String":"b","Interface":null}}
2025-08-15T22:13:32.921-0500	DEBUG	protocol/handler.go:596	round already finalized
2025-08-15T22:13:32.950-0500	DEBUG	protocol/handler.go:581	tryAdvanceRound called	{"{current_round 20 3  <nil>}": {"Key":"self","Type":15,"Integer":0,"String":"a","Interface":null}}
2025-08-15T22:13:32.950-0500	DEBUG	protocol/handler.go:1591	have processed broadcast	{"{round 20 3  <nil>}": {"Key":"from","Type":15,"Integer":0,"String":"b","Interface":null}}
2025-08-15T22:13:32.952-0500	DEBUG	protocol/handler.go:1591	have processed broadcast	{"{round 20 3  <nil>}": {"Key":"from","Type":15,"Integer":0,"String":"c","Interface":null}}
2025-08-15T22:13:32.952-0500	DEBUG	protocol/handler.go:1649	have all messages and processed	{"{round 20 3  <nil>}": {"Key":"self","Type":15,"Integer":0,"String":"a","Interface":null}}
2025-08-15T22:13:32.952-0500	DEBUG	protocol/handler.go:596	round already finalized
2025-08-15T22:13:32.952-0500	DEBUG	protocol/handler.go:581	tryAdvanceRound called	{"{current_round 20 3  <nil>}": {"Key":"self","Type":15,"Integer":0,"String":"a","Interface":null}}
2025-08-15T22:13:32.952-0500	DEBUG	protocol/handler.go:1591	have processed broadcast	{"{round 20 3  <nil>}": {"Key":"from","Type":15,"Integer":0,"String":"b","Interface":null}}
2025-08-15T22:13:32.952-0500	DEBUG	protocol/handler.go:1591	have processed broadcast	{"{round 20 3  <nil>}": {"Key":"from","Type":15,"Integer":0,"String":"c","Interface":null}}
2025-08-15T22:13:32.952-0500	DEBUG	protocol/handler.go:1649	have all messages and processed	{"{round 20 3  <nil>}": {"Key":"self","Type":15,"Integer":0,"String":"a","Interface":null}}
2025-08-15T22:13:32.952-0500	DEBUG	protocol/handler.go:596	round already finalized
2025-08-15T22:13:32.952-0500	DEBUG	protocol/handler.go:581	tryAdvanceRound called	{"{current_round 20 3  <nil>}": {"Key":"self","Type":15,"Integer":0,"String":"c","Interface":null}}
2025-08-15T22:13:32.952-0500	DEBUG	protocol/handler.go:1591	have processed broadcast	{"{round 20 3  <nil>}": {"Key":"from","Type":15,"Integer":0,"String":"a","Interface":null}}
2025-08-15T22:13:32.952-0500	DEBUG	protocol/handler.go:1591	have processed broadcast	{"{round 20 3  <nil>}": {"Key":"from","Type":15,"Integer":0,"String":"b","Interface":null}}
2025-08-15T22:13:32.974-0500	DEBUG	protocol/handler.go:581	tryAdvanceRound called	{"{current_round 20 3  <nil>}": {"Key":"self","Type":15,"Integer":0,"String":"b","Interface":null}}
2025-08-15T22:13:32.975-0500	DEBUG	protocol/handler.go:1591	have processed broadcast	{"{round 20 3  <nil>}": {"Key":"from","Type":15,"Integer":0,"String":"a","Interface":null}}
2025-08-15T22:13:32.975-0500	DEBUG	protocol/handler.go:1591	have processed broadcast	{"{round 20 3  <nil>}": {"Key":"from","Type":15,"Integer":0,"String":"c","Interface":null}}
2025-08-15T22:13:32.975-0500	DEBUG	protocol/handler.go:1649	have all messages and processed	{"{round 20 3  <nil>}": {"Key":"self","Type":15,"Integer":0,"String":"b","Interface":null}}
2025-08-15T22:13:32.975-0500	DEBUG	protocol/handler.go:596	round already finalized
2025-08-15T22:13:32.975-0500	DEBUG	protocol/handler.go:581	tryAdvanceRound called	{"{current_round 20 3  <nil>}": {"Key":"self","Type":15,"Integer":0,"String":"b","Interface":null}}
2025-08-15T22:13:32.975-0500	DEBUG	protocol/handler.go:1591	have processed broadcast	{"{round 20 3  <nil>}": {"Key":"from","Type":15,"Integer":0,"String":"a","Interface":null}}
2025-08-15T22:13:32.975-0500	DEBUG	protocol/handler.go:1591	have processed broadcast	{"{round 20 3  <nil>}": {"Key":"from","Type":15,"Integer":0,"String":"c","Interface":null}}
2025-08-15T22:13:32.975-0500	DEBUG	protocol/handler.go:1649	have all messages and processed	{"{round 20 3  <nil>}": {"Key":"self","Type":15,"Integer":0,"String":"b","Interface":null}}
2025-08-15T22:13:32.975-0500	DEBUG	protocol/handler.go:596	round already finalized
2025-08-15T22:13:32.975-0500	DEBUG	protocol/handler.go:581	tryAdvanceRound called	{"{current_round 20 3  <nil>}": {"Key":"self","Type":15,"Integer":0,"String":"a","Interface":null}}
2025-08-15T22:13:32.975-0500	DEBUG	protocol/handler.go:1591	have processed broadcast	{"{round 20 3  <nil>}": {"Key":"from","Type":15,"Integer":0,"String":"b","Interface":null}}
2025-08-15T22:13:32.975-0500	DEBUG	protocol/handler.go:1591	have processed broadcast	{"{round 20 3  <nil>}": {"Key":"from","Type":15,"Integer":0,"String":"c","Interface":null}}
2025-08-15T22:13:32.975-0500	DEBUG	protocol/handler.go:1649	have all messages and processed	{"{round 20 3  <nil>}": {"Key":"self","Type":15,"Integer":0,"String":"a","Interface":null}}
2025-08-15T22:13:32.976-0500	DEBUG	protocol/handler.go:596	round already finalized
2025-08-15T22:13:32.977-0500	DEBUG	protocol/handler.go:581	tryAdvanceRound called	{"{current_round 20 3  <nil>}": {"Key":"self","Type":15,"Integer":0,"String":"a","Interface":null}}
2025-08-15T22:13:32.977-0500	DEBUG	protocol/handler.go:1591	have processed broadcast	{"{round 20 3  <nil>}": {"Key":"from","Type":15,"Integer":0,"String":"b","Interface":null}}
2025-08-15T22:13:32.978-0500	DEBUG	protocol/handler.go:1591	have processed broadcast	{"{round 20 3  <nil>}": {"Key":"from","Type":15,"Integer":0,"String":"c","Interface":null}}
2025-08-15T22:13:32.978-0500	DEBUG	protocol/handler.go:1649	have all messages and processed	{"{round 20 3  <nil>}": {"Key":"self","Type":15,"Integer":0,"String":"a","Interface":null}}
2025-08-15T22:13:32.978-0500	DEBUG	protocol/handler.go:596	round already finalized
2025-08-15T22:13:33.003-0500	DEBUG	protocol/handler.go:581	tryAdvanceRound called	{"{current_round 20 3  <nil>}": {"Key":"self","Type":15,"Integer":0,"String":"a","Interface":null}}
2025-08-15T22:13:33.003-0500	DEBUG	protocol/handler.go:1591	have processed broadcast	{"{round 20 3  <nil>}": {"Key":"from","Type":15,"Integer":0,"String":"b","Interface":null}}
2025-08-15T22:13:33.003-0500	DEBUG	protocol/handler.go:1591	have processed broadcast	{"{round 20 3  <nil>}": {"Key":"from","Type":15,"Integer":0,"String":"c","Interface":null}}
2025-08-15T22:13:33.003-0500	DEBUG	protocol/handler.go:1649	have all messages and processed	{"{round 20 3  <nil>}": {"Key":"self","Type":15,"Integer":0,"String":"a","Interface":null}}
2025-08-15T22:13:33.003-0500	DEBUG	protocol/handler.go:596	round already finalized
2025-08-15T22:13:33.003-0500	DEBUG	protocol/handler.go:581	tryAdvanceRound called	{"{current_round 20 3  <nil>}": {"Key":"self","Type":15,"Integer":0,"String":"b","Interface":null}}
2025-08-15T22:13:33.003-0500	DEBUG	protocol/handler.go:1591	have processed broadcast	{"{round 20 3  <nil>}": {"Key":"from","Type":15,"Integer":0,"String":"a","Interface":null}}
2025-08-15T22:13:33.003-0500	DEBUG	protocol/handler.go:1591	have processed broadcast	{"{round 20 3  <nil>}": {"Key":"from","Type":15,"Integer":0,"String":"c","Interface":null}}
2025-08-15T22:13:33.003-0500	DEBUG	protocol/handler.go:1649	have all messages and processed	{"{round 20 3  <nil>}": {"Key":"self","Type":15,"Integer":0,"String":"b","Interface":null}}
2025-08-15T22:13:33.003-0500	DEBUG	protocol/handler.go:596	round already finalized
2025-08-15T22:13:32.952-0500	DEBUG	protocol/handler.go:1649	have all messages and processed	{"{round 20 3  <nil>}": {"Key":"self","Type":15,"Integer":0,"String":"c","Interface":null}}
2025-08-15T22:13:33.003-0500	DEBUG	protocol/handler.go:596	round already finalized
2025-08-15T22:13:33.003-0500	DEBUG	protocol/handler.go:581	tryAdvanceRound called	{"{current_round 20 3  <nil>}": {"Key":"self","Type":15,"Integer":0,"String":"c","Interface":null}}
2025-08-15T22:13:33.003-0500	DEBUG	protocol/handler.go:1591	have processed broadcast	{"{round 20 3  <nil>}": {"Key":"from","Type":15,"Integer":0,"String":"a","Interface":null}}
2025-08-15T22:13:33.004-0500	DEBUG	protocol/handler.go:1591	have processed broadcast	{"{round 20 3  <nil>}": {"Key":"from","Type":15,"Integer":0,"String":"b","Interface":null}}
2025-08-15T22:13:33.004-0500	DEBUG	protocol/handler.go:1649	have all messages and processed	{"{round 20 3  <nil>}": {"Key":"self","Type":15,"Integer":0,"String":"c","Interface":null}}
2025-08-15T22:13:33.004-0500	DEBUG	protocol/handler.go:596	round already finalized
2025-08-15T22:13:33.026-0500	DEBUG	protocol/handler.go:581	tryAdvanceRound called	{"{current_round 20 3  <nil>}": {"Key":"self","Type":15,"Integer":0,"String":"a","Interface":null}}
2025-08-15T22:13:33.026-0500	DEBUG	protocol/handler.go:1591	have processed broadcast	{"{round 20 3  <nil>}": {"Key":"from","Type":15,"Integer":0,"String":"b","Interface":null}}
2025-08-15T22:13:33.026-0500	DEBUG	protocol/handler.go:1591	have processed broadcast	{"{round 20 3  <nil>}": {"Key":"from","Type":15,"Integer":0,"String":"c","Interface":null}}
2025-08-15T22:13:33.026-0500	DEBUG	protocol/handler.go:1649	have all messages and processed	{"{round 20 3  <nil>}": {"Key":"self","Type":15,"Integer":0,"String":"a","Interface":null}}
2025-08-15T22:13:33.026-0500	DEBUG	protocol/handler.go:596	round already finalized
2025-08-15T22:13:33.026-0500	DEBUG	protocol/handler.go:581	tryAdvanceRound called	{"{current_round 20 3  <nil>}": {"Key":"self","Type":15,"Integer":0,"String":"b","Interface":null}}
2025-08-15T22:13:33.026-0500	DEBUG	protocol/handler.go:1591	have processed broadcast	{"{round 20 3  <nil>}": {"Key":"from","Type":15,"Integer":0,"String":"a","Interface":null}}
2025-08-15T22:13:33.026-0500	DEBUG	protocol/handler.go:1591	have processed broadcast	{"{round 20 3  <nil>}": {"Key":"from","Type":15,"Integer":0,"String":"c","Interface":null}}
2025-08-15T22:13:33.026-0500	DEBUG	protocol/handler.go:1649	have all messages and processed	{"{round 20 3  <nil>}": {"Key":"self","Type":15,"Integer":0,"String":"b","Interface":null}}
2025-08-15T22:13:33.026-0500	DEBUG	protocol/handler.go:596	round already finalized
2025-08-15T22:13:33.026-0500	DEBUG	protocol/handler.go:581	tryAdvanceRound called	{"{current_round 20 3  <nil>}": {"Key":"self","Type":15,"Integer":0,"String":"c","Interface":null}}
2025-08-15T22:13:33.026-0500	DEBUG	protocol/handler.go:1591	have processed broadcast	{"{round 20 3  <nil>}": {"Key":"from","Type":15,"Integer":0,"String":"a","Interface":null}}
2025-08-15T22:13:33.026-0500	DEBUG	protocol/handler.go:1591	have processed broadcast	{"{round 20 3  <nil>}": {"Key":"from","Type":15,"Integer":0,"String":"b","Interface":null}}
2025-08-15T22:13:33.026-0500	DEBUG	protocol/handler.go:1649	have all messages and processed	{"{round 20 3  <nil>}": {"Key":"self","Type":15,"Integer":0,"String":"c","Interface":null}}
2025-08-15T22:13:33.026-0500	DEBUG	protocol/handler.go:596	round already finalized
2025-08-15T22:13:33.026-0500	DEBUG	protocol/handler.go:581	tryAdvanceRound called	{"{current_round 20 3  <nil>}": {"Key":"self","Type":15,"Integer":0,"String":"a","Interface":null}}
2025-08-15T22:13:33.026-0500	DEBUG	protocol/handler.go:1591	have processed broadcast	{"{round 20 3  <nil>}": {"Key":"from","Type":15,"Integer":0,"String":"b","Interface":null}}
2025-08-15T22:13:33.026-0500	DEBUG	protocol/handler.go:1591	have processed broadcast	{"{round 20 3  <nil>}": {"Key":"from","Type":15,"Integer":0,"String":"c","Interface":null}}
2025-08-15T22:13:33.026-0500	DEBUG	protocol/handler.go:1649	have all messages and processed	{"{round 20 3  <nil>}": {"Key":"self","Type":15,"Integer":0,"String":"a","Interface":null}}
2025-08-15T22:13:33.026-0500	DEBUG	protocol/handler.go:596	round already finalized
2025-08-15T22:13:33.085-0500	DEBUG	protocol/handler.go:581	tryAdvanceRound called	{"{current_round 20 3  <nil>}": {"Key":"self","Type":15,"Integer":0,"String":"b","Interface":null}}
2025-08-15T22:13:33.085-0500	DEBUG	protocol/handler.go:1591	have processed broadcast	{"{round 20 3  <nil>}": {"Key":"from","Type":15,"Integer":0,"String":"a","Interface":null}}
2025-08-15T22:13:33.085-0500	DEBUG	protocol/handler.go:1591	have processed broadcast	{"{round 20 3  <nil>}": {"Key":"from","Type":15,"Integer":0,"String":"c","Interface":null}}
2025-08-15T22:13:33.088-0500	DEBUG	protocol/handler.go:1649	have all messages and processed	{"{round 20 3  <nil>}": {"Key":"self","Type":15,"Integer":0,"String":"b","Interface":null}}
2025-08-15T22:13:33.088-0500	DEBUG	protocol/handler.go:596	round already finalized
2025-08-15T22:13:33.088-0500	DEBUG	protocol/handler.go:581	tryAdvanceRound called	{"{current_round 20 3  <nil>}": {"Key":"self","Type":15,"Integer":0,"String":"b","Interface":null}}
2025-08-15T22:13:33.088-0500	DEBUG	protocol/handler.go:1591	have processed broadcast	{"{round 20 3  <nil>}": {"Key":"from","Type":15,"Integer":0,"String":"a","Interface":null}}
2025-08-15T22:13:33.088-0500	DEBUG	protocol/handler.go:1591	have processed broadcast	{"{round 20 3  <nil>}": {"Key":"from","Type":15,"Integer":0,"String":"c","Interface":null}}
2025-08-15T22:13:33.089-0500	DEBUG	protocol/handler.go:1649	have all messages and processed	{"{round 20 3  <nil>}": {"Key":"self","Type":15,"Integer":0,"String":"b","Interface":null}}
2025-08-15T22:13:33.089-0500	DEBUG	protocol/handler.go:596	round already finalized
2025-08-15T22:13:33.089-0500	DEBUG	protocol/handler.go:581	tryAdvanceRound called	{"{current_round 20 3  <nil>}": {"Key":"self","Type":15,"Integer":0,"String":"a","Interface":null}}
2025-08-15T22:13:33.090-0500	DEBUG	protocol/handler.go:1591	have processed broadcast	{"{round 20 3  <nil>}": {"Key":"from","Type":15,"Integer":0,"String":"b","Interface":null}}
2025-08-15T22:13:33.090-0500	DEBUG	protocol/handler.go:1591	have processed broadcast	{"{round 20 3  <nil>}": {"Key":"from","Type":15,"Integer":0,"String":"c","Interface":null}}
2025-08-15T22:13:33.090-0500	DEBUG	protocol/handler.go:1649	have all messages and processed	{"{round 20 3  <nil>}": {"Key":"self","Type":15,"Integer":0,"String":"a","Interface":null}}
2025-08-15T22:13:33.090-0500	DEBUG	protocol/handler.go:596	round already finalized
2025-08-15T22:13:33.090-0500	DEBUG	protocol/handler.go:581	tryAdvanceRound called	{"{current_round 20 3  <nil>}": {"Key":"self","Type":15,"Integer":0,"String":"a","Interface":null}}
2025-08-15T22:13:33.090-0500	DEBUG	protocol/handler.go:1591	have processed broadcast	{"{round 20 3  <nil>}": {"Key":"from","Type":15,"Integer":0,"String":"b","Interface":null}}
2025-08-15T22:13:33.090-0500	DEBUG	protocol/handler.go:1591	have processed broadcast	{"{round 20 3  <nil>}": {"Key":"from","Type":15,"Integer":0,"String":"c","Interface":null}}
2025-08-15T22:13:33.090-0500	DEBUG	protocol/handler.go:1649	have all messages and processed	{"{round 20 3  <nil>}": {"Key":"self","Type":15,"Integer":0,"String":"a","Interface":null}}
2025-08-15T22:13:33.090-0500	DEBUG	protocol/handler.go:596	round already finalized
2025-08-15T22:13:33.090-0500	DEBUG	protocol/handler.go:581	tryAdvanceRound called	{"{current_round 20 3  <nil>}": {"Key":"self","Type":15,"Integer":0,"String":"b","Interface":null}}
2025-08-15T22:13:33.091-0500	DEBUG	protocol/handler.go:1591	have processed broadcast	{"{round 20 3  <nil>}": {"Key":"from","Type":15,"Integer":0,"String":"a","Interface":null}}
2025-08-15T22:13:33.091-0500	DEBUG	protocol/handler.go:1591	have processed broadcast	{"{round 20 3  <nil>}": {"Key":"from","Type":15,"Integer":0,"String":"c","Interface":null}}
2025-08-15T22:13:33.091-0500	DEBUG	protocol/handler.go:1649	have all messages and processed	{"{round 20 3  <nil>}": {"Key":"self","Type":15,"Integer":0,"String":"b","Interface":null}}
2025-08-15T22:13:33.091-0500	DEBUG	protocol/handler.go:596	round already finalized
2025-08-15T22:13:33.111-0500	DEBUG	protocol/handler.go:581	tryAdvanceRound called	{"{current_round 20 3  <nil>}": {"Key":"self","Type":15,"Integer":0,"String":"b","Interface":null}}
2025-08-15T22:13:33.111-0500	DEBUG	protocol/handler.go:1591	have processed broadcast	{"{round 20 3  <nil>}": {"Key":"from","Type":15,"Integer":0,"String":"a","Interface":null}}
2025-08-15T22:13:33.111-0500	DEBUG	protocol/handler.go:1591	have processed broadcast	{"{round 20 3  <nil>}": {"Key":"from","Type":15,"Integer":0,"String":"c","Interface":null}}
2025-08-15T22:13:33.112-0500	DEBUG	protocol/handler.go:1649	have all messages and processed	{"{round 20 3  <nil>}": {"Key":"self","Type":15,"Integer":0,"String":"b","Interface":null}}
2025-08-15T22:13:33.112-0500	DEBUG	protocol/handler.go:596	round already finalized
2025-08-15T22:13:33.050-0500	DEBUG	protocol/handler.go:581	tryAdvanceRound called	{"{current_round 20 3  <nil>}": {"Key":"self","Type":15,"Integer":0,"String":"c","Interface":null}}
2025-08-15T22:13:33.114-0500	DEBUG	protocol/handler.go:1591	have processed broadcast	{"{round 20 3  <nil>}": {"Key":"from","Type":15,"Integer":0,"String":"a","Interface":null}}
2025-08-15T22:13:33.114-0500	DEBUG	protocol/handler.go:1591	have processed broadcast	{"{round 20 3  <nil>}": {"Key":"from","Type":15,"Integer":0,"String":"b","Interface":null}}
2025-08-15T22:13:33.114-0500	DEBUG	protocol/handler.go:1649	have all messages and processed	{"{round 20 3  <nil>}": {"Key":"self","Type":15,"Integer":0,"String":"c","Interface":null}}
2025-08-15T22:13:33.114-0500	DEBUG	protocol/handler.go:596	round already finalized
2025-08-15T22:13:33.114-0500	DEBUG	protocol/handler.go:581	tryAdvanceRound called	{"{current_round 20 3  <nil>}": {"Key":"self","Type":15,"Integer":0,"String":"c","Interface":null}}
2025-08-15T22:13:33.116-0500	DEBUG	protocol/handler.go:1591	have processed broadcast	{"{round 20 3  <nil>}": {"Key":"from","Type":15,"Integer":0,"String":"a","Interface":null}}
2025-08-15T22:13:33.116-0500	DEBUG	protocol/handler.go:1591	have processed broadcast	{"{round 20 3  <nil>}": {"Key":"from","Type":15,"Integer":0,"String":"b","Interface":null}}
2025-08-15T22:13:33.116-0500	DEBUG	protocol/handler.go:1649	have all messages and processed	{"{round 20 3  <nil>}": {"Key":"self","Type":15,"Integer":0,"String":"c","Interface":null}}
2025-08-15T22:13:33.116-0500	DEBUG	protocol/handler.go:596	round already finalized
2025-08-15T22:13:33.129-0500	DEBUG	protocol/handler.go:581	tryAdvanceRound called	{"{current_round 20 3  <nil>}": {"Key":"self","Type":15,"Integer":0,"String":"c","Interface":null}}
2025-08-15T22:13:33.129-0500	DEBUG	protocol/handler.go:1591	have processed broadcast	{"{round 20 3  <nil>}": {"Key":"from","Type":15,"Integer":0,"String":"a","Interface":null}}
2025-08-15T22:13:33.129-0500	DEBUG	protocol/handler.go:1591	have processed broadcast	{"{round 20 3  <nil>}": {"Key":"from","Type":15,"Integer":0,"String":"b","Interface":null}}
2025-08-15T22:13:33.129-0500	DEBUG	protocol/handler.go:1649	have all messages and processed	{"{round 20 3  <nil>}": {"Key":"self","Type":15,"Integer":0,"String":"c","Interface":null}}
2025-08-15T22:13:33.129-0500	DEBUG	protocol/handler.go:596	round already finalized
2025-08-15T22:13:33.130-0500	DEBUG	protocol/handler.go:581	tryAdvanceRound called	{"{current_round 20 3  <nil>}": {"Key":"self","Type":15,"Integer":0,"String":"b","Interface":null}}
2025-08-15T22:13:33.130-0500	DEBUG	protocol/handler.go:1591	have processed broadcast	{"{round 20 3  <nil>}": {"Key":"from","Type":15,"Integer":0,"String":"a","Interface":null}}
2025-08-15T22:13:33.130-0500	DEBUG	protocol/handler.go:1591	have processed broadcast	{"{round 20 3  <nil>}": {"Key":"from","Type":15,"Integer":0,"String":"c","Interface":null}}
2025-08-15T22:13:33.130-0500	DEBUG	protocol/handler.go:1649	have all messages and processed	{"{round 20 3  <nil>}": {"Key":"self","Type":15,"Integer":0,"String":"b","Interface":null}}
2025-08-15T22:13:33.130-0500	DEBUG	protocol/handler.go:596	round already finalized
2025-08-15T22:13:33.130-0500	DEBUG	protocol/handler.go:581	tryAdvanceRound called	{"{current_round 20 3  <nil>}": {"Key":"self","Type":15,"Integer":0,"String":"a","Interface":null}}
2025-08-15T22:13:33.130-0500	DEBUG	protocol/handler.go:1591	have processed broadcast	{"{round 20 3  <nil>}": {"Key":"from","Type":15,"Integer":0,"String":"b","Interface":null}}
2025-08-15T22:13:33.130-0500	DEBUG	protocol/handler.go:1591	have processed broadcast	{"{round 20 3  <nil>}": {"Key":"from","Type":15,"Integer":0,"String":"c","Interface":null}}
2025-08-15T22:13:33.136-0500	DEBUG	protocol/handler.go:1649	have all messages and processed	{"{round 20 3  <nil>}": {"Key":"self","Type":15,"Integer":0,"String":"a","Interface":null}}
2025-08-15T22:13:33.136-0500	DEBUG	protocol/handler.go:596	round already finalized
2025-08-15T22:13:33.136-0500	DEBUG	protocol/handler.go:581	tryAdvanceRound called	{"{current_round 20 3  <nil>}": {"Key":"self","Type":15,"Integer":0,"String":"a","Interface":null}}
2025-08-15T22:13:33.136-0500	DEBUG	protocol/handler.go:1591	have processed broadcast	{"{round 20 3  <nil>}": {"Key":"from","Type":15,"Integer":0,"String":"b","Interface":null}}
2025-08-15T22:13:33.136-0500	DEBUG	protocol/handler.go:1591	have processed broadcast	{"{round 20 3  <nil>}": {"Key":"from","Type":15,"Integer":0,"String":"c","Interface":null}}
2025-08-15T22:13:33.136-0500	DEBUG	protocol/handler.go:1649	have all messages and processed	{"{round 20 3  <nil>}": {"Key":"self","Type":15,"Integer":0,"String":"a","Interface":null}}
2025-08-15T22:13:33.136-0500	DEBUG	protocol/handler.go:596	round already finalized
2025-08-15T22:13:33.136-0500	DEBUG	protocol/handler.go:581	tryAdvanceRound called	{"{current_round 20 3  <nil>}": {"Key":"self","Type":15,"Integer":0,"String":"a","Interface":null}}
2025-08-15T22:13:33.136-0500	DEBUG	protocol/handler.go:1591	have processed broadcast	{"{round 20 3  <nil>}": {"Key":"from","Type":15,"Integer":0,"String":"b","Interface":null}}
2025-08-15T22:13:33.136-0500	DEBUG	protocol/handler.go:1591	have processed broadcast	{"{round 20 3  <nil>}": {"Key":"from","Type":15,"Integer":0,"String":"c","Interface":null}}
2025-08-15T22:13:33.136-0500	DEBUG	protocol/handler.go:1649	have all messages and processed	{"{round 20 3  <nil>}": {"Key":"self","Type":15,"Integer":0,"String":"a","Interface":null}}
2025-08-15T22:13:33.136-0500	DEBUG	protocol/handler.go:596	round already finalized
2025-08-15T22:13:33.137-0500	DEBUG	protocol/handler.go:581	tryAdvanceRound called	{"{current_round 20 3  <nil>}": {"Key":"self","Type":15,"Integer":0,"String":"b","Interface":null}}
2025-08-15T22:13:33.137-0500	DEBUG	protocol/handler.go:1591	have processed broadcast	{"{round 20 3  <nil>}": {"Key":"from","Type":15,"Integer":0,"String":"a","Interface":null}}
2025-08-15T22:13:33.137-0500	DEBUG	protocol/handler.go:1591	have processed broadcast	{"{round 20 3  <nil>}": {"Key":"from","Type":15,"Integer":0,"String":"c","Interface":null}}
2025-08-15T22:13:33.137-0500	DEBUG	protocol/handler.go:1649	have all messages and processed	{"{round 20 3  <nil>}": {"Key":"self","Type":15,"Integer":0,"String":"b","Interface":null}}
2025-08-15T22:13:33.137-0500	DEBUG	protocol/handler.go:596	round already finalized
2025-08-15T22:13:33.153-0500	DEBUG	protocol/handler.go:581	tryAdvanceRound called	{"{current_round 20 3  <nil>}": {"Key":"self","Type":15,"Integer":0,"String":"b","Interface":null}}
2025-08-15T22:13:33.153-0500	DEBUG	protocol/handler.go:1591	have processed broadcast	{"{round 20 3  <nil>}": {"Key":"from","Type":15,"Integer":0,"String":"a","Interface":null}}
2025-08-15T22:13:33.153-0500	DEBUG	protocol/handler.go:1591	have processed broadcast	{"{round 20 3  <nil>}": {"Key":"from","Type":15,"Integer":0,"String":"c","Interface":null}}
2025-08-15T22:13:33.153-0500	DEBUG	protocol/handler.go:1649	have all messages and processed	{"{round 20 3  <nil>}": {"Key":"self","Type":15,"Integer":0,"String":"b","Interface":null}}
2025-08-15T22:13:33.153-0500	DEBUG	protocol/handler.go:596	round already finalized
2025-08-15T22:13:33.152-0500	DEBUG	protocol/handler.go:581	tryAdvanceRound called	{"{current_round 20 3  <nil>}": {"Key":"self","Type":15,"Integer":0,"String":"c","Interface":null}}
2025-08-15T22:13:33.154-0500	DEBUG	protocol/handler.go:1591	have processed broadcast	{"{round 20 3  <nil>}": {"Key":"from","Type":15,"Integer":0,"String":"a","Interface":null}}
2025-08-15T22:13:33.154-0500	DEBUG	protocol/handler.go:1591	have processed broadcast	{"{round 20 3  <nil>}": {"Key":"from","Type":15,"Integer":0,"String":"b","Interface":null}}
2025-08-15T22:13:33.154-0500	DEBUG	protocol/handler.go:1649	have all messages and processed	{"{round 20 3  <nil>}": {"Key":"self","Type":15,"Integer":0,"String":"c","Interface":null}}
2025-08-15T22:13:33.154-0500	DEBUG	protocol/handler.go:596	round already finalized
2025-08-15T22:13:33.176-0500	DEBUG	protocol/handler.go:581	tryAdvanceRound called	{"{current_round 20 3  <nil>}": {"Key":"self","Type":15,"Integer":0,"String":"b","Interface":null}}
2025-08-15T22:13:33.176-0500	DEBUG	protocol/handler.go:1591	have processed broadcast	{"{round 20 3  <nil>}": {"Key":"from","Type":15,"Integer":0,"String":"a","Interface":null}}
2025-08-15T22:13:33.176-0500	DEBUG	protocol/handler.go:1591	have processed broadcast	{"{round 20 3  <nil>}": {"Key":"from","Type":15,"Integer":0,"String":"c","Interface":null}}
2025-08-15T22:13:33.176-0500	DEBUG	protocol/handler.go:1649	have all messages and processed	{"{round 20 3  <nil>}": {"Key":"self","Type":15,"Integer":0,"String":"b","Interface":null}}
2025-08-15T22:13:33.176-0500	DEBUG	protocol/handler.go:596	round already finalized
2025-08-15T22:13:33.176-0500	DEBUG	protocol/handler.go:581	tryAdvanceRound called	{"{current_round 20 3  <nil>}": {"Key":"self","Type":15,"Integer":0,"String":"a","Interface":null}}
2025-08-15T22:13:33.176-0500	DEBUG	protocol/handler.go:1591	have processed broadcast	{"{round 20 3  <nil>}": {"Key":"from","Type":15,"Integer":0,"String":"b","Interface":null}}
2025-08-15T22:13:33.176-0500	DEBUG	protocol/handler.go:1591	have processed broadcast	{"{round 20 3  <nil>}": {"Key":"from","Type":15,"Integer":0,"String":"c","Interface":null}}
2025-08-15T22:13:33.176-0500	DEBUG	protocol/handler.go:1649	have all messages and processed	{"{round 20 3  <nil>}": {"Key":"self","Type":15,"Integer":0,"String":"a","Interface":null}}
2025-08-15T22:13:33.176-0500	DEBUG	protocol/handler.go:596	round already finalized
2025-08-15T22:13:33.176-0500	DEBUG	protocol/handler.go:581	tryAdvanceRound called	{"{current_round 20 3  <nil>}": {"Key":"self","Type":15,"Integer":0,"String":"a","Interface":null}}
2025-08-15T22:13:33.176-0500	DEBUG	protocol/handler.go:1591	have processed broadcast	{"{round 20 3  <nil>}": {"Key":"from","Type":15,"Integer":0,"String":"b","Interface":null}}
2025-08-15T22:13:33.176-0500	DEBUG	protocol/handler.go:1591	have processed broadcast	{"{round 20 3  <nil>}": {"Key":"from","Type":15,"Integer":0,"String":"c","Interface":null}}
2025-08-15T22:13:33.176-0500	DEBUG	protocol/handler.go:1649	have all messages and processed	{"{round 20 3  <nil>}": {"Key":"self","Type":15,"Integer":0,"String":"a","Interface":null}}
2025-08-15T22:13:33.176-0500	DEBUG	protocol/handler.go:596	round already finalized
2025-08-15T22:13:33.176-0500	DEBUG	protocol/handler.go:581	tryAdvanceRound called	{"{current_round 20 3  <nil>}": {"Key":"self","Type":15,"Integer":0,"String":"a","Interface":null}}
2025-08-15T22:13:33.177-0500	DEBUG	protocol/handler.go:1591	have processed broadcast	{"{round 20 3  <nil>}": {"Key":"from","Type":15,"Integer":0,"String":"b","Interface":null}}
2025-08-15T22:13:33.177-0500	DEBUG	protocol/handler.go:1591	have processed broadcast	{"{round 20 3  <nil>}": {"Key":"from","Type":15,"Integer":0,"String":"c","Interface":null}}
2025-08-15T22:13:33.177-0500	DEBUG	protocol/handler.go:1649	have all messages and processed	{"{round 20 3  <nil>}": {"Key":"self","Type":15,"Integer":0,"String":"a","Interface":null}}
2025-08-15T22:13:33.177-0500	DEBUG	protocol/handler.go:596	round already finalized
2025-08-15T22:13:33.182-0500	DEBUG	protocol/handler.go:581	tryAdvanceRound called	{"{current_round 20 3  <nil>}": {"Key":"self","Type":15,"Integer":0,"String":"c","Interface":null}}
2025-08-15T22:13:33.183-0500	DEBUG	protocol/handler.go:1591	have processed broadcast	{"{round 20 3  <nil>}": {"Key":"from","Type":15,"Integer":0,"String":"a","Interface":null}}
2025-08-15T22:13:33.183-0500	DEBUG	protocol/handler.go:1591	have processed broadcast	{"{round 20 3  <nil>}": {"Key":"from","Type":15,"Integer":0,"String":"b","Interface":null}}
2025-08-15T22:13:33.183-0500	DEBUG	protocol/handler.go:1649	have all messages and processed	{"{round 20 3  <nil>}": {"Key":"self","Type":15,"Integer":0,"String":"c","Interface":null}}
2025-08-15T22:13:33.183-0500	DEBUG	protocol/handler.go:596	round already finalized
2025-08-15T22:13:33.200-0500	DEBUG	protocol/handler.go:581	tryAdvanceRound called	{"{current_round 20 3  <nil>}": {"Key":"self","Type":15,"Integer":0,"String":"c","Interface":null}}
2025-08-15T22:13:33.200-0500	DEBUG	protocol/handler.go:1591	have processed broadcast	{"{round 20 3  <nil>}": {"Key":"from","Type":15,"Integer":0,"String":"a","Interface":null}}
2025-08-15T22:13:33.200-0500	DEBUG	protocol/handler.go:1591	have processed broadcast	{"{round 20 3  <nil>}": {"Key":"from","Type":15,"Integer":0,"String":"b","Interface":null}}
2025-08-15T22:13:33.200-0500	DEBUG	protocol/handler.go:1649	have all messages and processed	{"{round 20 3  <nil>}": {"Key":"self","Type":15,"Integer":0,"String":"c","Interface":null}}
2025-08-15T22:13:33.200-0500	DEBUG	protocol/handler.go:596	round already finalized
2025-08-15T22:13:33.200-0500	DEBUG	protocol/handler.go:581	tryAdvanceRound called	{"{current_round 20 3  <nil>}": {"Key":"self","Type":15,"Integer":0,"String":"a","Interface":null}}
2025-08-15T22:13:33.201-0500	DEBUG	protocol/handler.go:1591	have processed broadcast	{"{round 20 3  <nil>}": {"Key":"from","Type":15,"Integer":0,"String":"b","Interface":null}}
2025-08-15T22:13:33.201-0500	DEBUG	protocol/handler.go:1591	have processed broadcast	{"{round 20 3  <nil>}": {"Key":"from","Type":15,"Integer":0,"String":"c","Interface":null}}
2025-08-15T22:13:33.201-0500	DEBUG	protocol/handler.go:1649	have all messages and processed	{"{round 20 3  <nil>}": {"Key":"self","Type":15,"Integer":0,"String":"a","Interface":null}}
2025-08-15T22:13:33.201-0500	DEBUG	protocol/handler.go:596	round already finalized
2025-08-15T22:13:33.224-0500	DEBUG	protocol/handler.go:581	tryAdvanceRound called	{"{current_round 20 3  <nil>}": {"Key":"self","Type":15,"Integer":0,"String":"c","Interface":null}}
2025-08-15T22:13:33.224-0500	DEBUG	protocol/handler.go:1591	have processed broadcast	{"{round 20 3  <nil>}": {"Key":"from","Type":15,"Integer":0,"String":"a","Interface":null}}
2025-08-15T22:13:33.224-0500	DEBUG	protocol/handler.go:581	tryAdvanceRound called	{"{current_round 20 3  <nil>}": {"Key":"self","Type":15,"Integer":0,"String":"a","Interface":null}}
2025-08-15T22:13:33.224-0500	DEBUG	protocol/handler.go:1591	have processed broadcast	{"{round 20 3  <nil>}": {"Key":"from","Type":15,"Integer":0,"String":"b","Interface":null}}
2025-08-15T22:13:33.224-0500	DEBUG	protocol/handler.go:1649	have all messages and processed	{"{round 20 3  <nil>}": {"Key":"self","Type":15,"Integer":0,"String":"c","Interface":null}}
2025-08-15T22:13:33.224-0500	DEBUG	protocol/handler.go:1591	have processed broadcast	{"{round 20 3  <nil>}": {"Key":"from","Type":15,"Integer":0,"String":"b","Interface":null}}
2025-08-15T22:13:33.224-0500	DEBUG	protocol/handler.go:596	round already finalized
2025-08-15T22:13:33.224-0500	DEBUG	protocol/handler.go:1591	have processed broadcast	{"{round 20 3  <nil>}": {"Key":"from","Type":15,"Integer":0,"String":"c","Interface":null}}
2025-08-15T22:13:33.224-0500	DEBUG	protocol/handler.go:1649	have all messages and processed	{"{round 20 3  <nil>}": {"Key":"self","Type":15,"Integer":0,"String":"a","Interface":null}}
2025-08-15T22:13:33.224-0500	DEBUG	protocol/handler.go:596	round already finalized
2025-08-15T22:13:33.224-0500	DEBUG	protocol/handler.go:581	tryAdvanceRound called	{"{current_round 20 3  <nil>}": {"Key":"self","Type":15,"Integer":0,"String":"b","Interface":null}}
2025-08-15T22:13:33.224-0500	DEBUG	protocol/handler.go:1591	have processed broadcast	{"{round 20 3  <nil>}": {"Key":"from","Type":15,"Integer":0,"String":"a","Interface":null}}
2025-08-15T22:13:33.224-0500	DEBUG	protocol/handler.go:1591	have processed broadcast	{"{round 20 3  <nil>}": {"Key":"from","Type":15,"Integer":0,"String":"c","Interface":null}}
2025-08-15T22:13:33.224-0500	DEBUG	protocol/handler.go:1649	have all messages and processed	{"{round 20 3  <nil>}": {"Key":"self","Type":15,"Integer":0,"String":"b","Interface":null}}
2025-08-15T22:13:33.224-0500	DEBUG	protocol/handler.go:596	round already finalized
2025-08-15T22:13:33.224-0500	DEBUG	protocol/handler.go:581	tryAdvanceRound called	{"{current_round 20 3  <nil>}": {"Key":"self","Type":15,"Integer":0,"String":"b","Interface":null}}
2025-08-15T22:13:33.224-0500	DEBUG	protocol/handler.go:1591	have processed broadcast	{"{round 20 3  <nil>}": {"Key":"from","Type":15,"Integer":0,"String":"a","Interface":null}}
2025-08-15T22:13:33.224-0500	DEBUG	protocol/handler.go:1591	have processed broadcast	{"{round 20 3  <nil>}": {"Key":"from","Type":15,"Integer":0,"String":"c","Interface":null}}
2025-08-15T22:13:33.224-0500	DEBUG	protocol/handler.go:1649	have all messages and processed	{"{round 20 3  <nil>}": {"Key":"self","Type":15,"Integer":0,"String":"b","Interface":null}}
2025-08-15T22:13:33.224-0500	DEBUG	protocol/handler.go:596	round already finalized
2025-08-15T22:13:33.249-0500	DEBUG	protocol/handler.go:581	tryAdvanceRound called	{"{current_round 20 3  <nil>}": {"Key":"self","Type":15,"Integer":0,"String":"b","Interface":null}}
2025-08-15T22:13:33.249-0500	DEBUG	protocol/handler.go:1591	have processed broadcast	{"{round 20 3  <nil>}": {"Key":"from","Type":15,"Integer":0,"String":"a","Interface":null}}
2025-08-15T22:13:33.249-0500	DEBUG	protocol/handler.go:1591	have processed broadcast	{"{round 20 3  <nil>}": {"Key":"from","Type":15,"Integer":0,"String":"c","Interface":null}}
2025-08-15T22:13:33.249-0500	DEBUG	protocol/handler.go:1649	have all messages and processed	{"{round 20 3  <nil>}": {"Key":"self","Type":15,"Integer":0,"String":"b","Interface":null}}
2025-08-15T22:13:33.249-0500	DEBUG	protocol/handler.go:596	round already finalized
2025-08-15T22:13:33.269-0500	DEBUG	protocol/handler.go:581	tryAdvanceRound called	{"{current_round 20 3  <nil>}": {"Key":"self","Type":15,"Integer":0,"String":"c","Interface":null}}
2025-08-15T22:13:33.269-0500	DEBUG	protocol/handler.go:1591	have processed broadcast	{"{round 20 3  <nil>}": {"Key":"from","Type":15,"Integer":0,"String":"a","Interface":null}}
2025-08-15T22:13:33.270-0500	DEBUG	protocol/handler.go:1591	have processed broadcast	{"{round 20 3  <nil>}": {"Key":"from","Type":15,"Integer":0,"String":"b","Interface":null}}
2025-08-15T22:13:33.270-0500	DEBUG	protocol/handler.go:1649	have all messages and processed	{"{round 20 3  <nil>}": {"Key":"self","Type":15,"Integer":0,"String":"c","Interface":null}}
2025-08-15T22:13:33.270-0500	DEBUG	protocol/handler.go:596	round already finalized
2025-08-15T22:13:33.273-0500	DEBUG	protocol/handler.go:581	tryAdvanceRound called	{"{current_round 20 3  <nil>}": {"Key":"self","Type":15,"Integer":0,"String":"a","Interface":null}}
2025-08-15T22:13:33.273-0500	DEBUG	protocol/handler.go:1591	have processed broadcast	{"{round 20 3  <nil>}": {"Key":"from","Type":15,"Integer":0,"String":"b","Interface":null}}
2025-08-15T22:13:33.273-0500	DEBUG	protocol/handler.go:1591	have processed broadcast	{"{round 20 3  <nil>}": {"Key":"from","Type":15,"Integer":0,"String":"c","Interface":null}}
2025-08-15T22:13:33.273-0500	DEBUG	protocol/handler.go:1649	have all messages and processed	{"{round 20 3  <nil>}": {"Key":"self","Type":15,"Integer":0,"String":"a","Interface":null}}
2025-08-15T22:13:33.273-0500	DEBUG	protocol/handler.go:596	round already finalized
2025-08-15T22:13:33.273-0500	DEBUG	protocol/handler.go:581	tryAdvanceRound called	{"{current_round 20 3  <nil>}": {"Key":"self","Type":15,"Integer":0,"String":"a","Interface":null}}
2025-08-15T22:13:33.273-0500	DEBUG	protocol/handler.go:1591	have processed broadcast	{"{round 20 3  <nil>}": {"Key":"from","Type":15,"Integer":0,"String":"b","Interface":null}}
2025-08-15T22:13:33.273-0500	DEBUG	protocol/handler.go:1591	have processed broadcast	{"{round 20 3  <nil>}": {"Key":"from","Type":15,"Integer":0,"String":"c","Interface":null}}
2025-08-15T22:13:33.273-0500	DEBUG	protocol/handler.go:1649	have all messages and processed	{"{round 20 3  <nil>}": {"Key":"self","Type":15,"Integer":0,"String":"a","Interface":null}}
2025-08-15T22:13:33.273-0500	DEBUG	protocol/handler.go:596	round already finalized
2025-08-15T22:13:33.273-0500	DEBUG	protocol/handler.go:581	tryAdvanceRound called	{"{current_round 20 3  <nil>}": {"Key":"self","Type":15,"Integer":0,"String":"b","Interface":null}}
2025-08-15T22:13:33.273-0500	DEBUG	protocol/handler.go:1591	have processed broadcast	{"{round 20 3  <nil>}": {"Key":"from","Type":15,"Integer":0,"String":"a","Interface":null}}
2025-08-15T22:13:33.273-0500	DEBUG	protocol/handler.go:1591	have processed broadcast	{"{round 20 3  <nil>}": {"Key":"from","Type":15,"Integer":0,"String":"c","Interface":null}}
2025-08-15T22:13:33.273-0500	DEBUG	protocol/handler.go:1649	have all messages and processed	{"{round 20 3  <nil>}": {"Key":"self","Type":15,"Integer":0,"String":"b","Interface":null}}
2025-08-15T22:13:33.273-0500	DEBUG	protocol/handler.go:596	round already finalized
2025-08-15T22:13:33.275-0500	DEBUG	protocol/handler.go:581	tryAdvanceRound called	{"{current_round 20 3  <nil>}": {"Key":"self","Type":15,"Integer":0,"String":"c","Interface":null}}
2025-08-15T22:13:33.275-0500	DEBUG	protocol/handler.go:1591	have processed broadcast	{"{round 20 3  <nil>}": {"Key":"from","Type":15,"Integer":0,"String":"a","Interface":null}}
2025-08-15T22:13:33.276-0500	DEBUG	protocol/handler.go:1591	have processed broadcast	{"{round 20 3  <nil>}": {"Key":"from","Type":15,"Integer":0,"String":"b","Interface":null}}
2025-08-15T22:13:33.276-0500	DEBUG	protocol/handler.go:1649	have all messages and processed	{"{round 20 3  <nil>}": {"Key":"self","Type":15,"Integer":0,"String":"c","Interface":null}}
2025-08-15T22:13:33.276-0500	DEBUG	protocol/handler.go:596	round already finalized
2025-08-15T22:13:33.320-0500	DEBUG	protocol/handler.go:581	tryAdvanceRound called	{"{current_round 20 3  <nil>}": {"Key":"self","Type":15,"Integer":0,"String":"c","Interface":null}}
2025-08-15T22:13:33.320-0500	DEBUG	protocol/handler.go:1591	have processed broadcast	{"{round 20 3  <nil>}": {"Key":"from","Type":15,"Integer":0,"String":"a","Interface":null}}
2025-08-15T22:13:33.320-0500	DEBUG	protocol/handler.go:1591	have processed broadcast	{"{round 20 3  <nil>}": {"Key":"from","Type":15,"Integer":0,"String":"b","Interface":null}}
2025-08-15T22:13:33.320-0500	DEBUG	protocol/handler.go:1649	have all messages and processed	{"{round 20 3  <nil>}": {"Key":"self","Type":15,"Integer":0,"String":"c","Interface":null}}
2025-08-15T22:13:33.320-0500	DEBUG	protocol/handler.go:596	round already finalized
2025-08-15T22:13:33.320-0500	DEBUG	protocol/handler.go:581	tryAdvanceRound called	{"{current_round 20 3  <nil>}": {"Key":"self","Type":15,"Integer":0,"String":"c","Interface":null}}
2025-08-15T22:13:33.320-0500	DEBUG	protocol/handler.go:1591	have processed broadcast	{"{round 20 3  <nil>}": {"Key":"from","Type":15,"Integer":0,"String":"a","Interface":null}}
2025-08-15T22:13:33.320-0500	DEBUG	protocol/handler.go:1591	have processed broadcast	{"{round 20 3  <nil>}": {"Key":"from","Type":15,"Integer":0,"String":"b","Interface":null}}
2025-08-15T22:13:33.320-0500	DEBUG	protocol/handler.go:1649	have all messages and processed	{"{round 20 3  <nil>}": {"Key":"self","Type":15,"Integer":0,"String":"c","Interface":null}}
2025-08-15T22:13:33.320-0500	DEBUG	protocol/handler.go:596	round already finalized
2025-08-15T22:13:33.320-0500	DEBUG	protocol/handler.go:581	tryAdvanceRound called	{"{current_round 20 3  <nil>}": {"Key":"self","Type":15,"Integer":0,"String":"b","Interface":null}}
2025-08-15T22:13:33.323-0500	DEBUG	protocol/handler.go:1591	have processed broadcast	{"{round 20 3  <nil>}": {"Key":"from","Type":15,"Integer":0,"String":"a","Interface":null}}
2025-08-15T22:13:33.323-0500	DEBUG	protocol/handler.go:1591	have processed broadcast	{"{round 20 3  <nil>}": {"Key":"from","Type":15,"Integer":0,"String":"c","Interface":null}}
2025-08-15T22:13:33.323-0500	DEBUG	protocol/handler.go:1649	have all messages and processed	{"{round 20 3  <nil>}": {"Key":"self","Type":15,"Integer":0,"String":"b","Interface":null}}
2025-08-15T22:13:33.323-0500	DEBUG	protocol/handler.go:596	round already finalized
2025-08-15T22:13:33.323-0500	DEBUG	protocol/handler.go:581	tryAdvanceRound called	{"{current_round 20 3  <nil>}": {"Key":"self","Type":15,"Integer":0,"String":"b","Interface":null}}
2025-08-15T22:13:33.323-0500	DEBUG	protocol/handler.go:1591	have processed broadcast	{"{round 20 3  <nil>}": {"Key":"from","Type":15,"Integer":0,"String":"a","Interface":null}}
2025-08-15T22:13:33.323-0500	DEBUG	protocol/handler.go:1591	have processed broadcast	{"{round 20 3  <nil>}": {"Key":"from","Type":15,"Integer":0,"String":"c","Interface":null}}
2025-08-15T22:13:33.323-0500	DEBUG	protocol/handler.go:1649	have all messages and processed	{"{round 20 3  <nil>}": {"Key":"self","Type":15,"Integer":0,"String":"b","Interface":null}}
2025-08-15T22:13:33.323-0500	DEBUG	protocol/handler.go:596	round already finalized
2025-08-15T22:13:33.323-0500	DEBUG	protocol/handler.go:581	tryAdvanceRound called	{"{current_round 20 3  <nil>}": {"Key":"self","Type":15,"Integer":0,"String":"b","Interface":null}}
2025-08-15T22:13:33.323-0500	DEBUG	protocol/handler.go:1591	have processed broadcast	{"{round 20 3  <nil>}": {"Key":"from","Type":15,"Integer":0,"String":"a","Interface":null}}
2025-08-15T22:13:33.323-0500	DEBUG	protocol/handler.go:1591	have processed broadcast	{"{round 20 3  <nil>}": {"Key":"from","Type":15,"Integer":0,"String":"c","Interface":null}}
2025-08-15T22:13:33.323-0500	DEBUG	protocol/handler.go:1649	have all messages and processed	{"{round 20 3  <nil>}": {"Key":"self","Type":15,"Integer":0,"String":"b","Interface":null}}
2025-08-15T22:13:33.323-0500	DEBUG	protocol/handler.go:596	round already finalized
2025-08-15T22:13:33.342-0500	DEBUG	protocol/handler.go:581	tryAdvanceRound called	{"{current_round 20 3  <nil>}": {"Key":"self","Type":15,"Integer":0,"String":"c","Interface":null}}
2025-08-15T22:13:33.343-0500	DEBUG	protocol/handler.go:1591	have processed broadcast	{"{round 20 3  <nil>}": {"Key":"from","Type":15,"Integer":0,"String":"a","Interface":null}}
2025-08-15T22:13:33.343-0500	DEBUG	protocol/handler.go:1591	have processed broadcast	{"{round 20 3  <nil>}": {"Key":"from","Type":15,"Integer":0,"String":"b","Interface":null}}
2025-08-15T22:13:33.343-0500	DEBUG	protocol/handler.go:1649	have all messages and processed	{"{round 20 3  <nil>}": {"Key":"self","Type":15,"Integer":0,"String":"c","Interface":null}}
2025-08-15T22:13:33.343-0500	DEBUG	protocol/handler.go:596	round already finalized
2025-08-15T22:13:33.366-0500	DEBUG	protocol/handler.go:581	tryAdvanceRound called	{"{current_round 20 3  <nil>}": {"Key":"self","Type":15,"Integer":0,"String":"c","Interface":null}}
2025-08-15T22:13:33.366-0500	DEBUG	protocol/handler.go:1591	have processed broadcast	{"{round 20 3  <nil>}": {"Key":"from","Type":15,"Integer":0,"String":"a","Interface":null}}
2025-08-15T22:13:33.366-0500	DEBUG	protocol/handler.go:1591	have processed broadcast	{"{round 20 3  <nil>}": {"Key":"from","Type":15,"Integer":0,"String":"b","Interface":null}}
2025-08-15T22:13:33.366-0500	DEBUG	protocol/handler.go:1649	have all messages and processed	{"{round 20 3  <nil>}": {"Key":"self","Type":15,"Integer":0,"String":"c","Interface":null}}
2025-08-15T22:13:33.366-0500	DEBUG	protocol/handler.go:596	round already finalized
2025-08-15T22:13:33.387-0500	DEBUG	protocol/handler.go:581	tryAdvanceRound called	{"{current_round 20 3  <nil>}": {"Key":"self","Type":15,"Integer":0,"String":"a","Interface":null}}
2025-08-15T22:13:33.388-0500	DEBUG	protocol/handler.go:1591	have processed broadcast	{"{round 20 3  <nil>}": {"Key":"from","Type":15,"Integer":0,"String":"b","Interface":null}}
2025-08-15T22:13:33.388-0500	DEBUG	protocol/handler.go:1591	have processed broadcast	{"{round 20 3  <nil>}": {"Key":"from","Type":15,"Integer":0,"String":"c","Interface":null}}
2025-08-15T22:13:33.388-0500	DEBUG	protocol/handler.go:1649	have all messages and processed	{"{round 20 3  <nil>}": {"Key":"self","Type":15,"Integer":0,"String":"a","Interface":null}}
2025-08-15T22:13:33.388-0500	DEBUG	protocol/handler.go:596	round already finalized
2025-08-15T22:13:33.388-0500	DEBUG	protocol/handler.go:581	tryAdvanceRound called	{"{current_round 20 3  <nil>}": {"Key":"self","Type":15,"Integer":0,"String":"a","Interface":null}}
2025-08-15T22:13:33.389-0500	DEBUG	protocol/handler.go:1591	have processed broadcast	{"{round 20 3  <nil>}": {"Key":"from","Type":15,"Integer":0,"String":"b","Interface":null}}
2025-08-15T22:13:33.389-0500	DEBUG	protocol/handler.go:1591	have processed broadcast	{"{round 20 3  <nil>}": {"Key":"from","Type":15,"Integer":0,"String":"c","Interface":null}}
2025-08-15T22:13:33.389-0500	DEBUG	protocol/handler.go:1649	have all messages and processed	{"{round 20 3  <nil>}": {"Key":"self","Type":15,"Integer":0,"String":"a","Interface":null}}
2025-08-15T22:13:33.389-0500	DEBUG	protocol/handler.go:596	round already finalized
2025-08-15T22:13:33.397-0500	DEBUG	protocol/handler.go:581	tryAdvanceRound called	{"{current_round 20 3  <nil>}": {"Key":"self","Type":15,"Integer":0,"String":"b","Interface":null}}
2025-08-15T22:13:33.398-0500	DEBUG	protocol/handler.go:1591	have processed broadcast	{"{round 20 3  <nil>}": {"Key":"from","Type":15,"Integer":0,"String":"a","Interface":null}}
2025-08-15T22:13:33.398-0500	DEBUG	protocol/handler.go:1591	have processed broadcast	{"{round 20 3  <nil>}": {"Key":"from","Type":15,"Integer":0,"String":"c","Interface":null}}
2025-08-15T22:13:33.398-0500	DEBUG	protocol/handler.go:1649	have all messages and processed	{"{round 20 3  <nil>}": {"Key":"self","Type":15,"Integer":0,"String":"b","Interface":null}}
2025-08-15T22:13:33.398-0500	DEBUG	protocol/handler.go:596	round already finalized
2025-08-15T22:13:33.398-0500	DEBUG	protocol/handler.go:581	tryAdvanceRound called	{"{current_round 20 3  <nil>}": {"Key":"self","Type":15,"Integer":0,"String":"b","Interface":null}}
2025-08-15T22:13:33.398-0500	DEBUG	protocol/handler.go:1591	have processed broadcast	{"{round 20 3  <nil>}": {"Key":"from","Type":15,"Integer":0,"String":"a","Interface":null}}
2025-08-15T22:13:33.398-0500	DEBUG	protocol/handler.go:1591	have processed broadcast	{"{round 20 3  <nil>}": {"Key":"from","Type":15,"Integer":0,"String":"c","Interface":null}}
2025-08-15T22:13:33.398-0500	DEBUG	protocol/handler.go:1649	have all messages and processed	{"{round 20 3  <nil>}": {"Key":"self","Type":15,"Integer":0,"String":"b","Interface":null}}
2025-08-15T22:13:33.398-0500	DEBUG	protocol/handler.go:596	round already finalized
2025-08-15T22:13:33.409-0500	DEBUG	protocol/handler.go:581	tryAdvanceRound called	{"{current_round 20 3  <nil>}": {"Key":"self","Type":15,"Integer":0,"String":"a","Interface":null}}
2025-08-15T22:13:33.413-0500	DEBUG	protocol/handler.go:1591	have processed broadcast	{"{round 20 3  <nil>}": {"Key":"from","Type":15,"Integer":0,"String":"b","Interface":null}}
2025-08-15T22:13:33.413-0500	DEBUG	protocol/handler.go:1591	have processed broadcast	{"{round 20 3  <nil>}": {"Key":"from","Type":15,"Integer":0,"String":"c","Interface":null}}
2025-08-15T22:13:33.413-0500	DEBUG	protocol/handler.go:1649	have all messages and processed	{"{round 20 3  <nil>}": {"Key":"self","Type":15,"Integer":0,"String":"a","Interface":null}}
2025-08-15T22:13:33.413-0500	DEBUG	protocol/handler.go:596	round already finalized
2025-08-15T22:13:33.414-0500	DEBUG	protocol/handler.go:581	tryAdvanceRound called	{"{current_round 20 3  <nil>}": {"Key":"self","Type":15,"Integer":0,"String":"b","Interface":null}}
2025-08-15T22:13:33.414-0500	DEBUG	protocol/handler.go:1591	have processed broadcast	{"{round 20 3  <nil>}": {"Key":"from","Type":15,"Integer":0,"String":"a","Interface":null}}
2025-08-15T22:13:33.414-0500	DEBUG	protocol/handler.go:1591	have processed broadcast	{"{round 20 3  <nil>}": {"Key":"from","Type":15,"Integer":0,"String":"c","Interface":null}}
2025-08-15T22:13:33.414-0500	DEBUG	protocol/handler.go:1649	have all messages and processed	{"{round 20 3  <nil>}": {"Key":"self","Type":15,"Integer":0,"String":"b","Interface":null}}
2025-08-15T22:13:33.414-0500	DEBUG	protocol/handler.go:596	round already finalized
2025-08-15T22:13:33.420-0500	DEBUG	protocol/handler.go:581	tryAdvanceRound called	{"{current_round 20 3  <nil>}": {"Key":"self","Type":15,"Integer":0,"String":"c","Interface":null}}
2025-08-15T22:13:33.420-0500	DEBUG	protocol/handler.go:1591	have processed broadcast	{"{round 20 3  <nil>}": {"Key":"from","Type":15,"Integer":0,"String":"a","Interface":null}}
2025-08-15T22:13:33.420-0500	DEBUG	protocol/handler.go:1591	have processed broadcast	{"{round 20 3  <nil>}": {"Key":"from","Type":15,"Integer":0,"String":"b","Interface":null}}
2025-08-15T22:13:33.420-0500	DEBUG	protocol/handler.go:1649	have all messages and processed	{"{round 20 3  <nil>}": {"Key":"self","Type":15,"Integer":0,"String":"c","Interface":null}}
2025-08-15T22:13:33.420-0500	DEBUG	protocol/handler.go:596	round already finalized
2025-08-15T22:13:33.434-0500	DEBUG	protocol/handler.go:581	tryAdvanceRound called	{"{current_round 20 3  <nil>}": {"Key":"self","Type":15,"Integer":0,"String":"b","Interface":null}}
2025-08-15T22:13:33.434-0500	DEBUG	protocol/handler.go:1591	have processed broadcast	{"{round 20 3  <nil>}": {"Key":"from","Type":15,"Integer":0,"String":"a","Interface":null}}
2025-08-15T22:13:33.434-0500	DEBUG	protocol/handler.go:1591	have processed broadcast	{"{round 20 3  <nil>}": {"Key":"from","Type":15,"Integer":0,"String":"c","Interface":null}}
2025-08-15T22:13:33.434-0500	DEBUG	protocol/handler.go:1649	have all messages and processed	{"{round 20 3  <nil>}": {"Key":"self","Type":15,"Integer":0,"String":"b","Interface":null}}
2025-08-15T22:13:33.434-0500	DEBUG	protocol/handler.go:596	round already finalized
2025-08-15T22:13:33.449-0500	DEBUG	protocol/handler.go:581	tryAdvanceRound called	{"{current_round 20 3  <nil>}": {"Key":"self","Type":15,"Integer":0,"String":"a","Interface":null}}
2025-08-15T22:13:33.449-0500	DEBUG	protocol/handler.go:1591	have processed broadcast	{"{round 20 3  <nil>}": {"Key":"from","Type":15,"Integer":0,"String":"b","Interface":null}}
2025-08-15T22:13:33.449-0500	DEBUG	protocol/handler.go:1591	have processed broadcast	{"{round 20 3  <nil>}": {"Key":"from","Type":15,"Integer":0,"String":"c","Interface":null}}
2025-08-15T22:13:33.449-0500	DEBUG	protocol/handler.go:1649	have all messages and processed	{"{round 20 3  <nil>}": {"Key":"self","Type":15,"Integer":0,"String":"a","Interface":null}}
2025-08-15T22:13:33.449-0500	DEBUG	protocol/handler.go:596	round already finalized
2025-08-15T22:13:33.449-0500	DEBUG	protocol/handler.go:581	tryAdvanceRound called	{"{current_round 20 3  <nil>}": {"Key":"self","Type":15,"Integer":0,"String":"a","Interface":null}}
2025-08-15T22:13:33.449-0500	DEBUG	protocol/handler.go:1591	have processed broadcast	{"{round 20 3  <nil>}": {"Key":"from","Type":15,"Integer":0,"String":"b","Interface":null}}
2025-08-15T22:13:33.450-0500	DEBUG	protocol/handler.go:1591	have processed broadcast	{"{round 20 3  <nil>}": {"Key":"from","Type":15,"Integer":0,"String":"c","Interface":null}}
2025-08-15T22:13:33.450-0500	DEBUG	protocol/handler.go:1649	have all messages and processed	{"{round 20 3  <nil>}": {"Key":"self","Type":15,"Integer":0,"String":"a","Interface":null}}
2025-08-15T22:13:33.450-0500	DEBUG	protocol/handler.go:596	round already finalized
2025-08-15T22:13:33.462-0500	DEBUG	protocol/handler.go:581	tryAdvanceRound called	{"{current_round 20 3  <nil>}": {"Key":"self","Type":15,"Integer":0,"String":"b","Interface":null}}
2025-08-15T22:13:33.463-0500	DEBUG	protocol/handler.go:1591	have processed broadcast	{"{round 20 3  <nil>}": {"Key":"from","Type":15,"Integer":0,"String":"a","Interface":null}}
2025-08-15T22:13:33.463-0500	DEBUG	protocol/handler.go:1591	have processed broadcast	{"{round 20 3  <nil>}": {"Key":"from","Type":15,"Integer":0,"String":"c","Interface":null}}
2025-08-15T22:13:33.463-0500	DEBUG	protocol/handler.go:1649	have all messages and processed	{"{round 20 3  <nil>}": {"Key":"self","Type":15,"Integer":0,"String":"b","Interface":null}}
2025-08-15T22:13:33.463-0500	DEBUG	protocol/handler.go:596	round already finalized
2025-08-15T22:13:33.471-0500	DEBUG	protocol/handler.go:581	tryAdvanceRound called	{"{current_round 20 3  <nil>}": {"Key":"self","Type":15,"Integer":0,"String":"c","Interface":null}}
2025-08-15T22:13:33.474-0500	DEBUG	protocol/handler.go:1591	have processed broadcast	{"{round 20 3  <nil>}": {"Key":"from","Type":15,"Integer":0,"String":"a","Interface":null}}
2025-08-15T22:13:33.474-0500	DEBUG	protocol/handler.go:1591	have processed broadcast	{"{round 20 3  <nil>}": {"Key":"from","Type":15,"Integer":0,"String":"b","Interface":null}}
2025-08-15T22:13:33.474-0500	DEBUG	protocol/handler.go:1649	have all messages and processed	{"{round 20 3  <nil>}": {"Key":"self","Type":15,"Integer":0,"String":"c","Interface":null}}
2025-08-15T22:13:33.474-0500	DEBUG	protocol/handler.go:596	round already finalized
2025-08-15T22:13:33.474-0500	DEBUG	protocol/handler.go:581	tryAdvanceRound called	{"{current_round 20 3  <nil>}": {"Key":"self","Type":15,"Integer":0,"String":"c","Interface":null}}
2025-08-15T22:13:33.474-0500	DEBUG	protocol/handler.go:1591	have processed broadcast	{"{round 20 3  <nil>}": {"Key":"from","Type":15,"Integer":0,"String":"a","Interface":null}}
2025-08-15T22:13:33.474-0500	DEBUG	protocol/handler.go:1591	have processed broadcast	{"{round 20 3  <nil>}": {"Key":"from","Type":15,"Integer":0,"String":"b","Interface":null}}
2025-08-15T22:13:33.475-0500	DEBUG	protocol/handler.go:1649	have all messages and processed	{"{round 20 3  <nil>}": {"Key":"self","Type":15,"Integer":0,"String":"c","Interface":null}}
2025-08-15T22:13:33.475-0500	DEBUG	protocol/handler.go:596	round already finalized
2025-08-15T22:13:33.484-0500	DEBUG	protocol/handler.go:581	tryAdvanceRound called	{"{current_round 20 3  <nil>}": {"Key":"self","Type":15,"Integer":0,"String":"b","Interface":null}}
2025-08-15T22:13:33.484-0500	DEBUG	protocol/handler.go:1591	have processed broadcast	{"{round 20 3  <nil>}": {"Key":"from","Type":15,"Integer":0,"String":"a","Interface":null}}
2025-08-15T22:13:33.484-0500	DEBUG	protocol/handler.go:1591	have processed broadcast	{"{round 20 3  <nil>}": {"Key":"from","Type":15,"Integer":0,"String":"c","Interface":null}}
2025-08-15T22:13:33.484-0500	DEBUG	protocol/handler.go:1649	have all messages and processed	{"{round 20 3  <nil>}": {"Key":"self","Type":15,"Integer":0,"String":"b","Interface":null}}
2025-08-15T22:13:33.484-0500	DEBUG	protocol/handler.go:596	round already finalized
2025-08-15T22:13:33.497-0500	DEBUG	protocol/handler.go:581	tryAdvanceRound called	{"{current_round 20 3  <nil>}": {"Key":"self","Type":15,"Integer":0,"String":"a","Interface":null}}
2025-08-15T22:13:33.497-0500	DEBUG	protocol/handler.go:1591	have processed broadcast	{"{round 20 3  <nil>}": {"Key":"from","Type":15,"Integer":0,"String":"b","Interface":null}}
2025-08-15T22:13:33.497-0500	DEBUG	protocol/handler.go:1591	have processed broadcast	{"{round 20 3  <nil>}": {"Key":"from","Type":15,"Integer":0,"String":"c","Interface":null}}
2025-08-15T22:13:33.497-0500	DEBUG	protocol/handler.go:1649	have all messages and processed	{"{round 20 3  <nil>}": {"Key":"self","Type":15,"Integer":0,"String":"a","Interface":null}}
2025-08-15T22:13:33.497-0500	DEBUG	protocol/handler.go:596	round already finalized
2025-08-15T22:13:33.497-0500	DEBUG	protocol/handler.go:581	tryAdvanceRound called	{"{current_round 20 3  <nil>}": {"Key":"self","Type":15,"Integer":0,"String":"a","Interface":null}}
2025-08-15T22:13:33.498-0500	DEBUG	protocol/handler.go:1591	have processed broadcast	{"{round 20 3  <nil>}": {"Key":"from","Type":15,"Integer":0,"String":"b","Interface":null}}
2025-08-15T22:13:33.498-0500	DEBUG	protocol/handler.go:1591	have processed broadcast	{"{round 20 3  <nil>}": {"Key":"from","Type":15,"Integer":0,"String":"c","Interface":null}}
2025-08-15T22:13:33.498-0500	DEBUG	protocol/handler.go:1649	have all messages and processed	{"{round 20 3  <nil>}": {"Key":"self","Type":15,"Integer":0,"String":"a","Interface":null}}
2025-08-15T22:13:33.498-0500	DEBUG	protocol/handler.go:596	round already finalized
2025-08-15T22:13:33.508-0500	DEBUG	protocol/handler.go:581	tryAdvanceRound called	{"{current_round 20 3  <nil>}": {"Key":"self","Type":15,"Integer":0,"String":"b","Interface":null}}
2025-08-15T22:13:33.508-0500	DEBUG	protocol/handler.go:1591	have processed broadcast	{"{round 20 3  <nil>}": {"Key":"from","Type":15,"Integer":0,"String":"a","Interface":null}}
2025-08-15T22:13:33.509-0500	DEBUG	protocol/handler.go:1591	have processed broadcast	{"{round 20 3  <nil>}": {"Key":"from","Type":15,"Integer":0,"String":"c","Interface":null}}
2025-08-15T22:13:33.509-0500	DEBUG	protocol/handler.go:1649	have all messages and processed	{"{round 20 3  <nil>}": {"Key":"self","Type":15,"Integer":0,"String":"b","Interface":null}}
2025-08-15T22:13:33.509-0500	DEBUG	protocol/handler.go:596	round already finalized
2025-08-15T22:13:33.519-0500	DEBUG	protocol/handler.go:581	tryAdvanceRound called	{"{current_round 20 3  <nil>}": {"Key":"self","Type":15,"Integer":0,"String":"a","Interface":null}}
2025-08-15T22:13:33.519-0500	DEBUG	protocol/handler.go:1591	have processed broadcast	{"{round 20 3  <nil>}": {"Key":"from","Type":15,"Integer":0,"String":"b","Interface":null}}
2025-08-15T22:13:33.519-0500	DEBUG	protocol/handler.go:1591	have processed broadcast	{"{round 20 3  <nil>}": {"Key":"from","Type":15,"Integer":0,"String":"c","Interface":null}}
2025-08-15T22:13:33.519-0500	DEBUG	protocol/handler.go:1649	have all messages and processed	{"{round 20 3  <nil>}": {"Key":"self","Type":15,"Integer":0,"String":"a","Interface":null}}
2025-08-15T22:13:33.519-0500	DEBUG	protocol/handler.go:596	round already finalized
2025-08-15T22:13:33.523-0500	DEBUG	protocol/handler.go:581	tryAdvanceRound called	{"{current_round 20 3  <nil>}": {"Key":"self","Type":15,"Integer":0,"String":"c","Interface":null}}
2025-08-15T22:13:33.523-0500	DEBUG	protocol/handler.go:1591	have processed broadcast	{"{round 20 3  <nil>}": {"Key":"from","Type":15,"Integer":0,"String":"a","Interface":null}}
2025-08-15T22:13:33.523-0500	DEBUG	protocol/handler.go:1591	have processed broadcast	{"{round 20 3  <nil>}": {"Key":"from","Type":15,"Integer":0,"String":"b","Interface":null}}
2025-08-15T22:13:33.524-0500	DEBUG	protocol/handler.go:1649	have all messages and processed	{"{round 20 3  <nil>}": {"Key":"self","Type":15,"Integer":0,"String":"c","Interface":null}}
2025-08-15T22:13:33.524-0500	DEBUG	protocol/handler.go:596	round already finalized
2025-08-15T22:13:33.524-0500	DEBUG	protocol/handler.go:581	tryAdvanceRound called	{"{current_round 20 3  <nil>}": {"Key":"self","Type":15,"Integer":0,"String":"c","Interface":null}}
2025-08-15T22:13:33.524-0500	DEBUG	protocol/handler.go:1591	have processed broadcast	{"{round 20 3  <nil>}": {"Key":"from","Type":15,"Integer":0,"String":"a","Interface":null}}
2025-08-15T22:13:33.524-0500	DEBUG	protocol/handler.go:1591	have processed broadcast	{"{round 20 3  <nil>}": {"Key":"from","Type":15,"Integer":0,"String":"b","Interface":null}}
2025-08-15T22:13:33.524-0500	DEBUG	protocol/handler.go:1649	have all messages and processed	{"{round 20 3  <nil>}": {"Key":"self","Type":15,"Integer":0,"String":"c","Interface":null}}
2025-08-15T22:13:33.524-0500	DEBUG	protocol/handler.go:596	round already finalized
2025-08-15T22:13:33.530-0500	DEBUG	protocol/handler.go:581	tryAdvanceRound called	{"{current_round 20 3  <nil>}": {"Key":"self","Type":15,"Integer":0,"String":"b","Interface":null}}
2025-08-15T22:13:33.530-0500	DEBUG	protocol/handler.go:1591	have processed broadcast	{"{round 20 3  <nil>}": {"Key":"from","Type":15,"Integer":0,"String":"a","Interface":null}}
2025-08-15T22:13:33.530-0500	DEBUG	protocol/handler.go:1591	have processed broadcast	{"{round 20 3  <nil>}": {"Key":"from","Type":15,"Integer":0,"String":"c","Interface":null}}
2025-08-15T22:13:33.530-0500	DEBUG	protocol/handler.go:1649	have all messages and processed	{"{round 20 3  <nil>}": {"Key":"self","Type":15,"Integer":0,"String":"b","Interface":null}}
2025-08-15T22:13:33.530-0500	DEBUG	protocol/handler.go:596	round already finalized
2025-08-15T22:13:33.540-0500	DEBUG	protocol/handler.go:581	tryAdvanceRound called	{"{current_round 20 3  <nil>}": {"Key":"self","Type":15,"Integer":0,"String":"a","Interface":null}}
2025-08-15T22:13:33.540-0500	DEBUG	protocol/handler.go:1591	have processed broadcast	{"{round 20 3  <nil>}": {"Key":"from","Type":15,"Integer":0,"String":"b","Interface":null}}
2025-08-15T22:13:33.540-0500	DEBUG	protocol/handler.go:1591	have processed broadcast	{"{round 20 3  <nil>}": {"Key":"from","Type":15,"Integer":0,"String":"c","Interface":null}}
2025-08-15T22:13:33.540-0500	DEBUG	protocol/handler.go:1649	have all messages and processed	{"{round 20 3  <nil>}": {"Key":"self","Type":15,"Integer":0,"String":"a","Interface":null}}
2025-08-15T22:13:33.540-0500	DEBUG	protocol/handler.go:596	round already finalized
2025-08-15T22:13:33.552-0500	DEBUG	protocol/handler.go:581	tryAdvanceRound called	{"{current_round 20 3  <nil>}": {"Key":"self","Type":15,"Integer":0,"String":"b","Interface":null}}
2025-08-15T22:13:33.552-0500	DEBUG	protocol/handler.go:1591	have processed broadcast	{"{round 20 3  <nil>}": {"Key":"from","Type":15,"Integer":0,"String":"a","Interface":null}}
2025-08-15T22:13:33.552-0500	DEBUG	protocol/handler.go:1591	have processed broadcast	{"{round 20 3  <nil>}": {"Key":"from","Type":15,"Integer":0,"String":"c","Interface":null}}
2025-08-15T22:13:33.552-0500	DEBUG	protocol/handler.go:1649	have all messages and processed	{"{round 20 3  <nil>}": {"Key":"self","Type":15,"Integer":0,"String":"b","Interface":null}}
2025-08-15T22:13:33.552-0500	DEBUG	protocol/handler.go:596	round already finalized
2025-08-15T22:13:33.563-0500	DEBUG	protocol/handler.go:581	tryAdvanceRound called	{"{current_round 20 3  <nil>}": {"Key":"self","Type":15,"Integer":0,"String":"a","Interface":null}}
2025-08-15T22:13:33.563-0500	DEBUG	protocol/handler.go:1591	have processed broadcast	{"{round 20 3  <nil>}": {"Key":"from","Type":15,"Integer":0,"String":"b","Interface":null}}
2025-08-15T22:13:33.563-0500	DEBUG	protocol/handler.go:1591	have processed broadcast	{"{round 20 3  <nil>}": {"Key":"from","Type":15,"Integer":0,"String":"c","Interface":null}}
2025-08-15T22:13:33.563-0500	DEBUG	protocol/handler.go:1649	have all messages and processed	{"{round 20 3  <nil>}": {"Key":"self","Type":15,"Integer":0,"String":"a","Interface":null}}
2025-08-15T22:13:33.563-0500	DEBUG	protocol/handler.go:581	tryAdvanceRound called	{"{current_round 20 3  <nil>}": {"Key":"self","Type":15,"Integer":0,"String":"c","Interface":null}}
2025-08-15T22:13:33.563-0500	DEBUG	protocol/handler.go:1591	have processed broadcast	{"{round 20 3  <nil>}": {"Key":"from","Type":15,"Integer":0,"String":"a","Interface":null}}
2025-08-15T22:13:33.563-0500	DEBUG	protocol/handler.go:1591	have processed broadcast	{"{round 20 3  <nil>}": {"Key":"from","Type":15,"Integer":0,"String":"b","Interface":null}}
2025-08-15T22:13:33.563-0500	DEBUG	protocol/handler.go:1649	have all messages and processed	{"{round 20 3  <nil>}": {"Key":"self","Type":15,"Integer":0,"String":"c","Interface":null}}
2025-08-15T22:13:33.563-0500	DEBUG	protocol/handler.go:596	round already finalized
2025-08-15T22:13:33.563-0500	DEBUG	protocol/handler.go:581	tryAdvanceRound called	{"{current_round 20 3  <nil>}": {"Key":"self","Type":15,"Integer":0,"String":"c","Interface":null}}
2025-08-15T22:13:33.563-0500	DEBUG	protocol/handler.go:1591	have processed broadcast	{"{round 20 3  <nil>}": {"Key":"from","Type":15,"Integer":0,"String":"a","Interface":null}}
2025-08-15T22:13:33.563-0500	DEBUG	protocol/handler.go:1591	have processed broadcast	{"{round 20 3  <nil>}": {"Key":"from","Type":15,"Integer":0,"String":"b","Interface":null}}
2025-08-15T22:13:33.564-0500	DEBUG	protocol/handler.go:1649	have all messages and processed	{"{round 20 3  <nil>}": {"Key":"self","Type":15,"Integer":0,"String":"c","Interface":null}}
2025-08-15T22:13:33.564-0500	DEBUG	protocol/handler.go:596	round already finalized
2025-08-15T22:13:33.563-0500	DEBUG	protocol/handler.go:596	round already finalized
2025-08-15T22:13:33.584-0500	DEBUG	protocol/handler.go:581	tryAdvanceRound called	{"{current_round 20 3  <nil>}": {"Key":"self","Type":15,"Integer":0,"String":"c","Interface":null}}
2025-08-15T22:13:33.584-0500	DEBUG	protocol/handler.go:1591	have processed broadcast	{"{round 20 3  <nil>}": {"Key":"from","Type":15,"Integer":0,"String":"a","Interface":null}}
2025-08-15T22:13:33.584-0500	DEBUG	protocol/handler.go:1591	have processed broadcast	{"{round 20 3  <nil>}": {"Key":"from","Type":15,"Integer":0,"String":"b","Interface":null}}
2025-08-15T22:13:33.584-0500	DEBUG	protocol/handler.go:1649	have all messages and processed	{"{round 20 3  <nil>}": {"Key":"self","Type":15,"Integer":0,"String":"c","Interface":null}}
2025-08-15T22:13:33.584-0500	DEBUG	protocol/handler.go:596	round already finalized
2025-08-15T22:13:33.585-0500	DEBUG	protocol/handler.go:581	tryAdvanceRound called	{"{current_round 20 3  <nil>}": {"Key":"self","Type":15,"Integer":0,"String":"a","Interface":null}}
2025-08-15T22:13:33.585-0500	DEBUG	protocol/handler.go:1591	have processed broadcast	{"{round 20 3  <nil>}": {"Key":"from","Type":15,"Integer":0,"String":"b","Interface":null}}
2025-08-15T22:13:33.585-0500	DEBUG	protocol/handler.go:1591	have processed broadcast	{"{round 20 3  <nil>}": {"Key":"from","Type":15,"Integer":0,"String":"c","Interface":null}}
2025-08-15T22:13:33.585-0500	DEBUG	protocol/handler.go:1649	have all messages and processed	{"{round 20 3  <nil>}": {"Key":"self","Type":15,"Integer":0,"String":"a","Interface":null}}
2025-08-15T22:13:33.585-0500	DEBUG	protocol/handler.go:596	round already finalized
2025-08-15T22:13:33.607-0500	DEBUG	protocol/handler.go:581	tryAdvanceRound called	{"{current_round 20 3  <nil>}": {"Key":"self","Type":15,"Integer":0,"String":"c","Interface":null}}
2025-08-15T22:13:33.607-0500	DEBUG	protocol/handler.go:1591	have processed broadcast	{"{round 20 3  <nil>}": {"Key":"from","Type":15,"Integer":0,"String":"a","Interface":null}}
2025-08-15T22:13:33.607-0500	DEBUG	protocol/handler.go:1591	have processed broadcast	{"{round 20 3  <nil>}": {"Key":"from","Type":15,"Integer":0,"String":"b","Interface":null}}
2025-08-15T22:13:33.607-0500	DEBUG	protocol/handler.go:1649	have all messages and processed	{"{round 20 3  <nil>}": {"Key":"self","Type":15,"Integer":0,"String":"c","Interface":null}}
2025-08-15T22:13:33.607-0500	DEBUG	protocol/handler.go:596	round already finalized
2025-08-15T22:13:33.596-0500	DEBUG	protocol/handler.go:581	tryAdvanceRound called	{"{current_round 20 3  <nil>}": {"Key":"self","Type":15,"Integer":0,"String":"b","Interface":null}}
2025-08-15T22:13:33.617-0500	DEBUG	protocol/handler.go:1591	have processed broadcast	{"{round 20 3  <nil>}": {"Key":"from","Type":15,"Integer":0,"String":"a","Interface":null}}
2025-08-15T22:13:33.627-0500	DEBUG	protocol/handler.go:581	tryAdvanceRound called	{"{current_round 20 3  <nil>}": {"Key":"self","Type":15,"Integer":0,"String":"c","Interface":null}}
2025-08-15T22:13:33.627-0500	DEBUG	protocol/handler.go:1591	have processed broadcast	{"{round 20 3  <nil>}": {"Key":"from","Type":15,"Integer":0,"String":"a","Interface":null}}
2025-08-15T22:13:33.627-0500	DEBUG	protocol/handler.go:1591	have processed broadcast	{"{round 20 3  <nil>}": {"Key":"from","Type":15,"Integer":0,"String":"b","Interface":null}}
2025-08-15T22:13:33.627-0500	DEBUG	protocol/handler.go:1649	have all messages and processed	{"{round 20 3  <nil>}": {"Key":"self","Type":15,"Integer":0,"String":"c","Interface":null}}
2025-08-15T22:13:33.627-0500	DEBUG	protocol/handler.go:596	round already finalized
2025-08-15T22:13:33.630-0500	DEBUG	protocol/handler.go:581	tryAdvanceRound called	{"{current_round 20 3  <nil>}": {"Key":"self","Type":15,"Integer":0,"String":"a","Interface":null}}
2025-08-15T22:13:33.630-0500	DEBUG	protocol/handler.go:1591	have processed broadcast	{"{round 20 3  <nil>}": {"Key":"from","Type":15,"Integer":0,"String":"b","Interface":null}}
2025-08-15T22:13:33.630-0500	DEBUG	protocol/handler.go:1591	have processed broadcast	{"{round 20 3  <nil>}": {"Key":"from","Type":15,"Integer":0,"String":"c","Interface":null}}
2025-08-15T22:13:33.630-0500	DEBUG	protocol/handler.go:1649	have all messages and processed	{"{round 20 3  <nil>}": {"Key":"self","Type":15,"Integer":0,"String":"a","Interface":null}}
2025-08-15T22:13:33.630-0500	DEBUG	protocol/handler.go:596	round already finalized
2025-08-15T22:13:33.630-0500	DEBUG	protocol/handler.go:581	tryAdvanceRound called	{"{current_round 20 3  <nil>}": {"Key":"self","Type":15,"Integer":0,"String":"a","Interface":null}}
2025-08-15T22:13:33.630-0500	DEBUG	protocol/handler.go:1591	have processed broadcast	{"{round 20 3  <nil>}": {"Key":"from","Type":15,"Integer":0,"String":"b","Interface":null}}
2025-08-15T22:13:33.630-0500	DEBUG	protocol/handler.go:1591	have processed broadcast	{"{round 20 3  <nil>}": {"Key":"from","Type":15,"Integer":0,"String":"c","Interface":null}}
2025-08-15T22:13:33.630-0500	DEBUG	protocol/handler.go:1649	have all messages and processed	{"{round 20 3  <nil>}": {"Key":"self","Type":15,"Integer":0,"String":"a","Interface":null}}
2025-08-15T22:13:33.630-0500	DEBUG	protocol/handler.go:596	round already finalized
2025-08-15T22:13:33.651-0500	DEBUG	protocol/handler.go:1591	have processed broadcast	{"{round 20 3  <nil>}": {"Key":"from","Type":15,"Integer":0,"String":"c","Interface":null}}
2025-08-15T22:13:33.652-0500	DEBUG	protocol/handler.go:1649	have all messages and processed	{"{round 20 3  <nil>}": {"Key":"self","Type":15,"Integer":0,"String":"b","Interface":null}}
2025-08-15T22:13:33.652-0500	DEBUG	protocol/handler.go:596	round already finalized
2025-08-15T22:13:33.652-0500	DEBUG	protocol/handler.go:581	tryAdvanceRound called	{"{current_round 20 3  <nil>}": {"Key":"self","Type":15,"Integer":0,"String":"b","Interface":null}}
2025-08-15T22:13:33.652-0500	DEBUG	protocol/handler.go:1591	have processed broadcast	{"{round 20 3  <nil>}": {"Key":"from","Type":15,"Integer":0,"String":"a","Interface":null}}
2025-08-15T22:13:33.652-0500	DEBUG	protocol/handler.go:1591	have processed broadcast	{"{round 20 3  <nil>}": {"Key":"from","Type":15,"Integer":0,"String":"c","Interface":null}}
2025-08-15T22:13:33.652-0500	DEBUG	protocol/handler.go:1649	have all messages and processed	{"{round 20 3  <nil>}": {"Key":"self","Type":15,"Integer":0,"String":"b","Interface":null}}
2025-08-15T22:13:33.652-0500	DEBUG	protocol/handler.go:596	round already finalized
2025-08-15T22:13:33.659-0500	DEBUG	protocol/handler.go:581	tryAdvanceRound called	{"{current_round 20 3  <nil>}": {"Key":"self","Type":15,"Integer":0,"String":"c","Interface":null}}
2025-08-15T22:13:33.659-0500	DEBUG	protocol/handler.go:1591	have processed broadcast	{"{round 20 3  <nil>}": {"Key":"from","Type":15,"Integer":0,"String":"a","Interface":null}}
2025-08-15T22:13:33.659-0500	DEBUG	protocol/handler.go:1591	have processed broadcast	{"{round 20 3  <nil>}": {"Key":"from","Type":15,"Integer":0,"String":"b","Interface":null}}
2025-08-15T22:13:33.681-0500	DEBUG	protocol/handler.go:581	tryAdvanceRound called	{"{current_round 20 3  <nil>}": {"Key":"self","Type":15,"Integer":0,"String":"b","Interface":null}}
2025-08-15T22:13:33.681-0500	DEBUG	protocol/handler.go:1591	have processed broadcast	{"{round 20 3  <nil>}": {"Key":"from","Type":15,"Integer":0,"String":"a","Interface":null}}
2025-08-15T22:13:33.681-0500	DEBUG	protocol/handler.go:1591	have processed broadcast	{"{round 20 3  <nil>}": {"Key":"from","Type":15,"Integer":0,"String":"c","Interface":null}}
2025-08-15T22:13:33.681-0500	DEBUG	protocol/handler.go:1649	have all messages and processed	{"{round 20 3  <nil>}": {"Key":"self","Type":15,"Integer":0,"String":"b","Interface":null}}
2025-08-15T22:13:33.681-0500	DEBUG	protocol/handler.go:596	round already finalized
2025-08-15T22:13:33.701-0500	DEBUG	protocol/handler.go:581	tryAdvanceRound called	{"{current_round 20 3  <nil>}": {"Key":"self","Type":15,"Integer":0,"String":"b","Interface":null}}
2025-08-15T22:13:33.702-0500	DEBUG	protocol/handler.go:1591	have processed broadcast	{"{round 20 3  <nil>}": {"Key":"from","Type":15,"Integer":0,"String":"a","Interface":null}}
2025-08-15T22:13:33.702-0500	DEBUG	protocol/handler.go:1591	have processed broadcast	{"{round 20 3  <nil>}": {"Key":"from","Type":15,"Integer":0,"String":"c","Interface":null}}
2025-08-15T22:13:33.702-0500	DEBUG	protocol/handler.go:1649	have all messages and processed	{"{round 20 3  <nil>}": {"Key":"self","Type":15,"Integer":0,"String":"b","Interface":null}}
2025-08-15T22:13:33.702-0500	DEBUG	protocol/handler.go:596	round already finalized
2025-08-15T22:13:33.702-0500	DEBUG	protocol/handler.go:581	tryAdvanceRound called	{"{current_round 20 3  <nil>}": {"Key":"self","Type":15,"Integer":0,"String":"b","Interface":null}}
2025-08-15T22:13:33.702-0500	DEBUG	protocol/handler.go:1591	have processed broadcast	{"{round 20 3  <nil>}": {"Key":"from","Type":15,"Integer":0,"String":"a","Interface":null}}
2025-08-15T22:13:33.703-0500	DEBUG	protocol/handler.go:1591	have processed broadcast	{"{round 20 3  <nil>}": {"Key":"from","Type":15,"Integer":0,"String":"c","Interface":null}}
2025-08-15T22:13:33.703-0500	DEBUG	protocol/handler.go:1649	have all messages and processed	{"{round 20 3  <nil>}": {"Key":"self","Type":15,"Integer":0,"String":"b","Interface":null}}
2025-08-15T22:13:33.703-0500	DEBUG	protocol/handler.go:596	round already finalized
2025-08-15T22:13:33.707-0500	DEBUG	protocol/handler.go:581	tryAdvanceRound called	{"{current_round 20 3  <nil>}": {"Key":"self","Type":15,"Integer":0,"String":"a","Interface":null}}
2025-08-15T22:13:33.707-0500	DEBUG	protocol/handler.go:1591	have processed broadcast	{"{round 20 3  <nil>}": {"Key":"from","Type":15,"Integer":0,"String":"b","Interface":null}}
2025-08-15T22:13:33.707-0500	DEBUG	protocol/handler.go:1591	have processed broadcast	{"{round 20 3  <nil>}": {"Key":"from","Type":15,"Integer":0,"String":"c","Interface":null}}
2025-08-15T22:13:33.707-0500	DEBUG	protocol/handler.go:1649	have all messages and processed	{"{round 20 3  <nil>}": {"Key":"self","Type":15,"Integer":0,"String":"a","Interface":null}}
2025-08-15T22:13:33.707-0500	DEBUG	protocol/handler.go:596	round already finalized
2025-08-15T22:13:33.707-0500	DEBUG	protocol/handler.go:581	tryAdvanceRound called	{"{current_round 20 3  <nil>}": {"Key":"self","Type":15,"Integer":0,"String":"a","Interface":null}}
2025-08-15T22:13:33.707-0500	DEBUG	protocol/handler.go:1591	have processed broadcast	{"{round 20 3  <nil>}": {"Key":"from","Type":15,"Integer":0,"String":"b","Interface":null}}
2025-08-15T22:13:33.707-0500	DEBUG	protocol/handler.go:1591	have processed broadcast	{"{round 20 3  <nil>}": {"Key":"from","Type":15,"Integer":0,"String":"c","Interface":null}}
2025-08-15T22:13:33.707-0500	DEBUG	protocol/handler.go:1649	have all messages and processed	{"{round 20 3  <nil>}": {"Key":"self","Type":15,"Integer":0,"String":"a","Interface":null}}
2025-08-15T22:13:33.707-0500	DEBUG	protocol/handler.go:596	round already finalized
2025-08-15T22:13:33.723-0500	DEBUG	protocol/handler.go:581	tryAdvanceRound called	{"{current_round 20 3  <nil>}": {"Key":"self","Type":15,"Integer":0,"String":"a","Interface":null}}
2025-08-15T22:13:33.723-0500	DEBUG	protocol/handler.go:1591	have processed broadcast	{"{round 20 3  <nil>}": {"Key":"from","Type":15,"Integer":0,"String":"b","Interface":null}}
2025-08-15T22:13:33.723-0500	DEBUG	protocol/handler.go:1591	have processed broadcast	{"{round 20 3  <nil>}": {"Key":"from","Type":15,"Integer":0,"String":"c","Interface":null}}
2025-08-15T22:13:33.723-0500	DEBUG	protocol/handler.go:1649	have all messages and processed	{"{round 20 3  <nil>}": {"Key":"self","Type":15,"Integer":0,"String":"a","Interface":null}}
2025-08-15T22:13:33.723-0500	DEBUG	protocol/handler.go:596	round already finalized
2025-08-15T22:13:33.723-0500	DEBUG	protocol/handler.go:581	tryAdvanceRound called	{"{current_round 20 3  <nil>}": {"Key":"self","Type":15,"Integer":0,"String":"b","Interface":null}}
2025-08-15T22:13:33.723-0500	DEBUG	protocol/handler.go:1591	have processed broadcast	{"{round 20 3  <nil>}": {"Key":"from","Type":15,"Integer":0,"String":"a","Interface":null}}
2025-08-15T22:13:33.723-0500	DEBUG	protocol/handler.go:1591	have processed broadcast	{"{round 20 3  <nil>}": {"Key":"from","Type":15,"Integer":0,"String":"c","Interface":null}}
2025-08-15T22:13:33.723-0500	DEBUG	protocol/handler.go:1649	have all messages and processed	{"{round 20 3  <nil>}": {"Key":"self","Type":15,"Integer":0,"String":"b","Interface":null}}
2025-08-15T22:13:33.723-0500	DEBUG	protocol/handler.go:596	round already finalized
2025-08-15T22:13:33.659-0500	DEBUG	protocol/handler.go:1649	have all messages and processed	{"{round 20 3  <nil>}": {"Key":"self","Type":15,"Integer":0,"String":"c","Interface":null}}
2025-08-15T22:13:33.723-0500	DEBUG	protocol/handler.go:596	round already finalized
2025-08-15T22:13:33.723-0500	DEBUG	protocol/handler.go:581	tryAdvanceRound called	{"{current_round 20 3  <nil>}": {"Key":"self","Type":15,"Integer":0,"String":"c","Interface":null}}
2025-08-15T22:13:33.723-0500	DEBUG	protocol/handler.go:1591	have processed broadcast	{"{round 20 3  <nil>}": {"Key":"from","Type":15,"Integer":0,"String":"a","Interface":null}}
2025-08-15T22:13:33.724-0500	DEBUG	protocol/handler.go:1591	have processed broadcast	{"{round 20 3  <nil>}": {"Key":"from","Type":15,"Integer":0,"String":"b","Interface":null}}
2025-08-15T22:13:33.724-0500	DEBUG	protocol/handler.go:1649	have all messages and processed	{"{round 20 3  <nil>}": {"Key":"self","Type":15,"Integer":0,"String":"c","Interface":null}}
2025-08-15T22:13:33.724-0500	DEBUG	protocol/handler.go:596	round already finalized
2025-08-15T22:13:33.747-0500	DEBUG	protocol/handler.go:581	tryAdvanceRound called	{"{current_round 20 3  <nil>}": {"Key":"self","Type":15,"Integer":0,"String":"a","Interface":null}}
2025-08-15T22:13:33.747-0500	DEBUG	protocol/handler.go:1591	have processed broadcast	{"{round 20 3  <nil>}": {"Key":"from","Type":15,"Integer":0,"String":"b","Interface":null}}
2025-08-15T22:13:33.747-0500	DEBUG	protocol/handler.go:1591	have processed broadcast	{"{round 20 3  <nil>}": {"Key":"from","Type":15,"Integer":0,"String":"c","Interface":null}}
2025-08-15T22:13:33.747-0500	DEBUG	protocol/handler.go:1649	have all messages and processed	{"{round 20 3  <nil>}": {"Key":"self","Type":15,"Integer":0,"String":"a","Interface":null}}
2025-08-15T22:13:33.747-0500	DEBUG	protocol/handler.go:596	round already finalized
2025-08-15T22:13:33.778-0500	DEBUG	protocol/handler.go:581	tryAdvanceRound called	{"{current_round 20 3  <nil>}": {"Key":"self","Type":15,"Integer":0,"String":"b","Interface":null}}
2025-08-15T22:13:33.778-0500	DEBUG	protocol/handler.go:1591	have processed broadcast	{"{round 20 3  <nil>}": {"Key":"from","Type":15,"Integer":0,"String":"a","Interface":null}}
2025-08-15T22:13:33.778-0500	DEBUG	protocol/handler.go:1591	have processed broadcast	{"{round 20 3  <nil>}": {"Key":"from","Type":15,"Integer":0,"String":"c","Interface":null}}
2025-08-15T22:13:33.778-0500	DEBUG	protocol/handler.go:1649	have all messages and processed	{"{round 20 3  <nil>}": {"Key":"self","Type":15,"Integer":0,"String":"b","Interface":null}}
2025-08-15T22:13:33.778-0500	DEBUG	protocol/handler.go:596	round already finalized
2025-08-15T22:13:33.778-0500	DEBUG	protocol/handler.go:581	tryAdvanceRound called	{"{current_round 20 3  <nil>}": {"Key":"self","Type":15,"Integer":0,"String":"b","Interface":null}}
2025-08-15T22:13:33.778-0500	DEBUG	protocol/handler.go:1591	have processed broadcast	{"{round 20 3  <nil>}": {"Key":"from","Type":15,"Integer":0,"String":"a","Interface":null}}
2025-08-15T22:13:33.778-0500	DEBUG	protocol/handler.go:1591	have processed broadcast	{"{round 20 3  <nil>}": {"Key":"from","Type":15,"Integer":0,"String":"c","Interface":null}}
2025-08-15T22:13:33.778-0500	DEBUG	protocol/handler.go:1649	have all messages and processed	{"{round 20 3  <nil>}": {"Key":"self","Type":15,"Integer":0,"String":"b","Interface":null}}
2025-08-15T22:13:33.778-0500	DEBUG	protocol/handler.go:596	round already finalized
2025-08-15T22:13:33.778-0500	DEBUG	protocol/handler.go:581	tryAdvanceRound called	{"{current_round 20 3  <nil>}": {"Key":"self","Type":15,"Integer":0,"String":"c","Interface":null}}
2025-08-15T22:13:33.778-0500	DEBUG	protocol/handler.go:1591	have processed broadcast	{"{round 20 3  <nil>}": {"Key":"from","Type":15,"Integer":0,"String":"a","Interface":null}}
2025-08-15T22:13:33.778-0500	DEBUG	protocol/handler.go:1591	have processed broadcast	{"{round 20 3  <nil>}": {"Key":"from","Type":15,"Integer":0,"String":"b","Interface":null}}
2025-08-15T22:13:33.778-0500	DEBUG	protocol/handler.go:1649	have all messages and processed	{"{round 20 3  <nil>}": {"Key":"self","Type":15,"Integer":0,"String":"c","Interface":null}}
2025-08-15T22:13:33.778-0500	DEBUG	protocol/handler.go:596	round already finalized
2025-08-15T22:13:33.778-0500	DEBUG	protocol/handler.go:581	tryAdvanceRound called	{"{current_round 20 3  <nil>}": {"Key":"self","Type":15,"Integer":0,"String":"c","Interface":null}}
2025-08-15T22:13:33.778-0500	DEBUG	protocol/handler.go:1591	have processed broadcast	{"{round 20 3  <nil>}": {"Key":"from","Type":15,"Integer":0,"String":"a","Interface":null}}
2025-08-15T22:13:33.779-0500	DEBUG	protocol/handler.go:1591	have processed broadcast	{"{round 20 3  <nil>}": {"Key":"from","Type":15,"Integer":0,"String":"b","Interface":null}}
2025-08-15T22:13:33.779-0500	DEBUG	protocol/handler.go:1649	have all messages and processed	{"{round 20 3  <nil>}": {"Key":"self","Type":15,"Integer":0,"String":"c","Interface":null}}
2025-08-15T22:13:33.779-0500	DEBUG	protocol/handler.go:596	round already finalized
2025-08-15T22:13:33.802-0500	DEBUG	protocol/handler.go:581	tryAdvanceRound called	{"{current_round 20 3  <nil>}": {"Key":"self","Type":15,"Integer":0,"String":"a","Interface":null}}
2025-08-15T22:13:33.803-0500	DEBUG	protocol/handler.go:1591	have processed broadcast	{"{round 20 3  <nil>}": {"Key":"from","Type":15,"Integer":0,"String":"b","Interface":null}}
2025-08-15T22:13:33.807-0500	DEBUG	protocol/handler.go:1591	have processed broadcast	{"{round 20 3  <nil>}": {"Key":"from","Type":15,"Integer":0,"String":"c","Interface":null}}
2025-08-15T22:13:33.807-0500	DEBUG	protocol/handler.go:1649	have all messages and processed	{"{round 20 3  <nil>}": {"Key":"self","Type":15,"Integer":0,"String":"a","Interface":null}}
2025-08-15T22:13:33.808-0500	DEBUG	protocol/handler.go:596	round already finalized
2025-08-15T22:13:33.808-0500	DEBUG	protocol/handler.go:581	tryAdvanceRound called	{"{current_round 20 3  <nil>}": {"Key":"self","Type":15,"Integer":0,"String":"a","Interface":null}}
2025-08-15T22:13:33.808-0500	DEBUG	protocol/handler.go:1591	have processed broadcast	{"{round 20 3  <nil>}": {"Key":"from","Type":15,"Integer":0,"String":"b","Interface":null}}
2025-08-15T22:13:33.808-0500	DEBUG	protocol/handler.go:1591	have processed broadcast	{"{round 20 3  <nil>}": {"Key":"from","Type":15,"Integer":0,"String":"c","Interface":null}}
2025-08-15T22:13:33.808-0500	DEBUG	protocol/handler.go:1649	have all messages and processed	{"{round 20 3  <nil>}": {"Key":"self","Type":15,"Integer":0,"String":"a","Interface":null}}
2025-08-15T22:13:33.808-0500	DEBUG	protocol/handler.go:596	round already finalized
2025-08-15T22:13:33.808-0500	DEBUG	protocol/handler.go:581	tryAdvanceRound called	{"{current_round 20 3  <nil>}": {"Key":"self","Type":15,"Integer":0,"String":"a","Interface":null}}
2025-08-15T22:13:33.808-0500	DEBUG	protocol/handler.go:1591	have processed broadcast	{"{round 20 3  <nil>}": {"Key":"from","Type":15,"Integer":0,"String":"b","Interface":null}}
2025-08-15T22:13:33.808-0500	DEBUG	protocol/handler.go:1591	have processed broadcast	{"{round 20 3  <nil>}": {"Key":"from","Type":15,"Integer":0,"String":"c","Interface":null}}
2025-08-15T22:13:33.808-0500	DEBUG	protocol/handler.go:1649	have all messages and processed	{"{round 20 3  <nil>}": {"Key":"self","Type":15,"Integer":0,"String":"a","Interface":null}}
2025-08-15T22:13:33.809-0500	DEBUG	protocol/handler.go:596	round already finalized
2025-08-15T22:13:33.821-0500	DEBUG	protocol/handler.go:581	tryAdvanceRound called	{"{current_round 20 3  <nil>}": {"Key":"self","Type":15,"Integer":0,"String":"c","Interface":null}}
2025-08-15T22:13:33.821-0500	DEBUG	protocol/handler.go:1591	have processed broadcast	{"{round 20 3  <nil>}": {"Key":"from","Type":15,"Integer":0,"String":"a","Interface":null}}
2025-08-15T22:13:33.821-0500	DEBUG	protocol/handler.go:1591	have processed broadcast	{"{round 20 3  <nil>}": {"Key":"from","Type":15,"Integer":0,"String":"b","Interface":null}}
2025-08-15T22:13:33.821-0500	DEBUG	protocol/handler.go:1649	have all messages and processed	{"{round 20 3  <nil>}": {"Key":"self","Type":15,"Integer":0,"String":"c","Interface":null}}
2025-08-15T22:13:33.821-0500	DEBUG	protocol/handler.go:596	round already finalized
2025-08-15T22:13:33.822-0500	DEBUG	protocol/handler.go:581	tryAdvanceRound called	{"{current_round 20 3  <nil>}": {"Key":"self","Type":15,"Integer":0,"String":"c","Interface":null}}
2025-08-15T22:13:33.822-0500	DEBUG	protocol/handler.go:1591	have processed broadcast	{"{round 20 3  <nil>}": {"Key":"from","Type":15,"Integer":0,"String":"a","Interface":null}}
2025-08-15T22:13:33.822-0500	DEBUG	protocol/handler.go:1591	have processed broadcast	{"{round 20 3  <nil>}": {"Key":"from","Type":15,"Integer":0,"String":"b","Interface":null}}
2025-08-15T22:13:33.822-0500	DEBUG	protocol/handler.go:1649	have all messages and processed	{"{round 20 3  <nil>}": {"Key":"self","Type":15,"Integer":0,"String":"c","Interface":null}}
2025-08-15T22:13:33.822-0500	DEBUG	protocol/handler.go:596	round already finalized
2025-08-15T22:13:33.822-0500	DEBUG	protocol/handler.go:581	tryAdvanceRound called	{"{current_round 20 3  <nil>}": {"Key":"self","Type":15,"Integer":0,"String":"b","Interface":null}}
2025-08-15T22:13:33.822-0500	DEBUG	protocol/handler.go:1591	have processed broadcast	{"{round 20 3  <nil>}": {"Key":"from","Type":15,"Integer":0,"String":"a","Interface":null}}
2025-08-15T22:13:33.823-0500	DEBUG	protocol/handler.go:1591	have processed broadcast	{"{round 20 3  <nil>}": {"Key":"from","Type":15,"Integer":0,"String":"c","Interface":null}}
2025-08-15T22:13:33.823-0500	DEBUG	protocol/handler.go:1649	have all messages and processed	{"{round 20 3  <nil>}": {"Key":"self","Type":15,"Integer":0,"String":"b","Interface":null}}
2025-08-15T22:13:33.823-0500	DEBUG	protocol/handler.go:596	round already finalized
2025-08-15T22:13:33.823-0500	DEBUG	protocol/handler.go:581	tryAdvanceRound called	{"{current_round 20 3  <nil>}": {"Key":"self","Type":15,"Integer":0,"String":"b","Interface":null}}
2025-08-15T22:13:33.823-0500	DEBUG	protocol/handler.go:1591	have processed broadcast	{"{round 20 3  <nil>}": {"Key":"from","Type":15,"Integer":0,"String":"a","Interface":null}}
2025-08-15T22:13:33.823-0500	DEBUG	protocol/handler.go:1591	have processed broadcast	{"{round 20 3  <nil>}": {"Key":"from","Type":15,"Integer":0,"String":"c","Interface":null}}
2025-08-15T22:13:33.823-0500	DEBUG	protocol/handler.go:1649	have all messages and processed	{"{round 20 3  <nil>}": {"Key":"self","Type":15,"Integer":0,"String":"b","Interface":null}}
2025-08-15T22:13:33.823-0500	DEBUG	protocol/handler.go:596	round already finalized
2025-08-15T22:13:33.847-0500	DEBUG	protocol/handler.go:581	tryAdvanceRound called	{"{current_round 20 3  <nil>}": {"Key":"self","Type":15,"Integer":0,"String":"c","Interface":null}}
2025-08-15T22:13:33.847-0500	DEBUG	protocol/handler.go:1591	have processed broadcast	{"{round 20 3  <nil>}": {"Key":"from","Type":15,"Integer":0,"String":"a","Interface":null}}
2025-08-15T22:13:33.847-0500	DEBUG	protocol/handler.go:1591	have processed broadcast	{"{round 20 3  <nil>}": {"Key":"from","Type":15,"Integer":0,"String":"b","Interface":null}}
2025-08-15T22:13:33.847-0500	DEBUG	protocol/handler.go:1649	have all messages and processed	{"{round 20 3  <nil>}": {"Key":"self","Type":15,"Integer":0,"String":"c","Interface":null}}
2025-08-15T22:13:33.847-0500	DEBUG	protocol/handler.go:596	round already finalized
2025-08-15T22:13:33.848-0500	DEBUG	protocol/handler.go:581	tryAdvanceRound called	{"{current_round 20 3  <nil>}": {"Key":"self","Type":15,"Integer":0,"String":"c","Interface":null}}
2025-08-15T22:13:33.848-0500	DEBUG	protocol/handler.go:1591	have processed broadcast	{"{round 20 3  <nil>}": {"Key":"from","Type":15,"Integer":0,"String":"a","Interface":null}}
2025-08-15T22:13:33.848-0500	DEBUG	protocol/handler.go:1591	have processed broadcast	{"{round 20 3  <nil>}": {"Key":"from","Type":15,"Integer":0,"String":"b","Interface":null}}
2025-08-15T22:13:33.848-0500	DEBUG	protocol/handler.go:1649	have all messages and processed	{"{round 20 3  <nil>}": {"Key":"self","Type":15,"Integer":0,"String":"c","Interface":null}}
2025-08-15T22:13:33.848-0500	DEBUG	protocol/handler.go:596	round already finalized
2025-08-15T22:13:33.848-0500	DEBUG	protocol/handler.go:581	tryAdvanceRound called	{"{current_round 20 3  <nil>}": {"Key":"self","Type":15,"Integer":0,"String":"b","Interface":null}}
2025-08-15T22:13:33.848-0500	DEBUG	protocol/handler.go:1591	have processed broadcast	{"{round 20 3  <nil>}": {"Key":"from","Type":15,"Integer":0,"String":"a","Interface":null}}
2025-08-15T22:13:33.848-0500	DEBUG	protocol/handler.go:1591	have processed broadcast	{"{round 20 3  <nil>}": {"Key":"from","Type":15,"Integer":0,"String":"c","Interface":null}}
2025-08-15T22:13:33.848-0500	DEBUG	protocol/handler.go:1649	have all messages and processed	{"{round 20 3  <nil>}": {"Key":"self","Type":15,"Integer":0,"String":"b","Interface":null}}
2025-08-15T22:13:33.848-0500	DEBUG	protocol/handler.go:596	round already finalized
2025-08-15T22:13:33.856-0500	DEBUG	protocol/handler.go:581	tryAdvanceRound called	{"{current_round 20 3  <nil>}": {"Key":"self","Type":15,"Integer":0,"String":"a","Interface":null}}
2025-08-15T22:13:33.856-0500	DEBUG	protocol/handler.go:1591	have processed broadcast	{"{round 20 3  <nil>}": {"Key":"from","Type":15,"Integer":0,"String":"b","Interface":null}}
2025-08-15T22:13:33.856-0500	DEBUG	protocol/handler.go:1591	have processed broadcast	{"{round 20 3  <nil>}": {"Key":"from","Type":15,"Integer":0,"String":"c","Interface":null}}
2025-08-15T22:13:33.856-0500	DEBUG	protocol/handler.go:1649	have all messages and processed	{"{round 20 3  <nil>}": {"Key":"self","Type":15,"Integer":0,"String":"a","Interface":null}}
2025-08-15T22:13:33.856-0500	DEBUG	protocol/handler.go:596	round already finalized
2025-08-15T22:13:33.856-0500	DEBUG	protocol/handler.go:581	tryAdvanceRound called	{"{current_round 20 3  <nil>}": {"Key":"self","Type":15,"Integer":0,"String":"a","Interface":null}}
2025-08-15T22:13:33.856-0500	DEBUG	protocol/handler.go:1591	have processed broadcast	{"{round 20 3  <nil>}": {"Key":"from","Type":15,"Integer":0,"String":"b","Interface":null}}
2025-08-15T22:13:33.859-0500	DEBUG	protocol/handler.go:1591	have processed broadcast	{"{round 20 3  <nil>}": {"Key":"from","Type":15,"Integer":0,"String":"c","Interface":null}}
2025-08-15T22:13:33.859-0500	DEBUG	protocol/handler.go:1649	have all messages and processed	{"{round 20 3  <nil>}": {"Key":"self","Type":15,"Integer":0,"String":"a","Interface":null}}
2025-08-15T22:13:33.859-0500	DEBUG	protocol/handler.go:596	round already finalized
2025-08-15T22:13:33.859-0500	DEBUG	protocol/handler.go:581	tryAdvanceRound called	{"{current_round 20 3  <nil>}": {"Key":"self","Type":15,"Integer":0,"String":"a","Interface":null}}
2025-08-15T22:13:33.859-0500	DEBUG	protocol/handler.go:1591	have processed broadcast	{"{round 20 3  <nil>}": {"Key":"from","Type":15,"Integer":0,"String":"b","Interface":null}}
2025-08-15T22:13:33.859-0500	DEBUG	protocol/handler.go:1591	have processed broadcast	{"{round 20 3  <nil>}": {"Key":"from","Type":15,"Integer":0,"String":"c","Interface":null}}
2025-08-15T22:13:33.859-0500	DEBUG	protocol/handler.go:1649	have all messages and processed	{"{round 20 3  <nil>}": {"Key":"self","Type":15,"Integer":0,"String":"a","Interface":null}}
2025-08-15T22:13:33.859-0500	DEBUG	protocol/handler.go:596	round already finalized
2025-08-15T22:13:33.869-0500	DEBUG	protocol/handler.go:581	tryAdvanceRound called	{"{current_round 20 3  <nil>}": {"Key":"self","Type":15,"Integer":0,"String":"b","Interface":null}}
2025-08-15T22:13:33.869-0500	DEBUG	protocol/handler.go:1591	have processed broadcast	{"{round 20 3  <nil>}": {"Key":"from","Type":15,"Integer":0,"String":"a","Interface":null}}
2025-08-15T22:13:33.869-0500	DEBUG	protocol/handler.go:1591	have processed broadcast	{"{round 20 3  <nil>}": {"Key":"from","Type":15,"Integer":0,"String":"c","Interface":null}}
2025-08-15T22:13:33.870-0500	DEBUG	protocol/handler.go:1649	have all messages and processed	{"{round 20 3  <nil>}": {"Key":"self","Type":15,"Integer":0,"String":"b","Interface":null}}
2025-08-15T22:13:33.870-0500	DEBUG	protocol/handler.go:596	round already finalized
2025-08-15T22:13:33.870-0500	DEBUG	protocol/handler.go:581	tryAdvanceRound called	{"{current_round 20 3  <nil>}": {"Key":"self","Type":15,"Integer":0,"String":"c","Interface":null}}
2025-08-15T22:13:33.870-0500	DEBUG	protocol/handler.go:1591	have processed broadcast	{"{round 20 3  <nil>}": {"Key":"from","Type":15,"Integer":0,"String":"a","Interface":null}}
2025-08-15T22:13:33.870-0500	DEBUG	protocol/handler.go:1591	have processed broadcast	{"{round 20 3  <nil>}": {"Key":"from","Type":15,"Integer":0,"String":"b","Interface":null}}
2025-08-15T22:13:33.870-0500	DEBUG	protocol/handler.go:1649	have all messages and processed	{"{round 20 3  <nil>}": {"Key":"self","Type":15,"Integer":0,"String":"c","Interface":null}}
2025-08-15T22:13:33.870-0500	DEBUG	protocol/handler.go:596	round already finalized
2025-08-15T22:13:33.881-0500	DEBUG	protocol/handler.go:581	tryAdvanceRound called	{"{current_round 20 3  <nil>}": {"Key":"self","Type":15,"Integer":0,"String":"a","Interface":null}}
2025-08-15T22:13:33.881-0500	DEBUG	protocol/handler.go:1591	have processed broadcast	{"{round 20 3  <nil>}": {"Key":"from","Type":15,"Integer":0,"String":"b","Interface":null}}
2025-08-15T22:13:33.881-0500	DEBUG	protocol/handler.go:1591	have processed broadcast	{"{round 20 3  <nil>}": {"Key":"from","Type":15,"Integer":0,"String":"c","Interface":null}}
2025-08-15T22:13:33.881-0500	DEBUG	protocol/handler.go:1649	have all messages and processed	{"{round 20 3  <nil>}": {"Key":"self","Type":15,"Integer":0,"String":"a","Interface":null}}
2025-08-15T22:13:33.881-0500	DEBUG	protocol/handler.go:596	round already finalized
2025-08-15T22:13:33.893-0500	DEBUG	protocol/handler.go:581	tryAdvanceRound called	{"{current_round 20 3  <nil>}": {"Key":"self","Type":15,"Integer":0,"String":"c","Interface":null}}
2025-08-15T22:13:33.893-0500	DEBUG	protocol/handler.go:1591	have processed broadcast	{"{round 20 3  <nil>}": {"Key":"from","Type":15,"Integer":0,"String":"a","Interface":null}}
2025-08-15T22:13:33.893-0500	DEBUG	protocol/handler.go:1591	have processed broadcast	{"{round 20 3  <nil>}": {"Key":"from","Type":15,"Integer":0,"String":"b","Interface":null}}
2025-08-15T22:13:33.893-0500	DEBUG	protocol/handler.go:1649	have all messages and processed	{"{round 20 3  <nil>}": {"Key":"self","Type":15,"Integer":0,"String":"c","Interface":null}}
2025-08-15T22:13:33.893-0500	DEBUG	protocol/handler.go:596	round already finalized
2025-08-15T22:13:33.922-0500	DEBUG	protocol/handler.go:581	tryAdvanceRound called	{"{current_round 20 3  <nil>}": {"Key":"self","Type":15,"Integer":0,"String":"b","Interface":null}}
2025-08-15T22:13:33.922-0500	DEBUG	protocol/handler.go:1591	have processed broadcast	{"{round 20 3  <nil>}": {"Key":"from","Type":15,"Integer":0,"String":"a","Interface":null}}
2025-08-15T22:13:33.922-0500	DEBUG	protocol/handler.go:1591	have processed broadcast	{"{round 20 3  <nil>}": {"Key":"from","Type":15,"Integer":0,"String":"c","Interface":null}}
2025-08-15T22:13:33.922-0500	DEBUG	protocol/handler.go:1649	have all messages and processed	{"{round 20 3  <nil>}": {"Key":"self","Type":15,"Integer":0,"String":"b","Interface":null}}
2025-08-15T22:13:33.922-0500	DEBUG	protocol/handler.go:596	round already finalized
2025-08-15T22:13:33.922-0500	DEBUG	protocol/handler.go:581	tryAdvanceRound called	{"{current_round 20 3  <nil>}": {"Key":"self","Type":15,"Integer":0,"String":"b","Interface":null}}
2025-08-15T22:13:33.922-0500	DEBUG	protocol/handler.go:1591	have processed broadcast	{"{round 20 3  <nil>}": {"Key":"from","Type":15,"Integer":0,"String":"a","Interface":null}}
2025-08-15T22:13:33.922-0500	DEBUG	protocol/handler.go:1591	have processed broadcast	{"{round 20 3  <nil>}": {"Key":"from","Type":15,"Integer":0,"String":"c","Interface":null}}
2025-08-15T22:13:33.923-0500	DEBUG	protocol/handler.go:1649	have all messages and processed	{"{round 20 3  <nil>}": {"Key":"self","Type":15,"Integer":0,"String":"b","Interface":null}}
2025-08-15T22:13:33.923-0500	DEBUG	protocol/handler.go:596	round already finalized
2025-08-15T22:13:33.923-0500	DEBUG	protocol/handler.go:581	tryAdvanceRound called	{"{current_round 20 3  <nil>}": {"Key":"self","Type":15,"Integer":0,"String":"c","Interface":null}}
2025-08-15T22:13:33.923-0500	DEBUG	protocol/handler.go:1591	have processed broadcast	{"{round 20 3  <nil>}": {"Key":"from","Type":15,"Integer":0,"String":"a","Interface":null}}
2025-08-15T22:13:33.923-0500	DEBUG	protocol/handler.go:1591	have processed broadcast	{"{round 20 3  <nil>}": {"Key":"from","Type":15,"Integer":0,"String":"b","Interface":null}}
2025-08-15T22:13:33.923-0500	DEBUG	protocol/handler.go:1649	have all messages and processed	{"{round 20 3  <nil>}": {"Key":"self","Type":15,"Integer":0,"String":"c","Interface":null}}
2025-08-15T22:13:33.923-0500	DEBUG	protocol/handler.go:596	round already finalized
2025-08-15T22:13:33.935-0500	DEBUG	protocol/handler.go:581	tryAdvanceRound called	{"{current_round 20 3  <nil>}": {"Key":"self","Type":15,"Integer":0,"String":"a","Interface":null}}
2025-08-15T22:13:33.935-0500	DEBUG	protocol/handler.go:1591	have processed broadcast	{"{round 20 3  <nil>}": {"Key":"from","Type":15,"Integer":0,"String":"b","Interface":null}}
2025-08-15T22:13:33.935-0500	DEBUG	protocol/handler.go:1591	have processed broadcast	{"{round 20 3  <nil>}": {"Key":"from","Type":15,"Integer":0,"String":"c","Interface":null}}
2025-08-15T22:13:33.935-0500	DEBUG	protocol/handler.go:1649	have all messages and processed	{"{round 20 3  <nil>}": {"Key":"self","Type":15,"Integer":0,"String":"a","Interface":null}}
2025-08-15T22:13:33.935-0500	DEBUG	protocol/handler.go:596	round already finalized
2025-08-15T22:13:33.935-0500	DEBUG	protocol/handler.go:581	tryAdvanceRound called	{"{current_round 20 3  <nil>}": {"Key":"self","Type":15,"Integer":0,"String":"a","Interface":null}}
2025-08-15T22:13:33.935-0500	DEBUG	protocol/handler.go:1591	have processed broadcast	{"{round 20 3  <nil>}": {"Key":"from","Type":15,"Integer":0,"String":"b","Interface":null}}
2025-08-15T22:13:33.935-0500	DEBUG	protocol/handler.go:1591	have processed broadcast	{"{round 20 3  <nil>}": {"Key":"from","Type":15,"Integer":0,"String":"c","Interface":null}}
2025-08-15T22:13:33.935-0500	DEBUG	protocol/handler.go:1649	have all messages and processed	{"{round 20 3  <nil>}": {"Key":"self","Type":15,"Integer":0,"String":"a","Interface":null}}
2025-08-15T22:13:33.936-0500	DEBUG	protocol/handler.go:596	round already finalized
2025-08-15T22:13:33.945-0500	DEBUG	protocol/handler.go:581	tryAdvanceRound called	{"{current_round 20 3  <nil>}": {"Key":"self","Type":15,"Integer":0,"String":"b","Interface":null}}
2025-08-15T22:13:33.945-0500	DEBUG	protocol/handler.go:1591	have processed broadcast	{"{round 20 3  <nil>}": {"Key":"from","Type":15,"Integer":0,"String":"a","Interface":null}}
2025-08-15T22:13:33.945-0500	DEBUG	protocol/handler.go:1591	have processed broadcast	{"{round 20 3  <nil>}": {"Key":"from","Type":15,"Integer":0,"String":"c","Interface":null}}
2025-08-15T22:13:33.945-0500	DEBUG	protocol/handler.go:1649	have all messages and processed	{"{round 20 3  <nil>}": {"Key":"self","Type":15,"Integer":0,"String":"b","Interface":null}}
2025-08-15T22:13:33.946-0500	DEBUG	protocol/handler.go:596	round already finalized
2025-08-15T22:13:33.946-0500	DEBUG	protocol/handler.go:581	tryAdvanceRound called	{"{current_round 20 3  <nil>}": {"Key":"self","Type":15,"Integer":0,"String":"c","Interface":null}}
2025-08-15T22:13:33.946-0500	DEBUG	protocol/handler.go:1591	have processed broadcast	{"{round 20 3  <nil>}": {"Key":"from","Type":15,"Integer":0,"String":"a","Interface":null}}
2025-08-15T22:13:33.946-0500	DEBUG	protocol/handler.go:1591	have processed broadcast	{"{round 20 3  <nil>}": {"Key":"from","Type":15,"Integer":0,"String":"b","Interface":null}}
2025-08-15T22:13:33.946-0500	DEBUG	protocol/handler.go:1649	have all messages and processed	{"{round 20 3  <nil>}": {"Key":"self","Type":15,"Integer":0,"String":"c","Interface":null}}
2025-08-15T22:13:33.946-0500	DEBUG	protocol/handler.go:596	round already finalized
2025-08-15T22:13:33.953-0500	DEBUG	protocol/handler.go:581	tryAdvanceRound called	{"{current_round 20 3  <nil>}": {"Key":"self","Type":15,"Integer":0,"String":"a","Interface":null}}
2025-08-15T22:13:33.959-0500	DEBUG	protocol/handler.go:1591	have processed broadcast	{"{round 20 3  <nil>}": {"Key":"from","Type":15,"Integer":0,"String":"b","Interface":null}}
2025-08-15T22:13:33.960-0500	DEBUG	protocol/handler.go:1591	have processed broadcast	{"{round 20 3  <nil>}": {"Key":"from","Type":15,"Integer":0,"String":"c","Interface":null}}
2025-08-15T22:13:33.960-0500	DEBUG	protocol/handler.go:1649	have all messages and processed	{"{round 20 3  <nil>}": {"Key":"self","Type":15,"Integer":0,"String":"a","Interface":null}}
2025-08-15T22:13:33.960-0500	DEBUG	protocol/handler.go:596	round already finalized
2025-08-15T22:13:33.960-0500	DEBUG	protocol/handler.go:581	tryAdvanceRound called	{"{current_round 20 3  <nil>}": {"Key":"self","Type":15,"Integer":0,"String":"a","Interface":null}}
2025-08-15T22:13:33.960-0500	DEBUG	protocol/handler.go:1591	have processed broadcast	{"{round 20 3  <nil>}": {"Key":"from","Type":15,"Integer":0,"String":"b","Interface":null}}
2025-08-15T22:13:33.960-0500	DEBUG	protocol/handler.go:1591	have processed broadcast	{"{round 20 3  <nil>}": {"Key":"from","Type":15,"Integer":0,"String":"c","Interface":null}}
2025-08-15T22:13:33.961-0500	DEBUG	protocol/handler.go:1649	have all messages and processed	{"{round 20 3  <nil>}": {"Key":"self","Type":15,"Integer":0,"String":"a","Interface":null}}
2025-08-15T22:13:33.961-0500	DEBUG	protocol/handler.go:596	round already finalized
2025-08-15T22:13:33.977-0500	DEBUG	protocol/handler.go:581	tryAdvanceRound called	{"{current_round 20 3  <nil>}": {"Key":"self","Type":15,"Integer":0,"String":"a","Interface":null}}
2025-08-15T22:13:33.977-0500	DEBUG	protocol/handler.go:1591	have processed broadcast	{"{round 20 3  <nil>}": {"Key":"from","Type":15,"Integer":0,"String":"b","Interface":null}}
2025-08-15T22:13:33.977-0500	DEBUG	protocol/handler.go:1591	have processed broadcast	{"{round 20 3  <nil>}": {"Key":"from","Type":15,"Integer":0,"String":"c","Interface":null}}
2025-08-15T22:13:33.977-0500	DEBUG	protocol/handler.go:1649	have all messages and processed	{"{round 20 3  <nil>}": {"Key":"self","Type":15,"Integer":0,"String":"a","Interface":null}}
2025-08-15T22:13:33.977-0500	DEBUG	protocol/handler.go:596	round already finalized
2025-08-15T22:13:33.989-0500	DEBUG	protocol/handler.go:581	tryAdvanceRound called	{"{current_round 20 3  <nil>}": {"Key":"self","Type":15,"Integer":0,"String":"b","Interface":null}}
2025-08-15T22:13:33.990-0500	DEBUG	protocol/handler.go:1591	have processed broadcast	{"{round 20 3  <nil>}": {"Key":"from","Type":15,"Integer":0,"String":"a","Interface":null}}
2025-08-15T22:13:33.990-0500	DEBUG	protocol/handler.go:1591	have processed broadcast	{"{round 20 3  <nil>}": {"Key":"from","Type":15,"Integer":0,"String":"c","Interface":null}}
2025-08-15T22:13:33.990-0500	DEBUG	protocol/handler.go:1649	have all messages and processed	{"{round 20 3  <nil>}": {"Key":"self","Type":15,"Integer":0,"String":"b","Interface":null}}
2025-08-15T22:13:33.990-0500	DEBUG	protocol/handler.go:596	round already finalized
2025-08-15T22:13:33.991-0500	DEBUG	protocol/handler.go:581	tryAdvanceRound called	{"{current_round 20 3  <nil>}": {"Key":"self","Type":15,"Integer":0,"String":"b","Interface":null}}
2025-08-15T22:13:33.991-0500	DEBUG	protocol/handler.go:1591	have processed broadcast	{"{round 20 3  <nil>}": {"Key":"from","Type":15,"Integer":0,"String":"a","Interface":null}}
2025-08-15T22:13:33.991-0500	DEBUG	protocol/handler.go:1591	have processed broadcast	{"{round 20 3  <nil>}": {"Key":"from","Type":15,"Integer":0,"String":"c","Interface":null}}
2025-08-15T22:13:33.991-0500	DEBUG	protocol/handler.go:1649	have all messages and processed	{"{round 20 3  <nil>}": {"Key":"self","Type":15,"Integer":0,"String":"b","Interface":null}}
2025-08-15T22:13:33.991-0500	DEBUG	protocol/handler.go:596	round already finalized
2025-08-15T22:13:33.991-0500	DEBUG	protocol/handler.go:581	tryAdvanceRound called	{"{current_round 20 3  <nil>}": {"Key":"self","Type":15,"Integer":0,"String":"b","Interface":null}}
2025-08-15T22:13:33.991-0500	DEBUG	protocol/handler.go:1591	have processed broadcast	{"{round 20 3  <nil>}": {"Key":"from","Type":15,"Integer":0,"String":"a","Interface":null}}
2025-08-15T22:13:33.991-0500	DEBUG	protocol/handler.go:1591	have processed broadcast	{"{round 20 3  <nil>}": {"Key":"from","Type":15,"Integer":0,"String":"c","Interface":null}}
2025-08-15T22:13:33.991-0500	DEBUG	protocol/handler.go:1649	have all messages and processed	{"{round 20 3  <nil>}": {"Key":"self","Type":15,"Integer":0,"String":"b","Interface":null}}
2025-08-15T22:13:33.991-0500	DEBUG	protocol/handler.go:596	round already finalized
2025-08-15T22:13:33.991-0500	DEBUG	protocol/handler.go:581	tryAdvanceRound called	{"{current_round 20 3  <nil>}": {"Key":"self","Type":15,"Integer":0,"String":"c","Interface":null}}
2025-08-15T22:13:33.991-0500	DEBUG	protocol/handler.go:1591	have processed broadcast	{"{round 20 3  <nil>}": {"Key":"from","Type":15,"Integer":0,"String":"a","Interface":null}}
2025-08-15T22:13:33.991-0500	DEBUG	protocol/handler.go:1591	have processed broadcast	{"{round 20 3  <nil>}": {"Key":"from","Type":15,"Integer":0,"String":"b","Interface":null}}
2025-08-15T22:13:33.991-0500	DEBUG	protocol/handler.go:1649	have all messages and processed	{"{round 20 3  <nil>}": {"Key":"self","Type":15,"Integer":0,"String":"c","Interface":null}}
2025-08-15T22:13:33.991-0500	DEBUG	protocol/handler.go:596	round already finalized
2025-08-15T22:13:33.991-0500	DEBUG	protocol/handler.go:581	tryAdvanceRound called	{"{current_round 20 3  <nil>}": {"Key":"self","Type":15,"Integer":0,"String":"c","Interface":null}}
2025-08-15T22:13:33.991-0500	DEBUG	protocol/handler.go:1591	have processed broadcast	{"{round 20 3  <nil>}": {"Key":"from","Type":15,"Integer":0,"String":"a","Interface":null}}
2025-08-15T22:13:33.991-0500	DEBUG	protocol/handler.go:1591	have processed broadcast	{"{round 20 3  <nil>}": {"Key":"from","Type":15,"Integer":0,"String":"b","Interface":null}}
2025-08-15T22:13:33.991-0500	DEBUG	protocol/handler.go:1649	have all messages and processed	{"{round 20 3  <nil>}": {"Key":"self","Type":15,"Integer":0,"String":"c","Interface":null}}
2025-08-15T22:13:33.991-0500	DEBUG	protocol/handler.go:596	round already finalized
2025-08-15T22:13:34.003-0500	DEBUG	protocol/handler.go:581	tryAdvanceRound called	{"{current_round 20 3  <nil>}": {"Key":"self","Type":15,"Integer":0,"String":"a","Interface":null}}
2025-08-15T22:13:34.003-0500	DEBUG	protocol/handler.go:1591	have processed broadcast	{"{round 20 3  <nil>}": {"Key":"from","Type":15,"Integer":0,"String":"b","Interface":null}}
2025-08-15T22:13:34.003-0500	DEBUG	protocol/handler.go:1591	have processed broadcast	{"{round 20 3  <nil>}": {"Key":"from","Type":15,"Integer":0,"String":"c","Interface":null}}
2025-08-15T22:13:34.003-0500	DEBUG	protocol/handler.go:1649	have all messages and processed	{"{round 20 3  <nil>}": {"Key":"self","Type":15,"Integer":0,"String":"a","Interface":null}}
2025-08-15T22:13:34.003-0500	DEBUG	protocol/handler.go:596	round already finalized
2025-08-15T22:13:34.013-0500	DEBUG	protocol/handler.go:581	tryAdvanceRound called	{"{current_round 20 3  <nil>}": {"Key":"self","Type":15,"Integer":0,"String":"a","Interface":null}}
2025-08-15T22:13:34.013-0500	DEBUG	protocol/handler.go:1591	have processed broadcast	{"{round 20 3  <nil>}": {"Key":"from","Type":15,"Integer":0,"String":"b","Interface":null}}
2025-08-15T22:13:34.013-0500	DEBUG	protocol/handler.go:1591	have processed broadcast	{"{round 20 3  <nil>}": {"Key":"from","Type":15,"Integer":0,"String":"c","Interface":null}}
2025-08-15T22:13:34.013-0500	DEBUG	protocol/handler.go:1649	have all messages and processed	{"{round 20 3  <nil>}": {"Key":"self","Type":15,"Integer":0,"String":"a","Interface":null}}
2025-08-15T22:13:34.013-0500	DEBUG	protocol/handler.go:596	round already finalized
2025-08-15T22:13:34.016-0500	DEBUG	protocol/handler.go:581	tryAdvanceRound called	{"{current_round 20 3  <nil>}": {"Key":"self","Type":15,"Integer":0,"String":"b","Interface":null}}
2025-08-15T22:13:34.016-0500	DEBUG	protocol/handler.go:1591	have processed broadcast	{"{round 20 3  <nil>}": {"Key":"from","Type":15,"Integer":0,"String":"a","Interface":null}}
2025-08-15T22:13:34.016-0500	DEBUG	protocol/handler.go:1591	have processed broadcast	{"{round 20 3  <nil>}": {"Key":"from","Type":15,"Integer":0,"String":"c","Interface":null}}
2025-08-15T22:13:34.016-0500	DEBUG	protocol/handler.go:1649	have all messages and processed	{"{round 20 3  <nil>}": {"Key":"self","Type":15,"Integer":0,"String":"b","Interface":null}}
2025-08-15T22:13:34.016-0500	DEBUG	protocol/handler.go:596	round already finalized
2025-08-15T22:13:34.016-0500	DEBUG	protocol/handler.go:581	tryAdvanceRound called	{"{current_round 20 3  <nil>}": {"Key":"self","Type":15,"Integer":0,"String":"c","Interface":null}}
2025-08-15T22:13:34.017-0500	DEBUG	protocol/handler.go:1591	have processed broadcast	{"{round 20 3  <nil>}": {"Key":"from","Type":15,"Integer":0,"String":"a","Interface":null}}
2025-08-15T22:13:34.017-0500	DEBUG	protocol/handler.go:1591	have processed broadcast	{"{round 20 3  <nil>}": {"Key":"from","Type":15,"Integer":0,"String":"b","Interface":null}}
2025-08-15T22:13:34.017-0500	DEBUG	protocol/handler.go:1649	have all messages and processed	{"{round 20 3  <nil>}": {"Key":"self","Type":15,"Integer":0,"String":"c","Interface":null}}
2025-08-15T22:13:34.017-0500	DEBUG	protocol/handler.go:596	round already finalized
2025-08-15T22:13:34.035-0500	DEBUG	protocol/handler.go:581	tryAdvanceRound called	{"{current_round 20 3  <nil>}": {"Key":"self","Type":15,"Integer":0,"String":"a","Interface":null}}
2025-08-15T22:13:34.035-0500	DEBUG	protocol/handler.go:1591	have processed broadcast	{"{round 20 3  <nil>}": {"Key":"from","Type":15,"Integer":0,"String":"b","Interface":null}}
2025-08-15T22:13:34.035-0500	DEBUG	protocol/handler.go:1591	have processed broadcast	{"{round 20 3  <nil>}": {"Key":"from","Type":15,"Integer":0,"String":"c","Interface":null}}
2025-08-15T22:13:34.035-0500	DEBUG	protocol/handler.go:1649	have all messages and processed	{"{round 20 3  <nil>}": {"Key":"self","Type":15,"Integer":0,"String":"a","Interface":null}}
2025-08-15T22:13:34.035-0500	DEBUG	protocol/handler.go:596	round already finalized
2025-08-15T22:13:34.038-0500	DEBUG	protocol/handler.go:581	tryAdvanceRound called	{"{current_round 20 3  <nil>}": {"Key":"self","Type":15,"Integer":0,"String":"b","Interface":null}}
2025-08-15T22:13:34.038-0500	DEBUG	protocol/handler.go:1591	have processed broadcast	{"{round 20 3  <nil>}": {"Key":"from","Type":15,"Integer":0,"String":"a","Interface":null}}
2025-08-15T22:13:34.038-0500	DEBUG	protocol/handler.go:1591	have processed broadcast	{"{round 20 3  <nil>}": {"Key":"from","Type":15,"Integer":0,"String":"c","Interface":null}}
2025-08-15T22:13:34.038-0500	DEBUG	protocol/handler.go:1649	have all messages and processed	{"{round 20 3  <nil>}": {"Key":"self","Type":15,"Integer":0,"String":"b","Interface":null}}
2025-08-15T22:13:34.040-0500	DEBUG	protocol/handler.go:596	round already finalized
2025-08-15T22:13:34.040-0500	DEBUG	protocol/handler.go:581	tryAdvanceRound called	{"{current_round 20 3  <nil>}": {"Key":"self","Type":15,"Integer":0,"String":"c","Interface":null}}
2025-08-15T22:13:34.040-0500	DEBUG	protocol/handler.go:1591	have processed broadcast	{"{round 20 3  <nil>}": {"Key":"from","Type":15,"Integer":0,"String":"a","Interface":null}}
2025-08-15T22:13:34.040-0500	DEBUG	protocol/handler.go:1591	have processed broadcast	{"{round 20 3  <nil>}": {"Key":"from","Type":15,"Integer":0,"String":"b","Interface":null}}
2025-08-15T22:13:34.040-0500	DEBUG	protocol/handler.go:1649	have all messages and processed	{"{round 20 3  <nil>}": {"Key":"self","Type":15,"Integer":0,"String":"c","Interface":null}}
2025-08-15T22:13:34.040-0500	DEBUG	protocol/handler.go:596	round already finalized
2025-08-15T22:13:34.059-0500	DEBUG	protocol/handler.go:581	tryAdvanceRound called	{"{current_round 20 3  <nil>}": {"Key":"self","Type":15,"Integer":0,"String":"a","Interface":null}}
2025-08-15T22:13:34.059-0500	DEBUG	protocol/handler.go:1591	have processed broadcast	{"{round 20 3  <nil>}": {"Key":"from","Type":15,"Integer":0,"String":"b","Interface":null}}
2025-08-15T22:13:34.059-0500	DEBUG	protocol/handler.go:1591	have processed broadcast	{"{round 20 3  <nil>}": {"Key":"from","Type":15,"Integer":0,"String":"c","Interface":null}}
2025-08-15T22:13:34.059-0500	DEBUG	protocol/handler.go:1649	have all messages and processed	{"{round 20 3  <nil>}": {"Key":"self","Type":15,"Integer":0,"String":"a","Interface":null}}
2025-08-15T22:13:34.059-0500	DEBUG	protocol/handler.go:596	round already finalized
2025-08-15T22:13:34.059-0500	DEBUG	protocol/handler.go:581	tryAdvanceRound called	{"{current_round 20 3  <nil>}": {"Key":"self","Type":15,"Integer":0,"String":"b","Interface":null}}
2025-08-15T22:13:34.060-0500	DEBUG	protocol/handler.go:1591	have processed broadcast	{"{round 20 3  <nil>}": {"Key":"from","Type":15,"Integer":0,"String":"a","Interface":null}}
2025-08-15T22:13:34.060-0500	DEBUG	protocol/handler.go:1591	have processed broadcast	{"{round 20 3  <nil>}": {"Key":"from","Type":15,"Integer":0,"String":"c","Interface":null}}
2025-08-15T22:13:34.060-0500	DEBUG	protocol/handler.go:1649	have all messages and processed	{"{round 20 3  <nil>}": {"Key":"self","Type":15,"Integer":0,"String":"b","Interface":null}}
2025-08-15T22:13:34.061-0500	DEBUG	protocol/handler.go:596	round already finalized
2025-08-15T22:13:34.061-0500	DEBUG	protocol/handler.go:581	tryAdvanceRound called	{"{current_round 20 3  <nil>}": {"Key":"self","Type":15,"Integer":0,"String":"b","Interface":null}}
2025-08-15T22:13:34.061-0500	DEBUG	protocol/handler.go:1591	have processed broadcast	{"{round 20 3  <nil>}": {"Key":"from","Type":15,"Integer":0,"String":"a","Interface":null}}
2025-08-15T22:13:34.061-0500	DEBUG	protocol/handler.go:1591	have processed broadcast	{"{round 20 3  <nil>}": {"Key":"from","Type":15,"Integer":0,"String":"c","Interface":null}}
2025-08-15T22:13:34.061-0500	DEBUG	protocol/handler.go:1649	have all messages and processed	{"{round 20 3  <nil>}": {"Key":"self","Type":15,"Integer":0,"String":"b","Interface":null}}
2025-08-15T22:13:34.061-0500	DEBUG	protocol/handler.go:596	round already finalized
2025-08-15T22:13:34.061-0500	DEBUG	protocol/handler.go:581	tryAdvanceRound called	{"{current_round 20 3  <nil>}": {"Key":"self","Type":15,"Integer":0,"String":"c","Interface":null}}
2025-08-15T22:13:34.061-0500	DEBUG	protocol/handler.go:1591	have processed broadcast	{"{round 20 3  <nil>}": {"Key":"from","Type":15,"Integer":0,"String":"a","Interface":null}}
2025-08-15T22:13:34.061-0500	DEBUG	protocol/handler.go:1591	have processed broadcast	{"{round 20 3  <nil>}": {"Key":"from","Type":15,"Integer":0,"String":"b","Interface":null}}
2025-08-15T22:13:34.061-0500	DEBUG	protocol/handler.go:1649	have all messages and processed	{"{round 20 3  <nil>}": {"Key":"self","Type":15,"Integer":0,"String":"c","Interface":null}}
2025-08-15T22:13:34.061-0500	DEBUG	protocol/handler.go:596	round already finalized
2025-08-15T22:13:34.061-0500	DEBUG	protocol/handler.go:581	tryAdvanceRound called	{"{current_round 20 3  <nil>}": {"Key":"self","Type":15,"Integer":0,"String":"c","Interface":null}}
2025-08-15T22:13:34.061-0500	DEBUG	protocol/handler.go:1591	have processed broadcast	{"{round 20 3  <nil>}": {"Key":"from","Type":15,"Integer":0,"String":"a","Interface":null}}
2025-08-15T22:13:34.061-0500	DEBUG	protocol/handler.go:1591	have processed broadcast	{"{round 20 3  <nil>}": {"Key":"from","Type":15,"Integer":0,"String":"b","Interface":null}}
2025-08-15T22:13:34.061-0500	DEBUG	protocol/handler.go:1649	have all messages and processed	{"{round 20 3  <nil>}": {"Key":"self","Type":15,"Integer":0,"String":"c","Interface":null}}
2025-08-15T22:13:34.061-0500	DEBUG	protocol/handler.go:596	round already finalized
2025-08-15T22:13:34.082-0500	DEBUG	protocol/handler.go:581	tryAdvanceRound called	{"{current_round 20 3  <nil>}": {"Key":"self","Type":15,"Integer":0,"String":"a","Interface":null}}
2025-08-15T22:13:34.088-0500	DEBUG	protocol/handler.go:1591	have processed broadcast	{"{round 20 3  <nil>}": {"Key":"from","Type":15,"Integer":0,"String":"b","Interface":null}}
2025-08-15T22:13:34.088-0500	DEBUG	protocol/handler.go:1591	have processed broadcast	{"{round 20 3  <nil>}": {"Key":"from","Type":15,"Integer":0,"String":"c","Interface":null}}
2025-08-15T22:13:34.088-0500	DEBUG	protocol/handler.go:1649	have all messages and processed	{"{round 20 3  <nil>}": {"Key":"self","Type":15,"Integer":0,"String":"a","Interface":null}}
2025-08-15T22:13:34.092-0500	DEBUG	protocol/handler.go:596	round already finalized
2025-08-15T22:13:34.089-0500	DEBUG	protocol/handler.go:581	tryAdvanceRound called	{"{current_round 20 3  <nil>}": {"Key":"self","Type":15,"Integer":0,"String":"b","Interface":null}}
2025-08-15T22:13:34.093-0500	DEBUG	protocol/handler.go:1591	have processed broadcast	{"{round 20 3  <nil>}": {"Key":"from","Type":15,"Integer":0,"String":"a","Interface":null}}
2025-08-15T22:13:34.093-0500	DEBUG	protocol/handler.go:1591	have processed broadcast	{"{round 20 3  <nil>}": {"Key":"from","Type":15,"Integer":0,"String":"c","Interface":null}}
2025-08-15T22:13:34.093-0500	DEBUG	protocol/handler.go:1649	have all messages and processed	{"{round 20 3  <nil>}": {"Key":"self","Type":15,"Integer":0,"String":"b","Interface":null}}
2025-08-15T22:13:34.093-0500	DEBUG	protocol/handler.go:596	round already finalized
2025-08-15T22:13:34.093-0500	DEBUG	protocol/handler.go:581	tryAdvanceRound called	{"{current_round 20 3  <nil>}": {"Key":"self","Type":15,"Integer":0,"String":"b","Interface":null}}
2025-08-15T22:13:34.093-0500	DEBUG	protocol/handler.go:1591	have processed broadcast	{"{round 20 3  <nil>}": {"Key":"from","Type":15,"Integer":0,"String":"a","Interface":null}}
2025-08-15T22:13:34.093-0500	DEBUG	protocol/handler.go:1591	have processed broadcast	{"{round 20 3  <nil>}": {"Key":"from","Type":15,"Integer":0,"String":"c","Interface":null}}
2025-08-15T22:13:34.093-0500	DEBUG	protocol/handler.go:1649	have all messages and processed	{"{round 20 3  <nil>}": {"Key":"self","Type":15,"Integer":0,"String":"b","Interface":null}}
2025-08-15T22:13:34.093-0500	DEBUG	protocol/handler.go:596	round already finalized
2025-08-15T22:13:34.089-0500	DEBUG	protocol/handler.go:581	tryAdvanceRound called	{"{current_round 20 3  <nil>}": {"Key":"self","Type":15,"Integer":0,"String":"c","Interface":null}}
2025-08-15T22:13:34.093-0500	DEBUG	protocol/handler.go:1591	have processed broadcast	{"{round 20 3  <nil>}": {"Key":"from","Type":15,"Integer":0,"String":"a","Interface":null}}
2025-08-15T22:13:34.093-0500	DEBUG	protocol/handler.go:1591	have processed broadcast	{"{round 20 3  <nil>}": {"Key":"from","Type":15,"Integer":0,"String":"b","Interface":null}}
2025-08-15T22:13:34.093-0500	DEBUG	protocol/handler.go:1649	have all messages and processed	{"{round 20 3  <nil>}": {"Key":"self","Type":15,"Integer":0,"String":"c","Interface":null}}
2025-08-15T22:13:34.094-0500	DEBUG	protocol/handler.go:596	round already finalized
2025-08-15T22:13:34.094-0500	DEBUG	protocol/handler.go:581	tryAdvanceRound called	{"{current_round 20 3  <nil>}": {"Key":"self","Type":15,"Integer":0,"String":"c","Interface":null}}
2025-08-15T22:13:34.094-0500	DEBUG	protocol/handler.go:1591	have processed broadcast	{"{round 20 3  <nil>}": {"Key":"from","Type":15,"Integer":0,"String":"a","Interface":null}}
2025-08-15T22:13:34.094-0500	DEBUG	protocol/handler.go:1591	have processed broadcast	{"{round 20 3  <nil>}": {"Key":"from","Type":15,"Integer":0,"String":"b","Interface":null}}
2025-08-15T22:13:34.095-0500	DEBUG	protocol/handler.go:1649	have all messages and processed	{"{round 20 3  <nil>}": {"Key":"self","Type":15,"Integer":0,"String":"c","Interface":null}}
2025-08-15T22:13:34.095-0500	DEBUG	protocol/handler.go:596	round already finalized
2025-08-15T22:13:34.095-0500	DEBUG	protocol/handler.go:581	tryAdvanceRound called	{"{current_round 20 3  <nil>}": {"Key":"self","Type":15,"Integer":0,"String":"a","Interface":null}}
2025-08-15T22:13:34.096-0500	DEBUG	protocol/handler.go:1591	have processed broadcast	{"{round 20 3  <nil>}": {"Key":"from","Type":15,"Integer":0,"String":"b","Interface":null}}
2025-08-15T22:13:34.096-0500	DEBUG	protocol/handler.go:1591	have processed broadcast	{"{round 20 3  <nil>}": {"Key":"from","Type":15,"Integer":0,"String":"c","Interface":null}}
2025-08-15T22:13:34.096-0500	DEBUG	protocol/handler.go:1649	have all messages and processed	{"{round 20 3  <nil>}": {"Key":"self","Type":15,"Integer":0,"String":"a","Interface":null}}
2025-08-15T22:13:34.096-0500	DEBUG	protocol/handler.go:596	round already finalized
2025-08-15T22:13:34.118-0500	DEBUG	protocol/handler.go:581	tryAdvanceRound called	{"{current_round 20 3  <nil>}": {"Key":"self","Type":15,"Integer":0,"String":"c","Interface":null}}
2025-08-15T22:13:34.118-0500	DEBUG	protocol/handler.go:1591	have processed broadcast	{"{round 20 3  <nil>}": {"Key":"from","Type":15,"Integer":0,"String":"a","Interface":null}}
2025-08-15T22:13:34.118-0500	DEBUG	protocol/handler.go:1591	have processed broadcast	{"{round 20 3  <nil>}": {"Key":"from","Type":15,"Integer":0,"String":"b","Interface":null}}
2025-08-15T22:13:34.118-0500	DEBUG	protocol/handler.go:1649	have all messages and processed	{"{round 20 3  <nil>}": {"Key":"self","Type":15,"Integer":0,"String":"c","Interface":null}}
2025-08-15T22:13:34.118-0500	DEBUG	protocol/handler.go:596	round already finalized
2025-08-15T22:13:34.118-0500	DEBUG	protocol/handler.go:581	tryAdvanceRound called	{"{current_round 20 3  <nil>}": {"Key":"self","Type":15,"Integer":0,"String":"a","Interface":null}}
2025-08-15T22:13:34.118-0500	DEBUG	protocol/handler.go:1591	have processed broadcast	{"{round 20 3  <nil>}": {"Key":"from","Type":15,"Integer":0,"String":"b","Interface":null}}
2025-08-15T22:13:34.118-0500	DEBUG	protocol/handler.go:1591	have processed broadcast	{"{round 20 3  <nil>}": {"Key":"from","Type":15,"Integer":0,"String":"c","Interface":null}}
2025-08-15T22:13:34.118-0500	DEBUG	protocol/handler.go:1649	have all messages and processed	{"{round 20 3  <nil>}": {"Key":"self","Type":15,"Integer":0,"String":"a","Interface":null}}
2025-08-15T22:13:34.118-0500	DEBUG	protocol/handler.go:596	round already finalized
2025-08-15T22:13:34.118-0500	DEBUG	protocol/handler.go:581	tryAdvanceRound called	{"{current_round 20 3  <nil>}": {"Key":"self","Type":15,"Integer":0,"String":"b","Interface":null}}
2025-08-15T22:13:34.118-0500	DEBUG	protocol/handler.go:1591	have processed broadcast	{"{round 20 3  <nil>}": {"Key":"from","Type":15,"Integer":0,"String":"a","Interface":null}}
2025-08-15T22:13:34.118-0500	DEBUG	protocol/handler.go:1591	have processed broadcast	{"{round 20 3  <nil>}": {"Key":"from","Type":15,"Integer":0,"String":"c","Interface":null}}
2025-08-15T22:13:34.118-0500	DEBUG	protocol/handler.go:1649	have all messages and processed	{"{round 20 3  <nil>}": {"Key":"self","Type":15,"Integer":0,"String":"b","Interface":null}}
2025-08-15T22:13:34.118-0500	DEBUG	protocol/handler.go:596	round already finalized
2025-08-15T22:13:34.140-0500	DEBUG	protocol/handler.go:581	tryAdvanceRound called	{"{current_round 20 3  <nil>}": {"Key":"self","Type":15,"Integer":0,"String":"a","Interface":null}}
2025-08-15T22:13:34.140-0500	DEBUG	protocol/handler.go:1591	have processed broadcast	{"{round 20 3  <nil>}": {"Key":"from","Type":15,"Integer":0,"String":"b","Interface":null}}
2025-08-15T22:13:34.140-0500	DEBUG	protocol/handler.go:1591	have processed broadcast	{"{round 20 3  <nil>}": {"Key":"from","Type":15,"Integer":0,"String":"c","Interface":null}}
2025-08-15T22:13:34.140-0500	DEBUG	protocol/handler.go:1649	have all messages and processed	{"{round 20 3  <nil>}": {"Key":"self","Type":15,"Integer":0,"String":"a","Interface":null}}
2025-08-15T22:13:34.140-0500	DEBUG	protocol/handler.go:596	round already finalized
2025-08-15T22:13:34.140-0500	DEBUG	protocol/handler.go:581	tryAdvanceRound called	{"{current_round 20 3  <nil>}": {"Key":"self","Type":15,"Integer":0,"String":"b","Interface":null}}
2025-08-15T22:13:34.140-0500	DEBUG	protocol/handler.go:1591	have processed broadcast	{"{round 20 3  <nil>}": {"Key":"from","Type":15,"Integer":0,"String":"a","Interface":null}}
2025-08-15T22:13:34.141-0500	DEBUG	protocol/handler.go:1591	have processed broadcast	{"{round 20 3  <nil>}": {"Key":"from","Type":15,"Integer":0,"String":"c","Interface":null}}
2025-08-15T22:13:34.141-0500	DEBUG	protocol/handler.go:1649	have all messages and processed	{"{round 20 3  <nil>}": {"Key":"self","Type":15,"Integer":0,"String":"b","Interface":null}}
2025-08-15T22:13:34.141-0500	DEBUG	protocol/handler.go:596	round already finalized
2025-08-15T22:13:34.141-0500	DEBUG	protocol/handler.go:581	tryAdvanceRound called	{"{current_round 20 3  <nil>}": {"Key":"self","Type":15,"Integer":0,"String":"b","Interface":null}}
2025-08-15T22:13:34.141-0500	DEBUG	protocol/handler.go:1591	have processed broadcast	{"{round 20 3  <nil>}": {"Key":"from","Type":15,"Integer":0,"String":"a","Interface":null}}
2025-08-15T22:13:34.141-0500	DEBUG	protocol/handler.go:1591	have processed broadcast	{"{round 20 3  <nil>}": {"Key":"from","Type":15,"Integer":0,"String":"c","Interface":null}}
2025-08-15T22:13:34.141-0500	DEBUG	protocol/handler.go:1649	have all messages and processed	{"{round 20 3  <nil>}": {"Key":"self","Type":15,"Integer":0,"String":"b","Interface":null}}
2025-08-15T22:13:34.141-0500	DEBUG	protocol/handler.go:596	round already finalized
2025-08-15T22:13:34.141-0500	DEBUG	protocol/handler.go:581	tryAdvanceRound called	{"{current_round 20 3  <nil>}": {"Key":"self","Type":15,"Integer":0,"String":"c","Interface":null}}
2025-08-15T22:13:34.141-0500	DEBUG	protocol/handler.go:1591	have processed broadcast	{"{round 20 3  <nil>}": {"Key":"from","Type":15,"Integer":0,"String":"a","Interface":null}}
2025-08-15T22:13:34.141-0500	DEBUG	protocol/handler.go:1591	have processed broadcast	{"{round 20 3  <nil>}": {"Key":"from","Type":15,"Integer":0,"String":"b","Interface":null}}
2025-08-15T22:13:34.141-0500	DEBUG	protocol/handler.go:1649	have all messages and processed	{"{round 20 3  <nil>}": {"Key":"self","Type":15,"Integer":0,"String":"c","Interface":null}}
2025-08-15T22:13:34.141-0500	DEBUG	protocol/handler.go:596	round already finalized
2025-08-15T22:13:34.141-0500	DEBUG	protocol/handler.go:581	tryAdvanceRound called	{"{current_round 20 3  <nil>}": {"Key":"self","Type":15,"Integer":0,"String":"c","Interface":null}}
2025-08-15T22:13:34.141-0500	DEBUG	protocol/handler.go:1591	have processed broadcast	{"{round 20 3  <nil>}": {"Key":"from","Type":15,"Integer":0,"String":"a","Interface":null}}
2025-08-15T22:13:34.141-0500	DEBUG	protocol/handler.go:1591	have processed broadcast	{"{round 20 3  <nil>}": {"Key":"from","Type":15,"Integer":0,"String":"b","Interface":null}}
2025-08-15T22:13:34.141-0500	DEBUG	protocol/handler.go:1649	have all messages and processed	{"{round 20 3  <nil>}": {"Key":"self","Type":15,"Integer":0,"String":"c","Interface":null}}
2025-08-15T22:13:34.141-0500	DEBUG	protocol/handler.go:596	round already finalized
2025-08-15T22:13:34.164-0500	DEBUG	protocol/handler.go:581	tryAdvanceRound called	{"{current_round 20 3  <nil>}": {"Key":"self","Type":15,"Integer":0,"String":"a","Interface":null}}
2025-08-15T22:13:34.164-0500	DEBUG	protocol/handler.go:581	tryAdvanceRound called	{"{current_round 20 3  <nil>}": {"Key":"self","Type":15,"Integer":0,"String":"c","Interface":null}}
2025-08-15T22:13:34.164-0500	DEBUG	protocol/handler.go:1591	have processed broadcast	{"{round 20 3  <nil>}": {"Key":"from","Type":15,"Integer":0,"String":"a","Interface":null}}
2025-08-15T22:13:34.164-0500	DEBUG	protocol/handler.go:581	tryAdvanceRound called	{"{current_round 20 3  <nil>}": {"Key":"self","Type":15,"Integer":0,"String":"b","Interface":null}}
2025-08-15T22:13:34.165-0500	DEBUG	protocol/handler.go:1591	have processed broadcast	{"{round 20 3  <nil>}": {"Key":"from","Type":15,"Integer":0,"String":"b","Interface":null}}
2025-08-15T22:13:34.165-0500	DEBUG	protocol/handler.go:1649	have all messages and processed	{"{round 20 3  <nil>}": {"Key":"self","Type":15,"Integer":0,"String":"c","Interface":null}}
2025-08-15T22:13:34.165-0500	DEBUG	protocol/handler.go:596	round already finalized
2025-08-15T22:13:34.165-0500	DEBUG	protocol/handler.go:1591	have processed broadcast	{"{round 20 3  <nil>}": {"Key":"from","Type":15,"Integer":0,"String":"a","Interface":null}}
2025-08-15T22:13:34.165-0500	DEBUG	protocol/handler.go:1591	have processed broadcast	{"{round 20 3  <nil>}": {"Key":"from","Type":15,"Integer":0,"String":"c","Interface":null}}
2025-08-15T22:13:34.165-0500	DEBUG	protocol/handler.go:1649	have all messages and processed	{"{round 20 3  <nil>}": {"Key":"self","Type":15,"Integer":0,"String":"b","Interface":null}}
2025-08-15T22:13:34.165-0500	DEBUG	protocol/handler.go:596	round already finalized
2025-08-15T22:13:34.164-0500	DEBUG	protocol/handler.go:1591	have processed broadcast	{"{round 20 3  <nil>}": {"Key":"from","Type":15,"Integer":0,"String":"b","Interface":null}}
2025-08-15T22:13:34.171-0500	DEBUG	protocol/handler.go:1591	have processed broadcast	{"{round 20 3  <nil>}": {"Key":"from","Type":15,"Integer":0,"String":"c","Interface":null}}
2025-08-15T22:13:34.171-0500	DEBUG	protocol/handler.go:1649	have all messages and processed	{"{round 20 3  <nil>}": {"Key":"self","Type":15,"Integer":0,"String":"a","Interface":null}}
2025-08-15T22:13:34.171-0500	DEBUG	protocol/handler.go:596	round already finalized
2025-08-15T22:13:34.187-0500	DEBUG	protocol/handler.go:581	tryAdvanceRound called	{"{current_round 20 3  <nil>}": {"Key":"self","Type":15,"Integer":0,"String":"c","Interface":null}}
2025-08-15T22:13:34.187-0500	DEBUG	protocol/handler.go:581	tryAdvanceRound called	{"{current_round 20 3  <nil>}": {"Key":"self","Type":15,"Integer":0,"String":"a","Interface":null}}
2025-08-15T22:13:34.187-0500	DEBUG	protocol/handler.go:1591	have processed broadcast	{"{round 20 3  <nil>}": {"Key":"from","Type":15,"Integer":0,"String":"b","Interface":null}}
2025-08-15T22:13:34.187-0500	DEBUG	protocol/handler.go:1591	have processed broadcast	{"{round 20 3  <nil>}": {"Key":"from","Type":15,"Integer":0,"String":"c","Interface":null}}
2025-08-15T22:13:34.187-0500	DEBUG	protocol/handler.go:1649	have all messages and processed	{"{round 20 3  <nil>}": {"Key":"self","Type":15,"Integer":0,"String":"a","Interface":null}}
2025-08-15T22:13:34.187-0500	DEBUG	protocol/handler.go:596	round already finalized
2025-08-15T22:13:34.187-0500	DEBUG	protocol/handler.go:1591	have processed broadcast	{"{round 20 3  <nil>}": {"Key":"from","Type":15,"Integer":0,"String":"a","Interface":null}}
2025-08-15T22:13:34.187-0500	DEBUG	protocol/handler.go:581	tryAdvanceRound called	{"{current_round 20 3  <nil>}": {"Key":"self","Type":15,"Integer":0,"String":"b","Interface":null}}
2025-08-15T22:13:34.188-0500	DEBUG	protocol/handler.go:1591	have processed broadcast	{"{round 20 3  <nil>}": {"Key":"from","Type":15,"Integer":0,"String":"b","Interface":null}}
2025-08-15T22:13:34.188-0500	DEBUG	protocol/handler.go:1649	have all messages and processed	{"{round 20 3  <nil>}": {"Key":"self","Type":15,"Integer":0,"String":"c","Interface":null}}
2025-08-15T22:13:34.188-0500	DEBUG	protocol/handler.go:596	round already finalized
2025-08-15T22:13:34.188-0500	DEBUG	protocol/handler.go:1591	have processed broadcast	{"{round 20 3  <nil>}": {"Key":"from","Type":15,"Integer":0,"String":"a","Interface":null}}
2025-08-15T22:13:34.189-0500	DEBUG	protocol/handler.go:1591	have processed broadcast	{"{round 20 3  <nil>}": {"Key":"from","Type":15,"Integer":0,"String":"c","Interface":null}}
2025-08-15T22:13:34.189-0500	DEBUG	protocol/handler.go:1649	have all messages and processed	{"{round 20 3  <nil>}": {"Key":"self","Type":15,"Integer":0,"String":"b","Interface":null}}
2025-08-15T22:13:34.189-0500	DEBUG	protocol/handler.go:596	round already finalized
2025-08-15T22:13:34.198-0500	DEBUG	protocol/handler.go:581	tryAdvanceRound called	{"{current_round 20 3  <nil>}": {"Key":"self","Type":15,"Integer":0,"String":"a","Interface":null}}
2025-08-15T22:13:34.198-0500	DEBUG	protocol/handler.go:1591	have processed broadcast	{"{round 20 3  <nil>}": {"Key":"from","Type":15,"Integer":0,"String":"b","Interface":null}}
2025-08-15T22:13:34.198-0500	DEBUG	protocol/handler.go:1591	have processed broadcast	{"{round 20 3  <nil>}": {"Key":"from","Type":15,"Integer":0,"String":"c","Interface":null}}
2025-08-15T22:13:34.198-0500	DEBUG	protocol/handler.go:1649	have all messages and processed	{"{round 20 3  <nil>}": {"Key":"self","Type":15,"Integer":0,"String":"a","Interface":null}}
2025-08-15T22:13:34.198-0500	DEBUG	protocol/handler.go:596	round already finalized
2025-08-15T22:13:34.198-0500	DEBUG	protocol/handler.go:581	tryAdvanceRound called	{"{current_round 20 3  <nil>}": {"Key":"self","Type":15,"Integer":0,"String":"b","Interface":null}}
2025-08-15T22:13:34.198-0500	DEBUG	protocol/handler.go:1591	have processed broadcast	{"{round 20 3  <nil>}": {"Key":"from","Type":15,"Integer":0,"String":"a","Interface":null}}
2025-08-15T22:13:34.198-0500	DEBUG	protocol/handler.go:1591	have processed broadcast	{"{round 20 3  <nil>}": {"Key":"from","Type":15,"Integer":0,"String":"c","Interface":null}}
2025-08-15T22:13:34.198-0500	DEBUG	protocol/handler.go:1649	have all messages and processed	{"{round 20 3  <nil>}": {"Key":"self","Type":15,"Integer":0,"String":"b","Interface":null}}
2025-08-15T22:13:34.198-0500	DEBUG	protocol/handler.go:596	round already finalized
2025-08-15T22:13:34.198-0500	DEBUG	protocol/handler.go:581	tryAdvanceRound called	{"{current_round 20 3  <nil>}": {"Key":"self","Type":15,"Integer":0,"String":"c","Interface":null}}
2025-08-15T22:13:34.198-0500	DEBUG	protocol/handler.go:1591	have processed broadcast	{"{round 20 3  <nil>}": {"Key":"from","Type":15,"Integer":0,"String":"a","Interface":null}}
2025-08-15T22:13:34.198-0500	DEBUG	protocol/handler.go:1591	have processed broadcast	{"{round 20 3  <nil>}": {"Key":"from","Type":15,"Integer":0,"String":"b","Interface":null}}
2025-08-15T22:13:34.198-0500	DEBUG	protocol/handler.go:1649	have all messages and processed	{"{round 20 3  <nil>}": {"Key":"self","Type":15,"Integer":0,"String":"c","Interface":null}}
2025-08-15T22:13:34.198-0500	DEBUG	protocol/handler.go:596	round already finalized
2025-08-15T22:13:34.212-0500	DEBUG	protocol/handler.go:581	tryAdvanceRound called	{"{current_round 20 3  <nil>}": {"Key":"self","Type":15,"Integer":0,"String":"c","Interface":null}}
2025-08-15T22:13:34.212-0500	DEBUG	protocol/handler.go:1591	have processed broadcast	{"{round 20 3  <nil>}": {"Key":"from","Type":15,"Integer":0,"String":"a","Interface":null}}
2025-08-15T22:13:34.212-0500	DEBUG	protocol/handler.go:1591	have processed broadcast	{"{round 20 3  <nil>}": {"Key":"from","Type":15,"Integer":0,"String":"b","Interface":null}}
2025-08-15T22:13:34.212-0500	DEBUG	protocol/handler.go:1649	have all messages and processed	{"{round 20 3  <nil>}": {"Key":"self","Type":15,"Integer":0,"String":"c","Interface":null}}
2025-08-15T22:13:34.212-0500	DEBUG	protocol/handler.go:596	round already finalized
2025-08-15T22:13:34.212-0500	DEBUG	protocol/handler.go:581	tryAdvanceRound called	{"{current_round 20 3  <nil>}": {"Key":"self","Type":15,"Integer":0,"String":"b","Interface":null}}
2025-08-15T22:13:34.212-0500	DEBUG	protocol/handler.go:1591	have processed broadcast	{"{round 20 3  <nil>}": {"Key":"from","Type":15,"Integer":0,"String":"a","Interface":null}}
2025-08-15T22:13:34.212-0500	DEBUG	protocol/handler.go:1591	have processed broadcast	{"{round 20 3  <nil>}": {"Key":"from","Type":15,"Integer":0,"String":"c","Interface":null}}
2025-08-15T22:13:34.212-0500	DEBUG	protocol/handler.go:1649	have all messages and processed	{"{round 20 3  <nil>}": {"Key":"self","Type":15,"Integer":0,"String":"b","Interface":null}}
2025-08-15T22:13:34.212-0500	DEBUG	protocol/handler.go:596	round already finalized
2025-08-15T22:13:34.212-0500	DEBUG	protocol/handler.go:581	tryAdvanceRound called	{"{current_round 20 3  <nil>}": {"Key":"self","Type":15,"Integer":0,"String":"a","Interface":null}}
2025-08-15T22:13:34.212-0500	DEBUG	protocol/handler.go:1591	have processed broadcast	{"{round 20 3  <nil>}": {"Key":"from","Type":15,"Integer":0,"String":"b","Interface":null}}
2025-08-15T22:13:34.212-0500	DEBUG	protocol/handler.go:1591	have processed broadcast	{"{round 20 3  <nil>}": {"Key":"from","Type":15,"Integer":0,"String":"c","Interface":null}}
2025-08-15T22:13:34.212-0500	DEBUG	protocol/handler.go:1649	have all messages and processed	{"{round 20 3  <nil>}": {"Key":"self","Type":15,"Integer":0,"String":"a","Interface":null}}
2025-08-15T22:13:34.212-0500	DEBUG	protocol/handler.go:596	round already finalized
2025-08-15T22:13:34.234-0500	DEBUG	protocol/handler.go:581	tryAdvanceRound called	{"{current_round 20 3  <nil>}": {"Key":"self","Type":15,"Integer":0,"String":"b","Interface":null}}
2025-08-15T22:13:34.234-0500	DEBUG	protocol/handler.go:1591	have processed broadcast	{"{round 20 3  <nil>}": {"Key":"from","Type":15,"Integer":0,"String":"a","Interface":null}}
2025-08-15T22:13:34.234-0500	DEBUG	protocol/handler.go:1591	have processed broadcast	{"{round 20 3  <nil>}": {"Key":"from","Type":15,"Integer":0,"String":"c","Interface":null}}
2025-08-15T22:13:34.234-0500	DEBUG	protocol/handler.go:581	tryAdvanceRound called	{"{current_round 20 3  <nil>}": {"Key":"self","Type":15,"Integer":0,"String":"a","Interface":null}}
2025-08-15T22:13:34.234-0500	DEBUG	protocol/handler.go:1591	have processed broadcast	{"{round 20 3  <nil>}": {"Key":"from","Type":15,"Integer":0,"String":"b","Interface":null}}
2025-08-15T22:13:34.234-0500	DEBUG	protocol/handler.go:1591	have processed broadcast	{"{round 20 3  <nil>}": {"Key":"from","Type":15,"Integer":0,"String":"c","Interface":null}}
2025-08-15T22:13:34.234-0500	DEBUG	protocol/handler.go:1649	have all messages and processed	{"{round 20 3  <nil>}": {"Key":"self","Type":15,"Integer":0,"String":"a","Interface":null}}
2025-08-15T22:13:34.234-0500	DEBUG	protocol/handler.go:596	round already finalized
2025-08-15T22:13:34.234-0500	DEBUG	protocol/handler.go:581	tryAdvanceRound called	{"{current_round 20 3  <nil>}": {"Key":"self","Type":15,"Integer":0,"String":"c","Interface":null}}
2025-08-15T22:13:34.234-0500	DEBUG	protocol/handler.go:1591	have processed broadcast	{"{round 20 3  <nil>}": {"Key":"from","Type":15,"Integer":0,"String":"a","Interface":null}}
2025-08-15T22:13:34.235-0500	DEBUG	protocol/handler.go:1591	have processed broadcast	{"{round 20 3  <nil>}": {"Key":"from","Type":15,"Integer":0,"String":"b","Interface":null}}
2025-08-15T22:13:34.235-0500	DEBUG	protocol/handler.go:1649	have all messages and processed	{"{round 20 3  <nil>}": {"Key":"self","Type":15,"Integer":0,"String":"c","Interface":null}}
2025-08-15T22:13:34.235-0500	DEBUG	protocol/handler.go:596	round already finalized
2025-08-15T22:13:34.234-0500	DEBUG	protocol/handler.go:1649	have all messages and processed	{"{round 20 3  <nil>}": {"Key":"self","Type":15,"Integer":0,"String":"b","Interface":null}}
2025-08-15T22:13:34.236-0500	DEBUG	protocol/handler.go:596	round already finalized
2025-08-15T22:13:34.259-0500	DEBUG	protocol/handler.go:581	tryAdvanceRound called	{"{current_round 20 3  <nil>}": {"Key":"self","Type":15,"Integer":0,"String":"b","Interface":null}}
2025-08-15T22:13:34.259-0500	DEBUG	protocol/handler.go:1591	have processed broadcast	{"{round 20 3  <nil>}": {"Key":"from","Type":15,"Integer":0,"String":"a","Interface":null}}
2025-08-15T22:13:34.259-0500	DEBUG	protocol/handler.go:1591	have processed broadcast	{"{round 20 3  <nil>}": {"Key":"from","Type":15,"Integer":0,"String":"c","Interface":null}}
2025-08-15T22:13:34.259-0500	DEBUG	protocol/handler.go:1649	have all messages and processed	{"{round 20 3  <nil>}": {"Key":"self","Type":15,"Integer":0,"String":"b","Interface":null}}
2025-08-15T22:13:34.259-0500	DEBUG	protocol/handler.go:596	round already finalized
2025-08-15T22:13:34.259-0500	DEBUG	protocol/handler.go:581	tryAdvanceRound called	{"{current_round 20 3  <nil>}": {"Key":"self","Type":15,"Integer":0,"String":"a","Interface":null}}
2025-08-15T22:13:34.259-0500	DEBUG	protocol/handler.go:1591	have processed broadcast	{"{round 20 3  <nil>}": {"Key":"from","Type":15,"Integer":0,"String":"b","Interface":null}}
2025-08-15T22:13:34.259-0500	DEBUG	protocol/handler.go:1591	have processed broadcast	{"{round 20 3  <nil>}": {"Key":"from","Type":15,"Integer":0,"String":"c","Interface":null}}
2025-08-15T22:13:34.259-0500	DEBUG	protocol/handler.go:1649	have all messages and processed	{"{round 20 3  <nil>}": {"Key":"self","Type":15,"Integer":0,"String":"a","Interface":null}}
2025-08-15T22:13:34.259-0500	DEBUG	protocol/handler.go:596	round already finalized
2025-08-15T22:13:34.259-0500	DEBUG	protocol/handler.go:581	tryAdvanceRound called	{"{current_round 20 3  <nil>}": {"Key":"self","Type":15,"Integer":0,"String":"c","Interface":null}}
2025-08-15T22:13:34.259-0500	DEBUG	protocol/handler.go:1591	have processed broadcast	{"{round 20 3  <nil>}": {"Key":"from","Type":15,"Integer":0,"String":"a","Interface":null}}
2025-08-15T22:13:34.259-0500	DEBUG	protocol/handler.go:1591	have processed broadcast	{"{round 20 3  <nil>}": {"Key":"from","Type":15,"Integer":0,"String":"b","Interface":null}}
2025-08-15T22:13:34.259-0500	DEBUG	protocol/handler.go:1649	have all messages and processed	{"{round 20 3  <nil>}": {"Key":"self","Type":15,"Integer":0,"String":"c","Interface":null}}
2025-08-15T22:13:34.259-0500	DEBUG	protocol/handler.go:596	round already finalized
2025-08-15T22:13:34.286-0500	DEBUG	protocol/handler.go:581	tryAdvanceRound called	{"{current_round 20 3  <nil>}": {"Key":"self","Type":15,"Integer":0,"String":"b","Interface":null}}
2025-08-15T22:13:34.286-0500	DEBUG	protocol/handler.go:1591	have processed broadcast	{"{round 20 3  <nil>}": {"Key":"from","Type":15,"Integer":0,"String":"a","Interface":null}}
2025-08-15T22:13:34.286-0500	DEBUG	protocol/handler.go:1591	have processed broadcast	{"{round 20 3  <nil>}": {"Key":"from","Type":15,"Integer":0,"String":"c","Interface":null}}
2025-08-15T22:13:34.286-0500	DEBUG	protocol/handler.go:1649	have all messages and processed	{"{round 20 3  <nil>}": {"Key":"self","Type":15,"Integer":0,"String":"b","Interface":null}}
2025-08-15T22:13:34.286-0500	DEBUG	protocol/handler.go:596	round already finalized
2025-08-15T22:13:34.286-0500	DEBUG	protocol/handler.go:581	tryAdvanceRound called	{"{current_round 20 3  <nil>}": {"Key":"self","Type":15,"Integer":0,"String":"c","Interface":null}}
2025-08-15T22:13:34.286-0500	DEBUG	protocol/handler.go:1591	have processed broadcast	{"{round 20 3  <nil>}": {"Key":"from","Type":15,"Integer":0,"String":"a","Interface":null}}
2025-08-15T22:13:34.298-0500	DEBUG	protocol/handler.go:1591	have processed broadcast	{"{round 20 3  <nil>}": {"Key":"from","Type":15,"Integer":0,"String":"b","Interface":null}}
2025-08-15T22:13:34.299-0500	DEBUG	protocol/handler.go:1649	have all messages and processed	{"{round 20 3  <nil>}": {"Key":"self","Type":15,"Integer":0,"String":"c","Interface":null}}
2025-08-15T22:13:34.299-0500	DEBUG	protocol/handler.go:596	round already finalized
2025-08-15T22:13:34.299-0500	DEBUG	protocol/handler.go:581	tryAdvanceRound called	{"{current_round 20 3  <nil>}": {"Key":"self","Type":15,"Integer":0,"String":"b","Interface":null}}
2025-08-15T22:13:34.299-0500	DEBUG	protocol/handler.go:1591	have processed broadcast	{"{round 20 3  <nil>}": {"Key":"from","Type":15,"Integer":0,"String":"a","Interface":null}}
2025-08-15T22:13:34.299-0500	DEBUG	protocol/handler.go:1591	have processed broadcast	{"{round 20 3  <nil>}": {"Key":"from","Type":15,"Integer":0,"String":"c","Interface":null}}
2025-08-15T22:13:34.300-0500	DEBUG	protocol/handler.go:1649	have all messages and processed	{"{round 20 3  <nil>}": {"Key":"self","Type":15,"Integer":0,"String":"b","Interface":null}}
2025-08-15T22:13:34.300-0500	DEBUG	protocol/handler.go:596	round already finalized
2025-08-15T22:13:34.303-0500	DEBUG	protocol/handler.go:581	tryAdvanceRound called	{"{current_round 20 3  <nil>}": {"Key":"self","Type":15,"Integer":0,"String":"a","Interface":null}}
2025-08-15T22:13:34.303-0500	DEBUG	protocol/handler.go:1591	have processed broadcast	{"{round 20 3  <nil>}": {"Key":"from","Type":15,"Integer":0,"String":"b","Interface":null}}
2025-08-15T22:13:34.304-0500	DEBUG	protocol/handler.go:1591	have processed broadcast	{"{round 20 3  <nil>}": {"Key":"from","Type":15,"Integer":0,"String":"c","Interface":null}}
2025-08-15T22:13:34.305-0500	DEBUG	protocol/handler.go:1649	have all messages and processed	{"{round 20 3  <nil>}": {"Key":"self","Type":15,"Integer":0,"String":"a","Interface":null}}
2025-08-15T22:13:34.305-0500	DEBUG	protocol/handler.go:596	round already finalized
2025-08-15T22:13:34.305-0500	DEBUG	protocol/handler.go:581	tryAdvanceRound called	{"{current_round 20 3  <nil>}": {"Key":"self","Type":15,"Integer":0,"String":"a","Interface":null}}
2025-08-15T22:13:34.305-0500	DEBUG	protocol/handler.go:1591	have processed broadcast	{"{round 20 3  <nil>}": {"Key":"from","Type":15,"Integer":0,"String":"b","Interface":null}}
2025-08-15T22:13:34.305-0500	DEBUG	protocol/handler.go:1591	have processed broadcast	{"{round 20 3  <nil>}": {"Key":"from","Type":15,"Integer":0,"String":"c","Interface":null}}
2025-08-15T22:13:34.305-0500	DEBUG	protocol/handler.go:1649	have all messages and processed	{"{round 20 3  <nil>}": {"Key":"self","Type":15,"Integer":0,"String":"a","Interface":null}}
2025-08-15T22:13:34.305-0500	DEBUG	protocol/handler.go:596	round already finalized
2025-08-15T22:13:34.306-0500	DEBUG	protocol/handler.go:581	tryAdvanceRound called	{"{current_round 20 3  <nil>}": {"Key":"self","Type":15,"Integer":0,"String":"c","Interface":null}}
2025-08-15T22:13:34.306-0500	DEBUG	protocol/handler.go:1591	have processed broadcast	{"{round 20 3  <nil>}": {"Key":"from","Type":15,"Integer":0,"String":"a","Interface":null}}
2025-08-15T22:13:34.306-0500	DEBUG	protocol/handler.go:1591	have processed broadcast	{"{round 20 3  <nil>}": {"Key":"from","Type":15,"Integer":0,"String":"b","Interface":null}}
2025-08-15T22:13:34.306-0500	DEBUG	protocol/handler.go:1649	have all messages and processed	{"{round 20 3  <nil>}": {"Key":"self","Type":15,"Integer":0,"String":"c","Interface":null}}
2025-08-15T22:13:34.306-0500	DEBUG	protocol/handler.go:596	round already finalized
2025-08-15T22:13:34.306-0500	DEBUG	protocol/handler.go:581	tryAdvanceRound called	{"{current_round 20 3  <nil>}": {"Key":"self","Type":15,"Integer":0,"String":"c","Interface":null}}
2025-08-15T22:13:34.306-0500	DEBUG	protocol/handler.go:1591	have processed broadcast	{"{round 20 3  <nil>}": {"Key":"from","Type":15,"Integer":0,"String":"a","Interface":null}}
2025-08-15T22:13:34.306-0500	DEBUG	protocol/handler.go:1591	have processed broadcast	{"{round 20 3  <nil>}": {"Key":"from","Type":15,"Integer":0,"String":"b","Interface":null}}
2025-08-15T22:13:34.308-0500	DEBUG	protocol/handler.go:1649	have all messages and processed	{"{round 20 3  <nil>}": {"Key":"self","Type":15,"Integer":0,"String":"c","Interface":null}}
2025-08-15T22:13:34.308-0500	DEBUG	protocol/handler.go:596	round already finalized
2025-08-15T22:13:34.308-0500	DEBUG	protocol/handler.go:581	tryAdvanceRound called	{"{current_round 20 3  <nil>}": {"Key":"self","Type":15,"Integer":0,"String":"a","Interface":null}}
2025-08-15T22:13:34.308-0500	DEBUG	protocol/handler.go:1591	have processed broadcast	{"{round 20 3  <nil>}": {"Key":"from","Type":15,"Integer":0,"String":"b","Interface":null}}
2025-08-15T22:13:34.308-0500	DEBUG	protocol/handler.go:1591	have processed broadcast	{"{round 20 3  <nil>}": {"Key":"from","Type":15,"Integer":0,"String":"c","Interface":null}}
2025-08-15T22:13:34.308-0500	DEBUG	protocol/handler.go:1649	have all messages and processed	{"{round 20 3  <nil>}": {"Key":"self","Type":15,"Integer":0,"String":"a","Interface":null}}
2025-08-15T22:13:34.308-0500	DEBUG	protocol/handler.go:596	round already finalized
2025-08-15T22:13:34.308-0500	DEBUG	protocol/handler.go:581	tryAdvanceRound called	{"{current_round 20 3  <nil>}": {"Key":"self","Type":15,"Integer":0,"String":"b","Interface":null}}
2025-08-15T22:13:34.308-0500	DEBUG	protocol/handler.go:1591	have processed broadcast	{"{round 20 3  <nil>}": {"Key":"from","Type":15,"Integer":0,"String":"a","Interface":null}}
2025-08-15T22:13:34.308-0500	DEBUG	protocol/handler.go:1591	have processed broadcast	{"{round 20 3  <nil>}": {"Key":"from","Type":15,"Integer":0,"String":"c","Interface":null}}
2025-08-15T22:13:34.308-0500	DEBUG	protocol/handler.go:1649	have all messages and processed	{"{round 20 3  <nil>}": {"Key":"self","Type":15,"Integer":0,"String":"b","Interface":null}}
2025-08-15T22:13:34.308-0500	DEBUG	protocol/handler.go:596	round already finalized
2025-08-15T22:13:34.334-0500	DEBUG	protocol/handler.go:581	tryAdvanceRound called	{"{current_round 20 3  <nil>}": {"Key":"self","Type":15,"Integer":0,"String":"a","Interface":null}}
2025-08-15T22:13:34.334-0500	DEBUG	protocol/handler.go:1591	have processed broadcast	{"{round 20 3  <nil>}": {"Key":"from","Type":15,"Integer":0,"String":"b","Interface":null}}
2025-08-15T22:13:34.334-0500	DEBUG	protocol/handler.go:1591	have processed broadcast	{"{round 20 3  <nil>}": {"Key":"from","Type":15,"Integer":0,"String":"c","Interface":null}}
2025-08-15T22:13:34.334-0500	DEBUG	protocol/handler.go:1649	have all messages and processed	{"{round 20 3  <nil>}": {"Key":"self","Type":15,"Integer":0,"String":"a","Interface":null}}
2025-08-15T22:13:34.334-0500	DEBUG	protocol/handler.go:596	round already finalized
2025-08-15T22:13:34.334-0500	DEBUG	protocol/handler.go:581	tryAdvanceRound called	{"{current_round 20 3  <nil>}": {"Key":"self","Type":15,"Integer":0,"String":"b","Interface":null}}
2025-08-15T22:13:34.334-0500	DEBUG	protocol/handler.go:1591	have processed broadcast	{"{round 20 3  <nil>}": {"Key":"from","Type":15,"Integer":0,"String":"a","Interface":null}}
2025-08-15T22:13:34.334-0500	DEBUG	protocol/handler.go:1591	have processed broadcast	{"{round 20 3  <nil>}": {"Key":"from","Type":15,"Integer":0,"String":"c","Interface":null}}
2025-08-15T22:13:34.334-0500	DEBUG	protocol/handler.go:1649	have all messages and processed	{"{round 20 3  <nil>}": {"Key":"self","Type":15,"Integer":0,"String":"b","Interface":null}}
2025-08-15T22:13:34.334-0500	DEBUG	protocol/handler.go:596	round already finalized
2025-08-15T22:13:34.334-0500	DEBUG	protocol/handler.go:581	tryAdvanceRound called	{"{current_round 20 3  <nil>}": {"Key":"self","Type":15,"Integer":0,"String":"c","Interface":null}}
2025-08-15T22:13:34.334-0500	DEBUG	protocol/handler.go:1591	have processed broadcast	{"{round 20 3  <nil>}": {"Key":"from","Type":15,"Integer":0,"String":"a","Interface":null}}
2025-08-15T22:13:34.334-0500	DEBUG	protocol/handler.go:1591	have processed broadcast	{"{round 20 3  <nil>}": {"Key":"from","Type":15,"Integer":0,"String":"b","Interface":null}}
2025-08-15T22:13:34.334-0500	DEBUG	protocol/handler.go:1649	have all messages and processed	{"{round 20 3  <nil>}": {"Key":"self","Type":15,"Integer":0,"String":"c","Interface":null}}
2025-08-15T22:13:34.334-0500	DEBUG	protocol/handler.go:596	round already finalized
2025-08-15T22:13:34.337-0500	DEBUG	protocol/handler.go:581	tryAdvanceRound called	{"{current_round 20 3  <nil>}": {"Key":"self","Type":15,"Integer":0,"String":"a","Interface":null}}
2025-08-15T22:13:34.337-0500	DEBUG	protocol/handler.go:1591	have processed broadcast	{"{round 20 3  <nil>}": {"Key":"from","Type":15,"Integer":0,"String":"b","Interface":null}}
2025-08-15T22:13:34.338-0500	DEBUG	protocol/handler.go:1591	have processed broadcast	{"{round 20 3  <nil>}": {"Key":"from","Type":15,"Integer":0,"String":"c","Interface":null}}
2025-08-15T22:13:34.338-0500	DEBUG	protocol/handler.go:1649	have all messages and processed	{"{round 20 3  <nil>}": {"Key":"self","Type":15,"Integer":0,"String":"a","Interface":null}}
2025-08-15T22:13:34.338-0500	DEBUG	protocol/handler.go:596	round already finalized
2025-08-15T22:13:34.342-0500	DEBUG	protocol/handler.go:581	tryAdvanceRound called	{"{current_round 20 3  <nil>}": {"Key":"self","Type":15,"Integer":0,"String":"c","Interface":null}}
2025-08-15T22:13:34.342-0500	DEBUG	protocol/handler.go:1591	have processed broadcast	{"{round 20 3  <nil>}": {"Key":"from","Type":15,"Integer":0,"String":"a","Interface":null}}
2025-08-15T22:13:34.343-0500	DEBUG	protocol/handler.go:1591	have processed broadcast	{"{round 20 3  <nil>}": {"Key":"from","Type":15,"Integer":0,"String":"b","Interface":null}}
2025-08-15T22:13:34.343-0500	DEBUG	protocol/handler.go:1649	have all messages and processed	{"{round 20 3  <nil>}": {"Key":"self","Type":15,"Integer":0,"String":"c","Interface":null}}
2025-08-15T22:13:34.343-0500	DEBUG	protocol/handler.go:596	round already finalized
2025-08-15T22:13:34.343-0500	DEBUG	protocol/handler.go:581	tryAdvanceRound called	{"{current_round 20 3  <nil>}": {"Key":"self","Type":15,"Integer":0,"String":"b","Interface":null}}
2025-08-15T22:13:34.343-0500	DEBUG	protocol/handler.go:1591	have processed broadcast	{"{round 20 3  <nil>}": {"Key":"from","Type":15,"Integer":0,"String":"a","Interface":null}}
2025-08-15T22:13:34.343-0500	DEBUG	protocol/handler.go:1591	have processed broadcast	{"{round 20 3  <nil>}": {"Key":"from","Type":15,"Integer":0,"String":"c","Interface":null}}
2025-08-15T22:13:34.343-0500	DEBUG	protocol/handler.go:1649	have all messages and processed	{"{round 20 3  <nil>}": {"Key":"self","Type":15,"Integer":0,"String":"b","Interface":null}}
2025-08-15T22:13:34.343-0500	DEBUG	protocol/handler.go:596	round already finalized
2025-08-15T22:13:34.347-0500	DEBUG	protocol/handler.go:581	tryAdvanceRound called	{"{current_round 20 3  <nil>}": {"Key":"self","Type":15,"Integer":0,"String":"a","Interface":null}}
2025-08-15T22:13:34.347-0500	DEBUG	protocol/handler.go:1591	have processed broadcast	{"{round 20 3  <nil>}": {"Key":"from","Type":15,"Integer":0,"String":"b","Interface":null}}
2025-08-15T22:13:34.347-0500	DEBUG	protocol/handler.go:1591	have processed broadcast	{"{round 20 3  <nil>}": {"Key":"from","Type":15,"Integer":0,"String":"c","Interface":null}}
2025-08-15T22:13:34.347-0500	DEBUG	protocol/handler.go:1649	have all messages and processed	{"{round 20 3  <nil>}": {"Key":"self","Type":15,"Integer":0,"String":"a","Interface":null}}
2025-08-15T22:13:34.347-0500	DEBUG	protocol/handler.go:596	round already finalized
2025-08-15T22:13:34.351-0500	DEBUG	protocol/handler.go:581	tryAdvanceRound called	{"{current_round 20 3  <nil>}": {"Key":"self","Type":15,"Integer":0,"String":"b","Interface":null}}
2025-08-15T22:13:34.351-0500	DEBUG	protocol/handler.go:1591	have processed broadcast	{"{round 20 3  <nil>}": {"Key":"from","Type":15,"Integer":0,"String":"a","Interface":null}}
2025-08-15T22:13:34.351-0500	DEBUG	protocol/handler.go:1591	have processed broadcast	{"{round 20 3  <nil>}": {"Key":"from","Type":15,"Integer":0,"String":"c","Interface":null}}
2025-08-15T22:13:34.351-0500	DEBUG	protocol/handler.go:1649	have all messages and processed	{"{round 20 3  <nil>}": {"Key":"self","Type":15,"Integer":0,"String":"b","Interface":null}}
2025-08-15T22:13:34.351-0500	DEBUG	protocol/handler.go:596	round already finalized
2025-08-15T22:13:34.352-0500	DEBUG	protocol/handler.go:581	tryAdvanceRound called	{"{current_round 20 3  <nil>}": {"Key":"self","Type":15,"Integer":0,"String":"c","Interface":null}}
2025-08-15T22:13:34.352-0500	DEBUG	protocol/handler.go:1591	have processed broadcast	{"{round 20 3  <nil>}": {"Key":"from","Type":15,"Integer":0,"String":"a","Interface":null}}
2025-08-15T22:13:34.352-0500	DEBUG	protocol/handler.go:1591	have processed broadcast	{"{round 20 3  <nil>}": {"Key":"from","Type":15,"Integer":0,"String":"b","Interface":null}}
2025-08-15T22:13:34.352-0500	DEBUG	protocol/handler.go:1649	have all messages and processed	{"{round 20 3  <nil>}": {"Key":"self","Type":15,"Integer":0,"String":"c","Interface":null}}
2025-08-15T22:13:34.352-0500	DEBUG	protocol/handler.go:596	round already finalized
2025-08-15T22:13:34.357-0500	DEBUG	protocol/handler.go:581	tryAdvanceRound called	{"{current_round 20 3  <nil>}": {"Key":"self","Type":15,"Integer":0,"String":"a","Interface":null}}
2025-08-15T22:13:34.357-0500	DEBUG	protocol/handler.go:1591	have processed broadcast	{"{round 20 3  <nil>}": {"Key":"from","Type":15,"Integer":0,"String":"b","Interface":null}}
2025-08-15T22:13:34.357-0500	DEBUG	protocol/handler.go:1591	have processed broadcast	{"{round 20 3  <nil>}": {"Key":"from","Type":15,"Integer":0,"String":"c","Interface":null}}
2025-08-15T22:13:34.357-0500	DEBUG	protocol/handler.go:1649	have all messages and processed	{"{round 20 3  <nil>}": {"Key":"self","Type":15,"Integer":0,"String":"a","Interface":null}}
2025-08-15T22:13:34.357-0500	DEBUG	protocol/handler.go:596	round already finalized
2025-08-15T22:13:34.361-0500	DEBUG	protocol/handler.go:581	tryAdvanceRound called	{"{current_round 20 3  <nil>}": {"Key":"self","Type":15,"Integer":0,"String":"b","Interface":null}}
2025-08-15T22:13:34.362-0500	DEBUG	protocol/handler.go:1591	have processed broadcast	{"{round 20 3  <nil>}": {"Key":"from","Type":15,"Integer":0,"String":"a","Interface":null}}
2025-08-15T22:13:34.362-0500	DEBUG	protocol/handler.go:1591	have processed broadcast	{"{round 20 3  <nil>}": {"Key":"from","Type":15,"Integer":0,"String":"c","Interface":null}}
2025-08-15T22:13:34.362-0500	DEBUG	protocol/handler.go:1649	have all messages and processed	{"{round 20 3  <nil>}": {"Key":"self","Type":15,"Integer":0,"String":"b","Interface":null}}
2025-08-15T22:13:34.362-0500	DEBUG	protocol/handler.go:596	round already finalized
2025-08-15T22:13:34.362-0500	DEBUG	protocol/handler.go:581	tryAdvanceRound called	{"{current_round 20 3  <nil>}": {"Key":"self","Type":15,"Integer":0,"String":"c","Interface":null}}
2025-08-15T22:13:34.362-0500	DEBUG	protocol/handler.go:1591	have processed broadcast	{"{round 20 3  <nil>}": {"Key":"from","Type":15,"Integer":0,"String":"a","Interface":null}}
2025-08-15T22:13:34.362-0500	DEBUG	protocol/handler.go:1591	have processed broadcast	{"{round 20 3  <nil>}": {"Key":"from","Type":15,"Integer":0,"String":"b","Interface":null}}
2025-08-15T22:13:34.363-0500	DEBUG	protocol/handler.go:1649	have all messages and processed	{"{round 20 3  <nil>}": {"Key":"self","Type":15,"Integer":0,"String":"c","Interface":null}}
2025-08-15T22:13:34.363-0500	DEBUG	protocol/handler.go:596	round already finalized
2025-08-15T22:13:34.367-0500	DEBUG	protocol/handler.go:581	tryAdvanceRound called	{"{current_round 20 3  <nil>}": {"Key":"self","Type":15,"Integer":0,"String":"a","Interface":null}}
2025-08-15T22:13:34.367-0500	DEBUG	protocol/handler.go:1591	have processed broadcast	{"{round 20 3  <nil>}": {"Key":"from","Type":15,"Integer":0,"String":"b","Interface":null}}
2025-08-15T22:13:34.367-0500	DEBUG	protocol/handler.go:1591	have processed broadcast	{"{round 20 3  <nil>}": {"Key":"from","Type":15,"Integer":0,"String":"c","Interface":null}}
2025-08-15T22:13:34.367-0500	DEBUG	protocol/handler.go:1649	have all messages and processed	{"{round 20 3  <nil>}": {"Key":"self","Type":15,"Integer":0,"String":"a","Interface":null}}
2025-08-15T22:13:34.367-0500	DEBUG	protocol/handler.go:596	round already finalized
2025-08-15T22:13:34.371-0500	DEBUG	protocol/handler.go:581	tryAdvanceRound called	{"{current_round 20 3  <nil>}": {"Key":"self","Type":15,"Integer":0,"String":"b","Interface":null}}
2025-08-15T22:13:34.371-0500	DEBUG	protocol/handler.go:1591	have processed broadcast	{"{round 20 3  <nil>}": {"Key":"from","Type":15,"Integer":0,"String":"a","Interface":null}}
2025-08-15T22:13:34.371-0500	DEBUG	protocol/handler.go:1591	have processed broadcast	{"{round 20 3  <nil>}": {"Key":"from","Type":15,"Integer":0,"String":"c","Interface":null}}
2025-08-15T22:13:34.371-0500	DEBUG	protocol/handler.go:1649	have all messages and processed	{"{round 20 3  <nil>}": {"Key":"self","Type":15,"Integer":0,"String":"b","Interface":null}}
2025-08-15T22:13:34.371-0500	DEBUG	protocol/handler.go:596	round already finalized
2025-08-15T22:13:34.371-0500	DEBUG	protocol/handler.go:581	tryAdvanceRound called	{"{current_round 20 3  <nil>}": {"Key":"self","Type":15,"Integer":0,"String":"c","Interface":null}}
2025-08-15T22:13:34.371-0500	DEBUG	protocol/handler.go:1591	have processed broadcast	{"{round 20 3  <nil>}": {"Key":"from","Type":15,"Integer":0,"String":"a","Interface":null}}
2025-08-15T22:13:34.371-0500	DEBUG	protocol/handler.go:1591	have processed broadcast	{"{round 20 3  <nil>}": {"Key":"from","Type":15,"Integer":0,"String":"b","Interface":null}}
2025-08-15T22:13:34.372-0500	DEBUG	protocol/handler.go:1649	have all messages and processed	{"{round 20 3  <nil>}": {"Key":"self","Type":15,"Integer":0,"String":"c","Interface":null}}
2025-08-15T22:13:34.372-0500	DEBUG	protocol/handler.go:596	round already finalized
2025-08-15T22:13:34.377-0500	DEBUG	protocol/handler.go:581	tryAdvanceRound called	{"{current_round 20 3  <nil>}": {"Key":"self","Type":15,"Integer":0,"String":"a","Interface":null}}
2025-08-15T22:13:34.377-0500	DEBUG	protocol/handler.go:1591	have processed broadcast	{"{round 20 3  <nil>}": {"Key":"from","Type":15,"Integer":0,"String":"b","Interface":null}}
2025-08-15T22:13:34.377-0500	DEBUG	protocol/handler.go:1591	have processed broadcast	{"{round 20 3  <nil>}": {"Key":"from","Type":15,"Integer":0,"String":"c","Interface":null}}
2025-08-15T22:13:34.378-0500	DEBUG	protocol/handler.go:1649	have all messages and processed	{"{round 20 3  <nil>}": {"Key":"self","Type":15,"Integer":0,"String":"a","Interface":null}}
2025-08-15T22:13:34.378-0500	DEBUG	protocol/handler.go:596	round already finalized
2025-08-15T22:13:34.381-0500	DEBUG	protocol/handler.go:581	tryAdvanceRound called	{"{current_round 20 3  <nil>}": {"Key":"self","Type":15,"Integer":0,"String":"b","Interface":null}}
2025-08-15T22:13:34.381-0500	DEBUG	protocol/handler.go:1591	have processed broadcast	{"{round 20 3  <nil>}": {"Key":"from","Type":15,"Integer":0,"String":"a","Interface":null}}
2025-08-15T22:13:34.381-0500	DEBUG	protocol/handler.go:581	tryAdvanceRound called	{"{current_round 20 3  <nil>}": {"Key":"self","Type":15,"Integer":0,"String":"c","Interface":null}}
2025-08-15T22:13:34.381-0500	DEBUG	protocol/handler.go:1591	have processed broadcast	{"{round 20 3  <nil>}": {"Key":"from","Type":15,"Integer":0,"String":"c","Interface":null}}
2025-08-15T22:13:34.381-0500	DEBUG	protocol/handler.go:1591	have processed broadcast	{"{round 20 3  <nil>}": {"Key":"from","Type":15,"Integer":0,"String":"a","Interface":null}}
2025-08-15T22:13:34.381-0500	DEBUG	protocol/handler.go:1649	have all messages and processed	{"{round 20 3  <nil>}": {"Key":"self","Type":15,"Integer":0,"String":"b","Interface":null}}
2025-08-15T22:13:34.381-0500	DEBUG	protocol/handler.go:596	round already finalized
2025-08-15T22:13:34.381-0500	DEBUG	protocol/handler.go:1591	have processed broadcast	{"{round 20 3  <nil>}": {"Key":"from","Type":15,"Integer":0,"String":"b","Interface":null}}
2025-08-15T22:13:34.381-0500	DEBUG	protocol/handler.go:1649	have all messages and processed	{"{round 20 3  <nil>}": {"Key":"self","Type":15,"Integer":0,"String":"c","Interface":null}}
2025-08-15T22:13:34.381-0500	DEBUG	protocol/handler.go:596	round already finalized
2025-08-15T22:13:34.387-0500	DEBUG	protocol/handler.go:581	tryAdvanceRound called	{"{current_round 20 3  <nil>}": {"Key":"self","Type":15,"Integer":0,"String":"a","Interface":null}}
2025-08-15T22:13:34.387-0500	DEBUG	protocol/handler.go:1591	have processed broadcast	{"{round 20 3  <nil>}": {"Key":"from","Type":15,"Integer":0,"String":"b","Interface":null}}
2025-08-15T22:13:34.387-0500	DEBUG	protocol/handler.go:1591	have processed broadcast	{"{round 20 3  <nil>}": {"Key":"from","Type":15,"Integer":0,"String":"c","Interface":null}}
2025-08-15T22:13:34.387-0500	DEBUG	protocol/handler.go:1649	have all messages and processed	{"{round 20 3  <nil>}": {"Key":"self","Type":15,"Integer":0,"String":"a","Interface":null}}
2025-08-15T22:13:34.387-0500	DEBUG	protocol/handler.go:596	round already finalized
2025-08-15T22:13:34.391-0500	DEBUG	protocol/handler.go:581	tryAdvanceRound called	{"{current_round 20 3  <nil>}": {"Key":"self","Type":15,"Integer":0,"String":"c","Interface":null}}
2025-08-15T22:13:34.391-0500	DEBUG	protocol/handler.go:581	tryAdvanceRound called	{"{current_round 20 3  <nil>}": {"Key":"self","Type":15,"Integer":0,"String":"b","Interface":null}}
2025-08-15T22:13:34.391-0500	DEBUG	protocol/handler.go:1591	have processed broadcast	{"{round 20 3  <nil>}": {"Key":"from","Type":15,"Integer":0,"String":"a","Interface":null}}
2025-08-15T22:13:34.391-0500	DEBUG	protocol/handler.go:1591	have processed broadcast	{"{round 20 3  <nil>}": {"Key":"from","Type":15,"Integer":0,"String":"c","Interface":null}}
2025-08-15T22:13:34.391-0500	DEBUG	protocol/handler.go:1649	have all messages and processed	{"{round 20 3  <nil>}": {"Key":"self","Type":15,"Integer":0,"String":"b","Interface":null}}
2025-08-15T22:13:34.391-0500	DEBUG	protocol/handler.go:596	round already finalized
2025-08-15T22:13:34.391-0500	DEBUG	protocol/handler.go:1591	have processed broadcast	{"{round 20 3  <nil>}": {"Key":"from","Type":15,"Integer":0,"String":"a","Interface":null}}
2025-08-15T22:13:34.392-0500	DEBUG	protocol/handler.go:1591	have processed broadcast	{"{round 20 3  <nil>}": {"Key":"from","Type":15,"Integer":0,"String":"b","Interface":null}}
2025-08-15T22:13:34.392-0500	DEBUG	protocol/handler.go:1649	have all messages and processed	{"{round 20 3  <nil>}": {"Key":"self","Type":15,"Integer":0,"String":"c","Interface":null}}
2025-08-15T22:13:34.392-0500	DEBUG	protocol/handler.go:596	round already finalized
2025-08-15T22:13:34.397-0500	DEBUG	protocol/handler.go:581	tryAdvanceRound called	{"{current_round 20 3  <nil>}": {"Key":"self","Type":15,"Integer":0,"String":"a","Interface":null}}
2025-08-15T22:13:34.398-0500	DEBUG	protocol/handler.go:1591	have processed broadcast	{"{round 20 3  <nil>}": {"Key":"from","Type":15,"Integer":0,"String":"b","Interface":null}}
2025-08-15T22:13:34.398-0500	DEBUG	protocol/handler.go:1591	have processed broadcast	{"{round 20 3  <nil>}": {"Key":"from","Type":15,"Integer":0,"String":"c","Interface":null}}
2025-08-15T22:13:34.398-0500	DEBUG	protocol/handler.go:1649	have all messages and processed	{"{round 20 3  <nil>}": {"Key":"self","Type":15,"Integer":0,"String":"a","Interface":null}}
2025-08-15T22:13:34.398-0500	DEBUG	protocol/handler.go:596	round already finalized
2025-08-15T22:13:34.401-0500	DEBUG	protocol/handler.go:581	tryAdvanceRound called	{"{current_round 20 3  <nil>}": {"Key":"self","Type":15,"Integer":0,"String":"b","Interface":null}}
2025-08-15T22:13:34.401-0500	DEBUG	protocol/handler.go:1591	have processed broadcast	{"{round 20 3  <nil>}": {"Key":"from","Type":15,"Integer":0,"String":"a","Interface":null}}
2025-08-15T22:13:34.401-0500	DEBUG	protocol/handler.go:1591	have processed broadcast	{"{round 20 3  <nil>}": {"Key":"from","Type":15,"Integer":0,"String":"c","Interface":null}}
2025-08-15T22:13:34.401-0500	DEBUG	protocol/handler.go:1649	have all messages and processed	{"{round 20 3  <nil>}": {"Key":"self","Type":15,"Integer":0,"String":"b","Interface":null}}
2025-08-15T22:13:34.401-0500	DEBUG	protocol/handler.go:596	round already finalized
2025-08-15T22:13:34.401-0500	DEBUG	protocol/handler.go:581	tryAdvanceRound called	{"{current_round 20 3  <nil>}": {"Key":"self","Type":15,"Integer":0,"String":"c","Interface":null}}
2025-08-15T22:13:34.401-0500	DEBUG	protocol/handler.go:1591	have processed broadcast	{"{round 20 3  <nil>}": {"Key":"from","Type":15,"Integer":0,"String":"a","Interface":null}}
2025-08-15T22:13:34.401-0500	DEBUG	protocol/handler.go:1591	have processed broadcast	{"{round 20 3  <nil>}": {"Key":"from","Type":15,"Integer":0,"String":"b","Interface":null}}
2025-08-15T22:13:34.402-0500	DEBUG	protocol/handler.go:1649	have all messages and processed	{"{round 20 3  <nil>}": {"Key":"self","Type":15,"Integer":0,"String":"c","Interface":null}}
2025-08-15T22:13:34.402-0500	DEBUG	protocol/handler.go:596	round already finalized
2025-08-15T22:13:34.408-0500	DEBUG	protocol/handler.go:581	tryAdvanceRound called	{"{current_round 20 3  <nil>}": {"Key":"self","Type":15,"Integer":0,"String":"a","Interface":null}}
2025-08-15T22:13:34.408-0500	DEBUG	protocol/handler.go:1591	have processed broadcast	{"{round 20 3  <nil>}": {"Key":"from","Type":15,"Integer":0,"String":"b","Interface":null}}
2025-08-15T22:13:34.408-0500	DEBUG	protocol/handler.go:1591	have processed broadcast	{"{round 20 3  <nil>}": {"Key":"from","Type":15,"Integer":0,"String":"c","Interface":null}}
2025-08-15T22:13:34.408-0500	DEBUG	protocol/handler.go:1649	have all messages and processed	{"{round 20 3  <nil>}": {"Key":"self","Type":15,"Integer":0,"String":"a","Interface":null}}
2025-08-15T22:13:34.408-0500	DEBUG	protocol/handler.go:596	round already finalized
2025-08-15T22:13:34.411-0500	DEBUG	protocol/handler.go:581	tryAdvanceRound called	{"{current_round 20 3  <nil>}": {"Key":"self","Type":15,"Integer":0,"String":"b","Interface":null}}
2025-08-15T22:13:34.411-0500	DEBUG	protocol/handler.go:1591	have processed broadcast	{"{round 20 3  <nil>}": {"Key":"from","Type":15,"Integer":0,"String":"a","Interface":null}}
2025-08-15T22:13:34.411-0500	DEBUG	protocol/handler.go:1591	have processed broadcast	{"{round 20 3  <nil>}": {"Key":"from","Type":15,"Integer":0,"String":"c","Interface":null}}
2025-08-15T22:13:34.411-0500	DEBUG	protocol/handler.go:1649	have all messages and processed	{"{round 20 3  <nil>}": {"Key":"self","Type":15,"Integer":0,"String":"b","Interface":null}}
2025-08-15T22:13:34.411-0500	DEBUG	protocol/handler.go:581	tryAdvanceRound called	{"{current_round 20 3  <nil>}": {"Key":"self","Type":15,"Integer":0,"String":"c","Interface":null}}
2025-08-15T22:13:34.411-0500	DEBUG	protocol/handler.go:596	round already finalized
2025-08-15T22:13:34.411-0500	DEBUG	protocol/handler.go:1591	have processed broadcast	{"{round 20 3  <nil>}": {"Key":"from","Type":15,"Integer":0,"String":"a","Interface":null}}
2025-08-15T22:13:34.411-0500	DEBUG	protocol/handler.go:1591	have processed broadcast	{"{round 20 3  <nil>}": {"Key":"from","Type":15,"Integer":0,"String":"b","Interface":null}}
2025-08-15T22:13:34.411-0500	DEBUG	protocol/handler.go:1649	have all messages and processed	{"{round 20 3  <nil>}": {"Key":"self","Type":15,"Integer":0,"String":"c","Interface":null}}
2025-08-15T22:13:34.411-0500	DEBUG	protocol/handler.go:596	round already finalized
2025-08-15T22:13:34.417-0500	DEBUG	protocol/handler.go:581	tryAdvanceRound called	{"{current_round 20 3  <nil>}": {"Key":"self","Type":15,"Integer":0,"String":"a","Interface":null}}
2025-08-15T22:13:34.417-0500	DEBUG	protocol/handler.go:1591	have processed broadcast	{"{round 20 3  <nil>}": {"Key":"from","Type":15,"Integer":0,"String":"b","Interface":null}}
2025-08-15T22:13:34.417-0500	DEBUG	protocol/handler.go:1591	have processed broadcast	{"{round 20 3  <nil>}": {"Key":"from","Type":15,"Integer":0,"String":"c","Interface":null}}
2025-08-15T22:13:34.417-0500	DEBUG	protocol/handler.go:1649	have all messages and processed	{"{round 20 3  <nil>}": {"Key":"self","Type":15,"Integer":0,"String":"a","Interface":null}}
2025-08-15T22:13:34.418-0500	DEBUG	protocol/handler.go:596	round already finalized
2025-08-15T22:13:34.421-0500	DEBUG	protocol/handler.go:581	tryAdvanceRound called	{"{current_round 20 3  <nil>}": {"Key":"self","Type":15,"Integer":0,"String":"b","Interface":null}}
2025-08-15T22:13:34.421-0500	DEBUG	protocol/handler.go:581	tryAdvanceRound called	{"{current_round 20 3  <nil>}": {"Key":"self","Type":15,"Integer":0,"String":"c","Interface":null}}
2025-08-15T22:13:34.421-0500	DEBUG	protocol/handler.go:1591	have processed broadcast	{"{round 20 3  <nil>}": {"Key":"from","Type":15,"Integer":0,"String":"a","Interface":null}}
2025-08-15T22:13:34.421-0500	DEBUG	protocol/handler.go:1591	have processed broadcast	{"{round 20 3  <nil>}": {"Key":"from","Type":15,"Integer":0,"String":"a","Interface":null}}
2025-08-15T22:13:34.421-0500	DEBUG	protocol/handler.go:1591	have processed broadcast	{"{round 20 3  <nil>}": {"Key":"from","Type":15,"Integer":0,"String":"c","Interface":null}}
2025-08-15T22:13:34.421-0500	DEBUG	protocol/handler.go:1591	have processed broadcast	{"{round 20 3  <nil>}": {"Key":"from","Type":15,"Integer":0,"String":"b","Interface":null}}
2025-08-15T22:13:34.421-0500	DEBUG	protocol/handler.go:1649	have all messages and processed	{"{round 20 3  <nil>}": {"Key":"self","Type":15,"Integer":0,"String":"c","Interface":null}}
2025-08-15T22:13:34.421-0500	DEBUG	protocol/handler.go:1649	have all messages and processed	{"{round 20 3  <nil>}": {"Key":"self","Type":15,"Integer":0,"String":"b","Interface":null}}
2025-08-15T22:13:34.422-0500	DEBUG	protocol/handler.go:596	round already finalized
2025-08-15T22:13:34.422-0500	DEBUG	protocol/handler.go:596	round already finalized
2025-08-15T22:13:34.428-0500	DEBUG	protocol/handler.go:581	tryAdvanceRound called	{"{current_round 20 3  <nil>}": {"Key":"self","Type":15,"Integer":0,"String":"a","Interface":null}}
2025-08-15T22:13:34.428-0500	DEBUG	protocol/handler.go:1591	have processed broadcast	{"{round 20 3  <nil>}": {"Key":"from","Type":15,"Integer":0,"String":"b","Interface":null}}
2025-08-15T22:13:34.428-0500	DEBUG	protocol/handler.go:1591	have processed broadcast	{"{round 20 3  <nil>}": {"Key":"from","Type":15,"Integer":0,"String":"c","Interface":null}}
2025-08-15T22:13:34.428-0500	DEBUG	protocol/handler.go:1649	have all messages and processed	{"{round 20 3  <nil>}": {"Key":"self","Type":15,"Integer":0,"String":"a","Interface":null}}
2025-08-15T22:13:34.428-0500	DEBUG	protocol/handler.go:596	round already finalized
2025-08-15T22:13:34.432-0500	DEBUG	protocol/handler.go:581	tryAdvanceRound called	{"{current_round 20 3  <nil>}": {"Key":"self","Type":15,"Integer":0,"String":"c","Interface":null}}
2025-08-15T22:13:34.432-0500	DEBUG	protocol/handler.go:1591	have processed broadcast	{"{round 20 3  <nil>}": {"Key":"from","Type":15,"Integer":0,"String":"a","Interface":null}}
2025-08-15T22:13:34.432-0500	DEBUG	protocol/handler.go:1591	have processed broadcast	{"{round 20 3  <nil>}": {"Key":"from","Type":15,"Integer":0,"String":"b","Interface":null}}
2025-08-15T22:13:34.432-0500	DEBUG	protocol/handler.go:1649	have all messages and processed	{"{round 20 3  <nil>}": {"Key":"self","Type":15,"Integer":0,"String":"c","Interface":null}}
2025-08-15T22:13:34.432-0500	DEBUG	protocol/handler.go:581	tryAdvanceRound called	{"{current_round 20 3  <nil>}": {"Key":"self","Type":15,"Integer":0,"String":"b","Interface":null}}
2025-08-15T22:13:34.432-0500	DEBUG	protocol/handler.go:596	round already finalized
2025-08-15T22:13:34.432-0500	DEBUG	protocol/handler.go:1591	have processed broadcast	{"{round 20 3  <nil>}": {"Key":"from","Type":15,"Integer":0,"String":"a","Interface":null}}
2025-08-15T22:13:34.432-0500	DEBUG	protocol/handler.go:1591	have processed broadcast	{"{round 20 3  <nil>}": {"Key":"from","Type":15,"Integer":0,"String":"c","Interface":null}}
2025-08-15T22:13:34.432-0500	DEBUG	protocol/handler.go:1649	have all messages and processed	{"{round 20 3  <nil>}": {"Key":"self","Type":15,"Integer":0,"String":"b","Interface":null}}
2025-08-15T22:13:34.432-0500	DEBUG	protocol/handler.go:596	round already finalized
2025-08-15T22:13:34.438-0500	DEBUG	protocol/handler.go:581	tryAdvanceRound called	{"{current_round 20 3  <nil>}": {"Key":"self","Type":15,"Integer":0,"String":"a","Interface":null}}
2025-08-15T22:13:34.438-0500	DEBUG	protocol/handler.go:1591	have processed broadcast	{"{round 20 3  <nil>}": {"Key":"from","Type":15,"Integer":0,"String":"b","Interface":null}}
2025-08-15T22:13:34.438-0500	DEBUG	protocol/handler.go:1591	have processed broadcast	{"{round 20 3  <nil>}": {"Key":"from","Type":15,"Integer":0,"String":"c","Interface":null}}
2025-08-15T22:13:34.438-0500	DEBUG	protocol/handler.go:1649	have all messages and processed	{"{round 20 3  <nil>}": {"Key":"self","Type":15,"Integer":0,"String":"a","Interface":null}}
2025-08-15T22:13:34.438-0500	DEBUG	protocol/handler.go:596	round already finalized
2025-08-15T22:13:34.440-0500	DEBUG	protocol/handler.go:581	tryAdvanceRound called	{"{current_round 20 3  <nil>}": {"Key":"self","Type":15,"Integer":0,"String":"b","Interface":null}}
2025-08-15T22:13:34.441-0500	DEBUG	protocol/handler.go:1591	have processed broadcast	{"{round 20 3  <nil>}": {"Key":"from","Type":15,"Integer":0,"String":"a","Interface":null}}
2025-08-15T22:13:34.441-0500	DEBUG	protocol/handler.go:1591	have processed broadcast	{"{round 20 3  <nil>}": {"Key":"from","Type":15,"Integer":0,"String":"c","Interface":null}}
2025-08-15T22:13:34.441-0500	DEBUG	protocol/handler.go:581	tryAdvanceRound called	{"{current_round 20 3  <nil>}": {"Key":"self","Type":15,"Integer":0,"String":"c","Interface":null}}
2025-08-15T22:13:34.441-0500	DEBUG	protocol/handler.go:1649	have all messages and processed	{"{round 20 3  <nil>}": {"Key":"self","Type":15,"Integer":0,"String":"b","Interface":null}}
2025-08-15T22:13:34.441-0500	DEBUG	protocol/handler.go:596	round already finalized
2025-08-15T22:13:34.441-0500	DEBUG	protocol/handler.go:1591	have processed broadcast	{"{round 20 3  <nil>}": {"Key":"from","Type":15,"Integer":0,"String":"a","Interface":null}}
2025-08-15T22:13:34.441-0500	DEBUG	protocol/handler.go:1591	have processed broadcast	{"{round 20 3  <nil>}": {"Key":"from","Type":15,"Integer":0,"String":"b","Interface":null}}
2025-08-15T22:13:34.441-0500	DEBUG	protocol/handler.go:1649	have all messages and processed	{"{round 20 3  <nil>}": {"Key":"self","Type":15,"Integer":0,"String":"c","Interface":null}}
2025-08-15T22:13:34.441-0500	DEBUG	protocol/handler.go:596	round already finalized
2025-08-15T22:13:34.449-0500	DEBUG	protocol/handler.go:581	tryAdvanceRound called	{"{current_round 20 3  <nil>}": {"Key":"self","Type":15,"Integer":0,"String":"a","Interface":null}}
2025-08-15T22:13:34.449-0500	DEBUG	protocol/handler.go:1591	have processed broadcast	{"{round 20 3  <nil>}": {"Key":"from","Type":15,"Integer":0,"String":"b","Interface":null}}
2025-08-15T22:13:34.449-0500	DEBUG	protocol/handler.go:1591	have processed broadcast	{"{round 20 3  <nil>}": {"Key":"from","Type":15,"Integer":0,"String":"c","Interface":null}}
2025-08-15T22:13:34.449-0500	DEBUG	protocol/handler.go:1649	have all messages and processed	{"{round 20 3  <nil>}": {"Key":"self","Type":15,"Integer":0,"String":"a","Interface":null}}
2025-08-15T22:13:34.449-0500	DEBUG	protocol/handler.go:596	round already finalized
2025-08-15T22:13:34.451-0500	DEBUG	protocol/handler.go:581	tryAdvanceRound called	{"{current_round 20 3  <nil>}": {"Key":"self","Type":15,"Integer":0,"String":"b","Interface":null}}
2025-08-15T22:13:34.451-0500	DEBUG	protocol/handler.go:581	tryAdvanceRound called	{"{current_round 20 3  <nil>}": {"Key":"self","Type":15,"Integer":0,"String":"c","Interface":null}}
2025-08-15T22:13:34.451-0500	DEBUG	protocol/handler.go:1591	have processed broadcast	{"{round 20 3  <nil>}": {"Key":"from","Type":15,"Integer":0,"String":"a","Interface":null}}
2025-08-15T22:13:34.451-0500	DEBUG	protocol/handler.go:1591	have processed broadcast	{"{round 20 3  <nil>}": {"Key":"from","Type":15,"Integer":0,"String":"a","Interface":null}}
2025-08-15T22:13:34.451-0500	DEBUG	protocol/handler.go:1591	have processed broadcast	{"{round 20 3  <nil>}": {"Key":"from","Type":15,"Integer":0,"String":"b","Interface":null}}
2025-08-15T22:13:34.451-0500	DEBUG	protocol/handler.go:1649	have all messages and processed	{"{round 20 3  <nil>}": {"Key":"self","Type":15,"Integer":0,"String":"c","Interface":null}}
2025-08-15T22:13:34.451-0500	DEBUG	protocol/handler.go:596	round already finalized
2025-08-15T22:13:34.451-0500	DEBUG	protocol/handler.go:1591	have processed broadcast	{"{round 20 3  <nil>}": {"Key":"from","Type":15,"Integer":0,"String":"c","Interface":null}}
2025-08-15T22:13:34.452-0500	DEBUG	protocol/handler.go:1649	have all messages and processed	{"{round 20 3  <nil>}": {"Key":"self","Type":15,"Integer":0,"String":"b","Interface":null}}
2025-08-15T22:13:34.452-0500	DEBUG	protocol/handler.go:596	round already finalized
2025-08-15T22:13:34.457-0500	DEBUG	protocol/handler.go:581	tryAdvanceRound called	{"{current_round 20 3  <nil>}": {"Key":"self","Type":15,"Integer":0,"String":"a","Interface":null}}
2025-08-15T22:13:34.457-0500	DEBUG	protocol/handler.go:1591	have processed broadcast	{"{round 20 3  <nil>}": {"Key":"from","Type":15,"Integer":0,"String":"b","Interface":null}}
2025-08-15T22:13:34.457-0500	DEBUG	protocol/handler.go:1591	have processed broadcast	{"{round 20 3  <nil>}": {"Key":"from","Type":15,"Integer":0,"String":"c","Interface":null}}
2025-08-15T22:13:34.457-0500	DEBUG	protocol/handler.go:1649	have all messages and processed	{"{round 20 3  <nil>}": {"Key":"self","Type":15,"Integer":0,"String":"a","Interface":null}}
2025-08-15T22:13:34.457-0500	DEBUG	protocol/handler.go:596	round already finalized
2025-08-15T22:13:34.461-0500	DEBUG	protocol/handler.go:581	tryAdvanceRound called	{"{current_round 20 3  <nil>}": {"Key":"self","Type":15,"Integer":0,"String":"c","Interface":null}}
2025-08-15T22:13:34.461-0500	DEBUG	protocol/handler.go:1591	have processed broadcast	{"{round 20 3  <nil>}": {"Key":"from","Type":15,"Integer":0,"String":"a","Interface":null}}
2025-08-15T22:13:34.462-0500	DEBUG	protocol/handler.go:1591	have processed broadcast	{"{round 20 3  <nil>}": {"Key":"from","Type":15,"Integer":0,"String":"b","Interface":null}}
2025-08-15T22:13:34.462-0500	DEBUG	protocol/handler.go:1649	have all messages and processed	{"{round 20 3  <nil>}": {"Key":"self","Type":15,"Integer":0,"String":"c","Interface":null}}
2025-08-15T22:13:34.462-0500	DEBUG	protocol/handler.go:596	round already finalized
2025-08-15T22:13:34.462-0500	DEBUG	protocol/handler.go:581	tryAdvanceRound called	{"{current_round 20 3  <nil>}": {"Key":"self","Type":15,"Integer":0,"String":"b","Interface":null}}
2025-08-15T22:13:34.462-0500	DEBUG	protocol/handler.go:1591	have processed broadcast	{"{round 20 3  <nil>}": {"Key":"from","Type":15,"Integer":0,"String":"a","Interface":null}}
2025-08-15T22:13:34.462-0500	DEBUG	protocol/handler.go:1591	have processed broadcast	{"{round 20 3  <nil>}": {"Key":"from","Type":15,"Integer":0,"String":"c","Interface":null}}
2025-08-15T22:13:34.462-0500	DEBUG	protocol/handler.go:1649	have all messages and processed	{"{round 20 3  <nil>}": {"Key":"self","Type":15,"Integer":0,"String":"b","Interface":null}}
2025-08-15T22:13:34.462-0500	DEBUG	protocol/handler.go:596	round already finalized
2025-08-15T22:13:34.467-0500	DEBUG	protocol/handler.go:581	tryAdvanceRound called	{"{current_round 20 3  <nil>}": {"Key":"self","Type":15,"Integer":0,"String":"a","Interface":null}}
2025-08-15T22:13:34.467-0500	DEBUG	protocol/handler.go:1591	have processed broadcast	{"{round 20 3  <nil>}": {"Key":"from","Type":15,"Integer":0,"String":"b","Interface":null}}
2025-08-15T22:13:34.467-0500	DEBUG	protocol/handler.go:1591	have processed broadcast	{"{round 20 3  <nil>}": {"Key":"from","Type":15,"Integer":0,"String":"c","Interface":null}}
2025-08-15T22:13:34.467-0500	DEBUG	protocol/handler.go:1649	have all messages and processed	{"{round 20 3  <nil>}": {"Key":"self","Type":15,"Integer":0,"String":"a","Interface":null}}
2025-08-15T22:13:34.467-0500	DEBUG	protocol/handler.go:596	round already finalized
2025-08-15T22:13:34.471-0500	DEBUG	protocol/handler.go:581	tryAdvanceRound called	{"{current_round 20 3  <nil>}": {"Key":"self","Type":15,"Integer":0,"String":"b","Interface":null}}
2025-08-15T22:13:34.471-0500	DEBUG	protocol/handler.go:1591	have processed broadcast	{"{round 20 3  <nil>}": {"Key":"from","Type":15,"Integer":0,"String":"a","Interface":null}}
2025-08-15T22:13:34.471-0500	DEBUG	protocol/handler.go:581	tryAdvanceRound called	{"{current_round 20 3  <nil>}": {"Key":"self","Type":15,"Integer":0,"String":"c","Interface":null}}
2025-08-15T22:13:34.471-0500	DEBUG	protocol/handler.go:1591	have processed broadcast	{"{round 20 3  <nil>}": {"Key":"from","Type":15,"Integer":0,"String":"c","Interface":null}}
2025-08-15T22:13:34.471-0500	DEBUG	protocol/handler.go:1591	have processed broadcast	{"{round 20 3  <nil>}": {"Key":"from","Type":15,"Integer":0,"String":"a","Interface":null}}
2025-08-15T22:13:34.471-0500	DEBUG	protocol/handler.go:1649	have all messages and processed	{"{round 20 3  <nil>}": {"Key":"self","Type":15,"Integer":0,"String":"b","Interface":null}}
2025-08-15T22:13:34.471-0500	DEBUG	protocol/handler.go:596	round already finalized
2025-08-15T22:13:34.471-0500	DEBUG	protocol/handler.go:1591	have processed broadcast	{"{round 20 3  <nil>}": {"Key":"from","Type":15,"Integer":0,"String":"b","Interface":null}}
2025-08-15T22:13:34.471-0500	DEBUG	protocol/handler.go:1649	have all messages and processed	{"{round 20 3  <nil>}": {"Key":"self","Type":15,"Integer":0,"String":"c","Interface":null}}
2025-08-15T22:13:34.471-0500	DEBUG	protocol/handler.go:596	round already finalized
2025-08-15T22:13:34.505-0500	DEBUG	protocol/handler.go:581	tryAdvanceRound called	{"{current_round 20 3  <nil>}": {"Key":"self","Type":15,"Integer":0,"String":"c","Interface":null}}
2025-08-15T22:13:34.505-0500	DEBUG	protocol/handler.go:1591	have processed broadcast	{"{round 20 3  <nil>}": {"Key":"from","Type":15,"Integer":0,"String":"a","Interface":null}}
2025-08-15T22:13:34.505-0500	DEBUG	protocol/handler.go:1591	have processed broadcast	{"{round 20 3  <nil>}": {"Key":"from","Type":15,"Integer":0,"String":"b","Interface":null}}
2025-08-15T22:13:34.505-0500	DEBUG	protocol/handler.go:1649	have all messages and processed	{"{round 20 3  <nil>}": {"Key":"self","Type":15,"Integer":0,"String":"c","Interface":null}}
2025-08-15T22:13:34.505-0500	DEBUG	protocol/handler.go:596	round already finalized
2025-08-15T22:13:34.569-0500	DEBUG	protocol/handler.go:581	tryAdvanceRound called	{"{current_round 20 3  <nil>}": {"Key":"self","Type":15,"Integer":0,"String":"a","Interface":null}}
2025-08-15T22:13:34.569-0500	DEBUG	protocol/handler.go:1591	have processed broadcast	{"{round 20 3  <nil>}": {"Key":"from","Type":15,"Integer":0,"String":"b","Interface":null}}
2025-08-15T22:13:34.569-0500	DEBUG	protocol/handler.go:1591	have processed broadcast	{"{round 20 3  <nil>}": {"Key":"from","Type":15,"Integer":0,"String":"c","Interface":null}}
2025-08-15T22:13:34.569-0500	DEBUG	protocol/handler.go:1649	have all messages and processed	{"{round 20 3  <nil>}": {"Key":"self","Type":15,"Integer":0,"String":"a","Interface":null}}
2025-08-15T22:13:34.569-0500	DEBUG	protocol/handler.go:596	round already finalized
2025-08-15T22:13:34.569-0500	DEBUG	protocol/handler.go:581	tryAdvanceRound called	{"{current_round 20 3  <nil>}": {"Key":"self","Type":15,"Integer":0,"String":"a","Interface":null}}
2025-08-15T22:13:34.569-0500	DEBUG	protocol/handler.go:1591	have processed broadcast	{"{round 20 3  <nil>}": {"Key":"from","Type":15,"Integer":0,"String":"b","Interface":null}}
2025-08-15T22:13:34.569-0500	DEBUG	protocol/handler.go:1591	have processed broadcast	{"{round 20 3  <nil>}": {"Key":"from","Type":15,"Integer":0,"String":"c","Interface":null}}
2025-08-15T22:13:34.569-0500	DEBUG	protocol/handler.go:1649	have all messages and processed	{"{round 20 3  <nil>}": {"Key":"self","Type":15,"Integer":0,"String":"a","Interface":null}}
2025-08-15T22:13:34.569-0500	DEBUG	protocol/handler.go:596	round already finalized
2025-08-15T22:13:34.569-0500	DEBUG	protocol/handler.go:581	tryAdvanceRound called	{"{current_round 20 3  <nil>}": {"Key":"self","Type":15,"Integer":0,"String":"b","Interface":null}}
2025-08-15T22:13:34.569-0500	DEBUG	protocol/handler.go:1591	have processed broadcast	{"{round 20 3  <nil>}": {"Key":"from","Type":15,"Integer":0,"String":"a","Interface":null}}
2025-08-15T22:13:34.569-0500	DEBUG	protocol/handler.go:1591	have processed broadcast	{"{round 20 3  <nil>}": {"Key":"from","Type":15,"Integer":0,"String":"c","Interface":null}}
2025-08-15T22:13:34.569-0500	DEBUG	protocol/handler.go:1649	have all messages and processed	{"{round 20 3  <nil>}": {"Key":"self","Type":15,"Integer":0,"String":"b","Interface":null}}
2025-08-15T22:13:34.569-0500	DEBUG	protocol/handler.go:596	round already finalized
2025-08-15T22:13:34.569-0500	DEBUG	protocol/handler.go:581	tryAdvanceRound called	{"{current_round 20 3  <nil>}": {"Key":"self","Type":15,"Integer":0,"String":"b","Interface":null}}
2025-08-15T22:13:34.569-0500	DEBUG	protocol/handler.go:1591	have processed broadcast	{"{round 20 3  <nil>}": {"Key":"from","Type":15,"Integer":0,"String":"a","Interface":null}}
2025-08-15T22:13:34.569-0500	DEBUG	protocol/handler.go:1591	have processed broadcast	{"{round 20 3  <nil>}": {"Key":"from","Type":15,"Integer":0,"String":"c","Interface":null}}
2025-08-15T22:13:34.569-0500	DEBUG	protocol/handler.go:1649	have all messages and processed	{"{round 20 3  <nil>}": {"Key":"self","Type":15,"Integer":0,"String":"b","Interface":null}}
2025-08-15T22:13:34.569-0500	DEBUG	protocol/handler.go:596	round already finalized
2025-08-15T22:13:34.569-0500	DEBUG	protocol/handler.go:581	tryAdvanceRound called	{"{current_round 20 3  <nil>}": {"Key":"self","Type":15,"Integer":0,"String":"c","Interface":null}}
2025-08-15T22:13:34.570-0500	DEBUG	protocol/handler.go:1591	have processed broadcast	{"{round 20 3  <nil>}": {"Key":"from","Type":15,"Integer":0,"String":"a","Interface":null}}
2025-08-15T22:13:34.570-0500	DEBUG	protocol/handler.go:1591	have processed broadcast	{"{round 20 3  <nil>}": {"Key":"from","Type":15,"Integer":0,"String":"b","Interface":null}}
2025-08-15T22:13:34.570-0500	DEBUG	protocol/handler.go:1649	have all messages and processed	{"{round 20 3  <nil>}": {"Key":"self","Type":15,"Integer":0,"String":"c","Interface":null}}
2025-08-15T22:13:34.570-0500	DEBUG	protocol/handler.go:596	round already finalized
2025-08-15T22:13:34.570-0500	DEBUG	protocol/handler.go:581	tryAdvanceRound called	{"{current_round 20 3  <nil>}": {"Key":"self","Type":15,"Integer":0,"String":"c","Interface":null}}
2025-08-15T22:13:34.570-0500	DEBUG	protocol/handler.go:1591	have processed broadcast	{"{round 20 3  <nil>}": {"Key":"from","Type":15,"Integer":0,"String":"a","Interface":null}}
2025-08-15T22:13:34.570-0500	DEBUG	protocol/handler.go:1591	have processed broadcast	{"{round 20 3  <nil>}": {"Key":"from","Type":15,"Integer":0,"String":"b","Interface":null}}
2025-08-15T22:13:34.570-0500	DEBUG	protocol/handler.go:1649	have all messages and processed	{"{round 20 3  <nil>}": {"Key":"self","Type":15,"Integer":0,"String":"c","Interface":null}}
2025-08-15T22:13:34.570-0500	DEBUG	protocol/handler.go:596	round already finalized
2025-08-15T22:13:34.591-0500	DEBUG	protocol/handler.go:581	tryAdvanceRound called	{"{current_round 20 3  <nil>}": {"Key":"self","Type":15,"Integer":0,"String":"b","Interface":null}}
2025-08-15T22:13:34.591-0500	DEBUG	protocol/handler.go:1591	have processed broadcast	{"{round 20 3  <nil>}": {"Key":"from","Type":15,"Integer":0,"String":"a","Interface":null}}
2025-08-15T22:13:34.592-0500	DEBUG	protocol/handler.go:1591	have processed broadcast	{"{round 20 3  <nil>}": {"Key":"from","Type":15,"Integer":0,"String":"c","Interface":null}}
2025-08-15T22:13:34.592-0500	DEBUG	protocol/handler.go:1649	have all messages and processed	{"{round 20 3  <nil>}": {"Key":"self","Type":15,"Integer":0,"String":"b","Interface":null}}
2025-08-15T22:13:34.592-0500	DEBUG	protocol/handler.go:596	round already finalized
2025-08-15T22:13:34.592-0500	DEBUG	protocol/handler.go:581	tryAdvanceRound called	{"{current_round 20 3  <nil>}": {"Key":"self","Type":15,"Integer":0,"String":"c","Interface":null}}
2025-08-15T22:13:34.592-0500	DEBUG	protocol/handler.go:1591	have processed broadcast	{"{round 20 3  <nil>}": {"Key":"from","Type":15,"Integer":0,"String":"a","Interface":null}}
2025-08-15T22:13:34.592-0500	DEBUG	protocol/handler.go:1591	have processed broadcast	{"{round 20 3  <nil>}": {"Key":"from","Type":15,"Integer":0,"String":"b","Interface":null}}
2025-08-15T22:13:34.592-0500	DEBUG	protocol/handler.go:1649	have all messages and processed	{"{round 20 3  <nil>}": {"Key":"self","Type":15,"Integer":0,"String":"c","Interface":null}}
2025-08-15T22:13:34.592-0500	DEBUG	protocol/handler.go:596	round already finalized
2025-08-15T22:13:34.592-0500	DEBUG	protocol/handler.go:581	tryAdvanceRound called	{"{current_round 20 3  <nil>}": {"Key":"self","Type":15,"Integer":0,"String":"a","Interface":null}}
2025-08-15T22:13:34.592-0500	DEBUG	protocol/handler.go:1591	have processed broadcast	{"{round 20 3  <nil>}": {"Key":"from","Type":15,"Integer":0,"String":"b","Interface":null}}
2025-08-15T22:13:34.592-0500	DEBUG	protocol/handler.go:1591	have processed broadcast	{"{round 20 3  <nil>}": {"Key":"from","Type":15,"Integer":0,"String":"c","Interface":null}}
2025-08-15T22:13:34.592-0500	DEBUG	protocol/handler.go:1649	have all messages and processed	{"{round 20 3  <nil>}": {"Key":"self","Type":15,"Integer":0,"String":"a","Interface":null}}
2025-08-15T22:13:34.592-0500	DEBUG	protocol/handler.go:596	round already finalized
2025-08-15T22:13:34.613-0500	DEBUG	protocol/handler.go:581	tryAdvanceRound called	{"{current_round 20 3  <nil>}": {"Key":"self","Type":15,"Integer":0,"String":"c","Interface":null}}
2025-08-15T22:13:34.613-0500	DEBUG	protocol/handler.go:1591	have processed broadcast	{"{round 20 3  <nil>}": {"Key":"from","Type":15,"Integer":0,"String":"a","Interface":null}}
2025-08-15T22:13:34.614-0500	DEBUG	protocol/handler.go:1591	have processed broadcast	{"{round 20 3  <nil>}": {"Key":"from","Type":15,"Integer":0,"String":"b","Interface":null}}
2025-08-15T22:13:34.614-0500	DEBUG	protocol/handler.go:1649	have all messages and processed	{"{round 20 3  <nil>}": {"Key":"self","Type":15,"Integer":0,"String":"c","Interface":null}}
2025-08-15T22:13:34.614-0500	DEBUG	protocol/handler.go:596	round already finalized
2025-08-15T22:13:34.614-0500	DEBUG	protocol/handler.go:581	tryAdvanceRound called	{"{current_round 20 3  <nil>}": {"Key":"self","Type":15,"Integer":0,"String":"a","Interface":null}}
2025-08-15T22:13:34.614-0500	DEBUG	protocol/handler.go:1591	have processed broadcast	{"{round 20 3  <nil>}": {"Key":"from","Type":15,"Integer":0,"String":"b","Interface":null}}
2025-08-15T22:13:34.614-0500	DEBUG	protocol/handler.go:1591	have processed broadcast	{"{round 20 3  <nil>}": {"Key":"from","Type":15,"Integer":0,"String":"c","Interface":null}}
2025-08-15T22:13:34.614-0500	DEBUG	protocol/handler.go:1649	have all messages and processed	{"{round 20 3  <nil>}": {"Key":"self","Type":15,"Integer":0,"String":"a","Interface":null}}
2025-08-15T22:13:34.614-0500	DEBUG	protocol/handler.go:596	round already finalized
2025-08-15T22:13:34.614-0500	DEBUG	protocol/handler.go:581	tryAdvanceRound called	{"{current_round 20 3  <nil>}": {"Key":"self","Type":15,"Integer":0,"String":"b","Interface":null}}
2025-08-15T22:13:34.614-0500	DEBUG	protocol/handler.go:1591	have processed broadcast	{"{round 20 3  <nil>}": {"Key":"from","Type":15,"Integer":0,"String":"a","Interface":null}}
2025-08-15T22:13:34.614-0500	DEBUG	protocol/handler.go:1591	have processed broadcast	{"{round 20 3  <nil>}": {"Key":"from","Type":15,"Integer":0,"String":"c","Interface":null}}
2025-08-15T22:13:34.614-0500	DEBUG	protocol/handler.go:1649	have all messages and processed	{"{round 20 3  <nil>}": {"Key":"self","Type":15,"Integer":0,"String":"b","Interface":null}}
2025-08-15T22:13:34.614-0500	DEBUG	protocol/handler.go:596	round already finalized
2025-08-15T22:13:34.637-0500	DEBUG	protocol/handler.go:581	tryAdvanceRound called	{"{current_round 20 3  <nil>}": {"Key":"self","Type":15,"Integer":0,"String":"c","Interface":null}}
2025-08-15T22:13:34.638-0500	DEBUG	protocol/handler.go:1591	have processed broadcast	{"{round 20 3  <nil>}": {"Key":"from","Type":15,"Integer":0,"String":"a","Interface":null}}
2025-08-15T22:13:34.638-0500	DEBUG	protocol/handler.go:1591	have processed broadcast	{"{round 20 3  <nil>}": {"Key":"from","Type":15,"Integer":0,"String":"b","Interface":null}}
2025-08-15T22:13:34.638-0500	DEBUG	protocol/handler.go:1649	have all messages and processed	{"{round 20 3  <nil>}": {"Key":"self","Type":15,"Integer":0,"String":"c","Interface":null}}
2025-08-15T22:13:34.638-0500	DEBUG	protocol/handler.go:596	round already finalized
2025-08-15T22:13:34.638-0500	DEBUG	protocol/handler.go:581	tryAdvanceRound called	{"{current_round 20 3  <nil>}": {"Key":"self","Type":15,"Integer":0,"String":"b","Interface":null}}
2025-08-15T22:13:34.638-0500	DEBUG	protocol/handler.go:1591	have processed broadcast	{"{round 20 3  <nil>}": {"Key":"from","Type":15,"Integer":0,"String":"a","Interface":null}}
2025-08-15T22:13:34.638-0500	DEBUG	protocol/handler.go:1591	have processed broadcast	{"{round 20 3  <nil>}": {"Key":"from","Type":15,"Integer":0,"String":"c","Interface":null}}
2025-08-15T22:13:34.638-0500	DEBUG	protocol/handler.go:1649	have all messages and processed	{"{round 20 3  <nil>}": {"Key":"self","Type":15,"Integer":0,"String":"b","Interface":null}}
2025-08-15T22:13:34.638-0500	DEBUG	protocol/handler.go:596	round already finalized
2025-08-15T22:13:34.638-0500	DEBUG	protocol/handler.go:581	tryAdvanceRound called	{"{current_round 20 3  <nil>}": {"Key":"self","Type":15,"Integer":0,"String":"a","Interface":null}}
2025-08-15T22:13:34.638-0500	DEBUG	protocol/handler.go:1591	have processed broadcast	{"{round 20 3  <nil>}": {"Key":"from","Type":15,"Integer":0,"String":"b","Interface":null}}
2025-08-15T22:13:34.638-0500	DEBUG	protocol/handler.go:1591	have processed broadcast	{"{round 20 3  <nil>}": {"Key":"from","Type":15,"Integer":0,"String":"c","Interface":null}}
2025-08-15T22:13:34.638-0500	DEBUG	protocol/handler.go:1649	have all messages and processed	{"{round 20 3  <nil>}": {"Key":"self","Type":15,"Integer":0,"String":"a","Interface":null}}
2025-08-15T22:13:34.638-0500	DEBUG	protocol/handler.go:596	round already finalized
2025-08-15T22:13:34.664-0500	DEBUG	protocol/handler.go:581	tryAdvanceRound called	{"{current_round 20 3  <nil>}": {"Key":"self","Type":15,"Integer":0,"String":"a","Interface":null}}
2025-08-15T22:13:34.669-0500	DEBUG	protocol/handler.go:1591	have processed broadcast	{"{round 20 3  <nil>}": {"Key":"from","Type":15,"Integer":0,"String":"b","Interface":null}}
2025-08-15T22:13:34.669-0500	DEBUG	protocol/handler.go:1591	have processed broadcast	{"{round 20 3  <nil>}": {"Key":"from","Type":15,"Integer":0,"String":"c","Interface":null}}
2025-08-15T22:13:34.669-0500	DEBUG	protocol/handler.go:1649	have all messages and processed	{"{round 20 3  <nil>}": {"Key":"self","Type":15,"Integer":0,"String":"a","Interface":null}}
2025-08-15T22:13:34.670-0500	DEBUG	protocol/handler.go:596	round already finalized
2025-08-15T22:13:34.670-0500	DEBUG	protocol/handler.go:581	tryAdvanceRound called	{"{current_round 20 3  <nil>}": {"Key":"self","Type":15,"Integer":0,"String":"c","Interface":null}}
2025-08-15T22:13:34.670-0500	DEBUG	protocol/handler.go:1591	have processed broadcast	{"{round 20 3  <nil>}": {"Key":"from","Type":15,"Integer":0,"String":"a","Interface":null}}
2025-08-15T22:13:34.670-0500	DEBUG	protocol/handler.go:1591	have processed broadcast	{"{round 20 3  <nil>}": {"Key":"from","Type":15,"Integer":0,"String":"b","Interface":null}}
2025-08-15T22:13:34.670-0500	DEBUG	protocol/handler.go:1649	have all messages and processed	{"{round 20 3  <nil>}": {"Key":"self","Type":15,"Integer":0,"String":"c","Interface":null}}
2025-08-15T22:13:34.670-0500	DEBUG	protocol/handler.go:596	round already finalized
2025-08-15T22:13:34.670-0500	DEBUG	protocol/handler.go:581	tryAdvanceRound called	{"{current_round 20 3  <nil>}": {"Key":"self","Type":15,"Integer":0,"String":"b","Interface":null}}
2025-08-15T22:13:34.670-0500	DEBUG	protocol/handler.go:1591	have processed broadcast	{"{round 20 3  <nil>}": {"Key":"from","Type":15,"Integer":0,"String":"a","Interface":null}}
2025-08-15T22:13:34.670-0500	DEBUG	protocol/handler.go:1591	have processed broadcast	{"{round 20 3  <nil>}": {"Key":"from","Type":15,"Integer":0,"String":"c","Interface":null}}
2025-08-15T22:13:34.670-0500	DEBUG	protocol/handler.go:1649	have all messages and processed	{"{round 20 3  <nil>}": {"Key":"self","Type":15,"Integer":0,"String":"b","Interface":null}}
2025-08-15T22:13:34.670-0500	DEBUG	protocol/handler.go:596	round already finalized
2025-08-15T22:13:34.670-0500	DEBUG	protocol/handler.go:581	tryAdvanceRound called	{"{current_round 20 3  <nil>}": {"Key":"self","Type":15,"Integer":0,"String":"a","Interface":null}}
2025-08-15T22:13:34.670-0500	DEBUG	protocol/handler.go:1591	have processed broadcast	{"{round 20 3  <nil>}": {"Key":"from","Type":15,"Integer":0,"String":"b","Interface":null}}
2025-08-15T22:13:34.670-0500	DEBUG	protocol/handler.go:1591	have processed broadcast	{"{round 20 3  <nil>}": {"Key":"from","Type":15,"Integer":0,"String":"c","Interface":null}}
2025-08-15T22:13:34.670-0500	DEBUG	protocol/handler.go:1649	have all messages and processed	{"{round 20 3  <nil>}": {"Key":"self","Type":15,"Integer":0,"String":"a","Interface":null}}
2025-08-15T22:13:34.670-0500	DEBUG	protocol/handler.go:596	round already finalized
2025-08-15T22:13:34.670-0500	DEBUG	protocol/handler.go:581	tryAdvanceRound called	{"{current_round 20 3  <nil>}": {"Key":"self","Type":15,"Integer":0,"String":"b","Interface":null}}
2025-08-15T22:13:34.671-0500	DEBUG	protocol/handler.go:1591	have processed broadcast	{"{round 20 3  <nil>}": {"Key":"from","Type":15,"Integer":0,"String":"a","Interface":null}}
2025-08-15T22:13:34.671-0500	DEBUG	protocol/handler.go:1591	have processed broadcast	{"{round 20 3  <nil>}": {"Key":"from","Type":15,"Integer":0,"String":"c","Interface":null}}
2025-08-15T22:13:34.671-0500	DEBUG	protocol/handler.go:1649	have all messages and processed	{"{round 20 3  <nil>}": {"Key":"self","Type":15,"Integer":0,"String":"b","Interface":null}}
2025-08-15T22:13:34.671-0500	DEBUG	protocol/handler.go:596	round already finalized
2025-08-15T22:13:34.685-0500	DEBUG	protocol/handler.go:581	tryAdvanceRound called	{"{current_round 20 3  <nil>}": {"Key":"self","Type":15,"Integer":0,"String":"c","Interface":null}}
2025-08-15T22:13:34.685-0500	DEBUG	protocol/handler.go:1591	have processed broadcast	{"{round 20 3  <nil>}": {"Key":"from","Type":15,"Integer":0,"String":"a","Interface":null}}
2025-08-15T22:13:34.685-0500	DEBUG	protocol/handler.go:1591	have processed broadcast	{"{round 20 3  <nil>}": {"Key":"from","Type":15,"Integer":0,"String":"b","Interface":null}}
2025-08-15T22:13:34.685-0500	DEBUG	protocol/handler.go:1649	have all messages and processed	{"{round 20 3  <nil>}": {"Key":"self","Type":15,"Integer":0,"String":"c","Interface":null}}
2025-08-15T22:13:34.685-0500	DEBUG	protocol/handler.go:596	round already finalized
2025-08-15T22:13:34.728-0500	DEBUG	protocol/handler.go:581	tryAdvanceRound called	{"{current_round 20 3  <nil>}": {"Key":"self","Type":15,"Integer":0,"String":"a","Interface":null}}
2025-08-15T22:13:34.728-0500	DEBUG	protocol/handler.go:1591	have processed broadcast	{"{round 20 3  <nil>}": {"Key":"from","Type":15,"Integer":0,"String":"b","Interface":null}}
2025-08-15T22:13:34.728-0500	DEBUG	protocol/handler.go:1591	have processed broadcast	{"{round 20 3  <nil>}": {"Key":"from","Type":15,"Integer":0,"String":"c","Interface":null}}
2025-08-15T22:13:34.728-0500	DEBUG	protocol/handler.go:1649	have all messages and processed	{"{round 20 3  <nil>}": {"Key":"self","Type":15,"Integer":0,"String":"a","Interface":null}}
2025-08-15T22:13:34.728-0500	DEBUG	protocol/handler.go:596	round already finalized
2025-08-15T22:13:34.728-0500	DEBUG	protocol/handler.go:581	tryAdvanceRound called	{"{current_round 20 3  <nil>}": {"Key":"self","Type":15,"Integer":0,"String":"a","Interface":null}}
2025-08-15T22:13:34.728-0500	DEBUG	protocol/handler.go:1591	have processed broadcast	{"{round 20 3  <nil>}": {"Key":"from","Type":15,"Integer":0,"String":"b","Interface":null}}
2025-08-15T22:13:34.729-0500	DEBUG	protocol/handler.go:1591	have processed broadcast	{"{round 20 3  <nil>}": {"Key":"from","Type":15,"Integer":0,"String":"c","Interface":null}}
2025-08-15T22:13:34.729-0500	DEBUG	protocol/handler.go:1649	have all messages and processed	{"{round 20 3  <nil>}": {"Key":"self","Type":15,"Integer":0,"String":"a","Interface":null}}
2025-08-15T22:13:34.729-0500	DEBUG	protocol/handler.go:596	round already finalized
2025-08-15T22:13:34.729-0500	DEBUG	protocol/handler.go:581	tryAdvanceRound called	{"{current_round 20 3  <nil>}": {"Key":"self","Type":15,"Integer":0,"String":"b","Interface":null}}
2025-08-15T22:13:34.729-0500	DEBUG	protocol/handler.go:1591	have processed broadcast	{"{round 20 3  <nil>}": {"Key":"from","Type":15,"Integer":0,"String":"a","Interface":null}}
2025-08-15T22:13:34.729-0500	DEBUG	protocol/handler.go:1591	have processed broadcast	{"{round 20 3  <nil>}": {"Key":"from","Type":15,"Integer":0,"String":"c","Interface":null}}
2025-08-15T22:13:34.729-0500	DEBUG	protocol/handler.go:1649	have all messages and processed	{"{round 20 3  <nil>}": {"Key":"self","Type":15,"Integer":0,"String":"b","Interface":null}}
2025-08-15T22:13:34.729-0500	DEBUG	protocol/handler.go:596	round already finalized
2025-08-15T22:13:34.729-0500	DEBUG	protocol/handler.go:581	tryAdvanceRound called	{"{current_round 20 3  <nil>}": {"Key":"self","Type":15,"Integer":0,"String":"b","Interface":null}}
2025-08-15T22:13:34.729-0500	DEBUG	protocol/handler.go:1591	have processed broadcast	{"{round 20 3  <nil>}": {"Key":"from","Type":15,"Integer":0,"String":"a","Interface":null}}
2025-08-15T22:13:34.729-0500	DEBUG	protocol/handler.go:1591	have processed broadcast	{"{round 20 3  <nil>}": {"Key":"from","Type":15,"Integer":0,"String":"c","Interface":null}}
2025-08-15T22:13:34.729-0500	DEBUG	protocol/handler.go:1649	have all messages and processed	{"{round 20 3  <nil>}": {"Key":"self","Type":15,"Integer":0,"String":"b","Interface":null}}
2025-08-15T22:13:34.729-0500	DEBUG	protocol/handler.go:596	round already finalized
2025-08-15T22:13:34.729-0500	DEBUG	protocol/handler.go:581	tryAdvanceRound called	{"{current_round 20 3  <nil>}": {"Key":"self","Type":15,"Integer":0,"String":"c","Interface":null}}
2025-08-15T22:13:34.729-0500	DEBUG	protocol/handler.go:1591	have processed broadcast	{"{round 20 3  <nil>}": {"Key":"from","Type":15,"Integer":0,"String":"a","Interface":null}}
2025-08-15T22:13:34.729-0500	DEBUG	protocol/handler.go:1591	have processed broadcast	{"{round 20 3  <nil>}": {"Key":"from","Type":15,"Integer":0,"String":"b","Interface":null}}
2025-08-15T22:13:34.729-0500	DEBUG	protocol/handler.go:1649	have all messages and processed	{"{round 20 3  <nil>}": {"Key":"self","Type":15,"Integer":0,"String":"c","Interface":null}}
2025-08-15T22:13:34.729-0500	DEBUG	protocol/handler.go:596	round already finalized
2025-08-15T22:13:34.729-0500	DEBUG	protocol/handler.go:581	tryAdvanceRound called	{"{current_round 20 3  <nil>}": {"Key":"self","Type":15,"Integer":0,"String":"c","Interface":null}}
2025-08-15T22:13:34.729-0500	DEBUG	protocol/handler.go:1591	have processed broadcast	{"{round 20 3  <nil>}": {"Key":"from","Type":15,"Integer":0,"String":"a","Interface":null}}
2025-08-15T22:13:34.729-0500	DEBUG	protocol/handler.go:1591	have processed broadcast	{"{round 20 3  <nil>}": {"Key":"from","Type":15,"Integer":0,"String":"b","Interface":null}}
2025-08-15T22:13:34.729-0500	DEBUG	protocol/handler.go:1649	have all messages and processed	{"{round 20 3  <nil>}": {"Key":"self","Type":15,"Integer":0,"String":"c","Interface":null}}
2025-08-15T22:13:34.729-0500	DEBUG	protocol/handler.go:596	round already finalized
2025-08-15T22:13:34.763-0500	DEBUG	protocol/handler.go:581	tryAdvanceRound called	{"{current_round 20 3  <nil>}": {"Key":"self","Type":15,"Integer":0,"String":"a","Interface":null}}
2025-08-15T22:13:34.763-0500	DEBUG	protocol/handler.go:1591	have processed broadcast	{"{round 20 3  <nil>}": {"Key":"from","Type":15,"Integer":0,"String":"b","Interface":null}}
2025-08-15T22:13:34.764-0500	DEBUG	protocol/handler.go:1591	have processed broadcast	{"{round 20 3  <nil>}": {"Key":"from","Type":15,"Integer":0,"String":"c","Interface":null}}
2025-08-15T22:13:34.764-0500	DEBUG	protocol/handler.go:1649	have all messages and processed	{"{round 20 3  <nil>}": {"Key":"self","Type":15,"Integer":0,"String":"a","Interface":null}}
2025-08-15T22:13:34.764-0500	DEBUG	protocol/handler.go:596	round already finalized
2025-08-15T22:13:34.764-0500	DEBUG	protocol/handler.go:581	tryAdvanceRound called	{"{current_round 20 3  <nil>}": {"Key":"self","Type":15,"Integer":0,"String":"b","Interface":null}}
2025-08-15T22:13:34.764-0500	DEBUG	protocol/handler.go:1591	have processed broadcast	{"{round 20 3  <nil>}": {"Key":"from","Type":15,"Integer":0,"String":"a","Interface":null}}
2025-08-15T22:13:34.764-0500	DEBUG	protocol/handler.go:1591	have processed broadcast	{"{round 20 3  <nil>}": {"Key":"from","Type":15,"Integer":0,"String":"c","Interface":null}}
2025-08-15T22:13:34.765-0500	DEBUG	protocol/handler.go:1649	have all messages and processed	{"{round 20 3  <nil>}": {"Key":"self","Type":15,"Integer":0,"String":"b","Interface":null}}
2025-08-15T22:13:34.765-0500	DEBUG	protocol/handler.go:596	round already finalized
2025-08-15T22:13:34.765-0500	DEBUG	protocol/handler.go:581	tryAdvanceRound called	{"{current_round 20 3  <nil>}": {"Key":"self","Type":15,"Integer":0,"String":"c","Interface":null}}
2025-08-15T22:13:34.765-0500	DEBUG	protocol/handler.go:1591	have processed broadcast	{"{round 20 3  <nil>}": {"Key":"from","Type":15,"Integer":0,"String":"a","Interface":null}}
2025-08-15T22:13:34.765-0500	DEBUG	protocol/handler.go:1591	have processed broadcast	{"{round 20 3  <nil>}": {"Key":"from","Type":15,"Integer":0,"String":"b","Interface":null}}
2025-08-15T22:13:34.765-0500	DEBUG	protocol/handler.go:1649	have all messages and processed	{"{round 20 3  <nil>}": {"Key":"self","Type":15,"Integer":0,"String":"c","Interface":null}}
2025-08-15T22:13:34.766-0500	DEBUG	protocol/handler.go:596	round already finalized
2025-08-15T22:13:34.790-0500	DEBUG	protocol/handler.go:581	tryAdvanceRound called	{"{current_round 20 3  <nil>}": {"Key":"self","Type":15,"Integer":0,"String":"c","Interface":null}}
2025-08-15T22:13:34.790-0500	DEBUG	protocol/handler.go:1591	have processed broadcast	{"{round 20 3  <nil>}": {"Key":"from","Type":15,"Integer":0,"String":"a","Interface":null}}
2025-08-15T22:13:34.790-0500	DEBUG	protocol/handler.go:1591	have processed broadcast	{"{round 20 3  <nil>}": {"Key":"from","Type":15,"Integer":0,"String":"b","Interface":null}}
2025-08-15T22:13:34.790-0500	DEBUG	protocol/handler.go:1649	have all messages and processed	{"{round 20 3  <nil>}": {"Key":"self","Type":15,"Integer":0,"String":"c","Interface":null}}
2025-08-15T22:13:34.790-0500	DEBUG	protocol/handler.go:596	round already finalized
2025-08-15T22:13:34.793-0500	DEBUG	protocol/handler.go:581	tryAdvanceRound called	{"{current_round 20 3  <nil>}": {"Key":"self","Type":15,"Integer":0,"String":"c","Interface":null}}
2025-08-15T22:13:34.793-0500	DEBUG	protocol/handler.go:1591	have processed broadcast	{"{round 20 3  <nil>}": {"Key":"from","Type":15,"Integer":0,"String":"a","Interface":null}}
2025-08-15T22:13:34.793-0500	DEBUG	protocol/handler.go:1591	have processed broadcast	{"{round 20 3  <nil>}": {"Key":"from","Type":15,"Integer":0,"String":"b","Interface":null}}
2025-08-15T22:13:34.793-0500	DEBUG	protocol/handler.go:1649	have all messages and processed	{"{round 20 3  <nil>}": {"Key":"self","Type":15,"Integer":0,"String":"c","Interface":null}}
2025-08-15T22:13:34.793-0500	DEBUG	protocol/handler.go:596	round already finalized
2025-08-15T22:13:34.793-0500	DEBUG	protocol/handler.go:581	tryAdvanceRound called	{"{current_round 20 3  <nil>}": {"Key":"self","Type":15,"Integer":0,"String":"b","Interface":null}}
2025-08-15T22:13:34.793-0500	DEBUG	protocol/handler.go:1591	have processed broadcast	{"{round 20 3  <nil>}": {"Key":"from","Type":15,"Integer":0,"String":"a","Interface":null}}
2025-08-15T22:13:34.793-0500	DEBUG	protocol/handler.go:1591	have processed broadcast	{"{round 20 3  <nil>}": {"Key":"from","Type":15,"Integer":0,"String":"c","Interface":null}}
2025-08-15T22:13:34.793-0500	DEBUG	protocol/handler.go:1649	have all messages and processed	{"{round 20 3  <nil>}": {"Key":"self","Type":15,"Integer":0,"String":"b","Interface":null}}
2025-08-15T22:13:34.793-0500	DEBUG	protocol/handler.go:596	round already finalized
2025-08-15T22:13:34.793-0500	DEBUG	protocol/handler.go:581	tryAdvanceRound called	{"{current_round 20 3  <nil>}": {"Key":"self","Type":15,"Integer":0,"String":"b","Interface":null}}
2025-08-15T22:13:34.793-0500	DEBUG	protocol/handler.go:1591	have processed broadcast	{"{round 20 3  <nil>}": {"Key":"from","Type":15,"Integer":0,"String":"a","Interface":null}}
2025-08-15T22:13:34.793-0500	DEBUG	protocol/handler.go:1591	have processed broadcast	{"{round 20 3  <nil>}": {"Key":"from","Type":15,"Integer":0,"String":"c","Interface":null}}
2025-08-15T22:13:34.793-0500	DEBUG	protocol/handler.go:1649	have all messages and processed	{"{round 20 3  <nil>}": {"Key":"self","Type":15,"Integer":0,"String":"b","Interface":null}}
2025-08-15T22:13:34.793-0500	DEBUG	protocol/handler.go:596	round already finalized
2025-08-15T22:13:34.793-0500	DEBUG	protocol/handler.go:581	tryAdvanceRound called	{"{current_round 20 3  <nil>}": {"Key":"self","Type":15,"Integer":0,"String":"a","Interface":null}}
2025-08-15T22:13:34.793-0500	DEBUG	protocol/handler.go:1591	have processed broadcast	{"{round 20 3  <nil>}": {"Key":"from","Type":15,"Integer":0,"String":"b","Interface":null}}
2025-08-15T22:13:34.793-0500	DEBUG	protocol/handler.go:1591	have processed broadcast	{"{round 20 3  <nil>}": {"Key":"from","Type":15,"Integer":0,"String":"c","Interface":null}}
2025-08-15T22:13:34.793-0500	DEBUG	protocol/handler.go:1649	have all messages and processed	{"{round 20 3  <nil>}": {"Key":"self","Type":15,"Integer":0,"String":"a","Interface":null}}
2025-08-15T22:13:34.793-0500	DEBUG	protocol/handler.go:596	round already finalized
2025-08-15T22:13:34.809-0500	DEBUG	protocol/handler.go:581	tryAdvanceRound called	{"{current_round 20 3  <nil>}": {"Key":"self","Type":15,"Integer":0,"String":"a","Interface":null}}
2025-08-15T22:13:34.809-0500	DEBUG	protocol/handler.go:1591	have processed broadcast	{"{round 20 3  <nil>}": {"Key":"from","Type":15,"Integer":0,"String":"b","Interface":null}}
2025-08-15T22:13:34.809-0500	DEBUG	protocol/handler.go:1591	have processed broadcast	{"{round 20 3  <nil>}": {"Key":"from","Type":15,"Integer":0,"String":"c","Interface":null}}
2025-08-15T22:13:34.809-0500	DEBUG	protocol/handler.go:1649	have all messages and processed	{"{round 20 3  <nil>}": {"Key":"self","Type":15,"Integer":0,"String":"a","Interface":null}}
2025-08-15T22:13:34.809-0500	DEBUG	protocol/handler.go:596	round already finalized
2025-08-15T22:13:34.830-0500	DEBUG	protocol/handler.go:581	tryAdvanceRound called	{"{current_round 20 3  <nil>}": {"Key":"self","Type":15,"Integer":0,"String":"a","Interface":null}}
2025-08-15T22:13:34.830-0500	DEBUG	protocol/handler.go:1591	have processed broadcast	{"{round 20 3  <nil>}": {"Key":"from","Type":15,"Integer":0,"String":"b","Interface":null}}
2025-08-15T22:13:34.830-0500	DEBUG	protocol/handler.go:1591	have processed broadcast	{"{round 20 3  <nil>}": {"Key":"from","Type":15,"Integer":0,"String":"c","Interface":null}}
2025-08-15T22:13:34.830-0500	DEBUG	protocol/handler.go:1649	have all messages and processed	{"{round 20 3  <nil>}": {"Key":"self","Type":15,"Integer":0,"String":"a","Interface":null}}
2025-08-15T22:13:34.830-0500	DEBUG	protocol/handler.go:596	round already finalized
2025-08-15T22:13:34.830-0500	DEBUG	protocol/handler.go:581	tryAdvanceRound called	{"{current_round 20 3  <nil>}": {"Key":"self","Type":15,"Integer":0,"String":"b","Interface":null}}
2025-08-15T22:13:34.830-0500	DEBUG	protocol/handler.go:1591	have processed broadcast	{"{round 20 3  <nil>}": {"Key":"from","Type":15,"Integer":0,"String":"a","Interface":null}}
2025-08-15T22:13:34.831-0500	DEBUG	protocol/handler.go:1591	have processed broadcast	{"{round 20 3  <nil>}": {"Key":"from","Type":15,"Integer":0,"String":"c","Interface":null}}
2025-08-15T22:13:34.831-0500	DEBUG	protocol/handler.go:1649	have all messages and processed	{"{round 20 3  <nil>}": {"Key":"self","Type":15,"Integer":0,"String":"b","Interface":null}}
2025-08-15T22:13:34.831-0500	DEBUG	protocol/handler.go:596	round already finalized
2025-08-15T22:13:34.831-0500	DEBUG	protocol/handler.go:581	tryAdvanceRound called	{"{current_round 20 3  <nil>}": {"Key":"self","Type":15,"Integer":0,"String":"b","Interface":null}}
2025-08-15T22:13:34.831-0500	DEBUG	protocol/handler.go:1591	have processed broadcast	{"{round 20 3  <nil>}": {"Key":"from","Type":15,"Integer":0,"String":"a","Interface":null}}
2025-08-15T22:13:34.831-0500	DEBUG	protocol/handler.go:1591	have processed broadcast	{"{round 20 3  <nil>}": {"Key":"from","Type":15,"Integer":0,"String":"c","Interface":null}}
2025-08-15T22:13:34.831-0500	DEBUG	protocol/handler.go:1649	have all messages and processed	{"{round 20 3  <nil>}": {"Key":"self","Type":15,"Integer":0,"String":"b","Interface":null}}
2025-08-15T22:13:34.831-0500	DEBUG	protocol/handler.go:596	round already finalized
2025-08-15T22:13:34.831-0500	DEBUG	protocol/handler.go:581	tryAdvanceRound called	{"{current_round 20 3  <nil>}": {"Key":"self","Type":15,"Integer":0,"String":"c","Interface":null}}
2025-08-15T22:13:34.831-0500	DEBUG	protocol/handler.go:1591	have processed broadcast	{"{round 20 3  <nil>}": {"Key":"from","Type":15,"Integer":0,"String":"a","Interface":null}}
2025-08-15T22:13:34.831-0500	DEBUG	protocol/handler.go:1591	have processed broadcast	{"{round 20 3  <nil>}": {"Key":"from","Type":15,"Integer":0,"String":"b","Interface":null}}
2025-08-15T22:13:34.831-0500	DEBUG	protocol/handler.go:1649	have all messages and processed	{"{round 20 3  <nil>}": {"Key":"self","Type":15,"Integer":0,"String":"c","Interface":null}}
2025-08-15T22:13:34.831-0500	DEBUG	protocol/handler.go:596	round already finalized
2025-08-15T22:13:34.831-0500	DEBUG	protocol/handler.go:581	tryAdvanceRound called	{"{current_round 20 3  <nil>}": {"Key":"self","Type":15,"Integer":0,"String":"c","Interface":null}}
2025-08-15T22:13:34.831-0500	DEBUG	protocol/handler.go:1591	have processed broadcast	{"{round 20 3  <nil>}": {"Key":"from","Type":15,"Integer":0,"String":"a","Interface":null}}
2025-08-15T22:13:34.831-0500	DEBUG	protocol/handler.go:1591	have processed broadcast	{"{round 20 3  <nil>}": {"Key":"from","Type":15,"Integer":0,"String":"b","Interface":null}}
2025-08-15T22:13:34.831-0500	DEBUG	protocol/handler.go:1649	have all messages and processed	{"{round 20 3  <nil>}": {"Key":"self","Type":15,"Integer":0,"String":"c","Interface":null}}
2025-08-15T22:13:34.832-0500	DEBUG	protocol/handler.go:596	round already finalized
2025-08-15T22:13:34.832-0500	DEBUG	protocol/handler.go:581	tryAdvanceRound called	{"{current_round 20 3  <nil>}": {"Key":"self","Type":15,"Integer":0,"String":"b","Interface":null}}
2025-08-15T22:13:34.832-0500	DEBUG	protocol/handler.go:1591	have processed broadcast	{"{round 20 3  <nil>}": {"Key":"from","Type":15,"Integer":0,"String":"a","Interface":null}}
2025-08-15T22:13:34.832-0500	DEBUG	protocol/handler.go:1591	have processed broadcast	{"{round 20 3  <nil>}": {"Key":"from","Type":15,"Integer":0,"String":"c","Interface":null}}
2025-08-15T22:13:34.832-0500	DEBUG	protocol/handler.go:1649	have all messages and processed	{"{round 20 3  <nil>}": {"Key":"self","Type":15,"Integer":0,"String":"b","Interface":null}}
2025-08-15T22:13:34.832-0500	DEBUG	protocol/handler.go:596	round already finalized
2025-08-15T22:13:34.856-0500	DEBUG	protocol/handler.go:581	tryAdvanceRound called	{"{current_round 20 3  <nil>}": {"Key":"self","Type":15,"Integer":0,"String":"c","Interface":null}}
2025-08-15T22:13:34.856-0500	DEBUG	protocol/handler.go:1591	have processed broadcast	{"{round 20 3  <nil>}": {"Key":"from","Type":15,"Integer":0,"String":"a","Interface":null}}
2025-08-15T22:13:34.856-0500	DEBUG	protocol/handler.go:1591	have processed broadcast	{"{round 20 3  <nil>}": {"Key":"from","Type":15,"Integer":0,"String":"b","Interface":null}}
2025-08-15T22:13:34.856-0500	DEBUG	protocol/handler.go:1649	have all messages and processed	{"{round 20 3  <nil>}": {"Key":"self","Type":15,"Integer":0,"String":"c","Interface":null}}
2025-08-15T22:13:34.856-0500	DEBUG	protocol/handler.go:596	round already finalized
2025-08-15T22:13:34.876-0500	DEBUG	protocol/handler.go:581	tryAdvanceRound called	{"{current_round 20 3  <nil>}": {"Key":"self","Type":15,"Integer":0,"String":"c","Interface":null}}
2025-08-15T22:13:34.876-0500	DEBUG	protocol/handler.go:1591	have processed broadcast	{"{round 20 3  <nil>}": {"Key":"from","Type":15,"Integer":0,"String":"a","Interface":null}}
2025-08-15T22:13:34.876-0500	DEBUG	protocol/handler.go:1591	have processed broadcast	{"{round 20 3  <nil>}": {"Key":"from","Type":15,"Integer":0,"String":"b","Interface":null}}
2025-08-15T22:13:34.876-0500	DEBUG	protocol/handler.go:1649	have all messages and processed	{"{round 20 3  <nil>}": {"Key":"self","Type":15,"Integer":0,"String":"c","Interface":null}}
2025-08-15T22:13:34.876-0500	DEBUG	protocol/handler.go:596	round already finalized
2025-08-15T22:13:34.876-0500	DEBUG	protocol/handler.go:581	tryAdvanceRound called	{"{current_round 20 3  <nil>}": {"Key":"self","Type":15,"Integer":0,"String":"a","Interface":null}}
2025-08-15T22:13:34.876-0500	DEBUG	protocol/handler.go:1591	have processed broadcast	{"{round 20 3  <nil>}": {"Key":"from","Type":15,"Integer":0,"String":"b","Interface":null}}
2025-08-15T22:13:34.876-0500	DEBUG	protocol/handler.go:1591	have processed broadcast	{"{round 20 3  <nil>}": {"Key":"from","Type":15,"Integer":0,"String":"c","Interface":null}}
2025-08-15T22:13:34.876-0500	DEBUG	protocol/handler.go:1649	have all messages and processed	{"{round 20 3  <nil>}": {"Key":"self","Type":15,"Integer":0,"String":"a","Interface":null}}
2025-08-15T22:13:34.876-0500	DEBUG	protocol/handler.go:596	round already finalized
2025-08-15T22:13:34.876-0500	DEBUG	protocol/handler.go:581	tryAdvanceRound called	{"{current_round 20 3  <nil>}": {"Key":"self","Type":15,"Integer":0,"String":"a","Interface":null}}
2025-08-15T22:13:34.876-0500	DEBUG	protocol/handler.go:1591	have processed broadcast	{"{round 20 3  <nil>}": {"Key":"from","Type":15,"Integer":0,"String":"b","Interface":null}}
2025-08-15T22:13:34.876-0500	DEBUG	protocol/handler.go:1591	have processed broadcast	{"{round 20 3  <nil>}": {"Key":"from","Type":15,"Integer":0,"String":"c","Interface":null}}
2025-08-15T22:13:34.876-0500	DEBUG	protocol/handler.go:1649	have all messages and processed	{"{round 20 3  <nil>}": {"Key":"self","Type":15,"Integer":0,"String":"a","Interface":null}}
2025-08-15T22:13:34.876-0500	DEBUG	protocol/handler.go:596	round already finalized
2025-08-15T22:13:34.876-0500	DEBUG	protocol/handler.go:581	tryAdvanceRound called	{"{current_round 20 3  <nil>}": {"Key":"self","Type":15,"Integer":0,"String":"b","Interface":null}}
2025-08-15T22:13:34.876-0500	DEBUG	protocol/handler.go:1591	have processed broadcast	{"{round 20 3  <nil>}": {"Key":"from","Type":15,"Integer":0,"String":"a","Interface":null}}
2025-08-15T22:13:34.876-0500	DEBUG	protocol/handler.go:1591	have processed broadcast	{"{round 20 3  <nil>}": {"Key":"from","Type":15,"Integer":0,"String":"c","Interface":null}}
2025-08-15T22:13:34.877-0500	DEBUG	protocol/handler.go:1649	have all messages and processed	{"{round 20 3  <nil>}": {"Key":"self","Type":15,"Integer":0,"String":"b","Interface":null}}
2025-08-15T22:13:34.877-0500	DEBUG	protocol/handler.go:596	round already finalized
2025-08-15T22:13:34.877-0500	DEBUG	protocol/handler.go:581	tryAdvanceRound called	{"{current_round 20 3  <nil>}": {"Key":"self","Type":15,"Integer":0,"String":"b","Interface":null}}
2025-08-15T22:13:34.877-0500	DEBUG	protocol/handler.go:1591	have processed broadcast	{"{round 20 3  <nil>}": {"Key":"from","Type":15,"Integer":0,"String":"a","Interface":null}}
2025-08-15T22:13:34.877-0500	DEBUG	protocol/handler.go:1591	have processed broadcast	{"{round 20 3  <nil>}": {"Key":"from","Type":15,"Integer":0,"String":"c","Interface":null}}
2025-08-15T22:13:34.877-0500	DEBUG	protocol/handler.go:1649	have all messages and processed	{"{round 20 3  <nil>}": {"Key":"self","Type":15,"Integer":0,"String":"b","Interface":null}}
2025-08-15T22:13:34.877-0500	DEBUG	protocol/handler.go:596	round already finalized
2025-08-15T22:13:34.877-0500	DEBUG	protocol/handler.go:581	tryAdvanceRound called	{"{current_round 20 3  <nil>}": {"Key":"self","Type":15,"Integer":0,"String":"a","Interface":null}}
2025-08-15T22:13:34.877-0500	DEBUG	protocol/handler.go:1591	have processed broadcast	{"{round 20 3  <nil>}": {"Key":"from","Type":15,"Integer":0,"String":"b","Interface":null}}
2025-08-15T22:13:34.877-0500	DEBUG	protocol/handler.go:1591	have processed broadcast	{"{round 20 3  <nil>}": {"Key":"from","Type":15,"Integer":0,"String":"c","Interface":null}}
2025-08-15T22:13:34.877-0500	DEBUG	protocol/handler.go:1649	have all messages and processed	{"{round 20 3  <nil>}": {"Key":"self","Type":15,"Integer":0,"String":"a","Interface":null}}
2025-08-15T22:13:34.877-0500	DEBUG	protocol/handler.go:596	round already finalized
2025-08-15T22:13:34.899-0500	DEBUG	protocol/handler.go:581	tryAdvanceRound called	{"{current_round 20 3  <nil>}": {"Key":"self","Type":15,"Integer":0,"String":"c","Interface":null}}
2025-08-15T22:13:34.899-0500	DEBUG	protocol/handler.go:1591	have processed broadcast	{"{round 20 3  <nil>}": {"Key":"from","Type":15,"Integer":0,"String":"a","Interface":null}}
2025-08-15T22:13:34.900-0500	DEBUG	protocol/handler.go:1591	have processed broadcast	{"{round 20 3  <nil>}": {"Key":"from","Type":15,"Integer":0,"String":"b","Interface":null}}
2025-08-15T22:13:34.900-0500	DEBUG	protocol/handler.go:1649	have all messages and processed	{"{round 20 3  <nil>}": {"Key":"self","Type":15,"Integer":0,"String":"c","Interface":null}}
2025-08-15T22:13:34.900-0500	DEBUG	protocol/handler.go:596	round already finalized
2025-08-15T22:13:34.921-0500	DEBUG	protocol/handler.go:581	tryAdvanceRound called	{"{current_round 20 3  <nil>}": {"Key":"self","Type":15,"Integer":0,"String":"c","Interface":null}}
2025-08-15T22:13:34.922-0500	DEBUG	protocol/handler.go:1591	have processed broadcast	{"{round 20 3  <nil>}": {"Key":"from","Type":15,"Integer":0,"String":"a","Interface":null}}
2025-08-15T22:13:34.922-0500	DEBUG	protocol/handler.go:1591	have processed broadcast	{"{round 20 3  <nil>}": {"Key":"from","Type":15,"Integer":0,"String":"b","Interface":null}}
2025-08-15T22:13:34.922-0500	DEBUG	protocol/handler.go:1649	have all messages and processed	{"{round 20 3  <nil>}": {"Key":"self","Type":15,"Integer":0,"String":"c","Interface":null}}
2025-08-15T22:13:34.922-0500	DEBUG	protocol/handler.go:596	round already finalized
2025-08-15T22:13:34.922-0500	DEBUG	protocol/handler.go:581	tryAdvanceRound called	{"{current_round 20 3  <nil>}": {"Key":"self","Type":15,"Integer":0,"String":"b","Interface":null}}
2025-08-15T22:13:34.922-0500	DEBUG	protocol/handler.go:1591	have processed broadcast	{"{round 20 3  <nil>}": {"Key":"from","Type":15,"Integer":0,"String":"a","Interface":null}}
2025-08-15T22:13:34.922-0500	DEBUG	protocol/handler.go:1591	have processed broadcast	{"{round 20 3  <nil>}": {"Key":"from","Type":15,"Integer":0,"String":"c","Interface":null}}
2025-08-15T22:13:34.923-0500	DEBUG	protocol/handler.go:1649	have all messages and processed	{"{round 20 3  <nil>}": {"Key":"self","Type":15,"Integer":0,"String":"b","Interface":null}}
2025-08-15T22:13:34.923-0500	DEBUG	protocol/handler.go:596	round already finalized
2025-08-15T22:13:34.923-0500	DEBUG	protocol/handler.go:581	tryAdvanceRound called	{"{current_round 20 3  <nil>}": {"Key":"self","Type":15,"Integer":0,"String":"b","Interface":null}}
2025-08-15T22:13:34.923-0500	DEBUG	protocol/handler.go:1591	have processed broadcast	{"{round 20 3  <nil>}": {"Key":"from","Type":15,"Integer":0,"String":"a","Interface":null}}
2025-08-15T22:13:34.923-0500	DEBUG	protocol/handler.go:1591	have processed broadcast	{"{round 20 3  <nil>}": {"Key":"from","Type":15,"Integer":0,"String":"c","Interface":null}}
2025-08-15T22:13:34.923-0500	DEBUG	protocol/handler.go:1649	have all messages and processed	{"{round 20 3  <nil>}": {"Key":"self","Type":15,"Integer":0,"String":"b","Interface":null}}
2025-08-15T22:13:34.923-0500	DEBUG	protocol/handler.go:596	round already finalized
2025-08-15T22:13:34.923-0500	DEBUG	protocol/handler.go:581	tryAdvanceRound called	{"{current_round 20 3  <nil>}": {"Key":"self","Type":15,"Integer":0,"String":"a","Interface":null}}
2025-08-15T22:13:34.923-0500	DEBUG	protocol/handler.go:1591	have processed broadcast	{"{round 20 3  <nil>}": {"Key":"from","Type":15,"Integer":0,"String":"b","Interface":null}}
2025-08-15T22:13:34.923-0500	DEBUG	protocol/handler.go:1591	have processed broadcast	{"{round 20 3  <nil>}": {"Key":"from","Type":15,"Integer":0,"String":"c","Interface":null}}
2025-08-15T22:13:34.923-0500	DEBUG	protocol/handler.go:1649	have all messages and processed	{"{round 20 3  <nil>}": {"Key":"self","Type":15,"Integer":0,"String":"a","Interface":null}}
2025-08-15T22:13:34.923-0500	DEBUG	protocol/handler.go:596	round already finalized
2025-08-15T22:13:34.923-0500	DEBUG	protocol/handler.go:581	tryAdvanceRound called	{"{current_round 20 3  <nil>}": {"Key":"self","Type":15,"Integer":0,"String":"a","Interface":null}}
2025-08-15T22:13:34.923-0500	DEBUG	protocol/handler.go:1591	have processed broadcast	{"{round 20 3  <nil>}": {"Key":"from","Type":15,"Integer":0,"String":"b","Interface":null}}
2025-08-15T22:13:34.923-0500	DEBUG	protocol/handler.go:1591	have processed broadcast	{"{round 20 3  <nil>}": {"Key":"from","Type":15,"Integer":0,"String":"c","Interface":null}}
2025-08-15T22:13:34.923-0500	DEBUG	protocol/handler.go:1649	have all messages and processed	{"{round 20 3  <nil>}": {"Key":"self","Type":15,"Integer":0,"String":"a","Interface":null}}
2025-08-15T22:13:34.923-0500	DEBUG	protocol/handler.go:596	round already finalized
2025-08-15T22:13:34.945-0500	DEBUG	protocol/handler.go:581	tryAdvanceRound called	{"{current_round 20 3  <nil>}": {"Key":"self","Type":15,"Integer":0,"String":"b","Interface":null}}
2025-08-15T22:13:34.946-0500	DEBUG	protocol/handler.go:1591	have processed broadcast	{"{round 20 3  <nil>}": {"Key":"from","Type":15,"Integer":0,"String":"a","Interface":null}}
2025-08-15T22:13:34.946-0500	DEBUG	protocol/handler.go:1591	have processed broadcast	{"{round 20 3  <nil>}": {"Key":"from","Type":15,"Integer":0,"String":"c","Interface":null}}
2025-08-15T22:13:34.946-0500	DEBUG	protocol/handler.go:1649	have all messages and processed	{"{round 20 3  <nil>}": {"Key":"self","Type":15,"Integer":0,"String":"b","Interface":null}}
2025-08-15T22:13:34.947-0500	DEBUG	protocol/handler.go:596	round already finalized
2025-08-15T22:13:34.954-0500	DEBUG	protocol/handler.go:581	tryAdvanceRound called	{"{current_round 20 3  <nil>}": {"Key":"self","Type":15,"Integer":0,"String":"b","Interface":null}}
2025-08-15T22:13:34.954-0500	DEBUG	protocol/handler.go:1591	have processed broadcast	{"{round 20 3  <nil>}": {"Key":"from","Type":15,"Integer":0,"String":"a","Interface":null}}
2025-08-15T22:13:34.954-0500	DEBUG	protocol/handler.go:1591	have processed broadcast	{"{round 20 3  <nil>}": {"Key":"from","Type":15,"Integer":0,"String":"c","Interface":null}}
2025-08-15T22:13:34.954-0500	DEBUG	protocol/handler.go:1649	have all messages and processed	{"{round 20 3  <nil>}": {"Key":"self","Type":15,"Integer":0,"String":"b","Interface":null}}
2025-08-15T22:13:34.954-0500	DEBUG	protocol/handler.go:596	round already finalized
2025-08-15T22:13:34.954-0500	DEBUG	protocol/handler.go:581	tryAdvanceRound called	{"{current_round 20 3  <nil>}": {"Key":"self","Type":15,"Integer":0,"String":"a","Interface":null}}
2025-08-15T22:13:34.954-0500	DEBUG	protocol/handler.go:1591	have processed broadcast	{"{round 20 3  <nil>}": {"Key":"from","Type":15,"Integer":0,"String":"b","Interface":null}}
2025-08-15T22:13:34.954-0500	DEBUG	protocol/handler.go:1591	have processed broadcast	{"{round 20 3  <nil>}": {"Key":"from","Type":15,"Integer":0,"String":"c","Interface":null}}
2025-08-15T22:13:34.955-0500	DEBUG	protocol/handler.go:1649	have all messages and processed	{"{round 20 3  <nil>}": {"Key":"self","Type":15,"Integer":0,"String":"a","Interface":null}}
2025-08-15T22:13:34.955-0500	DEBUG	protocol/handler.go:596	round already finalized
2025-08-15T22:13:34.955-0500	DEBUG	protocol/handler.go:581	tryAdvanceRound called	{"{current_round 20 3  <nil>}": {"Key":"self","Type":15,"Integer":0,"String":"a","Interface":null}}
2025-08-15T22:13:34.955-0500	DEBUG	protocol/handler.go:1591	have processed broadcast	{"{round 20 3  <nil>}": {"Key":"from","Type":15,"Integer":0,"String":"b","Interface":null}}
2025-08-15T22:13:34.955-0500	DEBUG	protocol/handler.go:1591	have processed broadcast	{"{round 20 3  <nil>}": {"Key":"from","Type":15,"Integer":0,"String":"c","Interface":null}}
2025-08-15T22:13:34.955-0500	DEBUG	protocol/handler.go:1649	have all messages and processed	{"{round 20 3  <nil>}": {"Key":"self","Type":15,"Integer":0,"String":"a","Interface":null}}
2025-08-15T22:13:34.955-0500	DEBUG	protocol/handler.go:596	round already finalized
2025-08-15T22:13:34.955-0500	DEBUG	protocol/handler.go:581	tryAdvanceRound called	{"{current_round 20 3  <nil>}": {"Key":"self","Type":15,"Integer":0,"String":"c","Interface":null}}
2025-08-15T22:13:34.956-0500	DEBUG	protocol/handler.go:1591	have processed broadcast	{"{round 20 3  <nil>}": {"Key":"from","Type":15,"Integer":0,"String":"a","Interface":null}}
2025-08-15T22:13:34.956-0500	DEBUG	protocol/handler.go:1591	have processed broadcast	{"{round 20 3  <nil>}": {"Key":"from","Type":15,"Integer":0,"String":"b","Interface":null}}
2025-08-15T22:13:34.956-0500	DEBUG	protocol/handler.go:1649	have all messages and processed	{"{round 20 3  <nil>}": {"Key":"self","Type":15,"Integer":0,"String":"c","Interface":null}}
2025-08-15T22:13:34.956-0500	DEBUG	protocol/handler.go:596	round already finalized
2025-08-15T22:13:34.956-0500	DEBUG	protocol/handler.go:581	tryAdvanceRound called	{"{current_round 20 3  <nil>}": {"Key":"self","Type":15,"Integer":0,"String":"c","Interface":null}}
2025-08-15T22:13:34.956-0500	DEBUG	protocol/handler.go:1591	have processed broadcast	{"{round 20 3  <nil>}": {"Key":"from","Type":15,"Integer":0,"String":"a","Interface":null}}
2025-08-15T22:13:34.956-0500	DEBUG	protocol/handler.go:1591	have processed broadcast	{"{round 20 3  <nil>}": {"Key":"from","Type":15,"Integer":0,"String":"b","Interface":null}}
2025-08-15T22:13:34.956-0500	DEBUG	protocol/handler.go:1649	have all messages and processed	{"{round 20 3  <nil>}": {"Key":"self","Type":15,"Integer":0,"String":"c","Interface":null}}
2025-08-15T22:13:34.956-0500	DEBUG	protocol/handler.go:596	round already finalized
2025-08-15T22:13:34.956-0500	DEBUG	protocol/handler.go:581	tryAdvanceRound called	{"{current_round 20 3  <nil>}": {"Key":"self","Type":15,"Integer":0,"String":"a","Interface":null}}
2025-08-15T22:13:34.956-0500	DEBUG	protocol/handler.go:1591	have processed broadcast	{"{round 20 3  <nil>}": {"Key":"from","Type":15,"Integer":0,"String":"b","Interface":null}}
2025-08-15T22:13:34.957-0500	DEBUG	protocol/handler.go:1591	have processed broadcast	{"{round 20 3  <nil>}": {"Key":"from","Type":15,"Integer":0,"String":"c","Interface":null}}
2025-08-15T22:13:34.957-0500	DEBUG	protocol/handler.go:1649	have all messages and processed	{"{round 20 3  <nil>}": {"Key":"self","Type":15,"Integer":0,"String":"a","Interface":null}}
2025-08-15T22:13:34.957-0500	DEBUG	protocol/handler.go:596	round already finalized
2025-08-15T22:13:34.978-0500	DEBUG	protocol/handler.go:581	tryAdvanceRound called	{"{current_round 20 3  <nil>}": {"Key":"self","Type":15,"Integer":0,"String":"c","Interface":null}}
2025-08-15T22:13:34.978-0500	DEBUG	protocol/handler.go:1591	have processed broadcast	{"{round 20 3  <nil>}": {"Key":"from","Type":15,"Integer":0,"String":"a","Interface":null}}
2025-08-15T22:13:34.978-0500	DEBUG	protocol/handler.go:1591	have processed broadcast	{"{round 20 3  <nil>}": {"Key":"from","Type":15,"Integer":0,"String":"b","Interface":null}}
2025-08-15T22:13:34.978-0500	DEBUG	protocol/handler.go:1649	have all messages and processed	{"{round 20 3  <nil>}": {"Key":"self","Type":15,"Integer":0,"String":"c","Interface":null}}
2025-08-15T22:13:34.978-0500	DEBUG	protocol/handler.go:596	round already finalized
2025-08-15T22:13:34.978-0500	DEBUG	protocol/handler.go:581	tryAdvanceRound called	{"{current_round 20 3  <nil>}": {"Key":"self","Type":15,"Integer":0,"String":"b","Interface":null}}
2025-08-15T22:13:34.978-0500	DEBUG	protocol/handler.go:1591	have processed broadcast	{"{round 20 3  <nil>}": {"Key":"from","Type":15,"Integer":0,"String":"a","Interface":null}}
2025-08-15T22:13:34.979-0500	DEBUG	protocol/handler.go:1591	have processed broadcast	{"{round 20 3  <nil>}": {"Key":"from","Type":15,"Integer":0,"String":"c","Interface":null}}
2025-08-15T22:13:34.979-0500	DEBUG	protocol/handler.go:1649	have all messages and processed	{"{round 20 3  <nil>}": {"Key":"self","Type":15,"Integer":0,"String":"b","Interface":null}}
2025-08-15T22:13:34.979-0500	DEBUG	protocol/handler.go:596	round already finalized
2025-08-15T22:13:34.979-0500	DEBUG	protocol/handler.go:581	tryAdvanceRound called	{"{current_round 20 3  <nil>}": {"Key":"self","Type":15,"Integer":0,"String":"a","Interface":null}}
2025-08-15T22:13:34.979-0500	DEBUG	protocol/handler.go:1591	have processed broadcast	{"{round 20 3  <nil>}": {"Key":"from","Type":15,"Integer":0,"String":"b","Interface":null}}
2025-08-15T22:13:34.979-0500	DEBUG	protocol/handler.go:1591	have processed broadcast	{"{round 20 3  <nil>}": {"Key":"from","Type":15,"Integer":0,"String":"c","Interface":null}}
2025-08-15T22:13:34.979-0500	DEBUG	protocol/handler.go:1649	have all messages and processed	{"{round 20 3  <nil>}": {"Key":"self","Type":15,"Integer":0,"String":"a","Interface":null}}
2025-08-15T22:13:34.979-0500	DEBUG	protocol/handler.go:596	round already finalized
2025-08-15T22:13:35.003-0500	DEBUG	protocol/handler.go:581	tryAdvanceRound called	{"{current_round 20 3  <nil>}": {"Key":"self","Type":15,"Integer":0,"String":"a","Interface":null}}
2025-08-15T22:13:35.004-0500	DEBUG	protocol/handler.go:1591	have processed broadcast	{"{round 20 3  <nil>}": {"Key":"from","Type":15,"Integer":0,"String":"b","Interface":null}}
2025-08-15T22:13:35.004-0500	DEBUG	protocol/handler.go:1591	have processed broadcast	{"{round 20 3  <nil>}": {"Key":"from","Type":15,"Integer":0,"String":"c","Interface":null}}
2025-08-15T22:13:35.004-0500	DEBUG	protocol/handler.go:1649	have all messages and processed	{"{round 20 3  <nil>}": {"Key":"self","Type":15,"Integer":0,"String":"a","Interface":null}}
2025-08-15T22:13:35.004-0500	DEBUG	protocol/handler.go:596	round already finalized
2025-08-15T22:13:35.028-0500	DEBUG	protocol/handler.go:581	tryAdvanceRound called	{"{current_round 20 3  <nil>}": {"Key":"self","Type":15,"Integer":0,"String":"b","Interface":null}}
2025-08-15T22:13:35.029-0500	DEBUG	protocol/handler.go:1591	have processed broadcast	{"{round 20 3  <nil>}": {"Key":"from","Type":15,"Integer":0,"String":"a","Interface":null}}
2025-08-15T22:13:35.029-0500	DEBUG	protocol/handler.go:1591	have processed broadcast	{"{round 20 3  <nil>}": {"Key":"from","Type":15,"Integer":0,"String":"c","Interface":null}}
2025-08-15T22:13:35.029-0500	DEBUG	protocol/handler.go:1649	have all messages and processed	{"{round 20 3  <nil>}": {"Key":"self","Type":15,"Integer":0,"String":"b","Interface":null}}
2025-08-15T22:13:35.029-0500	DEBUG	protocol/handler.go:596	round already finalized
2025-08-15T22:13:35.029-0500	DEBUG	protocol/handler.go:581	tryAdvanceRound called	{"{current_round 20 3  <nil>}": {"Key":"self","Type":15,"Integer":0,"String":"b","Interface":null}}
2025-08-15T22:13:35.029-0500	DEBUG	protocol/handler.go:1591	have processed broadcast	{"{round 20 3  <nil>}": {"Key":"from","Type":15,"Integer":0,"String":"a","Interface":null}}
2025-08-15T22:13:35.029-0500	DEBUG	protocol/handler.go:1591	have processed broadcast	{"{round 20 3  <nil>}": {"Key":"from","Type":15,"Integer":0,"String":"c","Interface":null}}
2025-08-15T22:13:35.029-0500	DEBUG	protocol/handler.go:1649	have all messages and processed	{"{round 20 3  <nil>}": {"Key":"self","Type":15,"Integer":0,"String":"b","Interface":null}}
2025-08-15T22:13:35.029-0500	DEBUG	protocol/handler.go:596	round already finalized
2025-08-15T22:13:35.029-0500	DEBUG	protocol/handler.go:581	tryAdvanceRound called	{"{current_round 20 3  <nil>}": {"Key":"self","Type":15,"Integer":0,"String":"c","Interface":null}}
2025-08-15T22:13:35.029-0500	DEBUG	protocol/handler.go:1591	have processed broadcast	{"{round 20 3  <nil>}": {"Key":"from","Type":15,"Integer":0,"String":"a","Interface":null}}
2025-08-15T22:13:35.029-0500	DEBUG	protocol/handler.go:1591	have processed broadcast	{"{round 20 3  <nil>}": {"Key":"from","Type":15,"Integer":0,"String":"b","Interface":null}}
2025-08-15T22:13:35.029-0500	DEBUG	protocol/handler.go:1649	have all messages and processed	{"{round 20 3  <nil>}": {"Key":"self","Type":15,"Integer":0,"String":"c","Interface":null}}
2025-08-15T22:13:35.029-0500	DEBUG	protocol/handler.go:596	round already finalized
2025-08-15T22:13:35.029-0500	DEBUG	protocol/handler.go:581	tryAdvanceRound called	{"{current_round 20 3  <nil>}": {"Key":"self","Type":15,"Integer":0,"String":"c","Interface":null}}
2025-08-15T22:13:35.029-0500	DEBUG	protocol/handler.go:1591	have processed broadcast	{"{round 20 3  <nil>}": {"Key":"from","Type":15,"Integer":0,"String":"a","Interface":null}}
2025-08-15T22:13:35.029-0500	DEBUG	protocol/handler.go:1591	have processed broadcast	{"{round 20 3  <nil>}": {"Key":"from","Type":15,"Integer":0,"String":"b","Interface":null}}
2025-08-15T22:13:35.030-0500	DEBUG	protocol/handler.go:1649	have all messages and processed	{"{round 20 3  <nil>}": {"Key":"self","Type":15,"Integer":0,"String":"c","Interface":null}}
2025-08-15T22:13:35.030-0500	DEBUG	protocol/handler.go:596	round already finalized
2025-08-15T22:13:35.030-0500	DEBUG	protocol/handler.go:581	tryAdvanceRound called	{"{current_round 20 3  <nil>}": {"Key":"self","Type":15,"Integer":0,"String":"a","Interface":null}}
2025-08-15T22:13:35.030-0500	DEBUG	protocol/handler.go:1591	have processed broadcast	{"{round 20 3  <nil>}": {"Key":"from","Type":15,"Integer":0,"String":"b","Interface":null}}
2025-08-15T22:13:35.030-0500	DEBUG	protocol/handler.go:1591	have processed broadcast	{"{round 20 3  <nil>}": {"Key":"from","Type":15,"Integer":0,"String":"c","Interface":null}}
2025-08-15T22:13:35.030-0500	DEBUG	protocol/handler.go:1649	have all messages and processed	{"{round 20 3  <nil>}": {"Key":"self","Type":15,"Integer":0,"String":"a","Interface":null}}
2025-08-15T22:13:35.030-0500	DEBUG	protocol/handler.go:596	round already finalized
2025-08-15T22:13:35.051-0500	DEBUG	protocol/handler.go:581	tryAdvanceRound called	{"{current_round 20 3  <nil>}": {"Key":"self","Type":15,"Integer":0,"String":"b","Interface":null}}
2025-08-15T22:13:35.051-0500	DEBUG	protocol/handler.go:1591	have processed broadcast	{"{round 20 3  <nil>}": {"Key":"from","Type":15,"Integer":0,"String":"a","Interface":null}}
2025-08-15T22:13:35.051-0500	DEBUG	protocol/handler.go:1591	have processed broadcast	{"{round 20 3  <nil>}": {"Key":"from","Type":15,"Integer":0,"String":"c","Interface":null}}
2025-08-15T22:13:35.051-0500	DEBUG	protocol/handler.go:1649	have all messages and processed	{"{round 20 3  <nil>}": {"Key":"self","Type":15,"Integer":0,"String":"b","Interface":null}}
2025-08-15T22:13:35.051-0500	DEBUG	protocol/handler.go:596	round already finalized
2025-08-15T22:13:35.051-0500	DEBUG	protocol/handler.go:581	tryAdvanceRound called	{"{current_round 20 3  <nil>}": {"Key":"self","Type":15,"Integer":0,"String":"c","Interface":null}}
2025-08-15T22:13:35.051-0500	DEBUG	protocol/handler.go:1591	have processed broadcast	{"{round 20 3  <nil>}": {"Key":"from","Type":15,"Integer":0,"String":"a","Interface":null}}
2025-08-15T22:13:35.051-0500	DEBUG	protocol/handler.go:1591	have processed broadcast	{"{round 20 3  <nil>}": {"Key":"from","Type":15,"Integer":0,"String":"b","Interface":null}}
2025-08-15T22:13:35.051-0500	DEBUG	protocol/handler.go:1649	have all messages and processed	{"{round 20 3  <nil>}": {"Key":"self","Type":15,"Integer":0,"String":"c","Interface":null}}
2025-08-15T22:13:35.051-0500	DEBUG	protocol/handler.go:596	round already finalized
2025-08-15T22:13:35.051-0500	DEBUG	protocol/handler.go:581	tryAdvanceRound called	{"{current_round 20 3  <nil>}": {"Key":"self","Type":15,"Integer":0,"String":"c","Interface":null}}
2025-08-15T22:13:35.051-0500	DEBUG	protocol/handler.go:1591	have processed broadcast	{"{round 20 3  <nil>}": {"Key":"from","Type":15,"Integer":0,"String":"a","Interface":null}}
2025-08-15T22:13:35.051-0500	DEBUG	protocol/handler.go:1591	have processed broadcast	{"{round 20 3  <nil>}": {"Key":"from","Type":15,"Integer":0,"String":"b","Interface":null}}
2025-08-15T22:13:35.051-0500	DEBUG	protocol/handler.go:1649	have all messages and processed	{"{round 20 3  <nil>}": {"Key":"self","Type":15,"Integer":0,"String":"c","Interface":null}}
2025-08-15T22:13:35.051-0500	DEBUG	protocol/handler.go:596	round already finalized
2025-08-15T22:13:35.051-0500	DEBUG	protocol/handler.go:581	tryAdvanceRound called	{"{current_round 20 3  <nil>}": {"Key":"self","Type":15,"Integer":0,"String":"a","Interface":null}}
2025-08-15T22:13:35.051-0500	DEBUG	protocol/handler.go:1591	have processed broadcast	{"{round 20 3  <nil>}": {"Key":"from","Type":15,"Integer":0,"String":"b","Interface":null}}
2025-08-15T22:13:35.051-0500	DEBUG	protocol/handler.go:1591	have processed broadcast	{"{round 20 3  <nil>}": {"Key":"from","Type":15,"Integer":0,"String":"c","Interface":null}}
2025-08-15T22:13:35.051-0500	DEBUG	protocol/handler.go:1649	have all messages and processed	{"{round 20 3  <nil>}": {"Key":"self","Type":15,"Integer":0,"String":"a","Interface":null}}
2025-08-15T22:13:35.052-0500	DEBUG	protocol/handler.go:596	round already finalized
2025-08-15T22:13:35.073-0500	DEBUG	protocol/handler.go:581	tryAdvanceRound called	{"{current_round 20 3  <nil>}": {"Key":"self","Type":15,"Integer":0,"String":"b","Interface":null}}
2025-08-15T22:13:35.073-0500	DEBUG	protocol/handler.go:1591	have processed broadcast	{"{round 20 3  <nil>}": {"Key":"from","Type":15,"Integer":0,"String":"a","Interface":null}}
2025-08-15T22:13:35.073-0500	DEBUG	protocol/handler.go:1591	have processed broadcast	{"{round 20 3  <nil>}": {"Key":"from","Type":15,"Integer":0,"String":"c","Interface":null}}
2025-08-15T22:13:35.073-0500	DEBUG	protocol/handler.go:1649	have all messages and processed	{"{round 20 3  <nil>}": {"Key":"self","Type":15,"Integer":0,"String":"b","Interface":null}}
2025-08-15T22:13:35.073-0500	DEBUG	protocol/handler.go:596	round already finalized
2025-08-15T22:13:35.073-0500	DEBUG	protocol/handler.go:581	tryAdvanceRound called	{"{current_round 20 3  <nil>}": {"Key":"self","Type":15,"Integer":0,"String":"a","Interface":null}}
2025-08-15T22:13:35.073-0500	DEBUG	protocol/handler.go:1591	have processed broadcast	{"{round 20 3  <nil>}": {"Key":"from","Type":15,"Integer":0,"String":"b","Interface":null}}
2025-08-15T22:13:35.073-0500	DEBUG	protocol/handler.go:1591	have processed broadcast	{"{round 20 3  <nil>}": {"Key":"from","Type":15,"Integer":0,"String":"c","Interface":null}}
2025-08-15T22:13:35.073-0500	DEBUG	protocol/handler.go:1649	have all messages and processed	{"{round 20 3  <nil>}": {"Key":"self","Type":15,"Integer":0,"String":"a","Interface":null}}
2025-08-15T22:13:35.073-0500	DEBUG	protocol/handler.go:596	round already finalized
2025-08-15T22:13:35.073-0500	DEBUG	protocol/handler.go:581	tryAdvanceRound called	{"{current_round 20 3  <nil>}": {"Key":"self","Type":15,"Integer":0,"String":"c","Interface":null}}
2025-08-15T22:13:35.073-0500	DEBUG	protocol/handler.go:1591	have processed broadcast	{"{round 20 3  <nil>}": {"Key":"from","Type":15,"Integer":0,"String":"a","Interface":null}}
2025-08-15T22:13:35.074-0500	DEBUG	protocol/handler.go:1591	have processed broadcast	{"{round 20 3  <nil>}": {"Key":"from","Type":15,"Integer":0,"String":"b","Interface":null}}
2025-08-15T22:13:35.074-0500	DEBUG	protocol/handler.go:1649	have all messages and processed	{"{round 20 3  <nil>}": {"Key":"self","Type":15,"Integer":0,"String":"c","Interface":null}}
2025-08-15T22:13:35.074-0500	DEBUG	protocol/handler.go:596	round already finalized
2025-08-15T22:13:35.097-0500	DEBUG	protocol/handler.go:581	tryAdvanceRound called	{"{current_round 20 3  <nil>}": {"Key":"self","Type":15,"Integer":0,"String":"c","Interface":null}}
2025-08-15T22:13:35.099-0500	DEBUG	protocol/handler.go:1591	have processed broadcast	{"{round 20 3  <nil>}": {"Key":"from","Type":15,"Integer":0,"String":"a","Interface":null}}
2025-08-15T22:13:35.099-0500	DEBUG	protocol/handler.go:1591	have processed broadcast	{"{round 20 3  <nil>}": {"Key":"from","Type":15,"Integer":0,"String":"b","Interface":null}}
2025-08-15T22:13:35.099-0500	DEBUG	protocol/handler.go:1649	have all messages and processed	{"{round 20 3  <nil>}": {"Key":"self","Type":15,"Integer":0,"String":"c","Interface":null}}
2025-08-15T22:13:35.099-0500	DEBUG	protocol/handler.go:596	round already finalized
2025-08-15T22:13:35.099-0500	DEBUG	protocol/handler.go:581	tryAdvanceRound called	{"{current_round 20 3  <nil>}": {"Key":"self","Type":15,"Integer":0,"String":"a","Interface":null}}
2025-08-15T22:13:35.099-0500	DEBUG	protocol/handler.go:1591	have processed broadcast	{"{round 20 3  <nil>}": {"Key":"from","Type":15,"Integer":0,"String":"b","Interface":null}}
2025-08-15T22:13:35.099-0500	DEBUG	protocol/handler.go:1591	have processed broadcast	{"{round 20 3  <nil>}": {"Key":"from","Type":15,"Integer":0,"String":"c","Interface":null}}
2025-08-15T22:13:35.099-0500	DEBUG	protocol/handler.go:1649	have all messages and processed	{"{round 20 3  <nil>}": {"Key":"self","Type":15,"Integer":0,"String":"a","Interface":null}}
2025-08-15T22:13:35.099-0500	DEBUG	protocol/handler.go:596	round already finalized
2025-08-15T22:13:35.099-0500	DEBUG	protocol/handler.go:581	tryAdvanceRound called	{"{current_round 20 3  <nil>}": {"Key":"self","Type":15,"Integer":0,"String":"b","Interface":null}}
2025-08-15T22:13:35.099-0500	DEBUG	protocol/handler.go:1591	have processed broadcast	{"{round 20 3  <nil>}": {"Key":"from","Type":15,"Integer":0,"String":"a","Interface":null}}
2025-08-15T22:13:35.099-0500	DEBUG	protocol/handler.go:1591	have processed broadcast	{"{round 20 3  <nil>}": {"Key":"from","Type":15,"Integer":0,"String":"c","Interface":null}}
2025-08-15T22:13:35.099-0500	DEBUG	protocol/handler.go:1649	have all messages and processed	{"{round 20 3  <nil>}": {"Key":"self","Type":15,"Integer":0,"String":"b","Interface":null}}
2025-08-15T22:13:35.099-0500	DEBUG	protocol/handler.go:596	round already finalized
2025-08-15T22:13:35.127-0500	DEBUG	protocol/handler.go:581	tryAdvanceRound called	{"{current_round 20 3  <nil>}": {"Key":"self","Type":15,"Integer":0,"String":"c","Interface":null}}
2025-08-15T22:13:35.127-0500	DEBUG	protocol/handler.go:1591	have processed broadcast	{"{round 20 3  <nil>}": {"Key":"from","Type":15,"Integer":0,"String":"a","Interface":null}}
2025-08-15T22:13:35.127-0500	DEBUG	protocol/handler.go:1591	have processed broadcast	{"{round 20 3  <nil>}": {"Key":"from","Type":15,"Integer":0,"String":"b","Interface":null}}
2025-08-15T22:13:35.127-0500	DEBUG	protocol/handler.go:1649	have all messages and processed	{"{round 20 3  <nil>}": {"Key":"self","Type":15,"Integer":0,"String":"c","Interface":null}}
2025-08-15T22:13:35.127-0500	DEBUG	protocol/handler.go:596	round already finalized
2025-08-15T22:13:35.128-0500	DEBUG	protocol/handler.go:581	tryAdvanceRound called	{"{current_round 20 3  <nil>}": {"Key":"self","Type":15,"Integer":0,"String":"b","Interface":null}}
2025-08-15T22:13:35.128-0500	DEBUG	protocol/handler.go:1591	have processed broadcast	{"{round 20 3  <nil>}": {"Key":"from","Type":15,"Integer":0,"String":"a","Interface":null}}
2025-08-15T22:13:35.128-0500	DEBUG	protocol/handler.go:1591	have processed broadcast	{"{round 20 3  <nil>}": {"Key":"from","Type":15,"Integer":0,"String":"c","Interface":null}}
2025-08-15T22:13:35.128-0500	DEBUG	protocol/handler.go:1649	have all messages and processed	{"{round 20 3  <nil>}": {"Key":"self","Type":15,"Integer":0,"String":"b","Interface":null}}
2025-08-15T22:13:35.128-0500	DEBUG	protocol/handler.go:596	round already finalized
2025-08-15T22:13:35.128-0500	DEBUG	protocol/handler.go:581	tryAdvanceRound called	{"{current_round 20 3  <nil>}": {"Key":"self","Type":15,"Integer":0,"String":"a","Interface":null}}
2025-08-15T22:13:35.129-0500	DEBUG	protocol/handler.go:1591	have processed broadcast	{"{round 20 3  <nil>}": {"Key":"from","Type":15,"Integer":0,"String":"b","Interface":null}}
2025-08-15T22:13:35.129-0500	DEBUG	protocol/handler.go:1591	have processed broadcast	{"{round 20 3  <nil>}": {"Key":"from","Type":15,"Integer":0,"String":"c","Interface":null}}
2025-08-15T22:13:35.129-0500	DEBUG	protocol/handler.go:1649	have all messages and processed	{"{round 20 3  <nil>}": {"Key":"self","Type":15,"Integer":0,"String":"a","Interface":null}}
2025-08-15T22:13:35.129-0500	DEBUG	protocol/handler.go:596	round already finalized
2025-08-15T22:13:35.151-0500	DEBUG	protocol/handler.go:581	tryAdvanceRound called	{"{current_round 20 3  <nil>}": {"Key":"self","Type":15,"Integer":0,"String":"c","Interface":null}}
2025-08-15T22:13:35.151-0500	DEBUG	protocol/handler.go:1591	have processed broadcast	{"{round 20 3  <nil>}": {"Key":"from","Type":15,"Integer":0,"String":"a","Interface":null}}
2025-08-15T22:13:35.155-0500	DEBUG	protocol/handler.go:1591	have processed broadcast	{"{round 20 3  <nil>}": {"Key":"from","Type":15,"Integer":0,"String":"b","Interface":null}}
2025-08-15T22:13:35.155-0500	DEBUG	protocol/handler.go:1649	have all messages and processed	{"{round 20 3  <nil>}": {"Key":"self","Type":15,"Integer":0,"String":"c","Interface":null}}
2025-08-15T22:13:35.155-0500	DEBUG	protocol/handler.go:596	round already finalized
2025-08-15T22:13:35.169-0500	DEBUG	protocol/handler.go:581	tryAdvanceRound called	{"{current_round 20 3  <nil>}": {"Key":"self","Type":15,"Integer":0,"String":"b","Interface":null}}
2025-08-15T22:13:35.169-0500	DEBUG	protocol/handler.go:1591	have processed broadcast	{"{round 20 3  <nil>}": {"Key":"from","Type":15,"Integer":0,"String":"a","Interface":null}}
2025-08-15T22:13:35.169-0500	DEBUG	protocol/handler.go:1591	have processed broadcast	{"{round 20 3  <nil>}": {"Key":"from","Type":15,"Integer":0,"String":"c","Interface":null}}
2025-08-15T22:13:35.169-0500	DEBUG	protocol/handler.go:1649	have all messages and processed	{"{round 20 3  <nil>}": {"Key":"self","Type":15,"Integer":0,"String":"b","Interface":null}}
2025-08-15T22:13:35.169-0500	DEBUG	protocol/handler.go:596	round already finalized
2025-08-15T22:13:35.169-0500	DEBUG	protocol/handler.go:581	tryAdvanceRound called	{"{current_round 20 3  <nil>}": {"Key":"self","Type":15,"Integer":0,"String":"b","Interface":null}}
2025-08-15T22:13:35.169-0500	DEBUG	protocol/handler.go:1591	have processed broadcast	{"{round 20 3  <nil>}": {"Key":"from","Type":15,"Integer":0,"String":"a","Interface":null}}
2025-08-15T22:13:35.169-0500	DEBUG	protocol/handler.go:1591	have processed broadcast	{"{round 20 3  <nil>}": {"Key":"from","Type":15,"Integer":0,"String":"c","Interface":null}}
2025-08-15T22:13:35.169-0500	DEBUG	protocol/handler.go:1649	have all messages and processed	{"{round 20 3  <nil>}": {"Key":"self","Type":15,"Integer":0,"String":"b","Interface":null}}
2025-08-15T22:13:35.169-0500	DEBUG	protocol/handler.go:596	round already finalized
2025-08-15T22:13:35.169-0500	DEBUG	protocol/handler.go:581	tryAdvanceRound called	{"{current_round 20 3  <nil>}": {"Key":"self","Type":15,"Integer":0,"String":"a","Interface":null}}
2025-08-15T22:13:35.169-0500	DEBUG	protocol/handler.go:1591	have processed broadcast	{"{round 20 3  <nil>}": {"Key":"from","Type":15,"Integer":0,"String":"b","Interface":null}}
2025-08-15T22:13:35.170-0500	DEBUG	protocol/handler.go:1591	have processed broadcast	{"{round 20 3  <nil>}": {"Key":"from","Type":15,"Integer":0,"String":"c","Interface":null}}
2025-08-15T22:13:35.170-0500	DEBUG	protocol/handler.go:1649	have all messages and processed	{"{round 20 3  <nil>}": {"Key":"self","Type":15,"Integer":0,"String":"a","Interface":null}}
2025-08-15T22:13:35.170-0500	DEBUG	protocol/handler.go:596	round already finalized
2025-08-15T22:13:35.170-0500	DEBUG	protocol/handler.go:581	tryAdvanceRound called	{"{current_round 20 3  <nil>}": {"Key":"self","Type":15,"Integer":0,"String":"a","Interface":null}}
2025-08-15T22:13:35.170-0500	DEBUG	protocol/handler.go:1591	have processed broadcast	{"{round 20 3  <nil>}": {"Key":"from","Type":15,"Integer":0,"String":"b","Interface":null}}
2025-08-15T22:13:35.170-0500	DEBUG	protocol/handler.go:1591	have processed broadcast	{"{round 20 3  <nil>}": {"Key":"from","Type":15,"Integer":0,"String":"c","Interface":null}}
2025-08-15T22:13:35.170-0500	DEBUG	protocol/handler.go:1649	have all messages and processed	{"{round 20 3  <nil>}": {"Key":"self","Type":15,"Integer":0,"String":"a","Interface":null}}
2025-08-15T22:13:35.170-0500	DEBUG	protocol/handler.go:596	round already finalized
2025-08-15T22:13:35.170-0500	DEBUG	protocol/handler.go:581	tryAdvanceRound called	{"{current_round 20 3  <nil>}": {"Key":"self","Type":15,"Integer":0,"String":"b","Interface":null}}
2025-08-15T22:13:35.174-0500	DEBUG	protocol/handler.go:1591	have processed broadcast	{"{round 20 3  <nil>}": {"Key":"from","Type":15,"Integer":0,"String":"a","Interface":null}}
2025-08-15T22:13:35.174-0500	DEBUG	protocol/handler.go:1591	have processed broadcast	{"{round 20 3  <nil>}": {"Key":"from","Type":15,"Integer":0,"String":"c","Interface":null}}
2025-08-15T22:13:35.174-0500	DEBUG	protocol/handler.go:1649	have all messages and processed	{"{round 20 3  <nil>}": {"Key":"self","Type":15,"Integer":0,"String":"b","Interface":null}}
2025-08-15T22:13:35.174-0500	DEBUG	protocol/handler.go:596	round already finalized
2025-08-15T22:13:35.174-0500	DEBUG	protocol/handler.go:581	tryAdvanceRound called	{"{current_round 20 3  <nil>}": {"Key":"self","Type":15,"Integer":0,"String":"c","Interface":null}}
2025-08-15T22:13:35.174-0500	DEBUG	protocol/handler.go:1591	have processed broadcast	{"{round 20 3  <nil>}": {"Key":"from","Type":15,"Integer":0,"String":"a","Interface":null}}
2025-08-15T22:13:35.174-0500	DEBUG	protocol/handler.go:1591	have processed broadcast	{"{round 20 3  <nil>}": {"Key":"from","Type":15,"Integer":0,"String":"b","Interface":null}}
2025-08-15T22:13:35.174-0500	DEBUG	protocol/handler.go:1649	have all messages and processed	{"{round 20 3  <nil>}": {"Key":"self","Type":15,"Integer":0,"String":"c","Interface":null}}
2025-08-15T22:13:35.174-0500	DEBUG	protocol/handler.go:596	round already finalized
2025-08-15T22:13:35.174-0500	DEBUG	protocol/handler.go:581	tryAdvanceRound called	{"{current_round 20 3  <nil>}": {"Key":"self","Type":15,"Integer":0,"String":"c","Interface":null}}
2025-08-15T22:13:35.174-0500	DEBUG	protocol/handler.go:1591	have processed broadcast	{"{round 20 3  <nil>}": {"Key":"from","Type":15,"Integer":0,"String":"a","Interface":null}}
2025-08-15T22:13:35.174-0500	DEBUG	protocol/handler.go:1591	have processed broadcast	{"{round 20 3  <nil>}": {"Key":"from","Type":15,"Integer":0,"String":"b","Interface":null}}
2025-08-15T22:13:35.174-0500	DEBUG	protocol/handler.go:1649	have all messages and processed	{"{round 20 3  <nil>}": {"Key":"self","Type":15,"Integer":0,"String":"c","Interface":null}}
2025-08-15T22:13:35.174-0500	DEBUG	protocol/handler.go:596	round already finalized
2025-08-15T22:13:35.190-0500	DEBUG	protocol/handler.go:581	tryAdvanceRound called	{"{current_round 20 3  <nil>}": {"Key":"self","Type":15,"Integer":0,"String":"c","Interface":null}}
2025-08-15T22:13:35.190-0500	DEBUG	protocol/handler.go:1591	have processed broadcast	{"{round 20 3  <nil>}": {"Key":"from","Type":15,"Integer":0,"String":"a","Interface":null}}
2025-08-15T22:13:35.190-0500	DEBUG	protocol/handler.go:1591	have processed broadcast	{"{round 20 3  <nil>}": {"Key":"from","Type":15,"Integer":0,"String":"b","Interface":null}}
2025-08-15T22:13:35.190-0500	DEBUG	protocol/handler.go:1649	have all messages and processed	{"{round 20 3  <nil>}": {"Key":"self","Type":15,"Integer":0,"String":"c","Interface":null}}
2025-08-15T22:13:35.191-0500	DEBUG	protocol/handler.go:596	round already finalized
2025-08-15T22:13:35.195-0500	DEBUG	protocol/handler.go:581	tryAdvanceRound called	{"{current_round 20 3  <nil>}": {"Key":"self","Type":15,"Integer":0,"String":"a","Interface":null}}
2025-08-15T22:13:35.196-0500	DEBUG	protocol/handler.go:1591	have processed broadcast	{"{round 20 3  <nil>}": {"Key":"from","Type":15,"Integer":0,"String":"b","Interface":null}}
2025-08-15T22:13:35.196-0500	DEBUG	protocol/handler.go:1591	have processed broadcast	{"{round 20 3  <nil>}": {"Key":"from","Type":15,"Integer":0,"String":"c","Interface":null}}
2025-08-15T22:13:35.196-0500	DEBUG	protocol/handler.go:1649	have all messages and processed	{"{round 20 3  <nil>}": {"Key":"self","Type":15,"Integer":0,"String":"a","Interface":null}}
2025-08-15T22:13:35.196-0500	DEBUG	protocol/handler.go:596	round already finalized
2025-08-15T22:13:35.196-0500	DEBUG	protocol/handler.go:581	tryAdvanceRound called	{"{current_round 20 3  <nil>}": {"Key":"self","Type":15,"Integer":0,"String":"b","Interface":null}}
2025-08-15T22:13:35.196-0500	DEBUG	protocol/handler.go:1591	have processed broadcast	{"{round 20 3  <nil>}": {"Key":"from","Type":15,"Integer":0,"String":"a","Interface":null}}
2025-08-15T22:13:35.196-0500	DEBUG	protocol/handler.go:1591	have processed broadcast	{"{round 20 3  <nil>}": {"Key":"from","Type":15,"Integer":0,"String":"c","Interface":null}}
2025-08-15T22:13:35.196-0500	DEBUG	protocol/handler.go:1649	have all messages and processed	{"{round 20 3  <nil>}": {"Key":"self","Type":15,"Integer":0,"String":"b","Interface":null}}
2025-08-15T22:13:35.196-0500	DEBUG	protocol/handler.go:596	round already finalized
2025-08-15T22:13:35.196-0500	DEBUG	protocol/handler.go:581	tryAdvanceRound called	{"{current_round 20 3  <nil>}": {"Key":"self","Type":15,"Integer":0,"String":"b","Interface":null}}
2025-08-15T22:13:35.196-0500	DEBUG	protocol/handler.go:1591	have processed broadcast	{"{round 20 3  <nil>}": {"Key":"from","Type":15,"Integer":0,"String":"a","Interface":null}}
2025-08-15T22:13:35.196-0500	DEBUG	protocol/handler.go:1591	have processed broadcast	{"{round 20 3  <nil>}": {"Key":"from","Type":15,"Integer":0,"String":"c","Interface":null}}
2025-08-15T22:13:35.196-0500	DEBUG	protocol/handler.go:1649	have all messages and processed	{"{round 20 3  <nil>}": {"Key":"self","Type":15,"Integer":0,"String":"b","Interface":null}}
2025-08-15T22:13:35.196-0500	DEBUG	protocol/handler.go:596	round already finalized
2025-08-15T22:13:35.196-0500	DEBUG	protocol/handler.go:581	tryAdvanceRound called	{"{current_round 20 3  <nil>}": {"Key":"self","Type":15,"Integer":0,"String":"c","Interface":null}}
2025-08-15T22:13:35.196-0500	DEBUG	protocol/handler.go:1591	have processed broadcast	{"{round 20 3  <nil>}": {"Key":"from","Type":15,"Integer":0,"String":"a","Interface":null}}
2025-08-15T22:13:35.196-0500	DEBUG	protocol/handler.go:1591	have processed broadcast	{"{round 20 3  <nil>}": {"Key":"from","Type":15,"Integer":0,"String":"b","Interface":null}}
2025-08-15T22:13:35.196-0500	DEBUG	protocol/handler.go:1649	have all messages and processed	{"{round 20 3  <nil>}": {"Key":"self","Type":15,"Integer":0,"String":"c","Interface":null}}
2025-08-15T22:13:35.196-0500	DEBUG	protocol/handler.go:596	round already finalized
2025-08-15T22:13:35.196-0500	DEBUG	protocol/handler.go:581	tryAdvanceRound called	{"{current_round 20 3  <nil>}": {"Key":"self","Type":15,"Integer":0,"String":"a","Interface":null}}
2025-08-15T22:13:35.196-0500	DEBUG	protocol/handler.go:1591	have processed broadcast	{"{round 20 3  <nil>}": {"Key":"from","Type":15,"Integer":0,"String":"b","Interface":null}}
2025-08-15T22:13:35.196-0500	DEBUG	protocol/handler.go:1591	have processed broadcast	{"{round 20 3  <nil>}": {"Key":"from","Type":15,"Integer":0,"String":"c","Interface":null}}
2025-08-15T22:13:35.197-0500	DEBUG	protocol/handler.go:1649	have all messages and processed	{"{round 20 3  <nil>}": {"Key":"self","Type":15,"Integer":0,"String":"a","Interface":null}}
2025-08-15T22:13:35.197-0500	DEBUG	protocol/handler.go:596	round already finalized
2025-08-15T22:13:35.214-0500	DEBUG	protocol/handler.go:581	tryAdvanceRound called	{"{current_round 20 3  <nil>}": {"Key":"self","Type":15,"Integer":0,"String":"a","Interface":null}}
2025-08-15T22:13:35.214-0500	DEBUG	protocol/handler.go:1591	have processed broadcast	{"{round 20 3  <nil>}": {"Key":"from","Type":15,"Integer":0,"String":"b","Interface":null}}
2025-08-15T22:13:35.214-0500	DEBUG	protocol/handler.go:1591	have processed broadcast	{"{round 20 3  <nil>}": {"Key":"from","Type":15,"Integer":0,"String":"c","Interface":null}}
2025-08-15T22:13:35.214-0500	DEBUG	protocol/handler.go:1649	have all messages and processed	{"{round 20 3  <nil>}": {"Key":"self","Type":15,"Integer":0,"String":"a","Interface":null}}
2025-08-15T22:13:35.214-0500	DEBUG	protocol/handler.go:596	round already finalized
2025-08-15T22:13:35.214-0500	DEBUG	protocol/handler.go:581	tryAdvanceRound called	{"{current_round 20 3  <nil>}": {"Key":"self","Type":15,"Integer":0,"String":"c","Interface":null}}
2025-08-15T22:13:35.214-0500	DEBUG	protocol/handler.go:1591	have processed broadcast	{"{round 20 3  <nil>}": {"Key":"from","Type":15,"Integer":0,"String":"a","Interface":null}}
2025-08-15T22:13:35.214-0500	DEBUG	protocol/handler.go:1591	have processed broadcast	{"{round 20 3  <nil>}": {"Key":"from","Type":15,"Integer":0,"String":"b","Interface":null}}
2025-08-15T22:13:35.214-0500	DEBUG	protocol/handler.go:1649	have all messages and processed	{"{round 20 3  <nil>}": {"Key":"self","Type":15,"Integer":0,"String":"c","Interface":null}}
2025-08-15T22:13:35.214-0500	DEBUG	protocol/handler.go:596	round already finalized
2025-08-15T22:13:35.235-0500	DEBUG	protocol/handler.go:581	tryAdvanceRound called	{"{current_round 20 3  <nil>}": {"Key":"self","Type":15,"Integer":0,"String":"c","Interface":null}}
2025-08-15T22:13:35.235-0500	DEBUG	protocol/handler.go:1591	have processed broadcast	{"{round 20 3  <nil>}": {"Key":"from","Type":15,"Integer":0,"String":"a","Interface":null}}
2025-08-15T22:13:35.236-0500	DEBUG	protocol/handler.go:581	tryAdvanceRound called	{"{current_round 20 3  <nil>}": {"Key":"self","Type":15,"Integer":0,"String":"b","Interface":null}}
2025-08-15T22:13:35.236-0500	DEBUG	protocol/handler.go:1591	have processed broadcast	{"{round 20 3  <nil>}": {"Key":"from","Type":15,"Integer":0,"String":"a","Interface":null}}
2025-08-15T22:13:35.236-0500	DEBUG	protocol/handler.go:1591	have processed broadcast	{"{round 20 3  <nil>}": {"Key":"from","Type":15,"Integer":0,"String":"c","Interface":null}}
2025-08-15T22:13:35.236-0500	DEBUG	protocol/handler.go:1649	have all messages and processed	{"{round 20 3  <nil>}": {"Key":"self","Type":15,"Integer":0,"String":"b","Interface":null}}
2025-08-15T22:13:35.236-0500	DEBUG	protocol/handler.go:596	round already finalized
2025-08-15T22:13:35.236-0500	DEBUG	protocol/handler.go:581	tryAdvanceRound called	{"{current_round 20 3  <nil>}": {"Key":"self","Type":15,"Integer":0,"String":"b","Interface":null}}
2025-08-15T22:13:35.236-0500	DEBUG	protocol/handler.go:1591	have processed broadcast	{"{round 20 3  <nil>}": {"Key":"from","Type":15,"Integer":0,"String":"a","Interface":null}}
2025-08-15T22:13:35.236-0500	DEBUG	protocol/handler.go:1591	have processed broadcast	{"{round 20 3  <nil>}": {"Key":"from","Type":15,"Integer":0,"String":"c","Interface":null}}
2025-08-15T22:13:35.236-0500	DEBUG	protocol/handler.go:1649	have all messages and processed	{"{round 20 3  <nil>}": {"Key":"self","Type":15,"Integer":0,"String":"b","Interface":null}}
2025-08-15T22:13:35.236-0500	DEBUG	protocol/handler.go:596	round already finalized
2025-08-15T22:13:35.236-0500	DEBUG	protocol/handler.go:1591	have processed broadcast	{"{round 20 3  <nil>}": {"Key":"from","Type":15,"Integer":0,"String":"b","Interface":null}}
2025-08-15T22:13:35.236-0500	DEBUG	protocol/handler.go:581	tryAdvanceRound called	{"{current_round 20 3  <nil>}": {"Key":"self","Type":15,"Integer":0,"String":"a","Interface":null}}
2025-08-15T22:13:35.236-0500	DEBUG	protocol/handler.go:1649	have all messages and processed	{"{round 20 3  <nil>}": {"Key":"self","Type":15,"Integer":0,"String":"c","Interface":null}}
2025-08-15T22:13:35.236-0500	DEBUG	protocol/handler.go:1591	have processed broadcast	{"{round 20 3  <nil>}": {"Key":"from","Type":15,"Integer":0,"String":"b","Interface":null}}
2025-08-15T22:13:35.236-0500	DEBUG	protocol/handler.go:596	round already finalized
2025-08-15T22:13:35.236-0500	DEBUG	protocol/handler.go:1591	have processed broadcast	{"{round 20 3  <nil>}": {"Key":"from","Type":15,"Integer":0,"String":"c","Interface":null}}
2025-08-15T22:13:35.236-0500	DEBUG	protocol/handler.go:1649	have all messages and processed	{"{round 20 3  <nil>}": {"Key":"self","Type":15,"Integer":0,"String":"a","Interface":null}}
2025-08-15T22:13:35.236-0500	DEBUG	protocol/handler.go:596	round already finalized
2025-08-15T22:13:35.237-0500	DEBUG	protocol/handler.go:581	tryAdvanceRound called	{"{current_round 20 3  <nil>}": {"Key":"self","Type":15,"Integer":0,"String":"a","Interface":null}}
2025-08-15T22:13:35.237-0500	DEBUG	protocol/handler.go:1591	have processed broadcast	{"{round 20 3  <nil>}": {"Key":"from","Type":15,"Integer":0,"String":"b","Interface":null}}
2025-08-15T22:13:35.255-0500	DEBUG	protocol/handler.go:1591	have processed broadcast	{"{round 20 3  <nil>}": {"Key":"from","Type":15,"Integer":0,"String":"c","Interface":null}}
2025-08-15T22:13:35.256-0500	DEBUG	protocol/handler.go:1649	have all messages and processed	{"{round 20 3  <nil>}": {"Key":"self","Type":15,"Integer":0,"String":"a","Interface":null}}
2025-08-15T22:13:35.256-0500	DEBUG	protocol/handler.go:596	round already finalized
2025-08-15T22:13:35.256-0500	DEBUG	protocol/handler.go:581	tryAdvanceRound called	{"{current_round 20 3  <nil>}": {"Key":"self","Type":15,"Integer":0,"String":"a","Interface":null}}
2025-08-15T22:13:35.256-0500	DEBUG	protocol/handler.go:1591	have processed broadcast	{"{round 20 3  <nil>}": {"Key":"from","Type":15,"Integer":0,"String":"b","Interface":null}}
2025-08-15T22:13:35.256-0500	DEBUG	protocol/handler.go:1591	have processed broadcast	{"{round 20 3  <nil>}": {"Key":"from","Type":15,"Integer":0,"String":"c","Interface":null}}
2025-08-15T22:13:35.256-0500	DEBUG	protocol/handler.go:1649	have all messages and processed	{"{round 20 3  <nil>}": {"Key":"self","Type":15,"Integer":0,"String":"a","Interface":null}}
2025-08-15T22:13:35.257-0500	DEBUG	protocol/handler.go:596	round already finalized
2025-08-15T22:13:35.260-0500	DEBUG	protocol/handler.go:581	tryAdvanceRound called	{"{current_round 20 3  <nil>}": {"Key":"self","Type":15,"Integer":0,"String":"c","Interface":null}}
2025-08-15T22:13:35.261-0500	DEBUG	protocol/handler.go:1591	have processed broadcast	{"{round 20 3  <nil>}": {"Key":"from","Type":15,"Integer":0,"String":"a","Interface":null}}
2025-08-15T22:13:35.261-0500	DEBUG	protocol/handler.go:1591	have processed broadcast	{"{round 20 3  <nil>}": {"Key":"from","Type":15,"Integer":0,"String":"b","Interface":null}}
2025-08-15T22:13:35.261-0500	DEBUG	protocol/handler.go:1649	have all messages and processed	{"{round 20 3  <nil>}": {"Key":"self","Type":15,"Integer":0,"String":"c","Interface":null}}
2025-08-15T22:13:35.261-0500	DEBUG	protocol/handler.go:596	round already finalized
2025-08-15T22:13:35.262-0500	DEBUG	protocol/handler.go:581	tryAdvanceRound called	{"{current_round 20 3  <nil>}": {"Key":"self","Type":15,"Integer":0,"String":"c","Interface":null}}
2025-08-15T22:13:35.262-0500	DEBUG	protocol/handler.go:1591	have processed broadcast	{"{round 20 3  <nil>}": {"Key":"from","Type":15,"Integer":0,"String":"a","Interface":null}}
2025-08-15T22:13:35.262-0500	DEBUG	protocol/handler.go:1591	have processed broadcast	{"{round 20 3  <nil>}": {"Key":"from","Type":15,"Integer":0,"String":"b","Interface":null}}
2025-08-15T22:13:35.262-0500	DEBUG	protocol/handler.go:1649	have all messages and processed	{"{round 20 3  <nil>}": {"Key":"self","Type":15,"Integer":0,"String":"c","Interface":null}}
2025-08-15T22:13:35.262-0500	DEBUG	protocol/handler.go:596	round already finalized
2025-08-15T22:13:35.262-0500	DEBUG	protocol/handler.go:581	tryAdvanceRound called	{"{current_round 20 3  <nil>}": {"Key":"self","Type":15,"Integer":0,"String":"b","Interface":null}}
2025-08-15T22:13:35.263-0500	DEBUG	protocol/handler.go:1591	have processed broadcast	{"{round 20 3  <nil>}": {"Key":"from","Type":15,"Integer":0,"String":"a","Interface":null}}
2025-08-15T22:13:35.263-0500	DEBUG	protocol/handler.go:1591	have processed broadcast	{"{round 20 3  <nil>}": {"Key":"from","Type":15,"Integer":0,"String":"c","Interface":null}}
2025-08-15T22:13:35.263-0500	DEBUG	protocol/handler.go:1649	have all messages and processed	{"{round 20 3  <nil>}": {"Key":"self","Type":15,"Integer":0,"String":"b","Interface":null}}
2025-08-15T22:13:35.263-0500	DEBUG	protocol/handler.go:596	round already finalized
2025-08-15T22:13:35.263-0500	DEBUG	protocol/handler.go:581	tryAdvanceRound called	{"{current_round 20 3  <nil>}": {"Key":"self","Type":15,"Integer":0,"String":"b","Interface":null}}
2025-08-15T22:13:35.263-0500	DEBUG	protocol/handler.go:1591	have processed broadcast	{"{round 20 3  <nil>}": {"Key":"from","Type":15,"Integer":0,"String":"a","Interface":null}}
2025-08-15T22:13:35.264-0500	DEBUG	protocol/handler.go:1591	have processed broadcast	{"{round 20 3  <nil>}": {"Key":"from","Type":15,"Integer":0,"String":"c","Interface":null}}
2025-08-15T22:13:35.264-0500	DEBUG	protocol/handler.go:1649	have all messages and processed	{"{round 20 3  <nil>}": {"Key":"self","Type":15,"Integer":0,"String":"b","Interface":null}}
2025-08-15T22:13:35.264-0500	DEBUG	protocol/handler.go:596	round already finalized
2025-08-15T22:13:35.264-0500	DEBUG	protocol/handler.go:581	tryAdvanceRound called	{"{current_round 20 3  <nil>}": {"Key":"self","Type":15,"Integer":0,"String":"a","Interface":null}}
2025-08-15T22:13:35.264-0500	DEBUG	protocol/handler.go:1591	have processed broadcast	{"{round 20 3  <nil>}": {"Key":"from","Type":15,"Integer":0,"String":"b","Interface":null}}
2025-08-15T22:13:35.264-0500	DEBUG	protocol/handler.go:1591	have processed broadcast	{"{round 20 3  <nil>}": {"Key":"from","Type":15,"Integer":0,"String":"c","Interface":null}}
2025-08-15T22:13:35.264-0500	DEBUG	protocol/handler.go:1649	have all messages and processed	{"{round 20 3  <nil>}": {"Key":"self","Type":15,"Integer":0,"String":"a","Interface":null}}
2025-08-15T22:13:35.265-0500	DEBUG	protocol/handler.go:596	round already finalized
2025-08-15T22:13:35.298-0500	DEBUG	protocol/handler.go:581	tryAdvanceRound called	{"{current_round 20 3  <nil>}": {"Key":"self","Type":15,"Integer":0,"String":"b","Interface":null}}
2025-08-15T22:13:35.298-0500	DEBUG	protocol/handler.go:581	tryAdvanceRound called	{"{current_round 20 3  <nil>}": {"Key":"self","Type":15,"Integer":0,"String":"c","Interface":null}}
2025-08-15T22:13:35.298-0500	DEBUG	protocol/handler.go:1591	have processed broadcast	{"{round 20 3  <nil>}": {"Key":"from","Type":15,"Integer":0,"String":"a","Interface":null}}
2025-08-15T22:13:35.298-0500	DEBUG	protocol/handler.go:1591	have processed broadcast	{"{round 20 3  <nil>}": {"Key":"from","Type":15,"Integer":0,"String":"b","Interface":null}}
2025-08-15T22:13:35.298-0500	DEBUG	protocol/handler.go:1649	have all messages and processed	{"{round 20 3  <nil>}": {"Key":"self","Type":15,"Integer":0,"String":"c","Interface":null}}
2025-08-15T22:13:35.298-0500	DEBUG	protocol/handler.go:596	round already finalized
2025-08-15T22:13:35.298-0500	DEBUG	protocol/handler.go:581	tryAdvanceRound called	{"{current_round 20 3  <nil>}": {"Key":"self","Type":15,"Integer":0,"String":"c","Interface":null}}
2025-08-15T22:13:35.298-0500	DEBUG	protocol/handler.go:1591	have processed broadcast	{"{round 20 3  <nil>}": {"Key":"from","Type":15,"Integer":0,"String":"a","Interface":null}}
2025-08-15T22:13:35.300-0500	DEBUG	protocol/handler.go:581	tryAdvanceRound called	{"{current_round 20 3  <nil>}": {"Key":"self","Type":15,"Integer":0,"String":"a","Interface":null}}
2025-08-15T22:13:35.298-0500	DEBUG	protocol/handler.go:1591	have processed broadcast	{"{round 20 3  <nil>}": {"Key":"from","Type":15,"Integer":0,"String":"a","Interface":null}}
2025-08-15T22:13:35.300-0500	DEBUG	protocol/handler.go:1591	have processed broadcast	{"{round 20 3  <nil>}": {"Key":"from","Type":15,"Integer":0,"String":"c","Interface":null}}
2025-08-15T22:13:35.300-0500	DEBUG	protocol/handler.go:1649	have all messages and processed	{"{round 20 3  <nil>}": {"Key":"self","Type":15,"Integer":0,"String":"b","Interface":null}}
2025-08-15T22:13:35.300-0500	DEBUG	protocol/handler.go:596	round already finalized
2025-08-15T22:13:35.298-0500	DEBUG	protocol/handler.go:1591	have processed broadcast	{"{round 20 3  <nil>}": {"Key":"from","Type":15,"Integer":0,"String":"b","Interface":null}}
2025-08-15T22:13:35.300-0500	DEBUG	protocol/handler.go:1649	have all messages and processed	{"{round 20 3  <nil>}": {"Key":"self","Type":15,"Integer":0,"String":"c","Interface":null}}
2025-08-15T22:13:35.302-0500	DEBUG	protocol/handler.go:596	round already finalized
2025-08-15T22:13:35.302-0500	DEBUG	protocol/handler.go:581	tryAdvanceRound called	{"{current_round 20 3  <nil>}": {"Key":"self","Type":15,"Integer":0,"String":"c","Interface":null}}
2025-08-15T22:13:35.302-0500	DEBUG	protocol/handler.go:1591	have processed broadcast	{"{round 20 3  <nil>}": {"Key":"from","Type":15,"Integer":0,"String":"a","Interface":null}}
2025-08-15T22:13:35.302-0500	DEBUG	protocol/handler.go:1591	have processed broadcast	{"{round 20 3  <nil>}": {"Key":"from","Type":15,"Integer":0,"String":"b","Interface":null}}
2025-08-15T22:13:35.302-0500	DEBUG	protocol/handler.go:1649	have all messages and processed	{"{round 20 3  <nil>}": {"Key":"self","Type":15,"Integer":0,"String":"c","Interface":null}}
2025-08-15T22:13:35.300-0500	DEBUG	protocol/handler.go:581	tryAdvanceRound called	{"{current_round 20 3  <nil>}": {"Key":"self","Type":15,"Integer":0,"String":"b","Interface":null}}
2025-08-15T22:13:35.302-0500	DEBUG	protocol/handler.go:596	round already finalized
2025-08-15T22:13:35.300-0500	DEBUG	protocol/handler.go:1591	have processed broadcast	{"{round 20 3  <nil>}": {"Key":"from","Type":15,"Integer":0,"String":"b","Interface":null}}
2025-08-15T22:13:35.304-0500	DEBUG	protocol/handler.go:1591	have processed broadcast	{"{round 20 3  <nil>}": {"Key":"from","Type":15,"Integer":0,"String":"a","Interface":null}}
2025-08-15T22:13:35.304-0500	DEBUG	protocol/handler.go:1591	have processed broadcast	{"{round 20 3  <nil>}": {"Key":"from","Type":15,"Integer":0,"String":"c","Interface":null}}
2025-08-15T22:13:35.304-0500	DEBUG	protocol/handler.go:1649	have all messages and processed	{"{round 20 3  <nil>}": {"Key":"self","Type":15,"Integer":0,"String":"b","Interface":null}}
2025-08-15T22:13:35.304-0500	DEBUG	protocol/handler.go:596	round already finalized
2025-08-15T22:13:35.304-0500	DEBUG	protocol/handler.go:581	tryAdvanceRound called	{"{current_round 20 3  <nil>}": {"Key":"self","Type":15,"Integer":0,"String":"b","Interface":null}}
2025-08-15T22:13:35.304-0500	DEBUG	protocol/handler.go:1591	have processed broadcast	{"{round 20 3  <nil>}": {"Key":"from","Type":15,"Integer":0,"String":"a","Interface":null}}
2025-08-15T22:13:35.320-0500	DEBUG	protocol/handler.go:1591	have processed broadcast	{"{round 20 3  <nil>}": {"Key":"from","Type":15,"Integer":0,"String":"c","Interface":null}}
2025-08-15T22:13:35.320-0500	DEBUG	protocol/handler.go:1649	have all messages and processed	{"{round 20 3  <nil>}": {"Key":"self","Type":15,"Integer":0,"String":"b","Interface":null}}
2025-08-15T22:13:35.320-0500	DEBUG	protocol/handler.go:596	round already finalized
2025-08-15T22:13:35.320-0500	DEBUG	protocol/handler.go:581	tryAdvanceRound called	{"{current_round 20 3  <nil>}": {"Key":"self","Type":15,"Integer":0,"String":"b","Interface":null}}
2025-08-15T22:13:35.320-0500	DEBUG	protocol/handler.go:1591	have processed broadcast	{"{round 20 3  <nil>}": {"Key":"from","Type":15,"Integer":0,"String":"a","Interface":null}}
2025-08-15T22:13:35.320-0500	DEBUG	protocol/handler.go:1591	have processed broadcast	{"{round 20 3  <nil>}": {"Key":"from","Type":15,"Integer":0,"String":"c","Interface":null}}
2025-08-15T22:13:35.320-0500	DEBUG	protocol/handler.go:1649	have all messages and processed	{"{round 20 3  <nil>}": {"Key":"self","Type":15,"Integer":0,"String":"b","Interface":null}}
2025-08-15T22:13:35.320-0500	DEBUG	protocol/handler.go:596	round already finalized
2025-08-15T22:13:35.304-0500	DEBUG	protocol/handler.go:1591	have processed broadcast	{"{round 20 3  <nil>}": {"Key":"from","Type":15,"Integer":0,"String":"c","Interface":null}}
2025-08-15T22:13:35.320-0500	DEBUG	protocol/handler.go:1649	have all messages and processed	{"{round 20 3  <nil>}": {"Key":"self","Type":15,"Integer":0,"String":"a","Interface":null}}
2025-08-15T22:13:35.320-0500	DEBUG	protocol/handler.go:596	round already finalized
2025-08-15T22:13:35.320-0500	DEBUG	protocol/handler.go:581	tryAdvanceRound called	{"{current_round 20 3  <nil>}": {"Key":"self","Type":15,"Integer":0,"String":"a","Interface":null}}
2025-08-15T22:13:35.320-0500	DEBUG	protocol/handler.go:1591	have processed broadcast	{"{round 20 3  <nil>}": {"Key":"from","Type":15,"Integer":0,"String":"b","Interface":null}}
2025-08-15T22:13:35.320-0500	DEBUG	protocol/handler.go:1591	have processed broadcast	{"{round 20 3  <nil>}": {"Key":"from","Type":15,"Integer":0,"String":"c","Interface":null}}
2025-08-15T22:13:35.320-0500	DEBUG	protocol/handler.go:1649	have all messages and processed	{"{round 20 3  <nil>}": {"Key":"self","Type":15,"Integer":0,"String":"a","Interface":null}}
2025-08-15T22:13:35.320-0500	DEBUG	protocol/handler.go:596	round already finalized
2025-08-15T22:13:35.346-0500	DEBUG	protocol/handler.go:581	tryAdvanceRound called	{"{current_round 20 3  <nil>}": {"Key":"self","Type":15,"Integer":0,"String":"a","Interface":null}}
2025-08-15T22:13:35.346-0500	DEBUG	protocol/handler.go:1591	have processed broadcast	{"{round 20 3  <nil>}": {"Key":"from","Type":15,"Integer":0,"String":"b","Interface":null}}
2025-08-15T22:13:35.346-0500	DEBUG	protocol/handler.go:1591	have processed broadcast	{"{round 20 3  <nil>}": {"Key":"from","Type":15,"Integer":0,"String":"c","Interface":null}}
2025-08-15T22:13:35.346-0500	DEBUG	protocol/handler.go:1649	have all messages and processed	{"{round 20 3  <nil>}": {"Key":"self","Type":15,"Integer":0,"String":"a","Interface":null}}
2025-08-15T22:13:35.346-0500	DEBUG	protocol/handler.go:596	round already finalized
2025-08-15T22:13:35.346-0500	DEBUG	protocol/handler.go:581	tryAdvanceRound called	{"{current_round 20 3  <nil>}": {"Key":"self","Type":15,"Integer":0,"String":"a","Interface":null}}
2025-08-15T22:13:35.346-0500	DEBUG	protocol/handler.go:1591	have processed broadcast	{"{round 20 3  <nil>}": {"Key":"from","Type":15,"Integer":0,"String":"b","Interface":null}}
2025-08-15T22:13:35.347-0500	DEBUG	protocol/handler.go:1591	have processed broadcast	{"{round 20 3  <nil>}": {"Key":"from","Type":15,"Integer":0,"String":"c","Interface":null}}
2025-08-15T22:13:35.347-0500	DEBUG	protocol/handler.go:1649	have all messages and processed	{"{round 20 3  <nil>}": {"Key":"self","Type":15,"Integer":0,"String":"a","Interface":null}}
2025-08-15T22:13:35.348-0500	DEBUG	protocol/handler.go:596	round already finalized
2025-08-15T22:13:35.347-0500	DEBUG	protocol/handler.go:581	tryAdvanceRound called	{"{current_round 20 3  <nil>}": {"Key":"self","Type":15,"Integer":0,"String":"c","Interface":null}}
2025-08-15T22:13:35.356-0500	DEBUG	protocol/handler.go:1591	have processed broadcast	{"{round 20 3  <nil>}": {"Key":"from","Type":15,"Integer":0,"String":"a","Interface":null}}
2025-08-15T22:13:35.356-0500	DEBUG	protocol/handler.go:1591	have processed broadcast	{"{round 20 3  <nil>}": {"Key":"from","Type":15,"Integer":0,"String":"b","Interface":null}}
2025-08-15T22:13:35.356-0500	DEBUG	protocol/handler.go:1649	have all messages and processed	{"{round 20 3  <nil>}": {"Key":"self","Type":15,"Integer":0,"String":"c","Interface":null}}
2025-08-15T22:13:35.356-0500	DEBUG	protocol/handler.go:596	round already finalized
2025-08-15T22:13:35.356-0500	DEBUG	protocol/handler.go:581	tryAdvanceRound called	{"{current_round 20 3  <nil>}": {"Key":"self","Type":15,"Integer":0,"String":"c","Interface":null}}
2025-08-15T22:13:35.359-0500	DEBUG	protocol/handler.go:1591	have processed broadcast	{"{round 20 3  <nil>}": {"Key":"from","Type":15,"Integer":0,"String":"a","Interface":null}}
2025-08-15T22:13:35.359-0500	DEBUG	protocol/handler.go:1591	have processed broadcast	{"{round 20 3  <nil>}": {"Key":"from","Type":15,"Integer":0,"String":"b","Interface":null}}
2025-08-15T22:13:35.359-0500	DEBUG	protocol/handler.go:1649	have all messages and processed	{"{round 20 3  <nil>}": {"Key":"self","Type":15,"Integer":0,"String":"c","Interface":null}}
2025-08-15T22:13:35.359-0500	DEBUG	protocol/handler.go:596	round already finalized
2025-08-15T22:13:35.414-0500	DEBUG	protocol/handler.go:581	tryAdvanceRound called	{"{current_round 20 3  <nil>}": {"Key":"self","Type":15,"Integer":0,"String":"c","Interface":null}}
2025-08-15T22:13:35.414-0500	DEBUG	protocol/handler.go:1591	have processed broadcast	{"{round 20 3  <nil>}": {"Key":"from","Type":15,"Integer":0,"String":"a","Interface":null}}
2025-08-15T22:13:35.414-0500	DEBUG	protocol/handler.go:1591	have processed broadcast	{"{round 20 3  <nil>}": {"Key":"from","Type":15,"Integer":0,"String":"b","Interface":null}}
2025-08-15T22:13:35.415-0500	DEBUG	protocol/handler.go:1649	have all messages and processed	{"{round 20 3  <nil>}": {"Key":"self","Type":15,"Integer":0,"String":"c","Interface":null}}
2025-08-15T22:13:35.415-0500	DEBUG	protocol/handler.go:596	round already finalized
2025-08-15T22:13:35.364-0500	DEBUG	protocol/handler.go:581	tryAdvanceRound called	{"{current_round 20 3  <nil>}": {"Key":"self","Type":15,"Integer":0,"String":"b","Interface":null}}
2025-08-15T22:13:35.415-0500	DEBUG	protocol/handler.go:1591	have processed broadcast	{"{round 20 3  <nil>}": {"Key":"from","Type":15,"Integer":0,"String":"a","Interface":null}}
2025-08-15T22:13:35.415-0500	DEBUG	protocol/handler.go:1591	have processed broadcast	{"{round 20 3  <nil>}": {"Key":"from","Type":15,"Integer":0,"String":"c","Interface":null}}
2025-08-15T22:13:35.415-0500	DEBUG	protocol/handler.go:1649	have all messages and processed	{"{round 20 3  <nil>}": {"Key":"self","Type":15,"Integer":0,"String":"b","Interface":null}}
2025-08-15T22:13:35.415-0500	DEBUG	protocol/handler.go:596	round already finalized
2025-08-15T22:13:35.415-0500	DEBUG	protocol/handler.go:581	tryAdvanceRound called	{"{current_round 20 3  <nil>}": {"Key":"self","Type":15,"Integer":0,"String":"b","Interface":null}}
2025-08-15T22:13:35.415-0500	DEBUG	protocol/handler.go:1591	have processed broadcast	{"{round 20 3  <nil>}": {"Key":"from","Type":15,"Integer":0,"String":"a","Interface":null}}
2025-08-15T22:13:35.416-0500	DEBUG	protocol/handler.go:1591	have processed broadcast	{"{round 20 3  <nil>}": {"Key":"from","Type":15,"Integer":0,"String":"c","Interface":null}}
2025-08-15T22:13:35.416-0500	DEBUG	protocol/handler.go:1649	have all messages and processed	{"{round 20 3  <nil>}": {"Key":"self","Type":15,"Integer":0,"String":"b","Interface":null}}
2025-08-15T22:13:35.416-0500	DEBUG	protocol/handler.go:596	round already finalized
2025-08-15T22:13:35.365-0500	DEBUG	protocol/handler.go:581	tryAdvanceRound called	{"{current_round 20 3  <nil>}": {"Key":"self","Type":15,"Integer":0,"String":"a","Interface":null}}
2025-08-15T22:13:35.416-0500	DEBUG	protocol/handler.go:1591	have processed broadcast	{"{round 20 3  <nil>}": {"Key":"from","Type":15,"Integer":0,"String":"b","Interface":null}}
2025-08-15T22:13:35.416-0500	DEBUG	protocol/handler.go:1591	have processed broadcast	{"{round 20 3  <nil>}": {"Key":"from","Type":15,"Integer":0,"String":"c","Interface":null}}
2025-08-15T22:13:35.416-0500	DEBUG	protocol/handler.go:1649	have all messages and processed	{"{round 20 3  <nil>}": {"Key":"self","Type":15,"Integer":0,"String":"a","Interface":null}}
2025-08-15T22:13:35.416-0500	DEBUG	protocol/handler.go:596	round already finalized
2025-08-15T22:13:35.416-0500	DEBUG	protocol/handler.go:581	tryAdvanceRound called	{"{current_round 20 3  <nil>}": {"Key":"self","Type":15,"Integer":0,"String":"a","Interface":null}}
2025-08-15T22:13:35.416-0500	DEBUG	protocol/handler.go:1591	have processed broadcast	{"{round 20 3  <nil>}": {"Key":"from","Type":15,"Integer":0,"String":"b","Interface":null}}
2025-08-15T22:13:35.416-0500	DEBUG	protocol/handler.go:1591	have processed broadcast	{"{round 20 3  <nil>}": {"Key":"from","Type":15,"Integer":0,"String":"c","Interface":null}}
2025-08-15T22:13:35.416-0500	DEBUG	protocol/handler.go:1649	have all messages and processed	{"{round 20 3  <nil>}": {"Key":"self","Type":15,"Integer":0,"String":"a","Interface":null}}
2025-08-15T22:13:35.416-0500	DEBUG	protocol/handler.go:596	round already finalized
2025-08-15T22:13:35.474-0500	DEBUG	protocol/handler.go:581	tryAdvanceRound called	{"{current_round 20 3  <nil>}": {"Key":"self","Type":15,"Integer":0,"String":"a","Interface":null}}
2025-08-15T22:13:35.474-0500	DEBUG	protocol/handler.go:1591	have processed broadcast	{"{round 20 3  <nil>}": {"Key":"from","Type":15,"Integer":0,"String":"b","Interface":null}}
2025-08-15T22:13:35.474-0500	DEBUG	protocol/handler.go:1591	have processed broadcast	{"{round 20 3  <nil>}": {"Key":"from","Type":15,"Integer":0,"String":"c","Interface":null}}
2025-08-15T22:13:35.474-0500	DEBUG	protocol/handler.go:1649	have all messages and processed	{"{round 20 3  <nil>}": {"Key":"self","Type":15,"Integer":0,"String":"a","Interface":null}}
2025-08-15T22:13:35.474-0500	DEBUG	protocol/handler.go:596	round already finalized
2025-08-15T22:13:35.474-0500	DEBUG	protocol/handler.go:581	tryAdvanceRound called	{"{current_round 20 3  <nil>}": {"Key":"self","Type":15,"Integer":0,"String":"a","Interface":null}}
2025-08-15T22:13:35.477-0500	DEBUG	protocol/handler.go:1591	have processed broadcast	{"{round 20 3  <nil>}": {"Key":"from","Type":15,"Integer":0,"String":"b","Interface":null}}
2025-08-15T22:13:35.477-0500	DEBUG	protocol/handler.go:1591	have processed broadcast	{"{round 20 3  <nil>}": {"Key":"from","Type":15,"Integer":0,"String":"c","Interface":null}}
2025-08-15T22:13:35.480-0500	DEBUG	protocol/handler.go:1649	have all messages and processed	{"{round 20 3  <nil>}": {"Key":"self","Type":15,"Integer":0,"String":"a","Interface":null}}
2025-08-15T22:13:35.482-0500	DEBUG	protocol/handler.go:596	round already finalized
2025-08-15T22:13:35.482-0500	DEBUG	protocol/handler.go:581	tryAdvanceRound called	{"{current_round 20 3  <nil>}": {"Key":"self","Type":15,"Integer":0,"String":"a","Interface":null}}
2025-08-15T22:13:35.482-0500	DEBUG	protocol/handler.go:1591	have processed broadcast	{"{round 20 3  <nil>}": {"Key":"from","Type":15,"Integer":0,"String":"b","Interface":null}}
2025-08-15T22:13:35.483-0500	DEBUG	protocol/handler.go:1591	have processed broadcast	{"{round 20 3  <nil>}": {"Key":"from","Type":15,"Integer":0,"String":"c","Interface":null}}
2025-08-15T22:13:35.483-0500	DEBUG	protocol/handler.go:1649	have all messages and processed	{"{round 20 3  <nil>}": {"Key":"self","Type":15,"Integer":0,"String":"a","Interface":null}}
2025-08-15T22:13:35.483-0500	DEBUG	protocol/handler.go:596	round already finalized
2025-08-15T22:13:35.483-0500	DEBUG	protocol/handler.go:581	tryAdvanceRound called	{"{current_round 20 3  <nil>}": {"Key":"self","Type":15,"Integer":0,"String":"b","Interface":null}}
2025-08-15T22:13:35.483-0500	DEBUG	protocol/handler.go:1591	have processed broadcast	{"{round 20 3  <nil>}": {"Key":"from","Type":15,"Integer":0,"String":"a","Interface":null}}
2025-08-15T22:13:35.483-0500	DEBUG	protocol/handler.go:1591	have processed broadcast	{"{round 20 3  <nil>}": {"Key":"from","Type":15,"Integer":0,"String":"c","Interface":null}}
2025-08-15T22:13:35.483-0500	DEBUG	protocol/handler.go:1649	have all messages and processed	{"{round 20 3  <nil>}": {"Key":"self","Type":15,"Integer":0,"String":"b","Interface":null}}
2025-08-15T22:13:35.483-0500	DEBUG	protocol/handler.go:596	round already finalized
2025-08-15T22:13:35.483-0500	DEBUG	protocol/handler.go:581	tryAdvanceRound called	{"{current_round 20 3  <nil>}": {"Key":"self","Type":15,"Integer":0,"String":"b","Interface":null}}
2025-08-15T22:13:35.483-0500	DEBUG	protocol/handler.go:1591	have processed broadcast	{"{round 20 3  <nil>}": {"Key":"from","Type":15,"Integer":0,"String":"a","Interface":null}}
2025-08-15T22:13:35.483-0500	DEBUG	protocol/handler.go:1591	have processed broadcast	{"{round 20 3  <nil>}": {"Key":"from","Type":15,"Integer":0,"String":"c","Interface":null}}
2025-08-15T22:13:35.483-0500	DEBUG	protocol/handler.go:1649	have all messages and processed	{"{round 20 3  <nil>}": {"Key":"self","Type":15,"Integer":0,"String":"b","Interface":null}}
2025-08-15T22:13:35.483-0500	DEBUG	protocol/handler.go:596	round already finalized
2025-08-15T22:13:35.483-0500	DEBUG	protocol/handler.go:581	tryAdvanceRound called	{"{current_round 20 3  <nil>}": {"Key":"self","Type":15,"Integer":0,"String":"c","Interface":null}}
2025-08-15T22:13:35.483-0500	DEBUG	protocol/handler.go:1591	have processed broadcast	{"{round 20 3  <nil>}": {"Key":"from","Type":15,"Integer":0,"String":"a","Interface":null}}
2025-08-15T22:13:35.483-0500	DEBUG	protocol/handler.go:1591	have processed broadcast	{"{round 20 3  <nil>}": {"Key":"from","Type":15,"Integer":0,"String":"b","Interface":null}}
2025-08-15T22:13:35.483-0500	DEBUG	protocol/handler.go:1649	have all messages and processed	{"{round 20 3  <nil>}": {"Key":"self","Type":15,"Integer":0,"String":"c","Interface":null}}
2025-08-15T22:13:35.483-0500	DEBUG	protocol/handler.go:596	round already finalized
2025-08-15T22:13:35.483-0500	DEBUG	protocol/handler.go:581	tryAdvanceRound called	{"{current_round 20 3  <nil>}": {"Key":"self","Type":15,"Integer":0,"String":"c","Interface":null}}
2025-08-15T22:13:35.483-0500	DEBUG	protocol/handler.go:1591	have processed broadcast	{"{round 20 3  <nil>}": {"Key":"from","Type":15,"Integer":0,"String":"a","Interface":null}}
2025-08-15T22:13:35.484-0500	DEBUG	protocol/handler.go:1591	have processed broadcast	{"{round 20 3  <nil>}": {"Key":"from","Type":15,"Integer":0,"String":"b","Interface":null}}
2025-08-15T22:13:35.484-0500	DEBUG	protocol/handler.go:1649	have all messages and processed	{"{round 20 3  <nil>}": {"Key":"self","Type":15,"Integer":0,"String":"c","Interface":null}}
2025-08-15T22:13:35.484-0500	DEBUG	protocol/handler.go:596	round already finalized
2025-08-15T22:13:35.504-0500	DEBUG	protocol/handler.go:581	tryAdvanceRound called	{"{current_round 20 3  <nil>}": {"Key":"self","Type":15,"Integer":0,"String":"b","Interface":null}}
2025-08-15T22:13:35.504-0500	DEBUG	protocol/handler.go:1591	have processed broadcast	{"{round 20 3  <nil>}": {"Key":"from","Type":15,"Integer":0,"String":"a","Interface":null}}
2025-08-15T22:13:35.504-0500	DEBUG	protocol/handler.go:1591	have processed broadcast	{"{round 20 3  <nil>}": {"Key":"from","Type":15,"Integer":0,"String":"c","Interface":null}}
2025-08-15T22:13:35.504-0500	DEBUG	protocol/handler.go:1649	have all messages and processed	{"{round 20 3  <nil>}": {"Key":"self","Type":15,"Integer":0,"String":"b","Interface":null}}
2025-08-15T22:13:35.504-0500	DEBUG	protocol/handler.go:596	round already finalized
2025-08-15T22:13:35.528-0500	DEBUG	protocol/handler.go:581	tryAdvanceRound called	{"{current_round 20 3  <nil>}": {"Key":"self","Type":15,"Integer":0,"String":"b","Interface":null}}
2025-08-15T22:13:35.528-0500	DEBUG	protocol/handler.go:1591	have processed broadcast	{"{round 20 3  <nil>}": {"Key":"from","Type":15,"Integer":0,"String":"a","Interface":null}}
2025-08-15T22:13:35.528-0500	DEBUG	protocol/handler.go:1591	have processed broadcast	{"{round 20 3  <nil>}": {"Key":"from","Type":15,"Integer":0,"String":"c","Interface":null}}
2025-08-15T22:13:35.528-0500	DEBUG	protocol/handler.go:1649	have all messages and processed	{"{round 20 3  <nil>}": {"Key":"self","Type":15,"Integer":0,"String":"b","Interface":null}}
2025-08-15T22:13:35.528-0500	DEBUG	protocol/handler.go:596	round already finalized
2025-08-15T22:13:35.528-0500	DEBUG	protocol/handler.go:581	tryAdvanceRound called	{"{current_round 20 3  <nil>}": {"Key":"self","Type":15,"Integer":0,"String":"a","Interface":null}}
2025-08-15T22:13:35.528-0500	DEBUG	protocol/handler.go:1591	have processed broadcast	{"{round 20 3  <nil>}": {"Key":"from","Type":15,"Integer":0,"String":"b","Interface":null}}
2025-08-15T22:13:35.528-0500	DEBUG	protocol/handler.go:1591	have processed broadcast	{"{round 20 3  <nil>}": {"Key":"from","Type":15,"Integer":0,"String":"c","Interface":null}}
2025-08-15T22:13:35.528-0500	DEBUG	protocol/handler.go:1649	have all messages and processed	{"{round 20 3  <nil>}": {"Key":"self","Type":15,"Integer":0,"String":"a","Interface":null}}
2025-08-15T22:13:35.528-0500	DEBUG	protocol/handler.go:596	round already finalized
2025-08-15T22:13:35.528-0500	DEBUG	protocol/handler.go:581	tryAdvanceRound called	{"{current_round 20 3  <nil>}": {"Key":"self","Type":15,"Integer":0,"String":"a","Interface":null}}
2025-08-15T22:13:35.528-0500	DEBUG	protocol/handler.go:1591	have processed broadcast	{"{round 20 3  <nil>}": {"Key":"from","Type":15,"Integer":0,"String":"b","Interface":null}}
2025-08-15T22:13:35.528-0500	DEBUG	protocol/handler.go:1591	have processed broadcast	{"{round 20 3  <nil>}": {"Key":"from","Type":15,"Integer":0,"String":"c","Interface":null}}
2025-08-15T22:13:35.528-0500	DEBUG	protocol/handler.go:1649	have all messages and processed	{"{round 20 3  <nil>}": {"Key":"self","Type":15,"Integer":0,"String":"a","Interface":null}}
2025-08-15T22:13:35.528-0500	DEBUG	protocol/handler.go:596	round already finalized
2025-08-15T22:13:35.528-0500	DEBUG	protocol/handler.go:581	tryAdvanceRound called	{"{current_round 20 3  <nil>}": {"Key":"self","Type":15,"Integer":0,"String":"c","Interface":null}}
2025-08-15T22:13:35.528-0500	DEBUG	protocol/handler.go:1591	have processed broadcast	{"{round 20 3  <nil>}": {"Key":"from","Type":15,"Integer":0,"String":"a","Interface":null}}
2025-08-15T22:13:35.528-0500	DEBUG	protocol/handler.go:1591	have processed broadcast	{"{round 20 3  <nil>}": {"Key":"from","Type":15,"Integer":0,"String":"b","Interface":null}}
2025-08-15T22:13:35.528-0500	DEBUG	protocol/handler.go:1649	have all messages and processed	{"{round 20 3  <nil>}": {"Key":"self","Type":15,"Integer":0,"String":"c","Interface":null}}
2025-08-15T22:13:35.528-0500	DEBUG	protocol/handler.go:596	round already finalized
2025-08-15T22:13:35.528-0500	DEBUG	protocol/handler.go:581	tryAdvanceRound called	{"{current_round 20 3  <nil>}": {"Key":"self","Type":15,"Integer":0,"String":"c","Interface":null}}
2025-08-15T22:13:35.529-0500	DEBUG	protocol/handler.go:1591	have processed broadcast	{"{round 20 3  <nil>}": {"Key":"from","Type":15,"Integer":0,"String":"a","Interface":null}}
2025-08-15T22:13:35.529-0500	DEBUG	protocol/handler.go:1591	have processed broadcast	{"{round 20 3  <nil>}": {"Key":"from","Type":15,"Integer":0,"String":"b","Interface":null}}
2025-08-15T22:13:35.529-0500	DEBUG	protocol/handler.go:1649	have all messages and processed	{"{round 20 3  <nil>}": {"Key":"self","Type":15,"Integer":0,"String":"c","Interface":null}}
2025-08-15T22:13:35.529-0500	DEBUG	protocol/handler.go:596	round already finalized
2025-08-15T22:13:35.552-0500	DEBUG	protocol/handler.go:581	tryAdvanceRound called	{"{current_round 20 3  <nil>}": {"Key":"self","Type":15,"Integer":0,"String":"b","Interface":null}}
2025-08-15T22:13:35.552-0500	DEBUG	protocol/handler.go:1591	have processed broadcast	{"{round 20 3  <nil>}": {"Key":"from","Type":15,"Integer":0,"String":"a","Interface":null}}
2025-08-15T22:13:35.552-0500	DEBUG	protocol/handler.go:1591	have processed broadcast	{"{round 20 3  <nil>}": {"Key":"from","Type":15,"Integer":0,"String":"c","Interface":null}}
2025-08-15T22:13:35.552-0500	DEBUG	protocol/handler.go:1649	have all messages and processed	{"{round 20 3  <nil>}": {"Key":"self","Type":15,"Integer":0,"String":"b","Interface":null}}
2025-08-15T22:13:35.552-0500	DEBUG	protocol/handler.go:596	round already finalized
2025-08-15T22:13:35.576-0500	DEBUG	protocol/handler.go:581	tryAdvanceRound called	{"{current_round 20 3  <nil>}": {"Key":"self","Type":15,"Integer":0,"String":"c","Interface":null}}
2025-08-15T22:13:35.576-0500	DEBUG	protocol/handler.go:1591	have processed broadcast	{"{round 20 3  <nil>}": {"Key":"from","Type":15,"Integer":0,"String":"a","Interface":null}}
2025-08-15T22:13:35.576-0500	DEBUG	protocol/handler.go:1591	have processed broadcast	{"{round 20 3  <nil>}": {"Key":"from","Type":15,"Integer":0,"String":"b","Interface":null}}
2025-08-15T22:13:35.576-0500	DEBUG	protocol/handler.go:1649	have all messages and processed	{"{round 20 3  <nil>}": {"Key":"self","Type":15,"Integer":0,"String":"c","Interface":null}}
2025-08-15T22:13:35.576-0500	DEBUG	protocol/handler.go:596	round already finalized
2025-08-15T22:13:35.576-0500	DEBUG	protocol/handler.go:581	tryAdvanceRound called	{"{current_round 20 3  <nil>}": {"Key":"self","Type":15,"Integer":0,"String":"c","Interface":null}}
2025-08-15T22:13:35.576-0500	DEBUG	protocol/handler.go:1591	have processed broadcast	{"{round 20 3  <nil>}": {"Key":"from","Type":15,"Integer":0,"String":"a","Interface":null}}
2025-08-15T22:13:35.576-0500	DEBUG	protocol/handler.go:1591	have processed broadcast	{"{round 20 3  <nil>}": {"Key":"from","Type":15,"Integer":0,"String":"b","Interface":null}}
2025-08-15T22:13:35.576-0500	DEBUG	protocol/handler.go:1649	have all messages and processed	{"{round 20 3  <nil>}": {"Key":"self","Type":15,"Integer":0,"String":"c","Interface":null}}
2025-08-15T22:13:35.577-0500	DEBUG	protocol/handler.go:596	round already finalized
2025-08-15T22:13:35.577-0500	DEBUG	protocol/handler.go:581	tryAdvanceRound called	{"{current_round 20 3  <nil>}": {"Key":"self","Type":15,"Integer":0,"String":"a","Interface":null}}
2025-08-15T22:13:35.577-0500	DEBUG	protocol/handler.go:1591	have processed broadcast	{"{round 20 3  <nil>}": {"Key":"from","Type":15,"Integer":0,"String":"b","Interface":null}}
2025-08-15T22:13:35.577-0500	DEBUG	protocol/handler.go:1591	have processed broadcast	{"{round 20 3  <nil>}": {"Key":"from","Type":15,"Integer":0,"String":"c","Interface":null}}
2025-08-15T22:13:35.577-0500	DEBUG	protocol/handler.go:1649	have all messages and processed	{"{round 20 3  <nil>}": {"Key":"self","Type":15,"Integer":0,"String":"a","Interface":null}}
2025-08-15T22:13:35.577-0500	DEBUG	protocol/handler.go:596	round already finalized
2025-08-15T22:13:35.577-0500	DEBUG	protocol/handler.go:581	tryAdvanceRound called	{"{current_round 20 3  <nil>}": {"Key":"self","Type":15,"Integer":0,"String":"a","Interface":null}}
2025-08-15T22:13:35.577-0500	DEBUG	protocol/handler.go:1591	have processed broadcast	{"{round 20 3  <nil>}": {"Key":"from","Type":15,"Integer":0,"String":"b","Interface":null}}
2025-08-15T22:13:35.577-0500	DEBUG	protocol/handler.go:1591	have processed broadcast	{"{round 20 3  <nil>}": {"Key":"from","Type":15,"Integer":0,"String":"c","Interface":null}}
2025-08-15T22:13:35.577-0500	DEBUG	protocol/handler.go:1649	have all messages and processed	{"{round 20 3  <nil>}": {"Key":"self","Type":15,"Integer":0,"String":"a","Interface":null}}
2025-08-15T22:13:35.577-0500	DEBUG	protocol/handler.go:596	round already finalized
2025-08-15T22:13:35.577-0500	DEBUG	protocol/handler.go:581	tryAdvanceRound called	{"{current_round 20 3  <nil>}": {"Key":"self","Type":15,"Integer":0,"String":"b","Interface":null}}
2025-08-15T22:13:35.577-0500	DEBUG	protocol/handler.go:1591	have processed broadcast	{"{round 20 3  <nil>}": {"Key":"from","Type":15,"Integer":0,"String":"a","Interface":null}}
2025-08-15T22:13:35.577-0500	DEBUG	protocol/handler.go:1591	have processed broadcast	{"{round 20 3  <nil>}": {"Key":"from","Type":15,"Integer":0,"String":"c","Interface":null}}
2025-08-15T22:13:35.577-0500	DEBUG	protocol/handler.go:1649	have all messages and processed	{"{round 20 3  <nil>}": {"Key":"self","Type":15,"Integer":0,"String":"b","Interface":null}}
2025-08-15T22:13:35.577-0500	DEBUG	protocol/handler.go:596	round already finalized
2025-08-15T22:13:35.608-0500	DEBUG	protocol/handler.go:581	tryAdvanceRound called	{"{current_round 20 3  <nil>}": {"Key":"self","Type":15,"Integer":0,"String":"a","Interface":null}}
2025-08-15T22:13:35.608-0500	DEBUG	protocol/handler.go:1591	have processed broadcast	{"{round 20 3  <nil>}": {"Key":"from","Type":15,"Integer":0,"String":"b","Interface":null}}
2025-08-15T22:13:35.608-0500	DEBUG	protocol/handler.go:1591	have processed broadcast	{"{round 20 3  <nil>}": {"Key":"from","Type":15,"Integer":0,"String":"c","Interface":null}}
2025-08-15T22:13:35.608-0500	DEBUG	protocol/handler.go:1649	have all messages and processed	{"{round 20 3  <nil>}": {"Key":"self","Type":15,"Integer":0,"String":"a","Interface":null}}
2025-08-15T22:13:35.609-0500	DEBUG	protocol/handler.go:596	round already finalized
2025-08-15T22:13:35.623-0500	DEBUG	protocol/handler.go:581	tryAdvanceRound called	{"{current_round 20 3  <nil>}": {"Key":"self","Type":15,"Integer":0,"String":"b","Interface":null}}
2025-08-15T22:13:35.623-0500	DEBUG	protocol/handler.go:1591	have processed broadcast	{"{round 20 3  <nil>}": {"Key":"from","Type":15,"Integer":0,"String":"a","Interface":null}}
2025-08-15T22:13:35.623-0500	DEBUG	protocol/handler.go:1591	have processed broadcast	{"{round 20 3  <nil>}": {"Key":"from","Type":15,"Integer":0,"String":"c","Interface":null}}
2025-08-15T22:13:35.623-0500	DEBUG	protocol/handler.go:1649	have all messages and processed	{"{round 20 3  <nil>}": {"Key":"self","Type":15,"Integer":0,"String":"b","Interface":null}}
2025-08-15T22:13:35.623-0500	DEBUG	protocol/handler.go:596	round already finalized
2025-08-15T22:13:35.623-0500	DEBUG	protocol/handler.go:581	tryAdvanceRound called	{"{current_round 20 3  <nil>}": {"Key":"self","Type":15,"Integer":0,"String":"b","Interface":null}}
2025-08-15T22:13:35.623-0500	DEBUG	protocol/handler.go:1591	have processed broadcast	{"{round 20 3  <nil>}": {"Key":"from","Type":15,"Integer":0,"String":"a","Interface":null}}
2025-08-15T22:13:35.623-0500	DEBUG	protocol/handler.go:1591	have processed broadcast	{"{round 20 3  <nil>}": {"Key":"from","Type":15,"Integer":0,"String":"c","Interface":null}}
2025-08-15T22:13:35.623-0500	DEBUG	protocol/handler.go:1649	have all messages and processed	{"{round 20 3  <nil>}": {"Key":"self","Type":15,"Integer":0,"String":"b","Interface":null}}
2025-08-15T22:13:35.623-0500	DEBUG	protocol/handler.go:596	round already finalized
2025-08-15T22:13:35.623-0500	DEBUG	protocol/handler.go:581	tryAdvanceRound called	{"{current_round 20 3  <nil>}": {"Key":"self","Type":15,"Integer":0,"String":"c","Interface":null}}
2025-08-15T22:13:35.623-0500	DEBUG	protocol/handler.go:1591	have processed broadcast	{"{round 20 3  <nil>}": {"Key":"from","Type":15,"Integer":0,"String":"a","Interface":null}}
2025-08-15T22:13:35.623-0500	DEBUG	protocol/handler.go:1591	have processed broadcast	{"{round 20 3  <nil>}": {"Key":"from","Type":15,"Integer":0,"String":"b","Interface":null}}
2025-08-15T22:13:35.623-0500	DEBUG	protocol/handler.go:1649	have all messages and processed	{"{round 20 3  <nil>}": {"Key":"self","Type":15,"Integer":0,"String":"c","Interface":null}}
2025-08-15T22:13:35.623-0500	DEBUG	protocol/handler.go:596	round already finalized
2025-08-15T22:13:35.623-0500	DEBUG	protocol/handler.go:581	tryAdvanceRound called	{"{current_round 20 3  <nil>}": {"Key":"self","Type":15,"Integer":0,"String":"c","Interface":null}}
2025-08-15T22:13:35.623-0500	DEBUG	protocol/handler.go:1591	have processed broadcast	{"{round 20 3  <nil>}": {"Key":"from","Type":15,"Integer":0,"String":"a","Interface":null}}
2025-08-15T22:13:35.623-0500	DEBUG	protocol/handler.go:1591	have processed broadcast	{"{round 20 3  <nil>}": {"Key":"from","Type":15,"Integer":0,"String":"b","Interface":null}}
2025-08-15T22:13:35.623-0500	DEBUG	protocol/handler.go:1649	have all messages and processed	{"{round 20 3  <nil>}": {"Key":"self","Type":15,"Integer":0,"String":"c","Interface":null}}
2025-08-15T22:13:35.623-0500	DEBUG	protocol/handler.go:596	round already finalized
2025-08-15T22:13:35.623-0500	DEBUG	protocol/handler.go:581	tryAdvanceRound called	{"{current_round 20 3  <nil>}": {"Key":"self","Type":15,"Integer":0,"String":"a","Interface":null}}
2025-08-15T22:13:35.623-0500	DEBUG	protocol/handler.go:1591	have processed broadcast	{"{round 20 3  <nil>}": {"Key":"from","Type":15,"Integer":0,"String":"b","Interface":null}}
2025-08-15T22:13:35.624-0500	DEBUG	protocol/handler.go:1591	have processed broadcast	{"{round 20 3  <nil>}": {"Key":"from","Type":15,"Integer":0,"String":"c","Interface":null}}
2025-08-15T22:13:35.624-0500	DEBUG	protocol/handler.go:1649	have all messages and processed	{"{round 20 3  <nil>}": {"Key":"self","Type":15,"Integer":0,"String":"a","Interface":null}}
2025-08-15T22:13:35.624-0500	DEBUG	protocol/handler.go:596	round already finalized
2025-08-15T22:13:35.649-0500	DEBUG	protocol/handler.go:581	tryAdvanceRound called	{"{current_round 20 3  <nil>}": {"Key":"self","Type":15,"Integer":0,"String":"b","Interface":null}}
2025-08-15T22:13:35.649-0500	DEBUG	protocol/handler.go:1591	have processed broadcast	{"{round 20 3  <nil>}": {"Key":"from","Type":15,"Integer":0,"String":"a","Interface":null}}
2025-08-15T22:13:35.649-0500	DEBUG	protocol/handler.go:1591	have processed broadcast	{"{round 20 3  <nil>}": {"Key":"from","Type":15,"Integer":0,"String":"c","Interface":null}}
2025-08-15T22:13:35.649-0500	DEBUG	protocol/handler.go:1649	have all messages and processed	{"{round 20 3  <nil>}": {"Key":"self","Type":15,"Integer":0,"String":"b","Interface":null}}
2025-08-15T22:13:35.649-0500	DEBUG	protocol/handler.go:596	round already finalized
2025-08-15T22:13:35.649-0500	DEBUG	protocol/handler.go:581	tryAdvanceRound called	{"{current_round 20 3  <nil>}": {"Key":"self","Type":15,"Integer":0,"String":"a","Interface":null}}
2025-08-15T22:13:35.649-0500	DEBUG	protocol/handler.go:1591	have processed broadcast	{"{round 20 3  <nil>}": {"Key":"from","Type":15,"Integer":0,"String":"b","Interface":null}}
2025-08-15T22:13:35.649-0500	DEBUG	protocol/handler.go:1591	have processed broadcast	{"{round 20 3  <nil>}": {"Key":"from","Type":15,"Integer":0,"String":"c","Interface":null}}
2025-08-15T22:13:35.649-0500	DEBUG	protocol/handler.go:1649	have all messages and processed	{"{round 20 3  <nil>}": {"Key":"self","Type":15,"Integer":0,"String":"a","Interface":null}}
2025-08-15T22:13:35.650-0500	DEBUG	protocol/handler.go:596	round already finalized
2025-08-15T22:13:35.650-0500	DEBUG	protocol/handler.go:581	tryAdvanceRound called	{"{current_round 20 3  <nil>}": {"Key":"self","Type":15,"Integer":0,"String":"c","Interface":null}}
2025-08-15T22:13:35.650-0500	DEBUG	protocol/handler.go:1591	have processed broadcast	{"{round 20 3  <nil>}": {"Key":"from","Type":15,"Integer":0,"String":"a","Interface":null}}
2025-08-15T22:13:35.650-0500	DEBUG	protocol/handler.go:1591	have processed broadcast	{"{round 20 3  <nil>}": {"Key":"from","Type":15,"Integer":0,"String":"b","Interface":null}}
2025-08-15T22:13:35.650-0500	DEBUG	protocol/handler.go:1649	have all messages and processed	{"{round 20 3  <nil>}": {"Key":"self","Type":15,"Integer":0,"String":"c","Interface":null}}
2025-08-15T22:13:35.650-0500	DEBUG	protocol/handler.go:596	round already finalized
2025-08-15T22:13:35.694-0500	DEBUG	protocol/handler.go:581	tryAdvanceRound called	{"{current_round 20 3  <nil>}": {"Key":"self","Type":15,"Integer":0,"String":"b","Interface":null}}
2025-08-15T22:13:35.695-0500	DEBUG	protocol/handler.go:1591	have processed broadcast	{"{round 20 3  <nil>}": {"Key":"from","Type":15,"Integer":0,"String":"a","Interface":null}}
2025-08-15T22:13:35.695-0500	DEBUG	protocol/handler.go:1591	have processed broadcast	{"{round 20 3  <nil>}": {"Key":"from","Type":15,"Integer":0,"String":"c","Interface":null}}
2025-08-15T22:13:35.695-0500	DEBUG	protocol/handler.go:1649	have all messages and processed	{"{round 20 3  <nil>}": {"Key":"self","Type":15,"Integer":0,"String":"b","Interface":null}}
2025-08-15T22:13:35.695-0500	DEBUG	protocol/handler.go:596	round already finalized
2025-08-15T22:13:35.695-0500	DEBUG	protocol/handler.go:581	tryAdvanceRound called	{"{current_round 20 3  <nil>}": {"Key":"self","Type":15,"Integer":0,"String":"b","Interface":null}}
2025-08-15T22:13:35.695-0500	DEBUG	protocol/handler.go:1591	have processed broadcast	{"{round 20 3  <nil>}": {"Key":"from","Type":15,"Integer":0,"String":"a","Interface":null}}
2025-08-15T22:13:35.695-0500	DEBUG	protocol/handler.go:1591	have processed broadcast	{"{round 20 3  <nil>}": {"Key":"from","Type":15,"Integer":0,"String":"c","Interface":null}}
2025-08-15T22:13:35.695-0500	DEBUG	protocol/handler.go:1649	have all messages and processed	{"{round 20 3  <nil>}": {"Key":"self","Type":15,"Integer":0,"String":"b","Interface":null}}
2025-08-15T22:13:35.695-0500	DEBUG	protocol/handler.go:596	round already finalized
2025-08-15T22:13:35.695-0500	DEBUG	protocol/handler.go:581	tryAdvanceRound called	{"{current_round 20 3  <nil>}": {"Key":"self","Type":15,"Integer":0,"String":"c","Interface":null}}
2025-08-15T22:13:35.695-0500	DEBUG	protocol/handler.go:1591	have processed broadcast	{"{round 20 3  <nil>}": {"Key":"from","Type":15,"Integer":0,"String":"a","Interface":null}}
2025-08-15T22:13:35.695-0500	DEBUG	protocol/handler.go:1591	have processed broadcast	{"{round 20 3  <nil>}": {"Key":"from","Type":15,"Integer":0,"String":"b","Interface":null}}
2025-08-15T22:13:35.695-0500	DEBUG	protocol/handler.go:1649	have all messages and processed	{"{round 20 3  <nil>}": {"Key":"self","Type":15,"Integer":0,"String":"c","Interface":null}}
2025-08-15T22:13:35.695-0500	DEBUG	protocol/handler.go:596	round already finalized
2025-08-15T22:13:35.695-0500	DEBUG	protocol/handler.go:581	tryAdvanceRound called	{"{current_round 20 3  <nil>}": {"Key":"self","Type":15,"Integer":0,"String":"c","Interface":null}}
2025-08-15T22:13:35.696-0500	DEBUG	protocol/handler.go:1591	have processed broadcast	{"{round 20 3  <nil>}": {"Key":"from","Type":15,"Integer":0,"String":"a","Interface":null}}
2025-08-15T22:13:35.696-0500	DEBUG	protocol/handler.go:1591	have processed broadcast	{"{round 20 3  <nil>}": {"Key":"from","Type":15,"Integer":0,"String":"b","Interface":null}}
2025-08-15T22:13:35.696-0500	DEBUG	protocol/handler.go:1649	have all messages and processed	{"{round 20 3  <nil>}": {"Key":"self","Type":15,"Integer":0,"String":"c","Interface":null}}
2025-08-15T22:13:35.696-0500	DEBUG	protocol/handler.go:596	round already finalized
2025-08-15T22:13:35.696-0500	DEBUG	protocol/handler.go:581	tryAdvanceRound called	{"{current_round 20 3  <nil>}": {"Key":"self","Type":15,"Integer":0,"String":"a","Interface":null}}
2025-08-15T22:13:35.696-0500	DEBUG	protocol/handler.go:1591	have processed broadcast	{"{round 20 3  <nil>}": {"Key":"from","Type":15,"Integer":0,"String":"b","Interface":null}}
2025-08-15T22:13:35.696-0500	DEBUG	protocol/handler.go:1591	have processed broadcast	{"{round 20 3  <nil>}": {"Key":"from","Type":15,"Integer":0,"String":"c","Interface":null}}
2025-08-15T22:13:35.696-0500	DEBUG	protocol/handler.go:1649	have all messages and processed	{"{round 20 3  <nil>}": {"Key":"self","Type":15,"Integer":0,"String":"a","Interface":null}}
2025-08-15T22:13:35.696-0500	DEBUG	protocol/handler.go:596	round already finalized
2025-08-15T22:13:35.696-0500	DEBUG	protocol/handler.go:581	tryAdvanceRound called	{"{current_round 20 3  <nil>}": {"Key":"self","Type":15,"Integer":0,"String":"a","Interface":null}}
2025-08-15T22:13:35.696-0500	DEBUG	protocol/handler.go:1591	have processed broadcast	{"{round 20 3  <nil>}": {"Key":"from","Type":15,"Integer":0,"String":"b","Interface":null}}
2025-08-15T22:13:35.696-0500	DEBUG	protocol/handler.go:1591	have processed broadcast	{"{round 20 3  <nil>}": {"Key":"from","Type":15,"Integer":0,"String":"c","Interface":null}}
2025-08-15T22:13:35.696-0500	DEBUG	protocol/handler.go:1649	have all messages and processed	{"{round 20 3  <nil>}": {"Key":"self","Type":15,"Integer":0,"String":"a","Interface":null}}
2025-08-15T22:13:35.696-0500	DEBUG	protocol/handler.go:596	round already finalized
2025-08-15T22:13:35.719-0500	DEBUG	protocol/handler.go:581	tryAdvanceRound called	{"{current_round 20 3  <nil>}": {"Key":"self","Type":15,"Integer":0,"String":"c","Interface":null}}
2025-08-15T22:13:35.719-0500	DEBUG	protocol/handler.go:1591	have processed broadcast	{"{round 20 3  <nil>}": {"Key":"from","Type":15,"Integer":0,"String":"a","Interface":null}}
2025-08-15T22:13:35.719-0500	DEBUG	protocol/handler.go:1591	have processed broadcast	{"{round 20 3  <nil>}": {"Key":"from","Type":15,"Integer":0,"String":"b","Interface":null}}
2025-08-15T22:13:35.719-0500	DEBUG	protocol/handler.go:1649	have all messages and processed	{"{round 20 3  <nil>}": {"Key":"self","Type":15,"Integer":0,"String":"c","Interface":null}}
2025-08-15T22:13:35.719-0500	DEBUG	protocol/handler.go:596	round already finalized
2025-08-15T22:13:35.742-0500	DEBUG	protocol/handler.go:581	tryAdvanceRound called	{"{current_round 20 3  <nil>}": {"Key":"self","Type":15,"Integer":0,"String":"c","Interface":null}}
2025-08-15T22:13:35.743-0500	DEBUG	protocol/handler.go:1591	have processed broadcast	{"{round 20 3  <nil>}": {"Key":"from","Type":15,"Integer":0,"String":"a","Interface":null}}
2025-08-15T22:13:35.743-0500	DEBUG	protocol/handler.go:1591	have processed broadcast	{"{round 20 3  <nil>}": {"Key":"from","Type":15,"Integer":0,"String":"b","Interface":null}}
2025-08-15T22:13:35.743-0500	DEBUG	protocol/handler.go:1649	have all messages and processed	{"{round 20 3  <nil>}": {"Key":"self","Type":15,"Integer":0,"String":"c","Interface":null}}
2025-08-15T22:13:35.743-0500	DEBUG	protocol/handler.go:596	round already finalized
2025-08-15T22:13:35.743-0500	DEBUG	protocol/handler.go:581	tryAdvanceRound called	{"{current_round 20 3  <nil>}": {"Key":"self","Type":15,"Integer":0,"String":"b","Interface":null}}
2025-08-15T22:13:35.743-0500	DEBUG	protocol/handler.go:1591	have processed broadcast	{"{round 20 3  <nil>}": {"Key":"from","Type":15,"Integer":0,"String":"a","Interface":null}}
2025-08-15T22:13:35.743-0500	DEBUG	protocol/handler.go:1591	have processed broadcast	{"{round 20 3  <nil>}": {"Key":"from","Type":15,"Integer":0,"String":"c","Interface":null}}
2025-08-15T22:13:35.743-0500	DEBUG	protocol/handler.go:1649	have all messages and processed	{"{round 20 3  <nil>}": {"Key":"self","Type":15,"Integer":0,"String":"b","Interface":null}}
2025-08-15T22:13:35.743-0500	DEBUG	protocol/handler.go:596	round already finalized
2025-08-15T22:13:35.743-0500	DEBUG	protocol/handler.go:581	tryAdvanceRound called	{"{current_round 20 3  <nil>}": {"Key":"self","Type":15,"Integer":0,"String":"b","Interface":null}}
2025-08-15T22:13:35.743-0500	DEBUG	protocol/handler.go:1591	have processed broadcast	{"{round 20 3  <nil>}": {"Key":"from","Type":15,"Integer":0,"String":"a","Interface":null}}
2025-08-15T22:13:35.743-0500	DEBUG	protocol/handler.go:1591	have processed broadcast	{"{round 20 3  <nil>}": {"Key":"from","Type":15,"Integer":0,"String":"c","Interface":null}}
2025-08-15T22:13:35.743-0500	DEBUG	protocol/handler.go:1649	have all messages and processed	{"{round 20 3  <nil>}": {"Key":"self","Type":15,"Integer":0,"String":"b","Interface":null}}
2025-08-15T22:13:35.743-0500	DEBUG	protocol/handler.go:596	round already finalized
2025-08-15T22:13:35.743-0500	DEBUG	protocol/handler.go:581	tryAdvanceRound called	{"{current_round 20 3  <nil>}": {"Key":"self","Type":15,"Integer":0,"String":"a","Interface":null}}
2025-08-15T22:13:35.743-0500	DEBUG	protocol/handler.go:1591	have processed broadcast	{"{round 20 3  <nil>}": {"Key":"from","Type":15,"Integer":0,"String":"b","Interface":null}}
2025-08-15T22:13:35.743-0500	DEBUG	protocol/handler.go:1591	have processed broadcast	{"{round 20 3  <nil>}": {"Key":"from","Type":15,"Integer":0,"String":"c","Interface":null}}
2025-08-15T22:13:35.743-0500	DEBUG	protocol/handler.go:1649	have all messages and processed	{"{round 20 3  <nil>}": {"Key":"self","Type":15,"Integer":0,"String":"a","Interface":null}}
2025-08-15T22:13:35.743-0500	DEBUG	protocol/handler.go:596	round already finalized
2025-08-15T22:13:35.743-0500	DEBUG	protocol/handler.go:581	tryAdvanceRound called	{"{current_round 20 3  <nil>}": {"Key":"self","Type":15,"Integer":0,"String":"a","Interface":null}}
2025-08-15T22:13:35.743-0500	DEBUG	protocol/handler.go:1591	have processed broadcast	{"{round 20 3  <nil>}": {"Key":"from","Type":15,"Integer":0,"String":"b","Interface":null}}
2025-08-15T22:13:35.743-0500	DEBUG	protocol/handler.go:1591	have processed broadcast	{"{round 20 3  <nil>}": {"Key":"from","Type":15,"Integer":0,"String":"c","Interface":null}}
2025-08-15T22:13:35.744-0500	DEBUG	protocol/handler.go:1649	have all messages and processed	{"{round 20 3  <nil>}": {"Key":"self","Type":15,"Integer":0,"String":"a","Interface":null}}
2025-08-15T22:13:35.744-0500	DEBUG	protocol/handler.go:596	round already finalized
2025-08-15T22:13:35.766-0500	DEBUG	protocol/handler.go:581	tryAdvanceRound called	{"{current_round 20 3  <nil>}": {"Key":"self","Type":15,"Integer":0,"String":"c","Interface":null}}
2025-08-15T22:13:35.766-0500	DEBUG	protocol/handler.go:1591	have processed broadcast	{"{round 20 3  <nil>}": {"Key":"from","Type":15,"Integer":0,"String":"a","Interface":null}}
2025-08-15T22:13:35.766-0500	DEBUG	protocol/handler.go:1591	have processed broadcast	{"{round 20 3  <nil>}": {"Key":"from","Type":15,"Integer":0,"String":"b","Interface":null}}
2025-08-15T22:13:35.766-0500	DEBUG	protocol/handler.go:1649	have all messages and processed	{"{round 20 3  <nil>}": {"Key":"self","Type":15,"Integer":0,"String":"c","Interface":null}}
2025-08-15T22:13:35.766-0500	DEBUG	protocol/handler.go:596	round already finalized
2025-08-15T22:13:35.790-0500	DEBUG	protocol/handler.go:581	tryAdvanceRound called	{"{current_round 20 3  <nil>}": {"Key":"self","Type":15,"Integer":0,"String":"a","Interface":null}}
2025-08-15T22:13:35.790-0500	DEBUG	protocol/handler.go:1591	have processed broadcast	{"{round 20 3  <nil>}": {"Key":"from","Type":15,"Integer":0,"String":"b","Interface":null}}
2025-08-15T22:13:35.790-0500	DEBUG	protocol/handler.go:1591	have processed broadcast	{"{round 20 3  <nil>}": {"Key":"from","Type":15,"Integer":0,"String":"c","Interface":null}}
2025-08-15T22:13:35.790-0500	DEBUG	protocol/handler.go:1649	have all messages and processed	{"{round 20 3  <nil>}": {"Key":"self","Type":15,"Integer":0,"String":"a","Interface":null}}
2025-08-15T22:13:35.790-0500	DEBUG	protocol/handler.go:596	round already finalized
2025-08-15T22:13:35.790-0500	DEBUG	protocol/handler.go:581	tryAdvanceRound called	{"{current_round 20 3  <nil>}": {"Key":"self","Type":15,"Integer":0,"String":"a","Interface":null}}
2025-08-15T22:13:35.790-0500	DEBUG	protocol/handler.go:1591	have processed broadcast	{"{round 20 3  <nil>}": {"Key":"from","Type":15,"Integer":0,"String":"b","Interface":null}}
2025-08-15T22:13:35.790-0500	DEBUG	protocol/handler.go:1591	have processed broadcast	{"{round 20 3  <nil>}": {"Key":"from","Type":15,"Integer":0,"String":"c","Interface":null}}
2025-08-15T22:13:35.790-0500	DEBUG	protocol/handler.go:1649	have all messages and processed	{"{round 20 3  <nil>}": {"Key":"self","Type":15,"Integer":0,"String":"a","Interface":null}}
2025-08-15T22:13:35.790-0500	DEBUG	protocol/handler.go:596	round already finalized
2025-08-15T22:13:35.790-0500	DEBUG	protocol/handler.go:581	tryAdvanceRound called	{"{current_round 20 3  <nil>}": {"Key":"self","Type":15,"Integer":0,"String":"b","Interface":null}}
2025-08-15T22:13:35.790-0500	DEBUG	protocol/handler.go:1591	have processed broadcast	{"{round 20 3  <nil>}": {"Key":"from","Type":15,"Integer":0,"String":"a","Interface":null}}
2025-08-15T22:13:35.790-0500	DEBUG	protocol/handler.go:1591	have processed broadcast	{"{round 20 3  <nil>}": {"Key":"from","Type":15,"Integer":0,"String":"c","Interface":null}}
2025-08-15T22:13:35.790-0500	DEBUG	protocol/handler.go:1649	have all messages and processed	{"{round 20 3  <nil>}": {"Key":"self","Type":15,"Integer":0,"String":"b","Interface":null}}
2025-08-15T22:13:35.791-0500	DEBUG	protocol/handler.go:596	round already finalized
2025-08-15T22:13:35.791-0500	DEBUG	protocol/handler.go:581	tryAdvanceRound called	{"{current_round 20 3  <nil>}": {"Key":"self","Type":15,"Integer":0,"String":"b","Interface":null}}
2025-08-15T22:13:35.791-0500	DEBUG	protocol/handler.go:1591	have processed broadcast	{"{round 20 3  <nil>}": {"Key":"from","Type":15,"Integer":0,"String":"a","Interface":null}}
2025-08-15T22:13:35.791-0500	DEBUG	protocol/handler.go:1591	have processed broadcast	{"{round 20 3  <nil>}": {"Key":"from","Type":15,"Integer":0,"String":"c","Interface":null}}
2025-08-15T22:13:35.791-0500	DEBUG	protocol/handler.go:1649	have all messages and processed	{"{round 20 3  <nil>}": {"Key":"self","Type":15,"Integer":0,"String":"b","Interface":null}}
2025-08-15T22:13:35.791-0500	DEBUG	protocol/handler.go:596	round already finalized
2025-08-15T22:13:35.791-0500	DEBUG	protocol/handler.go:581	tryAdvanceRound called	{"{current_round 20 3  <nil>}": {"Key":"self","Type":15,"Integer":0,"String":"b","Interface":null}}
2025-08-15T22:13:35.791-0500	DEBUG	protocol/handler.go:1591	have processed broadcast	{"{round 20 3  <nil>}": {"Key":"from","Type":15,"Integer":0,"String":"a","Interface":null}}
2025-08-15T22:13:35.791-0500	DEBUG	protocol/handler.go:1591	have processed broadcast	{"{round 20 3  <nil>}": {"Key":"from","Type":15,"Integer":0,"String":"c","Interface":null}}
2025-08-15T22:13:35.791-0500	DEBUG	protocol/handler.go:1649	have all messages and processed	{"{round 20 3  <nil>}": {"Key":"self","Type":15,"Integer":0,"String":"b","Interface":null}}
2025-08-15T22:13:35.791-0500	DEBUG	protocol/handler.go:596	round already finalized
2025-08-15T22:13:35.791-0500	DEBUG	protocol/handler.go:581	tryAdvanceRound called	{"{current_round 20 3  <nil>}": {"Key":"self","Type":15,"Integer":0,"String":"c","Interface":null}}
2025-08-15T22:13:35.791-0500	DEBUG	protocol/handler.go:1591	have processed broadcast	{"{round 20 3  <nil>}": {"Key":"from","Type":15,"Integer":0,"String":"a","Interface":null}}
2025-08-15T22:13:35.791-0500	DEBUG	protocol/handler.go:1591	have processed broadcast	{"{round 20 3  <nil>}": {"Key":"from","Type":15,"Integer":0,"String":"b","Interface":null}}
2025-08-15T22:13:35.791-0500	DEBUG	protocol/handler.go:1649	have all messages and processed	{"{round 20 3  <nil>}": {"Key":"self","Type":15,"Integer":0,"String":"c","Interface":null}}
2025-08-15T22:13:35.791-0500	DEBUG	protocol/handler.go:596	round already finalized
2025-08-15T22:13:35.791-0500	DEBUG	protocol/handler.go:581	tryAdvanceRound called	{"{current_round 20 3  <nil>}": {"Key":"self","Type":15,"Integer":0,"String":"c","Interface":null}}
2025-08-15T22:13:35.791-0500	DEBUG	protocol/handler.go:1591	have processed broadcast	{"{round 20 3  <nil>}": {"Key":"from","Type":15,"Integer":0,"String":"a","Interface":null}}
2025-08-15T22:13:35.792-0500	DEBUG	protocol/handler.go:1591	have processed broadcast	{"{round 20 3  <nil>}": {"Key":"from","Type":15,"Integer":0,"String":"b","Interface":null}}
2025-08-15T22:13:35.792-0500	DEBUG	protocol/handler.go:1649	have all messages and processed	{"{round 20 3  <nil>}": {"Key":"self","Type":15,"Integer":0,"String":"c","Interface":null}}
2025-08-15T22:13:35.792-0500	DEBUG	protocol/handler.go:596	round already finalized
2025-08-15T22:13:35.836-0500	DEBUG	protocol/handler.go:581	tryAdvanceRound called	{"{current_round 20 3  <nil>}": {"Key":"self","Type":15,"Integer":0,"String":"a","Interface":null}}
2025-08-15T22:13:35.836-0500	DEBUG	protocol/handler.go:1591	have processed broadcast	{"{round 20 3  <nil>}": {"Key":"from","Type":15,"Integer":0,"String":"b","Interface":null}}
2025-08-15T22:13:35.836-0500	DEBUG	protocol/handler.go:1591	have processed broadcast	{"{round 20 3  <nil>}": {"Key":"from","Type":15,"Integer":0,"String":"c","Interface":null}}
2025-08-15T22:13:35.836-0500	DEBUG	protocol/handler.go:1649	have all messages and processed	{"{round 20 3  <nil>}": {"Key":"self","Type":15,"Integer":0,"String":"a","Interface":null}}
2025-08-15T22:13:35.836-0500	DEBUG	protocol/handler.go:596	round already finalized
2025-08-15T22:13:35.836-0500	DEBUG	protocol/handler.go:581	tryAdvanceRound called	{"{current_round 20 3  <nil>}": {"Key":"self","Type":15,"Integer":0,"String":"a","Interface":null}}
2025-08-15T22:13:35.836-0500	DEBUG	protocol/handler.go:1591	have processed broadcast	{"{round 20 3  <nil>}": {"Key":"from","Type":15,"Integer":0,"String":"b","Interface":null}}
2025-08-15T22:13:35.836-0500	DEBUG	protocol/handler.go:1591	have processed broadcast	{"{round 20 3  <nil>}": {"Key":"from","Type":15,"Integer":0,"String":"c","Interface":null}}
2025-08-15T22:13:35.836-0500	DEBUG	protocol/handler.go:1649	have all messages and processed	{"{round 20 3  <nil>}": {"Key":"self","Type":15,"Integer":0,"String":"a","Interface":null}}
2025-08-15T22:13:35.836-0500	DEBUG	protocol/handler.go:596	round already finalized
2025-08-15T22:13:35.836-0500	DEBUG	protocol/handler.go:581	tryAdvanceRound called	{"{current_round 20 3  <nil>}": {"Key":"self","Type":15,"Integer":0,"String":"b","Interface":null}}
2025-08-15T22:13:35.836-0500	DEBUG	protocol/handler.go:1591	have processed broadcast	{"{round 20 3  <nil>}": {"Key":"from","Type":15,"Integer":0,"String":"a","Interface":null}}
2025-08-15T22:13:35.836-0500	DEBUG	protocol/handler.go:1591	have processed broadcast	{"{round 20 3  <nil>}": {"Key":"from","Type":15,"Integer":0,"String":"c","Interface":null}}
2025-08-15T22:13:35.836-0500	DEBUG	protocol/handler.go:1649	have all messages and processed	{"{round 20 3  <nil>}": {"Key":"self","Type":15,"Integer":0,"String":"b","Interface":null}}
2025-08-15T22:13:35.836-0500	DEBUG	protocol/handler.go:596	round already finalized
2025-08-15T22:13:35.836-0500	DEBUG	protocol/handler.go:581	tryAdvanceRound called	{"{current_round 20 3  <nil>}": {"Key":"self","Type":15,"Integer":0,"String":"b","Interface":null}}
2025-08-15T22:13:35.836-0500	DEBUG	protocol/handler.go:1591	have processed broadcast	{"{round 20 3  <nil>}": {"Key":"from","Type":15,"Integer":0,"String":"a","Interface":null}}
2025-08-15T22:13:35.837-0500	DEBUG	protocol/handler.go:1591	have processed broadcast	{"{round 20 3  <nil>}": {"Key":"from","Type":15,"Integer":0,"String":"c","Interface":null}}
2025-08-15T22:13:35.837-0500	DEBUG	protocol/handler.go:1649	have all messages and processed	{"{round 20 3  <nil>}": {"Key":"self","Type":15,"Integer":0,"String":"b","Interface":null}}
2025-08-15T22:13:35.837-0500	DEBUG	protocol/handler.go:596	round already finalized
2025-08-15T22:13:35.837-0500	DEBUG	protocol/handler.go:581	tryAdvanceRound called	{"{current_round 20 3  <nil>}": {"Key":"self","Type":15,"Integer":0,"String":"c","Interface":null}}
2025-08-15T22:13:35.837-0500	DEBUG	protocol/handler.go:1591	have processed broadcast	{"{round 20 3  <nil>}": {"Key":"from","Type":15,"Integer":0,"String":"a","Interface":null}}
2025-08-15T22:13:35.837-0500	DEBUG	protocol/handler.go:1591	have processed broadcast	{"{round 20 3  <nil>}": {"Key":"from","Type":15,"Integer":0,"String":"b","Interface":null}}
2025-08-15T22:13:35.837-0500	DEBUG	protocol/handler.go:1649	have all messages and processed	{"{round 20 3  <nil>}": {"Key":"self","Type":15,"Integer":0,"String":"c","Interface":null}}
2025-08-15T22:13:35.837-0500	DEBUG	protocol/handler.go:596	round already finalized
2025-08-15T22:13:35.837-0500	DEBUG	protocol/handler.go:581	tryAdvanceRound called	{"{current_round 20 3  <nil>}": {"Key":"self","Type":15,"Integer":0,"String":"c","Interface":null}}
2025-08-15T22:13:35.837-0500	DEBUG	protocol/handler.go:1591	have processed broadcast	{"{round 20 3  <nil>}": {"Key":"from","Type":15,"Integer":0,"String":"a","Interface":null}}
2025-08-15T22:13:35.837-0500	DEBUG	protocol/handler.go:1591	have processed broadcast	{"{round 20 3  <nil>}": {"Key":"from","Type":15,"Integer":0,"String":"b","Interface":null}}
2025-08-15T22:13:35.837-0500	DEBUG	protocol/handler.go:1649	have all messages and processed	{"{round 20 3  <nil>}": {"Key":"self","Type":15,"Integer":0,"String":"c","Interface":null}}
2025-08-15T22:13:35.837-0500	DEBUG	protocol/handler.go:596	round already finalized
2025-08-15T22:13:35.837-0500	DEBUG	protocol/handler.go:581	tryAdvanceRound called	{"{current_round 20 3  <nil>}": {"Key":"self","Type":15,"Integer":0,"String":"a","Interface":null}}
2025-08-15T22:13:35.837-0500	DEBUG	protocol/handler.go:1591	have processed broadcast	{"{round 20 3  <nil>}": {"Key":"from","Type":15,"Integer":0,"String":"b","Interface":null}}
2025-08-15T22:13:35.837-0500	DEBUG	protocol/handler.go:1591	have processed broadcast	{"{round 20 3  <nil>}": {"Key":"from","Type":15,"Integer":0,"String":"c","Interface":null}}
2025-08-15T22:13:35.837-0500	DEBUG	protocol/handler.go:1649	have all messages and processed	{"{round 20 3  <nil>}": {"Key":"self","Type":15,"Integer":0,"String":"a","Interface":null}}
2025-08-15T22:13:35.837-0500	DEBUG	protocol/handler.go:596	round already finalized
2025-08-15T22:13:35.859-0500	DEBUG	protocol/handler.go:581	tryAdvanceRound called	{"{current_round 20 3  <nil>}": {"Key":"self","Type":15,"Integer":0,"String":"a","Interface":null}}
2025-08-15T22:13:35.859-0500	DEBUG	protocol/handler.go:1591	have processed broadcast	{"{round 20 3  <nil>}": {"Key":"from","Type":15,"Integer":0,"String":"b","Interface":null}}
2025-08-15T22:13:35.859-0500	DEBUG	protocol/handler.go:1591	have processed broadcast	{"{round 20 3  <nil>}": {"Key":"from","Type":15,"Integer":0,"String":"c","Interface":null}}
2025-08-15T22:13:35.859-0500	DEBUG	protocol/handler.go:1649	have all messages and processed	{"{round 20 3  <nil>}": {"Key":"self","Type":15,"Integer":0,"String":"a","Interface":null}}
2025-08-15T22:13:35.859-0500	DEBUG	protocol/handler.go:596	round already finalized
2025-08-15T22:13:35.884-0500	DEBUG	protocol/handler.go:581	tryAdvanceRound called	{"{current_round 20 3  <nil>}": {"Key":"self","Type":15,"Integer":0,"String":"b","Interface":null}}
2025-08-15T22:13:35.884-0500	DEBUG	protocol/handler.go:1591	have processed broadcast	{"{round 20 3  <nil>}": {"Key":"from","Type":15,"Integer":0,"String":"a","Interface":null}}
2025-08-15T22:13:35.884-0500	DEBUG	protocol/handler.go:1591	have processed broadcast	{"{round 20 3  <nil>}": {"Key":"from","Type":15,"Integer":0,"String":"c","Interface":null}}
2025-08-15T22:13:35.884-0500	DEBUG	protocol/handler.go:1649	have all messages and processed	{"{round 20 3  <nil>}": {"Key":"self","Type":15,"Integer":0,"String":"b","Interface":null}}
2025-08-15T22:13:35.884-0500	DEBUG	protocol/handler.go:596	round already finalized
2025-08-15T22:13:35.884-0500	DEBUG	protocol/handler.go:581	tryAdvanceRound called	{"{current_round 20 3  <nil>}": {"Key":"self","Type":15,"Integer":0,"String":"b","Interface":null}}
2025-08-15T22:13:35.884-0500	DEBUG	protocol/handler.go:1591	have processed broadcast	{"{round 20 3  <nil>}": {"Key":"from","Type":15,"Integer":0,"String":"a","Interface":null}}
2025-08-15T22:13:35.884-0500	DEBUG	protocol/handler.go:1591	have processed broadcast	{"{round 20 3  <nil>}": {"Key":"from","Type":15,"Integer":0,"String":"c","Interface":null}}
2025-08-15T22:13:35.884-0500	DEBUG	protocol/handler.go:1649	have all messages and processed	{"{round 20 3  <nil>}": {"Key":"self","Type":15,"Integer":0,"String":"b","Interface":null}}
2025-08-15T22:13:35.884-0500	DEBUG	protocol/handler.go:596	round already finalized
2025-08-15T22:13:35.884-0500	DEBUG	protocol/handler.go:581	tryAdvanceRound called	{"{current_round 20 3  <nil>}": {"Key":"self","Type":15,"Integer":0,"String":"c","Interface":null}}
2025-08-15T22:13:35.884-0500	DEBUG	protocol/handler.go:1591	have processed broadcast	{"{round 20 3  <nil>}": {"Key":"from","Type":15,"Integer":0,"String":"a","Interface":null}}
2025-08-15T22:13:35.885-0500	DEBUG	protocol/handler.go:1591	have processed broadcast	{"{round 20 3  <nil>}": {"Key":"from","Type":15,"Integer":0,"String":"b","Interface":null}}
2025-08-15T22:13:35.885-0500	DEBUG	protocol/handler.go:1649	have all messages and processed	{"{round 20 3  <nil>}": {"Key":"self","Type":15,"Integer":0,"String":"c","Interface":null}}
2025-08-15T22:13:35.885-0500	DEBUG	protocol/handler.go:596	round already finalized
2025-08-15T22:13:35.885-0500	DEBUG	protocol/handler.go:581	tryAdvanceRound called	{"{current_round 20 3  <nil>}": {"Key":"self","Type":15,"Integer":0,"String":"c","Interface":null}}
2025-08-15T22:13:35.885-0500	DEBUG	protocol/handler.go:1591	have processed broadcast	{"{round 20 3  <nil>}": {"Key":"from","Type":15,"Integer":0,"String":"a","Interface":null}}
2025-08-15T22:13:35.885-0500	DEBUG	protocol/handler.go:1591	have processed broadcast	{"{round 20 3  <nil>}": {"Key":"from","Type":15,"Integer":0,"String":"b","Interface":null}}
2025-08-15T22:13:35.885-0500	DEBUG	protocol/handler.go:1649	have all messages and processed	{"{round 20 3  <nil>}": {"Key":"self","Type":15,"Integer":0,"String":"c","Interface":null}}
2025-08-15T22:13:35.885-0500	DEBUG	protocol/handler.go:596	round already finalized
2025-08-15T22:13:35.885-0500	DEBUG	protocol/handler.go:581	tryAdvanceRound called	{"{current_round 20 3  <nil>}": {"Key":"self","Type":15,"Integer":0,"String":"a","Interface":null}}
2025-08-15T22:13:35.885-0500	DEBUG	protocol/handler.go:1591	have processed broadcast	{"{round 20 3  <nil>}": {"Key":"from","Type":15,"Integer":0,"String":"b","Interface":null}}
2025-08-15T22:13:35.885-0500	DEBUG	protocol/handler.go:1591	have processed broadcast	{"{round 20 3  <nil>}": {"Key":"from","Type":15,"Integer":0,"String":"c","Interface":null}}
2025-08-15T22:13:35.885-0500	DEBUG	protocol/handler.go:1649	have all messages and processed	{"{round 20 3  <nil>}": {"Key":"self","Type":15,"Integer":0,"String":"a","Interface":null}}
2025-08-15T22:13:35.885-0500	DEBUG	protocol/handler.go:596	round already finalized
2025-08-15T22:13:35.928-0500	DEBUG	protocol/handler.go:581	tryAdvanceRound called	{"{current_round 20 3  <nil>}": {"Key":"self","Type":15,"Integer":0,"String":"c","Interface":null}}
2025-08-15T22:13:35.928-0500	DEBUG	protocol/handler.go:1591	have processed broadcast	{"{round 20 3  <nil>}": {"Key":"from","Type":15,"Integer":0,"String":"a","Interface":null}}
2025-08-15T22:13:35.928-0500	DEBUG	protocol/handler.go:1591	have processed broadcast	{"{round 20 3  <nil>}": {"Key":"from","Type":15,"Integer":0,"String":"b","Interface":null}}
2025-08-15T22:13:35.928-0500	DEBUG	protocol/handler.go:1649	have all messages and processed	{"{round 20 3  <nil>}": {"Key":"self","Type":15,"Integer":0,"String":"c","Interface":null}}
2025-08-15T22:13:35.928-0500	DEBUG	protocol/handler.go:596	round already finalized
2025-08-15T22:13:35.946-0500	DEBUG	protocol/handler.go:581	tryAdvanceRound called	{"{current_round 20 3  <nil>}": {"Key":"self","Type":15,"Integer":0,"String":"c","Interface":null}}
2025-08-15T22:13:35.946-0500	DEBUG	protocol/handler.go:1591	have processed broadcast	{"{round 20 3  <nil>}": {"Key":"from","Type":15,"Integer":0,"String":"a","Interface":null}}
2025-08-15T22:13:35.946-0500	DEBUG	protocol/handler.go:1591	have processed broadcast	{"{round 20 3  <nil>}": {"Key":"from","Type":15,"Integer":0,"String":"b","Interface":null}}
2025-08-15T22:13:35.946-0500	DEBUG	protocol/handler.go:1649	have all messages and processed	{"{round 20 3  <nil>}": {"Key":"self","Type":15,"Integer":0,"String":"c","Interface":null}}
2025-08-15T22:13:35.946-0500	DEBUG	protocol/handler.go:596	round already finalized
2025-08-15T22:13:35.946-0500	DEBUG	protocol/handler.go:581	tryAdvanceRound called	{"{current_round 20 3  <nil>}": {"Key":"self","Type":15,"Integer":0,"String":"b","Interface":null}}
2025-08-15T22:13:35.947-0500	DEBUG	protocol/handler.go:1591	have processed broadcast	{"{round 20 3  <nil>}": {"Key":"from","Type":15,"Integer":0,"String":"a","Interface":null}}
2025-08-15T22:13:35.947-0500	DEBUG	protocol/handler.go:1591	have processed broadcast	{"{round 20 3  <nil>}": {"Key":"from","Type":15,"Integer":0,"String":"c","Interface":null}}
2025-08-15T22:13:35.947-0500	DEBUG	protocol/handler.go:1649	have all messages and processed	{"{round 20 3  <nil>}": {"Key":"self","Type":15,"Integer":0,"String":"b","Interface":null}}
2025-08-15T22:13:35.947-0500	DEBUG	protocol/handler.go:596	round already finalized
2025-08-15T22:13:35.947-0500	DEBUG	protocol/handler.go:581	tryAdvanceRound called	{"{current_round 20 3  <nil>}": {"Key":"self","Type":15,"Integer":0,"String":"b","Interface":null}}
2025-08-15T22:13:35.947-0500	DEBUG	protocol/handler.go:1591	have processed broadcast	{"{round 20 3  <nil>}": {"Key":"from","Type":15,"Integer":0,"String":"a","Interface":null}}
2025-08-15T22:13:35.947-0500	DEBUG	protocol/handler.go:1591	have processed broadcast	{"{round 20 3  <nil>}": {"Key":"from","Type":15,"Integer":0,"String":"c","Interface":null}}
2025-08-15T22:13:35.947-0500	DEBUG	protocol/handler.go:1649	have all messages and processed	{"{round 20 3  <nil>}": {"Key":"self","Type":15,"Integer":0,"String":"b","Interface":null}}
2025-08-15T22:13:35.947-0500	DEBUG	protocol/handler.go:596	round already finalized
2025-08-15T22:13:35.947-0500	DEBUG	protocol/handler.go:581	tryAdvanceRound called	{"{current_round 20 3  <nil>}": {"Key":"self","Type":15,"Integer":0,"String":"a","Interface":null}}
2025-08-15T22:13:35.947-0500	DEBUG	protocol/handler.go:1591	have processed broadcast	{"{round 20 3  <nil>}": {"Key":"from","Type":15,"Integer":0,"String":"b","Interface":null}}
2025-08-15T22:13:35.947-0500	DEBUG	protocol/handler.go:1591	have processed broadcast	{"{round 20 3  <nil>}": {"Key":"from","Type":15,"Integer":0,"String":"c","Interface":null}}
2025-08-15T22:13:35.947-0500	DEBUG	protocol/handler.go:1649	have all messages and processed	{"{round 20 3  <nil>}": {"Key":"self","Type":15,"Integer":0,"String":"a","Interface":null}}
2025-08-15T22:13:35.947-0500	DEBUG	protocol/handler.go:596	round already finalized
2025-08-15T22:13:35.947-0500	DEBUG	protocol/handler.go:581	tryAdvanceRound called	{"{current_round 20 3  <nil>}": {"Key":"self","Type":15,"Integer":0,"String":"a","Interface":null}}
2025-08-15T22:13:35.947-0500	DEBUG	protocol/handler.go:1591	have processed broadcast	{"{round 20 3  <nil>}": {"Key":"from","Type":15,"Integer":0,"String":"b","Interface":null}}
2025-08-15T22:13:35.947-0500	DEBUG	protocol/handler.go:1591	have processed broadcast	{"{round 20 3  <nil>}": {"Key":"from","Type":15,"Integer":0,"String":"c","Interface":null}}
2025-08-15T22:13:35.947-0500	DEBUG	protocol/handler.go:1649	have all messages and processed	{"{round 20 3  <nil>}": {"Key":"self","Type":15,"Integer":0,"String":"a","Interface":null}}
2025-08-15T22:13:35.947-0500	DEBUG	protocol/handler.go:596	round already finalized
2025-08-15T22:13:35.966-0500	DEBUG	protocol/handler.go:581	tryAdvanceRound called	{"{current_round 20 3  <nil>}": {"Key":"self","Type":15,"Integer":0,"String":"a","Interface":null}}
2025-08-15T22:13:35.966-0500	DEBUG	protocol/handler.go:1591	have processed broadcast	{"{round 20 3  <nil>}": {"Key":"from","Type":15,"Integer":0,"String":"b","Interface":null}}
2025-08-15T22:13:35.966-0500	DEBUG	protocol/handler.go:1591	have processed broadcast	{"{round 20 3  <nil>}": {"Key":"from","Type":15,"Integer":0,"String":"c","Interface":null}}
2025-08-15T22:13:35.966-0500	DEBUG	protocol/handler.go:1649	have all messages and processed	{"{round 20 3  <nil>}": {"Key":"self","Type":15,"Integer":0,"String":"a","Interface":null}}
2025-08-15T22:13:35.971-0500	DEBUG	protocol/handler.go:596	round already finalized
2025-08-15T22:13:35.990-0500	DEBUG	protocol/handler.go:581	tryAdvanceRound called	{"{current_round 20 3  <nil>}": {"Key":"self","Type":15,"Integer":0,"String":"b","Interface":null}}
2025-08-15T22:13:35.990-0500	DEBUG	protocol/handler.go:1591	have processed broadcast	{"{round 20 3  <nil>}": {"Key":"from","Type":15,"Integer":0,"String":"a","Interface":null}}
2025-08-15T22:13:35.990-0500	DEBUG	protocol/handler.go:1591	have processed broadcast	{"{round 20 3  <nil>}": {"Key":"from","Type":15,"Integer":0,"String":"c","Interface":null}}
2025-08-15T22:13:35.990-0500	DEBUG	protocol/handler.go:1649	have all messages and processed	{"{round 20 3  <nil>}": {"Key":"self","Type":15,"Integer":0,"String":"b","Interface":null}}
2025-08-15T22:13:35.991-0500	DEBUG	protocol/handler.go:596	round already finalized
2025-08-15T22:13:35.991-0500	DEBUG	protocol/handler.go:581	tryAdvanceRound called	{"{current_round 20 3  <nil>}": {"Key":"self","Type":15,"Integer":0,"String":"b","Interface":null}}
2025-08-15T22:13:35.991-0500	DEBUG	protocol/handler.go:1591	have processed broadcast	{"{round 20 3  <nil>}": {"Key":"from","Type":15,"Integer":0,"String":"a","Interface":null}}
2025-08-15T22:13:35.991-0500	DEBUG	protocol/handler.go:1591	have processed broadcast	{"{round 20 3  <nil>}": {"Key":"from","Type":15,"Integer":0,"String":"c","Interface":null}}
2025-08-15T22:13:35.991-0500	DEBUG	protocol/handler.go:1649	have all messages and processed	{"{round 20 3  <nil>}": {"Key":"self","Type":15,"Integer":0,"String":"b","Interface":null}}
2025-08-15T22:13:35.991-0500	DEBUG	protocol/handler.go:596	round already finalized
2025-08-15T22:13:35.991-0500	DEBUG	protocol/handler.go:581	tryAdvanceRound called	{"{current_round 20 3  <nil>}": {"Key":"self","Type":15,"Integer":0,"String":"b","Interface":null}}
2025-08-15T22:13:35.991-0500	DEBUG	protocol/handler.go:1591	have processed broadcast	{"{round 20 3  <nil>}": {"Key":"from","Type":15,"Integer":0,"String":"a","Interface":null}}
2025-08-15T22:13:35.991-0500	DEBUG	protocol/handler.go:1591	have processed broadcast	{"{round 20 3  <nil>}": {"Key":"from","Type":15,"Integer":0,"String":"c","Interface":null}}
2025-08-15T22:13:35.991-0500	DEBUG	protocol/handler.go:1649	have all messages and processed	{"{round 20 3  <nil>}": {"Key":"self","Type":15,"Integer":0,"String":"b","Interface":null}}
2025-08-15T22:13:35.991-0500	DEBUG	protocol/handler.go:596	round already finalized
2025-08-15T22:13:35.991-0500	DEBUG	protocol/handler.go:581	tryAdvanceRound called	{"{current_round 20 3  <nil>}": {"Key":"self","Type":15,"Integer":0,"String":"c","Interface":null}}
2025-08-15T22:13:35.991-0500	DEBUG	protocol/handler.go:1591	have processed broadcast	{"{round 20 3  <nil>}": {"Key":"from","Type":15,"Integer":0,"String":"a","Interface":null}}
2025-08-15T22:13:35.991-0500	DEBUG	protocol/handler.go:1591	have processed broadcast	{"{round 20 3  <nil>}": {"Key":"from","Type":15,"Integer":0,"String":"b","Interface":null}}
2025-08-15T22:13:35.991-0500	DEBUG	protocol/handler.go:1649	have all messages and processed	{"{round 20 3  <nil>}": {"Key":"self","Type":15,"Integer":0,"String":"c","Interface":null}}
2025-08-15T22:13:35.991-0500	DEBUG	protocol/handler.go:596	round already finalized
2025-08-15T22:13:35.991-0500	DEBUG	protocol/handler.go:581	tryAdvanceRound called	{"{current_round 20 3  <nil>}": {"Key":"self","Type":15,"Integer":0,"String":"c","Interface":null}}
2025-08-15T22:13:35.991-0500	DEBUG	protocol/handler.go:1591	have processed broadcast	{"{round 20 3  <nil>}": {"Key":"from","Type":15,"Integer":0,"String":"a","Interface":null}}
2025-08-15T22:13:35.991-0500	DEBUG	protocol/handler.go:1591	have processed broadcast	{"{round 20 3  <nil>}": {"Key":"from","Type":15,"Integer":0,"String":"b","Interface":null}}
2025-08-15T22:13:35.991-0500	DEBUG	protocol/handler.go:1649	have all messages and processed	{"{round 20 3  <nil>}": {"Key":"self","Type":15,"Integer":0,"String":"c","Interface":null}}
2025-08-15T22:13:35.992-0500	DEBUG	protocol/handler.go:596	round already finalized
2025-08-15T22:13:35.992-0500	DEBUG	protocol/handler.go:581	tryAdvanceRound called	{"{current_round 20 3  <nil>}": {"Key":"self","Type":15,"Integer":0,"String":"a","Interface":null}}
2025-08-15T22:13:35.992-0500	DEBUG	protocol/handler.go:1591	have processed broadcast	{"{round 20 3  <nil>}": {"Key":"from","Type":15,"Integer":0,"String":"b","Interface":null}}
2025-08-15T22:13:35.992-0500	DEBUG	protocol/handler.go:1591	have processed broadcast	{"{round 20 3  <nil>}": {"Key":"from","Type":15,"Integer":0,"String":"c","Interface":null}}
2025-08-15T22:13:35.992-0500	DEBUG	protocol/handler.go:1649	have all messages and processed	{"{round 20 3  <nil>}": {"Key":"self","Type":15,"Integer":0,"String":"a","Interface":null}}
2025-08-15T22:13:35.992-0500	DEBUG	protocol/handler.go:596	round already finalized
2025-08-15T22:13:35.992-0500	DEBUG	protocol/handler.go:581	tryAdvanceRound called	{"{current_round 20 3  <nil>}": {"Key":"self","Type":15,"Integer":0,"String":"a","Interface":null}}
2025-08-15T22:13:35.992-0500	DEBUG	protocol/handler.go:1591	have processed broadcast	{"{round 20 3  <nil>}": {"Key":"from","Type":15,"Integer":0,"String":"b","Interface":null}}
2025-08-15T22:13:35.992-0500	DEBUG	protocol/handler.go:1591	have processed broadcast	{"{round 20 3  <nil>}": {"Key":"from","Type":15,"Integer":0,"String":"c","Interface":null}}
2025-08-15T22:13:35.992-0500	DEBUG	protocol/handler.go:1649	have all messages and processed	{"{round 20 3  <nil>}": {"Key":"self","Type":15,"Integer":0,"String":"a","Interface":null}}
2025-08-15T22:13:35.992-0500	DEBUG	protocol/handler.go:596	round already finalized
2025-08-15T22:13:36.008-0500	DEBUG	protocol/handler.go:581	tryAdvanceRound called	{"{current_round 20 3  <nil>}": {"Key":"self","Type":15,"Integer":0,"String":"b","Interface":null}}
2025-08-15T22:13:36.008-0500	DEBUG	protocol/handler.go:1591	have processed broadcast	{"{round 20 3  <nil>}": {"Key":"from","Type":15,"Integer":0,"String":"a","Interface":null}}
2025-08-15T22:13:36.008-0500	DEBUG	protocol/handler.go:1591	have processed broadcast	{"{round 20 3  <nil>}": {"Key":"from","Type":15,"Integer":0,"String":"c","Interface":null}}
2025-08-15T22:13:36.008-0500	DEBUG	protocol/handler.go:1649	have all messages and processed	{"{round 20 3  <nil>}": {"Key":"self","Type":15,"Integer":0,"String":"b","Interface":null}}
2025-08-15T22:13:36.008-0500	DEBUG	protocol/handler.go:596	round already finalized
2025-08-15T22:13:36.030-0500	DEBUG	protocol/handler.go:581	tryAdvanceRound called	{"{current_round 20 3  <nil>}": {"Key":"self","Type":15,"Integer":0,"String":"b","Interface":null}}
2025-08-15T22:13:36.030-0500	DEBUG	protocol/handler.go:1591	have processed broadcast	{"{round 20 3  <nil>}": {"Key":"from","Type":15,"Integer":0,"String":"a","Interface":null}}
2025-08-15T22:13:36.030-0500	DEBUG	protocol/handler.go:1591	have processed broadcast	{"{round 20 3  <nil>}": {"Key":"from","Type":15,"Integer":0,"String":"c","Interface":null}}
2025-08-15T22:13:36.030-0500	DEBUG	protocol/handler.go:1649	have all messages and processed	{"{round 20 3  <nil>}": {"Key":"self","Type":15,"Integer":0,"String":"b","Interface":null}}
2025-08-15T22:13:36.030-0500	DEBUG	protocol/handler.go:596	round already finalized
2025-08-15T22:13:36.030-0500	DEBUG	protocol/handler.go:581	tryAdvanceRound called	{"{current_round 20 3  <nil>}": {"Key":"self","Type":15,"Integer":0,"String":"a","Interface":null}}
2025-08-15T22:13:36.030-0500	DEBUG	protocol/handler.go:1591	have processed broadcast	{"{round 20 3  <nil>}": {"Key":"from","Type":15,"Integer":0,"String":"b","Interface":null}}
2025-08-15T22:13:36.030-0500	DEBUG	protocol/handler.go:1591	have processed broadcast	{"{round 20 3  <nil>}": {"Key":"from","Type":15,"Integer":0,"String":"c","Interface":null}}
2025-08-15T22:13:36.030-0500	DEBUG	protocol/handler.go:1649	have all messages and processed	{"{round 20 3  <nil>}": {"Key":"self","Type":15,"Integer":0,"String":"a","Interface":null}}
2025-08-15T22:13:36.030-0500	DEBUG	protocol/handler.go:596	round already finalized
2025-08-15T22:13:36.030-0500	DEBUG	protocol/handler.go:581	tryAdvanceRound called	{"{current_round 20 3  <nil>}": {"Key":"self","Type":15,"Integer":0,"String":"a","Interface":null}}
2025-08-15T22:13:36.030-0500	DEBUG	protocol/handler.go:1591	have processed broadcast	{"{round 20 3  <nil>}": {"Key":"from","Type":15,"Integer":0,"String":"b","Interface":null}}
2025-08-15T22:13:36.030-0500	DEBUG	protocol/handler.go:1591	have processed broadcast	{"{round 20 3  <nil>}": {"Key":"from","Type":15,"Integer":0,"String":"c","Interface":null}}
2025-08-15T22:13:36.030-0500	DEBUG	protocol/handler.go:1649	have all messages and processed	{"{round 20 3  <nil>}": {"Key":"self","Type":15,"Integer":0,"String":"a","Interface":null}}
2025-08-15T22:13:36.030-0500	DEBUG	protocol/handler.go:596	round already finalized
2025-08-15T22:13:36.031-0500	DEBUG	protocol/handler.go:581	tryAdvanceRound called	{"{current_round 20 3  <nil>}": {"Key":"self","Type":15,"Integer":0,"String":"c","Interface":null}}
2025-08-15T22:13:36.031-0500	DEBUG	protocol/handler.go:1591	have processed broadcast	{"{round 20 3  <nil>}": {"Key":"from","Type":15,"Integer":0,"String":"a","Interface":null}}
2025-08-15T22:13:36.031-0500	DEBUG	protocol/handler.go:1591	have processed broadcast	{"{round 20 3  <nil>}": {"Key":"from","Type":15,"Integer":0,"String":"b","Interface":null}}
2025-08-15T22:13:36.031-0500	DEBUG	protocol/handler.go:1649	have all messages and processed	{"{round 20 3  <nil>}": {"Key":"self","Type":15,"Integer":0,"String":"c","Interface":null}}
2025-08-15T22:13:36.031-0500	DEBUG	protocol/handler.go:596	round already finalized
2025-08-15T22:13:36.031-0500	DEBUG	protocol/handler.go:581	tryAdvanceRound called	{"{current_round 20 3  <nil>}": {"Key":"self","Type":15,"Integer":0,"String":"c","Interface":null}}
2025-08-15T22:13:36.031-0500	DEBUG	protocol/handler.go:1591	have processed broadcast	{"{round 20 3  <nil>}": {"Key":"from","Type":15,"Integer":0,"String":"a","Interface":null}}
2025-08-15T22:13:36.031-0500	DEBUG	protocol/handler.go:1591	have processed broadcast	{"{round 20 3  <nil>}": {"Key":"from","Type":15,"Integer":0,"String":"b","Interface":null}}
2025-08-15T22:13:36.031-0500	DEBUG	protocol/handler.go:1649	have all messages and processed	{"{round 20 3  <nil>}": {"Key":"self","Type":15,"Integer":0,"String":"c","Interface":null}}
2025-08-15T22:13:36.031-0500	DEBUG	protocol/handler.go:596	round already finalized
2025-08-15T22:13:36.031-0500	DEBUG	protocol/handler.go:581	tryAdvanceRound called	{"{current_round 20 3  <nil>}": {"Key":"self","Type":15,"Integer":0,"String":"c","Interface":null}}
2025-08-15T22:13:36.031-0500	DEBUG	protocol/handler.go:1591	have processed broadcast	{"{round 20 3  <nil>}": {"Key":"from","Type":15,"Integer":0,"String":"a","Interface":null}}
2025-08-15T22:13:36.031-0500	DEBUG	protocol/handler.go:1591	have processed broadcast	{"{round 20 3  <nil>}": {"Key":"from","Type":15,"Integer":0,"String":"b","Interface":null}}
2025-08-15T22:13:36.031-0500	DEBUG	protocol/handler.go:1649	have all messages and processed	{"{round 20 3  <nil>}": {"Key":"self","Type":15,"Integer":0,"String":"c","Interface":null}}
2025-08-15T22:13:36.031-0500	DEBUG	protocol/handler.go:596	round already finalized
2025-08-15T22:13:36.031-0500	DEBUG	protocol/handler.go:581	tryAdvanceRound called	{"{current_round 20 3  <nil>}": {"Key":"self","Type":15,"Integer":0,"String":"b","Interface":null}}
2025-08-15T22:13:36.031-0500	DEBUG	protocol/handler.go:1591	have processed broadcast	{"{round 20 3  <nil>}": {"Key":"from","Type":15,"Integer":0,"String":"a","Interface":null}}
2025-08-15T22:13:36.031-0500	DEBUG	protocol/handler.go:1591	have processed broadcast	{"{round 20 3  <nil>}": {"Key":"from","Type":15,"Integer":0,"String":"c","Interface":null}}
2025-08-15T22:13:36.031-0500	DEBUG	protocol/handler.go:1649	have all messages and processed	{"{round 20 3  <nil>}": {"Key":"self","Type":15,"Integer":0,"String":"b","Interface":null}}
2025-08-15T22:13:36.031-0500	DEBUG	protocol/handler.go:596	round already finalized
2025-08-15T22:13:36.076-0500	DEBUG	protocol/handler.go:581	tryAdvanceRound called	{"{current_round 20 3  <nil>}": {"Key":"self","Type":15,"Integer":0,"String":"a","Interface":null}}
2025-08-15T22:13:36.076-0500	DEBUG	protocol/handler.go:1591	have processed broadcast	{"{round 20 3  <nil>}": {"Key":"from","Type":15,"Integer":0,"String":"b","Interface":null}}
2025-08-15T22:13:36.076-0500	DEBUG	protocol/handler.go:1591	have processed broadcast	{"{round 20 3  <nil>}": {"Key":"from","Type":15,"Integer":0,"String":"c","Interface":null}}
2025-08-15T22:13:36.076-0500	DEBUG	protocol/handler.go:1649	have all messages and processed	{"{round 20 3  <nil>}": {"Key":"self","Type":15,"Integer":0,"String":"a","Interface":null}}
2025-08-15T22:13:36.076-0500	DEBUG	protocol/handler.go:596	round already finalized
2025-08-15T22:13:36.076-0500	DEBUG	protocol/handler.go:581	tryAdvanceRound called	{"{current_round 20 3  <nil>}": {"Key":"self","Type":15,"Integer":0,"String":"a","Interface":null}}
2025-08-15T22:13:36.076-0500	DEBUG	protocol/handler.go:1591	have processed broadcast	{"{round 20 3  <nil>}": {"Key":"from","Type":15,"Integer":0,"String":"b","Interface":null}}
2025-08-15T22:13:36.076-0500	DEBUG	protocol/handler.go:1591	have processed broadcast	{"{round 20 3  <nil>}": {"Key":"from","Type":15,"Integer":0,"String":"c","Interface":null}}
2025-08-15T22:13:36.076-0500	DEBUG	protocol/handler.go:1649	have all messages and processed	{"{round 20 3  <nil>}": {"Key":"self","Type":15,"Integer":0,"String":"a","Interface":null}}
2025-08-15T22:13:36.076-0500	DEBUG	protocol/handler.go:596	round already finalized
2025-08-15T22:13:36.076-0500	DEBUG	protocol/handler.go:581	tryAdvanceRound called	{"{current_round 20 3  <nil>}": {"Key":"self","Type":15,"Integer":0,"String":"b","Interface":null}}
2025-08-15T22:13:36.076-0500	DEBUG	protocol/handler.go:1591	have processed broadcast	{"{round 20 3  <nil>}": {"Key":"from","Type":15,"Integer":0,"String":"a","Interface":null}}
2025-08-15T22:13:36.076-0500	DEBUG	protocol/handler.go:1591	have processed broadcast	{"{round 20 3  <nil>}": {"Key":"from","Type":15,"Integer":0,"String":"c","Interface":null}}
2025-08-15T22:13:36.076-0500	DEBUG	protocol/handler.go:1649	have all messages and processed	{"{round 20 3  <nil>}": {"Key":"self","Type":15,"Integer":0,"String":"b","Interface":null}}
2025-08-15T22:13:36.076-0500	DEBUG	protocol/handler.go:596	round already finalized
2025-08-15T22:13:36.076-0500	DEBUG	protocol/handler.go:581	tryAdvanceRound called	{"{current_round 20 3  <nil>}": {"Key":"self","Type":15,"Integer":0,"String":"b","Interface":null}}
2025-08-15T22:13:36.076-0500	DEBUG	protocol/handler.go:1591	have processed broadcast	{"{round 20 3  <nil>}": {"Key":"from","Type":15,"Integer":0,"String":"a","Interface":null}}
2025-08-15T22:13:36.076-0500	DEBUG	protocol/handler.go:1591	have processed broadcast	{"{round 20 3  <nil>}": {"Key":"from","Type":15,"Integer":0,"String":"c","Interface":null}}
2025-08-15T22:13:36.076-0500	DEBUG	protocol/handler.go:1649	have all messages and processed	{"{round 20 3  <nil>}": {"Key":"self","Type":15,"Integer":0,"String":"b","Interface":null}}
2025-08-15T22:13:36.076-0500	DEBUG	protocol/handler.go:596	round already finalized
2025-08-15T22:13:36.077-0500	DEBUG	protocol/handler.go:581	tryAdvanceRound called	{"{current_round 20 3  <nil>}": {"Key":"self","Type":15,"Integer":0,"String":"c","Interface":null}}
2025-08-15T22:13:36.077-0500	DEBUG	protocol/handler.go:1591	have processed broadcast	{"{round 20 3  <nil>}": {"Key":"from","Type":15,"Integer":0,"String":"a","Interface":null}}
2025-08-15T22:13:36.077-0500	DEBUG	protocol/handler.go:1591	have processed broadcast	{"{round 20 3  <nil>}": {"Key":"from","Type":15,"Integer":0,"String":"b","Interface":null}}
2025-08-15T22:13:36.077-0500	DEBUG	protocol/handler.go:1649	have all messages and processed	{"{round 20 3  <nil>}": {"Key":"self","Type":15,"Integer":0,"String":"c","Interface":null}}
2025-08-15T22:13:36.077-0500	DEBUG	protocol/handler.go:596	round already finalized
2025-08-15T22:13:36.077-0500	DEBUG	protocol/handler.go:581	tryAdvanceRound called	{"{current_round 20 3  <nil>}": {"Key":"self","Type":15,"Integer":0,"String":"c","Interface":null}}
2025-08-15T22:13:36.077-0500	DEBUG	protocol/handler.go:1591	have processed broadcast	{"{round 20 3  <nil>}": {"Key":"from","Type":15,"Integer":0,"String":"a","Interface":null}}
2025-08-15T22:13:36.077-0500	DEBUG	protocol/handler.go:1591	have processed broadcast	{"{round 20 3  <nil>}": {"Key":"from","Type":15,"Integer":0,"String":"b","Interface":null}}
2025-08-15T22:13:36.077-0500	DEBUG	protocol/handler.go:1649	have all messages and processed	{"{round 20 3  <nil>}": {"Key":"self","Type":15,"Integer":0,"String":"c","Interface":null}}
2025-08-15T22:13:36.077-0500	DEBUG	protocol/handler.go:596	round already finalized
2025-08-15T22:13:36.077-0500	DEBUG	protocol/handler.go:581	tryAdvanceRound called	{"{current_round 20 3  <nil>}": {"Key":"self","Type":15,"Integer":0,"String":"a","Interface":null}}
2025-08-15T22:13:36.077-0500	DEBUG	protocol/handler.go:1591	have processed broadcast	{"{round 20 3  <nil>}": {"Key":"from","Type":15,"Integer":0,"String":"b","Interface":null}}
2025-08-15T22:13:36.077-0500	DEBUG	protocol/handler.go:1591	have processed broadcast	{"{round 20 3  <nil>}": {"Key":"from","Type":15,"Integer":0,"String":"c","Interface":null}}
2025-08-15T22:13:36.077-0500	DEBUG	protocol/handler.go:1649	have all messages and processed	{"{round 20 3  <nil>}": {"Key":"self","Type":15,"Integer":0,"String":"a","Interface":null}}
2025-08-15T22:13:36.077-0500	DEBUG	protocol/handler.go:596	round already finalized
2025-08-15T22:13:36.099-0500	DEBUG	protocol/handler.go:581	tryAdvanceRound called	{"{current_round 20 3  <nil>}": {"Key":"self","Type":15,"Integer":0,"String":"a","Interface":null}}
2025-08-15T22:13:36.099-0500	DEBUG	protocol/handler.go:1591	have processed broadcast	{"{round 20 3  <nil>}": {"Key":"from","Type":15,"Integer":0,"String":"b","Interface":null}}
2025-08-15T22:13:36.099-0500	DEBUG	protocol/handler.go:1591	have processed broadcast	{"{round 20 3  <nil>}": {"Key":"from","Type":15,"Integer":0,"String":"c","Interface":null}}
2025-08-15T22:13:36.108-0500	DEBUG	protocol/handler.go:1649	have all messages and processed	{"{round 20 3  <nil>}": {"Key":"self","Type":15,"Integer":0,"String":"a","Interface":null}}
2025-08-15T22:13:36.136-0500	DEBUG	protocol/handler.go:581	tryAdvanceRound called	{"{current_round 20 3  <nil>}": {"Key":"self","Type":15,"Integer":0,"String":"b","Interface":null}}
2025-08-15T22:13:36.136-0500	DEBUG	protocol/handler.go:1591	have processed broadcast	{"{round 20 3  <nil>}": {"Key":"from","Type":15,"Integer":0,"String":"a","Interface":null}}
2025-08-15T22:13:36.136-0500	DEBUG	protocol/handler.go:1591	have processed broadcast	{"{round 20 3  <nil>}": {"Key":"from","Type":15,"Integer":0,"String":"c","Interface":null}}
2025-08-15T22:13:36.136-0500	DEBUG	protocol/handler.go:1649	have all messages and processed	{"{round 20 3  <nil>}": {"Key":"self","Type":15,"Integer":0,"String":"b","Interface":null}}
2025-08-15T22:13:36.136-0500	DEBUG	protocol/handler.go:596	round already finalized
2025-08-15T22:13:36.136-0500	DEBUG	protocol/handler.go:581	tryAdvanceRound called	{"{current_round 20 3  <nil>}": {"Key":"self","Type":15,"Integer":0,"String":"b","Interface":null}}
2025-08-15T22:13:36.136-0500	DEBUG	protocol/handler.go:1591	have processed broadcast	{"{round 20 3  <nil>}": {"Key":"from","Type":15,"Integer":0,"String":"a","Interface":null}}
2025-08-15T22:13:36.137-0500	DEBUG	protocol/handler.go:1591	have processed broadcast	{"{round 20 3  <nil>}": {"Key":"from","Type":15,"Integer":0,"String":"c","Interface":null}}
2025-08-15T22:13:36.137-0500	DEBUG	protocol/handler.go:1649	have all messages and processed	{"{round 20 3  <nil>}": {"Key":"self","Type":15,"Integer":0,"String":"b","Interface":null}}
2025-08-15T22:13:36.137-0500	DEBUG	protocol/handler.go:596	round already finalized
2025-08-15T22:13:36.137-0500	DEBUG	protocol/handler.go:581	tryAdvanceRound called	{"{current_round 20 3  <nil>}": {"Key":"self","Type":15,"Integer":0,"String":"c","Interface":null}}
2025-08-15T22:13:36.137-0500	DEBUG	protocol/handler.go:1591	have processed broadcast	{"{round 20 3  <nil>}": {"Key":"from","Type":15,"Integer":0,"String":"a","Interface":null}}
2025-08-15T22:13:36.138-0500	DEBUG	protocol/handler.go:1591	have processed broadcast	{"{round 20 3  <nil>}": {"Key":"from","Type":15,"Integer":0,"String":"b","Interface":null}}
2025-08-15T22:13:36.138-0500	DEBUG	protocol/handler.go:1649	have all messages and processed	{"{round 20 3  <nil>}": {"Key":"self","Type":15,"Integer":0,"String":"c","Interface":null}}
2025-08-15T22:13:36.138-0500	DEBUG	protocol/handler.go:596	round already finalized
2025-08-15T22:13:36.138-0500	DEBUG	protocol/handler.go:581	tryAdvanceRound called	{"{current_round 20 3  <nil>}": {"Key":"self","Type":15,"Integer":0,"String":"c","Interface":null}}
2025-08-15T22:13:36.138-0500	DEBUG	protocol/handler.go:1591	have processed broadcast	{"{round 20 3  <nil>}": {"Key":"from","Type":15,"Integer":0,"String":"a","Interface":null}}
2025-08-15T22:13:36.138-0500	DEBUG	protocol/handler.go:1591	have processed broadcast	{"{round 20 3  <nil>}": {"Key":"from","Type":15,"Integer":0,"String":"b","Interface":null}}
2025-08-15T22:13:36.138-0500	DEBUG	protocol/handler.go:1649	have all messages and processed	{"{round 20 3  <nil>}": {"Key":"self","Type":15,"Integer":0,"String":"c","Interface":null}}
2025-08-15T22:13:36.138-0500	DEBUG	protocol/handler.go:596	round already finalized
2025-08-15T22:13:36.108-0500	DEBUG	protocol/handler.go:596	round already finalized
2025-08-15T22:13:36.158-0500	DEBUG	protocol/handler.go:581	tryAdvanceRound called	{"{current_round 20 3  <nil>}": {"Key":"self","Type":15,"Integer":0,"String":"a","Interface":null}}
2025-08-15T22:13:36.158-0500	DEBUG	protocol/handler.go:1591	have processed broadcast	{"{round 20 3  <nil>}": {"Key":"from","Type":15,"Integer":0,"String":"b","Interface":null}}
2025-08-15T22:13:36.158-0500	DEBUG	protocol/handler.go:1591	have processed broadcast	{"{round 20 3  <nil>}": {"Key":"from","Type":15,"Integer":0,"String":"c","Interface":null}}
2025-08-15T22:13:36.158-0500	DEBUG	protocol/handler.go:1649	have all messages and processed	{"{round 20 3  <nil>}": {"Key":"self","Type":15,"Integer":0,"String":"a","Interface":null}}
2025-08-15T22:13:36.158-0500	DEBUG	protocol/handler.go:596	round already finalized
2025-08-15T22:13:36.182-0500	DEBUG	protocol/handler.go:581	tryAdvanceRound called	{"{current_round 20 3  <nil>}": {"Key":"self","Type":15,"Integer":0,"String":"b","Interface":null}}
2025-08-15T22:13:36.182-0500	DEBUG	protocol/handler.go:581	tryAdvanceRound called	{"{current_round 20 3  <nil>}": {"Key":"self","Type":15,"Integer":0,"String":"a","Interface":null}}
2025-08-15T22:13:36.182-0500	DEBUG	protocol/handler.go:1591	have processed broadcast	{"{round 20 3  <nil>}": {"Key":"from","Type":15,"Integer":0,"String":"b","Interface":null}}
2025-08-15T22:13:36.183-0500	DEBUG	protocol/handler.go:1591	have processed broadcast	{"{round 20 3  <nil>}": {"Key":"from","Type":15,"Integer":0,"String":"c","Interface":null}}
2025-08-15T22:13:36.183-0500	DEBUG	protocol/handler.go:1649	have all messages and processed	{"{round 20 3  <nil>}": {"Key":"self","Type":15,"Integer":0,"String":"a","Interface":null}}
2025-08-15T22:13:36.183-0500	DEBUG	protocol/handler.go:596	round already finalized
2025-08-15T22:13:36.182-0500	DEBUG	protocol/handler.go:1591	have processed broadcast	{"{round 20 3  <nil>}": {"Key":"from","Type":15,"Integer":0,"String":"a","Interface":null}}
2025-08-15T22:13:36.183-0500	DEBUG	protocol/handler.go:1591	have processed broadcast	{"{round 20 3  <nil>}": {"Key":"from","Type":15,"Integer":0,"String":"c","Interface":null}}
2025-08-15T22:13:36.183-0500	DEBUG	protocol/handler.go:1649	have all messages and processed	{"{round 20 3  <nil>}": {"Key":"self","Type":15,"Integer":0,"String":"b","Interface":null}}
2025-08-15T22:13:36.183-0500	DEBUG	protocol/handler.go:596	round already finalized
2025-08-15T22:13:36.183-0500	DEBUG	protocol/handler.go:581	tryAdvanceRound called	{"{current_round 20 3  <nil>}": {"Key":"self","Type":15,"Integer":0,"String":"b","Interface":null}}
2025-08-15T22:13:36.183-0500	DEBUG	protocol/handler.go:1591	have processed broadcast	{"{round 20 3  <nil>}": {"Key":"from","Type":15,"Integer":0,"String":"a","Interface":null}}
2025-08-15T22:13:36.183-0500	DEBUG	protocol/handler.go:1591	have processed broadcast	{"{round 20 3  <nil>}": {"Key":"from","Type":15,"Integer":0,"String":"c","Interface":null}}
2025-08-15T22:13:36.183-0500	DEBUG	protocol/handler.go:1649	have all messages and processed	{"{round 20 3  <nil>}": {"Key":"self","Type":15,"Integer":0,"String":"b","Interface":null}}
2025-08-15T22:13:36.183-0500	DEBUG	protocol/handler.go:596	round already finalized
2025-08-15T22:13:36.182-0500	DEBUG	protocol/handler.go:581	tryAdvanceRound called	{"{current_round 20 3  <nil>}": {"Key":"self","Type":15,"Integer":0,"String":"c","Interface":null}}
2025-08-15T22:13:36.183-0500	DEBUG	protocol/handler.go:1591	have processed broadcast	{"{round 20 3  <nil>}": {"Key":"from","Type":15,"Integer":0,"String":"a","Interface":null}}
2025-08-15T22:13:36.183-0500	DEBUG	protocol/handler.go:1591	have processed broadcast	{"{round 20 3  <nil>}": {"Key":"from","Type":15,"Integer":0,"String":"b","Interface":null}}
2025-08-15T22:13:36.183-0500	DEBUG	protocol/handler.go:1649	have all messages and processed	{"{round 20 3  <nil>}": {"Key":"self","Type":15,"Integer":0,"String":"c","Interface":null}}
2025-08-15T22:13:36.183-0500	DEBUG	protocol/handler.go:596	round already finalized
2025-08-15T22:13:36.183-0500	DEBUG	protocol/handler.go:581	tryAdvanceRound called	{"{current_round 20 3  <nil>}": {"Key":"self","Type":15,"Integer":0,"String":"c","Interface":null}}
2025-08-15T22:13:36.184-0500	DEBUG	protocol/handler.go:1591	have processed broadcast	{"{round 20 3  <nil>}": {"Key":"from","Type":15,"Integer":0,"String":"a","Interface":null}}
2025-08-15T22:13:36.184-0500	DEBUG	protocol/handler.go:1591	have processed broadcast	{"{round 20 3  <nil>}": {"Key":"from","Type":15,"Integer":0,"String":"b","Interface":null}}
2025-08-15T22:13:36.184-0500	DEBUG	protocol/handler.go:1649	have all messages and processed	{"{round 20 3  <nil>}": {"Key":"self","Type":15,"Integer":0,"String":"c","Interface":null}}
2025-08-15T22:13:36.184-0500	DEBUG	protocol/handler.go:596	round already finalized
2025-08-15T22:13:36.229-0500	DEBUG	protocol/handler.go:581	tryAdvanceRound called	{"{current_round 20 3  <nil>}": {"Key":"self","Type":15,"Integer":0,"String":"a","Interface":null}}
2025-08-15T22:13:36.229-0500	DEBUG	protocol/handler.go:1591	have processed broadcast	{"{round 20 3  <nil>}": {"Key":"from","Type":15,"Integer":0,"String":"b","Interface":null}}
2025-08-15T22:13:36.229-0500	DEBUG	protocol/handler.go:1591	have processed broadcast	{"{round 20 3  <nil>}": {"Key":"from","Type":15,"Integer":0,"String":"c","Interface":null}}
2025-08-15T22:13:36.229-0500	DEBUG	protocol/handler.go:1649	have all messages and processed	{"{round 20 3  <nil>}": {"Key":"self","Type":15,"Integer":0,"String":"a","Interface":null}}
2025-08-15T22:13:36.230-0500	DEBUG	protocol/handler.go:596	round already finalized
2025-08-15T22:13:36.230-0500	DEBUG	protocol/handler.go:581	tryAdvanceRound called	{"{current_round 20 3  <nil>}": {"Key":"self","Type":15,"Integer":0,"String":"a","Interface":null}}
2025-08-15T22:13:36.230-0500	DEBUG	protocol/handler.go:1591	have processed broadcast	{"{round 20 3  <nil>}": {"Key":"from","Type":15,"Integer":0,"String":"b","Interface":null}}
2025-08-15T22:13:36.230-0500	DEBUG	protocol/handler.go:1591	have processed broadcast	{"{round 20 3  <nil>}": {"Key":"from","Type":15,"Integer":0,"String":"c","Interface":null}}
2025-08-15T22:13:36.230-0500	DEBUG	protocol/handler.go:1649	have all messages and processed	{"{round 20 3  <nil>}": {"Key":"self","Type":15,"Integer":0,"String":"a","Interface":null}}
2025-08-15T22:13:36.230-0500	DEBUG	protocol/handler.go:596	round already finalized
2025-08-15T22:13:36.230-0500	DEBUG	protocol/handler.go:581	tryAdvanceRound called	{"{current_round 20 3  <nil>}": {"Key":"self","Type":15,"Integer":0,"String":"b","Interface":null}}
2025-08-15T22:13:36.230-0500	DEBUG	protocol/handler.go:1591	have processed broadcast	{"{round 20 3  <nil>}": {"Key":"from","Type":15,"Integer":0,"String":"a","Interface":null}}
2025-08-15T22:13:36.230-0500	DEBUG	protocol/handler.go:1591	have processed broadcast	{"{round 20 3  <nil>}": {"Key":"from","Type":15,"Integer":0,"String":"c","Interface":null}}
2025-08-15T22:13:36.230-0500	DEBUG	protocol/handler.go:1649	have all messages and processed	{"{round 20 3  <nil>}": {"Key":"self","Type":15,"Integer":0,"String":"b","Interface":null}}
2025-08-15T22:13:36.230-0500	DEBUG	protocol/handler.go:596	round already finalized
2025-08-15T22:13:36.230-0500	DEBUG	protocol/handler.go:581	tryAdvanceRound called	{"{current_round 20 3  <nil>}": {"Key":"self","Type":15,"Integer":0,"String":"b","Interface":null}}
2025-08-15T22:13:36.230-0500	DEBUG	protocol/handler.go:1591	have processed broadcast	{"{round 20 3  <nil>}": {"Key":"from","Type":15,"Integer":0,"String":"a","Interface":null}}
2025-08-15T22:13:36.230-0500	DEBUG	protocol/handler.go:1591	have processed broadcast	{"{round 20 3  <nil>}": {"Key":"from","Type":15,"Integer":0,"String":"c","Interface":null}}
2025-08-15T22:13:36.231-0500	DEBUG	protocol/handler.go:1649	have all messages and processed	{"{round 20 3  <nil>}": {"Key":"self","Type":15,"Integer":0,"String":"b","Interface":null}}
2025-08-15T22:13:36.231-0500	DEBUG	protocol/handler.go:596	round already finalized
2025-08-15T22:13:36.231-0500	DEBUG	protocol/handler.go:581	tryAdvanceRound called	{"{current_round 20 3  <nil>}": {"Key":"self","Type":15,"Integer":0,"String":"c","Interface":null}}
2025-08-15T22:13:36.231-0500	DEBUG	protocol/handler.go:1591	have processed broadcast	{"{round 20 3  <nil>}": {"Key":"from","Type":15,"Integer":0,"String":"a","Interface":null}}
2025-08-15T22:13:36.231-0500	DEBUG	protocol/handler.go:1591	have processed broadcast	{"{round 20 3  <nil>}": {"Key":"from","Type":15,"Integer":0,"String":"b","Interface":null}}
2025-08-15T22:13:36.231-0500	DEBUG	protocol/handler.go:1649	have all messages and processed	{"{round 20 3  <nil>}": {"Key":"self","Type":15,"Integer":0,"String":"c","Interface":null}}
2025-08-15T22:13:36.231-0500	DEBUG	protocol/handler.go:596	round already finalized
2025-08-15T22:13:36.231-0500	DEBUG	protocol/handler.go:581	tryAdvanceRound called	{"{current_round 20 3  <nil>}": {"Key":"self","Type":15,"Integer":0,"String":"c","Interface":null}}
2025-08-15T22:13:36.231-0500	DEBUG	protocol/handler.go:1591	have processed broadcast	{"{round 20 3  <nil>}": {"Key":"from","Type":15,"Integer":0,"String":"a","Interface":null}}
2025-08-15T22:13:36.231-0500	DEBUG	protocol/handler.go:1591	have processed broadcast	{"{round 20 3  <nil>}": {"Key":"from","Type":15,"Integer":0,"String":"b","Interface":null}}
2025-08-15T22:13:36.231-0500	DEBUG	protocol/handler.go:1649	have all messages and processed	{"{round 20 3  <nil>}": {"Key":"self","Type":15,"Integer":0,"String":"c","Interface":null}}
2025-08-15T22:13:36.231-0500	DEBUG	protocol/handler.go:596	round already finalized
2025-08-15T22:13:36.231-0500	DEBUG	protocol/handler.go:581	tryAdvanceRound called	{"{current_round 20 3  <nil>}": {"Key":"self","Type":15,"Integer":0,"String":"c","Interface":null}}
2025-08-15T22:13:36.231-0500	DEBUG	protocol/handler.go:1591	have processed broadcast	{"{round 20 3  <nil>}": {"Key":"from","Type":15,"Integer":0,"String":"a","Interface":null}}
2025-08-15T22:13:36.231-0500	DEBUG	protocol/handler.go:1591	have processed broadcast	{"{round 20 3  <nil>}": {"Key":"from","Type":15,"Integer":0,"String":"b","Interface":null}}
2025-08-15T22:13:36.231-0500	DEBUG	protocol/handler.go:1649	have all messages and processed	{"{round 20 3  <nil>}": {"Key":"self","Type":15,"Integer":0,"String":"c","Interface":null}}
2025-08-15T22:13:36.231-0500	DEBUG	protocol/handler.go:596	round already finalized
2025-08-15T22:13:36.231-0500	DEBUG	protocol/handler.go:581	tryAdvanceRound called	{"{current_round 20 3  <nil>}": {"Key":"self","Type":15,"Integer":0,"String":"b","Interface":null}}
2025-08-15T22:13:36.231-0500	DEBUG	protocol/handler.go:1591	have processed broadcast	{"{round 20 3  <nil>}": {"Key":"from","Type":15,"Integer":0,"String":"a","Interface":null}}
2025-08-15T22:13:36.231-0500	DEBUG	protocol/handler.go:1591	have processed broadcast	{"{round 20 3  <nil>}": {"Key":"from","Type":15,"Integer":0,"String":"c","Interface":null}}
2025-08-15T22:13:36.231-0500	DEBUG	protocol/handler.go:1649	have all messages and processed	{"{round 20 3  <nil>}": {"Key":"self","Type":15,"Integer":0,"String":"b","Interface":null}}
2025-08-15T22:13:36.231-0500	DEBUG	protocol/handler.go:596	round already finalized
2025-08-15T22:13:36.272-0500	DEBUG	protocol/handler.go:581	tryAdvanceRound called	{"{current_round 20 3  <nil>}": {"Key":"self","Type":15,"Integer":0,"String":"a","Interface":null}}
2025-08-15T22:13:36.272-0500	DEBUG	protocol/handler.go:1591	have processed broadcast	{"{round 20 3  <nil>}": {"Key":"from","Type":15,"Integer":0,"String":"b","Interface":null}}
2025-08-15T22:13:36.272-0500	DEBUG	protocol/handler.go:1591	have processed broadcast	{"{round 20 3  <nil>}": {"Key":"from","Type":15,"Integer":0,"String":"c","Interface":null}}
2025-08-15T22:13:36.272-0500	DEBUG	protocol/handler.go:1649	have all messages and processed	{"{round 20 3  <nil>}": {"Key":"self","Type":15,"Integer":0,"String":"a","Interface":null}}
2025-08-15T22:13:36.272-0500	DEBUG	protocol/handler.go:596	round already finalized
2025-08-15T22:13:36.272-0500	DEBUG	protocol/handler.go:581	tryAdvanceRound called	{"{current_round 20 3  <nil>}": {"Key":"self","Type":15,"Integer":0,"String":"a","Interface":null}}
2025-08-15T22:13:36.273-0500	DEBUG	protocol/handler.go:1591	have processed broadcast	{"{round 20 3  <nil>}": {"Key":"from","Type":15,"Integer":0,"String":"b","Interface":null}}
2025-08-15T22:13:36.273-0500	DEBUG	protocol/handler.go:1591	have processed broadcast	{"{round 20 3  <nil>}": {"Key":"from","Type":15,"Integer":0,"String":"c","Interface":null}}
2025-08-15T22:13:36.273-0500	DEBUG	protocol/handler.go:1649	have all messages and processed	{"{round 20 3  <nil>}": {"Key":"self","Type":15,"Integer":0,"String":"a","Interface":null}}
2025-08-15T22:13:36.273-0500	DEBUG	protocol/handler.go:596	round already finalized
2025-08-15T22:13:36.273-0500	DEBUG	protocol/handler.go:581	tryAdvanceRound called	{"{current_round 20 3  <nil>}": {"Key":"self","Type":15,"Integer":0,"String":"b","Interface":null}}
2025-08-15T22:13:36.273-0500	DEBUG	protocol/handler.go:1591	have processed broadcast	{"{round 20 3  <nil>}": {"Key":"from","Type":15,"Integer":0,"String":"a","Interface":null}}
2025-08-15T22:13:36.273-0500	DEBUG	protocol/handler.go:1591	have processed broadcast	{"{round 20 3  <nil>}": {"Key":"from","Type":15,"Integer":0,"String":"c","Interface":null}}
2025-08-15T22:13:36.273-0500	DEBUG	protocol/handler.go:1649	have all messages and processed	{"{round 20 3  <nil>}": {"Key":"self","Type":15,"Integer":0,"String":"b","Interface":null}}
2025-08-15T22:13:36.273-0500	DEBUG	protocol/handler.go:596	round already finalized
2025-08-15T22:13:36.273-0500	DEBUG	protocol/handler.go:581	tryAdvanceRound called	{"{current_round 20 3  <nil>}": {"Key":"self","Type":15,"Integer":0,"String":"b","Interface":null}}
2025-08-15T22:13:36.273-0500	DEBUG	protocol/handler.go:1591	have processed broadcast	{"{round 20 3  <nil>}": {"Key":"from","Type":15,"Integer":0,"String":"a","Interface":null}}
2025-08-15T22:13:36.273-0500	DEBUG	protocol/handler.go:1591	have processed broadcast	{"{round 20 3  <nil>}": {"Key":"from","Type":15,"Integer":0,"String":"c","Interface":null}}
2025-08-15T22:13:36.273-0500	DEBUG	protocol/handler.go:1649	have all messages and processed	{"{round 20 3  <nil>}": {"Key":"self","Type":15,"Integer":0,"String":"b","Interface":null}}
2025-08-15T22:13:36.273-0500	DEBUG	protocol/handler.go:596	round already finalized
2025-08-15T22:13:36.273-0500	DEBUG	protocol/handler.go:581	tryAdvanceRound called	{"{current_round 20 3  <nil>}": {"Key":"self","Type":15,"Integer":0,"String":"c","Interface":null}}
2025-08-15T22:13:36.273-0500	DEBUG	protocol/handler.go:1591	have processed broadcast	{"{round 20 3  <nil>}": {"Key":"from","Type":15,"Integer":0,"String":"a","Interface":null}}
2025-08-15T22:13:36.273-0500	DEBUG	protocol/handler.go:1591	have processed broadcast	{"{round 20 3  <nil>}": {"Key":"from","Type":15,"Integer":0,"String":"b","Interface":null}}
2025-08-15T22:13:36.273-0500	DEBUG	protocol/handler.go:1649	have all messages and processed	{"{round 20 3  <nil>}": {"Key":"self","Type":15,"Integer":0,"String":"c","Interface":null}}
2025-08-15T22:13:36.273-0500	DEBUG	protocol/handler.go:596	round already finalized
2025-08-15T22:13:36.273-0500	DEBUG	protocol/handler.go:581	tryAdvanceRound called	{"{current_round 20 3  <nil>}": {"Key":"self","Type":15,"Integer":0,"String":"c","Interface":null}}
2025-08-15T22:13:36.274-0500	DEBUG	protocol/handler.go:1591	have processed broadcast	{"{round 20 3  <nil>}": {"Key":"from","Type":15,"Integer":0,"String":"a","Interface":null}}
2025-08-15T22:13:36.274-0500	DEBUG	protocol/handler.go:1591	have processed broadcast	{"{round 20 3  <nil>}": {"Key":"from","Type":15,"Integer":0,"String":"b","Interface":null}}
2025-08-15T22:13:36.274-0500	DEBUG	protocol/handler.go:1649	have all messages and processed	{"{round 20 3  <nil>}": {"Key":"self","Type":15,"Integer":0,"String":"c","Interface":null}}
2025-08-15T22:13:36.274-0500	DEBUG	protocol/handler.go:596	round already finalized
2025-08-15T22:13:36.295-0500	DEBUG	protocol/handler.go:581	tryAdvanceRound called	{"{current_round 20 3  <nil>}": {"Key":"self","Type":15,"Integer":0,"String":"b","Interface":null}}
2025-08-15T22:13:36.295-0500	DEBUG	protocol/handler.go:1591	have processed broadcast	{"{round 20 3  <nil>}": {"Key":"from","Type":15,"Integer":0,"String":"a","Interface":null}}
2025-08-15T22:13:36.295-0500	DEBUG	protocol/handler.go:1591	have processed broadcast	{"{round 20 3  <nil>}": {"Key":"from","Type":15,"Integer":0,"String":"c","Interface":null}}
2025-08-15T22:13:36.296-0500	DEBUG	protocol/handler.go:1649	have all messages and processed	{"{round 20 3  <nil>}": {"Key":"self","Type":15,"Integer":0,"String":"b","Interface":null}}
2025-08-15T22:13:36.296-0500	DEBUG	protocol/handler.go:596	round already finalized
2025-08-15T22:13:36.296-0500	DEBUG	protocol/handler.go:581	tryAdvanceRound called	{"{current_round 20 3  <nil>}": {"Key":"self","Type":15,"Integer":0,"String":"b","Interface":null}}
2025-08-15T22:13:36.296-0500	DEBUG	protocol/handler.go:1591	have processed broadcast	{"{round 20 3  <nil>}": {"Key":"from","Type":15,"Integer":0,"String":"a","Interface":null}}
2025-08-15T22:13:36.296-0500	DEBUG	protocol/handler.go:1591	have processed broadcast	{"{round 20 3  <nil>}": {"Key":"from","Type":15,"Integer":0,"String":"c","Interface":null}}
2025-08-15T22:13:36.296-0500	DEBUG	protocol/handler.go:1649	have all messages and processed	{"{round 20 3  <nil>}": {"Key":"self","Type":15,"Integer":0,"String":"b","Interface":null}}
2025-08-15T22:13:36.296-0500	DEBUG	protocol/handler.go:596	round already finalized
2025-08-15T22:13:36.296-0500	DEBUG	protocol/handler.go:581	tryAdvanceRound called	{"{current_round 20 3  <nil>}": {"Key":"self","Type":15,"Integer":0,"String":"a","Interface":null}}
2025-08-15T22:13:36.296-0500	DEBUG	protocol/handler.go:1591	have processed broadcast	{"{round 20 3  <nil>}": {"Key":"from","Type":15,"Integer":0,"String":"b","Interface":null}}
2025-08-15T22:13:36.296-0500	DEBUG	protocol/handler.go:1591	have processed broadcast	{"{round 20 3  <nil>}": {"Key":"from","Type":15,"Integer":0,"String":"c","Interface":null}}
2025-08-15T22:13:36.296-0500	DEBUG	protocol/handler.go:1649	have all messages and processed	{"{round 20 3  <nil>}": {"Key":"self","Type":15,"Integer":0,"String":"a","Interface":null}}
2025-08-15T22:13:36.296-0500	DEBUG	protocol/handler.go:596	round already finalized
2025-08-15T22:13:36.296-0500	DEBUG	protocol/handler.go:581	tryAdvanceRound called	{"{current_round 20 3  <nil>}": {"Key":"self","Type":15,"Integer":0,"String":"a","Interface":null}}
2025-08-15T22:13:36.296-0500	DEBUG	protocol/handler.go:1591	have processed broadcast	{"{round 20 3  <nil>}": {"Key":"from","Type":15,"Integer":0,"String":"b","Interface":null}}
2025-08-15T22:13:36.296-0500	DEBUG	protocol/handler.go:1591	have processed broadcast	{"{round 20 3  <nil>}": {"Key":"from","Type":15,"Integer":0,"String":"c","Interface":null}}
2025-08-15T22:13:36.296-0500	DEBUG	protocol/handler.go:1649	have all messages and processed	{"{round 20 3  <nil>}": {"Key":"self","Type":15,"Integer":0,"String":"a","Interface":null}}
2025-08-15T22:13:36.296-0500	DEBUG	protocol/handler.go:596	round already finalized
2025-08-15T22:13:36.296-0500	DEBUG	protocol/handler.go:581	tryAdvanceRound called	{"{current_round 20 3  <nil>}": {"Key":"self","Type":15,"Integer":0,"String":"c","Interface":null}}
2025-08-15T22:13:36.296-0500	DEBUG	protocol/handler.go:1591	have processed broadcast	{"{round 20 3  <nil>}": {"Key":"from","Type":15,"Integer":0,"String":"a","Interface":null}}
2025-08-15T22:13:36.296-0500	DEBUG	protocol/handler.go:1591	have processed broadcast	{"{round 20 3  <nil>}": {"Key":"from","Type":15,"Integer":0,"String":"b","Interface":null}}
2025-08-15T22:13:36.296-0500	DEBUG	protocol/handler.go:1649	have all messages and processed	{"{round 20 3  <nil>}": {"Key":"self","Type":15,"Integer":0,"String":"c","Interface":null}}
2025-08-15T22:13:36.296-0500	DEBUG	protocol/handler.go:596	round already finalized
2025-08-15T22:13:36.296-0500	DEBUG	protocol/handler.go:581	tryAdvanceRound called	{"{current_round 20 3  <nil>}": {"Key":"self","Type":15,"Integer":0,"String":"c","Interface":null}}
2025-08-15T22:13:36.297-0500	DEBUG	protocol/handler.go:1591	have processed broadcast	{"{round 20 3  <nil>}": {"Key":"from","Type":15,"Integer":0,"String":"a","Interface":null}}
2025-08-15T22:13:36.297-0500	DEBUG	protocol/handler.go:1591	have processed broadcast	{"{round 20 3  <nil>}": {"Key":"from","Type":15,"Integer":0,"String":"b","Interface":null}}
2025-08-15T22:13:36.297-0500	DEBUG	protocol/handler.go:1649	have all messages and processed	{"{round 20 3  <nil>}": {"Key":"self","Type":15,"Integer":0,"String":"c","Interface":null}}
2025-08-15T22:13:36.297-0500	DEBUG	protocol/handler.go:596	round already finalized
2025-08-15T22:13:36.297-0500	DEBUG	protocol/handler.go:581	tryAdvanceRound called	{"{current_round 20 3  <nil>}": {"Key":"self","Type":15,"Integer":0,"String":"a","Interface":null}}
2025-08-15T22:13:36.297-0500	DEBUG	protocol/handler.go:1591	have processed broadcast	{"{round 20 3  <nil>}": {"Key":"from","Type":15,"Integer":0,"String":"b","Interface":null}}
2025-08-15T22:13:36.297-0500	DEBUG	protocol/handler.go:1591	have processed broadcast	{"{round 20 3  <nil>}": {"Key":"from","Type":15,"Integer":0,"String":"c","Interface":null}}
2025-08-15T22:13:36.297-0500	DEBUG	protocol/handler.go:1649	have all messages and processed	{"{round 20 3  <nil>}": {"Key":"self","Type":15,"Integer":0,"String":"a","Interface":null}}
2025-08-15T22:13:36.297-0500	DEBUG	protocol/handler.go:596	round already finalized
2025-08-15T22:13:36.319-0500	DEBUG	protocol/handler.go:581	tryAdvanceRound called	{"{current_round 20 3  <nil>}": {"Key":"self","Type":15,"Integer":0,"String":"a","Interface":null}}
2025-08-15T22:13:36.319-0500	DEBUG	protocol/handler.go:1591	have processed broadcast	{"{round 20 3  <nil>}": {"Key":"from","Type":15,"Integer":0,"String":"b","Interface":null}}
2025-08-15T22:13:36.319-0500	DEBUG	protocol/handler.go:1591	have processed broadcast	{"{round 20 3  <nil>}": {"Key":"from","Type":15,"Integer":0,"String":"c","Interface":null}}
2025-08-15T22:13:36.319-0500	DEBUG	protocol/handler.go:1649	have all messages and processed	{"{round 20 3  <nil>}": {"Key":"self","Type":15,"Integer":0,"String":"a","Interface":null}}
2025-08-15T22:13:36.319-0500	DEBUG	protocol/handler.go:596	round already finalized
2025-08-15T22:13:36.342-0500	DEBUG	protocol/handler.go:581	tryAdvanceRound called	{"{current_round 20 3  <nil>}": {"Key":"self","Type":15,"Integer":0,"String":"c","Interface":null}}
2025-08-15T22:13:36.342-0500	DEBUG	protocol/handler.go:1591	have processed broadcast	{"{round 20 3  <nil>}": {"Key":"from","Type":15,"Integer":0,"String":"a","Interface":null}}
2025-08-15T22:13:36.342-0500	DEBUG	protocol/handler.go:1591	have processed broadcast	{"{round 20 3  <nil>}": {"Key":"from","Type":15,"Integer":0,"String":"b","Interface":null}}
2025-08-15T22:13:36.342-0500	DEBUG	protocol/handler.go:1649	have all messages and processed	{"{round 20 3  <nil>}": {"Key":"self","Type":15,"Integer":0,"String":"c","Interface":null}}
2025-08-15T22:13:36.343-0500	DEBUG	protocol/handler.go:596	round already finalized
2025-08-15T22:13:36.343-0500	DEBUG	protocol/handler.go:581	tryAdvanceRound called	{"{current_round 20 3  <nil>}": {"Key":"self","Type":15,"Integer":0,"String":"c","Interface":null}}
2025-08-15T22:13:36.343-0500	DEBUG	protocol/handler.go:1591	have processed broadcast	{"{round 20 3  <nil>}": {"Key":"from","Type":15,"Integer":0,"String":"a","Interface":null}}
2025-08-15T22:13:36.343-0500	DEBUG	protocol/handler.go:1591	have processed broadcast	{"{round 20 3  <nil>}": {"Key":"from","Type":15,"Integer":0,"String":"b","Interface":null}}
2025-08-15T22:13:36.343-0500	DEBUG	protocol/handler.go:1649	have all messages and processed	{"{round 20 3  <nil>}": {"Key":"self","Type":15,"Integer":0,"String":"c","Interface":null}}
2025-08-15T22:13:36.343-0500	DEBUG	protocol/handler.go:596	round already finalized
2025-08-15T22:13:36.343-0500	DEBUG	protocol/handler.go:581	tryAdvanceRound called	{"{current_round 20 3  <nil>}": {"Key":"self","Type":15,"Integer":0,"String":"b","Interface":null}}
2025-08-15T22:13:36.343-0500	DEBUG	protocol/handler.go:1591	have processed broadcast	{"{round 20 3  <nil>}": {"Key":"from","Type":15,"Integer":0,"String":"a","Interface":null}}
2025-08-15T22:13:36.343-0500	DEBUG	protocol/handler.go:1591	have processed broadcast	{"{round 20 3  <nil>}": {"Key":"from","Type":15,"Integer":0,"String":"c","Interface":null}}
2025-08-15T22:13:36.343-0500	DEBUG	protocol/handler.go:1649	have all messages and processed	{"{round 20 3  <nil>}": {"Key":"self","Type":15,"Integer":0,"String":"b","Interface":null}}
2025-08-15T22:13:36.343-0500	DEBUG	protocol/handler.go:596	round already finalized
2025-08-15T22:13:36.343-0500	DEBUG	protocol/handler.go:581	tryAdvanceRound called	{"{current_round 20 3  <nil>}": {"Key":"self","Type":15,"Integer":0,"String":"b","Interface":null}}
2025-08-15T22:13:36.343-0500	DEBUG	protocol/handler.go:1591	have processed broadcast	{"{round 20 3  <nil>}": {"Key":"from","Type":15,"Integer":0,"String":"a","Interface":null}}
2025-08-15T22:13:36.343-0500	DEBUG	protocol/handler.go:1591	have processed broadcast	{"{round 20 3  <nil>}": {"Key":"from","Type":15,"Integer":0,"String":"c","Interface":null}}
2025-08-15T22:13:36.343-0500	DEBUG	protocol/handler.go:1649	have all messages and processed	{"{round 20 3  <nil>}": {"Key":"self","Type":15,"Integer":0,"String":"b","Interface":null}}
2025-08-15T22:13:36.343-0500	DEBUG	protocol/handler.go:596	round already finalized
2025-08-15T22:13:36.343-0500	DEBUG	protocol/handler.go:581	tryAdvanceRound called	{"{current_round 20 3  <nil>}": {"Key":"self","Type":15,"Integer":0,"String":"a","Interface":null}}
2025-08-15T22:13:36.343-0500	DEBUG	protocol/handler.go:1591	have processed broadcast	{"{round 20 3  <nil>}": {"Key":"from","Type":15,"Integer":0,"String":"b","Interface":null}}
2025-08-15T22:13:36.343-0500	DEBUG	protocol/handler.go:1591	have processed broadcast	{"{round 20 3  <nil>}": {"Key":"from","Type":15,"Integer":0,"String":"c","Interface":null}}
2025-08-15T22:13:36.343-0500	DEBUG	protocol/handler.go:1649	have all messages and processed	{"{round 20 3  <nil>}": {"Key":"self","Type":15,"Integer":0,"String":"a","Interface":null}}
2025-08-15T22:13:36.343-0500	DEBUG	protocol/handler.go:596	round already finalized
2025-08-15T22:13:36.370-0500	DEBUG	protocol/handler.go:581	tryAdvanceRound called	{"{current_round 20 3  <nil>}": {"Key":"self","Type":15,"Integer":0,"String":"b","Interface":null}}
2025-08-15T22:13:36.370-0500	DEBUG	protocol/handler.go:1591	have processed broadcast	{"{round 20 3  <nil>}": {"Key":"from","Type":15,"Integer":0,"String":"a","Interface":null}}
2025-08-15T22:13:36.370-0500	DEBUG	protocol/handler.go:1591	have processed broadcast	{"{round 20 3  <nil>}": {"Key":"from","Type":15,"Integer":0,"String":"c","Interface":null}}
2025-08-15T22:13:36.370-0500	DEBUG	protocol/handler.go:1649	have all messages and processed	{"{round 20 3  <nil>}": {"Key":"self","Type":15,"Integer":0,"String":"b","Interface":null}}
2025-08-15T22:13:36.372-0500	DEBUG	protocol/handler.go:596	round already finalized
2025-08-15T22:13:36.376-0500	DEBUG	protocol/handler.go:581	tryAdvanceRound called	{"{current_round 20 3  <nil>}": {"Key":"self","Type":15,"Integer":0,"String":"b","Interface":null}}
2025-08-15T22:13:36.406-0500	DEBUG	protocol/handler.go:581	tryAdvanceRound called	{"{current_round 20 3  <nil>}": {"Key":"self","Type":15,"Integer":0,"String":"a","Interface":null}}
2025-08-15T22:13:36.411-0500	DEBUG	protocol/handler.go:1591	have processed broadcast	{"{round 20 3  <nil>}": {"Key":"from","Type":15,"Integer":0,"String":"b","Interface":null}}
2025-08-15T22:13:36.412-0500	DEBUG	protocol/handler.go:1591	have processed broadcast	{"{round 20 3  <nil>}": {"Key":"from","Type":15,"Integer":0,"String":"c","Interface":null}}
2025-08-15T22:13:36.414-0500	DEBUG	protocol/handler.go:1649	have all messages and processed	{"{round 20 3  <nil>}": {"Key":"self","Type":15,"Integer":0,"String":"a","Interface":null}}
2025-08-15T22:13:36.414-0500	DEBUG	protocol/handler.go:596	round already finalized
2025-08-15T22:13:36.415-0500	DEBUG	protocol/handler.go:581	tryAdvanceRound called	{"{current_round 20 3  <nil>}": {"Key":"self","Type":15,"Integer":0,"String":"a","Interface":null}}
2025-08-15T22:13:36.415-0500	DEBUG	protocol/handler.go:1591	have processed broadcast	{"{round 20 3  <nil>}": {"Key":"from","Type":15,"Integer":0,"String":"b","Interface":null}}
2025-08-15T22:13:36.415-0500	DEBUG	protocol/handler.go:1591	have processed broadcast	{"{round 20 3  <nil>}": {"Key":"from","Type":15,"Integer":0,"String":"c","Interface":null}}
2025-08-15T22:13:36.415-0500	DEBUG	protocol/handler.go:1649	have all messages and processed	{"{round 20 3  <nil>}": {"Key":"self","Type":15,"Integer":0,"String":"a","Interface":null}}
2025-08-15T22:13:36.415-0500	DEBUG	protocol/handler.go:596	round already finalized
2025-08-15T22:13:36.415-0500	DEBUG	protocol/handler.go:581	tryAdvanceRound called	{"{current_round 20 3  <nil>}": {"Key":"self","Type":15,"Integer":0,"String":"c","Interface":null}}
2025-08-15T22:13:36.415-0500	DEBUG	protocol/handler.go:1591	have processed broadcast	{"{round 20 3  <nil>}": {"Key":"from","Type":15,"Integer":0,"String":"a","Interface":null}}
2025-08-15T22:13:36.415-0500	DEBUG	protocol/handler.go:1591	have processed broadcast	{"{round 20 3  <nil>}": {"Key":"from","Type":15,"Integer":0,"String":"b","Interface":null}}
2025-08-15T22:13:36.415-0500	DEBUG	protocol/handler.go:1649	have all messages and processed	{"{round 20 3  <nil>}": {"Key":"self","Type":15,"Integer":0,"String":"c","Interface":null}}
2025-08-15T22:13:36.415-0500	DEBUG	protocol/handler.go:596	round already finalized
2025-08-15T22:13:36.415-0500	DEBUG	protocol/handler.go:581	tryAdvanceRound called	{"{current_round 20 3  <nil>}": {"Key":"self","Type":15,"Integer":0,"String":"c","Interface":null}}
2025-08-15T22:13:36.415-0500	DEBUG	protocol/handler.go:1591	have processed broadcast	{"{round 20 3  <nil>}": {"Key":"from","Type":15,"Integer":0,"String":"a","Interface":null}}
2025-08-15T22:13:36.415-0500	DEBUG	protocol/handler.go:1591	have processed broadcast	{"{round 20 3  <nil>}": {"Key":"from","Type":15,"Integer":0,"String":"b","Interface":null}}
2025-08-15T22:13:36.415-0500	DEBUG	protocol/handler.go:1649	have all messages and processed	{"{round 20 3  <nil>}": {"Key":"self","Type":15,"Integer":0,"String":"c","Interface":null}}
2025-08-15T22:13:36.415-0500	DEBUG	protocol/handler.go:596	round already finalized
2025-08-15T22:13:36.377-0500	DEBUG	protocol/handler.go:1591	have processed broadcast	{"{round 20 3  <nil>}": {"Key":"from","Type":15,"Integer":0,"String":"a","Interface":null}}
2025-08-15T22:13:36.415-0500	DEBUG	protocol/handler.go:1591	have processed broadcast	{"{round 20 3  <nil>}": {"Key":"from","Type":15,"Integer":0,"String":"c","Interface":null}}
2025-08-15T22:13:36.415-0500	DEBUG	protocol/handler.go:1649	have all messages and processed	{"{round 20 3  <nil>}": {"Key":"self","Type":15,"Integer":0,"String":"b","Interface":null}}
2025-08-15T22:13:36.415-0500	DEBUG	protocol/handler.go:596	round already finalized
2025-08-15T22:13:36.415-0500	DEBUG	protocol/handler.go:581	tryAdvanceRound called	{"{current_round 20 3  <nil>}": {"Key":"self","Type":15,"Integer":0,"String":"b","Interface":null}}
2025-08-15T22:13:36.416-0500	DEBUG	protocol/handler.go:1591	have processed broadcast	{"{round 20 3  <nil>}": {"Key":"from","Type":15,"Integer":0,"String":"a","Interface":null}}
2025-08-15T22:13:36.416-0500	DEBUG	protocol/handler.go:1591	have processed broadcast	{"{round 20 3  <nil>}": {"Key":"from","Type":15,"Integer":0,"String":"c","Interface":null}}
2025-08-15T22:13:36.416-0500	DEBUG	protocol/handler.go:1649	have all messages and processed	{"{round 20 3  <nil>}": {"Key":"self","Type":15,"Integer":0,"String":"b","Interface":null}}
2025-08-15T22:13:36.416-0500	DEBUG	protocol/handler.go:596	round already finalized
2025-08-15T22:13:36.439-0500	DEBUG	protocol/handler.go:581	tryAdvanceRound called	{"{current_round 20 3  <nil>}": {"Key":"self","Type":15,"Integer":0,"String":"c","Interface":null}}
2025-08-15T22:13:36.439-0500	DEBUG	protocol/handler.go:1591	have processed broadcast	{"{round 20 3  <nil>}": {"Key":"from","Type":15,"Integer":0,"String":"a","Interface":null}}
2025-08-15T22:13:36.439-0500	DEBUG	protocol/handler.go:1591	have processed broadcast	{"{round 20 3  <nil>}": {"Key":"from","Type":15,"Integer":0,"String":"b","Interface":null}}
2025-08-15T22:13:36.439-0500	DEBUG	protocol/handler.go:1649	have all messages and processed	{"{round 20 3  <nil>}": {"Key":"self","Type":15,"Integer":0,"String":"c","Interface":null}}
2025-08-15T22:13:36.439-0500	DEBUG	protocol/handler.go:596	round already finalized
2025-08-15T22:13:36.439-0500	DEBUG	protocol/handler.go:581	tryAdvanceRound called	{"{current_round 20 3  <nil>}": {"Key":"self","Type":15,"Integer":0,"String":"b","Interface":null}}
2025-08-15T22:13:36.439-0500	DEBUG	protocol/handler.go:1591	have processed broadcast	{"{round 20 3  <nil>}": {"Key":"from","Type":15,"Integer":0,"String":"a","Interface":null}}
2025-08-15T22:13:36.439-0500	DEBUG	protocol/handler.go:1591	have processed broadcast	{"{round 20 3  <nil>}": {"Key":"from","Type":15,"Integer":0,"String":"c","Interface":null}}
2025-08-15T22:13:36.439-0500	DEBUG	protocol/handler.go:1649	have all messages and processed	{"{round 20 3  <nil>}": {"Key":"self","Type":15,"Integer":0,"String":"b","Interface":null}}
2025-08-15T22:13:36.439-0500	DEBUG	protocol/handler.go:596	round already finalized
2025-08-15T22:13:36.439-0500	DEBUG	protocol/handler.go:581	tryAdvanceRound called	{"{current_round 20 3  <nil>}": {"Key":"self","Type":15,"Integer":0,"String":"a","Interface":null}}
2025-08-15T22:13:36.439-0500	DEBUG	protocol/handler.go:1591	have processed broadcast	{"{round 20 3  <nil>}": {"Key":"from","Type":15,"Integer":0,"String":"b","Interface":null}}
2025-08-15T22:13:36.439-0500	DEBUG	protocol/handler.go:1591	have processed broadcast	{"{round 20 3  <nil>}": {"Key":"from","Type":15,"Integer":0,"String":"c","Interface":null}}
2025-08-15T22:13:36.439-0500	DEBUG	protocol/handler.go:1649	have all messages and processed	{"{round 20 3  <nil>}": {"Key":"self","Type":15,"Integer":0,"String":"a","Interface":null}}
2025-08-15T22:13:36.439-0500	DEBUG	protocol/handler.go:596	round already finalized
2025-08-15T22:13:36.462-0500	DEBUG	protocol/handler.go:581	tryAdvanceRound called	{"{current_round 20 3  <nil>}": {"Key":"self","Type":15,"Integer":0,"String":"a","Interface":null}}
2025-08-15T22:13:36.462-0500	DEBUG	protocol/handler.go:1591	have processed broadcast	{"{round 20 3  <nil>}": {"Key":"from","Type":15,"Integer":0,"String":"b","Interface":null}}
2025-08-15T22:13:36.462-0500	DEBUG	protocol/handler.go:1591	have processed broadcast	{"{round 20 3  <nil>}": {"Key":"from","Type":15,"Integer":0,"String":"c","Interface":null}}
2025-08-15T22:13:36.462-0500	DEBUG	protocol/handler.go:1649	have all messages and processed	{"{round 20 3  <nil>}": {"Key":"self","Type":15,"Integer":0,"String":"a","Interface":null}}
2025-08-15T22:13:36.462-0500	DEBUG	protocol/handler.go:596	round already finalized
2025-08-15T22:13:36.486-0500	DEBUG	protocol/handler.go:581	tryAdvanceRound called	{"{current_round 20 3  <nil>}": {"Key":"self","Type":15,"Integer":0,"String":"b","Interface":null}}
2025-08-15T22:13:36.486-0500	DEBUG	protocol/handler.go:1591	have processed broadcast	{"{round 20 3  <nil>}": {"Key":"from","Type":15,"Integer":0,"String":"a","Interface":null}}
2025-08-15T22:13:36.486-0500	DEBUG	protocol/handler.go:1591	have processed broadcast	{"{round 20 3  <nil>}": {"Key":"from","Type":15,"Integer":0,"String":"c","Interface":null}}
2025-08-15T22:13:36.486-0500	DEBUG	protocol/handler.go:1649	have all messages and processed	{"{round 20 3  <nil>}": {"Key":"self","Type":15,"Integer":0,"String":"b","Interface":null}}
2025-08-15T22:13:36.486-0500	DEBUG	protocol/handler.go:596	round already finalized
2025-08-15T22:13:36.486-0500	DEBUG	protocol/handler.go:581	tryAdvanceRound called	{"{current_round 20 3  <nil>}": {"Key":"self","Type":15,"Integer":0,"String":"b","Interface":null}}
2025-08-15T22:13:36.486-0500	DEBUG	protocol/handler.go:1591	have processed broadcast	{"{round 20 3  <nil>}": {"Key":"from","Type":15,"Integer":0,"String":"a","Interface":null}}
2025-08-15T22:13:36.486-0500	DEBUG	protocol/handler.go:1591	have processed broadcast	{"{round 20 3  <nil>}": {"Key":"from","Type":15,"Integer":0,"String":"c","Interface":null}}
2025-08-15T22:13:36.486-0500	DEBUG	protocol/handler.go:1649	have all messages and processed	{"{round 20 3  <nil>}": {"Key":"self","Type":15,"Integer":0,"String":"b","Interface":null}}
2025-08-15T22:13:36.486-0500	DEBUG	protocol/handler.go:596	round already finalized
2025-08-15T22:13:36.486-0500	DEBUG	protocol/handler.go:581	tryAdvanceRound called	{"{current_round 20 3  <nil>}": {"Key":"self","Type":15,"Integer":0,"String":"c","Interface":null}}
2025-08-15T22:13:36.486-0500	DEBUG	protocol/handler.go:1591	have processed broadcast	{"{round 20 3  <nil>}": {"Key":"from","Type":15,"Integer":0,"String":"a","Interface":null}}
2025-08-15T22:13:36.486-0500	DEBUG	protocol/handler.go:1591	have processed broadcast	{"{round 20 3  <nil>}": {"Key":"from","Type":15,"Integer":0,"String":"b","Interface":null}}
2025-08-15T22:13:36.486-0500	DEBUG	protocol/handler.go:1649	have all messages and processed	{"{round 20 3  <nil>}": {"Key":"self","Type":15,"Integer":0,"String":"c","Interface":null}}
2025-08-15T22:13:36.486-0500	DEBUG	protocol/handler.go:596	round already finalized
2025-08-15T22:13:36.486-0500	DEBUG	protocol/handler.go:581	tryAdvanceRound called	{"{current_round 20 3  <nil>}": {"Key":"self","Type":15,"Integer":0,"String":"c","Interface":null}}
2025-08-15T22:13:36.486-0500	DEBUG	protocol/handler.go:1591	have processed broadcast	{"{round 20 3  <nil>}": {"Key":"from","Type":15,"Integer":0,"String":"a","Interface":null}}
2025-08-15T22:13:36.509-0500	DEBUG	protocol/handler.go:581	tryAdvanceRound called	{"{current_round 20 3  <nil>}": {"Key":"self","Type":15,"Integer":0,"String":"a","Interface":null}}
2025-08-15T22:13:36.509-0500	DEBUG	protocol/handler.go:1591	have processed broadcast	{"{round 20 3  <nil>}": {"Key":"from","Type":15,"Integer":0,"String":"b","Interface":null}}
2025-08-15T22:13:36.509-0500	DEBUG	protocol/handler.go:1591	have processed broadcast	{"{round 20 3  <nil>}": {"Key":"from","Type":15,"Integer":0,"String":"c","Interface":null}}
2025-08-15T22:13:36.509-0500	DEBUG	protocol/handler.go:1649	have all messages and processed	{"{round 20 3  <nil>}": {"Key":"self","Type":15,"Integer":0,"String":"a","Interface":null}}
2025-08-15T22:13:36.509-0500	DEBUG	protocol/handler.go:596	round already finalized
2025-08-15T22:13:36.509-0500	DEBUG	protocol/handler.go:581	tryAdvanceRound called	{"{current_round 20 3  <nil>}": {"Key":"self","Type":15,"Integer":0,"String":"a","Interface":null}}
2025-08-15T22:13:36.509-0500	DEBUG	protocol/handler.go:1591	have processed broadcast	{"{round 20 3  <nil>}": {"Key":"from","Type":15,"Integer":0,"String":"b","Interface":null}}
2025-08-15T22:13:36.509-0500	DEBUG	protocol/handler.go:1591	have processed broadcast	{"{round 20 3  <nil>}": {"Key":"from","Type":15,"Integer":0,"String":"c","Interface":null}}
2025-08-15T22:13:36.509-0500	DEBUG	protocol/handler.go:1649	have all messages and processed	{"{round 20 3  <nil>}": {"Key":"self","Type":15,"Integer":0,"String":"a","Interface":null}}
2025-08-15T22:13:36.509-0500	DEBUG	protocol/handler.go:596	round already finalized
2025-08-15T22:13:36.509-0500	DEBUG	protocol/handler.go:581	tryAdvanceRound called	{"{current_round 20 3  <nil>}": {"Key":"self","Type":15,"Integer":0,"String":"b","Interface":null}}
2025-08-15T22:13:36.509-0500	DEBUG	protocol/handler.go:1591	have processed broadcast	{"{round 20 3  <nil>}": {"Key":"from","Type":15,"Integer":0,"String":"a","Interface":null}}
2025-08-15T22:13:36.509-0500	DEBUG	protocol/handler.go:1591	have processed broadcast	{"{round 20 3  <nil>}": {"Key":"from","Type":15,"Integer":0,"String":"c","Interface":null}}
2025-08-15T22:13:36.509-0500	DEBUG	protocol/handler.go:1649	have all messages and processed	{"{round 20 3  <nil>}": {"Key":"self","Type":15,"Integer":0,"String":"b","Interface":null}}
2025-08-15T22:13:36.509-0500	DEBUG	protocol/handler.go:596	round already finalized
2025-08-15T22:13:36.537-0500	DEBUG	protocol/handler.go:581	tryAdvanceRound called	{"{current_round 20 3  <nil>}": {"Key":"self","Type":15,"Integer":0,"String":"a","Interface":null}}
2025-08-15T22:13:36.538-0500	DEBUG	protocol/handler.go:1591	have processed broadcast	{"{round 20 3  <nil>}": {"Key":"from","Type":15,"Integer":0,"String":"b","Interface":null}}
2025-08-15T22:13:36.538-0500	DEBUG	protocol/handler.go:1591	have processed broadcast	{"{round 20 3  <nil>}": {"Key":"from","Type":15,"Integer":0,"String":"c","Interface":null}}
2025-08-15T22:13:36.538-0500	DEBUG	protocol/handler.go:1649	have all messages and processed	{"{round 20 3  <nil>}": {"Key":"self","Type":15,"Integer":0,"String":"a","Interface":null}}
2025-08-15T22:13:36.538-0500	DEBUG	protocol/handler.go:596	round already finalized
2025-08-15T22:13:36.566-0500	DEBUG	protocol/handler.go:581	tryAdvanceRound called	{"{current_round 20 3  <nil>}": {"Key":"self","Type":15,"Integer":0,"String":"b","Interface":null}}
2025-08-15T22:13:36.566-0500	DEBUG	protocol/handler.go:1591	have processed broadcast	{"{round 20 3  <nil>}": {"Key":"from","Type":15,"Integer":0,"String":"a","Interface":null}}
2025-08-15T22:13:36.567-0500	DEBUG	protocol/handler.go:1591	have processed broadcast	{"{round 20 3  <nil>}": {"Key":"from","Type":15,"Integer":0,"String":"c","Interface":null}}
2025-08-15T22:13:36.567-0500	DEBUG	protocol/handler.go:1649	have all messages and processed	{"{round 20 3  <nil>}": {"Key":"self","Type":15,"Integer":0,"String":"b","Interface":null}}
2025-08-15T22:13:36.567-0500	DEBUG	protocol/handler.go:596	round already finalized
2025-08-15T22:13:36.567-0500	DEBUG	protocol/handler.go:581	tryAdvanceRound called	{"{current_round 20 3  <nil>}": {"Key":"self","Type":15,"Integer":0,"String":"b","Interface":null}}
2025-08-15T22:13:36.567-0500	DEBUG	protocol/handler.go:1591	have processed broadcast	{"{round 20 3  <nil>}": {"Key":"from","Type":15,"Integer":0,"String":"a","Interface":null}}
2025-08-15T22:13:36.567-0500	DEBUG	protocol/handler.go:1591	have processed broadcast	{"{round 20 3  <nil>}": {"Key":"from","Type":15,"Integer":0,"String":"c","Interface":null}}
2025-08-15T22:13:36.567-0500	DEBUG	protocol/handler.go:1649	have all messages and processed	{"{round 20 3  <nil>}": {"Key":"self","Type":15,"Integer":0,"String":"b","Interface":null}}
2025-08-15T22:13:36.567-0500	DEBUG	protocol/handler.go:596	round already finalized
2025-08-15T22:13:36.568-0500	DEBUG	protocol/handler.go:581	tryAdvanceRound called	{"{current_round 20 3  <nil>}": {"Key":"self","Type":15,"Integer":0,"String":"a","Interface":null}}
2025-08-15T22:13:36.568-0500	DEBUG	protocol/handler.go:1591	have processed broadcast	{"{round 20 3  <nil>}": {"Key":"from","Type":15,"Integer":0,"String":"b","Interface":null}}
2025-08-15T22:13:36.568-0500	DEBUG	protocol/handler.go:1591	have processed broadcast	{"{round 20 3  <nil>}": {"Key":"from","Type":15,"Integer":0,"String":"c","Interface":null}}
2025-08-15T22:13:36.568-0500	DEBUG	protocol/handler.go:1649	have all messages and processed	{"{round 20 3  <nil>}": {"Key":"self","Type":15,"Integer":0,"String":"a","Interface":null}}
2025-08-15T22:13:36.568-0500	DEBUG	protocol/handler.go:596	round already finalized
2025-08-15T22:13:36.568-0500	DEBUG	protocol/handler.go:581	tryAdvanceRound called	{"{current_round 20 3  <nil>}": {"Key":"self","Type":15,"Integer":0,"String":"a","Interface":null}}
2025-08-15T22:13:36.568-0500	DEBUG	protocol/handler.go:1591	have processed broadcast	{"{round 20 3  <nil>}": {"Key":"from","Type":15,"Integer":0,"String":"b","Interface":null}}
2025-08-15T22:13:36.568-0500	DEBUG	protocol/handler.go:1591	have processed broadcast	{"{round 20 3  <nil>}": {"Key":"from","Type":15,"Integer":0,"String":"c","Interface":null}}
2025-08-15T22:13:36.568-0500	DEBUG	protocol/handler.go:1649	have all messages and processed	{"{round 20 3  <nil>}": {"Key":"self","Type":15,"Integer":0,"String":"a","Interface":null}}
2025-08-15T22:13:36.568-0500	DEBUG	protocol/handler.go:596	round already finalized
2025-08-15T22:13:36.574-0500	DEBUG	protocol/handler.go:1591	have processed broadcast	{"{round 20 3  <nil>}": {"Key":"from","Type":15,"Integer":0,"String":"b","Interface":null}}
2025-08-15T22:13:36.574-0500	DEBUG	protocol/handler.go:1649	have all messages and processed	{"{round 20 3  <nil>}": {"Key":"self","Type":15,"Integer":0,"String":"c","Interface":null}}
2025-08-15T22:13:36.574-0500	DEBUG	protocol/handler.go:596	round already finalized
2025-08-15T22:13:36.574-0500	DEBUG	protocol/handler.go:581	tryAdvanceRound called	{"{current_round 20 3  <nil>}": {"Key":"self","Type":15,"Integer":0,"String":"c","Interface":null}}
2025-08-15T22:13:36.574-0500	DEBUG	protocol/handler.go:1591	have processed broadcast	{"{round 20 3  <nil>}": {"Key":"from","Type":15,"Integer":0,"String":"a","Interface":null}}
2025-08-15T22:13:36.575-0500	DEBUG	protocol/handler.go:1591	have processed broadcast	{"{round 20 3  <nil>}": {"Key":"from","Type":15,"Integer":0,"String":"b","Interface":null}}
2025-08-15T22:13:36.577-0500	DEBUG	protocol/handler.go:1649	have all messages and processed	{"{round 20 3  <nil>}": {"Key":"self","Type":15,"Integer":0,"String":"c","Interface":null}}
2025-08-15T22:13:36.577-0500	DEBUG	protocol/handler.go:596	round already finalized
2025-08-15T22:13:36.583-0500	DEBUG	protocol/handler.go:581	tryAdvanceRound called	{"{current_round 20 3  <nil>}": {"Key":"self","Type":15,"Integer":0,"String":"a","Interface":null}}
2025-08-15T22:13:36.584-0500	DEBUG	protocol/handler.go:1591	have processed broadcast	{"{round 20 3  <nil>}": {"Key":"from","Type":15,"Integer":0,"String":"b","Interface":null}}
2025-08-15T22:13:36.584-0500	DEBUG	protocol/handler.go:1591	have processed broadcast	{"{round 20 3  <nil>}": {"Key":"from","Type":15,"Integer":0,"String":"c","Interface":null}}
2025-08-15T22:13:36.597-0500	DEBUG	protocol/handler.go:581	tryAdvanceRound called	{"{current_round 20 3  <nil>}": {"Key":"self","Type":15,"Integer":0,"String":"c","Interface":null}}
2025-08-15T22:13:36.597-0500	DEBUG	protocol/handler.go:1591	have processed broadcast	{"{round 20 3  <nil>}": {"Key":"from","Type":15,"Integer":0,"String":"a","Interface":null}}
2025-08-15T22:13:36.597-0500	DEBUG	protocol/handler.go:1591	have processed broadcast	{"{round 20 3  <nil>}": {"Key":"from","Type":15,"Integer":0,"String":"b","Interface":null}}
2025-08-15T22:13:36.597-0500	DEBUG	protocol/handler.go:1649	have all messages and processed	{"{round 20 3  <nil>}": {"Key":"self","Type":15,"Integer":0,"String":"c","Interface":null}}
2025-08-15T22:13:36.597-0500	DEBUG	protocol/handler.go:596	round already finalized
2025-08-15T22:13:36.627-0500	DEBUG	protocol/handler.go:581	tryAdvanceRound called	{"{current_round 20 3  <nil>}": {"Key":"self","Type":15,"Integer":0,"String":"c","Interface":null}}
2025-08-15T22:13:36.627-0500	DEBUG	protocol/handler.go:1591	have processed broadcast	{"{round 20 3  <nil>}": {"Key":"from","Type":15,"Integer":0,"String":"a","Interface":null}}
2025-08-15T22:13:36.627-0500	DEBUG	protocol/handler.go:1591	have processed broadcast	{"{round 20 3  <nil>}": {"Key":"from","Type":15,"Integer":0,"String":"b","Interface":null}}
2025-08-15T22:13:36.584-0500	DEBUG	protocol/handler.go:1649	have all messages and processed	{"{round 20 3  <nil>}": {"Key":"self","Type":15,"Integer":0,"String":"a","Interface":null}}
2025-08-15T22:13:36.631-0500	DEBUG	protocol/handler.go:596	round already finalized
2025-08-15T22:13:36.631-0500	DEBUG	protocol/handler.go:581	tryAdvanceRound called	{"{current_round 20 3  <nil>}": {"Key":"self","Type":15,"Integer":0,"String":"a","Interface":null}}
2025-08-15T22:13:36.631-0500	DEBUG	protocol/handler.go:1591	have processed broadcast	{"{round 20 3  <nil>}": {"Key":"from","Type":15,"Integer":0,"String":"b","Interface":null}}
2025-08-15T22:13:36.631-0500	DEBUG	protocol/handler.go:1591	have processed broadcast	{"{round 20 3  <nil>}": {"Key":"from","Type":15,"Integer":0,"String":"c","Interface":null}}
2025-08-15T22:13:36.631-0500	DEBUG	protocol/handler.go:1649	have all messages and processed	{"{round 20 3  <nil>}": {"Key":"self","Type":15,"Integer":0,"String":"a","Interface":null}}
2025-08-15T22:13:36.631-0500	DEBUG	protocol/handler.go:596	round already finalized
2025-08-15T22:13:36.631-0500	DEBUG	protocol/handler.go:1649	have all messages and processed	{"{round 20 3  <nil>}": {"Key":"self","Type":15,"Integer":0,"String":"c","Interface":null}}
2025-08-15T22:13:36.631-0500	DEBUG	protocol/handler.go:596	round already finalized
2025-08-15T22:13:36.631-0500	DEBUG	protocol/handler.go:581	tryAdvanceRound called	{"{current_round 20 3  <nil>}": {"Key":"self","Type":15,"Integer":0,"String":"c","Interface":null}}
2025-08-15T22:13:36.632-0500	DEBUG	protocol/handler.go:1591	have processed broadcast	{"{round 20 3  <nil>}": {"Key":"from","Type":15,"Integer":0,"String":"a","Interface":null}}
2025-08-15T22:13:36.632-0500	DEBUG	protocol/handler.go:1591	have processed broadcast	{"{round 20 3  <nil>}": {"Key":"from","Type":15,"Integer":0,"String":"b","Interface":null}}
2025-08-15T22:13:36.632-0500	DEBUG	protocol/handler.go:1649	have all messages and processed	{"{round 20 3  <nil>}": {"Key":"self","Type":15,"Integer":0,"String":"c","Interface":null}}
2025-08-15T22:13:36.633-0500	DEBUG	protocol/handler.go:581	tryAdvanceRound called	{"{current_round 20 3  <nil>}": {"Key":"self","Type":15,"Integer":0,"String":"b","Interface":null}}
2025-08-15T22:13:36.633-0500	DEBUG	protocol/handler.go:1591	have processed broadcast	{"{round 20 3  <nil>}": {"Key":"from","Type":15,"Integer":0,"String":"a","Interface":null}}
2025-08-15T22:13:36.633-0500	DEBUG	protocol/handler.go:596	round already finalized
2025-08-15T22:13:36.633-0500	DEBUG	protocol/handler.go:1591	have processed broadcast	{"{round 20 3  <nil>}": {"Key":"from","Type":15,"Integer":0,"String":"c","Interface":null}}
2025-08-15T22:13:36.655-0500	DEBUG	protocol/handler.go:1649	have all messages and processed	{"{round 20 3  <nil>}": {"Key":"self","Type":15,"Integer":0,"String":"b","Interface":null}}
2025-08-15T22:13:36.655-0500	DEBUG	protocol/handler.go:596	round already finalized
2025-08-15T22:13:36.655-0500	DEBUG	protocol/handler.go:581	tryAdvanceRound called	{"{current_round 20 3  <nil>}": {"Key":"self","Type":15,"Integer":0,"String":"b","Interface":null}}
2025-08-15T22:13:36.655-0500	DEBUG	protocol/handler.go:1591	have processed broadcast	{"{round 20 3  <nil>}": {"Key":"from","Type":15,"Integer":0,"String":"a","Interface":null}}
2025-08-15T22:13:36.655-0500	DEBUG	protocol/handler.go:1591	have processed broadcast	{"{round 20 3  <nil>}": {"Key":"from","Type":15,"Integer":0,"String":"c","Interface":null}}
2025-08-15T22:13:36.655-0500	DEBUG	protocol/handler.go:1649	have all messages and processed	{"{round 20 3  <nil>}": {"Key":"self","Type":15,"Integer":0,"String":"b","Interface":null}}
2025-08-15T22:13:36.655-0500	DEBUG	protocol/handler.go:596	round already finalized
2025-08-15T22:13:36.655-0500	DEBUG	protocol/handler.go:581	tryAdvanceRound called	{"{current_round 20 3  <nil>}": {"Key":"self","Type":15,"Integer":0,"String":"c","Interface":null}}
2025-08-15T22:13:36.655-0500	DEBUG	protocol/handler.go:1591	have processed broadcast	{"{round 20 3  <nil>}": {"Key":"from","Type":15,"Integer":0,"String":"a","Interface":null}}
2025-08-15T22:13:36.655-0500	DEBUG	protocol/handler.go:1591	have processed broadcast	{"{round 20 3  <nil>}": {"Key":"from","Type":15,"Integer":0,"String":"b","Interface":null}}
2025-08-15T22:13:36.655-0500	DEBUG	protocol/handler.go:1649	have all messages and processed	{"{round 20 3  <nil>}": {"Key":"self","Type":15,"Integer":0,"String":"c","Interface":null}}
2025-08-15T22:13:36.655-0500	DEBUG	protocol/handler.go:596	round already finalized
2025-08-15T22:13:36.679-0500	DEBUG	protocol/handler.go:581	tryAdvanceRound called	{"{current_round 20 3  <nil>}": {"Key":"self","Type":15,"Integer":0,"String":"b","Interface":null}}
2025-08-15T22:13:36.679-0500	DEBUG	protocol/handler.go:1591	have processed broadcast	{"{round 20 3  <nil>}": {"Key":"from","Type":15,"Integer":0,"String":"a","Interface":null}}
2025-08-15T22:13:36.679-0500	DEBUG	protocol/handler.go:1591	have processed broadcast	{"{round 20 3  <nil>}": {"Key":"from","Type":15,"Integer":0,"String":"c","Interface":null}}
2025-08-15T22:13:36.679-0500	DEBUG	protocol/handler.go:1649	have all messages and processed	{"{round 20 3  <nil>}": {"Key":"self","Type":15,"Integer":0,"String":"b","Interface":null}}
2025-08-15T22:13:36.680-0500	DEBUG	protocol/handler.go:596	round already finalized
2025-08-15T22:13:36.701-0500	DEBUG	protocol/handler.go:581	tryAdvanceRound called	{"{current_round 20 3  <nil>}": {"Key":"self","Type":15,"Integer":0,"String":"c","Interface":null}}
2025-08-15T22:13:36.701-0500	DEBUG	protocol/handler.go:1591	have processed broadcast	{"{round 20 3  <nil>}": {"Key":"from","Type":15,"Integer":0,"String":"a","Interface":null}}
2025-08-15T22:13:36.701-0500	DEBUG	protocol/handler.go:1591	have processed broadcast	{"{round 20 3  <nil>}": {"Key":"from","Type":15,"Integer":0,"String":"b","Interface":null}}
2025-08-15T22:13:36.701-0500	DEBUG	protocol/handler.go:1649	have all messages and processed	{"{round 20 3  <nil>}": {"Key":"self","Type":15,"Integer":0,"String":"c","Interface":null}}
2025-08-15T22:13:36.702-0500	DEBUG	protocol/handler.go:596	round already finalized
2025-08-15T22:13:36.702-0500	DEBUG	protocol/handler.go:581	tryAdvanceRound called	{"{current_round 20 3  <nil>}": {"Key":"self","Type":15,"Integer":0,"String":"c","Interface":null}}
2025-08-15T22:13:36.702-0500	DEBUG	protocol/handler.go:1591	have processed broadcast	{"{round 20 3  <nil>}": {"Key":"from","Type":15,"Integer":0,"String":"a","Interface":null}}
2025-08-15T22:13:36.702-0500	DEBUG	protocol/handler.go:1591	have processed broadcast	{"{round 20 3  <nil>}": {"Key":"from","Type":15,"Integer":0,"String":"b","Interface":null}}
2025-08-15T22:13:36.702-0500	DEBUG	protocol/handler.go:1649	have all messages and processed	{"{round 20 3  <nil>}": {"Key":"self","Type":15,"Integer":0,"String":"c","Interface":null}}
2025-08-15T22:13:36.702-0500	DEBUG	protocol/handler.go:596	round already finalized
2025-08-15T22:13:36.703-0500	DEBUG	protocol/handler.go:581	tryAdvanceRound called	{"{current_round 20 3  <nil>}": {"Key":"self","Type":15,"Integer":0,"String":"b","Interface":null}}
2025-08-15T22:13:36.703-0500	DEBUG	protocol/handler.go:1591	have processed broadcast	{"{round 20 3  <nil>}": {"Key":"from","Type":15,"Integer":0,"String":"a","Interface":null}}
2025-08-15T22:13:36.703-0500	DEBUG	protocol/handler.go:1591	have processed broadcast	{"{round 20 3  <nil>}": {"Key":"from","Type":15,"Integer":0,"String":"c","Interface":null}}
2025-08-15T22:13:36.703-0500	DEBUG	protocol/handler.go:1649	have all messages and processed	{"{round 20 3  <nil>}": {"Key":"self","Type":15,"Integer":0,"String":"b","Interface":null}}
2025-08-15T22:13:36.703-0500	DEBUG	protocol/handler.go:596	round already finalized
2025-08-15T22:13:36.737-0500	DEBUG	protocol/handler.go:581	tryAdvanceRound called	{"{current_round 20 3  <nil>}": {"Key":"self","Type":15,"Integer":0,"String":"b","Interface":null}}
2025-08-15T22:13:36.737-0500	DEBUG	protocol/handler.go:1591	have processed broadcast	{"{round 20 3  <nil>}": {"Key":"from","Type":15,"Integer":0,"String":"a","Interface":null}}
2025-08-15T22:13:36.737-0500	DEBUG	protocol/handler.go:1591	have processed broadcast	{"{round 20 3  <nil>}": {"Key":"from","Type":15,"Integer":0,"String":"c","Interface":null}}
2025-08-15T22:13:36.737-0500	DEBUG	protocol/handler.go:1649	have all messages and processed	{"{round 20 3  <nil>}": {"Key":"self","Type":15,"Integer":0,"String":"b","Interface":null}}
2025-08-15T22:13:36.738-0500	DEBUG	protocol/handler.go:596	round already finalized
2025-08-15T22:13:36.771-0500	DEBUG	protocol/handler.go:581	tryAdvanceRound called	{"{current_round 20 3  <nil>}": {"Key":"self","Type":15,"Integer":0,"String":"c","Interface":null}}
2025-08-15T22:13:36.773-0500	DEBUG	protocol/handler.go:1591	have processed broadcast	{"{round 20 3  <nil>}": {"Key":"from","Type":15,"Integer":0,"String":"a","Interface":null}}
2025-08-15T22:13:36.774-0500	DEBUG	protocol/handler.go:1591	have processed broadcast	{"{round 20 3  <nil>}": {"Key":"from","Type":15,"Integer":0,"String":"b","Interface":null}}
2025-08-15T22:13:36.774-0500	DEBUG	protocol/handler.go:1649	have all messages and processed	{"{round 20 3  <nil>}": {"Key":"self","Type":15,"Integer":0,"String":"c","Interface":null}}
2025-08-15T22:13:36.774-0500	DEBUG	protocol/handler.go:596	round already finalized
2025-08-15T22:13:36.774-0500	DEBUG	protocol/handler.go:581	tryAdvanceRound called	{"{current_round 20 3  <nil>}": {"Key":"self","Type":15,"Integer":0,"String":"c","Interface":null}}
2025-08-15T22:13:36.774-0500	DEBUG	protocol/handler.go:1591	have processed broadcast	{"{round 20 3  <nil>}": {"Key":"from","Type":15,"Integer":0,"String":"a","Interface":null}}
2025-08-15T22:13:36.774-0500	DEBUG	protocol/handler.go:1591	have processed broadcast	{"{round 20 3  <nil>}": {"Key":"from","Type":15,"Integer":0,"String":"b","Interface":null}}
2025-08-15T22:13:36.774-0500	DEBUG	protocol/handler.go:1649	have all messages and processed	{"{round 20 3  <nil>}": {"Key":"self","Type":15,"Integer":0,"String":"c","Interface":null}}
2025-08-15T22:13:36.774-0500	DEBUG	protocol/handler.go:596	round already finalized
2025-08-15T22:13:36.774-0500	DEBUG	protocol/handler.go:581	tryAdvanceRound called	{"{current_round 20 3  <nil>}": {"Key":"self","Type":15,"Integer":0,"String":"c","Interface":null}}
2025-08-15T22:13:36.774-0500	DEBUG	protocol/handler.go:1591	have processed broadcast	{"{round 20 3  <nil>}": {"Key":"from","Type":15,"Integer":0,"String":"a","Interface":null}}
2025-08-15T22:13:36.774-0500	DEBUG	protocol/handler.go:1591	have processed broadcast	{"{round 20 3  <nil>}": {"Key":"from","Type":15,"Integer":0,"String":"b","Interface":null}}
2025-08-15T22:13:36.775-0500	DEBUG	protocol/handler.go:1649	have all messages and processed	{"{round 20 3  <nil>}": {"Key":"self","Type":15,"Integer":0,"String":"c","Interface":null}}
2025-08-15T22:13:36.775-0500	DEBUG	protocol/handler.go:596	round already finalized
2025-08-15T22:13:36.775-0500	DEBUG	protocol/handler.go:581	tryAdvanceRound called	{"{current_round 20 3  <nil>}": {"Key":"self","Type":15,"Integer":0,"String":"b","Interface":null}}
2025-08-15T22:13:36.775-0500	DEBUG	protocol/handler.go:1591	have processed broadcast	{"{round 20 3  <nil>}": {"Key":"from","Type":15,"Integer":0,"String":"a","Interface":null}}
2025-08-15T22:13:36.775-0500	DEBUG	protocol/handler.go:1591	have processed broadcast	{"{round 20 3  <nil>}": {"Key":"from","Type":15,"Integer":0,"String":"c","Interface":null}}
2025-08-15T22:13:36.775-0500	DEBUG	protocol/handler.go:1649	have all messages and processed	{"{round 20 3  <nil>}": {"Key":"self","Type":15,"Integer":0,"String":"b","Interface":null}}
2025-08-15T22:13:36.775-0500	DEBUG	protocol/handler.go:596	round already finalized
2025-08-15T22:13:36.672-0500	DEBUG	protocol/handler.go:581	tryAdvanceRound called	{"{current_round 20 3  <nil>}": {"Key":"self","Type":15,"Integer":0,"String":"a","Interface":null}}
2025-08-15T22:13:36.806-0500	DEBUG	protocol/handler.go:1591	have processed broadcast	{"{round 20 3  <nil>}": {"Key":"from","Type":15,"Integer":0,"String":"b","Interface":null}}
2025-08-15T22:13:36.806-0500	DEBUG	protocol/handler.go:1591	have processed broadcast	{"{round 20 3  <nil>}": {"Key":"from","Type":15,"Integer":0,"String":"c","Interface":null}}
2025-08-15T22:13:36.807-0500	DEBUG	protocol/handler.go:1649	have all messages and processed	{"{round 20 3  <nil>}": {"Key":"self","Type":15,"Integer":0,"String":"a","Interface":null}}
2025-08-15T22:13:36.807-0500	DEBUG	protocol/handler.go:596	round already finalized
2025-08-15T22:13:36.807-0500	DEBUG	protocol/handler.go:581	tryAdvanceRound called	{"{current_round 20 3  <nil>}": {"Key":"self","Type":15,"Integer":0,"String":"a","Interface":null}}
2025-08-15T22:13:36.807-0500	DEBUG	protocol/handler.go:1591	have processed broadcast	{"{round 20 3  <nil>}": {"Key":"from","Type":15,"Integer":0,"String":"b","Interface":null}}
2025-08-15T22:13:36.807-0500	DEBUG	protocol/handler.go:1591	have processed broadcast	{"{round 20 3  <nil>}": {"Key":"from","Type":15,"Integer":0,"String":"c","Interface":null}}
2025-08-15T22:13:36.807-0500	DEBUG	protocol/handler.go:1649	have all messages and processed	{"{round 20 3  <nil>}": {"Key":"self","Type":15,"Integer":0,"String":"a","Interface":null}}
2025-08-15T22:13:36.807-0500	DEBUG	protocol/handler.go:596	round already finalized
2025-08-15T22:13:36.820-0500	DEBUG	protocol/handler.go:581	tryAdvanceRound called	{"{current_round 20 3  <nil>}": {"Key":"self","Type":15,"Integer":0,"String":"a","Interface":null}}
2025-08-15T22:13:36.820-0500	DEBUG	protocol/handler.go:1591	have processed broadcast	{"{round 20 3  <nil>}": {"Key":"from","Type":15,"Integer":0,"String":"b","Interface":null}}
2025-08-15T22:13:36.820-0500	DEBUG	protocol/handler.go:1591	have processed broadcast	{"{round 20 3  <nil>}": {"Key":"from","Type":15,"Integer":0,"String":"c","Interface":null}}
2025-08-15T22:13:36.820-0500	DEBUG	protocol/handler.go:1649	have all messages and processed	{"{round 20 3  <nil>}": {"Key":"self","Type":15,"Integer":0,"String":"a","Interface":null}}
2025-08-15T22:13:36.820-0500	DEBUG	protocol/handler.go:596	round already finalized
2025-08-15T22:13:36.843-0500	DEBUG	protocol/handler.go:581	tryAdvanceRound called	{"{current_round 20 3  <nil>}": {"Key":"self","Type":15,"Integer":0,"String":"a","Interface":null}}
2025-08-15T22:13:36.843-0500	DEBUG	protocol/handler.go:1591	have processed broadcast	{"{round 20 3  <nil>}": {"Key":"from","Type":15,"Integer":0,"String":"b","Interface":null}}
2025-08-15T22:13:36.843-0500	DEBUG	protocol/handler.go:1591	have processed broadcast	{"{round 20 3  <nil>}": {"Key":"from","Type":15,"Integer":0,"String":"c","Interface":null}}
2025-08-15T22:13:36.843-0500	DEBUG	protocol/handler.go:1649	have all messages and processed	{"{round 20 3  <nil>}": {"Key":"self","Type":15,"Integer":0,"String":"a","Interface":null}}
2025-08-15T22:13:36.843-0500	DEBUG	protocol/handler.go:596	round already finalized
2025-08-15T22:13:36.866-0500	DEBUG	protocol/handler.go:581	tryAdvanceRound called	{"{current_round 20 3  <nil>}": {"Key":"self","Type":15,"Integer":0,"String":"c","Interface":null}}
2025-08-15T22:13:36.866-0500	DEBUG	protocol/handler.go:1591	have processed broadcast	{"{round 20 3  <nil>}": {"Key":"from","Type":15,"Integer":0,"String":"a","Interface":null}}
2025-08-15T22:13:36.866-0500	DEBUG	protocol/handler.go:1591	have processed broadcast	{"{round 20 3  <nil>}": {"Key":"from","Type":15,"Integer":0,"String":"b","Interface":null}}
2025-08-15T22:13:36.866-0500	DEBUG	protocol/handler.go:1649	have all messages and processed	{"{round 20 3  <nil>}": {"Key":"self","Type":15,"Integer":0,"String":"c","Interface":null}}
2025-08-15T22:13:36.866-0500	DEBUG	protocol/handler.go:596	round already finalized
2025-08-15T22:13:36.866-0500	DEBUG	protocol/handler.go:581	tryAdvanceRound called	{"{current_round 20 3  <nil>}": {"Key":"self","Type":15,"Integer":0,"String":"c","Interface":null}}
2025-08-15T22:13:36.866-0500	DEBUG	protocol/handler.go:1591	have processed broadcast	{"{round 20 3  <nil>}": {"Key":"from","Type":15,"Integer":0,"String":"a","Interface":null}}
2025-08-15T22:13:36.866-0500	DEBUG	protocol/handler.go:1591	have processed broadcast	{"{round 20 3  <nil>}": {"Key":"from","Type":15,"Integer":0,"String":"b","Interface":null}}
2025-08-15T22:13:36.866-0500	DEBUG	protocol/handler.go:1649	have all messages and processed	{"{round 20 3  <nil>}": {"Key":"self","Type":15,"Integer":0,"String":"c","Interface":null}}
2025-08-15T22:13:36.866-0500	DEBUG	protocol/handler.go:596	round already finalized
2025-08-15T22:13:36.876-0500	DEBUG	protocol/handler.go:581	tryAdvanceRound called	{"{current_round 20 3  <nil>}": {"Key":"self","Type":15,"Integer":0,"String":"b","Interface":null}}
2025-08-15T22:13:36.876-0500	DEBUG	protocol/handler.go:1591	have processed broadcast	{"{round 20 3  <nil>}": {"Key":"from","Type":15,"Integer":0,"String":"a","Interface":null}}
2025-08-15T22:13:36.877-0500	DEBUG	protocol/handler.go:1591	have processed broadcast	{"{round 20 3  <nil>}": {"Key":"from","Type":15,"Integer":0,"String":"c","Interface":null}}
2025-08-15T22:13:36.877-0500	DEBUG	protocol/handler.go:1649	have all messages and processed	{"{round 20 3  <nil>}": {"Key":"self","Type":15,"Integer":0,"String":"b","Interface":null}}
2025-08-15T22:13:36.878-0500	DEBUG	protocol/handler.go:596	round already finalized
2025-08-15T22:13:36.878-0500	DEBUG	protocol/handler.go:581	tryAdvanceRound called	{"{current_round 20 3  <nil>}": {"Key":"self","Type":15,"Integer":0,"String":"b","Interface":null}}
2025-08-15T22:13:36.878-0500	DEBUG	protocol/handler.go:1591	have processed broadcast	{"{round 20 3  <nil>}": {"Key":"from","Type":15,"Integer":0,"String":"a","Interface":null}}
2025-08-15T22:13:36.878-0500	DEBUG	protocol/handler.go:1591	have processed broadcast	{"{round 20 3  <nil>}": {"Key":"from","Type":15,"Integer":0,"String":"c","Interface":null}}
2025-08-15T22:13:36.879-0500	DEBUG	protocol/handler.go:1649	have all messages and processed	{"{round 20 3  <nil>}": {"Key":"self","Type":15,"Integer":0,"String":"b","Interface":null}}
2025-08-15T22:13:36.879-0500	DEBUG	protocol/handler.go:596	round already finalized
2025-08-15T22:13:36.888-0500	DEBUG	protocol/handler.go:581	tryAdvanceRound called	{"{current_round 20 3  <nil>}": {"Key":"self","Type":15,"Integer":0,"String":"c","Interface":null}}
2025-08-15T22:13:36.888-0500	DEBUG	protocol/handler.go:1591	have processed broadcast	{"{round 20 3  <nil>}": {"Key":"from","Type":15,"Integer":0,"String":"a","Interface":null}}
2025-08-15T22:13:36.888-0500	DEBUG	protocol/handler.go:1591	have processed broadcast	{"{round 20 3  <nil>}": {"Key":"from","Type":15,"Integer":0,"String":"b","Interface":null}}
2025-08-15T22:13:36.888-0500	DEBUG	protocol/handler.go:1649	have all messages and processed	{"{round 20 3  <nil>}": {"Key":"self","Type":15,"Integer":0,"String":"c","Interface":null}}
2025-08-15T22:13:36.888-0500	DEBUG	protocol/handler.go:596	round already finalized
2025-08-15T22:13:36.888-0500	DEBUG	protocol/handler.go:581	tryAdvanceRound called	{"{current_round 20 3  <nil>}": {"Key":"self","Type":15,"Integer":0,"String":"c","Interface":null}}
2025-08-15T22:13:36.889-0500	DEBUG	protocol/handler.go:1591	have processed broadcast	{"{round 20 3  <nil>}": {"Key":"from","Type":15,"Integer":0,"String":"a","Interface":null}}
2025-08-15T22:13:36.889-0500	DEBUG	protocol/handler.go:1591	have processed broadcast	{"{round 20 3  <nil>}": {"Key":"from","Type":15,"Integer":0,"String":"b","Interface":null}}
2025-08-15T22:13:36.889-0500	DEBUG	protocol/handler.go:1649	have all messages and processed	{"{round 20 3  <nil>}": {"Key":"self","Type":15,"Integer":0,"String":"c","Interface":null}}
2025-08-15T22:13:36.889-0500	DEBUG	protocol/handler.go:596	round already finalized
2025-08-15T22:13:36.889-0500	DEBUG	protocol/handler.go:581	tryAdvanceRound called	{"{current_round 20 3  <nil>}": {"Key":"self","Type":15,"Integer":0,"String":"b","Interface":null}}
2025-08-15T22:13:36.889-0500	DEBUG	protocol/handler.go:1591	have processed broadcast	{"{round 20 3  <nil>}": {"Key":"from","Type":15,"Integer":0,"String":"a","Interface":null}}
2025-08-15T22:13:36.889-0500	DEBUG	protocol/handler.go:1591	have processed broadcast	{"{round 20 3  <nil>}": {"Key":"from","Type":15,"Integer":0,"String":"c","Interface":null}}
2025-08-15T22:13:36.889-0500	DEBUG	protocol/handler.go:1649	have all messages and processed	{"{round 20 3  <nil>}": {"Key":"self","Type":15,"Integer":0,"String":"b","Interface":null}}
2025-08-15T22:13:36.889-0500	DEBUG	protocol/handler.go:596	round already finalized
2025-08-15T22:13:36.891-0500	DEBUG	protocol/handler.go:581	tryAdvanceRound called	{"{current_round 20 3  <nil>}": {"Key":"self","Type":15,"Integer":0,"String":"a","Interface":null}}
2025-08-15T22:13:36.892-0500	DEBUG	protocol/handler.go:581	tryAdvanceRound called	{"{current_round 20 3  <nil>}": {"Key":"self","Type":15,"Integer":0,"String":"b","Interface":null}}
2025-08-15T22:13:36.892-0500	DEBUG	protocol/handler.go:1591	have processed broadcast	{"{round 20 3  <nil>}": {"Key":"from","Type":15,"Integer":0,"String":"a","Interface":null}}
2025-08-15T22:13:36.893-0500	DEBUG	protocol/handler.go:1591	have processed broadcast	{"{round 20 3  <nil>}": {"Key":"from","Type":15,"Integer":0,"String":"c","Interface":null}}
2025-08-15T22:13:36.893-0500	DEBUG	protocol/handler.go:1649	have all messages and processed	{"{round 20 3  <nil>}": {"Key":"self","Type":15,"Integer":0,"String":"b","Interface":null}}
2025-08-15T22:13:36.891-0500	DEBUG	protocol/handler.go:581	tryAdvanceRound called	{"{current_round 20 3  <nil>}": {"Key":"self","Type":15,"Integer":0,"String":"c","Interface":null}}
2025-08-15T22:13:36.893-0500	DEBUG	protocol/handler.go:596	round already finalized
2025-08-15T22:13:36.899-0500	DEBUG	protocol/handler.go:1591	have processed broadcast	{"{round 20 3  <nil>}": {"Key":"from","Type":15,"Integer":0,"String":"a","Interface":null}}
2025-08-15T22:13:36.900-0500	DEBUG	protocol/handler.go:1591	have processed broadcast	{"{round 20 3  <nil>}": {"Key":"from","Type":15,"Integer":0,"String":"b","Interface":null}}
2025-08-15T22:13:36.900-0500	DEBUG	protocol/handler.go:1649	have all messages and processed	{"{round 20 3  <nil>}": {"Key":"self","Type":15,"Integer":0,"String":"c","Interface":null}}
2025-08-15T22:13:36.900-0500	DEBUG	protocol/handler.go:596	round already finalized
2025-08-15T22:13:36.893-0500	DEBUG	protocol/handler.go:1591	have processed broadcast	{"{round 20 3  <nil>}": {"Key":"from","Type":15,"Integer":0,"String":"b","Interface":null}}
2025-08-15T22:13:36.900-0500	DEBUG	protocol/handler.go:1591	have processed broadcast	{"{round 20 3  <nil>}": {"Key":"from","Type":15,"Integer":0,"String":"c","Interface":null}}
2025-08-15T22:13:36.900-0500	DEBUG	protocol/handler.go:1649	have all messages and processed	{"{round 20 3  <nil>}": {"Key":"self","Type":15,"Integer":0,"String":"a","Interface":null}}
2025-08-15T22:13:36.900-0500	DEBUG	protocol/handler.go:596	round already finalized
2025-08-15T22:13:36.900-0500	DEBUG	protocol/handler.go:581	tryAdvanceRound called	{"{current_round 20 3  <nil>}": {"Key":"self","Type":15,"Integer":0,"String":"a","Interface":null}}
2025-08-15T22:13:36.900-0500	DEBUG	protocol/handler.go:1591	have processed broadcast	{"{round 20 3  <nil>}": {"Key":"from","Type":15,"Integer":0,"String":"b","Interface":null}}
2025-08-15T22:13:36.900-0500	DEBUG	protocol/handler.go:1591	have processed broadcast	{"{round 20 3  <nil>}": {"Key":"from","Type":15,"Integer":0,"String":"c","Interface":null}}
2025-08-15T22:13:36.900-0500	DEBUG	protocol/handler.go:1649	have all messages and processed	{"{round 20 3  <nil>}": {"Key":"self","Type":15,"Integer":0,"String":"a","Interface":null}}
2025-08-15T22:13:36.900-0500	DEBUG	protocol/handler.go:596	round already finalized
2025-08-15T22:13:36.902-0500	DEBUG	protocol/handler.go:581	tryAdvanceRound called	{"{current_round 20 3  <nil>}": {"Key":"self","Type":15,"Integer":0,"String":"b","Interface":null}}
2025-08-15T22:13:36.909-0500	DEBUG	protocol/handler.go:1591	have processed broadcast	{"{round 20 3  <nil>}": {"Key":"from","Type":15,"Integer":0,"String":"a","Interface":null}}
2025-08-15T22:13:36.909-0500	DEBUG	protocol/handler.go:1591	have processed broadcast	{"{round 20 3  <nil>}": {"Key":"from","Type":15,"Integer":0,"String":"c","Interface":null}}
2025-08-15T22:13:36.909-0500	DEBUG	protocol/handler.go:1649	have all messages and processed	{"{round 20 3  <nil>}": {"Key":"self","Type":15,"Integer":0,"String":"b","Interface":null}}
2025-08-15T22:13:36.909-0500	DEBUG	protocol/handler.go:596	round already finalized
2025-08-15T22:13:36.923-0500	DEBUG	protocol/handler.go:581	tryAdvanceRound called	{"{current_round 20 3  <nil>}": {"Key":"self","Type":15,"Integer":0,"String":"b","Interface":null}}
2025-08-15T22:13:36.923-0500	DEBUG	protocol/handler.go:1591	have processed broadcast	{"{round 20 3  <nil>}": {"Key":"from","Type":15,"Integer":0,"String":"a","Interface":null}}
2025-08-15T22:13:36.923-0500	DEBUG	protocol/handler.go:1591	have processed broadcast	{"{round 20 3  <nil>}": {"Key":"from","Type":15,"Integer":0,"String":"c","Interface":null}}
2025-08-15T22:13:36.923-0500	DEBUG	protocol/handler.go:1649	have all messages and processed	{"{round 20 3  <nil>}": {"Key":"self","Type":15,"Integer":0,"String":"b","Interface":null}}
2025-08-15T22:13:36.923-0500	DEBUG	protocol/handler.go:596	round already finalized
2025-08-15T22:13:36.923-0500	DEBUG	protocol/handler.go:581	tryAdvanceRound called	{"{current_round 20 3  <nil>}": {"Key":"self","Type":15,"Integer":0,"String":"a","Interface":null}}
2025-08-15T22:13:36.923-0500	DEBUG	protocol/handler.go:1591	have processed broadcast	{"{round 20 3  <nil>}": {"Key":"from","Type":15,"Integer":0,"String":"b","Interface":null}}
2025-08-15T22:13:36.923-0500	DEBUG	protocol/handler.go:1591	have processed broadcast	{"{round 20 3  <nil>}": {"Key":"from","Type":15,"Integer":0,"String":"c","Interface":null}}
2025-08-15T22:13:36.924-0500	DEBUG	protocol/handler.go:1649	have all messages and processed	{"{round 20 3  <nil>}": {"Key":"self","Type":15,"Integer":0,"String":"a","Interface":null}}
2025-08-15T22:13:36.924-0500	DEBUG	protocol/handler.go:596	round already finalized
2025-08-15T22:13:36.938-0500	DEBUG	protocol/handler.go:581	tryAdvanceRound called	{"{current_round 20 3  <nil>}": {"Key":"self","Type":15,"Integer":0,"String":"b","Interface":null}}
2025-08-15T22:13:36.938-0500	DEBUG	protocol/handler.go:1591	have processed broadcast	{"{round 20 3  <nil>}": {"Key":"from","Type":15,"Integer":0,"String":"a","Interface":null}}
2025-08-15T22:13:36.938-0500	DEBUG	protocol/handler.go:1591	have processed broadcast	{"{round 20 3  <nil>}": {"Key":"from","Type":15,"Integer":0,"String":"c","Interface":null}}
2025-08-15T22:13:36.938-0500	DEBUG	protocol/handler.go:1649	have all messages and processed	{"{round 20 3  <nil>}": {"Key":"self","Type":15,"Integer":0,"String":"b","Interface":null}}
2025-08-15T22:13:36.938-0500	DEBUG	protocol/handler.go:596	round already finalized
2025-08-15T22:13:36.963-0500	DEBUG	protocol/handler.go:581	tryAdvanceRound called	{"{current_round 20 3  <nil>}": {"Key":"self","Type":15,"Integer":0,"String":"b","Interface":null}}
2025-08-15T22:13:36.990-0500	DEBUG	protocol/handler.go:581	tryAdvanceRound called	{"{current_round 20 3  <nil>}": {"Key":"self","Type":15,"Integer":0,"String":"c","Interface":null}}
2025-08-15T22:13:36.990-0500	DEBUG	protocol/handler.go:1591	have processed broadcast	{"{round 20 3  <nil>}": {"Key":"from","Type":15,"Integer":0,"String":"a","Interface":null}}
2025-08-15T22:13:36.990-0500	DEBUG	protocol/handler.go:1591	have processed broadcast	{"{round 20 3  <nil>}": {"Key":"from","Type":15,"Integer":0,"String":"b","Interface":null}}
2025-08-15T22:13:36.990-0500	DEBUG	protocol/handler.go:1649	have all messages and processed	{"{round 20 3  <nil>}": {"Key":"self","Type":15,"Integer":0,"String":"c","Interface":null}}
2025-08-15T22:13:36.990-0500	DEBUG	protocol/handler.go:596	round already finalized
2025-08-15T22:13:36.990-0500	DEBUG	protocol/handler.go:581	tryAdvanceRound called	{"{current_round 20 3  <nil>}": {"Key":"self","Type":15,"Integer":0,"String":"c","Interface":null}}
2025-08-15T22:13:36.990-0500	DEBUG	protocol/handler.go:1591	have processed broadcast	{"{round 20 3  <nil>}": {"Key":"from","Type":15,"Integer":0,"String":"a","Interface":null}}
2025-08-15T22:13:36.990-0500	DEBUG	protocol/handler.go:1591	have processed broadcast	{"{round 20 3  <nil>}": {"Key":"from","Type":15,"Integer":0,"String":"b","Interface":null}}
2025-08-15T22:13:36.990-0500	DEBUG	protocol/handler.go:1649	have all messages and processed	{"{round 20 3  <nil>}": {"Key":"self","Type":15,"Integer":0,"String":"c","Interface":null}}
2025-08-15T22:13:36.990-0500	DEBUG	protocol/handler.go:596	round already finalized
2025-08-15T22:13:36.990-0500	DEBUG	protocol/handler.go:581	tryAdvanceRound called	{"{current_round 20 3  <nil>}": {"Key":"self","Type":15,"Integer":0,"String":"a","Interface":null}}
2025-08-15T22:13:36.990-0500	DEBUG	protocol/handler.go:1591	have processed broadcast	{"{round 20 3  <nil>}": {"Key":"from","Type":15,"Integer":0,"String":"b","Interface":null}}
2025-08-15T22:13:36.990-0500	DEBUG	protocol/handler.go:1591	have processed broadcast	{"{round 20 3  <nil>}": {"Key":"from","Type":15,"Integer":0,"String":"c","Interface":null}}
2025-08-15T22:13:36.990-0500	DEBUG	protocol/handler.go:1649	have all messages and processed	{"{round 20 3  <nil>}": {"Key":"self","Type":15,"Integer":0,"String":"a","Interface":null}}
2025-08-15T22:13:36.990-0500	DEBUG	protocol/handler.go:596	round already finalized
2025-08-15T22:13:36.990-0500	DEBUG	protocol/handler.go:581	tryAdvanceRound called	{"{current_round 20 3  <nil>}": {"Key":"self","Type":15,"Integer":0,"String":"a","Interface":null}}
2025-08-15T22:13:36.990-0500	DEBUG	protocol/handler.go:1591	have processed broadcast	{"{round 20 3  <nil>}": {"Key":"from","Type":15,"Integer":0,"String":"b","Interface":null}}
2025-08-15T22:13:36.990-0500	DEBUG	protocol/handler.go:1591	have processed broadcast	{"{round 20 3  <nil>}": {"Key":"from","Type":15,"Integer":0,"String":"c","Interface":null}}
2025-08-15T22:13:36.990-0500	DEBUG	protocol/handler.go:1649	have all messages and processed	{"{round 20 3  <nil>}": {"Key":"self","Type":15,"Integer":0,"String":"a","Interface":null}}
2025-08-15T22:13:36.991-0500	DEBUG	protocol/handler.go:596	round already finalized
2025-08-15T22:13:37.040-0500	DEBUG	protocol/handler.go:581	tryAdvanceRound called	{"{current_round 20 3  <nil>}": {"Key":"self","Type":15,"Integer":0,"String":"c","Interface":null}}
2025-08-15T22:13:37.043-0500	DEBUG	protocol/handler.go:1591	have processed broadcast	{"{round 20 3  <nil>}": {"Key":"from","Type":15,"Integer":0,"String":"a","Interface":null}}
2025-08-15T22:13:37.043-0500	DEBUG	protocol/handler.go:1591	have processed broadcast	{"{round 20 3  <nil>}": {"Key":"from","Type":15,"Integer":0,"String":"b","Interface":null}}
2025-08-15T22:13:37.043-0500	DEBUG	protocol/handler.go:1649	have all messages and processed	{"{round 20 3  <nil>}": {"Key":"self","Type":15,"Integer":0,"String":"c","Interface":null}}
2025-08-15T22:13:37.043-0500	DEBUG	protocol/handler.go:596	round already finalized
2025-08-15T22:13:37.043-0500	DEBUG	protocol/handler.go:581	tryAdvanceRound called	{"{current_round 20 3  <nil>}": {"Key":"self","Type":15,"Integer":0,"String":"c","Interface":null}}
2025-08-15T22:13:37.043-0500	DEBUG	protocol/handler.go:1591	have processed broadcast	{"{round 20 3  <nil>}": {"Key":"from","Type":15,"Integer":0,"String":"a","Interface":null}}
2025-08-15T22:13:37.043-0500	DEBUG	protocol/handler.go:1591	have processed broadcast	{"{round 20 3  <nil>}": {"Key":"from","Type":15,"Integer":0,"String":"b","Interface":null}}
2025-08-15T22:13:37.043-0500	DEBUG	protocol/handler.go:1649	have all messages and processed	{"{round 20 3  <nil>}": {"Key":"self","Type":15,"Integer":0,"String":"c","Interface":null}}
2025-08-15T22:13:37.043-0500	DEBUG	protocol/handler.go:596	round already finalized
2025-08-15T22:13:37.043-0500	DEBUG	protocol/handler.go:581	tryAdvanceRound called	{"{current_round 20 3  <nil>}": {"Key":"self","Type":15,"Integer":0,"String":"a","Interface":null}}
2025-08-15T22:13:37.043-0500	DEBUG	protocol/handler.go:1591	have processed broadcast	{"{round 20 3  <nil>}": {"Key":"from","Type":15,"Integer":0,"String":"b","Interface":null}}
2025-08-15T22:13:37.043-0500	DEBUG	protocol/handler.go:1591	have processed broadcast	{"{round 20 3  <nil>}": {"Key":"from","Type":15,"Integer":0,"String":"c","Interface":null}}
2025-08-15T22:13:37.044-0500	DEBUG	protocol/handler.go:1649	have all messages and processed	{"{round 20 3  <nil>}": {"Key":"self","Type":15,"Integer":0,"String":"a","Interface":null}}
2025-08-15T22:13:37.044-0500	DEBUG	protocol/handler.go:596	round already finalized
2025-08-15T22:13:37.044-0500	DEBUG	protocol/handler.go:581	tryAdvanceRound called	{"{current_round 20 3  <nil>}": {"Key":"self","Type":15,"Integer":0,"String":"a","Interface":null}}
2025-08-15T22:13:37.051-0500	DEBUG	protocol/handler.go:1591	have processed broadcast	{"{round 20 3  <nil>}": {"Key":"from","Type":15,"Integer":0,"String":"b","Interface":null}}
2025-08-15T22:13:37.051-0500	DEBUG	protocol/handler.go:1591	have processed broadcast	{"{round 20 3  <nil>}": {"Key":"from","Type":15,"Integer":0,"String":"c","Interface":null}}
2025-08-15T22:13:37.051-0500	DEBUG	protocol/handler.go:1649	have all messages and processed	{"{round 20 3  <nil>}": {"Key":"self","Type":15,"Integer":0,"String":"a","Interface":null}}
2025-08-15T22:13:37.051-0500	DEBUG	protocol/handler.go:596	round already finalized
2025-08-15T22:13:37.051-0500	DEBUG	protocol/handler.go:581	tryAdvanceRound called	{"{current_round 20 3  <nil>}": {"Key":"self","Type":15,"Integer":0,"String":"c","Interface":null}}
2025-08-15T22:13:37.051-0500	DEBUG	protocol/handler.go:1591	have processed broadcast	{"{round 20 3  <nil>}": {"Key":"from","Type":15,"Integer":0,"String":"a","Interface":null}}
2025-08-15T22:13:37.051-0500	DEBUG	protocol/handler.go:1591	have processed broadcast	{"{round 20 3  <nil>}": {"Key":"from","Type":15,"Integer":0,"String":"b","Interface":null}}
2025-08-15T22:13:37.051-0500	DEBUG	protocol/handler.go:1649	have all messages and processed	{"{round 20 3  <nil>}": {"Key":"self","Type":15,"Integer":0,"String":"c","Interface":null}}
2025-08-15T22:13:37.051-0500	DEBUG	protocol/handler.go:596	round already finalized
2025-08-15T22:13:37.051-0500	DEBUG	protocol/handler.go:581	tryAdvanceRound called	{"{current_round 20 3  <nil>}": {"Key":"self","Type":15,"Integer":0,"String":"c","Interface":null}}
2025-08-15T22:13:37.052-0500	DEBUG	protocol/handler.go:1591	have processed broadcast	{"{round 20 3  <nil>}": {"Key":"from","Type":15,"Integer":0,"String":"a","Interface":null}}
2025-08-15T22:13:37.052-0500	DEBUG	protocol/handler.go:1591	have processed broadcast	{"{round 20 3  <nil>}": {"Key":"from","Type":15,"Integer":0,"String":"b","Interface":null}}
2025-08-15T22:13:37.052-0500	DEBUG	protocol/handler.go:1649	have all messages and processed	{"{round 20 3  <nil>}": {"Key":"self","Type":15,"Integer":0,"String":"c","Interface":null}}
2025-08-15T22:13:37.052-0500	DEBUG	protocol/handler.go:596	round already finalized
2025-08-15T22:13:37.052-0500	DEBUG	protocol/handler.go:581	tryAdvanceRound called	{"{current_round 20 3  <nil>}": {"Key":"self","Type":15,"Integer":0,"String":"a","Interface":null}}
2025-08-15T22:13:37.052-0500	DEBUG	protocol/handler.go:1591	have processed broadcast	{"{round 20 3  <nil>}": {"Key":"from","Type":15,"Integer":0,"String":"b","Interface":null}}
2025-08-15T22:13:37.052-0500	DEBUG	protocol/handler.go:1591	have processed broadcast	{"{round 20 3  <nil>}": {"Key":"from","Type":15,"Integer":0,"String":"c","Interface":null}}
2025-08-15T22:13:37.052-0500	DEBUG	protocol/handler.go:1649	have all messages and processed	{"{round 20 3  <nil>}": {"Key":"self","Type":15,"Integer":0,"String":"a","Interface":null}}
2025-08-15T22:13:37.052-0500	DEBUG	protocol/handler.go:596	round already finalized
2025-08-15T22:13:36.963-0500	DEBUG	protocol/handler.go:1591	have processed broadcast	{"{round 20 3  <nil>}": {"Key":"from","Type":15,"Integer":0,"String":"a","Interface":null}}
2025-08-15T22:13:37.068-0500	DEBUG	protocol/handler.go:1591	have processed broadcast	{"{round 20 3  <nil>}": {"Key":"from","Type":15,"Integer":0,"String":"c","Interface":null}}
2025-08-15T22:13:37.068-0500	DEBUG	protocol/handler.go:1649	have all messages and processed	{"{round 20 3  <nil>}": {"Key":"self","Type":15,"Integer":0,"String":"b","Interface":null}}
2025-08-15T22:13:37.068-0500	DEBUG	protocol/handler.go:596	round already finalized
2025-08-15T22:13:37.068-0500	DEBUG	protocol/handler.go:581	tryAdvanceRound called	{"{current_round 20 3  <nil>}": {"Key":"self","Type":15,"Integer":0,"String":"b","Interface":null}}
2025-08-15T22:13:37.069-0500	DEBUG	protocol/handler.go:1591	have processed broadcast	{"{round 20 3  <nil>}": {"Key":"from","Type":15,"Integer":0,"String":"a","Interface":null}}
2025-08-15T22:13:37.069-0500	DEBUG	protocol/handler.go:1591	have processed broadcast	{"{round 20 3  <nil>}": {"Key":"from","Type":15,"Integer":0,"String":"c","Interface":null}}
2025-08-15T22:13:37.069-0500	DEBUG	protocol/handler.go:1649	have all messages and processed	{"{round 20 3  <nil>}": {"Key":"self","Type":15,"Integer":0,"String":"b","Interface":null}}
2025-08-15T22:13:37.069-0500	DEBUG	protocol/handler.go:596	round already finalized
2025-08-15T22:13:37.078-0500	DEBUG	protocol/handler.go:581	tryAdvanceRound called	{"{current_round 20 3  <nil>}": {"Key":"self","Type":15,"Integer":0,"String":"c","Interface":null}}
2025-08-15T22:13:37.078-0500	DEBUG	protocol/handler.go:1591	have processed broadcast	{"{round 20 3  <nil>}": {"Key":"from","Type":15,"Integer":0,"String":"a","Interface":null}}
2025-08-15T22:13:37.080-0500	DEBUG	protocol/handler.go:1591	have processed broadcast	{"{round 20 3  <nil>}": {"Key":"from","Type":15,"Integer":0,"String":"b","Interface":null}}
2025-08-15T22:13:37.080-0500	DEBUG	protocol/handler.go:1649	have all messages and processed	{"{round 20 3  <nil>}": {"Key":"self","Type":15,"Integer":0,"String":"c","Interface":null}}
2025-08-15T22:13:37.080-0500	DEBUG	protocol/handler.go:596	round already finalized
2025-08-15T22:13:37.088-0500	DEBUG	protocol/handler.go:581	tryAdvanceRound called	{"{current_round 20 3  <nil>}": {"Key":"self","Type":15,"Integer":0,"String":"b","Interface":null}}
2025-08-15T22:13:37.088-0500	DEBUG	protocol/handler.go:1591	have processed broadcast	{"{round 20 3  <nil>}": {"Key":"from","Type":15,"Integer":0,"String":"a","Interface":null}}
2025-08-15T22:13:37.088-0500	DEBUG	protocol/handler.go:1591	have processed broadcast	{"{round 20 3  <nil>}": {"Key":"from","Type":15,"Integer":0,"String":"c","Interface":null}}
2025-08-15T22:13:37.089-0500	DEBUG	protocol/handler.go:1649	have all messages and processed	{"{round 20 3  <nil>}": {"Key":"self","Type":15,"Integer":0,"String":"b","Interface":null}}
2025-08-15T22:13:37.089-0500	DEBUG	protocol/handler.go:596	round already finalized
2025-08-15T22:13:37.100-0500	DEBUG	protocol/handler.go:581	tryAdvanceRound called	{"{current_round 20 3  <nil>}": {"Key":"self","Type":15,"Integer":0,"String":"a","Interface":null}}
2025-08-15T22:13:37.101-0500	DEBUG	protocol/handler.go:1591	have processed broadcast	{"{round 20 3  <nil>}": {"Key":"from","Type":15,"Integer":0,"String":"b","Interface":null}}
2025-08-15T22:13:37.101-0500	DEBUG	protocol/handler.go:1591	have processed broadcast	{"{round 20 3  <nil>}": {"Key":"from","Type":15,"Integer":0,"String":"c","Interface":null}}
2025-08-15T22:13:37.101-0500	DEBUG	protocol/handler.go:1649	have all messages and processed	{"{round 20 3  <nil>}": {"Key":"self","Type":15,"Integer":0,"String":"a","Interface":null}}
2025-08-15T22:13:37.101-0500	DEBUG	protocol/handler.go:596	round already finalized
2025-08-15T22:13:37.101-0500	DEBUG	protocol/handler.go:581	tryAdvanceRound called	{"{current_round 20 3  <nil>}": {"Key":"self","Type":15,"Integer":0,"String":"a","Interface":null}}
2025-08-15T22:13:37.101-0500	DEBUG	protocol/handler.go:1591	have processed broadcast	{"{round 20 3  <nil>}": {"Key":"from","Type":15,"Integer":0,"String":"b","Interface":null}}
2025-08-15T22:13:37.101-0500	DEBUG	protocol/handler.go:1591	have processed broadcast	{"{round 20 3  <nil>}": {"Key":"from","Type":15,"Integer":0,"String":"c","Interface":null}}
2025-08-15T22:13:37.101-0500	DEBUG	protocol/handler.go:1649	have all messages and processed	{"{round 20 3  <nil>}": {"Key":"self","Type":15,"Integer":0,"String":"a","Interface":null}}
2025-08-15T22:13:37.101-0500	DEBUG	protocol/handler.go:596	round already finalized
2025-08-15T22:13:37.101-0500	DEBUG	protocol/handler.go:581	tryAdvanceRound called	{"{current_round 20 3  <nil>}": {"Key":"self","Type":15,"Integer":0,"String":"c","Interface":null}}
2025-08-15T22:13:37.101-0500	DEBUG	protocol/handler.go:1591	have processed broadcast	{"{round 20 3  <nil>}": {"Key":"from","Type":15,"Integer":0,"String":"a","Interface":null}}
2025-08-15T22:13:37.101-0500	DEBUG	protocol/handler.go:1591	have processed broadcast	{"{round 20 3  <nil>}": {"Key":"from","Type":15,"Integer":0,"String":"b","Interface":null}}
2025-08-15T22:13:37.101-0500	DEBUG	protocol/handler.go:1649	have all messages and processed	{"{round 20 3  <nil>}": {"Key":"self","Type":15,"Integer":0,"String":"c","Interface":null}}
2025-08-15T22:13:37.101-0500	DEBUG	protocol/handler.go:596	round already finalized
2025-08-15T22:13:37.101-0500	DEBUG	protocol/handler.go:581	tryAdvanceRound called	{"{current_round 20 3  <nil>}": {"Key":"self","Type":15,"Integer":0,"String":"c","Interface":null}}
2025-08-15T22:13:37.101-0500	DEBUG	protocol/handler.go:1591	have processed broadcast	{"{round 20 3  <nil>}": {"Key":"from","Type":15,"Integer":0,"String":"a","Interface":null}}
2025-08-15T22:13:37.101-0500	DEBUG	protocol/handler.go:1591	have processed broadcast	{"{round 20 3  <nil>}": {"Key":"from","Type":15,"Integer":0,"String":"b","Interface":null}}
2025-08-15T22:13:37.102-0500	DEBUG	protocol/handler.go:1649	have all messages and processed	{"{round 20 3  <nil>}": {"Key":"self","Type":15,"Integer":0,"String":"c","Interface":null}}
2025-08-15T22:13:37.102-0500	DEBUG	protocol/handler.go:596	round already finalized
2025-08-15T22:13:37.113-0500	DEBUG	protocol/handler.go:581	tryAdvanceRound called	{"{current_round 20 3  <nil>}": {"Key":"self","Type":15,"Integer":0,"String":"b","Interface":null}}
2025-08-15T22:13:37.113-0500	DEBUG	protocol/handler.go:1591	have processed broadcast	{"{round 20 3  <nil>}": {"Key":"from","Type":15,"Integer":0,"String":"a","Interface":null}}
2025-08-15T22:13:37.113-0500	DEBUG	protocol/handler.go:1591	have processed broadcast	{"{round 20 3  <nil>}": {"Key":"from","Type":15,"Integer":0,"String":"c","Interface":null}}
2025-08-15T22:13:37.113-0500	DEBUG	protocol/handler.go:1649	have all messages and processed	{"{round 20 3  <nil>}": {"Key":"self","Type":15,"Integer":0,"String":"b","Interface":null}}
2025-08-15T22:13:37.113-0500	DEBUG	protocol/handler.go:596	round already finalized
2025-08-15T22:13:37.126-0500	DEBUG	protocol/handler.go:581	tryAdvanceRound called	{"{current_round 20 3  <nil>}": {"Key":"self","Type":15,"Integer":0,"String":"c","Interface":null}}
2025-08-15T22:13:37.126-0500	DEBUG	protocol/handler.go:1591	have processed broadcast	{"{round 20 3  <nil>}": {"Key":"from","Type":15,"Integer":0,"String":"a","Interface":null}}
2025-08-15T22:13:37.127-0500	DEBUG	protocol/handler.go:1591	have processed broadcast	{"{round 20 3  <nil>}": {"Key":"from","Type":15,"Integer":0,"String":"b","Interface":null}}
2025-08-15T22:13:37.128-0500	DEBUG	protocol/handler.go:1649	have all messages and processed	{"{round 20 3  <nil>}": {"Key":"self","Type":15,"Integer":0,"String":"c","Interface":null}}
2025-08-15T22:13:37.128-0500	DEBUG	protocol/handler.go:596	round already finalized
2025-08-15T22:13:37.149-0500	DEBUG	protocol/handler.go:581	tryAdvanceRound called	{"{current_round 20 3  <nil>}": {"Key":"self","Type":15,"Integer":0,"String":"a","Interface":null}}
2025-08-15T22:13:37.149-0500	DEBUG	protocol/handler.go:1591	have processed broadcast	{"{round 20 3  <nil>}": {"Key":"from","Type":15,"Integer":0,"String":"b","Interface":null}}
2025-08-15T22:13:37.150-0500	DEBUG	protocol/handler.go:1591	have processed broadcast	{"{round 20 3  <nil>}": {"Key":"from","Type":15,"Integer":0,"String":"c","Interface":null}}
2025-08-15T22:13:37.150-0500	DEBUG	protocol/handler.go:1649	have all messages and processed	{"{round 20 3  <nil>}": {"Key":"self","Type":15,"Integer":0,"String":"a","Interface":null}}
2025-08-15T22:13:37.150-0500	DEBUG	protocol/handler.go:596	round already finalized
2025-08-15T22:13:37.150-0500	DEBUG	protocol/handler.go:581	tryAdvanceRound called	{"{current_round 20 3  <nil>}": {"Key":"self","Type":15,"Integer":0,"String":"a","Interface":null}}
2025-08-15T22:13:37.150-0500	DEBUG	protocol/handler.go:1591	have processed broadcast	{"{round 20 3  <nil>}": {"Key":"from","Type":15,"Integer":0,"String":"b","Interface":null}}
2025-08-15T22:13:37.150-0500	DEBUG	protocol/handler.go:1591	have processed broadcast	{"{round 20 3  <nil>}": {"Key":"from","Type":15,"Integer":0,"String":"c","Interface":null}}
2025-08-15T22:13:37.150-0500	DEBUG	protocol/handler.go:1649	have all messages and processed	{"{round 20 3  <nil>}": {"Key":"self","Type":15,"Integer":0,"String":"a","Interface":null}}
2025-08-15T22:13:37.150-0500	DEBUG	protocol/handler.go:596	round already finalized
2025-08-15T22:13:37.150-0500	DEBUG	protocol/handler.go:581	tryAdvanceRound called	{"{current_round 20 3  <nil>}": {"Key":"self","Type":15,"Integer":0,"String":"c","Interface":null}}
2025-08-15T22:13:37.150-0500	DEBUG	protocol/handler.go:1591	have processed broadcast	{"{round 20 3  <nil>}": {"Key":"from","Type":15,"Integer":0,"String":"a","Interface":null}}
2025-08-15T22:13:37.150-0500	DEBUG	protocol/handler.go:1591	have processed broadcast	{"{round 20 3  <nil>}": {"Key":"from","Type":15,"Integer":0,"String":"b","Interface":null}}
2025-08-15T22:13:37.150-0500	DEBUG	protocol/handler.go:1649	have all messages and processed	{"{round 20 3  <nil>}": {"Key":"self","Type":15,"Integer":0,"String":"c","Interface":null}}
2025-08-15T22:13:37.150-0500	DEBUG	protocol/handler.go:596	round already finalized
2025-08-15T22:13:37.171-0500	DEBUG	protocol/handler.go:581	tryAdvanceRound called	{"{current_round 20 3  <nil>}": {"Key":"self","Type":15,"Integer":0,"String":"b","Interface":null}}
2025-08-15T22:13:37.171-0500	DEBUG	protocol/handler.go:1591	have processed broadcast	{"{round 20 3  <nil>}": {"Key":"from","Type":15,"Integer":0,"String":"a","Interface":null}}
2025-08-15T22:13:37.171-0500	DEBUG	protocol/handler.go:1591	have processed broadcast	{"{round 20 3  <nil>}": {"Key":"from","Type":15,"Integer":0,"String":"c","Interface":null}}
2025-08-15T22:13:37.171-0500	DEBUG	protocol/handler.go:1649	have all messages and processed	{"{round 20 3  <nil>}": {"Key":"self","Type":15,"Integer":0,"String":"b","Interface":null}}
2025-08-15T22:13:37.171-0500	DEBUG	protocol/handler.go:596	round already finalized
2025-08-15T22:13:37.171-0500	DEBUG	protocol/handler.go:581	tryAdvanceRound called	{"{current_round 20 3  <nil>}": {"Key":"self","Type":15,"Integer":0,"String":"b","Interface":null}}
2025-08-15T22:13:37.171-0500	DEBUG	protocol/handler.go:581	tryAdvanceRound called	{"{current_round 20 3  <nil>}": {"Key":"self","Type":15,"Integer":0,"String":"a","Interface":null}}
2025-08-15T22:13:37.171-0500	DEBUG	protocol/handler.go:1591	have processed broadcast	{"{round 20 3  <nil>}": {"Key":"from","Type":15,"Integer":0,"String":"a","Interface":null}}
2025-08-15T22:13:37.171-0500	DEBUG	protocol/handler.go:1591	have processed broadcast	{"{round 20 3  <nil>}": {"Key":"from","Type":15,"Integer":0,"String":"b","Interface":null}}
2025-08-15T22:13:37.172-0500	DEBUG	protocol/handler.go:1591	have processed broadcast	{"{round 20 3  <nil>}": {"Key":"from","Type":15,"Integer":0,"String":"c","Interface":null}}
2025-08-15T22:13:37.172-0500	DEBUG	protocol/handler.go:1591	have processed broadcast	{"{round 20 3  <nil>}": {"Key":"from","Type":15,"Integer":0,"String":"c","Interface":null}}
2025-08-15T22:13:37.172-0500	DEBUG	protocol/handler.go:1649	have all messages and processed	{"{round 20 3  <nil>}": {"Key":"self","Type":15,"Integer":0,"String":"a","Interface":null}}
2025-08-15T22:13:37.172-0500	DEBUG	protocol/handler.go:596	round already finalized
2025-08-15T22:13:37.193-0500	DEBUG	protocol/handler.go:581	tryAdvanceRound called	{"{current_round 20 3  <nil>}": {"Key":"self","Type":15,"Integer":0,"String":"a","Interface":null}}
2025-08-15T22:13:37.193-0500	DEBUG	protocol/handler.go:1591	have processed broadcast	{"{round 20 3  <nil>}": {"Key":"from","Type":15,"Integer":0,"String":"b","Interface":null}}
2025-08-15T22:13:37.193-0500	DEBUG	protocol/handler.go:1591	have processed broadcast	{"{round 20 3  <nil>}": {"Key":"from","Type":15,"Integer":0,"String":"c","Interface":null}}
2025-08-15T22:13:37.193-0500	DEBUG	protocol/handler.go:1649	have all messages and processed	{"{round 20 3  <nil>}": {"Key":"self","Type":15,"Integer":0,"String":"a","Interface":null}}
2025-08-15T22:13:37.193-0500	DEBUG	protocol/handler.go:596	round already finalized
2025-08-15T22:13:37.193-0500	DEBUG	protocol/handler.go:581	tryAdvanceRound called	{"{current_round 20 3  <nil>}": {"Key":"self","Type":15,"Integer":0,"String":"c","Interface":null}}
2025-08-15T22:13:37.193-0500	DEBUG	protocol/handler.go:1591	have processed broadcast	{"{round 20 3  <nil>}": {"Key":"from","Type":15,"Integer":0,"String":"a","Interface":null}}
2025-08-15T22:13:37.193-0500	DEBUG	protocol/handler.go:1591	have processed broadcast	{"{round 20 3  <nil>}": {"Key":"from","Type":15,"Integer":0,"String":"b","Interface":null}}
2025-08-15T22:13:37.193-0500	DEBUG	protocol/handler.go:1649	have all messages and processed	{"{round 20 3  <nil>}": {"Key":"self","Type":15,"Integer":0,"String":"c","Interface":null}}
2025-08-15T22:13:37.193-0500	DEBUG	protocol/handler.go:596	round already finalized
2025-08-15T22:13:37.193-0500	DEBUG	protocol/handler.go:581	tryAdvanceRound called	{"{current_round 20 3  <nil>}": {"Key":"self","Type":15,"Integer":0,"String":"c","Interface":null}}
2025-08-15T22:13:37.193-0500	DEBUG	protocol/handler.go:1591	have processed broadcast	{"{round 20 3  <nil>}": {"Key":"from","Type":15,"Integer":0,"String":"a","Interface":null}}
2025-08-15T22:13:37.193-0500	DEBUG	protocol/handler.go:1591	have processed broadcast	{"{round 20 3  <nil>}": {"Key":"from","Type":15,"Integer":0,"String":"b","Interface":null}}
2025-08-15T22:13:37.194-0500	DEBUG	protocol/handler.go:1649	have all messages and processed	{"{round 20 3  <nil>}": {"Key":"self","Type":15,"Integer":0,"String":"c","Interface":null}}
2025-08-15T22:13:37.194-0500	DEBUG	protocol/handler.go:596	round already finalized
2025-08-15T22:13:37.172-0500	DEBUG	protocol/handler.go:1649	have all messages and processed	{"{round 20 3  <nil>}": {"Key":"self","Type":15,"Integer":0,"String":"b","Interface":null}}
2025-08-15T22:13:37.194-0500	DEBUG	protocol/handler.go:596	round already finalized
2025-08-15T22:13:37.194-0500	DEBUG	protocol/handler.go:581	tryAdvanceRound called	{"{current_round 20 3  <nil>}": {"Key":"self","Type":15,"Integer":0,"String":"b","Interface":null}}
2025-08-15T22:13:37.194-0500	DEBUG	protocol/handler.go:1591	have processed broadcast	{"{round 20 3  <nil>}": {"Key":"from","Type":15,"Integer":0,"String":"a","Interface":null}}
2025-08-15T22:13:37.194-0500	DEBUG	protocol/handler.go:1591	have processed broadcast	{"{round 20 3  <nil>}": {"Key":"from","Type":15,"Integer":0,"String":"c","Interface":null}}
2025-08-15T22:13:37.194-0500	DEBUG	protocol/handler.go:1649	have all messages and processed	{"{round 20 3  <nil>}": {"Key":"self","Type":15,"Integer":0,"String":"b","Interface":null}}
2025-08-15T22:13:37.194-0500	DEBUG	protocol/handler.go:596	round already finalized
2025-08-15T22:13:37.251-0500	DEBUG	protocol/handler.go:581	tryAdvanceRound called	{"{current_round 20 3  <nil>}": {"Key":"self","Type":15,"Integer":0,"String":"a","Interface":null}}
2025-08-15T22:13:37.261-0500	DEBUG	protocol/handler.go:1591	have processed broadcast	{"{round 20 3  <nil>}": {"Key":"from","Type":15,"Integer":0,"String":"b","Interface":null}}
2025-08-15T22:13:37.261-0500	DEBUG	protocol/handler.go:1591	have processed broadcast	{"{round 20 3  <nil>}": {"Key":"from","Type":15,"Integer":0,"String":"c","Interface":null}}
2025-08-15T22:13:37.261-0500	DEBUG	protocol/handler.go:1649	have all messages and processed	{"{round 20 3  <nil>}": {"Key":"self","Type":15,"Integer":0,"String":"a","Interface":null}}
2025-08-15T22:13:37.262-0500	DEBUG	protocol/handler.go:596	round already finalized
2025-08-15T22:13:37.262-0500	DEBUG	protocol/handler.go:581	tryAdvanceRound called	{"{current_round 20 3  <nil>}": {"Key":"self","Type":15,"Integer":0,"String":"a","Interface":null}}
2025-08-15T22:13:37.262-0500	DEBUG	protocol/handler.go:1591	have processed broadcast	{"{round 20 3  <nil>}": {"Key":"from","Type":15,"Integer":0,"String":"b","Interface":null}}
2025-08-15T22:13:37.262-0500	DEBUG	protocol/handler.go:1591	have processed broadcast	{"{round 20 3  <nil>}": {"Key":"from","Type":15,"Integer":0,"String":"c","Interface":null}}
2025-08-15T22:13:37.262-0500	DEBUG	protocol/handler.go:1649	have all messages and processed	{"{round 20 3  <nil>}": {"Key":"self","Type":15,"Integer":0,"String":"a","Interface":null}}
2025-08-15T22:13:37.262-0500	DEBUG	protocol/handler.go:596	round already finalized
2025-08-15T22:13:37.262-0500	DEBUG	protocol/handler.go:581	tryAdvanceRound called	{"{current_round 20 3  <nil>}": {"Key":"self","Type":15,"Integer":0,"String":"b","Interface":null}}
2025-08-15T22:13:37.262-0500	DEBUG	protocol/handler.go:1591	have processed broadcast	{"{round 20 3  <nil>}": {"Key":"from","Type":15,"Integer":0,"String":"a","Interface":null}}
2025-08-15T22:13:37.262-0500	DEBUG	protocol/handler.go:1591	have processed broadcast	{"{round 20 3  <nil>}": {"Key":"from","Type":15,"Integer":0,"String":"c","Interface":null}}
2025-08-15T22:13:37.263-0500	DEBUG	protocol/handler.go:1649	have all messages and processed	{"{round 20 3  <nil>}": {"Key":"self","Type":15,"Integer":0,"String":"b","Interface":null}}
2025-08-15T22:13:37.263-0500	DEBUG	protocol/handler.go:596	round already finalized
2025-08-15T22:13:37.263-0500	DEBUG	protocol/handler.go:581	tryAdvanceRound called	{"{current_round 20 3  <nil>}": {"Key":"self","Type":15,"Integer":0,"String":"b","Interface":null}}
2025-08-15T22:13:37.263-0500	DEBUG	protocol/handler.go:1591	have processed broadcast	{"{round 20 3  <nil>}": {"Key":"from","Type":15,"Integer":0,"String":"a","Interface":null}}
2025-08-15T22:13:37.263-0500	DEBUG	protocol/handler.go:1591	have processed broadcast	{"{round 20 3  <nil>}": {"Key":"from","Type":15,"Integer":0,"String":"c","Interface":null}}
2025-08-15T22:13:37.263-0500	DEBUG	protocol/handler.go:1649	have all messages and processed	{"{round 20 3  <nil>}": {"Key":"self","Type":15,"Integer":0,"String":"b","Interface":null}}
2025-08-15T22:13:37.263-0500	DEBUG	protocol/handler.go:596	round already finalized
2025-08-15T22:13:37.263-0500	DEBUG	protocol/handler.go:581	tryAdvanceRound called	{"{current_round 20 3  <nil>}": {"Key":"self","Type":15,"Integer":0,"String":"c","Interface":null}}
2025-08-15T22:13:37.263-0500	DEBUG	protocol/handler.go:1591	have processed broadcast	{"{round 20 3  <nil>}": {"Key":"from","Type":15,"Integer":0,"String":"a","Interface":null}}
2025-08-15T22:13:37.263-0500	DEBUG	protocol/handler.go:1591	have processed broadcast	{"{round 20 3  <nil>}": {"Key":"from","Type":15,"Integer":0,"String":"b","Interface":null}}
2025-08-15T22:13:37.263-0500	DEBUG	protocol/handler.go:1649	have all messages and processed	{"{round 20 3  <nil>}": {"Key":"self","Type":15,"Integer":0,"String":"c","Interface":null}}
2025-08-15T22:13:37.263-0500	DEBUG	protocol/handler.go:596	round already finalized
2025-08-15T22:13:37.263-0500	DEBUG	protocol/handler.go:581	tryAdvanceRound called	{"{current_round 20 3  <nil>}": {"Key":"self","Type":15,"Integer":0,"String":"c","Interface":null}}
2025-08-15T22:13:37.263-0500	DEBUG	protocol/handler.go:1591	have processed broadcast	{"{round 20 3  <nil>}": {"Key":"from","Type":15,"Integer":0,"String":"a","Interface":null}}
2025-08-15T22:13:37.263-0500	DEBUG	protocol/handler.go:1591	have processed broadcast	{"{round 20 3  <nil>}": {"Key":"from","Type":15,"Integer":0,"String":"b","Interface":null}}
2025-08-15T22:13:37.263-0500	DEBUG	protocol/handler.go:1649	have all messages and processed	{"{round 20 3  <nil>}": {"Key":"self","Type":15,"Integer":0,"String":"c","Interface":null}}
2025-08-15T22:13:37.263-0500	DEBUG	protocol/handler.go:596	round already finalized
2025-08-15T22:13:37.263-0500	DEBUG	protocol/handler.go:581	tryAdvanceRound called	{"{current_round 20 3  <nil>}": {"Key":"self","Type":15,"Integer":0,"String":"a","Interface":null}}
2025-08-15T22:13:37.263-0500	DEBUG	protocol/handler.go:1591	have processed broadcast	{"{round 20 3  <nil>}": {"Key":"from","Type":15,"Integer":0,"String":"b","Interface":null}}
2025-08-15T22:13:37.263-0500	DEBUG	protocol/handler.go:1591	have processed broadcast	{"{round 20 3  <nil>}": {"Key":"from","Type":15,"Integer":0,"String":"c","Interface":null}}
2025-08-15T22:13:37.263-0500	DEBUG	protocol/handler.go:1649	have all messages and processed	{"{round 20 3  <nil>}": {"Key":"self","Type":15,"Integer":0,"String":"a","Interface":null}}
2025-08-15T22:13:37.263-0500	DEBUG	protocol/handler.go:596	round already finalized
2025-08-15T22:13:37.284-0500	DEBUG	protocol/handler.go:581	tryAdvanceRound called	{"{current_round 20 3  <nil>}": {"Key":"self","Type":15,"Integer":0,"String":"a","Interface":null}}
2025-08-15T22:13:37.284-0500	DEBUG	protocol/handler.go:1591	have processed broadcast	{"{round 20 3  <nil>}": {"Key":"from","Type":15,"Integer":0,"String":"b","Interface":null}}
2025-08-15T22:13:37.284-0500	DEBUG	protocol/handler.go:1591	have processed broadcast	{"{round 20 3  <nil>}": {"Key":"from","Type":15,"Integer":0,"String":"c","Interface":null}}
2025-08-15T22:13:37.284-0500	DEBUG	protocol/handler.go:1649	have all messages and processed	{"{round 20 3  <nil>}": {"Key":"self","Type":15,"Integer":0,"String":"a","Interface":null}}
2025-08-15T22:13:37.284-0500	DEBUG	protocol/handler.go:596	round already finalized
2025-08-15T22:13:37.284-0500	DEBUG	protocol/handler.go:581	tryAdvanceRound called	{"{current_round 20 3  <nil>}": {"Key":"self","Type":15,"Integer":0,"String":"a","Interface":null}}
2025-08-15T22:13:37.284-0500	DEBUG	protocol/handler.go:1591	have processed broadcast	{"{round 20 3  <nil>}": {"Key":"from","Type":15,"Integer":0,"String":"b","Interface":null}}
2025-08-15T22:13:37.284-0500	DEBUG	protocol/handler.go:1591	have processed broadcast	{"{round 20 3  <nil>}": {"Key":"from","Type":15,"Integer":0,"String":"c","Interface":null}}
2025-08-15T22:13:37.284-0500	DEBUG	protocol/handler.go:1649	have all messages and processed	{"{round 20 3  <nil>}": {"Key":"self","Type":15,"Integer":0,"String":"a","Interface":null}}
2025-08-15T22:13:37.284-0500	DEBUG	protocol/handler.go:596	round already finalized
2025-08-15T22:13:37.284-0500	DEBUG	protocol/handler.go:581	tryAdvanceRound called	{"{current_round 20 3  <nil>}": {"Key":"self","Type":15,"Integer":0,"String":"b","Interface":null}}
2025-08-15T22:13:37.285-0500	DEBUG	protocol/handler.go:1591	have processed broadcast	{"{round 20 3  <nil>}": {"Key":"from","Type":15,"Integer":0,"String":"a","Interface":null}}
2025-08-15T22:13:37.285-0500	DEBUG	protocol/handler.go:1591	have processed broadcast	{"{round 20 3  <nil>}": {"Key":"from","Type":15,"Integer":0,"String":"c","Interface":null}}
2025-08-15T22:13:37.285-0500	DEBUG	protocol/handler.go:1649	have all messages and processed	{"{round 20 3  <nil>}": {"Key":"self","Type":15,"Integer":0,"String":"b","Interface":null}}
2025-08-15T22:13:37.285-0500	DEBUG	protocol/handler.go:596	round already finalized
2025-08-15T22:13:37.285-0500	DEBUG	protocol/handler.go:581	tryAdvanceRound called	{"{current_round 20 3  <nil>}": {"Key":"self","Type":15,"Integer":0,"String":"c","Interface":null}}
2025-08-15T22:13:37.285-0500	DEBUG	protocol/handler.go:1591	have processed broadcast	{"{round 20 3  <nil>}": {"Key":"from","Type":15,"Integer":0,"String":"a","Interface":null}}
2025-08-15T22:13:37.285-0500	DEBUG	protocol/handler.go:1591	have processed broadcast	{"{round 20 3  <nil>}": {"Key":"from","Type":15,"Integer":0,"String":"b","Interface":null}}
2025-08-15T22:13:37.285-0500	DEBUG	protocol/handler.go:1649	have all messages and processed	{"{round 20 3  <nil>}": {"Key":"self","Type":15,"Integer":0,"String":"c","Interface":null}}
2025-08-15T22:13:37.285-0500	DEBUG	protocol/handler.go:596	round already finalized
2025-08-15T22:13:37.304-0500	DEBUG	protocol/handler.go:581	tryAdvanceRound called	{"{current_round 20 3  <nil>}": {"Key":"self","Type":15,"Integer":0,"String":"c","Interface":null}}
2025-08-15T22:13:37.305-0500	DEBUG	protocol/handler.go:1591	have processed broadcast	{"{round 20 3  <nil>}": {"Key":"from","Type":15,"Integer":0,"String":"a","Interface":null}}
2025-08-15T22:13:37.305-0500	DEBUG	protocol/handler.go:1591	have processed broadcast	{"{round 20 3  <nil>}": {"Key":"from","Type":15,"Integer":0,"String":"b","Interface":null}}
2025-08-15T22:13:37.305-0500	DEBUG	protocol/handler.go:1649	have all messages and processed	{"{round 20 3  <nil>}": {"Key":"self","Type":15,"Integer":0,"String":"c","Interface":null}}
2025-08-15T22:13:37.305-0500	DEBUG	protocol/handler.go:596	round already finalized
2025-08-15T22:13:37.305-0500	DEBUG	protocol/handler.go:581	tryAdvanceRound called	{"{current_round 20 3  <nil>}": {"Key":"self","Type":15,"Integer":0,"String":"a","Interface":null}}
2025-08-15T22:13:37.305-0500	DEBUG	protocol/handler.go:1591	have processed broadcast	{"{round 20 3  <nil>}": {"Key":"from","Type":15,"Integer":0,"String":"b","Interface":null}}
2025-08-15T22:13:37.305-0500	DEBUG	protocol/handler.go:1591	have processed broadcast	{"{round 20 3  <nil>}": {"Key":"from","Type":15,"Integer":0,"String":"c","Interface":null}}
2025-08-15T22:13:37.305-0500	DEBUG	protocol/handler.go:1649	have all messages and processed	{"{round 20 3  <nil>}": {"Key":"self","Type":15,"Integer":0,"String":"a","Interface":null}}
2025-08-15T22:13:37.305-0500	DEBUG	protocol/handler.go:596	round already finalized
2025-08-15T22:13:37.305-0500	DEBUG	protocol/handler.go:581	tryAdvanceRound called	{"{current_round 20 3  <nil>}": {"Key":"self","Type":15,"Integer":0,"String":"b","Interface":null}}
2025-08-15T22:13:37.305-0500	DEBUG	protocol/handler.go:1591	have processed broadcast	{"{round 20 3  <nil>}": {"Key":"from","Type":15,"Integer":0,"String":"a","Interface":null}}
2025-08-15T22:13:37.305-0500	DEBUG	protocol/handler.go:1591	have processed broadcast	{"{round 20 3  <nil>}": {"Key":"from","Type":15,"Integer":0,"String":"c","Interface":null}}
2025-08-15T22:13:37.305-0500	DEBUG	protocol/handler.go:1649	have all messages and processed	{"{round 20 3  <nil>}": {"Key":"self","Type":15,"Integer":0,"String":"b","Interface":null}}
2025-08-15T22:13:37.305-0500	DEBUG	protocol/handler.go:596	round already finalized
2025-08-15T22:13:37.381-0500	DEBUG	protocol/handler.go:581	tryAdvanceRound called	{"{current_round 20 3  <nil>}": {"Key":"self","Type":15,"Integer":0,"String":"a","Interface":null}}
2025-08-15T22:13:37.381-0500	DEBUG	protocol/handler.go:1591	have processed broadcast	{"{round 20 3  <nil>}": {"Key":"from","Type":15,"Integer":0,"String":"b","Interface":null}}
2025-08-15T22:13:37.381-0500	DEBUG	protocol/handler.go:1591	have processed broadcast	{"{round 20 3  <nil>}": {"Key":"from","Type":15,"Integer":0,"String":"c","Interface":null}}
2025-08-15T22:13:37.382-0500	DEBUG	protocol/handler.go:1649	have all messages and processed	{"{round 20 3  <nil>}": {"Key":"self","Type":15,"Integer":0,"String":"a","Interface":null}}
2025-08-15T22:13:37.382-0500	DEBUG	protocol/handler.go:596	round already finalized
2025-08-15T22:13:37.382-0500	DEBUG	protocol/handler.go:581	tryAdvanceRound called	{"{current_round 20 3  <nil>}": {"Key":"self","Type":15,"Integer":0,"String":"a","Interface":null}}
2025-08-15T22:13:37.382-0500	DEBUG	protocol/handler.go:1591	have processed broadcast	{"{round 20 3  <nil>}": {"Key":"from","Type":15,"Integer":0,"String":"b","Interface":null}}
2025-08-15T22:13:37.382-0500	DEBUG	protocol/handler.go:1591	have processed broadcast	{"{round 20 3  <nil>}": {"Key":"from","Type":15,"Integer":0,"String":"c","Interface":null}}
2025-08-15T22:13:37.382-0500	DEBUG	protocol/handler.go:1649	have all messages and processed	{"{round 20 3  <nil>}": {"Key":"self","Type":15,"Integer":0,"String":"a","Interface":null}}
2025-08-15T22:13:37.382-0500	DEBUG	protocol/handler.go:596	round already finalized
2025-08-15T22:13:37.382-0500	DEBUG	protocol/handler.go:581	tryAdvanceRound called	{"{current_round 20 3  <nil>}": {"Key":"self","Type":15,"Integer":0,"String":"c","Interface":null}}
2025-08-15T22:13:37.382-0500	DEBUG	protocol/handler.go:1591	have processed broadcast	{"{round 20 3  <nil>}": {"Key":"from","Type":15,"Integer":0,"String":"a","Interface":null}}
2025-08-15T22:13:37.382-0500	DEBUG	protocol/handler.go:1591	have processed broadcast	{"{round 20 3  <nil>}": {"Key":"from","Type":15,"Integer":0,"String":"b","Interface":null}}
2025-08-15T22:13:37.382-0500	DEBUG	protocol/handler.go:1649	have all messages and processed	{"{round 20 3  <nil>}": {"Key":"self","Type":15,"Integer":0,"String":"c","Interface":null}}
2025-08-15T22:13:37.383-0500	DEBUG	protocol/handler.go:596	round already finalized
2025-08-15T22:13:37.383-0500	DEBUG	protocol/handler.go:581	tryAdvanceRound called	{"{current_round 20 3  <nil>}": {"Key":"self","Type":15,"Integer":0,"String":"c","Interface":null}}
2025-08-15T22:13:37.383-0500	DEBUG	protocol/handler.go:1591	have processed broadcast	{"{round 20 3  <nil>}": {"Key":"from","Type":15,"Integer":0,"String":"a","Interface":null}}
2025-08-15T22:13:37.383-0500	DEBUG	protocol/handler.go:1591	have processed broadcast	{"{round 20 3  <nil>}": {"Key":"from","Type":15,"Integer":0,"String":"b","Interface":null}}
2025-08-15T22:13:37.383-0500	DEBUG	protocol/handler.go:1649	have all messages and processed	{"{round 20 3  <nil>}": {"Key":"self","Type":15,"Integer":0,"String":"c","Interface":null}}
2025-08-15T22:13:37.383-0500	DEBUG	protocol/handler.go:596	round already finalized
2025-08-15T22:13:37.383-0500	DEBUG	protocol/handler.go:581	tryAdvanceRound called	{"{current_round 20 3  <nil>}": {"Key":"self","Type":15,"Integer":0,"String":"b","Interface":null}}
2025-08-15T22:13:37.383-0500	DEBUG	protocol/handler.go:1591	have processed broadcast	{"{round 20 3  <nil>}": {"Key":"from","Type":15,"Integer":0,"String":"a","Interface":null}}
2025-08-15T22:13:37.383-0500	DEBUG	protocol/handler.go:1591	have processed broadcast	{"{round 20 3  <nil>}": {"Key":"from","Type":15,"Integer":0,"String":"c","Interface":null}}
2025-08-15T22:13:37.383-0500	DEBUG	protocol/handler.go:1649	have all messages and processed	{"{round 20 3  <nil>}": {"Key":"self","Type":15,"Integer":0,"String":"b","Interface":null}}
2025-08-15T22:13:37.383-0500	DEBUG	protocol/handler.go:596	round already finalized
2025-08-15T22:13:37.383-0500	DEBUG	protocol/handler.go:581	tryAdvanceRound called	{"{current_round 20 3  <nil>}": {"Key":"self","Type":15,"Integer":0,"String":"b","Interface":null}}
2025-08-15T22:13:37.383-0500	DEBUG	protocol/handler.go:1591	have processed broadcast	{"{round 20 3  <nil>}": {"Key":"from","Type":15,"Integer":0,"String":"a","Interface":null}}
2025-08-15T22:13:37.383-0500	DEBUG	protocol/handler.go:1591	have processed broadcast	{"{round 20 3  <nil>}": {"Key":"from","Type":15,"Integer":0,"String":"c","Interface":null}}
2025-08-15T22:13:37.383-0500	DEBUG	protocol/handler.go:1649	have all messages and processed	{"{round 20 3  <nil>}": {"Key":"self","Type":15,"Integer":0,"String":"b","Interface":null}}
2025-08-15T22:13:37.383-0500	DEBUG	protocol/handler.go:596	round already finalized
2025-08-15T22:13:37.421-0500	DEBUG	protocol/handler.go:581	tryAdvanceRound called	{"{current_round 20 3  <nil>}": {"Key":"self","Type":15,"Integer":0,"String":"a","Interface":null}}
2025-08-15T22:13:37.422-0500	DEBUG	protocol/handler.go:1591	have processed broadcast	{"{round 20 3  <nil>}": {"Key":"from","Type":15,"Integer":0,"String":"b","Interface":null}}
2025-08-15T22:13:37.422-0500	DEBUG	protocol/handler.go:1591	have processed broadcast	{"{round 20 3  <nil>}": {"Key":"from","Type":15,"Integer":0,"String":"c","Interface":null}}
2025-08-15T22:13:37.422-0500	DEBUG	protocol/handler.go:1649	have all messages and processed	{"{round 20 3  <nil>}": {"Key":"self","Type":15,"Integer":0,"String":"a","Interface":null}}
2025-08-15T22:13:37.422-0500	DEBUG	protocol/handler.go:596	round already finalized
2025-08-15T22:13:37.425-0500	DEBUG	protocol/handler.go:581	tryAdvanceRound called	{"{current_round 20 3  <nil>}": {"Key":"self","Type":15,"Integer":0,"String":"a","Interface":null}}
2025-08-15T22:13:37.425-0500	DEBUG	protocol/handler.go:1591	have processed broadcast	{"{round 20 3  <nil>}": {"Key":"from","Type":15,"Integer":0,"String":"b","Interface":null}}
2025-08-15T22:13:37.425-0500	DEBUG	protocol/handler.go:1591	have processed broadcast	{"{round 20 3  <nil>}": {"Key":"from","Type":15,"Integer":0,"String":"c","Interface":null}}
2025-08-15T22:13:37.425-0500	DEBUG	protocol/handler.go:1649	have all messages and processed	{"{round 20 3  <nil>}": {"Key":"self","Type":15,"Integer":0,"String":"a","Interface":null}}
2025-08-15T22:13:37.425-0500	DEBUG	protocol/handler.go:596	round already finalized
2025-08-15T22:13:37.425-0500	DEBUG	protocol/handler.go:581	tryAdvanceRound called	{"{current_round 20 3  <nil>}": {"Key":"self","Type":15,"Integer":0,"String":"b","Interface":null}}
2025-08-15T22:13:37.425-0500	DEBUG	protocol/handler.go:1591	have processed broadcast	{"{round 20 3  <nil>}": {"Key":"from","Type":15,"Integer":0,"String":"a","Interface":null}}
2025-08-15T22:13:37.425-0500	DEBUG	protocol/handler.go:1591	have processed broadcast	{"{round 20 3  <nil>}": {"Key":"from","Type":15,"Integer":0,"String":"c","Interface":null}}
2025-08-15T22:13:37.440-0500	DEBUG	protocol/handler.go:1649	have all messages and processed	{"{round 20 3  <nil>}": {"Key":"self","Type":15,"Integer":0,"String":"b","Interface":null}}
2025-08-15T22:13:37.440-0500	DEBUG	protocol/handler.go:596	round already finalized
2025-08-15T22:13:37.440-0500	DEBUG	protocol/handler.go:581	tryAdvanceRound called	{"{current_round 20 3  <nil>}": {"Key":"self","Type":15,"Integer":0,"String":"b","Interface":null}}
2025-08-15T22:13:37.441-0500	DEBUG	protocol/handler.go:1591	have processed broadcast	{"{round 20 3  <nil>}": {"Key":"from","Type":15,"Integer":0,"String":"a","Interface":null}}
2025-08-15T22:13:37.441-0500	DEBUG	protocol/handler.go:1591	have processed broadcast	{"{round 20 3  <nil>}": {"Key":"from","Type":15,"Integer":0,"String":"c","Interface":null}}
2025-08-15T22:13:37.442-0500	DEBUG	protocol/handler.go:1649	have all messages and processed	{"{round 20 3  <nil>}": {"Key":"self","Type":15,"Integer":0,"String":"b","Interface":null}}
2025-08-15T22:13:37.442-0500	DEBUG	protocol/handler.go:596	round already finalized
2025-08-15T22:13:37.442-0500	DEBUG	protocol/handler.go:581	tryAdvanceRound called	{"{current_round 20 3  <nil>}": {"Key":"self","Type":15,"Integer":0,"String":"b","Interface":null}}
2025-08-15T22:13:37.442-0500	DEBUG	protocol/handler.go:1591	have processed broadcast	{"{round 20 3  <nil>}": {"Key":"from","Type":15,"Integer":0,"String":"a","Interface":null}}
2025-08-15T22:13:37.442-0500	DEBUG	protocol/handler.go:1591	have processed broadcast	{"{round 20 3  <nil>}": {"Key":"from","Type":15,"Integer":0,"String":"c","Interface":null}}
2025-08-15T22:13:37.442-0500	DEBUG	protocol/handler.go:1649	have all messages and processed	{"{round 20 3  <nil>}": {"Key":"self","Type":15,"Integer":0,"String":"b","Interface":null}}
2025-08-15T22:13:37.442-0500	DEBUG	protocol/handler.go:596	round already finalized
2025-08-15T22:13:37.442-0500	DEBUG	protocol/handler.go:581	tryAdvanceRound called	{"{current_round 20 3  <nil>}": {"Key":"self","Type":15,"Integer":0,"String":"c","Interface":null}}
2025-08-15T22:13:37.443-0500	DEBUG	protocol/handler.go:1591	have processed broadcast	{"{round 20 3  <nil>}": {"Key":"from","Type":15,"Integer":0,"String":"a","Interface":null}}
2025-08-15T22:13:37.443-0500	DEBUG	protocol/handler.go:1591	have processed broadcast	{"{round 20 3  <nil>}": {"Key":"from","Type":15,"Integer":0,"String":"b","Interface":null}}
2025-08-15T22:13:37.443-0500	DEBUG	protocol/handler.go:1649	have all messages and processed	{"{round 20 3  <nil>}": {"Key":"self","Type":15,"Integer":0,"String":"c","Interface":null}}
2025-08-15T22:13:37.443-0500	DEBUG	protocol/handler.go:596	round already finalized
2025-08-15T22:13:37.443-0500	DEBUG	protocol/handler.go:581	tryAdvanceRound called	{"{current_round 20 3  <nil>}": {"Key":"self","Type":15,"Integer":0,"String":"c","Interface":null}}
2025-08-15T22:13:37.443-0500	DEBUG	protocol/handler.go:1591	have processed broadcast	{"{round 20 3  <nil>}": {"Key":"from","Type":15,"Integer":0,"String":"a","Interface":null}}
2025-08-15T22:13:37.443-0500	DEBUG	protocol/handler.go:1591	have processed broadcast	{"{round 20 3  <nil>}": {"Key":"from","Type":15,"Integer":0,"String":"b","Interface":null}}
2025-08-15T22:13:37.444-0500	DEBUG	protocol/handler.go:1649	have all messages and processed	{"{round 20 3  <nil>}": {"Key":"self","Type":15,"Integer":0,"String":"c","Interface":null}}
2025-08-15T22:13:37.444-0500	DEBUG	protocol/handler.go:596	round already finalized
2025-08-15T22:13:37.444-0500	DEBUG	protocol/handler.go:581	tryAdvanceRound called	{"{current_round 20 3  <nil>}": {"Key":"self","Type":15,"Integer":0,"String":"a","Interface":null}}
2025-08-15T22:13:37.444-0500	DEBUG	protocol/handler.go:1591	have processed broadcast	{"{round 20 3  <nil>}": {"Key":"from","Type":15,"Integer":0,"String":"b","Interface":null}}
2025-08-15T22:13:37.444-0500	DEBUG	protocol/handler.go:1591	have processed broadcast	{"{round 20 3  <nil>}": {"Key":"from","Type":15,"Integer":0,"String":"c","Interface":null}}
2025-08-15T22:13:37.444-0500	DEBUG	protocol/handler.go:1649	have all messages and processed	{"{round 20 3  <nil>}": {"Key":"self","Type":15,"Integer":0,"String":"a","Interface":null}}
2025-08-15T22:13:37.444-0500	DEBUG	protocol/handler.go:596	round already finalized
2025-08-15T22:13:37.460-0500	DEBUG	protocol/handler.go:581	tryAdvanceRound called	{"{current_round 20 3  <nil>}": {"Key":"self","Type":15,"Integer":0,"String":"b","Interface":null}}
2025-08-15T22:13:37.460-0500	DEBUG	protocol/handler.go:1591	have processed broadcast	{"{round 20 3  <nil>}": {"Key":"from","Type":15,"Integer":0,"String":"a","Interface":null}}
2025-08-15T22:13:37.461-0500	DEBUG	protocol/handler.go:1591	have processed broadcast	{"{round 20 3  <nil>}": {"Key":"from","Type":15,"Integer":0,"String":"c","Interface":null}}
2025-08-15T22:13:37.461-0500	DEBUG	protocol/handler.go:1649	have all messages and processed	{"{round 20 3  <nil>}": {"Key":"self","Type":15,"Integer":0,"String":"b","Interface":null}}
2025-08-15T22:13:37.461-0500	DEBUG	protocol/handler.go:596	round already finalized
2025-08-15T22:13:37.479-0500	DEBUG	protocol/handler.go:581	tryAdvanceRound called	{"{current_round 20 3  <nil>}": {"Key":"self","Type":15,"Integer":0,"String":"a","Interface":null}}
2025-08-15T22:13:37.479-0500	DEBUG	protocol/handler.go:1591	have processed broadcast	{"{round 20 3  <nil>}": {"Key":"from","Type":15,"Integer":0,"String":"b","Interface":null}}
2025-08-15T22:13:37.479-0500	DEBUG	protocol/handler.go:1591	have processed broadcast	{"{round 20 3  <nil>}": {"Key":"from","Type":15,"Integer":0,"String":"c","Interface":null}}
2025-08-15T22:13:37.479-0500	DEBUG	protocol/handler.go:1649	have all messages and processed	{"{round 20 3  <nil>}": {"Key":"self","Type":15,"Integer":0,"String":"a","Interface":null}}
2025-08-15T22:13:37.479-0500	DEBUG	protocol/handler.go:596	round already finalized
2025-08-15T22:13:37.479-0500	DEBUG	protocol/handler.go:581	tryAdvanceRound called	{"{current_round 20 3  <nil>}": {"Key":"self","Type":15,"Integer":0,"String":"a","Interface":null}}
2025-08-15T22:13:37.479-0500	DEBUG	protocol/handler.go:1591	have processed broadcast	{"{round 20 3  <nil>}": {"Key":"from","Type":15,"Integer":0,"String":"b","Interface":null}}
2025-08-15T22:13:37.479-0500	DEBUG	protocol/handler.go:1591	have processed broadcast	{"{round 20 3  <nil>}": {"Key":"from","Type":15,"Integer":0,"String":"c","Interface":null}}
2025-08-15T22:13:37.479-0500	DEBUG	protocol/handler.go:1649	have all messages and processed	{"{round 20 3  <nil>}": {"Key":"self","Type":15,"Integer":0,"String":"a","Interface":null}}
2025-08-15T22:13:37.479-0500	DEBUG	protocol/handler.go:596	round already finalized
2025-08-15T22:13:37.479-0500	DEBUG	protocol/handler.go:581	tryAdvanceRound called	{"{current_round 20 3  <nil>}": {"Key":"self","Type":15,"Integer":0,"String":"c","Interface":null}}
2025-08-15T22:13:37.480-0500	DEBUG	protocol/handler.go:1591	have processed broadcast	{"{round 20 3  <nil>}": {"Key":"from","Type":15,"Integer":0,"String":"a","Interface":null}}
2025-08-15T22:13:37.480-0500	DEBUG	protocol/handler.go:1591	have processed broadcast	{"{round 20 3  <nil>}": {"Key":"from","Type":15,"Integer":0,"String":"b","Interface":null}}
2025-08-15T22:13:37.480-0500	DEBUG	protocol/handler.go:1649	have all messages and processed	{"{round 20 3  <nil>}": {"Key":"self","Type":15,"Integer":0,"String":"c","Interface":null}}
2025-08-15T22:13:37.480-0500	DEBUG	protocol/handler.go:596	round already finalized
2025-08-15T22:13:37.480-0500	DEBUG	protocol/handler.go:581	tryAdvanceRound called	{"{current_round 20 3  <nil>}": {"Key":"self","Type":15,"Integer":0,"String":"c","Interface":null}}
2025-08-15T22:13:37.480-0500	DEBUG	protocol/handler.go:1591	have processed broadcast	{"{round 20 3  <nil>}": {"Key":"from","Type":15,"Integer":0,"String":"a","Interface":null}}
2025-08-15T22:13:37.480-0500	DEBUG	protocol/handler.go:1591	have processed broadcast	{"{round 20 3  <nil>}": {"Key":"from","Type":15,"Integer":0,"String":"b","Interface":null}}
2025-08-15T22:13:37.480-0500	DEBUG	protocol/handler.go:1649	have all messages and processed	{"{round 20 3  <nil>}": {"Key":"self","Type":15,"Integer":0,"String":"c","Interface":null}}
2025-08-15T22:13:37.480-0500	DEBUG	protocol/handler.go:596	round already finalized
2025-08-15T22:13:37.482-0500	DEBUG	protocol/handler.go:581	tryAdvanceRound called	{"{current_round 20 3  <nil>}": {"Key":"self","Type":15,"Integer":0,"String":"c","Interface":null}}
2025-08-15T22:13:37.482-0500	DEBUG	protocol/handler.go:1591	have processed broadcast	{"{round 20 3  <nil>}": {"Key":"from","Type":15,"Integer":0,"String":"a","Interface":null}}
2025-08-15T22:13:37.482-0500	DEBUG	protocol/handler.go:1591	have processed broadcast	{"{round 20 3  <nil>}": {"Key":"from","Type":15,"Integer":0,"String":"b","Interface":null}}
2025-08-15T22:13:37.483-0500	DEBUG	protocol/handler.go:1649	have all messages and processed	{"{round 20 3  <nil>}": {"Key":"self","Type":15,"Integer":0,"String":"c","Interface":null}}
2025-08-15T22:13:37.483-0500	DEBUG	protocol/handler.go:596	round already finalized
2025-08-15T22:13:37.483-0500	DEBUG	protocol/handler.go:581	tryAdvanceRound called	{"{current_round 20 3  <nil>}": {"Key":"self","Type":15,"Integer":0,"String":"b","Interface":null}}
2025-08-15T22:13:37.483-0500	DEBUG	protocol/handler.go:1591	have processed broadcast	{"{round 20 3  <nil>}": {"Key":"from","Type":15,"Integer":0,"String":"a","Interface":null}}
2025-08-15T22:13:37.483-0500	DEBUG	protocol/handler.go:1591	have processed broadcast	{"{round 20 3  <nil>}": {"Key":"from","Type":15,"Integer":0,"String":"c","Interface":null}}
2025-08-15T22:13:37.483-0500	DEBUG	protocol/handler.go:1649	have all messages and processed	{"{round 20 3  <nil>}": {"Key":"self","Type":15,"Integer":0,"String":"b","Interface":null}}
2025-08-15T22:13:37.483-0500	DEBUG	protocol/handler.go:596	round already finalized
2025-08-15T22:13:37.483-0500	DEBUG	protocol/handler.go:581	tryAdvanceRound called	{"{current_round 20 3  <nil>}": {"Key":"self","Type":15,"Integer":0,"String":"b","Interface":null}}
2025-08-15T22:13:37.483-0500	DEBUG	protocol/handler.go:1591	have processed broadcast	{"{round 20 3  <nil>}": {"Key":"from","Type":15,"Integer":0,"String":"a","Interface":null}}
2025-08-15T22:13:37.486-0500	DEBUG	protocol/handler.go:1591	have processed broadcast	{"{round 20 3  <nil>}": {"Key":"from","Type":15,"Integer":0,"String":"c","Interface":null}}
2025-08-15T22:13:37.486-0500	DEBUG	protocol/handler.go:1649	have all messages and processed	{"{round 20 3  <nil>}": {"Key":"self","Type":15,"Integer":0,"String":"b","Interface":null}}
2025-08-15T22:13:37.487-0500	DEBUG	protocol/handler.go:596	round already finalized
2025-08-15T22:13:37.487-0500	DEBUG	protocol/handler.go:581	tryAdvanceRound called	{"{current_round 20 3  <nil>}": {"Key":"self","Type":15,"Integer":0,"String":"a","Interface":null}}
2025-08-15T22:13:37.487-0500	DEBUG	protocol/handler.go:1591	have processed broadcast	{"{round 20 3  <nil>}": {"Key":"from","Type":15,"Integer":0,"String":"b","Interface":null}}
2025-08-15T22:13:37.487-0500	DEBUG	protocol/handler.go:1591	have processed broadcast	{"{round 20 3  <nil>}": {"Key":"from","Type":15,"Integer":0,"String":"c","Interface":null}}
2025-08-15T22:13:37.487-0500	DEBUG	protocol/handler.go:1649	have all messages and processed	{"{round 20 3  <nil>}": {"Key":"self","Type":15,"Integer":0,"String":"a","Interface":null}}
2025-08-15T22:13:37.487-0500	DEBUG	protocol/handler.go:596	round already finalized
2025-08-15T22:13:37.500-0500	DEBUG	protocol/handler.go:581	tryAdvanceRound called	{"{current_round 20 3  <nil>}": {"Key":"self","Type":15,"Integer":0,"String":"b","Interface":null}}
2025-08-15T22:13:37.500-0500	DEBUG	protocol/handler.go:1591	have processed broadcast	{"{round 20 3  <nil>}": {"Key":"from","Type":15,"Integer":0,"String":"a","Interface":null}}
2025-08-15T22:13:37.500-0500	DEBUG	protocol/handler.go:1591	have processed broadcast	{"{round 20 3  <nil>}": {"Key":"from","Type":15,"Integer":0,"String":"c","Interface":null}}
2025-08-15T22:13:37.501-0500	DEBUG	protocol/handler.go:1649	have all messages and processed	{"{round 20 3  <nil>}": {"Key":"self","Type":15,"Integer":0,"String":"b","Interface":null}}
2025-08-15T22:13:37.501-0500	DEBUG	protocol/handler.go:596	round already finalized
2025-08-15T22:13:37.501-0500	DEBUG	protocol/handler.go:581	tryAdvanceRound called	{"{current_round 20 3  <nil>}": {"Key":"self","Type":15,"Integer":0,"String":"b","Interface":null}}
2025-08-15T22:13:37.501-0500	DEBUG	protocol/handler.go:1591	have processed broadcast	{"{round 20 3  <nil>}": {"Key":"from","Type":15,"Integer":0,"String":"a","Interface":null}}
2025-08-15T22:13:37.501-0500	DEBUG	protocol/handler.go:1591	have processed broadcast	{"{round 20 3  <nil>}": {"Key":"from","Type":15,"Integer":0,"String":"c","Interface":null}}
2025-08-15T22:13:37.501-0500	DEBUG	protocol/handler.go:1649	have all messages and processed	{"{round 20 3  <nil>}": {"Key":"self","Type":15,"Integer":0,"String":"b","Interface":null}}
2025-08-15T22:13:37.501-0500	DEBUG	protocol/handler.go:596	round already finalized
2025-08-15T22:13:37.502-0500	DEBUG	protocol/handler.go:581	tryAdvanceRound called	{"{current_round 20 3  <nil>}": {"Key":"self","Type":15,"Integer":0,"String":"c","Interface":null}}
2025-08-15T22:13:37.502-0500	DEBUG	protocol/handler.go:1591	have processed broadcast	{"{round 20 3  <nil>}": {"Key":"from","Type":15,"Integer":0,"String":"a","Interface":null}}
2025-08-15T22:13:37.502-0500	DEBUG	protocol/handler.go:1591	have processed broadcast	{"{round 20 3  <nil>}": {"Key":"from","Type":15,"Integer":0,"String":"b","Interface":null}}
2025-08-15T22:13:37.502-0500	DEBUG	protocol/handler.go:1649	have all messages and processed	{"{round 20 3  <nil>}": {"Key":"self","Type":15,"Integer":0,"String":"c","Interface":null}}
2025-08-15T22:13:37.502-0500	DEBUG	protocol/handler.go:596	round already finalized
2025-08-15T22:13:37.502-0500	DEBUG	protocol/handler.go:581	tryAdvanceRound called	{"{current_round 20 3  <nil>}": {"Key":"self","Type":15,"Integer":0,"String":"c","Interface":null}}
2025-08-15T22:13:37.502-0500	DEBUG	protocol/handler.go:1591	have processed broadcast	{"{round 20 3  <nil>}": {"Key":"from","Type":15,"Integer":0,"String":"a","Interface":null}}
2025-08-15T22:13:37.503-0500	DEBUG	protocol/handler.go:1591	have processed broadcast	{"{round 20 3  <nil>}": {"Key":"from","Type":15,"Integer":0,"String":"b","Interface":null}}
2025-08-15T22:13:37.503-0500	DEBUG	protocol/handler.go:1649	have all messages and processed	{"{round 20 3  <nil>}": {"Key":"self","Type":15,"Integer":0,"String":"c","Interface":null}}
2025-08-15T22:13:37.503-0500	DEBUG	protocol/handler.go:596	round already finalized
2025-08-15T22:13:37.503-0500	DEBUG	protocol/handler.go:581	tryAdvanceRound called	{"{current_round 20 3  <nil>}": {"Key":"self","Type":15,"Integer":0,"String":"a","Interface":null}}
2025-08-15T22:13:37.503-0500	DEBUG	protocol/handler.go:1591	have processed broadcast	{"{round 20 3  <nil>}": {"Key":"from","Type":15,"Integer":0,"String":"b","Interface":null}}
2025-08-15T22:13:37.503-0500	DEBUG	protocol/handler.go:1591	have processed broadcast	{"{round 20 3  <nil>}": {"Key":"from","Type":15,"Integer":0,"String":"c","Interface":null}}
2025-08-15T22:13:37.503-0500	DEBUG	protocol/handler.go:1649	have all messages and processed	{"{round 20 3  <nil>}": {"Key":"self","Type":15,"Integer":0,"String":"a","Interface":null}}
2025-08-15T22:13:37.503-0500	DEBUG	protocol/handler.go:596	round already finalized
2025-08-15T22:13:37.524-0500	DEBUG	protocol/handler.go:581	tryAdvanceRound called	{"{current_round 20 3  <nil>}": {"Key":"self","Type":15,"Integer":0,"String":"a","Interface":null}}
2025-08-15T22:13:37.524-0500	DEBUG	protocol/handler.go:1591	have processed broadcast	{"{round 20 3  <nil>}": {"Key":"from","Type":15,"Integer":0,"String":"b","Interface":null}}
2025-08-15T22:13:37.524-0500	DEBUG	protocol/handler.go:1591	have processed broadcast	{"{round 20 3  <nil>}": {"Key":"from","Type":15,"Integer":0,"String":"c","Interface":null}}
2025-08-15T22:13:37.524-0500	DEBUG	protocol/handler.go:1649	have all messages and processed	{"{round 20 3  <nil>}": {"Key":"self","Type":15,"Integer":0,"String":"a","Interface":null}}
2025-08-15T22:13:37.525-0500	DEBUG	protocol/handler.go:596	round already finalized
2025-08-15T22:13:37.549-0500	DEBUG	protocol/handler.go:581	tryAdvanceRound called	{"{current_round 20 3  <nil>}": {"Key":"self","Type":15,"Integer":0,"String":"b","Interface":null}}
2025-08-15T22:13:37.549-0500	DEBUG	protocol/handler.go:1591	have processed broadcast	{"{round 20 3  <nil>}": {"Key":"from","Type":15,"Integer":0,"String":"a","Interface":null}}
2025-08-15T22:13:37.549-0500	DEBUG	protocol/handler.go:1591	have processed broadcast	{"{round 20 3  <nil>}": {"Key":"from","Type":15,"Integer":0,"String":"c","Interface":null}}
2025-08-15T22:13:37.549-0500	DEBUG	protocol/handler.go:1649	have all messages and processed	{"{round 20 3  <nil>}": {"Key":"self","Type":15,"Integer":0,"String":"b","Interface":null}}
2025-08-15T22:13:37.550-0500	DEBUG	protocol/handler.go:596	round already finalized
2025-08-15T22:13:37.550-0500	DEBUG	protocol/handler.go:581	tryAdvanceRound called	{"{current_round 20 3  <nil>}": {"Key":"self","Type":15,"Integer":0,"String":"b","Interface":null}}
2025-08-15T22:13:37.550-0500	DEBUG	protocol/handler.go:1591	have processed broadcast	{"{round 20 3  <nil>}": {"Key":"from","Type":15,"Integer":0,"String":"a","Interface":null}}
2025-08-15T22:13:37.550-0500	DEBUG	protocol/handler.go:1591	have processed broadcast	{"{round 20 3  <nil>}": {"Key":"from","Type":15,"Integer":0,"String":"c","Interface":null}}
2025-08-15T22:13:37.550-0500	DEBUG	protocol/handler.go:1649	have all messages and processed	{"{round 20 3  <nil>}": {"Key":"self","Type":15,"Integer":0,"String":"b","Interface":null}}
2025-08-15T22:13:37.550-0500	DEBUG	protocol/handler.go:596	round already finalized
2025-08-15T22:13:37.550-0500	DEBUG	protocol/handler.go:581	tryAdvanceRound called	{"{current_round 20 3  <nil>}": {"Key":"self","Type":15,"Integer":0,"String":"c","Interface":null}}
2025-08-15T22:13:37.550-0500	DEBUG	protocol/handler.go:1591	have processed broadcast	{"{round 20 3  <nil>}": {"Key":"from","Type":15,"Integer":0,"String":"a","Interface":null}}
2025-08-15T22:13:37.550-0500	DEBUG	protocol/handler.go:1591	have processed broadcast	{"{round 20 3  <nil>}": {"Key":"from","Type":15,"Integer":0,"String":"b","Interface":null}}
2025-08-15T22:13:37.550-0500	DEBUG	protocol/handler.go:1649	have all messages and processed	{"{round 20 3  <nil>}": {"Key":"self","Type":15,"Integer":0,"String":"c","Interface":null}}
2025-08-15T22:13:37.550-0500	DEBUG	protocol/handler.go:596	round already finalized
2025-08-15T22:13:37.550-0500	DEBUG	protocol/handler.go:581	tryAdvanceRound called	{"{current_round 20 3  <nil>}": {"Key":"self","Type":15,"Integer":0,"String":"c","Interface":null}}
2025-08-15T22:13:37.550-0500	DEBUG	protocol/handler.go:1591	have processed broadcast	{"{round 20 3  <nil>}": {"Key":"from","Type":15,"Integer":0,"String":"a","Interface":null}}
2025-08-15T22:13:37.550-0500	DEBUG	protocol/handler.go:1591	have processed broadcast	{"{round 20 3  <nil>}": {"Key":"from","Type":15,"Integer":0,"String":"b","Interface":null}}
2025-08-15T22:13:37.550-0500	DEBUG	protocol/handler.go:1649	have all messages and processed	{"{round 20 3  <nil>}": {"Key":"self","Type":15,"Integer":0,"String":"c","Interface":null}}
2025-08-15T22:13:37.550-0500	DEBUG	protocol/handler.go:596	round already finalized
2025-08-15T22:13:37.550-0500	DEBUG	protocol/handler.go:581	tryAdvanceRound called	{"{current_round 20 3  <nil>}": {"Key":"self","Type":15,"Integer":0,"String":"a","Interface":null}}
2025-08-15T22:13:37.550-0500	DEBUG	protocol/handler.go:1591	have processed broadcast	{"{round 20 3  <nil>}": {"Key":"from","Type":15,"Integer":0,"String":"b","Interface":null}}
2025-08-15T22:13:37.550-0500	DEBUG	protocol/handler.go:1591	have processed broadcast	{"{round 20 3  <nil>}": {"Key":"from","Type":15,"Integer":0,"String":"c","Interface":null}}
2025-08-15T22:13:37.550-0500	DEBUG	protocol/handler.go:1649	have all messages and processed	{"{round 20 3  <nil>}": {"Key":"self","Type":15,"Integer":0,"String":"a","Interface":null}}
2025-08-15T22:13:37.550-0500	DEBUG	protocol/handler.go:596	round already finalized
2025-08-15T22:13:37.550-0500	DEBUG	protocol/handler.go:581	tryAdvanceRound called	{"{current_round 20 3  <nil>}": {"Key":"self","Type":15,"Integer":0,"String":"b","Interface":null}}
2025-08-15T22:13:37.550-0500	DEBUG	protocol/handler.go:1591	have processed broadcast	{"{round 20 3  <nil>}": {"Key":"from","Type":15,"Integer":0,"String":"a","Interface":null}}
2025-08-15T22:13:37.550-0500	DEBUG	protocol/handler.go:1591	have processed broadcast	{"{round 20 3  <nil>}": {"Key":"from","Type":15,"Integer":0,"String":"c","Interface":null}}
2025-08-15T22:13:37.551-0500	DEBUG	protocol/handler.go:1649	have all messages and processed	{"{round 20 3  <nil>}": {"Key":"self","Type":15,"Integer":0,"String":"b","Interface":null}}
2025-08-15T22:13:37.551-0500	DEBUG	protocol/handler.go:596	round already finalized
2025-08-15T22:13:37.597-0500	DEBUG	protocol/handler.go:581	tryAdvanceRound called	{"{current_round 20 3  <nil>}": {"Key":"self","Type":15,"Integer":0,"String":"c","Interface":null}}
2025-08-15T22:13:37.597-0500	DEBUG	protocol/handler.go:1591	have processed broadcast	{"{round 20 3  <nil>}": {"Key":"from","Type":15,"Integer":0,"String":"a","Interface":null}}
2025-08-15T22:13:37.598-0500	DEBUG	protocol/handler.go:1591	have processed broadcast	{"{round 20 3  <nil>}": {"Key":"from","Type":15,"Integer":0,"String":"b","Interface":null}}
2025-08-15T22:13:37.598-0500	DEBUG	protocol/handler.go:1649	have all messages and processed	{"{round 20 3  <nil>}": {"Key":"self","Type":15,"Integer":0,"String":"c","Interface":null}}
2025-08-15T22:13:37.598-0500	DEBUG	protocol/handler.go:596	round already finalized
2025-08-15T22:13:37.598-0500	DEBUG	protocol/handler.go:581	tryAdvanceRound called	{"{current_round 20 3  <nil>}": {"Key":"self","Type":15,"Integer":0,"String":"c","Interface":null}}
2025-08-15T22:13:37.598-0500	DEBUG	protocol/handler.go:1591	have processed broadcast	{"{round 20 3  <nil>}": {"Key":"from","Type":15,"Integer":0,"String":"a","Interface":null}}
2025-08-15T22:13:37.598-0500	DEBUG	protocol/handler.go:1591	have processed broadcast	{"{round 20 3  <nil>}": {"Key":"from","Type":15,"Integer":0,"String":"b","Interface":null}}
2025-08-15T22:13:37.598-0500	DEBUG	protocol/handler.go:1649	have all messages and processed	{"{round 20 3  <nil>}": {"Key":"self","Type":15,"Integer":0,"String":"c","Interface":null}}
2025-08-15T22:13:37.598-0500	DEBUG	protocol/handler.go:596	round already finalized
2025-08-15T22:13:37.598-0500	DEBUG	protocol/handler.go:581	tryAdvanceRound called	{"{current_round 20 3  <nil>}": {"Key":"self","Type":15,"Integer":0,"String":"a","Interface":null}}
2025-08-15T22:13:37.598-0500	DEBUG	protocol/handler.go:1591	have processed broadcast	{"{round 20 3  <nil>}": {"Key":"from","Type":15,"Integer":0,"String":"b","Interface":null}}
2025-08-15T22:13:37.598-0500	DEBUG	protocol/handler.go:1591	have processed broadcast	{"{round 20 3  <nil>}": {"Key":"from","Type":15,"Integer":0,"String":"c","Interface":null}}
2025-08-15T22:13:37.598-0500	DEBUG	protocol/handler.go:1649	have all messages and processed	{"{round 20 3  <nil>}": {"Key":"self","Type":15,"Integer":0,"String":"a","Interface":null}}
2025-08-15T22:13:37.598-0500	DEBUG	protocol/handler.go:596	round already finalized
2025-08-15T22:13:37.598-0500	DEBUG	protocol/handler.go:581	tryAdvanceRound called	{"{current_round 20 3  <nil>}": {"Key":"self","Type":15,"Integer":0,"String":"a","Interface":null}}
2025-08-15T22:13:37.598-0500	DEBUG	protocol/handler.go:1591	have processed broadcast	{"{round 20 3  <nil>}": {"Key":"from","Type":15,"Integer":0,"String":"b","Interface":null}}
2025-08-15T22:13:37.598-0500	DEBUG	protocol/handler.go:1591	have processed broadcast	{"{round 20 3  <nil>}": {"Key":"from","Type":15,"Integer":0,"String":"c","Interface":null}}
2025-08-15T22:13:37.598-0500	DEBUG	protocol/handler.go:1649	have all messages and processed	{"{round 20 3  <nil>}": {"Key":"self","Type":15,"Integer":0,"String":"a","Interface":null}}
2025-08-15T22:13:37.598-0500	DEBUG	protocol/handler.go:596	round already finalized
2025-08-15T22:13:37.598-0500	DEBUG	protocol/handler.go:581	tryAdvanceRound called	{"{current_round 20 3  <nil>}": {"Key":"self","Type":15,"Integer":0,"String":"b","Interface":null}}
2025-08-15T22:13:37.598-0500	DEBUG	protocol/handler.go:1591	have processed broadcast	{"{round 20 3  <nil>}": {"Key":"from","Type":15,"Integer":0,"String":"a","Interface":null}}
2025-08-15T22:13:37.598-0500	DEBUG	protocol/handler.go:1591	have processed broadcast	{"{round 20 3  <nil>}": {"Key":"from","Type":15,"Integer":0,"String":"c","Interface":null}}
2025-08-15T22:13:37.599-0500	DEBUG	protocol/handler.go:1649	have all messages and processed	{"{round 20 3  <nil>}": {"Key":"self","Type":15,"Integer":0,"String":"b","Interface":null}}
2025-08-15T22:13:37.599-0500	DEBUG	protocol/handler.go:596	round already finalized
2025-08-15T22:13:37.599-0500	DEBUG	protocol/handler.go:581	tryAdvanceRound called	{"{current_round 20 3  <nil>}": {"Key":"self","Type":15,"Integer":0,"String":"b","Interface":null}}
2025-08-15T22:13:37.599-0500	DEBUG	protocol/handler.go:1591	have processed broadcast	{"{round 20 3  <nil>}": {"Key":"from","Type":15,"Integer":0,"String":"a","Interface":null}}
2025-08-15T22:13:37.599-0500	DEBUG	protocol/handler.go:1591	have processed broadcast	{"{round 20 3  <nil>}": {"Key":"from","Type":15,"Integer":0,"String":"c","Interface":null}}
2025-08-15T22:13:37.599-0500	DEBUG	protocol/handler.go:1649	have all messages and processed	{"{round 20 3  <nil>}": {"Key":"self","Type":15,"Integer":0,"String":"b","Interface":null}}
2025-08-15T22:13:37.599-0500	DEBUG	protocol/handler.go:596	round already finalized
2025-08-15T22:13:37.628-0500	DEBUG	protocol/handler.go:581	tryAdvanceRound called	{"{current_round 20 3  <nil>}": {"Key":"self","Type":15,"Integer":0,"String":"c","Interface":null}}
2025-08-15T22:13:37.628-0500	DEBUG	protocol/handler.go:1591	have processed broadcast	{"{round 20 3  <nil>}": {"Key":"from","Type":15,"Integer":0,"String":"a","Interface":null}}
2025-08-15T22:13:37.629-0500	DEBUG	protocol/handler.go:1591	have processed broadcast	{"{round 20 3  <nil>}": {"Key":"from","Type":15,"Integer":0,"String":"b","Interface":null}}
2025-08-15T22:13:37.629-0500	DEBUG	protocol/handler.go:1649	have all messages and processed	{"{round 20 3  <nil>}": {"Key":"self","Type":15,"Integer":0,"String":"c","Interface":null}}
2025-08-15T22:13:37.629-0500	DEBUG	protocol/handler.go:596	round already finalized
2025-08-15T22:13:37.644-0500	DEBUG	protocol/handler.go:581	tryAdvanceRound called	{"{current_round 20 3  <nil>}": {"Key":"self","Type":15,"Integer":0,"String":"c","Interface":null}}
2025-08-15T22:13:37.644-0500	DEBUG	protocol/handler.go:1591	have processed broadcast	{"{round 20 3  <nil>}": {"Key":"from","Type":15,"Integer":0,"String":"a","Interface":null}}
2025-08-15T22:13:37.644-0500	DEBUG	protocol/handler.go:1591	have processed broadcast	{"{round 20 3  <nil>}": {"Key":"from","Type":15,"Integer":0,"String":"b","Interface":null}}
2025-08-15T22:13:37.644-0500	DEBUG	protocol/handler.go:1649	have all messages and processed	{"{round 20 3  <nil>}": {"Key":"self","Type":15,"Integer":0,"String":"c","Interface":null}}
2025-08-15T22:13:37.644-0500	DEBUG	protocol/handler.go:596	round already finalized
2025-08-15T22:13:37.644-0500	DEBUG	protocol/handler.go:581	tryAdvanceRound called	{"{current_round 20 3  <nil>}": {"Key":"self","Type":15,"Integer":0,"String":"b","Interface":null}}
2025-08-15T22:13:37.645-0500	DEBUG	protocol/handler.go:1591	have processed broadcast	{"{round 20 3  <nil>}": {"Key":"from","Type":15,"Integer":0,"String":"a","Interface":null}}
2025-08-15T22:13:37.645-0500	DEBUG	protocol/handler.go:1591	have processed broadcast	{"{round 20 3  <nil>}": {"Key":"from","Type":15,"Integer":0,"String":"c","Interface":null}}
2025-08-15T22:13:37.645-0500	DEBUG	protocol/handler.go:1649	have all messages and processed	{"{round 20 3  <nil>}": {"Key":"self","Type":15,"Integer":0,"String":"b","Interface":null}}
2025-08-15T22:13:37.645-0500	DEBUG	protocol/handler.go:596	round already finalized
2025-08-15T22:13:37.645-0500	DEBUG	protocol/handler.go:581	tryAdvanceRound called	{"{current_round 20 3  <nil>}": {"Key":"self","Type":15,"Integer":0,"String":"b","Interface":null}}
2025-08-15T22:13:37.645-0500	DEBUG	protocol/handler.go:1591	have processed broadcast	{"{round 20 3  <nil>}": {"Key":"from","Type":15,"Integer":0,"String":"a","Interface":null}}
2025-08-15T22:13:37.645-0500	DEBUG	protocol/handler.go:1591	have processed broadcast	{"{round 20 3  <nil>}": {"Key":"from","Type":15,"Integer":0,"String":"c","Interface":null}}
2025-08-15T22:13:37.646-0500	DEBUG	protocol/handler.go:1649	have all messages and processed	{"{round 20 3  <nil>}": {"Key":"self","Type":15,"Integer":0,"String":"b","Interface":null}}
2025-08-15T22:13:37.646-0500	DEBUG	protocol/handler.go:596	round already finalized
2025-08-15T22:13:37.646-0500	DEBUG	protocol/handler.go:581	tryAdvanceRound called	{"{current_round 20 3  <nil>}": {"Key":"self","Type":15,"Integer":0,"String":"a","Interface":null}}
2025-08-15T22:13:37.646-0500	DEBUG	protocol/handler.go:1591	have processed broadcast	{"{round 20 3  <nil>}": {"Key":"from","Type":15,"Integer":0,"String":"b","Interface":null}}
2025-08-15T22:13:37.646-0500	DEBUG	protocol/handler.go:1591	have processed broadcast	{"{round 20 3  <nil>}": {"Key":"from","Type":15,"Integer":0,"String":"c","Interface":null}}
2025-08-15T22:13:37.647-0500	DEBUG	protocol/handler.go:1649	have all messages and processed	{"{round 20 3  <nil>}": {"Key":"self","Type":15,"Integer":0,"String":"a","Interface":null}}
2025-08-15T22:13:37.647-0500	DEBUG	protocol/handler.go:596	round already finalized
2025-08-15T22:13:37.647-0500	DEBUG	protocol/handler.go:581	tryAdvanceRound called	{"{current_round 20 3  <nil>}": {"Key":"self","Type":15,"Integer":0,"String":"a","Interface":null}}
2025-08-15T22:13:37.647-0500	DEBUG	protocol/handler.go:1591	have processed broadcast	{"{round 20 3  <nil>}": {"Key":"from","Type":15,"Integer":0,"String":"b","Interface":null}}
2025-08-15T22:13:37.647-0500	DEBUG	protocol/handler.go:1591	have processed broadcast	{"{round 20 3  <nil>}": {"Key":"from","Type":15,"Integer":0,"String":"c","Interface":null}}
2025-08-15T22:13:37.647-0500	DEBUG	protocol/handler.go:1649	have all messages and processed	{"{round 20 3  <nil>}": {"Key":"self","Type":15,"Integer":0,"String":"a","Interface":null}}
2025-08-15T22:13:37.647-0500	DEBUG	protocol/handler.go:596	round already finalized
2025-08-15T22:13:37.648-0500	DEBUG	protocol/handler.go:581	tryAdvanceRound called	{"{current_round 20 3  <nil>}": {"Key":"self","Type":15,"Integer":0,"String":"a","Interface":null}}
2025-08-15T22:13:37.648-0500	DEBUG	protocol/handler.go:1591	have processed broadcast	{"{round 20 3  <nil>}": {"Key":"from","Type":15,"Integer":0,"String":"b","Interface":null}}
2025-08-15T22:13:37.648-0500	DEBUG	protocol/handler.go:1591	have processed broadcast	{"{round 20 3  <nil>}": {"Key":"from","Type":15,"Integer":0,"String":"c","Interface":null}}
2025-08-15T22:13:37.648-0500	DEBUG	protocol/handler.go:1649	have all messages and processed	{"{round 20 3  <nil>}": {"Key":"self","Type":15,"Integer":0,"String":"a","Interface":null}}
2025-08-15T22:13:37.648-0500	DEBUG	protocol/handler.go:596	round already finalized
2025-08-15T22:13:37.668-0500	DEBUG	protocol/handler.go:581	tryAdvanceRound called	{"{current_round 20 3  <nil>}": {"Key":"self","Type":15,"Integer":0,"String":"a","Interface":null}}
2025-08-15T22:13:37.668-0500	DEBUG	protocol/handler.go:1591	have processed broadcast	{"{round 20 3  <nil>}": {"Key":"from","Type":15,"Integer":0,"String":"b","Interface":null}}
2025-08-15T22:13:37.668-0500	DEBUG	protocol/handler.go:1591	have processed broadcast	{"{round 20 3  <nil>}": {"Key":"from","Type":15,"Integer":0,"String":"c","Interface":null}}
2025-08-15T22:13:37.668-0500	DEBUG	protocol/handler.go:1649	have all messages and processed	{"{round 20 3  <nil>}": {"Key":"self","Type":15,"Integer":0,"String":"a","Interface":null}}
2025-08-15T22:13:37.668-0500	DEBUG	protocol/handler.go:596	round already finalized
2025-08-15T22:13:37.698-0500	DEBUG	protocol/handler.go:581	tryAdvanceRound called	{"{current_round 20 3  <nil>}": {"Key":"self","Type":15,"Integer":0,"String":"a","Interface":null}}
2025-08-15T22:13:37.699-0500	DEBUG	protocol/handler.go:1591	have processed broadcast	{"{round 20 3  <nil>}": {"Key":"from","Type":15,"Integer":0,"String":"b","Interface":null}}
2025-08-15T22:13:37.699-0500	DEBUG	protocol/handler.go:1591	have processed broadcast	{"{round 20 3  <nil>}": {"Key":"from","Type":15,"Integer":0,"String":"c","Interface":null}}
2025-08-15T22:13:37.699-0500	DEBUG	protocol/handler.go:1649	have all messages and processed	{"{round 20 3  <nil>}": {"Key":"self","Type":15,"Integer":0,"String":"a","Interface":null}}
2025-08-15T22:13:37.699-0500	DEBUG	protocol/handler.go:596	round already finalized
2025-08-15T22:13:37.699-0500	DEBUG	protocol/handler.go:581	tryAdvanceRound called	{"{current_round 20 3  <nil>}": {"Key":"self","Type":15,"Integer":0,"String":"b","Interface":null}}
2025-08-15T22:13:37.699-0500	DEBUG	protocol/handler.go:1591	have processed broadcast	{"{round 20 3  <nil>}": {"Key":"from","Type":15,"Integer":0,"String":"a","Interface":null}}
2025-08-15T22:13:37.699-0500	DEBUG	protocol/handler.go:1591	have processed broadcast	{"{round 20 3  <nil>}": {"Key":"from","Type":15,"Integer":0,"String":"c","Interface":null}}
2025-08-15T22:13:37.699-0500	DEBUG	protocol/handler.go:1649	have all messages and processed	{"{round 20 3  <nil>}": {"Key":"self","Type":15,"Integer":0,"String":"b","Interface":null}}
2025-08-15T22:13:37.700-0500	DEBUG	protocol/handler.go:596	round already finalized
2025-08-15T22:13:37.700-0500	DEBUG	protocol/handler.go:581	tryAdvanceRound called	{"{current_round 20 3  <nil>}": {"Key":"self","Type":15,"Integer":0,"String":"b","Interface":null}}
2025-08-15T22:13:37.700-0500	DEBUG	protocol/handler.go:1591	have processed broadcast	{"{round 20 3  <nil>}": {"Key":"from","Type":15,"Integer":0,"String":"a","Interface":null}}
2025-08-15T22:13:37.700-0500	DEBUG	protocol/handler.go:1591	have processed broadcast	{"{round 20 3  <nil>}": {"Key":"from","Type":15,"Integer":0,"String":"c","Interface":null}}
2025-08-15T22:13:37.700-0500	DEBUG	protocol/handler.go:1649	have all messages and processed	{"{round 20 3  <nil>}": {"Key":"self","Type":15,"Integer":0,"String":"b","Interface":null}}
2025-08-15T22:13:37.700-0500	DEBUG	protocol/handler.go:596	round already finalized
2025-08-15T22:13:37.700-0500	DEBUG	protocol/handler.go:581	tryAdvanceRound called	{"{current_round 20 3  <nil>}": {"Key":"self","Type":15,"Integer":0,"String":"c","Interface":null}}
2025-08-15T22:13:37.700-0500	DEBUG	protocol/handler.go:1591	have processed broadcast	{"{round 20 3  <nil>}": {"Key":"from","Type":15,"Integer":0,"String":"a","Interface":null}}
2025-08-15T22:13:37.700-0500	DEBUG	protocol/handler.go:1591	have processed broadcast	{"{round 20 3  <nil>}": {"Key":"from","Type":15,"Integer":0,"String":"b","Interface":null}}
2025-08-15T22:13:37.700-0500	DEBUG	protocol/handler.go:1649	have all messages and processed	{"{round 20 3  <nil>}": {"Key":"self","Type":15,"Integer":0,"String":"c","Interface":null}}
2025-08-15T22:13:37.700-0500	DEBUG	protocol/handler.go:596	round already finalized
2025-08-15T22:13:37.700-0500	DEBUG	protocol/handler.go:581	tryAdvanceRound called	{"{current_round 20 3  <nil>}": {"Key":"self","Type":15,"Integer":0,"String":"c","Interface":null}}
2025-08-15T22:13:37.701-0500	DEBUG	protocol/handler.go:1591	have processed broadcast	{"{round 20 3  <nil>}": {"Key":"from","Type":15,"Integer":0,"String":"a","Interface":null}}
2025-08-15T22:13:37.701-0500	DEBUG	protocol/handler.go:1591	have processed broadcast	{"{round 20 3  <nil>}": {"Key":"from","Type":15,"Integer":0,"String":"b","Interface":null}}
2025-08-15T22:13:37.701-0500	DEBUG	protocol/handler.go:1649	have all messages and processed	{"{round 20 3  <nil>}": {"Key":"self","Type":15,"Integer":0,"String":"c","Interface":null}}
2025-08-15T22:13:37.702-0500	DEBUG	protocol/handler.go:596	round already finalized
2025-08-15T22:13:37.702-0500	DEBUG	protocol/handler.go:581	tryAdvanceRound called	{"{current_round 20 3  <nil>}": {"Key":"self","Type":15,"Integer":0,"String":"b","Interface":null}}
2025-08-15T22:13:37.702-0500	DEBUG	protocol/handler.go:1591	have processed broadcast	{"{round 20 3  <nil>}": {"Key":"from","Type":15,"Integer":0,"String":"a","Interface":null}}
2025-08-15T22:13:37.702-0500	DEBUG	protocol/handler.go:1591	have processed broadcast	{"{round 20 3  <nil>}": {"Key":"from","Type":15,"Integer":0,"String":"c","Interface":null}}
2025-08-15T22:13:37.702-0500	DEBUG	protocol/handler.go:1649	have all messages and processed	{"{round 20 3  <nil>}": {"Key":"self","Type":15,"Integer":0,"String":"b","Interface":null}}
2025-08-15T22:13:37.702-0500	DEBUG	protocol/handler.go:596	round already finalized
2025-08-15T22:13:37.702-0500	DEBUG	protocol/handler.go:581	tryAdvanceRound called	{"{current_round 20 3  <nil>}": {"Key":"self","Type":15,"Integer":0,"String":"c","Interface":null}}
2025-08-15T22:13:37.702-0500	DEBUG	protocol/handler.go:1591	have processed broadcast	{"{round 20 3  <nil>}": {"Key":"from","Type":15,"Integer":0,"String":"a","Interface":null}}
2025-08-15T22:13:37.702-0500	DEBUG	protocol/handler.go:1591	have processed broadcast	{"{round 20 3  <nil>}": {"Key":"from","Type":15,"Integer":0,"String":"b","Interface":null}}
2025-08-15T22:13:37.702-0500	DEBUG	protocol/handler.go:1649	have all messages and processed	{"{round 20 3  <nil>}": {"Key":"self","Type":15,"Integer":0,"String":"c","Interface":null}}
2025-08-15T22:13:37.702-0500	DEBUG	protocol/handler.go:596	round already finalized
2025-08-15T22:13:37.743-0500	DEBUG	protocol/handler.go:581	tryAdvanceRound called	{"{current_round 20 3  <nil>}": {"Key":"self","Type":15,"Integer":0,"String":"a","Interface":null}}
2025-08-15T22:13:37.743-0500	DEBUG	protocol/handler.go:1591	have processed broadcast	{"{round 20 3  <nil>}": {"Key":"from","Type":15,"Integer":0,"String":"b","Interface":null}}
2025-08-15T22:13:37.743-0500	DEBUG	protocol/handler.go:1591	have processed broadcast	{"{round 20 3  <nil>}": {"Key":"from","Type":15,"Integer":0,"String":"c","Interface":null}}
2025-08-15T22:13:37.743-0500	DEBUG	protocol/handler.go:1649	have all messages and processed	{"{round 20 3  <nil>}": {"Key":"self","Type":15,"Integer":0,"String":"a","Interface":null}}
2025-08-15T22:13:37.743-0500	DEBUG	protocol/handler.go:596	round already finalized
2025-08-15T22:13:37.743-0500	DEBUG	protocol/handler.go:581	tryAdvanceRound called	{"{current_round 20 3  <nil>}": {"Key":"self","Type":15,"Integer":0,"String":"a","Interface":null}}
2025-08-15T22:13:37.743-0500	DEBUG	protocol/handler.go:1591	have processed broadcast	{"{round 20 3  <nil>}": {"Key":"from","Type":15,"Integer":0,"String":"b","Interface":null}}
2025-08-15T22:13:37.743-0500	DEBUG	protocol/handler.go:1591	have processed broadcast	{"{round 20 3  <nil>}": {"Key":"from","Type":15,"Integer":0,"String":"c","Interface":null}}
2025-08-15T22:13:37.744-0500	DEBUG	protocol/handler.go:1649	have all messages and processed	{"{round 20 3  <nil>}": {"Key":"self","Type":15,"Integer":0,"String":"a","Interface":null}}
2025-08-15T22:13:37.744-0500	DEBUG	protocol/handler.go:596	round already finalized
2025-08-15T22:13:37.744-0500	DEBUG	protocol/handler.go:581	tryAdvanceRound called	{"{current_round 20 3  <nil>}": {"Key":"self","Type":15,"Integer":0,"String":"b","Interface":null}}
2025-08-15T22:13:37.744-0500	DEBUG	protocol/handler.go:1591	have processed broadcast	{"{round 20 3  <nil>}": {"Key":"from","Type":15,"Integer":0,"String":"a","Interface":null}}
2025-08-15T22:13:37.744-0500	DEBUG	protocol/handler.go:1591	have processed broadcast	{"{round 20 3  <nil>}": {"Key":"from","Type":15,"Integer":0,"String":"c","Interface":null}}
2025-08-15T22:13:37.744-0500	DEBUG	protocol/handler.go:1649	have all messages and processed	{"{round 20 3  <nil>}": {"Key":"self","Type":15,"Integer":0,"String":"b","Interface":null}}
2025-08-15T22:13:37.744-0500	DEBUG	protocol/handler.go:596	round already finalized
2025-08-15T22:13:37.744-0500	DEBUG	protocol/handler.go:581	tryAdvanceRound called	{"{current_round 20 3  <nil>}": {"Key":"self","Type":15,"Integer":0,"String":"b","Interface":null}}
2025-08-15T22:13:37.744-0500	DEBUG	protocol/handler.go:1591	have processed broadcast	{"{round 20 3  <nil>}": {"Key":"from","Type":15,"Integer":0,"String":"a","Interface":null}}
2025-08-15T22:13:37.744-0500	DEBUG	protocol/handler.go:1591	have processed broadcast	{"{round 20 3  <nil>}": {"Key":"from","Type":15,"Integer":0,"String":"c","Interface":null}}
2025-08-15T22:13:37.744-0500	DEBUG	protocol/handler.go:1649	have all messages and processed	{"{round 20 3  <nil>}": {"Key":"self","Type":15,"Integer":0,"String":"b","Interface":null}}
2025-08-15T22:13:37.744-0500	DEBUG	protocol/handler.go:596	round already finalized
2025-08-15T22:13:37.744-0500	DEBUG	protocol/handler.go:581	tryAdvanceRound called	{"{current_round 20 3  <nil>}": {"Key":"self","Type":15,"Integer":0,"String":"c","Interface":null}}
2025-08-15T22:13:37.744-0500	DEBUG	protocol/handler.go:1591	have processed broadcast	{"{round 20 3  <nil>}": {"Key":"from","Type":15,"Integer":0,"String":"a","Interface":null}}
2025-08-15T22:13:37.744-0500	DEBUG	protocol/handler.go:1591	have processed broadcast	{"{round 20 3  <nil>}": {"Key":"from","Type":15,"Integer":0,"String":"b","Interface":null}}
2025-08-15T22:13:37.744-0500	DEBUG	protocol/handler.go:1649	have all messages and processed	{"{round 20 3  <nil>}": {"Key":"self","Type":15,"Integer":0,"String":"c","Interface":null}}
2025-08-15T22:13:37.744-0500	DEBUG	protocol/handler.go:596	round already finalized
2025-08-15T22:13:37.744-0500	DEBUG	protocol/handler.go:581	tryAdvanceRound called	{"{current_round 20 3  <nil>}": {"Key":"self","Type":15,"Integer":0,"String":"c","Interface":null}}
2025-08-15T22:13:37.744-0500	DEBUG	protocol/handler.go:1591	have processed broadcast	{"{round 20 3  <nil>}": {"Key":"from","Type":15,"Integer":0,"String":"a","Interface":null}}
2025-08-15T22:13:37.744-0500	DEBUG	protocol/handler.go:1591	have processed broadcast	{"{round 20 3  <nil>}": {"Key":"from","Type":15,"Integer":0,"String":"b","Interface":null}}
2025-08-15T22:13:37.744-0500	DEBUG	protocol/handler.go:1649	have all messages and processed	{"{round 20 3  <nil>}": {"Key":"self","Type":15,"Integer":0,"String":"c","Interface":null}}
2025-08-15T22:13:37.744-0500	DEBUG	protocol/handler.go:596	round already finalized
2025-08-15T22:13:37.788-0500	DEBUG	protocol/handler.go:581	tryAdvanceRound called	{"{current_round 20 3  <nil>}": {"Key":"self","Type":15,"Integer":0,"String":"a","Interface":null}}
2025-08-15T22:13:37.788-0500	DEBUG	protocol/handler.go:1591	have processed broadcast	{"{round 20 3  <nil>}": {"Key":"from","Type":15,"Integer":0,"String":"b","Interface":null}}
2025-08-15T22:13:37.788-0500	DEBUG	protocol/handler.go:1591	have processed broadcast	{"{round 20 3  <nil>}": {"Key":"from","Type":15,"Integer":0,"String":"c","Interface":null}}
2025-08-15T22:13:37.788-0500	DEBUG	protocol/handler.go:1649	have all messages and processed	{"{round 20 3  <nil>}": {"Key":"self","Type":15,"Integer":0,"String":"a","Interface":null}}
2025-08-15T22:13:37.788-0500	DEBUG	protocol/handler.go:596	round already finalized
2025-08-15T22:13:37.789-0500	DEBUG	protocol/handler.go:581	tryAdvanceRound called	{"{current_round 20 3  <nil>}": {"Key":"self","Type":15,"Integer":0,"String":"a","Interface":null}}
2025-08-15T22:13:37.789-0500	DEBUG	protocol/handler.go:1591	have processed broadcast	{"{round 20 3  <nil>}": {"Key":"from","Type":15,"Integer":0,"String":"b","Interface":null}}
2025-08-15T22:13:37.789-0500	DEBUG	protocol/handler.go:1591	have processed broadcast	{"{round 20 3  <nil>}": {"Key":"from","Type":15,"Integer":0,"String":"c","Interface":null}}
2025-08-15T22:13:37.789-0500	DEBUG	protocol/handler.go:1649	have all messages and processed	{"{round 20 3  <nil>}": {"Key":"self","Type":15,"Integer":0,"String":"a","Interface":null}}
2025-08-15T22:13:37.789-0500	DEBUG	protocol/handler.go:596	round already finalized
2025-08-15T22:13:37.789-0500	DEBUG	protocol/handler.go:581	tryAdvanceRound called	{"{current_round 20 3  <nil>}": {"Key":"self","Type":15,"Integer":0,"String":"b","Interface":null}}
2025-08-15T22:13:37.789-0500	DEBUG	protocol/handler.go:1591	have processed broadcast	{"{round 20 3  <nil>}": {"Key":"from","Type":15,"Integer":0,"String":"a","Interface":null}}
2025-08-15T22:13:37.789-0500	DEBUG	protocol/handler.go:1591	have processed broadcast	{"{round 20 3  <nil>}": {"Key":"from","Type":15,"Integer":0,"String":"c","Interface":null}}
2025-08-15T22:13:37.789-0500	DEBUG	protocol/handler.go:1649	have all messages and processed	{"{round 20 3  <nil>}": {"Key":"self","Type":15,"Integer":0,"String":"b","Interface":null}}
2025-08-15T22:13:37.789-0500	DEBUG	protocol/handler.go:596	round already finalized
2025-08-15T22:13:37.789-0500	DEBUG	protocol/handler.go:581	tryAdvanceRound called	{"{current_round 20 3  <nil>}": {"Key":"self","Type":15,"Integer":0,"String":"b","Interface":null}}
2025-08-15T22:13:37.789-0500	DEBUG	protocol/handler.go:1591	have processed broadcast	{"{round 20 3  <nil>}": {"Key":"from","Type":15,"Integer":0,"String":"a","Interface":null}}
2025-08-15T22:13:37.789-0500	DEBUG	protocol/handler.go:1591	have processed broadcast	{"{round 20 3  <nil>}": {"Key":"from","Type":15,"Integer":0,"String":"c","Interface":null}}
2025-08-15T22:13:37.789-0500	DEBUG	protocol/handler.go:1649	have all messages and processed	{"{round 20 3  <nil>}": {"Key":"self","Type":15,"Integer":0,"String":"b","Interface":null}}
2025-08-15T22:13:37.789-0500	DEBUG	protocol/handler.go:596	round already finalized
2025-08-15T22:13:37.789-0500	DEBUG	protocol/handler.go:581	tryAdvanceRound called	{"{current_round 20 3  <nil>}": {"Key":"self","Type":15,"Integer":0,"String":"c","Interface":null}}
2025-08-15T22:13:37.789-0500	DEBUG	protocol/handler.go:1591	have processed broadcast	{"{round 20 3  <nil>}": {"Key":"from","Type":15,"Integer":0,"String":"a","Interface":null}}
2025-08-15T22:13:37.789-0500	DEBUG	protocol/handler.go:1591	have processed broadcast	{"{round 20 3  <nil>}": {"Key":"from","Type":15,"Integer":0,"String":"b","Interface":null}}
2025-08-15T22:13:37.789-0500	DEBUG	protocol/handler.go:1649	have all messages and processed	{"{round 20 3  <nil>}": {"Key":"self","Type":15,"Integer":0,"String":"c","Interface":null}}
2025-08-15T22:13:37.789-0500	DEBUG	protocol/handler.go:596	round already finalized
2025-08-15T22:13:37.789-0500	DEBUG	protocol/handler.go:581	tryAdvanceRound called	{"{current_round 20 3  <nil>}": {"Key":"self","Type":15,"Integer":0,"String":"c","Interface":null}}
2025-08-15T22:13:37.789-0500	DEBUG	protocol/handler.go:1591	have processed broadcast	{"{round 20 3  <nil>}": {"Key":"from","Type":15,"Integer":0,"String":"a","Interface":null}}
2025-08-15T22:13:37.790-0500	DEBUG	protocol/handler.go:1591	have processed broadcast	{"{round 20 3  <nil>}": {"Key":"from","Type":15,"Integer":0,"String":"b","Interface":null}}
2025-08-15T22:13:37.790-0500	DEBUG	protocol/handler.go:1649	have all messages and processed	{"{round 20 3  <nil>}": {"Key":"self","Type":15,"Integer":0,"String":"c","Interface":null}}
2025-08-15T22:13:37.790-0500	DEBUG	protocol/handler.go:596	round already finalized
2025-08-15T22:13:37.812-0500	DEBUG	protocol/handler.go:581	tryAdvanceRound called	{"{current_round 20 3  <nil>}": {"Key":"self","Type":15,"Integer":0,"String":"a","Interface":null}}
2025-08-15T22:13:37.812-0500	DEBUG	protocol/handler.go:1591	have processed broadcast	{"{round 20 3  <nil>}": {"Key":"from","Type":15,"Integer":0,"String":"b","Interface":null}}
2025-08-15T22:13:37.812-0500	DEBUG	protocol/handler.go:1591	have processed broadcast	{"{round 20 3  <nil>}": {"Key":"from","Type":15,"Integer":0,"String":"c","Interface":null}}
2025-08-15T22:13:37.813-0500	DEBUG	protocol/handler.go:1649	have all messages and processed	{"{round 20 3  <nil>}": {"Key":"self","Type":15,"Integer":0,"String":"a","Interface":null}}
2025-08-15T22:13:37.813-0500	DEBUG	protocol/handler.go:596	round already finalized
2025-08-15T22:13:37.834-0500	DEBUG	protocol/handler.go:581	tryAdvanceRound called	{"{current_round 20 3  <nil>}": {"Key":"self","Type":15,"Integer":0,"String":"b","Interface":null}}
2025-08-15T22:13:37.835-0500	DEBUG	protocol/handler.go:1591	have processed broadcast	{"{round 20 3  <nil>}": {"Key":"from","Type":15,"Integer":0,"String":"a","Interface":null}}
2025-08-15T22:13:37.835-0500	DEBUG	protocol/handler.go:1591	have processed broadcast	{"{round 20 3  <nil>}": {"Key":"from","Type":15,"Integer":0,"String":"c","Interface":null}}
2025-08-15T22:13:37.835-0500	DEBUG	protocol/handler.go:1649	have all messages and processed	{"{round 20 3  <nil>}": {"Key":"self","Type":15,"Integer":0,"String":"b","Interface":null}}
2025-08-15T22:13:37.835-0500	DEBUG	protocol/handler.go:596	round already finalized
2025-08-15T22:13:37.835-0500	DEBUG	protocol/handler.go:581	tryAdvanceRound called	{"{current_round 20 3  <nil>}": {"Key":"self","Type":15,"Integer":0,"String":"b","Interface":null}}
2025-08-15T22:13:37.836-0500	DEBUG	protocol/handler.go:1591	have processed broadcast	{"{round 20 3  <nil>}": {"Key":"from","Type":15,"Integer":0,"String":"a","Interface":null}}
2025-08-15T22:13:37.836-0500	DEBUG	protocol/handler.go:1591	have processed broadcast	{"{round 20 3  <nil>}": {"Key":"from","Type":15,"Integer":0,"String":"c","Interface":null}}
2025-08-15T22:13:37.836-0500	DEBUG	protocol/handler.go:1649	have all messages and processed	{"{round 20 3  <nil>}": {"Key":"self","Type":15,"Integer":0,"String":"b","Interface":null}}
2025-08-15T22:13:37.836-0500	DEBUG	protocol/handler.go:596	round already finalized
2025-08-15T22:13:37.836-0500	DEBUG	protocol/handler.go:581	tryAdvanceRound called	{"{current_round 20 3  <nil>}": {"Key":"self","Type":15,"Integer":0,"String":"c","Interface":null}}
2025-08-15T22:13:37.836-0500	DEBUG	protocol/handler.go:1591	have processed broadcast	{"{round 20 3  <nil>}": {"Key":"from","Type":15,"Integer":0,"String":"a","Interface":null}}
2025-08-15T22:13:37.836-0500	DEBUG	protocol/handler.go:1591	have processed broadcast	{"{round 20 3  <nil>}": {"Key":"from","Type":15,"Integer":0,"String":"b","Interface":null}}
2025-08-15T22:13:37.836-0500	DEBUG	protocol/handler.go:1649	have all messages and processed	{"{round 20 3  <nil>}": {"Key":"self","Type":15,"Integer":0,"String":"c","Interface":null}}
2025-08-15T22:13:37.836-0500	DEBUG	protocol/handler.go:596	round already finalized
2025-08-15T22:13:37.836-0500	DEBUG	protocol/handler.go:581	tryAdvanceRound called	{"{current_round 20 3  <nil>}": {"Key":"self","Type":15,"Integer":0,"String":"c","Interface":null}}
2025-08-15T22:13:37.836-0500	DEBUG	protocol/handler.go:1591	have processed broadcast	{"{round 20 3  <nil>}": {"Key":"from","Type":15,"Integer":0,"String":"a","Interface":null}}
2025-08-15T22:13:37.836-0500	DEBUG	protocol/handler.go:1591	have processed broadcast	{"{round 20 3  <nil>}": {"Key":"from","Type":15,"Integer":0,"String":"b","Interface":null}}
2025-08-15T22:13:37.836-0500	DEBUG	protocol/handler.go:1649	have all messages and processed	{"{round 20 3  <nil>}": {"Key":"self","Type":15,"Integer":0,"String":"c","Interface":null}}
2025-08-15T22:13:37.836-0500	DEBUG	protocol/handler.go:596	round already finalized
2025-08-15T22:13:37.836-0500	DEBUG	protocol/handler.go:581	tryAdvanceRound called	{"{current_round 20 3  <nil>}": {"Key":"self","Type":15,"Integer":0,"String":"a","Interface":null}}
2025-08-15T22:13:37.836-0500	DEBUG	protocol/handler.go:1591	have processed broadcast	{"{round 20 3  <nil>}": {"Key":"from","Type":15,"Integer":0,"String":"b","Interface":null}}
2025-08-15T22:13:37.837-0500	DEBUG	protocol/handler.go:1591	have processed broadcast	{"{round 20 3  <nil>}": {"Key":"from","Type":15,"Integer":0,"String":"c","Interface":null}}
2025-08-15T22:13:37.837-0500	DEBUG	protocol/handler.go:1649	have all messages and processed	{"{round 20 3  <nil>}": {"Key":"self","Type":15,"Integer":0,"String":"a","Interface":null}}
2025-08-15T22:13:37.837-0500	DEBUG	protocol/handler.go:596	round already finalized
2025-08-15T22:13:37.837-0500	DEBUG	protocol/handler.go:581	tryAdvanceRound called	{"{current_round 20 3  <nil>}": {"Key":"self","Type":15,"Integer":0,"String":"a","Interface":null}}
2025-08-15T22:13:37.837-0500	DEBUG	protocol/handler.go:1591	have processed broadcast	{"{round 20 3  <nil>}": {"Key":"from","Type":15,"Integer":0,"String":"b","Interface":null}}
2025-08-15T22:13:37.837-0500	DEBUG	protocol/handler.go:1591	have processed broadcast	{"{round 20 3  <nil>}": {"Key":"from","Type":15,"Integer":0,"String":"c","Interface":null}}
2025-08-15T22:13:37.837-0500	DEBUG	protocol/handler.go:1649	have all messages and processed	{"{round 20 3  <nil>}": {"Key":"self","Type":15,"Integer":0,"String":"a","Interface":null}}
2025-08-15T22:13:37.837-0500	DEBUG	protocol/handler.go:596	round already finalized
2025-08-15T22:13:37.881-0500	DEBUG	protocol/handler.go:581	tryAdvanceRound called	{"{current_round 20 3  <nil>}": {"Key":"self","Type":15,"Integer":0,"String":"b","Interface":null}}
2025-08-15T22:13:37.881-0500	DEBUG	protocol/handler.go:1591	have processed broadcast	{"{round 20 3  <nil>}": {"Key":"from","Type":15,"Integer":0,"String":"a","Interface":null}}
2025-08-15T22:13:37.881-0500	DEBUG	protocol/handler.go:1591	have processed broadcast	{"{round 20 3  <nil>}": {"Key":"from","Type":15,"Integer":0,"String":"c","Interface":null}}
2025-08-15T22:13:37.881-0500	DEBUG	protocol/handler.go:1649	have all messages and processed	{"{round 20 3  <nil>}": {"Key":"self","Type":15,"Integer":0,"String":"b","Interface":null}}
2025-08-15T22:13:37.881-0500	DEBUG	protocol/handler.go:596	round already finalized
2025-08-15T22:13:37.881-0500	DEBUG	protocol/handler.go:581	tryAdvanceRound called	{"{current_round 20 3  <nil>}": {"Key":"self","Type":15,"Integer":0,"String":"b","Interface":null}}
2025-08-15T22:13:37.881-0500	DEBUG	protocol/handler.go:1591	have processed broadcast	{"{round 20 3  <nil>}": {"Key":"from","Type":15,"Integer":0,"String":"a","Interface":null}}
2025-08-15T22:13:37.882-0500	DEBUG	protocol/handler.go:1591	have processed broadcast	{"{round 20 3  <nil>}": {"Key":"from","Type":15,"Integer":0,"String":"c","Interface":null}}
2025-08-15T22:13:37.882-0500	DEBUG	protocol/handler.go:1649	have all messages and processed	{"{round 20 3  <nil>}": {"Key":"self","Type":15,"Integer":0,"String":"b","Interface":null}}
2025-08-15T22:13:37.882-0500	DEBUG	protocol/handler.go:596	round already finalized
2025-08-15T22:13:37.882-0500	DEBUG	protocol/handler.go:581	tryAdvanceRound called	{"{current_round 20 3  <nil>}": {"Key":"self","Type":15,"Integer":0,"String":"c","Interface":null}}
2025-08-15T22:13:37.882-0500	DEBUG	protocol/handler.go:1591	have processed broadcast	{"{round 20 3  <nil>}": {"Key":"from","Type":15,"Integer":0,"String":"a","Interface":null}}
2025-08-15T22:13:37.882-0500	DEBUG	protocol/handler.go:1591	have processed broadcast	{"{round 20 3  <nil>}": {"Key":"from","Type":15,"Integer":0,"String":"b","Interface":null}}
2025-08-15T22:13:37.882-0500	DEBUG	protocol/handler.go:1649	have all messages and processed	{"{round 20 3  <nil>}": {"Key":"self","Type":15,"Integer":0,"String":"c","Interface":null}}
2025-08-15T22:13:37.882-0500	DEBUG	protocol/handler.go:596	round already finalized
2025-08-15T22:13:37.882-0500	DEBUG	protocol/handler.go:581	tryAdvanceRound called	{"{current_round 20 3  <nil>}": {"Key":"self","Type":15,"Integer":0,"String":"c","Interface":null}}
2025-08-15T22:13:37.882-0500	DEBUG	protocol/handler.go:1591	have processed broadcast	{"{round 20 3  <nil>}": {"Key":"from","Type":15,"Integer":0,"String":"a","Interface":null}}
2025-08-15T22:13:37.882-0500	DEBUG	protocol/handler.go:1591	have processed broadcast	{"{round 20 3  <nil>}": {"Key":"from","Type":15,"Integer":0,"String":"b","Interface":null}}
2025-08-15T22:13:37.882-0500	DEBUG	protocol/handler.go:1649	have all messages and processed	{"{round 20 3  <nil>}": {"Key":"self","Type":15,"Integer":0,"String":"c","Interface":null}}
2025-08-15T22:13:37.882-0500	DEBUG	protocol/handler.go:596	round already finalized
2025-08-15T22:13:37.882-0500	DEBUG	protocol/handler.go:581	tryAdvanceRound called	{"{current_round 20 3  <nil>}": {"Key":"self","Type":15,"Integer":0,"String":"a","Interface":null}}
2025-08-15T22:13:37.882-0500	DEBUG	protocol/handler.go:1591	have processed broadcast	{"{round 20 3  <nil>}": {"Key":"from","Type":15,"Integer":0,"String":"b","Interface":null}}
2025-08-15T22:13:37.882-0500	DEBUG	protocol/handler.go:1591	have processed broadcast	{"{round 20 3  <nil>}": {"Key":"from","Type":15,"Integer":0,"String":"c","Interface":null}}
2025-08-15T22:13:37.882-0500	DEBUG	protocol/handler.go:1649	have all messages and processed	{"{round 20 3  <nil>}": {"Key":"self","Type":15,"Integer":0,"String":"a","Interface":null}}
2025-08-15T22:13:37.882-0500	DEBUG	protocol/handler.go:596	round already finalized
2025-08-15T22:13:37.882-0500	DEBUG	protocol/handler.go:581	tryAdvanceRound called	{"{current_round 20 3  <nil>}": {"Key":"self","Type":15,"Integer":0,"String":"a","Interface":null}}
2025-08-15T22:13:37.882-0500	DEBUG	protocol/handler.go:1591	have processed broadcast	{"{round 20 3  <nil>}": {"Key":"from","Type":15,"Integer":0,"String":"b","Interface":null}}
2025-08-15T22:13:37.882-0500	DEBUG	protocol/handler.go:1591	have processed broadcast	{"{round 20 3  <nil>}": {"Key":"from","Type":15,"Integer":0,"String":"c","Interface":null}}
2025-08-15T22:13:37.882-0500	DEBUG	protocol/handler.go:1649	have all messages and processed	{"{round 20 3  <nil>}": {"Key":"self","Type":15,"Integer":0,"String":"a","Interface":null}}
2025-08-15T22:13:37.882-0500	DEBUG	protocol/handler.go:596	round already finalized
2025-08-15T22:13:37.974-0500	DEBUG	protocol/handler.go:581	tryAdvanceRound called	{"{current_round 20 3  <nil>}": {"Key":"self","Type":15,"Integer":0,"String":"a","Interface":null}}
2025-08-15T22:13:37.975-0500	DEBUG	protocol/handler.go:1591	have processed broadcast	{"{round 20 3  <nil>}": {"Key":"from","Type":15,"Integer":0,"String":"b","Interface":null}}
2025-08-15T22:13:37.975-0500	DEBUG	protocol/handler.go:1591	have processed broadcast	{"{round 20 3  <nil>}": {"Key":"from","Type":15,"Integer":0,"String":"c","Interface":null}}
2025-08-15T22:13:37.975-0500	DEBUG	protocol/handler.go:1649	have all messages and processed	{"{round 20 3  <nil>}": {"Key":"self","Type":15,"Integer":0,"String":"a","Interface":null}}
2025-08-15T22:13:37.975-0500	DEBUG	protocol/handler.go:596	round already finalized
2025-08-15T22:13:37.975-0500	DEBUG	protocol/handler.go:581	tryAdvanceRound called	{"{current_round 20 3  <nil>}": {"Key":"self","Type":15,"Integer":0,"String":"a","Interface":null}}
2025-08-15T22:13:37.975-0500	DEBUG	protocol/handler.go:1591	have processed broadcast	{"{round 20 3  <nil>}": {"Key":"from","Type":15,"Integer":0,"String":"b","Interface":null}}
2025-08-15T22:13:37.976-0500	DEBUG	protocol/handler.go:1591	have processed broadcast	{"{round 20 3  <nil>}": {"Key":"from","Type":15,"Integer":0,"String":"c","Interface":null}}
2025-08-15T22:13:37.976-0500	DEBUG	protocol/handler.go:1649	have all messages and processed	{"{round 20 3  <nil>}": {"Key":"self","Type":15,"Integer":0,"String":"a","Interface":null}}
2025-08-15T22:13:37.976-0500	DEBUG	protocol/handler.go:596	round already finalized
2025-08-15T22:13:37.976-0500	DEBUG	protocol/handler.go:581	tryAdvanceRound called	{"{current_round 20 3  <nil>}": {"Key":"self","Type":15,"Integer":0,"String":"b","Interface":null}}
2025-08-15T22:13:37.976-0500	DEBUG	protocol/handler.go:1591	have processed broadcast	{"{round 20 3  <nil>}": {"Key":"from","Type":15,"Integer":0,"String":"a","Interface":null}}
2025-08-15T22:13:37.977-0500	DEBUG	protocol/handler.go:1591	have processed broadcast	{"{round 20 3  <nil>}": {"Key":"from","Type":15,"Integer":0,"String":"c","Interface":null}}
2025-08-15T22:13:37.977-0500	DEBUG	protocol/handler.go:1649	have all messages and processed	{"{round 20 3  <nil>}": {"Key":"self","Type":15,"Integer":0,"String":"b","Interface":null}}
2025-08-15T22:13:37.977-0500	DEBUG	protocol/handler.go:596	round already finalized
2025-08-15T22:13:37.977-0500	DEBUG	protocol/handler.go:581	tryAdvanceRound called	{"{current_round 20 3  <nil>}": {"Key":"self","Type":15,"Integer":0,"String":"b","Interface":null}}
2025-08-15T22:13:37.978-0500	DEBUG	protocol/handler.go:1591	have processed broadcast	{"{round 20 3  <nil>}": {"Key":"from","Type":15,"Integer":0,"String":"a","Interface":null}}
2025-08-15T22:13:37.978-0500	DEBUG	protocol/handler.go:1591	have processed broadcast	{"{round 20 3  <nil>}": {"Key":"from","Type":15,"Integer":0,"String":"c","Interface":null}}
2025-08-15T22:13:37.978-0500	DEBUG	protocol/handler.go:1649	have all messages and processed	{"{round 20 3  <nil>}": {"Key":"self","Type":15,"Integer":0,"String":"b","Interface":null}}
2025-08-15T22:13:37.978-0500	DEBUG	protocol/handler.go:596	round already finalized
2025-08-15T22:13:37.999-0500	DEBUG	protocol/handler.go:581	tryAdvanceRound called	{"{current_round 20 3  <nil>}": {"Key":"self","Type":15,"Integer":0,"String":"a","Interface":null}}
2025-08-15T22:13:37.999-0500	DEBUG	protocol/handler.go:1591	have processed broadcast	{"{round 20 3  <nil>}": {"Key":"from","Type":15,"Integer":0,"String":"b","Interface":null}}
2025-08-15T22:13:37.999-0500	DEBUG	protocol/handler.go:1591	have processed broadcast	{"{round 20 3  <nil>}": {"Key":"from","Type":15,"Integer":0,"String":"c","Interface":null}}
2025-08-15T22:13:37.999-0500	DEBUG	protocol/handler.go:1649	have all messages and processed	{"{round 20 3  <nil>}": {"Key":"self","Type":15,"Integer":0,"String":"a","Interface":null}}
2025-08-15T22:13:37.999-0500	DEBUG	protocol/handler.go:596	round already finalized
2025-08-15T22:13:37.999-0500	DEBUG	protocol/handler.go:581	tryAdvanceRound called	{"{current_round 20 3  <nil>}": {"Key":"self","Type":15,"Integer":0,"String":"a","Interface":null}}
2025-08-15T22:13:37.999-0500	DEBUG	protocol/handler.go:1591	have processed broadcast	{"{round 20 3  <nil>}": {"Key":"from","Type":15,"Integer":0,"String":"b","Interface":null}}
2025-08-15T22:13:37.999-0500	DEBUG	protocol/handler.go:1591	have processed broadcast	{"{round 20 3  <nil>}": {"Key":"from","Type":15,"Integer":0,"String":"c","Interface":null}}
2025-08-15T22:13:37.999-0500	DEBUG	protocol/handler.go:1649	have all messages and processed	{"{round 20 3  <nil>}": {"Key":"self","Type":15,"Integer":0,"String":"a","Interface":null}}
2025-08-15T22:13:37.999-0500	DEBUG	protocol/handler.go:596	round already finalized
2025-08-15T22:13:37.999-0500	DEBUG	protocol/handler.go:581	tryAdvanceRound called	{"{current_round 20 3  <nil>}": {"Key":"self","Type":15,"Integer":0,"String":"c","Interface":null}}
2025-08-15T22:13:37.999-0500	DEBUG	protocol/handler.go:1591	have processed broadcast	{"{round 20 3  <nil>}": {"Key":"from","Type":15,"Integer":0,"String":"a","Interface":null}}
2025-08-15T22:13:37.999-0500	DEBUG	protocol/handler.go:1591	have processed broadcast	{"{round 20 3  <nil>}": {"Key":"from","Type":15,"Integer":0,"String":"b","Interface":null}}
2025-08-15T22:13:37.999-0500	DEBUG	protocol/handler.go:1649	have all messages and processed	{"{round 20 3  <nil>}": {"Key":"self","Type":15,"Integer":0,"String":"c","Interface":null}}
2025-08-15T22:13:37.999-0500	DEBUG	protocol/handler.go:596	round already finalized
2025-08-15T22:13:37.999-0500	DEBUG	protocol/handler.go:581	tryAdvanceRound called	{"{current_round 20 3  <nil>}": {"Key":"self","Type":15,"Integer":0,"String":"c","Interface":null}}
2025-08-15T22:13:37.999-0500	DEBUG	protocol/handler.go:1591	have processed broadcast	{"{round 20 3  <nil>}": {"Key":"from","Type":15,"Integer":0,"String":"a","Interface":null}}
2025-08-15T22:13:37.999-0500	DEBUG	protocol/handler.go:1591	have processed broadcast	{"{round 20 3  <nil>}": {"Key":"from","Type":15,"Integer":0,"String":"b","Interface":null}}
2025-08-15T22:13:37.999-0500	DEBUG	protocol/handler.go:1649	have all messages and processed	{"{round 20 3  <nil>}": {"Key":"self","Type":15,"Integer":0,"String":"c","Interface":null}}
2025-08-15T22:13:37.999-0500	DEBUG	protocol/handler.go:596	round already finalized
2025-08-15T22:13:37.999-0500	DEBUG	protocol/handler.go:581	tryAdvanceRound called	{"{current_round 20 3  <nil>}": {"Key":"self","Type":15,"Integer":0,"String":"b","Interface":null}}
2025-08-15T22:13:38.000-0500	DEBUG	protocol/handler.go:1591	have processed broadcast	{"{round 20 3  <nil>}": {"Key":"from","Type":15,"Integer":0,"String":"a","Interface":null}}
2025-08-15T22:13:38.000-0500	DEBUG	protocol/handler.go:1591	have processed broadcast	{"{round 20 3  <nil>}": {"Key":"from","Type":15,"Integer":0,"String":"c","Interface":null}}
2025-08-15T22:13:38.000-0500	DEBUG	protocol/handler.go:1649	have all messages and processed	{"{round 20 3  <nil>}": {"Key":"self","Type":15,"Integer":0,"String":"b","Interface":null}}
2025-08-15T22:13:38.000-0500	DEBUG	protocol/handler.go:596	round already finalized
2025-08-15T22:13:38.022-0500	DEBUG	protocol/handler.go:581	tryAdvanceRound called	{"{current_round 20 3  <nil>}": {"Key":"self","Type":15,"Integer":0,"String":"a","Interface":null}}
2025-08-15T22:13:38.022-0500	DEBUG	protocol/handler.go:1591	have processed broadcast	{"{round 20 3  <nil>}": {"Key":"from","Type":15,"Integer":0,"String":"b","Interface":null}}
2025-08-15T22:13:38.022-0500	DEBUG	protocol/handler.go:1591	have processed broadcast	{"{round 20 3  <nil>}": {"Key":"from","Type":15,"Integer":0,"String":"c","Interface":null}}
2025-08-15T22:13:38.022-0500	DEBUG	protocol/handler.go:1649	have all messages and processed	{"{round 20 3  <nil>}": {"Key":"self","Type":15,"Integer":0,"String":"a","Interface":null}}
2025-08-15T22:13:38.022-0500	DEBUG	protocol/handler.go:596	round already finalized
2025-08-15T22:13:38.046-0500	DEBUG	protocol/handler.go:581	tryAdvanceRound called	{"{current_round 20 3  <nil>}": {"Key":"self","Type":15,"Integer":0,"String":"a","Interface":null}}
2025-08-15T22:13:38.046-0500	DEBUG	protocol/handler.go:1591	have processed broadcast	{"{round 20 3  <nil>}": {"Key":"from","Type":15,"Integer":0,"String":"b","Interface":null}}
2025-08-15T22:13:38.046-0500	DEBUG	protocol/handler.go:1591	have processed broadcast	{"{round 20 3  <nil>}": {"Key":"from","Type":15,"Integer":0,"String":"c","Interface":null}}
2025-08-15T22:13:38.046-0500	DEBUG	protocol/handler.go:1649	have all messages and processed	{"{round 20 3  <nil>}": {"Key":"self","Type":15,"Integer":0,"String":"a","Interface":null}}
2025-08-15T22:13:38.046-0500	DEBUG	protocol/handler.go:596	round already finalized
2025-08-15T22:13:38.046-0500	DEBUG	protocol/handler.go:581	tryAdvanceRound called	{"{current_round 20 3  <nil>}": {"Key":"self","Type":15,"Integer":0,"String":"c","Interface":null}}
2025-08-15T22:13:38.047-0500	DEBUG	protocol/handler.go:1591	have processed broadcast	{"{round 20 3  <nil>}": {"Key":"from","Type":15,"Integer":0,"String":"a","Interface":null}}
2025-08-15T22:13:38.047-0500	DEBUG	protocol/handler.go:1591	have processed broadcast	{"{round 20 3  <nil>}": {"Key":"from","Type":15,"Integer":0,"String":"b","Interface":null}}
2025-08-15T22:13:38.047-0500	DEBUG	protocol/handler.go:1649	have all messages and processed	{"{round 20 3  <nil>}": {"Key":"self","Type":15,"Integer":0,"String":"c","Interface":null}}
2025-08-15T22:13:38.047-0500	DEBUG	protocol/handler.go:596	round already finalized
2025-08-15T22:13:38.047-0500	DEBUG	protocol/handler.go:581	tryAdvanceRound called	{"{current_round 20 3  <nil>}": {"Key":"self","Type":15,"Integer":0,"String":"c","Interface":null}}
2025-08-15T22:13:38.047-0500	DEBUG	protocol/handler.go:1591	have processed broadcast	{"{round 20 3  <nil>}": {"Key":"from","Type":15,"Integer":0,"String":"a","Interface":null}}
2025-08-15T22:13:38.047-0500	DEBUG	protocol/handler.go:1591	have processed broadcast	{"{round 20 3  <nil>}": {"Key":"from","Type":15,"Integer":0,"String":"b","Interface":null}}
2025-08-15T22:13:38.047-0500	DEBUG	protocol/handler.go:1649	have all messages and processed	{"{round 20 3  <nil>}": {"Key":"self","Type":15,"Integer":0,"String":"c","Interface":null}}
2025-08-15T22:13:38.047-0500	DEBUG	protocol/handler.go:596	round already finalized
2025-08-15T22:13:38.047-0500	DEBUG	protocol/handler.go:581	tryAdvanceRound called	{"{current_round 20 3  <nil>}": {"Key":"self","Type":15,"Integer":0,"String":"b","Interface":null}}
2025-08-15T22:13:38.047-0500	DEBUG	protocol/handler.go:1591	have processed broadcast	{"{round 20 3  <nil>}": {"Key":"from","Type":15,"Integer":0,"String":"a","Interface":null}}
2025-08-15T22:13:38.048-0500	DEBUG	protocol/handler.go:1591	have processed broadcast	{"{round 20 3  <nil>}": {"Key":"from","Type":15,"Integer":0,"String":"c","Interface":null}}
2025-08-15T22:13:38.048-0500	DEBUG	protocol/handler.go:1649	have all messages and processed	{"{round 20 3  <nil>}": {"Key":"self","Type":15,"Integer":0,"String":"b","Interface":null}}
2025-08-15T22:13:38.048-0500	DEBUG	protocol/handler.go:596	round already finalized
2025-08-15T22:13:38.048-0500	DEBUG	protocol/handler.go:581	tryAdvanceRound called	{"{current_round 20 3  <nil>}": {"Key":"self","Type":15,"Integer":0,"String":"b","Interface":null}}
2025-08-15T22:13:38.048-0500	DEBUG	protocol/handler.go:1591	have processed broadcast	{"{round 20 3  <nil>}": {"Key":"from","Type":15,"Integer":0,"String":"a","Interface":null}}
2025-08-15T22:13:38.048-0500	DEBUG	protocol/handler.go:1591	have processed broadcast	{"{round 20 3  <nil>}": {"Key":"from","Type":15,"Integer":0,"String":"c","Interface":null}}
2025-08-15T22:13:38.048-0500	DEBUG	protocol/handler.go:1649	have all messages and processed	{"{round 20 3  <nil>}": {"Key":"self","Type":15,"Integer":0,"String":"b","Interface":null}}
2025-08-15T22:13:38.048-0500	DEBUG	protocol/handler.go:596	round already finalized
2025-08-15T22:13:38.048-0500	DEBUG	protocol/handler.go:581	tryAdvanceRound called	{"{current_round 20 3  <nil>}": {"Key":"self","Type":15,"Integer":0,"String":"a","Interface":null}}
2025-08-15T22:13:38.048-0500	DEBUG	protocol/handler.go:1591	have processed broadcast	{"{round 20 3  <nil>}": {"Key":"from","Type":15,"Integer":0,"String":"b","Interface":null}}
2025-08-15T22:13:38.048-0500	DEBUG	protocol/handler.go:1591	have processed broadcast	{"{round 20 3  <nil>}": {"Key":"from","Type":15,"Integer":0,"String":"c","Interface":null}}
2025-08-15T22:13:38.048-0500	DEBUG	protocol/handler.go:1649	have all messages and processed	{"{round 20 3  <nil>}": {"Key":"self","Type":15,"Integer":0,"String":"a","Interface":null}}
2025-08-15T22:13:38.048-0500	DEBUG	protocol/handler.go:596	round already finalized
2025-08-15T22:13:38.074-0500	DEBUG	protocol/handler.go:581	tryAdvanceRound called	{"{current_round 20 3  <nil>}": {"Key":"self","Type":15,"Integer":0,"String":"a","Interface":null}}
2025-08-15T22:13:38.074-0500	DEBUG	protocol/handler.go:1591	have processed broadcast	{"{round 20 3  <nil>}": {"Key":"from","Type":15,"Integer":0,"String":"b","Interface":null}}
2025-08-15T22:13:38.074-0500	DEBUG	protocol/handler.go:1591	have processed broadcast	{"{round 20 3  <nil>}": {"Key":"from","Type":15,"Integer":0,"String":"c","Interface":null}}
2025-08-15T22:13:38.074-0500	DEBUG	protocol/handler.go:1649	have all messages and processed	{"{round 20 3  <nil>}": {"Key":"self","Type":15,"Integer":0,"String":"a","Interface":null}}
2025-08-15T22:13:38.074-0500	DEBUG	protocol/handler.go:596	round already finalized
2025-08-15T22:13:38.074-0500	DEBUG	protocol/handler.go:581	tryAdvanceRound called	{"{current_round 20 3  <nil>}": {"Key":"self","Type":15,"Integer":0,"String":"b","Interface":null}}
2025-08-15T22:13:38.075-0500	DEBUG	protocol/handler.go:1591	have processed broadcast	{"{round 20 3  <nil>}": {"Key":"from","Type":15,"Integer":0,"String":"a","Interface":null}}
2025-08-15T22:13:38.075-0500	DEBUG	protocol/handler.go:1591	have processed broadcast	{"{round 20 3  <nil>}": {"Key":"from","Type":15,"Integer":0,"String":"c","Interface":null}}
2025-08-15T22:13:38.075-0500	DEBUG	protocol/handler.go:1649	have all messages and processed	{"{round 20 3  <nil>}": {"Key":"self","Type":15,"Integer":0,"String":"b","Interface":null}}
2025-08-15T22:13:38.075-0500	DEBUG	protocol/handler.go:596	round already finalized
2025-08-15T22:13:38.075-0500	DEBUG	protocol/handler.go:581	tryAdvanceRound called	{"{current_round 20 3  <nil>}": {"Key":"self","Type":15,"Integer":0,"String":"c","Interface":null}}
2025-08-15T22:13:38.075-0500	DEBUG	protocol/handler.go:1591	have processed broadcast	{"{round 20 3  <nil>}": {"Key":"from","Type":15,"Integer":0,"String":"a","Interface":null}}
2025-08-15T22:13:38.075-0500	DEBUG	protocol/handler.go:1591	have processed broadcast	{"{round 20 3  <nil>}": {"Key":"from","Type":15,"Integer":0,"String":"b","Interface":null}}
2025-08-15T22:13:38.075-0500	DEBUG	protocol/handler.go:1649	have all messages and processed	{"{round 20 3  <nil>}": {"Key":"self","Type":15,"Integer":0,"String":"c","Interface":null}}
2025-08-15T22:13:38.075-0500	DEBUG	protocol/handler.go:596	round already finalized
2025-08-15T22:13:38.093-0500	DEBUG	protocol/handler.go:581	tryAdvanceRound called	{"{current_round 20 3  <nil>}": {"Key":"self","Type":15,"Integer":0,"String":"a","Interface":null}}
2025-08-15T22:13:38.093-0500	DEBUG	protocol/handler.go:1591	have processed broadcast	{"{round 20 3  <nil>}": {"Key":"from","Type":15,"Integer":0,"String":"b","Interface":null}}
2025-08-15T22:13:38.093-0500	DEBUG	protocol/handler.go:1591	have processed broadcast	{"{round 20 3  <nil>}": {"Key":"from","Type":15,"Integer":0,"String":"c","Interface":null}}
2025-08-15T22:13:38.093-0500	DEBUG	protocol/handler.go:1649	have all messages and processed	{"{round 20 3  <nil>}": {"Key":"self","Type":15,"Integer":0,"String":"a","Interface":null}}
2025-08-15T22:13:38.093-0500	DEBUG	protocol/handler.go:596	round already finalized
2025-08-15T22:13:38.093-0500	DEBUG	protocol/handler.go:581	tryAdvanceRound called	{"{current_round 20 3  <nil>}": {"Key":"self","Type":15,"Integer":0,"String":"b","Interface":null}}
2025-08-15T22:13:38.093-0500	DEBUG	protocol/handler.go:1591	have processed broadcast	{"{round 20 3  <nil>}": {"Key":"from","Type":15,"Integer":0,"String":"a","Interface":null}}
2025-08-15T22:13:38.093-0500	DEBUG	protocol/handler.go:1591	have processed broadcast	{"{round 20 3  <nil>}": {"Key":"from","Type":15,"Integer":0,"String":"c","Interface":null}}
2025-08-15T22:13:38.093-0500	DEBUG	protocol/handler.go:1649	have all messages and processed	{"{round 20 3  <nil>}": {"Key":"self","Type":15,"Integer":0,"String":"b","Interface":null}}
2025-08-15T22:13:38.094-0500	DEBUG	protocol/handler.go:596	round already finalized
2025-08-15T22:13:38.094-0500	DEBUG	protocol/handler.go:581	tryAdvanceRound called	{"{current_round 20 3  <nil>}": {"Key":"self","Type":15,"Integer":0,"String":"c","Interface":null}}
2025-08-15T22:13:38.094-0500	DEBUG	protocol/handler.go:1591	have processed broadcast	{"{round 20 3  <nil>}": {"Key":"from","Type":15,"Integer":0,"String":"a","Interface":null}}
2025-08-15T22:13:38.094-0500	DEBUG	protocol/handler.go:1591	have processed broadcast	{"{round 20 3  <nil>}": {"Key":"from","Type":15,"Integer":0,"String":"b","Interface":null}}
2025-08-15T22:13:38.094-0500	DEBUG	protocol/handler.go:1649	have all messages and processed	{"{round 20 3  <nil>}": {"Key":"self","Type":15,"Integer":0,"String":"c","Interface":null}}
2025-08-15T22:13:38.094-0500	DEBUG	protocol/handler.go:596	round already finalized
2025-08-15T22:13:38.120-0500	DEBUG	protocol/handler.go:581	tryAdvanceRound called	{"{current_round 20 3  <nil>}": {"Key":"self","Type":15,"Integer":0,"String":"c","Interface":null}}
2025-08-15T22:13:38.120-0500	DEBUG	protocol/handler.go:1591	have processed broadcast	{"{round 20 3  <nil>}": {"Key":"from","Type":15,"Integer":0,"String":"a","Interface":null}}
2025-08-15T22:13:38.120-0500	DEBUG	protocol/handler.go:1591	have processed broadcast	{"{round 20 3  <nil>}": {"Key":"from","Type":15,"Integer":0,"String":"b","Interface":null}}
2025-08-15T22:13:38.120-0500	DEBUG	protocol/handler.go:1649	have all messages and processed	{"{round 20 3  <nil>}": {"Key":"self","Type":15,"Integer":0,"String":"c","Interface":null}}
2025-08-15T22:13:38.121-0500	DEBUG	protocol/handler.go:596	round already finalized
2025-08-15T22:13:38.142-0500	DEBUG	protocol/handler.go:581	tryAdvanceRound called	{"{current_round 20 3  <nil>}": {"Key":"self","Type":15,"Integer":0,"String":"b","Interface":null}}
2025-08-15T22:13:38.143-0500	DEBUG	protocol/handler.go:1591	have processed broadcast	{"{round 20 3  <nil>}": {"Key":"from","Type":15,"Integer":0,"String":"a","Interface":null}}
2025-08-15T22:13:38.143-0500	DEBUG	protocol/handler.go:1591	have processed broadcast	{"{round 20 3  <nil>}": {"Key":"from","Type":15,"Integer":0,"String":"c","Interface":null}}
2025-08-15T22:13:38.143-0500	DEBUG	protocol/handler.go:1649	have all messages and processed	{"{round 20 3  <nil>}": {"Key":"self","Type":15,"Integer":0,"String":"b","Interface":null}}
2025-08-15T22:13:38.143-0500	DEBUG	protocol/handler.go:596	round already finalized
2025-08-15T22:13:38.143-0500	DEBUG	protocol/handler.go:581	tryAdvanceRound called	{"{current_round 20 3  <nil>}": {"Key":"self","Type":15,"Integer":0,"String":"b","Interface":null}}
2025-08-15T22:13:38.143-0500	DEBUG	protocol/handler.go:1591	have processed broadcast	{"{round 20 3  <nil>}": {"Key":"from","Type":15,"Integer":0,"String":"a","Interface":null}}
2025-08-15T22:13:38.143-0500	DEBUG	protocol/handler.go:1591	have processed broadcast	{"{round 20 3  <nil>}": {"Key":"from","Type":15,"Integer":0,"String":"c","Interface":null}}
2025-08-15T22:13:38.144-0500	DEBUG	protocol/handler.go:1649	have all messages and processed	{"{round 20 3  <nil>}": {"Key":"self","Type":15,"Integer":0,"String":"b","Interface":null}}
2025-08-15T22:13:38.144-0500	DEBUG	protocol/handler.go:596	round already finalized
2025-08-15T22:13:38.144-0500	DEBUG	protocol/handler.go:581	tryAdvanceRound called	{"{current_round 20 3  <nil>}": {"Key":"self","Type":15,"Integer":0,"String":"a","Interface":null}}
2025-08-15T22:13:38.144-0500	DEBUG	protocol/handler.go:1591	have processed broadcast	{"{round 20 3  <nil>}": {"Key":"from","Type":15,"Integer":0,"String":"b","Interface":null}}
2025-08-15T22:13:38.144-0500	DEBUG	protocol/handler.go:1591	have processed broadcast	{"{round 20 3  <nil>}": {"Key":"from","Type":15,"Integer":0,"String":"c","Interface":null}}
2025-08-15T22:13:38.144-0500	DEBUG	protocol/handler.go:1649	have all messages and processed	{"{round 20 3  <nil>}": {"Key":"self","Type":15,"Integer":0,"String":"a","Interface":null}}
2025-08-15T22:13:38.144-0500	DEBUG	protocol/handler.go:596	round already finalized
2025-08-15T22:13:38.144-0500	DEBUG	protocol/handler.go:581	tryAdvanceRound called	{"{current_round 20 3  <nil>}": {"Key":"self","Type":15,"Integer":0,"String":"a","Interface":null}}
2025-08-15T22:13:38.146-0500	DEBUG	protocol/handler.go:1591	have processed broadcast	{"{round 20 3  <nil>}": {"Key":"from","Type":15,"Integer":0,"String":"b","Interface":null}}
2025-08-15T22:13:38.146-0500	DEBUG	protocol/handler.go:1591	have processed broadcast	{"{round 20 3  <nil>}": {"Key":"from","Type":15,"Integer":0,"String":"c","Interface":null}}
2025-08-15T22:13:38.146-0500	DEBUG	protocol/handler.go:1649	have all messages and processed	{"{round 20 3  <nil>}": {"Key":"self","Type":15,"Integer":0,"String":"a","Interface":null}}
2025-08-15T22:13:38.146-0500	DEBUG	protocol/handler.go:596	round already finalized
2025-08-15T22:13:38.146-0500	DEBUG	protocol/handler.go:581	tryAdvanceRound called	{"{current_round 20 3  <nil>}": {"Key":"self","Type":15,"Integer":0,"String":"a","Interface":null}}
2025-08-15T22:13:38.146-0500	DEBUG	protocol/handler.go:1591	have processed broadcast	{"{round 20 3  <nil>}": {"Key":"from","Type":15,"Integer":0,"String":"b","Interface":null}}
2025-08-15T22:13:38.146-0500	DEBUG	protocol/handler.go:1591	have processed broadcast	{"{round 20 3  <nil>}": {"Key":"from","Type":15,"Integer":0,"String":"c","Interface":null}}
2025-08-15T22:13:38.147-0500	DEBUG	protocol/handler.go:1649	have all messages and processed	{"{round 20 3  <nil>}": {"Key":"self","Type":15,"Integer":0,"String":"a","Interface":null}}
2025-08-15T22:13:38.147-0500	DEBUG	protocol/handler.go:596	round already finalized
2025-08-15T22:13:38.147-0500	DEBUG	protocol/handler.go:581	tryAdvanceRound called	{"{current_round 20 3  <nil>}": {"Key":"self","Type":15,"Integer":0,"String":"c","Interface":null}}
2025-08-15T22:13:38.148-0500	DEBUG	protocol/handler.go:1591	have processed broadcast	{"{round 20 3  <nil>}": {"Key":"from","Type":15,"Integer":0,"String":"a","Interface":null}}
2025-08-15T22:13:38.148-0500	DEBUG	protocol/handler.go:1591	have processed broadcast	{"{round 20 3  <nil>}": {"Key":"from","Type":15,"Integer":0,"String":"b","Interface":null}}
2025-08-15T22:13:38.148-0500	DEBUG	protocol/handler.go:1649	have all messages and processed	{"{round 20 3  <nil>}": {"Key":"self","Type":15,"Integer":0,"String":"c","Interface":null}}
2025-08-15T22:13:38.148-0500	DEBUG	protocol/handler.go:596	round already finalized
2025-08-15T22:13:38.148-0500	DEBUG	protocol/handler.go:581	tryAdvanceRound called	{"{current_round 20 3  <nil>}": {"Key":"self","Type":15,"Integer":0,"String":"c","Interface":null}}
2025-08-15T22:13:38.148-0500	DEBUG	protocol/handler.go:1591	have processed broadcast	{"{round 20 3  <nil>}": {"Key":"from","Type":15,"Integer":0,"String":"a","Interface":null}}
2025-08-15T22:13:38.148-0500	DEBUG	protocol/handler.go:1591	have processed broadcast	{"{round 20 3  <nil>}": {"Key":"from","Type":15,"Integer":0,"String":"b","Interface":null}}
2025-08-15T22:13:38.148-0500	DEBUG	protocol/handler.go:1649	have all messages and processed	{"{round 20 3  <nil>}": {"Key":"self","Type":15,"Integer":0,"String":"c","Interface":null}}
2025-08-15T22:13:38.148-0500	DEBUG	protocol/handler.go:596	round already finalized
2025-08-15T22:13:38.186-0500	DEBUG	protocol/handler.go:581	tryAdvanceRound called	{"{current_round 20 3  <nil>}": {"Key":"self","Type":15,"Integer":0,"String":"c","Interface":null}}
2025-08-15T22:13:38.186-0500	DEBUG	protocol/handler.go:1591	have processed broadcast	{"{round 20 3  <nil>}": {"Key":"from","Type":15,"Integer":0,"String":"a","Interface":null}}
2025-08-15T22:13:38.186-0500	DEBUG	protocol/handler.go:1591	have processed broadcast	{"{round 20 3  <nil>}": {"Key":"from","Type":15,"Integer":0,"String":"b","Interface":null}}
2025-08-15T22:13:38.186-0500	DEBUG	protocol/handler.go:1649	have all messages and processed	{"{round 20 3  <nil>}": {"Key":"self","Type":15,"Integer":0,"String":"c","Interface":null}}
2025-08-15T22:13:38.186-0500	DEBUG	protocol/handler.go:596	round already finalized
2025-08-15T22:13:38.209-0500	DEBUG	protocol/handler.go:581	tryAdvanceRound called	{"{current_round 20 3  <nil>}": {"Key":"self","Type":15,"Integer":0,"String":"b","Interface":null}}
2025-08-15T22:13:38.210-0500	DEBUG	protocol/handler.go:1591	have processed broadcast	{"{round 20 3  <nil>}": {"Key":"from","Type":15,"Integer":0,"String":"a","Interface":null}}
2025-08-15T22:13:38.210-0500	DEBUG	protocol/handler.go:1591	have processed broadcast	{"{round 20 3  <nil>}": {"Key":"from","Type":15,"Integer":0,"String":"c","Interface":null}}
2025-08-15T22:13:38.210-0500	DEBUG	protocol/handler.go:1649	have all messages and processed	{"{round 20 3  <nil>}": {"Key":"self","Type":15,"Integer":0,"String":"b","Interface":null}}
2025-08-15T22:13:38.210-0500	DEBUG	protocol/handler.go:596	round already finalized
2025-08-15T22:13:38.210-0500	DEBUG	protocol/handler.go:581	tryAdvanceRound called	{"{current_round 20 3  <nil>}": {"Key":"self","Type":15,"Integer":0,"String":"b","Interface":null}}
2025-08-15T22:13:38.210-0500	DEBUG	protocol/handler.go:1591	have processed broadcast	{"{round 20 3  <nil>}": {"Key":"from","Type":15,"Integer":0,"String":"a","Interface":null}}
2025-08-15T22:13:38.210-0500	DEBUG	protocol/handler.go:1591	have processed broadcast	{"{round 20 3  <nil>}": {"Key":"from","Type":15,"Integer":0,"String":"c","Interface":null}}
2025-08-15T22:13:38.210-0500	DEBUG	protocol/handler.go:1649	have all messages and processed	{"{round 20 3  <nil>}": {"Key":"self","Type":15,"Integer":0,"String":"b","Interface":null}}
2025-08-15T22:13:38.213-0500	DEBUG	protocol/handler.go:596	round already finalized
2025-08-15T22:13:38.213-0500	DEBUG	protocol/handler.go:581	tryAdvanceRound called	{"{current_round 20 3  <nil>}": {"Key":"self","Type":15,"Integer":0,"String":"a","Interface":null}}
2025-08-15T22:13:38.213-0500	DEBUG	protocol/handler.go:1591	have processed broadcast	{"{round 20 3  <nil>}": {"Key":"from","Type":15,"Integer":0,"String":"b","Interface":null}}
2025-08-15T22:13:38.213-0500	DEBUG	protocol/handler.go:1591	have processed broadcast	{"{round 20 3  <nil>}": {"Key":"from","Type":15,"Integer":0,"String":"c","Interface":null}}
2025-08-15T22:13:38.215-0500	DEBUG	protocol/handler.go:1649	have all messages and processed	{"{round 20 3  <nil>}": {"Key":"self","Type":15,"Integer":0,"String":"a","Interface":null}}
2025-08-15T22:13:38.215-0500	DEBUG	protocol/handler.go:596	round already finalized
2025-08-15T22:13:38.216-0500	DEBUG	protocol/handler.go:581	tryAdvanceRound called	{"{current_round 20 3  <nil>}": {"Key":"self","Type":15,"Integer":0,"String":"a","Interface":null}}
2025-08-15T22:13:38.216-0500	DEBUG	protocol/handler.go:1591	have processed broadcast	{"{round 20 3  <nil>}": {"Key":"from","Type":15,"Integer":0,"String":"b","Interface":null}}
2025-08-15T22:13:38.216-0500	DEBUG	protocol/handler.go:1591	have processed broadcast	{"{round 20 3  <nil>}": {"Key":"from","Type":15,"Integer":0,"String":"c","Interface":null}}
2025-08-15T22:13:38.216-0500	DEBUG	protocol/handler.go:1649	have all messages and processed	{"{round 20 3  <nil>}": {"Key":"self","Type":15,"Integer":0,"String":"a","Interface":null}}
2025-08-15T22:13:38.216-0500	DEBUG	protocol/handler.go:596	round already finalized
2025-08-15T22:13:38.216-0500	DEBUG	protocol/handler.go:581	tryAdvanceRound called	{"{current_round 20 3  <nil>}": {"Key":"self","Type":15,"Integer":0,"String":"c","Interface":null}}
2025-08-15T22:13:38.216-0500	DEBUG	protocol/handler.go:1591	have processed broadcast	{"{round 20 3  <nil>}": {"Key":"from","Type":15,"Integer":0,"String":"a","Interface":null}}
2025-08-15T22:13:38.216-0500	DEBUG	protocol/handler.go:1591	have processed broadcast	{"{round 20 3  <nil>}": {"Key":"from","Type":15,"Integer":0,"String":"b","Interface":null}}
2025-08-15T22:13:38.216-0500	DEBUG	protocol/handler.go:1649	have all messages and processed	{"{round 20 3  <nil>}": {"Key":"self","Type":15,"Integer":0,"String":"c","Interface":null}}
2025-08-15T22:13:38.216-0500	DEBUG	protocol/handler.go:596	round already finalized
2025-08-15T22:13:38.216-0500	DEBUG	protocol/handler.go:581	tryAdvanceRound called	{"{current_round 20 3  <nil>}": {"Key":"self","Type":15,"Integer":0,"String":"c","Interface":null}}
2025-08-15T22:13:38.216-0500	DEBUG	protocol/handler.go:1591	have processed broadcast	{"{round 20 3  <nil>}": {"Key":"from","Type":15,"Integer":0,"String":"a","Interface":null}}
2025-08-15T22:13:38.216-0500	DEBUG	protocol/handler.go:1591	have processed broadcast	{"{round 20 3  <nil>}": {"Key":"from","Type":15,"Integer":0,"String":"b","Interface":null}}
2025-08-15T22:13:38.216-0500	DEBUG	protocol/handler.go:1649	have all messages and processed	{"{round 20 3  <nil>}": {"Key":"self","Type":15,"Integer":0,"String":"c","Interface":null}}
2025-08-15T22:13:38.216-0500	DEBUG	protocol/handler.go:596	round already finalized
2025-08-15T22:13:38.216-0500	DEBUG	protocol/handler.go:581	tryAdvanceRound called	{"{current_round 20 3  <nil>}": {"Key":"self","Type":15,"Integer":0,"String":"a","Interface":null}}
2025-08-15T22:13:38.216-0500	DEBUG	protocol/handler.go:1591	have processed broadcast	{"{round 20 3  <nil>}": {"Key":"from","Type":15,"Integer":0,"String":"b","Interface":null}}
2025-08-15T22:13:38.217-0500	DEBUG	protocol/handler.go:1591	have processed broadcast	{"{round 20 3  <nil>}": {"Key":"from","Type":15,"Integer":0,"String":"c","Interface":null}}
2025-08-15T22:13:38.217-0500	DEBUG	protocol/handler.go:1649	have all messages and processed	{"{round 20 3  <nil>}": {"Key":"self","Type":15,"Integer":0,"String":"a","Interface":null}}
2025-08-15T22:13:38.217-0500	DEBUG	protocol/handler.go:596	round already finalized
2025-08-15T22:13:38.217-0500	DEBUG	protocol/handler.go:581	tryAdvanceRound called	{"{current_round 20 3  <nil>}": {"Key":"self","Type":15,"Integer":0,"String":"b","Interface":null}}
2025-08-15T22:13:38.217-0500	DEBUG	protocol/handler.go:1591	have processed broadcast	{"{round 20 3  <nil>}": {"Key":"from","Type":15,"Integer":0,"String":"a","Interface":null}}
2025-08-15T22:13:38.217-0500	DEBUG	protocol/handler.go:1591	have processed broadcast	{"{round 20 3  <nil>}": {"Key":"from","Type":15,"Integer":0,"String":"c","Interface":null}}
2025-08-15T22:13:38.217-0500	DEBUG	protocol/handler.go:1649	have all messages and processed	{"{round 20 3  <nil>}": {"Key":"self","Type":15,"Integer":0,"String":"b","Interface":null}}
2025-08-15T22:13:38.217-0500	DEBUG	protocol/handler.go:596	round already finalized
2025-08-15T22:13:38.229-0500	DEBUG	protocol/handler.go:581	tryAdvanceRound called	{"{current_round 20 3  <nil>}": {"Key":"self","Type":15,"Integer":0,"String":"a","Interface":null}}
2025-08-15T22:13:38.230-0500	DEBUG	protocol/handler.go:1591	have processed broadcast	{"{round 20 3  <nil>}": {"Key":"from","Type":15,"Integer":0,"String":"b","Interface":null}}
2025-08-15T22:13:38.230-0500	DEBUG	protocol/handler.go:1591	have processed broadcast	{"{round 20 3  <nil>}": {"Key":"from","Type":15,"Integer":0,"String":"c","Interface":null}}
2025-08-15T22:13:38.230-0500	DEBUG	protocol/handler.go:1649	have all messages and processed	{"{round 20 3  <nil>}": {"Key":"self","Type":15,"Integer":0,"String":"a","Interface":null}}
2025-08-15T22:13:38.230-0500	DEBUG	protocol/handler.go:596	round already finalized
2025-08-15T22:13:38.252-0500	DEBUG	protocol/handler.go:581	tryAdvanceRound called	{"{current_round 20 3  <nil>}": {"Key":"self","Type":15,"Integer":0,"String":"b","Interface":null}}
2025-08-15T22:13:38.254-0500	DEBUG	protocol/handler.go:1591	have processed broadcast	{"{round 20 3  <nil>}": {"Key":"from","Type":15,"Integer":0,"String":"a","Interface":null}}
2025-08-15T22:13:38.254-0500	DEBUG	protocol/handler.go:1591	have processed broadcast	{"{round 20 3  <nil>}": {"Key":"from","Type":15,"Integer":0,"String":"c","Interface":null}}
2025-08-15T22:13:38.254-0500	DEBUG	protocol/handler.go:1649	have all messages and processed	{"{round 20 3  <nil>}": {"Key":"self","Type":15,"Integer":0,"String":"b","Interface":null}}
2025-08-15T22:13:38.254-0500	DEBUG	protocol/handler.go:596	round already finalized
2025-08-15T22:13:38.254-0500	DEBUG	protocol/handler.go:581	tryAdvanceRound called	{"{current_round 20 3  <nil>}": {"Key":"self","Type":15,"Integer":0,"String":"b","Interface":null}}
2025-08-15T22:13:38.254-0500	DEBUG	protocol/handler.go:1591	have processed broadcast	{"{round 20 3  <nil>}": {"Key":"from","Type":15,"Integer":0,"String":"a","Interface":null}}
2025-08-15T22:13:38.255-0500	DEBUG	protocol/handler.go:1591	have processed broadcast	{"{round 20 3  <nil>}": {"Key":"from","Type":15,"Integer":0,"String":"c","Interface":null}}
2025-08-15T22:13:38.255-0500	DEBUG	protocol/handler.go:1649	have all messages and processed	{"{round 20 3  <nil>}": {"Key":"self","Type":15,"Integer":0,"String":"b","Interface":null}}
2025-08-15T22:13:38.255-0500	DEBUG	protocol/handler.go:596	round already finalized
2025-08-15T22:13:38.255-0500	DEBUG	protocol/handler.go:581	tryAdvanceRound called	{"{current_round 20 3  <nil>}": {"Key":"self","Type":15,"Integer":0,"String":"c","Interface":null}}
2025-08-15T22:13:38.255-0500	DEBUG	protocol/handler.go:1591	have processed broadcast	{"{round 20 3  <nil>}": {"Key":"from","Type":15,"Integer":0,"String":"a","Interface":null}}
2025-08-15T22:13:38.255-0500	DEBUG	protocol/handler.go:1591	have processed broadcast	{"{round 20 3  <nil>}": {"Key":"from","Type":15,"Integer":0,"String":"b","Interface":null}}
2025-08-15T22:13:38.255-0500	DEBUG	protocol/handler.go:1649	have all messages and processed	{"{round 20 3  <nil>}": {"Key":"self","Type":15,"Integer":0,"String":"c","Interface":null}}
2025-08-15T22:13:38.255-0500	DEBUG	protocol/handler.go:596	round already finalized
2025-08-15T22:13:38.255-0500	DEBUG	protocol/handler.go:581	tryAdvanceRound called	{"{current_round 20 3  <nil>}": {"Key":"self","Type":15,"Integer":0,"String":"c","Interface":null}}
2025-08-15T22:13:38.255-0500	DEBUG	protocol/handler.go:1591	have processed broadcast	{"{round 20 3  <nil>}": {"Key":"from","Type":15,"Integer":0,"String":"a","Interface":null}}
2025-08-15T22:13:38.255-0500	DEBUG	protocol/handler.go:1591	have processed broadcast	{"{round 20 3  <nil>}": {"Key":"from","Type":15,"Integer":0,"String":"b","Interface":null}}
2025-08-15T22:13:38.255-0500	DEBUG	protocol/handler.go:1649	have all messages and processed	{"{round 20 3  <nil>}": {"Key":"self","Type":15,"Integer":0,"String":"c","Interface":null}}
2025-08-15T22:13:38.255-0500	DEBUG	protocol/handler.go:596	round already finalized
2025-08-15T22:13:38.255-0500	DEBUG	protocol/handler.go:581	tryAdvanceRound called	{"{current_round 20 3  <nil>}": {"Key":"self","Type":15,"Integer":0,"String":"a","Interface":null}}
2025-08-15T22:13:38.255-0500	DEBUG	protocol/handler.go:1591	have processed broadcast	{"{round 20 3  <nil>}": {"Key":"from","Type":15,"Integer":0,"String":"b","Interface":null}}
2025-08-15T22:13:38.255-0500	DEBUG	protocol/handler.go:1591	have processed broadcast	{"{round 20 3  <nil>}": {"Key":"from","Type":15,"Integer":0,"String":"c","Interface":null}}
2025-08-15T22:13:38.255-0500	DEBUG	protocol/handler.go:1649	have all messages and processed	{"{round 20 3  <nil>}": {"Key":"self","Type":15,"Integer":0,"String":"a","Interface":null}}
2025-08-15T22:13:38.255-0500	DEBUG	protocol/handler.go:596	round already finalized
2025-08-15T22:13:38.280-0500	DEBUG	protocol/handler.go:581	tryAdvanceRound called	{"{current_round 20 3  <nil>}": {"Key":"self","Type":15,"Integer":0,"String":"c","Interface":null}}
2025-08-15T22:13:38.280-0500	DEBUG	protocol/handler.go:1591	have processed broadcast	{"{round 20 3  <nil>}": {"Key":"from","Type":15,"Integer":0,"String":"a","Interface":null}}
2025-08-15T22:13:38.281-0500	DEBUG	protocol/handler.go:1591	have processed broadcast	{"{round 20 3  <nil>}": {"Key":"from","Type":15,"Integer":0,"String":"b","Interface":null}}
2025-08-15T22:13:38.281-0500	DEBUG	protocol/handler.go:1649	have all messages and processed	{"{round 20 3  <nil>}": {"Key":"self","Type":15,"Integer":0,"String":"c","Interface":null}}
2025-08-15T22:13:38.281-0500	DEBUG	protocol/handler.go:596	round already finalized
2025-08-15T22:13:38.281-0500	DEBUG	protocol/handler.go:581	tryAdvanceRound called	{"{current_round 20 3  <nil>}": {"Key":"self","Type":15,"Integer":0,"String":"b","Interface":null}}
2025-08-15T22:13:38.290-0500	DEBUG	protocol/handler.go:1591	have processed broadcast	{"{round 20 3  <nil>}": {"Key":"from","Type":15,"Integer":0,"String":"a","Interface":null}}
2025-08-15T22:13:38.290-0500	DEBUG	protocol/handler.go:1591	have processed broadcast	{"{round 20 3  <nil>}": {"Key":"from","Type":15,"Integer":0,"String":"c","Interface":null}}
2025-08-15T22:13:38.291-0500	DEBUG	protocol/handler.go:1649	have all messages and processed	{"{round 20 3  <nil>}": {"Key":"self","Type":15,"Integer":0,"String":"b","Interface":null}}
2025-08-15T22:13:38.291-0500	DEBUG	protocol/handler.go:596	round already finalized
2025-08-15T22:13:38.295-0500	DEBUG	protocol/handler.go:581	tryAdvanceRound called	{"{current_round 20 3  <nil>}": {"Key":"self","Type":15,"Integer":0,"String":"b","Interface":null}}
2025-08-15T22:13:38.319-0500	DEBUG	protocol/handler.go:1591	have processed broadcast	{"{round 20 3  <nil>}": {"Key":"from","Type":15,"Integer":0,"String":"a","Interface":null}}
2025-08-15T22:13:38.319-0500	DEBUG	protocol/handler.go:1591	have processed broadcast	{"{round 20 3  <nil>}": {"Key":"from","Type":15,"Integer":0,"String":"c","Interface":null}}
2025-08-15T22:13:38.325-0500	DEBUG	protocol/handler.go:1649	have all messages and processed	{"{round 20 3  <nil>}": {"Key":"self","Type":15,"Integer":0,"String":"b","Interface":null}}
2025-08-15T22:13:38.328-0500	DEBUG	protocol/handler.go:596	round already finalized
2025-08-15T22:13:38.328-0500	DEBUG	protocol/handler.go:581	tryAdvanceRound called	{"{current_round 20 3  <nil>}": {"Key":"self","Type":15,"Integer":0,"String":"b","Interface":null}}
2025-08-15T22:13:38.337-0500	DEBUG	protocol/handler.go:1591	have processed broadcast	{"{round 20 3  <nil>}": {"Key":"from","Type":15,"Integer":0,"String":"a","Interface":null}}
2025-08-15T22:13:38.302-0500	DEBUG	protocol/handler.go:581	tryAdvanceRound called	{"{current_round 20 3  <nil>}": {"Key":"self","Type":15,"Integer":0,"String":"c","Interface":null}}
2025-08-15T22:13:38.302-0500	DEBUG	protocol/handler.go:581	tryAdvanceRound called	{"{current_round 20 3  <nil>}": {"Key":"self","Type":15,"Integer":0,"String":"a","Interface":null}}
2025-08-15T22:13:38.405-0500	DEBUG	protocol/handler.go:1591	have processed broadcast	{"{round 20 3  <nil>}": {"Key":"from","Type":15,"Integer":0,"String":"b","Interface":null}}
2025-08-15T22:13:38.405-0500	DEBUG	protocol/handler.go:1591	have processed broadcast	{"{round 20 3  <nil>}": {"Key":"from","Type":15,"Integer":0,"String":"c","Interface":null}}
2025-08-15T22:13:38.431-0500	DEBUG	protocol/handler.go:1591	have processed broadcast	{"{round 20 3  <nil>}": {"Key":"from","Type":15,"Integer":0,"String":"c","Interface":null}}
2025-08-15T22:13:38.431-0500	DEBUG	protocol/handler.go:1649	have all messages and processed	{"{round 20 3  <nil>}": {"Key":"self","Type":15,"Integer":0,"String":"b","Interface":null}}
2025-08-15T22:13:38.432-0500	DEBUG	protocol/handler.go:596	round already finalized
2025-08-15T22:13:38.432-0500	DEBUG	protocol/handler.go:581	tryAdvanceRound called	{"{current_round 20 3  <nil>}": {"Key":"self","Type":15,"Integer":0,"String":"b","Interface":null}}
2025-08-15T22:13:38.432-0500	DEBUG	protocol/handler.go:1591	have processed broadcast	{"{round 20 3  <nil>}": {"Key":"from","Type":15,"Integer":0,"String":"a","Interface":null}}
2025-08-15T22:13:38.432-0500	DEBUG	protocol/handler.go:1591	have processed broadcast	{"{round 20 3  <nil>}": {"Key":"from","Type":15,"Integer":0,"String":"c","Interface":null}}
2025-08-15T22:13:38.432-0500	DEBUG	protocol/handler.go:1649	have all messages and processed	{"{round 20 3  <nil>}": {"Key":"self","Type":15,"Integer":0,"String":"b","Interface":null}}
2025-08-15T22:13:38.432-0500	DEBUG	protocol/handler.go:596	round already finalized
2025-08-15T22:13:38.432-0500	DEBUG	protocol/handler.go:1591	have processed broadcast	{"{round 20 3  <nil>}": {"Key":"from","Type":15,"Integer":0,"String":"a","Interface":null}}
2025-08-15T22:13:38.432-0500	DEBUG	protocol/handler.go:1591	have processed broadcast	{"{round 20 3  <nil>}": {"Key":"from","Type":15,"Integer":0,"String":"b","Interface":null}}
2025-08-15T22:13:38.437-0500	DEBUG	protocol/handler.go:1649	have all messages and processed	{"{round 20 3  <nil>}": {"Key":"self","Type":15,"Integer":0,"String":"c","Interface":null}}
2025-08-15T22:13:38.444-0500	DEBUG	protocol/handler.go:596	round already finalized
2025-08-15T22:13:38.444-0500	DEBUG	protocol/handler.go:581	tryAdvanceRound called	{"{current_round 20 3  <nil>}": {"Key":"self","Type":15,"Integer":0,"String":"c","Interface":null}}
2025-08-15T22:13:38.445-0500	DEBUG	protocol/handler.go:1591	have processed broadcast	{"{round 20 3  <nil>}": {"Key":"from","Type":15,"Integer":0,"String":"a","Interface":null}}
2025-08-15T22:13:38.445-0500	DEBUG	protocol/handler.go:1591	have processed broadcast	{"{round 20 3  <nil>}": {"Key":"from","Type":15,"Integer":0,"String":"b","Interface":null}}
2025-08-15T22:13:38.445-0500	DEBUG	protocol/handler.go:1649	have all messages and processed	{"{round 20 3  <nil>}": {"Key":"self","Type":15,"Integer":0,"String":"c","Interface":null}}
2025-08-15T22:13:38.445-0500	DEBUG	protocol/handler.go:596	round already finalized
2025-08-15T22:13:38.445-0500	DEBUG	protocol/handler.go:581	tryAdvanceRound called	{"{current_round 20 3  <nil>}": {"Key":"self","Type":15,"Integer":0,"String":"b","Interface":null}}
2025-08-15T22:13:38.445-0500	DEBUG	protocol/handler.go:1591	have processed broadcast	{"{round 20 3  <nil>}": {"Key":"from","Type":15,"Integer":0,"String":"a","Interface":null}}
2025-08-15T22:13:38.445-0500	DEBUG	protocol/handler.go:1591	have processed broadcast	{"{round 20 3  <nil>}": {"Key":"from","Type":15,"Integer":0,"String":"c","Interface":null}}
2025-08-15T22:13:38.445-0500	DEBUG	protocol/handler.go:1649	have all messages and processed	{"{round 20 3  <nil>}": {"Key":"self","Type":15,"Integer":0,"String":"b","Interface":null}}
2025-08-15T22:13:38.445-0500	DEBUG	protocol/handler.go:596	round already finalized
2025-08-15T22:13:38.475-0500	DEBUG	protocol/handler.go:581	tryAdvanceRound called	{"{current_round 20 3  <nil>}": {"Key":"self","Type":15,"Integer":0,"String":"b","Interface":null}}
2025-08-15T22:13:38.475-0500	DEBUG	protocol/handler.go:1591	have processed broadcast	{"{round 20 3  <nil>}": {"Key":"from","Type":15,"Integer":0,"String":"a","Interface":null}}
2025-08-15T22:13:38.475-0500	DEBUG	protocol/handler.go:1591	have processed broadcast	{"{round 20 3  <nil>}": {"Key":"from","Type":15,"Integer":0,"String":"c","Interface":null}}
2025-08-15T22:13:38.475-0500	DEBUG	protocol/handler.go:1649	have all messages and processed	{"{round 20 3  <nil>}": {"Key":"self","Type":15,"Integer":0,"String":"b","Interface":null}}
2025-08-15T22:13:38.475-0500	DEBUG	protocol/handler.go:596	round already finalized
2025-08-15T22:13:38.475-0500	DEBUG	protocol/handler.go:581	tryAdvanceRound called	{"{current_round 20 3  <nil>}": {"Key":"self","Type":15,"Integer":0,"String":"b","Interface":null}}
2025-08-15T22:13:38.475-0500	DEBUG	protocol/handler.go:1591	have processed broadcast	{"{round 20 3  <nil>}": {"Key":"from","Type":15,"Integer":0,"String":"a","Interface":null}}
2025-08-15T22:13:38.475-0500	DEBUG	protocol/handler.go:1591	have processed broadcast	{"{round 20 3  <nil>}": {"Key":"from","Type":15,"Integer":0,"String":"c","Interface":null}}
2025-08-15T22:13:38.475-0500	DEBUG	protocol/handler.go:1649	have all messages and processed	{"{round 20 3  <nil>}": {"Key":"self","Type":15,"Integer":0,"String":"b","Interface":null}}
2025-08-15T22:13:38.475-0500	DEBUG	protocol/handler.go:596	round already finalized
2025-08-15T22:13:38.475-0500	DEBUG	protocol/handler.go:581	tryAdvanceRound called	{"{current_round 20 3  <nil>}": {"Key":"self","Type":15,"Integer":0,"String":"c","Interface":null}}
2025-08-15T22:13:38.475-0500	DEBUG	protocol/handler.go:1591	have processed broadcast	{"{round 20 3  <nil>}": {"Key":"from","Type":15,"Integer":0,"String":"a","Interface":null}}
2025-08-15T22:13:38.475-0500	DEBUG	protocol/handler.go:1591	have processed broadcast	{"{round 20 3  <nil>}": {"Key":"from","Type":15,"Integer":0,"String":"b","Interface":null}}
2025-08-15T22:13:38.475-0500	DEBUG	protocol/handler.go:1649	have all messages and processed	{"{round 20 3  <nil>}": {"Key":"self","Type":15,"Integer":0,"String":"c","Interface":null}}
2025-08-15T22:13:38.475-0500	DEBUG	protocol/handler.go:596	round already finalized
2025-08-15T22:13:38.475-0500	DEBUG	protocol/handler.go:581	tryAdvanceRound called	{"{current_round 20 3  <nil>}": {"Key":"self","Type":15,"Integer":0,"String":"c","Interface":null}}
2025-08-15T22:13:38.476-0500	DEBUG	protocol/handler.go:1591	have processed broadcast	{"{round 20 3  <nil>}": {"Key":"from","Type":15,"Integer":0,"String":"a","Interface":null}}
2025-08-15T22:13:38.476-0500	DEBUG	protocol/handler.go:1591	have processed broadcast	{"{round 20 3  <nil>}": {"Key":"from","Type":15,"Integer":0,"String":"b","Interface":null}}
2025-08-15T22:13:38.476-0500	DEBUG	protocol/handler.go:1649	have all messages and processed	{"{round 20 3  <nil>}": {"Key":"self","Type":15,"Integer":0,"String":"c","Interface":null}}
2025-08-15T22:13:38.476-0500	DEBUG	protocol/handler.go:596	round already finalized
2025-08-15T22:13:38.410-0500	DEBUG	protocol/handler.go:1649	have all messages and processed	{"{round 20 3  <nil>}": {"Key":"self","Type":15,"Integer":0,"String":"a","Interface":null}}
2025-08-15T22:13:38.476-0500	DEBUG	protocol/handler.go:596	round already finalized
2025-08-15T22:13:38.476-0500	DEBUG	protocol/handler.go:581	tryAdvanceRound called	{"{current_round 20 3  <nil>}": {"Key":"self","Type":15,"Integer":0,"String":"a","Interface":null}}
2025-08-15T22:13:38.476-0500	DEBUG	protocol/handler.go:1591	have processed broadcast	{"{round 20 3  <nil>}": {"Key":"from","Type":15,"Integer":0,"String":"b","Interface":null}}
2025-08-15T22:13:38.476-0500	DEBUG	protocol/handler.go:1591	have processed broadcast	{"{round 20 3  <nil>}": {"Key":"from","Type":15,"Integer":0,"String":"c","Interface":null}}
2025-08-15T22:13:38.476-0500	DEBUG	protocol/handler.go:1649	have all messages and processed	{"{round 20 3  <nil>}": {"Key":"self","Type":15,"Integer":0,"String":"a","Interface":null}}
2025-08-15T22:13:38.476-0500	DEBUG	protocol/handler.go:596	round already finalized
2025-08-15T22:13:38.499-0500	DEBUG	protocol/handler.go:581	tryAdvanceRound called	{"{current_round 20 3  <nil>}": {"Key":"self","Type":15,"Integer":0,"String":"b","Interface":null}}
2025-08-15T22:13:38.499-0500	DEBUG	protocol/handler.go:1591	have processed broadcast	{"{round 20 3  <nil>}": {"Key":"from","Type":15,"Integer":0,"String":"a","Interface":null}}
2025-08-15T22:13:38.499-0500	DEBUG	protocol/handler.go:1591	have processed broadcast	{"{round 20 3  <nil>}": {"Key":"from","Type":15,"Integer":0,"String":"c","Interface":null}}
2025-08-15T22:13:38.506-0500	DEBUG	protocol/handler.go:1649	have all messages and processed	{"{round 20 3  <nil>}": {"Key":"self","Type":15,"Integer":0,"String":"b","Interface":null}}
2025-08-15T22:13:38.506-0500	DEBUG	protocol/handler.go:596	round already finalized
2025-08-15T22:13:38.506-0500	DEBUG	protocol/handler.go:581	tryAdvanceRound called	{"{current_round 20 3  <nil>}": {"Key":"self","Type":15,"Integer":0,"String":"a","Interface":null}}
2025-08-15T22:13:38.506-0500	DEBUG	protocol/handler.go:1591	have processed broadcast	{"{round 20 3  <nil>}": {"Key":"from","Type":15,"Integer":0,"String":"b","Interface":null}}
2025-08-15T22:13:38.507-0500	DEBUG	protocol/handler.go:1591	have processed broadcast	{"{round 20 3  <nil>}": {"Key":"from","Type":15,"Integer":0,"String":"c","Interface":null}}
2025-08-15T22:13:38.507-0500	DEBUG	protocol/handler.go:1649	have all messages and processed	{"{round 20 3  <nil>}": {"Key":"self","Type":15,"Integer":0,"String":"a","Interface":null}}
2025-08-15T22:13:38.507-0500	DEBUG	protocol/handler.go:596	round already finalized
2025-08-15T22:13:38.507-0500	DEBUG	protocol/handler.go:581	tryAdvanceRound called	{"{current_round 20 3  <nil>}": {"Key":"self","Type":15,"Integer":0,"String":"a","Interface":null}}
2025-08-15T22:13:38.507-0500	DEBUG	protocol/handler.go:1591	have processed broadcast	{"{round 20 3  <nil>}": {"Key":"from","Type":15,"Integer":0,"String":"b","Interface":null}}
2025-08-15T22:13:38.507-0500	DEBUG	protocol/handler.go:1591	have processed broadcast	{"{round 20 3  <nil>}": {"Key":"from","Type":15,"Integer":0,"String":"c","Interface":null}}
2025-08-15T22:13:38.507-0500	DEBUG	protocol/handler.go:1649	have all messages and processed	{"{round 20 3  <nil>}": {"Key":"self","Type":15,"Integer":0,"String":"a","Interface":null}}
2025-08-15T22:13:38.507-0500	DEBUG	protocol/handler.go:596	round already finalized
2025-08-15T22:13:38.507-0500	DEBUG	protocol/handler.go:581	tryAdvanceRound called	{"{current_round 20 3  <nil>}": {"Key":"self","Type":15,"Integer":0,"String":"c","Interface":null}}
2025-08-15T22:13:38.507-0500	DEBUG	protocol/handler.go:1591	have processed broadcast	{"{round 20 3  <nil>}": {"Key":"from","Type":15,"Integer":0,"String":"a","Interface":null}}
2025-08-15T22:13:38.507-0500	DEBUG	protocol/handler.go:1591	have processed broadcast	{"{round 20 3  <nil>}": {"Key":"from","Type":15,"Integer":0,"String":"b","Interface":null}}
2025-08-15T22:13:38.507-0500	DEBUG	protocol/handler.go:1649	have all messages and processed	{"{round 20 3  <nil>}": {"Key":"self","Type":15,"Integer":0,"String":"c","Interface":null}}
2025-08-15T22:13:38.507-0500	DEBUG	protocol/handler.go:596	round already finalized
2025-08-15T22:13:38.513-0500	DEBUG	protocol/handler.go:581	tryAdvanceRound called	{"{current_round 20 3  <nil>}": {"Key":"self","Type":15,"Integer":0,"String":"c","Interface":null}}
2025-08-15T22:13:38.522-0500	DEBUG	protocol/handler.go:581	tryAdvanceRound called	{"{current_round 20 3  <nil>}": {"Key":"self","Type":15,"Integer":0,"String":"a","Interface":null}}
2025-08-15T22:13:38.522-0500	DEBUG	protocol/handler.go:1591	have processed broadcast	{"{round 20 3  <nil>}": {"Key":"from","Type":15,"Integer":0,"String":"b","Interface":null}}
2025-08-15T22:13:38.522-0500	DEBUG	protocol/handler.go:1591	have processed broadcast	{"{round 20 3  <nil>}": {"Key":"from","Type":15,"Integer":0,"String":"c","Interface":null}}
2025-08-15T22:13:38.522-0500	DEBUG	protocol/handler.go:1649	have all messages and processed	{"{round 20 3  <nil>}": {"Key":"self","Type":15,"Integer":0,"String":"a","Interface":null}}
2025-08-15T22:13:38.522-0500	DEBUG	protocol/handler.go:596	round already finalized
2025-08-15T22:13:38.522-0500	DEBUG	protocol/handler.go:581	tryAdvanceRound called	{"{current_round 20 3  <nil>}": {"Key":"self","Type":15,"Integer":0,"String":"b","Interface":null}}
2025-08-15T22:13:38.522-0500	DEBUG	protocol/handler.go:1591	have processed broadcast	{"{round 20 3  <nil>}": {"Key":"from","Type":15,"Integer":0,"String":"a","Interface":null}}
2025-08-15T22:13:38.522-0500	DEBUG	protocol/handler.go:1591	have processed broadcast	{"{round 20 3  <nil>}": {"Key":"from","Type":15,"Integer":0,"String":"c","Interface":null}}
2025-08-15T22:13:38.522-0500	DEBUG	protocol/handler.go:1649	have all messages and processed	{"{round 20 3  <nil>}": {"Key":"self","Type":15,"Integer":0,"String":"b","Interface":null}}
2025-08-15T22:13:38.522-0500	DEBUG	protocol/handler.go:596	round already finalized
2025-08-15T22:13:38.522-0500	DEBUG	protocol/handler.go:581	tryAdvanceRound called	{"{current_round 20 3  <nil>}": {"Key":"self","Type":15,"Integer":0,"String":"b","Interface":null}}
2025-08-15T22:13:38.522-0500	DEBUG	protocol/handler.go:1591	have processed broadcast	{"{round 20 3  <nil>}": {"Key":"from","Type":15,"Integer":0,"String":"a","Interface":null}}
2025-08-15T22:13:38.522-0500	DEBUG	protocol/handler.go:1591	have processed broadcast	{"{round 20 3  <nil>}": {"Key":"from","Type":15,"Integer":0,"String":"c","Interface":null}}
2025-08-15T22:13:38.522-0500	DEBUG	protocol/handler.go:1649	have all messages and processed	{"{round 20 3  <nil>}": {"Key":"self","Type":15,"Integer":0,"String":"b","Interface":null}}
2025-08-15T22:13:38.522-0500	DEBUG	protocol/handler.go:596	round already finalized
2025-08-15T22:13:38.548-0500	DEBUG	protocol/handler.go:581	tryAdvanceRound called	{"{current_round 20 3  <nil>}": {"Key":"self","Type":15,"Integer":0,"String":"a","Interface":null}}
2025-08-15T22:13:38.550-0500	DEBUG	protocol/handler.go:1591	have processed broadcast	{"{round 20 3  <nil>}": {"Key":"from","Type":15,"Integer":0,"String":"b","Interface":null}}
2025-08-15T22:13:38.550-0500	DEBUG	protocol/handler.go:1591	have processed broadcast	{"{round 20 3  <nil>}": {"Key":"from","Type":15,"Integer":0,"String":"c","Interface":null}}
2025-08-15T22:13:38.550-0500	DEBUG	protocol/handler.go:1649	have all messages and processed	{"{round 20 3  <nil>}": {"Key":"self","Type":15,"Integer":0,"String":"a","Interface":null}}
2025-08-15T22:13:38.550-0500	DEBUG	protocol/handler.go:596	round already finalized
2025-08-15T22:13:38.519-0500	DEBUG	protocol/handler.go:1591	have processed broadcast	{"{round 20 3  <nil>}": {"Key":"from","Type":15,"Integer":0,"String":"a","Interface":null}}
2025-08-15T22:13:38.571-0500	DEBUG	protocol/handler.go:581	tryAdvanceRound called	{"{current_round 20 3  <nil>}": {"Key":"self","Type":15,"Integer":0,"String":"a","Interface":null}}
2025-08-15T22:13:38.580-0500	DEBUG	protocol/handler.go:1591	have processed broadcast	{"{round 20 3  <nil>}": {"Key":"from","Type":15,"Integer":0,"String":"b","Interface":null}}
2025-08-15T22:13:38.580-0500	DEBUG	protocol/handler.go:1591	have processed broadcast	{"{round 20 3  <nil>}": {"Key":"from","Type":15,"Integer":0,"String":"c","Interface":null}}
2025-08-15T22:13:38.580-0500	DEBUG	protocol/handler.go:1649	have all messages and processed	{"{round 20 3  <nil>}": {"Key":"self","Type":15,"Integer":0,"String":"a","Interface":null}}
2025-08-15T22:13:38.580-0500	DEBUG	protocol/handler.go:596	round already finalized
2025-08-15T22:13:38.580-0500	DEBUG	protocol/handler.go:581	tryAdvanceRound called	{"{current_round 20 3  <nil>}": {"Key":"self","Type":15,"Integer":0,"String":"a","Interface":null}}
2025-08-15T22:13:38.580-0500	DEBUG	protocol/handler.go:1591	have processed broadcast	{"{round 20 3  <nil>}": {"Key":"from","Type":15,"Integer":0,"String":"b","Interface":null}}
2025-08-15T22:13:38.580-0500	DEBUG	protocol/handler.go:1591	have processed broadcast	{"{round 20 3  <nil>}": {"Key":"from","Type":15,"Integer":0,"String":"c","Interface":null}}
2025-08-15T22:13:38.580-0500	DEBUG	protocol/handler.go:1649	have all messages and processed	{"{round 20 3  <nil>}": {"Key":"self","Type":15,"Integer":0,"String":"a","Interface":null}}
2025-08-15T22:13:38.580-0500	DEBUG	protocol/handler.go:596	round already finalized
2025-08-15T22:13:38.598-0500	DEBUG	protocol/handler.go:581	tryAdvanceRound called	{"{current_round 20 3  <nil>}": {"Key":"self","Type":15,"Integer":0,"String":"a","Interface":null}}
2025-08-15T22:13:38.598-0500	DEBUG	protocol/handler.go:1591	have processed broadcast	{"{round 20 3  <nil>}": {"Key":"from","Type":15,"Integer":0,"String":"b","Interface":null}}
2025-08-15T22:13:38.599-0500	DEBUG	protocol/handler.go:1591	have processed broadcast	{"{round 20 3  <nil>}": {"Key":"from","Type":15,"Integer":0,"String":"c","Interface":null}}
2025-08-15T22:13:38.599-0500	DEBUG	protocol/handler.go:1649	have all messages and processed	{"{round 20 3  <nil>}": {"Key":"self","Type":15,"Integer":0,"String":"a","Interface":null}}
2025-08-15T22:13:38.599-0500	DEBUG	protocol/handler.go:596	round already finalized
2025-08-15T22:13:38.625-0500	DEBUG	protocol/handler.go:581	tryAdvanceRound called	{"{current_round 20 3  <nil>}": {"Key":"self","Type":15,"Integer":0,"String":"a","Interface":null}}
2025-08-15T22:13:38.625-0500	DEBUG	protocol/handler.go:1591	have processed broadcast	{"{round 20 3  <nil>}": {"Key":"from","Type":15,"Integer":0,"String":"b","Interface":null}}
2025-08-15T22:13:38.625-0500	DEBUG	protocol/handler.go:1591	have processed broadcast	{"{round 20 3  <nil>}": {"Key":"from","Type":15,"Integer":0,"String":"c","Interface":null}}
2025-08-15T22:13:38.625-0500	DEBUG	protocol/handler.go:1649	have all messages and processed	{"{round 20 3  <nil>}": {"Key":"self","Type":15,"Integer":0,"String":"a","Interface":null}}
2025-08-15T22:13:38.625-0500	DEBUG	protocol/handler.go:596	round already finalized
2025-08-15T22:13:38.629-0500	DEBUG	protocol/handler.go:581	tryAdvanceRound called	{"{current_round 20 3  <nil>}": {"Key":"self","Type":15,"Integer":0,"String":"b","Interface":null}}
2025-08-15T22:13:38.636-0500	DEBUG	protocol/handler.go:1591	have processed broadcast	{"{round 20 3  <nil>}": {"Key":"from","Type":15,"Integer":0,"String":"a","Interface":null}}
2025-08-15T22:13:38.636-0500	DEBUG	protocol/handler.go:1591	have processed broadcast	{"{round 20 3  <nil>}": {"Key":"from","Type":15,"Integer":0,"String":"c","Interface":null}}
2025-08-15T22:13:38.575-0500	DEBUG	protocol/handler.go:1591	have processed broadcast	{"{round 20 3  <nil>}": {"Key":"from","Type":15,"Integer":0,"String":"b","Interface":null}}
2025-08-15T22:13:38.636-0500	DEBUG	protocol/handler.go:1649	have all messages and processed	{"{round 20 3  <nil>}": {"Key":"self","Type":15,"Integer":0,"String":"b","Interface":null}}
2025-08-15T22:13:38.636-0500	DEBUG	protocol/handler.go:1649	have all messages and processed	{"{round 20 3  <nil>}": {"Key":"self","Type":15,"Integer":0,"String":"c","Interface":null}}
2025-08-15T22:13:38.636-0500	DEBUG	protocol/handler.go:596	round already finalized
2025-08-15T22:13:38.636-0500	DEBUG	protocol/handler.go:596	round already finalized
2025-08-15T22:13:38.636-0500	DEBUG	protocol/handler.go:581	tryAdvanceRound called	{"{current_round 20 3  <nil>}": {"Key":"self","Type":15,"Integer":0,"String":"b","Interface":null}}
2025-08-15T22:13:38.636-0500	DEBUG	protocol/handler.go:1591	have processed broadcast	{"{round 20 3  <nil>}": {"Key":"from","Type":15,"Integer":0,"String":"a","Interface":null}}
2025-08-15T22:13:38.636-0500	DEBUG	protocol/handler.go:581	tryAdvanceRound called	{"{current_round 20 3  <nil>}": {"Key":"self","Type":15,"Integer":0,"String":"c","Interface":null}}
2025-08-15T22:13:38.637-0500	DEBUG	protocol/handler.go:1591	have processed broadcast	{"{round 20 3  <nil>}": {"Key":"from","Type":15,"Integer":0,"String":"c","Interface":null}}
2025-08-15T22:13:38.637-0500	DEBUG	protocol/handler.go:1649	have all messages and processed	{"{round 20 3  <nil>}": {"Key":"self","Type":15,"Integer":0,"String":"b","Interface":null}}
2025-08-15T22:13:38.637-0500	DEBUG	protocol/handler.go:596	round already finalized
2025-08-15T22:13:38.637-0500	DEBUG	protocol/handler.go:1591	have processed broadcast	{"{round 20 3  <nil>}": {"Key":"from","Type":15,"Integer":0,"String":"a","Interface":null}}
2025-08-15T22:13:38.637-0500	DEBUG	protocol/handler.go:1591	have processed broadcast	{"{round 20 3  <nil>}": {"Key":"from","Type":15,"Integer":0,"String":"b","Interface":null}}
2025-08-15T22:13:38.637-0500	DEBUG	protocol/handler.go:1649	have all messages and processed	{"{round 20 3  <nil>}": {"Key":"self","Type":15,"Integer":0,"String":"c","Interface":null}}
2025-08-15T22:13:38.637-0500	DEBUG	protocol/handler.go:596	round already finalized
2025-08-15T22:13:38.651-0500	DEBUG	protocol/handler.go:581	tryAdvanceRound called	{"{current_round 20 3  <nil>}": {"Key":"self","Type":15,"Integer":0,"String":"c","Interface":null}}
2025-08-15T22:13:38.652-0500	DEBUG	protocol/handler.go:1591	have processed broadcast	{"{round 20 3  <nil>}": {"Key":"from","Type":15,"Integer":0,"String":"a","Interface":null}}
2025-08-15T22:13:38.652-0500	DEBUG	protocol/handler.go:1591	have processed broadcast	{"{round 20 3  <nil>}": {"Key":"from","Type":15,"Integer":0,"String":"b","Interface":null}}
2025-08-15T22:13:38.652-0500	DEBUG	protocol/handler.go:1649	have all messages and processed	{"{round 20 3  <nil>}": {"Key":"self","Type":15,"Integer":0,"String":"c","Interface":null}}
2025-08-15T22:13:38.652-0500	DEBUG	protocol/handler.go:596	round already finalized
2025-08-15T22:13:38.666-0500	DEBUG	protocol/handler.go:581	tryAdvanceRound called	{"{current_round 20 3  <nil>}": {"Key":"self","Type":15,"Integer":0,"String":"a","Interface":null}}
2025-08-15T22:13:38.673-0500	DEBUG	protocol/handler.go:1591	have processed broadcast	{"{round 20 3  <nil>}": {"Key":"from","Type":15,"Integer":0,"String":"b","Interface":null}}
2025-08-15T22:13:38.673-0500	DEBUG	protocol/handler.go:1591	have processed broadcast	{"{round 20 3  <nil>}": {"Key":"from","Type":15,"Integer":0,"String":"c","Interface":null}}
2025-08-15T22:13:38.673-0500	DEBUG	protocol/handler.go:1649	have all messages and processed	{"{round 20 3  <nil>}": {"Key":"self","Type":15,"Integer":0,"String":"a","Interface":null}}
2025-08-15T22:13:38.673-0500	DEBUG	protocol/handler.go:596	round already finalized
2025-08-15T22:13:38.673-0500	DEBUG	protocol/handler.go:581	tryAdvanceRound called	{"{current_round 20 3  <nil>}": {"Key":"self","Type":15,"Integer":0,"String":"a","Interface":null}}
2025-08-15T22:13:38.673-0500	DEBUG	protocol/handler.go:1591	have processed broadcast	{"{round 20 3  <nil>}": {"Key":"from","Type":15,"Integer":0,"String":"b","Interface":null}}
2025-08-15T22:13:38.673-0500	DEBUG	protocol/handler.go:1591	have processed broadcast	{"{round 20 3  <nil>}": {"Key":"from","Type":15,"Integer":0,"String":"c","Interface":null}}
2025-08-15T22:13:38.673-0500	DEBUG	protocol/handler.go:1649	have all messages and processed	{"{round 20 3  <nil>}": {"Key":"self","Type":15,"Integer":0,"String":"a","Interface":null}}
2025-08-15T22:13:38.673-0500	DEBUG	protocol/handler.go:596	round already finalized
2025-08-15T22:13:38.674-0500	DEBUG	protocol/handler.go:581	tryAdvanceRound called	{"{current_round 20 3  <nil>}": {"Key":"self","Type":15,"Integer":0,"String":"c","Interface":null}}
2025-08-15T22:13:38.674-0500	DEBUG	protocol/handler.go:581	tryAdvanceRound called	{"{current_round 20 3  <nil>}": {"Key":"self","Type":15,"Integer":0,"String":"b","Interface":null}}
2025-08-15T22:13:38.674-0500	DEBUG	protocol/handler.go:1591	have processed broadcast	{"{round 20 3  <nil>}": {"Key":"from","Type":15,"Integer":0,"String":"a","Interface":null}}
2025-08-15T22:13:38.674-0500	DEBUG	protocol/handler.go:1591	have processed broadcast	{"{round 20 3  <nil>}": {"Key":"from","Type":15,"Integer":0,"String":"a","Interface":null}}
2025-08-15T22:13:38.674-0500	DEBUG	protocol/handler.go:1591	have processed broadcast	{"{round 20 3  <nil>}": {"Key":"from","Type":15,"Integer":0,"String":"b","Interface":null}}
2025-08-15T22:13:38.674-0500	DEBUG	protocol/handler.go:1649	have all messages and processed	{"{round 20 3  <nil>}": {"Key":"self","Type":15,"Integer":0,"String":"c","Interface":null}}
2025-08-15T22:13:38.674-0500	DEBUG	protocol/handler.go:596	round already finalized
2025-08-15T22:13:38.674-0500	DEBUG	protocol/handler.go:1591	have processed broadcast	{"{round 20 3  <nil>}": {"Key":"from","Type":15,"Integer":0,"String":"c","Interface":null}}
2025-08-15T22:13:38.686-0500	DEBUG	protocol/handler.go:1649	have all messages and processed	{"{round 20 3  <nil>}": {"Key":"self","Type":15,"Integer":0,"String":"b","Interface":null}}
2025-08-15T22:13:38.686-0500	DEBUG	protocol/handler.go:581	tryAdvanceRound called	{"{current_round 20 3  <nil>}": {"Key":"self","Type":15,"Integer":0,"String":"a","Interface":null}}
2025-08-15T22:13:38.686-0500	DEBUG	protocol/handler.go:596	round already finalized
2025-08-15T22:13:38.686-0500	DEBUG	protocol/handler.go:581	tryAdvanceRound called	{"{current_round 20 3  <nil>}": {"Key":"self","Type":15,"Integer":0,"String":"b","Interface":null}}
2025-08-15T22:13:38.686-0500	DEBUG	protocol/handler.go:1591	have processed broadcast	{"{round 20 3  <nil>}": {"Key":"from","Type":15,"Integer":0,"String":"b","Interface":null}}
2025-08-15T22:13:38.686-0500	DEBUG	protocol/handler.go:1591	have processed broadcast	{"{round 20 3  <nil>}": {"Key":"from","Type":15,"Integer":0,"String":"c","Interface":null}}
2025-08-15T22:13:38.686-0500	DEBUG	protocol/handler.go:1591	have processed broadcast	{"{round 20 3  <nil>}": {"Key":"from","Type":15,"Integer":0,"String":"a","Interface":null}}
2025-08-15T22:13:38.686-0500	DEBUG	protocol/handler.go:1649	have all messages and processed	{"{round 20 3  <nil>}": {"Key":"self","Type":15,"Integer":0,"String":"a","Interface":null}}
2025-08-15T22:13:38.686-0500	DEBUG	protocol/handler.go:596	round already finalized
2025-08-15T22:13:38.686-0500	DEBUG	protocol/handler.go:581	tryAdvanceRound called	{"{current_round 20 3  <nil>}": {"Key":"self","Type":15,"Integer":0,"String":"c","Interface":null}}
2025-08-15T22:13:38.686-0500	DEBUG	protocol/handler.go:1591	have processed broadcast	{"{round 20 3  <nil>}": {"Key":"from","Type":15,"Integer":0,"String":"a","Interface":null}}
2025-08-15T22:13:38.686-0500	DEBUG	protocol/handler.go:1591	have processed broadcast	{"{round 20 3  <nil>}": {"Key":"from","Type":15,"Integer":0,"String":"b","Interface":null}}
2025-08-15T22:13:38.686-0500	DEBUG	protocol/handler.go:1649	have all messages and processed	{"{round 20 3  <nil>}": {"Key":"self","Type":15,"Integer":0,"String":"c","Interface":null}}
2025-08-15T22:13:38.686-0500	DEBUG	protocol/handler.go:596	round already finalized
2025-08-15T22:13:38.702-0500	DEBUG	protocol/handler.go:581	tryAdvanceRound called	{"{current_round 20 3  <nil>}": {"Key":"self","Type":15,"Integer":0,"String":"a","Interface":null}}
2025-08-15T22:13:38.702-0500	DEBUG	protocol/handler.go:1591	have processed broadcast	{"{round 20 3  <nil>}": {"Key":"from","Type":15,"Integer":0,"String":"b","Interface":null}}
2025-08-15T22:13:38.702-0500	DEBUG	protocol/handler.go:1591	have processed broadcast	{"{round 20 3  <nil>}": {"Key":"from","Type":15,"Integer":0,"String":"c","Interface":null}}
2025-08-15T22:13:38.702-0500	DEBUG	protocol/handler.go:1649	have all messages and processed	{"{round 20 3  <nil>}": {"Key":"self","Type":15,"Integer":0,"String":"a","Interface":null}}
2025-08-15T22:13:38.702-0500	DEBUG	protocol/handler.go:596	round already finalized
2025-08-15T22:13:38.713-0500	DEBUG	protocol/handler.go:581	tryAdvanceRound called	{"{current_round 20 3  <nil>}": {"Key":"self","Type":15,"Integer":0,"String":"c","Interface":null}}
2025-08-15T22:13:38.713-0500	DEBUG	protocol/handler.go:581	tryAdvanceRound called	{"{current_round 20 3  <nil>}": {"Key":"self","Type":15,"Integer":0,"String":"a","Interface":null}}
2025-08-15T22:13:38.751-0500	DEBUG	protocol/handler.go:1591	have processed broadcast	{"{round 20 3  <nil>}": {"Key":"from","Type":15,"Integer":0,"String":"b","Interface":null}}
2025-08-15T22:13:38.751-0500	DEBUG	protocol/handler.go:1591	have processed broadcast	{"{round 20 3  <nil>}": {"Key":"from","Type":15,"Integer":0,"String":"c","Interface":null}}
2025-08-15T22:13:38.751-0500	DEBUG	protocol/handler.go:1649	have all messages and processed	{"{round 20 3  <nil>}": {"Key":"self","Type":15,"Integer":0,"String":"a","Interface":null}}
2025-08-15T22:13:38.751-0500	DEBUG	protocol/handler.go:596	round already finalized
2025-08-15T22:13:38.752-0500	DEBUG	protocol/handler.go:581	tryAdvanceRound called	{"{current_round 20 3  <nil>}": {"Key":"self","Type":15,"Integer":0,"String":"a","Interface":null}}
2025-08-15T22:13:38.752-0500	DEBUG	protocol/handler.go:1591	have processed broadcast	{"{round 20 3  <nil>}": {"Key":"from","Type":15,"Integer":0,"String":"b","Interface":null}}
2025-08-15T22:13:38.752-0500	DEBUG	protocol/handler.go:1591	have processed broadcast	{"{round 20 3  <nil>}": {"Key":"from","Type":15,"Integer":0,"String":"c","Interface":null}}
2025-08-15T22:13:38.752-0500	DEBUG	protocol/handler.go:1649	have all messages and processed	{"{round 20 3  <nil>}": {"Key":"self","Type":15,"Integer":0,"String":"a","Interface":null}}
2025-08-15T22:13:38.752-0500	DEBUG	protocol/handler.go:596	round already finalized
2025-08-15T22:13:38.713-0500	DEBUG	protocol/handler.go:1591	have processed broadcast	{"{round 20 3  <nil>}": {"Key":"from","Type":15,"Integer":0,"String":"a","Interface":null}}
2025-08-15T22:13:38.752-0500	DEBUG	protocol/handler.go:1591	have processed broadcast	{"{round 20 3  <nil>}": {"Key":"from","Type":15,"Integer":0,"String":"b","Interface":null}}
2025-08-15T22:13:38.752-0500	DEBUG	protocol/handler.go:1649	have all messages and processed	{"{round 20 3  <nil>}": {"Key":"self","Type":15,"Integer":0,"String":"c","Interface":null}}
2025-08-15T22:13:38.753-0500	DEBUG	protocol/handler.go:596	round already finalized
2025-08-15T22:13:38.753-0500	DEBUG	protocol/handler.go:581	tryAdvanceRound called	{"{current_round 20 3  <nil>}": {"Key":"self","Type":15,"Integer":0,"String":"c","Interface":null}}
2025-08-15T22:13:38.753-0500	DEBUG	protocol/handler.go:1591	have processed broadcast	{"{round 20 3  <nil>}": {"Key":"from","Type":15,"Integer":0,"String":"a","Interface":null}}
2025-08-15T22:13:38.753-0500	DEBUG	protocol/handler.go:1591	have processed broadcast	{"{round 20 3  <nil>}": {"Key":"from","Type":15,"Integer":0,"String":"b","Interface":null}}
2025-08-15T22:13:38.753-0500	DEBUG	protocol/handler.go:1649	have all messages and processed	{"{round 20 3  <nil>}": {"Key":"self","Type":15,"Integer":0,"String":"c","Interface":null}}
2025-08-15T22:13:38.686-0500	DEBUG	protocol/handler.go:1591	have processed broadcast	{"{round 20 3  <nil>}": {"Key":"from","Type":15,"Integer":0,"String":"c","Interface":null}}
2025-08-15T22:13:38.753-0500	DEBUG	protocol/handler.go:1649	have all messages and processed	{"{round 20 3  <nil>}": {"Key":"self","Type":15,"Integer":0,"String":"b","Interface":null}}
2025-08-15T22:13:38.753-0500	DEBUG	protocol/handler.go:596	round already finalized
2025-08-15T22:13:38.753-0500	DEBUG	protocol/handler.go:581	tryAdvanceRound called	{"{current_round 20 3  <nil>}": {"Key":"self","Type":15,"Integer":0,"String":"b","Interface":null}}
2025-08-15T22:13:38.753-0500	DEBUG	protocol/handler.go:1591	have processed broadcast	{"{round 20 3  <nil>}": {"Key":"from","Type":15,"Integer":0,"String":"a","Interface":null}}
2025-08-15T22:13:38.754-0500	DEBUG	protocol/handler.go:1591	have processed broadcast	{"{round 20 3  <nil>}": {"Key":"from","Type":15,"Integer":0,"String":"c","Interface":null}}
2025-08-15T22:13:38.754-0500	DEBUG	protocol/handler.go:1649	have all messages and processed	{"{round 20 3  <nil>}": {"Key":"self","Type":15,"Integer":0,"String":"b","Interface":null}}
2025-08-15T22:13:38.754-0500	DEBUG	protocol/handler.go:596	round already finalized
2025-08-15T22:13:38.753-0500	DEBUG	protocol/handler.go:596	round already finalized
2025-08-15T22:13:38.772-0500	DEBUG	protocol/handler.go:581	tryAdvanceRound called	{"{current_round 20 3  <nil>}": {"Key":"self","Type":15,"Integer":0,"String":"a","Interface":null}}
2025-08-15T22:13:38.772-0500	DEBUG	protocol/handler.go:1591	have processed broadcast	{"{round 20 3  <nil>}": {"Key":"from","Type":15,"Integer":0,"String":"b","Interface":null}}
2025-08-15T22:13:38.772-0500	DEBUG	protocol/handler.go:1591	have processed broadcast	{"{round 20 3  <nil>}": {"Key":"from","Type":15,"Integer":0,"String":"c","Interface":null}}
2025-08-15T22:13:38.772-0500	DEBUG	protocol/handler.go:1649	have all messages and processed	{"{round 20 3  <nil>}": {"Key":"self","Type":15,"Integer":0,"String":"a","Interface":null}}
2025-08-15T22:13:38.772-0500	DEBUG	protocol/handler.go:596	round already finalized
2025-08-15T22:13:38.773-0500	DEBUG	protocol/handler.go:581	tryAdvanceRound called	{"{current_round 20 3  <nil>}": {"Key":"self","Type":15,"Integer":0,"String":"c","Interface":null}}
2025-08-15T22:13:38.776-0500	DEBUG	protocol/handler.go:1591	have processed broadcast	{"{round 20 3  <nil>}": {"Key":"from","Type":15,"Integer":0,"String":"a","Interface":null}}
2025-08-15T22:13:38.776-0500	DEBUG	protocol/handler.go:1591	have processed broadcast	{"{round 20 3  <nil>}": {"Key":"from","Type":15,"Integer":0,"String":"b","Interface":null}}
2025-08-15T22:13:38.776-0500	DEBUG	protocol/handler.go:1649	have all messages and processed	{"{round 20 3  <nil>}": {"Key":"self","Type":15,"Integer":0,"String":"c","Interface":null}}
2025-08-15T22:13:38.776-0500	DEBUG	protocol/handler.go:596	round already finalized
2025-08-15T22:13:38.797-0500	DEBUG	protocol/handler.go:581	tryAdvanceRound called	{"{current_round 20 3  <nil>}": {"Key":"self","Type":15,"Integer":0,"String":"c","Interface":null}}
2025-08-15T22:13:38.797-0500	DEBUG	protocol/handler.go:1591	have processed broadcast	{"{round 20 3  <nil>}": {"Key":"from","Type":15,"Integer":0,"String":"a","Interface":null}}
2025-08-15T22:13:38.797-0500	DEBUG	protocol/handler.go:1591	have processed broadcast	{"{round 20 3  <nil>}": {"Key":"from","Type":15,"Integer":0,"String":"b","Interface":null}}
2025-08-15T22:13:38.798-0500	DEBUG	protocol/handler.go:1649	have all messages and processed	{"{round 20 3  <nil>}": {"Key":"self","Type":15,"Integer":0,"String":"c","Interface":null}}
2025-08-15T22:13:38.798-0500	DEBUG	protocol/handler.go:596	round already finalized
2025-08-15T22:13:38.798-0500	DEBUG	protocol/handler.go:581	tryAdvanceRound called	{"{current_round 20 3  <nil>}": {"Key":"self","Type":15,"Integer":0,"String":"b","Interface":null}}
2025-08-15T22:13:38.798-0500	DEBUG	protocol/handler.go:1591	have processed broadcast	{"{round 20 3  <nil>}": {"Key":"from","Type":15,"Integer":0,"String":"a","Interface":null}}
2025-08-15T22:13:38.799-0500	DEBUG	protocol/handler.go:1591	have processed broadcast	{"{round 20 3  <nil>}": {"Key":"from","Type":15,"Integer":0,"String":"c","Interface":null}}
2025-08-15T22:13:38.799-0500	DEBUG	protocol/handler.go:1649	have all messages and processed	{"{round 20 3  <nil>}": {"Key":"self","Type":15,"Integer":0,"String":"b","Interface":null}}
2025-08-15T22:13:38.799-0500	DEBUG	protocol/handler.go:596	round already finalized
2025-08-15T22:13:38.799-0500	DEBUG	protocol/handler.go:581	tryAdvanceRound called	{"{current_round 20 3  <nil>}": {"Key":"self","Type":15,"Integer":0,"String":"b","Interface":null}}
2025-08-15T22:13:38.799-0500	DEBUG	protocol/handler.go:1591	have processed broadcast	{"{round 20 3  <nil>}": {"Key":"from","Type":15,"Integer":0,"String":"a","Interface":null}}
2025-08-15T22:13:38.799-0500	DEBUG	protocol/handler.go:1591	have processed broadcast	{"{round 20 3  <nil>}": {"Key":"from","Type":15,"Integer":0,"String":"c","Interface":null}}
2025-08-15T22:13:38.799-0500	DEBUG	protocol/handler.go:1649	have all messages and processed	{"{round 20 3  <nil>}": {"Key":"self","Type":15,"Integer":0,"String":"b","Interface":null}}
2025-08-15T22:13:38.799-0500	DEBUG	protocol/handler.go:596	round already finalized
2025-08-15T22:13:38.820-0500	DEBUG	protocol/handler.go:581	tryAdvanceRound called	{"{current_round 20 3  <nil>}": {"Key":"self","Type":15,"Integer":0,"String":"c","Interface":null}}
2025-08-15T22:13:38.820-0500	DEBUG	protocol/handler.go:1591	have processed broadcast	{"{round 20 3  <nil>}": {"Key":"from","Type":15,"Integer":0,"String":"a","Interface":null}}
2025-08-15T22:13:38.820-0500	DEBUG	protocol/handler.go:1591	have processed broadcast	{"{round 20 3  <nil>}": {"Key":"from","Type":15,"Integer":0,"String":"b","Interface":null}}
2025-08-15T22:13:38.820-0500	DEBUG	protocol/handler.go:1649	have all messages and processed	{"{round 20 3  <nil>}": {"Key":"self","Type":15,"Integer":0,"String":"c","Interface":null}}
2025-08-15T22:13:38.820-0500	DEBUG	protocol/handler.go:596	round already finalized
2025-08-15T22:13:38.843-0500	DEBUG	protocol/handler.go:581	tryAdvanceRound called	{"{current_round 20 3  <nil>}": {"Key":"self","Type":15,"Integer":0,"String":"c","Interface":null}}
2025-08-15T22:13:38.843-0500	DEBUG	protocol/handler.go:1591	have processed broadcast	{"{round 20 3  <nil>}": {"Key":"from","Type":15,"Integer":0,"String":"a","Interface":null}}
2025-08-15T22:13:38.843-0500	DEBUG	protocol/handler.go:1591	have processed broadcast	{"{round 20 3  <nil>}": {"Key":"from","Type":15,"Integer":0,"String":"b","Interface":null}}
2025-08-15T22:13:38.843-0500	DEBUG	protocol/handler.go:1649	have all messages and processed	{"{round 20 3  <nil>}": {"Key":"self","Type":15,"Integer":0,"String":"c","Interface":null}}
2025-08-15T22:13:38.843-0500	DEBUG	protocol/handler.go:596	round already finalized
2025-08-15T22:13:38.843-0500	DEBUG	protocol/handler.go:581	tryAdvanceRound called	{"{current_round 20 3  <nil>}": {"Key":"self","Type":15,"Integer":0,"String":"b","Interface":null}}
2025-08-15T22:13:38.843-0500	DEBUG	protocol/handler.go:1591	have processed broadcast	{"{round 20 3  <nil>}": {"Key":"from","Type":15,"Integer":0,"String":"a","Interface":null}}
2025-08-15T22:13:38.843-0500	DEBUG	protocol/handler.go:1591	have processed broadcast	{"{round 20 3  <nil>}": {"Key":"from","Type":15,"Integer":0,"String":"c","Interface":null}}
2025-08-15T22:13:38.843-0500	DEBUG	protocol/handler.go:1649	have all messages and processed	{"{round 20 3  <nil>}": {"Key":"self","Type":15,"Integer":0,"String":"b","Interface":null}}
2025-08-15T22:13:38.843-0500	DEBUG	protocol/handler.go:596	round already finalized
2025-08-15T22:13:38.843-0500	DEBUG	protocol/handler.go:581	tryAdvanceRound called	{"{current_round 20 3  <nil>}": {"Key":"self","Type":15,"Integer":0,"String":"b","Interface":null}}
2025-08-15T22:13:38.843-0500	DEBUG	protocol/handler.go:1591	have processed broadcast	{"{round 20 3  <nil>}": {"Key":"from","Type":15,"Integer":0,"String":"a","Interface":null}}
2025-08-15T22:13:38.843-0500	DEBUG	protocol/handler.go:1591	have processed broadcast	{"{round 20 3  <nil>}": {"Key":"from","Type":15,"Integer":0,"String":"c","Interface":null}}
2025-08-15T22:13:38.843-0500	DEBUG	protocol/handler.go:1649	have all messages and processed	{"{round 20 3  <nil>}": {"Key":"self","Type":15,"Integer":0,"String":"b","Interface":null}}
2025-08-15T22:13:38.843-0500	DEBUG	protocol/handler.go:596	round already finalized
2025-08-15T22:13:38.867-0500	DEBUG	protocol/handler.go:581	tryAdvanceRound called	{"{current_round 20 3  <nil>}": {"Key":"self","Type":15,"Integer":0,"String":"b","Interface":null}}
2025-08-15T22:13:38.867-0500	DEBUG	protocol/handler.go:1591	have processed broadcast	{"{round 20 3  <nil>}": {"Key":"from","Type":15,"Integer":0,"String":"a","Interface":null}}
2025-08-15T22:13:38.867-0500	DEBUG	protocol/handler.go:1591	have processed broadcast	{"{round 20 3  <nil>}": {"Key":"from","Type":15,"Integer":0,"String":"c","Interface":null}}
2025-08-15T22:13:38.867-0500	DEBUG	protocol/handler.go:1649	have all messages and processed	{"{round 20 3  <nil>}": {"Key":"self","Type":15,"Integer":0,"String":"b","Interface":null}}
2025-08-15T22:13:38.867-0500	DEBUG	protocol/handler.go:596	round already finalized
2025-08-15T22:13:38.879-0500	DEBUG	protocol/handler.go:581	tryAdvanceRound called	{"{current_round 20 3  <nil>}": {"Key":"self","Type":15,"Integer":0,"String":"c","Interface":null}}
2025-08-15T22:13:38.879-0500	DEBUG	protocol/handler.go:1591	have processed broadcast	{"{round 20 3  <nil>}": {"Key":"from","Type":15,"Integer":0,"String":"a","Interface":null}}
2025-08-15T22:13:38.879-0500	DEBUG	protocol/handler.go:1591	have processed broadcast	{"{round 20 3  <nil>}": {"Key":"from","Type":15,"Integer":0,"String":"b","Interface":null}}
2025-08-15T22:13:38.879-0500	DEBUG	protocol/handler.go:1649	have all messages and processed	{"{round 20 3  <nil>}": {"Key":"self","Type":15,"Integer":0,"String":"c","Interface":null}}
2025-08-15T22:13:38.879-0500	DEBUG	protocol/handler.go:596	round already finalized
2025-08-15T22:13:38.879-0500	DEBUG	protocol/handler.go:581	tryAdvanceRound called	{"{current_round 20 3  <nil>}": {"Key":"self","Type":15,"Integer":0,"String":"c","Interface":null}}
2025-08-15T22:13:38.880-0500	DEBUG	protocol/handler.go:1591	have processed broadcast	{"{round 20 3  <nil>}": {"Key":"from","Type":15,"Integer":0,"String":"a","Interface":null}}
2025-08-15T22:13:38.880-0500	DEBUG	protocol/handler.go:1591	have processed broadcast	{"{round 20 3  <nil>}": {"Key":"from","Type":15,"Integer":0,"String":"b","Interface":null}}
2025-08-15T22:13:38.880-0500	DEBUG	protocol/handler.go:1649	have all messages and processed	{"{round 20 3  <nil>}": {"Key":"self","Type":15,"Integer":0,"String":"c","Interface":null}}
2025-08-15T22:13:38.880-0500	DEBUG	protocol/handler.go:596	round already finalized
2025-08-15T22:13:38.902-0500	DEBUG	protocol/handler.go:581	tryAdvanceRound called	{"{current_round 20 3  <nil>}": {"Key":"self","Type":15,"Integer":0,"String":"c","Interface":null}}
2025-08-15T22:13:38.902-0500	DEBUG	protocol/handler.go:1591	have processed broadcast	{"{round 20 3  <nil>}": {"Key":"from","Type":15,"Integer":0,"String":"a","Interface":null}}
2025-08-15T22:13:38.902-0500	DEBUG	protocol/handler.go:1591	have processed broadcast	{"{round 20 3  <nil>}": {"Key":"from","Type":15,"Integer":0,"String":"b","Interface":null}}
2025-08-15T22:13:38.903-0500	DEBUG	protocol/handler.go:1649	have all messages and processed	{"{round 20 3  <nil>}": {"Key":"self","Type":15,"Integer":0,"String":"c","Interface":null}}
2025-08-15T22:13:38.903-0500	DEBUG	protocol/handler.go:596	round already finalized
2025-08-15T22:13:38.903-0500	DEBUG	protocol/handler.go:581	tryAdvanceRound called	{"{current_round 20 3  <nil>}": {"Key":"self","Type":15,"Integer":0,"String":"b","Interface":null}}
2025-08-15T22:13:38.903-0500	DEBUG	protocol/handler.go:1591	have processed broadcast	{"{round 20 3  <nil>}": {"Key":"from","Type":15,"Integer":0,"String":"a","Interface":null}}
2025-08-15T22:13:38.903-0500	DEBUG	protocol/handler.go:1591	have processed broadcast	{"{round 20 3  <nil>}": {"Key":"from","Type":15,"Integer":0,"String":"c","Interface":null}}
2025-08-15T22:13:38.903-0500	DEBUG	protocol/handler.go:1649	have all messages and processed	{"{round 20 3  <nil>}": {"Key":"self","Type":15,"Integer":0,"String":"b","Interface":null}}
2025-08-15T22:13:38.903-0500	DEBUG	protocol/handler.go:596	round already finalized
2025-08-15T22:13:38.903-0500	DEBUG	protocol/handler.go:581	tryAdvanceRound called	{"{current_round 20 3  <nil>}": {"Key":"self","Type":15,"Integer":0,"String":"b","Interface":null}}
2025-08-15T22:13:38.903-0500	DEBUG	protocol/handler.go:1591	have processed broadcast	{"{round 20 3  <nil>}": {"Key":"from","Type":15,"Integer":0,"String":"a","Interface":null}}
2025-08-15T22:13:38.903-0500	DEBUG	protocol/handler.go:1591	have processed broadcast	{"{round 20 3  <nil>}": {"Key":"from","Type":15,"Integer":0,"String":"c","Interface":null}}
2025-08-15T22:13:38.903-0500	DEBUG	protocol/handler.go:1649	have all messages and processed	{"{round 20 3  <nil>}": {"Key":"self","Type":15,"Integer":0,"String":"b","Interface":null}}
2025-08-15T22:13:38.903-0500	DEBUG	protocol/handler.go:596	round already finalized
2025-08-15T22:13:38.913-0500	DEBUG	protocol/handler.go:581	tryAdvanceRound called	{"{current_round 20 3  <nil>}": {"Key":"self","Type":15,"Integer":0,"String":"a","Interface":null}}
2025-08-15T22:13:38.913-0500	DEBUG	protocol/handler.go:1591	have processed broadcast	{"{round 20 3  <nil>}": {"Key":"from","Type":15,"Integer":0,"String":"b","Interface":null}}
2025-08-15T22:13:38.913-0500	DEBUG	protocol/handler.go:1591	have processed broadcast	{"{round 20 3  <nil>}": {"Key":"from","Type":15,"Integer":0,"String":"c","Interface":null}}
2025-08-15T22:13:38.918-0500	DEBUG	protocol/handler.go:1649	have all messages and processed	{"{round 20 3  <nil>}": {"Key":"self","Type":15,"Integer":0,"String":"a","Interface":null}}
2025-08-15T22:13:38.918-0500	DEBUG	protocol/handler.go:596	round already finalized
2025-08-15T22:13:38.918-0500	DEBUG	protocol/handler.go:581	tryAdvanceRound called	{"{current_round 20 3  <nil>}": {"Key":"self","Type":15,"Integer":0,"String":"a","Interface":null}}
2025-08-15T22:13:38.918-0500	DEBUG	protocol/handler.go:1591	have processed broadcast	{"{round 20 3  <nil>}": {"Key":"from","Type":15,"Integer":0,"String":"b","Interface":null}}
2025-08-15T22:13:38.947-0500	DEBUG	protocol/handler.go:581	tryAdvanceRound called	{"{current_round 20 3  <nil>}": {"Key":"self","Type":15,"Integer":0,"String":"c","Interface":null}}
2025-08-15T22:13:38.975-0500	DEBUG	protocol/handler.go:1591	have processed broadcast	{"{round 20 3  <nil>}": {"Key":"from","Type":15,"Integer":0,"String":"c","Interface":null}}
2025-08-15T22:13:38.975-0500	DEBUG	protocol/handler.go:1649	have all messages and processed	{"{round 20 3  <nil>}": {"Key":"self","Type":15,"Integer":0,"String":"a","Interface":null}}
2025-08-15T22:13:38.975-0500	DEBUG	protocol/handler.go:596	round already finalized
2025-08-15T22:13:38.975-0500	DEBUG	protocol/handler.go:581	tryAdvanceRound called	{"{current_round 20 3  <nil>}": {"Key":"self","Type":15,"Integer":0,"String":"a","Interface":null}}
2025-08-15T22:13:38.975-0500	DEBUG	protocol/handler.go:1591	have processed broadcast	{"{round 20 3  <nil>}": {"Key":"from","Type":15,"Integer":0,"String":"b","Interface":null}}
2025-08-15T22:13:39.025-0500	DEBUG	protocol/handler.go:581	tryAdvanceRound called	{"{current_round 20 3  <nil>}": {"Key":"self","Type":15,"Integer":0,"String":"b","Interface":null}}
2025-08-15T22:13:39.025-0500	DEBUG	protocol/handler.go:1591	have processed broadcast	{"{round 20 3  <nil>}": {"Key":"from","Type":15,"Integer":0,"String":"a","Interface":null}}
2025-08-15T22:13:39.025-0500	DEBUG	protocol/handler.go:1591	have processed broadcast	{"{round 20 3  <nil>}": {"Key":"from","Type":15,"Integer":0,"String":"c","Interface":null}}
2025-08-15T22:13:39.027-0500	DEBUG	protocol/handler.go:1649	have all messages and processed	{"{round 20 3  <nil>}": {"Key":"self","Type":15,"Integer":0,"String":"b","Interface":null}}
2025-08-15T22:13:39.027-0500	DEBUG	protocol/handler.go:596	round already finalized
2025-08-15T22:13:39.027-0500	DEBUG	protocol/handler.go:581	tryAdvanceRound called	{"{current_round 20 3  <nil>}": {"Key":"self","Type":15,"Integer":0,"String":"b","Interface":null}}
2025-08-15T22:13:39.027-0500	DEBUG	protocol/handler.go:1591	have processed broadcast	{"{round 20 3  <nil>}": {"Key":"from","Type":15,"Integer":0,"String":"a","Interface":null}}
2025-08-15T22:13:39.027-0500	DEBUG	protocol/handler.go:1591	have processed broadcast	{"{round 20 3  <nil>}": {"Key":"from","Type":15,"Integer":0,"String":"c","Interface":null}}
2025-08-15T22:13:39.027-0500	DEBUG	protocol/handler.go:1649	have all messages and processed	{"{round 20 3  <nil>}": {"Key":"self","Type":15,"Integer":0,"String":"b","Interface":null}}
2025-08-15T22:13:39.027-0500	DEBUG	protocol/handler.go:596	round already finalized
2025-08-15T22:13:39.035-0500	DEBUG	protocol/handler.go:1591	have processed broadcast	{"{round 20 3  <nil>}": {"Key":"from","Type":15,"Integer":0,"String":"a","Interface":null}}
2025-08-15T22:13:39.035-0500	DEBUG	protocol/handler.go:1591	have processed broadcast	{"{round 20 3  <nil>}": {"Key":"from","Type":15,"Integer":0,"String":"b","Interface":null}}
2025-08-15T22:13:39.035-0500	DEBUG	protocol/handler.go:1649	have all messages and processed	{"{round 20 3  <nil>}": {"Key":"self","Type":15,"Integer":0,"String":"c","Interface":null}}
2025-08-15T22:13:39.035-0500	DEBUG	protocol/handler.go:596	round already finalized
2025-08-15T22:13:39.035-0500	DEBUG	protocol/handler.go:581	tryAdvanceRound called	{"{current_round 20 3  <nil>}": {"Key":"self","Type":15,"Integer":0,"String":"c","Interface":null}}
2025-08-15T22:13:39.035-0500	DEBUG	protocol/handler.go:1591	have processed broadcast	{"{round 20 3  <nil>}": {"Key":"from","Type":15,"Integer":0,"String":"a","Interface":null}}
2025-08-15T22:13:39.035-0500	DEBUG	protocol/handler.go:1591	have processed broadcast	{"{round 20 3  <nil>}": {"Key":"from","Type":15,"Integer":0,"String":"b","Interface":null}}
2025-08-15T22:13:39.035-0500	DEBUG	protocol/handler.go:1649	have all messages and processed	{"{round 20 3  <nil>}": {"Key":"self","Type":15,"Integer":0,"String":"c","Interface":null}}
2025-08-15T22:13:39.035-0500	DEBUG	protocol/handler.go:596	round already finalized
2025-08-15T22:13:39.045-0500	DEBUG	protocol/handler.go:581	tryAdvanceRound called	{"{current_round 20 3  <nil>}": {"Key":"self","Type":15,"Integer":0,"String":"b","Interface":null}}
2025-08-15T22:13:39.045-0500	DEBUG	protocol/handler.go:1591	have processed broadcast	{"{round 20 3  <nil>}": {"Key":"from","Type":15,"Integer":0,"String":"a","Interface":null}}
2025-08-15T22:13:39.045-0500	DEBUG	protocol/handler.go:1591	have processed broadcast	{"{round 20 3  <nil>}": {"Key":"from","Type":15,"Integer":0,"String":"c","Interface":null}}
2025-08-15T22:13:39.045-0500	DEBUG	protocol/handler.go:1649	have all messages and processed	{"{round 20 3  <nil>}": {"Key":"self","Type":15,"Integer":0,"String":"b","Interface":null}}
2025-08-15T22:13:39.045-0500	DEBUG	protocol/handler.go:596	round already finalized
2025-08-15T22:13:38.975-0500	DEBUG	protocol/handler.go:1591	have processed broadcast	{"{round 20 3  <nil>}": {"Key":"from","Type":15,"Integer":0,"String":"c","Interface":null}}
2025-08-15T22:13:39.057-0500	DEBUG	protocol/handler.go:1649	have all messages and processed	{"{round 20 3  <nil>}": {"Key":"self","Type":15,"Integer":0,"String":"a","Interface":null}}
2025-08-15T22:13:39.057-0500	DEBUG	protocol/handler.go:596	round already finalized
2025-08-15T22:13:39.057-0500	DEBUG	protocol/handler.go:581	tryAdvanceRound called	{"{current_round 20 3  <nil>}": {"Key":"self","Type":15,"Integer":0,"String":"a","Interface":null}}
2025-08-15T22:13:39.057-0500	DEBUG	protocol/handler.go:1591	have processed broadcast	{"{round 20 3  <nil>}": {"Key":"from","Type":15,"Integer":0,"String":"b","Interface":null}}
2025-08-15T22:13:39.057-0500	DEBUG	protocol/handler.go:1591	have processed broadcast	{"{round 20 3  <nil>}": {"Key":"from","Type":15,"Integer":0,"String":"c","Interface":null}}
2025-08-15T22:13:39.057-0500	DEBUG	protocol/handler.go:1649	have all messages and processed	{"{round 20 3  <nil>}": {"Key":"self","Type":15,"Integer":0,"String":"a","Interface":null}}
2025-08-15T22:13:39.057-0500	DEBUG	protocol/handler.go:596	round already finalized
2025-08-15T22:13:39.074-0500	DEBUG	protocol/handler.go:581	tryAdvanceRound called	{"{current_round 20 3  <nil>}": {"Key":"self","Type":15,"Integer":0,"String":"b","Interface":null}}
2025-08-15T22:13:39.074-0500	DEBUG	protocol/handler.go:1591	have processed broadcast	{"{round 20 3  <nil>}": {"Key":"from","Type":15,"Integer":0,"String":"a","Interface":null}}
2025-08-15T22:13:39.074-0500	DEBUG	protocol/handler.go:1591	have processed broadcast	{"{round 20 3  <nil>}": {"Key":"from","Type":15,"Integer":0,"String":"c","Interface":null}}
2025-08-15T22:13:39.074-0500	DEBUG	protocol/handler.go:1649	have all messages and processed	{"{round 20 3  <nil>}": {"Key":"self","Type":15,"Integer":0,"String":"b","Interface":null}}
2025-08-15T22:13:39.074-0500	DEBUG	protocol/handler.go:596	round already finalized
2025-08-15T22:13:39.084-0500	DEBUG	protocol/handler.go:581	tryAdvanceRound called	{"{current_round 20 3  <nil>}": {"Key":"self","Type":15,"Integer":0,"String":"a","Interface":null}}
2025-08-15T22:13:39.096-0500	DEBUG	protocol/handler.go:581	tryAdvanceRound called	{"{current_round 20 3  <nil>}": {"Key":"self","Type":15,"Integer":0,"String":"b","Interface":null}}
2025-08-15T22:13:39.096-0500	DEBUG	protocol/handler.go:1591	have processed broadcast	{"{round 20 3  <nil>}": {"Key":"from","Type":15,"Integer":0,"String":"a","Interface":null}}
2025-08-15T22:13:39.096-0500	DEBUG	protocol/handler.go:1591	have processed broadcast	{"{round 20 3  <nil>}": {"Key":"from","Type":15,"Integer":0,"String":"c","Interface":null}}
2025-08-15T22:13:39.096-0500	DEBUG	protocol/handler.go:1649	have all messages and processed	{"{round 20 3  <nil>}": {"Key":"self","Type":15,"Integer":0,"String":"b","Interface":null}}
2025-08-15T22:13:39.097-0500	DEBUG	protocol/handler.go:596	round already finalized
2025-08-15T22:13:39.101-0500	DEBUG	protocol/handler.go:581	tryAdvanceRound called	{"{current_round 20 3  <nil>}": {"Key":"self","Type":15,"Integer":0,"String":"c","Interface":null}}
2025-08-15T22:13:39.113-0500	DEBUG	protocol/handler.go:581	tryAdvanceRound called	{"{current_round 20 3  <nil>}": {"Key":"self","Type":15,"Integer":0,"String":"b","Interface":null}}
2025-08-15T22:13:39.113-0500	DEBUG	protocol/handler.go:1591	have processed broadcast	{"{round 20 3  <nil>}": {"Key":"from","Type":15,"Integer":0,"String":"a","Interface":null}}
2025-08-15T22:13:39.113-0500	DEBUG	protocol/handler.go:1591	have processed broadcast	{"{round 20 3  <nil>}": {"Key":"from","Type":15,"Integer":0,"String":"c","Interface":null}}
2025-08-15T22:13:39.122-0500	DEBUG	protocol/handler.go:1649	have all messages and processed	{"{round 20 3  <nil>}": {"Key":"self","Type":15,"Integer":0,"String":"b","Interface":null}}
2025-08-15T22:13:39.122-0500	DEBUG	protocol/handler.go:596	round already finalized
2025-08-15T22:13:39.122-0500	DEBUG	protocol/handler.go:581	tryAdvanceRound called	{"{current_round 20 3  <nil>}": {"Key":"self","Type":15,"Integer":0,"String":"b","Interface":null}}
2025-08-15T22:13:39.122-0500	DEBUG	protocol/handler.go:1591	have processed broadcast	{"{round 20 3  <nil>}": {"Key":"from","Type":15,"Integer":0,"String":"a","Interface":null}}
2025-08-15T22:13:39.122-0500	DEBUG	protocol/handler.go:1591	have processed broadcast	{"{round 20 3  <nil>}": {"Key":"from","Type":15,"Integer":0,"String":"c","Interface":null}}
2025-08-15T22:13:39.122-0500	DEBUG	protocol/handler.go:1649	have all messages and processed	{"{round 20 3  <nil>}": {"Key":"self","Type":15,"Integer":0,"String":"b","Interface":null}}
2025-08-15T22:13:39.122-0500	DEBUG	protocol/handler.go:596	round already finalized
2025-08-15T22:13:39.135-0500	DEBUG	protocol/handler.go:581	tryAdvanceRound called	{"{current_round 20 3  <nil>}": {"Key":"self","Type":15,"Integer":0,"String":"b","Interface":null}}
2025-08-15T22:13:39.135-0500	DEBUG	protocol/handler.go:1591	have processed broadcast	{"{round 20 3  <nil>}": {"Key":"from","Type":15,"Integer":0,"String":"b","Interface":null}}
2025-08-15T22:13:39.135-0500	DEBUG	protocol/handler.go:1591	have processed broadcast	{"{round 20 3  <nil>}": {"Key":"from","Type":15,"Integer":0,"String":"a","Interface":null}}
2025-08-15T22:13:39.135-0500	DEBUG	protocol/handler.go:1591	have processed broadcast	{"{round 20 3  <nil>}": {"Key":"from","Type":15,"Integer":0,"String":"c","Interface":null}}
2025-08-15T22:13:39.135-0500	DEBUG	protocol/handler.go:1649	have all messages and processed	{"{round 20 3  <nil>}": {"Key":"self","Type":15,"Integer":0,"String":"a","Interface":null}}
2025-08-15T22:13:39.135-0500	DEBUG	protocol/handler.go:1591	have processed broadcast	{"{round 20 3  <nil>}": {"Key":"from","Type":15,"Integer":0,"String":"c","Interface":null}}
2025-08-15T22:13:39.135-0500	DEBUG	protocol/handler.go:596	round already finalized
2025-08-15T22:13:39.135-0500	DEBUG	protocol/handler.go:1649	have all messages and processed	{"{round 20 3  <nil>}": {"Key":"self","Type":15,"Integer":0,"String":"b","Interface":null}}
2025-08-15T22:13:39.135-0500	DEBUG	protocol/handler.go:581	tryAdvanceRound called	{"{current_round 20 3  <nil>}": {"Key":"self","Type":15,"Integer":0,"String":"a","Interface":null}}
2025-08-15T22:13:39.135-0500	DEBUG	protocol/handler.go:596	round already finalized
2025-08-15T22:13:39.135-0500	DEBUG	protocol/handler.go:1591	have processed broadcast	{"{round 20 3  <nil>}": {"Key":"from","Type":15,"Integer":0,"String":"b","Interface":null}}
2025-08-15T22:13:39.135-0500	DEBUG	protocol/handler.go:1591	have processed broadcast	{"{round 20 3  <nil>}": {"Key":"from","Type":15,"Integer":0,"String":"c","Interface":null}}
2025-08-15T22:13:39.135-0500	DEBUG	protocol/handler.go:1649	have all messages and processed	{"{round 20 3  <nil>}": {"Key":"self","Type":15,"Integer":0,"String":"a","Interface":null}}
2025-08-15T22:13:39.135-0500	DEBUG	protocol/handler.go:596	round already finalized
2025-08-15T22:13:39.156-0500	DEBUG	protocol/handler.go:581	tryAdvanceRound called	{"{current_round 20 3  <nil>}": {"Key":"self","Type":15,"Integer":0,"String":"a","Interface":null}}
2025-08-15T22:13:39.156-0500	DEBUG	protocol/handler.go:1591	have processed broadcast	{"{round 20 3  <nil>}": {"Key":"from","Type":15,"Integer":0,"String":"b","Interface":null}}
2025-08-15T22:13:39.156-0500	DEBUG	protocol/handler.go:1591	have processed broadcast	{"{round 20 3  <nil>}": {"Key":"from","Type":15,"Integer":0,"String":"c","Interface":null}}
2025-08-15T22:13:39.156-0500	DEBUG	protocol/handler.go:1649	have all messages and processed	{"{round 20 3  <nil>}": {"Key":"self","Type":15,"Integer":0,"String":"a","Interface":null}}
2025-08-15T22:13:39.157-0500	DEBUG	protocol/handler.go:596	round already finalized
2025-08-15T22:13:39.164-0500	DEBUG	protocol/handler.go:581	tryAdvanceRound called	{"{current_round 20 3  <nil>}": {"Key":"self","Type":15,"Integer":0,"String":"b","Interface":null}}
2025-08-15T22:13:39.167-0500	DEBUG	protocol/handler.go:1591	have processed broadcast	{"{round 20 3  <nil>}": {"Key":"from","Type":15,"Integer":0,"String":"a","Interface":null}}
2025-08-15T22:13:39.167-0500	DEBUG	protocol/handler.go:1591	have processed broadcast	{"{round 20 3  <nil>}": {"Key":"from","Type":15,"Integer":0,"String":"c","Interface":null}}
2025-08-15T22:13:39.167-0500	DEBUG	protocol/handler.go:1649	have all messages and processed	{"{round 20 3  <nil>}": {"Key":"self","Type":15,"Integer":0,"String":"b","Interface":null}}
2025-08-15T22:13:39.167-0500	DEBUG	protocol/handler.go:596	round already finalized
2025-08-15T22:13:39.101-0500	DEBUG	protocol/handler.go:1591	have processed broadcast	{"{round 20 3  <nil>}": {"Key":"from","Type":15,"Integer":0,"String":"a","Interface":null}}
2025-08-15T22:13:39.167-0500	DEBUG	protocol/handler.go:1591	have processed broadcast	{"{round 20 3  <nil>}": {"Key":"from","Type":15,"Integer":0,"String":"b","Interface":null}}
2025-08-15T22:13:39.167-0500	DEBUG	protocol/handler.go:1649	have all messages and processed	{"{round 20 3  <nil>}": {"Key":"self","Type":15,"Integer":0,"String":"c","Interface":null}}
2025-08-15T22:13:39.167-0500	DEBUG	protocol/handler.go:596	round already finalized
2025-08-15T22:13:39.167-0500	DEBUG	protocol/handler.go:581	tryAdvanceRound called	{"{current_round 20 3  <nil>}": {"Key":"self","Type":15,"Integer":0,"String":"c","Interface":null}}
2025-08-15T22:13:39.167-0500	DEBUG	protocol/handler.go:1591	have processed broadcast	{"{round 20 3  <nil>}": {"Key":"from","Type":15,"Integer":0,"String":"a","Interface":null}}
2025-08-15T22:13:39.168-0500	DEBUG	protocol/handler.go:1591	have processed broadcast	{"{round 20 3  <nil>}": {"Key":"from","Type":15,"Integer":0,"String":"b","Interface":null}}
2025-08-15T22:13:39.168-0500	DEBUG	protocol/handler.go:1649	have all messages and processed	{"{round 20 3  <nil>}": {"Key":"self","Type":15,"Integer":0,"String":"c","Interface":null}}
2025-08-15T22:13:39.168-0500	DEBUG	protocol/handler.go:596	round already finalized
2025-08-15T22:13:39.182-0500	DEBUG	protocol/handler.go:581	tryAdvanceRound called	{"{current_round 20 3  <nil>}": {"Key":"self","Type":15,"Integer":0,"String":"b","Interface":null}}
2025-08-15T22:13:39.182-0500	DEBUG	protocol/handler.go:1591	have processed broadcast	{"{round 20 3  <nil>}": {"Key":"from","Type":15,"Integer":0,"String":"a","Interface":null}}
2025-08-15T22:13:39.182-0500	DEBUG	protocol/handler.go:1591	have processed broadcast	{"{round 20 3  <nil>}": {"Key":"from","Type":15,"Integer":0,"String":"c","Interface":null}}
2025-08-15T22:13:39.182-0500	DEBUG	protocol/handler.go:1649	have all messages and processed	{"{round 20 3  <nil>}": {"Key":"self","Type":15,"Integer":0,"String":"b","Interface":null}}
2025-08-15T22:13:39.182-0500	DEBUG	protocol/handler.go:596	round already finalized
2025-08-15T22:13:39.203-0500	DEBUG	protocol/handler.go:581	tryAdvanceRound called	{"{current_round 20 3  <nil>}": {"Key":"self","Type":15,"Integer":0,"String":"b","Interface":null}}
2025-08-15T22:13:39.204-0500	DEBUG	protocol/handler.go:1591	have processed broadcast	{"{round 20 3  <nil>}": {"Key":"from","Type":15,"Integer":0,"String":"a","Interface":null}}
2025-08-15T22:13:39.204-0500	DEBUG	protocol/handler.go:1591	have processed broadcast	{"{round 20 3  <nil>}": {"Key":"from","Type":15,"Integer":0,"String":"c","Interface":null}}
2025-08-15T22:13:39.204-0500	DEBUG	protocol/handler.go:1649	have all messages and processed	{"{round 20 3  <nil>}": {"Key":"self","Type":15,"Integer":0,"String":"b","Interface":null}}
2025-08-15T22:13:39.204-0500	DEBUG	protocol/handler.go:596	round already finalized
2025-08-15T22:13:39.204-0500	DEBUG	protocol/handler.go:581	tryAdvanceRound called	{"{current_round 20 3  <nil>}": {"Key":"self","Type":15,"Integer":0,"String":"c","Interface":null}}
2025-08-15T22:13:39.204-0500	DEBUG	protocol/handler.go:1591	have processed broadcast	{"{round 20 3  <nil>}": {"Key":"from","Type":15,"Integer":0,"String":"a","Interface":null}}
2025-08-15T22:13:39.204-0500	DEBUG	protocol/handler.go:1591	have processed broadcast	{"{round 20 3  <nil>}": {"Key":"from","Type":15,"Integer":0,"String":"b","Interface":null}}
2025-08-15T22:13:39.204-0500	DEBUG	protocol/handler.go:1649	have all messages and processed	{"{round 20 3  <nil>}": {"Key":"self","Type":15,"Integer":0,"String":"c","Interface":null}}
2025-08-15T22:13:39.204-0500	DEBUG	protocol/handler.go:596	round already finalized
2025-08-15T22:13:39.204-0500	DEBUG	protocol/handler.go:581	tryAdvanceRound called	{"{current_round 20 3  <nil>}": {"Key":"self","Type":15,"Integer":0,"String":"c","Interface":null}}
2025-08-15T22:13:39.204-0500	DEBUG	protocol/handler.go:1591	have processed broadcast	{"{round 20 3  <nil>}": {"Key":"from","Type":15,"Integer":0,"String":"a","Interface":null}}
2025-08-15T22:13:39.204-0500	DEBUG	protocol/handler.go:1591	have processed broadcast	{"{round 20 3  <nil>}": {"Key":"from","Type":15,"Integer":0,"String":"b","Interface":null}}
2025-08-15T22:13:39.204-0500	DEBUG	protocol/handler.go:1649	have all messages and processed	{"{round 20 3  <nil>}": {"Key":"self","Type":15,"Integer":0,"String":"c","Interface":null}}
2025-08-15T22:13:39.204-0500	DEBUG	protocol/handler.go:596	round already finalized
2025-08-15T22:13:39.182-0500	DEBUG	protocol/handler.go:581	tryAdvanceRound called	{"{current_round 20 3  <nil>}": {"Key":"self","Type":15,"Integer":0,"String":"a","Interface":null}}
2025-08-15T22:13:39.204-0500	DEBUG	protocol/handler.go:1591	have processed broadcast	{"{round 20 3  <nil>}": {"Key":"from","Type":15,"Integer":0,"String":"b","Interface":null}}
2025-08-15T22:13:39.204-0500	DEBUG	protocol/handler.go:1591	have processed broadcast	{"{round 20 3  <nil>}": {"Key":"from","Type":15,"Integer":0,"String":"c","Interface":null}}
2025-08-15T22:13:39.204-0500	DEBUG	protocol/handler.go:1649	have all messages and processed	{"{round 20 3  <nil>}": {"Key":"self","Type":15,"Integer":0,"String":"a","Interface":null}}
2025-08-15T22:13:39.204-0500	DEBUG	protocol/handler.go:596	round already finalized
2025-08-15T22:13:39.204-0500	DEBUG	protocol/handler.go:581	tryAdvanceRound called	{"{current_round 20 3  <nil>}": {"Key":"self","Type":15,"Integer":0,"String":"a","Interface":null}}
2025-08-15T22:13:39.204-0500	DEBUG	protocol/handler.go:1591	have processed broadcast	{"{round 20 3  <nil>}": {"Key":"from","Type":15,"Integer":0,"String":"b","Interface":null}}
2025-08-15T22:13:39.204-0500	DEBUG	protocol/handler.go:1591	have processed broadcast	{"{round 20 3  <nil>}": {"Key":"from","Type":15,"Integer":0,"String":"c","Interface":null}}
2025-08-15T22:13:39.204-0500	DEBUG	protocol/handler.go:1649	have all messages and processed	{"{round 20 3  <nil>}": {"Key":"self","Type":15,"Integer":0,"String":"a","Interface":null}}
2025-08-15T22:13:39.205-0500	DEBUG	protocol/handler.go:596	round already finalized
2025-08-15T22:13:39.226-0500	DEBUG	protocol/handler.go:581	tryAdvanceRound called	{"{current_round 20 3  <nil>}": {"Key":"self","Type":15,"Integer":0,"String":"c","Interface":null}}
2025-08-15T22:13:39.226-0500	DEBUG	protocol/handler.go:1591	have processed broadcast	{"{round 20 3  <nil>}": {"Key":"from","Type":15,"Integer":0,"String":"a","Interface":null}}
2025-08-15T22:13:39.226-0500	DEBUG	protocol/handler.go:1591	have processed broadcast	{"{round 20 3  <nil>}": {"Key":"from","Type":15,"Integer":0,"String":"b","Interface":null}}
2025-08-15T22:13:39.226-0500	DEBUG	protocol/handler.go:1649	have all messages and processed	{"{round 20 3  <nil>}": {"Key":"self","Type":15,"Integer":0,"String":"c","Interface":null}}
2025-08-15T22:13:39.226-0500	DEBUG	protocol/handler.go:596	round already finalized
2025-08-15T22:13:39.248-0500	DEBUG	protocol/handler.go:581	tryAdvanceRound called	{"{current_round 20 3  <nil>}": {"Key":"self","Type":15,"Integer":0,"String":"a","Interface":null}}
2025-08-15T22:13:39.248-0500	DEBUG	protocol/handler.go:1591	have processed broadcast	{"{round 20 3  <nil>}": {"Key":"from","Type":15,"Integer":0,"String":"b","Interface":null}}
2025-08-15T22:13:39.248-0500	DEBUG	protocol/handler.go:1591	have processed broadcast	{"{round 20 3  <nil>}": {"Key":"from","Type":15,"Integer":0,"String":"c","Interface":null}}
2025-08-15T22:13:39.248-0500	DEBUG	protocol/handler.go:1649	have all messages and processed	{"{round 20 3  <nil>}": {"Key":"self","Type":15,"Integer":0,"String":"a","Interface":null}}
2025-08-15T22:13:39.248-0500	DEBUG	protocol/handler.go:596	round already finalized
2025-08-15T22:13:39.248-0500	DEBUG	protocol/handler.go:581	tryAdvanceRound called	{"{current_round 20 3  <nil>}": {"Key":"self","Type":15,"Integer":0,"String":"a","Interface":null}}
2025-08-15T22:13:39.248-0500	DEBUG	protocol/handler.go:1591	have processed broadcast	{"{round 20 3  <nil>}": {"Key":"from","Type":15,"Integer":0,"String":"b","Interface":null}}
2025-08-15T22:13:39.248-0500	DEBUG	protocol/handler.go:1591	have processed broadcast	{"{round 20 3  <nil>}": {"Key":"from","Type":15,"Integer":0,"String":"c","Interface":null}}
2025-08-15T22:13:39.248-0500	DEBUG	protocol/handler.go:1649	have all messages and processed	{"{round 20 3  <nil>}": {"Key":"self","Type":15,"Integer":0,"String":"a","Interface":null}}
2025-08-15T22:13:39.248-0500	DEBUG	protocol/handler.go:596	round already finalized
2025-08-15T22:13:39.248-0500	DEBUG	protocol/handler.go:581	tryAdvanceRound called	{"{current_round 20 3  <nil>}": {"Key":"self","Type":15,"Integer":0,"String":"b","Interface":null}}
2025-08-15T22:13:39.248-0500	DEBUG	protocol/handler.go:1591	have processed broadcast	{"{round 20 3  <nil>}": {"Key":"from","Type":15,"Integer":0,"String":"a","Interface":null}}
2025-08-15T22:13:39.248-0500	DEBUG	protocol/handler.go:1591	have processed broadcast	{"{round 20 3  <nil>}": {"Key":"from","Type":15,"Integer":0,"String":"c","Interface":null}}
2025-08-15T22:13:39.248-0500	DEBUG	protocol/handler.go:1649	have all messages and processed	{"{round 20 3  <nil>}": {"Key":"self","Type":15,"Integer":0,"String":"b","Interface":null}}
2025-08-15T22:13:39.248-0500	DEBUG	protocol/handler.go:596	round already finalized
2025-08-15T22:13:39.248-0500	DEBUG	protocol/handler.go:581	tryAdvanceRound called	{"{current_round 20 3  <nil>}": {"Key":"self","Type":15,"Integer":0,"String":"b","Interface":null}}
2025-08-15T22:13:39.248-0500	DEBUG	protocol/handler.go:1591	have processed broadcast	{"{round 20 3  <nil>}": {"Key":"from","Type":15,"Integer":0,"String":"a","Interface":null}}
2025-08-15T22:13:39.248-0500	DEBUG	protocol/handler.go:1591	have processed broadcast	{"{round 20 3  <nil>}": {"Key":"from","Type":15,"Integer":0,"String":"c","Interface":null}}
2025-08-15T22:13:39.248-0500	DEBUG	protocol/handler.go:1649	have all messages and processed	{"{round 20 3  <nil>}": {"Key":"self","Type":15,"Integer":0,"String":"b","Interface":null}}
2025-08-15T22:13:39.248-0500	DEBUG	protocol/handler.go:596	round already finalized
2025-08-15T22:13:39.248-0500	DEBUG	protocol/handler.go:581	tryAdvanceRound called	{"{current_round 20 3  <nil>}": {"Key":"self","Type":15,"Integer":0,"String":"c","Interface":null}}
2025-08-15T22:13:39.248-0500	DEBUG	protocol/handler.go:1591	have processed broadcast	{"{round 20 3  <nil>}": {"Key":"from","Type":15,"Integer":0,"String":"a","Interface":null}}
2025-08-15T22:13:39.249-0500	DEBUG	protocol/handler.go:1591	have processed broadcast	{"{round 20 3  <nil>}": {"Key":"from","Type":15,"Integer":0,"String":"b","Interface":null}}
2025-08-15T22:13:39.249-0500	DEBUG	protocol/handler.go:1649	have all messages and processed	{"{round 20 3  <nil>}": {"Key":"self","Type":15,"Integer":0,"String":"c","Interface":null}}
2025-08-15T22:13:39.249-0500	DEBUG	protocol/handler.go:596	round already finalized
2025-08-15T22:13:39.274-0500	DEBUG	protocol/handler.go:581	tryAdvanceRound called	{"{current_round 20 3  <nil>}": {"Key":"self","Type":15,"Integer":0,"String":"a","Interface":null}}
2025-08-15T22:13:39.352-0500	DEBUG	protocol/handler.go:1591	have processed broadcast	{"{round 20 3  <nil>}": {"Key":"from","Type":15,"Integer":0,"String":"b","Interface":null}}
2025-08-15T22:13:39.352-0500	DEBUG	protocol/handler.go:1591	have processed broadcast	{"{round 20 3  <nil>}": {"Key":"from","Type":15,"Integer":0,"String":"c","Interface":null}}
2025-08-15T22:13:39.352-0500	DEBUG	protocol/handler.go:1649	have all messages and processed	{"{round 20 3  <nil>}": {"Key":"self","Type":15,"Integer":0,"String":"a","Interface":null}}
2025-08-15T22:13:39.352-0500	DEBUG	protocol/handler.go:596	round already finalized
2025-08-15T22:13:39.352-0500	DEBUG	protocol/handler.go:581	tryAdvanceRound called	{"{current_round 20 3  <nil>}": {"Key":"self","Type":15,"Integer":0,"String":"a","Interface":null}}
2025-08-15T22:13:39.352-0500	DEBUG	protocol/handler.go:1591	have processed broadcast	{"{round 20 3  <nil>}": {"Key":"from","Type":15,"Integer":0,"String":"b","Interface":null}}
2025-08-15T22:13:39.352-0500	DEBUG	protocol/handler.go:1591	have processed broadcast	{"{round 20 3  <nil>}": {"Key":"from","Type":15,"Integer":0,"String":"c","Interface":null}}
2025-08-15T22:13:39.352-0500	DEBUG	protocol/handler.go:1649	have all messages and processed	{"{round 20 3  <nil>}": {"Key":"self","Type":15,"Integer":0,"String":"a","Interface":null}}
2025-08-15T22:13:39.352-0500	DEBUG	protocol/handler.go:596	round already finalized
2025-08-15T22:13:39.288-0500	DEBUG	protocol/handler.go:581	tryAdvanceRound called	{"{current_round 20 3  <nil>}": {"Key":"self","Type":15,"Integer":0,"String":"b","Interface":null}}
2025-08-15T22:13:39.352-0500	DEBUG	protocol/handler.go:1591	have processed broadcast	{"{round 20 3  <nil>}": {"Key":"from","Type":15,"Integer":0,"String":"a","Interface":null}}
2025-08-15T22:13:39.352-0500	DEBUG	protocol/handler.go:1591	have processed broadcast	{"{round 20 3  <nil>}": {"Key":"from","Type":15,"Integer":0,"String":"c","Interface":null}}
2025-08-15T22:13:39.352-0500	DEBUG	protocol/handler.go:1649	have all messages and processed	{"{round 20 3  <nil>}": {"Key":"self","Type":15,"Integer":0,"String":"b","Interface":null}}
2025-08-15T22:13:39.352-0500	DEBUG	protocol/handler.go:596	round already finalized
2025-08-15T22:13:39.352-0500	DEBUG	protocol/handler.go:581	tryAdvanceRound called	{"{current_round 20 3  <nil>}": {"Key":"self","Type":15,"Integer":0,"String":"b","Interface":null}}
2025-08-15T22:13:39.352-0500	DEBUG	protocol/handler.go:1591	have processed broadcast	{"{round 20 3  <nil>}": {"Key":"from","Type":15,"Integer":0,"String":"a","Interface":null}}
2025-08-15T22:13:39.352-0500	DEBUG	protocol/handler.go:1591	have processed broadcast	{"{round 20 3  <nil>}": {"Key":"from","Type":15,"Integer":0,"String":"c","Interface":null}}
2025-08-15T22:13:39.352-0500	DEBUG	protocol/handler.go:1649	have all messages and processed	{"{round 20 3  <nil>}": {"Key":"self","Type":15,"Integer":0,"String":"b","Interface":null}}
2025-08-15T22:13:39.352-0500	DEBUG	protocol/handler.go:596	round already finalized
2025-08-15T22:13:39.288-0500	DEBUG	protocol/handler.go:581	tryAdvanceRound called	{"{current_round 20 3  <nil>}": {"Key":"self","Type":15,"Integer":0,"String":"c","Interface":null}}
2025-08-15T22:13:39.352-0500	DEBUG	protocol/handler.go:1591	have processed broadcast	{"{round 20 3  <nil>}": {"Key":"from","Type":15,"Integer":0,"String":"a","Interface":null}}
2025-08-15T22:13:39.353-0500	DEBUG	protocol/handler.go:1591	have processed broadcast	{"{round 20 3  <nil>}": {"Key":"from","Type":15,"Integer":0,"String":"b","Interface":null}}
2025-08-15T22:13:39.353-0500	DEBUG	protocol/handler.go:1649	have all messages and processed	{"{round 20 3  <nil>}": {"Key":"self","Type":15,"Integer":0,"String":"c","Interface":null}}
2025-08-15T22:13:39.353-0500	DEBUG	protocol/handler.go:596	round already finalized
2025-08-15T22:13:39.353-0500	DEBUG	protocol/handler.go:581	tryAdvanceRound called	{"{current_round 20 3  <nil>}": {"Key":"self","Type":15,"Integer":0,"String":"c","Interface":null}}
2025-08-15T22:13:39.353-0500	DEBUG	protocol/handler.go:1591	have processed broadcast	{"{round 20 3  <nil>}": {"Key":"from","Type":15,"Integer":0,"String":"a","Interface":null}}
2025-08-15T22:13:39.353-0500	DEBUG	protocol/handler.go:1591	have processed broadcast	{"{round 20 3  <nil>}": {"Key":"from","Type":15,"Integer":0,"String":"b","Interface":null}}
2025-08-15T22:13:39.353-0500	DEBUG	protocol/handler.go:1649	have all messages and processed	{"{round 20 3  <nil>}": {"Key":"self","Type":15,"Integer":0,"String":"c","Interface":null}}
2025-08-15T22:13:39.353-0500	DEBUG	protocol/handler.go:596	round already finalized
2025-08-15T22:13:39.377-0500	DEBUG	protocol/handler.go:581	tryAdvanceRound called	{"{current_round 20 3  <nil>}": {"Key":"self","Type":15,"Integer":0,"String":"c","Interface":null}}
2025-08-15T22:13:39.378-0500	DEBUG	protocol/handler.go:1591	have processed broadcast	{"{round 20 3  <nil>}": {"Key":"from","Type":15,"Integer":0,"String":"a","Interface":null}}
2025-08-15T22:13:39.378-0500	DEBUG	protocol/handler.go:1591	have processed broadcast	{"{round 20 3  <nil>}": {"Key":"from","Type":15,"Integer":0,"String":"b","Interface":null}}
2025-08-15T22:13:39.378-0500	DEBUG	protocol/handler.go:1649	have all messages and processed	{"{round 20 3  <nil>}": {"Key":"self","Type":15,"Integer":0,"String":"c","Interface":null}}
2025-08-15T22:13:39.378-0500	DEBUG	protocol/handler.go:596	round already finalized
2025-08-15T22:13:39.400-0500	DEBUG	protocol/handler.go:581	tryAdvanceRound called	{"{current_round 20 3  <nil>}": {"Key":"self","Type":15,"Integer":0,"String":"c","Interface":null}}
2025-08-15T22:13:39.400-0500	DEBUG	protocol/handler.go:1591	have processed broadcast	{"{round 20 3  <nil>}": {"Key":"from","Type":15,"Integer":0,"String":"a","Interface":null}}
2025-08-15T22:13:39.400-0500	DEBUG	protocol/handler.go:1591	have processed broadcast	{"{round 20 3  <nil>}": {"Key":"from","Type":15,"Integer":0,"String":"b","Interface":null}}
2025-08-15T22:13:39.400-0500	DEBUG	protocol/handler.go:1649	have all messages and processed	{"{round 20 3  <nil>}": {"Key":"self","Type":15,"Integer":0,"String":"c","Interface":null}}
2025-08-15T22:13:39.400-0500	DEBUG	protocol/handler.go:596	round already finalized
2025-08-15T22:13:39.400-0500	DEBUG	protocol/handler.go:581	tryAdvanceRound called	{"{current_round 20 3  <nil>}": {"Key":"self","Type":15,"Integer":0,"String":"b","Interface":null}}
2025-08-15T22:13:39.405-0500	DEBUG	protocol/handler.go:1591	have processed broadcast	{"{round 20 3  <nil>}": {"Key":"from","Type":15,"Integer":0,"String":"a","Interface":null}}
2025-08-15T22:13:39.405-0500	DEBUG	protocol/handler.go:1591	have processed broadcast	{"{round 20 3  <nil>}": {"Key":"from","Type":15,"Integer":0,"String":"c","Interface":null}}
2025-08-15T22:13:39.406-0500	DEBUG	protocol/handler.go:1649	have all messages and processed	{"{round 20 3  <nil>}": {"Key":"self","Type":15,"Integer":0,"String":"b","Interface":null}}
2025-08-15T22:13:39.406-0500	DEBUG	protocol/handler.go:596	round already finalized
2025-08-15T22:13:39.406-0500	DEBUG	protocol/handler.go:581	tryAdvanceRound called	{"{current_round 20 3  <nil>}": {"Key":"self","Type":15,"Integer":0,"String":"b","Interface":null}}
2025-08-15T22:13:39.407-0500	DEBUG	protocol/handler.go:1591	have processed broadcast	{"{round 20 3  <nil>}": {"Key":"from","Type":15,"Integer":0,"String":"a","Interface":null}}
2025-08-15T22:13:39.407-0500	DEBUG	protocol/handler.go:1591	have processed broadcast	{"{round 20 3  <nil>}": {"Key":"from","Type":15,"Integer":0,"String":"c","Interface":null}}
2025-08-15T22:13:39.407-0500	DEBUG	protocol/handler.go:1649	have all messages and processed	{"{round 20 3  <nil>}": {"Key":"self","Type":15,"Integer":0,"String":"b","Interface":null}}
2025-08-15T22:13:39.407-0500	DEBUG	protocol/handler.go:596	round already finalized
2025-08-15T22:13:39.408-0500	DEBUG	protocol/handler.go:581	tryAdvanceRound called	{"{current_round 20 3  <nil>}": {"Key":"self","Type":15,"Integer":0,"String":"a","Interface":null}}
2025-08-15T22:13:39.408-0500	DEBUG	protocol/handler.go:1591	have processed broadcast	{"{round 20 3  <nil>}": {"Key":"from","Type":15,"Integer":0,"String":"b","Interface":null}}
2025-08-15T22:13:39.408-0500	DEBUG	protocol/handler.go:1591	have processed broadcast	{"{round 20 3  <nil>}": {"Key":"from","Type":15,"Integer":0,"String":"c","Interface":null}}
2025-08-15T22:13:39.408-0500	DEBUG	protocol/handler.go:1649	have all messages and processed	{"{round 20 3  <nil>}": {"Key":"self","Type":15,"Integer":0,"String":"a","Interface":null}}
2025-08-15T22:13:39.408-0500	DEBUG	protocol/handler.go:596	round already finalized
2025-08-15T22:13:39.408-0500	DEBUG	protocol/handler.go:581	tryAdvanceRound called	{"{current_round 20 3  <nil>}": {"Key":"self","Type":15,"Integer":0,"String":"a","Interface":null}}
2025-08-15T22:13:39.408-0500	DEBUG	protocol/handler.go:1591	have processed broadcast	{"{round 20 3  <nil>}": {"Key":"from","Type":15,"Integer":0,"String":"b","Interface":null}}
2025-08-15T22:13:39.408-0500	DEBUG	protocol/handler.go:1591	have processed broadcast	{"{round 20 3  <nil>}": {"Key":"from","Type":15,"Integer":0,"String":"c","Interface":null}}
2025-08-15T22:13:39.408-0500	DEBUG	protocol/handler.go:1649	have all messages and processed	{"{round 20 3  <nil>}": {"Key":"self","Type":15,"Integer":0,"String":"a","Interface":null}}
2025-08-15T22:13:39.408-0500	DEBUG	protocol/handler.go:596	round already finalized
2025-08-15T22:13:39.408-0500	DEBUG	protocol/handler.go:581	tryAdvanceRound called	{"{current_round 20 3  <nil>}": {"Key":"self","Type":15,"Integer":0,"String":"c","Interface":null}}
2025-08-15T22:13:39.408-0500	DEBUG	protocol/handler.go:1591	have processed broadcast	{"{round 20 3  <nil>}": {"Key":"from","Type":15,"Integer":0,"String":"a","Interface":null}}
2025-08-15T22:13:39.408-0500	DEBUG	protocol/handler.go:1591	have processed broadcast	{"{round 20 3  <nil>}": {"Key":"from","Type":15,"Integer":0,"String":"b","Interface":null}}
2025-08-15T22:13:39.408-0500	DEBUG	protocol/handler.go:1649	have all messages and processed	{"{round 20 3  <nil>}": {"Key":"self","Type":15,"Integer":0,"String":"c","Interface":null}}
2025-08-15T22:13:39.408-0500	DEBUG	protocol/handler.go:596	round already finalized
2025-08-15T22:13:39.425-0500	DEBUG	protocol/handler.go:581	tryAdvanceRound called	{"{current_round 20 3  <nil>}": {"Key":"self","Type":15,"Integer":0,"String":"b","Interface":null}}
2025-08-15T22:13:39.425-0500	DEBUG	protocol/handler.go:1591	have processed broadcast	{"{round 20 3  <nil>}": {"Key":"from","Type":15,"Integer":0,"String":"a","Interface":null}}
2025-08-15T22:13:39.425-0500	DEBUG	protocol/handler.go:1591	have processed broadcast	{"{round 20 3  <nil>}": {"Key":"from","Type":15,"Integer":0,"String":"c","Interface":null}}
2025-08-15T22:13:39.425-0500	DEBUG	protocol/handler.go:1649	have all messages and processed	{"{round 20 3  <nil>}": {"Key":"self","Type":15,"Integer":0,"String":"b","Interface":null}}
2025-08-15T22:13:39.425-0500	DEBUG	protocol/handler.go:596	round already finalized
2025-08-15T22:13:39.449-0500	DEBUG	protocol/handler.go:581	tryAdvanceRound called	{"{current_round 20 3  <nil>}": {"Key":"self","Type":15,"Integer":0,"String":"c","Interface":null}}
2025-08-15T22:13:39.449-0500	DEBUG	protocol/handler.go:1591	have processed broadcast	{"{round 20 3  <nil>}": {"Key":"from","Type":15,"Integer":0,"String":"a","Interface":null}}
2025-08-15T22:13:39.449-0500	DEBUG	protocol/handler.go:1591	have processed broadcast	{"{round 20 3  <nil>}": {"Key":"from","Type":15,"Integer":0,"String":"b","Interface":null}}
2025-08-15T22:13:39.449-0500	DEBUG	protocol/handler.go:1649	have all messages and processed	{"{round 20 3  <nil>}": {"Key":"self","Type":15,"Integer":0,"String":"c","Interface":null}}
2025-08-15T22:13:39.449-0500	DEBUG	protocol/handler.go:596	round already finalized
2025-08-15T22:13:39.449-0500	DEBUG	protocol/handler.go:581	tryAdvanceRound called	{"{current_round 20 3  <nil>}": {"Key":"self","Type":15,"Integer":0,"String":"c","Interface":null}}
2025-08-15T22:13:39.449-0500	DEBUG	protocol/handler.go:1591	have processed broadcast	{"{round 20 3  <nil>}": {"Key":"from","Type":15,"Integer":0,"String":"a","Interface":null}}
2025-08-15T22:13:39.449-0500	DEBUG	protocol/handler.go:1591	have processed broadcast	{"{round 20 3  <nil>}": {"Key":"from","Type":15,"Integer":0,"String":"b","Interface":null}}
2025-08-15T22:13:39.449-0500	DEBUG	protocol/handler.go:1649	have all messages and processed	{"{round 20 3  <nil>}": {"Key":"self","Type":15,"Integer":0,"String":"c","Interface":null}}
2025-08-15T22:13:39.449-0500	DEBUG	protocol/handler.go:596	round already finalized
2025-08-15T22:13:39.474-0500	DEBUG	protocol/handler.go:581	tryAdvanceRound called	{"{current_round 20 3  <nil>}": {"Key":"self","Type":15,"Integer":0,"String":"c","Interface":null}}
2025-08-15T22:13:39.474-0500	DEBUG	protocol/handler.go:1591	have processed broadcast	{"{round 20 3  <nil>}": {"Key":"from","Type":15,"Integer":0,"String":"a","Interface":null}}
2025-08-15T22:13:39.474-0500	DEBUG	protocol/handler.go:1591	have processed broadcast	{"{round 20 3  <nil>}": {"Key":"from","Type":15,"Integer":0,"String":"b","Interface":null}}
2025-08-15T22:13:39.474-0500	DEBUG	protocol/handler.go:1649	have all messages and processed	{"{round 20 3  <nil>}": {"Key":"self","Type":15,"Integer":0,"String":"c","Interface":null}}
2025-08-15T22:13:39.474-0500	DEBUG	protocol/handler.go:596	round already finalized
2025-08-15T22:13:39.474-0500	DEBUG	protocol/handler.go:581	tryAdvanceRound called	{"{current_round 20 3  <nil>}": {"Key":"self","Type":15,"Integer":0,"String":"a","Interface":null}}
2025-08-15T22:13:39.474-0500	DEBUG	protocol/handler.go:1591	have processed broadcast	{"{round 20 3  <nil>}": {"Key":"from","Type":15,"Integer":0,"String":"b","Interface":null}}
2025-08-15T22:13:39.474-0500	DEBUG	protocol/handler.go:1591	have processed broadcast	{"{round 20 3  <nil>}": {"Key":"from","Type":15,"Integer":0,"String":"c","Interface":null}}
2025-08-15T22:13:39.474-0500	DEBUG	protocol/handler.go:1649	have all messages and processed	{"{round 20 3  <nil>}": {"Key":"self","Type":15,"Integer":0,"String":"a","Interface":null}}
2025-08-15T22:13:39.474-0500	DEBUG	protocol/handler.go:596	round already finalized
2025-08-15T22:13:39.474-0500	DEBUG	protocol/handler.go:581	tryAdvanceRound called	{"{current_round 20 3  <nil>}": {"Key":"self","Type":15,"Integer":0,"String":"a","Interface":null}}
2025-08-15T22:13:39.474-0500	DEBUG	protocol/handler.go:1591	have processed broadcast	{"{round 20 3  <nil>}": {"Key":"from","Type":15,"Integer":0,"String":"b","Interface":null}}
2025-08-15T22:13:39.474-0500	DEBUG	protocol/handler.go:1591	have processed broadcast	{"{round 20 3  <nil>}": {"Key":"from","Type":15,"Integer":0,"String":"c","Interface":null}}
2025-08-15T22:13:39.482-0500	DEBUG	protocol/handler.go:1649	have all messages and processed	{"{round 20 3  <nil>}": {"Key":"self","Type":15,"Integer":0,"String":"a","Interface":null}}
2025-08-15T22:13:39.490-0500	DEBUG	protocol/handler.go:596	round already finalized
2025-08-15T22:13:39.490-0500	DEBUG	protocol/handler.go:581	tryAdvanceRound called	{"{current_round 20 3  <nil>}": {"Key":"self","Type":15,"Integer":0,"String":"c","Interface":null}}
2025-08-15T22:13:39.507-0500	DEBUG	protocol/handler.go:581	tryAdvanceRound called	{"{current_round 20 3  <nil>}": {"Key":"self","Type":15,"Integer":0,"String":"b","Interface":null}}
2025-08-15T22:13:39.507-0500	DEBUG	protocol/handler.go:1591	have processed broadcast	{"{round 20 3  <nil>}": {"Key":"from","Type":15,"Integer":0,"String":"a","Interface":null}}
2025-08-15T22:13:39.507-0500	DEBUG	protocol/handler.go:1591	have processed broadcast	{"{round 20 3  <nil>}": {"Key":"from","Type":15,"Integer":0,"String":"c","Interface":null}}
2025-08-15T22:13:39.507-0500	DEBUG	protocol/handler.go:1649	have all messages and processed	{"{round 20 3  <nil>}": {"Key":"self","Type":15,"Integer":0,"String":"b","Interface":null}}
2025-08-15T22:13:39.494-0500	DEBUG	protocol/handler.go:1591	have processed broadcast	{"{round 20 3  <nil>}": {"Key":"from","Type":15,"Integer":0,"String":"a","Interface":null}}
2025-08-15T22:13:39.557-0500	DEBUG	protocol/handler.go:1591	have processed broadcast	{"{round 20 3  <nil>}": {"Key":"from","Type":15,"Integer":0,"String":"b","Interface":null}}
2025-08-15T22:13:39.557-0500	DEBUG	protocol/handler.go:1649	have all messages and processed	{"{round 20 3  <nil>}": {"Key":"self","Type":15,"Integer":0,"String":"c","Interface":null}}
2025-08-15T22:13:39.557-0500	DEBUG	protocol/handler.go:596	round already finalized
2025-08-15T22:13:39.557-0500	DEBUG	protocol/handler.go:581	tryAdvanceRound called	{"{current_round 20 3  <nil>}": {"Key":"self","Type":15,"Integer":0,"String":"c","Interface":null}}
2025-08-15T22:13:39.557-0500	DEBUG	protocol/handler.go:1591	have processed broadcast	{"{round 20 3  <nil>}": {"Key":"from","Type":15,"Integer":0,"String":"a","Interface":null}}
2025-08-15T22:13:39.557-0500	DEBUG	protocol/handler.go:1591	have processed broadcast	{"{round 20 3  <nil>}": {"Key":"from","Type":15,"Integer":0,"String":"b","Interface":null}}
2025-08-15T22:13:39.557-0500	DEBUG	protocol/handler.go:1649	have all messages and processed	{"{round 20 3  <nil>}": {"Key":"self","Type":15,"Integer":0,"String":"c","Interface":null}}
2025-08-15T22:13:39.557-0500	DEBUG	protocol/handler.go:596	round already finalized
2025-08-15T22:13:39.574-0500	DEBUG	protocol/handler.go:581	tryAdvanceRound called	{"{current_round 20 3  <nil>}": {"Key":"self","Type":15,"Integer":0,"String":"c","Interface":null}}
2025-08-15T22:13:39.576-0500	DEBUG	protocol/handler.go:1591	have processed broadcast	{"{round 20 3  <nil>}": {"Key":"from","Type":15,"Integer":0,"String":"a","Interface":null}}
2025-08-15T22:13:39.576-0500	DEBUG	protocol/handler.go:1591	have processed broadcast	{"{round 20 3  <nil>}": {"Key":"from","Type":15,"Integer":0,"String":"b","Interface":null}}
2025-08-15T22:13:39.576-0500	DEBUG	protocol/handler.go:1649	have all messages and processed	{"{round 20 3  <nil>}": {"Key":"self","Type":15,"Integer":0,"String":"c","Interface":null}}
2025-08-15T22:13:39.576-0500	DEBUG	protocol/handler.go:596	round already finalized
2025-08-15T22:13:39.507-0500	DEBUG	protocol/handler.go:596	round already finalized
2025-08-15T22:13:39.600-0500	DEBUG	protocol/handler.go:581	tryAdvanceRound called	{"{current_round 20 3  <nil>}": {"Key":"self","Type":15,"Integer":0,"String":"c","Interface":null}}
2025-08-15T22:13:39.600-0500	DEBUG	protocol/handler.go:1591	have processed broadcast	{"{round 20 3  <nil>}": {"Key":"from","Type":15,"Integer":0,"String":"a","Interface":null}}
2025-08-15T22:13:39.600-0500	DEBUG	protocol/handler.go:1591	have processed broadcast	{"{round 20 3  <nil>}": {"Key":"from","Type":15,"Integer":0,"String":"b","Interface":null}}
2025-08-15T22:13:39.600-0500	DEBUG	protocol/handler.go:581	tryAdvanceRound called	{"{current_round 20 3  <nil>}": {"Key":"self","Type":15,"Integer":0,"String":"b","Interface":null}}
2025-08-15T22:13:39.534-0500	DEBUG	protocol/handler.go:581	tryAdvanceRound called	{"{current_round 20 3  <nil>}": {"Key":"self","Type":15,"Integer":0,"String":"a","Interface":null}}
2025-08-15T22:13:39.610-0500	DEBUG	protocol/handler.go:1591	have processed broadcast	{"{round 20 3  <nil>}": {"Key":"from","Type":15,"Integer":0,"String":"b","Interface":null}}
2025-08-15T22:13:39.610-0500	DEBUG	protocol/handler.go:1591	have processed broadcast	{"{round 20 3  <nil>}": {"Key":"from","Type":15,"Integer":0,"String":"c","Interface":null}}
2025-08-15T22:13:39.610-0500	DEBUG	protocol/handler.go:1649	have all messages and processed	{"{round 20 3  <nil>}": {"Key":"self","Type":15,"Integer":0,"String":"a","Interface":null}}
2025-08-15T22:13:39.610-0500	DEBUG	protocol/handler.go:596	round already finalized
2025-08-15T22:13:39.610-0500	DEBUG	protocol/handler.go:581	tryAdvanceRound called	{"{current_round 20 3  <nil>}": {"Key":"self","Type":15,"Integer":0,"String":"a","Interface":null}}
2025-08-15T22:13:39.610-0500	DEBUG	protocol/handler.go:1591	have processed broadcast	{"{round 20 3  <nil>}": {"Key":"from","Type":15,"Integer":0,"String":"b","Interface":null}}
2025-08-15T22:13:39.610-0500	DEBUG	protocol/handler.go:1591	have processed broadcast	{"{round 20 3  <nil>}": {"Key":"from","Type":15,"Integer":0,"String":"c","Interface":null}}
2025-08-15T22:13:39.610-0500	DEBUG	protocol/handler.go:1649	have all messages and processed	{"{round 20 3  <nil>}": {"Key":"self","Type":15,"Integer":0,"String":"a","Interface":null}}
2025-08-15T22:13:39.610-0500	DEBUG	protocol/handler.go:596	round already finalized
2025-08-15T22:13:39.610-0500	DEBUG	protocol/handler.go:1591	have processed broadcast	{"{round 20 3  <nil>}": {"Key":"from","Type":15,"Integer":0,"String":"a","Interface":null}}
2025-08-15T22:13:39.610-0500	DEBUG	protocol/handler.go:1591	have processed broadcast	{"{round 20 3  <nil>}": {"Key":"from","Type":15,"Integer":0,"String":"c","Interface":null}}
2025-08-15T22:13:39.610-0500	DEBUG	protocol/handler.go:1649	have all messages and processed	{"{round 20 3  <nil>}": {"Key":"self","Type":15,"Integer":0,"String":"b","Interface":null}}
2025-08-15T22:13:39.611-0500	DEBUG	protocol/handler.go:596	round already finalized
2025-08-15T22:13:39.611-0500	DEBUG	protocol/handler.go:581	tryAdvanceRound called	{"{current_round 20 3  <nil>}": {"Key":"self","Type":15,"Integer":0,"String":"b","Interface":null}}
2025-08-15T22:13:39.611-0500	DEBUG	protocol/handler.go:1591	have processed broadcast	{"{round 20 3  <nil>}": {"Key":"from","Type":15,"Integer":0,"String":"a","Interface":null}}
2025-08-15T22:13:39.611-0500	DEBUG	protocol/handler.go:1591	have processed broadcast	{"{round 20 3  <nil>}": {"Key":"from","Type":15,"Integer":0,"String":"c","Interface":null}}
2025-08-15T22:13:39.611-0500	DEBUG	protocol/handler.go:1649	have all messages and processed	{"{round 20 3  <nil>}": {"Key":"self","Type":15,"Integer":0,"String":"b","Interface":null}}
2025-08-15T22:13:39.611-0500	DEBUG	protocol/handler.go:596	round already finalized
2025-08-15T22:13:39.655-0500	DEBUG	protocol/handler.go:581	tryAdvanceRound called	{"{current_round 20 3  <nil>}": {"Key":"self","Type":15,"Integer":0,"String":"a","Interface":null}}
2025-08-15T22:13:39.655-0500	DEBUG	protocol/handler.go:1591	have processed broadcast	{"{round 20 3  <nil>}": {"Key":"from","Type":15,"Integer":0,"String":"b","Interface":null}}
2025-08-15T22:13:39.655-0500	DEBUG	protocol/handler.go:1591	have processed broadcast	{"{round 20 3  <nil>}": {"Key":"from","Type":15,"Integer":0,"String":"c","Interface":null}}
2025-08-15T22:13:39.655-0500	DEBUG	protocol/handler.go:1649	have all messages and processed	{"{round 20 3  <nil>}": {"Key":"self","Type":15,"Integer":0,"String":"a","Interface":null}}
2025-08-15T22:13:39.655-0500	DEBUG	protocol/handler.go:596	round already finalized
2025-08-15T22:13:39.655-0500	DEBUG	protocol/handler.go:581	tryAdvanceRound called	{"{current_round 20 3  <nil>}": {"Key":"self","Type":15,"Integer":0,"String":"a","Interface":null}}
2025-08-15T22:13:39.655-0500	DEBUG	protocol/handler.go:1591	have processed broadcast	{"{round 20 3  <nil>}": {"Key":"from","Type":15,"Integer":0,"String":"b","Interface":null}}
2025-08-15T22:13:39.655-0500	DEBUG	protocol/handler.go:1591	have processed broadcast	{"{round 20 3  <nil>}": {"Key":"from","Type":15,"Integer":0,"String":"c","Interface":null}}
2025-08-15T22:13:39.655-0500	DEBUG	protocol/handler.go:1649	have all messages and processed	{"{round 20 3  <nil>}": {"Key":"self","Type":15,"Integer":0,"String":"a","Interface":null}}
2025-08-15T22:13:39.655-0500	DEBUG	protocol/handler.go:596	round already finalized
2025-08-15T22:13:39.661-0500	DEBUG	protocol/handler.go:581	tryAdvanceRound called	{"{current_round 20 3  <nil>}": {"Key":"self","Type":15,"Integer":0,"String":"b","Interface":null}}
2025-08-15T22:13:39.661-0500	DEBUG	protocol/handler.go:1591	have processed broadcast	{"{round 20 3  <nil>}": {"Key":"from","Type":15,"Integer":0,"String":"a","Interface":null}}
2025-08-15T22:13:39.661-0500	DEBUG	protocol/handler.go:1591	have processed broadcast	{"{round 20 3  <nil>}": {"Key":"from","Type":15,"Integer":0,"String":"c","Interface":null}}
2025-08-15T22:13:39.663-0500	DEBUG	protocol/handler.go:1649	have all messages and processed	{"{round 20 3  <nil>}": {"Key":"self","Type":15,"Integer":0,"String":"b","Interface":null}}
2025-08-15T22:13:39.663-0500	DEBUG	protocol/handler.go:596	round already finalized
2025-08-15T22:13:39.663-0500	DEBUG	protocol/handler.go:581	tryAdvanceRound called	{"{current_round 20 3  <nil>}": {"Key":"self","Type":15,"Integer":0,"String":"b","Interface":null}}
2025-08-15T22:13:39.664-0500	DEBUG	protocol/handler.go:1591	have processed broadcast	{"{round 20 3  <nil>}": {"Key":"from","Type":15,"Integer":0,"String":"a","Interface":null}}
2025-08-15T22:13:39.664-0500	DEBUG	protocol/handler.go:1591	have processed broadcast	{"{round 20 3  <nil>}": {"Key":"from","Type":15,"Integer":0,"String":"c","Interface":null}}
2025-08-15T22:13:39.664-0500	DEBUG	protocol/handler.go:1649	have all messages and processed	{"{round 20 3  <nil>}": {"Key":"self","Type":15,"Integer":0,"String":"b","Interface":null}}
2025-08-15T22:13:39.664-0500	DEBUG	protocol/handler.go:596	round already finalized
2025-08-15T22:13:39.687-0500	DEBUG	protocol/handler.go:581	tryAdvanceRound called	{"{current_round 20 3  <nil>}": {"Key":"self","Type":15,"Integer":0,"String":"a","Interface":null}}
2025-08-15T22:13:39.692-0500	DEBUG	protocol/handler.go:1591	have processed broadcast	{"{round 20 3  <nil>}": {"Key":"from","Type":15,"Integer":0,"String":"b","Interface":null}}
2025-08-15T22:13:39.600-0500	DEBUG	protocol/handler.go:1649	have all messages and processed	{"{round 20 3  <nil>}": {"Key":"self","Type":15,"Integer":0,"String":"c","Interface":null}}
2025-08-15T22:13:39.699-0500	DEBUG	protocol/handler.go:596	round already finalized
2025-08-15T22:13:39.701-0500	DEBUG	protocol/handler.go:581	tryAdvanceRound called	{"{current_round 20 3  <nil>}": {"Key":"self","Type":15,"Integer":0,"String":"c","Interface":null}}
2025-08-15T22:13:39.701-0500	DEBUG	protocol/handler.go:1591	have processed broadcast	{"{round 20 3  <nil>}": {"Key":"from","Type":15,"Integer":0,"String":"a","Interface":null}}
2025-08-15T22:13:39.701-0500	DEBUG	protocol/handler.go:1591	have processed broadcast	{"{round 20 3  <nil>}": {"Key":"from","Type":15,"Integer":0,"String":"b","Interface":null}}
2025-08-15T22:13:39.701-0500	DEBUG	protocol/handler.go:1649	have all messages and processed	{"{round 20 3  <nil>}": {"Key":"self","Type":15,"Integer":0,"String":"c","Interface":null}}
2025-08-15T22:13:39.701-0500	DEBUG	protocol/handler.go:596	round already finalized
2025-08-15T22:13:39.702-0500	DEBUG	protocol/handler.go:581	tryAdvanceRound called	{"{current_round 20 3  <nil>}": {"Key":"self","Type":15,"Integer":0,"String":"b","Interface":null}}
2025-08-15T22:13:39.703-0500	DEBUG	protocol/handler.go:1591	have processed broadcast	{"{round 20 3  <nil>}": {"Key":"from","Type":15,"Integer":0,"String":"a","Interface":null}}
2025-08-15T22:13:39.703-0500	DEBUG	protocol/handler.go:1591	have processed broadcast	{"{round 20 3  <nil>}": {"Key":"from","Type":15,"Integer":0,"String":"c","Interface":null}}
2025-08-15T22:13:39.703-0500	DEBUG	protocol/handler.go:1649	have all messages and processed	{"{round 20 3  <nil>}": {"Key":"self","Type":15,"Integer":0,"String":"b","Interface":null}}
2025-08-15T22:13:39.703-0500	DEBUG	protocol/handler.go:596	round already finalized
2025-08-15T22:13:39.703-0500	DEBUG	protocol/handler.go:581	tryAdvanceRound called	{"{current_round 20 3  <nil>}": {"Key":"self","Type":15,"Integer":0,"String":"b","Interface":null}}
2025-08-15T22:13:39.703-0500	DEBUG	protocol/handler.go:1591	have processed broadcast	{"{round 20 3  <nil>}": {"Key":"from","Type":15,"Integer":0,"String":"a","Interface":null}}
2025-08-15T22:13:39.703-0500	DEBUG	protocol/handler.go:1591	have processed broadcast	{"{round 20 3  <nil>}": {"Key":"from","Type":15,"Integer":0,"String":"c","Interface":null}}
2025-08-15T22:13:39.703-0500	DEBUG	protocol/handler.go:1649	have all messages and processed	{"{round 20 3  <nil>}": {"Key":"self","Type":15,"Integer":0,"String":"b","Interface":null}}
2025-08-15T22:13:39.703-0500	DEBUG	protocol/handler.go:596	round already finalized
2025-08-15T22:13:39.714-0500	DEBUG	protocol/handler.go:581	tryAdvanceRound called	{"{current_round 20 3  <nil>}": {"Key":"self","Type":15,"Integer":0,"String":"c","Interface":null}}
2025-08-15T22:13:39.714-0500	DEBUG	protocol/handler.go:1591	have processed broadcast	{"{round 20 3  <nil>}": {"Key":"from","Type":15,"Integer":0,"String":"a","Interface":null}}
2025-08-15T22:13:39.714-0500	DEBUG	protocol/handler.go:1591	have processed broadcast	{"{round 20 3  <nil>}": {"Key":"from","Type":15,"Integer":0,"String":"b","Interface":null}}
2025-08-15T22:13:39.714-0500	DEBUG	protocol/handler.go:1649	have all messages and processed	{"{round 20 3  <nil>}": {"Key":"self","Type":15,"Integer":0,"String":"c","Interface":null}}
2025-08-15T22:13:39.714-0500	DEBUG	protocol/handler.go:596	round already finalized
2025-08-15T22:13:39.772-0500	DEBUG	protocol/handler.go:581	tryAdvanceRound called	{"{current_round 20 3  <nil>}": {"Key":"self","Type":15,"Integer":0,"String":"c","Interface":null}}
2025-08-15T22:13:39.772-0500	DEBUG	protocol/handler.go:1591	have processed broadcast	{"{round 20 3  <nil>}": {"Key":"from","Type":15,"Integer":0,"String":"a","Interface":null}}
2025-08-15T22:13:39.772-0500	DEBUG	protocol/handler.go:1591	have processed broadcast	{"{round 20 3  <nil>}": {"Key":"from","Type":15,"Integer":0,"String":"b","Interface":null}}
2025-08-15T22:13:39.772-0500	DEBUG	protocol/handler.go:1649	have all messages and processed	{"{round 20 3  <nil>}": {"Key":"self","Type":15,"Integer":0,"String":"c","Interface":null}}
2025-08-15T22:13:39.772-0500	DEBUG	protocol/handler.go:596	round already finalized
2025-08-15T22:13:39.772-0500	DEBUG	protocol/handler.go:581	tryAdvanceRound called	{"{current_round 20 3  <nil>}": {"Key":"self","Type":15,"Integer":0,"String":"c","Interface":null}}
2025-08-15T22:13:39.772-0500	DEBUG	protocol/handler.go:1591	have processed broadcast	{"{round 20 3  <nil>}": {"Key":"from","Type":15,"Integer":0,"String":"a","Interface":null}}
2025-08-15T22:13:39.773-0500	DEBUG	protocol/handler.go:1591	have processed broadcast	{"{round 20 3  <nil>}": {"Key":"from","Type":15,"Integer":0,"String":"b","Interface":null}}
2025-08-15T22:13:39.774-0500	DEBUG	protocol/handler.go:1649	have all messages and processed	{"{round 20 3  <nil>}": {"Key":"self","Type":15,"Integer":0,"String":"c","Interface":null}}
2025-08-15T22:13:39.774-0500	DEBUG	protocol/handler.go:596	round already finalized
2025-08-15T22:13:39.781-0500	DEBUG	protocol/handler.go:581	tryAdvanceRound called	{"{current_round 20 3  <nil>}": {"Key":"self","Type":15,"Integer":0,"String":"b","Interface":null}}
2025-08-15T22:13:39.789-0500	DEBUG	protocol/handler.go:1591	have processed broadcast	{"{round 20 3  <nil>}": {"Key":"from","Type":15,"Integer":0,"String":"a","Interface":null}}
2025-08-15T22:13:39.789-0500	DEBUG	protocol/handler.go:1591	have processed broadcast	{"{round 20 3  <nil>}": {"Key":"from","Type":15,"Integer":0,"String":"c","Interface":null}}
2025-08-15T22:13:39.789-0500	DEBUG	protocol/handler.go:1649	have all messages and processed	{"{round 20 3  <nil>}": {"Key":"self","Type":15,"Integer":0,"String":"b","Interface":null}}
2025-08-15T22:13:39.789-0500	DEBUG	protocol/handler.go:596	round already finalized
2025-08-15T22:13:39.789-0500	DEBUG	protocol/handler.go:581	tryAdvanceRound called	{"{current_round 20 3  <nil>}": {"Key":"self","Type":15,"Integer":0,"String":"b","Interface":null}}
2025-08-15T22:13:39.794-0500	DEBUG	protocol/handler.go:1591	have processed broadcast	{"{round 20 3  <nil>}": {"Key":"from","Type":15,"Integer":0,"String":"a","Interface":null}}
2025-08-15T22:13:39.794-0500	DEBUG	protocol/handler.go:1591	have processed broadcast	{"{round 20 3  <nil>}": {"Key":"from","Type":15,"Integer":0,"String":"c","Interface":null}}
2025-08-15T22:13:39.794-0500	DEBUG	protocol/handler.go:1649	have all messages and processed	{"{round 20 3  <nil>}": {"Key":"self","Type":15,"Integer":0,"String":"b","Interface":null}}
2025-08-15T22:13:39.794-0500	DEBUG	protocol/handler.go:596	round already finalized
2025-08-15T22:13:39.819-0500	DEBUG	protocol/handler.go:581	tryAdvanceRound called	{"{current_round 20 3  <nil>}": {"Key":"self","Type":15,"Integer":0,"String":"c","Interface":null}}
2025-08-15T22:13:39.819-0500	DEBUG	protocol/handler.go:1591	have processed broadcast	{"{round 20 3  <nil>}": {"Key":"from","Type":15,"Integer":0,"String":"a","Interface":null}}
2025-08-15T22:13:39.819-0500	DEBUG	protocol/handler.go:1591	have processed broadcast	{"{round 20 3  <nil>}": {"Key":"from","Type":15,"Integer":0,"String":"b","Interface":null}}
2025-08-15T22:13:39.819-0500	DEBUG	protocol/handler.go:1649	have all messages and processed	{"{round 20 3  <nil>}": {"Key":"self","Type":15,"Integer":0,"String":"c","Interface":null}}
2025-08-15T22:13:39.819-0500	DEBUG	protocol/handler.go:596	round already finalized
2025-08-15T22:13:39.819-0500	DEBUG	protocol/handler.go:581	tryAdvanceRound called	{"{current_round 20 3  <nil>}": {"Key":"self","Type":15,"Integer":0,"String":"c","Interface":null}}
2025-08-15T22:13:39.819-0500	DEBUG	protocol/handler.go:1591	have processed broadcast	{"{round 20 3  <nil>}": {"Key":"from","Type":15,"Integer":0,"String":"a","Interface":null}}
2025-08-15T22:13:39.819-0500	DEBUG	protocol/handler.go:1591	have processed broadcast	{"{round 20 3  <nil>}": {"Key":"from","Type":15,"Integer":0,"String":"b","Interface":null}}
2025-08-15T22:13:39.819-0500	DEBUG	protocol/handler.go:1649	have all messages and processed	{"{round 20 3  <nil>}": {"Key":"self","Type":15,"Integer":0,"String":"c","Interface":null}}
2025-08-15T22:13:39.819-0500	DEBUG	protocol/handler.go:596	round already finalized
2025-08-15T22:13:39.752-0500	DEBUG	protocol/handler.go:1591	have processed broadcast	{"{round 20 3  <nil>}": {"Key":"from","Type":15,"Integer":0,"String":"c","Interface":null}}
2025-08-15T22:13:39.821-0500	DEBUG	protocol/handler.go:1649	have all messages and processed	{"{round 20 3  <nil>}": {"Key":"self","Type":15,"Integer":0,"String":"a","Interface":null}}
2025-08-15T22:13:39.821-0500	DEBUG	protocol/handler.go:596	round already finalized
2025-08-15T22:13:39.821-0500	DEBUG	protocol/handler.go:581	tryAdvanceRound called	{"{current_round 20 3  <nil>}": {"Key":"self","Type":15,"Integer":0,"String":"a","Interface":null}}
2025-08-15T22:13:39.828-0500	DEBUG	protocol/handler.go:1591	have processed broadcast	{"{round 20 3  <nil>}": {"Key":"from","Type":15,"Integer":0,"String":"b","Interface":null}}
2025-08-15T22:13:39.829-0500	DEBUG	protocol/handler.go:1591	have processed broadcast	{"{round 20 3  <nil>}": {"Key":"from","Type":15,"Integer":0,"String":"c","Interface":null}}
2025-08-15T22:13:39.829-0500	DEBUG	protocol/handler.go:1649	have all messages and processed	{"{round 20 3  <nil>}": {"Key":"self","Type":15,"Integer":0,"String":"a","Interface":null}}
2025-08-15T22:13:39.829-0500	DEBUG	protocol/handler.go:596	round already finalized
2025-08-15T22:13:39.829-0500	DEBUG	protocol/handler.go:581	tryAdvanceRound called	{"{current_round 20 3  <nil>}": {"Key":"self","Type":15,"Integer":0,"String":"a","Interface":null}}
2025-08-15T22:13:39.829-0500	DEBUG	protocol/handler.go:1591	have processed broadcast	{"{round 20 3  <nil>}": {"Key":"from","Type":15,"Integer":0,"String":"b","Interface":null}}
2025-08-15T22:13:39.829-0500	DEBUG	protocol/handler.go:1591	have processed broadcast	{"{round 20 3  <nil>}": {"Key":"from","Type":15,"Integer":0,"String":"c","Interface":null}}
2025-08-15T22:13:39.830-0500	DEBUG	protocol/handler.go:1649	have all messages and processed	{"{round 20 3  <nil>}": {"Key":"self","Type":15,"Integer":0,"String":"a","Interface":null}}
2025-08-15T22:13:39.830-0500	DEBUG	protocol/handler.go:596	round already finalized
2025-08-15T22:13:39.840-0500	DEBUG	protocol/handler.go:581	tryAdvanceRound called	{"{current_round 20 3  <nil>}": {"Key":"self","Type":15,"Integer":0,"String":"c","Interface":null}}
2025-08-15T22:13:39.840-0500	DEBUG	protocol/handler.go:1591	have processed broadcast	{"{round 20 3  <nil>}": {"Key":"from","Type":15,"Integer":0,"String":"a","Interface":null}}
2025-08-15T22:13:39.840-0500	DEBUG	protocol/handler.go:1591	have processed broadcast	{"{round 20 3  <nil>}": {"Key":"from","Type":15,"Integer":0,"String":"b","Interface":null}}
2025-08-15T22:13:39.840-0500	DEBUG	protocol/handler.go:1649	have all messages and processed	{"{round 20 3  <nil>}": {"Key":"self","Type":15,"Integer":0,"String":"c","Interface":null}}
2025-08-15T22:13:39.840-0500	DEBUG	protocol/handler.go:596	round already finalized
2025-08-15T22:13:39.851-0500	DEBUG	protocol/handler.go:581	tryAdvanceRound called	{"{current_round 20 3  <nil>}": {"Key":"self","Type":15,"Integer":0,"String":"a","Interface":null}}
2025-08-15T22:13:39.852-0500	DEBUG	protocol/handler.go:1591	have processed broadcast	{"{round 20 3  <nil>}": {"Key":"from","Type":15,"Integer":0,"String":"b","Interface":null}}
2025-08-15T22:13:39.852-0500	DEBUG	protocol/handler.go:1591	have processed broadcast	{"{round 20 3  <nil>}": {"Key":"from","Type":15,"Integer":0,"String":"c","Interface":null}}
2025-08-15T22:13:39.852-0500	DEBUG	protocol/handler.go:1649	have all messages and processed	{"{round 20 3  <nil>}": {"Key":"self","Type":15,"Integer":0,"String":"a","Interface":null}}
2025-08-15T22:13:39.852-0500	DEBUG	protocol/handler.go:596	round already finalized
2025-08-15T22:13:39.861-0500	DEBUG	protocol/handler.go:581	tryAdvanceRound called	{"{current_round 20 3  <nil>}": {"Key":"self","Type":15,"Integer":0,"String":"b","Interface":null}}
2025-08-15T22:13:39.861-0500	DEBUG	protocol/handler.go:1591	have processed broadcast	{"{round 20 3  <nil>}": {"Key":"from","Type":15,"Integer":0,"String":"a","Interface":null}}
2025-08-15T22:13:39.862-0500	DEBUG	protocol/handler.go:1591	have processed broadcast	{"{round 20 3  <nil>}": {"Key":"from","Type":15,"Integer":0,"String":"c","Interface":null}}
2025-08-15T22:13:39.862-0500	DEBUG	protocol/handler.go:1649	have all messages and processed	{"{round 20 3  <nil>}": {"Key":"self","Type":15,"Integer":0,"String":"b","Interface":null}}
2025-08-15T22:13:39.862-0500	DEBUG	protocol/handler.go:596	round already finalized
2025-08-15T22:13:39.865-0500	DEBUG	protocol/handler.go:581	tryAdvanceRound called	{"{current_round 20 3  <nil>}": {"Key":"self","Type":15,"Integer":0,"String":"c","Interface":null}}
2025-08-15T22:13:39.865-0500	DEBUG	protocol/handler.go:1591	have processed broadcast	{"{round 20 3  <nil>}": {"Key":"from","Type":15,"Integer":0,"String":"a","Interface":null}}
2025-08-15T22:13:39.865-0500	DEBUG	protocol/handler.go:1591	have processed broadcast	{"{round 20 3  <nil>}": {"Key":"from","Type":15,"Integer":0,"String":"b","Interface":null}}
2025-08-15T22:13:39.865-0500	DEBUG	protocol/handler.go:1649	have all messages and processed	{"{round 20 3  <nil>}": {"Key":"self","Type":15,"Integer":0,"String":"c","Interface":null}}
2025-08-15T22:13:39.865-0500	DEBUG	protocol/handler.go:596	round already finalized
2025-08-15T22:13:39.898-0500	DEBUG	protocol/handler.go:581	tryAdvanceRound called	{"{current_round 20 3  <nil>}": {"Key":"self","Type":15,"Integer":0,"String":"a","Interface":null}}
2025-08-15T22:13:39.898-0500	DEBUG	protocol/handler.go:1591	have processed broadcast	{"{round 20 3  <nil>}": {"Key":"from","Type":15,"Integer":0,"String":"b","Interface":null}}
2025-08-15T22:13:39.898-0500	DEBUG	protocol/handler.go:1591	have processed broadcast	{"{round 20 3  <nil>}": {"Key":"from","Type":15,"Integer":0,"String":"c","Interface":null}}
2025-08-15T22:13:39.898-0500	DEBUG	protocol/handler.go:1649	have all messages and processed	{"{round 20 3  <nil>}": {"Key":"self","Type":15,"Integer":0,"String":"a","Interface":null}}
2025-08-15T22:13:39.898-0500	DEBUG	protocol/handler.go:596	round already finalized
2025-08-15T22:13:39.898-0500	DEBUG	protocol/handler.go:581	tryAdvanceRound called	{"{current_round 20 3  <nil>}": {"Key":"self","Type":15,"Integer":0,"String":"a","Interface":null}}
2025-08-15T22:13:39.898-0500	DEBUG	protocol/handler.go:1591	have processed broadcast	{"{round 20 3  <nil>}": {"Key":"from","Type":15,"Integer":0,"String":"b","Interface":null}}
2025-08-15T22:13:39.898-0500	DEBUG	protocol/handler.go:1591	have processed broadcast	{"{round 20 3  <nil>}": {"Key":"from","Type":15,"Integer":0,"String":"c","Interface":null}}
2025-08-15T22:13:39.898-0500	DEBUG	protocol/handler.go:1649	have all messages and processed	{"{round 20 3  <nil>}": {"Key":"self","Type":15,"Integer":0,"String":"a","Interface":null}}
2025-08-15T22:13:39.898-0500	DEBUG	protocol/handler.go:596	round already finalized
2025-08-15T22:13:39.908-0500	DEBUG	protocol/handler.go:581	tryAdvanceRound called	{"{current_round 20 3  <nil>}": {"Key":"self","Type":15,"Integer":0,"String":"c","Interface":null}}
2025-08-15T22:13:39.908-0500	DEBUG	protocol/handler.go:1591	have processed broadcast	{"{round 20 3  <nil>}": {"Key":"from","Type":15,"Integer":0,"String":"a","Interface":null}}
2025-08-15T22:13:39.908-0500	DEBUG	protocol/handler.go:1591	have processed broadcast	{"{round 20 3  <nil>}": {"Key":"from","Type":15,"Integer":0,"String":"b","Interface":null}}
2025-08-15T22:13:39.908-0500	DEBUG	protocol/handler.go:1649	have all messages and processed	{"{round 20 3  <nil>}": {"Key":"self","Type":15,"Integer":0,"String":"c","Interface":null}}
2025-08-15T22:13:39.908-0500	DEBUG	protocol/handler.go:596	round already finalized
2025-08-15T22:13:39.933-0500	DEBUG	protocol/handler.go:581	tryAdvanceRound called	{"{current_round 20 3  <nil>}": {"Key":"self","Type":15,"Integer":0,"String":"b","Interface":null}}
2025-08-15T22:13:39.943-0500	DEBUG	protocol/handler.go:1591	have processed broadcast	{"{round 20 3  <nil>}": {"Key":"from","Type":15,"Integer":0,"String":"a","Interface":null}}
2025-08-15T22:13:39.943-0500	DEBUG	protocol/handler.go:1591	have processed broadcast	{"{round 20 3  <nil>}": {"Key":"from","Type":15,"Integer":0,"String":"c","Interface":null}}
2025-08-15T22:13:39.943-0500	DEBUG	protocol/handler.go:1649	have all messages and processed	{"{round 20 3  <nil>}": {"Key":"self","Type":15,"Integer":0,"String":"b","Interface":null}}
2025-08-15T22:13:39.943-0500	DEBUG	protocol/handler.go:596	round already finalized
2025-08-15T22:13:39.943-0500	DEBUG	protocol/handler.go:581	tryAdvanceRound called	{"{current_round 20 3  <nil>}": {"Key":"self","Type":15,"Integer":0,"String":"b","Interface":null}}
2025-08-15T22:13:39.943-0500	DEBUG	protocol/handler.go:1591	have processed broadcast	{"{round 20 3  <nil>}": {"Key":"from","Type":15,"Integer":0,"String":"a","Interface":null}}
2025-08-15T22:13:39.944-0500	DEBUG	protocol/handler.go:581	tryAdvanceRound called	{"{current_round 20 3  <nil>}": {"Key":"self","Type":15,"Integer":0,"String":"a","Interface":null}}
2025-08-15T22:13:39.944-0500	DEBUG	protocol/handler.go:1591	have processed broadcast	{"{round 20 3  <nil>}": {"Key":"from","Type":15,"Integer":0,"String":"b","Interface":null}}
2025-08-15T22:13:39.944-0500	DEBUG	protocol/handler.go:1591	have processed broadcast	{"{round 20 3  <nil>}": {"Key":"from","Type":15,"Integer":0,"String":"c","Interface":null}}
2025-08-15T22:13:39.944-0500	DEBUG	protocol/handler.go:1649	have all messages and processed	{"{round 20 3  <nil>}": {"Key":"self","Type":15,"Integer":0,"String":"a","Interface":null}}
2025-08-15T22:13:39.944-0500	DEBUG	protocol/handler.go:596	round already finalized
2025-08-15T22:13:39.944-0500	DEBUG	protocol/handler.go:581	tryAdvanceRound called	{"{current_round 20 3  <nil>}": {"Key":"self","Type":15,"Integer":0,"String":"a","Interface":null}}
2025-08-15T22:13:39.944-0500	DEBUG	protocol/handler.go:1591	have processed broadcast	{"{round 20 3  <nil>}": {"Key":"from","Type":15,"Integer":0,"String":"b","Interface":null}}
2025-08-15T22:13:39.944-0500	DEBUG	protocol/handler.go:1591	have processed broadcast	{"{round 20 3  <nil>}": {"Key":"from","Type":15,"Integer":0,"String":"c","Interface":null}}
2025-08-15T22:13:39.944-0500	DEBUG	protocol/handler.go:1649	have all messages and processed	{"{round 20 3  <nil>}": {"Key":"self","Type":15,"Integer":0,"String":"a","Interface":null}}
2025-08-15T22:13:39.944-0500	DEBUG	protocol/handler.go:596	round already finalized
2025-08-15T22:13:39.955-0500	DEBUG	protocol/handler.go:581	tryAdvanceRound called	{"{current_round 20 3  <nil>}": {"Key":"self","Type":15,"Integer":0,"String":"c","Interface":null}}
2025-08-15T22:13:39.955-0500	DEBUG	protocol/handler.go:1591	have processed broadcast	{"{round 20 3  <nil>}": {"Key":"from","Type":15,"Integer":0,"String":"a","Interface":null}}
2025-08-15T22:13:39.955-0500	DEBUG	protocol/handler.go:1591	have processed broadcast	{"{round 20 3  <nil>}": {"Key":"from","Type":15,"Integer":0,"String":"b","Interface":null}}
2025-08-15T22:13:39.955-0500	DEBUG	protocol/handler.go:1649	have all messages and processed	{"{round 20 3  <nil>}": {"Key":"self","Type":15,"Integer":0,"String":"c","Interface":null}}
2025-08-15T22:13:39.955-0500	DEBUG	protocol/handler.go:596	round already finalized
2025-08-15T22:13:39.955-0500	DEBUG	protocol/handler.go:581	tryAdvanceRound called	{"{current_round 20 3  <nil>}": {"Key":"self","Type":15,"Integer":0,"String":"c","Interface":null}}
2025-08-15T22:13:39.955-0500	DEBUG	protocol/handler.go:1591	have processed broadcast	{"{round 20 3  <nil>}": {"Key":"from","Type":15,"Integer":0,"String":"a","Interface":null}}
2025-08-15T22:13:39.959-0500	DEBUG	protocol/handler.go:1591	have processed broadcast	{"{round 20 3  <nil>}": {"Key":"from","Type":15,"Integer":0,"String":"b","Interface":null}}
2025-08-15T22:13:39.959-0500	DEBUG	protocol/handler.go:1649	have all messages and processed	{"{round 20 3  <nil>}": {"Key":"self","Type":15,"Integer":0,"String":"c","Interface":null}}
2025-08-15T22:13:39.959-0500	DEBUG	protocol/handler.go:596	round already finalized
2025-08-15T22:13:39.980-0500	DEBUG	protocol/handler.go:581	tryAdvanceRound called	{"{current_round 20 3  <nil>}": {"Key":"self","Type":15,"Integer":0,"String":"c","Interface":null}}
2025-08-15T22:13:39.980-0500	DEBUG	protocol/handler.go:1591	have processed broadcast	{"{round 20 3  <nil>}": {"Key":"from","Type":15,"Integer":0,"String":"a","Interface":null}}
2025-08-15T22:13:39.980-0500	DEBUG	protocol/handler.go:1591	have processed broadcast	{"{round 20 3  <nil>}": {"Key":"from","Type":15,"Integer":0,"String":"b","Interface":null}}
2025-08-15T22:13:39.980-0500	DEBUG	protocol/handler.go:1649	have all messages and processed	{"{round 20 3  <nil>}": {"Key":"self","Type":15,"Integer":0,"String":"c","Interface":null}}
2025-08-15T22:13:39.980-0500	DEBUG	protocol/handler.go:596	round already finalized
2025-08-15T22:13:40.006-0500	DEBUG	protocol/handler.go:581	tryAdvanceRound called	{"{current_round 20 3  <nil>}": {"Key":"self","Type":15,"Integer":0,"String":"a","Interface":null}}
2025-08-15T22:13:40.006-0500	DEBUG	protocol/handler.go:1591	have processed broadcast	{"{round 20 3  <nil>}": {"Key":"from","Type":15,"Integer":0,"String":"b","Interface":null}}
2025-08-15T22:13:40.006-0500	DEBUG	protocol/handler.go:1591	have processed broadcast	{"{round 20 3  <nil>}": {"Key":"from","Type":15,"Integer":0,"String":"c","Interface":null}}
2025-08-15T22:13:40.006-0500	DEBUG	protocol/handler.go:1649	have all messages and processed	{"{round 20 3  <nil>}": {"Key":"self","Type":15,"Integer":0,"String":"a","Interface":null}}
2025-08-15T22:13:40.006-0500	DEBUG	protocol/handler.go:596	round already finalized
2025-08-15T22:13:40.006-0500	DEBUG	protocol/handler.go:581	tryAdvanceRound called	{"{current_round 20 3  <nil>}": {"Key":"self","Type":15,"Integer":0,"String":"a","Interface":null}}
2025-08-15T22:13:40.007-0500	DEBUG	protocol/handler.go:1591	have processed broadcast	{"{round 20 3  <nil>}": {"Key":"from","Type":15,"Integer":0,"String":"b","Interface":null}}
2025-08-15T22:13:40.007-0500	DEBUG	protocol/handler.go:1591	have processed broadcast	{"{round 20 3  <nil>}": {"Key":"from","Type":15,"Integer":0,"String":"c","Interface":null}}
2025-08-15T22:13:40.007-0500	DEBUG	protocol/handler.go:1649	have all messages and processed	{"{round 20 3  <nil>}": {"Key":"self","Type":15,"Integer":0,"String":"a","Interface":null}}
2025-08-15T22:13:40.007-0500	DEBUG	protocol/handler.go:596	round already finalized
2025-08-15T22:13:40.007-0500	DEBUG	protocol/handler.go:581	tryAdvanceRound called	{"{current_round 20 3  <nil>}": {"Key":"self","Type":15,"Integer":0,"String":"a","Interface":null}}
2025-08-15T22:13:40.007-0500	DEBUG	protocol/handler.go:1591	have processed broadcast	{"{round 20 3  <nil>}": {"Key":"from","Type":15,"Integer":0,"String":"b","Interface":null}}
2025-08-15T22:13:40.008-0500	DEBUG	protocol/handler.go:1591	have processed broadcast	{"{round 20 3  <nil>}": {"Key":"from","Type":15,"Integer":0,"String":"c","Interface":null}}
2025-08-15T22:13:40.008-0500	DEBUG	protocol/handler.go:1649	have all messages and processed	{"{round 20 3  <nil>}": {"Key":"self","Type":15,"Integer":0,"String":"a","Interface":null}}
2025-08-15T22:13:40.008-0500	DEBUG	protocol/handler.go:596	round already finalized
2025-08-15T22:13:40.008-0500	DEBUG	protocol/handler.go:581	tryAdvanceRound called	{"{current_round 20 3  <nil>}": {"Key":"self","Type":15,"Integer":0,"String":"c","Interface":null}}
2025-08-15T22:13:40.008-0500	DEBUG	protocol/handler.go:1591	have processed broadcast	{"{round 20 3  <nil>}": {"Key":"from","Type":15,"Integer":0,"String":"a","Interface":null}}
2025-08-15T22:13:40.008-0500	DEBUG	protocol/handler.go:1591	have processed broadcast	{"{round 20 3  <nil>}": {"Key":"from","Type":15,"Integer":0,"String":"b","Interface":null}}
2025-08-15T22:13:40.008-0500	DEBUG	protocol/handler.go:1649	have all messages and processed	{"{round 20 3  <nil>}": {"Key":"self","Type":15,"Integer":0,"String":"c","Interface":null}}
2025-08-15T22:13:40.008-0500	DEBUG	protocol/handler.go:596	round already finalized
2025-08-15T22:13:40.033-0500	DEBUG	protocol/handler.go:581	tryAdvanceRound called	{"{current_round 20 3  <nil>}": {"Key":"self","Type":15,"Integer":0,"String":"a","Interface":null}}
2025-08-15T22:13:40.033-0500	DEBUG	protocol/handler.go:581	tryAdvanceRound called	{"{current_round 20 3  <nil>}": {"Key":"self","Type":15,"Integer":0,"String":"c","Interface":null}}
2025-08-15T22:13:40.034-0500	DEBUG	protocol/handler.go:1591	have processed broadcast	{"{round 20 3  <nil>}": {"Key":"from","Type":15,"Integer":0,"String":"b","Interface":null}}
2025-08-15T22:13:40.034-0500	DEBUG	protocol/handler.go:1591	have processed broadcast	{"{round 20 3  <nil>}": {"Key":"from","Type":15,"Integer":0,"String":"c","Interface":null}}
2025-08-15T22:13:40.034-0500	DEBUG	protocol/handler.go:1649	have all messages and processed	{"{round 20 3  <nil>}": {"Key":"self","Type":15,"Integer":0,"String":"a","Interface":null}}
2025-08-15T22:13:40.034-0500	DEBUG	protocol/handler.go:596	round already finalized
2025-08-15T22:13:39.943-0500	DEBUG	protocol/handler.go:1591	have processed broadcast	{"{round 20 3  <nil>}": {"Key":"from","Type":15,"Integer":0,"String":"c","Interface":null}}
2025-08-15T22:13:40.054-0500	DEBUG	protocol/handler.go:1649	have all messages and processed	{"{round 20 3  <nil>}": {"Key":"self","Type":15,"Integer":0,"String":"b","Interface":null}}
2025-08-15T22:13:40.054-0500	DEBUG	protocol/handler.go:596	round already finalized
2025-08-15T22:13:40.054-0500	DEBUG	protocol/handler.go:581	tryAdvanceRound called	{"{current_round 20 3  <nil>}": {"Key":"self","Type":15,"Integer":0,"String":"b","Interface":null}}
2025-08-15T22:13:40.055-0500	DEBUG	protocol/handler.go:1591	have processed broadcast	{"{round 20 3  <nil>}": {"Key":"from","Type":15,"Integer":0,"String":"a","Interface":null}}
2025-08-15T22:13:40.055-0500	DEBUG	protocol/handler.go:1591	have processed broadcast	{"{round 20 3  <nil>}": {"Key":"from","Type":15,"Integer":0,"String":"c","Interface":null}}
2025-08-15T22:13:40.055-0500	DEBUG	protocol/handler.go:1649	have all messages and processed	{"{round 20 3  <nil>}": {"Key":"self","Type":15,"Integer":0,"String":"b","Interface":null}}
2025-08-15T22:13:40.055-0500	DEBUG	protocol/handler.go:596	round already finalized
2025-08-15T22:13:40.079-0500	DEBUG	protocol/handler.go:581	tryAdvanceRound called	{"{current_round 20 3  <nil>}": {"Key":"self","Type":15,"Integer":0,"String":"a","Interface":null}}
2025-08-15T22:13:40.079-0500	DEBUG	protocol/handler.go:1591	have processed broadcast	{"{round 20 3  <nil>}": {"Key":"from","Type":15,"Integer":0,"String":"b","Interface":null}}
2025-08-15T22:13:40.079-0500	DEBUG	protocol/handler.go:1591	have processed broadcast	{"{round 20 3  <nil>}": {"Key":"from","Type":15,"Integer":0,"String":"c","Interface":null}}
2025-08-15T22:13:40.079-0500	DEBUG	protocol/handler.go:1649	have all messages and processed	{"{round 20 3  <nil>}": {"Key":"self","Type":15,"Integer":0,"String":"a","Interface":null}}
2025-08-15T22:13:40.079-0500	DEBUG	protocol/handler.go:596	round already finalized
2025-08-15T22:13:40.079-0500	DEBUG	protocol/handler.go:581	tryAdvanceRound called	{"{current_round 20 3  <nil>}": {"Key":"self","Type":15,"Integer":0,"String":"a","Interface":null}}
2025-08-15T22:13:40.079-0500	DEBUG	protocol/handler.go:1591	have processed broadcast	{"{round 20 3  <nil>}": {"Key":"from","Type":15,"Integer":0,"String":"b","Interface":null}}
2025-08-15T22:13:40.079-0500	DEBUG	protocol/handler.go:1591	have processed broadcast	{"{round 20 3  <nil>}": {"Key":"from","Type":15,"Integer":0,"String":"c","Interface":null}}
2025-08-15T22:13:40.079-0500	DEBUG	protocol/handler.go:1649	have all messages and processed	{"{round 20 3  <nil>}": {"Key":"self","Type":15,"Integer":0,"String":"a","Interface":null}}
2025-08-15T22:13:40.079-0500	DEBUG	protocol/handler.go:596	round already finalized
2025-08-15T22:13:40.086-0500	DEBUG	protocol/handler.go:581	tryAdvanceRound called	{"{current_round 20 3  <nil>}": {"Key":"self","Type":15,"Integer":0,"String":"b","Interface":null}}
2025-08-15T22:13:40.086-0500	DEBUG	protocol/handler.go:1591	have processed broadcast	{"{round 20 3  <nil>}": {"Key":"from","Type":15,"Integer":0,"String":"a","Interface":null}}
2025-08-15T22:13:40.086-0500	DEBUG	protocol/handler.go:1591	have processed broadcast	{"{round 20 3  <nil>}": {"Key":"from","Type":15,"Integer":0,"String":"c","Interface":null}}
2025-08-15T22:13:40.086-0500	DEBUG	protocol/handler.go:1649	have all messages and processed	{"{round 20 3  <nil>}": {"Key":"self","Type":15,"Integer":0,"String":"b","Interface":null}}
2025-08-15T22:13:40.086-0500	DEBUG	protocol/handler.go:596	round already finalized
2025-08-15T22:13:40.086-0500	DEBUG	protocol/handler.go:581	tryAdvanceRound called	{"{current_round 20 3  <nil>}": {"Key":"self","Type":15,"Integer":0,"String":"b","Interface":null}}
2025-08-15T22:13:40.086-0500	DEBUG	protocol/handler.go:1591	have processed broadcast	{"{round 20 3  <nil>}": {"Key":"from","Type":15,"Integer":0,"String":"a","Interface":null}}
2025-08-15T22:13:40.086-0500	DEBUG	protocol/handler.go:1591	have processed broadcast	{"{round 20 3  <nil>}": {"Key":"from","Type":15,"Integer":0,"String":"c","Interface":null}}
2025-08-15T22:13:40.086-0500	DEBUG	protocol/handler.go:1649	have all messages and processed	{"{round 20 3  <nil>}": {"Key":"self","Type":15,"Integer":0,"String":"b","Interface":null}}
2025-08-15T22:13:40.086-0500	DEBUG	protocol/handler.go:596	round already finalized
2025-08-15T22:13:40.033-0500	DEBUG	protocol/handler.go:1591	have processed broadcast	{"{round 20 3  <nil>}": {"Key":"from","Type":15,"Integer":0,"String":"a","Interface":null}}
2025-08-15T22:13:40.090-0500	DEBUG	protocol/handler.go:1591	have processed broadcast	{"{round 20 3  <nil>}": {"Key":"from","Type":15,"Integer":0,"String":"b","Interface":null}}
2025-08-15T22:13:40.091-0500	DEBUG	protocol/handler.go:1649	have all messages and processed	{"{round 20 3  <nil>}": {"Key":"self","Type":15,"Integer":0,"String":"c","Interface":null}}
2025-08-15T22:13:40.091-0500	DEBUG	protocol/handler.go:596	round already finalized
2025-08-15T22:13:40.091-0500	DEBUG	protocol/handler.go:581	tryAdvanceRound called	{"{current_round 20 3  <nil>}": {"Key":"self","Type":15,"Integer":0,"String":"c","Interface":null}}
2025-08-15T22:13:40.091-0500	DEBUG	protocol/handler.go:1591	have processed broadcast	{"{round 20 3  <nil>}": {"Key":"from","Type":15,"Integer":0,"String":"a","Interface":null}}
2025-08-15T22:13:40.091-0500	DEBUG	protocol/handler.go:1591	have processed broadcast	{"{round 20 3  <nil>}": {"Key":"from","Type":15,"Integer":0,"String":"b","Interface":null}}
2025-08-15T22:13:40.092-0500	DEBUG	protocol/handler.go:1649	have all messages and processed	{"{round 20 3  <nil>}": {"Key":"self","Type":15,"Integer":0,"String":"c","Interface":null}}
2025-08-15T22:13:40.092-0500	DEBUG	protocol/handler.go:596	round already finalized
2025-08-15T22:13:40.101-0500	DEBUG	protocol/handler.go:581	tryAdvanceRound called	{"{current_round 20 3  <nil>}": {"Key":"self","Type":15,"Integer":0,"String":"a","Interface":null}}
2025-08-15T22:13:40.101-0500	DEBUG	protocol/handler.go:1591	have processed broadcast	{"{round 20 3  <nil>}": {"Key":"from","Type":15,"Integer":0,"String":"b","Interface":null}}
2025-08-15T22:13:40.102-0500	DEBUG	protocol/handler.go:1591	have processed broadcast	{"{round 20 3  <nil>}": {"Key":"from","Type":15,"Integer":0,"String":"c","Interface":null}}
2025-08-15T22:13:40.102-0500	DEBUG	protocol/handler.go:1649	have all messages and processed	{"{round 20 3  <nil>}": {"Key":"self","Type":15,"Integer":0,"String":"a","Interface":null}}
2025-08-15T22:13:40.102-0500	DEBUG	protocol/handler.go:596	round already finalized
2025-08-15T22:13:40.105-0500	DEBUG	protocol/handler.go:581	tryAdvanceRound called	{"{current_round 20 3  <nil>}": {"Key":"self","Type":15,"Integer":0,"String":"b","Interface":null}}
2025-08-15T22:13:40.105-0500	DEBUG	protocol/handler.go:1591	have processed broadcast	{"{round 20 3  <nil>}": {"Key":"from","Type":15,"Integer":0,"String":"a","Interface":null}}
2025-08-15T22:13:40.105-0500	DEBUG	protocol/handler.go:1591	have processed broadcast	{"{round 20 3  <nil>}": {"Key":"from","Type":15,"Integer":0,"String":"c","Interface":null}}
2025-08-15T22:13:40.105-0500	DEBUG	protocol/handler.go:1649	have all messages and processed	{"{round 20 3  <nil>}": {"Key":"self","Type":15,"Integer":0,"String":"b","Interface":null}}
2025-08-15T22:13:40.105-0500	DEBUG	protocol/handler.go:596	round already finalized
2025-08-15T22:13:40.112-0500	DEBUG	protocol/handler.go:581	tryAdvanceRound called	{"{current_round 20 3  <nil>}": {"Key":"self","Type":15,"Integer":0,"String":"c","Interface":null}}
2025-08-15T22:13:40.112-0500	DEBUG	protocol/handler.go:1591	have processed broadcast	{"{round 20 3  <nil>}": {"Key":"from","Type":15,"Integer":0,"String":"a","Interface":null}}
2025-08-15T22:13:40.112-0500	DEBUG	protocol/handler.go:1591	have processed broadcast	{"{round 20 3  <nil>}": {"Key":"from","Type":15,"Integer":0,"String":"b","Interface":null}}
2025-08-15T22:13:40.112-0500	DEBUG	protocol/handler.go:1649	have all messages and processed	{"{round 20 3  <nil>}": {"Key":"self","Type":15,"Integer":0,"String":"c","Interface":null}}
2025-08-15T22:13:40.112-0500	DEBUG	protocol/handler.go:596	round already finalized
2025-08-15T22:13:40.147-0500	DEBUG	protocol/handler.go:581	tryAdvanceRound called	{"{current_round 20 3  <nil>}": {"Key":"self","Type":15,"Integer":0,"String":"b","Interface":null}}
2025-08-15T22:13:40.147-0500	DEBUG	protocol/handler.go:1591	have processed broadcast	{"{round 20 3  <nil>}": {"Key":"from","Type":15,"Integer":0,"String":"a","Interface":null}}
2025-08-15T22:13:40.147-0500	DEBUG	protocol/handler.go:1591	have processed broadcast	{"{round 20 3  <nil>}": {"Key":"from","Type":15,"Integer":0,"String":"c","Interface":null}}
2025-08-15T22:13:40.147-0500	DEBUG	protocol/handler.go:1649	have all messages and processed	{"{round 20 3  <nil>}": {"Key":"self","Type":15,"Integer":0,"String":"b","Interface":null}}
2025-08-15T22:13:40.147-0500	DEBUG	protocol/handler.go:596	round already finalized
2025-08-15T22:13:40.147-0500	DEBUG	protocol/handler.go:581	tryAdvanceRound called	{"{current_round 20 3  <nil>}": {"Key":"self","Type":15,"Integer":0,"String":"a","Interface":null}}
2025-08-15T22:13:40.147-0500	DEBUG	protocol/handler.go:1591	have processed broadcast	{"{round 20 3  <nil>}": {"Key":"from","Type":15,"Integer":0,"String":"b","Interface":null}}
2025-08-15T22:13:40.147-0500	DEBUG	protocol/handler.go:1591	have processed broadcast	{"{round 20 3  <nil>}": {"Key":"from","Type":15,"Integer":0,"String":"c","Interface":null}}
2025-08-15T22:13:40.147-0500	DEBUG	protocol/handler.go:1649	have all messages and processed	{"{round 20 3  <nil>}": {"Key":"self","Type":15,"Integer":0,"String":"a","Interface":null}}
2025-08-15T22:13:40.147-0500	DEBUG	protocol/handler.go:596	round already finalized
2025-08-15T22:13:40.147-0500	DEBUG	protocol/handler.go:581	tryAdvanceRound called	{"{current_round 20 3  <nil>}": {"Key":"self","Type":15,"Integer":0,"String":"a","Interface":null}}
2025-08-15T22:13:40.147-0500	DEBUG	protocol/handler.go:1591	have processed broadcast	{"{round 20 3  <nil>}": {"Key":"from","Type":15,"Integer":0,"String":"b","Interface":null}}
2025-08-15T22:13:40.147-0500	DEBUG	protocol/handler.go:1591	have processed broadcast	{"{round 20 3  <nil>}": {"Key":"from","Type":15,"Integer":0,"String":"c","Interface":null}}
2025-08-15T22:13:40.147-0500	DEBUG	protocol/handler.go:1649	have all messages and processed	{"{round 20 3  <nil>}": {"Key":"self","Type":15,"Integer":0,"String":"a","Interface":null}}
2025-08-15T22:13:40.147-0500	DEBUG	protocol/handler.go:596	round already finalized
2025-08-15T22:13:40.147-0500	DEBUG	protocol/handler.go:581	tryAdvanceRound called	{"{current_round 20 3  <nil>}": {"Key":"self","Type":15,"Integer":0,"String":"c","Interface":null}}
2025-08-15T22:13:40.148-0500	DEBUG	protocol/handler.go:1591	have processed broadcast	{"{round 20 3  <nil>}": {"Key":"from","Type":15,"Integer":0,"String":"a","Interface":null}}
2025-08-15T22:13:40.149-0500	DEBUG	protocol/handler.go:1591	have processed broadcast	{"{round 20 3  <nil>}": {"Key":"from","Type":15,"Integer":0,"String":"b","Interface":null}}
2025-08-15T22:13:40.149-0500	DEBUG	protocol/handler.go:1649	have all messages and processed	{"{round 20 3  <nil>}": {"Key":"self","Type":15,"Integer":0,"String":"c","Interface":null}}
2025-08-15T22:13:40.149-0500	DEBUG	protocol/handler.go:596	round already finalized
2025-08-15T22:13:40.149-0500	DEBUG	protocol/handler.go:581	tryAdvanceRound called	{"{current_round 20 3  <nil>}": {"Key":"self","Type":15,"Integer":0,"String":"c","Interface":null}}
2025-08-15T22:13:40.149-0500	DEBUG	protocol/handler.go:1591	have processed broadcast	{"{round 20 3  <nil>}": {"Key":"from","Type":15,"Integer":0,"String":"a","Interface":null}}
2025-08-15T22:13:40.150-0500	DEBUG	protocol/handler.go:1591	have processed broadcast	{"{round 20 3  <nil>}": {"Key":"from","Type":15,"Integer":0,"String":"b","Interface":null}}
2025-08-15T22:13:40.150-0500	DEBUG	protocol/handler.go:1649	have all messages and processed	{"{round 20 3  <nil>}": {"Key":"self","Type":15,"Integer":0,"String":"c","Interface":null}}
2025-08-15T22:13:40.150-0500	DEBUG	protocol/handler.go:596	round already finalized
2025-08-15T22:13:40.156-0500	DEBUG	protocol/handler.go:581	tryAdvanceRound called	{"{current_round 20 3  <nil>}": {"Key":"self","Type":15,"Integer":0,"String":"b","Interface":null}}
2025-08-15T22:13:40.156-0500	DEBUG	protocol/handler.go:1591	have processed broadcast	{"{round 20 3  <nil>}": {"Key":"from","Type":15,"Integer":0,"String":"a","Interface":null}}
2025-08-15T22:13:40.157-0500	DEBUG	protocol/handler.go:1591	have processed broadcast	{"{round 20 3  <nil>}": {"Key":"from","Type":15,"Integer":0,"String":"c","Interface":null}}
2025-08-15T22:13:40.157-0500	DEBUG	protocol/handler.go:1649	have all messages and processed	{"{round 20 3  <nil>}": {"Key":"self","Type":15,"Integer":0,"String":"b","Interface":null}}
2025-08-15T22:13:40.157-0500	DEBUG	protocol/handler.go:596	round already finalized
2025-08-15T22:13:40.157-0500	DEBUG	protocol/handler.go:581	tryAdvanceRound called	{"{current_round 20 3  <nil>}": {"Key":"self","Type":15,"Integer":0,"String":"b","Interface":null}}
2025-08-15T22:13:40.157-0500	DEBUG	protocol/handler.go:1591	have processed broadcast	{"{round 20 3  <nil>}": {"Key":"from","Type":15,"Integer":0,"String":"a","Interface":null}}
2025-08-15T22:13:40.157-0500	DEBUG	protocol/handler.go:1591	have processed broadcast	{"{round 20 3  <nil>}": {"Key":"from","Type":15,"Integer":0,"String":"c","Interface":null}}
2025-08-15T22:13:40.157-0500	DEBUG	protocol/handler.go:1649	have all messages and processed	{"{round 20 3  <nil>}": {"Key":"self","Type":15,"Integer":0,"String":"b","Interface":null}}
2025-08-15T22:13:40.157-0500	DEBUG	protocol/handler.go:596	round already finalized
2025-08-15T22:13:40.172-0500	DEBUG	protocol/handler.go:581	tryAdvanceRound called	{"{current_round 20 3  <nil>}": {"Key":"self","Type":15,"Integer":0,"String":"a","Interface":null}}
2025-08-15T22:13:40.172-0500	DEBUG	protocol/handler.go:1591	have processed broadcast	{"{round 20 3  <nil>}": {"Key":"from","Type":15,"Integer":0,"String":"b","Interface":null}}
2025-08-15T22:13:40.172-0500	DEBUG	protocol/handler.go:1591	have processed broadcast	{"{round 20 3  <nil>}": {"Key":"from","Type":15,"Integer":0,"String":"c","Interface":null}}
2025-08-15T22:13:40.172-0500	DEBUG	protocol/handler.go:1649	have all messages and processed	{"{round 20 3  <nil>}": {"Key":"self","Type":15,"Integer":0,"String":"a","Interface":null}}
2025-08-15T22:13:40.172-0500	DEBUG	protocol/handler.go:596	round already finalized
2025-08-15T22:13:40.174-0500	DEBUG	protocol/handler.go:581	tryAdvanceRound called	{"{current_round 20 3  <nil>}": {"Key":"self","Type":15,"Integer":0,"String":"c","Interface":null}}
2025-08-15T22:13:40.174-0500	DEBUG	protocol/handler.go:1591	have processed broadcast	{"{round 20 3  <nil>}": {"Key":"from","Type":15,"Integer":0,"String":"a","Interface":null}}
2025-08-15T22:13:40.174-0500	DEBUG	protocol/handler.go:1591	have processed broadcast	{"{round 20 3  <nil>}": {"Key":"from","Type":15,"Integer":0,"String":"b","Interface":null}}
2025-08-15T22:13:40.174-0500	DEBUG	protocol/handler.go:1649	have all messages and processed	{"{round 20 3  <nil>}": {"Key":"self","Type":15,"Integer":0,"String":"c","Interface":null}}
2025-08-15T22:13:40.175-0500	DEBUG	protocol/handler.go:596	round already finalized
2025-08-15T22:13:40.188-0500	DEBUG	protocol/handler.go:581	tryAdvanceRound called	{"{current_round 20 3  <nil>}": {"Key":"self","Type":15,"Integer":0,"String":"b","Interface":null}}
2025-08-15T22:13:40.188-0500	DEBUG	protocol/handler.go:1591	have processed broadcast	{"{round 20 3  <nil>}": {"Key":"from","Type":15,"Integer":0,"String":"a","Interface":null}}
2025-08-15T22:13:40.188-0500	DEBUG	protocol/handler.go:1591	have processed broadcast	{"{round 20 3  <nil>}": {"Key":"from","Type":15,"Integer":0,"String":"c","Interface":null}}
2025-08-15T22:13:40.189-0500	DEBUG	protocol/handler.go:1649	have all messages and processed	{"{round 20 3  <nil>}": {"Key":"self","Type":15,"Integer":0,"String":"b","Interface":null}}
2025-08-15T22:13:40.189-0500	DEBUG	protocol/handler.go:596	round already finalized
2025-08-15T22:13:40.192-0500	DEBUG	protocol/handler.go:581	tryAdvanceRound called	{"{current_round 20 3  <nil>}": {"Key":"self","Type":15,"Integer":0,"String":"a","Interface":null}}
2025-08-15T22:13:40.193-0500	DEBUG	protocol/handler.go:1591	have processed broadcast	{"{round 20 3  <nil>}": {"Key":"from","Type":15,"Integer":0,"String":"b","Interface":null}}
2025-08-15T22:13:40.193-0500	DEBUG	protocol/handler.go:1591	have processed broadcast	{"{round 20 3  <nil>}": {"Key":"from","Type":15,"Integer":0,"String":"c","Interface":null}}
2025-08-15T22:13:40.193-0500	DEBUG	protocol/handler.go:1649	have all messages and processed	{"{round 20 3  <nil>}": {"Key":"self","Type":15,"Integer":0,"String":"a","Interface":null}}
2025-08-15T22:13:40.193-0500	DEBUG	protocol/handler.go:596	round already finalized
2025-08-15T22:13:40.194-0500	DEBUG	protocol/handler.go:581	tryAdvanceRound called	{"{current_round 20 3  <nil>}": {"Key":"self","Type":15,"Integer":0,"String":"c","Interface":null}}
2025-08-15T22:13:40.194-0500	DEBUG	protocol/handler.go:1591	have processed broadcast	{"{round 20 3  <nil>}": {"Key":"from","Type":15,"Integer":0,"String":"a","Interface":null}}
2025-08-15T22:13:40.194-0500	DEBUG	protocol/handler.go:1591	have processed broadcast	{"{round 20 3  <nil>}": {"Key":"from","Type":15,"Integer":0,"String":"b","Interface":null}}
2025-08-15T22:13:40.194-0500	DEBUG	protocol/handler.go:1649	have all messages and processed	{"{round 20 3  <nil>}": {"Key":"self","Type":15,"Integer":0,"String":"c","Interface":null}}
2025-08-15T22:13:40.194-0500	DEBUG	protocol/handler.go:596	round already finalized
2025-08-15T22:13:40.205-0500	DEBUG	protocol/handler.go:581	tryAdvanceRound called	{"{current_round 20 3  <nil>}": {"Key":"self","Type":15,"Integer":0,"String":"b","Interface":null}}
2025-08-15T22:13:40.205-0500	DEBUG	protocol/handler.go:1591	have processed broadcast	{"{round 20 3  <nil>}": {"Key":"from","Type":15,"Integer":0,"String":"a","Interface":null}}
2025-08-15T22:13:40.205-0500	DEBUG	protocol/handler.go:1591	have processed broadcast	{"{round 20 3  <nil>}": {"Key":"from","Type":15,"Integer":0,"String":"c","Interface":null}}
2025-08-15T22:13:40.206-0500	DEBUG	protocol/handler.go:1649	have all messages and processed	{"{round 20 3  <nil>}": {"Key":"self","Type":15,"Integer":0,"String":"b","Interface":null}}
2025-08-15T22:13:40.206-0500	DEBUG	protocol/handler.go:596	round already finalized
2025-08-15T22:13:40.217-0500	DEBUG	protocol/handler.go:581	tryAdvanceRound called	{"{current_round 20 3  <nil>}": {"Key":"self","Type":15,"Integer":0,"String":"c","Interface":null}}
2025-08-15T22:13:40.218-0500	DEBUG	protocol/handler.go:1591	have processed broadcast	{"{round 20 3  <nil>}": {"Key":"from","Type":15,"Integer":0,"String":"a","Interface":null}}
2025-08-15T22:13:40.218-0500	DEBUG	protocol/handler.go:1591	have processed broadcast	{"{round 20 3  <nil>}": {"Key":"from","Type":15,"Integer":0,"String":"b","Interface":null}}
2025-08-15T22:13:40.218-0500	DEBUG	protocol/handler.go:1649	have all messages and processed	{"{round 20 3  <nil>}": {"Key":"self","Type":15,"Integer":0,"String":"c","Interface":null}}
2025-08-15T22:13:40.218-0500	DEBUG	protocol/handler.go:596	round already finalized
2025-08-15T22:13:40.228-0500	DEBUG	protocol/handler.go:581	tryAdvanceRound called	{"{current_round 20 3  <nil>}": {"Key":"self","Type":15,"Integer":0,"String":"a","Interface":null}}
2025-08-15T22:13:40.229-0500	DEBUG	protocol/handler.go:1591	have processed broadcast	{"{round 20 3  <nil>}": {"Key":"from","Type":15,"Integer":0,"String":"b","Interface":null}}
2025-08-15T22:13:40.229-0500	DEBUG	protocol/handler.go:1591	have processed broadcast	{"{round 20 3  <nil>}": {"Key":"from","Type":15,"Integer":0,"String":"c","Interface":null}}
2025-08-15T22:13:40.229-0500	DEBUG	protocol/handler.go:1649	have all messages and processed	{"{round 20 3  <nil>}": {"Key":"self","Type":15,"Integer":0,"String":"a","Interface":null}}
2025-08-15T22:13:40.229-0500	DEBUG	protocol/handler.go:596	round already finalized
2025-08-15T22:13:40.229-0500	DEBUG	protocol/handler.go:581	tryAdvanceRound called	{"{current_round 20 3  <nil>}": {"Key":"self","Type":15,"Integer":0,"String":"a","Interface":null}}
2025-08-15T22:13:40.229-0500	DEBUG	protocol/handler.go:1591	have processed broadcast	{"{round 20 3  <nil>}": {"Key":"from","Type":15,"Integer":0,"String":"b","Interface":null}}
2025-08-15T22:13:40.229-0500	DEBUG	protocol/handler.go:1591	have processed broadcast	{"{round 20 3  <nil>}": {"Key":"from","Type":15,"Integer":0,"String":"c","Interface":null}}
2025-08-15T22:13:40.229-0500	DEBUG	protocol/handler.go:1649	have all messages and processed	{"{round 20 3  <nil>}": {"Key":"self","Type":15,"Integer":0,"String":"a","Interface":null}}
2025-08-15T22:13:40.229-0500	DEBUG	protocol/handler.go:596	round already finalized
2025-08-15T22:13:40.230-0500	DEBUG	protocol/handler.go:581	tryAdvanceRound called	{"{current_round 20 3  <nil>}": {"Key":"self","Type":15,"Integer":0,"String":"b","Interface":null}}
2025-08-15T22:13:40.231-0500	DEBUG	protocol/handler.go:1591	have processed broadcast	{"{round 20 3  <nil>}": {"Key":"from","Type":15,"Integer":0,"String":"a","Interface":null}}
2025-08-15T22:13:40.231-0500	DEBUG	protocol/handler.go:1591	have processed broadcast	{"{round 20 3  <nil>}": {"Key":"from","Type":15,"Integer":0,"String":"c","Interface":null}}
2025-08-15T22:13:40.231-0500	DEBUG	protocol/handler.go:1649	have all messages and processed	{"{round 20 3  <nil>}": {"Key":"self","Type":15,"Integer":0,"String":"b","Interface":null}}
2025-08-15T22:13:40.231-0500	DEBUG	protocol/handler.go:596	round already finalized
2025-08-15T22:13:40.240-0500	DEBUG	protocol/handler.go:581	tryAdvanceRound called	{"{current_round 20 3  <nil>}": {"Key":"self","Type":15,"Integer":0,"String":"a","Interface":null}}
2025-08-15T22:13:40.240-0500	DEBUG	protocol/handler.go:1591	have processed broadcast	{"{round 20 3  <nil>}": {"Key":"from","Type":15,"Integer":0,"String":"b","Interface":null}}
2025-08-15T22:13:40.240-0500	DEBUG	protocol/handler.go:1591	have processed broadcast	{"{round 20 3  <nil>}": {"Key":"from","Type":15,"Integer":0,"String":"c","Interface":null}}
2025-08-15T22:13:40.241-0500	DEBUG	protocol/handler.go:1649	have all messages and processed	{"{round 20 3  <nil>}": {"Key":"self","Type":15,"Integer":0,"String":"a","Interface":null}}
2025-08-15T22:13:40.241-0500	DEBUG	protocol/handler.go:596	round already finalized
2025-08-15T22:13:40.241-0500	DEBUG	protocol/handler.go:581	tryAdvanceRound called	{"{current_round 20 3  <nil>}": {"Key":"self","Type":15,"Integer":0,"String":"c","Interface":null}}
2025-08-15T22:13:40.241-0500	DEBUG	protocol/handler.go:1591	have processed broadcast	{"{round 20 3  <nil>}": {"Key":"from","Type":15,"Integer":0,"String":"a","Interface":null}}
2025-08-15T22:13:40.241-0500	DEBUG	protocol/handler.go:1591	have processed broadcast	{"{round 20 3  <nil>}": {"Key":"from","Type":15,"Integer":0,"String":"b","Interface":null}}
2025-08-15T22:13:40.241-0500	DEBUG	protocol/handler.go:1649	have all messages and processed	{"{round 20 3  <nil>}": {"Key":"self","Type":15,"Integer":0,"String":"c","Interface":null}}
2025-08-15T22:13:40.241-0500	DEBUG	protocol/handler.go:596	round already finalized
2025-08-15T22:13:40.244-0500	DEBUG	protocol/handler.go:581	tryAdvanceRound called	{"{current_round 20 3  <nil>}": {"Key":"self","Type":15,"Integer":0,"String":"c","Interface":null}}
2025-08-15T22:13:40.244-0500	DEBUG	protocol/handler.go:1591	have processed broadcast	{"{round 20 3  <nil>}": {"Key":"from","Type":15,"Integer":0,"String":"a","Interface":null}}
2025-08-15T22:13:40.244-0500	DEBUG	protocol/handler.go:1591	have processed broadcast	{"{round 20 3  <nil>}": {"Key":"from","Type":15,"Integer":0,"String":"b","Interface":null}}
2025-08-15T22:13:40.244-0500	DEBUG	protocol/handler.go:1649	have all messages and processed	{"{round 20 3  <nil>}": {"Key":"self","Type":15,"Integer":0,"String":"c","Interface":null}}
2025-08-15T22:13:40.244-0500	DEBUG	protocol/handler.go:596	round already finalized
2025-08-15T22:13:40.251-0500	DEBUG	protocol/handler.go:581	tryAdvanceRound called	{"{current_round 20 3  <nil>}": {"Key":"self","Type":15,"Integer":0,"String":"b","Interface":null}}
2025-08-15T22:13:40.251-0500	DEBUG	protocol/handler.go:1591	have processed broadcast	{"{round 20 3  <nil>}": {"Key":"from","Type":15,"Integer":0,"String":"a","Interface":null}}
2025-08-15T22:13:40.251-0500	DEBUG	protocol/handler.go:1591	have processed broadcast	{"{round 20 3  <nil>}": {"Key":"from","Type":15,"Integer":0,"String":"c","Interface":null}}
2025-08-15T22:13:40.251-0500	DEBUG	protocol/handler.go:1649	have all messages and processed	{"{round 20 3  <nil>}": {"Key":"self","Type":15,"Integer":0,"String":"b","Interface":null}}
2025-08-15T22:13:40.252-0500	DEBUG	protocol/handler.go:596	round already finalized
2025-08-15T22:13:40.262-0500	DEBUG	protocol/handler.go:581	tryAdvanceRound called	{"{current_round 20 3  <nil>}": {"Key":"self","Type":15,"Integer":0,"String":"a","Interface":null}}
2025-08-15T22:13:40.262-0500	DEBUG	protocol/handler.go:1591	have processed broadcast	{"{round 20 3  <nil>}": {"Key":"from","Type":15,"Integer":0,"String":"b","Interface":null}}
2025-08-15T22:13:40.262-0500	DEBUG	protocol/handler.go:1591	have processed broadcast	{"{round 20 3  <nil>}": {"Key":"from","Type":15,"Integer":0,"String":"c","Interface":null}}
2025-08-15T22:13:40.262-0500	DEBUG	protocol/handler.go:1649	have all messages and processed	{"{round 20 3  <nil>}": {"Key":"self","Type":15,"Integer":0,"String":"a","Interface":null}}
2025-08-15T22:13:40.262-0500	DEBUG	protocol/handler.go:596	round already finalized
2025-08-15T22:13:40.262-0500	DEBUG	protocol/handler.go:581	tryAdvanceRound called	{"{current_round 20 3  <nil>}": {"Key":"self","Type":15,"Integer":0,"String":"c","Interface":null}}
2025-08-15T22:13:40.263-0500	DEBUG	protocol/handler.go:1591	have processed broadcast	{"{round 20 3  <nil>}": {"Key":"from","Type":15,"Integer":0,"String":"a","Interface":null}}
2025-08-15T22:13:40.263-0500	DEBUG	protocol/handler.go:1591	have processed broadcast	{"{round 20 3  <nil>}": {"Key":"from","Type":15,"Integer":0,"String":"b","Interface":null}}
2025-08-15T22:13:40.263-0500	DEBUG	protocol/handler.go:1649	have all messages and processed	{"{round 20 3  <nil>}": {"Key":"self","Type":15,"Integer":0,"String":"c","Interface":null}}
2025-08-15T22:13:40.263-0500	DEBUG	protocol/handler.go:596	round already finalized
2025-08-15T22:13:40.274-0500	DEBUG	protocol/handler.go:581	tryAdvanceRound called	{"{current_round 20 3  <nil>}": {"Key":"self","Type":15,"Integer":0,"String":"b","Interface":null}}
2025-08-15T22:13:40.275-0500	DEBUG	protocol/handler.go:1591	have processed broadcast	{"{round 20 3  <nil>}": {"Key":"from","Type":15,"Integer":0,"String":"a","Interface":null}}
2025-08-15T22:13:40.275-0500	DEBUG	protocol/handler.go:1591	have processed broadcast	{"{round 20 3  <nil>}": {"Key":"from","Type":15,"Integer":0,"String":"c","Interface":null}}
2025-08-15T22:13:40.275-0500	DEBUG	protocol/handler.go:1649	have all messages and processed	{"{round 20 3  <nil>}": {"Key":"self","Type":15,"Integer":0,"String":"b","Interface":null}}
2025-08-15T22:13:40.275-0500	DEBUG	protocol/handler.go:596	round already finalized
2025-08-15T22:13:40.287-0500	DEBUG	protocol/handler.go:581	tryAdvanceRound called	{"{current_round 20 3  <nil>}": {"Key":"self","Type":15,"Integer":0,"String":"a","Interface":null}}
2025-08-15T22:13:40.287-0500	DEBUG	protocol/handler.go:581	tryAdvanceRound called	{"{current_round 20 3  <nil>}": {"Key":"self","Type":15,"Integer":0,"String":"b","Interface":null}}
2025-08-15T22:13:40.287-0500	DEBUG	protocol/handler.go:1591	have processed broadcast	{"{round 20 3  <nil>}": {"Key":"from","Type":15,"Integer":0,"String":"b","Interface":null}}
2025-08-15T22:13:40.287-0500	DEBUG	protocol/handler.go:1591	have processed broadcast	{"{round 20 3  <nil>}": {"Key":"from","Type":15,"Integer":0,"String":"a","Interface":null}}
2025-08-15T22:13:40.287-0500	DEBUG	protocol/handler.go:1591	have processed broadcast	{"{round 20 3  <nil>}": {"Key":"from","Type":15,"Integer":0,"String":"c","Interface":null}}
2025-08-15T22:13:40.287-0500	DEBUG	protocol/handler.go:1591	have processed broadcast	{"{round 20 3  <nil>}": {"Key":"from","Type":15,"Integer":0,"String":"c","Interface":null}}
2025-08-15T22:13:40.287-0500	DEBUG	protocol/handler.go:1649	have all messages and processed	{"{round 20 3  <nil>}": {"Key":"self","Type":15,"Integer":0,"String":"a","Interface":null}}
2025-08-15T22:13:40.287-0500	DEBUG	protocol/handler.go:596	round already finalized
2025-08-15T22:13:40.287-0500	DEBUG	protocol/handler.go:1649	have all messages and processed	{"{round 20 3  <nil>}": {"Key":"self","Type":15,"Integer":0,"String":"b","Interface":null}}
2025-08-15T22:13:40.287-0500	DEBUG	protocol/handler.go:596	round already finalized
2025-08-15T22:13:40.313-0500	DEBUG	protocol/handler.go:581	tryAdvanceRound called	{"{current_round 20 3  <nil>}": {"Key":"self","Type":15,"Integer":0,"String":"c","Interface":null}}
2025-08-15T22:13:40.313-0500	DEBUG	protocol/handler.go:1591	have processed broadcast	{"{round 20 3  <nil>}": {"Key":"from","Type":15,"Integer":0,"String":"a","Interface":null}}
2025-08-15T22:13:40.313-0500	DEBUG	protocol/handler.go:1591	have processed broadcast	{"{round 20 3  <nil>}": {"Key":"from","Type":15,"Integer":0,"String":"b","Interface":null}}
2025-08-15T22:13:40.313-0500	DEBUG	protocol/handler.go:1649	have all messages and processed	{"{round 20 3  <nil>}": {"Key":"self","Type":15,"Integer":0,"String":"c","Interface":null}}
2025-08-15T22:13:40.313-0500	DEBUG	protocol/handler.go:596	round already finalized
2025-08-15T22:13:40.313-0500	DEBUG	protocol/handler.go:581	tryAdvanceRound called	{"{current_round 20 3  <nil>}": {"Key":"self","Type":15,"Integer":0,"String":"c","Interface":null}}
2025-08-15T22:13:40.313-0500	DEBUG	protocol/handler.go:1591	have processed broadcast	{"{round 20 3  <nil>}": {"Key":"from","Type":15,"Integer":0,"String":"a","Interface":null}}
2025-08-15T22:13:40.313-0500	DEBUG	protocol/handler.go:1591	have processed broadcast	{"{round 20 3  <nil>}": {"Key":"from","Type":15,"Integer":0,"String":"b","Interface":null}}
2025-08-15T22:13:40.313-0500	DEBUG	protocol/handler.go:1649	have all messages and processed	{"{round 20 3  <nil>}": {"Key":"self","Type":15,"Integer":0,"String":"c","Interface":null}}
2025-08-15T22:13:40.314-0500	DEBUG	protocol/handler.go:596	round already finalized
2025-08-15T22:13:40.314-0500	DEBUG	protocol/handler.go:581	tryAdvanceRound called	{"{current_round 20 3  <nil>}": {"Key":"self","Type":15,"Integer":0,"String":"b","Interface":null}}
2025-08-15T22:13:40.314-0500	DEBUG	protocol/handler.go:1591	have processed broadcast	{"{round 20 3  <nil>}": {"Key":"from","Type":15,"Integer":0,"String":"a","Interface":null}}
2025-08-15T22:13:40.314-0500	DEBUG	protocol/handler.go:1591	have processed broadcast	{"{round 20 3  <nil>}": {"Key":"from","Type":15,"Integer":0,"String":"c","Interface":null}}
2025-08-15T22:13:40.314-0500	DEBUG	protocol/handler.go:1649	have all messages and processed	{"{round 20 3  <nil>}": {"Key":"self","Type":15,"Integer":0,"String":"b","Interface":null}}
2025-08-15T22:13:40.314-0500	DEBUG	protocol/handler.go:596	round already finalized
2025-08-15T22:13:40.334-0500	DEBUG	protocol/handler.go:581	tryAdvanceRound called	{"{current_round 20 3  <nil>}": {"Key":"self","Type":15,"Integer":0,"String":"b","Interface":null}}
2025-08-15T22:13:40.334-0500	DEBUG	protocol/handler.go:1591	have processed broadcast	{"{round 20 3  <nil>}": {"Key":"from","Type":15,"Integer":0,"String":"a","Interface":null}}
2025-08-15T22:13:40.334-0500	DEBUG	protocol/handler.go:1591	have processed broadcast	{"{round 20 3  <nil>}": {"Key":"from","Type":15,"Integer":0,"String":"c","Interface":null}}
2025-08-15T22:13:40.334-0500	DEBUG	protocol/handler.go:1649	have all messages and processed	{"{round 20 3  <nil>}": {"Key":"self","Type":15,"Integer":0,"String":"b","Interface":null}}
2025-08-15T22:13:40.335-0500	DEBUG	protocol/handler.go:596	round already finalized
2025-08-15T22:13:40.335-0500	DEBUG	protocol/handler.go:581	tryAdvanceRound called	{"{current_round 20 3  <nil>}": {"Key":"self","Type":15,"Integer":0,"String":"a","Interface":null}}
2025-08-15T22:13:40.335-0500	DEBUG	protocol/handler.go:1591	have processed broadcast	{"{round 20 3  <nil>}": {"Key":"from","Type":15,"Integer":0,"String":"b","Interface":null}}
2025-08-15T22:13:40.335-0500	DEBUG	protocol/handler.go:1591	have processed broadcast	{"{round 20 3  <nil>}": {"Key":"from","Type":15,"Integer":0,"String":"c","Interface":null}}
2025-08-15T22:13:40.335-0500	DEBUG	protocol/handler.go:1649	have all messages and processed	{"{round 20 3  <nil>}": {"Key":"self","Type":15,"Integer":0,"String":"a","Interface":null}}
2025-08-15T22:13:40.335-0500	DEBUG	protocol/handler.go:596	round already finalized
2025-08-15T22:13:40.335-0500	DEBUG	protocol/handler.go:581	tryAdvanceRound called	{"{current_round 20 3  <nil>}": {"Key":"self","Type":15,"Integer":0,"String":"a","Interface":null}}
2025-08-15T22:13:40.335-0500	DEBUG	protocol/handler.go:1591	have processed broadcast	{"{round 20 3  <nil>}": {"Key":"from","Type":15,"Integer":0,"String":"b","Interface":null}}
2025-08-15T22:13:40.335-0500	DEBUG	protocol/handler.go:1591	have processed broadcast	{"{round 20 3  <nil>}": {"Key":"from","Type":15,"Integer":0,"String":"c","Interface":null}}
2025-08-15T22:13:40.335-0500	DEBUG	protocol/handler.go:1649	have all messages and processed	{"{round 20 3  <nil>}": {"Key":"self","Type":15,"Integer":0,"String":"a","Interface":null}}
2025-08-15T22:13:40.335-0500	DEBUG	protocol/handler.go:596	round already finalized
2025-08-15T22:13:40.383-0500	DEBUG	protocol/handler.go:581	tryAdvanceRound called	{"{current_round 20 3  <nil>}": {"Key":"self","Type":15,"Integer":0,"String":"c","Interface":null}}
2025-08-15T22:13:40.383-0500	DEBUG	protocol/handler.go:1591	have processed broadcast	{"{round 20 3  <nil>}": {"Key":"from","Type":15,"Integer":0,"String":"a","Interface":null}}
2025-08-15T22:13:40.383-0500	DEBUG	protocol/handler.go:1591	have processed broadcast	{"{round 20 3  <nil>}": {"Key":"from","Type":15,"Integer":0,"String":"b","Interface":null}}
2025-08-15T22:13:40.383-0500	DEBUG	protocol/handler.go:1649	have all messages and processed	{"{round 20 3  <nil>}": {"Key":"self","Type":15,"Integer":0,"String":"c","Interface":null}}
2025-08-15T22:13:40.383-0500	DEBUG	protocol/handler.go:596	round already finalized
2025-08-15T22:13:40.383-0500	DEBUG	protocol/handler.go:581	tryAdvanceRound called	{"{current_round 20 3  <nil>}": {"Key":"self","Type":15,"Integer":0,"String":"c","Interface":null}}
2025-08-15T22:13:40.383-0500	DEBUG	protocol/handler.go:1591	have processed broadcast	{"{round 20 3  <nil>}": {"Key":"from","Type":15,"Integer":0,"String":"a","Interface":null}}
2025-08-15T22:13:40.383-0500	DEBUG	protocol/handler.go:1591	have processed broadcast	{"{round 20 3  <nil>}": {"Key":"from","Type":15,"Integer":0,"String":"b","Interface":null}}
2025-08-15T22:13:40.383-0500	DEBUG	protocol/handler.go:1649	have all messages and processed	{"{round 20 3  <nil>}": {"Key":"self","Type":15,"Integer":0,"String":"c","Interface":null}}
2025-08-15T22:13:40.383-0500	DEBUG	protocol/handler.go:596	round already finalized
2025-08-15T22:13:40.383-0500	DEBUG	protocol/handler.go:581	tryAdvanceRound called	{"{current_round 20 3  <nil>}": {"Key":"self","Type":15,"Integer":0,"String":"b","Interface":null}}
2025-08-15T22:13:40.383-0500	DEBUG	protocol/handler.go:1591	have processed broadcast	{"{round 20 3  <nil>}": {"Key":"from","Type":15,"Integer":0,"String":"a","Interface":null}}
2025-08-15T22:13:40.384-0500	DEBUG	protocol/handler.go:1591	have processed broadcast	{"{round 20 3  <nil>}": {"Key":"from","Type":15,"Integer":0,"String":"c","Interface":null}}
2025-08-15T22:13:40.384-0500	DEBUG	protocol/handler.go:1649	have all messages and processed	{"{round 20 3  <nil>}": {"Key":"self","Type":15,"Integer":0,"String":"b","Interface":null}}
2025-08-15T22:13:40.384-0500	DEBUG	protocol/handler.go:596	round already finalized
2025-08-15T22:13:40.384-0500	DEBUG	protocol/handler.go:581	tryAdvanceRound called	{"{current_round 20 3  <nil>}": {"Key":"self","Type":15,"Integer":0,"String":"b","Interface":null}}
2025-08-15T22:13:40.384-0500	DEBUG	protocol/handler.go:1591	have processed broadcast	{"{round 20 3  <nil>}": {"Key":"from","Type":15,"Integer":0,"String":"a","Interface":null}}
2025-08-15T22:13:40.384-0500	DEBUG	protocol/handler.go:1591	have processed broadcast	{"{round 20 3  <nil>}": {"Key":"from","Type":15,"Integer":0,"String":"c","Interface":null}}
2025-08-15T22:13:40.384-0500	DEBUG	protocol/handler.go:1649	have all messages and processed	{"{round 20 3  <nil>}": {"Key":"self","Type":15,"Integer":0,"String":"b","Interface":null}}
2025-08-15T22:13:40.384-0500	DEBUG	protocol/handler.go:596	round already finalized
2025-08-15T22:13:40.384-0500	DEBUG	protocol/handler.go:581	tryAdvanceRound called	{"{current_round 20 3  <nil>}": {"Key":"self","Type":15,"Integer":0,"String":"a","Interface":null}}
2025-08-15T22:13:40.384-0500	DEBUG	protocol/handler.go:1591	have processed broadcast	{"{round 20 3  <nil>}": {"Key":"from","Type":15,"Integer":0,"String":"b","Interface":null}}
2025-08-15T22:13:40.384-0500	DEBUG	protocol/handler.go:1591	have processed broadcast	{"{round 20 3  <nil>}": {"Key":"from","Type":15,"Integer":0,"String":"c","Interface":null}}
2025-08-15T22:13:40.384-0500	DEBUG	protocol/handler.go:1649	have all messages and processed	{"{round 20 3  <nil>}": {"Key":"self","Type":15,"Integer":0,"String":"a","Interface":null}}
2025-08-15T22:13:40.384-0500	DEBUG	protocol/handler.go:596	round already finalized
2025-08-15T22:13:40.384-0500	DEBUG	protocol/handler.go:581	tryAdvanceRound called	{"{current_round 20 3  <nil>}": {"Key":"self","Type":15,"Integer":0,"String":"a","Interface":null}}
2025-08-15T22:13:40.384-0500	DEBUG	protocol/handler.go:1591	have processed broadcast	{"{round 20 3  <nil>}": {"Key":"from","Type":15,"Integer":0,"String":"b","Interface":null}}
2025-08-15T22:13:40.384-0500	DEBUG	protocol/handler.go:1591	have processed broadcast	{"{round 20 3  <nil>}": {"Key":"from","Type":15,"Integer":0,"String":"c","Interface":null}}
2025-08-15T22:13:40.384-0500	DEBUG	protocol/handler.go:1649	have all messages and processed	{"{round 20 3  <nil>}": {"Key":"self","Type":15,"Integer":0,"String":"a","Interface":null}}
2025-08-15T22:13:40.384-0500	DEBUG	protocol/handler.go:596	round already finalized
2025-08-15T22:13:40.406-0500	DEBUG	protocol/handler.go:581	tryAdvanceRound called	{"{current_round 20 3  <nil>}": {"Key":"self","Type":15,"Integer":0,"String":"c","Interface":null}}
2025-08-15T22:13:40.406-0500	DEBUG	protocol/handler.go:1591	have processed broadcast	{"{round 20 3  <nil>}": {"Key":"from","Type":15,"Integer":0,"String":"a","Interface":null}}
2025-08-15T22:13:40.406-0500	DEBUG	protocol/handler.go:1591	have processed broadcast	{"{round 20 3  <nil>}": {"Key":"from","Type":15,"Integer":0,"String":"b","Interface":null}}
2025-08-15T22:13:40.406-0500	DEBUG	protocol/handler.go:1649	have all messages and processed	{"{round 20 3  <nil>}": {"Key":"self","Type":15,"Integer":0,"String":"c","Interface":null}}
2025-08-15T22:13:40.406-0500	DEBUG	protocol/handler.go:596	round already finalized
2025-08-15T22:13:40.412-0500	DEBUG	protocol/handler.go:581	tryAdvanceRound called	{"{current_round 20 3  <nil>}": {"Key":"self","Type":15,"Integer":0,"String":"a","Interface":null}}
2025-08-15T22:13:40.412-0500	DEBUG	protocol/handler.go:1591	have processed broadcast	{"{round 20 3  <nil>}": {"Key":"from","Type":15,"Integer":0,"String":"b","Interface":null}}
2025-08-15T22:13:40.412-0500	DEBUG	protocol/handler.go:1591	have processed broadcast	{"{round 20 3  <nil>}": {"Key":"from","Type":15,"Integer":0,"String":"c","Interface":null}}
2025-08-15T22:13:40.412-0500	DEBUG	protocol/handler.go:1649	have all messages and processed	{"{round 20 3  <nil>}": {"Key":"self","Type":15,"Integer":0,"String":"a","Interface":null}}
2025-08-15T22:13:40.412-0500	DEBUG	protocol/handler.go:596	round already finalized
2025-08-15T22:13:40.430-0500	DEBUG	protocol/handler.go:581	tryAdvanceRound called	{"{current_round 20 3  <nil>}": {"Key":"self","Type":15,"Integer":0,"String":"a","Interface":null}}
2025-08-15T22:13:40.430-0500	DEBUG	protocol/handler.go:1591	have processed broadcast	{"{round 20 3  <nil>}": {"Key":"from","Type":15,"Integer":0,"String":"b","Interface":null}}
2025-08-15T22:13:40.430-0500	DEBUG	protocol/handler.go:1591	have processed broadcast	{"{round 20 3  <nil>}": {"Key":"from","Type":15,"Integer":0,"String":"c","Interface":null}}
2025-08-15T22:13:40.430-0500	DEBUG	protocol/handler.go:1649	have all messages and processed	{"{round 20 3  <nil>}": {"Key":"self","Type":15,"Integer":0,"String":"a","Interface":null}}
2025-08-15T22:13:40.430-0500	DEBUG	protocol/handler.go:596	round already finalized
2025-08-15T22:13:40.430-0500	DEBUG	protocol/handler.go:581	tryAdvanceRound called	{"{current_round 20 3  <nil>}": {"Key":"self","Type":15,"Integer":0,"String":"b","Interface":null}}
2025-08-15T22:13:40.430-0500	DEBUG	protocol/handler.go:1591	have processed broadcast	{"{round 20 3  <nil>}": {"Key":"from","Type":15,"Integer":0,"String":"a","Interface":null}}
2025-08-15T22:13:40.430-0500	DEBUG	protocol/handler.go:1591	have processed broadcast	{"{round 20 3  <nil>}": {"Key":"from","Type":15,"Integer":0,"String":"c","Interface":null}}
2025-08-15T22:13:40.430-0500	DEBUG	protocol/handler.go:1649	have all messages and processed	{"{round 20 3  <nil>}": {"Key":"self","Type":15,"Integer":0,"String":"b","Interface":null}}
2025-08-15T22:13:40.430-0500	DEBUG	protocol/handler.go:596	round already finalized
2025-08-15T22:13:40.430-0500	DEBUG	protocol/handler.go:581	tryAdvanceRound called	{"{current_round 20 3  <nil>}": {"Key":"self","Type":15,"Integer":0,"String":"b","Interface":null}}
2025-08-15T22:13:40.430-0500	DEBUG	protocol/handler.go:1591	have processed broadcast	{"{round 20 3  <nil>}": {"Key":"from","Type":15,"Integer":0,"String":"a","Interface":null}}
2025-08-15T22:13:40.430-0500	DEBUG	protocol/handler.go:1591	have processed broadcast	{"{round 20 3  <nil>}": {"Key":"from","Type":15,"Integer":0,"String":"c","Interface":null}}
2025-08-15T22:13:40.431-0500	DEBUG	protocol/handler.go:1649	have all messages and processed	{"{round 20 3  <nil>}": {"Key":"self","Type":15,"Integer":0,"String":"b","Interface":null}}
2025-08-15T22:13:40.431-0500	DEBUG	protocol/handler.go:596	round already finalized
2025-08-15T22:13:40.431-0500	DEBUG	protocol/handler.go:581	tryAdvanceRound called	{"{current_round 20 3  <nil>}": {"Key":"self","Type":15,"Integer":0,"String":"b","Interface":null}}
2025-08-15T22:13:40.431-0500	DEBUG	protocol/handler.go:1591	have processed broadcast	{"{round 20 3  <nil>}": {"Key":"from","Type":15,"Integer":0,"String":"a","Interface":null}}
2025-08-15T22:13:40.431-0500	DEBUG	protocol/handler.go:1591	have processed broadcast	{"{round 20 3  <nil>}": {"Key":"from","Type":15,"Integer":0,"String":"c","Interface":null}}
2025-08-15T22:13:40.431-0500	DEBUG	protocol/handler.go:1649	have all messages and processed	{"{round 20 3  <nil>}": {"Key":"self","Type":15,"Integer":0,"String":"b","Interface":null}}
2025-08-15T22:13:40.431-0500	DEBUG	protocol/handler.go:596	round already finalized
2025-08-15T22:13:40.456-0500	DEBUG	protocol/handler.go:581	tryAdvanceRound called	{"{current_round 20 3  <nil>}": {"Key":"self","Type":15,"Integer":0,"String":"a","Interface":null}}
2025-08-15T22:13:40.456-0500	DEBUG	protocol/handler.go:1591	have processed broadcast	{"{round 20 3  <nil>}": {"Key":"from","Type":15,"Integer":0,"String":"b","Interface":null}}
2025-08-15T22:13:40.456-0500	DEBUG	protocol/handler.go:1591	have processed broadcast	{"{round 20 3  <nil>}": {"Key":"from","Type":15,"Integer":0,"String":"c","Interface":null}}
2025-08-15T22:13:40.457-0500	DEBUG	protocol/handler.go:1649	have all messages and processed	{"{round 20 3  <nil>}": {"Key":"self","Type":15,"Integer":0,"String":"a","Interface":null}}
2025-08-15T22:13:40.457-0500	DEBUG	protocol/handler.go:596	round already finalized
2025-08-15T22:13:40.475-0500	DEBUG	protocol/handler.go:581	tryAdvanceRound called	{"{current_round 20 3  <nil>}": {"Key":"self","Type":15,"Integer":0,"String":"c","Interface":null}}
2025-08-15T22:13:40.475-0500	DEBUG	protocol/handler.go:1591	have processed broadcast	{"{round 20 3  <nil>}": {"Key":"from","Type":15,"Integer":0,"String":"a","Interface":null}}
2025-08-15T22:13:40.475-0500	DEBUG	protocol/handler.go:1591	have processed broadcast	{"{round 20 3  <nil>}": {"Key":"from","Type":15,"Integer":0,"String":"b","Interface":null}}
2025-08-15T22:13:40.475-0500	DEBUG	protocol/handler.go:1649	have all messages and processed	{"{round 20 3  <nil>}": {"Key":"self","Type":15,"Integer":0,"String":"c","Interface":null}}
2025-08-15T22:13:40.475-0500	DEBUG	protocol/handler.go:596	round already finalized
2025-08-15T22:13:40.475-0500	DEBUG	protocol/handler.go:581	tryAdvanceRound called	{"{current_round 20 3  <nil>}": {"Key":"self","Type":15,"Integer":0,"String":"c","Interface":null}}
2025-08-15T22:13:40.475-0500	DEBUG	protocol/handler.go:1591	have processed broadcast	{"{round 20 3  <nil>}": {"Key":"from","Type":15,"Integer":0,"String":"a","Interface":null}}
2025-08-15T22:13:40.475-0500	DEBUG	protocol/handler.go:581	tryAdvanceRound called	{"{current_round 20 3  <nil>}": {"Key":"self","Type":15,"Integer":0,"String":"b","Interface":null}}
2025-08-15T22:13:40.475-0500	DEBUG	protocol/handler.go:1591	have processed broadcast	{"{round 20 3  <nil>}": {"Key":"from","Type":15,"Integer":0,"String":"b","Interface":null}}
2025-08-15T22:13:40.476-0500	DEBUG	protocol/handler.go:1649	have all messages and processed	{"{round 20 3  <nil>}": {"Key":"self","Type":15,"Integer":0,"String":"c","Interface":null}}
2025-08-15T22:13:40.476-0500	DEBUG	protocol/handler.go:596	round already finalized
2025-08-15T22:13:40.476-0500	DEBUG	protocol/handler.go:1591	have processed broadcast	{"{round 20 3  <nil>}": {"Key":"from","Type":15,"Integer":0,"String":"a","Interface":null}}
2025-08-15T22:13:40.476-0500	DEBUG	protocol/handler.go:1591	have processed broadcast	{"{round 20 3  <nil>}": {"Key":"from","Type":15,"Integer":0,"String":"c","Interface":null}}
2025-08-15T22:13:40.476-0500	DEBUG	protocol/handler.go:1649	have all messages and processed	{"{round 20 3  <nil>}": {"Key":"self","Type":15,"Integer":0,"String":"b","Interface":null}}
2025-08-15T22:13:40.476-0500	DEBUG	protocol/handler.go:596	round already finalized
2025-08-15T22:13:40.476-0500	DEBUG	protocol/handler.go:581	tryAdvanceRound called	{"{current_round 20 3  <nil>}": {"Key":"self","Type":15,"Integer":0,"String":"b","Interface":null}}
2025-08-15T22:13:40.476-0500	DEBUG	protocol/handler.go:1591	have processed broadcast	{"{round 20 3  <nil>}": {"Key":"from","Type":15,"Integer":0,"String":"a","Interface":null}}
2025-08-15T22:13:40.476-0500	DEBUG	protocol/handler.go:1591	have processed broadcast	{"{round 20 3  <nil>}": {"Key":"from","Type":15,"Integer":0,"String":"c","Interface":null}}
2025-08-15T22:13:40.476-0500	DEBUG	protocol/handler.go:1649	have all messages and processed	{"{round 20 3  <nil>}": {"Key":"self","Type":15,"Integer":0,"String":"b","Interface":null}}
2025-08-15T22:13:40.476-0500	DEBUG	protocol/handler.go:596	round already finalized
2025-08-15T22:13:40.476-0500	DEBUG	protocol/handler.go:581	tryAdvanceRound called	{"{current_round 20 3  <nil>}": {"Key":"self","Type":15,"Integer":0,"String":"a","Interface":null}}
2025-08-15T22:13:40.476-0500	DEBUG	protocol/handler.go:1591	have processed broadcast	{"{round 20 3  <nil>}": {"Key":"from","Type":15,"Integer":0,"String":"b","Interface":null}}
2025-08-15T22:13:40.476-0500	DEBUG	protocol/handler.go:1591	have processed broadcast	{"{round 20 3  <nil>}": {"Key":"from","Type":15,"Integer":0,"String":"c","Interface":null}}
2025-08-15T22:13:40.477-0500	DEBUG	protocol/handler.go:1649	have all messages and processed	{"{round 20 3  <nil>}": {"Key":"self","Type":15,"Integer":0,"String":"a","Interface":null}}
2025-08-15T22:13:40.477-0500	DEBUG	protocol/handler.go:596	round already finalized
2025-08-15T22:13:40.477-0500	DEBUG	protocol/handler.go:581	tryAdvanceRound called	{"{current_round 20 3  <nil>}": {"Key":"self","Type":15,"Integer":0,"String":"a","Interface":null}}
2025-08-15T22:13:40.477-0500	DEBUG	protocol/handler.go:1591	have processed broadcast	{"{round 20 3  <nil>}": {"Key":"from","Type":15,"Integer":0,"String":"b","Interface":null}}
2025-08-15T22:13:40.477-0500	DEBUG	protocol/handler.go:1591	have processed broadcast	{"{round 20 3  <nil>}": {"Key":"from","Type":15,"Integer":0,"String":"c","Interface":null}}
2025-08-15T22:13:40.477-0500	DEBUG	protocol/handler.go:1649	have all messages and processed	{"{round 20 3  <nil>}": {"Key":"self","Type":15,"Integer":0,"String":"a","Interface":null}}
2025-08-15T22:13:40.477-0500	DEBUG	protocol/handler.go:596	round already finalized
2025-08-15T22:13:40.499-0500	DEBUG	protocol/handler.go:581	tryAdvanceRound called	{"{current_round 20 3  <nil>}": {"Key":"self","Type":15,"Integer":0,"String":"a","Interface":null}}
2025-08-15T22:13:40.499-0500	DEBUG	protocol/handler.go:1591	have processed broadcast	{"{round 20 3  <nil>}": {"Key":"from","Type":15,"Integer":0,"String":"b","Interface":null}}
2025-08-15T22:13:40.499-0500	DEBUG	protocol/handler.go:1591	have processed broadcast	{"{round 20 3  <nil>}": {"Key":"from","Type":15,"Integer":0,"String":"c","Interface":null}}
2025-08-15T22:13:40.500-0500	DEBUG	protocol/handler.go:1649	have all messages and processed	{"{round 20 3  <nil>}": {"Key":"self","Type":15,"Integer":0,"String":"a","Interface":null}}
2025-08-15T22:13:40.500-0500	DEBUG	protocol/handler.go:596	round already finalized
2025-08-15T22:13:40.526-0500	DEBUG	protocol/handler.go:581	tryAdvanceRound called	{"{current_round 20 3  <nil>}": {"Key":"self","Type":15,"Integer":0,"String":"a","Interface":null}}
2025-08-15T22:13:40.526-0500	DEBUG	protocol/handler.go:1591	have processed broadcast	{"{round 20 3  <nil>}": {"Key":"from","Type":15,"Integer":0,"String":"b","Interface":null}}
2025-08-15T22:13:40.526-0500	DEBUG	protocol/handler.go:1591	have processed broadcast	{"{round 20 3  <nil>}": {"Key":"from","Type":15,"Integer":0,"String":"c","Interface":null}}
2025-08-15T22:13:40.526-0500	DEBUG	protocol/handler.go:1649	have all messages and processed	{"{round 20 3  <nil>}": {"Key":"self","Type":15,"Integer":0,"String":"a","Interface":null}}
2025-08-15T22:13:40.526-0500	DEBUG	protocol/handler.go:596	round already finalized
2025-08-15T22:13:40.526-0500	DEBUG	protocol/handler.go:581	tryAdvanceRound called	{"{current_round 20 3  <nil>}": {"Key":"self","Type":15,"Integer":0,"String":"a","Interface":null}}
2025-08-15T22:13:40.526-0500	DEBUG	protocol/handler.go:1591	have processed broadcast	{"{round 20 3  <nil>}": {"Key":"from","Type":15,"Integer":0,"String":"b","Interface":null}}
2025-08-15T22:13:40.526-0500	DEBUG	protocol/handler.go:1591	have processed broadcast	{"{round 20 3  <nil>}": {"Key":"from","Type":15,"Integer":0,"String":"c","Interface":null}}
2025-08-15T22:13:40.527-0500	DEBUG	protocol/handler.go:1649	have all messages and processed	{"{round 20 3  <nil>}": {"Key":"self","Type":15,"Integer":0,"String":"a","Interface":null}}
2025-08-15T22:13:40.527-0500	DEBUG	protocol/handler.go:596	round already finalized
2025-08-15T22:13:40.527-0500	DEBUG	protocol/handler.go:581	tryAdvanceRound called	{"{current_round 20 3  <nil>}": {"Key":"self","Type":15,"Integer":0,"String":"b","Interface":null}}
2025-08-15T22:13:40.527-0500	DEBUG	protocol/handler.go:1591	have processed broadcast	{"{round 20 3  <nil>}": {"Key":"from","Type":15,"Integer":0,"String":"a","Interface":null}}
2025-08-15T22:13:40.527-0500	DEBUG	protocol/handler.go:1591	have processed broadcast	{"{round 20 3  <nil>}": {"Key":"from","Type":15,"Integer":0,"String":"c","Interface":null}}
2025-08-15T22:13:40.527-0500	DEBUG	protocol/handler.go:1649	have all messages and processed	{"{round 20 3  <nil>}": {"Key":"self","Type":15,"Integer":0,"String":"b","Interface":null}}
2025-08-15T22:13:40.527-0500	DEBUG	protocol/handler.go:596	round already finalized
2025-08-15T22:13:40.528-0500	DEBUG	protocol/handler.go:581	tryAdvanceRound called	{"{current_round 20 3  <nil>}": {"Key":"self","Type":15,"Integer":0,"String":"b","Interface":null}}
2025-08-15T22:13:40.528-0500	DEBUG	protocol/handler.go:1591	have processed broadcast	{"{round 20 3  <nil>}": {"Key":"from","Type":15,"Integer":0,"String":"a","Interface":null}}
2025-08-15T22:13:40.528-0500	DEBUG	protocol/handler.go:1591	have processed broadcast	{"{round 20 3  <nil>}": {"Key":"from","Type":15,"Integer":0,"String":"c","Interface":null}}
2025-08-15T22:13:40.528-0500	DEBUG	protocol/handler.go:1649	have all messages and processed	{"{round 20 3  <nil>}": {"Key":"self","Type":15,"Integer":0,"String":"b","Interface":null}}
2025-08-15T22:13:40.529-0500	DEBUG	protocol/handler.go:596	round already finalized
2025-08-15T22:13:40.532-0500	DEBUG	protocol/handler.go:581	tryAdvanceRound called	{"{current_round 20 3  <nil>}": {"Key":"self","Type":15,"Integer":0,"String":"c","Interface":null}}
2025-08-15T22:13:40.570-0500	DEBUG	protocol/handler.go:581	tryAdvanceRound called	{"{current_round 20 3  <nil>}": {"Key":"self","Type":15,"Integer":0,"String":"b","Interface":null}}
2025-08-15T22:13:40.570-0500	DEBUG	protocol/handler.go:1591	have processed broadcast	{"{round 20 3  <nil>}": {"Key":"from","Type":15,"Integer":0,"String":"a","Interface":null}}
2025-08-15T22:13:40.570-0500	DEBUG	protocol/handler.go:1591	have processed broadcast	{"{round 20 3  <nil>}": {"Key":"from","Type":15,"Integer":0,"String":"c","Interface":null}}
2025-08-15T22:13:40.570-0500	DEBUG	protocol/handler.go:1649	have all messages and processed	{"{round 20 3  <nil>}": {"Key":"self","Type":15,"Integer":0,"String":"b","Interface":null}}
2025-08-15T22:13:40.570-0500	DEBUG	protocol/handler.go:596	round already finalized
2025-08-15T22:13:40.570-0500	DEBUG	protocol/handler.go:581	tryAdvanceRound called	{"{current_round 20 3  <nil>}": {"Key":"self","Type":15,"Integer":0,"String":"b","Interface":null}}
2025-08-15T22:13:40.570-0500	DEBUG	protocol/handler.go:1591	have processed broadcast	{"{round 20 3  <nil>}": {"Key":"from","Type":15,"Integer":0,"String":"a","Interface":null}}
2025-08-15T22:13:40.570-0500	DEBUG	protocol/handler.go:1591	have processed broadcast	{"{round 20 3  <nil>}": {"Key":"from","Type":15,"Integer":0,"String":"c","Interface":null}}
2025-08-15T22:13:40.570-0500	DEBUG	protocol/handler.go:1649	have all messages and processed	{"{round 20 3  <nil>}": {"Key":"self","Type":15,"Integer":0,"String":"b","Interface":null}}
2025-08-15T22:13:40.570-0500	DEBUG	protocol/handler.go:596	round already finalized
2025-08-15T22:13:40.570-0500	DEBUG	protocol/handler.go:581	tryAdvanceRound called	{"{current_round 20 3  <nil>}": {"Key":"self","Type":15,"Integer":0,"String":"a","Interface":null}}
2025-08-15T22:13:40.571-0500	DEBUG	protocol/handler.go:1591	have processed broadcast	{"{round 20 3  <nil>}": {"Key":"from","Type":15,"Integer":0,"String":"b","Interface":null}}
2025-08-15T22:13:40.571-0500	DEBUG	protocol/handler.go:1591	have processed broadcast	{"{round 20 3  <nil>}": {"Key":"from","Type":15,"Integer":0,"String":"c","Interface":null}}
2025-08-15T22:13:40.571-0500	DEBUG	protocol/handler.go:1649	have all messages and processed	{"{round 20 3  <nil>}": {"Key":"self","Type":15,"Integer":0,"String":"a","Interface":null}}
2025-08-15T22:13:40.571-0500	DEBUG	protocol/handler.go:596	round already finalized
2025-08-15T22:13:40.571-0500	DEBUG	protocol/handler.go:581	tryAdvanceRound called	{"{current_round 20 3  <nil>}": {"Key":"self","Type":15,"Integer":0,"String":"a","Interface":null}}
2025-08-15T22:13:40.571-0500	DEBUG	protocol/handler.go:1591	have processed broadcast	{"{round 20 3  <nil>}": {"Key":"from","Type":15,"Integer":0,"String":"b","Interface":null}}
2025-08-15T22:13:40.571-0500	DEBUG	protocol/handler.go:1591	have processed broadcast	{"{round 20 3  <nil>}": {"Key":"from","Type":15,"Integer":0,"String":"c","Interface":null}}
2025-08-15T22:13:40.571-0500	DEBUG	protocol/handler.go:1649	have all messages and processed	{"{round 20 3  <nil>}": {"Key":"self","Type":15,"Integer":0,"String":"a","Interface":null}}
2025-08-15T22:13:40.571-0500	DEBUG	protocol/handler.go:596	round already finalized
2025-08-15T22:13:40.571-0500	DEBUG	protocol/handler.go:581	tryAdvanceRound called	{"{current_round 20 3  <nil>}": {"Key":"self","Type":15,"Integer":0,"String":"b","Interface":null}}
2025-08-15T22:13:40.571-0500	DEBUG	protocol/handler.go:1591	have processed broadcast	{"{round 20 3  <nil>}": {"Key":"from","Type":15,"Integer":0,"String":"a","Interface":null}}
2025-08-15T22:13:40.571-0500	DEBUG	protocol/handler.go:1591	have processed broadcast	{"{round 20 3  <nil>}": {"Key":"from","Type":15,"Integer":0,"String":"c","Interface":null}}
2025-08-15T22:13:40.571-0500	DEBUG	protocol/handler.go:1649	have all messages and processed	{"{round 20 3  <nil>}": {"Key":"self","Type":15,"Integer":0,"String":"b","Interface":null}}
2025-08-15T22:13:40.571-0500	DEBUG	protocol/handler.go:596	round already finalized
2025-08-15T22:13:40.571-0500	DEBUG	protocol/handler.go:1591	have processed broadcast	{"{round 20 3  <nil>}": {"Key":"from","Type":15,"Integer":0,"String":"a","Interface":null}}
2025-08-15T22:13:40.571-0500	DEBUG	protocol/handler.go:1591	have processed broadcast	{"{round 20 3  <nil>}": {"Key":"from","Type":15,"Integer":0,"String":"b","Interface":null}}
2025-08-15T22:13:40.571-0500	DEBUG	protocol/handler.go:1649	have all messages and processed	{"{round 20 3  <nil>}": {"Key":"self","Type":15,"Integer":0,"String":"c","Interface":null}}
2025-08-15T22:13:40.571-0500	DEBUG	protocol/handler.go:596	round already finalized
2025-08-15T22:13:40.571-0500	DEBUG	protocol/handler.go:581	tryAdvanceRound called	{"{current_round 20 3  <nil>}": {"Key":"self","Type":15,"Integer":0,"String":"c","Interface":null}}
2025-08-15T22:13:40.571-0500	DEBUG	protocol/handler.go:1591	have processed broadcast	{"{round 20 3  <nil>}": {"Key":"from","Type":15,"Integer":0,"String":"a","Interface":null}}
2025-08-15T22:13:40.571-0500	DEBUG	protocol/handler.go:1591	have processed broadcast	{"{round 20 3  <nil>}": {"Key":"from","Type":15,"Integer":0,"String":"b","Interface":null}}
2025-08-15T22:13:40.571-0500	DEBUG	protocol/handler.go:1649	have all messages and processed	{"{round 20 3  <nil>}": {"Key":"self","Type":15,"Integer":0,"String":"c","Interface":null}}
2025-08-15T22:13:40.571-0500	DEBUG	protocol/handler.go:596	round already finalized
2025-08-15T22:13:40.591-0500	DEBUG	protocol/handler.go:581	tryAdvanceRound called	{"{current_round 20 3  <nil>}": {"Key":"self","Type":15,"Integer":0,"String":"c","Interface":null}}
2025-08-15T22:13:40.591-0500	DEBUG	protocol/handler.go:1591	have processed broadcast	{"{round 20 3  <nil>}": {"Key":"from","Type":15,"Integer":0,"String":"a","Interface":null}}
2025-08-15T22:13:40.592-0500	DEBUG	protocol/handler.go:1591	have processed broadcast	{"{round 20 3  <nil>}": {"Key":"from","Type":15,"Integer":0,"String":"b","Interface":null}}
2025-08-15T22:13:40.592-0500	DEBUG	protocol/handler.go:1649	have all messages and processed	{"{round 20 3  <nil>}": {"Key":"self","Type":15,"Integer":0,"String":"c","Interface":null}}
2025-08-15T22:13:40.592-0500	DEBUG	protocol/handler.go:596	round already finalized
2025-08-15T22:13:40.592-0500	DEBUG	protocol/handler.go:581	tryAdvanceRound called	{"{current_round 20 3  <nil>}": {"Key":"self","Type":15,"Integer":0,"String":"b","Interface":null}}
2025-08-15T22:13:40.592-0500	DEBUG	protocol/handler.go:1591	have processed broadcast	{"{round 20 3  <nil>}": {"Key":"from","Type":15,"Integer":0,"String":"a","Interface":null}}
2025-08-15T22:13:40.592-0500	DEBUG	protocol/handler.go:1591	have processed broadcast	{"{round 20 3  <nil>}": {"Key":"from","Type":15,"Integer":0,"String":"c","Interface":null}}
2025-08-15T22:13:40.592-0500	DEBUG	protocol/handler.go:1649	have all messages and processed	{"{round 20 3  <nil>}": {"Key":"self","Type":15,"Integer":0,"String":"b","Interface":null}}
2025-08-15T22:13:40.592-0500	DEBUG	protocol/handler.go:596	round already finalized
2025-08-15T22:13:40.592-0500	DEBUG	protocol/handler.go:581	tryAdvanceRound called	{"{current_round 20 3  <nil>}": {"Key":"self","Type":15,"Integer":0,"String":"a","Interface":null}}
2025-08-15T22:13:40.592-0500	DEBUG	protocol/handler.go:1591	have processed broadcast	{"{round 20 3  <nil>}": {"Key":"from","Type":15,"Integer":0,"String":"b","Interface":null}}
2025-08-15T22:13:40.592-0500	DEBUG	protocol/handler.go:1591	have processed broadcast	{"{round 20 3  <nil>}": {"Key":"from","Type":15,"Integer":0,"String":"c","Interface":null}}
2025-08-15T22:13:40.592-0500	DEBUG	protocol/handler.go:1649	have all messages and processed	{"{round 20 3  <nil>}": {"Key":"self","Type":15,"Integer":0,"String":"a","Interface":null}}
2025-08-15T22:13:40.592-0500	DEBUG	protocol/handler.go:596	round already finalized
2025-08-15T22:13:40.639-0500	DEBUG	protocol/handler.go:581	tryAdvanceRound called	{"{current_round 20 3  <nil>}": {"Key":"self","Type":15,"Integer":0,"String":"c","Interface":null}}
2025-08-15T22:13:40.639-0500	DEBUG	protocol/handler.go:1591	have processed broadcast	{"{round 20 3  <nil>}": {"Key":"from","Type":15,"Integer":0,"String":"a","Interface":null}}
2025-08-15T22:13:40.639-0500	DEBUG	protocol/handler.go:1591	have processed broadcast	{"{round 20 3  <nil>}": {"Key":"from","Type":15,"Integer":0,"String":"b","Interface":null}}
2025-08-15T22:13:40.639-0500	DEBUG	protocol/handler.go:1649	have all messages and processed	{"{round 20 3  <nil>}": {"Key":"self","Type":15,"Integer":0,"String":"c","Interface":null}}
2025-08-15T22:13:40.688-0500	DEBUG	protocol/handler.go:596	round already finalized
2025-08-15T22:13:40.688-0500	DEBUG	protocol/handler.go:581	tryAdvanceRound called	{"{current_round 20 3  <nil>}": {"Key":"self","Type":15,"Integer":0,"String":"c","Interface":null}}
2025-08-15T22:13:40.688-0500	DEBUG	protocol/handler.go:1591	have processed broadcast	{"{round 20 3  <nil>}": {"Key":"from","Type":15,"Integer":0,"String":"a","Interface":null}}
2025-08-15T22:13:40.688-0500	DEBUG	protocol/handler.go:1591	have processed broadcast	{"{round 20 3  <nil>}": {"Key":"from","Type":15,"Integer":0,"String":"b","Interface":null}}
2025-08-15T22:13:40.688-0500	DEBUG	protocol/handler.go:1649	have all messages and processed	{"{round 20 3  <nil>}": {"Key":"self","Type":15,"Integer":0,"String":"c","Interface":null}}
2025-08-15T22:13:40.689-0500	DEBUG	protocol/handler.go:596	round already finalized
2025-08-15T22:13:40.664-0500	DEBUG	protocol/handler.go:581	tryAdvanceRound called	{"{current_round 20 3  <nil>}": {"Key":"self","Type":15,"Integer":0,"String":"b","Interface":null}}
2025-08-15T22:13:40.689-0500	DEBUG	protocol/handler.go:1591	have processed broadcast	{"{round 20 3  <nil>}": {"Key":"from","Type":15,"Integer":0,"String":"a","Interface":null}}
2025-08-15T22:13:40.689-0500	DEBUG	protocol/handler.go:1591	have processed broadcast	{"{round 20 3  <nil>}": {"Key":"from","Type":15,"Integer":0,"String":"c","Interface":null}}
2025-08-15T22:13:40.689-0500	DEBUG	protocol/handler.go:1649	have all messages and processed	{"{round 20 3  <nil>}": {"Key":"self","Type":15,"Integer":0,"String":"b","Interface":null}}
2025-08-15T22:13:40.689-0500	DEBUG	protocol/handler.go:596	round already finalized
2025-08-15T22:13:40.689-0500	DEBUG	protocol/handler.go:581	tryAdvanceRound called	{"{current_round 20 3  <nil>}": {"Key":"self","Type":15,"Integer":0,"String":"b","Interface":null}}
2025-08-15T22:13:40.690-0500	DEBUG	protocol/handler.go:1591	have processed broadcast	{"{round 20 3  <nil>}": {"Key":"from","Type":15,"Integer":0,"String":"a","Interface":null}}
2025-08-15T22:13:40.690-0500	DEBUG	protocol/handler.go:1591	have processed broadcast	{"{round 20 3  <nil>}": {"Key":"from","Type":15,"Integer":0,"String":"c","Interface":null}}
2025-08-15T22:13:40.690-0500	DEBUG	protocol/handler.go:1649	have all messages and processed	{"{round 20 3  <nil>}": {"Key":"self","Type":15,"Integer":0,"String":"b","Interface":null}}
2025-08-15T22:13:40.690-0500	DEBUG	protocol/handler.go:596	round already finalized
2025-08-15T22:13:40.664-0500	DEBUG	protocol/handler.go:581	tryAdvanceRound called	{"{current_round 20 3  <nil>}": {"Key":"self","Type":15,"Integer":0,"String":"a","Interface":null}}
2025-08-15T22:13:40.724-0500	DEBUG	protocol/handler.go:581	tryAdvanceRound called	{"{current_round 20 3  <nil>}": {"Key":"self","Type":15,"Integer":0,"String":"c","Interface":null}}
2025-08-15T22:13:40.737-0500	DEBUG	protocol/handler.go:581	tryAdvanceRound called	{"{current_round 20 3  <nil>}": {"Key":"self","Type":15,"Integer":0,"String":"b","Interface":null}}
2025-08-15T22:13:40.738-0500	DEBUG	protocol/handler.go:1591	have processed broadcast	{"{round 20 3  <nil>}": {"Key":"from","Type":15,"Integer":0,"String":"a","Interface":null}}
2025-08-15T22:13:40.738-0500	DEBUG	protocol/handler.go:1591	have processed broadcast	{"{round 20 3  <nil>}": {"Key":"from","Type":15,"Integer":0,"String":"c","Interface":null}}
2025-08-15T22:13:40.738-0500	DEBUG	protocol/handler.go:1591	have processed broadcast	{"{round 20 3  <nil>}": {"Key":"from","Type":15,"Integer":0,"String":"b","Interface":null}}
2025-08-15T22:13:40.738-0500	DEBUG	protocol/handler.go:1591	have processed broadcast	{"{round 20 3  <nil>}": {"Key":"from","Type":15,"Integer":0,"String":"c","Interface":null}}
2025-08-15T22:13:40.738-0500	DEBUG	protocol/handler.go:1649	have all messages and processed	{"{round 20 3  <nil>}": {"Key":"self","Type":15,"Integer":0,"String":"a","Interface":null}}
2025-08-15T22:13:40.739-0500	DEBUG	protocol/handler.go:596	round already finalized
2025-08-15T22:13:40.739-0500	DEBUG	protocol/handler.go:581	tryAdvanceRound called	{"{current_round 20 3  <nil>}": {"Key":"self","Type":15,"Integer":0,"String":"a","Interface":null}}
2025-08-15T22:13:40.739-0500	DEBUG	protocol/handler.go:1591	have processed broadcast	{"{round 20 3  <nil>}": {"Key":"from","Type":15,"Integer":0,"String":"a","Interface":null}}
2025-08-15T22:13:40.739-0500	DEBUG	protocol/handler.go:1591	have processed broadcast	{"{round 20 3  <nil>}": {"Key":"from","Type":15,"Integer":0,"String":"b","Interface":null}}
2025-08-15T22:13:40.739-0500	DEBUG	protocol/handler.go:1649	have all messages and processed	{"{round 20 3  <nil>}": {"Key":"self","Type":15,"Integer":0,"String":"c","Interface":null}}
2025-08-15T22:13:40.739-0500	DEBUG	protocol/handler.go:596	round already finalized
2025-08-15T22:13:40.739-0500	DEBUG	protocol/handler.go:581	tryAdvanceRound called	{"{current_round 20 3  <nil>}": {"Key":"self","Type":15,"Integer":0,"String":"c","Interface":null}}
2025-08-15T22:13:40.739-0500	DEBUG	protocol/handler.go:1591	have processed broadcast	{"{round 20 3  <nil>}": {"Key":"from","Type":15,"Integer":0,"String":"b","Interface":null}}
2025-08-15T22:13:40.742-0500	DEBUG	protocol/handler.go:1591	have processed broadcast	{"{round 20 3  <nil>}": {"Key":"from","Type":15,"Integer":0,"String":"c","Interface":null}}
2025-08-15T22:13:40.742-0500	DEBUG	protocol/handler.go:1649	have all messages and processed	{"{round 20 3  <nil>}": {"Key":"self","Type":15,"Integer":0,"String":"a","Interface":null}}
2025-08-15T22:13:40.742-0500	DEBUG	protocol/handler.go:596	round already finalized
2025-08-15T22:13:40.742-0500	DEBUG	protocol/handler.go:1649	have all messages and processed	{"{round 20 3  <nil>}": {"Key":"self","Type":15,"Integer":0,"String":"b","Interface":null}}
2025-08-15T22:13:40.742-0500	DEBUG	protocol/handler.go:596	round already finalized
2025-08-15T22:13:40.742-0500	DEBUG	protocol/handler.go:581	tryAdvanceRound called	{"{current_round 20 3  <nil>}": {"Key":"self","Type":15,"Integer":0,"String":"b","Interface":null}}
2025-08-15T22:13:40.743-0500	DEBUG	protocol/handler.go:1591	have processed broadcast	{"{round 20 3  <nil>}": {"Key":"from","Type":15,"Integer":0,"String":"a","Interface":null}}
2025-08-15T22:13:40.739-0500	DEBUG	protocol/handler.go:1591	have processed broadcast	{"{round 20 3  <nil>}": {"Key":"from","Type":15,"Integer":0,"String":"a","Interface":null}}
2025-08-15T22:13:40.743-0500	DEBUG	protocol/handler.go:1591	have processed broadcast	{"{round 20 3  <nil>}": {"Key":"from","Type":15,"Integer":0,"String":"b","Interface":null}}
2025-08-15T22:13:40.743-0500	DEBUG	protocol/handler.go:1649	have all messages and processed	{"{round 20 3  <nil>}": {"Key":"self","Type":15,"Integer":0,"String":"c","Interface":null}}
2025-08-15T22:13:40.743-0500	DEBUG	protocol/handler.go:596	round already finalized
2025-08-15T22:13:40.744-0500	DEBUG	protocol/handler.go:1591	have processed broadcast	{"{round 20 3  <nil>}": {"Key":"from","Type":15,"Integer":0,"String":"c","Interface":null}}
2025-08-15T22:13:40.744-0500	DEBUG	protocol/handler.go:1649	have all messages and processed	{"{round 20 3  <nil>}": {"Key":"self","Type":15,"Integer":0,"String":"b","Interface":null}}
2025-08-15T22:13:40.744-0500	DEBUG	protocol/handler.go:596	round already finalized
2025-08-15T22:13:40.743-0500	DEBUG	protocol/handler.go:581	tryAdvanceRound called	{"{current_round 20 3  <nil>}": {"Key":"self","Type":15,"Integer":0,"String":"c","Interface":null}}
2025-08-15T22:13:40.746-0500	DEBUG	protocol/handler.go:1591	have processed broadcast	{"{round 20 3  <nil>}": {"Key":"from","Type":15,"Integer":0,"String":"a","Interface":null}}
2025-08-15T22:13:40.746-0500	DEBUG	protocol/handler.go:1591	have processed broadcast	{"{round 20 3  <nil>}": {"Key":"from","Type":15,"Integer":0,"String":"b","Interface":null}}
2025-08-15T22:13:40.746-0500	DEBUG	protocol/handler.go:1649	have all messages and processed	{"{round 20 3  <nil>}": {"Key":"self","Type":15,"Integer":0,"String":"c","Interface":null}}
2025-08-15T22:13:40.746-0500	DEBUG	protocol/handler.go:596	round already finalized
2025-08-15T22:13:40.752-0500	DEBUG	protocol/handler.go:581	tryAdvanceRound called	{"{current_round 20 3  <nil>}": {"Key":"self","Type":15,"Integer":0,"String":"a","Interface":null}}
2025-08-15T22:13:40.752-0500	DEBUG	protocol/handler.go:581	tryAdvanceRound called	{"{current_round 20 3  <nil>}": {"Key":"self","Type":15,"Integer":0,"String":"b","Interface":null}}
2025-08-15T22:13:40.752-0500	DEBUG	protocol/handler.go:1591	have processed broadcast	{"{round 20 3  <nil>}": {"Key":"from","Type":15,"Integer":0,"String":"b","Interface":null}}
2025-08-15T22:13:40.752-0500	DEBUG	protocol/handler.go:1591	have processed broadcast	{"{round 20 3  <nil>}": {"Key":"from","Type":15,"Integer":0,"String":"a","Interface":null}}
2025-08-15T22:13:40.752-0500	DEBUG	protocol/handler.go:1591	have processed broadcast	{"{round 20 3  <nil>}": {"Key":"from","Type":15,"Integer":0,"String":"c","Interface":null}}
2025-08-15T22:13:40.752-0500	DEBUG	protocol/handler.go:1591	have processed broadcast	{"{round 20 3  <nil>}": {"Key":"from","Type":15,"Integer":0,"String":"c","Interface":null}}
2025-08-15T22:13:40.753-0500	DEBUG	protocol/handler.go:1649	have all messages and processed	{"{round 20 3  <nil>}": {"Key":"self","Type":15,"Integer":0,"String":"a","Interface":null}}
2025-08-15T22:13:40.753-0500	DEBUG	protocol/handler.go:1649	have all messages and processed	{"{round 20 3  <nil>}": {"Key":"self","Type":15,"Integer":0,"String":"b","Interface":null}}
2025-08-15T22:13:40.753-0500	DEBUG	protocol/handler.go:596	round already finalized
2025-08-15T22:13:40.753-0500	DEBUG	protocol/handler.go:596	round already finalized
2025-08-15T22:13:40.754-0500	DEBUG	protocol/handler.go:581	tryAdvanceRound called	{"{current_round 20 3  <nil>}": {"Key":"self","Type":15,"Integer":0,"String":"c","Interface":null}}
2025-08-15T22:13:40.754-0500	DEBUG	protocol/handler.go:1591	have processed broadcast	{"{round 20 3  <nil>}": {"Key":"from","Type":15,"Integer":0,"String":"a","Interface":null}}
2025-08-15T22:13:40.754-0500	DEBUG	protocol/handler.go:1591	have processed broadcast	{"{round 20 3  <nil>}": {"Key":"from","Type":15,"Integer":0,"String":"b","Interface":null}}
2025-08-15T22:13:40.754-0500	DEBUG	protocol/handler.go:1649	have all messages and processed	{"{round 20 3  <nil>}": {"Key":"self","Type":15,"Integer":0,"String":"c","Interface":null}}
2025-08-15T22:13:40.757-0500	DEBUG	protocol/handler.go:581	tryAdvanceRound called	{"{current_round 20 3  <nil>}": {"Key":"self","Type":15,"Integer":0,"String":"a","Interface":null}}
2025-08-15T22:13:40.758-0500	DEBUG	protocol/handler.go:1591	have processed broadcast	{"{round 20 3  <nil>}": {"Key":"from","Type":15,"Integer":0,"String":"b","Interface":null}}
2025-08-15T22:13:40.758-0500	DEBUG	protocol/handler.go:1591	have processed broadcast	{"{round 20 3  <nil>}": {"Key":"from","Type":15,"Integer":0,"String":"c","Interface":null}}
2025-08-15T22:13:40.758-0500	DEBUG	protocol/handler.go:1649	have all messages and processed	{"{round 20 3  <nil>}": {"Key":"self","Type":15,"Integer":0,"String":"a","Interface":null}}
2025-08-15T22:13:40.758-0500	DEBUG	protocol/handler.go:596	round already finalized
2025-08-15T22:13:40.776-0500	DEBUG	protocol/handler.go:581	tryAdvanceRound called	{"{current_round 20 3  <nil>}": {"Key":"self","Type":15,"Integer":0,"String":"b","Interface":null}}
2025-08-15T22:13:40.776-0500	DEBUG	protocol/handler.go:1591	have processed broadcast	{"{round 20 3  <nil>}": {"Key":"from","Type":15,"Integer":0,"String":"a","Interface":null}}
2025-08-15T22:13:40.776-0500	DEBUG	protocol/handler.go:1591	have processed broadcast	{"{round 20 3  <nil>}": {"Key":"from","Type":15,"Integer":0,"String":"c","Interface":null}}
2025-08-15T22:13:40.776-0500	DEBUG	protocol/handler.go:1649	have all messages and processed	{"{round 20 3  <nil>}": {"Key":"self","Type":15,"Integer":0,"String":"b","Interface":null}}
2025-08-15T22:13:40.776-0500	DEBUG	protocol/handler.go:596	round already finalized
2025-08-15T22:13:40.782-0500	DEBUG	protocol/handler.go:581	tryAdvanceRound called	{"{current_round 20 3  <nil>}": {"Key":"self","Type":15,"Integer":0,"String":"a","Interface":null}}
2025-08-15T22:13:40.782-0500	DEBUG	protocol/handler.go:1591	have processed broadcast	{"{round 20 3  <nil>}": {"Key":"from","Type":15,"Integer":0,"String":"b","Interface":null}}
2025-08-15T22:13:40.782-0500	DEBUG	protocol/handler.go:1591	have processed broadcast	{"{round 20 3  <nil>}": {"Key":"from","Type":15,"Integer":0,"String":"c","Interface":null}}
2025-08-15T22:13:40.782-0500	DEBUG	protocol/handler.go:1649	have all messages and processed	{"{round 20 3  <nil>}": {"Key":"self","Type":15,"Integer":0,"String":"a","Interface":null}}
2025-08-15T22:13:40.782-0500	DEBUG	protocol/handler.go:596	round already finalized
2025-08-15T22:13:40.795-0500	DEBUG	protocol/handler.go:581	tryAdvanceRound called	{"{current_round 20 3  <nil>}": {"Key":"self","Type":15,"Integer":0,"String":"b","Interface":null}}
2025-08-15T22:13:40.795-0500	DEBUG	protocol/handler.go:1591	have processed broadcast	{"{round 20 3  <nil>}": {"Key":"from","Type":15,"Integer":0,"String":"a","Interface":null}}
2025-08-15T22:13:40.795-0500	DEBUG	protocol/handler.go:1591	have processed broadcast	{"{round 20 3  <nil>}": {"Key":"from","Type":15,"Integer":0,"String":"c","Interface":null}}
2025-08-15T22:13:40.795-0500	DEBUG	protocol/handler.go:1649	have all messages and processed	{"{round 20 3  <nil>}": {"Key":"self","Type":15,"Integer":0,"String":"b","Interface":null}}
2025-08-15T22:13:40.795-0500	DEBUG	protocol/handler.go:596	round already finalized
2025-08-15T22:13:40.754-0500	DEBUG	protocol/handler.go:596	round already finalized
2025-08-15T22:13:40.800-0500	DEBUG	protocol/handler.go:581	tryAdvanceRound called	{"{current_round 20 3  <nil>}": {"Key":"self","Type":15,"Integer":0,"String":"c","Interface":null}}
2025-08-15T22:13:40.801-0500	DEBUG	protocol/handler.go:1591	have processed broadcast	{"{round 20 3  <nil>}": {"Key":"from","Type":15,"Integer":0,"String":"a","Interface":null}}
2025-08-15T22:13:40.801-0500	DEBUG	protocol/handler.go:1591	have processed broadcast	{"{round 20 3  <nil>}": {"Key":"from","Type":15,"Integer":0,"String":"b","Interface":null}}
2025-08-15T22:13:40.801-0500	DEBUG	protocol/handler.go:1649	have all messages and processed	{"{round 20 3  <nil>}": {"Key":"self","Type":15,"Integer":0,"String":"c","Interface":null}}
2025-08-15T22:13:40.801-0500	DEBUG	protocol/handler.go:596	round already finalized
2025-08-15T22:13:40.801-0500	DEBUG	protocol/handler.go:581	tryAdvanceRound called	{"{current_round 20 3  <nil>}": {"Key":"self","Type":15,"Integer":0,"String":"c","Interface":null}}
2025-08-15T22:13:40.801-0500	DEBUG	protocol/handler.go:1591	have processed broadcast	{"{round 20 3  <nil>}": {"Key":"from","Type":15,"Integer":0,"String":"a","Interface":null}}
2025-08-15T22:13:40.801-0500	DEBUG	protocol/handler.go:1591	have processed broadcast	{"{round 20 3  <nil>}": {"Key":"from","Type":15,"Integer":0,"String":"b","Interface":null}}
2025-08-15T22:13:40.801-0500	DEBUG	protocol/handler.go:1649	have all messages and processed	{"{round 20 3  <nil>}": {"Key":"self","Type":15,"Integer":0,"String":"c","Interface":null}}
2025-08-15T22:13:40.802-0500	DEBUG	protocol/handler.go:596	round already finalized
2025-08-15T22:13:40.842-0500	DEBUG	protocol/handler.go:581	tryAdvanceRound called	{"{current_round 20 3  <nil>}": {"Key":"self","Type":15,"Integer":0,"String":"c","Interface":null}}
2025-08-15T22:13:40.842-0500	DEBUG	protocol/handler.go:1591	have processed broadcast	{"{round 20 3  <nil>}": {"Key":"from","Type":15,"Integer":0,"String":"a","Interface":null}}
2025-08-15T22:13:40.842-0500	DEBUG	protocol/handler.go:1591	have processed broadcast	{"{round 20 3  <nil>}": {"Key":"from","Type":15,"Integer":0,"String":"b","Interface":null}}
2025-08-15T22:13:40.842-0500	DEBUG	protocol/handler.go:1649	have all messages and processed	{"{round 20 3  <nil>}": {"Key":"self","Type":15,"Integer":0,"String":"c","Interface":null}}
2025-08-15T22:13:40.842-0500	DEBUG	protocol/handler.go:596	round already finalized
2025-08-15T22:13:40.842-0500	DEBUG	protocol/handler.go:581	tryAdvanceRound called	{"{current_round 20 3  <nil>}": {"Key":"self","Type":15,"Integer":0,"String":"c","Interface":null}}
2025-08-15T22:13:40.842-0500	DEBUG	protocol/handler.go:1591	have processed broadcast	{"{round 20 3  <nil>}": {"Key":"from","Type":15,"Integer":0,"String":"a","Interface":null}}
2025-08-15T22:13:40.842-0500	DEBUG	protocol/handler.go:1591	have processed broadcast	{"{round 20 3  <nil>}": {"Key":"from","Type":15,"Integer":0,"String":"b","Interface":null}}
2025-08-15T22:13:40.842-0500	DEBUG	protocol/handler.go:1649	have all messages and processed	{"{round 20 3  <nil>}": {"Key":"self","Type":15,"Integer":0,"String":"c","Interface":null}}
2025-08-15T22:13:40.842-0500	DEBUG	protocol/handler.go:596	round already finalized
2025-08-15T22:13:40.845-0500	DEBUG	protocol/handler.go:581	tryAdvanceRound called	{"{current_round 20 3  <nil>}": {"Key":"self","Type":15,"Integer":0,"String":"b","Interface":null}}
2025-08-15T22:13:40.846-0500	DEBUG	protocol/handler.go:1591	have processed broadcast	{"{round 20 3  <nil>}": {"Key":"from","Type":15,"Integer":0,"String":"a","Interface":null}}
2025-08-15T22:13:40.846-0500	DEBUG	protocol/handler.go:1591	have processed broadcast	{"{round 20 3  <nil>}": {"Key":"from","Type":15,"Integer":0,"String":"c","Interface":null}}
2025-08-15T22:13:40.846-0500	DEBUG	protocol/handler.go:1649	have all messages and processed	{"{round 20 3  <nil>}": {"Key":"self","Type":15,"Integer":0,"String":"b","Interface":null}}
2025-08-15T22:13:40.847-0500	DEBUG	protocol/handler.go:596	round already finalized
2025-08-15T22:13:40.847-0500	DEBUG	protocol/handler.go:581	tryAdvanceRound called	{"{current_round 20 3  <nil>}": {"Key":"self","Type":15,"Integer":0,"String":"b","Interface":null}}
2025-08-15T22:13:40.847-0500	DEBUG	protocol/handler.go:1591	have processed broadcast	{"{round 20 3  <nil>}": {"Key":"from","Type":15,"Integer":0,"String":"a","Interface":null}}
2025-08-15T22:13:40.847-0500	DEBUG	protocol/handler.go:1591	have processed broadcast	{"{round 20 3  <nil>}": {"Key":"from","Type":15,"Integer":0,"String":"c","Interface":null}}
2025-08-15T22:13:40.847-0500	DEBUG	protocol/handler.go:1649	have all messages and processed	{"{round 20 3  <nil>}": {"Key":"self","Type":15,"Integer":0,"String":"b","Interface":null}}
2025-08-15T22:13:40.847-0500	DEBUG	protocol/handler.go:596	round already finalized
2025-08-15T22:13:40.848-0500	DEBUG	protocol/handler.go:581	tryAdvanceRound called	{"{current_round 20 3  <nil>}": {"Key":"self","Type":15,"Integer":0,"String":"a","Interface":null}}
2025-08-15T22:13:40.848-0500	DEBUG	protocol/handler.go:1591	have processed broadcast	{"{round 20 3  <nil>}": {"Key":"from","Type":15,"Integer":0,"String":"b","Interface":null}}
2025-08-15T22:13:40.848-0500	DEBUG	protocol/handler.go:1591	have processed broadcast	{"{round 20 3  <nil>}": {"Key":"from","Type":15,"Integer":0,"String":"c","Interface":null}}
2025-08-15T22:13:40.849-0500	DEBUG	protocol/handler.go:1649	have all messages and processed	{"{round 20 3  <nil>}": {"Key":"self","Type":15,"Integer":0,"String":"a","Interface":null}}
2025-08-15T22:13:40.849-0500	DEBUG	protocol/handler.go:596	round already finalized
2025-08-15T22:13:40.849-0500	DEBUG	protocol/handler.go:581	tryAdvanceRound called	{"{current_round 20 3  <nil>}": {"Key":"self","Type":15,"Integer":0,"String":"a","Interface":null}}
2025-08-15T22:13:40.849-0500	DEBUG	protocol/handler.go:1591	have processed broadcast	{"{round 20 3  <nil>}": {"Key":"from","Type":15,"Integer":0,"String":"b","Interface":null}}
2025-08-15T22:13:40.850-0500	DEBUG	protocol/handler.go:1591	have processed broadcast	{"{round 20 3  <nil>}": {"Key":"from","Type":15,"Integer":0,"String":"c","Interface":null}}
2025-08-15T22:13:40.850-0500	DEBUG	protocol/handler.go:1649	have all messages and processed	{"{round 20 3  <nil>}": {"Key":"self","Type":15,"Integer":0,"String":"a","Interface":null}}
2025-08-15T22:13:40.850-0500	DEBUG	protocol/handler.go:596	round already finalized
2025-08-15T22:13:40.864-0500	DEBUG	protocol/handler.go:581	tryAdvanceRound called	{"{current_round 20 3  <nil>}": {"Key":"self","Type":15,"Integer":0,"String":"c","Interface":null}}
2025-08-15T22:13:40.864-0500	DEBUG	protocol/handler.go:1591	have processed broadcast	{"{round 20 3  <nil>}": {"Key":"from","Type":15,"Integer":0,"String":"a","Interface":null}}
2025-08-15T22:13:40.864-0500	DEBUG	protocol/handler.go:1591	have processed broadcast	{"{round 20 3  <nil>}": {"Key":"from","Type":15,"Integer":0,"String":"b","Interface":null}}
2025-08-15T22:13:40.864-0500	DEBUG	protocol/handler.go:1649	have all messages and processed	{"{round 20 3  <nil>}": {"Key":"self","Type":15,"Integer":0,"String":"c","Interface":null}}
2025-08-15T22:13:40.864-0500	DEBUG	protocol/handler.go:596	round already finalized
2025-08-15T22:13:40.865-0500	DEBUG	protocol/handler.go:581	tryAdvanceRound called	{"{current_round 20 3  <nil>}": {"Key":"self","Type":15,"Integer":0,"String":"b","Interface":null}}
2025-08-15T22:13:40.865-0500	DEBUG	protocol/handler.go:1591	have processed broadcast	{"{round 20 3  <nil>}": {"Key":"from","Type":15,"Integer":0,"String":"a","Interface":null}}
2025-08-15T22:13:40.865-0500	DEBUG	protocol/handler.go:1591	have processed broadcast	{"{round 20 3  <nil>}": {"Key":"from","Type":15,"Integer":0,"String":"c","Interface":null}}
2025-08-15T22:13:40.866-0500	DEBUG	protocol/handler.go:1649	have all messages and processed	{"{round 20 3  <nil>}": {"Key":"self","Type":15,"Integer":0,"String":"b","Interface":null}}
2025-08-15T22:13:40.866-0500	DEBUG	protocol/handler.go:596	round already finalized
2025-08-15T22:13:40.872-0500	DEBUG	protocol/handler.go:581	tryAdvanceRound called	{"{current_round 20 3  <nil>}": {"Key":"self","Type":15,"Integer":0,"String":"a","Interface":null}}
2025-08-15T22:13:40.872-0500	DEBUG	protocol/handler.go:1591	have processed broadcast	{"{round 20 3  <nil>}": {"Key":"from","Type":15,"Integer":0,"String":"b","Interface":null}}
2025-08-15T22:13:40.872-0500	DEBUG	protocol/handler.go:1591	have processed broadcast	{"{round 20 3  <nil>}": {"Key":"from","Type":15,"Integer":0,"String":"c","Interface":null}}
2025-08-15T22:13:40.873-0500	DEBUG	protocol/handler.go:1649	have all messages and processed	{"{round 20 3  <nil>}": {"Key":"self","Type":15,"Integer":0,"String":"a","Interface":null}}
2025-08-15T22:13:40.873-0500	DEBUG	protocol/handler.go:596	round already finalized
2025-08-15T22:13:40.888-0500	DEBUG	protocol/handler.go:581	tryAdvanceRound called	{"{current_round 20 3  <nil>}": {"Key":"self","Type":15,"Integer":0,"String":"a","Interface":null}}
2025-08-15T22:13:40.888-0500	DEBUG	protocol/handler.go:1591	have processed broadcast	{"{round 20 3  <nil>}": {"Key":"from","Type":15,"Integer":0,"String":"b","Interface":null}}
2025-08-15T22:13:40.888-0500	DEBUG	protocol/handler.go:1591	have processed broadcast	{"{round 20 3  <nil>}": {"Key":"from","Type":15,"Integer":0,"String":"c","Interface":null}}
2025-08-15T22:13:40.888-0500	DEBUG	protocol/handler.go:1649	have all messages and processed	{"{round 20 3  <nil>}": {"Key":"self","Type":15,"Integer":0,"String":"a","Interface":null}}
2025-08-15T22:13:40.888-0500	DEBUG	protocol/handler.go:596	round already finalized
2025-08-15T22:13:40.888-0500	DEBUG	protocol/handler.go:581	tryAdvanceRound called	{"{current_round 20 3  <nil>}": {"Key":"self","Type":15,"Integer":0,"String":"b","Interface":null}}
2025-08-15T22:13:40.889-0500	DEBUG	protocol/handler.go:1591	have processed broadcast	{"{round 20 3  <nil>}": {"Key":"from","Type":15,"Integer":0,"String":"a","Interface":null}}
2025-08-15T22:13:40.889-0500	DEBUG	protocol/handler.go:1591	have processed broadcast	{"{round 20 3  <nil>}": {"Key":"from","Type":15,"Integer":0,"String":"c","Interface":null}}
2025-08-15T22:13:40.889-0500	DEBUG	protocol/handler.go:1649	have all messages and processed	{"{round 20 3  <nil>}": {"Key":"self","Type":15,"Integer":0,"String":"b","Interface":null}}
2025-08-15T22:13:40.889-0500	DEBUG	protocol/handler.go:596	round already finalized
2025-08-15T22:13:40.890-0500	DEBUG	protocol/handler.go:581	tryAdvanceRound called	{"{current_round 20 3  <nil>}": {"Key":"self","Type":15,"Integer":0,"String":"c","Interface":null}}
2025-08-15T22:13:40.890-0500	DEBUG	protocol/handler.go:1591	have processed broadcast	{"{round 20 3  <nil>}": {"Key":"from","Type":15,"Integer":0,"String":"a","Interface":null}}
2025-08-15T22:13:40.891-0500	DEBUG	protocol/handler.go:1591	have processed broadcast	{"{round 20 3  <nil>}": {"Key":"from","Type":15,"Integer":0,"String":"b","Interface":null}}
2025-08-15T22:13:40.891-0500	DEBUG	protocol/handler.go:1649	have all messages and processed	{"{round 20 3  <nil>}": {"Key":"self","Type":15,"Integer":0,"String":"c","Interface":null}}
2025-08-15T22:13:40.891-0500	DEBUG	protocol/handler.go:596	round already finalized
2025-08-15T22:13:40.891-0500	DEBUG	protocol/handler.go:581	tryAdvanceRound called	{"{current_round 20 3  <nil>}": {"Key":"self","Type":15,"Integer":0,"String":"c","Interface":null}}
2025-08-15T22:13:40.892-0500	DEBUG	protocol/handler.go:1591	have processed broadcast	{"{round 20 3  <nil>}": {"Key":"from","Type":15,"Integer":0,"String":"a","Interface":null}}
2025-08-15T22:13:40.892-0500	DEBUG	protocol/handler.go:1591	have processed broadcast	{"{round 20 3  <nil>}": {"Key":"from","Type":15,"Integer":0,"String":"b","Interface":null}}
2025-08-15T22:13:40.892-0500	DEBUG	protocol/handler.go:1649	have all messages and processed	{"{round 20 3  <nil>}": {"Key":"self","Type":15,"Integer":0,"String":"c","Interface":null}}
2025-08-15T22:13:40.892-0500	DEBUG	protocol/handler.go:596	round already finalized
2025-08-15T22:13:40.911-0500	DEBUG	protocol/handler.go:581	tryAdvanceRound called	{"{current_round 20 3  <nil>}": {"Key":"self","Type":15,"Integer":0,"String":"c","Interface":null}}
2025-08-15T22:13:40.911-0500	DEBUG	protocol/handler.go:581	tryAdvanceRound called	{"{current_round 20 3  <nil>}": {"Key":"self","Type":15,"Integer":0,"String":"b","Interface":null}}
2025-08-15T22:13:40.911-0500	DEBUG	protocol/handler.go:1591	have processed broadcast	{"{round 20 3  <nil>}": {"Key":"from","Type":15,"Integer":0,"String":"a","Interface":null}}
2025-08-15T22:13:40.911-0500	DEBUG	protocol/handler.go:1591	have processed broadcast	{"{round 20 3  <nil>}": {"Key":"from","Type":15,"Integer":0,"String":"a","Interface":null}}
2025-08-15T22:13:40.911-0500	DEBUG	protocol/handler.go:1591	have processed broadcast	{"{round 20 3  <nil>}": {"Key":"from","Type":15,"Integer":0,"String":"b","Interface":null}}
2025-08-15T22:13:40.911-0500	DEBUG	protocol/handler.go:1591	have processed broadcast	{"{round 20 3  <nil>}": {"Key":"from","Type":15,"Integer":0,"String":"c","Interface":null}}
2025-08-15T22:13:40.911-0500	DEBUG	protocol/handler.go:1649	have all messages and processed	{"{round 20 3  <nil>}": {"Key":"self","Type":15,"Integer":0,"String":"c","Interface":null}}
2025-08-15T22:13:40.911-0500	DEBUG	protocol/handler.go:1649	have all messages and processed	{"{round 20 3  <nil>}": {"Key":"self","Type":15,"Integer":0,"String":"b","Interface":null}}
2025-08-15T22:13:40.911-0500	DEBUG	protocol/handler.go:596	round already finalized
2025-08-15T22:13:40.911-0500	DEBUG	protocol/handler.go:596	round already finalized
2025-08-15T22:13:40.934-0500	DEBUG	protocol/handler.go:581	tryAdvanceRound called	{"{current_round 20 3  <nil>}": {"Key":"self","Type":15,"Integer":0,"String":"c","Interface":null}}
2025-08-15T22:13:40.934-0500	DEBUG	protocol/handler.go:581	tryAdvanceRound called	{"{current_round 20 3  <nil>}": {"Key":"self","Type":15,"Integer":0,"String":"b","Interface":null}}
2025-08-15T22:13:40.934-0500	DEBUG	protocol/handler.go:1591	have processed broadcast	{"{round 20 3  <nil>}": {"Key":"from","Type":15,"Integer":0,"String":"a","Interface":null}}
2025-08-15T22:13:40.934-0500	DEBUG	protocol/handler.go:1591	have processed broadcast	{"{round 20 3  <nil>}": {"Key":"from","Type":15,"Integer":0,"String":"a","Interface":null}}
2025-08-15T22:13:40.935-0500	DEBUG	protocol/handler.go:1591	have processed broadcast	{"{round 20 3  <nil>}": {"Key":"from","Type":15,"Integer":0,"String":"b","Interface":null}}
2025-08-15T22:13:40.935-0500	DEBUG	protocol/handler.go:1591	have processed broadcast	{"{round 20 3  <nil>}": {"Key":"from","Type":15,"Integer":0,"String":"c","Interface":null}}
2025-08-15T22:13:40.935-0500	DEBUG	protocol/handler.go:1649	have all messages and processed	{"{round 20 3  <nil>}": {"Key":"self","Type":15,"Integer":0,"String":"c","Interface":null}}
2025-08-15T22:13:40.935-0500	DEBUG	protocol/handler.go:596	round already finalized
2025-08-15T22:13:40.935-0500	DEBUG	protocol/handler.go:1649	have all messages and processed	{"{round 20 3  <nil>}": {"Key":"self","Type":15,"Integer":0,"String":"b","Interface":null}}
2025-08-15T22:13:40.935-0500	DEBUG	protocol/handler.go:596	round already finalized
2025-08-15T22:13:40.940-0500	DEBUG	protocol/handler.go:581	tryAdvanceRound called	{"{current_round 20 3  <nil>}": {"Key":"self","Type":15,"Integer":0,"String":"a","Interface":null}}
2025-08-15T22:13:40.942-0500	DEBUG	protocol/handler.go:1591	have processed broadcast	{"{round 20 3  <nil>}": {"Key":"from","Type":15,"Integer":0,"String":"b","Interface":null}}
2025-08-15T22:13:40.942-0500	DEBUG	protocol/handler.go:1591	have processed broadcast	{"{round 20 3  <nil>}": {"Key":"from","Type":15,"Integer":0,"String":"c","Interface":null}}
2025-08-15T22:13:40.942-0500	DEBUG	protocol/handler.go:1649	have all messages and processed	{"{round 20 3  <nil>}": {"Key":"self","Type":15,"Integer":0,"String":"a","Interface":null}}
2025-08-15T22:13:40.942-0500	DEBUG	protocol/handler.go:596	round already finalized
2025-08-15T22:13:40.942-0500	DEBUG	protocol/handler.go:581	tryAdvanceRound called	{"{current_round 20 3  <nil>}": {"Key":"self","Type":15,"Integer":0,"String":"a","Interface":null}}
2025-08-15T22:13:40.943-0500	DEBUG	protocol/handler.go:1591	have processed broadcast	{"{round 20 3  <nil>}": {"Key":"from","Type":15,"Integer":0,"String":"b","Interface":null}}
2025-08-15T22:13:40.943-0500	DEBUG	protocol/handler.go:1591	have processed broadcast	{"{round 20 3  <nil>}": {"Key":"from","Type":15,"Integer":0,"String":"c","Interface":null}}
2025-08-15T22:13:40.944-0500	DEBUG	protocol/handler.go:1649	have all messages and processed	{"{round 20 3  <nil>}": {"Key":"self","Type":15,"Integer":0,"String":"a","Interface":null}}
2025-08-15T22:13:40.945-0500	DEBUG	protocol/handler.go:596	round already finalized
2025-08-15T22:13:40.958-0500	DEBUG	protocol/handler.go:581	tryAdvanceRound called	{"{current_round 20 3  <nil>}": {"Key":"self","Type":15,"Integer":0,"String":"a","Interface":null}}
2025-08-15T22:13:40.958-0500	DEBUG	protocol/handler.go:1591	have processed broadcast	{"{round 20 3  <nil>}": {"Key":"from","Type":15,"Integer":0,"String":"b","Interface":null}}
2025-08-15T22:13:40.958-0500	DEBUG	protocol/handler.go:581	tryAdvanceRound called	{"{current_round 20 3  <nil>}": {"Key":"self","Type":15,"Integer":0,"String":"c","Interface":null}}
2025-08-15T22:13:40.958-0500	DEBUG	protocol/handler.go:1591	have processed broadcast	{"{round 20 3  <nil>}": {"Key":"from","Type":15,"Integer":0,"String":"c","Interface":null}}
2025-08-15T22:13:40.959-0500	DEBUG	protocol/handler.go:1591	have processed broadcast	{"{round 20 3  <nil>}": {"Key":"from","Type":15,"Integer":0,"String":"a","Interface":null}}
2025-08-15T22:13:40.959-0500	DEBUG	protocol/handler.go:1591	have processed broadcast	{"{round 20 3  <nil>}": {"Key":"from","Type":15,"Integer":0,"String":"b","Interface":null}}
2025-08-15T22:13:40.959-0500	DEBUG	protocol/handler.go:1649	have all messages and processed	{"{round 20 3  <nil>}": {"Key":"self","Type":15,"Integer":0,"String":"c","Interface":null}}
2025-08-15T22:13:40.959-0500	DEBUG	protocol/handler.go:1649	have all messages and processed	{"{round 20 3  <nil>}": {"Key":"self","Type":15,"Integer":0,"String":"a","Interface":null}}
2025-08-15T22:13:40.959-0500	DEBUG	protocol/handler.go:596	round already finalized
2025-08-15T22:13:40.959-0500	DEBUG	protocol/handler.go:581	tryAdvanceRound called	{"{current_round 20 3  <nil>}": {"Key":"self","Type":15,"Integer":0,"String":"b","Interface":null}}
2025-08-15T22:13:40.959-0500	DEBUG	protocol/handler.go:596	round already finalized
2025-08-15T22:13:40.959-0500	DEBUG	protocol/handler.go:1591	have processed broadcast	{"{round 20 3  <nil>}": {"Key":"from","Type":15,"Integer":0,"String":"a","Interface":null}}
2025-08-15T22:13:40.959-0500	DEBUG	protocol/handler.go:1591	have processed broadcast	{"{round 20 3  <nil>}": {"Key":"from","Type":15,"Integer":0,"String":"c","Interface":null}}
2025-08-15T22:13:40.959-0500	DEBUG	protocol/handler.go:1649	have all messages and processed	{"{round 20 3  <nil>}": {"Key":"self","Type":15,"Integer":0,"String":"b","Interface":null}}
2025-08-15T22:13:40.959-0500	DEBUG	protocol/handler.go:596	round already finalized
2025-08-15T22:13:40.981-0500	DEBUG	protocol/handler.go:581	tryAdvanceRound called	{"{current_round 20 3  <nil>}": {"Key":"self","Type":15,"Integer":0,"String":"c","Interface":null}}
2025-08-15T22:13:40.981-0500	DEBUG	protocol/handler.go:1591	have processed broadcast	{"{round 20 3  <nil>}": {"Key":"from","Type":15,"Integer":0,"String":"a","Interface":null}}
2025-08-15T22:13:40.981-0500	DEBUG	protocol/handler.go:1591	have processed broadcast	{"{round 20 3  <nil>}": {"Key":"from","Type":15,"Integer":0,"String":"b","Interface":null}}
2025-08-15T22:13:40.981-0500	DEBUG	protocol/handler.go:1649	have all messages and processed	{"{round 20 3  <nil>}": {"Key":"self","Type":15,"Integer":0,"String":"c","Interface":null}}
2025-08-15T22:13:40.981-0500	DEBUG	protocol/handler.go:596	round already finalized
2025-08-15T22:13:40.981-0500	DEBUG	protocol/handler.go:581	tryAdvanceRound called	{"{current_round 20 3  <nil>}": {"Key":"self","Type":15,"Integer":0,"String":"b","Interface":null}}
2025-08-15T22:13:40.982-0500	DEBUG	protocol/handler.go:1591	have processed broadcast	{"{round 20 3  <nil>}": {"Key":"from","Type":15,"Integer":0,"String":"a","Interface":null}}
2025-08-15T22:13:40.982-0500	DEBUG	protocol/handler.go:1591	have processed broadcast	{"{round 20 3  <nil>}": {"Key":"from","Type":15,"Integer":0,"String":"c","Interface":null}}
2025-08-15T22:13:40.982-0500	DEBUG	protocol/handler.go:1649	have all messages and processed	{"{round 20 3  <nil>}": {"Key":"self","Type":15,"Integer":0,"String":"b","Interface":null}}
2025-08-15T22:13:40.982-0500	DEBUG	protocol/handler.go:596	round already finalized
2025-08-15T22:13:41.005-0500	DEBUG	protocol/handler.go:581	tryAdvanceRound called	{"{current_round 20 3  <nil>}": {"Key":"self","Type":15,"Integer":0,"String":"a","Interface":null}}
2025-08-15T22:13:41.005-0500	DEBUG	protocol/handler.go:1591	have processed broadcast	{"{round 20 3  <nil>}": {"Key":"from","Type":15,"Integer":0,"String":"b","Interface":null}}
2025-08-15T22:13:41.005-0500	DEBUG	protocol/handler.go:1591	have processed broadcast	{"{round 20 3  <nil>}": {"Key":"from","Type":15,"Integer":0,"String":"c","Interface":null}}
2025-08-15T22:13:41.005-0500	DEBUG	protocol/handler.go:1649	have all messages and processed	{"{round 20 3  <nil>}": {"Key":"self","Type":15,"Integer":0,"String":"a","Interface":null}}
2025-08-15T22:13:41.005-0500	DEBUG	protocol/handler.go:596	round already finalized
2025-08-15T22:13:41.006-0500	DEBUG	protocol/handler.go:581	tryAdvanceRound called	{"{current_round 20 3  <nil>}": {"Key":"self","Type":15,"Integer":0,"String":"a","Interface":null}}
2025-08-15T22:13:41.006-0500	DEBUG	protocol/handler.go:1591	have processed broadcast	{"{round 20 3  <nil>}": {"Key":"from","Type":15,"Integer":0,"String":"b","Interface":null}}
2025-08-15T22:13:41.006-0500	DEBUG	protocol/handler.go:1591	have processed broadcast	{"{round 20 3  <nil>}": {"Key":"from","Type":15,"Integer":0,"String":"c","Interface":null}}
2025-08-15T22:13:41.006-0500	DEBUG	protocol/handler.go:1649	have all messages and processed	{"{round 20 3  <nil>}": {"Key":"self","Type":15,"Integer":0,"String":"a","Interface":null}}
2025-08-15T22:13:41.006-0500	DEBUG	protocol/handler.go:596	round already finalized
2025-08-15T22:13:41.027-0500	DEBUG	protocol/handler.go:581	tryAdvanceRound called	{"{current_round 20 3  <nil>}": {"Key":"self","Type":15,"Integer":0,"String":"b","Interface":null}}
2025-08-15T22:13:41.027-0500	DEBUG	protocol/handler.go:1591	have processed broadcast	{"{round 20 3  <nil>}": {"Key":"from","Type":15,"Integer":0,"String":"a","Interface":null}}
2025-08-15T22:13:41.027-0500	DEBUG	protocol/handler.go:1591	have processed broadcast	{"{round 20 3  <nil>}": {"Key":"from","Type":15,"Integer":0,"String":"c","Interface":null}}
2025-08-15T22:13:41.027-0500	DEBUG	protocol/handler.go:1649	have all messages and processed	{"{round 20 3  <nil>}": {"Key":"self","Type":15,"Integer":0,"String":"b","Interface":null}}
2025-08-15T22:13:41.027-0500	DEBUG	protocol/handler.go:596	round already finalized
2025-08-15T22:13:41.027-0500	DEBUG	protocol/handler.go:581	tryAdvanceRound called	{"{current_round 20 3  <nil>}": {"Key":"self","Type":15,"Integer":0,"String":"b","Interface":null}}
2025-08-15T22:13:41.027-0500	DEBUG	protocol/handler.go:1591	have processed broadcast	{"{round 20 3  <nil>}": {"Key":"from","Type":15,"Integer":0,"String":"a","Interface":null}}
2025-08-15T22:13:41.028-0500	DEBUG	protocol/handler.go:1591	have processed broadcast	{"{round 20 3  <nil>}": {"Key":"from","Type":15,"Integer":0,"String":"c","Interface":null}}
2025-08-15T22:13:41.028-0500	DEBUG	protocol/handler.go:1649	have all messages and processed	{"{round 20 3  <nil>}": {"Key":"self","Type":15,"Integer":0,"String":"b","Interface":null}}
2025-08-15T22:13:41.028-0500	DEBUG	protocol/handler.go:596	round already finalized
2025-08-15T22:13:41.028-0500	DEBUG	protocol/handler.go:581	tryAdvanceRound called	{"{current_round 20 3  <nil>}": {"Key":"self","Type":15,"Integer":0,"String":"c","Interface":null}}
2025-08-15T22:13:41.028-0500	DEBUG	protocol/handler.go:1591	have processed broadcast	{"{round 20 3  <nil>}": {"Key":"from","Type":15,"Integer":0,"String":"a","Interface":null}}
2025-08-15T22:13:41.028-0500	DEBUG	protocol/handler.go:1591	have processed broadcast	{"{round 20 3  <nil>}": {"Key":"from","Type":15,"Integer":0,"String":"b","Interface":null}}
2025-08-15T22:13:41.028-0500	DEBUG	protocol/handler.go:1649	have all messages and processed	{"{round 20 3  <nil>}": {"Key":"self","Type":15,"Integer":0,"String":"c","Interface":null}}
2025-08-15T22:13:41.028-0500	DEBUG	protocol/handler.go:596	round already finalized
2025-08-15T22:13:41.028-0500	DEBUG	protocol/handler.go:581	tryAdvanceRound called	{"{current_round 20 3  <nil>}": {"Key":"self","Type":15,"Integer":0,"String":"c","Interface":null}}
2025-08-15T22:13:41.028-0500	DEBUG	protocol/handler.go:1591	have processed broadcast	{"{round 20 3  <nil>}": {"Key":"from","Type":15,"Integer":0,"String":"a","Interface":null}}
2025-08-15T22:13:41.028-0500	DEBUG	protocol/handler.go:1591	have processed broadcast	{"{round 20 3  <nil>}": {"Key":"from","Type":15,"Integer":0,"String":"b","Interface":null}}
2025-08-15T22:13:41.028-0500	DEBUG	protocol/handler.go:1649	have all messages and processed	{"{round 20 3  <nil>}": {"Key":"self","Type":15,"Integer":0,"String":"c","Interface":null}}
2025-08-15T22:13:41.028-0500	DEBUG	protocol/handler.go:596	round already finalized
2025-08-15T22:13:41.027-0500	DEBUG	protocol/handler.go:581	tryAdvanceRound called	{"{current_round 20 3  <nil>}": {"Key":"self","Type":15,"Integer":0,"String":"a","Interface":null}}
2025-08-15T22:13:41.028-0500	DEBUG	protocol/handler.go:1591	have processed broadcast	{"{round 20 3  <nil>}": {"Key":"from","Type":15,"Integer":0,"String":"b","Interface":null}}
2025-08-15T22:13:41.028-0500	DEBUG	protocol/handler.go:1591	have processed broadcast	{"{round 20 3  <nil>}": {"Key":"from","Type":15,"Integer":0,"String":"c","Interface":null}}
2025-08-15T22:13:41.028-0500	DEBUG	protocol/handler.go:1649	have all messages and processed	{"{round 20 3  <nil>}": {"Key":"self","Type":15,"Integer":0,"String":"a","Interface":null}}
2025-08-15T22:13:41.028-0500	DEBUG	protocol/handler.go:596	round already finalized
2025-08-15T22:13:41.028-0500	DEBUG	protocol/handler.go:581	tryAdvanceRound called	{"{current_round 20 3  <nil>}": {"Key":"self","Type":15,"Integer":0,"String":"a","Interface":null}}
2025-08-15T22:13:41.028-0500	DEBUG	protocol/handler.go:1591	have processed broadcast	{"{round 20 3  <nil>}": {"Key":"from","Type":15,"Integer":0,"String":"b","Interface":null}}
2025-08-15T22:13:41.028-0500	DEBUG	protocol/handler.go:1591	have processed broadcast	{"{round 20 3  <nil>}": {"Key":"from","Type":15,"Integer":0,"String":"c","Interface":null}}
2025-08-15T22:13:41.029-0500	DEBUG	protocol/handler.go:1649	have all messages and processed	{"{round 20 3  <nil>}": {"Key":"self","Type":15,"Integer":0,"String":"a","Interface":null}}
2025-08-15T22:13:41.029-0500	DEBUG	protocol/handler.go:596	round already finalized
2025-08-15T22:13:41.046-0500	DEBUG	protocol/handler.go:581	tryAdvanceRound called	{"{current_round 20 3  <nil>}": {"Key":"self","Type":15,"Integer":0,"String":"c","Interface":null}}
2025-08-15T22:13:41.046-0500	DEBUG	protocol/handler.go:1591	have processed broadcast	{"{round 20 3  <nil>}": {"Key":"from","Type":15,"Integer":0,"String":"a","Interface":null}}
2025-08-15T22:13:41.046-0500	DEBUG	protocol/handler.go:1591	have processed broadcast	{"{round 20 3  <nil>}": {"Key":"from","Type":15,"Integer":0,"String":"b","Interface":null}}
2025-08-15T22:13:41.046-0500	DEBUG	protocol/handler.go:1649	have all messages and processed	{"{round 20 3  <nil>}": {"Key":"self","Type":15,"Integer":0,"String":"c","Interface":null}}
2025-08-15T22:13:41.046-0500	DEBUG	protocol/handler.go:596	round already finalized
2025-08-15T22:13:41.050-0500	DEBUG	protocol/handler.go:581	tryAdvanceRound called	{"{current_round 20 3  <nil>}": {"Key":"self","Type":15,"Integer":0,"String":"a","Interface":null}}
2025-08-15T22:13:41.050-0500	DEBUG	protocol/handler.go:1591	have processed broadcast	{"{round 20 3  <nil>}": {"Key":"from","Type":15,"Integer":0,"String":"b","Interface":null}}
2025-08-15T22:13:41.050-0500	DEBUG	protocol/handler.go:1591	have processed broadcast	{"{round 20 3  <nil>}": {"Key":"from","Type":15,"Integer":0,"String":"c","Interface":null}}
2025-08-15T22:13:41.050-0500	DEBUG	protocol/handler.go:1649	have all messages and processed	{"{round 20 3  <nil>}": {"Key":"self","Type":15,"Integer":0,"String":"a","Interface":null}}
2025-08-15T22:13:41.050-0500	DEBUG	protocol/handler.go:596	round already finalized
2025-08-15T22:13:41.060-0500	DEBUG	protocol/handler.go:581	tryAdvanceRound called	{"{current_round 20 3  <nil>}": {"Key":"self","Type":15,"Integer":0,"String":"b","Interface":null}}
2025-08-15T22:13:41.060-0500	DEBUG	protocol/handler.go:1591	have processed broadcast	{"{round 20 3  <nil>}": {"Key":"from","Type":15,"Integer":0,"String":"a","Interface":null}}
2025-08-15T22:13:41.061-0500	DEBUG	protocol/handler.go:1591	have processed broadcast	{"{round 20 3  <nil>}": {"Key":"from","Type":15,"Integer":0,"String":"c","Interface":null}}
2025-08-15T22:13:41.061-0500	DEBUG	protocol/handler.go:1649	have all messages and processed	{"{round 20 3  <nil>}": {"Key":"self","Type":15,"Integer":0,"String":"b","Interface":null}}
2025-08-15T22:13:41.061-0500	DEBUG	protocol/handler.go:596	round already finalized
2025-08-15T22:13:41.061-0500	DEBUG	protocol/handler.go:581	tryAdvanceRound called	{"{current_round 20 3  <nil>}": {"Key":"self","Type":15,"Integer":0,"String":"b","Interface":null}}
2025-08-15T22:13:41.061-0500	DEBUG	protocol/handler.go:1591	have processed broadcast	{"{round 20 3  <nil>}": {"Key":"from","Type":15,"Integer":0,"String":"a","Interface":null}}
2025-08-15T22:13:41.061-0500	DEBUG	protocol/handler.go:1591	have processed broadcast	{"{round 20 3  <nil>}": {"Key":"from","Type":15,"Integer":0,"String":"c","Interface":null}}
2025-08-15T22:13:41.061-0500	DEBUG	protocol/handler.go:1649	have all messages and processed	{"{round 20 3  <nil>}": {"Key":"self","Type":15,"Integer":0,"String":"b","Interface":null}}
2025-08-15T22:13:41.061-0500	DEBUG	protocol/handler.go:596	round already finalized
2025-08-15T22:13:41.061-0500	DEBUG	protocol/handler.go:581	tryAdvanceRound called	{"{current_round 20 3  <nil>}": {"Key":"self","Type":15,"Integer":0,"String":"c","Interface":null}}
2025-08-15T22:13:41.061-0500	DEBUG	protocol/handler.go:1591	have processed broadcast	{"{round 20 3  <nil>}": {"Key":"from","Type":15,"Integer":0,"String":"a","Interface":null}}
2025-08-15T22:13:41.061-0500	DEBUG	protocol/handler.go:1591	have processed broadcast	{"{round 20 3  <nil>}": {"Key":"from","Type":15,"Integer":0,"String":"b","Interface":null}}
2025-08-15T22:13:41.061-0500	DEBUG	protocol/handler.go:1649	have all messages and processed	{"{round 20 3  <nil>}": {"Key":"self","Type":15,"Integer":0,"String":"c","Interface":null}}
2025-08-15T22:13:41.061-0500	DEBUG	protocol/handler.go:596	round already finalized
2025-08-15T22:13:41.061-0500	DEBUG	protocol/handler.go:581	tryAdvanceRound called	{"{current_round 20 3  <nil>}": {"Key":"self","Type":15,"Integer":0,"String":"c","Interface":null}}
2025-08-15T22:13:41.061-0500	DEBUG	protocol/handler.go:1591	have processed broadcast	{"{round 20 3  <nil>}": {"Key":"from","Type":15,"Integer":0,"String":"a","Interface":null}}
2025-08-15T22:13:41.061-0500	DEBUG	protocol/handler.go:1591	have processed broadcast	{"{round 20 3  <nil>}": {"Key":"from","Type":15,"Integer":0,"String":"b","Interface":null}}
2025-08-15T22:13:41.061-0500	DEBUG	protocol/handler.go:1649	have all messages and processed	{"{round 20 3  <nil>}": {"Key":"self","Type":15,"Integer":0,"String":"c","Interface":null}}
2025-08-15T22:13:41.061-0500	DEBUG	protocol/handler.go:596	round already finalized
2025-08-15T22:13:41.073-0500	DEBUG	protocol/handler.go:581	tryAdvanceRound called	{"{current_round 20 3  <nil>}": {"Key":"self","Type":15,"Integer":0,"String":"a","Interface":null}}
2025-08-15T22:13:41.073-0500	DEBUG	protocol/handler.go:1591	have processed broadcast	{"{round 20 3  <nil>}": {"Key":"from","Type":15,"Integer":0,"String":"b","Interface":null}}
2025-08-15T22:13:41.074-0500	DEBUG	protocol/handler.go:1591	have processed broadcast	{"{round 20 3  <nil>}": {"Key":"from","Type":15,"Integer":0,"String":"c","Interface":null}}
2025-08-15T22:13:41.074-0500	DEBUG	protocol/handler.go:1649	have all messages and processed	{"{round 20 3  <nil>}": {"Key":"self","Type":15,"Integer":0,"String":"a","Interface":null}}
2025-08-15T22:13:41.074-0500	DEBUG	protocol/handler.go:596	round already finalized
2025-08-15T22:13:41.085-0500	DEBUG	protocol/handler.go:581	tryAdvanceRound called	{"{current_round 20 3  <nil>}": {"Key":"self","Type":15,"Integer":0,"String":"c","Interface":null}}
2025-08-15T22:13:41.085-0500	DEBUG	protocol/handler.go:1591	have processed broadcast	{"{round 20 3  <nil>}": {"Key":"from","Type":15,"Integer":0,"String":"a","Interface":null}}
2025-08-15T22:13:41.085-0500	DEBUG	protocol/handler.go:1591	have processed broadcast	{"{round 20 3  <nil>}": {"Key":"from","Type":15,"Integer":0,"String":"b","Interface":null}}
2025-08-15T22:13:41.085-0500	DEBUG	protocol/handler.go:1649	have all messages and processed	{"{round 20 3  <nil>}": {"Key":"self","Type":15,"Integer":0,"String":"c","Interface":null}}
2025-08-15T22:13:41.086-0500	DEBUG	protocol/handler.go:596	round already finalized
2025-08-15T22:13:41.086-0500	DEBUG	protocol/handler.go:581	tryAdvanceRound called	{"{current_round 20 3  <nil>}": {"Key":"self","Type":15,"Integer":0,"String":"b","Interface":null}}
2025-08-15T22:13:41.086-0500	DEBUG	protocol/handler.go:1591	have processed broadcast	{"{round 20 3  <nil>}": {"Key":"from","Type":15,"Integer":0,"String":"a","Interface":null}}
2025-08-15T22:13:41.086-0500	DEBUG	protocol/handler.go:1591	have processed broadcast	{"{round 20 3  <nil>}": {"Key":"from","Type":15,"Integer":0,"String":"c","Interface":null}}
2025-08-15T22:13:41.086-0500	DEBUG	protocol/handler.go:1649	have all messages and processed	{"{round 20 3  <nil>}": {"Key":"self","Type":15,"Integer":0,"String":"b","Interface":null}}
2025-08-15T22:13:41.086-0500	DEBUG	protocol/handler.go:596	round already finalized
2025-08-15T22:13:41.096-0500	DEBUG	protocol/handler.go:581	tryAdvanceRound called	{"{current_round 20 3  <nil>}": {"Key":"self","Type":15,"Integer":0,"String":"a","Interface":null}}
2025-08-15T22:13:41.096-0500	DEBUG	protocol/handler.go:1591	have processed broadcast	{"{round 20 3  <nil>}": {"Key":"from","Type":15,"Integer":0,"String":"b","Interface":null}}
2025-08-15T22:13:41.097-0500	DEBUG	protocol/handler.go:1591	have processed broadcast	{"{round 20 3  <nil>}": {"Key":"from","Type":15,"Integer":0,"String":"c","Interface":null}}
2025-08-15T22:13:41.097-0500	DEBUG	protocol/handler.go:1649	have all messages and processed	{"{round 20 3  <nil>}": {"Key":"self","Type":15,"Integer":0,"String":"a","Interface":null}}
2025-08-15T22:13:41.097-0500	DEBUG	protocol/handler.go:596	round already finalized
2025-08-15T22:13:41.108-0500	DEBUG	protocol/handler.go:1039	sendRoundMessage	{"{from 15 0 b <nil>}": {"Key":"to","Type":15,"Integer":0,"String":"","Interface":null}, "{round 20 4  <nil>}": {"Key":"broadcast","Type":4,"Integer":1,"String":"","Interface":null}}
2025-08-15T22:13:41.111-0500	DEBUG	protocol/handler.go:1657	storing broadcast	{"{round 20 4  <nil>}": {"Key":"from","Type":15,"Integer":0,"String":"b","Interface":null}}
2025-08-15T22:13:41.112-0500	DEBUG	protocol/handler.go:1081	sent message to output channel	{"{from 15 0 b <nil>}": {"Key":"to","Type":15,"Integer":0,"String":"","Interface":null}, "{round 20 4  <nil>}": {"Key":"broadcast","Type":4,"Integer":1,"String":"","Interface":null}}
2025-08-15T22:13:41.112-0500	DEBUG	protocol/handler.go:437	processing message	{"{from 15 0 b <nil>}": {"Key":"to","Type":15,"Integer":0,"String":"","Interface":null}, "{round 20 4  <nil>}": {"Key":"broadcast","Type":4,"Integer":1,"String":"","Interface":null}}
2025-08-15T22:13:41.112-0500	DEBUG	protocol/handler.go:1657	storing broadcast	{"{round 20 4  <nil>}": {"Key":"from","Type":15,"Integer":0,"String":"b","Interface":null}}
2025-08-15T22:13:41.112-0500	DEBUG	protocol/handler.go:470	message for different round (buffering)	{"{msg_round 20 4  <nil>}": {"Key":"current_round","Type":20,"Integer":3,"String":"","Interface":null}}
2025-08-15T22:13:41.112-0500	DEBUG	protocol/handler.go:581	tryAdvanceRound called	{"{current_round 20 3  <nil>}": {"Key":"self","Type":15,"Integer":0,"String":"c","Interface":null}}
2025-08-15T22:13:41.112-0500	DEBUG	protocol/handler.go:1591	have processed broadcast	{"{round 20 3  <nil>}": {"Key":"from","Type":15,"Integer":0,"String":"a","Interface":null}}
2025-08-15T22:13:41.112-0500	DEBUG	protocol/handler.go:1591	have processed broadcast	{"{round 20 3  <nil>}": {"Key":"from","Type":15,"Integer":0,"String":"b","Interface":null}}
2025-08-15T22:13:41.112-0500	DEBUG	protocol/handler.go:1649	have all messages and processed	{"{round 20 3  <nil>}": {"Key":"self","Type":15,"Integer":0,"String":"c","Interface":null}}
2025-08-15T22:13:41.112-0500	DEBUG	protocol/handler.go:596	round already finalized
2025-08-15T22:13:41.112-0500	DEBUG	protocol/handler.go:437	processing message	{"{from 15 0 b <nil>}": {"Key":"to","Type":15,"Integer":0,"String":"","Interface":null}, "{round 20 4  <nil>}": {"Key":"broadcast","Type":4,"Integer":1,"String":"","Interface":null}}
2025-08-15T22:13:41.112-0500	DEBUG	protocol/handler.go:1657	storing broadcast	{"{round 20 4  <nil>}": {"Key":"from","Type":15,"Integer":0,"String":"b","Interface":null}}
2025-08-15T22:13:41.112-0500	DEBUG	protocol/handler.go:470	message for different round (buffering)	{"{msg_round 20 4  <nil>}": {"Key":"current_round","Type":20,"Integer":3,"String":"","Interface":null}}
2025-08-15T22:13:41.112-0500	DEBUG	protocol/handler.go:581	tryAdvanceRound called	{"{current_round 20 3  <nil>}": {"Key":"self","Type":15,"Integer":0,"String":"a","Interface":null}}
2025-08-15T22:13:41.112-0500	DEBUG	protocol/handler.go:1591	have processed broadcast	{"{round 20 3  <nil>}": {"Key":"from","Type":15,"Integer":0,"String":"b","Interface":null}}
2025-08-15T22:13:41.112-0500	DEBUG	protocol/handler.go:1591	have processed broadcast	{"{round 20 3  <nil>}": {"Key":"from","Type":15,"Integer":0,"String":"c","Interface":null}}
2025-08-15T22:13:41.112-0500	DEBUG	protocol/handler.go:1649	have all messages and processed	{"{round 20 3  <nil>}": {"Key":"self","Type":15,"Integer":0,"String":"a","Interface":null}}
2025-08-15T22:13:41.112-0500	DEBUG	protocol/handler.go:596	round already finalized
2025-08-15T22:13:41.112-0500	DEBUG	protocol/handler.go:581	tryAdvanceRound called	{"{current_round 20 3  <nil>}": {"Key":"self","Type":15,"Integer":0,"String":"c","Interface":null}}
2025-08-15T22:13:41.113-0500	DEBUG	protocol/handler.go:1591	have processed broadcast	{"{round 20 3  <nil>}": {"Key":"from","Type":15,"Integer":0,"String":"a","Interface":null}}
2025-08-15T22:13:41.113-0500	DEBUG	protocol/handler.go:1591	have processed broadcast	{"{round 20 3  <nil>}": {"Key":"from","Type":15,"Integer":0,"String":"b","Interface":null}}
2025-08-15T22:13:41.113-0500	DEBUG	protocol/handler.go:1649	have all messages and processed	{"{round 20 3  <nil>}": {"Key":"self","Type":15,"Integer":0,"String":"c","Interface":null}}
2025-08-15T22:13:41.113-0500	DEBUG	protocol/handler.go:596	round already finalized
2025-08-15T22:13:41.114-0500	DEBUG	protocol/handler.go:581	tryAdvanceRound called	{"{current_round 20 3  <nil>}": {"Key":"self","Type":15,"Integer":0,"String":"b","Interface":null}}
2025-08-15T22:13:41.114-0500	DEBUG	protocol/handler.go:1591	have processed broadcast	{"{round 20 3  <nil>}": {"Key":"from","Type":15,"Integer":0,"String":"a","Interface":null}}
2025-08-15T22:13:41.114-0500	DEBUG	protocol/handler.go:1591	have processed broadcast	{"{round 20 3  <nil>}": {"Key":"from","Type":15,"Integer":0,"String":"c","Interface":null}}
2025-08-15T22:13:41.114-0500	DEBUG	protocol/handler.go:1649	have all messages and processed	{"{round 20 3  <nil>}": {"Key":"self","Type":15,"Integer":0,"String":"b","Interface":null}}
2025-08-15T22:13:41.114-0500	DEBUG	protocol/handler.go:596	round already finalized
2025-08-15T22:13:41.115-0500	DEBUG	protocol/handler.go:581	tryAdvanceRound called	{"{current_round 20 3  <nil>}": {"Key":"self","Type":15,"Integer":0,"String":"a","Interface":null}}
2025-08-15T22:13:41.115-0500	DEBUG	protocol/handler.go:1591	have processed broadcast	{"{round 20 3  <nil>}": {"Key":"from","Type":15,"Integer":0,"String":"b","Interface":null}}
2025-08-15T22:13:41.115-0500	DEBUG	protocol/handler.go:1591	have processed broadcast	{"{round 20 3  <nil>}": {"Key":"from","Type":15,"Integer":0,"String":"c","Interface":null}}
2025-08-15T22:13:41.116-0500	DEBUG	protocol/handler.go:1649	have all messages and processed	{"{round 20 3  <nil>}": {"Key":"self","Type":15,"Integer":0,"String":"a","Interface":null}}
2025-08-15T22:13:41.116-0500	DEBUG	protocol/handler.go:596	round already finalized
2025-08-15T22:13:41.132-0500	DEBUG	protocol/handler.go:581	tryAdvanceRound called	{"{current_round 20 3  <nil>}": {"Key":"self","Type":15,"Integer":0,"String":"a","Interface":null}}
2025-08-15T22:13:41.132-0500	DEBUG	protocol/handler.go:1591	have processed broadcast	{"{round 20 3  <nil>}": {"Key":"from","Type":15,"Integer":0,"String":"b","Interface":null}}
2025-08-15T22:13:41.132-0500	DEBUG	protocol/handler.go:1591	have processed broadcast	{"{round 20 3  <nil>}": {"Key":"from","Type":15,"Integer":0,"String":"c","Interface":null}}
2025-08-15T22:13:41.132-0500	DEBUG	protocol/handler.go:1649	have all messages and processed	{"{round 20 3  <nil>}": {"Key":"self","Type":15,"Integer":0,"String":"a","Interface":null}}
2025-08-15T22:13:41.132-0500	DEBUG	protocol/handler.go:596	round already finalized
2025-08-15T22:13:41.134-0500	DEBUG	protocol/handler.go:581	tryAdvanceRound called	{"{current_round 20 3  <nil>}": {"Key":"self","Type":15,"Integer":0,"String":"c","Interface":null}}
2025-08-15T22:13:41.134-0500	DEBUG	protocol/handler.go:1591	have processed broadcast	{"{round 20 3  <nil>}": {"Key":"from","Type":15,"Integer":0,"String":"a","Interface":null}}
2025-08-15T22:13:41.134-0500	DEBUG	protocol/handler.go:1591	have processed broadcast	{"{round 20 3  <nil>}": {"Key":"from","Type":15,"Integer":0,"String":"b","Interface":null}}
2025-08-15T22:13:41.134-0500	DEBUG	protocol/handler.go:1649	have all messages and processed	{"{round 20 3  <nil>}": {"Key":"self","Type":15,"Integer":0,"String":"c","Interface":null}}
2025-08-15T22:13:41.134-0500	DEBUG	protocol/handler.go:596	round already finalized
2025-08-15T22:13:41.134-0500	DEBUG	protocol/handler.go:581	tryAdvanceRound called	{"{current_round 20 3  <nil>}": {"Key":"self","Type":15,"Integer":0,"String":"b","Interface":null}}
2025-08-15T22:13:41.134-0500	DEBUG	protocol/handler.go:1591	have processed broadcast	{"{round 20 3  <nil>}": {"Key":"from","Type":15,"Integer":0,"String":"a","Interface":null}}
2025-08-15T22:13:41.134-0500	DEBUG	protocol/handler.go:1591	have processed broadcast	{"{round 20 3  <nil>}": {"Key":"from","Type":15,"Integer":0,"String":"c","Interface":null}}
2025-08-15T22:13:41.134-0500	DEBUG	protocol/handler.go:1649	have all messages and processed	{"{round 20 3  <nil>}": {"Key":"self","Type":15,"Integer":0,"String":"b","Interface":null}}
2025-08-15T22:13:41.134-0500	DEBUG	protocol/handler.go:596	round already finalized
2025-08-15T22:13:41.157-0500	DEBUG	protocol/handler.go:581	tryAdvanceRound called	{"{current_round 20 3  <nil>}": {"Key":"self","Type":15,"Integer":0,"String":"a","Interface":null}}
2025-08-15T22:13:41.157-0500	DEBUG	protocol/handler.go:1591	have processed broadcast	{"{round 20 3  <nil>}": {"Key":"from","Type":15,"Integer":0,"String":"b","Interface":null}}
2025-08-15T22:13:41.158-0500	DEBUG	protocol/handler.go:1591	have processed broadcast	{"{round 20 3  <nil>}": {"Key":"from","Type":15,"Integer":0,"String":"c","Interface":null}}
2025-08-15T22:13:41.158-0500	DEBUG	protocol/handler.go:1649	have all messages and processed	{"{round 20 3  <nil>}": {"Key":"self","Type":15,"Integer":0,"String":"a","Interface":null}}
2025-08-15T22:13:41.158-0500	DEBUG	protocol/handler.go:596	round already finalized
2025-08-15T22:13:41.178-0500	DEBUG	protocol/handler.go:581	tryAdvanceRound called	{"{current_round 20 3  <nil>}": {"Key":"self","Type":15,"Integer":0,"String":"c","Interface":null}}
2025-08-15T22:13:41.178-0500	DEBUG	protocol/handler.go:1591	have processed broadcast	{"{round 20 3  <nil>}": {"Key":"from","Type":15,"Integer":0,"String":"a","Interface":null}}
2025-08-15T22:13:41.178-0500	DEBUG	protocol/handler.go:1591	have processed broadcast	{"{round 20 3  <nil>}": {"Key":"from","Type":15,"Integer":0,"String":"b","Interface":null}}
2025-08-15T22:13:41.178-0500	DEBUG	protocol/handler.go:1649	have all messages and processed	{"{round 20 3  <nil>}": {"Key":"self","Type":15,"Integer":0,"String":"c","Interface":null}}
2025-08-15T22:13:41.178-0500	DEBUG	protocol/handler.go:596	round already finalized
2025-08-15T22:13:41.178-0500	DEBUG	protocol/handler.go:581	tryAdvanceRound called	{"{current_round 20 3  <nil>}": {"Key":"self","Type":15,"Integer":0,"String":"c","Interface":null}}
2025-08-15T22:13:41.178-0500	DEBUG	protocol/handler.go:1591	have processed broadcast	{"{round 20 3  <nil>}": {"Key":"from","Type":15,"Integer":0,"String":"a","Interface":null}}
2025-08-15T22:13:41.178-0500	DEBUG	protocol/handler.go:1591	have processed broadcast	{"{round 20 3  <nil>}": {"Key":"from","Type":15,"Integer":0,"String":"b","Interface":null}}
2025-08-15T22:13:41.178-0500	DEBUG	protocol/handler.go:581	tryAdvanceRound called	{"{current_round 20 3  <nil>}": {"Key":"self","Type":15,"Integer":0,"String":"a","Interface":null}}
2025-08-15T22:13:41.178-0500	DEBUG	protocol/handler.go:1649	have all messages and processed	{"{round 20 3  <nil>}": {"Key":"self","Type":15,"Integer":0,"String":"c","Interface":null}}
2025-08-15T22:13:41.178-0500	DEBUG	protocol/handler.go:596	round already finalized
2025-08-15T22:13:41.178-0500	DEBUG	protocol/handler.go:581	tryAdvanceRound called	{"{current_round 20 3  <nil>}": {"Key":"self","Type":15,"Integer":0,"String":"b","Interface":null}}
2025-08-15T22:13:41.178-0500	DEBUG	protocol/handler.go:1591	have processed broadcast	{"{round 20 3  <nil>}": {"Key":"from","Type":15,"Integer":0,"String":"b","Interface":null}}
2025-08-15T22:13:41.178-0500	DEBUG	protocol/handler.go:1591	have processed broadcast	{"{round 20 3  <nil>}": {"Key":"from","Type":15,"Integer":0,"String":"a","Interface":null}}
2025-08-15T22:13:41.178-0500	DEBUG	protocol/handler.go:1591	have processed broadcast	{"{round 20 3  <nil>}": {"Key":"from","Type":15,"Integer":0,"String":"c","Interface":null}}
2025-08-15T22:13:41.179-0500	DEBUG	protocol/handler.go:1591	have processed broadcast	{"{round 20 3  <nil>}": {"Key":"from","Type":15,"Integer":0,"String":"c","Interface":null}}
2025-08-15T22:13:41.179-0500	DEBUG	protocol/handler.go:1649	have all messages and processed	{"{round 20 3  <nil>}": {"Key":"self","Type":15,"Integer":0,"String":"a","Interface":null}}
2025-08-15T22:13:41.179-0500	DEBUG	protocol/handler.go:596	round already finalized
2025-08-15T22:13:41.179-0500	DEBUG	protocol/handler.go:1649	have all messages and processed	{"{round 20 3  <nil>}": {"Key":"self","Type":15,"Integer":0,"String":"b","Interface":null}}
2025-08-15T22:13:41.180-0500	DEBUG	protocol/handler.go:596	round already finalized
2025-08-15T22:13:41.180-0500	DEBUG	protocol/handler.go:581	tryAdvanceRound called	{"{current_round 20 3  <nil>}": {"Key":"self","Type":15,"Integer":0,"String":"b","Interface":null}}
2025-08-15T22:13:41.180-0500	DEBUG	protocol/handler.go:1591	have processed broadcast	{"{round 20 3  <nil>}": {"Key":"from","Type":15,"Integer":0,"String":"a","Interface":null}}
2025-08-15T22:13:41.180-0500	DEBUG	protocol/handler.go:1591	have processed broadcast	{"{round 20 3  <nil>}": {"Key":"from","Type":15,"Integer":0,"String":"c","Interface":null}}
2025-08-15T22:13:41.180-0500	DEBUG	protocol/handler.go:1649	have all messages and processed	{"{round 20 3  <nil>}": {"Key":"self","Type":15,"Integer":0,"String":"b","Interface":null}}
2025-08-15T22:13:41.180-0500	DEBUG	protocol/handler.go:596	round already finalized
2025-08-15T22:13:41.180-0500	DEBUG	protocol/handler.go:581	tryAdvanceRound called	{"{current_round 20 3  <nil>}": {"Key":"self","Type":15,"Integer":0,"String":"b","Interface":null}}
2025-08-15T22:13:41.181-0500	DEBUG	protocol/handler.go:1591	have processed broadcast	{"{round 20 3  <nil>}": {"Key":"from","Type":15,"Integer":0,"String":"a","Interface":null}}
2025-08-15T22:13:41.181-0500	DEBUG	protocol/handler.go:1591	have processed broadcast	{"{round 20 3  <nil>}": {"Key":"from","Type":15,"Integer":0,"String":"c","Interface":null}}
2025-08-15T22:13:41.181-0500	DEBUG	protocol/handler.go:1649	have all messages and processed	{"{round 20 3  <nil>}": {"Key":"self","Type":15,"Integer":0,"String":"b","Interface":null}}
2025-08-15T22:13:41.181-0500	DEBUG	protocol/handler.go:596	round already finalized
2025-08-15T22:13:41.195-0500	DEBUG	protocol/handler.go:581	tryAdvanceRound called	{"{current_round 20 3  <nil>}": {"Key":"self","Type":15,"Integer":0,"String":"b","Interface":null}}
2025-08-15T22:13:41.196-0500	DEBUG	protocol/handler.go:1591	have processed broadcast	{"{round 20 3  <nil>}": {"Key":"from","Type":15,"Integer":0,"String":"a","Interface":null}}
2025-08-15T22:13:41.196-0500	DEBUG	protocol/handler.go:1591	have processed broadcast	{"{round 20 3  <nil>}": {"Key":"from","Type":15,"Integer":0,"String":"c","Interface":null}}
2025-08-15T22:13:41.196-0500	DEBUG	protocol/handler.go:1649	have all messages and processed	{"{round 20 3  <nil>}": {"Key":"self","Type":15,"Integer":0,"String":"b","Interface":null}}
2025-08-15T22:13:41.196-0500	DEBUG	protocol/handler.go:596	round already finalized
2025-08-15T22:13:41.202-0500	DEBUG	protocol/handler.go:581	tryAdvanceRound called	{"{current_round 20 3  <nil>}": {"Key":"self","Type":15,"Integer":0,"String":"a","Interface":null}}
2025-08-15T22:13:41.202-0500	DEBUG	protocol/handler.go:1591	have processed broadcast	{"{round 20 3  <nil>}": {"Key":"from","Type":15,"Integer":0,"String":"b","Interface":null}}
2025-08-15T22:13:41.203-0500	DEBUG	protocol/handler.go:1591	have processed broadcast	{"{round 20 3  <nil>}": {"Key":"from","Type":15,"Integer":0,"String":"c","Interface":null}}
2025-08-15T22:13:41.203-0500	DEBUG	protocol/handler.go:1649	have all messages and processed	{"{round 20 3  <nil>}": {"Key":"self","Type":15,"Integer":0,"String":"a","Interface":null}}
2025-08-15T22:13:41.203-0500	DEBUG	protocol/handler.go:596	round already finalized
2025-08-15T22:13:41.211-0500	DEBUG	protocol/handler.go:581	tryAdvanceRound called	{"{current_round 20 3  <nil>}": {"Key":"self","Type":15,"Integer":0,"String":"b","Interface":null}}
2025-08-15T22:13:41.211-0500	DEBUG	protocol/handler.go:1591	have processed broadcast	{"{round 20 3  <nil>}": {"Key":"from","Type":15,"Integer":0,"String":"a","Interface":null}}
2025-08-15T22:13:41.211-0500	DEBUG	protocol/handler.go:1591	have processed broadcast	{"{round 20 3  <nil>}": {"Key":"from","Type":15,"Integer":0,"String":"c","Interface":null}}
2025-08-15T22:13:41.211-0500	DEBUG	protocol/handler.go:1649	have all messages and processed	{"{round 20 3  <nil>}": {"Key":"self","Type":15,"Integer":0,"String":"b","Interface":null}}
2025-08-15T22:13:41.211-0500	DEBUG	protocol/handler.go:596	round already finalized
2025-08-15T22:13:41.211-0500	DEBUG	protocol/handler.go:581	tryAdvanceRound called	{"{current_round 20 3  <nil>}": {"Key":"self","Type":15,"Integer":0,"String":"c","Interface":null}}
2025-08-15T22:13:41.212-0500	DEBUG	protocol/handler.go:1591	have processed broadcast	{"{round 20 3  <nil>}": {"Key":"from","Type":15,"Integer":0,"String":"a","Interface":null}}
2025-08-15T22:13:41.212-0500	DEBUG	protocol/handler.go:1591	have processed broadcast	{"{round 20 3  <nil>}": {"Key":"from","Type":15,"Integer":0,"String":"b","Interface":null}}
2025-08-15T22:13:41.212-0500	DEBUG	protocol/handler.go:1649	have all messages and processed	{"{round 20 3  <nil>}": {"Key":"self","Type":15,"Integer":0,"String":"c","Interface":null}}
2025-08-15T22:13:41.212-0500	DEBUG	protocol/handler.go:596	round already finalized
2025-08-15T22:13:41.212-0500	DEBUG	protocol/handler.go:581	tryAdvanceRound called	{"{current_round 20 3  <nil>}": {"Key":"self","Type":15,"Integer":0,"String":"c","Interface":null}}
2025-08-15T22:13:41.212-0500	DEBUG	protocol/handler.go:1591	have processed broadcast	{"{round 20 3  <nil>}": {"Key":"from","Type":15,"Integer":0,"String":"a","Interface":null}}
2025-08-15T22:13:41.212-0500	DEBUG	protocol/handler.go:1591	have processed broadcast	{"{round 20 3  <nil>}": {"Key":"from","Type":15,"Integer":0,"String":"b","Interface":null}}
2025-08-15T22:13:41.212-0500	DEBUG	protocol/handler.go:1649	have all messages and processed	{"{round 20 3  <nil>}": {"Key":"self","Type":15,"Integer":0,"String":"c","Interface":null}}
2025-08-15T22:13:41.212-0500	DEBUG	protocol/handler.go:596	round already finalized
2025-08-15T22:13:41.212-0500	DEBUG	protocol/handler.go:1039	sendRoundMessage	{"{from 15 0 a <nil>}": {"Key":"to","Type":15,"Integer":0,"String":"","Interface":null}, "{round 20 4  <nil>}": {"Key":"broadcast","Type":4,"Integer":1,"String":"","Interface":null}}
2025-08-15T22:13:41.215-0500	DEBUG	protocol/handler.go:581	tryAdvanceRound called	{"{current_round 20 3  <nil>}": {"Key":"self","Type":15,"Integer":0,"String":"a","Interface":null}}
2025-08-15T22:13:41.215-0500	DEBUG	protocol/handler.go:1591	have processed broadcast	{"{round 20 3  <nil>}": {"Key":"from","Type":15,"Integer":0,"String":"b","Interface":null}}
2025-08-15T22:13:41.215-0500	DEBUG	protocol/handler.go:1591	have processed broadcast	{"{round 20 3  <nil>}": {"Key":"from","Type":15,"Integer":0,"String":"c","Interface":null}}
2025-08-15T22:13:41.215-0500	DEBUG	protocol/handler.go:1649	have all messages and processed	{"{round 20 3  <nil>}": {"Key":"self","Type":15,"Integer":0,"String":"a","Interface":null}}
2025-08-15T22:13:41.215-0500	DEBUG	protocol/handler.go:596	round already finalized
2025-08-15T22:13:41.233-0500	DEBUG	protocol/handler.go:581	tryAdvanceRound called	{"{current_round 20 3  <nil>}": {"Key":"self","Type":15,"Integer":0,"String":"a","Interface":null}}
2025-08-15T22:13:41.233-0500	DEBUG	protocol/handler.go:1591	have processed broadcast	{"{round 20 3  <nil>}": {"Key":"from","Type":15,"Integer":0,"String":"b","Interface":null}}
2025-08-15T22:13:41.233-0500	DEBUG	protocol/handler.go:1591	have processed broadcast	{"{round 20 3  <nil>}": {"Key":"from","Type":15,"Integer":0,"String":"c","Interface":null}}
2025-08-15T22:13:41.233-0500	DEBUG	protocol/handler.go:1649	have all messages and processed	{"{round 20 3  <nil>}": {"Key":"self","Type":15,"Integer":0,"String":"a","Interface":null}}
2025-08-15T22:13:41.233-0500	DEBUG	protocol/handler.go:596	round already finalized
2025-08-15T22:13:41.214-0500	DEBUG	protocol/handler.go:1657	storing broadcast	{"{round 20 4  <nil>}": {"Key":"from","Type":15,"Integer":0,"String":"a","Interface":null}}
2025-08-15T22:13:41.234-0500	DEBUG	protocol/handler.go:1081	sent message to output channel	{"{from 15 0 a <nil>}": {"Key":"to","Type":15,"Integer":0,"String":"","Interface":null}, "{round 20 4  <nil>}": {"Key":"broadcast","Type":4,"Integer":1,"String":"","Interface":null}}
2025-08-15T22:13:41.234-0500	DEBUG	protocol/handler.go:437	processing message	{"{from 15 0 a <nil>}": {"Key":"to","Type":15,"Integer":0,"String":"","Interface":null}, "{round 20 4  <nil>}": {"Key":"broadcast","Type":4,"Integer":1,"String":"","Interface":null}}
2025-08-15T22:13:41.234-0500	DEBUG	protocol/handler.go:1657	storing broadcast	{"{round 20 4  <nil>}": {"Key":"from","Type":15,"Integer":0,"String":"a","Interface":null}}
2025-08-15T22:13:41.234-0500	DEBUG	protocol/handler.go:470	message for different round (buffering)	{"{msg_round 20 4  <nil>}": {"Key":"current_round","Type":20,"Integer":3,"String":"","Interface":null}}
2025-08-15T22:13:41.234-0500	DEBUG	protocol/handler.go:581	tryAdvanceRound called	{"{current_round 20 3  <nil>}": {"Key":"self","Type":15,"Integer":0,"String":"b","Interface":null}}
2025-08-15T22:13:41.234-0500	DEBUG	protocol/handler.go:1591	have processed broadcast	{"{round 20 3  <nil>}": {"Key":"from","Type":15,"Integer":0,"String":"a","Interface":null}}
2025-08-15T22:13:41.234-0500	DEBUG	protocol/handler.go:581	tryAdvanceRound called	{"{current_round 20 3  <nil>}": {"Key":"self","Type":15,"Integer":0,"String":"c","Interface":null}}
2025-08-15T22:13:41.234-0500	DEBUG	protocol/handler.go:1591	have processed broadcast	{"{round 20 3  <nil>}": {"Key":"from","Type":15,"Integer":0,"String":"c","Interface":null}}
2025-08-15T22:13:41.234-0500	DEBUG	protocol/handler.go:1649	have all messages and processed	{"{round 20 3  <nil>}": {"Key":"self","Type":15,"Integer":0,"String":"b","Interface":null}}
2025-08-15T22:13:41.234-0500	DEBUG	protocol/handler.go:1591	have processed broadcast	{"{round 20 3  <nil>}": {"Key":"from","Type":15,"Integer":0,"String":"a","Interface":null}}
2025-08-15T22:13:41.234-0500	DEBUG	protocol/handler.go:596	round already finalized
2025-08-15T22:13:41.234-0500	DEBUG	protocol/handler.go:1591	have processed broadcast	{"{round 20 3  <nil>}": {"Key":"from","Type":15,"Integer":0,"String":"b","Interface":null}}
2025-08-15T22:13:41.234-0500	DEBUG	protocol/handler.go:1649	have all messages and processed	{"{round 20 3  <nil>}": {"Key":"self","Type":15,"Integer":0,"String":"c","Interface":null}}
2025-08-15T22:13:41.234-0500	DEBUG	protocol/handler.go:596	round already finalized
2025-08-15T22:13:41.234-0500	DEBUG	protocol/handler.go:581	tryAdvanceRound called	{"{current_round 20 3  <nil>}": {"Key":"self","Type":15,"Integer":0,"String":"b","Interface":null}}
2025-08-15T22:13:41.234-0500	DEBUG	protocol/handler.go:1591	have processed broadcast	{"{round 20 3  <nil>}": {"Key":"from","Type":15,"Integer":0,"String":"a","Interface":null}}
2025-08-15T22:13:41.234-0500	DEBUG	protocol/handler.go:1591	have processed broadcast	{"{round 20 3  <nil>}": {"Key":"from","Type":15,"Integer":0,"String":"c","Interface":null}}
2025-08-15T22:13:41.234-0500	DEBUG	protocol/handler.go:1649	have all messages and processed	{"{round 20 3  <nil>}": {"Key":"self","Type":15,"Integer":0,"String":"b","Interface":null}}
2025-08-15T22:13:41.234-0500	DEBUG	protocol/handler.go:596	round already finalized
2025-08-15T22:13:41.236-0500	DEBUG	protocol/handler.go:437	processing message	{"{from 15 0 a <nil>}": {"Key":"to","Type":15,"Integer":0,"String":"","Interface":null}, "{round 20 4  <nil>}": {"Key":"broadcast","Type":4,"Integer":1,"String":"","Interface":null}}
2025-08-15T22:13:41.236-0500	DEBUG	protocol/handler.go:1657	storing broadcast	{"{round 20 4  <nil>}": {"Key":"from","Type":15,"Integer":0,"String":"a","Interface":null}}
2025-08-15T22:13:41.236-0500	DEBUG	protocol/handler.go:470	message for different round (buffering)	{"{msg_round 20 4  <nil>}": {"Key":"current_round","Type":20,"Integer":3,"String":"","Interface":null}}
2025-08-15T22:13:41.236-0500	DEBUG	protocol/handler.go:581	tryAdvanceRound called	{"{current_round 20 3  <nil>}": {"Key":"self","Type":15,"Integer":0,"String":"c","Interface":null}}
2025-08-15T22:13:41.236-0500	DEBUG	protocol/handler.go:1591	have processed broadcast	{"{round 20 3  <nil>}": {"Key":"from","Type":15,"Integer":0,"String":"a","Interface":null}}
2025-08-15T22:13:41.236-0500	DEBUG	protocol/handler.go:1591	have processed broadcast	{"{round 20 3  <nil>}": {"Key":"from","Type":15,"Integer":0,"String":"b","Interface":null}}
2025-08-15T22:13:41.236-0500	DEBUG	protocol/handler.go:1649	have all messages and processed	{"{round 20 3  <nil>}": {"Key":"self","Type":15,"Integer":0,"String":"c","Interface":null}}
2025-08-15T22:13:41.236-0500	DEBUG	protocol/handler.go:581	tryAdvanceRound called	{"{current_round 20 3  <nil>}": {"Key":"self","Type":15,"Integer":0,"String":"a","Interface":null}}
2025-08-15T22:13:41.236-0500	DEBUG	protocol/handler.go:1591	have processed broadcast	{"{round 20 3  <nil>}": {"Key":"from","Type":15,"Integer":0,"String":"b","Interface":null}}
2025-08-15T22:13:41.237-0500	DEBUG	protocol/handler.go:1591	have processed broadcast	{"{round 20 3  <nil>}": {"Key":"from","Type":15,"Integer":0,"String":"c","Interface":null}}
2025-08-15T22:13:41.237-0500	DEBUG	protocol/handler.go:1649	have all messages and processed	{"{round 20 3  <nil>}": {"Key":"self","Type":15,"Integer":0,"String":"a","Interface":null}}
2025-08-15T22:13:41.237-0500	DEBUG	protocol/handler.go:596	round already finalized
2025-08-15T22:13:41.236-0500	DEBUG	protocol/handler.go:596	round already finalized
2025-08-15T22:13:41.258-0500	DEBUG	protocol/handler.go:581	tryAdvanceRound called	{"{current_round 20 3  <nil>}": {"Key":"self","Type":15,"Integer":0,"String":"b","Interface":null}}
2025-08-15T22:13:41.258-0500	DEBUG	protocol/handler.go:1591	have processed broadcast	{"{round 20 3  <nil>}": {"Key":"from","Type":15,"Integer":0,"String":"a","Interface":null}}
2025-08-15T22:13:41.258-0500	DEBUG	protocol/handler.go:1591	have processed broadcast	{"{round 20 3  <nil>}": {"Key":"from","Type":15,"Integer":0,"String":"c","Interface":null}}
2025-08-15T22:13:41.258-0500	DEBUG	protocol/handler.go:1649	have all messages and processed	{"{round 20 3  <nil>}": {"Key":"self","Type":15,"Integer":0,"String":"b","Interface":null}}
2025-08-15T22:13:41.258-0500	DEBUG	protocol/handler.go:596	round already finalized
2025-08-15T22:13:41.258-0500	DEBUG	protocol/handler.go:581	tryAdvanceRound called	{"{current_round 20 3  <nil>}": {"Key":"self","Type":15,"Integer":0,"String":"c","Interface":null}}
2025-08-15T22:13:41.258-0500	DEBUG	protocol/handler.go:1591	have processed broadcast	{"{round 20 3  <nil>}": {"Key":"from","Type":15,"Integer":0,"String":"a","Interface":null}}
2025-08-15T22:13:41.259-0500	DEBUG	protocol/handler.go:1591	have processed broadcast	{"{round 20 3  <nil>}": {"Key":"from","Type":15,"Integer":0,"String":"b","Interface":null}}
2025-08-15T22:13:41.259-0500	DEBUG	protocol/handler.go:1649	have all messages and processed	{"{round 20 3  <nil>}": {"Key":"self","Type":15,"Integer":0,"String":"c","Interface":null}}
2025-08-15T22:13:41.259-0500	DEBUG	protocol/handler.go:596	round already finalized
2025-08-15T22:13:41.262-0500	DEBUG	protocol/handler.go:581	tryAdvanceRound called	{"{current_round 20 3  <nil>}": {"Key":"self","Type":15,"Integer":0,"String":"a","Interface":null}}
2025-08-15T22:13:41.262-0500	DEBUG	protocol/handler.go:1591	have processed broadcast	{"{round 20 3  <nil>}": {"Key":"from","Type":15,"Integer":0,"String":"b","Interface":null}}
2025-08-15T22:13:41.262-0500	DEBUG	protocol/handler.go:1591	have processed broadcast	{"{round 20 3  <nil>}": {"Key":"from","Type":15,"Integer":0,"String":"c","Interface":null}}
2025-08-15T22:13:41.262-0500	DEBUG	protocol/handler.go:1649	have all messages and processed	{"{round 20 3  <nil>}": {"Key":"self","Type":15,"Integer":0,"String":"a","Interface":null}}
2025-08-15T22:13:41.262-0500	DEBUG	protocol/handler.go:596	round already finalized
2025-08-15T22:13:41.282-0500	DEBUG	protocol/handler.go:581	tryAdvanceRound called	{"{current_round 20 3  <nil>}": {"Key":"self","Type":15,"Integer":0,"String":"b","Interface":null}}
2025-08-15T22:13:41.282-0500	DEBUG	protocol/handler.go:1591	have processed broadcast	{"{round 20 3  <nil>}": {"Key":"from","Type":15,"Integer":0,"String":"a","Interface":null}}
2025-08-15T22:13:41.282-0500	DEBUG	protocol/handler.go:1591	have processed broadcast	{"{round 20 3  <nil>}": {"Key":"from","Type":15,"Integer":0,"String":"c","Interface":null}}
2025-08-15T22:13:41.282-0500	DEBUG	protocol/handler.go:1649	have all messages and processed	{"{round 20 3  <nil>}": {"Key":"self","Type":15,"Integer":0,"String":"b","Interface":null}}
2025-08-15T22:13:41.282-0500	DEBUG	protocol/handler.go:596	round already finalized
2025-08-15T22:13:41.282-0500	DEBUG	protocol/handler.go:581	tryAdvanceRound called	{"{current_round 20 3  <nil>}": {"Key":"self","Type":15,"Integer":0,"String":"c","Interface":null}}
2025-08-15T22:13:41.282-0500	DEBUG	protocol/handler.go:1591	have processed broadcast	{"{round 20 3  <nil>}": {"Key":"from","Type":15,"Integer":0,"String":"a","Interface":null}}
2025-08-15T22:13:41.282-0500	DEBUG	protocol/handler.go:1591	have processed broadcast	{"{round 20 3  <nil>}": {"Key":"from","Type":15,"Integer":0,"String":"b","Interface":null}}
2025-08-15T22:13:41.282-0500	DEBUG	protocol/handler.go:1649	have all messages and processed	{"{round 20 3  <nil>}": {"Key":"self","Type":15,"Integer":0,"String":"c","Interface":null}}
2025-08-15T22:13:41.282-0500	DEBUG	protocol/handler.go:596	round already finalized
2025-08-15T22:13:41.282-0500	DEBUG	protocol/handler.go:581	tryAdvanceRound called	{"{current_round 20 3  <nil>}": {"Key":"self","Type":15,"Integer":0,"String":"a","Interface":null}}
2025-08-15T22:13:41.282-0500	DEBUG	protocol/handler.go:1591	have processed broadcast	{"{round 20 3  <nil>}": {"Key":"from","Type":15,"Integer":0,"String":"b","Interface":null}}
2025-08-15T22:13:41.282-0500	DEBUG	protocol/handler.go:1591	have processed broadcast	{"{round 20 3  <nil>}": {"Key":"from","Type":15,"Integer":0,"String":"c","Interface":null}}
2025-08-15T22:13:41.282-0500	DEBUG	protocol/handler.go:1649	have all messages and processed	{"{round 20 3  <nil>}": {"Key":"self","Type":15,"Integer":0,"String":"a","Interface":null}}
2025-08-15T22:13:41.282-0500	DEBUG	protocol/handler.go:596	round already finalized
2025-08-15T22:13:41.300-0500	DEBUG	protocol/handler.go:581	tryAdvanceRound called	{"{current_round 20 3  <nil>}": {"Key":"self","Type":15,"Integer":0,"String":"b","Interface":null}}
2025-08-15T22:13:41.300-0500	DEBUG	protocol/handler.go:1591	have processed broadcast	{"{round 20 3  <nil>}": {"Key":"from","Type":15,"Integer":0,"String":"a","Interface":null}}
2025-08-15T22:13:41.301-0500	DEBUG	protocol/handler.go:1591	have processed broadcast	{"{round 20 3  <nil>}": {"Key":"from","Type":15,"Integer":0,"String":"c","Interface":null}}
2025-08-15T22:13:41.301-0500	DEBUG	protocol/handler.go:1649	have all messages and processed	{"{round 20 3  <nil>}": {"Key":"self","Type":15,"Integer":0,"String":"b","Interface":null}}
2025-08-15T22:13:41.301-0500	DEBUG	protocol/handler.go:596	round already finalized
2025-08-15T22:13:41.301-0500	DEBUG	protocol/handler.go:581	tryAdvanceRound called	{"{current_round 20 3  <nil>}": {"Key":"self","Type":15,"Integer":0,"String":"c","Interface":null}}
2025-08-15T22:13:41.301-0500	DEBUG	protocol/handler.go:1591	have processed broadcast	{"{round 20 3  <nil>}": {"Key":"from","Type":15,"Integer":0,"String":"a","Interface":null}}
2025-08-15T22:13:41.301-0500	DEBUG	protocol/handler.go:1591	have processed broadcast	{"{round 20 3  <nil>}": {"Key":"from","Type":15,"Integer":0,"String":"b","Interface":null}}
2025-08-15T22:13:41.301-0500	DEBUG	protocol/handler.go:1649	have all messages and processed	{"{round 20 3  <nil>}": {"Key":"self","Type":15,"Integer":0,"String":"c","Interface":null}}
2025-08-15T22:13:41.301-0500	DEBUG	protocol/handler.go:596	round already finalized
2025-08-15T22:13:41.301-0500	DEBUG	protocol/handler.go:581	tryAdvanceRound called	{"{current_round 20 3  <nil>}": {"Key":"self","Type":15,"Integer":0,"String":"c","Interface":null}}
2025-08-15T22:13:41.301-0500	DEBUG	protocol/handler.go:1591	have processed broadcast	{"{round 20 3  <nil>}": {"Key":"from","Type":15,"Integer":0,"String":"a","Interface":null}}
2025-08-15T22:13:41.301-0500	DEBUG	protocol/handler.go:1591	have processed broadcast	{"{round 20 3  <nil>}": {"Key":"from","Type":15,"Integer":0,"String":"b","Interface":null}}
2025-08-15T22:13:41.301-0500	DEBUG	protocol/handler.go:1649	have all messages and processed	{"{round 20 3  <nil>}": {"Key":"self","Type":15,"Integer":0,"String":"c","Interface":null}}
2025-08-15T22:13:41.301-0500	DEBUG	protocol/handler.go:596	round already finalized
2025-08-15T22:13:41.301-0500	DEBUG	protocol/handler.go:581	tryAdvanceRound called	{"{current_round 20 3  <nil>}": {"Key":"self","Type":15,"Integer":0,"String":"b","Interface":null}}
2025-08-15T22:13:41.301-0500	DEBUG	protocol/handler.go:1591	have processed broadcast	{"{round 20 3  <nil>}": {"Key":"from","Type":15,"Integer":0,"String":"a","Interface":null}}
2025-08-15T22:13:41.301-0500	DEBUG	protocol/handler.go:1591	have processed broadcast	{"{round 20 3  <nil>}": {"Key":"from","Type":15,"Integer":0,"String":"c","Interface":null}}
2025-08-15T22:13:41.301-0500	DEBUG	protocol/handler.go:1649	have all messages and processed	{"{round 20 3  <nil>}": {"Key":"self","Type":15,"Integer":0,"String":"b","Interface":null}}
2025-08-15T22:13:41.301-0500	DEBUG	protocol/handler.go:596	round already finalized
2025-08-15T22:13:41.300-0500	DEBUG	protocol/handler.go:581	tryAdvanceRound called	{"{current_round 20 3  <nil>}": {"Key":"self","Type":15,"Integer":0,"String":"a","Interface":null}}
2025-08-15T22:13:41.303-0500	DEBUG	protocol/handler.go:1591	have processed broadcast	{"{round 20 3  <nil>}": {"Key":"from","Type":15,"Integer":0,"String":"b","Interface":null}}
2025-08-15T22:13:41.303-0500	DEBUG	protocol/handler.go:1591	have processed broadcast	{"{round 20 3  <nil>}": {"Key":"from","Type":15,"Integer":0,"String":"c","Interface":null}}
2025-08-15T22:13:41.303-0500	DEBUG	protocol/handler.go:1649	have all messages and processed	{"{round 20 3  <nil>}": {"Key":"self","Type":15,"Integer":0,"String":"a","Interface":null}}
2025-08-15T22:13:41.303-0500	DEBUG	protocol/handler.go:596	round already finalized
2025-08-15T22:13:41.307-0500	DEBUG	protocol/handler.go:581	tryAdvanceRound called	{"{current_round 20 3  <nil>}": {"Key":"self","Type":15,"Integer":0,"String":"a","Interface":null}}
2025-08-15T22:13:41.307-0500	DEBUG	protocol/handler.go:1591	have processed broadcast	{"{round 20 3  <nil>}": {"Key":"from","Type":15,"Integer":0,"String":"b","Interface":null}}
2025-08-15T22:13:41.307-0500	DEBUG	protocol/handler.go:1591	have processed broadcast	{"{round 20 3  <nil>}": {"Key":"from","Type":15,"Integer":0,"String":"c","Interface":null}}
2025-08-15T22:13:41.307-0500	DEBUG	protocol/handler.go:1649	have all messages and processed	{"{round 20 3  <nil>}": {"Key":"self","Type":15,"Integer":0,"String":"a","Interface":null}}
2025-08-15T22:13:41.307-0500	DEBUG	protocol/handler.go:596	round already finalized
2025-08-15T22:13:41.311-0500	DEBUG	protocol/handler.go:581	tryAdvanceRound called	{"{current_round 20 3  <nil>}": {"Key":"self","Type":15,"Integer":0,"String":"b","Interface":null}}
2025-08-15T22:13:41.311-0500	DEBUG	protocol/handler.go:1591	have processed broadcast	{"{round 20 3  <nil>}": {"Key":"from","Type":15,"Integer":0,"String":"a","Interface":null}}
2025-08-15T22:13:41.311-0500	DEBUG	protocol/handler.go:1591	have processed broadcast	{"{round 20 3  <nil>}": {"Key":"from","Type":15,"Integer":0,"String":"c","Interface":null}}
2025-08-15T22:13:41.311-0500	DEBUG	protocol/handler.go:1649	have all messages and processed	{"{round 20 3  <nil>}": {"Key":"self","Type":15,"Integer":0,"String":"b","Interface":null}}
2025-08-15T22:13:41.311-0500	DEBUG	protocol/handler.go:596	round already finalized
2025-08-15T22:13:41.311-0500	DEBUG	protocol/handler.go:581	tryAdvanceRound called	{"{current_round 20 3  <nil>}": {"Key":"self","Type":15,"Integer":0,"String":"c","Interface":null}}
2025-08-15T22:13:41.311-0500	DEBUG	protocol/handler.go:1591	have processed broadcast	{"{round 20 3  <nil>}": {"Key":"from","Type":15,"Integer":0,"String":"a","Interface":null}}
2025-08-15T22:13:41.311-0500	DEBUG	protocol/handler.go:1591	have processed broadcast	{"{round 20 3  <nil>}": {"Key":"from","Type":15,"Integer":0,"String":"b","Interface":null}}
2025-08-15T22:13:41.311-0500	DEBUG	protocol/handler.go:1649	have all messages and processed	{"{round 20 3  <nil>}": {"Key":"self","Type":15,"Integer":0,"String":"c","Interface":null}}
2025-08-15T22:13:41.311-0500	DEBUG	protocol/handler.go:596	round already finalized
2025-08-15T22:13:41.317-0500	DEBUG	protocol/handler.go:581	tryAdvanceRound called	{"{current_round 20 3  <nil>}": {"Key":"self","Type":15,"Integer":0,"String":"a","Interface":null}}
2025-08-15T22:13:41.317-0500	DEBUG	protocol/handler.go:1591	have processed broadcast	{"{round 20 3  <nil>}": {"Key":"from","Type":15,"Integer":0,"String":"b","Interface":null}}
2025-08-15T22:13:41.317-0500	DEBUG	protocol/handler.go:1591	have processed broadcast	{"{round 20 3  <nil>}": {"Key":"from","Type":15,"Integer":0,"String":"c","Interface":null}}
2025-08-15T22:13:41.317-0500	DEBUG	protocol/handler.go:1649	have all messages and processed	{"{round 20 3  <nil>}": {"Key":"self","Type":15,"Integer":0,"String":"a","Interface":null}}
2025-08-15T22:13:41.317-0500	DEBUG	protocol/handler.go:596	round already finalized
2025-08-15T22:13:41.320-0500	DEBUG	protocol/handler.go:581	tryAdvanceRound called	{"{current_round 20 3  <nil>}": {"Key":"self","Type":15,"Integer":0,"String":"b","Interface":null}}
2025-08-15T22:13:41.321-0500	DEBUG	protocol/handler.go:1591	have processed broadcast	{"{round 20 3  <nil>}": {"Key":"from","Type":15,"Integer":0,"String":"a","Interface":null}}
2025-08-15T22:13:41.321-0500	DEBUG	protocol/handler.go:1591	have processed broadcast	{"{round 20 3  <nil>}": {"Key":"from","Type":15,"Integer":0,"String":"c","Interface":null}}
2025-08-15T22:13:41.321-0500	DEBUG	protocol/handler.go:1649	have all messages and processed	{"{round 20 3  <nil>}": {"Key":"self","Type":15,"Integer":0,"String":"b","Interface":null}}
2025-08-15T22:13:41.321-0500	DEBUG	protocol/handler.go:581	tryAdvanceRound called	{"{current_round 20 3  <nil>}": {"Key":"self","Type":15,"Integer":0,"String":"c","Interface":null}}
2025-08-15T22:13:41.321-0500	DEBUG	protocol/handler.go:596	round already finalized
2025-08-15T22:13:41.321-0500	DEBUG	protocol/handler.go:1591	have processed broadcast	{"{round 20 3  <nil>}": {"Key":"from","Type":15,"Integer":0,"String":"a","Interface":null}}
2025-08-15T22:13:41.321-0500	DEBUG	protocol/handler.go:1591	have processed broadcast	{"{round 20 3  <nil>}": {"Key":"from","Type":15,"Integer":0,"String":"b","Interface":null}}
2025-08-15T22:13:41.321-0500	DEBUG	protocol/handler.go:1649	have all messages and processed	{"{round 20 3  <nil>}": {"Key":"self","Type":15,"Integer":0,"String":"c","Interface":null}}
2025-08-15T22:13:41.322-0500	DEBUG	protocol/handler.go:596	round already finalized
2025-08-15T22:13:41.327-0500	DEBUG	protocol/handler.go:581	tryAdvanceRound called	{"{current_round 20 3  <nil>}": {"Key":"self","Type":15,"Integer":0,"String":"a","Interface":null}}
2025-08-15T22:13:41.327-0500	DEBUG	protocol/handler.go:1591	have processed broadcast	{"{round 20 3  <nil>}": {"Key":"from","Type":15,"Integer":0,"String":"b","Interface":null}}
2025-08-15T22:13:41.327-0500	DEBUG	protocol/handler.go:1591	have processed broadcast	{"{round 20 3  <nil>}": {"Key":"from","Type":15,"Integer":0,"String":"c","Interface":null}}
2025-08-15T22:13:41.327-0500	DEBUG	protocol/handler.go:1649	have all messages and processed	{"{round 20 3  <nil>}": {"Key":"self","Type":15,"Integer":0,"String":"a","Interface":null}}
2025-08-15T22:13:41.327-0500	DEBUG	protocol/handler.go:596	round already finalized
2025-08-15T22:13:41.331-0500	DEBUG	protocol/handler.go:581	tryAdvanceRound called	{"{current_round 20 3  <nil>}": {"Key":"self","Type":15,"Integer":0,"String":"b","Interface":null}}
2025-08-15T22:13:41.331-0500	DEBUG	protocol/handler.go:581	tryAdvanceRound called	{"{current_round 20 3  <nil>}": {"Key":"self","Type":15,"Integer":0,"String":"c","Interface":null}}
2025-08-15T22:13:41.331-0500	DEBUG	protocol/handler.go:1591	have processed broadcast	{"{round 20 3  <nil>}": {"Key":"from","Type":15,"Integer":0,"String":"a","Interface":null}}
2025-08-15T22:13:41.331-0500	DEBUG	protocol/handler.go:1591	have processed broadcast	{"{round 20 3  <nil>}": {"Key":"from","Type":15,"Integer":0,"String":"c","Interface":null}}
2025-08-15T22:13:41.331-0500	DEBUG	protocol/handler.go:1591	have processed broadcast	{"{round 20 3  <nil>}": {"Key":"from","Type":15,"Integer":0,"String":"a","Interface":null}}
2025-08-15T22:13:41.331-0500	DEBUG	protocol/handler.go:1649	have all messages and processed	{"{round 20 3  <nil>}": {"Key":"self","Type":15,"Integer":0,"String":"b","Interface":null}}
2025-08-15T22:13:41.331-0500	DEBUG	protocol/handler.go:596	round already finalized
2025-08-15T22:13:41.331-0500	DEBUG	protocol/handler.go:1591	have processed broadcast	{"{round 20 3  <nil>}": {"Key":"from","Type":15,"Integer":0,"String":"b","Interface":null}}
2025-08-15T22:13:41.331-0500	DEBUG	protocol/handler.go:1649	have all messages and processed	{"{round 20 3  <nil>}": {"Key":"self","Type":15,"Integer":0,"String":"c","Interface":null}}
2025-08-15T22:13:41.332-0500	DEBUG	protocol/handler.go:596	round already finalized
2025-08-15T22:13:41.337-0500	DEBUG	protocol/handler.go:581	tryAdvanceRound called	{"{current_round 20 3  <nil>}": {"Key":"self","Type":15,"Integer":0,"String":"a","Interface":null}}
2025-08-15T22:13:41.337-0500	DEBUG	protocol/handler.go:1591	have processed broadcast	{"{round 20 3  <nil>}": {"Key":"from","Type":15,"Integer":0,"String":"b","Interface":null}}
2025-08-15T22:13:41.337-0500	DEBUG	protocol/handler.go:1591	have processed broadcast	{"{round 20 3  <nil>}": {"Key":"from","Type":15,"Integer":0,"String":"c","Interface":null}}
2025-08-15T22:13:41.337-0500	DEBUG	protocol/handler.go:1649	have all messages and processed	{"{round 20 3  <nil>}": {"Key":"self","Type":15,"Integer":0,"String":"a","Interface":null}}
2025-08-15T22:13:41.337-0500	DEBUG	protocol/handler.go:596	round already finalized
2025-08-15T22:13:41.341-0500	DEBUG	protocol/handler.go:581	tryAdvanceRound called	{"{current_round 20 3  <nil>}": {"Key":"self","Type":15,"Integer":0,"String":"b","Interface":null}}
2025-08-15T22:13:41.341-0500	DEBUG	protocol/handler.go:581	tryAdvanceRound called	{"{current_round 20 3  <nil>}": {"Key":"self","Type":15,"Integer":0,"String":"c","Interface":null}}
2025-08-15T22:13:41.341-0500	DEBUG	protocol/handler.go:1591	have processed broadcast	{"{round 20 3  <nil>}": {"Key":"from","Type":15,"Integer":0,"String":"a","Interface":null}}
2025-08-15T22:13:41.341-0500	DEBUG	protocol/handler.go:1591	have processed broadcast	{"{round 20 3  <nil>}": {"Key":"from","Type":15,"Integer":0,"String":"a","Interface":null}}
2025-08-15T22:13:41.341-0500	DEBUG	protocol/handler.go:1591	have processed broadcast	{"{round 20 3  <nil>}": {"Key":"from","Type":15,"Integer":0,"String":"c","Interface":null}}
2025-08-15T22:13:41.341-0500	DEBUG	protocol/handler.go:1649	have all messages and processed	{"{round 20 3  <nil>}": {"Key":"self","Type":15,"Integer":0,"String":"b","Interface":null}}
2025-08-15T22:13:41.341-0500	DEBUG	protocol/handler.go:596	round already finalized
2025-08-15T22:13:41.341-0500	DEBUG	protocol/handler.go:1591	have processed broadcast	{"{round 20 3  <nil>}": {"Key":"from","Type":15,"Integer":0,"String":"b","Interface":null}}
2025-08-15T22:13:41.341-0500	DEBUG	protocol/handler.go:1649	have all messages and processed	{"{round 20 3  <nil>}": {"Key":"self","Type":15,"Integer":0,"String":"c","Interface":null}}
2025-08-15T22:13:41.341-0500	DEBUG	protocol/handler.go:596	round already finalized
2025-08-15T22:13:41.347-0500	DEBUG	protocol/handler.go:581	tryAdvanceRound called	{"{current_round 20 3  <nil>}": {"Key":"self","Type":15,"Integer":0,"String":"a","Interface":null}}
2025-08-15T22:13:41.347-0500	DEBUG	protocol/handler.go:1591	have processed broadcast	{"{round 20 3  <nil>}": {"Key":"from","Type":15,"Integer":0,"String":"b","Interface":null}}
2025-08-15T22:13:41.347-0500	DEBUG	protocol/handler.go:1591	have processed broadcast	{"{round 20 3  <nil>}": {"Key":"from","Type":15,"Integer":0,"String":"c","Interface":null}}
2025-08-15T22:13:41.347-0500	DEBUG	protocol/handler.go:1649	have all messages and processed	{"{round 20 3  <nil>}": {"Key":"self","Type":15,"Integer":0,"String":"a","Interface":null}}
2025-08-15T22:13:41.347-0500	DEBUG	protocol/handler.go:596	round already finalized
2025-08-15T22:13:41.352-0500	DEBUG	protocol/handler.go:581	tryAdvanceRound called	{"{current_round 20 3  <nil>}": {"Key":"self","Type":15,"Integer":0,"String":"c","Interface":null}}
2025-08-15T22:13:41.353-0500	DEBUG	protocol/handler.go:1591	have processed broadcast	{"{round 20 3  <nil>}": {"Key":"from","Type":15,"Integer":0,"String":"a","Interface":null}}
2025-08-15T22:13:41.353-0500	DEBUG	protocol/handler.go:1591	have processed broadcast	{"{round 20 3  <nil>}": {"Key":"from","Type":15,"Integer":0,"String":"b","Interface":null}}
2025-08-15T22:13:41.353-0500	DEBUG	protocol/handler.go:1649	have all messages and processed	{"{round 20 3  <nil>}": {"Key":"self","Type":15,"Integer":0,"String":"c","Interface":null}}
2025-08-15T22:13:41.353-0500	DEBUG	protocol/handler.go:596	round already finalized
2025-08-15T22:13:41.354-0500	DEBUG	protocol/handler.go:581	tryAdvanceRound called	{"{current_round 20 3  <nil>}": {"Key":"self","Type":15,"Integer":0,"String":"b","Interface":null}}
2025-08-15T22:13:41.354-0500	DEBUG	protocol/handler.go:1591	have processed broadcast	{"{round 20 3  <nil>}": {"Key":"from","Type":15,"Integer":0,"String":"a","Interface":null}}
2025-08-15T22:13:41.354-0500	DEBUG	protocol/handler.go:1591	have processed broadcast	{"{round 20 3  <nil>}": {"Key":"from","Type":15,"Integer":0,"String":"c","Interface":null}}
2025-08-15T22:13:41.354-0500	DEBUG	protocol/handler.go:1649	have all messages and processed	{"{round 20 3  <nil>}": {"Key":"self","Type":15,"Integer":0,"String":"b","Interface":null}}
2025-08-15T22:13:41.354-0500	DEBUG	protocol/handler.go:596	round already finalized
2025-08-15T22:13:41.357-0500	DEBUG	protocol/handler.go:581	tryAdvanceRound called	{"{current_round 20 3  <nil>}": {"Key":"self","Type":15,"Integer":0,"String":"a","Interface":null}}
2025-08-15T22:13:41.358-0500	DEBUG	protocol/handler.go:1591	have processed broadcast	{"{round 20 3  <nil>}": {"Key":"from","Type":15,"Integer":0,"String":"b","Interface":null}}
2025-08-15T22:13:41.358-0500	DEBUG	protocol/handler.go:1591	have processed broadcast	{"{round 20 3  <nil>}": {"Key":"from","Type":15,"Integer":0,"String":"c","Interface":null}}
2025-08-15T22:13:41.358-0500	DEBUG	protocol/handler.go:1649	have all messages and processed	{"{round 20 3  <nil>}": {"Key":"self","Type":15,"Integer":0,"String":"a","Interface":null}}
2025-08-15T22:13:41.358-0500	DEBUG	protocol/handler.go:596	round already finalized
2025-08-15T22:13:41.361-0500	DEBUG	protocol/handler.go:581	tryAdvanceRound called	{"{current_round 20 3  <nil>}": {"Key":"self","Type":15,"Integer":0,"String":"b","Interface":null}}
2025-08-15T22:13:41.361-0500	DEBUG	protocol/handler.go:1591	have processed broadcast	{"{round 20 3  <nil>}": {"Key":"from","Type":15,"Integer":0,"String":"a","Interface":null}}
2025-08-15T22:13:41.361-0500	DEBUG	protocol/handler.go:1591	have processed broadcast	{"{round 20 3  <nil>}": {"Key":"from","Type":15,"Integer":0,"String":"c","Interface":null}}
2025-08-15T22:13:41.361-0500	DEBUG	protocol/handler.go:1649	have all messages and processed	{"{round 20 3  <nil>}": {"Key":"self","Type":15,"Integer":0,"String":"b","Interface":null}}
2025-08-15T22:13:41.361-0500	DEBUG	protocol/handler.go:596	round already finalized
2025-08-15T22:13:41.361-0500	DEBUG	protocol/handler.go:581	tryAdvanceRound called	{"{current_round 20 3  <nil>}": {"Key":"self","Type":15,"Integer":0,"String":"c","Interface":null}}
2025-08-15T22:13:41.361-0500	DEBUG	protocol/handler.go:1591	have processed broadcast	{"{round 20 3  <nil>}": {"Key":"from","Type":15,"Integer":0,"String":"a","Interface":null}}
2025-08-15T22:13:41.361-0500	DEBUG	protocol/handler.go:1591	have processed broadcast	{"{round 20 3  <nil>}": {"Key":"from","Type":15,"Integer":0,"String":"b","Interface":null}}
2025-08-15T22:13:41.361-0500	DEBUG	protocol/handler.go:1649	have all messages and processed	{"{round 20 3  <nil>}": {"Key":"self","Type":15,"Integer":0,"String":"c","Interface":null}}
2025-08-15T22:13:41.361-0500	DEBUG	protocol/handler.go:596	round already finalized
2025-08-15T22:13:41.367-0500	DEBUG	protocol/handler.go:581	tryAdvanceRound called	{"{current_round 20 3  <nil>}": {"Key":"self","Type":15,"Integer":0,"String":"a","Interface":null}}
2025-08-15T22:13:41.367-0500	DEBUG	protocol/handler.go:1591	have processed broadcast	{"{round 20 3  <nil>}": {"Key":"from","Type":15,"Integer":0,"String":"b","Interface":null}}
2025-08-15T22:13:41.367-0500	DEBUG	protocol/handler.go:1591	have processed broadcast	{"{round 20 3  <nil>}": {"Key":"from","Type":15,"Integer":0,"String":"c","Interface":null}}
2025-08-15T22:13:41.367-0500	DEBUG	protocol/handler.go:1649	have all messages and processed	{"{round 20 3  <nil>}": {"Key":"self","Type":15,"Integer":0,"String":"a","Interface":null}}
2025-08-15T22:13:41.367-0500	DEBUG	protocol/handler.go:596	round already finalized
2025-08-15T22:13:41.371-0500	DEBUG	protocol/handler.go:581	tryAdvanceRound called	{"{current_round 20 3  <nil>}": {"Key":"self","Type":15,"Integer":0,"String":"c","Interface":null}}
2025-08-15T22:13:41.371-0500	DEBUG	protocol/handler.go:581	tryAdvanceRound called	{"{current_round 20 3  <nil>}": {"Key":"self","Type":15,"Integer":0,"String":"b","Interface":null}}
2025-08-15T22:13:41.371-0500	DEBUG	protocol/handler.go:1591	have processed broadcast	{"{round 20 3  <nil>}": {"Key":"from","Type":15,"Integer":0,"String":"a","Interface":null}}
2025-08-15T22:13:41.371-0500	DEBUG	protocol/handler.go:1591	have processed broadcast	{"{round 20 3  <nil>}": {"Key":"from","Type":15,"Integer":0,"String":"c","Interface":null}}
2025-08-15T22:13:41.371-0500	DEBUG	protocol/handler.go:1649	have all messages and processed	{"{round 20 3  <nil>}": {"Key":"self","Type":15,"Integer":0,"String":"b","Interface":null}}
2025-08-15T22:13:41.372-0500	DEBUG	protocol/handler.go:596	round already finalized
2025-08-15T22:13:41.371-0500	DEBUG	protocol/handler.go:1591	have processed broadcast	{"{round 20 3  <nil>}": {"Key":"from","Type":15,"Integer":0,"String":"a","Interface":null}}
2025-08-15T22:13:41.372-0500	DEBUG	protocol/handler.go:1591	have processed broadcast	{"{round 20 3  <nil>}": {"Key":"from","Type":15,"Integer":0,"String":"b","Interface":null}}
2025-08-15T22:13:41.372-0500	DEBUG	protocol/handler.go:1649	have all messages and processed	{"{round 20 3  <nil>}": {"Key":"self","Type":15,"Integer":0,"String":"c","Interface":null}}
2025-08-15T22:13:41.372-0500	DEBUG	protocol/handler.go:596	round already finalized
2025-08-15T22:13:41.377-0500	DEBUG	protocol/handler.go:581	tryAdvanceRound called	{"{current_round 20 3  <nil>}": {"Key":"self","Type":15,"Integer":0,"String":"a","Interface":null}}
2025-08-15T22:13:41.377-0500	DEBUG	protocol/handler.go:1591	have processed broadcast	{"{round 20 3  <nil>}": {"Key":"from","Type":15,"Integer":0,"String":"b","Interface":null}}
2025-08-15T22:13:41.377-0500	DEBUG	protocol/handler.go:1591	have processed broadcast	{"{round 20 3  <nil>}": {"Key":"from","Type":15,"Integer":0,"String":"c","Interface":null}}
2025-08-15T22:13:41.377-0500	DEBUG	protocol/handler.go:1649	have all messages and processed	{"{round 20 3  <nil>}": {"Key":"self","Type":15,"Integer":0,"String":"a","Interface":null}}
2025-08-15T22:13:41.378-0500	DEBUG	protocol/handler.go:596	round already finalized
2025-08-15T22:13:41.381-0500	DEBUG	protocol/handler.go:581	tryAdvanceRound called	{"{current_round 20 3  <nil>}": {"Key":"self","Type":15,"Integer":0,"String":"b","Interface":null}}
2025-08-15T22:13:41.381-0500	DEBUG	protocol/handler.go:1591	have processed broadcast	{"{round 20 3  <nil>}": {"Key":"from","Type":15,"Integer":0,"String":"a","Interface":null}}
2025-08-15T22:13:41.381-0500	DEBUG	protocol/handler.go:1591	have processed broadcast	{"{round 20 3  <nil>}": {"Key":"from","Type":15,"Integer":0,"String":"c","Interface":null}}
2025-08-15T22:13:41.381-0500	DEBUG	protocol/handler.go:1649	have all messages and processed	{"{round 20 3  <nil>}": {"Key":"self","Type":15,"Integer":0,"String":"b","Interface":null}}
2025-08-15T22:13:41.381-0500	DEBUG	protocol/handler.go:596	round already finalized
2025-08-15T22:13:41.382-0500	DEBUG	protocol/handler.go:581	tryAdvanceRound called	{"{current_round 20 3  <nil>}": {"Key":"self","Type":15,"Integer":0,"String":"c","Interface":null}}
2025-08-15T22:13:41.382-0500	DEBUG	protocol/handler.go:1591	have processed broadcast	{"{round 20 3  <nil>}": {"Key":"from","Type":15,"Integer":0,"String":"a","Interface":null}}
2025-08-15T22:13:41.382-0500	DEBUG	protocol/handler.go:1591	have processed broadcast	{"{round 20 3  <nil>}": {"Key":"from","Type":15,"Integer":0,"String":"b","Interface":null}}
2025-08-15T22:13:41.382-0500	DEBUG	protocol/handler.go:1649	have all messages and processed	{"{round 20 3  <nil>}": {"Key":"self","Type":15,"Integer":0,"String":"c","Interface":null}}
2025-08-15T22:13:41.382-0500	DEBUG	protocol/handler.go:596	round already finalized
2025-08-15T22:13:41.387-0500	DEBUG	protocol/handler.go:581	tryAdvanceRound called	{"{current_round 20 3  <nil>}": {"Key":"self","Type":15,"Integer":0,"String":"a","Interface":null}}
2025-08-15T22:13:41.387-0500	DEBUG	protocol/handler.go:1591	have processed broadcast	{"{round 20 3  <nil>}": {"Key":"from","Type":15,"Integer":0,"String":"b","Interface":null}}
2025-08-15T22:13:41.387-0500	DEBUG	protocol/handler.go:1591	have processed broadcast	{"{round 20 3  <nil>}": {"Key":"from","Type":15,"Integer":0,"String":"c","Interface":null}}
2025-08-15T22:13:41.387-0500	DEBUG	protocol/handler.go:1649	have all messages and processed	{"{round 20 3  <nil>}": {"Key":"self","Type":15,"Integer":0,"String":"a","Interface":null}}
2025-08-15T22:13:41.387-0500	DEBUG	protocol/handler.go:596	round already finalized
2025-08-15T22:13:41.391-0500	DEBUG	protocol/handler.go:581	tryAdvanceRound called	{"{current_round 20 3  <nil>}": {"Key":"self","Type":15,"Integer":0,"String":"c","Interface":null}}
2025-08-15T22:13:41.391-0500	DEBUG	protocol/handler.go:581	tryAdvanceRound called	{"{current_round 20 3  <nil>}": {"Key":"self","Type":15,"Integer":0,"String":"b","Interface":null}}
2025-08-15T22:13:41.391-0500	DEBUG	protocol/handler.go:1591	have processed broadcast	{"{round 20 3  <nil>}": {"Key":"from","Type":15,"Integer":0,"String":"a","Interface":null}}
2025-08-15T22:13:41.391-0500	DEBUG	protocol/handler.go:1591	have processed broadcast	{"{round 20 3  <nil>}": {"Key":"from","Type":15,"Integer":0,"String":"a","Interface":null}}
2025-08-15T22:13:41.391-0500	DEBUG	protocol/handler.go:1591	have processed broadcast	{"{round 20 3  <nil>}": {"Key":"from","Type":15,"Integer":0,"String":"b","Interface":null}}
2025-08-15T22:13:41.391-0500	DEBUG	protocol/handler.go:1591	have processed broadcast	{"{round 20 3  <nil>}": {"Key":"from","Type":15,"Integer":0,"String":"c","Interface":null}}
2025-08-15T22:13:41.391-0500	DEBUG	protocol/handler.go:1649	have all messages and processed	{"{round 20 3  <nil>}": {"Key":"self","Type":15,"Integer":0,"String":"b","Interface":null}}
2025-08-15T22:13:41.391-0500	DEBUG	protocol/handler.go:1649	have all messages and processed	{"{round 20 3  <nil>}": {"Key":"self","Type":15,"Integer":0,"String":"c","Interface":null}}
2025-08-15T22:13:41.392-0500	DEBUG	protocol/handler.go:596	round already finalized
2025-08-15T22:13:41.392-0500	DEBUG	protocol/handler.go:596	round already finalized
2025-08-15T22:13:41.397-0500	DEBUG	protocol/handler.go:581	tryAdvanceRound called	{"{current_round 20 3  <nil>}": {"Key":"self","Type":15,"Integer":0,"String":"a","Interface":null}}
2025-08-15T22:13:41.397-0500	DEBUG	protocol/handler.go:1591	have processed broadcast	{"{round 20 3  <nil>}": {"Key":"from","Type":15,"Integer":0,"String":"b","Interface":null}}
2025-08-15T22:13:41.397-0500	DEBUG	protocol/handler.go:1591	have processed broadcast	{"{round 20 3  <nil>}": {"Key":"from","Type":15,"Integer":0,"String":"c","Interface":null}}
2025-08-15T22:13:41.397-0500	DEBUG	protocol/handler.go:1649	have all messages and processed	{"{round 20 3  <nil>}": {"Key":"self","Type":15,"Integer":0,"String":"a","Interface":null}}
2025-08-15T22:13:41.397-0500	DEBUG	protocol/handler.go:596	round already finalized
2025-08-15T22:13:41.401-0500	DEBUG	protocol/handler.go:581	tryAdvanceRound called	{"{current_round 20 3  <nil>}": {"Key":"self","Type":15,"Integer":0,"String":"b","Interface":null}}
2025-08-15T22:13:41.401-0500	DEBUG	protocol/handler.go:1591	have processed broadcast	{"{round 20 3  <nil>}": {"Key":"from","Type":15,"Integer":0,"String":"a","Interface":null}}
2025-08-15T22:13:41.401-0500	DEBUG	protocol/handler.go:1591	have processed broadcast	{"{round 20 3  <nil>}": {"Key":"from","Type":15,"Integer":0,"String":"c","Interface":null}}
2025-08-15T22:13:41.401-0500	DEBUG	protocol/handler.go:1649	have all messages and processed	{"{round 20 3  <nil>}": {"Key":"self","Type":15,"Integer":0,"String":"b","Interface":null}}
2025-08-15T22:13:41.401-0500	DEBUG	protocol/handler.go:596	round already finalized
2025-08-15T22:13:41.401-0500	DEBUG	protocol/handler.go:581	tryAdvanceRound called	{"{current_round 20 3  <nil>}": {"Key":"self","Type":15,"Integer":0,"String":"c","Interface":null}}
2025-08-15T22:13:41.401-0500	DEBUG	protocol/handler.go:1591	have processed broadcast	{"{round 20 3  <nil>}": {"Key":"from","Type":15,"Integer":0,"String":"a","Interface":null}}
2025-08-15T22:13:41.401-0500	DEBUG	protocol/handler.go:1591	have processed broadcast	{"{round 20 3  <nil>}": {"Key":"from","Type":15,"Integer":0,"String":"b","Interface":null}}
2025-08-15T22:13:41.401-0500	DEBUG	protocol/handler.go:1649	have all messages and processed	{"{round 20 3  <nil>}": {"Key":"self","Type":15,"Integer":0,"String":"c","Interface":null}}
2025-08-15T22:13:41.401-0500	DEBUG	protocol/handler.go:596	round already finalized
2025-08-15T22:13:41.405-0500	DEBUG	protocol/handler.go:1039	sendRoundMessage	{"{from 15 0 c <nil>}": {"Key":"to","Type":15,"Integer":0,"String":"","Interface":null}, "{round 20 4  <nil>}": {"Key":"broadcast","Type":4,"Integer":1,"String":"","Interface":null}}
2025-08-15T22:13:41.407-0500	DEBUG	protocol/handler.go:581	tryAdvanceRound called	{"{current_round 20 3  <nil>}": {"Key":"self","Type":15,"Integer":0,"String":"a","Interface":null}}
2025-08-15T22:13:41.407-0500	DEBUG	protocol/handler.go:1591	have processed broadcast	{"{round 20 3  <nil>}": {"Key":"from","Type":15,"Integer":0,"String":"b","Interface":null}}
2025-08-15T22:13:41.407-0500	DEBUG	protocol/handler.go:1591	have processed broadcast	{"{round 20 3  <nil>}": {"Key":"from","Type":15,"Integer":0,"String":"c","Interface":null}}
2025-08-15T22:13:41.407-0500	DEBUG	protocol/handler.go:1649	have all messages and processed	{"{round 20 3  <nil>}": {"Key":"self","Type":15,"Integer":0,"String":"a","Interface":null}}
2025-08-15T22:13:41.407-0500	DEBUG	protocol/handler.go:596	round already finalized
2025-08-15T22:13:41.408-0500	DEBUG	protocol/handler.go:1657	storing broadcast	{"{round 20 4  <nil>}": {"Key":"from","Type":15,"Integer":0,"String":"c","Interface":null}}
2025-08-15T22:13:41.408-0500	DEBUG	protocol/handler.go:1081	sent message to output channel	{"{from 15 0 c <nil>}": {"Key":"to","Type":15,"Integer":0,"String":"","Interface":null}, "{round 20 4  <nil>}": {"Key":"broadcast","Type":4,"Integer":1,"String":"","Interface":null}}
2025-08-15T22:13:41.408-0500	DEBUG	protocol/handler.go:437	processing message	{"{from 15 0 c <nil>}": {"Key":"to","Type":15,"Integer":0,"String":"","Interface":null}, "{round 20 4  <nil>}": {"Key":"broadcast","Type":4,"Integer":1,"String":"","Interface":null}}
2025-08-15T22:13:41.408-0500	DEBUG	protocol/handler.go:437	processing message	{"{from 15 0 c <nil>}": {"Key":"to","Type":15,"Integer":0,"String":"","Interface":null}, "{round 20 4  <nil>}": {"Key":"broadcast","Type":4,"Integer":1,"String":"","Interface":null}}
2025-08-15T22:13:41.409-0500	DEBUG	protocol/handler.go:1657	storing broadcast	{"{round 20 4  <nil>}": {"Key":"from","Type":15,"Integer":0,"String":"c","Interface":null}}
2025-08-15T22:13:41.409-0500	DEBUG	protocol/handler.go:1657	storing broadcast	{"{round 20 4  <nil>}": {"Key":"from","Type":15,"Integer":0,"String":"c","Interface":null}}
2025-08-15T22:13:41.409-0500	DEBUG	protocol/handler.go:470	message for different round (buffering)	{"{msg_round 20 4  <nil>}": {"Key":"current_round","Type":20,"Integer":3,"String":"","Interface":null}}
2025-08-15T22:13:41.409-0500	DEBUG	protocol/handler.go:581	tryAdvanceRound called	{"{current_round 20 3  <nil>}": {"Key":"self","Type":15,"Integer":0,"String":"a","Interface":null}}
2025-08-15T22:13:41.409-0500	DEBUG	protocol/handler.go:470	message for different round (buffering)	{"{msg_round 20 4  <nil>}": {"Key":"current_round","Type":20,"Integer":3,"String":"","Interface":null}}
2025-08-15T22:13:41.409-0500	DEBUG	protocol/handler.go:1591	have processed broadcast	{"{round 20 3  <nil>}": {"Key":"from","Type":15,"Integer":0,"String":"b","Interface":null}}
2025-08-15T22:13:41.409-0500	DEBUG	protocol/handler.go:581	tryAdvanceRound called	{"{current_round 20 3  <nil>}": {"Key":"self","Type":15,"Integer":0,"String":"b","Interface":null}}
2025-08-15T22:13:41.409-0500	DEBUG	protocol/handler.go:1591	have processed broadcast	{"{round 20 3  <nil>}": {"Key":"from","Type":15,"Integer":0,"String":"c","Interface":null}}
2025-08-15T22:13:41.409-0500	DEBUG	protocol/handler.go:1649	have all messages and processed	{"{round 20 3  <nil>}": {"Key":"self","Type":15,"Integer":0,"String":"a","Interface":null}}
2025-08-15T22:13:41.409-0500	DEBUG	protocol/handler.go:1591	have processed broadcast	{"{round 20 3  <nil>}": {"Key":"from","Type":15,"Integer":0,"String":"a","Interface":null}}
2025-08-15T22:13:41.409-0500	DEBUG	protocol/handler.go:596	round already finalized
2025-08-15T22:13:41.409-0500	DEBUG	protocol/handler.go:1591	have processed broadcast	{"{round 20 3  <nil>}": {"Key":"from","Type":15,"Integer":0,"String":"c","Interface":null}}
2025-08-15T22:13:41.409-0500	DEBUG	protocol/handler.go:1649	have all messages and processed	{"{round 20 3  <nil>}": {"Key":"self","Type":15,"Integer":0,"String":"b","Interface":null}}
2025-08-15T22:13:41.409-0500	DEBUG	protocol/handler.go:596	round already finalized
2025-08-15T22:13:41.411-0500	DEBUG	protocol/handler.go:581	tryAdvanceRound called	{"{current_round 20 3  <nil>}": {"Key":"self","Type":15,"Integer":0,"String":"b","Interface":null}}
2025-08-15T22:13:41.411-0500	DEBUG	protocol/handler.go:1591	have processed broadcast	{"{round 20 3  <nil>}": {"Key":"from","Type":15,"Integer":0,"String":"a","Interface":null}}
2025-08-15T22:13:41.411-0500	DEBUG	protocol/handler.go:581	tryAdvanceRound called	{"{current_round 20 3  <nil>}": {"Key":"self","Type":15,"Integer":0,"String":"c","Interface":null}}
2025-08-15T22:13:41.411-0500	DEBUG	protocol/handler.go:1591	have processed broadcast	{"{round 20 3  <nil>}": {"Key":"from","Type":15,"Integer":0,"String":"c","Interface":null}}
2025-08-15T22:13:41.411-0500	DEBUG	protocol/handler.go:1649	have all messages and processed	{"{round 20 3  <nil>}": {"Key":"self","Type":15,"Integer":0,"String":"b","Interface":null}}
2025-08-15T22:13:41.411-0500	DEBUG	protocol/handler.go:596	round already finalized
2025-08-15T22:13:41.411-0500	DEBUG	protocol/handler.go:1591	have processed broadcast	{"{round 20 3  <nil>}": {"Key":"from","Type":15,"Integer":0,"String":"a","Interface":null}}
2025-08-15T22:13:41.412-0500	DEBUG	protocol/handler.go:1591	have processed broadcast	{"{round 20 3  <nil>}": {"Key":"from","Type":15,"Integer":0,"String":"b","Interface":null}}
2025-08-15T22:13:41.412-0500	DEBUG	protocol/handler.go:1649	have all messages and processed	{"{round 20 3  <nil>}": {"Key":"self","Type":15,"Integer":0,"String":"c","Interface":null}}
2025-08-15T22:13:41.412-0500	DEBUG	protocol/handler.go:596	round already finalized
2025-08-15T22:13:41.417-0500	DEBUG	protocol/handler.go:581	tryAdvanceRound called	{"{current_round 20 3  <nil>}": {"Key":"self","Type":15,"Integer":0,"String":"a","Interface":null}}
2025-08-15T22:13:41.417-0500	DEBUG	protocol/handler.go:1591	have processed broadcast	{"{round 20 3  <nil>}": {"Key":"from","Type":15,"Integer":0,"String":"b","Interface":null}}
2025-08-15T22:13:41.417-0500	DEBUG	protocol/handler.go:1591	have processed broadcast	{"{round 20 3  <nil>}": {"Key":"from","Type":15,"Integer":0,"String":"c","Interface":null}}
2025-08-15T22:13:41.417-0500	DEBUG	protocol/handler.go:1649	have all messages and processed	{"{round 20 3  <nil>}": {"Key":"self","Type":15,"Integer":0,"String":"a","Interface":null}}
2025-08-15T22:13:41.417-0500	DEBUG	protocol/handler.go:596	round already finalized
2025-08-15T22:13:41.421-0500	DEBUG	protocol/handler.go:581	tryAdvanceRound called	{"{current_round 20 3  <nil>}": {"Key":"self","Type":15,"Integer":0,"String":"c","Interface":null}}
2025-08-15T22:13:41.421-0500	DEBUG	protocol/handler.go:581	tryAdvanceRound called	{"{current_round 20 3  <nil>}": {"Key":"self","Type":15,"Integer":0,"String":"b","Interface":null}}
2025-08-15T22:13:41.421-0500	DEBUG	protocol/handler.go:1591	have processed broadcast	{"{round 20 3  <nil>}": {"Key":"from","Type":15,"Integer":0,"String":"a","Interface":null}}
2025-08-15T22:13:41.421-0500	DEBUG	protocol/handler.go:1591	have processed broadcast	{"{round 20 3  <nil>}": {"Key":"from","Type":15,"Integer":0,"String":"c","Interface":null}}
2025-08-15T22:13:41.422-0500	DEBUG	protocol/handler.go:1591	have processed broadcast	{"{round 20 3  <nil>}": {"Key":"from","Type":15,"Integer":0,"String":"a","Interface":null}}
2025-08-15T22:13:41.422-0500	DEBUG	protocol/handler.go:1591	have processed broadcast	{"{round 20 3  <nil>}": {"Key":"from","Type":15,"Integer":0,"String":"b","Interface":null}}
2025-08-15T22:13:41.421-0500	DEBUG	protocol/handler.go:1649	have all messages and processed	{"{round 20 3  <nil>}": {"Key":"self","Type":15,"Integer":0,"String":"b","Interface":null}}
2025-08-15T22:13:41.422-0500	DEBUG	protocol/handler.go:1649	have all messages and processed	{"{round 20 3  <nil>}": {"Key":"self","Type":15,"Integer":0,"String":"c","Interface":null}}
2025-08-15T22:13:41.422-0500	DEBUG	protocol/handler.go:596	round already finalized
2025-08-15T22:13:41.422-0500	DEBUG	protocol/handler.go:596	round already finalized
2025-08-15T22:13:41.427-0500	DEBUG	protocol/handler.go:581	tryAdvanceRound called	{"{current_round 20 3  <nil>}": {"Key":"self","Type":15,"Integer":0,"String":"a","Interface":null}}
2025-08-15T22:13:41.427-0500	DEBUG	protocol/handler.go:1591	have processed broadcast	{"{round 20 3  <nil>}": {"Key":"from","Type":15,"Integer":0,"String":"b","Interface":null}}
2025-08-15T22:13:41.427-0500	DEBUG	protocol/handler.go:1591	have processed broadcast	{"{round 20 3  <nil>}": {"Key":"from","Type":15,"Integer":0,"String":"c","Interface":null}}
2025-08-15T22:13:41.427-0500	DEBUG	protocol/handler.go:1649	have all messages and processed	{"{round 20 3  <nil>}": {"Key":"self","Type":15,"Integer":0,"String":"a","Interface":null}}
2025-08-15T22:13:41.427-0500	DEBUG	protocol/handler.go:596	round already finalized
2025-08-15T22:13:41.431-0500	DEBUG	protocol/handler.go:581	tryAdvanceRound called	{"{current_round 20 3  <nil>}": {"Key":"self","Type":15,"Integer":0,"String":"b","Interface":null}}
2025-08-15T22:13:41.431-0500	DEBUG	protocol/handler.go:581	tryAdvanceRound called	{"{current_round 20 3  <nil>}": {"Key":"self","Type":15,"Integer":0,"String":"c","Interface":null}}
2025-08-15T22:13:41.431-0500	DEBUG	protocol/handler.go:1591	have processed broadcast	{"{round 20 3  <nil>}": {"Key":"from","Type":15,"Integer":0,"String":"a","Interface":null}}
2025-08-15T22:13:41.431-0500	DEBUG	protocol/handler.go:1591	have processed broadcast	{"{round 20 3  <nil>}": {"Key":"from","Type":15,"Integer":0,"String":"c","Interface":null}}
2025-08-15T22:13:41.431-0500	DEBUG	protocol/handler.go:1591	have processed broadcast	{"{round 20 3  <nil>}": {"Key":"from","Type":15,"Integer":0,"String":"a","Interface":null}}
2025-08-15T22:13:41.431-0500	DEBUG	protocol/handler.go:1649	have all messages and processed	{"{round 20 3  <nil>}": {"Key":"self","Type":15,"Integer":0,"String":"b","Interface":null}}
2025-08-15T22:13:41.431-0500	DEBUG	protocol/handler.go:596	round already finalized
2025-08-15T22:13:41.431-0500	DEBUG	protocol/handler.go:1591	have processed broadcast	{"{round 20 3  <nil>}": {"Key":"from","Type":15,"Integer":0,"String":"b","Interface":null}}
2025-08-15T22:13:41.431-0500	DEBUG	protocol/handler.go:1649	have all messages and processed	{"{round 20 3  <nil>}": {"Key":"self","Type":15,"Integer":0,"String":"c","Interface":null}}
2025-08-15T22:13:41.431-0500	DEBUG	protocol/handler.go:596	round already finalized
2025-08-15T22:13:41.436-0500	DEBUG	protocol/handler.go:581	tryAdvanceRound called	{"{current_round 20 3  <nil>}": {"Key":"self","Type":15,"Integer":0,"String":"a","Interface":null}}
2025-08-15T22:13:41.437-0500	DEBUG	protocol/handler.go:1591	have processed broadcast	{"{round 20 3  <nil>}": {"Key":"from","Type":15,"Integer":0,"String":"b","Interface":null}}
2025-08-15T22:13:41.437-0500	DEBUG	protocol/handler.go:1591	have processed broadcast	{"{round 20 3  <nil>}": {"Key":"from","Type":15,"Integer":0,"String":"c","Interface":null}}
2025-08-15T22:13:41.437-0500	DEBUG	protocol/handler.go:1649	have all messages and processed	{"{round 20 3  <nil>}": {"Key":"self","Type":15,"Integer":0,"String":"a","Interface":null}}
2025-08-15T22:13:41.437-0500	DEBUG	protocol/handler.go:596	round already finalized
2025-08-15T22:13:41.441-0500	DEBUG	protocol/handler.go:581	tryAdvanceRound called	{"{current_round 20 3  <nil>}": {"Key":"self","Type":15,"Integer":0,"String":"c","Interface":null}}
2025-08-15T22:13:41.441-0500	DEBUG	protocol/handler.go:581	tryAdvanceRound called	{"{current_round 20 3  <nil>}": {"Key":"self","Type":15,"Integer":0,"String":"b","Interface":null}}
2025-08-15T22:13:41.441-0500	DEBUG	protocol/handler.go:1591	have processed broadcast	{"{round 20 3  <nil>}": {"Key":"from","Type":15,"Integer":0,"String":"a","Interface":null}}
2025-08-15T22:13:41.441-0500	DEBUG	protocol/handler.go:1591	have processed broadcast	{"{round 20 3  <nil>}": {"Key":"from","Type":15,"Integer":0,"String":"b","Interface":null}}
2025-08-15T22:13:41.441-0500	DEBUG	protocol/handler.go:1649	have all messages and processed	{"{round 20 3  <nil>}": {"Key":"self","Type":15,"Integer":0,"String":"c","Interface":null}}
2025-08-15T22:13:41.441-0500	DEBUG	protocol/handler.go:596	round already finalized
2025-08-15T22:13:41.441-0500	DEBUG	protocol/handler.go:1591	have processed broadcast	{"{round 20 3  <nil>}": {"Key":"from","Type":15,"Integer":0,"String":"a","Interface":null}}
2025-08-15T22:13:41.441-0500	DEBUG	protocol/handler.go:1591	have processed broadcast	{"{round 20 3  <nil>}": {"Key":"from","Type":15,"Integer":0,"String":"c","Interface":null}}
2025-08-15T22:13:41.442-0500	DEBUG	protocol/handler.go:1649	have all messages and processed	{"{round 20 3  <nil>}": {"Key":"self","Type":15,"Integer":0,"String":"b","Interface":null}}
2025-08-15T22:13:41.442-0500	DEBUG	protocol/handler.go:596	round already finalized
2025-08-15T22:13:41.447-0500	DEBUG	protocol/handler.go:581	tryAdvanceRound called	{"{current_round 20 3  <nil>}": {"Key":"self","Type":15,"Integer":0,"String":"a","Interface":null}}
2025-08-15T22:13:41.447-0500	DEBUG	protocol/handler.go:1591	have processed broadcast	{"{round 20 3  <nil>}": {"Key":"from","Type":15,"Integer":0,"String":"b","Interface":null}}
2025-08-15T22:13:41.447-0500	DEBUG	protocol/handler.go:1591	have processed broadcast	{"{round 20 3  <nil>}": {"Key":"from","Type":15,"Integer":0,"String":"c","Interface":null}}
2025-08-15T22:13:41.447-0500	DEBUG	protocol/handler.go:1649	have all messages and processed	{"{round 20 3  <nil>}": {"Key":"self","Type":15,"Integer":0,"String":"a","Interface":null}}
2025-08-15T22:13:41.447-0500	DEBUG	protocol/handler.go:596	round already finalized
2025-08-15T22:13:41.451-0500	DEBUG	protocol/handler.go:581	tryAdvanceRound called	{"{current_round 20 3  <nil>}": {"Key":"self","Type":15,"Integer":0,"String":"b","Interface":null}}
2025-08-15T22:13:41.451-0500	DEBUG	protocol/handler.go:1591	have processed broadcast	{"{round 20 3  <nil>}": {"Key":"from","Type":15,"Integer":0,"String":"a","Interface":null}}
2025-08-15T22:13:41.451-0500	DEBUG	protocol/handler.go:1591	have processed broadcast	{"{round 20 3  <nil>}": {"Key":"from","Type":15,"Integer":0,"String":"c","Interface":null}}
2025-08-15T22:13:41.451-0500	DEBUG	protocol/handler.go:1649	have all messages and processed	{"{round 20 3  <nil>}": {"Key":"self","Type":15,"Integer":0,"String":"b","Interface":null}}
2025-08-15T22:13:41.451-0500	DEBUG	protocol/handler.go:596	round already finalized
2025-08-15T22:13:41.451-0500	DEBUG	protocol/handler.go:581	tryAdvanceRound called	{"{current_round 20 3  <nil>}": {"Key":"self","Type":15,"Integer":0,"String":"c","Interface":null}}
2025-08-15T22:13:41.451-0500	DEBUG	protocol/handler.go:1591	have processed broadcast	{"{round 20 3  <nil>}": {"Key":"from","Type":15,"Integer":0,"String":"a","Interface":null}}
2025-08-15T22:13:41.451-0500	DEBUG	protocol/handler.go:1591	have processed broadcast	{"{round 20 3  <nil>}": {"Key":"from","Type":15,"Integer":0,"String":"b","Interface":null}}
2025-08-15T22:13:41.451-0500	DEBUG	protocol/handler.go:1649	have all messages and processed	{"{round 20 3  <nil>}": {"Key":"self","Type":15,"Integer":0,"String":"c","Interface":null}}
2025-08-15T22:13:41.451-0500	DEBUG	protocol/handler.go:596	round already finalized
2025-08-15T22:13:41.457-0500	DEBUG	protocol/handler.go:581	tryAdvanceRound called	{"{current_round 20 3  <nil>}": {"Key":"self","Type":15,"Integer":0,"String":"a","Interface":null}}
2025-08-15T22:13:41.457-0500	DEBUG	protocol/handler.go:1591	have processed broadcast	{"{round 20 3  <nil>}": {"Key":"from","Type":15,"Integer":0,"String":"b","Interface":null}}
2025-08-15T22:13:41.457-0500	DEBUG	protocol/handler.go:1591	have processed broadcast	{"{round 20 3  <nil>}": {"Key":"from","Type":15,"Integer":0,"String":"c","Interface":null}}
2025-08-15T22:13:41.457-0500	DEBUG	protocol/handler.go:1649	have all messages and processed	{"{round 20 3  <nil>}": {"Key":"self","Type":15,"Integer":0,"String":"a","Interface":null}}
2025-08-15T22:13:41.457-0500	DEBUG	protocol/handler.go:596	round already finalized
2025-08-15T22:13:41.461-0500	DEBUG	protocol/handler.go:581	tryAdvanceRound called	{"{current_round 20 3  <nil>}": {"Key":"self","Type":15,"Integer":0,"String":"b","Interface":null}}
2025-08-15T22:13:41.461-0500	DEBUG	protocol/handler.go:581	tryAdvanceRound called	{"{current_round 20 3  <nil>}": {"Key":"self","Type":15,"Integer":0,"String":"c","Interface":null}}
2025-08-15T22:13:41.461-0500	DEBUG	protocol/handler.go:1591	have processed broadcast	{"{round 20 3  <nil>}": {"Key":"from","Type":15,"Integer":0,"String":"a","Interface":null}}
2025-08-15T22:13:41.461-0500	DEBUG	protocol/handler.go:1591	have processed broadcast	{"{round 20 3  <nil>}": {"Key":"from","Type":15,"Integer":0,"String":"b","Interface":null}}
2025-08-15T22:13:41.461-0500	DEBUG	protocol/handler.go:1591	have processed broadcast	{"{round 20 3  <nil>}": {"Key":"from","Type":15,"Integer":0,"String":"a","Interface":null}}
2025-08-15T22:13:41.461-0500	DEBUG	protocol/handler.go:1649	have all messages and processed	{"{round 20 3  <nil>}": {"Key":"self","Type":15,"Integer":0,"String":"c","Interface":null}}
2025-08-15T22:13:41.461-0500	DEBUG	protocol/handler.go:596	round already finalized
2025-08-15T22:13:41.461-0500	DEBUG	protocol/handler.go:1591	have processed broadcast	{"{round 20 3  <nil>}": {"Key":"from","Type":15,"Integer":0,"String":"c","Interface":null}}
2025-08-15T22:13:41.461-0500	DEBUG	protocol/handler.go:1649	have all messages and processed	{"{round 20 3  <nil>}": {"Key":"self","Type":15,"Integer":0,"String":"b","Interface":null}}
2025-08-15T22:13:41.462-0500	DEBUG	protocol/handler.go:596	round already finalized
2025-08-15T22:13:41.467-0500	DEBUG	protocol/handler.go:581	tryAdvanceRound called	{"{current_round 20 3  <nil>}": {"Key":"self","Type":15,"Integer":0,"String":"a","Interface":null}}
2025-08-15T22:13:41.467-0500	DEBUG	protocol/handler.go:1591	have processed broadcast	{"{round 20 3  <nil>}": {"Key":"from","Type":15,"Integer":0,"String":"b","Interface":null}}
2025-08-15T22:13:41.467-0500	DEBUG	protocol/handler.go:1591	have processed broadcast	{"{round 20 3  <nil>}": {"Key":"from","Type":15,"Integer":0,"String":"c","Interface":null}}
2025-08-15T22:13:41.467-0500	DEBUG	protocol/handler.go:1649	have all messages and processed	{"{round 20 3  <nil>}": {"Key":"self","Type":15,"Integer":0,"String":"a","Interface":null}}
2025-08-15T22:13:41.467-0500	DEBUG	protocol/handler.go:596	round already finalized
2025-08-15T22:13:41.471-0500	DEBUG	protocol/handler.go:581	tryAdvanceRound called	{"{current_round 20 3  <nil>}": {"Key":"self","Type":15,"Integer":0,"String":"b","Interface":null}}
2025-08-15T22:13:41.471-0500	DEBUG	protocol/handler.go:1591	have processed broadcast	{"{round 20 3  <nil>}": {"Key":"from","Type":15,"Integer":0,"String":"a","Interface":null}}
2025-08-15T22:13:41.471-0500	DEBUG	protocol/handler.go:1591	have processed broadcast	{"{round 20 3  <nil>}": {"Key":"from","Type":15,"Integer":0,"String":"c","Interface":null}}
2025-08-15T22:13:41.471-0500	DEBUG	protocol/handler.go:1649	have all messages and processed	{"{round 20 3  <nil>}": {"Key":"self","Type":15,"Integer":0,"String":"b","Interface":null}}
2025-08-15T22:13:41.471-0500	DEBUG	protocol/handler.go:596	round already finalized
2025-08-15T22:13:41.471-0500	DEBUG	protocol/handler.go:581	tryAdvanceRound called	{"{current_round 20 3  <nil>}": {"Key":"self","Type":15,"Integer":0,"String":"c","Interface":null}}
2025-08-15T22:13:41.471-0500	DEBUG	protocol/handler.go:1591	have processed broadcast	{"{round 20 3  <nil>}": {"Key":"from","Type":15,"Integer":0,"String":"a","Interface":null}}
2025-08-15T22:13:41.471-0500	DEBUG	protocol/handler.go:1591	have processed broadcast	{"{round 20 3  <nil>}": {"Key":"from","Type":15,"Integer":0,"String":"b","Interface":null}}
2025-08-15T22:13:41.471-0500	DEBUG	protocol/handler.go:1649	have all messages and processed	{"{round 20 3  <nil>}": {"Key":"self","Type":15,"Integer":0,"String":"c","Interface":null}}
2025-08-15T22:13:41.471-0500	DEBUG	protocol/handler.go:596	round already finalized
2025-08-15T22:13:41.477-0500	DEBUG	protocol/handler.go:581	tryAdvanceRound called	{"{current_round 20 3  <nil>}": {"Key":"self","Type":15,"Integer":0,"String":"a","Interface":null}}
2025-08-15T22:13:41.477-0500	DEBUG	protocol/handler.go:1591	have processed broadcast	{"{round 20 3  <nil>}": {"Key":"from","Type":15,"Integer":0,"String":"b","Interface":null}}
2025-08-15T22:13:41.477-0500	DEBUG	protocol/handler.go:1591	have processed broadcast	{"{round 20 3  <nil>}": {"Key":"from","Type":15,"Integer":0,"String":"c","Interface":null}}
2025-08-15T22:13:41.477-0500	DEBUG	protocol/handler.go:1649	have all messages and processed	{"{round 20 3  <nil>}": {"Key":"self","Type":15,"Integer":0,"String":"a","Interface":null}}
2025-08-15T22:13:41.477-0500	DEBUG	protocol/handler.go:596	round already finalized
2025-08-15T22:13:41.481-0500	DEBUG	protocol/handler.go:581	tryAdvanceRound called	{"{current_round 20 3  <nil>}": {"Key":"self","Type":15,"Integer":0,"String":"c","Interface":null}}
2025-08-15T22:13:41.481-0500	DEBUG	protocol/handler.go:581	tryAdvanceRound called	{"{current_round 20 3  <nil>}": {"Key":"self","Type":15,"Integer":0,"String":"b","Interface":null}}
2025-08-15T22:13:41.481-0500	DEBUG	protocol/handler.go:1591	have processed broadcast	{"{round 20 3  <nil>}": {"Key":"from","Type":15,"Integer":0,"String":"a","Interface":null}}
2025-08-15T22:13:41.481-0500	DEBUG	protocol/handler.go:1591	have processed broadcast	{"{round 20 3  <nil>}": {"Key":"from","Type":15,"Integer":0,"String":"a","Interface":null}}
2025-08-15T22:13:41.482-0500	DEBUG	protocol/handler.go:1591	have processed broadcast	{"{round 20 3  <nil>}": {"Key":"from","Type":15,"Integer":0,"String":"b","Interface":null}}
2025-08-15T22:13:41.482-0500	DEBUG	protocol/handler.go:1591	have processed broadcast	{"{round 20 3  <nil>}": {"Key":"from","Type":15,"Integer":0,"String":"c","Interface":null}}
2025-08-15T22:13:41.482-0500	DEBUG	protocol/handler.go:1649	have all messages and processed	{"{round 20 3  <nil>}": {"Key":"self","Type":15,"Integer":0,"String":"c","Interface":null}}
2025-08-15T22:13:41.482-0500	DEBUG	protocol/handler.go:596	round already finalized
2025-08-15T22:13:41.482-0500	DEBUG	protocol/handler.go:1649	have all messages and processed	{"{round 20 3  <nil>}": {"Key":"self","Type":15,"Integer":0,"String":"b","Interface":null}}
2025-08-15T22:13:41.482-0500	DEBUG	protocol/handler.go:596	round already finalized
2025-08-15T22:13:41.487-0500	DEBUG	protocol/handler.go:581	tryAdvanceRound called	{"{current_round 20 3  <nil>}": {"Key":"self","Type":15,"Integer":0,"String":"a","Interface":null}}
2025-08-15T22:13:41.487-0500	DEBUG	protocol/handler.go:1591	have processed broadcast	{"{round 20 3  <nil>}": {"Key":"from","Type":15,"Integer":0,"String":"b","Interface":null}}
2025-08-15T22:13:41.487-0500	DEBUG	protocol/handler.go:1591	have processed broadcast	{"{round 20 3  <nil>}": {"Key":"from","Type":15,"Integer":0,"String":"c","Interface":null}}
2025-08-15T22:13:41.487-0500	DEBUG	protocol/handler.go:1649	have all messages and processed	{"{round 20 3  <nil>}": {"Key":"self","Type":15,"Integer":0,"String":"a","Interface":null}}
2025-08-15T22:13:41.488-0500	DEBUG	protocol/handler.go:596	round already finalized
2025-08-15T22:13:41.491-0500	DEBUG	protocol/handler.go:581	tryAdvanceRound called	{"{current_round 20 3  <nil>}": {"Key":"self","Type":15,"Integer":0,"String":"c","Interface":null}}
2025-08-15T22:13:41.491-0500	DEBUG	protocol/handler.go:581	tryAdvanceRound called	{"{current_round 20 3  <nil>}": {"Key":"self","Type":15,"Integer":0,"String":"b","Interface":null}}
2025-08-15T22:13:41.491-0500	DEBUG	protocol/handler.go:1591	have processed broadcast	{"{round 20 3  <nil>}": {"Key":"from","Type":15,"Integer":0,"String":"a","Interface":null}}
2025-08-15T22:13:41.491-0500	DEBUG	protocol/handler.go:1591	have processed broadcast	{"{round 20 3  <nil>}": {"Key":"from","Type":15,"Integer":0,"String":"a","Interface":null}}
2025-08-15T22:13:41.492-0500	DEBUG	protocol/handler.go:1591	have processed broadcast	{"{round 20 3  <nil>}": {"Key":"from","Type":15,"Integer":0,"String":"c","Interface":null}}
2025-08-15T22:13:41.492-0500	DEBUG	protocol/handler.go:1591	have processed broadcast	{"{round 20 3  <nil>}": {"Key":"from","Type":15,"Integer":0,"String":"b","Interface":null}}
2025-08-15T22:13:41.492-0500	DEBUG	protocol/handler.go:1649	have all messages and processed	{"{round 20 3  <nil>}": {"Key":"self","Type":15,"Integer":0,"String":"b","Interface":null}}
2025-08-15T22:13:41.492-0500	DEBUG	protocol/handler.go:1649	have all messages and processed	{"{round 20 3  <nil>}": {"Key":"self","Type":15,"Integer":0,"String":"c","Interface":null}}
2025-08-15T22:13:41.492-0500	DEBUG	protocol/handler.go:596	round already finalized
2025-08-15T22:13:41.492-0500	DEBUG	protocol/handler.go:596	round already finalized
2025-08-15T22:13:41.497-0500	DEBUG	protocol/handler.go:581	tryAdvanceRound called	{"{current_round 20 3  <nil>}": {"Key":"self","Type":15,"Integer":0,"String":"a","Interface":null}}
2025-08-15T22:13:41.497-0500	DEBUG	protocol/handler.go:1591	have processed broadcast	{"{round 20 3  <nil>}": {"Key":"from","Type":15,"Integer":0,"String":"b","Interface":null}}
2025-08-15T22:13:41.497-0500	DEBUG	protocol/handler.go:1591	have processed broadcast	{"{round 20 3  <nil>}": {"Key":"from","Type":15,"Integer":0,"String":"c","Interface":null}}
2025-08-15T22:13:41.497-0500	DEBUG	protocol/handler.go:1649	have all messages and processed	{"{round 20 3  <nil>}": {"Key":"self","Type":15,"Integer":0,"String":"a","Interface":null}}
2025-08-15T22:13:41.497-0500	DEBUG	protocol/handler.go:596	round already finalized
2025-08-15T22:13:41.501-0500	DEBUG	protocol/handler.go:581	tryAdvanceRound called	{"{current_round 20 3  <nil>}": {"Key":"self","Type":15,"Integer":0,"String":"c","Interface":null}}
2025-08-15T22:13:41.501-0500	DEBUG	protocol/handler.go:581	tryAdvanceRound called	{"{current_round 20 3  <nil>}": {"Key":"self","Type":15,"Integer":0,"String":"b","Interface":null}}
2025-08-15T22:13:41.501-0500	DEBUG	protocol/handler.go:1591	have processed broadcast	{"{round 20 3  <nil>}": {"Key":"from","Type":15,"Integer":0,"String":"a","Interface":null}}
2025-08-15T22:13:41.501-0500	DEBUG	protocol/handler.go:1591	have processed broadcast	{"{round 20 3  <nil>}": {"Key":"from","Type":15,"Integer":0,"String":"b","Interface":null}}
2025-08-15T22:13:41.501-0500	DEBUG	protocol/handler.go:1591	have processed broadcast	{"{round 20 3  <nil>}": {"Key":"from","Type":15,"Integer":0,"String":"a","Interface":null}}
2025-08-15T22:13:41.501-0500	DEBUG	protocol/handler.go:1649	have all messages and processed	{"{round 20 3  <nil>}": {"Key":"self","Type":15,"Integer":0,"String":"c","Interface":null}}
2025-08-15T22:13:41.501-0500	DEBUG	protocol/handler.go:596	round already finalized
2025-08-15T22:13:41.501-0500	DEBUG	protocol/handler.go:1591	have processed broadcast	{"{round 20 3  <nil>}": {"Key":"from","Type":15,"Integer":0,"String":"c","Interface":null}}
2025-08-15T22:13:41.501-0500	DEBUG	protocol/handler.go:1649	have all messages and processed	{"{round 20 3  <nil>}": {"Key":"self","Type":15,"Integer":0,"String":"b","Interface":null}}
2025-08-15T22:13:41.501-0500	DEBUG	protocol/handler.go:596	round already finalized
2025-08-15T22:13:41.507-0500	DEBUG	protocol/handler.go:581	tryAdvanceRound called	{"{current_round 20 3  <nil>}": {"Key":"self","Type":15,"Integer":0,"String":"a","Interface":null}}
2025-08-15T22:13:41.507-0500	DEBUG	protocol/handler.go:1591	have processed broadcast	{"{round 20 3  <nil>}": {"Key":"from","Type":15,"Integer":0,"String":"b","Interface":null}}
2025-08-15T22:13:41.507-0500	DEBUG	protocol/handler.go:1591	have processed broadcast	{"{round 20 3  <nil>}": {"Key":"from","Type":15,"Integer":0,"String":"c","Interface":null}}
2025-08-15T22:13:41.507-0500	DEBUG	protocol/handler.go:1649	have all messages and processed	{"{round 20 3  <nil>}": {"Key":"self","Type":15,"Integer":0,"String":"a","Interface":null}}
2025-08-15T22:13:41.508-0500	DEBUG	protocol/handler.go:596	round already finalized
2025-08-15T22:13:41.511-0500	DEBUG	protocol/handler.go:581	tryAdvanceRound called	{"{current_round 20 3  <nil>}": {"Key":"self","Type":15,"Integer":0,"String":"b","Interface":null}}
2025-08-15T22:13:41.511-0500	DEBUG	protocol/handler.go:1591	have processed broadcast	{"{round 20 3  <nil>}": {"Key":"from","Type":15,"Integer":0,"String":"a","Interface":null}}
2025-08-15T22:13:41.511-0500	DEBUG	protocol/handler.go:1591	have processed broadcast	{"{round 20 3  <nil>}": {"Key":"from","Type":15,"Integer":0,"String":"c","Interface":null}}
2025-08-15T22:13:41.511-0500	DEBUG	protocol/handler.go:1649	have all messages and processed	{"{round 20 3  <nil>}": {"Key":"self","Type":15,"Integer":0,"String":"b","Interface":null}}
2025-08-15T22:13:41.511-0500	DEBUG	protocol/handler.go:596	round already finalized
2025-08-15T22:13:41.511-0500	DEBUG	protocol/handler.go:581	tryAdvanceRound called	{"{current_round 20 3  <nil>}": {"Key":"self","Type":15,"Integer":0,"String":"c","Interface":null}}
2025-08-15T22:13:41.511-0500	DEBUG	protocol/handler.go:1591	have processed broadcast	{"{round 20 3  <nil>}": {"Key":"from","Type":15,"Integer":0,"String":"a","Interface":null}}
2025-08-15T22:13:41.511-0500	DEBUG	protocol/handler.go:1591	have processed broadcast	{"{round 20 3  <nil>}": {"Key":"from","Type":15,"Integer":0,"String":"b","Interface":null}}
2025-08-15T22:13:41.511-0500	DEBUG	protocol/handler.go:1649	have all messages and processed	{"{round 20 3  <nil>}": {"Key":"self","Type":15,"Integer":0,"String":"c","Interface":null}}
2025-08-15T22:13:41.511-0500	DEBUG	protocol/handler.go:596	round already finalized
2025-08-15T22:13:41.518-0500	DEBUG	protocol/handler.go:581	tryAdvanceRound called	{"{current_round 20 3  <nil>}": {"Key":"self","Type":15,"Integer":0,"String":"a","Interface":null}}
2025-08-15T22:13:41.518-0500	DEBUG	protocol/handler.go:1591	have processed broadcast	{"{round 20 3  <nil>}": {"Key":"from","Type":15,"Integer":0,"String":"b","Interface":null}}
2025-08-15T22:13:41.518-0500	DEBUG	protocol/handler.go:1591	have processed broadcast	{"{round 20 3  <nil>}": {"Key":"from","Type":15,"Integer":0,"String":"c","Interface":null}}
2025-08-15T22:13:41.518-0500	DEBUG	protocol/handler.go:1649	have all messages and processed	{"{round 20 3  <nil>}": {"Key":"self","Type":15,"Integer":0,"String":"a","Interface":null}}
2025-08-15T22:13:41.518-0500	DEBUG	protocol/handler.go:596	round already finalized
2025-08-15T22:13:41.523-0500	DEBUG	protocol/handler.go:581	tryAdvanceRound called	{"{current_round 20 3  <nil>}": {"Key":"self","Type":15,"Integer":0,"String":"b","Interface":null}}
2025-08-15T22:13:41.523-0500	DEBUG	protocol/handler.go:1591	have processed broadcast	{"{round 20 3  <nil>}": {"Key":"from","Type":15,"Integer":0,"String":"a","Interface":null}}
2025-08-15T22:13:41.523-0500	DEBUG	protocol/handler.go:1591	have processed broadcast	{"{round 20 3  <nil>}": {"Key":"from","Type":15,"Integer":0,"String":"c","Interface":null}}
2025-08-15T22:13:41.523-0500	DEBUG	protocol/handler.go:1649	have all messages and processed	{"{round 20 3  <nil>}": {"Key":"self","Type":15,"Integer":0,"String":"b","Interface":null}}
2025-08-15T22:13:41.523-0500	DEBUG	protocol/handler.go:596	round already finalized
2025-08-15T22:13:41.523-0500	DEBUG	protocol/handler.go:581	tryAdvanceRound called	{"{current_round 20 3  <nil>}": {"Key":"self","Type":15,"Integer":0,"String":"c","Interface":null}}
2025-08-15T22:13:41.523-0500	DEBUG	protocol/handler.go:1591	have processed broadcast	{"{round 20 3  <nil>}": {"Key":"from","Type":15,"Integer":0,"String":"a","Interface":null}}
2025-08-15T22:13:41.523-0500	DEBUG	protocol/handler.go:1591	have processed broadcast	{"{round 20 3  <nil>}": {"Key":"from","Type":15,"Integer":0,"String":"b","Interface":null}}
2025-08-15T22:13:41.523-0500	DEBUG	protocol/handler.go:1649	have all messages and processed	{"{round 20 3  <nil>}": {"Key":"self","Type":15,"Integer":0,"String":"c","Interface":null}}
2025-08-15T22:13:41.523-0500	DEBUG	protocol/handler.go:596	round already finalized
2025-08-15T22:13:41.527-0500	DEBUG	protocol/handler.go:581	tryAdvanceRound called	{"{current_round 20 3  <nil>}": {"Key":"self","Type":15,"Integer":0,"String":"a","Interface":null}}
2025-08-15T22:13:41.527-0500	DEBUG	protocol/handler.go:1591	have processed broadcast	{"{round 20 3  <nil>}": {"Key":"from","Type":15,"Integer":0,"String":"b","Interface":null}}
2025-08-15T22:13:41.527-0500	DEBUG	protocol/handler.go:1591	have processed broadcast	{"{round 20 3  <nil>}": {"Key":"from","Type":15,"Integer":0,"String":"c","Interface":null}}
2025-08-15T22:13:41.527-0500	DEBUG	protocol/handler.go:1649	have all messages and processed	{"{round 20 3  <nil>}": {"Key":"self","Type":15,"Integer":0,"String":"a","Interface":null}}
2025-08-15T22:13:41.527-0500	DEBUG	protocol/handler.go:596	round already finalized
2025-08-15T22:13:41.531-0500	DEBUG	protocol/handler.go:581	tryAdvanceRound called	{"{current_round 20 3  <nil>}": {"Key":"self","Type":15,"Integer":0,"String":"c","Interface":null}}
2025-08-15T22:13:41.531-0500	DEBUG	protocol/handler.go:1591	have processed broadcast	{"{round 20 3  <nil>}": {"Key":"from","Type":15,"Integer":0,"String":"a","Interface":null}}
2025-08-15T22:13:41.531-0500	DEBUG	protocol/handler.go:1591	have processed broadcast	{"{round 20 3  <nil>}": {"Key":"from","Type":15,"Integer":0,"String":"b","Interface":null}}
2025-08-15T22:13:41.531-0500	DEBUG	protocol/handler.go:1649	have all messages and processed	{"{round 20 3  <nil>}": {"Key":"self","Type":15,"Integer":0,"String":"c","Interface":null}}
2025-08-15T22:13:41.531-0500	DEBUG	protocol/handler.go:596	round already finalized
2025-08-15T22:13:41.531-0500	DEBUG	protocol/handler.go:581	tryAdvanceRound called	{"{current_round 20 3  <nil>}": {"Key":"self","Type":15,"Integer":0,"String":"b","Interface":null}}
2025-08-15T22:13:41.531-0500	DEBUG	protocol/handler.go:1591	have processed broadcast	{"{round 20 3  <nil>}": {"Key":"from","Type":15,"Integer":0,"String":"a","Interface":null}}
2025-08-15T22:13:41.532-0500	DEBUG	protocol/handler.go:1591	have processed broadcast	{"{round 20 3  <nil>}": {"Key":"from","Type":15,"Integer":0,"String":"c","Interface":null}}
2025-08-15T22:13:41.532-0500	DEBUG	protocol/handler.go:1649	have all messages and processed	{"{round 20 3  <nil>}": {"Key":"self","Type":15,"Integer":0,"String":"b","Interface":null}}
2025-08-15T22:13:41.532-0500	DEBUG	protocol/handler.go:596	round already finalized
2025-08-15T22:13:41.538-0500	DEBUG	protocol/handler.go:581	tryAdvanceRound called	{"{current_round 20 3  <nil>}": {"Key":"self","Type":15,"Integer":0,"String":"a","Interface":null}}
2025-08-15T22:13:41.538-0500	DEBUG	protocol/handler.go:1591	have processed broadcast	{"{round 20 3  <nil>}": {"Key":"from","Type":15,"Integer":0,"String":"b","Interface":null}}
2025-08-15T22:13:41.538-0500	DEBUG	protocol/handler.go:1591	have processed broadcast	{"{round 20 3  <nil>}": {"Key":"from","Type":15,"Integer":0,"String":"c","Interface":null}}
2025-08-15T22:13:41.538-0500	DEBUG	protocol/handler.go:1649	have all messages and processed	{"{round 20 3  <nil>}": {"Key":"self","Type":15,"Integer":0,"String":"a","Interface":null}}
2025-08-15T22:13:41.538-0500	DEBUG	protocol/handler.go:596	round already finalized
2025-08-15T22:13:41.541-0500	DEBUG	protocol/handler.go:581	tryAdvanceRound called	{"{current_round 20 3  <nil>}": {"Key":"self","Type":15,"Integer":0,"String":"b","Interface":null}}
2025-08-15T22:13:41.541-0500	DEBUG	protocol/handler.go:1591	have processed broadcast	{"{round 20 3  <nil>}": {"Key":"from","Type":15,"Integer":0,"String":"a","Interface":null}}
2025-08-15T22:13:41.541-0500	DEBUG	protocol/handler.go:581	tryAdvanceRound called	{"{current_round 20 3  <nil>}": {"Key":"self","Type":15,"Integer":0,"String":"c","Interface":null}}
2025-08-15T22:13:41.541-0500	DEBUG	protocol/handler.go:1591	have processed broadcast	{"{round 20 3  <nil>}": {"Key":"from","Type":15,"Integer":0,"String":"a","Interface":null}}
2025-08-15T22:13:41.541-0500	DEBUG	protocol/handler.go:1591	have processed broadcast	{"{round 20 3  <nil>}": {"Key":"from","Type":15,"Integer":0,"String":"b","Interface":null}}
2025-08-15T22:13:41.541-0500	DEBUG	protocol/handler.go:1649	have all messages and processed	{"{round 20 3  <nil>}": {"Key":"self","Type":15,"Integer":0,"String":"c","Interface":null}}
2025-08-15T22:13:41.542-0500	DEBUG	protocol/handler.go:596	round already finalized
2025-08-15T22:13:41.541-0500	DEBUG	protocol/handler.go:1591	have processed broadcast	{"{round 20 3  <nil>}": {"Key":"from","Type":15,"Integer":0,"String":"c","Interface":null}}
2025-08-15T22:13:41.542-0500	DEBUG	protocol/handler.go:1649	have all messages and processed	{"{round 20 3  <nil>}": {"Key":"self","Type":15,"Integer":0,"String":"b","Interface":null}}
2025-08-15T22:13:41.542-0500	DEBUG	protocol/handler.go:596	round already finalized
2025-08-15T22:13:41.546-0500	DEBUG	protocol/handler.go:581	tryAdvanceRound called	{"{current_round 20 3  <nil>}": {"Key":"self","Type":15,"Integer":0,"String":"a","Interface":null}}
2025-08-15T22:13:41.547-0500	DEBUG	protocol/handler.go:1591	have processed broadcast	{"{round 20 3  <nil>}": {"Key":"from","Type":15,"Integer":0,"String":"b","Interface":null}}
2025-08-15T22:13:41.547-0500	DEBUG	protocol/handler.go:1591	have processed broadcast	{"{round 20 3  <nil>}": {"Key":"from","Type":15,"Integer":0,"String":"c","Interface":null}}
2025-08-15T22:13:41.547-0500	DEBUG	protocol/handler.go:1649	have all messages and processed	{"{round 20 3  <nil>}": {"Key":"self","Type":15,"Integer":0,"String":"a","Interface":null}}
2025-08-15T22:13:41.547-0500	DEBUG	protocol/handler.go:596	round already finalized
2025-08-15T22:13:41.551-0500	DEBUG	protocol/handler.go:581	tryAdvanceRound called	{"{current_round 20 3  <nil>}": {"Key":"self","Type":15,"Integer":0,"String":"c","Interface":null}}
2025-08-15T22:13:41.551-0500	DEBUG	protocol/handler.go:1591	have processed broadcast	{"{round 20 3  <nil>}": {"Key":"from","Type":15,"Integer":0,"String":"a","Interface":null}}
2025-08-15T22:13:41.551-0500	DEBUG	protocol/handler.go:1591	have processed broadcast	{"{round 20 3  <nil>}": {"Key":"from","Type":15,"Integer":0,"String":"b","Interface":null}}
2025-08-15T22:13:41.551-0500	DEBUG	protocol/handler.go:1649	have all messages and processed	{"{round 20 3  <nil>}": {"Key":"self","Type":15,"Integer":0,"String":"c","Interface":null}}
2025-08-15T22:13:41.551-0500	DEBUG	protocol/handler.go:596	round already finalized
2025-08-15T22:13:41.551-0500	DEBUG	protocol/handler.go:581	tryAdvanceRound called	{"{current_round 20 3  <nil>}": {"Key":"self","Type":15,"Integer":0,"String":"b","Interface":null}}
2025-08-15T22:13:41.551-0500	DEBUG	protocol/handler.go:1591	have processed broadcast	{"{round 20 3  <nil>}": {"Key":"from","Type":15,"Integer":0,"String":"a","Interface":null}}
2025-08-15T22:13:41.552-0500	DEBUG	protocol/handler.go:1591	have processed broadcast	{"{round 20 3  <nil>}": {"Key":"from","Type":15,"Integer":0,"String":"c","Interface":null}}
2025-08-15T22:13:41.552-0500	DEBUG	protocol/handler.go:1649	have all messages and processed	{"{round 20 3  <nil>}": {"Key":"self","Type":15,"Integer":0,"String":"b","Interface":null}}
2025-08-15T22:13:41.552-0500	DEBUG	protocol/handler.go:596	round already finalized
2025-08-15T22:13:41.557-0500	DEBUG	protocol/handler.go:581	tryAdvanceRound called	{"{current_round 20 3  <nil>}": {"Key":"self","Type":15,"Integer":0,"String":"a","Interface":null}}
2025-08-15T22:13:41.557-0500	DEBUG	protocol/handler.go:1591	have processed broadcast	{"{round 20 3  <nil>}": {"Key":"from","Type":15,"Integer":0,"String":"b","Interface":null}}
2025-08-15T22:13:41.557-0500	DEBUG	protocol/handler.go:1591	have processed broadcast	{"{round 20 3  <nil>}": {"Key":"from","Type":15,"Integer":0,"String":"c","Interface":null}}
2025-08-15T22:13:41.557-0500	DEBUG	protocol/handler.go:1649	have all messages and processed	{"{round 20 3  <nil>}": {"Key":"self","Type":15,"Integer":0,"String":"a","Interface":null}}
2025-08-15T22:13:41.557-0500	DEBUG	protocol/handler.go:596	round already finalized
2025-08-15T22:13:41.561-0500	DEBUG	protocol/handler.go:581	tryAdvanceRound called	{"{current_round 20 3  <nil>}": {"Key":"self","Type":15,"Integer":0,"String":"b","Interface":null}}
2025-08-15T22:13:41.561-0500	DEBUG	protocol/handler.go:581	tryAdvanceRound called	{"{current_round 20 3  <nil>}": {"Key":"self","Type":15,"Integer":0,"String":"c","Interface":null}}
2025-08-15T22:13:41.561-0500	DEBUG	protocol/handler.go:1591	have processed broadcast	{"{round 20 3  <nil>}": {"Key":"from","Type":15,"Integer":0,"String":"a","Interface":null}}
2025-08-15T22:13:41.562-0500	DEBUG	protocol/handler.go:1591	have processed broadcast	{"{round 20 3  <nil>}": {"Key":"from","Type":15,"Integer":0,"String":"c","Interface":null}}
2025-08-15T22:13:41.562-0500	DEBUG	protocol/handler.go:1649	have all messages and processed	{"{round 20 3  <nil>}": {"Key":"self","Type":15,"Integer":0,"String":"b","Interface":null}}
2025-08-15T22:13:41.562-0500	DEBUG	protocol/handler.go:596	round already finalized
2025-08-15T22:13:41.561-0500	DEBUG	protocol/handler.go:1591	have processed broadcast	{"{round 20 3  <nil>}": {"Key":"from","Type":15,"Integer":0,"String":"a","Interface":null}}
2025-08-15T22:13:41.562-0500	DEBUG	protocol/handler.go:1591	have processed broadcast	{"{round 20 3  <nil>}": {"Key":"from","Type":15,"Integer":0,"String":"b","Interface":null}}
2025-08-15T22:13:41.562-0500	DEBUG	protocol/handler.go:1649	have all messages and processed	{"{round 20 3  <nil>}": {"Key":"self","Type":15,"Integer":0,"String":"c","Interface":null}}
2025-08-15T22:13:41.562-0500	DEBUG	protocol/handler.go:596	round already finalized
2025-08-15T22:13:41.567-0500	DEBUG	protocol/handler.go:581	tryAdvanceRound called	{"{current_round 20 3  <nil>}": {"Key":"self","Type":15,"Integer":0,"String":"a","Interface":null}}
2025-08-15T22:13:41.567-0500	DEBUG	protocol/handler.go:1591	have processed broadcast	{"{round 20 3  <nil>}": {"Key":"from","Type":15,"Integer":0,"String":"b","Interface":null}}
2025-08-15T22:13:41.567-0500	DEBUG	protocol/handler.go:1591	have processed broadcast	{"{round 20 3  <nil>}": {"Key":"from","Type":15,"Integer":0,"String":"c","Interface":null}}
2025-08-15T22:13:41.567-0500	DEBUG	protocol/handler.go:1649	have all messages and processed	{"{round 20 3  <nil>}": {"Key":"self","Type":15,"Integer":0,"String":"a","Interface":null}}
2025-08-15T22:13:41.567-0500	DEBUG	protocol/handler.go:596	round already finalized
2025-08-15T22:13:41.571-0500	DEBUG	protocol/handler.go:581	tryAdvanceRound called	{"{current_round 20 3  <nil>}": {"Key":"self","Type":15,"Integer":0,"String":"b","Interface":null}}
2025-08-15T22:13:41.571-0500	DEBUG	protocol/handler.go:1591	have processed broadcast	{"{round 20 3  <nil>}": {"Key":"from","Type":15,"Integer":0,"String":"a","Interface":null}}
2025-08-15T22:13:41.571-0500	DEBUG	protocol/handler.go:581	tryAdvanceRound called	{"{current_round 20 3  <nil>}": {"Key":"self","Type":15,"Integer":0,"String":"c","Interface":null}}
2025-08-15T22:13:41.571-0500	DEBUG	protocol/handler.go:1591	have processed broadcast	{"{round 20 3  <nil>}": {"Key":"from","Type":15,"Integer":0,"String":"c","Interface":null}}
2025-08-15T22:13:41.571-0500	DEBUG	protocol/handler.go:1591	have processed broadcast	{"{round 20 3  <nil>}": {"Key":"from","Type":15,"Integer":0,"String":"a","Interface":null}}
2025-08-15T22:13:41.571-0500	DEBUG	protocol/handler.go:1649	have all messages and processed	{"{round 20 3  <nil>}": {"Key":"self","Type":15,"Integer":0,"String":"b","Interface":null}}
2025-08-15T22:13:41.571-0500	DEBUG	protocol/handler.go:1591	have processed broadcast	{"{round 20 3  <nil>}": {"Key":"from","Type":15,"Integer":0,"String":"b","Interface":null}}
2025-08-15T22:13:41.571-0500	DEBUG	protocol/handler.go:596	round already finalized
2025-08-15T22:13:41.571-0500	DEBUG	protocol/handler.go:1649	have all messages and processed	{"{round 20 3  <nil>}": {"Key":"self","Type":15,"Integer":0,"String":"c","Interface":null}}
2025-08-15T22:13:41.571-0500	DEBUG	protocol/handler.go:596	round already finalized
2025-08-15T22:13:41.577-0500	DEBUG	protocol/handler.go:581	tryAdvanceRound called	{"{current_round 20 3  <nil>}": {"Key":"self","Type":15,"Integer":0,"String":"a","Interface":null}}
2025-08-15T22:13:41.577-0500	DEBUG	protocol/handler.go:1591	have processed broadcast	{"{round 20 3  <nil>}": {"Key":"from","Type":15,"Integer":0,"String":"b","Interface":null}}
2025-08-15T22:13:41.577-0500	DEBUG	protocol/handler.go:1591	have processed broadcast	{"{round 20 3  <nil>}": {"Key":"from","Type":15,"Integer":0,"String":"c","Interface":null}}
2025-08-15T22:13:41.577-0500	DEBUG	protocol/handler.go:1649	have all messages and processed	{"{round 20 3  <nil>}": {"Key":"self","Type":15,"Integer":0,"String":"a","Interface":null}}
2025-08-15T22:13:41.577-0500	DEBUG	protocol/handler.go:596	round already finalized
2025-08-15T22:13:41.581-0500	DEBUG	protocol/handler.go:581	tryAdvanceRound called	{"{current_round 20 3  <nil>}": {"Key":"self","Type":15,"Integer":0,"String":"b","Interface":null}}
2025-08-15T22:13:41.581-0500	DEBUG	protocol/handler.go:581	tryAdvanceRound called	{"{current_round 20 3  <nil>}": {"Key":"self","Type":15,"Integer":0,"String":"c","Interface":null}}
2025-08-15T22:13:41.581-0500	DEBUG	protocol/handler.go:1591	have processed broadcast	{"{round 20 3  <nil>}": {"Key":"from","Type":15,"Integer":0,"String":"a","Interface":null}}
2025-08-15T22:13:41.581-0500	DEBUG	protocol/handler.go:1591	have processed broadcast	{"{round 20 3  <nil>}": {"Key":"from","Type":15,"Integer":0,"String":"a","Interface":null}}
2025-08-15T22:13:41.581-0500	DEBUG	protocol/handler.go:1591	have processed broadcast	{"{round 20 3  <nil>}": {"Key":"from","Type":15,"Integer":0,"String":"c","Interface":null}}
2025-08-15T22:13:41.581-0500	DEBUG	protocol/handler.go:1591	have processed broadcast	{"{round 20 3  <nil>}": {"Key":"from","Type":15,"Integer":0,"String":"b","Interface":null}}
2025-08-15T22:13:41.581-0500	DEBUG	protocol/handler.go:1649	have all messages and processed	{"{round 20 3  <nil>}": {"Key":"self","Type":15,"Integer":0,"String":"b","Interface":null}}
2025-08-15T22:13:41.581-0500	DEBUG	protocol/handler.go:596	round already finalized
2025-08-15T22:13:41.581-0500	DEBUG	protocol/handler.go:1649	have all messages and processed	{"{round 20 3  <nil>}": {"Key":"self","Type":15,"Integer":0,"String":"c","Interface":null}}
2025-08-15T22:13:41.581-0500	DEBUG	protocol/handler.go:596	round already finalized
2025-08-15T22:13:41.586-0500	DEBUG	protocol/handler.go:581	tryAdvanceRound called	{"{current_round 20 3  <nil>}": {"Key":"self","Type":15,"Integer":0,"String":"a","Interface":null}}
2025-08-15T22:13:41.587-0500	DEBUG	protocol/handler.go:1591	have processed broadcast	{"{round 20 3  <nil>}": {"Key":"from","Type":15,"Integer":0,"String":"b","Interface":null}}
2025-08-15T22:13:41.587-0500	DEBUG	protocol/handler.go:1591	have processed broadcast	{"{round 20 3  <nil>}": {"Key":"from","Type":15,"Integer":0,"String":"c","Interface":null}}
2025-08-15T22:13:41.587-0500	DEBUG	protocol/handler.go:1649	have all messages and processed	{"{round 20 3  <nil>}": {"Key":"self","Type":15,"Integer":0,"String":"a","Interface":null}}
2025-08-15T22:13:41.587-0500	DEBUG	protocol/handler.go:596	round already finalized
2025-08-15T22:13:41.591-0500	DEBUG	protocol/handler.go:581	tryAdvanceRound called	{"{current_round 20 3  <nil>}": {"Key":"self","Type":15,"Integer":0,"String":"c","Interface":null}}
2025-08-15T22:13:41.591-0500	DEBUG	protocol/handler.go:581	tryAdvanceRound called	{"{current_round 20 3  <nil>}": {"Key":"self","Type":15,"Integer":0,"String":"b","Interface":null}}
2025-08-15T22:13:41.591-0500	DEBUG	protocol/handler.go:1591	have processed broadcast	{"{round 20 3  <nil>}": {"Key":"from","Type":15,"Integer":0,"String":"a","Interface":null}}
2025-08-15T22:13:41.591-0500	DEBUG	protocol/handler.go:1591	have processed broadcast	{"{round 20 3  <nil>}": {"Key":"from","Type":15,"Integer":0,"String":"b","Interface":null}}
2025-08-15T22:13:41.591-0500	DEBUG	protocol/handler.go:1649	have all messages and processed	{"{round 20 3  <nil>}": {"Key":"self","Type":15,"Integer":0,"String":"c","Interface":null}}
2025-08-15T22:13:41.591-0500	DEBUG	protocol/handler.go:596	round already finalized
2025-08-15T22:13:41.591-0500	DEBUG	protocol/handler.go:1591	have processed broadcast	{"{round 20 3  <nil>}": {"Key":"from","Type":15,"Integer":0,"String":"a","Interface":null}}
2025-08-15T22:13:41.591-0500	DEBUG	protocol/handler.go:1591	have processed broadcast	{"{round 20 3  <nil>}": {"Key":"from","Type":15,"Integer":0,"String":"c","Interface":null}}
2025-08-15T22:13:41.592-0500	DEBUG	protocol/handler.go:1649	have all messages and processed	{"{round 20 3  <nil>}": {"Key":"self","Type":15,"Integer":0,"String":"b","Interface":null}}
2025-08-15T22:13:41.592-0500	DEBUG	protocol/handler.go:596	round already finalized
2025-08-15T22:13:41.597-0500	DEBUG	protocol/handler.go:581	tryAdvanceRound called	{"{current_round 20 3  <nil>}": {"Key":"self","Type":15,"Integer":0,"String":"a","Interface":null}}
2025-08-15T22:13:41.598-0500	DEBUG	protocol/handler.go:1591	have processed broadcast	{"{round 20 3  <nil>}": {"Key":"from","Type":15,"Integer":0,"String":"b","Interface":null}}
2025-08-15T22:13:41.598-0500	DEBUG	protocol/handler.go:1591	have processed broadcast	{"{round 20 3  <nil>}": {"Key":"from","Type":15,"Integer":0,"String":"c","Interface":null}}
2025-08-15T22:13:41.598-0500	DEBUG	protocol/handler.go:1649	have all messages and processed	{"{round 20 3  <nil>}": {"Key":"self","Type":15,"Integer":0,"String":"a","Interface":null}}
2025-08-15T22:13:41.598-0500	DEBUG	protocol/handler.go:596	round already finalized
2025-08-15T22:13:41.601-0500	DEBUG	protocol/handler.go:581	tryAdvanceRound called	{"{current_round 20 3  <nil>}": {"Key":"self","Type":15,"Integer":0,"String":"b","Interface":null}}
2025-08-15T22:13:41.602-0500	DEBUG	protocol/handler.go:581	tryAdvanceRound called	{"{current_round 20 3  <nil>}": {"Key":"self","Type":15,"Integer":0,"String":"c","Interface":null}}
2025-08-15T22:13:41.602-0500	DEBUG	protocol/handler.go:1591	have processed broadcast	{"{round 20 3  <nil>}": {"Key":"from","Type":15,"Integer":0,"String":"a","Interface":null}}
2025-08-15T22:13:41.602-0500	DEBUG	protocol/handler.go:1591	have processed broadcast	{"{round 20 3  <nil>}": {"Key":"from","Type":15,"Integer":0,"String":"b","Interface":null}}
2025-08-15T22:13:41.602-0500	DEBUG	protocol/handler.go:1649	have all messages and processed	{"{round 20 3  <nil>}": {"Key":"self","Type":15,"Integer":0,"String":"c","Interface":null}}
2025-08-15T22:13:41.602-0500	DEBUG	protocol/handler.go:596	round already finalized
2025-08-15T22:13:41.602-0500	DEBUG	protocol/handler.go:1591	have processed broadcast	{"{round 20 3  <nil>}": {"Key":"from","Type":15,"Integer":0,"String":"a","Interface":null}}
2025-08-15T22:13:41.602-0500	DEBUG	protocol/handler.go:1591	have processed broadcast	{"{round 20 3  <nil>}": {"Key":"from","Type":15,"Integer":0,"String":"c","Interface":null}}
2025-08-15T22:13:41.602-0500	DEBUG	protocol/handler.go:1649	have all messages and processed	{"{round 20 3  <nil>}": {"Key":"self","Type":15,"Integer":0,"String":"b","Interface":null}}
2025-08-15T22:13:41.602-0500	DEBUG	protocol/handler.go:596	round already finalized
2025-08-15T22:13:41.607-0500	DEBUG	protocol/handler.go:581	tryAdvanceRound called	{"{current_round 20 3  <nil>}": {"Key":"self","Type":15,"Integer":0,"String":"a","Interface":null}}
2025-08-15T22:13:41.607-0500	DEBUG	protocol/handler.go:1591	have processed broadcast	{"{round 20 3  <nil>}": {"Key":"from","Type":15,"Integer":0,"String":"b","Interface":null}}
2025-08-15T22:13:41.607-0500	DEBUG	protocol/handler.go:1591	have processed broadcast	{"{round 20 3  <nil>}": {"Key":"from","Type":15,"Integer":0,"String":"c","Interface":null}}
2025-08-15T22:13:41.607-0500	DEBUG	protocol/handler.go:1649	have all messages and processed	{"{round 20 3  <nil>}": {"Key":"self","Type":15,"Integer":0,"String":"a","Interface":null}}
2025-08-15T22:13:41.607-0500	DEBUG	protocol/handler.go:596	round already finalized
2025-08-15T22:13:41.611-0500	DEBUG	protocol/handler.go:581	tryAdvanceRound called	{"{current_round 20 3  <nil>}": {"Key":"self","Type":15,"Integer":0,"String":"b","Interface":null}}
2025-08-15T22:13:41.611-0500	DEBUG	protocol/handler.go:1591	have processed broadcast	{"{round 20 3  <nil>}": {"Key":"from","Type":15,"Integer":0,"String":"a","Interface":null}}
2025-08-15T22:13:41.611-0500	DEBUG	protocol/handler.go:1591	have processed broadcast	{"{round 20 3  <nil>}": {"Key":"from","Type":15,"Integer":0,"String":"c","Interface":null}}
2025-08-15T22:13:41.611-0500	DEBUG	protocol/handler.go:1649	have all messages and processed	{"{round 20 3  <nil>}": {"Key":"self","Type":15,"Integer":0,"String":"b","Interface":null}}
2025-08-15T22:13:41.611-0500	DEBUG	protocol/handler.go:581	tryAdvanceRound called	{"{current_round 20 3  <nil>}": {"Key":"self","Type":15,"Integer":0,"String":"c","Interface":null}}
2025-08-15T22:13:41.611-0500	DEBUG	protocol/handler.go:596	round already finalized
2025-08-15T22:13:41.611-0500	DEBUG	protocol/handler.go:1591	have processed broadcast	{"{round 20 3  <nil>}": {"Key":"from","Type":15,"Integer":0,"String":"a","Interface":null}}
2025-08-15T22:13:41.611-0500	DEBUG	protocol/handler.go:1591	have processed broadcast	{"{round 20 3  <nil>}": {"Key":"from","Type":15,"Integer":0,"String":"b","Interface":null}}
2025-08-15T22:13:41.611-0500	DEBUG	protocol/handler.go:1649	have all messages and processed	{"{round 20 3  <nil>}": {"Key":"self","Type":15,"Integer":0,"String":"c","Interface":null}}
2025-08-15T22:13:41.611-0500	DEBUG	protocol/handler.go:596	round already finalized
2025-08-15T22:13:41.617-0500	DEBUG	protocol/handler.go:581	tryAdvanceRound called	{"{current_round 20 3  <nil>}": {"Key":"self","Type":15,"Integer":0,"String":"a","Interface":null}}
2025-08-15T22:13:41.618-0500	DEBUG	protocol/handler.go:1591	have processed broadcast	{"{round 20 3  <nil>}": {"Key":"from","Type":15,"Integer":0,"String":"b","Interface":null}}
2025-08-15T22:13:41.618-0500	DEBUG	protocol/handler.go:1591	have processed broadcast	{"{round 20 3  <nil>}": {"Key":"from","Type":15,"Integer":0,"String":"c","Interface":null}}
2025-08-15T22:13:41.618-0500	DEBUG	protocol/handler.go:1649	have all messages and processed	{"{round 20 3  <nil>}": {"Key":"self","Type":15,"Integer":0,"String":"a","Interface":null}}
2025-08-15T22:13:41.618-0500	DEBUG	protocol/handler.go:596	round already finalized
2025-08-15T22:13:41.621-0500	DEBUG	protocol/handler.go:581	tryAdvanceRound called	{"{current_round 20 3  <nil>}": {"Key":"self","Type":15,"Integer":0,"String":"b","Interface":null}}
2025-08-15T22:13:41.621-0500	DEBUG	protocol/handler.go:1591	have processed broadcast	{"{round 20 3  <nil>}": {"Key":"from","Type":15,"Integer":0,"String":"a","Interface":null}}
2025-08-15T22:13:41.621-0500	DEBUG	protocol/handler.go:1591	have processed broadcast	{"{round 20 3  <nil>}": {"Key":"from","Type":15,"Integer":0,"String":"c","Interface":null}}
2025-08-15T22:13:41.621-0500	DEBUG	protocol/handler.go:1649	have all messages and processed	{"{round 20 3  <nil>}": {"Key":"self","Type":15,"Integer":0,"String":"b","Interface":null}}
2025-08-15T22:13:41.621-0500	DEBUG	protocol/handler.go:596	round already finalized
2025-08-15T22:13:41.621-0500	DEBUG	protocol/handler.go:581	tryAdvanceRound called	{"{current_round 20 3  <nil>}": {"Key":"self","Type":15,"Integer":0,"String":"c","Interface":null}}
2025-08-15T22:13:41.621-0500	DEBUG	protocol/handler.go:1591	have processed broadcast	{"{round 20 3  <nil>}": {"Key":"from","Type":15,"Integer":0,"String":"a","Interface":null}}
2025-08-15T22:13:41.621-0500	DEBUG	protocol/handler.go:1591	have processed broadcast	{"{round 20 3  <nil>}": {"Key":"from","Type":15,"Integer":0,"String":"b","Interface":null}}
2025-08-15T22:13:41.621-0500	DEBUG	protocol/handler.go:1649	have all messages and processed	{"{round 20 3  <nil>}": {"Key":"self","Type":15,"Integer":0,"String":"c","Interface":null}}
2025-08-15T22:13:41.621-0500	DEBUG	protocol/handler.go:596	round already finalized
2025-08-15T22:13:41.627-0500	DEBUG	protocol/handler.go:581	tryAdvanceRound called	{"{current_round 20 3  <nil>}": {"Key":"self","Type":15,"Integer":0,"String":"a","Interface":null}}
2025-08-15T22:13:41.627-0500	DEBUG	protocol/handler.go:1591	have processed broadcast	{"{round 20 3  <nil>}": {"Key":"from","Type":15,"Integer":0,"String":"b","Interface":null}}
2025-08-15T22:13:41.627-0500	DEBUG	protocol/handler.go:1591	have processed broadcast	{"{round 20 3  <nil>}": {"Key":"from","Type":15,"Integer":0,"String":"c","Interface":null}}
2025-08-15T22:13:41.627-0500	DEBUG	protocol/handler.go:1649	have all messages and processed	{"{round 20 3  <nil>}": {"Key":"self","Type":15,"Integer":0,"String":"a","Interface":null}}
2025-08-15T22:13:41.627-0500	DEBUG	protocol/handler.go:596	round already finalized
2025-08-15T22:13:41.631-0500	DEBUG	protocol/handler.go:581	tryAdvanceRound called	{"{current_round 20 3  <nil>}": {"Key":"self","Type":15,"Integer":0,"String":"b","Interface":null}}
2025-08-15T22:13:41.631-0500	DEBUG	protocol/handler.go:581	tryAdvanceRound called	{"{current_round 20 3  <nil>}": {"Key":"self","Type":15,"Integer":0,"String":"c","Interface":null}}
2025-08-15T22:13:41.631-0500	DEBUG	protocol/handler.go:1591	have processed broadcast	{"{round 20 3  <nil>}": {"Key":"from","Type":15,"Integer":0,"String":"a","Interface":null}}
2025-08-15T22:13:41.631-0500	DEBUG	protocol/handler.go:1591	have processed broadcast	{"{round 20 3  <nil>}": {"Key":"from","Type":15,"Integer":0,"String":"a","Interface":null}}
2025-08-15T22:13:41.631-0500	DEBUG	protocol/handler.go:1591	have processed broadcast	{"{round 20 3  <nil>}": {"Key":"from","Type":15,"Integer":0,"String":"c","Interface":null}}
2025-08-15T22:13:41.631-0500	DEBUG	protocol/handler.go:1591	have processed broadcast	{"{round 20 3  <nil>}": {"Key":"from","Type":15,"Integer":0,"String":"b","Interface":null}}
2025-08-15T22:13:41.631-0500	DEBUG	protocol/handler.go:1649	have all messages and processed	{"{round 20 3  <nil>}": {"Key":"self","Type":15,"Integer":0,"String":"b","Interface":null}}
2025-08-15T22:13:41.631-0500	DEBUG	protocol/handler.go:596	round already finalized
2025-08-15T22:13:41.631-0500	DEBUG	protocol/handler.go:1649	have all messages and processed	{"{round 20 3  <nil>}": {"Key":"self","Type":15,"Integer":0,"String":"c","Interface":null}}
2025-08-15T22:13:41.631-0500	DEBUG	protocol/handler.go:596	round already finalized
2025-08-15T22:13:41.637-0500	DEBUG	protocol/handler.go:581	tryAdvanceRound called	{"{current_round 20 3  <nil>}": {"Key":"self","Type":15,"Integer":0,"String":"a","Interface":null}}
2025-08-15T22:13:41.637-0500	DEBUG	protocol/handler.go:1591	have processed broadcast	{"{round 20 3  <nil>}": {"Key":"from","Type":15,"Integer":0,"String":"b","Interface":null}}
2025-08-15T22:13:41.637-0500	DEBUG	protocol/handler.go:1591	have processed broadcast	{"{round 20 3  <nil>}": {"Key":"from","Type":15,"Integer":0,"String":"c","Interface":null}}
2025-08-15T22:13:41.637-0500	DEBUG	protocol/handler.go:1649	have all messages and processed	{"{round 20 3  <nil>}": {"Key":"self","Type":15,"Integer":0,"String":"a","Interface":null}}
2025-08-15T22:13:41.637-0500	DEBUG	protocol/handler.go:596	round already finalized
2025-08-15T22:13:41.641-0500	DEBUG	protocol/handler.go:581	tryAdvanceRound called	{"{current_round 20 3  <nil>}": {"Key":"self","Type":15,"Integer":0,"String":"b","Interface":null}}
2025-08-15T22:13:41.641-0500	DEBUG	protocol/handler.go:1591	have processed broadcast	{"{round 20 3  <nil>}": {"Key":"from","Type":15,"Integer":0,"String":"a","Interface":null}}
2025-08-15T22:13:41.641-0500	DEBUG	protocol/handler.go:1591	have processed broadcast	{"{round 20 3  <nil>}": {"Key":"from","Type":15,"Integer":0,"String":"c","Interface":null}}
2025-08-15T22:13:41.641-0500	DEBUG	protocol/handler.go:1649	have all messages and processed	{"{round 20 3  <nil>}": {"Key":"self","Type":15,"Integer":0,"String":"b","Interface":null}}
2025-08-15T22:13:41.641-0500	DEBUG	protocol/handler.go:596	round already finalized
2025-08-15T22:13:41.641-0500	DEBUG	protocol/handler.go:581	tryAdvanceRound called	{"{current_round 20 3  <nil>}": {"Key":"self","Type":15,"Integer":0,"String":"c","Interface":null}}
2025-08-15T22:13:41.641-0500	DEBUG	protocol/handler.go:1591	have processed broadcast	{"{round 20 3  <nil>}": {"Key":"from","Type":15,"Integer":0,"String":"a","Interface":null}}
2025-08-15T22:13:41.641-0500	DEBUG	protocol/handler.go:1591	have processed broadcast	{"{round 20 3  <nil>}": {"Key":"from","Type":15,"Integer":0,"String":"b","Interface":null}}
2025-08-15T22:13:41.641-0500	DEBUG	protocol/handler.go:1649	have all messages and processed	{"{round 20 3  <nil>}": {"Key":"self","Type":15,"Integer":0,"String":"c","Interface":null}}
2025-08-15T22:13:41.641-0500	DEBUG	protocol/handler.go:596	round already finalized
2025-08-15T22:13:41.646-0500	DEBUG	protocol/handler.go:581	tryAdvanceRound called	{"{current_round 20 3  <nil>}": {"Key":"self","Type":15,"Integer":0,"String":"a","Interface":null}}
2025-08-15T22:13:41.646-0500	DEBUG	protocol/handler.go:1591	have processed broadcast	{"{round 20 3  <nil>}": {"Key":"from","Type":15,"Integer":0,"String":"b","Interface":null}}
2025-08-15T22:13:41.647-0500	DEBUG	protocol/handler.go:1591	have processed broadcast	{"{round 20 3  <nil>}": {"Key":"from","Type":15,"Integer":0,"String":"c","Interface":null}}
2025-08-15T22:13:41.647-0500	DEBUG	protocol/handler.go:1649	have all messages and processed	{"{round 20 3  <nil>}": {"Key":"self","Type":15,"Integer":0,"String":"a","Interface":null}}
2025-08-15T22:13:41.647-0500	DEBUG	protocol/handler.go:596	round already finalized
2025-08-15T22:13:41.651-0500	DEBUG	protocol/handler.go:581	tryAdvanceRound called	{"{current_round 20 3  <nil>}": {"Key":"self","Type":15,"Integer":0,"String":"c","Interface":null}}
2025-08-15T22:13:41.651-0500	DEBUG	protocol/handler.go:581	tryAdvanceRound called	{"{current_round 20 3  <nil>}": {"Key":"self","Type":15,"Integer":0,"String":"b","Interface":null}}
2025-08-15T22:13:41.651-0500	DEBUG	protocol/handler.go:1591	have processed broadcast	{"{round 20 3  <nil>}": {"Key":"from","Type":15,"Integer":0,"String":"a","Interface":null}}
2025-08-15T22:13:41.651-0500	DEBUG	protocol/handler.go:1591	have processed broadcast	{"{round 20 3  <nil>}": {"Key":"from","Type":15,"Integer":0,"String":"a","Interface":null}}
2025-08-15T22:13:41.651-0500	DEBUG	protocol/handler.go:1591	have processed broadcast	{"{round 20 3  <nil>}": {"Key":"from","Type":15,"Integer":0,"String":"b","Interface":null}}
2025-08-15T22:13:41.651-0500	DEBUG	protocol/handler.go:1591	have processed broadcast	{"{round 20 3  <nil>}": {"Key":"from","Type":15,"Integer":0,"String":"c","Interface":null}}
2025-08-15T22:13:41.651-0500	DEBUG	protocol/handler.go:1649	have all messages and processed	{"{round 20 3  <nil>}": {"Key":"self","Type":15,"Integer":0,"String":"c","Interface":null}}
2025-08-15T22:13:41.651-0500	DEBUG	protocol/handler.go:596	round already finalized
2025-08-15T22:13:41.651-0500	DEBUG	protocol/handler.go:1649	have all messages and processed	{"{round 20 3  <nil>}": {"Key":"self","Type":15,"Integer":0,"String":"b","Interface":null}}
2025-08-15T22:13:41.651-0500	DEBUG	protocol/handler.go:596	round already finalized
2025-08-15T22:13:41.656-0500	DEBUG	protocol/handler.go:581	tryAdvanceRound called	{"{current_round 20 3  <nil>}": {"Key":"self","Type":15,"Integer":0,"String":"a","Interface":null}}
2025-08-15T22:13:41.656-0500	DEBUG	protocol/handler.go:1591	have processed broadcast	{"{round 20 3  <nil>}": {"Key":"from","Type":15,"Integer":0,"String":"b","Interface":null}}
2025-08-15T22:13:41.656-0500	DEBUG	protocol/handler.go:1591	have processed broadcast	{"{round 20 3  <nil>}": {"Key":"from","Type":15,"Integer":0,"String":"c","Interface":null}}
2025-08-15T22:13:41.657-0500	DEBUG	protocol/handler.go:1649	have all messages and processed	{"{round 20 3  <nil>}": {"Key":"self","Type":15,"Integer":0,"String":"a","Interface":null}}
2025-08-15T22:13:41.657-0500	DEBUG	protocol/handler.go:596	round already finalized
2025-08-15T22:13:41.661-0500	DEBUG	protocol/handler.go:581	tryAdvanceRound called	{"{current_round 20 3  <nil>}": {"Key":"self","Type":15,"Integer":0,"String":"c","Interface":null}}
2025-08-15T22:13:41.661-0500	DEBUG	protocol/handler.go:581	tryAdvanceRound called	{"{current_round 20 3  <nil>}": {"Key":"self","Type":15,"Integer":0,"String":"b","Interface":null}}
2025-08-15T22:13:41.661-0500	DEBUG	protocol/handler.go:1591	have processed broadcast	{"{round 20 3  <nil>}": {"Key":"from","Type":15,"Integer":0,"String":"a","Interface":null}}
2025-08-15T22:13:41.661-0500	DEBUG	protocol/handler.go:1591	have processed broadcast	{"{round 20 3  <nil>}": {"Key":"from","Type":15,"Integer":0,"String":"a","Interface":null}}
2025-08-15T22:13:41.661-0500	DEBUG	protocol/handler.go:1591	have processed broadcast	{"{round 20 3  <nil>}": {"Key":"from","Type":15,"Integer":0,"String":"b","Interface":null}}
2025-08-15T22:13:41.661-0500	DEBUG	protocol/handler.go:1591	have processed broadcast	{"{round 20 3  <nil>}": {"Key":"from","Type":15,"Integer":0,"String":"c","Interface":null}}
2025-08-15T22:13:41.661-0500	DEBUG	protocol/handler.go:1649	have all messages and processed	{"{round 20 3  <nil>}": {"Key":"self","Type":15,"Integer":0,"String":"c","Interface":null}}
2025-08-15T22:13:41.661-0500	DEBUG	protocol/handler.go:1649	have all messages and processed	{"{round 20 3  <nil>}": {"Key":"self","Type":15,"Integer":0,"String":"b","Interface":null}}
2025-08-15T22:13:41.661-0500	DEBUG	protocol/handler.go:596	round already finalized
2025-08-15T22:13:41.661-0500	DEBUG	protocol/handler.go:596	round already finalized
2025-08-15T22:13:41.667-0500	DEBUG	protocol/handler.go:581	tryAdvanceRound called	{"{current_round 20 3  <nil>}": {"Key":"self","Type":15,"Integer":0,"String":"a","Interface":null}}
2025-08-15T22:13:41.667-0500	DEBUG	protocol/handler.go:1591	have processed broadcast	{"{round 20 3  <nil>}": {"Key":"from","Type":15,"Integer":0,"String":"b","Interface":null}}
2025-08-15T22:13:41.667-0500	DEBUG	protocol/handler.go:1591	have processed broadcast	{"{round 20 3  <nil>}": {"Key":"from","Type":15,"Integer":0,"String":"c","Interface":null}}
2025-08-15T22:13:41.667-0500	DEBUG	protocol/handler.go:1649	have all messages and processed	{"{round 20 3  <nil>}": {"Key":"self","Type":15,"Integer":0,"String":"a","Interface":null}}
2025-08-15T22:13:41.667-0500	DEBUG	protocol/handler.go:596	round already finalized
2025-08-15T22:13:41.671-0500	DEBUG	protocol/handler.go:581	tryAdvanceRound called	{"{current_round 20 3  <nil>}": {"Key":"self","Type":15,"Integer":0,"String":"b","Interface":null}}
2025-08-15T22:13:41.671-0500	DEBUG	protocol/handler.go:581	tryAdvanceRound called	{"{current_round 20 3  <nil>}": {"Key":"self","Type":15,"Integer":0,"String":"c","Interface":null}}
2025-08-15T22:13:41.671-0500	DEBUG	protocol/handler.go:1591	have processed broadcast	{"{round 20 3  <nil>}": {"Key":"from","Type":15,"Integer":0,"String":"a","Interface":null}}
2025-08-15T22:13:41.671-0500	DEBUG	protocol/handler.go:1591	have processed broadcast	{"{round 20 3  <nil>}": {"Key":"from","Type":15,"Integer":0,"String":"a","Interface":null}}
2025-08-15T22:13:41.671-0500	DEBUG	protocol/handler.go:1591	have processed broadcast	{"{round 20 3  <nil>}": {"Key":"from","Type":15,"Integer":0,"String":"c","Interface":null}}
2025-08-15T22:13:41.671-0500	DEBUG	protocol/handler.go:1591	have processed broadcast	{"{round 20 3  <nil>}": {"Key":"from","Type":15,"Integer":0,"String":"b","Interface":null}}
2025-08-15T22:13:41.671-0500	DEBUG	protocol/handler.go:1649	have all messages and processed	{"{round 20 3  <nil>}": {"Key":"self","Type":15,"Integer":0,"String":"b","Interface":null}}
2025-08-15T22:13:41.671-0500	DEBUG	protocol/handler.go:1649	have all messages and processed	{"{round 20 3  <nil>}": {"Key":"self","Type":15,"Integer":0,"String":"c","Interface":null}}
2025-08-15T22:13:41.671-0500	DEBUG	protocol/handler.go:596	round already finalized
2025-08-15T22:13:41.671-0500	DEBUG	protocol/handler.go:596	round already finalized
2025-08-15T22:13:41.677-0500	DEBUG	protocol/handler.go:581	tryAdvanceRound called	{"{current_round 20 3  <nil>}": {"Key":"self","Type":15,"Integer":0,"String":"a","Interface":null}}
2025-08-15T22:13:41.677-0500	DEBUG	protocol/handler.go:1591	have processed broadcast	{"{round 20 3  <nil>}": {"Key":"from","Type":15,"Integer":0,"String":"b","Interface":null}}
2025-08-15T22:13:41.677-0500	DEBUG	protocol/handler.go:1591	have processed broadcast	{"{round 20 3  <nil>}": {"Key":"from","Type":15,"Integer":0,"String":"c","Interface":null}}
2025-08-15T22:13:41.677-0500	DEBUG	protocol/handler.go:1649	have all messages and processed	{"{round 20 3  <nil>}": {"Key":"self","Type":15,"Integer":0,"String":"a","Interface":null}}
2025-08-15T22:13:41.677-0500	DEBUG	protocol/handler.go:596	round already finalized
2025-08-15T22:13:41.680-0500	DEBUG	protocol/handler.go:581	tryAdvanceRound called	{"{current_round 20 3  <nil>}": {"Key":"self","Type":15,"Integer":0,"String":"b","Interface":null}}
2025-08-15T22:13:41.681-0500	DEBUG	protocol/handler.go:1591	have processed broadcast	{"{round 20 3  <nil>}": {"Key":"from","Type":15,"Integer":0,"String":"a","Interface":null}}
2025-08-15T22:13:41.681-0500	DEBUG	protocol/handler.go:1591	have processed broadcast	{"{round 20 3  <nil>}": {"Key":"from","Type":15,"Integer":0,"String":"c","Interface":null}}
2025-08-15T22:13:41.681-0500	DEBUG	protocol/handler.go:1649	have all messages and processed	{"{round 20 3  <nil>}": {"Key":"self","Type":15,"Integer":0,"String":"b","Interface":null}}
2025-08-15T22:13:41.681-0500	DEBUG	protocol/handler.go:596	round already finalized
2025-08-15T22:13:41.681-0500	DEBUG	protocol/handler.go:581	tryAdvanceRound called	{"{current_round 20 3  <nil>}": {"Key":"self","Type":15,"Integer":0,"String":"c","Interface":null}}
2025-08-15T22:13:41.681-0500	DEBUG	protocol/handler.go:1591	have processed broadcast	{"{round 20 3  <nil>}": {"Key":"from","Type":15,"Integer":0,"String":"a","Interface":null}}
2025-08-15T22:13:41.681-0500	DEBUG	protocol/handler.go:1591	have processed broadcast	{"{round 20 3  <nil>}": {"Key":"from","Type":15,"Integer":0,"String":"b","Interface":null}}
2025-08-15T22:13:41.681-0500	DEBUG	protocol/handler.go:1649	have all messages and processed	{"{round 20 3  <nil>}": {"Key":"self","Type":15,"Integer":0,"String":"c","Interface":null}}
2025-08-15T22:13:41.681-0500	DEBUG	protocol/handler.go:596	round already finalized
2025-08-15T22:13:41.687-0500	DEBUG	protocol/handler.go:581	tryAdvanceRound called	{"{current_round 20 3  <nil>}": {"Key":"self","Type":15,"Integer":0,"String":"a","Interface":null}}
2025-08-15T22:13:41.687-0500	DEBUG	protocol/handler.go:1591	have processed broadcast	{"{round 20 3  <nil>}": {"Key":"from","Type":15,"Integer":0,"String":"b","Interface":null}}
2025-08-15T22:13:41.687-0500	DEBUG	protocol/handler.go:1591	have processed broadcast	{"{round 20 3  <nil>}": {"Key":"from","Type":15,"Integer":0,"String":"c","Interface":null}}
2025-08-15T22:13:41.687-0500	DEBUG	protocol/handler.go:1649	have all messages and processed	{"{round 20 3  <nil>}": {"Key":"self","Type":15,"Integer":0,"String":"a","Interface":null}}
2025-08-15T22:13:41.687-0500	DEBUG	protocol/handler.go:596	round already finalized
2025-08-15T22:13:41.691-0500	DEBUG	protocol/handler.go:581	tryAdvanceRound called	{"{current_round 20 3  <nil>}": {"Key":"self","Type":15,"Integer":0,"String":"b","Interface":null}}
2025-08-15T22:13:41.691-0500	DEBUG	protocol/handler.go:581	tryAdvanceRound called	{"{current_round 20 3  <nil>}": {"Key":"self","Type":15,"Integer":0,"String":"c","Interface":null}}
2025-08-15T22:13:41.691-0500	DEBUG	protocol/handler.go:1591	have processed broadcast	{"{round 20 3  <nil>}": {"Key":"from","Type":15,"Integer":0,"String":"a","Interface":null}}
2025-08-15T22:13:41.691-0500	DEBUG	protocol/handler.go:1591	have processed broadcast	{"{round 20 3  <nil>}": {"Key":"from","Type":15,"Integer":0,"String":"a","Interface":null}}
2025-08-15T22:13:41.691-0500	DEBUG	protocol/handler.go:1591	have processed broadcast	{"{round 20 3  <nil>}": {"Key":"from","Type":15,"Integer":0,"String":"c","Interface":null}}
2025-08-15T22:13:41.691-0500	DEBUG	protocol/handler.go:1591	have processed broadcast	{"{round 20 3  <nil>}": {"Key":"from","Type":15,"Integer":0,"String":"b","Interface":null}}
2025-08-15T22:13:41.691-0500	DEBUG	protocol/handler.go:1649	have all messages and processed	{"{round 20 3  <nil>}": {"Key":"self","Type":15,"Integer":0,"String":"b","Interface":null}}
2025-08-15T22:13:41.691-0500	DEBUG	protocol/handler.go:1649	have all messages and processed	{"{round 20 3  <nil>}": {"Key":"self","Type":15,"Integer":0,"String":"c","Interface":null}}
2025-08-15T22:13:41.691-0500	DEBUG	protocol/handler.go:596	round already finalized
2025-08-15T22:13:41.691-0500	DEBUG	protocol/handler.go:596	round already finalized
2025-08-15T22:13:41.697-0500	DEBUG	protocol/handler.go:581	tryAdvanceRound called	{"{current_round 20 3  <nil>}": {"Key":"self","Type":15,"Integer":0,"String":"a","Interface":null}}
2025-08-15T22:13:41.697-0500	DEBUG	protocol/handler.go:1591	have processed broadcast	{"{round 20 3  <nil>}": {"Key":"from","Type":15,"Integer":0,"String":"b","Interface":null}}
2025-08-15T22:13:41.697-0500	DEBUG	protocol/handler.go:1591	have processed broadcast	{"{round 20 3  <nil>}": {"Key":"from","Type":15,"Integer":0,"String":"c","Interface":null}}
2025-08-15T22:13:41.697-0500	DEBUG	protocol/handler.go:1649	have all messages and processed	{"{round 20 3  <nil>}": {"Key":"self","Type":15,"Integer":0,"String":"a","Interface":null}}
2025-08-15T22:13:41.697-0500	DEBUG	protocol/handler.go:596	round already finalized
2025-08-15T22:13:41.701-0500	DEBUG	protocol/handler.go:581	tryAdvanceRound called	{"{current_round 20 3  <nil>}": {"Key":"self","Type":15,"Integer":0,"String":"b","Interface":null}}
2025-08-15T22:13:41.701-0500	DEBUG	protocol/handler.go:581	tryAdvanceRound called	{"{current_round 20 3  <nil>}": {"Key":"self","Type":15,"Integer":0,"String":"c","Interface":null}}
2025-08-15T22:13:41.701-0500	DEBUG	protocol/handler.go:1591	have processed broadcast	{"{round 20 3  <nil>}": {"Key":"from","Type":15,"Integer":0,"String":"a","Interface":null}}
2025-08-15T22:13:41.701-0500	DEBUG	protocol/handler.go:1591	have processed broadcast	{"{round 20 3  <nil>}": {"Key":"from","Type":15,"Integer":0,"String":"c","Interface":null}}
2025-08-15T22:13:41.701-0500	DEBUG	protocol/handler.go:1591	have processed broadcast	{"{round 20 3  <nil>}": {"Key":"from","Type":15,"Integer":0,"String":"a","Interface":null}}
2025-08-15T22:13:41.701-0500	DEBUG	protocol/handler.go:1649	have all messages and processed	{"{round 20 3  <nil>}": {"Key":"self","Type":15,"Integer":0,"String":"b","Interface":null}}
2025-08-15T22:13:41.701-0500	DEBUG	protocol/handler.go:1591	have processed broadcast	{"{round 20 3  <nil>}": {"Key":"from","Type":15,"Integer":0,"String":"b","Interface":null}}
2025-08-15T22:13:41.701-0500	DEBUG	protocol/handler.go:596	round already finalized
2025-08-15T22:13:41.701-0500	DEBUG	protocol/handler.go:1649	have all messages and processed	{"{round 20 3  <nil>}": {"Key":"self","Type":15,"Integer":0,"String":"c","Interface":null}}
2025-08-15T22:13:41.701-0500	DEBUG	protocol/handler.go:596	round already finalized
2025-08-15T22:13:41.707-0500	DEBUG	protocol/handler.go:581	tryAdvanceRound called	{"{current_round 20 3  <nil>}": {"Key":"self","Type":15,"Integer":0,"String":"a","Interface":null}}
2025-08-15T22:13:41.707-0500	DEBUG	protocol/handler.go:1591	have processed broadcast	{"{round 20 3  <nil>}": {"Key":"from","Type":15,"Integer":0,"String":"b","Interface":null}}
2025-08-15T22:13:41.707-0500	DEBUG	protocol/handler.go:1591	have processed broadcast	{"{round 20 3  <nil>}": {"Key":"from","Type":15,"Integer":0,"String":"c","Interface":null}}
2025-08-15T22:13:41.707-0500	DEBUG	protocol/handler.go:1649	have all messages and processed	{"{round 20 3  <nil>}": {"Key":"self","Type":15,"Integer":0,"String":"a","Interface":null}}
2025-08-15T22:13:41.707-0500	DEBUG	protocol/handler.go:596	round already finalized
2025-08-15T22:13:41.711-0500	DEBUG	protocol/handler.go:581	tryAdvanceRound called	{"{current_round 20 3  <nil>}": {"Key":"self","Type":15,"Integer":0,"String":"b","Interface":null}}
2025-08-15T22:13:41.711-0500	DEBUG	protocol/handler.go:1591	have processed broadcast	{"{round 20 3  <nil>}": {"Key":"from","Type":15,"Integer":0,"String":"a","Interface":null}}
2025-08-15T22:13:41.711-0500	DEBUG	protocol/handler.go:1591	have processed broadcast	{"{round 20 3  <nil>}": {"Key":"from","Type":15,"Integer":0,"String":"c","Interface":null}}
2025-08-15T22:13:41.711-0500	DEBUG	protocol/handler.go:1649	have all messages and processed	{"{round 20 3  <nil>}": {"Key":"self","Type":15,"Integer":0,"String":"b","Interface":null}}
2025-08-15T22:13:41.711-0500	DEBUG	protocol/handler.go:596	round already finalized
2025-08-15T22:13:41.711-0500	DEBUG	protocol/handler.go:581	tryAdvanceRound called	{"{current_round 20 3  <nil>}": {"Key":"self","Type":15,"Integer":0,"String":"c","Interface":null}}
2025-08-15T22:13:41.711-0500	DEBUG	protocol/handler.go:1591	have processed broadcast	{"{round 20 3  <nil>}": {"Key":"from","Type":15,"Integer":0,"String":"a","Interface":null}}
2025-08-15T22:13:41.711-0500	DEBUG	protocol/handler.go:1591	have processed broadcast	{"{round 20 3  <nil>}": {"Key":"from","Type":15,"Integer":0,"String":"b","Interface":null}}
2025-08-15T22:13:41.711-0500	DEBUG	protocol/handler.go:1649	have all messages and processed	{"{round 20 3  <nil>}": {"Key":"self","Type":15,"Integer":0,"String":"c","Interface":null}}
2025-08-15T22:13:41.711-0500	DEBUG	protocol/handler.go:596	round already finalized
2025-08-15T22:13:41.717-0500	DEBUG	protocol/handler.go:581	tryAdvanceRound called	{"{current_round 20 3  <nil>}": {"Key":"self","Type":15,"Integer":0,"String":"a","Interface":null}}
2025-08-15T22:13:41.717-0500	DEBUG	protocol/handler.go:1591	have processed broadcast	{"{round 20 3  <nil>}": {"Key":"from","Type":15,"Integer":0,"String":"b","Interface":null}}
2025-08-15T22:13:41.717-0500	DEBUG	protocol/handler.go:1591	have processed broadcast	{"{round 20 3  <nil>}": {"Key":"from","Type":15,"Integer":0,"String":"c","Interface":null}}
2025-08-15T22:13:41.717-0500	DEBUG	protocol/handler.go:1649	have all messages and processed	{"{round 20 3  <nil>}": {"Key":"self","Type":15,"Integer":0,"String":"a","Interface":null}}
2025-08-15T22:13:41.717-0500	DEBUG	protocol/handler.go:596	round already finalized
2025-08-15T22:13:41.721-0500	DEBUG	protocol/handler.go:581	tryAdvanceRound called	{"{current_round 20 3  <nil>}": {"Key":"self","Type":15,"Integer":0,"String":"b","Interface":null}}
2025-08-15T22:13:41.721-0500	DEBUG	protocol/handler.go:1591	have processed broadcast	{"{round 20 3  <nil>}": {"Key":"from","Type":15,"Integer":0,"String":"a","Interface":null}}
2025-08-15T22:13:41.721-0500	DEBUG	protocol/handler.go:581	tryAdvanceRound called	{"{current_round 20 3  <nil>}": {"Key":"self","Type":15,"Integer":0,"String":"c","Interface":null}}
2025-08-15T22:13:41.721-0500	DEBUG	protocol/handler.go:1591	have processed broadcast	{"{round 20 3  <nil>}": {"Key":"from","Type":15,"Integer":0,"String":"c","Interface":null}}
2025-08-15T22:13:41.721-0500	DEBUG	protocol/handler.go:1649	have all messages and processed	{"{round 20 3  <nil>}": {"Key":"self","Type":15,"Integer":0,"String":"b","Interface":null}}
2025-08-15T22:13:41.721-0500	DEBUG	protocol/handler.go:1591	have processed broadcast	{"{round 20 3  <nil>}": {"Key":"from","Type":15,"Integer":0,"String":"a","Interface":null}}
2025-08-15T22:13:41.721-0500	DEBUG	protocol/handler.go:596	round already finalized
2025-08-15T22:13:41.721-0500	DEBUG	protocol/handler.go:1591	have processed broadcast	{"{round 20 3  <nil>}": {"Key":"from","Type":15,"Integer":0,"String":"b","Interface":null}}
2025-08-15T22:13:41.721-0500	DEBUG	protocol/handler.go:1649	have all messages and processed	{"{round 20 3  <nil>}": {"Key":"self","Type":15,"Integer":0,"String":"c","Interface":null}}
2025-08-15T22:13:41.721-0500	DEBUG	protocol/handler.go:596	round already finalized
2025-08-15T22:13:41.727-0500	DEBUG	protocol/handler.go:581	tryAdvanceRound called	{"{current_round 20 3  <nil>}": {"Key":"self","Type":15,"Integer":0,"String":"a","Interface":null}}
2025-08-15T22:13:41.727-0500	DEBUG	protocol/handler.go:1591	have processed broadcast	{"{round 20 3  <nil>}": {"Key":"from","Type":15,"Integer":0,"String":"b","Interface":null}}
2025-08-15T22:13:41.727-0500	DEBUG	protocol/handler.go:1591	have processed broadcast	{"{round 20 3  <nil>}": {"Key":"from","Type":15,"Integer":0,"String":"c","Interface":null}}
2025-08-15T22:13:41.727-0500	DEBUG	protocol/handler.go:1649	have all messages and processed	{"{round 20 3  <nil>}": {"Key":"self","Type":15,"Integer":0,"String":"a","Interface":null}}
2025-08-15T22:13:41.727-0500	DEBUG	protocol/handler.go:596	round already finalized
2025-08-15T22:13:41.731-0500	DEBUG	protocol/handler.go:581	tryAdvanceRound called	{"{current_round 20 3  <nil>}": {"Key":"self","Type":15,"Integer":0,"String":"b","Interface":null}}
2025-08-15T22:13:41.731-0500	DEBUG	protocol/handler.go:581	tryAdvanceRound called	{"{current_round 20 3  <nil>}": {"Key":"self","Type":15,"Integer":0,"String":"c","Interface":null}}
2025-08-15T22:13:41.731-0500	DEBUG	protocol/handler.go:1591	have processed broadcast	{"{round 20 3  <nil>}": {"Key":"from","Type":15,"Integer":0,"String":"a","Interface":null}}
2025-08-15T22:13:41.731-0500	DEBUG	protocol/handler.go:1591	have processed broadcast	{"{round 20 3  <nil>}": {"Key":"from","Type":15,"Integer":0,"String":"a","Interface":null}}
2025-08-15T22:13:41.731-0500	DEBUG	protocol/handler.go:1591	have processed broadcast	{"{round 20 3  <nil>}": {"Key":"from","Type":15,"Integer":0,"String":"c","Interface":null}}
2025-08-15T22:13:41.731-0500	DEBUG	protocol/handler.go:1649	have all messages and processed	{"{round 20 3  <nil>}": {"Key":"self","Type":15,"Integer":0,"String":"b","Interface":null}}
2025-08-15T22:13:41.731-0500	DEBUG	protocol/handler.go:596	round already finalized
2025-08-15T22:13:41.731-0500	DEBUG	protocol/handler.go:1591	have processed broadcast	{"{round 20 3  <nil>}": {"Key":"from","Type":15,"Integer":0,"String":"b","Interface":null}}
2025-08-15T22:13:41.732-0500	DEBUG	protocol/handler.go:1649	have all messages and processed	{"{round 20 3  <nil>}": {"Key":"self","Type":15,"Integer":0,"String":"c","Interface":null}}
2025-08-15T22:13:41.732-0500	DEBUG	protocol/handler.go:596	round already finalized
2025-08-15T22:13:41.737-0500	DEBUG	protocol/handler.go:581	tryAdvanceRound called	{"{current_round 20 3  <nil>}": {"Key":"self","Type":15,"Integer":0,"String":"a","Interface":null}}
2025-08-15T22:13:41.737-0500	DEBUG	protocol/handler.go:1591	have processed broadcast	{"{round 20 3  <nil>}": {"Key":"from","Type":15,"Integer":0,"String":"b","Interface":null}}
2025-08-15T22:13:41.737-0500	DEBUG	protocol/handler.go:1591	have processed broadcast	{"{round 20 3  <nil>}": {"Key":"from","Type":15,"Integer":0,"String":"c","Interface":null}}
2025-08-15T22:13:41.737-0500	DEBUG	protocol/handler.go:1649	have all messages and processed	{"{round 20 3  <nil>}": {"Key":"self","Type":15,"Integer":0,"String":"a","Interface":null}}
2025-08-15T22:13:41.737-0500	DEBUG	protocol/handler.go:596	round already finalized
2025-08-15T22:13:41.741-0500	DEBUG	protocol/handler.go:581	tryAdvanceRound called	{"{current_round 20 3  <nil>}": {"Key":"self","Type":15,"Integer":0,"String":"c","Interface":null}}
2025-08-15T22:13:41.741-0500	DEBUG	protocol/handler.go:581	tryAdvanceRound called	{"{current_round 20 3  <nil>}": {"Key":"self","Type":15,"Integer":0,"String":"b","Interface":null}}
2025-08-15T22:13:41.741-0500	DEBUG	protocol/handler.go:1591	have processed broadcast	{"{round 20 3  <nil>}": {"Key":"from","Type":15,"Integer":0,"String":"a","Interface":null}}
2025-08-15T22:13:41.741-0500	DEBUG	protocol/handler.go:1591	have processed broadcast	{"{round 20 3  <nil>}": {"Key":"from","Type":15,"Integer":0,"String":"a","Interface":null}}
2025-08-15T22:13:41.741-0500	DEBUG	protocol/handler.go:1591	have processed broadcast	{"{round 20 3  <nil>}": {"Key":"from","Type":15,"Integer":0,"String":"b","Interface":null}}
2025-08-15T22:13:41.741-0500	DEBUG	protocol/handler.go:1591	have processed broadcast	{"{round 20 3  <nil>}": {"Key":"from","Type":15,"Integer":0,"String":"c","Interface":null}}
2025-08-15T22:13:41.741-0500	DEBUG	protocol/handler.go:1649	have all messages and processed	{"{round 20 3  <nil>}": {"Key":"self","Type":15,"Integer":0,"String":"c","Interface":null}}
2025-08-15T22:13:41.741-0500	DEBUG	protocol/handler.go:1649	have all messages and processed	{"{round 20 3  <nil>}": {"Key":"self","Type":15,"Integer":0,"String":"b","Interface":null}}
2025-08-15T22:13:41.741-0500	DEBUG	protocol/handler.go:596	round already finalized
2025-08-15T22:13:41.741-0500	DEBUG	protocol/handler.go:596	round already finalized
2025-08-15T22:13:41.747-0500	DEBUG	protocol/handler.go:581	tryAdvanceRound called	{"{current_round 20 3  <nil>}": {"Key":"self","Type":15,"Integer":0,"String":"a","Interface":null}}
2025-08-15T22:13:41.747-0500	DEBUG	protocol/handler.go:1591	have processed broadcast	{"{round 20 3  <nil>}": {"Key":"from","Type":15,"Integer":0,"String":"b","Interface":null}}
2025-08-15T22:13:41.747-0500	DEBUG	protocol/handler.go:1591	have processed broadcast	{"{round 20 3  <nil>}": {"Key":"from","Type":15,"Integer":0,"String":"c","Interface":null}}
2025-08-15T22:13:41.747-0500	DEBUG	protocol/handler.go:1649	have all messages and processed	{"{round 20 3  <nil>}": {"Key":"self","Type":15,"Integer":0,"String":"a","Interface":null}}
2025-08-15T22:13:41.747-0500	DEBUG	protocol/handler.go:596	round already finalized
2025-08-15T22:13:41.751-0500	DEBUG	protocol/handler.go:581	tryAdvanceRound called	{"{current_round 20 3  <nil>}": {"Key":"self","Type":15,"Integer":0,"String":"b","Interface":null}}
2025-08-15T22:13:41.751-0500	DEBUG	protocol/handler.go:581	tryAdvanceRound called	{"{current_round 20 3  <nil>}": {"Key":"self","Type":15,"Integer":0,"String":"c","Interface":null}}
2025-08-15T22:13:41.751-0500	DEBUG	protocol/handler.go:1591	have processed broadcast	{"{round 20 3  <nil>}": {"Key":"from","Type":15,"Integer":0,"String":"a","Interface":null}}
2025-08-15T22:13:41.751-0500	DEBUG	protocol/handler.go:1591	have processed broadcast	{"{round 20 3  <nil>}": {"Key":"from","Type":15,"Integer":0,"String":"a","Interface":null}}
2025-08-15T22:13:41.751-0500	DEBUG	protocol/handler.go:1591	have processed broadcast	{"{round 20 3  <nil>}": {"Key":"from","Type":15,"Integer":0,"String":"c","Interface":null}}
2025-08-15T22:13:41.751-0500	DEBUG	protocol/handler.go:1591	have processed broadcast	{"{round 20 3  <nil>}": {"Key":"from","Type":15,"Integer":0,"String":"b","Interface":null}}
2025-08-15T22:13:41.751-0500	DEBUG	protocol/handler.go:1649	have all messages and processed	{"{round 20 3  <nil>}": {"Key":"self","Type":15,"Integer":0,"String":"b","Interface":null}}
2025-08-15T22:13:41.751-0500	DEBUG	protocol/handler.go:596	round already finalized
2025-08-15T22:13:41.751-0500	DEBUG	protocol/handler.go:1649	have all messages and processed	{"{round 20 3  <nil>}": {"Key":"self","Type":15,"Integer":0,"String":"c","Interface":null}}
2025-08-15T22:13:41.751-0500	DEBUG	protocol/handler.go:596	round already finalized
2025-08-15T22:13:41.757-0500	DEBUG	protocol/handler.go:581	tryAdvanceRound called	{"{current_round 20 3  <nil>}": {"Key":"self","Type":15,"Integer":0,"String":"a","Interface":null}}
2025-08-15T22:13:41.757-0500	DEBUG	protocol/handler.go:1591	have processed broadcast	{"{round 20 3  <nil>}": {"Key":"from","Type":15,"Integer":0,"String":"b","Interface":null}}
2025-08-15T22:13:41.757-0500	DEBUG	protocol/handler.go:1591	have processed broadcast	{"{round 20 3  <nil>}": {"Key":"from","Type":15,"Integer":0,"String":"c","Interface":null}}
2025-08-15T22:13:41.757-0500	DEBUG	protocol/handler.go:1649	have all messages and processed	{"{round 20 3  <nil>}": {"Key":"self","Type":15,"Integer":0,"String":"a","Interface":null}}
2025-08-15T22:13:41.757-0500	DEBUG	protocol/handler.go:596	round already finalized
2025-08-15T22:13:41.761-0500	DEBUG	protocol/handler.go:581	tryAdvanceRound called	{"{current_round 20 3  <nil>}": {"Key":"self","Type":15,"Integer":0,"String":"b","Interface":null}}
2025-08-15T22:13:41.761-0500	DEBUG	protocol/handler.go:581	tryAdvanceRound called	{"{current_round 20 3  <nil>}": {"Key":"self","Type":15,"Integer":0,"String":"c","Interface":null}}
2025-08-15T22:13:41.761-0500	DEBUG	protocol/handler.go:1591	have processed broadcast	{"{round 20 3  <nil>}": {"Key":"from","Type":15,"Integer":0,"String":"a","Interface":null}}
2025-08-15T22:13:41.761-0500	DEBUG	protocol/handler.go:1591	have processed broadcast	{"{round 20 3  <nil>}": {"Key":"from","Type":15,"Integer":0,"String":"a","Interface":null}}
2025-08-15T22:13:41.761-0500	DEBUG	protocol/handler.go:1591	have processed broadcast	{"{round 20 3  <nil>}": {"Key":"from","Type":15,"Integer":0,"String":"b","Interface":null}}
2025-08-15T22:13:41.761-0500	DEBUG	protocol/handler.go:1591	have processed broadcast	{"{round 20 3  <nil>}": {"Key":"from","Type":15,"Integer":0,"String":"c","Interface":null}}
2025-08-15T22:13:41.761-0500	DEBUG	protocol/handler.go:1649	have all messages and processed	{"{round 20 3  <nil>}": {"Key":"self","Type":15,"Integer":0,"String":"c","Interface":null}}
2025-08-15T22:13:41.761-0500	DEBUG	protocol/handler.go:1649	have all messages and processed	{"{round 20 3  <nil>}": {"Key":"self","Type":15,"Integer":0,"String":"b","Interface":null}}
2025-08-15T22:13:41.761-0500	DEBUG	protocol/handler.go:596	round already finalized
2025-08-15T22:13:41.761-0500	DEBUG	protocol/handler.go:596	round already finalized
2025-08-15T22:13:41.767-0500	DEBUG	protocol/handler.go:581	tryAdvanceRound called	{"{current_round 20 3  <nil>}": {"Key":"self","Type":15,"Integer":0,"String":"a","Interface":null}}
2025-08-15T22:13:41.767-0500	DEBUG	protocol/handler.go:1591	have processed broadcast	{"{round 20 3  <nil>}": {"Key":"from","Type":15,"Integer":0,"String":"b","Interface":null}}
2025-08-15T22:13:41.767-0500	DEBUG	protocol/handler.go:1591	have processed broadcast	{"{round 20 3  <nil>}": {"Key":"from","Type":15,"Integer":0,"String":"c","Interface":null}}
2025-08-15T22:13:41.767-0500	DEBUG	protocol/handler.go:1649	have all messages and processed	{"{round 20 3  <nil>}": {"Key":"self","Type":15,"Integer":0,"String":"a","Interface":null}}
2025-08-15T22:13:41.767-0500	DEBUG	protocol/handler.go:596	round already finalized
2025-08-15T22:13:41.771-0500	DEBUG	protocol/handler.go:581	tryAdvanceRound called	{"{current_round 20 3  <nil>}": {"Key":"self","Type":15,"Integer":0,"String":"b","Interface":null}}
2025-08-15T22:13:41.771-0500	DEBUG	protocol/handler.go:581	tryAdvanceRound called	{"{current_round 20 3  <nil>}": {"Key":"self","Type":15,"Integer":0,"String":"c","Interface":null}}
2025-08-15T22:13:41.771-0500	DEBUG	protocol/handler.go:1591	have processed broadcast	{"{round 20 3  <nil>}": {"Key":"from","Type":15,"Integer":0,"String":"a","Interface":null}}
2025-08-15T22:13:41.771-0500	DEBUG	protocol/handler.go:1591	have processed broadcast	{"{round 20 3  <nil>}": {"Key":"from","Type":15,"Integer":0,"String":"b","Interface":null}}
2025-08-15T22:13:41.771-0500	DEBUG	protocol/handler.go:1591	have processed broadcast	{"{round 20 3  <nil>}": {"Key":"from","Type":15,"Integer":0,"String":"a","Interface":null}}
2025-08-15T22:13:41.771-0500	DEBUG	protocol/handler.go:1649	have all messages and processed	{"{round 20 3  <nil>}": {"Key":"self","Type":15,"Integer":0,"String":"c","Interface":null}}
2025-08-15T22:13:41.771-0500	DEBUG	protocol/handler.go:596	round already finalized
2025-08-15T22:13:41.771-0500	DEBUG	protocol/handler.go:1591	have processed broadcast	{"{round 20 3  <nil>}": {"Key":"from","Type":15,"Integer":0,"String":"c","Interface":null}}
2025-08-15T22:13:41.771-0500	DEBUG	protocol/handler.go:1649	have all messages and processed	{"{round 20 3  <nil>}": {"Key":"self","Type":15,"Integer":0,"String":"b","Interface":null}}
2025-08-15T22:13:41.771-0500	DEBUG	protocol/handler.go:596	round already finalized
2025-08-15T22:13:41.776-0500	DEBUG	protocol/handler.go:581	tryAdvanceRound called	{"{current_round 20 3  <nil>}": {"Key":"self","Type":15,"Integer":0,"String":"a","Interface":null}}
2025-08-15T22:13:41.777-0500	DEBUG	protocol/handler.go:1591	have processed broadcast	{"{round 20 3  <nil>}": {"Key":"from","Type":15,"Integer":0,"String":"b","Interface":null}}
2025-08-15T22:13:41.777-0500	DEBUG	protocol/handler.go:1591	have processed broadcast	{"{round 20 3  <nil>}": {"Key":"from","Type":15,"Integer":0,"String":"c","Interface":null}}
2025-08-15T22:13:41.777-0500	DEBUG	protocol/handler.go:1649	have all messages and processed	{"{round 20 3  <nil>}": {"Key":"self","Type":15,"Integer":0,"String":"a","Interface":null}}
2025-08-15T22:13:41.777-0500	DEBUG	protocol/handler.go:596	round already finalized
2025-08-15T22:13:41.781-0500	DEBUG	protocol/handler.go:581	tryAdvanceRound called	{"{current_round 20 3  <nil>}": {"Key":"self","Type":15,"Integer":0,"String":"b","Interface":null}}
2025-08-15T22:13:41.781-0500	DEBUG	protocol/handler.go:581	tryAdvanceRound called	{"{current_round 20 3  <nil>}": {"Key":"self","Type":15,"Integer":0,"String":"c","Interface":null}}
2025-08-15T22:13:41.781-0500	DEBUG	protocol/handler.go:1591	have processed broadcast	{"{round 20 3  <nil>}": {"Key":"from","Type":15,"Integer":0,"String":"a","Interface":null}}
2025-08-15T22:13:41.781-0500	DEBUG	protocol/handler.go:1591	have processed broadcast	{"{round 20 3  <nil>}": {"Key":"from","Type":15,"Integer":0,"String":"c","Interface":null}}
2025-08-15T22:13:41.781-0500	DEBUG	protocol/handler.go:1591	have processed broadcast	{"{round 20 3  <nil>}": {"Key":"from","Type":15,"Integer":0,"String":"a","Interface":null}}
2025-08-15T22:13:41.781-0500	DEBUG	protocol/handler.go:1649	have all messages and processed	{"{round 20 3  <nil>}": {"Key":"self","Type":15,"Integer":0,"String":"b","Interface":null}}
2025-08-15T22:13:41.781-0500	DEBUG	protocol/handler.go:1591	have processed broadcast	{"{round 20 3  <nil>}": {"Key":"from","Type":15,"Integer":0,"String":"b","Interface":null}}
2025-08-15T22:13:41.781-0500	DEBUG	protocol/handler.go:596	round already finalized
2025-08-15T22:13:41.781-0500	DEBUG	protocol/handler.go:1649	have all messages and processed	{"{round 20 3  <nil>}": {"Key":"self","Type":15,"Integer":0,"String":"c","Interface":null}}
2025-08-15T22:13:41.781-0500	DEBUG	protocol/handler.go:596	round already finalized
2025-08-15T22:13:41.787-0500	DEBUG	protocol/handler.go:581	tryAdvanceRound called	{"{current_round 20 3  <nil>}": {"Key":"self","Type":15,"Integer":0,"String":"a","Interface":null}}
2025-08-15T22:13:41.787-0500	DEBUG	protocol/handler.go:1591	have processed broadcast	{"{round 20 3  <nil>}": {"Key":"from","Type":15,"Integer":0,"String":"b","Interface":null}}
2025-08-15T22:13:41.787-0500	DEBUG	protocol/handler.go:1591	have processed broadcast	{"{round 20 3  <nil>}": {"Key":"from","Type":15,"Integer":0,"String":"c","Interface":null}}
2025-08-15T22:13:41.787-0500	DEBUG	protocol/handler.go:1649	have all messages and processed	{"{round 20 3  <nil>}": {"Key":"self","Type":15,"Integer":0,"String":"a","Interface":null}}
2025-08-15T22:13:41.787-0500	DEBUG	protocol/handler.go:596	round already finalized
2025-08-15T22:13:41.791-0500	DEBUG	protocol/handler.go:581	tryAdvanceRound called	{"{current_round 20 3  <nil>}": {"Key":"self","Type":15,"Integer":0,"String":"b","Interface":null}}
2025-08-15T22:13:41.791-0500	DEBUG	protocol/handler.go:581	tryAdvanceRound called	{"{current_round 20 3  <nil>}": {"Key":"self","Type":15,"Integer":0,"String":"c","Interface":null}}
2025-08-15T22:13:41.791-0500	DEBUG	protocol/handler.go:1591	have processed broadcast	{"{round 20 3  <nil>}": {"Key":"from","Type":15,"Integer":0,"String":"a","Interface":null}}
2025-08-15T22:13:41.791-0500	DEBUG	protocol/handler.go:1591	have processed broadcast	{"{round 20 3  <nil>}": {"Key":"from","Type":15,"Integer":0,"String":"c","Interface":null}}
2025-08-15T22:13:41.791-0500	DEBUG	protocol/handler.go:1591	have processed broadcast	{"{round 20 3  <nil>}": {"Key":"from","Type":15,"Integer":0,"String":"a","Interface":null}}
2025-08-15T22:13:41.791-0500	DEBUG	protocol/handler.go:1649	have all messages and processed	{"{round 20 3  <nil>}": {"Key":"self","Type":15,"Integer":0,"String":"b","Interface":null}}
2025-08-15T22:13:41.791-0500	DEBUG	protocol/handler.go:1591	have processed broadcast	{"{round 20 3  <nil>}": {"Key":"from","Type":15,"Integer":0,"String":"b","Interface":null}}
2025-08-15T22:13:41.791-0500	DEBUG	protocol/handler.go:596	round already finalized
2025-08-15T22:13:41.791-0500	DEBUG	protocol/handler.go:1649	have all messages and processed	{"{round 20 3  <nil>}": {"Key":"self","Type":15,"Integer":0,"String":"c","Interface":null}}
2025-08-15T22:13:41.791-0500	DEBUG	protocol/handler.go:596	round already finalized
2025-08-15T22:13:41.797-0500	DEBUG	protocol/handler.go:581	tryAdvanceRound called	{"{current_round 20 3  <nil>}": {"Key":"self","Type":15,"Integer":0,"String":"a","Interface":null}}
2025-08-15T22:13:41.797-0500	DEBUG	protocol/handler.go:1591	have processed broadcast	{"{round 20 3  <nil>}": {"Key":"from","Type":15,"Integer":0,"String":"b","Interface":null}}
2025-08-15T22:13:41.797-0500	DEBUG	protocol/handler.go:1591	have processed broadcast	{"{round 20 3  <nil>}": {"Key":"from","Type":15,"Integer":0,"String":"c","Interface":null}}
2025-08-15T22:13:41.797-0500	DEBUG	protocol/handler.go:1649	have all messages and processed	{"{round 20 3  <nil>}": {"Key":"self","Type":15,"Integer":0,"String":"a","Interface":null}}
2025-08-15T22:13:41.797-0500	DEBUG	protocol/handler.go:596	round already finalized
2025-08-15T22:13:41.801-0500	DEBUG	protocol/handler.go:581	tryAdvanceRound called	{"{current_round 20 3  <nil>}": {"Key":"self","Type":15,"Integer":0,"String":"b","Interface":null}}
2025-08-15T22:13:41.801-0500	DEBUG	protocol/handler.go:581	tryAdvanceRound called	{"{current_round 20 3  <nil>}": {"Key":"self","Type":15,"Integer":0,"String":"c","Interface":null}}
2025-08-15T22:13:41.801-0500	DEBUG	protocol/handler.go:1591	have processed broadcast	{"{round 20 3  <nil>}": {"Key":"from","Type":15,"Integer":0,"String":"a","Interface":null}}
2025-08-15T22:13:41.801-0500	DEBUG	protocol/handler.go:1591	have processed broadcast	{"{round 20 3  <nil>}": {"Key":"from","Type":15,"Integer":0,"String":"a","Interface":null}}
2025-08-15T22:13:41.801-0500	DEBUG	protocol/handler.go:1591	have processed broadcast	{"{round 20 3  <nil>}": {"Key":"from","Type":15,"Integer":0,"String":"c","Interface":null}}
2025-08-15T22:13:41.801-0500	DEBUG	protocol/handler.go:1591	have processed broadcast	{"{round 20 3  <nil>}": {"Key":"from","Type":15,"Integer":0,"String":"b","Interface":null}}
2025-08-15T22:13:41.801-0500	DEBUG	protocol/handler.go:1649	have all messages and processed	{"{round 20 3  <nil>}": {"Key":"self","Type":15,"Integer":0,"String":"c","Interface":null}}
2025-08-15T22:13:41.801-0500	DEBUG	protocol/handler.go:1649	have all messages and processed	{"{round 20 3  <nil>}": {"Key":"self","Type":15,"Integer":0,"String":"b","Interface":null}}
2025-08-15T22:13:41.801-0500	DEBUG	protocol/handler.go:596	round already finalized
2025-08-15T22:13:41.801-0500	DEBUG	protocol/handler.go:596	round already finalized
2025-08-15T22:13:41.807-0500	DEBUG	protocol/handler.go:581	tryAdvanceRound called	{"{current_round 20 3  <nil>}": {"Key":"self","Type":15,"Integer":0,"String":"a","Interface":null}}
2025-08-15T22:13:41.807-0500	DEBUG	protocol/handler.go:1591	have processed broadcast	{"{round 20 3  <nil>}": {"Key":"from","Type":15,"Integer":0,"String":"b","Interface":null}}
2025-08-15T22:13:41.807-0500	DEBUG	protocol/handler.go:1591	have processed broadcast	{"{round 20 3  <nil>}": {"Key":"from","Type":15,"Integer":0,"String":"c","Interface":null}}
2025-08-15T22:13:41.807-0500	DEBUG	protocol/handler.go:1649	have all messages and processed	{"{round 20 3  <nil>}": {"Key":"self","Type":15,"Integer":0,"String":"a","Interface":null}}
2025-08-15T22:13:41.807-0500	DEBUG	protocol/handler.go:596	round already finalized
2025-08-15T22:13:41.811-0500	DEBUG	protocol/handler.go:581	tryAdvanceRound called	{"{current_round 20 3  <nil>}": {"Key":"self","Type":15,"Integer":0,"String":"b","Interface":null}}
2025-08-15T22:13:41.811-0500	DEBUG	protocol/handler.go:1591	have processed broadcast	{"{round 20 3  <nil>}": {"Key":"from","Type":15,"Integer":0,"String":"a","Interface":null}}
2025-08-15T22:13:41.811-0500	DEBUG	protocol/handler.go:1591	have processed broadcast	{"{round 20 3  <nil>}": {"Key":"from","Type":15,"Integer":0,"String":"c","Interface":null}}
2025-08-15T22:13:41.811-0500	DEBUG	protocol/handler.go:1649	have all messages and processed	{"{round 20 3  <nil>}": {"Key":"self","Type":15,"Integer":0,"String":"b","Interface":null}}
2025-08-15T22:13:41.811-0500	DEBUG	protocol/handler.go:581	tryAdvanceRound called	{"{current_round 20 3  <nil>}": {"Key":"self","Type":15,"Integer":0,"String":"c","Interface":null}}
2025-08-15T22:13:41.811-0500	DEBUG	protocol/handler.go:596	round already finalized
2025-08-15T22:13:41.811-0500	DEBUG	protocol/handler.go:1591	have processed broadcast	{"{round 20 3  <nil>}": {"Key":"from","Type":15,"Integer":0,"String":"a","Interface":null}}
2025-08-15T22:13:41.811-0500	DEBUG	protocol/handler.go:1591	have processed broadcast	{"{round 20 3  <nil>}": {"Key":"from","Type":15,"Integer":0,"String":"b","Interface":null}}
2025-08-15T22:13:41.811-0500	DEBUG	protocol/handler.go:1649	have all messages and processed	{"{round 20 3  <nil>}": {"Key":"self","Type":15,"Integer":0,"String":"c","Interface":null}}
2025-08-15T22:13:41.811-0500	DEBUG	protocol/handler.go:596	round already finalized
2025-08-15T22:13:41.817-0500	DEBUG	protocol/handler.go:581	tryAdvanceRound called	{"{current_round 20 3  <nil>}": {"Key":"self","Type":15,"Integer":0,"String":"a","Interface":null}}
2025-08-15T22:13:41.817-0500	DEBUG	protocol/handler.go:1591	have processed broadcast	{"{round 20 3  <nil>}": {"Key":"from","Type":15,"Integer":0,"String":"b","Interface":null}}
2025-08-15T22:13:41.817-0500	DEBUG	protocol/handler.go:1591	have processed broadcast	{"{round 20 3  <nil>}": {"Key":"from","Type":15,"Integer":0,"String":"c","Interface":null}}
2025-08-15T22:13:41.817-0500	DEBUG	protocol/handler.go:1649	have all messages and processed	{"{round 20 3  <nil>}": {"Key":"self","Type":15,"Integer":0,"String":"a","Interface":null}}
2025-08-15T22:13:41.817-0500	DEBUG	protocol/handler.go:596	round already finalized
2025-08-15T22:13:41.821-0500	DEBUG	protocol/handler.go:581	tryAdvanceRound called	{"{current_round 20 3  <nil>}": {"Key":"self","Type":15,"Integer":0,"String":"b","Interface":null}}
2025-08-15T22:13:41.821-0500	DEBUG	protocol/handler.go:581	tryAdvanceRound called	{"{current_round 20 3  <nil>}": {"Key":"self","Type":15,"Integer":0,"String":"c","Interface":null}}
2025-08-15T22:13:41.821-0500	DEBUG	protocol/handler.go:1591	have processed broadcast	{"{round 20 3  <nil>}": {"Key":"from","Type":15,"Integer":0,"String":"a","Interface":null}}
2025-08-15T22:13:41.821-0500	DEBUG	protocol/handler.go:1591	have processed broadcast	{"{round 20 3  <nil>}": {"Key":"from","Type":15,"Integer":0,"String":"a","Interface":null}}
2025-08-15T22:13:41.821-0500	DEBUG	protocol/handler.go:1591	have processed broadcast	{"{round 20 3  <nil>}": {"Key":"from","Type":15,"Integer":0,"String":"c","Interface":null}}
2025-08-15T22:13:41.821-0500	DEBUG	protocol/handler.go:1591	have processed broadcast	{"{round 20 3  <nil>}": {"Key":"from","Type":15,"Integer":0,"String":"b","Interface":null}}
2025-08-15T22:13:41.821-0500	DEBUG	protocol/handler.go:1649	have all messages and processed	{"{round 20 3  <nil>}": {"Key":"self","Type":15,"Integer":0,"String":"b","Interface":null}}
2025-08-15T22:13:41.821-0500	DEBUG	protocol/handler.go:1649	have all messages and processed	{"{round 20 3  <nil>}": {"Key":"self","Type":15,"Integer":0,"String":"c","Interface":null}}
2025-08-15T22:13:41.821-0500	DEBUG	protocol/handler.go:596	round already finalized
2025-08-15T22:13:41.821-0500	DEBUG	protocol/handler.go:596	round already finalized
2025-08-15T22:13:41.827-0500	DEBUG	protocol/handler.go:581	tryAdvanceRound called	{"{current_round 20 3  <nil>}": {"Key":"self","Type":15,"Integer":0,"String":"a","Interface":null}}
2025-08-15T22:13:41.827-0500	DEBUG	protocol/handler.go:1591	have processed broadcast	{"{round 20 3  <nil>}": {"Key":"from","Type":15,"Integer":0,"String":"b","Interface":null}}
2025-08-15T22:13:41.827-0500	DEBUG	protocol/handler.go:1591	have processed broadcast	{"{round 20 3  <nil>}": {"Key":"from","Type":15,"Integer":0,"String":"c","Interface":null}}
2025-08-15T22:13:41.827-0500	DEBUG	protocol/handler.go:1649	have all messages and processed	{"{round 20 3  <nil>}": {"Key":"self","Type":15,"Integer":0,"String":"a","Interface":null}}
2025-08-15T22:13:41.827-0500	DEBUG	protocol/handler.go:596	round already finalized
2025-08-15T22:13:41.831-0500	DEBUG	protocol/handler.go:581	tryAdvanceRound called	{"{current_round 20 3  <nil>}": {"Key":"self","Type":15,"Integer":0,"String":"b","Interface":null}}
2025-08-15T22:13:41.831-0500	DEBUG	protocol/handler.go:581	tryAdvanceRound called	{"{current_round 20 3  <nil>}": {"Key":"self","Type":15,"Integer":0,"String":"c","Interface":null}}
2025-08-15T22:13:41.831-0500	DEBUG	protocol/handler.go:1591	have processed broadcast	{"{round 20 3  <nil>}": {"Key":"from","Type":15,"Integer":0,"String":"a","Interface":null}}
2025-08-15T22:13:41.831-0500	DEBUG	protocol/handler.go:1591	have processed broadcast	{"{round 20 3  <nil>}": {"Key":"from","Type":15,"Integer":0,"String":"a","Interface":null}}
2025-08-15T22:13:41.831-0500	DEBUG	protocol/handler.go:1591	have processed broadcast	{"{round 20 3  <nil>}": {"Key":"from","Type":15,"Integer":0,"String":"c","Interface":null}}
2025-08-15T22:13:41.831-0500	DEBUG	protocol/handler.go:1591	have processed broadcast	{"{round 20 3  <nil>}": {"Key":"from","Type":15,"Integer":0,"String":"b","Interface":null}}
2025-08-15T22:13:41.831-0500	DEBUG	protocol/handler.go:1649	have all messages and processed	{"{round 20 3  <nil>}": {"Key":"self","Type":15,"Integer":0,"String":"b","Interface":null}}
2025-08-15T22:13:41.831-0500	DEBUG	protocol/handler.go:596	round already finalized
2025-08-15T22:13:41.831-0500	DEBUG	protocol/handler.go:1649	have all messages and processed	{"{round 20 3  <nil>}": {"Key":"self","Type":15,"Integer":0,"String":"c","Interface":null}}
2025-08-15T22:13:41.831-0500	DEBUG	protocol/handler.go:596	round already finalized
2025-08-15T22:13:41.836-0500	DEBUG	protocol/handler.go:581	tryAdvanceRound called	{"{current_round 20 3  <nil>}": {"Key":"self","Type":15,"Integer":0,"String":"a","Interface":null}}
2025-08-15T22:13:41.837-0500	DEBUG	protocol/handler.go:1591	have processed broadcast	{"{round 20 3  <nil>}": {"Key":"from","Type":15,"Integer":0,"String":"b","Interface":null}}
2025-08-15T22:13:41.837-0500	DEBUG	protocol/handler.go:1591	have processed broadcast	{"{round 20 3  <nil>}": {"Key":"from","Type":15,"Integer":0,"String":"c","Interface":null}}
2025-08-15T22:13:41.837-0500	DEBUG	protocol/handler.go:1649	have all messages and processed	{"{round 20 3  <nil>}": {"Key":"self","Type":15,"Integer":0,"String":"a","Interface":null}}
2025-08-15T22:13:41.837-0500	DEBUG	protocol/handler.go:596	round already finalized
2025-08-15T22:13:41.841-0500	DEBUG	protocol/handler.go:581	tryAdvanceRound called	{"{current_round 20 3  <nil>}": {"Key":"self","Type":15,"Integer":0,"String":"b","Interface":null}}
2025-08-15T22:13:41.841-0500	DEBUG	protocol/handler.go:1591	have processed broadcast	{"{round 20 3  <nil>}": {"Key":"from","Type":15,"Integer":0,"String":"a","Interface":null}}
2025-08-15T22:13:41.841-0500	DEBUG	protocol/handler.go:1591	have processed broadcast	{"{round 20 3  <nil>}": {"Key":"from","Type":15,"Integer":0,"String":"c","Interface":null}}
2025-08-15T22:13:41.841-0500	DEBUG	protocol/handler.go:581	tryAdvanceRound called	{"{current_round 20 3  <nil>}": {"Key":"self","Type":15,"Integer":0,"String":"c","Interface":null}}
2025-08-15T22:13:41.841-0500	DEBUG	protocol/handler.go:1649	have all messages and processed	{"{round 20 3  <nil>}": {"Key":"self","Type":15,"Integer":0,"String":"b","Interface":null}}
2025-08-15T22:13:41.841-0500	DEBUG	protocol/handler.go:596	round already finalized
2025-08-15T22:13:41.841-0500	DEBUG	protocol/handler.go:1591	have processed broadcast	{"{round 20 3  <nil>}": {"Key":"from","Type":15,"Integer":0,"String":"a","Interface":null}}
2025-08-15T22:13:41.841-0500	DEBUG	protocol/handler.go:1591	have processed broadcast	{"{round 20 3  <nil>}": {"Key":"from","Type":15,"Integer":0,"String":"b","Interface":null}}
2025-08-15T22:13:41.841-0500	DEBUG	protocol/handler.go:1649	have all messages and processed	{"{round 20 3  <nil>}": {"Key":"self","Type":15,"Integer":0,"String":"c","Interface":null}}
2025-08-15T22:13:41.841-0500	DEBUG	protocol/handler.go:596	round already finalized
2025-08-15T22:13:41.847-0500	DEBUG	protocol/handler.go:581	tryAdvanceRound called	{"{current_round 20 3  <nil>}": {"Key":"self","Type":15,"Integer":0,"String":"a","Interface":null}}
2025-08-15T22:13:41.847-0500	DEBUG	protocol/handler.go:1591	have processed broadcast	{"{round 20 3  <nil>}": {"Key":"from","Type":15,"Integer":0,"String":"b","Interface":null}}
2025-08-15T22:13:41.847-0500	DEBUG	protocol/handler.go:1591	have processed broadcast	{"{round 20 3  <nil>}": {"Key":"from","Type":15,"Integer":0,"String":"c","Interface":null}}
2025-08-15T22:13:41.847-0500	DEBUG	protocol/handler.go:1649	have all messages and processed	{"{round 20 3  <nil>}": {"Key":"self","Type":15,"Integer":0,"String":"a","Interface":null}}
2025-08-15T22:13:41.847-0500	DEBUG	protocol/handler.go:596	round already finalized
2025-08-15T22:13:41.851-0500	DEBUG	protocol/handler.go:581	tryAdvanceRound called	{"{current_round 20 3  <nil>}": {"Key":"self","Type":15,"Integer":0,"String":"b","Interface":null}}
2025-08-15T22:13:41.851-0500	DEBUG	protocol/handler.go:1591	have processed broadcast	{"{round 20 3  <nil>}": {"Key":"from","Type":15,"Integer":0,"String":"a","Interface":null}}
2025-08-15T22:13:41.851-0500	DEBUG	protocol/handler.go:1591	have processed broadcast	{"{round 20 3  <nil>}": {"Key":"from","Type":15,"Integer":0,"String":"c","Interface":null}}
2025-08-15T22:13:41.851-0500	DEBUG	protocol/handler.go:1649	have all messages and processed	{"{round 20 3  <nil>}": {"Key":"self","Type":15,"Integer":0,"String":"b","Interface":null}}
2025-08-15T22:13:41.851-0500	DEBUG	protocol/handler.go:596	round already finalized
2025-08-15T22:13:41.851-0500	DEBUG	protocol/handler.go:581	tryAdvanceRound called	{"{current_round 20 3  <nil>}": {"Key":"self","Type":15,"Integer":0,"String":"c","Interface":null}}
2025-08-15T22:13:41.851-0500	DEBUG	protocol/handler.go:1591	have processed broadcast	{"{round 20 3  <nil>}": {"Key":"from","Type":15,"Integer":0,"String":"a","Interface":null}}
2025-08-15T22:13:41.851-0500	DEBUG	protocol/handler.go:1591	have processed broadcast	{"{round 20 3  <nil>}": {"Key":"from","Type":15,"Integer":0,"String":"b","Interface":null}}
2025-08-15T22:13:41.851-0500	DEBUG	protocol/handler.go:1649	have all messages and processed	{"{round 20 3  <nil>}": {"Key":"self","Type":15,"Integer":0,"String":"c","Interface":null}}
2025-08-15T22:13:41.851-0500	DEBUG	protocol/handler.go:596	round already finalized
2025-08-15T22:13:41.857-0500	DEBUG	protocol/handler.go:581	tryAdvanceRound called	{"{current_round 20 3  <nil>}": {"Key":"self","Type":15,"Integer":0,"String":"a","Interface":null}}
2025-08-15T22:13:41.857-0500	DEBUG	protocol/handler.go:1591	have processed broadcast	{"{round 20 3  <nil>}": {"Key":"from","Type":15,"Integer":0,"String":"b","Interface":null}}
2025-08-15T22:13:41.857-0500	DEBUG	protocol/handler.go:1591	have processed broadcast	{"{round 20 3  <nil>}": {"Key":"from","Type":15,"Integer":0,"String":"c","Interface":null}}
2025-08-15T22:13:41.857-0500	DEBUG	protocol/handler.go:1649	have all messages and processed	{"{round 20 3  <nil>}": {"Key":"self","Type":15,"Integer":0,"String":"a","Interface":null}}
2025-08-15T22:13:41.857-0500	DEBUG	protocol/handler.go:596	round already finalized
2025-08-15T22:13:41.861-0500	DEBUG	protocol/handler.go:581	tryAdvanceRound called	{"{current_round 20 3  <nil>}": {"Key":"self","Type":15,"Integer":0,"String":"b","Interface":null}}
2025-08-15T22:13:41.861-0500	DEBUG	protocol/handler.go:581	tryAdvanceRound called	{"{current_round 20 3  <nil>}": {"Key":"self","Type":15,"Integer":0,"String":"c","Interface":null}}
2025-08-15T22:13:41.861-0500	DEBUG	protocol/handler.go:1591	have processed broadcast	{"{round 20 3  <nil>}": {"Key":"from","Type":15,"Integer":0,"String":"a","Interface":null}}
2025-08-15T22:13:41.861-0500	DEBUG	protocol/handler.go:1591	have processed broadcast	{"{round 20 3  <nil>}": {"Key":"from","Type":15,"Integer":0,"String":"a","Interface":null}}
2025-08-15T22:13:41.861-0500	DEBUG	protocol/handler.go:1591	have processed broadcast	{"{round 20 3  <nil>}": {"Key":"from","Type":15,"Integer":0,"String":"b","Interface":null}}
2025-08-15T22:13:41.861-0500	DEBUG	protocol/handler.go:1591	have processed broadcast	{"{round 20 3  <nil>}": {"Key":"from","Type":15,"Integer":0,"String":"c","Interface":null}}
2025-08-15T22:13:41.861-0500	DEBUG	protocol/handler.go:1649	have all messages and processed	{"{round 20 3  <nil>}": {"Key":"self","Type":15,"Integer":0,"String":"c","Interface":null}}
2025-08-15T22:13:41.861-0500	DEBUG	protocol/handler.go:1649	have all messages and processed	{"{round 20 3  <nil>}": {"Key":"self","Type":15,"Integer":0,"String":"b","Interface":null}}
2025-08-15T22:13:41.861-0500	DEBUG	protocol/handler.go:596	round already finalized
2025-08-15T22:13:41.861-0500	DEBUG	protocol/handler.go:596	round already finalized
2025-08-15T22:13:41.867-0500	DEBUG	protocol/handler.go:581	tryAdvanceRound called	{"{current_round 20 3  <nil>}": {"Key":"self","Type":15,"Integer":0,"String":"a","Interface":null}}
2025-08-15T22:13:41.867-0500	DEBUG	protocol/handler.go:1591	have processed broadcast	{"{round 20 3  <nil>}": {"Key":"from","Type":15,"Integer":0,"String":"b","Interface":null}}
2025-08-15T22:13:41.867-0500	DEBUG	protocol/handler.go:1591	have processed broadcast	{"{round 20 3  <nil>}": {"Key":"from","Type":15,"Integer":0,"String":"c","Interface":null}}
2025-08-15T22:13:41.867-0500	DEBUG	protocol/handler.go:1649	have all messages and processed	{"{round 20 3  <nil>}": {"Key":"self","Type":15,"Integer":0,"String":"a","Interface":null}}
2025-08-15T22:13:41.867-0500	DEBUG	protocol/handler.go:596	round already finalized
2025-08-15T22:13:41.870-0500	DEBUG	protocol/handler.go:581	tryAdvanceRound called	{"{current_round 20 3  <nil>}": {"Key":"self","Type":15,"Integer":0,"String":"b","Interface":null}}
2025-08-15T22:13:41.871-0500	DEBUG	protocol/handler.go:1591	have processed broadcast	{"{round 20 3  <nil>}": {"Key":"from","Type":15,"Integer":0,"String":"a","Interface":null}}
2025-08-15T22:13:41.871-0500	DEBUG	protocol/handler.go:1591	have processed broadcast	{"{round 20 3  <nil>}": {"Key":"from","Type":15,"Integer":0,"String":"c","Interface":null}}
2025-08-15T22:13:41.871-0500	DEBUG	protocol/handler.go:1649	have all messages and processed	{"{round 20 3  <nil>}": {"Key":"self","Type":15,"Integer":0,"String":"b","Interface":null}}
2025-08-15T22:13:41.871-0500	DEBUG	protocol/handler.go:596	round already finalized
2025-08-15T22:13:41.871-0500	DEBUG	protocol/handler.go:581	tryAdvanceRound called	{"{current_round 20 3  <nil>}": {"Key":"self","Type":15,"Integer":0,"String":"c","Interface":null}}
2025-08-15T22:13:41.871-0500	DEBUG	protocol/handler.go:1591	have processed broadcast	{"{round 20 3  <nil>}": {"Key":"from","Type":15,"Integer":0,"String":"a","Interface":null}}
2025-08-15T22:13:41.871-0500	DEBUG	protocol/handler.go:1591	have processed broadcast	{"{round 20 3  <nil>}": {"Key":"from","Type":15,"Integer":0,"String":"b","Interface":null}}
2025-08-15T22:13:41.871-0500	DEBUG	protocol/handler.go:1649	have all messages and processed	{"{round 20 3  <nil>}": {"Key":"self","Type":15,"Integer":0,"String":"c","Interface":null}}
2025-08-15T22:13:41.871-0500	DEBUG	protocol/handler.go:596	round already finalized
2025-08-15T22:13:41.877-0500	DEBUG	protocol/handler.go:581	tryAdvanceRound called	{"{current_round 20 3  <nil>}": {"Key":"self","Type":15,"Integer":0,"String":"a","Interface":null}}
2025-08-15T22:13:41.877-0500	DEBUG	protocol/handler.go:1591	have processed broadcast	{"{round 20 3  <nil>}": {"Key":"from","Type":15,"Integer":0,"String":"b","Interface":null}}
2025-08-15T22:13:41.877-0500	DEBUG	protocol/handler.go:1591	have processed broadcast	{"{round 20 3  <nil>}": {"Key":"from","Type":15,"Integer":0,"String":"c","Interface":null}}
2025-08-15T22:13:41.877-0500	DEBUG	protocol/handler.go:1649	have all messages and processed	{"{round 20 3  <nil>}": {"Key":"self","Type":15,"Integer":0,"String":"a","Interface":null}}
2025-08-15T22:13:41.877-0500	DEBUG	protocol/handler.go:596	round already finalized
2025-08-15T22:13:41.881-0500	DEBUG	protocol/handler.go:581	tryAdvanceRound called	{"{current_round 20 3  <nil>}": {"Key":"self","Type":15,"Integer":0,"String":"b","Interface":null}}
2025-08-15T22:13:41.881-0500	DEBUG	protocol/handler.go:581	tryAdvanceRound called	{"{current_round 20 3  <nil>}": {"Key":"self","Type":15,"Integer":0,"String":"c","Interface":null}}
2025-08-15T22:13:41.881-0500	DEBUG	protocol/handler.go:1591	have processed broadcast	{"{round 20 3  <nil>}": {"Key":"from","Type":15,"Integer":0,"String":"a","Interface":null}}
2025-08-15T22:13:41.881-0500	DEBUG	protocol/handler.go:1591	have processed broadcast	{"{round 20 3  <nil>}": {"Key":"from","Type":15,"Integer":0,"String":"a","Interface":null}}
2025-08-15T22:13:41.881-0500	DEBUG	protocol/handler.go:1591	have processed broadcast	{"{round 20 3  <nil>}": {"Key":"from","Type":15,"Integer":0,"String":"c","Interface":null}}
2025-08-15T22:13:41.881-0500	DEBUG	protocol/handler.go:1591	have processed broadcast	{"{round 20 3  <nil>}": {"Key":"from","Type":15,"Integer":0,"String":"b","Interface":null}}
2025-08-15T22:13:41.881-0500	DEBUG	protocol/handler.go:1649	have all messages and processed	{"{round 20 3  <nil>}": {"Key":"self","Type":15,"Integer":0,"String":"b","Interface":null}}
2025-08-15T22:13:41.881-0500	DEBUG	protocol/handler.go:596	round already finalized
2025-08-15T22:13:41.881-0500	DEBUG	protocol/handler.go:1649	have all messages and processed	{"{round 20 3  <nil>}": {"Key":"self","Type":15,"Integer":0,"String":"c","Interface":null}}
2025-08-15T22:13:41.881-0500	DEBUG	protocol/handler.go:596	round already finalized
2025-08-15T22:13:41.887-0500	DEBUG	protocol/handler.go:581	tryAdvanceRound called	{"{current_round 20 3  <nil>}": {"Key":"self","Type":15,"Integer":0,"String":"a","Interface":null}}
2025-08-15T22:13:41.887-0500	DEBUG	protocol/handler.go:1591	have processed broadcast	{"{round 20 3  <nil>}": {"Key":"from","Type":15,"Integer":0,"String":"b","Interface":null}}
2025-08-15T22:13:41.887-0500	DEBUG	protocol/handler.go:1591	have processed broadcast	{"{round 20 3  <nil>}": {"Key":"from","Type":15,"Integer":0,"String":"c","Interface":null}}
2025-08-15T22:13:41.887-0500	DEBUG	protocol/handler.go:1649	have all messages and processed	{"{round 20 3  <nil>}": {"Key":"self","Type":15,"Integer":0,"String":"a","Interface":null}}
2025-08-15T22:13:41.887-0500	DEBUG	protocol/handler.go:596	round already finalized
2025-08-15T22:13:41.891-0500	DEBUG	protocol/handler.go:581	tryAdvanceRound called	{"{current_round 20 3  <nil>}": {"Key":"self","Type":15,"Integer":0,"String":"b","Interface":null}}
2025-08-15T22:13:41.891-0500	DEBUG	protocol/handler.go:581	tryAdvanceRound called	{"{current_round 20 3  <nil>}": {"Key":"self","Type":15,"Integer":0,"String":"c","Interface":null}}
2025-08-15T22:13:41.891-0500	DEBUG	protocol/handler.go:1591	have processed broadcast	{"{round 20 3  <nil>}": {"Key":"from","Type":15,"Integer":0,"String":"a","Interface":null}}
2025-08-15T22:13:41.891-0500	DEBUG	protocol/handler.go:1591	have processed broadcast	{"{round 20 3  <nil>}": {"Key":"from","Type":15,"Integer":0,"String":"c","Interface":null}}
2025-08-15T22:13:41.891-0500	DEBUG	protocol/handler.go:1591	have processed broadcast	{"{round 20 3  <nil>}": {"Key":"from","Type":15,"Integer":0,"String":"a","Interface":null}}
2025-08-15T22:13:41.891-0500	DEBUG	protocol/handler.go:1649	have all messages and processed	{"{round 20 3  <nil>}": {"Key":"self","Type":15,"Integer":0,"String":"b","Interface":null}}
2025-08-15T22:13:41.891-0500	DEBUG	protocol/handler.go:596	round already finalized
2025-08-15T22:13:41.891-0500	DEBUG	protocol/handler.go:1591	have processed broadcast	{"{round 20 3  <nil>}": {"Key":"from","Type":15,"Integer":0,"String":"b","Interface":null}}
2025-08-15T22:13:41.891-0500	DEBUG	protocol/handler.go:1649	have all messages and processed	{"{round 20 3  <nil>}": {"Key":"self","Type":15,"Integer":0,"String":"c","Interface":null}}
2025-08-15T22:13:41.891-0500	DEBUG	protocol/handler.go:596	round already finalized
2025-08-15T22:13:41.897-0500	DEBUG	protocol/handler.go:581	tryAdvanceRound called	{"{current_round 20 3  <nil>}": {"Key":"self","Type":15,"Integer":0,"String":"a","Interface":null}}
2025-08-15T22:13:41.897-0500	DEBUG	protocol/handler.go:1591	have processed broadcast	{"{round 20 3  <nil>}": {"Key":"from","Type":15,"Integer":0,"String":"b","Interface":null}}
2025-08-15T22:13:41.897-0500	DEBUG	protocol/handler.go:1591	have processed broadcast	{"{round 20 3  <nil>}": {"Key":"from","Type":15,"Integer":0,"String":"c","Interface":null}}
2025-08-15T22:13:41.897-0500	DEBUG	protocol/handler.go:1649	have all messages and processed	{"{round 20 3  <nil>}": {"Key":"self","Type":15,"Integer":0,"String":"a","Interface":null}}
2025-08-15T22:13:41.897-0500	DEBUG	protocol/handler.go:596	round already finalized
2025-08-15T22:13:41.901-0500	DEBUG	protocol/handler.go:581	tryAdvanceRound called	{"{current_round 20 3  <nil>}": {"Key":"self","Type":15,"Integer":0,"String":"b","Interface":null}}
2025-08-15T22:13:41.901-0500	DEBUG	protocol/handler.go:581	tryAdvanceRound called	{"{current_round 20 3  <nil>}": {"Key":"self","Type":15,"Integer":0,"String":"c","Interface":null}}
2025-08-15T22:13:41.901-0500	DEBUG	protocol/handler.go:1591	have processed broadcast	{"{round 20 3  <nil>}": {"Key":"from","Type":15,"Integer":0,"String":"a","Interface":null}}
2025-08-15T22:13:41.901-0500	DEBUG	protocol/handler.go:1591	have processed broadcast	{"{round 20 3  <nil>}": {"Key":"from","Type":15,"Integer":0,"String":"a","Interface":null}}
2025-08-15T22:13:41.901-0500	DEBUG	protocol/handler.go:1591	have processed broadcast	{"{round 20 3  <nil>}": {"Key":"from","Type":15,"Integer":0,"String":"c","Interface":null}}
2025-08-15T22:13:41.901-0500	DEBUG	protocol/handler.go:1649	have all messages and processed	{"{round 20 3  <nil>}": {"Key":"self","Type":15,"Integer":0,"String":"b","Interface":null}}
2025-08-15T22:13:41.901-0500	DEBUG	protocol/handler.go:1591	have processed broadcast	{"{round 20 3  <nil>}": {"Key":"from","Type":15,"Integer":0,"String":"b","Interface":null}}
2025-08-15T22:13:41.901-0500	DEBUG	protocol/handler.go:596	round already finalized
2025-08-15T22:13:41.901-0500	DEBUG	protocol/handler.go:1649	have all messages and processed	{"{round 20 3  <nil>}": {"Key":"self","Type":15,"Integer":0,"String":"c","Interface":null}}
2025-08-15T22:13:41.901-0500	DEBUG	protocol/handler.go:596	round already finalized
2025-08-15T22:13:41.907-0500	DEBUG	protocol/handler.go:581	tryAdvanceRound called	{"{current_round 20 3  <nil>}": {"Key":"self","Type":15,"Integer":0,"String":"a","Interface":null}}
2025-08-15T22:13:41.907-0500	DEBUG	protocol/handler.go:1591	have processed broadcast	{"{round 20 3  <nil>}": {"Key":"from","Type":15,"Integer":0,"String":"b","Interface":null}}
2025-08-15T22:13:41.907-0500	DEBUG	protocol/handler.go:1591	have processed broadcast	{"{round 20 3  <nil>}": {"Key":"from","Type":15,"Integer":0,"String":"c","Interface":null}}
2025-08-15T22:13:41.907-0500	DEBUG	protocol/handler.go:1649	have all messages and processed	{"{round 20 3  <nil>}": {"Key":"self","Type":15,"Integer":0,"String":"a","Interface":null}}
2025-08-15T22:13:41.907-0500	DEBUG	protocol/handler.go:596	round already finalized
2025-08-15T22:13:41.911-0500	DEBUG	protocol/handler.go:581	tryAdvanceRound called	{"{current_round 20 3  <nil>}": {"Key":"self","Type":15,"Integer":0,"String":"b","Interface":null}}
2025-08-15T22:13:41.911-0500	DEBUG	protocol/handler.go:581	tryAdvanceRound called	{"{current_round 20 3  <nil>}": {"Key":"self","Type":15,"Integer":0,"String":"c","Interface":null}}
2025-08-15T22:13:41.911-0500	DEBUG	protocol/handler.go:1591	have processed broadcast	{"{round 20 3  <nil>}": {"Key":"from","Type":15,"Integer":0,"String":"a","Interface":null}}
2025-08-15T22:13:41.911-0500	DEBUG	protocol/handler.go:1591	have processed broadcast	{"{round 20 3  <nil>}": {"Key":"from","Type":15,"Integer":0,"String":"a","Interface":null}}
2025-08-15T22:13:41.911-0500	DEBUG	protocol/handler.go:1591	have processed broadcast	{"{round 20 3  <nil>}": {"Key":"from","Type":15,"Integer":0,"String":"c","Interface":null}}
2025-08-15T22:13:41.911-0500	DEBUG	protocol/handler.go:1591	have processed broadcast	{"{round 20 3  <nil>}": {"Key":"from","Type":15,"Integer":0,"String":"b","Interface":null}}
2025-08-15T22:13:41.911-0500	DEBUG	protocol/handler.go:1649	have all messages and processed	{"{round 20 3  <nil>}": {"Key":"self","Type":15,"Integer":0,"String":"b","Interface":null}}
2025-08-15T22:13:41.911-0500	DEBUG	protocol/handler.go:596	round already finalized
2025-08-15T22:13:41.911-0500	DEBUG	protocol/handler.go:1649	have all messages and processed	{"{round 20 3  <nil>}": {"Key":"self","Type":15,"Integer":0,"String":"c","Interface":null}}
2025-08-15T22:13:41.911-0500	DEBUG	protocol/handler.go:596	round already finalized
2025-08-15T22:13:41.917-0500	DEBUG	protocol/handler.go:581	tryAdvanceRound called	{"{current_round 20 3  <nil>}": {"Key":"self","Type":15,"Integer":0,"String":"a","Interface":null}}
2025-08-15T22:13:41.917-0500	DEBUG	protocol/handler.go:1591	have processed broadcast	{"{round 20 3  <nil>}": {"Key":"from","Type":15,"Integer":0,"String":"b","Interface":null}}
2025-08-15T22:13:41.917-0500	DEBUG	protocol/handler.go:1591	have processed broadcast	{"{round 20 3  <nil>}": {"Key":"from","Type":15,"Integer":0,"String":"c","Interface":null}}
2025-08-15T22:13:41.917-0500	DEBUG	protocol/handler.go:1649	have all messages and processed	{"{round 20 3  <nil>}": {"Key":"self","Type":15,"Integer":0,"String":"a","Interface":null}}
2025-08-15T22:13:41.917-0500	DEBUG	protocol/handler.go:596	round already finalized
2025-08-15T22:13:41.921-0500	DEBUG	protocol/handler.go:581	tryAdvanceRound called	{"{current_round 20 3  <nil>}": {"Key":"self","Type":15,"Integer":0,"String":"b","Interface":null}}
2025-08-15T22:13:41.921-0500	DEBUG	protocol/handler.go:1591	have processed broadcast	{"{round 20 3  <nil>}": {"Key":"from","Type":15,"Integer":0,"String":"a","Interface":null}}
2025-08-15T22:13:41.921-0500	DEBUG	protocol/handler.go:1591	have processed broadcast	{"{round 20 3  <nil>}": {"Key":"from","Type":15,"Integer":0,"String":"c","Interface":null}}
2025-08-15T22:13:41.921-0500	DEBUG	protocol/handler.go:1649	have all messages and processed	{"{round 20 3  <nil>}": {"Key":"self","Type":15,"Integer":0,"String":"b","Interface":null}}
2025-08-15T22:13:41.921-0500	DEBUG	protocol/handler.go:596	round already finalized
2025-08-15T22:13:41.921-0500	DEBUG	protocol/handler.go:581	tryAdvanceRound called	{"{current_round 20 3  <nil>}": {"Key":"self","Type":15,"Integer":0,"String":"c","Interface":null}}
2025-08-15T22:13:41.921-0500	DEBUG	protocol/handler.go:1591	have processed broadcast	{"{round 20 3  <nil>}": {"Key":"from","Type":15,"Integer":0,"String":"a","Interface":null}}
2025-08-15T22:13:41.921-0500	DEBUG	protocol/handler.go:1591	have processed broadcast	{"{round 20 3  <nil>}": {"Key":"from","Type":15,"Integer":0,"String":"b","Interface":null}}
2025-08-15T22:13:41.921-0500	DEBUG	protocol/handler.go:1649	have all messages and processed	{"{round 20 3  <nil>}": {"Key":"self","Type":15,"Integer":0,"String":"c","Interface":null}}
2025-08-15T22:13:41.921-0500	DEBUG	protocol/handler.go:596	round already finalized
2025-08-15T22:13:41.927-0500	DEBUG	protocol/handler.go:581	tryAdvanceRound called	{"{current_round 20 3  <nil>}": {"Key":"self","Type":15,"Integer":0,"String":"a","Interface":null}}
2025-08-15T22:13:41.927-0500	DEBUG	protocol/handler.go:1591	have processed broadcast	{"{round 20 3  <nil>}": {"Key":"from","Type":15,"Integer":0,"String":"b","Interface":null}}
2025-08-15T22:13:41.927-0500	DEBUG	protocol/handler.go:1591	have processed broadcast	{"{round 20 3  <nil>}": {"Key":"from","Type":15,"Integer":0,"String":"c","Interface":null}}
2025-08-15T22:13:41.927-0500	DEBUG	protocol/handler.go:1649	have all messages and processed	{"{round 20 3  <nil>}": {"Key":"self","Type":15,"Integer":0,"String":"a","Interface":null}}
2025-08-15T22:13:41.927-0500	DEBUG	protocol/handler.go:596	round already finalized
2025-08-15T22:13:41.931-0500	DEBUG	protocol/handler.go:581	tryAdvanceRound called	{"{current_round 20 3  <nil>}": {"Key":"self","Type":15,"Integer":0,"String":"b","Interface":null}}
2025-08-15T22:13:41.931-0500	DEBUG	protocol/handler.go:581	tryAdvanceRound called	{"{current_round 20 3  <nil>}": {"Key":"self","Type":15,"Integer":0,"String":"c","Interface":null}}
2025-08-15T22:13:41.931-0500	DEBUG	protocol/handler.go:1591	have processed broadcast	{"{round 20 3  <nil>}": {"Key":"from","Type":15,"Integer":0,"String":"a","Interface":null}}
2025-08-15T22:13:41.931-0500	DEBUG	protocol/handler.go:1591	have processed broadcast	{"{round 20 3  <nil>}": {"Key":"from","Type":15,"Integer":0,"String":"a","Interface":null}}
2025-08-15T22:13:41.931-0500	DEBUG	protocol/handler.go:1591	have processed broadcast	{"{round 20 3  <nil>}": {"Key":"from","Type":15,"Integer":0,"String":"c","Interface":null}}
2025-08-15T22:13:41.931-0500	DEBUG	protocol/handler.go:1591	have processed broadcast	{"{round 20 3  <nil>}": {"Key":"from","Type":15,"Integer":0,"String":"b","Interface":null}}
2025-08-15T22:13:41.931-0500	DEBUG	protocol/handler.go:1649	have all messages and processed	{"{round 20 3  <nil>}": {"Key":"self","Type":15,"Integer":0,"String":"b","Interface":null}}
2025-08-15T22:13:41.931-0500	DEBUG	protocol/handler.go:1649	have all messages and processed	{"{round 20 3  <nil>}": {"Key":"self","Type":15,"Integer":0,"String":"c","Interface":null}}
2025-08-15T22:13:41.931-0500	DEBUG	protocol/handler.go:596	round already finalized
2025-08-15T22:13:41.931-0500	DEBUG	protocol/handler.go:596	round already finalized
2025-08-15T22:13:41.937-0500	DEBUG	protocol/handler.go:581	tryAdvanceRound called	{"{current_round 20 3  <nil>}": {"Key":"self","Type":15,"Integer":0,"String":"a","Interface":null}}
2025-08-15T22:13:41.937-0500	DEBUG	protocol/handler.go:1591	have processed broadcast	{"{round 20 3  <nil>}": {"Key":"from","Type":15,"Integer":0,"String":"b","Interface":null}}
2025-08-15T22:13:41.937-0500	DEBUG	protocol/handler.go:1591	have processed broadcast	{"{round 20 3  <nil>}": {"Key":"from","Type":15,"Integer":0,"String":"c","Interface":null}}
2025-08-15T22:13:41.937-0500	DEBUG	protocol/handler.go:1649	have all messages and processed	{"{round 20 3  <nil>}": {"Key":"self","Type":15,"Integer":0,"String":"a","Interface":null}}
2025-08-15T22:13:41.937-0500	DEBUG	protocol/handler.go:596	round already finalized
2025-08-15T22:13:41.941-0500	DEBUG	protocol/handler.go:581	tryAdvanceRound called	{"{current_round 20 3  <nil>}": {"Key":"self","Type":15,"Integer":0,"String":"b","Interface":null}}
2025-08-15T22:13:41.941-0500	DEBUG	protocol/handler.go:581	tryAdvanceRound called	{"{current_round 20 3  <nil>}": {"Key":"self","Type":15,"Integer":0,"String":"c","Interface":null}}
2025-08-15T22:13:41.941-0500	DEBUG	protocol/handler.go:1591	have processed broadcast	{"{round 20 3  <nil>}": {"Key":"from","Type":15,"Integer":0,"String":"a","Interface":null}}
2025-08-15T22:13:41.941-0500	DEBUG	protocol/handler.go:1591	have processed broadcast	{"{round 20 3  <nil>}": {"Key":"from","Type":15,"Integer":0,"String":"a","Interface":null}}
2025-08-15T22:13:41.941-0500	DEBUG	protocol/handler.go:1591	have processed broadcast	{"{round 20 3  <nil>}": {"Key":"from","Type":15,"Integer":0,"String":"b","Interface":null}}
2025-08-15T22:13:41.941-0500	DEBUG	protocol/handler.go:1649	have all messages and processed	{"{round 20 3  <nil>}": {"Key":"self","Type":15,"Integer":0,"String":"c","Interface":null}}
2025-08-15T22:13:41.941-0500	DEBUG	protocol/handler.go:596	round already finalized
2025-08-15T22:13:41.941-0500	DEBUG	protocol/handler.go:1591	have processed broadcast	{"{round 20 3  <nil>}": {"Key":"from","Type":15,"Integer":0,"String":"c","Interface":null}}
2025-08-15T22:13:41.941-0500	DEBUG	protocol/handler.go:1649	have all messages and processed	{"{round 20 3  <nil>}": {"Key":"self","Type":15,"Integer":0,"String":"b","Interface":null}}
2025-08-15T22:13:41.941-0500	DEBUG	protocol/handler.go:596	round already finalized
2025-08-15T22:13:41.947-0500	DEBUG	protocol/handler.go:581	tryAdvanceRound called	{"{current_round 20 3  <nil>}": {"Key":"self","Type":15,"Integer":0,"String":"a","Interface":null}}
2025-08-15T22:13:41.947-0500	DEBUG	protocol/handler.go:1591	have processed broadcast	{"{round 20 3  <nil>}": {"Key":"from","Type":15,"Integer":0,"String":"b","Interface":null}}
2025-08-15T22:13:41.947-0500	DEBUG	protocol/handler.go:1591	have processed broadcast	{"{round 20 3  <nil>}": {"Key":"from","Type":15,"Integer":0,"String":"c","Interface":null}}
2025-08-15T22:13:41.947-0500	DEBUG	protocol/handler.go:1649	have all messages and processed	{"{round 20 3  <nil>}": {"Key":"self","Type":15,"Integer":0,"String":"a","Interface":null}}
2025-08-15T22:13:41.947-0500	DEBUG	protocol/handler.go:596	round already finalized
2025-08-15T22:13:41.951-0500	DEBUG	protocol/handler.go:581	tryAdvanceRound called	{"{current_round 20 3  <nil>}": {"Key":"self","Type":15,"Integer":0,"String":"b","Interface":null}}
2025-08-15T22:13:41.951-0500	DEBUG	protocol/handler.go:1591	have processed broadcast	{"{round 20 3  <nil>}": {"Key":"from","Type":15,"Integer":0,"String":"a","Interface":null}}
2025-08-15T22:13:41.951-0500	DEBUG	protocol/handler.go:1591	have processed broadcast	{"{round 20 3  <nil>}": {"Key":"from","Type":15,"Integer":0,"String":"c","Interface":null}}
2025-08-15T22:13:41.951-0500	DEBUG	protocol/handler.go:1649	have all messages and processed	{"{round 20 3  <nil>}": {"Key":"self","Type":15,"Integer":0,"String":"b","Interface":null}}
2025-08-15T22:13:41.951-0500	DEBUG	protocol/handler.go:596	round already finalized
2025-08-15T22:13:41.951-0500	DEBUG	protocol/handler.go:581	tryAdvanceRound called	{"{current_round 20 3  <nil>}": {"Key":"self","Type":15,"Integer":0,"String":"c","Interface":null}}
2025-08-15T22:13:41.951-0500	DEBUG	protocol/handler.go:1591	have processed broadcast	{"{round 20 3  <nil>}": {"Key":"from","Type":15,"Integer":0,"String":"a","Interface":null}}
2025-08-15T22:13:41.951-0500	DEBUG	protocol/handler.go:1591	have processed broadcast	{"{round 20 3  <nil>}": {"Key":"from","Type":15,"Integer":0,"String":"b","Interface":null}}
2025-08-15T22:13:41.951-0500	DEBUG	protocol/handler.go:1649	have all messages and processed	{"{round 20 3  <nil>}": {"Key":"self","Type":15,"Integer":0,"String":"c","Interface":null}}
2025-08-15T22:13:41.951-0500	DEBUG	protocol/handler.go:596	round already finalized
2025-08-15T22:13:41.957-0500	DEBUG	protocol/handler.go:581	tryAdvanceRound called	{"{current_round 20 3  <nil>}": {"Key":"self","Type":15,"Integer":0,"String":"a","Interface":null}}
2025-08-15T22:13:41.957-0500	DEBUG	protocol/handler.go:1591	have processed broadcast	{"{round 20 3  <nil>}": {"Key":"from","Type":15,"Integer":0,"String":"b","Interface":null}}
2025-08-15T22:13:41.957-0500	DEBUG	protocol/handler.go:1591	have processed broadcast	{"{round 20 3  <nil>}": {"Key":"from","Type":15,"Integer":0,"String":"c","Interface":null}}
2025-08-15T22:13:41.957-0500	DEBUG	protocol/handler.go:1649	have all messages and processed	{"{round 20 3  <nil>}": {"Key":"self","Type":15,"Integer":0,"String":"a","Interface":null}}
2025-08-15T22:13:41.957-0500	DEBUG	protocol/handler.go:596	round already finalized
2025-08-15T22:13:41.961-0500	DEBUG	protocol/handler.go:581	tryAdvanceRound called	{"{current_round 20 3  <nil>}": {"Key":"self","Type":15,"Integer":0,"String":"b","Interface":null}}
2025-08-15T22:13:41.961-0500	DEBUG	protocol/handler.go:1591	have processed broadcast	{"{round 20 3  <nil>}": {"Key":"from","Type":15,"Integer":0,"String":"a","Interface":null}}
2025-08-15T22:13:41.961-0500	DEBUG	protocol/handler.go:1591	have processed broadcast	{"{round 20 3  <nil>}": {"Key":"from","Type":15,"Integer":0,"String":"c","Interface":null}}
2025-08-15T22:13:41.961-0500	DEBUG	protocol/handler.go:581	tryAdvanceRound called	{"{current_round 20 3  <nil>}": {"Key":"self","Type":15,"Integer":0,"String":"c","Interface":null}}
2025-08-15T22:13:41.961-0500	DEBUG	protocol/handler.go:1649	have all messages and processed	{"{round 20 3  <nil>}": {"Key":"self","Type":15,"Integer":0,"String":"b","Interface":null}}
2025-08-15T22:13:41.961-0500	DEBUG	protocol/handler.go:596	round already finalized
2025-08-15T22:13:41.961-0500	DEBUG	protocol/handler.go:1591	have processed broadcast	{"{round 20 3  <nil>}": {"Key":"from","Type":15,"Integer":0,"String":"a","Interface":null}}
2025-08-15T22:13:41.961-0500	DEBUG	protocol/handler.go:1591	have processed broadcast	{"{round 20 3  <nil>}": {"Key":"from","Type":15,"Integer":0,"String":"b","Interface":null}}
2025-08-15T22:13:41.961-0500	DEBUG	protocol/handler.go:1649	have all messages and processed	{"{round 20 3  <nil>}": {"Key":"self","Type":15,"Integer":0,"String":"c","Interface":null}}
2025-08-15T22:13:41.961-0500	DEBUG	protocol/handler.go:596	round already finalized
2025-08-15T22:13:41.967-0500	DEBUG	protocol/handler.go:581	tryAdvanceRound called	{"{current_round 20 3  <nil>}": {"Key":"self","Type":15,"Integer":0,"String":"a","Interface":null}}
2025-08-15T22:13:41.967-0500	DEBUG	protocol/handler.go:1591	have processed broadcast	{"{round 20 3  <nil>}": {"Key":"from","Type":15,"Integer":0,"String":"b","Interface":null}}
2025-08-15T22:13:41.967-0500	DEBUG	protocol/handler.go:1591	have processed broadcast	{"{round 20 3  <nil>}": {"Key":"from","Type":15,"Integer":0,"String":"c","Interface":null}}
2025-08-15T22:13:41.967-0500	DEBUG	protocol/handler.go:1649	have all messages and processed	{"{round 20 3  <nil>}": {"Key":"self","Type":15,"Integer":0,"String":"a","Interface":null}}
2025-08-15T22:13:41.967-0500	DEBUG	protocol/handler.go:596	round already finalized
2025-08-15T22:13:41.971-0500	DEBUG	protocol/handler.go:581	tryAdvanceRound called	{"{current_round 20 3  <nil>}": {"Key":"self","Type":15,"Integer":0,"String":"b","Interface":null}}
2025-08-15T22:13:41.971-0500	DEBUG	protocol/handler.go:1591	have processed broadcast	{"{round 20 3  <nil>}": {"Key":"from","Type":15,"Integer":0,"String":"a","Interface":null}}
2025-08-15T22:13:41.971-0500	DEBUG	protocol/handler.go:1591	have processed broadcast	{"{round 20 3  <nil>}": {"Key":"from","Type":15,"Integer":0,"String":"c","Interface":null}}
2025-08-15T22:13:41.971-0500	DEBUG	protocol/handler.go:1649	have all messages and processed	{"{round 20 3  <nil>}": {"Key":"self","Type":15,"Integer":0,"String":"b","Interface":null}}
2025-08-15T22:13:41.971-0500	DEBUG	protocol/handler.go:581	tryAdvanceRound called	{"{current_round 20 3  <nil>}": {"Key":"self","Type":15,"Integer":0,"String":"c","Interface":null}}
2025-08-15T22:13:41.971-0500	DEBUG	protocol/handler.go:596	round already finalized
2025-08-15T22:13:41.971-0500	DEBUG	protocol/handler.go:1591	have processed broadcast	{"{round 20 3  <nil>}": {"Key":"from","Type":15,"Integer":0,"String":"a","Interface":null}}
2025-08-15T22:13:41.971-0500	DEBUG	protocol/handler.go:1591	have processed broadcast	{"{round 20 3  <nil>}": {"Key":"from","Type":15,"Integer":0,"String":"b","Interface":null}}
2025-08-15T22:13:41.971-0500	DEBUG	protocol/handler.go:1649	have all messages and processed	{"{round 20 3  <nil>}": {"Key":"self","Type":15,"Integer":0,"String":"c","Interface":null}}
2025-08-15T22:13:41.971-0500	DEBUG	protocol/handler.go:596	round already finalized
2025-08-15T22:13:41.977-0500	DEBUG	protocol/handler.go:581	tryAdvanceRound called	{"{current_round 20 3  <nil>}": {"Key":"self","Type":15,"Integer":0,"String":"a","Interface":null}}
2025-08-15T22:13:41.977-0500	DEBUG	protocol/handler.go:1591	have processed broadcast	{"{round 20 3  <nil>}": {"Key":"from","Type":15,"Integer":0,"String":"b","Interface":null}}
2025-08-15T22:13:41.977-0500	DEBUG	protocol/handler.go:1591	have processed broadcast	{"{round 20 3  <nil>}": {"Key":"from","Type":15,"Integer":0,"String":"c","Interface":null}}
2025-08-15T22:13:41.977-0500	DEBUG	protocol/handler.go:1649	have all messages and processed	{"{round 20 3  <nil>}": {"Key":"self","Type":15,"Integer":0,"String":"a","Interface":null}}
2025-08-15T22:13:41.977-0500	DEBUG	protocol/handler.go:596	round already finalized
2025-08-15T22:13:41.981-0500	DEBUG	protocol/handler.go:581	tryAdvanceRound called	{"{current_round 20 3  <nil>}": {"Key":"self","Type":15,"Integer":0,"String":"c","Interface":null}}
2025-08-15T22:13:41.981-0500	DEBUG	protocol/handler.go:1591	have processed broadcast	{"{round 20 3  <nil>}": {"Key":"from","Type":15,"Integer":0,"String":"a","Interface":null}}
2025-08-15T22:13:41.981-0500	DEBUG	protocol/handler.go:581	tryAdvanceRound called	{"{current_round 20 3  <nil>}": {"Key":"self","Type":15,"Integer":0,"String":"b","Interface":null}}
2025-08-15T22:13:41.981-0500	DEBUG	protocol/handler.go:1591	have processed broadcast	{"{round 20 3  <nil>}": {"Key":"from","Type":15,"Integer":0,"String":"b","Interface":null}}
2025-08-15T22:13:41.981-0500	DEBUG	protocol/handler.go:1591	have processed broadcast	{"{round 20 3  <nil>}": {"Key":"from","Type":15,"Integer":0,"String":"a","Interface":null}}
2025-08-15T22:13:41.981-0500	DEBUG	protocol/handler.go:1591	have processed broadcast	{"{round 20 3  <nil>}": {"Key":"from","Type":15,"Integer":0,"String":"c","Interface":null}}
2025-08-15T22:13:41.981-0500	DEBUG	protocol/handler.go:1649	have all messages and processed	{"{round 20 3  <nil>}": {"Key":"self","Type":15,"Integer":0,"String":"c","Interface":null}}
2025-08-15T22:13:41.981-0500	DEBUG	protocol/handler.go:1649	have all messages and processed	{"{round 20 3  <nil>}": {"Key":"self","Type":15,"Integer":0,"String":"b","Interface":null}}
2025-08-15T22:13:41.981-0500	DEBUG	protocol/handler.go:596	round already finalized
2025-08-15T22:13:41.981-0500	DEBUG	protocol/handler.go:596	round already finalized
2025-08-15T22:13:41.987-0500	DEBUG	protocol/handler.go:581	tryAdvanceRound called	{"{current_round 20 3  <nil>}": {"Key":"self","Type":15,"Integer":0,"String":"a","Interface":null}}
2025-08-15T22:13:41.987-0500	DEBUG	protocol/handler.go:1591	have processed broadcast	{"{round 20 3  <nil>}": {"Key":"from","Type":15,"Integer":0,"String":"b","Interface":null}}
2025-08-15T22:13:41.987-0500	DEBUG	protocol/handler.go:1591	have processed broadcast	{"{round 20 3  <nil>}": {"Key":"from","Type":15,"Integer":0,"String":"c","Interface":null}}
2025-08-15T22:13:41.987-0500	DEBUG	protocol/handler.go:1649	have all messages and processed	{"{round 20 3  <nil>}": {"Key":"self","Type":15,"Integer":0,"String":"a","Interface":null}}
2025-08-15T22:13:41.987-0500	DEBUG	protocol/handler.go:596	round already finalized
2025-08-15T22:13:41.991-0500	DEBUG	protocol/handler.go:581	tryAdvanceRound called	{"{current_round 20 3  <nil>}": {"Key":"self","Type":15,"Integer":0,"String":"b","Interface":null}}
2025-08-15T22:13:41.991-0500	DEBUG	protocol/handler.go:1591	have processed broadcast	{"{round 20 3  <nil>}": {"Key":"from","Type":15,"Integer":0,"String":"a","Interface":null}}
2025-08-15T22:13:41.991-0500	DEBUG	protocol/handler.go:581	tryAdvanceRound called	{"{current_round 20 3  <nil>}": {"Key":"self","Type":15,"Integer":0,"String":"c","Interface":null}}
2025-08-15T22:13:41.991-0500	DEBUG	protocol/handler.go:1591	have processed broadcast	{"{round 20 3  <nil>}": {"Key":"from","Type":15,"Integer":0,"String":"c","Interface":null}}
2025-08-15T22:13:41.991-0500	DEBUG	protocol/handler.go:1591	have processed broadcast	{"{round 20 3  <nil>}": {"Key":"from","Type":15,"Integer":0,"String":"a","Interface":null}}
2025-08-15T22:13:41.991-0500	DEBUG	protocol/handler.go:1649	have all messages and processed	{"{round 20 3  <nil>}": {"Key":"self","Type":15,"Integer":0,"String":"b","Interface":null}}
2025-08-15T22:13:41.991-0500	DEBUG	protocol/handler.go:596	round already finalized
2025-08-15T22:13:41.991-0500	DEBUG	protocol/handler.go:1591	have processed broadcast	{"{round 20 3  <nil>}": {"Key":"from","Type":15,"Integer":0,"String":"b","Interface":null}}
2025-08-15T22:13:41.991-0500	DEBUG	protocol/handler.go:1649	have all messages and processed	{"{round 20 3  <nil>}": {"Key":"self","Type":15,"Integer":0,"String":"c","Interface":null}}
2025-08-15T22:13:41.991-0500	DEBUG	protocol/handler.go:596	round already finalized
2025-08-15T22:13:41.997-0500	DEBUG	protocol/handler.go:581	tryAdvanceRound called	{"{current_round 20 3  <nil>}": {"Key":"self","Type":15,"Integer":0,"String":"a","Interface":null}}
2025-08-15T22:13:41.997-0500	DEBUG	protocol/handler.go:1591	have processed broadcast	{"{round 20 3  <nil>}": {"Key":"from","Type":15,"Integer":0,"String":"b","Interface":null}}
2025-08-15T22:13:41.997-0500	DEBUG	protocol/handler.go:1591	have processed broadcast	{"{round 20 3  <nil>}": {"Key":"from","Type":15,"Integer":0,"String":"c","Interface":null}}
2025-08-15T22:13:41.997-0500	DEBUG	protocol/handler.go:1649	have all messages and processed	{"{round 20 3  <nil>}": {"Key":"self","Type":15,"Integer":0,"String":"a","Interface":null}}
2025-08-15T22:13:41.998-0500	DEBUG	protocol/handler.go:596	round already finalized
2025-08-15T22:13:42.002-0500	DEBUG	protocol/handler.go:581	tryAdvanceRound called	{"{current_round 20 3  <nil>}": {"Key":"self","Type":15,"Integer":0,"String":"c","Interface":null}}
2025-08-15T22:13:42.003-0500	DEBUG	protocol/handler.go:1591	have processed broadcast	{"{round 20 3  <nil>}": {"Key":"from","Type":15,"Integer":0,"String":"a","Interface":null}}
2025-08-15T22:13:42.003-0500	DEBUG	protocol/handler.go:1591	have processed broadcast	{"{round 20 3  <nil>}": {"Key":"from","Type":15,"Integer":0,"String":"b","Interface":null}}
2025-08-15T22:13:42.003-0500	DEBUG	protocol/handler.go:1649	have all messages and processed	{"{round 20 3  <nil>}": {"Key":"self","Type":15,"Integer":0,"String":"c","Interface":null}}
2025-08-15T22:13:42.003-0500	DEBUG	protocol/handler.go:596	round already finalized
2025-08-15T22:13:42.003-0500	DEBUG	protocol/handler.go:581	tryAdvanceRound called	{"{current_round 20 3  <nil>}": {"Key":"self","Type":15,"Integer":0,"String":"b","Interface":null}}
2025-08-15T22:13:42.003-0500	DEBUG	protocol/handler.go:1591	have processed broadcast	{"{round 20 3  <nil>}": {"Key":"from","Type":15,"Integer":0,"String":"a","Interface":null}}
2025-08-15T22:13:42.003-0500	DEBUG	protocol/handler.go:1591	have processed broadcast	{"{round 20 3  <nil>}": {"Key":"from","Type":15,"Integer":0,"String":"c","Interface":null}}
2025-08-15T22:13:42.004-0500	DEBUG	protocol/handler.go:1649	have all messages and processed	{"{round 20 3  <nil>}": {"Key":"self","Type":15,"Integer":0,"String":"b","Interface":null}}
2025-08-15T22:13:42.004-0500	DEBUG	protocol/handler.go:596	round already finalized
2025-08-15T22:13:42.007-0500	DEBUG	protocol/handler.go:581	tryAdvanceRound called	{"{current_round 20 3  <nil>}": {"Key":"self","Type":15,"Integer":0,"String":"a","Interface":null}}
2025-08-15T22:13:42.007-0500	DEBUG	protocol/handler.go:1591	have processed broadcast	{"{round 20 3  <nil>}": {"Key":"from","Type":15,"Integer":0,"String":"b","Interface":null}}
2025-08-15T22:13:42.007-0500	DEBUG	protocol/handler.go:1591	have processed broadcast	{"{round 20 3  <nil>}": {"Key":"from","Type":15,"Integer":0,"String":"c","Interface":null}}
2025-08-15T22:13:42.007-0500	DEBUG	protocol/handler.go:1649	have all messages and processed	{"{round 20 3  <nil>}": {"Key":"self","Type":15,"Integer":0,"String":"a","Interface":null}}
2025-08-15T22:13:42.007-0500	DEBUG	protocol/handler.go:596	round already finalized
2025-08-15T22:13:42.011-0500	DEBUG	protocol/handler.go:581	tryAdvanceRound called	{"{current_round 20 3  <nil>}": {"Key":"self","Type":15,"Integer":0,"String":"b","Interface":null}}
2025-08-15T22:13:42.011-0500	DEBUG	protocol/handler.go:1591	have processed broadcast	{"{round 20 3  <nil>}": {"Key":"from","Type":15,"Integer":0,"String":"a","Interface":null}}
2025-08-15T22:13:42.011-0500	DEBUG	protocol/handler.go:581	tryAdvanceRound called	{"{current_round 20 3  <nil>}": {"Key":"self","Type":15,"Integer":0,"String":"c","Interface":null}}
2025-08-15T22:13:42.011-0500	DEBUG	protocol/handler.go:1591	have processed broadcast	{"{round 20 3  <nil>}": {"Key":"from","Type":15,"Integer":0,"String":"c","Interface":null}}
2025-08-15T22:13:42.011-0500	DEBUG	protocol/handler.go:1591	have processed broadcast	{"{round 20 3  <nil>}": {"Key":"from","Type":15,"Integer":0,"String":"a","Interface":null}}
2025-08-15T22:13:42.011-0500	DEBUG	protocol/handler.go:1649	have all messages and processed	{"{round 20 3  <nil>}": {"Key":"self","Type":15,"Integer":0,"String":"b","Interface":null}}
2025-08-15T22:13:42.011-0500	DEBUG	protocol/handler.go:1591	have processed broadcast	{"{round 20 3  <nil>}": {"Key":"from","Type":15,"Integer":0,"String":"b","Interface":null}}
2025-08-15T22:13:42.011-0500	DEBUG	protocol/handler.go:596	round already finalized
2025-08-15T22:13:42.011-0500	DEBUG	protocol/handler.go:1649	have all messages and processed	{"{round 20 3  <nil>}": {"Key":"self","Type":15,"Integer":0,"String":"c","Interface":null}}
2025-08-15T22:13:42.011-0500	DEBUG	protocol/handler.go:596	round already finalized
2025-08-15T22:13:42.017-0500	DEBUG	protocol/handler.go:581	tryAdvanceRound called	{"{current_round 20 3  <nil>}": {"Key":"self","Type":15,"Integer":0,"String":"a","Interface":null}}
2025-08-15T22:13:42.017-0500	DEBUG	protocol/handler.go:1591	have processed broadcast	{"{round 20 3  <nil>}": {"Key":"from","Type":15,"Integer":0,"String":"b","Interface":null}}
2025-08-15T22:13:42.017-0500	DEBUG	protocol/handler.go:1591	have processed broadcast	{"{round 20 3  <nil>}": {"Key":"from","Type":15,"Integer":0,"String":"c","Interface":null}}
2025-08-15T22:13:42.017-0500	DEBUG	protocol/handler.go:1649	have all messages and processed	{"{round 20 3  <nil>}": {"Key":"self","Type":15,"Integer":0,"String":"a","Interface":null}}
2025-08-15T22:13:42.017-0500	DEBUG	protocol/handler.go:596	round already finalized
2025-08-15T22:13:42.021-0500	DEBUG	protocol/handler.go:581	tryAdvanceRound called	{"{current_round 20 3  <nil>}": {"Key":"self","Type":15,"Integer":0,"String":"b","Interface":null}}
2025-08-15T22:13:42.021-0500	DEBUG	protocol/handler.go:1591	have processed broadcast	{"{round 20 3  <nil>}": {"Key":"from","Type":15,"Integer":0,"String":"a","Interface":null}}
2025-08-15T22:13:42.021-0500	DEBUG	protocol/handler.go:581	tryAdvanceRound called	{"{current_round 20 3  <nil>}": {"Key":"self","Type":15,"Integer":0,"String":"c","Interface":null}}
2025-08-15T22:13:42.021-0500	DEBUG	protocol/handler.go:1591	have processed broadcast	{"{round 20 3  <nil>}": {"Key":"from","Type":15,"Integer":0,"String":"c","Interface":null}}
2025-08-15T22:13:42.021-0500	DEBUG	protocol/handler.go:1591	have processed broadcast	{"{round 20 3  <nil>}": {"Key":"from","Type":15,"Integer":0,"String":"a","Interface":null}}
2025-08-15T22:13:42.021-0500	DEBUG	protocol/handler.go:1649	have all messages and processed	{"{round 20 3  <nil>}": {"Key":"self","Type":15,"Integer":0,"String":"b","Interface":null}}
2025-08-15T22:13:42.021-0500	DEBUG	protocol/handler.go:1591	have processed broadcast	{"{round 20 3  <nil>}": {"Key":"from","Type":15,"Integer":0,"String":"b","Interface":null}}
2025-08-15T22:13:42.021-0500	DEBUG	protocol/handler.go:596	round already finalized
2025-08-15T22:13:42.021-0500	DEBUG	protocol/handler.go:1649	have all messages and processed	{"{round 20 3  <nil>}": {"Key":"self","Type":15,"Integer":0,"String":"c","Interface":null}}
2025-08-15T22:13:42.021-0500	DEBUG	protocol/handler.go:596	round already finalized
2025-08-15T22:13:42.027-0500	DEBUG	protocol/handler.go:581	tryAdvanceRound called	{"{current_round 20 3  <nil>}": {"Key":"self","Type":15,"Integer":0,"String":"a","Interface":null}}
2025-08-15T22:13:42.027-0500	DEBUG	protocol/handler.go:1591	have processed broadcast	{"{round 20 3  <nil>}": {"Key":"from","Type":15,"Integer":0,"String":"b","Interface":null}}
2025-08-15T22:13:42.027-0500	DEBUG	protocol/handler.go:1591	have processed broadcast	{"{round 20 3  <nil>}": {"Key":"from","Type":15,"Integer":0,"String":"c","Interface":null}}
2025-08-15T22:13:42.027-0500	DEBUG	protocol/handler.go:1649	have all messages and processed	{"{round 20 3  <nil>}": {"Key":"self","Type":15,"Integer":0,"String":"a","Interface":null}}
2025-08-15T22:13:42.027-0500	DEBUG	protocol/handler.go:596	round already finalized
2025-08-15T22:13:42.031-0500	DEBUG	protocol/handler.go:581	tryAdvanceRound called	{"{current_round 20 3  <nil>}": {"Key":"self","Type":15,"Integer":0,"String":"b","Interface":null}}
2025-08-15T22:13:42.031-0500	DEBUG	protocol/handler.go:581	tryAdvanceRound called	{"{current_round 20 3  <nil>}": {"Key":"self","Type":15,"Integer":0,"String":"c","Interface":null}}
2025-08-15T22:13:42.031-0500	DEBUG	protocol/handler.go:1591	have processed broadcast	{"{round 20 3  <nil>}": {"Key":"from","Type":15,"Integer":0,"String":"a","Interface":null}}
2025-08-15T22:13:42.031-0500	DEBUG	protocol/handler.go:1591	have processed broadcast	{"{round 20 3  <nil>}": {"Key":"from","Type":15,"Integer":0,"String":"a","Interface":null}}
2025-08-15T22:13:42.031-0500	DEBUG	protocol/handler.go:1591	have processed broadcast	{"{round 20 3  <nil>}": {"Key":"from","Type":15,"Integer":0,"String":"c","Interface":null}}
2025-08-15T22:13:42.031-0500	DEBUG	protocol/handler.go:1591	have processed broadcast	{"{round 20 3  <nil>}": {"Key":"from","Type":15,"Integer":0,"String":"b","Interface":null}}
2025-08-15T22:13:42.031-0500	DEBUG	protocol/handler.go:1649	have all messages and processed	{"{round 20 3  <nil>}": {"Key":"self","Type":15,"Integer":0,"String":"b","Interface":null}}
2025-08-15T22:13:42.031-0500	DEBUG	protocol/handler.go:1649	have all messages and processed	{"{round 20 3  <nil>}": {"Key":"self","Type":15,"Integer":0,"String":"c","Interface":null}}
2025-08-15T22:13:42.031-0500	DEBUG	protocol/handler.go:596	round already finalized
2025-08-15T22:13:42.031-0500	DEBUG	protocol/handler.go:596	round already finalized
2025-08-15T22:13:42.037-0500	DEBUG	protocol/handler.go:581	tryAdvanceRound called	{"{current_round 20 3  <nil>}": {"Key":"self","Type":15,"Integer":0,"String":"a","Interface":null}}
2025-08-15T22:13:42.037-0500	DEBUG	protocol/handler.go:1591	have processed broadcast	{"{round 20 3  <nil>}": {"Key":"from","Type":15,"Integer":0,"String":"b","Interface":null}}
2025-08-15T22:13:42.037-0500	DEBUG	protocol/handler.go:1591	have processed broadcast	{"{round 20 3  <nil>}": {"Key":"from","Type":15,"Integer":0,"String":"c","Interface":null}}
2025-08-15T22:13:42.037-0500	DEBUG	protocol/handler.go:1649	have all messages and processed	{"{round 20 3  <nil>}": {"Key":"self","Type":15,"Integer":0,"String":"a","Interface":null}}
2025-08-15T22:13:42.037-0500	DEBUG	protocol/handler.go:596	round already finalized
2025-08-15T22:13:42.041-0500	DEBUG	protocol/handler.go:581	tryAdvanceRound called	{"{current_round 20 3  <nil>}": {"Key":"self","Type":15,"Integer":0,"String":"b","Interface":null}}
2025-08-15T22:13:42.041-0500	DEBUG	protocol/handler.go:1591	have processed broadcast	{"{round 20 3  <nil>}": {"Key":"from","Type":15,"Integer":0,"String":"a","Interface":null}}
2025-08-15T22:13:42.041-0500	DEBUG	protocol/handler.go:581	tryAdvanceRound called	{"{current_round 20 3  <nil>}": {"Key":"self","Type":15,"Integer":0,"String":"c","Interface":null}}
2025-08-15T22:13:42.041-0500	DEBUG	protocol/handler.go:1591	have processed broadcast	{"{round 20 3  <nil>}": {"Key":"from","Type":15,"Integer":0,"String":"c","Interface":null}}
2025-08-15T22:13:42.041-0500	DEBUG	protocol/handler.go:1591	have processed broadcast	{"{round 20 3  <nil>}": {"Key":"from","Type":15,"Integer":0,"String":"a","Interface":null}}
2025-08-15T22:13:42.041-0500	DEBUG	protocol/handler.go:1649	have all messages and processed	{"{round 20 3  <nil>}": {"Key":"self","Type":15,"Integer":0,"String":"b","Interface":null}}
2025-08-15T22:13:42.041-0500	DEBUG	protocol/handler.go:1591	have processed broadcast	{"{round 20 3  <nil>}": {"Key":"from","Type":15,"Integer":0,"String":"b","Interface":null}}
2025-08-15T22:13:42.041-0500	DEBUG	protocol/handler.go:596	round already finalized
2025-08-15T22:13:42.041-0500	DEBUG	protocol/handler.go:1649	have all messages and processed	{"{round 20 3  <nil>}": {"Key":"self","Type":15,"Integer":0,"String":"c","Interface":null}}
2025-08-15T22:13:42.041-0500	DEBUG	protocol/handler.go:596	round already finalized
2025-08-15T22:13:42.047-0500	DEBUG	protocol/handler.go:581	tryAdvanceRound called	{"{current_round 20 3  <nil>}": {"Key":"self","Type":15,"Integer":0,"String":"a","Interface":null}}
2025-08-15T22:13:42.047-0500	DEBUG	protocol/handler.go:1591	have processed broadcast	{"{round 20 3  <nil>}": {"Key":"from","Type":15,"Integer":0,"String":"b","Interface":null}}
2025-08-15T22:13:42.047-0500	DEBUG	protocol/handler.go:1591	have processed broadcast	{"{round 20 3  <nil>}": {"Key":"from","Type":15,"Integer":0,"String":"c","Interface":null}}
2025-08-15T22:13:42.047-0500	DEBUG	protocol/handler.go:1649	have all messages and processed	{"{round 20 3  <nil>}": {"Key":"self","Type":15,"Integer":0,"String":"a","Interface":null}}
2025-08-15T22:13:42.047-0500	DEBUG	protocol/handler.go:596	round already finalized
2025-08-15T22:13:42.051-0500	DEBUG	protocol/handler.go:581	tryAdvanceRound called	{"{current_round 20 3  <nil>}": {"Key":"self","Type":15,"Integer":0,"String":"b","Interface":null}}
2025-08-15T22:13:42.051-0500	DEBUG	protocol/handler.go:1591	have processed broadcast	{"{round 20 3  <nil>}": {"Key":"from","Type":15,"Integer":0,"String":"a","Interface":null}}
2025-08-15T22:13:42.051-0500	DEBUG	protocol/handler.go:1591	have processed broadcast	{"{round 20 3  <nil>}": {"Key":"from","Type":15,"Integer":0,"String":"c","Interface":null}}
2025-08-15T22:13:42.051-0500	DEBUG	protocol/handler.go:1649	have all messages and processed	{"{round 20 3  <nil>}": {"Key":"self","Type":15,"Integer":0,"String":"b","Interface":null}}
2025-08-15T22:13:42.051-0500	DEBUG	protocol/handler.go:596	round already finalized
2025-08-15T22:13:42.051-0500	DEBUG	protocol/handler.go:581	tryAdvanceRound called	{"{current_round 20 3  <nil>}": {"Key":"self","Type":15,"Integer":0,"String":"c","Interface":null}}
2025-08-15T22:13:42.051-0500	DEBUG	protocol/handler.go:1591	have processed broadcast	{"{round 20 3  <nil>}": {"Key":"from","Type":15,"Integer":0,"String":"a","Interface":null}}
2025-08-15T22:13:42.051-0500	DEBUG	protocol/handler.go:1591	have processed broadcast	{"{round 20 3  <nil>}": {"Key":"from","Type":15,"Integer":0,"String":"b","Interface":null}}
2025-08-15T22:13:42.051-0500	DEBUG	protocol/handler.go:1649	have all messages and processed	{"{round 20 3  <nil>}": {"Key":"self","Type":15,"Integer":0,"String":"c","Interface":null}}
2025-08-15T22:13:42.051-0500	DEBUG	protocol/handler.go:596	round already finalized
2025-08-15T22:13:42.057-0500	DEBUG	protocol/handler.go:581	tryAdvanceRound called	{"{current_round 20 3  <nil>}": {"Key":"self","Type":15,"Integer":0,"String":"a","Interface":null}}
2025-08-15T22:13:42.057-0500	DEBUG	protocol/handler.go:1591	have processed broadcast	{"{round 20 3  <nil>}": {"Key":"from","Type":15,"Integer":0,"String":"b","Interface":null}}
2025-08-15T22:13:42.057-0500	DEBUG	protocol/handler.go:1591	have processed broadcast	{"{round 20 3  <nil>}": {"Key":"from","Type":15,"Integer":0,"String":"c","Interface":null}}
2025-08-15T22:13:42.057-0500	DEBUG	protocol/handler.go:1649	have all messages and processed	{"{round 20 3  <nil>}": {"Key":"self","Type":15,"Integer":0,"String":"a","Interface":null}}
2025-08-15T22:13:42.057-0500	DEBUG	protocol/handler.go:596	round already finalized
2025-08-15T22:13:42.061-0500	DEBUG	protocol/handler.go:581	tryAdvanceRound called	{"{current_round 20 3  <nil>}": {"Key":"self","Type":15,"Integer":0,"String":"b","Interface":null}}
2025-08-15T22:13:42.061-0500	DEBUG	protocol/handler.go:1591	have processed broadcast	{"{round 20 3  <nil>}": {"Key":"from","Type":15,"Integer":0,"String":"a","Interface":null}}
2025-08-15T22:13:42.061-0500	DEBUG	protocol/handler.go:1591	have processed broadcast	{"{round 20 3  <nil>}": {"Key":"from","Type":15,"Integer":0,"String":"c","Interface":null}}
2025-08-15T22:13:42.061-0500	DEBUG	protocol/handler.go:1649	have all messages and processed	{"{round 20 3  <nil>}": {"Key":"self","Type":15,"Integer":0,"String":"b","Interface":null}}
2025-08-15T22:13:42.061-0500	DEBUG	protocol/handler.go:596	round already finalized
2025-08-15T22:13:42.061-0500	DEBUG	protocol/handler.go:581	tryAdvanceRound called	{"{current_round 20 3  <nil>}": {"Key":"self","Type":15,"Integer":0,"String":"c","Interface":null}}
2025-08-15T22:13:42.061-0500	DEBUG	protocol/handler.go:1591	have processed broadcast	{"{round 20 3  <nil>}": {"Key":"from","Type":15,"Integer":0,"String":"a","Interface":null}}
2025-08-15T22:13:42.061-0500	DEBUG	protocol/handler.go:1591	have processed broadcast	{"{round 20 3  <nil>}": {"Key":"from","Type":15,"Integer":0,"String":"b","Interface":null}}
2025-08-15T22:13:42.061-0500	DEBUG	protocol/handler.go:1649	have all messages and processed	{"{round 20 3  <nil>}": {"Key":"self","Type":15,"Integer":0,"String":"c","Interface":null}}
2025-08-15T22:13:42.062-0500	DEBUG	protocol/handler.go:596	round already finalized
2025-08-15T22:13:42.067-0500	DEBUG	protocol/handler.go:581	tryAdvanceRound called	{"{current_round 20 3  <nil>}": {"Key":"self","Type":15,"Integer":0,"String":"a","Interface":null}}
2025-08-15T22:13:42.067-0500	DEBUG	protocol/handler.go:1591	have processed broadcast	{"{round 20 3  <nil>}": {"Key":"from","Type":15,"Integer":0,"String":"b","Interface":null}}
2025-08-15T22:13:42.067-0500	DEBUG	protocol/handler.go:1591	have processed broadcast	{"{round 20 3  <nil>}": {"Key":"from","Type":15,"Integer":0,"String":"c","Interface":null}}
2025-08-15T22:13:42.067-0500	DEBUG	protocol/handler.go:1649	have all messages and processed	{"{round 20 3  <nil>}": {"Key":"self","Type":15,"Integer":0,"String":"a","Interface":null}}
2025-08-15T22:13:42.068-0500	DEBUG	protocol/handler.go:596	round already finalized
2025-08-15T22:13:42.071-0500	DEBUG	protocol/handler.go:581	tryAdvanceRound called	{"{current_round 20 3  <nil>}": {"Key":"self","Type":15,"Integer":0,"String":"b","Interface":null}}
2025-08-15T22:13:42.071-0500	DEBUG	protocol/handler.go:1591	have processed broadcast	{"{round 20 3  <nil>}": {"Key":"from","Type":15,"Integer":0,"String":"a","Interface":null}}
2025-08-15T22:13:42.071-0500	DEBUG	protocol/handler.go:1591	have processed broadcast	{"{round 20 3  <nil>}": {"Key":"from","Type":15,"Integer":0,"String":"c","Interface":null}}
2025-08-15T22:13:42.072-0500	DEBUG	protocol/handler.go:1649	have all messages and processed	{"{round 20 3  <nil>}": {"Key":"self","Type":15,"Integer":0,"String":"b","Interface":null}}
2025-08-15T22:13:42.072-0500	DEBUG	protocol/handler.go:596	round already finalized
2025-08-15T22:13:42.071-0500	DEBUG	protocol/handler.go:581	tryAdvanceRound called	{"{current_round 20 3  <nil>}": {"Key":"self","Type":15,"Integer":0,"String":"c","Interface":null}}
2025-08-15T22:13:42.072-0500	DEBUG	protocol/handler.go:1591	have processed broadcast	{"{round 20 3  <nil>}": {"Key":"from","Type":15,"Integer":0,"String":"a","Interface":null}}
2025-08-15T22:13:42.072-0500	DEBUG	protocol/handler.go:1591	have processed broadcast	{"{round 20 3  <nil>}": {"Key":"from","Type":15,"Integer":0,"String":"b","Interface":null}}
2025-08-15T22:13:42.072-0500	DEBUG	protocol/handler.go:1649	have all messages and processed	{"{round 20 3  <nil>}": {"Key":"self","Type":15,"Integer":0,"String":"c","Interface":null}}
2025-08-15T22:13:42.072-0500	DEBUG	protocol/handler.go:596	round already finalized
2025-08-15T22:13:42.076-0500	DEBUG	protocol/handler.go:581	tryAdvanceRound called	{"{current_round 20 3  <nil>}": {"Key":"self","Type":15,"Integer":0,"String":"a","Interface":null}}
2025-08-15T22:13:42.077-0500	DEBUG	protocol/handler.go:1591	have processed broadcast	{"{round 20 3  <nil>}": {"Key":"from","Type":15,"Integer":0,"String":"b","Interface":null}}
2025-08-15T22:13:42.077-0500	DEBUG	protocol/handler.go:1591	have processed broadcast	{"{round 20 3  <nil>}": {"Key":"from","Type":15,"Integer":0,"String":"c","Interface":null}}
2025-08-15T22:13:42.077-0500	DEBUG	protocol/handler.go:1649	have all messages and processed	{"{round 20 3  <nil>}": {"Key":"self","Type":15,"Integer":0,"String":"a","Interface":null}}
2025-08-15T22:13:42.077-0500	DEBUG	protocol/handler.go:596	round already finalized
2025-08-15T22:13:42.081-0500	DEBUG	protocol/handler.go:581	tryAdvanceRound called	{"{current_round 20 3  <nil>}": {"Key":"self","Type":15,"Integer":0,"String":"b","Interface":null}}
2025-08-15T22:13:42.081-0500	DEBUG	protocol/handler.go:581	tryAdvanceRound called	{"{current_round 20 3  <nil>}": {"Key":"self","Type":15,"Integer":0,"String":"c","Interface":null}}
2025-08-15T22:13:42.081-0500	DEBUG	protocol/handler.go:1591	have processed broadcast	{"{round 20 3  <nil>}": {"Key":"from","Type":15,"Integer":0,"String":"a","Interface":null}}
2025-08-15T22:13:42.081-0500	DEBUG	protocol/handler.go:1591	have processed broadcast	{"{round 20 3  <nil>}": {"Key":"from","Type":15,"Integer":0,"String":"a","Interface":null}}
2025-08-15T22:13:42.081-0500	DEBUG	protocol/handler.go:1591	have processed broadcast	{"{round 20 3  <nil>}": {"Key":"from","Type":15,"Integer":0,"String":"c","Interface":null}}
2025-08-15T22:13:42.081-0500	DEBUG	protocol/handler.go:1591	have processed broadcast	{"{round 20 3  <nil>}": {"Key":"from","Type":15,"Integer":0,"String":"b","Interface":null}}
2025-08-15T22:13:42.081-0500	DEBUG	protocol/handler.go:1649	have all messages and processed	{"{round 20 3  <nil>}": {"Key":"self","Type":15,"Integer":0,"String":"b","Interface":null}}
2025-08-15T22:13:42.081-0500	DEBUG	protocol/handler.go:1649	have all messages and processed	{"{round 20 3  <nil>}": {"Key":"self","Type":15,"Integer":0,"String":"c","Interface":null}}
2025-08-15T22:13:42.081-0500	DEBUG	protocol/handler.go:596	round already finalized
2025-08-15T22:13:42.081-0500	DEBUG	protocol/handler.go:596	round already finalized
2025-08-15T22:13:42.087-0500	DEBUG	protocol/handler.go:581	tryAdvanceRound called	{"{current_round 20 3  <nil>}": {"Key":"self","Type":15,"Integer":0,"String":"a","Interface":null}}
2025-08-15T22:13:42.087-0500	DEBUG	protocol/handler.go:1591	have processed broadcast	{"{round 20 3  <nil>}": {"Key":"from","Type":15,"Integer":0,"String":"b","Interface":null}}
2025-08-15T22:13:42.087-0500	DEBUG	protocol/handler.go:1591	have processed broadcast	{"{round 20 3  <nil>}": {"Key":"from","Type":15,"Integer":0,"String":"c","Interface":null}}
2025-08-15T22:13:42.087-0500	DEBUG	protocol/handler.go:1649	have all messages and processed	{"{round 20 3  <nil>}": {"Key":"self","Type":15,"Integer":0,"String":"a","Interface":null}}
2025-08-15T22:13:42.087-0500	DEBUG	protocol/handler.go:596	round already finalized
2025-08-15T22:13:42.091-0500	DEBUG	protocol/handler.go:581	tryAdvanceRound called	{"{current_round 20 3  <nil>}": {"Key":"self","Type":15,"Integer":0,"String":"b","Interface":null}}
2025-08-15T22:13:42.091-0500	DEBUG	protocol/handler.go:581	tryAdvanceRound called	{"{current_round 20 3  <nil>}": {"Key":"self","Type":15,"Integer":0,"String":"c","Interface":null}}
2025-08-15T22:13:42.091-0500	DEBUG	protocol/handler.go:1591	have processed broadcast	{"{round 20 3  <nil>}": {"Key":"from","Type":15,"Integer":0,"String":"a","Interface":null}}
2025-08-15T22:13:42.091-0500	DEBUG	protocol/handler.go:1591	have processed broadcast	{"{round 20 3  <nil>}": {"Key":"from","Type":15,"Integer":0,"String":"a","Interface":null}}
2025-08-15T22:13:42.091-0500	DEBUG	protocol/handler.go:1591	have processed broadcast	{"{round 20 3  <nil>}": {"Key":"from","Type":15,"Integer":0,"String":"c","Interface":null}}
2025-08-15T22:13:42.091-0500	DEBUG	protocol/handler.go:1591	have processed broadcast	{"{round 20 3  <nil>}": {"Key":"from","Type":15,"Integer":0,"String":"b","Interface":null}}
2025-08-15T22:13:42.091-0500	DEBUG	protocol/handler.go:1649	have all messages and processed	{"{round 20 3  <nil>}": {"Key":"self","Type":15,"Integer":0,"String":"b","Interface":null}}
2025-08-15T22:13:42.091-0500	DEBUG	protocol/handler.go:596	round already finalized
2025-08-15T22:13:42.091-0500	DEBUG	protocol/handler.go:1649	have all messages and processed	{"{round 20 3  <nil>}": {"Key":"self","Type":15,"Integer":0,"String":"c","Interface":null}}
2025-08-15T22:13:42.091-0500	DEBUG	protocol/handler.go:596	round already finalized
2025-08-15T22:13:42.097-0500	DEBUG	protocol/handler.go:581	tryAdvanceRound called	{"{current_round 20 3  <nil>}": {"Key":"self","Type":15,"Integer":0,"String":"a","Interface":null}}
2025-08-15T22:13:42.097-0500	DEBUG	protocol/handler.go:1591	have processed broadcast	{"{round 20 3  <nil>}": {"Key":"from","Type":15,"Integer":0,"String":"b","Interface":null}}
2025-08-15T22:13:42.097-0500	DEBUG	protocol/handler.go:1591	have processed broadcast	{"{round 20 3  <nil>}": {"Key":"from","Type":15,"Integer":0,"String":"c","Interface":null}}
2025-08-15T22:13:42.097-0500	DEBUG	protocol/handler.go:1649	have all messages and processed	{"{round 20 3  <nil>}": {"Key":"self","Type":15,"Integer":0,"String":"a","Interface":null}}
2025-08-15T22:13:42.097-0500	DEBUG	protocol/handler.go:596	round already finalized
2025-08-15T22:13:42.101-0500	DEBUG	protocol/handler.go:581	tryAdvanceRound called	{"{current_round 20 3  <nil>}": {"Key":"self","Type":15,"Integer":0,"String":"b","Interface":null}}
2025-08-15T22:13:42.101-0500	DEBUG	protocol/handler.go:1591	have processed broadcast	{"{round 20 3  <nil>}": {"Key":"from","Type":15,"Integer":0,"String":"a","Interface":null}}
2025-08-15T22:13:42.101-0500	DEBUG	protocol/handler.go:1591	have processed broadcast	{"{round 20 3  <nil>}": {"Key":"from","Type":15,"Integer":0,"String":"c","Interface":null}}
2025-08-15T22:13:42.101-0500	DEBUG	protocol/handler.go:1649	have all messages and processed	{"{round 20 3  <nil>}": {"Key":"self","Type":15,"Integer":0,"String":"b","Interface":null}}
2025-08-15T22:13:42.101-0500	DEBUG	protocol/handler.go:596	round already finalized
2025-08-15T22:13:42.101-0500	DEBUG	protocol/handler.go:581	tryAdvanceRound called	{"{current_round 20 3  <nil>}": {"Key":"self","Type":15,"Integer":0,"String":"c","Interface":null}}
2025-08-15T22:13:42.101-0500	DEBUG	protocol/handler.go:1591	have processed broadcast	{"{round 20 3  <nil>}": {"Key":"from","Type":15,"Integer":0,"String":"a","Interface":null}}
2025-08-15T22:13:42.101-0500	DEBUG	protocol/handler.go:1591	have processed broadcast	{"{round 20 3  <nil>}": {"Key":"from","Type":15,"Integer":0,"String":"b","Interface":null}}
2025-08-15T22:13:42.101-0500	DEBUG	protocol/handler.go:1649	have all messages and processed	{"{round 20 3  <nil>}": {"Key":"self","Type":15,"Integer":0,"String":"c","Interface":null}}
2025-08-15T22:13:42.101-0500	DEBUG	protocol/handler.go:596	round already finalized
2025-08-15T22:13:42.107-0500	DEBUG	protocol/handler.go:581	tryAdvanceRound called	{"{current_round 20 3  <nil>}": {"Key":"self","Type":15,"Integer":0,"String":"a","Interface":null}}
2025-08-15T22:13:42.107-0500	DEBUG	protocol/handler.go:1591	have processed broadcast	{"{round 20 3  <nil>}": {"Key":"from","Type":15,"Integer":0,"String":"b","Interface":null}}
2025-08-15T22:13:42.107-0500	DEBUG	protocol/handler.go:1591	have processed broadcast	{"{round 20 3  <nil>}": {"Key":"from","Type":15,"Integer":0,"String":"c","Interface":null}}
2025-08-15T22:13:42.107-0500	DEBUG	protocol/handler.go:1649	have all messages and processed	{"{round 20 3  <nil>}": {"Key":"self","Type":15,"Integer":0,"String":"a","Interface":null}}
2025-08-15T22:13:42.107-0500	DEBUG	protocol/handler.go:596	round already finalized
2025-08-15T22:13:42.111-0500	DEBUG	protocol/handler.go:581	tryAdvanceRound called	{"{current_round 20 3  <nil>}": {"Key":"self","Type":15,"Integer":0,"String":"b","Interface":null}}
2025-08-15T22:13:42.111-0500	DEBUG	protocol/handler.go:581	tryAdvanceRound called	{"{current_round 20 3  <nil>}": {"Key":"self","Type":15,"Integer":0,"String":"c","Interface":null}}
2025-08-15T22:13:42.111-0500	DEBUG	protocol/handler.go:1591	have processed broadcast	{"{round 20 3  <nil>}": {"Key":"from","Type":15,"Integer":0,"String":"a","Interface":null}}
2025-08-15T22:13:42.111-0500	DEBUG	protocol/handler.go:1591	have processed broadcast	{"{round 20 3  <nil>}": {"Key":"from","Type":15,"Integer":0,"String":"a","Interface":null}}
2025-08-15T22:13:42.111-0500	DEBUG	protocol/handler.go:1591	have processed broadcast	{"{round 20 3  <nil>}": {"Key":"from","Type":15,"Integer":0,"String":"c","Interface":null}}
2025-08-15T22:13:42.111-0500	DEBUG	protocol/handler.go:1591	have processed broadcast	{"{round 20 3  <nil>}": {"Key":"from","Type":15,"Integer":0,"String":"b","Interface":null}}
2025-08-15T22:13:42.111-0500	DEBUG	protocol/handler.go:1649	have all messages and processed	{"{round 20 3  <nil>}": {"Key":"self","Type":15,"Integer":0,"String":"b","Interface":null}}
2025-08-15T22:13:42.111-0500	DEBUG	protocol/handler.go:1649	have all messages and processed	{"{round 20 3  <nil>}": {"Key":"self","Type":15,"Integer":0,"String":"c","Interface":null}}
2025-08-15T22:13:42.111-0500	DEBUG	protocol/handler.go:596	round already finalized
2025-08-15T22:13:42.111-0500	DEBUG	protocol/handler.go:596	round already finalized
2025-08-15T22:13:42.117-0500	DEBUG	protocol/handler.go:581	tryAdvanceRound called	{"{current_round 20 3  <nil>}": {"Key":"self","Type":15,"Integer":0,"String":"a","Interface":null}}
2025-08-15T22:13:42.117-0500	DEBUG	protocol/handler.go:1591	have processed broadcast	{"{round 20 3  <nil>}": {"Key":"from","Type":15,"Integer":0,"String":"b","Interface":null}}
2025-08-15T22:13:42.117-0500	DEBUG	protocol/handler.go:1591	have processed broadcast	{"{round 20 3  <nil>}": {"Key":"from","Type":15,"Integer":0,"String":"c","Interface":null}}
2025-08-15T22:13:42.117-0500	DEBUG	protocol/handler.go:1649	have all messages and processed	{"{round 20 3  <nil>}": {"Key":"self","Type":15,"Integer":0,"String":"a","Interface":null}}
2025-08-15T22:13:42.117-0500	DEBUG	protocol/handler.go:596	round already finalized
2025-08-15T22:13:42.121-0500	DEBUG	protocol/handler.go:581	tryAdvanceRound called	{"{current_round 20 3  <nil>}": {"Key":"self","Type":15,"Integer":0,"String":"b","Interface":null}}
2025-08-15T22:13:42.121-0500	DEBUG	protocol/handler.go:1591	have processed broadcast	{"{round 20 3  <nil>}": {"Key":"from","Type":15,"Integer":0,"String":"a","Interface":null}}
2025-08-15T22:13:42.121-0500	DEBUG	protocol/handler.go:581	tryAdvanceRound called	{"{current_round 20 3  <nil>}": {"Key":"self","Type":15,"Integer":0,"String":"c","Interface":null}}
2025-08-15T22:13:42.121-0500	DEBUG	protocol/handler.go:1591	have processed broadcast	{"{round 20 3  <nil>}": {"Key":"from","Type":15,"Integer":0,"String":"c","Interface":null}}
2025-08-15T22:13:42.121-0500	DEBUG	protocol/handler.go:1649	have all messages and processed	{"{round 20 3  <nil>}": {"Key":"self","Type":15,"Integer":0,"String":"b","Interface":null}}
2025-08-15T22:13:42.122-0500	DEBUG	protocol/handler.go:596	round already finalized
2025-08-15T22:13:42.122-0500	DEBUG	protocol/handler.go:1591	have processed broadcast	{"{round 20 3  <nil>}": {"Key":"from","Type":15,"Integer":0,"String":"a","Interface":null}}
2025-08-15T22:13:42.122-0500	DEBUG	protocol/handler.go:1591	have processed broadcast	{"{round 20 3  <nil>}": {"Key":"from","Type":15,"Integer":0,"String":"b","Interface":null}}
2025-08-15T22:13:42.122-0500	DEBUG	protocol/handler.go:1649	have all messages and processed	{"{round 20 3  <nil>}": {"Key":"self","Type":15,"Integer":0,"String":"c","Interface":null}}
2025-08-15T22:13:42.122-0500	DEBUG	protocol/handler.go:596	round already finalized
2025-08-15T22:13:42.127-0500	DEBUG	protocol/handler.go:581	tryAdvanceRound called	{"{current_round 20 3  <nil>}": {"Key":"self","Type":15,"Integer":0,"String":"a","Interface":null}}
2025-08-15T22:13:42.127-0500	DEBUG	protocol/handler.go:1591	have processed broadcast	{"{round 20 3  <nil>}": {"Key":"from","Type":15,"Integer":0,"String":"b","Interface":null}}
2025-08-15T22:13:42.127-0500	DEBUG	protocol/handler.go:1591	have processed broadcast	{"{round 20 3  <nil>}": {"Key":"from","Type":15,"Integer":0,"String":"c","Interface":null}}
2025-08-15T22:13:42.127-0500	DEBUG	protocol/handler.go:1649	have all messages and processed	{"{round 20 3  <nil>}": {"Key":"self","Type":15,"Integer":0,"String":"a","Interface":null}}
2025-08-15T22:13:42.127-0500	DEBUG	protocol/handler.go:596	round already finalized
2025-08-15T22:13:42.131-0500	DEBUG	protocol/handler.go:581	tryAdvanceRound called	{"{current_round 20 3  <nil>}": {"Key":"self","Type":15,"Integer":0,"String":"b","Interface":null}}
2025-08-15T22:13:42.131-0500	DEBUG	protocol/handler.go:581	tryAdvanceRound called	{"{current_round 20 3  <nil>}": {"Key":"self","Type":15,"Integer":0,"String":"c","Interface":null}}
2025-08-15T22:13:42.131-0500	DEBUG	protocol/handler.go:1591	have processed broadcast	{"{round 20 3  <nil>}": {"Key":"from","Type":15,"Integer":0,"String":"a","Interface":null}}
2025-08-15T22:13:42.131-0500	DEBUG	protocol/handler.go:1591	have processed broadcast	{"{round 20 3  <nil>}": {"Key":"from","Type":15,"Integer":0,"String":"a","Interface":null}}
2025-08-15T22:13:42.131-0500	DEBUG	protocol/handler.go:1591	have processed broadcast	{"{round 20 3  <nil>}": {"Key":"from","Type":15,"Integer":0,"String":"c","Interface":null}}
2025-08-15T22:13:42.131-0500	DEBUG	protocol/handler.go:1591	have processed broadcast	{"{round 20 3  <nil>}": {"Key":"from","Type":15,"Integer":0,"String":"b","Interface":null}}
2025-08-15T22:13:42.131-0500	DEBUG	protocol/handler.go:1649	have all messages and processed	{"{round 20 3  <nil>}": {"Key":"self","Type":15,"Integer":0,"String":"b","Interface":null}}
2025-08-15T22:13:42.131-0500	DEBUG	protocol/handler.go:596	round already finalized
2025-08-15T22:13:42.131-0500	DEBUG	protocol/handler.go:1649	have all messages and processed	{"{round 20 3  <nil>}": {"Key":"self","Type":15,"Integer":0,"String":"c","Interface":null}}
2025-08-15T22:13:42.131-0500	DEBUG	protocol/handler.go:596	round already finalized
2025-08-15T22:13:42.137-0500	DEBUG	protocol/handler.go:581	tryAdvanceRound called	{"{current_round 20 3  <nil>}": {"Key":"self","Type":15,"Integer":0,"String":"a","Interface":null}}
2025-08-15T22:13:42.137-0500	DEBUG	protocol/handler.go:1591	have processed broadcast	{"{round 20 3  <nil>}": {"Key":"from","Type":15,"Integer":0,"String":"b","Interface":null}}
2025-08-15T22:13:42.137-0500	DEBUG	protocol/handler.go:1591	have processed broadcast	{"{round 20 3  <nil>}": {"Key":"from","Type":15,"Integer":0,"String":"c","Interface":null}}
2025-08-15T22:13:42.137-0500	DEBUG	protocol/handler.go:1649	have all messages and processed	{"{round 20 3  <nil>}": {"Key":"self","Type":15,"Integer":0,"String":"a","Interface":null}}
2025-08-15T22:13:42.137-0500	DEBUG	protocol/handler.go:596	round already finalized
2025-08-15T22:13:42.141-0500	DEBUG	protocol/handler.go:581	tryAdvanceRound called	{"{current_round 20 3  <nil>}": {"Key":"self","Type":15,"Integer":0,"String":"b","Interface":null}}
2025-08-15T22:13:42.141-0500	DEBUG	protocol/handler.go:581	tryAdvanceRound called	{"{current_round 20 3  <nil>}": {"Key":"self","Type":15,"Integer":0,"String":"c","Interface":null}}
2025-08-15T22:13:42.141-0500	DEBUG	protocol/handler.go:1591	have processed broadcast	{"{round 20 3  <nil>}": {"Key":"from","Type":15,"Integer":0,"String":"a","Interface":null}}
2025-08-15T22:13:42.141-0500	DEBUG	protocol/handler.go:1591	have processed broadcast	{"{round 20 3  <nil>}": {"Key":"from","Type":15,"Integer":0,"String":"a","Interface":null}}
2025-08-15T22:13:42.141-0500	DEBUG	protocol/handler.go:1591	have processed broadcast	{"{round 20 3  <nil>}": {"Key":"from","Type":15,"Integer":0,"String":"c","Interface":null}}
2025-08-15T22:13:42.141-0500	DEBUG	protocol/handler.go:1591	have processed broadcast	{"{round 20 3  <nil>}": {"Key":"from","Type":15,"Integer":0,"String":"b","Interface":null}}
2025-08-15T22:13:42.141-0500	DEBUG	protocol/handler.go:1649	have all messages and processed	{"{round 20 3  <nil>}": {"Key":"self","Type":15,"Integer":0,"String":"b","Interface":null}}
2025-08-15T22:13:42.141-0500	DEBUG	protocol/handler.go:596	round already finalized
2025-08-15T22:13:42.141-0500	DEBUG	protocol/handler.go:1649	have all messages and processed	{"{round 20 3  <nil>}": {"Key":"self","Type":15,"Integer":0,"String":"c","Interface":null}}
2025-08-15T22:13:42.141-0500	DEBUG	protocol/handler.go:596	round already finalized
2025-08-15T22:13:42.147-0500	DEBUG	protocol/handler.go:581	tryAdvanceRound called	{"{current_round 20 3  <nil>}": {"Key":"self","Type":15,"Integer":0,"String":"a","Interface":null}}
2025-08-15T22:13:42.147-0500	DEBUG	protocol/handler.go:1591	have processed broadcast	{"{round 20 3  <nil>}": {"Key":"from","Type":15,"Integer":0,"String":"b","Interface":null}}
2025-08-15T22:13:42.147-0500	DEBUG	protocol/handler.go:1591	have processed broadcast	{"{round 20 3  <nil>}": {"Key":"from","Type":15,"Integer":0,"String":"c","Interface":null}}
2025-08-15T22:13:42.147-0500	DEBUG	protocol/handler.go:1649	have all messages and processed	{"{round 20 3  <nil>}": {"Key":"self","Type":15,"Integer":0,"String":"a","Interface":null}}
2025-08-15T22:13:42.147-0500	DEBUG	protocol/handler.go:596	round already finalized
2025-08-15T22:13:42.151-0500	DEBUG	protocol/handler.go:581	tryAdvanceRound called	{"{current_round 20 3  <nil>}": {"Key":"self","Type":15,"Integer":0,"String":"b","Interface":null}}
2025-08-15T22:13:42.151-0500	DEBUG	protocol/handler.go:1591	have processed broadcast	{"{round 20 3  <nil>}": {"Key":"from","Type":15,"Integer":0,"String":"a","Interface":null}}
2025-08-15T22:13:42.151-0500	DEBUG	protocol/handler.go:1591	have processed broadcast	{"{round 20 3  <nil>}": {"Key":"from","Type":15,"Integer":0,"String":"c","Interface":null}}
2025-08-15T22:13:42.151-0500	DEBUG	protocol/handler.go:1649	have all messages and processed	{"{round 20 3  <nil>}": {"Key":"self","Type":15,"Integer":0,"String":"b","Interface":null}}
2025-08-15T22:13:42.151-0500	DEBUG	protocol/handler.go:596	round already finalized
2025-08-15T22:13:42.151-0500	DEBUG	protocol/handler.go:581	tryAdvanceRound called	{"{current_round 20 3  <nil>}": {"Key":"self","Type":15,"Integer":0,"String":"c","Interface":null}}
2025-08-15T22:13:42.151-0500	DEBUG	protocol/handler.go:1591	have processed broadcast	{"{round 20 3  <nil>}": {"Key":"from","Type":15,"Integer":0,"String":"a","Interface":null}}
2025-08-15T22:13:42.151-0500	DEBUG	protocol/handler.go:1591	have processed broadcast	{"{round 20 3  <nil>}": {"Key":"from","Type":15,"Integer":0,"String":"b","Interface":null}}
2025-08-15T22:13:42.151-0500	DEBUG	protocol/handler.go:1649	have all messages and processed	{"{round 20 3  <nil>}": {"Key":"self","Type":15,"Integer":0,"String":"c","Interface":null}}
2025-08-15T22:13:42.151-0500	DEBUG	protocol/handler.go:596	round already finalized
2025-08-15T22:13:42.157-0500	DEBUG	protocol/handler.go:581	tryAdvanceRound called	{"{current_round 20 3  <nil>}": {"Key":"self","Type":15,"Integer":0,"String":"a","Interface":null}}
2025-08-15T22:13:42.157-0500	DEBUG	protocol/handler.go:1591	have processed broadcast	{"{round 20 3  <nil>}": {"Key":"from","Type":15,"Integer":0,"String":"b","Interface":null}}
2025-08-15T22:13:42.157-0500	DEBUG	protocol/handler.go:1591	have processed broadcast	{"{round 20 3  <nil>}": {"Key":"from","Type":15,"Integer":0,"String":"c","Interface":null}}
2025-08-15T22:13:42.157-0500	DEBUG	protocol/handler.go:1649	have all messages and processed	{"{round 20 3  <nil>}": {"Key":"self","Type":15,"Integer":0,"String":"a","Interface":null}}
2025-08-15T22:13:42.157-0500	DEBUG	protocol/handler.go:596	round already finalized
2025-08-15T22:13:42.161-0500	DEBUG	protocol/handler.go:581	tryAdvanceRound called	{"{current_round 20 3  <nil>}": {"Key":"self","Type":15,"Integer":0,"String":"b","Interface":null}}
2025-08-15T22:13:42.161-0500	DEBUG	protocol/handler.go:581	tryAdvanceRound called	{"{current_round 20 3  <nil>}": {"Key":"self","Type":15,"Integer":0,"String":"c","Interface":null}}
2025-08-15T22:13:42.161-0500	DEBUG	protocol/handler.go:1591	have processed broadcast	{"{round 20 3  <nil>}": {"Key":"from","Type":15,"Integer":0,"String":"a","Interface":null}}
2025-08-15T22:13:42.161-0500	DEBUG	protocol/handler.go:1591	have processed broadcast	{"{round 20 3  <nil>}": {"Key":"from","Type":15,"Integer":0,"String":"c","Interface":null}}
2025-08-15T22:13:42.161-0500	DEBUG	protocol/handler.go:1649	have all messages and processed	{"{round 20 3  <nil>}": {"Key":"self","Type":15,"Integer":0,"String":"b","Interface":null}}
2025-08-15T22:13:42.161-0500	DEBUG	protocol/handler.go:596	round already finalized
2025-08-15T22:13:42.161-0500	DEBUG	protocol/handler.go:1591	have processed broadcast	{"{round 20 3  <nil>}": {"Key":"from","Type":15,"Integer":0,"String":"a","Interface":null}}
2025-08-15T22:13:42.161-0500	DEBUG	protocol/handler.go:1591	have processed broadcast	{"{round 20 3  <nil>}": {"Key":"from","Type":15,"Integer":0,"String":"b","Interface":null}}
2025-08-15T22:13:42.161-0500	DEBUG	protocol/handler.go:1649	have all messages and processed	{"{round 20 3  <nil>}": {"Key":"self","Type":15,"Integer":0,"String":"c","Interface":null}}
2025-08-15T22:13:42.161-0500	DEBUG	protocol/handler.go:596	round already finalized
2025-08-15T22:13:42.167-0500	DEBUG	protocol/handler.go:581	tryAdvanceRound called	{"{current_round 20 3  <nil>}": {"Key":"self","Type":15,"Integer":0,"String":"a","Interface":null}}
2025-08-15T22:13:42.167-0500	DEBUG	protocol/handler.go:1591	have processed broadcast	{"{round 20 3  <nil>}": {"Key":"from","Type":15,"Integer":0,"String":"b","Interface":null}}
2025-08-15T22:13:42.167-0500	DEBUG	protocol/handler.go:1591	have processed broadcast	{"{round 20 3  <nil>}": {"Key":"from","Type":15,"Integer":0,"String":"c","Interface":null}}
2025-08-15T22:13:42.167-0500	DEBUG	protocol/handler.go:1649	have all messages and processed	{"{round 20 3  <nil>}": {"Key":"self","Type":15,"Integer":0,"String":"a","Interface":null}}
2025-08-15T22:13:42.167-0500	DEBUG	protocol/handler.go:596	round already finalized
2025-08-15T22:13:42.171-0500	DEBUG	protocol/handler.go:581	tryAdvanceRound called	{"{current_round 20 3  <nil>}": {"Key":"self","Type":15,"Integer":0,"String":"c","Interface":null}}
2025-08-15T22:13:42.171-0500	DEBUG	protocol/handler.go:1591	have processed broadcast	{"{round 20 3  <nil>}": {"Key":"from","Type":15,"Integer":0,"String":"a","Interface":null}}
2025-08-15T22:13:42.171-0500	DEBUG	protocol/handler.go:581	tryAdvanceRound called	{"{current_round 20 3  <nil>}": {"Key":"self","Type":15,"Integer":0,"String":"b","Interface":null}}
2025-08-15T22:13:42.171-0500	DEBUG	protocol/handler.go:1591	have processed broadcast	{"{round 20 3  <nil>}": {"Key":"from","Type":15,"Integer":0,"String":"b","Interface":null}}
2025-08-15T22:13:42.171-0500	DEBUG	protocol/handler.go:1649	have all messages and processed	{"{round 20 3  <nil>}": {"Key":"self","Type":15,"Integer":0,"String":"c","Interface":null}}
2025-08-15T22:13:42.171-0500	DEBUG	protocol/handler.go:596	round already finalized
2025-08-15T22:13:42.171-0500	DEBUG	protocol/handler.go:1591	have processed broadcast	{"{round 20 3  <nil>}": {"Key":"from","Type":15,"Integer":0,"String":"a","Interface":null}}
2025-08-15T22:13:42.171-0500	DEBUG	protocol/handler.go:1591	have processed broadcast	{"{round 20 3  <nil>}": {"Key":"from","Type":15,"Integer":0,"String":"c","Interface":null}}
2025-08-15T22:13:42.171-0500	DEBUG	protocol/handler.go:1649	have all messages and processed	{"{round 20 3  <nil>}": {"Key":"self","Type":15,"Integer":0,"String":"b","Interface":null}}
2025-08-15T22:13:42.171-0500	DEBUG	protocol/handler.go:596	round already finalized
2025-08-15T22:13:42.177-0500	DEBUG	protocol/handler.go:581	tryAdvanceRound called	{"{current_round 20 3  <nil>}": {"Key":"self","Type":15,"Integer":0,"String":"a","Interface":null}}
2025-08-15T22:13:42.177-0500	DEBUG	protocol/handler.go:1591	have processed broadcast	{"{round 20 3  <nil>}": {"Key":"from","Type":15,"Integer":0,"String":"b","Interface":null}}
2025-08-15T22:13:42.177-0500	DEBUG	protocol/handler.go:1591	have processed broadcast	{"{round 20 3  <nil>}": {"Key":"from","Type":15,"Integer":0,"String":"c","Interface":null}}
2025-08-15T22:13:42.177-0500	DEBUG	protocol/handler.go:1649	have all messages and processed	{"{round 20 3  <nil>}": {"Key":"self","Type":15,"Integer":0,"String":"a","Interface":null}}
2025-08-15T22:13:42.177-0500	DEBUG	protocol/handler.go:596	round already finalized
2025-08-15T22:13:42.181-0500	DEBUG	protocol/handler.go:581	tryAdvanceRound called	{"{current_round 20 3  <nil>}": {"Key":"self","Type":15,"Integer":0,"String":"c","Interface":null}}
2025-08-15T22:13:42.181-0500	DEBUG	protocol/handler.go:581	tryAdvanceRound called	{"{current_round 20 3  <nil>}": {"Key":"self","Type":15,"Integer":0,"String":"b","Interface":null}}
2025-08-15T22:13:42.181-0500	DEBUG	protocol/handler.go:1591	have processed broadcast	{"{round 20 3  <nil>}": {"Key":"from","Type":15,"Integer":0,"String":"a","Interface":null}}
2025-08-15T22:13:42.181-0500	DEBUG	protocol/handler.go:1591	have processed broadcast	{"{round 20 3  <nil>}": {"Key":"from","Type":15,"Integer":0,"String":"c","Interface":null}}
2025-08-15T22:13:42.181-0500	DEBUG	protocol/handler.go:1591	have processed broadcast	{"{round 20 3  <nil>}": {"Key":"from","Type":15,"Integer":0,"String":"a","Interface":null}}
2025-08-15T22:13:42.182-0500	DEBUG	protocol/handler.go:1649	have all messages and processed	{"{round 20 3  <nil>}": {"Key":"self","Type":15,"Integer":0,"String":"b","Interface":null}}
2025-08-15T22:13:42.182-0500	DEBUG	protocol/handler.go:596	round already finalized
2025-08-15T22:13:42.182-0500	DEBUG	protocol/handler.go:1591	have processed broadcast	{"{round 20 3  <nil>}": {"Key":"from","Type":15,"Integer":0,"String":"b","Interface":null}}
2025-08-15T22:13:42.182-0500	DEBUG	protocol/handler.go:1649	have all messages and processed	{"{round 20 3  <nil>}": {"Key":"self","Type":15,"Integer":0,"String":"c","Interface":null}}
2025-08-15T22:13:42.182-0500	DEBUG	protocol/handler.go:596	round already finalized
2025-08-15T22:13:42.186-0500	DEBUG	protocol/handler.go:581	tryAdvanceRound called	{"{current_round 20 3  <nil>}": {"Key":"self","Type":15,"Integer":0,"String":"a","Interface":null}}
2025-08-15T22:13:42.187-0500	DEBUG	protocol/handler.go:1591	have processed broadcast	{"{round 20 3  <nil>}": {"Key":"from","Type":15,"Integer":0,"String":"b","Interface":null}}
2025-08-15T22:13:42.187-0500	DEBUG	protocol/handler.go:1591	have processed broadcast	{"{round 20 3  <nil>}": {"Key":"from","Type":15,"Integer":0,"String":"c","Interface":null}}
2025-08-15T22:13:42.187-0500	DEBUG	protocol/handler.go:1649	have all messages and processed	{"{round 20 3  <nil>}": {"Key":"self","Type":15,"Integer":0,"String":"a","Interface":null}}
2025-08-15T22:13:42.187-0500	DEBUG	protocol/handler.go:596	round already finalized
2025-08-15T22:13:42.191-0500	DEBUG	protocol/handler.go:581	tryAdvanceRound called	{"{current_round 20 3  <nil>}": {"Key":"self","Type":15,"Integer":0,"String":"b","Interface":null}}
2025-08-15T22:13:42.191-0500	DEBUG	protocol/handler.go:1591	have processed broadcast	{"{round 20 3  <nil>}": {"Key":"from","Type":15,"Integer":0,"String":"a","Interface":null}}
2025-08-15T22:13:42.191-0500	DEBUG	protocol/handler.go:1591	have processed broadcast	{"{round 20 3  <nil>}": {"Key":"from","Type":15,"Integer":0,"String":"c","Interface":null}}
2025-08-15T22:13:42.191-0500	DEBUG	protocol/handler.go:1649	have all messages and processed	{"{round 20 3  <nil>}": {"Key":"self","Type":15,"Integer":0,"String":"b","Interface":null}}
2025-08-15T22:13:42.191-0500	DEBUG	protocol/handler.go:596	round already finalized
2025-08-15T22:13:42.191-0500	DEBUG	protocol/handler.go:581	tryAdvanceRound called	{"{current_round 20 3  <nil>}": {"Key":"self","Type":15,"Integer":0,"String":"c","Interface":null}}
2025-08-15T22:13:42.191-0500	DEBUG	protocol/handler.go:1591	have processed broadcast	{"{round 20 3  <nil>}": {"Key":"from","Type":15,"Integer":0,"String":"a","Interface":null}}
2025-08-15T22:13:42.191-0500	DEBUG	protocol/handler.go:1591	have processed broadcast	{"{round 20 3  <nil>}": {"Key":"from","Type":15,"Integer":0,"String":"b","Interface":null}}
2025-08-15T22:13:42.191-0500	DEBUG	protocol/handler.go:1649	have all messages and processed	{"{round 20 3  <nil>}": {"Key":"self","Type":15,"Integer":0,"String":"c","Interface":null}}
2025-08-15T22:13:42.191-0500	DEBUG	protocol/handler.go:596	round already finalized
2025-08-15T22:13:42.197-0500	DEBUG	protocol/handler.go:581	tryAdvanceRound called	{"{current_round 20 3  <nil>}": {"Key":"self","Type":15,"Integer":0,"String":"a","Interface":null}}
2025-08-15T22:13:42.197-0500	DEBUG	protocol/handler.go:1591	have processed broadcast	{"{round 20 3  <nil>}": {"Key":"from","Type":15,"Integer":0,"String":"b","Interface":null}}
2025-08-15T22:13:42.197-0500	DEBUG	protocol/handler.go:1591	have processed broadcast	{"{round 20 3  <nil>}": {"Key":"from","Type":15,"Integer":0,"String":"c","Interface":null}}
2025-08-15T22:13:42.197-0500	DEBUG	protocol/handler.go:1649	have all messages and processed	{"{round 20 3  <nil>}": {"Key":"self","Type":15,"Integer":0,"String":"a","Interface":null}}
2025-08-15T22:13:42.197-0500	DEBUG	protocol/handler.go:596	round already finalized
2025-08-15T22:13:42.201-0500	DEBUG	protocol/handler.go:581	tryAdvanceRound called	{"{current_round 20 3  <nil>}": {"Key":"self","Type":15,"Integer":0,"String":"b","Interface":null}}
2025-08-15T22:13:42.201-0500	DEBUG	protocol/handler.go:1591	have processed broadcast	{"{round 20 3  <nil>}": {"Key":"from","Type":15,"Integer":0,"String":"a","Interface":null}}
2025-08-15T22:13:42.201-0500	DEBUG	protocol/handler.go:581	tryAdvanceRound called	{"{current_round 20 3  <nil>}": {"Key":"self","Type":15,"Integer":0,"String":"c","Interface":null}}
2025-08-15T22:13:42.201-0500	DEBUG	protocol/handler.go:1591	have processed broadcast	{"{round 20 3  <nil>}": {"Key":"from","Type":15,"Integer":0,"String":"c","Interface":null}}
2025-08-15T22:13:42.201-0500	DEBUG	protocol/handler.go:1591	have processed broadcast	{"{round 20 3  <nil>}": {"Key":"from","Type":15,"Integer":0,"String":"a","Interface":null}}
2025-08-15T22:13:42.201-0500	DEBUG	protocol/handler.go:1649	have all messages and processed	{"{round 20 3  <nil>}": {"Key":"self","Type":15,"Integer":0,"String":"b","Interface":null}}
2025-08-15T22:13:42.201-0500	DEBUG	protocol/handler.go:596	round already finalized
2025-08-15T22:13:42.201-0500	DEBUG	protocol/handler.go:1591	have processed broadcast	{"{round 20 3  <nil>}": {"Key":"from","Type":15,"Integer":0,"String":"b","Interface":null}}
2025-08-15T22:13:42.201-0500	DEBUG	protocol/handler.go:1649	have all messages and processed	{"{round 20 3  <nil>}": {"Key":"self","Type":15,"Integer":0,"String":"c","Interface":null}}
2025-08-15T22:13:42.201-0500	DEBUG	protocol/handler.go:596	round already finalized
2025-08-15T22:13:42.207-0500	DEBUG	protocol/handler.go:581	tryAdvanceRound called	{"{current_round 20 3  <nil>}": {"Key":"self","Type":15,"Integer":0,"String":"a","Interface":null}}
2025-08-15T22:13:42.207-0500	DEBUG	protocol/handler.go:1591	have processed broadcast	{"{round 20 3  <nil>}": {"Key":"from","Type":15,"Integer":0,"String":"b","Interface":null}}
2025-08-15T22:13:42.207-0500	DEBUG	protocol/handler.go:1591	have processed broadcast	{"{round 20 3  <nil>}": {"Key":"from","Type":15,"Integer":0,"String":"c","Interface":null}}
2025-08-15T22:13:42.207-0500	DEBUG	protocol/handler.go:1649	have all messages and processed	{"{round 20 3  <nil>}": {"Key":"self","Type":15,"Integer":0,"String":"a","Interface":null}}
2025-08-15T22:13:42.207-0500	DEBUG	protocol/handler.go:596	round already finalized
2025-08-15T22:13:42.211-0500	DEBUG	protocol/handler.go:581	tryAdvanceRound called	{"{current_round 20 3  <nil>}": {"Key":"self","Type":15,"Integer":0,"String":"b","Interface":null}}
2025-08-15T22:13:42.211-0500	DEBUG	protocol/handler.go:581	tryAdvanceRound called	{"{current_round 20 3  <nil>}": {"Key":"self","Type":15,"Integer":0,"String":"c","Interface":null}}
2025-08-15T22:13:42.211-0500	DEBUG	protocol/handler.go:1591	have processed broadcast	{"{round 20 3  <nil>}": {"Key":"from","Type":15,"Integer":0,"String":"a","Interface":null}}
2025-08-15T22:13:42.211-0500	DEBUG	protocol/handler.go:1591	have processed broadcast	{"{round 20 3  <nil>}": {"Key":"from","Type":15,"Integer":0,"String":"a","Interface":null}}
2025-08-15T22:13:42.211-0500	DEBUG	protocol/handler.go:1591	have processed broadcast	{"{round 20 3  <nil>}": {"Key":"from","Type":15,"Integer":0,"String":"c","Interface":null}}
2025-08-15T22:13:42.211-0500	DEBUG	protocol/handler.go:1649	have all messages and processed	{"{round 20 3  <nil>}": {"Key":"self","Type":15,"Integer":0,"String":"b","Interface":null}}
2025-08-15T22:13:42.211-0500	DEBUG	protocol/handler.go:1591	have processed broadcast	{"{round 20 3  <nil>}": {"Key":"from","Type":15,"Integer":0,"String":"b","Interface":null}}
2025-08-15T22:13:42.211-0500	DEBUG	protocol/handler.go:596	round already finalized
2025-08-15T22:13:42.211-0500	DEBUG	protocol/handler.go:1649	have all messages and processed	{"{round 20 3  <nil>}": {"Key":"self","Type":15,"Integer":0,"String":"c","Interface":null}}
2025-08-15T22:13:42.211-0500	DEBUG	protocol/handler.go:596	round already finalized
2025-08-15T22:13:42.217-0500	DEBUG	protocol/handler.go:581	tryAdvanceRound called	{"{current_round 20 3  <nil>}": {"Key":"self","Type":15,"Integer":0,"String":"a","Interface":null}}
2025-08-15T22:13:42.217-0500	DEBUG	protocol/handler.go:1591	have processed broadcast	{"{round 20 3  <nil>}": {"Key":"from","Type":15,"Integer":0,"String":"b","Interface":null}}
2025-08-15T22:13:42.217-0500	DEBUG	protocol/handler.go:1591	have processed broadcast	{"{round 20 3  <nil>}": {"Key":"from","Type":15,"Integer":0,"String":"c","Interface":null}}
2025-08-15T22:13:42.217-0500	DEBUG	protocol/handler.go:1649	have all messages and processed	{"{round 20 3  <nil>}": {"Key":"self","Type":15,"Integer":0,"String":"a","Interface":null}}
2025-08-15T22:13:42.217-0500	DEBUG	protocol/handler.go:596	round already finalized
2025-08-15T22:13:42.221-0500	DEBUG	protocol/handler.go:581	tryAdvanceRound called	{"{current_round 20 3  <nil>}": {"Key":"self","Type":15,"Integer":0,"String":"b","Interface":null}}
2025-08-15T22:13:42.221-0500	DEBUG	protocol/handler.go:581	tryAdvanceRound called	{"{current_round 20 3  <nil>}": {"Key":"self","Type":15,"Integer":0,"String":"c","Interface":null}}
2025-08-15T22:13:42.221-0500	DEBUG	protocol/handler.go:1591	have processed broadcast	{"{round 20 3  <nil>}": {"Key":"from","Type":15,"Integer":0,"String":"a","Interface":null}}
2025-08-15T22:13:42.221-0500	DEBUG	protocol/handler.go:1591	have processed broadcast	{"{round 20 3  <nil>}": {"Key":"from","Type":15,"Integer":0,"String":"a","Interface":null}}
2025-08-15T22:13:42.221-0500	DEBUG	protocol/handler.go:1591	have processed broadcast	{"{round 20 3  <nil>}": {"Key":"from","Type":15,"Integer":0,"String":"c","Interface":null}}
2025-08-15T22:13:42.221-0500	DEBUG	protocol/handler.go:1591	have processed broadcast	{"{round 20 3  <nil>}": {"Key":"from","Type":15,"Integer":0,"String":"b","Interface":null}}
2025-08-15T22:13:42.221-0500	DEBUG	protocol/handler.go:1649	have all messages and processed	{"{round 20 3  <nil>}": {"Key":"self","Type":15,"Integer":0,"String":"b","Interface":null}}
2025-08-15T22:13:42.221-0500	DEBUG	protocol/handler.go:596	round already finalized
2025-08-15T22:13:42.221-0500	DEBUG	protocol/handler.go:1649	have all messages and processed	{"{round 20 3  <nil>}": {"Key":"self","Type":15,"Integer":0,"String":"c","Interface":null}}
2025-08-15T22:13:42.221-0500	DEBUG	protocol/handler.go:596	round already finalized
2025-08-15T22:13:42.226-0500	DEBUG	protocol/handler.go:581	tryAdvanceRound called	{"{current_round 20 3  <nil>}": {"Key":"self","Type":15,"Integer":0,"String":"a","Interface":null}}
2025-08-15T22:13:42.227-0500	DEBUG	protocol/handler.go:1591	have processed broadcast	{"{round 20 3  <nil>}": {"Key":"from","Type":15,"Integer":0,"String":"b","Interface":null}}
2025-08-15T22:13:42.227-0500	DEBUG	protocol/handler.go:1591	have processed broadcast	{"{round 20 3  <nil>}": {"Key":"from","Type":15,"Integer":0,"String":"c","Interface":null}}
2025-08-15T22:13:42.227-0500	DEBUG	protocol/handler.go:1649	have all messages and processed	{"{round 20 3  <nil>}": {"Key":"self","Type":15,"Integer":0,"String":"a","Interface":null}}
2025-08-15T22:13:42.227-0500	DEBUG	protocol/handler.go:596	round already finalized
2025-08-15T22:13:42.231-0500	DEBUG	protocol/handler.go:581	tryAdvanceRound called	{"{current_round 20 3  <nil>}": {"Key":"self","Type":15,"Integer":0,"String":"b","Interface":null}}
2025-08-15T22:13:42.231-0500	DEBUG	protocol/handler.go:1591	have processed broadcast	{"{round 20 3  <nil>}": {"Key":"from","Type":15,"Integer":0,"String":"a","Interface":null}}
2025-08-15T22:13:42.231-0500	DEBUG	protocol/handler.go:1591	have processed broadcast	{"{round 20 3  <nil>}": {"Key":"from","Type":15,"Integer":0,"String":"c","Interface":null}}
2025-08-15T22:13:42.231-0500	DEBUG	protocol/handler.go:1649	have all messages and processed	{"{round 20 3  <nil>}": {"Key":"self","Type":15,"Integer":0,"String":"b","Interface":null}}
2025-08-15T22:13:42.231-0500	DEBUG	protocol/handler.go:596	round already finalized
2025-08-15T22:13:42.231-0500	DEBUG	protocol/handler.go:581	tryAdvanceRound called	{"{current_round 20 3  <nil>}": {"Key":"self","Type":15,"Integer":0,"String":"c","Interface":null}}
2025-08-15T22:13:42.231-0500	DEBUG	protocol/handler.go:1591	have processed broadcast	{"{round 20 3  <nil>}": {"Key":"from","Type":15,"Integer":0,"String":"a","Interface":null}}
2025-08-15T22:13:42.231-0500	DEBUG	protocol/handler.go:1591	have processed broadcast	{"{round 20 3  <nil>}": {"Key":"from","Type":15,"Integer":0,"String":"b","Interface":null}}
2025-08-15T22:13:42.231-0500	DEBUG	protocol/handler.go:1649	have all messages and processed	{"{round 20 3  <nil>}": {"Key":"self","Type":15,"Integer":0,"String":"c","Interface":null}}
2025-08-15T22:13:42.231-0500	DEBUG	protocol/handler.go:596	round already finalized
2025-08-15T22:13:42.237-0500	DEBUG	protocol/handler.go:581	tryAdvanceRound called	{"{current_round 20 3  <nil>}": {"Key":"self","Type":15,"Integer":0,"String":"a","Interface":null}}
2025-08-15T22:13:42.237-0500	DEBUG	protocol/handler.go:1591	have processed broadcast	{"{round 20 3  <nil>}": {"Key":"from","Type":15,"Integer":0,"String":"b","Interface":null}}
2025-08-15T22:13:42.237-0500	DEBUG	protocol/handler.go:1591	have processed broadcast	{"{round 20 3  <nil>}": {"Key":"from","Type":15,"Integer":0,"String":"c","Interface":null}}
2025-08-15T22:13:42.237-0500	DEBUG	protocol/handler.go:1649	have all messages and processed	{"{round 20 3  <nil>}": {"Key":"self","Type":15,"Integer":0,"String":"a","Interface":null}}
2025-08-15T22:13:42.237-0500	DEBUG	protocol/handler.go:596	round already finalized
2025-08-15T22:13:42.241-0500	DEBUG	protocol/handler.go:581	tryAdvanceRound called	{"{current_round 20 3  <nil>}": {"Key":"self","Type":15,"Integer":0,"String":"b","Interface":null}}
2025-08-15T22:13:42.241-0500	DEBUG	protocol/handler.go:581	tryAdvanceRound called	{"{current_round 20 3  <nil>}": {"Key":"self","Type":15,"Integer":0,"String":"c","Interface":null}}
2025-08-15T22:13:42.241-0500	DEBUG	protocol/handler.go:1591	have processed broadcast	{"{round 20 3  <nil>}": {"Key":"from","Type":15,"Integer":0,"String":"a","Interface":null}}
2025-08-15T22:13:42.241-0500	DEBUG	protocol/handler.go:1591	have processed broadcast	{"{round 20 3  <nil>}": {"Key":"from","Type":15,"Integer":0,"String":"a","Interface":null}}
2025-08-15T22:13:42.241-0500	DEBUG	protocol/handler.go:1591	have processed broadcast	{"{round 20 3  <nil>}": {"Key":"from","Type":15,"Integer":0,"String":"c","Interface":null}}
2025-08-15T22:13:42.241-0500	DEBUG	protocol/handler.go:1591	have processed broadcast	{"{round 20 3  <nil>}": {"Key":"from","Type":15,"Integer":0,"String":"b","Interface":null}}
2025-08-15T22:13:42.241-0500	DEBUG	protocol/handler.go:1649	have all messages and processed	{"{round 20 3  <nil>}": {"Key":"self","Type":15,"Integer":0,"String":"b","Interface":null}}
2025-08-15T22:13:42.241-0500	DEBUG	protocol/handler.go:1649	have all messages and processed	{"{round 20 3  <nil>}": {"Key":"self","Type":15,"Integer":0,"String":"c","Interface":null}}
2025-08-15T22:13:42.241-0500	DEBUG	protocol/handler.go:596	round already finalized
2025-08-15T22:13:42.241-0500	DEBUG	protocol/handler.go:596	round already finalized
2025-08-15T22:13:42.247-0500	DEBUG	protocol/handler.go:581	tryAdvanceRound called	{"{current_round 20 3  <nil>}": {"Key":"self","Type":15,"Integer":0,"String":"a","Interface":null}}
2025-08-15T22:13:42.247-0500	DEBUG	protocol/handler.go:1591	have processed broadcast	{"{round 20 3  <nil>}": {"Key":"from","Type":15,"Integer":0,"String":"b","Interface":null}}
2025-08-15T22:13:42.247-0500	DEBUG	protocol/handler.go:1591	have processed broadcast	{"{round 20 3  <nil>}": {"Key":"from","Type":15,"Integer":0,"String":"c","Interface":null}}
2025-08-15T22:13:42.247-0500	DEBUG	protocol/handler.go:1649	have all messages and processed	{"{round 20 3  <nil>}": {"Key":"self","Type":15,"Integer":0,"String":"a","Interface":null}}
2025-08-15T22:13:42.247-0500	DEBUG	protocol/handler.go:596	round already finalized
2025-08-15T22:13:42.251-0500	DEBUG	protocol/handler.go:581	tryAdvanceRound called	{"{current_round 20 3  <nil>}": {"Key":"self","Type":15,"Integer":0,"String":"b","Interface":null}}
2025-08-15T22:13:42.251-0500	DEBUG	protocol/handler.go:581	tryAdvanceRound called	{"{current_round 20 3  <nil>}": {"Key":"self","Type":15,"Integer":0,"String":"c","Interface":null}}
2025-08-15T22:13:42.251-0500	DEBUG	protocol/handler.go:1591	have processed broadcast	{"{round 20 3  <nil>}": {"Key":"from","Type":15,"Integer":0,"String":"a","Interface":null}}
2025-08-15T22:13:42.251-0500	DEBUG	protocol/handler.go:1591	have processed broadcast	{"{round 20 3  <nil>}": {"Key":"from","Type":15,"Integer":0,"String":"a","Interface":null}}
2025-08-15T22:13:42.251-0500	DEBUG	protocol/handler.go:1591	have processed broadcast	{"{round 20 3  <nil>}": {"Key":"from","Type":15,"Integer":0,"String":"c","Interface":null}}
2025-08-15T22:13:42.251-0500	DEBUG	protocol/handler.go:1591	have processed broadcast	{"{round 20 3  <nil>}": {"Key":"from","Type":15,"Integer":0,"String":"b","Interface":null}}
2025-08-15T22:13:42.251-0500	DEBUG	protocol/handler.go:1649	have all messages and processed	{"{round 20 3  <nil>}": {"Key":"self","Type":15,"Integer":0,"String":"b","Interface":null}}
2025-08-15T22:13:42.251-0500	DEBUG	protocol/handler.go:1649	have all messages and processed	{"{round 20 3  <nil>}": {"Key":"self","Type":15,"Integer":0,"String":"c","Interface":null}}
2025-08-15T22:13:42.251-0500	DEBUG	protocol/handler.go:596	round already finalized
2025-08-15T22:13:42.251-0500	DEBUG	protocol/handler.go:596	round already finalized
2025-08-15T22:13:42.257-0500	DEBUG	protocol/handler.go:581	tryAdvanceRound called	{"{current_round 20 3  <nil>}": {"Key":"self","Type":15,"Integer":0,"String":"a","Interface":null}}
2025-08-15T22:13:42.257-0500	DEBUG	protocol/handler.go:1591	have processed broadcast	{"{round 20 3  <nil>}": {"Key":"from","Type":15,"Integer":0,"String":"b","Interface":null}}
2025-08-15T22:13:42.257-0500	DEBUG	protocol/handler.go:1591	have processed broadcast	{"{round 20 3  <nil>}": {"Key":"from","Type":15,"Integer":0,"String":"c","Interface":null}}
2025-08-15T22:13:42.257-0500	DEBUG	protocol/handler.go:1649	have all messages and processed	{"{round 20 3  <nil>}": {"Key":"self","Type":15,"Integer":0,"String":"a","Interface":null}}
2025-08-15T22:13:42.257-0500	DEBUG	protocol/handler.go:596	round already finalized
2025-08-15T22:13:42.261-0500	DEBUG	protocol/handler.go:581	tryAdvanceRound called	{"{current_round 20 3  <nil>}": {"Key":"self","Type":15,"Integer":0,"String":"b","Interface":null}}
2025-08-15T22:13:42.261-0500	DEBUG	protocol/handler.go:581	tryAdvanceRound called	{"{current_round 20 3  <nil>}": {"Key":"self","Type":15,"Integer":0,"String":"c","Interface":null}}
2025-08-15T22:13:42.261-0500	DEBUG	protocol/handler.go:1591	have processed broadcast	{"{round 20 3  <nil>}": {"Key":"from","Type":15,"Integer":0,"String":"a","Interface":null}}
2025-08-15T22:13:42.261-0500	DEBUG	protocol/handler.go:1591	have processed broadcast	{"{round 20 3  <nil>}": {"Key":"from","Type":15,"Integer":0,"String":"a","Interface":null}}
2025-08-15T22:13:42.261-0500	DEBUG	protocol/handler.go:1591	have processed broadcast	{"{round 20 3  <nil>}": {"Key":"from","Type":15,"Integer":0,"String":"c","Interface":null}}
2025-08-15T22:13:42.261-0500	DEBUG	protocol/handler.go:1591	have processed broadcast	{"{round 20 3  <nil>}": {"Key":"from","Type":15,"Integer":0,"String":"b","Interface":null}}
2025-08-15T22:13:42.261-0500	DEBUG	protocol/handler.go:1649	have all messages and processed	{"{round 20 3  <nil>}": {"Key":"self","Type":15,"Integer":0,"String":"b","Interface":null}}
2025-08-15T22:13:42.261-0500	DEBUG	protocol/handler.go:596	round already finalized
2025-08-15T22:13:42.261-0500	DEBUG	protocol/handler.go:1649	have all messages and processed	{"{round 20 3  <nil>}": {"Key":"self","Type":15,"Integer":0,"String":"c","Interface":null}}
2025-08-15T22:13:42.261-0500	DEBUG	protocol/handler.go:596	round already finalized
2025-08-15T22:13:42.267-0500	DEBUG	protocol/handler.go:581	tryAdvanceRound called	{"{current_round 20 3  <nil>}": {"Key":"self","Type":15,"Integer":0,"String":"a","Interface":null}}
2025-08-15T22:13:42.267-0500	DEBUG	protocol/handler.go:1591	have processed broadcast	{"{round 20 3  <nil>}": {"Key":"from","Type":15,"Integer":0,"String":"b","Interface":null}}
2025-08-15T22:13:42.267-0500	DEBUG	protocol/handler.go:1591	have processed broadcast	{"{round 20 3  <nil>}": {"Key":"from","Type":15,"Integer":0,"String":"c","Interface":null}}
2025-08-15T22:13:42.267-0500	DEBUG	protocol/handler.go:1649	have all messages and processed	{"{round 20 3  <nil>}": {"Key":"self","Type":15,"Integer":0,"String":"a","Interface":null}}
2025-08-15T22:13:42.267-0500	DEBUG	protocol/handler.go:596	round already finalized
2025-08-15T22:13:42.271-0500	DEBUG	protocol/handler.go:581	tryAdvanceRound called	{"{current_round 20 3  <nil>}": {"Key":"self","Type":15,"Integer":0,"String":"b","Interface":null}}
2025-08-15T22:13:42.271-0500	DEBUG	protocol/handler.go:1591	have processed broadcast	{"{round 20 3  <nil>}": {"Key":"from","Type":15,"Integer":0,"String":"a","Interface":null}}
2025-08-15T22:13:42.272-0500	DEBUG	protocol/handler.go:1591	have processed broadcast	{"{round 20 3  <nil>}": {"Key":"from","Type":15,"Integer":0,"String":"c","Interface":null}}
2025-08-15T22:13:42.272-0500	DEBUG	protocol/handler.go:581	tryAdvanceRound called	{"{current_round 20 3  <nil>}": {"Key":"self","Type":15,"Integer":0,"String":"c","Interface":null}}
2025-08-15T22:13:42.272-0500	DEBUG	protocol/handler.go:1649	have all messages and processed	{"{round 20 3  <nil>}": {"Key":"self","Type":15,"Integer":0,"String":"b","Interface":null}}
2025-08-15T22:13:42.272-0500	DEBUG	protocol/handler.go:596	round already finalized
2025-08-15T22:13:42.272-0500	DEBUG	protocol/handler.go:1591	have processed broadcast	{"{round 20 3  <nil>}": {"Key":"from","Type":15,"Integer":0,"String":"a","Interface":null}}
2025-08-15T22:13:42.272-0500	DEBUG	protocol/handler.go:1591	have processed broadcast	{"{round 20 3  <nil>}": {"Key":"from","Type":15,"Integer":0,"String":"b","Interface":null}}
2025-08-15T22:13:42.272-0500	DEBUG	protocol/handler.go:1649	have all messages and processed	{"{round 20 3  <nil>}": {"Key":"self","Type":15,"Integer":0,"String":"c","Interface":null}}
2025-08-15T22:13:42.272-0500	DEBUG	protocol/handler.go:596	round already finalized
2025-08-15T22:13:42.276-0500	DEBUG	protocol/handler.go:581	tryAdvanceRound called	{"{current_round 20 3  <nil>}": {"Key":"self","Type":15,"Integer":0,"String":"a","Interface":null}}
2025-08-15T22:13:42.277-0500	DEBUG	protocol/handler.go:1591	have processed broadcast	{"{round 20 3  <nil>}": {"Key":"from","Type":15,"Integer":0,"String":"b","Interface":null}}
2025-08-15T22:13:42.277-0500	DEBUG	protocol/handler.go:1591	have processed broadcast	{"{round 20 3  <nil>}": {"Key":"from","Type":15,"Integer":0,"String":"c","Interface":null}}
2025-08-15T22:13:42.277-0500	DEBUG	protocol/handler.go:1649	have all messages and processed	{"{round 20 3  <nil>}": {"Key":"self","Type":15,"Integer":0,"String":"a","Interface":null}}
2025-08-15T22:13:42.277-0500	DEBUG	protocol/handler.go:596	round already finalized
2025-08-15T22:13:42.281-0500	DEBUG	protocol/handler.go:581	tryAdvanceRound called	{"{current_round 20 3  <nil>}": {"Key":"self","Type":15,"Integer":0,"String":"c","Interface":null}}
2025-08-15T22:13:42.281-0500	DEBUG	protocol/handler.go:581	tryAdvanceRound called	{"{current_round 20 3  <nil>}": {"Key":"self","Type":15,"Integer":0,"String":"b","Interface":null}}
2025-08-15T22:13:42.281-0500	DEBUG	protocol/handler.go:1591	have processed broadcast	{"{round 20 3  <nil>}": {"Key":"from","Type":15,"Integer":0,"String":"a","Interface":null}}
2025-08-15T22:13:42.281-0500	DEBUG	protocol/handler.go:1591	have processed broadcast	{"{round 20 3  <nil>}": {"Key":"from","Type":15,"Integer":0,"String":"a","Interface":null}}
2025-08-15T22:13:42.281-0500	DEBUG	protocol/handler.go:1591	have processed broadcast	{"{round 20 3  <nil>}": {"Key":"from","Type":15,"Integer":0,"String":"b","Interface":null}}
2025-08-15T22:13:42.281-0500	DEBUG	protocol/handler.go:1591	have processed broadcast	{"{round 20 3  <nil>}": {"Key":"from","Type":15,"Integer":0,"String":"c","Interface":null}}
2025-08-15T22:13:42.281-0500	DEBUG	protocol/handler.go:1649	have all messages and processed	{"{round 20 3  <nil>}": {"Key":"self","Type":15,"Integer":0,"String":"c","Interface":null}}
2025-08-15T22:13:42.281-0500	DEBUG	protocol/handler.go:1649	have all messages and processed	{"{round 20 3  <nil>}": {"Key":"self","Type":15,"Integer":0,"String":"b","Interface":null}}
2025-08-15T22:13:42.281-0500	DEBUG	protocol/handler.go:596	round already finalized
2025-08-15T22:13:42.281-0500	DEBUG	protocol/handler.go:596	round already finalized
2025-08-15T22:13:42.287-0500	DEBUG	protocol/handler.go:581	tryAdvanceRound called	{"{current_round 20 3  <nil>}": {"Key":"self","Type":15,"Integer":0,"String":"a","Interface":null}}
2025-08-15T22:13:42.287-0500	DEBUG	protocol/handler.go:1591	have processed broadcast	{"{round 20 3  <nil>}": {"Key":"from","Type":15,"Integer":0,"String":"b","Interface":null}}
2025-08-15T22:13:42.287-0500	DEBUG	protocol/handler.go:1591	have processed broadcast	{"{round 20 3  <nil>}": {"Key":"from","Type":15,"Integer":0,"String":"c","Interface":null}}
2025-08-15T22:13:42.287-0500	DEBUG	protocol/handler.go:1649	have all messages and processed	{"{round 20 3  <nil>}": {"Key":"self","Type":15,"Integer":0,"String":"a","Interface":null}}
2025-08-15T22:13:42.287-0500	DEBUG	protocol/handler.go:596	round already finalized
2025-08-15T22:13:42.291-0500	DEBUG	protocol/handler.go:581	tryAdvanceRound called	{"{current_round 20 3  <nil>}": {"Key":"self","Type":15,"Integer":0,"String":"b","Interface":null}}
2025-08-15T22:13:42.291-0500	DEBUG	protocol/handler.go:581	tryAdvanceRound called	{"{current_round 20 3  <nil>}": {"Key":"self","Type":15,"Integer":0,"String":"c","Interface":null}}
2025-08-15T22:13:42.291-0500	DEBUG	protocol/handler.go:1591	have processed broadcast	{"{round 20 3  <nil>}": {"Key":"from","Type":15,"Integer":0,"String":"a","Interface":null}}
2025-08-15T22:13:42.291-0500	DEBUG	protocol/handler.go:1591	have processed broadcast	{"{round 20 3  <nil>}": {"Key":"from","Type":15,"Integer":0,"String":"c","Interface":null}}
2025-08-15T22:13:42.291-0500	DEBUG	protocol/handler.go:1591	have processed broadcast	{"{round 20 3  <nil>}": {"Key":"from","Type":15,"Integer":0,"String":"a","Interface":null}}
2025-08-15T22:13:42.291-0500	DEBUG	protocol/handler.go:1649	have all messages and processed	{"{round 20 3  <nil>}": {"Key":"self","Type":15,"Integer":0,"String":"b","Interface":null}}
2025-08-15T22:13:42.291-0500	DEBUG	protocol/handler.go:1591	have processed broadcast	{"{round 20 3  <nil>}": {"Key":"from","Type":15,"Integer":0,"String":"b","Interface":null}}
2025-08-15T22:13:42.291-0500	DEBUG	protocol/handler.go:596	round already finalized
2025-08-15T22:13:42.291-0500	DEBUG	protocol/handler.go:1649	have all messages and processed	{"{round 20 3  <nil>}": {"Key":"self","Type":15,"Integer":0,"String":"c","Interface":null}}
2025-08-15T22:13:42.291-0500	DEBUG	protocol/handler.go:596	round already finalized
2025-08-15T22:13:42.296-0500	DEBUG	protocol/handler.go:581	tryAdvanceRound called	{"{current_round 20 3  <nil>}": {"Key":"self","Type":15,"Integer":0,"String":"a","Interface":null}}
2025-08-15T22:13:42.296-0500	DEBUG	protocol/handler.go:1591	have processed broadcast	{"{round 20 3  <nil>}": {"Key":"from","Type":15,"Integer":0,"String":"b","Interface":null}}
2025-08-15T22:13:42.297-0500	DEBUG	protocol/handler.go:1591	have processed broadcast	{"{round 20 3  <nil>}": {"Key":"from","Type":15,"Integer":0,"String":"c","Interface":null}}
2025-08-15T22:13:42.297-0500	DEBUG	protocol/handler.go:1649	have all messages and processed	{"{round 20 3  <nil>}": {"Key":"self","Type":15,"Integer":0,"String":"a","Interface":null}}
2025-08-15T22:13:42.297-0500	DEBUG	protocol/handler.go:596	round already finalized
2025-08-15T22:13:42.301-0500	DEBUG	protocol/handler.go:581	tryAdvanceRound called	{"{current_round 20 3  <nil>}": {"Key":"self","Type":15,"Integer":0,"String":"c","Interface":null}}
2025-08-15T22:13:42.301-0500	DEBUG	protocol/handler.go:581	tryAdvanceRound called	{"{current_round 20 3  <nil>}": {"Key":"self","Type":15,"Integer":0,"String":"b","Interface":null}}
2025-08-15T22:13:42.301-0500	DEBUG	protocol/handler.go:1591	have processed broadcast	{"{round 20 3  <nil>}": {"Key":"from","Type":15,"Integer":0,"String":"a","Interface":null}}
2025-08-15T22:13:42.301-0500	DEBUG	protocol/handler.go:1591	have processed broadcast	{"{round 20 3  <nil>}": {"Key":"from","Type":15,"Integer":0,"String":"a","Interface":null}}
2025-08-15T22:13:42.301-0500	DEBUG	protocol/handler.go:1591	have processed broadcast	{"{round 20 3  <nil>}": {"Key":"from","Type":15,"Integer":0,"String":"b","Interface":null}}
2025-08-15T22:13:42.301-0500	DEBUG	protocol/handler.go:1591	have processed broadcast	{"{round 20 3  <nil>}": {"Key":"from","Type":15,"Integer":0,"String":"c","Interface":null}}
2025-08-15T22:13:42.301-0500	DEBUG	protocol/handler.go:1649	have all messages and processed	{"{round 20 3  <nil>}": {"Key":"self","Type":15,"Integer":0,"String":"c","Interface":null}}
2025-08-15T22:13:42.301-0500	DEBUG	protocol/handler.go:596	round already finalized
2025-08-15T22:13:42.301-0500	DEBUG	protocol/handler.go:1649	have all messages and processed	{"{round 20 3  <nil>}": {"Key":"self","Type":15,"Integer":0,"String":"b","Interface":null}}
2025-08-15T22:13:42.301-0500	DEBUG	protocol/handler.go:596	round already finalized
2025-08-15T22:13:42.307-0500	DEBUG	protocol/handler.go:581	tryAdvanceRound called	{"{current_round 20 3  <nil>}": {"Key":"self","Type":15,"Integer":0,"String":"a","Interface":null}}
2025-08-15T22:13:42.307-0500	DEBUG	protocol/handler.go:1591	have processed broadcast	{"{round 20 3  <nil>}": {"Key":"from","Type":15,"Integer":0,"String":"b","Interface":null}}
2025-08-15T22:13:42.307-0500	DEBUG	protocol/handler.go:1591	have processed broadcast	{"{round 20 3  <nil>}": {"Key":"from","Type":15,"Integer":0,"String":"c","Interface":null}}
2025-08-15T22:13:42.307-0500	DEBUG	protocol/handler.go:1649	have all messages and processed	{"{round 20 3  <nil>}": {"Key":"self","Type":15,"Integer":0,"String":"a","Interface":null}}
2025-08-15T22:13:42.307-0500	DEBUG	protocol/handler.go:596	round already finalized
2025-08-15T22:13:42.311-0500	DEBUG	protocol/handler.go:581	tryAdvanceRound called	{"{current_round 20 3  <nil>}": {"Key":"self","Type":15,"Integer":0,"String":"b","Interface":null}}
2025-08-15T22:13:42.311-0500	DEBUG	protocol/handler.go:581	tryAdvanceRound called	{"{current_round 20 3  <nil>}": {"Key":"self","Type":15,"Integer":0,"String":"c","Interface":null}}
2025-08-15T22:13:42.311-0500	DEBUG	protocol/handler.go:1591	have processed broadcast	{"{round 20 3  <nil>}": {"Key":"from","Type":15,"Integer":0,"String":"a","Interface":null}}
2025-08-15T22:13:42.311-0500	DEBUG	protocol/handler.go:1591	have processed broadcast	{"{round 20 3  <nil>}": {"Key":"from","Type":15,"Integer":0,"String":"c","Interface":null}}
2025-08-15T22:13:42.311-0500	DEBUG	protocol/handler.go:1591	have processed broadcast	{"{round 20 3  <nil>}": {"Key":"from","Type":15,"Integer":0,"String":"a","Interface":null}}
2025-08-15T22:13:42.311-0500	DEBUG	protocol/handler.go:1649	have all messages and processed	{"{round 20 3  <nil>}": {"Key":"self","Type":15,"Integer":0,"String":"b","Interface":null}}
2025-08-15T22:13:42.311-0500	DEBUG	protocol/handler.go:1591	have processed broadcast	{"{round 20 3  <nil>}": {"Key":"from","Type":15,"Integer":0,"String":"b","Interface":null}}
2025-08-15T22:13:42.311-0500	DEBUG	protocol/handler.go:596	round already finalized
2025-08-15T22:13:42.311-0500	DEBUG	protocol/handler.go:1649	have all messages and processed	{"{round 20 3  <nil>}": {"Key":"self","Type":15,"Integer":0,"String":"c","Interface":null}}
2025-08-15T22:13:42.311-0500	DEBUG	protocol/handler.go:596	round already finalized
2025-08-15T22:13:42.317-0500	DEBUG	protocol/handler.go:581	tryAdvanceRound called	{"{current_round 20 3  <nil>}": {"Key":"self","Type":15,"Integer":0,"String":"a","Interface":null}}
2025-08-15T22:13:42.317-0500	DEBUG	protocol/handler.go:1591	have processed broadcast	{"{round 20 3  <nil>}": {"Key":"from","Type":15,"Integer":0,"String":"b","Interface":null}}
2025-08-15T22:13:42.317-0500	DEBUG	protocol/handler.go:1591	have processed broadcast	{"{round 20 3  <nil>}": {"Key":"from","Type":15,"Integer":0,"String":"c","Interface":null}}
2025-08-15T22:13:42.317-0500	DEBUG	protocol/handler.go:1649	have all messages and processed	{"{round 20 3  <nil>}": {"Key":"self","Type":15,"Integer":0,"String":"a","Interface":null}}
2025-08-15T22:13:42.317-0500	DEBUG	protocol/handler.go:596	round already finalized
2025-08-15T22:13:42.321-0500	DEBUG	protocol/handler.go:581	tryAdvanceRound called	{"{current_round 20 3  <nil>}": {"Key":"self","Type":15,"Integer":0,"String":"b","Interface":null}}
2025-08-15T22:13:42.321-0500	DEBUG	protocol/handler.go:581	tryAdvanceRound called	{"{current_round 20 3  <nil>}": {"Key":"self","Type":15,"Integer":0,"String":"c","Interface":null}}
2025-08-15T22:13:42.321-0500	DEBUG	protocol/handler.go:1591	have processed broadcast	{"{round 20 3  <nil>}": {"Key":"from","Type":15,"Integer":0,"String":"a","Interface":null}}
2025-08-15T22:13:42.321-0500	DEBUG	protocol/handler.go:1591	have processed broadcast	{"{round 20 3  <nil>}": {"Key":"from","Type":15,"Integer":0,"String":"a","Interface":null}}
2025-08-15T22:13:42.321-0500	DEBUG	protocol/handler.go:1591	have processed broadcast	{"{round 20 3  <nil>}": {"Key":"from","Type":15,"Integer":0,"String":"b","Interface":null}}
2025-08-15T22:13:42.321-0500	DEBUG	protocol/handler.go:1591	have processed broadcast	{"{round 20 3  <nil>}": {"Key":"from","Type":15,"Integer":0,"String":"c","Interface":null}}
2025-08-15T22:13:42.321-0500	DEBUG	protocol/handler.go:1649	have all messages and processed	{"{round 20 3  <nil>}": {"Key":"self","Type":15,"Integer":0,"String":"c","Interface":null}}
2025-08-15T22:13:42.321-0500	DEBUG	protocol/handler.go:1649	have all messages and processed	{"{round 20 3  <nil>}": {"Key":"self","Type":15,"Integer":0,"String":"b","Interface":null}}
2025-08-15T22:13:42.321-0500	DEBUG	protocol/handler.go:596	round already finalized
2025-08-15T22:13:42.321-0500	DEBUG	protocol/handler.go:596	round already finalized
2025-08-15T22:13:42.326-0500	DEBUG	protocol/handler.go:581	tryAdvanceRound called	{"{current_round 20 3  <nil>}": {"Key":"self","Type":15,"Integer":0,"String":"a","Interface":null}}
2025-08-15T22:13:42.326-0500	DEBUG	protocol/handler.go:1591	have processed broadcast	{"{round 20 3  <nil>}": {"Key":"from","Type":15,"Integer":0,"String":"b","Interface":null}}
2025-08-15T22:13:42.326-0500	DEBUG	protocol/handler.go:1591	have processed broadcast	{"{round 20 3  <nil>}": {"Key":"from","Type":15,"Integer":0,"String":"c","Interface":null}}
2025-08-15T22:13:42.327-0500	DEBUG	protocol/handler.go:1649	have all messages and processed	{"{round 20 3  <nil>}": {"Key":"self","Type":15,"Integer":0,"String":"a","Interface":null}}
2025-08-15T22:13:42.327-0500	DEBUG	protocol/handler.go:596	round already finalized
2025-08-15T22:13:42.331-0500	DEBUG	protocol/handler.go:581	tryAdvanceRound called	{"{current_round 20 3  <nil>}": {"Key":"self","Type":15,"Integer":0,"String":"b","Interface":null}}
2025-08-15T22:13:42.331-0500	DEBUG	protocol/handler.go:1591	have processed broadcast	{"{round 20 3  <nil>}": {"Key":"from","Type":15,"Integer":0,"String":"a","Interface":null}}
2025-08-15T22:13:42.331-0500	DEBUG	protocol/handler.go:1591	have processed broadcast	{"{round 20 3  <nil>}": {"Key":"from","Type":15,"Integer":0,"String":"c","Interface":null}}
2025-08-15T22:13:42.331-0500	DEBUG	protocol/handler.go:1649	have all messages and processed	{"{round 20 3  <nil>}": {"Key":"self","Type":15,"Integer":0,"String":"b","Interface":null}}
2025-08-15T22:13:42.331-0500	DEBUG	protocol/handler.go:596	round already finalized
2025-08-15T22:13:42.331-0500	DEBUG	protocol/handler.go:581	tryAdvanceRound called	{"{current_round 20 3  <nil>}": {"Key":"self","Type":15,"Integer":0,"String":"c","Interface":null}}
2025-08-15T22:13:42.331-0500	DEBUG	protocol/handler.go:1591	have processed broadcast	{"{round 20 3  <nil>}": {"Key":"from","Type":15,"Integer":0,"String":"a","Interface":null}}
2025-08-15T22:13:42.331-0500	DEBUG	protocol/handler.go:1591	have processed broadcast	{"{round 20 3  <nil>}": {"Key":"from","Type":15,"Integer":0,"String":"b","Interface":null}}
2025-08-15T22:13:42.331-0500	DEBUG	protocol/handler.go:1649	have all messages and processed	{"{round 20 3  <nil>}": {"Key":"self","Type":15,"Integer":0,"String":"c","Interface":null}}
2025-08-15T22:13:42.331-0500	DEBUG	protocol/handler.go:596	round already finalized
2025-08-15T22:13:42.337-0500	DEBUG	protocol/handler.go:581	tryAdvanceRound called	{"{current_round 20 3  <nil>}": {"Key":"self","Type":15,"Integer":0,"String":"a","Interface":null}}
2025-08-15T22:13:42.337-0500	DEBUG	protocol/handler.go:1591	have processed broadcast	{"{round 20 3  <nil>}": {"Key":"from","Type":15,"Integer":0,"String":"b","Interface":null}}
2025-08-15T22:13:42.337-0500	DEBUG	protocol/handler.go:1591	have processed broadcast	{"{round 20 3  <nil>}": {"Key":"from","Type":15,"Integer":0,"String":"c","Interface":null}}
2025-08-15T22:13:42.337-0500	DEBUG	protocol/handler.go:1649	have all messages and processed	{"{round 20 3  <nil>}": {"Key":"self","Type":15,"Integer":0,"String":"a","Interface":null}}
2025-08-15T22:13:42.337-0500	DEBUG	protocol/handler.go:596	round already finalized
2025-08-15T22:13:42.341-0500	DEBUG	protocol/handler.go:581	tryAdvanceRound called	{"{current_round 20 3  <nil>}": {"Key":"self","Type":15,"Integer":0,"String":"b","Interface":null}}
2025-08-15T22:13:42.341-0500	DEBUG	protocol/handler.go:581	tryAdvanceRound called	{"{current_round 20 3  <nil>}": {"Key":"self","Type":15,"Integer":0,"String":"c","Interface":null}}
2025-08-15T22:13:42.341-0500	DEBUG	protocol/handler.go:1591	have processed broadcast	{"{round 20 3  <nil>}": {"Key":"from","Type":15,"Integer":0,"String":"a","Interface":null}}
2025-08-15T22:13:42.341-0500	DEBUG	protocol/handler.go:1591	have processed broadcast	{"{round 20 3  <nil>}": {"Key":"from","Type":15,"Integer":0,"String":"a","Interface":null}}
2025-08-15T22:13:42.341-0500	DEBUG	protocol/handler.go:1591	have processed broadcast	{"{round 20 3  <nil>}": {"Key":"from","Type":15,"Integer":0,"String":"c","Interface":null}}
2025-08-15T22:13:42.341-0500	DEBUG	protocol/handler.go:1591	have processed broadcast	{"{round 20 3  <nil>}": {"Key":"from","Type":15,"Integer":0,"String":"b","Interface":null}}
2025-08-15T22:13:42.341-0500	DEBUG	protocol/handler.go:1649	have all messages and processed	{"{round 20 3  <nil>}": {"Key":"self","Type":15,"Integer":0,"String":"b","Interface":null}}
2025-08-15T22:13:42.341-0500	DEBUG	protocol/handler.go:1649	have all messages and processed	{"{round 20 3  <nil>}": {"Key":"self","Type":15,"Integer":0,"String":"c","Interface":null}}
2025-08-15T22:13:42.341-0500	DEBUG	protocol/handler.go:596	round already finalized
2025-08-15T22:13:42.341-0500	DEBUG	protocol/handler.go:596	round already finalized
2025-08-15T22:13:42.347-0500	DEBUG	protocol/handler.go:581	tryAdvanceRound called	{"{current_round 20 3  <nil>}": {"Key":"self","Type":15,"Integer":0,"String":"a","Interface":null}}
2025-08-15T22:13:42.347-0500	DEBUG	protocol/handler.go:1591	have processed broadcast	{"{round 20 3  <nil>}": {"Key":"from","Type":15,"Integer":0,"String":"b","Interface":null}}
2025-08-15T22:13:42.347-0500	DEBUG	protocol/handler.go:1591	have processed broadcast	{"{round 20 3  <nil>}": {"Key":"from","Type":15,"Integer":0,"String":"c","Interface":null}}
2025-08-15T22:13:42.347-0500	DEBUG	protocol/handler.go:1649	have all messages and processed	{"{round 20 3  <nil>}": {"Key":"self","Type":15,"Integer":0,"String":"a","Interface":null}}
2025-08-15T22:13:42.347-0500	DEBUG	protocol/handler.go:596	round already finalized
2025-08-15T22:13:42.351-0500	DEBUG	protocol/handler.go:581	tryAdvanceRound called	{"{current_round 20 3  <nil>}": {"Key":"self","Type":15,"Integer":0,"String":"b","Interface":null}}
2025-08-15T22:13:42.351-0500	DEBUG	protocol/handler.go:581	tryAdvanceRound called	{"{current_round 20 3  <nil>}": {"Key":"self","Type":15,"Integer":0,"String":"c","Interface":null}}
2025-08-15T22:13:42.351-0500	DEBUG	protocol/handler.go:1591	have processed broadcast	{"{round 20 3  <nil>}": {"Key":"from","Type":15,"Integer":0,"String":"a","Interface":null}}
2025-08-15T22:13:42.351-0500	DEBUG	protocol/handler.go:1591	have processed broadcast	{"{round 20 3  <nil>}": {"Key":"from","Type":15,"Integer":0,"String":"a","Interface":null}}
2025-08-15T22:13:42.351-0500	DEBUG	protocol/handler.go:1591	have processed broadcast	{"{round 20 3  <nil>}": {"Key":"from","Type":15,"Integer":0,"String":"c","Interface":null}}
2025-08-15T22:13:42.351-0500	DEBUG	protocol/handler.go:1591	have processed broadcast	{"{round 20 3  <nil>}": {"Key":"from","Type":15,"Integer":0,"String":"b","Interface":null}}
2025-08-15T22:13:42.351-0500	DEBUG	protocol/handler.go:1649	have all messages and processed	{"{round 20 3  <nil>}": {"Key":"self","Type":15,"Integer":0,"String":"b","Interface":null}}
2025-08-15T22:13:42.351-0500	DEBUG	protocol/handler.go:1649	have all messages and processed	{"{round 20 3  <nil>}": {"Key":"self","Type":15,"Integer":0,"String":"c","Interface":null}}
2025-08-15T22:13:42.351-0500	DEBUG	protocol/handler.go:596	round already finalized
2025-08-15T22:13:42.351-0500	DEBUG	protocol/handler.go:596	round already finalized
2025-08-15T22:13:42.357-0500	DEBUG	protocol/handler.go:581	tryAdvanceRound called	{"{current_round 20 3  <nil>}": {"Key":"self","Type":15,"Integer":0,"String":"a","Interface":null}}
2025-08-15T22:13:42.357-0500	DEBUG	protocol/handler.go:1591	have processed broadcast	{"{round 20 3  <nil>}": {"Key":"from","Type":15,"Integer":0,"String":"b","Interface":null}}
2025-08-15T22:13:42.357-0500	DEBUG	protocol/handler.go:1591	have processed broadcast	{"{round 20 3  <nil>}": {"Key":"from","Type":15,"Integer":0,"String":"c","Interface":null}}
2025-08-15T22:13:42.357-0500	DEBUG	protocol/handler.go:1649	have all messages and processed	{"{round 20 3  <nil>}": {"Key":"self","Type":15,"Integer":0,"String":"a","Interface":null}}
2025-08-15T22:13:42.357-0500	DEBUG	protocol/handler.go:596	round already finalized
2025-08-15T22:13:42.360-0500	DEBUG	protocol/handler.go:581	tryAdvanceRound called	{"{current_round 20 3  <nil>}": {"Key":"self","Type":15,"Integer":0,"String":"b","Interface":null}}
2025-08-15T22:13:42.361-0500	DEBUG	protocol/handler.go:1591	have processed broadcast	{"{round 20 3  <nil>}": {"Key":"from","Type":15,"Integer":0,"String":"a","Interface":null}}
2025-08-15T22:13:42.361-0500	DEBUG	protocol/handler.go:1591	have processed broadcast	{"{round 20 3  <nil>}": {"Key":"from","Type":15,"Integer":0,"String":"c","Interface":null}}
2025-08-15T22:13:42.361-0500	DEBUG	protocol/handler.go:1649	have all messages and processed	{"{round 20 3  <nil>}": {"Key":"self","Type":15,"Integer":0,"String":"b","Interface":null}}
2025-08-15T22:13:42.361-0500	DEBUG	protocol/handler.go:596	round already finalized
2025-08-15T22:13:42.361-0500	DEBUG	protocol/handler.go:581	tryAdvanceRound called	{"{current_round 20 3  <nil>}": {"Key":"self","Type":15,"Integer":0,"String":"c","Interface":null}}
2025-08-15T22:13:42.361-0500	DEBUG	protocol/handler.go:1591	have processed broadcast	{"{round 20 3  <nil>}": {"Key":"from","Type":15,"Integer":0,"String":"a","Interface":null}}
2025-08-15T22:13:42.361-0500	DEBUG	protocol/handler.go:1591	have processed broadcast	{"{round 20 3  <nil>}": {"Key":"from","Type":15,"Integer":0,"String":"b","Interface":null}}
2025-08-15T22:13:42.361-0500	DEBUG	protocol/handler.go:1649	have all messages and processed	{"{round 20 3  <nil>}": {"Key":"self","Type":15,"Integer":0,"String":"c","Interface":null}}
2025-08-15T22:13:42.361-0500	DEBUG	protocol/handler.go:596	round already finalized
2025-08-15T22:13:42.367-0500	DEBUG	protocol/handler.go:581	tryAdvanceRound called	{"{current_round 20 3  <nil>}": {"Key":"self","Type":15,"Integer":0,"String":"a","Interface":null}}
2025-08-15T22:13:42.367-0500	DEBUG	protocol/handler.go:1591	have processed broadcast	{"{round 20 3  <nil>}": {"Key":"from","Type":15,"Integer":0,"String":"b","Interface":null}}
2025-08-15T22:13:42.367-0500	DEBUG	protocol/handler.go:1591	have processed broadcast	{"{round 20 3  <nil>}": {"Key":"from","Type":15,"Integer":0,"String":"c","Interface":null}}
2025-08-15T22:13:42.367-0500	DEBUG	protocol/handler.go:1649	have all messages and processed	{"{round 20 3  <nil>}": {"Key":"self","Type":15,"Integer":0,"String":"a","Interface":null}}
2025-08-15T22:13:42.367-0500	DEBUG	protocol/handler.go:596	round already finalized
2025-08-15T22:13:42.371-0500	DEBUG	protocol/handler.go:581	tryAdvanceRound called	{"{current_round 20 3  <nil>}": {"Key":"self","Type":15,"Integer":0,"String":"b","Interface":null}}
2025-08-15T22:13:42.371-0500	DEBUG	protocol/handler.go:581	tryAdvanceRound called	{"{current_round 20 3  <nil>}": {"Key":"self","Type":15,"Integer":0,"String":"c","Interface":null}}
2025-08-15T22:13:42.371-0500	DEBUG	protocol/handler.go:1591	have processed broadcast	{"{round 20 3  <nil>}": {"Key":"from","Type":15,"Integer":0,"String":"a","Interface":null}}
2025-08-15T22:13:42.371-0500	DEBUG	protocol/handler.go:1591	have processed broadcast	{"{round 20 3  <nil>}": {"Key":"from","Type":15,"Integer":0,"String":"a","Interface":null}}
2025-08-15T22:13:42.371-0500	DEBUG	protocol/handler.go:1591	have processed broadcast	{"{round 20 3  <nil>}": {"Key":"from","Type":15,"Integer":0,"String":"c","Interface":null}}
2025-08-15T22:13:42.371-0500	DEBUG	protocol/handler.go:1591	have processed broadcast	{"{round 20 3  <nil>}": {"Key":"from","Type":15,"Integer":0,"String":"b","Interface":null}}
2025-08-15T22:13:42.371-0500	DEBUG	protocol/handler.go:1649	have all messages and processed	{"{round 20 3  <nil>}": {"Key":"self","Type":15,"Integer":0,"String":"b","Interface":null}}
2025-08-15T22:13:42.371-0500	DEBUG	protocol/handler.go:1649	have all messages and processed	{"{round 20 3  <nil>}": {"Key":"self","Type":15,"Integer":0,"String":"c","Interface":null}}
2025-08-15T22:13:42.371-0500	DEBUG	protocol/handler.go:596	round already finalized
2025-08-15T22:13:42.371-0500	DEBUG	protocol/handler.go:596	round already finalized
2025-08-15T22:13:42.377-0500	DEBUG	protocol/handler.go:581	tryAdvanceRound called	{"{current_round 20 3  <nil>}": {"Key":"self","Type":15,"Integer":0,"String":"a","Interface":null}}
2025-08-15T22:13:42.377-0500	DEBUG	protocol/handler.go:1591	have processed broadcast	{"{round 20 3  <nil>}": {"Key":"from","Type":15,"Integer":0,"String":"b","Interface":null}}
2025-08-15T22:13:42.377-0500	DEBUG	protocol/handler.go:1591	have processed broadcast	{"{round 20 3  <nil>}": {"Key":"from","Type":15,"Integer":0,"String":"c","Interface":null}}
2025-08-15T22:13:42.377-0500	DEBUG	protocol/handler.go:1649	have all messages and processed	{"{round 20 3  <nil>}": {"Key":"self","Type":15,"Integer":0,"String":"a","Interface":null}}
2025-08-15T22:13:42.377-0500	DEBUG	protocol/handler.go:596	round already finalized
2025-08-15T22:13:42.381-0500	DEBUG	protocol/handler.go:581	tryAdvanceRound called	{"{current_round 20 3  <nil>}": {"Key":"self","Type":15,"Integer":0,"String":"b","Interface":null}}
2025-08-15T22:13:42.381-0500	DEBUG	protocol/handler.go:1591	have processed broadcast	{"{round 20 3  <nil>}": {"Key":"from","Type":15,"Integer":0,"String":"a","Interface":null}}
2025-08-15T22:13:42.381-0500	DEBUG	protocol/handler.go:1591	have processed broadcast	{"{round 20 3  <nil>}": {"Key":"from","Type":15,"Integer":0,"String":"c","Interface":null}}
2025-08-15T22:13:42.381-0500	DEBUG	protocol/handler.go:581	tryAdvanceRound called	{"{current_round 20 3  <nil>}": {"Key":"self","Type":15,"Integer":0,"String":"c","Interface":null}}
2025-08-15T22:13:42.381-0500	DEBUG	protocol/handler.go:1649	have all messages and processed	{"{round 20 3  <nil>}": {"Key":"self","Type":15,"Integer":0,"String":"b","Interface":null}}
2025-08-15T22:13:42.381-0500	DEBUG	protocol/handler.go:596	round already finalized
2025-08-15T22:13:42.381-0500	DEBUG	protocol/handler.go:1591	have processed broadcast	{"{round 20 3  <nil>}": {"Key":"from","Type":15,"Integer":0,"String":"a","Interface":null}}
2025-08-15T22:13:42.381-0500	DEBUG	protocol/handler.go:1591	have processed broadcast	{"{round 20 3  <nil>}": {"Key":"from","Type":15,"Integer":0,"String":"b","Interface":null}}
2025-08-15T22:13:42.382-0500	DEBUG	protocol/handler.go:1649	have all messages and processed	{"{round 20 3  <nil>}": {"Key":"self","Type":15,"Integer":0,"String":"c","Interface":null}}
2025-08-15T22:13:42.382-0500	DEBUG	protocol/handler.go:596	round already finalized
2025-08-15T22:13:42.387-0500	DEBUG	protocol/handler.go:581	tryAdvanceRound called	{"{current_round 20 3  <nil>}": {"Key":"self","Type":15,"Integer":0,"String":"a","Interface":null}}
2025-08-15T22:13:42.387-0500	DEBUG	protocol/handler.go:1591	have processed broadcast	{"{round 20 3  <nil>}": {"Key":"from","Type":15,"Integer":0,"String":"b","Interface":null}}
2025-08-15T22:13:42.387-0500	DEBUG	protocol/handler.go:1591	have processed broadcast	{"{round 20 3  <nil>}": {"Key":"from","Type":15,"Integer":0,"String":"c","Interface":null}}
2025-08-15T22:13:42.387-0500	DEBUG	protocol/handler.go:1649	have all messages and processed	{"{round 20 3  <nil>}": {"Key":"self","Type":15,"Integer":0,"String":"a","Interface":null}}
2025-08-15T22:13:42.387-0500	DEBUG	protocol/handler.go:596	round already finalized
2025-08-15T22:13:42.391-0500	DEBUG	protocol/handler.go:581	tryAdvanceRound called	{"{current_round 20 3  <nil>}": {"Key":"self","Type":15,"Integer":0,"String":"b","Interface":null}}
2025-08-15T22:13:42.391-0500	DEBUG	protocol/handler.go:581	tryAdvanceRound called	{"{current_round 20 3  <nil>}": {"Key":"self","Type":15,"Integer":0,"String":"c","Interface":null}}
2025-08-15T22:13:42.391-0500	DEBUG	protocol/handler.go:1591	have processed broadcast	{"{round 20 3  <nil>}": {"Key":"from","Type":15,"Integer":0,"String":"a","Interface":null}}
2025-08-15T22:13:42.391-0500	DEBUG	protocol/handler.go:1591	have processed broadcast	{"{round 20 3  <nil>}": {"Key":"from","Type":15,"Integer":0,"String":"c","Interface":null}}
2025-08-15T22:13:42.391-0500	DEBUG	protocol/handler.go:1591	have processed broadcast	{"{round 20 3  <nil>}": {"Key":"from","Type":15,"Integer":0,"String":"a","Interface":null}}
2025-08-15T22:13:42.391-0500	DEBUG	protocol/handler.go:1649	have all messages and processed	{"{round 20 3  <nil>}": {"Key":"self","Type":15,"Integer":0,"String":"b","Interface":null}}
2025-08-15T22:13:42.391-0500	DEBUG	protocol/handler.go:1591	have processed broadcast	{"{round 20 3  <nil>}": {"Key":"from","Type":15,"Integer":0,"String":"b","Interface":null}}
2025-08-15T22:13:42.391-0500	DEBUG	protocol/handler.go:596	round already finalized
2025-08-15T22:13:42.391-0500	DEBUG	protocol/handler.go:1649	have all messages and processed	{"{round 20 3  <nil>}": {"Key":"self","Type":15,"Integer":0,"String":"c","Interface":null}}
2025-08-15T22:13:42.391-0500	DEBUG	protocol/handler.go:596	round already finalized
2025-08-15T22:13:42.397-0500	DEBUG	protocol/handler.go:581	tryAdvanceRound called	{"{current_round 20 3  <nil>}": {"Key":"self","Type":15,"Integer":0,"String":"a","Interface":null}}
2025-08-15T22:13:42.397-0500	DEBUG	protocol/handler.go:1591	have processed broadcast	{"{round 20 3  <nil>}": {"Key":"from","Type":15,"Integer":0,"String":"b","Interface":null}}
2025-08-15T22:13:42.397-0500	DEBUG	protocol/handler.go:1591	have processed broadcast	{"{round 20 3  <nil>}": {"Key":"from","Type":15,"Integer":0,"String":"c","Interface":null}}
2025-08-15T22:13:42.397-0500	DEBUG	protocol/handler.go:1649	have all messages and processed	{"{round 20 3  <nil>}": {"Key":"self","Type":15,"Integer":0,"String":"a","Interface":null}}
2025-08-15T22:13:42.397-0500	DEBUG	protocol/handler.go:596	round already finalized
2025-08-15T22:13:42.401-0500	DEBUG	protocol/handler.go:581	tryAdvanceRound called	{"{current_round 20 3  <nil>}": {"Key":"self","Type":15,"Integer":0,"String":"b","Interface":null}}
2025-08-15T22:13:42.401-0500	DEBUG	protocol/handler.go:581	tryAdvanceRound called	{"{current_round 20 3  <nil>}": {"Key":"self","Type":15,"Integer":0,"String":"c","Interface":null}}
2025-08-15T22:13:42.401-0500	DEBUG	protocol/handler.go:1591	have processed broadcast	{"{round 20 3  <nil>}": {"Key":"from","Type":15,"Integer":0,"String":"a","Interface":null}}
2025-08-15T22:13:42.401-0500	DEBUG	protocol/handler.go:1591	have processed broadcast	{"{round 20 3  <nil>}": {"Key":"from","Type":15,"Integer":0,"String":"a","Interface":null}}
2025-08-15T22:13:42.401-0500	DEBUG	protocol/handler.go:1591	have processed broadcast	{"{round 20 3  <nil>}": {"Key":"from","Type":15,"Integer":0,"String":"c","Interface":null}}
2025-08-15T22:13:42.401-0500	DEBUG	protocol/handler.go:1591	have processed broadcast	{"{round 20 3  <nil>}": {"Key":"from","Type":15,"Integer":0,"String":"b","Interface":null}}
2025-08-15T22:13:42.401-0500	DEBUG	protocol/handler.go:1649	have all messages and processed	{"{round 20 3  <nil>}": {"Key":"self","Type":15,"Integer":0,"String":"b","Interface":null}}
2025-08-15T22:13:42.401-0500	DEBUG	protocol/handler.go:1649	have all messages and processed	{"{round 20 3  <nil>}": {"Key":"self","Type":15,"Integer":0,"String":"c","Interface":null}}
2025-08-15T22:13:42.401-0500	DEBUG	protocol/handler.go:596	round already finalized
2025-08-15T22:13:42.401-0500	DEBUG	protocol/handler.go:596	round already finalized
2025-08-15T22:13:42.407-0500	DEBUG	protocol/handler.go:581	tryAdvanceRound called	{"{current_round 20 3  <nil>}": {"Key":"self","Type":15,"Integer":0,"String":"a","Interface":null}}
2025-08-15T22:13:42.407-0500	DEBUG	protocol/handler.go:1591	have processed broadcast	{"{round 20 3  <nil>}": {"Key":"from","Type":15,"Integer":0,"String":"b","Interface":null}}
2025-08-15T22:13:42.407-0500	DEBUG	protocol/handler.go:1591	have processed broadcast	{"{round 20 3  <nil>}": {"Key":"from","Type":15,"Integer":0,"String":"c","Interface":null}}
2025-08-15T22:13:42.407-0500	DEBUG	protocol/handler.go:1649	have all messages and processed	{"{round 20 3  <nil>}": {"Key":"self","Type":15,"Integer":0,"String":"a","Interface":null}}
2025-08-15T22:13:42.407-0500	DEBUG	protocol/handler.go:596	round already finalized
2025-08-15T22:13:42.411-0500	DEBUG	protocol/handler.go:581	tryAdvanceRound called	{"{current_round 20 3  <nil>}": {"Key":"self","Type":15,"Integer":0,"String":"b","Interface":null}}
2025-08-15T22:13:42.411-0500	DEBUG	protocol/handler.go:581	tryAdvanceRound called	{"{current_round 20 3  <nil>}": {"Key":"self","Type":15,"Integer":0,"String":"c","Interface":null}}
2025-08-15T22:13:42.411-0500	DEBUG	protocol/handler.go:1591	have processed broadcast	{"{round 20 3  <nil>}": {"Key":"from","Type":15,"Integer":0,"String":"a","Interface":null}}
2025-08-15T22:13:42.411-0500	DEBUG	protocol/handler.go:1591	have processed broadcast	{"{round 20 3  <nil>}": {"Key":"from","Type":15,"Integer":0,"String":"a","Interface":null}}
2025-08-15T22:13:42.411-0500	DEBUG	protocol/handler.go:1591	have processed broadcast	{"{round 20 3  <nil>}": {"Key":"from","Type":15,"Integer":0,"String":"c","Interface":null}}
2025-08-15T22:13:42.411-0500	DEBUG	protocol/handler.go:1591	have processed broadcast	{"{round 20 3  <nil>}": {"Key":"from","Type":15,"Integer":0,"String":"b","Interface":null}}
2025-08-15T22:13:42.411-0500	DEBUG	protocol/handler.go:1649	have all messages and processed	{"{round 20 3  <nil>}": {"Key":"self","Type":15,"Integer":0,"String":"b","Interface":null}}
2025-08-15T22:13:42.411-0500	DEBUG	protocol/handler.go:596	round already finalized
2025-08-15T22:13:42.411-0500	DEBUG	protocol/handler.go:1649	have all messages and processed	{"{round 20 3  <nil>}": {"Key":"self","Type":15,"Integer":0,"String":"c","Interface":null}}
2025-08-15T22:13:42.411-0500	DEBUG	protocol/handler.go:596	round already finalized
2025-08-15T22:13:42.417-0500	DEBUG	protocol/handler.go:581	tryAdvanceRound called	{"{current_round 20 3  <nil>}": {"Key":"self","Type":15,"Integer":0,"String":"a","Interface":null}}
2025-08-15T22:13:42.417-0500	DEBUG	protocol/handler.go:1591	have processed broadcast	{"{round 20 3  <nil>}": {"Key":"from","Type":15,"Integer":0,"String":"b","Interface":null}}
2025-08-15T22:13:42.417-0500	DEBUG	protocol/handler.go:1591	have processed broadcast	{"{round 20 3  <nil>}": {"Key":"from","Type":15,"Integer":0,"String":"c","Interface":null}}
2025-08-15T22:13:42.417-0500	DEBUG	protocol/handler.go:1649	have all messages and processed	{"{round 20 3  <nil>}": {"Key":"self","Type":15,"Integer":0,"String":"a","Interface":null}}
2025-08-15T22:13:42.417-0500	DEBUG	protocol/handler.go:596	round already finalized
2025-08-15T22:13:42.421-0500	DEBUG	protocol/handler.go:581	tryAdvanceRound called	{"{current_round 20 3  <nil>}": {"Key":"self","Type":15,"Integer":0,"String":"b","Interface":null}}
2025-08-15T22:13:42.421-0500	DEBUG	protocol/handler.go:581	tryAdvanceRound called	{"{current_round 20 3  <nil>}": {"Key":"self","Type":15,"Integer":0,"String":"c","Interface":null}}
2025-08-15T22:13:42.421-0500	DEBUG	protocol/handler.go:1591	have processed broadcast	{"{round 20 3  <nil>}": {"Key":"from","Type":15,"Integer":0,"String":"a","Interface":null}}
2025-08-15T22:13:42.421-0500	DEBUG	protocol/handler.go:1591	have processed broadcast	{"{round 20 3  <nil>}": {"Key":"from","Type":15,"Integer":0,"String":"a","Interface":null}}
2025-08-15T22:13:42.421-0500	DEBUG	protocol/handler.go:1591	have processed broadcast	{"{round 20 3  <nil>}": {"Key":"from","Type":15,"Integer":0,"String":"c","Interface":null}}
2025-08-15T22:13:42.421-0500	DEBUG	protocol/handler.go:1591	have processed broadcast	{"{round 20 3  <nil>}": {"Key":"from","Type":15,"Integer":0,"String":"b","Interface":null}}
2025-08-15T22:13:42.421-0500	DEBUG	protocol/handler.go:1649	have all messages and processed	{"{round 20 3  <nil>}": {"Key":"self","Type":15,"Integer":0,"String":"b","Interface":null}}
2025-08-15T22:13:42.421-0500	DEBUG	protocol/handler.go:1649	have all messages and processed	{"{round 20 3  <nil>}": {"Key":"self","Type":15,"Integer":0,"String":"c","Interface":null}}
2025-08-15T22:13:42.421-0500	DEBUG	protocol/handler.go:596	round already finalized
2025-08-15T22:13:42.421-0500	DEBUG	protocol/handler.go:596	round already finalized
2025-08-15T22:13:42.427-0500	DEBUG	protocol/handler.go:581	tryAdvanceRound called	{"{current_round 20 3  <nil>}": {"Key":"self","Type":15,"Integer":0,"String":"a","Interface":null}}
2025-08-15T22:13:42.427-0500	DEBUG	protocol/handler.go:1591	have processed broadcast	{"{round 20 3  <nil>}": {"Key":"from","Type":15,"Integer":0,"String":"b","Interface":null}}
2025-08-15T22:13:42.427-0500	DEBUG	protocol/handler.go:1591	have processed broadcast	{"{round 20 3  <nil>}": {"Key":"from","Type":15,"Integer":0,"String":"c","Interface":null}}
2025-08-15T22:13:42.427-0500	DEBUG	protocol/handler.go:1649	have all messages and processed	{"{round 20 3  <nil>}": {"Key":"self","Type":15,"Integer":0,"String":"a","Interface":null}}
2025-08-15T22:13:42.427-0500	DEBUG	protocol/handler.go:596	round already finalized
2025-08-15T22:13:42.431-0500	DEBUG	protocol/handler.go:581	tryAdvanceRound called	{"{current_round 20 3  <nil>}": {"Key":"self","Type":15,"Integer":0,"String":"b","Interface":null}}
2025-08-15T22:13:42.431-0500	DEBUG	protocol/handler.go:581	tryAdvanceRound called	{"{current_round 20 3  <nil>}": {"Key":"self","Type":15,"Integer":0,"String":"c","Interface":null}}
2025-08-15T22:13:42.431-0500	DEBUG	protocol/handler.go:1591	have processed broadcast	{"{round 20 3  <nil>}": {"Key":"from","Type":15,"Integer":0,"String":"a","Interface":null}}
2025-08-15T22:13:42.431-0500	DEBUG	protocol/handler.go:1591	have processed broadcast	{"{round 20 3  <nil>}": {"Key":"from","Type":15,"Integer":0,"String":"a","Interface":null}}
2025-08-15T22:13:42.431-0500	DEBUG	protocol/handler.go:1591	have processed broadcast	{"{round 20 3  <nil>}": {"Key":"from","Type":15,"Integer":0,"String":"c","Interface":null}}
2025-08-15T22:13:42.431-0500	DEBUG	protocol/handler.go:1591	have processed broadcast	{"{round 20 3  <nil>}": {"Key":"from","Type":15,"Integer":0,"String":"b","Interface":null}}
2025-08-15T22:13:42.431-0500	DEBUG	protocol/handler.go:1649	have all messages and processed	{"{round 20 3  <nil>}": {"Key":"self","Type":15,"Integer":0,"String":"b","Interface":null}}
2025-08-15T22:13:42.431-0500	DEBUG	protocol/handler.go:1649	have all messages and processed	{"{round 20 3  <nil>}": {"Key":"self","Type":15,"Integer":0,"String":"c","Interface":null}}
2025-08-15T22:13:42.431-0500	DEBUG	protocol/handler.go:596	round already finalized
2025-08-15T22:13:42.431-0500	DEBUG	protocol/handler.go:596	round already finalized
2025-08-15T22:13:42.437-0500	DEBUG	protocol/handler.go:581	tryAdvanceRound called	{"{current_round 20 3  <nil>}": {"Key":"self","Type":15,"Integer":0,"String":"a","Interface":null}}
2025-08-15T22:13:42.437-0500	DEBUG	protocol/handler.go:1591	have processed broadcast	{"{round 20 3  <nil>}": {"Key":"from","Type":15,"Integer":0,"String":"b","Interface":null}}
2025-08-15T22:13:42.437-0500	DEBUG	protocol/handler.go:1591	have processed broadcast	{"{round 20 3  <nil>}": {"Key":"from","Type":15,"Integer":0,"String":"c","Interface":null}}
2025-08-15T22:13:42.437-0500	DEBUG	protocol/handler.go:1649	have all messages and processed	{"{round 20 3  <nil>}": {"Key":"self","Type":15,"Integer":0,"String":"a","Interface":null}}
2025-08-15T22:13:42.437-0500	DEBUG	protocol/handler.go:596	round already finalized
2025-08-15T22:13:42.441-0500	DEBUG	protocol/handler.go:581	tryAdvanceRound called	{"{current_round 20 3  <nil>}": {"Key":"self","Type":15,"Integer":0,"String":"b","Interface":null}}
2025-08-15T22:13:42.441-0500	DEBUG	protocol/handler.go:581	tryAdvanceRound called	{"{current_round 20 3  <nil>}": {"Key":"self","Type":15,"Integer":0,"String":"c","Interface":null}}
2025-08-15T22:13:42.441-0500	DEBUG	protocol/handler.go:1591	have processed broadcast	{"{round 20 3  <nil>}": {"Key":"from","Type":15,"Integer":0,"String":"a","Interface":null}}
2025-08-15T22:13:42.441-0500	DEBUG	protocol/handler.go:1591	have processed broadcast	{"{round 20 3  <nil>}": {"Key":"from","Type":15,"Integer":0,"String":"a","Interface":null}}
2025-08-15T22:13:42.441-0500	DEBUG	protocol/handler.go:1591	have processed broadcast	{"{round 20 3  <nil>}": {"Key":"from","Type":15,"Integer":0,"String":"c","Interface":null}}
2025-08-15T22:13:42.441-0500	DEBUG	protocol/handler.go:1591	have processed broadcast	{"{round 20 3  <nil>}": {"Key":"from","Type":15,"Integer":0,"String":"b","Interface":null}}
2025-08-15T22:13:42.441-0500	DEBUG	protocol/handler.go:1649	have all messages and processed	{"{round 20 3  <nil>}": {"Key":"self","Type":15,"Integer":0,"String":"b","Interface":null}}
2025-08-15T22:13:42.441-0500	DEBUG	protocol/handler.go:596	round already finalized
2025-08-15T22:13:42.441-0500	DEBUG	protocol/handler.go:1649	have all messages and processed	{"{round 20 3  <nil>}": {"Key":"self","Type":15,"Integer":0,"String":"c","Interface":null}}
2025-08-15T22:13:42.441-0500	DEBUG	protocol/handler.go:596	round already finalized
2025-08-15T22:13:42.447-0500	DEBUG	protocol/handler.go:581	tryAdvanceRound called	{"{current_round 20 3  <nil>}": {"Key":"self","Type":15,"Integer":0,"String":"a","Interface":null}}
2025-08-15T22:13:42.447-0500	DEBUG	protocol/handler.go:1591	have processed broadcast	{"{round 20 3  <nil>}": {"Key":"from","Type":15,"Integer":0,"String":"b","Interface":null}}
2025-08-15T22:13:42.447-0500	DEBUG	protocol/handler.go:1591	have processed broadcast	{"{round 20 3  <nil>}": {"Key":"from","Type":15,"Integer":0,"String":"c","Interface":null}}
2025-08-15T22:13:42.447-0500	DEBUG	protocol/handler.go:1649	have all messages and processed	{"{round 20 3  <nil>}": {"Key":"self","Type":15,"Integer":0,"String":"a","Interface":null}}
2025-08-15T22:13:42.447-0500	DEBUG	protocol/handler.go:596	round already finalized
2025-08-15T22:13:42.451-0500	DEBUG	protocol/handler.go:581	tryAdvanceRound called	{"{current_round 20 3  <nil>}": {"Key":"self","Type":15,"Integer":0,"String":"b","Interface":null}}
2025-08-15T22:13:42.451-0500	DEBUG	protocol/handler.go:581	tryAdvanceRound called	{"{current_round 20 3  <nil>}": {"Key":"self","Type":15,"Integer":0,"String":"c","Interface":null}}
2025-08-15T22:13:42.451-0500	DEBUG	protocol/handler.go:1591	have processed broadcast	{"{round 20 3  <nil>}": {"Key":"from","Type":15,"Integer":0,"String":"a","Interface":null}}
2025-08-15T22:13:42.451-0500	DEBUG	protocol/handler.go:1591	have processed broadcast	{"{round 20 3  <nil>}": {"Key":"from","Type":15,"Integer":0,"String":"a","Interface":null}}
2025-08-15T22:13:42.451-0500	DEBUG	protocol/handler.go:1591	have processed broadcast	{"{round 20 3  <nil>}": {"Key":"from","Type":15,"Integer":0,"String":"c","Interface":null}}
2025-08-15T22:13:42.451-0500	DEBUG	protocol/handler.go:1591	have processed broadcast	{"{round 20 3  <nil>}": {"Key":"from","Type":15,"Integer":0,"String":"b","Interface":null}}
2025-08-15T22:13:42.451-0500	DEBUG	protocol/handler.go:1649	have all messages and processed	{"{round 20 3  <nil>}": {"Key":"self","Type":15,"Integer":0,"String":"b","Interface":null}}
2025-08-15T22:13:42.451-0500	DEBUG	protocol/handler.go:1649	have all messages and processed	{"{round 20 3  <nil>}": {"Key":"self","Type":15,"Integer":0,"String":"c","Interface":null}}
2025-08-15T22:13:42.451-0500	DEBUG	protocol/handler.go:596	round already finalized
2025-08-15T22:13:42.451-0500	DEBUG	protocol/handler.go:596	round already finalized
2025-08-15T22:13:42.457-0500	DEBUG	protocol/handler.go:581	tryAdvanceRound called	{"{current_round 20 3  <nil>}": {"Key":"self","Type":15,"Integer":0,"String":"a","Interface":null}}
2025-08-15T22:13:42.457-0500	DEBUG	protocol/handler.go:1591	have processed broadcast	{"{round 20 3  <nil>}": {"Key":"from","Type":15,"Integer":0,"String":"b","Interface":null}}
2025-08-15T22:13:42.457-0500	DEBUG	protocol/handler.go:1591	have processed broadcast	{"{round 20 3  <nil>}": {"Key":"from","Type":15,"Integer":0,"String":"c","Interface":null}}
2025-08-15T22:13:42.457-0500	DEBUG	protocol/handler.go:1649	have all messages and processed	{"{round 20 3  <nil>}": {"Key":"self","Type":15,"Integer":0,"String":"a","Interface":null}}
2025-08-15T22:13:42.457-0500	DEBUG	protocol/handler.go:596	round already finalized
2025-08-15T22:13:42.461-0500	DEBUG	protocol/handler.go:581	tryAdvanceRound called	{"{current_round 20 3  <nil>}": {"Key":"self","Type":15,"Integer":0,"String":"b","Interface":null}}
2025-08-15T22:13:42.461-0500	DEBUG	protocol/handler.go:581	tryAdvanceRound called	{"{current_round 20 3  <nil>}": {"Key":"self","Type":15,"Integer":0,"String":"c","Interface":null}}
2025-08-15T22:13:42.461-0500	DEBUG	protocol/handler.go:1591	have processed broadcast	{"{round 20 3  <nil>}": {"Key":"from","Type":15,"Integer":0,"String":"a","Interface":null}}
2025-08-15T22:13:42.461-0500	DEBUG	protocol/handler.go:1591	have processed broadcast	{"{round 20 3  <nil>}": {"Key":"from","Type":15,"Integer":0,"String":"a","Interface":null}}
2025-08-15T22:13:42.461-0500	DEBUG	protocol/handler.go:1591	have processed broadcast	{"{round 20 3  <nil>}": {"Key":"from","Type":15,"Integer":0,"String":"c","Interface":null}}
2025-08-15T22:13:42.461-0500	DEBUG	protocol/handler.go:1591	have processed broadcast	{"{round 20 3  <nil>}": {"Key":"from","Type":15,"Integer":0,"String":"b","Interface":null}}
2025-08-15T22:13:42.461-0500	DEBUG	protocol/handler.go:1649	have all messages and processed	{"{round 20 3  <nil>}": {"Key":"self","Type":15,"Integer":0,"String":"b","Interface":null}}
2025-08-15T22:13:42.461-0500	DEBUG	protocol/handler.go:1649	have all messages and processed	{"{round 20 3  <nil>}": {"Key":"self","Type":15,"Integer":0,"String":"c","Interface":null}}
2025-08-15T22:13:42.461-0500	DEBUG	protocol/handler.go:596	round already finalized
2025-08-15T22:13:42.461-0500	DEBUG	protocol/handler.go:596	round already finalized
2025-08-15T22:13:42.466-0500	DEBUG	protocol/handler.go:581	tryAdvanceRound called	{"{current_round 20 3  <nil>}": {"Key":"self","Type":15,"Integer":0,"String":"a","Interface":null}}
2025-08-15T22:13:42.466-0500	DEBUG	protocol/handler.go:1591	have processed broadcast	{"{round 20 3  <nil>}": {"Key":"from","Type":15,"Integer":0,"String":"b","Interface":null}}
2025-08-15T22:13:42.466-0500	DEBUG	protocol/handler.go:1591	have processed broadcast	{"{round 20 3  <nil>}": {"Key":"from","Type":15,"Integer":0,"String":"c","Interface":null}}
2025-08-15T22:13:42.467-0500	DEBUG	protocol/handler.go:1649	have all messages and processed	{"{round 20 3  <nil>}": {"Key":"self","Type":15,"Integer":0,"String":"a","Interface":null}}
2025-08-15T22:13:42.467-0500	DEBUG	protocol/handler.go:596	round already finalized
2025-08-15T22:13:42.471-0500	DEBUG	protocol/handler.go:581	tryAdvanceRound called	{"{current_round 20 3  <nil>}": {"Key":"self","Type":15,"Integer":0,"String":"c","Interface":null}}
2025-08-15T22:13:42.471-0500	DEBUG	protocol/handler.go:581	tryAdvanceRound called	{"{current_round 20 3  <nil>}": {"Key":"self","Type":15,"Integer":0,"String":"b","Interface":null}}
2025-08-15T22:13:42.471-0500	DEBUG	protocol/handler.go:1591	have processed broadcast	{"{round 20 3  <nil>}": {"Key":"from","Type":15,"Integer":0,"String":"a","Interface":null}}
2025-08-15T22:13:42.471-0500	DEBUG	protocol/handler.go:1591	have processed broadcast	{"{round 20 3  <nil>}": {"Key":"from","Type":15,"Integer":0,"String":"a","Interface":null}}
2025-08-15T22:13:42.471-0500	DEBUG	protocol/handler.go:1591	have processed broadcast	{"{round 20 3  <nil>}": {"Key":"from","Type":15,"Integer":0,"String":"b","Interface":null}}
2025-08-15T22:13:42.471-0500	DEBUG	protocol/handler.go:1649	have all messages and processed	{"{round 20 3  <nil>}": {"Key":"self","Type":15,"Integer":0,"String":"c","Interface":null}}
2025-08-15T22:13:42.471-0500	DEBUG	protocol/handler.go:1591	have processed broadcast	{"{round 20 3  <nil>}": {"Key":"from","Type":15,"Integer":0,"String":"c","Interface":null}}
2025-08-15T22:13:42.471-0500	DEBUG	protocol/handler.go:596	round already finalized
2025-08-15T22:13:42.471-0500	DEBUG	protocol/handler.go:1649	have all messages and processed	{"{round 20 3  <nil>}": {"Key":"self","Type":15,"Integer":0,"String":"b","Interface":null}}
2025-08-15T22:13:42.471-0500	DEBUG	protocol/handler.go:596	round already finalized
2025-08-15T22:13:42.477-0500	DEBUG	protocol/handler.go:581	tryAdvanceRound called	{"{current_round 20 3  <nil>}": {"Key":"self","Type":15,"Integer":0,"String":"a","Interface":null}}
2025-08-15T22:13:42.477-0500	DEBUG	protocol/handler.go:1591	have processed broadcast	{"{round 20 3  <nil>}": {"Key":"from","Type":15,"Integer":0,"String":"b","Interface":null}}
2025-08-15T22:13:42.477-0500	DEBUG	protocol/handler.go:1591	have processed broadcast	{"{round 20 3  <nil>}": {"Key":"from","Type":15,"Integer":0,"String":"c","Interface":null}}
2025-08-15T22:13:42.477-0500	DEBUG	protocol/handler.go:1649	have all messages and processed	{"{round 20 3  <nil>}": {"Key":"self","Type":15,"Integer":0,"String":"a","Interface":null}}
2025-08-15T22:13:42.477-0500	DEBUG	protocol/handler.go:596	round already finalized
2025-08-15T22:13:42.481-0500	DEBUG	protocol/handler.go:581	tryAdvanceRound called	{"{current_round 20 3  <nil>}": {"Key":"self","Type":15,"Integer":0,"String":"b","Interface":null}}
2025-08-15T22:13:42.481-0500	DEBUG	protocol/handler.go:1591	have processed broadcast	{"{round 20 3  <nil>}": {"Key":"from","Type":15,"Integer":0,"String":"a","Interface":null}}
2025-08-15T22:13:42.481-0500	DEBUG	protocol/handler.go:581	tryAdvanceRound called	{"{current_round 20 3  <nil>}": {"Key":"self","Type":15,"Integer":0,"String":"c","Interface":null}}
2025-08-15T22:13:42.481-0500	DEBUG	protocol/handler.go:1591	have processed broadcast	{"{round 20 3  <nil>}": {"Key":"from","Type":15,"Integer":0,"String":"c","Interface":null}}
2025-08-15T22:13:42.482-0500	DEBUG	protocol/handler.go:1591	have processed broadcast	{"{round 20 3  <nil>}": {"Key":"from","Type":15,"Integer":0,"String":"a","Interface":null}}
2025-08-15T22:13:42.482-0500	DEBUG	protocol/handler.go:1649	have all messages and processed	{"{round 20 3  <nil>}": {"Key":"self","Type":15,"Integer":0,"String":"b","Interface":null}}
2025-08-15T22:13:42.482-0500	DEBUG	protocol/handler.go:596	round already finalized
2025-08-15T22:13:42.482-0500	DEBUG	protocol/handler.go:1591	have processed broadcast	{"{round 20 3  <nil>}": {"Key":"from","Type":15,"Integer":0,"String":"b","Interface":null}}
2025-08-15T22:13:42.482-0500	DEBUG	protocol/handler.go:1649	have all messages and processed	{"{round 20 3  <nil>}": {"Key":"self","Type":15,"Integer":0,"String":"c","Interface":null}}
2025-08-15T22:13:42.482-0500	DEBUG	protocol/handler.go:596	round already finalized
2025-08-15T22:13:42.487-0500	DEBUG	protocol/handler.go:581	tryAdvanceRound called	{"{current_round 20 3  <nil>}": {"Key":"self","Type":15,"Integer":0,"String":"a","Interface":null}}
2025-08-15T22:13:42.487-0500	DEBUG	protocol/handler.go:1591	have processed broadcast	{"{round 20 3  <nil>}": {"Key":"from","Type":15,"Integer":0,"String":"b","Interface":null}}
2025-08-15T22:13:42.487-0500	DEBUG	protocol/handler.go:1591	have processed broadcast	{"{round 20 3  <nil>}": {"Key":"from","Type":15,"Integer":0,"String":"c","Interface":null}}
2025-08-15T22:13:42.487-0500	DEBUG	protocol/handler.go:1649	have all messages and processed	{"{round 20 3  <nil>}": {"Key":"self","Type":15,"Integer":0,"String":"a","Interface":null}}
2025-08-15T22:13:42.487-0500	DEBUG	protocol/handler.go:596	round already finalized
2025-08-15T22:13:42.491-0500	DEBUG	protocol/handler.go:581	tryAdvanceRound called	{"{current_round 20 3  <nil>}": {"Key":"self","Type":15,"Integer":0,"String":"b","Interface":null}}
2025-08-15T22:13:42.491-0500	DEBUG	protocol/handler.go:581	tryAdvanceRound called	{"{current_round 20 3  <nil>}": {"Key":"self","Type":15,"Integer":0,"String":"c","Interface":null}}
2025-08-15T22:13:42.491-0500	DEBUG	protocol/handler.go:1591	have processed broadcast	{"{round 20 3  <nil>}": {"Key":"from","Type":15,"Integer":0,"String":"a","Interface":null}}
2025-08-15T22:13:42.491-0500	DEBUG	protocol/handler.go:1591	have processed broadcast	{"{round 20 3  <nil>}": {"Key":"from","Type":15,"Integer":0,"String":"a","Interface":null}}
2025-08-15T22:13:42.491-0500	DEBUG	protocol/handler.go:1591	have processed broadcast	{"{round 20 3  <nil>}": {"Key":"from","Type":15,"Integer":0,"String":"c","Interface":null}}
2025-08-15T22:13:42.491-0500	DEBUG	protocol/handler.go:1591	have processed broadcast	{"{round 20 3  <nil>}": {"Key":"from","Type":15,"Integer":0,"String":"b","Interface":null}}
2025-08-15T22:13:42.491-0500	DEBUG	protocol/handler.go:1649	have all messages and processed	{"{round 20 3  <nil>}": {"Key":"self","Type":15,"Integer":0,"String":"b","Interface":null}}
2025-08-15T22:13:42.491-0500	DEBUG	protocol/handler.go:1649	have all messages and processed	{"{round 20 3  <nil>}": {"Key":"self","Type":15,"Integer":0,"String":"c","Interface":null}}
2025-08-15T22:13:42.491-0500	DEBUG	protocol/handler.go:596	round already finalized
2025-08-15T22:13:42.491-0500	DEBUG	protocol/handler.go:596	round already finalized
2025-08-15T22:13:42.497-0500	DEBUG	protocol/handler.go:581	tryAdvanceRound called	{"{current_round 20 3  <nil>}": {"Key":"self","Type":15,"Integer":0,"String":"a","Interface":null}}
2025-08-15T22:13:42.497-0500	DEBUG	protocol/handler.go:1591	have processed broadcast	{"{round 20 3  <nil>}": {"Key":"from","Type":15,"Integer":0,"String":"b","Interface":null}}
2025-08-15T22:13:42.497-0500	DEBUG	protocol/handler.go:1591	have processed broadcast	{"{round 20 3  <nil>}": {"Key":"from","Type":15,"Integer":0,"String":"c","Interface":null}}
2025-08-15T22:13:42.497-0500	DEBUG	protocol/handler.go:1649	have all messages and processed	{"{round 20 3  <nil>}": {"Key":"self","Type":15,"Integer":0,"String":"a","Interface":null}}
2025-08-15T22:13:42.497-0500	DEBUG	protocol/handler.go:596	round already finalized
2025-08-15T22:13:42.501-0500	DEBUG	protocol/handler.go:581	tryAdvanceRound called	{"{current_round 20 3  <nil>}": {"Key":"self","Type":15,"Integer":0,"String":"b","Interface":null}}
2025-08-15T22:13:42.501-0500	DEBUG	protocol/handler.go:581	tryAdvanceRound called	{"{current_round 20 3  <nil>}": {"Key":"self","Type":15,"Integer":0,"String":"c","Interface":null}}
2025-08-15T22:13:42.501-0500	DEBUG	protocol/handler.go:1591	have processed broadcast	{"{round 20 3  <nil>}": {"Key":"from","Type":15,"Integer":0,"String":"a","Interface":null}}
2025-08-15T22:13:42.501-0500	DEBUG	protocol/handler.go:1591	have processed broadcast	{"{round 20 3  <nil>}": {"Key":"from","Type":15,"Integer":0,"String":"a","Interface":null}}
2025-08-15T22:13:42.501-0500	DEBUG	protocol/handler.go:1591	have processed broadcast	{"{round 20 3  <nil>}": {"Key":"from","Type":15,"Integer":0,"String":"c","Interface":null}}
2025-08-15T22:13:42.501-0500	DEBUG	protocol/handler.go:1591	have processed broadcast	{"{round 20 3  <nil>}": {"Key":"from","Type":15,"Integer":0,"String":"b","Interface":null}}
2025-08-15T22:13:42.501-0500	DEBUG	protocol/handler.go:1649	have all messages and processed	{"{round 20 3  <nil>}": {"Key":"self","Type":15,"Integer":0,"String":"b","Interface":null}}
2025-08-15T22:13:42.501-0500	DEBUG	protocol/handler.go:596	round already finalized
2025-08-15T22:13:42.501-0500	DEBUG	protocol/handler.go:1649	have all messages and processed	{"{round 20 3  <nil>}": {"Key":"self","Type":15,"Integer":0,"String":"c","Interface":null}}
2025-08-15T22:13:42.501-0500	DEBUG	protocol/handler.go:596	round already finalized
2025-08-15T22:13:42.507-0500	DEBUG	protocol/handler.go:581	tryAdvanceRound called	{"{current_round 20 3  <nil>}": {"Key":"self","Type":15,"Integer":0,"String":"a","Interface":null}}
2025-08-15T22:13:42.507-0500	DEBUG	protocol/handler.go:1591	have processed broadcast	{"{round 20 3  <nil>}": {"Key":"from","Type":15,"Integer":0,"String":"b","Interface":null}}
2025-08-15T22:13:42.507-0500	DEBUG	protocol/handler.go:1591	have processed broadcast	{"{round 20 3  <nil>}": {"Key":"from","Type":15,"Integer":0,"String":"c","Interface":null}}
2025-08-15T22:13:42.507-0500	DEBUG	protocol/handler.go:1649	have all messages and processed	{"{round 20 3  <nil>}": {"Key":"self","Type":15,"Integer":0,"String":"a","Interface":null}}
2025-08-15T22:13:42.507-0500	DEBUG	protocol/handler.go:596	round already finalized
2025-08-15T22:13:42.511-0500	DEBUG	protocol/handler.go:581	tryAdvanceRound called	{"{current_round 20 3  <nil>}": {"Key":"self","Type":15,"Integer":0,"String":"c","Interface":null}}
2025-08-15T22:13:42.511-0500	DEBUG	protocol/handler.go:581	tryAdvanceRound called	{"{current_round 20 3  <nil>}": {"Key":"self","Type":15,"Integer":0,"String":"b","Interface":null}}
2025-08-15T22:13:42.511-0500	DEBUG	protocol/handler.go:1591	have processed broadcast	{"{round 20 3  <nil>}": {"Key":"from","Type":15,"Integer":0,"String":"a","Interface":null}}
2025-08-15T22:13:42.511-0500	DEBUG	protocol/handler.go:1591	have processed broadcast	{"{round 20 3  <nil>}": {"Key":"from","Type":15,"Integer":0,"String":"a","Interface":null}}
2025-08-15T22:13:42.511-0500	DEBUG	protocol/handler.go:1591	have processed broadcast	{"{round 20 3  <nil>}": {"Key":"from","Type":15,"Integer":0,"String":"b","Interface":null}}
2025-08-15T22:13:42.511-0500	DEBUG	protocol/handler.go:1591	have processed broadcast	{"{round 20 3  <nil>}": {"Key":"from","Type":15,"Integer":0,"String":"c","Interface":null}}
2025-08-15T22:13:42.511-0500	DEBUG	protocol/handler.go:1649	have all messages and processed	{"{round 20 3  <nil>}": {"Key":"self","Type":15,"Integer":0,"String":"c","Interface":null}}
2025-08-15T22:13:42.511-0500	DEBUG	protocol/handler.go:1649	have all messages and processed	{"{round 20 3  <nil>}": {"Key":"self","Type":15,"Integer":0,"String":"b","Interface":null}}
2025-08-15T22:13:42.511-0500	DEBUG	protocol/handler.go:596	round already finalized
2025-08-15T22:13:42.511-0500	DEBUG	protocol/handler.go:596	round already finalized
2025-08-15T22:13:42.517-0500	DEBUG	protocol/handler.go:581	tryAdvanceRound called	{"{current_round 20 3  <nil>}": {"Key":"self","Type":15,"Integer":0,"String":"a","Interface":null}}
2025-08-15T22:13:42.517-0500	DEBUG	protocol/handler.go:1591	have processed broadcast	{"{round 20 3  <nil>}": {"Key":"from","Type":15,"Integer":0,"String":"b","Interface":null}}
2025-08-15T22:13:42.517-0500	DEBUG	protocol/handler.go:1591	have processed broadcast	{"{round 20 3  <nil>}": {"Key":"from","Type":15,"Integer":0,"String":"c","Interface":null}}
2025-08-15T22:13:42.517-0500	DEBUG	protocol/handler.go:1649	have all messages and processed	{"{round 20 3  <nil>}": {"Key":"self","Type":15,"Integer":0,"String":"a","Interface":null}}
2025-08-15T22:13:42.517-0500	DEBUG	protocol/handler.go:596	round already finalized
2025-08-15T22:13:42.521-0500	DEBUG	protocol/handler.go:581	tryAdvanceRound called	{"{current_round 20 3  <nil>}": {"Key":"self","Type":15,"Integer":0,"String":"b","Interface":null}}
2025-08-15T22:13:42.521-0500	DEBUG	protocol/handler.go:581	tryAdvanceRound called	{"{current_round 20 3  <nil>}": {"Key":"self","Type":15,"Integer":0,"String":"c","Interface":null}}
2025-08-15T22:13:42.521-0500	DEBUG	protocol/handler.go:1591	have processed broadcast	{"{round 20 3  <nil>}": {"Key":"from","Type":15,"Integer":0,"String":"a","Interface":null}}
2025-08-15T22:13:42.521-0500	DEBUG	protocol/handler.go:1591	have processed broadcast	{"{round 20 3  <nil>}": {"Key":"from","Type":15,"Integer":0,"String":"a","Interface":null}}
2025-08-15T22:13:42.521-0500	DEBUG	protocol/handler.go:1591	have processed broadcast	{"{round 20 3  <nil>}": {"Key":"from","Type":15,"Integer":0,"String":"c","Interface":null}}
2025-08-15T22:13:42.521-0500	DEBUG	protocol/handler.go:1591	have processed broadcast	{"{round 20 3  <nil>}": {"Key":"from","Type":15,"Integer":0,"String":"b","Interface":null}}
2025-08-15T22:13:42.521-0500	DEBUG	protocol/handler.go:1649	have all messages and processed	{"{round 20 3  <nil>}": {"Key":"self","Type":15,"Integer":0,"String":"b","Interface":null}}
2025-08-15T22:13:42.521-0500	DEBUG	protocol/handler.go:596	round already finalized
2025-08-15T22:13:42.521-0500	DEBUG	protocol/handler.go:1649	have all messages and processed	{"{round 20 3  <nil>}": {"Key":"self","Type":15,"Integer":0,"String":"c","Interface":null}}
2025-08-15T22:13:42.521-0500	DEBUG	protocol/handler.go:596	round already finalized
2025-08-15T22:13:42.527-0500	DEBUG	protocol/handler.go:581	tryAdvanceRound called	{"{current_round 20 3  <nil>}": {"Key":"self","Type":15,"Integer":0,"String":"a","Interface":null}}
2025-08-15T22:13:42.527-0500	DEBUG	protocol/handler.go:1591	have processed broadcast	{"{round 20 3  <nil>}": {"Key":"from","Type":15,"Integer":0,"String":"b","Interface":null}}
2025-08-15T22:13:42.527-0500	DEBUG	protocol/handler.go:1591	have processed broadcast	{"{round 20 3  <nil>}": {"Key":"from","Type":15,"Integer":0,"String":"c","Interface":null}}
2025-08-15T22:13:42.527-0500	DEBUG	protocol/handler.go:1649	have all messages and processed	{"{round 20 3  <nil>}": {"Key":"self","Type":15,"Integer":0,"String":"a","Interface":null}}
2025-08-15T22:13:42.527-0500	DEBUG	protocol/handler.go:596	round already finalized
2025-08-15T22:13:42.531-0500	DEBUG	protocol/handler.go:581	tryAdvanceRound called	{"{current_round 20 3  <nil>}": {"Key":"self","Type":15,"Integer":0,"String":"b","Interface":null}}
2025-08-15T22:13:42.531-0500	DEBUG	protocol/handler.go:581	tryAdvanceRound called	{"{current_round 20 3  <nil>}": {"Key":"self","Type":15,"Integer":0,"String":"c","Interface":null}}
2025-08-15T22:13:42.531-0500	DEBUG	protocol/handler.go:1591	have processed broadcast	{"{round 20 3  <nil>}": {"Key":"from","Type":15,"Integer":0,"String":"a","Interface":null}}
2025-08-15T22:13:42.531-0500	DEBUG	protocol/handler.go:1591	have processed broadcast	{"{round 20 3  <nil>}": {"Key":"from","Type":15,"Integer":0,"String":"a","Interface":null}}
2025-08-15T22:13:42.531-0500	DEBUG	protocol/handler.go:1591	have processed broadcast	{"{round 20 3  <nil>}": {"Key":"from","Type":15,"Integer":0,"String":"c","Interface":null}}
2025-08-15T22:13:42.531-0500	DEBUG	protocol/handler.go:1591	have processed broadcast	{"{round 20 3  <nil>}": {"Key":"from","Type":15,"Integer":0,"String":"b","Interface":null}}
2025-08-15T22:13:42.531-0500	DEBUG	protocol/handler.go:1649	have all messages and processed	{"{round 20 3  <nil>}": {"Key":"self","Type":15,"Integer":0,"String":"b","Interface":null}}
2025-08-15T22:13:42.531-0500	DEBUG	protocol/handler.go:1649	have all messages and processed	{"{round 20 3  <nil>}": {"Key":"self","Type":15,"Integer":0,"String":"c","Interface":null}}
2025-08-15T22:13:42.531-0500	DEBUG	protocol/handler.go:596	round already finalized
2025-08-15T22:13:42.531-0500	DEBUG	protocol/handler.go:596	round already finalized
2025-08-15T22:13:42.537-0500	DEBUG	protocol/handler.go:581	tryAdvanceRound called	{"{current_round 20 3  <nil>}": {"Key":"self","Type":15,"Integer":0,"String":"a","Interface":null}}
2025-08-15T22:13:42.537-0500	DEBUG	protocol/handler.go:1591	have processed broadcast	{"{round 20 3  <nil>}": {"Key":"from","Type":15,"Integer":0,"String":"b","Interface":null}}
2025-08-15T22:13:42.537-0500	DEBUG	protocol/handler.go:1591	have processed broadcast	{"{round 20 3  <nil>}": {"Key":"from","Type":15,"Integer":0,"String":"c","Interface":null}}
2025-08-15T22:13:42.537-0500	DEBUG	protocol/handler.go:1649	have all messages and processed	{"{round 20 3  <nil>}": {"Key":"self","Type":15,"Integer":0,"String":"a","Interface":null}}
2025-08-15T22:13:42.537-0500	DEBUG	protocol/handler.go:596	round already finalized
2025-08-15T22:13:42.541-0500	DEBUG	protocol/handler.go:581	tryAdvanceRound called	{"{current_round 20 3  <nil>}": {"Key":"self","Type":15,"Integer":0,"String":"b","Interface":null}}
2025-08-15T22:13:42.541-0500	DEBUG	protocol/handler.go:581	tryAdvanceRound called	{"{current_round 20 3  <nil>}": {"Key":"self","Type":15,"Integer":0,"String":"c","Interface":null}}
2025-08-15T22:13:42.541-0500	DEBUG	protocol/handler.go:1591	have processed broadcast	{"{round 20 3  <nil>}": {"Key":"from","Type":15,"Integer":0,"String":"a","Interface":null}}
2025-08-15T22:13:42.541-0500	DEBUG	protocol/handler.go:1591	have processed broadcast	{"{round 20 3  <nil>}": {"Key":"from","Type":15,"Integer":0,"String":"a","Interface":null}}
2025-08-15T22:13:42.541-0500	DEBUG	protocol/handler.go:1591	have processed broadcast	{"{round 20 3  <nil>}": {"Key":"from","Type":15,"Integer":0,"String":"c","Interface":null}}
2025-08-15T22:13:42.541-0500	DEBUG	protocol/handler.go:1591	have processed broadcast	{"{round 20 3  <nil>}": {"Key":"from","Type":15,"Integer":0,"String":"b","Interface":null}}
2025-08-15T22:13:42.541-0500	DEBUG	protocol/handler.go:1649	have all messages and processed	{"{round 20 3  <nil>}": {"Key":"self","Type":15,"Integer":0,"String":"b","Interface":null}}
2025-08-15T22:13:42.541-0500	DEBUG	protocol/handler.go:596	round already finalized
2025-08-15T22:13:42.541-0500	DEBUG	protocol/handler.go:1649	have all messages and processed	{"{round 20 3  <nil>}": {"Key":"self","Type":15,"Integer":0,"String":"c","Interface":null}}
2025-08-15T22:13:42.541-0500	DEBUG	protocol/handler.go:596	round already finalized
2025-08-15T22:13:42.547-0500	DEBUG	protocol/handler.go:581	tryAdvanceRound called	{"{current_round 20 3  <nil>}": {"Key":"self","Type":15,"Integer":0,"String":"a","Interface":null}}
2025-08-15T22:13:42.547-0500	DEBUG	protocol/handler.go:1591	have processed broadcast	{"{round 20 3  <nil>}": {"Key":"from","Type":15,"Integer":0,"String":"b","Interface":null}}
2025-08-15T22:13:42.547-0500	DEBUG	protocol/handler.go:1591	have processed broadcast	{"{round 20 3  <nil>}": {"Key":"from","Type":15,"Integer":0,"String":"c","Interface":null}}
2025-08-15T22:13:42.547-0500	DEBUG	protocol/handler.go:1649	have all messages and processed	{"{round 20 3  <nil>}": {"Key":"self","Type":15,"Integer":0,"String":"a","Interface":null}}
2025-08-15T22:13:42.547-0500	DEBUG	protocol/handler.go:596	round already finalized
2025-08-15T22:13:42.551-0500	DEBUG	protocol/handler.go:581	tryAdvanceRound called	{"{current_round 20 3  <nil>}": {"Key":"self","Type":15,"Integer":0,"String":"b","Interface":null}}
2025-08-15T22:13:42.551-0500	DEBUG	protocol/handler.go:581	tryAdvanceRound called	{"{current_round 20 3  <nil>}": {"Key":"self","Type":15,"Integer":0,"String":"c","Interface":null}}
2025-08-15T22:13:42.551-0500	DEBUG	protocol/handler.go:1591	have processed broadcast	{"{round 20 3  <nil>}": {"Key":"from","Type":15,"Integer":0,"String":"a","Interface":null}}
2025-08-15T22:13:42.551-0500	DEBUG	protocol/handler.go:1591	have processed broadcast	{"{round 20 3  <nil>}": {"Key":"from","Type":15,"Integer":0,"String":"a","Interface":null}}
2025-08-15T22:13:42.551-0500	DEBUG	protocol/handler.go:1591	have processed broadcast	{"{round 20 3  <nil>}": {"Key":"from","Type":15,"Integer":0,"String":"c","Interface":null}}
2025-08-15T22:13:42.551-0500	DEBUG	protocol/handler.go:1591	have processed broadcast	{"{round 20 3  <nil>}": {"Key":"from","Type":15,"Integer":0,"String":"b","Interface":null}}
2025-08-15T22:13:42.551-0500	DEBUG	protocol/handler.go:1649	have all messages and processed	{"{round 20 3  <nil>}": {"Key":"self","Type":15,"Integer":0,"String":"b","Interface":null}}
2025-08-15T22:13:42.551-0500	DEBUG	protocol/handler.go:1649	have all messages and processed	{"{round 20 3  <nil>}": {"Key":"self","Type":15,"Integer":0,"String":"c","Interface":null}}
2025-08-15T22:13:42.551-0500	DEBUG	protocol/handler.go:596	round already finalized
2025-08-15T22:13:42.551-0500	DEBUG	protocol/handler.go:596	round already finalized
2025-08-15T22:13:42.557-0500	DEBUG	protocol/handler.go:581	tryAdvanceRound called	{"{current_round 20 3  <nil>}": {"Key":"self","Type":15,"Integer":0,"String":"a","Interface":null}}
2025-08-15T22:13:42.557-0500	DEBUG	protocol/handler.go:1591	have processed broadcast	{"{round 20 3  <nil>}": {"Key":"from","Type":15,"Integer":0,"String":"b","Interface":null}}
2025-08-15T22:13:42.557-0500	DEBUG	protocol/handler.go:1591	have processed broadcast	{"{round 20 3  <nil>}": {"Key":"from","Type":15,"Integer":0,"String":"c","Interface":null}}
2025-08-15T22:13:42.557-0500	DEBUG	protocol/handler.go:1649	have all messages and processed	{"{round 20 3  <nil>}": {"Key":"self","Type":15,"Integer":0,"String":"a","Interface":null}}
2025-08-15T22:13:42.557-0500	DEBUG	protocol/handler.go:596	round already finalized
2025-08-15T22:13:42.562-0500	DEBUG	protocol/handler.go:581	tryAdvanceRound called	{"{current_round 20 3  <nil>}": {"Key":"self","Type":15,"Integer":0,"String":"c","Interface":null}}
2025-08-15T22:13:42.562-0500	DEBUG	protocol/handler.go:1591	have processed broadcast	{"{round 20 3  <nil>}": {"Key":"from","Type":15,"Integer":0,"String":"a","Interface":null}}
2025-08-15T22:13:42.562-0500	DEBUG	protocol/handler.go:1591	have processed broadcast	{"{round 20 3  <nil>}": {"Key":"from","Type":15,"Integer":0,"String":"b","Interface":null}}
2025-08-15T22:13:42.562-0500	DEBUG	protocol/handler.go:1649	have all messages and processed	{"{round 20 3  <nil>}": {"Key":"self","Type":15,"Integer":0,"String":"c","Interface":null}}
2025-08-15T22:13:42.562-0500	DEBUG	protocol/handler.go:596	round already finalized
2025-08-15T22:13:42.562-0500	DEBUG	protocol/handler.go:581	tryAdvanceRound called	{"{current_round 20 3  <nil>}": {"Key":"self","Type":15,"Integer":0,"String":"b","Interface":null}}
2025-08-15T22:13:42.562-0500	DEBUG	protocol/handler.go:1591	have processed broadcast	{"{round 20 3  <nil>}": {"Key":"from","Type":15,"Integer":0,"String":"a","Interface":null}}
2025-08-15T22:13:42.562-0500	DEBUG	protocol/handler.go:1591	have processed broadcast	{"{round 20 3  <nil>}": {"Key":"from","Type":15,"Integer":0,"String":"c","Interface":null}}
2025-08-15T22:13:42.562-0500	DEBUG	protocol/handler.go:1649	have all messages and processed	{"{round 20 3  <nil>}": {"Key":"self","Type":15,"Integer":0,"String":"b","Interface":null}}
2025-08-15T22:13:42.562-0500	DEBUG	protocol/handler.go:596	round already finalized
2025-08-15T22:13:42.567-0500	DEBUG	protocol/handler.go:581	tryAdvanceRound called	{"{current_round 20 3  <nil>}": {"Key":"self","Type":15,"Integer":0,"String":"a","Interface":null}}
2025-08-15T22:13:42.567-0500	DEBUG	protocol/handler.go:1591	have processed broadcast	{"{round 20 3  <nil>}": {"Key":"from","Type":15,"Integer":0,"String":"b","Interface":null}}
2025-08-15T22:13:42.567-0500	DEBUG	protocol/handler.go:1591	have processed broadcast	{"{round 20 3  <nil>}": {"Key":"from","Type":15,"Integer":0,"String":"c","Interface":null}}
2025-08-15T22:13:42.567-0500	DEBUG	protocol/handler.go:1649	have all messages and processed	{"{round 20 3  <nil>}": {"Key":"self","Type":15,"Integer":0,"String":"a","Interface":null}}
2025-08-15T22:13:42.567-0500	DEBUG	protocol/handler.go:596	round already finalized
2025-08-15T22:13:42.571-0500	DEBUG	protocol/handler.go:581	tryAdvanceRound called	{"{current_round 20 3  <nil>}": {"Key":"self","Type":15,"Integer":0,"String":"c","Interface":null}}
2025-08-15T22:13:42.571-0500	DEBUG	protocol/handler.go:1591	have processed broadcast	{"{round 20 3  <nil>}": {"Key":"from","Type":15,"Integer":0,"String":"a","Interface":null}}
2025-08-15T22:13:42.571-0500	DEBUG	protocol/handler.go:1591	have processed broadcast	{"{round 20 3  <nil>}": {"Key":"from","Type":15,"Integer":0,"String":"b","Interface":null}}
2025-08-15T22:13:42.571-0500	DEBUG	protocol/handler.go:1649	have all messages and processed	{"{round 20 3  <nil>}": {"Key":"self","Type":15,"Integer":0,"String":"c","Interface":null}}
2025-08-15T22:13:42.572-0500	DEBUG	protocol/handler.go:596	round already finalized
2025-08-15T22:13:42.572-0500	DEBUG	protocol/handler.go:581	tryAdvanceRound called	{"{current_round 20 3  <nil>}": {"Key":"self","Type":15,"Integer":0,"String":"b","Interface":null}}
2025-08-15T22:13:42.572-0500	DEBUG	protocol/handler.go:1591	have processed broadcast	{"{round 20 3  <nil>}": {"Key":"from","Type":15,"Integer":0,"String":"a","Interface":null}}
2025-08-15T22:13:42.572-0500	DEBUG	protocol/handler.go:1591	have processed broadcast	{"{round 20 3  <nil>}": {"Key":"from","Type":15,"Integer":0,"String":"c","Interface":null}}
2025-08-15T22:13:42.572-0500	DEBUG	protocol/handler.go:1649	have all messages and processed	{"{round 20 3  <nil>}": {"Key":"self","Type":15,"Integer":0,"String":"b","Interface":null}}
2025-08-15T22:13:42.572-0500	DEBUG	protocol/handler.go:596	round already finalized
2025-08-15T22:13:42.577-0500	DEBUG	protocol/handler.go:581	tryAdvanceRound called	{"{current_round 20 3  <nil>}": {"Key":"self","Type":15,"Integer":0,"String":"a","Interface":null}}
2025-08-15T22:13:42.577-0500	DEBUG	protocol/handler.go:1591	have processed broadcast	{"{round 20 3  <nil>}": {"Key":"from","Type":15,"Integer":0,"String":"b","Interface":null}}
2025-08-15T22:13:42.577-0500	DEBUG	protocol/handler.go:1591	have processed broadcast	{"{round 20 3  <nil>}": {"Key":"from","Type":15,"Integer":0,"String":"c","Interface":null}}
2025-08-15T22:13:42.577-0500	DEBUG	protocol/handler.go:1649	have all messages and processed	{"{round 20 3  <nil>}": {"Key":"self","Type":15,"Integer":0,"String":"a","Interface":null}}
2025-08-15T22:13:42.577-0500	DEBUG	protocol/handler.go:596	round already finalized
2025-08-15T22:13:42.581-0500	DEBUG	protocol/handler.go:581	tryAdvanceRound called	{"{current_round 20 3  <nil>}": {"Key":"self","Type":15,"Integer":0,"String":"b","Interface":null}}
2025-08-15T22:13:42.581-0500	DEBUG	protocol/handler.go:581	tryAdvanceRound called	{"{current_round 20 3  <nil>}": {"Key":"self","Type":15,"Integer":0,"String":"c","Interface":null}}
2025-08-15T22:13:42.581-0500	DEBUG	protocol/handler.go:1591	have processed broadcast	{"{round 20 3  <nil>}": {"Key":"from","Type":15,"Integer":0,"String":"a","Interface":null}}
2025-08-15T22:13:42.581-0500	DEBUG	protocol/handler.go:1591	have processed broadcast	{"{round 20 3  <nil>}": {"Key":"from","Type":15,"Integer":0,"String":"c","Interface":null}}
2025-08-15T22:13:42.581-0500	DEBUG	protocol/handler.go:1649	have all messages and processed	{"{round 20 3  <nil>}": {"Key":"self","Type":15,"Integer":0,"String":"b","Interface":null}}
2025-08-15T22:13:42.581-0500	DEBUG	protocol/handler.go:596	round already finalized
2025-08-15T22:13:42.581-0500	DEBUG	protocol/handler.go:1591	have processed broadcast	{"{round 20 3  <nil>}": {"Key":"from","Type":15,"Integer":0,"String":"a","Interface":null}}
2025-08-15T22:13:42.582-0500	DEBUG	protocol/handler.go:1591	have processed broadcast	{"{round 20 3  <nil>}": {"Key":"from","Type":15,"Integer":0,"String":"b","Interface":null}}
2025-08-15T22:13:42.582-0500	DEBUG	protocol/handler.go:1649	have all messages and processed	{"{round 20 3  <nil>}": {"Key":"self","Type":15,"Integer":0,"String":"c","Interface":null}}
2025-08-15T22:13:42.582-0500	DEBUG	protocol/handler.go:596	round already finalized
2025-08-15T22:13:42.587-0500	DEBUG	protocol/handler.go:581	tryAdvanceRound called	{"{current_round 20 3  <nil>}": {"Key":"self","Type":15,"Integer":0,"String":"a","Interface":null}}
2025-08-15T22:13:42.587-0500	DEBUG	protocol/handler.go:1591	have processed broadcast	{"{round 20 3  <nil>}": {"Key":"from","Type":15,"Integer":0,"String":"b","Interface":null}}
2025-08-15T22:13:42.587-0500	DEBUG	protocol/handler.go:1591	have processed broadcast	{"{round 20 3  <nil>}": {"Key":"from","Type":15,"Integer":0,"String":"c","Interface":null}}
2025-08-15T22:13:42.587-0500	DEBUG	protocol/handler.go:1649	have all messages and processed	{"{round 20 3  <nil>}": {"Key":"self","Type":15,"Integer":0,"String":"a","Interface":null}}
2025-08-15T22:13:42.587-0500	DEBUG	protocol/handler.go:596	round already finalized
2025-08-15T22:13:42.591-0500	DEBUG	protocol/handler.go:581	tryAdvanceRound called	{"{current_round 20 3  <nil>}": {"Key":"self","Type":15,"Integer":0,"String":"b","Interface":null}}
2025-08-15T22:13:42.591-0500	DEBUG	protocol/handler.go:1591	have processed broadcast	{"{round 20 3  <nil>}": {"Key":"from","Type":15,"Integer":0,"String":"a","Interface":null}}
2025-08-15T22:13:42.591-0500	DEBUG	protocol/handler.go:1591	have processed broadcast	{"{round 20 3  <nil>}": {"Key":"from","Type":15,"Integer":0,"String":"c","Interface":null}}
2025-08-15T22:13:42.591-0500	DEBUG	protocol/handler.go:1649	have all messages and processed	{"{round 20 3  <nil>}": {"Key":"self","Type":15,"Integer":0,"String":"b","Interface":null}}
2025-08-15T22:13:42.591-0500	DEBUG	protocol/handler.go:596	round already finalized
2025-08-15T22:13:42.591-0500	DEBUG	protocol/handler.go:581	tryAdvanceRound called	{"{current_round 20 3  <nil>}": {"Key":"self","Type":15,"Integer":0,"String":"c","Interface":null}}
2025-08-15T22:13:42.591-0500	DEBUG	protocol/handler.go:1591	have processed broadcast	{"{round 20 3  <nil>}": {"Key":"from","Type":15,"Integer":0,"String":"a","Interface":null}}
2025-08-15T22:13:42.591-0500	DEBUG	protocol/handler.go:1591	have processed broadcast	{"{round 20 3  <nil>}": {"Key":"from","Type":15,"Integer":0,"String":"b","Interface":null}}
2025-08-15T22:13:42.591-0500	DEBUG	protocol/handler.go:1649	have all messages and processed	{"{round 20 3  <nil>}": {"Key":"self","Type":15,"Integer":0,"String":"c","Interface":null}}
2025-08-15T22:13:42.591-0500	DEBUG	protocol/handler.go:596	round already finalized
2025-08-15T22:13:42.597-0500	DEBUG	protocol/handler.go:581	tryAdvanceRound called	{"{current_round 20 3  <nil>}": {"Key":"self","Type":15,"Integer":0,"String":"a","Interface":null}}
2025-08-15T22:13:42.597-0500	DEBUG	protocol/handler.go:1591	have processed broadcast	{"{round 20 3  <nil>}": {"Key":"from","Type":15,"Integer":0,"String":"b","Interface":null}}
2025-08-15T22:13:42.597-0500	DEBUG	protocol/handler.go:1591	have processed broadcast	{"{round 20 3  <nil>}": {"Key":"from","Type":15,"Integer":0,"String":"c","Interface":null}}
2025-08-15T22:13:42.597-0500	DEBUG	protocol/handler.go:1649	have all messages and processed	{"{round 20 3  <nil>}": {"Key":"self","Type":15,"Integer":0,"String":"a","Interface":null}}
2025-08-15T22:13:42.597-0500	DEBUG	protocol/handler.go:596	round already finalized
2025-08-15T22:13:42.603-0500	DEBUG	protocol/handler.go:581	tryAdvanceRound called	{"{current_round 20 3  <nil>}": {"Key":"self","Type":15,"Integer":0,"String":"c","Interface":null}}
2025-08-15T22:13:42.604-0500	DEBUG	protocol/handler.go:1591	have processed broadcast	{"{round 20 3  <nil>}": {"Key":"from","Type":15,"Integer":0,"String":"a","Interface":null}}
2025-08-15T22:13:42.604-0500	DEBUG	protocol/handler.go:1591	have processed broadcast	{"{round 20 3  <nil>}": {"Key":"from","Type":15,"Integer":0,"String":"b","Interface":null}}
2025-08-15T22:13:42.604-0500	DEBUG	protocol/handler.go:1649	have all messages and processed	{"{round 20 3  <nil>}": {"Key":"self","Type":15,"Integer":0,"String":"c","Interface":null}}
2025-08-15T22:13:42.604-0500	DEBUG	protocol/handler.go:596	round already finalized
2025-08-15T22:13:42.605-0500	DEBUG	protocol/handler.go:581	tryAdvanceRound called	{"{current_round 20 3  <nil>}": {"Key":"self","Type":15,"Integer":0,"String":"b","Interface":null}}
2025-08-15T22:13:42.605-0500	DEBUG	protocol/handler.go:1591	have processed broadcast	{"{round 20 3  <nil>}": {"Key":"from","Type":15,"Integer":0,"String":"a","Interface":null}}
2025-08-15T22:13:42.606-0500	DEBUG	protocol/handler.go:1591	have processed broadcast	{"{round 20 3  <nil>}": {"Key":"from","Type":15,"Integer":0,"String":"c","Interface":null}}
2025-08-15T22:13:42.606-0500	DEBUG	protocol/handler.go:1649	have all messages and processed	{"{round 20 3  <nil>}": {"Key":"self","Type":15,"Integer":0,"String":"b","Interface":null}}
2025-08-15T22:13:42.606-0500	DEBUG	protocol/handler.go:596	round already finalized
2025-08-15T22:13:42.606-0500	DEBUG	protocol/handler.go:581	tryAdvanceRound called	{"{current_round 20 3  <nil>}": {"Key":"self","Type":15,"Integer":0,"String":"a","Interface":null}}
2025-08-15T22:13:42.606-0500	DEBUG	protocol/handler.go:1591	have processed broadcast	{"{round 20 3  <nil>}": {"Key":"from","Type":15,"Integer":0,"String":"b","Interface":null}}
2025-08-15T22:13:42.607-0500	DEBUG	protocol/handler.go:1591	have processed broadcast	{"{round 20 3  <nil>}": {"Key":"from","Type":15,"Integer":0,"String":"c","Interface":null}}
2025-08-15T22:13:42.607-0500	DEBUG	protocol/handler.go:1649	have all messages and processed	{"{round 20 3  <nil>}": {"Key":"self","Type":15,"Integer":0,"String":"a","Interface":null}}
2025-08-15T22:13:42.607-0500	DEBUG	protocol/handler.go:596	round already finalized
2025-08-15T22:13:42.611-0500	DEBUG	protocol/handler.go:581	tryAdvanceRound called	{"{current_round 20 3  <nil>}": {"Key":"self","Type":15,"Integer":0,"String":"b","Interface":null}}
2025-08-15T22:13:42.611-0500	DEBUG	protocol/handler.go:1591	have processed broadcast	{"{round 20 3  <nil>}": {"Key":"from","Type":15,"Integer":0,"String":"a","Interface":null}}
2025-08-15T22:13:42.611-0500	DEBUG	protocol/handler.go:1591	have processed broadcast	{"{round 20 3  <nil>}": {"Key":"from","Type":15,"Integer":0,"String":"c","Interface":null}}
2025-08-15T22:13:42.611-0500	DEBUG	protocol/handler.go:1649	have all messages and processed	{"{round 20 3  <nil>}": {"Key":"self","Type":15,"Integer":0,"String":"b","Interface":null}}
2025-08-15T22:13:42.611-0500	DEBUG	protocol/handler.go:596	round already finalized
2025-08-15T22:13:42.611-0500	DEBUG	protocol/handler.go:581	tryAdvanceRound called	{"{current_round 20 3  <nil>}": {"Key":"self","Type":15,"Integer":0,"String":"c","Interface":null}}
2025-08-15T22:13:42.611-0500	DEBUG	protocol/handler.go:1591	have processed broadcast	{"{round 20 3  <nil>}": {"Key":"from","Type":15,"Integer":0,"String":"a","Interface":null}}
2025-08-15T22:13:42.611-0500	DEBUG	protocol/handler.go:1591	have processed broadcast	{"{round 20 3  <nil>}": {"Key":"from","Type":15,"Integer":0,"String":"b","Interface":null}}
2025-08-15T22:13:42.611-0500	DEBUG	protocol/handler.go:1649	have all messages and processed	{"{round 20 3  <nil>}": {"Key":"self","Type":15,"Integer":0,"String":"c","Interface":null}}
2025-08-15T22:13:42.611-0500	DEBUG	protocol/handler.go:596	round already finalized
2025-08-15T22:13:42.616-0500	DEBUG	protocol/handler.go:581	tryAdvanceRound called	{"{current_round 20 3  <nil>}": {"Key":"self","Type":15,"Integer":0,"String":"a","Interface":null}}
2025-08-15T22:13:42.617-0500	DEBUG	protocol/handler.go:1591	have processed broadcast	{"{round 20 3  <nil>}": {"Key":"from","Type":15,"Integer":0,"String":"b","Interface":null}}
2025-08-15T22:13:42.617-0500	DEBUG	protocol/handler.go:1591	have processed broadcast	{"{round 20 3  <nil>}": {"Key":"from","Type":15,"Integer":0,"String":"c","Interface":null}}
2025-08-15T22:13:42.617-0500	DEBUG	protocol/handler.go:1649	have all messages and processed	{"{round 20 3  <nil>}": {"Key":"self","Type":15,"Integer":0,"String":"a","Interface":null}}
2025-08-15T22:13:42.617-0500	DEBUG	protocol/handler.go:596	round already finalized
2025-08-15T22:13:42.622-0500	DEBUG	protocol/handler.go:581	tryAdvanceRound called	{"{current_round 20 3  <nil>}": {"Key":"self","Type":15,"Integer":0,"String":"b","Interface":null}}
2025-08-15T22:13:42.622-0500	DEBUG	protocol/handler.go:1591	have processed broadcast	{"{round 20 3  <nil>}": {"Key":"from","Type":15,"Integer":0,"String":"a","Interface":null}}
2025-08-15T22:13:42.622-0500	DEBUG	protocol/handler.go:1591	have processed broadcast	{"{round 20 3  <nil>}": {"Key":"from","Type":15,"Integer":0,"String":"c","Interface":null}}
2025-08-15T22:13:42.622-0500	DEBUG	protocol/handler.go:1649	have all messages and processed	{"{round 20 3  <nil>}": {"Key":"self","Type":15,"Integer":0,"String":"b","Interface":null}}
2025-08-15T22:13:42.622-0500	DEBUG	protocol/handler.go:596	round already finalized
2025-08-15T22:13:42.622-0500	DEBUG	protocol/handler.go:581	tryAdvanceRound called	{"{current_round 20 3  <nil>}": {"Key":"self","Type":15,"Integer":0,"String":"c","Interface":null}}
2025-08-15T22:13:42.622-0500	DEBUG	protocol/handler.go:1591	have processed broadcast	{"{round 20 3  <nil>}": {"Key":"from","Type":15,"Integer":0,"String":"a","Interface":null}}
2025-08-15T22:13:42.622-0500	DEBUG	protocol/handler.go:1591	have processed broadcast	{"{round 20 3  <nil>}": {"Key":"from","Type":15,"Integer":0,"String":"b","Interface":null}}
2025-08-15T22:13:42.622-0500	DEBUG	protocol/handler.go:1649	have all messages and processed	{"{round 20 3  <nil>}": {"Key":"self","Type":15,"Integer":0,"String":"c","Interface":null}}
2025-08-15T22:13:42.622-0500	DEBUG	protocol/handler.go:596	round already finalized
2025-08-15T22:13:42.626-0500	DEBUG	protocol/handler.go:581	tryAdvanceRound called	{"{current_round 20 3  <nil>}": {"Key":"self","Type":15,"Integer":0,"String":"a","Interface":null}}
2025-08-15T22:13:42.626-0500	DEBUG	protocol/handler.go:1591	have processed broadcast	{"{round 20 3  <nil>}": {"Key":"from","Type":15,"Integer":0,"String":"b","Interface":null}}
2025-08-15T22:13:42.626-0500	DEBUG	protocol/handler.go:1591	have processed broadcast	{"{round 20 3  <nil>}": {"Key":"from","Type":15,"Integer":0,"String":"c","Interface":null}}
2025-08-15T22:13:42.626-0500	DEBUG	protocol/handler.go:1649	have all messages and processed	{"{round 20 3  <nil>}": {"Key":"self","Type":15,"Integer":0,"String":"a","Interface":null}}
2025-08-15T22:13:42.627-0500	DEBUG	protocol/handler.go:596	round already finalized
2025-08-15T22:13:42.633-0500	DEBUG	protocol/handler.go:581	tryAdvanceRound called	{"{current_round 20 3  <nil>}": {"Key":"self","Type":15,"Integer":0,"String":"c","Interface":null}}
2025-08-15T22:13:42.634-0500	DEBUG	protocol/handler.go:1591	have processed broadcast	{"{round 20 3  <nil>}": {"Key":"from","Type":15,"Integer":0,"String":"a","Interface":null}}
2025-08-15T22:13:42.634-0500	DEBUG	protocol/handler.go:1591	have processed broadcast	{"{round 20 3  <nil>}": {"Key":"from","Type":15,"Integer":0,"String":"b","Interface":null}}
2025-08-15T22:13:42.634-0500	DEBUG	protocol/handler.go:1649	have all messages and processed	{"{round 20 3  <nil>}": {"Key":"self","Type":15,"Integer":0,"String":"c","Interface":null}}
2025-08-15T22:13:42.634-0500	DEBUG	protocol/handler.go:596	round already finalized
2025-08-15T22:13:42.634-0500	DEBUG	protocol/handler.go:581	tryAdvanceRound called	{"{current_round 20 3  <nil>}": {"Key":"self","Type":15,"Integer":0,"String":"b","Interface":null}}
2025-08-15T22:13:42.634-0500	DEBUG	protocol/handler.go:1591	have processed broadcast	{"{round 20 3  <nil>}": {"Key":"from","Type":15,"Integer":0,"String":"a","Interface":null}}
2025-08-15T22:13:42.634-0500	DEBUG	protocol/handler.go:1591	have processed broadcast	{"{round 20 3  <nil>}": {"Key":"from","Type":15,"Integer":0,"String":"c","Interface":null}}
2025-08-15T22:13:42.639-0500	DEBUG	protocol/handler.go:1649	have all messages and processed	{"{round 20 3  <nil>}": {"Key":"self","Type":15,"Integer":0,"String":"b","Interface":null}}
2025-08-15T22:13:42.639-0500	DEBUG	protocol/handler.go:596	round already finalized
2025-08-15T22:13:42.639-0500	DEBUG	protocol/handler.go:581	tryAdvanceRound called	{"{current_round 20 3  <nil>}": {"Key":"self","Type":15,"Integer":0,"String":"a","Interface":null}}
2025-08-15T22:13:42.639-0500	DEBUG	protocol/handler.go:1591	have processed broadcast	{"{round 20 3  <nil>}": {"Key":"from","Type":15,"Integer":0,"String":"b","Interface":null}}
2025-08-15T22:13:42.639-0500	DEBUG	protocol/handler.go:1591	have processed broadcast	{"{round 20 3  <nil>}": {"Key":"from","Type":15,"Integer":0,"String":"c","Interface":null}}
2025-08-15T22:13:42.639-0500	DEBUG	protocol/handler.go:1649	have all messages and processed	{"{round 20 3  <nil>}": {"Key":"self","Type":15,"Integer":0,"String":"a","Interface":null}}
2025-08-15T22:13:42.639-0500	DEBUG	protocol/handler.go:596	round already finalized
2025-08-15T22:13:42.642-0500	DEBUG	protocol/handler.go:581	tryAdvanceRound called	{"{current_round 20 3  <nil>}": {"Key":"self","Type":15,"Integer":0,"String":"b","Interface":null}}
2025-08-15T22:13:42.642-0500	DEBUG	protocol/handler.go:1591	have processed broadcast	{"{round 20 3  <nil>}": {"Key":"from","Type":15,"Integer":0,"String":"a","Interface":null}}
2025-08-15T22:13:42.642-0500	DEBUG	protocol/handler.go:1591	have processed broadcast	{"{round 20 3  <nil>}": {"Key":"from","Type":15,"Integer":0,"String":"c","Interface":null}}
2025-08-15T22:13:42.643-0500	DEBUG	protocol/handler.go:1649	have all messages and processed	{"{round 20 3  <nil>}": {"Key":"self","Type":15,"Integer":0,"String":"b","Interface":null}}
2025-08-15T22:13:42.643-0500	DEBUG	protocol/handler.go:596	round already finalized
2025-08-15T22:13:42.643-0500	DEBUG	protocol/handler.go:581	tryAdvanceRound called	{"{current_round 20 3  <nil>}": {"Key":"self","Type":15,"Integer":0,"String":"c","Interface":null}}
2025-08-15T22:13:42.643-0500	DEBUG	protocol/handler.go:1591	have processed broadcast	{"{round 20 3  <nil>}": {"Key":"from","Type":15,"Integer":0,"String":"a","Interface":null}}
2025-08-15T22:13:42.643-0500	DEBUG	protocol/handler.go:1591	have processed broadcast	{"{round 20 3  <nil>}": {"Key":"from","Type":15,"Integer":0,"String":"b","Interface":null}}
2025-08-15T22:13:42.643-0500	DEBUG	protocol/handler.go:1649	have all messages and processed	{"{round 20 3  <nil>}": {"Key":"self","Type":15,"Integer":0,"String":"c","Interface":null}}
2025-08-15T22:13:42.643-0500	DEBUG	protocol/handler.go:596	round already finalized
2025-08-15T22:13:42.654-0500	DEBUG	protocol/handler.go:581	tryAdvanceRound called	{"{current_round 20 3  <nil>}": {"Key":"self","Type":15,"Integer":0,"String":"a","Interface":null}}
2025-08-15T22:13:42.655-0500	DEBUG	protocol/handler.go:1591	have processed broadcast	{"{round 20 3  <nil>}": {"Key":"from","Type":15,"Integer":0,"String":"b","Interface":null}}
2025-08-15T22:13:42.655-0500	DEBUG	protocol/handler.go:1591	have processed broadcast	{"{round 20 3  <nil>}": {"Key":"from","Type":15,"Integer":0,"String":"c","Interface":null}}
2025-08-15T22:13:42.655-0500	DEBUG	protocol/handler.go:1649	have all messages and processed	{"{round 20 3  <nil>}": {"Key":"self","Type":15,"Integer":0,"String":"a","Interface":null}}
2025-08-15T22:13:42.655-0500	DEBUG	protocol/handler.go:596	round already finalized
2025-08-15T22:13:42.655-0500	DEBUG	protocol/handler.go:581	tryAdvanceRound called	{"{current_round 20 3  <nil>}": {"Key":"self","Type":15,"Integer":0,"String":"c","Interface":null}}
2025-08-15T22:13:42.655-0500	DEBUG	protocol/handler.go:1591	have processed broadcast	{"{round 20 3  <nil>}": {"Key":"from","Type":15,"Integer":0,"String":"a","Interface":null}}
2025-08-15T22:13:42.655-0500	DEBUG	protocol/handler.go:1591	have processed broadcast	{"{round 20 3  <nil>}": {"Key":"from","Type":15,"Integer":0,"String":"b","Interface":null}}
2025-08-15T22:13:42.655-0500	DEBUG	protocol/handler.go:1649	have all messages and processed	{"{round 20 3  <nil>}": {"Key":"self","Type":15,"Integer":0,"String":"c","Interface":null}}
2025-08-15T22:13:42.655-0500	DEBUG	protocol/handler.go:596	round already finalized
2025-08-15T22:13:42.655-0500	DEBUG	protocol/handler.go:581	tryAdvanceRound called	{"{current_round 20 3  <nil>}": {"Key":"self","Type":15,"Integer":0,"String":"b","Interface":null}}
2025-08-15T22:13:42.655-0500	DEBUG	protocol/handler.go:1591	have processed broadcast	{"{round 20 3  <nil>}": {"Key":"from","Type":15,"Integer":0,"String":"a","Interface":null}}
2025-08-15T22:13:42.655-0500	DEBUG	protocol/handler.go:1591	have processed broadcast	{"{round 20 3  <nil>}": {"Key":"from","Type":15,"Integer":0,"String":"c","Interface":null}}
2025-08-15T22:13:42.655-0500	DEBUG	protocol/handler.go:1649	have all messages and processed	{"{round 20 3  <nil>}": {"Key":"self","Type":15,"Integer":0,"String":"b","Interface":null}}
2025-08-15T22:13:42.655-0500	DEBUG	protocol/handler.go:596	round already finalized
2025-08-15T22:13:42.656-0500	DEBUG	protocol/handler.go:581	tryAdvanceRound called	{"{current_round 20 3  <nil>}": {"Key":"self","Type":15,"Integer":0,"String":"a","Interface":null}}
2025-08-15T22:13:42.657-0500	DEBUG	protocol/handler.go:1591	have processed broadcast	{"{round 20 3  <nil>}": {"Key":"from","Type":15,"Integer":0,"String":"b","Interface":null}}
2025-08-15T22:13:42.657-0500	DEBUG	protocol/handler.go:1591	have processed broadcast	{"{round 20 3  <nil>}": {"Key":"from","Type":15,"Integer":0,"String":"c","Interface":null}}
2025-08-15T22:13:42.657-0500	DEBUG	protocol/handler.go:1649	have all messages and processed	{"{round 20 3  <nil>}": {"Key":"self","Type":15,"Integer":0,"String":"a","Interface":null}}
2025-08-15T22:13:42.657-0500	DEBUG	protocol/handler.go:596	round already finalized
2025-08-15T22:13:42.661-0500	DEBUG	protocol/handler.go:581	tryAdvanceRound called	{"{current_round 20 3  <nil>}": {"Key":"self","Type":15,"Integer":0,"String":"b","Interface":null}}
2025-08-15T22:13:42.661-0500	DEBUG	protocol/handler.go:1591	have processed broadcast	{"{round 20 3  <nil>}": {"Key":"from","Type":15,"Integer":0,"String":"a","Interface":null}}
2025-08-15T22:13:42.661-0500	DEBUG	protocol/handler.go:581	tryAdvanceRound called	{"{current_round 20 3  <nil>}": {"Key":"self","Type":15,"Integer":0,"String":"c","Interface":null}}
2025-08-15T22:13:42.661-0500	DEBUG	protocol/handler.go:1591	have processed broadcast	{"{round 20 3  <nil>}": {"Key":"from","Type":15,"Integer":0,"String":"c","Interface":null}}
2025-08-15T22:13:42.661-0500	DEBUG	protocol/handler.go:1649	have all messages and processed	{"{round 20 3  <nil>}": {"Key":"self","Type":15,"Integer":0,"String":"b","Interface":null}}
2025-08-15T22:13:42.661-0500	DEBUG	protocol/handler.go:596	round already finalized
2025-08-15T22:13:42.661-0500	DEBUG	protocol/handler.go:1591	have processed broadcast	{"{round 20 3  <nil>}": {"Key":"from","Type":15,"Integer":0,"String":"a","Interface":null}}
2025-08-15T22:13:42.661-0500	DEBUG	protocol/handler.go:1591	have processed broadcast	{"{round 20 3  <nil>}": {"Key":"from","Type":15,"Integer":0,"String":"b","Interface":null}}
2025-08-15T22:13:42.662-0500	DEBUG	protocol/handler.go:1649	have all messages and processed	{"{round 20 3  <nil>}": {"Key":"self","Type":15,"Integer":0,"String":"c","Interface":null}}
2025-08-15T22:13:42.662-0500	DEBUG	protocol/handler.go:596	round already finalized
2025-08-15T22:13:42.667-0500	DEBUG	protocol/handler.go:581	tryAdvanceRound called	{"{current_round 20 3  <nil>}": {"Key":"self","Type":15,"Integer":0,"String":"a","Interface":null}}
2025-08-15T22:13:42.667-0500	DEBUG	protocol/handler.go:1591	have processed broadcast	{"{round 20 3  <nil>}": {"Key":"from","Type":15,"Integer":0,"String":"b","Interface":null}}
2025-08-15T22:13:42.667-0500	DEBUG	protocol/handler.go:1591	have processed broadcast	{"{round 20 3  <nil>}": {"Key":"from","Type":15,"Integer":0,"String":"c","Interface":null}}
2025-08-15T22:13:42.667-0500	DEBUG	protocol/handler.go:1649	have all messages and processed	{"{round 20 3  <nil>}": {"Key":"self","Type":15,"Integer":0,"String":"a","Interface":null}}
2025-08-15T22:13:42.667-0500	DEBUG	protocol/handler.go:596	round already finalized
2025-08-15T22:13:42.671-0500	DEBUG	protocol/handler.go:581	tryAdvanceRound called	{"{current_round 20 3  <nil>}": {"Key":"self","Type":15,"Integer":0,"String":"b","Interface":null}}
2025-08-15T22:13:42.671-0500	DEBUG	protocol/handler.go:581	tryAdvanceRound called	{"{current_round 20 3  <nil>}": {"Key":"self","Type":15,"Integer":0,"String":"c","Interface":null}}
2025-08-15T22:13:42.671-0500	DEBUG	protocol/handler.go:1591	have processed broadcast	{"{round 20 3  <nil>}": {"Key":"from","Type":15,"Integer":0,"String":"a","Interface":null}}
2025-08-15T22:13:42.671-0500	DEBUG	protocol/handler.go:1591	have processed broadcast	{"{round 20 3  <nil>}": {"Key":"from","Type":15,"Integer":0,"String":"a","Interface":null}}
2025-08-15T22:13:42.671-0500	DEBUG	protocol/handler.go:1591	have processed broadcast	{"{round 20 3  <nil>}": {"Key":"from","Type":15,"Integer":0,"String":"c","Interface":null}}
2025-08-15T22:13:42.671-0500	DEBUG	protocol/handler.go:1591	have processed broadcast	{"{round 20 3  <nil>}": {"Key":"from","Type":15,"Integer":0,"String":"b","Interface":null}}
2025-08-15T22:13:42.671-0500	DEBUG	protocol/handler.go:1649	have all messages and processed	{"{round 20 3  <nil>}": {"Key":"self","Type":15,"Integer":0,"String":"b","Interface":null}}
2025-08-15T22:13:42.671-0500	DEBUG	protocol/handler.go:1649	have all messages and processed	{"{round 20 3  <nil>}": {"Key":"self","Type":15,"Integer":0,"String":"c","Interface":null}}
2025-08-15T22:13:42.671-0500	DEBUG	protocol/handler.go:596	round already finalized
2025-08-15T22:13:42.671-0500	DEBUG	protocol/handler.go:596	round already finalized
2025-08-15T22:13:42.677-0500	DEBUG	protocol/handler.go:581	tryAdvanceRound called	{"{current_round 20 3  <nil>}": {"Key":"self","Type":15,"Integer":0,"String":"a","Interface":null}}
2025-08-15T22:13:42.677-0500	DEBUG	protocol/handler.go:1591	have processed broadcast	{"{round 20 3  <nil>}": {"Key":"from","Type":15,"Integer":0,"String":"b","Interface":null}}
2025-08-15T22:13:42.677-0500	DEBUG	protocol/handler.go:1591	have processed broadcast	{"{round 20 3  <nil>}": {"Key":"from","Type":15,"Integer":0,"String":"c","Interface":null}}
2025-08-15T22:13:42.677-0500	DEBUG	protocol/handler.go:1649	have all messages and processed	{"{round 20 3  <nil>}": {"Key":"self","Type":15,"Integer":0,"String":"a","Interface":null}}
2025-08-15T22:13:42.677-0500	DEBUG	protocol/handler.go:596	round already finalized
2025-08-15T22:13:42.681-0500	DEBUG	protocol/handler.go:581	tryAdvanceRound called	{"{current_round 20 3  <nil>}": {"Key":"self","Type":15,"Integer":0,"String":"c","Interface":null}}
2025-08-15T22:13:42.681-0500	DEBUG	protocol/handler.go:581	tryAdvanceRound called	{"{current_round 20 3  <nil>}": {"Key":"self","Type":15,"Integer":0,"String":"b","Interface":null}}
2025-08-15T22:13:42.681-0500	DEBUG	protocol/handler.go:1591	have processed broadcast	{"{round 20 3  <nil>}": {"Key":"from","Type":15,"Integer":0,"String":"a","Interface":null}}
2025-08-15T22:13:42.681-0500	DEBUG	protocol/handler.go:1591	have processed broadcast	{"{round 20 3  <nil>}": {"Key":"from","Type":15,"Integer":0,"String":"a","Interface":null}}
2025-08-15T22:13:42.681-0500	DEBUG	protocol/handler.go:1591	have processed broadcast	{"{round 20 3  <nil>}": {"Key":"from","Type":15,"Integer":0,"String":"b","Interface":null}}
2025-08-15T22:13:42.681-0500	DEBUG	protocol/handler.go:1591	have processed broadcast	{"{round 20 3  <nil>}": {"Key":"from","Type":15,"Integer":0,"String":"c","Interface":null}}
2025-08-15T22:13:42.681-0500	DEBUG	protocol/handler.go:1649	have all messages and processed	{"{round 20 3  <nil>}": {"Key":"self","Type":15,"Integer":0,"String":"c","Interface":null}}
2025-08-15T22:13:42.681-0500	DEBUG	protocol/handler.go:596	round already finalized
2025-08-15T22:13:42.681-0500	DEBUG	protocol/handler.go:1649	have all messages and processed	{"{round 20 3  <nil>}": {"Key":"self","Type":15,"Integer":0,"String":"b","Interface":null}}
2025-08-15T22:13:42.681-0500	DEBUG	protocol/handler.go:596	round already finalized
2025-08-15T22:13:42.687-0500	DEBUG	protocol/handler.go:581	tryAdvanceRound called	{"{current_round 20 3  <nil>}": {"Key":"self","Type":15,"Integer":0,"String":"a","Interface":null}}
2025-08-15T22:13:42.687-0500	DEBUG	protocol/handler.go:1591	have processed broadcast	{"{round 20 3  <nil>}": {"Key":"from","Type":15,"Integer":0,"String":"b","Interface":null}}
2025-08-15T22:13:42.687-0500	DEBUG	protocol/handler.go:1591	have processed broadcast	{"{round 20 3  <nil>}": {"Key":"from","Type":15,"Integer":0,"String":"c","Interface":null}}
2025-08-15T22:13:42.687-0500	DEBUG	protocol/handler.go:1649	have all messages and processed	{"{round 20 3  <nil>}": {"Key":"self","Type":15,"Integer":0,"String":"a","Interface":null}}
2025-08-15T22:13:42.687-0500	DEBUG	protocol/handler.go:596	round already finalized
2025-08-15T22:13:42.691-0500	DEBUG	protocol/handler.go:581	tryAdvanceRound called	{"{current_round 20 3  <nil>}": {"Key":"self","Type":15,"Integer":0,"String":"b","Interface":null}}
2025-08-15T22:13:42.691-0500	DEBUG	protocol/handler.go:581	tryAdvanceRound called	{"{current_round 20 3  <nil>}": {"Key":"self","Type":15,"Integer":0,"String":"c","Interface":null}}
2025-08-15T22:13:42.691-0500	DEBUG	protocol/handler.go:1591	have processed broadcast	{"{round 20 3  <nil>}": {"Key":"from","Type":15,"Integer":0,"String":"a","Interface":null}}
2025-08-15T22:13:42.691-0500	DEBUG	protocol/handler.go:1591	have processed broadcast	{"{round 20 3  <nil>}": {"Key":"from","Type":15,"Integer":0,"String":"a","Interface":null}}
2025-08-15T22:13:42.691-0500	DEBUG	protocol/handler.go:1591	have processed broadcast	{"{round 20 3  <nil>}": {"Key":"from","Type":15,"Integer":0,"String":"c","Interface":null}}
2025-08-15T22:13:42.691-0500	DEBUG	protocol/handler.go:1591	have processed broadcast	{"{round 20 3  <nil>}": {"Key":"from","Type":15,"Integer":0,"String":"b","Interface":null}}
2025-08-15T22:13:42.691-0500	DEBUG	protocol/handler.go:1649	have all messages and processed	{"{round 20 3  <nil>}": {"Key":"self","Type":15,"Integer":0,"String":"b","Interface":null}}
2025-08-15T22:13:42.691-0500	DEBUG	protocol/handler.go:596	round already finalized
2025-08-15T22:13:42.691-0500	DEBUG	protocol/handler.go:1649	have all messages and processed	{"{round 20 3  <nil>}": {"Key":"self","Type":15,"Integer":0,"String":"c","Interface":null}}
2025-08-15T22:13:42.691-0500	DEBUG	protocol/handler.go:596	round already finalized
2025-08-15T22:13:42.697-0500	DEBUG	protocol/handler.go:581	tryAdvanceRound called	{"{current_round 20 3  <nil>}": {"Key":"self","Type":15,"Integer":0,"String":"a","Interface":null}}
2025-08-15T22:13:42.697-0500	DEBUG	protocol/handler.go:1591	have processed broadcast	{"{round 20 3  <nil>}": {"Key":"from","Type":15,"Integer":0,"String":"b","Interface":null}}
2025-08-15T22:13:42.697-0500	DEBUG	protocol/handler.go:1591	have processed broadcast	{"{round 20 3  <nil>}": {"Key":"from","Type":15,"Integer":0,"String":"c","Interface":null}}
2025-08-15T22:13:42.697-0500	DEBUG	protocol/handler.go:1649	have all messages and processed	{"{round 20 3  <nil>}": {"Key":"self","Type":15,"Integer":0,"String":"a","Interface":null}}
2025-08-15T22:13:42.697-0500	DEBUG	protocol/handler.go:596	round already finalized
2025-08-15T22:13:42.701-0500	DEBUG	protocol/handler.go:581	tryAdvanceRound called	{"{current_round 20 3  <nil>}": {"Key":"self","Type":15,"Integer":0,"String":"b","Interface":null}}
2025-08-15T22:13:42.701-0500	DEBUG	protocol/handler.go:581	tryAdvanceRound called	{"{current_round 20 3  <nil>}": {"Key":"self","Type":15,"Integer":0,"String":"c","Interface":null}}
2025-08-15T22:13:42.701-0500	DEBUG	protocol/handler.go:1591	have processed broadcast	{"{round 20 3  <nil>}": {"Key":"from","Type":15,"Integer":0,"String":"a","Interface":null}}
2025-08-15T22:13:42.701-0500	DEBUG	protocol/handler.go:1591	have processed broadcast	{"{round 20 3  <nil>}": {"Key":"from","Type":15,"Integer":0,"String":"a","Interface":null}}
2025-08-15T22:13:42.701-0500	DEBUG	protocol/handler.go:1591	have processed broadcast	{"{round 20 3  <nil>}": {"Key":"from","Type":15,"Integer":0,"String":"c","Interface":null}}
2025-08-15T22:13:42.701-0500	DEBUG	protocol/handler.go:1591	have processed broadcast	{"{round 20 3  <nil>}": {"Key":"from","Type":15,"Integer":0,"String":"b","Interface":null}}
2025-08-15T22:13:42.701-0500	DEBUG	protocol/handler.go:1649	have all messages and processed	{"{round 20 3  <nil>}": {"Key":"self","Type":15,"Integer":0,"String":"c","Interface":null}}
2025-08-15T22:13:42.701-0500	DEBUG	protocol/handler.go:1649	have all messages and processed	{"{round 20 3  <nil>}": {"Key":"self","Type":15,"Integer":0,"String":"b","Interface":null}}
2025-08-15T22:13:42.701-0500	DEBUG	protocol/handler.go:596	round already finalized
2025-08-15T22:13:42.701-0500	DEBUG	protocol/handler.go:596	round already finalized
2025-08-15T22:13:42.707-0500	DEBUG	protocol/handler.go:581	tryAdvanceRound called	{"{current_round 20 3  <nil>}": {"Key":"self","Type":15,"Integer":0,"String":"a","Interface":null}}
2025-08-15T22:13:42.707-0500	DEBUG	protocol/handler.go:1591	have processed broadcast	{"{round 20 3  <nil>}": {"Key":"from","Type":15,"Integer":0,"String":"b","Interface":null}}
2025-08-15T22:13:42.707-0500	DEBUG	protocol/handler.go:1591	have processed broadcast	{"{round 20 3  <nil>}": {"Key":"from","Type":15,"Integer":0,"String":"c","Interface":null}}
2025-08-15T22:13:42.707-0500	DEBUG	protocol/handler.go:1649	have all messages and processed	{"{round 20 3  <nil>}": {"Key":"self","Type":15,"Integer":0,"String":"a","Interface":null}}
2025-08-15T22:13:42.707-0500	DEBUG	protocol/handler.go:596	round already finalized
2025-08-15T22:13:42.711-0500	DEBUG	protocol/handler.go:581	tryAdvanceRound called	{"{current_round 20 3  <nil>}": {"Key":"self","Type":15,"Integer":0,"String":"b","Interface":null}}
2025-08-15T22:13:42.711-0500	DEBUG	protocol/handler.go:581	tryAdvanceRound called	{"{current_round 20 3  <nil>}": {"Key":"self","Type":15,"Integer":0,"String":"c","Interface":null}}
2025-08-15T22:13:42.711-0500	DEBUG	protocol/handler.go:1591	have processed broadcast	{"{round 20 3  <nil>}": {"Key":"from","Type":15,"Integer":0,"String":"a","Interface":null}}
2025-08-15T22:13:42.711-0500	DEBUG	protocol/handler.go:1591	have processed broadcast	{"{round 20 3  <nil>}": {"Key":"from","Type":15,"Integer":0,"String":"a","Interface":null}}
2025-08-15T22:13:42.711-0500	DEBUG	protocol/handler.go:1591	have processed broadcast	{"{round 20 3  <nil>}": {"Key":"from","Type":15,"Integer":0,"String":"c","Interface":null}}
2025-08-15T22:13:42.711-0500	DEBUG	protocol/handler.go:1591	have processed broadcast	{"{round 20 3  <nil>}": {"Key":"from","Type":15,"Integer":0,"String":"b","Interface":null}}
2025-08-15T22:13:42.711-0500	DEBUG	protocol/handler.go:1649	have all messages and processed	{"{round 20 3  <nil>}": {"Key":"self","Type":15,"Integer":0,"String":"b","Interface":null}}
2025-08-15T22:13:42.711-0500	DEBUG	protocol/handler.go:596	round already finalized
2025-08-15T22:13:42.711-0500	DEBUG	protocol/handler.go:1649	have all messages and processed	{"{round 20 3  <nil>}": {"Key":"self","Type":15,"Integer":0,"String":"c","Interface":null}}
2025-08-15T22:13:42.711-0500	DEBUG	protocol/handler.go:596	round already finalized
2025-08-15T22:13:42.717-0500	DEBUG	protocol/handler.go:581	tryAdvanceRound called	{"{current_round 20 3  <nil>}": {"Key":"self","Type":15,"Integer":0,"String":"a","Interface":null}}
2025-08-15T22:13:42.717-0500	DEBUG	protocol/handler.go:1591	have processed broadcast	{"{round 20 3  <nil>}": {"Key":"from","Type":15,"Integer":0,"String":"b","Interface":null}}
2025-08-15T22:13:42.717-0500	DEBUG	protocol/handler.go:1591	have processed broadcast	{"{round 20 3  <nil>}": {"Key":"from","Type":15,"Integer":0,"String":"c","Interface":null}}
2025-08-15T22:13:42.717-0500	DEBUG	protocol/handler.go:1649	have all messages and processed	{"{round 20 3  <nil>}": {"Key":"self","Type":15,"Integer":0,"String":"a","Interface":null}}
2025-08-15T22:13:42.717-0500	DEBUG	protocol/handler.go:596	round already finalized
2025-08-15T22:13:42.721-0500	DEBUG	protocol/handler.go:581	tryAdvanceRound called	{"{current_round 20 3  <nil>}": {"Key":"self","Type":15,"Integer":0,"String":"b","Interface":null}}
2025-08-15T22:13:42.721-0500	DEBUG	protocol/handler.go:1591	have processed broadcast	{"{round 20 3  <nil>}": {"Key":"from","Type":15,"Integer":0,"String":"a","Interface":null}}
2025-08-15T22:13:42.721-0500	DEBUG	protocol/handler.go:1591	have processed broadcast	{"{round 20 3  <nil>}": {"Key":"from","Type":15,"Integer":0,"String":"c","Interface":null}}
2025-08-15T22:13:42.721-0500	DEBUG	protocol/handler.go:1649	have all messages and processed	{"{round 20 3  <nil>}": {"Key":"self","Type":15,"Integer":0,"String":"b","Interface":null}}
2025-08-15T22:13:42.721-0500	DEBUG	protocol/handler.go:596	round already finalized
2025-08-15T22:13:42.721-0500	DEBUG	protocol/handler.go:581	tryAdvanceRound called	{"{current_round 20 3  <nil>}": {"Key":"self","Type":15,"Integer":0,"String":"c","Interface":null}}
2025-08-15T22:13:42.721-0500	DEBUG	protocol/handler.go:1591	have processed broadcast	{"{round 20 3  <nil>}": {"Key":"from","Type":15,"Integer":0,"String":"a","Interface":null}}
2025-08-15T22:13:42.721-0500	DEBUG	protocol/handler.go:1591	have processed broadcast	{"{round 20 3  <nil>}": {"Key":"from","Type":15,"Integer":0,"String":"b","Interface":null}}
2025-08-15T22:13:42.721-0500	DEBUG	protocol/handler.go:1649	have all messages and processed	{"{round 20 3  <nil>}": {"Key":"self","Type":15,"Integer":0,"String":"c","Interface":null}}
2025-08-15T22:13:42.721-0500	DEBUG	protocol/handler.go:596	round already finalized
2025-08-15T22:13:42.727-0500	DEBUG	protocol/handler.go:581	tryAdvanceRound called	{"{current_round 20 3  <nil>}": {"Key":"self","Type":15,"Integer":0,"String":"a","Interface":null}}
2025-08-15T22:13:42.727-0500	DEBUG	protocol/handler.go:1591	have processed broadcast	{"{round 20 3  <nil>}": {"Key":"from","Type":15,"Integer":0,"String":"b","Interface":null}}
2025-08-15T22:13:42.727-0500	DEBUG	protocol/handler.go:1591	have processed broadcast	{"{round 20 3  <nil>}": {"Key":"from","Type":15,"Integer":0,"String":"c","Interface":null}}
2025-08-15T22:13:42.727-0500	DEBUG	protocol/handler.go:1649	have all messages and processed	{"{round 20 3  <nil>}": {"Key":"self","Type":15,"Integer":0,"String":"a","Interface":null}}
2025-08-15T22:13:42.727-0500	DEBUG	protocol/handler.go:596	round already finalized
2025-08-15T22:13:42.731-0500	DEBUG	protocol/handler.go:581	tryAdvanceRound called	{"{current_round 20 3  <nil>}": {"Key":"self","Type":15,"Integer":0,"String":"b","Interface":null}}
2025-08-15T22:13:42.731-0500	DEBUG	protocol/handler.go:581	tryAdvanceRound called	{"{current_round 20 3  <nil>}": {"Key":"self","Type":15,"Integer":0,"String":"c","Interface":null}}
2025-08-15T22:13:42.731-0500	DEBUG	protocol/handler.go:1591	have processed broadcast	{"{round 20 3  <nil>}": {"Key":"from","Type":15,"Integer":0,"String":"a","Interface":null}}
2025-08-15T22:13:42.731-0500	DEBUG	protocol/handler.go:1591	have processed broadcast	{"{round 20 3  <nil>}": {"Key":"from","Type":15,"Integer":0,"String":"a","Interface":null}}
2025-08-15T22:13:42.731-0500	DEBUG	protocol/handler.go:1591	have processed broadcast	{"{round 20 3  <nil>}": {"Key":"from","Type":15,"Integer":0,"String":"c","Interface":null}}
2025-08-15T22:13:42.731-0500	DEBUG	protocol/handler.go:1591	have processed broadcast	{"{round 20 3  <nil>}": {"Key":"from","Type":15,"Integer":0,"String":"b","Interface":null}}
2025-08-15T22:13:42.731-0500	DEBUG	protocol/handler.go:1649	have all messages and processed	{"{round 20 3  <nil>}": {"Key":"self","Type":15,"Integer":0,"String":"b","Interface":null}}
2025-08-15T22:13:42.731-0500	DEBUG	protocol/handler.go:1649	have all messages and processed	{"{round 20 3  <nil>}": {"Key":"self","Type":15,"Integer":0,"String":"c","Interface":null}}
2025-08-15T22:13:42.731-0500	DEBUG	protocol/handler.go:596	round already finalized
2025-08-15T22:13:42.731-0500	DEBUG	protocol/handler.go:596	round already finalized
2025-08-15T22:13:42.737-0500	DEBUG	protocol/handler.go:581	tryAdvanceRound called	{"{current_round 20 3  <nil>}": {"Key":"self","Type":15,"Integer":0,"String":"a","Interface":null}}
2025-08-15T22:13:42.737-0500	DEBUG	protocol/handler.go:1591	have processed broadcast	{"{round 20 3  <nil>}": {"Key":"from","Type":15,"Integer":0,"String":"b","Interface":null}}
2025-08-15T22:13:42.737-0500	DEBUG	protocol/handler.go:1591	have processed broadcast	{"{round 20 3  <nil>}": {"Key":"from","Type":15,"Integer":0,"String":"c","Interface":null}}
2025-08-15T22:13:42.737-0500	DEBUG	protocol/handler.go:1649	have all messages and processed	{"{round 20 3  <nil>}": {"Key":"self","Type":15,"Integer":0,"String":"a","Interface":null}}
2025-08-15T22:13:42.737-0500	DEBUG	protocol/handler.go:596	round already finalized
2025-08-15T22:13:42.741-0500	DEBUG	protocol/handler.go:581	tryAdvanceRound called	{"{current_round 20 3  <nil>}": {"Key":"self","Type":15,"Integer":0,"String":"b","Interface":null}}
2025-08-15T22:13:42.741-0500	DEBUG	protocol/handler.go:581	tryAdvanceRound called	{"{current_round 20 3  <nil>}": {"Key":"self","Type":15,"Integer":0,"String":"c","Interface":null}}
2025-08-15T22:13:42.741-0500	DEBUG	protocol/handler.go:1591	have processed broadcast	{"{round 20 3  <nil>}": {"Key":"from","Type":15,"Integer":0,"String":"a","Interface":null}}
2025-08-15T22:13:42.741-0500	DEBUG	protocol/handler.go:1591	have processed broadcast	{"{round 20 3  <nil>}": {"Key":"from","Type":15,"Integer":0,"String":"a","Interface":null}}
2025-08-15T22:13:42.741-0500	DEBUG	protocol/handler.go:1591	have processed broadcast	{"{round 20 3  <nil>}": {"Key":"from","Type":15,"Integer":0,"String":"c","Interface":null}}
2025-08-15T22:13:42.741-0500	DEBUG	protocol/handler.go:1649	have all messages and processed	{"{round 20 3  <nil>}": {"Key":"self","Type":15,"Integer":0,"String":"b","Interface":null}}
2025-08-15T22:13:42.741-0500	DEBUG	protocol/handler.go:1591	have processed broadcast	{"{round 20 3  <nil>}": {"Key":"from","Type":15,"Integer":0,"String":"b","Interface":null}}
2025-08-15T22:13:42.741-0500	DEBUG	protocol/handler.go:596	round already finalized
2025-08-15T22:13:42.741-0500	DEBUG	protocol/handler.go:1649	have all messages and processed	{"{round 20 3  <nil>}": {"Key":"self","Type":15,"Integer":0,"String":"c","Interface":null}}
2025-08-15T22:13:42.741-0500	DEBUG	protocol/handler.go:596	round already finalized
2025-08-15T22:13:42.747-0500	DEBUG	protocol/handler.go:581	tryAdvanceRound called	{"{current_round 20 3  <nil>}": {"Key":"self","Type":15,"Integer":0,"String":"a","Interface":null}}
2025-08-15T22:13:42.747-0500	DEBUG	protocol/handler.go:1591	have processed broadcast	{"{round 20 3  <nil>}": {"Key":"from","Type":15,"Integer":0,"String":"b","Interface":null}}
2025-08-15T22:13:42.747-0500	DEBUG	protocol/handler.go:1591	have processed broadcast	{"{round 20 3  <nil>}": {"Key":"from","Type":15,"Integer":0,"String":"c","Interface":null}}
2025-08-15T22:13:42.747-0500	DEBUG	protocol/handler.go:1649	have all messages and processed	{"{round 20 3  <nil>}": {"Key":"self","Type":15,"Integer":0,"String":"a","Interface":null}}
2025-08-15T22:13:42.747-0500	DEBUG	protocol/handler.go:596	round already finalized
2025-08-15T22:13:42.751-0500	DEBUG	protocol/handler.go:581	tryAdvanceRound called	{"{current_round 20 3  <nil>}": {"Key":"self","Type":15,"Integer":0,"String":"b","Interface":null}}
2025-08-15T22:13:42.751-0500	DEBUG	protocol/handler.go:581	tryAdvanceRound called	{"{current_round 20 3  <nil>}": {"Key":"self","Type":15,"Integer":0,"String":"c","Interface":null}}
2025-08-15T22:13:42.751-0500	DEBUG	protocol/handler.go:1591	have processed broadcast	{"{round 20 3  <nil>}": {"Key":"from","Type":15,"Integer":0,"String":"a","Interface":null}}
2025-08-15T22:13:42.751-0500	DEBUG	protocol/handler.go:1591	have processed broadcast	{"{round 20 3  <nil>}": {"Key":"from","Type":15,"Integer":0,"String":"a","Interface":null}}
2025-08-15T22:13:42.751-0500	DEBUG	protocol/handler.go:1591	have processed broadcast	{"{round 20 3  <nil>}": {"Key":"from","Type":15,"Integer":0,"String":"c","Interface":null}}
2025-08-15T22:13:42.751-0500	DEBUG	protocol/handler.go:1591	have processed broadcast	{"{round 20 3  <nil>}": {"Key":"from","Type":15,"Integer":0,"String":"b","Interface":null}}
2025-08-15T22:13:42.751-0500	DEBUG	protocol/handler.go:1649	have all messages and processed	{"{round 20 3  <nil>}": {"Key":"self","Type":15,"Integer":0,"String":"b","Interface":null}}
2025-08-15T22:13:42.751-0500	DEBUG	protocol/handler.go:1649	have all messages and processed	{"{round 20 3  <nil>}": {"Key":"self","Type":15,"Integer":0,"String":"c","Interface":null}}
2025-08-15T22:13:42.751-0500	DEBUG	protocol/handler.go:596	round already finalized
2025-08-15T22:13:42.751-0500	DEBUG	protocol/handler.go:596	round already finalized
2025-08-15T22:13:42.757-0500	DEBUG	protocol/handler.go:581	tryAdvanceRound called	{"{current_round 20 3  <nil>}": {"Key":"self","Type":15,"Integer":0,"String":"a","Interface":null}}
2025-08-15T22:13:42.757-0500	DEBUG	protocol/handler.go:1591	have processed broadcast	{"{round 20 3  <nil>}": {"Key":"from","Type":15,"Integer":0,"String":"b","Interface":null}}
2025-08-15T22:13:42.757-0500	DEBUG	protocol/handler.go:1591	have processed broadcast	{"{round 20 3  <nil>}": {"Key":"from","Type":15,"Integer":0,"String":"c","Interface":null}}
2025-08-15T22:13:42.757-0500	DEBUG	protocol/handler.go:1649	have all messages and processed	{"{round 20 3  <nil>}": {"Key":"self","Type":15,"Integer":0,"String":"a","Interface":null}}
2025-08-15T22:13:42.757-0500	DEBUG	protocol/handler.go:596	round already finalized
2025-08-15T22:13:42.761-0500	DEBUG	protocol/handler.go:581	tryAdvanceRound called	{"{current_round 20 3  <nil>}": {"Key":"self","Type":15,"Integer":0,"String":"b","Interface":null}}
2025-08-15T22:13:42.761-0500	DEBUG	protocol/handler.go:581	tryAdvanceRound called	{"{current_round 20 3  <nil>}": {"Key":"self","Type":15,"Integer":0,"String":"c","Interface":null}}
2025-08-15T22:13:42.761-0500	DEBUG	protocol/handler.go:1591	have processed broadcast	{"{round 20 3  <nil>}": {"Key":"from","Type":15,"Integer":0,"String":"a","Interface":null}}
2025-08-15T22:13:42.761-0500	DEBUG	protocol/handler.go:1591	have processed broadcast	{"{round 20 3  <nil>}": {"Key":"from","Type":15,"Integer":0,"String":"a","Interface":null}}
2025-08-15T22:13:42.761-0500	DEBUG	protocol/handler.go:1591	have processed broadcast	{"{round 20 3  <nil>}": {"Key":"from","Type":15,"Integer":0,"String":"c","Interface":null}}
2025-08-15T22:13:42.761-0500	DEBUG	protocol/handler.go:1591	have processed broadcast	{"{round 20 3  <nil>}": {"Key":"from","Type":15,"Integer":0,"String":"b","Interface":null}}
2025-08-15T22:13:42.761-0500	DEBUG	protocol/handler.go:1649	have all messages and processed	{"{round 20 3  <nil>}": {"Key":"self","Type":15,"Integer":0,"String":"b","Interface":null}}
2025-08-15T22:13:42.761-0500	DEBUG	protocol/handler.go:1649	have all messages and processed	{"{round 20 3  <nil>}": {"Key":"self","Type":15,"Integer":0,"String":"c","Interface":null}}
2025-08-15T22:13:42.761-0500	DEBUG	protocol/handler.go:596	round already finalized
2025-08-15T22:13:42.761-0500	DEBUG	protocol/handler.go:596	round already finalized
2025-08-15T22:13:42.767-0500	DEBUG	protocol/handler.go:581	tryAdvanceRound called	{"{current_round 20 3  <nil>}": {"Key":"self","Type":15,"Integer":0,"String":"a","Interface":null}}
2025-08-15T22:13:42.767-0500	DEBUG	protocol/handler.go:1591	have processed broadcast	{"{round 20 3  <nil>}": {"Key":"from","Type":15,"Integer":0,"String":"b","Interface":null}}
2025-08-15T22:13:42.767-0500	DEBUG	protocol/handler.go:1591	have processed broadcast	{"{round 20 3  <nil>}": {"Key":"from","Type":15,"Integer":0,"String":"c","Interface":null}}
2025-08-15T22:13:42.767-0500	DEBUG	protocol/handler.go:1649	have all messages and processed	{"{round 20 3  <nil>}": {"Key":"self","Type":15,"Integer":0,"String":"a","Interface":null}}
2025-08-15T22:13:42.767-0500	DEBUG	protocol/handler.go:596	round already finalized
2025-08-15T22:13:42.771-0500	DEBUG	protocol/handler.go:581	tryAdvanceRound called	{"{current_round 20 3  <nil>}": {"Key":"self","Type":15,"Integer":0,"String":"b","Interface":null}}
2025-08-15T22:13:42.771-0500	DEBUG	protocol/handler.go:581	tryAdvanceRound called	{"{current_round 20 3  <nil>}": {"Key":"self","Type":15,"Integer":0,"String":"c","Interface":null}}
2025-08-15T22:13:42.771-0500	DEBUG	protocol/handler.go:1591	have processed broadcast	{"{round 20 3  <nil>}": {"Key":"from","Type":15,"Integer":0,"String":"a","Interface":null}}
2025-08-15T22:13:42.771-0500	DEBUG	protocol/handler.go:1591	have processed broadcast	{"{round 20 3  <nil>}": {"Key":"from","Type":15,"Integer":0,"String":"a","Interface":null}}
2025-08-15T22:13:42.771-0500	DEBUG	protocol/handler.go:1591	have processed broadcast	{"{round 20 3  <nil>}": {"Key":"from","Type":15,"Integer":0,"String":"c","Interface":null}}
2025-08-15T22:13:42.771-0500	DEBUG	protocol/handler.go:1591	have processed broadcast	{"{round 20 3  <nil>}": {"Key":"from","Type":15,"Integer":0,"String":"b","Interface":null}}
2025-08-15T22:13:42.771-0500	DEBUG	protocol/handler.go:1649	have all messages and processed	{"{round 20 3  <nil>}": {"Key":"self","Type":15,"Integer":0,"String":"b","Interface":null}}
2025-08-15T22:13:42.771-0500	DEBUG	protocol/handler.go:1649	have all messages and processed	{"{round 20 3  <nil>}": {"Key":"self","Type":15,"Integer":0,"String":"c","Interface":null}}
2025-08-15T22:13:42.771-0500	DEBUG	protocol/handler.go:596	round already finalized
2025-08-15T22:13:42.771-0500	DEBUG	protocol/handler.go:596	round already finalized
2025-08-15T22:13:42.776-0500	DEBUG	protocol/handler.go:581	tryAdvanceRound called	{"{current_round 20 3  <nil>}": {"Key":"self","Type":15,"Integer":0,"String":"a","Interface":null}}
2025-08-15T22:13:42.777-0500	DEBUG	protocol/handler.go:1591	have processed broadcast	{"{round 20 3  <nil>}": {"Key":"from","Type":15,"Integer":0,"String":"b","Interface":null}}
2025-08-15T22:13:42.777-0500	DEBUG	protocol/handler.go:1591	have processed broadcast	{"{round 20 3  <nil>}": {"Key":"from","Type":15,"Integer":0,"String":"c","Interface":null}}
2025-08-15T22:13:42.777-0500	DEBUG	protocol/handler.go:1649	have all messages and processed	{"{round 20 3  <nil>}": {"Key":"self","Type":15,"Integer":0,"String":"a","Interface":null}}
2025-08-15T22:13:42.777-0500	DEBUG	protocol/handler.go:596	round already finalized
2025-08-15T22:13:42.781-0500	DEBUG	protocol/handler.go:581	tryAdvanceRound called	{"{current_round 20 3  <nil>}": {"Key":"self","Type":15,"Integer":0,"String":"c","Interface":null}}
2025-08-15T22:13:42.781-0500	DEBUG	protocol/handler.go:1591	have processed broadcast	{"{round 20 3  <nil>}": {"Key":"from","Type":15,"Integer":0,"String":"a","Interface":null}}
2025-08-15T22:13:42.781-0500	DEBUG	protocol/handler.go:581	tryAdvanceRound called	{"{current_round 20 3  <nil>}": {"Key":"self","Type":15,"Integer":0,"String":"b","Interface":null}}
2025-08-15T22:13:42.781-0500	DEBUG	protocol/handler.go:1591	have processed broadcast	{"{round 20 3  <nil>}": {"Key":"from","Type":15,"Integer":0,"String":"b","Interface":null}}
2025-08-15T22:13:42.781-0500	DEBUG	protocol/handler.go:1591	have processed broadcast	{"{round 20 3  <nil>}": {"Key":"from","Type":15,"Integer":0,"String":"a","Interface":null}}
2025-08-15T22:13:42.781-0500	DEBUG	protocol/handler.go:1591	have processed broadcast	{"{round 20 3  <nil>}": {"Key":"from","Type":15,"Integer":0,"String":"c","Interface":null}}
2025-08-15T22:13:42.782-0500	DEBUG	protocol/handler.go:1649	have all messages and processed	{"{round 20 3  <nil>}": {"Key":"self","Type":15,"Integer":0,"String":"b","Interface":null}}
2025-08-15T22:13:42.782-0500	DEBUG	protocol/handler.go:596	round already finalized
2025-08-15T22:13:42.781-0500	DEBUG	protocol/handler.go:1649	have all messages and processed	{"{round 20 3  <nil>}": {"Key":"self","Type":15,"Integer":0,"String":"c","Interface":null}}
2025-08-15T22:13:42.782-0500	DEBUG	protocol/handler.go:596	round already finalized
2025-08-15T22:13:42.787-0500	DEBUG	protocol/handler.go:581	tryAdvanceRound called	{"{current_round 20 3  <nil>}": {"Key":"self","Type":15,"Integer":0,"String":"a","Interface":null}}
2025-08-15T22:13:42.787-0500	DEBUG	protocol/handler.go:1591	have processed broadcast	{"{round 20 3  <nil>}": {"Key":"from","Type":15,"Integer":0,"String":"b","Interface":null}}
2025-08-15T22:13:42.787-0500	DEBUG	protocol/handler.go:1591	have processed broadcast	{"{round 20 3  <nil>}": {"Key":"from","Type":15,"Integer":0,"String":"c","Interface":null}}
2025-08-15T22:13:42.787-0500	DEBUG	protocol/handler.go:1649	have all messages and processed	{"{round 20 3  <nil>}": {"Key":"self","Type":15,"Integer":0,"String":"a","Interface":null}}
2025-08-15T22:13:42.787-0500	DEBUG	protocol/handler.go:596	round already finalized
2025-08-15T22:13:42.791-0500	DEBUG	protocol/handler.go:581	tryAdvanceRound called	{"{current_round 20 3  <nil>}": {"Key":"self","Type":15,"Integer":0,"String":"b","Interface":null}}
2025-08-15T22:13:42.791-0500	DEBUG	protocol/handler.go:1591	have processed broadcast	{"{round 20 3  <nil>}": {"Key":"from","Type":15,"Integer":0,"String":"a","Interface":null}}
2025-08-15T22:13:42.791-0500	DEBUG	protocol/handler.go:581	tryAdvanceRound called	{"{current_round 20 3  <nil>}": {"Key":"self","Type":15,"Integer":0,"String":"c","Interface":null}}
2025-08-15T22:13:42.791-0500	DEBUG	protocol/handler.go:1591	have processed broadcast	{"{round 20 3  <nil>}": {"Key":"from","Type":15,"Integer":0,"String":"c","Interface":null}}
2025-08-15T22:13:42.791-0500	DEBUG	protocol/handler.go:1649	have all messages and processed	{"{round 20 3  <nil>}": {"Key":"self","Type":15,"Integer":0,"String":"b","Interface":null}}
2025-08-15T22:13:42.791-0500	DEBUG	protocol/handler.go:596	round already finalized
2025-08-15T22:13:42.791-0500	DEBUG	protocol/handler.go:1591	have processed broadcast	{"{round 20 3  <nil>}": {"Key":"from","Type":15,"Integer":0,"String":"a","Interface":null}}
2025-08-15T22:13:42.791-0500	DEBUG	protocol/handler.go:1591	have processed broadcast	{"{round 20 3  <nil>}": {"Key":"from","Type":15,"Integer":0,"String":"b","Interface":null}}
2025-08-15T22:13:42.792-0500	DEBUG	protocol/handler.go:1649	have all messages and processed	{"{round 20 3  <nil>}": {"Key":"self","Type":15,"Integer":0,"String":"c","Interface":null}}
2025-08-15T22:13:42.792-0500	DEBUG	protocol/handler.go:596	round already finalized
2025-08-15T22:13:42.797-0500	DEBUG	protocol/handler.go:581	tryAdvanceRound called	{"{current_round 20 3  <nil>}": {"Key":"self","Type":15,"Integer":0,"String":"a","Interface":null}}
2025-08-15T22:13:42.797-0500	DEBUG	protocol/handler.go:1591	have processed broadcast	{"{round 20 3  <nil>}": {"Key":"from","Type":15,"Integer":0,"String":"b","Interface":null}}
2025-08-15T22:13:42.797-0500	DEBUG	protocol/handler.go:1591	have processed broadcast	{"{round 20 3  <nil>}": {"Key":"from","Type":15,"Integer":0,"String":"c","Interface":null}}
2025-08-15T22:13:42.798-0500	DEBUG	protocol/handler.go:1649	have all messages and processed	{"{round 20 3  <nil>}": {"Key":"self","Type":15,"Integer":0,"String":"a","Interface":null}}
2025-08-15T22:13:42.798-0500	DEBUG	protocol/handler.go:596	round already finalized
2025-08-15T22:13:42.801-0500	DEBUG	protocol/handler.go:581	tryAdvanceRound called	{"{current_round 20 3  <nil>}": {"Key":"self","Type":15,"Integer":0,"String":"b","Interface":null}}
2025-08-15T22:13:42.801-0500	DEBUG	protocol/handler.go:581	tryAdvanceRound called	{"{current_round 20 3  <nil>}": {"Key":"self","Type":15,"Integer":0,"String":"c","Interface":null}}
2025-08-15T22:13:42.801-0500	DEBUG	protocol/handler.go:1591	have processed broadcast	{"{round 20 3  <nil>}": {"Key":"from","Type":15,"Integer":0,"String":"a","Interface":null}}
2025-08-15T22:13:42.801-0500	DEBUG	protocol/handler.go:1591	have processed broadcast	{"{round 20 3  <nil>}": {"Key":"from","Type":15,"Integer":0,"String":"a","Interface":null}}
2025-08-15T22:13:42.801-0500	DEBUG	protocol/handler.go:1591	have processed broadcast	{"{round 20 3  <nil>}": {"Key":"from","Type":15,"Integer":0,"String":"c","Interface":null}}
2025-08-15T22:13:42.801-0500	DEBUG	protocol/handler.go:1591	have processed broadcast	{"{round 20 3  <nil>}": {"Key":"from","Type":15,"Integer":0,"String":"b","Interface":null}}
2025-08-15T22:13:42.802-0500	DEBUG	protocol/handler.go:1649	have all messages and processed	{"{round 20 3  <nil>}": {"Key":"self","Type":15,"Integer":0,"String":"c","Interface":null}}
2025-08-15T22:13:42.802-0500	DEBUG	protocol/handler.go:596	round already finalized
2025-08-15T22:13:42.802-0500	DEBUG	protocol/handler.go:1649	have all messages and processed	{"{round 20 3  <nil>}": {"Key":"self","Type":15,"Integer":0,"String":"b","Interface":null}}
2025-08-15T22:13:42.802-0500	DEBUG	protocol/handler.go:596	round already finalized
2025-08-15T22:13:42.807-0500	DEBUG	protocol/handler.go:581	tryAdvanceRound called	{"{current_round 20 3  <nil>}": {"Key":"self","Type":15,"Integer":0,"String":"a","Interface":null}}
2025-08-15T22:13:42.807-0500	DEBUG	protocol/handler.go:1591	have processed broadcast	{"{round 20 3  <nil>}": {"Key":"from","Type":15,"Integer":0,"String":"b","Interface":null}}
2025-08-15T22:13:42.807-0500	DEBUG	protocol/handler.go:1591	have processed broadcast	{"{round 20 3  <nil>}": {"Key":"from","Type":15,"Integer":0,"String":"c","Interface":null}}
2025-08-15T22:13:42.807-0500	DEBUG	protocol/handler.go:1649	have all messages and processed	{"{round 20 3  <nil>}": {"Key":"self","Type":15,"Integer":0,"String":"a","Interface":null}}
2025-08-15T22:13:42.807-0500	DEBUG	protocol/handler.go:596	round already finalized
2025-08-15T22:13:42.810-0500	DEBUG	protocol/handler.go:581	tryAdvanceRound called	{"{current_round 20 3  <nil>}": {"Key":"self","Type":15,"Integer":0,"String":"b","Interface":null}}
2025-08-15T22:13:42.811-0500	DEBUG	protocol/handler.go:1591	have processed broadcast	{"{round 20 3  <nil>}": {"Key":"from","Type":15,"Integer":0,"String":"a","Interface":null}}
2025-08-15T22:13:42.811-0500	DEBUG	protocol/handler.go:1591	have processed broadcast	{"{round 20 3  <nil>}": {"Key":"from","Type":15,"Integer":0,"String":"c","Interface":null}}
2025-08-15T22:13:42.811-0500	DEBUG	protocol/handler.go:1649	have all messages and processed	{"{round 20 3  <nil>}": {"Key":"self","Type":15,"Integer":0,"String":"b","Interface":null}}
2025-08-15T22:13:42.811-0500	DEBUG	protocol/handler.go:596	round already finalized
2025-08-15T22:13:42.811-0500	DEBUG	protocol/handler.go:581	tryAdvanceRound called	{"{current_round 20 3  <nil>}": {"Key":"self","Type":15,"Integer":0,"String":"c","Interface":null}}
2025-08-15T22:13:42.811-0500	DEBUG	protocol/handler.go:1591	have processed broadcast	{"{round 20 3  <nil>}": {"Key":"from","Type":15,"Integer":0,"String":"a","Interface":null}}
2025-08-15T22:13:42.811-0500	DEBUG	protocol/handler.go:1591	have processed broadcast	{"{round 20 3  <nil>}": {"Key":"from","Type":15,"Integer":0,"String":"b","Interface":null}}
2025-08-15T22:13:42.811-0500	DEBUG	protocol/handler.go:1649	have all messages and processed	{"{round 20 3  <nil>}": {"Key":"self","Type":15,"Integer":0,"String":"c","Interface":null}}
2025-08-15T22:13:42.811-0500	DEBUG	protocol/handler.go:596	round already finalized
2025-08-15T22:13:42.817-0500	DEBUG	protocol/handler.go:581	tryAdvanceRound called	{"{current_round 20 3  <nil>}": {"Key":"self","Type":15,"Integer":0,"String":"a","Interface":null}}
2025-08-15T22:13:42.817-0500	DEBUG	protocol/handler.go:1591	have processed broadcast	{"{round 20 3  <nil>}": {"Key":"from","Type":15,"Integer":0,"String":"b","Interface":null}}
2025-08-15T22:13:42.817-0500	DEBUG	protocol/handler.go:1591	have processed broadcast	{"{round 20 3  <nil>}": {"Key":"from","Type":15,"Integer":0,"String":"c","Interface":null}}
2025-08-15T22:13:42.817-0500	DEBUG	protocol/handler.go:1649	have all messages and processed	{"{round 20 3  <nil>}": {"Key":"self","Type":15,"Integer":0,"String":"a","Interface":null}}
2025-08-15T22:13:42.817-0500	DEBUG	protocol/handler.go:596	round already finalized
2025-08-15T22:13:42.821-0500	DEBUG	protocol/handler.go:581	tryAdvanceRound called	{"{current_round 20 3  <nil>}": {"Key":"self","Type":15,"Integer":0,"String":"b","Interface":null}}
2025-08-15T22:13:42.821-0500	DEBUG	protocol/handler.go:581	tryAdvanceRound called	{"{current_round 20 3  <nil>}": {"Key":"self","Type":15,"Integer":0,"String":"c","Interface":null}}
2025-08-15T22:13:42.821-0500	DEBUG	protocol/handler.go:1591	have processed broadcast	{"{round 20 3  <nil>}": {"Key":"from","Type":15,"Integer":0,"String":"a","Interface":null}}
2025-08-15T22:13:42.821-0500	DEBUG	protocol/handler.go:1591	have processed broadcast	{"{round 20 3  <nil>}": {"Key":"from","Type":15,"Integer":0,"String":"a","Interface":null}}
2025-08-15T22:13:42.821-0500	DEBUG	protocol/handler.go:1591	have processed broadcast	{"{round 20 3  <nil>}": {"Key":"from","Type":15,"Integer":0,"String":"c","Interface":null}}
2025-08-15T22:13:42.821-0500	DEBUG	protocol/handler.go:1591	have processed broadcast	{"{round 20 3  <nil>}": {"Key":"from","Type":15,"Integer":0,"String":"b","Interface":null}}
2025-08-15T22:13:42.821-0500	DEBUG	protocol/handler.go:1649	have all messages and processed	{"{round 20 3  <nil>}": {"Key":"self","Type":15,"Integer":0,"String":"b","Interface":null}}
2025-08-15T22:13:42.821-0500	DEBUG	protocol/handler.go:1649	have all messages and processed	{"{round 20 3  <nil>}": {"Key":"self","Type":15,"Integer":0,"String":"c","Interface":null}}
2025-08-15T22:13:42.821-0500	DEBUG	protocol/handler.go:596	round already finalized
2025-08-15T22:13:42.821-0500	DEBUG	protocol/handler.go:596	round already finalized
2025-08-15T22:13:42.827-0500	DEBUG	protocol/handler.go:581	tryAdvanceRound called	{"{current_round 20 3  <nil>}": {"Key":"self","Type":15,"Integer":0,"String":"a","Interface":null}}
2025-08-15T22:13:42.827-0500	DEBUG	protocol/handler.go:1591	have processed broadcast	{"{round 20 3  <nil>}": {"Key":"from","Type":15,"Integer":0,"String":"b","Interface":null}}
2025-08-15T22:13:42.827-0500	DEBUG	protocol/handler.go:1591	have processed broadcast	{"{round 20 3  <nil>}": {"Key":"from","Type":15,"Integer":0,"String":"c","Interface":null}}
2025-08-15T22:13:42.827-0500	DEBUG	protocol/handler.go:1649	have all messages and processed	{"{round 20 3  <nil>}": {"Key":"self","Type":15,"Integer":0,"String":"a","Interface":null}}
2025-08-15T22:13:42.827-0500	DEBUG	protocol/handler.go:596	round already finalized
2025-08-15T22:13:42.831-0500	DEBUG	protocol/handler.go:581	tryAdvanceRound called	{"{current_round 20 3  <nil>}": {"Key":"self","Type":15,"Integer":0,"String":"b","Interface":null}}
2025-08-15T22:13:42.831-0500	DEBUG	protocol/handler.go:1591	have processed broadcast	{"{round 20 3  <nil>}": {"Key":"from","Type":15,"Integer":0,"String":"a","Interface":null}}
2025-08-15T22:13:42.831-0500	DEBUG	protocol/handler.go:1591	have processed broadcast	{"{round 20 3  <nil>}": {"Key":"from","Type":15,"Integer":0,"String":"c","Interface":null}}
2025-08-15T22:13:42.831-0500	DEBUG	protocol/handler.go:1649	have all messages and processed	{"{round 20 3  <nil>}": {"Key":"self","Type":15,"Integer":0,"String":"b","Interface":null}}
2025-08-15T22:13:42.831-0500	DEBUG	protocol/handler.go:596	round already finalized
2025-08-15T22:13:42.831-0500	DEBUG	protocol/handler.go:581	tryAdvanceRound called	{"{current_round 20 3  <nil>}": {"Key":"self","Type":15,"Integer":0,"String":"c","Interface":null}}
2025-08-15T22:13:42.831-0500	DEBUG	protocol/handler.go:1591	have processed broadcast	{"{round 20 3  <nil>}": {"Key":"from","Type":15,"Integer":0,"String":"a","Interface":null}}
2025-08-15T22:13:42.831-0500	DEBUG	protocol/handler.go:1591	have processed broadcast	{"{round 20 3  <nil>}": {"Key":"from","Type":15,"Integer":0,"String":"b","Interface":null}}
2025-08-15T22:13:42.831-0500	DEBUG	protocol/handler.go:1649	have all messages and processed	{"{round 20 3  <nil>}": {"Key":"self","Type":15,"Integer":0,"String":"c","Interface":null}}
2025-08-15T22:13:42.831-0500	DEBUG	protocol/handler.go:596	round already finalized
2025-08-15T22:13:42.837-0500	DEBUG	protocol/handler.go:581	tryAdvanceRound called	{"{current_round 20 3  <nil>}": {"Key":"self","Type":15,"Integer":0,"String":"a","Interface":null}}
2025-08-15T22:13:42.837-0500	DEBUG	protocol/handler.go:1591	have processed broadcast	{"{round 20 3  <nil>}": {"Key":"from","Type":15,"Integer":0,"String":"b","Interface":null}}
2025-08-15T22:13:42.837-0500	DEBUG	protocol/handler.go:1591	have processed broadcast	{"{round 20 3  <nil>}": {"Key":"from","Type":15,"Integer":0,"String":"c","Interface":null}}
2025-08-15T22:13:42.837-0500	DEBUG	protocol/handler.go:1649	have all messages and processed	{"{round 20 3  <nil>}": {"Key":"self","Type":15,"Integer":0,"String":"a","Interface":null}}
2025-08-15T22:13:42.837-0500	DEBUG	protocol/handler.go:596	round already finalized
2025-08-15T22:13:42.841-0500	DEBUG	protocol/handler.go:581	tryAdvanceRound called	{"{current_round 20 3  <nil>}": {"Key":"self","Type":15,"Integer":0,"String":"b","Interface":null}}
2025-08-15T22:13:42.841-0500	DEBUG	protocol/handler.go:1591	have processed broadcast	{"{round 20 3  <nil>}": {"Key":"from","Type":15,"Integer":0,"String":"a","Interface":null}}
2025-08-15T22:13:42.841-0500	DEBUG	protocol/handler.go:1591	have processed broadcast	{"{round 20 3  <nil>}": {"Key":"from","Type":15,"Integer":0,"String":"c","Interface":null}}
2025-08-15T22:13:42.841-0500	DEBUG	protocol/handler.go:1649	have all messages and processed	{"{round 20 3  <nil>}": {"Key":"self","Type":15,"Integer":0,"String":"b","Interface":null}}
2025-08-15T22:13:42.841-0500	DEBUG	protocol/handler.go:596	round already finalized
2025-08-15T22:13:42.841-0500	DEBUG	protocol/handler.go:581	tryAdvanceRound called	{"{current_round 20 3  <nil>}": {"Key":"self","Type":15,"Integer":0,"String":"c","Interface":null}}
2025-08-15T22:13:42.841-0500	DEBUG	protocol/handler.go:1591	have processed broadcast	{"{round 20 3  <nil>}": {"Key":"from","Type":15,"Integer":0,"String":"a","Interface":null}}
2025-08-15T22:13:42.841-0500	DEBUG	protocol/handler.go:1591	have processed broadcast	{"{round 20 3  <nil>}": {"Key":"from","Type":15,"Integer":0,"String":"b","Interface":null}}
2025-08-15T22:13:42.841-0500	DEBUG	protocol/handler.go:1649	have all messages and processed	{"{round 20 3  <nil>}": {"Key":"self","Type":15,"Integer":0,"String":"c","Interface":null}}
2025-08-15T22:13:42.841-0500	DEBUG	protocol/handler.go:596	round already finalized
2025-08-15T22:13:42.847-0500	DEBUG	protocol/handler.go:581	tryAdvanceRound called	{"{current_round 20 3  <nil>}": {"Key":"self","Type":15,"Integer":0,"String":"a","Interface":null}}
2025-08-15T22:13:42.847-0500	DEBUG	protocol/handler.go:1591	have processed broadcast	{"{round 20 3  <nil>}": {"Key":"from","Type":15,"Integer":0,"String":"b","Interface":null}}
2025-08-15T22:13:42.847-0500	DEBUG	protocol/handler.go:1591	have processed broadcast	{"{round 20 3  <nil>}": {"Key":"from","Type":15,"Integer":0,"String":"c","Interface":null}}
2025-08-15T22:13:42.847-0500	DEBUG	protocol/handler.go:1649	have all messages and processed	{"{round 20 3  <nil>}": {"Key":"self","Type":15,"Integer":0,"String":"a","Interface":null}}
2025-08-15T22:13:42.847-0500	DEBUG	protocol/handler.go:596	round already finalized
2025-08-15T22:13:42.851-0500	DEBUG	protocol/handler.go:581	tryAdvanceRound called	{"{current_round 20 3  <nil>}": {"Key":"self","Type":15,"Integer":0,"String":"b","Interface":null}}
2025-08-15T22:13:42.851-0500	DEBUG	protocol/handler.go:581	tryAdvanceRound called	{"{current_round 20 3  <nil>}": {"Key":"self","Type":15,"Integer":0,"String":"c","Interface":null}}
2025-08-15T22:13:42.851-0500	DEBUG	protocol/handler.go:1591	have processed broadcast	{"{round 20 3  <nil>}": {"Key":"from","Type":15,"Integer":0,"String":"a","Interface":null}}
2025-08-15T22:13:42.851-0500	DEBUG	protocol/handler.go:1591	have processed broadcast	{"{round 20 3  <nil>}": {"Key":"from","Type":15,"Integer":0,"String":"a","Interface":null}}
2025-08-15T22:13:42.851-0500	DEBUG	protocol/handler.go:1591	have processed broadcast	{"{round 20 3  <nil>}": {"Key":"from","Type":15,"Integer":0,"String":"c","Interface":null}}
2025-08-15T22:13:42.851-0500	DEBUG	protocol/handler.go:1591	have processed broadcast	{"{round 20 3  <nil>}": {"Key":"from","Type":15,"Integer":0,"String":"b","Interface":null}}
2025-08-15T22:13:42.851-0500	DEBUG	protocol/handler.go:1649	have all messages and processed	{"{round 20 3  <nil>}": {"Key":"self","Type":15,"Integer":0,"String":"b","Interface":null}}
2025-08-15T22:13:42.851-0500	DEBUG	protocol/handler.go:596	round already finalized
2025-08-15T22:13:42.851-0500	DEBUG	protocol/handler.go:1649	have all messages and processed	{"{round 20 3  <nil>}": {"Key":"self","Type":15,"Integer":0,"String":"c","Interface":null}}
2025-08-15T22:13:42.851-0500	DEBUG	protocol/handler.go:596	round already finalized
2025-08-15T22:13:42.857-0500	DEBUG	protocol/handler.go:581	tryAdvanceRound called	{"{current_round 20 3  <nil>}": {"Key":"self","Type":15,"Integer":0,"String":"a","Interface":null}}
2025-08-15T22:13:42.857-0500	DEBUG	protocol/handler.go:1591	have processed broadcast	{"{round 20 3  <nil>}": {"Key":"from","Type":15,"Integer":0,"String":"b","Interface":null}}
2025-08-15T22:13:42.857-0500	DEBUG	protocol/handler.go:1591	have processed broadcast	{"{round 20 3  <nil>}": {"Key":"from","Type":15,"Integer":0,"String":"c","Interface":null}}
2025-08-15T22:13:42.857-0500	DEBUG	protocol/handler.go:1649	have all messages and processed	{"{round 20 3  <nil>}": {"Key":"self","Type":15,"Integer":0,"String":"a","Interface":null}}
2025-08-15T22:13:42.857-0500	DEBUG	protocol/handler.go:596	round already finalized
2025-08-15T22:13:42.861-0500	DEBUG	protocol/handler.go:581	tryAdvanceRound called	{"{current_round 20 3  <nil>}": {"Key":"self","Type":15,"Integer":0,"String":"b","Interface":null}}
2025-08-15T22:13:42.861-0500	DEBUG	protocol/handler.go:581	tryAdvanceRound called	{"{current_round 20 3  <nil>}": {"Key":"self","Type":15,"Integer":0,"String":"c","Interface":null}}
2025-08-15T22:13:42.861-0500	DEBUG	protocol/handler.go:1591	have processed broadcast	{"{round 20 3  <nil>}": {"Key":"from","Type":15,"Integer":0,"String":"a","Interface":null}}
2025-08-15T22:13:42.861-0500	DEBUG	protocol/handler.go:1591	have processed broadcast	{"{round 20 3  <nil>}": {"Key":"from","Type":15,"Integer":0,"String":"a","Interface":null}}
2025-08-15T22:13:42.861-0500	DEBUG	protocol/handler.go:1591	have processed broadcast	{"{round 20 3  <nil>}": {"Key":"from","Type":15,"Integer":0,"String":"c","Interface":null}}
2025-08-15T22:13:42.861-0500	DEBUG	protocol/handler.go:1591	have processed broadcast	{"{round 20 3  <nil>}": {"Key":"from","Type":15,"Integer":0,"String":"b","Interface":null}}
2025-08-15T22:13:42.861-0500	DEBUG	protocol/handler.go:1649	have all messages and processed	{"{round 20 3  <nil>}": {"Key":"self","Type":15,"Integer":0,"String":"b","Interface":null}}
2025-08-15T22:13:42.861-0500	DEBUG	protocol/handler.go:1649	have all messages and processed	{"{round 20 3  <nil>}": {"Key":"self","Type":15,"Integer":0,"String":"c","Interface":null}}
2025-08-15T22:13:42.861-0500	DEBUG	protocol/handler.go:596	round already finalized
2025-08-15T22:13:42.861-0500	DEBUG	protocol/handler.go:596	round already finalized
2025-08-15T22:13:42.867-0500	DEBUG	protocol/handler.go:581	tryAdvanceRound called	{"{current_round 20 3  <nil>}": {"Key":"self","Type":15,"Integer":0,"String":"a","Interface":null}}
2025-08-15T22:13:42.867-0500	DEBUG	protocol/handler.go:1591	have processed broadcast	{"{round 20 3  <nil>}": {"Key":"from","Type":15,"Integer":0,"String":"b","Interface":null}}
2025-08-15T22:13:42.867-0500	DEBUG	protocol/handler.go:1591	have processed broadcast	{"{round 20 3  <nil>}": {"Key":"from","Type":15,"Integer":0,"String":"c","Interface":null}}
2025-08-15T22:13:42.867-0500	DEBUG	protocol/handler.go:1649	have all messages and processed	{"{round 20 3  <nil>}": {"Key":"self","Type":15,"Integer":0,"String":"a","Interface":null}}
2025-08-15T22:13:42.867-0500	DEBUG	protocol/handler.go:596	round already finalized
2025-08-15T22:13:42.871-0500	DEBUG	protocol/handler.go:581	tryAdvanceRound called	{"{current_round 20 3  <nil>}": {"Key":"self","Type":15,"Integer":0,"String":"b","Interface":null}}
2025-08-15T22:13:42.871-0500	DEBUG	protocol/handler.go:581	tryAdvanceRound called	{"{current_round 20 3  <nil>}": {"Key":"self","Type":15,"Integer":0,"String":"c","Interface":null}}
2025-08-15T22:13:42.871-0500	DEBUG	protocol/handler.go:1591	have processed broadcast	{"{round 20 3  <nil>}": {"Key":"from","Type":15,"Integer":0,"String":"a","Interface":null}}
2025-08-15T22:13:42.871-0500	DEBUG	protocol/handler.go:1591	have processed broadcast	{"{round 20 3  <nil>}": {"Key":"from","Type":15,"Integer":0,"String":"a","Interface":null}}
2025-08-15T22:13:42.871-0500	DEBUG	protocol/handler.go:1591	have processed broadcast	{"{round 20 3  <nil>}": {"Key":"from","Type":15,"Integer":0,"String":"c","Interface":null}}
2025-08-15T22:13:42.871-0500	DEBUG	protocol/handler.go:1649	have all messages and processed	{"{round 20 3  <nil>}": {"Key":"self","Type":15,"Integer":0,"String":"b","Interface":null}}
2025-08-15T22:13:42.871-0500	DEBUG	protocol/handler.go:1591	have processed broadcast	{"{round 20 3  <nil>}": {"Key":"from","Type":15,"Integer":0,"String":"b","Interface":null}}
2025-08-15T22:13:42.871-0500	DEBUG	protocol/handler.go:596	round already finalized
2025-08-15T22:13:42.871-0500	DEBUG	protocol/handler.go:1649	have all messages and processed	{"{round 20 3  <nil>}": {"Key":"self","Type":15,"Integer":0,"String":"c","Interface":null}}
2025-08-15T22:13:42.871-0500	DEBUG	protocol/handler.go:596	round already finalized
2025-08-15T22:13:42.877-0500	DEBUG	protocol/handler.go:581	tryAdvanceRound called	{"{current_round 20 3  <nil>}": {"Key":"self","Type":15,"Integer":0,"String":"a","Interface":null}}
2025-08-15T22:13:42.877-0500	DEBUG	protocol/handler.go:1591	have processed broadcast	{"{round 20 3  <nil>}": {"Key":"from","Type":15,"Integer":0,"String":"b","Interface":null}}
2025-08-15T22:13:42.877-0500	DEBUG	protocol/handler.go:1591	have processed broadcast	{"{round 20 3  <nil>}": {"Key":"from","Type":15,"Integer":0,"String":"c","Interface":null}}
2025-08-15T22:13:42.877-0500	DEBUG	protocol/handler.go:1649	have all messages and processed	{"{round 20 3  <nil>}": {"Key":"self","Type":15,"Integer":0,"String":"a","Interface":null}}
2025-08-15T22:13:42.877-0500	DEBUG	protocol/handler.go:596	round already finalized
2025-08-15T22:13:42.881-0500	DEBUG	protocol/handler.go:581	tryAdvanceRound called	{"{current_round 20 3  <nil>}": {"Key":"self","Type":15,"Integer":0,"String":"b","Interface":null}}
2025-08-15T22:13:42.881-0500	DEBUG	protocol/handler.go:1591	have processed broadcast	{"{round 20 3  <nil>}": {"Key":"from","Type":15,"Integer":0,"String":"a","Interface":null}}
2025-08-15T22:13:42.881-0500	DEBUG	protocol/handler.go:581	tryAdvanceRound called	{"{current_round 20 3  <nil>}": {"Key":"self","Type":15,"Integer":0,"String":"c","Interface":null}}
2025-08-15T22:13:42.881-0500	DEBUG	protocol/handler.go:1591	have processed broadcast	{"{round 20 3  <nil>}": {"Key":"from","Type":15,"Integer":0,"String":"c","Interface":null}}
2025-08-15T22:13:42.881-0500	DEBUG	protocol/handler.go:1591	have processed broadcast	{"{round 20 3  <nil>}": {"Key":"from","Type":15,"Integer":0,"String":"a","Interface":null}}
2025-08-15T22:13:42.881-0500	DEBUG	protocol/handler.go:1649	have all messages and processed	{"{round 20 3  <nil>}": {"Key":"self","Type":15,"Integer":0,"String":"b","Interface":null}}
2025-08-15T22:13:42.881-0500	DEBUG	protocol/handler.go:1591	have processed broadcast	{"{round 20 3  <nil>}": {"Key":"from","Type":15,"Integer":0,"String":"b","Interface":null}}
2025-08-15T22:13:42.881-0500	DEBUG	protocol/handler.go:596	round already finalized
2025-08-15T22:13:42.881-0500	DEBUG	protocol/handler.go:1649	have all messages and processed	{"{round 20 3  <nil>}": {"Key":"self","Type":15,"Integer":0,"String":"c","Interface":null}}
2025-08-15T22:13:42.881-0500	DEBUG	protocol/handler.go:596	round already finalized
2025-08-15T22:13:42.887-0500	DEBUG	protocol/handler.go:581	tryAdvanceRound called	{"{current_round 20 3  <nil>}": {"Key":"self","Type":15,"Integer":0,"String":"a","Interface":null}}
2025-08-15T22:13:42.887-0500	DEBUG	protocol/handler.go:1591	have processed broadcast	{"{round 20 3  <nil>}": {"Key":"from","Type":15,"Integer":0,"String":"b","Interface":null}}
2025-08-15T22:13:42.887-0500	DEBUG	protocol/handler.go:1591	have processed broadcast	{"{round 20 3  <nil>}": {"Key":"from","Type":15,"Integer":0,"String":"c","Interface":null}}
2025-08-15T22:13:42.887-0500	DEBUG	protocol/handler.go:1649	have all messages and processed	{"{round 20 3  <nil>}": {"Key":"self","Type":15,"Integer":0,"String":"a","Interface":null}}
2025-08-15T22:13:42.887-0500	DEBUG	protocol/handler.go:596	round already finalized
2025-08-15T22:13:42.891-0500	DEBUG	protocol/handler.go:581	tryAdvanceRound called	{"{current_round 20 3  <nil>}": {"Key":"self","Type":15,"Integer":0,"String":"b","Interface":null}}
2025-08-15T22:13:42.891-0500	DEBUG	protocol/handler.go:581	tryAdvanceRound called	{"{current_round 20 3  <nil>}": {"Key":"self","Type":15,"Integer":0,"String":"c","Interface":null}}
2025-08-15T22:13:42.891-0500	DEBUG	protocol/handler.go:1591	have processed broadcast	{"{round 20 3  <nil>}": {"Key":"from","Type":15,"Integer":0,"String":"a","Interface":null}}
2025-08-15T22:13:42.891-0500	DEBUG	protocol/handler.go:1591	have processed broadcast	{"{round 20 3  <nil>}": {"Key":"from","Type":15,"Integer":0,"String":"a","Interface":null}}
2025-08-15T22:13:42.891-0500	DEBUG	protocol/handler.go:1591	have processed broadcast	{"{round 20 3  <nil>}": {"Key":"from","Type":15,"Integer":0,"String":"c","Interface":null}}
2025-08-15T22:13:42.891-0500	DEBUG	protocol/handler.go:1591	have processed broadcast	{"{round 20 3  <nil>}": {"Key":"from","Type":15,"Integer":0,"String":"b","Interface":null}}
2025-08-15T22:13:42.891-0500	DEBUG	protocol/handler.go:1649	have all messages and processed	{"{round 20 3  <nil>}": {"Key":"self","Type":15,"Integer":0,"String":"b","Interface":null}}
2025-08-15T22:13:42.891-0500	DEBUG	protocol/handler.go:596	round already finalized
2025-08-15T22:13:42.891-0500	DEBUG	protocol/handler.go:1649	have all messages and processed	{"{round 20 3  <nil>}": {"Key":"self","Type":15,"Integer":0,"String":"c","Interface":null}}
2025-08-15T22:13:42.891-0500	DEBUG	protocol/handler.go:596	round already finalized
2025-08-15T22:13:42.897-0500	DEBUG	protocol/handler.go:581	tryAdvanceRound called	{"{current_round 20 3  <nil>}": {"Key":"self","Type":15,"Integer":0,"String":"a","Interface":null}}
2025-08-15T22:13:42.897-0500	DEBUG	protocol/handler.go:1591	have processed broadcast	{"{round 20 3  <nil>}": {"Key":"from","Type":15,"Integer":0,"String":"b","Interface":null}}
2025-08-15T22:13:42.897-0500	DEBUG	protocol/handler.go:1591	have processed broadcast	{"{round 20 3  <nil>}": {"Key":"from","Type":15,"Integer":0,"String":"c","Interface":null}}
2025-08-15T22:13:42.897-0500	DEBUG	protocol/handler.go:1649	have all messages and processed	{"{round 20 3  <nil>}": {"Key":"self","Type":15,"Integer":0,"String":"a","Interface":null}}
2025-08-15T22:13:42.897-0500	DEBUG	protocol/handler.go:596	round already finalized
2025-08-15T22:13:42.901-0500	DEBUG	protocol/handler.go:581	tryAdvanceRound called	{"{current_round 20 3  <nil>}": {"Key":"self","Type":15,"Integer":0,"String":"b","Interface":null}}
2025-08-15T22:13:42.901-0500	DEBUG	protocol/handler.go:581	tryAdvanceRound called	{"{current_round 20 3  <nil>}": {"Key":"self","Type":15,"Integer":0,"String":"c","Interface":null}}
2025-08-15T22:13:42.901-0500	DEBUG	protocol/handler.go:1591	have processed broadcast	{"{round 20 3  <nil>}": {"Key":"from","Type":15,"Integer":0,"String":"a","Interface":null}}
2025-08-15T22:13:42.901-0500	DEBUG	protocol/handler.go:1591	have processed broadcast	{"{round 20 3  <nil>}": {"Key":"from","Type":15,"Integer":0,"String":"c","Interface":null}}
2025-08-15T22:13:42.901-0500	DEBUG	protocol/handler.go:1591	have processed broadcast	{"{round 20 3  <nil>}": {"Key":"from","Type":15,"Integer":0,"String":"a","Interface":null}}
2025-08-15T22:13:42.901-0500	DEBUG	protocol/handler.go:1649	have all messages and processed	{"{round 20 3  <nil>}": {"Key":"self","Type":15,"Integer":0,"String":"b","Interface":null}}
2025-08-15T22:13:42.901-0500	DEBUG	protocol/handler.go:1591	have processed broadcast	{"{round 20 3  <nil>}": {"Key":"from","Type":15,"Integer":0,"String":"b","Interface":null}}
2025-08-15T22:13:42.901-0500	DEBUG	protocol/handler.go:596	round already finalized
2025-08-15T22:13:42.901-0500	DEBUG	protocol/handler.go:1649	have all messages and processed	{"{round 20 3  <nil>}": {"Key":"self","Type":15,"Integer":0,"String":"c","Interface":null}}
2025-08-15T22:13:42.901-0500	DEBUG	protocol/handler.go:596	round already finalized
2025-08-15T22:13:42.907-0500	DEBUG	protocol/handler.go:581	tryAdvanceRound called	{"{current_round 20 3  <nil>}": {"Key":"self","Type":15,"Integer":0,"String":"a","Interface":null}}
2025-08-15T22:13:42.907-0500	DEBUG	protocol/handler.go:1591	have processed broadcast	{"{round 20 3  <nil>}": {"Key":"from","Type":15,"Integer":0,"String":"b","Interface":null}}
2025-08-15T22:13:42.907-0500	DEBUG	protocol/handler.go:1591	have processed broadcast	{"{round 20 3  <nil>}": {"Key":"from","Type":15,"Integer":0,"String":"c","Interface":null}}
2025-08-15T22:13:42.907-0500	DEBUG	protocol/handler.go:1649	have all messages and processed	{"{round 20 3  <nil>}": {"Key":"self","Type":15,"Integer":0,"String":"a","Interface":null}}
2025-08-15T22:13:42.907-0500	DEBUG	protocol/handler.go:596	round already finalized
2025-08-15T22:13:42.910-0500	DEBUG	protocol/handler.go:581	tryAdvanceRound called	{"{current_round 20 3  <nil>}": {"Key":"self","Type":15,"Integer":0,"String":"b","Interface":null}}
2025-08-15T22:13:42.911-0500	DEBUG	protocol/handler.go:1591	have processed broadcast	{"{round 20 3  <nil>}": {"Key":"from","Type":15,"Integer":0,"String":"a","Interface":null}}
2025-08-15T22:13:42.911-0500	DEBUG	protocol/handler.go:1591	have processed broadcast	{"{round 20 3  <nil>}": {"Key":"from","Type":15,"Integer":0,"String":"c","Interface":null}}
2025-08-15T22:13:42.911-0500	DEBUG	protocol/handler.go:1649	have all messages and processed	{"{round 20 3  <nil>}": {"Key":"self","Type":15,"Integer":0,"String":"b","Interface":null}}
2025-08-15T22:13:42.911-0500	DEBUG	protocol/handler.go:596	round already finalized
2025-08-15T22:13:42.911-0500	DEBUG	protocol/handler.go:581	tryAdvanceRound called	{"{current_round 20 3  <nil>}": {"Key":"self","Type":15,"Integer":0,"String":"c","Interface":null}}
2025-08-15T22:13:42.911-0500	DEBUG	protocol/handler.go:1591	have processed broadcast	{"{round 20 3  <nil>}": {"Key":"from","Type":15,"Integer":0,"String":"a","Interface":null}}
2025-08-15T22:13:42.911-0500	DEBUG	protocol/handler.go:1591	have processed broadcast	{"{round 20 3  <nil>}": {"Key":"from","Type":15,"Integer":0,"String":"b","Interface":null}}
2025-08-15T22:13:42.911-0500	DEBUG	protocol/handler.go:1649	have all messages and processed	{"{round 20 3  <nil>}": {"Key":"self","Type":15,"Integer":0,"String":"c","Interface":null}}
2025-08-15T22:13:42.911-0500	DEBUG	protocol/handler.go:596	round already finalized
2025-08-15T22:13:42.917-0500	DEBUG	protocol/handler.go:581	tryAdvanceRound called	{"{current_round 20 3  <nil>}": {"Key":"self","Type":15,"Integer":0,"String":"a","Interface":null}}
2025-08-15T22:13:42.917-0500	DEBUG	protocol/handler.go:1591	have processed broadcast	{"{round 20 3  <nil>}": {"Key":"from","Type":15,"Integer":0,"String":"b","Interface":null}}
2025-08-15T22:13:42.917-0500	DEBUG	protocol/handler.go:1591	have processed broadcast	{"{round 20 3  <nil>}": {"Key":"from","Type":15,"Integer":0,"String":"c","Interface":null}}
2025-08-15T22:13:42.917-0500	DEBUG	protocol/handler.go:1649	have all messages and processed	{"{round 20 3  <nil>}": {"Key":"self","Type":15,"Integer":0,"String":"a","Interface":null}}
2025-08-15T22:13:42.917-0500	DEBUG	protocol/handler.go:596	round already finalized
2025-08-15T22:13:42.921-0500	DEBUG	protocol/handler.go:581	tryAdvanceRound called	{"{current_round 20 3  <nil>}": {"Key":"self","Type":15,"Integer":0,"String":"b","Interface":null}}
2025-08-15T22:13:42.921-0500	DEBUG	protocol/handler.go:581	tryAdvanceRound called	{"{current_round 20 3  <nil>}": {"Key":"self","Type":15,"Integer":0,"String":"c","Interface":null}}
2025-08-15T22:13:42.921-0500	DEBUG	protocol/handler.go:1591	have processed broadcast	{"{round 20 3  <nil>}": {"Key":"from","Type":15,"Integer":0,"String":"a","Interface":null}}
2025-08-15T22:13:42.921-0500	DEBUG	protocol/handler.go:1591	have processed broadcast	{"{round 20 3  <nil>}": {"Key":"from","Type":15,"Integer":0,"String":"a","Interface":null}}
2025-08-15T22:13:42.921-0500	DEBUG	protocol/handler.go:1591	have processed broadcast	{"{round 20 3  <nil>}": {"Key":"from","Type":15,"Integer":0,"String":"c","Interface":null}}
2025-08-15T22:13:42.921-0500	DEBUG	protocol/handler.go:1591	have processed broadcast	{"{round 20 3  <nil>}": {"Key":"from","Type":15,"Integer":0,"String":"b","Interface":null}}
2025-08-15T22:13:42.921-0500	DEBUG	protocol/handler.go:1649	have all messages and processed	{"{round 20 3  <nil>}": {"Key":"self","Type":15,"Integer":0,"String":"b","Interface":null}}
2025-08-15T22:13:42.921-0500	DEBUG	protocol/handler.go:1649	have all messages and processed	{"{round 20 3  <nil>}": {"Key":"self","Type":15,"Integer":0,"String":"c","Interface":null}}
2025-08-15T22:13:42.921-0500	DEBUG	protocol/handler.go:596	round already finalized
2025-08-15T22:13:42.921-0500	DEBUG	protocol/handler.go:596	round already finalized
2025-08-15T22:13:42.927-0500	DEBUG	protocol/handler.go:581	tryAdvanceRound called	{"{current_round 20 3  <nil>}": {"Key":"self","Type":15,"Integer":0,"String":"a","Interface":null}}
2025-08-15T22:13:42.927-0500	DEBUG	protocol/handler.go:1591	have processed broadcast	{"{round 20 3  <nil>}": {"Key":"from","Type":15,"Integer":0,"String":"b","Interface":null}}
2025-08-15T22:13:42.927-0500	DEBUG	protocol/handler.go:1591	have processed broadcast	{"{round 20 3  <nil>}": {"Key":"from","Type":15,"Integer":0,"String":"c","Interface":null}}
2025-08-15T22:13:42.927-0500	DEBUG	protocol/handler.go:1649	have all messages and processed	{"{round 20 3  <nil>}": {"Key":"self","Type":15,"Integer":0,"String":"a","Interface":null}}
2025-08-15T22:13:42.927-0500	DEBUG	protocol/handler.go:596	round already finalized
2025-08-15T22:13:42.931-0500	DEBUG	protocol/handler.go:581	tryAdvanceRound called	{"{current_round 20 3  <nil>}": {"Key":"self","Type":15,"Integer":0,"String":"b","Interface":null}}
2025-08-15T22:13:42.931-0500	DEBUG	protocol/handler.go:581	tryAdvanceRound called	{"{current_round 20 3  <nil>}": {"Key":"self","Type":15,"Integer":0,"String":"c","Interface":null}}
2025-08-15T22:13:42.931-0500	DEBUG	protocol/handler.go:1591	have processed broadcast	{"{round 20 3  <nil>}": {"Key":"from","Type":15,"Integer":0,"String":"a","Interface":null}}
2025-08-15T22:13:42.931-0500	DEBUG	protocol/handler.go:1591	have processed broadcast	{"{round 20 3  <nil>}": {"Key":"from","Type":15,"Integer":0,"String":"a","Interface":null}}
2025-08-15T22:13:42.931-0500	DEBUG	protocol/handler.go:1591	have processed broadcast	{"{round 20 3  <nil>}": {"Key":"from","Type":15,"Integer":0,"String":"c","Interface":null}}
2025-08-15T22:13:42.931-0500	DEBUG	protocol/handler.go:1591	have processed broadcast	{"{round 20 3  <nil>}": {"Key":"from","Type":15,"Integer":0,"String":"b","Interface":null}}
2025-08-15T22:13:42.931-0500	DEBUG	protocol/handler.go:1649	have all messages and processed	{"{round 20 3  <nil>}": {"Key":"self","Type":15,"Integer":0,"String":"b","Interface":null}}
2025-08-15T22:13:42.931-0500	DEBUG	protocol/handler.go:1649	have all messages and processed	{"{round 20 3  <nil>}": {"Key":"self","Type":15,"Integer":0,"String":"c","Interface":null}}
2025-08-15T22:13:42.931-0500	DEBUG	protocol/handler.go:596	round already finalized
2025-08-15T22:13:42.931-0500	DEBUG	protocol/handler.go:596	round already finalized
2025-08-15T22:13:42.936-0500	DEBUG	protocol/handler.go:581	tryAdvanceRound called	{"{current_round 20 3  <nil>}": {"Key":"self","Type":15,"Integer":0,"String":"a","Interface":null}}
2025-08-15T22:13:42.937-0500	DEBUG	protocol/handler.go:1591	have processed broadcast	{"{round 20 3  <nil>}": {"Key":"from","Type":15,"Integer":0,"String":"b","Interface":null}}
2025-08-15T22:13:42.937-0500	DEBUG	protocol/handler.go:1591	have processed broadcast	{"{round 20 3  <nil>}": {"Key":"from","Type":15,"Integer":0,"String":"c","Interface":null}}
2025-08-15T22:13:42.937-0500	DEBUG	protocol/handler.go:1649	have all messages and processed	{"{round 20 3  <nil>}": {"Key":"self","Type":15,"Integer":0,"String":"a","Interface":null}}
2025-08-15T22:13:42.937-0500	DEBUG	protocol/handler.go:596	round already finalized
2025-08-15T22:13:42.941-0500	DEBUG	protocol/handler.go:581	tryAdvanceRound called	{"{current_round 20 3  <nil>}": {"Key":"self","Type":15,"Integer":0,"String":"b","Interface":null}}
2025-08-15T22:13:42.941-0500	DEBUG	protocol/handler.go:1591	have processed broadcast	{"{round 20 3  <nil>}": {"Key":"from","Type":15,"Integer":0,"String":"a","Interface":null}}
2025-08-15T22:13:42.941-0500	DEBUG	protocol/handler.go:1591	have processed broadcast	{"{round 20 3  <nil>}": {"Key":"from","Type":15,"Integer":0,"String":"c","Interface":null}}
2025-08-15T22:13:42.941-0500	DEBUG	protocol/handler.go:1649	have all messages and processed	{"{round 20 3  <nil>}": {"Key":"self","Type":15,"Integer":0,"String":"b","Interface":null}}
2025-08-15T22:13:42.941-0500	DEBUG	protocol/handler.go:596	round already finalized
2025-08-15T22:13:42.941-0500	DEBUG	protocol/handler.go:581	tryAdvanceRound called	{"{current_round 20 3  <nil>}": {"Key":"self","Type":15,"Integer":0,"String":"c","Interface":null}}
2025-08-15T22:13:42.941-0500	DEBUG	protocol/handler.go:1591	have processed broadcast	{"{round 20 3  <nil>}": {"Key":"from","Type":15,"Integer":0,"String":"a","Interface":null}}
2025-08-15T22:13:42.941-0500	DEBUG	protocol/handler.go:1591	have processed broadcast	{"{round 20 3  <nil>}": {"Key":"from","Type":15,"Integer":0,"String":"b","Interface":null}}
2025-08-15T22:13:42.941-0500	DEBUG	protocol/handler.go:1649	have all messages and processed	{"{round 20 3  <nil>}": {"Key":"self","Type":15,"Integer":0,"String":"c","Interface":null}}
2025-08-15T22:13:42.941-0500	DEBUG	protocol/handler.go:596	round already finalized
2025-08-15T22:13:42.947-0500	DEBUG	protocol/handler.go:581	tryAdvanceRound called	{"{current_round 20 3  <nil>}": {"Key":"self","Type":15,"Integer":0,"String":"a","Interface":null}}
2025-08-15T22:13:42.947-0500	DEBUG	protocol/handler.go:1591	have processed broadcast	{"{round 20 3  <nil>}": {"Key":"from","Type":15,"Integer":0,"String":"b","Interface":null}}
2025-08-15T22:13:42.947-0500	DEBUG	protocol/handler.go:1591	have processed broadcast	{"{round 20 3  <nil>}": {"Key":"from","Type":15,"Integer":0,"String":"c","Interface":null}}
2025-08-15T22:13:42.947-0500	DEBUG	protocol/handler.go:1649	have all messages and processed	{"{round 20 3  <nil>}": {"Key":"self","Type":15,"Integer":0,"String":"a","Interface":null}}
2025-08-15T22:13:42.947-0500	DEBUG	protocol/handler.go:596	round already finalized
2025-08-15T22:13:42.951-0500	DEBUG	protocol/handler.go:581	tryAdvanceRound called	{"{current_round 20 3  <nil>}": {"Key":"self","Type":15,"Integer":0,"String":"b","Interface":null}}
2025-08-15T22:13:42.951-0500	DEBUG	protocol/handler.go:1591	have processed broadcast	{"{round 20 3  <nil>}": {"Key":"from","Type":15,"Integer":0,"String":"a","Interface":null}}
2025-08-15T22:13:42.951-0500	DEBUG	protocol/handler.go:1591	have processed broadcast	{"{round 20 3  <nil>}": {"Key":"from","Type":15,"Integer":0,"String":"c","Interface":null}}
2025-08-15T22:13:42.951-0500	DEBUG	protocol/handler.go:1649	have all messages and processed	{"{round 20 3  <nil>}": {"Key":"self","Type":15,"Integer":0,"String":"b","Interface":null}}
2025-08-15T22:13:42.951-0500	DEBUG	protocol/handler.go:596	round already finalized
2025-08-15T22:13:42.951-0500	DEBUG	protocol/handler.go:581	tryAdvanceRound called	{"{current_round 20 3  <nil>}": {"Key":"self","Type":15,"Integer":0,"String":"c","Interface":null}}
2025-08-15T22:13:42.951-0500	DEBUG	protocol/handler.go:1591	have processed broadcast	{"{round 20 3  <nil>}": {"Key":"from","Type":15,"Integer":0,"String":"a","Interface":null}}
2025-08-15T22:13:42.951-0500	DEBUG	protocol/handler.go:1591	have processed broadcast	{"{round 20 3  <nil>}": {"Key":"from","Type":15,"Integer":0,"String":"b","Interface":null}}
2025-08-15T22:13:42.951-0500	DEBUG	protocol/handler.go:1649	have all messages and processed	{"{round 20 3  <nil>}": {"Key":"self","Type":15,"Integer":0,"String":"c","Interface":null}}
2025-08-15T22:13:42.951-0500	DEBUG	protocol/handler.go:596	round already finalized
2025-08-15T22:13:42.958-0500	DEBUG	protocol/handler.go:581	tryAdvanceRound called	{"{current_round 20 3  <nil>}": {"Key":"self","Type":15,"Integer":0,"String":"a","Interface":null}}
2025-08-15T22:13:42.959-0500	DEBUG	protocol/handler.go:1591	have processed broadcast	{"{round 20 3  <nil>}": {"Key":"from","Type":15,"Integer":0,"String":"b","Interface":null}}
2025-08-15T22:13:42.959-0500	DEBUG	protocol/handler.go:1591	have processed broadcast	{"{round 20 3  <nil>}": {"Key":"from","Type":15,"Integer":0,"String":"c","Interface":null}}
2025-08-15T22:13:42.959-0500	DEBUG	protocol/handler.go:1649	have all messages and processed	{"{round 20 3  <nil>}": {"Key":"self","Type":15,"Integer":0,"String":"a","Interface":null}}
2025-08-15T22:13:42.959-0500	DEBUG	protocol/handler.go:596	round already finalized
2025-08-15T22:13:42.961-0500	DEBUG	protocol/handler.go:581	tryAdvanceRound called	{"{current_round 20 3  <nil>}": {"Key":"self","Type":15,"Integer":0,"String":"b","Interface":null}}
2025-08-15T22:13:42.962-0500	DEBUG	protocol/handler.go:1591	have processed broadcast	{"{round 20 3  <nil>}": {"Key":"from","Type":15,"Integer":0,"String":"a","Interface":null}}
2025-08-15T22:13:42.962-0500	DEBUG	protocol/handler.go:1591	have processed broadcast	{"{round 20 3  <nil>}": {"Key":"from","Type":15,"Integer":0,"String":"c","Interface":null}}
2025-08-15T22:13:42.962-0500	DEBUG	protocol/handler.go:581	tryAdvanceRound called	{"{current_round 20 3  <nil>}": {"Key":"self","Type":15,"Integer":0,"String":"c","Interface":null}}
2025-08-15T22:13:42.962-0500	DEBUG	protocol/handler.go:1649	have all messages and processed	{"{round 20 3  <nil>}": {"Key":"self","Type":15,"Integer":0,"String":"b","Interface":null}}
2025-08-15T22:13:42.962-0500	DEBUG	protocol/handler.go:596	round already finalized
2025-08-15T22:13:42.962-0500	DEBUG	protocol/handler.go:1591	have processed broadcast	{"{round 20 3  <nil>}": {"Key":"from","Type":15,"Integer":0,"String":"a","Interface":null}}
2025-08-15T22:13:42.962-0500	DEBUG	protocol/handler.go:1591	have processed broadcast	{"{round 20 3  <nil>}": {"Key":"from","Type":15,"Integer":0,"String":"b","Interface":null}}
2025-08-15T22:13:42.962-0500	DEBUG	protocol/handler.go:1649	have all messages and processed	{"{round 20 3  <nil>}": {"Key":"self","Type":15,"Integer":0,"String":"c","Interface":null}}
2025-08-15T22:13:42.962-0500	DEBUG	protocol/handler.go:596	round already finalized
2025-08-15T22:13:42.969-0500	DEBUG	protocol/handler.go:581	tryAdvanceRound called	{"{current_round 20 3  <nil>}": {"Key":"self","Type":15,"Integer":0,"String":"a","Interface":null}}
2025-08-15T22:13:42.969-0500	DEBUG	protocol/handler.go:1591	have processed broadcast	{"{round 20 3  <nil>}": {"Key":"from","Type":15,"Integer":0,"String":"b","Interface":null}}
2025-08-15T22:13:42.970-0500	DEBUG	protocol/handler.go:1591	have processed broadcast	{"{round 20 3  <nil>}": {"Key":"from","Type":15,"Integer":0,"String":"c","Interface":null}}
2025-08-15T22:13:42.970-0500	DEBUG	protocol/handler.go:1649	have all messages and processed	{"{round 20 3  <nil>}": {"Key":"self","Type":15,"Integer":0,"String":"a","Interface":null}}
2025-08-15T22:13:42.970-0500	DEBUG	protocol/handler.go:596	round already finalized
2025-08-15T22:13:42.971-0500	DEBUG	protocol/handler.go:581	tryAdvanceRound called	{"{current_round 20 3  <nil>}": {"Key":"self","Type":15,"Integer":0,"String":"b","Interface":null}}
2025-08-15T22:13:42.971-0500	DEBUG	protocol/handler.go:1591	have processed broadcast	{"{round 20 3  <nil>}": {"Key":"from","Type":15,"Integer":0,"String":"a","Interface":null}}
2025-08-15T22:13:42.971-0500	DEBUG	protocol/handler.go:1591	have processed broadcast	{"{round 20 3  <nil>}": {"Key":"from","Type":15,"Integer":0,"String":"c","Interface":null}}
2025-08-15T22:13:42.971-0500	DEBUG	protocol/handler.go:1649	have all messages and processed	{"{round 20 3  <nil>}": {"Key":"self","Type":15,"Integer":0,"String":"b","Interface":null}}
2025-08-15T22:13:42.971-0500	DEBUG	protocol/handler.go:596	round already finalized
2025-08-15T22:13:42.971-0500	DEBUG	protocol/handler.go:581	tryAdvanceRound called	{"{current_round 20 3  <nil>}": {"Key":"self","Type":15,"Integer":0,"String":"c","Interface":null}}
2025-08-15T22:13:42.971-0500	DEBUG	protocol/handler.go:1591	have processed broadcast	{"{round 20 3  <nil>}": {"Key":"from","Type":15,"Integer":0,"String":"a","Interface":null}}
2025-08-15T22:13:42.971-0500	DEBUG	protocol/handler.go:1591	have processed broadcast	{"{round 20 3  <nil>}": {"Key":"from","Type":15,"Integer":0,"String":"b","Interface":null}}
2025-08-15T22:13:42.971-0500	DEBUG	protocol/handler.go:1649	have all messages and processed	{"{round 20 3  <nil>}": {"Key":"self","Type":15,"Integer":0,"String":"c","Interface":null}}
2025-08-15T22:13:42.971-0500	DEBUG	protocol/handler.go:596	round already finalized
2025-08-15T22:13:42.976-0500	DEBUG	protocol/handler.go:581	tryAdvanceRound called	{"{current_round 20 3  <nil>}": {"Key":"self","Type":15,"Integer":0,"String":"a","Interface":null}}
2025-08-15T22:13:42.976-0500	DEBUG	protocol/handler.go:1591	have processed broadcast	{"{round 20 3  <nil>}": {"Key":"from","Type":15,"Integer":0,"String":"b","Interface":null}}
2025-08-15T22:13:42.977-0500	DEBUG	protocol/handler.go:1591	have processed broadcast	{"{round 20 3  <nil>}": {"Key":"from","Type":15,"Integer":0,"String":"c","Interface":null}}
2025-08-15T22:13:42.977-0500	DEBUG	protocol/handler.go:1649	have all messages and processed	{"{round 20 3  <nil>}": {"Key":"self","Type":15,"Integer":0,"String":"a","Interface":null}}
2025-08-15T22:13:42.977-0500	DEBUG	protocol/handler.go:596	round already finalized
2025-08-15T22:13:42.981-0500	DEBUG	protocol/handler.go:581	tryAdvanceRound called	{"{current_round 20 3  <nil>}": {"Key":"self","Type":15,"Integer":0,"String":"c","Interface":null}}
2025-08-15T22:13:42.981-0500	DEBUG	protocol/handler.go:1591	have processed broadcast	{"{round 20 3  <nil>}": {"Key":"from","Type":15,"Integer":0,"String":"a","Interface":null}}
2025-08-15T22:13:42.981-0500	DEBUG	protocol/handler.go:1591	have processed broadcast	{"{round 20 3  <nil>}": {"Key":"from","Type":15,"Integer":0,"String":"b","Interface":null}}
2025-08-15T22:13:42.981-0500	DEBUG	protocol/handler.go:581	tryAdvanceRound called	{"{current_round 20 3  <nil>}": {"Key":"self","Type":15,"Integer":0,"String":"b","Interface":null}}
2025-08-15T22:13:42.981-0500	DEBUG	protocol/handler.go:1649	have all messages and processed	{"{round 20 3  <nil>}": {"Key":"self","Type":15,"Integer":0,"String":"c","Interface":null}}
2025-08-15T22:13:42.981-0500	DEBUG	protocol/handler.go:596	round already finalized
2025-08-15T22:13:42.981-0500	DEBUG	protocol/handler.go:1591	have processed broadcast	{"{round 20 3  <nil>}": {"Key":"from","Type":15,"Integer":0,"String":"a","Interface":null}}
2025-08-15T22:13:42.981-0500	DEBUG	protocol/handler.go:1591	have processed broadcast	{"{round 20 3  <nil>}": {"Key":"from","Type":15,"Integer":0,"String":"c","Interface":null}}
2025-08-15T22:13:42.981-0500	DEBUG	protocol/handler.go:1649	have all messages and processed	{"{round 20 3  <nil>}": {"Key":"self","Type":15,"Integer":0,"String":"b","Interface":null}}
2025-08-15T22:13:42.981-0500	DEBUG	protocol/handler.go:596	round already finalized
2025-08-15T22:13:42.987-0500	DEBUG	protocol/handler.go:581	tryAdvanceRound called	{"{current_round 20 3  <nil>}": {"Key":"self","Type":15,"Integer":0,"String":"a","Interface":null}}
2025-08-15T22:13:42.987-0500	DEBUG	protocol/handler.go:1591	have processed broadcast	{"{round 20 3  <nil>}": {"Key":"from","Type":15,"Integer":0,"String":"b","Interface":null}}
2025-08-15T22:13:42.987-0500	DEBUG	protocol/handler.go:1591	have processed broadcast	{"{round 20 3  <nil>}": {"Key":"from","Type":15,"Integer":0,"String":"c","Interface":null}}
2025-08-15T22:13:42.987-0500	DEBUG	protocol/handler.go:1649	have all messages and processed	{"{round 20 3  <nil>}": {"Key":"self","Type":15,"Integer":0,"String":"a","Interface":null}}
2025-08-15T22:13:42.987-0500	DEBUG	protocol/handler.go:596	round already finalized
2025-08-15T22:13:42.991-0500	DEBUG	protocol/handler.go:581	tryAdvanceRound called	{"{current_round 20 3  <nil>}": {"Key":"self","Type":15,"Integer":0,"String":"b","Interface":null}}
2025-08-15T22:13:42.991-0500	DEBUG	protocol/handler.go:1591	have processed broadcast	{"{round 20 3  <nil>}": {"Key":"from","Type":15,"Integer":0,"String":"a","Interface":null}}
2025-08-15T22:13:42.991-0500	DEBUG	protocol/handler.go:1591	have processed broadcast	{"{round 20 3  <nil>}": {"Key":"from","Type":15,"Integer":0,"String":"c","Interface":null}}
2025-08-15T22:13:42.991-0500	DEBUG	protocol/handler.go:1649	have all messages and processed	{"{round 20 3  <nil>}": {"Key":"self","Type":15,"Integer":0,"String":"b","Interface":null}}
2025-08-15T22:13:42.991-0500	DEBUG	protocol/handler.go:596	round already finalized
2025-08-15T22:13:42.991-0500	DEBUG	protocol/handler.go:581	tryAdvanceRound called	{"{current_round 20 3  <nil>}": {"Key":"self","Type":15,"Integer":0,"String":"c","Interface":null}}
2025-08-15T22:13:42.991-0500	DEBUG	protocol/handler.go:1591	have processed broadcast	{"{round 20 3  <nil>}": {"Key":"from","Type":15,"Integer":0,"String":"a","Interface":null}}
2025-08-15T22:13:42.991-0500	DEBUG	protocol/handler.go:1591	have processed broadcast	{"{round 20 3  <nil>}": {"Key":"from","Type":15,"Integer":0,"String":"b","Interface":null}}
2025-08-15T22:13:42.991-0500	DEBUG	protocol/handler.go:1649	have all messages and processed	{"{round 20 3  <nil>}": {"Key":"self","Type":15,"Integer":0,"String":"c","Interface":null}}
2025-08-15T22:13:42.991-0500	DEBUG	protocol/handler.go:596	round already finalized
2025-08-15T22:13:42.997-0500	DEBUG	protocol/handler.go:581	tryAdvanceRound called	{"{current_round 20 3  <nil>}": {"Key":"self","Type":15,"Integer":0,"String":"a","Interface":null}}
2025-08-15T22:13:42.997-0500	DEBUG	protocol/handler.go:1591	have processed broadcast	{"{round 20 3  <nil>}": {"Key":"from","Type":15,"Integer":0,"String":"b","Interface":null}}
2025-08-15T22:13:42.997-0500	DEBUG	protocol/handler.go:1591	have processed broadcast	{"{round 20 3  <nil>}": {"Key":"from","Type":15,"Integer":0,"String":"c","Interface":null}}
2025-08-15T22:13:42.997-0500	DEBUG	protocol/handler.go:1649	have all messages and processed	{"{round 20 3  <nil>}": {"Key":"self","Type":15,"Integer":0,"String":"a","Interface":null}}
2025-08-15T22:13:42.997-0500	DEBUG	protocol/handler.go:596	round already finalized
2025-08-15T22:13:43.001-0500	DEBUG	protocol/handler.go:581	tryAdvanceRound called	{"{current_round 20 3  <nil>}": {"Key":"self","Type":15,"Integer":0,"String":"b","Interface":null}}
2025-08-15T22:13:43.001-0500	DEBUG	protocol/handler.go:581	tryAdvanceRound called	{"{current_round 20 3  <nil>}": {"Key":"self","Type":15,"Integer":0,"String":"c","Interface":null}}
2025-08-15T22:13:43.001-0500	DEBUG	protocol/handler.go:1591	have processed broadcast	{"{round 20 3  <nil>}": {"Key":"from","Type":15,"Integer":0,"String":"a","Interface":null}}
2025-08-15T22:13:43.001-0500	DEBUG	protocol/handler.go:1591	have processed broadcast	{"{round 20 3  <nil>}": {"Key":"from","Type":15,"Integer":0,"String":"c","Interface":null}}
2025-08-15T22:13:43.001-0500	DEBUG	protocol/handler.go:1649	have all messages and processed	{"{round 20 3  <nil>}": {"Key":"self","Type":15,"Integer":0,"String":"b","Interface":null}}
2025-08-15T22:13:43.001-0500	DEBUG	protocol/handler.go:1591	have processed broadcast	{"{round 20 3  <nil>}": {"Key":"from","Type":15,"Integer":0,"String":"a","Interface":null}}
2025-08-15T22:13:43.001-0500	DEBUG	protocol/handler.go:596	round already finalized
2025-08-15T22:13:43.001-0500	DEBUG	protocol/handler.go:1591	have processed broadcast	{"{round 20 3  <nil>}": {"Key":"from","Type":15,"Integer":0,"String":"b","Interface":null}}
2025-08-15T22:13:43.001-0500	DEBUG	protocol/handler.go:1649	have all messages and processed	{"{round 20 3  <nil>}": {"Key":"self","Type":15,"Integer":0,"String":"c","Interface":null}}
2025-08-15T22:13:43.001-0500	DEBUG	protocol/handler.go:596	round already finalized
2025-08-15T22:13:43.007-0500	DEBUG	protocol/handler.go:581	tryAdvanceRound called	{"{current_round 20 3  <nil>}": {"Key":"self","Type":15,"Integer":0,"String":"a","Interface":null}}
2025-08-15T22:13:43.007-0500	DEBUG	protocol/handler.go:1591	have processed broadcast	{"{round 20 3  <nil>}": {"Key":"from","Type":15,"Integer":0,"String":"b","Interface":null}}
2025-08-15T22:13:43.007-0500	DEBUG	protocol/handler.go:1591	have processed broadcast	{"{round 20 3  <nil>}": {"Key":"from","Type":15,"Integer":0,"String":"c","Interface":null}}
2025-08-15T22:13:43.007-0500	DEBUG	protocol/handler.go:1649	have all messages and processed	{"{round 20 3  <nil>}": {"Key":"self","Type":15,"Integer":0,"String":"a","Interface":null}}
2025-08-15T22:13:43.007-0500	DEBUG	protocol/handler.go:596	round already finalized
2025-08-15T22:13:43.012-0500	DEBUG	protocol/handler.go:581	tryAdvanceRound called	{"{current_round 20 3  <nil>}": {"Key":"self","Type":15,"Integer":0,"String":"c","Interface":null}}
2025-08-15T22:13:43.012-0500	DEBUG	protocol/handler.go:581	tryAdvanceRound called	{"{current_round 20 3  <nil>}": {"Key":"self","Type":15,"Integer":0,"String":"b","Interface":null}}
2025-08-15T22:13:43.012-0500	DEBUG	protocol/handler.go:1591	have processed broadcast	{"{round 20 3  <nil>}": {"Key":"from","Type":15,"Integer":0,"String":"a","Interface":null}}
2025-08-15T22:13:43.012-0500	DEBUG	protocol/handler.go:1591	have processed broadcast	{"{round 20 3  <nil>}": {"Key":"from","Type":15,"Integer":0,"String":"a","Interface":null}}
2025-08-15T22:13:43.012-0500	DEBUG	protocol/handler.go:1591	have processed broadcast	{"{round 20 3  <nil>}": {"Key":"from","Type":15,"Integer":0,"String":"b","Interface":null}}
2025-08-15T22:13:43.012-0500	DEBUG	protocol/handler.go:1591	have processed broadcast	{"{round 20 3  <nil>}": {"Key":"from","Type":15,"Integer":0,"String":"c","Interface":null}}
2025-08-15T22:13:43.012-0500	DEBUG	protocol/handler.go:1649	have all messages and processed	{"{round 20 3  <nil>}": {"Key":"self","Type":15,"Integer":0,"String":"c","Interface":null}}
2025-08-15T22:13:43.012-0500	DEBUG	protocol/handler.go:1649	have all messages and processed	{"{round 20 3  <nil>}": {"Key":"self","Type":15,"Integer":0,"String":"b","Interface":null}}
2025-08-15T22:13:43.012-0500	DEBUG	protocol/handler.go:596	round already finalized
2025-08-15T22:13:43.012-0500	DEBUG	protocol/handler.go:596	round already finalized
2025-08-15T22:13:43.017-0500	DEBUG	protocol/handler.go:581	tryAdvanceRound called	{"{current_round 20 3  <nil>}": {"Key":"self","Type":15,"Integer":0,"String":"a","Interface":null}}
2025-08-15T22:13:43.017-0500	DEBUG	protocol/handler.go:1591	have processed broadcast	{"{round 20 3  <nil>}": {"Key":"from","Type":15,"Integer":0,"String":"b","Interface":null}}
2025-08-15T22:13:43.017-0500	DEBUG	protocol/handler.go:1591	have processed broadcast	{"{round 20 3  <nil>}": {"Key":"from","Type":15,"Integer":0,"String":"c","Interface":null}}
2025-08-15T22:13:43.017-0500	DEBUG	protocol/handler.go:1649	have all messages and processed	{"{round 20 3  <nil>}": {"Key":"self","Type":15,"Integer":0,"String":"a","Interface":null}}
2025-08-15T22:13:43.017-0500	DEBUG	protocol/handler.go:596	round already finalized
2025-08-15T22:13:43.021-0500	DEBUG	protocol/handler.go:581	tryAdvanceRound called	{"{current_round 20 3  <nil>}": {"Key":"self","Type":15,"Integer":0,"String":"b","Interface":null}}
2025-08-15T22:13:43.021-0500	DEBUG	protocol/handler.go:581	tryAdvanceRound called	{"{current_round 20 3  <nil>}": {"Key":"self","Type":15,"Integer":0,"String":"c","Interface":null}}
2025-08-15T22:13:43.021-0500	DEBUG	protocol/handler.go:1591	have processed broadcast	{"{round 20 3  <nil>}": {"Key":"from","Type":15,"Integer":0,"String":"a","Interface":null}}
2025-08-15T22:13:43.021-0500	DEBUG	protocol/handler.go:1591	have processed broadcast	{"{round 20 3  <nil>}": {"Key":"from","Type":15,"Integer":0,"String":"a","Interface":null}}
2025-08-15T22:13:43.021-0500	DEBUG	protocol/handler.go:1591	have processed broadcast	{"{round 20 3  <nil>}": {"Key":"from","Type":15,"Integer":0,"String":"c","Interface":null}}
2025-08-15T22:13:43.021-0500	DEBUG	protocol/handler.go:1591	have processed broadcast	{"{round 20 3  <nil>}": {"Key":"from","Type":15,"Integer":0,"String":"b","Interface":null}}
2025-08-15T22:13:43.021-0500	DEBUG	protocol/handler.go:1649	have all messages and processed	{"{round 20 3  <nil>}": {"Key":"self","Type":15,"Integer":0,"String":"b","Interface":null}}
2025-08-15T22:13:43.021-0500	DEBUG	protocol/handler.go:596	round already finalized
2025-08-15T22:13:43.021-0500	DEBUG	protocol/handler.go:1649	have all messages and processed	{"{round 20 3  <nil>}": {"Key":"self","Type":15,"Integer":0,"String":"c","Interface":null}}
2025-08-15T22:13:43.021-0500	DEBUG	protocol/handler.go:596	round already finalized
2025-08-15T22:13:43.027-0500	DEBUG	protocol/handler.go:581	tryAdvanceRound called	{"{current_round 20 3  <nil>}": {"Key":"self","Type":15,"Integer":0,"String":"a","Interface":null}}
2025-08-15T22:13:43.027-0500	DEBUG	protocol/handler.go:1591	have processed broadcast	{"{round 20 3  <nil>}": {"Key":"from","Type":15,"Integer":0,"String":"b","Interface":null}}
2025-08-15T22:13:43.027-0500	DEBUG	protocol/handler.go:1591	have processed broadcast	{"{round 20 3  <nil>}": {"Key":"from","Type":15,"Integer":0,"String":"c","Interface":null}}
2025-08-15T22:13:43.027-0500	DEBUG	protocol/handler.go:1649	have all messages and processed	{"{round 20 3  <nil>}": {"Key":"self","Type":15,"Integer":0,"String":"a","Interface":null}}
2025-08-15T22:13:43.027-0500	DEBUG	protocol/handler.go:596	round already finalized
2025-08-15T22:13:43.031-0500	DEBUG	protocol/handler.go:581	tryAdvanceRound called	{"{current_round 20 3  <nil>}": {"Key":"self","Type":15,"Integer":0,"String":"c","Interface":null}}
2025-08-15T22:13:43.031-0500	DEBUG	protocol/handler.go:581	tryAdvanceRound called	{"{current_round 20 3  <nil>}": {"Key":"self","Type":15,"Integer":0,"String":"b","Interface":null}}
2025-08-15T22:13:43.031-0500	DEBUG	protocol/handler.go:1591	have processed broadcast	{"{round 20 3  <nil>}": {"Key":"from","Type":15,"Integer":0,"String":"a","Interface":null}}
2025-08-15T22:13:43.031-0500	DEBUG	protocol/handler.go:1591	have processed broadcast	{"{round 20 3  <nil>}": {"Key":"from","Type":15,"Integer":0,"String":"a","Interface":null}}
2025-08-15T22:13:43.031-0500	DEBUG	protocol/handler.go:1591	have processed broadcast	{"{round 20 3  <nil>}": {"Key":"from","Type":15,"Integer":0,"String":"b","Interface":null}}
2025-08-15T22:13:43.031-0500	DEBUG	protocol/handler.go:1591	have processed broadcast	{"{round 20 3  <nil>}": {"Key":"from","Type":15,"Integer":0,"String":"c","Interface":null}}
2025-08-15T22:13:43.031-0500	DEBUG	protocol/handler.go:1649	have all messages and processed	{"{round 20 3  <nil>}": {"Key":"self","Type":15,"Integer":0,"String":"c","Interface":null}}
2025-08-15T22:13:43.031-0500	DEBUG	protocol/handler.go:596	round already finalized
2025-08-15T22:13:43.031-0500	DEBUG	protocol/handler.go:1649	have all messages and processed	{"{round 20 3  <nil>}": {"Key":"self","Type":15,"Integer":0,"String":"b","Interface":null}}
2025-08-15T22:13:43.031-0500	DEBUG	protocol/handler.go:596	round already finalized
2025-08-15T22:13:43.037-0500	DEBUG	protocol/handler.go:581	tryAdvanceRound called	{"{current_round 20 3  <nil>}": {"Key":"self","Type":15,"Integer":0,"String":"a","Interface":null}}
2025-08-15T22:13:43.037-0500	DEBUG	protocol/handler.go:1591	have processed broadcast	{"{round 20 3  <nil>}": {"Key":"from","Type":15,"Integer":0,"String":"b","Interface":null}}
2025-08-15T22:13:43.037-0500	DEBUG	protocol/handler.go:1591	have processed broadcast	{"{round 20 3  <nil>}": {"Key":"from","Type":15,"Integer":0,"String":"c","Interface":null}}
2025-08-15T22:13:43.037-0500	DEBUG	protocol/handler.go:1649	have all messages and processed	{"{round 20 3  <nil>}": {"Key":"self","Type":15,"Integer":0,"String":"a","Interface":null}}
2025-08-15T22:13:43.038-0500	DEBUG	protocol/handler.go:596	round already finalized
2025-08-15T22:13:43.041-0500	DEBUG	protocol/handler.go:581	tryAdvanceRound called	{"{current_round 20 3  <nil>}": {"Key":"self","Type":15,"Integer":0,"String":"b","Interface":null}}
2025-08-15T22:13:43.041-0500	DEBUG	protocol/handler.go:581	tryAdvanceRound called	{"{current_round 20 3  <nil>}": {"Key":"self","Type":15,"Integer":0,"String":"c","Interface":null}}
2025-08-15T22:13:43.041-0500	DEBUG	protocol/handler.go:1591	have processed broadcast	{"{round 20 3  <nil>}": {"Key":"from","Type":15,"Integer":0,"String":"a","Interface":null}}
2025-08-15T22:13:43.041-0500	DEBUG	protocol/handler.go:1591	have processed broadcast	{"{round 20 3  <nil>}": {"Key":"from","Type":15,"Integer":0,"String":"a","Interface":null}}
2025-08-15T22:13:43.041-0500	DEBUG	protocol/handler.go:1591	have processed broadcast	{"{round 20 3  <nil>}": {"Key":"from","Type":15,"Integer":0,"String":"c","Interface":null}}
2025-08-15T22:13:43.041-0500	DEBUG	protocol/handler.go:1649	have all messages and processed	{"{round 20 3  <nil>}": {"Key":"self","Type":15,"Integer":0,"String":"b","Interface":null}}
2025-08-15T22:13:43.041-0500	DEBUG	protocol/handler.go:1591	have processed broadcast	{"{round 20 3  <nil>}": {"Key":"from","Type":15,"Integer":0,"String":"b","Interface":null}}
2025-08-15T22:13:43.041-0500	DEBUG	protocol/handler.go:596	round already finalized
2025-08-15T22:13:43.041-0500	DEBUG	protocol/handler.go:1649	have all messages and processed	{"{round 20 3  <nil>}": {"Key":"self","Type":15,"Integer":0,"String":"c","Interface":null}}
2025-08-15T22:13:43.041-0500	DEBUG	protocol/handler.go:596	round already finalized
2025-08-15T22:13:43.047-0500	DEBUG	protocol/handler.go:581	tryAdvanceRound called	{"{current_round 20 3  <nil>}": {"Key":"self","Type":15,"Integer":0,"String":"a","Interface":null}}
2025-08-15T22:13:43.047-0500	DEBUG	protocol/handler.go:1591	have processed broadcast	{"{round 20 3  <nil>}": {"Key":"from","Type":15,"Integer":0,"String":"b","Interface":null}}
2025-08-15T22:13:43.047-0500	DEBUG	protocol/handler.go:1591	have processed broadcast	{"{round 20 3  <nil>}": {"Key":"from","Type":15,"Integer":0,"String":"c","Interface":null}}
2025-08-15T22:13:43.047-0500	DEBUG	protocol/handler.go:1649	have all messages and processed	{"{round 20 3  <nil>}": {"Key":"self","Type":15,"Integer":0,"String":"a","Interface":null}}
2025-08-15T22:13:43.047-0500	DEBUG	protocol/handler.go:596	round already finalized
2025-08-15T22:13:43.051-0500	DEBUG	protocol/handler.go:581	tryAdvanceRound called	{"{current_round 20 3  <nil>}": {"Key":"self","Type":15,"Integer":0,"String":"b","Interface":null}}
2025-08-15T22:13:43.051-0500	DEBUG	protocol/handler.go:581	tryAdvanceRound called	{"{current_round 20 3  <nil>}": {"Key":"self","Type":15,"Integer":0,"String":"c","Interface":null}}
2025-08-15T22:13:43.051-0500	DEBUG	protocol/handler.go:1591	have processed broadcast	{"{round 20 3  <nil>}": {"Key":"from","Type":15,"Integer":0,"String":"a","Interface":null}}
2025-08-15T22:13:43.051-0500	DEBUG	protocol/handler.go:1591	have processed broadcast	{"{round 20 3  <nil>}": {"Key":"from","Type":15,"Integer":0,"String":"a","Interface":null}}
2025-08-15T22:13:43.051-0500	DEBUG	protocol/handler.go:1591	have processed broadcast	{"{round 20 3  <nil>}": {"Key":"from","Type":15,"Integer":0,"String":"c","Interface":null}}
2025-08-15T22:13:43.051-0500	DEBUG	protocol/handler.go:1591	have processed broadcast	{"{round 20 3  <nil>}": {"Key":"from","Type":15,"Integer":0,"String":"b","Interface":null}}
2025-08-15T22:13:43.051-0500	DEBUG	protocol/handler.go:1649	have all messages and processed	{"{round 20 3  <nil>}": {"Key":"self","Type":15,"Integer":0,"String":"b","Interface":null}}
2025-08-15T22:13:43.051-0500	DEBUG	protocol/handler.go:1649	have all messages and processed	{"{round 20 3  <nil>}": {"Key":"self","Type":15,"Integer":0,"String":"c","Interface":null}}
2025-08-15T22:13:43.051-0500	DEBUG	protocol/handler.go:596	round already finalized
2025-08-15T22:13:43.051-0500	DEBUG	protocol/handler.go:596	round already finalized
2025-08-15T22:13:43.057-0500	DEBUG	protocol/handler.go:581	tryAdvanceRound called	{"{current_round 20 3  <nil>}": {"Key":"self","Type":15,"Integer":0,"String":"a","Interface":null}}
2025-08-15T22:13:43.057-0500	DEBUG	protocol/handler.go:1591	have processed broadcast	{"{round 20 3  <nil>}": {"Key":"from","Type":15,"Integer":0,"String":"b","Interface":null}}
2025-08-15T22:13:43.057-0500	DEBUG	protocol/handler.go:1591	have processed broadcast	{"{round 20 3  <nil>}": {"Key":"from","Type":15,"Integer":0,"String":"c","Interface":null}}
2025-08-15T22:13:43.057-0500	DEBUG	protocol/handler.go:1649	have all messages and processed	{"{round 20 3  <nil>}": {"Key":"self","Type":15,"Integer":0,"String":"a","Interface":null}}
2025-08-15T22:13:43.057-0500	DEBUG	protocol/handler.go:596	round already finalized
2025-08-15T22:13:43.061-0500	DEBUG	protocol/handler.go:581	tryAdvanceRound called	{"{current_round 20 3  <nil>}": {"Key":"self","Type":15,"Integer":0,"String":"b","Interface":null}}
2025-08-15T22:13:43.061-0500	DEBUG	protocol/handler.go:581	tryAdvanceRound called	{"{current_round 20 3  <nil>}": {"Key":"self","Type":15,"Integer":0,"String":"c","Interface":null}}
2025-08-15T22:13:43.061-0500	DEBUG	protocol/handler.go:1591	have processed broadcast	{"{round 20 3  <nil>}": {"Key":"from","Type":15,"Integer":0,"String":"a","Interface":null}}
2025-08-15T22:13:43.061-0500	DEBUG	protocol/handler.go:1591	have processed broadcast	{"{round 20 3  <nil>}": {"Key":"from","Type":15,"Integer":0,"String":"a","Interface":null}}
2025-08-15T22:13:43.061-0500	DEBUG	protocol/handler.go:1591	have processed broadcast	{"{round 20 3  <nil>}": {"Key":"from","Type":15,"Integer":0,"String":"c","Interface":null}}
2025-08-15T22:13:43.061-0500	DEBUG	protocol/handler.go:1591	have processed broadcast	{"{round 20 3  <nil>}": {"Key":"from","Type":15,"Integer":0,"String":"b","Interface":null}}
2025-08-15T22:13:43.061-0500	DEBUG	protocol/handler.go:1649	have all messages and processed	{"{round 20 3  <nil>}": {"Key":"self","Type":15,"Integer":0,"String":"b","Interface":null}}
2025-08-15T22:13:43.061-0500	DEBUG	protocol/handler.go:1649	have all messages and processed	{"{round 20 3  <nil>}": {"Key":"self","Type":15,"Integer":0,"String":"c","Interface":null}}
2025-08-15T22:13:43.061-0500	DEBUG	protocol/handler.go:596	round already finalized
2025-08-15T22:13:43.061-0500	DEBUG	protocol/handler.go:596	round already finalized
2025-08-15T22:13:43.067-0500	DEBUG	protocol/handler.go:581	tryAdvanceRound called	{"{current_round 20 3  <nil>}": {"Key":"self","Type":15,"Integer":0,"String":"a","Interface":null}}
2025-08-15T22:13:43.067-0500	DEBUG	protocol/handler.go:1591	have processed broadcast	{"{round 20 3  <nil>}": {"Key":"from","Type":15,"Integer":0,"String":"b","Interface":null}}
2025-08-15T22:13:43.067-0500	DEBUG	protocol/handler.go:1591	have processed broadcast	{"{round 20 3  <nil>}": {"Key":"from","Type":15,"Integer":0,"String":"c","Interface":null}}
2025-08-15T22:13:43.067-0500	DEBUG	protocol/handler.go:1649	have all messages and processed	{"{round 20 3  <nil>}": {"Key":"self","Type":15,"Integer":0,"String":"a","Interface":null}}
2025-08-15T22:13:43.067-0500	DEBUG	protocol/handler.go:596	round already finalized
2025-08-15T22:13:43.071-0500	DEBUG	protocol/handler.go:581	tryAdvanceRound called	{"{current_round 20 3  <nil>}": {"Key":"self","Type":15,"Integer":0,"String":"b","Interface":null}}
2025-08-15T22:13:43.071-0500	DEBUG	protocol/handler.go:581	tryAdvanceRound called	{"{current_round 20 3  <nil>}": {"Key":"self","Type":15,"Integer":0,"String":"c","Interface":null}}
2025-08-15T22:13:43.071-0500	DEBUG	protocol/handler.go:1591	have processed broadcast	{"{round 20 3  <nil>}": {"Key":"from","Type":15,"Integer":0,"String":"a","Interface":null}}
2025-08-15T22:13:43.071-0500	DEBUG	protocol/handler.go:1591	have processed broadcast	{"{round 20 3  <nil>}": {"Key":"from","Type":15,"Integer":0,"String":"c","Interface":null}}
2025-08-15T22:13:43.071-0500	DEBUG	protocol/handler.go:1591	have processed broadcast	{"{round 20 3  <nil>}": {"Key":"from","Type":15,"Integer":0,"String":"a","Interface":null}}
2025-08-15T22:13:43.071-0500	DEBUG	protocol/handler.go:1649	have all messages and processed	{"{round 20 3  <nil>}": {"Key":"self","Type":15,"Integer":0,"String":"b","Interface":null}}
2025-08-15T22:13:43.071-0500	DEBUG	protocol/handler.go:1591	have processed broadcast	{"{round 20 3  <nil>}": {"Key":"from","Type":15,"Integer":0,"String":"b","Interface":null}}
2025-08-15T22:13:43.071-0500	DEBUG	protocol/handler.go:596	round already finalized
2025-08-15T22:13:43.071-0500	DEBUG	protocol/handler.go:1649	have all messages and processed	{"{round 20 3  <nil>}": {"Key":"self","Type":15,"Integer":0,"String":"c","Interface":null}}
2025-08-15T22:13:43.071-0500	DEBUG	protocol/handler.go:596	round already finalized
2025-08-15T22:13:43.077-0500	DEBUG	protocol/handler.go:581	tryAdvanceRound called	{"{current_round 20 3  <nil>}": {"Key":"self","Type":15,"Integer":0,"String":"a","Interface":null}}
2025-08-15T22:13:43.077-0500	DEBUG	protocol/handler.go:1591	have processed broadcast	{"{round 20 3  <nil>}": {"Key":"from","Type":15,"Integer":0,"String":"b","Interface":null}}
2025-08-15T22:13:43.077-0500	DEBUG	protocol/handler.go:1591	have processed broadcast	{"{round 20 3  <nil>}": {"Key":"from","Type":15,"Integer":0,"String":"c","Interface":null}}
2025-08-15T22:13:43.077-0500	DEBUG	protocol/handler.go:1649	have all messages and processed	{"{round 20 3  <nil>}": {"Key":"self","Type":15,"Integer":0,"String":"a","Interface":null}}
2025-08-15T22:13:43.077-0500	DEBUG	protocol/handler.go:596	round already finalized
2025-08-15T22:13:43.080-0500	DEBUG	protocol/handler.go:581	tryAdvanceRound called	{"{current_round 20 3  <nil>}": {"Key":"self","Type":15,"Integer":0,"String":"b","Interface":null}}
2025-08-15T22:13:43.081-0500	DEBUG	protocol/handler.go:1591	have processed broadcast	{"{round 20 3  <nil>}": {"Key":"from","Type":15,"Integer":0,"String":"a","Interface":null}}
2025-08-15T22:13:43.081-0500	DEBUG	protocol/handler.go:1591	have processed broadcast	{"{round 20 3  <nil>}": {"Key":"from","Type":15,"Integer":0,"String":"c","Interface":null}}
2025-08-15T22:13:43.081-0500	DEBUG	protocol/handler.go:1649	have all messages and processed	{"{round 20 3  <nil>}": {"Key":"self","Type":15,"Integer":0,"String":"b","Interface":null}}
2025-08-15T22:13:43.081-0500	DEBUG	protocol/handler.go:596	round already finalized
2025-08-15T22:13:43.081-0500	DEBUG	protocol/handler.go:581	tryAdvanceRound called	{"{current_round 20 3  <nil>}": {"Key":"self","Type":15,"Integer":0,"String":"c","Interface":null}}
2025-08-15T22:13:43.081-0500	DEBUG	protocol/handler.go:1591	have processed broadcast	{"{round 20 3  <nil>}": {"Key":"from","Type":15,"Integer":0,"String":"a","Interface":null}}
2025-08-15T22:13:43.081-0500	DEBUG	protocol/handler.go:1591	have processed broadcast	{"{round 20 3  <nil>}": {"Key":"from","Type":15,"Integer":0,"String":"b","Interface":null}}
2025-08-15T22:13:43.081-0500	DEBUG	protocol/handler.go:1649	have all messages and processed	{"{round 20 3  <nil>}": {"Key":"self","Type":15,"Integer":0,"String":"c","Interface":null}}
2025-08-15T22:13:43.081-0500	DEBUG	protocol/handler.go:596	round already finalized
2025-08-15T22:13:43.086-0500	DEBUG	protocol/handler.go:581	tryAdvanceRound called	{"{current_round 20 3  <nil>}": {"Key":"self","Type":15,"Integer":0,"String":"a","Interface":null}}
2025-08-15T22:13:43.087-0500	DEBUG	protocol/handler.go:1591	have processed broadcast	{"{round 20 3  <nil>}": {"Key":"from","Type":15,"Integer":0,"String":"b","Interface":null}}
2025-08-15T22:13:43.087-0500	DEBUG	protocol/handler.go:1591	have processed broadcast	{"{round 20 3  <nil>}": {"Key":"from","Type":15,"Integer":0,"String":"c","Interface":null}}
2025-08-15T22:13:43.087-0500	DEBUG	protocol/handler.go:1649	have all messages and processed	{"{round 20 3  <nil>}": {"Key":"self","Type":15,"Integer":0,"String":"a","Interface":null}}
2025-08-15T22:13:43.087-0500	DEBUG	protocol/handler.go:596	round already finalized
2025-08-15T22:13:43.091-0500	DEBUG	protocol/handler.go:581	tryAdvanceRound called	{"{current_round 20 3  <nil>}": {"Key":"self","Type":15,"Integer":0,"String":"c","Interface":null}}
2025-08-15T22:13:43.091-0500	DEBUG	protocol/handler.go:581	tryAdvanceRound called	{"{current_round 20 3  <nil>}": {"Key":"self","Type":15,"Integer":0,"String":"b","Interface":null}}
2025-08-15T22:13:43.091-0500	DEBUG	protocol/handler.go:1591	have processed broadcast	{"{round 20 3  <nil>}": {"Key":"from","Type":15,"Integer":0,"String":"a","Interface":null}}
2025-08-15T22:13:43.091-0500	DEBUG	protocol/handler.go:1591	have processed broadcast	{"{round 20 3  <nil>}": {"Key":"from","Type":15,"Integer":0,"String":"a","Interface":null}}
2025-08-15T22:13:43.091-0500	DEBUG	protocol/handler.go:1591	have processed broadcast	{"{round 20 3  <nil>}": {"Key":"from","Type":15,"Integer":0,"String":"b","Interface":null}}
2025-08-15T22:13:43.091-0500	DEBUG	protocol/handler.go:1591	have processed broadcast	{"{round 20 3  <nil>}": {"Key":"from","Type":15,"Integer":0,"String":"c","Interface":null}}
2025-08-15T22:13:43.091-0500	DEBUG	protocol/handler.go:1649	have all messages and processed	{"{round 20 3  <nil>}": {"Key":"self","Type":15,"Integer":0,"String":"c","Interface":null}}
2025-08-15T22:13:43.091-0500	DEBUG	protocol/handler.go:1649	have all messages and processed	{"{round 20 3  <nil>}": {"Key":"self","Type":15,"Integer":0,"String":"b","Interface":null}}
2025-08-15T22:13:43.091-0500	DEBUG	protocol/handler.go:596	round already finalized
2025-08-15T22:13:43.091-0500	DEBUG	protocol/handler.go:596	round already finalized
2025-08-15T22:13:43.097-0500	DEBUG	protocol/handler.go:581	tryAdvanceRound called	{"{current_round 20 3  <nil>}": {"Key":"self","Type":15,"Integer":0,"String":"a","Interface":null}}
2025-08-15T22:13:43.097-0500	DEBUG	protocol/handler.go:1591	have processed broadcast	{"{round 20 3  <nil>}": {"Key":"from","Type":15,"Integer":0,"String":"b","Interface":null}}
2025-08-15T22:13:43.097-0500	DEBUG	protocol/handler.go:1591	have processed broadcast	{"{round 20 3  <nil>}": {"Key":"from","Type":15,"Integer":0,"String":"c","Interface":null}}
2025-08-15T22:13:43.097-0500	DEBUG	protocol/handler.go:1649	have all messages and processed	{"{round 20 3  <nil>}": {"Key":"self","Type":15,"Integer":0,"String":"a","Interface":null}}
2025-08-15T22:13:43.097-0500	DEBUG	protocol/handler.go:596	round already finalized
2025-08-15T22:13:43.101-0500	DEBUG	protocol/handler.go:581	tryAdvanceRound called	{"{current_round 20 3  <nil>}": {"Key":"self","Type":15,"Integer":0,"String":"b","Interface":null}}
2025-08-15T22:13:43.101-0500	DEBUG	protocol/handler.go:1591	have processed broadcast	{"{round 20 3  <nil>}": {"Key":"from","Type":15,"Integer":0,"String":"a","Interface":null}}
2025-08-15T22:13:43.101-0500	DEBUG	protocol/handler.go:1591	have processed broadcast	{"{round 20 3  <nil>}": {"Key":"from","Type":15,"Integer":0,"String":"c","Interface":null}}
2025-08-15T22:13:43.101-0500	DEBUG	protocol/handler.go:1649	have all messages and processed	{"{round 20 3  <nil>}": {"Key":"self","Type":15,"Integer":0,"String":"b","Interface":null}}
2025-08-15T22:13:43.101-0500	DEBUG	protocol/handler.go:581	tryAdvanceRound called	{"{current_round 20 3  <nil>}": {"Key":"self","Type":15,"Integer":0,"String":"c","Interface":null}}
2025-08-15T22:13:43.101-0500	DEBUG	protocol/handler.go:596	round already finalized
2025-08-15T22:13:43.101-0500	DEBUG	protocol/handler.go:1591	have processed broadcast	{"{round 20 3  <nil>}": {"Key":"from","Type":15,"Integer":0,"String":"a","Interface":null}}
2025-08-15T22:13:43.101-0500	DEBUG	protocol/handler.go:1591	have processed broadcast	{"{round 20 3  <nil>}": {"Key":"from","Type":15,"Integer":0,"String":"b","Interface":null}}
2025-08-15T22:13:43.101-0500	DEBUG	protocol/handler.go:1649	have all messages and processed	{"{round 20 3  <nil>}": {"Key":"self","Type":15,"Integer":0,"String":"c","Interface":null}}
2025-08-15T22:13:43.101-0500	DEBUG	protocol/handler.go:596	round already finalized
2025-08-15T22:13:43.107-0500	DEBUG	protocol/handler.go:581	tryAdvanceRound called	{"{current_round 20 3  <nil>}": {"Key":"self","Type":15,"Integer":0,"String":"a","Interface":null}}
2025-08-15T22:13:43.107-0500	DEBUG	protocol/handler.go:1591	have processed broadcast	{"{round 20 3  <nil>}": {"Key":"from","Type":15,"Integer":0,"String":"b","Interface":null}}
2025-08-15T22:13:43.107-0500	DEBUG	protocol/handler.go:1591	have processed broadcast	{"{round 20 3  <nil>}": {"Key":"from","Type":15,"Integer":0,"String":"c","Interface":null}}
2025-08-15T22:13:43.107-0500	DEBUG	protocol/handler.go:1649	have all messages and processed	{"{round 20 3  <nil>}": {"Key":"self","Type":15,"Integer":0,"String":"a","Interface":null}}
2025-08-15T22:13:43.107-0500	DEBUG	protocol/handler.go:596	round already finalized
2025-08-15T22:13:43.111-0500	DEBUG	protocol/handler.go:581	tryAdvanceRound called	{"{current_round 20 3  <nil>}": {"Key":"self","Type":15,"Integer":0,"String":"b","Interface":null}}
2025-08-15T22:13:43.111-0500	DEBUG	protocol/handler.go:581	tryAdvanceRound called	{"{current_round 20 3  <nil>}": {"Key":"self","Type":15,"Integer":0,"String":"c","Interface":null}}
2025-08-15T22:13:43.111-0500	DEBUG	protocol/handler.go:1591	have processed broadcast	{"{round 20 3  <nil>}": {"Key":"from","Type":15,"Integer":0,"String":"a","Interface":null}}
2025-08-15T22:13:43.111-0500	DEBUG	protocol/handler.go:1591	have processed broadcast	{"{round 20 3  <nil>}": {"Key":"from","Type":15,"Integer":0,"String":"a","Interface":null}}
2025-08-15T22:13:43.111-0500	DEBUG	protocol/handler.go:1591	have processed broadcast	{"{round 20 3  <nil>}": {"Key":"from","Type":15,"Integer":0,"String":"c","Interface":null}}
2025-08-15T22:13:43.111-0500	DEBUG	protocol/handler.go:1591	have processed broadcast	{"{round 20 3  <nil>}": {"Key":"from","Type":15,"Integer":0,"String":"b","Interface":null}}
2025-08-15T22:13:43.111-0500	DEBUG	protocol/handler.go:1649	have all messages and processed	{"{round 20 3  <nil>}": {"Key":"self","Type":15,"Integer":0,"String":"b","Interface":null}}
2025-08-15T22:13:43.111-0500	DEBUG	protocol/handler.go:1649	have all messages and processed	{"{round 20 3  <nil>}": {"Key":"self","Type":15,"Integer":0,"String":"c","Interface":null}}
2025-08-15T22:13:43.111-0500	DEBUG	protocol/handler.go:596	round already finalized
2025-08-15T22:13:43.111-0500	DEBUG	protocol/handler.go:596	round already finalized
2025-08-15T22:13:43.116-0500	DEBUG	protocol/handler.go:581	tryAdvanceRound called	{"{current_round 20 3  <nil>}": {"Key":"self","Type":15,"Integer":0,"String":"a","Interface":null}}
2025-08-15T22:13:43.117-0500	DEBUG	protocol/handler.go:1591	have processed broadcast	{"{round 20 3  <nil>}": {"Key":"from","Type":15,"Integer":0,"String":"b","Interface":null}}
2025-08-15T22:13:43.117-0500	DEBUG	protocol/handler.go:1591	have processed broadcast	{"{round 20 3  <nil>}": {"Key":"from","Type":15,"Integer":0,"String":"c","Interface":null}}
2025-08-15T22:13:43.117-0500	DEBUG	protocol/handler.go:1649	have all messages and processed	{"{round 20 3  <nil>}": {"Key":"self","Type":15,"Integer":0,"String":"a","Interface":null}}
2025-08-15T22:13:43.117-0500	DEBUG	protocol/handler.go:596	round already finalized
2025-08-15T22:13:43.121-0500	DEBUG	protocol/handler.go:581	tryAdvanceRound called	{"{current_round 20 3  <nil>}": {"Key":"self","Type":15,"Integer":0,"String":"b","Interface":null}}
2025-08-15T22:13:43.121-0500	DEBUG	protocol/handler.go:1591	have processed broadcast	{"{round 20 3  <nil>}": {"Key":"from","Type":15,"Integer":0,"String":"a","Interface":null}}
2025-08-15T22:13:43.121-0500	DEBUG	protocol/handler.go:1591	have processed broadcast	{"{round 20 3  <nil>}": {"Key":"from","Type":15,"Integer":0,"String":"c","Interface":null}}
2025-08-15T22:13:43.121-0500	DEBUG	protocol/handler.go:1649	have all messages and processed	{"{round 20 3  <nil>}": {"Key":"self","Type":15,"Integer":0,"String":"b","Interface":null}}
2025-08-15T22:13:43.121-0500	DEBUG	protocol/handler.go:596	round already finalized
2025-08-15T22:13:43.121-0500	DEBUG	protocol/handler.go:581	tryAdvanceRound called	{"{current_round 20 3  <nil>}": {"Key":"self","Type":15,"Integer":0,"String":"c","Interface":null}}
2025-08-15T22:13:43.121-0500	DEBUG	protocol/handler.go:1591	have processed broadcast	{"{round 20 3  <nil>}": {"Key":"from","Type":15,"Integer":0,"String":"a","Interface":null}}
2025-08-15T22:13:43.121-0500	DEBUG	protocol/handler.go:1591	have processed broadcast	{"{round 20 3  <nil>}": {"Key":"from","Type":15,"Integer":0,"String":"b","Interface":null}}
2025-08-15T22:13:43.121-0500	DEBUG	protocol/handler.go:1649	have all messages and processed	{"{round 20 3  <nil>}": {"Key":"self","Type":15,"Integer":0,"String":"c","Interface":null}}
2025-08-15T22:13:43.121-0500	DEBUG	protocol/handler.go:596	round already finalized
2025-08-15T22:13:43.127-0500	DEBUG	protocol/handler.go:581	tryAdvanceRound called	{"{current_round 20 3  <nil>}": {"Key":"self","Type":15,"Integer":0,"String":"a","Interface":null}}
2025-08-15T22:13:43.127-0500	DEBUG	protocol/handler.go:1591	have processed broadcast	{"{round 20 3  <nil>}": {"Key":"from","Type":15,"Integer":0,"String":"b","Interface":null}}
2025-08-15T22:13:43.127-0500	DEBUG	protocol/handler.go:1591	have processed broadcast	{"{round 20 3  <nil>}": {"Key":"from","Type":15,"Integer":0,"String":"c","Interface":null}}
2025-08-15T22:13:43.127-0500	DEBUG	protocol/handler.go:1649	have all messages and processed	{"{round 20 3  <nil>}": {"Key":"self","Type":15,"Integer":0,"String":"a","Interface":null}}
2025-08-15T22:13:43.127-0500	DEBUG	protocol/handler.go:596	round already finalized
2025-08-15T22:13:43.131-0500	DEBUG	protocol/handler.go:581	tryAdvanceRound called	{"{current_round 20 3  <nil>}": {"Key":"self","Type":15,"Integer":0,"String":"c","Interface":null}}
2025-08-15T22:13:43.131-0500	DEBUG	protocol/handler.go:1591	have processed broadcast	{"{round 20 3  <nil>}": {"Key":"from","Type":15,"Integer":0,"String":"a","Interface":null}}
2025-08-15T22:13:43.131-0500	DEBUG	protocol/handler.go:1591	have processed broadcast	{"{round 20 3  <nil>}": {"Key":"from","Type":15,"Integer":0,"String":"b","Interface":null}}
2025-08-15T22:13:43.131-0500	DEBUG	protocol/handler.go:1649	have all messages and processed	{"{round 20 3  <nil>}": {"Key":"self","Type":15,"Integer":0,"String":"c","Interface":null}}
2025-08-15T22:13:43.132-0500	DEBUG	protocol/handler.go:596	round already finalized
2025-08-15T22:13:43.132-0500	DEBUG	protocol/handler.go:581	tryAdvanceRound called	{"{current_round 20 3  <nil>}": {"Key":"self","Type":15,"Integer":0,"String":"b","Interface":null}}
2025-08-15T22:13:43.132-0500	DEBUG	protocol/handler.go:1591	have processed broadcast	{"{round 20 3  <nil>}": {"Key":"from","Type":15,"Integer":0,"String":"a","Interface":null}}
2025-08-15T22:13:43.132-0500	DEBUG	protocol/handler.go:1591	have processed broadcast	{"{round 20 3  <nil>}": {"Key":"from","Type":15,"Integer":0,"String":"c","Interface":null}}
2025-08-15T22:13:43.132-0500	DEBUG	protocol/handler.go:1649	have all messages and processed	{"{round 20 3  <nil>}": {"Key":"self","Type":15,"Integer":0,"String":"b","Interface":null}}
2025-08-15T22:13:43.132-0500	DEBUG	protocol/handler.go:596	round already finalized
2025-08-15T22:13:43.137-0500	DEBUG	protocol/handler.go:581	tryAdvanceRound called	{"{current_round 20 3  <nil>}": {"Key":"self","Type":15,"Integer":0,"String":"a","Interface":null}}
2025-08-15T22:13:43.137-0500	DEBUG	protocol/handler.go:1591	have processed broadcast	{"{round 20 3  <nil>}": {"Key":"from","Type":15,"Integer":0,"String":"b","Interface":null}}
2025-08-15T22:13:43.137-0500	DEBUG	protocol/handler.go:1591	have processed broadcast	{"{round 20 3  <nil>}": {"Key":"from","Type":15,"Integer":0,"String":"c","Interface":null}}
2025-08-15T22:13:43.137-0500	DEBUG	protocol/handler.go:1649	have all messages and processed	{"{round 20 3  <nil>}": {"Key":"self","Type":15,"Integer":0,"String":"a","Interface":null}}
2025-08-15T22:13:43.137-0500	DEBUG	protocol/handler.go:596	round already finalized
2025-08-15T22:13:43.141-0500	DEBUG	protocol/handler.go:581	tryAdvanceRound called	{"{current_round 20 3  <nil>}": {"Key":"self","Type":15,"Integer":0,"String":"b","Interface":null}}
2025-08-15T22:13:43.141-0500	DEBUG	protocol/handler.go:1591	have processed broadcast	{"{round 20 3  <nil>}": {"Key":"from","Type":15,"Integer":0,"String":"a","Interface":null}}
2025-08-15T22:13:43.141-0500	DEBUG	protocol/handler.go:1591	have processed broadcast	{"{round 20 3  <nil>}": {"Key":"from","Type":15,"Integer":0,"String":"c","Interface":null}}
2025-08-15T22:13:43.141-0500	DEBUG	protocol/handler.go:581	tryAdvanceRound called	{"{current_round 20 3  <nil>}": {"Key":"self","Type":15,"Integer":0,"String":"c","Interface":null}}
2025-08-15T22:13:43.141-0500	DEBUG	protocol/handler.go:1591	have processed broadcast	{"{round 20 3  <nil>}": {"Key":"from","Type":15,"Integer":0,"String":"a","Interface":null}}
2025-08-15T22:13:43.141-0500	DEBUG	protocol/handler.go:1649	have all messages and processed	{"{round 20 3  <nil>}": {"Key":"self","Type":15,"Integer":0,"String":"b","Interface":null}}
2025-08-15T22:13:43.141-0500	DEBUG	protocol/handler.go:1591	have processed broadcast	{"{round 20 3  <nil>}": {"Key":"from","Type":15,"Integer":0,"String":"b","Interface":null}}
2025-08-15T22:13:43.141-0500	DEBUG	protocol/handler.go:1649	have all messages and processed	{"{round 20 3  <nil>}": {"Key":"self","Type":15,"Integer":0,"String":"c","Interface":null}}
2025-08-15T22:13:43.141-0500	DEBUG	protocol/handler.go:596	round already finalized
2025-08-15T22:13:43.141-0500	DEBUG	protocol/handler.go:596	round already finalized
2025-08-15T22:13:43.147-0500	DEBUG	protocol/handler.go:581	tryAdvanceRound called	{"{current_round 20 3  <nil>}": {"Key":"self","Type":15,"Integer":0,"String":"a","Interface":null}}
2025-08-15T22:13:43.147-0500	DEBUG	protocol/handler.go:1591	have processed broadcast	{"{round 20 3  <nil>}": {"Key":"from","Type":15,"Integer":0,"String":"b","Interface":null}}
2025-08-15T22:13:43.147-0500	DEBUG	protocol/handler.go:1591	have processed broadcast	{"{round 20 3  <nil>}": {"Key":"from","Type":15,"Integer":0,"String":"c","Interface":null}}
2025-08-15T22:13:43.147-0500	DEBUG	protocol/handler.go:1649	have all messages and processed	{"{round 20 3  <nil>}": {"Key":"self","Type":15,"Integer":0,"String":"a","Interface":null}}
2025-08-15T22:13:43.147-0500	DEBUG	protocol/handler.go:596	round already finalized
2025-08-15T22:13:43.151-0500	DEBUG	protocol/handler.go:581	tryAdvanceRound called	{"{current_round 20 3  <nil>}": {"Key":"self","Type":15,"Integer":0,"String":"b","Interface":null}}
2025-08-15T22:13:43.151-0500	DEBUG	protocol/handler.go:581	tryAdvanceRound called	{"{current_round 20 3  <nil>}": {"Key":"self","Type":15,"Integer":0,"String":"c","Interface":null}}
2025-08-15T22:13:43.151-0500	DEBUG	protocol/handler.go:1591	have processed broadcast	{"{round 20 3  <nil>}": {"Key":"from","Type":15,"Integer":0,"String":"a","Interface":null}}
2025-08-15T22:13:43.151-0500	DEBUG	protocol/handler.go:1591	have processed broadcast	{"{round 20 3  <nil>}": {"Key":"from","Type":15,"Integer":0,"String":"a","Interface":null}}
2025-08-15T22:13:43.151-0500	DEBUG	protocol/handler.go:1591	have processed broadcast	{"{round 20 3  <nil>}": {"Key":"from","Type":15,"Integer":0,"String":"c","Interface":null}}
2025-08-15T22:13:43.151-0500	DEBUG	protocol/handler.go:1591	have processed broadcast	{"{round 20 3  <nil>}": {"Key":"from","Type":15,"Integer":0,"String":"b","Interface":null}}
2025-08-15T22:13:43.151-0500	DEBUG	protocol/handler.go:1649	have all messages and processed	{"{round 20 3  <nil>}": {"Key":"self","Type":15,"Integer":0,"String":"b","Interface":null}}
2025-08-15T22:13:43.151-0500	DEBUG	protocol/handler.go:1649	have all messages and processed	{"{round 20 3  <nil>}": {"Key":"self","Type":15,"Integer":0,"String":"c","Interface":null}}
2025-08-15T22:13:43.151-0500	DEBUG	protocol/handler.go:596	round already finalized
2025-08-15T22:13:43.151-0500	DEBUG	protocol/handler.go:596	round already finalized
2025-08-15T22:13:43.157-0500	DEBUG	protocol/handler.go:581	tryAdvanceRound called	{"{current_round 20 3  <nil>}": {"Key":"self","Type":15,"Integer":0,"String":"a","Interface":null}}
2025-08-15T22:13:43.157-0500	DEBUG	protocol/handler.go:1591	have processed broadcast	{"{round 20 3  <nil>}": {"Key":"from","Type":15,"Integer":0,"String":"b","Interface":null}}
2025-08-15T22:13:43.157-0500	DEBUG	protocol/handler.go:1591	have processed broadcast	{"{round 20 3  <nil>}": {"Key":"from","Type":15,"Integer":0,"String":"c","Interface":null}}
2025-08-15T22:13:43.157-0500	DEBUG	protocol/handler.go:1649	have all messages and processed	{"{round 20 3  <nil>}": {"Key":"self","Type":15,"Integer":0,"String":"a","Interface":null}}
2025-08-15T22:13:43.157-0500	DEBUG	protocol/handler.go:596	round already finalized
2025-08-15T22:13:43.161-0500	DEBUG	protocol/handler.go:581	tryAdvanceRound called	{"{current_round 20 3  <nil>}": {"Key":"self","Type":15,"Integer":0,"String":"b","Interface":null}}
2025-08-15T22:13:43.161-0500	DEBUG	protocol/handler.go:1591	have processed broadcast	{"{round 20 3  <nil>}": {"Key":"from","Type":15,"Integer":0,"String":"a","Interface":null}}
2025-08-15T22:13:43.161-0500	DEBUG	protocol/handler.go:1591	have processed broadcast	{"{round 20 3  <nil>}": {"Key":"from","Type":15,"Integer":0,"String":"c","Interface":null}}
2025-08-15T22:13:43.161-0500	DEBUG	protocol/handler.go:1649	have all messages and processed	{"{round 20 3  <nil>}": {"Key":"self","Type":15,"Integer":0,"String":"b","Interface":null}}
2025-08-15T22:13:43.161-0500	DEBUG	protocol/handler.go:596	round already finalized
2025-08-15T22:13:43.161-0500	DEBUG	protocol/handler.go:581	tryAdvanceRound called	{"{current_round 20 3  <nil>}": {"Key":"self","Type":15,"Integer":0,"String":"c","Interface":null}}
2025-08-15T22:13:43.161-0500	DEBUG	protocol/handler.go:1591	have processed broadcast	{"{round 20 3  <nil>}": {"Key":"from","Type":15,"Integer":0,"String":"a","Interface":null}}
2025-08-15T22:13:43.161-0500	DEBUG	protocol/handler.go:1591	have processed broadcast	{"{round 20 3  <nil>}": {"Key":"from","Type":15,"Integer":0,"String":"b","Interface":null}}
2025-08-15T22:13:43.161-0500	DEBUG	protocol/handler.go:1649	have all messages and processed	{"{round 20 3  <nil>}": {"Key":"self","Type":15,"Integer":0,"String":"c","Interface":null}}
2025-08-15T22:13:43.161-0500	DEBUG	protocol/handler.go:596	round already finalized
2025-08-15T22:13:43.167-0500	DEBUG	protocol/handler.go:581	tryAdvanceRound called	{"{current_round 20 3  <nil>}": {"Key":"self","Type":15,"Integer":0,"String":"a","Interface":null}}
2025-08-15T22:13:43.167-0500	DEBUG	protocol/handler.go:1591	have processed broadcast	{"{round 20 3  <nil>}": {"Key":"from","Type":15,"Integer":0,"String":"b","Interface":null}}
2025-08-15T22:13:43.167-0500	DEBUG	protocol/handler.go:1591	have processed broadcast	{"{round 20 3  <nil>}": {"Key":"from","Type":15,"Integer":0,"String":"c","Interface":null}}
2025-08-15T22:13:43.167-0500	DEBUG	protocol/handler.go:1649	have all messages and processed	{"{round 20 3  <nil>}": {"Key":"self","Type":15,"Integer":0,"String":"a","Interface":null}}
2025-08-15T22:13:43.167-0500	DEBUG	protocol/handler.go:596	round already finalized
2025-08-15T22:13:43.171-0500	DEBUG	protocol/handler.go:581	tryAdvanceRound called	{"{current_round 20 3  <nil>}": {"Key":"self","Type":15,"Integer":0,"String":"b","Interface":null}}
2025-08-15T22:13:43.171-0500	DEBUG	protocol/handler.go:1591	have processed broadcast	{"{round 20 3  <nil>}": {"Key":"from","Type":15,"Integer":0,"String":"a","Interface":null}}
2025-08-15T22:13:43.171-0500	DEBUG	protocol/handler.go:1591	have processed broadcast	{"{round 20 3  <nil>}": {"Key":"from","Type":15,"Integer":0,"String":"c","Interface":null}}
2025-08-15T22:13:43.171-0500	DEBUG	protocol/handler.go:1649	have all messages and processed	{"{round 20 3  <nil>}": {"Key":"self","Type":15,"Integer":0,"String":"b","Interface":null}}
2025-08-15T22:13:43.171-0500	DEBUG	protocol/handler.go:596	round already finalized
2025-08-15T22:13:43.171-0500	DEBUG	protocol/handler.go:581	tryAdvanceRound called	{"{current_round 20 3  <nil>}": {"Key":"self","Type":15,"Integer":0,"String":"c","Interface":null}}
2025-08-15T22:13:43.171-0500	DEBUG	protocol/handler.go:1591	have processed broadcast	{"{round 20 3  <nil>}": {"Key":"from","Type":15,"Integer":0,"String":"a","Interface":null}}
2025-08-15T22:13:43.171-0500	DEBUG	protocol/handler.go:1591	have processed broadcast	{"{round 20 3  <nil>}": {"Key":"from","Type":15,"Integer":0,"String":"b","Interface":null}}
2025-08-15T22:13:43.171-0500	DEBUG	protocol/handler.go:1649	have all messages and processed	{"{round 20 3  <nil>}": {"Key":"self","Type":15,"Integer":0,"String":"c","Interface":null}}
2025-08-15T22:13:43.171-0500	DEBUG	protocol/handler.go:596	round already finalized
2025-08-15T22:13:43.177-0500	DEBUG	protocol/handler.go:581	tryAdvanceRound called	{"{current_round 20 3  <nil>}": {"Key":"self","Type":15,"Integer":0,"String":"a","Interface":null}}
2025-08-15T22:13:43.177-0500	DEBUG	protocol/handler.go:1591	have processed broadcast	{"{round 20 3  <nil>}": {"Key":"from","Type":15,"Integer":0,"String":"b","Interface":null}}
2025-08-15T22:13:43.177-0500	DEBUG	protocol/handler.go:1591	have processed broadcast	{"{round 20 3  <nil>}": {"Key":"from","Type":15,"Integer":0,"String":"c","Interface":null}}
2025-08-15T22:13:43.177-0500	DEBUG	protocol/handler.go:1649	have all messages and processed	{"{round 20 3  <nil>}": {"Key":"self","Type":15,"Integer":0,"String":"a","Interface":null}}
2025-08-15T22:13:43.177-0500	DEBUG	protocol/handler.go:596	round already finalized
2025-08-15T22:13:43.181-0500	DEBUG	protocol/handler.go:581	tryAdvanceRound called	{"{current_round 20 3  <nil>}": {"Key":"self","Type":15,"Integer":0,"String":"b","Interface":null}}
2025-08-15T22:13:43.181-0500	DEBUG	protocol/handler.go:1591	have processed broadcast	{"{round 20 3  <nil>}": {"Key":"from","Type":15,"Integer":0,"String":"a","Interface":null}}
2025-08-15T22:13:43.181-0500	DEBUG	protocol/handler.go:581	tryAdvanceRound called	{"{current_round 20 3  <nil>}": {"Key":"self","Type":15,"Integer":0,"String":"c","Interface":null}}
2025-08-15T22:13:43.181-0500	DEBUG	protocol/handler.go:1591	have processed broadcast	{"{round 20 3  <nil>}": {"Key":"from","Type":15,"Integer":0,"String":"c","Interface":null}}
2025-08-15T22:13:43.181-0500	DEBUG	protocol/handler.go:1649	have all messages and processed	{"{round 20 3  <nil>}": {"Key":"self","Type":15,"Integer":0,"String":"b","Interface":null}}
2025-08-15T22:13:43.181-0500	DEBUG	protocol/handler.go:596	round already finalized
2025-08-15T22:13:43.181-0500	DEBUG	protocol/handler.go:1591	have processed broadcast	{"{round 20 3  <nil>}": {"Key":"from","Type":15,"Integer":0,"String":"a","Interface":null}}
2025-08-15T22:13:43.181-0500	DEBUG	protocol/handler.go:1591	have processed broadcast	{"{round 20 3  <nil>}": {"Key":"from","Type":15,"Integer":0,"String":"b","Interface":null}}
2025-08-15T22:13:43.181-0500	DEBUG	protocol/handler.go:1649	have all messages and processed	{"{round 20 3  <nil>}": {"Key":"self","Type":15,"Integer":0,"String":"c","Interface":null}}
2025-08-15T22:13:43.181-0500	DEBUG	protocol/handler.go:596	round already finalized
2025-08-15T22:13:43.187-0500	DEBUG	protocol/handler.go:581	tryAdvanceRound called	{"{current_round 20 3  <nil>}": {"Key":"self","Type":15,"Integer":0,"String":"a","Interface":null}}
2025-08-15T22:13:43.187-0500	DEBUG	protocol/handler.go:1591	have processed broadcast	{"{round 20 3  <nil>}": {"Key":"from","Type":15,"Integer":0,"String":"b","Interface":null}}
2025-08-15T22:13:43.187-0500	DEBUG	protocol/handler.go:1591	have processed broadcast	{"{round 20 3  <nil>}": {"Key":"from","Type":15,"Integer":0,"String":"c","Interface":null}}
2025-08-15T22:13:43.187-0500	DEBUG	protocol/handler.go:1649	have all messages and processed	{"{round 20 3  <nil>}": {"Key":"self","Type":15,"Integer":0,"String":"a","Interface":null}}
2025-08-15T22:13:43.187-0500	DEBUG	protocol/handler.go:596	round already finalized
2025-08-15T22:13:43.191-0500	DEBUG	protocol/handler.go:581	tryAdvanceRound called	{"{current_round 20 3  <nil>}": {"Key":"self","Type":15,"Integer":0,"String":"c","Interface":null}}
2025-08-15T22:13:43.191-0500	DEBUG	protocol/handler.go:1591	have processed broadcast	{"{round 20 3  <nil>}": {"Key":"from","Type":15,"Integer":0,"String":"a","Interface":null}}
2025-08-15T22:13:43.191-0500	DEBUG	protocol/handler.go:1591	have processed broadcast	{"{round 20 3  <nil>}": {"Key":"from","Type":15,"Integer":0,"String":"b","Interface":null}}
2025-08-15T22:13:43.191-0500	DEBUG	protocol/handler.go:1649	have all messages and processed	{"{round 20 3  <nil>}": {"Key":"self","Type":15,"Integer":0,"String":"c","Interface":null}}
2025-08-15T22:13:43.191-0500	DEBUG	protocol/handler.go:596	round already finalized
2025-08-15T22:13:43.191-0500	DEBUG	protocol/handler.go:581	tryAdvanceRound called	{"{current_round 20 3  <nil>}": {"Key":"self","Type":15,"Integer":0,"String":"b","Interface":null}}
2025-08-15T22:13:43.192-0500	DEBUG	protocol/handler.go:1591	have processed broadcast	{"{round 20 3  <nil>}": {"Key":"from","Type":15,"Integer":0,"String":"a","Interface":null}}
2025-08-15T22:13:43.192-0500	DEBUG	protocol/handler.go:1591	have processed broadcast	{"{round 20 3  <nil>}": {"Key":"from","Type":15,"Integer":0,"String":"c","Interface":null}}
2025-08-15T22:13:43.192-0500	DEBUG	protocol/handler.go:1649	have all messages and processed	{"{round 20 3  <nil>}": {"Key":"self","Type":15,"Integer":0,"String":"b","Interface":null}}
2025-08-15T22:13:43.192-0500	DEBUG	protocol/handler.go:596	round already finalized
2025-08-15T22:13:43.197-0500	DEBUG	protocol/handler.go:581	tryAdvanceRound called	{"{current_round 20 3  <nil>}": {"Key":"self","Type":15,"Integer":0,"String":"a","Interface":null}}
2025-08-15T22:13:43.197-0500	DEBUG	protocol/handler.go:1591	have processed broadcast	{"{round 20 3  <nil>}": {"Key":"from","Type":15,"Integer":0,"String":"b","Interface":null}}
2025-08-15T22:13:43.197-0500	DEBUG	protocol/handler.go:1591	have processed broadcast	{"{round 20 3  <nil>}": {"Key":"from","Type":15,"Integer":0,"String":"c","Interface":null}}
2025-08-15T22:13:43.197-0500	DEBUG	protocol/handler.go:1649	have all messages and processed	{"{round 20 3  <nil>}": {"Key":"self","Type":15,"Integer":0,"String":"a","Interface":null}}
2025-08-15T22:13:43.197-0500	DEBUG	protocol/handler.go:596	round already finalized
2025-08-15T22:13:43.201-0500	DEBUG	protocol/handler.go:581	tryAdvanceRound called	{"{current_round 20 3  <nil>}": {"Key":"self","Type":15,"Integer":0,"String":"b","Interface":null}}
2025-08-15T22:13:43.201-0500	DEBUG	protocol/handler.go:581	tryAdvanceRound called	{"{current_round 20 3  <nil>}": {"Key":"self","Type":15,"Integer":0,"String":"c","Interface":null}}
2025-08-15T22:13:43.201-0500	DEBUG	protocol/handler.go:1591	have processed broadcast	{"{round 20 3  <nil>}": {"Key":"from","Type":15,"Integer":0,"String":"a","Interface":null}}
2025-08-15T22:13:43.201-0500	DEBUG	protocol/handler.go:1591	have processed broadcast	{"{round 20 3  <nil>}": {"Key":"from","Type":15,"Integer":0,"String":"a","Interface":null}}
2025-08-15T22:13:43.201-0500	DEBUG	protocol/handler.go:1591	have processed broadcast	{"{round 20 3  <nil>}": {"Key":"from","Type":15,"Integer":0,"String":"c","Interface":null}}
2025-08-15T22:13:43.201-0500	DEBUG	protocol/handler.go:1591	have processed broadcast	{"{round 20 3  <nil>}": {"Key":"from","Type":15,"Integer":0,"String":"b","Interface":null}}
2025-08-15T22:13:43.201-0500	DEBUG	protocol/handler.go:1649	have all messages and processed	{"{round 20 3  <nil>}": {"Key":"self","Type":15,"Integer":0,"String":"b","Interface":null}}
2025-08-15T22:13:43.201-0500	DEBUG	protocol/handler.go:1649	have all messages and processed	{"{round 20 3  <nil>}": {"Key":"self","Type":15,"Integer":0,"String":"c","Interface":null}}
2025-08-15T22:13:43.201-0500	DEBUG	protocol/handler.go:596	round already finalized
2025-08-15T22:13:43.201-0500	DEBUG	protocol/handler.go:596	round already finalized
2025-08-15T22:13:43.207-0500	DEBUG	protocol/handler.go:581	tryAdvanceRound called	{"{current_round 20 3  <nil>}": {"Key":"self","Type":15,"Integer":0,"String":"a","Interface":null}}
2025-08-15T22:13:43.207-0500	DEBUG	protocol/handler.go:1591	have processed broadcast	{"{round 20 3  <nil>}": {"Key":"from","Type":15,"Integer":0,"String":"b","Interface":null}}
2025-08-15T22:13:43.207-0500	DEBUG	protocol/handler.go:1591	have processed broadcast	{"{round 20 3  <nil>}": {"Key":"from","Type":15,"Integer":0,"String":"c","Interface":null}}
2025-08-15T22:13:43.207-0500	DEBUG	protocol/handler.go:1649	have all messages and processed	{"{round 20 3  <nil>}": {"Key":"self","Type":15,"Integer":0,"String":"a","Interface":null}}
2025-08-15T22:13:43.207-0500	DEBUG	protocol/handler.go:596	round already finalized
2025-08-15T22:13:43.211-0500	DEBUG	protocol/handler.go:581	tryAdvanceRound called	{"{current_round 20 3  <nil>}": {"Key":"self","Type":15,"Integer":0,"String":"b","Interface":null}}
2025-08-15T22:13:43.211-0500	DEBUG	protocol/handler.go:581	tryAdvanceRound called	{"{current_round 20 3  <nil>}": {"Key":"self","Type":15,"Integer":0,"String":"c","Interface":null}}
2025-08-15T22:13:43.211-0500	DEBUG	protocol/handler.go:1591	have processed broadcast	{"{round 20 3  <nil>}": {"Key":"from","Type":15,"Integer":0,"String":"a","Interface":null}}
2025-08-15T22:13:43.211-0500	DEBUG	protocol/handler.go:1591	have processed broadcast	{"{round 20 3  <nil>}": {"Key":"from","Type":15,"Integer":0,"String":"a","Interface":null}}
2025-08-15T22:13:43.211-0500	DEBUG	protocol/handler.go:1591	have processed broadcast	{"{round 20 3  <nil>}": {"Key":"from","Type":15,"Integer":0,"String":"c","Interface":null}}
2025-08-15T22:13:43.211-0500	DEBUG	protocol/handler.go:1649	have all messages and processed	{"{round 20 3  <nil>}": {"Key":"self","Type":15,"Integer":0,"String":"b","Interface":null}}
2025-08-15T22:13:43.211-0500	DEBUG	protocol/handler.go:1591	have processed broadcast	{"{round 20 3  <nil>}": {"Key":"from","Type":15,"Integer":0,"String":"b","Interface":null}}
2025-08-15T22:13:43.211-0500	DEBUG	protocol/handler.go:596	round already finalized
2025-08-15T22:13:43.211-0500	DEBUG	protocol/handler.go:1649	have all messages and processed	{"{round 20 3  <nil>}": {"Key":"self","Type":15,"Integer":0,"String":"c","Interface":null}}
2025-08-15T22:13:43.211-0500	DEBUG	protocol/handler.go:596	round already finalized
2025-08-15T22:13:43.217-0500	DEBUG	protocol/handler.go:581	tryAdvanceRound called	{"{current_round 20 3  <nil>}": {"Key":"self","Type":15,"Integer":0,"String":"a","Interface":null}}
2025-08-15T22:13:43.217-0500	DEBUG	protocol/handler.go:1591	have processed broadcast	{"{round 20 3  <nil>}": {"Key":"from","Type":15,"Integer":0,"String":"b","Interface":null}}
2025-08-15T22:13:43.217-0500	DEBUG	protocol/handler.go:1591	have processed broadcast	{"{round 20 3  <nil>}": {"Key":"from","Type":15,"Integer":0,"String":"c","Interface":null}}
2025-08-15T22:13:43.217-0500	DEBUG	protocol/handler.go:1649	have all messages and processed	{"{round 20 3  <nil>}": {"Key":"self","Type":15,"Integer":0,"String":"a","Interface":null}}
2025-08-15T22:13:43.217-0500	DEBUG	protocol/handler.go:596	round already finalized
2025-08-15T22:13:43.221-0500	DEBUG	protocol/handler.go:581	tryAdvanceRound called	{"{current_round 20 3  <nil>}": {"Key":"self","Type":15,"Integer":0,"String":"b","Interface":null}}
2025-08-15T22:13:43.221-0500	DEBUG	protocol/handler.go:581	tryAdvanceRound called	{"{current_round 20 3  <nil>}": {"Key":"self","Type":15,"Integer":0,"String":"c","Interface":null}}
2025-08-15T22:13:43.221-0500	DEBUG	protocol/handler.go:1591	have processed broadcast	{"{round 20 3  <nil>}": {"Key":"from","Type":15,"Integer":0,"String":"a","Interface":null}}
2025-08-15T22:13:43.221-0500	DEBUG	protocol/handler.go:1591	have processed broadcast	{"{round 20 3  <nil>}": {"Key":"from","Type":15,"Integer":0,"String":"c","Interface":null}}
2025-08-15T22:13:43.221-0500	DEBUG	protocol/handler.go:1591	have processed broadcast	{"{round 20 3  <nil>}": {"Key":"from","Type":15,"Integer":0,"String":"a","Interface":null}}
2025-08-15T22:13:43.221-0500	DEBUG	protocol/handler.go:1649	have all messages and processed	{"{round 20 3  <nil>}": {"Key":"self","Type":15,"Integer":0,"String":"b","Interface":null}}
2025-08-15T22:13:43.221-0500	DEBUG	protocol/handler.go:1591	have processed broadcast	{"{round 20 3  <nil>}": {"Key":"from","Type":15,"Integer":0,"String":"b","Interface":null}}
2025-08-15T22:13:43.221-0500	DEBUG	protocol/handler.go:596	round already finalized
2025-08-15T22:13:43.221-0500	DEBUG	protocol/handler.go:1649	have all messages and processed	{"{round 20 3  <nil>}": {"Key":"self","Type":15,"Integer":0,"String":"c","Interface":null}}
2025-08-15T22:13:43.221-0500	DEBUG	protocol/handler.go:596	round already finalized
2025-08-15T22:13:43.227-0500	DEBUG	protocol/handler.go:581	tryAdvanceRound called	{"{current_round 20 3  <nil>}": {"Key":"self","Type":15,"Integer":0,"String":"a","Interface":null}}
2025-08-15T22:13:43.227-0500	DEBUG	protocol/handler.go:1591	have processed broadcast	{"{round 20 3  <nil>}": {"Key":"from","Type":15,"Integer":0,"String":"b","Interface":null}}
2025-08-15T22:13:43.227-0500	DEBUG	protocol/handler.go:1591	have processed broadcast	{"{round 20 3  <nil>}": {"Key":"from","Type":15,"Integer":0,"String":"c","Interface":null}}
2025-08-15T22:13:43.227-0500	DEBUG	protocol/handler.go:1649	have all messages and processed	{"{round 20 3  <nil>}": {"Key":"self","Type":15,"Integer":0,"String":"a","Interface":null}}
2025-08-15T22:13:43.227-0500	DEBUG	protocol/handler.go:596	round already finalized
2025-08-15T22:13:43.231-0500	DEBUG	protocol/handler.go:581	tryAdvanceRound called	{"{current_round 20 3  <nil>}": {"Key":"self","Type":15,"Integer":0,"String":"b","Interface":null}}
2025-08-15T22:13:43.231-0500	DEBUG	protocol/handler.go:1591	have processed broadcast	{"{round 20 3  <nil>}": {"Key":"from","Type":15,"Integer":0,"String":"a","Interface":null}}
2025-08-15T22:13:43.231-0500	DEBUG	protocol/handler.go:1591	have processed broadcast	{"{round 20 3  <nil>}": {"Key":"from","Type":15,"Integer":0,"String":"c","Interface":null}}
2025-08-15T22:13:43.231-0500	DEBUG	protocol/handler.go:1649	have all messages and processed	{"{round 20 3  <nil>}": {"Key":"self","Type":15,"Integer":0,"String":"b","Interface":null}}
2025-08-15T22:13:43.231-0500	DEBUG	protocol/handler.go:596	round already finalized
2025-08-15T22:13:43.231-0500	DEBUG	protocol/handler.go:581	tryAdvanceRound called	{"{current_round 20 3  <nil>}": {"Key":"self","Type":15,"Integer":0,"String":"c","Interface":null}}
2025-08-15T22:13:43.231-0500	DEBUG	protocol/handler.go:1591	have processed broadcast	{"{round 20 3  <nil>}": {"Key":"from","Type":15,"Integer":0,"String":"a","Interface":null}}
2025-08-15T22:13:43.231-0500	DEBUG	protocol/handler.go:1591	have processed broadcast	{"{round 20 3  <nil>}": {"Key":"from","Type":15,"Integer":0,"String":"b","Interface":null}}
2025-08-15T22:13:43.231-0500	DEBUG	protocol/handler.go:1649	have all messages and processed	{"{round 20 3  <nil>}": {"Key":"self","Type":15,"Integer":0,"String":"c","Interface":null}}
2025-08-15T22:13:43.231-0500	DEBUG	protocol/handler.go:596	round already finalized
2025-08-15T22:13:43.237-0500	DEBUG	protocol/handler.go:581	tryAdvanceRound called	{"{current_round 20 3  <nil>}": {"Key":"self","Type":15,"Integer":0,"String":"a","Interface":null}}
2025-08-15T22:13:43.237-0500	DEBUG	protocol/handler.go:1591	have processed broadcast	{"{round 20 3  <nil>}": {"Key":"from","Type":15,"Integer":0,"String":"b","Interface":null}}
2025-08-15T22:13:43.237-0500	DEBUG	protocol/handler.go:1591	have processed broadcast	{"{round 20 3  <nil>}": {"Key":"from","Type":15,"Integer":0,"String":"c","Interface":null}}
2025-08-15T22:13:43.237-0500	DEBUG	protocol/handler.go:1649	have all messages and processed	{"{round 20 3  <nil>}": {"Key":"self","Type":15,"Integer":0,"String":"a","Interface":null}}
2025-08-15T22:13:43.237-0500	DEBUG	protocol/handler.go:596	round already finalized
2025-08-15T22:13:43.241-0500	DEBUG	protocol/handler.go:581	tryAdvanceRound called	{"{current_round 20 3  <nil>}": {"Key":"self","Type":15,"Integer":0,"String":"b","Interface":null}}
2025-08-15T22:13:43.241-0500	DEBUG	protocol/handler.go:1591	have processed broadcast	{"{round 20 3  <nil>}": {"Key":"from","Type":15,"Integer":0,"String":"a","Interface":null}}
2025-08-15T22:13:43.241-0500	DEBUG	protocol/handler.go:1591	have processed broadcast	{"{round 20 3  <nil>}": {"Key":"from","Type":15,"Integer":0,"String":"c","Interface":null}}
2025-08-15T22:13:43.241-0500	DEBUG	protocol/handler.go:581	tryAdvanceRound called	{"{current_round 20 3  <nil>}": {"Key":"self","Type":15,"Integer":0,"String":"c","Interface":null}}
2025-08-15T22:13:43.241-0500	DEBUG	protocol/handler.go:1649	have all messages and processed	{"{round 20 3  <nil>}": {"Key":"self","Type":15,"Integer":0,"String":"b","Interface":null}}
2025-08-15T22:13:43.241-0500	DEBUG	protocol/handler.go:596	round already finalized
2025-08-15T22:13:43.241-0500	DEBUG	protocol/handler.go:1591	have processed broadcast	{"{round 20 3  <nil>}": {"Key":"from","Type":15,"Integer":0,"String":"a","Interface":null}}
2025-08-15T22:13:43.241-0500	DEBUG	protocol/handler.go:1591	have processed broadcast	{"{round 20 3  <nil>}": {"Key":"from","Type":15,"Integer":0,"String":"b","Interface":null}}
2025-08-15T22:13:43.241-0500	DEBUG	protocol/handler.go:1649	have all messages and processed	{"{round 20 3  <nil>}": {"Key":"self","Type":15,"Integer":0,"String":"c","Interface":null}}
2025-08-15T22:13:43.241-0500	DEBUG	protocol/handler.go:596	round already finalized
2025-08-15T22:13:43.247-0500	DEBUG	protocol/handler.go:581	tryAdvanceRound called	{"{current_round 20 3  <nil>}": {"Key":"self","Type":15,"Integer":0,"String":"a","Interface":null}}
2025-08-15T22:13:43.247-0500	DEBUG	protocol/handler.go:1591	have processed broadcast	{"{round 20 3  <nil>}": {"Key":"from","Type":15,"Integer":0,"String":"b","Interface":null}}
2025-08-15T22:13:43.247-0500	DEBUG	protocol/handler.go:1591	have processed broadcast	{"{round 20 3  <nil>}": {"Key":"from","Type":15,"Integer":0,"String":"c","Interface":null}}
2025-08-15T22:13:43.247-0500	DEBUG	protocol/handler.go:1649	have all messages and processed	{"{round 20 3  <nil>}": {"Key":"self","Type":15,"Integer":0,"String":"a","Interface":null}}
2025-08-15T22:13:43.247-0500	DEBUG	protocol/handler.go:596	round already finalized
2025-08-15T22:13:43.251-0500	DEBUG	protocol/handler.go:581	tryAdvanceRound called	{"{current_round 20 3  <nil>}": {"Key":"self","Type":15,"Integer":0,"String":"c","Interface":null}}
2025-08-15T22:13:43.251-0500	DEBUG	protocol/handler.go:581	tryAdvanceRound called	{"{current_round 20 3  <nil>}": {"Key":"self","Type":15,"Integer":0,"String":"b","Interface":null}}
2025-08-15T22:13:43.251-0500	DEBUG	protocol/handler.go:1591	have processed broadcast	{"{round 20 3  <nil>}": {"Key":"from","Type":15,"Integer":0,"String":"a","Interface":null}}
2025-08-15T22:13:43.251-0500	DEBUG	protocol/handler.go:1591	have processed broadcast	{"{round 20 3  <nil>}": {"Key":"from","Type":15,"Integer":0,"String":"a","Interface":null}}
2025-08-15T22:13:43.251-0500	DEBUG	protocol/handler.go:1591	have processed broadcast	{"{round 20 3  <nil>}": {"Key":"from","Type":15,"Integer":0,"String":"b","Interface":null}}
2025-08-15T22:13:43.251-0500	DEBUG	protocol/handler.go:1649	have all messages and processed	{"{round 20 3  <nil>}": {"Key":"self","Type":15,"Integer":0,"String":"c","Interface":null}}
2025-08-15T22:13:43.251-0500	DEBUG	protocol/handler.go:1591	have processed broadcast	{"{round 20 3  <nil>}": {"Key":"from","Type":15,"Integer":0,"String":"c","Interface":null}}
2025-08-15T22:13:43.251-0500	DEBUG	protocol/handler.go:596	round already finalized
2025-08-15T22:13:43.251-0500	DEBUG	protocol/handler.go:1649	have all messages and processed	{"{round 20 3  <nil>}": {"Key":"self","Type":15,"Integer":0,"String":"b","Interface":null}}
2025-08-15T22:13:43.251-0500	DEBUG	protocol/handler.go:596	round already finalized
2025-08-15T22:13:43.258-0500	DEBUG	protocol/handler.go:581	tryAdvanceRound called	{"{current_round 20 3  <nil>}": {"Key":"self","Type":15,"Integer":0,"String":"a","Interface":null}}
2025-08-15T22:13:43.258-0500	DEBUG	protocol/handler.go:1591	have processed broadcast	{"{round 20 3  <nil>}": {"Key":"from","Type":15,"Integer":0,"String":"b","Interface":null}}
2025-08-15T22:13:43.258-0500	DEBUG	protocol/handler.go:1591	have processed broadcast	{"{round 20 3  <nil>}": {"Key":"from","Type":15,"Integer":0,"String":"c","Interface":null}}
2025-08-15T22:13:43.258-0500	DEBUG	protocol/handler.go:1649	have all messages and processed	{"{round 20 3  <nil>}": {"Key":"self","Type":15,"Integer":0,"String":"a","Interface":null}}
2025-08-15T22:13:43.258-0500	DEBUG	protocol/handler.go:596	round already finalized
2025-08-15T22:13:43.261-0500	DEBUG	protocol/handler.go:581	tryAdvanceRound called	{"{current_round 20 3  <nil>}": {"Key":"self","Type":15,"Integer":0,"String":"b","Interface":null}}
2025-08-15T22:13:43.261-0500	DEBUG	protocol/handler.go:581	tryAdvanceRound called	{"{current_round 20 3  <nil>}": {"Key":"self","Type":15,"Integer":0,"String":"c","Interface":null}}
2025-08-15T22:13:43.261-0500	DEBUG	protocol/handler.go:1591	have processed broadcast	{"{round 20 3  <nil>}": {"Key":"from","Type":15,"Integer":0,"String":"a","Interface":null}}
2025-08-15T22:13:43.261-0500	DEBUG	protocol/handler.go:1591	have processed broadcast	{"{round 20 3  <nil>}": {"Key":"from","Type":15,"Integer":0,"String":"c","Interface":null}}
2025-08-15T22:13:43.261-0500	DEBUG	protocol/handler.go:1591	have processed broadcast	{"{round 20 3  <nil>}": {"Key":"from","Type":15,"Integer":0,"String":"a","Interface":null}}
2025-08-15T22:13:43.261-0500	DEBUG	protocol/handler.go:1649	have all messages and processed	{"{round 20 3  <nil>}": {"Key":"self","Type":15,"Integer":0,"String":"b","Interface":null}}
2025-08-15T22:13:43.262-0500	DEBUG	protocol/handler.go:596	round already finalized
2025-08-15T22:13:43.261-0500	DEBUG	protocol/handler.go:1591	have processed broadcast	{"{round 20 3  <nil>}": {"Key":"from","Type":15,"Integer":0,"String":"b","Interface":null}}
2025-08-15T22:13:43.262-0500	DEBUG	protocol/handler.go:1649	have all messages and processed	{"{round 20 3  <nil>}": {"Key":"self","Type":15,"Integer":0,"String":"c","Interface":null}}
2025-08-15T22:13:43.262-0500	DEBUG	protocol/handler.go:596	round already finalized
2025-08-15T22:13:43.267-0500	DEBUG	protocol/handler.go:581	tryAdvanceRound called	{"{current_round 20 3  <nil>}": {"Key":"self","Type":15,"Integer":0,"String":"a","Interface":null}}
2025-08-15T22:13:43.267-0500	DEBUG	protocol/handler.go:1591	have processed broadcast	{"{round 20 3  <nil>}": {"Key":"from","Type":15,"Integer":0,"String":"b","Interface":null}}
2025-08-15T22:13:43.267-0500	DEBUG	protocol/handler.go:1591	have processed broadcast	{"{round 20 3  <nil>}": {"Key":"from","Type":15,"Integer":0,"String":"c","Interface":null}}
2025-08-15T22:13:43.267-0500	DEBUG	protocol/handler.go:1649	have all messages and processed	{"{round 20 3  <nil>}": {"Key":"self","Type":15,"Integer":0,"String":"a","Interface":null}}
2025-08-15T22:13:43.267-0500	DEBUG	protocol/handler.go:596	round already finalized
2025-08-15T22:13:43.271-0500	DEBUG	protocol/handler.go:581	tryAdvanceRound called	{"{current_round 20 3  <nil>}": {"Key":"self","Type":15,"Integer":0,"String":"b","Interface":null}}
2025-08-15T22:13:43.271-0500	DEBUG	protocol/handler.go:1591	have processed broadcast	{"{round 20 3  <nil>}": {"Key":"from","Type":15,"Integer":0,"String":"a","Interface":null}}
2025-08-15T22:13:43.271-0500	DEBUG	protocol/handler.go:1591	have processed broadcast	{"{round 20 3  <nil>}": {"Key":"from","Type":15,"Integer":0,"String":"c","Interface":null}}
2025-08-15T22:13:43.271-0500	DEBUG	protocol/handler.go:1649	have all messages and processed	{"{round 20 3  <nil>}": {"Key":"self","Type":15,"Integer":0,"String":"b","Interface":null}}
2025-08-15T22:13:43.271-0500	DEBUG	protocol/handler.go:596	round already finalized
2025-08-15T22:13:43.271-0500	DEBUG	protocol/handler.go:581	tryAdvanceRound called	{"{current_round 20 3  <nil>}": {"Key":"self","Type":15,"Integer":0,"String":"c","Interface":null}}
2025-08-15T22:13:43.271-0500	DEBUG	protocol/handler.go:1591	have processed broadcast	{"{round 20 3  <nil>}": {"Key":"from","Type":15,"Integer":0,"String":"a","Interface":null}}
2025-08-15T22:13:43.271-0500	DEBUG	protocol/handler.go:1591	have processed broadcast	{"{round 20 3  <nil>}": {"Key":"from","Type":15,"Integer":0,"String":"b","Interface":null}}
2025-08-15T22:13:43.271-0500	DEBUG	protocol/handler.go:1649	have all messages and processed	{"{round 20 3  <nil>}": {"Key":"self","Type":15,"Integer":0,"String":"c","Interface":null}}
2025-08-15T22:13:43.271-0500	DEBUG	protocol/handler.go:596	round already finalized
2025-08-15T22:13:43.277-0500	DEBUG	protocol/handler.go:581	tryAdvanceRound called	{"{current_round 20 3  <nil>}": {"Key":"self","Type":15,"Integer":0,"String":"a","Interface":null}}
2025-08-15T22:13:43.277-0500	DEBUG	protocol/handler.go:1591	have processed broadcast	{"{round 20 3  <nil>}": {"Key":"from","Type":15,"Integer":0,"String":"b","Interface":null}}
2025-08-15T22:13:43.277-0500	DEBUG	protocol/handler.go:1591	have processed broadcast	{"{round 20 3  <nil>}": {"Key":"from","Type":15,"Integer":0,"String":"c","Interface":null}}
2025-08-15T22:13:43.277-0500	DEBUG	protocol/handler.go:1649	have all messages and processed	{"{round 20 3  <nil>}": {"Key":"self","Type":15,"Integer":0,"String":"a","Interface":null}}
2025-08-15T22:13:43.277-0500	DEBUG	protocol/handler.go:596	round already finalized
2025-08-15T22:13:43.281-0500	DEBUG	protocol/handler.go:581	tryAdvanceRound called	{"{current_round 20 3  <nil>}": {"Key":"self","Type":15,"Integer":0,"String":"b","Interface":null}}
2025-08-15T22:13:43.281-0500	DEBUG	protocol/handler.go:1591	have processed broadcast	{"{round 20 3  <nil>}": {"Key":"from","Type":15,"Integer":0,"String":"a","Interface":null}}
2025-08-15T22:13:43.281-0500	DEBUG	protocol/handler.go:1591	have processed broadcast	{"{round 20 3  <nil>}": {"Key":"from","Type":15,"Integer":0,"String":"c","Interface":null}}
2025-08-15T22:13:43.281-0500	DEBUG	protocol/handler.go:1649	have all messages and processed	{"{round 20 3  <nil>}": {"Key":"self","Type":15,"Integer":0,"String":"b","Interface":null}}
2025-08-15T22:13:43.281-0500	DEBUG	protocol/handler.go:596	round already finalized
2025-08-15T22:13:43.281-0500	DEBUG	protocol/handler.go:581	tryAdvanceRound called	{"{current_round 20 3  <nil>}": {"Key":"self","Type":15,"Integer":0,"String":"c","Interface":null}}
2025-08-15T22:13:43.281-0500	DEBUG	protocol/handler.go:1591	have processed broadcast	{"{round 20 3  <nil>}": {"Key":"from","Type":15,"Integer":0,"String":"a","Interface":null}}
2025-08-15T22:13:43.281-0500	DEBUG	protocol/handler.go:1591	have processed broadcast	{"{round 20 3  <nil>}": {"Key":"from","Type":15,"Integer":0,"String":"b","Interface":null}}
2025-08-15T22:13:43.281-0500	DEBUG	protocol/handler.go:1649	have all messages and processed	{"{round 20 3  <nil>}": {"Key":"self","Type":15,"Integer":0,"String":"c","Interface":null}}
2025-08-15T22:13:43.281-0500	DEBUG	protocol/handler.go:596	round already finalized
2025-08-15T22:13:43.287-0500	DEBUG	protocol/handler.go:581	tryAdvanceRound called	{"{current_round 20 3  <nil>}": {"Key":"self","Type":15,"Integer":0,"String":"a","Interface":null}}
2025-08-15T22:13:43.287-0500	DEBUG	protocol/handler.go:1591	have processed broadcast	{"{round 20 3  <nil>}": {"Key":"from","Type":15,"Integer":0,"String":"b","Interface":null}}
2025-08-15T22:13:43.287-0500	DEBUG	protocol/handler.go:1591	have processed broadcast	{"{round 20 3  <nil>}": {"Key":"from","Type":15,"Integer":0,"String":"c","Interface":null}}
2025-08-15T22:13:43.287-0500	DEBUG	protocol/handler.go:1649	have all messages and processed	{"{round 20 3  <nil>}": {"Key":"self","Type":15,"Integer":0,"String":"a","Interface":null}}
2025-08-15T22:13:43.287-0500	DEBUG	protocol/handler.go:596	round already finalized
2025-08-15T22:13:43.291-0500	DEBUG	protocol/handler.go:581	tryAdvanceRound called	{"{current_round 20 3  <nil>}": {"Key":"self","Type":15,"Integer":0,"String":"b","Interface":null}}
2025-08-15T22:13:43.291-0500	DEBUG	protocol/handler.go:581	tryAdvanceRound called	{"{current_round 20 3  <nil>}": {"Key":"self","Type":15,"Integer":0,"String":"c","Interface":null}}
2025-08-15T22:13:43.291-0500	DEBUG	protocol/handler.go:1591	have processed broadcast	{"{round 20 3  <nil>}": {"Key":"from","Type":15,"Integer":0,"String":"a","Interface":null}}
2025-08-15T22:13:43.291-0500	DEBUG	protocol/handler.go:1591	have processed broadcast	{"{round 20 3  <nil>}": {"Key":"from","Type":15,"Integer":0,"String":"a","Interface":null}}
2025-08-15T22:13:43.291-0500	DEBUG	protocol/handler.go:1591	have processed broadcast	{"{round 20 3  <nil>}": {"Key":"from","Type":15,"Integer":0,"String":"c","Interface":null}}
2025-08-15T22:13:43.291-0500	DEBUG	protocol/handler.go:1649	have all messages and processed	{"{round 20 3  <nil>}": {"Key":"self","Type":15,"Integer":0,"String":"b","Interface":null}}
2025-08-15T22:13:43.292-0500	DEBUG	protocol/handler.go:596	round already finalized
2025-08-15T22:13:43.291-0500	DEBUG	protocol/handler.go:1591	have processed broadcast	{"{round 20 3  <nil>}": {"Key":"from","Type":15,"Integer":0,"String":"b","Interface":null}}
2025-08-15T22:13:43.292-0500	DEBUG	protocol/handler.go:1649	have all messages and processed	{"{round 20 3  <nil>}": {"Key":"self","Type":15,"Integer":0,"String":"c","Interface":null}}
2025-08-15T22:13:43.292-0500	DEBUG	protocol/handler.go:596	round already finalized
2025-08-15T22:13:43.297-0500	DEBUG	protocol/handler.go:581	tryAdvanceRound called	{"{current_round 20 3  <nil>}": {"Key":"self","Type":15,"Integer":0,"String":"a","Interface":null}}
2025-08-15T22:13:43.297-0500	DEBUG	protocol/handler.go:1591	have processed broadcast	{"{round 20 3  <nil>}": {"Key":"from","Type":15,"Integer":0,"String":"b","Interface":null}}
2025-08-15T22:13:43.297-0500	DEBUG	protocol/handler.go:1591	have processed broadcast	{"{round 20 3  <nil>}": {"Key":"from","Type":15,"Integer":0,"String":"c","Interface":null}}
2025-08-15T22:13:43.297-0500	DEBUG	protocol/handler.go:1649	have all messages and processed	{"{round 20 3  <nil>}": {"Key":"self","Type":15,"Integer":0,"String":"a","Interface":null}}
2025-08-15T22:13:43.297-0500	DEBUG	protocol/handler.go:596	round already finalized
2025-08-15T22:13:43.301-0500	DEBUG	protocol/handler.go:581	tryAdvanceRound called	{"{current_round 20 3  <nil>}": {"Key":"self","Type":15,"Integer":0,"String":"b","Interface":null}}
2025-08-15T22:13:43.301-0500	DEBUG	protocol/handler.go:581	tryAdvanceRound called	{"{current_round 20 3  <nil>}": {"Key":"self","Type":15,"Integer":0,"String":"c","Interface":null}}
2025-08-15T22:13:43.301-0500	DEBUG	protocol/handler.go:1591	have processed broadcast	{"{round 20 3  <nil>}": {"Key":"from","Type":15,"Integer":0,"String":"a","Interface":null}}
2025-08-15T22:13:43.301-0500	DEBUG	protocol/handler.go:1591	have processed broadcast	{"{round 20 3  <nil>}": {"Key":"from","Type":15,"Integer":0,"String":"a","Interface":null}}
2025-08-15T22:13:43.301-0500	DEBUG	protocol/handler.go:1591	have processed broadcast	{"{round 20 3  <nil>}": {"Key":"from","Type":15,"Integer":0,"String":"c","Interface":null}}
2025-08-15T22:13:43.301-0500	DEBUG	protocol/handler.go:1649	have all messages and processed	{"{round 20 3  <nil>}": {"Key":"self","Type":15,"Integer":0,"String":"b","Interface":null}}
2025-08-15T22:13:43.301-0500	DEBUG	protocol/handler.go:1591	have processed broadcast	{"{round 20 3  <nil>}": {"Key":"from","Type":15,"Integer":0,"String":"b","Interface":null}}
2025-08-15T22:13:43.301-0500	DEBUG	protocol/handler.go:596	round already finalized
2025-08-15T22:13:43.301-0500	DEBUG	protocol/handler.go:1649	have all messages and processed	{"{round 20 3  <nil>}": {"Key":"self","Type":15,"Integer":0,"String":"c","Interface":null}}
2025-08-15T22:13:43.301-0500	DEBUG	protocol/handler.go:596	round already finalized
2025-08-15T22:13:43.307-0500	DEBUG	protocol/handler.go:581	tryAdvanceRound called	{"{current_round 20 3  <nil>}": {"Key":"self","Type":15,"Integer":0,"String":"a","Interface":null}}
2025-08-15T22:13:43.307-0500	DEBUG	protocol/handler.go:1591	have processed broadcast	{"{round 20 3  <nil>}": {"Key":"from","Type":15,"Integer":0,"String":"b","Interface":null}}
2025-08-15T22:13:43.307-0500	DEBUG	protocol/handler.go:1591	have processed broadcast	{"{round 20 3  <nil>}": {"Key":"from","Type":15,"Integer":0,"String":"c","Interface":null}}
2025-08-15T22:13:43.307-0500	DEBUG	protocol/handler.go:1649	have all messages and processed	{"{round 20 3  <nil>}": {"Key":"self","Type":15,"Integer":0,"String":"a","Interface":null}}
2025-08-15T22:13:43.307-0500	DEBUG	protocol/handler.go:596	round already finalized
2025-08-15T22:13:43.311-0500	DEBUG	protocol/handler.go:581	tryAdvanceRound called	{"{current_round 20 3  <nil>}": {"Key":"self","Type":15,"Integer":0,"String":"b","Interface":null}}
2025-08-15T22:13:43.311-0500	DEBUG	protocol/handler.go:581	tryAdvanceRound called	{"{current_round 20 3  <nil>}": {"Key":"self","Type":15,"Integer":0,"String":"c","Interface":null}}
2025-08-15T22:13:43.311-0500	DEBUG	protocol/handler.go:1591	have processed broadcast	{"{round 20 3  <nil>}": {"Key":"from","Type":15,"Integer":0,"String":"a","Interface":null}}
2025-08-15T22:13:43.311-0500	DEBUG	protocol/handler.go:1591	have processed broadcast	{"{round 20 3  <nil>}": {"Key":"from","Type":15,"Integer":0,"String":"a","Interface":null}}
2025-08-15T22:13:43.311-0500	DEBUG	protocol/handler.go:1591	have processed broadcast	{"{round 20 3  <nil>}": {"Key":"from","Type":15,"Integer":0,"String":"c","Interface":null}}
2025-08-15T22:13:43.311-0500	DEBUG	protocol/handler.go:1591	have processed broadcast	{"{round 20 3  <nil>}": {"Key":"from","Type":15,"Integer":0,"String":"b","Interface":null}}
2025-08-15T22:13:43.311-0500	DEBUG	protocol/handler.go:1649	have all messages and processed	{"{round 20 3  <nil>}": {"Key":"self","Type":15,"Integer":0,"String":"b","Interface":null}}
2025-08-15T22:13:43.311-0500	DEBUG	protocol/handler.go:1649	have all messages and processed	{"{round 20 3  <nil>}": {"Key":"self","Type":15,"Integer":0,"String":"c","Interface":null}}
2025-08-15T22:13:43.311-0500	DEBUG	protocol/handler.go:596	round already finalized
2025-08-15T22:13:43.311-0500	DEBUG	protocol/handler.go:596	round already finalized
2025-08-15T22:13:43.317-0500	DEBUG	protocol/handler.go:581	tryAdvanceRound called	{"{current_round 20 3  <nil>}": {"Key":"self","Type":15,"Integer":0,"String":"a","Interface":null}}
2025-08-15T22:13:43.317-0500	DEBUG	protocol/handler.go:1591	have processed broadcast	{"{round 20 3  <nil>}": {"Key":"from","Type":15,"Integer":0,"String":"b","Interface":null}}
2025-08-15T22:13:43.317-0500	DEBUG	protocol/handler.go:1591	have processed broadcast	{"{round 20 3  <nil>}": {"Key":"from","Type":15,"Integer":0,"String":"c","Interface":null}}
2025-08-15T22:13:43.317-0500	DEBUG	protocol/handler.go:1649	have all messages and processed	{"{round 20 3  <nil>}": {"Key":"self","Type":15,"Integer":0,"String":"a","Interface":null}}
2025-08-15T22:13:43.317-0500	DEBUG	protocol/handler.go:596	round already finalized
2025-08-15T22:13:43.321-0500	DEBUG	protocol/handler.go:581	tryAdvanceRound called	{"{current_round 20 3  <nil>}": {"Key":"self","Type":15,"Integer":0,"String":"b","Interface":null}}
2025-08-15T22:13:43.321-0500	DEBUG	protocol/handler.go:1591	have processed broadcast	{"{round 20 3  <nil>}": {"Key":"from","Type":15,"Integer":0,"String":"a","Interface":null}}
2025-08-15T22:13:43.321-0500	DEBUG	protocol/handler.go:1591	have processed broadcast	{"{round 20 3  <nil>}": {"Key":"from","Type":15,"Integer":0,"String":"c","Interface":null}}
2025-08-15T22:13:43.321-0500	DEBUG	protocol/handler.go:1649	have all messages and processed	{"{round 20 3  <nil>}": {"Key":"self","Type":15,"Integer":0,"String":"b","Interface":null}}
2025-08-15T22:13:43.321-0500	DEBUG	protocol/handler.go:581	tryAdvanceRound called	{"{current_round 20 3  <nil>}": {"Key":"self","Type":15,"Integer":0,"String":"c","Interface":null}}
2025-08-15T22:13:43.321-0500	DEBUG	protocol/handler.go:596	round already finalized
2025-08-15T22:13:43.321-0500	DEBUG	protocol/handler.go:1591	have processed broadcast	{"{round 20 3  <nil>}": {"Key":"from","Type":15,"Integer":0,"String":"a","Interface":null}}
2025-08-15T22:13:43.321-0500	DEBUG	protocol/handler.go:1591	have processed broadcast	{"{round 20 3  <nil>}": {"Key":"from","Type":15,"Integer":0,"String":"b","Interface":null}}
2025-08-15T22:13:43.321-0500	DEBUG	protocol/handler.go:1649	have all messages and processed	{"{round 20 3  <nil>}": {"Key":"self","Type":15,"Integer":0,"String":"c","Interface":null}}
2025-08-15T22:13:43.321-0500	DEBUG	protocol/handler.go:596	round already finalized
2025-08-15T22:13:43.327-0500	DEBUG	protocol/handler.go:581	tryAdvanceRound called	{"{current_round 20 3  <nil>}": {"Key":"self","Type":15,"Integer":0,"String":"a","Interface":null}}
2025-08-15T22:13:43.327-0500	DEBUG	protocol/handler.go:1591	have processed broadcast	{"{round 20 3  <nil>}": {"Key":"from","Type":15,"Integer":0,"String":"b","Interface":null}}
2025-08-15T22:13:43.327-0500	DEBUG	protocol/handler.go:1591	have processed broadcast	{"{round 20 3  <nil>}": {"Key":"from","Type":15,"Integer":0,"String":"c","Interface":null}}
2025-08-15T22:13:43.327-0500	DEBUG	protocol/handler.go:1649	have all messages and processed	{"{round 20 3  <nil>}": {"Key":"self","Type":15,"Integer":0,"String":"a","Interface":null}}
2025-08-15T22:13:43.327-0500	DEBUG	protocol/handler.go:596	round already finalized
2025-08-15T22:13:43.331-0500	DEBUG	protocol/handler.go:581	tryAdvanceRound called	{"{current_round 20 3  <nil>}": {"Key":"self","Type":15,"Integer":0,"String":"b","Interface":null}}
2025-08-15T22:13:43.331-0500	DEBUG	protocol/handler.go:1591	have processed broadcast	{"{round 20 3  <nil>}": {"Key":"from","Type":15,"Integer":0,"String":"a","Interface":null}}
2025-08-15T22:13:43.331-0500	DEBUG	protocol/handler.go:1591	have processed broadcast	{"{round 20 3  <nil>}": {"Key":"from","Type":15,"Integer":0,"String":"c","Interface":null}}
2025-08-15T22:13:43.331-0500	DEBUG	protocol/handler.go:1649	have all messages and processed	{"{round 20 3  <nil>}": {"Key":"self","Type":15,"Integer":0,"String":"b","Interface":null}}
2025-08-15T22:13:43.331-0500	DEBUG	protocol/handler.go:596	round already finalized
2025-08-15T22:13:43.331-0500	DEBUG	protocol/handler.go:581	tryAdvanceRound called	{"{current_round 20 3  <nil>}": {"Key":"self","Type":15,"Integer":0,"String":"c","Interface":null}}
2025-08-15T22:13:43.331-0500	DEBUG	protocol/handler.go:1591	have processed broadcast	{"{round 20 3  <nil>}": {"Key":"from","Type":15,"Integer":0,"String":"a","Interface":null}}
2025-08-15T22:13:43.331-0500	DEBUG	protocol/handler.go:1591	have processed broadcast	{"{round 20 3  <nil>}": {"Key":"from","Type":15,"Integer":0,"String":"b","Interface":null}}
2025-08-15T22:13:43.331-0500	DEBUG	protocol/handler.go:1649	have all messages and processed	{"{round 20 3  <nil>}": {"Key":"self","Type":15,"Integer":0,"String":"c","Interface":null}}
2025-08-15T22:13:43.331-0500	DEBUG	protocol/handler.go:596	round already finalized
2025-08-15T22:13:43.337-0500	DEBUG	protocol/handler.go:581	tryAdvanceRound called	{"{current_round 20 3  <nil>}": {"Key":"self","Type":15,"Integer":0,"String":"a","Interface":null}}
2025-08-15T22:13:43.337-0500	DEBUG	protocol/handler.go:1591	have processed broadcast	{"{round 20 3  <nil>}": {"Key":"from","Type":15,"Integer":0,"String":"b","Interface":null}}
2025-08-15T22:13:43.337-0500	DEBUG	protocol/handler.go:1591	have processed broadcast	{"{round 20 3  <nil>}": {"Key":"from","Type":15,"Integer":0,"String":"c","Interface":null}}
2025-08-15T22:13:43.337-0500	DEBUG	protocol/handler.go:1649	have all messages and processed	{"{round 20 3  <nil>}": {"Key":"self","Type":15,"Integer":0,"String":"a","Interface":null}}
2025-08-15T22:13:43.337-0500	DEBUG	protocol/handler.go:596	round already finalized
2025-08-15T22:13:43.341-0500	DEBUG	protocol/handler.go:581	tryAdvanceRound called	{"{current_round 20 3  <nil>}": {"Key":"self","Type":15,"Integer":0,"String":"b","Interface":null}}
2025-08-15T22:13:43.341-0500	DEBUG	protocol/handler.go:581	tryAdvanceRound called	{"{current_round 20 3  <nil>}": {"Key":"self","Type":15,"Integer":0,"String":"c","Interface":null}}
2025-08-15T22:13:43.341-0500	DEBUG	protocol/handler.go:1591	have processed broadcast	{"{round 20 3  <nil>}": {"Key":"from","Type":15,"Integer":0,"String":"a","Interface":null}}
2025-08-15T22:13:43.341-0500	DEBUG	protocol/handler.go:1591	have processed broadcast	{"{round 20 3  <nil>}": {"Key":"from","Type":15,"Integer":0,"String":"b","Interface":null}}
2025-08-15T22:13:43.341-0500	DEBUG	protocol/handler.go:1649	have all messages and processed	{"{round 20 3  <nil>}": {"Key":"self","Type":15,"Integer":0,"String":"c","Interface":null}}
2025-08-15T22:13:43.341-0500	DEBUG	protocol/handler.go:596	round already finalized
2025-08-15T22:13:43.341-0500	DEBUG	protocol/handler.go:1591	have processed broadcast	{"{round 20 3  <nil>}": {"Key":"from","Type":15,"Integer":0,"String":"a","Interface":null}}
2025-08-15T22:13:43.341-0500	DEBUG	protocol/handler.go:1591	have processed broadcast	{"{round 20 3  <nil>}": {"Key":"from","Type":15,"Integer":0,"String":"c","Interface":null}}
2025-08-15T22:13:43.341-0500	DEBUG	protocol/handler.go:1649	have all messages and processed	{"{round 20 3  <nil>}": {"Key":"self","Type":15,"Integer":0,"String":"b","Interface":null}}
2025-08-15T22:13:43.341-0500	DEBUG	protocol/handler.go:596	round already finalized
2025-08-15T22:13:43.347-0500	DEBUG	protocol/handler.go:581	tryAdvanceRound called	{"{current_round 20 3  <nil>}": {"Key":"self","Type":15,"Integer":0,"String":"a","Interface":null}}
2025-08-15T22:13:43.347-0500	DEBUG	protocol/handler.go:1591	have processed broadcast	{"{round 20 3  <nil>}": {"Key":"from","Type":15,"Integer":0,"String":"b","Interface":null}}
2025-08-15T22:13:43.347-0500	DEBUG	protocol/handler.go:1591	have processed broadcast	{"{round 20 3  <nil>}": {"Key":"from","Type":15,"Integer":0,"String":"c","Interface":null}}
2025-08-15T22:13:43.347-0500	DEBUG	protocol/handler.go:1649	have all messages and processed	{"{round 20 3  <nil>}": {"Key":"self","Type":15,"Integer":0,"String":"a","Interface":null}}
2025-08-15T22:13:43.347-0500	DEBUG	protocol/handler.go:596	round already finalized
2025-08-15T22:13:43.351-0500	DEBUG	protocol/handler.go:581	tryAdvanceRound called	{"{current_round 20 3  <nil>}": {"Key":"self","Type":15,"Integer":0,"String":"b","Interface":null}}
2025-08-15T22:13:43.351-0500	DEBUG	protocol/handler.go:1591	have processed broadcast	{"{round 20 3  <nil>}": {"Key":"from","Type":15,"Integer":0,"String":"a","Interface":null}}
2025-08-15T22:13:43.351-0500	DEBUG	protocol/handler.go:1591	have processed broadcast	{"{round 20 3  <nil>}": {"Key":"from","Type":15,"Integer":0,"String":"c","Interface":null}}
2025-08-15T22:13:43.351-0500	DEBUG	protocol/handler.go:1649	have all messages and processed	{"{round 20 3  <nil>}": {"Key":"self","Type":15,"Integer":0,"String":"b","Interface":null}}
2025-08-15T22:13:43.351-0500	DEBUG	protocol/handler.go:596	round already finalized
2025-08-15T22:13:43.351-0500	DEBUG	protocol/handler.go:581	tryAdvanceRound called	{"{current_round 20 3  <nil>}": {"Key":"self","Type":15,"Integer":0,"String":"c","Interface":null}}
2025-08-15T22:13:43.351-0500	DEBUG	protocol/handler.go:1591	have processed broadcast	{"{round 20 3  <nil>}": {"Key":"from","Type":15,"Integer":0,"String":"a","Interface":null}}
2025-08-15T22:13:43.351-0500	DEBUG	protocol/handler.go:1591	have processed broadcast	{"{round 20 3  <nil>}": {"Key":"from","Type":15,"Integer":0,"String":"b","Interface":null}}
2025-08-15T22:13:43.351-0500	DEBUG	protocol/handler.go:1649	have all messages and processed	{"{round 20 3  <nil>}": {"Key":"self","Type":15,"Integer":0,"String":"c","Interface":null}}
2025-08-15T22:13:43.351-0500	DEBUG	protocol/handler.go:596	round already finalized
2025-08-15T22:13:43.357-0500	DEBUG	protocol/handler.go:581	tryAdvanceRound called	{"{current_round 20 3  <nil>}": {"Key":"self","Type":15,"Integer":0,"String":"a","Interface":null}}
2025-08-15T22:13:43.357-0500	DEBUG	protocol/handler.go:1591	have processed broadcast	{"{round 20 3  <nil>}": {"Key":"from","Type":15,"Integer":0,"String":"b","Interface":null}}
2025-08-15T22:13:43.357-0500	DEBUG	protocol/handler.go:1591	have processed broadcast	{"{round 20 3  <nil>}": {"Key":"from","Type":15,"Integer":0,"String":"c","Interface":null}}
2025-08-15T22:13:43.357-0500	DEBUG	protocol/handler.go:1649	have all messages and processed	{"{round 20 3  <nil>}": {"Key":"self","Type":15,"Integer":0,"String":"a","Interface":null}}
2025-08-15T22:13:43.357-0500	DEBUG	protocol/handler.go:596	round already finalized
2025-08-15T22:13:43.361-0500	DEBUG	protocol/handler.go:581	tryAdvanceRound called	{"{current_round 20 3  <nil>}": {"Key":"self","Type":15,"Integer":0,"String":"b","Interface":null}}
2025-08-15T22:13:43.361-0500	DEBUG	protocol/handler.go:1591	have processed broadcast	{"{round 20 3  <nil>}": {"Key":"from","Type":15,"Integer":0,"String":"a","Interface":null}}
2025-08-15T22:13:43.361-0500	DEBUG	protocol/handler.go:1591	have processed broadcast	{"{round 20 3  <nil>}": {"Key":"from","Type":15,"Integer":0,"String":"c","Interface":null}}
2025-08-15T22:13:43.361-0500	DEBUG	protocol/handler.go:1649	have all messages and processed	{"{round 20 3  <nil>}": {"Key":"self","Type":15,"Integer":0,"String":"b","Interface":null}}
2025-08-15T22:13:43.361-0500	DEBUG	protocol/handler.go:596	round already finalized
2025-08-15T22:13:43.361-0500	DEBUG	protocol/handler.go:581	tryAdvanceRound called	{"{current_round 20 3  <nil>}": {"Key":"self","Type":15,"Integer":0,"String":"c","Interface":null}}
2025-08-15T22:13:43.361-0500	DEBUG	protocol/handler.go:1591	have processed broadcast	{"{round 20 3  <nil>}": {"Key":"from","Type":15,"Integer":0,"String":"a","Interface":null}}
2025-08-15T22:13:43.361-0500	DEBUG	protocol/handler.go:1591	have processed broadcast	{"{round 20 3  <nil>}": {"Key":"from","Type":15,"Integer":0,"String":"b","Interface":null}}
2025-08-15T22:13:43.361-0500	DEBUG	protocol/handler.go:1649	have all messages and processed	{"{round 20 3  <nil>}": {"Key":"self","Type":15,"Integer":0,"String":"c","Interface":null}}
2025-08-15T22:13:43.361-0500	DEBUG	protocol/handler.go:596	round already finalized
2025-08-15T22:13:43.367-0500	DEBUG	protocol/handler.go:581	tryAdvanceRound called	{"{current_round 20 3  <nil>}": {"Key":"self","Type":15,"Integer":0,"String":"a","Interface":null}}
2025-08-15T22:13:43.367-0500	DEBUG	protocol/handler.go:1591	have processed broadcast	{"{round 20 3  <nil>}": {"Key":"from","Type":15,"Integer":0,"String":"b","Interface":null}}
2025-08-15T22:13:43.367-0500	DEBUG	protocol/handler.go:1591	have processed broadcast	{"{round 20 3  <nil>}": {"Key":"from","Type":15,"Integer":0,"String":"c","Interface":null}}
2025-08-15T22:13:43.367-0500	DEBUG	protocol/handler.go:1649	have all messages and processed	{"{round 20 3  <nil>}": {"Key":"self","Type":15,"Integer":0,"String":"a","Interface":null}}
2025-08-15T22:13:43.367-0500	DEBUG	protocol/handler.go:596	round already finalized
2025-08-15T22:13:43.371-0500	DEBUG	protocol/handler.go:581	tryAdvanceRound called	{"{current_round 20 3  <nil>}": {"Key":"self","Type":15,"Integer":0,"String":"b","Interface":null}}
2025-08-15T22:13:43.371-0500	DEBUG	protocol/handler.go:581	tryAdvanceRound called	{"{current_round 20 3  <nil>}": {"Key":"self","Type":15,"Integer":0,"String":"c","Interface":null}}
2025-08-15T22:13:43.371-0500	DEBUG	protocol/handler.go:1591	have processed broadcast	{"{round 20 3  <nil>}": {"Key":"from","Type":15,"Integer":0,"String":"a","Interface":null}}
2025-08-15T22:13:43.371-0500	DEBUG	protocol/handler.go:1591	have processed broadcast	{"{round 20 3  <nil>}": {"Key":"from","Type":15,"Integer":0,"String":"c","Interface":null}}
2025-08-15T22:13:43.371-0500	DEBUG	protocol/handler.go:1591	have processed broadcast	{"{round 20 3  <nil>}": {"Key":"from","Type":15,"Integer":0,"String":"a","Interface":null}}
2025-08-15T22:13:43.371-0500	DEBUG	protocol/handler.go:1649	have all messages and processed	{"{round 20 3  <nil>}": {"Key":"self","Type":15,"Integer":0,"String":"b","Interface":null}}
2025-08-15T22:13:43.371-0500	DEBUG	protocol/handler.go:1591	have processed broadcast	{"{round 20 3  <nil>}": {"Key":"from","Type":15,"Integer":0,"String":"b","Interface":null}}
2025-08-15T22:13:43.371-0500	DEBUG	protocol/handler.go:596	round already finalized
2025-08-15T22:13:43.371-0500	DEBUG	protocol/handler.go:1649	have all messages and processed	{"{round 20 3  <nil>}": {"Key":"self","Type":15,"Integer":0,"String":"c","Interface":null}}
2025-08-15T22:13:43.371-0500	DEBUG	protocol/handler.go:596	round already finalized
2025-08-15T22:13:43.377-0500	DEBUG	protocol/handler.go:581	tryAdvanceRound called	{"{current_round 20 3  <nil>}": {"Key":"self","Type":15,"Integer":0,"String":"a","Interface":null}}
2025-08-15T22:13:43.377-0500	DEBUG	protocol/handler.go:1591	have processed broadcast	{"{round 20 3  <nil>}": {"Key":"from","Type":15,"Integer":0,"String":"b","Interface":null}}
2025-08-15T22:13:43.377-0500	DEBUG	protocol/handler.go:1591	have processed broadcast	{"{round 20 3  <nil>}": {"Key":"from","Type":15,"Integer":0,"String":"c","Interface":null}}
2025-08-15T22:13:43.377-0500	DEBUG	protocol/handler.go:1649	have all messages and processed	{"{round 20 3  <nil>}": {"Key":"self","Type":15,"Integer":0,"String":"a","Interface":null}}
2025-08-15T22:13:43.377-0500	DEBUG	protocol/handler.go:596	round already finalized
2025-08-15T22:13:43.381-0500	DEBUG	protocol/handler.go:581	tryAdvanceRound called	{"{current_round 20 3  <nil>}": {"Key":"self","Type":15,"Integer":0,"String":"b","Interface":null}}
2025-08-15T22:13:43.381-0500	DEBUG	protocol/handler.go:581	tryAdvanceRound called	{"{current_round 20 3  <nil>}": {"Key":"self","Type":15,"Integer":0,"String":"c","Interface":null}}
2025-08-15T22:13:43.381-0500	DEBUG	protocol/handler.go:1591	have processed broadcast	{"{round 20 3  <nil>}": {"Key":"from","Type":15,"Integer":0,"String":"a","Interface":null}}
2025-08-15T22:13:43.381-0500	DEBUG	protocol/handler.go:1591	have processed broadcast	{"{round 20 3  <nil>}": {"Key":"from","Type":15,"Integer":0,"String":"a","Interface":null}}
2025-08-15T22:13:43.381-0500	DEBUG	protocol/handler.go:1591	have processed broadcast	{"{round 20 3  <nil>}": {"Key":"from","Type":15,"Integer":0,"String":"c","Interface":null}}
2025-08-15T22:13:43.381-0500	DEBUG	protocol/handler.go:1591	have processed broadcast	{"{round 20 3  <nil>}": {"Key":"from","Type":15,"Integer":0,"String":"b","Interface":null}}
2025-08-15T22:13:43.381-0500	DEBUG	protocol/handler.go:1649	have all messages and processed	{"{round 20 3  <nil>}": {"Key":"self","Type":15,"Integer":0,"String":"b","Interface":null}}
2025-08-15T22:13:43.381-0500	DEBUG	protocol/handler.go:596	round already finalized
2025-08-15T22:13:43.381-0500	DEBUG	protocol/handler.go:1649	have all messages and processed	{"{round 20 3  <nil>}": {"Key":"self","Type":15,"Integer":0,"String":"c","Interface":null}}
2025-08-15T22:13:43.381-0500	DEBUG	protocol/handler.go:596	round already finalized
2025-08-15T22:13:43.387-0500	DEBUG	protocol/handler.go:581	tryAdvanceRound called	{"{current_round 20 3  <nil>}": {"Key":"self","Type":15,"Integer":0,"String":"a","Interface":null}}
2025-08-15T22:13:43.387-0500	DEBUG	protocol/handler.go:1591	have processed broadcast	{"{round 20 3  <nil>}": {"Key":"from","Type":15,"Integer":0,"String":"b","Interface":null}}
2025-08-15T22:13:43.387-0500	DEBUG	protocol/handler.go:1591	have processed broadcast	{"{round 20 3  <nil>}": {"Key":"from","Type":15,"Integer":0,"String":"c","Interface":null}}
2025-08-15T22:13:43.387-0500	DEBUG	protocol/handler.go:1649	have all messages and processed	{"{round 20 3  <nil>}": {"Key":"self","Type":15,"Integer":0,"String":"a","Interface":null}}
2025-08-15T22:13:43.387-0500	DEBUG	protocol/handler.go:596	round already finalized
2025-08-15T22:13:43.391-0500	DEBUG	protocol/handler.go:581	tryAdvanceRound called	{"{current_round 20 3  <nil>}": {"Key":"self","Type":15,"Integer":0,"String":"b","Interface":null}}
2025-08-15T22:13:43.391-0500	DEBUG	protocol/handler.go:581	tryAdvanceRound called	{"{current_round 20 3  <nil>}": {"Key":"self","Type":15,"Integer":0,"String":"c","Interface":null}}
2025-08-15T22:13:43.391-0500	DEBUG	protocol/handler.go:1591	have processed broadcast	{"{round 20 3  <nil>}": {"Key":"from","Type":15,"Integer":0,"String":"a","Interface":null}}
2025-08-15T22:13:43.391-0500	DEBUG	protocol/handler.go:1591	have processed broadcast	{"{round 20 3  <nil>}": {"Key":"from","Type":15,"Integer":0,"String":"a","Interface":null}}
2025-08-15T22:13:43.391-0500	DEBUG	protocol/handler.go:1591	have processed broadcast	{"{round 20 3  <nil>}": {"Key":"from","Type":15,"Integer":0,"String":"c","Interface":null}}
2025-08-15T22:13:43.391-0500	DEBUG	protocol/handler.go:1591	have processed broadcast	{"{round 20 3  <nil>}": {"Key":"from","Type":15,"Integer":0,"String":"b","Interface":null}}
2025-08-15T22:13:43.391-0500	DEBUG	protocol/handler.go:1649	have all messages and processed	{"{round 20 3  <nil>}": {"Key":"self","Type":15,"Integer":0,"String":"b","Interface":null}}
2025-08-15T22:13:43.391-0500	DEBUG	protocol/handler.go:1649	have all messages and processed	{"{round 20 3  <nil>}": {"Key":"self","Type":15,"Integer":0,"String":"c","Interface":null}}
2025-08-15T22:13:43.391-0500	DEBUG	protocol/handler.go:596	round already finalized
2025-08-15T22:13:43.391-0500	DEBUG	protocol/handler.go:596	round already finalized
2025-08-15T22:13:43.397-0500	DEBUG	protocol/handler.go:581	tryAdvanceRound called	{"{current_round 20 3  <nil>}": {"Key":"self","Type":15,"Integer":0,"String":"a","Interface":null}}
2025-08-15T22:13:43.397-0500	DEBUG	protocol/handler.go:1591	have processed broadcast	{"{round 20 3  <nil>}": {"Key":"from","Type":15,"Integer":0,"String":"b","Interface":null}}
2025-08-15T22:13:43.397-0500	DEBUG	protocol/handler.go:1591	have processed broadcast	{"{round 20 3  <nil>}": {"Key":"from","Type":15,"Integer":0,"String":"c","Interface":null}}
2025-08-15T22:13:43.397-0500	DEBUG	protocol/handler.go:1649	have all messages and processed	{"{round 20 3  <nil>}": {"Key":"self","Type":15,"Integer":0,"String":"a","Interface":null}}
2025-08-15T22:13:43.397-0500	DEBUG	protocol/handler.go:596	round already finalized
2025-08-15T22:13:43.401-0500	DEBUG	protocol/handler.go:581	tryAdvanceRound called	{"{current_round 20 3  <nil>}": {"Key":"self","Type":15,"Integer":0,"String":"b","Interface":null}}
2025-08-15T22:13:43.401-0500	DEBUG	protocol/handler.go:581	tryAdvanceRound called	{"{current_round 20 3  <nil>}": {"Key":"self","Type":15,"Integer":0,"String":"c","Interface":null}}
2025-08-15T22:13:43.401-0500	DEBUG	protocol/handler.go:1591	have processed broadcast	{"{round 20 3  <nil>}": {"Key":"from","Type":15,"Integer":0,"String":"a","Interface":null}}
2025-08-15T22:13:43.401-0500	DEBUG	protocol/handler.go:1591	have processed broadcast	{"{round 20 3  <nil>}": {"Key":"from","Type":15,"Integer":0,"String":"a","Interface":null}}
2025-08-15T22:13:43.401-0500	DEBUG	protocol/handler.go:1591	have processed broadcast	{"{round 20 3  <nil>}": {"Key":"from","Type":15,"Integer":0,"String":"b","Interface":null}}
2025-08-15T22:13:43.401-0500	DEBUG	protocol/handler.go:1591	have processed broadcast	{"{round 20 3  <nil>}": {"Key":"from","Type":15,"Integer":0,"String":"c","Interface":null}}
2025-08-15T22:13:43.401-0500	DEBUG	protocol/handler.go:1649	have all messages and processed	{"{round 20 3  <nil>}": {"Key":"self","Type":15,"Integer":0,"String":"c","Interface":null}}
2025-08-15T22:13:43.401-0500	DEBUG	protocol/handler.go:1649	have all messages and processed	{"{round 20 3  <nil>}": {"Key":"self","Type":15,"Integer":0,"String":"b","Interface":null}}
2025-08-15T22:13:43.401-0500	DEBUG	protocol/handler.go:596	round already finalized
2025-08-15T22:13:43.401-0500	DEBUG	protocol/handler.go:596	round already finalized
2025-08-15T22:13:43.406-0500	DEBUG	protocol/handler.go:581	tryAdvanceRound called	{"{current_round 20 3  <nil>}": {"Key":"self","Type":15,"Integer":0,"String":"a","Interface":null}}
2025-08-15T22:13:43.406-0500	DEBUG	protocol/handler.go:1591	have processed broadcast	{"{round 20 3  <nil>}": {"Key":"from","Type":15,"Integer":0,"String":"b","Interface":null}}
2025-08-15T22:13:43.406-0500	DEBUG	protocol/handler.go:1591	have processed broadcast	{"{round 20 3  <nil>}": {"Key":"from","Type":15,"Integer":0,"String":"c","Interface":null}}
2025-08-15T22:13:43.407-0500	DEBUG	protocol/handler.go:1649	have all messages and processed	{"{round 20 3  <nil>}": {"Key":"self","Type":15,"Integer":0,"String":"a","Interface":null}}
2025-08-15T22:13:43.407-0500	DEBUG	protocol/handler.go:596	round already finalized
2025-08-15T22:13:43.411-0500	DEBUG	protocol/handler.go:581	tryAdvanceRound called	{"{current_round 20 3  <nil>}": {"Key":"self","Type":15,"Integer":0,"String":"b","Interface":null}}
2025-08-15T22:13:43.411-0500	DEBUG	protocol/handler.go:581	tryAdvanceRound called	{"{current_round 20 3  <nil>}": {"Key":"self","Type":15,"Integer":0,"String":"c","Interface":null}}
2025-08-15T22:13:43.411-0500	DEBUG	protocol/handler.go:1591	have processed broadcast	{"{round 20 3  <nil>}": {"Key":"from","Type":15,"Integer":0,"String":"a","Interface":null}}
2025-08-15T22:13:43.411-0500	DEBUG	protocol/handler.go:1591	have processed broadcast	{"{round 20 3  <nil>}": {"Key":"from","Type":15,"Integer":0,"String":"a","Interface":null}}
2025-08-15T22:13:43.411-0500	DEBUG	protocol/handler.go:1591	have processed broadcast	{"{round 20 3  <nil>}": {"Key":"from","Type":15,"Integer":0,"String":"c","Interface":null}}
2025-08-15T22:13:43.411-0500	DEBUG	protocol/handler.go:1591	have processed broadcast	{"{round 20 3  <nil>}": {"Key":"from","Type":15,"Integer":0,"String":"b","Interface":null}}
2025-08-15T22:13:43.411-0500	DEBUG	protocol/handler.go:1649	have all messages and processed	{"{round 20 3  <nil>}": {"Key":"self","Type":15,"Integer":0,"String":"b","Interface":null}}
2025-08-15T22:13:43.411-0500	DEBUG	protocol/handler.go:1649	have all messages and processed	{"{round 20 3  <nil>}": {"Key":"self","Type":15,"Integer":0,"String":"c","Interface":null}}
2025-08-15T22:13:43.411-0500	DEBUG	protocol/handler.go:596	round already finalized
2025-08-15T22:13:43.411-0500	DEBUG	protocol/handler.go:596	round already finalized
2025-08-15T22:13:43.416-0500	DEBUG	protocol/handler.go:581	tryAdvanceRound called	{"{current_round 20 3  <nil>}": {"Key":"self","Type":15,"Integer":0,"String":"a","Interface":null}}
2025-08-15T22:13:43.417-0500	DEBUG	protocol/handler.go:1591	have processed broadcast	{"{round 20 3  <nil>}": {"Key":"from","Type":15,"Integer":0,"String":"b","Interface":null}}
2025-08-15T22:13:43.417-0500	DEBUG	protocol/handler.go:1591	have processed broadcast	{"{round 20 3  <nil>}": {"Key":"from","Type":15,"Integer":0,"String":"c","Interface":null}}
2025-08-15T22:13:43.417-0500	DEBUG	protocol/handler.go:1649	have all messages and processed	{"{round 20 3  <nil>}": {"Key":"self","Type":15,"Integer":0,"String":"a","Interface":null}}
2025-08-15T22:13:43.417-0500	DEBUG	protocol/handler.go:596	round already finalized
2025-08-15T22:13:43.421-0500	DEBUG	protocol/handler.go:581	tryAdvanceRound called	{"{current_round 20 3  <nil>}": {"Key":"self","Type":15,"Integer":0,"String":"b","Interface":null}}
2025-08-15T22:13:43.421-0500	DEBUG	protocol/handler.go:581	tryAdvanceRound called	{"{current_round 20 3  <nil>}": {"Key":"self","Type":15,"Integer":0,"String":"c","Interface":null}}
2025-08-15T22:13:43.421-0500	DEBUG	protocol/handler.go:1591	have processed broadcast	{"{round 20 3  <nil>}": {"Key":"from","Type":15,"Integer":0,"String":"a","Interface":null}}
2025-08-15T22:13:43.421-0500	DEBUG	protocol/handler.go:1591	have processed broadcast	{"{round 20 3  <nil>}": {"Key":"from","Type":15,"Integer":0,"String":"a","Interface":null}}
2025-08-15T22:13:43.421-0500	DEBUG	protocol/handler.go:1591	have processed broadcast	{"{round 20 3  <nil>}": {"Key":"from","Type":15,"Integer":0,"String":"c","Interface":null}}
2025-08-15T22:13:43.421-0500	DEBUG	protocol/handler.go:1591	have processed broadcast	{"{round 20 3  <nil>}": {"Key":"from","Type":15,"Integer":0,"String":"b","Interface":null}}
2025-08-15T22:13:43.421-0500	DEBUG	protocol/handler.go:1649	have all messages and processed	{"{round 20 3  <nil>}": {"Key":"self","Type":15,"Integer":0,"String":"b","Interface":null}}
2025-08-15T22:13:43.421-0500	DEBUG	protocol/handler.go:1649	have all messages and processed	{"{round 20 3  <nil>}": {"Key":"self","Type":15,"Integer":0,"String":"c","Interface":null}}
2025-08-15T22:13:43.421-0500	DEBUG	protocol/handler.go:596	round already finalized
2025-08-15T22:13:43.421-0500	DEBUG	protocol/handler.go:596	round already finalized
2025-08-15T22:13:43.427-0500	DEBUG	protocol/handler.go:581	tryAdvanceRound called	{"{current_round 20 3  <nil>}": {"Key":"self","Type":15,"Integer":0,"String":"a","Interface":null}}
2025-08-15T22:13:43.427-0500	DEBUG	protocol/handler.go:1591	have processed broadcast	{"{round 20 3  <nil>}": {"Key":"from","Type":15,"Integer":0,"String":"b","Interface":null}}
2025-08-15T22:13:43.427-0500	DEBUG	protocol/handler.go:1591	have processed broadcast	{"{round 20 3  <nil>}": {"Key":"from","Type":15,"Integer":0,"String":"c","Interface":null}}
2025-08-15T22:13:43.427-0500	DEBUG	protocol/handler.go:1649	have all messages and processed	{"{round 20 3  <nil>}": {"Key":"self","Type":15,"Integer":0,"String":"a","Interface":null}}
2025-08-15T22:13:43.427-0500	DEBUG	protocol/handler.go:596	round already finalized
2025-08-15T22:13:43.431-0500	DEBUG	protocol/handler.go:581	tryAdvanceRound called	{"{current_round 20 3  <nil>}": {"Key":"self","Type":15,"Integer":0,"String":"b","Interface":null}}
2025-08-15T22:13:43.431-0500	DEBUG	protocol/handler.go:1591	have processed broadcast	{"{round 20 3  <nil>}": {"Key":"from","Type":15,"Integer":0,"String":"a","Interface":null}}
2025-08-15T22:13:43.431-0500	DEBUG	protocol/handler.go:581	tryAdvanceRound called	{"{current_round 20 3  <nil>}": {"Key":"self","Type":15,"Integer":0,"String":"c","Interface":null}}
2025-08-15T22:13:43.431-0500	DEBUG	protocol/handler.go:1591	have processed broadcast	{"{round 20 3  <nil>}": {"Key":"from","Type":15,"Integer":0,"String":"c","Interface":null}}
2025-08-15T22:13:43.431-0500	DEBUG	protocol/handler.go:1591	have processed broadcast	{"{round 20 3  <nil>}": {"Key":"from","Type":15,"Integer":0,"String":"a","Interface":null}}
2025-08-15T22:13:43.431-0500	DEBUG	protocol/handler.go:1649	have all messages and processed	{"{round 20 3  <nil>}": {"Key":"self","Type":15,"Integer":0,"String":"b","Interface":null}}
2025-08-15T22:13:43.431-0500	DEBUG	protocol/handler.go:1591	have processed broadcast	{"{round 20 3  <nil>}": {"Key":"from","Type":15,"Integer":0,"String":"b","Interface":null}}
2025-08-15T22:13:43.431-0500	DEBUG	protocol/handler.go:596	round already finalized
2025-08-15T22:13:43.431-0500	DEBUG	protocol/handler.go:1649	have all messages and processed	{"{round 20 3  <nil>}": {"Key":"self","Type":15,"Integer":0,"String":"c","Interface":null}}
2025-08-15T22:13:43.431-0500	DEBUG	protocol/handler.go:596	round already finalized
2025-08-15T22:13:43.437-0500	DEBUG	protocol/handler.go:581	tryAdvanceRound called	{"{current_round 20 3  <nil>}": {"Key":"self","Type":15,"Integer":0,"String":"a","Interface":null}}
2025-08-15T22:13:43.437-0500	DEBUG	protocol/handler.go:1591	have processed broadcast	{"{round 20 3  <nil>}": {"Key":"from","Type":15,"Integer":0,"String":"b","Interface":null}}
2025-08-15T22:13:43.437-0500	DEBUG	protocol/handler.go:1591	have processed broadcast	{"{round 20 3  <nil>}": {"Key":"from","Type":15,"Integer":0,"String":"c","Interface":null}}
2025-08-15T22:13:43.437-0500	DEBUG	protocol/handler.go:1649	have all messages and processed	{"{round 20 3  <nil>}": {"Key":"self","Type":15,"Integer":0,"String":"a","Interface":null}}
2025-08-15T22:13:43.437-0500	DEBUG	protocol/handler.go:596	round already finalized
2025-08-15T22:13:43.441-0500	DEBUG	protocol/handler.go:581	tryAdvanceRound called	{"{current_round 20 3  <nil>}": {"Key":"self","Type":15,"Integer":0,"String":"b","Interface":null}}
2025-08-15T22:13:43.441-0500	DEBUG	protocol/handler.go:581	tryAdvanceRound called	{"{current_round 20 3  <nil>}": {"Key":"self","Type":15,"Integer":0,"String":"c","Interface":null}}
2025-08-15T22:13:43.441-0500	DEBUG	protocol/handler.go:1591	have processed broadcast	{"{round 20 3  <nil>}": {"Key":"from","Type":15,"Integer":0,"String":"a","Interface":null}}
2025-08-15T22:13:43.441-0500	DEBUG	protocol/handler.go:1591	have processed broadcast	{"{round 20 3  <nil>}": {"Key":"from","Type":15,"Integer":0,"String":"a","Interface":null}}
2025-08-15T22:13:43.441-0500	DEBUG	protocol/handler.go:1591	have processed broadcast	{"{round 20 3  <nil>}": {"Key":"from","Type":15,"Integer":0,"String":"c","Interface":null}}
2025-08-15T22:13:43.441-0500	DEBUG	protocol/handler.go:1591	have processed broadcast	{"{round 20 3  <nil>}": {"Key":"from","Type":15,"Integer":0,"String":"b","Interface":null}}
2025-08-15T22:13:43.441-0500	DEBUG	protocol/handler.go:1649	have all messages and processed	{"{round 20 3  <nil>}": {"Key":"self","Type":15,"Integer":0,"String":"b","Interface":null}}
2025-08-15T22:13:43.441-0500	DEBUG	protocol/handler.go:1649	have all messages and processed	{"{round 20 3  <nil>}": {"Key":"self","Type":15,"Integer":0,"String":"c","Interface":null}}
2025-08-15T22:13:43.441-0500	DEBUG	protocol/handler.go:596	round already finalized
2025-08-15T22:13:43.441-0500	DEBUG	protocol/handler.go:596	round already finalized
2025-08-15T22:13:43.447-0500	DEBUG	protocol/handler.go:581	tryAdvanceRound called	{"{current_round 20 3  <nil>}": {"Key":"self","Type":15,"Integer":0,"String":"a","Interface":null}}
2025-08-15T22:13:43.447-0500	DEBUG	protocol/handler.go:1591	have processed broadcast	{"{round 20 3  <nil>}": {"Key":"from","Type":15,"Integer":0,"String":"b","Interface":null}}
2025-08-15T22:13:43.447-0500	DEBUG	protocol/handler.go:1591	have processed broadcast	{"{round 20 3  <nil>}": {"Key":"from","Type":15,"Integer":0,"String":"c","Interface":null}}
2025-08-15T22:13:43.447-0500	DEBUG	protocol/handler.go:1649	have all messages and processed	{"{round 20 3  <nil>}": {"Key":"self","Type":15,"Integer":0,"String":"a","Interface":null}}
2025-08-15T22:13:43.447-0500	DEBUG	protocol/handler.go:596	round already finalized
2025-08-15T22:13:43.451-0500	DEBUG	protocol/handler.go:581	tryAdvanceRound called	{"{current_round 20 3  <nil>}": {"Key":"self","Type":15,"Integer":0,"String":"c","Interface":null}}
2025-08-15T22:13:43.451-0500	DEBUG	protocol/handler.go:581	tryAdvanceRound called	{"{current_round 20 3  <nil>}": {"Key":"self","Type":15,"Integer":0,"String":"b","Interface":null}}
2025-08-15T22:13:43.451-0500	DEBUG	protocol/handler.go:1591	have processed broadcast	{"{round 20 3  <nil>}": {"Key":"from","Type":15,"Integer":0,"String":"a","Interface":null}}
2025-08-15T22:13:43.451-0500	DEBUG	protocol/handler.go:1591	have processed broadcast	{"{round 20 3  <nil>}": {"Key":"from","Type":15,"Integer":0,"String":"a","Interface":null}}
2025-08-15T22:13:43.451-0500	DEBUG	protocol/handler.go:1591	have processed broadcast	{"{round 20 3  <nil>}": {"Key":"from","Type":15,"Integer":0,"String":"b","Interface":null}}
2025-08-15T22:13:43.451-0500	DEBUG	protocol/handler.go:1591	have processed broadcast	{"{round 20 3  <nil>}": {"Key":"from","Type":15,"Integer":0,"String":"c","Interface":null}}
2025-08-15T22:13:43.451-0500	DEBUG	protocol/handler.go:1649	have all messages and processed	{"{round 20 3  <nil>}": {"Key":"self","Type":15,"Integer":0,"String":"c","Interface":null}}
2025-08-15T22:13:43.451-0500	DEBUG	protocol/handler.go:1649	have all messages and processed	{"{round 20 3  <nil>}": {"Key":"self","Type":15,"Integer":0,"String":"b","Interface":null}}
2025-08-15T22:13:43.451-0500	DEBUG	protocol/handler.go:596	round already finalized
2025-08-15T22:13:43.451-0500	DEBUG	protocol/handler.go:596	round already finalized
2025-08-15T22:13:43.457-0500	DEBUG	protocol/handler.go:581	tryAdvanceRound called	{"{current_round 20 3  <nil>}": {"Key":"self","Type":15,"Integer":0,"String":"a","Interface":null}}
2025-08-15T22:13:43.457-0500	DEBUG	protocol/handler.go:1591	have processed broadcast	{"{round 20 3  <nil>}": {"Key":"from","Type":15,"Integer":0,"String":"b","Interface":null}}
2025-08-15T22:13:43.457-0500	DEBUG	protocol/handler.go:1591	have processed broadcast	{"{round 20 3  <nil>}": {"Key":"from","Type":15,"Integer":0,"String":"c","Interface":null}}
2025-08-15T22:13:43.457-0500	DEBUG	protocol/handler.go:1649	have all messages and processed	{"{round 20 3  <nil>}": {"Key":"self","Type":15,"Integer":0,"String":"a","Interface":null}}
2025-08-15T22:13:43.457-0500	DEBUG	protocol/handler.go:596	round already finalized
2025-08-15T22:13:43.461-0500	DEBUG	protocol/handler.go:581	tryAdvanceRound called	{"{current_round 20 3  <nil>}": {"Key":"self","Type":15,"Integer":0,"String":"b","Interface":null}}
2025-08-15T22:13:43.461-0500	DEBUG	protocol/handler.go:1591	have processed broadcast	{"{round 20 3  <nil>}": {"Key":"from","Type":15,"Integer":0,"String":"a","Interface":null}}
2025-08-15T22:13:43.461-0500	DEBUG	protocol/handler.go:581	tryAdvanceRound called	{"{current_round 20 3  <nil>}": {"Key":"self","Type":15,"Integer":0,"String":"c","Interface":null}}
2025-08-15T22:13:43.461-0500	DEBUG	protocol/handler.go:1591	have processed broadcast	{"{round 20 3  <nil>}": {"Key":"from","Type":15,"Integer":0,"String":"c","Interface":null}}
2025-08-15T22:13:43.461-0500	DEBUG	protocol/handler.go:1591	have processed broadcast	{"{round 20 3  <nil>}": {"Key":"from","Type":15,"Integer":0,"String":"a","Interface":null}}
2025-08-15T22:13:43.461-0500	DEBUG	protocol/handler.go:1649	have all messages and processed	{"{round 20 3  <nil>}": {"Key":"self","Type":15,"Integer":0,"String":"b","Interface":null}}
2025-08-15T22:13:43.461-0500	DEBUG	protocol/handler.go:596	round already finalized
2025-08-15T22:13:43.461-0500	DEBUG	protocol/handler.go:1591	have processed broadcast	{"{round 20 3  <nil>}": {"Key":"from","Type":15,"Integer":0,"String":"b","Interface":null}}
2025-08-15T22:13:43.461-0500	DEBUG	protocol/handler.go:1649	have all messages and processed	{"{round 20 3  <nil>}": {"Key":"self","Type":15,"Integer":0,"String":"c","Interface":null}}
2025-08-15T22:13:43.461-0500	DEBUG	protocol/handler.go:596	round already finalized
2025-08-15T22:13:43.467-0500	DEBUG	protocol/handler.go:581	tryAdvanceRound called	{"{current_round 20 3  <nil>}": {"Key":"self","Type":15,"Integer":0,"String":"a","Interface":null}}
2025-08-15T22:13:43.467-0500	DEBUG	protocol/handler.go:1591	have processed broadcast	{"{round 20 3  <nil>}": {"Key":"from","Type":15,"Integer":0,"String":"b","Interface":null}}
2025-08-15T22:13:43.467-0500	DEBUG	protocol/handler.go:1591	have processed broadcast	{"{round 20 3  <nil>}": {"Key":"from","Type":15,"Integer":0,"String":"c","Interface":null}}
2025-08-15T22:13:43.467-0500	DEBUG	protocol/handler.go:1649	have all messages and processed	{"{round 20 3  <nil>}": {"Key":"self","Type":15,"Integer":0,"String":"a","Interface":null}}
2025-08-15T22:13:43.467-0500	DEBUG	protocol/handler.go:596	round already finalized
2025-08-15T22:13:43.471-0500	DEBUG	protocol/handler.go:581	tryAdvanceRound called	{"{current_round 20 3  <nil>}": {"Key":"self","Type":15,"Integer":0,"String":"b","Interface":null}}
2025-08-15T22:13:43.471-0500	DEBUG	protocol/handler.go:1591	have processed broadcast	{"{round 20 3  <nil>}": {"Key":"from","Type":15,"Integer":0,"String":"a","Interface":null}}
2025-08-15T22:13:43.472-0500	DEBUG	protocol/handler.go:1591	have processed broadcast	{"{round 20 3  <nil>}": {"Key":"from","Type":15,"Integer":0,"String":"c","Interface":null}}
2025-08-15T22:13:43.472-0500	DEBUG	protocol/handler.go:1649	have all messages and processed	{"{round 20 3  <nil>}": {"Key":"self","Type":15,"Integer":0,"String":"b","Interface":null}}
2025-08-15T22:13:43.472-0500	DEBUG	protocol/handler.go:596	round already finalized
2025-08-15T22:13:43.471-0500	DEBUG	protocol/handler.go:581	tryAdvanceRound called	{"{current_round 20 3  <nil>}": {"Key":"self","Type":15,"Integer":0,"String":"c","Interface":null}}
2025-08-15T22:13:43.472-0500	DEBUG	protocol/handler.go:1591	have processed broadcast	{"{round 20 3  <nil>}": {"Key":"from","Type":15,"Integer":0,"String":"a","Interface":null}}
2025-08-15T22:13:43.472-0500	DEBUG	protocol/handler.go:1591	have processed broadcast	{"{round 20 3  <nil>}": {"Key":"from","Type":15,"Integer":0,"String":"b","Interface":null}}
2025-08-15T22:13:43.472-0500	DEBUG	protocol/handler.go:1649	have all messages and processed	{"{round 20 3  <nil>}": {"Key":"self","Type":15,"Integer":0,"String":"c","Interface":null}}
2025-08-15T22:13:43.472-0500	DEBUG	protocol/handler.go:596	round already finalized
2025-08-15T22:13:43.476-0500	DEBUG	protocol/handler.go:581	tryAdvanceRound called	{"{current_round 20 3  <nil>}": {"Key":"self","Type":15,"Integer":0,"String":"a","Interface":null}}
2025-08-15T22:13:43.477-0500	DEBUG	protocol/handler.go:1591	have processed broadcast	{"{round 20 3  <nil>}": {"Key":"from","Type":15,"Integer":0,"String":"b","Interface":null}}
2025-08-15T22:13:43.477-0500	DEBUG	protocol/handler.go:1591	have processed broadcast	{"{round 20 3  <nil>}": {"Key":"from","Type":15,"Integer":0,"String":"c","Interface":null}}
2025-08-15T22:13:43.477-0500	DEBUG	protocol/handler.go:1649	have all messages and processed	{"{round 20 3  <nil>}": {"Key":"self","Type":15,"Integer":0,"String":"a","Interface":null}}
2025-08-15T22:13:43.477-0500	DEBUG	protocol/handler.go:596	round already finalized
2025-08-15T22:13:43.481-0500	DEBUG	protocol/handler.go:581	tryAdvanceRound called	{"{current_round 20 3  <nil>}": {"Key":"self","Type":15,"Integer":0,"String":"b","Interface":null}}
2025-08-15T22:13:43.481-0500	DEBUG	protocol/handler.go:1591	have processed broadcast	{"{round 20 3  <nil>}": {"Key":"from","Type":15,"Integer":0,"String":"a","Interface":null}}
2025-08-15T22:13:43.481-0500	DEBUG	protocol/handler.go:1591	have processed broadcast	{"{round 20 3  <nil>}": {"Key":"from","Type":15,"Integer":0,"String":"c","Interface":null}}
2025-08-15T22:13:43.481-0500	DEBUG	protocol/handler.go:1649	have all messages and processed	{"{round 20 3  <nil>}": {"Key":"self","Type":15,"Integer":0,"String":"b","Interface":null}}
2025-08-15T22:13:43.481-0500	DEBUG	protocol/handler.go:596	round already finalized
2025-08-15T22:13:43.481-0500	DEBUG	protocol/handler.go:581	tryAdvanceRound called	{"{current_round 20 3  <nil>}": {"Key":"self","Type":15,"Integer":0,"String":"c","Interface":null}}
2025-08-15T22:13:43.481-0500	DEBUG	protocol/handler.go:1591	have processed broadcast	{"{round 20 3  <nil>}": {"Key":"from","Type":15,"Integer":0,"String":"a","Interface":null}}
2025-08-15T22:13:43.481-0500	DEBUG	protocol/handler.go:1591	have processed broadcast	{"{round 20 3  <nil>}": {"Key":"from","Type":15,"Integer":0,"String":"b","Interface":null}}
2025-08-15T22:13:43.481-0500	DEBUG	protocol/handler.go:1649	have all messages and processed	{"{round 20 3  <nil>}": {"Key":"self","Type":15,"Integer":0,"String":"c","Interface":null}}
2025-08-15T22:13:43.481-0500	DEBUG	protocol/handler.go:596	round already finalized
2025-08-15T22:13:43.487-0500	DEBUG	protocol/handler.go:581	tryAdvanceRound called	{"{current_round 20 3  <nil>}": {"Key":"self","Type":15,"Integer":0,"String":"a","Interface":null}}
2025-08-15T22:13:43.487-0500	DEBUG	protocol/handler.go:1591	have processed broadcast	{"{round 20 3  <nil>}": {"Key":"from","Type":15,"Integer":0,"String":"b","Interface":null}}
2025-08-15T22:13:43.487-0500	DEBUG	protocol/handler.go:1591	have processed broadcast	{"{round 20 3  <nil>}": {"Key":"from","Type":15,"Integer":0,"String":"c","Interface":null}}
2025-08-15T22:13:43.487-0500	DEBUG	protocol/handler.go:1649	have all messages and processed	{"{round 20 3  <nil>}": {"Key":"self","Type":15,"Integer":0,"String":"a","Interface":null}}
2025-08-15T22:13:43.487-0500	DEBUG	protocol/handler.go:596	round already finalized
2025-08-15T22:13:43.491-0500	DEBUG	protocol/handler.go:581	tryAdvanceRound called	{"{current_round 20 3  <nil>}": {"Key":"self","Type":15,"Integer":0,"String":"b","Interface":null}}
2025-08-15T22:13:43.491-0500	DEBUG	protocol/handler.go:1591	have processed broadcast	{"{round 20 3  <nil>}": {"Key":"from","Type":15,"Integer":0,"String":"a","Interface":null}}
2025-08-15T22:13:43.491-0500	DEBUG	protocol/handler.go:581	tryAdvanceRound called	{"{current_round 20 3  <nil>}": {"Key":"self","Type":15,"Integer":0,"String":"c","Interface":null}}
2025-08-15T22:13:43.491-0500	DEBUG	protocol/handler.go:1591	have processed broadcast	{"{round 20 3  <nil>}": {"Key":"from","Type":15,"Integer":0,"String":"c","Interface":null}}
2025-08-15T22:13:43.491-0500	DEBUG	protocol/handler.go:1591	have processed broadcast	{"{round 20 3  <nil>}": {"Key":"from","Type":15,"Integer":0,"String":"a","Interface":null}}
2025-08-15T22:13:43.491-0500	DEBUG	protocol/handler.go:1649	have all messages and processed	{"{round 20 3  <nil>}": {"Key":"self","Type":15,"Integer":0,"String":"b","Interface":null}}
2025-08-15T22:13:43.491-0500	DEBUG	protocol/handler.go:596	round already finalized
2025-08-15T22:13:43.491-0500	DEBUG	protocol/handler.go:1591	have processed broadcast	{"{round 20 3  <nil>}": {"Key":"from","Type":15,"Integer":0,"String":"b","Interface":null}}
2025-08-15T22:13:43.491-0500	DEBUG	protocol/handler.go:1649	have all messages and processed	{"{round 20 3  <nil>}": {"Key":"self","Type":15,"Integer":0,"String":"c","Interface":null}}
2025-08-15T22:13:43.491-0500	DEBUG	protocol/handler.go:596	round already finalized
2025-08-15T22:13:43.497-0500	DEBUG	protocol/handler.go:581	tryAdvanceRound called	{"{current_round 20 3  <nil>}": {"Key":"self","Type":15,"Integer":0,"String":"a","Interface":null}}
2025-08-15T22:13:43.497-0500	DEBUG	protocol/handler.go:1591	have processed broadcast	{"{round 20 3  <nil>}": {"Key":"from","Type":15,"Integer":0,"String":"b","Interface":null}}
2025-08-15T22:13:43.497-0500	DEBUG	protocol/handler.go:1591	have processed broadcast	{"{round 20 3  <nil>}": {"Key":"from","Type":15,"Integer":0,"String":"c","Interface":null}}
2025-08-15T22:13:43.497-0500	DEBUG	protocol/handler.go:1649	have all messages and processed	{"{round 20 3  <nil>}": {"Key":"self","Type":15,"Integer":0,"String":"a","Interface":null}}
2025-08-15T22:13:43.497-0500	DEBUG	protocol/handler.go:596	round already finalized
2025-08-15T22:13:43.501-0500	DEBUG	protocol/handler.go:581	tryAdvanceRound called	{"{current_round 20 3  <nil>}": {"Key":"self","Type":15,"Integer":0,"String":"b","Interface":null}}
2025-08-15T22:13:43.501-0500	DEBUG	protocol/handler.go:581	tryAdvanceRound called	{"{current_round 20 3  <nil>}": {"Key":"self","Type":15,"Integer":0,"String":"c","Interface":null}}
2025-08-15T22:13:43.501-0500	DEBUG	protocol/handler.go:1591	have processed broadcast	{"{round 20 3  <nil>}": {"Key":"from","Type":15,"Integer":0,"String":"a","Interface":null}}
2025-08-15T22:13:43.501-0500	DEBUG	protocol/handler.go:1591	have processed broadcast	{"{round 20 3  <nil>}": {"Key":"from","Type":15,"Integer":0,"String":"c","Interface":null}}
2025-08-15T22:13:43.501-0500	DEBUG	protocol/handler.go:1591	have processed broadcast	{"{round 20 3  <nil>}": {"Key":"from","Type":15,"Integer":0,"String":"a","Interface":null}}
2025-08-15T22:13:43.501-0500	DEBUG	protocol/handler.go:1649	have all messages and processed	{"{round 20 3  <nil>}": {"Key":"self","Type":15,"Integer":0,"String":"b","Interface":null}}
2025-08-15T22:13:43.501-0500	DEBUG	protocol/handler.go:1591	have processed broadcast	{"{round 20 3  <nil>}": {"Key":"from","Type":15,"Integer":0,"String":"b","Interface":null}}
2025-08-15T22:13:43.501-0500	DEBUG	protocol/handler.go:596	round already finalized
2025-08-15T22:13:43.501-0500	DEBUG	protocol/handler.go:1649	have all messages and processed	{"{round 20 3  <nil>}": {"Key":"self","Type":15,"Integer":0,"String":"c","Interface":null}}
2025-08-15T22:13:43.501-0500	DEBUG	protocol/handler.go:596	round already finalized
2025-08-15T22:13:43.507-0500	DEBUG	protocol/handler.go:581	tryAdvanceRound called	{"{current_round 20 3  <nil>}": {"Key":"self","Type":15,"Integer":0,"String":"a","Interface":null}}
2025-08-15T22:13:43.507-0500	DEBUG	protocol/handler.go:1591	have processed broadcast	{"{round 20 3  <nil>}": {"Key":"from","Type":15,"Integer":0,"String":"b","Interface":null}}
2025-08-15T22:13:43.507-0500	DEBUG	protocol/handler.go:1591	have processed broadcast	{"{round 20 3  <nil>}": {"Key":"from","Type":15,"Integer":0,"String":"c","Interface":null}}
2025-08-15T22:13:43.507-0500	DEBUG	protocol/handler.go:1649	have all messages and processed	{"{round 20 3  <nil>}": {"Key":"self","Type":15,"Integer":0,"String":"a","Interface":null}}
2025-08-15T22:13:43.507-0500	DEBUG	protocol/handler.go:596	round already finalized
2025-08-15T22:13:43.511-0500	DEBUG	protocol/handler.go:581	tryAdvanceRound called	{"{current_round 20 3  <nil>}": {"Key":"self","Type":15,"Integer":0,"String":"b","Interface":null}}
2025-08-15T22:13:43.511-0500	DEBUG	protocol/handler.go:1591	have processed broadcast	{"{round 20 3  <nil>}": {"Key":"from","Type":15,"Integer":0,"String":"a","Interface":null}}
2025-08-15T22:13:43.511-0500	DEBUG	protocol/handler.go:1591	have processed broadcast	{"{round 20 3  <nil>}": {"Key":"from","Type":15,"Integer":0,"String":"c","Interface":null}}
2025-08-15T22:13:43.511-0500	DEBUG	protocol/handler.go:1649	have all messages and processed	{"{round 20 3  <nil>}": {"Key":"self","Type":15,"Integer":0,"String":"b","Interface":null}}
2025-08-15T22:13:43.511-0500	DEBUG	protocol/handler.go:596	round already finalized
2025-08-15T22:13:43.511-0500	DEBUG	protocol/handler.go:581	tryAdvanceRound called	{"{current_round 20 3  <nil>}": {"Key":"self","Type":15,"Integer":0,"String":"c","Interface":null}}
2025-08-15T22:13:43.511-0500	DEBUG	protocol/handler.go:1591	have processed broadcast	{"{round 20 3  <nil>}": {"Key":"from","Type":15,"Integer":0,"String":"a","Interface":null}}
2025-08-15T22:13:43.511-0500	DEBUG	protocol/handler.go:1591	have processed broadcast	{"{round 20 3  <nil>}": {"Key":"from","Type":15,"Integer":0,"String":"b","Interface":null}}
2025-08-15T22:13:43.511-0500	DEBUG	protocol/handler.go:1649	have all messages and processed	{"{round 20 3  <nil>}": {"Key":"self","Type":15,"Integer":0,"String":"c","Interface":null}}
2025-08-15T22:13:43.511-0500	DEBUG	protocol/handler.go:596	round already finalized
2025-08-15T22:13:43.517-0500	DEBUG	protocol/handler.go:581	tryAdvanceRound called	{"{current_round 20 3  <nil>}": {"Key":"self","Type":15,"Integer":0,"String":"a","Interface":null}}
2025-08-15T22:13:43.517-0500	DEBUG	protocol/handler.go:1591	have processed broadcast	{"{round 20 3  <nil>}": {"Key":"from","Type":15,"Integer":0,"String":"b","Interface":null}}
2025-08-15T22:13:43.517-0500	DEBUG	protocol/handler.go:1591	have processed broadcast	{"{round 20 3  <nil>}": {"Key":"from","Type":15,"Integer":0,"String":"c","Interface":null}}
2025-08-15T22:13:43.517-0500	DEBUG	protocol/handler.go:1649	have all messages and processed	{"{round 20 3  <nil>}": {"Key":"self","Type":15,"Integer":0,"String":"a","Interface":null}}
2025-08-15T22:13:43.517-0500	DEBUG	protocol/handler.go:596	round already finalized
2025-08-15T22:13:43.521-0500	DEBUG	protocol/handler.go:581	tryAdvanceRound called	{"{current_round 20 3  <nil>}": {"Key":"self","Type":15,"Integer":0,"String":"b","Interface":null}}
2025-08-15T22:13:43.521-0500	DEBUG	protocol/handler.go:581	tryAdvanceRound called	{"{current_round 20 3  <nil>}": {"Key":"self","Type":15,"Integer":0,"String":"c","Interface":null}}
2025-08-15T22:13:43.521-0500	DEBUG	protocol/handler.go:1591	have processed broadcast	{"{round 20 3  <nil>}": {"Key":"from","Type":15,"Integer":0,"String":"a","Interface":null}}
2025-08-15T22:13:43.521-0500	DEBUG	protocol/handler.go:1591	have processed broadcast	{"{round 20 3  <nil>}": {"Key":"from","Type":15,"Integer":0,"String":"c","Interface":null}}
2025-08-15T22:13:43.521-0500	DEBUG	protocol/handler.go:1591	have processed broadcast	{"{round 20 3  <nil>}": {"Key":"from","Type":15,"Integer":0,"String":"a","Interface":null}}
2025-08-15T22:13:43.521-0500	DEBUG	protocol/handler.go:1649	have all messages and processed	{"{round 20 3  <nil>}": {"Key":"self","Type":15,"Integer":0,"String":"b","Interface":null}}
2025-08-15T22:13:43.521-0500	DEBUG	protocol/handler.go:1591	have processed broadcast	{"{round 20 3  <nil>}": {"Key":"from","Type":15,"Integer":0,"String":"b","Interface":null}}
2025-08-15T22:13:43.521-0500	DEBUG	protocol/handler.go:596	round already finalized
2025-08-15T22:13:43.521-0500	DEBUG	protocol/handler.go:1649	have all messages and processed	{"{round 20 3  <nil>}": {"Key":"self","Type":15,"Integer":0,"String":"c","Interface":null}}
2025-08-15T22:13:43.521-0500	DEBUG	protocol/handler.go:596	round already finalized
2025-08-15T22:13:43.527-0500	DEBUG	protocol/handler.go:581	tryAdvanceRound called	{"{current_round 20 3  <nil>}": {"Key":"self","Type":15,"Integer":0,"String":"a","Interface":null}}
2025-08-15T22:13:43.527-0500	DEBUG	protocol/handler.go:1591	have processed broadcast	{"{round 20 3  <nil>}": {"Key":"from","Type":15,"Integer":0,"String":"b","Interface":null}}
2025-08-15T22:13:43.527-0500	DEBUG	protocol/handler.go:1591	have processed broadcast	{"{round 20 3  <nil>}": {"Key":"from","Type":15,"Integer":0,"String":"c","Interface":null}}
2025-08-15T22:13:43.527-0500	DEBUG	protocol/handler.go:1649	have all messages and processed	{"{round 20 3  <nil>}": {"Key":"self","Type":15,"Integer":0,"String":"a","Interface":null}}
2025-08-15T22:13:43.527-0500	DEBUG	protocol/handler.go:596	round already finalized
2025-08-15T22:13:43.531-0500	DEBUG	protocol/handler.go:581	tryAdvanceRound called	{"{current_round 20 3  <nil>}": {"Key":"self","Type":15,"Integer":0,"String":"b","Interface":null}}
2025-08-15T22:13:43.531-0500	DEBUG	protocol/handler.go:581	tryAdvanceRound called	{"{current_round 20 3  <nil>}": {"Key":"self","Type":15,"Integer":0,"String":"c","Interface":null}}
2025-08-15T22:13:43.531-0500	DEBUG	protocol/handler.go:1591	have processed broadcast	{"{round 20 3  <nil>}": {"Key":"from","Type":15,"Integer":0,"String":"a","Interface":null}}
2025-08-15T22:13:43.531-0500	DEBUG	protocol/handler.go:1591	have processed broadcast	{"{round 20 3  <nil>}": {"Key":"from","Type":15,"Integer":0,"String":"a","Interface":null}}
2025-08-15T22:13:43.531-0500	DEBUG	protocol/handler.go:1591	have processed broadcast	{"{round 20 3  <nil>}": {"Key":"from","Type":15,"Integer":0,"String":"c","Interface":null}}
2025-08-15T22:13:43.531-0500	DEBUG	protocol/handler.go:1591	have processed broadcast	{"{round 20 3  <nil>}": {"Key":"from","Type":15,"Integer":0,"String":"b","Interface":null}}
2025-08-15T22:13:43.531-0500	DEBUG	protocol/handler.go:1649	have all messages and processed	{"{round 20 3  <nil>}": {"Key":"self","Type":15,"Integer":0,"String":"b","Interface":null}}
2025-08-15T22:13:43.531-0500	DEBUG	protocol/handler.go:1649	have all messages and processed	{"{round 20 3  <nil>}": {"Key":"self","Type":15,"Integer":0,"String":"c","Interface":null}}
2025-08-15T22:13:43.531-0500	DEBUG	protocol/handler.go:596	round already finalized
2025-08-15T22:13:43.531-0500	DEBUG	protocol/handler.go:596	round already finalized
2025-08-15T22:13:43.537-0500	DEBUG	protocol/handler.go:581	tryAdvanceRound called	{"{current_round 20 3  <nil>}": {"Key":"self","Type":15,"Integer":0,"String":"a","Interface":null}}
2025-08-15T22:13:43.537-0500	DEBUG	protocol/handler.go:1591	have processed broadcast	{"{round 20 3  <nil>}": {"Key":"from","Type":15,"Integer":0,"String":"b","Interface":null}}
2025-08-15T22:13:43.537-0500	DEBUG	protocol/handler.go:1591	have processed broadcast	{"{round 20 3  <nil>}": {"Key":"from","Type":15,"Integer":0,"String":"c","Interface":null}}
2025-08-15T22:13:43.537-0500	DEBUG	protocol/handler.go:1649	have all messages and processed	{"{round 20 3  <nil>}": {"Key":"self","Type":15,"Integer":0,"String":"a","Interface":null}}
2025-08-15T22:13:43.537-0500	DEBUG	protocol/handler.go:596	round already finalized
2025-08-15T22:13:43.541-0500	DEBUG	protocol/handler.go:581	tryAdvanceRound called	{"{current_round 20 3  <nil>}": {"Key":"self","Type":15,"Integer":0,"String":"b","Interface":null}}
2025-08-15T22:13:43.541-0500	DEBUG	protocol/handler.go:581	tryAdvanceRound called	{"{current_round 20 3  <nil>}": {"Key":"self","Type":15,"Integer":0,"String":"c","Interface":null}}
2025-08-15T22:13:43.541-0500	DEBUG	protocol/handler.go:1591	have processed broadcast	{"{round 20 3  <nil>}": {"Key":"from","Type":15,"Integer":0,"String":"a","Interface":null}}
2025-08-15T22:13:43.541-0500	DEBUG	protocol/handler.go:1591	have processed broadcast	{"{round 20 3  <nil>}": {"Key":"from","Type":15,"Integer":0,"String":"a","Interface":null}}
2025-08-15T22:13:43.541-0500	DEBUG	protocol/handler.go:1591	have processed broadcast	{"{round 20 3  <nil>}": {"Key":"from","Type":15,"Integer":0,"String":"b","Interface":null}}
2025-08-15T22:13:43.541-0500	DEBUG	protocol/handler.go:1591	have processed broadcast	{"{round 20 3  <nil>}": {"Key":"from","Type":15,"Integer":0,"String":"c","Interface":null}}
2025-08-15T22:13:43.541-0500	DEBUG	protocol/handler.go:1649	have all messages and processed	{"{round 20 3  <nil>}": {"Key":"self","Type":15,"Integer":0,"String":"c","Interface":null}}
2025-08-15T22:13:43.541-0500	DEBUG	protocol/handler.go:1649	have all messages and processed	{"{round 20 3  <nil>}": {"Key":"self","Type":15,"Integer":0,"String":"b","Interface":null}}
2025-08-15T22:13:43.541-0500	DEBUG	protocol/handler.go:596	round already finalized
2025-08-15T22:13:43.541-0500	DEBUG	protocol/handler.go:596	round already finalized
2025-08-15T22:13:43.547-0500	DEBUG	protocol/handler.go:581	tryAdvanceRound called	{"{current_round 20 3  <nil>}": {"Key":"self","Type":15,"Integer":0,"String":"a","Interface":null}}
2025-08-15T22:13:43.547-0500	DEBUG	protocol/handler.go:1591	have processed broadcast	{"{round 20 3  <nil>}": {"Key":"from","Type":15,"Integer":0,"String":"b","Interface":null}}
2025-08-15T22:13:43.547-0500	DEBUG	protocol/handler.go:1591	have processed broadcast	{"{round 20 3  <nil>}": {"Key":"from","Type":15,"Integer":0,"String":"c","Interface":null}}
2025-08-15T22:13:43.547-0500	DEBUG	protocol/handler.go:1649	have all messages and processed	{"{round 20 3  <nil>}": {"Key":"self","Type":15,"Integer":0,"String":"a","Interface":null}}
2025-08-15T22:13:43.547-0500	DEBUG	protocol/handler.go:596	round already finalized
2025-08-15T22:13:43.551-0500	DEBUG	protocol/handler.go:581	tryAdvanceRound called	{"{current_round 20 3  <nil>}": {"Key":"self","Type":15,"Integer":0,"String":"b","Interface":null}}
2025-08-15T22:13:43.552-0500	DEBUG	protocol/handler.go:581	tryAdvanceRound called	{"{current_round 20 3  <nil>}": {"Key":"self","Type":15,"Integer":0,"String":"c","Interface":null}}
2025-08-15T22:13:43.552-0500	DEBUG	protocol/handler.go:1591	have processed broadcast	{"{round 20 3  <nil>}": {"Key":"from","Type":15,"Integer":0,"String":"a","Interface":null}}
2025-08-15T22:13:43.552-0500	DEBUG	protocol/handler.go:1591	have processed broadcast	{"{round 20 3  <nil>}": {"Key":"from","Type":15,"Integer":0,"String":"c","Interface":null}}
2025-08-15T22:13:43.552-0500	DEBUG	protocol/handler.go:1649	have all messages and processed	{"{round 20 3  <nil>}": {"Key":"self","Type":15,"Integer":0,"String":"b","Interface":null}}
2025-08-15T22:13:43.553-0500	DEBUG	protocol/handler.go:596	round already finalized
2025-08-15T22:13:43.553-0500	DEBUG	protocol/handler.go:1591	have processed broadcast	{"{round 20 3  <nil>}": {"Key":"from","Type":15,"Integer":0,"String":"a","Interface":null}}
2025-08-15T22:13:43.553-0500	DEBUG	protocol/handler.go:1591	have processed broadcast	{"{round 20 3  <nil>}": {"Key":"from","Type":15,"Integer":0,"String":"b","Interface":null}}
2025-08-15T22:13:43.553-0500	DEBUG	protocol/handler.go:1649	have all messages and processed	{"{round 20 3  <nil>}": {"Key":"self","Type":15,"Integer":0,"String":"c","Interface":null}}
2025-08-15T22:13:43.553-0500	DEBUG	protocol/handler.go:596	round already finalized
2025-08-15T22:13:43.556-0500	DEBUG	protocol/handler.go:581	tryAdvanceRound called	{"{current_round 20 3  <nil>}": {"Key":"self","Type":15,"Integer":0,"String":"a","Interface":null}}
2025-08-15T22:13:43.556-0500	DEBUG	protocol/handler.go:1591	have processed broadcast	{"{round 20 3  <nil>}": {"Key":"from","Type":15,"Integer":0,"String":"b","Interface":null}}
2025-08-15T22:13:43.556-0500	DEBUG	protocol/handler.go:1591	have processed broadcast	{"{round 20 3  <nil>}": {"Key":"from","Type":15,"Integer":0,"String":"c","Interface":null}}
2025-08-15T22:13:43.557-0500	DEBUG	protocol/handler.go:1649	have all messages and processed	{"{round 20 3  <nil>}": {"Key":"self","Type":15,"Integer":0,"String":"a","Interface":null}}
2025-08-15T22:13:43.557-0500	DEBUG	protocol/handler.go:596	round already finalized
2025-08-15T22:13:43.561-0500	DEBUG	protocol/handler.go:581	tryAdvanceRound called	{"{current_round 20 3  <nil>}": {"Key":"self","Type":15,"Integer":0,"String":"b","Interface":null}}
2025-08-15T22:13:43.561-0500	DEBUG	protocol/handler.go:1591	have processed broadcast	{"{round 20 3  <nil>}": {"Key":"from","Type":15,"Integer":0,"String":"a","Interface":null}}
2025-08-15T22:13:43.561-0500	DEBUG	protocol/handler.go:1591	have processed broadcast	{"{round 20 3  <nil>}": {"Key":"from","Type":15,"Integer":0,"String":"c","Interface":null}}
2025-08-15T22:13:43.561-0500	DEBUG	protocol/handler.go:581	tryAdvanceRound called	{"{current_round 20 3  <nil>}": {"Key":"self","Type":15,"Integer":0,"String":"c","Interface":null}}
2025-08-15T22:13:43.561-0500	DEBUG	protocol/handler.go:1649	have all messages and processed	{"{round 20 3  <nil>}": {"Key":"self","Type":15,"Integer":0,"String":"b","Interface":null}}
2025-08-15T22:13:43.561-0500	DEBUG	protocol/handler.go:596	round already finalized
2025-08-15T22:13:43.561-0500	DEBUG	protocol/handler.go:1591	have processed broadcast	{"{round 20 3  <nil>}": {"Key":"from","Type":15,"Integer":0,"String":"a","Interface":null}}
2025-08-15T22:13:43.561-0500	DEBUG	protocol/handler.go:1591	have processed broadcast	{"{round 20 3  <nil>}": {"Key":"from","Type":15,"Integer":0,"String":"b","Interface":null}}
2025-08-15T22:13:43.561-0500	DEBUG	protocol/handler.go:1649	have all messages and processed	{"{round 20 3  <nil>}": {"Key":"self","Type":15,"Integer":0,"String":"c","Interface":null}}
2025-08-15T22:13:43.561-0500	DEBUG	protocol/handler.go:596	round already finalized
2025-08-15T22:13:43.567-0500	DEBUG	protocol/handler.go:581	tryAdvanceRound called	{"{current_round 20 3  <nil>}": {"Key":"self","Type":15,"Integer":0,"String":"a","Interface":null}}
2025-08-15T22:13:43.567-0500	DEBUG	protocol/handler.go:1591	have processed broadcast	{"{round 20 3  <nil>}": {"Key":"from","Type":15,"Integer":0,"String":"b","Interface":null}}
2025-08-15T22:13:43.567-0500	DEBUG	protocol/handler.go:1591	have processed broadcast	{"{round 20 3  <nil>}": {"Key":"from","Type":15,"Integer":0,"String":"c","Interface":null}}
2025-08-15T22:13:43.567-0500	DEBUG	protocol/handler.go:1649	have all messages and processed	{"{round 20 3  <nil>}": {"Key":"self","Type":15,"Integer":0,"String":"a","Interface":null}}
2025-08-15T22:13:43.567-0500	DEBUG	protocol/handler.go:596	round already finalized
2025-08-15T22:13:43.571-0500	DEBUG	protocol/handler.go:581	tryAdvanceRound called	{"{current_round 20 3  <nil>}": {"Key":"self","Type":15,"Integer":0,"String":"b","Interface":null}}
2025-08-15T22:13:43.571-0500	DEBUG	protocol/handler.go:1591	have processed broadcast	{"{round 20 3  <nil>}": {"Key":"from","Type":15,"Integer":0,"String":"a","Interface":null}}
2025-08-15T22:13:43.571-0500	DEBUG	protocol/handler.go:1591	have processed broadcast	{"{round 20 3  <nil>}": {"Key":"from","Type":15,"Integer":0,"String":"c","Interface":null}}
2025-08-15T22:13:43.571-0500	DEBUG	protocol/handler.go:1649	have all messages and processed	{"{round 20 3  <nil>}": {"Key":"self","Type":15,"Integer":0,"String":"b","Interface":null}}
2025-08-15T22:13:43.571-0500	DEBUG	protocol/handler.go:581	tryAdvanceRound called	{"{current_round 20 3  <nil>}": {"Key":"self","Type":15,"Integer":0,"String":"c","Interface":null}}
2025-08-15T22:13:43.571-0500	DEBUG	protocol/handler.go:596	round already finalized
2025-08-15T22:13:43.571-0500	DEBUG	protocol/handler.go:1591	have processed broadcast	{"{round 20 3  <nil>}": {"Key":"from","Type":15,"Integer":0,"String":"a","Interface":null}}
2025-08-15T22:13:43.571-0500	DEBUG	protocol/handler.go:1591	have processed broadcast	{"{round 20 3  <nil>}": {"Key":"from","Type":15,"Integer":0,"String":"b","Interface":null}}
2025-08-15T22:13:43.571-0500	DEBUG	protocol/handler.go:1649	have all messages and processed	{"{round 20 3  <nil>}": {"Key":"self","Type":15,"Integer":0,"String":"c","Interface":null}}
2025-08-15T22:13:43.571-0500	DEBUG	protocol/handler.go:596	round already finalized
2025-08-15T22:13:43.577-0500	DEBUG	protocol/handler.go:581	tryAdvanceRound called	{"{current_round 20 3  <nil>}": {"Key":"self","Type":15,"Integer":0,"String":"a","Interface":null}}
2025-08-15T22:13:43.577-0500	DEBUG	protocol/handler.go:1591	have processed broadcast	{"{round 20 3  <nil>}": {"Key":"from","Type":15,"Integer":0,"String":"b","Interface":null}}
2025-08-15T22:13:43.577-0500	DEBUG	protocol/handler.go:1591	have processed broadcast	{"{round 20 3  <nil>}": {"Key":"from","Type":15,"Integer":0,"String":"c","Interface":null}}
2025-08-15T22:13:43.577-0500	DEBUG	protocol/handler.go:1649	have all messages and processed	{"{round 20 3  <nil>}": {"Key":"self","Type":15,"Integer":0,"String":"a","Interface":null}}
2025-08-15T22:13:43.577-0500	DEBUG	protocol/handler.go:596	round already finalized
2025-08-15T22:13:43.581-0500	DEBUG	protocol/handler.go:581	tryAdvanceRound called	{"{current_round 20 3  <nil>}": {"Key":"self","Type":15,"Integer":0,"String":"b","Interface":null}}
2025-08-15T22:13:43.581-0500	DEBUG	protocol/handler.go:1591	have processed broadcast	{"{round 20 3  <nil>}": {"Key":"from","Type":15,"Integer":0,"String":"a","Interface":null}}
2025-08-15T22:13:43.581-0500	DEBUG	protocol/handler.go:1591	have processed broadcast	{"{round 20 3  <nil>}": {"Key":"from","Type":15,"Integer":0,"String":"c","Interface":null}}
2025-08-15T22:13:43.581-0500	DEBUG	protocol/handler.go:1649	have all messages and processed	{"{round 20 3  <nil>}": {"Key":"self","Type":15,"Integer":0,"String":"b","Interface":null}}
2025-08-15T22:13:43.581-0500	DEBUG	protocol/handler.go:596	round already finalized
2025-08-15T22:13:43.581-0500	DEBUG	protocol/handler.go:581	tryAdvanceRound called	{"{current_round 20 3  <nil>}": {"Key":"self","Type":15,"Integer":0,"String":"c","Interface":null}}
2025-08-15T22:13:43.581-0500	DEBUG	protocol/handler.go:1591	have processed broadcast	{"{round 20 3  <nil>}": {"Key":"from","Type":15,"Integer":0,"String":"a","Interface":null}}
2025-08-15T22:13:43.581-0500	DEBUG	protocol/handler.go:1591	have processed broadcast	{"{round 20 3  <nil>}": {"Key":"from","Type":15,"Integer":0,"String":"b","Interface":null}}
2025-08-15T22:13:43.581-0500	DEBUG	protocol/handler.go:1649	have all messages and processed	{"{round 20 3  <nil>}": {"Key":"self","Type":15,"Integer":0,"String":"c","Interface":null}}
2025-08-15T22:13:43.581-0500	DEBUG	protocol/handler.go:596	round already finalized
2025-08-15T22:13:43.587-0500	DEBUG	protocol/handler.go:581	tryAdvanceRound called	{"{current_round 20 3  <nil>}": {"Key":"self","Type":15,"Integer":0,"String":"a","Interface":null}}
2025-08-15T22:13:43.587-0500	DEBUG	protocol/handler.go:1591	have processed broadcast	{"{round 20 3  <nil>}": {"Key":"from","Type":15,"Integer":0,"String":"b","Interface":null}}
2025-08-15T22:13:43.587-0500	DEBUG	protocol/handler.go:1591	have processed broadcast	{"{round 20 3  <nil>}": {"Key":"from","Type":15,"Integer":0,"String":"c","Interface":null}}
2025-08-15T22:13:43.587-0500	DEBUG	protocol/handler.go:1649	have all messages and processed	{"{round 20 3  <nil>}": {"Key":"self","Type":15,"Integer":0,"String":"a","Interface":null}}
2025-08-15T22:13:43.587-0500	DEBUG	protocol/handler.go:596	round already finalized
2025-08-15T22:13:43.591-0500	DEBUG	protocol/handler.go:581	tryAdvanceRound called	{"{current_round 20 3  <nil>}": {"Key":"self","Type":15,"Integer":0,"String":"b","Interface":null}}
2025-08-15T22:13:43.591-0500	DEBUG	protocol/handler.go:1591	have processed broadcast	{"{round 20 3  <nil>}": {"Key":"from","Type":15,"Integer":0,"String":"a","Interface":null}}
2025-08-15T22:13:43.591-0500	DEBUG	protocol/handler.go:1591	have processed broadcast	{"{round 20 3  <nil>}": {"Key":"from","Type":15,"Integer":0,"String":"c","Interface":null}}
2025-08-15T22:13:43.591-0500	DEBUG	protocol/handler.go:1649	have all messages and processed	{"{round 20 3  <nil>}": {"Key":"self","Type":15,"Integer":0,"String":"b","Interface":null}}
2025-08-15T22:13:43.591-0500	DEBUG	protocol/handler.go:596	round already finalized
2025-08-15T22:13:43.591-0500	DEBUG	protocol/handler.go:581	tryAdvanceRound called	{"{current_round 20 3  <nil>}": {"Key":"self","Type":15,"Integer":0,"String":"c","Interface":null}}
2025-08-15T22:13:43.591-0500	DEBUG	protocol/handler.go:1591	have processed broadcast	{"{round 20 3  <nil>}": {"Key":"from","Type":15,"Integer":0,"String":"a","Interface":null}}
2025-08-15T22:13:43.591-0500	DEBUG	protocol/handler.go:1591	have processed broadcast	{"{round 20 3  <nil>}": {"Key":"from","Type":15,"Integer":0,"String":"b","Interface":null}}
2025-08-15T22:13:43.591-0500	DEBUG	protocol/handler.go:1649	have all messages and processed	{"{round 20 3  <nil>}": {"Key":"self","Type":15,"Integer":0,"String":"c","Interface":null}}
2025-08-15T22:13:43.591-0500	DEBUG	protocol/handler.go:596	round already finalized
2025-08-15T22:13:43.597-0500	DEBUG	protocol/handler.go:581	tryAdvanceRound called	{"{current_round 20 3  <nil>}": {"Key":"self","Type":15,"Integer":0,"String":"a","Interface":null}}
2025-08-15T22:13:43.597-0500	DEBUG	protocol/handler.go:1591	have processed broadcast	{"{round 20 3  <nil>}": {"Key":"from","Type":15,"Integer":0,"String":"b","Interface":null}}
2025-08-15T22:13:43.597-0500	DEBUG	protocol/handler.go:1591	have processed broadcast	{"{round 20 3  <nil>}": {"Key":"from","Type":15,"Integer":0,"String":"c","Interface":null}}
2025-08-15T22:13:43.597-0500	DEBUG	protocol/handler.go:1649	have all messages and processed	{"{round 20 3  <nil>}": {"Key":"self","Type":15,"Integer":0,"String":"a","Interface":null}}
2025-08-15T22:13:43.598-0500	DEBUG	protocol/handler.go:596	round already finalized
2025-08-15T22:13:43.601-0500	DEBUG	protocol/handler.go:581	tryAdvanceRound called	{"{current_round 20 3  <nil>}": {"Key":"self","Type":15,"Integer":0,"String":"b","Interface":null}}
2025-08-15T22:13:43.601-0500	DEBUG	protocol/handler.go:1591	have processed broadcast	{"{round 20 3  <nil>}": {"Key":"from","Type":15,"Integer":0,"String":"a","Interface":null}}
2025-08-15T22:13:43.601-0500	DEBUG	protocol/handler.go:1591	have processed broadcast	{"{round 20 3  <nil>}": {"Key":"from","Type":15,"Integer":0,"String":"c","Interface":null}}
2025-08-15T22:13:43.601-0500	DEBUG	protocol/handler.go:1649	have all messages and processed	{"{round 20 3  <nil>}": {"Key":"self","Type":15,"Integer":0,"String":"b","Interface":null}}
2025-08-15T22:13:43.601-0500	DEBUG	protocol/handler.go:596	round already finalized
2025-08-15T22:13:43.601-0500	DEBUG	protocol/handler.go:581	tryAdvanceRound called	{"{current_round 20 3  <nil>}": {"Key":"self","Type":15,"Integer":0,"String":"c","Interface":null}}
2025-08-15T22:13:43.601-0500	DEBUG	protocol/handler.go:1591	have processed broadcast	{"{round 20 3  <nil>}": {"Key":"from","Type":15,"Integer":0,"String":"a","Interface":null}}
2025-08-15T22:13:43.601-0500	DEBUG	protocol/handler.go:1591	have processed broadcast	{"{round 20 3  <nil>}": {"Key":"from","Type":15,"Integer":0,"String":"b","Interface":null}}
2025-08-15T22:13:43.601-0500	DEBUG	protocol/handler.go:1649	have all messages and processed	{"{round 20 3  <nil>}": {"Key":"self","Type":15,"Integer":0,"String":"c","Interface":null}}
2025-08-15T22:13:43.601-0500	DEBUG	protocol/handler.go:596	round already finalized
2025-08-15T22:13:43.607-0500	DEBUG	protocol/handler.go:581	tryAdvanceRound called	{"{current_round 20 3  <nil>}": {"Key":"self","Type":15,"Integer":0,"String":"a","Interface":null}}
2025-08-15T22:13:43.607-0500	DEBUG	protocol/handler.go:1591	have processed broadcast	{"{round 20 3  <nil>}": {"Key":"from","Type":15,"Integer":0,"String":"b","Interface":null}}
2025-08-15T22:13:43.607-0500	DEBUG	protocol/handler.go:1591	have processed broadcast	{"{round 20 3  <nil>}": {"Key":"from","Type":15,"Integer":0,"String":"c","Interface":null}}
2025-08-15T22:13:43.607-0500	DEBUG	protocol/handler.go:1649	have all messages and processed	{"{round 20 3  <nil>}": {"Key":"self","Type":15,"Integer":0,"String":"a","Interface":null}}
2025-08-15T22:13:43.607-0500	DEBUG	protocol/handler.go:596	round already finalized
2025-08-15T22:13:43.611-0500	DEBUG	protocol/handler.go:581	tryAdvanceRound called	{"{current_round 20 3  <nil>}": {"Key":"self","Type":15,"Integer":0,"String":"b","Interface":null}}
2025-08-15T22:13:43.611-0500	DEBUG	protocol/handler.go:1591	have processed broadcast	{"{round 20 3  <nil>}": {"Key":"from","Type":15,"Integer":0,"String":"a","Interface":null}}
2025-08-15T22:13:43.611-0500	DEBUG	protocol/handler.go:1591	have processed broadcast	{"{round 20 3  <nil>}": {"Key":"from","Type":15,"Integer":0,"String":"c","Interface":null}}
2025-08-15T22:13:43.611-0500	DEBUG	protocol/handler.go:1649	have all messages and processed	{"{round 20 3  <nil>}": {"Key":"self","Type":15,"Integer":0,"String":"b","Interface":null}}
2025-08-15T22:13:43.612-0500	DEBUG	protocol/handler.go:596	round already finalized
2025-08-15T22:13:43.612-0500	DEBUG	protocol/handler.go:581	tryAdvanceRound called	{"{current_round 20 3  <nil>}": {"Key":"self","Type":15,"Integer":0,"String":"c","Interface":null}}
2025-08-15T22:13:43.612-0500	DEBUG	protocol/handler.go:1591	have processed broadcast	{"{round 20 3  <nil>}": {"Key":"from","Type":15,"Integer":0,"String":"a","Interface":null}}
2025-08-15T22:13:43.612-0500	DEBUG	protocol/handler.go:1591	have processed broadcast	{"{round 20 3  <nil>}": {"Key":"from","Type":15,"Integer":0,"String":"b","Interface":null}}
2025-08-15T22:13:43.612-0500	DEBUG	protocol/handler.go:1649	have all messages and processed	{"{round 20 3  <nil>}": {"Key":"self","Type":15,"Integer":0,"String":"c","Interface":null}}
2025-08-15T22:13:43.612-0500	DEBUG	protocol/handler.go:596	round already finalized
2025-08-15T22:13:43.617-0500	DEBUG	protocol/handler.go:581	tryAdvanceRound called	{"{current_round 20 3  <nil>}": {"Key":"self","Type":15,"Integer":0,"String":"a","Interface":null}}
2025-08-15T22:13:43.617-0500	DEBUG	protocol/handler.go:1591	have processed broadcast	{"{round 20 3  <nil>}": {"Key":"from","Type":15,"Integer":0,"String":"b","Interface":null}}
2025-08-15T22:13:43.617-0500	DEBUG	protocol/handler.go:1591	have processed broadcast	{"{round 20 3  <nil>}": {"Key":"from","Type":15,"Integer":0,"String":"c","Interface":null}}
2025-08-15T22:13:43.617-0500	DEBUG	protocol/handler.go:1649	have all messages and processed	{"{round 20 3  <nil>}": {"Key":"self","Type":15,"Integer":0,"String":"a","Interface":null}}
2025-08-15T22:13:43.617-0500	DEBUG	protocol/handler.go:596	round already finalized
2025-08-15T22:13:43.621-0500	DEBUG	protocol/handler.go:581	tryAdvanceRound called	{"{current_round 20 3  <nil>}": {"Key":"self","Type":15,"Integer":0,"String":"b","Interface":null}}
2025-08-15T22:13:43.621-0500	DEBUG	protocol/handler.go:1591	have processed broadcast	{"{round 20 3  <nil>}": {"Key":"from","Type":15,"Integer":0,"String":"a","Interface":null}}
2025-08-15T22:13:43.621-0500	DEBUG	protocol/handler.go:1591	have processed broadcast	{"{round 20 3  <nil>}": {"Key":"from","Type":15,"Integer":0,"String":"c","Interface":null}}
2025-08-15T22:13:43.621-0500	DEBUG	protocol/handler.go:1649	have all messages and processed	{"{round 20 3  <nil>}": {"Key":"self","Type":15,"Integer":0,"String":"b","Interface":null}}
2025-08-15T22:13:43.621-0500	DEBUG	protocol/handler.go:596	round already finalized
2025-08-15T22:13:43.621-0500	DEBUG	protocol/handler.go:581	tryAdvanceRound called	{"{current_round 20 3  <nil>}": {"Key":"self","Type":15,"Integer":0,"String":"c","Interface":null}}
2025-08-15T22:13:43.621-0500	DEBUG	protocol/handler.go:1591	have processed broadcast	{"{round 20 3  <nil>}": {"Key":"from","Type":15,"Integer":0,"String":"a","Interface":null}}
2025-08-15T22:13:43.621-0500	DEBUG	protocol/handler.go:1591	have processed broadcast	{"{round 20 3  <nil>}": {"Key":"from","Type":15,"Integer":0,"String":"b","Interface":null}}
2025-08-15T22:13:43.622-0500	DEBUG	protocol/handler.go:1649	have all messages and processed	{"{round 20 3  <nil>}": {"Key":"self","Type":15,"Integer":0,"String":"c","Interface":null}}
2025-08-15T22:13:43.622-0500	DEBUG	protocol/handler.go:596	round already finalized
2025-08-15T22:13:43.627-0500	DEBUG	protocol/handler.go:581	tryAdvanceRound called	{"{current_round 20 3  <nil>}": {"Key":"self","Type":15,"Integer":0,"String":"a","Interface":null}}
2025-08-15T22:13:43.627-0500	DEBUG	protocol/handler.go:1591	have processed broadcast	{"{round 20 3  <nil>}": {"Key":"from","Type":15,"Integer":0,"String":"b","Interface":null}}
2025-08-15T22:13:43.628-0500	DEBUG	protocol/handler.go:1591	have processed broadcast	{"{round 20 3  <nil>}": {"Key":"from","Type":15,"Integer":0,"String":"c","Interface":null}}
2025-08-15T22:13:43.628-0500	DEBUG	protocol/handler.go:1649	have all messages and processed	{"{round 20 3  <nil>}": {"Key":"self","Type":15,"Integer":0,"String":"a","Interface":null}}
2025-08-15T22:13:43.628-0500	DEBUG	protocol/handler.go:596	round already finalized
2025-08-15T22:13:43.631-0500	DEBUG	protocol/handler.go:581	tryAdvanceRound called	{"{current_round 20 3  <nil>}": {"Key":"self","Type":15,"Integer":0,"String":"b","Interface":null}}
2025-08-15T22:13:43.631-0500	DEBUG	protocol/handler.go:1591	have processed broadcast	{"{round 20 3  <nil>}": {"Key":"from","Type":15,"Integer":0,"String":"a","Interface":null}}
2025-08-15T22:13:43.631-0500	DEBUG	protocol/handler.go:1591	have processed broadcast	{"{round 20 3  <nil>}": {"Key":"from","Type":15,"Integer":0,"String":"c","Interface":null}}
2025-08-15T22:13:43.631-0500	DEBUG	protocol/handler.go:1649	have all messages and processed	{"{round 20 3  <nil>}": {"Key":"self","Type":15,"Integer":0,"String":"b","Interface":null}}
2025-08-15T22:13:43.631-0500	DEBUG	protocol/handler.go:596	round already finalized
2025-08-15T22:13:43.631-0500	DEBUG	protocol/handler.go:581	tryAdvanceRound called	{"{current_round 20 3  <nil>}": {"Key":"self","Type":15,"Integer":0,"String":"c","Interface":null}}
2025-08-15T22:13:43.631-0500	DEBUG	protocol/handler.go:1591	have processed broadcast	{"{round 20 3  <nil>}": {"Key":"from","Type":15,"Integer":0,"String":"a","Interface":null}}
2025-08-15T22:13:43.631-0500	DEBUG	protocol/handler.go:1591	have processed broadcast	{"{round 20 3  <nil>}": {"Key":"from","Type":15,"Integer":0,"String":"b","Interface":null}}
2025-08-15T22:13:43.631-0500	DEBUG	protocol/handler.go:1649	have all messages and processed	{"{round 20 3  <nil>}": {"Key":"self","Type":15,"Integer":0,"String":"c","Interface":null}}
2025-08-15T22:13:43.631-0500	DEBUG	protocol/handler.go:596	round already finalized
2025-08-15T22:13:43.636-0500	DEBUG	protocol/handler.go:581	tryAdvanceRound called	{"{current_round 20 3  <nil>}": {"Key":"self","Type":15,"Integer":0,"String":"a","Interface":null}}
2025-08-15T22:13:43.636-0500	DEBUG	protocol/handler.go:1591	have processed broadcast	{"{round 20 3  <nil>}": {"Key":"from","Type":15,"Integer":0,"String":"b","Interface":null}}
2025-08-15T22:13:43.637-0500	DEBUG	protocol/handler.go:1591	have processed broadcast	{"{round 20 3  <nil>}": {"Key":"from","Type":15,"Integer":0,"String":"c","Interface":null}}
2025-08-15T22:13:43.637-0500	DEBUG	protocol/handler.go:1649	have all messages and processed	{"{round 20 3  <nil>}": {"Key":"self","Type":15,"Integer":0,"String":"a","Interface":null}}
2025-08-15T22:13:43.637-0500	DEBUG	protocol/handler.go:596	round already finalized
2025-08-15T22:13:43.641-0500	DEBUG	protocol/handler.go:581	tryAdvanceRound called	{"{current_round 20 3  <nil>}": {"Key":"self","Type":15,"Integer":0,"String":"b","Interface":null}}
2025-08-15T22:13:43.641-0500	DEBUG	protocol/handler.go:1591	have processed broadcast	{"{round 20 3  <nil>}": {"Key":"from","Type":15,"Integer":0,"String":"a","Interface":null}}
2025-08-15T22:13:43.641-0500	DEBUG	protocol/handler.go:1591	have processed broadcast	{"{round 20 3  <nil>}": {"Key":"from","Type":15,"Integer":0,"String":"c","Interface":null}}
2025-08-15T22:13:43.641-0500	DEBUG	protocol/handler.go:1649	have all messages and processed	{"{round 20 3  <nil>}": {"Key":"self","Type":15,"Integer":0,"String":"b","Interface":null}}
2025-08-15T22:13:43.641-0500	DEBUG	protocol/handler.go:596	round already finalized
2025-08-15T22:13:43.641-0500	DEBUG	protocol/handler.go:581	tryAdvanceRound called	{"{current_round 20 3  <nil>}": {"Key":"self","Type":15,"Integer":0,"String":"c","Interface":null}}
2025-08-15T22:13:43.641-0500	DEBUG	protocol/handler.go:1591	have processed broadcast	{"{round 20 3  <nil>}": {"Key":"from","Type":15,"Integer":0,"String":"a","Interface":null}}
2025-08-15T22:13:43.641-0500	DEBUG	protocol/handler.go:1591	have processed broadcast	{"{round 20 3  <nil>}": {"Key":"from","Type":15,"Integer":0,"String":"b","Interface":null}}
2025-08-15T22:13:43.641-0500	DEBUG	protocol/handler.go:1649	have all messages and processed	{"{round 20 3  <nil>}": {"Key":"self","Type":15,"Integer":0,"String":"c","Interface":null}}
2025-08-15T22:13:43.641-0500	DEBUG	protocol/handler.go:596	round already finalized
2025-08-15T22:13:43.647-0500	DEBUG	protocol/handler.go:581	tryAdvanceRound called	{"{current_round 20 3  <nil>}": {"Key":"self","Type":15,"Integer":0,"String":"a","Interface":null}}
2025-08-15T22:13:43.647-0500	DEBUG	protocol/handler.go:1591	have processed broadcast	{"{round 20 3  <nil>}": {"Key":"from","Type":15,"Integer":0,"String":"b","Interface":null}}
2025-08-15T22:13:43.647-0500	DEBUG	protocol/handler.go:1591	have processed broadcast	{"{round 20 3  <nil>}": {"Key":"from","Type":15,"Integer":0,"String":"c","Interface":null}}
2025-08-15T22:13:43.647-0500	DEBUG	protocol/handler.go:1649	have all messages and processed	{"{round 20 3  <nil>}": {"Key":"self","Type":15,"Integer":0,"String":"a","Interface":null}}
2025-08-15T22:13:43.647-0500	DEBUG	protocol/handler.go:596	round already finalized
2025-08-15T22:13:43.651-0500	DEBUG	protocol/handler.go:581	tryAdvanceRound called	{"{current_round 20 3  <nil>}": {"Key":"self","Type":15,"Integer":0,"String":"b","Interface":null}}
2025-08-15T22:13:43.651-0500	DEBUG	protocol/handler.go:581	tryAdvanceRound called	{"{current_round 20 3  <nil>}": {"Key":"self","Type":15,"Integer":0,"String":"c","Interface":null}}
2025-08-15T22:13:43.651-0500	DEBUG	protocol/handler.go:1591	have processed broadcast	{"{round 20 3  <nil>}": {"Key":"from","Type":15,"Integer":0,"String":"a","Interface":null}}
2025-08-15T22:13:43.651-0500	DEBUG	protocol/handler.go:1591	have processed broadcast	{"{round 20 3  <nil>}": {"Key":"from","Type":15,"Integer":0,"String":"a","Interface":null}}
2025-08-15T22:13:43.651-0500	DEBUG	protocol/handler.go:1591	have processed broadcast	{"{round 20 3  <nil>}": {"Key":"from","Type":15,"Integer":0,"String":"c","Interface":null}}
2025-08-15T22:13:43.651-0500	DEBUG	protocol/handler.go:1649	have all messages and processed	{"{round 20 3  <nil>}": {"Key":"self","Type":15,"Integer":0,"String":"b","Interface":null}}
2025-08-15T22:13:43.651-0500	DEBUG	protocol/handler.go:596	round already finalized
2025-08-15T22:13:43.651-0500	DEBUG	protocol/handler.go:1591	have processed broadcast	{"{round 20 3  <nil>}": {"Key":"from","Type":15,"Integer":0,"String":"b","Interface":null}}
2025-08-15T22:13:43.651-0500	DEBUG	protocol/handler.go:1649	have all messages and processed	{"{round 20 3  <nil>}": {"Key":"self","Type":15,"Integer":0,"String":"c","Interface":null}}
2025-08-15T22:13:43.651-0500	DEBUG	protocol/handler.go:596	round already finalized
2025-08-15T22:13:43.657-0500	DEBUG	protocol/handler.go:581	tryAdvanceRound called	{"{current_round 20 3  <nil>}": {"Key":"self","Type":15,"Integer":0,"String":"a","Interface":null}}
2025-08-15T22:13:43.657-0500	DEBUG	protocol/handler.go:1591	have processed broadcast	{"{round 20 3  <nil>}": {"Key":"from","Type":15,"Integer":0,"String":"b","Interface":null}}
2025-08-15T22:13:43.657-0500	DEBUG	protocol/handler.go:1591	have processed broadcast	{"{round 20 3  <nil>}": {"Key":"from","Type":15,"Integer":0,"String":"c","Interface":null}}
2025-08-15T22:13:43.657-0500	DEBUG	protocol/handler.go:1649	have all messages and processed	{"{round 20 3  <nil>}": {"Key":"self","Type":15,"Integer":0,"String":"a","Interface":null}}
2025-08-15T22:13:43.657-0500	DEBUG	protocol/handler.go:596	round already finalized
2025-08-15T22:13:43.661-0500	DEBUG	protocol/handler.go:581	tryAdvanceRound called	{"{current_round 20 3  <nil>}": {"Key":"self","Type":15,"Integer":0,"String":"b","Interface":null}}
2025-08-15T22:13:43.661-0500	DEBUG	protocol/handler.go:581	tryAdvanceRound called	{"{current_round 20 3  <nil>}": {"Key":"self","Type":15,"Integer":0,"String":"c","Interface":null}}
2025-08-15T22:13:43.661-0500	DEBUG	protocol/handler.go:1591	have processed broadcast	{"{round 20 3  <nil>}": {"Key":"from","Type":15,"Integer":0,"String":"a","Interface":null}}
2025-08-15T22:13:43.661-0500	DEBUG	protocol/handler.go:1591	have processed broadcast	{"{round 20 3  <nil>}": {"Key":"from","Type":15,"Integer":0,"String":"a","Interface":null}}
2025-08-15T22:13:43.661-0500	DEBUG	protocol/handler.go:1591	have processed broadcast	{"{round 20 3  <nil>}": {"Key":"from","Type":15,"Integer":0,"String":"c","Interface":null}}
2025-08-15T22:13:43.661-0500	DEBUG	protocol/handler.go:1591	have processed broadcast	{"{round 20 3  <nil>}": {"Key":"from","Type":15,"Integer":0,"String":"b","Interface":null}}
2025-08-15T22:13:43.661-0500	DEBUG	protocol/handler.go:1649	have all messages and processed	{"{round 20 3  <nil>}": {"Key":"self","Type":15,"Integer":0,"String":"b","Interface":null}}
2025-08-15T22:13:43.661-0500	DEBUG	protocol/handler.go:1649	have all messages and processed	{"{round 20 3  <nil>}": {"Key":"self","Type":15,"Integer":0,"String":"c","Interface":null}}
2025-08-15T22:13:43.661-0500	DEBUG	protocol/handler.go:596	round already finalized
2025-08-15T22:13:43.661-0500	DEBUG	protocol/handler.go:596	round already finalized
2025-08-15T22:13:43.667-0500	DEBUG	protocol/handler.go:581	tryAdvanceRound called	{"{current_round 20 3  <nil>}": {"Key":"self","Type":15,"Integer":0,"String":"a","Interface":null}}
2025-08-15T22:13:43.667-0500	DEBUG	protocol/handler.go:1591	have processed broadcast	{"{round 20 3  <nil>}": {"Key":"from","Type":15,"Integer":0,"String":"b","Interface":null}}
2025-08-15T22:13:43.667-0500	DEBUG	protocol/handler.go:1591	have processed broadcast	{"{round 20 3  <nil>}": {"Key":"from","Type":15,"Integer":0,"String":"c","Interface":null}}
2025-08-15T22:13:43.667-0500	DEBUG	protocol/handler.go:1649	have all messages and processed	{"{round 20 3  <nil>}": {"Key":"self","Type":15,"Integer":0,"String":"a","Interface":null}}
2025-08-15T22:13:43.667-0500	DEBUG	protocol/handler.go:596	round already finalized
2025-08-15T22:13:43.671-0500	DEBUG	protocol/handler.go:581	tryAdvanceRound called	{"{current_round 20 3  <nil>}": {"Key":"self","Type":15,"Integer":0,"String":"b","Interface":null}}
2025-08-15T22:13:43.671-0500	DEBUG	protocol/handler.go:1591	have processed broadcast	{"{round 20 3  <nil>}": {"Key":"from","Type":15,"Integer":0,"String":"a","Interface":null}}
2025-08-15T22:13:43.671-0500	DEBUG	protocol/handler.go:1591	have processed broadcast	{"{round 20 3  <nil>}": {"Key":"from","Type":15,"Integer":0,"String":"c","Interface":null}}
2025-08-15T22:13:43.671-0500	DEBUG	protocol/handler.go:1649	have all messages and processed	{"{round 20 3  <nil>}": {"Key":"self","Type":15,"Integer":0,"String":"b","Interface":null}}
2025-08-15T22:13:43.671-0500	DEBUG	protocol/handler.go:596	round already finalized
2025-08-15T22:13:43.671-0500	DEBUG	protocol/handler.go:581	tryAdvanceRound called	{"{current_round 20 3  <nil>}": {"Key":"self","Type":15,"Integer":0,"String":"c","Interface":null}}
2025-08-15T22:13:43.671-0500	DEBUG	protocol/handler.go:1591	have processed broadcast	{"{round 20 3  <nil>}": {"Key":"from","Type":15,"Integer":0,"String":"a","Interface":null}}
2025-08-15T22:13:43.671-0500	DEBUG	protocol/handler.go:1591	have processed broadcast	{"{round 20 3  <nil>}": {"Key":"from","Type":15,"Integer":0,"String":"b","Interface":null}}
2025-08-15T22:13:43.671-0500	DEBUG	protocol/handler.go:1649	have all messages and processed	{"{round 20 3  <nil>}": {"Key":"self","Type":15,"Integer":0,"String":"c","Interface":null}}
2025-08-15T22:13:43.671-0500	DEBUG	protocol/handler.go:596	round already finalized
2025-08-15T22:13:43.677-0500	DEBUG	protocol/handler.go:581	tryAdvanceRound called	{"{current_round 20 3  <nil>}": {"Key":"self","Type":15,"Integer":0,"String":"a","Interface":null}}
2025-08-15T22:13:43.677-0500	DEBUG	protocol/handler.go:1591	have processed broadcast	{"{round 20 3  <nil>}": {"Key":"from","Type":15,"Integer":0,"String":"b","Interface":null}}
2025-08-15T22:13:43.678-0500	DEBUG	protocol/handler.go:1591	have processed broadcast	{"{round 20 3  <nil>}": {"Key":"from","Type":15,"Integer":0,"String":"c","Interface":null}}
2025-08-15T22:13:43.678-0500	DEBUG	protocol/handler.go:1649	have all messages and processed	{"{round 20 3  <nil>}": {"Key":"self","Type":15,"Integer":0,"String":"a","Interface":null}}
2025-08-15T22:13:43.678-0500	DEBUG	protocol/handler.go:596	round already finalized
2025-08-15T22:13:43.681-0500	DEBUG	protocol/handler.go:581	tryAdvanceRound called	{"{current_round 20 3  <nil>}": {"Key":"self","Type":15,"Integer":0,"String":"b","Interface":null}}
2025-08-15T22:13:43.681-0500	DEBUG	protocol/handler.go:1591	have processed broadcast	{"{round 20 3  <nil>}": {"Key":"from","Type":15,"Integer":0,"String":"a","Interface":null}}
2025-08-15T22:13:43.681-0500	DEBUG	protocol/handler.go:1591	have processed broadcast	{"{round 20 3  <nil>}": {"Key":"from","Type":15,"Integer":0,"String":"c","Interface":null}}
2025-08-15T22:13:43.681-0500	DEBUG	protocol/handler.go:1649	have all messages and processed	{"{round 20 3  <nil>}": {"Key":"self","Type":15,"Integer":0,"String":"b","Interface":null}}
2025-08-15T22:13:43.681-0500	DEBUG	protocol/handler.go:581	tryAdvanceRound called	{"{current_round 20 3  <nil>}": {"Key":"self","Type":15,"Integer":0,"String":"c","Interface":null}}
2025-08-15T22:13:43.681-0500	DEBUG	protocol/handler.go:596	round already finalized
2025-08-15T22:13:43.681-0500	DEBUG	protocol/handler.go:1591	have processed broadcast	{"{round 20 3  <nil>}": {"Key":"from","Type":15,"Integer":0,"String":"a","Interface":null}}
2025-08-15T22:13:43.681-0500	DEBUG	protocol/handler.go:1591	have processed broadcast	{"{round 20 3  <nil>}": {"Key":"from","Type":15,"Integer":0,"String":"b","Interface":null}}
2025-08-15T22:13:43.681-0500	DEBUG	protocol/handler.go:1649	have all messages and processed	{"{round 20 3  <nil>}": {"Key":"self","Type":15,"Integer":0,"String":"c","Interface":null}}
2025-08-15T22:13:43.681-0500	DEBUG	protocol/handler.go:596	round already finalized
2025-08-15T22:13:43.687-0500	DEBUG	protocol/handler.go:581	tryAdvanceRound called	{"{current_round 20 3  <nil>}": {"Key":"self","Type":15,"Integer":0,"String":"a","Interface":null}}
2025-08-15T22:13:43.687-0500	DEBUG	protocol/handler.go:1591	have processed broadcast	{"{round 20 3  <nil>}": {"Key":"from","Type":15,"Integer":0,"String":"b","Interface":null}}
2025-08-15T22:13:43.687-0500	DEBUG	protocol/handler.go:1591	have processed broadcast	{"{round 20 3  <nil>}": {"Key":"from","Type":15,"Integer":0,"String":"c","Interface":null}}
2025-08-15T22:13:43.687-0500	DEBUG	protocol/handler.go:1649	have all messages and processed	{"{round 20 3  <nil>}": {"Key":"self","Type":15,"Integer":0,"String":"a","Interface":null}}
2025-08-15T22:13:43.687-0500	DEBUG	protocol/handler.go:596	round already finalized
2025-08-15T22:13:43.691-0500	DEBUG	protocol/handler.go:581	tryAdvanceRound called	{"{current_round 20 3  <nil>}": {"Key":"self","Type":15,"Integer":0,"String":"b","Interface":null}}
2025-08-15T22:13:43.691-0500	DEBUG	protocol/handler.go:1591	have processed broadcast	{"{round 20 3  <nil>}": {"Key":"from","Type":15,"Integer":0,"String":"a","Interface":null}}
2025-08-15T22:13:43.691-0500	DEBUG	protocol/handler.go:1591	have processed broadcast	{"{round 20 3  <nil>}": {"Key":"from","Type":15,"Integer":0,"String":"c","Interface":null}}
2025-08-15T22:13:43.691-0500	DEBUG	protocol/handler.go:1649	have all messages and processed	{"{round 20 3  <nil>}": {"Key":"self","Type":15,"Integer":0,"String":"b","Interface":null}}
2025-08-15T22:13:43.691-0500	DEBUG	protocol/handler.go:596	round already finalized
2025-08-15T22:13:43.691-0500	DEBUG	protocol/handler.go:581	tryAdvanceRound called	{"{current_round 20 3  <nil>}": {"Key":"self","Type":15,"Integer":0,"String":"c","Interface":null}}
2025-08-15T22:13:43.691-0500	DEBUG	protocol/handler.go:1591	have processed broadcast	{"{round 20 3  <nil>}": {"Key":"from","Type":15,"Integer":0,"String":"a","Interface":null}}
2025-08-15T22:13:43.691-0500	DEBUG	protocol/handler.go:1591	have processed broadcast	{"{round 20 3  <nil>}": {"Key":"from","Type":15,"Integer":0,"String":"b","Interface":null}}
2025-08-15T22:13:43.691-0500	DEBUG	protocol/handler.go:1649	have all messages and processed	{"{round 20 3  <nil>}": {"Key":"self","Type":15,"Integer":0,"String":"c","Interface":null}}
2025-08-15T22:13:43.691-0500	DEBUG	protocol/handler.go:596	round already finalized
2025-08-15T22:13:43.697-0500	DEBUG	protocol/handler.go:581	tryAdvanceRound called	{"{current_round 20 3  <nil>}": {"Key":"self","Type":15,"Integer":0,"String":"a","Interface":null}}
2025-08-15T22:13:43.697-0500	DEBUG	protocol/handler.go:1591	have processed broadcast	{"{round 20 3  <nil>}": {"Key":"from","Type":15,"Integer":0,"String":"b","Interface":null}}
2025-08-15T22:13:43.697-0500	DEBUG	protocol/handler.go:1591	have processed broadcast	{"{round 20 3  <nil>}": {"Key":"from","Type":15,"Integer":0,"String":"c","Interface":null}}
2025-08-15T22:13:43.697-0500	DEBUG	protocol/handler.go:1649	have all messages and processed	{"{round 20 3  <nil>}": {"Key":"self","Type":15,"Integer":0,"String":"a","Interface":null}}
2025-08-15T22:13:43.697-0500	DEBUG	protocol/handler.go:596	round already finalized
2025-08-15T22:13:43.701-0500	DEBUG	protocol/handler.go:581	tryAdvanceRound called	{"{current_round 20 3  <nil>}": {"Key":"self","Type":15,"Integer":0,"String":"b","Interface":null}}
2025-08-15T22:13:43.701-0500	DEBUG	protocol/handler.go:581	tryAdvanceRound called	{"{current_round 20 3  <nil>}": {"Key":"self","Type":15,"Integer":0,"String":"c","Interface":null}}
2025-08-15T22:13:43.701-0500	DEBUG	protocol/handler.go:1591	have processed broadcast	{"{round 20 3  <nil>}": {"Key":"from","Type":15,"Integer":0,"String":"a","Interface":null}}
2025-08-15T22:13:43.701-0500	DEBUG	protocol/handler.go:1591	have processed broadcast	{"{round 20 3  <nil>}": {"Key":"from","Type":15,"Integer":0,"String":"a","Interface":null}}
2025-08-15T22:13:43.701-0500	DEBUG	protocol/handler.go:1591	have processed broadcast	{"{round 20 3  <nil>}": {"Key":"from","Type":15,"Integer":0,"String":"c","Interface":null}}
2025-08-15T22:13:43.701-0500	DEBUG	protocol/handler.go:1591	have processed broadcast	{"{round 20 3  <nil>}": {"Key":"from","Type":15,"Integer":0,"String":"b","Interface":null}}
2025-08-15T22:13:43.701-0500	DEBUG	protocol/handler.go:1649	have all messages and processed	{"{round 20 3  <nil>}": {"Key":"self","Type":15,"Integer":0,"String":"c","Interface":null}}
2025-08-15T22:13:43.701-0500	DEBUG	protocol/handler.go:1649	have all messages and processed	{"{round 20 3  <nil>}": {"Key":"self","Type":15,"Integer":0,"String":"b","Interface":null}}
2025-08-15T22:13:43.701-0500	DEBUG	protocol/handler.go:596	round already finalized
2025-08-15T22:13:43.701-0500	DEBUG	protocol/handler.go:596	round already finalized
2025-08-15T22:13:43.707-0500	DEBUG	protocol/handler.go:581	tryAdvanceRound called	{"{current_round 20 3  <nil>}": {"Key":"self","Type":15,"Integer":0,"String":"a","Interface":null}}
2025-08-15T22:13:43.707-0500	DEBUG	protocol/handler.go:1591	have processed broadcast	{"{round 20 3  <nil>}": {"Key":"from","Type":15,"Integer":0,"String":"b","Interface":null}}
2025-08-15T22:13:43.707-0500	DEBUG	protocol/handler.go:1591	have processed broadcast	{"{round 20 3  <nil>}": {"Key":"from","Type":15,"Integer":0,"String":"c","Interface":null}}
2025-08-15T22:13:43.707-0500	DEBUG	protocol/handler.go:1649	have all messages and processed	{"{round 20 3  <nil>}": {"Key":"self","Type":15,"Integer":0,"String":"a","Interface":null}}
2025-08-15T22:13:43.707-0500	DEBUG	protocol/handler.go:596	round already finalized
2025-08-15T22:13:43.711-0500	DEBUG	protocol/handler.go:581	tryAdvanceRound called	{"{current_round 20 3  <nil>}": {"Key":"self","Type":15,"Integer":0,"String":"b","Interface":null}}
2025-08-15T22:13:43.711-0500	DEBUG	protocol/handler.go:1591	have processed broadcast	{"{round 20 3  <nil>}": {"Key":"from","Type":15,"Integer":0,"String":"a","Interface":null}}
2025-08-15T22:13:43.711-0500	DEBUG	protocol/handler.go:1591	have processed broadcast	{"{round 20 3  <nil>}": {"Key":"from","Type":15,"Integer":0,"String":"c","Interface":null}}
2025-08-15T22:13:43.711-0500	DEBUG	protocol/handler.go:1649	have all messages and processed	{"{round 20 3  <nil>}": {"Key":"self","Type":15,"Integer":0,"String":"b","Interface":null}}
2025-08-15T22:13:43.711-0500	DEBUG	protocol/handler.go:581	tryAdvanceRound called	{"{current_round 20 3  <nil>}": {"Key":"self","Type":15,"Integer":0,"String":"c","Interface":null}}
2025-08-15T22:13:43.711-0500	DEBUG	protocol/handler.go:596	round already finalized
2025-08-15T22:13:43.711-0500	DEBUG	protocol/handler.go:1591	have processed broadcast	{"{round 20 3  <nil>}": {"Key":"from","Type":15,"Integer":0,"String":"a","Interface":null}}
2025-08-15T22:13:43.711-0500	DEBUG	protocol/handler.go:1591	have processed broadcast	{"{round 20 3  <nil>}": {"Key":"from","Type":15,"Integer":0,"String":"b","Interface":null}}
2025-08-15T22:13:43.711-0500	DEBUG	protocol/handler.go:1649	have all messages and processed	{"{round 20 3  <nil>}": {"Key":"self","Type":15,"Integer":0,"String":"c","Interface":null}}
2025-08-15T22:13:43.711-0500	DEBUG	protocol/handler.go:596	round already finalized
2025-08-15T22:13:43.717-0500	DEBUG	protocol/handler.go:581	tryAdvanceRound called	{"{current_round 20 3  <nil>}": {"Key":"self","Type":15,"Integer":0,"String":"a","Interface":null}}
2025-08-15T22:13:43.717-0500	DEBUG	protocol/handler.go:1591	have processed broadcast	{"{round 20 3  <nil>}": {"Key":"from","Type":15,"Integer":0,"String":"b","Interface":null}}
2025-08-15T22:13:43.717-0500	DEBUG	protocol/handler.go:1591	have processed broadcast	{"{round 20 3  <nil>}": {"Key":"from","Type":15,"Integer":0,"String":"c","Interface":null}}
2025-08-15T22:13:43.717-0500	DEBUG	protocol/handler.go:1649	have all messages and processed	{"{round 20 3  <nil>}": {"Key":"self","Type":15,"Integer":0,"String":"a","Interface":null}}
2025-08-15T22:13:43.717-0500	DEBUG	protocol/handler.go:596	round already finalized
2025-08-15T22:13:43.721-0500	DEBUG	protocol/handler.go:581	tryAdvanceRound called	{"{current_round 20 3  <nil>}": {"Key":"self","Type":15,"Integer":0,"String":"b","Interface":null}}
2025-08-15T22:13:43.721-0500	DEBUG	protocol/handler.go:581	tryAdvanceRound called	{"{current_round 20 3  <nil>}": {"Key":"self","Type":15,"Integer":0,"String":"c","Interface":null}}
2025-08-15T22:13:43.721-0500	DEBUG	protocol/handler.go:1591	have processed broadcast	{"{round 20 3  <nil>}": {"Key":"from","Type":15,"Integer":0,"String":"a","Interface":null}}
2025-08-15T22:13:43.721-0500	DEBUG	protocol/handler.go:1591	have processed broadcast	{"{round 20 3  <nil>}": {"Key":"from","Type":15,"Integer":0,"String":"a","Interface":null}}
2025-08-15T22:13:43.721-0500	DEBUG	protocol/handler.go:1591	have processed broadcast	{"{round 20 3  <nil>}": {"Key":"from","Type":15,"Integer":0,"String":"c","Interface":null}}
2025-08-15T22:13:43.721-0500	DEBUG	protocol/handler.go:1649	have all messages and processed	{"{round 20 3  <nil>}": {"Key":"self","Type":15,"Integer":0,"String":"b","Interface":null}}
2025-08-15T22:13:43.721-0500	DEBUG	protocol/handler.go:1591	have processed broadcast	{"{round 20 3  <nil>}": {"Key":"from","Type":15,"Integer":0,"String":"b","Interface":null}}
2025-08-15T22:13:43.721-0500	DEBUG	protocol/handler.go:596	round already finalized
2025-08-15T22:13:43.721-0500	DEBUG	protocol/handler.go:1649	have all messages and processed	{"{round 20 3  <nil>}": {"Key":"self","Type":15,"Integer":0,"String":"c","Interface":null}}
2025-08-15T22:13:43.721-0500	DEBUG	protocol/handler.go:596	round already finalized
2025-08-15T22:13:43.727-0500	DEBUG	protocol/handler.go:581	tryAdvanceRound called	{"{current_round 20 3  <nil>}": {"Key":"self","Type":15,"Integer":0,"String":"a","Interface":null}}
2025-08-15T22:13:43.727-0500	DEBUG	protocol/handler.go:1591	have processed broadcast	{"{round 20 3  <nil>}": {"Key":"from","Type":15,"Integer":0,"String":"b","Interface":null}}
2025-08-15T22:13:43.727-0500	DEBUG	protocol/handler.go:1591	have processed broadcast	{"{round 20 3  <nil>}": {"Key":"from","Type":15,"Integer":0,"String":"c","Interface":null}}
2025-08-15T22:13:43.727-0500	DEBUG	protocol/handler.go:1649	have all messages and processed	{"{round 20 3  <nil>}": {"Key":"self","Type":15,"Integer":0,"String":"a","Interface":null}}
2025-08-15T22:13:43.727-0500	DEBUG	protocol/handler.go:596	round already finalized
2025-08-15T22:13:43.731-0500	DEBUG	protocol/handler.go:581	tryAdvanceRound called	{"{current_round 20 3  <nil>}": {"Key":"self","Type":15,"Integer":0,"String":"b","Interface":null}}
2025-08-15T22:13:43.731-0500	DEBUG	protocol/handler.go:581	tryAdvanceRound called	{"{current_round 20 3  <nil>}": {"Key":"self","Type":15,"Integer":0,"String":"c","Interface":null}}
2025-08-15T22:13:43.731-0500	DEBUG	protocol/handler.go:1591	have processed broadcast	{"{round 20 3  <nil>}": {"Key":"from","Type":15,"Integer":0,"String":"a","Interface":null}}
2025-08-15T22:13:43.731-0500	DEBUG	protocol/handler.go:1591	have processed broadcast	{"{round 20 3  <nil>}": {"Key":"from","Type":15,"Integer":0,"String":"a","Interface":null}}
2025-08-15T22:13:43.731-0500	DEBUG	protocol/handler.go:1591	have processed broadcast	{"{round 20 3  <nil>}": {"Key":"from","Type":15,"Integer":0,"String":"b","Interface":null}}
2025-08-15T22:13:43.731-0500	DEBUG	protocol/handler.go:1591	have processed broadcast	{"{round 20 3  <nil>}": {"Key":"from","Type":15,"Integer":0,"String":"c","Interface":null}}
2025-08-15T22:13:43.731-0500	DEBUG	protocol/handler.go:1649	have all messages and processed	{"{round 20 3  <nil>}": {"Key":"self","Type":15,"Integer":0,"String":"c","Interface":null}}
2025-08-15T22:13:43.731-0500	DEBUG	protocol/handler.go:596	round already finalized
2025-08-15T22:13:43.731-0500	DEBUG	protocol/handler.go:1649	have all messages and processed	{"{round 20 3  <nil>}": {"Key":"self","Type":15,"Integer":0,"String":"b","Interface":null}}
2025-08-15T22:13:43.731-0500	DEBUG	protocol/handler.go:596	round already finalized
2025-08-15T22:13:43.737-0500	DEBUG	protocol/handler.go:581	tryAdvanceRound called	{"{current_round 20 3  <nil>}": {"Key":"self","Type":15,"Integer":0,"String":"a","Interface":null}}
2025-08-15T22:13:43.737-0500	DEBUG	protocol/handler.go:1591	have processed broadcast	{"{round 20 3  <nil>}": {"Key":"from","Type":15,"Integer":0,"String":"b","Interface":null}}
2025-08-15T22:13:43.737-0500	DEBUG	protocol/handler.go:1591	have processed broadcast	{"{round 20 3  <nil>}": {"Key":"from","Type":15,"Integer":0,"String":"c","Interface":null}}
2025-08-15T22:13:43.737-0500	DEBUG	protocol/handler.go:1649	have all messages and processed	{"{round 20 3  <nil>}": {"Key":"self","Type":15,"Integer":0,"String":"a","Interface":null}}
2025-08-15T22:13:43.737-0500	DEBUG	protocol/handler.go:596	round already finalized
2025-08-15T22:13:43.741-0500	DEBUG	protocol/handler.go:581	tryAdvanceRound called	{"{current_round 20 3  <nil>}": {"Key":"self","Type":15,"Integer":0,"String":"b","Interface":null}}
2025-08-15T22:13:43.741-0500	DEBUG	protocol/handler.go:1591	have processed broadcast	{"{round 20 3  <nil>}": {"Key":"from","Type":15,"Integer":0,"String":"a","Interface":null}}
2025-08-15T22:13:43.741-0500	DEBUG	protocol/handler.go:1591	have processed broadcast	{"{round 20 3  <nil>}": {"Key":"from","Type":15,"Integer":0,"String":"c","Interface":null}}
2025-08-15T22:13:43.741-0500	DEBUG	protocol/handler.go:1649	have all messages and processed	{"{round 20 3  <nil>}": {"Key":"self","Type":15,"Integer":0,"String":"b","Interface":null}}
2025-08-15T22:13:43.741-0500	DEBUG	protocol/handler.go:581	tryAdvanceRound called	{"{current_round 20 3  <nil>}": {"Key":"self","Type":15,"Integer":0,"String":"c","Interface":null}}
2025-08-15T22:13:43.741-0500	DEBUG	protocol/handler.go:596	round already finalized
2025-08-15T22:13:43.741-0500	DEBUG	protocol/handler.go:1591	have processed broadcast	{"{round 20 3  <nil>}": {"Key":"from","Type":15,"Integer":0,"String":"a","Interface":null}}
2025-08-15T22:13:43.741-0500	DEBUG	protocol/handler.go:1591	have processed broadcast	{"{round 20 3  <nil>}": {"Key":"from","Type":15,"Integer":0,"String":"b","Interface":null}}
2025-08-15T22:13:43.741-0500	DEBUG	protocol/handler.go:1649	have all messages and processed	{"{round 20 3  <nil>}": {"Key":"self","Type":15,"Integer":0,"String":"c","Interface":null}}
2025-08-15T22:13:43.741-0500	DEBUG	protocol/handler.go:596	round already finalized
2025-08-15T22:13:43.747-0500	DEBUG	protocol/handler.go:581	tryAdvanceRound called	{"{current_round 20 3  <nil>}": {"Key":"self","Type":15,"Integer":0,"String":"a","Interface":null}}
2025-08-15T22:13:43.747-0500	DEBUG	protocol/handler.go:1591	have processed broadcast	{"{round 20 3  <nil>}": {"Key":"from","Type":15,"Integer":0,"String":"b","Interface":null}}
2025-08-15T22:13:43.747-0500	DEBUG	protocol/handler.go:1591	have processed broadcast	{"{round 20 3  <nil>}": {"Key":"from","Type":15,"Integer":0,"String":"c","Interface":null}}
2025-08-15T22:13:43.747-0500	DEBUG	protocol/handler.go:1649	have all messages and processed	{"{round 20 3  <nil>}": {"Key":"self","Type":15,"Integer":0,"String":"a","Interface":null}}
2025-08-15T22:13:43.747-0500	DEBUG	protocol/handler.go:596	round already finalized
2025-08-15T22:13:43.751-0500	DEBUG	protocol/handler.go:581	tryAdvanceRound called	{"{current_round 20 3  <nil>}": {"Key":"self","Type":15,"Integer":0,"String":"b","Interface":null}}
2025-08-15T22:13:43.751-0500	DEBUG	protocol/handler.go:581	tryAdvanceRound called	{"{current_round 20 3  <nil>}": {"Key":"self","Type":15,"Integer":0,"String":"c","Interface":null}}
2025-08-15T22:13:43.751-0500	DEBUG	protocol/handler.go:1591	have processed broadcast	{"{round 20 3  <nil>}": {"Key":"from","Type":15,"Integer":0,"String":"a","Interface":null}}
2025-08-15T22:13:43.751-0500	DEBUG	protocol/handler.go:1591	have processed broadcast	{"{round 20 3  <nil>}": {"Key":"from","Type":15,"Integer":0,"String":"a","Interface":null}}
2025-08-15T22:13:43.751-0500	DEBUG	protocol/handler.go:1591	have processed broadcast	{"{round 20 3  <nil>}": {"Key":"from","Type":15,"Integer":0,"String":"b","Interface":null}}
2025-08-15T22:13:43.751-0500	DEBUG	protocol/handler.go:1591	have processed broadcast	{"{round 20 3  <nil>}": {"Key":"from","Type":15,"Integer":0,"String":"c","Interface":null}}
2025-08-15T22:13:43.751-0500	DEBUG	protocol/handler.go:1649	have all messages and processed	{"{round 20 3  <nil>}": {"Key":"self","Type":15,"Integer":0,"String":"c","Interface":null}}
2025-08-15T22:13:43.751-0500	DEBUG	protocol/handler.go:1649	have all messages and processed	{"{round 20 3  <nil>}": {"Key":"self","Type":15,"Integer":0,"String":"b","Interface":null}}
2025-08-15T22:13:43.751-0500	DEBUG	protocol/handler.go:596	round already finalized
2025-08-15T22:13:43.751-0500	DEBUG	protocol/handler.go:596	round already finalized
2025-08-15T22:13:43.757-0500	DEBUG	protocol/handler.go:581	tryAdvanceRound called	{"{current_round 20 3  <nil>}": {"Key":"self","Type":15,"Integer":0,"String":"a","Interface":null}}
2025-08-15T22:13:43.757-0500	DEBUG	protocol/handler.go:1591	have processed broadcast	{"{round 20 3  <nil>}": {"Key":"from","Type":15,"Integer":0,"String":"b","Interface":null}}
2025-08-15T22:13:43.757-0500	DEBUG	protocol/handler.go:1591	have processed broadcast	{"{round 20 3  <nil>}": {"Key":"from","Type":15,"Integer":0,"String":"c","Interface":null}}
2025-08-15T22:13:43.757-0500	DEBUG	protocol/handler.go:1649	have all messages and processed	{"{round 20 3  <nil>}": {"Key":"self","Type":15,"Integer":0,"String":"a","Interface":null}}
2025-08-15T22:13:43.757-0500	DEBUG	protocol/handler.go:596	round already finalized
2025-08-15T22:13:43.761-0500	DEBUG	protocol/handler.go:581	tryAdvanceRound called	{"{current_round 20 3  <nil>}": {"Key":"self","Type":15,"Integer":0,"String":"b","Interface":null}}
2025-08-15T22:13:43.761-0500	DEBUG	protocol/handler.go:581	tryAdvanceRound called	{"{current_round 20 3  <nil>}": {"Key":"self","Type":15,"Integer":0,"String":"c","Interface":null}}
2025-08-15T22:13:43.761-0500	DEBUG	protocol/handler.go:1591	have processed broadcast	{"{round 20 3  <nil>}": {"Key":"from","Type":15,"Integer":0,"String":"a","Interface":null}}
2025-08-15T22:13:43.761-0500	DEBUG	protocol/handler.go:1591	have processed broadcast	{"{round 20 3  <nil>}": {"Key":"from","Type":15,"Integer":0,"String":"a","Interface":null}}
2025-08-15T22:13:43.761-0500	DEBUG	protocol/handler.go:1591	have processed broadcast	{"{round 20 3  <nil>}": {"Key":"from","Type":15,"Integer":0,"String":"c","Interface":null}}
2025-08-15T22:13:43.761-0500	DEBUG	protocol/handler.go:1591	have processed broadcast	{"{round 20 3  <nil>}": {"Key":"from","Type":15,"Integer":0,"String":"b","Interface":null}}
2025-08-15T22:13:43.761-0500	DEBUG	protocol/handler.go:1649	have all messages and processed	{"{round 20 3  <nil>}": {"Key":"self","Type":15,"Integer":0,"String":"b","Interface":null}}
2025-08-15T22:13:43.761-0500	DEBUG	protocol/handler.go:1649	have all messages and processed	{"{round 20 3  <nil>}": {"Key":"self","Type":15,"Integer":0,"String":"c","Interface":null}}
2025-08-15T22:13:43.761-0500	DEBUG	protocol/handler.go:596	round already finalized
2025-08-15T22:13:43.761-0500	DEBUG	protocol/handler.go:596	round already finalized
2025-08-15T22:13:43.767-0500	DEBUG	protocol/handler.go:581	tryAdvanceRound called	{"{current_round 20 3  <nil>}": {"Key":"self","Type":15,"Integer":0,"String":"a","Interface":null}}
2025-08-15T22:13:43.767-0500	DEBUG	protocol/handler.go:1591	have processed broadcast	{"{round 20 3  <nil>}": {"Key":"from","Type":15,"Integer":0,"String":"b","Interface":null}}
2025-08-15T22:13:43.767-0500	DEBUG	protocol/handler.go:1591	have processed broadcast	{"{round 20 3  <nil>}": {"Key":"from","Type":15,"Integer":0,"String":"c","Interface":null}}
2025-08-15T22:13:43.767-0500	DEBUG	protocol/handler.go:1649	have all messages and processed	{"{round 20 3  <nil>}": {"Key":"self","Type":15,"Integer":0,"String":"a","Interface":null}}
2025-08-15T22:13:43.767-0500	DEBUG	protocol/handler.go:596	round already finalized
2025-08-15T22:13:43.771-0500	DEBUG	protocol/handler.go:581	tryAdvanceRound called	{"{current_round 20 3  <nil>}": {"Key":"self","Type":15,"Integer":0,"String":"b","Interface":null}}
2025-08-15T22:13:43.771-0500	DEBUG	protocol/handler.go:1591	have processed broadcast	{"{round 20 3  <nil>}": {"Key":"from","Type":15,"Integer":0,"String":"a","Interface":null}}
2025-08-15T22:13:43.771-0500	DEBUG	protocol/handler.go:1591	have processed broadcast	{"{round 20 3  <nil>}": {"Key":"from","Type":15,"Integer":0,"String":"c","Interface":null}}
2025-08-15T22:13:43.771-0500	DEBUG	protocol/handler.go:581	tryAdvanceRound called	{"{current_round 20 3  <nil>}": {"Key":"self","Type":15,"Integer":0,"String":"c","Interface":null}}
2025-08-15T22:13:43.771-0500	DEBUG	protocol/handler.go:1649	have all messages and processed	{"{round 20 3  <nil>}": {"Key":"self","Type":15,"Integer":0,"String":"b","Interface":null}}
2025-08-15T22:13:43.771-0500	DEBUG	protocol/handler.go:596	round already finalized
2025-08-15T22:13:43.771-0500	DEBUG	protocol/handler.go:1591	have processed broadcast	{"{round 20 3  <nil>}": {"Key":"from","Type":15,"Integer":0,"String":"a","Interface":null}}
2025-08-15T22:13:43.771-0500	DEBUG	protocol/handler.go:1591	have processed broadcast	{"{round 20 3  <nil>}": {"Key":"from","Type":15,"Integer":0,"String":"b","Interface":null}}
2025-08-15T22:13:43.771-0500	DEBUG	protocol/handler.go:1649	have all messages and processed	{"{round 20 3  <nil>}": {"Key":"self","Type":15,"Integer":0,"String":"c","Interface":null}}
2025-08-15T22:13:43.771-0500	DEBUG	protocol/handler.go:596	round already finalized
2025-08-15T22:13:43.777-0500	DEBUG	protocol/handler.go:581	tryAdvanceRound called	{"{current_round 20 3  <nil>}": {"Key":"self","Type":15,"Integer":0,"String":"a","Interface":null}}
2025-08-15T22:13:43.777-0500	DEBUG	protocol/handler.go:1591	have processed broadcast	{"{round 20 3  <nil>}": {"Key":"from","Type":15,"Integer":0,"String":"b","Interface":null}}
2025-08-15T22:13:43.777-0500	DEBUG	protocol/handler.go:1591	have processed broadcast	{"{round 20 3  <nil>}": {"Key":"from","Type":15,"Integer":0,"String":"c","Interface":null}}
2025-08-15T22:13:43.777-0500	DEBUG	protocol/handler.go:1649	have all messages and processed	{"{round 20 3  <nil>}": {"Key":"self","Type":15,"Integer":0,"String":"a","Interface":null}}
2025-08-15T22:13:43.777-0500	DEBUG	protocol/handler.go:596	round already finalized
2025-08-15T22:13:43.781-0500	DEBUG	protocol/handler.go:581	tryAdvanceRound called	{"{current_round 20 3  <nil>}": {"Key":"self","Type":15,"Integer":0,"String":"b","Interface":null}}
2025-08-15T22:13:43.781-0500	DEBUG	protocol/handler.go:581	tryAdvanceRound called	{"{current_round 20 3  <nil>}": {"Key":"self","Type":15,"Integer":0,"String":"c","Interface":null}}
2025-08-15T22:13:43.781-0500	DEBUG	protocol/handler.go:1591	have processed broadcast	{"{round 20 3  <nil>}": {"Key":"from","Type":15,"Integer":0,"String":"a","Interface":null}}
2025-08-15T22:13:43.781-0500	DEBUG	protocol/handler.go:1591	have processed broadcast	{"{round 20 3  <nil>}": {"Key":"from","Type":15,"Integer":0,"String":"a","Interface":null}}
2025-08-15T22:13:43.781-0500	DEBUG	protocol/handler.go:1591	have processed broadcast	{"{round 20 3  <nil>}": {"Key":"from","Type":15,"Integer":0,"String":"c","Interface":null}}
2025-08-15T22:13:43.781-0500	DEBUG	protocol/handler.go:1591	have processed broadcast	{"{round 20 3  <nil>}": {"Key":"from","Type":15,"Integer":0,"String":"b","Interface":null}}
2025-08-15T22:13:43.781-0500	DEBUG	protocol/handler.go:1649	have all messages and processed	{"{round 20 3  <nil>}": {"Key":"self","Type":15,"Integer":0,"String":"b","Interface":null}}
2025-08-15T22:13:43.781-0500	DEBUG	protocol/handler.go:596	round already finalized
2025-08-15T22:13:43.781-0500	DEBUG	protocol/handler.go:1649	have all messages and processed	{"{round 20 3  <nil>}": {"Key":"self","Type":15,"Integer":0,"String":"c","Interface":null}}
2025-08-15T22:13:43.781-0500	DEBUG	protocol/handler.go:596	round already finalized
2025-08-15T22:13:43.787-0500	DEBUG	protocol/handler.go:581	tryAdvanceRound called	{"{current_round 20 3  <nil>}": {"Key":"self","Type":15,"Integer":0,"String":"a","Interface":null}}
2025-08-15T22:13:43.787-0500	DEBUG	protocol/handler.go:1591	have processed broadcast	{"{round 20 3  <nil>}": {"Key":"from","Type":15,"Integer":0,"String":"b","Interface":null}}
2025-08-15T22:13:43.787-0500	DEBUG	protocol/handler.go:1591	have processed broadcast	{"{round 20 3  <nil>}": {"Key":"from","Type":15,"Integer":0,"String":"c","Interface":null}}
2025-08-15T22:13:43.787-0500	DEBUG	protocol/handler.go:1649	have all messages and processed	{"{round 20 3  <nil>}": {"Key":"self","Type":15,"Integer":0,"String":"a","Interface":null}}
2025-08-15T22:13:43.787-0500	DEBUG	protocol/handler.go:596	round already finalized
2025-08-15T22:13:43.791-0500	DEBUG	protocol/handler.go:581	tryAdvanceRound called	{"{current_round 20 3  <nil>}": {"Key":"self","Type":15,"Integer":0,"String":"b","Interface":null}}
2025-08-15T22:13:43.791-0500	DEBUG	protocol/handler.go:581	tryAdvanceRound called	{"{current_round 20 3  <nil>}": {"Key":"self","Type":15,"Integer":0,"String":"c","Interface":null}}
2025-08-15T22:13:43.791-0500	DEBUG	protocol/handler.go:1591	have processed broadcast	{"{round 20 3  <nil>}": {"Key":"from","Type":15,"Integer":0,"String":"a","Interface":null}}
2025-08-15T22:13:43.791-0500	DEBUG	protocol/handler.go:1591	have processed broadcast	{"{round 20 3  <nil>}": {"Key":"from","Type":15,"Integer":0,"String":"a","Interface":null}}
2025-08-15T22:13:43.791-0500	DEBUG	protocol/handler.go:1591	have processed broadcast	{"{round 20 3  <nil>}": {"Key":"from","Type":15,"Integer":0,"String":"c","Interface":null}}
2025-08-15T22:13:43.791-0500	DEBUG	protocol/handler.go:1591	have processed broadcast	{"{round 20 3  <nil>}": {"Key":"from","Type":15,"Integer":0,"String":"b","Interface":null}}
2025-08-15T22:13:43.791-0500	DEBUG	protocol/handler.go:1649	have all messages and processed	{"{round 20 3  <nil>}": {"Key":"self","Type":15,"Integer":0,"String":"b","Interface":null}}
2025-08-15T22:13:43.791-0500	DEBUG	protocol/handler.go:1649	have all messages and processed	{"{round 20 3  <nil>}": {"Key":"self","Type":15,"Integer":0,"String":"c","Interface":null}}
2025-08-15T22:13:43.791-0500	DEBUG	protocol/handler.go:596	round already finalized
2025-08-15T22:13:43.791-0500	DEBUG	protocol/handler.go:596	round already finalized
2025-08-15T22:13:43.797-0500	DEBUG	protocol/handler.go:581	tryAdvanceRound called	{"{current_round 20 3  <nil>}": {"Key":"self","Type":15,"Integer":0,"String":"a","Interface":null}}
2025-08-15T22:13:43.797-0500	DEBUG	protocol/handler.go:1591	have processed broadcast	{"{round 20 3  <nil>}": {"Key":"from","Type":15,"Integer":0,"String":"b","Interface":null}}
2025-08-15T22:13:43.797-0500	DEBUG	protocol/handler.go:1591	have processed broadcast	{"{round 20 3  <nil>}": {"Key":"from","Type":15,"Integer":0,"String":"c","Interface":null}}
2025-08-15T22:13:43.797-0500	DEBUG	protocol/handler.go:1649	have all messages and processed	{"{round 20 3  <nil>}": {"Key":"self","Type":15,"Integer":0,"String":"a","Interface":null}}
2025-08-15T22:13:43.797-0500	DEBUG	protocol/handler.go:596	round already finalized
2025-08-15T22:13:43.801-0500	DEBUG	protocol/handler.go:581	tryAdvanceRound called	{"{current_round 20 3  <nil>}": {"Key":"self","Type":15,"Integer":0,"String":"b","Interface":null}}
2025-08-15T22:13:43.801-0500	DEBUG	protocol/handler.go:581	tryAdvanceRound called	{"{current_round 20 3  <nil>}": {"Key":"self","Type":15,"Integer":0,"String":"c","Interface":null}}
2025-08-15T22:13:43.801-0500	DEBUG	protocol/handler.go:1591	have processed broadcast	{"{round 20 3  <nil>}": {"Key":"from","Type":15,"Integer":0,"String":"a","Interface":null}}
2025-08-15T22:13:43.801-0500	DEBUG	protocol/handler.go:1591	have processed broadcast	{"{round 20 3  <nil>}": {"Key":"from","Type":15,"Integer":0,"String":"a","Interface":null}}
2025-08-15T22:13:43.801-0500	DEBUG	protocol/handler.go:1591	have processed broadcast	{"{round 20 3  <nil>}": {"Key":"from","Type":15,"Integer":0,"String":"c","Interface":null}}
2025-08-15T22:13:43.801-0500	DEBUG	protocol/handler.go:1591	have processed broadcast	{"{round 20 3  <nil>}": {"Key":"from","Type":15,"Integer":0,"String":"b","Interface":null}}
2025-08-15T22:13:43.801-0500	DEBUG	protocol/handler.go:1649	have all messages and processed	{"{round 20 3  <nil>}": {"Key":"self","Type":15,"Integer":0,"String":"b","Interface":null}}
2025-08-15T22:13:43.801-0500	DEBUG	protocol/handler.go:596	round already finalized
2025-08-15T22:13:43.801-0500	DEBUG	protocol/handler.go:1649	have all messages and processed	{"{round 20 3  <nil>}": {"Key":"self","Type":15,"Integer":0,"String":"c","Interface":null}}
2025-08-15T22:13:43.801-0500	DEBUG	protocol/handler.go:596	round already finalized
2025-08-15T22:13:43.807-0500	DEBUG	protocol/handler.go:581	tryAdvanceRound called	{"{current_round 20 3  <nil>}": {"Key":"self","Type":15,"Integer":0,"String":"a","Interface":null}}
2025-08-15T22:13:43.807-0500	DEBUG	protocol/handler.go:1591	have processed broadcast	{"{round 20 3  <nil>}": {"Key":"from","Type":15,"Integer":0,"String":"b","Interface":null}}
2025-08-15T22:13:43.807-0500	DEBUG	protocol/handler.go:1591	have processed broadcast	{"{round 20 3  <nil>}": {"Key":"from","Type":15,"Integer":0,"String":"c","Interface":null}}
2025-08-15T22:13:43.807-0500	DEBUG	protocol/handler.go:1649	have all messages and processed	{"{round 20 3  <nil>}": {"Key":"self","Type":15,"Integer":0,"String":"a","Interface":null}}
2025-08-15T22:13:43.807-0500	DEBUG	protocol/handler.go:596	round already finalized
2025-08-15T22:13:43.811-0500	DEBUG	protocol/handler.go:581	tryAdvanceRound called	{"{current_round 20 3  <nil>}": {"Key":"self","Type":15,"Integer":0,"String":"b","Interface":null}}
2025-08-15T22:13:43.811-0500	DEBUG	protocol/handler.go:581	tryAdvanceRound called	{"{current_round 20 3  <nil>}": {"Key":"self","Type":15,"Integer":0,"String":"c","Interface":null}}
2025-08-15T22:13:43.811-0500	DEBUG	protocol/handler.go:1591	have processed broadcast	{"{round 20 3  <nil>}": {"Key":"from","Type":15,"Integer":0,"String":"a","Interface":null}}
2025-08-15T22:13:43.811-0500	DEBUG	protocol/handler.go:1591	have processed broadcast	{"{round 20 3  <nil>}": {"Key":"from","Type":15,"Integer":0,"String":"c","Interface":null}}
2025-08-15T22:13:43.811-0500	DEBUG	protocol/handler.go:1591	have processed broadcast	{"{round 20 3  <nil>}": {"Key":"from","Type":15,"Integer":0,"String":"a","Interface":null}}
2025-08-15T22:13:43.811-0500	DEBUG	protocol/handler.go:1649	have all messages and processed	{"{round 20 3  <nil>}": {"Key":"self","Type":15,"Integer":0,"String":"b","Interface":null}}
2025-08-15T22:13:43.811-0500	DEBUG	protocol/handler.go:596	round already finalized
2025-08-15T22:13:43.811-0500	DEBUG	protocol/handler.go:1591	have processed broadcast	{"{round 20 3  <nil>}": {"Key":"from","Type":15,"Integer":0,"String":"b","Interface":null}}
2025-08-15T22:13:43.811-0500	DEBUG	protocol/handler.go:1649	have all messages and processed	{"{round 20 3  <nil>}": {"Key":"self","Type":15,"Integer":0,"String":"c","Interface":null}}
2025-08-15T22:13:43.811-0500	DEBUG	protocol/handler.go:596	round already finalized
2025-08-15T22:13:43.817-0500	DEBUG	protocol/handler.go:581	tryAdvanceRound called	{"{current_round 20 3  <nil>}": {"Key":"self","Type":15,"Integer":0,"String":"a","Interface":null}}
2025-08-15T22:13:43.817-0500	DEBUG	protocol/handler.go:1591	have processed broadcast	{"{round 20 3  <nil>}": {"Key":"from","Type":15,"Integer":0,"String":"b","Interface":null}}
2025-08-15T22:13:43.817-0500	DEBUG	protocol/handler.go:1591	have processed broadcast	{"{round 20 3  <nil>}": {"Key":"from","Type":15,"Integer":0,"String":"c","Interface":null}}
2025-08-15T22:13:43.817-0500	DEBUG	protocol/handler.go:1649	have all messages and processed	{"{round 20 3  <nil>}": {"Key":"self","Type":15,"Integer":0,"String":"a","Interface":null}}
2025-08-15T22:13:43.817-0500	DEBUG	protocol/handler.go:596	round already finalized
2025-08-15T22:13:43.821-0500	DEBUG	protocol/handler.go:581	tryAdvanceRound called	{"{current_round 20 3  <nil>}": {"Key":"self","Type":15,"Integer":0,"String":"b","Interface":null}}
2025-08-15T22:13:43.821-0500	DEBUG	protocol/handler.go:581	tryAdvanceRound called	{"{current_round 20 3  <nil>}": {"Key":"self","Type":15,"Integer":0,"String":"c","Interface":null}}
2025-08-15T22:13:43.821-0500	DEBUG	protocol/handler.go:1591	have processed broadcast	{"{round 20 3  <nil>}": {"Key":"from","Type":15,"Integer":0,"String":"a","Interface":null}}
2025-08-15T22:13:43.821-0500	DEBUG	protocol/handler.go:1591	have processed broadcast	{"{round 20 3  <nil>}": {"Key":"from","Type":15,"Integer":0,"String":"a","Interface":null}}
2025-08-15T22:13:43.821-0500	DEBUG	protocol/handler.go:1591	have processed broadcast	{"{round 20 3  <nil>}": {"Key":"from","Type":15,"Integer":0,"String":"c","Interface":null}}
2025-08-15T22:13:43.821-0500	DEBUG	protocol/handler.go:1591	have processed broadcast	{"{round 20 3  <nil>}": {"Key":"from","Type":15,"Integer":0,"String":"b","Interface":null}}
2025-08-15T22:13:43.821-0500	DEBUG	protocol/handler.go:1649	have all messages and processed	{"{round 20 3  <nil>}": {"Key":"self","Type":15,"Integer":0,"String":"b","Interface":null}}
2025-08-15T22:13:43.821-0500	DEBUG	protocol/handler.go:1649	have all messages and processed	{"{round 20 3  <nil>}": {"Key":"self","Type":15,"Integer":0,"String":"c","Interface":null}}
2025-08-15T22:13:43.821-0500	DEBUG	protocol/handler.go:596	round already finalized
2025-08-15T22:13:43.821-0500	DEBUG	protocol/handler.go:596	round already finalized
2025-08-15T22:13:43.827-0500	DEBUG	protocol/handler.go:581	tryAdvanceRound called	{"{current_round 20 3  <nil>}": {"Key":"self","Type":15,"Integer":0,"String":"a","Interface":null}}
2025-08-15T22:13:43.827-0500	DEBUG	protocol/handler.go:1591	have processed broadcast	{"{round 20 3  <nil>}": {"Key":"from","Type":15,"Integer":0,"String":"b","Interface":null}}
2025-08-15T22:13:43.827-0500	DEBUG	protocol/handler.go:1591	have processed broadcast	{"{round 20 3  <nil>}": {"Key":"from","Type":15,"Integer":0,"String":"c","Interface":null}}
2025-08-15T22:13:43.827-0500	DEBUG	protocol/handler.go:1649	have all messages and processed	{"{round 20 3  <nil>}": {"Key":"self","Type":15,"Integer":0,"String":"a","Interface":null}}
2025-08-15T22:13:43.827-0500	DEBUG	protocol/handler.go:596	round already finalized
2025-08-15T22:13:43.831-0500	DEBUG	protocol/handler.go:581	tryAdvanceRound called	{"{current_round 20 3  <nil>}": {"Key":"self","Type":15,"Integer":0,"String":"b","Interface":null}}
2025-08-15T22:13:43.831-0500	DEBUG	protocol/handler.go:581	tryAdvanceRound called	{"{current_round 20 3  <nil>}": {"Key":"self","Type":15,"Integer":0,"String":"c","Interface":null}}
2025-08-15T22:13:43.831-0500	DEBUG	protocol/handler.go:1591	have processed broadcast	{"{round 20 3  <nil>}": {"Key":"from","Type":15,"Integer":0,"String":"a","Interface":null}}
2025-08-15T22:13:43.831-0500	DEBUG	protocol/handler.go:1591	have processed broadcast	{"{round 20 3  <nil>}": {"Key":"from","Type":15,"Integer":0,"String":"a","Interface":null}}
2025-08-15T22:13:43.831-0500	DEBUG	protocol/handler.go:1591	have processed broadcast	{"{round 20 3  <nil>}": {"Key":"from","Type":15,"Integer":0,"String":"b","Interface":null}}
2025-08-15T22:13:43.831-0500	DEBUG	protocol/handler.go:1591	have processed broadcast	{"{round 20 3  <nil>}": {"Key":"from","Type":15,"Integer":0,"String":"c","Interface":null}}
2025-08-15T22:13:43.831-0500	DEBUG	protocol/handler.go:1649	have all messages and processed	{"{round 20 3  <nil>}": {"Key":"self","Type":15,"Integer":0,"String":"c","Interface":null}}
2025-08-15T22:13:43.831-0500	DEBUG	protocol/handler.go:1649	have all messages and processed	{"{round 20 3  <nil>}": {"Key":"self","Type":15,"Integer":0,"String":"b","Interface":null}}
2025-08-15T22:13:43.831-0500	DEBUG	protocol/handler.go:596	round already finalized
2025-08-15T22:13:43.831-0500	DEBUG	protocol/handler.go:596	round already finalized
2025-08-15T22:13:43.837-0500	DEBUG	protocol/handler.go:581	tryAdvanceRound called	{"{current_round 20 3  <nil>}": {"Key":"self","Type":15,"Integer":0,"String":"a","Interface":null}}
2025-08-15T22:13:43.837-0500	DEBUG	protocol/handler.go:1591	have processed broadcast	{"{round 20 3  <nil>}": {"Key":"from","Type":15,"Integer":0,"String":"b","Interface":null}}
2025-08-15T22:13:43.837-0500	DEBUG	protocol/handler.go:1591	have processed broadcast	{"{round 20 3  <nil>}": {"Key":"from","Type":15,"Integer":0,"String":"c","Interface":null}}
2025-08-15T22:13:43.837-0500	DEBUG	protocol/handler.go:1649	have all messages and processed	{"{round 20 3  <nil>}": {"Key":"self","Type":15,"Integer":0,"String":"a","Interface":null}}
2025-08-15T22:13:43.837-0500	DEBUG	protocol/handler.go:596	round already finalized
2025-08-15T22:13:43.841-0500	DEBUG	protocol/handler.go:581	tryAdvanceRound called	{"{current_round 20 3  <nil>}": {"Key":"self","Type":15,"Integer":0,"String":"b","Interface":null}}
2025-08-15T22:13:43.841-0500	DEBUG	protocol/handler.go:581	tryAdvanceRound called	{"{current_round 20 3  <nil>}": {"Key":"self","Type":15,"Integer":0,"String":"c","Interface":null}}
2025-08-15T22:13:43.841-0500	DEBUG	protocol/handler.go:1591	have processed broadcast	{"{round 20 3  <nil>}": {"Key":"from","Type":15,"Integer":0,"String":"a","Interface":null}}
2025-08-15T22:13:43.841-0500	DEBUG	protocol/handler.go:1591	have processed broadcast	{"{round 20 3  <nil>}": {"Key":"from","Type":15,"Integer":0,"String":"a","Interface":null}}
2025-08-15T22:13:43.841-0500	DEBUG	protocol/handler.go:1591	have processed broadcast	{"{round 20 3  <nil>}": {"Key":"from","Type":15,"Integer":0,"String":"c","Interface":null}}
2025-08-15T22:13:43.841-0500	DEBUG	protocol/handler.go:1591	have processed broadcast	{"{round 20 3  <nil>}": {"Key":"from","Type":15,"Integer":0,"String":"b","Interface":null}}
2025-08-15T22:13:43.841-0500	DEBUG	protocol/handler.go:1649	have all messages and processed	{"{round 20 3  <nil>}": {"Key":"self","Type":15,"Integer":0,"String":"b","Interface":null}}
2025-08-15T22:13:43.841-0500	DEBUG	protocol/handler.go:1649	have all messages and processed	{"{round 20 3  <nil>}": {"Key":"self","Type":15,"Integer":0,"String":"c","Interface":null}}
2025-08-15T22:13:43.841-0500	DEBUG	protocol/handler.go:596	round already finalized
2025-08-15T22:13:43.841-0500	DEBUG	protocol/handler.go:596	round already finalized
2025-08-15T22:13:43.847-0500	DEBUG	protocol/handler.go:581	tryAdvanceRound called	{"{current_round 20 3  <nil>}": {"Key":"self","Type":15,"Integer":0,"String":"a","Interface":null}}
2025-08-15T22:13:43.847-0500	DEBUG	protocol/handler.go:1591	have processed broadcast	{"{round 20 3  <nil>}": {"Key":"from","Type":15,"Integer":0,"String":"b","Interface":null}}
2025-08-15T22:13:43.847-0500	DEBUG	protocol/handler.go:1591	have processed broadcast	{"{round 20 3  <nil>}": {"Key":"from","Type":15,"Integer":0,"String":"c","Interface":null}}
2025-08-15T22:13:43.847-0500	DEBUG	protocol/handler.go:1649	have all messages and processed	{"{round 20 3  <nil>}": {"Key":"self","Type":15,"Integer":0,"String":"a","Interface":null}}
2025-08-15T22:13:43.847-0500	DEBUG	protocol/handler.go:596	round already finalized
2025-08-15T22:13:43.851-0500	DEBUG	protocol/handler.go:581	tryAdvanceRound called	{"{current_round 20 3  <nil>}": {"Key":"self","Type":15,"Integer":0,"String":"b","Interface":null}}
2025-08-15T22:13:43.851-0500	DEBUG	protocol/handler.go:1591	have processed broadcast	{"{round 20 3  <nil>}": {"Key":"from","Type":15,"Integer":0,"String":"a","Interface":null}}
2025-08-15T22:13:43.851-0500	DEBUG	protocol/handler.go:1591	have processed broadcast	{"{round 20 3  <nil>}": {"Key":"from","Type":15,"Integer":0,"String":"c","Interface":null}}
2025-08-15T22:13:43.851-0500	DEBUG	protocol/handler.go:581	tryAdvanceRound called	{"{current_round 20 3  <nil>}": {"Key":"self","Type":15,"Integer":0,"String":"c","Interface":null}}
2025-08-15T22:13:43.851-0500	DEBUG	protocol/handler.go:1649	have all messages and processed	{"{round 20 3  <nil>}": {"Key":"self","Type":15,"Integer":0,"String":"b","Interface":null}}
2025-08-15T22:13:43.851-0500	DEBUG	protocol/handler.go:596	round already finalized
2025-08-15T22:13:43.851-0500	DEBUG	protocol/handler.go:1591	have processed broadcast	{"{round 20 3  <nil>}": {"Key":"from","Type":15,"Integer":0,"String":"a","Interface":null}}
2025-08-15T22:13:43.851-0500	DEBUG	protocol/handler.go:1591	have processed broadcast	{"{round 20 3  <nil>}": {"Key":"from","Type":15,"Integer":0,"String":"b","Interface":null}}
2025-08-15T22:13:43.851-0500	DEBUG	protocol/handler.go:1649	have all messages and processed	{"{round 20 3  <nil>}": {"Key":"self","Type":15,"Integer":0,"String":"c","Interface":null}}
2025-08-15T22:13:43.851-0500	DEBUG	protocol/handler.go:596	round already finalized
2025-08-15T22:13:43.857-0500	DEBUG	protocol/handler.go:581	tryAdvanceRound called	{"{current_round 20 3  <nil>}": {"Key":"self","Type":15,"Integer":0,"String":"a","Interface":null}}
2025-08-15T22:13:43.857-0500	DEBUG	protocol/handler.go:1591	have processed broadcast	{"{round 20 3  <nil>}": {"Key":"from","Type":15,"Integer":0,"String":"b","Interface":null}}
2025-08-15T22:13:43.857-0500	DEBUG	protocol/handler.go:1591	have processed broadcast	{"{round 20 3  <nil>}": {"Key":"from","Type":15,"Integer":0,"String":"c","Interface":null}}
2025-08-15T22:13:43.857-0500	DEBUG	protocol/handler.go:1649	have all messages and processed	{"{round 20 3  <nil>}": {"Key":"self","Type":15,"Integer":0,"String":"a","Interface":null}}
2025-08-15T22:13:43.857-0500	DEBUG	protocol/handler.go:596	round already finalized
2025-08-15T22:13:43.861-0500	DEBUG	protocol/handler.go:581	tryAdvanceRound called	{"{current_round 20 3  <nil>}": {"Key":"self","Type":15,"Integer":0,"String":"b","Interface":null}}
2025-08-15T22:13:43.861-0500	DEBUG	protocol/handler.go:581	tryAdvanceRound called	{"{current_round 20 3  <nil>}": {"Key":"self","Type":15,"Integer":0,"String":"c","Interface":null}}
2025-08-15T22:13:43.861-0500	DEBUG	protocol/handler.go:1591	have processed broadcast	{"{round 20 3  <nil>}": {"Key":"from","Type":15,"Integer":0,"String":"a","Interface":null}}
2025-08-15T22:13:43.861-0500	DEBUG	protocol/handler.go:1591	have processed broadcast	{"{round 20 3  <nil>}": {"Key":"from","Type":15,"Integer":0,"String":"a","Interface":null}}
2025-08-15T22:13:43.861-0500	DEBUG	protocol/handler.go:1591	have processed broadcast	{"{round 20 3  <nil>}": {"Key":"from","Type":15,"Integer":0,"String":"c","Interface":null}}
2025-08-15T22:13:43.861-0500	DEBUG	protocol/handler.go:1591	have processed broadcast	{"{round 20 3  <nil>}": {"Key":"from","Type":15,"Integer":0,"String":"b","Interface":null}}
2025-08-15T22:13:43.861-0500	DEBUG	protocol/handler.go:1649	have all messages and processed	{"{round 20 3  <nil>}": {"Key":"self","Type":15,"Integer":0,"String":"b","Interface":null}}
2025-08-15T22:13:43.861-0500	DEBUG	protocol/handler.go:596	round already finalized
2025-08-15T22:13:43.861-0500	DEBUG	protocol/handler.go:1649	have all messages and processed	{"{round 20 3  <nil>}": {"Key":"self","Type":15,"Integer":0,"String":"c","Interface":null}}
2025-08-15T22:13:43.861-0500	DEBUG	protocol/handler.go:596	round already finalized
2025-08-15T22:13:43.867-0500	DEBUG	protocol/handler.go:581	tryAdvanceRound called	{"{current_round 20 3  <nil>}": {"Key":"self","Type":15,"Integer":0,"String":"a","Interface":null}}
2025-08-15T22:13:43.867-0500	DEBUG	protocol/handler.go:1591	have processed broadcast	{"{round 20 3  <nil>}": {"Key":"from","Type":15,"Integer":0,"String":"b","Interface":null}}
2025-08-15T22:13:43.867-0500	DEBUG	protocol/handler.go:1591	have processed broadcast	{"{round 20 3  <nil>}": {"Key":"from","Type":15,"Integer":0,"String":"c","Interface":null}}
2025-08-15T22:13:43.867-0500	DEBUG	protocol/handler.go:1649	have all messages and processed	{"{round 20 3  <nil>}": {"Key":"self","Type":15,"Integer":0,"String":"a","Interface":null}}
2025-08-15T22:13:43.867-0500	DEBUG	protocol/handler.go:596	round already finalized
2025-08-15T22:13:43.871-0500	DEBUG	protocol/handler.go:581	tryAdvanceRound called	{"{current_round 20 3  <nil>}": {"Key":"self","Type":15,"Integer":0,"String":"b","Interface":null}}
2025-08-15T22:13:43.871-0500	DEBUG	protocol/handler.go:1591	have processed broadcast	{"{round 20 3  <nil>}": {"Key":"from","Type":15,"Integer":0,"String":"a","Interface":null}}
2025-08-15T22:13:43.871-0500	DEBUG	protocol/handler.go:1591	have processed broadcast	{"{round 20 3  <nil>}": {"Key":"from","Type":15,"Integer":0,"String":"c","Interface":null}}
2025-08-15T22:13:43.871-0500	DEBUG	protocol/handler.go:581	tryAdvanceRound called	{"{current_round 20 3  <nil>}": {"Key":"self","Type":15,"Integer":0,"String":"c","Interface":null}}
2025-08-15T22:13:43.871-0500	DEBUG	protocol/handler.go:1649	have all messages and processed	{"{round 20 3  <nil>}": {"Key":"self","Type":15,"Integer":0,"String":"b","Interface":null}}
2025-08-15T22:13:43.871-0500	DEBUG	protocol/handler.go:596	round already finalized
2025-08-15T22:13:43.871-0500	DEBUG	protocol/handler.go:1591	have processed broadcast	{"{round 20 3  <nil>}": {"Key":"from","Type":15,"Integer":0,"String":"a","Interface":null}}
2025-08-15T22:13:43.871-0500	DEBUG	protocol/handler.go:1591	have processed broadcast	{"{round 20 3  <nil>}": {"Key":"from","Type":15,"Integer":0,"String":"b","Interface":null}}
2025-08-15T22:13:43.871-0500	DEBUG	protocol/handler.go:1649	have all messages and processed	{"{round 20 3  <nil>}": {"Key":"self","Type":15,"Integer":0,"String":"c","Interface":null}}
2025-08-15T22:13:43.871-0500	DEBUG	protocol/handler.go:596	round already finalized
2025-08-15T22:13:43.876-0500	DEBUG	protocol/handler.go:581	tryAdvanceRound called	{"{current_round 20 3  <nil>}": {"Key":"self","Type":15,"Integer":0,"String":"a","Interface":null}}
2025-08-15T22:13:43.877-0500	DEBUG	protocol/handler.go:1591	have processed broadcast	{"{round 20 3  <nil>}": {"Key":"from","Type":15,"Integer":0,"String":"b","Interface":null}}
2025-08-15T22:13:43.877-0500	DEBUG	protocol/handler.go:1591	have processed broadcast	{"{round 20 3  <nil>}": {"Key":"from","Type":15,"Integer":0,"String":"c","Interface":null}}
2025-08-15T22:13:43.877-0500	DEBUG	protocol/handler.go:1649	have all messages and processed	{"{round 20 3  <nil>}": {"Key":"self","Type":15,"Integer":0,"String":"a","Interface":null}}
2025-08-15T22:13:43.877-0500	DEBUG	protocol/handler.go:596	round already finalized
2025-08-15T22:13:43.881-0500	DEBUG	protocol/handler.go:581	tryAdvanceRound called	{"{current_round 20 3  <nil>}": {"Key":"self","Type":15,"Integer":0,"String":"c","Interface":null}}
2025-08-15T22:13:43.881-0500	DEBUG	protocol/handler.go:581	tryAdvanceRound called	{"{current_round 20 3  <nil>}": {"Key":"self","Type":15,"Integer":0,"String":"b","Interface":null}}
2025-08-15T22:13:43.881-0500	DEBUG	protocol/handler.go:1591	have processed broadcast	{"{round 20 3  <nil>}": {"Key":"from","Type":15,"Integer":0,"String":"a","Interface":null}}
2025-08-15T22:13:43.881-0500	DEBUG	protocol/handler.go:1591	have processed broadcast	{"{round 20 3  <nil>}": {"Key":"from","Type":15,"Integer":0,"String":"a","Interface":null}}
2025-08-15T22:13:43.881-0500	DEBUG	protocol/handler.go:1591	have processed broadcast	{"{round 20 3  <nil>}": {"Key":"from","Type":15,"Integer":0,"String":"b","Interface":null}}
2025-08-15T22:13:43.881-0500	DEBUG	protocol/handler.go:1591	have processed broadcast	{"{round 20 3  <nil>}": {"Key":"from","Type":15,"Integer":0,"String":"c","Interface":null}}
2025-08-15T22:13:43.881-0500	DEBUG	protocol/handler.go:1649	have all messages and processed	{"{round 20 3  <nil>}": {"Key":"self","Type":15,"Integer":0,"String":"c","Interface":null}}
2025-08-15T22:13:43.881-0500	DEBUG	protocol/handler.go:1649	have all messages and processed	{"{round 20 3  <nil>}": {"Key":"self","Type":15,"Integer":0,"String":"b","Interface":null}}
2025-08-15T22:13:43.881-0500	DEBUG	protocol/handler.go:596	round already finalized
2025-08-15T22:13:43.881-0500	DEBUG	protocol/handler.go:596	round already finalized
2025-08-15T22:13:43.887-0500	DEBUG	protocol/handler.go:581	tryAdvanceRound called	{"{current_round 20 3  <nil>}": {"Key":"self","Type":15,"Integer":0,"String":"a","Interface":null}}
2025-08-15T22:13:43.887-0500	DEBUG	protocol/handler.go:1591	have processed broadcast	{"{round 20 3  <nil>}": {"Key":"from","Type":15,"Integer":0,"String":"b","Interface":null}}
2025-08-15T22:13:43.887-0500	DEBUG	protocol/handler.go:1591	have processed broadcast	{"{round 20 3  <nil>}": {"Key":"from","Type":15,"Integer":0,"String":"c","Interface":null}}
2025-08-15T22:13:43.887-0500	DEBUG	protocol/handler.go:1649	have all messages and processed	{"{round 20 3  <nil>}": {"Key":"self","Type":15,"Integer":0,"String":"a","Interface":null}}
2025-08-15T22:13:43.887-0500	DEBUG	protocol/handler.go:596	round already finalized
2025-08-15T22:13:43.891-0500	DEBUG	protocol/handler.go:581	tryAdvanceRound called	{"{current_round 20 3  <nil>}": {"Key":"self","Type":15,"Integer":0,"String":"b","Interface":null}}
2025-08-15T22:13:43.891-0500	DEBUG	protocol/handler.go:581	tryAdvanceRound called	{"{current_round 20 3  <nil>}": {"Key":"self","Type":15,"Integer":0,"String":"c","Interface":null}}
2025-08-15T22:13:43.891-0500	DEBUG	protocol/handler.go:1591	have processed broadcast	{"{round 20 3  <nil>}": {"Key":"from","Type":15,"Integer":0,"String":"a","Interface":null}}
2025-08-15T22:13:43.891-0500	DEBUG	protocol/handler.go:1591	have processed broadcast	{"{round 20 3  <nil>}": {"Key":"from","Type":15,"Integer":0,"String":"a","Interface":null}}
2025-08-15T22:13:43.891-0500	DEBUG	protocol/handler.go:1591	have processed broadcast	{"{round 20 3  <nil>}": {"Key":"from","Type":15,"Integer":0,"String":"c","Interface":null}}
2025-08-15T22:13:43.891-0500	DEBUG	protocol/handler.go:1591	have processed broadcast	{"{round 20 3  <nil>}": {"Key":"from","Type":15,"Integer":0,"String":"b","Interface":null}}
2025-08-15T22:13:43.891-0500	DEBUG	protocol/handler.go:1649	have all messages and processed	{"{round 20 3  <nil>}": {"Key":"self","Type":15,"Integer":0,"String":"b","Interface":null}}
2025-08-15T22:13:43.891-0500	DEBUG	protocol/handler.go:1649	have all messages and processed	{"{round 20 3  <nil>}": {"Key":"self","Type":15,"Integer":0,"String":"c","Interface":null}}
2025-08-15T22:13:43.891-0500	DEBUG	protocol/handler.go:596	round already finalized
2025-08-15T22:13:43.891-0500	DEBUG	protocol/handler.go:596	round already finalized
2025-08-15T22:13:43.897-0500	DEBUG	protocol/handler.go:581	tryAdvanceRound called	{"{current_round 20 3  <nil>}": {"Key":"self","Type":15,"Integer":0,"String":"a","Interface":null}}
2025-08-15T22:13:43.897-0500	DEBUG	protocol/handler.go:1591	have processed broadcast	{"{round 20 3  <nil>}": {"Key":"from","Type":15,"Integer":0,"String":"b","Interface":null}}
2025-08-15T22:13:43.897-0500	DEBUG	protocol/handler.go:1591	have processed broadcast	{"{round 20 3  <nil>}": {"Key":"from","Type":15,"Integer":0,"String":"c","Interface":null}}
2025-08-15T22:13:43.897-0500	DEBUG	protocol/handler.go:1649	have all messages and processed	{"{round 20 3  <nil>}": {"Key":"self","Type":15,"Integer":0,"String":"a","Interface":null}}
2025-08-15T22:13:43.897-0500	DEBUG	protocol/handler.go:596	round already finalized
2025-08-15T22:13:43.901-0500	DEBUG	protocol/handler.go:581	tryAdvanceRound called	{"{current_round 20 3  <nil>}": {"Key":"self","Type":15,"Integer":0,"String":"b","Interface":null}}
2025-08-15T22:13:43.901-0500	DEBUG	protocol/handler.go:1591	have processed broadcast	{"{round 20 3  <nil>}": {"Key":"from","Type":15,"Integer":0,"String":"a","Interface":null}}
2025-08-15T22:13:43.901-0500	DEBUG	protocol/handler.go:1591	have processed broadcast	{"{round 20 3  <nil>}": {"Key":"from","Type":15,"Integer":0,"String":"c","Interface":null}}
2025-08-15T22:13:43.901-0500	DEBUG	protocol/handler.go:1649	have all messages and processed	{"{round 20 3  <nil>}": {"Key":"self","Type":15,"Integer":0,"String":"b","Interface":null}}
2025-08-15T22:13:43.901-0500	DEBUG	protocol/handler.go:596	round already finalized
2025-08-15T22:13:43.901-0500	DEBUG	protocol/handler.go:581	tryAdvanceRound called	{"{current_round 20 3  <nil>}": {"Key":"self","Type":15,"Integer":0,"String":"c","Interface":null}}
2025-08-15T22:13:43.901-0500	DEBUG	protocol/handler.go:1591	have processed broadcast	{"{round 20 3  <nil>}": {"Key":"from","Type":15,"Integer":0,"String":"a","Interface":null}}
2025-08-15T22:13:43.901-0500	DEBUG	protocol/handler.go:1591	have processed broadcast	{"{round 20 3  <nil>}": {"Key":"from","Type":15,"Integer":0,"String":"b","Interface":null}}
2025-08-15T22:13:43.901-0500	DEBUG	protocol/handler.go:1649	have all messages and processed	{"{round 20 3  <nil>}": {"Key":"self","Type":15,"Integer":0,"String":"c","Interface":null}}
2025-08-15T22:13:43.901-0500	DEBUG	protocol/handler.go:596	round already finalized
2025-08-15T22:13:43.907-0500	DEBUG	protocol/handler.go:581	tryAdvanceRound called	{"{current_round 20 3  <nil>}": {"Key":"self","Type":15,"Integer":0,"String":"a","Interface":null}}
2025-08-15T22:13:43.907-0500	DEBUG	protocol/handler.go:1591	have processed broadcast	{"{round 20 3  <nil>}": {"Key":"from","Type":15,"Integer":0,"String":"b","Interface":null}}
2025-08-15T22:13:43.907-0500	DEBUG	protocol/handler.go:1591	have processed broadcast	{"{round 20 3  <nil>}": {"Key":"from","Type":15,"Integer":0,"String":"c","Interface":null}}
2025-08-15T22:13:43.907-0500	DEBUG	protocol/handler.go:1649	have all messages and processed	{"{round 20 3  <nil>}": {"Key":"self","Type":15,"Integer":0,"String":"a","Interface":null}}
2025-08-15T22:13:43.907-0500	DEBUG	protocol/handler.go:596	round already finalized
2025-08-15T22:13:43.911-0500	DEBUG	protocol/handler.go:581	tryAdvanceRound called	{"{current_round 20 3  <nil>}": {"Key":"self","Type":15,"Integer":0,"String":"b","Interface":null}}
2025-08-15T22:13:43.911-0500	DEBUG	protocol/handler.go:581	tryAdvanceRound called	{"{current_round 20 3  <nil>}": {"Key":"self","Type":15,"Integer":0,"String":"c","Interface":null}}
2025-08-15T22:13:43.911-0500	DEBUG	protocol/handler.go:1591	have processed broadcast	{"{round 20 3  <nil>}": {"Key":"from","Type":15,"Integer":0,"String":"a","Interface":null}}
2025-08-15T22:13:43.911-0500	DEBUG	protocol/handler.go:1591	have processed broadcast	{"{round 20 3  <nil>}": {"Key":"from","Type":15,"Integer":0,"String":"a","Interface":null}}
2025-08-15T22:13:43.911-0500	DEBUG	protocol/handler.go:1591	have processed broadcast	{"{round 20 3  <nil>}": {"Key":"from","Type":15,"Integer":0,"String":"c","Interface":null}}
2025-08-15T22:13:43.911-0500	DEBUG	protocol/handler.go:1591	have processed broadcast	{"{round 20 3  <nil>}": {"Key":"from","Type":15,"Integer":0,"String":"b","Interface":null}}
2025-08-15T22:13:43.911-0500	DEBUG	protocol/handler.go:1649	have all messages and processed	{"{round 20 3  <nil>}": {"Key":"self","Type":15,"Integer":0,"String":"b","Interface":null}}
2025-08-15T22:13:43.911-0500	DEBUG	protocol/handler.go:1649	have all messages and processed	{"{round 20 3  <nil>}": {"Key":"self","Type":15,"Integer":0,"String":"c","Interface":null}}
2025-08-15T22:13:43.911-0500	DEBUG	protocol/handler.go:596	round already finalized
2025-08-15T22:13:43.911-0500	DEBUG	protocol/handler.go:596	round already finalized
2025-08-15T22:13:43.917-0500	DEBUG	protocol/handler.go:581	tryAdvanceRound called	{"{current_round 20 3  <nil>}": {"Key":"self","Type":15,"Integer":0,"String":"a","Interface":null}}
2025-08-15T22:13:43.917-0500	DEBUG	protocol/handler.go:1591	have processed broadcast	{"{round 20 3  <nil>}": {"Key":"from","Type":15,"Integer":0,"String":"b","Interface":null}}
2025-08-15T22:13:43.917-0500	DEBUG	protocol/handler.go:1591	have processed broadcast	{"{round 20 3  <nil>}": {"Key":"from","Type":15,"Integer":0,"String":"c","Interface":null}}
2025-08-15T22:13:43.917-0500	DEBUG	protocol/handler.go:1649	have all messages and processed	{"{round 20 3  <nil>}": {"Key":"self","Type":15,"Integer":0,"String":"a","Interface":null}}
2025-08-15T22:13:43.917-0500	DEBUG	protocol/handler.go:596	round already finalized
2025-08-15T22:13:43.921-0500	DEBUG	protocol/handler.go:581	tryAdvanceRound called	{"{current_round 20 3  <nil>}": {"Key":"self","Type":15,"Integer":0,"String":"b","Interface":null}}
2025-08-15T22:13:43.921-0500	DEBUG	protocol/handler.go:581	tryAdvanceRound called	{"{current_round 20 3  <nil>}": {"Key":"self","Type":15,"Integer":0,"String":"c","Interface":null}}
2025-08-15T22:13:43.921-0500	DEBUG	protocol/handler.go:1591	have processed broadcast	{"{round 20 3  <nil>}": {"Key":"from","Type":15,"Integer":0,"String":"a","Interface":null}}
2025-08-15T22:13:43.921-0500	DEBUG	protocol/handler.go:1591	have processed broadcast	{"{round 20 3  <nil>}": {"Key":"from","Type":15,"Integer":0,"String":"a","Interface":null}}
2025-08-15T22:13:43.921-0500	DEBUG	protocol/handler.go:1591	have processed broadcast	{"{round 20 3  <nil>}": {"Key":"from","Type":15,"Integer":0,"String":"b","Interface":null}}
2025-08-15T22:13:43.921-0500	DEBUG	protocol/handler.go:1591	have processed broadcast	{"{round 20 3  <nil>}": {"Key":"from","Type":15,"Integer":0,"String":"c","Interface":null}}
2025-08-15T22:13:43.921-0500	DEBUG	protocol/handler.go:1649	have all messages and processed	{"{round 20 3  <nil>}": {"Key":"self","Type":15,"Integer":0,"String":"c","Interface":null}}
2025-08-15T22:13:43.921-0500	DEBUG	protocol/handler.go:596	round already finalized
2025-08-15T22:13:43.921-0500	DEBUG	protocol/handler.go:1649	have all messages and processed	{"{round 20 3  <nil>}": {"Key":"self","Type":15,"Integer":0,"String":"b","Interface":null}}
2025-08-15T22:13:43.921-0500	DEBUG	protocol/handler.go:596	round already finalized
2025-08-15T22:13:43.927-0500	DEBUG	protocol/handler.go:581	tryAdvanceRound called	{"{current_round 20 3  <nil>}": {"Key":"self","Type":15,"Integer":0,"String":"a","Interface":null}}
2025-08-15T22:13:43.927-0500	DEBUG	protocol/handler.go:1591	have processed broadcast	{"{round 20 3  <nil>}": {"Key":"from","Type":15,"Integer":0,"String":"b","Interface":null}}
2025-08-15T22:13:43.927-0500	DEBUG	protocol/handler.go:1591	have processed broadcast	{"{round 20 3  <nil>}": {"Key":"from","Type":15,"Integer":0,"String":"c","Interface":null}}
2025-08-15T22:13:43.927-0500	DEBUG	protocol/handler.go:1649	have all messages and processed	{"{round 20 3  <nil>}": {"Key":"self","Type":15,"Integer":0,"String":"a","Interface":null}}
2025-08-15T22:13:43.927-0500	DEBUG	protocol/handler.go:596	round already finalized
2025-08-15T22:13:43.931-0500	DEBUG	protocol/handler.go:581	tryAdvanceRound called	{"{current_round 20 3  <nil>}": {"Key":"self","Type":15,"Integer":0,"String":"b","Interface":null}}
2025-08-15T22:13:43.931-0500	DEBUG	protocol/handler.go:1591	have processed broadcast	{"{round 20 3  <nil>}": {"Key":"from","Type":15,"Integer":0,"String":"a","Interface":null}}
2025-08-15T22:13:43.931-0500	DEBUG	protocol/handler.go:1591	have processed broadcast	{"{round 20 3  <nil>}": {"Key":"from","Type":15,"Integer":0,"String":"c","Interface":null}}
2025-08-15T22:13:43.931-0500	DEBUG	protocol/handler.go:1649	have all messages and processed	{"{round 20 3  <nil>}": {"Key":"self","Type":15,"Integer":0,"String":"b","Interface":null}}
2025-08-15T22:13:43.931-0500	DEBUG	protocol/handler.go:596	round already finalized
2025-08-15T22:13:43.931-0500	DEBUG	protocol/handler.go:581	tryAdvanceRound called	{"{current_round 20 3  <nil>}": {"Key":"self","Type":15,"Integer":0,"String":"c","Interface":null}}
2025-08-15T22:13:43.931-0500	DEBUG	protocol/handler.go:1591	have processed broadcast	{"{round 20 3  <nil>}": {"Key":"from","Type":15,"Integer":0,"String":"a","Interface":null}}
2025-08-15T22:13:43.931-0500	DEBUG	protocol/handler.go:1591	have processed broadcast	{"{round 20 3  <nil>}": {"Key":"from","Type":15,"Integer":0,"String":"b","Interface":null}}
2025-08-15T22:13:43.931-0500	DEBUG	protocol/handler.go:1649	have all messages and processed	{"{round 20 3  <nil>}": {"Key":"self","Type":15,"Integer":0,"String":"c","Interface":null}}
2025-08-15T22:13:43.931-0500	DEBUG	protocol/handler.go:596	round already finalized
2025-08-15T22:13:43.937-0500	DEBUG	protocol/handler.go:581	tryAdvanceRound called	{"{current_round 20 3  <nil>}": {"Key":"self","Type":15,"Integer":0,"String":"a","Interface":null}}
2025-08-15T22:13:43.937-0500	DEBUG	protocol/handler.go:1591	have processed broadcast	{"{round 20 3  <nil>}": {"Key":"from","Type":15,"Integer":0,"String":"b","Interface":null}}
2025-08-15T22:13:43.937-0500	DEBUG	protocol/handler.go:1591	have processed broadcast	{"{round 20 3  <nil>}": {"Key":"from","Type":15,"Integer":0,"String":"c","Interface":null}}
2025-08-15T22:13:43.937-0500	DEBUG	protocol/handler.go:1649	have all messages and processed	{"{round 20 3  <nil>}": {"Key":"self","Type":15,"Integer":0,"String":"a","Interface":null}}
2025-08-15T22:13:43.937-0500	DEBUG	protocol/handler.go:596	round already finalized
2025-08-15T22:13:43.941-0500	DEBUG	protocol/handler.go:581	tryAdvanceRound called	{"{current_round 20 3  <nil>}": {"Key":"self","Type":15,"Integer":0,"String":"b","Interface":null}}
2025-08-15T22:13:43.941-0500	DEBUG	protocol/handler.go:581	tryAdvanceRound called	{"{current_round 20 3  <nil>}": {"Key":"self","Type":15,"Integer":0,"String":"c","Interface":null}}
2025-08-15T22:13:43.941-0500	DEBUG	protocol/handler.go:1591	have processed broadcast	{"{round 20 3  <nil>}": {"Key":"from","Type":15,"Integer":0,"String":"a","Interface":null}}
2025-08-15T22:13:43.941-0500	DEBUG	protocol/handler.go:1591	have processed broadcast	{"{round 20 3  <nil>}": {"Key":"from","Type":15,"Integer":0,"String":"a","Interface":null}}
2025-08-15T22:13:43.941-0500	DEBUG	protocol/handler.go:1591	have processed broadcast	{"{round 20 3  <nil>}": {"Key":"from","Type":15,"Integer":0,"String":"c","Interface":null}}
2025-08-15T22:13:43.941-0500	DEBUG	protocol/handler.go:1591	have processed broadcast	{"{round 20 3  <nil>}": {"Key":"from","Type":15,"Integer":0,"String":"b","Interface":null}}
2025-08-15T22:13:43.941-0500	DEBUG	protocol/handler.go:1649	have all messages and processed	{"{round 20 3  <nil>}": {"Key":"self","Type":15,"Integer":0,"String":"b","Interface":null}}
2025-08-15T22:13:43.941-0500	DEBUG	protocol/handler.go:1649	have all messages and processed	{"{round 20 3  <nil>}": {"Key":"self","Type":15,"Integer":0,"String":"c","Interface":null}}
2025-08-15T22:13:43.941-0500	DEBUG	protocol/handler.go:596	round already finalized
2025-08-15T22:13:43.941-0500	DEBUG	protocol/handler.go:596	round already finalized
2025-08-15T22:13:43.946-0500	DEBUG	protocol/handler.go:581	tryAdvanceRound called	{"{current_round 20 3  <nil>}": {"Key":"self","Type":15,"Integer":0,"String":"a","Interface":null}}
2025-08-15T22:13:43.947-0500	DEBUG	protocol/handler.go:1591	have processed broadcast	{"{round 20 3  <nil>}": {"Key":"from","Type":15,"Integer":0,"String":"b","Interface":null}}
2025-08-15T22:13:43.947-0500	DEBUG	protocol/handler.go:1591	have processed broadcast	{"{round 20 3  <nil>}": {"Key":"from","Type":15,"Integer":0,"String":"c","Interface":null}}
2025-08-15T22:13:43.947-0500	DEBUG	protocol/handler.go:1649	have all messages and processed	{"{round 20 3  <nil>}": {"Key":"self","Type":15,"Integer":0,"String":"a","Interface":null}}
2025-08-15T22:13:43.947-0500	DEBUG	protocol/handler.go:596	round already finalized
2025-08-15T22:13:43.951-0500	DEBUG	protocol/handler.go:581	tryAdvanceRound called	{"{current_round 20 3  <nil>}": {"Key":"self","Type":15,"Integer":0,"String":"b","Interface":null}}
2025-08-15T22:13:43.951-0500	DEBUG	protocol/handler.go:581	tryAdvanceRound called	{"{current_round 20 3  <nil>}": {"Key":"self","Type":15,"Integer":0,"String":"c","Interface":null}}
2025-08-15T22:13:43.951-0500	DEBUG	protocol/handler.go:1591	have processed broadcast	{"{round 20 3  <nil>}": {"Key":"from","Type":15,"Integer":0,"String":"a","Interface":null}}
2025-08-15T22:13:43.951-0500	DEBUG	protocol/handler.go:1591	have processed broadcast	{"{round 20 3  <nil>}": {"Key":"from","Type":15,"Integer":0,"String":"c","Interface":null}}
2025-08-15T22:13:43.951-0500	DEBUG	protocol/handler.go:1591	have processed broadcast	{"{round 20 3  <nil>}": {"Key":"from","Type":15,"Integer":0,"String":"a","Interface":null}}
2025-08-15T22:13:43.951-0500	DEBUG	protocol/handler.go:1591	have processed broadcast	{"{round 20 3  <nil>}": {"Key":"from","Type":15,"Integer":0,"String":"b","Interface":null}}
2025-08-15T22:13:43.951-0500	DEBUG	protocol/handler.go:1649	have all messages and processed	{"{round 20 3  <nil>}": {"Key":"self","Type":15,"Integer":0,"String":"b","Interface":null}}
2025-08-15T22:13:43.951-0500	DEBUG	protocol/handler.go:596	round already finalized
2025-08-15T22:13:43.951-0500	DEBUG	protocol/handler.go:1649	have all messages and processed	{"{round 20 3  <nil>}": {"Key":"self","Type":15,"Integer":0,"String":"c","Interface":null}}
2025-08-15T22:13:43.951-0500	DEBUG	protocol/handler.go:596	round already finalized
2025-08-15T22:13:43.957-0500	DEBUG	protocol/handler.go:581	tryAdvanceRound called	{"{current_round 20 3  <nil>}": {"Key":"self","Type":15,"Integer":0,"String":"a","Interface":null}}
2025-08-15T22:13:43.957-0500	DEBUG	protocol/handler.go:1591	have processed broadcast	{"{round 20 3  <nil>}": {"Key":"from","Type":15,"Integer":0,"String":"b","Interface":null}}
2025-08-15T22:13:43.957-0500	DEBUG	protocol/handler.go:1591	have processed broadcast	{"{round 20 3  <nil>}": {"Key":"from","Type":15,"Integer":0,"String":"c","Interface":null}}
2025-08-15T22:13:43.957-0500	DEBUG	protocol/handler.go:1649	have all messages and processed	{"{round 20 3  <nil>}": {"Key":"self","Type":15,"Integer":0,"String":"a","Interface":null}}
2025-08-15T22:13:43.957-0500	DEBUG	protocol/handler.go:596	round already finalized
2025-08-15T22:13:43.961-0500	DEBUG	protocol/handler.go:581	tryAdvanceRound called	{"{current_round 20 3  <nil>}": {"Key":"self","Type":15,"Integer":0,"String":"b","Interface":null}}
2025-08-15T22:13:43.961-0500	DEBUG	protocol/handler.go:581	tryAdvanceRound called	{"{current_round 20 3  <nil>}": {"Key":"self","Type":15,"Integer":0,"String":"c","Interface":null}}
2025-08-15T22:13:43.961-0500	DEBUG	protocol/handler.go:1591	have processed broadcast	{"{round 20 3  <nil>}": {"Key":"from","Type":15,"Integer":0,"String":"a","Interface":null}}
2025-08-15T22:13:43.961-0500	DEBUG	protocol/handler.go:1591	have processed broadcast	{"{round 20 3  <nil>}": {"Key":"from","Type":15,"Integer":0,"String":"a","Interface":null}}
2025-08-15T22:13:43.961-0500	DEBUG	protocol/handler.go:1591	have processed broadcast	{"{round 20 3  <nil>}": {"Key":"from","Type":15,"Integer":0,"String":"c","Interface":null}}
2025-08-15T22:13:43.961-0500	DEBUG	protocol/handler.go:1591	have processed broadcast	{"{round 20 3  <nil>}": {"Key":"from","Type":15,"Integer":0,"String":"b","Interface":null}}
2025-08-15T22:13:43.961-0500	DEBUG	protocol/handler.go:1649	have all messages and processed	{"{round 20 3  <nil>}": {"Key":"self","Type":15,"Integer":0,"String":"b","Interface":null}}
2025-08-15T22:13:43.961-0500	DEBUG	protocol/handler.go:1649	have all messages and processed	{"{round 20 3  <nil>}": {"Key":"self","Type":15,"Integer":0,"String":"c","Interface":null}}
2025-08-15T22:13:43.961-0500	DEBUG	protocol/handler.go:596	round already finalized
2025-08-15T22:13:43.961-0500	DEBUG	protocol/handler.go:596	round already finalized
2025-08-15T22:13:43.967-0500	DEBUG	protocol/handler.go:581	tryAdvanceRound called	{"{current_round 20 3  <nil>}": {"Key":"self","Type":15,"Integer":0,"String":"a","Interface":null}}
2025-08-15T22:13:43.967-0500	DEBUG	protocol/handler.go:1591	have processed broadcast	{"{round 20 3  <nil>}": {"Key":"from","Type":15,"Integer":0,"String":"b","Interface":null}}
2025-08-15T22:13:43.967-0500	DEBUG	protocol/handler.go:1591	have processed broadcast	{"{round 20 3  <nil>}": {"Key":"from","Type":15,"Integer":0,"String":"c","Interface":null}}
2025-08-15T22:13:43.967-0500	DEBUG	protocol/handler.go:1649	have all messages and processed	{"{round 20 3  <nil>}": {"Key":"self","Type":15,"Integer":0,"String":"a","Interface":null}}
2025-08-15T22:13:43.967-0500	DEBUG	protocol/handler.go:596	round already finalized
2025-08-15T22:13:43.971-0500	DEBUG	protocol/handler.go:581	tryAdvanceRound called	{"{current_round 20 3  <nil>}": {"Key":"self","Type":15,"Integer":0,"String":"b","Interface":null}}
2025-08-15T22:13:43.971-0500	DEBUG	protocol/handler.go:581	tryAdvanceRound called	{"{current_round 20 3  <nil>}": {"Key":"self","Type":15,"Integer":0,"String":"c","Interface":null}}
2025-08-15T22:13:43.971-0500	DEBUG	protocol/handler.go:1591	have processed broadcast	{"{round 20 3  <nil>}": {"Key":"from","Type":15,"Integer":0,"String":"a","Interface":null}}
2025-08-15T22:13:43.971-0500	DEBUG	protocol/handler.go:1591	have processed broadcast	{"{round 20 3  <nil>}": {"Key":"from","Type":15,"Integer":0,"String":"a","Interface":null}}
2025-08-15T22:13:43.971-0500	DEBUG	protocol/handler.go:1591	have processed broadcast	{"{round 20 3  <nil>}": {"Key":"from","Type":15,"Integer":0,"String":"c","Interface":null}}
2025-08-15T22:13:43.971-0500	DEBUG	protocol/handler.go:1591	have processed broadcast	{"{round 20 3  <nil>}": {"Key":"from","Type":15,"Integer":0,"String":"b","Interface":null}}
2025-08-15T22:13:43.971-0500	DEBUG	protocol/handler.go:1649	have all messages and processed	{"{round 20 3  <nil>}": {"Key":"self","Type":15,"Integer":0,"String":"b","Interface":null}}
2025-08-15T22:13:43.971-0500	DEBUG	protocol/handler.go:1649	have all messages and processed	{"{round 20 3  <nil>}": {"Key":"self","Type":15,"Integer":0,"String":"c","Interface":null}}
2025-08-15T22:13:43.971-0500	DEBUG	protocol/handler.go:596	round already finalized
2025-08-15T22:13:43.971-0500	DEBUG	protocol/handler.go:596	round already finalized
2025-08-15T22:13:43.977-0500	DEBUG	protocol/handler.go:581	tryAdvanceRound called	{"{current_round 20 3  <nil>}": {"Key":"self","Type":15,"Integer":0,"String":"a","Interface":null}}
2025-08-15T22:13:43.977-0500	DEBUG	protocol/handler.go:1591	have processed broadcast	{"{round 20 3  <nil>}": {"Key":"from","Type":15,"Integer":0,"String":"b","Interface":null}}
2025-08-15T22:13:43.977-0500	DEBUG	protocol/handler.go:1591	have processed broadcast	{"{round 20 3  <nil>}": {"Key":"from","Type":15,"Integer":0,"String":"c","Interface":null}}
2025-08-15T22:13:43.977-0500	DEBUG	protocol/handler.go:1649	have all messages and processed	{"{round 20 3  <nil>}": {"Key":"self","Type":15,"Integer":0,"String":"a","Interface":null}}
2025-08-15T22:13:43.977-0500	DEBUG	protocol/handler.go:596	round already finalized
2025-08-15T22:13:43.980-0500	DEBUG	protocol/handler.go:581	tryAdvanceRound called	{"{current_round 20 3  <nil>}": {"Key":"self","Type":15,"Integer":0,"String":"b","Interface":null}}
2025-08-15T22:13:43.981-0500	DEBUG	protocol/handler.go:1591	have processed broadcast	{"{round 20 3  <nil>}": {"Key":"from","Type":15,"Integer":0,"String":"a","Interface":null}}
2025-08-15T22:13:43.981-0500	DEBUG	protocol/handler.go:1591	have processed broadcast	{"{round 20 3  <nil>}": {"Key":"from","Type":15,"Integer":0,"String":"c","Interface":null}}
2025-08-15T22:13:43.981-0500	DEBUG	protocol/handler.go:1649	have all messages and processed	{"{round 20 3  <nil>}": {"Key":"self","Type":15,"Integer":0,"String":"b","Interface":null}}
2025-08-15T22:13:43.981-0500	DEBUG	protocol/handler.go:596	round already finalized
2025-08-15T22:13:43.981-0500	DEBUG	protocol/handler.go:581	tryAdvanceRound called	{"{current_round 20 3  <nil>}": {"Key":"self","Type":15,"Integer":0,"String":"c","Interface":null}}
2025-08-15T22:13:43.981-0500	DEBUG	protocol/handler.go:1591	have processed broadcast	{"{round 20 3  <nil>}": {"Key":"from","Type":15,"Integer":0,"String":"a","Interface":null}}
2025-08-15T22:13:43.981-0500	DEBUG	protocol/handler.go:1591	have processed broadcast	{"{round 20 3  <nil>}": {"Key":"from","Type":15,"Integer":0,"String":"b","Interface":null}}
2025-08-15T22:13:43.981-0500	DEBUG	protocol/handler.go:1649	have all messages and processed	{"{round 20 3  <nil>}": {"Key":"self","Type":15,"Integer":0,"String":"c","Interface":null}}
2025-08-15T22:13:43.981-0500	DEBUG	protocol/handler.go:596	round already finalized
2025-08-15T22:13:43.987-0500	DEBUG	protocol/handler.go:581	tryAdvanceRound called	{"{current_round 20 3  <nil>}": {"Key":"self","Type":15,"Integer":0,"String":"a","Interface":null}}
2025-08-15T22:13:43.987-0500	DEBUG	protocol/handler.go:1591	have processed broadcast	{"{round 20 3  <nil>}": {"Key":"from","Type":15,"Integer":0,"String":"b","Interface":null}}
2025-08-15T22:13:43.987-0500	DEBUG	protocol/handler.go:1591	have processed broadcast	{"{round 20 3  <nil>}": {"Key":"from","Type":15,"Integer":0,"String":"c","Interface":null}}
2025-08-15T22:13:43.987-0500	DEBUG	protocol/handler.go:1649	have all messages and processed	{"{round 20 3  <nil>}": {"Key":"self","Type":15,"Integer":0,"String":"a","Interface":null}}
2025-08-15T22:13:43.987-0500	DEBUG	protocol/handler.go:596	round already finalized
2025-08-15T22:13:43.991-0500	DEBUG	protocol/handler.go:581	tryAdvanceRound called	{"{current_round 20 3  <nil>}": {"Key":"self","Type":15,"Integer":0,"String":"b","Interface":null}}
2025-08-15T22:13:43.991-0500	DEBUG	protocol/handler.go:581	tryAdvanceRound called	{"{current_round 20 3  <nil>}": {"Key":"self","Type":15,"Integer":0,"String":"c","Interface":null}}
2025-08-15T22:13:43.991-0500	DEBUG	protocol/handler.go:1591	have processed broadcast	{"{round 20 3  <nil>}": {"Key":"from","Type":15,"Integer":0,"String":"a","Interface":null}}
2025-08-15T22:13:43.991-0500	DEBUG	protocol/handler.go:1591	have processed broadcast	{"{round 20 3  <nil>}": {"Key":"from","Type":15,"Integer":0,"String":"a","Interface":null}}
2025-08-15T22:13:43.991-0500	DEBUG	protocol/handler.go:1591	have processed broadcast	{"{round 20 3  <nil>}": {"Key":"from","Type":15,"Integer":0,"String":"c","Interface":null}}
2025-08-15T22:13:43.991-0500	DEBUG	protocol/handler.go:1591	have processed broadcast	{"{round 20 3  <nil>}": {"Key":"from","Type":15,"Integer":0,"String":"b","Interface":null}}
2025-08-15T22:13:43.991-0500	DEBUG	protocol/handler.go:1649	have all messages and processed	{"{round 20 3  <nil>}": {"Key":"self","Type":15,"Integer":0,"String":"b","Interface":null}}
2025-08-15T22:13:43.991-0500	DEBUG	protocol/handler.go:596	round already finalized
2025-08-15T22:13:43.991-0500	DEBUG	protocol/handler.go:1649	have all messages and processed	{"{round 20 3  <nil>}": {"Key":"self","Type":15,"Integer":0,"String":"c","Interface":null}}
2025-08-15T22:13:43.991-0500	DEBUG	protocol/handler.go:596	round already finalized
2025-08-15T22:13:43.997-0500	DEBUG	protocol/handler.go:581	tryAdvanceRound called	{"{current_round 20 3  <nil>}": {"Key":"self","Type":15,"Integer":0,"String":"a","Interface":null}}
2025-08-15T22:13:43.997-0500	DEBUG	protocol/handler.go:1591	have processed broadcast	{"{round 20 3  <nil>}": {"Key":"from","Type":15,"Integer":0,"String":"b","Interface":null}}
2025-08-15T22:13:43.997-0500	DEBUG	protocol/handler.go:1591	have processed broadcast	{"{round 20 3  <nil>}": {"Key":"from","Type":15,"Integer":0,"String":"c","Interface":null}}
2025-08-15T22:13:43.997-0500	DEBUG	protocol/handler.go:1649	have all messages and processed	{"{round 20 3  <nil>}": {"Key":"self","Type":15,"Integer":0,"String":"a","Interface":null}}
2025-08-15T22:13:43.997-0500	DEBUG	protocol/handler.go:596	round already finalized
2025-08-15T22:13:44.001-0500	DEBUG	protocol/handler.go:581	tryAdvanceRound called	{"{current_round 20 3  <nil>}": {"Key":"self","Type":15,"Integer":0,"String":"c","Interface":null}}
2025-08-15T22:13:44.001-0500	DEBUG	protocol/handler.go:581	tryAdvanceRound called	{"{current_round 20 3  <nil>}": {"Key":"self","Type":15,"Integer":0,"String":"b","Interface":null}}
2025-08-15T22:13:44.001-0500	DEBUG	protocol/handler.go:1591	have processed broadcast	{"{round 20 3  <nil>}": {"Key":"from","Type":15,"Integer":0,"String":"a","Interface":null}}
2025-08-15T22:13:44.001-0500	DEBUG	protocol/handler.go:1591	have processed broadcast	{"{round 20 3  <nil>}": {"Key":"from","Type":15,"Integer":0,"String":"a","Interface":null}}
2025-08-15T22:13:44.001-0500	DEBUG	protocol/handler.go:1591	have processed broadcast	{"{round 20 3  <nil>}": {"Key":"from","Type":15,"Integer":0,"String":"b","Interface":null}}
2025-08-15T22:13:44.001-0500	DEBUG	protocol/handler.go:1591	have processed broadcast	{"{round 20 3  <nil>}": {"Key":"from","Type":15,"Integer":0,"String":"c","Interface":null}}
2025-08-15T22:13:44.001-0500	DEBUG	protocol/handler.go:1649	have all messages and processed	{"{round 20 3  <nil>}": {"Key":"self","Type":15,"Integer":0,"String":"c","Interface":null}}
2025-08-15T22:13:44.001-0500	DEBUG	protocol/handler.go:596	round already finalized
2025-08-15T22:13:44.001-0500	DEBUG	protocol/handler.go:1649	have all messages and processed	{"{round 20 3  <nil>}": {"Key":"self","Type":15,"Integer":0,"String":"b","Interface":null}}
2025-08-15T22:13:44.001-0500	DEBUG	protocol/handler.go:596	round already finalized
2025-08-15T22:13:44.007-0500	DEBUG	protocol/handler.go:581	tryAdvanceRound called	{"{current_round 20 3  <nil>}": {"Key":"self","Type":15,"Integer":0,"String":"a","Interface":null}}
2025-08-15T22:13:44.007-0500	DEBUG	protocol/handler.go:1591	have processed broadcast	{"{round 20 3  <nil>}": {"Key":"from","Type":15,"Integer":0,"String":"b","Interface":null}}
2025-08-15T22:13:44.007-0500	DEBUG	protocol/handler.go:1591	have processed broadcast	{"{round 20 3  <nil>}": {"Key":"from","Type":15,"Integer":0,"String":"c","Interface":null}}
2025-08-15T22:13:44.007-0500	DEBUG	protocol/handler.go:1649	have all messages and processed	{"{round 20 3  <nil>}": {"Key":"self","Type":15,"Integer":0,"String":"a","Interface":null}}
2025-08-15T22:13:44.007-0500	DEBUG	protocol/handler.go:596	round already finalized
2025-08-15T22:13:44.011-0500	DEBUG	protocol/handler.go:581	tryAdvanceRound called	{"{current_round 20 3  <nil>}": {"Key":"self","Type":15,"Integer":0,"String":"b","Interface":null}}
2025-08-15T22:13:44.011-0500	DEBUG	protocol/handler.go:581	tryAdvanceRound called	{"{current_round 20 3  <nil>}": {"Key":"self","Type":15,"Integer":0,"String":"c","Interface":null}}
2025-08-15T22:13:44.011-0500	DEBUG	protocol/handler.go:1591	have processed broadcast	{"{round 20 3  <nil>}": {"Key":"from","Type":15,"Integer":0,"String":"a","Interface":null}}
2025-08-15T22:13:44.011-0500	DEBUG	protocol/handler.go:1591	have processed broadcast	{"{round 20 3  <nil>}": {"Key":"from","Type":15,"Integer":0,"String":"a","Interface":null}}
2025-08-15T22:13:44.011-0500	DEBUG	protocol/handler.go:1591	have processed broadcast	{"{round 20 3  <nil>}": {"Key":"from","Type":15,"Integer":0,"String":"c","Interface":null}}
2025-08-15T22:13:44.011-0500	DEBUG	protocol/handler.go:1591	have processed broadcast	{"{round 20 3  <nil>}": {"Key":"from","Type":15,"Integer":0,"String":"b","Interface":null}}
2025-08-15T22:13:44.011-0500	DEBUG	protocol/handler.go:1649	have all messages and processed	{"{round 20 3  <nil>}": {"Key":"self","Type":15,"Integer":0,"String":"b","Interface":null}}
2025-08-15T22:13:44.011-0500	DEBUG	protocol/handler.go:1649	have all messages and processed	{"{round 20 3  <nil>}": {"Key":"self","Type":15,"Integer":0,"String":"c","Interface":null}}
2025-08-15T22:13:44.011-0500	DEBUG	protocol/handler.go:596	round already finalized
2025-08-15T22:13:44.011-0500	DEBUG	protocol/handler.go:596	round already finalized
2025-08-15T22:13:44.017-0500	DEBUG	protocol/handler.go:581	tryAdvanceRound called	{"{current_round 20 3  <nil>}": {"Key":"self","Type":15,"Integer":0,"String":"a","Interface":null}}
2025-08-15T22:13:44.017-0500	DEBUG	protocol/handler.go:1591	have processed broadcast	{"{round 20 3  <nil>}": {"Key":"from","Type":15,"Integer":0,"String":"b","Interface":null}}
2025-08-15T22:13:44.017-0500	DEBUG	protocol/handler.go:1591	have processed broadcast	{"{round 20 3  <nil>}": {"Key":"from","Type":15,"Integer":0,"String":"c","Interface":null}}
2025-08-15T22:13:44.017-0500	DEBUG	protocol/handler.go:1649	have all messages and processed	{"{round 20 3  <nil>}": {"Key":"self","Type":15,"Integer":0,"String":"a","Interface":null}}
2025-08-15T22:13:44.017-0500	DEBUG	protocol/handler.go:596	round already finalized
2025-08-15T22:13:44.021-0500	DEBUG	protocol/handler.go:581	tryAdvanceRound called	{"{current_round 20 3  <nil>}": {"Key":"self","Type":15,"Integer":0,"String":"b","Interface":null}}
2025-08-15T22:13:44.021-0500	DEBUG	protocol/handler.go:581	tryAdvanceRound called	{"{current_round 20 3  <nil>}": {"Key":"self","Type":15,"Integer":0,"String":"c","Interface":null}}
2025-08-15T22:13:44.021-0500	DEBUG	protocol/handler.go:1591	have processed broadcast	{"{round 20 3  <nil>}": {"Key":"from","Type":15,"Integer":0,"String":"a","Interface":null}}
2025-08-15T22:13:44.021-0500	DEBUG	protocol/handler.go:1591	have processed broadcast	{"{round 20 3  <nil>}": {"Key":"from","Type":15,"Integer":0,"String":"a","Interface":null}}
2025-08-15T22:13:44.021-0500	DEBUG	protocol/handler.go:1591	have processed broadcast	{"{round 20 3  <nil>}": {"Key":"from","Type":15,"Integer":0,"String":"c","Interface":null}}
2025-08-15T22:13:44.021-0500	DEBUG	protocol/handler.go:1591	have processed broadcast	{"{round 20 3  <nil>}": {"Key":"from","Type":15,"Integer":0,"String":"b","Interface":null}}
2025-08-15T22:13:44.022-0500	DEBUG	protocol/handler.go:1649	have all messages and processed	{"{round 20 3  <nil>}": {"Key":"self","Type":15,"Integer":0,"String":"b","Interface":null}}
2025-08-15T22:13:44.022-0500	DEBUG	protocol/handler.go:596	round already finalized
2025-08-15T22:13:44.022-0500	DEBUG	protocol/handler.go:1649	have all messages and processed	{"{round 20 3  <nil>}": {"Key":"self","Type":15,"Integer":0,"String":"c","Interface":null}}
2025-08-15T22:13:44.022-0500	DEBUG	protocol/handler.go:596	round already finalized
2025-08-15T22:13:44.027-0500	DEBUG	protocol/handler.go:581	tryAdvanceRound called	{"{current_round 20 3  <nil>}": {"Key":"self","Type":15,"Integer":0,"String":"a","Interface":null}}
2025-08-15T22:13:44.027-0500	DEBUG	protocol/handler.go:1591	have processed broadcast	{"{round 20 3  <nil>}": {"Key":"from","Type":15,"Integer":0,"String":"b","Interface":null}}
2025-08-15T22:13:44.027-0500	DEBUG	protocol/handler.go:1591	have processed broadcast	{"{round 20 3  <nil>}": {"Key":"from","Type":15,"Integer":0,"String":"c","Interface":null}}
2025-08-15T22:13:44.027-0500	DEBUG	protocol/handler.go:1649	have all messages and processed	{"{round 20 3  <nil>}": {"Key":"self","Type":15,"Integer":0,"String":"a","Interface":null}}
2025-08-15T22:13:44.027-0500	DEBUG	protocol/handler.go:596	round already finalized
2025-08-15T22:13:44.031-0500	DEBUG	protocol/handler.go:581	tryAdvanceRound called	{"{current_round 20 3  <nil>}": {"Key":"self","Type":15,"Integer":0,"String":"b","Interface":null}}
2025-08-15T22:13:44.031-0500	DEBUG	protocol/handler.go:581	tryAdvanceRound called	{"{current_round 20 3  <nil>}": {"Key":"self","Type":15,"Integer":0,"String":"c","Interface":null}}
2025-08-15T22:13:44.031-0500	DEBUG	protocol/handler.go:1591	have processed broadcast	{"{round 20 3  <nil>}": {"Key":"from","Type":15,"Integer":0,"String":"a","Interface":null}}
2025-08-15T22:13:44.031-0500	DEBUG	protocol/handler.go:1591	have processed broadcast	{"{round 20 3  <nil>}": {"Key":"from","Type":15,"Integer":0,"String":"a","Interface":null}}
2025-08-15T22:13:44.031-0500	DEBUG	protocol/handler.go:1591	have processed broadcast	{"{round 20 3  <nil>}": {"Key":"from","Type":15,"Integer":0,"String":"c","Interface":null}}
2025-08-15T22:13:44.031-0500	DEBUG	protocol/handler.go:1591	have processed broadcast	{"{round 20 3  <nil>}": {"Key":"from","Type":15,"Integer":0,"String":"b","Interface":null}}
2025-08-15T22:13:44.031-0500	DEBUG	protocol/handler.go:1649	have all messages and processed	{"{round 20 3  <nil>}": {"Key":"self","Type":15,"Integer":0,"String":"b","Interface":null}}
2025-08-15T22:13:44.031-0500	DEBUG	protocol/handler.go:1649	have all messages and processed	{"{round 20 3  <nil>}": {"Key":"self","Type":15,"Integer":0,"String":"c","Interface":null}}
2025-08-15T22:13:44.031-0500	DEBUG	protocol/handler.go:596	round already finalized
2025-08-15T22:13:44.031-0500	DEBUG	protocol/handler.go:596	round already finalized
2025-08-15T22:13:44.037-0500	DEBUG	protocol/handler.go:581	tryAdvanceRound called	{"{current_round 20 3  <nil>}": {"Key":"self","Type":15,"Integer":0,"String":"a","Interface":null}}
2025-08-15T22:13:44.037-0500	DEBUG	protocol/handler.go:1591	have processed broadcast	{"{round 20 3  <nil>}": {"Key":"from","Type":15,"Integer":0,"String":"b","Interface":null}}
2025-08-15T22:13:44.037-0500	DEBUG	protocol/handler.go:1591	have processed broadcast	{"{round 20 3  <nil>}": {"Key":"from","Type":15,"Integer":0,"String":"c","Interface":null}}
2025-08-15T22:13:44.037-0500	DEBUG	protocol/handler.go:1649	have all messages and processed	{"{round 20 3  <nil>}": {"Key":"self","Type":15,"Integer":0,"String":"a","Interface":null}}
2025-08-15T22:13:44.037-0500	DEBUG	protocol/handler.go:596	round already finalized
2025-08-15T22:13:44.041-0500	DEBUG	protocol/handler.go:581	tryAdvanceRound called	{"{current_round 20 3  <nil>}": {"Key":"self","Type":15,"Integer":0,"String":"b","Interface":null}}
2025-08-15T22:13:44.041-0500	DEBUG	protocol/handler.go:581	tryAdvanceRound called	{"{current_round 20 3  <nil>}": {"Key":"self","Type":15,"Integer":0,"String":"c","Interface":null}}
2025-08-15T22:13:44.041-0500	DEBUG	protocol/handler.go:1591	have processed broadcast	{"{round 20 3  <nil>}": {"Key":"from","Type":15,"Integer":0,"String":"a","Interface":null}}
2025-08-15T22:13:44.041-0500	DEBUG	protocol/handler.go:1591	have processed broadcast	{"{round 20 3  <nil>}": {"Key":"from","Type":15,"Integer":0,"String":"a","Interface":null}}
2025-08-15T22:13:44.041-0500	DEBUG	protocol/handler.go:1591	have processed broadcast	{"{round 20 3  <nil>}": {"Key":"from","Type":15,"Integer":0,"String":"c","Interface":null}}
2025-08-15T22:13:44.041-0500	DEBUG	protocol/handler.go:1591	have processed broadcast	{"{round 20 3  <nil>}": {"Key":"from","Type":15,"Integer":0,"String":"b","Interface":null}}
2025-08-15T22:13:44.041-0500	DEBUG	protocol/handler.go:1649	have all messages and processed	{"{round 20 3  <nil>}": {"Key":"self","Type":15,"Integer":0,"String":"b","Interface":null}}
2025-08-15T22:13:44.041-0500	DEBUG	protocol/handler.go:1649	have all messages and processed	{"{round 20 3  <nil>}": {"Key":"self","Type":15,"Integer":0,"String":"c","Interface":null}}
2025-08-15T22:13:44.041-0500	DEBUG	protocol/handler.go:596	round already finalized
2025-08-15T22:13:44.041-0500	DEBUG	protocol/handler.go:596	round already finalized
2025-08-15T22:13:44.046-0500	DEBUG	protocol/handler.go:581	tryAdvanceRound called	{"{current_round 20 3  <nil>}": {"Key":"self","Type":15,"Integer":0,"String":"a","Interface":null}}
2025-08-15T22:13:44.046-0500	DEBUG	protocol/handler.go:1591	have processed broadcast	{"{round 20 3  <nil>}": {"Key":"from","Type":15,"Integer":0,"String":"b","Interface":null}}
2025-08-15T22:13:44.046-0500	DEBUG	protocol/handler.go:1591	have processed broadcast	{"{round 20 3  <nil>}": {"Key":"from","Type":15,"Integer":0,"String":"c","Interface":null}}
2025-08-15T22:13:44.047-0500	DEBUG	protocol/handler.go:1649	have all messages and processed	{"{round 20 3  <nil>}": {"Key":"self","Type":15,"Integer":0,"String":"a","Interface":null}}
2025-08-15T22:13:44.047-0500	DEBUG	protocol/handler.go:596	round already finalized
2025-08-15T22:13:44.051-0500	DEBUG	protocol/handler.go:581	tryAdvanceRound called	{"{current_round 20 3  <nil>}": {"Key":"self","Type":15,"Integer":0,"String":"b","Interface":null}}
2025-08-15T22:13:44.051-0500	DEBUG	protocol/handler.go:581	tryAdvanceRound called	{"{current_round 20 3  <nil>}": {"Key":"self","Type":15,"Integer":0,"String":"c","Interface":null}}
2025-08-15T22:13:44.051-0500	DEBUG	protocol/handler.go:1591	have processed broadcast	{"{round 20 3  <nil>}": {"Key":"from","Type":15,"Integer":0,"String":"a","Interface":null}}
2025-08-15T22:13:44.051-0500	DEBUG	protocol/handler.go:1591	have processed broadcast	{"{round 20 3  <nil>}": {"Key":"from","Type":15,"Integer":0,"String":"c","Interface":null}}
2025-08-15T22:13:44.051-0500	DEBUG	protocol/handler.go:1591	have processed broadcast	{"{round 20 3  <nil>}": {"Key":"from","Type":15,"Integer":0,"String":"a","Interface":null}}
2025-08-15T22:13:44.051-0500	DEBUG	protocol/handler.go:1649	have all messages and processed	{"{round 20 3  <nil>}": {"Key":"self","Type":15,"Integer":0,"String":"b","Interface":null}}
2025-08-15T22:13:44.051-0500	DEBUG	protocol/handler.go:1591	have processed broadcast	{"{round 20 3  <nil>}": {"Key":"from","Type":15,"Integer":0,"String":"b","Interface":null}}
2025-08-15T22:13:44.051-0500	DEBUG	protocol/handler.go:596	round already finalized
2025-08-15T22:13:44.051-0500	DEBUG	protocol/handler.go:1649	have all messages and processed	{"{round 20 3  <nil>}": {"Key":"self","Type":15,"Integer":0,"String":"c","Interface":null}}
2025-08-15T22:13:44.051-0500	DEBUG	protocol/handler.go:596	round already finalized
2025-08-15T22:13:44.057-0500	DEBUG	protocol/handler.go:581	tryAdvanceRound called	{"{current_round 20 3  <nil>}": {"Key":"self","Type":15,"Integer":0,"String":"a","Interface":null}}
2025-08-15T22:13:44.057-0500	DEBUG	protocol/handler.go:1591	have processed broadcast	{"{round 20 3  <nil>}": {"Key":"from","Type":15,"Integer":0,"String":"b","Interface":null}}
2025-08-15T22:13:44.057-0500	DEBUG	protocol/handler.go:1591	have processed broadcast	{"{round 20 3  <nil>}": {"Key":"from","Type":15,"Integer":0,"String":"c","Interface":null}}
2025-08-15T22:13:44.057-0500	DEBUG	protocol/handler.go:1649	have all messages and processed	{"{round 20 3  <nil>}": {"Key":"self","Type":15,"Integer":0,"String":"a","Interface":null}}
2025-08-15T22:13:44.057-0500	DEBUG	protocol/handler.go:596	round already finalized
2025-08-15T22:13:44.061-0500	DEBUG	protocol/handler.go:581	tryAdvanceRound called	{"{current_round 20 3  <nil>}": {"Key":"self","Type":15,"Integer":0,"String":"b","Interface":null}}
2025-08-15T22:13:44.061-0500	DEBUG	protocol/handler.go:581	tryAdvanceRound called	{"{current_round 20 3  <nil>}": {"Key":"self","Type":15,"Integer":0,"String":"c","Interface":null}}
2025-08-15T22:13:44.061-0500	DEBUG	protocol/handler.go:1591	have processed broadcast	{"{round 20 3  <nil>}": {"Key":"from","Type":15,"Integer":0,"String":"a","Interface":null}}
2025-08-15T22:13:44.061-0500	DEBUG	protocol/handler.go:1591	have processed broadcast	{"{round 20 3  <nil>}": {"Key":"from","Type":15,"Integer":0,"String":"a","Interface":null}}
2025-08-15T22:13:44.061-0500	DEBUG	protocol/handler.go:1591	have processed broadcast	{"{round 20 3  <nil>}": {"Key":"from","Type":15,"Integer":0,"String":"c","Interface":null}}
2025-08-15T22:13:44.061-0500	DEBUG	protocol/handler.go:1591	have processed broadcast	{"{round 20 3  <nil>}": {"Key":"from","Type":15,"Integer":0,"String":"b","Interface":null}}
2025-08-15T22:13:44.061-0500	DEBUG	protocol/handler.go:1649	have all messages and processed	{"{round 20 3  <nil>}": {"Key":"self","Type":15,"Integer":0,"String":"b","Interface":null}}
2025-08-15T22:13:44.061-0500	DEBUG	protocol/handler.go:1649	have all messages and processed	{"{round 20 3  <nil>}": {"Key":"self","Type":15,"Integer":0,"String":"c","Interface":null}}
2025-08-15T22:13:44.061-0500	DEBUG	protocol/handler.go:596	round already finalized
2025-08-15T22:13:44.061-0500	DEBUG	protocol/handler.go:596	round already finalized
2025-08-15T22:13:44.067-0500	DEBUG	protocol/handler.go:581	tryAdvanceRound called	{"{current_round 20 3  <nil>}": {"Key":"self","Type":15,"Integer":0,"String":"a","Interface":null}}
2025-08-15T22:13:44.067-0500	DEBUG	protocol/handler.go:1591	have processed broadcast	{"{round 20 3  <nil>}": {"Key":"from","Type":15,"Integer":0,"String":"b","Interface":null}}
2025-08-15T22:13:44.067-0500	DEBUG	protocol/handler.go:1591	have processed broadcast	{"{round 20 3  <nil>}": {"Key":"from","Type":15,"Integer":0,"String":"c","Interface":null}}
2025-08-15T22:13:44.067-0500	DEBUG	protocol/handler.go:1649	have all messages and processed	{"{round 20 3  <nil>}": {"Key":"self","Type":15,"Integer":0,"String":"a","Interface":null}}
2025-08-15T22:13:44.067-0500	DEBUG	protocol/handler.go:596	round already finalized
2025-08-15T22:13:44.071-0500	DEBUG	protocol/handler.go:581	tryAdvanceRound called	{"{current_round 20 3  <nil>}": {"Key":"self","Type":15,"Integer":0,"String":"b","Interface":null}}
2025-08-15T22:13:44.071-0500	DEBUG	protocol/handler.go:581	tryAdvanceRound called	{"{current_round 20 3  <nil>}": {"Key":"self","Type":15,"Integer":0,"String":"c","Interface":null}}
2025-08-15T22:13:44.071-0500	DEBUG	protocol/handler.go:1591	have processed broadcast	{"{round 20 3  <nil>}": {"Key":"from","Type":15,"Integer":0,"String":"a","Interface":null}}
2025-08-15T22:13:44.071-0500	DEBUG	protocol/handler.go:1591	have processed broadcast	{"{round 20 3  <nil>}": {"Key":"from","Type":15,"Integer":0,"String":"a","Interface":null}}
2025-08-15T22:13:44.071-0500	DEBUG	protocol/handler.go:1591	have processed broadcast	{"{round 20 3  <nil>}": {"Key":"from","Type":15,"Integer":0,"String":"c","Interface":null}}
2025-08-15T22:13:44.071-0500	DEBUG	protocol/handler.go:1591	have processed broadcast	{"{round 20 3  <nil>}": {"Key":"from","Type":15,"Integer":0,"String":"b","Interface":null}}
2025-08-15T22:13:44.071-0500	DEBUG	protocol/handler.go:1649	have all messages and processed	{"{round 20 3  <nil>}": {"Key":"self","Type":15,"Integer":0,"String":"b","Interface":null}}
2025-08-15T22:13:44.071-0500	DEBUG	protocol/handler.go:1649	have all messages and processed	{"{round 20 3  <nil>}": {"Key":"self","Type":15,"Integer":0,"String":"c","Interface":null}}
2025-08-15T22:13:44.071-0500	DEBUG	protocol/handler.go:596	round already finalized
2025-08-15T22:13:44.071-0500	DEBUG	protocol/handler.go:596	round already finalized
2025-08-15T22:13:44.077-0500	DEBUG	protocol/handler.go:581	tryAdvanceRound called	{"{current_round 20 3  <nil>}": {"Key":"self","Type":15,"Integer":0,"String":"a","Interface":null}}
2025-08-15T22:13:44.077-0500	DEBUG	protocol/handler.go:1591	have processed broadcast	{"{round 20 3  <nil>}": {"Key":"from","Type":15,"Integer":0,"String":"b","Interface":null}}
2025-08-15T22:13:44.077-0500	DEBUG	protocol/handler.go:1591	have processed broadcast	{"{round 20 3  <nil>}": {"Key":"from","Type":15,"Integer":0,"String":"c","Interface":null}}
2025-08-15T22:13:44.077-0500	DEBUG	protocol/handler.go:1649	have all messages and processed	{"{round 20 3  <nil>}": {"Key":"self","Type":15,"Integer":0,"String":"a","Interface":null}}
2025-08-15T22:13:44.077-0500	DEBUG	protocol/handler.go:596	round already finalized
2025-08-15T22:13:44.081-0500	DEBUG	protocol/handler.go:581	tryAdvanceRound called	{"{current_round 20 3  <nil>}": {"Key":"self","Type":15,"Integer":0,"String":"b","Interface":null}}
2025-08-15T22:13:44.081-0500	DEBUG	protocol/handler.go:581	tryAdvanceRound called	{"{current_round 20 3  <nil>}": {"Key":"self","Type":15,"Integer":0,"String":"c","Interface":null}}
2025-08-15T22:13:44.081-0500	DEBUG	protocol/handler.go:1591	have processed broadcast	{"{round 20 3  <nil>}": {"Key":"from","Type":15,"Integer":0,"String":"a","Interface":null}}
2025-08-15T22:13:44.081-0500	DEBUG	protocol/handler.go:1591	have processed broadcast	{"{round 20 3  <nil>}": {"Key":"from","Type":15,"Integer":0,"String":"a","Interface":null}}
2025-08-15T22:13:44.081-0500	DEBUG	protocol/handler.go:1591	have processed broadcast	{"{round 20 3  <nil>}": {"Key":"from","Type":15,"Integer":0,"String":"c","Interface":null}}
2025-08-15T22:13:44.081-0500	DEBUG	protocol/handler.go:1591	have processed broadcast	{"{round 20 3  <nil>}": {"Key":"from","Type":15,"Integer":0,"String":"b","Interface":null}}
2025-08-15T22:13:44.081-0500	DEBUG	protocol/handler.go:1649	have all messages and processed	{"{round 20 3  <nil>}": {"Key":"self","Type":15,"Integer":0,"String":"b","Interface":null}}
2025-08-15T22:13:44.081-0500	DEBUG	protocol/handler.go:1649	have all messages and processed	{"{round 20 3  <nil>}": {"Key":"self","Type":15,"Integer":0,"String":"c","Interface":null}}
2025-08-15T22:13:44.081-0500	DEBUG	protocol/handler.go:596	round already finalized
2025-08-15T22:13:44.081-0500	DEBUG	protocol/handler.go:596	round already finalized
2025-08-15T22:13:44.087-0500	DEBUG	protocol/handler.go:581	tryAdvanceRound called	{"{current_round 20 3  <nil>}": {"Key":"self","Type":15,"Integer":0,"String":"a","Interface":null}}
2025-08-15T22:13:44.087-0500	DEBUG	protocol/handler.go:1591	have processed broadcast	{"{round 20 3  <nil>}": {"Key":"from","Type":15,"Integer":0,"String":"b","Interface":null}}
2025-08-15T22:13:44.087-0500	DEBUG	protocol/handler.go:1591	have processed broadcast	{"{round 20 3  <nil>}": {"Key":"from","Type":15,"Integer":0,"String":"c","Interface":null}}
2025-08-15T22:13:44.087-0500	DEBUG	protocol/handler.go:1649	have all messages and processed	{"{round 20 3  <nil>}": {"Key":"self","Type":15,"Integer":0,"String":"a","Interface":null}}
2025-08-15T22:13:44.087-0500	DEBUG	protocol/handler.go:596	round already finalized
2025-08-15T22:13:44.091-0500	DEBUG	protocol/handler.go:581	tryAdvanceRound called	{"{current_round 20 3  <nil>}": {"Key":"self","Type":15,"Integer":0,"String":"b","Interface":null}}
2025-08-15T22:13:44.091-0500	DEBUG	protocol/handler.go:581	tryAdvanceRound called	{"{current_round 20 3  <nil>}": {"Key":"self","Type":15,"Integer":0,"String":"c","Interface":null}}
2025-08-15T22:13:44.091-0500	DEBUG	protocol/handler.go:1591	have processed broadcast	{"{round 20 3  <nil>}": {"Key":"from","Type":15,"Integer":0,"String":"a","Interface":null}}
2025-08-15T22:13:44.091-0500	DEBUG	protocol/handler.go:1591	have processed broadcast	{"{round 20 3  <nil>}": {"Key":"from","Type":15,"Integer":0,"String":"a","Interface":null}}
2025-08-15T22:13:44.091-0500	DEBUG	protocol/handler.go:1591	have processed broadcast	{"{round 20 3  <nil>}": {"Key":"from","Type":15,"Integer":0,"String":"c","Interface":null}}
2025-08-15T22:13:44.091-0500	DEBUG	protocol/handler.go:1649	have all messages and processed	{"{round 20 3  <nil>}": {"Key":"self","Type":15,"Integer":0,"String":"b","Interface":null}}
2025-08-15T22:13:44.091-0500	DEBUG	protocol/handler.go:596	round already finalized
2025-08-15T22:13:44.091-0500	DEBUG	protocol/handler.go:1591	have processed broadcast	{"{round 20 3  <nil>}": {"Key":"from","Type":15,"Integer":0,"String":"b","Interface":null}}
2025-08-15T22:13:44.091-0500	DEBUG	protocol/handler.go:1649	have all messages and processed	{"{round 20 3  <nil>}": {"Key":"self","Type":15,"Integer":0,"String":"c","Interface":null}}
2025-08-15T22:13:44.091-0500	DEBUG	protocol/handler.go:596	round already finalized
2025-08-15T22:13:44.097-0500	DEBUG	protocol/handler.go:581	tryAdvanceRound called	{"{current_round 20 3  <nil>}": {"Key":"self","Type":15,"Integer":0,"String":"a","Interface":null}}
2025-08-15T22:13:44.097-0500	DEBUG	protocol/handler.go:1591	have processed broadcast	{"{round 20 3  <nil>}": {"Key":"from","Type":15,"Integer":0,"String":"b","Interface":null}}
2025-08-15T22:13:44.097-0500	DEBUG	protocol/handler.go:1591	have processed broadcast	{"{round 20 3  <nil>}": {"Key":"from","Type":15,"Integer":0,"String":"c","Interface":null}}
2025-08-15T22:13:44.097-0500	DEBUG	protocol/handler.go:1649	have all messages and processed	{"{round 20 3  <nil>}": {"Key":"self","Type":15,"Integer":0,"String":"a","Interface":null}}
2025-08-15T22:13:44.097-0500	DEBUG	protocol/handler.go:596	round already finalized
2025-08-15T22:13:44.101-0500	DEBUG	protocol/handler.go:581	tryAdvanceRound called	{"{current_round 20 3  <nil>}": {"Key":"self","Type":15,"Integer":0,"String":"c","Interface":null}}
2025-08-15T22:13:44.101-0500	DEBUG	protocol/handler.go:581	tryAdvanceRound called	{"{current_round 20 3  <nil>}": {"Key":"self","Type":15,"Integer":0,"String":"b","Interface":null}}
2025-08-15T22:13:44.101-0500	DEBUG	protocol/handler.go:1591	have processed broadcast	{"{round 20 3  <nil>}": {"Key":"from","Type":15,"Integer":0,"String":"a","Interface":null}}
2025-08-15T22:13:44.101-0500	DEBUG	protocol/handler.go:1591	have processed broadcast	{"{round 20 3  <nil>}": {"Key":"from","Type":15,"Integer":0,"String":"a","Interface":null}}
2025-08-15T22:13:44.101-0500	DEBUG	protocol/handler.go:1591	have processed broadcast	{"{round 20 3  <nil>}": {"Key":"from","Type":15,"Integer":0,"String":"b","Interface":null}}
2025-08-15T22:13:44.101-0500	DEBUG	protocol/handler.go:1591	have processed broadcast	{"{round 20 3  <nil>}": {"Key":"from","Type":15,"Integer":0,"String":"c","Interface":null}}
2025-08-15T22:13:44.101-0500	DEBUG	protocol/handler.go:1649	have all messages and processed	{"{round 20 3  <nil>}": {"Key":"self","Type":15,"Integer":0,"String":"c","Interface":null}}
2025-08-15T22:13:44.101-0500	DEBUG	protocol/handler.go:596	round already finalized
2025-08-15T22:13:44.101-0500	DEBUG	protocol/handler.go:1649	have all messages and processed	{"{round 20 3  <nil>}": {"Key":"self","Type":15,"Integer":0,"String":"b","Interface":null}}
2025-08-15T22:13:44.101-0500	DEBUG	protocol/handler.go:596	round already finalized
2025-08-15T22:13:44.107-0500	DEBUG	protocol/handler.go:581	tryAdvanceRound called	{"{current_round 20 3  <nil>}": {"Key":"self","Type":15,"Integer":0,"String":"a","Interface":null}}
2025-08-15T22:13:44.107-0500	DEBUG	protocol/handler.go:1591	have processed broadcast	{"{round 20 3  <nil>}": {"Key":"from","Type":15,"Integer":0,"String":"b","Interface":null}}
2025-08-15T22:13:44.107-0500	DEBUG	protocol/handler.go:1591	have processed broadcast	{"{round 20 3  <nil>}": {"Key":"from","Type":15,"Integer":0,"String":"c","Interface":null}}
2025-08-15T22:13:44.107-0500	DEBUG	protocol/handler.go:1649	have all messages and processed	{"{round 20 3  <nil>}": {"Key":"self","Type":15,"Integer":0,"String":"a","Interface":null}}
2025-08-15T22:13:44.107-0500	DEBUG	protocol/handler.go:596	round already finalized
2025-08-15T22:13:44.111-0500	DEBUG	protocol/handler.go:581	tryAdvanceRound called	{"{current_round 20 3  <nil>}": {"Key":"self","Type":15,"Integer":0,"String":"b","Interface":null}}
2025-08-15T22:13:44.111-0500	DEBUG	protocol/handler.go:581	tryAdvanceRound called	{"{current_round 20 3  <nil>}": {"Key":"self","Type":15,"Integer":0,"String":"c","Interface":null}}
2025-08-15T22:13:44.111-0500	DEBUG	protocol/handler.go:1591	have processed broadcast	{"{round 20 3  <nil>}": {"Key":"from","Type":15,"Integer":0,"String":"a","Interface":null}}
2025-08-15T22:13:44.111-0500	DEBUG	protocol/handler.go:1591	have processed broadcast	{"{round 20 3  <nil>}": {"Key":"from","Type":15,"Integer":0,"String":"a","Interface":null}}
2025-08-15T22:13:44.111-0500	DEBUG	protocol/handler.go:1591	have processed broadcast	{"{round 20 3  <nil>}": {"Key":"from","Type":15,"Integer":0,"String":"c","Interface":null}}
2025-08-15T22:13:44.111-0500	DEBUG	protocol/handler.go:1591	have processed broadcast	{"{round 20 3  <nil>}": {"Key":"from","Type":15,"Integer":0,"String":"b","Interface":null}}
2025-08-15T22:13:44.111-0500	DEBUG	protocol/handler.go:1649	have all messages and processed	{"{round 20 3  <nil>}": {"Key":"self","Type":15,"Integer":0,"String":"b","Interface":null}}
2025-08-15T22:13:44.111-0500	DEBUG	protocol/handler.go:596	round already finalized
2025-08-15T22:13:44.111-0500	DEBUG	protocol/handler.go:1649	have all messages and processed	{"{round 20 3  <nil>}": {"Key":"self","Type":15,"Integer":0,"String":"c","Interface":null}}
2025-08-15T22:13:44.111-0500	DEBUG	protocol/handler.go:596	round already finalized
2025-08-15T22:13:44.117-0500	DEBUG	protocol/handler.go:581	tryAdvanceRound called	{"{current_round 20 3  <nil>}": {"Key":"self","Type":15,"Integer":0,"String":"a","Interface":null}}
2025-08-15T22:13:44.117-0500	DEBUG	protocol/handler.go:1591	have processed broadcast	{"{round 20 3  <nil>}": {"Key":"from","Type":15,"Integer":0,"String":"b","Interface":null}}
2025-08-15T22:13:44.117-0500	DEBUG	protocol/handler.go:1591	have processed broadcast	{"{round 20 3  <nil>}": {"Key":"from","Type":15,"Integer":0,"String":"c","Interface":null}}
2025-08-15T22:13:44.117-0500	DEBUG	protocol/handler.go:1649	have all messages and processed	{"{round 20 3  <nil>}": {"Key":"self","Type":15,"Integer":0,"String":"a","Interface":null}}
2025-08-15T22:13:44.117-0500	DEBUG	protocol/handler.go:596	round already finalized
2025-08-15T22:13:44.121-0500	DEBUG	protocol/handler.go:581	tryAdvanceRound called	{"{current_round 20 3  <nil>}": {"Key":"self","Type":15,"Integer":0,"String":"c","Interface":null}}
2025-08-15T22:13:44.121-0500	DEBUG	protocol/handler.go:1591	have processed broadcast	{"{round 20 3  <nil>}": {"Key":"from","Type":15,"Integer":0,"String":"a","Interface":null}}
2025-08-15T22:13:44.121-0500	DEBUG	protocol/handler.go:1591	have processed broadcast	{"{round 20 3  <nil>}": {"Key":"from","Type":15,"Integer":0,"String":"b","Interface":null}}
2025-08-15T22:13:44.121-0500	DEBUG	protocol/handler.go:1649	have all messages and processed	{"{round 20 3  <nil>}": {"Key":"self","Type":15,"Integer":0,"String":"c","Interface":null}}
2025-08-15T22:13:44.121-0500	DEBUG	protocol/handler.go:596	round already finalized
2025-08-15T22:13:44.121-0500	DEBUG	protocol/handler.go:581	tryAdvanceRound called	{"{current_round 20 3  <nil>}": {"Key":"self","Type":15,"Integer":0,"String":"b","Interface":null}}
2025-08-15T22:13:44.121-0500	DEBUG	protocol/handler.go:1591	have processed broadcast	{"{round 20 3  <nil>}": {"Key":"from","Type":15,"Integer":0,"String":"a","Interface":null}}
2025-08-15T22:13:44.121-0500	DEBUG	protocol/handler.go:1591	have processed broadcast	{"{round 20 3  <nil>}": {"Key":"from","Type":15,"Integer":0,"String":"c","Interface":null}}
2025-08-15T22:13:44.121-0500	DEBUG	protocol/handler.go:1649	have all messages and processed	{"{round 20 3  <nil>}": {"Key":"self","Type":15,"Integer":0,"String":"b","Interface":null}}
2025-08-15T22:13:44.121-0500	DEBUG	protocol/handler.go:596	round already finalized
2025-08-15T22:13:44.127-0500	DEBUG	protocol/handler.go:581	tryAdvanceRound called	{"{current_round 20 3  <nil>}": {"Key":"self","Type":15,"Integer":0,"String":"a","Interface":null}}
2025-08-15T22:13:44.127-0500	DEBUG	protocol/handler.go:1591	have processed broadcast	{"{round 20 3  <nil>}": {"Key":"from","Type":15,"Integer":0,"String":"b","Interface":null}}
2025-08-15T22:13:44.127-0500	DEBUG	protocol/handler.go:1591	have processed broadcast	{"{round 20 3  <nil>}": {"Key":"from","Type":15,"Integer":0,"String":"c","Interface":null}}
2025-08-15T22:13:44.127-0500	DEBUG	protocol/handler.go:1649	have all messages and processed	{"{round 20 3  <nil>}": {"Key":"self","Type":15,"Integer":0,"String":"a","Interface":null}}
2025-08-15T22:13:44.127-0500	DEBUG	protocol/handler.go:596	round already finalized
2025-08-15T22:13:44.131-0500	DEBUG	protocol/handler.go:581	tryAdvanceRound called	{"{current_round 20 3  <nil>}": {"Key":"self","Type":15,"Integer":0,"String":"b","Interface":null}}
2025-08-15T22:13:44.131-0500	DEBUG	protocol/handler.go:581	tryAdvanceRound called	{"{current_round 20 3  <nil>}": {"Key":"self","Type":15,"Integer":0,"String":"c","Interface":null}}
2025-08-15T22:13:44.131-0500	DEBUG	protocol/handler.go:1591	have processed broadcast	{"{round 20 3  <nil>}": {"Key":"from","Type":15,"Integer":0,"String":"a","Interface":null}}
2025-08-15T22:13:44.131-0500	DEBUG	protocol/handler.go:1591	have processed broadcast	{"{round 20 3  <nil>}": {"Key":"from","Type":15,"Integer":0,"String":"a","Interface":null}}
2025-08-15T22:13:44.131-0500	DEBUG	protocol/handler.go:1591	have processed broadcast	{"{round 20 3  <nil>}": {"Key":"from","Type":15,"Integer":0,"String":"c","Interface":null}}
2025-08-15T22:13:44.131-0500	DEBUG	protocol/handler.go:1591	have processed broadcast	{"{round 20 3  <nil>}": {"Key":"from","Type":15,"Integer":0,"String":"b","Interface":null}}
2025-08-15T22:13:44.131-0500	DEBUG	protocol/handler.go:1649	have all messages and processed	{"{round 20 3  <nil>}": {"Key":"self","Type":15,"Integer":0,"String":"b","Interface":null}}
2025-08-15T22:13:44.131-0500	DEBUG	protocol/handler.go:1649	have all messages and processed	{"{round 20 3  <nil>}": {"Key":"self","Type":15,"Integer":0,"String":"c","Interface":null}}
2025-08-15T22:13:44.131-0500	DEBUG	protocol/handler.go:596	round already finalized
2025-08-15T22:13:44.131-0500	DEBUG	protocol/handler.go:596	round already finalized
2025-08-15T22:13:44.137-0500	DEBUG	protocol/handler.go:581	tryAdvanceRound called	{"{current_round 20 3  <nil>}": {"Key":"self","Type":15,"Integer":0,"String":"a","Interface":null}}
2025-08-15T22:13:44.137-0500	DEBUG	protocol/handler.go:1591	have processed broadcast	{"{round 20 3  <nil>}": {"Key":"from","Type":15,"Integer":0,"String":"b","Interface":null}}
2025-08-15T22:13:44.137-0500	DEBUG	protocol/handler.go:1591	have processed broadcast	{"{round 20 3  <nil>}": {"Key":"from","Type":15,"Integer":0,"String":"c","Interface":null}}
2025-08-15T22:13:44.137-0500	DEBUG	protocol/handler.go:1649	have all messages and processed	{"{round 20 3  <nil>}": {"Key":"self","Type":15,"Integer":0,"String":"a","Interface":null}}
2025-08-15T22:13:44.137-0500	DEBUG	protocol/handler.go:596	round already finalized
2025-08-15T22:13:44.141-0500	DEBUG	protocol/handler.go:581	tryAdvanceRound called	{"{current_round 20 3  <nil>}": {"Key":"self","Type":15,"Integer":0,"String":"b","Interface":null}}
2025-08-15T22:13:44.141-0500	DEBUG	protocol/handler.go:1591	have processed broadcast	{"{round 20 3  <nil>}": {"Key":"from","Type":15,"Integer":0,"String":"a","Interface":null}}
2025-08-15T22:13:44.141-0500	DEBUG	protocol/handler.go:581	tryAdvanceRound called	{"{current_round 20 3  <nil>}": {"Key":"self","Type":15,"Integer":0,"String":"c","Interface":null}}
2025-08-15T22:13:44.141-0500	DEBUG	protocol/handler.go:1591	have processed broadcast	{"{round 20 3  <nil>}": {"Key":"from","Type":15,"Integer":0,"String":"c","Interface":null}}
2025-08-15T22:13:44.141-0500	DEBUG	protocol/handler.go:1591	have processed broadcast	{"{round 20 3  <nil>}": {"Key":"from","Type":15,"Integer":0,"String":"a","Interface":null}}
2025-08-15T22:13:44.141-0500	DEBUG	protocol/handler.go:1649	have all messages and processed	{"{round 20 3  <nil>}": {"Key":"self","Type":15,"Integer":0,"String":"b","Interface":null}}
2025-08-15T22:13:44.141-0500	DEBUG	protocol/handler.go:1591	have processed broadcast	{"{round 20 3  <nil>}": {"Key":"from","Type":15,"Integer":0,"String":"b","Interface":null}}
2025-08-15T22:13:44.141-0500	DEBUG	protocol/handler.go:596	round already finalized
2025-08-15T22:13:44.141-0500	DEBUG	protocol/handler.go:1649	have all messages and processed	{"{round 20 3  <nil>}": {"Key":"self","Type":15,"Integer":0,"String":"c","Interface":null}}
2025-08-15T22:13:44.141-0500	DEBUG	protocol/handler.go:596	round already finalized
2025-08-15T22:13:44.147-0500	DEBUG	protocol/handler.go:581	tryAdvanceRound called	{"{current_round 20 3  <nil>}": {"Key":"self","Type":15,"Integer":0,"String":"a","Interface":null}}
2025-08-15T22:13:44.147-0500	DEBUG	protocol/handler.go:1591	have processed broadcast	{"{round 20 3  <nil>}": {"Key":"from","Type":15,"Integer":0,"String":"b","Interface":null}}
2025-08-15T22:13:44.147-0500	DEBUG	protocol/handler.go:1591	have processed broadcast	{"{round 20 3  <nil>}": {"Key":"from","Type":15,"Integer":0,"String":"c","Interface":null}}
2025-08-15T22:13:44.147-0500	DEBUG	protocol/handler.go:1649	have all messages and processed	{"{round 20 3  <nil>}": {"Key":"self","Type":15,"Integer":0,"String":"a","Interface":null}}
2025-08-15T22:13:44.147-0500	DEBUG	protocol/handler.go:596	round already finalized
2025-08-15T22:13:44.151-0500	DEBUG	protocol/handler.go:581	tryAdvanceRound called	{"{current_round 20 3  <nil>}": {"Key":"self","Type":15,"Integer":0,"String":"b","Interface":null}}
2025-08-15T22:13:44.151-0500	DEBUG	protocol/handler.go:581	tryAdvanceRound called	{"{current_round 20 3  <nil>}": {"Key":"self","Type":15,"Integer":0,"String":"c","Interface":null}}
2025-08-15T22:13:44.151-0500	DEBUG	protocol/handler.go:1591	have processed broadcast	{"{round 20 3  <nil>}": {"Key":"from","Type":15,"Integer":0,"String":"a","Interface":null}}
2025-08-15T22:13:44.151-0500	DEBUG	protocol/handler.go:1591	have processed broadcast	{"{round 20 3  <nil>}": {"Key":"from","Type":15,"Integer":0,"String":"a","Interface":null}}
2025-08-15T22:13:44.151-0500	DEBUG	protocol/handler.go:1591	have processed broadcast	{"{round 20 3  <nil>}": {"Key":"from","Type":15,"Integer":0,"String":"c","Interface":null}}
2025-08-15T22:13:44.151-0500	DEBUG	protocol/handler.go:1591	have processed broadcast	{"{round 20 3  <nil>}": {"Key":"from","Type":15,"Integer":0,"String":"b","Interface":null}}
2025-08-15T22:13:44.151-0500	DEBUG	protocol/handler.go:1649	have all messages and processed	{"{round 20 3  <nil>}": {"Key":"self","Type":15,"Integer":0,"String":"b","Interface":null}}
2025-08-15T22:13:44.151-0500	DEBUG	protocol/handler.go:1649	have all messages and processed	{"{round 20 3  <nil>}": {"Key":"self","Type":15,"Integer":0,"String":"c","Interface":null}}
2025-08-15T22:13:44.151-0500	DEBUG	protocol/handler.go:596	round already finalized
2025-08-15T22:13:44.151-0500	DEBUG	protocol/handler.go:596	round already finalized
2025-08-15T22:13:44.157-0500	DEBUG	protocol/handler.go:581	tryAdvanceRound called	{"{current_round 20 3  <nil>}": {"Key":"self","Type":15,"Integer":0,"String":"a","Interface":null}}
2025-08-15T22:13:44.157-0500	DEBUG	protocol/handler.go:1591	have processed broadcast	{"{round 20 3  <nil>}": {"Key":"from","Type":15,"Integer":0,"String":"b","Interface":null}}
2025-08-15T22:13:44.157-0500	DEBUG	protocol/handler.go:1591	have processed broadcast	{"{round 20 3  <nil>}": {"Key":"from","Type":15,"Integer":0,"String":"c","Interface":null}}
2025-08-15T22:13:44.157-0500	DEBUG	protocol/handler.go:1649	have all messages and processed	{"{round 20 3  <nil>}": {"Key":"self","Type":15,"Integer":0,"String":"a","Interface":null}}
2025-08-15T22:13:44.157-0500	DEBUG	protocol/handler.go:596	round already finalized
2025-08-15T22:13:44.161-0500	DEBUG	protocol/handler.go:581	tryAdvanceRound called	{"{current_round 20 3  <nil>}": {"Key":"self","Type":15,"Integer":0,"String":"b","Interface":null}}
2025-08-15T22:13:44.161-0500	DEBUG	protocol/handler.go:1591	have processed broadcast	{"{round 20 3  <nil>}": {"Key":"from","Type":15,"Integer":0,"String":"a","Interface":null}}
2025-08-15T22:13:44.161-0500	DEBUG	protocol/handler.go:581	tryAdvanceRound called	{"{current_round 20 3  <nil>}": {"Key":"self","Type":15,"Integer":0,"String":"c","Interface":null}}
2025-08-15T22:13:44.161-0500	DEBUG	protocol/handler.go:1591	have processed broadcast	{"{round 20 3  <nil>}": {"Key":"from","Type":15,"Integer":0,"String":"c","Interface":null}}
2025-08-15T22:13:44.161-0500	DEBUG	protocol/handler.go:1591	have processed broadcast	{"{round 20 3  <nil>}": {"Key":"from","Type":15,"Integer":0,"String":"a","Interface":null}}
2025-08-15T22:13:44.161-0500	DEBUG	protocol/handler.go:1649	have all messages and processed	{"{round 20 3  <nil>}": {"Key":"self","Type":15,"Integer":0,"String":"b","Interface":null}}
2025-08-15T22:13:44.161-0500	DEBUG	protocol/handler.go:1591	have processed broadcast	{"{round 20 3  <nil>}": {"Key":"from","Type":15,"Integer":0,"String":"b","Interface":null}}
2025-08-15T22:13:44.161-0500	DEBUG	protocol/handler.go:596	round already finalized
2025-08-15T22:13:44.161-0500	DEBUG	protocol/handler.go:1649	have all messages and processed	{"{round 20 3  <nil>}": {"Key":"self","Type":15,"Integer":0,"String":"c","Interface":null}}
2025-08-15T22:13:44.161-0500	DEBUG	protocol/handler.go:596	round already finalized
2025-08-15T22:13:44.167-0500	DEBUG	protocol/handler.go:581	tryAdvanceRound called	{"{current_round 20 3  <nil>}": {"Key":"self","Type":15,"Integer":0,"String":"a","Interface":null}}
2025-08-15T22:13:44.167-0500	DEBUG	protocol/handler.go:1591	have processed broadcast	{"{round 20 3  <nil>}": {"Key":"from","Type":15,"Integer":0,"String":"b","Interface":null}}
2025-08-15T22:13:44.167-0500	DEBUG	protocol/handler.go:1591	have processed broadcast	{"{round 20 3  <nil>}": {"Key":"from","Type":15,"Integer":0,"String":"c","Interface":null}}
2025-08-15T22:13:44.167-0500	DEBUG	protocol/handler.go:1649	have all messages and processed	{"{round 20 3  <nil>}": {"Key":"self","Type":15,"Integer":0,"String":"a","Interface":null}}
2025-08-15T22:13:44.167-0500	DEBUG	protocol/handler.go:596	round already finalized
2025-08-15T22:13:44.171-0500	DEBUG	protocol/handler.go:581	tryAdvanceRound called	{"{current_round 20 3  <nil>}": {"Key":"self","Type":15,"Integer":0,"String":"b","Interface":null}}
2025-08-15T22:13:44.171-0500	DEBUG	protocol/handler.go:581	tryAdvanceRound called	{"{current_round 20 3  <nil>}": {"Key":"self","Type":15,"Integer":0,"String":"c","Interface":null}}
2025-08-15T22:13:44.171-0500	DEBUG	protocol/handler.go:1591	have processed broadcast	{"{round 20 3  <nil>}": {"Key":"from","Type":15,"Integer":0,"String":"a","Interface":null}}
2025-08-15T22:13:44.171-0500	DEBUG	protocol/handler.go:1591	have processed broadcast	{"{round 20 3  <nil>}": {"Key":"from","Type":15,"Integer":0,"String":"a","Interface":null}}
2025-08-15T22:13:44.171-0500	DEBUG	protocol/handler.go:1591	have processed broadcast	{"{round 20 3  <nil>}": {"Key":"from","Type":15,"Integer":0,"String":"c","Interface":null}}
2025-08-15T22:13:44.171-0500	DEBUG	protocol/handler.go:1591	have processed broadcast	{"{round 20 3  <nil>}": {"Key":"from","Type":15,"Integer":0,"String":"b","Interface":null}}
2025-08-15T22:13:44.171-0500	DEBUG	protocol/handler.go:1649	have all messages and processed	{"{round 20 3  <nil>}": {"Key":"self","Type":15,"Integer":0,"String":"b","Interface":null}}
2025-08-15T22:13:44.171-0500	DEBUG	protocol/handler.go:1649	have all messages and processed	{"{round 20 3  <nil>}": {"Key":"self","Type":15,"Integer":0,"String":"c","Interface":null}}
2025-08-15T22:13:44.171-0500	DEBUG	protocol/handler.go:596	round already finalized
2025-08-15T22:13:44.171-0500	DEBUG	protocol/handler.go:596	round already finalized
2025-08-15T22:13:44.177-0500	DEBUG	protocol/handler.go:581	tryAdvanceRound called	{"{current_round 20 3  <nil>}": {"Key":"self","Type":15,"Integer":0,"String":"a","Interface":null}}
2025-08-15T22:13:44.177-0500	DEBUG	protocol/handler.go:1591	have processed broadcast	{"{round 20 3  <nil>}": {"Key":"from","Type":15,"Integer":0,"String":"b","Interface":null}}
2025-08-15T22:13:44.177-0500	DEBUG	protocol/handler.go:1591	have processed broadcast	{"{round 20 3  <nil>}": {"Key":"from","Type":15,"Integer":0,"String":"c","Interface":null}}
2025-08-15T22:13:44.177-0500	DEBUG	protocol/handler.go:1649	have all messages and processed	{"{round 20 3  <nil>}": {"Key":"self","Type":15,"Integer":0,"String":"a","Interface":null}}
2025-08-15T22:13:44.177-0500	DEBUG	protocol/handler.go:596	round already finalized
2025-08-15T22:13:44.181-0500	DEBUG	protocol/handler.go:581	tryAdvanceRound called	{"{current_round 20 3  <nil>}": {"Key":"self","Type":15,"Integer":0,"String":"b","Interface":null}}
2025-08-15T22:13:44.181-0500	DEBUG	protocol/handler.go:1591	have processed broadcast	{"{round 20 3  <nil>}": {"Key":"from","Type":15,"Integer":0,"String":"a","Interface":null}}
2025-08-15T22:13:44.181-0500	DEBUG	protocol/handler.go:1591	have processed broadcast	{"{round 20 3  <nil>}": {"Key":"from","Type":15,"Integer":0,"String":"c","Interface":null}}
2025-08-15T22:13:44.181-0500	DEBUG	protocol/handler.go:1649	have all messages and processed	{"{round 20 3  <nil>}": {"Key":"self","Type":15,"Integer":0,"String":"b","Interface":null}}
2025-08-15T22:13:44.181-0500	DEBUG	protocol/handler.go:596	round already finalized
2025-08-15T22:13:44.181-0500	DEBUG	protocol/handler.go:581	tryAdvanceRound called	{"{current_round 20 3  <nil>}": {"Key":"self","Type":15,"Integer":0,"String":"c","Interface":null}}
2025-08-15T22:13:44.181-0500	DEBUG	protocol/handler.go:1591	have processed broadcast	{"{round 20 3  <nil>}": {"Key":"from","Type":15,"Integer":0,"String":"a","Interface":null}}
2025-08-15T22:13:44.181-0500	DEBUG	protocol/handler.go:1591	have processed broadcast	{"{round 20 3  <nil>}": {"Key":"from","Type":15,"Integer":0,"String":"b","Interface":null}}
2025-08-15T22:13:44.181-0500	DEBUG	protocol/handler.go:1649	have all messages and processed	{"{round 20 3  <nil>}": {"Key":"self","Type":15,"Integer":0,"String":"c","Interface":null}}
2025-08-15T22:13:44.181-0500	DEBUG	protocol/handler.go:596	round already finalized
2025-08-15T22:13:44.187-0500	DEBUG	protocol/handler.go:581	tryAdvanceRound called	{"{current_round 20 3  <nil>}": {"Key":"self","Type":15,"Integer":0,"String":"a","Interface":null}}
2025-08-15T22:13:44.187-0500	DEBUG	protocol/handler.go:1591	have processed broadcast	{"{round 20 3  <nil>}": {"Key":"from","Type":15,"Integer":0,"String":"b","Interface":null}}
2025-08-15T22:13:44.187-0500	DEBUG	protocol/handler.go:1591	have processed broadcast	{"{round 20 3  <nil>}": {"Key":"from","Type":15,"Integer":0,"String":"c","Interface":null}}
2025-08-15T22:13:44.187-0500	DEBUG	protocol/handler.go:1649	have all messages and processed	{"{round 20 3  <nil>}": {"Key":"self","Type":15,"Integer":0,"String":"a","Interface":null}}
2025-08-15T22:13:44.187-0500	DEBUG	protocol/handler.go:596	round already finalized
2025-08-15T22:13:44.191-0500	DEBUG	protocol/handler.go:581	tryAdvanceRound called	{"{current_round 20 3  <nil>}": {"Key":"self","Type":15,"Integer":0,"String":"b","Interface":null}}
2025-08-15T22:13:44.191-0500	DEBUG	protocol/handler.go:1591	have processed broadcast	{"{round 20 3  <nil>}": {"Key":"from","Type":15,"Integer":0,"String":"a","Interface":null}}
2025-08-15T22:13:44.191-0500	DEBUG	protocol/handler.go:1591	have processed broadcast	{"{round 20 3  <nil>}": {"Key":"from","Type":15,"Integer":0,"String":"c","Interface":null}}
2025-08-15T22:13:44.191-0500	DEBUG	protocol/handler.go:1649	have all messages and processed	{"{round 20 3  <nil>}": {"Key":"self","Type":15,"Integer":0,"String":"b","Interface":null}}
2025-08-15T22:13:44.191-0500	DEBUG	protocol/handler.go:596	round already finalized
2025-08-15T22:13:44.191-0500	DEBUG	protocol/handler.go:581	tryAdvanceRound called	{"{current_round 20 3  <nil>}": {"Key":"self","Type":15,"Integer":0,"String":"c","Interface":null}}
2025-08-15T22:13:44.191-0500	DEBUG	protocol/handler.go:1591	have processed broadcast	{"{round 20 3  <nil>}": {"Key":"from","Type":15,"Integer":0,"String":"a","Interface":null}}
2025-08-15T22:13:44.191-0500	DEBUG	protocol/handler.go:1591	have processed broadcast	{"{round 20 3  <nil>}": {"Key":"from","Type":15,"Integer":0,"String":"b","Interface":null}}
2025-08-15T22:13:44.191-0500	DEBUG	protocol/handler.go:1649	have all messages and processed	{"{round 20 3  <nil>}": {"Key":"self","Type":15,"Integer":0,"String":"c","Interface":null}}
2025-08-15T22:13:44.191-0500	DEBUG	protocol/handler.go:596	round already finalized
2025-08-15T22:13:44.197-0500	DEBUG	protocol/handler.go:581	tryAdvanceRound called	{"{current_round 20 3  <nil>}": {"Key":"self","Type":15,"Integer":0,"String":"a","Interface":null}}
2025-08-15T22:13:44.197-0500	DEBUG	protocol/handler.go:1591	have processed broadcast	{"{round 20 3  <nil>}": {"Key":"from","Type":15,"Integer":0,"String":"b","Interface":null}}
2025-08-15T22:13:44.197-0500	DEBUG	protocol/handler.go:1591	have processed broadcast	{"{round 20 3  <nil>}": {"Key":"from","Type":15,"Integer":0,"String":"c","Interface":null}}
2025-08-15T22:13:44.197-0500	DEBUG	protocol/handler.go:1649	have all messages and processed	{"{round 20 3  <nil>}": {"Key":"self","Type":15,"Integer":0,"String":"a","Interface":null}}
2025-08-15T22:13:44.197-0500	DEBUG	protocol/handler.go:596	round already finalized
2025-08-15T22:13:44.201-0500	DEBUG	protocol/handler.go:581	tryAdvanceRound called	{"{current_round 20 3  <nil>}": {"Key":"self","Type":15,"Integer":0,"String":"b","Interface":null}}
2025-08-15T22:13:44.201-0500	DEBUG	protocol/handler.go:581	tryAdvanceRound called	{"{current_round 20 3  <nil>}": {"Key":"self","Type":15,"Integer":0,"String":"c","Interface":null}}
2025-08-15T22:13:44.201-0500	DEBUG	protocol/handler.go:1591	have processed broadcast	{"{round 20 3  <nil>}": {"Key":"from","Type":15,"Integer":0,"String":"a","Interface":null}}
2025-08-15T22:13:44.201-0500	DEBUG	protocol/handler.go:1591	have processed broadcast	{"{round 20 3  <nil>}": {"Key":"from","Type":15,"Integer":0,"String":"a","Interface":null}}
2025-08-15T22:13:44.201-0500	DEBUG	protocol/handler.go:1591	have processed broadcast	{"{round 20 3  <nil>}": {"Key":"from","Type":15,"Integer":0,"String":"c","Interface":null}}
2025-08-15T22:13:44.201-0500	DEBUG	protocol/handler.go:1591	have processed broadcast	{"{round 20 3  <nil>}": {"Key":"from","Type":15,"Integer":0,"String":"b","Interface":null}}
2025-08-15T22:13:44.201-0500	DEBUG	protocol/handler.go:1649	have all messages and processed	{"{round 20 3  <nil>}": {"Key":"self","Type":15,"Integer":0,"String":"b","Interface":null}}
2025-08-15T22:13:44.201-0500	DEBUG	protocol/handler.go:1649	have all messages and processed	{"{round 20 3  <nil>}": {"Key":"self","Type":15,"Integer":0,"String":"c","Interface":null}}
2025-08-15T22:13:44.201-0500	DEBUG	protocol/handler.go:596	round already finalized
2025-08-15T22:13:44.201-0500	DEBUG	protocol/handler.go:596	round already finalized
2025-08-15T22:13:44.207-0500	DEBUG	protocol/handler.go:581	tryAdvanceRound called	{"{current_round 20 3  <nil>}": {"Key":"self","Type":15,"Integer":0,"String":"a","Interface":null}}
2025-08-15T22:13:44.207-0500	DEBUG	protocol/handler.go:1591	have processed broadcast	{"{round 20 3  <nil>}": {"Key":"from","Type":15,"Integer":0,"String":"b","Interface":null}}
2025-08-15T22:13:44.207-0500	DEBUG	protocol/handler.go:1591	have processed broadcast	{"{round 20 3  <nil>}": {"Key":"from","Type":15,"Integer":0,"String":"c","Interface":null}}
2025-08-15T22:13:44.207-0500	DEBUG	protocol/handler.go:1649	have all messages and processed	{"{round 20 3  <nil>}": {"Key":"self","Type":15,"Integer":0,"String":"a","Interface":null}}
2025-08-15T22:13:44.207-0500	DEBUG	protocol/handler.go:596	round already finalized
2025-08-15T22:13:44.211-0500	DEBUG	protocol/handler.go:581	tryAdvanceRound called	{"{current_round 20 3  <nil>}": {"Key":"self","Type":15,"Integer":0,"String":"b","Interface":null}}
2025-08-15T22:13:44.211-0500	DEBUG	protocol/handler.go:581	tryAdvanceRound called	{"{current_round 20 3  <nil>}": {"Key":"self","Type":15,"Integer":0,"String":"c","Interface":null}}
2025-08-15T22:13:44.211-0500	DEBUG	protocol/handler.go:1591	have processed broadcast	{"{round 20 3  <nil>}": {"Key":"from","Type":15,"Integer":0,"String":"a","Interface":null}}
2025-08-15T22:13:44.211-0500	DEBUG	protocol/handler.go:1591	have processed broadcast	{"{round 20 3  <nil>}": {"Key":"from","Type":15,"Integer":0,"String":"a","Interface":null}}
2025-08-15T22:13:44.211-0500	DEBUG	protocol/handler.go:1591	have processed broadcast	{"{round 20 3  <nil>}": {"Key":"from","Type":15,"Integer":0,"String":"c","Interface":null}}
2025-08-15T22:13:44.211-0500	DEBUG	protocol/handler.go:1591	have processed broadcast	{"{round 20 3  <nil>}": {"Key":"from","Type":15,"Integer":0,"String":"b","Interface":null}}
2025-08-15T22:13:44.211-0500	DEBUG	protocol/handler.go:1649	have all messages and processed	{"{round 20 3  <nil>}": {"Key":"self","Type":15,"Integer":0,"String":"b","Interface":null}}
2025-08-15T22:13:44.211-0500	DEBUG	protocol/handler.go:1649	have all messages and processed	{"{round 20 3  <nil>}": {"Key":"self","Type":15,"Integer":0,"String":"c","Interface":null}}
2025-08-15T22:13:44.211-0500	DEBUG	protocol/handler.go:596	round already finalized
2025-08-15T22:13:44.211-0500	DEBUG	protocol/handler.go:596	round already finalized
2025-08-15T22:13:44.217-0500	DEBUG	protocol/handler.go:581	tryAdvanceRound called	{"{current_round 20 3  <nil>}": {"Key":"self","Type":15,"Integer":0,"String":"a","Interface":null}}
2025-08-15T22:13:44.217-0500	DEBUG	protocol/handler.go:1591	have processed broadcast	{"{round 20 3  <nil>}": {"Key":"from","Type":15,"Integer":0,"String":"b","Interface":null}}
2025-08-15T22:13:44.217-0500	DEBUG	protocol/handler.go:1591	have processed broadcast	{"{round 20 3  <nil>}": {"Key":"from","Type":15,"Integer":0,"String":"c","Interface":null}}
2025-08-15T22:13:44.217-0500	DEBUG	protocol/handler.go:1649	have all messages and processed	{"{round 20 3  <nil>}": {"Key":"self","Type":15,"Integer":0,"String":"a","Interface":null}}
2025-08-15T22:13:44.217-0500	DEBUG	protocol/handler.go:596	round already finalized
2025-08-15T22:13:44.221-0500	DEBUG	protocol/handler.go:581	tryAdvanceRound called	{"{current_round 20 3  <nil>}": {"Key":"self","Type":15,"Integer":0,"String":"b","Interface":null}}
2025-08-15T22:13:44.221-0500	DEBUG	protocol/handler.go:581	tryAdvanceRound called	{"{current_round 20 3  <nil>}": {"Key":"self","Type":15,"Integer":0,"String":"c","Interface":null}}
2025-08-15T22:13:44.221-0500	DEBUG	protocol/handler.go:1591	have processed broadcast	{"{round 20 3  <nil>}": {"Key":"from","Type":15,"Integer":0,"String":"a","Interface":null}}
2025-08-15T22:13:44.221-0500	DEBUG	protocol/handler.go:1591	have processed broadcast	{"{round 20 3  <nil>}": {"Key":"from","Type":15,"Integer":0,"String":"a","Interface":null}}
2025-08-15T22:13:44.221-0500	DEBUG	protocol/handler.go:1591	have processed broadcast	{"{round 20 3  <nil>}": {"Key":"from","Type":15,"Integer":0,"String":"c","Interface":null}}
2025-08-15T22:13:44.221-0500	DEBUG	protocol/handler.go:1591	have processed broadcast	{"{round 20 3  <nil>}": {"Key":"from","Type":15,"Integer":0,"String":"b","Interface":null}}
2025-08-15T22:13:44.221-0500	DEBUG	protocol/handler.go:1649	have all messages and processed	{"{round 20 3  <nil>}": {"Key":"self","Type":15,"Integer":0,"String":"b","Interface":null}}
2025-08-15T22:13:44.221-0500	DEBUG	protocol/handler.go:1649	have all messages and processed	{"{round 20 3  <nil>}": {"Key":"self","Type":15,"Integer":0,"String":"c","Interface":null}}
2025-08-15T22:13:44.221-0500	DEBUG	protocol/handler.go:596	round already finalized
2025-08-15T22:13:44.221-0500	DEBUG	protocol/handler.go:596	round already finalized
2025-08-15T22:13:44.227-0500	DEBUG	protocol/handler.go:581	tryAdvanceRound called	{"{current_round 20 3  <nil>}": {"Key":"self","Type":15,"Integer":0,"String":"a","Interface":null}}
2025-08-15T22:13:44.227-0500	DEBUG	protocol/handler.go:1591	have processed broadcast	{"{round 20 3  <nil>}": {"Key":"from","Type":15,"Integer":0,"String":"b","Interface":null}}
2025-08-15T22:13:44.227-0500	DEBUG	protocol/handler.go:1591	have processed broadcast	{"{round 20 3  <nil>}": {"Key":"from","Type":15,"Integer":0,"String":"c","Interface":null}}
2025-08-15T22:13:44.227-0500	DEBUG	protocol/handler.go:1649	have all messages and processed	{"{round 20 3  <nil>}": {"Key":"self","Type":15,"Integer":0,"String":"a","Interface":null}}
2025-08-15T22:13:44.227-0500	DEBUG	protocol/handler.go:596	round already finalized
2025-08-15T22:13:44.231-0500	DEBUG	protocol/handler.go:581	tryAdvanceRound called	{"{current_round 20 3  <nil>}": {"Key":"self","Type":15,"Integer":0,"String":"b","Interface":null}}
2025-08-15T22:13:44.231-0500	DEBUG	protocol/handler.go:581	tryAdvanceRound called	{"{current_round 20 3  <nil>}": {"Key":"self","Type":15,"Integer":0,"String":"c","Interface":null}}
2025-08-15T22:13:44.231-0500	DEBUG	protocol/handler.go:1591	have processed broadcast	{"{round 20 3  <nil>}": {"Key":"from","Type":15,"Integer":0,"String":"a","Interface":null}}
2025-08-15T22:13:44.231-0500	DEBUG	protocol/handler.go:1591	have processed broadcast	{"{round 20 3  <nil>}": {"Key":"from","Type":15,"Integer":0,"String":"a","Interface":null}}
2025-08-15T22:13:44.231-0500	DEBUG	protocol/handler.go:1591	have processed broadcast	{"{round 20 3  <nil>}": {"Key":"from","Type":15,"Integer":0,"String":"c","Interface":null}}
2025-08-15T22:13:44.231-0500	DEBUG	protocol/handler.go:1591	have processed broadcast	{"{round 20 3  <nil>}": {"Key":"from","Type":15,"Integer":0,"String":"b","Interface":null}}
2025-08-15T22:13:44.231-0500	DEBUG	protocol/handler.go:1649	have all messages and processed	{"{round 20 3  <nil>}": {"Key":"self","Type":15,"Integer":0,"String":"b","Interface":null}}
2025-08-15T22:13:44.231-0500	DEBUG	protocol/handler.go:1649	have all messages and processed	{"{round 20 3  <nil>}": {"Key":"self","Type":15,"Integer":0,"String":"c","Interface":null}}
2025-08-15T22:13:44.231-0500	DEBUG	protocol/handler.go:596	round already finalized
2025-08-15T22:13:44.231-0500	DEBUG	protocol/handler.go:596	round already finalized
2025-08-15T22:13:44.237-0500	DEBUG	protocol/handler.go:581	tryAdvanceRound called	{"{current_round 20 3  <nil>}": {"Key":"self","Type":15,"Integer":0,"String":"a","Interface":null}}
2025-08-15T22:13:44.237-0500	DEBUG	protocol/handler.go:1591	have processed broadcast	{"{round 20 3  <nil>}": {"Key":"from","Type":15,"Integer":0,"String":"b","Interface":null}}
2025-08-15T22:13:44.237-0500	DEBUG	protocol/handler.go:1591	have processed broadcast	{"{round 20 3  <nil>}": {"Key":"from","Type":15,"Integer":0,"String":"c","Interface":null}}
2025-08-15T22:13:44.237-0500	DEBUG	protocol/handler.go:1649	have all messages and processed	{"{round 20 3  <nil>}": {"Key":"self","Type":15,"Integer":0,"String":"a","Interface":null}}
2025-08-15T22:13:44.237-0500	DEBUG	protocol/handler.go:596	round already finalized
2025-08-15T22:13:44.241-0500	DEBUG	protocol/handler.go:581	tryAdvanceRound called	{"{current_round 20 3  <nil>}": {"Key":"self","Type":15,"Integer":0,"String":"b","Interface":null}}
2025-08-15T22:13:44.241-0500	DEBUG	protocol/handler.go:1591	have processed broadcast	{"{round 20 3  <nil>}": {"Key":"from","Type":15,"Integer":0,"String":"a","Interface":null}}
2025-08-15T22:13:44.241-0500	DEBUG	protocol/handler.go:581	tryAdvanceRound called	{"{current_round 20 3  <nil>}": {"Key":"self","Type":15,"Integer":0,"String":"c","Interface":null}}
2025-08-15T22:13:44.241-0500	DEBUG	protocol/handler.go:1591	have processed broadcast	{"{round 20 3  <nil>}": {"Key":"from","Type":15,"Integer":0,"String":"a","Interface":null}}
2025-08-15T22:13:44.241-0500	DEBUG	protocol/handler.go:1591	have processed broadcast	{"{round 20 3  <nil>}": {"Key":"from","Type":15,"Integer":0,"String":"b","Interface":null}}
2025-08-15T22:13:44.242-0500	DEBUG	protocol/handler.go:1649	have all messages and processed	{"{round 20 3  <nil>}": {"Key":"self","Type":15,"Integer":0,"String":"c","Interface":null}}
2025-08-15T22:13:44.242-0500	DEBUG	protocol/handler.go:1591	have processed broadcast	{"{round 20 3  <nil>}": {"Key":"from","Type":15,"Integer":0,"String":"c","Interface":null}}
2025-08-15T22:13:44.242-0500	DEBUG	protocol/handler.go:596	round already finalized
2025-08-15T22:13:44.242-0500	DEBUG	protocol/handler.go:1649	have all messages and processed	{"{round 20 3  <nil>}": {"Key":"self","Type":15,"Integer":0,"String":"b","Interface":null}}
2025-08-15T22:13:44.242-0500	DEBUG	protocol/handler.go:596	round already finalized
2025-08-15T22:13:44.246-0500	DEBUG	protocol/handler.go:581	tryAdvanceRound called	{"{current_round 20 3  <nil>}": {"Key":"self","Type":15,"Integer":0,"String":"a","Interface":null}}
2025-08-15T22:13:44.246-0500	DEBUG	protocol/handler.go:1591	have processed broadcast	{"{round 20 3  <nil>}": {"Key":"from","Type":15,"Integer":0,"String":"b","Interface":null}}
2025-08-15T22:13:44.246-0500	DEBUG	protocol/handler.go:1591	have processed broadcast	{"{round 20 3  <nil>}": {"Key":"from","Type":15,"Integer":0,"String":"c","Interface":null}}
2025-08-15T22:13:44.247-0500	DEBUG	protocol/handler.go:1649	have all messages and processed	{"{round 20 3  <nil>}": {"Key":"self","Type":15,"Integer":0,"String":"a","Interface":null}}
2025-08-15T22:13:44.247-0500	DEBUG	protocol/handler.go:596	round already finalized
2025-08-15T22:13:44.251-0500	DEBUG	protocol/handler.go:581	tryAdvanceRound called	{"{current_round 20 3  <nil>}": {"Key":"self","Type":15,"Integer":0,"String":"b","Interface":null}}
2025-08-15T22:13:44.251-0500	DEBUG	protocol/handler.go:581	tryAdvanceRound called	{"{current_round 20 3  <nil>}": {"Key":"self","Type":15,"Integer":0,"String":"c","Interface":null}}
2025-08-15T22:13:44.251-0500	DEBUG	protocol/handler.go:1591	have processed broadcast	{"{round 20 3  <nil>}": {"Key":"from","Type":15,"Integer":0,"String":"a","Interface":null}}
2025-08-15T22:13:44.251-0500	DEBUG	protocol/handler.go:1591	have processed broadcast	{"{round 20 3  <nil>}": {"Key":"from","Type":15,"Integer":0,"String":"a","Interface":null}}
2025-08-15T22:13:44.251-0500	DEBUG	protocol/handler.go:1591	have processed broadcast	{"{round 20 3  <nil>}": {"Key":"from","Type":15,"Integer":0,"String":"c","Interface":null}}
2025-08-15T22:13:44.251-0500	DEBUG	protocol/handler.go:1591	have processed broadcast	{"{round 20 3  <nil>}": {"Key":"from","Type":15,"Integer":0,"String":"b","Interface":null}}
2025-08-15T22:13:44.251-0500	DEBUG	protocol/handler.go:1649	have all messages and processed	{"{round 20 3  <nil>}": {"Key":"self","Type":15,"Integer":0,"String":"b","Interface":null}}
2025-08-15T22:13:44.251-0500	DEBUG	protocol/handler.go:596	round already finalized
2025-08-15T22:13:44.251-0500	DEBUG	protocol/handler.go:1649	have all messages and processed	{"{round 20 3  <nil>}": {"Key":"self","Type":15,"Integer":0,"String":"c","Interface":null}}
2025-08-15T22:13:44.251-0500	DEBUG	protocol/handler.go:596	round already finalized
2025-08-15T22:13:44.257-0500	DEBUG	protocol/handler.go:581	tryAdvanceRound called	{"{current_round 20 3  <nil>}": {"Key":"self","Type":15,"Integer":0,"String":"a","Interface":null}}
2025-08-15T22:13:44.257-0500	DEBUG	protocol/handler.go:1591	have processed broadcast	{"{round 20 3  <nil>}": {"Key":"from","Type":15,"Integer":0,"String":"b","Interface":null}}
2025-08-15T22:13:44.257-0500	DEBUG	protocol/handler.go:1591	have processed broadcast	{"{round 20 3  <nil>}": {"Key":"from","Type":15,"Integer":0,"String":"c","Interface":null}}
2025-08-15T22:13:44.257-0500	DEBUG	protocol/handler.go:1649	have all messages and processed	{"{round 20 3  <nil>}": {"Key":"self","Type":15,"Integer":0,"String":"a","Interface":null}}
2025-08-15T22:13:44.257-0500	DEBUG	protocol/handler.go:596	round already finalized
2025-08-15T22:13:44.261-0500	DEBUG	protocol/handler.go:581	tryAdvanceRound called	{"{current_round 20 3  <nil>}": {"Key":"self","Type":15,"Integer":0,"String":"b","Interface":null}}
2025-08-15T22:13:44.261-0500	DEBUG	protocol/handler.go:581	tryAdvanceRound called	{"{current_round 20 3  <nil>}": {"Key":"self","Type":15,"Integer":0,"String":"c","Interface":null}}
2025-08-15T22:13:44.261-0500	DEBUG	protocol/handler.go:1591	have processed broadcast	{"{round 20 3  <nil>}": {"Key":"from","Type":15,"Integer":0,"String":"a","Interface":null}}
2025-08-15T22:13:44.261-0500	DEBUG	protocol/handler.go:1591	have processed broadcast	{"{round 20 3  <nil>}": {"Key":"from","Type":15,"Integer":0,"String":"c","Interface":null}}
2025-08-15T22:13:44.261-0500	DEBUG	protocol/handler.go:1649	have all messages and processed	{"{round 20 3  <nil>}": {"Key":"self","Type":15,"Integer":0,"String":"b","Interface":null}}
2025-08-15T22:13:44.261-0500	DEBUG	protocol/handler.go:596	round already finalized
2025-08-15T22:13:44.261-0500	DEBUG	protocol/handler.go:1591	have processed broadcast	{"{round 20 3  <nil>}": {"Key":"from","Type":15,"Integer":0,"String":"a","Interface":null}}
2025-08-15T22:13:44.262-0500	DEBUG	protocol/handler.go:1591	have processed broadcast	{"{round 20 3  <nil>}": {"Key":"from","Type":15,"Integer":0,"String":"b","Interface":null}}
2025-08-15T22:13:44.262-0500	DEBUG	protocol/handler.go:1649	have all messages and processed	{"{round 20 3  <nil>}": {"Key":"self","Type":15,"Integer":0,"String":"c","Interface":null}}
2025-08-15T22:13:44.262-0500	DEBUG	protocol/handler.go:596	round already finalized
2025-08-15T22:13:44.267-0500	DEBUG	protocol/handler.go:581	tryAdvanceRound called	{"{current_round 20 3  <nil>}": {"Key":"self","Type":15,"Integer":0,"String":"a","Interface":null}}
2025-08-15T22:13:44.267-0500	DEBUG	protocol/handler.go:1591	have processed broadcast	{"{round 20 3  <nil>}": {"Key":"from","Type":15,"Integer":0,"String":"b","Interface":null}}
2025-08-15T22:13:44.267-0500	DEBUG	protocol/handler.go:1591	have processed broadcast	{"{round 20 3  <nil>}": {"Key":"from","Type":15,"Integer":0,"String":"c","Interface":null}}
2025-08-15T22:13:44.267-0500	DEBUG	protocol/handler.go:1649	have all messages and processed	{"{round 20 3  <nil>}": {"Key":"self","Type":15,"Integer":0,"String":"a","Interface":null}}
2025-08-15T22:13:44.267-0500	DEBUG	protocol/handler.go:596	round already finalized
2025-08-15T22:13:44.271-0500	DEBUG	protocol/handler.go:581	tryAdvanceRound called	{"{current_round 20 3  <nil>}": {"Key":"self","Type":15,"Integer":0,"String":"b","Interface":null}}
2025-08-15T22:13:44.271-0500	DEBUG	protocol/handler.go:581	tryAdvanceRound called	{"{current_round 20 3  <nil>}": {"Key":"self","Type":15,"Integer":0,"String":"c","Interface":null}}
2025-08-15T22:13:44.271-0500	DEBUG	protocol/handler.go:1591	have processed broadcast	{"{round 20 3  <nil>}": {"Key":"from","Type":15,"Integer":0,"String":"a","Interface":null}}
2025-08-15T22:13:44.271-0500	DEBUG	protocol/handler.go:1591	have processed broadcast	{"{round 20 3  <nil>}": {"Key":"from","Type":15,"Integer":0,"String":"c","Interface":null}}
2025-08-15T22:13:44.271-0500	DEBUG	protocol/handler.go:1591	have processed broadcast	{"{round 20 3  <nil>}": {"Key":"from","Type":15,"Integer":0,"String":"a","Interface":null}}
2025-08-15T22:13:44.271-0500	DEBUG	protocol/handler.go:1649	have all messages and processed	{"{round 20 3  <nil>}": {"Key":"self","Type":15,"Integer":0,"String":"b","Interface":null}}
2025-08-15T22:13:44.271-0500	DEBUG	protocol/handler.go:1591	have processed broadcast	{"{round 20 3  <nil>}": {"Key":"from","Type":15,"Integer":0,"String":"b","Interface":null}}
2025-08-15T22:13:44.271-0500	DEBUG	protocol/handler.go:596	round already finalized
2025-08-15T22:13:44.271-0500	DEBUG	protocol/handler.go:1649	have all messages and processed	{"{round 20 3  <nil>}": {"Key":"self","Type":15,"Integer":0,"String":"c","Interface":null}}
2025-08-15T22:13:44.271-0500	DEBUG	protocol/handler.go:596	round already finalized
2025-08-15T22:13:44.277-0500	DEBUG	protocol/handler.go:581	tryAdvanceRound called	{"{current_round 20 3  <nil>}": {"Key":"self","Type":15,"Integer":0,"String":"a","Interface":null}}
2025-08-15T22:13:44.277-0500	DEBUG	protocol/handler.go:1591	have processed broadcast	{"{round 20 3  <nil>}": {"Key":"from","Type":15,"Integer":0,"String":"b","Interface":null}}
2025-08-15T22:13:44.277-0500	DEBUG	protocol/handler.go:1591	have processed broadcast	{"{round 20 3  <nil>}": {"Key":"from","Type":15,"Integer":0,"String":"c","Interface":null}}
2025-08-15T22:13:44.277-0500	DEBUG	protocol/handler.go:1649	have all messages and processed	{"{round 20 3  <nil>}": {"Key":"self","Type":15,"Integer":0,"String":"a","Interface":null}}
2025-08-15T22:13:44.277-0500	DEBUG	protocol/handler.go:596	round already finalized
2025-08-15T22:13:44.281-0500	DEBUG	protocol/handler.go:581	tryAdvanceRound called	{"{current_round 20 3  <nil>}": {"Key":"self","Type":15,"Integer":0,"String":"c","Interface":null}}
2025-08-15T22:13:44.281-0500	DEBUG	protocol/handler.go:1591	have processed broadcast	{"{round 20 3  <nil>}": {"Key":"from","Type":15,"Integer":0,"String":"a","Interface":null}}
2025-08-15T22:13:44.281-0500	DEBUG	protocol/handler.go:1591	have processed broadcast	{"{round 20 3  <nil>}": {"Key":"from","Type":15,"Integer":0,"String":"b","Interface":null}}
2025-08-15T22:13:44.281-0500	DEBUG	protocol/handler.go:1649	have all messages and processed	{"{round 20 3  <nil>}": {"Key":"self","Type":15,"Integer":0,"String":"c","Interface":null}}
2025-08-15T22:13:44.281-0500	DEBUG	protocol/handler.go:596	round already finalized
2025-08-15T22:13:44.281-0500	DEBUG	protocol/handler.go:581	tryAdvanceRound called	{"{current_round 20 3  <nil>}": {"Key":"self","Type":15,"Integer":0,"String":"b","Interface":null}}
2025-08-15T22:13:44.281-0500	DEBUG	protocol/handler.go:1591	have processed broadcast	{"{round 20 3  <nil>}": {"Key":"from","Type":15,"Integer":0,"String":"a","Interface":null}}
2025-08-15T22:13:44.281-0500	DEBUG	protocol/handler.go:1591	have processed broadcast	{"{round 20 3  <nil>}": {"Key":"from","Type":15,"Integer":0,"String":"c","Interface":null}}
2025-08-15T22:13:44.281-0500	DEBUG	protocol/handler.go:1649	have all messages and processed	{"{round 20 3  <nil>}": {"Key":"self","Type":15,"Integer":0,"String":"b","Interface":null}}
2025-08-15T22:13:44.281-0500	DEBUG	protocol/handler.go:596	round already finalized
2025-08-15T22:13:44.287-0500	DEBUG	protocol/handler.go:581	tryAdvanceRound called	{"{current_round 20 3  <nil>}": {"Key":"self","Type":15,"Integer":0,"String":"a","Interface":null}}
2025-08-15T22:13:44.287-0500	DEBUG	protocol/handler.go:1591	have processed broadcast	{"{round 20 3  <nil>}": {"Key":"from","Type":15,"Integer":0,"String":"b","Interface":null}}
2025-08-15T22:13:44.287-0500	DEBUG	protocol/handler.go:1591	have processed broadcast	{"{round 20 3  <nil>}": {"Key":"from","Type":15,"Integer":0,"String":"c","Interface":null}}
2025-08-15T22:13:44.287-0500	DEBUG	protocol/handler.go:1649	have all messages and processed	{"{round 20 3  <nil>}": {"Key":"self","Type":15,"Integer":0,"String":"a","Interface":null}}
2025-08-15T22:13:44.287-0500	DEBUG	protocol/handler.go:596	round already finalized
2025-08-15T22:13:44.291-0500	DEBUG	protocol/handler.go:581	tryAdvanceRound called	{"{current_round 20 3  <nil>}": {"Key":"self","Type":15,"Integer":0,"String":"b","Interface":null}}
2025-08-15T22:13:44.291-0500	DEBUG	protocol/handler.go:581	tryAdvanceRound called	{"{current_round 20 3  <nil>}": {"Key":"self","Type":15,"Integer":0,"String":"c","Interface":null}}
2025-08-15T22:13:44.291-0500	DEBUG	protocol/handler.go:1591	have processed broadcast	{"{round 20 3  <nil>}": {"Key":"from","Type":15,"Integer":0,"String":"a","Interface":null}}
2025-08-15T22:13:44.291-0500	DEBUG	protocol/handler.go:1591	have processed broadcast	{"{round 20 3  <nil>}": {"Key":"from","Type":15,"Integer":0,"String":"a","Interface":null}}
2025-08-15T22:13:44.291-0500	DEBUG	protocol/handler.go:1591	have processed broadcast	{"{round 20 3  <nil>}": {"Key":"from","Type":15,"Integer":0,"String":"c","Interface":null}}
2025-08-15T22:13:44.291-0500	DEBUG	protocol/handler.go:1591	have processed broadcast	{"{round 20 3  <nil>}": {"Key":"from","Type":15,"Integer":0,"String":"b","Interface":null}}
2025-08-15T22:13:44.291-0500	DEBUG	protocol/handler.go:1649	have all messages and processed	{"{round 20 3  <nil>}": {"Key":"self","Type":15,"Integer":0,"String":"b","Interface":null}}
2025-08-15T22:13:44.291-0500	DEBUG	protocol/handler.go:1649	have all messages and processed	{"{round 20 3  <nil>}": {"Key":"self","Type":15,"Integer":0,"String":"c","Interface":null}}
2025-08-15T22:13:44.291-0500	DEBUG	protocol/handler.go:596	round already finalized
2025-08-15T22:13:44.291-0500	DEBUG	protocol/handler.go:596	round already finalized
2025-08-15T22:13:44.299-0500	DEBUG	protocol/handler.go:581	tryAdvanceRound called	{"{current_round 20 3  <nil>}": {"Key":"self","Type":15,"Integer":0,"String":"a","Interface":null}}
2025-08-15T22:13:44.299-0500	DEBUG	protocol/handler.go:1591	have processed broadcast	{"{round 20 3  <nil>}": {"Key":"from","Type":15,"Integer":0,"String":"b","Interface":null}}
2025-08-15T22:13:44.299-0500	DEBUG	protocol/handler.go:1591	have processed broadcast	{"{round 20 3  <nil>}": {"Key":"from","Type":15,"Integer":0,"String":"c","Interface":null}}
2025-08-15T22:13:44.299-0500	DEBUG	protocol/handler.go:1649	have all messages and processed	{"{round 20 3  <nil>}": {"Key":"self","Type":15,"Integer":0,"String":"a","Interface":null}}
2025-08-15T22:13:44.300-0500	DEBUG	protocol/handler.go:596	round already finalized
2025-08-15T22:13:44.304-0500	DEBUG	protocol/handler.go:581	tryAdvanceRound called	{"{current_round 20 3  <nil>}": {"Key":"self","Type":15,"Integer":0,"String":"b","Interface":null}}
2025-08-15T22:13:44.304-0500	DEBUG	protocol/handler.go:1591	have processed broadcast	{"{round 20 3  <nil>}": {"Key":"from","Type":15,"Integer":0,"String":"a","Interface":null}}
2025-08-15T22:13:44.305-0500	DEBUG	protocol/handler.go:1591	have processed broadcast	{"{round 20 3  <nil>}": {"Key":"from","Type":15,"Integer":0,"String":"c","Interface":null}}
2025-08-15T22:13:44.304-0500	DEBUG	protocol/handler.go:581	tryAdvanceRound called	{"{current_round 20 3  <nil>}": {"Key":"self","Type":15,"Integer":0,"String":"c","Interface":null}}
2025-08-15T22:13:44.305-0500	DEBUG	protocol/handler.go:1649	have all messages and processed	{"{round 20 3  <nil>}": {"Key":"self","Type":15,"Integer":0,"String":"b","Interface":null}}
2025-08-15T22:13:44.305-0500	DEBUG	protocol/handler.go:596	round already finalized
2025-08-15T22:13:44.305-0500	DEBUG	protocol/handler.go:1591	have processed broadcast	{"{round 20 3  <nil>}": {"Key":"from","Type":15,"Integer":0,"String":"a","Interface":null}}
2025-08-15T22:13:44.305-0500	DEBUG	protocol/handler.go:1591	have processed broadcast	{"{round 20 3  <nil>}": {"Key":"from","Type":15,"Integer":0,"String":"b","Interface":null}}
2025-08-15T22:13:44.305-0500	DEBUG	protocol/handler.go:1649	have all messages and processed	{"{round 20 3  <nil>}": {"Key":"self","Type":15,"Integer":0,"String":"c","Interface":null}}
2025-08-15T22:13:44.305-0500	DEBUG	protocol/handler.go:596	round already finalized
2025-08-15T22:13:44.307-0500	DEBUG	protocol/handler.go:581	tryAdvanceRound called	{"{current_round 20 3  <nil>}": {"Key":"self","Type":15,"Integer":0,"String":"a","Interface":null}}
2025-08-15T22:13:44.307-0500	DEBUG	protocol/handler.go:1591	have processed broadcast	{"{round 20 3  <nil>}": {"Key":"from","Type":15,"Integer":0,"String":"b","Interface":null}}
2025-08-15T22:13:44.307-0500	DEBUG	protocol/handler.go:1591	have processed broadcast	{"{round 20 3  <nil>}": {"Key":"from","Type":15,"Integer":0,"String":"c","Interface":null}}
2025-08-15T22:13:44.307-0500	DEBUG	protocol/handler.go:1649	have all messages and processed	{"{round 20 3  <nil>}": {"Key":"self","Type":15,"Integer":0,"String":"a","Interface":null}}
2025-08-15T22:13:44.307-0500	DEBUG	protocol/handler.go:596	round already finalized
2025-08-15T22:13:44.311-0500	DEBUG	protocol/handler.go:581	tryAdvanceRound called	{"{current_round 20 3  <nil>}": {"Key":"self","Type":15,"Integer":0,"String":"b","Interface":null}}
2025-08-15T22:13:44.311-0500	DEBUG	protocol/handler.go:1591	have processed broadcast	{"{round 20 3  <nil>}": {"Key":"from","Type":15,"Integer":0,"String":"a","Interface":null}}
2025-08-15T22:13:44.311-0500	DEBUG	protocol/handler.go:1591	have processed broadcast	{"{round 20 3  <nil>}": {"Key":"from","Type":15,"Integer":0,"String":"c","Interface":null}}
2025-08-15T22:13:44.311-0500	DEBUG	protocol/handler.go:1649	have all messages and processed	{"{round 20 3  <nil>}": {"Key":"self","Type":15,"Integer":0,"String":"b","Interface":null}}
2025-08-15T22:13:44.311-0500	DEBUG	protocol/handler.go:596	round already finalized
2025-08-15T22:13:44.311-0500	DEBUG	protocol/handler.go:581	tryAdvanceRound called	{"{current_round 20 3  <nil>}": {"Key":"self","Type":15,"Integer":0,"String":"c","Interface":null}}
2025-08-15T22:13:44.311-0500	DEBUG	protocol/handler.go:1591	have processed broadcast	{"{round 20 3  <nil>}": {"Key":"from","Type":15,"Integer":0,"String":"a","Interface":null}}
2025-08-15T22:13:44.311-0500	DEBUG	protocol/handler.go:1591	have processed broadcast	{"{round 20 3  <nil>}": {"Key":"from","Type":15,"Integer":0,"String":"b","Interface":null}}
2025-08-15T22:13:44.311-0500	DEBUG	protocol/handler.go:1649	have all messages and processed	{"{round 20 3  <nil>}": {"Key":"self","Type":15,"Integer":0,"String":"c","Interface":null}}
2025-08-15T22:13:44.311-0500	DEBUG	protocol/handler.go:596	round already finalized
2025-08-15T22:13:44.318-0500	DEBUG	protocol/handler.go:581	tryAdvanceRound called	{"{current_round 20 3  <nil>}": {"Key":"self","Type":15,"Integer":0,"String":"a","Interface":null}}
2025-08-15T22:13:44.318-0500	DEBUG	protocol/handler.go:1591	have processed broadcast	{"{round 20 3  <nil>}": {"Key":"from","Type":15,"Integer":0,"String":"b","Interface":null}}
2025-08-15T22:13:44.318-0500	DEBUG	protocol/handler.go:1591	have processed broadcast	{"{round 20 3  <nil>}": {"Key":"from","Type":15,"Integer":0,"String":"c","Interface":null}}
2025-08-15T22:13:44.318-0500	DEBUG	protocol/handler.go:1649	have all messages and processed	{"{round 20 3  <nil>}": {"Key":"self","Type":15,"Integer":0,"String":"a","Interface":null}}
2025-08-15T22:13:44.318-0500	DEBUG	protocol/handler.go:596	round already finalized
2025-08-15T22:13:44.321-0500	DEBUG	protocol/handler.go:581	tryAdvanceRound called	{"{current_round 20 3  <nil>}": {"Key":"self","Type":15,"Integer":0,"String":"b","Interface":null}}
2025-08-15T22:13:44.321-0500	DEBUG	protocol/handler.go:1591	have processed broadcast	{"{round 20 3  <nil>}": {"Key":"from","Type":15,"Integer":0,"String":"a","Interface":null}}
2025-08-15T22:13:44.321-0500	DEBUG	protocol/handler.go:1591	have processed broadcast	{"{round 20 3  <nil>}": {"Key":"from","Type":15,"Integer":0,"String":"c","Interface":null}}
2025-08-15T22:13:44.321-0500	DEBUG	protocol/handler.go:581	tryAdvanceRound called	{"{current_round 20 3  <nil>}": {"Key":"self","Type":15,"Integer":0,"String":"c","Interface":null}}
2025-08-15T22:13:44.321-0500	DEBUG	protocol/handler.go:1649	have all messages and processed	{"{round 20 3  <nil>}": {"Key":"self","Type":15,"Integer":0,"String":"b","Interface":null}}
2025-08-15T22:13:44.321-0500	DEBUG	protocol/handler.go:596	round already finalized
2025-08-15T22:13:44.321-0500	DEBUG	protocol/handler.go:1591	have processed broadcast	{"{round 20 3  <nil>}": {"Key":"from","Type":15,"Integer":0,"String":"a","Interface":null}}
2025-08-15T22:13:44.321-0500	DEBUG	protocol/handler.go:1591	have processed broadcast	{"{round 20 3  <nil>}": {"Key":"from","Type":15,"Integer":0,"String":"b","Interface":null}}
2025-08-15T22:13:44.321-0500	DEBUG	protocol/handler.go:1649	have all messages and processed	{"{round 20 3  <nil>}": {"Key":"self","Type":15,"Integer":0,"String":"c","Interface":null}}
2025-08-15T22:13:44.321-0500	DEBUG	protocol/handler.go:596	round already finalized
2025-08-15T22:13:44.327-0500	DEBUG	protocol/handler.go:581	tryAdvanceRound called	{"{current_round 20 3  <nil>}": {"Key":"self","Type":15,"Integer":0,"String":"a","Interface":null}}
2025-08-15T22:13:44.327-0500	DEBUG	protocol/handler.go:1591	have processed broadcast	{"{round 20 3  <nil>}": {"Key":"from","Type":15,"Integer":0,"String":"b","Interface":null}}
2025-08-15T22:13:44.327-0500	DEBUG	protocol/handler.go:1591	have processed broadcast	{"{round 20 3  <nil>}": {"Key":"from","Type":15,"Integer":0,"String":"c","Interface":null}}
2025-08-15T22:13:44.327-0500	DEBUG	protocol/handler.go:1649	have all messages and processed	{"{round 20 3  <nil>}": {"Key":"self","Type":15,"Integer":0,"String":"a","Interface":null}}
2025-08-15T22:13:44.327-0500	DEBUG	protocol/handler.go:596	round already finalized
2025-08-15T22:13:44.330-0500	DEBUG	protocol/handler.go:581	tryAdvanceRound called	{"{current_round 20 3  <nil>}": {"Key":"self","Type":15,"Integer":0,"String":"b","Interface":null}}
2025-08-15T22:13:44.331-0500	DEBUG	protocol/handler.go:1591	have processed broadcast	{"{round 20 3  <nil>}": {"Key":"from","Type":15,"Integer":0,"String":"a","Interface":null}}
2025-08-15T22:13:44.331-0500	DEBUG	protocol/handler.go:1591	have processed broadcast	{"{round 20 3  <nil>}": {"Key":"from","Type":15,"Integer":0,"String":"c","Interface":null}}
2025-08-15T22:13:44.331-0500	DEBUG	protocol/handler.go:1649	have all messages and processed	{"{round 20 3  <nil>}": {"Key":"self","Type":15,"Integer":0,"String":"b","Interface":null}}
2025-08-15T22:13:44.331-0500	DEBUG	protocol/handler.go:596	round already finalized
2025-08-15T22:13:44.331-0500	DEBUG	protocol/handler.go:581	tryAdvanceRound called	{"{current_round 20 3  <nil>}": {"Key":"self","Type":15,"Integer":0,"String":"c","Interface":null}}
2025-08-15T22:13:44.331-0500	DEBUG	protocol/handler.go:1591	have processed broadcast	{"{round 20 3  <nil>}": {"Key":"from","Type":15,"Integer":0,"String":"a","Interface":null}}
2025-08-15T22:13:44.331-0500	DEBUG	protocol/handler.go:1591	have processed broadcast	{"{round 20 3  <nil>}": {"Key":"from","Type":15,"Integer":0,"String":"b","Interface":null}}
2025-08-15T22:13:44.331-0500	DEBUG	protocol/handler.go:1649	have all messages and processed	{"{round 20 3  <nil>}": {"Key":"self","Type":15,"Integer":0,"String":"c","Interface":null}}
2025-08-15T22:13:44.331-0500	DEBUG	protocol/handler.go:596	round already finalized
2025-08-15T22:13:44.337-0500	DEBUG	protocol/handler.go:581	tryAdvanceRound called	{"{current_round 20 3  <nil>}": {"Key":"self","Type":15,"Integer":0,"String":"a","Interface":null}}
2025-08-15T22:13:44.337-0500	DEBUG	protocol/handler.go:1591	have processed broadcast	{"{round 20 3  <nil>}": {"Key":"from","Type":15,"Integer":0,"String":"b","Interface":null}}
2025-08-15T22:13:44.337-0500	DEBUG	protocol/handler.go:1591	have processed broadcast	{"{round 20 3  <nil>}": {"Key":"from","Type":15,"Integer":0,"String":"c","Interface":null}}
2025-08-15T22:13:44.337-0500	DEBUG	protocol/handler.go:1649	have all messages and processed	{"{round 20 3  <nil>}": {"Key":"self","Type":15,"Integer":0,"String":"a","Interface":null}}
2025-08-15T22:13:44.337-0500	DEBUG	protocol/handler.go:596	round already finalized
2025-08-15T22:13:44.341-0500	DEBUG	protocol/handler.go:581	tryAdvanceRound called	{"{current_round 20 3  <nil>}": {"Key":"self","Type":15,"Integer":0,"String":"b","Interface":null}}
2025-08-15T22:13:44.341-0500	DEBUG	protocol/handler.go:581	tryAdvanceRound called	{"{current_round 20 3  <nil>}": {"Key":"self","Type":15,"Integer":0,"String":"c","Interface":null}}
2025-08-15T22:13:44.341-0500	DEBUG	protocol/handler.go:1591	have processed broadcast	{"{round 20 3  <nil>}": {"Key":"from","Type":15,"Integer":0,"String":"a","Interface":null}}
2025-08-15T22:13:44.341-0500	DEBUG	protocol/handler.go:1591	have processed broadcast	{"{round 20 3  <nil>}": {"Key":"from","Type":15,"Integer":0,"String":"a","Interface":null}}
2025-08-15T22:13:44.341-0500	DEBUG	protocol/handler.go:1591	have processed broadcast	{"{round 20 3  <nil>}": {"Key":"from","Type":15,"Integer":0,"String":"c","Interface":null}}
2025-08-15T22:13:44.341-0500	DEBUG	protocol/handler.go:1591	have processed broadcast	{"{round 20 3  <nil>}": {"Key":"from","Type":15,"Integer":0,"String":"b","Interface":null}}
2025-08-15T22:13:44.341-0500	DEBUG	protocol/handler.go:1649	have all messages and processed	{"{round 20 3  <nil>}": {"Key":"self","Type":15,"Integer":0,"String":"b","Interface":null}}
2025-08-15T22:13:44.341-0500	DEBUG	protocol/handler.go:1649	have all messages and processed	{"{round 20 3  <nil>}": {"Key":"self","Type":15,"Integer":0,"String":"c","Interface":null}}
2025-08-15T22:13:44.341-0500	DEBUG	protocol/handler.go:596	round already finalized
2025-08-15T22:13:44.341-0500	DEBUG	protocol/handler.go:596	round already finalized
2025-08-15T22:13:44.347-0500	DEBUG	protocol/handler.go:581	tryAdvanceRound called	{"{current_round 20 3  <nil>}": {"Key":"self","Type":15,"Integer":0,"String":"a","Interface":null}}
2025-08-15T22:13:44.347-0500	DEBUG	protocol/handler.go:1591	have processed broadcast	{"{round 20 3  <nil>}": {"Key":"from","Type":15,"Integer":0,"String":"b","Interface":null}}
2025-08-15T22:13:44.347-0500	DEBUG	protocol/handler.go:1591	have processed broadcast	{"{round 20 3  <nil>}": {"Key":"from","Type":15,"Integer":0,"String":"c","Interface":null}}
2025-08-15T22:13:44.347-0500	DEBUG	protocol/handler.go:1649	have all messages and processed	{"{round 20 3  <nil>}": {"Key":"self","Type":15,"Integer":0,"String":"a","Interface":null}}
2025-08-15T22:13:44.347-0500	DEBUG	protocol/handler.go:596	round already finalized
2025-08-15T22:13:44.351-0500	DEBUG	protocol/handler.go:581	tryAdvanceRound called	{"{current_round 20 3  <nil>}": {"Key":"self","Type":15,"Integer":0,"String":"c","Interface":null}}
2025-08-15T22:13:44.351-0500	DEBUG	protocol/handler.go:581	tryAdvanceRound called	{"{current_round 20 3  <nil>}": {"Key":"self","Type":15,"Integer":0,"String":"b","Interface":null}}
2025-08-15T22:13:44.351-0500	DEBUG	protocol/handler.go:1591	have processed broadcast	{"{round 20 3  <nil>}": {"Key":"from","Type":15,"Integer":0,"String":"a","Interface":null}}
2025-08-15T22:13:44.351-0500	DEBUG	protocol/handler.go:1591	have processed broadcast	{"{round 20 3  <nil>}": {"Key":"from","Type":15,"Integer":0,"String":"a","Interface":null}}
2025-08-15T22:13:44.351-0500	DEBUG	protocol/handler.go:1591	have processed broadcast	{"{round 20 3  <nil>}": {"Key":"from","Type":15,"Integer":0,"String":"b","Interface":null}}
2025-08-15T22:13:44.351-0500	DEBUG	protocol/handler.go:1591	have processed broadcast	{"{round 20 3  <nil>}": {"Key":"from","Type":15,"Integer":0,"String":"c","Interface":null}}
2025-08-15T22:13:44.351-0500	DEBUG	protocol/handler.go:1649	have all messages and processed	{"{round 20 3  <nil>}": {"Key":"self","Type":15,"Integer":0,"String":"c","Interface":null}}
2025-08-15T22:13:44.351-0500	DEBUG	protocol/handler.go:596	round already finalized
2025-08-15T22:13:44.351-0500	DEBUG	protocol/handler.go:1649	have all messages and processed	{"{round 20 3  <nil>}": {"Key":"self","Type":15,"Integer":0,"String":"b","Interface":null}}
2025-08-15T22:13:44.351-0500	DEBUG	protocol/handler.go:596	round already finalized
2025-08-15T22:13:44.357-0500	DEBUG	protocol/handler.go:581	tryAdvanceRound called	{"{current_round 20 3  <nil>}": {"Key":"self","Type":15,"Integer":0,"String":"a","Interface":null}}
2025-08-15T22:13:44.357-0500	DEBUG	protocol/handler.go:1591	have processed broadcast	{"{round 20 3  <nil>}": {"Key":"from","Type":15,"Integer":0,"String":"b","Interface":null}}
2025-08-15T22:13:44.357-0500	DEBUG	protocol/handler.go:1591	have processed broadcast	{"{round 20 3  <nil>}": {"Key":"from","Type":15,"Integer":0,"String":"c","Interface":null}}
2025-08-15T22:13:44.357-0500	DEBUG	protocol/handler.go:1649	have all messages and processed	{"{round 20 3  <nil>}": {"Key":"self","Type":15,"Integer":0,"String":"a","Interface":null}}
2025-08-15T22:13:44.357-0500	DEBUG	protocol/handler.go:596	round already finalized
2025-08-15T22:13:44.361-0500	DEBUG	protocol/handler.go:581	tryAdvanceRound called	{"{current_round 20 3  <nil>}": {"Key":"self","Type":15,"Integer":0,"String":"b","Interface":null}}
2025-08-15T22:13:44.361-0500	DEBUG	protocol/handler.go:581	tryAdvanceRound called	{"{current_round 20 3  <nil>}": {"Key":"self","Type":15,"Integer":0,"String":"c","Interface":null}}
2025-08-15T22:13:44.361-0500	DEBUG	protocol/handler.go:1591	have processed broadcast	{"{round 20 3  <nil>}": {"Key":"from","Type":15,"Integer":0,"String":"a","Interface":null}}
2025-08-15T22:13:44.361-0500	DEBUG	protocol/handler.go:1591	have processed broadcast	{"{round 20 3  <nil>}": {"Key":"from","Type":15,"Integer":0,"String":"a","Interface":null}}
2025-08-15T22:13:44.361-0500	DEBUG	protocol/handler.go:1591	have processed broadcast	{"{round 20 3  <nil>}": {"Key":"from","Type":15,"Integer":0,"String":"c","Interface":null}}
2025-08-15T22:13:44.361-0500	DEBUG	protocol/handler.go:1591	have processed broadcast	{"{round 20 3  <nil>}": {"Key":"from","Type":15,"Integer":0,"String":"b","Interface":null}}
2025-08-15T22:13:44.361-0500	DEBUG	protocol/handler.go:1649	have all messages and processed	{"{round 20 3  <nil>}": {"Key":"self","Type":15,"Integer":0,"String":"b","Interface":null}}
2025-08-15T22:13:44.361-0500	DEBUG	protocol/handler.go:596	round already finalized
2025-08-15T22:13:44.361-0500	DEBUG	protocol/handler.go:1649	have all messages and processed	{"{round 20 3  <nil>}": {"Key":"self","Type":15,"Integer":0,"String":"c","Interface":null}}
2025-08-15T22:13:44.361-0500	DEBUG	protocol/handler.go:596	round already finalized
2025-08-15T22:13:44.367-0500	DEBUG	protocol/handler.go:581	tryAdvanceRound called	{"{current_round 20 3  <nil>}": {"Key":"self","Type":15,"Integer":0,"String":"a","Interface":null}}
2025-08-15T22:13:44.367-0500	DEBUG	protocol/handler.go:1591	have processed broadcast	{"{round 20 3  <nil>}": {"Key":"from","Type":15,"Integer":0,"String":"b","Interface":null}}
2025-08-15T22:13:44.367-0500	DEBUG	protocol/handler.go:1591	have processed broadcast	{"{round 20 3  <nil>}": {"Key":"from","Type":15,"Integer":0,"String":"c","Interface":null}}
2025-08-15T22:13:44.367-0500	DEBUG	protocol/handler.go:1649	have all messages and processed	{"{round 20 3  <nil>}": {"Key":"self","Type":15,"Integer":0,"String":"a","Interface":null}}
2025-08-15T22:13:44.367-0500	DEBUG	protocol/handler.go:596	round already finalized
2025-08-15T22:13:44.371-0500	DEBUG	protocol/handler.go:581	tryAdvanceRound called	{"{current_round 20 3  <nil>}": {"Key":"self","Type":15,"Integer":0,"String":"b","Interface":null}}
2025-08-15T22:13:44.371-0500	DEBUG	protocol/handler.go:581	tryAdvanceRound called	{"{current_round 20 3  <nil>}": {"Key":"self","Type":15,"Integer":0,"String":"c","Interface":null}}
2025-08-15T22:13:44.371-0500	DEBUG	protocol/handler.go:1591	have processed broadcast	{"{round 20 3  <nil>}": {"Key":"from","Type":15,"Integer":0,"String":"a","Interface":null}}
2025-08-15T22:13:44.371-0500	DEBUG	protocol/handler.go:1591	have processed broadcast	{"{round 20 3  <nil>}": {"Key":"from","Type":15,"Integer":0,"String":"a","Interface":null}}
2025-08-15T22:13:44.371-0500	DEBUG	protocol/handler.go:1591	have processed broadcast	{"{round 20 3  <nil>}": {"Key":"from","Type":15,"Integer":0,"String":"c","Interface":null}}
2025-08-15T22:13:44.371-0500	DEBUG	protocol/handler.go:1591	have processed broadcast	{"{round 20 3  <nil>}": {"Key":"from","Type":15,"Integer":0,"String":"b","Interface":null}}
2025-08-15T22:13:44.371-0500	DEBUG	protocol/handler.go:1649	have all messages and processed	{"{round 20 3  <nil>}": {"Key":"self","Type":15,"Integer":0,"String":"b","Interface":null}}
2025-08-15T22:13:44.371-0500	DEBUG	protocol/handler.go:1649	have all messages and processed	{"{round 20 3  <nil>}": {"Key":"self","Type":15,"Integer":0,"String":"c","Interface":null}}
2025-08-15T22:13:44.371-0500	DEBUG	protocol/handler.go:596	round already finalized
2025-08-15T22:13:44.371-0500	DEBUG	protocol/handler.go:596	round already finalized
2025-08-15T22:13:44.377-0500	DEBUG	protocol/handler.go:581	tryAdvanceRound called	{"{current_round 20 3  <nil>}": {"Key":"self","Type":15,"Integer":0,"String":"a","Interface":null}}
2025-08-15T22:13:44.377-0500	DEBUG	protocol/handler.go:1591	have processed broadcast	{"{round 20 3  <nil>}": {"Key":"from","Type":15,"Integer":0,"String":"b","Interface":null}}
2025-08-15T22:13:44.377-0500	DEBUG	protocol/handler.go:1591	have processed broadcast	{"{round 20 3  <nil>}": {"Key":"from","Type":15,"Integer":0,"String":"c","Interface":null}}
2025-08-15T22:13:44.377-0500	DEBUG	protocol/handler.go:1649	have all messages and processed	{"{round 20 3  <nil>}": {"Key":"self","Type":15,"Integer":0,"String":"a","Interface":null}}
2025-08-15T22:13:44.377-0500	DEBUG	protocol/handler.go:596	round already finalized
2025-08-15T22:13:44.381-0500	DEBUG	protocol/handler.go:581	tryAdvanceRound called	{"{current_round 20 3  <nil>}": {"Key":"self","Type":15,"Integer":0,"String":"b","Interface":null}}
2025-08-15T22:13:44.381-0500	DEBUG	protocol/handler.go:1591	have processed broadcast	{"{round 20 3  <nil>}": {"Key":"from","Type":15,"Integer":0,"String":"a","Interface":null}}
2025-08-15T22:13:44.381-0500	DEBUG	protocol/handler.go:1591	have processed broadcast	{"{round 20 3  <nil>}": {"Key":"from","Type":15,"Integer":0,"String":"c","Interface":null}}
2025-08-15T22:13:44.381-0500	DEBUG	protocol/handler.go:1649	have all messages and processed	{"{round 20 3  <nil>}": {"Key":"self","Type":15,"Integer":0,"String":"b","Interface":null}}
2025-08-15T22:13:44.381-0500	DEBUG	protocol/handler.go:596	round already finalized
2025-08-15T22:13:44.381-0500	DEBUG	protocol/handler.go:581	tryAdvanceRound called	{"{current_round 20 3  <nil>}": {"Key":"self","Type":15,"Integer":0,"String":"c","Interface":null}}
2025-08-15T22:13:44.381-0500	DEBUG	protocol/handler.go:1591	have processed broadcast	{"{round 20 3  <nil>}": {"Key":"from","Type":15,"Integer":0,"String":"a","Interface":null}}
2025-08-15T22:13:44.381-0500	DEBUG	protocol/handler.go:1591	have processed broadcast	{"{round 20 3  <nil>}": {"Key":"from","Type":15,"Integer":0,"String":"b","Interface":null}}
2025-08-15T22:13:44.381-0500	DEBUG	protocol/handler.go:1649	have all messages and processed	{"{round 20 3  <nil>}": {"Key":"self","Type":15,"Integer":0,"String":"c","Interface":null}}
2025-08-15T22:13:44.381-0500	DEBUG	protocol/handler.go:596	round already finalized
2025-08-15T22:13:44.387-0500	DEBUG	protocol/handler.go:581	tryAdvanceRound called	{"{current_round 20 3  <nil>}": {"Key":"self","Type":15,"Integer":0,"String":"a","Interface":null}}
2025-08-15T22:13:44.387-0500	DEBUG	protocol/handler.go:1591	have processed broadcast	{"{round 20 3  <nil>}": {"Key":"from","Type":15,"Integer":0,"String":"b","Interface":null}}
2025-08-15T22:13:44.387-0500	DEBUG	protocol/handler.go:1591	have processed broadcast	{"{round 20 3  <nil>}": {"Key":"from","Type":15,"Integer":0,"String":"c","Interface":null}}
2025-08-15T22:13:44.387-0500	DEBUG	protocol/handler.go:1649	have all messages and processed	{"{round 20 3  <nil>}": {"Key":"self","Type":15,"Integer":0,"String":"a","Interface":null}}
2025-08-15T22:13:44.387-0500	DEBUG	protocol/handler.go:596	round already finalized
2025-08-15T22:13:44.391-0500	DEBUG	protocol/handler.go:581	tryAdvanceRound called	{"{current_round 20 3  <nil>}": {"Key":"self","Type":15,"Integer":0,"String":"b","Interface":null}}
2025-08-15T22:13:44.391-0500	DEBUG	protocol/handler.go:581	tryAdvanceRound called	{"{current_round 20 3  <nil>}": {"Key":"self","Type":15,"Integer":0,"String":"c","Interface":null}}
2025-08-15T22:13:44.391-0500	DEBUG	protocol/handler.go:1591	have processed broadcast	{"{round 20 3  <nil>}": {"Key":"from","Type":15,"Integer":0,"String":"a","Interface":null}}
2025-08-15T22:13:44.391-0500	DEBUG	protocol/handler.go:1591	have processed broadcast	{"{round 20 3  <nil>}": {"Key":"from","Type":15,"Integer":0,"String":"a","Interface":null}}
2025-08-15T22:13:44.391-0500	DEBUG	protocol/handler.go:1591	have processed broadcast	{"{round 20 3  <nil>}": {"Key":"from","Type":15,"Integer":0,"String":"c","Interface":null}}
2025-08-15T22:13:44.391-0500	DEBUG	protocol/handler.go:1649	have all messages and processed	{"{round 20 3  <nil>}": {"Key":"self","Type":15,"Integer":0,"String":"b","Interface":null}}
2025-08-15T22:13:44.391-0500	DEBUG	protocol/handler.go:1591	have processed broadcast	{"{round 20 3  <nil>}": {"Key":"from","Type":15,"Integer":0,"String":"b","Interface":null}}
2025-08-15T22:13:44.391-0500	DEBUG	protocol/handler.go:596	round already finalized
2025-08-15T22:13:44.391-0500	DEBUG	protocol/handler.go:1649	have all messages and processed	{"{round 20 3  <nil>}": {"Key":"self","Type":15,"Integer":0,"String":"c","Interface":null}}
2025-08-15T22:13:44.391-0500	DEBUG	protocol/handler.go:596	round already finalized
2025-08-15T22:13:44.397-0500	DEBUG	protocol/handler.go:581	tryAdvanceRound called	{"{current_round 20 3  <nil>}": {"Key":"self","Type":15,"Integer":0,"String":"a","Interface":null}}
2025-08-15T22:13:44.397-0500	DEBUG	protocol/handler.go:1591	have processed broadcast	{"{round 20 3  <nil>}": {"Key":"from","Type":15,"Integer":0,"String":"b","Interface":null}}
2025-08-15T22:13:44.397-0500	DEBUG	protocol/handler.go:1591	have processed broadcast	{"{round 20 3  <nil>}": {"Key":"from","Type":15,"Integer":0,"String":"c","Interface":null}}
2025-08-15T22:13:44.397-0500	DEBUG	protocol/handler.go:1649	have all messages and processed	{"{round 20 3  <nil>}": {"Key":"self","Type":15,"Integer":0,"String":"a","Interface":null}}
2025-08-15T22:13:44.397-0500	DEBUG	protocol/handler.go:596	round already finalized
2025-08-15T22:13:44.401-0500	DEBUG	protocol/handler.go:581	tryAdvanceRound called	{"{current_round 20 3  <nil>}": {"Key":"self","Type":15,"Integer":0,"String":"b","Interface":null}}
2025-08-15T22:13:44.401-0500	DEBUG	protocol/handler.go:1591	have processed broadcast	{"{round 20 3  <nil>}": {"Key":"from","Type":15,"Integer":0,"String":"a","Interface":null}}
2025-08-15T22:13:44.401-0500	DEBUG	protocol/handler.go:1591	have processed broadcast	{"{round 20 3  <nil>}": {"Key":"from","Type":15,"Integer":0,"String":"c","Interface":null}}
2025-08-15T22:13:44.401-0500	DEBUG	protocol/handler.go:1649	have all messages and processed	{"{round 20 3  <nil>}": {"Key":"self","Type":15,"Integer":0,"String":"b","Interface":null}}
2025-08-15T22:13:44.401-0500	DEBUG	protocol/handler.go:581	tryAdvanceRound called	{"{current_round 20 3  <nil>}": {"Key":"self","Type":15,"Integer":0,"String":"c","Interface":null}}
2025-08-15T22:13:44.401-0500	DEBUG	protocol/handler.go:596	round already finalized
2025-08-15T22:13:44.401-0500	DEBUG	protocol/handler.go:1591	have processed broadcast	{"{round 20 3  <nil>}": {"Key":"from","Type":15,"Integer":0,"String":"a","Interface":null}}
2025-08-15T22:13:44.401-0500	DEBUG	protocol/handler.go:1591	have processed broadcast	{"{round 20 3  <nil>}": {"Key":"from","Type":15,"Integer":0,"String":"b","Interface":null}}
2025-08-15T22:13:44.401-0500	DEBUG	protocol/handler.go:1649	have all messages and processed	{"{round 20 3  <nil>}": {"Key":"self","Type":15,"Integer":0,"String":"c","Interface":null}}
2025-08-15T22:13:44.401-0500	DEBUG	protocol/handler.go:596	round already finalized
2025-08-15T22:13:44.407-0500	DEBUG	protocol/handler.go:581	tryAdvanceRound called	{"{current_round 20 3  <nil>}": {"Key":"self","Type":15,"Integer":0,"String":"a","Interface":null}}
2025-08-15T22:13:44.407-0500	DEBUG	protocol/handler.go:1591	have processed broadcast	{"{round 20 3  <nil>}": {"Key":"from","Type":15,"Integer":0,"String":"b","Interface":null}}
2025-08-15T22:13:44.407-0500	DEBUG	protocol/handler.go:1591	have processed broadcast	{"{round 20 3  <nil>}": {"Key":"from","Type":15,"Integer":0,"String":"c","Interface":null}}
2025-08-15T22:13:44.407-0500	DEBUG	protocol/handler.go:1649	have all messages and processed	{"{round 20 3  <nil>}": {"Key":"self","Type":15,"Integer":0,"String":"a","Interface":null}}
2025-08-15T22:13:44.407-0500	DEBUG	protocol/handler.go:596	round already finalized
2025-08-15T22:13:44.411-0500	DEBUG	protocol/handler.go:581	tryAdvanceRound called	{"{current_round 20 3  <nil>}": {"Key":"self","Type":15,"Integer":0,"String":"b","Interface":null}}
2025-08-15T22:13:44.411-0500	DEBUG	protocol/handler.go:581	tryAdvanceRound called	{"{current_round 20 3  <nil>}": {"Key":"self","Type":15,"Integer":0,"String":"c","Interface":null}}
2025-08-15T22:13:44.411-0500	DEBUG	protocol/handler.go:1591	have processed broadcast	{"{round 20 3  <nil>}": {"Key":"from","Type":15,"Integer":0,"String":"a","Interface":null}}
2025-08-15T22:13:44.411-0500	DEBUG	protocol/handler.go:1591	have processed broadcast	{"{round 20 3  <nil>}": {"Key":"from","Type":15,"Integer":0,"String":"c","Interface":null}}
2025-08-15T22:13:44.411-0500	DEBUG	protocol/handler.go:1591	have processed broadcast	{"{round 20 3  <nil>}": {"Key":"from","Type":15,"Integer":0,"String":"a","Interface":null}}
2025-08-15T22:13:44.411-0500	DEBUG	protocol/handler.go:1649	have all messages and processed	{"{round 20 3  <nil>}": {"Key":"self","Type":15,"Integer":0,"String":"b","Interface":null}}
2025-08-15T22:13:44.411-0500	DEBUG	protocol/handler.go:1591	have processed broadcast	{"{round 20 3  <nil>}": {"Key":"from","Type":15,"Integer":0,"String":"b","Interface":null}}
2025-08-15T22:13:44.411-0500	DEBUG	protocol/handler.go:596	round already finalized
2025-08-15T22:13:44.411-0500	DEBUG	protocol/handler.go:1649	have all messages and processed	{"{round 20 3  <nil>}": {"Key":"self","Type":15,"Integer":0,"String":"c","Interface":null}}
2025-08-15T22:13:44.411-0500	DEBUG	protocol/handler.go:596	round already finalized
2025-08-15T22:13:44.417-0500	DEBUG	protocol/handler.go:581	tryAdvanceRound called	{"{current_round 20 3  <nil>}": {"Key":"self","Type":15,"Integer":0,"String":"a","Interface":null}}
2025-08-15T22:13:44.417-0500	DEBUG	protocol/handler.go:1591	have processed broadcast	{"{round 20 3  <nil>}": {"Key":"from","Type":15,"Integer":0,"String":"b","Interface":null}}
2025-08-15T22:13:44.417-0500	DEBUG	protocol/handler.go:1591	have processed broadcast	{"{round 20 3  <nil>}": {"Key":"from","Type":15,"Integer":0,"String":"c","Interface":null}}
2025-08-15T22:13:44.417-0500	DEBUG	protocol/handler.go:1649	have all messages and processed	{"{round 20 3  <nil>}": {"Key":"self","Type":15,"Integer":0,"String":"a","Interface":null}}
2025-08-15T22:13:44.417-0500	DEBUG	protocol/handler.go:596	round already finalized
2025-08-15T22:13:44.421-0500	DEBUG	protocol/handler.go:581	tryAdvanceRound called	{"{current_round 20 3  <nil>}": {"Key":"self","Type":15,"Integer":0,"String":"b","Interface":null}}
2025-08-15T22:13:44.421-0500	DEBUG	protocol/handler.go:581	tryAdvanceRound called	{"{current_round 20 3  <nil>}": {"Key":"self","Type":15,"Integer":0,"String":"c","Interface":null}}
2025-08-15T22:13:44.421-0500	DEBUG	protocol/handler.go:1591	have processed broadcast	{"{round 20 3  <nil>}": {"Key":"from","Type":15,"Integer":0,"String":"a","Interface":null}}
2025-08-15T22:13:44.421-0500	DEBUG	protocol/handler.go:1591	have processed broadcast	{"{round 20 3  <nil>}": {"Key":"from","Type":15,"Integer":0,"String":"a","Interface":null}}
2025-08-15T22:13:44.421-0500	DEBUG	protocol/handler.go:1591	have processed broadcast	{"{round 20 3  <nil>}": {"Key":"from","Type":15,"Integer":0,"String":"c","Interface":null}}
2025-08-15T22:13:44.421-0500	DEBUG	protocol/handler.go:1591	have processed broadcast	{"{round 20 3  <nil>}": {"Key":"from","Type":15,"Integer":0,"String":"b","Interface":null}}
2025-08-15T22:13:44.421-0500	DEBUG	protocol/handler.go:1649	have all messages and processed	{"{round 20 3  <nil>}": {"Key":"self","Type":15,"Integer":0,"String":"b","Interface":null}}
2025-08-15T22:13:44.421-0500	DEBUG	protocol/handler.go:1649	have all messages and processed	{"{round 20 3  <nil>}": {"Key":"self","Type":15,"Integer":0,"String":"c","Interface":null}}
2025-08-15T22:13:44.421-0500	DEBUG	protocol/handler.go:596	round already finalized
2025-08-15T22:13:44.421-0500	DEBUG	protocol/handler.go:596	round already finalized
2025-08-15T22:13:44.427-0500	DEBUG	protocol/handler.go:581	tryAdvanceRound called	{"{current_round 20 3  <nil>}": {"Key":"self","Type":15,"Integer":0,"String":"a","Interface":null}}
2025-08-15T22:13:44.427-0500	DEBUG	protocol/handler.go:1591	have processed broadcast	{"{round 20 3  <nil>}": {"Key":"from","Type":15,"Integer":0,"String":"b","Interface":null}}
2025-08-15T22:13:44.427-0500	DEBUG	protocol/handler.go:1591	have processed broadcast	{"{round 20 3  <nil>}": {"Key":"from","Type":15,"Integer":0,"String":"c","Interface":null}}
2025-08-15T22:13:44.427-0500	DEBUG	protocol/handler.go:1649	have all messages and processed	{"{round 20 3  <nil>}": {"Key":"self","Type":15,"Integer":0,"String":"a","Interface":null}}
2025-08-15T22:13:44.427-0500	DEBUG	protocol/handler.go:596	round already finalized
2025-08-15T22:13:44.431-0500	DEBUG	protocol/handler.go:581	tryAdvanceRound called	{"{current_round 20 3  <nil>}": {"Key":"self","Type":15,"Integer":0,"String":"b","Interface":null}}
2025-08-15T22:13:44.431-0500	DEBUG	protocol/handler.go:581	tryAdvanceRound called	{"{current_round 20 3  <nil>}": {"Key":"self","Type":15,"Integer":0,"String":"c","Interface":null}}
2025-08-15T22:13:44.431-0500	DEBUG	protocol/handler.go:1591	have processed broadcast	{"{round 20 3  <nil>}": {"Key":"from","Type":15,"Integer":0,"String":"a","Interface":null}}
2025-08-15T22:13:44.431-0500	DEBUG	protocol/handler.go:1591	have processed broadcast	{"{round 20 3  <nil>}": {"Key":"from","Type":15,"Integer":0,"String":"a","Interface":null}}
2025-08-15T22:13:44.431-0500	DEBUG	protocol/handler.go:1591	have processed broadcast	{"{round 20 3  <nil>}": {"Key":"from","Type":15,"Integer":0,"String":"c","Interface":null}}
2025-08-15T22:13:44.431-0500	DEBUG	protocol/handler.go:1591	have processed broadcast	{"{round 20 3  <nil>}": {"Key":"from","Type":15,"Integer":0,"String":"b","Interface":null}}
2025-08-15T22:13:44.431-0500	DEBUG	protocol/handler.go:1649	have all messages and processed	{"{round 20 3  <nil>}": {"Key":"self","Type":15,"Integer":0,"String":"c","Interface":null}}
2025-08-15T22:13:44.431-0500	DEBUG	protocol/handler.go:1649	have all messages and processed	{"{round 20 3  <nil>}": {"Key":"self","Type":15,"Integer":0,"String":"b","Interface":null}}
2025-08-15T22:13:44.431-0500	DEBUG	protocol/handler.go:596	round already finalized
2025-08-15T22:13:44.431-0500	DEBUG	protocol/handler.go:596	round already finalized
2025-08-15T22:13:44.437-0500	DEBUG	protocol/handler.go:581	tryAdvanceRound called	{"{current_round 20 3  <nil>}": {"Key":"self","Type":15,"Integer":0,"String":"a","Interface":null}}
2025-08-15T22:13:44.437-0500	DEBUG	protocol/handler.go:1591	have processed broadcast	{"{round 20 3  <nil>}": {"Key":"from","Type":15,"Integer":0,"String":"b","Interface":null}}
2025-08-15T22:13:44.437-0500	DEBUG	protocol/handler.go:1591	have processed broadcast	{"{round 20 3  <nil>}": {"Key":"from","Type":15,"Integer":0,"String":"c","Interface":null}}
2025-08-15T22:13:44.437-0500	DEBUG	protocol/handler.go:1649	have all messages and processed	{"{round 20 3  <nil>}": {"Key":"self","Type":15,"Integer":0,"String":"a","Interface":null}}
2025-08-15T22:13:44.437-0500	DEBUG	protocol/handler.go:596	round already finalized
2025-08-15T22:13:44.441-0500	DEBUG	protocol/handler.go:581	tryAdvanceRound called	{"{current_round 20 3  <nil>}": {"Key":"self","Type":15,"Integer":0,"String":"b","Interface":null}}
2025-08-15T22:13:44.441-0500	DEBUG	protocol/handler.go:581	tryAdvanceRound called	{"{current_round 20 3  <nil>}": {"Key":"self","Type":15,"Integer":0,"String":"c","Interface":null}}
2025-08-15T22:13:44.441-0500	DEBUG	protocol/handler.go:1591	have processed broadcast	{"{round 20 3  <nil>}": {"Key":"from","Type":15,"Integer":0,"String":"a","Interface":null}}
2025-08-15T22:13:44.441-0500	DEBUG	protocol/handler.go:1591	have processed broadcast	{"{round 20 3  <nil>}": {"Key":"from","Type":15,"Integer":0,"String":"c","Interface":null}}
2025-08-15T22:13:44.441-0500	DEBUG	protocol/handler.go:1591	have processed broadcast	{"{round 20 3  <nil>}": {"Key":"from","Type":15,"Integer":0,"String":"a","Interface":null}}
2025-08-15T22:13:44.441-0500	DEBUG	protocol/handler.go:1649	have all messages and processed	{"{round 20 3  <nil>}": {"Key":"self","Type":15,"Integer":0,"String":"b","Interface":null}}
2025-08-15T22:13:44.441-0500	DEBUG	protocol/handler.go:1591	have processed broadcast	{"{round 20 3  <nil>}": {"Key":"from","Type":15,"Integer":0,"String":"b","Interface":null}}
2025-08-15T22:13:44.441-0500	DEBUG	protocol/handler.go:596	round already finalized
2025-08-15T22:13:44.441-0500	DEBUG	protocol/handler.go:1649	have all messages and processed	{"{round 20 3  <nil>}": {"Key":"self","Type":15,"Integer":0,"String":"c","Interface":null}}
2025-08-15T22:13:44.441-0500	DEBUG	protocol/handler.go:596	round already finalized
2025-08-15T22:13:44.447-0500	DEBUG	protocol/handler.go:581	tryAdvanceRound called	{"{current_round 20 3  <nil>}": {"Key":"self","Type":15,"Integer":0,"String":"a","Interface":null}}
2025-08-15T22:13:44.447-0500	DEBUG	protocol/handler.go:1591	have processed broadcast	{"{round 20 3  <nil>}": {"Key":"from","Type":15,"Integer":0,"String":"b","Interface":null}}
2025-08-15T22:13:44.447-0500	DEBUG	protocol/handler.go:1591	have processed broadcast	{"{round 20 3  <nil>}": {"Key":"from","Type":15,"Integer":0,"String":"c","Interface":null}}
2025-08-15T22:13:44.447-0500	DEBUG	protocol/handler.go:1649	have all messages and processed	{"{round 20 3  <nil>}": {"Key":"self","Type":15,"Integer":0,"String":"a","Interface":null}}
2025-08-15T22:13:44.447-0500	DEBUG	protocol/handler.go:596	round already finalized
2025-08-15T22:13:44.451-0500	DEBUG	protocol/handler.go:581	tryAdvanceRound called	{"{current_round 20 3  <nil>}": {"Key":"self","Type":15,"Integer":0,"String":"b","Interface":null}}
2025-08-15T22:13:44.451-0500	DEBUG	protocol/handler.go:1591	have processed broadcast	{"{round 20 3  <nil>}": {"Key":"from","Type":15,"Integer":0,"String":"a","Interface":null}}
2025-08-15T22:13:44.451-0500	DEBUG	protocol/handler.go:1591	have processed broadcast	{"{round 20 3  <nil>}": {"Key":"from","Type":15,"Integer":0,"String":"c","Interface":null}}
2025-08-15T22:13:44.451-0500	DEBUG	protocol/handler.go:1649	have all messages and processed	{"{round 20 3  <nil>}": {"Key":"self","Type":15,"Integer":0,"String":"b","Interface":null}}
2025-08-15T22:13:44.451-0500	DEBUG	protocol/handler.go:596	round already finalized
2025-08-15T22:13:44.451-0500	DEBUG	protocol/handler.go:581	tryAdvanceRound called	{"{current_round 20 3  <nil>}": {"Key":"self","Type":15,"Integer":0,"String":"c","Interface":null}}
2025-08-15T22:13:44.451-0500	DEBUG	protocol/handler.go:1591	have processed broadcast	{"{round 20 3  <nil>}": {"Key":"from","Type":15,"Integer":0,"String":"a","Interface":null}}
2025-08-15T22:13:44.451-0500	DEBUG	protocol/handler.go:1591	have processed broadcast	{"{round 20 3  <nil>}": {"Key":"from","Type":15,"Integer":0,"String":"b","Interface":null}}
2025-08-15T22:13:44.451-0500	DEBUG	protocol/handler.go:1649	have all messages and processed	{"{round 20 3  <nil>}": {"Key":"self","Type":15,"Integer":0,"String":"c","Interface":null}}
2025-08-15T22:13:44.451-0500	DEBUG	protocol/handler.go:596	round already finalized
2025-08-15T22:13:44.457-0500	DEBUG	protocol/handler.go:581	tryAdvanceRound called	{"{current_round 20 3  <nil>}": {"Key":"self","Type":15,"Integer":0,"String":"a","Interface":null}}
2025-08-15T22:13:44.457-0500	DEBUG	protocol/handler.go:1591	have processed broadcast	{"{round 20 3  <nil>}": {"Key":"from","Type":15,"Integer":0,"String":"b","Interface":null}}
2025-08-15T22:13:44.457-0500	DEBUG	protocol/handler.go:1591	have processed broadcast	{"{round 20 3  <nil>}": {"Key":"from","Type":15,"Integer":0,"String":"c","Interface":null}}
2025-08-15T22:13:44.457-0500	DEBUG	protocol/handler.go:1649	have all messages and processed	{"{round 20 3  <nil>}": {"Key":"self","Type":15,"Integer":0,"String":"a","Interface":null}}
2025-08-15T22:13:44.457-0500	DEBUG	protocol/handler.go:596	round already finalized
2025-08-15T22:13:44.461-0500	DEBUG	protocol/handler.go:581	tryAdvanceRound called	{"{current_round 20 3  <nil>}": {"Key":"self","Type":15,"Integer":0,"String":"b","Interface":null}}
2025-08-15T22:13:44.461-0500	DEBUG	protocol/handler.go:581	tryAdvanceRound called	{"{current_round 20 3  <nil>}": {"Key":"self","Type":15,"Integer":0,"String":"c","Interface":null}}
2025-08-15T22:13:44.461-0500	DEBUG	protocol/handler.go:1591	have processed broadcast	{"{round 20 3  <nil>}": {"Key":"from","Type":15,"Integer":0,"String":"a","Interface":null}}
2025-08-15T22:13:44.461-0500	DEBUG	protocol/handler.go:1591	have processed broadcast	{"{round 20 3  <nil>}": {"Key":"from","Type":15,"Integer":0,"String":"a","Interface":null}}
2025-08-15T22:13:44.461-0500	DEBUG	protocol/handler.go:1591	have processed broadcast	{"{round 20 3  <nil>}": {"Key":"from","Type":15,"Integer":0,"String":"c","Interface":null}}
2025-08-15T22:13:44.461-0500	DEBUG	protocol/handler.go:1591	have processed broadcast	{"{round 20 3  <nil>}": {"Key":"from","Type":15,"Integer":0,"String":"b","Interface":null}}
2025-08-15T22:13:44.461-0500	DEBUG	protocol/handler.go:1649	have all messages and processed	{"{round 20 3  <nil>}": {"Key":"self","Type":15,"Integer":0,"String":"b","Interface":null}}
2025-08-15T22:13:44.461-0500	DEBUG	protocol/handler.go:596	round already finalized
2025-08-15T22:13:44.461-0500	DEBUG	protocol/handler.go:1649	have all messages and processed	{"{round 20 3  <nil>}": {"Key":"self","Type":15,"Integer":0,"String":"c","Interface":null}}
2025-08-15T22:13:44.461-0500	DEBUG	protocol/handler.go:596	round already finalized
2025-08-15T22:13:44.467-0500	DEBUG	protocol/handler.go:581	tryAdvanceRound called	{"{current_round 20 3  <nil>}": {"Key":"self","Type":15,"Integer":0,"String":"a","Interface":null}}
2025-08-15T22:13:44.467-0500	DEBUG	protocol/handler.go:1591	have processed broadcast	{"{round 20 3  <nil>}": {"Key":"from","Type":15,"Integer":0,"String":"b","Interface":null}}
2025-08-15T22:13:44.467-0500	DEBUG	protocol/handler.go:1591	have processed broadcast	{"{round 20 3  <nil>}": {"Key":"from","Type":15,"Integer":0,"String":"c","Interface":null}}
2025-08-15T22:13:44.467-0500	DEBUG	protocol/handler.go:1649	have all messages and processed	{"{round 20 3  <nil>}": {"Key":"self","Type":15,"Integer":0,"String":"a","Interface":null}}
2025-08-15T22:13:44.467-0500	DEBUG	protocol/handler.go:596	round already finalized
2025-08-15T22:13:44.471-0500	DEBUG	protocol/handler.go:581	tryAdvanceRound called	{"{current_round 20 3  <nil>}": {"Key":"self","Type":15,"Integer":0,"String":"c","Interface":null}}
2025-08-15T22:13:44.471-0500	DEBUG	protocol/handler.go:581	tryAdvanceRound called	{"{current_round 20 3  <nil>}": {"Key":"self","Type":15,"Integer":0,"String":"b","Interface":null}}
2025-08-15T22:13:44.471-0500	DEBUG	protocol/handler.go:1591	have processed broadcast	{"{round 20 3  <nil>}": {"Key":"from","Type":15,"Integer":0,"String":"a","Interface":null}}
2025-08-15T22:13:44.471-0500	DEBUG	protocol/handler.go:1591	have processed broadcast	{"{round 20 3  <nil>}": {"Key":"from","Type":15,"Integer":0,"String":"c","Interface":null}}
2025-08-15T22:13:44.471-0500	DEBUG	protocol/handler.go:1591	have processed broadcast	{"{round 20 3  <nil>}": {"Key":"from","Type":15,"Integer":0,"String":"a","Interface":null}}
2025-08-15T22:13:44.471-0500	DEBUG	protocol/handler.go:1649	have all messages and processed	{"{round 20 3  <nil>}": {"Key":"self","Type":15,"Integer":0,"String":"b","Interface":null}}
2025-08-15T22:13:44.471-0500	DEBUG	protocol/handler.go:1591	have processed broadcast	{"{round 20 3  <nil>}": {"Key":"from","Type":15,"Integer":0,"String":"b","Interface":null}}
2025-08-15T22:13:44.471-0500	DEBUG	protocol/handler.go:596	round already finalized
2025-08-15T22:13:44.471-0500	DEBUG	protocol/handler.go:1649	have all messages and processed	{"{round 20 3  <nil>}": {"Key":"self","Type":15,"Integer":0,"String":"c","Interface":null}}
2025-08-15T22:13:44.471-0500	DEBUG	protocol/handler.go:596	round already finalized
2025-08-15T22:13:44.477-0500	DEBUG	protocol/handler.go:581	tryAdvanceRound called	{"{current_round 20 3  <nil>}": {"Key":"self","Type":15,"Integer":0,"String":"a","Interface":null}}
2025-08-15T22:13:44.477-0500	DEBUG	protocol/handler.go:1591	have processed broadcast	{"{round 20 3  <nil>}": {"Key":"from","Type":15,"Integer":0,"String":"b","Interface":null}}
2025-08-15T22:13:44.477-0500	DEBUG	protocol/handler.go:1591	have processed broadcast	{"{round 20 3  <nil>}": {"Key":"from","Type":15,"Integer":0,"String":"c","Interface":null}}
2025-08-15T22:13:44.477-0500	DEBUG	protocol/handler.go:1649	have all messages and processed	{"{round 20 3  <nil>}": {"Key":"self","Type":15,"Integer":0,"String":"a","Interface":null}}
2025-08-15T22:13:44.477-0500	DEBUG	protocol/handler.go:596	round already finalized
2025-08-15T22:13:44.481-0500	DEBUG	protocol/handler.go:581	tryAdvanceRound called	{"{current_round 20 3  <nil>}": {"Key":"self","Type":15,"Integer":0,"String":"b","Interface":null}}
2025-08-15T22:13:44.481-0500	DEBUG	protocol/handler.go:581	tryAdvanceRound called	{"{current_round 20 3  <nil>}": {"Key":"self","Type":15,"Integer":0,"String":"c","Interface":null}}
2025-08-15T22:13:44.481-0500	DEBUG	protocol/handler.go:1591	have processed broadcast	{"{round 20 3  <nil>}": {"Key":"from","Type":15,"Integer":0,"String":"a","Interface":null}}
2025-08-15T22:13:44.481-0500	DEBUG	protocol/handler.go:1591	have processed broadcast	{"{round 20 3  <nil>}": {"Key":"from","Type":15,"Integer":0,"String":"a","Interface":null}}
2025-08-15T22:13:44.481-0500	DEBUG	protocol/handler.go:1591	have processed broadcast	{"{round 20 3  <nil>}": {"Key":"from","Type":15,"Integer":0,"String":"c","Interface":null}}
2025-08-15T22:13:44.481-0500	DEBUG	protocol/handler.go:1591	have processed broadcast	{"{round 20 3  <nil>}": {"Key":"from","Type":15,"Integer":0,"String":"b","Interface":null}}
2025-08-15T22:13:44.481-0500	DEBUG	protocol/handler.go:1649	have all messages and processed	{"{round 20 3  <nil>}": {"Key":"self","Type":15,"Integer":0,"String":"b","Interface":null}}
2025-08-15T22:13:44.481-0500	DEBUG	protocol/handler.go:1649	have all messages and processed	{"{round 20 3  <nil>}": {"Key":"self","Type":15,"Integer":0,"String":"c","Interface":null}}
2025-08-15T22:13:44.481-0500	DEBUG	protocol/handler.go:596	round already finalized
2025-08-15T22:13:44.481-0500	DEBUG	protocol/handler.go:596	round already finalized
2025-08-15T22:13:44.487-0500	DEBUG	protocol/handler.go:581	tryAdvanceRound called	{"{current_round 20 3  <nil>}": {"Key":"self","Type":15,"Integer":0,"String":"a","Interface":null}}
2025-08-15T22:13:44.487-0500	DEBUG	protocol/handler.go:1591	have processed broadcast	{"{round 20 3  <nil>}": {"Key":"from","Type":15,"Integer":0,"String":"b","Interface":null}}
2025-08-15T22:13:44.487-0500	DEBUG	protocol/handler.go:1591	have processed broadcast	{"{round 20 3  <nil>}": {"Key":"from","Type":15,"Integer":0,"String":"c","Interface":null}}
2025-08-15T22:13:44.487-0500	DEBUG	protocol/handler.go:1649	have all messages and processed	{"{round 20 3  <nil>}": {"Key":"self","Type":15,"Integer":0,"String":"a","Interface":null}}
2025-08-15T22:13:44.487-0500	DEBUG	protocol/handler.go:596	round already finalized
2025-08-15T22:13:44.491-0500	DEBUG	protocol/handler.go:581	tryAdvanceRound called	{"{current_round 20 3  <nil>}": {"Key":"self","Type":15,"Integer":0,"String":"c","Interface":null}}
2025-08-15T22:13:44.491-0500	DEBUG	protocol/handler.go:581	tryAdvanceRound called	{"{current_round 20 3  <nil>}": {"Key":"self","Type":15,"Integer":0,"String":"b","Interface":null}}
2025-08-15T22:13:44.491-0500	DEBUG	protocol/handler.go:1591	have processed broadcast	{"{round 20 3  <nil>}": {"Key":"from","Type":15,"Integer":0,"String":"a","Interface":null}}
2025-08-15T22:13:44.491-0500	DEBUG	protocol/handler.go:1591	have processed broadcast	{"{round 20 3  <nil>}": {"Key":"from","Type":15,"Integer":0,"String":"a","Interface":null}}
2025-08-15T22:13:44.491-0500	DEBUG	protocol/handler.go:1591	have processed broadcast	{"{round 20 3  <nil>}": {"Key":"from","Type":15,"Integer":0,"String":"b","Interface":null}}
2025-08-15T22:13:44.491-0500	DEBUG	protocol/handler.go:1591	have processed broadcast	{"{round 20 3  <nil>}": {"Key":"from","Type":15,"Integer":0,"String":"c","Interface":null}}
2025-08-15T22:13:44.491-0500	DEBUG	protocol/handler.go:1649	have all messages and processed	{"{round 20 3  <nil>}": {"Key":"self","Type":15,"Integer":0,"String":"c","Interface":null}}
2025-08-15T22:13:44.491-0500	DEBUG	protocol/handler.go:1649	have all messages and processed	{"{round 20 3  <nil>}": {"Key":"self","Type":15,"Integer":0,"String":"b","Interface":null}}
2025-08-15T22:13:44.491-0500	DEBUG	protocol/handler.go:596	round already finalized
2025-08-15T22:13:44.491-0500	DEBUG	protocol/handler.go:596	round already finalized
2025-08-15T22:13:44.497-0500	DEBUG	protocol/handler.go:581	tryAdvanceRound called	{"{current_round 20 3  <nil>}": {"Key":"self","Type":15,"Integer":0,"String":"a","Interface":null}}
2025-08-15T22:13:44.497-0500	DEBUG	protocol/handler.go:1591	have processed broadcast	{"{round 20 3  <nil>}": {"Key":"from","Type":15,"Integer":0,"String":"b","Interface":null}}
2025-08-15T22:13:44.497-0500	DEBUG	protocol/handler.go:1591	have processed broadcast	{"{round 20 3  <nil>}": {"Key":"from","Type":15,"Integer":0,"String":"c","Interface":null}}
2025-08-15T22:13:44.497-0500	DEBUG	protocol/handler.go:1649	have all messages and processed	{"{round 20 3  <nil>}": {"Key":"self","Type":15,"Integer":0,"String":"a","Interface":null}}
2025-08-15T22:13:44.497-0500	DEBUG	protocol/handler.go:596	round already finalized
2025-08-15T22:13:44.501-0500	DEBUG	protocol/handler.go:581	tryAdvanceRound called	{"{current_round 20 3  <nil>}": {"Key":"self","Type":15,"Integer":0,"String":"b","Interface":null}}
2025-08-15T22:13:44.501-0500	DEBUG	protocol/handler.go:1591	have processed broadcast	{"{round 20 3  <nil>}": {"Key":"from","Type":15,"Integer":0,"String":"a","Interface":null}}
2025-08-15T22:13:44.501-0500	DEBUG	protocol/handler.go:1591	have processed broadcast	{"{round 20 3  <nil>}": {"Key":"from","Type":15,"Integer":0,"String":"c","Interface":null}}
2025-08-15T22:13:44.501-0500	DEBUG	protocol/handler.go:1649	have all messages and processed	{"{round 20 3  <nil>}": {"Key":"self","Type":15,"Integer":0,"String":"b","Interface":null}}
2025-08-15T22:13:44.501-0500	DEBUG	protocol/handler.go:596	round already finalized
2025-08-15T22:13:44.501-0500	DEBUG	protocol/handler.go:581	tryAdvanceRound called	{"{current_round 20 3  <nil>}": {"Key":"self","Type":15,"Integer":0,"String":"c","Interface":null}}
2025-08-15T22:13:44.501-0500	DEBUG	protocol/handler.go:1591	have processed broadcast	{"{round 20 3  <nil>}": {"Key":"from","Type":15,"Integer":0,"String":"a","Interface":null}}
2025-08-15T22:13:44.501-0500	DEBUG	protocol/handler.go:1591	have processed broadcast	{"{round 20 3  <nil>}": {"Key":"from","Type":15,"Integer":0,"String":"b","Interface":null}}
2025-08-15T22:13:44.501-0500	DEBUG	protocol/handler.go:1649	have all messages and processed	{"{round 20 3  <nil>}": {"Key":"self","Type":15,"Integer":0,"String":"c","Interface":null}}
2025-08-15T22:13:44.501-0500	DEBUG	protocol/handler.go:596	round already finalized
2025-08-15T22:13:44.507-0500	DEBUG	protocol/handler.go:581	tryAdvanceRound called	{"{current_round 20 3  <nil>}": {"Key":"self","Type":15,"Integer":0,"String":"a","Interface":null}}
2025-08-15T22:13:44.507-0500	DEBUG	protocol/handler.go:1591	have processed broadcast	{"{round 20 3  <nil>}": {"Key":"from","Type":15,"Integer":0,"String":"b","Interface":null}}
2025-08-15T22:13:44.507-0500	DEBUG	protocol/handler.go:1591	have processed broadcast	{"{round 20 3  <nil>}": {"Key":"from","Type":15,"Integer":0,"String":"c","Interface":null}}
2025-08-15T22:13:44.507-0500	DEBUG	protocol/handler.go:1649	have all messages and processed	{"{round 20 3  <nil>}": {"Key":"self","Type":15,"Integer":0,"String":"a","Interface":null}}
2025-08-15T22:13:44.507-0500	DEBUG	protocol/handler.go:596	round already finalized
2025-08-15T22:13:44.511-0500	DEBUG	protocol/handler.go:581	tryAdvanceRound called	{"{current_round 20 3  <nil>}": {"Key":"self","Type":15,"Integer":0,"String":"b","Interface":null}}
2025-08-15T22:13:44.511-0500	DEBUG	protocol/handler.go:581	tryAdvanceRound called	{"{current_round 20 3  <nil>}": {"Key":"self","Type":15,"Integer":0,"String":"c","Interface":null}}
2025-08-15T22:13:44.511-0500	DEBUG	protocol/handler.go:1591	have processed broadcast	{"{round 20 3  <nil>}": {"Key":"from","Type":15,"Integer":0,"String":"a","Interface":null}}
2025-08-15T22:13:44.511-0500	DEBUG	protocol/handler.go:1591	have processed broadcast	{"{round 20 3  <nil>}": {"Key":"from","Type":15,"Integer":0,"String":"a","Interface":null}}
2025-08-15T22:13:44.511-0500	DEBUG	protocol/handler.go:1591	have processed broadcast	{"{round 20 3  <nil>}": {"Key":"from","Type":15,"Integer":0,"String":"c","Interface":null}}
2025-08-15T22:13:44.511-0500	DEBUG	protocol/handler.go:1591	have processed broadcast	{"{round 20 3  <nil>}": {"Key":"from","Type":15,"Integer":0,"String":"b","Interface":null}}
2025-08-15T22:13:44.511-0500	DEBUG	protocol/handler.go:1649	have all messages and processed	{"{round 20 3  <nil>}": {"Key":"self","Type":15,"Integer":0,"String":"b","Interface":null}}
2025-08-15T22:13:44.511-0500	DEBUG	protocol/handler.go:596	round already finalized
2025-08-15T22:13:44.511-0500	DEBUG	protocol/handler.go:1649	have all messages and processed	{"{round 20 3  <nil>}": {"Key":"self","Type":15,"Integer":0,"String":"c","Interface":null}}
2025-08-15T22:13:44.511-0500	DEBUG	protocol/handler.go:596	round already finalized
2025-08-15T22:13:44.517-0500	DEBUG	protocol/handler.go:581	tryAdvanceRound called	{"{current_round 20 3  <nil>}": {"Key":"self","Type":15,"Integer":0,"String":"a","Interface":null}}
2025-08-15T22:13:44.517-0500	DEBUG	protocol/handler.go:1591	have processed broadcast	{"{round 20 3  <nil>}": {"Key":"from","Type":15,"Integer":0,"String":"b","Interface":null}}
2025-08-15T22:13:44.517-0500	DEBUG	protocol/handler.go:1591	have processed broadcast	{"{round 20 3  <nil>}": {"Key":"from","Type":15,"Integer":0,"String":"c","Interface":null}}
2025-08-15T22:13:44.517-0500	DEBUG	protocol/handler.go:1649	have all messages and processed	{"{round 20 3  <nil>}": {"Key":"self","Type":15,"Integer":0,"String":"a","Interface":null}}
2025-08-15T22:13:44.517-0500	DEBUG	protocol/handler.go:596	round already finalized
2025-08-15T22:13:44.521-0500	DEBUG	protocol/handler.go:581	tryAdvanceRound called	{"{current_round 20 3  <nil>}": {"Key":"self","Type":15,"Integer":0,"String":"c","Interface":null}}
2025-08-15T22:13:44.521-0500	DEBUG	protocol/handler.go:581	tryAdvanceRound called	{"{current_round 20 3  <nil>}": {"Key":"self","Type":15,"Integer":0,"String":"b","Interface":null}}
2025-08-15T22:13:44.521-0500	DEBUG	protocol/handler.go:1591	have processed broadcast	{"{round 20 3  <nil>}": {"Key":"from","Type":15,"Integer":0,"String":"a","Interface":null}}
2025-08-15T22:13:44.521-0500	DEBUG	protocol/handler.go:1591	have processed broadcast	{"{round 20 3  <nil>}": {"Key":"from","Type":15,"Integer":0,"String":"a","Interface":null}}
2025-08-15T22:13:44.521-0500	DEBUG	protocol/handler.go:1591	have processed broadcast	{"{round 20 3  <nil>}": {"Key":"from","Type":15,"Integer":0,"String":"b","Interface":null}}
2025-08-15T22:13:44.521-0500	DEBUG	protocol/handler.go:1591	have processed broadcast	{"{round 20 3  <nil>}": {"Key":"from","Type":15,"Integer":0,"String":"c","Interface":null}}
2025-08-15T22:13:44.521-0500	DEBUG	protocol/handler.go:1649	have all messages and processed	{"{round 20 3  <nil>}": {"Key":"self","Type":15,"Integer":0,"String":"c","Interface":null}}
2025-08-15T22:13:44.521-0500	DEBUG	protocol/handler.go:596	round already finalized
2025-08-15T22:13:44.521-0500	DEBUG	protocol/handler.go:1649	have all messages and processed	{"{round 20 3  <nil>}": {"Key":"self","Type":15,"Integer":0,"String":"b","Interface":null}}
2025-08-15T22:13:44.521-0500	DEBUG	protocol/handler.go:596	round already finalized
2025-08-15T22:13:44.527-0500	DEBUG	protocol/handler.go:581	tryAdvanceRound called	{"{current_round 20 3  <nil>}": {"Key":"self","Type":15,"Integer":0,"String":"a","Interface":null}}
2025-08-15T22:13:44.527-0500	DEBUG	protocol/handler.go:1591	have processed broadcast	{"{round 20 3  <nil>}": {"Key":"from","Type":15,"Integer":0,"String":"b","Interface":null}}
2025-08-15T22:13:44.527-0500	DEBUG	protocol/handler.go:1591	have processed broadcast	{"{round 20 3  <nil>}": {"Key":"from","Type":15,"Integer":0,"String":"c","Interface":null}}
2025-08-15T22:13:44.527-0500	DEBUG	protocol/handler.go:1649	have all messages and processed	{"{round 20 3  <nil>}": {"Key":"self","Type":15,"Integer":0,"String":"a","Interface":null}}
2025-08-15T22:13:44.527-0500	DEBUG	protocol/handler.go:596	round already finalized
2025-08-15T22:13:44.531-0500	DEBUG	protocol/handler.go:581	tryAdvanceRound called	{"{current_round 20 3  <nil>}": {"Key":"self","Type":15,"Integer":0,"String":"b","Interface":null}}
2025-08-15T22:13:44.531-0500	DEBUG	protocol/handler.go:581	tryAdvanceRound called	{"{current_round 20 3  <nil>}": {"Key":"self","Type":15,"Integer":0,"String":"c","Interface":null}}
2025-08-15T22:13:44.531-0500	DEBUG	protocol/handler.go:1591	have processed broadcast	{"{round 20 3  <nil>}": {"Key":"from","Type":15,"Integer":0,"String":"a","Interface":null}}
2025-08-15T22:13:44.531-0500	DEBUG	protocol/handler.go:1591	have processed broadcast	{"{round 20 3  <nil>}": {"Key":"from","Type":15,"Integer":0,"String":"a","Interface":null}}
2025-08-15T22:13:44.531-0500	DEBUG	protocol/handler.go:1591	have processed broadcast	{"{round 20 3  <nil>}": {"Key":"from","Type":15,"Integer":0,"String":"c","Interface":null}}
2025-08-15T22:13:44.531-0500	DEBUG	protocol/handler.go:1591	have processed broadcast	{"{round 20 3  <nil>}": {"Key":"from","Type":15,"Integer":0,"String":"b","Interface":null}}
2025-08-15T22:13:44.531-0500	DEBUG	protocol/handler.go:1649	have all messages and processed	{"{round 20 3  <nil>}": {"Key":"self","Type":15,"Integer":0,"String":"b","Interface":null}}
2025-08-15T22:13:44.531-0500	DEBUG	protocol/handler.go:596	round already finalized
2025-08-15T22:13:44.531-0500	DEBUG	protocol/handler.go:1649	have all messages and processed	{"{round 20 3  <nil>}": {"Key":"self","Type":15,"Integer":0,"String":"c","Interface":null}}
2025-08-15T22:13:44.531-0500	DEBUG	protocol/handler.go:596	round already finalized
2025-08-15T22:13:44.537-0500	DEBUG	protocol/handler.go:581	tryAdvanceRound called	{"{current_round 20 3  <nil>}": {"Key":"self","Type":15,"Integer":0,"String":"a","Interface":null}}
2025-08-15T22:13:44.537-0500	DEBUG	protocol/handler.go:1591	have processed broadcast	{"{round 20 3  <nil>}": {"Key":"from","Type":15,"Integer":0,"String":"b","Interface":null}}
2025-08-15T22:13:44.537-0500	DEBUG	protocol/handler.go:1591	have processed broadcast	{"{round 20 3  <nil>}": {"Key":"from","Type":15,"Integer":0,"String":"c","Interface":null}}
2025-08-15T22:13:44.537-0500	DEBUG	protocol/handler.go:1649	have all messages and processed	{"{round 20 3  <nil>}": {"Key":"self","Type":15,"Integer":0,"String":"a","Interface":null}}
2025-08-15T22:13:44.537-0500	DEBUG	protocol/handler.go:596	round already finalized
2025-08-15T22:13:44.541-0500	DEBUG	protocol/handler.go:581	tryAdvanceRound called	{"{current_round 20 3  <nil>}": {"Key":"self","Type":15,"Integer":0,"String":"b","Interface":null}}
2025-08-15T22:13:44.541-0500	DEBUG	protocol/handler.go:581	tryAdvanceRound called	{"{current_round 20 3  <nil>}": {"Key":"self","Type":15,"Integer":0,"String":"c","Interface":null}}
2025-08-15T22:13:44.541-0500	DEBUG	protocol/handler.go:1591	have processed broadcast	{"{round 20 3  <nil>}": {"Key":"from","Type":15,"Integer":0,"String":"a","Interface":null}}
2025-08-15T22:13:44.541-0500	DEBUG	protocol/handler.go:1591	have processed broadcast	{"{round 20 3  <nil>}": {"Key":"from","Type":15,"Integer":0,"String":"a","Interface":null}}
2025-08-15T22:13:44.541-0500	DEBUG	protocol/handler.go:1591	have processed broadcast	{"{round 20 3  <nil>}": {"Key":"from","Type":15,"Integer":0,"String":"c","Interface":null}}
2025-08-15T22:13:44.541-0500	DEBUG	protocol/handler.go:1591	have processed broadcast	{"{round 20 3  <nil>}": {"Key":"from","Type":15,"Integer":0,"String":"b","Interface":null}}
2025-08-15T22:13:44.541-0500	DEBUG	protocol/handler.go:1649	have all messages and processed	{"{round 20 3  <nil>}": {"Key":"self","Type":15,"Integer":0,"String":"b","Interface":null}}
2025-08-15T22:13:44.541-0500	DEBUG	protocol/handler.go:596	round already finalized
2025-08-15T22:13:44.541-0500	DEBUG	protocol/handler.go:1649	have all messages and processed	{"{round 20 3  <nil>}": {"Key":"self","Type":15,"Integer":0,"String":"c","Interface":null}}
2025-08-15T22:13:44.541-0500	DEBUG	protocol/handler.go:596	round already finalized
2025-08-15T22:13:44.547-0500	DEBUG	protocol/handler.go:581	tryAdvanceRound called	{"{current_round 20 3  <nil>}": {"Key":"self","Type":15,"Integer":0,"String":"a","Interface":null}}
2025-08-15T22:13:44.548-0500	DEBUG	protocol/handler.go:1591	have processed broadcast	{"{round 20 3  <nil>}": {"Key":"from","Type":15,"Integer":0,"String":"b","Interface":null}}
2025-08-15T22:13:44.548-0500	DEBUG	protocol/handler.go:1591	have processed broadcast	{"{round 20 3  <nil>}": {"Key":"from","Type":15,"Integer":0,"String":"c","Interface":null}}
2025-08-15T22:13:44.548-0500	DEBUG	protocol/handler.go:1649	have all messages and processed	{"{round 20 3  <nil>}": {"Key":"self","Type":15,"Integer":0,"String":"a","Interface":null}}
2025-08-15T22:13:44.548-0500	DEBUG	protocol/handler.go:596	round already finalized
2025-08-15T22:13:44.553-0500	DEBUG	protocol/handler.go:581	tryAdvanceRound called	{"{current_round 20 3  <nil>}": {"Key":"self","Type":15,"Integer":0,"String":"c","Interface":null}}
2025-08-15T22:13:44.553-0500	DEBUG	protocol/handler.go:1591	have processed broadcast	{"{round 20 3  <nil>}": {"Key":"from","Type":15,"Integer":0,"String":"a","Interface":null}}
2025-08-15T22:13:44.553-0500	DEBUG	protocol/handler.go:1591	have processed broadcast	{"{round 20 3  <nil>}": {"Key":"from","Type":15,"Integer":0,"String":"b","Interface":null}}
2025-08-15T22:13:44.553-0500	DEBUG	protocol/handler.go:1649	have all messages and processed	{"{round 20 3  <nil>}": {"Key":"self","Type":15,"Integer":0,"String":"c","Interface":null}}
2025-08-15T22:13:44.553-0500	DEBUG	protocol/handler.go:596	round already finalized
2025-08-15T22:13:44.553-0500	DEBUG	protocol/handler.go:581	tryAdvanceRound called	{"{current_round 20 3  <nil>}": {"Key":"self","Type":15,"Integer":0,"String":"b","Interface":null}}
2025-08-15T22:13:44.555-0500	DEBUG	protocol/handler.go:1591	have processed broadcast	{"{round 20 3  <nil>}": {"Key":"from","Type":15,"Integer":0,"String":"a","Interface":null}}
2025-08-15T22:13:44.555-0500	DEBUG	protocol/handler.go:1591	have processed broadcast	{"{round 20 3  <nil>}": {"Key":"from","Type":15,"Integer":0,"String":"c","Interface":null}}
2025-08-15T22:13:44.555-0500	DEBUG	protocol/handler.go:1649	have all messages and processed	{"{round 20 3  <nil>}": {"Key":"self","Type":15,"Integer":0,"String":"b","Interface":null}}
2025-08-15T22:13:44.555-0500	DEBUG	protocol/handler.go:596	round already finalized
2025-08-15T22:13:44.557-0500	DEBUG	protocol/handler.go:581	tryAdvanceRound called	{"{current_round 20 3  <nil>}": {"Key":"self","Type":15,"Integer":0,"String":"a","Interface":null}}
2025-08-15T22:13:44.557-0500	DEBUG	protocol/handler.go:1591	have processed broadcast	{"{round 20 3  <nil>}": {"Key":"from","Type":15,"Integer":0,"String":"b","Interface":null}}
2025-08-15T22:13:44.557-0500	DEBUG	protocol/handler.go:1591	have processed broadcast	{"{round 20 3  <nil>}": {"Key":"from","Type":15,"Integer":0,"String":"c","Interface":null}}
2025-08-15T22:13:44.558-0500	DEBUG	protocol/handler.go:1649	have all messages and processed	{"{round 20 3  <nil>}": {"Key":"self","Type":15,"Integer":0,"String":"a","Interface":null}}
2025-08-15T22:13:44.558-0500	DEBUG	protocol/handler.go:596	round already finalized
2025-08-15T22:13:44.561-0500	DEBUG	protocol/handler.go:581	tryAdvanceRound called	{"{current_round 20 3  <nil>}": {"Key":"self","Type":15,"Integer":0,"String":"b","Interface":null}}
2025-08-15T22:13:44.561-0500	DEBUG	protocol/handler.go:1591	have processed broadcast	{"{round 20 3  <nil>}": {"Key":"from","Type":15,"Integer":0,"String":"a","Interface":null}}
2025-08-15T22:13:44.561-0500	DEBUG	protocol/handler.go:1591	have processed broadcast	{"{round 20 3  <nil>}": {"Key":"from","Type":15,"Integer":0,"String":"c","Interface":null}}
2025-08-15T22:13:44.561-0500	DEBUG	protocol/handler.go:581	tryAdvanceRound called	{"{current_round 20 3  <nil>}": {"Key":"self","Type":15,"Integer":0,"String":"c","Interface":null}}
2025-08-15T22:13:44.561-0500	DEBUG	protocol/handler.go:1591	have processed broadcast	{"{round 20 3  <nil>}": {"Key":"from","Type":15,"Integer":0,"String":"a","Interface":null}}
2025-08-15T22:13:44.562-0500	DEBUG	protocol/handler.go:1591	have processed broadcast	{"{round 20 3  <nil>}": {"Key":"from","Type":15,"Integer":0,"String":"b","Interface":null}}
2025-08-15T22:13:44.562-0500	DEBUG	protocol/handler.go:1649	have all messages and processed	{"{round 20 3  <nil>}": {"Key":"self","Type":15,"Integer":0,"String":"c","Interface":null}}
2025-08-15T22:13:44.562-0500	DEBUG	protocol/handler.go:596	round already finalized
2025-08-15T22:13:44.561-0500	DEBUG	protocol/handler.go:1649	have all messages and processed	{"{round 20 3  <nil>}": {"Key":"self","Type":15,"Integer":0,"String":"b","Interface":null}}
2025-08-15T22:13:44.562-0500	DEBUG	protocol/handler.go:596	round already finalized
2025-08-15T22:13:44.568-0500	DEBUG	protocol/handler.go:581	tryAdvanceRound called	{"{current_round 20 3  <nil>}": {"Key":"self","Type":15,"Integer":0,"String":"a","Interface":null}}
2025-08-15T22:13:44.568-0500	DEBUG	protocol/handler.go:1591	have processed broadcast	{"{round 20 3  <nil>}": {"Key":"from","Type":15,"Integer":0,"String":"b","Interface":null}}
2025-08-15T22:13:44.568-0500	DEBUG	protocol/handler.go:1591	have processed broadcast	{"{round 20 3  <nil>}": {"Key":"from","Type":15,"Integer":0,"String":"c","Interface":null}}
2025-08-15T22:13:44.569-0500	DEBUG	protocol/handler.go:1649	have all messages and processed	{"{round 20 3  <nil>}": {"Key":"self","Type":15,"Integer":0,"String":"a","Interface":null}}
2025-08-15T22:13:44.569-0500	DEBUG	protocol/handler.go:596	round already finalized
2025-08-15T22:13:44.571-0500	DEBUG	protocol/handler.go:581	tryAdvanceRound called	{"{current_round 20 3  <nil>}": {"Key":"self","Type":15,"Integer":0,"String":"b","Interface":null}}
2025-08-15T22:13:44.571-0500	DEBUG	protocol/handler.go:1591	have processed broadcast	{"{round 20 3  <nil>}": {"Key":"from","Type":15,"Integer":0,"String":"a","Interface":null}}
2025-08-15T22:13:44.571-0500	DEBUG	protocol/handler.go:1591	have processed broadcast	{"{round 20 3  <nil>}": {"Key":"from","Type":15,"Integer":0,"String":"c","Interface":null}}
2025-08-15T22:13:44.571-0500	DEBUG	protocol/handler.go:1649	have all messages and processed	{"{round 20 3  <nil>}": {"Key":"self","Type":15,"Integer":0,"String":"b","Interface":null}}
2025-08-15T22:13:44.571-0500	DEBUG	protocol/handler.go:581	tryAdvanceRound called	{"{current_round 20 3  <nil>}": {"Key":"self","Type":15,"Integer":0,"String":"c","Interface":null}}
2025-08-15T22:13:44.571-0500	DEBUG	protocol/handler.go:596	round already finalized
2025-08-15T22:13:44.571-0500	DEBUG	protocol/handler.go:1591	have processed broadcast	{"{round 20 3  <nil>}": {"Key":"from","Type":15,"Integer":0,"String":"a","Interface":null}}
2025-08-15T22:13:44.571-0500	DEBUG	protocol/handler.go:1591	have processed broadcast	{"{round 20 3  <nil>}": {"Key":"from","Type":15,"Integer":0,"String":"b","Interface":null}}
2025-08-15T22:13:44.571-0500	DEBUG	protocol/handler.go:1649	have all messages and processed	{"{round 20 3  <nil>}": {"Key":"self","Type":15,"Integer":0,"String":"c","Interface":null}}
2025-08-15T22:13:44.571-0500	DEBUG	protocol/handler.go:596	round already finalized
2025-08-15T22:13:44.577-0500	DEBUG	protocol/handler.go:581	tryAdvanceRound called	{"{current_round 20 3  <nil>}": {"Key":"self","Type":15,"Integer":0,"String":"a","Interface":null}}
2025-08-15T22:13:44.577-0500	DEBUG	protocol/handler.go:1591	have processed broadcast	{"{round 20 3  <nil>}": {"Key":"from","Type":15,"Integer":0,"String":"b","Interface":null}}
2025-08-15T22:13:44.577-0500	DEBUG	protocol/handler.go:1591	have processed broadcast	{"{round 20 3  <nil>}": {"Key":"from","Type":15,"Integer":0,"String":"c","Interface":null}}
2025-08-15T22:13:44.577-0500	DEBUG	protocol/handler.go:1649	have all messages and processed	{"{round 20 3  <nil>}": {"Key":"self","Type":15,"Integer":0,"String":"a","Interface":null}}
2025-08-15T22:13:44.577-0500	DEBUG	protocol/handler.go:596	round already finalized
2025-08-15T22:13:44.581-0500	DEBUG	protocol/handler.go:581	tryAdvanceRound called	{"{current_round 20 3  <nil>}": {"Key":"self","Type":15,"Integer":0,"String":"b","Interface":null}}
2025-08-15T22:13:44.581-0500	DEBUG	protocol/handler.go:581	tryAdvanceRound called	{"{current_round 20 3  <nil>}": {"Key":"self","Type":15,"Integer":0,"String":"c","Interface":null}}
2025-08-15T22:13:44.581-0500	DEBUG	protocol/handler.go:1591	have processed broadcast	{"{round 20 3  <nil>}": {"Key":"from","Type":15,"Integer":0,"String":"a","Interface":null}}
2025-08-15T22:13:44.581-0500	DEBUG	protocol/handler.go:1591	have processed broadcast	{"{round 20 3  <nil>}": {"Key":"from","Type":15,"Integer":0,"String":"a","Interface":null}}
2025-08-15T22:13:44.581-0500	DEBUG	protocol/handler.go:1591	have processed broadcast	{"{round 20 3  <nil>}": {"Key":"from","Type":15,"Integer":0,"String":"c","Interface":null}}
2025-08-15T22:13:44.581-0500	DEBUG	protocol/handler.go:1591	have processed broadcast	{"{round 20 3  <nil>}": {"Key":"from","Type":15,"Integer":0,"String":"b","Interface":null}}
2025-08-15T22:13:44.581-0500	DEBUG	protocol/handler.go:1649	have all messages and processed	{"{round 20 3  <nil>}": {"Key":"self","Type":15,"Integer":0,"String":"c","Interface":null}}
2025-08-15T22:13:44.581-0500	DEBUG	protocol/handler.go:1649	have all messages and processed	{"{round 20 3  <nil>}": {"Key":"self","Type":15,"Integer":0,"String":"b","Interface":null}}
2025-08-15T22:13:44.581-0500	DEBUG	protocol/handler.go:596	round already finalized
2025-08-15T22:13:44.581-0500	DEBUG	protocol/handler.go:596	round already finalized
2025-08-15T22:13:44.587-0500	DEBUG	protocol/handler.go:581	tryAdvanceRound called	{"{current_round 20 3  <nil>}": {"Key":"self","Type":15,"Integer":0,"String":"a","Interface":null}}
2025-08-15T22:13:44.587-0500	DEBUG	protocol/handler.go:1591	have processed broadcast	{"{round 20 3  <nil>}": {"Key":"from","Type":15,"Integer":0,"String":"b","Interface":null}}
2025-08-15T22:13:44.587-0500	DEBUG	protocol/handler.go:1591	have processed broadcast	{"{round 20 3  <nil>}": {"Key":"from","Type":15,"Integer":0,"String":"c","Interface":null}}
2025-08-15T22:13:44.587-0500	DEBUG	protocol/handler.go:1649	have all messages and processed	{"{round 20 3  <nil>}": {"Key":"self","Type":15,"Integer":0,"String":"a","Interface":null}}
2025-08-15T22:13:44.587-0500	DEBUG	protocol/handler.go:596	round already finalized
2025-08-15T22:13:44.591-0500	DEBUG	protocol/handler.go:581	tryAdvanceRound called	{"{current_round 20 3  <nil>}": {"Key":"self","Type":15,"Integer":0,"String":"b","Interface":null}}
2025-08-15T22:13:44.591-0500	DEBUG	protocol/handler.go:581	tryAdvanceRound called	{"{current_round 20 3  <nil>}": {"Key":"self","Type":15,"Integer":0,"String":"c","Interface":null}}
2025-08-15T22:13:44.591-0500	DEBUG	protocol/handler.go:1591	have processed broadcast	{"{round 20 3  <nil>}": {"Key":"from","Type":15,"Integer":0,"String":"a","Interface":null}}
2025-08-15T22:13:44.591-0500	DEBUG	protocol/handler.go:1591	have processed broadcast	{"{round 20 3  <nil>}": {"Key":"from","Type":15,"Integer":0,"String":"a","Interface":null}}
2025-08-15T22:13:44.591-0500	DEBUG	protocol/handler.go:1591	have processed broadcast	{"{round 20 3  <nil>}": {"Key":"from","Type":15,"Integer":0,"String":"c","Interface":null}}
2025-08-15T22:13:44.591-0500	DEBUG	protocol/handler.go:1591	have processed broadcast	{"{round 20 3  <nil>}": {"Key":"from","Type":15,"Integer":0,"String":"b","Interface":null}}
2025-08-15T22:13:44.591-0500	DEBUG	protocol/handler.go:1649	have all messages and processed	{"{round 20 3  <nil>}": {"Key":"self","Type":15,"Integer":0,"String":"b","Interface":null}}
2025-08-15T22:13:44.591-0500	DEBUG	protocol/handler.go:596	round already finalized
2025-08-15T22:13:44.591-0500	DEBUG	protocol/handler.go:1649	have all messages and processed	{"{round 20 3  <nil>}": {"Key":"self","Type":15,"Integer":0,"String":"c","Interface":null}}
2025-08-15T22:13:44.591-0500	DEBUG	protocol/handler.go:596	round already finalized
2025-08-15T22:13:44.597-0500	DEBUG	protocol/handler.go:581	tryAdvanceRound called	{"{current_round 20 3  <nil>}": {"Key":"self","Type":15,"Integer":0,"String":"a","Interface":null}}
2025-08-15T22:13:44.597-0500	DEBUG	protocol/handler.go:1591	have processed broadcast	{"{round 20 3  <nil>}": {"Key":"from","Type":15,"Integer":0,"String":"b","Interface":null}}
2025-08-15T22:13:44.597-0500	DEBUG	protocol/handler.go:1591	have processed broadcast	{"{round 20 3  <nil>}": {"Key":"from","Type":15,"Integer":0,"String":"c","Interface":null}}
2025-08-15T22:13:44.597-0500	DEBUG	protocol/handler.go:1649	have all messages and processed	{"{round 20 3  <nil>}": {"Key":"self","Type":15,"Integer":0,"String":"a","Interface":null}}
2025-08-15T22:13:44.597-0500	DEBUG	protocol/handler.go:596	round already finalized
2025-08-15T22:13:44.601-0500	DEBUG	protocol/handler.go:581	tryAdvanceRound called	{"{current_round 20 3  <nil>}": {"Key":"self","Type":15,"Integer":0,"String":"b","Interface":null}}
2025-08-15T22:13:44.601-0500	DEBUG	protocol/handler.go:581	tryAdvanceRound called	{"{current_round 20 3  <nil>}": {"Key":"self","Type":15,"Integer":0,"String":"c","Interface":null}}
2025-08-15T22:13:44.601-0500	DEBUG	protocol/handler.go:1591	have processed broadcast	{"{round 20 3  <nil>}": {"Key":"from","Type":15,"Integer":0,"String":"a","Interface":null}}
2025-08-15T22:13:44.601-0500	DEBUG	protocol/handler.go:1591	have processed broadcast	{"{round 20 3  <nil>}": {"Key":"from","Type":15,"Integer":0,"String":"a","Interface":null}}
2025-08-15T22:13:44.601-0500	DEBUG	protocol/handler.go:1591	have processed broadcast	{"{round 20 3  <nil>}": {"Key":"from","Type":15,"Integer":0,"String":"c","Interface":null}}
2025-08-15T22:13:44.601-0500	DEBUG	protocol/handler.go:1591	have processed broadcast	{"{round 20 3  <nil>}": {"Key":"from","Type":15,"Integer":0,"String":"b","Interface":null}}
2025-08-15T22:13:44.601-0500	DEBUG	protocol/handler.go:1649	have all messages and processed	{"{round 20 3  <nil>}": {"Key":"self","Type":15,"Integer":0,"String":"b","Interface":null}}
2025-08-15T22:13:44.601-0500	DEBUG	protocol/handler.go:596	round already finalized
2025-08-15T22:13:44.601-0500	DEBUG	protocol/handler.go:1649	have all messages and processed	{"{round 20 3  <nil>}": {"Key":"self","Type":15,"Integer":0,"String":"c","Interface":null}}
2025-08-15T22:13:44.601-0500	DEBUG	protocol/handler.go:596	round already finalized
2025-08-15T22:13:44.607-0500	DEBUG	protocol/handler.go:581	tryAdvanceRound called	{"{current_round 20 3  <nil>}": {"Key":"self","Type":15,"Integer":0,"String":"a","Interface":null}}
2025-08-15T22:13:44.607-0500	DEBUG	protocol/handler.go:1591	have processed broadcast	{"{round 20 3  <nil>}": {"Key":"from","Type":15,"Integer":0,"String":"b","Interface":null}}
2025-08-15T22:13:44.607-0500	DEBUG	protocol/handler.go:1591	have processed broadcast	{"{round 20 3  <nil>}": {"Key":"from","Type":15,"Integer":0,"String":"c","Interface":null}}
2025-08-15T22:13:44.607-0500	DEBUG	protocol/handler.go:1649	have all messages and processed	{"{round 20 3  <nil>}": {"Key":"self","Type":15,"Integer":0,"String":"a","Interface":null}}
2025-08-15T22:13:44.607-0500	DEBUG	protocol/handler.go:596	round already finalized
2025-08-15T22:13:44.611-0500	DEBUG	protocol/handler.go:581	tryAdvanceRound called	{"{current_round 20 3  <nil>}": {"Key":"self","Type":15,"Integer":0,"String":"b","Interface":null}}
2025-08-15T22:13:44.611-0500	DEBUG	protocol/handler.go:1591	have processed broadcast	{"{round 20 3  <nil>}": {"Key":"from","Type":15,"Integer":0,"String":"a","Interface":null}}
2025-08-15T22:13:44.611-0500	DEBUG	protocol/handler.go:1591	have processed broadcast	{"{round 20 3  <nil>}": {"Key":"from","Type":15,"Integer":0,"String":"c","Interface":null}}
2025-08-15T22:13:44.611-0500	DEBUG	protocol/handler.go:1649	have all messages and processed	{"{round 20 3  <nil>}": {"Key":"self","Type":15,"Integer":0,"String":"b","Interface":null}}
2025-08-15T22:13:44.611-0500	DEBUG	protocol/handler.go:596	round already finalized
2025-08-15T22:13:44.611-0500	DEBUG	protocol/handler.go:581	tryAdvanceRound called	{"{current_round 20 3  <nil>}": {"Key":"self","Type":15,"Integer":0,"String":"c","Interface":null}}
2025-08-15T22:13:44.611-0500	DEBUG	protocol/handler.go:1591	have processed broadcast	{"{round 20 3  <nil>}": {"Key":"from","Type":15,"Integer":0,"String":"a","Interface":null}}
2025-08-15T22:13:44.611-0500	DEBUG	protocol/handler.go:1591	have processed broadcast	{"{round 20 3  <nil>}": {"Key":"from","Type":15,"Integer":0,"String":"b","Interface":null}}
2025-08-15T22:13:44.611-0500	DEBUG	protocol/handler.go:1649	have all messages and processed	{"{round 20 3  <nil>}": {"Key":"self","Type":15,"Integer":0,"String":"c","Interface":null}}
2025-08-15T22:13:44.611-0500	DEBUG	protocol/handler.go:596	round already finalized
2025-08-15T22:13:44.617-0500	DEBUG	protocol/handler.go:581	tryAdvanceRound called	{"{current_round 20 3  <nil>}": {"Key":"self","Type":15,"Integer":0,"String":"a","Interface":null}}
2025-08-15T22:13:44.617-0500	DEBUG	protocol/handler.go:1591	have processed broadcast	{"{round 20 3  <nil>}": {"Key":"from","Type":15,"Integer":0,"String":"b","Interface":null}}
2025-08-15T22:13:44.617-0500	DEBUG	protocol/handler.go:1591	have processed broadcast	{"{round 20 3  <nil>}": {"Key":"from","Type":15,"Integer":0,"String":"c","Interface":null}}
2025-08-15T22:13:44.617-0500	DEBUG	protocol/handler.go:1649	have all messages and processed	{"{round 20 3  <nil>}": {"Key":"self","Type":15,"Integer":0,"String":"a","Interface":null}}
2025-08-15T22:13:44.617-0500	DEBUG	protocol/handler.go:596	round already finalized
2025-08-15T22:13:44.621-0500	DEBUG	protocol/handler.go:581	tryAdvanceRound called	{"{current_round 20 3  <nil>}": {"Key":"self","Type":15,"Integer":0,"String":"b","Interface":null}}
2025-08-15T22:13:44.621-0500	DEBUG	protocol/handler.go:581	tryAdvanceRound called	{"{current_round 20 3  <nil>}": {"Key":"self","Type":15,"Integer":0,"String":"c","Interface":null}}
2025-08-15T22:13:44.621-0500	DEBUG	protocol/handler.go:1591	have processed broadcast	{"{round 20 3  <nil>}": {"Key":"from","Type":15,"Integer":0,"String":"a","Interface":null}}
2025-08-15T22:13:44.621-0500	DEBUG	protocol/handler.go:1591	have processed broadcast	{"{round 20 3  <nil>}": {"Key":"from","Type":15,"Integer":0,"String":"a","Interface":null}}
2025-08-15T22:13:44.621-0500	DEBUG	protocol/handler.go:1591	have processed broadcast	{"{round 20 3  <nil>}": {"Key":"from","Type":15,"Integer":0,"String":"c","Interface":null}}
2025-08-15T22:13:44.621-0500	DEBUG	protocol/handler.go:1591	have processed broadcast	{"{round 20 3  <nil>}": {"Key":"from","Type":15,"Integer":0,"String":"b","Interface":null}}
2025-08-15T22:13:44.621-0500	DEBUG	protocol/handler.go:1649	have all messages and processed	{"{round 20 3  <nil>}": {"Key":"self","Type":15,"Integer":0,"String":"b","Interface":null}}
2025-08-15T22:13:44.621-0500	DEBUG	protocol/handler.go:596	round already finalized
2025-08-15T22:13:44.621-0500	DEBUG	protocol/handler.go:1649	have all messages and processed	{"{round 20 3  <nil>}": {"Key":"self","Type":15,"Integer":0,"String":"c","Interface":null}}
2025-08-15T22:13:44.621-0500	DEBUG	protocol/handler.go:596	round already finalized
2025-08-15T22:13:44.626-0500	DEBUG	protocol/handler.go:581	tryAdvanceRound called	{"{current_round 20 3  <nil>}": {"Key":"self","Type":15,"Integer":0,"String":"a","Interface":null}}
2025-08-15T22:13:44.626-0500	DEBUG	protocol/handler.go:1591	have processed broadcast	{"{round 20 3  <nil>}": {"Key":"from","Type":15,"Integer":0,"String":"b","Interface":null}}
2025-08-15T22:13:44.627-0500	DEBUG	protocol/handler.go:1591	have processed broadcast	{"{round 20 3  <nil>}": {"Key":"from","Type":15,"Integer":0,"String":"c","Interface":null}}
2025-08-15T22:13:44.627-0500	DEBUG	protocol/handler.go:1649	have all messages and processed	{"{round 20 3  <nil>}": {"Key":"self","Type":15,"Integer":0,"String":"a","Interface":null}}
2025-08-15T22:13:44.627-0500	DEBUG	protocol/handler.go:596	round already finalized
2025-08-15T22:13:44.631-0500	DEBUG	protocol/handler.go:581	tryAdvanceRound called	{"{current_round 20 3  <nil>}": {"Key":"self","Type":15,"Integer":0,"String":"c","Interface":null}}
2025-08-15T22:13:44.631-0500	DEBUG	protocol/handler.go:581	tryAdvanceRound called	{"{current_round 20 3  <nil>}": {"Key":"self","Type":15,"Integer":0,"String":"b","Interface":null}}
2025-08-15T22:13:44.631-0500	DEBUG	protocol/handler.go:1591	have processed broadcast	{"{round 20 3  <nil>}": {"Key":"from","Type":15,"Integer":0,"String":"a","Interface":null}}
2025-08-15T22:13:44.631-0500	DEBUG	protocol/handler.go:1591	have processed broadcast	{"{round 20 3  <nil>}": {"Key":"from","Type":15,"Integer":0,"String":"a","Interface":null}}
2025-08-15T22:13:44.631-0500	DEBUG	protocol/handler.go:1591	have processed broadcast	{"{round 20 3  <nil>}": {"Key":"from","Type":15,"Integer":0,"String":"b","Interface":null}}
2025-08-15T22:13:44.631-0500	DEBUG	protocol/handler.go:1591	have processed broadcast	{"{round 20 3  <nil>}": {"Key":"from","Type":15,"Integer":0,"String":"c","Interface":null}}
2025-08-15T22:13:44.631-0500	DEBUG	protocol/handler.go:1649	have all messages and processed	{"{round 20 3  <nil>}": {"Key":"self","Type":15,"Integer":0,"String":"c","Interface":null}}
2025-08-15T22:13:44.631-0500	DEBUG	protocol/handler.go:1649	have all messages and processed	{"{round 20 3  <nil>}": {"Key":"self","Type":15,"Integer":0,"String":"b","Interface":null}}
2025-08-15T22:13:44.631-0500	DEBUG	protocol/handler.go:596	round already finalized
2025-08-15T22:13:44.631-0500	DEBUG	protocol/handler.go:596	round already finalized
2025-08-15T22:13:44.637-0500	DEBUG	protocol/handler.go:581	tryAdvanceRound called	{"{current_round 20 3  <nil>}": {"Key":"self","Type":15,"Integer":0,"String":"a","Interface":null}}
2025-08-15T22:13:44.637-0500	DEBUG	protocol/handler.go:1591	have processed broadcast	{"{round 20 3  <nil>}": {"Key":"from","Type":15,"Integer":0,"String":"b","Interface":null}}
2025-08-15T22:13:44.638-0500	DEBUG	protocol/handler.go:1591	have processed broadcast	{"{round 20 3  <nil>}": {"Key":"from","Type":15,"Integer":0,"String":"c","Interface":null}}
2025-08-15T22:13:44.638-0500	DEBUG	protocol/handler.go:1649	have all messages and processed	{"{round 20 3  <nil>}": {"Key":"self","Type":15,"Integer":0,"String":"a","Interface":null}}
2025-08-15T22:13:44.638-0500	DEBUG	protocol/handler.go:596	round already finalized
2025-08-15T22:13:44.641-0500	DEBUG	protocol/handler.go:581	tryAdvanceRound called	{"{current_round 20 3  <nil>}": {"Key":"self","Type":15,"Integer":0,"String":"c","Interface":null}}
2025-08-15T22:13:44.641-0500	DEBUG	protocol/handler.go:581	tryAdvanceRound called	{"{current_round 20 3  <nil>}": {"Key":"self","Type":15,"Integer":0,"String":"b","Interface":null}}
2025-08-15T22:13:44.641-0500	DEBUG	protocol/handler.go:1591	have processed broadcast	{"{round 20 3  <nil>}": {"Key":"from","Type":15,"Integer":0,"String":"a","Interface":null}}
2025-08-15T22:13:44.641-0500	DEBUG	protocol/handler.go:1591	have processed broadcast	{"{round 20 3  <nil>}": {"Key":"from","Type":15,"Integer":0,"String":"a","Interface":null}}
2025-08-15T22:13:44.641-0500	DEBUG	protocol/handler.go:1591	have processed broadcast	{"{round 20 3  <nil>}": {"Key":"from","Type":15,"Integer":0,"String":"b","Interface":null}}
2025-08-15T22:13:44.641-0500	DEBUG	protocol/handler.go:1591	have processed broadcast	{"{round 20 3  <nil>}": {"Key":"from","Type":15,"Integer":0,"String":"c","Interface":null}}
2025-08-15T22:13:44.641-0500	DEBUG	protocol/handler.go:1649	have all messages and processed	{"{round 20 3  <nil>}": {"Key":"self","Type":15,"Integer":0,"String":"b","Interface":null}}
2025-08-15T22:13:44.642-0500	DEBUG	protocol/handler.go:596	round already finalized
2025-08-15T22:13:44.641-0500	DEBUG	protocol/handler.go:1649	have all messages and processed	{"{round 20 3  <nil>}": {"Key":"self","Type":15,"Integer":0,"String":"c","Interface":null}}
2025-08-15T22:13:44.642-0500	DEBUG	protocol/handler.go:596	round already finalized
2025-08-15T22:13:44.647-0500	DEBUG	protocol/handler.go:581	tryAdvanceRound called	{"{current_round 20 3  <nil>}": {"Key":"self","Type":15,"Integer":0,"String":"a","Interface":null}}
2025-08-15T22:13:44.647-0500	DEBUG	protocol/handler.go:1591	have processed broadcast	{"{round 20 3  <nil>}": {"Key":"from","Type":15,"Integer":0,"String":"b","Interface":null}}
2025-08-15T22:13:44.647-0500	DEBUG	protocol/handler.go:1591	have processed broadcast	{"{round 20 3  <nil>}": {"Key":"from","Type":15,"Integer":0,"String":"c","Interface":null}}
2025-08-15T22:13:44.647-0500	DEBUG	protocol/handler.go:1649	have all messages and processed	{"{round 20 3  <nil>}": {"Key":"self","Type":15,"Integer":0,"String":"a","Interface":null}}
2025-08-15T22:13:44.647-0500	DEBUG	protocol/handler.go:596	round already finalized
2025-08-15T22:13:44.651-0500	DEBUG	protocol/handler.go:581	tryAdvanceRound called	{"{current_round 20 3  <nil>}": {"Key":"self","Type":15,"Integer":0,"String":"c","Interface":null}}
2025-08-15T22:13:44.651-0500	DEBUG	protocol/handler.go:581	tryAdvanceRound called	{"{current_round 20 3  <nil>}": {"Key":"self","Type":15,"Integer":0,"String":"b","Interface":null}}
2025-08-15T22:13:44.651-0500	DEBUG	protocol/handler.go:1591	have processed broadcast	{"{round 20 3  <nil>}": {"Key":"from","Type":15,"Integer":0,"String":"a","Interface":null}}
2025-08-15T22:13:44.651-0500	DEBUG	protocol/handler.go:1591	have processed broadcast	{"{round 20 3  <nil>}": {"Key":"from","Type":15,"Integer":0,"String":"a","Interface":null}}
2025-08-15T22:13:44.651-0500	DEBUG	protocol/handler.go:1591	have processed broadcast	{"{round 20 3  <nil>}": {"Key":"from","Type":15,"Integer":0,"String":"b","Interface":null}}
2025-08-15T22:13:44.651-0500	DEBUG	protocol/handler.go:1591	have processed broadcast	{"{round 20 3  <nil>}": {"Key":"from","Type":15,"Integer":0,"String":"c","Interface":null}}
2025-08-15T22:13:44.651-0500	DEBUG	protocol/handler.go:1649	have all messages and processed	{"{round 20 3  <nil>}": {"Key":"self","Type":15,"Integer":0,"String":"c","Interface":null}}
2025-08-15T22:13:44.651-0500	DEBUG	protocol/handler.go:596	round already finalized
2025-08-15T22:13:44.651-0500	DEBUG	protocol/handler.go:1649	have all messages and processed	{"{round 20 3  <nil>}": {"Key":"self","Type":15,"Integer":0,"String":"b","Interface":null}}
2025-08-15T22:13:44.651-0500	DEBUG	protocol/handler.go:596	round already finalized
2025-08-15T22:13:44.657-0500	DEBUG	protocol/handler.go:581	tryAdvanceRound called	{"{current_round 20 3  <nil>}": {"Key":"self","Type":15,"Integer":0,"String":"a","Interface":null}}
2025-08-15T22:13:44.657-0500	DEBUG	protocol/handler.go:1591	have processed broadcast	{"{round 20 3  <nil>}": {"Key":"from","Type":15,"Integer":0,"String":"b","Interface":null}}
2025-08-15T22:13:44.657-0500	DEBUG	protocol/handler.go:1591	have processed broadcast	{"{round 20 3  <nil>}": {"Key":"from","Type":15,"Integer":0,"String":"c","Interface":null}}
2025-08-15T22:13:44.657-0500	DEBUG	protocol/handler.go:1649	have all messages and processed	{"{round 20 3  <nil>}": {"Key":"self","Type":15,"Integer":0,"String":"a","Interface":null}}
2025-08-15T22:13:44.657-0500	DEBUG	protocol/handler.go:596	round already finalized
2025-08-15T22:13:44.661-0500	DEBUG	protocol/handler.go:581	tryAdvanceRound called	{"{current_round 20 3  <nil>}": {"Key":"self","Type":15,"Integer":0,"String":"b","Interface":null}}
2025-08-15T22:13:44.661-0500	DEBUG	protocol/handler.go:1591	have processed broadcast	{"{round 20 3  <nil>}": {"Key":"from","Type":15,"Integer":0,"String":"a","Interface":null}}
2025-08-15T22:13:44.661-0500	DEBUG	protocol/handler.go:1591	have processed broadcast	{"{round 20 3  <nil>}": {"Key":"from","Type":15,"Integer":0,"String":"c","Interface":null}}
2025-08-15T22:13:44.661-0500	DEBUG	protocol/handler.go:1649	have all messages and processed	{"{round 20 3  <nil>}": {"Key":"self","Type":15,"Integer":0,"String":"b","Interface":null}}
2025-08-15T22:13:44.661-0500	DEBUG	protocol/handler.go:596	round already finalized
2025-08-15T22:13:44.661-0500	DEBUG	protocol/handler.go:581	tryAdvanceRound called	{"{current_round 20 3  <nil>}": {"Key":"self","Type":15,"Integer":0,"String":"c","Interface":null}}
2025-08-15T22:13:44.661-0500	DEBUG	protocol/handler.go:1591	have processed broadcast	{"{round 20 3  <nil>}": {"Key":"from","Type":15,"Integer":0,"String":"a","Interface":null}}
2025-08-15T22:13:44.661-0500	DEBUG	protocol/handler.go:1591	have processed broadcast	{"{round 20 3  <nil>}": {"Key":"from","Type":15,"Integer":0,"String":"b","Interface":null}}
2025-08-15T22:13:44.661-0500	DEBUG	protocol/handler.go:1649	have all messages and processed	{"{round 20 3  <nil>}": {"Key":"self","Type":15,"Integer":0,"String":"c","Interface":null}}
2025-08-15T22:13:44.661-0500	DEBUG	protocol/handler.go:596	round already finalized
2025-08-15T22:13:44.667-0500	DEBUG	protocol/handler.go:581	tryAdvanceRound called	{"{current_round 20 3  <nil>}": {"Key":"self","Type":15,"Integer":0,"String":"a","Interface":null}}
2025-08-15T22:13:44.667-0500	DEBUG	protocol/handler.go:1591	have processed broadcast	{"{round 20 3  <nil>}": {"Key":"from","Type":15,"Integer":0,"String":"b","Interface":null}}
2025-08-15T22:13:44.667-0500	DEBUG	protocol/handler.go:1591	have processed broadcast	{"{round 20 3  <nil>}": {"Key":"from","Type":15,"Integer":0,"String":"c","Interface":null}}
2025-08-15T22:13:44.667-0500	DEBUG	protocol/handler.go:1649	have all messages and processed	{"{round 20 3  <nil>}": {"Key":"self","Type":15,"Integer":0,"String":"a","Interface":null}}
2025-08-15T22:13:44.667-0500	DEBUG	protocol/handler.go:596	round already finalized
2025-08-15T22:13:44.671-0500	DEBUG	protocol/handler.go:581	tryAdvanceRound called	{"{current_round 20 3  <nil>}": {"Key":"self","Type":15,"Integer":0,"String":"b","Interface":null}}
2025-08-15T22:13:44.671-0500	DEBUG	protocol/handler.go:581	tryAdvanceRound called	{"{current_round 20 3  <nil>}": {"Key":"self","Type":15,"Integer":0,"String":"c","Interface":null}}
2025-08-15T22:13:44.671-0500	DEBUG	protocol/handler.go:1591	have processed broadcast	{"{round 20 3  <nil>}": {"Key":"from","Type":15,"Integer":0,"String":"a","Interface":null}}
2025-08-15T22:13:44.671-0500	DEBUG	protocol/handler.go:1591	have processed broadcast	{"{round 20 3  <nil>}": {"Key":"from","Type":15,"Integer":0,"String":"a","Interface":null}}
2025-08-15T22:13:44.671-0500	DEBUG	protocol/handler.go:1591	have processed broadcast	{"{round 20 3  <nil>}": {"Key":"from","Type":15,"Integer":0,"String":"c","Interface":null}}
2025-08-15T22:13:44.671-0500	DEBUG	protocol/handler.go:1591	have processed broadcast	{"{round 20 3  <nil>}": {"Key":"from","Type":15,"Integer":0,"String":"b","Interface":null}}
2025-08-15T22:13:44.671-0500	DEBUG	protocol/handler.go:1649	have all messages and processed	{"{round 20 3  <nil>}": {"Key":"self","Type":15,"Integer":0,"String":"b","Interface":null}}
2025-08-15T22:13:44.671-0500	DEBUG	protocol/handler.go:1649	have all messages and processed	{"{round 20 3  <nil>}": {"Key":"self","Type":15,"Integer":0,"String":"c","Interface":null}}
2025-08-15T22:13:44.671-0500	DEBUG	protocol/handler.go:596	round already finalized
2025-08-15T22:13:44.671-0500	DEBUG	protocol/handler.go:596	round already finalized
2025-08-15T22:13:44.677-0500	DEBUG	protocol/handler.go:581	tryAdvanceRound called	{"{current_round 20 3  <nil>}": {"Key":"self","Type":15,"Integer":0,"String":"a","Interface":null}}
2025-08-15T22:13:44.677-0500	DEBUG	protocol/handler.go:1591	have processed broadcast	{"{round 20 3  <nil>}": {"Key":"from","Type":15,"Integer":0,"String":"b","Interface":null}}
2025-08-15T22:13:44.677-0500	DEBUG	protocol/handler.go:1591	have processed broadcast	{"{round 20 3  <nil>}": {"Key":"from","Type":15,"Integer":0,"String":"c","Interface":null}}
2025-08-15T22:13:44.677-0500	DEBUG	protocol/handler.go:1649	have all messages and processed	{"{round 20 3  <nil>}": {"Key":"self","Type":15,"Integer":0,"String":"a","Interface":null}}
2025-08-15T22:13:44.677-0500	DEBUG	protocol/handler.go:596	round already finalized
2025-08-15T22:13:44.681-0500	DEBUG	protocol/handler.go:581	tryAdvanceRound called	{"{current_round 20 3  <nil>}": {"Key":"self","Type":15,"Integer":0,"String":"b","Interface":null}}
2025-08-15T22:13:44.681-0500	DEBUG	protocol/handler.go:581	tryAdvanceRound called	{"{current_round 20 3  <nil>}": {"Key":"self","Type":15,"Integer":0,"String":"c","Interface":null}}
2025-08-15T22:13:44.681-0500	DEBUG	protocol/handler.go:1591	have processed broadcast	{"{round 20 3  <nil>}": {"Key":"from","Type":15,"Integer":0,"String":"a","Interface":null}}
2025-08-15T22:13:44.681-0500	DEBUG	protocol/handler.go:1591	have processed broadcast	{"{round 20 3  <nil>}": {"Key":"from","Type":15,"Integer":0,"String":"a","Interface":null}}
2025-08-15T22:13:44.681-0500	DEBUG	protocol/handler.go:1591	have processed broadcast	{"{round 20 3  <nil>}": {"Key":"from","Type":15,"Integer":0,"String":"c","Interface":null}}
2025-08-15T22:13:44.681-0500	DEBUG	protocol/handler.go:1591	have processed broadcast	{"{round 20 3  <nil>}": {"Key":"from","Type":15,"Integer":0,"String":"b","Interface":null}}
2025-08-15T22:13:44.681-0500	DEBUG	protocol/handler.go:1649	have all messages and processed	{"{round 20 3  <nil>}": {"Key":"self","Type":15,"Integer":0,"String":"b","Interface":null}}
2025-08-15T22:13:44.681-0500	DEBUG	protocol/handler.go:596	round already finalized
2025-08-15T22:13:44.681-0500	DEBUG	protocol/handler.go:1649	have all messages and processed	{"{round 20 3  <nil>}": {"Key":"self","Type":15,"Integer":0,"String":"c","Interface":null}}
2025-08-15T22:13:44.681-0500	DEBUG	protocol/handler.go:596	round already finalized
2025-08-15T22:13:44.687-0500	DEBUG	protocol/handler.go:581	tryAdvanceRound called	{"{current_round 20 3  <nil>}": {"Key":"self","Type":15,"Integer":0,"String":"a","Interface":null}}
2025-08-15T22:13:44.687-0500	DEBUG	protocol/handler.go:1591	have processed broadcast	{"{round 20 3  <nil>}": {"Key":"from","Type":15,"Integer":0,"String":"b","Interface":null}}
2025-08-15T22:13:44.687-0500	DEBUG	protocol/handler.go:1591	have processed broadcast	{"{round 20 3  <nil>}": {"Key":"from","Type":15,"Integer":0,"String":"c","Interface":null}}
2025-08-15T22:13:44.687-0500	DEBUG	protocol/handler.go:1649	have all messages and processed	{"{round 20 3  <nil>}": {"Key":"self","Type":15,"Integer":0,"String":"a","Interface":null}}
2025-08-15T22:13:44.687-0500	DEBUG	protocol/handler.go:596	round already finalized
2025-08-15T22:13:44.691-0500	DEBUG	protocol/handler.go:581	tryAdvanceRound called	{"{current_round 20 3  <nil>}": {"Key":"self","Type":15,"Integer":0,"String":"b","Interface":null}}
2025-08-15T22:13:44.691-0500	DEBUG	protocol/handler.go:581	tryAdvanceRound called	{"{current_round 20 3  <nil>}": {"Key":"self","Type":15,"Integer":0,"String":"c","Interface":null}}
2025-08-15T22:13:44.691-0500	DEBUG	protocol/handler.go:1591	have processed broadcast	{"{round 20 3  <nil>}": {"Key":"from","Type":15,"Integer":0,"String":"a","Interface":null}}
2025-08-15T22:13:44.691-0500	DEBUG	protocol/handler.go:1591	have processed broadcast	{"{round 20 3  <nil>}": {"Key":"from","Type":15,"Integer":0,"String":"a","Interface":null}}
2025-08-15T22:13:44.691-0500	DEBUG	protocol/handler.go:1591	have processed broadcast	{"{round 20 3  <nil>}": {"Key":"from","Type":15,"Integer":0,"String":"c","Interface":null}}
2025-08-15T22:13:44.691-0500	DEBUG	protocol/handler.go:1591	have processed broadcast	{"{round 20 3  <nil>}": {"Key":"from","Type":15,"Integer":0,"String":"b","Interface":null}}
2025-08-15T22:13:44.691-0500	DEBUG	protocol/handler.go:1649	have all messages and processed	{"{round 20 3  <nil>}": {"Key":"self","Type":15,"Integer":0,"String":"b","Interface":null}}
2025-08-15T22:13:44.691-0500	DEBUG	protocol/handler.go:596	round already finalized
2025-08-15T22:13:44.691-0500	DEBUG	protocol/handler.go:1649	have all messages and processed	{"{round 20 3  <nil>}": {"Key":"self","Type":15,"Integer":0,"String":"c","Interface":null}}
2025-08-15T22:13:44.691-0500	DEBUG	protocol/handler.go:596	round already finalized
2025-08-15T22:13:44.697-0500	DEBUG	protocol/handler.go:581	tryAdvanceRound called	{"{current_round 20 3  <nil>}": {"Key":"self","Type":15,"Integer":0,"String":"a","Interface":null}}
2025-08-15T22:13:44.697-0500	DEBUG	protocol/handler.go:1591	have processed broadcast	{"{round 20 3  <nil>}": {"Key":"from","Type":15,"Integer":0,"String":"b","Interface":null}}
2025-08-15T22:13:44.697-0500	DEBUG	protocol/handler.go:1591	have processed broadcast	{"{round 20 3  <nil>}": {"Key":"from","Type":15,"Integer":0,"String":"c","Interface":null}}
2025-08-15T22:13:44.697-0500	DEBUG	protocol/handler.go:1649	have all messages and processed	{"{round 20 3  <nil>}": {"Key":"self","Type":15,"Integer":0,"String":"a","Interface":null}}
2025-08-15T22:13:44.697-0500	DEBUG	protocol/handler.go:596	round already finalized
2025-08-15T22:13:44.701-0500	DEBUG	protocol/handler.go:581	tryAdvanceRound called	{"{current_round 20 3  <nil>}": {"Key":"self","Type":15,"Integer":0,"String":"b","Interface":null}}
2025-08-15T22:13:44.701-0500	DEBUG	protocol/handler.go:1591	have processed broadcast	{"{round 20 3  <nil>}": {"Key":"from","Type":15,"Integer":0,"String":"a","Interface":null}}
2025-08-15T22:13:44.701-0500	DEBUG	protocol/handler.go:581	tryAdvanceRound called	{"{current_round 20 3  <nil>}": {"Key":"self","Type":15,"Integer":0,"String":"c","Interface":null}}
2025-08-15T22:13:44.701-0500	DEBUG	protocol/handler.go:1591	have processed broadcast	{"{round 20 3  <nil>}": {"Key":"from","Type":15,"Integer":0,"String":"c","Interface":null}}
2025-08-15T22:13:44.701-0500	DEBUG	protocol/handler.go:1591	have processed broadcast	{"{round 20 3  <nil>}": {"Key":"from","Type":15,"Integer":0,"String":"a","Interface":null}}
2025-08-15T22:13:44.701-0500	DEBUG	protocol/handler.go:1591	have processed broadcast	{"{round 20 3  <nil>}": {"Key":"from","Type":15,"Integer":0,"String":"b","Interface":null}}
2025-08-15T22:13:44.701-0500	DEBUG	protocol/handler.go:1649	have all messages and processed	{"{round 20 3  <nil>}": {"Key":"self","Type":15,"Integer":0,"String":"b","Interface":null}}
2025-08-15T22:13:44.701-0500	DEBUG	protocol/handler.go:1649	have all messages and processed	{"{round 20 3  <nil>}": {"Key":"self","Type":15,"Integer":0,"String":"c","Interface":null}}
2025-08-15T22:13:44.701-0500	DEBUG	protocol/handler.go:596	round already finalized
2025-08-15T22:13:44.701-0500	DEBUG	protocol/handler.go:596	round already finalized
2025-08-15T22:13:44.707-0500	DEBUG	protocol/handler.go:581	tryAdvanceRound called	{"{current_round 20 3  <nil>}": {"Key":"self","Type":15,"Integer":0,"String":"a","Interface":null}}
2025-08-15T22:13:44.707-0500	DEBUG	protocol/handler.go:1591	have processed broadcast	{"{round 20 3  <nil>}": {"Key":"from","Type":15,"Integer":0,"String":"b","Interface":null}}
2025-08-15T22:13:44.707-0500	DEBUG	protocol/handler.go:1591	have processed broadcast	{"{round 20 3  <nil>}": {"Key":"from","Type":15,"Integer":0,"String":"c","Interface":null}}
2025-08-15T22:13:44.707-0500	DEBUG	protocol/handler.go:1649	have all messages and processed	{"{round 20 3  <nil>}": {"Key":"self","Type":15,"Integer":0,"String":"a","Interface":null}}
2025-08-15T22:13:44.707-0500	DEBUG	protocol/handler.go:596	round already finalized
2025-08-15T22:13:44.711-0500	DEBUG	protocol/handler.go:581	tryAdvanceRound called	{"{current_round 20 3  <nil>}": {"Key":"self","Type":15,"Integer":0,"String":"b","Interface":null}}
2025-08-15T22:13:44.711-0500	DEBUG	protocol/handler.go:1591	have processed broadcast	{"{round 20 3  <nil>}": {"Key":"from","Type":15,"Integer":0,"String":"a","Interface":null}}
2025-08-15T22:13:44.711-0500	DEBUG	protocol/handler.go:1591	have processed broadcast	{"{round 20 3  <nil>}": {"Key":"from","Type":15,"Integer":0,"String":"c","Interface":null}}
2025-08-15T22:13:44.711-0500	DEBUG	protocol/handler.go:1649	have all messages and processed	{"{round 20 3  <nil>}": {"Key":"self","Type":15,"Integer":0,"String":"b","Interface":null}}
2025-08-15T22:13:44.711-0500	DEBUG	protocol/handler.go:596	round already finalized
2025-08-15T22:13:44.711-0500	DEBUG	protocol/handler.go:581	tryAdvanceRound called	{"{current_round 20 3  <nil>}": {"Key":"self","Type":15,"Integer":0,"String":"c","Interface":null}}
2025-08-15T22:13:44.711-0500	DEBUG	protocol/handler.go:1591	have processed broadcast	{"{round 20 3  <nil>}": {"Key":"from","Type":15,"Integer":0,"String":"a","Interface":null}}
2025-08-15T22:13:44.711-0500	DEBUG	protocol/handler.go:1591	have processed broadcast	{"{round 20 3  <nil>}": {"Key":"from","Type":15,"Integer":0,"String":"b","Interface":null}}
2025-08-15T22:13:44.711-0500	DEBUG	protocol/handler.go:1649	have all messages and processed	{"{round 20 3  <nil>}": {"Key":"self","Type":15,"Integer":0,"String":"c","Interface":null}}
2025-08-15T22:13:44.711-0500	DEBUG	protocol/handler.go:596	round already finalized
2025-08-15T22:13:44.717-0500	DEBUG	protocol/handler.go:581	tryAdvanceRound called	{"{current_round 20 3  <nil>}": {"Key":"self","Type":15,"Integer":0,"String":"a","Interface":null}}
2025-08-15T22:13:44.717-0500	DEBUG	protocol/handler.go:1591	have processed broadcast	{"{round 20 3  <nil>}": {"Key":"from","Type":15,"Integer":0,"String":"b","Interface":null}}
2025-08-15T22:13:44.717-0500	DEBUG	protocol/handler.go:1591	have processed broadcast	{"{round 20 3  <nil>}": {"Key":"from","Type":15,"Integer":0,"String":"c","Interface":null}}
2025-08-15T22:13:44.717-0500	DEBUG	protocol/handler.go:1649	have all messages and processed	{"{round 20 3  <nil>}": {"Key":"self","Type":15,"Integer":0,"String":"a","Interface":null}}
2025-08-15T22:13:44.717-0500	DEBUG	protocol/handler.go:596	round already finalized
2025-08-15T22:13:44.721-0500	DEBUG	protocol/handler.go:581	tryAdvanceRound called	{"{current_round 20 3  <nil>}": {"Key":"self","Type":15,"Integer":0,"String":"b","Interface":null}}
2025-08-15T22:13:44.721-0500	DEBUG	protocol/handler.go:581	tryAdvanceRound called	{"{current_round 20 3  <nil>}": {"Key":"self","Type":15,"Integer":0,"String":"c","Interface":null}}
2025-08-15T22:13:44.721-0500	DEBUG	protocol/handler.go:1591	have processed broadcast	{"{round 20 3  <nil>}": {"Key":"from","Type":15,"Integer":0,"String":"a","Interface":null}}
2025-08-15T22:13:44.721-0500	DEBUG	protocol/handler.go:1591	have processed broadcast	{"{round 20 3  <nil>}": {"Key":"from","Type":15,"Integer":0,"String":"a","Interface":null}}
2025-08-15T22:13:44.721-0500	DEBUG	protocol/handler.go:1591	have processed broadcast	{"{round 20 3  <nil>}": {"Key":"from","Type":15,"Integer":0,"String":"c","Interface":null}}
2025-08-15T22:13:44.721-0500	DEBUG	protocol/handler.go:1649	have all messages and processed	{"{round 20 3  <nil>}": {"Key":"self","Type":15,"Integer":0,"String":"b","Interface":null}}
2025-08-15T22:13:44.721-0500	DEBUG	protocol/handler.go:1591	have processed broadcast	{"{round 20 3  <nil>}": {"Key":"from","Type":15,"Integer":0,"String":"b","Interface":null}}
2025-08-15T22:13:44.721-0500	DEBUG	protocol/handler.go:596	round already finalized
2025-08-15T22:13:44.721-0500	DEBUG	protocol/handler.go:1649	have all messages and processed	{"{round 20 3  <nil>}": {"Key":"self","Type":15,"Integer":0,"String":"c","Interface":null}}
2025-08-15T22:13:44.721-0500	DEBUG	protocol/handler.go:596	round already finalized
2025-08-15T22:13:44.727-0500	DEBUG	protocol/handler.go:581	tryAdvanceRound called	{"{current_round 20 3  <nil>}": {"Key":"self","Type":15,"Integer":0,"String":"a","Interface":null}}
2025-08-15T22:13:44.727-0500	DEBUG	protocol/handler.go:1591	have processed broadcast	{"{round 20 3  <nil>}": {"Key":"from","Type":15,"Integer":0,"String":"b","Interface":null}}
2025-08-15T22:13:44.727-0500	DEBUG	protocol/handler.go:1591	have processed broadcast	{"{round 20 3  <nil>}": {"Key":"from","Type":15,"Integer":0,"String":"c","Interface":null}}
2025-08-15T22:13:44.727-0500	DEBUG	protocol/handler.go:1649	have all messages and processed	{"{round 20 3  <nil>}": {"Key":"self","Type":15,"Integer":0,"String":"a","Interface":null}}
2025-08-15T22:13:44.727-0500	DEBUG	protocol/handler.go:596	round already finalized
2025-08-15T22:13:44.731-0500	DEBUG	protocol/handler.go:581	tryAdvanceRound called	{"{current_round 20 3  <nil>}": {"Key":"self","Type":15,"Integer":0,"String":"b","Interface":null}}
2025-08-15T22:13:44.731-0500	DEBUG	protocol/handler.go:581	tryAdvanceRound called	{"{current_round 20 3  <nil>}": {"Key":"self","Type":15,"Integer":0,"String":"c","Interface":null}}
2025-08-15T22:13:44.731-0500	DEBUG	protocol/handler.go:1591	have processed broadcast	{"{round 20 3  <nil>}": {"Key":"from","Type":15,"Integer":0,"String":"a","Interface":null}}
2025-08-15T22:13:44.731-0500	DEBUG	protocol/handler.go:1591	have processed broadcast	{"{round 20 3  <nil>}": {"Key":"from","Type":15,"Integer":0,"String":"a","Interface":null}}
2025-08-15T22:13:44.731-0500	DEBUG	protocol/handler.go:1591	have processed broadcast	{"{round 20 3  <nil>}": {"Key":"from","Type":15,"Integer":0,"String":"b","Interface":null}}
2025-08-15T22:13:44.731-0500	DEBUG	protocol/handler.go:1649	have all messages and processed	{"{round 20 3  <nil>}": {"Key":"self","Type":15,"Integer":0,"String":"c","Interface":null}}
2025-08-15T22:13:44.731-0500	DEBUG	protocol/handler.go:596	round already finalized
2025-08-15T22:13:44.731-0500	DEBUG	protocol/handler.go:1591	have processed broadcast	{"{round 20 3  <nil>}": {"Key":"from","Type":15,"Integer":0,"String":"c","Interface":null}}
2025-08-15T22:13:44.731-0500	DEBUG	protocol/handler.go:1649	have all messages and processed	{"{round 20 3  <nil>}": {"Key":"self","Type":15,"Integer":0,"String":"b","Interface":null}}
2025-08-15T22:13:44.731-0500	DEBUG	protocol/handler.go:596	round already finalized
2025-08-15T22:13:44.737-0500	DEBUG	protocol/handler.go:581	tryAdvanceRound called	{"{current_round 20 3  <nil>}": {"Key":"self","Type":15,"Integer":0,"String":"a","Interface":null}}
2025-08-15T22:13:44.737-0500	DEBUG	protocol/handler.go:1591	have processed broadcast	{"{round 20 3  <nil>}": {"Key":"from","Type":15,"Integer":0,"String":"b","Interface":null}}
2025-08-15T22:13:44.737-0500	DEBUG	protocol/handler.go:1591	have processed broadcast	{"{round 20 3  <nil>}": {"Key":"from","Type":15,"Integer":0,"String":"c","Interface":null}}
2025-08-15T22:13:44.737-0500	DEBUG	protocol/handler.go:1649	have all messages and processed	{"{round 20 3  <nil>}": {"Key":"self","Type":15,"Integer":0,"String":"a","Interface":null}}
2025-08-15T22:13:44.737-0500	DEBUG	protocol/handler.go:596	round already finalized
2025-08-15T22:13:44.741-0500	DEBUG	protocol/handler.go:581	tryAdvanceRound called	{"{current_round 20 3  <nil>}": {"Key":"self","Type":15,"Integer":0,"String":"b","Interface":null}}
2025-08-15T22:13:44.741-0500	DEBUG	protocol/handler.go:1591	have processed broadcast	{"{round 20 3  <nil>}": {"Key":"from","Type":15,"Integer":0,"String":"a","Interface":null}}
2025-08-15T22:13:44.741-0500	DEBUG	protocol/handler.go:1591	have processed broadcast	{"{round 20 3  <nil>}": {"Key":"from","Type":15,"Integer":0,"String":"c","Interface":null}}
2025-08-15T22:13:44.741-0500	DEBUG	protocol/handler.go:581	tryAdvanceRound called	{"{current_round 20 3  <nil>}": {"Key":"self","Type":15,"Integer":0,"String":"c","Interface":null}}
2025-08-15T22:13:44.741-0500	DEBUG	protocol/handler.go:1649	have all messages and processed	{"{round 20 3  <nil>}": {"Key":"self","Type":15,"Integer":0,"String":"b","Interface":null}}
2025-08-15T22:13:44.741-0500	DEBUG	protocol/handler.go:596	round already finalized
2025-08-15T22:13:44.741-0500	DEBUG	protocol/handler.go:1591	have processed broadcast	{"{round 20 3  <nil>}": {"Key":"from","Type":15,"Integer":0,"String":"a","Interface":null}}
2025-08-15T22:13:44.741-0500	DEBUG	protocol/handler.go:1591	have processed broadcast	{"{round 20 3  <nil>}": {"Key":"from","Type":15,"Integer":0,"String":"b","Interface":null}}
2025-08-15T22:13:44.741-0500	DEBUG	protocol/handler.go:1649	have all messages and processed	{"{round 20 3  <nil>}": {"Key":"self","Type":15,"Integer":0,"String":"c","Interface":null}}
2025-08-15T22:13:44.741-0500	DEBUG	protocol/handler.go:596	round already finalized
2025-08-15T22:13:44.747-0500	DEBUG	protocol/handler.go:581	tryAdvanceRound called	{"{current_round 20 3  <nil>}": {"Key":"self","Type":15,"Integer":0,"String":"a","Interface":null}}
2025-08-15T22:13:44.747-0500	DEBUG	protocol/handler.go:1591	have processed broadcast	{"{round 20 3  <nil>}": {"Key":"from","Type":15,"Integer":0,"String":"b","Interface":null}}
2025-08-15T22:13:44.747-0500	DEBUG	protocol/handler.go:1591	have processed broadcast	{"{round 20 3  <nil>}": {"Key":"from","Type":15,"Integer":0,"String":"c","Interface":null}}
2025-08-15T22:13:44.747-0500	DEBUG	protocol/handler.go:1649	have all messages and processed	{"{round 20 3  <nil>}": {"Key":"self","Type":15,"Integer":0,"String":"a","Interface":null}}
2025-08-15T22:13:44.747-0500	DEBUG	protocol/handler.go:596	round already finalized
2025-08-15T22:13:44.751-0500	DEBUG	protocol/handler.go:581	tryAdvanceRound called	{"{current_round 20 3  <nil>}": {"Key":"self","Type":15,"Integer":0,"String":"b","Interface":null}}
2025-08-15T22:13:44.751-0500	DEBUG	protocol/handler.go:581	tryAdvanceRound called	{"{current_round 20 3  <nil>}": {"Key":"self","Type":15,"Integer":0,"String":"c","Interface":null}}
2025-08-15T22:13:44.751-0500	DEBUG	protocol/handler.go:1591	have processed broadcast	{"{round 20 3  <nil>}": {"Key":"from","Type":15,"Integer":0,"String":"a","Interface":null}}
2025-08-15T22:13:44.751-0500	DEBUG	protocol/handler.go:1591	have processed broadcast	{"{round 20 3  <nil>}": {"Key":"from","Type":15,"Integer":0,"String":"a","Interface":null}}
2025-08-15T22:13:44.751-0500	DEBUG	protocol/handler.go:1591	have processed broadcast	{"{round 20 3  <nil>}": {"Key":"from","Type":15,"Integer":0,"String":"c","Interface":null}}
2025-08-15T22:13:44.751-0500	DEBUG	protocol/handler.go:1649	have all messages and processed	{"{round 20 3  <nil>}": {"Key":"self","Type":15,"Integer":0,"String":"b","Interface":null}}
2025-08-15T22:13:44.751-0500	DEBUG	protocol/handler.go:1591	have processed broadcast	{"{round 20 3  <nil>}": {"Key":"from","Type":15,"Integer":0,"String":"b","Interface":null}}
2025-08-15T22:13:44.751-0500	DEBUG	protocol/handler.go:596	round already finalized
2025-08-15T22:13:44.751-0500	DEBUG	protocol/handler.go:1649	have all messages and processed	{"{round 20 3  <nil>}": {"Key":"self","Type":15,"Integer":0,"String":"c","Interface":null}}
2025-08-15T22:13:44.751-0500	DEBUG	protocol/handler.go:596	round already finalized
2025-08-15T22:13:44.757-0500	DEBUG	protocol/handler.go:581	tryAdvanceRound called	{"{current_round 20 3  <nil>}": {"Key":"self","Type":15,"Integer":0,"String":"a","Interface":null}}
2025-08-15T22:13:44.757-0500	DEBUG	protocol/handler.go:1591	have processed broadcast	{"{round 20 3  <nil>}": {"Key":"from","Type":15,"Integer":0,"String":"b","Interface":null}}
2025-08-15T22:13:44.757-0500	DEBUG	protocol/handler.go:1591	have processed broadcast	{"{round 20 3  <nil>}": {"Key":"from","Type":15,"Integer":0,"String":"c","Interface":null}}
2025-08-15T22:13:44.757-0500	DEBUG	protocol/handler.go:1649	have all messages and processed	{"{round 20 3  <nil>}": {"Key":"self","Type":15,"Integer":0,"String":"a","Interface":null}}
2025-08-15T22:13:44.757-0500	DEBUG	protocol/handler.go:596	round already finalized
2025-08-15T22:13:44.761-0500	DEBUG	protocol/handler.go:581	tryAdvanceRound called	{"{current_round 20 3  <nil>}": {"Key":"self","Type":15,"Integer":0,"String":"c","Interface":null}}
2025-08-15T22:13:44.761-0500	DEBUG	protocol/handler.go:581	tryAdvanceRound called	{"{current_round 20 3  <nil>}": {"Key":"self","Type":15,"Integer":0,"String":"b","Interface":null}}
2025-08-15T22:13:44.761-0500	DEBUG	protocol/handler.go:1591	have processed broadcast	{"{round 20 3  <nil>}": {"Key":"from","Type":15,"Integer":0,"String":"a","Interface":null}}
2025-08-15T22:13:44.761-0500	DEBUG	protocol/handler.go:1591	have processed broadcast	{"{round 20 3  <nil>}": {"Key":"from","Type":15,"Integer":0,"String":"b","Interface":null}}
2025-08-15T22:13:44.761-0500	DEBUG	protocol/handler.go:1591	have processed broadcast	{"{round 20 3  <nil>}": {"Key":"from","Type":15,"Integer":0,"String":"a","Interface":null}}
2025-08-15T22:13:44.761-0500	DEBUG	protocol/handler.go:1649	have all messages and processed	{"{round 20 3  <nil>}": {"Key":"self","Type":15,"Integer":0,"String":"c","Interface":null}}
2025-08-15T22:13:44.762-0500	DEBUG	protocol/handler.go:596	round already finalized
2025-08-15T22:13:44.761-0500	DEBUG	protocol/handler.go:1591	have processed broadcast	{"{round 20 3  <nil>}": {"Key":"from","Type":15,"Integer":0,"String":"c","Interface":null}}
2025-08-15T22:13:44.762-0500	DEBUG	protocol/handler.go:1649	have all messages and processed	{"{round 20 3  <nil>}": {"Key":"self","Type":15,"Integer":0,"String":"b","Interface":null}}
2025-08-15T22:13:44.762-0500	DEBUG	protocol/handler.go:596	round already finalized
2025-08-15T22:13:44.767-0500	DEBUG	protocol/handler.go:581	tryAdvanceRound called	{"{current_round 20 3  <nil>}": {"Key":"self","Type":15,"Integer":0,"String":"a","Interface":null}}
2025-08-15T22:13:44.767-0500	DEBUG	protocol/handler.go:1591	have processed broadcast	{"{round 20 3  <nil>}": {"Key":"from","Type":15,"Integer":0,"String":"b","Interface":null}}
2025-08-15T22:13:44.767-0500	DEBUG	protocol/handler.go:1591	have processed broadcast	{"{round 20 3  <nil>}": {"Key":"from","Type":15,"Integer":0,"String":"c","Interface":null}}
2025-08-15T22:13:44.767-0500	DEBUG	protocol/handler.go:1649	have all messages and processed	{"{round 20 3  <nil>}": {"Key":"self","Type":15,"Integer":0,"String":"a","Interface":null}}
2025-08-15T22:13:44.767-0500	DEBUG	protocol/handler.go:596	round already finalized
2025-08-15T22:13:44.771-0500	DEBUG	protocol/handler.go:581	tryAdvanceRound called	{"{current_round 20 3  <nil>}": {"Key":"self","Type":15,"Integer":0,"String":"b","Interface":null}}
2025-08-15T22:13:44.771-0500	DEBUG	protocol/handler.go:581	tryAdvanceRound called	{"{current_round 20 3  <nil>}": {"Key":"self","Type":15,"Integer":0,"String":"c","Interface":null}}
2025-08-15T22:13:44.771-0500	DEBUG	protocol/handler.go:1591	have processed broadcast	{"{round 20 3  <nil>}": {"Key":"from","Type":15,"Integer":0,"String":"a","Interface":null}}
2025-08-15T22:13:44.771-0500	DEBUG	protocol/handler.go:1591	have processed broadcast	{"{round 20 3  <nil>}": {"Key":"from","Type":15,"Integer":0,"String":"a","Interface":null}}
2025-08-15T22:13:44.771-0500	DEBUG	protocol/handler.go:1591	have processed broadcast	{"{round 20 3  <nil>}": {"Key":"from","Type":15,"Integer":0,"String":"c","Interface":null}}
2025-08-15T22:13:44.771-0500	DEBUG	protocol/handler.go:1591	have processed broadcast	{"{round 20 3  <nil>}": {"Key":"from","Type":15,"Integer":0,"String":"b","Interface":null}}
2025-08-15T22:13:44.771-0500	DEBUG	protocol/handler.go:1649	have all messages and processed	{"{round 20 3  <nil>}": {"Key":"self","Type":15,"Integer":0,"String":"b","Interface":null}}
2025-08-15T22:13:44.771-0500	DEBUG	protocol/handler.go:596	round already finalized
2025-08-15T22:13:44.771-0500	DEBUG	protocol/handler.go:1649	have all messages and processed	{"{round 20 3  <nil>}": {"Key":"self","Type":15,"Integer":0,"String":"c","Interface":null}}
2025-08-15T22:13:44.771-0500	DEBUG	protocol/handler.go:596	round already finalized
2025-08-15T22:13:44.777-0500	DEBUG	protocol/handler.go:581	tryAdvanceRound called	{"{current_round 20 3  <nil>}": {"Key":"self","Type":15,"Integer":0,"String":"a","Interface":null}}
2025-08-15T22:13:44.777-0500	DEBUG	protocol/handler.go:1591	have processed broadcast	{"{round 20 3  <nil>}": {"Key":"from","Type":15,"Integer":0,"String":"b","Interface":null}}
2025-08-15T22:13:44.777-0500	DEBUG	protocol/handler.go:1591	have processed broadcast	{"{round 20 3  <nil>}": {"Key":"from","Type":15,"Integer":0,"String":"c","Interface":null}}
2025-08-15T22:13:44.777-0500	DEBUG	protocol/handler.go:1649	have all messages and processed	{"{round 20 3  <nil>}": {"Key":"self","Type":15,"Integer":0,"String":"a","Interface":null}}
2025-08-15T22:13:44.777-0500	DEBUG	protocol/handler.go:596	round already finalized
2025-08-15T22:13:44.781-0500	DEBUG	protocol/handler.go:581	tryAdvanceRound called	{"{current_round 20 3  <nil>}": {"Key":"self","Type":15,"Integer":0,"String":"b","Interface":null}}
2025-08-15T22:13:44.781-0500	DEBUG	protocol/handler.go:581	tryAdvanceRound called	{"{current_round 20 3  <nil>}": {"Key":"self","Type":15,"Integer":0,"String":"c","Interface":null}}
2025-08-15T22:13:44.781-0500	DEBUG	protocol/handler.go:1591	have processed broadcast	{"{round 20 3  <nil>}": {"Key":"from","Type":15,"Integer":0,"String":"a","Interface":null}}
2025-08-15T22:13:44.781-0500	DEBUG	protocol/handler.go:1591	have processed broadcast	{"{round 20 3  <nil>}": {"Key":"from","Type":15,"Integer":0,"String":"a","Interface":null}}
2025-08-15T22:13:44.781-0500	DEBUG	protocol/handler.go:1591	have processed broadcast	{"{round 20 3  <nil>}": {"Key":"from","Type":15,"Integer":0,"String":"c","Interface":null}}
2025-08-15T22:13:44.781-0500	DEBUG	protocol/handler.go:1591	have processed broadcast	{"{round 20 3  <nil>}": {"Key":"from","Type":15,"Integer":0,"String":"b","Interface":null}}
2025-08-15T22:13:44.781-0500	DEBUG	protocol/handler.go:1649	have all messages and processed	{"{round 20 3  <nil>}": {"Key":"self","Type":15,"Integer":0,"String":"b","Interface":null}}
2025-08-15T22:13:44.781-0500	DEBUG	protocol/handler.go:1649	have all messages and processed	{"{round 20 3  <nil>}": {"Key":"self","Type":15,"Integer":0,"String":"c","Interface":null}}
2025-08-15T22:13:44.781-0500	DEBUG	protocol/handler.go:596	round already finalized
2025-08-15T22:13:44.781-0500	DEBUG	protocol/handler.go:596	round already finalized
2025-08-15T22:13:44.787-0500	DEBUG	protocol/handler.go:581	tryAdvanceRound called	{"{current_round 20 3  <nil>}": {"Key":"self","Type":15,"Integer":0,"String":"a","Interface":null}}
2025-08-15T22:13:44.787-0500	DEBUG	protocol/handler.go:1591	have processed broadcast	{"{round 20 3  <nil>}": {"Key":"from","Type":15,"Integer":0,"String":"b","Interface":null}}
2025-08-15T22:13:44.787-0500	DEBUG	protocol/handler.go:1591	have processed broadcast	{"{round 20 3  <nil>}": {"Key":"from","Type":15,"Integer":0,"String":"c","Interface":null}}
2025-08-15T22:13:44.787-0500	DEBUG	protocol/handler.go:1649	have all messages and processed	{"{round 20 3  <nil>}": {"Key":"self","Type":15,"Integer":0,"String":"a","Interface":null}}
2025-08-15T22:13:44.787-0500	DEBUG	protocol/handler.go:596	round already finalized
2025-08-15T22:13:44.791-0500	DEBUG	protocol/handler.go:581	tryAdvanceRound called	{"{current_round 20 3  <nil>}": {"Key":"self","Type":15,"Integer":0,"String":"c","Interface":null}}
2025-08-15T22:13:44.791-0500	DEBUG	protocol/handler.go:581	tryAdvanceRound called	{"{current_round 20 3  <nil>}": {"Key":"self","Type":15,"Integer":0,"String":"b","Interface":null}}
2025-08-15T22:13:44.791-0500	DEBUG	protocol/handler.go:1591	have processed broadcast	{"{round 20 3  <nil>}": {"Key":"from","Type":15,"Integer":0,"String":"a","Interface":null}}
2025-08-15T22:13:44.791-0500	DEBUG	protocol/handler.go:1591	have processed broadcast	{"{round 20 3  <nil>}": {"Key":"from","Type":15,"Integer":0,"String":"a","Interface":null}}
2025-08-15T22:13:44.791-0500	DEBUG	protocol/handler.go:1591	have processed broadcast	{"{round 20 3  <nil>}": {"Key":"from","Type":15,"Integer":0,"String":"b","Interface":null}}
2025-08-15T22:13:44.791-0500	DEBUG	protocol/handler.go:1591	have processed broadcast	{"{round 20 3  <nil>}": {"Key":"from","Type":15,"Integer":0,"String":"c","Interface":null}}
2025-08-15T22:13:44.791-0500	DEBUG	protocol/handler.go:1649	have all messages and processed	{"{round 20 3  <nil>}": {"Key":"self","Type":15,"Integer":0,"String":"c","Interface":null}}
2025-08-15T22:13:44.791-0500	DEBUG	protocol/handler.go:596	round already finalized
2025-08-15T22:13:44.791-0500	DEBUG	protocol/handler.go:1649	have all messages and processed	{"{round 20 3  <nil>}": {"Key":"self","Type":15,"Integer":0,"String":"b","Interface":null}}
2025-08-15T22:13:44.791-0500	DEBUG	protocol/handler.go:596	round already finalized
2025-08-15T22:13:44.797-0500	DEBUG	protocol/handler.go:581	tryAdvanceRound called	{"{current_round 20 3  <nil>}": {"Key":"self","Type":15,"Integer":0,"String":"a","Interface":null}}
2025-08-15T22:13:44.797-0500	DEBUG	protocol/handler.go:1591	have processed broadcast	{"{round 20 3  <nil>}": {"Key":"from","Type":15,"Integer":0,"String":"b","Interface":null}}
2025-08-15T22:13:44.797-0500	DEBUG	protocol/handler.go:1591	have processed broadcast	{"{round 20 3  <nil>}": {"Key":"from","Type":15,"Integer":0,"String":"c","Interface":null}}
2025-08-15T22:13:44.797-0500	DEBUG	protocol/handler.go:1649	have all messages and processed	{"{round 20 3  <nil>}": {"Key":"self","Type":15,"Integer":0,"String":"a","Interface":null}}
2025-08-15T22:13:44.797-0500	DEBUG	protocol/handler.go:596	round already finalized
2025-08-15T22:13:44.801-0500	DEBUG	protocol/handler.go:581	tryAdvanceRound called	{"{current_round 20 3  <nil>}": {"Key":"self","Type":15,"Integer":0,"String":"b","Interface":null}}
2025-08-15T22:13:44.801-0500	DEBUG	protocol/handler.go:581	tryAdvanceRound called	{"{current_round 20 3  <nil>}": {"Key":"self","Type":15,"Integer":0,"String":"c","Interface":null}}
2025-08-15T22:13:44.801-0500	DEBUG	protocol/handler.go:1591	have processed broadcast	{"{round 20 3  <nil>}": {"Key":"from","Type":15,"Integer":0,"String":"a","Interface":null}}
2025-08-15T22:13:44.801-0500	DEBUG	protocol/handler.go:1591	have processed broadcast	{"{round 20 3  <nil>}": {"Key":"from","Type":15,"Integer":0,"String":"a","Interface":null}}
2025-08-15T22:13:44.801-0500	DEBUG	protocol/handler.go:1591	have processed broadcast	{"{round 20 3  <nil>}": {"Key":"from","Type":15,"Integer":0,"String":"c","Interface":null}}
2025-08-15T22:13:44.801-0500	DEBUG	protocol/handler.go:1591	have processed broadcast	{"{round 20 3  <nil>}": {"Key":"from","Type":15,"Integer":0,"String":"b","Interface":null}}
2025-08-15T22:13:44.801-0500	DEBUG	protocol/handler.go:1649	have all messages and processed	{"{round 20 3  <nil>}": {"Key":"self","Type":15,"Integer":0,"String":"b","Interface":null}}
2025-08-15T22:13:44.801-0500	DEBUG	protocol/handler.go:1649	have all messages and processed	{"{round 20 3  <nil>}": {"Key":"self","Type":15,"Integer":0,"String":"c","Interface":null}}
2025-08-15T22:13:44.801-0500	DEBUG	protocol/handler.go:596	round already finalized
2025-08-15T22:13:44.801-0500	DEBUG	protocol/handler.go:596	round already finalized
2025-08-15T22:13:44.807-0500	DEBUG	protocol/handler.go:581	tryAdvanceRound called	{"{current_round 20 3  <nil>}": {"Key":"self","Type":15,"Integer":0,"String":"a","Interface":null}}
2025-08-15T22:13:44.807-0500	DEBUG	protocol/handler.go:1591	have processed broadcast	{"{round 20 3  <nil>}": {"Key":"from","Type":15,"Integer":0,"String":"b","Interface":null}}
2025-08-15T22:13:44.807-0500	DEBUG	protocol/handler.go:1591	have processed broadcast	{"{round 20 3  <nil>}": {"Key":"from","Type":15,"Integer":0,"String":"c","Interface":null}}
2025-08-15T22:13:44.807-0500	DEBUG	protocol/handler.go:1649	have all messages and processed	{"{round 20 3  <nil>}": {"Key":"self","Type":15,"Integer":0,"String":"a","Interface":null}}
2025-08-15T22:13:44.807-0500	DEBUG	protocol/handler.go:596	round already finalized
2025-08-15T22:13:44.811-0500	DEBUG	protocol/handler.go:581	tryAdvanceRound called	{"{current_round 20 3  <nil>}": {"Key":"self","Type":15,"Integer":0,"String":"b","Interface":null}}
2025-08-15T22:13:44.811-0500	DEBUG	protocol/handler.go:581	tryAdvanceRound called	{"{current_round 20 3  <nil>}": {"Key":"self","Type":15,"Integer":0,"String":"c","Interface":null}}
2025-08-15T22:13:44.811-0500	DEBUG	protocol/handler.go:1591	have processed broadcast	{"{round 20 3  <nil>}": {"Key":"from","Type":15,"Integer":0,"String":"a","Interface":null}}
2025-08-15T22:13:44.811-0500	DEBUG	protocol/handler.go:1591	have processed broadcast	{"{round 20 3  <nil>}": {"Key":"from","Type":15,"Integer":0,"String":"c","Interface":null}}
2025-08-15T22:13:44.811-0500	DEBUG	protocol/handler.go:1591	have processed broadcast	{"{round 20 3  <nil>}": {"Key":"from","Type":15,"Integer":0,"String":"a","Interface":null}}
2025-08-15T22:13:44.811-0500	DEBUG	protocol/handler.go:1649	have all messages and processed	{"{round 20 3  <nil>}": {"Key":"self","Type":15,"Integer":0,"String":"b","Interface":null}}
2025-08-15T22:13:44.811-0500	DEBUG	protocol/handler.go:1591	have processed broadcast	{"{round 20 3  <nil>}": {"Key":"from","Type":15,"Integer":0,"String":"b","Interface":null}}
2025-08-15T22:13:44.811-0500	DEBUG	protocol/handler.go:596	round already finalized
2025-08-15T22:13:44.811-0500	DEBUG	protocol/handler.go:1649	have all messages and processed	{"{round 20 3  <nil>}": {"Key":"self","Type":15,"Integer":0,"String":"c","Interface":null}}
2025-08-15T22:13:44.811-0500	DEBUG	protocol/handler.go:596	round already finalized
2025-08-15T22:13:44.817-0500	DEBUG	protocol/handler.go:581	tryAdvanceRound called	{"{current_round 20 3  <nil>}": {"Key":"self","Type":15,"Integer":0,"String":"a","Interface":null}}
2025-08-15T22:13:44.817-0500	DEBUG	protocol/handler.go:1591	have processed broadcast	{"{round 20 3  <nil>}": {"Key":"from","Type":15,"Integer":0,"String":"b","Interface":null}}
2025-08-15T22:13:44.817-0500	DEBUG	protocol/handler.go:1591	have processed broadcast	{"{round 20 3  <nil>}": {"Key":"from","Type":15,"Integer":0,"String":"c","Interface":null}}
2025-08-15T22:13:44.817-0500	DEBUG	protocol/handler.go:1649	have all messages and processed	{"{round 20 3  <nil>}": {"Key":"self","Type":15,"Integer":0,"String":"a","Interface":null}}
2025-08-15T22:13:44.817-0500	DEBUG	protocol/handler.go:596	round already finalized
2025-08-15T22:13:44.821-0500	DEBUG	protocol/handler.go:581	tryAdvanceRound called	{"{current_round 20 3  <nil>}": {"Key":"self","Type":15,"Integer":0,"String":"b","Interface":null}}
2025-08-15T22:13:44.821-0500	DEBUG	protocol/handler.go:581	tryAdvanceRound called	{"{current_round 20 3  <nil>}": {"Key":"self","Type":15,"Integer":0,"String":"c","Interface":null}}
2025-08-15T22:13:44.821-0500	DEBUG	protocol/handler.go:1591	have processed broadcast	{"{round 20 3  <nil>}": {"Key":"from","Type":15,"Integer":0,"String":"a","Interface":null}}
2025-08-15T22:13:44.821-0500	DEBUG	protocol/handler.go:1591	have processed broadcast	{"{round 20 3  <nil>}": {"Key":"from","Type":15,"Integer":0,"String":"a","Interface":null}}
2025-08-15T22:13:44.821-0500	DEBUG	protocol/handler.go:1591	have processed broadcast	{"{round 20 3  <nil>}": {"Key":"from","Type":15,"Integer":0,"String":"c","Interface":null}}
2025-08-15T22:13:44.821-0500	DEBUG	protocol/handler.go:1591	have processed broadcast	{"{round 20 3  <nil>}": {"Key":"from","Type":15,"Integer":0,"String":"b","Interface":null}}
2025-08-15T22:13:44.821-0500	DEBUG	protocol/handler.go:1649	have all messages and processed	{"{round 20 3  <nil>}": {"Key":"self","Type":15,"Integer":0,"String":"b","Interface":null}}
2025-08-15T22:13:44.821-0500	DEBUG	protocol/handler.go:1649	have all messages and processed	{"{round 20 3  <nil>}": {"Key":"self","Type":15,"Integer":0,"String":"c","Interface":null}}
2025-08-15T22:13:44.821-0500	DEBUG	protocol/handler.go:596	round already finalized
2025-08-15T22:13:44.821-0500	DEBUG	protocol/handler.go:596	round already finalized
2025-08-15T22:13:44.826-0500	DEBUG	protocol/handler.go:581	tryAdvanceRound called	{"{current_round 20 3  <nil>}": {"Key":"self","Type":15,"Integer":0,"String":"a","Interface":null}}
2025-08-15T22:13:44.826-0500	DEBUG	protocol/handler.go:1591	have processed broadcast	{"{round 20 3  <nil>}": {"Key":"from","Type":15,"Integer":0,"String":"b","Interface":null}}
2025-08-15T22:13:44.826-0500	DEBUG	protocol/handler.go:1591	have processed broadcast	{"{round 20 3  <nil>}": {"Key":"from","Type":15,"Integer":0,"String":"c","Interface":null}}
2025-08-15T22:13:44.827-0500	DEBUG	protocol/handler.go:1649	have all messages and processed	{"{round 20 3  <nil>}": {"Key":"self","Type":15,"Integer":0,"String":"a","Interface":null}}
2025-08-15T22:13:44.827-0500	DEBUG	protocol/handler.go:596	round already finalized
2025-08-15T22:13:44.831-0500	DEBUG	protocol/handler.go:581	tryAdvanceRound called	{"{current_round 20 3  <nil>}": {"Key":"self","Type":15,"Integer":0,"String":"c","Interface":null}}
2025-08-15T22:13:44.831-0500	DEBUG	protocol/handler.go:581	tryAdvanceRound called	{"{current_round 20 3  <nil>}": {"Key":"self","Type":15,"Integer":0,"String":"b","Interface":null}}
2025-08-15T22:13:44.831-0500	DEBUG	protocol/handler.go:1591	have processed broadcast	{"{round 20 3  <nil>}": {"Key":"from","Type":15,"Integer":0,"String":"a","Interface":null}}
2025-08-15T22:13:44.831-0500	DEBUG	protocol/handler.go:1591	have processed broadcast	{"{round 20 3  <nil>}": {"Key":"from","Type":15,"Integer":0,"String":"a","Interface":null}}
2025-08-15T22:13:44.831-0500	DEBUG	protocol/handler.go:1591	have processed broadcast	{"{round 20 3  <nil>}": {"Key":"from","Type":15,"Integer":0,"String":"c","Interface":null}}
2025-08-15T22:13:44.831-0500	DEBUG	protocol/handler.go:1591	have processed broadcast	{"{round 20 3  <nil>}": {"Key":"from","Type":15,"Integer":0,"String":"b","Interface":null}}
2025-08-15T22:13:44.831-0500	DEBUG	protocol/handler.go:1649	have all messages and processed	{"{round 20 3  <nil>}": {"Key":"self","Type":15,"Integer":0,"String":"b","Interface":null}}
2025-08-15T22:13:44.831-0500	DEBUG	protocol/handler.go:1649	have all messages and processed	{"{round 20 3  <nil>}": {"Key":"self","Type":15,"Integer":0,"String":"c","Interface":null}}
2025-08-15T22:13:44.831-0500	DEBUG	protocol/handler.go:596	round already finalized
2025-08-15T22:13:44.831-0500	DEBUG	protocol/handler.go:596	round already finalized
2025-08-15T22:13:44.837-0500	DEBUG	protocol/handler.go:581	tryAdvanceRound called	{"{current_round 20 3  <nil>}": {"Key":"self","Type":15,"Integer":0,"String":"a","Interface":null}}
2025-08-15T22:13:44.837-0500	DEBUG	protocol/handler.go:1591	have processed broadcast	{"{round 20 3  <nil>}": {"Key":"from","Type":15,"Integer":0,"String":"b","Interface":null}}
2025-08-15T22:13:44.837-0500	DEBUG	protocol/handler.go:1591	have processed broadcast	{"{round 20 3  <nil>}": {"Key":"from","Type":15,"Integer":0,"String":"c","Interface":null}}
2025-08-15T22:13:44.837-0500	DEBUG	protocol/handler.go:1649	have all messages and processed	{"{round 20 3  <nil>}": {"Key":"self","Type":15,"Integer":0,"String":"a","Interface":null}}
2025-08-15T22:13:44.837-0500	DEBUG	protocol/handler.go:596	round already finalized
2025-08-15T22:13:44.841-0500	DEBUG	protocol/handler.go:581	tryAdvanceRound called	{"{current_round 20 3  <nil>}": {"Key":"self","Type":15,"Integer":0,"String":"b","Interface":null}}
2025-08-15T22:13:44.841-0500	DEBUG	protocol/handler.go:581	tryAdvanceRound called	{"{current_round 20 3  <nil>}": {"Key":"self","Type":15,"Integer":0,"String":"c","Interface":null}}
2025-08-15T22:13:44.841-0500	DEBUG	protocol/handler.go:1591	have processed broadcast	{"{round 20 3  <nil>}": {"Key":"from","Type":15,"Integer":0,"String":"a","Interface":null}}
2025-08-15T22:13:44.841-0500	DEBUG	protocol/handler.go:1591	have processed broadcast	{"{round 20 3  <nil>}": {"Key":"from","Type":15,"Integer":0,"String":"a","Interface":null}}
2025-08-15T22:13:44.841-0500	DEBUG	protocol/handler.go:1591	have processed broadcast	{"{round 20 3  <nil>}": {"Key":"from","Type":15,"Integer":0,"String":"c","Interface":null}}
2025-08-15T22:13:44.841-0500	DEBUG	protocol/handler.go:1591	have processed broadcast	{"{round 20 3  <nil>}": {"Key":"from","Type":15,"Integer":0,"String":"b","Interface":null}}
2025-08-15T22:13:44.841-0500	DEBUG	protocol/handler.go:1649	have all messages and processed	{"{round 20 3  <nil>}": {"Key":"self","Type":15,"Integer":0,"String":"b","Interface":null}}
2025-08-15T22:13:44.841-0500	DEBUG	protocol/handler.go:1649	have all messages and processed	{"{round 20 3  <nil>}": {"Key":"self","Type":15,"Integer":0,"String":"c","Interface":null}}
2025-08-15T22:13:44.841-0500	DEBUG	protocol/handler.go:596	round already finalized
2025-08-15T22:13:44.841-0500	DEBUG	protocol/handler.go:596	round already finalized
2025-08-15T22:13:44.847-0500	DEBUG	protocol/handler.go:581	tryAdvanceRound called	{"{current_round 20 3  <nil>}": {"Key":"self","Type":15,"Integer":0,"String":"a","Interface":null}}
2025-08-15T22:13:44.847-0500	DEBUG	protocol/handler.go:1591	have processed broadcast	{"{round 20 3  <nil>}": {"Key":"from","Type":15,"Integer":0,"String":"b","Interface":null}}
2025-08-15T22:13:44.847-0500	DEBUG	protocol/handler.go:1591	have processed broadcast	{"{round 20 3  <nil>}": {"Key":"from","Type":15,"Integer":0,"String":"c","Interface":null}}
2025-08-15T22:13:44.847-0500	DEBUG	protocol/handler.go:1649	have all messages and processed	{"{round 20 3  <nil>}": {"Key":"self","Type":15,"Integer":0,"String":"a","Interface":null}}
2025-08-15T22:13:44.847-0500	DEBUG	protocol/handler.go:596	round already finalized
2025-08-15T22:13:44.851-0500	DEBUG	protocol/handler.go:581	tryAdvanceRound called	{"{current_round 20 3  <nil>}": {"Key":"self","Type":15,"Integer":0,"String":"b","Interface":null}}
2025-08-15T22:13:44.851-0500	DEBUG	protocol/handler.go:581	tryAdvanceRound called	{"{current_round 20 3  <nil>}": {"Key":"self","Type":15,"Integer":0,"String":"c","Interface":null}}
2025-08-15T22:13:44.851-0500	DEBUG	protocol/handler.go:1591	have processed broadcast	{"{round 20 3  <nil>}": {"Key":"from","Type":15,"Integer":0,"String":"a","Interface":null}}
2025-08-15T22:13:44.851-0500	DEBUG	protocol/handler.go:1591	have processed broadcast	{"{round 20 3  <nil>}": {"Key":"from","Type":15,"Integer":0,"String":"a","Interface":null}}
2025-08-15T22:13:44.851-0500	DEBUG	protocol/handler.go:1591	have processed broadcast	{"{round 20 3  <nil>}": {"Key":"from","Type":15,"Integer":0,"String":"c","Interface":null}}
2025-08-15T22:13:44.851-0500	DEBUG	protocol/handler.go:1591	have processed broadcast	{"{round 20 3  <nil>}": {"Key":"from","Type":15,"Integer":0,"String":"b","Interface":null}}
2025-08-15T22:13:44.851-0500	DEBUG	protocol/handler.go:1649	have all messages and processed	{"{round 20 3  <nil>}": {"Key":"self","Type":15,"Integer":0,"String":"b","Interface":null}}
2025-08-15T22:13:44.851-0500	DEBUG	protocol/handler.go:1649	have all messages and processed	{"{round 20 3  <nil>}": {"Key":"self","Type":15,"Integer":0,"String":"c","Interface":null}}
2025-08-15T22:13:44.851-0500	DEBUG	protocol/handler.go:596	round already finalized
2025-08-15T22:13:44.851-0500	DEBUG	protocol/handler.go:596	round already finalized
2025-08-15T22:13:44.856-0500	DEBUG	protocol/handler.go:581	tryAdvanceRound called	{"{current_round 20 3  <nil>}": {"Key":"self","Type":15,"Integer":0,"String":"a","Interface":null}}
2025-08-15T22:13:44.856-0500	DEBUG	protocol/handler.go:1591	have processed broadcast	{"{round 20 3  <nil>}": {"Key":"from","Type":15,"Integer":0,"String":"b","Interface":null}}
2025-08-15T22:13:44.857-0500	DEBUG	protocol/handler.go:1591	have processed broadcast	{"{round 20 3  <nil>}": {"Key":"from","Type":15,"Integer":0,"String":"c","Interface":null}}
2025-08-15T22:13:44.857-0500	DEBUG	protocol/handler.go:1649	have all messages and processed	{"{round 20 3  <nil>}": {"Key":"self","Type":15,"Integer":0,"String":"a","Interface":null}}
2025-08-15T22:13:44.857-0500	DEBUG	protocol/handler.go:596	round already finalized
2025-08-15T22:13:44.861-0500	DEBUG	protocol/handler.go:581	tryAdvanceRound called	{"{current_round 20 3  <nil>}": {"Key":"self","Type":15,"Integer":0,"String":"b","Interface":null}}
2025-08-15T22:13:44.861-0500	DEBUG	protocol/handler.go:581	tryAdvanceRound called	{"{current_round 20 3  <nil>}": {"Key":"self","Type":15,"Integer":0,"String":"c","Interface":null}}
2025-08-15T22:13:44.861-0500	DEBUG	protocol/handler.go:1591	have processed broadcast	{"{round 20 3  <nil>}": {"Key":"from","Type":15,"Integer":0,"String":"a","Interface":null}}
2025-08-15T22:13:44.861-0500	DEBUG	protocol/handler.go:1591	have processed broadcast	{"{round 20 3  <nil>}": {"Key":"from","Type":15,"Integer":0,"String":"a","Interface":null}}
2025-08-15T22:13:44.861-0500	DEBUG	protocol/handler.go:1591	have processed broadcast	{"{round 20 3  <nil>}": {"Key":"from","Type":15,"Integer":0,"String":"c","Interface":null}}
2025-08-15T22:13:44.861-0500	DEBUG	protocol/handler.go:1591	have processed broadcast	{"{round 20 3  <nil>}": {"Key":"from","Type":15,"Integer":0,"String":"b","Interface":null}}
2025-08-15T22:13:44.861-0500	DEBUG	protocol/handler.go:1649	have all messages and processed	{"{round 20 3  <nil>}": {"Key":"self","Type":15,"Integer":0,"String":"b","Interface":null}}
2025-08-15T22:13:44.861-0500	DEBUG	protocol/handler.go:1649	have all messages and processed	{"{round 20 3  <nil>}": {"Key":"self","Type":15,"Integer":0,"String":"c","Interface":null}}
2025-08-15T22:13:44.861-0500	DEBUG	protocol/handler.go:596	round already finalized
2025-08-15T22:13:44.861-0500	DEBUG	protocol/handler.go:596	round already finalized
2025-08-15T22:13:44.867-0500	DEBUG	protocol/handler.go:581	tryAdvanceRound called	{"{current_round 20 3  <nil>}": {"Key":"self","Type":15,"Integer":0,"String":"a","Interface":null}}
2025-08-15T22:13:44.867-0500	DEBUG	protocol/handler.go:1591	have processed broadcast	{"{round 20 3  <nil>}": {"Key":"from","Type":15,"Integer":0,"String":"b","Interface":null}}
2025-08-15T22:13:44.867-0500	DEBUG	protocol/handler.go:1591	have processed broadcast	{"{round 20 3  <nil>}": {"Key":"from","Type":15,"Integer":0,"String":"c","Interface":null}}
2025-08-15T22:13:44.867-0500	DEBUG	protocol/handler.go:1649	have all messages and processed	{"{round 20 3  <nil>}": {"Key":"self","Type":15,"Integer":0,"String":"a","Interface":null}}
2025-08-15T22:13:44.867-0500	DEBUG	protocol/handler.go:596	round already finalized
2025-08-15T22:13:44.871-0500	DEBUG	protocol/handler.go:581	tryAdvanceRound called	{"{current_round 20 3  <nil>}": {"Key":"self","Type":15,"Integer":0,"String":"b","Interface":null}}
2025-08-15T22:13:44.871-0500	DEBUG	protocol/handler.go:581	tryAdvanceRound called	{"{current_round 20 3  <nil>}": {"Key":"self","Type":15,"Integer":0,"String":"c","Interface":null}}
2025-08-15T22:13:44.871-0500	DEBUG	protocol/handler.go:1591	have processed broadcast	{"{round 20 3  <nil>}": {"Key":"from","Type":15,"Integer":0,"String":"a","Interface":null}}
2025-08-15T22:13:44.871-0500	DEBUG	protocol/handler.go:1591	have processed broadcast	{"{round 20 3  <nil>}": {"Key":"from","Type":15,"Integer":0,"String":"a","Interface":null}}
2025-08-15T22:13:44.871-0500	DEBUG	protocol/handler.go:1591	have processed broadcast	{"{round 20 3  <nil>}": {"Key":"from","Type":15,"Integer":0,"String":"c","Interface":null}}
2025-08-15T22:13:44.871-0500	DEBUG	protocol/handler.go:1591	have processed broadcast	{"{round 20 3  <nil>}": {"Key":"from","Type":15,"Integer":0,"String":"b","Interface":null}}
2025-08-15T22:13:44.871-0500	DEBUG	protocol/handler.go:1649	have all messages and processed	{"{round 20 3  <nil>}": {"Key":"self","Type":15,"Integer":0,"String":"b","Interface":null}}
2025-08-15T22:13:44.871-0500	DEBUG	protocol/handler.go:596	round already finalized
2025-08-15T22:13:44.871-0500	DEBUG	protocol/handler.go:1649	have all messages and processed	{"{round 20 3  <nil>}": {"Key":"self","Type":15,"Integer":0,"String":"c","Interface":null}}
2025-08-15T22:13:44.871-0500	DEBUG	protocol/handler.go:596	round already finalized
2025-08-15T22:13:44.877-0500	DEBUG	protocol/handler.go:581	tryAdvanceRound called	{"{current_round 20 3  <nil>}": {"Key":"self","Type":15,"Integer":0,"String":"a","Interface":null}}
2025-08-15T22:13:44.877-0500	DEBUG	protocol/handler.go:1591	have processed broadcast	{"{round 20 3  <nil>}": {"Key":"from","Type":15,"Integer":0,"String":"b","Interface":null}}
2025-08-15T22:13:44.877-0500	DEBUG	protocol/handler.go:1591	have processed broadcast	{"{round 20 3  <nil>}": {"Key":"from","Type":15,"Integer":0,"String":"c","Interface":null}}
2025-08-15T22:13:44.877-0500	DEBUG	protocol/handler.go:1649	have all messages and processed	{"{round 20 3  <nil>}": {"Key":"self","Type":15,"Integer":0,"String":"a","Interface":null}}
2025-08-15T22:13:44.877-0500	DEBUG	protocol/handler.go:596	round already finalized
2025-08-15T22:13:44.881-0500	DEBUG	protocol/handler.go:581	tryAdvanceRound called	{"{current_round 20 3  <nil>}": {"Key":"self","Type":15,"Integer":0,"String":"c","Interface":null}}
2025-08-15T22:13:44.881-0500	DEBUG	protocol/handler.go:581	tryAdvanceRound called	{"{current_round 20 3  <nil>}": {"Key":"self","Type":15,"Integer":0,"String":"b","Interface":null}}
2025-08-15T22:13:44.881-0500	DEBUG	protocol/handler.go:1591	have processed broadcast	{"{round 20 3  <nil>}": {"Key":"from","Type":15,"Integer":0,"String":"a","Interface":null}}
2025-08-15T22:13:44.881-0500	DEBUG	protocol/handler.go:1591	have processed broadcast	{"{round 20 3  <nil>}": {"Key":"from","Type":15,"Integer":0,"String":"a","Interface":null}}
2025-08-15T22:13:44.881-0500	DEBUG	protocol/handler.go:1591	have processed broadcast	{"{round 20 3  <nil>}": {"Key":"from","Type":15,"Integer":0,"String":"c","Interface":null}}
2025-08-15T22:13:44.881-0500	DEBUG	protocol/handler.go:1591	have processed broadcast	{"{round 20 3  <nil>}": {"Key":"from","Type":15,"Integer":0,"String":"b","Interface":null}}
2025-08-15T22:13:44.881-0500	DEBUG	protocol/handler.go:1649	have all messages and processed	{"{round 20 3  <nil>}": {"Key":"self","Type":15,"Integer":0,"String":"b","Interface":null}}
2025-08-15T22:13:44.881-0500	DEBUG	protocol/handler.go:1649	have all messages and processed	{"{round 20 3  <nil>}": {"Key":"self","Type":15,"Integer":0,"String":"c","Interface":null}}
2025-08-15T22:13:44.881-0500	DEBUG	protocol/handler.go:596	round already finalized
2025-08-15T22:13:44.881-0500	DEBUG	protocol/handler.go:596	round already finalized
2025-08-15T22:13:44.887-0500	DEBUG	protocol/handler.go:581	tryAdvanceRound called	{"{current_round 20 3  <nil>}": {"Key":"self","Type":15,"Integer":0,"String":"a","Interface":null}}
2025-08-15T22:13:44.887-0500	DEBUG	protocol/handler.go:1591	have processed broadcast	{"{round 20 3  <nil>}": {"Key":"from","Type":15,"Integer":0,"String":"b","Interface":null}}
2025-08-15T22:13:44.887-0500	DEBUG	protocol/handler.go:1591	have processed broadcast	{"{round 20 3  <nil>}": {"Key":"from","Type":15,"Integer":0,"String":"c","Interface":null}}
2025-08-15T22:13:44.887-0500	DEBUG	protocol/handler.go:1649	have all messages and processed	{"{round 20 3  <nil>}": {"Key":"self","Type":15,"Integer":0,"String":"a","Interface":null}}
2025-08-15T22:13:44.887-0500	DEBUG	protocol/handler.go:596	round already finalized
2025-08-15T22:13:44.891-0500	DEBUG	protocol/handler.go:581	tryAdvanceRound called	{"{current_round 20 3  <nil>}": {"Key":"self","Type":15,"Integer":0,"String":"b","Interface":null}}
2025-08-15T22:13:44.891-0500	DEBUG	protocol/handler.go:581	tryAdvanceRound called	{"{current_round 20 3  <nil>}": {"Key":"self","Type":15,"Integer":0,"String":"c","Interface":null}}
2025-08-15T22:13:44.891-0500	DEBUG	protocol/handler.go:1591	have processed broadcast	{"{round 20 3  <nil>}": {"Key":"from","Type":15,"Integer":0,"String":"a","Interface":null}}
2025-08-15T22:13:44.891-0500	DEBUG	protocol/handler.go:1591	have processed broadcast	{"{round 20 3  <nil>}": {"Key":"from","Type":15,"Integer":0,"String":"a","Interface":null}}
2025-08-15T22:13:44.891-0500	DEBUG	protocol/handler.go:1591	have processed broadcast	{"{round 20 3  <nil>}": {"Key":"from","Type":15,"Integer":0,"String":"c","Interface":null}}
2025-08-15T22:13:44.891-0500	DEBUG	protocol/handler.go:1591	have processed broadcast	{"{round 20 3  <nil>}": {"Key":"from","Type":15,"Integer":0,"String":"b","Interface":null}}
2025-08-15T22:13:44.891-0500	DEBUG	protocol/handler.go:1649	have all messages and processed	{"{round 20 3  <nil>}": {"Key":"self","Type":15,"Integer":0,"String":"b","Interface":null}}
2025-08-15T22:13:44.891-0500	DEBUG	protocol/handler.go:1649	have all messages and processed	{"{round 20 3  <nil>}": {"Key":"self","Type":15,"Integer":0,"String":"c","Interface":null}}
2025-08-15T22:13:44.891-0500	DEBUG	protocol/handler.go:596	round already finalized
2025-08-15T22:13:44.891-0500	DEBUG	protocol/handler.go:596	round already finalized
2025-08-15T22:13:44.897-0500	DEBUG	protocol/handler.go:581	tryAdvanceRound called	{"{current_round 20 3  <nil>}": {"Key":"self","Type":15,"Integer":0,"String":"a","Interface":null}}
2025-08-15T22:13:44.897-0500	DEBUG	protocol/handler.go:1591	have processed broadcast	{"{round 20 3  <nil>}": {"Key":"from","Type":15,"Integer":0,"String":"b","Interface":null}}
2025-08-15T22:13:44.897-0500	DEBUG	protocol/handler.go:1591	have processed broadcast	{"{round 20 3  <nil>}": {"Key":"from","Type":15,"Integer":0,"String":"c","Interface":null}}
2025-08-15T22:13:44.897-0500	DEBUG	protocol/handler.go:1649	have all messages and processed	{"{round 20 3  <nil>}": {"Key":"self","Type":15,"Integer":0,"String":"a","Interface":null}}
2025-08-15T22:13:44.897-0500	DEBUG	protocol/handler.go:596	round already finalized
2025-08-15T22:13:44.901-0500	DEBUG	protocol/handler.go:581	tryAdvanceRound called	{"{current_round 20 3  <nil>}": {"Key":"self","Type":15,"Integer":0,"String":"b","Interface":null}}
2025-08-15T22:13:44.901-0500	DEBUG	protocol/handler.go:581	tryAdvanceRound called	{"{current_round 20 3  <nil>}": {"Key":"self","Type":15,"Integer":0,"String":"c","Interface":null}}
2025-08-15T22:13:44.901-0500	DEBUG	protocol/handler.go:1591	have processed broadcast	{"{round 20 3  <nil>}": {"Key":"from","Type":15,"Integer":0,"String":"a","Interface":null}}
2025-08-15T22:13:44.901-0500	DEBUG	protocol/handler.go:1591	have processed broadcast	{"{round 20 3  <nil>}": {"Key":"from","Type":15,"Integer":0,"String":"a","Interface":null}}
2025-08-15T22:13:44.901-0500	DEBUG	protocol/handler.go:1591	have processed broadcast	{"{round 20 3  <nil>}": {"Key":"from","Type":15,"Integer":0,"String":"c","Interface":null}}
2025-08-15T22:13:44.901-0500	DEBUG	protocol/handler.go:1591	have processed broadcast	{"{round 20 3  <nil>}": {"Key":"from","Type":15,"Integer":0,"String":"b","Interface":null}}
2025-08-15T22:13:44.901-0500	DEBUG	protocol/handler.go:1649	have all messages and processed	{"{round 20 3  <nil>}": {"Key":"self","Type":15,"Integer":0,"String":"b","Interface":null}}
2025-08-15T22:13:44.901-0500	DEBUG	protocol/handler.go:596	round already finalized
2025-08-15T22:13:44.901-0500	DEBUG	protocol/handler.go:1649	have all messages and processed	{"{round 20 3  <nil>}": {"Key":"self","Type":15,"Integer":0,"String":"c","Interface":null}}
2025-08-15T22:13:44.901-0500	DEBUG	protocol/handler.go:596	round already finalized
2025-08-15T22:13:44.907-0500	DEBUG	protocol/handler.go:581	tryAdvanceRound called	{"{current_round 20 3  <nil>}": {"Key":"self","Type":15,"Integer":0,"String":"a","Interface":null}}
2025-08-15T22:13:44.907-0500	DEBUG	protocol/handler.go:1591	have processed broadcast	{"{round 20 3  <nil>}": {"Key":"from","Type":15,"Integer":0,"String":"b","Interface":null}}
2025-08-15T22:13:44.907-0500	DEBUG	protocol/handler.go:1591	have processed broadcast	{"{round 20 3  <nil>}": {"Key":"from","Type":15,"Integer":0,"String":"c","Interface":null}}
2025-08-15T22:13:44.907-0500	DEBUG	protocol/handler.go:1649	have all messages and processed	{"{round 20 3  <nil>}": {"Key":"self","Type":15,"Integer":0,"String":"a","Interface":null}}
2025-08-15T22:13:44.907-0500	DEBUG	protocol/handler.go:596	round already finalized
2025-08-15T22:13:44.911-0500	DEBUG	protocol/handler.go:581	tryAdvanceRound called	{"{current_round 20 3  <nil>}": {"Key":"self","Type":15,"Integer":0,"String":"b","Interface":null}}
2025-08-15T22:13:44.911-0500	DEBUG	protocol/handler.go:581	tryAdvanceRound called	{"{current_round 20 3  <nil>}": {"Key":"self","Type":15,"Integer":0,"String":"c","Interface":null}}
2025-08-15T22:13:44.911-0500	DEBUG	protocol/handler.go:1591	have processed broadcast	{"{round 20 3  <nil>}": {"Key":"from","Type":15,"Integer":0,"String":"a","Interface":null}}
2025-08-15T22:13:44.911-0500	DEBUG	protocol/handler.go:1591	have processed broadcast	{"{round 20 3  <nil>}": {"Key":"from","Type":15,"Integer":0,"String":"c","Interface":null}}
2025-08-15T22:13:44.911-0500	DEBUG	protocol/handler.go:1591	have processed broadcast	{"{round 20 3  <nil>}": {"Key":"from","Type":15,"Integer":0,"String":"a","Interface":null}}
2025-08-15T22:13:44.911-0500	DEBUG	protocol/handler.go:1649	have all messages and processed	{"{round 20 3  <nil>}": {"Key":"self","Type":15,"Integer":0,"String":"b","Interface":null}}
2025-08-15T22:13:44.911-0500	DEBUG	protocol/handler.go:596	round already finalized
2025-08-15T22:13:44.911-0500	DEBUG	protocol/handler.go:1591	have processed broadcast	{"{round 20 3  <nil>}": {"Key":"from","Type":15,"Integer":0,"String":"b","Interface":null}}
2025-08-15T22:13:44.911-0500	DEBUG	protocol/handler.go:1649	have all messages and processed	{"{round 20 3  <nil>}": {"Key":"self","Type":15,"Integer":0,"String":"c","Interface":null}}
2025-08-15T22:13:44.911-0500	DEBUG	protocol/handler.go:596	round already finalized
2025-08-15T22:13:44.917-0500	DEBUG	protocol/handler.go:581	tryAdvanceRound called	{"{current_round 20 3  <nil>}": {"Key":"self","Type":15,"Integer":0,"String":"a","Interface":null}}
2025-08-15T22:13:44.917-0500	DEBUG	protocol/handler.go:1591	have processed broadcast	{"{round 20 3  <nil>}": {"Key":"from","Type":15,"Integer":0,"String":"b","Interface":null}}
2025-08-15T22:13:44.917-0500	DEBUG	protocol/handler.go:1591	have processed broadcast	{"{round 20 3  <nil>}": {"Key":"from","Type":15,"Integer":0,"String":"c","Interface":null}}
2025-08-15T22:13:44.917-0500	DEBUG	protocol/handler.go:1649	have all messages and processed	{"{round 20 3  <nil>}": {"Key":"self","Type":15,"Integer":0,"String":"a","Interface":null}}
2025-08-15T22:13:44.917-0500	DEBUG	protocol/handler.go:596	round already finalized
2025-08-15T22:13:44.921-0500	DEBUG	protocol/handler.go:581	tryAdvanceRound called	{"{current_round 20 3  <nil>}": {"Key":"self","Type":15,"Integer":0,"String":"b","Interface":null}}
2025-08-15T22:13:44.921-0500	DEBUG	protocol/handler.go:581	tryAdvanceRound called	{"{current_round 20 3  <nil>}": {"Key":"self","Type":15,"Integer":0,"String":"c","Interface":null}}
2025-08-15T22:13:44.921-0500	DEBUG	protocol/handler.go:1591	have processed broadcast	{"{round 20 3  <nil>}": {"Key":"from","Type":15,"Integer":0,"String":"a","Interface":null}}
2025-08-15T22:13:44.921-0500	DEBUG	protocol/handler.go:1591	have processed broadcast	{"{round 20 3  <nil>}": {"Key":"from","Type":15,"Integer":0,"String":"a","Interface":null}}
2025-08-15T22:13:44.921-0500	DEBUG	protocol/handler.go:1591	have processed broadcast	{"{round 20 3  <nil>}": {"Key":"from","Type":15,"Integer":0,"String":"c","Interface":null}}
2025-08-15T22:13:44.921-0500	DEBUG	protocol/handler.go:1591	have processed broadcast	{"{round 20 3  <nil>}": {"Key":"from","Type":15,"Integer":0,"String":"b","Interface":null}}
2025-08-15T22:13:44.921-0500	DEBUG	protocol/handler.go:1649	have all messages and processed	{"{round 20 3  <nil>}": {"Key":"self","Type":15,"Integer":0,"String":"b","Interface":null}}
2025-08-15T22:13:44.921-0500	DEBUG	protocol/handler.go:1649	have all messages and processed	{"{round 20 3  <nil>}": {"Key":"self","Type":15,"Integer":0,"String":"c","Interface":null}}
2025-08-15T22:13:44.921-0500	DEBUG	protocol/handler.go:596	round already finalized
2025-08-15T22:13:44.921-0500	DEBUG	protocol/handler.go:596	round already finalized
2025-08-15T22:13:44.927-0500	DEBUG	protocol/handler.go:581	tryAdvanceRound called	{"{current_round 20 3  <nil>}": {"Key":"self","Type":15,"Integer":0,"String":"a","Interface":null}}
2025-08-15T22:13:44.927-0500	DEBUG	protocol/handler.go:1591	have processed broadcast	{"{round 20 3  <nil>}": {"Key":"from","Type":15,"Integer":0,"String":"b","Interface":null}}
2025-08-15T22:13:44.927-0500	DEBUG	protocol/handler.go:1591	have processed broadcast	{"{round 20 3  <nil>}": {"Key":"from","Type":15,"Integer":0,"String":"c","Interface":null}}
2025-08-15T22:13:44.927-0500	DEBUG	protocol/handler.go:1649	have all messages and processed	{"{round 20 3  <nil>}": {"Key":"self","Type":15,"Integer":0,"String":"a","Interface":null}}
2025-08-15T22:13:44.927-0500	DEBUG	protocol/handler.go:596	round already finalized
2025-08-15T22:13:44.931-0500	DEBUG	protocol/handler.go:581	tryAdvanceRound called	{"{current_round 20 3  <nil>}": {"Key":"self","Type":15,"Integer":0,"String":"b","Interface":null}}
2025-08-15T22:13:44.931-0500	DEBUG	protocol/handler.go:581	tryAdvanceRound called	{"{current_round 20 3  <nil>}": {"Key":"self","Type":15,"Integer":0,"String":"c","Interface":null}}
2025-08-15T22:13:44.931-0500	DEBUG	protocol/handler.go:1591	have processed broadcast	{"{round 20 3  <nil>}": {"Key":"from","Type":15,"Integer":0,"String":"a","Interface":null}}
2025-08-15T22:13:44.931-0500	DEBUG	protocol/handler.go:1591	have processed broadcast	{"{round 20 3  <nil>}": {"Key":"from","Type":15,"Integer":0,"String":"a","Interface":null}}
2025-08-15T22:13:44.931-0500	DEBUG	protocol/handler.go:1591	have processed broadcast	{"{round 20 3  <nil>}": {"Key":"from","Type":15,"Integer":0,"String":"c","Interface":null}}
2025-08-15T22:13:44.931-0500	DEBUG	protocol/handler.go:1591	have processed broadcast	{"{round 20 3  <nil>}": {"Key":"from","Type":15,"Integer":0,"String":"b","Interface":null}}
2025-08-15T22:13:44.931-0500	DEBUG	protocol/handler.go:1649	have all messages and processed	{"{round 20 3  <nil>}": {"Key":"self","Type":15,"Integer":0,"String":"b","Interface":null}}
2025-08-15T22:13:44.931-0500	DEBUG	protocol/handler.go:1649	have all messages and processed	{"{round 20 3  <nil>}": {"Key":"self","Type":15,"Integer":0,"String":"c","Interface":null}}
2025-08-15T22:13:44.931-0500	DEBUG	protocol/handler.go:596	round already finalized
2025-08-15T22:13:44.931-0500	DEBUG	protocol/handler.go:596	round already finalized
2025-08-15T22:13:44.937-0500	DEBUG	protocol/handler.go:581	tryAdvanceRound called	{"{current_round 20 3  <nil>}": {"Key":"self","Type":15,"Integer":0,"String":"a","Interface":null}}
2025-08-15T22:13:44.937-0500	DEBUG	protocol/handler.go:1591	have processed broadcast	{"{round 20 3  <nil>}": {"Key":"from","Type":15,"Integer":0,"String":"b","Interface":null}}
2025-08-15T22:13:44.937-0500	DEBUG	protocol/handler.go:1591	have processed broadcast	{"{round 20 3  <nil>}": {"Key":"from","Type":15,"Integer":0,"String":"c","Interface":null}}
2025-08-15T22:13:44.937-0500	DEBUG	protocol/handler.go:1649	have all messages and processed	{"{round 20 3  <nil>}": {"Key":"self","Type":15,"Integer":0,"String":"a","Interface":null}}
2025-08-15T22:13:44.937-0500	DEBUG	protocol/handler.go:596	round already finalized
2025-08-15T22:13:44.941-0500	DEBUG	protocol/handler.go:581	tryAdvanceRound called	{"{current_round 20 3  <nil>}": {"Key":"self","Type":15,"Integer":0,"String":"b","Interface":null}}
2025-08-15T22:13:44.941-0500	DEBUG	protocol/handler.go:581	tryAdvanceRound called	{"{current_round 20 3  <nil>}": {"Key":"self","Type":15,"Integer":0,"String":"c","Interface":null}}
2025-08-15T22:13:44.941-0500	DEBUG	protocol/handler.go:1591	have processed broadcast	{"{round 20 3  <nil>}": {"Key":"from","Type":15,"Integer":0,"String":"a","Interface":null}}
2025-08-15T22:13:44.941-0500	DEBUG	protocol/handler.go:1591	have processed broadcast	{"{round 20 3  <nil>}": {"Key":"from","Type":15,"Integer":0,"String":"a","Interface":null}}
2025-08-15T22:13:44.941-0500	DEBUG	protocol/handler.go:1591	have processed broadcast	{"{round 20 3  <nil>}": {"Key":"from","Type":15,"Integer":0,"String":"c","Interface":null}}
2025-08-15T22:13:44.941-0500	DEBUG	protocol/handler.go:1591	have processed broadcast	{"{round 20 3  <nil>}": {"Key":"from","Type":15,"Integer":0,"String":"b","Interface":null}}
2025-08-15T22:13:44.941-0500	DEBUG	protocol/handler.go:1649	have all messages and processed	{"{round 20 3  <nil>}": {"Key":"self","Type":15,"Integer":0,"String":"b","Interface":null}}
2025-08-15T22:13:44.941-0500	DEBUG	protocol/handler.go:1649	have all messages and processed	{"{round 20 3  <nil>}": {"Key":"self","Type":15,"Integer":0,"String":"c","Interface":null}}
2025-08-15T22:13:44.941-0500	DEBUG	protocol/handler.go:596	round already finalized
2025-08-15T22:13:44.941-0500	DEBUG	protocol/handler.go:596	round already finalized
2025-08-15T22:13:44.946-0500	DEBUG	protocol/handler.go:581	tryAdvanceRound called	{"{current_round 20 3  <nil>}": {"Key":"self","Type":15,"Integer":0,"String":"a","Interface":null}}
2025-08-15T22:13:44.946-0500	DEBUG	protocol/handler.go:1591	have processed broadcast	{"{round 20 3  <nil>}": {"Key":"from","Type":15,"Integer":0,"String":"b","Interface":null}}
2025-08-15T22:13:44.946-0500	DEBUG	protocol/handler.go:1591	have processed broadcast	{"{round 20 3  <nil>}": {"Key":"from","Type":15,"Integer":0,"String":"c","Interface":null}}
2025-08-15T22:13:44.946-0500	DEBUG	protocol/handler.go:1649	have all messages and processed	{"{round 20 3  <nil>}": {"Key":"self","Type":15,"Integer":0,"String":"a","Interface":null}}
2025-08-15T22:13:44.946-0500	DEBUG	protocol/handler.go:596	round already finalized
2025-08-15T22:13:44.951-0500	DEBUG	protocol/handler.go:581	tryAdvanceRound called	{"{current_round 20 3  <nil>}": {"Key":"self","Type":15,"Integer":0,"String":"c","Interface":null}}
2025-08-15T22:13:44.951-0500	DEBUG	protocol/handler.go:581	tryAdvanceRound called	{"{current_round 20 3  <nil>}": {"Key":"self","Type":15,"Integer":0,"String":"b","Interface":null}}
2025-08-15T22:13:44.951-0500	DEBUG	protocol/handler.go:1591	have processed broadcast	{"{round 20 3  <nil>}": {"Key":"from","Type":15,"Integer":0,"String":"a","Interface":null}}
2025-08-15T22:13:44.951-0500	DEBUG	protocol/handler.go:1591	have processed broadcast	{"{round 20 3  <nil>}": {"Key":"from","Type":15,"Integer":0,"String":"a","Interface":null}}
2025-08-15T22:13:44.951-0500	DEBUG	protocol/handler.go:1591	have processed broadcast	{"{round 20 3  <nil>}": {"Key":"from","Type":15,"Integer":0,"String":"b","Interface":null}}
2025-08-15T22:13:44.951-0500	DEBUG	protocol/handler.go:1591	have processed broadcast	{"{round 20 3  <nil>}": {"Key":"from","Type":15,"Integer":0,"String":"c","Interface":null}}
2025-08-15T22:13:44.951-0500	DEBUG	protocol/handler.go:1649	have all messages and processed	{"{round 20 3  <nil>}": {"Key":"self","Type":15,"Integer":0,"String":"c","Interface":null}}
2025-08-15T22:13:44.951-0500	DEBUG	protocol/handler.go:596	round already finalized
2025-08-15T22:13:44.951-0500	DEBUG	protocol/handler.go:1649	have all messages and processed	{"{round 20 3  <nil>}": {"Key":"self","Type":15,"Integer":0,"String":"b","Interface":null}}
2025-08-15T22:13:44.951-0500	DEBUG	protocol/handler.go:596	round already finalized
2025-08-15T22:13:44.957-0500	DEBUG	protocol/handler.go:581	tryAdvanceRound called	{"{current_round 20 3  <nil>}": {"Key":"self","Type":15,"Integer":0,"String":"a","Interface":null}}
2025-08-15T22:13:44.957-0500	DEBUG	protocol/handler.go:1591	have processed broadcast	{"{round 20 3  <nil>}": {"Key":"from","Type":15,"Integer":0,"String":"b","Interface":null}}
2025-08-15T22:13:44.957-0500	DEBUG	protocol/handler.go:1591	have processed broadcast	{"{round 20 3  <nil>}": {"Key":"from","Type":15,"Integer":0,"String":"c","Interface":null}}
2025-08-15T22:13:44.957-0500	DEBUG	protocol/handler.go:1649	have all messages and processed	{"{round 20 3  <nil>}": {"Key":"self","Type":15,"Integer":0,"String":"a","Interface":null}}
2025-08-15T22:13:44.957-0500	DEBUG	protocol/handler.go:596	round already finalized
2025-08-15T22:13:44.961-0500	DEBUG	protocol/handler.go:581	tryAdvanceRound called	{"{current_round 20 3  <nil>}": {"Key":"self","Type":15,"Integer":0,"String":"b","Interface":null}}
2025-08-15T22:13:44.961-0500	DEBUG	protocol/handler.go:581	tryAdvanceRound called	{"{current_round 20 3  <nil>}": {"Key":"self","Type":15,"Integer":0,"String":"c","Interface":null}}
2025-08-15T22:13:44.961-0500	DEBUG	protocol/handler.go:1591	have processed broadcast	{"{round 20 3  <nil>}": {"Key":"from","Type":15,"Integer":0,"String":"a","Interface":null}}
2025-08-15T22:13:44.961-0500	DEBUG	protocol/handler.go:1591	have processed broadcast	{"{round 20 3  <nil>}": {"Key":"from","Type":15,"Integer":0,"String":"a","Interface":null}}
2025-08-15T22:13:44.961-0500	DEBUG	protocol/handler.go:1591	have processed broadcast	{"{round 20 3  <nil>}": {"Key":"from","Type":15,"Integer":0,"String":"c","Interface":null}}
2025-08-15T22:13:44.961-0500	DEBUG	protocol/handler.go:1591	have processed broadcast	{"{round 20 3  <nil>}": {"Key":"from","Type":15,"Integer":0,"String":"b","Interface":null}}
2025-08-15T22:13:44.961-0500	DEBUG	protocol/handler.go:1649	have all messages and processed	{"{round 20 3  <nil>}": {"Key":"self","Type":15,"Integer":0,"String":"b","Interface":null}}
2025-08-15T22:13:44.961-0500	DEBUG	protocol/handler.go:596	round already finalized
2025-08-15T22:13:44.961-0500	DEBUG	protocol/handler.go:1649	have all messages and processed	{"{round 20 3  <nil>}": {"Key":"self","Type":15,"Integer":0,"String":"c","Interface":null}}
2025-08-15T22:13:44.961-0500	DEBUG	protocol/handler.go:596	round already finalized
2025-08-15T22:13:44.967-0500	DEBUG	protocol/handler.go:581	tryAdvanceRound called	{"{current_round 20 3  <nil>}": {"Key":"self","Type":15,"Integer":0,"String":"a","Interface":null}}
2025-08-15T22:13:44.967-0500	DEBUG	protocol/handler.go:1591	have processed broadcast	{"{round 20 3  <nil>}": {"Key":"from","Type":15,"Integer":0,"String":"b","Interface":null}}
2025-08-15T22:13:44.967-0500	DEBUG	protocol/handler.go:1591	have processed broadcast	{"{round 20 3  <nil>}": {"Key":"from","Type":15,"Integer":0,"String":"c","Interface":null}}
2025-08-15T22:13:44.967-0500	DEBUG	protocol/handler.go:1649	have all messages and processed	{"{round 20 3  <nil>}": {"Key":"self","Type":15,"Integer":0,"String":"a","Interface":null}}
2025-08-15T22:13:44.967-0500	DEBUG	protocol/handler.go:596	round already finalized
2025-08-15T22:13:44.971-0500	DEBUG	protocol/handler.go:581	tryAdvanceRound called	{"{current_round 20 3  <nil>}": {"Key":"self","Type":15,"Integer":0,"String":"b","Interface":null}}
2025-08-15T22:13:44.971-0500	DEBUG	protocol/handler.go:581	tryAdvanceRound called	{"{current_round 20 3  <nil>}": {"Key":"self","Type":15,"Integer":0,"String":"c","Interface":null}}
2025-08-15T22:13:44.971-0500	DEBUG	protocol/handler.go:1591	have processed broadcast	{"{round 20 3  <nil>}": {"Key":"from","Type":15,"Integer":0,"String":"a","Interface":null}}
2025-08-15T22:13:44.971-0500	DEBUG	protocol/handler.go:1591	have processed broadcast	{"{round 20 3  <nil>}": {"Key":"from","Type":15,"Integer":0,"String":"a","Interface":null}}
2025-08-15T22:13:44.971-0500	DEBUG	protocol/handler.go:1591	have processed broadcast	{"{round 20 3  <nil>}": {"Key":"from","Type":15,"Integer":0,"String":"c","Interface":null}}
2025-08-15T22:13:44.971-0500	DEBUG	protocol/handler.go:1591	have processed broadcast	{"{round 20 3  <nil>}": {"Key":"from","Type":15,"Integer":0,"String":"b","Interface":null}}
2025-08-15T22:13:44.971-0500	DEBUG	protocol/handler.go:1649	have all messages and processed	{"{round 20 3  <nil>}": {"Key":"self","Type":15,"Integer":0,"String":"b","Interface":null}}
2025-08-15T22:13:44.971-0500	DEBUG	protocol/handler.go:596	round already finalized
2025-08-15T22:13:44.971-0500	DEBUG	protocol/handler.go:1649	have all messages and processed	{"{round 20 3  <nil>}": {"Key":"self","Type":15,"Integer":0,"String":"c","Interface":null}}
2025-08-15T22:13:44.971-0500	DEBUG	protocol/handler.go:596	round already finalized
2025-08-15T22:13:44.977-0500	DEBUG	protocol/handler.go:581	tryAdvanceRound called	{"{current_round 20 3  <nil>}": {"Key":"self","Type":15,"Integer":0,"String":"a","Interface":null}}
2025-08-15T22:13:44.977-0500	DEBUG	protocol/handler.go:1591	have processed broadcast	{"{round 20 3  <nil>}": {"Key":"from","Type":15,"Integer":0,"String":"b","Interface":null}}
2025-08-15T22:13:44.977-0500	DEBUG	protocol/handler.go:1591	have processed broadcast	{"{round 20 3  <nil>}": {"Key":"from","Type":15,"Integer":0,"String":"c","Interface":null}}
2025-08-15T22:13:44.977-0500	DEBUG	protocol/handler.go:1649	have all messages and processed	{"{round 20 3  <nil>}": {"Key":"self","Type":15,"Integer":0,"String":"a","Interface":null}}
2025-08-15T22:13:44.977-0500	DEBUG	protocol/handler.go:596	round already finalized
2025-08-15T22:13:44.981-0500	DEBUG	protocol/handler.go:581	tryAdvanceRound called	{"{current_round 20 3  <nil>}": {"Key":"self","Type":15,"Integer":0,"String":"b","Interface":null}}
2025-08-15T22:13:44.981-0500	DEBUG	protocol/handler.go:1591	have processed broadcast	{"{round 20 3  <nil>}": {"Key":"from","Type":15,"Integer":0,"String":"a","Interface":null}}
2025-08-15T22:13:44.981-0500	DEBUG	protocol/handler.go:1591	have processed broadcast	{"{round 20 3  <nil>}": {"Key":"from","Type":15,"Integer":0,"String":"c","Interface":null}}
2025-08-15T22:13:44.981-0500	DEBUG	protocol/handler.go:581	tryAdvanceRound called	{"{current_round 20 3  <nil>}": {"Key":"self","Type":15,"Integer":0,"String":"c","Interface":null}}
2025-08-15T22:13:44.981-0500	DEBUG	protocol/handler.go:1649	have all messages and processed	{"{round 20 3  <nil>}": {"Key":"self","Type":15,"Integer":0,"String":"b","Interface":null}}
2025-08-15T22:13:44.981-0500	DEBUG	protocol/handler.go:596	round already finalized
2025-08-15T22:13:44.981-0500	DEBUG	protocol/handler.go:1591	have processed broadcast	{"{round 20 3  <nil>}": {"Key":"from","Type":15,"Integer":0,"String":"a","Interface":null}}
2025-08-15T22:13:44.981-0500	DEBUG	protocol/handler.go:1591	have processed broadcast	{"{round 20 3  <nil>}": {"Key":"from","Type":15,"Integer":0,"String":"b","Interface":null}}
2025-08-15T22:13:44.981-0500	DEBUG	protocol/handler.go:1649	have all messages and processed	{"{round 20 3  <nil>}": {"Key":"self","Type":15,"Integer":0,"String":"c","Interface":null}}
2025-08-15T22:13:44.981-0500	DEBUG	protocol/handler.go:596	round already finalized
2025-08-15T22:13:44.987-0500	DEBUG	protocol/handler.go:581	tryAdvanceRound called	{"{current_round 20 3  <nil>}": {"Key":"self","Type":15,"Integer":0,"String":"a","Interface":null}}
2025-08-15T22:13:44.987-0500	DEBUG	protocol/handler.go:1591	have processed broadcast	{"{round 20 3  <nil>}": {"Key":"from","Type":15,"Integer":0,"String":"b","Interface":null}}
2025-08-15T22:13:44.987-0500	DEBUG	protocol/handler.go:1591	have processed broadcast	{"{round 20 3  <nil>}": {"Key":"from","Type":15,"Integer":0,"String":"c","Interface":null}}
2025-08-15T22:13:44.987-0500	DEBUG	protocol/handler.go:1649	have all messages and processed	{"{round 20 3  <nil>}": {"Key":"self","Type":15,"Integer":0,"String":"a","Interface":null}}
2025-08-15T22:13:44.987-0500	DEBUG	protocol/handler.go:596	round already finalized
2025-08-15T22:13:44.991-0500	DEBUG	protocol/handler.go:581	tryAdvanceRound called	{"{current_round 20 3  <nil>}": {"Key":"self","Type":15,"Integer":0,"String":"b","Interface":null}}
2025-08-15T22:13:44.991-0500	DEBUG	protocol/handler.go:1591	have processed broadcast	{"{round 20 3  <nil>}": {"Key":"from","Type":15,"Integer":0,"String":"a","Interface":null}}
2025-08-15T22:13:44.991-0500	DEBUG	protocol/handler.go:1591	have processed broadcast	{"{round 20 3  <nil>}": {"Key":"from","Type":15,"Integer":0,"String":"c","Interface":null}}
2025-08-15T22:13:44.991-0500	DEBUG	protocol/handler.go:1649	have all messages and processed	{"{round 20 3  <nil>}": {"Key":"self","Type":15,"Integer":0,"String":"b","Interface":null}}
2025-08-15T22:13:44.991-0500	DEBUG	protocol/handler.go:596	round already finalized
2025-08-15T22:13:44.991-0500	DEBUG	protocol/handler.go:581	tryAdvanceRound called	{"{current_round 20 3  <nil>}": {"Key":"self","Type":15,"Integer":0,"String":"c","Interface":null}}
2025-08-15T22:13:44.991-0500	DEBUG	protocol/handler.go:1591	have processed broadcast	{"{round 20 3  <nil>}": {"Key":"from","Type":15,"Integer":0,"String":"a","Interface":null}}
2025-08-15T22:13:44.991-0500	DEBUG	protocol/handler.go:1591	have processed broadcast	{"{round 20 3  <nil>}": {"Key":"from","Type":15,"Integer":0,"String":"b","Interface":null}}
2025-08-15T22:13:44.991-0500	DEBUG	protocol/handler.go:1649	have all messages and processed	{"{round 20 3  <nil>}": {"Key":"self","Type":15,"Integer":0,"String":"c","Interface":null}}
2025-08-15T22:13:44.991-0500	DEBUG	protocol/handler.go:596	round already finalized
2025-08-15T22:13:44.997-0500	DEBUG	protocol/handler.go:581	tryAdvanceRound called	{"{current_round 20 3  <nil>}": {"Key":"self","Type":15,"Integer":0,"String":"a","Interface":null}}
2025-08-15T22:13:44.997-0500	DEBUG	protocol/handler.go:1591	have processed broadcast	{"{round 20 3  <nil>}": {"Key":"from","Type":15,"Integer":0,"String":"b","Interface":null}}
2025-08-15T22:13:44.997-0500	DEBUG	protocol/handler.go:1591	have processed broadcast	{"{round 20 3  <nil>}": {"Key":"from","Type":15,"Integer":0,"String":"c","Interface":null}}
2025-08-15T22:13:44.997-0500	DEBUG	protocol/handler.go:1649	have all messages and processed	{"{round 20 3  <nil>}": {"Key":"self","Type":15,"Integer":0,"String":"a","Interface":null}}
2025-08-15T22:13:44.997-0500	DEBUG	protocol/handler.go:596	round already finalized
2025-08-15T22:13:45.001-0500	DEBUG	protocol/handler.go:581	tryAdvanceRound called	{"{current_round 20 3  <nil>}": {"Key":"self","Type":15,"Integer":0,"String":"b","Interface":null}}
2025-08-15T22:13:45.001-0500	DEBUG	protocol/handler.go:581	tryAdvanceRound called	{"{current_round 20 3  <nil>}": {"Key":"self","Type":15,"Integer":0,"String":"c","Interface":null}}
2025-08-15T22:13:45.001-0500	DEBUG	protocol/handler.go:1591	have processed broadcast	{"{round 20 3  <nil>}": {"Key":"from","Type":15,"Integer":0,"String":"a","Interface":null}}
2025-08-15T22:13:45.001-0500	DEBUG	protocol/handler.go:1591	have processed broadcast	{"{round 20 3  <nil>}": {"Key":"from","Type":15,"Integer":0,"String":"a","Interface":null}}
2025-08-15T22:13:45.001-0500	DEBUG	protocol/handler.go:1591	have processed broadcast	{"{round 20 3  <nil>}": {"Key":"from","Type":15,"Integer":0,"String":"c","Interface":null}}
2025-08-15T22:13:45.001-0500	DEBUG	protocol/handler.go:1591	have processed broadcast	{"{round 20 3  <nil>}": {"Key":"from","Type":15,"Integer":0,"String":"b","Interface":null}}
2025-08-15T22:13:45.001-0500	DEBUG	protocol/handler.go:1649	have all messages and processed	{"{round 20 3  <nil>}": {"Key":"self","Type":15,"Integer":0,"String":"b","Interface":null}}
2025-08-15T22:13:45.001-0500	DEBUG	protocol/handler.go:1649	have all messages and processed	{"{round 20 3  <nil>}": {"Key":"self","Type":15,"Integer":0,"String":"c","Interface":null}}
2025-08-15T22:13:45.001-0500	DEBUG	protocol/handler.go:596	round already finalized
2025-08-15T22:13:45.001-0500	DEBUG	protocol/handler.go:596	round already finalized
2025-08-15T22:13:45.007-0500	DEBUG	protocol/handler.go:581	tryAdvanceRound called	{"{current_round 20 3  <nil>}": {"Key":"self","Type":15,"Integer":0,"String":"a","Interface":null}}
2025-08-15T22:13:45.007-0500	DEBUG	protocol/handler.go:1591	have processed broadcast	{"{round 20 3  <nil>}": {"Key":"from","Type":15,"Integer":0,"String":"b","Interface":null}}
2025-08-15T22:13:45.007-0500	DEBUG	protocol/handler.go:1591	have processed broadcast	{"{round 20 3  <nil>}": {"Key":"from","Type":15,"Integer":0,"String":"c","Interface":null}}
2025-08-15T22:13:45.007-0500	DEBUG	protocol/handler.go:1649	have all messages and processed	{"{round 20 3  <nil>}": {"Key":"self","Type":15,"Integer":0,"String":"a","Interface":null}}
2025-08-15T22:13:45.007-0500	DEBUG	protocol/handler.go:596	round already finalized
2025-08-15T22:13:45.011-0500	DEBUG	protocol/handler.go:581	tryAdvanceRound called	{"{current_round 20 3  <nil>}": {"Key":"self","Type":15,"Integer":0,"String":"b","Interface":null}}
2025-08-15T22:13:45.011-0500	DEBUG	protocol/handler.go:581	tryAdvanceRound called	{"{current_round 20 3  <nil>}": {"Key":"self","Type":15,"Integer":0,"String":"c","Interface":null}}
2025-08-15T22:13:45.011-0500	DEBUG	protocol/handler.go:1591	have processed broadcast	{"{round 20 3  <nil>}": {"Key":"from","Type":15,"Integer":0,"String":"a","Interface":null}}
2025-08-15T22:13:45.011-0500	DEBUG	protocol/handler.go:1591	have processed broadcast	{"{round 20 3  <nil>}": {"Key":"from","Type":15,"Integer":0,"String":"c","Interface":null}}
2025-08-15T22:13:45.011-0500	DEBUG	protocol/handler.go:1591	have processed broadcast	{"{round 20 3  <nil>}": {"Key":"from","Type":15,"Integer":0,"String":"a","Interface":null}}
2025-08-15T22:13:45.011-0500	DEBUG	protocol/handler.go:1649	have all messages and processed	{"{round 20 3  <nil>}": {"Key":"self","Type":15,"Integer":0,"String":"b","Interface":null}}
2025-08-15T22:13:45.011-0500	DEBUG	protocol/handler.go:1591	have processed broadcast	{"{round 20 3  <nil>}": {"Key":"from","Type":15,"Integer":0,"String":"b","Interface":null}}
2025-08-15T22:13:45.011-0500	DEBUG	protocol/handler.go:596	round already finalized
2025-08-15T22:13:45.011-0500	DEBUG	protocol/handler.go:1649	have all messages and processed	{"{round 20 3  <nil>}": {"Key":"self","Type":15,"Integer":0,"String":"c","Interface":null}}
2025-08-15T22:13:45.011-0500	DEBUG	protocol/handler.go:596	round already finalized
2025-08-15T22:13:45.016-0500	DEBUG	protocol/handler.go:581	tryAdvanceRound called	{"{current_round 20 3  <nil>}": {"Key":"self","Type":15,"Integer":0,"String":"a","Interface":null}}
2025-08-15T22:13:45.017-0500	DEBUG	protocol/handler.go:1591	have processed broadcast	{"{round 20 3  <nil>}": {"Key":"from","Type":15,"Integer":0,"String":"b","Interface":null}}
2025-08-15T22:13:45.017-0500	DEBUG	protocol/handler.go:1591	have processed broadcast	{"{round 20 3  <nil>}": {"Key":"from","Type":15,"Integer":0,"String":"c","Interface":null}}
2025-08-15T22:13:45.017-0500	DEBUG	protocol/handler.go:1649	have all messages and processed	{"{round 20 3  <nil>}": {"Key":"self","Type":15,"Integer":0,"String":"a","Interface":null}}
2025-08-15T22:13:45.017-0500	DEBUG	protocol/handler.go:596	round already finalized
2025-08-15T22:13:45.021-0500	DEBUG	protocol/handler.go:581	tryAdvanceRound called	{"{current_round 20 3  <nil>}": {"Key":"self","Type":15,"Integer":0,"String":"b","Interface":null}}
2025-08-15T22:13:45.021-0500	DEBUG	protocol/handler.go:581	tryAdvanceRound called	{"{current_round 20 3  <nil>}": {"Key":"self","Type":15,"Integer":0,"String":"c","Interface":null}}
2025-08-15T22:13:45.021-0500	DEBUG	protocol/handler.go:1591	have processed broadcast	{"{round 20 3  <nil>}": {"Key":"from","Type":15,"Integer":0,"String":"a","Interface":null}}
2025-08-15T22:13:45.021-0500	DEBUG	protocol/handler.go:1591	have processed broadcast	{"{round 20 3  <nil>}": {"Key":"from","Type":15,"Integer":0,"String":"a","Interface":null}}
2025-08-15T22:13:45.021-0500	DEBUG	protocol/handler.go:1591	have processed broadcast	{"{round 20 3  <nil>}": {"Key":"from","Type":15,"Integer":0,"String":"c","Interface":null}}
2025-08-15T22:13:45.021-0500	DEBUG	protocol/handler.go:1591	have processed broadcast	{"{round 20 3  <nil>}": {"Key":"from","Type":15,"Integer":0,"String":"b","Interface":null}}
2025-08-15T22:13:45.021-0500	DEBUG	protocol/handler.go:1649	have all messages and processed	{"{round 20 3  <nil>}": {"Key":"self","Type":15,"Integer":0,"String":"c","Interface":null}}
2025-08-15T22:13:45.021-0500	DEBUG	protocol/handler.go:596	round already finalized
2025-08-15T22:13:45.021-0500	DEBUG	protocol/handler.go:1649	have all messages and processed	{"{round 20 3  <nil>}": {"Key":"self","Type":15,"Integer":0,"String":"b","Interface":null}}
2025-08-15T22:13:45.021-0500	DEBUG	protocol/handler.go:596	round already finalized
2025-08-15T22:13:45.027-0500	DEBUG	protocol/handler.go:581	tryAdvanceRound called	{"{current_round 20 3  <nil>}": {"Key":"self","Type":15,"Integer":0,"String":"a","Interface":null}}
2025-08-15T22:13:45.027-0500	DEBUG	protocol/handler.go:1591	have processed broadcast	{"{round 20 3  <nil>}": {"Key":"from","Type":15,"Integer":0,"String":"b","Interface":null}}
2025-08-15T22:13:45.027-0500	DEBUG	protocol/handler.go:1591	have processed broadcast	{"{round 20 3  <nil>}": {"Key":"from","Type":15,"Integer":0,"String":"c","Interface":null}}
2025-08-15T22:13:45.027-0500	DEBUG	protocol/handler.go:1649	have all messages and processed	{"{round 20 3  <nil>}": {"Key":"self","Type":15,"Integer":0,"String":"a","Interface":null}}
2025-08-15T22:13:45.027-0500	DEBUG	protocol/handler.go:596	round already finalized
2025-08-15T22:13:45.031-0500	DEBUG	protocol/handler.go:581	tryAdvanceRound called	{"{current_round 20 3  <nil>}": {"Key":"self","Type":15,"Integer":0,"String":"b","Interface":null}}
2025-08-15T22:13:45.031-0500	DEBUG	protocol/handler.go:581	tryAdvanceRound called	{"{current_round 20 3  <nil>}": {"Key":"self","Type":15,"Integer":0,"String":"c","Interface":null}}
2025-08-15T22:13:45.031-0500	DEBUG	protocol/handler.go:1591	have processed broadcast	{"{round 20 3  <nil>}": {"Key":"from","Type":15,"Integer":0,"String":"a","Interface":null}}
2025-08-15T22:13:45.031-0500	DEBUG	protocol/handler.go:1591	have processed broadcast	{"{round 20 3  <nil>}": {"Key":"from","Type":15,"Integer":0,"String":"a","Interface":null}}
2025-08-15T22:13:45.031-0500	DEBUG	protocol/handler.go:1591	have processed broadcast	{"{round 20 3  <nil>}": {"Key":"from","Type":15,"Integer":0,"String":"c","Interface":null}}
2025-08-15T22:13:45.031-0500	DEBUG	protocol/handler.go:1591	have processed broadcast	{"{round 20 3  <nil>}": {"Key":"from","Type":15,"Integer":0,"String":"b","Interface":null}}
2025-08-15T22:13:45.031-0500	DEBUG	protocol/handler.go:1649	have all messages and processed	{"{round 20 3  <nil>}": {"Key":"self","Type":15,"Integer":0,"String":"b","Interface":null}}
2025-08-15T22:13:45.031-0500	DEBUG	protocol/handler.go:1649	have all messages and processed	{"{round 20 3  <nil>}": {"Key":"self","Type":15,"Integer":0,"String":"c","Interface":null}}
2025-08-15T22:13:45.031-0500	DEBUG	protocol/handler.go:596	round already finalized
2025-08-15T22:13:45.031-0500	DEBUG	protocol/handler.go:596	round already finalized
2025-08-15T22:13:45.037-0500	DEBUG	protocol/handler.go:581	tryAdvanceRound called	{"{current_round 20 3  <nil>}": {"Key":"self","Type":15,"Integer":0,"String":"a","Interface":null}}
2025-08-15T22:13:45.037-0500	DEBUG	protocol/handler.go:1591	have processed broadcast	{"{round 20 3  <nil>}": {"Key":"from","Type":15,"Integer":0,"String":"b","Interface":null}}
2025-08-15T22:13:45.037-0500	DEBUG	protocol/handler.go:1591	have processed broadcast	{"{round 20 3  <nil>}": {"Key":"from","Type":15,"Integer":0,"String":"c","Interface":null}}
2025-08-15T22:13:45.037-0500	DEBUG	protocol/handler.go:1649	have all messages and processed	{"{round 20 3  <nil>}": {"Key":"self","Type":15,"Integer":0,"String":"a","Interface":null}}
2025-08-15T22:13:45.037-0500	DEBUG	protocol/handler.go:596	round already finalized
2025-08-15T22:13:45.041-0500	DEBUG	protocol/handler.go:581	tryAdvanceRound called	{"{current_round 20 3  <nil>}": {"Key":"self","Type":15,"Integer":0,"String":"b","Interface":null}}
2025-08-15T22:13:45.041-0500	DEBUG	protocol/handler.go:581	tryAdvanceRound called	{"{current_round 20 3  <nil>}": {"Key":"self","Type":15,"Integer":0,"String":"c","Interface":null}}
2025-08-15T22:13:45.041-0500	DEBUG	protocol/handler.go:1591	have processed broadcast	{"{round 20 3  <nil>}": {"Key":"from","Type":15,"Integer":0,"String":"a","Interface":null}}
2025-08-15T22:13:45.041-0500	DEBUG	protocol/handler.go:1591	have processed broadcast	{"{round 20 3  <nil>}": {"Key":"from","Type":15,"Integer":0,"String":"a","Interface":null}}
2025-08-15T22:13:45.041-0500	DEBUG	protocol/handler.go:1591	have processed broadcast	{"{round 20 3  <nil>}": {"Key":"from","Type":15,"Integer":0,"String":"c","Interface":null}}
2025-08-15T22:13:45.041-0500	DEBUG	protocol/handler.go:1591	have processed broadcast	{"{round 20 3  <nil>}": {"Key":"from","Type":15,"Integer":0,"String":"b","Interface":null}}
2025-08-15T22:13:45.041-0500	DEBUG	protocol/handler.go:1649	have all messages and processed	{"{round 20 3  <nil>}": {"Key":"self","Type":15,"Integer":0,"String":"b","Interface":null}}
2025-08-15T22:13:45.041-0500	DEBUG	protocol/handler.go:1649	have all messages and processed	{"{round 20 3  <nil>}": {"Key":"self","Type":15,"Integer":0,"String":"c","Interface":null}}
2025-08-15T22:13:45.041-0500	DEBUG	protocol/handler.go:596	round already finalized
2025-08-15T22:13:45.041-0500	DEBUG	protocol/handler.go:596	round already finalized
2025-08-15T22:13:45.047-0500	DEBUG	protocol/handler.go:581	tryAdvanceRound called	{"{current_round 20 3  <nil>}": {"Key":"self","Type":15,"Integer":0,"String":"a","Interface":null}}
2025-08-15T22:13:45.047-0500	DEBUG	protocol/handler.go:1591	have processed broadcast	{"{round 20 3  <nil>}": {"Key":"from","Type":15,"Integer":0,"String":"b","Interface":null}}
2025-08-15T22:13:45.047-0500	DEBUG	protocol/handler.go:1591	have processed broadcast	{"{round 20 3  <nil>}": {"Key":"from","Type":15,"Integer":0,"String":"c","Interface":null}}
2025-08-15T22:13:45.047-0500	DEBUG	protocol/handler.go:1649	have all messages and processed	{"{round 20 3  <nil>}": {"Key":"self","Type":15,"Integer":0,"String":"a","Interface":null}}
2025-08-15T22:13:45.047-0500	DEBUG	protocol/handler.go:596	round already finalized
2025-08-15T22:13:45.051-0500	DEBUG	protocol/handler.go:581	tryAdvanceRound called	{"{current_round 20 3  <nil>}": {"Key":"self","Type":15,"Integer":0,"String":"b","Interface":null}}
2025-08-15T22:13:45.051-0500	DEBUG	protocol/handler.go:1591	have processed broadcast	{"{round 20 3  <nil>}": {"Key":"from","Type":15,"Integer":0,"String":"a","Interface":null}}
2025-08-15T22:13:45.051-0500	DEBUG	protocol/handler.go:1591	have processed broadcast	{"{round 20 3  <nil>}": {"Key":"from","Type":15,"Integer":0,"String":"c","Interface":null}}
2025-08-15T22:13:45.051-0500	DEBUG	protocol/handler.go:581	tryAdvanceRound called	{"{current_round 20 3  <nil>}": {"Key":"self","Type":15,"Integer":0,"String":"c","Interface":null}}
2025-08-15T22:13:45.051-0500	DEBUG	protocol/handler.go:1649	have all messages and processed	{"{round 20 3  <nil>}": {"Key":"self","Type":15,"Integer":0,"String":"b","Interface":null}}
2025-08-15T22:13:45.051-0500	DEBUG	protocol/handler.go:596	round already finalized
2025-08-15T22:13:45.051-0500	DEBUG	protocol/handler.go:1591	have processed broadcast	{"{round 20 3  <nil>}": {"Key":"from","Type":15,"Integer":0,"String":"a","Interface":null}}
2025-08-15T22:13:45.051-0500	DEBUG	protocol/handler.go:1591	have processed broadcast	{"{round 20 3  <nil>}": {"Key":"from","Type":15,"Integer":0,"String":"b","Interface":null}}
2025-08-15T22:13:45.051-0500	DEBUG	protocol/handler.go:1649	have all messages and processed	{"{round 20 3  <nil>}": {"Key":"self","Type":15,"Integer":0,"String":"c","Interface":null}}
2025-08-15T22:13:45.051-0500	DEBUG	protocol/handler.go:596	round already finalized
2025-08-15T22:13:45.057-0500	DEBUG	protocol/handler.go:581	tryAdvanceRound called	{"{current_round 20 3  <nil>}": {"Key":"self","Type":15,"Integer":0,"String":"a","Interface":null}}
2025-08-15T22:13:45.057-0500	DEBUG	protocol/handler.go:1591	have processed broadcast	{"{round 20 3  <nil>}": {"Key":"from","Type":15,"Integer":0,"String":"b","Interface":null}}
2025-08-15T22:13:45.057-0500	DEBUG	protocol/handler.go:1591	have processed broadcast	{"{round 20 3  <nil>}": {"Key":"from","Type":15,"Integer":0,"String":"c","Interface":null}}
2025-08-15T22:13:45.057-0500	DEBUG	protocol/handler.go:1649	have all messages and processed	{"{round 20 3  <nil>}": {"Key":"self","Type":15,"Integer":0,"String":"a","Interface":null}}
2025-08-15T22:13:45.057-0500	DEBUG	protocol/handler.go:596	round already finalized
2025-08-15T22:13:45.061-0500	DEBUG	protocol/handler.go:581	tryAdvanceRound called	{"{current_round 20 3  <nil>}": {"Key":"self","Type":15,"Integer":0,"String":"b","Interface":null}}
2025-08-15T22:13:45.061-0500	DEBUG	protocol/handler.go:1591	have processed broadcast	{"{round 20 3  <nil>}": {"Key":"from","Type":15,"Integer":0,"String":"a","Interface":null}}
2025-08-15T22:13:45.061-0500	DEBUG	protocol/handler.go:1591	have processed broadcast	{"{round 20 3  <nil>}": {"Key":"from","Type":15,"Integer":0,"String":"c","Interface":null}}
2025-08-15T22:13:45.061-0500	DEBUG	protocol/handler.go:581	tryAdvanceRound called	{"{current_round 20 3  <nil>}": {"Key":"self","Type":15,"Integer":0,"String":"c","Interface":null}}
2025-08-15T22:13:45.061-0500	DEBUG	protocol/handler.go:1649	have all messages and processed	{"{round 20 3  <nil>}": {"Key":"self","Type":15,"Integer":0,"String":"b","Interface":null}}
2025-08-15T22:13:45.061-0500	DEBUG	protocol/handler.go:596	round already finalized
2025-08-15T22:13:45.061-0500	DEBUG	protocol/handler.go:1591	have processed broadcast	{"{round 20 3  <nil>}": {"Key":"from","Type":15,"Integer":0,"String":"a","Interface":null}}
2025-08-15T22:13:45.061-0500	DEBUG	protocol/handler.go:1591	have processed broadcast	{"{round 20 3  <nil>}": {"Key":"from","Type":15,"Integer":0,"String":"b","Interface":null}}
2025-08-15T22:13:45.061-0500	DEBUG	protocol/handler.go:1649	have all messages and processed	{"{round 20 3  <nil>}": {"Key":"self","Type":15,"Integer":0,"String":"c","Interface":null}}
2025-08-15T22:13:45.061-0500	DEBUG	protocol/handler.go:596	round already finalized
2025-08-15T22:13:45.067-0500	DEBUG	protocol/handler.go:581	tryAdvanceRound called	{"{current_round 20 3  <nil>}": {"Key":"self","Type":15,"Integer":0,"String":"a","Interface":null}}
2025-08-15T22:13:45.067-0500	DEBUG	protocol/handler.go:1591	have processed broadcast	{"{round 20 3  <nil>}": {"Key":"from","Type":15,"Integer":0,"String":"b","Interface":null}}
2025-08-15T22:13:45.067-0500	DEBUG	protocol/handler.go:1591	have processed broadcast	{"{round 20 3  <nil>}": {"Key":"from","Type":15,"Integer":0,"String":"c","Interface":null}}
2025-08-15T22:13:45.067-0500	DEBUG	protocol/handler.go:1649	have all messages and processed	{"{round 20 3  <nil>}": {"Key":"self","Type":15,"Integer":0,"String":"a","Interface":null}}
2025-08-15T22:13:45.067-0500	DEBUG	protocol/handler.go:596	round already finalized
2025-08-15T22:13:45.071-0500	DEBUG	protocol/handler.go:581	tryAdvanceRound called	{"{current_round 20 3  <nil>}": {"Key":"self","Type":15,"Integer":0,"String":"b","Interface":null}}
2025-08-15T22:13:45.071-0500	DEBUG	protocol/handler.go:581	tryAdvanceRound called	{"{current_round 20 3  <nil>}": {"Key":"self","Type":15,"Integer":0,"String":"c","Interface":null}}
2025-08-15T22:13:45.071-0500	DEBUG	protocol/handler.go:1591	have processed broadcast	{"{round 20 3  <nil>}": {"Key":"from","Type":15,"Integer":0,"String":"a","Interface":null}}
2025-08-15T22:13:45.071-0500	DEBUG	protocol/handler.go:1591	have processed broadcast	{"{round 20 3  <nil>}": {"Key":"from","Type":15,"Integer":0,"String":"a","Interface":null}}
2025-08-15T22:13:45.071-0500	DEBUG	protocol/handler.go:1591	have processed broadcast	{"{round 20 3  <nil>}": {"Key":"from","Type":15,"Integer":0,"String":"c","Interface":null}}
2025-08-15T22:13:45.071-0500	DEBUG	protocol/handler.go:1591	have processed broadcast	{"{round 20 3  <nil>}": {"Key":"from","Type":15,"Integer":0,"String":"b","Interface":null}}
2025-08-15T22:13:45.071-0500	DEBUG	protocol/handler.go:1649	have all messages and processed	{"{round 20 3  <nil>}": {"Key":"self","Type":15,"Integer":0,"String":"c","Interface":null}}
2025-08-15T22:13:45.071-0500	DEBUG	protocol/handler.go:1649	have all messages and processed	{"{round 20 3  <nil>}": {"Key":"self","Type":15,"Integer":0,"String":"b","Interface":null}}
2025-08-15T22:13:45.071-0500	DEBUG	protocol/handler.go:596	round already finalized
2025-08-15T22:13:45.071-0500	DEBUG	protocol/handler.go:596	round already finalized
2025-08-15T22:13:45.077-0500	DEBUG	protocol/handler.go:581	tryAdvanceRound called	{"{current_round 20 3  <nil>}": {"Key":"self","Type":15,"Integer":0,"String":"a","Interface":null}}
2025-08-15T22:13:45.077-0500	DEBUG	protocol/handler.go:1591	have processed broadcast	{"{round 20 3  <nil>}": {"Key":"from","Type":15,"Integer":0,"String":"b","Interface":null}}
2025-08-15T22:13:45.077-0500	DEBUG	protocol/handler.go:1591	have processed broadcast	{"{round 20 3  <nil>}": {"Key":"from","Type":15,"Integer":0,"String":"c","Interface":null}}
2025-08-15T22:13:45.077-0500	DEBUG	protocol/handler.go:1649	have all messages and processed	{"{round 20 3  <nil>}": {"Key":"self","Type":15,"Integer":0,"String":"a","Interface":null}}
2025-08-15T22:13:45.077-0500	DEBUG	protocol/handler.go:596	round already finalized
2025-08-15T22:13:45.081-0500	DEBUG	protocol/handler.go:581	tryAdvanceRound called	{"{current_round 20 3  <nil>}": {"Key":"self","Type":15,"Integer":0,"String":"b","Interface":null}}
2025-08-15T22:13:45.081-0500	DEBUG	protocol/handler.go:581	tryAdvanceRound called	{"{current_round 20 3  <nil>}": {"Key":"self","Type":15,"Integer":0,"String":"c","Interface":null}}
2025-08-15T22:13:45.081-0500	DEBUG	protocol/handler.go:1591	have processed broadcast	{"{round 20 3  <nil>}": {"Key":"from","Type":15,"Integer":0,"String":"a","Interface":null}}
2025-08-15T22:13:45.081-0500	DEBUG	protocol/handler.go:1591	have processed broadcast	{"{round 20 3  <nil>}": {"Key":"from","Type":15,"Integer":0,"String":"a","Interface":null}}
2025-08-15T22:13:45.081-0500	DEBUG	protocol/handler.go:1591	have processed broadcast	{"{round 20 3  <nil>}": {"Key":"from","Type":15,"Integer":0,"String":"b","Interface":null}}
2025-08-15T22:13:45.081-0500	DEBUG	protocol/handler.go:1591	have processed broadcast	{"{round 20 3  <nil>}": {"Key":"from","Type":15,"Integer":0,"String":"c","Interface":null}}
2025-08-15T22:13:45.081-0500	DEBUG	protocol/handler.go:1649	have all messages and processed	{"{round 20 3  <nil>}": {"Key":"self","Type":15,"Integer":0,"String":"c","Interface":null}}
2025-08-15T22:13:45.081-0500	DEBUG	protocol/handler.go:596	round already finalized
2025-08-15T22:13:45.081-0500	DEBUG	protocol/handler.go:1649	have all messages and processed	{"{round 20 3  <nil>}": {"Key":"self","Type":15,"Integer":0,"String":"b","Interface":null}}
2025-08-15T22:13:45.081-0500	DEBUG	protocol/handler.go:596	round already finalized
2025-08-15T22:13:45.087-0500	DEBUG	protocol/handler.go:581	tryAdvanceRound called	{"{current_round 20 3  <nil>}": {"Key":"self","Type":15,"Integer":0,"String":"a","Interface":null}}
2025-08-15T22:13:45.087-0500	DEBUG	protocol/handler.go:1591	have processed broadcast	{"{round 20 3  <nil>}": {"Key":"from","Type":15,"Integer":0,"String":"b","Interface":null}}
2025-08-15T22:13:45.087-0500	DEBUG	protocol/handler.go:1591	have processed broadcast	{"{round 20 3  <nil>}": {"Key":"from","Type":15,"Integer":0,"String":"c","Interface":null}}
2025-08-15T22:13:45.087-0500	DEBUG	protocol/handler.go:1649	have all messages and processed	{"{round 20 3  <nil>}": {"Key":"self","Type":15,"Integer":0,"String":"a","Interface":null}}
2025-08-15T22:13:45.087-0500	DEBUG	protocol/handler.go:596	round already finalized
2025-08-15T22:13:45.091-0500	DEBUG	protocol/handler.go:581	tryAdvanceRound called	{"{current_round 20 3  <nil>}": {"Key":"self","Type":15,"Integer":0,"String":"b","Interface":null}}
2025-08-15T22:13:45.091-0500	DEBUG	protocol/handler.go:581	tryAdvanceRound called	{"{current_round 20 3  <nil>}": {"Key":"self","Type":15,"Integer":0,"String":"c","Interface":null}}
2025-08-15T22:13:45.091-0500	DEBUG	protocol/handler.go:1591	have processed broadcast	{"{round 20 3  <nil>}": {"Key":"from","Type":15,"Integer":0,"String":"a","Interface":null}}
2025-08-15T22:13:45.091-0500	DEBUG	protocol/handler.go:1591	have processed broadcast	{"{round 20 3  <nil>}": {"Key":"from","Type":15,"Integer":0,"String":"a","Interface":null}}
2025-08-15T22:13:45.091-0500	DEBUG	protocol/handler.go:1591	have processed broadcast	{"{round 20 3  <nil>}": {"Key":"from","Type":15,"Integer":0,"String":"c","Interface":null}}
2025-08-15T22:13:45.091-0500	DEBUG	protocol/handler.go:1591	have processed broadcast	{"{round 20 3  <nil>}": {"Key":"from","Type":15,"Integer":0,"String":"b","Interface":null}}
2025-08-15T22:13:45.091-0500	DEBUG	protocol/handler.go:1649	have all messages and processed	{"{round 20 3  <nil>}": {"Key":"self","Type":15,"Integer":0,"String":"b","Interface":null}}
2025-08-15T22:13:45.091-0500	DEBUG	protocol/handler.go:1649	have all messages and processed	{"{round 20 3  <nil>}": {"Key":"self","Type":15,"Integer":0,"String":"c","Interface":null}}
2025-08-15T22:13:45.091-0500	DEBUG	protocol/handler.go:596	round already finalized
2025-08-15T22:13:45.091-0500	DEBUG	protocol/handler.go:596	round already finalized
2025-08-15T22:13:45.097-0500	DEBUG	protocol/handler.go:581	tryAdvanceRound called	{"{current_round 20 3  <nil>}": {"Key":"self","Type":15,"Integer":0,"String":"a","Interface":null}}
2025-08-15T22:13:45.097-0500	DEBUG	protocol/handler.go:1591	have processed broadcast	{"{round 20 3  <nil>}": {"Key":"from","Type":15,"Integer":0,"String":"b","Interface":null}}
2025-08-15T22:13:45.097-0500	DEBUG	protocol/handler.go:1591	have processed broadcast	{"{round 20 3  <nil>}": {"Key":"from","Type":15,"Integer":0,"String":"c","Interface":null}}
2025-08-15T22:13:45.097-0500	DEBUG	protocol/handler.go:1649	have all messages and processed	{"{round 20 3  <nil>}": {"Key":"self","Type":15,"Integer":0,"String":"a","Interface":null}}
2025-08-15T22:13:45.097-0500	DEBUG	protocol/handler.go:596	round already finalized
2025-08-15T22:13:45.101-0500	DEBUG	protocol/handler.go:581	tryAdvanceRound called	{"{current_round 20 3  <nil>}": {"Key":"self","Type":15,"Integer":0,"String":"b","Interface":null}}
2025-08-15T22:13:45.101-0500	DEBUG	protocol/handler.go:1591	have processed broadcast	{"{round 20 3  <nil>}": {"Key":"from","Type":15,"Integer":0,"String":"a","Interface":null}}
2025-08-15T22:13:45.101-0500	DEBUG	protocol/handler.go:1591	have processed broadcast	{"{round 20 3  <nil>}": {"Key":"from","Type":15,"Integer":0,"String":"c","Interface":null}}
2025-08-15T22:13:45.101-0500	DEBUG	protocol/handler.go:1649	have all messages and processed	{"{round 20 3  <nil>}": {"Key":"self","Type":15,"Integer":0,"String":"b","Interface":null}}
2025-08-15T22:13:45.101-0500	DEBUG	protocol/handler.go:596	round already finalized
2025-08-15T22:13:45.101-0500	DEBUG	protocol/handler.go:581	tryAdvanceRound called	{"{current_round 20 3  <nil>}": {"Key":"self","Type":15,"Integer":0,"String":"c","Interface":null}}
2025-08-15T22:13:45.101-0500	DEBUG	protocol/handler.go:1591	have processed broadcast	{"{round 20 3  <nil>}": {"Key":"from","Type":15,"Integer":0,"String":"a","Interface":null}}
2025-08-15T22:13:45.101-0500	DEBUG	protocol/handler.go:1591	have processed broadcast	{"{round 20 3  <nil>}": {"Key":"from","Type":15,"Integer":0,"String":"b","Interface":null}}
2025-08-15T22:13:45.101-0500	DEBUG	protocol/handler.go:1649	have all messages and processed	{"{round 20 3  <nil>}": {"Key":"self","Type":15,"Integer":0,"String":"c","Interface":null}}
2025-08-15T22:13:45.101-0500	DEBUG	protocol/handler.go:596	round already finalized
2025-08-15T22:13:45.107-0500	DEBUG	protocol/handler.go:581	tryAdvanceRound called	{"{current_round 20 3  <nil>}": {"Key":"self","Type":15,"Integer":0,"String":"a","Interface":null}}
2025-08-15T22:13:45.107-0500	DEBUG	protocol/handler.go:1591	have processed broadcast	{"{round 20 3  <nil>}": {"Key":"from","Type":15,"Integer":0,"String":"b","Interface":null}}
2025-08-15T22:13:45.107-0500	DEBUG	protocol/handler.go:1591	have processed broadcast	{"{round 20 3  <nil>}": {"Key":"from","Type":15,"Integer":0,"String":"c","Interface":null}}
2025-08-15T22:13:45.107-0500	DEBUG	protocol/handler.go:1649	have all messages and processed	{"{round 20 3  <nil>}": {"Key":"self","Type":15,"Integer":0,"String":"a","Interface":null}}
2025-08-15T22:13:45.107-0500	DEBUG	protocol/handler.go:596	round already finalized
2025-08-15T22:13:45.111-0500	DEBUG	protocol/handler.go:581	tryAdvanceRound called	{"{current_round 20 3  <nil>}": {"Key":"self","Type":15,"Integer":0,"String":"b","Interface":null}}
2025-08-15T22:13:45.111-0500	DEBUG	protocol/handler.go:581	tryAdvanceRound called	{"{current_round 20 3  <nil>}": {"Key":"self","Type":15,"Integer":0,"String":"c","Interface":null}}
2025-08-15T22:13:45.111-0500	DEBUG	protocol/handler.go:1591	have processed broadcast	{"{round 20 3  <nil>}": {"Key":"from","Type":15,"Integer":0,"String":"a","Interface":null}}
2025-08-15T22:13:45.111-0500	DEBUG	protocol/handler.go:1591	have processed broadcast	{"{round 20 3  <nil>}": {"Key":"from","Type":15,"Integer":0,"String":"c","Interface":null}}
2025-08-15T22:13:45.111-0500	DEBUG	protocol/handler.go:1591	have processed broadcast	{"{round 20 3  <nil>}": {"Key":"from","Type":15,"Integer":0,"String":"a","Interface":null}}
2025-08-15T22:13:45.111-0500	DEBUG	protocol/handler.go:1649	have all messages and processed	{"{round 20 3  <nil>}": {"Key":"self","Type":15,"Integer":0,"String":"b","Interface":null}}
2025-08-15T22:13:45.111-0500	DEBUG	protocol/handler.go:1591	have processed broadcast	{"{round 20 3  <nil>}": {"Key":"from","Type":15,"Integer":0,"String":"b","Interface":null}}
2025-08-15T22:13:45.111-0500	DEBUG	protocol/handler.go:596	round already finalized
2025-08-15T22:13:45.111-0500	DEBUG	protocol/handler.go:1649	have all messages and processed	{"{round 20 3  <nil>}": {"Key":"self","Type":15,"Integer":0,"String":"c","Interface":null}}
2025-08-15T22:13:45.111-0500	DEBUG	protocol/handler.go:596	round already finalized
2025-08-15T22:13:45.117-0500	DEBUG	protocol/handler.go:581	tryAdvanceRound called	{"{current_round 20 3  <nil>}": {"Key":"self","Type":15,"Integer":0,"String":"a","Interface":null}}
2025-08-15T22:13:45.117-0500	DEBUG	protocol/handler.go:1591	have processed broadcast	{"{round 20 3  <nil>}": {"Key":"from","Type":15,"Integer":0,"String":"b","Interface":null}}
2025-08-15T22:13:45.117-0500	DEBUG	protocol/handler.go:1591	have processed broadcast	{"{round 20 3  <nil>}": {"Key":"from","Type":15,"Integer":0,"String":"c","Interface":null}}
2025-08-15T22:13:45.117-0500	DEBUG	protocol/handler.go:1649	have all messages and processed	{"{round 20 3  <nil>}": {"Key":"self","Type":15,"Integer":0,"String":"a","Interface":null}}
2025-08-15T22:13:45.117-0500	DEBUG	protocol/handler.go:596	round already finalized
2025-08-15T22:13:45.121-0500	DEBUG	protocol/handler.go:581	tryAdvanceRound called	{"{current_round 20 3  <nil>}": {"Key":"self","Type":15,"Integer":0,"String":"b","Interface":null}}
2025-08-15T22:13:45.121-0500	DEBUG	protocol/handler.go:1591	have processed broadcast	{"{round 20 3  <nil>}": {"Key":"from","Type":15,"Integer":0,"String":"a","Interface":null}}
2025-08-15T22:13:45.121-0500	DEBUG	protocol/handler.go:1591	have processed broadcast	{"{round 20 3  <nil>}": {"Key":"from","Type":15,"Integer":0,"String":"c","Interface":null}}
2025-08-15T22:13:45.121-0500	DEBUG	protocol/handler.go:1649	have all messages and processed	{"{round 20 3  <nil>}": {"Key":"self","Type":15,"Integer":0,"String":"b","Interface":null}}
2025-08-15T22:13:45.121-0500	DEBUG	protocol/handler.go:596	round already finalized
2025-08-15T22:13:45.121-0500	DEBUG	protocol/handler.go:581	tryAdvanceRound called	{"{current_round 20 3  <nil>}": {"Key":"self","Type":15,"Integer":0,"String":"c","Interface":null}}
2025-08-15T22:13:45.121-0500	DEBUG	protocol/handler.go:1591	have processed broadcast	{"{round 20 3  <nil>}": {"Key":"from","Type":15,"Integer":0,"String":"a","Interface":null}}
2025-08-15T22:13:45.121-0500	DEBUG	protocol/handler.go:1591	have processed broadcast	{"{round 20 3  <nil>}": {"Key":"from","Type":15,"Integer":0,"String":"b","Interface":null}}
2025-08-15T22:13:45.121-0500	DEBUG	protocol/handler.go:1649	have all messages and processed	{"{round 20 3  <nil>}": {"Key":"self","Type":15,"Integer":0,"String":"c","Interface":null}}
2025-08-15T22:13:45.121-0500	DEBUG	protocol/handler.go:596	round already finalized
2025-08-15T22:13:45.127-0500	DEBUG	protocol/handler.go:581	tryAdvanceRound called	{"{current_round 20 3  <nil>}": {"Key":"self","Type":15,"Integer":0,"String":"a","Interface":null}}
2025-08-15T22:13:45.127-0500	DEBUG	protocol/handler.go:1591	have processed broadcast	{"{round 20 3  <nil>}": {"Key":"from","Type":15,"Integer":0,"String":"b","Interface":null}}
2025-08-15T22:13:45.127-0500	DEBUG	protocol/handler.go:1591	have processed broadcast	{"{round 20 3  <nil>}": {"Key":"from","Type":15,"Integer":0,"String":"c","Interface":null}}
2025-08-15T22:13:45.127-0500	DEBUG	protocol/handler.go:1649	have all messages and processed	{"{round 20 3  <nil>}": {"Key":"self","Type":15,"Integer":0,"String":"a","Interface":null}}
2025-08-15T22:13:45.127-0500	DEBUG	protocol/handler.go:596	round already finalized
2025-08-15T22:13:45.131-0500	DEBUG	protocol/handler.go:581	tryAdvanceRound called	{"{current_round 20 3  <nil>}": {"Key":"self","Type":15,"Integer":0,"String":"b","Interface":null}}
2025-08-15T22:13:45.131-0500	DEBUG	protocol/handler.go:581	tryAdvanceRound called	{"{current_round 20 3  <nil>}": {"Key":"self","Type":15,"Integer":0,"String":"c","Interface":null}}
2025-08-15T22:13:45.131-0500	DEBUG	protocol/handler.go:1591	have processed broadcast	{"{round 20 3  <nil>}": {"Key":"from","Type":15,"Integer":0,"String":"a","Interface":null}}
2025-08-15T22:13:45.131-0500	DEBUG	protocol/handler.go:1591	have processed broadcast	{"{round 20 3  <nil>}": {"Key":"from","Type":15,"Integer":0,"String":"c","Interface":null}}
2025-08-15T22:13:45.131-0500	DEBUG	protocol/handler.go:1591	have processed broadcast	{"{round 20 3  <nil>}": {"Key":"from","Type":15,"Integer":0,"String":"a","Interface":null}}
2025-08-15T22:13:45.131-0500	DEBUG	protocol/handler.go:1649	have all messages and processed	{"{round 20 3  <nil>}": {"Key":"self","Type":15,"Integer":0,"String":"b","Interface":null}}
2025-08-15T22:13:45.131-0500	DEBUG	protocol/handler.go:596	round already finalized
2025-08-15T22:13:45.131-0500	DEBUG	protocol/handler.go:1591	have processed broadcast	{"{round 20 3  <nil>}": {"Key":"from","Type":15,"Integer":0,"String":"b","Interface":null}}
2025-08-15T22:13:45.131-0500	DEBUG	protocol/handler.go:1649	have all messages and processed	{"{round 20 3  <nil>}": {"Key":"self","Type":15,"Integer":0,"String":"c","Interface":null}}
2025-08-15T22:13:45.131-0500	DEBUG	protocol/handler.go:596	round already finalized
2025-08-15T22:13:45.137-0500	DEBUG	protocol/handler.go:581	tryAdvanceRound called	{"{current_round 20 3  <nil>}": {"Key":"self","Type":15,"Integer":0,"String":"a","Interface":null}}
2025-08-15T22:13:45.137-0500	DEBUG	protocol/handler.go:1591	have processed broadcast	{"{round 20 3  <nil>}": {"Key":"from","Type":15,"Integer":0,"String":"b","Interface":null}}
2025-08-15T22:13:45.137-0500	DEBUG	protocol/handler.go:1591	have processed broadcast	{"{round 20 3  <nil>}": {"Key":"from","Type":15,"Integer":0,"String":"c","Interface":null}}
2025-08-15T22:13:45.137-0500	DEBUG	protocol/handler.go:1649	have all messages and processed	{"{round 20 3  <nil>}": {"Key":"self","Type":15,"Integer":0,"String":"a","Interface":null}}
2025-08-15T22:13:45.137-0500	DEBUG	protocol/handler.go:596	round already finalized
2025-08-15T22:13:45.141-0500	DEBUG	protocol/handler.go:581	tryAdvanceRound called	{"{current_round 20 3  <nil>}": {"Key":"self","Type":15,"Integer":0,"String":"b","Interface":null}}
2025-08-15T22:13:45.141-0500	DEBUG	protocol/handler.go:1591	have processed broadcast	{"{round 20 3  <nil>}": {"Key":"from","Type":15,"Integer":0,"String":"a","Interface":null}}
2025-08-15T22:13:45.141-0500	DEBUG	protocol/handler.go:581	tryAdvanceRound called	{"{current_round 20 3  <nil>}": {"Key":"self","Type":15,"Integer":0,"String":"c","Interface":null}}
2025-08-15T22:13:45.141-0500	DEBUG	protocol/handler.go:1591	have processed broadcast	{"{round 20 3  <nil>}": {"Key":"from","Type":15,"Integer":0,"String":"c","Interface":null}}
2025-08-15T22:13:45.141-0500	DEBUG	protocol/handler.go:1591	have processed broadcast	{"{round 20 3  <nil>}": {"Key":"from","Type":15,"Integer":0,"String":"a","Interface":null}}
2025-08-15T22:13:45.141-0500	DEBUG	protocol/handler.go:1649	have all messages and processed	{"{round 20 3  <nil>}": {"Key":"self","Type":15,"Integer":0,"String":"b","Interface":null}}
2025-08-15T22:13:45.141-0500	DEBUG	protocol/handler.go:1591	have processed broadcast	{"{round 20 3  <nil>}": {"Key":"from","Type":15,"Integer":0,"String":"b","Interface":null}}
2025-08-15T22:13:45.141-0500	DEBUG	protocol/handler.go:596	round already finalized
2025-08-15T22:13:45.141-0500	DEBUG	protocol/handler.go:1649	have all messages and processed	{"{round 20 3  <nil>}": {"Key":"self","Type":15,"Integer":0,"String":"c","Interface":null}}
2025-08-15T22:13:45.141-0500	DEBUG	protocol/handler.go:596	round already finalized
2025-08-15T22:13:45.147-0500	DEBUG	protocol/handler.go:581	tryAdvanceRound called	{"{current_round 20 3  <nil>}": {"Key":"self","Type":15,"Integer":0,"String":"a","Interface":null}}
2025-08-15T22:13:45.147-0500	DEBUG	protocol/handler.go:1591	have processed broadcast	{"{round 20 3  <nil>}": {"Key":"from","Type":15,"Integer":0,"String":"b","Interface":null}}
2025-08-15T22:13:45.147-0500	DEBUG	protocol/handler.go:1591	have processed broadcast	{"{round 20 3  <nil>}": {"Key":"from","Type":15,"Integer":0,"String":"c","Interface":null}}
2025-08-15T22:13:45.147-0500	DEBUG	protocol/handler.go:1649	have all messages and processed	{"{round 20 3  <nil>}": {"Key":"self","Type":15,"Integer":0,"String":"a","Interface":null}}
2025-08-15T22:13:45.147-0500	DEBUG	protocol/handler.go:596	round already finalized
2025-08-15T22:13:45.151-0500	DEBUG	protocol/handler.go:581	tryAdvanceRound called	{"{current_round 20 3  <nil>}": {"Key":"self","Type":15,"Integer":0,"String":"b","Interface":null}}
2025-08-15T22:13:45.151-0500	DEBUG	protocol/handler.go:581	tryAdvanceRound called	{"{current_round 20 3  <nil>}": {"Key":"self","Type":15,"Integer":0,"String":"c","Interface":null}}
2025-08-15T22:13:45.151-0500	DEBUG	protocol/handler.go:1591	have processed broadcast	{"{round 20 3  <nil>}": {"Key":"from","Type":15,"Integer":0,"String":"a","Interface":null}}
2025-08-15T22:13:45.151-0500	DEBUG	protocol/handler.go:1591	have processed broadcast	{"{round 20 3  <nil>}": {"Key":"from","Type":15,"Integer":0,"String":"a","Interface":null}}
2025-08-15T22:13:45.151-0500	DEBUG	protocol/handler.go:1591	have processed broadcast	{"{round 20 3  <nil>}": {"Key":"from","Type":15,"Integer":0,"String":"c","Interface":null}}
2025-08-15T22:13:45.151-0500	DEBUG	protocol/handler.go:1591	have processed broadcast	{"{round 20 3  <nil>}": {"Key":"from","Type":15,"Integer":0,"String":"b","Interface":null}}
2025-08-15T22:13:45.151-0500	DEBUG	protocol/handler.go:1649	have all messages and processed	{"{round 20 3  <nil>}": {"Key":"self","Type":15,"Integer":0,"String":"b","Interface":null}}
2025-08-15T22:13:45.151-0500	DEBUG	protocol/handler.go:1649	have all messages and processed	{"{round 20 3  <nil>}": {"Key":"self","Type":15,"Integer":0,"String":"c","Interface":null}}
2025-08-15T22:13:45.151-0500	DEBUG	protocol/handler.go:596	round already finalized
2025-08-15T22:13:45.151-0500	DEBUG	protocol/handler.go:596	round already finalized
2025-08-15T22:13:45.157-0500	DEBUG	protocol/handler.go:581	tryAdvanceRound called	{"{current_round 20 3  <nil>}": {"Key":"self","Type":15,"Integer":0,"String":"a","Interface":null}}
2025-08-15T22:13:45.157-0500	DEBUG	protocol/handler.go:1591	have processed broadcast	{"{round 20 3  <nil>}": {"Key":"from","Type":15,"Integer":0,"String":"b","Interface":null}}
2025-08-15T22:13:45.157-0500	DEBUG	protocol/handler.go:1591	have processed broadcast	{"{round 20 3  <nil>}": {"Key":"from","Type":15,"Integer":0,"String":"c","Interface":null}}
2025-08-15T22:13:45.157-0500	DEBUG	protocol/handler.go:1649	have all messages and processed	{"{round 20 3  <nil>}": {"Key":"self","Type":15,"Integer":0,"String":"a","Interface":null}}
2025-08-15T22:13:45.157-0500	DEBUG	protocol/handler.go:596	round already finalized
2025-08-15T22:13:45.161-0500	DEBUG	protocol/handler.go:581	tryAdvanceRound called	{"{current_round 20 3  <nil>}": {"Key":"self","Type":15,"Integer":0,"String":"b","Interface":null}}
2025-08-15T22:13:45.161-0500	DEBUG	protocol/handler.go:581	tryAdvanceRound called	{"{current_round 20 3  <nil>}": {"Key":"self","Type":15,"Integer":0,"String":"c","Interface":null}}
2025-08-15T22:13:45.161-0500	DEBUG	protocol/handler.go:1591	have processed broadcast	{"{round 20 3  <nil>}": {"Key":"from","Type":15,"Integer":0,"String":"a","Interface":null}}
2025-08-15T22:13:45.161-0500	DEBUG	protocol/handler.go:1591	have processed broadcast	{"{round 20 3  <nil>}": {"Key":"from","Type":15,"Integer":0,"String":"a","Interface":null}}
2025-08-15T22:13:45.161-0500	DEBUG	protocol/handler.go:1591	have processed broadcast	{"{round 20 3  <nil>}": {"Key":"from","Type":15,"Integer":0,"String":"c","Interface":null}}
2025-08-15T22:13:45.161-0500	DEBUG	protocol/handler.go:1591	have processed broadcast	{"{round 20 3  <nil>}": {"Key":"from","Type":15,"Integer":0,"String":"b","Interface":null}}
2025-08-15T22:13:45.161-0500	DEBUG	protocol/handler.go:1649	have all messages and processed	{"{round 20 3  <nil>}": {"Key":"self","Type":15,"Integer":0,"String":"b","Interface":null}}
2025-08-15T22:13:45.161-0500	DEBUG	protocol/handler.go:1649	have all messages and processed	{"{round 20 3  <nil>}": {"Key":"self","Type":15,"Integer":0,"String":"c","Interface":null}}
2025-08-15T22:13:45.161-0500	DEBUG	protocol/handler.go:596	round already finalized
2025-08-15T22:13:45.161-0500	DEBUG	protocol/handler.go:596	round already finalized
2025-08-15T22:13:45.167-0500	DEBUG	protocol/handler.go:581	tryAdvanceRound called	{"{current_round 20 3  <nil>}": {"Key":"self","Type":15,"Integer":0,"String":"a","Interface":null}}
2025-08-15T22:13:45.167-0500	DEBUG	protocol/handler.go:1591	have processed broadcast	{"{round 20 3  <nil>}": {"Key":"from","Type":15,"Integer":0,"String":"b","Interface":null}}
2025-08-15T22:13:45.167-0500	DEBUG	protocol/handler.go:1591	have processed broadcast	{"{round 20 3  <nil>}": {"Key":"from","Type":15,"Integer":0,"String":"c","Interface":null}}
2025-08-15T22:13:45.167-0500	DEBUG	protocol/handler.go:1649	have all messages and processed	{"{round 20 3  <nil>}": {"Key":"self","Type":15,"Integer":0,"String":"a","Interface":null}}
2025-08-15T22:13:45.167-0500	DEBUG	protocol/handler.go:596	round already finalized
2025-08-15T22:13:45.171-0500	DEBUG	protocol/handler.go:581	tryAdvanceRound called	{"{current_round 20 3  <nil>}": {"Key":"self","Type":15,"Integer":0,"String":"b","Interface":null}}
2025-08-15T22:13:45.171-0500	DEBUG	protocol/handler.go:581	tryAdvanceRound called	{"{current_round 20 3  <nil>}": {"Key":"self","Type":15,"Integer":0,"String":"c","Interface":null}}
2025-08-15T22:13:45.171-0500	DEBUG	protocol/handler.go:1591	have processed broadcast	{"{round 20 3  <nil>}": {"Key":"from","Type":15,"Integer":0,"String":"a","Interface":null}}
2025-08-15T22:13:45.171-0500	DEBUG	protocol/handler.go:1591	have processed broadcast	{"{round 20 3  <nil>}": {"Key":"from","Type":15,"Integer":0,"String":"a","Interface":null}}
2025-08-15T22:13:45.171-0500	DEBUG	protocol/handler.go:1591	have processed broadcast	{"{round 20 3  <nil>}": {"Key":"from","Type":15,"Integer":0,"String":"c","Interface":null}}
2025-08-15T22:13:45.171-0500	DEBUG	protocol/handler.go:1591	have processed broadcast	{"{round 20 3  <nil>}": {"Key":"from","Type":15,"Integer":0,"String":"b","Interface":null}}
2025-08-15T22:13:45.171-0500	DEBUG	protocol/handler.go:1649	have all messages and processed	{"{round 20 3  <nil>}": {"Key":"self","Type":15,"Integer":0,"String":"b","Interface":null}}
2025-08-15T22:13:45.171-0500	DEBUG	protocol/handler.go:1649	have all messages and processed	{"{round 20 3  <nil>}": {"Key":"self","Type":15,"Integer":0,"String":"c","Interface":null}}
2025-08-15T22:13:45.171-0500	DEBUG	protocol/handler.go:596	round already finalized
2025-08-15T22:13:45.171-0500	DEBUG	protocol/handler.go:596	round already finalized
2025-08-15T22:13:45.176-0500	DEBUG	protocol/handler.go:581	tryAdvanceRound called	{"{current_round 20 3  <nil>}": {"Key":"self","Type":15,"Integer":0,"String":"a","Interface":null}}
2025-08-15T22:13:45.177-0500	DEBUG	protocol/handler.go:1591	have processed broadcast	{"{round 20 3  <nil>}": {"Key":"from","Type":15,"Integer":0,"String":"b","Interface":null}}
2025-08-15T22:13:45.177-0500	DEBUG	protocol/handler.go:1591	have processed broadcast	{"{round 20 3  <nil>}": {"Key":"from","Type":15,"Integer":0,"String":"c","Interface":null}}
2025-08-15T22:13:45.177-0500	DEBUG	protocol/handler.go:1649	have all messages and processed	{"{round 20 3  <nil>}": {"Key":"self","Type":15,"Integer":0,"String":"a","Interface":null}}
2025-08-15T22:13:45.177-0500	DEBUG	protocol/handler.go:596	round already finalized
2025-08-15T22:13:45.181-0500	DEBUG	protocol/handler.go:581	tryAdvanceRound called	{"{current_round 20 3  <nil>}": {"Key":"self","Type":15,"Integer":0,"String":"b","Interface":null}}
2025-08-15T22:13:45.181-0500	DEBUG	protocol/handler.go:581	tryAdvanceRound called	{"{current_round 20 3  <nil>}": {"Key":"self","Type":15,"Integer":0,"String":"c","Interface":null}}
2025-08-15T22:13:45.181-0500	DEBUG	protocol/handler.go:1591	have processed broadcast	{"{round 20 3  <nil>}": {"Key":"from","Type":15,"Integer":0,"String":"a","Interface":null}}
2025-08-15T22:13:45.181-0500	DEBUG	protocol/handler.go:1591	have processed broadcast	{"{round 20 3  <nil>}": {"Key":"from","Type":15,"Integer":0,"String":"a","Interface":null}}
2025-08-15T22:13:45.181-0500	DEBUG	protocol/handler.go:1591	have processed broadcast	{"{round 20 3  <nil>}": {"Key":"from","Type":15,"Integer":0,"String":"c","Interface":null}}
2025-08-15T22:13:45.181-0500	DEBUG	protocol/handler.go:1591	have processed broadcast	{"{round 20 3  <nil>}": {"Key":"from","Type":15,"Integer":0,"String":"b","Interface":null}}
2025-08-15T22:13:45.181-0500	DEBUG	protocol/handler.go:1649	have all messages and processed	{"{round 20 3  <nil>}": {"Key":"self","Type":15,"Integer":0,"String":"b","Interface":null}}
2025-08-15T22:13:45.181-0500	DEBUG	protocol/handler.go:1649	have all messages and processed	{"{round 20 3  <nil>}": {"Key":"self","Type":15,"Integer":0,"String":"c","Interface":null}}
2025-08-15T22:13:45.181-0500	DEBUG	protocol/handler.go:596	round already finalized
2025-08-15T22:13:45.181-0500	DEBUG	protocol/handler.go:596	round already finalized
2025-08-15T22:13:45.187-0500	DEBUG	protocol/handler.go:581	tryAdvanceRound called	{"{current_round 20 3  <nil>}": {"Key":"self","Type":15,"Integer":0,"String":"a","Interface":null}}
2025-08-15T22:13:45.187-0500	DEBUG	protocol/handler.go:1591	have processed broadcast	{"{round 20 3  <nil>}": {"Key":"from","Type":15,"Integer":0,"String":"b","Interface":null}}
2025-08-15T22:13:45.187-0500	DEBUG	protocol/handler.go:1591	have processed broadcast	{"{round 20 3  <nil>}": {"Key":"from","Type":15,"Integer":0,"String":"c","Interface":null}}
2025-08-15T22:13:45.187-0500	DEBUG	protocol/handler.go:1649	have all messages and processed	{"{round 20 3  <nil>}": {"Key":"self","Type":15,"Integer":0,"String":"a","Interface":null}}
2025-08-15T22:13:45.187-0500	DEBUG	protocol/handler.go:596	round already finalized
2025-08-15T22:13:45.191-0500	DEBUG	protocol/handler.go:581	tryAdvanceRound called	{"{current_round 20 3  <nil>}": {"Key":"self","Type":15,"Integer":0,"String":"b","Interface":null}}
2025-08-15T22:13:45.191-0500	DEBUG	protocol/handler.go:581	tryAdvanceRound called	{"{current_round 20 3  <nil>}": {"Key":"self","Type":15,"Integer":0,"String":"c","Interface":null}}
2025-08-15T22:13:45.191-0500	DEBUG	protocol/handler.go:1591	have processed broadcast	{"{round 20 3  <nil>}": {"Key":"from","Type":15,"Integer":0,"String":"a","Interface":null}}
2025-08-15T22:13:45.191-0500	DEBUG	protocol/handler.go:1591	have processed broadcast	{"{round 20 3  <nil>}": {"Key":"from","Type":15,"Integer":0,"String":"a","Interface":null}}
2025-08-15T22:13:45.191-0500	DEBUG	protocol/handler.go:1591	have processed broadcast	{"{round 20 3  <nil>}": {"Key":"from","Type":15,"Integer":0,"String":"c","Interface":null}}
2025-08-15T22:13:45.191-0500	DEBUG	protocol/handler.go:1591	have processed broadcast	{"{round 20 3  <nil>}": {"Key":"from","Type":15,"Integer":0,"String":"b","Interface":null}}
2025-08-15T22:13:45.191-0500	DEBUG	protocol/handler.go:1649	have all messages and processed	{"{round 20 3  <nil>}": {"Key":"self","Type":15,"Integer":0,"String":"b","Interface":null}}
2025-08-15T22:13:45.191-0500	DEBUG	protocol/handler.go:596	round already finalized
2025-08-15T22:13:45.191-0500	DEBUG	protocol/handler.go:1649	have all messages and processed	{"{round 20 3  <nil>}": {"Key":"self","Type":15,"Integer":0,"String":"c","Interface":null}}
2025-08-15T22:13:45.191-0500	DEBUG	protocol/handler.go:596	round already finalized
2025-08-15T22:13:45.197-0500	DEBUG	protocol/handler.go:581	tryAdvanceRound called	{"{current_round 20 3  <nil>}": {"Key":"self","Type":15,"Integer":0,"String":"a","Interface":null}}
2025-08-15T22:13:45.197-0500	DEBUG	protocol/handler.go:1591	have processed broadcast	{"{round 20 3  <nil>}": {"Key":"from","Type":15,"Integer":0,"String":"b","Interface":null}}
2025-08-15T22:13:45.197-0500	DEBUG	protocol/handler.go:1591	have processed broadcast	{"{round 20 3  <nil>}": {"Key":"from","Type":15,"Integer":0,"String":"c","Interface":null}}
2025-08-15T22:13:45.197-0500	DEBUG	protocol/handler.go:1649	have all messages and processed	{"{round 20 3  <nil>}": {"Key":"self","Type":15,"Integer":0,"String":"a","Interface":null}}
2025-08-15T22:13:45.197-0500	DEBUG	protocol/handler.go:596	round already finalized
2025-08-15T22:13:45.201-0500	DEBUG	protocol/handler.go:581	tryAdvanceRound called	{"{current_round 20 3  <nil>}": {"Key":"self","Type":15,"Integer":0,"String":"b","Interface":null}}
2025-08-15T22:13:45.201-0500	DEBUG	protocol/handler.go:581	tryAdvanceRound called	{"{current_round 20 3  <nil>}": {"Key":"self","Type":15,"Integer":0,"String":"c","Interface":null}}
2025-08-15T22:13:45.201-0500	DEBUG	protocol/handler.go:1591	have processed broadcast	{"{round 20 3  <nil>}": {"Key":"from","Type":15,"Integer":0,"String":"a","Interface":null}}
2025-08-15T22:13:45.201-0500	DEBUG	protocol/handler.go:1591	have processed broadcast	{"{round 20 3  <nil>}": {"Key":"from","Type":15,"Integer":0,"String":"a","Interface":null}}
2025-08-15T22:13:45.201-0500	DEBUG	protocol/handler.go:1591	have processed broadcast	{"{round 20 3  <nil>}": {"Key":"from","Type":15,"Integer":0,"String":"b","Interface":null}}
2025-08-15T22:13:45.201-0500	DEBUG	protocol/handler.go:1591	have processed broadcast	{"{round 20 3  <nil>}": {"Key":"from","Type":15,"Integer":0,"String":"c","Interface":null}}
2025-08-15T22:13:45.201-0500	DEBUG	protocol/handler.go:1649	have all messages and processed	{"{round 20 3  <nil>}": {"Key":"self","Type":15,"Integer":0,"String":"c","Interface":null}}
2025-08-15T22:13:45.201-0500	DEBUG	protocol/handler.go:596	round already finalized
2025-08-15T22:13:45.201-0500	DEBUG	protocol/handler.go:1649	have all messages and processed	{"{round 20 3  <nil>}": {"Key":"self","Type":15,"Integer":0,"String":"b","Interface":null}}
2025-08-15T22:13:45.201-0500	DEBUG	protocol/handler.go:596	round already finalized
2025-08-15T22:13:45.207-0500	DEBUG	protocol/handler.go:581	tryAdvanceRound called	{"{current_round 20 3  <nil>}": {"Key":"self","Type":15,"Integer":0,"String":"a","Interface":null}}
2025-08-15T22:13:45.207-0500	DEBUG	protocol/handler.go:1591	have processed broadcast	{"{round 20 3  <nil>}": {"Key":"from","Type":15,"Integer":0,"String":"b","Interface":null}}
2025-08-15T22:13:45.207-0500	DEBUG	protocol/handler.go:1591	have processed broadcast	{"{round 20 3  <nil>}": {"Key":"from","Type":15,"Integer":0,"String":"c","Interface":null}}
2025-08-15T22:13:45.207-0500	DEBUG	protocol/handler.go:1649	have all messages and processed	{"{round 20 3  <nil>}": {"Key":"self","Type":15,"Integer":0,"String":"a","Interface":null}}
2025-08-15T22:13:45.207-0500	DEBUG	protocol/handler.go:596	round already finalized
2025-08-15T22:13:45.211-0500	DEBUG	protocol/handler.go:581	tryAdvanceRound called	{"{current_round 20 3  <nil>}": {"Key":"self","Type":15,"Integer":0,"String":"b","Interface":null}}
2025-08-15T22:13:45.211-0500	DEBUG	protocol/handler.go:581	tryAdvanceRound called	{"{current_round 20 3  <nil>}": {"Key":"self","Type":15,"Integer":0,"String":"c","Interface":null}}
2025-08-15T22:13:45.211-0500	DEBUG	protocol/handler.go:1591	have processed broadcast	{"{round 20 3  <nil>}": {"Key":"from","Type":15,"Integer":0,"String":"a","Interface":null}}
2025-08-15T22:13:45.211-0500	DEBUG	protocol/handler.go:1591	have processed broadcast	{"{round 20 3  <nil>}": {"Key":"from","Type":15,"Integer":0,"String":"a","Interface":null}}
2025-08-15T22:13:45.211-0500	DEBUG	protocol/handler.go:1591	have processed broadcast	{"{round 20 3  <nil>}": {"Key":"from","Type":15,"Integer":0,"String":"c","Interface":null}}
2025-08-15T22:13:45.211-0500	DEBUG	protocol/handler.go:1591	have processed broadcast	{"{round 20 3  <nil>}": {"Key":"from","Type":15,"Integer":0,"String":"b","Interface":null}}
2025-08-15T22:13:45.211-0500	DEBUG	protocol/handler.go:1649	have all messages and processed	{"{round 20 3  <nil>}": {"Key":"self","Type":15,"Integer":0,"String":"b","Interface":null}}
2025-08-15T22:13:45.211-0500	DEBUG	protocol/handler.go:1649	have all messages and processed	{"{round 20 3  <nil>}": {"Key":"self","Type":15,"Integer":0,"String":"c","Interface":null}}
2025-08-15T22:13:45.211-0500	DEBUG	protocol/handler.go:596	round already finalized
2025-08-15T22:13:45.211-0500	DEBUG	protocol/handler.go:596	round already finalized
2025-08-15T22:13:45.217-0500	DEBUG	protocol/handler.go:581	tryAdvanceRound called	{"{current_round 20 3  <nil>}": {"Key":"self","Type":15,"Integer":0,"String":"a","Interface":null}}
2025-08-15T22:13:45.217-0500	DEBUG	protocol/handler.go:1591	have processed broadcast	{"{round 20 3  <nil>}": {"Key":"from","Type":15,"Integer":0,"String":"b","Interface":null}}
2025-08-15T22:13:45.217-0500	DEBUG	protocol/handler.go:1591	have processed broadcast	{"{round 20 3  <nil>}": {"Key":"from","Type":15,"Integer":0,"String":"c","Interface":null}}
2025-08-15T22:13:45.217-0500	DEBUG	protocol/handler.go:1649	have all messages and processed	{"{round 20 3  <nil>}": {"Key":"self","Type":15,"Integer":0,"String":"a","Interface":null}}
2025-08-15T22:13:45.217-0500	DEBUG	protocol/handler.go:596	round already finalized
2025-08-15T22:13:45.221-0500	DEBUG	protocol/handler.go:581	tryAdvanceRound called	{"{current_round 20 3  <nil>}": {"Key":"self","Type":15,"Integer":0,"String":"b","Interface":null}}
2025-08-15T22:13:45.221-0500	DEBUG	protocol/handler.go:581	tryAdvanceRound called	{"{current_round 20 3  <nil>}": {"Key":"self","Type":15,"Integer":0,"String":"c","Interface":null}}
2025-08-15T22:13:45.221-0500	DEBUG	protocol/handler.go:1591	have processed broadcast	{"{round 20 3  <nil>}": {"Key":"from","Type":15,"Integer":0,"String":"a","Interface":null}}
2025-08-15T22:13:45.221-0500	DEBUG	protocol/handler.go:1591	have processed broadcast	{"{round 20 3  <nil>}": {"Key":"from","Type":15,"Integer":0,"String":"a","Interface":null}}
2025-08-15T22:13:45.221-0500	DEBUG	protocol/handler.go:1591	have processed broadcast	{"{round 20 3  <nil>}": {"Key":"from","Type":15,"Integer":0,"String":"c","Interface":null}}
2025-08-15T22:13:45.221-0500	DEBUG	protocol/handler.go:1591	have processed broadcast	{"{round 20 3  <nil>}": {"Key":"from","Type":15,"Integer":0,"String":"b","Interface":null}}
2025-08-15T22:13:45.221-0500	DEBUG	protocol/handler.go:1649	have all messages and processed	{"{round 20 3  <nil>}": {"Key":"self","Type":15,"Integer":0,"String":"b","Interface":null}}
2025-08-15T22:13:45.221-0500	DEBUG	protocol/handler.go:1649	have all messages and processed	{"{round 20 3  <nil>}": {"Key":"self","Type":15,"Integer":0,"String":"c","Interface":null}}
2025-08-15T22:13:45.221-0500	DEBUG	protocol/handler.go:596	round already finalized
2025-08-15T22:13:45.221-0500	DEBUG	protocol/handler.go:596	round already finalized
2025-08-15T22:13:45.227-0500	DEBUG	protocol/handler.go:581	tryAdvanceRound called	{"{current_round 20 3  <nil>}": {"Key":"self","Type":15,"Integer":0,"String":"a","Interface":null}}
2025-08-15T22:13:45.227-0500	DEBUG	protocol/handler.go:1591	have processed broadcast	{"{round 20 3  <nil>}": {"Key":"from","Type":15,"Integer":0,"String":"b","Interface":null}}
2025-08-15T22:13:45.227-0500	DEBUG	protocol/handler.go:1591	have processed broadcast	{"{round 20 3  <nil>}": {"Key":"from","Type":15,"Integer":0,"String":"c","Interface":null}}
2025-08-15T22:13:45.227-0500	DEBUG	protocol/handler.go:1649	have all messages and processed	{"{round 20 3  <nil>}": {"Key":"self","Type":15,"Integer":0,"String":"a","Interface":null}}
2025-08-15T22:13:45.227-0500	DEBUG	protocol/handler.go:596	round already finalized
2025-08-15T22:13:45.231-0500	DEBUG	protocol/handler.go:581	tryAdvanceRound called	{"{current_round 20 3  <nil>}": {"Key":"self","Type":15,"Integer":0,"String":"b","Interface":null}}
2025-08-15T22:13:45.231-0500	DEBUG	protocol/handler.go:581	tryAdvanceRound called	{"{current_round 20 3  <nil>}": {"Key":"self","Type":15,"Integer":0,"String":"c","Interface":null}}
2025-08-15T22:13:45.231-0500	DEBUG	protocol/handler.go:1591	have processed broadcast	{"{round 20 3  <nil>}": {"Key":"from","Type":15,"Integer":0,"String":"a","Interface":null}}
2025-08-15T22:13:45.231-0500	DEBUG	protocol/handler.go:1591	have processed broadcast	{"{round 20 3  <nil>}": {"Key":"from","Type":15,"Integer":0,"String":"a","Interface":null}}
2025-08-15T22:13:45.231-0500	DEBUG	protocol/handler.go:1591	have processed broadcast	{"{round 20 3  <nil>}": {"Key":"from","Type":15,"Integer":0,"String":"c","Interface":null}}
2025-08-15T22:13:45.231-0500	DEBUG	protocol/handler.go:1591	have processed broadcast	{"{round 20 3  <nil>}": {"Key":"from","Type":15,"Integer":0,"String":"b","Interface":null}}
2025-08-15T22:13:45.231-0500	DEBUG	protocol/handler.go:1649	have all messages and processed	{"{round 20 3  <nil>}": {"Key":"self","Type":15,"Integer":0,"String":"b","Interface":null}}
2025-08-15T22:13:45.231-0500	DEBUG	protocol/handler.go:596	round already finalized
2025-08-15T22:13:45.231-0500	DEBUG	protocol/handler.go:1649	have all messages and processed	{"{round 20 3  <nil>}": {"Key":"self","Type":15,"Integer":0,"String":"c","Interface":null}}
2025-08-15T22:13:45.231-0500	DEBUG	protocol/handler.go:596	round already finalized
2025-08-15T22:13:45.237-0500	DEBUG	protocol/handler.go:581	tryAdvanceRound called	{"{current_round 20 3  <nil>}": {"Key":"self","Type":15,"Integer":0,"String":"a","Interface":null}}
2025-08-15T22:13:45.237-0500	DEBUG	protocol/handler.go:1591	have processed broadcast	{"{round 20 3  <nil>}": {"Key":"from","Type":15,"Integer":0,"String":"b","Interface":null}}
2025-08-15T22:13:45.237-0500	DEBUG	protocol/handler.go:1591	have processed broadcast	{"{round 20 3  <nil>}": {"Key":"from","Type":15,"Integer":0,"String":"c","Interface":null}}
2025-08-15T22:13:45.237-0500	DEBUG	protocol/handler.go:1649	have all messages and processed	{"{round 20 3  <nil>}": {"Key":"self","Type":15,"Integer":0,"String":"a","Interface":null}}
2025-08-15T22:13:45.237-0500	DEBUG	protocol/handler.go:596	round already finalized
2025-08-15T22:13:45.241-0500	DEBUG	protocol/handler.go:581	tryAdvanceRound called	{"{current_round 20 3  <nil>}": {"Key":"self","Type":15,"Integer":0,"String":"b","Interface":null}}
2025-08-15T22:13:45.241-0500	DEBUG	protocol/handler.go:581	tryAdvanceRound called	{"{current_round 20 3  <nil>}": {"Key":"self","Type":15,"Integer":0,"String":"c","Interface":null}}
2025-08-15T22:13:45.241-0500	DEBUG	protocol/handler.go:1591	have processed broadcast	{"{round 20 3  <nil>}": {"Key":"from","Type":15,"Integer":0,"String":"a","Interface":null}}
2025-08-15T22:13:45.241-0500	DEBUG	protocol/handler.go:1591	have processed broadcast	{"{round 20 3  <nil>}": {"Key":"from","Type":15,"Integer":0,"String":"a","Interface":null}}
2025-08-15T22:13:45.241-0500	DEBUG	protocol/handler.go:1591	have processed broadcast	{"{round 20 3  <nil>}": {"Key":"from","Type":15,"Integer":0,"String":"c","Interface":null}}
2025-08-15T22:13:45.241-0500	DEBUG	protocol/handler.go:1591	have processed broadcast	{"{round 20 3  <nil>}": {"Key":"from","Type":15,"Integer":0,"String":"b","Interface":null}}
2025-08-15T22:13:45.241-0500	DEBUG	protocol/handler.go:1649	have all messages and processed	{"{round 20 3  <nil>}": {"Key":"self","Type":15,"Integer":0,"String":"b","Interface":null}}
2025-08-15T22:13:45.241-0500	DEBUG	protocol/handler.go:596	round already finalized
2025-08-15T22:13:45.241-0500	DEBUG	protocol/handler.go:1649	have all messages and processed	{"{round 20 3  <nil>}": {"Key":"self","Type":15,"Integer":0,"String":"c","Interface":null}}
2025-08-15T22:13:45.241-0500	DEBUG	protocol/handler.go:596	round already finalized
2025-08-15T22:13:45.247-0500	DEBUG	protocol/handler.go:581	tryAdvanceRound called	{"{current_round 20 3  <nil>}": {"Key":"self","Type":15,"Integer":0,"String":"a","Interface":null}}
2025-08-15T22:13:45.247-0500	DEBUG	protocol/handler.go:1591	have processed broadcast	{"{round 20 3  <nil>}": {"Key":"from","Type":15,"Integer":0,"String":"b","Interface":null}}
2025-08-15T22:13:45.247-0500	DEBUG	protocol/handler.go:1591	have processed broadcast	{"{round 20 3  <nil>}": {"Key":"from","Type":15,"Integer":0,"String":"c","Interface":null}}
2025-08-15T22:13:45.247-0500	DEBUG	protocol/handler.go:1649	have all messages and processed	{"{round 20 3  <nil>}": {"Key":"self","Type":15,"Integer":0,"String":"a","Interface":null}}
2025-08-15T22:13:45.247-0500	DEBUG	protocol/handler.go:596	round already finalized
2025-08-15T22:13:45.251-0500	DEBUG	protocol/handler.go:581	tryAdvanceRound called	{"{current_round 20 3  <nil>}": {"Key":"self","Type":15,"Integer":0,"String":"b","Interface":null}}
2025-08-15T22:13:45.251-0500	DEBUG	protocol/handler.go:581	tryAdvanceRound called	{"{current_round 20 3  <nil>}": {"Key":"self","Type":15,"Integer":0,"String":"c","Interface":null}}
2025-08-15T22:13:45.251-0500	DEBUG	protocol/handler.go:1591	have processed broadcast	{"{round 20 3  <nil>}": {"Key":"from","Type":15,"Integer":0,"String":"a","Interface":null}}
2025-08-15T22:13:45.251-0500	DEBUG	protocol/handler.go:1591	have processed broadcast	{"{round 20 3  <nil>}": {"Key":"from","Type":15,"Integer":0,"String":"b","Interface":null}}
2025-08-15T22:13:45.251-0500	DEBUG	protocol/handler.go:1591	have processed broadcast	{"{round 20 3  <nil>}": {"Key":"from","Type":15,"Integer":0,"String":"a","Interface":null}}
2025-08-15T22:13:45.251-0500	DEBUG	protocol/handler.go:1649	have all messages and processed	{"{round 20 3  <nil>}": {"Key":"self","Type":15,"Integer":0,"String":"c","Interface":null}}
2025-08-15T22:13:45.251-0500	DEBUG	protocol/handler.go:1591	have processed broadcast	{"{round 20 3  <nil>}": {"Key":"from","Type":15,"Integer":0,"String":"c","Interface":null}}
2025-08-15T22:13:45.251-0500	DEBUG	protocol/handler.go:596	round already finalized
2025-08-15T22:13:45.251-0500	DEBUG	protocol/handler.go:1649	have all messages and processed	{"{round 20 3  <nil>}": {"Key":"self","Type":15,"Integer":0,"String":"b","Interface":null}}
2025-08-15T22:13:45.251-0500	DEBUG	protocol/handler.go:596	round already finalized
2025-08-15T22:13:45.257-0500	DEBUG	protocol/handler.go:581	tryAdvanceRound called	{"{current_round 20 3  <nil>}": {"Key":"self","Type":15,"Integer":0,"String":"a","Interface":null}}
2025-08-15T22:13:45.257-0500	DEBUG	protocol/handler.go:1591	have processed broadcast	{"{round 20 3  <nil>}": {"Key":"from","Type":15,"Integer":0,"String":"b","Interface":null}}
2025-08-15T22:13:45.257-0500	DEBUG	protocol/handler.go:1591	have processed broadcast	{"{round 20 3  <nil>}": {"Key":"from","Type":15,"Integer":0,"String":"c","Interface":null}}
2025-08-15T22:13:45.257-0500	DEBUG	protocol/handler.go:1649	have all messages and processed	{"{round 20 3  <nil>}": {"Key":"self","Type":15,"Integer":0,"String":"a","Interface":null}}
2025-08-15T22:13:45.257-0500	DEBUG	protocol/handler.go:596	round already finalized
2025-08-15T22:13:45.261-0500	DEBUG	protocol/handler.go:581	tryAdvanceRound called	{"{current_round 20 3  <nil>}": {"Key":"self","Type":15,"Integer":0,"String":"b","Interface":null}}
2025-08-15T22:13:45.261-0500	DEBUG	protocol/handler.go:581	tryAdvanceRound called	{"{current_round 20 3  <nil>}": {"Key":"self","Type":15,"Integer":0,"String":"c","Interface":null}}
2025-08-15T22:13:45.261-0500	DEBUG	protocol/handler.go:1591	have processed broadcast	{"{round 20 3  <nil>}": {"Key":"from","Type":15,"Integer":0,"String":"a","Interface":null}}
2025-08-15T22:13:45.261-0500	DEBUG	protocol/handler.go:1591	have processed broadcast	{"{round 20 3  <nil>}": {"Key":"from","Type":15,"Integer":0,"String":"a","Interface":null}}
2025-08-15T22:13:45.261-0500	DEBUG	protocol/handler.go:1591	have processed broadcast	{"{round 20 3  <nil>}": {"Key":"from","Type":15,"Integer":0,"String":"c","Interface":null}}
2025-08-15T22:13:45.261-0500	DEBUG	protocol/handler.go:1591	have processed broadcast	{"{round 20 3  <nil>}": {"Key":"from","Type":15,"Integer":0,"String":"b","Interface":null}}
2025-08-15T22:13:45.261-0500	DEBUG	protocol/handler.go:1649	have all messages and processed	{"{round 20 3  <nil>}": {"Key":"self","Type":15,"Integer":0,"String":"b","Interface":null}}
2025-08-15T22:13:45.261-0500	DEBUG	protocol/handler.go:1649	have all messages and processed	{"{round 20 3  <nil>}": {"Key":"self","Type":15,"Integer":0,"String":"c","Interface":null}}
2025-08-15T22:13:45.261-0500	DEBUG	protocol/handler.go:596	round already finalized
2025-08-15T22:13:45.261-0500	DEBUG	protocol/handler.go:596	round already finalized
2025-08-15T22:13:45.267-0500	DEBUG	protocol/handler.go:581	tryAdvanceRound called	{"{current_round 20 3  <nil>}": {"Key":"self","Type":15,"Integer":0,"String":"a","Interface":null}}
2025-08-15T22:13:45.267-0500	DEBUG	protocol/handler.go:1591	have processed broadcast	{"{round 20 3  <nil>}": {"Key":"from","Type":15,"Integer":0,"String":"b","Interface":null}}
2025-08-15T22:13:45.267-0500	DEBUG	protocol/handler.go:1591	have processed broadcast	{"{round 20 3  <nil>}": {"Key":"from","Type":15,"Integer":0,"String":"c","Interface":null}}
2025-08-15T22:13:45.267-0500	DEBUG	protocol/handler.go:1649	have all messages and processed	{"{round 20 3  <nil>}": {"Key":"self","Type":15,"Integer":0,"String":"a","Interface":null}}
2025-08-15T22:13:45.267-0500	DEBUG	protocol/handler.go:596	round already finalized
2025-08-15T22:13:45.271-0500	DEBUG	protocol/handler.go:581	tryAdvanceRound called	{"{current_round 20 3  <nil>}": {"Key":"self","Type":15,"Integer":0,"String":"b","Interface":null}}
2025-08-15T22:13:45.271-0500	DEBUG	protocol/handler.go:1591	have processed broadcast	{"{round 20 3  <nil>}": {"Key":"from","Type":15,"Integer":0,"String":"a","Interface":null}}
2025-08-15T22:13:45.271-0500	DEBUG	protocol/handler.go:581	tryAdvanceRound called	{"{current_round 20 3  <nil>}": {"Key":"self","Type":15,"Integer":0,"String":"c","Interface":null}}
2025-08-15T22:13:45.271-0500	DEBUG	protocol/handler.go:1591	have processed broadcast	{"{round 20 3  <nil>}": {"Key":"from","Type":15,"Integer":0,"String":"c","Interface":null}}
2025-08-15T22:13:45.272-0500	DEBUG	protocol/handler.go:1591	have processed broadcast	{"{round 20 3  <nil>}": {"Key":"from","Type":15,"Integer":0,"String":"a","Interface":null}}
2025-08-15T22:13:45.272-0500	DEBUG	protocol/handler.go:1649	have all messages and processed	{"{round 20 3  <nil>}": {"Key":"self","Type":15,"Integer":0,"String":"b","Interface":null}}
2025-08-15T22:13:45.272-0500	DEBUG	protocol/handler.go:1591	have processed broadcast	{"{round 20 3  <nil>}": {"Key":"from","Type":15,"Integer":0,"String":"b","Interface":null}}
2025-08-15T22:13:45.272-0500	DEBUG	protocol/handler.go:596	round already finalized
2025-08-15T22:13:45.272-0500	DEBUG	protocol/handler.go:1649	have all messages and processed	{"{round 20 3  <nil>}": {"Key":"self","Type":15,"Integer":0,"String":"c","Interface":null}}
2025-08-15T22:13:45.272-0500	DEBUG	protocol/handler.go:596	round already finalized
2025-08-15T22:13:45.277-0500	DEBUG	protocol/handler.go:581	tryAdvanceRound called	{"{current_round 20 3  <nil>}": {"Key":"self","Type":15,"Integer":0,"String":"a","Interface":null}}
2025-08-15T22:13:45.277-0500	DEBUG	protocol/handler.go:1591	have processed broadcast	{"{round 20 3  <nil>}": {"Key":"from","Type":15,"Integer":0,"String":"b","Interface":null}}
2025-08-15T22:13:45.277-0500	DEBUG	protocol/handler.go:1591	have processed broadcast	{"{round 20 3  <nil>}": {"Key":"from","Type":15,"Integer":0,"String":"c","Interface":null}}
2025-08-15T22:13:45.277-0500	DEBUG	protocol/handler.go:1649	have all messages and processed	{"{round 20 3  <nil>}": {"Key":"self","Type":15,"Integer":0,"String":"a","Interface":null}}
2025-08-15T22:13:45.277-0500	DEBUG	protocol/handler.go:596	round already finalized
2025-08-15T22:13:45.281-0500	DEBUG	protocol/handler.go:581	tryAdvanceRound called	{"{current_round 20 3  <nil>}": {"Key":"self","Type":15,"Integer":0,"String":"b","Interface":null}}
2025-08-15T22:13:45.281-0500	DEBUG	protocol/handler.go:581	tryAdvanceRound called	{"{current_round 20 3  <nil>}": {"Key":"self","Type":15,"Integer":0,"String":"c","Interface":null}}
2025-08-15T22:13:45.281-0500	DEBUG	protocol/handler.go:1591	have processed broadcast	{"{round 20 3  <nil>}": {"Key":"from","Type":15,"Integer":0,"String":"a","Interface":null}}
2025-08-15T22:13:45.281-0500	DEBUG	protocol/handler.go:1591	have processed broadcast	{"{round 20 3  <nil>}": {"Key":"from","Type":15,"Integer":0,"String":"a","Interface":null}}
2025-08-15T22:13:45.281-0500	DEBUG	protocol/handler.go:1591	have processed broadcast	{"{round 20 3  <nil>}": {"Key":"from","Type":15,"Integer":0,"String":"c","Interface":null}}
2025-08-15T22:13:45.281-0500	DEBUG	protocol/handler.go:1591	have processed broadcast	{"{round 20 3  <nil>}": {"Key":"from","Type":15,"Integer":0,"String":"b","Interface":null}}
2025-08-15T22:13:45.281-0500	DEBUG	protocol/handler.go:1649	have all messages and processed	{"{round 20 3  <nil>}": {"Key":"self","Type":15,"Integer":0,"String":"b","Interface":null}}
2025-08-15T22:13:45.281-0500	DEBUG	protocol/handler.go:1649	have all messages and processed	{"{round 20 3  <nil>}": {"Key":"self","Type":15,"Integer":0,"String":"c","Interface":null}}
2025-08-15T22:13:45.281-0500	DEBUG	protocol/handler.go:596	round already finalized
2025-08-15T22:13:45.281-0500	DEBUG	protocol/handler.go:596	round already finalized
2025-08-15T22:13:45.287-0500	DEBUG	protocol/handler.go:581	tryAdvanceRound called	{"{current_round 20 3  <nil>}": {"Key":"self","Type":15,"Integer":0,"String":"a","Interface":null}}
2025-08-15T22:13:45.287-0500	DEBUG	protocol/handler.go:1591	have processed broadcast	{"{round 20 3  <nil>}": {"Key":"from","Type":15,"Integer":0,"String":"b","Interface":null}}
2025-08-15T22:13:45.287-0500	DEBUG	protocol/handler.go:1591	have processed broadcast	{"{round 20 3  <nil>}": {"Key":"from","Type":15,"Integer":0,"String":"c","Interface":null}}
2025-08-15T22:13:45.287-0500	DEBUG	protocol/handler.go:1649	have all messages and processed	{"{round 20 3  <nil>}": {"Key":"self","Type":15,"Integer":0,"String":"a","Interface":null}}
2025-08-15T22:13:45.287-0500	DEBUG	protocol/handler.go:596	round already finalized
2025-08-15T22:13:45.291-0500	DEBUG	protocol/handler.go:581	tryAdvanceRound called	{"{current_round 20 3  <nil>}": {"Key":"self","Type":15,"Integer":0,"String":"b","Interface":null}}
2025-08-15T22:13:45.291-0500	DEBUG	protocol/handler.go:581	tryAdvanceRound called	{"{current_round 20 3  <nil>}": {"Key":"self","Type":15,"Integer":0,"String":"c","Interface":null}}
2025-08-15T22:13:45.291-0500	DEBUG	protocol/handler.go:1591	have processed broadcast	{"{round 20 3  <nil>}": {"Key":"from","Type":15,"Integer":0,"String":"a","Interface":null}}
2025-08-15T22:13:45.291-0500	DEBUG	protocol/handler.go:1591	have processed broadcast	{"{round 20 3  <nil>}": {"Key":"from","Type":15,"Integer":0,"String":"a","Interface":null}}
2025-08-15T22:13:45.291-0500	DEBUG	protocol/handler.go:1591	have processed broadcast	{"{round 20 3  <nil>}": {"Key":"from","Type":15,"Integer":0,"String":"b","Interface":null}}
2025-08-15T22:13:45.291-0500	DEBUG	protocol/handler.go:1649	have all messages and processed	{"{round 20 3  <nil>}": {"Key":"self","Type":15,"Integer":0,"String":"c","Interface":null}}
2025-08-15T22:13:45.291-0500	DEBUG	protocol/handler.go:596	round already finalized
2025-08-15T22:13:45.291-0500	DEBUG	protocol/handler.go:1591	have processed broadcast	{"{round 20 3  <nil>}": {"Key":"from","Type":15,"Integer":0,"String":"c","Interface":null}}
2025-08-15T22:13:45.291-0500	DEBUG	protocol/handler.go:1649	have all messages and processed	{"{round 20 3  <nil>}": {"Key":"self","Type":15,"Integer":0,"String":"b","Interface":null}}
2025-08-15T22:13:45.291-0500	DEBUG	protocol/handler.go:596	round already finalized
2025-08-15T22:13:45.297-0500	DEBUG	protocol/handler.go:581	tryAdvanceRound called	{"{current_round 20 3  <nil>}": {"Key":"self","Type":15,"Integer":0,"String":"a","Interface":null}}
2025-08-15T22:13:45.297-0500	DEBUG	protocol/handler.go:1591	have processed broadcast	{"{round 20 3  <nil>}": {"Key":"from","Type":15,"Integer":0,"String":"b","Interface":null}}
2025-08-15T22:13:45.297-0500	DEBUG	protocol/handler.go:1591	have processed broadcast	{"{round 20 3  <nil>}": {"Key":"from","Type":15,"Integer":0,"String":"c","Interface":null}}
2025-08-15T22:13:45.297-0500	DEBUG	protocol/handler.go:1649	have all messages and processed	{"{round 20 3  <nil>}": {"Key":"self","Type":15,"Integer":0,"String":"a","Interface":null}}
2025-08-15T22:13:45.297-0500	DEBUG	protocol/handler.go:596	round already finalized
2025-08-15T22:13:45.301-0500	DEBUG	protocol/handler.go:581	tryAdvanceRound called	{"{current_round 20 3  <nil>}": {"Key":"self","Type":15,"Integer":0,"String":"b","Interface":null}}
2025-08-15T22:13:45.301-0500	DEBUG	protocol/handler.go:581	tryAdvanceRound called	{"{current_round 20 3  <nil>}": {"Key":"self","Type":15,"Integer":0,"String":"c","Interface":null}}
2025-08-15T22:13:45.301-0500	DEBUG	protocol/handler.go:1591	have processed broadcast	{"{round 20 3  <nil>}": {"Key":"from","Type":15,"Integer":0,"String":"a","Interface":null}}
2025-08-15T22:13:45.301-0500	DEBUG	protocol/handler.go:1591	have processed broadcast	{"{round 20 3  <nil>}": {"Key":"from","Type":15,"Integer":0,"String":"c","Interface":null}}
2025-08-15T22:13:45.301-0500	DEBUG	protocol/handler.go:1591	have processed broadcast	{"{round 20 3  <nil>}": {"Key":"from","Type":15,"Integer":0,"String":"a","Interface":null}}
2025-08-15T22:13:45.301-0500	DEBUG	protocol/handler.go:1649	have all messages and processed	{"{round 20 3  <nil>}": {"Key":"self","Type":15,"Integer":0,"String":"b","Interface":null}}
2025-08-15T22:13:45.301-0500	DEBUG	protocol/handler.go:596	round already finalized
2025-08-15T22:13:45.301-0500	DEBUG	protocol/handler.go:1591	have processed broadcast	{"{round 20 3  <nil>}": {"Key":"from","Type":15,"Integer":0,"String":"b","Interface":null}}
2025-08-15T22:13:45.301-0500	DEBUG	protocol/handler.go:1649	have all messages and processed	{"{round 20 3  <nil>}": {"Key":"self","Type":15,"Integer":0,"String":"c","Interface":null}}
2025-08-15T22:13:45.301-0500	DEBUG	protocol/handler.go:596	round already finalized
2025-08-15T22:13:45.307-0500	DEBUG	protocol/handler.go:581	tryAdvanceRound called	{"{current_round 20 3  <nil>}": {"Key":"self","Type":15,"Integer":0,"String":"a","Interface":null}}
2025-08-15T22:13:45.307-0500	DEBUG	protocol/handler.go:1591	have processed broadcast	{"{round 20 3  <nil>}": {"Key":"from","Type":15,"Integer":0,"String":"b","Interface":null}}
2025-08-15T22:13:45.307-0500	DEBUG	protocol/handler.go:1591	have processed broadcast	{"{round 20 3  <nil>}": {"Key":"from","Type":15,"Integer":0,"String":"c","Interface":null}}
2025-08-15T22:13:45.307-0500	DEBUG	protocol/handler.go:1649	have all messages and processed	{"{round 20 3  <nil>}": {"Key":"self","Type":15,"Integer":0,"String":"a","Interface":null}}
2025-08-15T22:13:45.307-0500	DEBUG	protocol/handler.go:596	round already finalized
2025-08-15T22:13:45.311-0500	DEBUG	protocol/handler.go:581	tryAdvanceRound called	{"{current_round 20 3  <nil>}": {"Key":"self","Type":15,"Integer":0,"String":"b","Interface":null}}
2025-08-15T22:13:45.311-0500	DEBUG	protocol/handler.go:1591	have processed broadcast	{"{round 20 3  <nil>}": {"Key":"from","Type":15,"Integer":0,"String":"a","Interface":null}}
2025-08-15T22:13:45.311-0500	DEBUG	protocol/handler.go:1591	have processed broadcast	{"{round 20 3  <nil>}": {"Key":"from","Type":15,"Integer":0,"String":"c","Interface":null}}
2025-08-15T22:13:45.311-0500	DEBUG	protocol/handler.go:1649	have all messages and processed	{"{round 20 3  <nil>}": {"Key":"self","Type":15,"Integer":0,"String":"b","Interface":null}}
2025-08-15T22:13:45.311-0500	DEBUG	protocol/handler.go:581	tryAdvanceRound called	{"{current_round 20 3  <nil>}": {"Key":"self","Type":15,"Integer":0,"String":"c","Interface":null}}
2025-08-15T22:13:45.311-0500	DEBUG	protocol/handler.go:596	round already finalized
2025-08-15T22:13:45.311-0500	DEBUG	protocol/handler.go:1591	have processed broadcast	{"{round 20 3  <nil>}": {"Key":"from","Type":15,"Integer":0,"String":"a","Interface":null}}
2025-08-15T22:13:45.311-0500	DEBUG	protocol/handler.go:1591	have processed broadcast	{"{round 20 3  <nil>}": {"Key":"from","Type":15,"Integer":0,"String":"b","Interface":null}}
2025-08-15T22:13:45.311-0500	DEBUG	protocol/handler.go:1649	have all messages and processed	{"{round 20 3  <nil>}": {"Key":"self","Type":15,"Integer":0,"String":"c","Interface":null}}
2025-08-15T22:13:45.311-0500	DEBUG	protocol/handler.go:596	round already finalized
2025-08-15T22:13:45.317-0500	DEBUG	protocol/handler.go:581	tryAdvanceRound called	{"{current_round 20 3  <nil>}": {"Key":"self","Type":15,"Integer":0,"String":"a","Interface":null}}
2025-08-15T22:13:45.317-0500	DEBUG	protocol/handler.go:1591	have processed broadcast	{"{round 20 3  <nil>}": {"Key":"from","Type":15,"Integer":0,"String":"b","Interface":null}}
2025-08-15T22:13:45.317-0500	DEBUG	protocol/handler.go:1591	have processed broadcast	{"{round 20 3  <nil>}": {"Key":"from","Type":15,"Integer":0,"String":"c","Interface":null}}
2025-08-15T22:13:45.317-0500	DEBUG	protocol/handler.go:1649	have all messages and processed	{"{round 20 3  <nil>}": {"Key":"self","Type":15,"Integer":0,"String":"a","Interface":null}}
2025-08-15T22:13:45.317-0500	DEBUG	protocol/handler.go:596	round already finalized
2025-08-15T22:13:45.321-0500	DEBUG	protocol/handler.go:581	tryAdvanceRound called	{"{current_round 20 3  <nil>}": {"Key":"self","Type":15,"Integer":0,"String":"b","Interface":null}}
2025-08-15T22:13:45.321-0500	DEBUG	protocol/handler.go:581	tryAdvanceRound called	{"{current_round 20 3  <nil>}": {"Key":"self","Type":15,"Integer":0,"String":"c","Interface":null}}
2025-08-15T22:13:45.321-0500	DEBUG	protocol/handler.go:1591	have processed broadcast	{"{round 20 3  <nil>}": {"Key":"from","Type":15,"Integer":0,"String":"a","Interface":null}}
2025-08-15T22:13:45.321-0500	DEBUG	protocol/handler.go:1591	have processed broadcast	{"{round 20 3  <nil>}": {"Key":"from","Type":15,"Integer":0,"String":"a","Interface":null}}
2025-08-15T22:13:45.321-0500	DEBUG	protocol/handler.go:1591	have processed broadcast	{"{round 20 3  <nil>}": {"Key":"from","Type":15,"Integer":0,"String":"c","Interface":null}}
2025-08-15T22:13:45.321-0500	DEBUG	protocol/handler.go:1591	have processed broadcast	{"{round 20 3  <nil>}": {"Key":"from","Type":15,"Integer":0,"String":"b","Interface":null}}
2025-08-15T22:13:45.321-0500	DEBUG	protocol/handler.go:1649	have all messages and processed	{"{round 20 3  <nil>}": {"Key":"self","Type":15,"Integer":0,"String":"b","Interface":null}}
2025-08-15T22:13:45.321-0500	DEBUG	protocol/handler.go:596	round already finalized
2025-08-15T22:13:45.321-0500	DEBUG	protocol/handler.go:1649	have all messages and processed	{"{round 20 3  <nil>}": {"Key":"self","Type":15,"Integer":0,"String":"c","Interface":null}}
2025-08-15T22:13:45.321-0500	DEBUG	protocol/handler.go:596	round already finalized
2025-08-15T22:13:45.327-0500	DEBUG	protocol/handler.go:581	tryAdvanceRound called	{"{current_round 20 3  <nil>}": {"Key":"self","Type":15,"Integer":0,"String":"a","Interface":null}}
2025-08-15T22:13:45.327-0500	DEBUG	protocol/handler.go:1591	have processed broadcast	{"{round 20 3  <nil>}": {"Key":"from","Type":15,"Integer":0,"String":"b","Interface":null}}
2025-08-15T22:13:45.327-0500	DEBUG	protocol/handler.go:1591	have processed broadcast	{"{round 20 3  <nil>}": {"Key":"from","Type":15,"Integer":0,"String":"c","Interface":null}}
2025-08-15T22:13:45.327-0500	DEBUG	protocol/handler.go:1649	have all messages and processed	{"{round 20 3  <nil>}": {"Key":"self","Type":15,"Integer":0,"String":"a","Interface":null}}
2025-08-15T22:13:45.327-0500	DEBUG	protocol/handler.go:596	round already finalized
2025-08-15T22:13:45.331-0500	DEBUG	protocol/handler.go:581	tryAdvanceRound called	{"{current_round 20 3  <nil>}": {"Key":"self","Type":15,"Integer":0,"String":"b","Interface":null}}
2025-08-15T22:13:45.331-0500	DEBUG	protocol/handler.go:581	tryAdvanceRound called	{"{current_round 20 3  <nil>}": {"Key":"self","Type":15,"Integer":0,"String":"c","Interface":null}}
2025-08-15T22:13:45.331-0500	DEBUG	protocol/handler.go:1591	have processed broadcast	{"{round 20 3  <nil>}": {"Key":"from","Type":15,"Integer":0,"String":"a","Interface":null}}
2025-08-15T22:13:45.331-0500	DEBUG	protocol/handler.go:1591	have processed broadcast	{"{round 20 3  <nil>}": {"Key":"from","Type":15,"Integer":0,"String":"a","Interface":null}}
2025-08-15T22:13:45.331-0500	DEBUG	protocol/handler.go:1591	have processed broadcast	{"{round 20 3  <nil>}": {"Key":"from","Type":15,"Integer":0,"String":"c","Interface":null}}
2025-08-15T22:13:45.331-0500	DEBUG	protocol/handler.go:1591	have processed broadcast	{"{round 20 3  <nil>}": {"Key":"from","Type":15,"Integer":0,"String":"b","Interface":null}}
2025-08-15T22:13:45.331-0500	DEBUG	protocol/handler.go:1649	have all messages and processed	{"{round 20 3  <nil>}": {"Key":"self","Type":15,"Integer":0,"String":"b","Interface":null}}
2025-08-15T22:13:45.331-0500	DEBUG	protocol/handler.go:596	round already finalized
2025-08-15T22:13:45.331-0500	DEBUG	protocol/handler.go:1649	have all messages and processed	{"{round 20 3  <nil>}": {"Key":"self","Type":15,"Integer":0,"String":"c","Interface":null}}
2025-08-15T22:13:45.331-0500	DEBUG	protocol/handler.go:596	round already finalized
2025-08-15T22:13:45.337-0500	DEBUG	protocol/handler.go:581	tryAdvanceRound called	{"{current_round 20 3  <nil>}": {"Key":"self","Type":15,"Integer":0,"String":"a","Interface":null}}
2025-08-15T22:13:45.337-0500	DEBUG	protocol/handler.go:1591	have processed broadcast	{"{round 20 3  <nil>}": {"Key":"from","Type":15,"Integer":0,"String":"b","Interface":null}}
2025-08-15T22:13:45.337-0500	DEBUG	protocol/handler.go:1591	have processed broadcast	{"{round 20 3  <nil>}": {"Key":"from","Type":15,"Integer":0,"String":"c","Interface":null}}
2025-08-15T22:13:45.337-0500	DEBUG	protocol/handler.go:1649	have all messages and processed	{"{round 20 3  <nil>}": {"Key":"self","Type":15,"Integer":0,"String":"a","Interface":null}}
2025-08-15T22:13:45.337-0500	DEBUG	protocol/handler.go:596	round already finalized
2025-08-15T22:13:45.341-0500	DEBUG	protocol/handler.go:581	tryAdvanceRound called	{"{current_round 20 3  <nil>}": {"Key":"self","Type":15,"Integer":0,"String":"b","Interface":null}}
2025-08-15T22:13:45.341-0500	DEBUG	protocol/handler.go:1591	have processed broadcast	{"{round 20 3  <nil>}": {"Key":"from","Type":15,"Integer":0,"String":"a","Interface":null}}
2025-08-15T22:13:45.341-0500	DEBUG	protocol/handler.go:1591	have processed broadcast	{"{round 20 3  <nil>}": {"Key":"from","Type":15,"Integer":0,"String":"c","Interface":null}}
2025-08-15T22:13:45.341-0500	DEBUG	protocol/handler.go:1649	have all messages and processed	{"{round 20 3  <nil>}": {"Key":"self","Type":15,"Integer":0,"String":"b","Interface":null}}
2025-08-15T22:13:45.341-0500	DEBUG	protocol/handler.go:596	round already finalized
2025-08-15T22:13:45.341-0500	DEBUG	protocol/handler.go:581	tryAdvanceRound called	{"{current_round 20 3  <nil>}": {"Key":"self","Type":15,"Integer":0,"String":"c","Interface":null}}
2025-08-15T22:13:45.341-0500	DEBUG	protocol/handler.go:1591	have processed broadcast	{"{round 20 3  <nil>}": {"Key":"from","Type":15,"Integer":0,"String":"a","Interface":null}}
2025-08-15T22:13:45.341-0500	DEBUG	protocol/handler.go:1591	have processed broadcast	{"{round 20 3  <nil>}": {"Key":"from","Type":15,"Integer":0,"String":"b","Interface":null}}
2025-08-15T22:13:45.341-0500	DEBUG	protocol/handler.go:1649	have all messages and processed	{"{round 20 3  <nil>}": {"Key":"self","Type":15,"Integer":0,"String":"c","Interface":null}}
2025-08-15T22:13:45.341-0500	DEBUG	protocol/handler.go:596	round already finalized
2025-08-15T22:13:45.347-0500	DEBUG	protocol/handler.go:581	tryAdvanceRound called	{"{current_round 20 3  <nil>}": {"Key":"self","Type":15,"Integer":0,"String":"a","Interface":null}}
2025-08-15T22:13:45.347-0500	DEBUG	protocol/handler.go:1591	have processed broadcast	{"{round 20 3  <nil>}": {"Key":"from","Type":15,"Integer":0,"String":"b","Interface":null}}
2025-08-15T22:13:45.347-0500	DEBUG	protocol/handler.go:1591	have processed broadcast	{"{round 20 3  <nil>}": {"Key":"from","Type":15,"Integer":0,"String":"c","Interface":null}}
2025-08-15T22:13:45.347-0500	DEBUG	protocol/handler.go:1649	have all messages and processed	{"{round 20 3  <nil>}": {"Key":"self","Type":15,"Integer":0,"String":"a","Interface":null}}
2025-08-15T22:13:45.347-0500	DEBUG	protocol/handler.go:596	round already finalized
2025-08-15T22:13:45.351-0500	DEBUG	protocol/handler.go:581	tryAdvanceRound called	{"{current_round 20 3  <nil>}": {"Key":"self","Type":15,"Integer":0,"String":"b","Interface":null}}
2025-08-15T22:13:45.351-0500	DEBUG	protocol/handler.go:1591	have processed broadcast	{"{round 20 3  <nil>}": {"Key":"from","Type":15,"Integer":0,"String":"a","Interface":null}}
2025-08-15T22:13:45.351-0500	DEBUG	protocol/handler.go:581	tryAdvanceRound called	{"{current_round 20 3  <nil>}": {"Key":"self","Type":15,"Integer":0,"String":"c","Interface":null}}
2025-08-15T22:13:45.351-0500	DEBUG	protocol/handler.go:1591	have processed broadcast	{"{round 20 3  <nil>}": {"Key":"from","Type":15,"Integer":0,"String":"c","Interface":null}}
2025-08-15T22:13:45.351-0500	DEBUG	protocol/handler.go:1591	have processed broadcast	{"{round 20 3  <nil>}": {"Key":"from","Type":15,"Integer":0,"String":"a","Interface":null}}
2025-08-15T22:13:45.351-0500	DEBUG	protocol/handler.go:1649	have all messages and processed	{"{round 20 3  <nil>}": {"Key":"self","Type":15,"Integer":0,"String":"b","Interface":null}}
2025-08-15T22:13:45.351-0500	DEBUG	protocol/handler.go:1591	have processed broadcast	{"{round 20 3  <nil>}": {"Key":"from","Type":15,"Integer":0,"String":"b","Interface":null}}
2025-08-15T22:13:45.351-0500	DEBUG	protocol/handler.go:596	round already finalized
2025-08-15T22:13:45.351-0500	DEBUG	protocol/handler.go:1649	have all messages and processed	{"{round 20 3  <nil>}": {"Key":"self","Type":15,"Integer":0,"String":"c","Interface":null}}
2025-08-15T22:13:45.351-0500	DEBUG	protocol/handler.go:596	round already finalized
2025-08-15T22:13:45.357-0500	DEBUG	protocol/handler.go:581	tryAdvanceRound called	{"{current_round 20 3  <nil>}": {"Key":"self","Type":15,"Integer":0,"String":"a","Interface":null}}
2025-08-15T22:13:45.357-0500	DEBUG	protocol/handler.go:1591	have processed broadcast	{"{round 20 3  <nil>}": {"Key":"from","Type":15,"Integer":0,"String":"b","Interface":null}}
2025-08-15T22:13:45.357-0500	DEBUG	protocol/handler.go:1591	have processed broadcast	{"{round 20 3  <nil>}": {"Key":"from","Type":15,"Integer":0,"String":"c","Interface":null}}
2025-08-15T22:13:45.357-0500	DEBUG	protocol/handler.go:1649	have all messages and processed	{"{round 20 3  <nil>}": {"Key":"self","Type":15,"Integer":0,"String":"a","Interface":null}}
2025-08-15T22:13:45.357-0500	DEBUG	protocol/handler.go:596	round already finalized
2025-08-15T22:13:45.361-0500	DEBUG	protocol/handler.go:581	tryAdvanceRound called	{"{current_round 20 3  <nil>}": {"Key":"self","Type":15,"Integer":0,"String":"b","Interface":null}}
2025-08-15T22:13:45.361-0500	DEBUG	protocol/handler.go:1591	have processed broadcast	{"{round 20 3  <nil>}": {"Key":"from","Type":15,"Integer":0,"String":"a","Interface":null}}
2025-08-15T22:13:45.361-0500	DEBUG	protocol/handler.go:1591	have processed broadcast	{"{round 20 3  <nil>}": {"Key":"from","Type":15,"Integer":0,"String":"c","Interface":null}}
2025-08-15T22:13:45.361-0500	DEBUG	protocol/handler.go:581	tryAdvanceRound called	{"{current_round 20 3  <nil>}": {"Key":"self","Type":15,"Integer":0,"String":"c","Interface":null}}
2025-08-15T22:13:45.361-0500	DEBUG	protocol/handler.go:1649	have all messages and processed	{"{round 20 3  <nil>}": {"Key":"self","Type":15,"Integer":0,"String":"b","Interface":null}}
2025-08-15T22:13:45.361-0500	DEBUG	protocol/handler.go:596	round already finalized
2025-08-15T22:13:45.361-0500	DEBUG	protocol/handler.go:1591	have processed broadcast	{"{round 20 3  <nil>}": {"Key":"from","Type":15,"Integer":0,"String":"a","Interface":null}}
2025-08-15T22:13:45.361-0500	DEBUG	protocol/handler.go:1591	have processed broadcast	{"{round 20 3  <nil>}": {"Key":"from","Type":15,"Integer":0,"String":"b","Interface":null}}
2025-08-15T22:13:45.361-0500	DEBUG	protocol/handler.go:1649	have all messages and processed	{"{round 20 3  <nil>}": {"Key":"self","Type":15,"Integer":0,"String":"c","Interface":null}}
2025-08-15T22:13:45.361-0500	DEBUG	protocol/handler.go:596	round already finalized
2025-08-15T22:13:45.367-0500	DEBUG	protocol/handler.go:581	tryAdvanceRound called	{"{current_round 20 3  <nil>}": {"Key":"self","Type":15,"Integer":0,"String":"a","Interface":null}}
2025-08-15T22:13:45.367-0500	DEBUG	protocol/handler.go:1591	have processed broadcast	{"{round 20 3  <nil>}": {"Key":"from","Type":15,"Integer":0,"String":"b","Interface":null}}
2025-08-15T22:13:45.367-0500	DEBUG	protocol/handler.go:1591	have processed broadcast	{"{round 20 3  <nil>}": {"Key":"from","Type":15,"Integer":0,"String":"c","Interface":null}}
2025-08-15T22:13:45.367-0500	DEBUG	protocol/handler.go:1649	have all messages and processed	{"{round 20 3  <nil>}": {"Key":"self","Type":15,"Integer":0,"String":"a","Interface":null}}
2025-08-15T22:13:45.367-0500	DEBUG	protocol/handler.go:596	round already finalized
2025-08-15T22:13:45.371-0500	DEBUG	protocol/handler.go:581	tryAdvanceRound called	{"{current_round 20 3  <nil>}": {"Key":"self","Type":15,"Integer":0,"String":"c","Interface":null}}
2025-08-15T22:13:45.372-0500	DEBUG	protocol/handler.go:581	tryAdvanceRound called	{"{current_round 20 3  <nil>}": {"Key":"self","Type":15,"Integer":0,"String":"b","Interface":null}}
2025-08-15T22:13:45.372-0500	DEBUG	protocol/handler.go:1591	have processed broadcast	{"{round 20 3  <nil>}": {"Key":"from","Type":15,"Integer":0,"String":"a","Interface":null}}
2025-08-15T22:13:45.372-0500	DEBUG	protocol/handler.go:1591	have processed broadcast	{"{round 20 3  <nil>}": {"Key":"from","Type":15,"Integer":0,"String":"a","Interface":null}}
2025-08-15T22:13:45.372-0500	DEBUG	protocol/handler.go:1591	have processed broadcast	{"{round 20 3  <nil>}": {"Key":"from","Type":15,"Integer":0,"String":"b","Interface":null}}
2025-08-15T22:13:45.372-0500	DEBUG	protocol/handler.go:1591	have processed broadcast	{"{round 20 3  <nil>}": {"Key":"from","Type":15,"Integer":0,"String":"c","Interface":null}}
2025-08-15T22:13:45.372-0500	DEBUG	protocol/handler.go:1649	have all messages and processed	{"{round 20 3  <nil>}": {"Key":"self","Type":15,"Integer":0,"String":"c","Interface":null}}
2025-08-15T22:13:45.372-0500	DEBUG	protocol/handler.go:1649	have all messages and processed	{"{round 20 3  <nil>}": {"Key":"self","Type":15,"Integer":0,"String":"b","Interface":null}}
2025-08-15T22:13:45.372-0500	DEBUG	protocol/handler.go:596	round already finalized
2025-08-15T22:13:45.372-0500	DEBUG	protocol/handler.go:596	round already finalized
2025-08-15T22:13:45.377-0500	DEBUG	protocol/handler.go:581	tryAdvanceRound called	{"{current_round 20 3  <nil>}": {"Key":"self","Type":15,"Integer":0,"String":"a","Interface":null}}
2025-08-15T22:13:45.377-0500	DEBUG	protocol/handler.go:1591	have processed broadcast	{"{round 20 3  <nil>}": {"Key":"from","Type":15,"Integer":0,"String":"b","Interface":null}}
2025-08-15T22:13:45.377-0500	DEBUG	protocol/handler.go:1591	have processed broadcast	{"{round 20 3  <nil>}": {"Key":"from","Type":15,"Integer":0,"String":"c","Interface":null}}
2025-08-15T22:13:45.377-0500	DEBUG	protocol/handler.go:1649	have all messages and processed	{"{round 20 3  <nil>}": {"Key":"self","Type":15,"Integer":0,"String":"a","Interface":null}}
2025-08-15T22:13:45.377-0500	DEBUG	protocol/handler.go:596	round already finalized
2025-08-15T22:13:45.381-0500	DEBUG	protocol/handler.go:581	tryAdvanceRound called	{"{current_round 20 3  <nil>}": {"Key":"self","Type":15,"Integer":0,"String":"c","Interface":null}}
2025-08-15T22:13:45.381-0500	DEBUG	protocol/handler.go:581	tryAdvanceRound called	{"{current_round 20 3  <nil>}": {"Key":"self","Type":15,"Integer":0,"String":"b","Interface":null}}
2025-08-15T22:13:45.381-0500	DEBUG	protocol/handler.go:1591	have processed broadcast	{"{round 20 3  <nil>}": {"Key":"from","Type":15,"Integer":0,"String":"a","Interface":null}}
2025-08-15T22:13:45.381-0500	DEBUG	protocol/handler.go:1591	have processed broadcast	{"{round 20 3  <nil>}": {"Key":"from","Type":15,"Integer":0,"String":"a","Interface":null}}
2025-08-15T22:13:45.381-0500	DEBUG	protocol/handler.go:1591	have processed broadcast	{"{round 20 3  <nil>}": {"Key":"from","Type":15,"Integer":0,"String":"c","Interface":null}}
2025-08-15T22:13:45.381-0500	DEBUG	protocol/handler.go:1649	have all messages and processed	{"{round 20 3  <nil>}": {"Key":"self","Type":15,"Integer":0,"String":"b","Interface":null}}
2025-08-15T22:13:45.381-0500	DEBUG	protocol/handler.go:596	round already finalized
2025-08-15T22:13:45.381-0500	DEBUG	protocol/handler.go:1591	have processed broadcast	{"{round 20 3  <nil>}": {"Key":"from","Type":15,"Integer":0,"String":"b","Interface":null}}
2025-08-15T22:13:45.381-0500	DEBUG	protocol/handler.go:1649	have all messages and processed	{"{round 20 3  <nil>}": {"Key":"self","Type":15,"Integer":0,"String":"c","Interface":null}}
2025-08-15T22:13:45.381-0500	DEBUG	protocol/handler.go:596	round already finalized
2025-08-15T22:13:45.386-0500	DEBUG	protocol/handler.go:581	tryAdvanceRound called	{"{current_round 20 3  <nil>}": {"Key":"self","Type":15,"Integer":0,"String":"a","Interface":null}}
2025-08-15T22:13:45.387-0500	DEBUG	protocol/handler.go:1591	have processed broadcast	{"{round 20 3  <nil>}": {"Key":"from","Type":15,"Integer":0,"String":"b","Interface":null}}
2025-08-15T22:13:45.387-0500	DEBUG	protocol/handler.go:1591	have processed broadcast	{"{round 20 3  <nil>}": {"Key":"from","Type":15,"Integer":0,"String":"c","Interface":null}}
2025-08-15T22:13:45.387-0500	DEBUG	protocol/handler.go:1649	have all messages and processed	{"{round 20 3  <nil>}": {"Key":"self","Type":15,"Integer":0,"String":"a","Interface":null}}
2025-08-15T22:13:45.387-0500	DEBUG	protocol/handler.go:596	round already finalized
2025-08-15T22:13:45.391-0500	DEBUG	protocol/handler.go:581	tryAdvanceRound called	{"{current_round 20 3  <nil>}": {"Key":"self","Type":15,"Integer":0,"String":"c","Interface":null}}
2025-08-15T22:13:45.391-0500	DEBUG	protocol/handler.go:1591	have processed broadcast	{"{round 20 3  <nil>}": {"Key":"from","Type":15,"Integer":0,"String":"a","Interface":null}}
2025-08-15T22:13:45.391-0500	DEBUG	protocol/handler.go:1591	have processed broadcast	{"{round 20 3  <nil>}": {"Key":"from","Type":15,"Integer":0,"String":"b","Interface":null}}
2025-08-15T22:13:45.391-0500	DEBUG	protocol/handler.go:1649	have all messages and processed	{"{round 20 3  <nil>}": {"Key":"self","Type":15,"Integer":0,"String":"c","Interface":null}}
2025-08-15T22:13:45.391-0500	DEBUG	protocol/handler.go:581	tryAdvanceRound called	{"{current_round 20 3  <nil>}": {"Key":"self","Type":15,"Integer":0,"String":"b","Interface":null}}
2025-08-15T22:13:45.391-0500	DEBUG	protocol/handler.go:596	round already finalized
2025-08-15T22:13:45.391-0500	DEBUG	protocol/handler.go:1591	have processed broadcast	{"{round 20 3  <nil>}": {"Key":"from","Type":15,"Integer":0,"String":"a","Interface":null}}
2025-08-15T22:13:45.391-0500	DEBUG	protocol/handler.go:1591	have processed broadcast	{"{round 20 3  <nil>}": {"Key":"from","Type":15,"Integer":0,"String":"c","Interface":null}}
2025-08-15T22:13:45.391-0500	DEBUG	protocol/handler.go:1649	have all messages and processed	{"{round 20 3  <nil>}": {"Key":"self","Type":15,"Integer":0,"String":"b","Interface":null}}
2025-08-15T22:13:45.391-0500	DEBUG	protocol/handler.go:596	round already finalized
2025-08-15T22:13:45.397-0500	DEBUG	protocol/handler.go:581	tryAdvanceRound called	{"{current_round 20 3  <nil>}": {"Key":"self","Type":15,"Integer":0,"String":"a","Interface":null}}
2025-08-15T22:13:45.397-0500	DEBUG	protocol/handler.go:1591	have processed broadcast	{"{round 20 3  <nil>}": {"Key":"from","Type":15,"Integer":0,"String":"b","Interface":null}}
2025-08-15T22:13:45.397-0500	DEBUG	protocol/handler.go:1591	have processed broadcast	{"{round 20 3  <nil>}": {"Key":"from","Type":15,"Integer":0,"String":"c","Interface":null}}
2025-08-15T22:13:45.397-0500	DEBUG	protocol/handler.go:1649	have all messages and processed	{"{round 20 3  <nil>}": {"Key":"self","Type":15,"Integer":0,"String":"a","Interface":null}}
2025-08-15T22:13:45.397-0500	DEBUG	protocol/handler.go:596	round already finalized
2025-08-15T22:13:45.401-0500	DEBUG	protocol/handler.go:581	tryAdvanceRound called	{"{current_round 20 3  <nil>}": {"Key":"self","Type":15,"Integer":0,"String":"c","Interface":null}}
2025-08-15T22:13:45.401-0500	DEBUG	protocol/handler.go:581	tryAdvanceRound called	{"{current_round 20 3  <nil>}": {"Key":"self","Type":15,"Integer":0,"String":"b","Interface":null}}
2025-08-15T22:13:45.401-0500	DEBUG	protocol/handler.go:1591	have processed broadcast	{"{round 20 3  <nil>}": {"Key":"from","Type":15,"Integer":0,"String":"a","Interface":null}}
2025-08-15T22:13:45.401-0500	DEBUG	protocol/handler.go:1591	have processed broadcast	{"{round 20 3  <nil>}": {"Key":"from","Type":15,"Integer":0,"String":"a","Interface":null}}
2025-08-15T22:13:45.401-0500	DEBUG	protocol/handler.go:1591	have processed broadcast	{"{round 20 3  <nil>}": {"Key":"from","Type":15,"Integer":0,"String":"b","Interface":null}}
2025-08-15T22:13:45.401-0500	DEBUG	protocol/handler.go:1591	have processed broadcast	{"{round 20 3  <nil>}": {"Key":"from","Type":15,"Integer":0,"String":"c","Interface":null}}
2025-08-15T22:13:45.401-0500	DEBUG	protocol/handler.go:1649	have all messages and processed	{"{round 20 3  <nil>}": {"Key":"self","Type":15,"Integer":0,"String":"c","Interface":null}}
2025-08-15T22:13:45.401-0500	DEBUG	protocol/handler.go:1649	have all messages and processed	{"{round 20 3  <nil>}": {"Key":"self","Type":15,"Integer":0,"String":"b","Interface":null}}
2025-08-15T22:13:45.401-0500	DEBUG	protocol/handler.go:596	round already finalized
2025-08-15T22:13:45.401-0500	DEBUG	protocol/handler.go:596	round already finalized
2025-08-15T22:13:45.407-0500	DEBUG	protocol/handler.go:581	tryAdvanceRound called	{"{current_round 20 3  <nil>}": {"Key":"self","Type":15,"Integer":0,"String":"a","Interface":null}}
2025-08-15T22:13:45.407-0500	DEBUG	protocol/handler.go:1591	have processed broadcast	{"{round 20 3  <nil>}": {"Key":"from","Type":15,"Integer":0,"String":"b","Interface":null}}
2025-08-15T22:13:45.407-0500	DEBUG	protocol/handler.go:1591	have processed broadcast	{"{round 20 3  <nil>}": {"Key":"from","Type":15,"Integer":0,"String":"c","Interface":null}}
2025-08-15T22:13:45.407-0500	DEBUG	protocol/handler.go:1649	have all messages and processed	{"{round 20 3  <nil>}": {"Key":"self","Type":15,"Integer":0,"String":"a","Interface":null}}
2025-08-15T22:13:45.407-0500	DEBUG	protocol/handler.go:596	round already finalized
2025-08-15T22:13:45.411-0500	DEBUG	protocol/handler.go:581	tryAdvanceRound called	{"{current_round 20 3  <nil>}": {"Key":"self","Type":15,"Integer":0,"String":"b","Interface":null}}
2025-08-15T22:13:45.411-0500	DEBUG	protocol/handler.go:1591	have processed broadcast	{"{round 20 3  <nil>}": {"Key":"from","Type":15,"Integer":0,"String":"a","Interface":null}}
2025-08-15T22:13:45.411-0500	DEBUG	protocol/handler.go:1591	have processed broadcast	{"{round 20 3  <nil>}": {"Key":"from","Type":15,"Integer":0,"String":"c","Interface":null}}
2025-08-15T22:13:45.411-0500	DEBUG	protocol/handler.go:1649	have all messages and processed	{"{round 20 3  <nil>}": {"Key":"self","Type":15,"Integer":0,"String":"b","Interface":null}}
2025-08-15T22:13:45.411-0500	DEBUG	protocol/handler.go:596	round already finalized
2025-08-15T22:13:45.411-0500	DEBUG	protocol/handler.go:581	tryAdvanceRound called	{"{current_round 20 3  <nil>}": {"Key":"self","Type":15,"Integer":0,"String":"c","Interface":null}}
2025-08-15T22:13:45.411-0500	DEBUG	protocol/handler.go:1591	have processed broadcast	{"{round 20 3  <nil>}": {"Key":"from","Type":15,"Integer":0,"String":"a","Interface":null}}
2025-08-15T22:13:45.411-0500	DEBUG	protocol/handler.go:1591	have processed broadcast	{"{round 20 3  <nil>}": {"Key":"from","Type":15,"Integer":0,"String":"b","Interface":null}}
2025-08-15T22:13:45.411-0500	DEBUG	protocol/handler.go:1649	have all messages and processed	{"{round 20 3  <nil>}": {"Key":"self","Type":15,"Integer":0,"String":"c","Interface":null}}
2025-08-15T22:13:45.411-0500	DEBUG	protocol/handler.go:596	round already finalized
2025-08-15T22:13:45.416-0500	DEBUG	protocol/handler.go:581	tryAdvanceRound called	{"{current_round 20 3  <nil>}": {"Key":"self","Type":15,"Integer":0,"String":"a","Interface":null}}
2025-08-15T22:13:45.417-0500	DEBUG	protocol/handler.go:1591	have processed broadcast	{"{round 20 3  <nil>}": {"Key":"from","Type":15,"Integer":0,"String":"b","Interface":null}}
2025-08-15T22:13:45.417-0500	DEBUG	protocol/handler.go:1591	have processed broadcast	{"{round 20 3  <nil>}": {"Key":"from","Type":15,"Integer":0,"String":"c","Interface":null}}
2025-08-15T22:13:45.417-0500	DEBUG	protocol/handler.go:1649	have all messages and processed	{"{round 20 3  <nil>}": {"Key":"self","Type":15,"Integer":0,"String":"a","Interface":null}}
2025-08-15T22:13:45.417-0500	DEBUG	protocol/handler.go:596	round already finalized
2025-08-15T22:13:45.421-0500	DEBUG	protocol/handler.go:581	tryAdvanceRound called	{"{current_round 20 3  <nil>}": {"Key":"self","Type":15,"Integer":0,"String":"b","Interface":null}}
2025-08-15T22:13:45.421-0500	DEBUG	protocol/handler.go:1591	have processed broadcast	{"{round 20 3  <nil>}": {"Key":"from","Type":15,"Integer":0,"String":"a","Interface":null}}
2025-08-15T22:13:45.421-0500	DEBUG	protocol/handler.go:581	tryAdvanceRound called	{"{current_round 20 3  <nil>}": {"Key":"self","Type":15,"Integer":0,"String":"c","Interface":null}}
2025-08-15T22:13:45.421-0500	DEBUG	protocol/handler.go:1591	have processed broadcast	{"{round 20 3  <nil>}": {"Key":"from","Type":15,"Integer":0,"String":"c","Interface":null}}
2025-08-15T22:13:45.421-0500	DEBUG	protocol/handler.go:1591	have processed broadcast	{"{round 20 3  <nil>}": {"Key":"from","Type":15,"Integer":0,"String":"a","Interface":null}}
2025-08-15T22:13:45.421-0500	DEBUG	protocol/handler.go:1649	have all messages and processed	{"{round 20 3  <nil>}": {"Key":"self","Type":15,"Integer":0,"String":"b","Interface":null}}
2025-08-15T22:13:45.421-0500	DEBUG	protocol/handler.go:1591	have processed broadcast	{"{round 20 3  <nil>}": {"Key":"from","Type":15,"Integer":0,"String":"b","Interface":null}}
2025-08-15T22:13:45.421-0500	DEBUG	protocol/handler.go:596	round already finalized
2025-08-15T22:13:45.421-0500	DEBUG	protocol/handler.go:1649	have all messages and processed	{"{round 20 3  <nil>}": {"Key":"self","Type":15,"Integer":0,"String":"c","Interface":null}}
2025-08-15T22:13:45.421-0500	DEBUG	protocol/handler.go:596	round already finalized
2025-08-15T22:13:45.427-0500	DEBUG	protocol/handler.go:581	tryAdvanceRound called	{"{current_round 20 3  <nil>}": {"Key":"self","Type":15,"Integer":0,"String":"a","Interface":null}}
2025-08-15T22:13:45.427-0500	DEBUG	protocol/handler.go:1591	have processed broadcast	{"{round 20 3  <nil>}": {"Key":"from","Type":15,"Integer":0,"String":"b","Interface":null}}
2025-08-15T22:13:45.427-0500	DEBUG	protocol/handler.go:1591	have processed broadcast	{"{round 20 3  <nil>}": {"Key":"from","Type":15,"Integer":0,"String":"c","Interface":null}}
2025-08-15T22:13:45.427-0500	DEBUG	protocol/handler.go:1649	have all messages and processed	{"{round 20 3  <nil>}": {"Key":"self","Type":15,"Integer":0,"String":"a","Interface":null}}
2025-08-15T22:13:45.427-0500	DEBUG	protocol/handler.go:596	round already finalized
2025-08-15T22:13:45.431-0500	DEBUG	protocol/handler.go:581	tryAdvanceRound called	{"{current_round 20 3  <nil>}": {"Key":"self","Type":15,"Integer":0,"String":"b","Interface":null}}
2025-08-15T22:13:45.431-0500	DEBUG	protocol/handler.go:581	tryAdvanceRound called	{"{current_round 20 3  <nil>}": {"Key":"self","Type":15,"Integer":0,"String":"c","Interface":null}}
2025-08-15T22:13:45.431-0500	DEBUG	protocol/handler.go:1591	have processed broadcast	{"{round 20 3  <nil>}": {"Key":"from","Type":15,"Integer":0,"String":"a","Interface":null}}
2025-08-15T22:13:45.431-0500	DEBUG	protocol/handler.go:1591	have processed broadcast	{"{round 20 3  <nil>}": {"Key":"from","Type":15,"Integer":0,"String":"a","Interface":null}}
2025-08-15T22:13:45.431-0500	DEBUG	protocol/handler.go:1591	have processed broadcast	{"{round 20 3  <nil>}": {"Key":"from","Type":15,"Integer":0,"String":"c","Interface":null}}
2025-08-15T22:13:45.431-0500	DEBUG	protocol/handler.go:1591	have processed broadcast	{"{round 20 3  <nil>}": {"Key":"from","Type":15,"Integer":0,"String":"b","Interface":null}}
2025-08-15T22:13:45.431-0500	DEBUG	protocol/handler.go:1649	have all messages and processed	{"{round 20 3  <nil>}": {"Key":"self","Type":15,"Integer":0,"String":"b","Interface":null}}
2025-08-15T22:13:45.431-0500	DEBUG	protocol/handler.go:596	round already finalized
2025-08-15T22:13:45.431-0500	DEBUG	protocol/handler.go:1649	have all messages and processed	{"{round 20 3  <nil>}": {"Key":"self","Type":15,"Integer":0,"String":"c","Interface":null}}
2025-08-15T22:13:45.431-0500	DEBUG	protocol/handler.go:596	round already finalized
2025-08-15T22:13:45.437-0500	DEBUG	protocol/handler.go:581	tryAdvanceRound called	{"{current_round 20 3  <nil>}": {"Key":"self","Type":15,"Integer":0,"String":"a","Interface":null}}
2025-08-15T22:13:45.437-0500	DEBUG	protocol/handler.go:1591	have processed broadcast	{"{round 20 3  <nil>}": {"Key":"from","Type":15,"Integer":0,"String":"b","Interface":null}}
2025-08-15T22:13:45.437-0500	DEBUG	protocol/handler.go:1591	have processed broadcast	{"{round 20 3  <nil>}": {"Key":"from","Type":15,"Integer":0,"String":"c","Interface":null}}
2025-08-15T22:13:45.437-0500	DEBUG	protocol/handler.go:1649	have all messages and processed	{"{round 20 3  <nil>}": {"Key":"self","Type":15,"Integer":0,"String":"a","Interface":null}}
2025-08-15T22:13:45.437-0500	DEBUG	protocol/handler.go:596	round already finalized
2025-08-15T22:13:45.441-0500	DEBUG	protocol/handler.go:581	tryAdvanceRound called	{"{current_round 20 3  <nil>}": {"Key":"self","Type":15,"Integer":0,"String":"b","Interface":null}}
2025-08-15T22:13:45.441-0500	DEBUG	protocol/handler.go:581	tryAdvanceRound called	{"{current_round 20 3  <nil>}": {"Key":"self","Type":15,"Integer":0,"String":"c","Interface":null}}
2025-08-15T22:13:45.441-0500	DEBUG	protocol/handler.go:1591	have processed broadcast	{"{round 20 3  <nil>}": {"Key":"from","Type":15,"Integer":0,"String":"a","Interface":null}}
2025-08-15T22:13:45.441-0500	DEBUG	protocol/handler.go:1591	have processed broadcast	{"{round 20 3  <nil>}": {"Key":"from","Type":15,"Integer":0,"String":"a","Interface":null}}
2025-08-15T22:13:45.441-0500	DEBUG	protocol/handler.go:1591	have processed broadcast	{"{round 20 3  <nil>}": {"Key":"from","Type":15,"Integer":0,"String":"c","Interface":null}}
2025-08-15T22:13:45.441-0500	DEBUG	protocol/handler.go:1591	have processed broadcast	{"{round 20 3  <nil>}": {"Key":"from","Type":15,"Integer":0,"String":"b","Interface":null}}
2025-08-15T22:13:45.441-0500	DEBUG	protocol/handler.go:1649	have all messages and processed	{"{round 20 3  <nil>}": {"Key":"self","Type":15,"Integer":0,"String":"b","Interface":null}}
2025-08-15T22:13:45.441-0500	DEBUG	protocol/handler.go:596	round already finalized
2025-08-15T22:13:45.441-0500	DEBUG	protocol/handler.go:1649	have all messages and processed	{"{round 20 3  <nil>}": {"Key":"self","Type":15,"Integer":0,"String":"c","Interface":null}}
2025-08-15T22:13:45.441-0500	DEBUG	protocol/handler.go:596	round already finalized
2025-08-15T22:13:45.447-0500	DEBUG	protocol/handler.go:581	tryAdvanceRound called	{"{current_round 20 3  <nil>}": {"Key":"self","Type":15,"Integer":0,"String":"a","Interface":null}}
2025-08-15T22:13:45.447-0500	DEBUG	protocol/handler.go:1591	have processed broadcast	{"{round 20 3  <nil>}": {"Key":"from","Type":15,"Integer":0,"String":"b","Interface":null}}
2025-08-15T22:13:45.447-0500	DEBUG	protocol/handler.go:1591	have processed broadcast	{"{round 20 3  <nil>}": {"Key":"from","Type":15,"Integer":0,"String":"c","Interface":null}}
2025-08-15T22:13:45.447-0500	DEBUG	protocol/handler.go:1649	have all messages and processed	{"{round 20 3  <nil>}": {"Key":"self","Type":15,"Integer":0,"String":"a","Interface":null}}
2025-08-15T22:13:45.447-0500	DEBUG	protocol/handler.go:596	round already finalized
2025-08-15T22:13:45.451-0500	DEBUG	protocol/handler.go:581	tryAdvanceRound called	{"{current_round 20 3  <nil>}": {"Key":"self","Type":15,"Integer":0,"String":"b","Interface":null}}
2025-08-15T22:13:45.451-0500	DEBUG	protocol/handler.go:581	tryAdvanceRound called	{"{current_round 20 3  <nil>}": {"Key":"self","Type":15,"Integer":0,"String":"c","Interface":null}}
2025-08-15T22:13:45.451-0500	DEBUG	protocol/handler.go:1591	have processed broadcast	{"{round 20 3  <nil>}": {"Key":"from","Type":15,"Integer":0,"String":"a","Interface":null}}
2025-08-15T22:13:45.451-0500	DEBUG	protocol/handler.go:1591	have processed broadcast	{"{round 20 3  <nil>}": {"Key":"from","Type":15,"Integer":0,"String":"a","Interface":null}}
2025-08-15T22:13:45.451-0500	DEBUG	protocol/handler.go:1591	have processed broadcast	{"{round 20 3  <nil>}": {"Key":"from","Type":15,"Integer":0,"String":"c","Interface":null}}
2025-08-15T22:13:45.451-0500	DEBUG	protocol/handler.go:1591	have processed broadcast	{"{round 20 3  <nil>}": {"Key":"from","Type":15,"Integer":0,"String":"b","Interface":null}}
2025-08-15T22:13:45.451-0500	DEBUG	protocol/handler.go:1649	have all messages and processed	{"{round 20 3  <nil>}": {"Key":"self","Type":15,"Integer":0,"String":"b","Interface":null}}
2025-08-15T22:13:45.451-0500	DEBUG	protocol/handler.go:1649	have all messages and processed	{"{round 20 3  <nil>}": {"Key":"self","Type":15,"Integer":0,"String":"c","Interface":null}}
2025-08-15T22:13:45.451-0500	DEBUG	protocol/handler.go:596	round already finalized
2025-08-15T22:13:45.451-0500	DEBUG	protocol/handler.go:596	round already finalized
2025-08-15T22:13:45.457-0500	DEBUG	protocol/handler.go:581	tryAdvanceRound called	{"{current_round 20 3  <nil>}": {"Key":"self","Type":15,"Integer":0,"String":"a","Interface":null}}
2025-08-15T22:13:45.457-0500	DEBUG	protocol/handler.go:1591	have processed broadcast	{"{round 20 3  <nil>}": {"Key":"from","Type":15,"Integer":0,"String":"b","Interface":null}}
2025-08-15T22:13:45.457-0500	DEBUG	protocol/handler.go:1591	have processed broadcast	{"{round 20 3  <nil>}": {"Key":"from","Type":15,"Integer":0,"String":"c","Interface":null}}
2025-08-15T22:13:45.457-0500	DEBUG	protocol/handler.go:1649	have all messages and processed	{"{round 20 3  <nil>}": {"Key":"self","Type":15,"Integer":0,"String":"a","Interface":null}}
2025-08-15T22:13:45.457-0500	DEBUG	protocol/handler.go:596	round already finalized
2025-08-15T22:13:45.461-0500	DEBUG	protocol/handler.go:581	tryAdvanceRound called	{"{current_round 20 3  <nil>}": {"Key":"self","Type":15,"Integer":0,"String":"b","Interface":null}}
2025-08-15T22:13:45.461-0500	DEBUG	protocol/handler.go:581	tryAdvanceRound called	{"{current_round 20 3  <nil>}": {"Key":"self","Type":15,"Integer":0,"String":"c","Interface":null}}
2025-08-15T22:13:45.461-0500	DEBUG	protocol/handler.go:1591	have processed broadcast	{"{round 20 3  <nil>}": {"Key":"from","Type":15,"Integer":0,"String":"a","Interface":null}}
2025-08-15T22:13:45.461-0500	DEBUG	protocol/handler.go:1591	have processed broadcast	{"{round 20 3  <nil>}": {"Key":"from","Type":15,"Integer":0,"String":"a","Interface":null}}
2025-08-15T22:13:45.461-0500	DEBUG	protocol/handler.go:1591	have processed broadcast	{"{round 20 3  <nil>}": {"Key":"from","Type":15,"Integer":0,"String":"c","Interface":null}}
2025-08-15T22:13:45.461-0500	DEBUG	protocol/handler.go:1591	have processed broadcast	{"{round 20 3  <nil>}": {"Key":"from","Type":15,"Integer":0,"String":"b","Interface":null}}
2025-08-15T22:13:45.461-0500	DEBUG	protocol/handler.go:1649	have all messages and processed	{"{round 20 3  <nil>}": {"Key":"self","Type":15,"Integer":0,"String":"b","Interface":null}}
2025-08-15T22:13:45.461-0500	DEBUG	protocol/handler.go:1649	have all messages and processed	{"{round 20 3  <nil>}": {"Key":"self","Type":15,"Integer":0,"String":"c","Interface":null}}
2025-08-15T22:13:45.461-0500	DEBUG	protocol/handler.go:596	round already finalized
2025-08-15T22:13:45.461-0500	DEBUG	protocol/handler.go:596	round already finalized
2025-08-15T22:13:45.466-0500	DEBUG	protocol/handler.go:581	tryAdvanceRound called	{"{current_round 20 3  <nil>}": {"Key":"self","Type":15,"Integer":0,"String":"a","Interface":null}}
2025-08-15T22:13:45.466-0500	DEBUG	protocol/handler.go:1591	have processed broadcast	{"{round 20 3  <nil>}": {"Key":"from","Type":15,"Integer":0,"String":"b","Interface":null}}
2025-08-15T22:13:45.467-0500	DEBUG	protocol/handler.go:1591	have processed broadcast	{"{round 20 3  <nil>}": {"Key":"from","Type":15,"Integer":0,"String":"c","Interface":null}}
2025-08-15T22:13:45.467-0500	DEBUG	protocol/handler.go:1649	have all messages and processed	{"{round 20 3  <nil>}": {"Key":"self","Type":15,"Integer":0,"String":"a","Interface":null}}
2025-08-15T22:13:45.467-0500	DEBUG	protocol/handler.go:596	round already finalized
2025-08-15T22:13:45.471-0500	DEBUG	protocol/handler.go:581	tryAdvanceRound called	{"{current_round 20 3  <nil>}": {"Key":"self","Type":15,"Integer":0,"String":"c","Interface":null}}
2025-08-15T22:13:45.471-0500	DEBUG	protocol/handler.go:581	tryAdvanceRound called	{"{current_round 20 3  <nil>}": {"Key":"self","Type":15,"Integer":0,"String":"b","Interface":null}}
2025-08-15T22:13:45.471-0500	DEBUG	protocol/handler.go:1591	have processed broadcast	{"{round 20 3  <nil>}": {"Key":"from","Type":15,"Integer":0,"String":"a","Interface":null}}
2025-08-15T22:13:45.471-0500	DEBUG	protocol/handler.go:1591	have processed broadcast	{"{round 20 3  <nil>}": {"Key":"from","Type":15,"Integer":0,"String":"b","Interface":null}}
2025-08-15T22:13:45.471-0500	DEBUG	protocol/handler.go:1591	have processed broadcast	{"{round 20 3  <nil>}": {"Key":"from","Type":15,"Integer":0,"String":"a","Interface":null}}
2025-08-15T22:13:45.471-0500	DEBUG	protocol/handler.go:1649	have all messages and processed	{"{round 20 3  <nil>}": {"Key":"self","Type":15,"Integer":0,"String":"c","Interface":null}}
2025-08-15T22:13:45.471-0500	DEBUG	protocol/handler.go:1591	have processed broadcast	{"{round 20 3  <nil>}": {"Key":"from","Type":15,"Integer":0,"String":"c","Interface":null}}
2025-08-15T22:13:45.471-0500	DEBUG	protocol/handler.go:596	round already finalized
2025-08-15T22:13:45.471-0500	DEBUG	protocol/handler.go:1649	have all messages and processed	{"{round 20 3  <nil>}": {"Key":"self","Type":15,"Integer":0,"String":"b","Interface":null}}
2025-08-15T22:13:45.471-0500	DEBUG	protocol/handler.go:596	round already finalized
2025-08-15T22:13:45.477-0500	DEBUG	protocol/handler.go:581	tryAdvanceRound called	{"{current_round 20 3  <nil>}": {"Key":"self","Type":15,"Integer":0,"String":"a","Interface":null}}
2025-08-15T22:13:45.477-0500	DEBUG	protocol/handler.go:1591	have processed broadcast	{"{round 20 3  <nil>}": {"Key":"from","Type":15,"Integer":0,"String":"b","Interface":null}}
2025-08-15T22:13:45.477-0500	DEBUG	protocol/handler.go:1591	have processed broadcast	{"{round 20 3  <nil>}": {"Key":"from","Type":15,"Integer":0,"String":"c","Interface":null}}
2025-08-15T22:13:45.477-0500	DEBUG	protocol/handler.go:1649	have all messages and processed	{"{round 20 3  <nil>}": {"Key":"self","Type":15,"Integer":0,"String":"a","Interface":null}}
2025-08-15T22:13:45.477-0500	DEBUG	protocol/handler.go:596	round already finalized
2025-08-15T22:13:45.481-0500	DEBUG	protocol/handler.go:581	tryAdvanceRound called	{"{current_round 20 3  <nil>}": {"Key":"self","Type":15,"Integer":0,"String":"b","Interface":null}}
2025-08-15T22:13:45.481-0500	DEBUG	protocol/handler.go:581	tryAdvanceRound called	{"{current_round 20 3  <nil>}": {"Key":"self","Type":15,"Integer":0,"String":"c","Interface":null}}
2025-08-15T22:13:45.481-0500	DEBUG	protocol/handler.go:1591	have processed broadcast	{"{round 20 3  <nil>}": {"Key":"from","Type":15,"Integer":0,"String":"a","Interface":null}}
2025-08-15T22:13:45.481-0500	DEBUG	protocol/handler.go:1591	have processed broadcast	{"{round 20 3  <nil>}": {"Key":"from","Type":15,"Integer":0,"String":"a","Interface":null}}
2025-08-15T22:13:45.481-0500	DEBUG	protocol/handler.go:1591	have processed broadcast	{"{round 20 3  <nil>}": {"Key":"from","Type":15,"Integer":0,"String":"c","Interface":null}}
2025-08-15T22:13:45.481-0500	DEBUG	protocol/handler.go:1591	have processed broadcast	{"{round 20 3  <nil>}": {"Key":"from","Type":15,"Integer":0,"String":"b","Interface":null}}
2025-08-15T22:13:45.481-0500	DEBUG	protocol/handler.go:1649	have all messages and processed	{"{round 20 3  <nil>}": {"Key":"self","Type":15,"Integer":0,"String":"b","Interface":null}}
2025-08-15T22:13:45.481-0500	DEBUG	protocol/handler.go:596	round already finalized
2025-08-15T22:13:45.481-0500	DEBUG	protocol/handler.go:1649	have all messages and processed	{"{round 20 3  <nil>}": {"Key":"self","Type":15,"Integer":0,"String":"c","Interface":null}}
2025-08-15T22:13:45.481-0500	DEBUG	protocol/handler.go:596	round already finalized
2025-08-15T22:13:45.487-0500	DEBUG	protocol/handler.go:581	tryAdvanceRound called	{"{current_round 20 3  <nil>}": {"Key":"self","Type":15,"Integer":0,"String":"a","Interface":null}}
2025-08-15T22:13:45.487-0500	DEBUG	protocol/handler.go:1591	have processed broadcast	{"{round 20 3  <nil>}": {"Key":"from","Type":15,"Integer":0,"String":"b","Interface":null}}
2025-08-15T22:13:45.487-0500	DEBUG	protocol/handler.go:1591	have processed broadcast	{"{round 20 3  <nil>}": {"Key":"from","Type":15,"Integer":0,"String":"c","Interface":null}}
2025-08-15T22:13:45.487-0500	DEBUG	protocol/handler.go:1649	have all messages and processed	{"{round 20 3  <nil>}": {"Key":"self","Type":15,"Integer":0,"String":"a","Interface":null}}
2025-08-15T22:13:45.487-0500	DEBUG	protocol/handler.go:596	round already finalized
2025-08-15T22:13:45.491-0500	DEBUG	protocol/handler.go:581	tryAdvanceRound called	{"{current_round 20 3  <nil>}": {"Key":"self","Type":15,"Integer":0,"String":"c","Interface":null}}
2025-08-15T22:13:45.491-0500	DEBUG	protocol/handler.go:581	tryAdvanceRound called	{"{current_round 20 3  <nil>}": {"Key":"self","Type":15,"Integer":0,"String":"b","Interface":null}}
2025-08-15T22:13:45.491-0500	DEBUG	protocol/handler.go:1591	have processed broadcast	{"{round 20 3  <nil>}": {"Key":"from","Type":15,"Integer":0,"String":"a","Interface":null}}
2025-08-15T22:13:45.491-0500	DEBUG	protocol/handler.go:1591	have processed broadcast	{"{round 20 3  <nil>}": {"Key":"from","Type":15,"Integer":0,"String":"a","Interface":null}}
2025-08-15T22:13:45.491-0500	DEBUG	protocol/handler.go:1591	have processed broadcast	{"{round 20 3  <nil>}": {"Key":"from","Type":15,"Integer":0,"String":"c","Interface":null}}
2025-08-15T22:13:45.491-0500	DEBUG	protocol/handler.go:1591	have processed broadcast	{"{round 20 3  <nil>}": {"Key":"from","Type":15,"Integer":0,"String":"b","Interface":null}}
2025-08-15T22:13:45.491-0500	DEBUG	protocol/handler.go:1649	have all messages and processed	{"{round 20 3  <nil>}": {"Key":"self","Type":15,"Integer":0,"String":"b","Interface":null}}
2025-08-15T22:13:45.491-0500	DEBUG	protocol/handler.go:1649	have all messages and processed	{"{round 20 3  <nil>}": {"Key":"self","Type":15,"Integer":0,"String":"c","Interface":null}}
2025-08-15T22:13:45.491-0500	DEBUG	protocol/handler.go:596	round already finalized
2025-08-15T22:13:45.491-0500	DEBUG	protocol/handler.go:596	round already finalized
2025-08-15T22:13:45.497-0500	DEBUG	protocol/handler.go:581	tryAdvanceRound called	{"{current_round 20 3  <nil>}": {"Key":"self","Type":15,"Integer":0,"String":"a","Interface":null}}
2025-08-15T22:13:45.497-0500	DEBUG	protocol/handler.go:1591	have processed broadcast	{"{round 20 3  <nil>}": {"Key":"from","Type":15,"Integer":0,"String":"b","Interface":null}}
2025-08-15T22:13:45.497-0500	DEBUG	protocol/handler.go:1591	have processed broadcast	{"{round 20 3  <nil>}": {"Key":"from","Type":15,"Integer":0,"String":"c","Interface":null}}
2025-08-15T22:13:45.497-0500	DEBUG	protocol/handler.go:1649	have all messages and processed	{"{round 20 3  <nil>}": {"Key":"self","Type":15,"Integer":0,"String":"a","Interface":null}}
2025-08-15T22:13:45.497-0500	DEBUG	protocol/handler.go:596	round already finalized
2025-08-15T22:13:45.501-0500	DEBUG	protocol/handler.go:581	tryAdvanceRound called	{"{current_round 20 3  <nil>}": {"Key":"self","Type":15,"Integer":0,"String":"c","Interface":null}}
2025-08-15T22:13:45.501-0500	DEBUG	protocol/handler.go:581	tryAdvanceRound called	{"{current_round 20 3  <nil>}": {"Key":"self","Type":15,"Integer":0,"String":"b","Interface":null}}
2025-08-15T22:13:45.501-0500	DEBUG	protocol/handler.go:1591	have processed broadcast	{"{round 20 3  <nil>}": {"Key":"from","Type":15,"Integer":0,"String":"a","Interface":null}}
2025-08-15T22:13:45.501-0500	DEBUG	protocol/handler.go:1591	have processed broadcast	{"{round 20 3  <nil>}": {"Key":"from","Type":15,"Integer":0,"String":"a","Interface":null}}
2025-08-15T22:13:45.501-0500	DEBUG	protocol/handler.go:1591	have processed broadcast	{"{round 20 3  <nil>}": {"Key":"from","Type":15,"Integer":0,"String":"b","Interface":null}}
2025-08-15T22:13:45.501-0500	DEBUG	protocol/handler.go:1591	have processed broadcast	{"{round 20 3  <nil>}": {"Key":"from","Type":15,"Integer":0,"String":"c","Interface":null}}
2025-08-15T22:13:45.501-0500	DEBUG	protocol/handler.go:1649	have all messages and processed	{"{round 20 3  <nil>}": {"Key":"self","Type":15,"Integer":0,"String":"c","Interface":null}}
2025-08-15T22:13:45.501-0500	DEBUG	protocol/handler.go:1649	have all messages and processed	{"{round 20 3  <nil>}": {"Key":"self","Type":15,"Integer":0,"String":"b","Interface":null}}
2025-08-15T22:13:45.501-0500	DEBUG	protocol/handler.go:596	round already finalized
2025-08-15T22:13:45.501-0500	DEBUG	protocol/handler.go:596	round already finalized
2025-08-15T22:13:45.507-0500	DEBUG	protocol/handler.go:581	tryAdvanceRound called	{"{current_round 20 3  <nil>}": {"Key":"self","Type":15,"Integer":0,"String":"a","Interface":null}}
2025-08-15T22:13:45.507-0500	DEBUG	protocol/handler.go:1591	have processed broadcast	{"{round 20 3  <nil>}": {"Key":"from","Type":15,"Integer":0,"String":"b","Interface":null}}
2025-08-15T22:13:45.507-0500	DEBUG	protocol/handler.go:1591	have processed broadcast	{"{round 20 3  <nil>}": {"Key":"from","Type":15,"Integer":0,"String":"c","Interface":null}}
2025-08-15T22:13:45.507-0500	DEBUG	protocol/handler.go:1649	have all messages and processed	{"{round 20 3  <nil>}": {"Key":"self","Type":15,"Integer":0,"String":"a","Interface":null}}
2025-08-15T22:13:45.507-0500	DEBUG	protocol/handler.go:596	round already finalized
2025-08-15T22:13:45.511-0500	DEBUG	protocol/handler.go:581	tryAdvanceRound called	{"{current_round 20 3  <nil>}": {"Key":"self","Type":15,"Integer":0,"String":"b","Interface":null}}
2025-08-15T22:13:45.511-0500	DEBUG	protocol/handler.go:581	tryAdvanceRound called	{"{current_round 20 3  <nil>}": {"Key":"self","Type":15,"Integer":0,"String":"c","Interface":null}}
2025-08-15T22:13:45.511-0500	DEBUG	protocol/handler.go:1591	have processed broadcast	{"{round 20 3  <nil>}": {"Key":"from","Type":15,"Integer":0,"String":"a","Interface":null}}
2025-08-15T22:13:45.511-0500	DEBUG	protocol/handler.go:1591	have processed broadcast	{"{round 20 3  <nil>}": {"Key":"from","Type":15,"Integer":0,"String":"a","Interface":null}}
2025-08-15T22:13:45.511-0500	DEBUG	protocol/handler.go:1591	have processed broadcast	{"{round 20 3  <nil>}": {"Key":"from","Type":15,"Integer":0,"String":"c","Interface":null}}
2025-08-15T22:13:45.511-0500	DEBUG	protocol/handler.go:1591	have processed broadcast	{"{round 20 3  <nil>}": {"Key":"from","Type":15,"Integer":0,"String":"b","Interface":null}}
2025-08-15T22:13:45.511-0500	DEBUG	protocol/handler.go:1649	have all messages and processed	{"{round 20 3  <nil>}": {"Key":"self","Type":15,"Integer":0,"String":"b","Interface":null}}
2025-08-15T22:13:45.511-0500	DEBUG	protocol/handler.go:1649	have all messages and processed	{"{round 20 3  <nil>}": {"Key":"self","Type":15,"Integer":0,"String":"c","Interface":null}}
2025-08-15T22:13:45.511-0500	DEBUG	protocol/handler.go:596	round already finalized
2025-08-15T22:13:45.511-0500	DEBUG	protocol/handler.go:596	round already finalized
2025-08-15T22:13:45.517-0500	DEBUG	protocol/handler.go:581	tryAdvanceRound called	{"{current_round 20 3  <nil>}": {"Key":"self","Type":15,"Integer":0,"String":"a","Interface":null}}
2025-08-15T22:13:45.517-0500	DEBUG	protocol/handler.go:1591	have processed broadcast	{"{round 20 3  <nil>}": {"Key":"from","Type":15,"Integer":0,"String":"b","Interface":null}}
2025-08-15T22:13:45.517-0500	DEBUG	protocol/handler.go:1591	have processed broadcast	{"{round 20 3  <nil>}": {"Key":"from","Type":15,"Integer":0,"String":"c","Interface":null}}
2025-08-15T22:13:45.517-0500	DEBUG	protocol/handler.go:1649	have all messages and processed	{"{round 20 3  <nil>}": {"Key":"self","Type":15,"Integer":0,"String":"a","Interface":null}}
2025-08-15T22:13:45.517-0500	DEBUG	protocol/handler.go:596	round already finalized
2025-08-15T22:13:45.521-0500	DEBUG	protocol/handler.go:581	tryAdvanceRound called	{"{current_round 20 3  <nil>}": {"Key":"self","Type":15,"Integer":0,"String":"b","Interface":null}}
2025-08-15T22:13:45.521-0500	DEBUG	protocol/handler.go:581	tryAdvanceRound called	{"{current_round 20 3  <nil>}": {"Key":"self","Type":15,"Integer":0,"String":"c","Interface":null}}
2025-08-15T22:13:45.521-0500	DEBUG	protocol/handler.go:1591	have processed broadcast	{"{round 20 3  <nil>}": {"Key":"from","Type":15,"Integer":0,"String":"a","Interface":null}}
2025-08-15T22:13:45.521-0500	DEBUG	protocol/handler.go:1591	have processed broadcast	{"{round 20 3  <nil>}": {"Key":"from","Type":15,"Integer":0,"String":"a","Interface":null}}
2025-08-15T22:13:45.521-0500	DEBUG	protocol/handler.go:1591	have processed broadcast	{"{round 20 3  <nil>}": {"Key":"from","Type":15,"Integer":0,"String":"c","Interface":null}}
2025-08-15T22:13:45.521-0500	DEBUG	protocol/handler.go:1591	have processed broadcast	{"{round 20 3  <nil>}": {"Key":"from","Type":15,"Integer":0,"String":"b","Interface":null}}
2025-08-15T22:13:45.521-0500	DEBUG	protocol/handler.go:1649	have all messages and processed	{"{round 20 3  <nil>}": {"Key":"self","Type":15,"Integer":0,"String":"b","Interface":null}}
2025-08-15T22:13:45.521-0500	DEBUG	protocol/handler.go:1649	have all messages and processed	{"{round 20 3  <nil>}": {"Key":"self","Type":15,"Integer":0,"String":"c","Interface":null}}
2025-08-15T22:13:45.521-0500	DEBUG	protocol/handler.go:596	round already finalized
2025-08-15T22:13:45.521-0500	DEBUG	protocol/handler.go:596	round already finalized
2025-08-15T22:13:45.527-0500	DEBUG	protocol/handler.go:581	tryAdvanceRound called	{"{current_round 20 3  <nil>}": {"Key":"self","Type":15,"Integer":0,"String":"a","Interface":null}}
2025-08-15T22:13:45.527-0500	DEBUG	protocol/handler.go:1591	have processed broadcast	{"{round 20 3  <nil>}": {"Key":"from","Type":15,"Integer":0,"String":"b","Interface":null}}
2025-08-15T22:13:45.527-0500	DEBUG	protocol/handler.go:1591	have processed broadcast	{"{round 20 3  <nil>}": {"Key":"from","Type":15,"Integer":0,"String":"c","Interface":null}}
2025-08-15T22:13:45.527-0500	DEBUG	protocol/handler.go:1649	have all messages and processed	{"{round 20 3  <nil>}": {"Key":"self","Type":15,"Integer":0,"String":"a","Interface":null}}
2025-08-15T22:13:45.527-0500	DEBUG	protocol/handler.go:596	round already finalized
2025-08-15T22:13:45.531-0500	DEBUG	protocol/handler.go:581	tryAdvanceRound called	{"{current_round 20 3  <nil>}": {"Key":"self","Type":15,"Integer":0,"String":"b","Interface":null}}
2025-08-15T22:13:45.531-0500	DEBUG	protocol/handler.go:581	tryAdvanceRound called	{"{current_round 20 3  <nil>}": {"Key":"self","Type":15,"Integer":0,"String":"c","Interface":null}}
2025-08-15T22:13:45.531-0500	DEBUG	protocol/handler.go:1591	have processed broadcast	{"{round 20 3  <nil>}": {"Key":"from","Type":15,"Integer":0,"String":"a","Interface":null}}
2025-08-15T22:13:45.531-0500	DEBUG	protocol/handler.go:1591	have processed broadcast	{"{round 20 3  <nil>}": {"Key":"from","Type":15,"Integer":0,"String":"c","Interface":null}}
2025-08-15T22:13:45.531-0500	DEBUG	protocol/handler.go:1591	have processed broadcast	{"{round 20 3  <nil>}": {"Key":"from","Type":15,"Integer":0,"String":"a","Interface":null}}
2025-08-15T22:13:45.531-0500	DEBUG	protocol/handler.go:1649	have all messages and processed	{"{round 20 3  <nil>}": {"Key":"self","Type":15,"Integer":0,"String":"b","Interface":null}}
2025-08-15T22:13:45.531-0500	DEBUG	protocol/handler.go:1591	have processed broadcast	{"{round 20 3  <nil>}": {"Key":"from","Type":15,"Integer":0,"String":"b","Interface":null}}
2025-08-15T22:13:45.531-0500	DEBUG	protocol/handler.go:596	round already finalized
2025-08-15T22:13:45.531-0500	DEBUG	protocol/handler.go:1649	have all messages and processed	{"{round 20 3  <nil>}": {"Key":"self","Type":15,"Integer":0,"String":"c","Interface":null}}
2025-08-15T22:13:45.531-0500	DEBUG	protocol/handler.go:596	round already finalized
2025-08-15T22:13:45.537-0500	DEBUG	protocol/handler.go:581	tryAdvanceRound called	{"{current_round 20 3  <nil>}": {"Key":"self","Type":15,"Integer":0,"String":"a","Interface":null}}
2025-08-15T22:13:45.537-0500	DEBUG	protocol/handler.go:1591	have processed broadcast	{"{round 20 3  <nil>}": {"Key":"from","Type":15,"Integer":0,"String":"b","Interface":null}}
2025-08-15T22:13:45.537-0500	DEBUG	protocol/handler.go:1591	have processed broadcast	{"{round 20 3  <nil>}": {"Key":"from","Type":15,"Integer":0,"String":"c","Interface":null}}
2025-08-15T22:13:45.537-0500	DEBUG	protocol/handler.go:1649	have all messages and processed	{"{round 20 3  <nil>}": {"Key":"self","Type":15,"Integer":0,"String":"a","Interface":null}}
2025-08-15T22:13:45.537-0500	DEBUG	protocol/handler.go:596	round already finalized
2025-08-15T22:13:45.541-0500	DEBUG	protocol/handler.go:581	tryAdvanceRound called	{"{current_round 20 3  <nil>}": {"Key":"self","Type":15,"Integer":0,"String":"b","Interface":null}}
2025-08-15T22:13:45.541-0500	DEBUG	protocol/handler.go:581	tryAdvanceRound called	{"{current_round 20 3  <nil>}": {"Key":"self","Type":15,"Integer":0,"String":"c","Interface":null}}
2025-08-15T22:13:45.541-0500	DEBUG	protocol/handler.go:1591	have processed broadcast	{"{round 20 3  <nil>}": {"Key":"from","Type":15,"Integer":0,"String":"a","Interface":null}}
2025-08-15T22:13:45.541-0500	DEBUG	protocol/handler.go:1591	have processed broadcast	{"{round 20 3  <nil>}": {"Key":"from","Type":15,"Integer":0,"String":"a","Interface":null}}
2025-08-15T22:13:45.541-0500	DEBUG	protocol/handler.go:1591	have processed broadcast	{"{round 20 3  <nil>}": {"Key":"from","Type":15,"Integer":0,"String":"c","Interface":null}}
2025-08-15T22:13:45.541-0500	DEBUG	protocol/handler.go:1591	have processed broadcast	{"{round 20 3  <nil>}": {"Key":"from","Type":15,"Integer":0,"String":"b","Interface":null}}
2025-08-15T22:13:45.541-0500	DEBUG	protocol/handler.go:1649	have all messages and processed	{"{round 20 3  <nil>}": {"Key":"self","Type":15,"Integer":0,"String":"b","Interface":null}}
2025-08-15T22:13:45.541-0500	DEBUG	protocol/handler.go:1649	have all messages and processed	{"{round 20 3  <nil>}": {"Key":"self","Type":15,"Integer":0,"String":"c","Interface":null}}
2025-08-15T22:13:45.541-0500	DEBUG	protocol/handler.go:596	round already finalized
2025-08-15T22:13:45.541-0500	DEBUG	protocol/handler.go:596	round already finalized
2025-08-15T22:13:45.547-0500	DEBUG	protocol/handler.go:581	tryAdvanceRound called	{"{current_round 20 3  <nil>}": {"Key":"self","Type":15,"Integer":0,"String":"a","Interface":null}}
2025-08-15T22:13:45.547-0500	DEBUG	protocol/handler.go:1591	have processed broadcast	{"{round 20 3  <nil>}": {"Key":"from","Type":15,"Integer":0,"String":"b","Interface":null}}
2025-08-15T22:13:45.547-0500	DEBUG	protocol/handler.go:1591	have processed broadcast	{"{round 20 3  <nil>}": {"Key":"from","Type":15,"Integer":0,"String":"c","Interface":null}}
2025-08-15T22:13:45.547-0500	DEBUG	protocol/handler.go:1649	have all messages and processed	{"{round 20 3  <nil>}": {"Key":"self","Type":15,"Integer":0,"String":"a","Interface":null}}
2025-08-15T22:13:45.547-0500	DEBUG	protocol/handler.go:596	round already finalized
2025-08-15T22:13:45.551-0500	DEBUG	protocol/handler.go:581	tryAdvanceRound called	{"{current_round 20 3  <nil>}": {"Key":"self","Type":15,"Integer":0,"String":"b","Interface":null}}
2025-08-15T22:13:45.551-0500	DEBUG	protocol/handler.go:581	tryAdvanceRound called	{"{current_round 20 3  <nil>}": {"Key":"self","Type":15,"Integer":0,"String":"c","Interface":null}}
2025-08-15T22:13:45.551-0500	DEBUG	protocol/handler.go:1591	have processed broadcast	{"{round 20 3  <nil>}": {"Key":"from","Type":15,"Integer":0,"String":"a","Interface":null}}
2025-08-15T22:13:45.551-0500	DEBUG	protocol/handler.go:1591	have processed broadcast	{"{round 20 3  <nil>}": {"Key":"from","Type":15,"Integer":0,"String":"a","Interface":null}}
2025-08-15T22:13:45.551-0500	DEBUG	protocol/handler.go:1591	have processed broadcast	{"{round 20 3  <nil>}": {"Key":"from","Type":15,"Integer":0,"String":"c","Interface":null}}
2025-08-15T22:13:45.551-0500	DEBUG	protocol/handler.go:1591	have processed broadcast	{"{round 20 3  <nil>}": {"Key":"from","Type":15,"Integer":0,"String":"b","Interface":null}}
2025-08-15T22:13:45.551-0500	DEBUG	protocol/handler.go:1649	have all messages and processed	{"{round 20 3  <nil>}": {"Key":"self","Type":15,"Integer":0,"String":"b","Interface":null}}
2025-08-15T22:13:45.551-0500	DEBUG	protocol/handler.go:596	round already finalized
2025-08-15T22:13:45.551-0500	DEBUG	protocol/handler.go:1649	have all messages and processed	{"{round 20 3  <nil>}": {"Key":"self","Type":15,"Integer":0,"String":"c","Interface":null}}
2025-08-15T22:13:45.551-0500	DEBUG	protocol/handler.go:596	round already finalized
2025-08-15T22:13:45.556-0500	DEBUG	protocol/handler.go:581	tryAdvanceRound called	{"{current_round 20 3  <nil>}": {"Key":"self","Type":15,"Integer":0,"String":"a","Interface":null}}
2025-08-15T22:13:45.556-0500	DEBUG	protocol/handler.go:1591	have processed broadcast	{"{round 20 3  <nil>}": {"Key":"from","Type":15,"Integer":0,"String":"b","Interface":null}}
2025-08-15T22:13:45.556-0500	DEBUG	protocol/handler.go:1591	have processed broadcast	{"{round 20 3  <nil>}": {"Key":"from","Type":15,"Integer":0,"String":"c","Interface":null}}
2025-08-15T22:13:45.557-0500	DEBUG	protocol/handler.go:1649	have all messages and processed	{"{round 20 3  <nil>}": {"Key":"self","Type":15,"Integer":0,"String":"a","Interface":null}}
2025-08-15T22:13:45.557-0500	DEBUG	protocol/handler.go:596	round already finalized
2025-08-15T22:13:45.561-0500	DEBUG	protocol/handler.go:581	tryAdvanceRound called	{"{current_round 20 3  <nil>}": {"Key":"self","Type":15,"Integer":0,"String":"b","Interface":null}}
2025-08-15T22:13:45.561-0500	DEBUG	protocol/handler.go:1591	have processed broadcast	{"{round 20 3  <nil>}": {"Key":"from","Type":15,"Integer":0,"String":"a","Interface":null}}
2025-08-15T22:13:45.561-0500	DEBUG	protocol/handler.go:1591	have processed broadcast	{"{round 20 3  <nil>}": {"Key":"from","Type":15,"Integer":0,"String":"c","Interface":null}}
2025-08-15T22:13:45.561-0500	DEBUG	protocol/handler.go:1649	have all messages and processed	{"{round 20 3  <nil>}": {"Key":"self","Type":15,"Integer":0,"String":"b","Interface":null}}
2025-08-15T22:13:45.561-0500	DEBUG	protocol/handler.go:581	tryAdvanceRound called	{"{current_round 20 3  <nil>}": {"Key":"self","Type":15,"Integer":0,"String":"c","Interface":null}}
2025-08-15T22:13:45.561-0500	DEBUG	protocol/handler.go:596	round already finalized
2025-08-15T22:13:45.561-0500	DEBUG	protocol/handler.go:1591	have processed broadcast	{"{round 20 3  <nil>}": {"Key":"from","Type":15,"Integer":0,"String":"a","Interface":null}}
2025-08-15T22:13:45.561-0500	DEBUG	protocol/handler.go:1591	have processed broadcast	{"{round 20 3  <nil>}": {"Key":"from","Type":15,"Integer":0,"String":"b","Interface":null}}
2025-08-15T22:13:45.561-0500	DEBUG	protocol/handler.go:1649	have all messages and processed	{"{round 20 3  <nil>}": {"Key":"self","Type":15,"Integer":0,"String":"c","Interface":null}}
2025-08-15T22:13:45.561-0500	DEBUG	protocol/handler.go:596	round already finalized
2025-08-15T22:13:45.567-0500	DEBUG	protocol/handler.go:581	tryAdvanceRound called	{"{current_round 20 3  <nil>}": {"Key":"self","Type":15,"Integer":0,"String":"a","Interface":null}}
2025-08-15T22:13:45.567-0500	DEBUG	protocol/handler.go:1591	have processed broadcast	{"{round 20 3  <nil>}": {"Key":"from","Type":15,"Integer":0,"String":"b","Interface":null}}
2025-08-15T22:13:45.567-0500	DEBUG	protocol/handler.go:1591	have processed broadcast	{"{round 20 3  <nil>}": {"Key":"from","Type":15,"Integer":0,"String":"c","Interface":null}}
2025-08-15T22:13:45.567-0500	DEBUG	protocol/handler.go:1649	have all messages and processed	{"{round 20 3  <nil>}": {"Key":"self","Type":15,"Integer":0,"String":"a","Interface":null}}
2025-08-15T22:13:45.567-0500	DEBUG	protocol/handler.go:596	round already finalized
2025-08-15T22:13:45.571-0500	DEBUG	protocol/handler.go:581	tryAdvanceRound called	{"{current_round 20 3  <nil>}": {"Key":"self","Type":15,"Integer":0,"String":"b","Interface":null}}
2025-08-15T22:13:45.571-0500	DEBUG	protocol/handler.go:581	tryAdvanceRound called	{"{current_round 20 3  <nil>}": {"Key":"self","Type":15,"Integer":0,"String":"c","Interface":null}}
2025-08-15T22:13:45.571-0500	DEBUG	protocol/handler.go:1591	have processed broadcast	{"{round 20 3  <nil>}": {"Key":"from","Type":15,"Integer":0,"String":"a","Interface":null}}
2025-08-15T22:13:45.571-0500	DEBUG	protocol/handler.go:1591	have processed broadcast	{"{round 20 3  <nil>}": {"Key":"from","Type":15,"Integer":0,"String":"c","Interface":null}}
2025-08-15T22:13:45.571-0500	DEBUG	protocol/handler.go:1591	have processed broadcast	{"{round 20 3  <nil>}": {"Key":"from","Type":15,"Integer":0,"String":"a","Interface":null}}
2025-08-15T22:13:45.571-0500	DEBUG	protocol/handler.go:1649	have all messages and processed	{"{round 20 3  <nil>}": {"Key":"self","Type":15,"Integer":0,"String":"b","Interface":null}}
2025-08-15T22:13:45.571-0500	DEBUG	protocol/handler.go:596	round already finalized
2025-08-15T22:13:45.571-0500	DEBUG	protocol/handler.go:1591	have processed broadcast	{"{round 20 3  <nil>}": {"Key":"from","Type":15,"Integer":0,"String":"b","Interface":null}}
2025-08-15T22:13:45.571-0500	DEBUG	protocol/handler.go:1649	have all messages and processed	{"{round 20 3  <nil>}": {"Key":"self","Type":15,"Integer":0,"String":"c","Interface":null}}
2025-08-15T22:13:45.571-0500	DEBUG	protocol/handler.go:596	round already finalized
2025-08-15T22:13:45.577-0500	DEBUG	protocol/handler.go:581	tryAdvanceRound called	{"{current_round 20 3  <nil>}": {"Key":"self","Type":15,"Integer":0,"String":"a","Interface":null}}
2025-08-15T22:13:45.577-0500	DEBUG	protocol/handler.go:1591	have processed broadcast	{"{round 20 3  <nil>}": {"Key":"from","Type":15,"Integer":0,"String":"b","Interface":null}}
2025-08-15T22:13:45.577-0500	DEBUG	protocol/handler.go:1591	have processed broadcast	{"{round 20 3  <nil>}": {"Key":"from","Type":15,"Integer":0,"String":"c","Interface":null}}
2025-08-15T22:13:45.577-0500	DEBUG	protocol/handler.go:1649	have all messages and processed	{"{round 20 3  <nil>}": {"Key":"self","Type":15,"Integer":0,"String":"a","Interface":null}}
2025-08-15T22:13:45.577-0500	DEBUG	protocol/handler.go:596	round already finalized
2025-08-15T22:13:45.581-0500	DEBUG	protocol/handler.go:581	tryAdvanceRound called	{"{current_round 20 3  <nil>}": {"Key":"self","Type":15,"Integer":0,"String":"b","Interface":null}}
2025-08-15T22:13:45.581-0500	DEBUG	protocol/handler.go:1591	have processed broadcast	{"{round 20 3  <nil>}": {"Key":"from","Type":15,"Integer":0,"String":"a","Interface":null}}
2025-08-15T22:13:45.581-0500	DEBUG	protocol/handler.go:1591	have processed broadcast	{"{round 20 3  <nil>}": {"Key":"from","Type":15,"Integer":0,"String":"c","Interface":null}}
2025-08-15T22:13:45.581-0500	DEBUG	protocol/handler.go:1649	have all messages and processed	{"{round 20 3  <nil>}": {"Key":"self","Type":15,"Integer":0,"String":"b","Interface":null}}
2025-08-15T22:13:45.581-0500	DEBUG	protocol/handler.go:596	round already finalized
2025-08-15T22:13:45.581-0500	DEBUG	protocol/handler.go:581	tryAdvanceRound called	{"{current_round 20 3  <nil>}": {"Key":"self","Type":15,"Integer":0,"String":"c","Interface":null}}
2025-08-15T22:13:45.581-0500	DEBUG	protocol/handler.go:1591	have processed broadcast	{"{round 20 3  <nil>}": {"Key":"from","Type":15,"Integer":0,"String":"a","Interface":null}}
2025-08-15T22:13:45.581-0500	DEBUG	protocol/handler.go:1591	have processed broadcast	{"{round 20 3  <nil>}": {"Key":"from","Type":15,"Integer":0,"String":"b","Interface":null}}
2025-08-15T22:13:45.581-0500	DEBUG	protocol/handler.go:1649	have all messages and processed	{"{round 20 3  <nil>}": {"Key":"self","Type":15,"Integer":0,"String":"c","Interface":null}}
2025-08-15T22:13:45.581-0500	DEBUG	protocol/handler.go:596	round already finalized
2025-08-15T22:13:45.587-0500	DEBUG	protocol/handler.go:581	tryAdvanceRound called	{"{current_round 20 3  <nil>}": {"Key":"self","Type":15,"Integer":0,"String":"a","Interface":null}}
2025-08-15T22:13:45.587-0500	DEBUG	protocol/handler.go:1591	have processed broadcast	{"{round 20 3  <nil>}": {"Key":"from","Type":15,"Integer":0,"String":"b","Interface":null}}
2025-08-15T22:13:45.587-0500	DEBUG	protocol/handler.go:1591	have processed broadcast	{"{round 20 3  <nil>}": {"Key":"from","Type":15,"Integer":0,"String":"c","Interface":null}}
2025-08-15T22:13:45.587-0500	DEBUG	protocol/handler.go:1649	have all messages and processed	{"{round 20 3  <nil>}": {"Key":"self","Type":15,"Integer":0,"String":"a","Interface":null}}
2025-08-15T22:13:45.587-0500	DEBUG	protocol/handler.go:596	round already finalized
2025-08-15T22:13:45.591-0500	DEBUG	protocol/handler.go:581	tryAdvanceRound called	{"{current_round 20 3  <nil>}": {"Key":"self","Type":15,"Integer":0,"String":"b","Interface":null}}
2025-08-15T22:13:45.591-0500	DEBUG	protocol/handler.go:1591	have processed broadcast	{"{round 20 3  <nil>}": {"Key":"from","Type":15,"Integer":0,"String":"a","Interface":null}}
2025-08-15T22:13:45.591-0500	DEBUG	protocol/handler.go:581	tryAdvanceRound called	{"{current_round 20 3  <nil>}": {"Key":"self","Type":15,"Integer":0,"String":"c","Interface":null}}
2025-08-15T22:13:45.591-0500	DEBUG	protocol/handler.go:1591	have processed broadcast	{"{round 20 3  <nil>}": {"Key":"from","Type":15,"Integer":0,"String":"c","Interface":null}}
2025-08-15T22:13:45.591-0500	DEBUG	protocol/handler.go:1591	have processed broadcast	{"{round 20 3  <nil>}": {"Key":"from","Type":15,"Integer":0,"String":"a","Interface":null}}
2025-08-15T22:13:45.591-0500	DEBUG	protocol/handler.go:1649	have all messages and processed	{"{round 20 3  <nil>}": {"Key":"self","Type":15,"Integer":0,"String":"b","Interface":null}}
2025-08-15T22:13:45.591-0500	DEBUG	protocol/handler.go:596	round already finalized
2025-08-15T22:13:45.591-0500	DEBUG	protocol/handler.go:1591	have processed broadcast	{"{round 20 3  <nil>}": {"Key":"from","Type":15,"Integer":0,"String":"b","Interface":null}}
2025-08-15T22:13:45.591-0500	DEBUG	protocol/handler.go:1649	have all messages and processed	{"{round 20 3  <nil>}": {"Key":"self","Type":15,"Integer":0,"String":"c","Interface":null}}
2025-08-15T22:13:45.591-0500	DEBUG	protocol/handler.go:596	round already finalized
2025-08-15T22:13:45.597-0500	DEBUG	protocol/handler.go:581	tryAdvanceRound called	{"{current_round 20 3  <nil>}": {"Key":"self","Type":15,"Integer":0,"String":"a","Interface":null}}
2025-08-15T22:13:45.597-0500	DEBUG	protocol/handler.go:1591	have processed broadcast	{"{round 20 3  <nil>}": {"Key":"from","Type":15,"Integer":0,"String":"b","Interface":null}}
2025-08-15T22:13:45.597-0500	DEBUG	protocol/handler.go:1591	have processed broadcast	{"{round 20 3  <nil>}": {"Key":"from","Type":15,"Integer":0,"String":"c","Interface":null}}
2025-08-15T22:13:45.597-0500	DEBUG	protocol/handler.go:1649	have all messages and processed	{"{round 20 3  <nil>}": {"Key":"self","Type":15,"Integer":0,"String":"a","Interface":null}}
2025-08-15T22:13:45.597-0500	DEBUG	protocol/handler.go:596	round already finalized
2025-08-15T22:13:45.601-0500	DEBUG	protocol/handler.go:581	tryAdvanceRound called	{"{current_round 20 3  <nil>}": {"Key":"self","Type":15,"Integer":0,"String":"b","Interface":null}}
2025-08-15T22:13:45.601-0500	DEBUG	protocol/handler.go:581	tryAdvanceRound called	{"{current_round 20 3  <nil>}": {"Key":"self","Type":15,"Integer":0,"String":"c","Interface":null}}
2025-08-15T22:13:45.601-0500	DEBUG	protocol/handler.go:1591	have processed broadcast	{"{round 20 3  <nil>}": {"Key":"from","Type":15,"Integer":0,"String":"a","Interface":null}}
2025-08-15T22:13:45.601-0500	DEBUG	protocol/handler.go:1591	have processed broadcast	{"{round 20 3  <nil>}": {"Key":"from","Type":15,"Integer":0,"String":"a","Interface":null}}
2025-08-15T22:13:45.601-0500	DEBUG	protocol/handler.go:1591	have processed broadcast	{"{round 20 3  <nil>}": {"Key":"from","Type":15,"Integer":0,"String":"c","Interface":null}}
2025-08-15T22:13:45.601-0500	DEBUG	protocol/handler.go:1591	have processed broadcast	{"{round 20 3  <nil>}": {"Key":"from","Type":15,"Integer":0,"String":"b","Interface":null}}
2025-08-15T22:13:45.601-0500	DEBUG	protocol/handler.go:1649	have all messages and processed	{"{round 20 3  <nil>}": {"Key":"self","Type":15,"Integer":0,"String":"b","Interface":null}}
2025-08-15T22:13:45.601-0500	DEBUG	protocol/handler.go:1649	have all messages and processed	{"{round 20 3  <nil>}": {"Key":"self","Type":15,"Integer":0,"String":"c","Interface":null}}
2025-08-15T22:13:45.601-0500	DEBUG	protocol/handler.go:596	round already finalized
2025-08-15T22:13:45.601-0500	DEBUG	protocol/handler.go:596	round already finalized
2025-08-15T22:13:45.607-0500	DEBUG	protocol/handler.go:581	tryAdvanceRound called	{"{current_round 20 3  <nil>}": {"Key":"self","Type":15,"Integer":0,"String":"a","Interface":null}}
2025-08-15T22:13:45.607-0500	DEBUG	protocol/handler.go:1591	have processed broadcast	{"{round 20 3  <nil>}": {"Key":"from","Type":15,"Integer":0,"String":"b","Interface":null}}
2025-08-15T22:13:45.607-0500	DEBUG	protocol/handler.go:1591	have processed broadcast	{"{round 20 3  <nil>}": {"Key":"from","Type":15,"Integer":0,"String":"c","Interface":null}}
2025-08-15T22:13:45.607-0500	DEBUG	protocol/handler.go:1649	have all messages and processed	{"{round 20 3  <nil>}": {"Key":"self","Type":15,"Integer":0,"String":"a","Interface":null}}
2025-08-15T22:13:45.607-0500	DEBUG	protocol/handler.go:596	round already finalized
2025-08-15T22:13:45.611-0500	DEBUG	protocol/handler.go:581	tryAdvanceRound called	{"{current_round 20 3  <nil>}": {"Key":"self","Type":15,"Integer":0,"String":"b","Interface":null}}
2025-08-15T22:13:45.611-0500	DEBUG	protocol/handler.go:581	tryAdvanceRound called	{"{current_round 20 3  <nil>}": {"Key":"self","Type":15,"Integer":0,"String":"c","Interface":null}}
2025-08-15T22:13:45.611-0500	DEBUG	protocol/handler.go:1591	have processed broadcast	{"{round 20 3  <nil>}": {"Key":"from","Type":15,"Integer":0,"String":"a","Interface":null}}
2025-08-15T22:13:45.611-0500	DEBUG	protocol/handler.go:1591	have processed broadcast	{"{round 20 3  <nil>}": {"Key":"from","Type":15,"Integer":0,"String":"a","Interface":null}}
2025-08-15T22:13:45.611-0500	DEBUG	protocol/handler.go:1591	have processed broadcast	{"{round 20 3  <nil>}": {"Key":"from","Type":15,"Integer":0,"String":"c","Interface":null}}
2025-08-15T22:13:45.611-0500	DEBUG	protocol/handler.go:1591	have processed broadcast	{"{round 20 3  <nil>}": {"Key":"from","Type":15,"Integer":0,"String":"b","Interface":null}}
2025-08-15T22:13:45.611-0500	DEBUG	protocol/handler.go:1649	have all messages and processed	{"{round 20 3  <nil>}": {"Key":"self","Type":15,"Integer":0,"String":"b","Interface":null}}
2025-08-15T22:13:45.611-0500	DEBUG	protocol/handler.go:1649	have all messages and processed	{"{round 20 3  <nil>}": {"Key":"self","Type":15,"Integer":0,"String":"c","Interface":null}}
2025-08-15T22:13:45.611-0500	DEBUG	protocol/handler.go:596	round already finalized
2025-08-15T22:13:45.611-0500	DEBUG	protocol/handler.go:596	round already finalized
2025-08-15T22:13:45.617-0500	DEBUG	protocol/handler.go:581	tryAdvanceRound called	{"{current_round 20 3  <nil>}": {"Key":"self","Type":15,"Integer":0,"String":"a","Interface":null}}
2025-08-15T22:13:45.617-0500	DEBUG	protocol/handler.go:1591	have processed broadcast	{"{round 20 3  <nil>}": {"Key":"from","Type":15,"Integer":0,"String":"b","Interface":null}}
2025-08-15T22:13:45.617-0500	DEBUG	protocol/handler.go:1591	have processed broadcast	{"{round 20 3  <nil>}": {"Key":"from","Type":15,"Integer":0,"String":"c","Interface":null}}
2025-08-15T22:13:45.617-0500	DEBUG	protocol/handler.go:1649	have all messages and processed	{"{round 20 3  <nil>}": {"Key":"self","Type":15,"Integer":0,"String":"a","Interface":null}}
2025-08-15T22:13:45.617-0500	DEBUG	protocol/handler.go:596	round already finalized
2025-08-15T22:13:45.621-0500	DEBUG	protocol/handler.go:581	tryAdvanceRound called	{"{current_round 20 3  <nil>}": {"Key":"self","Type":15,"Integer":0,"String":"b","Interface":null}}
2025-08-15T22:13:45.621-0500	DEBUG	protocol/handler.go:1591	have processed broadcast	{"{round 20 3  <nil>}": {"Key":"from","Type":15,"Integer":0,"String":"a","Interface":null}}
2025-08-15T22:13:45.621-0500	DEBUG	protocol/handler.go:1591	have processed broadcast	{"{round 20 3  <nil>}": {"Key":"from","Type":15,"Integer":0,"String":"c","Interface":null}}
2025-08-15T22:13:45.621-0500	DEBUG	protocol/handler.go:1649	have all messages and processed	{"{round 20 3  <nil>}": {"Key":"self","Type":15,"Integer":0,"String":"b","Interface":null}}
2025-08-15T22:13:45.621-0500	DEBUG	protocol/handler.go:596	round already finalized
2025-08-15T22:13:45.621-0500	DEBUG	protocol/handler.go:581	tryAdvanceRound called	{"{current_round 20 3  <nil>}": {"Key":"self","Type":15,"Integer":0,"String":"c","Interface":null}}
2025-08-15T22:13:45.621-0500	DEBUG	protocol/handler.go:1591	have processed broadcast	{"{round 20 3  <nil>}": {"Key":"from","Type":15,"Integer":0,"String":"a","Interface":null}}
2025-08-15T22:13:45.621-0500	DEBUG	protocol/handler.go:1591	have processed broadcast	{"{round 20 3  <nil>}": {"Key":"from","Type":15,"Integer":0,"String":"b","Interface":null}}
2025-08-15T22:13:45.621-0500	DEBUG	protocol/handler.go:1649	have all messages and processed	{"{round 20 3  <nil>}": {"Key":"self","Type":15,"Integer":0,"String":"c","Interface":null}}
2025-08-15T22:13:45.621-0500	DEBUG	protocol/handler.go:596	round already finalized
2025-08-15T22:13:45.627-0500	DEBUG	protocol/handler.go:581	tryAdvanceRound called	{"{current_round 20 3  <nil>}": {"Key":"self","Type":15,"Integer":0,"String":"a","Interface":null}}
2025-08-15T22:13:45.627-0500	DEBUG	protocol/handler.go:1591	have processed broadcast	{"{round 20 3  <nil>}": {"Key":"from","Type":15,"Integer":0,"String":"b","Interface":null}}
2025-08-15T22:13:45.627-0500	DEBUG	protocol/handler.go:1591	have processed broadcast	{"{round 20 3  <nil>}": {"Key":"from","Type":15,"Integer":0,"String":"c","Interface":null}}
2025-08-15T22:13:45.627-0500	DEBUG	protocol/handler.go:1649	have all messages and processed	{"{round 20 3  <nil>}": {"Key":"self","Type":15,"Integer":0,"String":"a","Interface":null}}
2025-08-15T22:13:45.627-0500	DEBUG	protocol/handler.go:596	round already finalized
2025-08-15T22:13:45.631-0500	DEBUG	protocol/handler.go:581	tryAdvanceRound called	{"{current_round 20 3  <nil>}": {"Key":"self","Type":15,"Integer":0,"String":"b","Interface":null}}
2025-08-15T22:13:45.631-0500	DEBUG	protocol/handler.go:1591	have processed broadcast	{"{round 20 3  <nil>}": {"Key":"from","Type":15,"Integer":0,"String":"a","Interface":null}}
2025-08-15T22:13:45.631-0500	DEBUG	protocol/handler.go:1591	have processed broadcast	{"{round 20 3  <nil>}": {"Key":"from","Type":15,"Integer":0,"String":"c","Interface":null}}
2025-08-15T22:13:45.631-0500	DEBUG	protocol/handler.go:1649	have all messages and processed	{"{round 20 3  <nil>}": {"Key":"self","Type":15,"Integer":0,"String":"b","Interface":null}}
2025-08-15T22:13:45.631-0500	DEBUG	protocol/handler.go:596	round already finalized
2025-08-15T22:13:45.631-0500	DEBUG	protocol/handler.go:581	tryAdvanceRound called	{"{current_round 20 3  <nil>}": {"Key":"self","Type":15,"Integer":0,"String":"c","Interface":null}}
2025-08-15T22:13:45.631-0500	DEBUG	protocol/handler.go:1591	have processed broadcast	{"{round 20 3  <nil>}": {"Key":"from","Type":15,"Integer":0,"String":"a","Interface":null}}
2025-08-15T22:13:45.631-0500	DEBUG	protocol/handler.go:1591	have processed broadcast	{"{round 20 3  <nil>}": {"Key":"from","Type":15,"Integer":0,"String":"b","Interface":null}}
2025-08-15T22:13:45.631-0500	DEBUG	protocol/handler.go:1649	have all messages and processed	{"{round 20 3  <nil>}": {"Key":"self","Type":15,"Integer":0,"String":"c","Interface":null}}
2025-08-15T22:13:45.632-0500	DEBUG	protocol/handler.go:596	round already finalized
2025-08-15T22:13:45.637-0500	DEBUG	protocol/handler.go:581	tryAdvanceRound called	{"{current_round 20 3  <nil>}": {"Key":"self","Type":15,"Integer":0,"String":"a","Interface":null}}
2025-08-15T22:13:45.637-0500	DEBUG	protocol/handler.go:1591	have processed broadcast	{"{round 20 3  <nil>}": {"Key":"from","Type":15,"Integer":0,"String":"b","Interface":null}}
2025-08-15T22:13:45.637-0500	DEBUG	protocol/handler.go:1591	have processed broadcast	{"{round 20 3  <nil>}": {"Key":"from","Type":15,"Integer":0,"String":"c","Interface":null}}
2025-08-15T22:13:45.637-0500	DEBUG	protocol/handler.go:1649	have all messages and processed	{"{round 20 3  <nil>}": {"Key":"self","Type":15,"Integer":0,"String":"a","Interface":null}}
2025-08-15T22:13:45.637-0500	DEBUG	protocol/handler.go:596	round already finalized
2025-08-15T22:13:45.641-0500	DEBUG	protocol/handler.go:581	tryAdvanceRound called	{"{current_round 20 3  <nil>}": {"Key":"self","Type":15,"Integer":0,"String":"b","Interface":null}}
2025-08-15T22:13:45.641-0500	DEBUG	protocol/handler.go:581	tryAdvanceRound called	{"{current_round 20 3  <nil>}": {"Key":"self","Type":15,"Integer":0,"String":"c","Interface":null}}
2025-08-15T22:13:45.641-0500	DEBUG	protocol/handler.go:1591	have processed broadcast	{"{round 20 3  <nil>}": {"Key":"from","Type":15,"Integer":0,"String":"a","Interface":null}}
2025-08-15T22:13:45.641-0500	DEBUG	protocol/handler.go:1591	have processed broadcast	{"{round 20 3  <nil>}": {"Key":"from","Type":15,"Integer":0,"String":"a","Interface":null}}
2025-08-15T22:13:45.641-0500	DEBUG	protocol/handler.go:1591	have processed broadcast	{"{round 20 3  <nil>}": {"Key":"from","Type":15,"Integer":0,"String":"c","Interface":null}}
2025-08-15T22:13:45.641-0500	DEBUG	protocol/handler.go:1591	have processed broadcast	{"{round 20 3  <nil>}": {"Key":"from","Type":15,"Integer":0,"String":"b","Interface":null}}
2025-08-15T22:13:45.641-0500	DEBUG	protocol/handler.go:1649	have all messages and processed	{"{round 20 3  <nil>}": {"Key":"self","Type":15,"Integer":0,"String":"b","Interface":null}}
2025-08-15T22:13:45.641-0500	DEBUG	protocol/handler.go:1649	have all messages and processed	{"{round 20 3  <nil>}": {"Key":"self","Type":15,"Integer":0,"String":"c","Interface":null}}
2025-08-15T22:13:45.641-0500	DEBUG	protocol/handler.go:596	round already finalized
2025-08-15T22:13:45.641-0500	DEBUG	protocol/handler.go:596	round already finalized
2025-08-15T22:13:45.647-0500	DEBUG	protocol/handler.go:581	tryAdvanceRound called	{"{current_round 20 3  <nil>}": {"Key":"self","Type":15,"Integer":0,"String":"a","Interface":null}}
2025-08-15T22:13:45.647-0500	DEBUG	protocol/handler.go:1591	have processed broadcast	{"{round 20 3  <nil>}": {"Key":"from","Type":15,"Integer":0,"String":"b","Interface":null}}
2025-08-15T22:13:45.647-0500	DEBUG	protocol/handler.go:1591	have processed broadcast	{"{round 20 3  <nil>}": {"Key":"from","Type":15,"Integer":0,"String":"c","Interface":null}}
2025-08-15T22:13:45.647-0500	DEBUG	protocol/handler.go:1649	have all messages and processed	{"{round 20 3  <nil>}": {"Key":"self","Type":15,"Integer":0,"String":"a","Interface":null}}
2025-08-15T22:13:45.647-0500	DEBUG	protocol/handler.go:596	round already finalized
2025-08-15T22:13:45.651-0500	DEBUG	protocol/handler.go:581	tryAdvanceRound called	{"{current_round 20 3  <nil>}": {"Key":"self","Type":15,"Integer":0,"String":"b","Interface":null}}
2025-08-15T22:13:45.651-0500	DEBUG	protocol/handler.go:581	tryAdvanceRound called	{"{current_round 20 3  <nil>}": {"Key":"self","Type":15,"Integer":0,"String":"c","Interface":null}}
2025-08-15T22:13:45.651-0500	DEBUG	protocol/handler.go:1591	have processed broadcast	{"{round 20 3  <nil>}": {"Key":"from","Type":15,"Integer":0,"String":"a","Interface":null}}
2025-08-15T22:13:45.651-0500	DEBUG	protocol/handler.go:1591	have processed broadcast	{"{round 20 3  <nil>}": {"Key":"from","Type":15,"Integer":0,"String":"a","Interface":null}}
2025-08-15T22:13:45.651-0500	DEBUG	protocol/handler.go:1591	have processed broadcast	{"{round 20 3  <nil>}": {"Key":"from","Type":15,"Integer":0,"String":"c","Interface":null}}
2025-08-15T22:13:45.651-0500	DEBUG	protocol/handler.go:1649	have all messages and processed	{"{round 20 3  <nil>}": {"Key":"self","Type":15,"Integer":0,"String":"b","Interface":null}}
2025-08-15T22:13:45.651-0500	DEBUG	protocol/handler.go:1591	have processed broadcast	{"{round 20 3  <nil>}": {"Key":"from","Type":15,"Integer":0,"String":"b","Interface":null}}
2025-08-15T22:13:45.651-0500	DEBUG	protocol/handler.go:596	round already finalized
2025-08-15T22:13:45.651-0500	DEBUG	protocol/handler.go:1649	have all messages and processed	{"{round 20 3  <nil>}": {"Key":"self","Type":15,"Integer":0,"String":"c","Interface":null}}
2025-08-15T22:13:45.651-0500	DEBUG	protocol/handler.go:596	round already finalized
2025-08-15T22:13:45.657-0500	DEBUG	protocol/handler.go:581	tryAdvanceRound called	{"{current_round 20 3  <nil>}": {"Key":"self","Type":15,"Integer":0,"String":"a","Interface":null}}
2025-08-15T22:13:45.657-0500	DEBUG	protocol/handler.go:1591	have processed broadcast	{"{round 20 3  <nil>}": {"Key":"from","Type":15,"Integer":0,"String":"b","Interface":null}}
2025-08-15T22:13:45.657-0500	DEBUG	protocol/handler.go:1591	have processed broadcast	{"{round 20 3  <nil>}": {"Key":"from","Type":15,"Integer":0,"String":"c","Interface":null}}
2025-08-15T22:13:45.657-0500	DEBUG	protocol/handler.go:1649	have all messages and processed	{"{round 20 3  <nil>}": {"Key":"self","Type":15,"Integer":0,"String":"a","Interface":null}}
2025-08-15T22:13:45.657-0500	DEBUG	protocol/handler.go:596	round already finalized
2025-08-15T22:13:45.661-0500	DEBUG	protocol/handler.go:581	tryAdvanceRound called	{"{current_round 20 3  <nil>}": {"Key":"self","Type":15,"Integer":0,"String":"b","Interface":null}}
2025-08-15T22:13:45.661-0500	DEBUG	protocol/handler.go:581	tryAdvanceRound called	{"{current_round 20 3  <nil>}": {"Key":"self","Type":15,"Integer":0,"String":"c","Interface":null}}
2025-08-15T22:13:45.661-0500	DEBUG	protocol/handler.go:1591	have processed broadcast	{"{round 20 3  <nil>}": {"Key":"from","Type":15,"Integer":0,"String":"a","Interface":null}}
2025-08-15T22:13:45.661-0500	DEBUG	protocol/handler.go:1591	have processed broadcast	{"{round 20 3  <nil>}": {"Key":"from","Type":15,"Integer":0,"String":"a","Interface":null}}
2025-08-15T22:13:45.661-0500	DEBUG	protocol/handler.go:1591	have processed broadcast	{"{round 20 3  <nil>}": {"Key":"from","Type":15,"Integer":0,"String":"c","Interface":null}}
2025-08-15T22:13:45.661-0500	DEBUG	protocol/handler.go:1591	have processed broadcast	{"{round 20 3  <nil>}": {"Key":"from","Type":15,"Integer":0,"String":"b","Interface":null}}
2025-08-15T22:13:45.661-0500	DEBUG	protocol/handler.go:1649	have all messages and processed	{"{round 20 3  <nil>}": {"Key":"self","Type":15,"Integer":0,"String":"b","Interface":null}}
2025-08-15T22:13:45.661-0500	DEBUG	protocol/handler.go:1649	have all messages and processed	{"{round 20 3  <nil>}": {"Key":"self","Type":15,"Integer":0,"String":"c","Interface":null}}
2025-08-15T22:13:45.661-0500	DEBUG	protocol/handler.go:596	round already finalized
2025-08-15T22:13:45.661-0500	DEBUG	protocol/handler.go:596	round already finalized
2025-08-15T22:13:45.667-0500	DEBUG	protocol/handler.go:581	tryAdvanceRound called	{"{current_round 20 3  <nil>}": {"Key":"self","Type":15,"Integer":0,"String":"a","Interface":null}}
2025-08-15T22:13:45.667-0500	DEBUG	protocol/handler.go:1591	have processed broadcast	{"{round 20 3  <nil>}": {"Key":"from","Type":15,"Integer":0,"String":"b","Interface":null}}
2025-08-15T22:13:45.667-0500	DEBUG	protocol/handler.go:1591	have processed broadcast	{"{round 20 3  <nil>}": {"Key":"from","Type":15,"Integer":0,"String":"c","Interface":null}}
2025-08-15T22:13:45.667-0500	DEBUG	protocol/handler.go:1649	have all messages and processed	{"{round 20 3  <nil>}": {"Key":"self","Type":15,"Integer":0,"String":"a","Interface":null}}
2025-08-15T22:13:45.667-0500	DEBUG	protocol/handler.go:596	round already finalized
2025-08-15T22:13:45.671-0500	DEBUG	protocol/handler.go:581	tryAdvanceRound called	{"{current_round 20 3  <nil>}": {"Key":"self","Type":15,"Integer":0,"String":"b","Interface":null}}
2025-08-15T22:13:45.671-0500	DEBUG	protocol/handler.go:581	tryAdvanceRound called	{"{current_round 20 3  <nil>}": {"Key":"self","Type":15,"Integer":0,"String":"c","Interface":null}}
2025-08-15T22:13:45.671-0500	DEBUG	protocol/handler.go:1591	have processed broadcast	{"{round 20 3  <nil>}": {"Key":"from","Type":15,"Integer":0,"String":"a","Interface":null}}
2025-08-15T22:13:45.671-0500	DEBUG	protocol/handler.go:1591	have processed broadcast	{"{round 20 3  <nil>}": {"Key":"from","Type":15,"Integer":0,"String":"a","Interface":null}}
2025-08-15T22:13:45.671-0500	DEBUG	protocol/handler.go:1591	have processed broadcast	{"{round 20 3  <nil>}": {"Key":"from","Type":15,"Integer":0,"String":"c","Interface":null}}
2025-08-15T22:13:45.671-0500	DEBUG	protocol/handler.go:1591	have processed broadcast	{"{round 20 3  <nil>}": {"Key":"from","Type":15,"Integer":0,"String":"b","Interface":null}}
2025-08-15T22:13:45.671-0500	DEBUG	protocol/handler.go:1649	have all messages and processed	{"{round 20 3  <nil>}": {"Key":"self","Type":15,"Integer":0,"String":"b","Interface":null}}
2025-08-15T22:13:45.671-0500	DEBUG	protocol/handler.go:596	round already finalized
2025-08-15T22:13:45.671-0500	DEBUG	protocol/handler.go:1649	have all messages and processed	{"{round 20 3  <nil>}": {"Key":"self","Type":15,"Integer":0,"String":"c","Interface":null}}
2025-08-15T22:13:45.671-0500	DEBUG	protocol/handler.go:596	round already finalized
2025-08-15T22:13:45.677-0500	DEBUG	protocol/handler.go:581	tryAdvanceRound called	{"{current_round 20 3  <nil>}": {"Key":"self","Type":15,"Integer":0,"String":"a","Interface":null}}
2025-08-15T22:13:45.677-0500	DEBUG	protocol/handler.go:1591	have processed broadcast	{"{round 20 3  <nil>}": {"Key":"from","Type":15,"Integer":0,"String":"b","Interface":null}}
2025-08-15T22:13:45.677-0500	DEBUG	protocol/handler.go:1591	have processed broadcast	{"{round 20 3  <nil>}": {"Key":"from","Type":15,"Integer":0,"String":"c","Interface":null}}
2025-08-15T22:13:45.677-0500	DEBUG	protocol/handler.go:1649	have all messages and processed	{"{round 20 3  <nil>}": {"Key":"self","Type":15,"Integer":0,"String":"a","Interface":null}}
2025-08-15T22:13:45.677-0500	DEBUG	protocol/handler.go:596	round already finalized
2025-08-15T22:13:45.681-0500	DEBUG	protocol/handler.go:581	tryAdvanceRound called	{"{current_round 20 3  <nil>}": {"Key":"self","Type":15,"Integer":0,"String":"b","Interface":null}}
2025-08-15T22:13:45.681-0500	DEBUG	protocol/handler.go:581	tryAdvanceRound called	{"{current_round 20 3  <nil>}": {"Key":"self","Type":15,"Integer":0,"String":"c","Interface":null}}
2025-08-15T22:13:45.681-0500	DEBUG	protocol/handler.go:1591	have processed broadcast	{"{round 20 3  <nil>}": {"Key":"from","Type":15,"Integer":0,"String":"a","Interface":null}}
2025-08-15T22:13:45.681-0500	DEBUG	protocol/handler.go:1591	have processed broadcast	{"{round 20 3  <nil>}": {"Key":"from","Type":15,"Integer":0,"String":"c","Interface":null}}
2025-08-15T22:13:45.681-0500	DEBUG	protocol/handler.go:1591	have processed broadcast	{"{round 20 3  <nil>}": {"Key":"from","Type":15,"Integer":0,"String":"a","Interface":null}}
2025-08-15T22:13:45.681-0500	DEBUG	protocol/handler.go:1649	have all messages and processed	{"{round 20 3  <nil>}": {"Key":"self","Type":15,"Integer":0,"String":"b","Interface":null}}
2025-08-15T22:13:45.681-0500	DEBUG	protocol/handler.go:1591	have processed broadcast	{"{round 20 3  <nil>}": {"Key":"from","Type":15,"Integer":0,"String":"b","Interface":null}}
2025-08-15T22:13:45.681-0500	DEBUG	protocol/handler.go:596	round already finalized
2025-08-15T22:13:45.681-0500	DEBUG	protocol/handler.go:1649	have all messages and processed	{"{round 20 3  <nil>}": {"Key":"self","Type":15,"Integer":0,"String":"c","Interface":null}}
2025-08-15T22:13:45.681-0500	DEBUG	protocol/handler.go:596	round already finalized
2025-08-15T22:13:45.687-0500	DEBUG	protocol/handler.go:581	tryAdvanceRound called	{"{current_round 20 3  <nil>}": {"Key":"self","Type":15,"Integer":0,"String":"a","Interface":null}}
2025-08-15T22:13:45.687-0500	DEBUG	protocol/handler.go:1591	have processed broadcast	{"{round 20 3  <nil>}": {"Key":"from","Type":15,"Integer":0,"String":"b","Interface":null}}
2025-08-15T22:13:45.687-0500	DEBUG	protocol/handler.go:1591	have processed broadcast	{"{round 20 3  <nil>}": {"Key":"from","Type":15,"Integer":0,"String":"c","Interface":null}}
2025-08-15T22:13:45.687-0500	DEBUG	protocol/handler.go:1649	have all messages and processed	{"{round 20 3  <nil>}": {"Key":"self","Type":15,"Integer":0,"String":"a","Interface":null}}
2025-08-15T22:13:45.687-0500	DEBUG	protocol/handler.go:596	round already finalized
2025-08-15T22:13:45.691-0500	DEBUG	protocol/handler.go:581	tryAdvanceRound called	{"{current_round 20 3  <nil>}": {"Key":"self","Type":15,"Integer":0,"String":"b","Interface":null}}
2025-08-15T22:13:45.691-0500	DEBUG	protocol/handler.go:1591	have processed broadcast	{"{round 20 3  <nil>}": {"Key":"from","Type":15,"Integer":0,"String":"a","Interface":null}}
2025-08-15T22:13:45.691-0500	DEBUG	protocol/handler.go:1591	have processed broadcast	{"{round 20 3  <nil>}": {"Key":"from","Type":15,"Integer":0,"String":"c","Interface":null}}
2025-08-15T22:13:45.691-0500	DEBUG	protocol/handler.go:1649	have all messages and processed	{"{round 20 3  <nil>}": {"Key":"self","Type":15,"Integer":0,"String":"b","Interface":null}}
2025-08-15T22:13:45.691-0500	DEBUG	protocol/handler.go:596	round already finalized
2025-08-15T22:13:45.691-0500	DEBUG	protocol/handler.go:581	tryAdvanceRound called	{"{current_round 20 3  <nil>}": {"Key":"self","Type":15,"Integer":0,"String":"c","Interface":null}}
2025-08-15T22:13:45.691-0500	DEBUG	protocol/handler.go:1591	have processed broadcast	{"{round 20 3  <nil>}": {"Key":"from","Type":15,"Integer":0,"String":"a","Interface":null}}
2025-08-15T22:13:45.691-0500	DEBUG	protocol/handler.go:1591	have processed broadcast	{"{round 20 3  <nil>}": {"Key":"from","Type":15,"Integer":0,"String":"b","Interface":null}}
2025-08-15T22:13:45.691-0500	DEBUG	protocol/handler.go:1649	have all messages and processed	{"{round 20 3  <nil>}": {"Key":"self","Type":15,"Integer":0,"String":"c","Interface":null}}
2025-08-15T22:13:45.691-0500	DEBUG	protocol/handler.go:596	round already finalized
2025-08-15T22:13:45.697-0500	DEBUG	protocol/handler.go:581	tryAdvanceRound called	{"{current_round 20 3  <nil>}": {"Key":"self","Type":15,"Integer":0,"String":"a","Interface":null}}
2025-08-15T22:13:45.697-0500	DEBUG	protocol/handler.go:1591	have processed broadcast	{"{round 20 3  <nil>}": {"Key":"from","Type":15,"Integer":0,"String":"b","Interface":null}}
2025-08-15T22:13:45.697-0500	DEBUG	protocol/handler.go:1591	have processed broadcast	{"{round 20 3  <nil>}": {"Key":"from","Type":15,"Integer":0,"String":"c","Interface":null}}
2025-08-15T22:13:45.697-0500	DEBUG	protocol/handler.go:1649	have all messages and processed	{"{round 20 3  <nil>}": {"Key":"self","Type":15,"Integer":0,"String":"a","Interface":null}}
2025-08-15T22:13:45.697-0500	DEBUG	protocol/handler.go:596	round already finalized
2025-08-15T22:13:45.701-0500	DEBUG	protocol/handler.go:581	tryAdvanceRound called	{"{current_round 20 3  <nil>}": {"Key":"self","Type":15,"Integer":0,"String":"b","Interface":null}}
2025-08-15T22:13:45.701-0500	DEBUG	protocol/handler.go:1591	have processed broadcast	{"{round 20 3  <nil>}": {"Key":"from","Type":15,"Integer":0,"String":"a","Interface":null}}
2025-08-15T22:13:45.701-0500	DEBUG	protocol/handler.go:1591	have processed broadcast	{"{round 20 3  <nil>}": {"Key":"from","Type":15,"Integer":0,"String":"c","Interface":null}}
2025-08-15T22:13:45.701-0500	DEBUG	protocol/handler.go:1649	have all messages and processed	{"{round 20 3  <nil>}": {"Key":"self","Type":15,"Integer":0,"String":"b","Interface":null}}
2025-08-15T22:13:45.701-0500	DEBUG	protocol/handler.go:596	round already finalized
2025-08-15T22:13:45.701-0500	DEBUG	protocol/handler.go:581	tryAdvanceRound called	{"{current_round 20 3  <nil>}": {"Key":"self","Type":15,"Integer":0,"String":"c","Interface":null}}
2025-08-15T22:13:45.701-0500	DEBUG	protocol/handler.go:1591	have processed broadcast	{"{round 20 3  <nil>}": {"Key":"from","Type":15,"Integer":0,"String":"a","Interface":null}}
2025-08-15T22:13:45.701-0500	DEBUG	protocol/handler.go:1591	have processed broadcast	{"{round 20 3  <nil>}": {"Key":"from","Type":15,"Integer":0,"String":"b","Interface":null}}
2025-08-15T22:13:45.701-0500	DEBUG	protocol/handler.go:1649	have all messages and processed	{"{round 20 3  <nil>}": {"Key":"self","Type":15,"Integer":0,"String":"c","Interface":null}}
2025-08-15T22:13:45.701-0500	DEBUG	protocol/handler.go:596	round already finalized
2025-08-15T22:13:45.707-0500	DEBUG	protocol/handler.go:581	tryAdvanceRound called	{"{current_round 20 3  <nil>}": {"Key":"self","Type":15,"Integer":0,"String":"a","Interface":null}}
2025-08-15T22:13:45.707-0500	DEBUG	protocol/handler.go:1591	have processed broadcast	{"{round 20 3  <nil>}": {"Key":"from","Type":15,"Integer":0,"String":"b","Interface":null}}
2025-08-15T22:13:45.707-0500	DEBUG	protocol/handler.go:1591	have processed broadcast	{"{round 20 3  <nil>}": {"Key":"from","Type":15,"Integer":0,"String":"c","Interface":null}}
2025-08-15T22:13:45.707-0500	DEBUG	protocol/handler.go:1649	have all messages and processed	{"{round 20 3  <nil>}": {"Key":"self","Type":15,"Integer":0,"String":"a","Interface":null}}
2025-08-15T22:13:45.707-0500	DEBUG	protocol/handler.go:596	round already finalized
2025-08-15T22:13:45.711-0500	DEBUG	protocol/handler.go:581	tryAdvanceRound called	{"{current_round 20 3  <nil>}": {"Key":"self","Type":15,"Integer":0,"String":"b","Interface":null}}
2025-08-15T22:13:45.711-0500	DEBUG	protocol/handler.go:581	tryAdvanceRound called	{"{current_round 20 3  <nil>}": {"Key":"self","Type":15,"Integer":0,"String":"c","Interface":null}}
2025-08-15T22:13:45.711-0500	DEBUG	protocol/handler.go:1591	have processed broadcast	{"{round 20 3  <nil>}": {"Key":"from","Type":15,"Integer":0,"String":"a","Interface":null}}
2025-08-15T22:13:45.711-0500	DEBUG	protocol/handler.go:1591	have processed broadcast	{"{round 20 3  <nil>}": {"Key":"from","Type":15,"Integer":0,"String":"a","Interface":null}}
2025-08-15T22:13:45.711-0500	DEBUG	protocol/handler.go:1591	have processed broadcast	{"{round 20 3  <nil>}": {"Key":"from","Type":15,"Integer":0,"String":"c","Interface":null}}
2025-08-15T22:13:45.711-0500	DEBUG	protocol/handler.go:1591	have processed broadcast	{"{round 20 3  <nil>}": {"Key":"from","Type":15,"Integer":0,"String":"b","Interface":null}}
2025-08-15T22:13:45.711-0500	DEBUG	protocol/handler.go:1649	have all messages and processed	{"{round 20 3  <nil>}": {"Key":"self","Type":15,"Integer":0,"String":"b","Interface":null}}
2025-08-15T22:13:45.711-0500	DEBUG	protocol/handler.go:1649	have all messages and processed	{"{round 20 3  <nil>}": {"Key":"self","Type":15,"Integer":0,"String":"c","Interface":null}}
2025-08-15T22:13:45.711-0500	DEBUG	protocol/handler.go:596	round already finalized
2025-08-15T22:13:45.711-0500	DEBUG	protocol/handler.go:596	round already finalized
2025-08-15T22:13:45.717-0500	DEBUG	protocol/handler.go:581	tryAdvanceRound called	{"{current_round 20 3  <nil>}": {"Key":"self","Type":15,"Integer":0,"String":"a","Interface":null}}
2025-08-15T22:13:45.717-0500	DEBUG	protocol/handler.go:1591	have processed broadcast	{"{round 20 3  <nil>}": {"Key":"from","Type":15,"Integer":0,"String":"b","Interface":null}}
2025-08-15T22:13:45.717-0500	DEBUG	protocol/handler.go:1591	have processed broadcast	{"{round 20 3  <nil>}": {"Key":"from","Type":15,"Integer":0,"String":"c","Interface":null}}
2025-08-15T22:13:45.717-0500	DEBUG	protocol/handler.go:1649	have all messages and processed	{"{round 20 3  <nil>}": {"Key":"self","Type":15,"Integer":0,"String":"a","Interface":null}}
2025-08-15T22:13:45.717-0500	DEBUG	protocol/handler.go:596	round already finalized
2025-08-15T22:13:45.721-0500	DEBUG	protocol/handler.go:581	tryAdvanceRound called	{"{current_round 20 3  <nil>}": {"Key":"self","Type":15,"Integer":0,"String":"b","Interface":null}}
2025-08-15T22:13:45.721-0500	DEBUG	protocol/handler.go:581	tryAdvanceRound called	{"{current_round 20 3  <nil>}": {"Key":"self","Type":15,"Integer":0,"String":"c","Interface":null}}
2025-08-15T22:13:45.721-0500	DEBUG	protocol/handler.go:1591	have processed broadcast	{"{round 20 3  <nil>}": {"Key":"from","Type":15,"Integer":0,"String":"a","Interface":null}}
2025-08-15T22:13:45.721-0500	DEBUG	protocol/handler.go:1591	have processed broadcast	{"{round 20 3  <nil>}": {"Key":"from","Type":15,"Integer":0,"String":"a","Interface":null}}
2025-08-15T22:13:45.721-0500	DEBUG	protocol/handler.go:1591	have processed broadcast	{"{round 20 3  <nil>}": {"Key":"from","Type":15,"Integer":0,"String":"c","Interface":null}}
2025-08-15T22:13:45.721-0500	DEBUG	protocol/handler.go:1591	have processed broadcast	{"{round 20 3  <nil>}": {"Key":"from","Type":15,"Integer":0,"String":"b","Interface":null}}
2025-08-15T22:13:45.721-0500	DEBUG	protocol/handler.go:1649	have all messages and processed	{"{round 20 3  <nil>}": {"Key":"self","Type":15,"Integer":0,"String":"b","Interface":null}}
2025-08-15T22:13:45.721-0500	DEBUG	protocol/handler.go:1649	have all messages and processed	{"{round 20 3  <nil>}": {"Key":"self","Type":15,"Integer":0,"String":"c","Interface":null}}
2025-08-15T22:13:45.721-0500	DEBUG	protocol/handler.go:596	round already finalized
2025-08-15T22:13:45.721-0500	DEBUG	protocol/handler.go:596	round already finalized
2025-08-15T22:13:45.727-0500	DEBUG	protocol/handler.go:581	tryAdvanceRound called	{"{current_round 20 3  <nil>}": {"Key":"self","Type":15,"Integer":0,"String":"a","Interface":null}}
2025-08-15T22:13:45.727-0500	DEBUG	protocol/handler.go:1591	have processed broadcast	{"{round 20 3  <nil>}": {"Key":"from","Type":15,"Integer":0,"String":"b","Interface":null}}
2025-08-15T22:13:45.727-0500	DEBUG	protocol/handler.go:1591	have processed broadcast	{"{round 20 3  <nil>}": {"Key":"from","Type":15,"Integer":0,"String":"c","Interface":null}}
2025-08-15T22:13:45.727-0500	DEBUG	protocol/handler.go:1649	have all messages and processed	{"{round 20 3  <nil>}": {"Key":"self","Type":15,"Integer":0,"String":"a","Interface":null}}
2025-08-15T22:13:45.727-0500	DEBUG	protocol/handler.go:596	round already finalized
2025-08-15T22:13:45.731-0500	DEBUG	protocol/handler.go:581	tryAdvanceRound called	{"{current_round 20 3  <nil>}": {"Key":"self","Type":15,"Integer":0,"String":"b","Interface":null}}
2025-08-15T22:13:45.731-0500	DEBUG	protocol/handler.go:581	tryAdvanceRound called	{"{current_round 20 3  <nil>}": {"Key":"self","Type":15,"Integer":0,"String":"c","Interface":null}}
2025-08-15T22:13:45.731-0500	DEBUG	protocol/handler.go:1591	have processed broadcast	{"{round 20 3  <nil>}": {"Key":"from","Type":15,"Integer":0,"String":"a","Interface":null}}
2025-08-15T22:13:45.731-0500	DEBUG	protocol/handler.go:1591	have processed broadcast	{"{round 20 3  <nil>}": {"Key":"from","Type":15,"Integer":0,"String":"a","Interface":null}}
2025-08-15T22:13:45.731-0500	DEBUG	protocol/handler.go:1591	have processed broadcast	{"{round 20 3  <nil>}": {"Key":"from","Type":15,"Integer":0,"String":"b","Interface":null}}
2025-08-15T22:13:45.731-0500	DEBUG	protocol/handler.go:1591	have processed broadcast	{"{round 20 3  <nil>}": {"Key":"from","Type":15,"Integer":0,"String":"c","Interface":null}}
2025-08-15T22:13:45.731-0500	DEBUG	protocol/handler.go:1649	have all messages and processed	{"{round 20 3  <nil>}": {"Key":"self","Type":15,"Integer":0,"String":"c","Interface":null}}
2025-08-15T22:13:45.731-0500	DEBUG	protocol/handler.go:1649	have all messages and processed	{"{round 20 3  <nil>}": {"Key":"self","Type":15,"Integer":0,"String":"b","Interface":null}}
2025-08-15T22:13:45.731-0500	DEBUG	protocol/handler.go:596	round already finalized
2025-08-15T22:13:45.731-0500	DEBUG	protocol/handler.go:596	round already finalized
2025-08-15T22:13:45.737-0500	DEBUG	protocol/handler.go:581	tryAdvanceRound called	{"{current_round 20 3  <nil>}": {"Key":"self","Type":15,"Integer":0,"String":"a","Interface":null}}
2025-08-15T22:13:45.737-0500	DEBUG	protocol/handler.go:1039	sendRoundMessage	{"{from 15 0 a <nil>}": {"Key":"to","Type":15,"Integer":0,"String":"b","Interface":null}, "{round 20 4  <nil>}": {"Key":"broadcast","Type":4,"Integer":0,"String":"","Interface":null}}
2025-08-15T22:13:45.737-0500	DEBUG	protocol/handler.go:1591	have processed broadcast	{"{round 20 3  <nil>}": {"Key":"from","Type":15,"Integer":0,"String":"b","Interface":null}}
2025-08-15T22:13:45.738-0500	DEBUG	protocol/handler.go:1591	have processed broadcast	{"{round 20 3  <nil>}": {"Key":"from","Type":15,"Integer":0,"String":"c","Interface":null}}
2025-08-15T22:13:45.738-0500	DEBUG	protocol/handler.go:1649	have all messages and processed	{"{round 20 3  <nil>}": {"Key":"self","Type":15,"Integer":0,"String":"a","Interface":null}}
2025-08-15T22:13:45.738-0500	DEBUG	protocol/handler.go:596	round already finalized
2025-08-15T22:13:45.738-0500	DEBUG	protocol/handler.go:1081	sent message to output channel	{"{from 15 0 a <nil>}": {"Key":"to","Type":15,"Integer":0,"String":"b","Interface":null}, "{round 20 4  <nil>}": {"Key":"broadcast","Type":4,"Integer":0,"String":"","Interface":null}}
2025-08-15T22:13:45.738-0500	DEBUG	protocol/handler.go:437	processing message	{"{from 15 0 a <nil>}": {"Key":"to","Type":15,"Integer":0,"String":"b","Interface":null}, "{round 20 4  <nil>}": {"Key":"broadcast","Type":4,"Integer":0,"String":"","Interface":null}}
2025-08-15T22:13:45.738-0500	DEBUG	protocol/handler.go:1662	storing message	{"{round 20 4  <nil>}": {"Key":"from","Type":15,"Integer":0,"String":"a","Interface":null}}
2025-08-15T22:13:45.739-0500	DEBUG	protocol/handler.go:470	message for different round (buffering)	{"{msg_round 20 4  <nil>}": {"Key":"current_round","Type":20,"Integer":3,"String":"","Interface":null}}
2025-08-15T22:13:45.739-0500	DEBUG	protocol/handler.go:581	tryAdvanceRound called	{"{current_round 20 3  <nil>}": {"Key":"self","Type":15,"Integer":0,"String":"b","Interface":null}}
2025-08-15T22:13:45.739-0500	DEBUG	protocol/handler.go:1591	have processed broadcast	{"{round 20 3  <nil>}": {"Key":"from","Type":15,"Integer":0,"String":"a","Interface":null}}
2025-08-15T22:13:45.739-0500	DEBUG	protocol/handler.go:1591	have processed broadcast	{"{round 20 3  <nil>}": {"Key":"from","Type":15,"Integer":0,"String":"c","Interface":null}}
2025-08-15T22:13:45.739-0500	DEBUG	protocol/handler.go:1649	have all messages and processed	{"{round 20 3  <nil>}": {"Key":"self","Type":15,"Integer":0,"String":"b","Interface":null}}
2025-08-15T22:13:45.739-0500	DEBUG	protocol/handler.go:596	round already finalized
2025-08-15T22:13:45.741-0500	DEBUG	protocol/handler.go:581	tryAdvanceRound called	{"{current_round 20 3  <nil>}": {"Key":"self","Type":15,"Integer":0,"String":"b","Interface":null}}
2025-08-15T22:13:45.741-0500	DEBUG	protocol/handler.go:581	tryAdvanceRound called	{"{current_round 20 3  <nil>}": {"Key":"self","Type":15,"Integer":0,"String":"c","Interface":null}}
2025-08-15T22:13:45.741-0500	DEBUG	protocol/handler.go:1591	have processed broadcast	{"{round 20 3  <nil>}": {"Key":"from","Type":15,"Integer":0,"String":"a","Interface":null}}
2025-08-15T22:13:45.741-0500	DEBUG	protocol/handler.go:1591	have processed broadcast	{"{round 20 3  <nil>}": {"Key":"from","Type":15,"Integer":0,"String":"a","Interface":null}}
2025-08-15T22:13:45.741-0500	DEBUG	protocol/handler.go:1591	have processed broadcast	{"{round 20 3  <nil>}": {"Key":"from","Type":15,"Integer":0,"String":"c","Interface":null}}
2025-08-15T22:13:45.741-0500	DEBUG	protocol/handler.go:1591	have processed broadcast	{"{round 20 3  <nil>}": {"Key":"from","Type":15,"Integer":0,"String":"b","Interface":null}}
2025-08-15T22:13:45.741-0500	DEBUG	protocol/handler.go:1649	have all messages and processed	{"{round 20 3  <nil>}": {"Key":"self","Type":15,"Integer":0,"String":"b","Interface":null}}
2025-08-15T22:13:45.741-0500	DEBUG	protocol/handler.go:1649	have all messages and processed	{"{round 20 3  <nil>}": {"Key":"self","Type":15,"Integer":0,"String":"c","Interface":null}}
2025-08-15T22:13:45.741-0500	DEBUG	protocol/handler.go:596	round already finalized
2025-08-15T22:13:45.741-0500	DEBUG	protocol/handler.go:596	round already finalized
2025-08-15T22:13:45.747-0500	DEBUG	protocol/handler.go:581	tryAdvanceRound called	{"{current_round 20 3  <nil>}": {"Key":"self","Type":15,"Integer":0,"String":"a","Interface":null}}
2025-08-15T22:13:45.747-0500	DEBUG	protocol/handler.go:1591	have processed broadcast	{"{round 20 3  <nil>}": {"Key":"from","Type":15,"Integer":0,"String":"b","Interface":null}}
2025-08-15T22:13:45.747-0500	DEBUG	protocol/handler.go:1591	have processed broadcast	{"{round 20 3  <nil>}": {"Key":"from","Type":15,"Integer":0,"String":"c","Interface":null}}
2025-08-15T22:13:45.747-0500	DEBUG	protocol/handler.go:1649	have all messages and processed	{"{round 20 3  <nil>}": {"Key":"self","Type":15,"Integer":0,"String":"a","Interface":null}}
2025-08-15T22:13:45.747-0500	DEBUG	protocol/handler.go:596	round already finalized
2025-08-15T22:13:45.751-0500	DEBUG	protocol/handler.go:581	tryAdvanceRound called	{"{current_round 20 3  <nil>}": {"Key":"self","Type":15,"Integer":0,"String":"b","Interface":null}}
2025-08-15T22:13:45.751-0500	DEBUG	protocol/handler.go:1591	have processed broadcast	{"{round 20 3  <nil>}": {"Key":"from","Type":15,"Integer":0,"String":"a","Interface":null}}
2025-08-15T22:13:45.751-0500	DEBUG	protocol/handler.go:1591	have processed broadcast	{"{round 20 3  <nil>}": {"Key":"from","Type":15,"Integer":0,"String":"c","Interface":null}}
2025-08-15T22:13:45.751-0500	DEBUG	protocol/handler.go:1649	have all messages and processed	{"{round 20 3  <nil>}": {"Key":"self","Type":15,"Integer":0,"String":"b","Interface":null}}
2025-08-15T22:13:45.751-0500	DEBUG	protocol/handler.go:596	round already finalized
2025-08-15T22:13:45.751-0500	DEBUG	protocol/handler.go:581	tryAdvanceRound called	{"{current_round 20 3  <nil>}": {"Key":"self","Type":15,"Integer":0,"String":"c","Interface":null}}
2025-08-15T22:13:45.751-0500	DEBUG	protocol/handler.go:1591	have processed broadcast	{"{round 20 3  <nil>}": {"Key":"from","Type":15,"Integer":0,"String":"a","Interface":null}}
2025-08-15T22:13:45.751-0500	DEBUG	protocol/handler.go:1591	have processed broadcast	{"{round 20 3  <nil>}": {"Key":"from","Type":15,"Integer":0,"String":"b","Interface":null}}
2025-08-15T22:13:45.751-0500	DEBUG	protocol/handler.go:1649	have all messages and processed	{"{round 20 3  <nil>}": {"Key":"self","Type":15,"Integer":0,"String":"c","Interface":null}}
2025-08-15T22:13:45.751-0500	DEBUG	protocol/handler.go:596	round already finalized
2025-08-15T22:13:45.757-0500	DEBUG	protocol/handler.go:581	tryAdvanceRound called	{"{current_round 20 3  <nil>}": {"Key":"self","Type":15,"Integer":0,"String":"a","Interface":null}}
2025-08-15T22:13:45.757-0500	DEBUG	protocol/handler.go:1591	have processed broadcast	{"{round 20 3  <nil>}": {"Key":"from","Type":15,"Integer":0,"String":"b","Interface":null}}
2025-08-15T22:13:45.757-0500	DEBUG	protocol/handler.go:1591	have processed broadcast	{"{round 20 3  <nil>}": {"Key":"from","Type":15,"Integer":0,"String":"c","Interface":null}}
2025-08-15T22:13:45.757-0500	DEBUG	protocol/handler.go:1649	have all messages and processed	{"{round 20 3  <nil>}": {"Key":"self","Type":15,"Integer":0,"String":"a","Interface":null}}
2025-08-15T22:13:45.757-0500	DEBUG	protocol/handler.go:596	round already finalized
2025-08-15T22:13:45.761-0500	DEBUG	protocol/handler.go:581	tryAdvanceRound called	{"{current_round 20 3  <nil>}": {"Key":"self","Type":15,"Integer":0,"String":"b","Interface":null}}
2025-08-15T22:13:45.761-0500	DEBUG	protocol/handler.go:581	tryAdvanceRound called	{"{current_round 20 3  <nil>}": {"Key":"self","Type":15,"Integer":0,"String":"c","Interface":null}}
2025-08-15T22:13:45.761-0500	DEBUG	protocol/handler.go:1591	have processed broadcast	{"{round 20 3  <nil>}": {"Key":"from","Type":15,"Integer":0,"String":"a","Interface":null}}
2025-08-15T22:13:45.761-0500	DEBUG	protocol/handler.go:1591	have processed broadcast	{"{round 20 3  <nil>}": {"Key":"from","Type":15,"Integer":0,"String":"a","Interface":null}}
2025-08-15T22:13:45.761-0500	DEBUG	protocol/handler.go:1591	have processed broadcast	{"{round 20 3  <nil>}": {"Key":"from","Type":15,"Integer":0,"String":"c","Interface":null}}
2025-08-15T22:13:45.761-0500	DEBUG	protocol/handler.go:1591	have processed broadcast	{"{round 20 3  <nil>}": {"Key":"from","Type":15,"Integer":0,"String":"b","Interface":null}}
2025-08-15T22:13:45.761-0500	DEBUG	protocol/handler.go:1649	have all messages and processed	{"{round 20 3  <nil>}": {"Key":"self","Type":15,"Integer":0,"String":"b","Interface":null}}
2025-08-15T22:13:45.761-0500	DEBUG	protocol/handler.go:1649	have all messages and processed	{"{round 20 3  <nil>}": {"Key":"self","Type":15,"Integer":0,"String":"c","Interface":null}}
2025-08-15T22:13:45.761-0500	DEBUG	protocol/handler.go:596	round already finalized
2025-08-15T22:13:45.761-0500	DEBUG	protocol/handler.go:596	round already finalized
2025-08-15T22:13:45.767-0500	DEBUG	protocol/handler.go:581	tryAdvanceRound called	{"{current_round 20 3  <nil>}": {"Key":"self","Type":15,"Integer":0,"String":"a","Interface":null}}
2025-08-15T22:13:45.767-0500	DEBUG	protocol/handler.go:1591	have processed broadcast	{"{round 20 3  <nil>}": {"Key":"from","Type":15,"Integer":0,"String":"b","Interface":null}}
2025-08-15T22:13:45.767-0500	DEBUG	protocol/handler.go:1591	have processed broadcast	{"{round 20 3  <nil>}": {"Key":"from","Type":15,"Integer":0,"String":"c","Interface":null}}
2025-08-15T22:13:45.767-0500	DEBUG	protocol/handler.go:1649	have all messages and processed	{"{round 20 3  <nil>}": {"Key":"self","Type":15,"Integer":0,"String":"a","Interface":null}}
2025-08-15T22:13:45.767-0500	DEBUG	protocol/handler.go:596	round already finalized
2025-08-15T22:13:45.771-0500	DEBUG	protocol/handler.go:581	tryAdvanceRound called	{"{current_round 20 3  <nil>}": {"Key":"self","Type":15,"Integer":0,"String":"b","Interface":null}}
2025-08-15T22:13:45.771-0500	DEBUG	protocol/handler.go:1591	have processed broadcast	{"{round 20 3  <nil>}": {"Key":"from","Type":15,"Integer":0,"String":"a","Interface":null}}
2025-08-15T22:13:45.771-0500	DEBUG	protocol/handler.go:1591	have processed broadcast	{"{round 20 3  <nil>}": {"Key":"from","Type":15,"Integer":0,"String":"c","Interface":null}}
2025-08-15T22:13:45.771-0500	DEBUG	protocol/handler.go:1649	have all messages and processed	{"{round 20 3  <nil>}": {"Key":"self","Type":15,"Integer":0,"String":"b","Interface":null}}
2025-08-15T22:13:45.771-0500	DEBUG	protocol/handler.go:596	round already finalized
2025-08-15T22:13:45.771-0500	DEBUG	protocol/handler.go:581	tryAdvanceRound called	{"{current_round 20 3  <nil>}": {"Key":"self","Type":15,"Integer":0,"String":"c","Interface":null}}
2025-08-15T22:13:45.771-0500	DEBUG	protocol/handler.go:1591	have processed broadcast	{"{round 20 3  <nil>}": {"Key":"from","Type":15,"Integer":0,"String":"a","Interface":null}}
2025-08-15T22:13:45.771-0500	DEBUG	protocol/handler.go:1591	have processed broadcast	{"{round 20 3  <nil>}": {"Key":"from","Type":15,"Integer":0,"String":"b","Interface":null}}
2025-08-15T22:13:45.771-0500	DEBUG	protocol/handler.go:1649	have all messages and processed	{"{round 20 3  <nil>}": {"Key":"self","Type":15,"Integer":0,"String":"c","Interface":null}}
2025-08-15T22:13:45.771-0500	DEBUG	protocol/handler.go:596	round already finalized
2025-08-15T22:13:45.777-0500	DEBUG	protocol/handler.go:581	tryAdvanceRound called	{"{current_round 20 3  <nil>}": {"Key":"self","Type":15,"Integer":0,"String":"a","Interface":null}}
2025-08-15T22:13:45.777-0500	DEBUG	protocol/handler.go:1591	have processed broadcast	{"{round 20 3  <nil>}": {"Key":"from","Type":15,"Integer":0,"String":"b","Interface":null}}
2025-08-15T22:13:45.777-0500	DEBUG	protocol/handler.go:1591	have processed broadcast	{"{round 20 3  <nil>}": {"Key":"from","Type":15,"Integer":0,"String":"c","Interface":null}}
2025-08-15T22:13:45.777-0500	DEBUG	protocol/handler.go:1649	have all messages and processed	{"{round 20 3  <nil>}": {"Key":"self","Type":15,"Integer":0,"String":"a","Interface":null}}
2025-08-15T22:13:45.777-0500	DEBUG	protocol/handler.go:596	round already finalized
2025-08-15T22:13:45.781-0500	DEBUG	protocol/handler.go:581	tryAdvanceRound called	{"{current_round 20 3  <nil>}": {"Key":"self","Type":15,"Integer":0,"String":"b","Interface":null}}
2025-08-15T22:13:45.781-0500	DEBUG	protocol/handler.go:1591	have processed broadcast	{"{round 20 3  <nil>}": {"Key":"from","Type":15,"Integer":0,"String":"a","Interface":null}}
2025-08-15T22:13:45.781-0500	DEBUG	protocol/handler.go:1591	have processed broadcast	{"{round 20 3  <nil>}": {"Key":"from","Type":15,"Integer":0,"String":"c","Interface":null}}
2025-08-15T22:13:45.781-0500	DEBUG	protocol/handler.go:1649	have all messages and processed	{"{round 20 3  <nil>}": {"Key":"self","Type":15,"Integer":0,"String":"b","Interface":null}}
2025-08-15T22:13:45.781-0500	DEBUG	protocol/handler.go:596	round already finalized
2025-08-15T22:13:45.781-0500	DEBUG	protocol/handler.go:581	tryAdvanceRound called	{"{current_round 20 3  <nil>}": {"Key":"self","Type":15,"Integer":0,"String":"c","Interface":null}}
2025-08-15T22:13:45.781-0500	DEBUG	protocol/handler.go:1591	have processed broadcast	{"{round 20 3  <nil>}": {"Key":"from","Type":15,"Integer":0,"String":"a","Interface":null}}
2025-08-15T22:13:45.781-0500	DEBUG	protocol/handler.go:1591	have processed broadcast	{"{round 20 3  <nil>}": {"Key":"from","Type":15,"Integer":0,"String":"b","Interface":null}}
2025-08-15T22:13:45.781-0500	DEBUG	protocol/handler.go:1649	have all messages and processed	{"{round 20 3  <nil>}": {"Key":"self","Type":15,"Integer":0,"String":"c","Interface":null}}
2025-08-15T22:13:45.781-0500	DEBUG	protocol/handler.go:596	round already finalized
2025-08-15T22:13:45.787-0500	DEBUG	protocol/handler.go:581	tryAdvanceRound called	{"{current_round 20 3  <nil>}": {"Key":"self","Type":15,"Integer":0,"String":"a","Interface":null}}
2025-08-15T22:13:45.787-0500	DEBUG	protocol/handler.go:1591	have processed broadcast	{"{round 20 3  <nil>}": {"Key":"from","Type":15,"Integer":0,"String":"b","Interface":null}}
2025-08-15T22:13:45.787-0500	DEBUG	protocol/handler.go:1591	have processed broadcast	{"{round 20 3  <nil>}": {"Key":"from","Type":15,"Integer":0,"String":"c","Interface":null}}
2025-08-15T22:13:45.787-0500	DEBUG	protocol/handler.go:1649	have all messages and processed	{"{round 20 3  <nil>}": {"Key":"self","Type":15,"Integer":0,"String":"a","Interface":null}}
2025-08-15T22:13:45.787-0500	DEBUG	protocol/handler.go:596	round already finalized
2025-08-15T22:13:45.791-0500	DEBUG	protocol/handler.go:581	tryAdvanceRound called	{"{current_round 20 3  <nil>}": {"Key":"self","Type":15,"Integer":0,"String":"b","Interface":null}}
2025-08-15T22:13:45.791-0500	DEBUG	protocol/handler.go:581	tryAdvanceRound called	{"{current_round 20 3  <nil>}": {"Key":"self","Type":15,"Integer":0,"String":"c","Interface":null}}
2025-08-15T22:13:45.791-0500	DEBUG	protocol/handler.go:1591	have processed broadcast	{"{round 20 3  <nil>}": {"Key":"from","Type":15,"Integer":0,"String":"a","Interface":null}}
2025-08-15T22:13:45.791-0500	DEBUG	protocol/handler.go:1591	have processed broadcast	{"{round 20 3  <nil>}": {"Key":"from","Type":15,"Integer":0,"String":"c","Interface":null}}
2025-08-15T22:13:45.791-0500	DEBUG	protocol/handler.go:1591	have processed broadcast	{"{round 20 3  <nil>}": {"Key":"from","Type":15,"Integer":0,"String":"a","Interface":null}}
2025-08-15T22:13:45.791-0500	DEBUG	protocol/handler.go:1649	have all messages and processed	{"{round 20 3  <nil>}": {"Key":"self","Type":15,"Integer":0,"String":"b","Interface":null}}
2025-08-15T22:13:45.791-0500	DEBUG	protocol/handler.go:596	round already finalized
2025-08-15T22:13:45.791-0500	DEBUG	protocol/handler.go:1591	have processed broadcast	{"{round 20 3  <nil>}": {"Key":"from","Type":15,"Integer":0,"String":"b","Interface":null}}
2025-08-15T22:13:45.791-0500	DEBUG	protocol/handler.go:1649	have all messages and processed	{"{round 20 3  <nil>}": {"Key":"self","Type":15,"Integer":0,"String":"c","Interface":null}}
2025-08-15T22:13:45.791-0500	DEBUG	protocol/handler.go:596	round already finalized
2025-08-15T22:13:45.797-0500	DEBUG	protocol/handler.go:581	tryAdvanceRound called	{"{current_round 20 3  <nil>}": {"Key":"self","Type":15,"Integer":0,"String":"a","Interface":null}}
2025-08-15T22:13:45.797-0500	DEBUG	protocol/handler.go:1591	have processed broadcast	{"{round 20 3  <nil>}": {"Key":"from","Type":15,"Integer":0,"String":"b","Interface":null}}
2025-08-15T22:13:45.797-0500	DEBUG	protocol/handler.go:1591	have processed broadcast	{"{round 20 3  <nil>}": {"Key":"from","Type":15,"Integer":0,"String":"c","Interface":null}}
2025-08-15T22:13:45.797-0500	DEBUG	protocol/handler.go:1649	have all messages and processed	{"{round 20 3  <nil>}": {"Key":"self","Type":15,"Integer":0,"String":"a","Interface":null}}
2025-08-15T22:13:45.797-0500	DEBUG	protocol/handler.go:596	round already finalized
2025-08-15T22:13:45.801-0500	DEBUG	protocol/handler.go:581	tryAdvanceRound called	{"{current_round 20 3  <nil>}": {"Key":"self","Type":15,"Integer":0,"String":"b","Interface":null}}
2025-08-15T22:13:45.801-0500	DEBUG	protocol/handler.go:581	tryAdvanceRound called	{"{current_round 20 3  <nil>}": {"Key":"self","Type":15,"Integer":0,"String":"c","Interface":null}}
2025-08-15T22:13:45.801-0500	DEBUG	protocol/handler.go:1591	have processed broadcast	{"{round 20 3  <nil>}": {"Key":"from","Type":15,"Integer":0,"String":"a","Interface":null}}
2025-08-15T22:13:45.801-0500	DEBUG	protocol/handler.go:1591	have processed broadcast	{"{round 20 3  <nil>}": {"Key":"from","Type":15,"Integer":0,"String":"a","Interface":null}}
2025-08-15T22:13:45.801-0500	DEBUG	protocol/handler.go:1591	have processed broadcast	{"{round 20 3  <nil>}": {"Key":"from","Type":15,"Integer":0,"String":"c","Interface":null}}
2025-08-15T22:13:45.801-0500	DEBUG	protocol/handler.go:1591	have processed broadcast	{"{round 20 3  <nil>}": {"Key":"from","Type":15,"Integer":0,"String":"b","Interface":null}}
2025-08-15T22:13:45.801-0500	DEBUG	protocol/handler.go:1649	have all messages and processed	{"{round 20 3  <nil>}": {"Key":"self","Type":15,"Integer":0,"String":"b","Interface":null}}
2025-08-15T22:13:45.801-0500	DEBUG	protocol/handler.go:1649	have all messages and processed	{"{round 20 3  <nil>}": {"Key":"self","Type":15,"Integer":0,"String":"c","Interface":null}}
2025-08-15T22:13:45.801-0500	DEBUG	protocol/handler.go:596	round already finalized
2025-08-15T22:13:45.801-0500	DEBUG	protocol/handler.go:596	round already finalized
2025-08-15T22:13:45.807-0500	DEBUG	protocol/handler.go:581	tryAdvanceRound called	{"{current_round 20 3  <nil>}": {"Key":"self","Type":15,"Integer":0,"String":"a","Interface":null}}
2025-08-15T22:13:45.807-0500	DEBUG	protocol/handler.go:1591	have processed broadcast	{"{round 20 3  <nil>}": {"Key":"from","Type":15,"Integer":0,"String":"b","Interface":null}}
2025-08-15T22:13:45.807-0500	DEBUG	protocol/handler.go:1591	have processed broadcast	{"{round 20 3  <nil>}": {"Key":"from","Type":15,"Integer":0,"String":"c","Interface":null}}
2025-08-15T22:13:45.807-0500	DEBUG	protocol/handler.go:1649	have all messages and processed	{"{round 20 3  <nil>}": {"Key":"self","Type":15,"Integer":0,"String":"a","Interface":null}}
2025-08-15T22:13:45.807-0500	DEBUG	protocol/handler.go:596	round already finalized
2025-08-15T22:13:45.811-0500	DEBUG	protocol/handler.go:581	tryAdvanceRound called	{"{current_round 20 3  <nil>}": {"Key":"self","Type":15,"Integer":0,"String":"b","Interface":null}}
2025-08-15T22:13:45.811-0500	DEBUG	protocol/handler.go:581	tryAdvanceRound called	{"{current_round 20 3  <nil>}": {"Key":"self","Type":15,"Integer":0,"String":"c","Interface":null}}
2025-08-15T22:13:45.811-0500	DEBUG	protocol/handler.go:1591	have processed broadcast	{"{round 20 3  <nil>}": {"Key":"from","Type":15,"Integer":0,"String":"a","Interface":null}}
2025-08-15T22:13:45.811-0500	DEBUG	protocol/handler.go:1591	have processed broadcast	{"{round 20 3  <nil>}": {"Key":"from","Type":15,"Integer":0,"String":"a","Interface":null}}
2025-08-15T22:13:45.811-0500	DEBUG	protocol/handler.go:1591	have processed broadcast	{"{round 20 3  <nil>}": {"Key":"from","Type":15,"Integer":0,"String":"c","Interface":null}}
2025-08-15T22:13:45.811-0500	DEBUG	protocol/handler.go:1591	have processed broadcast	{"{round 20 3  <nil>}": {"Key":"from","Type":15,"Integer":0,"String":"b","Interface":null}}
2025-08-15T22:13:45.811-0500	DEBUG	protocol/handler.go:1649	have all messages and processed	{"{round 20 3  <nil>}": {"Key":"self","Type":15,"Integer":0,"String":"b","Interface":null}}
2025-08-15T22:13:45.811-0500	DEBUG	protocol/handler.go:1649	have all messages and processed	{"{round 20 3  <nil>}": {"Key":"self","Type":15,"Integer":0,"String":"c","Interface":null}}
2025-08-15T22:13:45.811-0500	DEBUG	protocol/handler.go:596	round already finalized
2025-08-15T22:13:45.811-0500	DEBUG	protocol/handler.go:596	round already finalized
2025-08-15T22:13:45.817-0500	DEBUG	protocol/handler.go:581	tryAdvanceRound called	{"{current_round 20 3  <nil>}": {"Key":"self","Type":15,"Integer":0,"String":"a","Interface":null}}
2025-08-15T22:13:45.817-0500	DEBUG	protocol/handler.go:1591	have processed broadcast	{"{round 20 3  <nil>}": {"Key":"from","Type":15,"Integer":0,"String":"b","Interface":null}}
2025-08-15T22:13:45.817-0500	DEBUG	protocol/handler.go:1591	have processed broadcast	{"{round 20 3  <nil>}": {"Key":"from","Type":15,"Integer":0,"String":"c","Interface":null}}
2025-08-15T22:13:45.817-0500	DEBUG	protocol/handler.go:1649	have all messages and processed	{"{round 20 3  <nil>}": {"Key":"self","Type":15,"Integer":0,"String":"a","Interface":null}}
2025-08-15T22:13:45.817-0500	DEBUG	protocol/handler.go:596	round already finalized
2025-08-15T22:13:45.818-0500	DEBUG	protocol/handler.go:1039	sendRoundMessage	{"{from 15 0 b <nil>}": {"Key":"to","Type":15,"Integer":0,"String":"a","Interface":null}, "{round 20 4  <nil>}": {"Key":"broadcast","Type":4,"Integer":0,"String":"","Interface":null}}
2025-08-15T22:13:45.818-0500	DEBUG	protocol/handler.go:1081	sent message to output channel	{"{from 15 0 b <nil>}": {"Key":"to","Type":15,"Integer":0,"String":"a","Interface":null}, "{round 20 4  <nil>}": {"Key":"broadcast","Type":4,"Integer":0,"String":"","Interface":null}}
2025-08-15T22:13:45.818-0500	DEBUG	protocol/handler.go:437	processing message	{"{from 15 0 b <nil>}": {"Key":"to","Type":15,"Integer":0,"String":"a","Interface":null}, "{round 20 4  <nil>}": {"Key":"broadcast","Type":4,"Integer":0,"String":"","Interface":null}}
2025-08-15T22:13:45.818-0500	DEBUG	protocol/handler.go:1662	storing message	{"{round 20 4  <nil>}": {"Key":"from","Type":15,"Integer":0,"String":"b","Interface":null}}
2025-08-15T22:13:45.818-0500	DEBUG	protocol/handler.go:470	message for different round (buffering)	{"{msg_round 20 4  <nil>}": {"Key":"current_round","Type":20,"Integer":3,"String":"","Interface":null}}
2025-08-15T22:13:45.818-0500	DEBUG	protocol/handler.go:581	tryAdvanceRound called	{"{current_round 20 3  <nil>}": {"Key":"self","Type":15,"Integer":0,"String":"a","Interface":null}}
2025-08-15T22:13:45.818-0500	DEBUG	protocol/handler.go:1591	have processed broadcast	{"{round 20 3  <nil>}": {"Key":"from","Type":15,"Integer":0,"String":"b","Interface":null}}
2025-08-15T22:13:45.818-0500	DEBUG	protocol/handler.go:1591	have processed broadcast	{"{round 20 3  <nil>}": {"Key":"from","Type":15,"Integer":0,"String":"c","Interface":null}}
2025-08-15T22:13:45.818-0500	DEBUG	protocol/handler.go:1649	have all messages and processed	{"{round 20 3  <nil>}": {"Key":"self","Type":15,"Integer":0,"String":"a","Interface":null}}
2025-08-15T22:13:45.818-0500	DEBUG	protocol/handler.go:596	round already finalized
2025-08-15T22:13:45.821-0500	DEBUG	protocol/handler.go:581	tryAdvanceRound called	{"{current_round 20 3  <nil>}": {"Key":"self","Type":15,"Integer":0,"String":"b","Interface":null}}
2025-08-15T22:13:45.821-0500	DEBUG	protocol/handler.go:581	tryAdvanceRound called	{"{current_round 20 3  <nil>}": {"Key":"self","Type":15,"Integer":0,"String":"c","Interface":null}}
2025-08-15T22:13:45.821-0500	DEBUG	protocol/handler.go:1591	have processed broadcast	{"{round 20 3  <nil>}": {"Key":"from","Type":15,"Integer":0,"String":"a","Interface":null}}
2025-08-15T22:13:45.821-0500	DEBUG	protocol/handler.go:1591	have processed broadcast	{"{round 20 3  <nil>}": {"Key":"from","Type":15,"Integer":0,"String":"a","Interface":null}}
2025-08-15T22:13:45.821-0500	DEBUG	protocol/handler.go:1591	have processed broadcast	{"{round 20 3  <nil>}": {"Key":"from","Type":15,"Integer":0,"String":"c","Interface":null}}
2025-08-15T22:13:45.821-0500	DEBUG	protocol/handler.go:1591	have processed broadcast	{"{round 20 3  <nil>}": {"Key":"from","Type":15,"Integer":0,"String":"b","Interface":null}}
2025-08-15T22:13:45.821-0500	DEBUG	protocol/handler.go:1649	have all messages and processed	{"{round 20 3  <nil>}": {"Key":"self","Type":15,"Integer":0,"String":"b","Interface":null}}
2025-08-15T22:13:45.821-0500	DEBUG	protocol/handler.go:1649	have all messages and processed	{"{round 20 3  <nil>}": {"Key":"self","Type":15,"Integer":0,"String":"c","Interface":null}}
2025-08-15T22:13:45.821-0500	DEBUG	protocol/handler.go:596	round already finalized
2025-08-15T22:13:45.821-0500	DEBUG	protocol/handler.go:596	round already finalized
2025-08-15T22:13:45.827-0500	DEBUG	protocol/handler.go:581	tryAdvanceRound called	{"{current_round 20 3  <nil>}": {"Key":"self","Type":15,"Integer":0,"String":"a","Interface":null}}
2025-08-15T22:13:45.827-0500	DEBUG	protocol/handler.go:1591	have processed broadcast	{"{round 20 3  <nil>}": {"Key":"from","Type":15,"Integer":0,"String":"b","Interface":null}}
2025-08-15T22:13:45.827-0500	DEBUG	protocol/handler.go:1591	have processed broadcast	{"{round 20 3  <nil>}": {"Key":"from","Type":15,"Integer":0,"String":"c","Interface":null}}
2025-08-15T22:13:45.827-0500	DEBUG	protocol/handler.go:1649	have all messages and processed	{"{round 20 3  <nil>}": {"Key":"self","Type":15,"Integer":0,"String":"a","Interface":null}}
2025-08-15T22:13:45.827-0500	DEBUG	protocol/handler.go:596	round already finalized
2025-08-15T22:13:45.831-0500	DEBUG	protocol/handler.go:581	tryAdvanceRound called	{"{current_round 20 3  <nil>}": {"Key":"self","Type":15,"Integer":0,"String":"b","Interface":null}}
2025-08-15T22:13:45.831-0500	DEBUG	protocol/handler.go:581	tryAdvanceRound called	{"{current_round 20 3  <nil>}": {"Key":"self","Type":15,"Integer":0,"String":"c","Interface":null}}
2025-08-15T22:13:45.831-0500	DEBUG	protocol/handler.go:1591	have processed broadcast	{"{round 20 3  <nil>}": {"Key":"from","Type":15,"Integer":0,"String":"a","Interface":null}}
2025-08-15T22:13:45.831-0500	DEBUG	protocol/handler.go:1591	have processed broadcast	{"{round 20 3  <nil>}": {"Key":"from","Type":15,"Integer":0,"String":"a","Interface":null}}
2025-08-15T22:13:45.831-0500	DEBUG	protocol/handler.go:1591	have processed broadcast	{"{round 20 3  <nil>}": {"Key":"from","Type":15,"Integer":0,"String":"c","Interface":null}}
2025-08-15T22:13:45.831-0500	DEBUG	protocol/handler.go:1591	have processed broadcast	{"{round 20 3  <nil>}": {"Key":"from","Type":15,"Integer":0,"String":"b","Interface":null}}
2025-08-15T22:13:45.831-0500	DEBUG	protocol/handler.go:1649	have all messages and processed	{"{round 20 3  <nil>}": {"Key":"self","Type":15,"Integer":0,"String":"b","Interface":null}}
2025-08-15T22:13:45.831-0500	DEBUG	protocol/handler.go:596	round already finalized
2025-08-15T22:13:45.831-0500	DEBUG	protocol/handler.go:1649	have all messages and processed	{"{round 20 3  <nil>}": {"Key":"self","Type":15,"Integer":0,"String":"c","Interface":null}}
2025-08-15T22:13:45.831-0500	DEBUG	protocol/handler.go:596	round already finalized
2025-08-15T22:13:45.837-0500	DEBUG	protocol/handler.go:581	tryAdvanceRound called	{"{current_round 20 3  <nil>}": {"Key":"self","Type":15,"Integer":0,"String":"a","Interface":null}}
2025-08-15T22:13:45.837-0500	DEBUG	protocol/handler.go:1591	have processed broadcast	{"{round 20 3  <nil>}": {"Key":"from","Type":15,"Integer":0,"String":"b","Interface":null}}
2025-08-15T22:13:45.837-0500	DEBUG	protocol/handler.go:1591	have processed broadcast	{"{round 20 3  <nil>}": {"Key":"from","Type":15,"Integer":0,"String":"c","Interface":null}}
2025-08-15T22:13:45.837-0500	DEBUG	protocol/handler.go:1649	have all messages and processed	{"{round 20 3  <nil>}": {"Key":"self","Type":15,"Integer":0,"String":"a","Interface":null}}
2025-08-15T22:13:45.837-0500	DEBUG	protocol/handler.go:596	round already finalized
2025-08-15T22:13:45.841-0500	DEBUG	protocol/handler.go:581	tryAdvanceRound called	{"{current_round 20 3  <nil>}": {"Key":"self","Type":15,"Integer":0,"String":"b","Interface":null}}
2025-08-15T22:13:45.841-0500	DEBUG	protocol/handler.go:581	tryAdvanceRound called	{"{current_round 20 3  <nil>}": {"Key":"self","Type":15,"Integer":0,"String":"c","Interface":null}}
2025-08-15T22:13:45.841-0500	DEBUG	protocol/handler.go:1591	have processed broadcast	{"{round 20 3  <nil>}": {"Key":"from","Type":15,"Integer":0,"String":"a","Interface":null}}
2025-08-15T22:13:45.841-0500	DEBUG	protocol/handler.go:1591	have processed broadcast	{"{round 20 3  <nil>}": {"Key":"from","Type":15,"Integer":0,"String":"a","Interface":null}}
2025-08-15T22:13:45.841-0500	DEBUG	protocol/handler.go:1591	have processed broadcast	{"{round 20 3  <nil>}": {"Key":"from","Type":15,"Integer":0,"String":"c","Interface":null}}
2025-08-15T22:13:45.841-0500	DEBUG	protocol/handler.go:1591	have processed broadcast	{"{round 20 3  <nil>}": {"Key":"from","Type":15,"Integer":0,"String":"b","Interface":null}}
2025-08-15T22:13:45.841-0500	DEBUG	protocol/handler.go:1649	have all messages and processed	{"{round 20 3  <nil>}": {"Key":"self","Type":15,"Integer":0,"String":"b","Interface":null}}
2025-08-15T22:13:45.841-0500	DEBUG	protocol/handler.go:1649	have all messages and processed	{"{round 20 3  <nil>}": {"Key":"self","Type":15,"Integer":0,"String":"c","Interface":null}}
2025-08-15T22:13:45.841-0500	DEBUG	protocol/handler.go:596	round already finalized
2025-08-15T22:13:45.841-0500	DEBUG	protocol/handler.go:596	round already finalized
2025-08-15T22:13:45.847-0500	DEBUG	protocol/handler.go:581	tryAdvanceRound called	{"{current_round 20 3  <nil>}": {"Key":"self","Type":15,"Integer":0,"String":"a","Interface":null}}
2025-08-15T22:13:45.847-0500	DEBUG	protocol/handler.go:1591	have processed broadcast	{"{round 20 3  <nil>}": {"Key":"from","Type":15,"Integer":0,"String":"b","Interface":null}}
2025-08-15T22:13:45.847-0500	DEBUG	protocol/handler.go:1591	have processed broadcast	{"{round 20 3  <nil>}": {"Key":"from","Type":15,"Integer":0,"String":"c","Interface":null}}
2025-08-15T22:13:45.847-0500	DEBUG	protocol/handler.go:1649	have all messages and processed	{"{round 20 3  <nil>}": {"Key":"self","Type":15,"Integer":0,"String":"a","Interface":null}}
2025-08-15T22:13:45.847-0500	DEBUG	protocol/handler.go:596	round already finalized
2025-08-15T22:13:45.851-0500	DEBUG	protocol/handler.go:581	tryAdvanceRound called	{"{current_round 20 3  <nil>}": {"Key":"self","Type":15,"Integer":0,"String":"b","Interface":null}}
2025-08-15T22:13:45.851-0500	DEBUG	protocol/handler.go:581	tryAdvanceRound called	{"{current_round 20 3  <nil>}": {"Key":"self","Type":15,"Integer":0,"String":"c","Interface":null}}
2025-08-15T22:13:45.851-0500	DEBUG	protocol/handler.go:1591	have processed broadcast	{"{round 20 3  <nil>}": {"Key":"from","Type":15,"Integer":0,"String":"a","Interface":null}}
2025-08-15T22:13:45.851-0500	DEBUG	protocol/handler.go:1591	have processed broadcast	{"{round 20 3  <nil>}": {"Key":"from","Type":15,"Integer":0,"String":"a","Interface":null}}
2025-08-15T22:13:45.851-0500	DEBUG	protocol/handler.go:1591	have processed broadcast	{"{round 20 3  <nil>}": {"Key":"from","Type":15,"Integer":0,"String":"c","Interface":null}}
2025-08-15T22:13:45.851-0500	DEBUG	protocol/handler.go:1591	have processed broadcast	{"{round 20 3  <nil>}": {"Key":"from","Type":15,"Integer":0,"String":"b","Interface":null}}
2025-08-15T22:13:45.851-0500	DEBUG	protocol/handler.go:1649	have all messages and processed	{"{round 20 3  <nil>}": {"Key":"self","Type":15,"Integer":0,"String":"b","Interface":null}}
2025-08-15T22:13:45.851-0500	DEBUG	protocol/handler.go:1649	have all messages and processed	{"{round 20 3  <nil>}": {"Key":"self","Type":15,"Integer":0,"String":"c","Interface":null}}
2025-08-15T22:13:45.851-0500	DEBUG	protocol/handler.go:596	round already finalized
2025-08-15T22:13:45.851-0500	DEBUG	protocol/handler.go:596	round already finalized
2025-08-15T22:13:45.857-0500	DEBUG	protocol/handler.go:581	tryAdvanceRound called	{"{current_round 20 3  <nil>}": {"Key":"self","Type":15,"Integer":0,"String":"a","Interface":null}}
2025-08-15T22:13:45.857-0500	DEBUG	protocol/handler.go:1591	have processed broadcast	{"{round 20 3  <nil>}": {"Key":"from","Type":15,"Integer":0,"String":"b","Interface":null}}
2025-08-15T22:13:45.857-0500	DEBUG	protocol/handler.go:1591	have processed broadcast	{"{round 20 3  <nil>}": {"Key":"from","Type":15,"Integer":0,"String":"c","Interface":null}}
2025-08-15T22:13:45.857-0500	DEBUG	protocol/handler.go:1649	have all messages and processed	{"{round 20 3  <nil>}": {"Key":"self","Type":15,"Integer":0,"String":"a","Interface":null}}
2025-08-15T22:13:45.857-0500	DEBUG	protocol/handler.go:596	round already finalized
2025-08-15T22:13:45.861-0500	DEBUG	protocol/handler.go:581	tryAdvanceRound called	{"{current_round 20 3  <nil>}": {"Key":"self","Type":15,"Integer":0,"String":"b","Interface":null}}
2025-08-15T22:13:45.861-0500	DEBUG	protocol/handler.go:581	tryAdvanceRound called	{"{current_round 20 3  <nil>}": {"Key":"self","Type":15,"Integer":0,"String":"c","Interface":null}}
2025-08-15T22:13:45.861-0500	DEBUG	protocol/handler.go:1591	have processed broadcast	{"{round 20 3  <nil>}": {"Key":"from","Type":15,"Integer":0,"String":"a","Interface":null}}
2025-08-15T22:13:45.861-0500	DEBUG	protocol/handler.go:1591	have processed broadcast	{"{round 20 3  <nil>}": {"Key":"from","Type":15,"Integer":0,"String":"a","Interface":null}}
2025-08-15T22:13:45.861-0500	DEBUG	protocol/handler.go:1591	have processed broadcast	{"{round 20 3  <nil>}": {"Key":"from","Type":15,"Integer":0,"String":"c","Interface":null}}
2025-08-15T22:13:45.861-0500	DEBUG	protocol/handler.go:1649	have all messages and processed	{"{round 20 3  <nil>}": {"Key":"self","Type":15,"Integer":0,"String":"b","Interface":null}}
2025-08-15T22:13:45.861-0500	DEBUG	protocol/handler.go:1591	have processed broadcast	{"{round 20 3  <nil>}": {"Key":"from","Type":15,"Integer":0,"String":"b","Interface":null}}
2025-08-15T22:13:45.861-0500	DEBUG	protocol/handler.go:596	round already finalized
2025-08-15T22:13:45.861-0500	DEBUG	protocol/handler.go:1649	have all messages and processed	{"{round 20 3  <nil>}": {"Key":"self","Type":15,"Integer":0,"String":"c","Interface":null}}
2025-08-15T22:13:45.861-0500	DEBUG	protocol/handler.go:596	round already finalized
2025-08-15T22:13:45.867-0500	DEBUG	protocol/handler.go:581	tryAdvanceRound called	{"{current_round 20 3  <nil>}": {"Key":"self","Type":15,"Integer":0,"String":"a","Interface":null}}
2025-08-15T22:13:45.867-0500	DEBUG	protocol/handler.go:1591	have processed broadcast	{"{round 20 3  <nil>}": {"Key":"from","Type":15,"Integer":0,"String":"b","Interface":null}}
2025-08-15T22:13:45.867-0500	DEBUG	protocol/handler.go:1591	have processed broadcast	{"{round 20 3  <nil>}": {"Key":"from","Type":15,"Integer":0,"String":"c","Interface":null}}
2025-08-15T22:13:45.867-0500	DEBUG	protocol/handler.go:1649	have all messages and processed	{"{round 20 3  <nil>}": {"Key":"self","Type":15,"Integer":0,"String":"a","Interface":null}}
2025-08-15T22:13:45.867-0500	DEBUG	protocol/handler.go:596	round already finalized
2025-08-15T22:13:45.871-0500	DEBUG	protocol/handler.go:581	tryAdvanceRound called	{"{current_round 20 3  <nil>}": {"Key":"self","Type":15,"Integer":0,"String":"b","Interface":null}}
2025-08-15T22:13:45.871-0500	DEBUG	protocol/handler.go:581	tryAdvanceRound called	{"{current_round 20 3  <nil>}": {"Key":"self","Type":15,"Integer":0,"String":"c","Interface":null}}
2025-08-15T22:13:45.871-0500	DEBUG	protocol/handler.go:1591	have processed broadcast	{"{round 20 3  <nil>}": {"Key":"from","Type":15,"Integer":0,"String":"a","Interface":null}}
2025-08-15T22:13:45.871-0500	DEBUG	protocol/handler.go:1591	have processed broadcast	{"{round 20 3  <nil>}": {"Key":"from","Type":15,"Integer":0,"String":"c","Interface":null}}
2025-08-15T22:13:45.871-0500	DEBUG	protocol/handler.go:1591	have processed broadcast	{"{round 20 3  <nil>}": {"Key":"from","Type":15,"Integer":0,"String":"a","Interface":null}}
2025-08-15T22:13:45.871-0500	DEBUG	protocol/handler.go:1649	have all messages and processed	{"{round 20 3  <nil>}": {"Key":"self","Type":15,"Integer":0,"String":"b","Interface":null}}
2025-08-15T22:13:45.871-0500	DEBUG	protocol/handler.go:1591	have processed broadcast	{"{round 20 3  <nil>}": {"Key":"from","Type":15,"Integer":0,"String":"b","Interface":null}}
2025-08-15T22:13:45.871-0500	DEBUG	protocol/handler.go:596	round already finalized
2025-08-15T22:13:45.871-0500	DEBUG	protocol/handler.go:1649	have all messages and processed	{"{round 20 3  <nil>}": {"Key":"self","Type":15,"Integer":0,"String":"c","Interface":null}}
2025-08-15T22:13:45.871-0500	DEBUG	protocol/handler.go:596	round already finalized
2025-08-15T22:13:45.877-0500	DEBUG	protocol/handler.go:581	tryAdvanceRound called	{"{current_round 20 3  <nil>}": {"Key":"self","Type":15,"Integer":0,"String":"a","Interface":null}}
2025-08-15T22:13:45.877-0500	DEBUG	protocol/handler.go:1591	have processed broadcast	{"{round 20 3  <nil>}": {"Key":"from","Type":15,"Integer":0,"String":"b","Interface":null}}
2025-08-15T22:13:45.877-0500	DEBUG	protocol/handler.go:1591	have processed broadcast	{"{round 20 3  <nil>}": {"Key":"from","Type":15,"Integer":0,"String":"c","Interface":null}}
2025-08-15T22:13:45.877-0500	DEBUG	protocol/handler.go:1649	have all messages and processed	{"{round 20 3  <nil>}": {"Key":"self","Type":15,"Integer":0,"String":"a","Interface":null}}
2025-08-15T22:13:45.877-0500	DEBUG	protocol/handler.go:596	round already finalized
2025-08-15T22:13:45.881-0500	DEBUG	protocol/handler.go:581	tryAdvanceRound called	{"{current_round 20 3  <nil>}": {"Key":"self","Type":15,"Integer":0,"String":"b","Interface":null}}
2025-08-15T22:13:45.881-0500	DEBUG	protocol/handler.go:581	tryAdvanceRound called	{"{current_round 20 3  <nil>}": {"Key":"self","Type":15,"Integer":0,"String":"c","Interface":null}}
2025-08-15T22:13:45.881-0500	DEBUG	protocol/handler.go:1591	have processed broadcast	{"{round 20 3  <nil>}": {"Key":"from","Type":15,"Integer":0,"String":"a","Interface":null}}
2025-08-15T22:13:45.881-0500	DEBUG	protocol/handler.go:1591	have processed broadcast	{"{round 20 3  <nil>}": {"Key":"from","Type":15,"Integer":0,"String":"a","Interface":null}}
2025-08-15T22:13:45.881-0500	DEBUG	protocol/handler.go:1591	have processed broadcast	{"{round 20 3  <nil>}": {"Key":"from","Type":15,"Integer":0,"String":"c","Interface":null}}
2025-08-15T22:13:45.881-0500	DEBUG	protocol/handler.go:1649	have all messages and processed	{"{round 20 3  <nil>}": {"Key":"self","Type":15,"Integer":0,"String":"b","Interface":null}}
2025-08-15T22:13:45.881-0500	DEBUG	protocol/handler.go:1591	have processed broadcast	{"{round 20 3  <nil>}": {"Key":"from","Type":15,"Integer":0,"String":"b","Interface":null}}
2025-08-15T22:13:45.881-0500	DEBUG	protocol/handler.go:596	round already finalized
2025-08-15T22:13:45.881-0500	DEBUG	protocol/handler.go:1649	have all messages and processed	{"{round 20 3  <nil>}": {"Key":"self","Type":15,"Integer":0,"String":"c","Interface":null}}
2025-08-15T22:13:45.881-0500	DEBUG	protocol/handler.go:596	round already finalized
2025-08-15T22:13:45.887-0500	DEBUG	protocol/handler.go:581	tryAdvanceRound called	{"{current_round 20 3  <nil>}": {"Key":"self","Type":15,"Integer":0,"String":"a","Interface":null}}
2025-08-15T22:13:45.887-0500	DEBUG	protocol/handler.go:1591	have processed broadcast	{"{round 20 3  <nil>}": {"Key":"from","Type":15,"Integer":0,"String":"b","Interface":null}}
2025-08-15T22:13:45.887-0500	DEBUG	protocol/handler.go:1591	have processed broadcast	{"{round 20 3  <nil>}": {"Key":"from","Type":15,"Integer":0,"String":"c","Interface":null}}
2025-08-15T22:13:45.887-0500	DEBUG	protocol/handler.go:1649	have all messages and processed	{"{round 20 3  <nil>}": {"Key":"self","Type":15,"Integer":0,"String":"a","Interface":null}}
2025-08-15T22:13:45.887-0500	DEBUG	protocol/handler.go:596	round already finalized
2025-08-15T22:13:45.891-0500	DEBUG	protocol/handler.go:581	tryAdvanceRound called	{"{current_round 20 3  <nil>}": {"Key":"self","Type":15,"Integer":0,"String":"b","Interface":null}}
2025-08-15T22:13:45.891-0500	DEBUG	protocol/handler.go:581	tryAdvanceRound called	{"{current_round 20 3  <nil>}": {"Key":"self","Type":15,"Integer":0,"String":"c","Interface":null}}
2025-08-15T22:13:45.891-0500	DEBUG	protocol/handler.go:1591	have processed broadcast	{"{round 20 3  <nil>}": {"Key":"from","Type":15,"Integer":0,"String":"a","Interface":null}}
2025-08-15T22:13:45.891-0500	DEBUG	protocol/handler.go:1591	have processed broadcast	{"{round 20 3  <nil>}": {"Key":"from","Type":15,"Integer":0,"String":"a","Interface":null}}
2025-08-15T22:13:45.891-0500	DEBUG	protocol/handler.go:1591	have processed broadcast	{"{round 20 3  <nil>}": {"Key":"from","Type":15,"Integer":0,"String":"c","Interface":null}}
2025-08-15T22:13:45.891-0500	DEBUG	protocol/handler.go:1591	have processed broadcast	{"{round 20 3  <nil>}": {"Key":"from","Type":15,"Integer":0,"String":"b","Interface":null}}
2025-08-15T22:13:45.891-0500	DEBUG	protocol/handler.go:1649	have all messages and processed	{"{round 20 3  <nil>}": {"Key":"self","Type":15,"Integer":0,"String":"b","Interface":null}}
2025-08-15T22:13:45.891-0500	DEBUG	protocol/handler.go:1649	have all messages and processed	{"{round 20 3  <nil>}": {"Key":"self","Type":15,"Integer":0,"String":"c","Interface":null}}
2025-08-15T22:13:45.891-0500	DEBUG	protocol/handler.go:596	round already finalized
2025-08-15T22:13:45.891-0500	DEBUG	protocol/handler.go:596	round already finalized
2025-08-15T22:13:45.893-0500	DEBUG	protocol/handler.go:1039	sendRoundMessage	{"{from 15 0 c <nil>}": {"Key":"to","Type":15,"Integer":0,"String":"a","Interface":null}, "{round 20 4  <nil>}": {"Key":"broadcast","Type":4,"Integer":0,"String":"","Interface":null}}
2025-08-15T22:13:45.894-0500	DEBUG	protocol/handler.go:1081	sent message to output channel	{"{from 15 0 c <nil>}": {"Key":"to","Type":15,"Integer":0,"String":"a","Interface":null}, "{round 20 4  <nil>}": {"Key":"broadcast","Type":4,"Integer":0,"String":"","Interface":null}}
2025-08-15T22:13:45.894-0500	DEBUG	protocol/handler.go:437	processing message	{"{from 15 0 c <nil>}": {"Key":"to","Type":15,"Integer":0,"String":"a","Interface":null}, "{round 20 4  <nil>}": {"Key":"broadcast","Type":4,"Integer":0,"String":"","Interface":null}}
2025-08-15T22:13:45.894-0500	DEBUG	protocol/handler.go:1662	storing message	{"{round 20 4  <nil>}": {"Key":"from","Type":15,"Integer":0,"String":"c","Interface":null}}
2025-08-15T22:13:45.894-0500	DEBUG	protocol/handler.go:470	message for different round (buffering)	{"{msg_round 20 4  <nil>}": {"Key":"current_round","Type":20,"Integer":3,"String":"","Interface":null}}
2025-08-15T22:13:45.894-0500	DEBUG	protocol/handler.go:581	tryAdvanceRound called	{"{current_round 20 3  <nil>}": {"Key":"self","Type":15,"Integer":0,"String":"a","Interface":null}}
2025-08-15T22:13:45.894-0500	DEBUG	protocol/handler.go:1591	have processed broadcast	{"{round 20 3  <nil>}": {"Key":"from","Type":15,"Integer":0,"String":"b","Interface":null}}
2025-08-15T22:13:45.894-0500	DEBUG	protocol/handler.go:1591	have processed broadcast	{"{round 20 3  <nil>}": {"Key":"from","Type":15,"Integer":0,"String":"c","Interface":null}}
2025-08-15T22:13:45.894-0500	DEBUG	protocol/handler.go:1649	have all messages and processed	{"{round 20 3  <nil>}": {"Key":"self","Type":15,"Integer":0,"String":"a","Interface":null}}
2025-08-15T22:13:45.894-0500	DEBUG	protocol/handler.go:596	round already finalized
2025-08-15T22:13:45.897-0500	DEBUG	protocol/handler.go:581	tryAdvanceRound called	{"{current_round 20 3  <nil>}": {"Key":"self","Type":15,"Integer":0,"String":"a","Interface":null}}
2025-08-15T22:13:45.897-0500	DEBUG	protocol/handler.go:1591	have processed broadcast	{"{round 20 3  <nil>}": {"Key":"from","Type":15,"Integer":0,"String":"b","Interface":null}}
2025-08-15T22:13:45.897-0500	DEBUG	protocol/handler.go:1591	have processed broadcast	{"{round 20 3  <nil>}": {"Key":"from","Type":15,"Integer":0,"String":"c","Interface":null}}
2025-08-15T22:13:45.897-0500	DEBUG	protocol/handler.go:1649	have all messages and processed	{"{round 20 3  <nil>}": {"Key":"self","Type":15,"Integer":0,"String":"a","Interface":null}}
2025-08-15T22:13:45.897-0500	DEBUG	protocol/handler.go:596	round already finalized
2025-08-15T22:13:45.901-0500	DEBUG	protocol/handler.go:581	tryAdvanceRound called	{"{current_round 20 3  <nil>}": {"Key":"self","Type":15,"Integer":0,"String":"b","Interface":null}}
2025-08-15T22:13:45.901-0500	DEBUG	protocol/handler.go:581	tryAdvanceRound called	{"{current_round 20 3  <nil>}": {"Key":"self","Type":15,"Integer":0,"String":"c","Interface":null}}
2025-08-15T22:13:45.901-0500	DEBUG	protocol/handler.go:1591	have processed broadcast	{"{round 20 3  <nil>}": {"Key":"from","Type":15,"Integer":0,"String":"a","Interface":null}}
2025-08-15T22:13:45.901-0500	DEBUG	protocol/handler.go:1591	have processed broadcast	{"{round 20 3  <nil>}": {"Key":"from","Type":15,"Integer":0,"String":"a","Interface":null}}
2025-08-15T22:13:45.901-0500	DEBUG	protocol/handler.go:1591	have processed broadcast	{"{round 20 3  <nil>}": {"Key":"from","Type":15,"Integer":0,"String":"c","Interface":null}}
2025-08-15T22:13:45.901-0500	DEBUG	protocol/handler.go:1591	have processed broadcast	{"{round 20 3  <nil>}": {"Key":"from","Type":15,"Integer":0,"String":"b","Interface":null}}
2025-08-15T22:13:45.901-0500	DEBUG	protocol/handler.go:1649	have all messages and processed	{"{round 20 3  <nil>}": {"Key":"self","Type":15,"Integer":0,"String":"b","Interface":null}}
2025-08-15T22:13:45.901-0500	DEBUG	protocol/handler.go:1649	have all messages and processed	{"{round 20 3  <nil>}": {"Key":"self","Type":15,"Integer":0,"String":"c","Interface":null}}
2025-08-15T22:13:45.901-0500	DEBUG	protocol/handler.go:596	round already finalized
2025-08-15T22:13:45.901-0500	DEBUG	protocol/handler.go:596	round already finalized
2025-08-15T22:13:45.907-0500	DEBUG	protocol/handler.go:581	tryAdvanceRound called	{"{current_round 20 3  <nil>}": {"Key":"self","Type":15,"Integer":0,"String":"a","Interface":null}}
2025-08-15T22:13:45.907-0500	DEBUG	protocol/handler.go:1591	have processed broadcast	{"{round 20 3  <nil>}": {"Key":"from","Type":15,"Integer":0,"String":"b","Interface":null}}
2025-08-15T22:13:45.907-0500	DEBUG	protocol/handler.go:1591	have processed broadcast	{"{round 20 3  <nil>}": {"Key":"from","Type":15,"Integer":0,"String":"c","Interface":null}}
2025-08-15T22:13:45.907-0500	DEBUG	protocol/handler.go:1649	have all messages and processed	{"{round 20 3  <nil>}": {"Key":"self","Type":15,"Integer":0,"String":"a","Interface":null}}
2025-08-15T22:13:45.907-0500	DEBUG	protocol/handler.go:596	round already finalized
2025-08-15T22:13:45.911-0500	DEBUG	protocol/handler.go:581	tryAdvanceRound called	{"{current_round 20 3  <nil>}": {"Key":"self","Type":15,"Integer":0,"String":"b","Interface":null}}
2025-08-15T22:13:45.911-0500	DEBUG	protocol/handler.go:581	tryAdvanceRound called	{"{current_round 20 3  <nil>}": {"Key":"self","Type":15,"Integer":0,"String":"c","Interface":null}}
2025-08-15T22:13:45.911-0500	DEBUG	protocol/handler.go:1591	have processed broadcast	{"{round 20 3  <nil>}": {"Key":"from","Type":15,"Integer":0,"String":"a","Interface":null}}
2025-08-15T22:13:45.911-0500	DEBUG	protocol/handler.go:1591	have processed broadcast	{"{round 20 3  <nil>}": {"Key":"from","Type":15,"Integer":0,"String":"a","Interface":null}}
2025-08-15T22:13:45.911-0500	DEBUG	protocol/handler.go:1591	have processed broadcast	{"{round 20 3  <nil>}": {"Key":"from","Type":15,"Integer":0,"String":"c","Interface":null}}
2025-08-15T22:13:45.911-0500	DEBUG	protocol/handler.go:1591	have processed broadcast	{"{round 20 3  <nil>}": {"Key":"from","Type":15,"Integer":0,"String":"b","Interface":null}}
2025-08-15T22:13:45.911-0500	DEBUG	protocol/handler.go:1649	have all messages and processed	{"{round 20 3  <nil>}": {"Key":"self","Type":15,"Integer":0,"String":"b","Interface":null}}
2025-08-15T22:13:45.911-0500	DEBUG	protocol/handler.go:1649	have all messages and processed	{"{round 20 3  <nil>}": {"Key":"self","Type":15,"Integer":0,"String":"c","Interface":null}}
2025-08-15T22:13:45.911-0500	DEBUG	protocol/handler.go:596	round already finalized
2025-08-15T22:13:45.911-0500	DEBUG	protocol/handler.go:596	round already finalized
2025-08-15T22:13:45.917-0500	DEBUG	protocol/handler.go:581	tryAdvanceRound called	{"{current_round 20 3  <nil>}": {"Key":"self","Type":15,"Integer":0,"String":"a","Interface":null}}
2025-08-15T22:13:45.917-0500	DEBUG	protocol/handler.go:1591	have processed broadcast	{"{round 20 3  <nil>}": {"Key":"from","Type":15,"Integer":0,"String":"b","Interface":null}}
2025-08-15T22:13:45.917-0500	DEBUG	protocol/handler.go:1591	have processed broadcast	{"{round 20 3  <nil>}": {"Key":"from","Type":15,"Integer":0,"String":"c","Interface":null}}
2025-08-15T22:13:45.917-0500	DEBUG	protocol/handler.go:1649	have all messages and processed	{"{round 20 3  <nil>}": {"Key":"self","Type":15,"Integer":0,"String":"a","Interface":null}}
2025-08-15T22:13:45.917-0500	DEBUG	protocol/handler.go:596	round already finalized
2025-08-15T22:13:45.921-0500	DEBUG	protocol/handler.go:581	tryAdvanceRound called	{"{current_round 20 3  <nil>}": {"Key":"self","Type":15,"Integer":0,"String":"b","Interface":null}}
2025-08-15T22:13:45.921-0500	DEBUG	protocol/handler.go:581	tryAdvanceRound called	{"{current_round 20 3  <nil>}": {"Key":"self","Type":15,"Integer":0,"String":"c","Interface":null}}
2025-08-15T22:13:45.921-0500	DEBUG	protocol/handler.go:1591	have processed broadcast	{"{round 20 3  <nil>}": {"Key":"from","Type":15,"Integer":0,"String":"a","Interface":null}}
2025-08-15T22:13:45.921-0500	DEBUG	protocol/handler.go:1591	have processed broadcast	{"{round 20 3  <nil>}": {"Key":"from","Type":15,"Integer":0,"String":"a","Interface":null}}
2025-08-15T22:13:45.921-0500	DEBUG	protocol/handler.go:1591	have processed broadcast	{"{round 20 3  <nil>}": {"Key":"from","Type":15,"Integer":0,"String":"c","Interface":null}}
2025-08-15T22:13:45.921-0500	DEBUG	protocol/handler.go:1591	have processed broadcast	{"{round 20 3  <nil>}": {"Key":"from","Type":15,"Integer":0,"String":"b","Interface":null}}
2025-08-15T22:13:45.921-0500	DEBUG	protocol/handler.go:1649	have all messages and processed	{"{round 20 3  <nil>}": {"Key":"self","Type":15,"Integer":0,"String":"b","Interface":null}}
2025-08-15T22:13:45.921-0500	DEBUG	protocol/handler.go:1649	have all messages and processed	{"{round 20 3  <nil>}": {"Key":"self","Type":15,"Integer":0,"String":"c","Interface":null}}
2025-08-15T22:13:45.921-0500	DEBUG	protocol/handler.go:596	round already finalized
2025-08-15T22:13:45.921-0500	DEBUG	protocol/handler.go:596	round already finalized
2025-08-15T22:13:45.927-0500	DEBUG	protocol/handler.go:581	tryAdvanceRound called	{"{current_round 20 3  <nil>}": {"Key":"self","Type":15,"Integer":0,"String":"a","Interface":null}}
2025-08-15T22:13:45.927-0500	DEBUG	protocol/handler.go:1591	have processed broadcast	{"{round 20 3  <nil>}": {"Key":"from","Type":15,"Integer":0,"String":"b","Interface":null}}
2025-08-15T22:13:45.927-0500	DEBUG	protocol/handler.go:1591	have processed broadcast	{"{round 20 3  <nil>}": {"Key":"from","Type":15,"Integer":0,"String":"c","Interface":null}}
2025-08-15T22:13:45.927-0500	DEBUG	protocol/handler.go:1649	have all messages and processed	{"{round 20 3  <nil>}": {"Key":"self","Type":15,"Integer":0,"String":"a","Interface":null}}
2025-08-15T22:13:45.927-0500	DEBUG	protocol/handler.go:596	round already finalized
2025-08-15T22:13:45.931-0500	DEBUG	protocol/handler.go:581	tryAdvanceRound called	{"{current_round 20 3  <nil>}": {"Key":"self","Type":15,"Integer":0,"String":"b","Interface":null}}
2025-08-15T22:13:45.931-0500	DEBUG	protocol/handler.go:581	tryAdvanceRound called	{"{current_round 20 3  <nil>}": {"Key":"self","Type":15,"Integer":0,"String":"c","Interface":null}}
2025-08-15T22:13:45.931-0500	DEBUG	protocol/handler.go:1591	have processed broadcast	{"{round 20 3  <nil>}": {"Key":"from","Type":15,"Integer":0,"String":"a","Interface":null}}
2025-08-15T22:13:45.931-0500	DEBUG	protocol/handler.go:1591	have processed broadcast	{"{round 20 3  <nil>}": {"Key":"from","Type":15,"Integer":0,"String":"a","Interface":null}}
2025-08-15T22:13:45.931-0500	DEBUG	protocol/handler.go:1591	have processed broadcast	{"{round 20 3  <nil>}": {"Key":"from","Type":15,"Integer":0,"String":"c","Interface":null}}
2025-08-15T22:13:45.931-0500	DEBUG	protocol/handler.go:1591	have processed broadcast	{"{round 20 3  <nil>}": {"Key":"from","Type":15,"Integer":0,"String":"b","Interface":null}}
2025-08-15T22:13:45.931-0500	DEBUG	protocol/handler.go:1649	have all messages and processed	{"{round 20 3  <nil>}": {"Key":"self","Type":15,"Integer":0,"String":"b","Interface":null}}
2025-08-15T22:13:45.931-0500	DEBUG	protocol/handler.go:1649	have all messages and processed	{"{round 20 3  <nil>}": {"Key":"self","Type":15,"Integer":0,"String":"c","Interface":null}}
2025-08-15T22:13:45.931-0500	DEBUG	protocol/handler.go:596	round already finalized
2025-08-15T22:13:45.931-0500	DEBUG	protocol/handler.go:596	round already finalized
2025-08-15T22:13:45.937-0500	DEBUG	protocol/handler.go:581	tryAdvanceRound called	{"{current_round 20 3  <nil>}": {"Key":"self","Type":15,"Integer":0,"String":"a","Interface":null}}
2025-08-15T22:13:45.937-0500	DEBUG	protocol/handler.go:1591	have processed broadcast	{"{round 20 3  <nil>}": {"Key":"from","Type":15,"Integer":0,"String":"b","Interface":null}}
2025-08-15T22:13:45.937-0500	DEBUG	protocol/handler.go:1591	have processed broadcast	{"{round 20 3  <nil>}": {"Key":"from","Type":15,"Integer":0,"String":"c","Interface":null}}
2025-08-15T22:13:45.937-0500	DEBUG	protocol/handler.go:1649	have all messages and processed	{"{round 20 3  <nil>}": {"Key":"self","Type":15,"Integer":0,"String":"a","Interface":null}}
2025-08-15T22:13:45.937-0500	DEBUG	protocol/handler.go:596	round already finalized
2025-08-15T22:13:45.941-0500	DEBUG	protocol/handler.go:581	tryAdvanceRound called	{"{current_round 20 3  <nil>}": {"Key":"self","Type":15,"Integer":0,"String":"b","Interface":null}}
2025-08-15T22:13:45.941-0500	DEBUG	protocol/handler.go:581	tryAdvanceRound called	{"{current_round 20 3  <nil>}": {"Key":"self","Type":15,"Integer":0,"String":"c","Interface":null}}
2025-08-15T22:13:45.941-0500	DEBUG	protocol/handler.go:1591	have processed broadcast	{"{round 20 3  <nil>}": {"Key":"from","Type":15,"Integer":0,"String":"a","Interface":null}}
2025-08-15T22:13:45.941-0500	DEBUG	protocol/handler.go:1591	have processed broadcast	{"{round 20 3  <nil>}": {"Key":"from","Type":15,"Integer":0,"String":"a","Interface":null}}
2025-08-15T22:13:45.941-0500	DEBUG	protocol/handler.go:1591	have processed broadcast	{"{round 20 3  <nil>}": {"Key":"from","Type":15,"Integer":0,"String":"c","Interface":null}}
2025-08-15T22:13:45.941-0500	DEBUG	protocol/handler.go:1591	have processed broadcast	{"{round 20 3  <nil>}": {"Key":"from","Type":15,"Integer":0,"String":"b","Interface":null}}
2025-08-15T22:13:45.941-0500	DEBUG	protocol/handler.go:1649	have all messages and processed	{"{round 20 3  <nil>}": {"Key":"self","Type":15,"Integer":0,"String":"b","Interface":null}}
2025-08-15T22:13:45.941-0500	DEBUG	protocol/handler.go:1649	have all messages and processed	{"{round 20 3  <nil>}": {"Key":"self","Type":15,"Integer":0,"String":"c","Interface":null}}
2025-08-15T22:13:45.941-0500	DEBUG	protocol/handler.go:596	round already finalized
2025-08-15T22:13:45.941-0500	DEBUG	protocol/handler.go:596	round already finalized
2025-08-15T22:13:45.947-0500	DEBUG	protocol/handler.go:581	tryAdvanceRound called	{"{current_round 20 3  <nil>}": {"Key":"self","Type":15,"Integer":0,"String":"a","Interface":null}}
2025-08-15T22:13:45.947-0500	DEBUG	protocol/handler.go:1591	have processed broadcast	{"{round 20 3  <nil>}": {"Key":"from","Type":15,"Integer":0,"String":"b","Interface":null}}
2025-08-15T22:13:45.947-0500	DEBUG	protocol/handler.go:1591	have processed broadcast	{"{round 20 3  <nil>}": {"Key":"from","Type":15,"Integer":0,"String":"c","Interface":null}}
2025-08-15T22:13:45.947-0500	DEBUG	protocol/handler.go:1649	have all messages and processed	{"{round 20 3  <nil>}": {"Key":"self","Type":15,"Integer":0,"String":"a","Interface":null}}
2025-08-15T22:13:45.947-0500	DEBUG	protocol/handler.go:596	round already finalized
2025-08-15T22:13:45.951-0500	DEBUG	protocol/handler.go:581	tryAdvanceRound called	{"{current_round 20 3  <nil>}": {"Key":"self","Type":15,"Integer":0,"String":"b","Interface":null}}
2025-08-15T22:13:45.951-0500	DEBUG	protocol/handler.go:581	tryAdvanceRound called	{"{current_round 20 3  <nil>}": {"Key":"self","Type":15,"Integer":0,"String":"c","Interface":null}}
2025-08-15T22:13:45.951-0500	DEBUG	protocol/handler.go:1591	have processed broadcast	{"{round 20 3  <nil>}": {"Key":"from","Type":15,"Integer":0,"String":"a","Interface":null}}
2025-08-15T22:13:45.951-0500	DEBUG	protocol/handler.go:1591	have processed broadcast	{"{round 20 3  <nil>}": {"Key":"from","Type":15,"Integer":0,"String":"a","Interface":null}}
2025-08-15T22:13:45.951-0500	DEBUG	protocol/handler.go:1591	have processed broadcast	{"{round 20 3  <nil>}": {"Key":"from","Type":15,"Integer":0,"String":"c","Interface":null}}
2025-08-15T22:13:45.951-0500	DEBUG	protocol/handler.go:1591	have processed broadcast	{"{round 20 3  <nil>}": {"Key":"from","Type":15,"Integer":0,"String":"b","Interface":null}}
2025-08-15T22:13:45.951-0500	DEBUG	protocol/handler.go:1649	have all messages and processed	{"{round 20 3  <nil>}": {"Key":"self","Type":15,"Integer":0,"String":"b","Interface":null}}
2025-08-15T22:13:45.951-0500	DEBUG	protocol/handler.go:596	round already finalized
2025-08-15T22:13:45.951-0500	DEBUG	protocol/handler.go:1649	have all messages and processed	{"{round 20 3  <nil>}": {"Key":"self","Type":15,"Integer":0,"String":"c","Interface":null}}
2025-08-15T22:13:45.951-0500	DEBUG	protocol/handler.go:596	round already finalized
2025-08-15T22:13:45.957-0500	DEBUG	protocol/handler.go:581	tryAdvanceRound called	{"{current_round 20 3  <nil>}": {"Key":"self","Type":15,"Integer":0,"String":"a","Interface":null}}
2025-08-15T22:13:45.957-0500	DEBUG	protocol/handler.go:1591	have processed broadcast	{"{round 20 3  <nil>}": {"Key":"from","Type":15,"Integer":0,"String":"b","Interface":null}}
2025-08-15T22:13:45.957-0500	DEBUG	protocol/handler.go:1591	have processed broadcast	{"{round 20 3  <nil>}": {"Key":"from","Type":15,"Integer":0,"String":"c","Interface":null}}
2025-08-15T22:13:45.957-0500	DEBUG	protocol/handler.go:1649	have all messages and processed	{"{round 20 3  <nil>}": {"Key":"self","Type":15,"Integer":0,"String":"a","Interface":null}}
2025-08-15T22:13:45.957-0500	DEBUG	protocol/handler.go:596	round already finalized
2025-08-15T22:13:45.961-0500	DEBUG	protocol/handler.go:581	tryAdvanceRound called	{"{current_round 20 3  <nil>}": {"Key":"self","Type":15,"Integer":0,"String":"b","Interface":null}}
2025-08-15T22:13:45.961-0500	DEBUG	protocol/handler.go:581	tryAdvanceRound called	{"{current_round 20 3  <nil>}": {"Key":"self","Type":15,"Integer":0,"String":"c","Interface":null}}
2025-08-15T22:13:45.961-0500	DEBUG	protocol/handler.go:1591	have processed broadcast	{"{round 20 3  <nil>}": {"Key":"from","Type":15,"Integer":0,"String":"a","Interface":null}}
2025-08-15T22:13:45.961-0500	DEBUG	protocol/handler.go:1591	have processed broadcast	{"{round 20 3  <nil>}": {"Key":"from","Type":15,"Integer":0,"String":"a","Interface":null}}
2025-08-15T22:13:45.961-0500	DEBUG	protocol/handler.go:1591	have processed broadcast	{"{round 20 3  <nil>}": {"Key":"from","Type":15,"Integer":0,"String":"c","Interface":null}}
2025-08-15T22:13:45.961-0500	DEBUG	protocol/handler.go:1591	have processed broadcast	{"{round 20 3  <nil>}": {"Key":"from","Type":15,"Integer":0,"String":"b","Interface":null}}
2025-08-15T22:13:45.961-0500	DEBUG	protocol/handler.go:1649	have all messages and processed	{"{round 20 3  <nil>}": {"Key":"self","Type":15,"Integer":0,"String":"b","Interface":null}}
2025-08-15T22:13:45.961-0500	DEBUG	protocol/handler.go:1649	have all messages and processed	{"{round 20 3  <nil>}": {"Key":"self","Type":15,"Integer":0,"String":"c","Interface":null}}
2025-08-15T22:13:45.961-0500	DEBUG	protocol/handler.go:596	round already finalized
2025-08-15T22:13:45.961-0500	DEBUG	protocol/handler.go:596	round already finalized
2025-08-15T22:13:45.967-0500	DEBUG	protocol/handler.go:581	tryAdvanceRound called	{"{current_round 20 3  <nil>}": {"Key":"self","Type":15,"Integer":0,"String":"a","Interface":null}}
2025-08-15T22:13:45.967-0500	DEBUG	protocol/handler.go:1591	have processed broadcast	{"{round 20 3  <nil>}": {"Key":"from","Type":15,"Integer":0,"String":"b","Interface":null}}
2025-08-15T22:13:45.967-0500	DEBUG	protocol/handler.go:1591	have processed broadcast	{"{round 20 3  <nil>}": {"Key":"from","Type":15,"Integer":0,"String":"c","Interface":null}}
2025-08-15T22:13:45.967-0500	DEBUG	protocol/handler.go:1649	have all messages and processed	{"{round 20 3  <nil>}": {"Key":"self","Type":15,"Integer":0,"String":"a","Interface":null}}
2025-08-15T22:13:45.967-0500	DEBUG	protocol/handler.go:596	round already finalized
2025-08-15T22:13:45.971-0500	DEBUG	protocol/handler.go:581	tryAdvanceRound called	{"{current_round 20 3  <nil>}": {"Key":"self","Type":15,"Integer":0,"String":"b","Interface":null}}
2025-08-15T22:13:45.971-0500	DEBUG	protocol/handler.go:581	tryAdvanceRound called	{"{current_round 20 3  <nil>}": {"Key":"self","Type":15,"Integer":0,"String":"c","Interface":null}}
2025-08-15T22:13:45.971-0500	DEBUG	protocol/handler.go:1591	have processed broadcast	{"{round 20 3  <nil>}": {"Key":"from","Type":15,"Integer":0,"String":"a","Interface":null}}
2025-08-15T22:13:45.971-0500	DEBUG	protocol/handler.go:1591	have processed broadcast	{"{round 20 3  <nil>}": {"Key":"from","Type":15,"Integer":0,"String":"a","Interface":null}}
2025-08-15T22:13:45.971-0500	DEBUG	protocol/handler.go:1591	have processed broadcast	{"{round 20 3  <nil>}": {"Key":"from","Type":15,"Integer":0,"String":"c","Interface":null}}
2025-08-15T22:13:45.971-0500	DEBUG	protocol/handler.go:1649	have all messages and processed	{"{round 20 3  <nil>}": {"Key":"self","Type":15,"Integer":0,"String":"b","Interface":null}}
2025-08-15T22:13:45.971-0500	DEBUG	protocol/handler.go:1591	have processed broadcast	{"{round 20 3  <nil>}": {"Key":"from","Type":15,"Integer":0,"String":"b","Interface":null}}
2025-08-15T22:13:45.971-0500	DEBUG	protocol/handler.go:596	round already finalized
2025-08-15T22:13:45.971-0500	DEBUG	protocol/handler.go:1649	have all messages and processed	{"{round 20 3  <nil>}": {"Key":"self","Type":15,"Integer":0,"String":"c","Interface":null}}
2025-08-15T22:13:45.971-0500	DEBUG	protocol/handler.go:596	round already finalized
2025-08-15T22:13:45.977-0500	DEBUG	protocol/handler.go:581	tryAdvanceRound called	{"{current_round 20 3  <nil>}": {"Key":"self","Type":15,"Integer":0,"String":"a","Interface":null}}
2025-08-15T22:13:45.977-0500	DEBUG	protocol/handler.go:1591	have processed broadcast	{"{round 20 3  <nil>}": {"Key":"from","Type":15,"Integer":0,"String":"b","Interface":null}}
2025-08-15T22:13:45.977-0500	DEBUG	protocol/handler.go:1591	have processed broadcast	{"{round 20 3  <nil>}": {"Key":"from","Type":15,"Integer":0,"String":"c","Interface":null}}
2025-08-15T22:13:45.977-0500	DEBUG	protocol/handler.go:1649	have all messages and processed	{"{round 20 3  <nil>}": {"Key":"self","Type":15,"Integer":0,"String":"a","Interface":null}}
2025-08-15T22:13:45.977-0500	DEBUG	protocol/handler.go:596	round already finalized
2025-08-15T22:13:45.981-0500	DEBUG	protocol/handler.go:581	tryAdvanceRound called	{"{current_round 20 3  <nil>}": {"Key":"self","Type":15,"Integer":0,"String":"b","Interface":null}}
2025-08-15T22:13:45.981-0500	DEBUG	protocol/handler.go:581	tryAdvanceRound called	{"{current_round 20 3  <nil>}": {"Key":"self","Type":15,"Integer":0,"String":"c","Interface":null}}
2025-08-15T22:13:45.981-0500	DEBUG	protocol/handler.go:1591	have processed broadcast	{"{round 20 3  <nil>}": {"Key":"from","Type":15,"Integer":0,"String":"a","Interface":null}}
2025-08-15T22:13:45.981-0500	DEBUG	protocol/handler.go:1591	have processed broadcast	{"{round 20 3  <nil>}": {"Key":"from","Type":15,"Integer":0,"String":"a","Interface":null}}
2025-08-15T22:13:45.981-0500	DEBUG	protocol/handler.go:1591	have processed broadcast	{"{round 20 3  <nil>}": {"Key":"from","Type":15,"Integer":0,"String":"c","Interface":null}}
2025-08-15T22:13:45.981-0500	DEBUG	protocol/handler.go:1591	have processed broadcast	{"{round 20 3  <nil>}": {"Key":"from","Type":15,"Integer":0,"String":"b","Interface":null}}
2025-08-15T22:13:45.981-0500	DEBUG	protocol/handler.go:1649	have all messages and processed	{"{round 20 3  <nil>}": {"Key":"self","Type":15,"Integer":0,"String":"b","Interface":null}}
2025-08-15T22:13:45.981-0500	DEBUG	protocol/handler.go:1649	have all messages and processed	{"{round 20 3  <nil>}": {"Key":"self","Type":15,"Integer":0,"String":"c","Interface":null}}
2025-08-15T22:13:45.981-0500	DEBUG	protocol/handler.go:596	round already finalized
2025-08-15T22:13:45.981-0500	DEBUG	protocol/handler.go:596	round already finalized
2025-08-15T22:13:45.987-0500	DEBUG	protocol/handler.go:581	tryAdvanceRound called	{"{current_round 20 3  <nil>}": {"Key":"self","Type":15,"Integer":0,"String":"a","Interface":null}}
2025-08-15T22:13:45.987-0500	DEBUG	protocol/handler.go:1591	have processed broadcast	{"{round 20 3  <nil>}": {"Key":"from","Type":15,"Integer":0,"String":"b","Interface":null}}
2025-08-15T22:13:45.987-0500	DEBUG	protocol/handler.go:1591	have processed broadcast	{"{round 20 3  <nil>}": {"Key":"from","Type":15,"Integer":0,"String":"c","Interface":null}}
2025-08-15T22:13:45.987-0500	DEBUG	protocol/handler.go:1649	have all messages and processed	{"{round 20 3  <nil>}": {"Key":"self","Type":15,"Integer":0,"String":"a","Interface":null}}
2025-08-15T22:13:45.987-0500	DEBUG	protocol/handler.go:596	round already finalized
2025-08-15T22:13:45.991-0500	DEBUG	protocol/handler.go:581	tryAdvanceRound called	{"{current_round 20 3  <nil>}": {"Key":"self","Type":15,"Integer":0,"String":"b","Interface":null}}
2025-08-15T22:13:45.991-0500	DEBUG	protocol/handler.go:581	tryAdvanceRound called	{"{current_round 20 3  <nil>}": {"Key":"self","Type":15,"Integer":0,"String":"c","Interface":null}}
2025-08-15T22:13:45.991-0500	DEBUG	protocol/handler.go:1591	have processed broadcast	{"{round 20 3  <nil>}": {"Key":"from","Type":15,"Integer":0,"String":"a","Interface":null}}
2025-08-15T22:13:45.991-0500	DEBUG	protocol/handler.go:1591	have processed broadcast	{"{round 20 3  <nil>}": {"Key":"from","Type":15,"Integer":0,"String":"a","Interface":null}}
2025-08-15T22:13:45.991-0500	DEBUG	protocol/handler.go:1591	have processed broadcast	{"{round 20 3  <nil>}": {"Key":"from","Type":15,"Integer":0,"String":"c","Interface":null}}
2025-08-15T22:13:45.991-0500	DEBUG	protocol/handler.go:1591	have processed broadcast	{"{round 20 3  <nil>}": {"Key":"from","Type":15,"Integer":0,"String":"b","Interface":null}}
2025-08-15T22:13:45.991-0500	DEBUG	protocol/handler.go:1649	have all messages and processed	{"{round 20 3  <nil>}": {"Key":"self","Type":15,"Integer":0,"String":"b","Interface":null}}
2025-08-15T22:13:45.991-0500	DEBUG	protocol/handler.go:1649	have all messages and processed	{"{round 20 3  <nil>}": {"Key":"self","Type":15,"Integer":0,"String":"c","Interface":null}}
2025-08-15T22:13:45.991-0500	DEBUG	protocol/handler.go:596	round already finalized
2025-08-15T22:13:45.991-0500	DEBUG	protocol/handler.go:596	round already finalized
2025-08-15T22:13:45.997-0500	DEBUG	protocol/handler.go:581	tryAdvanceRound called	{"{current_round 20 3  <nil>}": {"Key":"self","Type":15,"Integer":0,"String":"a","Interface":null}}
2025-08-15T22:13:45.997-0500	DEBUG	protocol/handler.go:1591	have processed broadcast	{"{round 20 3  <nil>}": {"Key":"from","Type":15,"Integer":0,"String":"b","Interface":null}}
2025-08-15T22:13:45.997-0500	DEBUG	protocol/handler.go:1591	have processed broadcast	{"{round 20 3  <nil>}": {"Key":"from","Type":15,"Integer":0,"String":"c","Interface":null}}
2025-08-15T22:13:45.997-0500	DEBUG	protocol/handler.go:1649	have all messages and processed	{"{round 20 3  <nil>}": {"Key":"self","Type":15,"Integer":0,"String":"a","Interface":null}}
2025-08-15T22:13:45.997-0500	DEBUG	protocol/handler.go:596	round already finalized
2025-08-15T22:13:46.001-0500	DEBUG	protocol/handler.go:581	tryAdvanceRound called	{"{current_round 20 3  <nil>}": {"Key":"self","Type":15,"Integer":0,"String":"b","Interface":null}}
2025-08-15T22:13:46.001-0500	DEBUG	protocol/handler.go:581	tryAdvanceRound called	{"{current_round 20 3  <nil>}": {"Key":"self","Type":15,"Integer":0,"String":"c","Interface":null}}
2025-08-15T22:13:46.001-0500	DEBUG	protocol/handler.go:1591	have processed broadcast	{"{round 20 3  <nil>}": {"Key":"from","Type":15,"Integer":0,"String":"a","Interface":null}}
2025-08-15T22:13:46.001-0500	DEBUG	protocol/handler.go:1591	have processed broadcast	{"{round 20 3  <nil>}": {"Key":"from","Type":15,"Integer":0,"String":"c","Interface":null}}
2025-08-15T22:13:46.001-0500	DEBUG	protocol/handler.go:1591	have processed broadcast	{"{round 20 3  <nil>}": {"Key":"from","Type":15,"Integer":0,"String":"a","Interface":null}}
2025-08-15T22:13:46.001-0500	DEBUG	protocol/handler.go:1649	have all messages and processed	{"{round 20 3  <nil>}": {"Key":"self","Type":15,"Integer":0,"String":"b","Interface":null}}
2025-08-15T22:13:46.001-0500	DEBUG	protocol/handler.go:1591	have processed broadcast	{"{round 20 3  <nil>}": {"Key":"from","Type":15,"Integer":0,"String":"b","Interface":null}}
2025-08-15T22:13:46.001-0500	DEBUG	protocol/handler.go:596	round already finalized
2025-08-15T22:13:46.001-0500	DEBUG	protocol/handler.go:1649	have all messages and processed	{"{round 20 3  <nil>}": {"Key":"self","Type":15,"Integer":0,"String":"c","Interface":null}}
2025-08-15T22:13:46.001-0500	DEBUG	protocol/handler.go:596	round already finalized
2025-08-15T22:13:46.006-0500	DEBUG	protocol/handler.go:581	tryAdvanceRound called	{"{current_round 20 3  <nil>}": {"Key":"self","Type":15,"Integer":0,"String":"a","Interface":null}}
2025-08-15T22:13:46.006-0500	DEBUG	protocol/handler.go:1591	have processed broadcast	{"{round 20 3  <nil>}": {"Key":"from","Type":15,"Integer":0,"String":"b","Interface":null}}
2025-08-15T22:13:46.006-0500	DEBUG	protocol/handler.go:1591	have processed broadcast	{"{round 20 3  <nil>}": {"Key":"from","Type":15,"Integer":0,"String":"c","Interface":null}}
2025-08-15T22:13:46.007-0500	DEBUG	protocol/handler.go:1649	have all messages and processed	{"{round 20 3  <nil>}": {"Key":"self","Type":15,"Integer":0,"String":"a","Interface":null}}
2025-08-15T22:13:46.007-0500	DEBUG	protocol/handler.go:596	round already finalized
2025-08-15T22:13:46.011-0500	DEBUG	protocol/handler.go:581	tryAdvanceRound called	{"{current_round 20 3  <nil>}": {"Key":"self","Type":15,"Integer":0,"String":"c","Interface":null}}
2025-08-15T22:13:46.011-0500	DEBUG	protocol/handler.go:581	tryAdvanceRound called	{"{current_round 20 3  <nil>}": {"Key":"self","Type":15,"Integer":0,"String":"b","Interface":null}}
2025-08-15T22:13:46.011-0500	DEBUG	protocol/handler.go:1591	have processed broadcast	{"{round 20 3  <nil>}": {"Key":"from","Type":15,"Integer":0,"String":"a","Interface":null}}
2025-08-15T22:13:46.011-0500	DEBUG	protocol/handler.go:1591	have processed broadcast	{"{round 20 3  <nil>}": {"Key":"from","Type":15,"Integer":0,"String":"a","Interface":null}}
2025-08-15T22:13:46.011-0500	DEBUG	protocol/handler.go:1591	have processed broadcast	{"{round 20 3  <nil>}": {"Key":"from","Type":15,"Integer":0,"String":"b","Interface":null}}
2025-08-15T22:13:46.011-0500	DEBUG	protocol/handler.go:1591	have processed broadcast	{"{round 20 3  <nil>}": {"Key":"from","Type":15,"Integer":0,"String":"c","Interface":null}}
2025-08-15T22:13:46.011-0500	DEBUG	protocol/handler.go:1649	have all messages and processed	{"{round 20 3  <nil>}": {"Key":"self","Type":15,"Integer":0,"String":"c","Interface":null}}
2025-08-15T22:13:46.011-0500	DEBUG	protocol/handler.go:1649	have all messages and processed	{"{round 20 3  <nil>}": {"Key":"self","Type":15,"Integer":0,"String":"b","Interface":null}}
2025-08-15T22:13:46.011-0500	DEBUG	protocol/handler.go:596	round already finalized
2025-08-15T22:13:46.011-0500	DEBUG	protocol/handler.go:596	round already finalized
2025-08-15T22:13:46.017-0500	DEBUG	protocol/handler.go:581	tryAdvanceRound called	{"{current_round 20 3  <nil>}": {"Key":"self","Type":15,"Integer":0,"String":"a","Interface":null}}
2025-08-15T22:13:46.017-0500	DEBUG	protocol/handler.go:1591	have processed broadcast	{"{round 20 3  <nil>}": {"Key":"from","Type":15,"Integer":0,"String":"b","Interface":null}}
2025-08-15T22:13:46.017-0500	DEBUG	protocol/handler.go:1591	have processed broadcast	{"{round 20 3  <nil>}": {"Key":"from","Type":15,"Integer":0,"String":"c","Interface":null}}
2025-08-15T22:13:46.017-0500	DEBUG	protocol/handler.go:1649	have all messages and processed	{"{round 20 3  <nil>}": {"Key":"self","Type":15,"Integer":0,"String":"a","Interface":null}}
2025-08-15T22:13:46.017-0500	DEBUG	protocol/handler.go:596	round already finalized
2025-08-15T22:13:46.021-0500	DEBUG	protocol/handler.go:581	tryAdvanceRound called	{"{current_round 20 3  <nil>}": {"Key":"self","Type":15,"Integer":0,"String":"b","Interface":null}}
2025-08-15T22:13:46.021-0500	DEBUG	protocol/handler.go:581	tryAdvanceRound called	{"{current_round 20 3  <nil>}": {"Key":"self","Type":15,"Integer":0,"String":"c","Interface":null}}
2025-08-15T22:13:46.021-0500	DEBUG	protocol/handler.go:1591	have processed broadcast	{"{round 20 3  <nil>}": {"Key":"from","Type":15,"Integer":0,"String":"a","Interface":null}}
2025-08-15T22:13:46.021-0500	DEBUG	protocol/handler.go:1591	have processed broadcast	{"{round 20 3  <nil>}": {"Key":"from","Type":15,"Integer":0,"String":"a","Interface":null}}
2025-08-15T22:13:46.021-0500	DEBUG	protocol/handler.go:1591	have processed broadcast	{"{round 20 3  <nil>}": {"Key":"from","Type":15,"Integer":0,"String":"c","Interface":null}}
2025-08-15T22:13:46.021-0500	DEBUG	protocol/handler.go:1591	have processed broadcast	{"{round 20 3  <nil>}": {"Key":"from","Type":15,"Integer":0,"String":"b","Interface":null}}
2025-08-15T22:13:46.021-0500	DEBUG	protocol/handler.go:1649	have all messages and processed	{"{round 20 3  <nil>}": {"Key":"self","Type":15,"Integer":0,"String":"b","Interface":null}}
2025-08-15T22:13:46.021-0500	DEBUG	protocol/handler.go:1649	have all messages and processed	{"{round 20 3  <nil>}": {"Key":"self","Type":15,"Integer":0,"String":"c","Interface":null}}
2025-08-15T22:13:46.021-0500	DEBUG	protocol/handler.go:596	round already finalized
2025-08-15T22:13:46.021-0500	DEBUG	protocol/handler.go:596	round already finalized
2025-08-15T22:13:46.027-0500	DEBUG	protocol/handler.go:581	tryAdvanceRound called	{"{current_round 20 3  <nil>}": {"Key":"self","Type":15,"Integer":0,"String":"a","Interface":null}}
2025-08-15T22:13:46.027-0500	DEBUG	protocol/handler.go:1591	have processed broadcast	{"{round 20 3  <nil>}": {"Key":"from","Type":15,"Integer":0,"String":"b","Interface":null}}
2025-08-15T22:13:46.027-0500	DEBUG	protocol/handler.go:1591	have processed broadcast	{"{round 20 3  <nil>}": {"Key":"from","Type":15,"Integer":0,"String":"c","Interface":null}}
2025-08-15T22:13:46.027-0500	DEBUG	protocol/handler.go:1649	have all messages and processed	{"{round 20 3  <nil>}": {"Key":"self","Type":15,"Integer":0,"String":"a","Interface":null}}
2025-08-15T22:13:46.027-0500	DEBUG	protocol/handler.go:596	round already finalized
2025-08-15T22:13:46.031-0500	DEBUG	protocol/handler.go:581	tryAdvanceRound called	{"{current_round 20 3  <nil>}": {"Key":"self","Type":15,"Integer":0,"String":"b","Interface":null}}
2025-08-15T22:13:46.031-0500	DEBUG	protocol/handler.go:581	tryAdvanceRound called	{"{current_round 20 3  <nil>}": {"Key":"self","Type":15,"Integer":0,"String":"c","Interface":null}}
2025-08-15T22:13:46.031-0500	DEBUG	protocol/handler.go:1591	have processed broadcast	{"{round 20 3  <nil>}": {"Key":"from","Type":15,"Integer":0,"String":"a","Interface":null}}
2025-08-15T22:13:46.031-0500	DEBUG	protocol/handler.go:1591	have processed broadcast	{"{round 20 3  <nil>}": {"Key":"from","Type":15,"Integer":0,"String":"a","Interface":null}}
2025-08-15T22:13:46.031-0500	DEBUG	protocol/handler.go:1591	have processed broadcast	{"{round 20 3  <nil>}": {"Key":"from","Type":15,"Integer":0,"String":"c","Interface":null}}
2025-08-15T22:13:46.031-0500	DEBUG	protocol/handler.go:1591	have processed broadcast	{"{round 20 3  <nil>}": {"Key":"from","Type":15,"Integer":0,"String":"b","Interface":null}}
2025-08-15T22:13:46.031-0500	DEBUG	protocol/handler.go:1649	have all messages and processed	{"{round 20 3  <nil>}": {"Key":"self","Type":15,"Integer":0,"String":"b","Interface":null}}
2025-08-15T22:13:46.031-0500	DEBUG	protocol/handler.go:1649	have all messages and processed	{"{round 20 3  <nil>}": {"Key":"self","Type":15,"Integer":0,"String":"c","Interface":null}}
2025-08-15T22:13:46.031-0500	DEBUG	protocol/handler.go:596	round already finalized
2025-08-15T22:13:46.031-0500	DEBUG	protocol/handler.go:596	round already finalized
2025-08-15T22:13:46.036-0500	DEBUG	protocol/handler.go:581	tryAdvanceRound called	{"{current_round 20 3  <nil>}": {"Key":"self","Type":15,"Integer":0,"String":"a","Interface":null}}
2025-08-15T22:13:46.036-0500	DEBUG	protocol/handler.go:1591	have processed broadcast	{"{round 20 3  <nil>}": {"Key":"from","Type":15,"Integer":0,"String":"b","Interface":null}}
2025-08-15T22:13:46.037-0500	DEBUG	protocol/handler.go:1591	have processed broadcast	{"{round 20 3  <nil>}": {"Key":"from","Type":15,"Integer":0,"String":"c","Interface":null}}
2025-08-15T22:13:46.037-0500	DEBUG	protocol/handler.go:1649	have all messages and processed	{"{round 20 3  <nil>}": {"Key":"self","Type":15,"Integer":0,"String":"a","Interface":null}}
2025-08-15T22:13:46.037-0500	DEBUG	protocol/handler.go:596	round already finalized
2025-08-15T22:13:46.041-0500	DEBUG	protocol/handler.go:581	tryAdvanceRound called	{"{current_round 20 3  <nil>}": {"Key":"self","Type":15,"Integer":0,"String":"b","Interface":null}}
2025-08-15T22:13:46.041-0500	DEBUG	protocol/handler.go:581	tryAdvanceRound called	{"{current_round 20 3  <nil>}": {"Key":"self","Type":15,"Integer":0,"String":"c","Interface":null}}
2025-08-15T22:13:46.041-0500	DEBUG	protocol/handler.go:1591	have processed broadcast	{"{round 20 3  <nil>}": {"Key":"from","Type":15,"Integer":0,"String":"a","Interface":null}}
2025-08-15T22:13:46.041-0500	DEBUG	protocol/handler.go:1591	have processed broadcast	{"{round 20 3  <nil>}": {"Key":"from","Type":15,"Integer":0,"String":"a","Interface":null}}
2025-08-15T22:13:46.041-0500	DEBUG	protocol/handler.go:1591	have processed broadcast	{"{round 20 3  <nil>}": {"Key":"from","Type":15,"Integer":0,"String":"c","Interface":null}}
2025-08-15T22:13:46.041-0500	DEBUG	protocol/handler.go:1591	have processed broadcast	{"{round 20 3  <nil>}": {"Key":"from","Type":15,"Integer":0,"String":"b","Interface":null}}
2025-08-15T22:13:46.041-0500	DEBUG	protocol/handler.go:1649	have all messages and processed	{"{round 20 3  <nil>}": {"Key":"self","Type":15,"Integer":0,"String":"b","Interface":null}}
2025-08-15T22:13:46.041-0500	DEBUG	protocol/handler.go:1649	have all messages and processed	{"{round 20 3  <nil>}": {"Key":"self","Type":15,"Integer":0,"String":"c","Interface":null}}
2025-08-15T22:13:46.041-0500	DEBUG	protocol/handler.go:596	round already finalized
2025-08-15T22:13:46.041-0500	DEBUG	protocol/handler.go:596	round already finalized
2025-08-15T22:13:46.047-0500	DEBUG	protocol/handler.go:581	tryAdvanceRound called	{"{current_round 20 3  <nil>}": {"Key":"self","Type":15,"Integer":0,"String":"a","Interface":null}}
2025-08-15T22:13:46.047-0500	DEBUG	protocol/handler.go:1591	have processed broadcast	{"{round 20 3  <nil>}": {"Key":"from","Type":15,"Integer":0,"String":"b","Interface":null}}
2025-08-15T22:13:46.047-0500	DEBUG	protocol/handler.go:1591	have processed broadcast	{"{round 20 3  <nil>}": {"Key":"from","Type":15,"Integer":0,"String":"c","Interface":null}}
2025-08-15T22:13:46.047-0500	DEBUG	protocol/handler.go:1649	have all messages and processed	{"{round 20 3  <nil>}": {"Key":"self","Type":15,"Integer":0,"String":"a","Interface":null}}
2025-08-15T22:13:46.047-0500	DEBUG	protocol/handler.go:596	round already finalized
2025-08-15T22:13:46.051-0500	DEBUG	protocol/handler.go:581	tryAdvanceRound called	{"{current_round 20 3  <nil>}": {"Key":"self","Type":15,"Integer":0,"String":"b","Interface":null}}
2025-08-15T22:13:46.051-0500	DEBUG	protocol/handler.go:581	tryAdvanceRound called	{"{current_round 20 3  <nil>}": {"Key":"self","Type":15,"Integer":0,"String":"c","Interface":null}}
2025-08-15T22:13:46.051-0500	DEBUG	protocol/handler.go:1591	have processed broadcast	{"{round 20 3  <nil>}": {"Key":"from","Type":15,"Integer":0,"String":"a","Interface":null}}
2025-08-15T22:13:46.051-0500	DEBUG	protocol/handler.go:1591	have processed broadcast	{"{round 20 3  <nil>}": {"Key":"from","Type":15,"Integer":0,"String":"a","Interface":null}}
2025-08-15T22:13:46.051-0500	DEBUG	protocol/handler.go:1591	have processed broadcast	{"{round 20 3  <nil>}": {"Key":"from","Type":15,"Integer":0,"String":"c","Interface":null}}
2025-08-15T22:13:46.051-0500	DEBUG	protocol/handler.go:1591	have processed broadcast	{"{round 20 3  <nil>}": {"Key":"from","Type":15,"Integer":0,"String":"b","Interface":null}}
2025-08-15T22:13:46.051-0500	DEBUG	protocol/handler.go:1649	have all messages and processed	{"{round 20 3  <nil>}": {"Key":"self","Type":15,"Integer":0,"String":"b","Interface":null}}
2025-08-15T22:13:46.051-0500	DEBUG	protocol/handler.go:596	round already finalized
2025-08-15T22:13:46.051-0500	DEBUG	protocol/handler.go:1649	have all messages and processed	{"{round 20 3  <nil>}": {"Key":"self","Type":15,"Integer":0,"String":"c","Interface":null}}
2025-08-15T22:13:46.051-0500	DEBUG	protocol/handler.go:596	round already finalized
2025-08-15T22:13:46.057-0500	DEBUG	protocol/handler.go:581	tryAdvanceRound called	{"{current_round 20 3  <nil>}": {"Key":"self","Type":15,"Integer":0,"String":"a","Interface":null}}
2025-08-15T22:13:46.057-0500	DEBUG	protocol/handler.go:1591	have processed broadcast	{"{round 20 3  <nil>}": {"Key":"from","Type":15,"Integer":0,"String":"b","Interface":null}}
2025-08-15T22:13:46.057-0500	DEBUG	protocol/handler.go:1591	have processed broadcast	{"{round 20 3  <nil>}": {"Key":"from","Type":15,"Integer":0,"String":"c","Interface":null}}
2025-08-15T22:13:46.057-0500	DEBUG	protocol/handler.go:1649	have all messages and processed	{"{round 20 3  <nil>}": {"Key":"self","Type":15,"Integer":0,"String":"a","Interface":null}}
2025-08-15T22:13:46.057-0500	DEBUG	protocol/handler.go:596	round already finalized
2025-08-15T22:13:46.061-0500	DEBUG	protocol/handler.go:581	tryAdvanceRound called	{"{current_round 20 3  <nil>}": {"Key":"self","Type":15,"Integer":0,"String":"c","Interface":null}}
2025-08-15T22:13:46.061-0500	DEBUG	protocol/handler.go:581	tryAdvanceRound called	{"{current_round 20 3  <nil>}": {"Key":"self","Type":15,"Integer":0,"String":"b","Interface":null}}
2025-08-15T22:13:46.061-0500	DEBUG	protocol/handler.go:1591	have processed broadcast	{"{round 20 3  <nil>}": {"Key":"from","Type":15,"Integer":0,"String":"a","Interface":null}}
2025-08-15T22:13:46.061-0500	DEBUG	protocol/handler.go:1591	have processed broadcast	{"{round 20 3  <nil>}": {"Key":"from","Type":15,"Integer":0,"String":"a","Interface":null}}
2025-08-15T22:13:46.061-0500	DEBUG	protocol/handler.go:1591	have processed broadcast	{"{round 20 3  <nil>}": {"Key":"from","Type":15,"Integer":0,"String":"b","Interface":null}}
2025-08-15T22:13:46.061-0500	DEBUG	protocol/handler.go:1591	have processed broadcast	{"{round 20 3  <nil>}": {"Key":"from","Type":15,"Integer":0,"String":"c","Interface":null}}
2025-08-15T22:13:46.061-0500	DEBUG	protocol/handler.go:1649	have all messages and processed	{"{round 20 3  <nil>}": {"Key":"self","Type":15,"Integer":0,"String":"c","Interface":null}}
2025-08-15T22:13:46.061-0500	DEBUG	protocol/handler.go:1649	have all messages and processed	{"{round 20 3  <nil>}": {"Key":"self","Type":15,"Integer":0,"String":"b","Interface":null}}
2025-08-15T22:13:46.061-0500	DEBUG	protocol/handler.go:596	round already finalized
2025-08-15T22:13:46.061-0500	DEBUG	protocol/handler.go:596	round already finalized
2025-08-15T22:13:46.067-0500	DEBUG	protocol/handler.go:581	tryAdvanceRound called	{"{current_round 20 3  <nil>}": {"Key":"self","Type":15,"Integer":0,"String":"a","Interface":null}}
2025-08-15T22:13:46.067-0500	DEBUG	protocol/handler.go:1591	have processed broadcast	{"{round 20 3  <nil>}": {"Key":"from","Type":15,"Integer":0,"String":"b","Interface":null}}
2025-08-15T22:13:46.067-0500	DEBUG	protocol/handler.go:1591	have processed broadcast	{"{round 20 3  <nil>}": {"Key":"from","Type":15,"Integer":0,"String":"c","Interface":null}}
2025-08-15T22:13:46.067-0500	DEBUG	protocol/handler.go:1649	have all messages and processed	{"{round 20 3  <nil>}": {"Key":"self","Type":15,"Integer":0,"String":"a","Interface":null}}
2025-08-15T22:13:46.067-0500	DEBUG	protocol/handler.go:596	round already finalized
2025-08-15T22:13:46.071-0500	DEBUG	protocol/handler.go:581	tryAdvanceRound called	{"{current_round 20 3  <nil>}": {"Key":"self","Type":15,"Integer":0,"String":"b","Interface":null}}
2025-08-15T22:13:46.071-0500	DEBUG	protocol/handler.go:581	tryAdvanceRound called	{"{current_round 20 3  <nil>}": {"Key":"self","Type":15,"Integer":0,"String":"c","Interface":null}}
2025-08-15T22:13:46.071-0500	DEBUG	protocol/handler.go:1591	have processed broadcast	{"{round 20 3  <nil>}": {"Key":"from","Type":15,"Integer":0,"String":"a","Interface":null}}
2025-08-15T22:13:46.071-0500	DEBUG	protocol/handler.go:1591	have processed broadcast	{"{round 20 3  <nil>}": {"Key":"from","Type":15,"Integer":0,"String":"a","Interface":null}}
2025-08-15T22:13:46.071-0500	DEBUG	protocol/handler.go:1591	have processed broadcast	{"{round 20 3  <nil>}": {"Key":"from","Type":15,"Integer":0,"String":"c","Interface":null}}
2025-08-15T22:13:46.071-0500	DEBUG	protocol/handler.go:1591	have processed broadcast	{"{round 20 3  <nil>}": {"Key":"from","Type":15,"Integer":0,"String":"b","Interface":null}}
2025-08-15T22:13:46.071-0500	DEBUG	protocol/handler.go:1649	have all messages and processed	{"{round 20 3  <nil>}": {"Key":"self","Type":15,"Integer":0,"String":"b","Interface":null}}
2025-08-15T22:13:46.071-0500	DEBUG	protocol/handler.go:1649	have all messages and processed	{"{round 20 3  <nil>}": {"Key":"self","Type":15,"Integer":0,"String":"c","Interface":null}}
2025-08-15T22:13:46.071-0500	DEBUG	protocol/handler.go:596	round already finalized
2025-08-15T22:13:46.071-0500	DEBUG	protocol/handler.go:596	round already finalized
2025-08-15T22:13:46.077-0500	DEBUG	protocol/handler.go:581	tryAdvanceRound called	{"{current_round 20 3  <nil>}": {"Key":"self","Type":15,"Integer":0,"String":"a","Interface":null}}
2025-08-15T22:13:46.077-0500	DEBUG	protocol/handler.go:1591	have processed broadcast	{"{round 20 3  <nil>}": {"Key":"from","Type":15,"Integer":0,"String":"b","Interface":null}}
2025-08-15T22:13:46.077-0500	DEBUG	protocol/handler.go:1591	have processed broadcast	{"{round 20 3  <nil>}": {"Key":"from","Type":15,"Integer":0,"String":"c","Interface":null}}
2025-08-15T22:13:46.077-0500	DEBUG	protocol/handler.go:1649	have all messages and processed	{"{round 20 3  <nil>}": {"Key":"self","Type":15,"Integer":0,"String":"a","Interface":null}}
2025-08-15T22:13:46.077-0500	DEBUG	protocol/handler.go:596	round already finalized
2025-08-15T22:13:46.081-0500	DEBUG	protocol/handler.go:581	tryAdvanceRound called	{"{current_round 20 3  <nil>}": {"Key":"self","Type":15,"Integer":0,"String":"b","Interface":null}}
2025-08-15T22:13:46.081-0500	DEBUG	protocol/handler.go:581	tryAdvanceRound called	{"{current_round 20 3  <nil>}": {"Key":"self","Type":15,"Integer":0,"String":"c","Interface":null}}
2025-08-15T22:13:46.081-0500	DEBUG	protocol/handler.go:1591	have processed broadcast	{"{round 20 3  <nil>}": {"Key":"from","Type":15,"Integer":0,"String":"a","Interface":null}}
2025-08-15T22:13:46.081-0500	DEBUG	protocol/handler.go:1591	have processed broadcast	{"{round 20 3  <nil>}": {"Key":"from","Type":15,"Integer":0,"String":"a","Interface":null}}
2025-08-15T22:13:46.081-0500	DEBUG	protocol/handler.go:1591	have processed broadcast	{"{round 20 3  <nil>}": {"Key":"from","Type":15,"Integer":0,"String":"c","Interface":null}}
2025-08-15T22:13:46.081-0500	DEBUG	protocol/handler.go:1649	have all messages and processed	{"{round 20 3  <nil>}": {"Key":"self","Type":15,"Integer":0,"String":"b","Interface":null}}
2025-08-15T22:13:46.081-0500	DEBUG	protocol/handler.go:1591	have processed broadcast	{"{round 20 3  <nil>}": {"Key":"from","Type":15,"Integer":0,"String":"b","Interface":null}}
2025-08-15T22:13:46.081-0500	DEBUG	protocol/handler.go:596	round already finalized
2025-08-15T22:13:46.081-0500	DEBUG	protocol/handler.go:1649	have all messages and processed	{"{round 20 3  <nil>}": {"Key":"self","Type":15,"Integer":0,"String":"c","Interface":null}}
2025-08-15T22:13:46.081-0500	DEBUG	protocol/handler.go:596	round already finalized
2025-08-15T22:13:46.087-0500	DEBUG	protocol/handler.go:581	tryAdvanceRound called	{"{current_round 20 3  <nil>}": {"Key":"self","Type":15,"Integer":0,"String":"a","Interface":null}}
2025-08-15T22:13:46.087-0500	DEBUG	protocol/handler.go:1591	have processed broadcast	{"{round 20 3  <nil>}": {"Key":"from","Type":15,"Integer":0,"String":"b","Interface":null}}
2025-08-15T22:13:46.087-0500	DEBUG	protocol/handler.go:1591	have processed broadcast	{"{round 20 3  <nil>}": {"Key":"from","Type":15,"Integer":0,"String":"c","Interface":null}}
2025-08-15T22:13:46.087-0500	DEBUG	protocol/handler.go:1649	have all messages and processed	{"{round 20 3  <nil>}": {"Key":"self","Type":15,"Integer":0,"String":"a","Interface":null}}
2025-08-15T22:13:46.087-0500	DEBUG	protocol/handler.go:596	round already finalized
2025-08-15T22:13:46.091-0500	DEBUG	protocol/handler.go:581	tryAdvanceRound called	{"{current_round 20 3  <nil>}": {"Key":"self","Type":15,"Integer":0,"String":"b","Interface":null}}
2025-08-15T22:13:46.091-0500	DEBUG	protocol/handler.go:581	tryAdvanceRound called	{"{current_round 20 3  <nil>}": {"Key":"self","Type":15,"Integer":0,"String":"c","Interface":null}}
2025-08-15T22:13:46.091-0500	DEBUG	protocol/handler.go:1591	have processed broadcast	{"{round 20 3  <nil>}": {"Key":"from","Type":15,"Integer":0,"String":"a","Interface":null}}
2025-08-15T22:13:46.091-0500	DEBUG	protocol/handler.go:1591	have processed broadcast	{"{round 20 3  <nil>}": {"Key":"from","Type":15,"Integer":0,"String":"a","Interface":null}}
2025-08-15T22:13:46.091-0500	DEBUG	protocol/handler.go:1591	have processed broadcast	{"{round 20 3  <nil>}": {"Key":"from","Type":15,"Integer":0,"String":"c","Interface":null}}
2025-08-15T22:13:46.091-0500	DEBUG	protocol/handler.go:1591	have processed broadcast	{"{round 20 3  <nil>}": {"Key":"from","Type":15,"Integer":0,"String":"b","Interface":null}}
2025-08-15T22:13:46.091-0500	DEBUG	protocol/handler.go:1649	have all messages and processed	{"{round 20 3  <nil>}": {"Key":"self","Type":15,"Integer":0,"String":"b","Interface":null}}
2025-08-15T22:13:46.091-0500	DEBUG	protocol/handler.go:1649	have all messages and processed	{"{round 20 3  <nil>}": {"Key":"self","Type":15,"Integer":0,"String":"c","Interface":null}}
2025-08-15T22:13:46.091-0500	DEBUG	protocol/handler.go:596	round already finalized
2025-08-15T22:13:46.091-0500	DEBUG	protocol/handler.go:596	round already finalized
2025-08-15T22:13:46.097-0500	DEBUG	protocol/handler.go:581	tryAdvanceRound called	{"{current_round 20 3  <nil>}": {"Key":"self","Type":15,"Integer":0,"String":"a","Interface":null}}
2025-08-15T22:13:46.097-0500	DEBUG	protocol/handler.go:1591	have processed broadcast	{"{round 20 3  <nil>}": {"Key":"from","Type":15,"Integer":0,"String":"b","Interface":null}}
2025-08-15T22:13:46.097-0500	DEBUG	protocol/handler.go:1591	have processed broadcast	{"{round 20 3  <nil>}": {"Key":"from","Type":15,"Integer":0,"String":"c","Interface":null}}
2025-08-15T22:13:46.097-0500	DEBUG	protocol/handler.go:1649	have all messages and processed	{"{round 20 3  <nil>}": {"Key":"self","Type":15,"Integer":0,"String":"a","Interface":null}}
2025-08-15T22:13:46.097-0500	DEBUG	protocol/handler.go:596	round already finalized
2025-08-15T22:13:46.101-0500	DEBUG	protocol/handler.go:581	tryAdvanceRound called	{"{current_round 20 3  <nil>}": {"Key":"self","Type":15,"Integer":0,"String":"b","Interface":null}}
2025-08-15T22:13:46.101-0500	DEBUG	protocol/handler.go:1591	have processed broadcast	{"{round 20 3  <nil>}": {"Key":"from","Type":15,"Integer":0,"String":"a","Interface":null}}
2025-08-15T22:13:46.101-0500	DEBUG	protocol/handler.go:581	tryAdvanceRound called	{"{current_round 20 3  <nil>}": {"Key":"self","Type":15,"Integer":0,"String":"c","Interface":null}}
2025-08-15T22:13:46.101-0500	DEBUG	protocol/handler.go:1591	have processed broadcast	{"{round 20 3  <nil>}": {"Key":"from","Type":15,"Integer":0,"String":"c","Interface":null}}
2025-08-15T22:13:46.101-0500	DEBUG	protocol/handler.go:1591	have processed broadcast	{"{round 20 3  <nil>}": {"Key":"from","Type":15,"Integer":0,"String":"a","Interface":null}}
2025-08-15T22:13:46.101-0500	DEBUG	protocol/handler.go:1649	have all messages and processed	{"{round 20 3  <nil>}": {"Key":"self","Type":15,"Integer":0,"String":"b","Interface":null}}
2025-08-15T22:13:46.101-0500	DEBUG	protocol/handler.go:1591	have processed broadcast	{"{round 20 3  <nil>}": {"Key":"from","Type":15,"Integer":0,"String":"b","Interface":null}}
2025-08-15T22:13:46.101-0500	DEBUG	protocol/handler.go:596	round already finalized
2025-08-15T22:13:46.101-0500	DEBUG	protocol/handler.go:1649	have all messages and processed	{"{round 20 3  <nil>}": {"Key":"self","Type":15,"Integer":0,"String":"c","Interface":null}}
2025-08-15T22:13:46.101-0500	DEBUG	protocol/handler.go:596	round already finalized
2025-08-15T22:13:46.107-0500	DEBUG	protocol/handler.go:581	tryAdvanceRound called	{"{current_round 20 3  <nil>}": {"Key":"self","Type":15,"Integer":0,"String":"a","Interface":null}}
2025-08-15T22:13:46.107-0500	DEBUG	protocol/handler.go:1591	have processed broadcast	{"{round 20 3  <nil>}": {"Key":"from","Type":15,"Integer":0,"String":"b","Interface":null}}
2025-08-15T22:13:46.107-0500	DEBUG	protocol/handler.go:1591	have processed broadcast	{"{round 20 3  <nil>}": {"Key":"from","Type":15,"Integer":0,"String":"c","Interface":null}}
2025-08-15T22:13:46.107-0500	DEBUG	protocol/handler.go:1649	have all messages and processed	{"{round 20 3  <nil>}": {"Key":"self","Type":15,"Integer":0,"String":"a","Interface":null}}
2025-08-15T22:13:46.107-0500	DEBUG	protocol/handler.go:596	round already finalized
2025-08-15T22:13:46.111-0500	DEBUG	protocol/handler.go:581	tryAdvanceRound called	{"{current_round 20 3  <nil>}": {"Key":"self","Type":15,"Integer":0,"String":"b","Interface":null}}
2025-08-15T22:13:46.111-0500	DEBUG	protocol/handler.go:581	tryAdvanceRound called	{"{current_round 20 3  <nil>}": {"Key":"self","Type":15,"Integer":0,"String":"c","Interface":null}}
2025-08-15T22:13:46.111-0500	DEBUG	protocol/handler.go:1591	have processed broadcast	{"{round 20 3  <nil>}": {"Key":"from","Type":15,"Integer":0,"String":"a","Interface":null}}
2025-08-15T22:13:46.111-0500	DEBUG	protocol/handler.go:1591	have processed broadcast	{"{round 20 3  <nil>}": {"Key":"from","Type":15,"Integer":0,"String":"a","Interface":null}}
2025-08-15T22:13:46.111-0500	DEBUG	protocol/handler.go:1591	have processed broadcast	{"{round 20 3  <nil>}": {"Key":"from","Type":15,"Integer":0,"String":"c","Interface":null}}
2025-08-15T22:13:46.111-0500	DEBUG	protocol/handler.go:1591	have processed broadcast	{"{round 20 3  <nil>}": {"Key":"from","Type":15,"Integer":0,"String":"b","Interface":null}}
2025-08-15T22:13:46.111-0500	DEBUG	protocol/handler.go:1649	have all messages and processed	{"{round 20 3  <nil>}": {"Key":"self","Type":15,"Integer":0,"String":"b","Interface":null}}
2025-08-15T22:13:46.111-0500	DEBUG	protocol/handler.go:1649	have all messages and processed	{"{round 20 3  <nil>}": {"Key":"self","Type":15,"Integer":0,"String":"c","Interface":null}}
2025-08-15T22:13:46.111-0500	DEBUG	protocol/handler.go:596	round already finalized
2025-08-15T22:13:46.111-0500	DEBUG	protocol/handler.go:596	round already finalized
2025-08-15T22:13:46.117-0500	DEBUG	protocol/handler.go:581	tryAdvanceRound called	{"{current_round 20 3  <nil>}": {"Key":"self","Type":15,"Integer":0,"String":"a","Interface":null}}
2025-08-15T22:13:46.117-0500	DEBUG	protocol/handler.go:1591	have processed broadcast	{"{round 20 3  <nil>}": {"Key":"from","Type":15,"Integer":0,"String":"b","Interface":null}}
2025-08-15T22:13:46.117-0500	DEBUG	protocol/handler.go:1591	have processed broadcast	{"{round 20 3  <nil>}": {"Key":"from","Type":15,"Integer":0,"String":"c","Interface":null}}
2025-08-15T22:13:46.117-0500	DEBUG	protocol/handler.go:1649	have all messages and processed	{"{round 20 3  <nil>}": {"Key":"self","Type":15,"Integer":0,"String":"a","Interface":null}}
2025-08-15T22:13:46.117-0500	DEBUG	protocol/handler.go:596	round already finalized
2025-08-15T22:13:46.121-0500	DEBUG	protocol/handler.go:581	tryAdvanceRound called	{"{current_round 20 3  <nil>}": {"Key":"self","Type":15,"Integer":0,"String":"b","Interface":null}}
2025-08-15T22:13:46.121-0500	DEBUG	protocol/handler.go:581	tryAdvanceRound called	{"{current_round 20 3  <nil>}": {"Key":"self","Type":15,"Integer":0,"String":"c","Interface":null}}
2025-08-15T22:13:46.121-0500	DEBUG	protocol/handler.go:1591	have processed broadcast	{"{round 20 3  <nil>}": {"Key":"from","Type":15,"Integer":0,"String":"a","Interface":null}}
2025-08-15T22:13:46.121-0500	DEBUG	protocol/handler.go:1591	have processed broadcast	{"{round 20 3  <nil>}": {"Key":"from","Type":15,"Integer":0,"String":"c","Interface":null}}
2025-08-15T22:13:46.121-0500	DEBUG	protocol/handler.go:1591	have processed broadcast	{"{round 20 3  <nil>}": {"Key":"from","Type":15,"Integer":0,"String":"a","Interface":null}}
2025-08-15T22:13:46.121-0500	DEBUG	protocol/handler.go:1649	have all messages and processed	{"{round 20 3  <nil>}": {"Key":"self","Type":15,"Integer":0,"String":"b","Interface":null}}
2025-08-15T22:13:46.121-0500	DEBUG	protocol/handler.go:1591	have processed broadcast	{"{round 20 3  <nil>}": {"Key":"from","Type":15,"Integer":0,"String":"b","Interface":null}}
2025-08-15T22:13:46.121-0500	DEBUG	protocol/handler.go:596	round already finalized
2025-08-15T22:13:46.121-0500	DEBUG	protocol/handler.go:1649	have all messages and processed	{"{round 20 3  <nil>}": {"Key":"self","Type":15,"Integer":0,"String":"c","Interface":null}}
2025-08-15T22:13:46.121-0500	DEBUG	protocol/handler.go:596	round already finalized
2025-08-15T22:13:46.127-0500	DEBUG	protocol/handler.go:581	tryAdvanceRound called	{"{current_round 20 3  <nil>}": {"Key":"self","Type":15,"Integer":0,"String":"a","Interface":null}}
2025-08-15T22:13:46.127-0500	DEBUG	protocol/handler.go:1591	have processed broadcast	{"{round 20 3  <nil>}": {"Key":"from","Type":15,"Integer":0,"String":"b","Interface":null}}
2025-08-15T22:13:46.127-0500	DEBUG	protocol/handler.go:1591	have processed broadcast	{"{round 20 3  <nil>}": {"Key":"from","Type":15,"Integer":0,"String":"c","Interface":null}}
2025-08-15T22:13:46.127-0500	DEBUG	protocol/handler.go:1649	have all messages and processed	{"{round 20 3  <nil>}": {"Key":"self","Type":15,"Integer":0,"String":"a","Interface":null}}
2025-08-15T22:13:46.127-0500	DEBUG	protocol/handler.go:596	round already finalized
2025-08-15T22:13:46.131-0500	DEBUG	protocol/handler.go:581	tryAdvanceRound called	{"{current_round 20 3  <nil>}": {"Key":"self","Type":15,"Integer":0,"String":"b","Interface":null}}
2025-08-15T22:13:46.131-0500	DEBUG	protocol/handler.go:581	tryAdvanceRound called	{"{current_round 20 3  <nil>}": {"Key":"self","Type":15,"Integer":0,"String":"c","Interface":null}}
2025-08-15T22:13:46.131-0500	DEBUG	protocol/handler.go:1591	have processed broadcast	{"{round 20 3  <nil>}": {"Key":"from","Type":15,"Integer":0,"String":"a","Interface":null}}
2025-08-15T22:13:46.131-0500	DEBUG	protocol/handler.go:1591	have processed broadcast	{"{round 20 3  <nil>}": {"Key":"from","Type":15,"Integer":0,"String":"a","Interface":null}}
2025-08-15T22:13:46.131-0500	DEBUG	protocol/handler.go:1591	have processed broadcast	{"{round 20 3  <nil>}": {"Key":"from","Type":15,"Integer":0,"String":"c","Interface":null}}
2025-08-15T22:13:46.131-0500	DEBUG	protocol/handler.go:1591	have processed broadcast	{"{round 20 3  <nil>}": {"Key":"from","Type":15,"Integer":0,"String":"b","Interface":null}}
2025-08-15T22:13:46.131-0500	DEBUG	protocol/handler.go:1649	have all messages and processed	{"{round 20 3  <nil>}": {"Key":"self","Type":15,"Integer":0,"String":"b","Interface":null}}
2025-08-15T22:13:46.131-0500	DEBUG	protocol/handler.go:1649	have all messages and processed	{"{round 20 3  <nil>}": {"Key":"self","Type":15,"Integer":0,"String":"c","Interface":null}}
2025-08-15T22:13:46.131-0500	DEBUG	protocol/handler.go:596	round already finalized
2025-08-15T22:13:46.131-0500	DEBUG	protocol/handler.go:596	round already finalized
2025-08-15T22:13:46.137-0500	DEBUG	protocol/handler.go:581	tryAdvanceRound called	{"{current_round 20 3  <nil>}": {"Key":"self","Type":15,"Integer":0,"String":"a","Interface":null}}
2025-08-15T22:13:46.137-0500	DEBUG	protocol/handler.go:1591	have processed broadcast	{"{round 20 3  <nil>}": {"Key":"from","Type":15,"Integer":0,"String":"b","Interface":null}}
2025-08-15T22:13:46.137-0500	DEBUG	protocol/handler.go:1591	have processed broadcast	{"{round 20 3  <nil>}": {"Key":"from","Type":15,"Integer":0,"String":"c","Interface":null}}
2025-08-15T22:13:46.137-0500	DEBUG	protocol/handler.go:1649	have all messages and processed	{"{round 20 3  <nil>}": {"Key":"self","Type":15,"Integer":0,"String":"a","Interface":null}}
2025-08-15T22:13:46.137-0500	DEBUG	protocol/handler.go:596	round already finalized
2025-08-15T22:13:46.141-0500	DEBUG	protocol/handler.go:581	tryAdvanceRound called	{"{current_round 20 3  <nil>}": {"Key":"self","Type":15,"Integer":0,"String":"b","Interface":null}}
2025-08-15T22:13:46.141-0500	DEBUG	protocol/handler.go:581	tryAdvanceRound called	{"{current_round 20 3  <nil>}": {"Key":"self","Type":15,"Integer":0,"String":"c","Interface":null}}
2025-08-15T22:13:46.141-0500	DEBUG	protocol/handler.go:1591	have processed broadcast	{"{round 20 3  <nil>}": {"Key":"from","Type":15,"Integer":0,"String":"a","Interface":null}}
2025-08-15T22:13:46.141-0500	DEBUG	protocol/handler.go:1591	have processed broadcast	{"{round 20 3  <nil>}": {"Key":"from","Type":15,"Integer":0,"String":"a","Interface":null}}
2025-08-15T22:13:46.141-0500	DEBUG	protocol/handler.go:1591	have processed broadcast	{"{round 20 3  <nil>}": {"Key":"from","Type":15,"Integer":0,"String":"c","Interface":null}}
2025-08-15T22:13:46.141-0500	DEBUG	protocol/handler.go:1591	have processed broadcast	{"{round 20 3  <nil>}": {"Key":"from","Type":15,"Integer":0,"String":"b","Interface":null}}
2025-08-15T22:13:46.141-0500	DEBUG	protocol/handler.go:1649	have all messages and processed	{"{round 20 3  <nil>}": {"Key":"self","Type":15,"Integer":0,"String":"b","Interface":null}}
2025-08-15T22:13:46.141-0500	DEBUG	protocol/handler.go:596	round already finalized
2025-08-15T22:13:46.141-0500	DEBUG	protocol/handler.go:1649	have all messages and processed	{"{round 20 3  <nil>}": {"Key":"self","Type":15,"Integer":0,"String":"c","Interface":null}}
2025-08-15T22:13:46.141-0500	DEBUG	protocol/handler.go:596	round already finalized
2025-08-15T22:13:46.147-0500	DEBUG	protocol/handler.go:581	tryAdvanceRound called	{"{current_round 20 3  <nil>}": {"Key":"self","Type":15,"Integer":0,"String":"a","Interface":null}}
2025-08-15T22:13:46.147-0500	DEBUG	protocol/handler.go:1591	have processed broadcast	{"{round 20 3  <nil>}": {"Key":"from","Type":15,"Integer":0,"String":"b","Interface":null}}
2025-08-15T22:13:46.147-0500	DEBUG	protocol/handler.go:1591	have processed broadcast	{"{round 20 3  <nil>}": {"Key":"from","Type":15,"Integer":0,"String":"c","Interface":null}}
2025-08-15T22:13:46.147-0500	DEBUG	protocol/handler.go:1649	have all messages and processed	{"{round 20 3  <nil>}": {"Key":"self","Type":15,"Integer":0,"String":"a","Interface":null}}
2025-08-15T22:13:46.147-0500	DEBUG	protocol/handler.go:596	round already finalized
2025-08-15T22:13:46.151-0500	DEBUG	protocol/handler.go:581	tryAdvanceRound called	{"{current_round 20 3  <nil>}": {"Key":"self","Type":15,"Integer":0,"String":"b","Interface":null}}
2025-08-15T22:13:46.151-0500	DEBUG	protocol/handler.go:581	tryAdvanceRound called	{"{current_round 20 3  <nil>}": {"Key":"self","Type":15,"Integer":0,"String":"c","Interface":null}}
2025-08-15T22:13:46.151-0500	DEBUG	protocol/handler.go:1591	have processed broadcast	{"{round 20 3  <nil>}": {"Key":"from","Type":15,"Integer":0,"String":"a","Interface":null}}
2025-08-15T22:13:46.151-0500	DEBUG	protocol/handler.go:1591	have processed broadcast	{"{round 20 3  <nil>}": {"Key":"from","Type":15,"Integer":0,"String":"c","Interface":null}}
2025-08-15T22:13:46.151-0500	DEBUG	protocol/handler.go:1591	have processed broadcast	{"{round 20 3  <nil>}": {"Key":"from","Type":15,"Integer":0,"String":"a","Interface":null}}
2025-08-15T22:13:46.151-0500	DEBUG	protocol/handler.go:1649	have all messages and processed	{"{round 20 3  <nil>}": {"Key":"self","Type":15,"Integer":0,"String":"b","Interface":null}}
2025-08-15T22:13:46.151-0500	DEBUG	protocol/handler.go:1591	have processed broadcast	{"{round 20 3  <nil>}": {"Key":"from","Type":15,"Integer":0,"String":"b","Interface":null}}
2025-08-15T22:13:46.151-0500	DEBUG	protocol/handler.go:596	round already finalized
2025-08-15T22:13:46.151-0500	DEBUG	protocol/handler.go:1649	have all messages and processed	{"{round 20 3  <nil>}": {"Key":"self","Type":15,"Integer":0,"String":"c","Interface":null}}
2025-08-15T22:13:46.151-0500	DEBUG	protocol/handler.go:596	round already finalized
2025-08-15T22:13:46.157-0500	DEBUG	protocol/handler.go:581	tryAdvanceRound called	{"{current_round 20 3  <nil>}": {"Key":"self","Type":15,"Integer":0,"String":"a","Interface":null}}
2025-08-15T22:13:46.157-0500	DEBUG	protocol/handler.go:1591	have processed broadcast	{"{round 20 3  <nil>}": {"Key":"from","Type":15,"Integer":0,"String":"b","Interface":null}}
2025-08-15T22:13:46.157-0500	DEBUG	protocol/handler.go:1591	have processed broadcast	{"{round 20 3  <nil>}": {"Key":"from","Type":15,"Integer":0,"String":"c","Interface":null}}
2025-08-15T22:13:46.157-0500	DEBUG	protocol/handler.go:1649	have all messages and processed	{"{round 20 3  <nil>}": {"Key":"self","Type":15,"Integer":0,"String":"a","Interface":null}}
2025-08-15T22:13:46.157-0500	DEBUG	protocol/handler.go:596	round already finalized
2025-08-15T22:13:46.161-0500	DEBUG	protocol/handler.go:581	tryAdvanceRound called	{"{current_round 20 3  <nil>}": {"Key":"self","Type":15,"Integer":0,"String":"b","Interface":null}}
2025-08-15T22:13:46.161-0500	DEBUG	protocol/handler.go:581	tryAdvanceRound called	{"{current_round 20 3  <nil>}": {"Key":"self","Type":15,"Integer":0,"String":"c","Interface":null}}
2025-08-15T22:13:46.161-0500	DEBUG	protocol/handler.go:1591	have processed broadcast	{"{round 20 3  <nil>}": {"Key":"from","Type":15,"Integer":0,"String":"a","Interface":null}}
2025-08-15T22:13:46.161-0500	DEBUG	protocol/handler.go:1591	have processed broadcast	{"{round 20 3  <nil>}": {"Key":"from","Type":15,"Integer":0,"String":"a","Interface":null}}
2025-08-15T22:13:46.161-0500	DEBUG	protocol/handler.go:1591	have processed broadcast	{"{round 20 3  <nil>}": {"Key":"from","Type":15,"Integer":0,"String":"c","Interface":null}}
2025-08-15T22:13:46.161-0500	DEBUG	protocol/handler.go:1591	have processed broadcast	{"{round 20 3  <nil>}": {"Key":"from","Type":15,"Integer":0,"String":"b","Interface":null}}
2025-08-15T22:13:46.161-0500	DEBUG	protocol/handler.go:1649	have all messages and processed	{"{round 20 3  <nil>}": {"Key":"self","Type":15,"Integer":0,"String":"b","Interface":null}}
2025-08-15T22:13:46.161-0500	DEBUG	protocol/handler.go:1649	have all messages and processed	{"{round 20 3  <nil>}": {"Key":"self","Type":15,"Integer":0,"String":"c","Interface":null}}
2025-08-15T22:13:46.161-0500	DEBUG	protocol/handler.go:596	round already finalized
2025-08-15T22:13:46.161-0500	DEBUG	protocol/handler.go:596	round already finalized
2025-08-15T22:13:46.167-0500	DEBUG	protocol/handler.go:581	tryAdvanceRound called	{"{current_round 20 3  <nil>}": {"Key":"self","Type":15,"Integer":0,"String":"a","Interface":null}}
2025-08-15T22:13:46.167-0500	DEBUG	protocol/handler.go:1591	have processed broadcast	{"{round 20 3  <nil>}": {"Key":"from","Type":15,"Integer":0,"String":"b","Interface":null}}
2025-08-15T22:13:46.167-0500	DEBUG	protocol/handler.go:1591	have processed broadcast	{"{round 20 3  <nil>}": {"Key":"from","Type":15,"Integer":0,"String":"c","Interface":null}}
2025-08-15T22:13:46.167-0500	DEBUG	protocol/handler.go:1649	have all messages and processed	{"{round 20 3  <nil>}": {"Key":"self","Type":15,"Integer":0,"String":"a","Interface":null}}
2025-08-15T22:13:46.167-0500	DEBUG	protocol/handler.go:596	round already finalized
2025-08-15T22:13:46.171-0500	DEBUG	protocol/handler.go:581	tryAdvanceRound called	{"{current_round 20 3  <nil>}": {"Key":"self","Type":15,"Integer":0,"String":"b","Interface":null}}
2025-08-15T22:13:46.171-0500	DEBUG	protocol/handler.go:581	tryAdvanceRound called	{"{current_round 20 3  <nil>}": {"Key":"self","Type":15,"Integer":0,"String":"c","Interface":null}}
2025-08-15T22:13:46.171-0500	DEBUG	protocol/handler.go:1591	have processed broadcast	{"{round 20 3  <nil>}": {"Key":"from","Type":15,"Integer":0,"String":"a","Interface":null}}
2025-08-15T22:13:46.171-0500	DEBUG	protocol/handler.go:1591	have processed broadcast	{"{round 20 3  <nil>}": {"Key":"from","Type":15,"Integer":0,"String":"a","Interface":null}}
2025-08-15T22:13:46.171-0500	DEBUG	protocol/handler.go:1591	have processed broadcast	{"{round 20 3  <nil>}": {"Key":"from","Type":15,"Integer":0,"String":"c","Interface":null}}
2025-08-15T22:13:46.171-0500	DEBUG	protocol/handler.go:1591	have processed broadcast	{"{round 20 3  <nil>}": {"Key":"from","Type":15,"Integer":0,"String":"b","Interface":null}}
2025-08-15T22:13:46.171-0500	DEBUG	protocol/handler.go:1649	have all messages and processed	{"{round 20 3  <nil>}": {"Key":"self","Type":15,"Integer":0,"String":"b","Interface":null}}
2025-08-15T22:13:46.171-0500	DEBUG	protocol/handler.go:1649	have all messages and processed	{"{round 20 3  <nil>}": {"Key":"self","Type":15,"Integer":0,"String":"c","Interface":null}}
2025-08-15T22:13:46.171-0500	DEBUG	protocol/handler.go:596	round already finalized
2025-08-15T22:13:46.171-0500	DEBUG	protocol/handler.go:596	round already finalized
2025-08-15T22:13:46.177-0500	DEBUG	protocol/handler.go:581	tryAdvanceRound called	{"{current_round 20 3  <nil>}": {"Key":"self","Type":15,"Integer":0,"String":"a","Interface":null}}
2025-08-15T22:13:46.177-0500	DEBUG	protocol/handler.go:1591	have processed broadcast	{"{round 20 3  <nil>}": {"Key":"from","Type":15,"Integer":0,"String":"b","Interface":null}}
2025-08-15T22:13:46.177-0500	DEBUG	protocol/handler.go:1591	have processed broadcast	{"{round 20 3  <nil>}": {"Key":"from","Type":15,"Integer":0,"String":"c","Interface":null}}
2025-08-15T22:13:46.177-0500	DEBUG	protocol/handler.go:1649	have all messages and processed	{"{round 20 3  <nil>}": {"Key":"self","Type":15,"Integer":0,"String":"a","Interface":null}}
2025-08-15T22:13:46.177-0500	DEBUG	protocol/handler.go:596	round already finalized
2025-08-15T22:13:46.181-0500	DEBUG	protocol/handler.go:581	tryAdvanceRound called	{"{current_round 20 3  <nil>}": {"Key":"self","Type":15,"Integer":0,"String":"b","Interface":null}}
2025-08-15T22:13:46.181-0500	DEBUG	protocol/handler.go:581	tryAdvanceRound called	{"{current_round 20 3  <nil>}": {"Key":"self","Type":15,"Integer":0,"String":"c","Interface":null}}
2025-08-15T22:13:46.181-0500	DEBUG	protocol/handler.go:1591	have processed broadcast	{"{round 20 3  <nil>}": {"Key":"from","Type":15,"Integer":0,"String":"a","Interface":null}}
2025-08-15T22:13:46.181-0500	DEBUG	protocol/handler.go:1591	have processed broadcast	{"{round 20 3  <nil>}": {"Key":"from","Type":15,"Integer":0,"String":"a","Interface":null}}
2025-08-15T22:13:46.181-0500	DEBUG	protocol/handler.go:1591	have processed broadcast	{"{round 20 3  <nil>}": {"Key":"from","Type":15,"Integer":0,"String":"c","Interface":null}}
2025-08-15T22:13:46.181-0500	DEBUG	protocol/handler.go:1591	have processed broadcast	{"{round 20 3  <nil>}": {"Key":"from","Type":15,"Integer":0,"String":"b","Interface":null}}
2025-08-15T22:13:46.181-0500	DEBUG	protocol/handler.go:1649	have all messages and processed	{"{round 20 3  <nil>}": {"Key":"self","Type":15,"Integer":0,"String":"b","Interface":null}}
2025-08-15T22:13:46.181-0500	DEBUG	protocol/handler.go:1649	have all messages and processed	{"{round 20 3  <nil>}": {"Key":"self","Type":15,"Integer":0,"String":"c","Interface":null}}
2025-08-15T22:13:46.181-0500	DEBUG	protocol/handler.go:596	round already finalized
2025-08-15T22:13:46.181-0500	DEBUG	protocol/handler.go:596	round already finalized
2025-08-15T22:13:46.187-0500	DEBUG	protocol/handler.go:581	tryAdvanceRound called	{"{current_round 20 3  <nil>}": {"Key":"self","Type":15,"Integer":0,"String":"a","Interface":null}}
2025-08-15T22:13:46.187-0500	DEBUG	protocol/handler.go:1591	have processed broadcast	{"{round 20 3  <nil>}": {"Key":"from","Type":15,"Integer":0,"String":"b","Interface":null}}
2025-08-15T22:13:46.187-0500	DEBUG	protocol/handler.go:1591	have processed broadcast	{"{round 20 3  <nil>}": {"Key":"from","Type":15,"Integer":0,"String":"c","Interface":null}}
2025-08-15T22:13:46.187-0500	DEBUG	protocol/handler.go:1649	have all messages and processed	{"{round 20 3  <nil>}": {"Key":"self","Type":15,"Integer":0,"String":"a","Interface":null}}
2025-08-15T22:13:46.187-0500	DEBUG	protocol/handler.go:596	round already finalized
2025-08-15T22:13:46.191-0500	DEBUG	protocol/handler.go:581	tryAdvanceRound called	{"{current_round 20 3  <nil>}": {"Key":"self","Type":15,"Integer":0,"String":"b","Interface":null}}
2025-08-15T22:13:46.191-0500	DEBUG	protocol/handler.go:581	tryAdvanceRound called	{"{current_round 20 3  <nil>}": {"Key":"self","Type":15,"Integer":0,"String":"c","Interface":null}}
2025-08-15T22:13:46.191-0500	DEBUG	protocol/handler.go:1591	have processed broadcast	{"{round 20 3  <nil>}": {"Key":"from","Type":15,"Integer":0,"String":"a","Interface":null}}
2025-08-15T22:13:46.191-0500	DEBUG	protocol/handler.go:1591	have processed broadcast	{"{round 20 3  <nil>}": {"Key":"from","Type":15,"Integer":0,"String":"a","Interface":null}}
2025-08-15T22:13:46.191-0500	DEBUG	protocol/handler.go:1591	have processed broadcast	{"{round 20 3  <nil>}": {"Key":"from","Type":15,"Integer":0,"String":"c","Interface":null}}
2025-08-15T22:13:46.191-0500	DEBUG	protocol/handler.go:1591	have processed broadcast	{"{round 20 3  <nil>}": {"Key":"from","Type":15,"Integer":0,"String":"b","Interface":null}}
2025-08-15T22:13:46.191-0500	DEBUG	protocol/handler.go:1649	have all messages and processed	{"{round 20 3  <nil>}": {"Key":"self","Type":15,"Integer":0,"String":"b","Interface":null}}
2025-08-15T22:13:46.191-0500	DEBUG	protocol/handler.go:1649	have all messages and processed	{"{round 20 3  <nil>}": {"Key":"self","Type":15,"Integer":0,"String":"c","Interface":null}}
2025-08-15T22:13:46.191-0500	DEBUG	protocol/handler.go:596	round already finalized
2025-08-15T22:13:46.191-0500	DEBUG	protocol/handler.go:596	round already finalized
2025-08-15T22:13:46.197-0500	DEBUG	protocol/handler.go:581	tryAdvanceRound called	{"{current_round 20 3  <nil>}": {"Key":"self","Type":15,"Integer":0,"String":"a","Interface":null}}
2025-08-15T22:13:46.197-0500	DEBUG	protocol/handler.go:1591	have processed broadcast	{"{round 20 3  <nil>}": {"Key":"from","Type":15,"Integer":0,"String":"b","Interface":null}}
2025-08-15T22:13:46.197-0500	DEBUG	protocol/handler.go:1591	have processed broadcast	{"{round 20 3  <nil>}": {"Key":"from","Type":15,"Integer":0,"String":"c","Interface":null}}
2025-08-15T22:13:46.197-0500	DEBUG	protocol/handler.go:1649	have all messages and processed	{"{round 20 3  <nil>}": {"Key":"self","Type":15,"Integer":0,"String":"a","Interface":null}}
2025-08-15T22:13:46.197-0500	DEBUG	protocol/handler.go:596	round already finalized
2025-08-15T22:13:46.201-0500	DEBUG	protocol/handler.go:581	tryAdvanceRound called	{"{current_round 20 3  <nil>}": {"Key":"self","Type":15,"Integer":0,"String":"b","Interface":null}}
2025-08-15T22:13:46.201-0500	DEBUG	protocol/handler.go:581	tryAdvanceRound called	{"{current_round 20 3  <nil>}": {"Key":"self","Type":15,"Integer":0,"String":"c","Interface":null}}
2025-08-15T22:13:46.201-0500	DEBUG	protocol/handler.go:1591	have processed broadcast	{"{round 20 3  <nil>}": {"Key":"from","Type":15,"Integer":0,"String":"a","Interface":null}}
2025-08-15T22:13:46.201-0500	DEBUG	protocol/handler.go:1591	have processed broadcast	{"{round 20 3  <nil>}": {"Key":"from","Type":15,"Integer":0,"String":"a","Interface":null}}
2025-08-15T22:13:46.201-0500	DEBUG	protocol/handler.go:1591	have processed broadcast	{"{round 20 3  <nil>}": {"Key":"from","Type":15,"Integer":0,"String":"c","Interface":null}}
2025-08-15T22:13:46.201-0500	DEBUG	protocol/handler.go:1591	have processed broadcast	{"{round 20 3  <nil>}": {"Key":"from","Type":15,"Integer":0,"String":"b","Interface":null}}
2025-08-15T22:13:46.201-0500	DEBUG	protocol/handler.go:1649	have all messages and processed	{"{round 20 3  <nil>}": {"Key":"self","Type":15,"Integer":0,"String":"b","Interface":null}}
2025-08-15T22:13:46.201-0500	DEBUG	protocol/handler.go:596	round already finalized
2025-08-15T22:13:46.201-0500	DEBUG	protocol/handler.go:1649	have all messages and processed	{"{round 20 3  <nil>}": {"Key":"self","Type":15,"Integer":0,"String":"c","Interface":null}}
2025-08-15T22:13:46.201-0500	DEBUG	protocol/handler.go:596	round already finalized
2025-08-15T22:13:46.207-0500	DEBUG	protocol/handler.go:581	tryAdvanceRound called	{"{current_round 20 3  <nil>}": {"Key":"self","Type":15,"Integer":0,"String":"a","Interface":null}}
2025-08-15T22:13:46.207-0500	DEBUG	protocol/handler.go:1591	have processed broadcast	{"{round 20 3  <nil>}": {"Key":"from","Type":15,"Integer":0,"String":"b","Interface":null}}
2025-08-15T22:13:46.207-0500	DEBUG	protocol/handler.go:1591	have processed broadcast	{"{round 20 3  <nil>}": {"Key":"from","Type":15,"Integer":0,"String":"c","Interface":null}}
2025-08-15T22:13:46.207-0500	DEBUG	protocol/handler.go:1649	have all messages and processed	{"{round 20 3  <nil>}": {"Key":"self","Type":15,"Integer":0,"String":"a","Interface":null}}
2025-08-15T22:13:46.207-0500	DEBUG	protocol/handler.go:596	round already finalized
2025-08-15T22:13:46.211-0500	DEBUG	protocol/handler.go:581	tryAdvanceRound called	{"{current_round 20 3  <nil>}": {"Key":"self","Type":15,"Integer":0,"String":"b","Interface":null}}
2025-08-15T22:13:46.211-0500	DEBUG	protocol/handler.go:581	tryAdvanceRound called	{"{current_round 20 3  <nil>}": {"Key":"self","Type":15,"Integer":0,"String":"c","Interface":null}}
2025-08-15T22:13:46.211-0500	DEBUG	protocol/handler.go:1591	have processed broadcast	{"{round 20 3  <nil>}": {"Key":"from","Type":15,"Integer":0,"String":"a","Interface":null}}
2025-08-15T22:13:46.211-0500	DEBUG	protocol/handler.go:1591	have processed broadcast	{"{round 20 3  <nil>}": {"Key":"from","Type":15,"Integer":0,"String":"a","Interface":null}}
2025-08-15T22:13:46.211-0500	DEBUG	protocol/handler.go:1591	have processed broadcast	{"{round 20 3  <nil>}": {"Key":"from","Type":15,"Integer":0,"String":"c","Interface":null}}
2025-08-15T22:13:46.211-0500	DEBUG	protocol/handler.go:1591	have processed broadcast	{"{round 20 3  <nil>}": {"Key":"from","Type":15,"Integer":0,"String":"b","Interface":null}}
2025-08-15T22:13:46.211-0500	DEBUG	protocol/handler.go:1649	have all messages and processed	{"{round 20 3  <nil>}": {"Key":"self","Type":15,"Integer":0,"String":"b","Interface":null}}
2025-08-15T22:13:46.211-0500	DEBUG	protocol/handler.go:596	round already finalized
2025-08-15T22:13:46.211-0500	DEBUG	protocol/handler.go:1649	have all messages and processed	{"{round 20 3  <nil>}": {"Key":"self","Type":15,"Integer":0,"String":"c","Interface":null}}
2025-08-15T22:13:46.211-0500	DEBUG	protocol/handler.go:596	round already finalized
2025-08-15T22:13:46.217-0500	DEBUG	protocol/handler.go:581	tryAdvanceRound called	{"{current_round 20 3  <nil>}": {"Key":"self","Type":15,"Integer":0,"String":"a","Interface":null}}
2025-08-15T22:13:46.217-0500	DEBUG	protocol/handler.go:1591	have processed broadcast	{"{round 20 3  <nil>}": {"Key":"from","Type":15,"Integer":0,"String":"b","Interface":null}}
2025-08-15T22:13:46.217-0500	DEBUG	protocol/handler.go:1591	have processed broadcast	{"{round 20 3  <nil>}": {"Key":"from","Type":15,"Integer":0,"String":"c","Interface":null}}
2025-08-15T22:13:46.217-0500	DEBUG	protocol/handler.go:1649	have all messages and processed	{"{round 20 3  <nil>}": {"Key":"self","Type":15,"Integer":0,"String":"a","Interface":null}}
2025-08-15T22:13:46.217-0500	DEBUG	protocol/handler.go:596	round already finalized
2025-08-15T22:13:46.221-0500	DEBUG	protocol/handler.go:581	tryAdvanceRound called	{"{current_round 20 3  <nil>}": {"Key":"self","Type":15,"Integer":0,"String":"b","Interface":null}}
2025-08-15T22:13:46.221-0500	DEBUG	protocol/handler.go:581	tryAdvanceRound called	{"{current_round 20 3  <nil>}": {"Key":"self","Type":15,"Integer":0,"String":"c","Interface":null}}
2025-08-15T22:13:46.221-0500	DEBUG	protocol/handler.go:1591	have processed broadcast	{"{round 20 3  <nil>}": {"Key":"from","Type":15,"Integer":0,"String":"a","Interface":null}}
2025-08-15T22:13:46.221-0500	DEBUG	protocol/handler.go:1591	have processed broadcast	{"{round 20 3  <nil>}": {"Key":"from","Type":15,"Integer":0,"String":"a","Interface":null}}
2025-08-15T22:13:46.221-0500	DEBUG	protocol/handler.go:1591	have processed broadcast	{"{round 20 3  <nil>}": {"Key":"from","Type":15,"Integer":0,"String":"c","Interface":null}}
2025-08-15T22:13:46.221-0500	DEBUG	protocol/handler.go:1591	have processed broadcast	{"{round 20 3  <nil>}": {"Key":"from","Type":15,"Integer":0,"String":"b","Interface":null}}
2025-08-15T22:13:46.221-0500	DEBUG	protocol/handler.go:1649	have all messages and processed	{"{round 20 3  <nil>}": {"Key":"self","Type":15,"Integer":0,"String":"b","Interface":null}}
2025-08-15T22:13:46.221-0500	DEBUG	protocol/handler.go:1649	have all messages and processed	{"{round 20 3  <nil>}": {"Key":"self","Type":15,"Integer":0,"String":"c","Interface":null}}
2025-08-15T22:13:46.221-0500	DEBUG	protocol/handler.go:596	round already finalized
2025-08-15T22:13:46.221-0500	DEBUG	protocol/handler.go:596	round already finalized
2025-08-15T22:13:46.227-0500	DEBUG	protocol/handler.go:581	tryAdvanceRound called	{"{current_round 20 3  <nil>}": {"Key":"self","Type":15,"Integer":0,"String":"a","Interface":null}}
2025-08-15T22:13:46.227-0500	DEBUG	protocol/handler.go:1591	have processed broadcast	{"{round 20 3  <nil>}": {"Key":"from","Type":15,"Integer":0,"String":"b","Interface":null}}
2025-08-15T22:13:46.227-0500	DEBUG	protocol/handler.go:1591	have processed broadcast	{"{round 20 3  <nil>}": {"Key":"from","Type":15,"Integer":0,"String":"c","Interface":null}}
2025-08-15T22:13:46.227-0500	DEBUG	protocol/handler.go:1649	have all messages and processed	{"{round 20 3  <nil>}": {"Key":"self","Type":15,"Integer":0,"String":"a","Interface":null}}
2025-08-15T22:13:46.227-0500	DEBUG	protocol/handler.go:596	round already finalized
2025-08-15T22:13:46.231-0500	DEBUG	protocol/handler.go:581	tryAdvanceRound called	{"{current_round 20 3  <nil>}": {"Key":"self","Type":15,"Integer":0,"String":"b","Interface":null}}
2025-08-15T22:13:46.231-0500	DEBUG	protocol/handler.go:581	tryAdvanceRound called	{"{current_round 20 3  <nil>}": {"Key":"self","Type":15,"Integer":0,"String":"c","Interface":null}}
2025-08-15T22:13:46.231-0500	DEBUG	protocol/handler.go:1591	have processed broadcast	{"{round 20 3  <nil>}": {"Key":"from","Type":15,"Integer":0,"String":"a","Interface":null}}
2025-08-15T22:13:46.231-0500	DEBUG	protocol/handler.go:1591	have processed broadcast	{"{round 20 3  <nil>}": {"Key":"from","Type":15,"Integer":0,"String":"a","Interface":null}}
2025-08-15T22:13:46.231-0500	DEBUG	protocol/handler.go:1591	have processed broadcast	{"{round 20 3  <nil>}": {"Key":"from","Type":15,"Integer":0,"String":"c","Interface":null}}
2025-08-15T22:13:46.231-0500	DEBUG	protocol/handler.go:1591	have processed broadcast	{"{round 20 3  <nil>}": {"Key":"from","Type":15,"Integer":0,"String":"b","Interface":null}}
2025-08-15T22:13:46.231-0500	DEBUG	protocol/handler.go:1649	have all messages and processed	{"{round 20 3  <nil>}": {"Key":"self","Type":15,"Integer":0,"String":"b","Interface":null}}
2025-08-15T22:13:46.231-0500	DEBUG	protocol/handler.go:1649	have all messages and processed	{"{round 20 3  <nil>}": {"Key":"self","Type":15,"Integer":0,"String":"c","Interface":null}}
2025-08-15T22:13:46.231-0500	DEBUG	protocol/handler.go:596	round already finalized
2025-08-15T22:13:46.231-0500	DEBUG	protocol/handler.go:596	round already finalized
2025-08-15T22:13:46.237-0500	DEBUG	protocol/handler.go:581	tryAdvanceRound called	{"{current_round 20 3  <nil>}": {"Key":"self","Type":15,"Integer":0,"String":"a","Interface":null}}
2025-08-15T22:13:46.237-0500	DEBUG	protocol/handler.go:1591	have processed broadcast	{"{round 20 3  <nil>}": {"Key":"from","Type":15,"Integer":0,"String":"b","Interface":null}}
2025-08-15T22:13:46.237-0500	DEBUG	protocol/handler.go:1591	have processed broadcast	{"{round 20 3  <nil>}": {"Key":"from","Type":15,"Integer":0,"String":"c","Interface":null}}
2025-08-15T22:13:46.237-0500	DEBUG	protocol/handler.go:1649	have all messages and processed	{"{round 20 3  <nil>}": {"Key":"self","Type":15,"Integer":0,"String":"a","Interface":null}}
2025-08-15T22:13:46.237-0500	DEBUG	protocol/handler.go:596	round already finalized
2025-08-15T22:13:46.241-0500	DEBUG	protocol/handler.go:581	tryAdvanceRound called	{"{current_round 20 3  <nil>}": {"Key":"self","Type":15,"Integer":0,"String":"b","Interface":null}}
2025-08-15T22:13:46.241-0500	DEBUG	protocol/handler.go:581	tryAdvanceRound called	{"{current_round 20 3  <nil>}": {"Key":"self","Type":15,"Integer":0,"String":"c","Interface":null}}
2025-08-15T22:13:46.241-0500	DEBUG	protocol/handler.go:1591	have processed broadcast	{"{round 20 3  <nil>}": {"Key":"from","Type":15,"Integer":0,"String":"a","Interface":null}}
2025-08-15T22:13:46.241-0500	DEBUG	protocol/handler.go:1591	have processed broadcast	{"{round 20 3  <nil>}": {"Key":"from","Type":15,"Integer":0,"String":"a","Interface":null}}
2025-08-15T22:13:46.241-0500	DEBUG	protocol/handler.go:1591	have processed broadcast	{"{round 20 3  <nil>}": {"Key":"from","Type":15,"Integer":0,"String":"c","Interface":null}}
2025-08-15T22:13:46.241-0500	DEBUG	protocol/handler.go:1591	have processed broadcast	{"{round 20 3  <nil>}": {"Key":"from","Type":15,"Integer":0,"String":"b","Interface":null}}
2025-08-15T22:13:46.241-0500	DEBUG	protocol/handler.go:1649	have all messages and processed	{"{round 20 3  <nil>}": {"Key":"self","Type":15,"Integer":0,"String":"b","Interface":null}}
2025-08-15T22:13:46.241-0500	DEBUG	protocol/handler.go:1649	have all messages and processed	{"{round 20 3  <nil>}": {"Key":"self","Type":15,"Integer":0,"String":"c","Interface":null}}
2025-08-15T22:13:46.241-0500	DEBUG	protocol/handler.go:596	round already finalized
2025-08-15T22:13:46.241-0500	DEBUG	protocol/handler.go:596	round already finalized
2025-08-15T22:13:46.247-0500	DEBUG	protocol/handler.go:581	tryAdvanceRound called	{"{current_round 20 3  <nil>}": {"Key":"self","Type":15,"Integer":0,"String":"a","Interface":null}}
2025-08-15T22:13:46.247-0500	DEBUG	protocol/handler.go:1591	have processed broadcast	{"{round 20 3  <nil>}": {"Key":"from","Type":15,"Integer":0,"String":"b","Interface":null}}
2025-08-15T22:13:46.247-0500	DEBUG	protocol/handler.go:1591	have processed broadcast	{"{round 20 3  <nil>}": {"Key":"from","Type":15,"Integer":0,"String":"c","Interface":null}}
2025-08-15T22:13:46.247-0500	DEBUG	protocol/handler.go:1649	have all messages and processed	{"{round 20 3  <nil>}": {"Key":"self","Type":15,"Integer":0,"String":"a","Interface":null}}
2025-08-15T22:13:46.247-0500	DEBUG	protocol/handler.go:596	round already finalized
2025-08-15T22:13:46.251-0500	DEBUG	protocol/handler.go:581	tryAdvanceRound called	{"{current_round 20 3  <nil>}": {"Key":"self","Type":15,"Integer":0,"String":"b","Interface":null}}
2025-08-15T22:13:46.251-0500	DEBUG	protocol/handler.go:1591	have processed broadcast	{"{round 20 3  <nil>}": {"Key":"from","Type":15,"Integer":0,"String":"a","Interface":null}}
2025-08-15T22:13:46.251-0500	DEBUG	protocol/handler.go:1591	have processed broadcast	{"{round 20 3  <nil>}": {"Key":"from","Type":15,"Integer":0,"String":"c","Interface":null}}
2025-08-15T22:13:46.251-0500	DEBUG	protocol/handler.go:1649	have all messages and processed	{"{round 20 3  <nil>}": {"Key":"self","Type":15,"Integer":0,"String":"b","Interface":null}}
2025-08-15T22:13:46.251-0500	DEBUG	protocol/handler.go:596	round already finalized
2025-08-15T22:13:46.251-0500	DEBUG	protocol/handler.go:581	tryAdvanceRound called	{"{current_round 20 3  <nil>}": {"Key":"self","Type":15,"Integer":0,"String":"c","Interface":null}}
2025-08-15T22:13:46.251-0500	DEBUG	protocol/handler.go:1591	have processed broadcast	{"{round 20 3  <nil>}": {"Key":"from","Type":15,"Integer":0,"String":"a","Interface":null}}
2025-08-15T22:13:46.251-0500	DEBUG	protocol/handler.go:1591	have processed broadcast	{"{round 20 3  <nil>}": {"Key":"from","Type":15,"Integer":0,"String":"b","Interface":null}}
2025-08-15T22:13:46.251-0500	DEBUG	protocol/handler.go:1649	have all messages and processed	{"{round 20 3  <nil>}": {"Key":"self","Type":15,"Integer":0,"String":"c","Interface":null}}
2025-08-15T22:13:46.251-0500	DEBUG	protocol/handler.go:596	round already finalized
2025-08-15T22:13:46.256-0500	DEBUG	protocol/handler.go:581	tryAdvanceRound called	{"{current_round 20 3  <nil>}": {"Key":"self","Type":15,"Integer":0,"String":"a","Interface":null}}
2025-08-15T22:13:46.256-0500	DEBUG	protocol/handler.go:1591	have processed broadcast	{"{round 20 3  <nil>}": {"Key":"from","Type":15,"Integer":0,"String":"b","Interface":null}}
2025-08-15T22:13:46.256-0500	DEBUG	protocol/handler.go:1591	have processed broadcast	{"{round 20 3  <nil>}": {"Key":"from","Type":15,"Integer":0,"String":"c","Interface":null}}
2025-08-15T22:13:46.257-0500	DEBUG	protocol/handler.go:1649	have all messages and processed	{"{round 20 3  <nil>}": {"Key":"self","Type":15,"Integer":0,"String":"a","Interface":null}}
2025-08-15T22:13:46.257-0500	DEBUG	protocol/handler.go:596	round already finalized
2025-08-15T22:13:46.261-0500	DEBUG	protocol/handler.go:581	tryAdvanceRound called	{"{current_round 20 3  <nil>}": {"Key":"self","Type":15,"Integer":0,"String":"c","Interface":null}}
2025-08-15T22:13:46.261-0500	DEBUG	protocol/handler.go:581	tryAdvanceRound called	{"{current_round 20 3  <nil>}": {"Key":"self","Type":15,"Integer":0,"String":"b","Interface":null}}
2025-08-15T22:13:46.261-0500	DEBUG	protocol/handler.go:1591	have processed broadcast	{"{round 20 3  <nil>}": {"Key":"from","Type":15,"Integer":0,"String":"a","Interface":null}}
2025-08-15T22:13:46.261-0500	DEBUG	protocol/handler.go:1591	have processed broadcast	{"{round 20 3  <nil>}": {"Key":"from","Type":15,"Integer":0,"String":"a","Interface":null}}
2025-08-15T22:13:46.261-0500	DEBUG	protocol/handler.go:1591	have processed broadcast	{"{round 20 3  <nil>}": {"Key":"from","Type":15,"Integer":0,"String":"b","Interface":null}}
2025-08-15T22:13:46.261-0500	DEBUG	protocol/handler.go:1591	have processed broadcast	{"{round 20 3  <nil>}": {"Key":"from","Type":15,"Integer":0,"String":"c","Interface":null}}
2025-08-15T22:13:46.261-0500	DEBUG	protocol/handler.go:1649	have all messages and processed	{"{round 20 3  <nil>}": {"Key":"self","Type":15,"Integer":0,"String":"c","Interface":null}}
2025-08-15T22:13:46.261-0500	DEBUG	protocol/handler.go:596	round already finalized
2025-08-15T22:13:46.261-0500	DEBUG	protocol/handler.go:1649	have all messages and processed	{"{round 20 3  <nil>}": {"Key":"self","Type":15,"Integer":0,"String":"b","Interface":null}}
2025-08-15T22:13:46.261-0500	DEBUG	protocol/handler.go:596	round already finalized
2025-08-15T22:13:46.267-0500	DEBUG	protocol/handler.go:581	tryAdvanceRound called	{"{current_round 20 3  <nil>}": {"Key":"self","Type":15,"Integer":0,"String":"a","Interface":null}}
2025-08-15T22:13:46.267-0500	DEBUG	protocol/handler.go:1591	have processed broadcast	{"{round 20 3  <nil>}": {"Key":"from","Type":15,"Integer":0,"String":"b","Interface":null}}
2025-08-15T22:13:46.267-0500	DEBUG	protocol/handler.go:1591	have processed broadcast	{"{round 20 3  <nil>}": {"Key":"from","Type":15,"Integer":0,"String":"c","Interface":null}}
2025-08-15T22:13:46.267-0500	DEBUG	protocol/handler.go:1649	have all messages and processed	{"{round 20 3  <nil>}": {"Key":"self","Type":15,"Integer":0,"String":"a","Interface":null}}
2025-08-15T22:13:46.267-0500	DEBUG	protocol/handler.go:596	round already finalized
2025-08-15T22:13:46.271-0500	DEBUG	protocol/handler.go:581	tryAdvanceRound called	{"{current_round 20 3  <nil>}": {"Key":"self","Type":15,"Integer":0,"String":"c","Interface":null}}
2025-08-15T22:13:46.271-0500	DEBUG	protocol/handler.go:1591	have processed broadcast	{"{round 20 3  <nil>}": {"Key":"from","Type":15,"Integer":0,"String":"a","Interface":null}}
2025-08-15T22:13:46.271-0500	DEBUG	protocol/handler.go:1591	have processed broadcast	{"{round 20 3  <nil>}": {"Key":"from","Type":15,"Integer":0,"String":"b","Interface":null}}
2025-08-15T22:13:46.271-0500	DEBUG	protocol/handler.go:1649	have all messages and processed	{"{round 20 3  <nil>}": {"Key":"self","Type":15,"Integer":0,"String":"c","Interface":null}}
2025-08-15T22:13:46.271-0500	DEBUG	protocol/handler.go:596	round already finalized
2025-08-15T22:13:46.271-0500	DEBUG	protocol/handler.go:581	tryAdvanceRound called	{"{current_round 20 3  <nil>}": {"Key":"self","Type":15,"Integer":0,"String":"b","Interface":null}}
2025-08-15T22:13:46.272-0500	DEBUG	protocol/handler.go:1591	have processed broadcast	{"{round 20 3  <nil>}": {"Key":"from","Type":15,"Integer":0,"String":"a","Interface":null}}
2025-08-15T22:13:46.272-0500	DEBUG	protocol/handler.go:1591	have processed broadcast	{"{round 20 3  <nil>}": {"Key":"from","Type":15,"Integer":0,"String":"c","Interface":null}}
2025-08-15T22:13:46.272-0500	DEBUG	protocol/handler.go:1649	have all messages and processed	{"{round 20 3  <nil>}": {"Key":"self","Type":15,"Integer":0,"String":"b","Interface":null}}
2025-08-15T22:13:46.272-0500	DEBUG	protocol/handler.go:596	round already finalized
2025-08-15T22:13:46.277-0500	DEBUG	protocol/handler.go:581	tryAdvanceRound called	{"{current_round 20 3  <nil>}": {"Key":"self","Type":15,"Integer":0,"String":"a","Interface":null}}
2025-08-15T22:13:46.277-0500	DEBUG	protocol/handler.go:1591	have processed broadcast	{"{round 20 3  <nil>}": {"Key":"from","Type":15,"Integer":0,"String":"b","Interface":null}}
2025-08-15T22:13:46.277-0500	DEBUG	protocol/handler.go:1591	have processed broadcast	{"{round 20 3  <nil>}": {"Key":"from","Type":15,"Integer":0,"String":"c","Interface":null}}
2025-08-15T22:13:46.277-0500	DEBUG	protocol/handler.go:1649	have all messages and processed	{"{round 20 3  <nil>}": {"Key":"self","Type":15,"Integer":0,"String":"a","Interface":null}}
2025-08-15T22:13:46.277-0500	DEBUG	protocol/handler.go:596	round already finalized
2025-08-15T22:13:46.281-0500	DEBUG	protocol/handler.go:581	tryAdvanceRound called	{"{current_round 20 3  <nil>}": {"Key":"self","Type":15,"Integer":0,"String":"b","Interface":null}}
2025-08-15T22:13:46.281-0500	DEBUG	protocol/handler.go:1591	have processed broadcast	{"{round 20 3  <nil>}": {"Key":"from","Type":15,"Integer":0,"String":"a","Interface":null}}
2025-08-15T22:13:46.281-0500	DEBUG	protocol/handler.go:1591	have processed broadcast	{"{round 20 3  <nil>}": {"Key":"from","Type":15,"Integer":0,"String":"c","Interface":null}}
2025-08-15T22:13:46.281-0500	DEBUG	protocol/handler.go:1649	have all messages and processed	{"{round 20 3  <nil>}": {"Key":"self","Type":15,"Integer":0,"String":"b","Interface":null}}
2025-08-15T22:13:46.281-0500	DEBUG	protocol/handler.go:596	round already finalized
2025-08-15T22:13:46.281-0500	DEBUG	protocol/handler.go:581	tryAdvanceRound called	{"{current_round 20 3  <nil>}": {"Key":"self","Type":15,"Integer":0,"String":"c","Interface":null}}
2025-08-15T22:13:46.281-0500	DEBUG	protocol/handler.go:1591	have processed broadcast	{"{round 20 3  <nil>}": {"Key":"from","Type":15,"Integer":0,"String":"a","Interface":null}}
2025-08-15T22:13:46.281-0500	DEBUG	protocol/handler.go:1591	have processed broadcast	{"{round 20 3  <nil>}": {"Key":"from","Type":15,"Integer":0,"String":"b","Interface":null}}
2025-08-15T22:13:46.282-0500	DEBUG	protocol/handler.go:1649	have all messages and processed	{"{round 20 3  <nil>}": {"Key":"self","Type":15,"Integer":0,"String":"c","Interface":null}}
2025-08-15T22:13:46.282-0500	DEBUG	protocol/handler.go:596	round already finalized
2025-08-15T22:13:46.287-0500	DEBUG	protocol/handler.go:581	tryAdvanceRound called	{"{current_round 20 3  <nil>}": {"Key":"self","Type":15,"Integer":0,"String":"a","Interface":null}}
2025-08-15T22:13:46.287-0500	DEBUG	protocol/handler.go:1591	have processed broadcast	{"{round 20 3  <nil>}": {"Key":"from","Type":15,"Integer":0,"String":"b","Interface":null}}
2025-08-15T22:13:46.287-0500	DEBUG	protocol/handler.go:1591	have processed broadcast	{"{round 20 3  <nil>}": {"Key":"from","Type":15,"Integer":0,"String":"c","Interface":null}}
2025-08-15T22:13:46.287-0500	DEBUG	protocol/handler.go:1649	have all messages and processed	{"{round 20 3  <nil>}": {"Key":"self","Type":15,"Integer":0,"String":"a","Interface":null}}
2025-08-15T22:13:46.287-0500	DEBUG	protocol/handler.go:596	round already finalized
2025-08-15T22:13:46.291-0500	DEBUG	protocol/handler.go:581	tryAdvanceRound called	{"{current_round 20 3  <nil>}": {"Key":"self","Type":15,"Integer":0,"String":"b","Interface":null}}
2025-08-15T22:13:46.291-0500	DEBUG	protocol/handler.go:581	tryAdvanceRound called	{"{current_round 20 3  <nil>}": {"Key":"self","Type":15,"Integer":0,"String":"c","Interface":null}}
2025-08-15T22:13:46.291-0500	DEBUG	protocol/handler.go:1591	have processed broadcast	{"{round 20 3  <nil>}": {"Key":"from","Type":15,"Integer":0,"String":"a","Interface":null}}
2025-08-15T22:13:46.291-0500	DEBUG	protocol/handler.go:1591	have processed broadcast	{"{round 20 3  <nil>}": {"Key":"from","Type":15,"Integer":0,"String":"a","Interface":null}}
2025-08-15T22:13:46.291-0500	DEBUG	protocol/handler.go:1591	have processed broadcast	{"{round 20 3  <nil>}": {"Key":"from","Type":15,"Integer":0,"String":"c","Interface":null}}
2025-08-15T22:13:46.291-0500	DEBUG	protocol/handler.go:1591	have processed broadcast	{"{round 20 3  <nil>}": {"Key":"from","Type":15,"Integer":0,"String":"b","Interface":null}}
2025-08-15T22:13:46.291-0500	DEBUG	protocol/handler.go:1649	have all messages and processed	{"{round 20 3  <nil>}": {"Key":"self","Type":15,"Integer":0,"String":"b","Interface":null}}
2025-08-15T22:13:46.291-0500	DEBUG	protocol/handler.go:596	round already finalized
2025-08-15T22:13:46.291-0500	DEBUG	protocol/handler.go:1649	have all messages and processed	{"{round 20 3  <nil>}": {"Key":"self","Type":15,"Integer":0,"String":"c","Interface":null}}
2025-08-15T22:13:46.291-0500	DEBUG	protocol/handler.go:596	round already finalized
2025-08-15T22:13:46.296-0500	DEBUG	protocol/handler.go:581	tryAdvanceRound called	{"{current_round 20 3  <nil>}": {"Key":"self","Type":15,"Integer":0,"String":"a","Interface":null}}
2025-08-15T22:13:46.297-0500	DEBUG	protocol/handler.go:1591	have processed broadcast	{"{round 20 3  <nil>}": {"Key":"from","Type":15,"Integer":0,"String":"b","Interface":null}}
2025-08-15T22:13:46.297-0500	DEBUG	protocol/handler.go:1591	have processed broadcast	{"{round 20 3  <nil>}": {"Key":"from","Type":15,"Integer":0,"String":"c","Interface":null}}
2025-08-15T22:13:46.297-0500	DEBUG	protocol/handler.go:1649	have all messages and processed	{"{round 20 3  <nil>}": {"Key":"self","Type":15,"Integer":0,"String":"a","Interface":null}}
2025-08-15T22:13:46.297-0500	DEBUG	protocol/handler.go:596	round already finalized
2025-08-15T22:13:46.301-0500	DEBUG	protocol/handler.go:581	tryAdvanceRound called	{"{current_round 20 3  <nil>}": {"Key":"self","Type":15,"Integer":0,"String":"c","Interface":null}}
2025-08-15T22:13:46.301-0500	DEBUG	protocol/handler.go:581	tryAdvanceRound called	{"{current_round 20 3  <nil>}": {"Key":"self","Type":15,"Integer":0,"String":"b","Interface":null}}
2025-08-15T22:13:46.301-0500	DEBUG	protocol/handler.go:1591	have processed broadcast	{"{round 20 3  <nil>}": {"Key":"from","Type":15,"Integer":0,"String":"a","Interface":null}}
2025-08-15T22:13:46.301-0500	DEBUG	protocol/handler.go:1591	have processed broadcast	{"{round 20 3  <nil>}": {"Key":"from","Type":15,"Integer":0,"String":"a","Interface":null}}
2025-08-15T22:13:46.301-0500	DEBUG	protocol/handler.go:1591	have processed broadcast	{"{round 20 3  <nil>}": {"Key":"from","Type":15,"Integer":0,"String":"c","Interface":null}}
2025-08-15T22:13:46.301-0500	DEBUG	protocol/handler.go:1591	have processed broadcast	{"{round 20 3  <nil>}": {"Key":"from","Type":15,"Integer":0,"String":"b","Interface":null}}
2025-08-15T22:13:46.301-0500	DEBUG	protocol/handler.go:1649	have all messages and processed	{"{round 20 3  <nil>}": {"Key":"self","Type":15,"Integer":0,"String":"b","Interface":null}}
2025-08-15T22:13:46.301-0500	DEBUG	protocol/handler.go:1649	have all messages and processed	{"{round 20 3  <nil>}": {"Key":"self","Type":15,"Integer":0,"String":"c","Interface":null}}
2025-08-15T22:13:46.301-0500	DEBUG	protocol/handler.go:596	round already finalized
2025-08-15T22:13:46.301-0500	DEBUG	protocol/handler.go:596	round already finalized
2025-08-15T22:13:46.307-0500	DEBUG	protocol/handler.go:581	tryAdvanceRound called	{"{current_round 20 3  <nil>}": {"Key":"self","Type":15,"Integer":0,"String":"a","Interface":null}}
2025-08-15T22:13:46.307-0500	DEBUG	protocol/handler.go:1591	have processed broadcast	{"{round 20 3  <nil>}": {"Key":"from","Type":15,"Integer":0,"String":"b","Interface":null}}
2025-08-15T22:13:46.307-0500	DEBUG	protocol/handler.go:1591	have processed broadcast	{"{round 20 3  <nil>}": {"Key":"from","Type":15,"Integer":0,"String":"c","Interface":null}}
2025-08-15T22:13:46.307-0500	DEBUG	protocol/handler.go:1649	have all messages and processed	{"{round 20 3  <nil>}": {"Key":"self","Type":15,"Integer":0,"String":"a","Interface":null}}
2025-08-15T22:13:46.307-0500	DEBUG	protocol/handler.go:596	round already finalized
2025-08-15T22:13:46.311-0500	DEBUG	protocol/handler.go:581	tryAdvanceRound called	{"{current_round 20 3  <nil>}": {"Key":"self","Type":15,"Integer":0,"String":"c","Interface":null}}
2025-08-15T22:13:46.311-0500	DEBUG	protocol/handler.go:1591	have processed broadcast	{"{round 20 3  <nil>}": {"Key":"from","Type":15,"Integer":0,"String":"a","Interface":null}}
2025-08-15T22:13:46.311-0500	DEBUG	protocol/handler.go:581	tryAdvanceRound called	{"{current_round 20 3  <nil>}": {"Key":"self","Type":15,"Integer":0,"String":"b","Interface":null}}
2025-08-15T22:13:46.311-0500	DEBUG	protocol/handler.go:1591	have processed broadcast	{"{round 20 3  <nil>}": {"Key":"from","Type":15,"Integer":0,"String":"b","Interface":null}}
2025-08-15T22:13:46.311-0500	DEBUG	protocol/handler.go:1649	have all messages and processed	{"{round 20 3  <nil>}": {"Key":"self","Type":15,"Integer":0,"String":"c","Interface":null}}
2025-08-15T22:13:46.311-0500	DEBUG	protocol/handler.go:596	round already finalized
2025-08-15T22:13:46.311-0500	DEBUG	protocol/handler.go:1591	have processed broadcast	{"{round 20 3  <nil>}": {"Key":"from","Type":15,"Integer":0,"String":"a","Interface":null}}
2025-08-15T22:13:46.312-0500	DEBUG	protocol/handler.go:1591	have processed broadcast	{"{round 20 3  <nil>}": {"Key":"from","Type":15,"Integer":0,"String":"c","Interface":null}}
2025-08-15T22:13:46.312-0500	DEBUG	protocol/handler.go:1649	have all messages and processed	{"{round 20 3  <nil>}": {"Key":"self","Type":15,"Integer":0,"String":"b","Interface":null}}
2025-08-15T22:13:46.312-0500	DEBUG	protocol/handler.go:596	round already finalized
2025-08-15T22:13:46.317-0500	DEBUG	protocol/handler.go:581	tryAdvanceRound called	{"{current_round 20 3  <nil>}": {"Key":"self","Type":15,"Integer":0,"String":"a","Interface":null}}
2025-08-15T22:13:46.317-0500	DEBUG	protocol/handler.go:1591	have processed broadcast	{"{round 20 3  <nil>}": {"Key":"from","Type":15,"Integer":0,"String":"b","Interface":null}}
2025-08-15T22:13:46.317-0500	DEBUG	protocol/handler.go:1591	have processed broadcast	{"{round 20 3  <nil>}": {"Key":"from","Type":15,"Integer":0,"String":"c","Interface":null}}
2025-08-15T22:13:46.317-0500	DEBUG	protocol/handler.go:1649	have all messages and processed	{"{round 20 3  <nil>}": {"Key":"self","Type":15,"Integer":0,"String":"a","Interface":null}}
2025-08-15T22:13:46.317-0500	DEBUG	protocol/handler.go:596	round already finalized
2025-08-15T22:13:46.321-0500	DEBUG	protocol/handler.go:581	tryAdvanceRound called	{"{current_round 20 3  <nil>}": {"Key":"self","Type":15,"Integer":0,"String":"b","Interface":null}}
2025-08-15T22:13:46.321-0500	DEBUG	protocol/handler.go:581	tryAdvanceRound called	{"{current_round 20 3  <nil>}": {"Key":"self","Type":15,"Integer":0,"String":"c","Interface":null}}
2025-08-15T22:13:46.321-0500	DEBUG	protocol/handler.go:1591	have processed broadcast	{"{round 20 3  <nil>}": {"Key":"from","Type":15,"Integer":0,"String":"a","Interface":null}}
2025-08-15T22:13:46.321-0500	DEBUG	protocol/handler.go:1591	have processed broadcast	{"{round 20 3  <nil>}": {"Key":"from","Type":15,"Integer":0,"String":"a","Interface":null}}
2025-08-15T22:13:46.321-0500	DEBUG	protocol/handler.go:1591	have processed broadcast	{"{round 20 3  <nil>}": {"Key":"from","Type":15,"Integer":0,"String":"c","Interface":null}}
2025-08-15T22:13:46.321-0500	DEBUG	protocol/handler.go:1591	have processed broadcast	{"{round 20 3  <nil>}": {"Key":"from","Type":15,"Integer":0,"String":"b","Interface":null}}
2025-08-15T22:13:46.321-0500	DEBUG	protocol/handler.go:1649	have all messages and processed	{"{round 20 3  <nil>}": {"Key":"self","Type":15,"Integer":0,"String":"b","Interface":null}}
2025-08-15T22:13:46.321-0500	DEBUG	protocol/handler.go:1649	have all messages and processed	{"{round 20 3  <nil>}": {"Key":"self","Type":15,"Integer":0,"String":"c","Interface":null}}
2025-08-15T22:13:46.321-0500	DEBUG	protocol/handler.go:596	round already finalized
2025-08-15T22:13:46.321-0500	DEBUG	protocol/handler.go:596	round already finalized
2025-08-15T22:13:46.327-0500	DEBUG	protocol/handler.go:581	tryAdvanceRound called	{"{current_round 20 3  <nil>}": {"Key":"self","Type":15,"Integer":0,"String":"a","Interface":null}}
2025-08-15T22:13:46.327-0500	DEBUG	protocol/handler.go:1591	have processed broadcast	{"{round 20 3  <nil>}": {"Key":"from","Type":15,"Integer":0,"String":"b","Interface":null}}
2025-08-15T22:13:46.327-0500	DEBUG	protocol/handler.go:1591	have processed broadcast	{"{round 20 3  <nil>}": {"Key":"from","Type":15,"Integer":0,"String":"c","Interface":null}}
2025-08-15T22:13:46.327-0500	DEBUG	protocol/handler.go:1649	have all messages and processed	{"{round 20 3  <nil>}": {"Key":"self","Type":15,"Integer":0,"String":"a","Interface":null}}
2025-08-15T22:13:46.327-0500	DEBUG	protocol/handler.go:596	round already finalized
2025-08-15T22:13:46.331-0500	DEBUG	protocol/handler.go:581	tryAdvanceRound called	{"{current_round 20 3  <nil>}": {"Key":"self","Type":15,"Integer":0,"String":"b","Interface":null}}
2025-08-15T22:13:46.331-0500	DEBUG	protocol/handler.go:581	tryAdvanceRound called	{"{current_round 20 3  <nil>}": {"Key":"self","Type":15,"Integer":0,"String":"c","Interface":null}}
2025-08-15T22:13:46.331-0500	DEBUG	protocol/handler.go:1591	have processed broadcast	{"{round 20 3  <nil>}": {"Key":"from","Type":15,"Integer":0,"String":"a","Interface":null}}
2025-08-15T22:13:46.331-0500	DEBUG	protocol/handler.go:1591	have processed broadcast	{"{round 20 3  <nil>}": {"Key":"from","Type":15,"Integer":0,"String":"a","Interface":null}}
2025-08-15T22:13:46.331-0500	DEBUG	protocol/handler.go:1591	have processed broadcast	{"{round 20 3  <nil>}": {"Key":"from","Type":15,"Integer":0,"String":"c","Interface":null}}
2025-08-15T22:13:46.331-0500	DEBUG	protocol/handler.go:1591	have processed broadcast	{"{round 20 3  <nil>}": {"Key":"from","Type":15,"Integer":0,"String":"b","Interface":null}}
2025-08-15T22:13:46.331-0500	DEBUG	protocol/handler.go:1649	have all messages and processed	{"{round 20 3  <nil>}": {"Key":"self","Type":15,"Integer":0,"String":"b","Interface":null}}
2025-08-15T22:13:46.331-0500	DEBUG	protocol/handler.go:1649	have all messages and processed	{"{round 20 3  <nil>}": {"Key":"self","Type":15,"Integer":0,"String":"c","Interface":null}}
2025-08-15T22:13:46.331-0500	DEBUG	protocol/handler.go:596	round already finalized
2025-08-15T22:13:46.331-0500	DEBUG	protocol/handler.go:596	round already finalized
2025-08-15T22:13:46.337-0500	DEBUG	protocol/handler.go:581	tryAdvanceRound called	{"{current_round 20 3  <nil>}": {"Key":"self","Type":15,"Integer":0,"String":"a","Interface":null}}
2025-08-15T22:13:46.337-0500	DEBUG	protocol/handler.go:1591	have processed broadcast	{"{round 20 3  <nil>}": {"Key":"from","Type":15,"Integer":0,"String":"b","Interface":null}}
2025-08-15T22:13:46.337-0500	DEBUG	protocol/handler.go:1591	have processed broadcast	{"{round 20 3  <nil>}": {"Key":"from","Type":15,"Integer":0,"String":"c","Interface":null}}
2025-08-15T22:13:46.337-0500	DEBUG	protocol/handler.go:1649	have all messages and processed	{"{round 20 3  <nil>}": {"Key":"self","Type":15,"Integer":0,"String":"a","Interface":null}}
2025-08-15T22:13:46.337-0500	DEBUG	protocol/handler.go:596	round already finalized
2025-08-15T22:13:46.341-0500	DEBUG	protocol/handler.go:581	tryAdvanceRound called	{"{current_round 20 3  <nil>}": {"Key":"self","Type":15,"Integer":0,"String":"b","Interface":null}}
2025-08-15T22:13:46.341-0500	DEBUG	protocol/handler.go:1591	have processed broadcast	{"{round 20 3  <nil>}": {"Key":"from","Type":15,"Integer":0,"String":"a","Interface":null}}
2025-08-15T22:13:46.341-0500	DEBUG	protocol/handler.go:1591	have processed broadcast	{"{round 20 3  <nil>}": {"Key":"from","Type":15,"Integer":0,"String":"c","Interface":null}}
2025-08-15T22:13:46.341-0500	DEBUG	protocol/handler.go:1649	have all messages and processed	{"{round 20 3  <nil>}": {"Key":"self","Type":15,"Integer":0,"String":"b","Interface":null}}
2025-08-15T22:13:46.341-0500	DEBUG	protocol/handler.go:596	round already finalized
2025-08-15T22:13:46.341-0500	DEBUG	protocol/handler.go:581	tryAdvanceRound called	{"{current_round 20 3  <nil>}": {"Key":"self","Type":15,"Integer":0,"String":"c","Interface":null}}
2025-08-15T22:13:46.341-0500	DEBUG	protocol/handler.go:1591	have processed broadcast	{"{round 20 3  <nil>}": {"Key":"from","Type":15,"Integer":0,"String":"a","Interface":null}}
2025-08-15T22:13:46.341-0500	DEBUG	protocol/handler.go:1591	have processed broadcast	{"{round 20 3  <nil>}": {"Key":"from","Type":15,"Integer":0,"String":"b","Interface":null}}
2025-08-15T22:13:46.341-0500	DEBUG	protocol/handler.go:1649	have all messages and processed	{"{round 20 3  <nil>}": {"Key":"self","Type":15,"Integer":0,"String":"c","Interface":null}}
2025-08-15T22:13:46.341-0500	DEBUG	protocol/handler.go:596	round already finalized
2025-08-15T22:13:46.347-0500	DEBUG	protocol/handler.go:581	tryAdvanceRound called	{"{current_round 20 3  <nil>}": {"Key":"self","Type":15,"Integer":0,"String":"a","Interface":null}}
2025-08-15T22:13:46.347-0500	DEBUG	protocol/handler.go:1591	have processed broadcast	{"{round 20 3  <nil>}": {"Key":"from","Type":15,"Integer":0,"String":"b","Interface":null}}
2025-08-15T22:13:46.347-0500	DEBUG	protocol/handler.go:1591	have processed broadcast	{"{round 20 3  <nil>}": {"Key":"from","Type":15,"Integer":0,"String":"c","Interface":null}}
2025-08-15T22:13:46.347-0500	DEBUG	protocol/handler.go:1649	have all messages and processed	{"{round 20 3  <nil>}": {"Key":"self","Type":15,"Integer":0,"String":"a","Interface":null}}
2025-08-15T22:13:46.347-0500	DEBUG	protocol/handler.go:596	round already finalized
2025-08-15T22:13:46.351-0500	DEBUG	protocol/handler.go:581	tryAdvanceRound called	{"{current_round 20 3  <nil>}": {"Key":"self","Type":15,"Integer":0,"String":"b","Interface":null}}
2025-08-15T22:13:46.351-0500	DEBUG	protocol/handler.go:581	tryAdvanceRound called	{"{current_round 20 3  <nil>}": {"Key":"self","Type":15,"Integer":0,"String":"c","Interface":null}}
2025-08-15T22:13:46.351-0500	DEBUG	protocol/handler.go:1591	have processed broadcast	{"{round 20 3  <nil>}": {"Key":"from","Type":15,"Integer":0,"String":"a","Interface":null}}
2025-08-15T22:13:46.351-0500	DEBUG	protocol/handler.go:1591	have processed broadcast	{"{round 20 3  <nil>}": {"Key":"from","Type":15,"Integer":0,"String":"a","Interface":null}}
2025-08-15T22:13:46.351-0500	DEBUG	protocol/handler.go:1591	have processed broadcast	{"{round 20 3  <nil>}": {"Key":"from","Type":15,"Integer":0,"String":"c","Interface":null}}
2025-08-15T22:13:46.351-0500	DEBUG	protocol/handler.go:1591	have processed broadcast	{"{round 20 3  <nil>}": {"Key":"from","Type":15,"Integer":0,"String":"b","Interface":null}}
2025-08-15T22:13:46.351-0500	DEBUG	protocol/handler.go:1649	have all messages and processed	{"{round 20 3  <nil>}": {"Key":"self","Type":15,"Integer":0,"String":"b","Interface":null}}
2025-08-15T22:13:46.351-0500	DEBUG	protocol/handler.go:1649	have all messages and processed	{"{round 20 3  <nil>}": {"Key":"self","Type":15,"Integer":0,"String":"c","Interface":null}}
2025-08-15T22:13:46.351-0500	DEBUG	protocol/handler.go:596	round already finalized
2025-08-15T22:13:46.351-0500	DEBUG	protocol/handler.go:596	round already finalized
2025-08-15T22:13:46.357-0500	DEBUG	protocol/handler.go:581	tryAdvanceRound called	{"{current_round 20 3  <nil>}": {"Key":"self","Type":15,"Integer":0,"String":"a","Interface":null}}
2025-08-15T22:13:46.357-0500	DEBUG	protocol/handler.go:1591	have processed broadcast	{"{round 20 3  <nil>}": {"Key":"from","Type":15,"Integer":0,"String":"b","Interface":null}}
2025-08-15T22:13:46.357-0500	DEBUG	protocol/handler.go:1591	have processed broadcast	{"{round 20 3  <nil>}": {"Key":"from","Type":15,"Integer":0,"String":"c","Interface":null}}
2025-08-15T22:13:46.357-0500	DEBUG	protocol/handler.go:1649	have all messages and processed	{"{round 20 3  <nil>}": {"Key":"self","Type":15,"Integer":0,"String":"a","Interface":null}}
2025-08-15T22:13:46.357-0500	DEBUG	protocol/handler.go:596	round already finalized
2025-08-15T22:13:46.361-0500	DEBUG	protocol/handler.go:581	tryAdvanceRound called	{"{current_round 20 3  <nil>}": {"Key":"self","Type":15,"Integer":0,"String":"b","Interface":null}}
2025-08-15T22:13:46.361-0500	DEBUG	protocol/handler.go:581	tryAdvanceRound called	{"{current_round 20 3  <nil>}": {"Key":"self","Type":15,"Integer":0,"String":"c","Interface":null}}
2025-08-15T22:13:46.361-0500	DEBUG	protocol/handler.go:1591	have processed broadcast	{"{round 20 3  <nil>}": {"Key":"from","Type":15,"Integer":0,"String":"a","Interface":null}}
2025-08-15T22:13:46.361-0500	DEBUG	protocol/handler.go:1591	have processed broadcast	{"{round 20 3  <nil>}": {"Key":"from","Type":15,"Integer":0,"String":"a","Interface":null}}
2025-08-15T22:13:46.361-0500	DEBUG	protocol/handler.go:1591	have processed broadcast	{"{round 20 3  <nil>}": {"Key":"from","Type":15,"Integer":0,"String":"c","Interface":null}}
2025-08-15T22:13:46.361-0500	DEBUG	protocol/handler.go:1591	have processed broadcast	{"{round 20 3  <nil>}": {"Key":"from","Type":15,"Integer":0,"String":"b","Interface":null}}
2025-08-15T22:13:46.361-0500	DEBUG	protocol/handler.go:1649	have all messages and processed	{"{round 20 3  <nil>}": {"Key":"self","Type":15,"Integer":0,"String":"b","Interface":null}}
2025-08-15T22:13:46.361-0500	DEBUG	protocol/handler.go:1649	have all messages and processed	{"{round 20 3  <nil>}": {"Key":"self","Type":15,"Integer":0,"String":"c","Interface":null}}
2025-08-15T22:13:46.361-0500	DEBUG	protocol/handler.go:596	round already finalized
2025-08-15T22:13:46.361-0500	DEBUG	protocol/handler.go:596	round already finalized
2025-08-15T22:13:46.367-0500	DEBUG	protocol/handler.go:581	tryAdvanceRound called	{"{current_round 20 3  <nil>}": {"Key":"self","Type":15,"Integer":0,"String":"a","Interface":null}}
2025-08-15T22:13:46.367-0500	DEBUG	protocol/handler.go:1591	have processed broadcast	{"{round 20 3  <nil>}": {"Key":"from","Type":15,"Integer":0,"String":"b","Interface":null}}
2025-08-15T22:13:46.367-0500	DEBUG	protocol/handler.go:1591	have processed broadcast	{"{round 20 3  <nil>}": {"Key":"from","Type":15,"Integer":0,"String":"c","Interface":null}}
2025-08-15T22:13:46.367-0500	DEBUG	protocol/handler.go:1649	have all messages and processed	{"{round 20 3  <nil>}": {"Key":"self","Type":15,"Integer":0,"String":"a","Interface":null}}
2025-08-15T22:13:46.367-0500	DEBUG	protocol/handler.go:596	round already finalized
2025-08-15T22:13:46.371-0500	DEBUG	protocol/handler.go:581	tryAdvanceRound called	{"{current_round 20 3  <nil>}": {"Key":"self","Type":15,"Integer":0,"String":"b","Interface":null}}
2025-08-15T22:13:46.371-0500	DEBUG	protocol/handler.go:581	tryAdvanceRound called	{"{current_round 20 3  <nil>}": {"Key":"self","Type":15,"Integer":0,"String":"c","Interface":null}}
2025-08-15T22:13:46.371-0500	DEBUG	protocol/handler.go:1591	have processed broadcast	{"{round 20 3  <nil>}": {"Key":"from","Type":15,"Integer":0,"String":"a","Interface":null}}
2025-08-15T22:13:46.371-0500	DEBUG	protocol/handler.go:1591	have processed broadcast	{"{round 20 3  <nil>}": {"Key":"from","Type":15,"Integer":0,"String":"a","Interface":null}}
2025-08-15T22:13:46.371-0500	DEBUG	protocol/handler.go:1591	have processed broadcast	{"{round 20 3  <nil>}": {"Key":"from","Type":15,"Integer":0,"String":"c","Interface":null}}
2025-08-15T22:13:46.371-0500	DEBUG	protocol/handler.go:1591	have processed broadcast	{"{round 20 3  <nil>}": {"Key":"from","Type":15,"Integer":0,"String":"b","Interface":null}}
2025-08-15T22:13:46.371-0500	DEBUG	protocol/handler.go:1649	have all messages and processed	{"{round 20 3  <nil>}": {"Key":"self","Type":15,"Integer":0,"String":"b","Interface":null}}
2025-08-15T22:13:46.371-0500	DEBUG	protocol/handler.go:1649	have all messages and processed	{"{round 20 3  <nil>}": {"Key":"self","Type":15,"Integer":0,"String":"c","Interface":null}}
2025-08-15T22:13:46.371-0500	DEBUG	protocol/handler.go:596	round already finalized
2025-08-15T22:13:46.371-0500	DEBUG	protocol/handler.go:596	round already finalized
2025-08-15T22:13:46.377-0500	DEBUG	protocol/handler.go:581	tryAdvanceRound called	{"{current_round 20 3  <nil>}": {"Key":"self","Type":15,"Integer":0,"String":"a","Interface":null}}
2025-08-15T22:13:46.377-0500	DEBUG	protocol/handler.go:1591	have processed broadcast	{"{round 20 3  <nil>}": {"Key":"from","Type":15,"Integer":0,"String":"b","Interface":null}}
2025-08-15T22:13:46.377-0500	DEBUG	protocol/handler.go:1591	have processed broadcast	{"{round 20 3  <nil>}": {"Key":"from","Type":15,"Integer":0,"String":"c","Interface":null}}
2025-08-15T22:13:46.377-0500	DEBUG	protocol/handler.go:1649	have all messages and processed	{"{round 20 3  <nil>}": {"Key":"self","Type":15,"Integer":0,"String":"a","Interface":null}}
2025-08-15T22:13:46.377-0500	DEBUG	protocol/handler.go:596	round already finalized
2025-08-15T22:13:46.381-0500	DEBUG	protocol/handler.go:581	tryAdvanceRound called	{"{current_round 20 3  <nil>}": {"Key":"self","Type":15,"Integer":0,"String":"b","Interface":null}}
2025-08-15T22:13:46.381-0500	DEBUG	protocol/handler.go:581	tryAdvanceRound called	{"{current_round 20 3  <nil>}": {"Key":"self","Type":15,"Integer":0,"String":"c","Interface":null}}
2025-08-15T22:13:46.381-0500	DEBUG	protocol/handler.go:1591	have processed broadcast	{"{round 20 3  <nil>}": {"Key":"from","Type":15,"Integer":0,"String":"a","Interface":null}}
2025-08-15T22:13:46.381-0500	DEBUG	protocol/handler.go:1591	have processed broadcast	{"{round 20 3  <nil>}": {"Key":"from","Type":15,"Integer":0,"String":"a","Interface":null}}
2025-08-15T22:13:46.381-0500	DEBUG	protocol/handler.go:1591	have processed broadcast	{"{round 20 3  <nil>}": {"Key":"from","Type":15,"Integer":0,"String":"c","Interface":null}}
2025-08-15T22:13:46.381-0500	DEBUG	protocol/handler.go:1591	have processed broadcast	{"{round 20 3  <nil>}": {"Key":"from","Type":15,"Integer":0,"String":"b","Interface":null}}
2025-08-15T22:13:46.381-0500	DEBUG	protocol/handler.go:1649	have all messages and processed	{"{round 20 3  <nil>}": {"Key":"self","Type":15,"Integer":0,"String":"b","Interface":null}}
2025-08-15T22:13:46.381-0500	DEBUG	protocol/handler.go:1649	have all messages and processed	{"{round 20 3  <nil>}": {"Key":"self","Type":15,"Integer":0,"String":"c","Interface":null}}
2025-08-15T22:13:46.381-0500	DEBUG	protocol/handler.go:596	round already finalized
2025-08-15T22:13:46.381-0500	DEBUG	protocol/handler.go:596	round already finalized
2025-08-15T22:13:46.387-0500	DEBUG	protocol/handler.go:581	tryAdvanceRound called	{"{current_round 20 3  <nil>}": {"Key":"self","Type":15,"Integer":0,"String":"a","Interface":null}}
2025-08-15T22:13:46.387-0500	DEBUG	protocol/handler.go:1591	have processed broadcast	{"{round 20 3  <nil>}": {"Key":"from","Type":15,"Integer":0,"String":"b","Interface":null}}
2025-08-15T22:13:46.387-0500	DEBUG	protocol/handler.go:1591	have processed broadcast	{"{round 20 3  <nil>}": {"Key":"from","Type":15,"Integer":0,"String":"c","Interface":null}}
2025-08-15T22:13:46.387-0500	DEBUG	protocol/handler.go:1649	have all messages and processed	{"{round 20 3  <nil>}": {"Key":"self","Type":15,"Integer":0,"String":"a","Interface":null}}
2025-08-15T22:13:46.387-0500	DEBUG	protocol/handler.go:596	round already finalized
2025-08-15T22:13:46.391-0500	DEBUG	protocol/handler.go:581	tryAdvanceRound called	{"{current_round 20 3  <nil>}": {"Key":"self","Type":15,"Integer":0,"String":"b","Interface":null}}
2025-08-15T22:13:46.391-0500	DEBUG	protocol/handler.go:581	tryAdvanceRound called	{"{current_round 20 3  <nil>}": {"Key":"self","Type":15,"Integer":0,"String":"c","Interface":null}}
2025-08-15T22:13:46.391-0500	DEBUG	protocol/handler.go:1591	have processed broadcast	{"{round 20 3  <nil>}": {"Key":"from","Type":15,"Integer":0,"String":"a","Interface":null}}
2025-08-15T22:13:46.391-0500	DEBUG	protocol/handler.go:1591	have processed broadcast	{"{round 20 3  <nil>}": {"Key":"from","Type":15,"Integer":0,"String":"a","Interface":null}}
2025-08-15T22:13:46.391-0500	DEBUG	protocol/handler.go:1591	have processed broadcast	{"{round 20 3  <nil>}": {"Key":"from","Type":15,"Integer":0,"String":"c","Interface":null}}
2025-08-15T22:13:46.391-0500	DEBUG	protocol/handler.go:1591	have processed broadcast	{"{round 20 3  <nil>}": {"Key":"from","Type":15,"Integer":0,"String":"b","Interface":null}}
2025-08-15T22:13:46.391-0500	DEBUG	protocol/handler.go:1649	have all messages and processed	{"{round 20 3  <nil>}": {"Key":"self","Type":15,"Integer":0,"String":"b","Interface":null}}
2025-08-15T22:13:46.391-0500	DEBUG	protocol/handler.go:1649	have all messages and processed	{"{round 20 3  <nil>}": {"Key":"self","Type":15,"Integer":0,"String":"c","Interface":null}}
2025-08-15T22:13:46.391-0500	DEBUG	protocol/handler.go:596	round already finalized
2025-08-15T22:13:46.391-0500	DEBUG	protocol/handler.go:596	round already finalized
2025-08-15T22:13:46.397-0500	DEBUG	protocol/handler.go:581	tryAdvanceRound called	{"{current_round 20 3  <nil>}": {"Key":"self","Type":15,"Integer":0,"String":"a","Interface":null}}
2025-08-15T22:13:46.397-0500	DEBUG	protocol/handler.go:1591	have processed broadcast	{"{round 20 3  <nil>}": {"Key":"from","Type":15,"Integer":0,"String":"b","Interface":null}}
2025-08-15T22:13:46.397-0500	DEBUG	protocol/handler.go:1591	have processed broadcast	{"{round 20 3  <nil>}": {"Key":"from","Type":15,"Integer":0,"String":"c","Interface":null}}
2025-08-15T22:13:46.397-0500	DEBUG	protocol/handler.go:1649	have all messages and processed	{"{round 20 3  <nil>}": {"Key":"self","Type":15,"Integer":0,"String":"a","Interface":null}}
2025-08-15T22:13:46.397-0500	DEBUG	protocol/handler.go:596	round already finalized
2025-08-15T22:13:46.401-0500	DEBUG	protocol/handler.go:581	tryAdvanceRound called	{"{current_round 20 3  <nil>}": {"Key":"self","Type":15,"Integer":0,"String":"b","Interface":null}}
2025-08-15T22:13:46.401-0500	DEBUG	protocol/handler.go:581	tryAdvanceRound called	{"{current_round 20 3  <nil>}": {"Key":"self","Type":15,"Integer":0,"String":"c","Interface":null}}
2025-08-15T22:13:46.401-0500	DEBUG	protocol/handler.go:1591	have processed broadcast	{"{round 20 3  <nil>}": {"Key":"from","Type":15,"Integer":0,"String":"a","Interface":null}}
2025-08-15T22:13:46.401-0500	DEBUG	protocol/handler.go:1591	have processed broadcast	{"{round 20 3  <nil>}": {"Key":"from","Type":15,"Integer":0,"String":"a","Interface":null}}
2025-08-15T22:13:46.401-0500	DEBUG	protocol/handler.go:1591	have processed broadcast	{"{round 20 3  <nil>}": {"Key":"from","Type":15,"Integer":0,"String":"c","Interface":null}}
2025-08-15T22:13:46.401-0500	DEBUG	protocol/handler.go:1591	have processed broadcast	{"{round 20 3  <nil>}": {"Key":"from","Type":15,"Integer":0,"String":"b","Interface":null}}
2025-08-15T22:13:46.401-0500	DEBUG	protocol/handler.go:1649	have all messages and processed	{"{round 20 3  <nil>}": {"Key":"self","Type":15,"Integer":0,"String":"b","Interface":null}}
2025-08-15T22:13:46.401-0500	DEBUG	protocol/handler.go:596	round already finalized
2025-08-15T22:13:46.401-0500	DEBUG	protocol/handler.go:1649	have all messages and processed	{"{round 20 3  <nil>}": {"Key":"self","Type":15,"Integer":0,"String":"c","Interface":null}}
2025-08-15T22:13:46.401-0500	DEBUG	protocol/handler.go:596	round already finalized
2025-08-15T22:13:46.407-0500	DEBUG	protocol/handler.go:581	tryAdvanceRound called	{"{current_round 20 3  <nil>}": {"Key":"self","Type":15,"Integer":0,"String":"a","Interface":null}}
2025-08-15T22:13:46.407-0500	DEBUG	protocol/handler.go:1591	have processed broadcast	{"{round 20 3  <nil>}": {"Key":"from","Type":15,"Integer":0,"String":"b","Interface":null}}
2025-08-15T22:13:46.407-0500	DEBUG	protocol/handler.go:1591	have processed broadcast	{"{round 20 3  <nil>}": {"Key":"from","Type":15,"Integer":0,"String":"c","Interface":null}}
2025-08-15T22:13:46.407-0500	DEBUG	protocol/handler.go:1649	have all messages and processed	{"{round 20 3  <nil>}": {"Key":"self","Type":15,"Integer":0,"String":"a","Interface":null}}
2025-08-15T22:13:46.407-0500	DEBUG	protocol/handler.go:596	round already finalized
2025-08-15T22:13:46.411-0500	DEBUG	protocol/handler.go:581	tryAdvanceRound called	{"{current_round 20 3  <nil>}": {"Key":"self","Type":15,"Integer":0,"String":"b","Interface":null}}
2025-08-15T22:13:46.411-0500	DEBUG	protocol/handler.go:581	tryAdvanceRound called	{"{current_round 20 3  <nil>}": {"Key":"self","Type":15,"Integer":0,"String":"c","Interface":null}}
2025-08-15T22:13:46.411-0500	DEBUG	protocol/handler.go:1591	have processed broadcast	{"{round 20 3  <nil>}": {"Key":"from","Type":15,"Integer":0,"String":"a","Interface":null}}
2025-08-15T22:13:46.411-0500	DEBUG	protocol/handler.go:1591	have processed broadcast	{"{round 20 3  <nil>}": {"Key":"from","Type":15,"Integer":0,"String":"a","Interface":null}}
2025-08-15T22:13:46.411-0500	DEBUG	protocol/handler.go:1591	have processed broadcast	{"{round 20 3  <nil>}": {"Key":"from","Type":15,"Integer":0,"String":"c","Interface":null}}
2025-08-15T22:13:46.411-0500	DEBUG	protocol/handler.go:1591	have processed broadcast	{"{round 20 3  <nil>}": {"Key":"from","Type":15,"Integer":0,"String":"b","Interface":null}}
2025-08-15T22:13:46.411-0500	DEBUG	protocol/handler.go:1649	have all messages and processed	{"{round 20 3  <nil>}": {"Key":"self","Type":15,"Integer":0,"String":"b","Interface":null}}
2025-08-15T22:13:46.411-0500	DEBUG	protocol/handler.go:596	round already finalized
2025-08-15T22:13:46.411-0500	DEBUG	protocol/handler.go:1649	have all messages and processed	{"{round 20 3  <nil>}": {"Key":"self","Type":15,"Integer":0,"String":"c","Interface":null}}
2025-08-15T22:13:46.411-0500	DEBUG	protocol/handler.go:596	round already finalized
2025-08-15T22:13:46.417-0500	DEBUG	protocol/handler.go:581	tryAdvanceRound called	{"{current_round 20 3  <nil>}": {"Key":"self","Type":15,"Integer":0,"String":"a","Interface":null}}
2025-08-15T22:13:46.417-0500	DEBUG	protocol/handler.go:1591	have processed broadcast	{"{round 20 3  <nil>}": {"Key":"from","Type":15,"Integer":0,"String":"b","Interface":null}}
2025-08-15T22:13:46.417-0500	DEBUG	protocol/handler.go:1591	have processed broadcast	{"{round 20 3  <nil>}": {"Key":"from","Type":15,"Integer":0,"String":"c","Interface":null}}
2025-08-15T22:13:46.417-0500	DEBUG	protocol/handler.go:1649	have all messages and processed	{"{round 20 3  <nil>}": {"Key":"self","Type":15,"Integer":0,"String":"a","Interface":null}}
2025-08-15T22:13:46.417-0500	DEBUG	protocol/handler.go:596	round already finalized
2025-08-15T22:13:46.421-0500	DEBUG	protocol/handler.go:581	tryAdvanceRound called	{"{current_round 20 3  <nil>}": {"Key":"self","Type":15,"Integer":0,"String":"b","Interface":null}}
2025-08-15T22:13:46.421-0500	DEBUG	protocol/handler.go:581	tryAdvanceRound called	{"{current_round 20 3  <nil>}": {"Key":"self","Type":15,"Integer":0,"String":"c","Interface":null}}
2025-08-15T22:13:46.421-0500	DEBUG	protocol/handler.go:1591	have processed broadcast	{"{round 20 3  <nil>}": {"Key":"from","Type":15,"Integer":0,"String":"a","Interface":null}}
2025-08-15T22:13:46.421-0500	DEBUG	protocol/handler.go:1591	have processed broadcast	{"{round 20 3  <nil>}": {"Key":"from","Type":15,"Integer":0,"String":"c","Interface":null}}
2025-08-15T22:13:46.421-0500	DEBUG	protocol/handler.go:1591	have processed broadcast	{"{round 20 3  <nil>}": {"Key":"from","Type":15,"Integer":0,"String":"a","Interface":null}}
2025-08-15T22:13:46.421-0500	DEBUG	protocol/handler.go:1649	have all messages and processed	{"{round 20 3  <nil>}": {"Key":"self","Type":15,"Integer":0,"String":"b","Interface":null}}
2025-08-15T22:13:46.421-0500	DEBUG	protocol/handler.go:1591	have processed broadcast	{"{round 20 3  <nil>}": {"Key":"from","Type":15,"Integer":0,"String":"b","Interface":null}}
2025-08-15T22:13:46.421-0500	DEBUG	protocol/handler.go:596	round already finalized
2025-08-15T22:13:46.421-0500	DEBUG	protocol/handler.go:1649	have all messages and processed	{"{round 20 3  <nil>}": {"Key":"self","Type":15,"Integer":0,"String":"c","Interface":null}}
2025-08-15T22:13:46.421-0500	DEBUG	protocol/handler.go:596	round already finalized
2025-08-15T22:13:46.427-0500	DEBUG	protocol/handler.go:581	tryAdvanceRound called	{"{current_round 20 3  <nil>}": {"Key":"self","Type":15,"Integer":0,"String":"a","Interface":null}}
2025-08-15T22:13:46.427-0500	DEBUG	protocol/handler.go:1591	have processed broadcast	{"{round 20 3  <nil>}": {"Key":"from","Type":15,"Integer":0,"String":"b","Interface":null}}
2025-08-15T22:13:46.427-0500	DEBUG	protocol/handler.go:1591	have processed broadcast	{"{round 20 3  <nil>}": {"Key":"from","Type":15,"Integer":0,"String":"c","Interface":null}}
2025-08-15T22:13:46.427-0500	DEBUG	protocol/handler.go:1649	have all messages and processed	{"{round 20 3  <nil>}": {"Key":"self","Type":15,"Integer":0,"String":"a","Interface":null}}
2025-08-15T22:13:46.427-0500	DEBUG	protocol/handler.go:596	round already finalized
2025-08-15T22:13:46.431-0500	DEBUG	protocol/handler.go:581	tryAdvanceRound called	{"{current_round 20 3  <nil>}": {"Key":"self","Type":15,"Integer":0,"String":"b","Interface":null}}
2025-08-15T22:13:46.431-0500	DEBUG	protocol/handler.go:581	tryAdvanceRound called	{"{current_round 20 3  <nil>}": {"Key":"self","Type":15,"Integer":0,"String":"c","Interface":null}}
2025-08-15T22:13:46.431-0500	DEBUG	protocol/handler.go:1591	have processed broadcast	{"{round 20 3  <nil>}": {"Key":"from","Type":15,"Integer":0,"String":"a","Interface":null}}
2025-08-15T22:13:46.431-0500	DEBUG	protocol/handler.go:1591	have processed broadcast	{"{round 20 3  <nil>}": {"Key":"from","Type":15,"Integer":0,"String":"a","Interface":null}}
2025-08-15T22:13:46.431-0500	DEBUG	protocol/handler.go:1591	have processed broadcast	{"{round 20 3  <nil>}": {"Key":"from","Type":15,"Integer":0,"String":"c","Interface":null}}
2025-08-15T22:13:46.431-0500	DEBUG	protocol/handler.go:1591	have processed broadcast	{"{round 20 3  <nil>}": {"Key":"from","Type":15,"Integer":0,"String":"b","Interface":null}}
2025-08-15T22:13:46.431-0500	DEBUG	protocol/handler.go:1649	have all messages and processed	{"{round 20 3  <nil>}": {"Key":"self","Type":15,"Integer":0,"String":"b","Interface":null}}
2025-08-15T22:13:46.431-0500	DEBUG	protocol/handler.go:1649	have all messages and processed	{"{round 20 3  <nil>}": {"Key":"self","Type":15,"Integer":0,"String":"c","Interface":null}}
2025-08-15T22:13:46.431-0500	DEBUG	protocol/handler.go:596	round already finalized
2025-08-15T22:13:46.431-0500	DEBUG	protocol/handler.go:596	round already finalized
2025-08-15T22:13:46.436-0500	DEBUG	protocol/handler.go:581	tryAdvanceRound called	{"{current_round 20 3  <nil>}": {"Key":"self","Type":15,"Integer":0,"String":"a","Interface":null}}
2025-08-15T22:13:46.437-0500	DEBUG	protocol/handler.go:1591	have processed broadcast	{"{round 20 3  <nil>}": {"Key":"from","Type":15,"Integer":0,"String":"b","Interface":null}}
2025-08-15T22:13:46.437-0500	DEBUG	protocol/handler.go:1591	have processed broadcast	{"{round 20 3  <nil>}": {"Key":"from","Type":15,"Integer":0,"String":"c","Interface":null}}
2025-08-15T22:13:46.437-0500	DEBUG	protocol/handler.go:1649	have all messages and processed	{"{round 20 3  <nil>}": {"Key":"self","Type":15,"Integer":0,"String":"a","Interface":null}}
2025-08-15T22:13:46.437-0500	DEBUG	protocol/handler.go:596	round already finalized
2025-08-15T22:13:46.441-0500	DEBUG	protocol/handler.go:581	tryAdvanceRound called	{"{current_round 20 3  <nil>}": {"Key":"self","Type":15,"Integer":0,"String":"b","Interface":null}}
2025-08-15T22:13:46.441-0500	DEBUG	protocol/handler.go:581	tryAdvanceRound called	{"{current_round 20 3  <nil>}": {"Key":"self","Type":15,"Integer":0,"String":"c","Interface":null}}
2025-08-15T22:13:46.441-0500	DEBUG	protocol/handler.go:1591	have processed broadcast	{"{round 20 3  <nil>}": {"Key":"from","Type":15,"Integer":0,"String":"a","Interface":null}}
2025-08-15T22:13:46.441-0500	DEBUG	protocol/handler.go:1591	have processed broadcast	{"{round 20 3  <nil>}": {"Key":"from","Type":15,"Integer":0,"String":"a","Interface":null}}
2025-08-15T22:13:46.441-0500	DEBUG	protocol/handler.go:1591	have processed broadcast	{"{round 20 3  <nil>}": {"Key":"from","Type":15,"Integer":0,"String":"c","Interface":null}}
2025-08-15T22:13:46.441-0500	DEBUG	protocol/handler.go:1591	have processed broadcast	{"{round 20 3  <nil>}": {"Key":"from","Type":15,"Integer":0,"String":"b","Interface":null}}
2025-08-15T22:13:46.441-0500	DEBUG	protocol/handler.go:1649	have all messages and processed	{"{round 20 3  <nil>}": {"Key":"self","Type":15,"Integer":0,"String":"b","Interface":null}}
2025-08-15T22:13:46.441-0500	DEBUG	protocol/handler.go:1649	have all messages and processed	{"{round 20 3  <nil>}": {"Key":"self","Type":15,"Integer":0,"String":"c","Interface":null}}
2025-08-15T22:13:46.441-0500	DEBUG	protocol/handler.go:596	round already finalized
2025-08-15T22:13:46.441-0500	DEBUG	protocol/handler.go:596	round already finalized
2025-08-15T22:13:46.447-0500	DEBUG	protocol/handler.go:581	tryAdvanceRound called	{"{current_round 20 3  <nil>}": {"Key":"self","Type":15,"Integer":0,"String":"a","Interface":null}}
2025-08-15T22:13:46.447-0500	DEBUG	protocol/handler.go:1591	have processed broadcast	{"{round 20 3  <nil>}": {"Key":"from","Type":15,"Integer":0,"String":"b","Interface":null}}
2025-08-15T22:13:46.447-0500	DEBUG	protocol/handler.go:1591	have processed broadcast	{"{round 20 3  <nil>}": {"Key":"from","Type":15,"Integer":0,"String":"c","Interface":null}}
2025-08-15T22:13:46.447-0500	DEBUG	protocol/handler.go:1649	have all messages and processed	{"{round 20 3  <nil>}": {"Key":"self","Type":15,"Integer":0,"String":"a","Interface":null}}
2025-08-15T22:13:46.447-0500	DEBUG	protocol/handler.go:596	round already finalized
2025-08-15T22:13:46.451-0500	DEBUG	protocol/handler.go:581	tryAdvanceRound called	{"{current_round 20 3  <nil>}": {"Key":"self","Type":15,"Integer":0,"String":"b","Interface":null}}
2025-08-15T22:13:46.451-0500	DEBUG	protocol/handler.go:1591	have processed broadcast	{"{round 20 3  <nil>}": {"Key":"from","Type":15,"Integer":0,"String":"a","Interface":null}}
2025-08-15T22:13:46.451-0500	DEBUG	protocol/handler.go:1591	have processed broadcast	{"{round 20 3  <nil>}": {"Key":"from","Type":15,"Integer":0,"String":"c","Interface":null}}
2025-08-15T22:13:46.451-0500	DEBUG	protocol/handler.go:1649	have all messages and processed	{"{round 20 3  <nil>}": {"Key":"self","Type":15,"Integer":0,"String":"b","Interface":null}}
2025-08-15T22:13:46.451-0500	DEBUG	protocol/handler.go:596	round already finalized
2025-08-15T22:13:46.451-0500	DEBUG	protocol/handler.go:581	tryAdvanceRound called	{"{current_round 20 3  <nil>}": {"Key":"self","Type":15,"Integer":0,"String":"c","Interface":null}}
2025-08-15T22:13:46.451-0500	DEBUG	protocol/handler.go:1591	have processed broadcast	{"{round 20 3  <nil>}": {"Key":"from","Type":15,"Integer":0,"String":"a","Interface":null}}
2025-08-15T22:13:46.451-0500	DEBUG	protocol/handler.go:1591	have processed broadcast	{"{round 20 3  <nil>}": {"Key":"from","Type":15,"Integer":0,"String":"b","Interface":null}}
2025-08-15T22:13:46.451-0500	DEBUG	protocol/handler.go:1649	have all messages and processed	{"{round 20 3  <nil>}": {"Key":"self","Type":15,"Integer":0,"String":"c","Interface":null}}
2025-08-15T22:13:46.451-0500	DEBUG	protocol/handler.go:596	round already finalized
2025-08-15T22:13:46.457-0500	DEBUG	protocol/handler.go:581	tryAdvanceRound called	{"{current_round 20 3  <nil>}": {"Key":"self","Type":15,"Integer":0,"String":"a","Interface":null}}
2025-08-15T22:13:46.457-0500	DEBUG	protocol/handler.go:1591	have processed broadcast	{"{round 20 3  <nil>}": {"Key":"from","Type":15,"Integer":0,"String":"b","Interface":null}}
2025-08-15T22:13:46.457-0500	DEBUG	protocol/handler.go:1591	have processed broadcast	{"{round 20 3  <nil>}": {"Key":"from","Type":15,"Integer":0,"String":"c","Interface":null}}
2025-08-15T22:13:46.457-0500	DEBUG	protocol/handler.go:1649	have all messages and processed	{"{round 20 3  <nil>}": {"Key":"self","Type":15,"Integer":0,"String":"a","Interface":null}}
2025-08-15T22:13:46.457-0500	DEBUG	protocol/handler.go:596	round already finalized
2025-08-15T22:13:46.461-0500	DEBUG	protocol/handler.go:581	tryAdvanceRound called	{"{current_round 20 3  <nil>}": {"Key":"self","Type":15,"Integer":0,"String":"b","Interface":null}}
2025-08-15T22:13:46.461-0500	DEBUG	protocol/handler.go:581	tryAdvanceRound called	{"{current_round 20 3  <nil>}": {"Key":"self","Type":15,"Integer":0,"String":"c","Interface":null}}
2025-08-15T22:13:46.461-0500	DEBUG	protocol/handler.go:1591	have processed broadcast	{"{round 20 3  <nil>}": {"Key":"from","Type":15,"Integer":0,"String":"a","Interface":null}}
2025-08-15T22:13:46.461-0500	DEBUG	protocol/handler.go:1591	have processed broadcast	{"{round 20 3  <nil>}": {"Key":"from","Type":15,"Integer":0,"String":"a","Interface":null}}
2025-08-15T22:13:46.461-0500	DEBUG	protocol/handler.go:1591	have processed broadcast	{"{round 20 3  <nil>}": {"Key":"from","Type":15,"Integer":0,"String":"c","Interface":null}}
2025-08-15T22:13:46.461-0500	DEBUG	protocol/handler.go:1591	have processed broadcast	{"{round 20 3  <nil>}": {"Key":"from","Type":15,"Integer":0,"String":"b","Interface":null}}
2025-08-15T22:13:46.461-0500	DEBUG	protocol/handler.go:1649	have all messages and processed	{"{round 20 3  <nil>}": {"Key":"self","Type":15,"Integer":0,"String":"b","Interface":null}}
2025-08-15T22:13:46.461-0500	DEBUG	protocol/handler.go:1649	have all messages and processed	{"{round 20 3  <nil>}": {"Key":"self","Type":15,"Integer":0,"String":"c","Interface":null}}
2025-08-15T22:13:46.461-0500	DEBUG	protocol/handler.go:596	round already finalized
2025-08-15T22:13:46.461-0500	DEBUG	protocol/handler.go:596	round already finalized
2025-08-15T22:13:46.467-0500	DEBUG	protocol/handler.go:581	tryAdvanceRound called	{"{current_round 20 3  <nil>}": {"Key":"self","Type":15,"Integer":0,"String":"a","Interface":null}}
2025-08-15T22:13:46.467-0500	DEBUG	protocol/handler.go:1591	have processed broadcast	{"{round 20 3  <nil>}": {"Key":"from","Type":15,"Integer":0,"String":"b","Interface":null}}
2025-08-15T22:13:46.467-0500	DEBUG	protocol/handler.go:1591	have processed broadcast	{"{round 20 3  <nil>}": {"Key":"from","Type":15,"Integer":0,"String":"c","Interface":null}}
2025-08-15T22:13:46.467-0500	DEBUG	protocol/handler.go:1649	have all messages and processed	{"{round 20 3  <nil>}": {"Key":"self","Type":15,"Integer":0,"String":"a","Interface":null}}
2025-08-15T22:13:46.467-0500	DEBUG	protocol/handler.go:596	round already finalized
2025-08-15T22:13:46.471-0500	DEBUG	protocol/handler.go:581	tryAdvanceRound called	{"{current_round 20 3  <nil>}": {"Key":"self","Type":15,"Integer":0,"String":"b","Interface":null}}
2025-08-15T22:13:46.471-0500	DEBUG	protocol/handler.go:581	tryAdvanceRound called	{"{current_round 20 3  <nil>}": {"Key":"self","Type":15,"Integer":0,"String":"c","Interface":null}}
2025-08-15T22:13:46.471-0500	DEBUG	protocol/handler.go:1591	have processed broadcast	{"{round 20 3  <nil>}": {"Key":"from","Type":15,"Integer":0,"String":"a","Interface":null}}
2025-08-15T22:13:46.471-0500	DEBUG	protocol/handler.go:1591	have processed broadcast	{"{round 20 3  <nil>}": {"Key":"from","Type":15,"Integer":0,"String":"a","Interface":null}}
2025-08-15T22:13:46.471-0500	DEBUG	protocol/handler.go:1591	have processed broadcast	{"{round 20 3  <nil>}": {"Key":"from","Type":15,"Integer":0,"String":"c","Interface":null}}
2025-08-15T22:13:46.471-0500	DEBUG	protocol/handler.go:1591	have processed broadcast	{"{round 20 3  <nil>}": {"Key":"from","Type":15,"Integer":0,"String":"b","Interface":null}}
2025-08-15T22:13:46.471-0500	DEBUG	protocol/handler.go:1649	have all messages and processed	{"{round 20 3  <nil>}": {"Key":"self","Type":15,"Integer":0,"String":"b","Interface":null}}
2025-08-15T22:13:46.471-0500	DEBUG	protocol/handler.go:1649	have all messages and processed	{"{round 20 3  <nil>}": {"Key":"self","Type":15,"Integer":0,"String":"c","Interface":null}}
2025-08-15T22:13:46.471-0500	DEBUG	protocol/handler.go:596	round already finalized
2025-08-15T22:13:46.471-0500	DEBUG	protocol/handler.go:596	round already finalized
2025-08-15T22:13:46.477-0500	DEBUG	protocol/handler.go:581	tryAdvanceRound called	{"{current_round 20 3  <nil>}": {"Key":"self","Type":15,"Integer":0,"String":"a","Interface":null}}
2025-08-15T22:13:46.477-0500	DEBUG	protocol/handler.go:1591	have processed broadcast	{"{round 20 3  <nil>}": {"Key":"from","Type":15,"Integer":0,"String":"b","Interface":null}}
2025-08-15T22:13:46.477-0500	DEBUG	protocol/handler.go:1591	have processed broadcast	{"{round 20 3  <nil>}": {"Key":"from","Type":15,"Integer":0,"String":"c","Interface":null}}
2025-08-15T22:13:46.477-0500	DEBUG	protocol/handler.go:1649	have all messages and processed	{"{round 20 3  <nil>}": {"Key":"self","Type":15,"Integer":0,"String":"a","Interface":null}}
2025-08-15T22:13:46.477-0500	DEBUG	protocol/handler.go:596	round already finalized
2025-08-15T22:13:46.481-0500	DEBUG	protocol/handler.go:581	tryAdvanceRound called	{"{current_round 20 3  <nil>}": {"Key":"self","Type":15,"Integer":0,"String":"b","Interface":null}}
2025-08-15T22:13:46.481-0500	DEBUG	protocol/handler.go:581	tryAdvanceRound called	{"{current_round 20 3  <nil>}": {"Key":"self","Type":15,"Integer":0,"String":"c","Interface":null}}
2025-08-15T22:13:46.481-0500	DEBUG	protocol/handler.go:1591	have processed broadcast	{"{round 20 3  <nil>}": {"Key":"from","Type":15,"Integer":0,"String":"a","Interface":null}}
2025-08-15T22:13:46.481-0500	DEBUG	protocol/handler.go:1591	have processed broadcast	{"{round 20 3  <nil>}": {"Key":"from","Type":15,"Integer":0,"String":"a","Interface":null}}
2025-08-15T22:13:46.481-0500	DEBUG	protocol/handler.go:1591	have processed broadcast	{"{round 20 3  <nil>}": {"Key":"from","Type":15,"Integer":0,"String":"c","Interface":null}}
2025-08-15T22:13:46.481-0500	DEBUG	protocol/handler.go:1591	have processed broadcast	{"{round 20 3  <nil>}": {"Key":"from","Type":15,"Integer":0,"String":"b","Interface":null}}
2025-08-15T22:13:46.481-0500	DEBUG	protocol/handler.go:1649	have all messages and processed	{"{round 20 3  <nil>}": {"Key":"self","Type":15,"Integer":0,"String":"b","Interface":null}}
2025-08-15T22:13:46.481-0500	DEBUG	protocol/handler.go:1649	have all messages and processed	{"{round 20 3  <nil>}": {"Key":"self","Type":15,"Integer":0,"String":"c","Interface":null}}
2025-08-15T22:13:46.481-0500	DEBUG	protocol/handler.go:596	round already finalized
2025-08-15T22:13:46.481-0500	DEBUG	protocol/handler.go:596	round already finalized
2025-08-15T22:13:46.487-0500	DEBUG	protocol/handler.go:581	tryAdvanceRound called	{"{current_round 20 3  <nil>}": {"Key":"self","Type":15,"Integer":0,"String":"a","Interface":null}}
2025-08-15T22:13:46.487-0500	DEBUG	protocol/handler.go:1591	have processed broadcast	{"{round 20 3  <nil>}": {"Key":"from","Type":15,"Integer":0,"String":"b","Interface":null}}
2025-08-15T22:13:46.487-0500	DEBUG	protocol/handler.go:1591	have processed broadcast	{"{round 20 3  <nil>}": {"Key":"from","Type":15,"Integer":0,"String":"c","Interface":null}}
2025-08-15T22:13:46.487-0500	DEBUG	protocol/handler.go:1649	have all messages and processed	{"{round 20 3  <nil>}": {"Key":"self","Type":15,"Integer":0,"String":"a","Interface":null}}
2025-08-15T22:13:46.487-0500	DEBUG	protocol/handler.go:596	round already finalized
2025-08-15T22:13:46.491-0500	DEBUG	protocol/handler.go:581	tryAdvanceRound called	{"{current_round 20 3  <nil>}": {"Key":"self","Type":15,"Integer":0,"String":"b","Interface":null}}
2025-08-15T22:13:46.491-0500	DEBUG	protocol/handler.go:581	tryAdvanceRound called	{"{current_round 20 3  <nil>}": {"Key":"self","Type":15,"Integer":0,"String":"c","Interface":null}}
2025-08-15T22:13:46.491-0500	DEBUG	protocol/handler.go:1591	have processed broadcast	{"{round 20 3  <nil>}": {"Key":"from","Type":15,"Integer":0,"String":"a","Interface":null}}
2025-08-15T22:13:46.491-0500	DEBUG	protocol/handler.go:1591	have processed broadcast	{"{round 20 3  <nil>}": {"Key":"from","Type":15,"Integer":0,"String":"c","Interface":null}}
2025-08-15T22:13:46.491-0500	DEBUG	protocol/handler.go:1591	have processed broadcast	{"{round 20 3  <nil>}": {"Key":"from","Type":15,"Integer":0,"String":"a","Interface":null}}
2025-08-15T22:13:46.491-0500	DEBUG	protocol/handler.go:1649	have all messages and processed	{"{round 20 3  <nil>}": {"Key":"self","Type":15,"Integer":0,"String":"b","Interface":null}}
2025-08-15T22:13:46.491-0500	DEBUG	protocol/handler.go:1591	have processed broadcast	{"{round 20 3  <nil>}": {"Key":"from","Type":15,"Integer":0,"String":"b","Interface":null}}
2025-08-15T22:13:46.491-0500	DEBUG	protocol/handler.go:596	round already finalized
2025-08-15T22:13:46.491-0500	DEBUG	protocol/handler.go:1649	have all messages and processed	{"{round 20 3  <nil>}": {"Key":"self","Type":15,"Integer":0,"String":"c","Interface":null}}
2025-08-15T22:13:46.491-0500	DEBUG	protocol/handler.go:596	round already finalized
2025-08-15T22:13:46.497-0500	DEBUG	protocol/handler.go:581	tryAdvanceRound called	{"{current_round 20 3  <nil>}": {"Key":"self","Type":15,"Integer":0,"String":"a","Interface":null}}
2025-08-15T22:13:46.497-0500	DEBUG	protocol/handler.go:1591	have processed broadcast	{"{round 20 3  <nil>}": {"Key":"from","Type":15,"Integer":0,"String":"b","Interface":null}}
2025-08-15T22:13:46.497-0500	DEBUG	protocol/handler.go:1591	have processed broadcast	{"{round 20 3  <nil>}": {"Key":"from","Type":15,"Integer":0,"String":"c","Interface":null}}
2025-08-15T22:13:46.497-0500	DEBUG	protocol/handler.go:1649	have all messages and processed	{"{round 20 3  <nil>}": {"Key":"self","Type":15,"Integer":0,"String":"a","Interface":null}}
2025-08-15T22:13:46.497-0500	DEBUG	protocol/handler.go:596	round already finalized
2025-08-15T22:13:46.501-0500	DEBUG	protocol/handler.go:581	tryAdvanceRound called	{"{current_round 20 3  <nil>}": {"Key":"self","Type":15,"Integer":0,"String":"c","Interface":null}}
2025-08-15T22:13:46.501-0500	DEBUG	protocol/handler.go:581	tryAdvanceRound called	{"{current_round 20 3  <nil>}": {"Key":"self","Type":15,"Integer":0,"String":"b","Interface":null}}
2025-08-15T22:13:46.501-0500	DEBUG	protocol/handler.go:1591	have processed broadcast	{"{round 20 3  <nil>}": {"Key":"from","Type":15,"Integer":0,"String":"a","Interface":null}}
2025-08-15T22:13:46.501-0500	DEBUG	protocol/handler.go:1591	have processed broadcast	{"{round 20 3  <nil>}": {"Key":"from","Type":15,"Integer":0,"String":"a","Interface":null}}
2025-08-15T22:13:46.501-0500	DEBUG	protocol/handler.go:1591	have processed broadcast	{"{round 20 3  <nil>}": {"Key":"from","Type":15,"Integer":0,"String":"b","Interface":null}}
2025-08-15T22:13:46.501-0500	DEBUG	protocol/handler.go:1591	have processed broadcast	{"{round 20 3  <nil>}": {"Key":"from","Type":15,"Integer":0,"String":"c","Interface":null}}
2025-08-15T22:13:46.501-0500	DEBUG	protocol/handler.go:1649	have all messages and processed	{"{round 20 3  <nil>}": {"Key":"self","Type":15,"Integer":0,"String":"c","Interface":null}}
2025-08-15T22:13:46.501-0500	DEBUG	protocol/handler.go:1649	have all messages and processed	{"{round 20 3  <nil>}": {"Key":"self","Type":15,"Integer":0,"String":"b","Interface":null}}
2025-08-15T22:13:46.501-0500	DEBUG	protocol/handler.go:596	round already finalized
2025-08-15T22:13:46.501-0500	DEBUG	protocol/handler.go:596	round already finalized
2025-08-15T22:13:46.507-0500	DEBUG	protocol/handler.go:581	tryAdvanceRound called	{"{current_round 20 3  <nil>}": {"Key":"self","Type":15,"Integer":0,"String":"a","Interface":null}}
2025-08-15T22:13:46.507-0500	DEBUG	protocol/handler.go:1591	have processed broadcast	{"{round 20 3  <nil>}": {"Key":"from","Type":15,"Integer":0,"String":"b","Interface":null}}
2025-08-15T22:13:46.507-0500	DEBUG	protocol/handler.go:1591	have processed broadcast	{"{round 20 3  <nil>}": {"Key":"from","Type":15,"Integer":0,"String":"c","Interface":null}}
2025-08-15T22:13:46.507-0500	DEBUG	protocol/handler.go:1649	have all messages and processed	{"{round 20 3  <nil>}": {"Key":"self","Type":15,"Integer":0,"String":"a","Interface":null}}
2025-08-15T22:13:46.507-0500	DEBUG	protocol/handler.go:596	round already finalized
2025-08-15T22:13:46.511-0500	DEBUG	protocol/handler.go:581	tryAdvanceRound called	{"{current_round 20 3  <nil>}": {"Key":"self","Type":15,"Integer":0,"String":"b","Interface":null}}
2025-08-15T22:13:46.511-0500	DEBUG	protocol/handler.go:581	tryAdvanceRound called	{"{current_round 20 3  <nil>}": {"Key":"self","Type":15,"Integer":0,"String":"c","Interface":null}}
2025-08-15T22:13:46.511-0500	DEBUG	protocol/handler.go:1591	have processed broadcast	{"{round 20 3  <nil>}": {"Key":"from","Type":15,"Integer":0,"String":"a","Interface":null}}
2025-08-15T22:13:46.511-0500	DEBUG	protocol/handler.go:1591	have processed broadcast	{"{round 20 3  <nil>}": {"Key":"from","Type":15,"Integer":0,"String":"a","Interface":null}}
2025-08-15T22:13:46.511-0500	DEBUG	protocol/handler.go:1591	have processed broadcast	{"{round 20 3  <nil>}": {"Key":"from","Type":15,"Integer":0,"String":"c","Interface":null}}
2025-08-15T22:13:46.511-0500	DEBUG	protocol/handler.go:1591	have processed broadcast	{"{round 20 3  <nil>}": {"Key":"from","Type":15,"Integer":0,"String":"b","Interface":null}}
2025-08-15T22:13:46.511-0500	DEBUG	protocol/handler.go:1649	have all messages and processed	{"{round 20 3  <nil>}": {"Key":"self","Type":15,"Integer":0,"String":"b","Interface":null}}
2025-08-15T22:13:46.511-0500	DEBUG	protocol/handler.go:1649	have all messages and processed	{"{round 20 3  <nil>}": {"Key":"self","Type":15,"Integer":0,"String":"c","Interface":null}}
2025-08-15T22:13:46.511-0500	DEBUG	protocol/handler.go:596	round already finalized
2025-08-15T22:13:46.511-0500	DEBUG	protocol/handler.go:596	round already finalized
2025-08-15T22:13:46.517-0500	DEBUG	protocol/handler.go:581	tryAdvanceRound called	{"{current_round 20 3  <nil>}": {"Key":"self","Type":15,"Integer":0,"String":"a","Interface":null}}
2025-08-15T22:13:46.517-0500	DEBUG	protocol/handler.go:1591	have processed broadcast	{"{round 20 3  <nil>}": {"Key":"from","Type":15,"Integer":0,"String":"b","Interface":null}}
2025-08-15T22:13:46.517-0500	DEBUG	protocol/handler.go:1591	have processed broadcast	{"{round 20 3  <nil>}": {"Key":"from","Type":15,"Integer":0,"String":"c","Interface":null}}
2025-08-15T22:13:46.517-0500	DEBUG	protocol/handler.go:1649	have all messages and processed	{"{round 20 3  <nil>}": {"Key":"self","Type":15,"Integer":0,"String":"a","Interface":null}}
2025-08-15T22:13:46.517-0500	DEBUG	protocol/handler.go:596	round already finalized
2025-08-15T22:13:46.521-0500	DEBUG	protocol/handler.go:581	tryAdvanceRound called	{"{current_round 20 3  <nil>}": {"Key":"self","Type":15,"Integer":0,"String":"b","Interface":null}}
2025-08-15T22:13:46.521-0500	DEBUG	protocol/handler.go:581	tryAdvanceRound called	{"{current_round 20 3  <nil>}": {"Key":"self","Type":15,"Integer":0,"String":"c","Interface":null}}
2025-08-15T22:13:46.521-0500	DEBUG	protocol/handler.go:1591	have processed broadcast	{"{round 20 3  <nil>}": {"Key":"from","Type":15,"Integer":0,"String":"a","Interface":null}}
2025-08-15T22:13:46.521-0500	DEBUG	protocol/handler.go:1591	have processed broadcast	{"{round 20 3  <nil>}": {"Key":"from","Type":15,"Integer":0,"String":"a","Interface":null}}
2025-08-15T22:13:46.521-0500	DEBUG	protocol/handler.go:1591	have processed broadcast	{"{round 20 3  <nil>}": {"Key":"from","Type":15,"Integer":0,"String":"c","Interface":null}}
2025-08-15T22:13:46.521-0500	DEBUG	protocol/handler.go:1591	have processed broadcast	{"{round 20 3  <nil>}": {"Key":"from","Type":15,"Integer":0,"String":"b","Interface":null}}
2025-08-15T22:13:46.521-0500	DEBUG	protocol/handler.go:1649	have all messages and processed	{"{round 20 3  <nil>}": {"Key":"self","Type":15,"Integer":0,"String":"b","Interface":null}}
2025-08-15T22:13:46.521-0500	DEBUG	protocol/handler.go:1649	have all messages and processed	{"{round 20 3  <nil>}": {"Key":"self","Type":15,"Integer":0,"String":"c","Interface":null}}
2025-08-15T22:13:46.521-0500	DEBUG	protocol/handler.go:596	round already finalized
2025-08-15T22:13:46.521-0500	DEBUG	protocol/handler.go:596	round already finalized
2025-08-15T22:13:46.527-0500	DEBUG	protocol/handler.go:581	tryAdvanceRound called	{"{current_round 20 3  <nil>}": {"Key":"self","Type":15,"Integer":0,"String":"a","Interface":null}}
2025-08-15T22:13:46.527-0500	DEBUG	protocol/handler.go:1591	have processed broadcast	{"{round 20 3  <nil>}": {"Key":"from","Type":15,"Integer":0,"String":"b","Interface":null}}
2025-08-15T22:13:46.527-0500	DEBUG	protocol/handler.go:1591	have processed broadcast	{"{round 20 3  <nil>}": {"Key":"from","Type":15,"Integer":0,"String":"c","Interface":null}}
2025-08-15T22:13:46.527-0500	DEBUG	protocol/handler.go:1649	have all messages and processed	{"{round 20 3  <nil>}": {"Key":"self","Type":15,"Integer":0,"String":"a","Interface":null}}
2025-08-15T22:13:46.527-0500	DEBUG	protocol/handler.go:596	round already finalized
2025-08-15T22:13:46.530-0500	DEBUG	protocol/handler.go:581	tryAdvanceRound called	{"{current_round 20 3  <nil>}": {"Key":"self","Type":15,"Integer":0,"String":"b","Interface":null}}
2025-08-15T22:13:46.531-0500	DEBUG	protocol/handler.go:1591	have processed broadcast	{"{round 20 3  <nil>}": {"Key":"from","Type":15,"Integer":0,"String":"a","Interface":null}}
2025-08-15T22:13:46.531-0500	DEBUG	protocol/handler.go:1591	have processed broadcast	{"{round 20 3  <nil>}": {"Key":"from","Type":15,"Integer":0,"String":"c","Interface":null}}
2025-08-15T22:13:46.531-0500	DEBUG	protocol/handler.go:1649	have all messages and processed	{"{round 20 3  <nil>}": {"Key":"self","Type":15,"Integer":0,"String":"b","Interface":null}}
2025-08-15T22:13:46.531-0500	DEBUG	protocol/handler.go:596	round already finalized
2025-08-15T22:13:46.531-0500	DEBUG	protocol/handler.go:581	tryAdvanceRound called	{"{current_round 20 3  <nil>}": {"Key":"self","Type":15,"Integer":0,"String":"c","Interface":null}}
2025-08-15T22:13:46.531-0500	DEBUG	protocol/handler.go:1591	have processed broadcast	{"{round 20 3  <nil>}": {"Key":"from","Type":15,"Integer":0,"String":"a","Interface":null}}
2025-08-15T22:13:46.531-0500	DEBUG	protocol/handler.go:1591	have processed broadcast	{"{round 20 3  <nil>}": {"Key":"from","Type":15,"Integer":0,"String":"b","Interface":null}}
2025-08-15T22:13:46.531-0500	DEBUG	protocol/handler.go:1649	have all messages and processed	{"{round 20 3  <nil>}": {"Key":"self","Type":15,"Integer":0,"String":"c","Interface":null}}
2025-08-15T22:13:46.531-0500	DEBUG	protocol/handler.go:596	round already finalized
2025-08-15T22:13:46.537-0500	DEBUG	protocol/handler.go:581	tryAdvanceRound called	{"{current_round 20 3  <nil>}": {"Key":"self","Type":15,"Integer":0,"String":"a","Interface":null}}
2025-08-15T22:13:46.537-0500	DEBUG	protocol/handler.go:1591	have processed broadcast	{"{round 20 3  <nil>}": {"Key":"from","Type":15,"Integer":0,"String":"b","Interface":null}}
2025-08-15T22:13:46.537-0500	DEBUG	protocol/handler.go:1591	have processed broadcast	{"{round 20 3  <nil>}": {"Key":"from","Type":15,"Integer":0,"String":"c","Interface":null}}
2025-08-15T22:13:46.537-0500	DEBUG	protocol/handler.go:1649	have all messages and processed	{"{round 20 3  <nil>}": {"Key":"self","Type":15,"Integer":0,"String":"a","Interface":null}}
2025-08-15T22:13:46.537-0500	DEBUG	protocol/handler.go:596	round already finalized
2025-08-15T22:13:46.541-0500	DEBUG	protocol/handler.go:581	tryAdvanceRound called	{"{current_round 20 3  <nil>}": {"Key":"self","Type":15,"Integer":0,"String":"b","Interface":null}}
2025-08-15T22:13:46.541-0500	DEBUG	protocol/handler.go:1591	have processed broadcast	{"{round 20 3  <nil>}": {"Key":"from","Type":15,"Integer":0,"String":"a","Interface":null}}
2025-08-15T22:13:46.541-0500	DEBUG	protocol/handler.go:1591	have processed broadcast	{"{round 20 3  <nil>}": {"Key":"from","Type":15,"Integer":0,"String":"c","Interface":null}}
2025-08-15T22:13:46.541-0500	DEBUG	protocol/handler.go:1649	have all messages and processed	{"{round 20 3  <nil>}": {"Key":"self","Type":15,"Integer":0,"String":"b","Interface":null}}
2025-08-15T22:13:46.541-0500	DEBUG	protocol/handler.go:596	round already finalized
2025-08-15T22:13:46.541-0500	DEBUG	protocol/handler.go:581	tryAdvanceRound called	{"{current_round 20 3  <nil>}": {"Key":"self","Type":15,"Integer":0,"String":"c","Interface":null}}
2025-08-15T22:13:46.541-0500	DEBUG	protocol/handler.go:1591	have processed broadcast	{"{round 20 3  <nil>}": {"Key":"from","Type":15,"Integer":0,"String":"a","Interface":null}}
2025-08-15T22:13:46.541-0500	DEBUG	protocol/handler.go:1591	have processed broadcast	{"{round 20 3  <nil>}": {"Key":"from","Type":15,"Integer":0,"String":"b","Interface":null}}
2025-08-15T22:13:46.541-0500	DEBUG	protocol/handler.go:1649	have all messages and processed	{"{round 20 3  <nil>}": {"Key":"self","Type":15,"Integer":0,"String":"c","Interface":null}}
2025-08-15T22:13:46.541-0500	DEBUG	protocol/handler.go:596	round already finalized
2025-08-15T22:13:46.547-0500	DEBUG	protocol/handler.go:581	tryAdvanceRound called	{"{current_round 20 3  <nil>}": {"Key":"self","Type":15,"Integer":0,"String":"a","Interface":null}}
2025-08-15T22:13:46.547-0500	DEBUG	protocol/handler.go:1591	have processed broadcast	{"{round 20 3  <nil>}": {"Key":"from","Type":15,"Integer":0,"String":"b","Interface":null}}
2025-08-15T22:13:46.547-0500	DEBUG	protocol/handler.go:1591	have processed broadcast	{"{round 20 3  <nil>}": {"Key":"from","Type":15,"Integer":0,"String":"c","Interface":null}}
2025-08-15T22:13:46.547-0500	DEBUG	protocol/handler.go:1649	have all messages and processed	{"{round 20 3  <nil>}": {"Key":"self","Type":15,"Integer":0,"String":"a","Interface":null}}
2025-08-15T22:13:46.547-0500	DEBUG	protocol/handler.go:596	round already finalized
2025-08-15T22:13:46.551-0500	DEBUG	protocol/handler.go:581	tryAdvanceRound called	{"{current_round 20 3  <nil>}": {"Key":"self","Type":15,"Integer":0,"String":"b","Interface":null}}
2025-08-15T22:13:46.551-0500	DEBUG	protocol/handler.go:581	tryAdvanceRound called	{"{current_round 20 3  <nil>}": {"Key":"self","Type":15,"Integer":0,"String":"c","Interface":null}}
2025-08-15T22:13:46.551-0500	DEBUG	protocol/handler.go:1591	have processed broadcast	{"{round 20 3  <nil>}": {"Key":"from","Type":15,"Integer":0,"String":"a","Interface":null}}
2025-08-15T22:13:46.551-0500	DEBUG	protocol/handler.go:1591	have processed broadcast	{"{round 20 3  <nil>}": {"Key":"from","Type":15,"Integer":0,"String":"a","Interface":null}}
2025-08-15T22:13:46.551-0500	DEBUG	protocol/handler.go:1591	have processed broadcast	{"{round 20 3  <nil>}": {"Key":"from","Type":15,"Integer":0,"String":"c","Interface":null}}
2025-08-15T22:13:46.551-0500	DEBUG	protocol/handler.go:1591	have processed broadcast	{"{round 20 3  <nil>}": {"Key":"from","Type":15,"Integer":0,"String":"b","Interface":null}}
2025-08-15T22:13:46.551-0500	DEBUG	protocol/handler.go:1649	have all messages and processed	{"{round 20 3  <nil>}": {"Key":"self","Type":15,"Integer":0,"String":"b","Interface":null}}
2025-08-15T22:13:46.551-0500	DEBUG	protocol/handler.go:596	round already finalized
2025-08-15T22:13:46.551-0500	DEBUG	protocol/handler.go:1649	have all messages and processed	{"{round 20 3  <nil>}": {"Key":"self","Type":15,"Integer":0,"String":"c","Interface":null}}
2025-08-15T22:13:46.551-0500	DEBUG	protocol/handler.go:596	round already finalized
2025-08-15T22:13:46.557-0500	DEBUG	protocol/handler.go:581	tryAdvanceRound called	{"{current_round 20 3  <nil>}": {"Key":"self","Type":15,"Integer":0,"String":"a","Interface":null}}
2025-08-15T22:13:46.557-0500	DEBUG	protocol/handler.go:1591	have processed broadcast	{"{round 20 3  <nil>}": {"Key":"from","Type":15,"Integer":0,"String":"b","Interface":null}}
2025-08-15T22:13:46.557-0500	DEBUG	protocol/handler.go:1591	have processed broadcast	{"{round 20 3  <nil>}": {"Key":"from","Type":15,"Integer":0,"String":"c","Interface":null}}
2025-08-15T22:13:46.557-0500	DEBUG	protocol/handler.go:1649	have all messages and processed	{"{round 20 3  <nil>}": {"Key":"self","Type":15,"Integer":0,"String":"a","Interface":null}}
2025-08-15T22:13:46.557-0500	DEBUG	protocol/handler.go:596	round already finalized
2025-08-15T22:13:46.561-0500	DEBUG	protocol/handler.go:581	tryAdvanceRound called	{"{current_round 20 3  <nil>}": {"Key":"self","Type":15,"Integer":0,"String":"b","Interface":null}}
2025-08-15T22:13:46.561-0500	DEBUG	protocol/handler.go:581	tryAdvanceRound called	{"{current_round 20 3  <nil>}": {"Key":"self","Type":15,"Integer":0,"String":"c","Interface":null}}
2025-08-15T22:13:46.561-0500	DEBUG	protocol/handler.go:1591	have processed broadcast	{"{round 20 3  <nil>}": {"Key":"from","Type":15,"Integer":0,"String":"a","Interface":null}}
2025-08-15T22:13:46.561-0500	DEBUG	protocol/handler.go:1591	have processed broadcast	{"{round 20 3  <nil>}": {"Key":"from","Type":15,"Integer":0,"String":"a","Interface":null}}
2025-08-15T22:13:46.561-0500	DEBUG	protocol/handler.go:1591	have processed broadcast	{"{round 20 3  <nil>}": {"Key":"from","Type":15,"Integer":0,"String":"c","Interface":null}}
2025-08-15T22:13:46.561-0500	DEBUG	protocol/handler.go:1591	have processed broadcast	{"{round 20 3  <nil>}": {"Key":"from","Type":15,"Integer":0,"String":"b","Interface":null}}
2025-08-15T22:13:46.561-0500	DEBUG	protocol/handler.go:1649	have all messages and processed	{"{round 20 3  <nil>}": {"Key":"self","Type":15,"Integer":0,"String":"b","Interface":null}}
2025-08-15T22:13:46.561-0500	DEBUG	protocol/handler.go:1649	have all messages and processed	{"{round 20 3  <nil>}": {"Key":"self","Type":15,"Integer":0,"String":"c","Interface":null}}
2025-08-15T22:13:46.561-0500	DEBUG	protocol/handler.go:596	round already finalized
2025-08-15T22:13:46.561-0500	DEBUG	protocol/handler.go:596	round already finalized
2025-08-15T22:13:46.567-0500	DEBUG	protocol/handler.go:581	tryAdvanceRound called	{"{current_round 20 3  <nil>}": {"Key":"self","Type":15,"Integer":0,"String":"a","Interface":null}}
2025-08-15T22:13:46.567-0500	DEBUG	protocol/handler.go:1591	have processed broadcast	{"{round 20 3  <nil>}": {"Key":"from","Type":15,"Integer":0,"String":"b","Interface":null}}
2025-08-15T22:13:46.567-0500	DEBUG	protocol/handler.go:1591	have processed broadcast	{"{round 20 3  <nil>}": {"Key":"from","Type":15,"Integer":0,"String":"c","Interface":null}}
2025-08-15T22:13:46.567-0500	DEBUG	protocol/handler.go:1649	have all messages and processed	{"{round 20 3  <nil>}": {"Key":"self","Type":15,"Integer":0,"String":"a","Interface":null}}
2025-08-15T22:13:46.567-0500	DEBUG	protocol/handler.go:596	round already finalized
2025-08-15T22:13:46.571-0500	DEBUG	protocol/handler.go:581	tryAdvanceRound called	{"{current_round 20 3  <nil>}": {"Key":"self","Type":15,"Integer":0,"String":"b","Interface":null}}
2025-08-15T22:13:46.571-0500	DEBUG	protocol/handler.go:581	tryAdvanceRound called	{"{current_round 20 3  <nil>}": {"Key":"self","Type":15,"Integer":0,"String":"c","Interface":null}}
2025-08-15T22:13:46.571-0500	DEBUG	protocol/handler.go:1591	have processed broadcast	{"{round 20 3  <nil>}": {"Key":"from","Type":15,"Integer":0,"String":"a","Interface":null}}
2025-08-15T22:13:46.571-0500	DEBUG	protocol/handler.go:1591	have processed broadcast	{"{round 20 3  <nil>}": {"Key":"from","Type":15,"Integer":0,"String":"c","Interface":null}}
2025-08-15T22:13:46.571-0500	DEBUG	protocol/handler.go:1591	have processed broadcast	{"{round 20 3  <nil>}": {"Key":"from","Type":15,"Integer":0,"String":"a","Interface":null}}
2025-08-15T22:13:46.571-0500	DEBUG	protocol/handler.go:1649	have all messages and processed	{"{round 20 3  <nil>}": {"Key":"self","Type":15,"Integer":0,"String":"b","Interface":null}}
2025-08-15T22:13:46.571-0500	DEBUG	protocol/handler.go:1591	have processed broadcast	{"{round 20 3  <nil>}": {"Key":"from","Type":15,"Integer":0,"String":"b","Interface":null}}
2025-08-15T22:13:46.571-0500	DEBUG	protocol/handler.go:596	round already finalized
2025-08-15T22:13:46.571-0500	DEBUG	protocol/handler.go:1649	have all messages and processed	{"{round 20 3  <nil>}": {"Key":"self","Type":15,"Integer":0,"String":"c","Interface":null}}
2025-08-15T22:13:46.571-0500	DEBUG	protocol/handler.go:596	round already finalized
2025-08-15T22:13:46.577-0500	DEBUG	protocol/handler.go:581	tryAdvanceRound called	{"{current_round 20 3  <nil>}": {"Key":"self","Type":15,"Integer":0,"String":"a","Interface":null}}
2025-08-15T22:13:46.577-0500	DEBUG	protocol/handler.go:1591	have processed broadcast	{"{round 20 3  <nil>}": {"Key":"from","Type":15,"Integer":0,"String":"b","Interface":null}}
2025-08-15T22:13:46.577-0500	DEBUG	protocol/handler.go:1591	have processed broadcast	{"{round 20 3  <nil>}": {"Key":"from","Type":15,"Integer":0,"String":"c","Interface":null}}
2025-08-15T22:13:46.577-0500	DEBUG	protocol/handler.go:1649	have all messages and processed	{"{round 20 3  <nil>}": {"Key":"self","Type":15,"Integer":0,"String":"a","Interface":null}}
2025-08-15T22:13:46.577-0500	DEBUG	protocol/handler.go:596	round already finalized
2025-08-15T22:13:46.581-0500	DEBUG	protocol/handler.go:581	tryAdvanceRound called	{"{current_round 20 3  <nil>}": {"Key":"self","Type":15,"Integer":0,"String":"b","Interface":null}}
2025-08-15T22:13:46.581-0500	DEBUG	protocol/handler.go:1591	have processed broadcast	{"{round 20 3  <nil>}": {"Key":"from","Type":15,"Integer":0,"String":"a","Interface":null}}
2025-08-15T22:13:46.581-0500	DEBUG	protocol/handler.go:1591	have processed broadcast	{"{round 20 3  <nil>}": {"Key":"from","Type":15,"Integer":0,"String":"c","Interface":null}}
2025-08-15T22:13:46.581-0500	DEBUG	protocol/handler.go:1649	have all messages and processed	{"{round 20 3  <nil>}": {"Key":"self","Type":15,"Integer":0,"String":"b","Interface":null}}
2025-08-15T22:13:46.581-0500	DEBUG	protocol/handler.go:596	round already finalized
2025-08-15T22:13:46.581-0500	DEBUG	protocol/handler.go:581	tryAdvanceRound called	{"{current_round 20 3  <nil>}": {"Key":"self","Type":15,"Integer":0,"String":"c","Interface":null}}
2025-08-15T22:13:46.581-0500	DEBUG	protocol/handler.go:1591	have processed broadcast	{"{round 20 3  <nil>}": {"Key":"from","Type":15,"Integer":0,"String":"a","Interface":null}}
2025-08-15T22:13:46.581-0500	DEBUG	protocol/handler.go:1591	have processed broadcast	{"{round 20 3  <nil>}": {"Key":"from","Type":15,"Integer":0,"String":"b","Interface":null}}
2025-08-15T22:13:46.581-0500	DEBUG	protocol/handler.go:1649	have all messages and processed	{"{round 20 3  <nil>}": {"Key":"self","Type":15,"Integer":0,"String":"c","Interface":null}}
2025-08-15T22:13:46.581-0500	DEBUG	protocol/handler.go:596	round already finalized
2025-08-15T22:13:46.587-0500	DEBUG	protocol/handler.go:581	tryAdvanceRound called	{"{current_round 20 3  <nil>}": {"Key":"self","Type":15,"Integer":0,"String":"a","Interface":null}}
2025-08-15T22:13:46.587-0500	DEBUG	protocol/handler.go:1591	have processed broadcast	{"{round 20 3  <nil>}": {"Key":"from","Type":15,"Integer":0,"String":"b","Interface":null}}
2025-08-15T22:13:46.587-0500	DEBUG	protocol/handler.go:1591	have processed broadcast	{"{round 20 3  <nil>}": {"Key":"from","Type":15,"Integer":0,"String":"c","Interface":null}}
2025-08-15T22:13:46.587-0500	DEBUG	protocol/handler.go:1649	have all messages and processed	{"{round 20 3  <nil>}": {"Key":"self","Type":15,"Integer":0,"String":"a","Interface":null}}
2025-08-15T22:13:46.587-0500	DEBUG	protocol/handler.go:596	round already finalized
2025-08-15T22:13:46.591-0500	DEBUG	protocol/handler.go:581	tryAdvanceRound called	{"{current_round 20 3  <nil>}": {"Key":"self","Type":15,"Integer":0,"String":"b","Interface":null}}
2025-08-15T22:13:46.591-0500	DEBUG	protocol/handler.go:581	tryAdvanceRound called	{"{current_round 20 3  <nil>}": {"Key":"self","Type":15,"Integer":0,"String":"c","Interface":null}}
2025-08-15T22:13:46.591-0500	DEBUG	protocol/handler.go:1591	have processed broadcast	{"{round 20 3  <nil>}": {"Key":"from","Type":15,"Integer":0,"String":"a","Interface":null}}
2025-08-15T22:13:46.591-0500	DEBUG	protocol/handler.go:1591	have processed broadcast	{"{round 20 3  <nil>}": {"Key":"from","Type":15,"Integer":0,"String":"a","Interface":null}}
2025-08-15T22:13:46.591-0500	DEBUG	protocol/handler.go:1591	have processed broadcast	{"{round 20 3  <nil>}": {"Key":"from","Type":15,"Integer":0,"String":"c","Interface":null}}
2025-08-15T22:13:46.591-0500	DEBUG	protocol/handler.go:1591	have processed broadcast	{"{round 20 3  <nil>}": {"Key":"from","Type":15,"Integer":0,"String":"b","Interface":null}}
2025-08-15T22:13:46.591-0500	DEBUG	protocol/handler.go:1649	have all messages and processed	{"{round 20 3  <nil>}": {"Key":"self","Type":15,"Integer":0,"String":"c","Interface":null}}
2025-08-15T22:13:46.591-0500	DEBUG	protocol/handler.go:1649	have all messages and processed	{"{round 20 3  <nil>}": {"Key":"self","Type":15,"Integer":0,"String":"b","Interface":null}}
2025-08-15T22:13:46.591-0500	DEBUG	protocol/handler.go:596	round already finalized
2025-08-15T22:13:46.591-0500	DEBUG	protocol/handler.go:596	round already finalized
2025-08-15T22:13:46.597-0500	DEBUG	protocol/handler.go:581	tryAdvanceRound called	{"{current_round 20 3  <nil>}": {"Key":"self","Type":15,"Integer":0,"String":"a","Interface":null}}
2025-08-15T22:13:46.597-0500	DEBUG	protocol/handler.go:1591	have processed broadcast	{"{round 20 3  <nil>}": {"Key":"from","Type":15,"Integer":0,"String":"b","Interface":null}}
2025-08-15T22:13:46.597-0500	DEBUG	protocol/handler.go:1591	have processed broadcast	{"{round 20 3  <nil>}": {"Key":"from","Type":15,"Integer":0,"String":"c","Interface":null}}
2025-08-15T22:13:46.597-0500	DEBUG	protocol/handler.go:1649	have all messages and processed	{"{round 20 3  <nil>}": {"Key":"self","Type":15,"Integer":0,"String":"a","Interface":null}}
2025-08-15T22:13:46.597-0500	DEBUG	protocol/handler.go:596	round already finalized
2025-08-15T22:13:46.601-0500	DEBUG	protocol/handler.go:581	tryAdvanceRound called	{"{current_round 20 3  <nil>}": {"Key":"self","Type":15,"Integer":0,"String":"b","Interface":null}}
2025-08-15T22:13:46.601-0500	DEBUG	protocol/handler.go:581	tryAdvanceRound called	{"{current_round 20 3  <nil>}": {"Key":"self","Type":15,"Integer":0,"String":"c","Interface":null}}
2025-08-15T22:13:46.601-0500	DEBUG	protocol/handler.go:1591	have processed broadcast	{"{round 20 3  <nil>}": {"Key":"from","Type":15,"Integer":0,"String":"a","Interface":null}}
2025-08-15T22:13:46.601-0500	DEBUG	protocol/handler.go:1591	have processed broadcast	{"{round 20 3  <nil>}": {"Key":"from","Type":15,"Integer":0,"String":"a","Interface":null}}
2025-08-15T22:13:46.601-0500	DEBUG	protocol/handler.go:1591	have processed broadcast	{"{round 20 3  <nil>}": {"Key":"from","Type":15,"Integer":0,"String":"c","Interface":null}}
2025-08-15T22:13:46.601-0500	DEBUG	protocol/handler.go:1591	have processed broadcast	{"{round 20 3  <nil>}": {"Key":"from","Type":15,"Integer":0,"String":"b","Interface":null}}
2025-08-15T22:13:46.601-0500	DEBUG	protocol/handler.go:1649	have all messages and processed	{"{round 20 3  <nil>}": {"Key":"self","Type":15,"Integer":0,"String":"b","Interface":null}}
2025-08-15T22:13:46.601-0500	DEBUG	protocol/handler.go:1649	have all messages and processed	{"{round 20 3  <nil>}": {"Key":"self","Type":15,"Integer":0,"String":"c","Interface":null}}
2025-08-15T22:13:46.601-0500	DEBUG	protocol/handler.go:596	round already finalized
2025-08-15T22:13:46.601-0500	DEBUG	protocol/handler.go:596	round already finalized
2025-08-15T22:13:46.607-0500	DEBUG	protocol/handler.go:581	tryAdvanceRound called	{"{current_round 20 3  <nil>}": {"Key":"self","Type":15,"Integer":0,"String":"a","Interface":null}}
2025-08-15T22:13:46.607-0500	DEBUG	protocol/handler.go:1591	have processed broadcast	{"{round 20 3  <nil>}": {"Key":"from","Type":15,"Integer":0,"String":"b","Interface":null}}
2025-08-15T22:13:46.607-0500	DEBUG	protocol/handler.go:1591	have processed broadcast	{"{round 20 3  <nil>}": {"Key":"from","Type":15,"Integer":0,"String":"c","Interface":null}}
2025-08-15T22:13:46.607-0500	DEBUG	protocol/handler.go:1649	have all messages and processed	{"{round 20 3  <nil>}": {"Key":"self","Type":15,"Integer":0,"String":"a","Interface":null}}
2025-08-15T22:13:46.607-0500	DEBUG	protocol/handler.go:596	round already finalized
2025-08-15T22:13:46.611-0500	DEBUG	protocol/handler.go:581	tryAdvanceRound called	{"{current_round 20 3  <nil>}": {"Key":"self","Type":15,"Integer":0,"String":"b","Interface":null}}
2025-08-15T22:13:46.611-0500	DEBUG	protocol/handler.go:581	tryAdvanceRound called	{"{current_round 20 3  <nil>}": {"Key":"self","Type":15,"Integer":0,"String":"c","Interface":null}}
2025-08-15T22:13:46.611-0500	DEBUG	protocol/handler.go:1591	have processed broadcast	{"{round 20 3  <nil>}": {"Key":"from","Type":15,"Integer":0,"String":"a","Interface":null}}
2025-08-15T22:13:46.611-0500	DEBUG	protocol/handler.go:1591	have processed broadcast	{"{round 20 3  <nil>}": {"Key":"from","Type":15,"Integer":0,"String":"a","Interface":null}}
2025-08-15T22:13:46.611-0500	DEBUG	protocol/handler.go:1591	have processed broadcast	{"{round 20 3  <nil>}": {"Key":"from","Type":15,"Integer":0,"String":"c","Interface":null}}
2025-08-15T22:13:46.611-0500	DEBUG	protocol/handler.go:1591	have processed broadcast	{"{round 20 3  <nil>}": {"Key":"from","Type":15,"Integer":0,"String":"b","Interface":null}}
2025-08-15T22:13:46.611-0500	DEBUG	protocol/handler.go:1649	have all messages and processed	{"{round 20 3  <nil>}": {"Key":"self","Type":15,"Integer":0,"String":"b","Interface":null}}
2025-08-15T22:13:46.611-0500	DEBUG	protocol/handler.go:1649	have all messages and processed	{"{round 20 3  <nil>}": {"Key":"self","Type":15,"Integer":0,"String":"c","Interface":null}}
2025-08-15T22:13:46.611-0500	DEBUG	protocol/handler.go:596	round already finalized
2025-08-15T22:13:46.611-0500	DEBUG	protocol/handler.go:596	round already finalized
2025-08-15T22:13:46.617-0500	DEBUG	protocol/handler.go:581	tryAdvanceRound called	{"{current_round 20 3  <nil>}": {"Key":"self","Type":15,"Integer":0,"String":"a","Interface":null}}
2025-08-15T22:13:46.617-0500	DEBUG	protocol/handler.go:1591	have processed broadcast	{"{round 20 3  <nil>}": {"Key":"from","Type":15,"Integer":0,"String":"b","Interface":null}}
2025-08-15T22:13:46.617-0500	DEBUG	protocol/handler.go:1591	have processed broadcast	{"{round 20 3  <nil>}": {"Key":"from","Type":15,"Integer":0,"String":"c","Interface":null}}
2025-08-15T22:13:46.617-0500	DEBUG	protocol/handler.go:1649	have all messages and processed	{"{round 20 3  <nil>}": {"Key":"self","Type":15,"Integer":0,"String":"a","Interface":null}}
2025-08-15T22:13:46.617-0500	DEBUG	protocol/handler.go:596	round already finalized
2025-08-15T22:13:46.621-0500	DEBUG	protocol/handler.go:581	tryAdvanceRound called	{"{current_round 20 3  <nil>}": {"Key":"self","Type":15,"Integer":0,"String":"b","Interface":null}}
2025-08-15T22:13:46.621-0500	DEBUG	protocol/handler.go:581	tryAdvanceRound called	{"{current_round 20 3  <nil>}": {"Key":"self","Type":15,"Integer":0,"String":"c","Interface":null}}
2025-08-15T22:13:46.621-0500	DEBUG	protocol/handler.go:1591	have processed broadcast	{"{round 20 3  <nil>}": {"Key":"from","Type":15,"Integer":0,"String":"a","Interface":null}}
2025-08-15T22:13:46.621-0500	DEBUG	protocol/handler.go:1591	have processed broadcast	{"{round 20 3  <nil>}": {"Key":"from","Type":15,"Integer":0,"String":"a","Interface":null}}
2025-08-15T22:13:46.621-0500	DEBUG	protocol/handler.go:1591	have processed broadcast	{"{round 20 3  <nil>}": {"Key":"from","Type":15,"Integer":0,"String":"c","Interface":null}}
2025-08-15T22:13:46.621-0500	DEBUG	protocol/handler.go:1591	have processed broadcast	{"{round 20 3  <nil>}": {"Key":"from","Type":15,"Integer":0,"String":"b","Interface":null}}
2025-08-15T22:13:46.621-0500	DEBUG	protocol/handler.go:1649	have all messages and processed	{"{round 20 3  <nil>}": {"Key":"self","Type":15,"Integer":0,"String":"b","Interface":null}}
2025-08-15T22:13:46.621-0500	DEBUG	protocol/handler.go:1649	have all messages and processed	{"{round 20 3  <nil>}": {"Key":"self","Type":15,"Integer":0,"String":"c","Interface":null}}
2025-08-15T22:13:46.621-0500	DEBUG	protocol/handler.go:596	round already finalized
2025-08-15T22:13:46.621-0500	DEBUG	protocol/handler.go:596	round already finalized
2025-08-15T22:13:46.627-0500	DEBUG	protocol/handler.go:581	tryAdvanceRound called	{"{current_round 20 3  <nil>}": {"Key":"self","Type":15,"Integer":0,"String":"a","Interface":null}}
2025-08-15T22:13:46.627-0500	DEBUG	protocol/handler.go:1591	have processed broadcast	{"{round 20 3  <nil>}": {"Key":"from","Type":15,"Integer":0,"String":"b","Interface":null}}
2025-08-15T22:13:46.627-0500	DEBUG	protocol/handler.go:1591	have processed broadcast	{"{round 20 3  <nil>}": {"Key":"from","Type":15,"Integer":0,"String":"c","Interface":null}}
2025-08-15T22:13:46.627-0500	DEBUG	protocol/handler.go:1649	have all messages and processed	{"{round 20 3  <nil>}": {"Key":"self","Type":15,"Integer":0,"String":"a","Interface":null}}
2025-08-15T22:13:46.627-0500	DEBUG	protocol/handler.go:596	round already finalized
2025-08-15T22:13:46.631-0500	DEBUG	protocol/handler.go:581	tryAdvanceRound called	{"{current_round 20 3  <nil>}": {"Key":"self","Type":15,"Integer":0,"String":"b","Interface":null}}
2025-08-15T22:13:46.631-0500	DEBUG	protocol/handler.go:581	tryAdvanceRound called	{"{current_round 20 3  <nil>}": {"Key":"self","Type":15,"Integer":0,"String":"c","Interface":null}}
2025-08-15T22:13:46.631-0500	DEBUG	protocol/handler.go:1591	have processed broadcast	{"{round 20 3  <nil>}": {"Key":"from","Type":15,"Integer":0,"String":"a","Interface":null}}
2025-08-15T22:13:46.631-0500	DEBUG	protocol/handler.go:1591	have processed broadcast	{"{round 20 3  <nil>}": {"Key":"from","Type":15,"Integer":0,"String":"a","Interface":null}}
2025-08-15T22:13:46.631-0500	DEBUG	protocol/handler.go:1591	have processed broadcast	{"{round 20 3  <nil>}": {"Key":"from","Type":15,"Integer":0,"String":"c","Interface":null}}
2025-08-15T22:13:46.631-0500	DEBUG	protocol/handler.go:1591	have processed broadcast	{"{round 20 3  <nil>}": {"Key":"from","Type":15,"Integer":0,"String":"b","Interface":null}}
2025-08-15T22:13:46.631-0500	DEBUG	protocol/handler.go:1649	have all messages and processed	{"{round 20 3  <nil>}": {"Key":"self","Type":15,"Integer":0,"String":"b","Interface":null}}
2025-08-15T22:13:46.631-0500	DEBUG	protocol/handler.go:1649	have all messages and processed	{"{round 20 3  <nil>}": {"Key":"self","Type":15,"Integer":0,"String":"c","Interface":null}}
2025-08-15T22:13:46.631-0500	DEBUG	protocol/handler.go:596	round already finalized
2025-08-15T22:13:46.631-0500	DEBUG	protocol/handler.go:596	round already finalized
2025-08-15T22:13:46.637-0500	DEBUG	protocol/handler.go:581	tryAdvanceRound called	{"{current_round 20 3  <nil>}": {"Key":"self","Type":15,"Integer":0,"String":"a","Interface":null}}
2025-08-15T22:13:46.637-0500	DEBUG	protocol/handler.go:1591	have processed broadcast	{"{round 20 3  <nil>}": {"Key":"from","Type":15,"Integer":0,"String":"b","Interface":null}}
2025-08-15T22:13:46.637-0500	DEBUG	protocol/handler.go:1591	have processed broadcast	{"{round 20 3  <nil>}": {"Key":"from","Type":15,"Integer":0,"String":"c","Interface":null}}
2025-08-15T22:13:46.637-0500	DEBUG	protocol/handler.go:1649	have all messages and processed	{"{round 20 3  <nil>}": {"Key":"self","Type":15,"Integer":0,"String":"a","Interface":null}}
2025-08-15T22:13:46.637-0500	DEBUG	protocol/handler.go:596	round already finalized
2025-08-15T22:13:46.641-0500	DEBUG	protocol/handler.go:581	tryAdvanceRound called	{"{current_round 20 3  <nil>}": {"Key":"self","Type":15,"Integer":0,"String":"b","Interface":null}}
2025-08-15T22:13:46.641-0500	DEBUG	protocol/handler.go:581	tryAdvanceRound called	{"{current_round 20 3  <nil>}": {"Key":"self","Type":15,"Integer":0,"String":"c","Interface":null}}
2025-08-15T22:13:46.641-0500	DEBUG	protocol/handler.go:1591	have processed broadcast	{"{round 20 3  <nil>}": {"Key":"from","Type":15,"Integer":0,"String":"a","Interface":null}}
2025-08-15T22:13:46.641-0500	DEBUG	protocol/handler.go:1591	have processed broadcast	{"{round 20 3  <nil>}": {"Key":"from","Type":15,"Integer":0,"String":"a","Interface":null}}
2025-08-15T22:13:46.641-0500	DEBUG	protocol/handler.go:1591	have processed broadcast	{"{round 20 3  <nil>}": {"Key":"from","Type":15,"Integer":0,"String":"c","Interface":null}}
2025-08-15T22:13:46.641-0500	DEBUG	protocol/handler.go:1591	have processed broadcast	{"{round 20 3  <nil>}": {"Key":"from","Type":15,"Integer":0,"String":"b","Interface":null}}
2025-08-15T22:13:46.641-0500	DEBUG	protocol/handler.go:1649	have all messages and processed	{"{round 20 3  <nil>}": {"Key":"self","Type":15,"Integer":0,"String":"b","Interface":null}}
2025-08-15T22:13:46.641-0500	DEBUG	protocol/handler.go:596	round already finalized
2025-08-15T22:13:46.641-0500	DEBUG	protocol/handler.go:1649	have all messages and processed	{"{round 20 3  <nil>}": {"Key":"self","Type":15,"Integer":0,"String":"c","Interface":null}}
2025-08-15T22:13:46.641-0500	DEBUG	protocol/handler.go:596	round already finalized
2025-08-15T22:13:46.647-0500	DEBUG	protocol/handler.go:581	tryAdvanceRound called	{"{current_round 20 3  <nil>}": {"Key":"self","Type":15,"Integer":0,"String":"a","Interface":null}}
2025-08-15T22:13:46.647-0500	DEBUG	protocol/handler.go:1591	have processed broadcast	{"{round 20 3  <nil>}": {"Key":"from","Type":15,"Integer":0,"String":"b","Interface":null}}
2025-08-15T22:13:46.647-0500	DEBUG	protocol/handler.go:1591	have processed broadcast	{"{round 20 3  <nil>}": {"Key":"from","Type":15,"Integer":0,"String":"c","Interface":null}}
2025-08-15T22:13:46.647-0500	DEBUG	protocol/handler.go:1649	have all messages and processed	{"{round 20 3  <nil>}": {"Key":"self","Type":15,"Integer":0,"String":"a","Interface":null}}
2025-08-15T22:13:46.647-0500	DEBUG	protocol/handler.go:596	round already finalized
2025-08-15T22:13:46.651-0500	DEBUG	protocol/handler.go:581	tryAdvanceRound called	{"{current_round 20 3  <nil>}": {"Key":"self","Type":15,"Integer":0,"String":"b","Interface":null}}
2025-08-15T22:13:46.651-0500	DEBUG	protocol/handler.go:581	tryAdvanceRound called	{"{current_round 20 3  <nil>}": {"Key":"self","Type":15,"Integer":0,"String":"c","Interface":null}}
2025-08-15T22:13:46.651-0500	DEBUG	protocol/handler.go:1591	have processed broadcast	{"{round 20 3  <nil>}": {"Key":"from","Type":15,"Integer":0,"String":"a","Interface":null}}
2025-08-15T22:13:46.651-0500	DEBUG	protocol/handler.go:1591	have processed broadcast	{"{round 20 3  <nil>}": {"Key":"from","Type":15,"Integer":0,"String":"a","Interface":null}}
2025-08-15T22:13:46.651-0500	DEBUG	protocol/handler.go:1591	have processed broadcast	{"{round 20 3  <nil>}": {"Key":"from","Type":15,"Integer":0,"String":"c","Interface":null}}
2025-08-15T22:13:46.651-0500	DEBUG	protocol/handler.go:1649	have all messages and processed	{"{round 20 3  <nil>}": {"Key":"self","Type":15,"Integer":0,"String":"b","Interface":null}}
2025-08-15T22:13:46.651-0500	DEBUG	protocol/handler.go:1591	have processed broadcast	{"{round 20 3  <nil>}": {"Key":"from","Type":15,"Integer":0,"String":"b","Interface":null}}
2025-08-15T22:13:46.651-0500	DEBUG	protocol/handler.go:596	round already finalized
2025-08-15T22:13:46.651-0500	DEBUG	protocol/handler.go:1649	have all messages and processed	{"{round 20 3  <nil>}": {"Key":"self","Type":15,"Integer":0,"String":"c","Interface":null}}
2025-08-15T22:13:46.651-0500	DEBUG	protocol/handler.go:596	round already finalized
2025-08-15T22:13:46.657-0500	DEBUG	protocol/handler.go:581	tryAdvanceRound called	{"{current_round 20 3  <nil>}": {"Key":"self","Type":15,"Integer":0,"String":"a","Interface":null}}
2025-08-15T22:13:46.657-0500	DEBUG	protocol/handler.go:1591	have processed broadcast	{"{round 20 3  <nil>}": {"Key":"from","Type":15,"Integer":0,"String":"b","Interface":null}}
2025-08-15T22:13:46.657-0500	DEBUG	protocol/handler.go:1591	have processed broadcast	{"{round 20 3  <nil>}": {"Key":"from","Type":15,"Integer":0,"String":"c","Interface":null}}
2025-08-15T22:13:46.657-0500	DEBUG	protocol/handler.go:1649	have all messages and processed	{"{round 20 3  <nil>}": {"Key":"self","Type":15,"Integer":0,"String":"a","Interface":null}}
2025-08-15T22:13:46.657-0500	DEBUG	protocol/handler.go:596	round already finalized
2025-08-15T22:13:46.661-0500	DEBUG	protocol/handler.go:581	tryAdvanceRound called	{"{current_round 20 3  <nil>}": {"Key":"self","Type":15,"Integer":0,"String":"c","Interface":null}}
2025-08-15T22:13:46.661-0500	DEBUG	protocol/handler.go:581	tryAdvanceRound called	{"{current_round 20 3  <nil>}": {"Key":"self","Type":15,"Integer":0,"String":"b","Interface":null}}
2025-08-15T22:13:46.661-0500	DEBUG	protocol/handler.go:1591	have processed broadcast	{"{round 20 3  <nil>}": {"Key":"from","Type":15,"Integer":0,"String":"a","Interface":null}}
2025-08-15T22:13:46.661-0500	DEBUG	protocol/handler.go:1591	have processed broadcast	{"{round 20 3  <nil>}": {"Key":"from","Type":15,"Integer":0,"String":"a","Interface":null}}
2025-08-15T22:13:46.661-0500	DEBUG	protocol/handler.go:1591	have processed broadcast	{"{round 20 3  <nil>}": {"Key":"from","Type":15,"Integer":0,"String":"b","Interface":null}}
2025-08-15T22:13:46.661-0500	DEBUG	protocol/handler.go:1591	have processed broadcast	{"{round 20 3  <nil>}": {"Key":"from","Type":15,"Integer":0,"String":"c","Interface":null}}
2025-08-15T22:13:46.661-0500	DEBUG	protocol/handler.go:1649	have all messages and processed	{"{round 20 3  <nil>}": {"Key":"self","Type":15,"Integer":0,"String":"c","Interface":null}}
2025-08-15T22:13:46.661-0500	DEBUG	protocol/handler.go:596	round already finalized
2025-08-15T22:13:46.661-0500	DEBUG	protocol/handler.go:1649	have all messages and processed	{"{round 20 3  <nil>}": {"Key":"self","Type":15,"Integer":0,"String":"b","Interface":null}}
2025-08-15T22:13:46.661-0500	DEBUG	protocol/handler.go:596	round already finalized
2025-08-15T22:13:46.667-0500	DEBUG	protocol/handler.go:581	tryAdvanceRound called	{"{current_round 20 3  <nil>}": {"Key":"self","Type":15,"Integer":0,"String":"a","Interface":null}}
2025-08-15T22:13:46.667-0500	DEBUG	protocol/handler.go:1591	have processed broadcast	{"{round 20 3  <nil>}": {"Key":"from","Type":15,"Integer":0,"String":"b","Interface":null}}
2025-08-15T22:13:46.667-0500	DEBUG	protocol/handler.go:1591	have processed broadcast	{"{round 20 3  <nil>}": {"Key":"from","Type":15,"Integer":0,"String":"c","Interface":null}}
2025-08-15T22:13:46.667-0500	DEBUG	protocol/handler.go:1649	have all messages and processed	{"{round 20 3  <nil>}": {"Key":"self","Type":15,"Integer":0,"String":"a","Interface":null}}
2025-08-15T22:13:46.667-0500	DEBUG	protocol/handler.go:596	round already finalized
2025-08-15T22:13:46.671-0500	DEBUG	protocol/handler.go:581	tryAdvanceRound called	{"{current_round 20 3  <nil>}": {"Key":"self","Type":15,"Integer":0,"String":"b","Interface":null}}
2025-08-15T22:13:46.671-0500	DEBUG	protocol/handler.go:581	tryAdvanceRound called	{"{current_round 20 3  <nil>}": {"Key":"self","Type":15,"Integer":0,"String":"c","Interface":null}}
2025-08-15T22:13:46.671-0500	DEBUG	protocol/handler.go:1591	have processed broadcast	{"{round 20 3  <nil>}": {"Key":"from","Type":15,"Integer":0,"String":"a","Interface":null}}
2025-08-15T22:13:46.671-0500	DEBUG	protocol/handler.go:1591	have processed broadcast	{"{round 20 3  <nil>}": {"Key":"from","Type":15,"Integer":0,"String":"a","Interface":null}}
2025-08-15T22:13:46.671-0500	DEBUG	protocol/handler.go:1591	have processed broadcast	{"{round 20 3  <nil>}": {"Key":"from","Type":15,"Integer":0,"String":"c","Interface":null}}
2025-08-15T22:13:46.671-0500	DEBUG	protocol/handler.go:1591	have processed broadcast	{"{round 20 3  <nil>}": {"Key":"from","Type":15,"Integer":0,"String":"b","Interface":null}}
2025-08-15T22:13:46.671-0500	DEBUG	protocol/handler.go:1649	have all messages and processed	{"{round 20 3  <nil>}": {"Key":"self","Type":15,"Integer":0,"String":"b","Interface":null}}
2025-08-15T22:13:46.671-0500	DEBUG	protocol/handler.go:1649	have all messages and processed	{"{round 20 3  <nil>}": {"Key":"self","Type":15,"Integer":0,"String":"c","Interface":null}}
2025-08-15T22:13:46.671-0500	DEBUG	protocol/handler.go:596	round already finalized
2025-08-15T22:13:46.671-0500	DEBUG	protocol/handler.go:596	round already finalized
2025-08-15T22:13:46.677-0500	DEBUG	protocol/handler.go:581	tryAdvanceRound called	{"{current_round 20 3  <nil>}": {"Key":"self","Type":15,"Integer":0,"String":"a","Interface":null}}
2025-08-15T22:13:46.677-0500	DEBUG	protocol/handler.go:1591	have processed broadcast	{"{round 20 3  <nil>}": {"Key":"from","Type":15,"Integer":0,"String":"b","Interface":null}}
2025-08-15T22:13:46.677-0500	DEBUG	protocol/handler.go:1591	have processed broadcast	{"{round 20 3  <nil>}": {"Key":"from","Type":15,"Integer":0,"String":"c","Interface":null}}
2025-08-15T22:13:46.677-0500	DEBUG	protocol/handler.go:1649	have all messages and processed	{"{round 20 3  <nil>}": {"Key":"self","Type":15,"Integer":0,"String":"a","Interface":null}}
2025-08-15T22:13:46.677-0500	DEBUG	protocol/handler.go:596	round already finalized
2025-08-15T22:13:46.681-0500	DEBUG	protocol/handler.go:581	tryAdvanceRound called	{"{current_round 20 3  <nil>}": {"Key":"self","Type":15,"Integer":0,"String":"b","Interface":null}}
2025-08-15T22:13:46.681-0500	DEBUG	protocol/handler.go:581	tryAdvanceRound called	{"{current_round 20 3  <nil>}": {"Key":"self","Type":15,"Integer":0,"String":"c","Interface":null}}
2025-08-15T22:13:46.681-0500	DEBUG	protocol/handler.go:1591	have processed broadcast	{"{round 20 3  <nil>}": {"Key":"from","Type":15,"Integer":0,"String":"a","Interface":null}}
2025-08-15T22:13:46.681-0500	DEBUG	protocol/handler.go:1591	have processed broadcast	{"{round 20 3  <nil>}": {"Key":"from","Type":15,"Integer":0,"String":"a","Interface":null}}
2025-08-15T22:13:46.681-0500	DEBUG	protocol/handler.go:1591	have processed broadcast	{"{round 20 3  <nil>}": {"Key":"from","Type":15,"Integer":0,"String":"c","Interface":null}}
2025-08-15T22:13:46.681-0500	DEBUG	protocol/handler.go:1591	have processed broadcast	{"{round 20 3  <nil>}": {"Key":"from","Type":15,"Integer":0,"String":"b","Interface":null}}
2025-08-15T22:13:46.681-0500	DEBUG	protocol/handler.go:1649	have all messages and processed	{"{round 20 3  <nil>}": {"Key":"self","Type":15,"Integer":0,"String":"b","Interface":null}}
2025-08-15T22:13:46.681-0500	DEBUG	protocol/handler.go:596	round already finalized
2025-08-15T22:13:46.681-0500	DEBUG	protocol/handler.go:1649	have all messages and processed	{"{round 20 3  <nil>}": {"Key":"self","Type":15,"Integer":0,"String":"c","Interface":null}}
2025-08-15T22:13:46.681-0500	DEBUG	protocol/handler.go:596	round already finalized
2025-08-15T22:13:46.687-0500	DEBUG	protocol/handler.go:581	tryAdvanceRound called	{"{current_round 20 3  <nil>}": {"Key":"self","Type":15,"Integer":0,"String":"a","Interface":null}}
2025-08-15T22:13:46.687-0500	DEBUG	protocol/handler.go:1591	have processed broadcast	{"{round 20 3  <nil>}": {"Key":"from","Type":15,"Integer":0,"String":"b","Interface":null}}
2025-08-15T22:13:46.687-0500	DEBUG	protocol/handler.go:1591	have processed broadcast	{"{round 20 3  <nil>}": {"Key":"from","Type":15,"Integer":0,"String":"c","Interface":null}}
2025-08-15T22:13:46.687-0500	DEBUG	protocol/handler.go:1649	have all messages and processed	{"{round 20 3  <nil>}": {"Key":"self","Type":15,"Integer":0,"String":"a","Interface":null}}
2025-08-15T22:13:46.687-0500	DEBUG	protocol/handler.go:596	round already finalized
2025-08-15T22:13:46.691-0500	DEBUG	protocol/handler.go:581	tryAdvanceRound called	{"{current_round 20 3  <nil>}": {"Key":"self","Type":15,"Integer":0,"String":"b","Interface":null}}
2025-08-15T22:13:46.691-0500	DEBUG	protocol/handler.go:581	tryAdvanceRound called	{"{current_round 20 3  <nil>}": {"Key":"self","Type":15,"Integer":0,"String":"c","Interface":null}}
2025-08-15T22:13:46.691-0500	DEBUG	protocol/handler.go:1591	have processed broadcast	{"{round 20 3  <nil>}": {"Key":"from","Type":15,"Integer":0,"String":"a","Interface":null}}
2025-08-15T22:13:46.691-0500	DEBUG	protocol/handler.go:1591	have processed broadcast	{"{round 20 3  <nil>}": {"Key":"from","Type":15,"Integer":0,"String":"a","Interface":null}}
2025-08-15T22:13:46.691-0500	DEBUG	protocol/handler.go:1591	have processed broadcast	{"{round 20 3  <nil>}": {"Key":"from","Type":15,"Integer":0,"String":"c","Interface":null}}
2025-08-15T22:13:46.691-0500	DEBUG	protocol/handler.go:1591	have processed broadcast	{"{round 20 3  <nil>}": {"Key":"from","Type":15,"Integer":0,"String":"b","Interface":null}}
2025-08-15T22:13:46.691-0500	DEBUG	protocol/handler.go:1649	have all messages and processed	{"{round 20 3  <nil>}": {"Key":"self","Type":15,"Integer":0,"String":"b","Interface":null}}
2025-08-15T22:13:46.691-0500	DEBUG	protocol/handler.go:596	round already finalized
2025-08-15T22:13:46.691-0500	DEBUG	protocol/handler.go:1649	have all messages and processed	{"{round 20 3  <nil>}": {"Key":"self","Type":15,"Integer":0,"String":"c","Interface":null}}
2025-08-15T22:13:46.691-0500	DEBUG	protocol/handler.go:596	round already finalized
2025-08-15T22:13:46.697-0500	DEBUG	protocol/handler.go:581	tryAdvanceRound called	{"{current_round 20 3  <nil>}": {"Key":"self","Type":15,"Integer":0,"String":"a","Interface":null}}
2025-08-15T22:13:46.697-0500	DEBUG	protocol/handler.go:1591	have processed broadcast	{"{round 20 3  <nil>}": {"Key":"from","Type":15,"Integer":0,"String":"b","Interface":null}}
2025-08-15T22:13:46.697-0500	DEBUG	protocol/handler.go:1591	have processed broadcast	{"{round 20 3  <nil>}": {"Key":"from","Type":15,"Integer":0,"String":"c","Interface":null}}
2025-08-15T22:13:46.697-0500	DEBUG	protocol/handler.go:1649	have all messages and processed	{"{round 20 3  <nil>}": {"Key":"self","Type":15,"Integer":0,"String":"a","Interface":null}}
2025-08-15T22:13:46.697-0500	DEBUG	protocol/handler.go:596	round already finalized
2025-08-15T22:13:46.701-0500	DEBUG	protocol/handler.go:581	tryAdvanceRound called	{"{current_round 20 3  <nil>}": {"Key":"self","Type":15,"Integer":0,"String":"b","Interface":null}}
2025-08-15T22:13:46.701-0500	DEBUG	protocol/handler.go:1591	have processed broadcast	{"{round 20 3  <nil>}": {"Key":"from","Type":15,"Integer":0,"String":"a","Interface":null}}
2025-08-15T22:13:46.701-0500	DEBUG	protocol/handler.go:581	tryAdvanceRound called	{"{current_round 20 3  <nil>}": {"Key":"self","Type":15,"Integer":0,"String":"c","Interface":null}}
2025-08-15T22:13:46.701-0500	DEBUG	protocol/handler.go:1591	have processed broadcast	{"{round 20 3  <nil>}": {"Key":"from","Type":15,"Integer":0,"String":"c","Interface":null}}
2025-08-15T22:13:46.701-0500	DEBUG	protocol/handler.go:1591	have processed broadcast	{"{round 20 3  <nil>}": {"Key":"from","Type":15,"Integer":0,"String":"a","Interface":null}}
2025-08-15T22:13:46.701-0500	DEBUG	protocol/handler.go:1649	have all messages and processed	{"{round 20 3  <nil>}": {"Key":"self","Type":15,"Integer":0,"String":"b","Interface":null}}
2025-08-15T22:13:46.701-0500	DEBUG	protocol/handler.go:1591	have processed broadcast	{"{round 20 3  <nil>}": {"Key":"from","Type":15,"Integer":0,"String":"b","Interface":null}}
2025-08-15T22:13:46.701-0500	DEBUG	protocol/handler.go:596	round already finalized
2025-08-15T22:13:46.701-0500	DEBUG	protocol/handler.go:1649	have all messages and processed	{"{round 20 3  <nil>}": {"Key":"self","Type":15,"Integer":0,"String":"c","Interface":null}}
2025-08-15T22:13:46.701-0500	DEBUG	protocol/handler.go:596	round already finalized
2025-08-15T22:13:46.707-0500	DEBUG	protocol/handler.go:581	tryAdvanceRound called	{"{current_round 20 3  <nil>}": {"Key":"self","Type":15,"Integer":0,"String":"a","Interface":null}}
2025-08-15T22:13:46.707-0500	DEBUG	protocol/handler.go:1591	have processed broadcast	{"{round 20 3  <nil>}": {"Key":"from","Type":15,"Integer":0,"String":"b","Interface":null}}
2025-08-15T22:13:46.707-0500	DEBUG	protocol/handler.go:1591	have processed broadcast	{"{round 20 3  <nil>}": {"Key":"from","Type":15,"Integer":0,"String":"c","Interface":null}}
2025-08-15T22:13:46.707-0500	DEBUG	protocol/handler.go:1649	have all messages and processed	{"{round 20 3  <nil>}": {"Key":"self","Type":15,"Integer":0,"String":"a","Interface":null}}
2025-08-15T22:13:46.707-0500	DEBUG	protocol/handler.go:596	round already finalized
2025-08-15T22:13:46.711-0500	DEBUG	protocol/handler.go:581	tryAdvanceRound called	{"{current_round 20 3  <nil>}": {"Key":"self","Type":15,"Integer":0,"String":"b","Interface":null}}
2025-08-15T22:13:46.711-0500	DEBUG	protocol/handler.go:1591	have processed broadcast	{"{round 20 3  <nil>}": {"Key":"from","Type":15,"Integer":0,"String":"a","Interface":null}}
2025-08-15T22:13:46.711-0500	DEBUG	protocol/handler.go:581	tryAdvanceRound called	{"{current_round 20 3  <nil>}": {"Key":"self","Type":15,"Integer":0,"String":"c","Interface":null}}
2025-08-15T22:13:46.711-0500	DEBUG	protocol/handler.go:1591	have processed broadcast	{"{round 20 3  <nil>}": {"Key":"from","Type":15,"Integer":0,"String":"c","Interface":null}}
2025-08-15T22:13:46.711-0500	DEBUG	protocol/handler.go:1649	have all messages and processed	{"{round 20 3  <nil>}": {"Key":"self","Type":15,"Integer":0,"String":"b","Interface":null}}
2025-08-15T22:13:46.711-0500	DEBUG	protocol/handler.go:596	round already finalized
2025-08-15T22:13:46.711-0500	DEBUG	protocol/handler.go:1591	have processed broadcast	{"{round 20 3  <nil>}": {"Key":"from","Type":15,"Integer":0,"String":"a","Interface":null}}
2025-08-15T22:13:46.711-0500	DEBUG	protocol/handler.go:1591	have processed broadcast	{"{round 20 3  <nil>}": {"Key":"from","Type":15,"Integer":0,"String":"b","Interface":null}}
2025-08-15T22:13:46.711-0500	DEBUG	protocol/handler.go:1649	have all messages and processed	{"{round 20 3  <nil>}": {"Key":"self","Type":15,"Integer":0,"String":"c","Interface":null}}
2025-08-15T22:13:46.711-0500	DEBUG	protocol/handler.go:596	round already finalized
2025-08-15T22:13:46.717-0500	DEBUG	protocol/handler.go:581	tryAdvanceRound called	{"{current_round 20 3  <nil>}": {"Key":"self","Type":15,"Integer":0,"String":"a","Interface":null}}
2025-08-15T22:13:46.717-0500	DEBUG	protocol/handler.go:1591	have processed broadcast	{"{round 20 3  <nil>}": {"Key":"from","Type":15,"Integer":0,"String":"b","Interface":null}}
2025-08-15T22:13:46.717-0500	DEBUG	protocol/handler.go:1591	have processed broadcast	{"{round 20 3  <nil>}": {"Key":"from","Type":15,"Integer":0,"String":"c","Interface":null}}
2025-08-15T22:13:46.717-0500	DEBUG	protocol/handler.go:1649	have all messages and processed	{"{round 20 3  <nil>}": {"Key":"self","Type":15,"Integer":0,"String":"a","Interface":null}}
2025-08-15T22:13:46.717-0500	DEBUG	protocol/handler.go:596	round already finalized
2025-08-15T22:13:46.721-0500	DEBUG	protocol/handler.go:581	tryAdvanceRound called	{"{current_round 20 3  <nil>}": {"Key":"self","Type":15,"Integer":0,"String":"b","Interface":null}}
2025-08-15T22:13:46.721-0500	DEBUG	protocol/handler.go:581	tryAdvanceRound called	{"{current_round 20 3  <nil>}": {"Key":"self","Type":15,"Integer":0,"String":"c","Interface":null}}
2025-08-15T22:13:46.721-0500	DEBUG	protocol/handler.go:1591	have processed broadcast	{"{round 20 3  <nil>}": {"Key":"from","Type":15,"Integer":0,"String":"a","Interface":null}}
2025-08-15T22:13:46.721-0500	DEBUG	protocol/handler.go:1591	have processed broadcast	{"{round 20 3  <nil>}": {"Key":"from","Type":15,"Integer":0,"String":"a","Interface":null}}
2025-08-15T22:13:46.721-0500	DEBUG	protocol/handler.go:1591	have processed broadcast	{"{round 20 3  <nil>}": {"Key":"from","Type":15,"Integer":0,"String":"c","Interface":null}}
2025-08-15T22:13:46.721-0500	DEBUG	protocol/handler.go:1591	have processed broadcast	{"{round 20 3  <nil>}": {"Key":"from","Type":15,"Integer":0,"String":"b","Interface":null}}
2025-08-15T22:13:46.721-0500	DEBUG	protocol/handler.go:1649	have all messages and processed	{"{round 20 3  <nil>}": {"Key":"self","Type":15,"Integer":0,"String":"b","Interface":null}}
2025-08-15T22:13:46.721-0500	DEBUG	protocol/handler.go:1649	have all messages and processed	{"{round 20 3  <nil>}": {"Key":"self","Type":15,"Integer":0,"String":"c","Interface":null}}
2025-08-15T22:13:46.721-0500	DEBUG	protocol/handler.go:596	round already finalized
2025-08-15T22:13:46.721-0500	DEBUG	protocol/handler.go:596	round already finalized
2025-08-15T22:13:46.727-0500	DEBUG	protocol/handler.go:581	tryAdvanceRound called	{"{current_round 20 3  <nil>}": {"Key":"self","Type":15,"Integer":0,"String":"a","Interface":null}}
2025-08-15T22:13:46.727-0500	DEBUG	protocol/handler.go:1591	have processed broadcast	{"{round 20 3  <nil>}": {"Key":"from","Type":15,"Integer":0,"String":"b","Interface":null}}
2025-08-15T22:13:46.727-0500	DEBUG	protocol/handler.go:1591	have processed broadcast	{"{round 20 3  <nil>}": {"Key":"from","Type":15,"Integer":0,"String":"c","Interface":null}}
2025-08-15T22:13:46.727-0500	DEBUG	protocol/handler.go:1649	have all messages and processed	{"{round 20 3  <nil>}": {"Key":"self","Type":15,"Integer":0,"String":"a","Interface":null}}
2025-08-15T22:13:46.727-0500	DEBUG	protocol/handler.go:596	round already finalized
2025-08-15T22:13:46.731-0500	DEBUG	protocol/handler.go:581	tryAdvanceRound called	{"{current_round 20 3  <nil>}": {"Key":"self","Type":15,"Integer":0,"String":"b","Interface":null}}
2025-08-15T22:13:46.731-0500	DEBUG	protocol/handler.go:581	tryAdvanceRound called	{"{current_round 20 3  <nil>}": {"Key":"self","Type":15,"Integer":0,"String":"c","Interface":null}}
2025-08-15T22:13:46.731-0500	DEBUG	protocol/handler.go:1591	have processed broadcast	{"{round 20 3  <nil>}": {"Key":"from","Type":15,"Integer":0,"String":"a","Interface":null}}
2025-08-15T22:13:46.731-0500	DEBUG	protocol/handler.go:1591	have processed broadcast	{"{round 20 3  <nil>}": {"Key":"from","Type":15,"Integer":0,"String":"a","Interface":null}}
2025-08-15T22:13:46.731-0500	DEBUG	protocol/handler.go:1591	have processed broadcast	{"{round 20 3  <nil>}": {"Key":"from","Type":15,"Integer":0,"String":"c","Interface":null}}
2025-08-15T22:13:46.731-0500	DEBUG	protocol/handler.go:1591	have processed broadcast	{"{round 20 3  <nil>}": {"Key":"from","Type":15,"Integer":0,"String":"b","Interface":null}}
2025-08-15T22:13:46.731-0500	DEBUG	protocol/handler.go:1649	have all messages and processed	{"{round 20 3  <nil>}": {"Key":"self","Type":15,"Integer":0,"String":"b","Interface":null}}
2025-08-15T22:13:46.731-0500	DEBUG	protocol/handler.go:1649	have all messages and processed	{"{round 20 3  <nil>}": {"Key":"self","Type":15,"Integer":0,"String":"c","Interface":null}}
2025-08-15T22:13:46.731-0500	DEBUG	protocol/handler.go:596	round already finalized
2025-08-15T22:13:46.731-0500	DEBUG	protocol/handler.go:596	round already finalized
2025-08-15T22:13:46.737-0500	DEBUG	protocol/handler.go:581	tryAdvanceRound called	{"{current_round 20 3  <nil>}": {"Key":"self","Type":15,"Integer":0,"String":"a","Interface":null}}
2025-08-15T22:13:46.737-0500	DEBUG	protocol/handler.go:1591	have processed broadcast	{"{round 20 3  <nil>}": {"Key":"from","Type":15,"Integer":0,"String":"b","Interface":null}}
2025-08-15T22:13:46.737-0500	DEBUG	protocol/handler.go:1591	have processed broadcast	{"{round 20 3  <nil>}": {"Key":"from","Type":15,"Integer":0,"String":"c","Interface":null}}
2025-08-15T22:13:46.737-0500	DEBUG	protocol/handler.go:1649	have all messages and processed	{"{round 20 3  <nil>}": {"Key":"self","Type":15,"Integer":0,"String":"a","Interface":null}}
2025-08-15T22:13:46.737-0500	DEBUG	protocol/handler.go:596	round already finalized
2025-08-15T22:13:46.741-0500	DEBUG	protocol/handler.go:581	tryAdvanceRound called	{"{current_round 20 3  <nil>}": {"Key":"self","Type":15,"Integer":0,"String":"b","Interface":null}}
2025-08-15T22:13:46.741-0500	DEBUG	protocol/handler.go:581	tryAdvanceRound called	{"{current_round 20 3  <nil>}": {"Key":"self","Type":15,"Integer":0,"String":"c","Interface":null}}
2025-08-15T22:13:46.741-0500	DEBUG	protocol/handler.go:1591	have processed broadcast	{"{round 20 3  <nil>}": {"Key":"from","Type":15,"Integer":0,"String":"a","Interface":null}}
2025-08-15T22:13:46.741-0500	DEBUG	protocol/handler.go:1591	have processed broadcast	{"{round 20 3  <nil>}": {"Key":"from","Type":15,"Integer":0,"String":"a","Interface":null}}
2025-08-15T22:13:46.741-0500	DEBUG	protocol/handler.go:1591	have processed broadcast	{"{round 20 3  <nil>}": {"Key":"from","Type":15,"Integer":0,"String":"c","Interface":null}}
2025-08-15T22:13:46.741-0500	DEBUG	protocol/handler.go:1591	have processed broadcast	{"{round 20 3  <nil>}": {"Key":"from","Type":15,"Integer":0,"String":"b","Interface":null}}
2025-08-15T22:13:46.741-0500	DEBUG	protocol/handler.go:1649	have all messages and processed	{"{round 20 3  <nil>}": {"Key":"self","Type":15,"Integer":0,"String":"b","Interface":null}}
2025-08-15T22:13:46.741-0500	DEBUG	protocol/handler.go:596	round already finalized
2025-08-15T22:13:46.741-0500	DEBUG	protocol/handler.go:1649	have all messages and processed	{"{round 20 3  <nil>}": {"Key":"self","Type":15,"Integer":0,"String":"c","Interface":null}}
2025-08-15T22:13:46.741-0500	DEBUG	protocol/handler.go:596	round already finalized
2025-08-15T22:13:46.747-0500	DEBUG	protocol/handler.go:581	tryAdvanceRound called	{"{current_round 20 3  <nil>}": {"Key":"self","Type":15,"Integer":0,"String":"a","Interface":null}}
2025-08-15T22:13:46.747-0500	DEBUG	protocol/handler.go:1591	have processed broadcast	{"{round 20 3  <nil>}": {"Key":"from","Type":15,"Integer":0,"String":"b","Interface":null}}
2025-08-15T22:13:46.747-0500	DEBUG	protocol/handler.go:1591	have processed broadcast	{"{round 20 3  <nil>}": {"Key":"from","Type":15,"Integer":0,"String":"c","Interface":null}}
2025-08-15T22:13:46.747-0500	DEBUG	protocol/handler.go:1649	have all messages and processed	{"{round 20 3  <nil>}": {"Key":"self","Type":15,"Integer":0,"String":"a","Interface":null}}
2025-08-15T22:13:46.747-0500	DEBUG	protocol/handler.go:596	round already finalized
2025-08-15T22:13:46.751-0500	DEBUG	protocol/handler.go:581	tryAdvanceRound called	{"{current_round 20 3  <nil>}": {"Key":"self","Type":15,"Integer":0,"String":"b","Interface":null}}
2025-08-15T22:13:46.751-0500	DEBUG	protocol/handler.go:581	tryAdvanceRound called	{"{current_round 20 3  <nil>}": {"Key":"self","Type":15,"Integer":0,"String":"c","Interface":null}}
2025-08-15T22:13:46.751-0500	DEBUG	protocol/handler.go:1591	have processed broadcast	{"{round 20 3  <nil>}": {"Key":"from","Type":15,"Integer":0,"String":"a","Interface":null}}
2025-08-15T22:13:46.751-0500	DEBUG	protocol/handler.go:1591	have processed broadcast	{"{round 20 3  <nil>}": {"Key":"from","Type":15,"Integer":0,"String":"a","Interface":null}}
2025-08-15T22:13:46.751-0500	DEBUG	protocol/handler.go:1591	have processed broadcast	{"{round 20 3  <nil>}": {"Key":"from","Type":15,"Integer":0,"String":"c","Interface":null}}
2025-08-15T22:13:46.751-0500	DEBUG	protocol/handler.go:1591	have processed broadcast	{"{round 20 3  <nil>}": {"Key":"from","Type":15,"Integer":0,"String":"b","Interface":null}}
2025-08-15T22:13:46.751-0500	DEBUG	protocol/handler.go:1649	have all messages and processed	{"{round 20 3  <nil>}": {"Key":"self","Type":15,"Integer":0,"String":"b","Interface":null}}
2025-08-15T22:13:46.751-0500	DEBUG	protocol/handler.go:596	round already finalized
2025-08-15T22:13:46.751-0500	DEBUG	protocol/handler.go:1649	have all messages and processed	{"{round 20 3  <nil>}": {"Key":"self","Type":15,"Integer":0,"String":"c","Interface":null}}
2025-08-15T22:13:46.751-0500	DEBUG	protocol/handler.go:596	round already finalized
2025-08-15T22:13:46.757-0500	DEBUG	protocol/handler.go:581	tryAdvanceRound called	{"{current_round 20 3  <nil>}": {"Key":"self","Type":15,"Integer":0,"String":"a","Interface":null}}
2025-08-15T22:13:46.757-0500	DEBUG	protocol/handler.go:1591	have processed broadcast	{"{round 20 3  <nil>}": {"Key":"from","Type":15,"Integer":0,"String":"b","Interface":null}}
2025-08-15T22:13:46.757-0500	DEBUG	protocol/handler.go:1591	have processed broadcast	{"{round 20 3  <nil>}": {"Key":"from","Type":15,"Integer":0,"String":"c","Interface":null}}
2025-08-15T22:13:46.757-0500	DEBUG	protocol/handler.go:1649	have all messages and processed	{"{round 20 3  <nil>}": {"Key":"self","Type":15,"Integer":0,"String":"a","Interface":null}}
2025-08-15T22:13:46.757-0500	DEBUG	protocol/handler.go:596	round already finalized
2025-08-15T22:13:46.761-0500	DEBUG	protocol/handler.go:581	tryAdvanceRound called	{"{current_round 20 3  <nil>}": {"Key":"self","Type":15,"Integer":0,"String":"b","Interface":null}}
2025-08-15T22:13:46.761-0500	DEBUG	protocol/handler.go:581	tryAdvanceRound called	{"{current_round 20 3  <nil>}": {"Key":"self","Type":15,"Integer":0,"String":"c","Interface":null}}
2025-08-15T22:13:46.761-0500	DEBUG	protocol/handler.go:1591	have processed broadcast	{"{round 20 3  <nil>}": {"Key":"from","Type":15,"Integer":0,"String":"a","Interface":null}}
2025-08-15T22:13:46.761-0500	DEBUG	protocol/handler.go:1591	have processed broadcast	{"{round 20 3  <nil>}": {"Key":"from","Type":15,"Integer":0,"String":"a","Interface":null}}
2025-08-15T22:13:46.761-0500	DEBUG	protocol/handler.go:1591	have processed broadcast	{"{round 20 3  <nil>}": {"Key":"from","Type":15,"Integer":0,"String":"c","Interface":null}}
2025-08-15T22:13:46.761-0500	DEBUG	protocol/handler.go:1591	have processed broadcast	{"{round 20 3  <nil>}": {"Key":"from","Type":15,"Integer":0,"String":"b","Interface":null}}
2025-08-15T22:13:46.761-0500	DEBUG	protocol/handler.go:1649	have all messages and processed	{"{round 20 3  <nil>}": {"Key":"self","Type":15,"Integer":0,"String":"b","Interface":null}}
2025-08-15T22:13:46.761-0500	DEBUG	protocol/handler.go:596	round already finalized
2025-08-15T22:13:46.761-0500	DEBUG	protocol/handler.go:1649	have all messages and processed	{"{round 20 3  <nil>}": {"Key":"self","Type":15,"Integer":0,"String":"c","Interface":null}}
2025-08-15T22:13:46.761-0500	DEBUG	protocol/handler.go:596	round already finalized
2025-08-15T22:13:46.767-0500	DEBUG	protocol/handler.go:581	tryAdvanceRound called	{"{current_round 20 3  <nil>}": {"Key":"self","Type":15,"Integer":0,"String":"a","Interface":null}}
2025-08-15T22:13:46.767-0500	DEBUG	protocol/handler.go:1591	have processed broadcast	{"{round 20 3  <nil>}": {"Key":"from","Type":15,"Integer":0,"String":"b","Interface":null}}
2025-08-15T22:13:46.767-0500	DEBUG	protocol/handler.go:1591	have processed broadcast	{"{round 20 3  <nil>}": {"Key":"from","Type":15,"Integer":0,"String":"c","Interface":null}}
2025-08-15T22:13:46.767-0500	DEBUG	protocol/handler.go:1649	have all messages and processed	{"{round 20 3  <nil>}": {"Key":"self","Type":15,"Integer":0,"String":"a","Interface":null}}
2025-08-15T22:13:46.767-0500	DEBUG	protocol/handler.go:596	round already finalized
2025-08-15T22:13:46.771-0500	DEBUG	protocol/handler.go:581	tryAdvanceRound called	{"{current_round 20 3  <nil>}": {"Key":"self","Type":15,"Integer":0,"String":"b","Interface":null}}
2025-08-15T22:13:46.771-0500	DEBUG	protocol/handler.go:581	tryAdvanceRound called	{"{current_round 20 3  <nil>}": {"Key":"self","Type":15,"Integer":0,"String":"c","Interface":null}}
2025-08-15T22:13:46.771-0500	DEBUG	protocol/handler.go:1591	have processed broadcast	{"{round 20 3  <nil>}": {"Key":"from","Type":15,"Integer":0,"String":"a","Interface":null}}
2025-08-15T22:13:46.771-0500	DEBUG	protocol/handler.go:1591	have processed broadcast	{"{round 20 3  <nil>}": {"Key":"from","Type":15,"Integer":0,"String":"a","Interface":null}}
2025-08-15T22:13:46.771-0500	DEBUG	protocol/handler.go:1591	have processed broadcast	{"{round 20 3  <nil>}": {"Key":"from","Type":15,"Integer":0,"String":"c","Interface":null}}
2025-08-15T22:13:46.771-0500	DEBUG	protocol/handler.go:1591	have processed broadcast	{"{round 20 3  <nil>}": {"Key":"from","Type":15,"Integer":0,"String":"b","Interface":null}}
2025-08-15T22:13:46.771-0500	DEBUG	protocol/handler.go:1649	have all messages and processed	{"{round 20 3  <nil>}": {"Key":"self","Type":15,"Integer":0,"String":"b","Interface":null}}
2025-08-15T22:13:46.771-0500	DEBUG	protocol/handler.go:1649	have all messages and processed	{"{round 20 3  <nil>}": {"Key":"self","Type":15,"Integer":0,"String":"c","Interface":null}}
2025-08-15T22:13:46.771-0500	DEBUG	protocol/handler.go:596	round already finalized
2025-08-15T22:13:46.771-0500	DEBUG	protocol/handler.go:596	round already finalized
2025-08-15T22:13:46.777-0500	DEBUG	protocol/handler.go:581	tryAdvanceRound called	{"{current_round 20 3  <nil>}": {"Key":"self","Type":15,"Integer":0,"String":"a","Interface":null}}
2025-08-15T22:13:46.777-0500	DEBUG	protocol/handler.go:1591	have processed broadcast	{"{round 20 3  <nil>}": {"Key":"from","Type":15,"Integer":0,"String":"b","Interface":null}}
2025-08-15T22:13:46.777-0500	DEBUG	protocol/handler.go:1591	have processed broadcast	{"{round 20 3  <nil>}": {"Key":"from","Type":15,"Integer":0,"String":"c","Interface":null}}
2025-08-15T22:13:46.777-0500	DEBUG	protocol/handler.go:1649	have all messages and processed	{"{round 20 3  <nil>}": {"Key":"self","Type":15,"Integer":0,"String":"a","Interface":null}}
2025-08-15T22:13:46.777-0500	DEBUG	protocol/handler.go:596	round already finalized
2025-08-15T22:13:46.781-0500	DEBUG	protocol/handler.go:581	tryAdvanceRound called	{"{current_round 20 3  <nil>}": {"Key":"self","Type":15,"Integer":0,"String":"b","Interface":null}}
2025-08-15T22:13:46.781-0500	DEBUG	protocol/handler.go:581	tryAdvanceRound called	{"{current_round 20 3  <nil>}": {"Key":"self","Type":15,"Integer":0,"String":"c","Interface":null}}
2025-08-15T22:13:46.781-0500	DEBUG	protocol/handler.go:1591	have processed broadcast	{"{round 20 3  <nil>}": {"Key":"from","Type":15,"Integer":0,"String":"a","Interface":null}}
2025-08-15T22:13:46.781-0500	DEBUG	protocol/handler.go:1591	have processed broadcast	{"{round 20 3  <nil>}": {"Key":"from","Type":15,"Integer":0,"String":"a","Interface":null}}
2025-08-15T22:13:46.781-0500	DEBUG	protocol/handler.go:1591	have processed broadcast	{"{round 20 3  <nil>}": {"Key":"from","Type":15,"Integer":0,"String":"c","Interface":null}}
2025-08-15T22:13:46.781-0500	DEBUG	protocol/handler.go:1591	have processed broadcast	{"{round 20 3  <nil>}": {"Key":"from","Type":15,"Integer":0,"String":"b","Interface":null}}
2025-08-15T22:13:46.781-0500	DEBUG	protocol/handler.go:1649	have all messages and processed	{"{round 20 3  <nil>}": {"Key":"self","Type":15,"Integer":0,"String":"b","Interface":null}}
2025-08-15T22:13:46.781-0500	DEBUG	protocol/handler.go:1649	have all messages and processed	{"{round 20 3  <nil>}": {"Key":"self","Type":15,"Integer":0,"String":"c","Interface":null}}
2025-08-15T22:13:46.781-0500	DEBUG	protocol/handler.go:596	round already finalized
2025-08-15T22:13:46.781-0500	DEBUG	protocol/handler.go:596	round already finalized
2025-08-15T22:13:46.787-0500	DEBUG	protocol/handler.go:581	tryAdvanceRound called	{"{current_round 20 3  <nil>}": {"Key":"self","Type":15,"Integer":0,"String":"a","Interface":null}}
2025-08-15T22:13:46.787-0500	DEBUG	protocol/handler.go:1591	have processed broadcast	{"{round 20 3  <nil>}": {"Key":"from","Type":15,"Integer":0,"String":"b","Interface":null}}
2025-08-15T22:13:46.787-0500	DEBUG	protocol/handler.go:1591	have processed broadcast	{"{round 20 3  <nil>}": {"Key":"from","Type":15,"Integer":0,"String":"c","Interface":null}}
2025-08-15T22:13:46.787-0500	DEBUG	protocol/handler.go:1649	have all messages and processed	{"{round 20 3  <nil>}": {"Key":"self","Type":15,"Integer":0,"String":"a","Interface":null}}
2025-08-15T22:13:46.787-0500	DEBUG	protocol/handler.go:596	round already finalized
2025-08-15T22:13:46.791-0500	DEBUG	protocol/handler.go:581	tryAdvanceRound called	{"{current_round 20 3  <nil>}": {"Key":"self","Type":15,"Integer":0,"String":"b","Interface":null}}
2025-08-15T22:13:46.791-0500	DEBUG	protocol/handler.go:581	tryAdvanceRound called	{"{current_round 20 3  <nil>}": {"Key":"self","Type":15,"Integer":0,"String":"c","Interface":null}}
2025-08-15T22:13:46.791-0500	DEBUG	protocol/handler.go:1591	have processed broadcast	{"{round 20 3  <nil>}": {"Key":"from","Type":15,"Integer":0,"String":"a","Interface":null}}
2025-08-15T22:13:46.791-0500	DEBUG	protocol/handler.go:1591	have processed broadcast	{"{round 20 3  <nil>}": {"Key":"from","Type":15,"Integer":0,"String":"a","Interface":null}}
2025-08-15T22:13:46.791-0500	DEBUG	protocol/handler.go:1591	have processed broadcast	{"{round 20 3  <nil>}": {"Key":"from","Type":15,"Integer":0,"String":"c","Interface":null}}
2025-08-15T22:13:46.791-0500	DEBUG	protocol/handler.go:1591	have processed broadcast	{"{round 20 3  <nil>}": {"Key":"from","Type":15,"Integer":0,"String":"b","Interface":null}}
2025-08-15T22:13:46.791-0500	DEBUG	protocol/handler.go:1649	have all messages and processed	{"{round 20 3  <nil>}": {"Key":"self","Type":15,"Integer":0,"String":"b","Interface":null}}
2025-08-15T22:13:46.791-0500	DEBUG	protocol/handler.go:1649	have all messages and processed	{"{round 20 3  <nil>}": {"Key":"self","Type":15,"Integer":0,"String":"c","Interface":null}}
2025-08-15T22:13:46.791-0500	DEBUG	protocol/handler.go:596	round already finalized
2025-08-15T22:13:46.791-0500	DEBUG	protocol/handler.go:596	round already finalized
2025-08-15T22:13:46.797-0500	DEBUG	protocol/handler.go:581	tryAdvanceRound called	{"{current_round 20 3  <nil>}": {"Key":"self","Type":15,"Integer":0,"String":"a","Interface":null}}
2025-08-15T22:13:46.797-0500	DEBUG	protocol/handler.go:1591	have processed broadcast	{"{round 20 3  <nil>}": {"Key":"from","Type":15,"Integer":0,"String":"b","Interface":null}}
2025-08-15T22:13:46.797-0500	DEBUG	protocol/handler.go:1591	have processed broadcast	{"{round 20 3  <nil>}": {"Key":"from","Type":15,"Integer":0,"String":"c","Interface":null}}
2025-08-15T22:13:46.797-0500	DEBUG	protocol/handler.go:1649	have all messages and processed	{"{round 20 3  <nil>}": {"Key":"self","Type":15,"Integer":0,"String":"a","Interface":null}}
2025-08-15T22:13:46.797-0500	DEBUG	protocol/handler.go:596	round already finalized
2025-08-15T22:13:46.801-0500	DEBUG	protocol/handler.go:581	tryAdvanceRound called	{"{current_round 20 3  <nil>}": {"Key":"self","Type":15,"Integer":0,"String":"b","Interface":null}}
2025-08-15T22:13:46.801-0500	DEBUG	protocol/handler.go:581	tryAdvanceRound called	{"{current_round 20 3  <nil>}": {"Key":"self","Type":15,"Integer":0,"String":"c","Interface":null}}
2025-08-15T22:13:46.801-0500	DEBUG	protocol/handler.go:1591	have processed broadcast	{"{round 20 3  <nil>}": {"Key":"from","Type":15,"Integer":0,"String":"a","Interface":null}}
2025-08-15T22:13:46.801-0500	DEBUG	protocol/handler.go:1591	have processed broadcast	{"{round 20 3  <nil>}": {"Key":"from","Type":15,"Integer":0,"String":"a","Interface":null}}
2025-08-15T22:13:46.801-0500	DEBUG	protocol/handler.go:1591	have processed broadcast	{"{round 20 3  <nil>}": {"Key":"from","Type":15,"Integer":0,"String":"b","Interface":null}}
2025-08-15T22:13:46.801-0500	DEBUG	protocol/handler.go:1649	have all messages and processed	{"{round 20 3  <nil>}": {"Key":"self","Type":15,"Integer":0,"String":"c","Interface":null}}
2025-08-15T22:13:46.801-0500	DEBUG	protocol/handler.go:1591	have processed broadcast	{"{round 20 3  <nil>}": {"Key":"from","Type":15,"Integer":0,"String":"c","Interface":null}}
2025-08-15T22:13:46.801-0500	DEBUG	protocol/handler.go:596	round already finalized
2025-08-15T22:13:46.801-0500	DEBUG	protocol/handler.go:1649	have all messages and processed	{"{round 20 3  <nil>}": {"Key":"self","Type":15,"Integer":0,"String":"b","Interface":null}}
2025-08-15T22:13:46.801-0500	DEBUG	protocol/handler.go:596	round already finalized
2025-08-15T22:13:46.807-0500	DEBUG	protocol/handler.go:581	tryAdvanceRound called	{"{current_round 20 3  <nil>}": {"Key":"self","Type":15,"Integer":0,"String":"a","Interface":null}}
2025-08-15T22:13:46.807-0500	DEBUG	protocol/handler.go:1591	have processed broadcast	{"{round 20 3  <nil>}": {"Key":"from","Type":15,"Integer":0,"String":"b","Interface":null}}
2025-08-15T22:13:46.807-0500	DEBUG	protocol/handler.go:1591	have processed broadcast	{"{round 20 3  <nil>}": {"Key":"from","Type":15,"Integer":0,"String":"c","Interface":null}}
2025-08-15T22:13:46.807-0500	DEBUG	protocol/handler.go:1649	have all messages and processed	{"{round 20 3  <nil>}": {"Key":"self","Type":15,"Integer":0,"String":"a","Interface":null}}
2025-08-15T22:13:46.807-0500	DEBUG	protocol/handler.go:596	round already finalized
2025-08-15T22:13:46.811-0500	DEBUG	protocol/handler.go:581	tryAdvanceRound called	{"{current_round 20 3  <nil>}": {"Key":"self","Type":15,"Integer":0,"String":"b","Interface":null}}
2025-08-15T22:13:46.811-0500	DEBUG	protocol/handler.go:581	tryAdvanceRound called	{"{current_round 20 3  <nil>}": {"Key":"self","Type":15,"Integer":0,"String":"c","Interface":null}}
2025-08-15T22:13:46.811-0500	DEBUG	protocol/handler.go:1591	have processed broadcast	{"{round 20 3  <nil>}": {"Key":"from","Type":15,"Integer":0,"String":"a","Interface":null}}
2025-08-15T22:13:46.811-0500	DEBUG	protocol/handler.go:1591	have processed broadcast	{"{round 20 3  <nil>}": {"Key":"from","Type":15,"Integer":0,"String":"a","Interface":null}}
2025-08-15T22:13:46.811-0500	DEBUG	protocol/handler.go:1591	have processed broadcast	{"{round 20 3  <nil>}": {"Key":"from","Type":15,"Integer":0,"String":"c","Interface":null}}
2025-08-15T22:13:46.811-0500	DEBUG	protocol/handler.go:1591	have processed broadcast	{"{round 20 3  <nil>}": {"Key":"from","Type":15,"Integer":0,"String":"b","Interface":null}}
2025-08-15T22:13:46.811-0500	DEBUG	protocol/handler.go:1649	have all messages and processed	{"{round 20 3  <nil>}": {"Key":"self","Type":15,"Integer":0,"String":"b","Interface":null}}
2025-08-15T22:13:46.811-0500	DEBUG	protocol/handler.go:1649	have all messages and processed	{"{round 20 3  <nil>}": {"Key":"self","Type":15,"Integer":0,"String":"c","Interface":null}}
2025-08-15T22:13:46.811-0500	DEBUG	protocol/handler.go:596	round already finalized
2025-08-15T22:13:46.811-0500	DEBUG	protocol/handler.go:596	round already finalized
2025-08-15T22:13:46.817-0500	DEBUG	protocol/handler.go:581	tryAdvanceRound called	{"{current_round 20 3  <nil>}": {"Key":"self","Type":15,"Integer":0,"String":"a","Interface":null}}
2025-08-15T22:13:46.817-0500	DEBUG	protocol/handler.go:1591	have processed broadcast	{"{round 20 3  <nil>}": {"Key":"from","Type":15,"Integer":0,"String":"b","Interface":null}}
2025-08-15T22:13:46.817-0500	DEBUG	protocol/handler.go:1591	have processed broadcast	{"{round 20 3  <nil>}": {"Key":"from","Type":15,"Integer":0,"String":"c","Interface":null}}
2025-08-15T22:13:46.817-0500	DEBUG	protocol/handler.go:1649	have all messages and processed	{"{round 20 3  <nil>}": {"Key":"self","Type":15,"Integer":0,"String":"a","Interface":null}}
2025-08-15T22:13:46.817-0500	DEBUG	protocol/handler.go:596	round already finalized
2025-08-15T22:13:46.821-0500	DEBUG	protocol/handler.go:581	tryAdvanceRound called	{"{current_round 20 3  <nil>}": {"Key":"self","Type":15,"Integer":0,"String":"c","Interface":null}}
2025-08-15T22:13:46.821-0500	DEBUG	protocol/handler.go:1591	have processed broadcast	{"{round 20 3  <nil>}": {"Key":"from","Type":15,"Integer":0,"String":"a","Interface":null}}
2025-08-15T22:13:46.821-0500	DEBUG	protocol/handler.go:1591	have processed broadcast	{"{round 20 3  <nil>}": {"Key":"from","Type":15,"Integer":0,"String":"b","Interface":null}}
2025-08-15T22:13:46.821-0500	DEBUG	protocol/handler.go:581	tryAdvanceRound called	{"{current_round 20 3  <nil>}": {"Key":"self","Type":15,"Integer":0,"String":"b","Interface":null}}
2025-08-15T22:13:46.821-0500	DEBUG	protocol/handler.go:1649	have all messages and processed	{"{round 20 3  <nil>}": {"Key":"self","Type":15,"Integer":0,"String":"c","Interface":null}}
2025-08-15T22:13:46.821-0500	DEBUG	protocol/handler.go:596	round already finalized
2025-08-15T22:13:46.822-0500	DEBUG	protocol/handler.go:1591	have processed broadcast	{"{round 20 3  <nil>}": {"Key":"from","Type":15,"Integer":0,"String":"a","Interface":null}}
2025-08-15T22:13:46.822-0500	DEBUG	protocol/handler.go:1591	have processed broadcast	{"{round 20 3  <nil>}": {"Key":"from","Type":15,"Integer":0,"String":"c","Interface":null}}
2025-08-15T22:13:46.822-0500	DEBUG	protocol/handler.go:1649	have all messages and processed	{"{round 20 3  <nil>}": {"Key":"self","Type":15,"Integer":0,"String":"b","Interface":null}}
2025-08-15T22:13:46.822-0500	DEBUG	protocol/handler.go:596	round already finalized
2025-08-15T22:13:46.827-0500	DEBUG	protocol/handler.go:581	tryAdvanceRound called	{"{current_round 20 3  <nil>}": {"Key":"self","Type":15,"Integer":0,"String":"a","Interface":null}}
2025-08-15T22:13:46.827-0500	DEBUG	protocol/handler.go:1591	have processed broadcast	{"{round 20 3  <nil>}": {"Key":"from","Type":15,"Integer":0,"String":"b","Interface":null}}
2025-08-15T22:13:46.827-0500	DEBUG	protocol/handler.go:1591	have processed broadcast	{"{round 20 3  <nil>}": {"Key":"from","Type":15,"Integer":0,"String":"c","Interface":null}}
2025-08-15T22:13:46.827-0500	DEBUG	protocol/handler.go:1649	have all messages and processed	{"{round 20 3  <nil>}": {"Key":"self","Type":15,"Integer":0,"String":"a","Interface":null}}
2025-08-15T22:13:46.827-0500	DEBUG	protocol/handler.go:596	round already finalized
2025-08-15T22:13:46.831-0500	DEBUG	protocol/handler.go:581	tryAdvanceRound called	{"{current_round 20 3  <nil>}": {"Key":"self","Type":15,"Integer":0,"String":"c","Interface":null}}
2025-08-15T22:13:46.831-0500	DEBUG	protocol/handler.go:581	tryAdvanceRound called	{"{current_round 20 3  <nil>}": {"Key":"self","Type":15,"Integer":0,"String":"b","Interface":null}}
2025-08-15T22:13:46.831-0500	DEBUG	protocol/handler.go:1591	have processed broadcast	{"{round 20 3  <nil>}": {"Key":"from","Type":15,"Integer":0,"String":"a","Interface":null}}
2025-08-15T22:13:46.831-0500	DEBUG	protocol/handler.go:1591	have processed broadcast	{"{round 20 3  <nil>}": {"Key":"from","Type":15,"Integer":0,"String":"c","Interface":null}}
2025-08-15T22:13:46.831-0500	DEBUG	protocol/handler.go:1649	have all messages and processed	{"{round 20 3  <nil>}": {"Key":"self","Type":15,"Integer":0,"String":"b","Interface":null}}
2025-08-15T22:13:46.831-0500	DEBUG	protocol/handler.go:596	round already finalized
2025-08-15T22:13:46.831-0500	DEBUG	protocol/handler.go:1591	have processed broadcast	{"{round 20 3  <nil>}": {"Key":"from","Type":15,"Integer":0,"String":"a","Interface":null}}
2025-08-15T22:13:46.831-0500	DEBUG	protocol/handler.go:1591	have processed broadcast	{"{round 20 3  <nil>}": {"Key":"from","Type":15,"Integer":0,"String":"b","Interface":null}}
2025-08-15T22:13:46.831-0500	DEBUG	protocol/handler.go:1649	have all messages and processed	{"{round 20 3  <nil>}": {"Key":"self","Type":15,"Integer":0,"String":"c","Interface":null}}
2025-08-15T22:13:46.831-0500	DEBUG	protocol/handler.go:596	round already finalized
2025-08-15T22:13:46.837-0500	DEBUG	protocol/handler.go:581	tryAdvanceRound called	{"{current_round 20 3  <nil>}": {"Key":"self","Type":15,"Integer":0,"String":"a","Interface":null}}
2025-08-15T22:13:46.837-0500	DEBUG	protocol/handler.go:1591	have processed broadcast	{"{round 20 3  <nil>}": {"Key":"from","Type":15,"Integer":0,"String":"b","Interface":null}}
2025-08-15T22:13:46.837-0500	DEBUG	protocol/handler.go:1591	have processed broadcast	{"{round 20 3  <nil>}": {"Key":"from","Type":15,"Integer":0,"String":"c","Interface":null}}
2025-08-15T22:13:46.837-0500	DEBUG	protocol/handler.go:1649	have all messages and processed	{"{round 20 3  <nil>}": {"Key":"self","Type":15,"Integer":0,"String":"a","Interface":null}}
2025-08-15T22:13:46.837-0500	DEBUG	protocol/handler.go:596	round already finalized
2025-08-15T22:13:46.841-0500	DEBUG	protocol/handler.go:581	tryAdvanceRound called	{"{current_round 20 3  <nil>}": {"Key":"self","Type":15,"Integer":0,"String":"b","Interface":null}}
2025-08-15T22:13:46.841-0500	DEBUG	protocol/handler.go:1591	have processed broadcast	{"{round 20 3  <nil>}": {"Key":"from","Type":15,"Integer":0,"String":"a","Interface":null}}
2025-08-15T22:13:46.841-0500	DEBUG	protocol/handler.go:1591	have processed broadcast	{"{round 20 3  <nil>}": {"Key":"from","Type":15,"Integer":0,"String":"c","Interface":null}}
2025-08-15T22:13:46.841-0500	DEBUG	protocol/handler.go:1649	have all messages and processed	{"{round 20 3  <nil>}": {"Key":"self","Type":15,"Integer":0,"String":"b","Interface":null}}
2025-08-15T22:13:46.841-0500	DEBUG	protocol/handler.go:596	round already finalized
2025-08-15T22:13:46.841-0500	DEBUG	protocol/handler.go:581	tryAdvanceRound called	{"{current_round 20 3  <nil>}": {"Key":"self","Type":15,"Integer":0,"String":"c","Interface":null}}
2025-08-15T22:13:46.841-0500	DEBUG	protocol/handler.go:1591	have processed broadcast	{"{round 20 3  <nil>}": {"Key":"from","Type":15,"Integer":0,"String":"a","Interface":null}}
2025-08-15T22:13:46.841-0500	DEBUG	protocol/handler.go:1591	have processed broadcast	{"{round 20 3  <nil>}": {"Key":"from","Type":15,"Integer":0,"String":"b","Interface":null}}
2025-08-15T22:13:46.841-0500	DEBUG	protocol/handler.go:1649	have all messages and processed	{"{round 20 3  <nil>}": {"Key":"self","Type":15,"Integer":0,"String":"c","Interface":null}}
2025-08-15T22:13:46.841-0500	DEBUG	protocol/handler.go:596	round already finalized
2025-08-15T22:13:46.847-0500	DEBUG	protocol/handler.go:581	tryAdvanceRound called	{"{current_round 20 3  <nil>}": {"Key":"self","Type":15,"Integer":0,"String":"a","Interface":null}}
2025-08-15T22:13:46.847-0500	DEBUG	protocol/handler.go:1591	have processed broadcast	{"{round 20 3  <nil>}": {"Key":"from","Type":15,"Integer":0,"String":"b","Interface":null}}
2025-08-15T22:13:46.848-0500	DEBUG	protocol/handler.go:1591	have processed broadcast	{"{round 20 3  <nil>}": {"Key":"from","Type":15,"Integer":0,"String":"c","Interface":null}}
2025-08-15T22:13:46.848-0500	DEBUG	protocol/handler.go:1649	have all messages and processed	{"{round 20 3  <nil>}": {"Key":"self","Type":15,"Integer":0,"String":"a","Interface":null}}
2025-08-15T22:13:46.848-0500	DEBUG	protocol/handler.go:596	round already finalized
2025-08-15T22:13:46.851-0500	DEBUG	protocol/handler.go:581	tryAdvanceRound called	{"{current_round 20 3  <nil>}": {"Key":"self","Type":15,"Integer":0,"String":"b","Interface":null}}
2025-08-15T22:13:46.851-0500	DEBUG	protocol/handler.go:1591	have processed broadcast	{"{round 20 3  <nil>}": {"Key":"from","Type":15,"Integer":0,"String":"a","Interface":null}}
2025-08-15T22:13:46.851-0500	DEBUG	protocol/handler.go:1591	have processed broadcast	{"{round 20 3  <nil>}": {"Key":"from","Type":15,"Integer":0,"String":"c","Interface":null}}
2025-08-15T22:13:46.851-0500	DEBUG	protocol/handler.go:1649	have all messages and processed	{"{round 20 3  <nil>}": {"Key":"self","Type":15,"Integer":0,"String":"b","Interface":null}}
2025-08-15T22:13:46.851-0500	DEBUG	protocol/handler.go:596	round already finalized
2025-08-15T22:13:46.851-0500	DEBUG	protocol/handler.go:581	tryAdvanceRound called	{"{current_round 20 3  <nil>}": {"Key":"self","Type":15,"Integer":0,"String":"c","Interface":null}}
2025-08-15T22:13:46.851-0500	DEBUG	protocol/handler.go:1591	have processed broadcast	{"{round 20 3  <nil>}": {"Key":"from","Type":15,"Integer":0,"String":"a","Interface":null}}
2025-08-15T22:13:46.851-0500	DEBUG	protocol/handler.go:1591	have processed broadcast	{"{round 20 3  <nil>}": {"Key":"from","Type":15,"Integer":0,"String":"b","Interface":null}}
2025-08-15T22:13:46.851-0500	DEBUG	protocol/handler.go:1649	have all messages and processed	{"{round 20 3  <nil>}": {"Key":"self","Type":15,"Integer":0,"String":"c","Interface":null}}
2025-08-15T22:13:46.851-0500	DEBUG	protocol/handler.go:596	round already finalized
2025-08-15T22:13:46.857-0500	DEBUG	protocol/handler.go:581	tryAdvanceRound called	{"{current_round 20 3  <nil>}": {"Key":"self","Type":15,"Integer":0,"String":"a","Interface":null}}
2025-08-15T22:13:46.857-0500	DEBUG	protocol/handler.go:1591	have processed broadcast	{"{round 20 3  <nil>}": {"Key":"from","Type":15,"Integer":0,"String":"b","Interface":null}}
2025-08-15T22:13:46.857-0500	DEBUG	protocol/handler.go:1591	have processed broadcast	{"{round 20 3  <nil>}": {"Key":"from","Type":15,"Integer":0,"String":"c","Interface":null}}
2025-08-15T22:13:46.857-0500	DEBUG	protocol/handler.go:1649	have all messages and processed	{"{round 20 3  <nil>}": {"Key":"self","Type":15,"Integer":0,"String":"a","Interface":null}}
2025-08-15T22:13:46.857-0500	DEBUG	protocol/handler.go:596	round already finalized
2025-08-15T22:13:46.861-0500	DEBUG	protocol/handler.go:581	tryAdvanceRound called	{"{current_round 20 3  <nil>}": {"Key":"self","Type":15,"Integer":0,"String":"b","Interface":null}}
2025-08-15T22:13:46.861-0500	DEBUG	protocol/handler.go:581	tryAdvanceRound called	{"{current_round 20 3  <nil>}": {"Key":"self","Type":15,"Integer":0,"String":"c","Interface":null}}
2025-08-15T22:13:46.861-0500	DEBUG	protocol/handler.go:1591	have processed broadcast	{"{round 20 3  <nil>}": {"Key":"from","Type":15,"Integer":0,"String":"a","Interface":null}}
2025-08-15T22:13:46.861-0500	DEBUG	protocol/handler.go:1591	have processed broadcast	{"{round 20 3  <nil>}": {"Key":"from","Type":15,"Integer":0,"String":"a","Interface":null}}
2025-08-15T22:13:46.861-0500	DEBUG	protocol/handler.go:1591	have processed broadcast	{"{round 20 3  <nil>}": {"Key":"from","Type":15,"Integer":0,"String":"c","Interface":null}}
2025-08-15T22:13:46.861-0500	DEBUG	protocol/handler.go:1591	have processed broadcast	{"{round 20 3  <nil>}": {"Key":"from","Type":15,"Integer":0,"String":"b","Interface":null}}
2025-08-15T22:13:46.861-0500	DEBUG	protocol/handler.go:1649	have all messages and processed	{"{round 20 3  <nil>}": {"Key":"self","Type":15,"Integer":0,"String":"b","Interface":null}}
2025-08-15T22:13:46.861-0500	DEBUG	protocol/handler.go:1649	have all messages and processed	{"{round 20 3  <nil>}": {"Key":"self","Type":15,"Integer":0,"String":"c","Interface":null}}
2025-08-15T22:13:46.861-0500	DEBUG	protocol/handler.go:596	round already finalized
2025-08-15T22:13:46.861-0500	DEBUG	protocol/handler.go:596	round already finalized
2025-08-15T22:13:46.867-0500	DEBUG	protocol/handler.go:581	tryAdvanceRound called	{"{current_round 20 3  <nil>}": {"Key":"self","Type":15,"Integer":0,"String":"a","Interface":null}}
2025-08-15T22:13:46.867-0500	DEBUG	protocol/handler.go:1591	have processed broadcast	{"{round 20 3  <nil>}": {"Key":"from","Type":15,"Integer":0,"String":"b","Interface":null}}
2025-08-15T22:13:46.867-0500	DEBUG	protocol/handler.go:1591	have processed broadcast	{"{round 20 3  <nil>}": {"Key":"from","Type":15,"Integer":0,"String":"c","Interface":null}}
2025-08-15T22:13:46.867-0500	DEBUG	protocol/handler.go:1649	have all messages and processed	{"{round 20 3  <nil>}": {"Key":"self","Type":15,"Integer":0,"String":"a","Interface":null}}
2025-08-15T22:13:46.867-0500	DEBUG	protocol/handler.go:596	round already finalized
2025-08-15T22:13:46.871-0500	DEBUG	protocol/handler.go:581	tryAdvanceRound called	{"{current_round 20 3  <nil>}": {"Key":"self","Type":15,"Integer":0,"String":"b","Interface":null}}
2025-08-15T22:13:46.871-0500	DEBUG	protocol/handler.go:581	tryAdvanceRound called	{"{current_round 20 3  <nil>}": {"Key":"self","Type":15,"Integer":0,"String":"c","Interface":null}}
2025-08-15T22:13:46.871-0500	DEBUG	protocol/handler.go:1591	have processed broadcast	{"{round 20 3  <nil>}": {"Key":"from","Type":15,"Integer":0,"String":"a","Interface":null}}
2025-08-15T22:13:46.871-0500	DEBUG	protocol/handler.go:1591	have processed broadcast	{"{round 20 3  <nil>}": {"Key":"from","Type":15,"Integer":0,"String":"a","Interface":null}}
2025-08-15T22:13:46.871-0500	DEBUG	protocol/handler.go:1591	have processed broadcast	{"{round 20 3  <nil>}": {"Key":"from","Type":15,"Integer":0,"String":"c","Interface":null}}
2025-08-15T22:13:46.871-0500	DEBUG	protocol/handler.go:1591	have processed broadcast	{"{round 20 3  <nil>}": {"Key":"from","Type":15,"Integer":0,"String":"b","Interface":null}}
2025-08-15T22:13:46.871-0500	DEBUG	protocol/handler.go:1649	have all messages and processed	{"{round 20 3  <nil>}": {"Key":"self","Type":15,"Integer":0,"String":"b","Interface":null}}
2025-08-15T22:13:46.871-0500	DEBUG	protocol/handler.go:1649	have all messages and processed	{"{round 20 3  <nil>}": {"Key":"self","Type":15,"Integer":0,"String":"c","Interface":null}}
2025-08-15T22:13:46.871-0500	DEBUG	protocol/handler.go:596	round already finalized
2025-08-15T22:13:46.871-0500	DEBUG	protocol/handler.go:596	round already finalized
2025-08-15T22:13:46.877-0500	DEBUG	protocol/handler.go:581	tryAdvanceRound called	{"{current_round 20 3  <nil>}": {"Key":"self","Type":15,"Integer":0,"String":"a","Interface":null}}
2025-08-15T22:13:46.877-0500	DEBUG	protocol/handler.go:1591	have processed broadcast	{"{round 20 3  <nil>}": {"Key":"from","Type":15,"Integer":0,"String":"b","Interface":null}}
2025-08-15T22:13:46.877-0500	DEBUG	protocol/handler.go:1591	have processed broadcast	{"{round 20 3  <nil>}": {"Key":"from","Type":15,"Integer":0,"String":"c","Interface":null}}
2025-08-15T22:13:46.877-0500	DEBUG	protocol/handler.go:1649	have all messages and processed	{"{round 20 3  <nil>}": {"Key":"self","Type":15,"Integer":0,"String":"a","Interface":null}}
2025-08-15T22:13:46.877-0500	DEBUG	protocol/handler.go:596	round already finalized
2025-08-15T22:13:46.881-0500	DEBUG	protocol/handler.go:581	tryAdvanceRound called	{"{current_round 20 3  <nil>}": {"Key":"self","Type":15,"Integer":0,"String":"b","Interface":null}}
2025-08-15T22:13:46.881-0500	DEBUG	protocol/handler.go:581	tryAdvanceRound called	{"{current_round 20 3  <nil>}": {"Key":"self","Type":15,"Integer":0,"String":"c","Interface":null}}
2025-08-15T22:13:46.881-0500	DEBUG	protocol/handler.go:1591	have processed broadcast	{"{round 20 3  <nil>}": {"Key":"from","Type":15,"Integer":0,"String":"a","Interface":null}}
2025-08-15T22:13:46.881-0500	DEBUG	protocol/handler.go:1591	have processed broadcast	{"{round 20 3  <nil>}": {"Key":"from","Type":15,"Integer":0,"String":"c","Interface":null}}
2025-08-15T22:13:46.881-0500	DEBUG	protocol/handler.go:1591	have processed broadcast	{"{round 20 3  <nil>}": {"Key":"from","Type":15,"Integer":0,"String":"a","Interface":null}}
2025-08-15T22:13:46.881-0500	DEBUG	protocol/handler.go:1649	have all messages and processed	{"{round 20 3  <nil>}": {"Key":"self","Type":15,"Integer":0,"String":"b","Interface":null}}
2025-08-15T22:13:46.881-0500	DEBUG	protocol/handler.go:1591	have processed broadcast	{"{round 20 3  <nil>}": {"Key":"from","Type":15,"Integer":0,"String":"b","Interface":null}}
2025-08-15T22:13:46.881-0500	DEBUG	protocol/handler.go:596	round already finalized
2025-08-15T22:13:46.881-0500	DEBUG	protocol/handler.go:1649	have all messages and processed	{"{round 20 3  <nil>}": {"Key":"self","Type":15,"Integer":0,"String":"c","Interface":null}}
2025-08-15T22:13:46.881-0500	DEBUG	protocol/handler.go:596	round already finalized
2025-08-15T22:13:46.887-0500	DEBUG	protocol/handler.go:581	tryAdvanceRound called	{"{current_round 20 3  <nil>}": {"Key":"self","Type":15,"Integer":0,"String":"a","Interface":null}}
2025-08-15T22:13:46.887-0500	DEBUG	protocol/handler.go:1591	have processed broadcast	{"{round 20 3  <nil>}": {"Key":"from","Type":15,"Integer":0,"String":"b","Interface":null}}
2025-08-15T22:13:46.887-0500	DEBUG	protocol/handler.go:1591	have processed broadcast	{"{round 20 3  <nil>}": {"Key":"from","Type":15,"Integer":0,"String":"c","Interface":null}}
2025-08-15T22:13:46.887-0500	DEBUG	protocol/handler.go:1649	have all messages and processed	{"{round 20 3  <nil>}": {"Key":"self","Type":15,"Integer":0,"String":"a","Interface":null}}
2025-08-15T22:13:46.887-0500	DEBUG	protocol/handler.go:596	round already finalized
2025-08-15T22:13:46.891-0500	DEBUG	protocol/handler.go:581	tryAdvanceRound called	{"{current_round 20 3  <nil>}": {"Key":"self","Type":15,"Integer":0,"String":"b","Interface":null}}
2025-08-15T22:13:46.891-0500	DEBUG	protocol/handler.go:581	tryAdvanceRound called	{"{current_round 20 3  <nil>}": {"Key":"self","Type":15,"Integer":0,"String":"c","Interface":null}}
2025-08-15T22:13:46.891-0500	DEBUG	protocol/handler.go:1591	have processed broadcast	{"{round 20 3  <nil>}": {"Key":"from","Type":15,"Integer":0,"String":"a","Interface":null}}
2025-08-15T22:13:46.891-0500	DEBUG	protocol/handler.go:1591	have processed broadcast	{"{round 20 3  <nil>}": {"Key":"from","Type":15,"Integer":0,"String":"c","Interface":null}}
2025-08-15T22:13:46.891-0500	DEBUG	protocol/handler.go:1591	have processed broadcast	{"{round 20 3  <nil>}": {"Key":"from","Type":15,"Integer":0,"String":"a","Interface":null}}
2025-08-15T22:13:46.891-0500	DEBUG	protocol/handler.go:1649	have all messages and processed	{"{round 20 3  <nil>}": {"Key":"self","Type":15,"Integer":0,"String":"b","Interface":null}}
2025-08-15T22:13:46.891-0500	DEBUG	protocol/handler.go:1591	have processed broadcast	{"{round 20 3  <nil>}": {"Key":"from","Type":15,"Integer":0,"String":"b","Interface":null}}
2025-08-15T22:13:46.891-0500	DEBUG	protocol/handler.go:596	round already finalized
2025-08-15T22:13:46.891-0500	DEBUG	protocol/handler.go:1649	have all messages and processed	{"{round 20 3  <nil>}": {"Key":"self","Type":15,"Integer":0,"String":"c","Interface":null}}
2025-08-15T22:13:46.891-0500	DEBUG	protocol/handler.go:596	round already finalized
2025-08-15T22:13:46.897-0500	DEBUG	protocol/handler.go:581	tryAdvanceRound called	{"{current_round 20 3  <nil>}": {"Key":"self","Type":15,"Integer":0,"String":"a","Interface":null}}
2025-08-15T22:13:46.897-0500	DEBUG	protocol/handler.go:1591	have processed broadcast	{"{round 20 3  <nil>}": {"Key":"from","Type":15,"Integer":0,"String":"b","Interface":null}}
2025-08-15T22:13:46.897-0500	DEBUG	protocol/handler.go:1591	have processed broadcast	{"{round 20 3  <nil>}": {"Key":"from","Type":15,"Integer":0,"String":"c","Interface":null}}
2025-08-15T22:13:46.897-0500	DEBUG	protocol/handler.go:1649	have all messages and processed	{"{round 20 3  <nil>}": {"Key":"self","Type":15,"Integer":0,"String":"a","Interface":null}}
2025-08-15T22:13:46.897-0500	DEBUG	protocol/handler.go:596	round already finalized
2025-08-15T22:13:46.901-0500	DEBUG	protocol/handler.go:581	tryAdvanceRound called	{"{current_round 20 3  <nil>}": {"Key":"self","Type":15,"Integer":0,"String":"b","Interface":null}}
2025-08-15T22:13:46.901-0500	DEBUG	protocol/handler.go:581	tryAdvanceRound called	{"{current_round 20 3  <nil>}": {"Key":"self","Type":15,"Integer":0,"String":"c","Interface":null}}
2025-08-15T22:13:46.901-0500	DEBUG	protocol/handler.go:1591	have processed broadcast	{"{round 20 3  <nil>}": {"Key":"from","Type":15,"Integer":0,"String":"a","Interface":null}}
2025-08-15T22:13:46.901-0500	DEBUG	protocol/handler.go:1591	have processed broadcast	{"{round 20 3  <nil>}": {"Key":"from","Type":15,"Integer":0,"String":"a","Interface":null}}
2025-08-15T22:13:46.901-0500	DEBUG	protocol/handler.go:1591	have processed broadcast	{"{round 20 3  <nil>}": {"Key":"from","Type":15,"Integer":0,"String":"c","Interface":null}}
2025-08-15T22:13:46.901-0500	DEBUG	protocol/handler.go:1649	have all messages and processed	{"{round 20 3  <nil>}": {"Key":"self","Type":15,"Integer":0,"String":"b","Interface":null}}
2025-08-15T22:13:46.901-0500	DEBUG	protocol/handler.go:1591	have processed broadcast	{"{round 20 3  <nil>}": {"Key":"from","Type":15,"Integer":0,"String":"b","Interface":null}}
2025-08-15T22:13:46.901-0500	DEBUG	protocol/handler.go:596	round already finalized
2025-08-15T22:13:46.901-0500	DEBUG	protocol/handler.go:1649	have all messages and processed	{"{round 20 3  <nil>}": {"Key":"self","Type":15,"Integer":0,"String":"c","Interface":null}}
2025-08-15T22:13:46.901-0500	DEBUG	protocol/handler.go:596	round already finalized
2025-08-15T22:13:46.907-0500	DEBUG	protocol/handler.go:581	tryAdvanceRound called	{"{current_round 20 3  <nil>}": {"Key":"self","Type":15,"Integer":0,"String":"a","Interface":null}}
2025-08-15T22:13:46.907-0500	DEBUG	protocol/handler.go:1591	have processed broadcast	{"{round 20 3  <nil>}": {"Key":"from","Type":15,"Integer":0,"String":"b","Interface":null}}
2025-08-15T22:13:46.907-0500	DEBUG	protocol/handler.go:1591	have processed broadcast	{"{round 20 3  <nil>}": {"Key":"from","Type":15,"Integer":0,"String":"c","Interface":null}}
2025-08-15T22:13:46.907-0500	DEBUG	protocol/handler.go:1649	have all messages and processed	{"{round 20 3  <nil>}": {"Key":"self","Type":15,"Integer":0,"String":"a","Interface":null}}
2025-08-15T22:13:46.907-0500	DEBUG	protocol/handler.go:596	round already finalized
2025-08-15T22:13:46.911-0500	DEBUG	protocol/handler.go:581	tryAdvanceRound called	{"{current_round 20 3  <nil>}": {"Key":"self","Type":15,"Integer":0,"String":"b","Interface":null}}
2025-08-15T22:13:46.911-0500	DEBUG	protocol/handler.go:1591	have processed broadcast	{"{round 20 3  <nil>}": {"Key":"from","Type":15,"Integer":0,"String":"a","Interface":null}}
2025-08-15T22:13:46.911-0500	DEBUG	protocol/handler.go:581	tryAdvanceRound called	{"{current_round 20 3  <nil>}": {"Key":"self","Type":15,"Integer":0,"String":"c","Interface":null}}
2025-08-15T22:13:46.911-0500	DEBUG	protocol/handler.go:1591	have processed broadcast	{"{round 20 3  <nil>}": {"Key":"from","Type":15,"Integer":0,"String":"c","Interface":null}}
2025-08-15T22:13:46.911-0500	DEBUG	protocol/handler.go:1591	have processed broadcast	{"{round 20 3  <nil>}": {"Key":"from","Type":15,"Integer":0,"String":"a","Interface":null}}
2025-08-15T22:13:46.911-0500	DEBUG	protocol/handler.go:1649	have all messages and processed	{"{round 20 3  <nil>}": {"Key":"self","Type":15,"Integer":0,"String":"b","Interface":null}}
2025-08-15T22:13:46.911-0500	DEBUG	protocol/handler.go:1591	have processed broadcast	{"{round 20 3  <nil>}": {"Key":"from","Type":15,"Integer":0,"String":"b","Interface":null}}
2025-08-15T22:13:46.911-0500	DEBUG	protocol/handler.go:596	round already finalized
2025-08-15T22:13:46.911-0500	DEBUG	protocol/handler.go:1649	have all messages and processed	{"{round 20 3  <nil>}": {"Key":"self","Type":15,"Integer":0,"String":"c","Interface":null}}
2025-08-15T22:13:46.911-0500	DEBUG	protocol/handler.go:596	round already finalized
2025-08-15T22:13:46.916-0500	DEBUG	protocol/handler.go:581	tryAdvanceRound called	{"{current_round 20 3  <nil>}": {"Key":"self","Type":15,"Integer":0,"String":"a","Interface":null}}
2025-08-15T22:13:46.917-0500	DEBUG	protocol/handler.go:1591	have processed broadcast	{"{round 20 3  <nil>}": {"Key":"from","Type":15,"Integer":0,"String":"b","Interface":null}}
2025-08-15T22:13:46.917-0500	DEBUG	protocol/handler.go:1591	have processed broadcast	{"{round 20 3  <nil>}": {"Key":"from","Type":15,"Integer":0,"String":"c","Interface":null}}
2025-08-15T22:13:46.917-0500	DEBUG	protocol/handler.go:1649	have all messages and processed	{"{round 20 3  <nil>}": {"Key":"self","Type":15,"Integer":0,"String":"a","Interface":null}}
2025-08-15T22:13:46.917-0500	DEBUG	protocol/handler.go:596	round already finalized
2025-08-15T22:13:46.921-0500	DEBUG	protocol/handler.go:581	tryAdvanceRound called	{"{current_round 20 3  <nil>}": {"Key":"self","Type":15,"Integer":0,"String":"c","Interface":null}}
2025-08-15T22:13:46.921-0500	DEBUG	protocol/handler.go:581	tryAdvanceRound called	{"{current_round 20 3  <nil>}": {"Key":"self","Type":15,"Integer":0,"String":"b","Interface":null}}
2025-08-15T22:13:46.921-0500	DEBUG	protocol/handler.go:1591	have processed broadcast	{"{round 20 3  <nil>}": {"Key":"from","Type":15,"Integer":0,"String":"a","Interface":null}}
2025-08-15T22:13:46.921-0500	DEBUG	protocol/handler.go:1591	have processed broadcast	{"{round 20 3  <nil>}": {"Key":"from","Type":15,"Integer":0,"String":"a","Interface":null}}
2025-08-15T22:13:46.921-0500	DEBUG	protocol/handler.go:1591	have processed broadcast	{"{round 20 3  <nil>}": {"Key":"from","Type":15,"Integer":0,"String":"b","Interface":null}}
2025-08-15T22:13:46.921-0500	DEBUG	protocol/handler.go:1591	have processed broadcast	{"{round 20 3  <nil>}": {"Key":"from","Type":15,"Integer":0,"String":"c","Interface":null}}
2025-08-15T22:13:46.921-0500	DEBUG	protocol/handler.go:1649	have all messages and processed	{"{round 20 3  <nil>}": {"Key":"self","Type":15,"Integer":0,"String":"c","Interface":null}}
2025-08-15T22:13:46.921-0500	DEBUG	protocol/handler.go:1649	have all messages and processed	{"{round 20 3  <nil>}": {"Key":"self","Type":15,"Integer":0,"String":"b","Interface":null}}
2025-08-15T22:13:46.921-0500	DEBUG	protocol/handler.go:596	round already finalized
2025-08-15T22:13:46.921-0500	DEBUG	protocol/handler.go:596	round already finalized
2025-08-15T22:13:46.927-0500	DEBUG	protocol/handler.go:581	tryAdvanceRound called	{"{current_round 20 3  <nil>}": {"Key":"self","Type":15,"Integer":0,"String":"a","Interface":null}}
2025-08-15T22:13:46.927-0500	DEBUG	protocol/handler.go:1591	have processed broadcast	{"{round 20 3  <nil>}": {"Key":"from","Type":15,"Integer":0,"String":"b","Interface":null}}
2025-08-15T22:13:46.927-0500	DEBUG	protocol/handler.go:1591	have processed broadcast	{"{round 20 3  <nil>}": {"Key":"from","Type":15,"Integer":0,"String":"c","Interface":null}}
2025-08-15T22:13:46.927-0500	DEBUG	protocol/handler.go:1649	have all messages and processed	{"{round 20 3  <nil>}": {"Key":"self","Type":15,"Integer":0,"String":"a","Interface":null}}
2025-08-15T22:13:46.927-0500	DEBUG	protocol/handler.go:596	round already finalized
2025-08-15T22:13:46.931-0500	DEBUG	protocol/handler.go:581	tryAdvanceRound called	{"{current_round 20 3  <nil>}": {"Key":"self","Type":15,"Integer":0,"String":"b","Interface":null}}
2025-08-15T22:13:46.931-0500	DEBUG	protocol/handler.go:581	tryAdvanceRound called	{"{current_round 20 3  <nil>}": {"Key":"self","Type":15,"Integer":0,"String":"c","Interface":null}}
2025-08-15T22:13:46.931-0500	DEBUG	protocol/handler.go:1591	have processed broadcast	{"{round 20 3  <nil>}": {"Key":"from","Type":15,"Integer":0,"String":"a","Interface":null}}
2025-08-15T22:13:46.931-0500	DEBUG	protocol/handler.go:1591	have processed broadcast	{"{round 20 3  <nil>}": {"Key":"from","Type":15,"Integer":0,"String":"a","Interface":null}}
2025-08-15T22:13:46.931-0500	DEBUG	protocol/handler.go:1591	have processed broadcast	{"{round 20 3  <nil>}": {"Key":"from","Type":15,"Integer":0,"String":"c","Interface":null}}
2025-08-15T22:13:46.931-0500	DEBUG	protocol/handler.go:1591	have processed broadcast	{"{round 20 3  <nil>}": {"Key":"from","Type":15,"Integer":0,"String":"b","Interface":null}}
2025-08-15T22:13:46.931-0500	DEBUG	protocol/handler.go:1649	have all messages and processed	{"{round 20 3  <nil>}": {"Key":"self","Type":15,"Integer":0,"String":"b","Interface":null}}
2025-08-15T22:13:46.931-0500	DEBUG	protocol/handler.go:1649	have all messages and processed	{"{round 20 3  <nil>}": {"Key":"self","Type":15,"Integer":0,"String":"c","Interface":null}}
2025-08-15T22:13:46.931-0500	DEBUG	protocol/handler.go:596	round already finalized
2025-08-15T22:13:46.931-0500	DEBUG	protocol/handler.go:596	round already finalized
2025-08-15T22:13:46.937-0500	DEBUG	protocol/handler.go:581	tryAdvanceRound called	{"{current_round 20 3  <nil>}": {"Key":"self","Type":15,"Integer":0,"String":"a","Interface":null}}
2025-08-15T22:13:46.937-0500	DEBUG	protocol/handler.go:1591	have processed broadcast	{"{round 20 3  <nil>}": {"Key":"from","Type":15,"Integer":0,"String":"b","Interface":null}}
2025-08-15T22:13:46.937-0500	DEBUG	protocol/handler.go:1591	have processed broadcast	{"{round 20 3  <nil>}": {"Key":"from","Type":15,"Integer":0,"String":"c","Interface":null}}
2025-08-15T22:13:46.937-0500	DEBUG	protocol/handler.go:1649	have all messages and processed	{"{round 20 3  <nil>}": {"Key":"self","Type":15,"Integer":0,"String":"a","Interface":null}}
2025-08-15T22:13:46.937-0500	DEBUG	protocol/handler.go:596	round already finalized
2025-08-15T22:13:46.941-0500	DEBUG	protocol/handler.go:581	tryAdvanceRound called	{"{current_round 20 3  <nil>}": {"Key":"self","Type":15,"Integer":0,"String":"b","Interface":null}}
2025-08-15T22:13:46.941-0500	DEBUG	protocol/handler.go:581	tryAdvanceRound called	{"{current_round 20 3  <nil>}": {"Key":"self","Type":15,"Integer":0,"String":"c","Interface":null}}
2025-08-15T22:13:46.941-0500	DEBUG	protocol/handler.go:1591	have processed broadcast	{"{round 20 3  <nil>}": {"Key":"from","Type":15,"Integer":0,"String":"a","Interface":null}}
2025-08-15T22:13:46.941-0500	DEBUG	protocol/handler.go:1591	have processed broadcast	{"{round 20 3  <nil>}": {"Key":"from","Type":15,"Integer":0,"String":"a","Interface":null}}
2025-08-15T22:13:46.941-0500	DEBUG	protocol/handler.go:1591	have processed broadcast	{"{round 20 3  <nil>}": {"Key":"from","Type":15,"Integer":0,"String":"c","Interface":null}}
2025-08-15T22:13:46.941-0500	DEBUG	protocol/handler.go:1649	have all messages and processed	{"{round 20 3  <nil>}": {"Key":"self","Type":15,"Integer":0,"String":"b","Interface":null}}
2025-08-15T22:13:46.941-0500	DEBUG	protocol/handler.go:1591	have processed broadcast	{"{round 20 3  <nil>}": {"Key":"from","Type":15,"Integer":0,"String":"b","Interface":null}}
2025-08-15T22:13:46.941-0500	DEBUG	protocol/handler.go:596	round already finalized
2025-08-15T22:13:46.941-0500	DEBUG	protocol/handler.go:1649	have all messages and processed	{"{round 20 3  <nil>}": {"Key":"self","Type":15,"Integer":0,"String":"c","Interface":null}}
2025-08-15T22:13:46.941-0500	DEBUG	protocol/handler.go:596	round already finalized
2025-08-15T22:13:46.947-0500	DEBUG	protocol/handler.go:581	tryAdvanceRound called	{"{current_round 20 3  <nil>}": {"Key":"self","Type":15,"Integer":0,"String":"a","Interface":null}}
2025-08-15T22:13:46.947-0500	DEBUG	protocol/handler.go:1591	have processed broadcast	{"{round 20 3  <nil>}": {"Key":"from","Type":15,"Integer":0,"String":"b","Interface":null}}
2025-08-15T22:13:46.947-0500	DEBUG	protocol/handler.go:1591	have processed broadcast	{"{round 20 3  <nil>}": {"Key":"from","Type":15,"Integer":0,"String":"c","Interface":null}}
2025-08-15T22:13:46.947-0500	DEBUG	protocol/handler.go:1649	have all messages and processed	{"{round 20 3  <nil>}": {"Key":"self","Type":15,"Integer":0,"String":"a","Interface":null}}
2025-08-15T22:13:46.947-0500	DEBUG	protocol/handler.go:596	round already finalized
2025-08-15T22:13:46.951-0500	DEBUG	protocol/handler.go:581	tryAdvanceRound called	{"{current_round 20 3  <nil>}": {"Key":"self","Type":15,"Integer":0,"String":"b","Interface":null}}
2025-08-15T22:13:46.951-0500	DEBUG	protocol/handler.go:581	tryAdvanceRound called	{"{current_round 20 3  <nil>}": {"Key":"self","Type":15,"Integer":0,"String":"c","Interface":null}}
2025-08-15T22:13:46.951-0500	DEBUG	protocol/handler.go:1591	have processed broadcast	{"{round 20 3  <nil>}": {"Key":"from","Type":15,"Integer":0,"String":"a","Interface":null}}
2025-08-15T22:13:46.951-0500	DEBUG	protocol/handler.go:1591	have processed broadcast	{"{round 20 3  <nil>}": {"Key":"from","Type":15,"Integer":0,"String":"c","Interface":null}}
2025-08-15T22:13:46.951-0500	DEBUG	protocol/handler.go:1591	have processed broadcast	{"{round 20 3  <nil>}": {"Key":"from","Type":15,"Integer":0,"String":"a","Interface":null}}
2025-08-15T22:13:46.951-0500	DEBUG	protocol/handler.go:1649	have all messages and processed	{"{round 20 3  <nil>}": {"Key":"self","Type":15,"Integer":0,"String":"b","Interface":null}}
2025-08-15T22:13:46.951-0500	DEBUG	protocol/handler.go:596	round already finalized
2025-08-15T22:13:46.951-0500	DEBUG	protocol/handler.go:1591	have processed broadcast	{"{round 20 3  <nil>}": {"Key":"from","Type":15,"Integer":0,"String":"b","Interface":null}}
2025-08-15T22:13:46.951-0500	DEBUG	protocol/handler.go:1649	have all messages and processed	{"{round 20 3  <nil>}": {"Key":"self","Type":15,"Integer":0,"String":"c","Interface":null}}
2025-08-15T22:13:46.951-0500	DEBUG	protocol/handler.go:596	round already finalized
2025-08-15T22:13:46.957-0500	DEBUG	protocol/handler.go:581	tryAdvanceRound called	{"{current_round 20 3  <nil>}": {"Key":"self","Type":15,"Integer":0,"String":"a","Interface":null}}
2025-08-15T22:13:46.957-0500	DEBUG	protocol/handler.go:1591	have processed broadcast	{"{round 20 3  <nil>}": {"Key":"from","Type":15,"Integer":0,"String":"b","Interface":null}}
2025-08-15T22:13:46.957-0500	DEBUG	protocol/handler.go:1591	have processed broadcast	{"{round 20 3  <nil>}": {"Key":"from","Type":15,"Integer":0,"String":"c","Interface":null}}
2025-08-15T22:13:46.957-0500	DEBUG	protocol/handler.go:1649	have all messages and processed	{"{round 20 3  <nil>}": {"Key":"self","Type":15,"Integer":0,"String":"a","Interface":null}}
2025-08-15T22:13:46.957-0500	DEBUG	protocol/handler.go:596	round already finalized
2025-08-15T22:13:46.961-0500	DEBUG	protocol/handler.go:581	tryAdvanceRound called	{"{current_round 20 3  <nil>}": {"Key":"self","Type":15,"Integer":0,"String":"b","Interface":null}}
2025-08-15T22:13:46.961-0500	DEBUG	protocol/handler.go:581	tryAdvanceRound called	{"{current_round 20 3  <nil>}": {"Key":"self","Type":15,"Integer":0,"String":"c","Interface":null}}
2025-08-15T22:13:46.961-0500	DEBUG	protocol/handler.go:1591	have processed broadcast	{"{round 20 3  <nil>}": {"Key":"from","Type":15,"Integer":0,"String":"a","Interface":null}}
2025-08-15T22:13:46.961-0500	DEBUG	protocol/handler.go:1591	have processed broadcast	{"{round 20 3  <nil>}": {"Key":"from","Type":15,"Integer":0,"String":"c","Interface":null}}
2025-08-15T22:13:46.961-0500	DEBUG	protocol/handler.go:1591	have processed broadcast	{"{round 20 3  <nil>}": {"Key":"from","Type":15,"Integer":0,"String":"a","Interface":null}}
2025-08-15T22:13:46.961-0500	DEBUG	protocol/handler.go:1649	have all messages and processed	{"{round 20 3  <nil>}": {"Key":"self","Type":15,"Integer":0,"String":"b","Interface":null}}
2025-08-15T22:13:46.961-0500	DEBUG	protocol/handler.go:1591	have processed broadcast	{"{round 20 3  <nil>}": {"Key":"from","Type":15,"Integer":0,"String":"b","Interface":null}}
2025-08-15T22:13:46.961-0500	DEBUG	protocol/handler.go:596	round already finalized
2025-08-15T22:13:46.961-0500	DEBUG	protocol/handler.go:1649	have all messages and processed	{"{round 20 3  <nil>}": {"Key":"self","Type":15,"Integer":0,"String":"c","Interface":null}}
2025-08-15T22:13:46.961-0500	DEBUG	protocol/handler.go:596	round already finalized
2025-08-15T22:13:46.967-0500	DEBUG	protocol/handler.go:581	tryAdvanceRound called	{"{current_round 20 3  <nil>}": {"Key":"self","Type":15,"Integer":0,"String":"a","Interface":null}}
2025-08-15T22:13:46.967-0500	DEBUG	protocol/handler.go:1591	have processed broadcast	{"{round 20 3  <nil>}": {"Key":"from","Type":15,"Integer":0,"String":"b","Interface":null}}
2025-08-15T22:13:46.967-0500	DEBUG	protocol/handler.go:1591	have processed broadcast	{"{round 20 3  <nil>}": {"Key":"from","Type":15,"Integer":0,"String":"c","Interface":null}}
2025-08-15T22:13:46.967-0500	DEBUG	protocol/handler.go:1649	have all messages and processed	{"{round 20 3  <nil>}": {"Key":"self","Type":15,"Integer":0,"String":"a","Interface":null}}
2025-08-15T22:13:46.967-0500	DEBUG	protocol/handler.go:596	round already finalized
2025-08-15T22:13:46.971-0500	DEBUG	protocol/handler.go:581	tryAdvanceRound called	{"{current_round 20 3  <nil>}": {"Key":"self","Type":15,"Integer":0,"String":"b","Interface":null}}
2025-08-15T22:13:46.971-0500	DEBUG	protocol/handler.go:581	tryAdvanceRound called	{"{current_round 20 3  <nil>}": {"Key":"self","Type":15,"Integer":0,"String":"c","Interface":null}}
2025-08-15T22:13:46.971-0500	DEBUG	protocol/handler.go:1591	have processed broadcast	{"{round 20 3  <nil>}": {"Key":"from","Type":15,"Integer":0,"String":"a","Interface":null}}
2025-08-15T22:13:46.971-0500	DEBUG	protocol/handler.go:1591	have processed broadcast	{"{round 20 3  <nil>}": {"Key":"from","Type":15,"Integer":0,"String":"a","Interface":null}}
2025-08-15T22:13:46.971-0500	DEBUG	protocol/handler.go:1591	have processed broadcast	{"{round 20 3  <nil>}": {"Key":"from","Type":15,"Integer":0,"String":"c","Interface":null}}
2025-08-15T22:13:46.971-0500	DEBUG	protocol/handler.go:1591	have processed broadcast	{"{round 20 3  <nil>}": {"Key":"from","Type":15,"Integer":0,"String":"b","Interface":null}}
2025-08-15T22:13:46.971-0500	DEBUG	protocol/handler.go:1649	have all messages and processed	{"{round 20 3  <nil>}": {"Key":"self","Type":15,"Integer":0,"String":"b","Interface":null}}
2025-08-15T22:13:46.971-0500	DEBUG	protocol/handler.go:596	round already finalized
2025-08-15T22:13:46.971-0500	DEBUG	protocol/handler.go:1649	have all messages and processed	{"{round 20 3  <nil>}": {"Key":"self","Type":15,"Integer":0,"String":"c","Interface":null}}
2025-08-15T22:13:46.971-0500	DEBUG	protocol/handler.go:596	round already finalized
2025-08-15T22:13:46.977-0500	DEBUG	protocol/handler.go:581	tryAdvanceRound called	{"{current_round 20 3  <nil>}": {"Key":"self","Type":15,"Integer":0,"String":"a","Interface":null}}
2025-08-15T22:13:46.977-0500	DEBUG	protocol/handler.go:1591	have processed broadcast	{"{round 20 3  <nil>}": {"Key":"from","Type":15,"Integer":0,"String":"b","Interface":null}}
2025-08-15T22:13:46.977-0500	DEBUG	protocol/handler.go:1591	have processed broadcast	{"{round 20 3  <nil>}": {"Key":"from","Type":15,"Integer":0,"String":"c","Interface":null}}
2025-08-15T22:13:46.977-0500	DEBUG	protocol/handler.go:1649	have all messages and processed	{"{round 20 3  <nil>}": {"Key":"self","Type":15,"Integer":0,"String":"a","Interface":null}}
2025-08-15T22:13:46.977-0500	DEBUG	protocol/handler.go:596	round already finalized
2025-08-15T22:13:46.981-0500	DEBUG	protocol/handler.go:581	tryAdvanceRound called	{"{current_round 20 3  <nil>}": {"Key":"self","Type":15,"Integer":0,"String":"b","Interface":null}}
2025-08-15T22:13:46.981-0500	DEBUG	protocol/handler.go:581	tryAdvanceRound called	{"{current_round 20 3  <nil>}": {"Key":"self","Type":15,"Integer":0,"String":"c","Interface":null}}
2025-08-15T22:13:46.981-0500	DEBUG	protocol/handler.go:1591	have processed broadcast	{"{round 20 3  <nil>}": {"Key":"from","Type":15,"Integer":0,"String":"a","Interface":null}}
2025-08-15T22:13:46.981-0500	DEBUG	protocol/handler.go:1591	have processed broadcast	{"{round 20 3  <nil>}": {"Key":"from","Type":15,"Integer":0,"String":"a","Interface":null}}
2025-08-15T22:13:46.981-0500	DEBUG	protocol/handler.go:1591	have processed broadcast	{"{round 20 3  <nil>}": {"Key":"from","Type":15,"Integer":0,"String":"c","Interface":null}}
2025-08-15T22:13:46.981-0500	DEBUG	protocol/handler.go:1591	have processed broadcast	{"{round 20 3  <nil>}": {"Key":"from","Type":15,"Integer":0,"String":"b","Interface":null}}
2025-08-15T22:13:46.981-0500	DEBUG	protocol/handler.go:1649	have all messages and processed	{"{round 20 3  <nil>}": {"Key":"self","Type":15,"Integer":0,"String":"b","Interface":null}}
2025-08-15T22:13:46.981-0500	DEBUG	protocol/handler.go:1649	have all messages and processed	{"{round 20 3  <nil>}": {"Key":"self","Type":15,"Integer":0,"String":"c","Interface":null}}
2025-08-15T22:13:46.981-0500	DEBUG	protocol/handler.go:596	round already finalized
2025-08-15T22:13:46.981-0500	DEBUG	protocol/handler.go:596	round already finalized
2025-08-15T22:13:46.986-0500	DEBUG	protocol/handler.go:581	tryAdvanceRound called	{"{current_round 20 3  <nil>}": {"Key":"self","Type":15,"Integer":0,"String":"a","Interface":null}}
2025-08-15T22:13:46.987-0500	DEBUG	protocol/handler.go:1591	have processed broadcast	{"{round 20 3  <nil>}": {"Key":"from","Type":15,"Integer":0,"String":"b","Interface":null}}
2025-08-15T22:13:46.987-0500	DEBUG	protocol/handler.go:1591	have processed broadcast	{"{round 20 3  <nil>}": {"Key":"from","Type":15,"Integer":0,"String":"c","Interface":null}}
2025-08-15T22:13:46.987-0500	DEBUG	protocol/handler.go:1649	have all messages and processed	{"{round 20 3  <nil>}": {"Key":"self","Type":15,"Integer":0,"String":"a","Interface":null}}
2025-08-15T22:13:46.987-0500	DEBUG	protocol/handler.go:596	round already finalized
2025-08-15T22:13:46.991-0500	DEBUG	protocol/handler.go:581	tryAdvanceRound called	{"{current_round 20 3  <nil>}": {"Key":"self","Type":15,"Integer":0,"String":"b","Interface":null}}
2025-08-15T22:13:46.991-0500	DEBUG	protocol/handler.go:581	tryAdvanceRound called	{"{current_round 20 3  <nil>}": {"Key":"self","Type":15,"Integer":0,"String":"c","Interface":null}}
2025-08-15T22:13:46.991-0500	DEBUG	protocol/handler.go:1591	have processed broadcast	{"{round 20 3  <nil>}": {"Key":"from","Type":15,"Integer":0,"String":"a","Interface":null}}
2025-08-15T22:13:46.991-0500	DEBUG	protocol/handler.go:1591	have processed broadcast	{"{round 20 3  <nil>}": {"Key":"from","Type":15,"Integer":0,"String":"a","Interface":null}}
2025-08-15T22:13:46.991-0500	DEBUG	protocol/handler.go:1591	have processed broadcast	{"{round 20 3  <nil>}": {"Key":"from","Type":15,"Integer":0,"String":"c","Interface":null}}
2025-08-15T22:13:46.991-0500	DEBUG	protocol/handler.go:1591	have processed broadcast	{"{round 20 3  <nil>}": {"Key":"from","Type":15,"Integer":0,"String":"b","Interface":null}}
2025-08-15T22:13:46.991-0500	DEBUG	protocol/handler.go:1649	have all messages and processed	{"{round 20 3  <nil>}": {"Key":"self","Type":15,"Integer":0,"String":"b","Interface":null}}
2025-08-15T22:13:46.991-0500	DEBUG	protocol/handler.go:1649	have all messages and processed	{"{round 20 3  <nil>}": {"Key":"self","Type":15,"Integer":0,"String":"c","Interface":null}}
2025-08-15T22:13:46.991-0500	DEBUG	protocol/handler.go:596	round already finalized
2025-08-15T22:13:46.991-0500	DEBUG	protocol/handler.go:596	round already finalized
2025-08-15T22:13:46.997-0500	DEBUG	protocol/handler.go:581	tryAdvanceRound called	{"{current_round 20 3  <nil>}": {"Key":"self","Type":15,"Integer":0,"String":"a","Interface":null}}
2025-08-15T22:13:46.997-0500	DEBUG	protocol/handler.go:1591	have processed broadcast	{"{round 20 3  <nil>}": {"Key":"from","Type":15,"Integer":0,"String":"b","Interface":null}}
2025-08-15T22:13:46.997-0500	DEBUG	protocol/handler.go:1591	have processed broadcast	{"{round 20 3  <nil>}": {"Key":"from","Type":15,"Integer":0,"String":"c","Interface":null}}
2025-08-15T22:13:46.997-0500	DEBUG	protocol/handler.go:1649	have all messages and processed	{"{round 20 3  <nil>}": {"Key":"self","Type":15,"Integer":0,"String":"a","Interface":null}}
2025-08-15T22:13:46.997-0500	DEBUG	protocol/handler.go:596	round already finalized
2025-08-15T22:13:47.001-0500	DEBUG	protocol/handler.go:581	tryAdvanceRound called	{"{current_round 20 3  <nil>}": {"Key":"self","Type":15,"Integer":0,"String":"b","Interface":null}}
2025-08-15T22:13:47.001-0500	DEBUG	protocol/handler.go:581	tryAdvanceRound called	{"{current_round 20 3  <nil>}": {"Key":"self","Type":15,"Integer":0,"String":"c","Interface":null}}
2025-08-15T22:13:47.001-0500	DEBUG	protocol/handler.go:1591	have processed broadcast	{"{round 20 3  <nil>}": {"Key":"from","Type":15,"Integer":0,"String":"a","Interface":null}}
2025-08-15T22:13:47.001-0500	DEBUG	protocol/handler.go:1591	have processed broadcast	{"{round 20 3  <nil>}": {"Key":"from","Type":15,"Integer":0,"String":"a","Interface":null}}
2025-08-15T22:13:47.001-0500	DEBUG	protocol/handler.go:1591	have processed broadcast	{"{round 20 3  <nil>}": {"Key":"from","Type":15,"Integer":0,"String":"c","Interface":null}}
2025-08-15T22:13:47.001-0500	DEBUG	protocol/handler.go:1591	have processed broadcast	{"{round 20 3  <nil>}": {"Key":"from","Type":15,"Integer":0,"String":"b","Interface":null}}
2025-08-15T22:13:47.001-0500	DEBUG	protocol/handler.go:1649	have all messages and processed	{"{round 20 3  <nil>}": {"Key":"self","Type":15,"Integer":0,"String":"b","Interface":null}}
2025-08-15T22:13:47.001-0500	DEBUG	protocol/handler.go:596	round already finalized
2025-08-15T22:13:47.001-0500	DEBUG	protocol/handler.go:1649	have all messages and processed	{"{round 20 3  <nil>}": {"Key":"self","Type":15,"Integer":0,"String":"c","Interface":null}}
2025-08-15T22:13:47.001-0500	DEBUG	protocol/handler.go:596	round already finalized
2025-08-15T22:13:47.007-0500	DEBUG	protocol/handler.go:581	tryAdvanceRound called	{"{current_round 20 3  <nil>}": {"Key":"self","Type":15,"Integer":0,"String":"a","Interface":null}}
2025-08-15T22:13:47.007-0500	DEBUG	protocol/handler.go:1591	have processed broadcast	{"{round 20 3  <nil>}": {"Key":"from","Type":15,"Integer":0,"String":"b","Interface":null}}
2025-08-15T22:13:47.007-0500	DEBUG	protocol/handler.go:1591	have processed broadcast	{"{round 20 3  <nil>}": {"Key":"from","Type":15,"Integer":0,"String":"c","Interface":null}}
2025-08-15T22:13:47.007-0500	DEBUG	protocol/handler.go:1649	have all messages and processed	{"{round 20 3  <nil>}": {"Key":"self","Type":15,"Integer":0,"String":"a","Interface":null}}
2025-08-15T22:13:47.007-0500	DEBUG	protocol/handler.go:596	round already finalized
2025-08-15T22:13:47.011-0500	DEBUG	protocol/handler.go:581	tryAdvanceRound called	{"{current_round 20 3  <nil>}": {"Key":"self","Type":15,"Integer":0,"String":"b","Interface":null}}
2025-08-15T22:13:47.011-0500	DEBUG	protocol/handler.go:581	tryAdvanceRound called	{"{current_round 20 3  <nil>}": {"Key":"self","Type":15,"Integer":0,"String":"c","Interface":null}}
2025-08-15T22:13:47.011-0500	DEBUG	protocol/handler.go:1591	have processed broadcast	{"{round 20 3  <nil>}": {"Key":"from","Type":15,"Integer":0,"String":"a","Interface":null}}
2025-08-15T22:13:47.011-0500	DEBUG	protocol/handler.go:1591	have processed broadcast	{"{round 20 3  <nil>}": {"Key":"from","Type":15,"Integer":0,"String":"a","Interface":null}}
2025-08-15T22:13:47.011-0500	DEBUG	protocol/handler.go:1591	have processed broadcast	{"{round 20 3  <nil>}": {"Key":"from","Type":15,"Integer":0,"String":"c","Interface":null}}
2025-08-15T22:13:47.011-0500	DEBUG	protocol/handler.go:1591	have processed broadcast	{"{round 20 3  <nil>}": {"Key":"from","Type":15,"Integer":0,"String":"b","Interface":null}}
2025-08-15T22:13:47.011-0500	DEBUG	protocol/handler.go:1649	have all messages and processed	{"{round 20 3  <nil>}": {"Key":"self","Type":15,"Integer":0,"String":"b","Interface":null}}
2025-08-15T22:13:47.011-0500	DEBUG	protocol/handler.go:1649	have all messages and processed	{"{round 20 3  <nil>}": {"Key":"self","Type":15,"Integer":0,"String":"c","Interface":null}}
2025-08-15T22:13:47.011-0500	DEBUG	protocol/handler.go:596	round already finalized
2025-08-15T22:13:47.011-0500	DEBUG	protocol/handler.go:596	round already finalized
2025-08-15T22:13:47.017-0500	DEBUG	protocol/handler.go:581	tryAdvanceRound called	{"{current_round 20 3  <nil>}": {"Key":"self","Type":15,"Integer":0,"String":"a","Interface":null}}
2025-08-15T22:13:47.017-0500	DEBUG	protocol/handler.go:1591	have processed broadcast	{"{round 20 3  <nil>}": {"Key":"from","Type":15,"Integer":0,"String":"b","Interface":null}}
2025-08-15T22:13:47.017-0500	DEBUG	protocol/handler.go:1591	have processed broadcast	{"{round 20 3  <nil>}": {"Key":"from","Type":15,"Integer":0,"String":"c","Interface":null}}
2025-08-15T22:13:47.017-0500	DEBUG	protocol/handler.go:1649	have all messages and processed	{"{round 20 3  <nil>}": {"Key":"self","Type":15,"Integer":0,"String":"a","Interface":null}}
2025-08-15T22:13:47.017-0500	DEBUG	protocol/handler.go:596	round already finalized
2025-08-15T22:13:47.021-0500	DEBUG	protocol/handler.go:581	tryAdvanceRound called	{"{current_round 20 3  <nil>}": {"Key":"self","Type":15,"Integer":0,"String":"c","Interface":null}}
2025-08-15T22:13:47.021-0500	DEBUG	protocol/handler.go:581	tryAdvanceRound called	{"{current_round 20 3  <nil>}": {"Key":"self","Type":15,"Integer":0,"String":"b","Interface":null}}
2025-08-15T22:13:47.021-0500	DEBUG	protocol/handler.go:1591	have processed broadcast	{"{round 20 3  <nil>}": {"Key":"from","Type":15,"Integer":0,"String":"a","Interface":null}}
2025-08-15T22:13:47.021-0500	DEBUG	protocol/handler.go:1591	have processed broadcast	{"{round 20 3  <nil>}": {"Key":"from","Type":15,"Integer":0,"String":"a","Interface":null}}
2025-08-15T22:13:47.021-0500	DEBUG	protocol/handler.go:1591	have processed broadcast	{"{round 20 3  <nil>}": {"Key":"from","Type":15,"Integer":0,"String":"b","Interface":null}}
2025-08-15T22:13:47.021-0500	DEBUG	protocol/handler.go:1591	have processed broadcast	{"{round 20 3  <nil>}": {"Key":"from","Type":15,"Integer":0,"String":"c","Interface":null}}
2025-08-15T22:13:47.021-0500	DEBUG	protocol/handler.go:1649	have all messages and processed	{"{round 20 3  <nil>}": {"Key":"self","Type":15,"Integer":0,"String":"c","Interface":null}}
2025-08-15T22:13:47.021-0500	DEBUG	protocol/handler.go:596	round already finalized
2025-08-15T22:13:47.021-0500	DEBUG	protocol/handler.go:1649	have all messages and processed	{"{round 20 3  <nil>}": {"Key":"self","Type":15,"Integer":0,"String":"b","Interface":null}}
2025-08-15T22:13:47.021-0500	DEBUG	protocol/handler.go:596	round already finalized
2025-08-15T22:13:47.027-0500	DEBUG	protocol/handler.go:581	tryAdvanceRound called	{"{current_round 20 3  <nil>}": {"Key":"self","Type":15,"Integer":0,"String":"a","Interface":null}}
2025-08-15T22:13:47.027-0500	DEBUG	protocol/handler.go:1591	have processed broadcast	{"{round 20 3  <nil>}": {"Key":"from","Type":15,"Integer":0,"String":"b","Interface":null}}
2025-08-15T22:13:47.027-0500	DEBUG	protocol/handler.go:1591	have processed broadcast	{"{round 20 3  <nil>}": {"Key":"from","Type":15,"Integer":0,"String":"c","Interface":null}}
2025-08-15T22:13:47.027-0500	DEBUG	protocol/handler.go:1649	have all messages and processed	{"{round 20 3  <nil>}": {"Key":"self","Type":15,"Integer":0,"String":"a","Interface":null}}
2025-08-15T22:13:47.027-0500	DEBUG	protocol/handler.go:596	round already finalized
2025-08-15T22:13:47.031-0500	DEBUG	protocol/handler.go:581	tryAdvanceRound called	{"{current_round 20 3  <nil>}": {"Key":"self","Type":15,"Integer":0,"String":"b","Interface":null}}
2025-08-15T22:13:47.031-0500	DEBUG	protocol/handler.go:1591	have processed broadcast	{"{round 20 3  <nil>}": {"Key":"from","Type":15,"Integer":0,"String":"a","Interface":null}}
2025-08-15T22:13:47.031-0500	DEBUG	protocol/handler.go:1591	have processed broadcast	{"{round 20 3  <nil>}": {"Key":"from","Type":15,"Integer":0,"String":"c","Interface":null}}
2025-08-15T22:13:47.031-0500	DEBUG	protocol/handler.go:1649	have all messages and processed	{"{round 20 3  <nil>}": {"Key":"self","Type":15,"Integer":0,"String":"b","Interface":null}}
2025-08-15T22:13:47.031-0500	DEBUG	protocol/handler.go:596	round already finalized
2025-08-15T22:13:47.031-0500	DEBUG	protocol/handler.go:581	tryAdvanceRound called	{"{current_round 20 3  <nil>}": {"Key":"self","Type":15,"Integer":0,"String":"c","Interface":null}}
2025-08-15T22:13:47.031-0500	DEBUG	protocol/handler.go:1591	have processed broadcast	{"{round 20 3  <nil>}": {"Key":"from","Type":15,"Integer":0,"String":"a","Interface":null}}
2025-08-15T22:13:47.031-0500	DEBUG	protocol/handler.go:1591	have processed broadcast	{"{round 20 3  <nil>}": {"Key":"from","Type":15,"Integer":0,"String":"b","Interface":null}}
2025-08-15T22:13:47.031-0500	DEBUG	protocol/handler.go:1649	have all messages and processed	{"{round 20 3  <nil>}": {"Key":"self","Type":15,"Integer":0,"String":"c","Interface":null}}
2025-08-15T22:13:47.031-0500	DEBUG	protocol/handler.go:596	round already finalized
2025-08-15T22:13:47.037-0500	DEBUG	protocol/handler.go:581	tryAdvanceRound called	{"{current_round 20 3  <nil>}": {"Key":"self","Type":15,"Integer":0,"String":"a","Interface":null}}
2025-08-15T22:13:47.037-0500	DEBUG	protocol/handler.go:1591	have processed broadcast	{"{round 20 3  <nil>}": {"Key":"from","Type":15,"Integer":0,"String":"b","Interface":null}}
2025-08-15T22:13:47.037-0500	DEBUG	protocol/handler.go:1591	have processed broadcast	{"{round 20 3  <nil>}": {"Key":"from","Type":15,"Integer":0,"String":"c","Interface":null}}
2025-08-15T22:13:47.037-0500	DEBUG	protocol/handler.go:1649	have all messages and processed	{"{round 20 3  <nil>}": {"Key":"self","Type":15,"Integer":0,"String":"a","Interface":null}}
2025-08-15T22:13:47.037-0500	DEBUG	protocol/handler.go:596	round already finalized
2025-08-15T22:13:47.041-0500	DEBUG	protocol/handler.go:581	tryAdvanceRound called	{"{current_round 20 3  <nil>}": {"Key":"self","Type":15,"Integer":0,"String":"b","Interface":null}}
2025-08-15T22:13:47.041-0500	DEBUG	protocol/handler.go:581	tryAdvanceRound called	{"{current_round 20 3  <nil>}": {"Key":"self","Type":15,"Integer":0,"String":"c","Interface":null}}
2025-08-15T22:13:47.041-0500	DEBUG	protocol/handler.go:1591	have processed broadcast	{"{round 20 3  <nil>}": {"Key":"from","Type":15,"Integer":0,"String":"a","Interface":null}}
2025-08-15T22:13:47.041-0500	DEBUG	protocol/handler.go:1591	have processed broadcast	{"{round 20 3  <nil>}": {"Key":"from","Type":15,"Integer":0,"String":"a","Interface":null}}
2025-08-15T22:13:47.041-0500	DEBUG	protocol/handler.go:1591	have processed broadcast	{"{round 20 3  <nil>}": {"Key":"from","Type":15,"Integer":0,"String":"c","Interface":null}}
2025-08-15T22:13:47.041-0500	DEBUG	protocol/handler.go:1591	have processed broadcast	{"{round 20 3  <nil>}": {"Key":"from","Type":15,"Integer":0,"String":"b","Interface":null}}
2025-08-15T22:13:47.041-0500	DEBUG	protocol/handler.go:1649	have all messages and processed	{"{round 20 3  <nil>}": {"Key":"self","Type":15,"Integer":0,"String":"b","Interface":null}}
2025-08-15T22:13:47.041-0500	DEBUG	protocol/handler.go:1649	have all messages and processed	{"{round 20 3  <nil>}": {"Key":"self","Type":15,"Integer":0,"String":"c","Interface":null}}
2025-08-15T22:13:47.041-0500	DEBUG	protocol/handler.go:596	round already finalized
2025-08-15T22:13:47.041-0500	DEBUG	protocol/handler.go:596	round already finalized
2025-08-15T22:13:47.047-0500	DEBUG	protocol/handler.go:581	tryAdvanceRound called	{"{current_round 20 3  <nil>}": {"Key":"self","Type":15,"Integer":0,"String":"a","Interface":null}}
2025-08-15T22:13:47.047-0500	DEBUG	protocol/handler.go:1591	have processed broadcast	{"{round 20 3  <nil>}": {"Key":"from","Type":15,"Integer":0,"String":"b","Interface":null}}
2025-08-15T22:13:47.047-0500	DEBUG	protocol/handler.go:1591	have processed broadcast	{"{round 20 3  <nil>}": {"Key":"from","Type":15,"Integer":0,"String":"c","Interface":null}}
2025-08-15T22:13:47.047-0500	DEBUG	protocol/handler.go:1649	have all messages and processed	{"{round 20 3  <nil>}": {"Key":"self","Type":15,"Integer":0,"String":"a","Interface":null}}
2025-08-15T22:13:47.047-0500	DEBUG	protocol/handler.go:596	round already finalized
2025-08-15T22:13:47.051-0500	DEBUG	protocol/handler.go:581	tryAdvanceRound called	{"{current_round 20 3  <nil>}": {"Key":"self","Type":15,"Integer":0,"String":"b","Interface":null}}
2025-08-15T22:13:47.051-0500	DEBUG	protocol/handler.go:581	tryAdvanceRound called	{"{current_round 20 3  <nil>}": {"Key":"self","Type":15,"Integer":0,"String":"c","Interface":null}}
2025-08-15T22:13:47.051-0500	DEBUG	protocol/handler.go:1591	have processed broadcast	{"{round 20 3  <nil>}": {"Key":"from","Type":15,"Integer":0,"String":"a","Interface":null}}
2025-08-15T22:13:47.051-0500	DEBUG	protocol/handler.go:1591	have processed broadcast	{"{round 20 3  <nil>}": {"Key":"from","Type":15,"Integer":0,"String":"a","Interface":null}}
2025-08-15T22:13:47.051-0500	DEBUG	protocol/handler.go:1591	have processed broadcast	{"{round 20 3  <nil>}": {"Key":"from","Type":15,"Integer":0,"String":"c","Interface":null}}
2025-08-15T22:13:47.051-0500	DEBUG	protocol/handler.go:1591	have processed broadcast	{"{round 20 3  <nil>}": {"Key":"from","Type":15,"Integer":0,"String":"b","Interface":null}}
2025-08-15T22:13:47.051-0500	DEBUG	protocol/handler.go:1649	have all messages and processed	{"{round 20 3  <nil>}": {"Key":"self","Type":15,"Integer":0,"String":"b","Interface":null}}
2025-08-15T22:13:47.051-0500	DEBUG	protocol/handler.go:1649	have all messages and processed	{"{round 20 3  <nil>}": {"Key":"self","Type":15,"Integer":0,"String":"c","Interface":null}}
2025-08-15T22:13:47.051-0500	DEBUG	protocol/handler.go:596	round already finalized
2025-08-15T22:13:47.051-0500	DEBUG	protocol/handler.go:596	round already finalized
2025-08-15T22:13:47.057-0500	DEBUG	protocol/handler.go:581	tryAdvanceRound called	{"{current_round 20 3  <nil>}": {"Key":"self","Type":15,"Integer":0,"String":"a","Interface":null}}
2025-08-15T22:13:47.057-0500	DEBUG	protocol/handler.go:1591	have processed broadcast	{"{round 20 3  <nil>}": {"Key":"from","Type":15,"Integer":0,"String":"b","Interface":null}}
2025-08-15T22:13:47.057-0500	DEBUG	protocol/handler.go:1591	have processed broadcast	{"{round 20 3  <nil>}": {"Key":"from","Type":15,"Integer":0,"String":"c","Interface":null}}
2025-08-15T22:13:47.057-0500	DEBUG	protocol/handler.go:1649	have all messages and processed	{"{round 20 3  <nil>}": {"Key":"self","Type":15,"Integer":0,"String":"a","Interface":null}}
2025-08-15T22:13:47.057-0500	DEBUG	protocol/handler.go:596	round already finalized
2025-08-15T22:13:47.061-0500	DEBUG	protocol/handler.go:581	tryAdvanceRound called	{"{current_round 20 3  <nil>}": {"Key":"self","Type":15,"Integer":0,"String":"b","Interface":null}}
2025-08-15T22:13:47.061-0500	DEBUG	protocol/handler.go:581	tryAdvanceRound called	{"{current_round 20 3  <nil>}": {"Key":"self","Type":15,"Integer":0,"String":"c","Interface":null}}
2025-08-15T22:13:47.061-0500	DEBUG	protocol/handler.go:1591	have processed broadcast	{"{round 20 3  <nil>}": {"Key":"from","Type":15,"Integer":0,"String":"a","Interface":null}}
2025-08-15T22:13:47.061-0500	DEBUG	protocol/handler.go:1591	have processed broadcast	{"{round 20 3  <nil>}": {"Key":"from","Type":15,"Integer":0,"String":"a","Interface":null}}
2025-08-15T22:13:47.061-0500	DEBUG	protocol/handler.go:1591	have processed broadcast	{"{round 20 3  <nil>}": {"Key":"from","Type":15,"Integer":0,"String":"b","Interface":null}}
2025-08-15T22:13:47.061-0500	DEBUG	protocol/handler.go:1591	have processed broadcast	{"{round 20 3  <nil>}": {"Key":"from","Type":15,"Integer":0,"String":"c","Interface":null}}
2025-08-15T22:13:47.061-0500	DEBUG	protocol/handler.go:1649	have all messages and processed	{"{round 20 3  <nil>}": {"Key":"self","Type":15,"Integer":0,"String":"c","Interface":null}}
2025-08-15T22:13:47.061-0500	DEBUG	protocol/handler.go:1649	have all messages and processed	{"{round 20 3  <nil>}": {"Key":"self","Type":15,"Integer":0,"String":"b","Interface":null}}
2025-08-15T22:13:47.061-0500	DEBUG	protocol/handler.go:596	round already finalized
2025-08-15T22:13:47.061-0500	DEBUG	protocol/handler.go:596	round already finalized
2025-08-15T22:13:47.067-0500	DEBUG	protocol/handler.go:581	tryAdvanceRound called	{"{current_round 20 3  <nil>}": {"Key":"self","Type":15,"Integer":0,"String":"a","Interface":null}}
2025-08-15T22:13:47.067-0500	DEBUG	protocol/handler.go:1591	have processed broadcast	{"{round 20 3  <nil>}": {"Key":"from","Type":15,"Integer":0,"String":"b","Interface":null}}
2025-08-15T22:13:47.067-0500	DEBUG	protocol/handler.go:1591	have processed broadcast	{"{round 20 3  <nil>}": {"Key":"from","Type":15,"Integer":0,"String":"c","Interface":null}}
2025-08-15T22:13:47.067-0500	DEBUG	protocol/handler.go:1649	have all messages and processed	{"{round 20 3  <nil>}": {"Key":"self","Type":15,"Integer":0,"String":"a","Interface":null}}
2025-08-15T22:13:47.067-0500	DEBUG	protocol/handler.go:596	round already finalized
2025-08-15T22:13:47.071-0500	DEBUG	protocol/handler.go:581	tryAdvanceRound called	{"{current_round 20 3  <nil>}": {"Key":"self","Type":15,"Integer":0,"String":"b","Interface":null}}
2025-08-15T22:13:47.071-0500	DEBUG	protocol/handler.go:581	tryAdvanceRound called	{"{current_round 20 3  <nil>}": {"Key":"self","Type":15,"Integer":0,"String":"c","Interface":null}}
2025-08-15T22:13:47.071-0500	DEBUG	protocol/handler.go:1591	have processed broadcast	{"{round 20 3  <nil>}": {"Key":"from","Type":15,"Integer":0,"String":"a","Interface":null}}
2025-08-15T22:13:47.071-0500	DEBUG	protocol/handler.go:1591	have processed broadcast	{"{round 20 3  <nil>}": {"Key":"from","Type":15,"Integer":0,"String":"a","Interface":null}}
2025-08-15T22:13:47.071-0500	DEBUG	protocol/handler.go:1591	have processed broadcast	{"{round 20 3  <nil>}": {"Key":"from","Type":15,"Integer":0,"String":"c","Interface":null}}
2025-08-15T22:13:47.071-0500	DEBUG	protocol/handler.go:1591	have processed broadcast	{"{round 20 3  <nil>}": {"Key":"from","Type":15,"Integer":0,"String":"b","Interface":null}}
2025-08-15T22:13:47.071-0500	DEBUG	protocol/handler.go:1649	have all messages and processed	{"{round 20 3  <nil>}": {"Key":"self","Type":15,"Integer":0,"String":"b","Interface":null}}
2025-08-15T22:13:47.071-0500	DEBUG	protocol/handler.go:1649	have all messages and processed	{"{round 20 3  <nil>}": {"Key":"self","Type":15,"Integer":0,"String":"c","Interface":null}}
2025-08-15T22:13:47.071-0500	DEBUG	protocol/handler.go:596	round already finalized
2025-08-15T22:13:47.071-0500	DEBUG	protocol/handler.go:596	round already finalized
2025-08-15T22:13:47.077-0500	DEBUG	protocol/handler.go:581	tryAdvanceRound called	{"{current_round 20 3  <nil>}": {"Key":"self","Type":15,"Integer":0,"String":"a","Interface":null}}
2025-08-15T22:13:47.077-0500	DEBUG	protocol/handler.go:1591	have processed broadcast	{"{round 20 3  <nil>}": {"Key":"from","Type":15,"Integer":0,"String":"b","Interface":null}}
2025-08-15T22:13:47.077-0500	DEBUG	protocol/handler.go:1591	have processed broadcast	{"{round 20 3  <nil>}": {"Key":"from","Type":15,"Integer":0,"String":"c","Interface":null}}
2025-08-15T22:13:47.077-0500	DEBUG	protocol/handler.go:1649	have all messages and processed	{"{round 20 3  <nil>}": {"Key":"self","Type":15,"Integer":0,"String":"a","Interface":null}}
2025-08-15T22:13:47.077-0500	DEBUG	protocol/handler.go:596	round already finalized
2025-08-15T22:13:47.081-0500	DEBUG	protocol/handler.go:581	tryAdvanceRound called	{"{current_round 20 3  <nil>}": {"Key":"self","Type":15,"Integer":0,"String":"b","Interface":null}}
2025-08-15T22:13:47.081-0500	DEBUG	protocol/handler.go:581	tryAdvanceRound called	{"{current_round 20 3  <nil>}": {"Key":"self","Type":15,"Integer":0,"String":"c","Interface":null}}
2025-08-15T22:13:47.081-0500	DEBUG	protocol/handler.go:1591	have processed broadcast	{"{round 20 3  <nil>}": {"Key":"from","Type":15,"Integer":0,"String":"a","Interface":null}}
2025-08-15T22:13:47.081-0500	DEBUG	protocol/handler.go:1591	have processed broadcast	{"{round 20 3  <nil>}": {"Key":"from","Type":15,"Integer":0,"String":"a","Interface":null}}
2025-08-15T22:13:47.081-0500	DEBUG	protocol/handler.go:1591	have processed broadcast	{"{round 20 3  <nil>}": {"Key":"from","Type":15,"Integer":0,"String":"c","Interface":null}}
2025-08-15T22:13:47.081-0500	DEBUG	protocol/handler.go:1591	have processed broadcast	{"{round 20 3  <nil>}": {"Key":"from","Type":15,"Integer":0,"String":"b","Interface":null}}
2025-08-15T22:13:47.081-0500	DEBUG	protocol/handler.go:1649	have all messages and processed	{"{round 20 3  <nil>}": {"Key":"self","Type":15,"Integer":0,"String":"b","Interface":null}}
2025-08-15T22:13:47.081-0500	DEBUG	protocol/handler.go:596	round already finalized
2025-08-15T22:13:47.081-0500	DEBUG	protocol/handler.go:1649	have all messages and processed	{"{round 20 3  <nil>}": {"Key":"self","Type":15,"Integer":0,"String":"c","Interface":null}}
2025-08-15T22:13:47.081-0500	DEBUG	protocol/handler.go:596	round already finalized
2025-08-15T22:13:47.087-0500	DEBUG	protocol/handler.go:581	tryAdvanceRound called	{"{current_round 20 3  <nil>}": {"Key":"self","Type":15,"Integer":0,"String":"a","Interface":null}}
2025-08-15T22:13:47.087-0500	DEBUG	protocol/handler.go:1591	have processed broadcast	{"{round 20 3  <nil>}": {"Key":"from","Type":15,"Integer":0,"String":"b","Interface":null}}
2025-08-15T22:13:47.087-0500	DEBUG	protocol/handler.go:1591	have processed broadcast	{"{round 20 3  <nil>}": {"Key":"from","Type":15,"Integer":0,"String":"c","Interface":null}}
2025-08-15T22:13:47.087-0500	DEBUG	protocol/handler.go:1649	have all messages and processed	{"{round 20 3  <nil>}": {"Key":"self","Type":15,"Integer":0,"String":"a","Interface":null}}
2025-08-15T22:13:47.087-0500	DEBUG	protocol/handler.go:596	round already finalized
2025-08-15T22:13:47.091-0500	DEBUG	protocol/handler.go:581	tryAdvanceRound called	{"{current_round 20 3  <nil>}": {"Key":"self","Type":15,"Integer":0,"String":"b","Interface":null}}
2025-08-15T22:13:47.091-0500	DEBUG	protocol/handler.go:581	tryAdvanceRound called	{"{current_round 20 3  <nil>}": {"Key":"self","Type":15,"Integer":0,"String":"c","Interface":null}}
2025-08-15T22:13:47.091-0500	DEBUG	protocol/handler.go:1591	have processed broadcast	{"{round 20 3  <nil>}": {"Key":"from","Type":15,"Integer":0,"String":"a","Interface":null}}
2025-08-15T22:13:47.091-0500	DEBUG	protocol/handler.go:1591	have processed broadcast	{"{round 20 3  <nil>}": {"Key":"from","Type":15,"Integer":0,"String":"a","Interface":null}}
2025-08-15T22:13:47.091-0500	DEBUG	protocol/handler.go:1591	have processed broadcast	{"{round 20 3  <nil>}": {"Key":"from","Type":15,"Integer":0,"String":"c","Interface":null}}
2025-08-15T22:13:47.091-0500	DEBUG	protocol/handler.go:1591	have processed broadcast	{"{round 20 3  <nil>}": {"Key":"from","Type":15,"Integer":0,"String":"b","Interface":null}}
2025-08-15T22:13:47.091-0500	DEBUG	protocol/handler.go:1649	have all messages and processed	{"{round 20 3  <nil>}": {"Key":"self","Type":15,"Integer":0,"String":"b","Interface":null}}
2025-08-15T22:13:47.091-0500	DEBUG	protocol/handler.go:1649	have all messages and processed	{"{round 20 3  <nil>}": {"Key":"self","Type":15,"Integer":0,"String":"c","Interface":null}}
2025-08-15T22:13:47.091-0500	DEBUG	protocol/handler.go:596	round already finalized
2025-08-15T22:13:47.091-0500	DEBUG	protocol/handler.go:596	round already finalized
2025-08-15T22:13:47.097-0500	DEBUG	protocol/handler.go:581	tryAdvanceRound called	{"{current_round 20 3  <nil>}": {"Key":"self","Type":15,"Integer":0,"String":"a","Interface":null}}
2025-08-15T22:13:47.097-0500	DEBUG	protocol/handler.go:1591	have processed broadcast	{"{round 20 3  <nil>}": {"Key":"from","Type":15,"Integer":0,"String":"b","Interface":null}}
2025-08-15T22:13:47.097-0500	DEBUG	protocol/handler.go:1591	have processed broadcast	{"{round 20 3  <nil>}": {"Key":"from","Type":15,"Integer":0,"String":"c","Interface":null}}
2025-08-15T22:13:47.097-0500	DEBUG	protocol/handler.go:1649	have all messages and processed	{"{round 20 3  <nil>}": {"Key":"self","Type":15,"Integer":0,"String":"a","Interface":null}}
2025-08-15T22:13:47.097-0500	DEBUG	protocol/handler.go:596	round already finalized
2025-08-15T22:13:47.101-0500	DEBUG	protocol/handler.go:581	tryAdvanceRound called	{"{current_round 20 3  <nil>}": {"Key":"self","Type":15,"Integer":0,"String":"c","Interface":null}}
2025-08-15T22:13:47.101-0500	DEBUG	protocol/handler.go:581	tryAdvanceRound called	{"{current_round 20 3  <nil>}": {"Key":"self","Type":15,"Integer":0,"String":"b","Interface":null}}
2025-08-15T22:13:47.101-0500	DEBUG	protocol/handler.go:1591	have processed broadcast	{"{round 20 3  <nil>}": {"Key":"from","Type":15,"Integer":0,"String":"a","Interface":null}}
2025-08-15T22:13:47.101-0500	DEBUG	protocol/handler.go:1591	have processed broadcast	{"{round 20 3  <nil>}": {"Key":"from","Type":15,"Integer":0,"String":"a","Interface":null}}
2025-08-15T22:13:47.101-0500	DEBUG	protocol/handler.go:1591	have processed broadcast	{"{round 20 3  <nil>}": {"Key":"from","Type":15,"Integer":0,"String":"b","Interface":null}}
2025-08-15T22:13:47.101-0500	DEBUG	protocol/handler.go:1591	have processed broadcast	{"{round 20 3  <nil>}": {"Key":"from","Type":15,"Integer":0,"String":"c","Interface":null}}
2025-08-15T22:13:47.101-0500	DEBUG	protocol/handler.go:1649	have all messages and processed	{"{round 20 3  <nil>}": {"Key":"self","Type":15,"Integer":0,"String":"c","Interface":null}}
2025-08-15T22:13:47.101-0500	DEBUG	protocol/handler.go:1649	have all messages and processed	{"{round 20 3  <nil>}": {"Key":"self","Type":15,"Integer":0,"String":"b","Interface":null}}
2025-08-15T22:13:47.101-0500	DEBUG	protocol/handler.go:596	round already finalized
2025-08-15T22:13:47.101-0500	DEBUG	protocol/handler.go:596	round already finalized
2025-08-15T22:13:47.107-0500	DEBUG	protocol/handler.go:581	tryAdvanceRound called	{"{current_round 20 3  <nil>}": {"Key":"self","Type":15,"Integer":0,"String":"a","Interface":null}}
2025-08-15T22:13:47.107-0500	DEBUG	protocol/handler.go:1591	have processed broadcast	{"{round 20 3  <nil>}": {"Key":"from","Type":15,"Integer":0,"String":"b","Interface":null}}
2025-08-15T22:13:47.107-0500	DEBUG	protocol/handler.go:1591	have processed broadcast	{"{round 20 3  <nil>}": {"Key":"from","Type":15,"Integer":0,"String":"c","Interface":null}}
2025-08-15T22:13:47.107-0500	DEBUG	protocol/handler.go:1649	have all messages and processed	{"{round 20 3  <nil>}": {"Key":"self","Type":15,"Integer":0,"String":"a","Interface":null}}
2025-08-15T22:13:47.107-0500	DEBUG	protocol/handler.go:596	round already finalized
2025-08-15T22:13:47.111-0500	DEBUG	protocol/handler.go:581	tryAdvanceRound called	{"{current_round 20 3  <nil>}": {"Key":"self","Type":15,"Integer":0,"String":"c","Interface":null}}
2025-08-15T22:13:47.111-0500	DEBUG	protocol/handler.go:581	tryAdvanceRound called	{"{current_round 20 3  <nil>}": {"Key":"self","Type":15,"Integer":0,"String":"b","Interface":null}}
2025-08-15T22:13:47.111-0500	DEBUG	protocol/handler.go:1591	have processed broadcast	{"{round 20 3  <nil>}": {"Key":"from","Type":15,"Integer":0,"String":"a","Interface":null}}
2025-08-15T22:13:47.111-0500	DEBUG	protocol/handler.go:1591	have processed broadcast	{"{round 20 3  <nil>}": {"Key":"from","Type":15,"Integer":0,"String":"b","Interface":null}}
2025-08-15T22:13:47.111-0500	DEBUG	protocol/handler.go:1649	have all messages and processed	{"{round 20 3  <nil>}": {"Key":"self","Type":15,"Integer":0,"String":"c","Interface":null}}
2025-08-15T22:13:47.111-0500	DEBUG	protocol/handler.go:596	round already finalized
2025-08-15T22:13:47.111-0500	DEBUG	protocol/handler.go:1591	have processed broadcast	{"{round 20 3  <nil>}": {"Key":"from","Type":15,"Integer":0,"String":"a","Interface":null}}
2025-08-15T22:13:47.111-0500	DEBUG	protocol/handler.go:1591	have processed broadcast	{"{round 20 3  <nil>}": {"Key":"from","Type":15,"Integer":0,"String":"c","Interface":null}}
2025-08-15T22:13:47.112-0500	DEBUG	protocol/handler.go:1649	have all messages and processed	{"{round 20 3  <nil>}": {"Key":"self","Type":15,"Integer":0,"String":"b","Interface":null}}
2025-08-15T22:13:47.112-0500	DEBUG	protocol/handler.go:596	round already finalized
2025-08-15T22:13:47.117-0500	DEBUG	protocol/handler.go:581	tryAdvanceRound called	{"{current_round 20 3  <nil>}": {"Key":"self","Type":15,"Integer":0,"String":"a","Interface":null}}
2025-08-15T22:13:47.117-0500	DEBUG	protocol/handler.go:1591	have processed broadcast	{"{round 20 3  <nil>}": {"Key":"from","Type":15,"Integer":0,"String":"b","Interface":null}}
2025-08-15T22:13:47.117-0500	DEBUG	protocol/handler.go:1591	have processed broadcast	{"{round 20 3  <nil>}": {"Key":"from","Type":15,"Integer":0,"String":"c","Interface":null}}
2025-08-15T22:13:47.117-0500	DEBUG	protocol/handler.go:1649	have all messages and processed	{"{round 20 3  <nil>}": {"Key":"self","Type":15,"Integer":0,"String":"a","Interface":null}}
2025-08-15T22:13:47.117-0500	DEBUG	protocol/handler.go:596	round already finalized
2025-08-15T22:13:47.121-0500	DEBUG	protocol/handler.go:581	tryAdvanceRound called	{"{current_round 20 3  <nil>}": {"Key":"self","Type":15,"Integer":0,"String":"b","Interface":null}}
2025-08-15T22:13:47.121-0500	DEBUG	protocol/handler.go:581	tryAdvanceRound called	{"{current_round 20 3  <nil>}": {"Key":"self","Type":15,"Integer":0,"String":"c","Interface":null}}
2025-08-15T22:13:47.121-0500	DEBUG	protocol/handler.go:1591	have processed broadcast	{"{round 20 3  <nil>}": {"Key":"from","Type":15,"Integer":0,"String":"a","Interface":null}}
2025-08-15T22:13:47.121-0500	DEBUG	protocol/handler.go:1591	have processed broadcast	{"{round 20 3  <nil>}": {"Key":"from","Type":15,"Integer":0,"String":"a","Interface":null}}
2025-08-15T22:13:47.121-0500	DEBUG	protocol/handler.go:1591	have processed broadcast	{"{round 20 3  <nil>}": {"Key":"from","Type":15,"Integer":0,"String":"c","Interface":null}}
2025-08-15T22:13:47.121-0500	DEBUG	protocol/handler.go:1591	have processed broadcast	{"{round 20 3  <nil>}": {"Key":"from","Type":15,"Integer":0,"String":"b","Interface":null}}
2025-08-15T22:13:47.121-0500	DEBUG	protocol/handler.go:1649	have all messages and processed	{"{round 20 3  <nil>}": {"Key":"self","Type":15,"Integer":0,"String":"b","Interface":null}}
2025-08-15T22:13:47.121-0500	DEBUG	protocol/handler.go:596	round already finalized
2025-08-15T22:13:47.121-0500	DEBUG	protocol/handler.go:1649	have all messages and processed	{"{round 20 3  <nil>}": {"Key":"self","Type":15,"Integer":0,"String":"c","Interface":null}}
2025-08-15T22:13:47.121-0500	DEBUG	protocol/handler.go:596	round already finalized
2025-08-15T22:13:47.127-0500	DEBUG	protocol/handler.go:581	tryAdvanceRound called	{"{current_round 20 3  <nil>}": {"Key":"self","Type":15,"Integer":0,"String":"a","Interface":null}}
2025-08-15T22:13:47.127-0500	DEBUG	protocol/handler.go:1591	have processed broadcast	{"{round 20 3  <nil>}": {"Key":"from","Type":15,"Integer":0,"String":"b","Interface":null}}
2025-08-15T22:13:47.127-0500	DEBUG	protocol/handler.go:1591	have processed broadcast	{"{round 20 3  <nil>}": {"Key":"from","Type":15,"Integer":0,"String":"c","Interface":null}}
2025-08-15T22:13:47.127-0500	DEBUG	protocol/handler.go:1649	have all messages and processed	{"{round 20 3  <nil>}": {"Key":"self","Type":15,"Integer":0,"String":"a","Interface":null}}
2025-08-15T22:13:47.127-0500	DEBUG	protocol/handler.go:596	round already finalized
2025-08-15T22:13:47.131-0500	DEBUG	protocol/handler.go:581	tryAdvanceRound called	{"{current_round 20 3  <nil>}": {"Key":"self","Type":15,"Integer":0,"String":"b","Interface":null}}
2025-08-15T22:13:47.131-0500	DEBUG	protocol/handler.go:1591	have processed broadcast	{"{round 20 3  <nil>}": {"Key":"from","Type":15,"Integer":0,"String":"a","Interface":null}}
2025-08-15T22:13:47.131-0500	DEBUG	protocol/handler.go:1591	have processed broadcast	{"{round 20 3  <nil>}": {"Key":"from","Type":15,"Integer":0,"String":"c","Interface":null}}
2025-08-15T22:13:47.131-0500	DEBUG	protocol/handler.go:1649	have all messages and processed	{"{round 20 3  <nil>}": {"Key":"self","Type":15,"Integer":0,"String":"b","Interface":null}}
2025-08-15T22:13:47.131-0500	DEBUG	protocol/handler.go:596	round already finalized
2025-08-15T22:13:47.131-0500	DEBUG	protocol/handler.go:581	tryAdvanceRound called	{"{current_round 20 3  <nil>}": {"Key":"self","Type":15,"Integer":0,"String":"c","Interface":null}}
2025-08-15T22:13:47.131-0500	DEBUG	protocol/handler.go:1591	have processed broadcast	{"{round 20 3  <nil>}": {"Key":"from","Type":15,"Integer":0,"String":"a","Interface":null}}
2025-08-15T22:13:47.131-0500	DEBUG	protocol/handler.go:1591	have processed broadcast	{"{round 20 3  <nil>}": {"Key":"from","Type":15,"Integer":0,"String":"b","Interface":null}}
2025-08-15T22:13:47.131-0500	DEBUG	protocol/handler.go:1649	have all messages and processed	{"{round 20 3  <nil>}": {"Key":"self","Type":15,"Integer":0,"String":"c","Interface":null}}
2025-08-15T22:13:47.131-0500	DEBUG	protocol/handler.go:596	round already finalized
2025-08-15T22:13:47.137-0500	DEBUG	protocol/handler.go:581	tryAdvanceRound called	{"{current_round 20 3  <nil>}": {"Key":"self","Type":15,"Integer":0,"String":"a","Interface":null}}
2025-08-15T22:13:47.137-0500	DEBUG	protocol/handler.go:1591	have processed broadcast	{"{round 20 3  <nil>}": {"Key":"from","Type":15,"Integer":0,"String":"b","Interface":null}}
2025-08-15T22:13:47.137-0500	DEBUG	protocol/handler.go:1591	have processed broadcast	{"{round 20 3  <nil>}": {"Key":"from","Type":15,"Integer":0,"String":"c","Interface":null}}
2025-08-15T22:13:47.137-0500	DEBUG	protocol/handler.go:1649	have all messages and processed	{"{round 20 3  <nil>}": {"Key":"self","Type":15,"Integer":0,"String":"a","Interface":null}}
2025-08-15T22:13:47.137-0500	DEBUG	protocol/handler.go:596	round already finalized
2025-08-15T22:13:47.141-0500	DEBUG	protocol/handler.go:581	tryAdvanceRound called	{"{current_round 20 3  <nil>}": {"Key":"self","Type":15,"Integer":0,"String":"b","Interface":null}}
2025-08-15T22:13:47.141-0500	DEBUG	protocol/handler.go:1591	have processed broadcast	{"{round 20 3  <nil>}": {"Key":"from","Type":15,"Integer":0,"String":"a","Interface":null}}
2025-08-15T22:13:47.141-0500	DEBUG	protocol/handler.go:581	tryAdvanceRound called	{"{current_round 20 3  <nil>}": {"Key":"self","Type":15,"Integer":0,"String":"c","Interface":null}}
2025-08-15T22:13:47.141-0500	DEBUG	protocol/handler.go:1591	have processed broadcast	{"{round 20 3  <nil>}": {"Key":"from","Type":15,"Integer":0,"String":"c","Interface":null}}
2025-08-15T22:13:47.141-0500	DEBUG	protocol/handler.go:1591	have processed broadcast	{"{round 20 3  <nil>}": {"Key":"from","Type":15,"Integer":0,"String":"a","Interface":null}}
2025-08-15T22:13:47.141-0500	DEBUG	protocol/handler.go:1649	have all messages and processed	{"{round 20 3  <nil>}": {"Key":"self","Type":15,"Integer":0,"String":"b","Interface":null}}
2025-08-15T22:13:47.141-0500	DEBUG	protocol/handler.go:1591	have processed broadcast	{"{round 20 3  <nil>}": {"Key":"from","Type":15,"Integer":0,"String":"b","Interface":null}}
2025-08-15T22:13:47.141-0500	DEBUG	protocol/handler.go:596	round already finalized
2025-08-15T22:13:47.141-0500	DEBUG	protocol/handler.go:1649	have all messages and processed	{"{round 20 3  <nil>}": {"Key":"self","Type":15,"Integer":0,"String":"c","Interface":null}}
2025-08-15T22:13:47.141-0500	DEBUG	protocol/handler.go:596	round already finalized
2025-08-15T22:13:47.147-0500	DEBUG	protocol/handler.go:581	tryAdvanceRound called	{"{current_round 20 3  <nil>}": {"Key":"self","Type":15,"Integer":0,"String":"a","Interface":null}}
2025-08-15T22:13:47.147-0500	DEBUG	protocol/handler.go:1591	have processed broadcast	{"{round 20 3  <nil>}": {"Key":"from","Type":15,"Integer":0,"String":"b","Interface":null}}
2025-08-15T22:13:47.147-0500	DEBUG	protocol/handler.go:1591	have processed broadcast	{"{round 20 3  <nil>}": {"Key":"from","Type":15,"Integer":0,"String":"c","Interface":null}}
2025-08-15T22:13:47.147-0500	DEBUG	protocol/handler.go:1649	have all messages and processed	{"{round 20 3  <nil>}": {"Key":"self","Type":15,"Integer":0,"String":"a","Interface":null}}
2025-08-15T22:13:47.147-0500	DEBUG	protocol/handler.go:596	round already finalized
2025-08-15T22:13:47.151-0500	DEBUG	protocol/handler.go:581	tryAdvanceRound called	{"{current_round 20 3  <nil>}": {"Key":"self","Type":15,"Integer":0,"String":"b","Interface":null}}
2025-08-15T22:13:47.151-0500	DEBUG	protocol/handler.go:581	tryAdvanceRound called	{"{current_round 20 3  <nil>}": {"Key":"self","Type":15,"Integer":0,"String":"c","Interface":null}}
2025-08-15T22:13:47.151-0500	DEBUG	protocol/handler.go:1591	have processed broadcast	{"{round 20 3  <nil>}": {"Key":"from","Type":15,"Integer":0,"String":"a","Interface":null}}
2025-08-15T22:13:47.151-0500	DEBUG	protocol/handler.go:1591	have processed broadcast	{"{round 20 3  <nil>}": {"Key":"from","Type":15,"Integer":0,"String":"a","Interface":null}}
2025-08-15T22:13:47.151-0500	DEBUG	protocol/handler.go:1591	have processed broadcast	{"{round 20 3  <nil>}": {"Key":"from","Type":15,"Integer":0,"String":"c","Interface":null}}
2025-08-15T22:13:47.151-0500	DEBUG	protocol/handler.go:1591	have processed broadcast	{"{round 20 3  <nil>}": {"Key":"from","Type":15,"Integer":0,"String":"b","Interface":null}}
2025-08-15T22:13:47.151-0500	DEBUG	protocol/handler.go:1649	have all messages and processed	{"{round 20 3  <nil>}": {"Key":"self","Type":15,"Integer":0,"String":"b","Interface":null}}
2025-08-15T22:13:47.151-0500	DEBUG	protocol/handler.go:1649	have all messages and processed	{"{round 20 3  <nil>}": {"Key":"self","Type":15,"Integer":0,"String":"c","Interface":null}}
2025-08-15T22:13:47.151-0500	DEBUG	protocol/handler.go:596	round already finalized
2025-08-15T22:13:47.151-0500	DEBUG	protocol/handler.go:596	round already finalized
2025-08-15T22:13:47.156-0500	DEBUG	protocol/handler.go:581	tryAdvanceRound called	{"{current_round 20 3  <nil>}": {"Key":"self","Type":15,"Integer":0,"String":"a","Interface":null}}
2025-08-15T22:13:47.157-0500	DEBUG	protocol/handler.go:1591	have processed broadcast	{"{round 20 3  <nil>}": {"Key":"from","Type":15,"Integer":0,"String":"b","Interface":null}}
2025-08-15T22:13:47.157-0500	DEBUG	protocol/handler.go:1591	have processed broadcast	{"{round 20 3  <nil>}": {"Key":"from","Type":15,"Integer":0,"String":"c","Interface":null}}
2025-08-15T22:13:47.157-0500	DEBUG	protocol/handler.go:1649	have all messages and processed	{"{round 20 3  <nil>}": {"Key":"self","Type":15,"Integer":0,"String":"a","Interface":null}}
2025-08-15T22:13:47.157-0500	DEBUG	protocol/handler.go:596	round already finalized
2025-08-15T22:13:47.161-0500	DEBUG	protocol/handler.go:581	tryAdvanceRound called	{"{current_round 20 3  <nil>}": {"Key":"self","Type":15,"Integer":0,"String":"c","Interface":null}}
2025-08-15T22:13:47.161-0500	DEBUG	protocol/handler.go:581	tryAdvanceRound called	{"{current_round 20 3  <nil>}": {"Key":"self","Type":15,"Integer":0,"String":"b","Interface":null}}
2025-08-15T22:13:47.161-0500	DEBUG	protocol/handler.go:1591	have processed broadcast	{"{round 20 3  <nil>}": {"Key":"from","Type":15,"Integer":0,"String":"a","Interface":null}}
2025-08-15T22:13:47.161-0500	DEBUG	protocol/handler.go:1591	have processed broadcast	{"{round 20 3  <nil>}": {"Key":"from","Type":15,"Integer":0,"String":"a","Interface":null}}
2025-08-15T22:13:47.161-0500	DEBUG	protocol/handler.go:1591	have processed broadcast	{"{round 20 3  <nil>}": {"Key":"from","Type":15,"Integer":0,"String":"b","Interface":null}}
2025-08-15T22:13:47.161-0500	DEBUG	protocol/handler.go:1649	have all messages and processed	{"{round 20 3  <nil>}": {"Key":"self","Type":15,"Integer":0,"String":"c","Interface":null}}
2025-08-15T22:13:47.161-0500	DEBUG	protocol/handler.go:596	round already finalized
2025-08-15T22:13:47.161-0500	DEBUG	protocol/handler.go:1591	have processed broadcast	{"{round 20 3  <nil>}": {"Key":"from","Type":15,"Integer":0,"String":"c","Interface":null}}
2025-08-15T22:13:47.161-0500	DEBUG	protocol/handler.go:1649	have all messages and processed	{"{round 20 3  <nil>}": {"Key":"self","Type":15,"Integer":0,"String":"b","Interface":null}}
2025-08-15T22:13:47.161-0500	DEBUG	protocol/handler.go:596	round already finalized
2025-08-15T22:13:47.167-0500	DEBUG	protocol/handler.go:581	tryAdvanceRound called	{"{current_round 20 3  <nil>}": {"Key":"self","Type":15,"Integer":0,"String":"a","Interface":null}}
2025-08-15T22:13:47.167-0500	DEBUG	protocol/handler.go:1591	have processed broadcast	{"{round 20 3  <nil>}": {"Key":"from","Type":15,"Integer":0,"String":"b","Interface":null}}
2025-08-15T22:13:47.167-0500	DEBUG	protocol/handler.go:1591	have processed broadcast	{"{round 20 3  <nil>}": {"Key":"from","Type":15,"Integer":0,"String":"c","Interface":null}}
2025-08-15T22:13:47.167-0500	DEBUG	protocol/handler.go:1649	have all messages and processed	{"{round 20 3  <nil>}": {"Key":"self","Type":15,"Integer":0,"String":"a","Interface":null}}
2025-08-15T22:13:47.167-0500	DEBUG	protocol/handler.go:596	round already finalized
2025-08-15T22:13:47.171-0500	DEBUG	protocol/handler.go:581	tryAdvanceRound called	{"{current_round 20 3  <nil>}": {"Key":"self","Type":15,"Integer":0,"String":"c","Interface":null}}
2025-08-15T22:13:47.171-0500	DEBUG	protocol/handler.go:581	tryAdvanceRound called	{"{current_round 20 3  <nil>}": {"Key":"self","Type":15,"Integer":0,"String":"b","Interface":null}}
2025-08-15T22:13:47.171-0500	DEBUG	protocol/handler.go:1591	have processed broadcast	{"{round 20 3  <nil>}": {"Key":"from","Type":15,"Integer":0,"String":"a","Interface":null}}
2025-08-15T22:13:47.171-0500	DEBUG	protocol/handler.go:1591	have processed broadcast	{"{round 20 3  <nil>}": {"Key":"from","Type":15,"Integer":0,"String":"a","Interface":null}}
2025-08-15T22:13:47.171-0500	DEBUG	protocol/handler.go:1591	have processed broadcast	{"{round 20 3  <nil>}": {"Key":"from","Type":15,"Integer":0,"String":"b","Interface":null}}
2025-08-15T22:13:47.171-0500	DEBUG	protocol/handler.go:1591	have processed broadcast	{"{round 20 3  <nil>}": {"Key":"from","Type":15,"Integer":0,"String":"c","Interface":null}}
2025-08-15T22:13:47.171-0500	DEBUG	protocol/handler.go:1649	have all messages and processed	{"{round 20 3  <nil>}": {"Key":"self","Type":15,"Integer":0,"String":"c","Interface":null}}
2025-08-15T22:13:47.171-0500	DEBUG	protocol/handler.go:596	round already finalized
2025-08-15T22:13:47.171-0500	DEBUG	protocol/handler.go:1649	have all messages and processed	{"{round 20 3  <nil>}": {"Key":"self","Type":15,"Integer":0,"String":"b","Interface":null}}
2025-08-15T22:13:47.171-0500	DEBUG	protocol/handler.go:596	round already finalized
2025-08-15T22:13:47.177-0500	DEBUG	protocol/handler.go:581	tryAdvanceRound called	{"{current_round 20 3  <nil>}": {"Key":"self","Type":15,"Integer":0,"String":"a","Interface":null}}
2025-08-15T22:13:47.177-0500	DEBUG	protocol/handler.go:1591	have processed broadcast	{"{round 20 3  <nil>}": {"Key":"from","Type":15,"Integer":0,"String":"b","Interface":null}}
2025-08-15T22:13:47.177-0500	DEBUG	protocol/handler.go:1591	have processed broadcast	{"{round 20 3  <nil>}": {"Key":"from","Type":15,"Integer":0,"String":"c","Interface":null}}
2025-08-15T22:13:47.177-0500	DEBUG	protocol/handler.go:1649	have all messages and processed	{"{round 20 3  <nil>}": {"Key":"self","Type":15,"Integer":0,"String":"a","Interface":null}}
2025-08-15T22:13:47.177-0500	DEBUG	protocol/handler.go:596	round already finalized
2025-08-15T22:13:47.181-0500	DEBUG	protocol/handler.go:581	tryAdvanceRound called	{"{current_round 20 3  <nil>}": {"Key":"self","Type":15,"Integer":0,"String":"b","Interface":null}}
2025-08-15T22:13:47.181-0500	DEBUG	protocol/handler.go:581	tryAdvanceRound called	{"{current_round 20 3  <nil>}": {"Key":"self","Type":15,"Integer":0,"String":"c","Interface":null}}
2025-08-15T22:13:47.181-0500	DEBUG	protocol/handler.go:1591	have processed broadcast	{"{round 20 3  <nil>}": {"Key":"from","Type":15,"Integer":0,"String":"a","Interface":null}}
2025-08-15T22:13:47.181-0500	DEBUG	protocol/handler.go:1591	have processed broadcast	{"{round 20 3  <nil>}": {"Key":"from","Type":15,"Integer":0,"String":"a","Interface":null}}
2025-08-15T22:13:47.181-0500	DEBUG	protocol/handler.go:1591	have processed broadcast	{"{round 20 3  <nil>}": {"Key":"from","Type":15,"Integer":0,"String":"c","Interface":null}}
2025-08-15T22:13:47.181-0500	DEBUG	protocol/handler.go:1591	have processed broadcast	{"{round 20 3  <nil>}": {"Key":"from","Type":15,"Integer":0,"String":"b","Interface":null}}
2025-08-15T22:13:47.181-0500	DEBUG	protocol/handler.go:1649	have all messages and processed	{"{round 20 3  <nil>}": {"Key":"self","Type":15,"Integer":0,"String":"b","Interface":null}}
2025-08-15T22:13:47.181-0500	DEBUG	protocol/handler.go:596	round already finalized
2025-08-15T22:13:47.181-0500	DEBUG	protocol/handler.go:1649	have all messages and processed	{"{round 20 3  <nil>}": {"Key":"self","Type":15,"Integer":0,"String":"c","Interface":null}}
2025-08-15T22:13:47.181-0500	DEBUG	protocol/handler.go:596	round already finalized
2025-08-15T22:13:47.187-0500	DEBUG	protocol/handler.go:581	tryAdvanceRound called	{"{current_round 20 3  <nil>}": {"Key":"self","Type":15,"Integer":0,"String":"a","Interface":null}}
2025-08-15T22:13:47.187-0500	DEBUG	protocol/handler.go:1591	have processed broadcast	{"{round 20 3  <nil>}": {"Key":"from","Type":15,"Integer":0,"String":"b","Interface":null}}
2025-08-15T22:13:47.187-0500	DEBUG	protocol/handler.go:1591	have processed broadcast	{"{round 20 3  <nil>}": {"Key":"from","Type":15,"Integer":0,"String":"c","Interface":null}}
2025-08-15T22:13:47.187-0500	DEBUG	protocol/handler.go:1649	have all messages and processed	{"{round 20 3  <nil>}": {"Key":"self","Type":15,"Integer":0,"String":"a","Interface":null}}
2025-08-15T22:13:47.187-0500	DEBUG	protocol/handler.go:596	round already finalized
2025-08-15T22:13:47.191-0500	DEBUG	protocol/handler.go:581	tryAdvanceRound called	{"{current_round 20 3  <nil>}": {"Key":"self","Type":15,"Integer":0,"String":"b","Interface":null}}
2025-08-15T22:13:47.191-0500	DEBUG	protocol/handler.go:581	tryAdvanceRound called	{"{current_round 20 3  <nil>}": {"Key":"self","Type":15,"Integer":0,"String":"c","Interface":null}}
2025-08-15T22:13:47.191-0500	DEBUG	protocol/handler.go:1591	have processed broadcast	{"{round 20 3  <nil>}": {"Key":"from","Type":15,"Integer":0,"String":"a","Interface":null}}
2025-08-15T22:13:47.191-0500	DEBUG	protocol/handler.go:1591	have processed broadcast	{"{round 20 3  <nil>}": {"Key":"from","Type":15,"Integer":0,"String":"a","Interface":null}}
2025-08-15T22:13:47.191-0500	DEBUG	protocol/handler.go:1591	have processed broadcast	{"{round 20 3  <nil>}": {"Key":"from","Type":15,"Integer":0,"String":"c","Interface":null}}
2025-08-15T22:13:47.191-0500	DEBUG	protocol/handler.go:1591	have processed broadcast	{"{round 20 3  <nil>}": {"Key":"from","Type":15,"Integer":0,"String":"b","Interface":null}}
2025-08-15T22:13:47.191-0500	DEBUG	protocol/handler.go:1649	have all messages and processed	{"{round 20 3  <nil>}": {"Key":"self","Type":15,"Integer":0,"String":"b","Interface":null}}
2025-08-15T22:13:47.191-0500	DEBUG	protocol/handler.go:1649	have all messages and processed	{"{round 20 3  <nil>}": {"Key":"self","Type":15,"Integer":0,"String":"c","Interface":null}}
2025-08-15T22:13:47.191-0500	DEBUG	protocol/handler.go:596	round already finalized
2025-08-15T22:13:47.191-0500	DEBUG	protocol/handler.go:596	round already finalized
2025-08-15T22:13:47.197-0500	DEBUG	protocol/handler.go:581	tryAdvanceRound called	{"{current_round 20 3  <nil>}": {"Key":"self","Type":15,"Integer":0,"String":"a","Interface":null}}
2025-08-15T22:13:47.197-0500	DEBUG	protocol/handler.go:1591	have processed broadcast	{"{round 20 3  <nil>}": {"Key":"from","Type":15,"Integer":0,"String":"b","Interface":null}}
2025-08-15T22:13:47.197-0500	DEBUG	protocol/handler.go:1591	have processed broadcast	{"{round 20 3  <nil>}": {"Key":"from","Type":15,"Integer":0,"String":"c","Interface":null}}
2025-08-15T22:13:47.197-0500	DEBUG	protocol/handler.go:1649	have all messages and processed	{"{round 20 3  <nil>}": {"Key":"self","Type":15,"Integer":0,"String":"a","Interface":null}}
2025-08-15T22:13:47.197-0500	DEBUG	protocol/handler.go:596	round already finalized
2025-08-15T22:13:47.201-0500	DEBUG	protocol/handler.go:581	tryAdvanceRound called	{"{current_round 20 3  <nil>}": {"Key":"self","Type":15,"Integer":0,"String":"c","Interface":null}}
2025-08-15T22:13:47.201-0500	DEBUG	protocol/handler.go:581	tryAdvanceRound called	{"{current_round 20 3  <nil>}": {"Key":"self","Type":15,"Integer":0,"String":"b","Interface":null}}
2025-08-15T22:13:47.201-0500	DEBUG	protocol/handler.go:1591	have processed broadcast	{"{round 20 3  <nil>}": {"Key":"from","Type":15,"Integer":0,"String":"a","Interface":null}}
2025-08-15T22:13:47.201-0500	DEBUG	protocol/handler.go:1591	have processed broadcast	{"{round 20 3  <nil>}": {"Key":"from","Type":15,"Integer":0,"String":"b","Interface":null}}
2025-08-15T22:13:47.201-0500	DEBUG	protocol/handler.go:1649	have all messages and processed	{"{round 20 3  <nil>}": {"Key":"self","Type":15,"Integer":0,"String":"c","Interface":null}}
2025-08-15T22:13:47.201-0500	DEBUG	protocol/handler.go:1591	have processed broadcast	{"{round 20 3  <nil>}": {"Key":"from","Type":15,"Integer":0,"String":"a","Interface":null}}
2025-08-15T22:13:47.201-0500	DEBUG	protocol/handler.go:1591	have processed broadcast	{"{round 20 3  <nil>}": {"Key":"from","Type":15,"Integer":0,"String":"c","Interface":null}}
2025-08-15T22:13:47.202-0500	DEBUG	protocol/handler.go:1649	have all messages and processed	{"{round 20 3  <nil>}": {"Key":"self","Type":15,"Integer":0,"String":"b","Interface":null}}
2025-08-15T22:13:47.202-0500	DEBUG	protocol/handler.go:596	round already finalized
2025-08-15T22:13:47.201-0500	DEBUG	protocol/handler.go:596	round already finalized
2025-08-15T22:13:47.208-0500	DEBUG	protocol/handler.go:581	tryAdvanceRound called	{"{current_round 20 3  <nil>}": {"Key":"self","Type":15,"Integer":0,"String":"a","Interface":null}}
2025-08-15T22:13:47.208-0500	DEBUG	protocol/handler.go:1591	have processed broadcast	{"{round 20 3  <nil>}": {"Key":"from","Type":15,"Integer":0,"String":"b","Interface":null}}
2025-08-15T22:13:47.208-0500	DEBUG	protocol/handler.go:1591	have processed broadcast	{"{round 20 3  <nil>}": {"Key":"from","Type":15,"Integer":0,"String":"c","Interface":null}}
2025-08-15T22:13:47.208-0500	DEBUG	protocol/handler.go:1649	have all messages and processed	{"{round 20 3  <nil>}": {"Key":"self","Type":15,"Integer":0,"String":"a","Interface":null}}
2025-08-15T22:13:47.208-0500	DEBUG	protocol/handler.go:596	round already finalized
2025-08-15T22:13:47.211-0500	DEBUG	protocol/handler.go:581	tryAdvanceRound called	{"{current_round 20 3  <nil>}": {"Key":"self","Type":15,"Integer":0,"String":"b","Interface":null}}
2025-08-15T22:13:47.211-0500	DEBUG	protocol/handler.go:1591	have processed broadcast	{"{round 20 3  <nil>}": {"Key":"from","Type":15,"Integer":0,"String":"a","Interface":null}}
2025-08-15T22:13:47.211-0500	DEBUG	protocol/handler.go:1591	have processed broadcast	{"{round 20 3  <nil>}": {"Key":"from","Type":15,"Integer":0,"String":"c","Interface":null}}
2025-08-15T22:13:47.211-0500	DEBUG	protocol/handler.go:1649	have all messages and processed	{"{round 20 3  <nil>}": {"Key":"self","Type":15,"Integer":0,"String":"b","Interface":null}}
2025-08-15T22:13:47.211-0500	DEBUG	protocol/handler.go:581	tryAdvanceRound called	{"{current_round 20 3  <nil>}": {"Key":"self","Type":15,"Integer":0,"String":"c","Interface":null}}
2025-08-15T22:13:47.211-0500	DEBUG	protocol/handler.go:596	round already finalized
2025-08-15T22:13:47.211-0500	DEBUG	protocol/handler.go:1591	have processed broadcast	{"{round 20 3  <nil>}": {"Key":"from","Type":15,"Integer":0,"String":"a","Interface":null}}
2025-08-15T22:13:47.211-0500	DEBUG	protocol/handler.go:1591	have processed broadcast	{"{round 20 3  <nil>}": {"Key":"from","Type":15,"Integer":0,"String":"b","Interface":null}}
2025-08-15T22:13:47.211-0500	DEBUG	protocol/handler.go:1649	have all messages and processed	{"{round 20 3  <nil>}": {"Key":"self","Type":15,"Integer":0,"String":"c","Interface":null}}
2025-08-15T22:13:47.211-0500	DEBUG	protocol/handler.go:596	round already finalized
2025-08-15T22:13:47.217-0500	DEBUG	protocol/handler.go:581	tryAdvanceRound called	{"{current_round 20 3  <nil>}": {"Key":"self","Type":15,"Integer":0,"String":"a","Interface":null}}
2025-08-15T22:13:47.217-0500	DEBUG	protocol/handler.go:1591	have processed broadcast	{"{round 20 3  <nil>}": {"Key":"from","Type":15,"Integer":0,"String":"b","Interface":null}}
2025-08-15T22:13:47.217-0500	DEBUG	protocol/handler.go:1591	have processed broadcast	{"{round 20 3  <nil>}": {"Key":"from","Type":15,"Integer":0,"String":"c","Interface":null}}
2025-08-15T22:13:47.217-0500	DEBUG	protocol/handler.go:1649	have all messages and processed	{"{round 20 3  <nil>}": {"Key":"self","Type":15,"Integer":0,"String":"a","Interface":null}}
2025-08-15T22:13:47.217-0500	DEBUG	protocol/handler.go:596	round already finalized
2025-08-15T22:13:47.221-0500	DEBUG	protocol/handler.go:581	tryAdvanceRound called	{"{current_round 20 3  <nil>}": {"Key":"self","Type":15,"Integer":0,"String":"b","Interface":null}}
2025-08-15T22:13:47.221-0500	DEBUG	protocol/handler.go:1591	have processed broadcast	{"{round 20 3  <nil>}": {"Key":"from","Type":15,"Integer":0,"String":"a","Interface":null}}
2025-08-15T22:13:47.221-0500	DEBUG	protocol/handler.go:1591	have processed broadcast	{"{round 20 3  <nil>}": {"Key":"from","Type":15,"Integer":0,"String":"c","Interface":null}}
2025-08-15T22:13:47.221-0500	DEBUG	protocol/handler.go:1649	have all messages and processed	{"{round 20 3  <nil>}": {"Key":"self","Type":15,"Integer":0,"String":"b","Interface":null}}
2025-08-15T22:13:47.221-0500	DEBUG	protocol/handler.go:596	round already finalized
2025-08-15T22:13:47.221-0500	DEBUG	protocol/handler.go:581	tryAdvanceRound called	{"{current_round 20 3  <nil>}": {"Key":"self","Type":15,"Integer":0,"String":"c","Interface":null}}
2025-08-15T22:13:47.221-0500	DEBUG	protocol/handler.go:1591	have processed broadcast	{"{round 20 3  <nil>}": {"Key":"from","Type":15,"Integer":0,"String":"a","Interface":null}}
2025-08-15T22:13:47.221-0500	DEBUG	protocol/handler.go:1591	have processed broadcast	{"{round 20 3  <nil>}": {"Key":"from","Type":15,"Integer":0,"String":"b","Interface":null}}
2025-08-15T22:13:47.221-0500	DEBUG	protocol/handler.go:1649	have all messages and processed	{"{round 20 3  <nil>}": {"Key":"self","Type":15,"Integer":0,"String":"c","Interface":null}}
2025-08-15T22:13:47.221-0500	DEBUG	protocol/handler.go:596	round already finalized
2025-08-15T22:13:47.227-0500	DEBUG	protocol/handler.go:581	tryAdvanceRound called	{"{current_round 20 3  <nil>}": {"Key":"self","Type":15,"Integer":0,"String":"a","Interface":null}}
2025-08-15T22:13:47.227-0500	DEBUG	protocol/handler.go:1591	have processed broadcast	{"{round 20 3  <nil>}": {"Key":"from","Type":15,"Integer":0,"String":"b","Interface":null}}
2025-08-15T22:13:47.227-0500	DEBUG	protocol/handler.go:1591	have processed broadcast	{"{round 20 3  <nil>}": {"Key":"from","Type":15,"Integer":0,"String":"c","Interface":null}}
2025-08-15T22:13:47.227-0500	DEBUG	protocol/handler.go:1649	have all messages and processed	{"{round 20 3  <nil>}": {"Key":"self","Type":15,"Integer":0,"String":"a","Interface":null}}
2025-08-15T22:13:47.227-0500	DEBUG	protocol/handler.go:596	round already finalized
2025-08-15T22:13:47.231-0500	DEBUG	protocol/handler.go:581	tryAdvanceRound called	{"{current_round 20 3  <nil>}": {"Key":"self","Type":15,"Integer":0,"String":"b","Interface":null}}
2025-08-15T22:13:47.231-0500	DEBUG	protocol/handler.go:581	tryAdvanceRound called	{"{current_round 20 3  <nil>}": {"Key":"self","Type":15,"Integer":0,"String":"c","Interface":null}}
2025-08-15T22:13:47.231-0500	DEBUG	protocol/handler.go:1591	have processed broadcast	{"{round 20 3  <nil>}": {"Key":"from","Type":15,"Integer":0,"String":"a","Interface":null}}
2025-08-15T22:13:47.231-0500	DEBUG	protocol/handler.go:1591	have processed broadcast	{"{round 20 3  <nil>}": {"Key":"from","Type":15,"Integer":0,"String":"a","Interface":null}}
2025-08-15T22:13:47.231-0500	DEBUG	protocol/handler.go:1591	have processed broadcast	{"{round 20 3  <nil>}": {"Key":"from","Type":15,"Integer":0,"String":"c","Interface":null}}
2025-08-15T22:13:47.231-0500	DEBUG	protocol/handler.go:1591	have processed broadcast	{"{round 20 3  <nil>}": {"Key":"from","Type":15,"Integer":0,"String":"b","Interface":null}}
2025-08-15T22:13:47.231-0500	DEBUG	protocol/handler.go:1649	have all messages and processed	{"{round 20 3  <nil>}": {"Key":"self","Type":15,"Integer":0,"String":"b","Interface":null}}
2025-08-15T22:13:47.231-0500	DEBUG	protocol/handler.go:1649	have all messages and processed	{"{round 20 3  <nil>}": {"Key":"self","Type":15,"Integer":0,"String":"c","Interface":null}}
2025-08-15T22:13:47.231-0500	DEBUG	protocol/handler.go:596	round already finalized
2025-08-15T22:13:47.231-0500	DEBUG	protocol/handler.go:596	round already finalized
2025-08-15T22:13:47.237-0500	DEBUG	protocol/handler.go:581	tryAdvanceRound called	{"{current_round 20 3  <nil>}": {"Key":"self","Type":15,"Integer":0,"String":"a","Interface":null}}
2025-08-15T22:13:47.237-0500	DEBUG	protocol/handler.go:1591	have processed broadcast	{"{round 20 3  <nil>}": {"Key":"from","Type":15,"Integer":0,"String":"b","Interface":null}}
2025-08-15T22:13:47.237-0500	DEBUG	protocol/handler.go:1591	have processed broadcast	{"{round 20 3  <nil>}": {"Key":"from","Type":15,"Integer":0,"String":"c","Interface":null}}
2025-08-15T22:13:47.237-0500	DEBUG	protocol/handler.go:1649	have all messages and processed	{"{round 20 3  <nil>}": {"Key":"self","Type":15,"Integer":0,"String":"a","Interface":null}}
2025-08-15T22:13:47.237-0500	DEBUG	protocol/handler.go:596	round already finalized
2025-08-15T22:13:47.241-0500	DEBUG	protocol/handler.go:581	tryAdvanceRound called	{"{current_round 20 3  <nil>}": {"Key":"self","Type":15,"Integer":0,"String":"b","Interface":null}}
2025-08-15T22:13:47.241-0500	DEBUG	protocol/handler.go:581	tryAdvanceRound called	{"{current_round 20 3  <nil>}": {"Key":"self","Type":15,"Integer":0,"String":"c","Interface":null}}
2025-08-15T22:13:47.241-0500	DEBUG	protocol/handler.go:1591	have processed broadcast	{"{round 20 3  <nil>}": {"Key":"from","Type":15,"Integer":0,"String":"a","Interface":null}}
2025-08-15T22:13:47.241-0500	DEBUG	protocol/handler.go:1591	have processed broadcast	{"{round 20 3  <nil>}": {"Key":"from","Type":15,"Integer":0,"String":"c","Interface":null}}
2025-08-15T22:13:47.241-0500	DEBUG	protocol/handler.go:1591	have processed broadcast	{"{round 20 3  <nil>}": {"Key":"from","Type":15,"Integer":0,"String":"a","Interface":null}}
2025-08-15T22:13:47.241-0500	DEBUG	protocol/handler.go:1649	have all messages and processed	{"{round 20 3  <nil>}": {"Key":"self","Type":15,"Integer":0,"String":"b","Interface":null}}
2025-08-15T22:13:47.241-0500	DEBUG	protocol/handler.go:596	round already finalized
2025-08-15T22:13:47.241-0500	DEBUG	protocol/handler.go:1591	have processed broadcast	{"{round 20 3  <nil>}": {"Key":"from","Type":15,"Integer":0,"String":"b","Interface":null}}
2025-08-15T22:13:47.241-0500	DEBUG	protocol/handler.go:1649	have all messages and processed	{"{round 20 3  <nil>}": {"Key":"self","Type":15,"Integer":0,"String":"c","Interface":null}}
2025-08-15T22:13:47.241-0500	DEBUG	protocol/handler.go:596	round already finalized
2025-08-15T22:13:47.247-0500	DEBUG	protocol/handler.go:581	tryAdvanceRound called	{"{current_round 20 3  <nil>}": {"Key":"self","Type":15,"Integer":0,"String":"a","Interface":null}}
2025-08-15T22:13:47.247-0500	DEBUG	protocol/handler.go:1591	have processed broadcast	{"{round 20 3  <nil>}": {"Key":"from","Type":15,"Integer":0,"String":"b","Interface":null}}
2025-08-15T22:13:47.247-0500	DEBUG	protocol/handler.go:1591	have processed broadcast	{"{round 20 3  <nil>}": {"Key":"from","Type":15,"Integer":0,"String":"c","Interface":null}}
2025-08-15T22:13:47.247-0500	DEBUG	protocol/handler.go:1649	have all messages and processed	{"{round 20 3  <nil>}": {"Key":"self","Type":15,"Integer":0,"String":"a","Interface":null}}
2025-08-15T22:13:47.247-0500	DEBUG	protocol/handler.go:596	round already finalized
2025-08-15T22:13:47.251-0500	DEBUG	protocol/handler.go:581	tryAdvanceRound called	{"{current_round 20 3  <nil>}": {"Key":"self","Type":15,"Integer":0,"String":"b","Interface":null}}
2025-08-15T22:13:47.251-0500	DEBUG	protocol/handler.go:581	tryAdvanceRound called	{"{current_round 20 3  <nil>}": {"Key":"self","Type":15,"Integer":0,"String":"c","Interface":null}}
2025-08-15T22:13:47.251-0500	DEBUG	protocol/handler.go:1591	have processed broadcast	{"{round 20 3  <nil>}": {"Key":"from","Type":15,"Integer":0,"String":"a","Interface":null}}
2025-08-15T22:13:47.251-0500	DEBUG	protocol/handler.go:1591	have processed broadcast	{"{round 20 3  <nil>}": {"Key":"from","Type":15,"Integer":0,"String":"a","Interface":null}}
2025-08-15T22:13:47.251-0500	DEBUG	protocol/handler.go:1591	have processed broadcast	{"{round 20 3  <nil>}": {"Key":"from","Type":15,"Integer":0,"String":"c","Interface":null}}
2025-08-15T22:13:47.251-0500	DEBUG	protocol/handler.go:1649	have all messages and processed	{"{round 20 3  <nil>}": {"Key":"self","Type":15,"Integer":0,"String":"b","Interface":null}}
2025-08-15T22:13:47.251-0500	DEBUG	protocol/handler.go:1591	have processed broadcast	{"{round 20 3  <nil>}": {"Key":"from","Type":15,"Integer":0,"String":"b","Interface":null}}
2025-08-15T22:13:47.251-0500	DEBUG	protocol/handler.go:596	round already finalized
2025-08-15T22:13:47.251-0500	DEBUG	protocol/handler.go:1649	have all messages and processed	{"{round 20 3  <nil>}": {"Key":"self","Type":15,"Integer":0,"String":"c","Interface":null}}
2025-08-15T22:13:47.251-0500	DEBUG	protocol/handler.go:596	round already finalized
2025-08-15T22:13:47.257-0500	DEBUG	protocol/handler.go:581	tryAdvanceRound called	{"{current_round 20 3  <nil>}": {"Key":"self","Type":15,"Integer":0,"String":"a","Interface":null}}
2025-08-15T22:13:47.257-0500	DEBUG	protocol/handler.go:1591	have processed broadcast	{"{round 20 3  <nil>}": {"Key":"from","Type":15,"Integer":0,"String":"b","Interface":null}}
2025-08-15T22:13:47.257-0500	DEBUG	protocol/handler.go:1591	have processed broadcast	{"{round 20 3  <nil>}": {"Key":"from","Type":15,"Integer":0,"String":"c","Interface":null}}
2025-08-15T22:13:47.257-0500	DEBUG	protocol/handler.go:1649	have all messages and processed	{"{round 20 3  <nil>}": {"Key":"self","Type":15,"Integer":0,"String":"a","Interface":null}}
2025-08-15T22:13:47.257-0500	DEBUG	protocol/handler.go:596	round already finalized
2025-08-15T22:13:47.261-0500	DEBUG	protocol/handler.go:581	tryAdvanceRound called	{"{current_round 20 3  <nil>}": {"Key":"self","Type":15,"Integer":0,"String":"b","Interface":null}}
2025-08-15T22:13:47.261-0500	DEBUG	protocol/handler.go:581	tryAdvanceRound called	{"{current_round 20 3  <nil>}": {"Key":"self","Type":15,"Integer":0,"String":"c","Interface":null}}
2025-08-15T22:13:47.261-0500	DEBUG	protocol/handler.go:1591	have processed broadcast	{"{round 20 3  <nil>}": {"Key":"from","Type":15,"Integer":0,"String":"a","Interface":null}}
2025-08-15T22:13:47.261-0500	DEBUG	protocol/handler.go:1591	have processed broadcast	{"{round 20 3  <nil>}": {"Key":"from","Type":15,"Integer":0,"String":"a","Interface":null}}
2025-08-15T22:13:47.261-0500	DEBUG	protocol/handler.go:1591	have processed broadcast	{"{round 20 3  <nil>}": {"Key":"from","Type":15,"Integer":0,"String":"c","Interface":null}}
2025-08-15T22:13:47.261-0500	DEBUG	protocol/handler.go:1591	have processed broadcast	{"{round 20 3  <nil>}": {"Key":"from","Type":15,"Integer":0,"String":"b","Interface":null}}
2025-08-15T22:13:47.261-0500	DEBUG	protocol/handler.go:1649	have all messages and processed	{"{round 20 3  <nil>}": {"Key":"self","Type":15,"Integer":0,"String":"b","Interface":null}}
2025-08-15T22:13:47.261-0500	DEBUG	protocol/handler.go:1649	have all messages and processed	{"{round 20 3  <nil>}": {"Key":"self","Type":15,"Integer":0,"String":"c","Interface":null}}
2025-08-15T22:13:47.261-0500	DEBUG	protocol/handler.go:596	round already finalized
2025-08-15T22:13:47.261-0500	DEBUG	protocol/handler.go:596	round already finalized
--- FAIL: TestCMPBasicKeygen (60.00s)
    cmp_basic_test.go:41: Protocol completed with error: harness context canceled: context deadline exceeded
    testing.go:1490: race detected during execution of test
2025-08-15T22:13:47.265-0500	INFO	protocol/handler.go:240	starting protocol handler	{"{protocol 15 0 cmp/keygen-threshold <nil>}": {"Key":"workers","Type":11,"Integer":4,"String":"","Interface":null}, "{parties 11 2  <nil>}": {"Key":"threshold","Type":11,"Integer":1,"String":"","Interface":null}}
2025-08-15T22:13:47.265-0500	DEBUG	protocol/handler.go:348	starting worker pools	{"{workers 11 4  <nil>}": {"Key":"priority","Type":11,"Integer":4,"String":"","Interface":null}}
2025-08-15T22:13:47.266-0500	DEBUG	protocol/handler.go:391	worker started	{"{id 11 0  <nil>}": {"Key":"priority","Type":4,"Integer":0,"String":"","Interface":null}}
2025-08-15T22:13:47.266-0500	DEBUG	protocol/handler.go:391	worker started	{"{id 11 0  <nil>}": {"Key":"priority","Type":4,"Integer":1,"String":"","Interface":null}}
2025-08-15T22:13:47.266-0500	DEBUG	protocol/handler.go:391	worker started	{"{id 11 2  <nil>}": {"Key":"priority","Type":4,"Integer":1,"String":"","Interface":null}}
2025-08-15T22:13:47.266-0500	DEBUG	protocol/handler.go:391	worker started	{"{id 11 2  <nil>}": {"Key":"priority","Type":4,"Integer":0,"String":"","Interface":null}}
2025-08-15T22:13:47.266-0500	DEBUG	protocol/handler.go:391	worker started	{"{id 11 3  <nil>}": {"Key":"priority","Type":4,"Integer":0,"String":"","Interface":null}}
2025-08-15T22:13:47.266-0500	DEBUG	protocol/handler.go:391	worker started	{"{id 11 1  <nil>}": {"Key":"priority","Type":4,"Integer":1,"String":"","Interface":null}}
2025-08-15T22:13:47.266-0500	DEBUG	protocol/handler.go:391	worker started	{"{id 11 3  <nil>}": {"Key":"priority","Type":4,"Integer":1,"String":"","Interface":null}}
2025-08-15T22:13:47.266-0500	DEBUG	protocol/handler.go:391	worker started	{"{id 11 1  <nil>}": {"Key":"priority","Type":4,"Integer":0,"String":"","Interface":null}}
2025-08-15T22:13:47.266-0500	DEBUG	protocol/handler.go:930	initializing round
2025-08-15T22:13:47.266-0500	DEBUG	protocol/handler.go:1503	processing queued messages
2025-08-15T22:13:47.266-0500	INFO	protocol/handler.go:240	starting protocol handler	{"{protocol 15 0 cmp/keygen-threshold <nil>}": {"Key":"workers","Type":11,"Integer":4,"String":"","Interface":null}, "{parties 11 2  <nil>}": {"Key":"threshold","Type":11,"Integer":1,"String":"","Interface":null}}
2025-08-15T22:13:47.266-0500	DEBUG	protocol/handler.go:348	starting worker pools	{"{workers 11 4  <nil>}": {"Key":"priority","Type":11,"Integer":4,"String":"","Interface":null}}
2025-08-15T22:13:47.266-0500	DEBUG	protocol/handler.go:391	worker started	{"{id 11 0  <nil>}": {"Key":"priority","Type":4,"Integer":0,"String":"","Interface":null}}
2025-08-15T22:13:47.266-0500	DEBUG	protocol/handler.go:930	initializing round
2025-08-15T22:13:47.266-0500	DEBUG	protocol/handler.go:391	worker started	{"{id 11 3  <nil>}": {"Key":"priority","Type":4,"Integer":1,"String":"","Interface":null}}
2025-08-15T22:13:47.266-0500	DEBUG	protocol/handler.go:391	worker started	{"{id 11 2  <nil>}": {"Key":"priority","Type":4,"Integer":0,"String":"","Interface":null}}
2025-08-15T22:13:47.266-0500	DEBUG	protocol/handler.go:1503	processing queued messages
2025-08-15T22:13:47.266-0500	DEBUG	protocol/handler.go:391	worker started	{"{id 11 0  <nil>}": {"Key":"priority","Type":4,"Integer":1,"String":"","Interface":null}}
2025-08-15T22:13:47.266-0500	DEBUG	protocol/handler.go:391	worker started	{"{id 11 1  <nil>}": {"Key":"priority","Type":4,"Integer":1,"String":"","Interface":null}}
2025-08-15T22:13:47.266-0500	DEBUG	protocol/handler.go:391	worker started	{"{id 11 1  <nil>}": {"Key":"priority","Type":4,"Integer":0,"String":"","Interface":null}}
2025-08-15T22:13:47.266-0500	DEBUG	protocol/handler.go:391	worker started	{"{id 11 2  <nil>}": {"Key":"priority","Type":4,"Integer":1,"String":"","Interface":null}}
2025-08-15T22:13:47.266-0500	DEBUG	protocol/handler.go:391	worker started	{"{id 11 3  <nil>}": {"Key":"priority","Type":4,"Integer":0,"String":"","Interface":null}}
2025-08-15T22:13:47.266-0500	DEBUG	protocol/handler.go:581	tryAdvanceRound called	{"{current_round 20 3  <nil>}": {"Key":"self","Type":15,"Integer":0,"String":"a","Interface":null}}
2025-08-15T22:13:47.267-0500	DEBUG	protocol/handler.go:1591	have processed broadcast	{"{round 20 3  <nil>}": {"Key":"from","Type":15,"Integer":0,"String":"b","Interface":null}}
2025-08-15T22:13:47.267-0500	DEBUG	protocol/handler.go:1591	have processed broadcast	{"{round 20 3  <nil>}": {"Key":"from","Type":15,"Integer":0,"String":"c","Interface":null}}
2025-08-15T22:13:47.267-0500	DEBUG	protocol/handler.go:1649	have all messages and processed	{"{round 20 3  <nil>}": {"Key":"self","Type":15,"Integer":0,"String":"a","Interface":null}}
2025-08-15T22:13:47.267-0500	DEBUG	protocol/handler.go:596	round already finalized
2025-08-15T22:13:47.271-0500	DEBUG	protocol/handler.go:581	tryAdvanceRound called	{"{current_round 20 3  <nil>}": {"Key":"self","Type":15,"Integer":0,"String":"b","Interface":null}}
2025-08-15T22:13:47.271-0500	DEBUG	protocol/handler.go:581	tryAdvanceRound called	{"{current_round 20 3  <nil>}": {"Key":"self","Type":15,"Integer":0,"String":"c","Interface":null}}
2025-08-15T22:13:47.271-0500	DEBUG	protocol/handler.go:1591	have processed broadcast	{"{round 20 3  <nil>}": {"Key":"from","Type":15,"Integer":0,"String":"a","Interface":null}}
2025-08-15T22:13:47.271-0500	DEBUG	protocol/handler.go:1591	have processed broadcast	{"{round 20 3  <nil>}": {"Key":"from","Type":15,"Integer":0,"String":"a","Interface":null}}
2025-08-15T22:13:47.271-0500	DEBUG	protocol/handler.go:1591	have processed broadcast	{"{round 20 3  <nil>}": {"Key":"from","Type":15,"Integer":0,"String":"c","Interface":null}}
2025-08-15T22:13:47.271-0500	DEBUG	protocol/handler.go:1591	have processed broadcast	{"{round 20 3  <nil>}": {"Key":"from","Type":15,"Integer":0,"String":"b","Interface":null}}
2025-08-15T22:13:47.271-0500	DEBUG	protocol/handler.go:1649	have all messages and processed	{"{round 20 3  <nil>}": {"Key":"self","Type":15,"Integer":0,"String":"b","Interface":null}}
2025-08-15T22:13:47.271-0500	DEBUG	protocol/handler.go:1649	have all messages and processed	{"{round 20 3  <nil>}": {"Key":"self","Type":15,"Integer":0,"String":"c","Interface":null}}
2025-08-15T22:13:47.271-0500	DEBUG	protocol/handler.go:596	round already finalized
2025-08-15T22:13:47.272-0500	DEBUG	protocol/handler.go:596	round already finalized
2025-08-15T22:13:47.276-0500	INFO	protocol/handler.go:560	advanced to round
2025-08-15T22:13:47.276-0500	INFO	protocol/handler.go:560	advanced to round
2025-08-15T22:13:47.276-0500	DEBUG	protocol/handler.go:581	tryAdvanceRound called	{"{current_round 20 1  <nil>}": {"Key":"self","Type":15,"Integer":0,"String":"a","Interface":null}}
2025-08-15T22:13:47.276-0500	DEBUG	protocol/handler.go:581	tryAdvanceRound called	{"{current_round 20 1  <nil>}": {"Key":"self","Type":15,"Integer":0,"String":"b","Interface":null}}
2025-08-15T22:13:47.276-0500	DEBUG	protocol/handler.go:1649	have all messages and processed	{"{round 20 1  <nil>}": {"Key":"self","Type":15,"Integer":0,"String":"a","Interface":null}}
2025-08-15T22:13:47.276-0500	DEBUG	protocol/handler.go:1649	have all messages and processed	{"{round 20 1  <nil>}": {"Key":"self","Type":15,"Integer":0,"String":"b","Interface":null}}
2025-08-15T22:13:47.276-0500	DEBUG	protocol/handler.go:581	tryAdvanceRound called	{"{current_round 20 3  <nil>}": {"Key":"self","Type":15,"Integer":0,"String":"a","Interface":null}}
2025-08-15T22:13:47.276-0500	DEBUG	protocol/handler.go:619	finalizing round
2025-08-15T22:13:47.276-0500	DEBUG	protocol/handler.go:619	finalizing round
2025-08-15T22:13:47.276-0500	DEBUG	protocol/handler.go:1591	have processed broadcast	{"{round 20 3  <nil>}": {"Key":"from","Type":15,"Integer":0,"String":"b","Interface":null}}
2025-08-15T22:13:47.276-0500	DEBUG	protocol/handler.go:1591	have processed broadcast	{"{round 20 3  <nil>}": {"Key":"from","Type":15,"Integer":0,"String":"c","Interface":null}}
2025-08-15T22:13:47.276-0500	DEBUG	protocol/handler.go:1649	have all messages and processed	{"{round 20 3  <nil>}": {"Key":"self","Type":15,"Integer":0,"String":"a","Interface":null}}
2025-08-15T22:13:47.277-0500	DEBUG	protocol/handler.go:596	round already finalized
2025-08-15T22:13:47.293-0500	DEBUG	protocol/handler.go:581	tryAdvanceRound called	{"{current_round 20 3  <nil>}": {"Key":"self","Type":15,"Integer":0,"String":"c","Interface":null}}
2025-08-15T22:13:47.294-0500	DEBUG	protocol/handler.go:1591	have processed broadcast	{"{round 20 3  <nil>}": {"Key":"from","Type":15,"Integer":0,"String":"a","Interface":null}}
2025-08-15T22:13:47.294-0500	DEBUG	protocol/handler.go:1591	have processed broadcast	{"{round 20 3  <nil>}": {"Key":"from","Type":15,"Integer":0,"String":"b","Interface":null}}
2025-08-15T22:13:47.294-0500	DEBUG	protocol/handler.go:954	round already being initialized/finalized, skipping
2025-08-15T22:13:47.294-0500	DEBUG	protocol/handler.go:1649	have all messages and processed	{"{round 20 3  <nil>}": {"Key":"self","Type":15,"Integer":0,"String":"c","Interface":null}}
2025-08-15T22:13:47.294-0500	DEBUG	protocol/handler.go:596	round already finalized
2025-08-15T22:13:47.294-0500	DEBUG	protocol/handler.go:581	tryAdvanceRound called	{"{current_round 20 3  <nil>}": {"Key":"self","Type":15,"Integer":0,"String":"b","Interface":null}}
2025-08-15T22:13:47.294-0500	DEBUG	protocol/handler.go:954	round already being initialized/finalized, skipping
2025-08-15T22:13:47.294-0500	DEBUG	protocol/handler.go:1591	have processed broadcast	{"{round 20 3  <nil>}": {"Key":"from","Type":15,"Integer":0,"String":"a","Interface":null}}
2025-08-15T22:13:47.294-0500	DEBUG	protocol/handler.go:581	tryAdvanceRound called	{"{current_round 20 3  <nil>}": {"Key":"self","Type":15,"Integer":0,"String":"a","Interface":null}}
2025-08-15T22:13:47.294-0500	DEBUG	protocol/handler.go:1591	have processed broadcast	{"{round 20 3  <nil>}": {"Key":"from","Type":15,"Integer":0,"String":"b","Interface":null}}
2025-08-15T22:13:47.294-0500	DEBUG	protocol/handler.go:1591	have processed broadcast	{"{round 20 3  <nil>}": {"Key":"from","Type":15,"Integer":0,"String":"c","Interface":null}}
2025-08-15T22:13:47.294-0500	DEBUG	protocol/handler.go:1649	have all messages and processed	{"{round 20 3  <nil>}": {"Key":"self","Type":15,"Integer":0,"String":"a","Interface":null}}
2025-08-15T22:13:47.294-0500	DEBUG	protocol/handler.go:596	round already finalized
2025-08-15T22:13:47.294-0500	DEBUG	protocol/handler.go:1591	have processed broadcast	{"{round 20 3  <nil>}": {"Key":"from","Type":15,"Integer":0,"String":"c","Interface":null}}
2025-08-15T22:13:47.294-0500	DEBUG	protocol/handler.go:1649	have all messages and processed	{"{round 20 3  <nil>}": {"Key":"self","Type":15,"Integer":0,"String":"b","Interface":null}}
2025-08-15T22:13:47.295-0500	DEBUG	protocol/handler.go:596	round already finalized
2025-08-15T22:13:47.297-0500	DEBUG	protocol/handler.go:581	tryAdvanceRound called	{"{current_round 20 3  <nil>}": {"Key":"self","Type":15,"Integer":0,"String":"a","Interface":null}}
2025-08-15T22:13:47.297-0500	DEBUG	protocol/handler.go:1591	have processed broadcast	{"{round 20 3  <nil>}": {"Key":"from","Type":15,"Integer":0,"String":"b","Interface":null}}
2025-08-15T22:13:47.297-0500	DEBUG	protocol/handler.go:1591	have processed broadcast	{"{round 20 3  <nil>}": {"Key":"from","Type":15,"Integer":0,"String":"c","Interface":null}}
2025-08-15T22:13:47.297-0500	DEBUG	protocol/handler.go:1649	have all messages and processed	{"{round 20 3  <nil>}": {"Key":"self","Type":15,"Integer":0,"String":"a","Interface":null}}
2025-08-15T22:13:47.297-0500	DEBUG	protocol/handler.go:596	round already finalized
2025-08-15T22:13:47.308-0500	DEBUG	protocol/handler.go:581	tryAdvanceRound called	{"{current_round 20 3  <nil>}": {"Key":"self","Type":15,"Integer":0,"String":"c","Interface":null}}
2025-08-15T22:13:47.308-0500	DEBUG	protocol/handler.go:581	tryAdvanceRound called	{"{current_round 20 3  <nil>}": {"Key":"self","Type":15,"Integer":0,"String":"b","Interface":null}}
2025-08-15T22:13:47.308-0500	DEBUG	protocol/handler.go:1591	have processed broadcast	{"{round 20 3  <nil>}": {"Key":"from","Type":15,"Integer":0,"String":"a","Interface":null}}
2025-08-15T22:13:47.309-0500	DEBUG	protocol/handler.go:1591	have processed broadcast	{"{round 20 3  <nil>}": {"Key":"from","Type":15,"Integer":0,"String":"a","Interface":null}}
2025-08-15T22:13:47.309-0500	DEBUG	protocol/handler.go:1591	have processed broadcast	{"{round 20 3  <nil>}": {"Key":"from","Type":15,"Integer":0,"String":"b","Interface":null}}
2025-08-15T22:13:47.309-0500	DEBUG	protocol/handler.go:1649	have all messages and processed	{"{round 20 3  <nil>}": {"Key":"self","Type":15,"Integer":0,"String":"c","Interface":null}}
2025-08-15T22:13:47.309-0500	DEBUG	protocol/handler.go:1591	have processed broadcast	{"{round 20 3  <nil>}": {"Key":"from","Type":15,"Integer":0,"String":"c","Interface":null}}
2025-08-15T22:13:47.309-0500	DEBUG	protocol/handler.go:596	round already finalized
2025-08-15T22:13:47.309-0500	DEBUG	protocol/handler.go:1649	have all messages and processed	{"{round 20 3  <nil>}": {"Key":"self","Type":15,"Integer":0,"String":"b","Interface":null}}
2025-08-15T22:13:47.308-0500	DEBUG	protocol/handler.go:581	tryAdvanceRound called	{"{current_round 20 3  <nil>}": {"Key":"self","Type":15,"Integer":0,"String":"a","Interface":null}}
2025-08-15T22:13:47.309-0500	DEBUG	protocol/handler.go:596	round already finalized
2025-08-15T22:13:47.309-0500	DEBUG	protocol/handler.go:1591	have processed broadcast	{"{round 20 3  <nil>}": {"Key":"from","Type":15,"Integer":0,"String":"b","Interface":null}}
2025-08-15T22:13:47.309-0500	DEBUG	protocol/handler.go:1591	have processed broadcast	{"{round 20 3  <nil>}": {"Key":"from","Type":15,"Integer":0,"String":"c","Interface":null}}
2025-08-15T22:13:47.309-0500	DEBUG	protocol/handler.go:1649	have all messages and processed	{"{round 20 3  <nil>}": {"Key":"self","Type":15,"Integer":0,"String":"a","Interface":null}}
2025-08-15T22:13:47.309-0500	DEBUG	protocol/handler.go:596	round already finalized
2025-08-15T22:13:47.318-0500	DEBUG	protocol/handler.go:581	tryAdvanceRound called	{"{current_round 20 3  <nil>}": {"Key":"self","Type":15,"Integer":0,"String":"a","Interface":null}}
2025-08-15T22:13:47.318-0500	DEBUG	protocol/handler.go:581	tryAdvanceRound called	{"{current_round 20 3  <nil>}": {"Key":"self","Type":15,"Integer":0,"String":"c","Interface":null}}
2025-08-15T22:13:47.318-0500	DEBUG	protocol/handler.go:1591	have processed broadcast	{"{round 20 3  <nil>}": {"Key":"from","Type":15,"Integer":0,"String":"a","Interface":null}}
2025-08-15T22:13:47.318-0500	DEBUG	protocol/handler.go:1591	have processed broadcast	{"{round 20 3  <nil>}": {"Key":"from","Type":15,"Integer":0,"String":"b","Interface":null}}
2025-08-15T22:13:47.319-0500	DEBUG	protocol/handler.go:1591	have processed broadcast	{"{round 20 3  <nil>}": {"Key":"from","Type":15,"Integer":0,"String":"b","Interface":null}}
2025-08-15T22:13:47.318-0500	DEBUG	protocol/handler.go:581	tryAdvanceRound called	{"{current_round 20 3  <nil>}": {"Key":"self","Type":15,"Integer":0,"String":"b","Interface":null}}
2025-08-15T22:13:47.319-0500	DEBUG	protocol/handler.go:1649	have all messages and processed	{"{round 20 3  <nil>}": {"Key":"self","Type":15,"Integer":0,"String":"c","Interface":null}}
2025-08-15T22:13:47.319-0500	DEBUG	protocol/handler.go:596	round already finalized
2025-08-15T22:13:47.319-0500	DEBUG	protocol/handler.go:1591	have processed broadcast	{"{round 20 3  <nil>}": {"Key":"from","Type":15,"Integer":0,"String":"c","Interface":null}}
2025-08-15T22:13:47.319-0500	DEBUG	protocol/handler.go:1591	have processed broadcast	{"{round 20 3  <nil>}": {"Key":"from","Type":15,"Integer":0,"String":"a","Interface":null}}
2025-08-15T22:13:47.319-0500	DEBUG	protocol/handler.go:1649	have all messages and processed	{"{round 20 3  <nil>}": {"Key":"self","Type":15,"Integer":0,"String":"a","Interface":null}}
2025-08-15T22:13:47.319-0500	DEBUG	protocol/handler.go:1591	have processed broadcast	{"{round 20 3  <nil>}": {"Key":"from","Type":15,"Integer":0,"String":"c","Interface":null}}
2025-08-15T22:13:47.319-0500	DEBUG	protocol/handler.go:596	round already finalized
2025-08-15T22:13:47.319-0500	DEBUG	protocol/handler.go:1649	have all messages and processed	{"{round 20 3  <nil>}": {"Key":"self","Type":15,"Integer":0,"String":"b","Interface":null}}
2025-08-15T22:13:47.319-0500	DEBUG	protocol/handler.go:596	round already finalized
2025-08-15T22:13:47.331-0500	DEBUG	protocol/handler.go:581	tryAdvanceRound called	{"{current_round 20 3  <nil>}": {"Key":"self","Type":15,"Integer":0,"String":"b","Interface":null}}
2025-08-15T22:13:47.331-0500	DEBUG	protocol/handler.go:1591	have processed broadcast	{"{round 20 3  <nil>}": {"Key":"from","Type":15,"Integer":0,"String":"a","Interface":null}}
2025-08-15T22:13:47.331-0500	DEBUG	protocol/handler.go:1591	have processed broadcast	{"{round 20 3  <nil>}": {"Key":"from","Type":15,"Integer":0,"String":"c","Interface":null}}
2025-08-15T22:13:47.332-0500	DEBUG	protocol/handler.go:1649	have all messages and processed	{"{round 20 3  <nil>}": {"Key":"self","Type":15,"Integer":0,"String":"b","Interface":null}}
2025-08-15T22:13:47.332-0500	DEBUG	protocol/handler.go:596	round already finalized
2025-08-15T22:13:47.332-0500	DEBUG	protocol/handler.go:581	tryAdvanceRound called	{"{current_round 20 3  <nil>}": {"Key":"self","Type":15,"Integer":0,"String":"c","Interface":null}}
2025-08-15T22:13:47.332-0500	DEBUG	protocol/handler.go:1591	have processed broadcast	{"{round 20 3  <nil>}": {"Key":"from","Type":15,"Integer":0,"String":"a","Interface":null}}
2025-08-15T22:13:47.332-0500	DEBUG	protocol/handler.go:1591	have processed broadcast	{"{round 20 3  <nil>}": {"Key":"from","Type":15,"Integer":0,"String":"b","Interface":null}}
2025-08-15T22:13:47.332-0500	DEBUG	protocol/handler.go:1649	have all messages and processed	{"{round 20 3  <nil>}": {"Key":"self","Type":15,"Integer":0,"String":"c","Interface":null}}
2025-08-15T22:13:47.332-0500	DEBUG	protocol/handler.go:596	round already finalized
2025-08-15T22:13:47.332-0500	DEBUG	protocol/handler.go:581	tryAdvanceRound called	{"{current_round 20 3  <nil>}": {"Key":"self","Type":15,"Integer":0,"String":"c","Interface":null}}
2025-08-15T22:13:47.332-0500	DEBUG	protocol/handler.go:1591	have processed broadcast	{"{round 20 3  <nil>}": {"Key":"from","Type":15,"Integer":0,"String":"a","Interface":null}}
2025-08-15T22:13:47.332-0500	DEBUG	protocol/handler.go:581	tryAdvanceRound called	{"{current_round 20 3  <nil>}": {"Key":"self","Type":15,"Integer":0,"String":"a","Interface":null}}
2025-08-15T22:13:47.333-0500	DEBUG	protocol/handler.go:1591	have processed broadcast	{"{round 20 3  <nil>}": {"Key":"from","Type":15,"Integer":0,"String":"b","Interface":null}}
2025-08-15T22:13:47.333-0500	DEBUG	protocol/handler.go:1591	have processed broadcast	{"{round 20 3  <nil>}": {"Key":"from","Type":15,"Integer":0,"String":"c","Interface":null}}
2025-08-15T22:13:47.333-0500	DEBUG	protocol/handler.go:1649	have all messages and processed	{"{round 20 3  <nil>}": {"Key":"self","Type":15,"Integer":0,"String":"a","Interface":null}}
2025-08-15T22:13:47.332-0500	DEBUG	protocol/handler.go:1591	have processed broadcast	{"{round 20 3  <nil>}": {"Key":"from","Type":15,"Integer":0,"String":"b","Interface":null}}
2025-08-15T22:13:47.333-0500	DEBUG	protocol/handler.go:1649	have all messages and processed	{"{round 20 3  <nil>}": {"Key":"self","Type":15,"Integer":0,"String":"c","Interface":null}}
2025-08-15T22:13:47.333-0500	DEBUG	protocol/handler.go:596	round already finalized
2025-08-15T22:13:47.333-0500	DEBUG	protocol/handler.go:596	round already finalized
2025-08-15T22:13:47.336-0500	DEBUG	protocol/handler.go:581	tryAdvanceRound called	{"{current_round 20 3  <nil>}": {"Key":"self","Type":15,"Integer":0,"String":"a","Interface":null}}
2025-08-15T22:13:47.337-0500	DEBUG	protocol/handler.go:1591	have processed broadcast	{"{round 20 3  <nil>}": {"Key":"from","Type":15,"Integer":0,"String":"b","Interface":null}}
2025-08-15T22:13:47.337-0500	DEBUG	protocol/handler.go:1591	have processed broadcast	{"{round 20 3  <nil>}": {"Key":"from","Type":15,"Integer":0,"String":"c","Interface":null}}
2025-08-15T22:13:47.337-0500	DEBUG	protocol/handler.go:1649	have all messages and processed	{"{round 20 3  <nil>}": {"Key":"self","Type":15,"Integer":0,"String":"a","Interface":null}}
2025-08-15T22:13:47.337-0500	DEBUG	protocol/handler.go:596	round already finalized
2025-08-15T22:13:47.346-0500	DEBUG	protocol/handler.go:581	tryAdvanceRound called	{"{current_round 20 3  <nil>}": {"Key":"self","Type":15,"Integer":0,"String":"b","Interface":null}}
2025-08-15T22:13:47.346-0500	DEBUG	protocol/handler.go:1591	have processed broadcast	{"{round 20 3  <nil>}": {"Key":"from","Type":15,"Integer":0,"String":"a","Interface":null}}
2025-08-15T22:13:47.346-0500	DEBUG	protocol/handler.go:1591	have processed broadcast	{"{round 20 3  <nil>}": {"Key":"from","Type":15,"Integer":0,"String":"c","Interface":null}}
2025-08-15T22:13:47.346-0500	DEBUG	protocol/handler.go:1649	have all messages and processed	{"{round 20 3  <nil>}": {"Key":"self","Type":15,"Integer":0,"String":"b","Interface":null}}
2025-08-15T22:13:47.347-0500	DEBUG	protocol/handler.go:596	round already finalized
2025-08-15T22:13:47.347-0500	DEBUG	protocol/handler.go:581	tryAdvanceRound called	{"{current_round 20 3  <nil>}": {"Key":"self","Type":15,"Integer":0,"String":"c","Interface":null}}
2025-08-15T22:13:47.347-0500	DEBUG	protocol/handler.go:1591	have processed broadcast	{"{round 20 3  <nil>}": {"Key":"from","Type":15,"Integer":0,"String":"a","Interface":null}}
2025-08-15T22:13:47.347-0500	DEBUG	protocol/handler.go:1591	have processed broadcast	{"{round 20 3  <nil>}": {"Key":"from","Type":15,"Integer":0,"String":"b","Interface":null}}
2025-08-15T22:13:47.347-0500	DEBUG	protocol/handler.go:1649	have all messages and processed	{"{round 20 3  <nil>}": {"Key":"self","Type":15,"Integer":0,"String":"c","Interface":null}}
2025-08-15T22:13:47.347-0500	DEBUG	protocol/handler.go:596	round already finalized
2025-08-15T22:13:47.347-0500	DEBUG	protocol/handler.go:581	tryAdvanceRound called	{"{current_round 20 3  <nil>}": {"Key":"self","Type":15,"Integer":0,"String":"a","Interface":null}}
2025-08-15T22:13:47.347-0500	DEBUG	protocol/handler.go:1591	have processed broadcast	{"{round 20 3  <nil>}": {"Key":"from","Type":15,"Integer":0,"String":"b","Interface":null}}
2025-08-15T22:13:47.347-0500	DEBUG	protocol/handler.go:1591	have processed broadcast	{"{round 20 3  <nil>}": {"Key":"from","Type":15,"Integer":0,"String":"c","Interface":null}}
2025-08-15T22:13:47.347-0500	DEBUG	protocol/handler.go:1649	have all messages and processed	{"{round 20 3  <nil>}": {"Key":"self","Type":15,"Integer":0,"String":"a","Interface":null}}
2025-08-15T22:13:47.348-0500	DEBUG	protocol/handler.go:596	round already finalized
2025-08-15T22:13:47.357-0500	DEBUG	protocol/handler.go:581	tryAdvanceRound called	{"{current_round 20 3  <nil>}": {"Key":"self","Type":15,"Integer":0,"String":"c","Interface":null}}
2025-08-15T22:13:47.357-0500	DEBUG	protocol/handler.go:1591	have processed broadcast	{"{round 20 3  <nil>}": {"Key":"from","Type":15,"Integer":0,"String":"a","Interface":null}}
2025-08-15T22:13:47.357-0500	DEBUG	protocol/handler.go:1591	have processed broadcast	{"{round 20 3  <nil>}": {"Key":"from","Type":15,"Integer":0,"String":"b","Interface":null}}
2025-08-15T22:13:47.357-0500	DEBUG	protocol/handler.go:1649	have all messages and processed	{"{round 20 3  <nil>}": {"Key":"self","Type":15,"Integer":0,"String":"c","Interface":null}}
2025-08-15T22:13:47.357-0500	DEBUG	protocol/handler.go:596	round already finalized
2025-08-15T22:13:47.357-0500	DEBUG	protocol/handler.go:581	tryAdvanceRound called	{"{current_round 20 3  <nil>}": {"Key":"self","Type":15,"Integer":0,"String":"b","Interface":null}}
2025-08-15T22:13:47.359-0500	DEBUG	protocol/handler.go:1591	have processed broadcast	{"{round 20 3  <nil>}": {"Key":"from","Type":15,"Integer":0,"String":"a","Interface":null}}
2025-08-15T22:13:47.359-0500	DEBUG	protocol/handler.go:1591	have processed broadcast	{"{round 20 3  <nil>}": {"Key":"from","Type":15,"Integer":0,"String":"c","Interface":null}}
2025-08-15T22:13:47.359-0500	DEBUG	protocol/handler.go:1649	have all messages and processed	{"{round 20 3  <nil>}": {"Key":"self","Type":15,"Integer":0,"String":"b","Interface":null}}
2025-08-15T22:13:47.359-0500	DEBUG	protocol/handler.go:596	round already finalized
2025-08-15T22:13:47.359-0500	DEBUG	protocol/handler.go:581	tryAdvanceRound called	{"{current_round 20 3  <nil>}": {"Key":"self","Type":15,"Integer":0,"String":"a","Interface":null}}
2025-08-15T22:13:47.361-0500	DEBUG	protocol/handler.go:581	tryAdvanceRound called	{"{current_round 20 3  <nil>}": {"Key":"self","Type":15,"Integer":0,"String":"b","Interface":null}}
2025-08-15T22:13:47.361-0500	DEBUG	protocol/handler.go:1591	have processed broadcast	{"{round 20 3  <nil>}": {"Key":"from","Type":15,"Integer":0,"String":"b","Interface":null}}
2025-08-15T22:13:47.361-0500	DEBUG	protocol/handler.go:1591	have processed broadcast	{"{round 20 3  <nil>}": {"Key":"from","Type":15,"Integer":0,"String":"c","Interface":null}}
2025-08-15T22:13:47.361-0500	DEBUG	protocol/handler.go:1649	have all messages and processed	{"{round 20 3  <nil>}": {"Key":"self","Type":15,"Integer":0,"String":"a","Interface":null}}
2025-08-15T22:13:47.361-0500	DEBUG	protocol/handler.go:596	round already finalized
2025-08-15T22:13:47.361-0500	DEBUG	protocol/handler.go:1591	have processed broadcast	{"{round 20 3  <nil>}": {"Key":"from","Type":15,"Integer":0,"String":"a","Interface":null}}
2025-08-15T22:13:47.361-0500	DEBUG	protocol/handler.go:1591	have processed broadcast	{"{round 20 3  <nil>}": {"Key":"from","Type":15,"Integer":0,"String":"c","Interface":null}}
2025-08-15T22:13:47.361-0500	DEBUG	protocol/handler.go:581	tryAdvanceRound called	{"{current_round 20 3  <nil>}": {"Key":"self","Type":15,"Integer":0,"String":"c","Interface":null}}
2025-08-15T22:13:47.361-0500	DEBUG	protocol/handler.go:1649	have all messages and processed	{"{round 20 3  <nil>}": {"Key":"self","Type":15,"Integer":0,"String":"b","Interface":null}}
2025-08-15T22:13:47.361-0500	DEBUG	protocol/handler.go:596	round already finalized
2025-08-15T22:13:47.361-0500	DEBUG	protocol/handler.go:1591	have processed broadcast	{"{round 20 3  <nil>}": {"Key":"from","Type":15,"Integer":0,"String":"a","Interface":null}}
2025-08-15T22:13:47.362-0500	DEBUG	protocol/handler.go:1591	have processed broadcast	{"{round 20 3  <nil>}": {"Key":"from","Type":15,"Integer":0,"String":"b","Interface":null}}
2025-08-15T22:13:47.362-0500	DEBUG	protocol/handler.go:1649	have all messages and processed	{"{round 20 3  <nil>}": {"Key":"self","Type":15,"Integer":0,"String":"c","Interface":null}}
2025-08-15T22:13:47.362-0500	DEBUG	protocol/handler.go:596	round already finalized
2025-08-15T22:13:47.370-0500	DEBUG	protocol/handler.go:581	tryAdvanceRound called	{"{current_round 20 3  <nil>}": {"Key":"self","Type":15,"Integer":0,"String":"a","Interface":null}}
2025-08-15T22:13:47.370-0500	DEBUG	protocol/handler.go:1591	have processed broadcast	{"{round 20 3  <nil>}": {"Key":"from","Type":15,"Integer":0,"String":"b","Interface":null}}
2025-08-15T22:13:47.370-0500	DEBUG	protocol/handler.go:1591	have processed broadcast	{"{round 20 3  <nil>}": {"Key":"from","Type":15,"Integer":0,"String":"c","Interface":null}}
2025-08-15T22:13:47.370-0500	DEBUG	protocol/handler.go:1649	have all messages and processed	{"{round 20 3  <nil>}": {"Key":"self","Type":15,"Integer":0,"String":"a","Interface":null}}
2025-08-15T22:13:47.370-0500	DEBUG	protocol/handler.go:596	round already finalized
2025-08-15T22:13:47.387-0500	DEBUG	protocol/handler.go:581	tryAdvanceRound called	{"{current_round 20 3  <nil>}": {"Key":"self","Type":15,"Integer":0,"String":"b","Interface":null}}
2025-08-15T22:13:47.387-0500	DEBUG	protocol/handler.go:581	tryAdvanceRound called	{"{current_round 20 3  <nil>}": {"Key":"self","Type":15,"Integer":0,"String":"c","Interface":null}}
2025-08-15T22:13:47.387-0500	DEBUG	protocol/handler.go:1591	have processed broadcast	{"{round 20 3  <nil>}": {"Key":"from","Type":15,"Integer":0,"String":"a","Interface":null}}
2025-08-15T22:13:47.387-0500	DEBUG	protocol/handler.go:1591	have processed broadcast	{"{round 20 3  <nil>}": {"Key":"from","Type":15,"Integer":0,"String":"c","Interface":null}}
2025-08-15T22:13:47.387-0500	DEBUG	protocol/handler.go:1591	have processed broadcast	{"{round 20 3  <nil>}": {"Key":"from","Type":15,"Integer":0,"String":"a","Interface":null}}
2025-08-15T22:13:47.387-0500	DEBUG	protocol/handler.go:1649	have all messages and processed	{"{round 20 3  <nil>}": {"Key":"self","Type":15,"Integer":0,"String":"b","Interface":null}}
2025-08-15T22:13:47.387-0500	DEBUG	protocol/handler.go:1591	have processed broadcast	{"{round 20 3  <nil>}": {"Key":"from","Type":15,"Integer":0,"String":"b","Interface":null}}
2025-08-15T22:13:47.387-0500	DEBUG	protocol/handler.go:596	round already finalized
2025-08-15T22:13:47.387-0500	DEBUG	protocol/handler.go:1649	have all messages and processed	{"{round 20 3  <nil>}": {"Key":"self","Type":15,"Integer":0,"String":"c","Interface":null}}
2025-08-15T22:13:47.387-0500	DEBUG	protocol/handler.go:581	tryAdvanceRound called	{"{current_round 20 3  <nil>}": {"Key":"self","Type":15,"Integer":0,"String":"b","Interface":null}}
2025-08-15T22:13:47.387-0500	DEBUG	protocol/handler.go:596	round already finalized
2025-08-15T22:13:47.387-0500	DEBUG	protocol/handler.go:1591	have processed broadcast	{"{round 20 3  <nil>}": {"Key":"from","Type":15,"Integer":0,"String":"a","Interface":null}}
2025-08-15T22:13:47.387-0500	DEBUG	protocol/handler.go:581	tryAdvanceRound called	{"{current_round 20 3  <nil>}": {"Key":"self","Type":15,"Integer":0,"String":"a","Interface":null}}
2025-08-15T22:13:47.387-0500	DEBUG	protocol/handler.go:581	tryAdvanceRound called	{"{current_round 20 3  <nil>}": {"Key":"self","Type":15,"Integer":0,"String":"c","Interface":null}}
2025-08-15T22:13:47.387-0500	DEBUG	protocol/handler.go:1591	have processed broadcast	{"{round 20 3  <nil>}": {"Key":"from","Type":15,"Integer":0,"String":"b","Interface":null}}
2025-08-15T22:13:47.387-0500	DEBUG	protocol/handler.go:1591	have processed broadcast	{"{round 20 3  <nil>}": {"Key":"from","Type":15,"Integer":0,"String":"a","Interface":null}}
2025-08-15T22:13:47.387-0500	DEBUG	protocol/handler.go:1591	have processed broadcast	{"{round 20 3  <nil>}": {"Key":"from","Type":15,"Integer":0,"String":"c","Interface":null}}
2025-08-15T22:13:47.387-0500	DEBUG	protocol/handler.go:1591	have processed broadcast	{"{round 20 3  <nil>}": {"Key":"from","Type":15,"Integer":0,"String":"b","Interface":null}}
2025-08-15T22:13:47.387-0500	DEBUG	protocol/handler.go:1649	have all messages and processed	{"{round 20 3  <nil>}": {"Key":"self","Type":15,"Integer":0,"String":"a","Interface":null}}
2025-08-15T22:13:47.387-0500	DEBUG	protocol/handler.go:1649	have all messages and processed	{"{round 20 3  <nil>}": {"Key":"self","Type":15,"Integer":0,"String":"c","Interface":null}}
2025-08-15T22:13:47.387-0500	DEBUG	protocol/handler.go:596	round already finalized
2025-08-15T22:13:47.387-0500	DEBUG	protocol/handler.go:1591	have processed broadcast	{"{round 20 3  <nil>}": {"Key":"from","Type":15,"Integer":0,"String":"c","Interface":null}}
2025-08-15T22:13:47.387-0500	DEBUG	protocol/handler.go:596	round already finalized
2025-08-15T22:13:47.387-0500	DEBUG	protocol/handler.go:1649	have all messages and processed	{"{round 20 3  <nil>}": {"Key":"self","Type":15,"Integer":0,"String":"b","Interface":null}}
2025-08-15T22:13:47.388-0500	DEBUG	protocol/handler.go:596	round already finalized
2025-08-15T22:13:47.391-0500	DEBUG	protocol/handler.go:581	tryAdvanceRound called	{"{current_round 20 3  <nil>}": {"Key":"self","Type":15,"Integer":0,"String":"b","Interface":null}}
2025-08-15T22:13:47.391-0500	DEBUG	protocol/handler.go:581	tryAdvanceRound called	{"{current_round 20 3  <nil>}": {"Key":"self","Type":15,"Integer":0,"String":"c","Interface":null}}
2025-08-15T22:13:47.391-0500	DEBUG	protocol/handler.go:1591	have processed broadcast	{"{round 20 3  <nil>}": {"Key":"from","Type":15,"Integer":0,"String":"a","Interface":null}}
2025-08-15T22:13:47.391-0500	DEBUG	protocol/handler.go:1591	have processed broadcast	{"{round 20 3  <nil>}": {"Key":"from","Type":15,"Integer":0,"String":"c","Interface":null}}
2025-08-15T22:13:47.391-0500	DEBUG	protocol/handler.go:1591	have processed broadcast	{"{round 20 3  <nil>}": {"Key":"from","Type":15,"Integer":0,"String":"a","Interface":null}}
2025-08-15T22:13:47.391-0500	DEBUG	protocol/handler.go:1649	have all messages and processed	{"{round 20 3  <nil>}": {"Key":"self","Type":15,"Integer":0,"String":"b","Interface":null}}
2025-08-15T22:13:47.391-0500	DEBUG	protocol/handler.go:1591	have processed broadcast	{"{round 20 3  <nil>}": {"Key":"from","Type":15,"Integer":0,"String":"b","Interface":null}}
2025-08-15T22:13:47.391-0500	DEBUG	protocol/handler.go:1649	have all messages and processed	{"{round 20 3  <nil>}": {"Key":"self","Type":15,"Integer":0,"String":"c","Interface":null}}
2025-08-15T22:13:47.391-0500	DEBUG	protocol/handler.go:596	round already finalized
2025-08-15T22:13:47.391-0500	DEBUG	protocol/handler.go:596	round already finalized
2025-08-15T22:13:47.398-0500	DEBUG	protocol/handler.go:581	tryAdvanceRound called	{"{current_round 20 3  <nil>}": {"Key":"self","Type":15,"Integer":0,"String":"a","Interface":null}}
2025-08-15T22:13:47.398-0500	DEBUG	protocol/handler.go:1591	have processed broadcast	{"{round 20 3  <nil>}": {"Key":"from","Type":15,"Integer":0,"String":"b","Interface":null}}
2025-08-15T22:13:47.398-0500	DEBUG	protocol/handler.go:1591	have processed broadcast	{"{round 20 3  <nil>}": {"Key":"from","Type":15,"Integer":0,"String":"c","Interface":null}}
2025-08-15T22:13:47.398-0500	DEBUG	protocol/handler.go:1649	have all messages and processed	{"{round 20 3  <nil>}": {"Key":"self","Type":15,"Integer":0,"String":"a","Interface":null}}
2025-08-15T22:13:47.398-0500	DEBUG	protocol/handler.go:596	round already finalized
2025-08-15T22:13:47.404-0500	DEBUG	protocol/handler.go:581	tryAdvanceRound called	{"{current_round 20 3  <nil>}": {"Key":"self","Type":15,"Integer":0,"String":"b","Interface":null}}
2025-08-15T22:13:47.404-0500	DEBUG	protocol/handler.go:1591	have processed broadcast	{"{round 20 3  <nil>}": {"Key":"from","Type":15,"Integer":0,"String":"a","Interface":null}}
2025-08-15T22:13:47.404-0500	DEBUG	protocol/handler.go:1591	have processed broadcast	{"{round 20 3  <nil>}": {"Key":"from","Type":15,"Integer":0,"String":"c","Interface":null}}
2025-08-15T22:13:47.404-0500	DEBUG	protocol/handler.go:581	tryAdvanceRound called	{"{current_round 20 3  <nil>}": {"Key":"self","Type":15,"Integer":0,"String":"c","Interface":null}}
2025-08-15T22:13:47.405-0500	DEBUG	protocol/handler.go:1591	have processed broadcast	{"{round 20 3  <nil>}": {"Key":"from","Type":15,"Integer":0,"String":"a","Interface":null}}
2025-08-15T22:13:47.405-0500	DEBUG	protocol/handler.go:1591	have processed broadcast	{"{round 20 3  <nil>}": {"Key":"from","Type":15,"Integer":0,"String":"b","Interface":null}}
2025-08-15T22:13:47.405-0500	DEBUG	protocol/handler.go:1649	have all messages and processed	{"{round 20 3  <nil>}": {"Key":"self","Type":15,"Integer":0,"String":"c","Interface":null}}
2025-08-15T22:13:47.405-0500	DEBUG	protocol/handler.go:596	round already finalized
2025-08-15T22:13:47.405-0500	DEBUG	protocol/handler.go:1649	have all messages and processed	{"{round 20 3  <nil>}": {"Key":"self","Type":15,"Integer":0,"String":"b","Interface":null}}
2025-08-15T22:13:47.405-0500	DEBUG	protocol/handler.go:596	round already finalized
2025-08-15T22:13:47.413-0500	DEBUG	protocol/handler.go:581	tryAdvanceRound called	{"{current_round 20 3  <nil>}": {"Key":"self","Type":15,"Integer":0,"String":"c","Interface":null}}
2025-08-15T22:13:47.413-0500	DEBUG	protocol/handler.go:1591	have processed broadcast	{"{round 20 3  <nil>}": {"Key":"from","Type":15,"Integer":0,"String":"a","Interface":null}}
2025-08-15T22:13:47.413-0500	DEBUG	protocol/handler.go:1591	have processed broadcast	{"{round 20 3  <nil>}": {"Key":"from","Type":15,"Integer":0,"String":"b","Interface":null}}
2025-08-15T22:13:47.413-0500	DEBUG	protocol/handler.go:1649	have all messages and processed	{"{round 20 3  <nil>}": {"Key":"self","Type":15,"Integer":0,"String":"c","Interface":null}}
2025-08-15T22:13:47.413-0500	DEBUG	protocol/handler.go:596	round already finalized
2025-08-15T22:13:47.413-0500	DEBUG	protocol/handler.go:581	tryAdvanceRound called	{"{current_round 20 3  <nil>}": {"Key":"self","Type":15,"Integer":0,"String":"b","Interface":null}}
2025-08-15T22:13:47.413-0500	DEBUG	protocol/handler.go:1591	have processed broadcast	{"{round 20 3  <nil>}": {"Key":"from","Type":15,"Integer":0,"String":"a","Interface":null}}
2025-08-15T22:13:47.414-0500	DEBUG	protocol/handler.go:1591	have processed broadcast	{"{round 20 3  <nil>}": {"Key":"from","Type":15,"Integer":0,"String":"c","Interface":null}}
2025-08-15T22:13:47.414-0500	DEBUG	protocol/handler.go:1649	have all messages and processed	{"{round 20 3  <nil>}": {"Key":"self","Type":15,"Integer":0,"String":"b","Interface":null}}
2025-08-15T22:13:47.414-0500	DEBUG	protocol/handler.go:596	round already finalized
2025-08-15T22:13:47.432-0500	DEBUG	protocol/handler.go:581	tryAdvanceRound called	{"{current_round 20 3  <nil>}": {"Key":"self","Type":15,"Integer":0,"String":"b","Interface":null}}
2025-08-15T22:13:47.432-0500	DEBUG	protocol/handler.go:1591	have processed broadcast	{"{round 20 3  <nil>}": {"Key":"from","Type":15,"Integer":0,"String":"a","Interface":null}}
2025-08-15T22:13:47.432-0500	DEBUG	protocol/handler.go:1591	have processed broadcast	{"{round 20 3  <nil>}": {"Key":"from","Type":15,"Integer":0,"String":"c","Interface":null}}
2025-08-15T22:13:47.432-0500	DEBUG	protocol/handler.go:1649	have all messages and processed	{"{round 20 3  <nil>}": {"Key":"self","Type":15,"Integer":0,"String":"b","Interface":null}}
2025-08-15T22:13:47.432-0500	DEBUG	protocol/handler.go:596	round already finalized
2025-08-15T22:13:47.432-0500	DEBUG	protocol/handler.go:581	tryAdvanceRound called	{"{current_round 20 3  <nil>}": {"Key":"self","Type":15,"Integer":0,"String":"c","Interface":null}}
2025-08-15T22:13:47.432-0500	DEBUG	protocol/handler.go:1591	have processed broadcast	{"{round 20 3  <nil>}": {"Key":"from","Type":15,"Integer":0,"String":"a","Interface":null}}
2025-08-15T22:13:47.432-0500	DEBUG	protocol/handler.go:1591	have processed broadcast	{"{round 20 3  <nil>}": {"Key":"from","Type":15,"Integer":0,"String":"b","Interface":null}}
2025-08-15T22:13:47.432-0500	DEBUG	protocol/handler.go:1649	have all messages and processed	{"{round 20 3  <nil>}": {"Key":"self","Type":15,"Integer":0,"String":"c","Interface":null}}
2025-08-15T22:13:47.432-0500	DEBUG	protocol/handler.go:596	round already finalized
2025-08-15T22:13:47.441-0500	DEBUG	protocol/handler.go:581	tryAdvanceRound called	{"{current_round 20 3  <nil>}": {"Key":"self","Type":15,"Integer":0,"String":"b","Interface":null}}
2025-08-15T22:13:47.441-0500	DEBUG	protocol/handler.go:1591	have processed broadcast	{"{round 20 3  <nil>}": {"Key":"from","Type":15,"Integer":0,"String":"a","Interface":null}}
2025-08-15T22:13:47.441-0500	DEBUG	protocol/handler.go:1591	have processed broadcast	{"{round 20 3  <nil>}": {"Key":"from","Type":15,"Integer":0,"String":"c","Interface":null}}
2025-08-15T22:13:47.441-0500	DEBUG	protocol/handler.go:1649	have all messages and processed	{"{round 20 3  <nil>}": {"Key":"self","Type":15,"Integer":0,"String":"b","Interface":null}}
2025-08-15T22:13:47.441-0500	DEBUG	protocol/handler.go:596	round already finalized
2025-08-15T22:13:47.441-0500	DEBUG	protocol/handler.go:581	tryAdvanceRound called	{"{current_round 20 3  <nil>}": {"Key":"self","Type":15,"Integer":0,"String":"c","Interface":null}}
2025-08-15T22:13:47.441-0500	DEBUG	protocol/handler.go:1591	have processed broadcast	{"{round 20 3  <nil>}": {"Key":"from","Type":15,"Integer":0,"String":"a","Interface":null}}
2025-08-15T22:13:47.441-0500	DEBUG	protocol/handler.go:1591	have processed broadcast	{"{round 20 3  <nil>}": {"Key":"from","Type":15,"Integer":0,"String":"b","Interface":null}}
2025-08-15T22:13:47.443-0500	DEBUG	protocol/handler.go:1649	have all messages and processed	{"{round 20 3  <nil>}": {"Key":"self","Type":15,"Integer":0,"String":"c","Interface":null}}
2025-08-15T22:13:47.444-0500	DEBUG	protocol/handler.go:596	round already finalized
2025-08-15T22:13:47.453-0500	DEBUG	protocol/handler.go:581	tryAdvanceRound called	{"{current_round 20 3  <nil>}": {"Key":"self","Type":15,"Integer":0,"String":"b","Interface":null}}
2025-08-15T22:13:47.453-0500	DEBUG	protocol/handler.go:1591	have processed broadcast	{"{round 20 3  <nil>}": {"Key":"from","Type":15,"Integer":0,"String":"a","Interface":null}}
2025-08-15T22:13:47.453-0500	DEBUG	protocol/handler.go:1591	have processed broadcast	{"{round 20 3  <nil>}": {"Key":"from","Type":15,"Integer":0,"String":"c","Interface":null}}
2025-08-15T22:13:47.453-0500	DEBUG	protocol/handler.go:1649	have all messages and processed	{"{round 20 3  <nil>}": {"Key":"self","Type":15,"Integer":0,"String":"b","Interface":null}}
2025-08-15T22:13:47.453-0500	DEBUG	protocol/handler.go:596	round already finalized
2025-08-15T22:13:47.454-0500	DEBUG	protocol/handler.go:581	tryAdvanceRound called	{"{current_round 20 3  <nil>}": {"Key":"self","Type":15,"Integer":0,"String":"c","Interface":null}}
2025-08-15T22:13:47.454-0500	DEBUG	protocol/handler.go:1591	have processed broadcast	{"{round 20 3  <nil>}": {"Key":"from","Type":15,"Integer":0,"String":"a","Interface":null}}
2025-08-15T22:13:47.454-0500	DEBUG	protocol/handler.go:1591	have processed broadcast	{"{round 20 3  <nil>}": {"Key":"from","Type":15,"Integer":0,"String":"b","Interface":null}}
2025-08-15T22:13:47.454-0500	DEBUG	protocol/handler.go:1649	have all messages and processed	{"{round 20 3  <nil>}": {"Key":"self","Type":15,"Integer":0,"String":"c","Interface":null}}
2025-08-15T22:13:47.454-0500	DEBUG	protocol/handler.go:596	round already finalized
2025-08-15T22:13:47.455-0500	DEBUG	protocol/handler.go:581	tryAdvanceRound called	{"{current_round 20 3  <nil>}": {"Key":"self","Type":15,"Integer":0,"String":"a","Interface":null}}
2025-08-15T22:13:47.455-0500	DEBUG	protocol/handler.go:1591	have processed broadcast	{"{round 20 3  <nil>}": {"Key":"from","Type":15,"Integer":0,"String":"b","Interface":null}}
2025-08-15T22:13:47.456-0500	DEBUG	protocol/handler.go:1591	have processed broadcast	{"{round 20 3  <nil>}": {"Key":"from","Type":15,"Integer":0,"String":"c","Interface":null}}
2025-08-15T22:13:47.456-0500	DEBUG	protocol/handler.go:1649	have all messages and processed	{"{round 20 3  <nil>}": {"Key":"self","Type":15,"Integer":0,"String":"a","Interface":null}}
2025-08-15T22:13:47.456-0500	DEBUG	protocol/handler.go:596	round already finalized
2025-08-15T22:13:47.456-0500	DEBUG	protocol/handler.go:581	tryAdvanceRound called	{"{current_round 20 3  <nil>}": {"Key":"self","Type":15,"Integer":0,"String":"a","Interface":null}}
2025-08-15T22:13:47.456-0500	DEBUG	protocol/handler.go:1591	have processed broadcast	{"{round 20 3  <nil>}": {"Key":"from","Type":15,"Integer":0,"String":"b","Interface":null}}
2025-08-15T22:13:47.456-0500	DEBUG	protocol/handler.go:1591	have processed broadcast	{"{round 20 3  <nil>}": {"Key":"from","Type":15,"Integer":0,"String":"c","Interface":null}}
2025-08-15T22:13:47.457-0500	DEBUG	protocol/handler.go:1649	have all messages and processed	{"{round 20 3  <nil>}": {"Key":"self","Type":15,"Integer":0,"String":"a","Interface":null}}
2025-08-15T22:13:47.457-0500	DEBUG	protocol/handler.go:596	round already finalized
2025-08-15T22:13:47.457-0500	DEBUG	protocol/handler.go:581	tryAdvanceRound called	{"{current_round 20 3  <nil>}": {"Key":"self","Type":15,"Integer":0,"String":"a","Interface":null}}
2025-08-15T22:13:47.457-0500	DEBUG	protocol/handler.go:1591	have processed broadcast	{"{round 20 3  <nil>}": {"Key":"from","Type":15,"Integer":0,"String":"b","Interface":null}}
2025-08-15T22:13:47.457-0500	DEBUG	protocol/handler.go:1591	have processed broadcast	{"{round 20 3  <nil>}": {"Key":"from","Type":15,"Integer":0,"String":"c","Interface":null}}
2025-08-15T22:13:47.457-0500	DEBUG	protocol/handler.go:1649	have all messages and processed	{"{round 20 3  <nil>}": {"Key":"self","Type":15,"Integer":0,"String":"a","Interface":null}}
2025-08-15T22:13:47.457-0500	DEBUG	protocol/handler.go:596	round already finalized
2025-08-15T22:13:47.476-0500	DEBUG	protocol/handler.go:581	tryAdvanceRound called	{"{current_round 20 3  <nil>}": {"Key":"self","Type":15,"Integer":0,"String":"a","Interface":null}}
2025-08-15T22:13:47.477-0500	DEBUG	protocol/handler.go:1591	have processed broadcast	{"{round 20 3  <nil>}": {"Key":"from","Type":15,"Integer":0,"String":"b","Interface":null}}
2025-08-15T22:13:47.477-0500	DEBUG	protocol/handler.go:1591	have processed broadcast	{"{round 20 3  <nil>}": {"Key":"from","Type":15,"Integer":0,"String":"c","Interface":null}}
2025-08-15T22:13:47.477-0500	DEBUG	protocol/handler.go:1649	have all messages and processed	{"{round 20 3  <nil>}": {"Key":"self","Type":15,"Integer":0,"String":"a","Interface":null}}
2025-08-15T22:13:47.477-0500	DEBUG	protocol/handler.go:596	round already finalized
2025-08-15T22:13:47.477-0500	DEBUG	protocol/handler.go:581	tryAdvanceRound called	{"{current_round 20 3  <nil>}": {"Key":"self","Type":15,"Integer":0,"String":"b","Interface":null}}
2025-08-15T22:13:47.477-0500	DEBUG	protocol/handler.go:1591	have processed broadcast	{"{round 20 3  <nil>}": {"Key":"from","Type":15,"Integer":0,"String":"a","Interface":null}}
2025-08-15T22:13:47.477-0500	DEBUG	protocol/handler.go:1591	have processed broadcast	{"{round 20 3  <nil>}": {"Key":"from","Type":15,"Integer":0,"String":"c","Interface":null}}
2025-08-15T22:13:47.477-0500	DEBUG	protocol/handler.go:1649	have all messages and processed	{"{round 20 3  <nil>}": {"Key":"self","Type":15,"Integer":0,"String":"b","Interface":null}}
2025-08-15T22:13:47.477-0500	DEBUG	protocol/handler.go:596	round already finalized
2025-08-15T22:13:47.477-0500	DEBUG	protocol/handler.go:581	tryAdvanceRound called	{"{current_round 20 3  <nil>}": {"Key":"self","Type":15,"Integer":0,"String":"c","Interface":null}}
2025-08-15T22:13:47.477-0500	DEBUG	protocol/handler.go:1591	have processed broadcast	{"{round 20 3  <nil>}": {"Key":"from","Type":15,"Integer":0,"String":"a","Interface":null}}
2025-08-15T22:13:47.477-0500	DEBUG	protocol/handler.go:1591	have processed broadcast	{"{round 20 3  <nil>}": {"Key":"from","Type":15,"Integer":0,"String":"b","Interface":null}}
2025-08-15T22:13:47.477-0500	DEBUG	protocol/handler.go:1649	have all messages and processed	{"{round 20 3  <nil>}": {"Key":"self","Type":15,"Integer":0,"String":"c","Interface":null}}
2025-08-15T22:13:47.477-0500	DEBUG	protocol/handler.go:596	round already finalized
2025-08-15T22:13:47.487-0500	DEBUG	protocol/handler.go:581	tryAdvanceRound called	{"{current_round 20 3  <nil>}": {"Key":"self","Type":15,"Integer":0,"String":"a","Interface":null}}
2025-08-15T22:13:47.487-0500	DEBUG	protocol/handler.go:581	tryAdvanceRound called	{"{current_round 20 3  <nil>}": {"Key":"self","Type":15,"Integer":0,"String":"c","Interface":null}}
2025-08-15T22:13:47.487-0500	DEBUG	protocol/handler.go:1591	have processed broadcast	{"{round 20 3  <nil>}": {"Key":"from","Type":15,"Integer":0,"String":"b","Interface":null}}
2025-08-15T22:13:47.487-0500	DEBUG	protocol/handler.go:1591	have processed broadcast	{"{round 20 3  <nil>}": {"Key":"from","Type":15,"Integer":0,"String":"c","Interface":null}}
2025-08-15T22:13:47.487-0500	DEBUG	protocol/handler.go:1591	have processed broadcast	{"{round 20 3  <nil>}": {"Key":"from","Type":15,"Integer":0,"String":"a","Interface":null}}
2025-08-15T22:13:47.487-0500	DEBUG	protocol/handler.go:1649	have all messages and processed	{"{round 20 3  <nil>}": {"Key":"self","Type":15,"Integer":0,"String":"a","Interface":null}}
2025-08-15T22:13:47.487-0500	DEBUG	protocol/handler.go:1591	have processed broadcast	{"{round 20 3  <nil>}": {"Key":"from","Type":15,"Integer":0,"String":"b","Interface":null}}
2025-08-15T22:13:47.487-0500	DEBUG	protocol/handler.go:596	round already finalized
2025-08-15T22:13:47.487-0500	DEBUG	protocol/handler.go:1649	have all messages and processed	{"{round 20 3  <nil>}": {"Key":"self","Type":15,"Integer":0,"String":"c","Interface":null}}
2025-08-15T22:13:47.487-0500	DEBUG	protocol/handler.go:596	round already finalized
2025-08-15T22:13:47.487-0500	DEBUG	protocol/handler.go:581	tryAdvanceRound called	{"{current_round 20 3  <nil>}": {"Key":"self","Type":15,"Integer":0,"String":"b","Interface":null}}
2025-08-15T22:13:47.487-0500	DEBUG	protocol/handler.go:1591	have processed broadcast	{"{round 20 3  <nil>}": {"Key":"from","Type":15,"Integer":0,"String":"a","Interface":null}}
2025-08-15T22:13:47.487-0500	DEBUG	protocol/handler.go:1591	have processed broadcast	{"{round 20 3  <nil>}": {"Key":"from","Type":15,"Integer":0,"String":"c","Interface":null}}
2025-08-15T22:13:47.488-0500	DEBUG	protocol/handler.go:1649	have all messages and processed	{"{round 20 3  <nil>}": {"Key":"self","Type":15,"Integer":0,"String":"b","Interface":null}}
2025-08-15T22:13:47.488-0500	DEBUG	protocol/handler.go:596	round already finalized
2025-08-15T22:13:47.509-0500	DEBUG	protocol/handler.go:581	tryAdvanceRound called	{"{current_round 20 3  <nil>}": {"Key":"self","Type":15,"Integer":0,"String":"a","Interface":null}}
2025-08-15T22:13:47.510-0500	DEBUG	protocol/handler.go:1591	have processed broadcast	{"{round 20 3  <nil>}": {"Key":"from","Type":15,"Integer":0,"String":"b","Interface":null}}
2025-08-15T22:13:47.510-0500	DEBUG	protocol/handler.go:1591	have processed broadcast	{"{round 20 3  <nil>}": {"Key":"from","Type":15,"Integer":0,"String":"c","Interface":null}}
2025-08-15T22:13:47.510-0500	DEBUG	protocol/handler.go:1649	have all messages and processed	{"{round 20 3  <nil>}": {"Key":"self","Type":15,"Integer":0,"String":"a","Interface":null}}
2025-08-15T22:13:47.510-0500	DEBUG	protocol/handler.go:596	round already finalized
2025-08-15T22:13:47.510-0500	DEBUG	protocol/handler.go:581	tryAdvanceRound called	{"{current_round 20 3  <nil>}": {"Key":"self","Type":15,"Integer":0,"String":"b","Interface":null}}
2025-08-15T22:13:47.510-0500	DEBUG	protocol/handler.go:1591	have processed broadcast	{"{round 20 3  <nil>}": {"Key":"from","Type":15,"Integer":0,"String":"a","Interface":null}}
2025-08-15T22:13:47.510-0500	DEBUG	protocol/handler.go:1591	have processed broadcast	{"{round 20 3  <nil>}": {"Key":"from","Type":15,"Integer":0,"String":"c","Interface":null}}
2025-08-15T22:13:47.510-0500	DEBUG	protocol/handler.go:1649	have all messages and processed	{"{round 20 3  <nil>}": {"Key":"self","Type":15,"Integer":0,"String":"b","Interface":null}}
2025-08-15T22:13:47.510-0500	DEBUG	protocol/handler.go:596	round already finalized
2025-08-15T22:13:47.511-0500	DEBUG	protocol/handler.go:581	tryAdvanceRound called	{"{current_round 20 3  <nil>}": {"Key":"self","Type":15,"Integer":0,"String":"c","Interface":null}}
2025-08-15T22:13:47.511-0500	DEBUG	protocol/handler.go:1591	have processed broadcast	{"{round 20 3  <nil>}": {"Key":"from","Type":15,"Integer":0,"String":"a","Interface":null}}
2025-08-15T22:13:47.511-0500	DEBUG	protocol/handler.go:1591	have processed broadcast	{"{round 20 3  <nil>}": {"Key":"from","Type":15,"Integer":0,"String":"b","Interface":null}}
2025-08-15T22:13:47.511-0500	DEBUG	protocol/handler.go:1649	have all messages and processed	{"{round 20 3  <nil>}": {"Key":"self","Type":15,"Integer":0,"String":"c","Interface":null}}
2025-08-15T22:13:47.511-0500	DEBUG	protocol/handler.go:596	round already finalized
2025-08-15T22:13:47.511-0500	DEBUG	protocol/handler.go:581	tryAdvanceRound called	{"{current_round 20 3  <nil>}": {"Key":"self","Type":15,"Integer":0,"String":"b","Interface":null}}
2025-08-15T22:13:47.511-0500	DEBUG	protocol/handler.go:1591	have processed broadcast	{"{round 20 3  <nil>}": {"Key":"from","Type":15,"Integer":0,"String":"a","Interface":null}}
2025-08-15T22:13:47.511-0500	DEBUG	protocol/handler.go:1591	have processed broadcast	{"{round 20 3  <nil>}": {"Key":"from","Type":15,"Integer":0,"String":"c","Interface":null}}
2025-08-15T22:13:47.511-0500	DEBUG	protocol/handler.go:1649	have all messages and processed	{"{round 20 3  <nil>}": {"Key":"self","Type":15,"Integer":0,"String":"b","Interface":null}}
2025-08-15T22:13:47.511-0500	DEBUG	protocol/handler.go:596	round already finalized
2025-08-15T22:13:47.511-0500	DEBUG	protocol/handler.go:581	tryAdvanceRound called	{"{current_round 20 3  <nil>}": {"Key":"self","Type":15,"Integer":0,"String":"c","Interface":null}}
2025-08-15T22:13:47.511-0500	DEBUG	protocol/handler.go:1591	have processed broadcast	{"{round 20 3  <nil>}": {"Key":"from","Type":15,"Integer":0,"String":"a","Interface":null}}
2025-08-15T22:13:47.511-0500	DEBUG	protocol/handler.go:1591	have processed broadcast	{"{round 20 3  <nil>}": {"Key":"from","Type":15,"Integer":0,"String":"b","Interface":null}}
2025-08-15T22:13:47.511-0500	DEBUG	protocol/handler.go:1649	have all messages and processed	{"{round 20 3  <nil>}": {"Key":"self","Type":15,"Integer":0,"String":"c","Interface":null}}
2025-08-15T22:13:47.511-0500	DEBUG	protocol/handler.go:596	round already finalized
2025-08-15T22:13:47.518-0500	DEBUG	protocol/handler.go:581	tryAdvanceRound called	{"{current_round 20 3  <nil>}": {"Key":"self","Type":15,"Integer":0,"String":"a","Interface":null}}
2025-08-15T22:13:47.518-0500	DEBUG	protocol/handler.go:1591	have processed broadcast	{"{round 20 3  <nil>}": {"Key":"from","Type":15,"Integer":0,"String":"b","Interface":null}}
2025-08-15T22:13:47.518-0500	DEBUG	protocol/handler.go:1591	have processed broadcast	{"{round 20 3  <nil>}": {"Key":"from","Type":15,"Integer":0,"String":"c","Interface":null}}
2025-08-15T22:13:47.519-0500	DEBUG	protocol/handler.go:1649	have all messages and processed	{"{round 20 3  <nil>}": {"Key":"self","Type":15,"Integer":0,"String":"a","Interface":null}}
2025-08-15T22:13:47.519-0500	DEBUG	protocol/handler.go:596	round already finalized
2025-08-15T22:13:47.534-0500	DEBUG	protocol/handler.go:581	tryAdvanceRound called	{"{current_round 20 3  <nil>}": {"Key":"self","Type":15,"Integer":0,"String":"b","Interface":null}}
2025-08-15T22:13:47.534-0500	DEBUG	protocol/handler.go:1591	have processed broadcast	{"{round 20 3  <nil>}": {"Key":"from","Type":15,"Integer":0,"String":"a","Interface":null}}
2025-08-15T22:13:47.535-0500	DEBUG	protocol/handler.go:1591	have processed broadcast	{"{round 20 3  <nil>}": {"Key":"from","Type":15,"Integer":0,"String":"c","Interface":null}}
2025-08-15T22:13:47.535-0500	DEBUG	protocol/handler.go:1649	have all messages and processed	{"{round 20 3  <nil>}": {"Key":"self","Type":15,"Integer":0,"String":"b","Interface":null}}
2025-08-15T22:13:47.535-0500	DEBUG	protocol/handler.go:596	round already finalized
2025-08-15T22:13:47.535-0500	DEBUG	protocol/handler.go:581	tryAdvanceRound called	{"{current_round 20 3  <nil>}": {"Key":"self","Type":15,"Integer":0,"String":"c","Interface":null}}
2025-08-15T22:13:47.535-0500	DEBUG	protocol/handler.go:1591	have processed broadcast	{"{round 20 3  <nil>}": {"Key":"from","Type":15,"Integer":0,"String":"a","Interface":null}}
2025-08-15T22:13:47.535-0500	DEBUG	protocol/handler.go:1591	have processed broadcast	{"{round 20 3  <nil>}": {"Key":"from","Type":15,"Integer":0,"String":"b","Interface":null}}
2025-08-15T22:13:47.535-0500	DEBUG	protocol/handler.go:1649	have all messages and processed	{"{round 20 3  <nil>}": {"Key":"self","Type":15,"Integer":0,"String":"c","Interface":null}}
2025-08-15T22:13:47.535-0500	DEBUG	protocol/handler.go:596	round already finalized
2025-08-15T22:13:47.534-0500	DEBUG	protocol/handler.go:581	tryAdvanceRound called	{"{current_round 20 3  <nil>}": {"Key":"self","Type":15,"Integer":0,"String":"a","Interface":null}}
2025-08-15T22:13:47.535-0500	DEBUG	protocol/handler.go:1591	have processed broadcast	{"{round 20 3  <nil>}": {"Key":"from","Type":15,"Integer":0,"String":"b","Interface":null}}
2025-08-15T22:13:47.535-0500	DEBUG	protocol/handler.go:1591	have processed broadcast	{"{round 20 3  <nil>}": {"Key":"from","Type":15,"Integer":0,"String":"c","Interface":null}}
2025-08-15T22:13:47.535-0500	DEBUG	protocol/handler.go:1649	have all messages and processed	{"{round 20 3  <nil>}": {"Key":"self","Type":15,"Integer":0,"String":"a","Interface":null}}
2025-08-15T22:13:47.535-0500	DEBUG	protocol/handler.go:596	round already finalized
2025-08-15T22:13:47.559-0500	DEBUG	protocol/handler.go:581	tryAdvanceRound called	{"{current_round 20 3  <nil>}": {"Key":"self","Type":15,"Integer":0,"String":"a","Interface":null}}
2025-08-15T22:13:47.559-0500	DEBUG	protocol/handler.go:1591	have processed broadcast	{"{round 20 3  <nil>}": {"Key":"from","Type":15,"Integer":0,"String":"b","Interface":null}}
2025-08-15T22:13:47.559-0500	DEBUG	protocol/handler.go:1591	have processed broadcast	{"{round 20 3  <nil>}": {"Key":"from","Type":15,"Integer":0,"String":"c","Interface":null}}
2025-08-15T22:13:47.559-0500	DEBUG	protocol/handler.go:1649	have all messages and processed	{"{round 20 3  <nil>}": {"Key":"self","Type":15,"Integer":0,"String":"a","Interface":null}}
2025-08-15T22:13:47.559-0500	DEBUG	protocol/handler.go:596	round already finalized
2025-08-15T22:13:47.562-0500	DEBUG	protocol/handler.go:581	tryAdvanceRound called	{"{current_round 20 3  <nil>}": {"Key":"self","Type":15,"Integer":0,"String":"c","Interface":null}}
2025-08-15T22:13:47.563-0500	DEBUG	protocol/handler.go:1591	have processed broadcast	{"{round 20 3  <nil>}": {"Key":"from","Type":15,"Integer":0,"String":"a","Interface":null}}
2025-08-15T22:13:47.563-0500	DEBUG	protocol/handler.go:1591	have processed broadcast	{"{round 20 3  <nil>}": {"Key":"from","Type":15,"Integer":0,"String":"b","Interface":null}}
2025-08-15T22:13:47.564-0500	DEBUG	protocol/handler.go:1649	have all messages and processed	{"{round 20 3  <nil>}": {"Key":"self","Type":15,"Integer":0,"String":"c","Interface":null}}
2025-08-15T22:13:47.564-0500	DEBUG	protocol/handler.go:596	round already finalized
2025-08-15T22:13:47.566-0500	DEBUG	protocol/handler.go:581	tryAdvanceRound called	{"{current_round 20 3  <nil>}": {"Key":"self","Type":15,"Integer":0,"String":"b","Interface":null}}
2025-08-15T22:13:47.566-0500	DEBUG	protocol/handler.go:1591	have processed broadcast	{"{round 20 3  <nil>}": {"Key":"from","Type":15,"Integer":0,"String":"a","Interface":null}}
2025-08-15T22:13:47.567-0500	DEBUG	protocol/handler.go:1591	have processed broadcast	{"{round 20 3  <nil>}": {"Key":"from","Type":15,"Integer":0,"String":"c","Interface":null}}
2025-08-15T22:13:47.567-0500	DEBUG	protocol/handler.go:1649	have all messages and processed	{"{round 20 3  <nil>}": {"Key":"self","Type":15,"Integer":0,"String":"b","Interface":null}}
2025-08-15T22:13:47.567-0500	DEBUG	protocol/handler.go:596	round already finalized
2025-08-15T22:13:47.581-0500	DEBUG	protocol/handler.go:581	tryAdvanceRound called	{"{current_round 20 3  <nil>}": {"Key":"self","Type":15,"Integer":0,"String":"b","Interface":null}}
2025-08-15T22:13:47.582-0500	DEBUG	protocol/handler.go:1591	have processed broadcast	{"{round 20 3  <nil>}": {"Key":"from","Type":15,"Integer":0,"String":"a","Interface":null}}
2025-08-15T22:13:47.582-0500	DEBUG	protocol/handler.go:1591	have processed broadcast	{"{round 20 3  <nil>}": {"Key":"from","Type":15,"Integer":0,"String":"c","Interface":null}}
2025-08-15T22:13:47.582-0500	DEBUG	protocol/handler.go:1649	have all messages and processed	{"{round 20 3  <nil>}": {"Key":"self","Type":15,"Integer":0,"String":"b","Interface":null}}
2025-08-15T22:13:47.582-0500	DEBUG	protocol/handler.go:596	round already finalized
2025-08-15T22:13:47.583-0500	DEBUG	protocol/handler.go:581	tryAdvanceRound called	{"{current_round 20 3  <nil>}": {"Key":"self","Type":15,"Integer":0,"String":"c","Interface":null}}
2025-08-15T22:13:47.583-0500	DEBUG	protocol/handler.go:1591	have processed broadcast	{"{round 20 3  <nil>}": {"Key":"from","Type":15,"Integer":0,"String":"a","Interface":null}}
2025-08-15T22:13:47.583-0500	DEBUG	protocol/handler.go:1591	have processed broadcast	{"{round 20 3  <nil>}": {"Key":"from","Type":15,"Integer":0,"String":"b","Interface":null}}
2025-08-15T22:13:47.583-0500	DEBUG	protocol/handler.go:1649	have all messages and processed	{"{round 20 3  <nil>}": {"Key":"self","Type":15,"Integer":0,"String":"c","Interface":null}}
2025-08-15T22:13:47.583-0500	DEBUG	protocol/handler.go:596	round already finalized
2025-08-15T22:13:47.581-0500	DEBUG	protocol/handler.go:581	tryAdvanceRound called	{"{current_round 20 3  <nil>}": {"Key":"self","Type":15,"Integer":0,"String":"a","Interface":null}}
2025-08-15T22:13:47.584-0500	DEBUG	protocol/handler.go:1591	have processed broadcast	{"{round 20 3  <nil>}": {"Key":"from","Type":15,"Integer":0,"String":"b","Interface":null}}
2025-08-15T22:13:47.584-0500	DEBUG	protocol/handler.go:1591	have processed broadcast	{"{round 20 3  <nil>}": {"Key":"from","Type":15,"Integer":0,"String":"c","Interface":null}}
2025-08-15T22:13:47.584-0500	DEBUG	protocol/handler.go:1649	have all messages and processed	{"{round 20 3  <nil>}": {"Key":"self","Type":15,"Integer":0,"String":"a","Interface":null}}
2025-08-15T22:13:47.584-0500	DEBUG	protocol/handler.go:596	round already finalized
2025-08-15T22:13:47.606-0500	DEBUG	protocol/handler.go:581	tryAdvanceRound called	{"{current_round 20 3  <nil>}": {"Key":"self","Type":15,"Integer":0,"String":"a","Interface":null}}
2025-08-15T22:13:47.606-0500	DEBUG	protocol/handler.go:1591	have processed broadcast	{"{round 20 3  <nil>}": {"Key":"from","Type":15,"Integer":0,"String":"b","Interface":null}}
2025-08-15T22:13:47.606-0500	DEBUG	protocol/handler.go:1591	have processed broadcast	{"{round 20 3  <nil>}": {"Key":"from","Type":15,"Integer":0,"String":"c","Interface":null}}
2025-08-15T22:13:47.606-0500	DEBUG	protocol/handler.go:1649	have all messages and processed	{"{round 20 3  <nil>}": {"Key":"self","Type":15,"Integer":0,"String":"a","Interface":null}}
2025-08-15T22:13:47.606-0500	DEBUG	protocol/handler.go:596	round already finalized
2025-08-15T22:13:47.606-0500	DEBUG	protocol/handler.go:581	tryAdvanceRound called	{"{current_round 20 3  <nil>}": {"Key":"self","Type":15,"Integer":0,"String":"c","Interface":null}}
2025-08-15T22:13:47.607-0500	DEBUG	protocol/handler.go:1591	have processed broadcast	{"{round 20 3  <nil>}": {"Key":"from","Type":15,"Integer":0,"String":"a","Interface":null}}
2025-08-15T22:13:47.607-0500	DEBUG	protocol/handler.go:1591	have processed broadcast	{"{round 20 3  <nil>}": {"Key":"from","Type":15,"Integer":0,"String":"b","Interface":null}}
2025-08-15T22:13:47.607-0500	DEBUG	protocol/handler.go:1649	have all messages and processed	{"{round 20 3  <nil>}": {"Key":"self","Type":15,"Integer":0,"String":"c","Interface":null}}
2025-08-15T22:13:47.607-0500	DEBUG	protocol/handler.go:596	round already finalized
2025-08-15T22:13:47.607-0500	DEBUG	protocol/handler.go:581	tryAdvanceRound called	{"{current_round 20 3  <nil>}": {"Key":"self","Type":15,"Integer":0,"String":"b","Interface":null}}
2025-08-15T22:13:47.607-0500	DEBUG	protocol/handler.go:1591	have processed broadcast	{"{round 20 3  <nil>}": {"Key":"from","Type":15,"Integer":0,"String":"a","Interface":null}}
2025-08-15T22:13:47.608-0500	DEBUG	protocol/handler.go:1591	have processed broadcast	{"{round 20 3  <nil>}": {"Key":"from","Type":15,"Integer":0,"String":"c","Interface":null}}
2025-08-15T22:13:47.608-0500	DEBUG	protocol/handler.go:1649	have all messages and processed	{"{round 20 3  <nil>}": {"Key":"self","Type":15,"Integer":0,"String":"b","Interface":null}}
2025-08-15T22:13:47.608-0500	DEBUG	protocol/handler.go:596	round already finalized
2025-08-15T22:13:47.629-0500	DEBUG	protocol/handler.go:581	tryAdvanceRound called	{"{current_round 20 3  <nil>}": {"Key":"self","Type":15,"Integer":0,"String":"a","Interface":null}}
2025-08-15T22:13:47.629-0500	DEBUG	protocol/handler.go:581	tryAdvanceRound called	{"{current_round 20 3  <nil>}": {"Key":"self","Type":15,"Integer":0,"String":"b","Interface":null}}
2025-08-15T22:13:47.629-0500	DEBUG	protocol/handler.go:1591	have processed broadcast	{"{round 20 3  <nil>}": {"Key":"from","Type":15,"Integer":0,"String":"a","Interface":null}}
2025-08-15T22:13:47.629-0500	DEBUG	protocol/handler.go:1591	have processed broadcast	{"{round 20 3  <nil>}": {"Key":"from","Type":15,"Integer":0,"String":"c","Interface":null}}
2025-08-15T22:13:47.629-0500	DEBUG	protocol/handler.go:1649	have all messages and processed	{"{round 20 3  <nil>}": {"Key":"self","Type":15,"Integer":0,"String":"b","Interface":null}}
2025-08-15T22:13:47.629-0500	DEBUG	protocol/handler.go:596	round already finalized
2025-08-15T22:13:47.629-0500	DEBUG	protocol/handler.go:1591	have processed broadcast	{"{round 20 3  <nil>}": {"Key":"from","Type":15,"Integer":0,"String":"b","Interface":null}}
2025-08-15T22:13:47.630-0500	DEBUG	protocol/handler.go:1591	have processed broadcast	{"{round 20 3  <nil>}": {"Key":"from","Type":15,"Integer":0,"String":"c","Interface":null}}
2025-08-15T22:13:47.630-0500	DEBUG	protocol/handler.go:1649	have all messages and processed	{"{round 20 3  <nil>}": {"Key":"self","Type":15,"Integer":0,"String":"a","Interface":null}}
2025-08-15T22:13:47.630-0500	DEBUG	protocol/handler.go:596	round already finalized
2025-08-15T22:13:47.640-0500	DEBUG	protocol/handler.go:581	tryAdvanceRound called	{"{current_round 20 3  <nil>}": {"Key":"self","Type":15,"Integer":0,"String":"b","Interface":null}}
2025-08-15T22:13:47.641-0500	DEBUG	protocol/handler.go:1591	have processed broadcast	{"{round 20 3  <nil>}": {"Key":"from","Type":15,"Integer":0,"String":"a","Interface":null}}
2025-08-15T22:13:47.641-0500	DEBUG	protocol/handler.go:1591	have processed broadcast	{"{round 20 3  <nil>}": {"Key":"from","Type":15,"Integer":0,"String":"c","Interface":null}}
2025-08-15T22:13:47.642-0500	DEBUG	protocol/handler.go:1649	have all messages and processed	{"{round 20 3  <nil>}": {"Key":"self","Type":15,"Integer":0,"String":"b","Interface":null}}
2025-08-15T22:13:47.642-0500	DEBUG	protocol/handler.go:596	round already finalized
2025-08-15T22:13:47.642-0500	DEBUG	protocol/handler.go:581	tryAdvanceRound called	{"{current_round 20 3  <nil>}": {"Key":"self","Type":15,"Integer":0,"String":"b","Interface":null}}
2025-08-15T22:13:47.642-0500	DEBUG	protocol/handler.go:1591	have processed broadcast	{"{round 20 3  <nil>}": {"Key":"from","Type":15,"Integer":0,"String":"a","Interface":null}}
2025-08-15T22:13:47.643-0500	DEBUG	protocol/handler.go:1591	have processed broadcast	{"{round 20 3  <nil>}": {"Key":"from","Type":15,"Integer":0,"String":"c","Interface":null}}
2025-08-15T22:13:47.643-0500	DEBUG	protocol/handler.go:1649	have all messages and processed	{"{round 20 3  <nil>}": {"Key":"self","Type":15,"Integer":0,"String":"b","Interface":null}}
2025-08-15T22:13:47.643-0500	DEBUG	protocol/handler.go:596	round already finalized
2025-08-15T22:13:47.653-0500	DEBUG	protocol/handler.go:581	tryAdvanceRound called	{"{current_round 20 3  <nil>}": {"Key":"self","Type":15,"Integer":0,"String":"c","Interface":null}}
2025-08-15T22:13:47.653-0500	DEBUG	protocol/handler.go:1591	have processed broadcast	{"{round 20 3  <nil>}": {"Key":"from","Type":15,"Integer":0,"String":"a","Interface":null}}
2025-08-15T22:13:47.653-0500	DEBUG	protocol/handler.go:1591	have processed broadcast	{"{round 20 3  <nil>}": {"Key":"from","Type":15,"Integer":0,"String":"b","Interface":null}}
2025-08-15T22:13:47.653-0500	DEBUG	protocol/handler.go:1649	have all messages and processed	{"{round 20 3  <nil>}": {"Key":"self","Type":15,"Integer":0,"String":"c","Interface":null}}
2025-08-15T22:13:47.653-0500	DEBUG	protocol/handler.go:596	round already finalized
2025-08-15T22:13:47.653-0500	DEBUG	protocol/handler.go:581	tryAdvanceRound called	{"{current_round 20 3  <nil>}": {"Key":"self","Type":15,"Integer":0,"String":"c","Interface":null}}
2025-08-15T22:13:47.653-0500	DEBUG	protocol/handler.go:1591	have processed broadcast	{"{round 20 3  <nil>}": {"Key":"from","Type":15,"Integer":0,"String":"a","Interface":null}}
2025-08-15T22:13:47.654-0500	DEBUG	protocol/handler.go:1591	have processed broadcast	{"{round 20 3  <nil>}": {"Key":"from","Type":15,"Integer":0,"String":"b","Interface":null}}
2025-08-15T22:13:47.653-0500	DEBUG	protocol/handler.go:581	tryAdvanceRound called	{"{current_round 20 3  <nil>}": {"Key":"self","Type":15,"Integer":0,"String":"a","Interface":null}}
2025-08-15T22:13:47.654-0500	DEBUG	protocol/handler.go:581	tryAdvanceRound called	{"{current_round 20 3  <nil>}": {"Key":"self","Type":15,"Integer":0,"String":"b","Interface":null}}
2025-08-15T22:13:47.655-0500	DEBUG	protocol/handler.go:1591	have processed broadcast	{"{round 20 3  <nil>}": {"Key":"from","Type":15,"Integer":0,"String":"a","Interface":null}}
2025-08-15T22:13:47.655-0500	DEBUG	protocol/handler.go:1591	have processed broadcast	{"{round 20 3  <nil>}": {"Key":"from","Type":15,"Integer":0,"String":"c","Interface":null}}
2025-08-15T22:13:47.655-0500	DEBUG	protocol/handler.go:1649	have all messages and processed	{"{round 20 3  <nil>}": {"Key":"self","Type":15,"Integer":0,"String":"b","Interface":null}}
2025-08-15T22:13:47.655-0500	DEBUG	protocol/handler.go:596	round already finalized
2025-08-15T22:13:47.655-0500	DEBUG	protocol/handler.go:1591	have processed broadcast	{"{round 20 3  <nil>}": {"Key":"from","Type":15,"Integer":0,"String":"b","Interface":null}}
2025-08-15T22:13:47.655-0500	DEBUG	protocol/handler.go:1591	have processed broadcast	{"{round 20 3  <nil>}": {"Key":"from","Type":15,"Integer":0,"String":"c","Interface":null}}
2025-08-15T22:13:47.655-0500	DEBUG	protocol/handler.go:1649	have all messages and processed	{"{round 20 3  <nil>}": {"Key":"self","Type":15,"Integer":0,"String":"a","Interface":null}}
2025-08-15T22:13:47.655-0500	DEBUG	protocol/handler.go:596	round already finalized
2025-08-15T22:13:47.655-0500	DEBUG	protocol/handler.go:1649	have all messages and processed	{"{round 20 3  <nil>}": {"Key":"self","Type":15,"Integer":0,"String":"c","Interface":null}}
2025-08-15T22:13:47.655-0500	DEBUG	protocol/handler.go:596	round already finalized
2025-08-15T22:13:47.661-0500	DEBUG	protocol/handler.go:581	tryAdvanceRound called	{"{current_round 20 3  <nil>}": {"Key":"self","Type":15,"Integer":0,"String":"a","Interface":null}}
2025-08-15T22:13:47.663-0500	DEBUG	protocol/handler.go:1591	have processed broadcast	{"{round 20 3  <nil>}": {"Key":"from","Type":15,"Integer":0,"String":"b","Interface":null}}
2025-08-15T22:13:47.663-0500	DEBUG	protocol/handler.go:1591	have processed broadcast	{"{round 20 3  <nil>}": {"Key":"from","Type":15,"Integer":0,"String":"c","Interface":null}}
2025-08-15T22:13:47.664-0500	DEBUG	protocol/handler.go:1649	have all messages and processed	{"{round 20 3  <nil>}": {"Key":"self","Type":15,"Integer":0,"String":"a","Interface":null}}
2025-08-15T22:13:47.664-0500	DEBUG	protocol/handler.go:596	round already finalized
2025-08-15T22:13:47.678-0500	DEBUG	protocol/handler.go:581	tryAdvanceRound called	{"{current_round 20 3  <nil>}": {"Key":"self","Type":15,"Integer":0,"String":"b","Interface":null}}
2025-08-15T22:13:47.679-0500	DEBUG	protocol/handler.go:1591	have processed broadcast	{"{round 20 3  <nil>}": {"Key":"from","Type":15,"Integer":0,"String":"a","Interface":null}}
2025-08-15T22:13:47.679-0500	DEBUG	protocol/handler.go:581	tryAdvanceRound called	{"{current_round 20 3  <nil>}": {"Key":"self","Type":15,"Integer":0,"String":"a","Interface":null}}
2025-08-15T22:13:47.679-0500	DEBUG	protocol/handler.go:1591	have processed broadcast	{"{round 20 3  <nil>}": {"Key":"from","Type":15,"Integer":0,"String":"c","Interface":null}}
2025-08-15T22:13:47.679-0500	DEBUG	protocol/handler.go:1591	have processed broadcast	{"{round 20 3  <nil>}": {"Key":"from","Type":15,"Integer":0,"String":"b","Interface":null}}
2025-08-15T22:13:47.679-0500	DEBUG	protocol/handler.go:581	tryAdvanceRound called	{"{current_round 20 3  <nil>}": {"Key":"self","Type":15,"Integer":0,"String":"c","Interface":null}}
2025-08-15T22:13:47.679-0500	DEBUG	protocol/handler.go:1649	have all messages and processed	{"{round 20 3  <nil>}": {"Key":"self","Type":15,"Integer":0,"String":"b","Interface":null}}
2025-08-15T22:13:47.679-0500	DEBUG	protocol/handler.go:1591	have processed broadcast	{"{round 20 3  <nil>}": {"Key":"from","Type":15,"Integer":0,"String":"c","Interface":null}}
2025-08-15T22:13:47.679-0500	DEBUG	protocol/handler.go:1591	have processed broadcast	{"{round 20 3  <nil>}": {"Key":"from","Type":15,"Integer":0,"String":"a","Interface":null}}
2025-08-15T22:13:47.679-0500	DEBUG	protocol/handler.go:1649	have all messages and processed	{"{round 20 3  <nil>}": {"Key":"self","Type":15,"Integer":0,"String":"a","Interface":null}}
2025-08-15T22:13:47.679-0500	DEBUG	protocol/handler.go:596	round already finalized
2025-08-15T22:13:47.679-0500	DEBUG	protocol/handler.go:1591	have processed broadcast	{"{round 20 3  <nil>}": {"Key":"from","Type":15,"Integer":0,"String":"b","Interface":null}}
2025-08-15T22:13:47.679-0500	DEBUG	protocol/handler.go:1649	have all messages and processed	{"{round 20 3  <nil>}": {"Key":"self","Type":15,"Integer":0,"String":"c","Interface":null}}
2025-08-15T22:13:47.679-0500	DEBUG	protocol/handler.go:596	round already finalized
2025-08-15T22:13:47.679-0500	DEBUG	protocol/handler.go:596	round already finalized
2025-08-15T22:13:47.701-0500	DEBUG	protocol/handler.go:581	tryAdvanceRound called	{"{current_round 20 3  <nil>}": {"Key":"self","Type":15,"Integer":0,"String":"b","Interface":null}}
2025-08-15T22:13:47.701-0500	DEBUG	protocol/handler.go:581	tryAdvanceRound called	{"{current_round 20 3  <nil>}": {"Key":"self","Type":15,"Integer":0,"String":"c","Interface":null}}
2025-08-15T22:13:47.701-0500	DEBUG	protocol/handler.go:581	tryAdvanceRound called	{"{current_round 20 3  <nil>}": {"Key":"self","Type":15,"Integer":0,"String":"a","Interface":null}}
2025-08-15T22:13:47.701-0500	DEBUG	protocol/handler.go:1591	have processed broadcast	{"{round 20 3  <nil>}": {"Key":"from","Type":15,"Integer":0,"String":"a","Interface":null}}
2025-08-15T22:13:47.701-0500	DEBUG	protocol/handler.go:1591	have processed broadcast	{"{round 20 3  <nil>}": {"Key":"from","Type":15,"Integer":0,"String":"a","Interface":null}}
2025-08-15T22:13:47.701-0500	DEBUG	protocol/handler.go:1591	have processed broadcast	{"{round 20 3  <nil>}": {"Key":"from","Type":15,"Integer":0,"String":"c","Interface":null}}
2025-08-15T22:13:47.701-0500	DEBUG	protocol/handler.go:1591	have processed broadcast	{"{round 20 3  <nil>}": {"Key":"from","Type":15,"Integer":0,"String":"b","Interface":null}}
2025-08-15T22:13:47.701-0500	DEBUG	protocol/handler.go:1649	have all messages and processed	{"{round 20 3  <nil>}": {"Key":"self","Type":15,"Integer":0,"String":"b","Interface":null}}
2025-08-15T22:13:47.701-0500	DEBUG	protocol/handler.go:1591	have processed broadcast	{"{round 20 3  <nil>}": {"Key":"from","Type":15,"Integer":0,"String":"c","Interface":null}}
2025-08-15T22:13:47.701-0500	DEBUG	protocol/handler.go:596	round already finalized
2025-08-15T22:13:47.701-0500	DEBUG	protocol/handler.go:1649	have all messages and processed	{"{round 20 3  <nil>}": {"Key":"self","Type":15,"Integer":0,"String":"a","Interface":null}}
2025-08-15T22:13:47.701-0500	DEBUG	protocol/handler.go:1591	have processed broadcast	{"{round 20 3  <nil>}": {"Key":"from","Type":15,"Integer":0,"String":"b","Interface":null}}
2025-08-15T22:13:47.716-0500	DEBUG	protocol/handler.go:1649	have all messages and processed	{"{round 20 3  <nil>}": {"Key":"self","Type":15,"Integer":0,"String":"c","Interface":null}}
2025-08-15T22:13:47.716-0500	DEBUG	protocol/handler.go:596	round already finalized
2025-08-15T22:13:47.716-0500	DEBUG	protocol/handler.go:581	tryAdvanceRound called	{"{current_round 20 3  <nil>}": {"Key":"self","Type":15,"Integer":0,"String":"c","Interface":null}}
2025-08-15T22:13:47.716-0500	DEBUG	protocol/handler.go:1591	have processed broadcast	{"{round 20 3  <nil>}": {"Key":"from","Type":15,"Integer":0,"String":"a","Interface":null}}
2025-08-15T22:13:47.716-0500	DEBUG	protocol/handler.go:1591	have processed broadcast	{"{round 20 3  <nil>}": {"Key":"from","Type":15,"Integer":0,"String":"b","Interface":null}}
2025-08-15T22:13:47.717-0500	DEBUG	protocol/handler.go:1649	have all messages and processed	{"{round 20 3  <nil>}": {"Key":"self","Type":15,"Integer":0,"String":"c","Interface":null}}
2025-08-15T22:13:47.717-0500	DEBUG	protocol/handler.go:596	round already finalized
2025-08-15T22:13:47.724-0500	DEBUG	protocol/handler.go:581	tryAdvanceRound called	{"{current_round 20 3  <nil>}": {"Key":"self","Type":15,"Integer":0,"String":"c","Interface":null}}
2025-08-15T22:13:47.724-0500	DEBUG	protocol/handler.go:1591	have processed broadcast	{"{round 20 3  <nil>}": {"Key":"from","Type":15,"Integer":0,"String":"a","Interface":null}}
2025-08-15T22:13:47.724-0500	DEBUG	protocol/handler.go:1591	have processed broadcast	{"{round 20 3  <nil>}": {"Key":"from","Type":15,"Integer":0,"String":"b","Interface":null}}
2025-08-15T22:13:47.724-0500	DEBUG	protocol/handler.go:1649	have all messages and processed	{"{round 20 3  <nil>}": {"Key":"self","Type":15,"Integer":0,"String":"c","Interface":null}}
2025-08-15T22:13:47.724-0500	DEBUG	protocol/handler.go:596	round already finalized
2025-08-15T22:13:47.737-0500	DEBUG	protocol/handler.go:581	tryAdvanceRound called	{"{current_round 20 3  <nil>}": {"Key":"self","Type":15,"Integer":0,"String":"b","Interface":null}}
2025-08-15T22:13:47.737-0500	DEBUG	protocol/handler.go:1591	have processed broadcast	{"{round 20 3  <nil>}": {"Key":"from","Type":15,"Integer":0,"String":"a","Interface":null}}
2025-08-15T22:13:47.737-0500	DEBUG	protocol/handler.go:1591	have processed broadcast	{"{round 20 3  <nil>}": {"Key":"from","Type":15,"Integer":0,"String":"c","Interface":null}}
2025-08-15T22:13:47.737-0500	DEBUG	protocol/handler.go:1649	have all messages and processed	{"{round 20 3  <nil>}": {"Key":"self","Type":15,"Integer":0,"String":"b","Interface":null}}
2025-08-15T22:13:47.738-0500	DEBUG	protocol/handler.go:596	round already finalized
2025-08-15T22:13:47.738-0500	DEBUG	protocol/handler.go:581	tryAdvanceRound called	{"{current_round 20 3  <nil>}": {"Key":"self","Type":15,"Integer":0,"String":"b","Interface":null}}
2025-08-15T22:13:47.738-0500	DEBUG	protocol/handler.go:1591	have processed broadcast	{"{round 20 3  <nil>}": {"Key":"from","Type":15,"Integer":0,"String":"a","Interface":null}}
2025-08-15T22:13:47.738-0500	DEBUG	protocol/handler.go:1591	have processed broadcast	{"{round 20 3  <nil>}": {"Key":"from","Type":15,"Integer":0,"String":"c","Interface":null}}
2025-08-15T22:13:47.738-0500	DEBUG	protocol/handler.go:1649	have all messages and processed	{"{round 20 3  <nil>}": {"Key":"self","Type":15,"Integer":0,"String":"b","Interface":null}}
2025-08-15T22:13:47.738-0500	DEBUG	protocol/handler.go:596	round already finalized
2025-08-15T22:13:47.738-0500	DEBUG	protocol/handler.go:596	round already finalized
2025-08-15T22:13:47.738-0500	DEBUG	protocol/handler.go:581	tryAdvanceRound called	{"{current_round 20 3  <nil>}": {"Key":"self","Type":15,"Integer":0,"String":"a","Interface":null}}
2025-08-15T22:13:47.739-0500	DEBUG	protocol/handler.go:1591	have processed broadcast	{"{round 20 3  <nil>}": {"Key":"from","Type":15,"Integer":0,"String":"b","Interface":null}}
2025-08-15T22:13:47.739-0500	DEBUG	protocol/handler.go:1591	have processed broadcast	{"{round 20 3  <nil>}": {"Key":"from","Type":15,"Integer":0,"String":"c","Interface":null}}
2025-08-15T22:13:47.739-0500	DEBUG	protocol/handler.go:1649	have all messages and processed	{"{round 20 3  <nil>}": {"Key":"self","Type":15,"Integer":0,"String":"a","Interface":null}}
2025-08-15T22:13:47.739-0500	DEBUG	protocol/handler.go:596	round already finalized
2025-08-15T22:13:47.747-0500	DEBUG	protocol/handler.go:581	tryAdvanceRound called	{"{current_round 20 3  <nil>}": {"Key":"self","Type":15,"Integer":0,"String":"c","Interface":null}}
2025-08-15T22:13:47.747-0500	DEBUG	protocol/handler.go:1591	have processed broadcast	{"{round 20 3  <nil>}": {"Key":"from","Type":15,"Integer":0,"String":"a","Interface":null}}
2025-08-15T22:13:47.747-0500	DEBUG	protocol/handler.go:1591	have processed broadcast	{"{round 20 3  <nil>}": {"Key":"from","Type":15,"Integer":0,"String":"b","Interface":null}}
2025-08-15T22:13:47.747-0500	DEBUG	protocol/handler.go:1649	have all messages and processed	{"{round 20 3  <nil>}": {"Key":"self","Type":15,"Integer":0,"String":"c","Interface":null}}
2025-08-15T22:13:47.747-0500	DEBUG	protocol/handler.go:596	round already finalized
2025-08-15T22:13:47.759-0500	DEBUG	protocol/handler.go:581	tryAdvanceRound called	{"{current_round 20 3  <nil>}": {"Key":"self","Type":15,"Integer":0,"String":"b","Interface":null}}
2025-08-15T22:13:47.759-0500	DEBUG	protocol/handler.go:1591	have processed broadcast	{"{round 20 3  <nil>}": {"Key":"from","Type":15,"Integer":0,"String":"a","Interface":null}}
2025-08-15T22:13:47.759-0500	DEBUG	protocol/handler.go:1591	have processed broadcast	{"{round 20 3  <nil>}": {"Key":"from","Type":15,"Integer":0,"String":"c","Interface":null}}
2025-08-15T22:13:47.759-0500	DEBUG	protocol/handler.go:1649	have all messages and processed	{"{round 20 3  <nil>}": {"Key":"self","Type":15,"Integer":0,"String":"b","Interface":null}}
2025-08-15T22:13:47.759-0500	DEBUG	protocol/handler.go:596	round already finalized
2025-08-15T22:13:47.769-0500	DEBUG	protocol/handler.go:581	tryAdvanceRound called	{"{current_round 20 3  <nil>}": {"Key":"self","Type":15,"Integer":0,"String":"c","Interface":null}}
2025-08-15T22:13:47.769-0500	DEBUG	protocol/handler.go:1591	have processed broadcast	{"{round 20 3  <nil>}": {"Key":"from","Type":15,"Integer":0,"String":"a","Interface":null}}
2025-08-15T22:13:47.770-0500	DEBUG	protocol/handler.go:1591	have processed broadcast	{"{round 20 3  <nil>}": {"Key":"from","Type":15,"Integer":0,"String":"b","Interface":null}}
2025-08-15T22:13:47.770-0500	DEBUG	protocol/handler.go:1649	have all messages and processed	{"{round 20 3  <nil>}": {"Key":"self","Type":15,"Integer":0,"String":"c","Interface":null}}
2025-08-15T22:13:47.770-0500	DEBUG	protocol/handler.go:596	round already finalized
2025-08-15T22:13:47.778-0500	DEBUG	protocol/handler.go:581	tryAdvanceRound called	{"{current_round 20 3  <nil>}": {"Key":"self","Type":15,"Integer":0,"String":"b","Interface":null}}
2025-08-15T22:13:47.778-0500	DEBUG	protocol/handler.go:1591	have processed broadcast	{"{round 20 3  <nil>}": {"Key":"from","Type":15,"Integer":0,"String":"a","Interface":null}}
2025-08-15T22:13:47.778-0500	DEBUG	protocol/handler.go:1591	have processed broadcast	{"{round 20 3  <nil>}": {"Key":"from","Type":15,"Integer":0,"String":"c","Interface":null}}
2025-08-15T22:13:47.778-0500	DEBUG	protocol/handler.go:1649	have all messages and processed	{"{round 20 3  <nil>}": {"Key":"self","Type":15,"Integer":0,"String":"b","Interface":null}}
2025-08-15T22:13:47.778-0500	DEBUG	protocol/handler.go:596	round already finalized
2025-08-15T22:13:47.778-0500	DEBUG	protocol/handler.go:581	tryAdvanceRound called	{"{current_round 20 3  <nil>}": {"Key":"self","Type":15,"Integer":0,"String":"a","Interface":null}}
2025-08-15T22:13:47.778-0500	DEBUG	protocol/handler.go:1591	have processed broadcast	{"{round 20 3  <nil>}": {"Key":"from","Type":15,"Integer":0,"String":"b","Interface":null}}
2025-08-15T22:13:47.778-0500	DEBUG	protocol/handler.go:1591	have processed broadcast	{"{round 20 3  <nil>}": {"Key":"from","Type":15,"Integer":0,"String":"c","Interface":null}}
2025-08-15T22:13:47.778-0500	DEBUG	protocol/handler.go:1649	have all messages and processed	{"{round 20 3  <nil>}": {"Key":"self","Type":15,"Integer":0,"String":"a","Interface":null}}
2025-08-15T22:13:47.778-0500	DEBUG	protocol/handler.go:596	round already finalized
2025-08-15T22:13:47.778-0500	DEBUG	protocol/handler.go:581	tryAdvanceRound called	{"{current_round 20 3  <nil>}": {"Key":"self","Type":15,"Integer":0,"String":"a","Interface":null}}
2025-08-15T22:13:47.778-0500	DEBUG	protocol/handler.go:1591	have processed broadcast	{"{round 20 3  <nil>}": {"Key":"from","Type":15,"Integer":0,"String":"b","Interface":null}}
2025-08-15T22:13:47.778-0500	DEBUG	protocol/handler.go:1591	have processed broadcast	{"{round 20 3  <nil>}": {"Key":"from","Type":15,"Integer":0,"String":"c","Interface":null}}
2025-08-15T22:13:47.778-0500	DEBUG	protocol/handler.go:1649	have all messages and processed	{"{round 20 3  <nil>}": {"Key":"self","Type":15,"Integer":0,"String":"a","Interface":null}}
2025-08-15T22:13:47.778-0500	DEBUG	protocol/handler.go:596	round already finalized
2025-08-15T22:13:47.778-0500	DEBUG	protocol/handler.go:581	tryAdvanceRound called	{"{current_round 20 3  <nil>}": {"Key":"self","Type":15,"Integer":0,"String":"c","Interface":null}}
2025-08-15T22:13:47.778-0500	DEBUG	protocol/handler.go:1591	have processed broadcast	{"{round 20 3  <nil>}": {"Key":"from","Type":15,"Integer":0,"String":"a","Interface":null}}
2025-08-15T22:13:47.778-0500	DEBUG	protocol/handler.go:1591	have processed broadcast	{"{round 20 3  <nil>}": {"Key":"from","Type":15,"Integer":0,"String":"b","Interface":null}}
2025-08-15T22:13:47.778-0500	DEBUG	protocol/handler.go:1649	have all messages and processed	{"{round 20 3  <nil>}": {"Key":"self","Type":15,"Integer":0,"String":"c","Interface":null}}
2025-08-15T22:13:47.779-0500	DEBUG	protocol/handler.go:596	round already finalized
2025-08-15T22:13:47.783-0500	DEBUG	protocol/handler.go:581	tryAdvanceRound called	{"{current_round 20 3  <nil>}": {"Key":"self","Type":15,"Integer":0,"String":"c","Interface":null}}
2025-08-15T22:13:47.783-0500	DEBUG	protocol/handler.go:1591	have processed broadcast	{"{round 20 3  <nil>}": {"Key":"from","Type":15,"Integer":0,"String":"a","Interface":null}}
2025-08-15T22:13:47.783-0500	DEBUG	protocol/handler.go:1591	have processed broadcast	{"{round 20 3  <nil>}": {"Key":"from","Type":15,"Integer":0,"String":"b","Interface":null}}
2025-08-15T22:13:47.783-0500	DEBUG	protocol/handler.go:1649	have all messages and processed	{"{round 20 3  <nil>}": {"Key":"self","Type":15,"Integer":0,"String":"c","Interface":null}}
2025-08-15T22:13:47.783-0500	DEBUG	protocol/handler.go:596	round already finalized
2025-08-15T22:13:47.820-0500	DEBUG	protocol/handler.go:581	tryAdvanceRound called	{"{current_round 20 3  <nil>}": {"Key":"self","Type":15,"Integer":0,"String":"c","Interface":null}}
2025-08-15T22:13:47.825-0500	DEBUG	protocol/handler.go:1591	have processed broadcast	{"{round 20 3  <nil>}": {"Key":"from","Type":15,"Integer":0,"String":"a","Interface":null}}
2025-08-15T22:13:47.825-0500	DEBUG	protocol/handler.go:1591	have processed broadcast	{"{round 20 3  <nil>}": {"Key":"from","Type":15,"Integer":0,"String":"b","Interface":null}}
2025-08-15T22:13:47.825-0500	DEBUG	protocol/handler.go:1649	have all messages and processed	{"{round 20 3  <nil>}": {"Key":"self","Type":15,"Integer":0,"String":"c","Interface":null}}
2025-08-15T22:13:47.826-0500	DEBUG	protocol/handler.go:596	round already finalized
2025-08-15T22:13:47.826-0500	DEBUG	protocol/handler.go:581	tryAdvanceRound called	{"{current_round 20 3  <nil>}": {"Key":"self","Type":15,"Integer":0,"String":"c","Interface":null}}
2025-08-15T22:13:47.826-0500	DEBUG	protocol/handler.go:1591	have processed broadcast	{"{round 20 3  <nil>}": {"Key":"from","Type":15,"Integer":0,"String":"a","Interface":null}}
2025-08-15T22:13:47.826-0500	DEBUG	protocol/handler.go:1591	have processed broadcast	{"{round 20 3  <nil>}": {"Key":"from","Type":15,"Integer":0,"String":"b","Interface":null}}
2025-08-15T22:13:47.827-0500	DEBUG	protocol/handler.go:1649	have all messages and processed	{"{round 20 3  <nil>}": {"Key":"self","Type":15,"Integer":0,"String":"c","Interface":null}}
2025-08-15T22:13:47.827-0500	DEBUG	protocol/handler.go:596	round already finalized
2025-08-15T22:13:47.851-0500	DEBUG	protocol/handler.go:581	tryAdvanceRound called	{"{current_round 20 3  <nil>}": {"Key":"self","Type":15,"Integer":0,"String":"c","Interface":null}}
2025-08-15T22:13:47.851-0500	DEBUG	protocol/handler.go:1591	have processed broadcast	{"{round 20 3  <nil>}": {"Key":"from","Type":15,"Integer":0,"String":"a","Interface":null}}
2025-08-15T22:13:47.851-0500	DEBUG	protocol/handler.go:1591	have processed broadcast	{"{round 20 3  <nil>}": {"Key":"from","Type":15,"Integer":0,"String":"b","Interface":null}}
2025-08-15T22:13:47.851-0500	DEBUG	protocol/handler.go:1649	have all messages and processed	{"{round 20 3  <nil>}": {"Key":"self","Type":15,"Integer":0,"String":"c","Interface":null}}
2025-08-15T22:13:47.851-0500	DEBUG	protocol/handler.go:596	round already finalized
2025-08-15T22:13:47.872-0500	DEBUG	protocol/handler.go:581	tryAdvanceRound called	{"{current_round 20 3  <nil>}": {"Key":"self","Type":15,"Integer":0,"String":"c","Interface":null}}
2025-08-15T22:13:47.872-0500	DEBUG	protocol/handler.go:1591	have processed broadcast	{"{round 20 3  <nil>}": {"Key":"from","Type":15,"Integer":0,"String":"a","Interface":null}}
2025-08-15T22:13:47.872-0500	DEBUG	protocol/handler.go:1591	have processed broadcast	{"{round 20 3  <nil>}": {"Key":"from","Type":15,"Integer":0,"String":"b","Interface":null}}
2025-08-15T22:13:47.872-0500	DEBUG	protocol/handler.go:1649	have all messages and processed	{"{round 20 3  <nil>}": {"Key":"self","Type":15,"Integer":0,"String":"c","Interface":null}}
2025-08-15T22:13:47.872-0500	DEBUG	protocol/handler.go:596	round already finalized
2025-08-15T22:13:47.872-0500	DEBUG	protocol/handler.go:581	tryAdvanceRound called	{"{current_round 20 3  <nil>}": {"Key":"self","Type":15,"Integer":0,"String":"b","Interface":null}}
2025-08-15T22:13:47.872-0500	DEBUG	protocol/handler.go:1591	have processed broadcast	{"{round 20 3  <nil>}": {"Key":"from","Type":15,"Integer":0,"String":"a","Interface":null}}
2025-08-15T22:13:47.872-0500	DEBUG	protocol/handler.go:1591	have processed broadcast	{"{round 20 3  <nil>}": {"Key":"from","Type":15,"Integer":0,"String":"c","Interface":null}}
2025-08-15T22:13:47.873-0500	DEBUG	protocol/handler.go:581	tryAdvanceRound called	{"{current_round 20 3  <nil>}": {"Key":"self","Type":15,"Integer":0,"String":"a","Interface":null}}
2025-08-15T22:13:47.873-0500	DEBUG	protocol/handler.go:1591	have processed broadcast	{"{round 20 3  <nil>}": {"Key":"from","Type":15,"Integer":0,"String":"b","Interface":null}}
2025-08-15T22:13:47.873-0500	DEBUG	protocol/handler.go:1591	have processed broadcast	{"{round 20 3  <nil>}": {"Key":"from","Type":15,"Integer":0,"String":"c","Interface":null}}
2025-08-15T22:13:47.873-0500	DEBUG	protocol/handler.go:1649	have all messages and processed	{"{round 20 3  <nil>}": {"Key":"self","Type":15,"Integer":0,"String":"a","Interface":null}}
2025-08-15T22:13:47.873-0500	DEBUG	protocol/handler.go:596	round already finalized
2025-08-15T22:13:47.873-0500	DEBUG	protocol/handler.go:581	tryAdvanceRound called	{"{current_round 20 3  <nil>}": {"Key":"self","Type":15,"Integer":0,"String":"a","Interface":null}}
2025-08-15T22:13:47.873-0500	DEBUG	protocol/handler.go:1649	have all messages and processed	{"{round 20 3  <nil>}": {"Key":"self","Type":15,"Integer":0,"String":"b","Interface":null}}
2025-08-15T22:13:47.873-0500	DEBUG	protocol/handler.go:596	round already finalized
2025-08-15T22:13:47.873-0500	DEBUG	protocol/handler.go:581	tryAdvanceRound called	{"{current_round 20 3  <nil>}": {"Key":"self","Type":15,"Integer":0,"String":"b","Interface":null}}
2025-08-15T22:13:47.873-0500	DEBUG	protocol/handler.go:1591	have processed broadcast	{"{round 20 3  <nil>}": {"Key":"from","Type":15,"Integer":0,"String":"a","Interface":null}}
2025-08-15T22:13:47.873-0500	DEBUG	protocol/handler.go:1591	have processed broadcast	{"{round 20 3  <nil>}": {"Key":"from","Type":15,"Integer":0,"String":"c","Interface":null}}
2025-08-15T22:13:47.873-0500	DEBUG	protocol/handler.go:1649	have all messages and processed	{"{round 20 3  <nil>}": {"Key":"self","Type":15,"Integer":0,"String":"b","Interface":null}}
2025-08-15T22:13:47.873-0500	DEBUG	protocol/handler.go:1591	have processed broadcast	{"{round 20 3  <nil>}": {"Key":"from","Type":15,"Integer":0,"String":"b","Interface":null}}
2025-08-15T22:13:47.873-0500	DEBUG	protocol/handler.go:596	round already finalized
2025-08-15T22:13:47.873-0500	DEBUG	protocol/handler.go:1591	have processed broadcast	{"{round 20 3  <nil>}": {"Key":"from","Type":15,"Integer":0,"String":"c","Interface":null}}
2025-08-15T22:13:47.874-0500	DEBUG	protocol/handler.go:1649	have all messages and processed	{"{round 20 3  <nil>}": {"Key":"self","Type":15,"Integer":0,"String":"a","Interface":null}}
2025-08-15T22:13:47.874-0500	DEBUG	protocol/handler.go:596	round already finalized
2025-08-15T22:13:47.877-0500	DEBUG	protocol/handler.go:581	tryAdvanceRound called	{"{current_round 20 3  <nil>}": {"Key":"self","Type":15,"Integer":0,"String":"a","Interface":null}}
2025-08-15T22:13:47.877-0500	DEBUG	protocol/handler.go:1591	have processed broadcast	{"{round 20 3  <nil>}": {"Key":"from","Type":15,"Integer":0,"String":"b","Interface":null}}
2025-08-15T22:13:47.877-0500	DEBUG	protocol/handler.go:1591	have processed broadcast	{"{round 20 3  <nil>}": {"Key":"from","Type":15,"Integer":0,"String":"c","Interface":null}}
2025-08-15T22:13:47.877-0500	DEBUG	protocol/handler.go:1649	have all messages and processed	{"{round 20 3  <nil>}": {"Key":"self","Type":15,"Integer":0,"String":"a","Interface":null}}
2025-08-15T22:13:47.877-0500	DEBUG	protocol/handler.go:596	round already finalized
2025-08-15T22:13:47.881-0500	DEBUG	protocol/handler.go:581	tryAdvanceRound called	{"{current_round 20 3  <nil>}": {"Key":"self","Type":15,"Integer":0,"String":"b","Interface":null}}
2025-08-15T22:13:47.881-0500	DEBUG	protocol/handler.go:581	tryAdvanceRound called	{"{current_round 20 3  <nil>}": {"Key":"self","Type":15,"Integer":0,"String":"c","Interface":null}}
2025-08-15T22:13:47.881-0500	DEBUG	protocol/handler.go:1591	have processed broadcast	{"{round 20 3  <nil>}": {"Key":"from","Type":15,"Integer":0,"String":"a","Interface":null}}
2025-08-15T22:13:47.881-0500	DEBUG	protocol/handler.go:1591	have processed broadcast	{"{round 20 3  <nil>}": {"Key":"from","Type":15,"Integer":0,"String":"b","Interface":null}}
2025-08-15T22:13:47.881-0500	DEBUG	protocol/handler.go:1649	have all messages and processed	{"{round 20 3  <nil>}": {"Key":"self","Type":15,"Integer":0,"String":"c","Interface":null}}
2025-08-15T22:13:47.882-0500	DEBUG	protocol/handler.go:596	round already finalized
2025-08-15T22:13:47.882-0500	DEBUG	protocol/handler.go:1591	have processed broadcast	{"{round 20 3  <nil>}": {"Key":"from","Type":15,"Integer":0,"String":"a","Interface":null}}
2025-08-15T22:13:47.882-0500	DEBUG	protocol/handler.go:1591	have processed broadcast	{"{round 20 3  <nil>}": {"Key":"from","Type":15,"Integer":0,"String":"c","Interface":null}}
2025-08-15T22:13:47.882-0500	DEBUG	protocol/handler.go:1649	have all messages and processed	{"{round 20 3  <nil>}": {"Key":"self","Type":15,"Integer":0,"String":"b","Interface":null}}
2025-08-15T22:13:47.882-0500	DEBUG	protocol/handler.go:596	round already finalized
2025-08-15T22:13:47.886-0500	DEBUG	protocol/handler.go:581	tryAdvanceRound called	{"{current_round 20 3  <nil>}": {"Key":"self","Type":15,"Integer":0,"String":"a","Interface":null}}
2025-08-15T22:13:47.887-0500	DEBUG	protocol/handler.go:1591	have processed broadcast	{"{round 20 3  <nil>}": {"Key":"from","Type":15,"Integer":0,"String":"b","Interface":null}}
2025-08-15T22:13:47.887-0500	DEBUG	protocol/handler.go:1591	have processed broadcast	{"{round 20 3  <nil>}": {"Key":"from","Type":15,"Integer":0,"String":"c","Interface":null}}
2025-08-15T22:13:47.888-0500	DEBUG	protocol/handler.go:1649	have all messages and processed	{"{round 20 3  <nil>}": {"Key":"self","Type":15,"Integer":0,"String":"a","Interface":null}}
2025-08-15T22:13:47.888-0500	DEBUG	protocol/handler.go:596	round already finalized
2025-08-15T22:13:47.908-0500	DEBUG	protocol/handler.go:581	tryAdvanceRound called	{"{current_round 20 3  <nil>}": {"Key":"self","Type":15,"Integer":0,"String":"b","Interface":null}}
2025-08-15T22:13:47.908-0500	DEBUG	protocol/handler.go:1591	have processed broadcast	{"{round 20 3  <nil>}": {"Key":"from","Type":15,"Integer":0,"String":"a","Interface":null}}
2025-08-15T22:13:47.908-0500	DEBUG	protocol/handler.go:1591	have processed broadcast	{"{round 20 3  <nil>}": {"Key":"from","Type":15,"Integer":0,"String":"c","Interface":null}}
2025-08-15T22:13:47.908-0500	DEBUG	protocol/handler.go:1649	have all messages and processed	{"{round 20 3  <nil>}": {"Key":"self","Type":15,"Integer":0,"String":"b","Interface":null}}
2025-08-15T22:13:47.908-0500	DEBUG	protocol/handler.go:596	round already finalized
2025-08-15T22:13:47.908-0500	DEBUG	protocol/handler.go:581	tryAdvanceRound called	{"{current_round 20 3  <nil>}": {"Key":"self","Type":15,"Integer":0,"String":"a","Interface":null}}
2025-08-15T22:13:47.908-0500	DEBUG	protocol/handler.go:1591	have processed broadcast	{"{round 20 3  <nil>}": {"Key":"from","Type":15,"Integer":0,"String":"b","Interface":null}}
2025-08-15T22:13:47.908-0500	DEBUG	protocol/handler.go:1591	have processed broadcast	{"{round 20 3  <nil>}": {"Key":"from","Type":15,"Integer":0,"String":"c","Interface":null}}
2025-08-15T22:13:47.908-0500	DEBUG	protocol/handler.go:1649	have all messages and processed	{"{round 20 3  <nil>}": {"Key":"self","Type":15,"Integer":0,"String":"a","Interface":null}}
2025-08-15T22:13:47.908-0500	DEBUG	protocol/handler.go:596	round already finalized
2025-08-15T22:13:47.931-0500	DEBUG	protocol/handler.go:581	tryAdvanceRound called	{"{current_round 20 3  <nil>}": {"Key":"self","Type":15,"Integer":0,"String":"b","Interface":null}}
2025-08-15T22:13:47.931-0500	DEBUG	protocol/handler.go:1591	have processed broadcast	{"{round 20 3  <nil>}": {"Key":"from","Type":15,"Integer":0,"String":"a","Interface":null}}
2025-08-15T22:13:47.931-0500	DEBUG	protocol/handler.go:1591	have processed broadcast	{"{round 20 3  <nil>}": {"Key":"from","Type":15,"Integer":0,"String":"c","Interface":null}}
2025-08-15T22:13:47.931-0500	DEBUG	protocol/handler.go:1649	have all messages and processed	{"{round 20 3  <nil>}": {"Key":"self","Type":15,"Integer":0,"String":"b","Interface":null}}
2025-08-15T22:13:47.931-0500	DEBUG	protocol/handler.go:596	round already finalized
2025-08-15T22:13:47.931-0500	DEBUG	protocol/handler.go:581	tryAdvanceRound called	{"{current_round 20 3  <nil>}": {"Key":"self","Type":15,"Integer":0,"String":"a","Interface":null}}
2025-08-15T22:13:47.931-0500	DEBUG	protocol/handler.go:1591	have processed broadcast	{"{round 20 3  <nil>}": {"Key":"from","Type":15,"Integer":0,"String":"b","Interface":null}}
2025-08-15T22:13:47.932-0500	DEBUG	protocol/handler.go:1591	have processed broadcast	{"{round 20 3  <nil>}": {"Key":"from","Type":15,"Integer":0,"String":"c","Interface":null}}
2025-08-15T22:13:47.932-0500	DEBUG	protocol/handler.go:1649	have all messages and processed	{"{round 20 3  <nil>}": {"Key":"self","Type":15,"Integer":0,"String":"a","Interface":null}}
2025-08-15T22:13:47.932-0500	DEBUG	protocol/handler.go:596	round already finalized
2025-08-15T22:13:47.937-0500	DEBUG	protocol/handler.go:581	tryAdvanceRound called	{"{current_round 20 3  <nil>}": {"Key":"self","Type":15,"Integer":0,"String":"c","Interface":null}}
2025-08-15T22:13:47.937-0500	DEBUG	protocol/handler.go:1591	have processed broadcast	{"{round 20 3  <nil>}": {"Key":"from","Type":15,"Integer":0,"String":"a","Interface":null}}
2025-08-15T22:13:47.937-0500	DEBUG	protocol/handler.go:1591	have processed broadcast	{"{round 20 3  <nil>}": {"Key":"from","Type":15,"Integer":0,"String":"b","Interface":null}}
2025-08-15T22:13:47.937-0500	DEBUG	protocol/handler.go:1649	have all messages and processed	{"{round 20 3  <nil>}": {"Key":"self","Type":15,"Integer":0,"String":"c","Interface":null}}
2025-08-15T22:13:47.937-0500	DEBUG	protocol/handler.go:596	round already finalized
2025-08-15T22:13:47.937-0500	DEBUG	protocol/handler.go:581	tryAdvanceRound called	{"{current_round 20 3  <nil>}": {"Key":"self","Type":15,"Integer":0,"String":"c","Interface":null}}
2025-08-15T22:13:47.937-0500	DEBUG	protocol/handler.go:1591	have processed broadcast	{"{round 20 3  <nil>}": {"Key":"from","Type":15,"Integer":0,"String":"a","Interface":null}}
2025-08-15T22:13:47.937-0500	DEBUG	protocol/handler.go:1591	have processed broadcast	{"{round 20 3  <nil>}": {"Key":"from","Type":15,"Integer":0,"String":"b","Interface":null}}
2025-08-15T22:13:47.938-0500	DEBUG	protocol/handler.go:1649	have all messages and processed	{"{round 20 3  <nil>}": {"Key":"self","Type":15,"Integer":0,"String":"c","Interface":null}}
2025-08-15T22:13:47.938-0500	DEBUG	protocol/handler.go:596	round already finalized
2025-08-15T22:13:47.938-0500	DEBUG	protocol/handler.go:581	tryAdvanceRound called	{"{current_round 20 3  <nil>}": {"Key":"self","Type":15,"Integer":0,"String":"c","Interface":null}}
2025-08-15T22:13:47.938-0500	DEBUG	protocol/handler.go:1591	have processed broadcast	{"{round 20 3  <nil>}": {"Key":"from","Type":15,"Integer":0,"String":"a","Interface":null}}
2025-08-15T22:13:47.938-0500	DEBUG	protocol/handler.go:1591	have processed broadcast	{"{round 20 3  <nil>}": {"Key":"from","Type":15,"Integer":0,"String":"b","Interface":null}}
2025-08-15T22:13:47.938-0500	DEBUG	protocol/handler.go:1649	have all messages and processed	{"{round 20 3  <nil>}": {"Key":"self","Type":15,"Integer":0,"String":"c","Interface":null}}
2025-08-15T22:13:47.938-0500	DEBUG	protocol/handler.go:596	round already finalized
2025-08-15T22:13:47.956-0500	DEBUG	protocol/handler.go:581	tryAdvanceRound called	{"{current_round 20 3  <nil>}": {"Key":"self","Type":15,"Integer":0,"String":"b","Interface":null}}
2025-08-15T22:13:47.956-0500	DEBUG	protocol/handler.go:1591	have processed broadcast	{"{round 20 3  <nil>}": {"Key":"from","Type":15,"Integer":0,"String":"a","Interface":null}}
2025-08-15T22:13:47.956-0500	DEBUG	protocol/handler.go:1591	have processed broadcast	{"{round 20 3  <nil>}": {"Key":"from","Type":15,"Integer":0,"String":"c","Interface":null}}
2025-08-15T22:13:47.956-0500	DEBUG	protocol/handler.go:1649	have all messages and processed	{"{round 20 3  <nil>}": {"Key":"self","Type":15,"Integer":0,"String":"b","Interface":null}}
2025-08-15T22:13:47.956-0500	DEBUG	protocol/handler.go:596	round already finalized
2025-08-15T22:13:47.956-0500	DEBUG	protocol/handler.go:581	tryAdvanceRound called	{"{current_round 20 3  <nil>}": {"Key":"self","Type":15,"Integer":0,"String":"a","Interface":null}}
2025-08-15T22:13:47.956-0500	DEBUG	protocol/handler.go:1591	have processed broadcast	{"{round 20 3  <nil>}": {"Key":"from","Type":15,"Integer":0,"String":"b","Interface":null}}
2025-08-15T22:13:47.956-0500	DEBUG	protocol/handler.go:1591	have processed broadcast	{"{round 20 3  <nil>}": {"Key":"from","Type":15,"Integer":0,"String":"c","Interface":null}}
2025-08-15T22:13:47.956-0500	DEBUG	protocol/handler.go:1649	have all messages and processed	{"{round 20 3  <nil>}": {"Key":"self","Type":15,"Integer":0,"String":"a","Interface":null}}
2025-08-15T22:13:47.956-0500	DEBUG	protocol/handler.go:596	round already finalized
2025-08-15T22:13:47.957-0500	DEBUG	protocol/handler.go:581	tryAdvanceRound called	{"{current_round 20 3  <nil>}": {"Key":"self","Type":15,"Integer":0,"String":"a","Interface":null}}
2025-08-15T22:13:47.957-0500	DEBUG	protocol/handler.go:1591	have processed broadcast	{"{round 20 3  <nil>}": {"Key":"from","Type":15,"Integer":0,"String":"b","Interface":null}}
2025-08-15T22:13:47.957-0500	DEBUG	protocol/handler.go:1591	have processed broadcast	{"{round 20 3  <nil>}": {"Key":"from","Type":15,"Integer":0,"String":"c","Interface":null}}
2025-08-15T22:13:47.957-0500	DEBUG	protocol/handler.go:1649	have all messages and processed	{"{round 20 3  <nil>}": {"Key":"self","Type":15,"Integer":0,"String":"a","Interface":null}}
2025-08-15T22:13:47.957-0500	DEBUG	protocol/handler.go:596	round already finalized
2025-08-15T22:13:47.958-0500	DEBUG	protocol/handler.go:581	tryAdvanceRound called	{"{current_round 20 3  <nil>}": {"Key":"self","Type":15,"Integer":0,"String":"c","Interface":null}}
2025-08-15T22:13:47.963-0500	DEBUG	protocol/handler.go:1591	have processed broadcast	{"{round 20 3  <nil>}": {"Key":"from","Type":15,"Integer":0,"String":"a","Interface":null}}
2025-08-15T22:13:47.963-0500	DEBUG	protocol/handler.go:1591	have processed broadcast	{"{round 20 3  <nil>}": {"Key":"from","Type":15,"Integer":0,"String":"b","Interface":null}}
2025-08-15T22:13:47.964-0500	DEBUG	protocol/handler.go:1649	have all messages and processed	{"{round 20 3  <nil>}": {"Key":"self","Type":15,"Integer":0,"String":"c","Interface":null}}
2025-08-15T22:13:47.964-0500	DEBUG	protocol/handler.go:596	round already finalized
2025-08-15T22:13:47.964-0500	DEBUG	protocol/handler.go:581	tryAdvanceRound called	{"{current_round 20 3  <nil>}": {"Key":"self","Type":15,"Integer":0,"String":"c","Interface":null}}
2025-08-15T22:13:47.964-0500	DEBUG	protocol/handler.go:581	tryAdvanceRound called	{"{current_round 20 3  <nil>}": {"Key":"self","Type":15,"Integer":0,"String":"b","Interface":null}}
2025-08-15T22:13:47.964-0500	DEBUG	protocol/handler.go:1591	have processed broadcast	{"{round 20 3  <nil>}": {"Key":"from","Type":15,"Integer":0,"String":"a","Interface":null}}
2025-08-15T22:13:47.964-0500	DEBUG	protocol/handler.go:1591	have processed broadcast	{"{round 20 3  <nil>}": {"Key":"from","Type":15,"Integer":0,"String":"b","Interface":null}}
2025-08-15T22:13:47.964-0500	DEBUG	protocol/handler.go:1649	have all messages and processed	{"{round 20 3  <nil>}": {"Key":"self","Type":15,"Integer":0,"String":"c","Interface":null}}
2025-08-15T22:13:47.964-0500	DEBUG	protocol/handler.go:596	round already finalized
2025-08-15T22:13:47.969-0500	DEBUG	protocol/handler.go:1591	have processed broadcast	{"{round 20 3  <nil>}": {"Key":"from","Type":15,"Integer":0,"String":"a","Interface":null}}
2025-08-15T22:13:47.970-0500	DEBUG	protocol/handler.go:1591	have processed broadcast	{"{round 20 3  <nil>}": {"Key":"from","Type":15,"Integer":0,"String":"c","Interface":null}}
2025-08-15T22:13:47.970-0500	DEBUG	protocol/handler.go:1649	have all messages and processed	{"{round 20 3  <nil>}": {"Key":"self","Type":15,"Integer":0,"String":"b","Interface":null}}
2025-08-15T22:13:47.970-0500	DEBUG	protocol/handler.go:596	round already finalized
2025-08-15T22:13:47.975-0500	DEBUG	protocol/handler.go:581	tryAdvanceRound called	{"{current_round 20 3  <nil>}": {"Key":"self","Type":15,"Integer":0,"String":"a","Interface":null}}
2025-08-15T22:13:47.975-0500	DEBUG	protocol/handler.go:1591	have processed broadcast	{"{round 20 3  <nil>}": {"Key":"from","Type":15,"Integer":0,"String":"b","Interface":null}}
2025-08-15T22:13:47.975-0500	DEBUG	protocol/handler.go:1591	have processed broadcast	{"{round 20 3  <nil>}": {"Key":"from","Type":15,"Integer":0,"String":"c","Interface":null}}
2025-08-15T22:13:47.975-0500	DEBUG	protocol/handler.go:1649	have all messages and processed	{"{round 20 3  <nil>}": {"Key":"self","Type":15,"Integer":0,"String":"a","Interface":null}}
2025-08-15T22:13:47.975-0500	DEBUG	protocol/handler.go:596	round already finalized
2025-08-15T22:13:47.975-0500	DEBUG	protocol/handler.go:581	tryAdvanceRound called	{"{current_round 20 3  <nil>}": {"Key":"self","Type":15,"Integer":0,"String":"b","Interface":null}}
2025-08-15T22:13:47.975-0500	DEBUG	protocol/handler.go:1591	have processed broadcast	{"{round 20 3  <nil>}": {"Key":"from","Type":15,"Integer":0,"String":"a","Interface":null}}
2025-08-15T22:13:47.976-0500	DEBUG	protocol/handler.go:1591	have processed broadcast	{"{round 20 3  <nil>}": {"Key":"from","Type":15,"Integer":0,"String":"c","Interface":null}}
2025-08-15T22:13:47.976-0500	DEBUG	protocol/handler.go:1649	have all messages and processed	{"{round 20 3  <nil>}": {"Key":"self","Type":15,"Integer":0,"String":"b","Interface":null}}
2025-08-15T22:13:47.976-0500	DEBUG	protocol/handler.go:596	round already finalized
2025-08-15T22:13:47.979-0500	DEBUG	protocol/handler.go:581	tryAdvanceRound called	{"{current_round 20 3  <nil>}": {"Key":"self","Type":15,"Integer":0,"String":"c","Interface":null}}
2025-08-15T22:13:47.982-0500	DEBUG	protocol/handler.go:1591	have processed broadcast	{"{round 20 3  <nil>}": {"Key":"from","Type":15,"Integer":0,"String":"a","Interface":null}}
2025-08-15T22:13:47.982-0500	DEBUG	protocol/handler.go:1591	have processed broadcast	{"{round 20 3  <nil>}": {"Key":"from","Type":15,"Integer":0,"String":"b","Interface":null}}
2025-08-15T22:13:47.983-0500	DEBUG	protocol/handler.go:1649	have all messages and processed	{"{round 20 3  <nil>}": {"Key":"self","Type":15,"Integer":0,"String":"c","Interface":null}}
2025-08-15T22:13:47.983-0500	DEBUG	protocol/handler.go:596	round already finalized
2025-08-15T22:13:47.983-0500	DEBUG	protocol/handler.go:581	tryAdvanceRound called	{"{current_round 20 3  <nil>}": {"Key":"self","Type":15,"Integer":0,"String":"c","Interface":null}}
2025-08-15T22:13:47.983-0500	DEBUG	protocol/handler.go:1591	have processed broadcast	{"{round 20 3  <nil>}": {"Key":"from","Type":15,"Integer":0,"String":"a","Interface":null}}
2025-08-15T22:13:47.984-0500	DEBUG	protocol/handler.go:1591	have processed broadcast	{"{round 20 3  <nil>}": {"Key":"from","Type":15,"Integer":0,"String":"b","Interface":null}}
2025-08-15T22:13:47.984-0500	DEBUG	protocol/handler.go:1649	have all messages and processed	{"{round 20 3  <nil>}": {"Key":"self","Type":15,"Integer":0,"String":"c","Interface":null}}
2025-08-15T22:13:47.984-0500	DEBUG	protocol/handler.go:596	round already finalized
2025-08-15T22:13:47.980-0500	DEBUG	protocol/handler.go:581	tryAdvanceRound called	{"{current_round 20 3  <nil>}": {"Key":"self","Type":15,"Integer":0,"String":"a","Interface":null}}
2025-08-15T22:13:47.984-0500	DEBUG	protocol/handler.go:1591	have processed broadcast	{"{round 20 3  <nil>}": {"Key":"from","Type":15,"Integer":0,"String":"b","Interface":null}}
2025-08-15T22:13:47.984-0500	DEBUG	protocol/handler.go:1591	have processed broadcast	{"{round 20 3  <nil>}": {"Key":"from","Type":15,"Integer":0,"String":"c","Interface":null}}
2025-08-15T22:13:47.984-0500	DEBUG	protocol/handler.go:1649	have all messages and processed	{"{round 20 3  <nil>}": {"Key":"self","Type":15,"Integer":0,"String":"a","Interface":null}}
2025-08-15T22:13:47.984-0500	DEBUG	protocol/handler.go:596	round already finalized
2025-08-15T22:13:47.991-0500	DEBUG	protocol/handler.go:581	tryAdvanceRound called	{"{current_round 20 3  <nil>}": {"Key":"self","Type":15,"Integer":0,"String":"a","Interface":null}}
2025-08-15T22:13:47.991-0500	DEBUG	protocol/handler.go:1591	have processed broadcast	{"{round 20 3  <nil>}": {"Key":"from","Type":15,"Integer":0,"String":"b","Interface":null}}
2025-08-15T22:13:47.991-0500	DEBUG	protocol/handler.go:1591	have processed broadcast	{"{round 20 3  <nil>}": {"Key":"from","Type":15,"Integer":0,"String":"c","Interface":null}}
2025-08-15T22:13:47.991-0500	DEBUG	protocol/handler.go:1649	have all messages and processed	{"{round 20 3  <nil>}": {"Key":"self","Type":15,"Integer":0,"String":"a","Interface":null}}
2025-08-15T22:13:47.991-0500	DEBUG	protocol/handler.go:596	round already finalized
2025-08-15T22:13:47.991-0500	DEBUG	protocol/handler.go:581	tryAdvanceRound called	{"{current_round 20 3  <nil>}": {"Key":"self","Type":15,"Integer":0,"String":"b","Interface":null}}
2025-08-15T22:13:47.991-0500	DEBUG	protocol/handler.go:1591	have processed broadcast	{"{round 20 3  <nil>}": {"Key":"from","Type":15,"Integer":0,"String":"a","Interface":null}}
2025-08-15T22:13:47.991-0500	DEBUG	protocol/handler.go:1591	have processed broadcast	{"{round 20 3  <nil>}": {"Key":"from","Type":15,"Integer":0,"String":"c","Interface":null}}
2025-08-15T22:13:47.991-0500	DEBUG	protocol/handler.go:1649	have all messages and processed	{"{round 20 3  <nil>}": {"Key":"self","Type":15,"Integer":0,"String":"b","Interface":null}}
2025-08-15T22:13:47.991-0500	DEBUG	protocol/handler.go:596	round already finalized
2025-08-15T22:13:48.008-0500	DEBUG	protocol/handler.go:581	tryAdvanceRound called	{"{current_round 20 3  <nil>}": {"Key":"self","Type":15,"Integer":0,"String":"c","Interface":null}}
2025-08-15T22:13:48.008-0500	DEBUG	protocol/handler.go:1591	have processed broadcast	{"{round 20 3  <nil>}": {"Key":"from","Type":15,"Integer":0,"String":"a","Interface":null}}
2025-08-15T22:13:48.008-0500	DEBUG	protocol/handler.go:1591	have processed broadcast	{"{round 20 3  <nil>}": {"Key":"from","Type":15,"Integer":0,"String":"b","Interface":null}}
2025-08-15T22:13:48.008-0500	DEBUG	protocol/handler.go:1649	have all messages and processed	{"{round 20 3  <nil>}": {"Key":"self","Type":15,"Integer":0,"String":"c","Interface":null}}
2025-08-15T22:13:48.008-0500	DEBUG	protocol/handler.go:596	round already finalized
2025-08-15T22:13:48.028-0500	DEBUG	protocol/handler.go:581	tryAdvanceRound called	{"{current_round 20 3  <nil>}": {"Key":"self","Type":15,"Integer":0,"String":"c","Interface":null}}
2025-08-15T22:13:48.029-0500	DEBUG	protocol/handler.go:1591	have processed broadcast	{"{round 20 3  <nil>}": {"Key":"from","Type":15,"Integer":0,"String":"a","Interface":null}}
2025-08-15T22:13:48.029-0500	DEBUG	protocol/handler.go:1591	have processed broadcast	{"{round 20 3  <nil>}": {"Key":"from","Type":15,"Integer":0,"String":"b","Interface":null}}
2025-08-15T22:13:48.029-0500	DEBUG	protocol/handler.go:1649	have all messages and processed	{"{round 20 3  <nil>}": {"Key":"self","Type":15,"Integer":0,"String":"c","Interface":null}}
2025-08-15T22:13:48.029-0500	DEBUG	protocol/handler.go:596	round already finalized
2025-08-15T22:13:48.031-0500	DEBUG	protocol/handler.go:581	tryAdvanceRound called	{"{current_round 20 3  <nil>}": {"Key":"self","Type":15,"Integer":0,"String":"a","Interface":null}}
2025-08-15T22:13:48.031-0500	DEBUG	protocol/handler.go:1591	have processed broadcast	{"{round 20 3  <nil>}": {"Key":"from","Type":15,"Integer":0,"String":"b","Interface":null}}
2025-08-15T22:13:48.031-0500	DEBUG	protocol/handler.go:1591	have processed broadcast	{"{round 20 3  <nil>}": {"Key":"from","Type":15,"Integer":0,"String":"c","Interface":null}}
2025-08-15T22:13:48.031-0500	DEBUG	protocol/handler.go:1649	have all messages and processed	{"{round 20 3  <nil>}": {"Key":"self","Type":15,"Integer":0,"String":"a","Interface":null}}
2025-08-15T22:13:48.032-0500	DEBUG	protocol/handler.go:596	round already finalized
2025-08-15T22:13:48.032-0500	DEBUG	protocol/handler.go:581	tryAdvanceRound called	{"{current_round 20 3  <nil>}": {"Key":"self","Type":15,"Integer":0,"String":"b","Interface":null}}
2025-08-15T22:13:48.032-0500	DEBUG	protocol/handler.go:1591	have processed broadcast	{"{round 20 3  <nil>}": {"Key":"from","Type":15,"Integer":0,"String":"a","Interface":null}}
2025-08-15T22:13:48.032-0500	DEBUG	protocol/handler.go:1591	have processed broadcast	{"{round 20 3  <nil>}": {"Key":"from","Type":15,"Integer":0,"String":"c","Interface":null}}
2025-08-15T22:13:48.032-0500	DEBUG	protocol/handler.go:1649	have all messages and processed	{"{round 20 3  <nil>}": {"Key":"self","Type":15,"Integer":0,"String":"b","Interface":null}}
2025-08-15T22:13:48.032-0500	DEBUG	protocol/handler.go:596	round already finalized
2025-08-15T22:13:48.032-0500	DEBUG	protocol/handler.go:581	tryAdvanceRound called	{"{current_round 20 3  <nil>}": {"Key":"self","Type":15,"Integer":0,"String":"b","Interface":null}}
2025-08-15T22:13:48.032-0500	DEBUG	protocol/handler.go:1591	have processed broadcast	{"{round 20 3  <nil>}": {"Key":"from","Type":15,"Integer":0,"String":"a","Interface":null}}
2025-08-15T22:13:48.032-0500	DEBUG	protocol/handler.go:1591	have processed broadcast	{"{round 20 3  <nil>}": {"Key":"from","Type":15,"Integer":0,"String":"c","Interface":null}}
2025-08-15T22:13:48.032-0500	DEBUG	protocol/handler.go:1649	have all messages and processed	{"{round 20 3  <nil>}": {"Key":"self","Type":15,"Integer":0,"String":"b","Interface":null}}
2025-08-15T22:13:48.032-0500	DEBUG	protocol/handler.go:596	round already finalized
2025-08-15T22:13:48.054-0500	DEBUG	protocol/handler.go:581	tryAdvanceRound called	{"{current_round 20 3  <nil>}": {"Key":"self","Type":15,"Integer":0,"String":"a","Interface":null}}
2025-08-15T22:13:48.054-0500	DEBUG	protocol/handler.go:1591	have processed broadcast	{"{round 20 3  <nil>}": {"Key":"from","Type":15,"Integer":0,"String":"b","Interface":null}}
2025-08-15T22:13:48.054-0500	DEBUG	protocol/handler.go:1591	have processed broadcast	{"{round 20 3  <nil>}": {"Key":"from","Type":15,"Integer":0,"String":"c","Interface":null}}
2025-08-15T22:13:48.054-0500	DEBUG	protocol/handler.go:1649	have all messages and processed	{"{round 20 3  <nil>}": {"Key":"self","Type":15,"Integer":0,"String":"a","Interface":null}}
2025-08-15T22:13:48.054-0500	DEBUG	protocol/handler.go:596	round already finalized
2025-08-15T22:13:48.054-0500	DEBUG	protocol/handler.go:581	tryAdvanceRound called	{"{current_round 20 3  <nil>}": {"Key":"self","Type":15,"Integer":0,"String":"b","Interface":null}}
2025-08-15T22:13:48.054-0500	DEBUG	protocol/handler.go:1591	have processed broadcast	{"{round 20 3  <nil>}": {"Key":"from","Type":15,"Integer":0,"String":"a","Interface":null}}
2025-08-15T22:13:48.054-0500	DEBUG	protocol/handler.go:1591	have processed broadcast	{"{round 20 3  <nil>}": {"Key":"from","Type":15,"Integer":0,"String":"c","Interface":null}}
2025-08-15T22:13:48.054-0500	DEBUG	protocol/handler.go:1649	have all messages and processed	{"{round 20 3  <nil>}": {"Key":"self","Type":15,"Integer":0,"String":"b","Interface":null}}
2025-08-15T22:13:48.054-0500	DEBUG	protocol/handler.go:596	round already finalized
2025-08-15T22:13:48.055-0500	DEBUG	protocol/handler.go:581	tryAdvanceRound called	{"{current_round 20 3  <nil>}": {"Key":"self","Type":15,"Integer":0,"String":"c","Interface":null}}
2025-08-15T22:13:48.055-0500	DEBUG	protocol/handler.go:1591	have processed broadcast	{"{round 20 3  <nil>}": {"Key":"from","Type":15,"Integer":0,"String":"a","Interface":null}}
2025-08-15T22:13:48.055-0500	DEBUG	protocol/handler.go:1591	have processed broadcast	{"{round 20 3  <nil>}": {"Key":"from","Type":15,"Integer":0,"String":"b","Interface":null}}
2025-08-15T22:13:48.055-0500	DEBUG	protocol/handler.go:1649	have all messages and processed	{"{round 20 3  <nil>}": {"Key":"self","Type":15,"Integer":0,"String":"c","Interface":null}}
2025-08-15T22:13:48.055-0500	DEBUG	protocol/handler.go:596	round already finalized
2025-08-15T22:13:48.061-0500	DEBUG	protocol/handler.go:581	tryAdvanceRound called	{"{current_round 20 3  <nil>}": {"Key":"self","Type":15,"Integer":0,"String":"a","Interface":null}}
2025-08-15T22:13:48.061-0500	DEBUG	protocol/handler.go:1591	have processed broadcast	{"{round 20 3  <nil>}": {"Key":"from","Type":15,"Integer":0,"String":"b","Interface":null}}
2025-08-15T22:13:48.061-0500	DEBUG	protocol/handler.go:1591	have processed broadcast	{"{round 20 3  <nil>}": {"Key":"from","Type":15,"Integer":0,"String":"c","Interface":null}}
2025-08-15T22:13:48.061-0500	DEBUG	protocol/handler.go:1649	have all messages and processed	{"{round 20 3  <nil>}": {"Key":"self","Type":15,"Integer":0,"String":"a","Interface":null}}
2025-08-15T22:13:48.061-0500	DEBUG	protocol/handler.go:596	round already finalized
2025-08-15T22:13:48.061-0500	DEBUG	protocol/handler.go:581	tryAdvanceRound called	{"{current_round 20 3  <nil>}": {"Key":"self","Type":15,"Integer":0,"String":"b","Interface":null}}
2025-08-15T22:13:48.061-0500	DEBUG	protocol/handler.go:1591	have processed broadcast	{"{round 20 3  <nil>}": {"Key":"from","Type":15,"Integer":0,"String":"a","Interface":null}}
2025-08-15T22:13:48.061-0500	DEBUG	protocol/handler.go:1591	have processed broadcast	{"{round 20 3  <nil>}": {"Key":"from","Type":15,"Integer":0,"String":"c","Interface":null}}
2025-08-15T22:13:48.061-0500	DEBUG	protocol/handler.go:1649	have all messages and processed	{"{round 20 3  <nil>}": {"Key":"self","Type":15,"Integer":0,"String":"b","Interface":null}}
2025-08-15T22:13:48.061-0500	DEBUG	protocol/handler.go:596	round already finalized
2025-08-15T22:13:48.068-0500	DEBUG	protocol/handler.go:581	tryAdvanceRound called	{"{current_round 20 3  <nil>}": {"Key":"self","Type":15,"Integer":0,"String":"a","Interface":null}}
2025-08-15T22:13:48.068-0500	DEBUG	protocol/handler.go:1591	have processed broadcast	{"{round 20 3  <nil>}": {"Key":"from","Type":15,"Integer":0,"String":"b","Interface":null}}
2025-08-15T22:13:48.068-0500	DEBUG	protocol/handler.go:1591	have processed broadcast	{"{round 20 3  <nil>}": {"Key":"from","Type":15,"Integer":0,"String":"c","Interface":null}}
2025-08-15T22:13:48.068-0500	DEBUG	protocol/handler.go:1649	have all messages and processed	{"{round 20 3  <nil>}": {"Key":"self","Type":15,"Integer":0,"String":"a","Interface":null}}
2025-08-15T22:13:48.068-0500	DEBUG	protocol/handler.go:596	round already finalized
2025-08-15T22:13:48.071-0500	DEBUG	protocol/handler.go:581	tryAdvanceRound called	{"{current_round 20 3  <nil>}": {"Key":"self","Type":15,"Integer":0,"String":"b","Interface":null}}
2025-08-15T22:13:48.071-0500	DEBUG	protocol/handler.go:1591	have processed broadcast	{"{round 20 3  <nil>}": {"Key":"from","Type":15,"Integer":0,"String":"a","Interface":null}}
2025-08-15T22:13:48.072-0500	DEBUG	protocol/handler.go:1591	have processed broadcast	{"{round 20 3  <nil>}": {"Key":"from","Type":15,"Integer":0,"String":"c","Interface":null}}
2025-08-15T22:13:48.072-0500	DEBUG	protocol/handler.go:1649	have all messages and processed	{"{round 20 3  <nil>}": {"Key":"self","Type":15,"Integer":0,"String":"b","Interface":null}}
2025-08-15T22:13:48.072-0500	DEBUG	protocol/handler.go:596	round already finalized
2025-08-15T22:13:48.073-0500	DEBUG	protocol/handler.go:581	tryAdvanceRound called	{"{current_round 20 3  <nil>}": {"Key":"self","Type":15,"Integer":0,"String":"c","Interface":null}}
2025-08-15T22:13:48.073-0500	DEBUG	protocol/handler.go:1591	have processed broadcast	{"{round 20 3  <nil>}": {"Key":"from","Type":15,"Integer":0,"String":"a","Interface":null}}
2025-08-15T22:13:48.073-0500	DEBUG	protocol/handler.go:1591	have processed broadcast	{"{round 20 3  <nil>}": {"Key":"from","Type":15,"Integer":0,"String":"b","Interface":null}}
2025-08-15T22:13:48.073-0500	DEBUG	protocol/handler.go:1649	have all messages and processed	{"{round 20 3  <nil>}": {"Key":"self","Type":15,"Integer":0,"String":"c","Interface":null}}
2025-08-15T22:13:48.073-0500	DEBUG	protocol/handler.go:596	round already finalized
2025-08-15T22:13:48.073-0500	DEBUG	protocol/handler.go:581	tryAdvanceRound called	{"{current_round 20 3  <nil>}": {"Key":"self","Type":15,"Integer":0,"String":"c","Interface":null}}
2025-08-15T22:13:48.074-0500	DEBUG	protocol/handler.go:1591	have processed broadcast	{"{round 20 3  <nil>}": {"Key":"from","Type":15,"Integer":0,"String":"a","Interface":null}}
2025-08-15T22:13:48.074-0500	DEBUG	protocol/handler.go:1591	have processed broadcast	{"{round 20 3  <nil>}": {"Key":"from","Type":15,"Integer":0,"String":"b","Interface":null}}
2025-08-15T22:13:48.074-0500	DEBUG	protocol/handler.go:1649	have all messages and processed	{"{round 20 3  <nil>}": {"Key":"self","Type":15,"Integer":0,"String":"c","Interface":null}}
2025-08-15T22:13:48.074-0500	DEBUG	protocol/handler.go:596	round already finalized
2025-08-15T22:13:48.086-0500	DEBUG	protocol/handler.go:581	tryAdvanceRound called	{"{current_round 20 3  <nil>}": {"Key":"self","Type":15,"Integer":0,"String":"a","Interface":null}}
2025-08-15T22:13:48.086-0500	DEBUG	protocol/handler.go:1591	have processed broadcast	{"{round 20 3  <nil>}": {"Key":"from","Type":15,"Integer":0,"String":"b","Interface":null}}
2025-08-15T22:13:48.086-0500	DEBUG	protocol/handler.go:1591	have processed broadcast	{"{round 20 3  <nil>}": {"Key":"from","Type":15,"Integer":0,"String":"c","Interface":null}}
2025-08-15T22:13:48.086-0500	DEBUG	protocol/handler.go:1649	have all messages and processed	{"{round 20 3  <nil>}": {"Key":"self","Type":15,"Integer":0,"String":"a","Interface":null}}
2025-08-15T22:13:48.086-0500	DEBUG	protocol/handler.go:596	round already finalized
2025-08-15T22:13:48.086-0500	DEBUG	protocol/handler.go:581	tryAdvanceRound called	{"{current_round 20 3  <nil>}": {"Key":"self","Type":15,"Integer":0,"String":"c","Interface":null}}
2025-08-15T22:13:48.086-0500	DEBUG	protocol/handler.go:1591	have processed broadcast	{"{round 20 3  <nil>}": {"Key":"from","Type":15,"Integer":0,"String":"a","Interface":null}}
2025-08-15T22:13:48.086-0500	DEBUG	protocol/handler.go:1591	have processed broadcast	{"{round 20 3  <nil>}": {"Key":"from","Type":15,"Integer":0,"String":"b","Interface":null}}
2025-08-15T22:13:48.086-0500	DEBUG	protocol/handler.go:1649	have all messages and processed	{"{round 20 3  <nil>}": {"Key":"self","Type":15,"Integer":0,"String":"c","Interface":null}}
2025-08-15T22:13:48.086-0500	DEBUG	protocol/handler.go:596	round already finalized
2025-08-15T22:13:48.086-0500	DEBUG	protocol/handler.go:581	tryAdvanceRound called	{"{current_round 20 3  <nil>}": {"Key":"self","Type":15,"Integer":0,"String":"b","Interface":null}}
2025-08-15T22:13:48.086-0500	DEBUG	protocol/handler.go:1591	have processed broadcast	{"{round 20 3  <nil>}": {"Key":"from","Type":15,"Integer":0,"String":"a","Interface":null}}
2025-08-15T22:13:48.086-0500	DEBUG	protocol/handler.go:1591	have processed broadcast	{"{round 20 3  <nil>}": {"Key":"from","Type":15,"Integer":0,"String":"c","Interface":null}}
2025-08-15T22:13:48.086-0500	DEBUG	protocol/handler.go:1649	have all messages and processed	{"{round 20 3  <nil>}": {"Key":"self","Type":15,"Integer":0,"String":"b","Interface":null}}
2025-08-15T22:13:48.087-0500	DEBUG	protocol/handler.go:596	round already finalized
2025-08-15T22:13:48.087-0500	DEBUG	protocol/handler.go:581	tryAdvanceRound called	{"{current_round 20 3  <nil>}": {"Key":"self","Type":15,"Integer":0,"String":"a","Interface":null}}
2025-08-15T22:13:48.087-0500	DEBUG	protocol/handler.go:1591	have processed broadcast	{"{round 20 3  <nil>}": {"Key":"from","Type":15,"Integer":0,"String":"b","Interface":null}}
2025-08-15T22:13:48.087-0500	DEBUG	protocol/handler.go:1591	have processed broadcast	{"{round 20 3  <nil>}": {"Key":"from","Type":15,"Integer":0,"String":"c","Interface":null}}
2025-08-15T22:13:48.087-0500	DEBUG	protocol/handler.go:1649	have all messages and processed	{"{round 20 3  <nil>}": {"Key":"self","Type":15,"Integer":0,"String":"a","Interface":null}}
2025-08-15T22:13:48.087-0500	DEBUG	protocol/handler.go:596	round already finalized
2025-08-15T22:13:48.108-0500	DEBUG	protocol/handler.go:581	tryAdvanceRound called	{"{current_round 20 3  <nil>}": {"Key":"self","Type":15,"Integer":0,"String":"b","Interface":null}}
2025-08-15T22:13:48.110-0500	DEBUG	protocol/handler.go:1591	have processed broadcast	{"{round 20 3  <nil>}": {"Key":"from","Type":15,"Integer":0,"String":"a","Interface":null}}
2025-08-15T22:13:48.110-0500	DEBUG	protocol/handler.go:1591	have processed broadcast	{"{round 20 3  <nil>}": {"Key":"from","Type":15,"Integer":0,"String":"c","Interface":null}}
2025-08-15T22:13:48.110-0500	DEBUG	protocol/handler.go:1649	have all messages and processed	{"{round 20 3  <nil>}": {"Key":"self","Type":15,"Integer":0,"String":"b","Interface":null}}
2025-08-15T22:13:48.110-0500	DEBUG	protocol/handler.go:596	round already finalized
2025-08-15T22:13:48.110-0500	DEBUG	protocol/handler.go:581	tryAdvanceRound called	{"{current_round 20 3  <nil>}": {"Key":"self","Type":15,"Integer":0,"String":"c","Interface":null}}
2025-08-15T22:13:48.110-0500	DEBUG	protocol/handler.go:1591	have processed broadcast	{"{round 20 3  <nil>}": {"Key":"from","Type":15,"Integer":0,"String":"a","Interface":null}}
2025-08-15T22:13:48.110-0500	DEBUG	protocol/handler.go:1591	have processed broadcast	{"{round 20 3  <nil>}": {"Key":"from","Type":15,"Integer":0,"String":"b","Interface":null}}
2025-08-15T22:13:48.110-0500	DEBUG	protocol/handler.go:1649	have all messages and processed	{"{round 20 3  <nil>}": {"Key":"self","Type":15,"Integer":0,"String":"c","Interface":null}}
2025-08-15T22:13:48.110-0500	DEBUG	protocol/handler.go:596	round already finalized
2025-08-15T22:13:48.110-0500	DEBUG	protocol/handler.go:581	tryAdvanceRound called	{"{current_round 20 3  <nil>}": {"Key":"self","Type":15,"Integer":0,"String":"a","Interface":null}}
2025-08-15T22:13:48.110-0500	DEBUG	protocol/handler.go:1591	have processed broadcast	{"{round 20 3  <nil>}": {"Key":"from","Type":15,"Integer":0,"String":"b","Interface":null}}
2025-08-15T22:13:48.111-0500	DEBUG	protocol/handler.go:1591	have processed broadcast	{"{round 20 3  <nil>}": {"Key":"from","Type":15,"Integer":0,"String":"c","Interface":null}}
2025-08-15T22:13:48.111-0500	DEBUG	protocol/handler.go:1649	have all messages and processed	{"{round 20 3  <nil>}": {"Key":"self","Type":15,"Integer":0,"String":"a","Interface":null}}
2025-08-15T22:13:48.111-0500	DEBUG	protocol/handler.go:596	round already finalized
2025-08-15T22:13:48.111-0500	DEBUG	protocol/handler.go:581	tryAdvanceRound called	{"{current_round 20 3  <nil>}": {"Key":"self","Type":15,"Integer":0,"String":"b","Interface":null}}
2025-08-15T22:13:48.111-0500	DEBUG	protocol/handler.go:1591	have processed broadcast	{"{round 20 3  <nil>}": {"Key":"from","Type":15,"Integer":0,"String":"a","Interface":null}}
2025-08-15T22:13:48.111-0500	DEBUG	protocol/handler.go:1591	have processed broadcast	{"{round 20 3  <nil>}": {"Key":"from","Type":15,"Integer":0,"String":"c","Interface":null}}
2025-08-15T22:13:48.111-0500	DEBUG	protocol/handler.go:1649	have all messages and processed	{"{round 20 3  <nil>}": {"Key":"self","Type":15,"Integer":0,"String":"b","Interface":null}}
2025-08-15T22:13:48.111-0500	DEBUG	protocol/handler.go:596	round already finalized
2025-08-15T22:13:48.132-0500	DEBUG	protocol/handler.go:581	tryAdvanceRound called	{"{current_round 20 3  <nil>}": {"Key":"self","Type":15,"Integer":0,"String":"a","Interface":null}}
2025-08-15T22:13:48.132-0500	DEBUG	protocol/handler.go:1591	have processed broadcast	{"{round 20 3  <nil>}": {"Key":"from","Type":15,"Integer":0,"String":"b","Interface":null}}
2025-08-15T22:13:48.132-0500	DEBUG	protocol/handler.go:1591	have processed broadcast	{"{round 20 3  <nil>}": {"Key":"from","Type":15,"Integer":0,"String":"c","Interface":null}}
2025-08-15T22:13:48.132-0500	DEBUG	protocol/handler.go:1649	have all messages and processed	{"{round 20 3  <nil>}": {"Key":"self","Type":15,"Integer":0,"String":"a","Interface":null}}
2025-08-15T22:13:48.132-0500	DEBUG	protocol/handler.go:596	round already finalized
2025-08-15T22:13:48.132-0500	DEBUG	protocol/handler.go:581	tryAdvanceRound called	{"{current_round 20 3  <nil>}": {"Key":"self","Type":15,"Integer":0,"String":"c","Interface":null}}
2025-08-15T22:13:48.132-0500	DEBUG	protocol/handler.go:1591	have processed broadcast	{"{round 20 3  <nil>}": {"Key":"from","Type":15,"Integer":0,"String":"a","Interface":null}}
2025-08-15T22:13:48.132-0500	DEBUG	protocol/handler.go:1591	have processed broadcast	{"{round 20 3  <nil>}": {"Key":"from","Type":15,"Integer":0,"String":"b","Interface":null}}
2025-08-15T22:13:48.132-0500	DEBUG	protocol/handler.go:1649	have all messages and processed	{"{round 20 3  <nil>}": {"Key":"self","Type":15,"Integer":0,"String":"c","Interface":null}}
2025-08-15T22:13:48.132-0500	DEBUG	protocol/handler.go:596	round already finalized
2025-08-15T22:13:48.132-0500	DEBUG	protocol/handler.go:581	tryAdvanceRound called	{"{current_round 20 3  <nil>}": {"Key":"self","Type":15,"Integer":0,"String":"b","Interface":null}}
2025-08-15T22:13:48.132-0500	DEBUG	protocol/handler.go:1591	have processed broadcast	{"{round 20 3  <nil>}": {"Key":"from","Type":15,"Integer":0,"String":"a","Interface":null}}
2025-08-15T22:13:48.132-0500	DEBUG	protocol/handler.go:1591	have processed broadcast	{"{round 20 3  <nil>}": {"Key":"from","Type":15,"Integer":0,"String":"c","Interface":null}}
2025-08-15T22:13:48.132-0500	DEBUG	protocol/handler.go:1649	have all messages and processed	{"{round 20 3  <nil>}": {"Key":"self","Type":15,"Integer":0,"String":"b","Interface":null}}
2025-08-15T22:13:48.132-0500	DEBUG	protocol/handler.go:596	round already finalized
2025-08-15T22:13:48.155-0500	DEBUG	protocol/handler.go:581	tryAdvanceRound called	{"{current_round 20 3  <nil>}": {"Key":"self","Type":15,"Integer":0,"String":"b","Interface":null}}
2025-08-15T22:13:48.156-0500	DEBUG	protocol/handler.go:1591	have processed broadcast	{"{round 20 3  <nil>}": {"Key":"from","Type":15,"Integer":0,"String":"a","Interface":null}}
2025-08-15T22:13:48.155-0500	DEBUG	protocol/handler.go:581	tryAdvanceRound called	{"{current_round 20 3  <nil>}": {"Key":"self","Type":15,"Integer":0,"String":"a","Interface":null}}
2025-08-15T22:13:48.156-0500	DEBUG	protocol/handler.go:1591	have processed broadcast	{"{round 20 3  <nil>}": {"Key":"from","Type":15,"Integer":0,"String":"c","Interface":null}}
2025-08-15T22:13:48.156-0500	DEBUG	protocol/handler.go:1591	have processed broadcast	{"{round 20 3  <nil>}": {"Key":"from","Type":15,"Integer":0,"String":"b","Interface":null}}
2025-08-15T22:13:48.156-0500	DEBUG	protocol/handler.go:1591	have processed broadcast	{"{round 20 3  <nil>}": {"Key":"from","Type":15,"Integer":0,"String":"c","Interface":null}}
2025-08-15T22:13:48.156-0500	DEBUG	protocol/handler.go:581	tryAdvanceRound called	{"{current_round 20 3  <nil>}": {"Key":"self","Type":15,"Integer":0,"String":"c","Interface":null}}
2025-08-15T22:13:48.156-0500	DEBUG	protocol/handler.go:1649	have all messages and processed	{"{round 20 3  <nil>}": {"Key":"self","Type":15,"Integer":0,"String":"a","Interface":null}}
2025-08-15T22:13:48.156-0500	DEBUG	protocol/handler.go:596	round already finalized
2025-08-15T22:13:48.156-0500	DEBUG	protocol/handler.go:1591	have processed broadcast	{"{round 20 3  <nil>}": {"Key":"from","Type":15,"Integer":0,"String":"a","Interface":null}}
2025-08-15T22:13:48.156-0500	DEBUG	protocol/handler.go:581	tryAdvanceRound called	{"{current_round 20 3  <nil>}": {"Key":"self","Type":15,"Integer":0,"String":"a","Interface":null}}
2025-08-15T22:13:48.157-0500	DEBUG	protocol/handler.go:1591	have processed broadcast	{"{round 20 3  <nil>}": {"Key":"from","Type":15,"Integer":0,"String":"b","Interface":null}}
2025-08-15T22:13:48.157-0500	DEBUG	protocol/handler.go:1591	have processed broadcast	{"{round 20 3  <nil>}": {"Key":"from","Type":15,"Integer":0,"String":"c","Interface":null}}
2025-08-15T22:13:48.157-0500	DEBUG	protocol/handler.go:1649	have all messages and processed	{"{round 20 3  <nil>}": {"Key":"self","Type":15,"Integer":0,"String":"a","Interface":null}}
2025-08-15T22:13:48.157-0500	DEBUG	protocol/handler.go:596	round already finalized
2025-08-15T22:13:48.156-0500	DEBUG	protocol/handler.go:1649	have all messages and processed	{"{round 20 3  <nil>}": {"Key":"self","Type":15,"Integer":0,"String":"b","Interface":null}}
2025-08-15T22:13:48.157-0500	DEBUG	protocol/handler.go:596	round already finalized
2025-08-15T22:13:48.156-0500	DEBUG	protocol/handler.go:1591	have processed broadcast	{"{round 20 3  <nil>}": {"Key":"from","Type":15,"Integer":0,"String":"b","Interface":null}}
2025-08-15T22:13:48.157-0500	DEBUG	protocol/handler.go:1649	have all messages and processed	{"{round 20 3  <nil>}": {"Key":"self","Type":15,"Integer":0,"String":"c","Interface":null}}
2025-08-15T22:13:48.157-0500	DEBUG	protocol/handler.go:596	round already finalized
2025-08-15T22:13:48.178-0500	DEBUG	protocol/handler.go:581	tryAdvanceRound called	{"{current_round 20 3  <nil>}": {"Key":"self","Type":15,"Integer":0,"String":"b","Interface":null}}
2025-08-15T22:13:48.178-0500	DEBUG	protocol/handler.go:1591	have processed broadcast	{"{round 20 3  <nil>}": {"Key":"from","Type":15,"Integer":0,"String":"a","Interface":null}}
2025-08-15T22:13:48.178-0500	DEBUG	protocol/handler.go:1591	have processed broadcast	{"{round 20 3  <nil>}": {"Key":"from","Type":15,"Integer":0,"String":"c","Interface":null}}
2025-08-15T22:13:48.178-0500	DEBUG	protocol/handler.go:1649	have all messages and processed	{"{round 20 3  <nil>}": {"Key":"self","Type":15,"Integer":0,"String":"b","Interface":null}}
2025-08-15T22:13:48.178-0500	DEBUG	protocol/handler.go:596	round already finalized
2025-08-15T22:13:48.178-0500	DEBUG	protocol/handler.go:581	tryAdvanceRound called	{"{current_round 20 3  <nil>}": {"Key":"self","Type":15,"Integer":0,"String":"c","Interface":null}}
2025-08-15T22:13:48.178-0500	DEBUG	protocol/handler.go:1591	have processed broadcast	{"{round 20 3  <nil>}": {"Key":"from","Type":15,"Integer":0,"String":"a","Interface":null}}
2025-08-15T22:13:48.178-0500	DEBUG	protocol/handler.go:1591	have processed broadcast	{"{round 20 3  <nil>}": {"Key":"from","Type":15,"Integer":0,"String":"b","Interface":null}}
2025-08-15T22:13:48.178-0500	DEBUG	protocol/handler.go:1649	have all messages and processed	{"{round 20 3  <nil>}": {"Key":"self","Type":15,"Integer":0,"String":"c","Interface":null}}
2025-08-15T22:13:48.178-0500	DEBUG	protocol/handler.go:596	round already finalized
2025-08-15T22:13:48.205-0500	DEBUG	protocol/handler.go:581	tryAdvanceRound called	{"{current_round 20 3  <nil>}": {"Key":"self","Type":15,"Integer":0,"String":"b","Interface":null}}
2025-08-15T22:13:48.205-0500	DEBUG	protocol/handler.go:1591	have processed broadcast	{"{round 20 3  <nil>}": {"Key":"from","Type":15,"Integer":0,"String":"a","Interface":null}}
2025-08-15T22:13:48.205-0500	DEBUG	protocol/handler.go:1591	have processed broadcast	{"{round 20 3  <nil>}": {"Key":"from","Type":15,"Integer":0,"String":"c","Interface":null}}
2025-08-15T22:13:48.205-0500	DEBUG	protocol/handler.go:1649	have all messages and processed	{"{round 20 3  <nil>}": {"Key":"self","Type":15,"Integer":0,"String":"b","Interface":null}}
2025-08-15T22:13:48.205-0500	DEBUG	protocol/handler.go:596	round already finalized
2025-08-15T22:13:48.205-0500	DEBUG	protocol/handler.go:581	tryAdvanceRound called	{"{current_round 20 3  <nil>}": {"Key":"self","Type":15,"Integer":0,"String":"b","Interface":null}}
2025-08-15T22:13:48.205-0500	DEBUG	protocol/handler.go:1591	have processed broadcast	{"{round 20 3  <nil>}": {"Key":"from","Type":15,"Integer":0,"String":"a","Interface":null}}
2025-08-15T22:13:48.205-0500	DEBUG	protocol/handler.go:1591	have processed broadcast	{"{round 20 3  <nil>}": {"Key":"from","Type":15,"Integer":0,"String":"c","Interface":null}}
2025-08-15T22:13:48.205-0500	DEBUG	protocol/handler.go:1649	have all messages and processed	{"{round 20 3  <nil>}": {"Key":"self","Type":15,"Integer":0,"String":"b","Interface":null}}
2025-08-15T22:13:48.205-0500	DEBUG	protocol/handler.go:596	round already finalized
2025-08-15T22:13:48.205-0500	DEBUG	protocol/handler.go:581	tryAdvanceRound called	{"{current_round 20 3  <nil>}": {"Key":"self","Type":15,"Integer":0,"String":"a","Interface":null}}
2025-08-15T22:13:48.211-0500	DEBUG	protocol/handler.go:1591	have processed broadcast	{"{round 20 3  <nil>}": {"Key":"from","Type":15,"Integer":0,"String":"b","Interface":null}}
2025-08-15T22:13:48.211-0500	DEBUG	protocol/handler.go:1591	have processed broadcast	{"{round 20 3  <nil>}": {"Key":"from","Type":15,"Integer":0,"String":"c","Interface":null}}
2025-08-15T22:13:48.211-0500	DEBUG	protocol/handler.go:1649	have all messages and processed	{"{round 20 3  <nil>}": {"Key":"self","Type":15,"Integer":0,"String":"a","Interface":null}}
2025-08-15T22:13:48.211-0500	DEBUG	protocol/handler.go:596	round already finalized
2025-08-15T22:13:48.212-0500	DEBUG	protocol/handler.go:581	tryAdvanceRound called	{"{current_round 20 3  <nil>}": {"Key":"self","Type":15,"Integer":0,"String":"a","Interface":null}}
2025-08-15T22:13:48.212-0500	DEBUG	protocol/handler.go:1591	have processed broadcast	{"{round 20 3  <nil>}": {"Key":"from","Type":15,"Integer":0,"String":"b","Interface":null}}
2025-08-15T22:13:48.212-0500	DEBUG	protocol/handler.go:1591	have processed broadcast	{"{round 20 3  <nil>}": {"Key":"from","Type":15,"Integer":0,"String":"c","Interface":null}}
2025-08-15T22:13:48.212-0500	DEBUG	protocol/handler.go:1649	have all messages and processed	{"{round 20 3  <nil>}": {"Key":"self","Type":15,"Integer":0,"String":"a","Interface":null}}
2025-08-15T22:13:48.212-0500	DEBUG	protocol/handler.go:596	round already finalized
2025-08-15T22:13:48.217-0500	DEBUG	protocol/handler.go:581	tryAdvanceRound called	{"{current_round 20 3  <nil>}": {"Key":"self","Type":15,"Integer":0,"String":"c","Interface":null}}
2025-08-15T22:13:48.217-0500	DEBUG	protocol/handler.go:581	tryAdvanceRound called	{"{current_round 20 3  <nil>}": {"Key":"self","Type":15,"Integer":0,"String":"b","Interface":null}}
2025-08-15T22:13:48.217-0500	DEBUG	protocol/handler.go:1591	have processed broadcast	{"{round 20 3  <nil>}": {"Key":"from","Type":15,"Integer":0,"String":"a","Interface":null}}
2025-08-15T22:13:48.217-0500	DEBUG	protocol/handler.go:1591	have processed broadcast	{"{round 20 3  <nil>}": {"Key":"from","Type":15,"Integer":0,"String":"c","Interface":null}}
2025-08-15T22:13:48.217-0500	DEBUG	protocol/handler.go:1649	have all messages and processed	{"{round 20 3  <nil>}": {"Key":"self","Type":15,"Integer":0,"String":"b","Interface":null}}
2025-08-15T22:13:48.218-0500	DEBUG	protocol/handler.go:596	round already finalized
2025-08-15T22:13:48.217-0500	DEBUG	protocol/handler.go:1591	have processed broadcast	{"{round 20 3  <nil>}": {"Key":"from","Type":15,"Integer":0,"String":"a","Interface":null}}
2025-08-15T22:13:48.219-0500	DEBUG	protocol/handler.go:1591	have processed broadcast	{"{round 20 3  <nil>}": {"Key":"from","Type":15,"Integer":0,"String":"b","Interface":null}}
2025-08-15T22:13:48.219-0500	DEBUG	protocol/handler.go:1649	have all messages and processed	{"{round 20 3  <nil>}": {"Key":"self","Type":15,"Integer":0,"String":"c","Interface":null}}
2025-08-15T22:13:48.220-0500	DEBUG	protocol/handler.go:596	round already finalized
2025-08-15T22:13:48.220-0500	DEBUG	protocol/handler.go:581	tryAdvanceRound called	{"{current_round 20 3  <nil>}": {"Key":"self","Type":15,"Integer":0,"String":"c","Interface":null}}
2025-08-15T22:13:48.221-0500	DEBUG	protocol/handler.go:1591	have processed broadcast	{"{round 20 3  <nil>}": {"Key":"from","Type":15,"Integer":0,"String":"a","Interface":null}}
2025-08-15T22:13:48.221-0500	DEBUG	protocol/handler.go:1591	have processed broadcast	{"{round 20 3  <nil>}": {"Key":"from","Type":15,"Integer":0,"String":"b","Interface":null}}
2025-08-15T22:13:48.221-0500	DEBUG	protocol/handler.go:1649	have all messages and processed	{"{round 20 3  <nil>}": {"Key":"self","Type":15,"Integer":0,"String":"c","Interface":null}}
2025-08-15T22:13:48.221-0500	DEBUG	protocol/handler.go:596	round already finalized
2025-08-15T22:13:48.221-0500	DEBUG	protocol/handler.go:581	tryAdvanceRound called	{"{current_round 20 3  <nil>}": {"Key":"self","Type":15,"Integer":0,"String":"c","Interface":null}}
2025-08-15T22:13:48.221-0500	DEBUG	protocol/handler.go:581	tryAdvanceRound called	{"{current_round 20 3  <nil>}": {"Key":"self","Type":15,"Integer":0,"String":"b","Interface":null}}
2025-08-15T22:13:48.222-0500	DEBUG	protocol/handler.go:1591	have processed broadcast	{"{round 20 3  <nil>}": {"Key":"from","Type":15,"Integer":0,"String":"a","Interface":null}}
2025-08-15T22:13:48.222-0500	DEBUG	protocol/handler.go:1591	have processed broadcast	{"{round 20 3  <nil>}": {"Key":"from","Type":15,"Integer":0,"String":"c","Interface":null}}
2025-08-15T22:13:48.223-0500	DEBUG	protocol/handler.go:1649	have all messages and processed	{"{round 20 3  <nil>}": {"Key":"self","Type":15,"Integer":0,"String":"b","Interface":null}}
2025-08-15T22:13:48.223-0500	DEBUG	protocol/handler.go:596	round already finalized
2025-08-15T22:13:48.223-0500	DEBUG	protocol/handler.go:1591	have processed broadcast	{"{round 20 3  <nil>}": {"Key":"from","Type":15,"Integer":0,"String":"a","Interface":null}}
2025-08-15T22:13:48.223-0500	DEBUG	protocol/handler.go:1591	have processed broadcast	{"{round 20 3  <nil>}": {"Key":"from","Type":15,"Integer":0,"String":"b","Interface":null}}
2025-08-15T22:13:48.223-0500	DEBUG	protocol/handler.go:1649	have all messages and processed	{"{round 20 3  <nil>}": {"Key":"self","Type":15,"Integer":0,"String":"c","Interface":null}}
2025-08-15T22:13:48.223-0500	DEBUG	protocol/handler.go:596	round already finalized
2025-08-15T22:13:48.224-0500	DEBUG	protocol/handler.go:581	tryAdvanceRound called	{"{current_round 20 3  <nil>}": {"Key":"self","Type":15,"Integer":0,"String":"a","Interface":null}}
2025-08-15T22:13:48.229-0500	DEBUG	protocol/handler.go:1591	have processed broadcast	{"{round 20 3  <nil>}": {"Key":"from","Type":15,"Integer":0,"String":"b","Interface":null}}
2025-08-15T22:13:48.229-0500	DEBUG	protocol/handler.go:1591	have processed broadcast	{"{round 20 3  <nil>}": {"Key":"from","Type":15,"Integer":0,"String":"c","Interface":null}}
2025-08-15T22:13:48.229-0500	DEBUG	protocol/handler.go:1649	have all messages and processed	{"{round 20 3  <nil>}": {"Key":"self","Type":15,"Integer":0,"String":"a","Interface":null}}
2025-08-15T22:13:48.229-0500	DEBUG	protocol/handler.go:596	round already finalized
2025-08-15T22:13:48.229-0500	DEBUG	protocol/handler.go:581	tryAdvanceRound called	{"{current_round 20 3  <nil>}": {"Key":"self","Type":15,"Integer":0,"String":"a","Interface":null}}
2025-08-15T22:13:48.230-0500	DEBUG	protocol/handler.go:1591	have processed broadcast	{"{round 20 3  <nil>}": {"Key":"from","Type":15,"Integer":0,"String":"b","Interface":null}}
2025-08-15T22:13:48.230-0500	DEBUG	protocol/handler.go:1591	have processed broadcast	{"{round 20 3  <nil>}": {"Key":"from","Type":15,"Integer":0,"String":"c","Interface":null}}
2025-08-15T22:13:48.230-0500	DEBUG	protocol/handler.go:1649	have all messages and processed	{"{round 20 3  <nil>}": {"Key":"self","Type":15,"Integer":0,"String":"a","Interface":null}}
2025-08-15T22:13:48.230-0500	DEBUG	protocol/handler.go:596	round already finalized
2025-08-15T22:13:48.238-0500	DEBUG	protocol/handler.go:581	tryAdvanceRound called	{"{current_round 20 3  <nil>}": {"Key":"self","Type":15,"Integer":0,"String":"b","Interface":null}}
2025-08-15T22:13:48.238-0500	DEBUG	protocol/handler.go:1591	have processed broadcast	{"{round 20 3  <nil>}": {"Key":"from","Type":15,"Integer":0,"String":"a","Interface":null}}
2025-08-15T22:13:48.238-0500	DEBUG	protocol/handler.go:1591	have processed broadcast	{"{round 20 3  <nil>}": {"Key":"from","Type":15,"Integer":0,"String":"c","Interface":null}}
2025-08-15T22:13:48.238-0500	DEBUG	protocol/handler.go:1649	have all messages and processed	{"{round 20 3  <nil>}": {"Key":"self","Type":15,"Integer":0,"String":"b","Interface":null}}
2025-08-15T22:13:48.238-0500	DEBUG	protocol/handler.go:596	round already finalized
2025-08-15T22:13:48.238-0500	DEBUG	protocol/handler.go:581	tryAdvanceRound called	{"{current_round 20 3  <nil>}": {"Key":"self","Type":15,"Integer":0,"String":"c","Interface":null}}
2025-08-15T22:13:48.238-0500	DEBUG	protocol/handler.go:1591	have processed broadcast	{"{round 20 3  <nil>}": {"Key":"from","Type":15,"Integer":0,"String":"a","Interface":null}}
2025-08-15T22:13:48.238-0500	DEBUG	protocol/handler.go:1591	have processed broadcast	{"{round 20 3  <nil>}": {"Key":"from","Type":15,"Integer":0,"String":"b","Interface":null}}
2025-08-15T22:13:48.238-0500	DEBUG	protocol/handler.go:1649	have all messages and processed	{"{round 20 3  <nil>}": {"Key":"self","Type":15,"Integer":0,"String":"c","Interface":null}}
2025-08-15T22:13:48.238-0500	DEBUG	protocol/handler.go:596	round already finalized
2025-08-15T22:13:48.251-0500	DEBUG	protocol/handler.go:581	tryAdvanceRound called	{"{current_round 20 3  <nil>}": {"Key":"self","Type":15,"Integer":0,"String":"a","Interface":null}}
2025-08-15T22:13:48.251-0500	DEBUG	protocol/handler.go:581	tryAdvanceRound called	{"{current_round 20 3  <nil>}": {"Key":"self","Type":15,"Integer":0,"String":"b","Interface":null}}
2025-08-15T22:13:48.251-0500	DEBUG	protocol/handler.go:1591	have processed broadcast	{"{round 20 3  <nil>}": {"Key":"from","Type":15,"Integer":0,"String":"b","Interface":null}}
2025-08-15T22:13:48.251-0500	DEBUG	protocol/handler.go:1591	have processed broadcast	{"{round 20 3  <nil>}": {"Key":"from","Type":15,"Integer":0,"String":"a","Interface":null}}
2025-08-15T22:13:48.251-0500	DEBUG	protocol/handler.go:1591	have processed broadcast	{"{round 20 3  <nil>}": {"Key":"from","Type":15,"Integer":0,"String":"c","Interface":null}}
2025-08-15T22:13:48.251-0500	DEBUG	protocol/handler.go:1591	have processed broadcast	{"{round 20 3  <nil>}": {"Key":"from","Type":15,"Integer":0,"String":"c","Interface":null}}
2025-08-15T22:13:48.251-0500	DEBUG	protocol/handler.go:1649	have all messages and processed	{"{round 20 3  <nil>}": {"Key":"self","Type":15,"Integer":0,"String":"a","Interface":null}}
2025-08-15T22:13:48.251-0500	DEBUG	protocol/handler.go:1649	have all messages and processed	{"{round 20 3  <nil>}": {"Key":"self","Type":15,"Integer":0,"String":"b","Interface":null}}
2025-08-15T22:13:48.251-0500	DEBUG	protocol/handler.go:596	round already finalized
2025-08-15T22:13:48.251-0500	DEBUG	protocol/handler.go:596	round already finalized
2025-08-15T22:13:48.252-0500	DEBUG	protocol/handler.go:581	tryAdvanceRound called	{"{current_round 20 3  <nil>}": {"Key":"self","Type":15,"Integer":0,"String":"c","Interface":null}}
2025-08-15T22:13:48.252-0500	DEBUG	protocol/handler.go:1591	have processed broadcast	{"{round 20 3  <nil>}": {"Key":"from","Type":15,"Integer":0,"String":"a","Interface":null}}
2025-08-15T22:13:48.252-0500	DEBUG	protocol/handler.go:1591	have processed broadcast	{"{round 20 3  <nil>}": {"Key":"from","Type":15,"Integer":0,"String":"b","Interface":null}}
2025-08-15T22:13:48.252-0500	DEBUG	protocol/handler.go:1649	have all messages and processed	{"{round 20 3  <nil>}": {"Key":"self","Type":15,"Integer":0,"String":"c","Interface":null}}
2025-08-15T22:13:48.252-0500	DEBUG	protocol/handler.go:596	round already finalized
2025-08-15T22:13:48.260-0500	DEBUG	protocol/handler.go:581	tryAdvanceRound called	{"{current_round 20 3  <nil>}": {"Key":"self","Type":15,"Integer":0,"String":"a","Interface":null}}
2025-08-15T22:13:48.260-0500	DEBUG	protocol/handler.go:1591	have processed broadcast	{"{round 20 3  <nil>}": {"Key":"from","Type":15,"Integer":0,"String":"b","Interface":null}}
2025-08-15T22:13:48.260-0500	DEBUG	protocol/handler.go:1591	have processed broadcast	{"{round 20 3  <nil>}": {"Key":"from","Type":15,"Integer":0,"String":"c","Interface":null}}
2025-08-15T22:13:48.261-0500	DEBUG	protocol/handler.go:581	tryAdvanceRound called	{"{current_round 20 3  <nil>}": {"Key":"self","Type":15,"Integer":0,"String":"b","Interface":null}}
2025-08-15T22:13:48.261-0500	DEBUG	protocol/handler.go:1591	have processed broadcast	{"{round 20 3  <nil>}": {"Key":"from","Type":15,"Integer":0,"String":"a","Interface":null}}
2025-08-15T22:13:48.261-0500	DEBUG	protocol/handler.go:1591	have processed broadcast	{"{round 20 3  <nil>}": {"Key":"from","Type":15,"Integer":0,"String":"c","Interface":null}}
2025-08-15T22:13:48.261-0500	DEBUG	protocol/handler.go:1649	have all messages and processed	{"{round 20 3  <nil>}": {"Key":"self","Type":15,"Integer":0,"String":"b","Interface":null}}
2025-08-15T22:13:48.261-0500	DEBUG	protocol/handler.go:596	round already finalized
2025-08-15T22:13:48.260-0500	DEBUG	protocol/handler.go:1649	have all messages and processed	{"{round 20 3  <nil>}": {"Key":"self","Type":15,"Integer":0,"String":"a","Interface":null}}
2025-08-15T22:13:48.261-0500	DEBUG	protocol/handler.go:596	round already finalized
2025-08-15T22:13:48.261-0500	DEBUG	protocol/handler.go:581	tryAdvanceRound called	{"{current_round 20 3  <nil>}": {"Key":"self","Type":15,"Integer":0,"String":"c","Interface":null}}
2025-08-15T22:13:48.262-0500	DEBUG	protocol/handler.go:1591	have processed broadcast	{"{round 20 3  <nil>}": {"Key":"from","Type":15,"Integer":0,"String":"a","Interface":null}}
2025-08-15T22:13:48.262-0500	DEBUG	protocol/handler.go:1591	have processed broadcast	{"{round 20 3  <nil>}": {"Key":"from","Type":15,"Integer":0,"String":"b","Interface":null}}
2025-08-15T22:13:48.262-0500	DEBUG	protocol/handler.go:1649	have all messages and processed	{"{round 20 3  <nil>}": {"Key":"self","Type":15,"Integer":0,"String":"c","Interface":null}}
2025-08-15T22:13:48.262-0500	DEBUG	protocol/handler.go:596	round already finalized
2025-08-15T22:13:48.267-0500	DEBUG	protocol/handler.go:581	tryAdvanceRound called	{"{current_round 20 3  <nil>}": {"Key":"self","Type":15,"Integer":0,"String":"a","Interface":null}}
2025-08-15T22:13:48.267-0500	DEBUG	protocol/handler.go:1591	have processed broadcast	{"{round 20 3  <nil>}": {"Key":"from","Type":15,"Integer":0,"String":"b","Interface":null}}
2025-08-15T22:13:48.267-0500	DEBUG	protocol/handler.go:1591	have processed broadcast	{"{round 20 3  <nil>}": {"Key":"from","Type":15,"Integer":0,"String":"c","Interface":null}}
2025-08-15T22:13:48.268-0500	DEBUG	protocol/handler.go:1649	have all messages and processed	{"{round 20 3  <nil>}": {"Key":"self","Type":15,"Integer":0,"String":"a","Interface":null}}
2025-08-15T22:13:48.268-0500	DEBUG	protocol/handler.go:596	round already finalized
2025-08-15T22:13:48.285-0500	DEBUG	protocol/handler.go:581	tryAdvanceRound called	{"{current_round 20 3  <nil>}": {"Key":"self","Type":15,"Integer":0,"String":"a","Interface":null}}
2025-08-15T22:13:48.285-0500	DEBUG	protocol/handler.go:1591	have processed broadcast	{"{round 20 3  <nil>}": {"Key":"from","Type":15,"Integer":0,"String":"b","Interface":null}}
2025-08-15T22:13:48.285-0500	DEBUG	protocol/handler.go:581	tryAdvanceRound called	{"{current_round 20 3  <nil>}": {"Key":"self","Type":15,"Integer":0,"String":"b","Interface":null}}
2025-08-15T22:13:48.285-0500	DEBUG	protocol/handler.go:1591	have processed broadcast	{"{round 20 3  <nil>}": {"Key":"from","Type":15,"Integer":0,"String":"c","Interface":null}}
2025-08-15T22:13:48.286-0500	DEBUG	protocol/handler.go:1591	have processed broadcast	{"{round 20 3  <nil>}": {"Key":"from","Type":15,"Integer":0,"String":"a","Interface":null}}
2025-08-15T22:13:48.286-0500	DEBUG	protocol/handler.go:1649	have all messages and processed	{"{round 20 3  <nil>}": {"Key":"self","Type":15,"Integer":0,"String":"a","Interface":null}}
2025-08-15T22:13:48.286-0500	DEBUG	protocol/handler.go:596	round already finalized
2025-08-15T22:13:48.286-0500	DEBUG	protocol/handler.go:1591	have processed broadcast	{"{round 20 3  <nil>}": {"Key":"from","Type":15,"Integer":0,"String":"c","Interface":null}}
2025-08-15T22:13:48.286-0500	DEBUG	protocol/handler.go:1649	have all messages and processed	{"{round 20 3  <nil>}": {"Key":"self","Type":15,"Integer":0,"String":"b","Interface":null}}
2025-08-15T22:13:48.286-0500	DEBUG	protocol/handler.go:596	round already finalized
2025-08-15T22:13:48.286-0500	DEBUG	protocol/handler.go:581	tryAdvanceRound called	{"{current_round 20 3  <nil>}": {"Key":"self","Type":15,"Integer":0,"String":"c","Interface":null}}
2025-08-15T22:13:48.286-0500	DEBUG	protocol/handler.go:1591	have processed broadcast	{"{round 20 3  <nil>}": {"Key":"from","Type":15,"Integer":0,"String":"a","Interface":null}}
2025-08-15T22:13:48.286-0500	DEBUG	protocol/handler.go:1591	have processed broadcast	{"{round 20 3  <nil>}": {"Key":"from","Type":15,"Integer":0,"String":"b","Interface":null}}
2025-08-15T22:13:48.286-0500	DEBUG	protocol/handler.go:1649	have all messages and processed	{"{round 20 3  <nil>}": {"Key":"self","Type":15,"Integer":0,"String":"c","Interface":null}}
2025-08-15T22:13:48.286-0500	DEBUG	protocol/handler.go:596	round already finalized
2025-08-15T22:13:48.300-0500	DEBUG	protocol/handler.go:581	tryAdvanceRound called	{"{current_round 20 3  <nil>}": {"Key":"self","Type":15,"Integer":0,"String":"a","Interface":null}}
2025-08-15T22:13:48.300-0500	DEBUG	protocol/handler.go:581	tryAdvanceRound called	{"{current_round 20 3  <nil>}": {"Key":"self","Type":15,"Integer":0,"String":"b","Interface":null}}
2025-08-15T22:13:48.300-0500	DEBUG	protocol/handler.go:1591	have processed broadcast	{"{round 20 3  <nil>}": {"Key":"from","Type":15,"Integer":0,"String":"b","Interface":null}}
2025-08-15T22:13:48.300-0500	DEBUG	protocol/handler.go:1591	have processed broadcast	{"{round 20 3  <nil>}": {"Key":"from","Type":15,"Integer":0,"String":"a","Interface":null}}
2025-08-15T22:13:48.300-0500	DEBUG	protocol/handler.go:1591	have processed broadcast	{"{round 20 3  <nil>}": {"Key":"from","Type":15,"Integer":0,"String":"c","Interface":null}}
2025-08-15T22:13:48.300-0500	DEBUG	protocol/handler.go:1591	have processed broadcast	{"{round 20 3  <nil>}": {"Key":"from","Type":15,"Integer":0,"String":"c","Interface":null}}
2025-08-15T22:13:48.300-0500	DEBUG	protocol/handler.go:1649	have all messages and processed	{"{round 20 3  <nil>}": {"Key":"self","Type":15,"Integer":0,"String":"a","Interface":null}}
2025-08-15T22:13:48.303-0500	DEBUG	protocol/handler.go:596	round already finalized
2025-08-15T22:13:48.302-0500	DEBUG	protocol/handler.go:581	tryAdvanceRound called	{"{current_round 20 3  <nil>}": {"Key":"self","Type":15,"Integer":0,"String":"c","Interface":null}}
2025-08-15T22:13:48.303-0500	DEBUG	protocol/handler.go:1591	have processed broadcast	{"{round 20 3  <nil>}": {"Key":"from","Type":15,"Integer":0,"String":"a","Interface":null}}
2025-08-15T22:13:48.303-0500	DEBUG	protocol/handler.go:1591	have processed broadcast	{"{round 20 3  <nil>}": {"Key":"from","Type":15,"Integer":0,"String":"b","Interface":null}}
2025-08-15T22:13:48.303-0500	DEBUG	protocol/handler.go:1649	have all messages and processed	{"{round 20 3  <nil>}": {"Key":"self","Type":15,"Integer":0,"String":"c","Interface":null}}
2025-08-15T22:13:48.303-0500	DEBUG	protocol/handler.go:596	round already finalized
2025-08-15T22:13:48.304-0500	DEBUG	protocol/handler.go:581	tryAdvanceRound called	{"{current_round 20 3  <nil>}": {"Key":"self","Type":15,"Integer":0,"String":"c","Interface":null}}
2025-08-15T22:13:48.304-0500	DEBUG	protocol/handler.go:1591	have processed broadcast	{"{round 20 3  <nil>}": {"Key":"from","Type":15,"Integer":0,"String":"a","Interface":null}}
2025-08-15T22:13:48.304-0500	DEBUG	protocol/handler.go:1591	have processed broadcast	{"{round 20 3  <nil>}": {"Key":"from","Type":15,"Integer":0,"String":"b","Interface":null}}
2025-08-15T22:13:48.304-0500	DEBUG	protocol/handler.go:1649	have all messages and processed	{"{round 20 3  <nil>}": {"Key":"self","Type":15,"Integer":0,"String":"c","Interface":null}}
2025-08-15T22:13:48.304-0500	DEBUG	protocol/handler.go:596	round already finalized
2025-08-15T22:13:48.303-0500	DEBUG	protocol/handler.go:1649	have all messages and processed	{"{round 20 3  <nil>}": {"Key":"self","Type":15,"Integer":0,"String":"b","Interface":null}}
2025-08-15T22:13:48.305-0500	DEBUG	protocol/handler.go:596	round already finalized
2025-08-15T22:13:48.305-0500	DEBUG	protocol/handler.go:581	tryAdvanceRound called	{"{current_round 20 3  <nil>}": {"Key":"self","Type":15,"Integer":0,"String":"b","Interface":null}}
2025-08-15T22:13:48.305-0500	DEBUG	protocol/handler.go:1591	have processed broadcast	{"{round 20 3  <nil>}": {"Key":"from","Type":15,"Integer":0,"String":"a","Interface":null}}
2025-08-15T22:13:48.305-0500	DEBUG	protocol/handler.go:1591	have processed broadcast	{"{round 20 3  <nil>}": {"Key":"from","Type":15,"Integer":0,"String":"c","Interface":null}}
2025-08-15T22:13:48.305-0500	DEBUG	protocol/handler.go:1649	have all messages and processed	{"{round 20 3  <nil>}": {"Key":"self","Type":15,"Integer":0,"String":"b","Interface":null}}
2025-08-15T22:13:48.305-0500	DEBUG	protocol/handler.go:596	round already finalized
2025-08-15T22:13:48.324-0500	DEBUG	protocol/handler.go:581	tryAdvanceRound called	{"{current_round 20 3  <nil>}": {"Key":"self","Type":15,"Integer":0,"String":"b","Interface":null}}
2025-08-15T22:13:48.325-0500	DEBUG	protocol/handler.go:1591	have processed broadcast	{"{round 20 3  <nil>}": {"Key":"from","Type":15,"Integer":0,"String":"a","Interface":null}}
2025-08-15T22:13:48.324-0500	DEBUG	protocol/handler.go:581	tryAdvanceRound called	{"{current_round 20 3  <nil>}": {"Key":"self","Type":15,"Integer":0,"String":"c","Interface":null}}
2025-08-15T22:13:48.325-0500	DEBUG	protocol/handler.go:1591	have processed broadcast	{"{round 20 3  <nil>}": {"Key":"from","Type":15,"Integer":0,"String":"c","Interface":null}}
2025-08-15T22:13:48.325-0500	DEBUG	protocol/handler.go:1649	have all messages and processed	{"{round 20 3  <nil>}": {"Key":"self","Type":15,"Integer":0,"String":"b","Interface":null}}
2025-08-15T22:13:48.325-0500	DEBUG	protocol/handler.go:596	round already finalized
2025-08-15T22:13:48.325-0500	DEBUG	protocol/handler.go:581	tryAdvanceRound called	{"{current_round 20 3  <nil>}": {"Key":"self","Type":15,"Integer":0,"String":"a","Interface":null}}
2025-08-15T22:13:48.325-0500	DEBUG	protocol/handler.go:1591	have processed broadcast	{"{round 20 3  <nil>}": {"Key":"from","Type":15,"Integer":0,"String":"b","Interface":null}}
2025-08-15T22:13:48.325-0500	DEBUG	protocol/handler.go:1591	have processed broadcast	{"{round 20 3  <nil>}": {"Key":"from","Type":15,"Integer":0,"String":"c","Interface":null}}
2025-08-15T22:13:48.325-0500	DEBUG	protocol/handler.go:1649	have all messages and processed	{"{round 20 3  <nil>}": {"Key":"self","Type":15,"Integer":0,"String":"a","Interface":null}}
2025-08-15T22:13:48.325-0500	DEBUG	protocol/handler.go:596	round already finalized
2025-08-15T22:13:48.332-0500	DEBUG	protocol/handler.go:1591	have processed broadcast	{"{round 20 3  <nil>}": {"Key":"from","Type":15,"Integer":0,"String":"a","Interface":null}}
2025-08-15T22:13:48.332-0500	DEBUG	protocol/handler.go:1591	have processed broadcast	{"{round 20 3  <nil>}": {"Key":"from","Type":15,"Integer":0,"String":"b","Interface":null}}
2025-08-15T22:13:48.332-0500	DEBUG	protocol/handler.go:1649	have all messages and processed	{"{round 20 3  <nil>}": {"Key":"self","Type":15,"Integer":0,"String":"c","Interface":null}}
2025-08-15T22:13:48.332-0500	DEBUG	protocol/handler.go:596	round already finalized
2025-08-15T22:13:48.332-0500	DEBUG	protocol/handler.go:581	tryAdvanceRound called	{"{current_round 20 3  <nil>}": {"Key":"self","Type":15,"Integer":0,"String":"c","Interface":null}}
2025-08-15T22:13:48.332-0500	DEBUG	protocol/handler.go:1591	have processed broadcast	{"{round 20 3  <nil>}": {"Key":"from","Type":15,"Integer":0,"String":"a","Interface":null}}
2025-08-15T22:13:48.332-0500	DEBUG	protocol/handler.go:1591	have processed broadcast	{"{round 20 3  <nil>}": {"Key":"from","Type":15,"Integer":0,"String":"b","Interface":null}}
2025-08-15T22:13:48.332-0500	DEBUG	protocol/handler.go:1649	have all messages and processed	{"{round 20 3  <nil>}": {"Key":"self","Type":15,"Integer":0,"String":"c","Interface":null}}
2025-08-15T22:13:48.332-0500	DEBUG	protocol/handler.go:596	round already finalized
2025-08-15T22:13:48.332-0500	DEBUG	protocol/handler.go:581	tryAdvanceRound called	{"{current_round 20 3  <nil>}": {"Key":"self","Type":15,"Integer":0,"String":"a","Interface":null}}
2025-08-15T22:13:48.332-0500	DEBUG	protocol/handler.go:1591	have processed broadcast	{"{round 20 3  <nil>}": {"Key":"from","Type":15,"Integer":0,"String":"b","Interface":null}}
2025-08-15T22:13:48.332-0500	DEBUG	protocol/handler.go:1591	have processed broadcast	{"{round 20 3  <nil>}": {"Key":"from","Type":15,"Integer":0,"String":"c","Interface":null}}
2025-08-15T22:13:48.332-0500	DEBUG	protocol/handler.go:1649	have all messages and processed	{"{round 20 3  <nil>}": {"Key":"self","Type":15,"Integer":0,"String":"a","Interface":null}}
2025-08-15T22:13:48.332-0500	DEBUG	protocol/handler.go:596	round already finalized
2025-08-15T22:13:48.334-0500	DEBUG	protocol/handler.go:581	tryAdvanceRound called	{"{current_round 20 3  <nil>}": {"Key":"self","Type":15,"Integer":0,"String":"b","Interface":null}}
2025-08-15T22:13:48.335-0500	DEBUG	protocol/handler.go:1591	have processed broadcast	{"{round 20 3  <nil>}": {"Key":"from","Type":15,"Integer":0,"String":"a","Interface":null}}
2025-08-15T22:13:48.335-0500	DEBUG	protocol/handler.go:1591	have processed broadcast	{"{round 20 3  <nil>}": {"Key":"from","Type":15,"Integer":0,"String":"c","Interface":null}}
2025-08-15T22:13:48.335-0500	DEBUG	protocol/handler.go:1649	have all messages and processed	{"{round 20 3  <nil>}": {"Key":"self","Type":15,"Integer":0,"String":"b","Interface":null}}
2025-08-15T22:13:48.335-0500	DEBUG	protocol/handler.go:596	round already finalized
2025-08-15T22:13:48.347-0500	DEBUG	protocol/handler.go:581	tryAdvanceRound called	{"{current_round 20 3  <nil>}": {"Key":"self","Type":15,"Integer":0,"String":"a","Interface":null}}
2025-08-15T22:13:48.347-0500	DEBUG	protocol/handler.go:1591	have processed broadcast	{"{round 20 3  <nil>}": {"Key":"from","Type":15,"Integer":0,"String":"b","Interface":null}}
2025-08-15T22:13:48.347-0500	DEBUG	protocol/handler.go:1591	have processed broadcast	{"{round 20 3  <nil>}": {"Key":"from","Type":15,"Integer":0,"String":"c","Interface":null}}
2025-08-15T22:13:48.347-0500	DEBUG	protocol/handler.go:1649	have all messages and processed	{"{round 20 3  <nil>}": {"Key":"self","Type":15,"Integer":0,"String":"a","Interface":null}}
2025-08-15T22:13:48.347-0500	DEBUG	protocol/handler.go:596	round already finalized
2025-08-15T22:13:48.347-0500	DEBUG	protocol/handler.go:581	tryAdvanceRound called	{"{current_round 20 3  <nil>}": {"Key":"self","Type":15,"Integer":0,"String":"c","Interface":null}}
2025-08-15T22:13:48.347-0500	DEBUG	protocol/handler.go:1591	have processed broadcast	{"{round 20 3  <nil>}": {"Key":"from","Type":15,"Integer":0,"String":"a","Interface":null}}
2025-08-15T22:13:48.347-0500	DEBUG	protocol/handler.go:1591	have processed broadcast	{"{round 20 3  <nil>}": {"Key":"from","Type":15,"Integer":0,"String":"b","Interface":null}}
2025-08-15T22:13:48.347-0500	DEBUG	protocol/handler.go:1649	have all messages and processed	{"{round 20 3  <nil>}": {"Key":"self","Type":15,"Integer":0,"String":"c","Interface":null}}
2025-08-15T22:13:48.347-0500	DEBUG	protocol/handler.go:596	round already finalized
2025-08-15T22:13:48.346-0500	DEBUG	protocol/handler.go:581	tryAdvanceRound called	{"{current_round 20 3  <nil>}": {"Key":"self","Type":15,"Integer":0,"String":"b","Interface":null}}
2025-08-15T22:13:48.347-0500	DEBUG	protocol/handler.go:1591	have processed broadcast	{"{round 20 3  <nil>}": {"Key":"from","Type":15,"Integer":0,"String":"a","Interface":null}}
2025-08-15T22:13:48.347-0500	DEBUG	protocol/handler.go:1591	have processed broadcast	{"{round 20 3  <nil>}": {"Key":"from","Type":15,"Integer":0,"String":"c","Interface":null}}
2025-08-15T22:13:48.347-0500	DEBUG	protocol/handler.go:1649	have all messages and processed	{"{round 20 3  <nil>}": {"Key":"self","Type":15,"Integer":0,"String":"b","Interface":null}}
2025-08-15T22:13:48.347-0500	DEBUG	protocol/handler.go:596	round already finalized
2025-08-15T22:13:48.354-0500	DEBUG	protocol/handler.go:581	tryAdvanceRound called	{"{current_round 20 3  <nil>}": {"Key":"self","Type":15,"Integer":0,"String":"c","Interface":null}}
2025-08-15T22:13:48.354-0500	DEBUG	protocol/handler.go:1591	have processed broadcast	{"{round 20 3  <nil>}": {"Key":"from","Type":15,"Integer":0,"String":"a","Interface":null}}
2025-08-15T22:13:48.354-0500	DEBUG	protocol/handler.go:1591	have processed broadcast	{"{round 20 3  <nil>}": {"Key":"from","Type":15,"Integer":0,"String":"b","Interface":null}}
2025-08-15T22:13:48.354-0500	DEBUG	protocol/handler.go:1649	have all messages and processed	{"{round 20 3  <nil>}": {"Key":"self","Type":15,"Integer":0,"String":"c","Interface":null}}
2025-08-15T22:13:48.354-0500	DEBUG	protocol/handler.go:596	round already finalized
2025-08-15T22:13:48.354-0500	DEBUG	protocol/handler.go:581	tryAdvanceRound called	{"{current_round 20 3  <nil>}": {"Key":"self","Type":15,"Integer":0,"String":"b","Interface":null}}
2025-08-15T22:13:48.355-0500	DEBUG	protocol/handler.go:1591	have processed broadcast	{"{round 20 3  <nil>}": {"Key":"from","Type":15,"Integer":0,"String":"a","Interface":null}}
2025-08-15T22:13:48.355-0500	DEBUG	protocol/handler.go:1591	have processed broadcast	{"{round 20 3  <nil>}": {"Key":"from","Type":15,"Integer":0,"String":"c","Interface":null}}
2025-08-15T22:13:48.355-0500	DEBUG	protocol/handler.go:1649	have all messages and processed	{"{round 20 3  <nil>}": {"Key":"self","Type":15,"Integer":0,"String":"b","Interface":null}}
2025-08-15T22:13:48.355-0500	DEBUG	protocol/handler.go:596	round already finalized
2025-08-15T22:13:48.364-0500	DEBUG	protocol/handler.go:581	tryAdvanceRound called	{"{current_round 20 3  <nil>}": {"Key":"self","Type":15,"Integer":0,"String":"a","Interface":null}}
2025-08-15T22:13:48.364-0500	DEBUG	protocol/handler.go:1591	have processed broadcast	{"{round 20 3  <nil>}": {"Key":"from","Type":15,"Integer":0,"String":"b","Interface":null}}
2025-08-15T22:13:48.364-0500	DEBUG	protocol/handler.go:1591	have processed broadcast	{"{round 20 3  <nil>}": {"Key":"from","Type":15,"Integer":0,"String":"c","Interface":null}}
2025-08-15T22:13:48.364-0500	DEBUG	protocol/handler.go:1649	have all messages and processed	{"{round 20 3  <nil>}": {"Key":"self","Type":15,"Integer":0,"String":"a","Interface":null}}
2025-08-15T22:13:48.364-0500	DEBUG	protocol/handler.go:596	round already finalized
2025-08-15T22:13:48.364-0500	DEBUG	protocol/handler.go:581	tryAdvanceRound called	{"{current_round 20 3  <nil>}": {"Key":"self","Type":15,"Integer":0,"String":"b","Interface":null}}
2025-08-15T22:13:48.364-0500	DEBUG	protocol/handler.go:1591	have processed broadcast	{"{round 20 3  <nil>}": {"Key":"from","Type":15,"Integer":0,"String":"a","Interface":null}}
2025-08-15T22:13:48.364-0500	DEBUG	protocol/handler.go:1591	have processed broadcast	{"{round 20 3  <nil>}": {"Key":"from","Type":15,"Integer":0,"String":"c","Interface":null}}
2025-08-15T22:13:48.364-0500	DEBUG	protocol/handler.go:1649	have all messages and processed	{"{round 20 3  <nil>}": {"Key":"self","Type":15,"Integer":0,"String":"b","Interface":null}}
2025-08-15T22:13:48.364-0500	DEBUG	protocol/handler.go:596	round already finalized
2025-08-15T22:13:48.364-0500	DEBUG	protocol/handler.go:581	tryAdvanceRound called	{"{current_round 20 3  <nil>}": {"Key":"self","Type":15,"Integer":0,"String":"c","Interface":null}}
2025-08-15T22:13:48.364-0500	DEBUG	protocol/handler.go:1591	have processed broadcast	{"{round 20 3  <nil>}": {"Key":"from","Type":15,"Integer":0,"String":"a","Interface":null}}
2025-08-15T22:13:48.364-0500	DEBUG	protocol/handler.go:1591	have processed broadcast	{"{round 20 3  <nil>}": {"Key":"from","Type":15,"Integer":0,"String":"b","Interface":null}}
2025-08-15T22:13:48.365-0500	DEBUG	protocol/handler.go:1649	have all messages and processed	{"{round 20 3  <nil>}": {"Key":"self","Type":15,"Integer":0,"String":"c","Interface":null}}
2025-08-15T22:13:48.365-0500	DEBUG	protocol/handler.go:596	round already finalized
2025-08-15T22:13:48.370-0500	DEBUG	protocol/handler.go:581	tryAdvanceRound called	{"{current_round 20 3  <nil>}": {"Key":"self","Type":15,"Integer":0,"String":"a","Interface":null}}
2025-08-15T22:13:48.370-0500	DEBUG	protocol/handler.go:1591	have processed broadcast	{"{round 20 3  <nil>}": {"Key":"from","Type":15,"Integer":0,"String":"b","Interface":null}}
2025-08-15T22:13:48.370-0500	DEBUG	protocol/handler.go:1591	have processed broadcast	{"{round 20 3  <nil>}": {"Key":"from","Type":15,"Integer":0,"String":"c","Interface":null}}
2025-08-15T22:13:48.370-0500	DEBUG	protocol/handler.go:1649	have all messages and processed	{"{round 20 3  <nil>}": {"Key":"self","Type":15,"Integer":0,"String":"a","Interface":null}}
2025-08-15T22:13:48.370-0500	DEBUG	protocol/handler.go:596	round already finalized
2025-08-15T22:13:48.372-0500	DEBUG	protocol/handler.go:581	tryAdvanceRound called	{"{current_round 20 3  <nil>}": {"Key":"self","Type":15,"Integer":0,"String":"b","Interface":null}}
2025-08-15T22:13:48.372-0500	DEBUG	protocol/handler.go:1591	have processed broadcast	{"{round 20 3  <nil>}": {"Key":"from","Type":15,"Integer":0,"String":"a","Interface":null}}
2025-08-15T22:13:48.372-0500	DEBUG	protocol/handler.go:1591	have processed broadcast	{"{round 20 3  <nil>}": {"Key":"from","Type":15,"Integer":0,"String":"c","Interface":null}}
2025-08-15T22:13:48.372-0500	DEBUG	protocol/handler.go:1649	have all messages and processed	{"{round 20 3  <nil>}": {"Key":"self","Type":15,"Integer":0,"String":"b","Interface":null}}
2025-08-15T22:13:48.372-0500	DEBUG	protocol/handler.go:596	round already finalized
2025-08-15T22:13:48.372-0500	DEBUG	protocol/handler.go:581	tryAdvanceRound called	{"{current_round 20 3  <nil>}": {"Key":"self","Type":15,"Integer":0,"String":"c","Interface":null}}
2025-08-15T22:13:48.372-0500	DEBUG	protocol/handler.go:1591	have processed broadcast	{"{round 20 3  <nil>}": {"Key":"from","Type":15,"Integer":0,"String":"a","Interface":null}}
2025-08-15T22:13:48.372-0500	DEBUG	protocol/handler.go:1591	have processed broadcast	{"{round 20 3  <nil>}": {"Key":"from","Type":15,"Integer":0,"String":"b","Interface":null}}
2025-08-15T22:13:48.372-0500	DEBUG	protocol/handler.go:1649	have all messages and processed	{"{round 20 3  <nil>}": {"Key":"self","Type":15,"Integer":0,"String":"c","Interface":null}}
2025-08-15T22:13:48.373-0500	DEBUG	protocol/handler.go:596	round already finalized
2025-08-15T22:13:48.393-0500	DEBUG	protocol/handler.go:581	tryAdvanceRound called	{"{current_round 20 3  <nil>}": {"Key":"self","Type":15,"Integer":0,"String":"a","Interface":null}}
2025-08-15T22:13:48.393-0500	DEBUG	protocol/handler.go:1591	have processed broadcast	{"{round 20 3  <nil>}": {"Key":"from","Type":15,"Integer":0,"String":"b","Interface":null}}
2025-08-15T22:13:48.393-0500	DEBUG	protocol/handler.go:1591	have processed broadcast	{"{round 20 3  <nil>}": {"Key":"from","Type":15,"Integer":0,"String":"c","Interface":null}}
2025-08-15T22:13:48.393-0500	DEBUG	protocol/handler.go:1649	have all messages and processed	{"{round 20 3  <nil>}": {"Key":"self","Type":15,"Integer":0,"String":"a","Interface":null}}
2025-08-15T22:13:48.393-0500	DEBUG	protocol/handler.go:596	round already finalized
2025-08-15T22:13:48.393-0500	DEBUG	protocol/handler.go:581	tryAdvanceRound called	{"{current_round 20 3  <nil>}": {"Key":"self","Type":15,"Integer":0,"String":"b","Interface":null}}
2025-08-15T22:13:48.393-0500	DEBUG	protocol/handler.go:1591	have processed broadcast	{"{round 20 3  <nil>}": {"Key":"from","Type":15,"Integer":0,"String":"a","Interface":null}}
2025-08-15T22:13:48.393-0500	DEBUG	protocol/handler.go:1591	have processed broadcast	{"{round 20 3  <nil>}": {"Key":"from","Type":15,"Integer":0,"String":"c","Interface":null}}
2025-08-15T22:13:48.393-0500	DEBUG	protocol/handler.go:1649	have all messages and processed	{"{round 20 3  <nil>}": {"Key":"self","Type":15,"Integer":0,"String":"b","Interface":null}}
2025-08-15T22:13:48.393-0500	DEBUG	protocol/handler.go:596	round already finalized
2025-08-15T22:13:48.393-0500	DEBUG	protocol/handler.go:581	tryAdvanceRound called	{"{current_round 20 3  <nil>}": {"Key":"self","Type":15,"Integer":0,"String":"c","Interface":null}}
2025-08-15T22:13:48.393-0500	DEBUG	protocol/handler.go:1591	have processed broadcast	{"{round 20 3  <nil>}": {"Key":"from","Type":15,"Integer":0,"String":"a","Interface":null}}
2025-08-15T22:13:48.393-0500	DEBUG	protocol/handler.go:1591	have processed broadcast	{"{round 20 3  <nil>}": {"Key":"from","Type":15,"Integer":0,"String":"b","Interface":null}}
2025-08-15T22:13:48.393-0500	DEBUG	protocol/handler.go:1649	have all messages and processed	{"{round 20 3  <nil>}": {"Key":"self","Type":15,"Integer":0,"String":"c","Interface":null}}
2025-08-15T22:13:48.393-0500	DEBUG	protocol/handler.go:596	round already finalized
2025-08-15T22:13:48.404-0500	DEBUG	protocol/handler.go:581	tryAdvanceRound called	{"{current_round 20 3  <nil>}": {"Key":"self","Type":15,"Integer":0,"String":"a","Interface":null}}
2025-08-15T22:13:48.404-0500	DEBUG	protocol/handler.go:1591	have processed broadcast	{"{round 20 3  <nil>}": {"Key":"from","Type":15,"Integer":0,"String":"b","Interface":null}}
2025-08-15T22:13:48.404-0500	DEBUG	protocol/handler.go:581	tryAdvanceRound called	{"{current_round 20 3  <nil>}": {"Key":"self","Type":15,"Integer":0,"String":"c","Interface":null}}
2025-08-15T22:13:48.404-0500	DEBUG	protocol/handler.go:1591	have processed broadcast	{"{round 20 3  <nil>}": {"Key":"from","Type":15,"Integer":0,"String":"a","Interface":null}}
2025-08-15T22:13:48.404-0500	DEBUG	protocol/handler.go:1591	have processed broadcast	{"{round 20 3  <nil>}": {"Key":"from","Type":15,"Integer":0,"String":"b","Interface":null}}
2025-08-15T22:13:48.404-0500	DEBUG	protocol/handler.go:1649	have all messages and processed	{"{round 20 3  <nil>}": {"Key":"self","Type":15,"Integer":0,"String":"c","Interface":null}}
2025-08-15T22:13:48.405-0500	DEBUG	protocol/handler.go:596	round already finalized
2025-08-15T22:13:48.404-0500	DEBUG	protocol/handler.go:581	tryAdvanceRound called	{"{current_round 20 3  <nil>}": {"Key":"self","Type":15,"Integer":0,"String":"b","Interface":null}}
2025-08-15T22:13:48.405-0500	DEBUG	protocol/handler.go:1591	have processed broadcast	{"{round 20 3  <nil>}": {"Key":"from","Type":15,"Integer":0,"String":"a","Interface":null}}
2025-08-15T22:13:48.405-0500	DEBUG	protocol/handler.go:1591	have processed broadcast	{"{round 20 3  <nil>}": {"Key":"from","Type":15,"Integer":0,"String":"c","Interface":null}}
2025-08-15T22:13:48.405-0500	DEBUG	protocol/handler.go:1649	have all messages and processed	{"{round 20 3  <nil>}": {"Key":"self","Type":15,"Integer":0,"String":"b","Interface":null}}
2025-08-15T22:13:48.405-0500	DEBUG	protocol/handler.go:596	round already finalized
2025-08-15T22:13:48.404-0500	DEBUG	protocol/handler.go:1591	have processed broadcast	{"{round 20 3  <nil>}": {"Key":"from","Type":15,"Integer":0,"String":"c","Interface":null}}
2025-08-15T22:13:48.405-0500	DEBUG	protocol/handler.go:1649	have all messages and processed	{"{round 20 3  <nil>}": {"Key":"self","Type":15,"Integer":0,"String":"a","Interface":null}}
2025-08-15T22:13:48.405-0500	DEBUG	protocol/handler.go:596	round already finalized
2025-08-15T22:13:48.409-0500	DEBUG	protocol/handler.go:581	tryAdvanceRound called	{"{current_round 20 3  <nil>}": {"Key":"self","Type":15,"Integer":0,"String":"a","Interface":null}}
2025-08-15T22:13:48.409-0500	DEBUG	protocol/handler.go:1591	have processed broadcast	{"{round 20 3  <nil>}": {"Key":"from","Type":15,"Integer":0,"String":"b","Interface":null}}
2025-08-15T22:13:48.409-0500	DEBUG	protocol/handler.go:1591	have processed broadcast	{"{round 20 3  <nil>}": {"Key":"from","Type":15,"Integer":0,"String":"c","Interface":null}}
2025-08-15T22:13:48.409-0500	DEBUG	protocol/handler.go:1649	have all messages and processed	{"{round 20 3  <nil>}": {"Key":"self","Type":15,"Integer":0,"String":"a","Interface":null}}
2025-08-15T22:13:48.411-0500	DEBUG	protocol/handler.go:596	round already finalized
2025-08-15T22:13:48.411-0500	DEBUG	protocol/handler.go:581	tryAdvanceRound called	{"{current_round 20 3  <nil>}": {"Key":"self","Type":15,"Integer":0,"String":"c","Interface":null}}
2025-08-15T22:13:48.412-0500	DEBUG	protocol/handler.go:1591	have processed broadcast	{"{round 20 3  <nil>}": {"Key":"from","Type":15,"Integer":0,"String":"a","Interface":null}}
2025-08-15T22:13:48.412-0500	DEBUG	protocol/handler.go:1591	have processed broadcast	{"{round 20 3  <nil>}": {"Key":"from","Type":15,"Integer":0,"String":"b","Interface":null}}
2025-08-15T22:13:48.412-0500	DEBUG	protocol/handler.go:1649	have all messages and processed	{"{round 20 3  <nil>}": {"Key":"self","Type":15,"Integer":0,"String":"c","Interface":null}}
2025-08-15T22:13:48.412-0500	DEBUG	protocol/handler.go:596	round already finalized
2025-08-15T22:13:48.412-0500	DEBUG	protocol/handler.go:581	tryAdvanceRound called	{"{current_round 20 3  <nil>}": {"Key":"self","Type":15,"Integer":0,"String":"b","Interface":null}}
2025-08-15T22:13:48.413-0500	DEBUG	protocol/handler.go:1591	have processed broadcast	{"{round 20 3  <nil>}": {"Key":"from","Type":15,"Integer":0,"String":"a","Interface":null}}
2025-08-15T22:13:48.413-0500	DEBUG	protocol/handler.go:1591	have processed broadcast	{"{round 20 3  <nil>}": {"Key":"from","Type":15,"Integer":0,"String":"c","Interface":null}}
2025-08-15T22:13:48.413-0500	DEBUG	protocol/handler.go:1649	have all messages and processed	{"{round 20 3  <nil>}": {"Key":"self","Type":15,"Integer":0,"String":"b","Interface":null}}
2025-08-15T22:13:48.413-0500	DEBUG	protocol/handler.go:596	round already finalized
2025-08-15T22:13:48.423-0500	DEBUG	protocol/handler.go:581	tryAdvanceRound called	{"{current_round 20 3  <nil>}": {"Key":"self","Type":15,"Integer":0,"String":"a","Interface":null}}
2025-08-15T22:13:48.423-0500	DEBUG	protocol/handler.go:1591	have processed broadcast	{"{round 20 3  <nil>}": {"Key":"from","Type":15,"Integer":0,"String":"b","Interface":null}}
2025-08-15T22:13:48.423-0500	DEBUG	protocol/handler.go:1591	have processed broadcast	{"{round 20 3  <nil>}": {"Key":"from","Type":15,"Integer":0,"String":"c","Interface":null}}
2025-08-15T22:13:48.423-0500	DEBUG	protocol/handler.go:581	tryAdvanceRound called	{"{current_round 20 3  <nil>}": {"Key":"self","Type":15,"Integer":0,"String":"b","Interface":null}}
2025-08-15T22:13:48.423-0500	DEBUG	protocol/handler.go:1591	have processed broadcast	{"{round 20 3  <nil>}": {"Key":"from","Type":15,"Integer":0,"String":"a","Interface":null}}
2025-08-15T22:13:48.423-0500	DEBUG	protocol/handler.go:1591	have processed broadcast	{"{round 20 3  <nil>}": {"Key":"from","Type":15,"Integer":0,"String":"c","Interface":null}}
2025-08-15T22:13:48.423-0500	DEBUG	protocol/handler.go:1649	have all messages and processed	{"{round 20 3  <nil>}": {"Key":"self","Type":15,"Integer":0,"String":"b","Interface":null}}
2025-08-15T22:13:48.423-0500	DEBUG	protocol/handler.go:596	round already finalized
2025-08-15T22:13:48.423-0500	DEBUG	protocol/handler.go:581	tryAdvanceRound called	{"{current_round 20 3  <nil>}": {"Key":"self","Type":15,"Integer":0,"String":"c","Interface":null}}
2025-08-15T22:13:48.423-0500	DEBUG	protocol/handler.go:1591	have processed broadcast	{"{round 20 3  <nil>}": {"Key":"from","Type":15,"Integer":0,"String":"a","Interface":null}}
2025-08-15T22:13:48.423-0500	DEBUG	protocol/handler.go:1591	have processed broadcast	{"{round 20 3  <nil>}": {"Key":"from","Type":15,"Integer":0,"String":"b","Interface":null}}
2025-08-15T22:13:48.423-0500	DEBUG	protocol/handler.go:1649	have all messages and processed	{"{round 20 3  <nil>}": {"Key":"self","Type":15,"Integer":0,"String":"c","Interface":null}}
2025-08-15T22:13:48.423-0500	DEBUG	protocol/handler.go:596	round already finalized
2025-08-15T22:13:48.423-0500	DEBUG	protocol/handler.go:1649	have all messages and processed	{"{round 20 3  <nil>}": {"Key":"self","Type":15,"Integer":0,"String":"a","Interface":null}}
2025-08-15T22:13:48.425-0500	DEBUG	protocol/handler.go:596	round already finalized
2025-08-15T22:13:48.427-0500	DEBUG	protocol/handler.go:581	tryAdvanceRound called	{"{current_round 20 3  <nil>}": {"Key":"self","Type":15,"Integer":0,"String":"a","Interface":null}}
2025-08-15T22:13:48.427-0500	DEBUG	protocol/handler.go:1591	have processed broadcast	{"{round 20 3  <nil>}": {"Key":"from","Type":15,"Integer":0,"String":"b","Interface":null}}
2025-08-15T22:13:48.427-0500	DEBUG	protocol/handler.go:1591	have processed broadcast	{"{round 20 3  <nil>}": {"Key":"from","Type":15,"Integer":0,"String":"c","Interface":null}}
2025-08-15T22:13:48.427-0500	DEBUG	protocol/handler.go:1649	have all messages and processed	{"{round 20 3  <nil>}": {"Key":"self","Type":15,"Integer":0,"String":"a","Interface":null}}
2025-08-15T22:13:48.427-0500	DEBUG	protocol/handler.go:596	round already finalized
2025-08-15T22:13:48.452-0500	DEBUG	protocol/handler.go:581	tryAdvanceRound called	{"{current_round 20 3  <nil>}": {"Key":"self","Type":15,"Integer":0,"String":"a","Interface":null}}
2025-08-15T22:13:48.452-0500	DEBUG	protocol/handler.go:1591	have processed broadcast	{"{round 20 3  <nil>}": {"Key":"from","Type":15,"Integer":0,"String":"b","Interface":null}}
2025-08-15T22:13:48.452-0500	DEBUG	protocol/handler.go:1591	have processed broadcast	{"{round 20 3  <nil>}": {"Key":"from","Type":15,"Integer":0,"String":"c","Interface":null}}
2025-08-15T22:13:48.452-0500	DEBUG	protocol/handler.go:1649	have all messages and processed	{"{round 20 3  <nil>}": {"Key":"self","Type":15,"Integer":0,"String":"a","Interface":null}}
2025-08-15T22:13:48.452-0500	DEBUG	protocol/handler.go:596	round already finalized
2025-08-15T22:13:48.452-0500	DEBUG	protocol/handler.go:581	tryAdvanceRound called	{"{current_round 20 3  <nil>}": {"Key":"self","Type":15,"Integer":0,"String":"b","Interface":null}}
2025-08-15T22:13:48.452-0500	DEBUG	protocol/handler.go:1591	have processed broadcast	{"{round 20 3  <nil>}": {"Key":"from","Type":15,"Integer":0,"String":"a","Interface":null}}
2025-08-15T22:13:48.452-0500	DEBUG	protocol/handler.go:1591	have processed broadcast	{"{round 20 3  <nil>}": {"Key":"from","Type":15,"Integer":0,"String":"c","Interface":null}}
2025-08-15T22:13:48.452-0500	DEBUG	protocol/handler.go:1649	have all messages and processed	{"{round 20 3  <nil>}": {"Key":"self","Type":15,"Integer":0,"String":"b","Interface":null}}
2025-08-15T22:13:48.452-0500	DEBUG	protocol/handler.go:596	round already finalized
2025-08-15T22:13:48.452-0500	DEBUG	protocol/handler.go:581	tryAdvanceRound called	{"{current_round 20 3  <nil>}": {"Key":"self","Type":15,"Integer":0,"String":"c","Interface":null}}
2025-08-15T22:13:48.452-0500	DEBUG	protocol/handler.go:1591	have processed broadcast	{"{round 20 3  <nil>}": {"Key":"from","Type":15,"Integer":0,"String":"a","Interface":null}}
2025-08-15T22:13:48.453-0500	DEBUG	protocol/handler.go:1591	have processed broadcast	{"{round 20 3  <nil>}": {"Key":"from","Type":15,"Integer":0,"String":"b","Interface":null}}
2025-08-15T22:13:48.453-0500	DEBUG	protocol/handler.go:1649	have all messages and processed	{"{round 20 3  <nil>}": {"Key":"self","Type":15,"Integer":0,"String":"c","Interface":null}}
2025-08-15T22:13:48.453-0500	DEBUG	protocol/handler.go:596	round already finalized
2025-08-15T22:13:48.459-0500	DEBUG	protocol/handler.go:581	tryAdvanceRound called	{"{current_round 20 3  <nil>}": {"Key":"self","Type":15,"Integer":0,"String":"a","Interface":null}}
2025-08-15T22:13:48.459-0500	DEBUG	protocol/handler.go:1591	have processed broadcast	{"{round 20 3  <nil>}": {"Key":"from","Type":15,"Integer":0,"String":"b","Interface":null}}
2025-08-15T22:13:48.459-0500	DEBUG	protocol/handler.go:1591	have processed broadcast	{"{round 20 3  <nil>}": {"Key":"from","Type":15,"Integer":0,"String":"c","Interface":null}}
2025-08-15T22:13:48.459-0500	DEBUG	protocol/handler.go:1649	have all messages and processed	{"{round 20 3  <nil>}": {"Key":"self","Type":15,"Integer":0,"String":"a","Interface":null}}
2025-08-15T22:13:48.459-0500	DEBUG	protocol/handler.go:596	round already finalized
2025-08-15T22:13:48.471-0500	DEBUG	protocol/handler.go:581	tryAdvanceRound called	{"{current_round 20 3  <nil>}": {"Key":"self","Type":15,"Integer":0,"String":"a","Interface":null}}
2025-08-15T22:13:48.471-0500	DEBUG	protocol/handler.go:1591	have processed broadcast	{"{round 20 3  <nil>}": {"Key":"from","Type":15,"Integer":0,"String":"b","Interface":null}}
2025-08-15T22:13:48.471-0500	DEBUG	protocol/handler.go:1591	have processed broadcast	{"{round 20 3  <nil>}": {"Key":"from","Type":15,"Integer":0,"String":"c","Interface":null}}
2025-08-15T22:13:48.471-0500	DEBUG	protocol/handler.go:1649	have all messages and processed	{"{round 20 3  <nil>}": {"Key":"self","Type":15,"Integer":0,"String":"a","Interface":null}}
2025-08-15T22:13:48.471-0500	DEBUG	protocol/handler.go:596	round already finalized
2025-08-15T22:13:48.471-0500	DEBUG	protocol/handler.go:581	tryAdvanceRound called	{"{current_round 20 3  <nil>}": {"Key":"self","Type":15,"Integer":0,"String":"b","Interface":null}}
2025-08-15T22:13:48.471-0500	DEBUG	protocol/handler.go:1591	have processed broadcast	{"{round 20 3  <nil>}": {"Key":"from","Type":15,"Integer":0,"String":"a","Interface":null}}
2025-08-15T22:13:48.471-0500	DEBUG	protocol/handler.go:1591	have processed broadcast	{"{round 20 3  <nil>}": {"Key":"from","Type":15,"Integer":0,"String":"c","Interface":null}}
2025-08-15T22:13:48.471-0500	DEBUG	protocol/handler.go:1649	have all messages and processed	{"{round 20 3  <nil>}": {"Key":"self","Type":15,"Integer":0,"String":"b","Interface":null}}
2025-08-15T22:13:48.471-0500	DEBUG	protocol/handler.go:596	round already finalized
2025-08-15T22:13:48.471-0500	DEBUG	protocol/handler.go:581	tryAdvanceRound called	{"{current_round 20 3  <nil>}": {"Key":"self","Type":15,"Integer":0,"String":"c","Interface":null}}
2025-08-15T22:13:48.471-0500	DEBUG	protocol/handler.go:1591	have processed broadcast	{"{round 20 3  <nil>}": {"Key":"from","Type":15,"Integer":0,"String":"a","Interface":null}}
2025-08-15T22:13:48.471-0500	DEBUG	protocol/handler.go:1591	have processed broadcast	{"{round 20 3  <nil>}": {"Key":"from","Type":15,"Integer":0,"String":"b","Interface":null}}
2025-08-15T22:13:48.471-0500	DEBUG	protocol/handler.go:1649	have all messages and processed	{"{round 20 3  <nil>}": {"Key":"self","Type":15,"Integer":0,"String":"c","Interface":null}}
2025-08-15T22:13:48.471-0500	DEBUG	protocol/handler.go:596	round already finalized
2025-08-15T22:13:48.471-0500	DEBUG	protocol/handler.go:581	tryAdvanceRound called	{"{current_round 20 3  <nil>}": {"Key":"self","Type":15,"Integer":0,"String":"c","Interface":null}}
2025-08-15T22:13:48.471-0500	DEBUG	protocol/handler.go:1591	have processed broadcast	{"{round 20 3  <nil>}": {"Key":"from","Type":15,"Integer":0,"String":"a","Interface":null}}
2025-08-15T22:13:48.471-0500	DEBUG	protocol/handler.go:1591	have processed broadcast	{"{round 20 3  <nil>}": {"Key":"from","Type":15,"Integer":0,"String":"b","Interface":null}}
2025-08-15T22:13:48.481-0500	DEBUG	protocol/handler.go:1649	have all messages and processed	{"{round 20 3  <nil>}": {"Key":"self","Type":15,"Integer":0,"String":"c","Interface":null}}
2025-08-15T22:13:48.481-0500	DEBUG	protocol/handler.go:596	round already finalized
2025-08-15T22:13:48.482-0500	DEBUG	protocol/handler.go:581	tryAdvanceRound called	{"{current_round 20 3  <nil>}": {"Key":"self","Type":15,"Integer":0,"String":"c","Interface":null}}
2025-08-15T22:13:48.482-0500	DEBUG	protocol/handler.go:1591	have processed broadcast	{"{round 20 3  <nil>}": {"Key":"from","Type":15,"Integer":0,"String":"a","Interface":null}}
2025-08-15T22:13:48.482-0500	DEBUG	protocol/handler.go:1591	have processed broadcast	{"{round 20 3  <nil>}": {"Key":"from","Type":15,"Integer":0,"String":"b","Interface":null}}
2025-08-15T22:13:48.487-0500	DEBUG	protocol/handler.go:1649	have all messages and processed	{"{round 20 3  <nil>}": {"Key":"self","Type":15,"Integer":0,"String":"c","Interface":null}}
2025-08-15T22:13:48.487-0500	DEBUG	protocol/handler.go:596	round already finalized
2025-08-15T22:13:48.482-0500	DEBUG	protocol/handler.go:581	tryAdvanceRound called	{"{current_round 20 3  <nil>}": {"Key":"self","Type":15,"Integer":0,"String":"a","Interface":null}}
2025-08-15T22:13:48.487-0500	DEBUG	protocol/handler.go:1591	have processed broadcast	{"{round 20 3  <nil>}": {"Key":"from","Type":15,"Integer":0,"String":"b","Interface":null}}
2025-08-15T22:13:48.488-0500	DEBUG	protocol/handler.go:1591	have processed broadcast	{"{round 20 3  <nil>}": {"Key":"from","Type":15,"Integer":0,"String":"c","Interface":null}}
2025-08-15T22:13:48.488-0500	DEBUG	protocol/handler.go:1649	have all messages and processed	{"{round 20 3  <nil>}": {"Key":"self","Type":15,"Integer":0,"String":"a","Interface":null}}
2025-08-15T22:13:48.488-0500	DEBUG	protocol/handler.go:596	round already finalized
2025-08-15T22:13:48.488-0500	DEBUG	protocol/handler.go:581	tryAdvanceRound called	{"{current_round 20 3  <nil>}": {"Key":"self","Type":15,"Integer":0,"String":"a","Interface":null}}
2025-08-15T22:13:48.488-0500	DEBUG	protocol/handler.go:1591	have processed broadcast	{"{round 20 3  <nil>}": {"Key":"from","Type":15,"Integer":0,"String":"b","Interface":null}}
2025-08-15T22:13:48.488-0500	DEBUG	protocol/handler.go:1591	have processed broadcast	{"{round 20 3  <nil>}": {"Key":"from","Type":15,"Integer":0,"String":"c","Interface":null}}
2025-08-15T22:13:48.489-0500	DEBUG	protocol/handler.go:1649	have all messages and processed	{"{round 20 3  <nil>}": {"Key":"self","Type":15,"Integer":0,"String":"a","Interface":null}}
2025-08-15T22:13:48.489-0500	DEBUG	protocol/handler.go:596	round already finalized
2025-08-15T22:13:48.482-0500	DEBUG	protocol/handler.go:581	tryAdvanceRound called	{"{current_round 20 3  <nil>}": {"Key":"self","Type":15,"Integer":0,"String":"b","Interface":null}}
2025-08-15T22:13:48.489-0500	DEBUG	protocol/handler.go:1591	have processed broadcast	{"{round 20 3  <nil>}": {"Key":"from","Type":15,"Integer":0,"String":"a","Interface":null}}
2025-08-15T22:13:48.489-0500	DEBUG	protocol/handler.go:1591	have processed broadcast	{"{round 20 3  <nil>}": {"Key":"from","Type":15,"Integer":0,"String":"c","Interface":null}}
2025-08-15T22:13:48.489-0500	DEBUG	protocol/handler.go:1649	have all messages and processed	{"{round 20 3  <nil>}": {"Key":"self","Type":15,"Integer":0,"String":"b","Interface":null}}
2025-08-15T22:13:48.490-0500	DEBUG	protocol/handler.go:596	round already finalized
2025-08-15T22:13:48.510-0500	DEBUG	protocol/handler.go:581	tryAdvanceRound called	{"{current_round 20 3  <nil>}": {"Key":"self","Type":15,"Integer":0,"String":"b","Interface":null}}
2025-08-15T22:13:48.510-0500	DEBUG	protocol/handler.go:1591	have processed broadcast	{"{round 20 3  <nil>}": {"Key":"from","Type":15,"Integer":0,"String":"a","Interface":null}}
2025-08-15T22:13:48.510-0500	DEBUG	protocol/handler.go:1591	have processed broadcast	{"{round 20 3  <nil>}": {"Key":"from","Type":15,"Integer":0,"String":"c","Interface":null}}
2025-08-15T22:13:48.510-0500	DEBUG	protocol/handler.go:1649	have all messages and processed	{"{round 20 3  <nil>}": {"Key":"self","Type":15,"Integer":0,"String":"b","Interface":null}}
2025-08-15T22:13:48.511-0500	DEBUG	protocol/handler.go:596	round already finalized
2025-08-15T22:13:48.511-0500	DEBUG	protocol/handler.go:581	tryAdvanceRound called	{"{current_round 20 3  <nil>}": {"Key":"self","Type":15,"Integer":0,"String":"c","Interface":null}}
2025-08-15T22:13:48.511-0500	DEBUG	protocol/handler.go:1591	have processed broadcast	{"{round 20 3  <nil>}": {"Key":"from","Type":15,"Integer":0,"String":"a","Interface":null}}
2025-08-15T22:13:48.511-0500	DEBUG	protocol/handler.go:1591	have processed broadcast	{"{round 20 3  <nil>}": {"Key":"from","Type":15,"Integer":0,"String":"b","Interface":null}}
2025-08-15T22:13:48.511-0500	DEBUG	protocol/handler.go:1649	have all messages and processed	{"{round 20 3  <nil>}": {"Key":"self","Type":15,"Integer":0,"String":"c","Interface":null}}
2025-08-15T22:13:48.511-0500	DEBUG	protocol/handler.go:596	round already finalized
2025-08-15T22:13:48.511-0500	DEBUG	protocol/handler.go:581	tryAdvanceRound called	{"{current_round 20 3  <nil>}": {"Key":"self","Type":15,"Integer":0,"String":"a","Interface":null}}
2025-08-15T22:13:48.511-0500	DEBUG	protocol/handler.go:1591	have processed broadcast	{"{round 20 3  <nil>}": {"Key":"from","Type":15,"Integer":0,"String":"b","Interface":null}}
2025-08-15T22:13:48.511-0500	DEBUG	protocol/handler.go:1591	have processed broadcast	{"{round 20 3  <nil>}": {"Key":"from","Type":15,"Integer":0,"String":"c","Interface":null}}
2025-08-15T22:13:48.511-0500	DEBUG	protocol/handler.go:1649	have all messages and processed	{"{round 20 3  <nil>}": {"Key":"self","Type":15,"Integer":0,"String":"a","Interface":null}}
2025-08-15T22:13:48.511-0500	DEBUG	protocol/handler.go:596	round already finalized
2025-08-15T22:13:48.511-0500	DEBUG	protocol/handler.go:581	tryAdvanceRound called	{"{current_round 20 3  <nil>}": {"Key":"self","Type":15,"Integer":0,"String":"b","Interface":null}}
2025-08-15T22:13:48.511-0500	DEBUG	protocol/handler.go:1591	have processed broadcast	{"{round 20 3  <nil>}": {"Key":"from","Type":15,"Integer":0,"String":"a","Interface":null}}
2025-08-15T22:13:48.511-0500	DEBUG	protocol/handler.go:1591	have processed broadcast	{"{round 20 3  <nil>}": {"Key":"from","Type":15,"Integer":0,"String":"c","Interface":null}}
2025-08-15T22:13:48.511-0500	DEBUG	protocol/handler.go:1649	have all messages and processed	{"{round 20 3  <nil>}": {"Key":"self","Type":15,"Integer":0,"String":"b","Interface":null}}
2025-08-15T22:13:48.511-0500	DEBUG	protocol/handler.go:596	round already finalized
2025-08-15T22:13:48.511-0500	DEBUG	protocol/handler.go:581	tryAdvanceRound called	{"{current_round 20 3  <nil>}": {"Key":"self","Type":15,"Integer":0,"String":"c","Interface":null}}
2025-08-15T22:13:48.511-0500	DEBUG	protocol/handler.go:1591	have processed broadcast	{"{round 20 3  <nil>}": {"Key":"from","Type":15,"Integer":0,"String":"a","Interface":null}}
2025-08-15T22:13:48.511-0500	DEBUG	protocol/handler.go:1591	have processed broadcast	{"{round 20 3  <nil>}": {"Key":"from","Type":15,"Integer":0,"String":"b","Interface":null}}
2025-08-15T22:13:48.511-0500	DEBUG	protocol/handler.go:1649	have all messages and processed	{"{round 20 3  <nil>}": {"Key":"self","Type":15,"Integer":0,"String":"c","Interface":null}}
2025-08-15T22:13:48.511-0500	DEBUG	protocol/handler.go:596	round already finalized
2025-08-15T22:13:48.519-0500	DEBUG	protocol/handler.go:581	tryAdvanceRound called	{"{current_round 20 3  <nil>}": {"Key":"self","Type":15,"Integer":0,"String":"a","Interface":null}}
2025-08-15T22:13:48.519-0500	DEBUG	protocol/handler.go:1591	have processed broadcast	{"{round 20 3  <nil>}": {"Key":"from","Type":15,"Integer":0,"String":"b","Interface":null}}
2025-08-15T22:13:48.519-0500	DEBUG	protocol/handler.go:1591	have processed broadcast	{"{round 20 3  <nil>}": {"Key":"from","Type":15,"Integer":0,"String":"c","Interface":null}}
2025-08-15T22:13:48.519-0500	DEBUG	protocol/handler.go:1649	have all messages and processed	{"{round 20 3  <nil>}": {"Key":"self","Type":15,"Integer":0,"String":"a","Interface":null}}
2025-08-15T22:13:48.519-0500	DEBUG	protocol/handler.go:596	round already finalized
2025-08-15T22:13:48.530-0500	DEBUG	protocol/handler.go:581	tryAdvanceRound called	{"{current_round 20 3  <nil>}": {"Key":"self","Type":15,"Integer":0,"String":"a","Interface":null}}
2025-08-15T22:13:48.531-0500	DEBUG	protocol/handler.go:1591	have processed broadcast	{"{round 20 3  <nil>}": {"Key":"from","Type":15,"Integer":0,"String":"b","Interface":null}}
2025-08-15T22:13:48.531-0500	DEBUG	protocol/handler.go:1591	have processed broadcast	{"{round 20 3  <nil>}": {"Key":"from","Type":15,"Integer":0,"String":"c","Interface":null}}
2025-08-15T22:13:48.531-0500	DEBUG	protocol/handler.go:1649	have all messages and processed	{"{round 20 3  <nil>}": {"Key":"self","Type":15,"Integer":0,"String":"a","Interface":null}}
2025-08-15T22:13:48.531-0500	DEBUG	protocol/handler.go:596	round already finalized
2025-08-15T22:13:48.531-0500	DEBUG	protocol/handler.go:581	tryAdvanceRound called	{"{current_round 20 3  <nil>}": {"Key":"self","Type":15,"Integer":0,"String":"b","Interface":null}}
2025-08-15T22:13:48.531-0500	DEBUG	protocol/handler.go:1591	have processed broadcast	{"{round 20 3  <nil>}": {"Key":"from","Type":15,"Integer":0,"String":"a","Interface":null}}
2025-08-15T22:13:48.531-0500	DEBUG	protocol/handler.go:581	tryAdvanceRound called	{"{current_round 20 3  <nil>}": {"Key":"self","Type":15,"Integer":0,"String":"c","Interface":null}}
2025-08-15T22:13:48.531-0500	DEBUG	protocol/handler.go:1591	have processed broadcast	{"{round 20 3  <nil>}": {"Key":"from","Type":15,"Integer":0,"String":"a","Interface":null}}
2025-08-15T22:13:48.531-0500	DEBUG	protocol/handler.go:1591	have processed broadcast	{"{round 20 3  <nil>}": {"Key":"from","Type":15,"Integer":0,"String":"c","Interface":null}}
2025-08-15T22:13:48.531-0500	DEBUG	protocol/handler.go:1591	have processed broadcast	{"{round 20 3  <nil>}": {"Key":"from","Type":15,"Integer":0,"String":"b","Interface":null}}
2025-08-15T22:13:48.531-0500	DEBUG	protocol/handler.go:1649	have all messages and processed	{"{round 20 3  <nil>}": {"Key":"self","Type":15,"Integer":0,"String":"c","Interface":null}}
2025-08-15T22:13:48.533-0500	DEBUG	protocol/handler.go:596	round already finalized
2025-08-15T22:13:48.533-0500	DEBUG	protocol/handler.go:581	tryAdvanceRound called	{"{current_round 20 3  <nil>}": {"Key":"self","Type":15,"Integer":0,"String":"c","Interface":null}}
2025-08-15T22:13:48.533-0500	DEBUG	protocol/handler.go:1591	have processed broadcast	{"{round 20 3  <nil>}": {"Key":"from","Type":15,"Integer":0,"String":"a","Interface":null}}
2025-08-15T22:13:48.533-0500	DEBUG	protocol/handler.go:1591	have processed broadcast	{"{round 20 3  <nil>}": {"Key":"from","Type":15,"Integer":0,"String":"b","Interface":null}}
2025-08-15T22:13:48.533-0500	DEBUG	protocol/handler.go:1649	have all messages and processed	{"{round 20 3  <nil>}": {"Key":"self","Type":15,"Integer":0,"String":"c","Interface":null}}
2025-08-15T22:13:48.533-0500	DEBUG	protocol/handler.go:596	round already finalized
2025-08-15T22:13:48.531-0500	DEBUG	protocol/handler.go:1649	have all messages and processed	{"{round 20 3  <nil>}": {"Key":"self","Type":15,"Integer":0,"String":"b","Interface":null}}
2025-08-15T22:13:48.533-0500	DEBUG	protocol/handler.go:596	round already finalized
2025-08-15T22:13:48.533-0500	DEBUG	protocol/handler.go:581	tryAdvanceRound called	{"{current_round 20 3  <nil>}": {"Key":"self","Type":15,"Integer":0,"String":"b","Interface":null}}
2025-08-15T22:13:48.533-0500	DEBUG	protocol/handler.go:1591	have processed broadcast	{"{round 20 3  <nil>}": {"Key":"from","Type":15,"Integer":0,"String":"a","Interface":null}}
2025-08-15T22:13:48.533-0500	DEBUG	protocol/handler.go:1591	have processed broadcast	{"{round 20 3  <nil>}": {"Key":"from","Type":15,"Integer":0,"String":"c","Interface":null}}
2025-08-15T22:13:48.533-0500	DEBUG	protocol/handler.go:1649	have all messages and processed	{"{round 20 3  <nil>}": {"Key":"self","Type":15,"Integer":0,"String":"b","Interface":null}}
2025-08-15T22:13:48.533-0500	DEBUG	protocol/handler.go:596	round already finalized
2025-08-15T22:13:48.543-0500	DEBUG	protocol/handler.go:581	tryAdvanceRound called	{"{current_round 20 3  <nil>}": {"Key":"self","Type":15,"Integer":0,"String":"a","Interface":null}}
2025-08-15T22:13:48.543-0500	DEBUG	protocol/handler.go:581	tryAdvanceRound called	{"{current_round 20 3  <nil>}": {"Key":"self","Type":15,"Integer":0,"String":"c","Interface":null}}
2025-08-15T22:13:48.543-0500	DEBUG	protocol/handler.go:1591	have processed broadcast	{"{round 20 3  <nil>}": {"Key":"from","Type":15,"Integer":0,"String":"b","Interface":null}}
2025-08-15T22:13:48.543-0500	DEBUG	protocol/handler.go:1591	have processed broadcast	{"{round 20 3  <nil>}": {"Key":"from","Type":15,"Integer":0,"String":"a","Interface":null}}
2025-08-15T22:13:48.543-0500	DEBUG	protocol/handler.go:1591	have processed broadcast	{"{round 20 3  <nil>}": {"Key":"from","Type":15,"Integer":0,"String":"c","Interface":null}}
2025-08-15T22:13:48.543-0500	DEBUG	protocol/handler.go:1591	have processed broadcast	{"{round 20 3  <nil>}": {"Key":"from","Type":15,"Integer":0,"String":"b","Interface":null}}
2025-08-15T22:13:48.543-0500	DEBUG	protocol/handler.go:1649	have all messages and processed	{"{round 20 3  <nil>}": {"Key":"self","Type":15,"Integer":0,"String":"a","Interface":null}}
2025-08-15T22:13:48.543-0500	DEBUG	protocol/handler.go:1649	have all messages and processed	{"{round 20 3  <nil>}": {"Key":"self","Type":15,"Integer":0,"String":"c","Interface":null}}
2025-08-15T22:13:48.543-0500	DEBUG	protocol/handler.go:596	round already finalized
2025-08-15T22:13:48.543-0500	DEBUG	protocol/handler.go:596	round already finalized
2025-08-15T22:13:48.543-0500	DEBUG	protocol/handler.go:581	tryAdvanceRound called	{"{current_round 20 3  <nil>}": {"Key":"self","Type":15,"Integer":0,"String":"b","Interface":null}}
2025-08-15T22:13:48.543-0500	DEBUG	protocol/handler.go:1591	have processed broadcast	{"{round 20 3  <nil>}": {"Key":"from","Type":15,"Integer":0,"String":"a","Interface":null}}
2025-08-15T22:13:48.544-0500	DEBUG	protocol/handler.go:1591	have processed broadcast	{"{round 20 3  <nil>}": {"Key":"from","Type":15,"Integer":0,"String":"c","Interface":null}}
2025-08-15T22:13:48.544-0500	DEBUG	protocol/handler.go:1649	have all messages and processed	{"{round 20 3  <nil>}": {"Key":"self","Type":15,"Integer":0,"String":"b","Interface":null}}
2025-08-15T22:13:48.544-0500	DEBUG	protocol/handler.go:596	round already finalized
2025-08-15T22:13:48.567-0500	DEBUG	protocol/handler.go:581	tryAdvanceRound called	{"{current_round 20 3  <nil>}": {"Key":"self","Type":15,"Integer":0,"String":"a","Interface":null}}
2025-08-15T22:13:48.567-0500	DEBUG	protocol/handler.go:1591	have processed broadcast	{"{round 20 3  <nil>}": {"Key":"from","Type":15,"Integer":0,"String":"b","Interface":null}}
2025-08-15T22:13:48.567-0500	DEBUG	protocol/handler.go:1591	have processed broadcast	{"{round 20 3  <nil>}": {"Key":"from","Type":15,"Integer":0,"String":"c","Interface":null}}
2025-08-15T22:13:48.567-0500	DEBUG	protocol/handler.go:1649	have all messages and processed	{"{round 20 3  <nil>}": {"Key":"self","Type":15,"Integer":0,"String":"a","Interface":null}}
2025-08-15T22:13:48.567-0500	DEBUG	protocol/handler.go:596	round already finalized
2025-08-15T22:13:48.567-0500	DEBUG	protocol/handler.go:581	tryAdvanceRound called	{"{current_round 20 3  <nil>}": {"Key":"self","Type":15,"Integer":0,"String":"b","Interface":null}}
2025-08-15T22:13:48.567-0500	DEBUG	protocol/handler.go:1591	have processed broadcast	{"{round 20 3  <nil>}": {"Key":"from","Type":15,"Integer":0,"String":"a","Interface":null}}
2025-08-15T22:13:48.567-0500	DEBUG	protocol/handler.go:1591	have processed broadcast	{"{round 20 3  <nil>}": {"Key":"from","Type":15,"Integer":0,"String":"c","Interface":null}}
2025-08-15T22:13:48.567-0500	DEBUG	protocol/handler.go:1649	have all messages and processed	{"{round 20 3  <nil>}": {"Key":"self","Type":15,"Integer":0,"String":"b","Interface":null}}
2025-08-15T22:13:48.567-0500	DEBUG	protocol/handler.go:596	round already finalized
2025-08-15T22:13:48.567-0500	DEBUG	protocol/handler.go:581	tryAdvanceRound called	{"{current_round 20 3  <nil>}": {"Key":"self","Type":15,"Integer":0,"String":"c","Interface":null}}
2025-08-15T22:13:48.570-0500	DEBUG	protocol/handler.go:1591	have processed broadcast	{"{round 20 3  <nil>}": {"Key":"from","Type":15,"Integer":0,"String":"a","Interface":null}}
2025-08-15T22:13:48.570-0500	DEBUG	protocol/handler.go:1591	have processed broadcast	{"{round 20 3  <nil>}": {"Key":"from","Type":15,"Integer":0,"String":"b","Interface":null}}
2025-08-15T22:13:48.571-0500	DEBUG	protocol/handler.go:1649	have all messages and processed	{"{round 20 3  <nil>}": {"Key":"self","Type":15,"Integer":0,"String":"c","Interface":null}}
2025-08-15T22:13:48.571-0500	DEBUG	protocol/handler.go:596	round already finalized
2025-08-15T22:13:48.571-0500	DEBUG	protocol/handler.go:581	tryAdvanceRound called	{"{current_round 20 3  <nil>}": {"Key":"self","Type":15,"Integer":0,"String":"c","Interface":null}}
2025-08-15T22:13:48.572-0500	DEBUG	protocol/handler.go:1591	have processed broadcast	{"{round 20 3  <nil>}": {"Key":"from","Type":15,"Integer":0,"String":"a","Interface":null}}
2025-08-15T22:13:48.572-0500	DEBUG	protocol/handler.go:1591	have processed broadcast	{"{round 20 3  <nil>}": {"Key":"from","Type":15,"Integer":0,"String":"b","Interface":null}}
2025-08-15T22:13:48.572-0500	DEBUG	protocol/handler.go:1649	have all messages and processed	{"{round 20 3  <nil>}": {"Key":"self","Type":15,"Integer":0,"String":"c","Interface":null}}
2025-08-15T22:13:48.572-0500	DEBUG	protocol/handler.go:596	round already finalized
2025-08-15T22:13:48.590-0500	DEBUG	protocol/handler.go:581	tryAdvanceRound called	{"{current_round 20 3  <nil>}": {"Key":"self","Type":15,"Integer":0,"String":"a","Interface":null}}
2025-08-15T22:13:48.590-0500	DEBUG	protocol/handler.go:1591	have processed broadcast	{"{round 20 3  <nil>}": {"Key":"from","Type":15,"Integer":0,"String":"b","Interface":null}}
2025-08-15T22:13:48.590-0500	DEBUG	protocol/handler.go:1591	have processed broadcast	{"{round 20 3  <nil>}": {"Key":"from","Type":15,"Integer":0,"String":"c","Interface":null}}
2025-08-15T22:13:48.590-0500	DEBUG	protocol/handler.go:1649	have all messages and processed	{"{round 20 3  <nil>}": {"Key":"self","Type":15,"Integer":0,"String":"a","Interface":null}}
2025-08-15T22:13:48.590-0500	DEBUG	protocol/handler.go:596	round already finalized
2025-08-15T22:13:48.590-0500	DEBUG	protocol/handler.go:581	tryAdvanceRound called	{"{current_round 20 3  <nil>}": {"Key":"self","Type":15,"Integer":0,"String":"b","Interface":null}}
2025-08-15T22:13:48.590-0500	DEBUG	protocol/handler.go:1591	have processed broadcast	{"{round 20 3  <nil>}": {"Key":"from","Type":15,"Integer":0,"String":"a","Interface":null}}
2025-08-15T22:13:48.590-0500	DEBUG	protocol/handler.go:1591	have processed broadcast	{"{round 20 3  <nil>}": {"Key":"from","Type":15,"Integer":0,"String":"c","Interface":null}}
2025-08-15T22:13:48.590-0500	DEBUG	protocol/handler.go:1649	have all messages and processed	{"{round 20 3  <nil>}": {"Key":"self","Type":15,"Integer":0,"String":"b","Interface":null}}
2025-08-15T22:13:48.590-0500	DEBUG	protocol/handler.go:596	round already finalized
2025-08-15T22:13:48.590-0500	DEBUG	protocol/handler.go:581	tryAdvanceRound called	{"{current_round 20 3  <nil>}": {"Key":"self","Type":15,"Integer":0,"String":"c","Interface":null}}
2025-08-15T22:13:48.591-0500	DEBUG	protocol/handler.go:1591	have processed broadcast	{"{round 20 3  <nil>}": {"Key":"from","Type":15,"Integer":0,"String":"a","Interface":null}}
2025-08-15T22:13:48.591-0500	DEBUG	protocol/handler.go:1591	have processed broadcast	{"{round 20 3  <nil>}": {"Key":"from","Type":15,"Integer":0,"String":"b","Interface":null}}
2025-08-15T22:13:48.591-0500	DEBUG	protocol/handler.go:1649	have all messages and processed	{"{round 20 3  <nil>}": {"Key":"self","Type":15,"Integer":0,"String":"c","Interface":null}}
2025-08-15T22:13:48.591-0500	DEBUG	protocol/handler.go:596	round already finalized
2025-08-15T22:13:48.592-0500	DEBUG	protocol/handler.go:581	tryAdvanceRound called	{"{current_round 20 3  <nil>}": {"Key":"self","Type":15,"Integer":0,"String":"c","Interface":null}}
2025-08-15T22:13:48.592-0500	DEBUG	protocol/handler.go:1591	have processed broadcast	{"{round 20 3  <nil>}": {"Key":"from","Type":15,"Integer":0,"String":"a","Interface":null}}
2025-08-15T22:13:48.592-0500	DEBUG	protocol/handler.go:1591	have processed broadcast	{"{round 20 3  <nil>}": {"Key":"from","Type":15,"Integer":0,"String":"b","Interface":null}}
2025-08-15T22:13:48.592-0500	DEBUG	protocol/handler.go:1649	have all messages and processed	{"{round 20 3  <nil>}": {"Key":"self","Type":15,"Integer":0,"String":"c","Interface":null}}
2025-08-15T22:13:48.592-0500	DEBUG	protocol/handler.go:596	round already finalized
2025-08-15T22:13:48.614-0500	DEBUG	protocol/handler.go:581	tryAdvanceRound called	{"{current_round 20 3  <nil>}": {"Key":"self","Type":15,"Integer":0,"String":"b","Interface":null}}
2025-08-15T22:13:48.614-0500	DEBUG	protocol/handler.go:1591	have processed broadcast	{"{round 20 3  <nil>}": {"Key":"from","Type":15,"Integer":0,"String":"a","Interface":null}}
2025-08-15T22:13:48.614-0500	DEBUG	protocol/handler.go:1591	have processed broadcast	{"{round 20 3  <nil>}": {"Key":"from","Type":15,"Integer":0,"String":"c","Interface":null}}
2025-08-15T22:13:48.614-0500	DEBUG	protocol/handler.go:1649	have all messages and processed	{"{round 20 3  <nil>}": {"Key":"self","Type":15,"Integer":0,"String":"b","Interface":null}}
2025-08-15T22:13:48.614-0500	DEBUG	protocol/handler.go:596	round already finalized
2025-08-15T22:13:48.614-0500	DEBUG	protocol/handler.go:581	tryAdvanceRound called	{"{current_round 20 3  <nil>}": {"Key":"self","Type":15,"Integer":0,"String":"a","Interface":null}}
2025-08-15T22:13:48.614-0500	DEBUG	protocol/handler.go:1591	have processed broadcast	{"{round 20 3  <nil>}": {"Key":"from","Type":15,"Integer":0,"String":"b","Interface":null}}
2025-08-15T22:13:48.614-0500	DEBUG	protocol/handler.go:581	tryAdvanceRound called	{"{current_round 20 3  <nil>}": {"Key":"self","Type":15,"Integer":0,"String":"c","Interface":null}}
2025-08-15T22:13:48.615-0500	DEBUG	protocol/handler.go:1591	have processed broadcast	{"{round 20 3  <nil>}": {"Key":"from","Type":15,"Integer":0,"String":"a","Interface":null}}
2025-08-15T22:13:48.615-0500	DEBUG	protocol/handler.go:1591	have processed broadcast	{"{round 20 3  <nil>}": {"Key":"from","Type":15,"Integer":0,"String":"b","Interface":null}}
2025-08-15T22:13:48.616-0500	DEBUG	protocol/handler.go:1649	have all messages and processed	{"{round 20 3  <nil>}": {"Key":"self","Type":15,"Integer":0,"String":"c","Interface":null}}
2025-08-15T22:13:48.616-0500	DEBUG	protocol/handler.go:596	round already finalized
2025-08-15T22:13:48.615-0500	DEBUG	protocol/handler.go:1591	have processed broadcast	{"{round 20 3  <nil>}": {"Key":"from","Type":15,"Integer":0,"String":"c","Interface":null}}
2025-08-15T22:13:48.616-0500	DEBUG	protocol/handler.go:1649	have all messages and processed	{"{round 20 3  <nil>}": {"Key":"self","Type":15,"Integer":0,"String":"a","Interface":null}}
2025-08-15T22:13:48.616-0500	DEBUG	protocol/handler.go:596	round already finalized
2025-08-15T22:13:48.638-0500	DEBUG	protocol/handler.go:581	tryAdvanceRound called	{"{current_round 20 3  <nil>}": {"Key":"self","Type":15,"Integer":0,"String":"c","Interface":null}}
2025-08-15T22:13:48.638-0500	DEBUG	protocol/handler.go:581	tryAdvanceRound called	{"{current_round 20 3  <nil>}": {"Key":"self","Type":15,"Integer":0,"String":"b","Interface":null}}
2025-08-15T22:13:48.638-0500	DEBUG	protocol/handler.go:1591	have processed broadcast	{"{round 20 3  <nil>}": {"Key":"from","Type":15,"Integer":0,"String":"a","Interface":null}}
2025-08-15T22:13:48.638-0500	DEBUG	protocol/handler.go:1591	have processed broadcast	{"{round 20 3  <nil>}": {"Key":"from","Type":15,"Integer":0,"String":"a","Interface":null}}
2025-08-15T22:13:48.638-0500	DEBUG	protocol/handler.go:1591	have processed broadcast	{"{round 20 3  <nil>}": {"Key":"from","Type":15,"Integer":0,"String":"b","Interface":null}}
2025-08-15T22:13:48.638-0500	DEBUG	protocol/handler.go:1591	have processed broadcast	{"{round 20 3  <nil>}": {"Key":"from","Type":15,"Integer":0,"String":"c","Interface":null}}
2025-08-15T22:13:48.638-0500	DEBUG	protocol/handler.go:1649	have all messages and processed	{"{round 20 3  <nil>}": {"Key":"self","Type":15,"Integer":0,"String":"c","Interface":null}}
2025-08-15T22:13:48.638-0500	DEBUG	protocol/handler.go:1649	have all messages and processed	{"{round 20 3  <nil>}": {"Key":"self","Type":15,"Integer":0,"String":"b","Interface":null}}
2025-08-15T22:13:48.638-0500	DEBUG	protocol/handler.go:596	round already finalized
2025-08-15T22:13:48.638-0500	DEBUG	protocol/handler.go:596	round already finalized
2025-08-15T22:13:48.638-0500	DEBUG	protocol/handler.go:581	tryAdvanceRound called	{"{current_round 20 3  <nil>}": {"Key":"self","Type":15,"Integer":0,"String":"a","Interface":null}}
2025-08-15T22:13:48.638-0500	DEBUG	protocol/handler.go:1591	have processed broadcast	{"{round 20 3  <nil>}": {"Key":"from","Type":15,"Integer":0,"String":"b","Interface":null}}
2025-08-15T22:13:48.638-0500	DEBUG	protocol/handler.go:1591	have processed broadcast	{"{round 20 3  <nil>}": {"Key":"from","Type":15,"Integer":0,"String":"c","Interface":null}}
2025-08-15T22:13:48.638-0500	DEBUG	protocol/handler.go:1649	have all messages and processed	{"{round 20 3  <nil>}": {"Key":"self","Type":15,"Integer":0,"String":"a","Interface":null}}
2025-08-15T22:13:48.638-0500	DEBUG	protocol/handler.go:596	round already finalized
2025-08-15T22:13:48.642-0500	DEBUG	protocol/handler.go:581	tryAdvanceRound called	{"{current_round 20 3  <nil>}": {"Key":"self","Type":15,"Integer":0,"String":"b","Interface":null}}
2025-08-15T22:13:48.643-0500	DEBUG	protocol/handler.go:1591	have processed broadcast	{"{round 20 3  <nil>}": {"Key":"from","Type":15,"Integer":0,"String":"a","Interface":null}}
2025-08-15T22:13:48.643-0500	DEBUG	protocol/handler.go:1591	have processed broadcast	{"{round 20 3  <nil>}": {"Key":"from","Type":15,"Integer":0,"String":"c","Interface":null}}
2025-08-15T22:13:48.643-0500	DEBUG	protocol/handler.go:1649	have all messages and processed	{"{round 20 3  <nil>}": {"Key":"self","Type":15,"Integer":0,"String":"b","Interface":null}}
2025-08-15T22:13:48.643-0500	DEBUG	protocol/handler.go:596	round already finalized
2025-08-15T22:13:48.643-0500	DEBUG	protocol/handler.go:581	tryAdvanceRound called	{"{current_round 20 3  <nil>}": {"Key":"self","Type":15,"Integer":0,"String":"c","Interface":null}}
2025-08-15T22:13:48.644-0500	DEBUG	protocol/handler.go:1591	have processed broadcast	{"{round 20 3  <nil>}": {"Key":"from","Type":15,"Integer":0,"String":"a","Interface":null}}
2025-08-15T22:13:48.644-0500	DEBUG	protocol/handler.go:1591	have processed broadcast	{"{round 20 3  <nil>}": {"Key":"from","Type":15,"Integer":0,"String":"b","Interface":null}}
2025-08-15T22:13:48.644-0500	DEBUG	protocol/handler.go:1649	have all messages and processed	{"{round 20 3  <nil>}": {"Key":"self","Type":15,"Integer":0,"String":"c","Interface":null}}
2025-08-15T22:13:48.644-0500	DEBUG	protocol/handler.go:596	round already finalized
2025-08-15T22:13:48.662-0500	DEBUG	protocol/handler.go:1039	sendRoundMessage	{"{from 15 0 a <nil>}": {"Key":"to","Type":15,"Integer":0,"String":"","Interface":null}, "{round 20 2  <nil>}": {"Key":"broadcast","Type":4,"Integer":1,"String":"","Interface":null}}
2025-08-15T22:13:48.662-0500	DEBUG	protocol/handler.go:1657	storing broadcast	{"{round 20 2  <nil>}": {"Key":"from","Type":15,"Integer":0,"String":"a","Interface":null}}
2025-08-15T22:13:48.662-0500	DEBUG	protocol/handler.go:1081	sent message to output channel	{"{from 15 0 a <nil>}": {"Key":"to","Type":15,"Integer":0,"String":"","Interface":null}, "{round 20 2  <nil>}": {"Key":"broadcast","Type":4,"Integer":1,"String":"","Interface":null}}
2025-08-15T22:13:48.662-0500	DEBUG	protocol/handler.go:1182	finalized round messages	{"{round 20 1  <nil>}": {"Key":"messages","Type":11,"Integer":1,"String":"","Interface":null}}
2025-08-15T22:13:48.662-0500	DEBUG	protocol/handler.go:1239	finalize returned next round	{"{current 20 1  <nil>}": {"Key":"next","Type":20,"Integer":2,"String":"","Interface":null}}
2025-08-15T22:13:48.662-0500	INFO	protocol/handler.go:642	storing new currentRound	{"{from 20 1  <nil>}": {"Key":"to","Type":20,"Integer":2,"String":"","Interface":null}}
2025-08-15T22:13:48.662-0500	DEBUG	protocol/handler.go:1503	processing queued messages
2025-08-15T22:13:48.662-0500	INFO	protocol/handler.go:560	advanced to round
2025-08-15T22:13:48.662-0500	DEBUG	protocol/handler.go:581	tryAdvanceRound called	{"{current_round 20 2  <nil>}": {"Key":"self","Type":15,"Integer":0,"String":"a","Interface":null}}
2025-08-15T22:13:48.662-0500	DEBUG	protocol/handler.go:1600	waiting for broadcasts	{"{round 20 2  <nil>}": {"Key":"missing","Type":15,"Integer":0,"String":"[b]","Interface":null}}
2025-08-15T22:13:48.662-0500	DEBUG	protocol/handler.go:1503	processing queued messages
2025-08-15T22:13:48.663-0500	DEBUG	protocol/handler.go:437	processing message	{"{from 15 0 a <nil>}": {"Key":"to","Type":15,"Integer":0,"String":"","Interface":null}, "{round 20 2  <nil>}": {"Key":"broadcast","Type":4,"Integer":1,"String":"","Interface":null}}
2025-08-15T22:13:48.663-0500	DEBUG	protocol/handler.go:1657	storing broadcast	{"{round 20 2  <nil>}": {"Key":"from","Type":15,"Integer":0,"String":"a","Interface":null}}
2025-08-15T22:13:48.663-0500	DEBUG	protocol/handler.go:470	message for different round (buffering)	{"{msg_round 20 2  <nil>}": {"Key":"current_round","Type":20,"Integer":1,"String":"","Interface":null}}
2025-08-15T22:13:48.663-0500	DEBUG	protocol/handler.go:581	tryAdvanceRound called	{"{current_round 20 1  <nil>}": {"Key":"self","Type":15,"Integer":0,"String":"b","Interface":null}}
2025-08-15T22:13:48.663-0500	DEBUG	protocol/handler.go:1649	have all messages and processed	{"{round 20 1  <nil>}": {"Key":"self","Type":15,"Integer":0,"String":"b","Interface":null}}
2025-08-15T22:13:48.663-0500	DEBUG	protocol/handler.go:596	round already finalized
2025-08-15T22:13:48.660-0500	DEBUG	protocol/handler.go:581	tryAdvanceRound called	{"{current_round 20 3  <nil>}": {"Key":"self","Type":15,"Integer":0,"String":"c","Interface":null}}
2025-08-15T22:13:48.664-0500	DEBUG	protocol/handler.go:1591	have processed broadcast	{"{round 20 3  <nil>}": {"Key":"from","Type":15,"Integer":0,"String":"a","Interface":null}}
2025-08-15T22:13:48.664-0500	DEBUG	protocol/handler.go:1591	have processed broadcast	{"{round 20 3  <nil>}": {"Key":"from","Type":15,"Integer":0,"String":"b","Interface":null}}
2025-08-15T22:13:48.664-0500	DEBUG	protocol/handler.go:1649	have all messages and processed	{"{round 20 3  <nil>}": {"Key":"self","Type":15,"Integer":0,"String":"c","Interface":null}}
2025-08-15T22:13:48.664-0500	DEBUG	protocol/handler.go:596	round already finalized
2025-08-15T22:13:48.664-0500	DEBUG	protocol/handler.go:581	tryAdvanceRound called	{"{current_round 20 3  <nil>}": {"Key":"self","Type":15,"Integer":0,"String":"c","Interface":null}}
2025-08-15T22:13:48.664-0500	DEBUG	protocol/handler.go:1591	have processed broadcast	{"{round 20 3  <nil>}": {"Key":"from","Type":15,"Integer":0,"String":"a","Interface":null}}
2025-08-15T22:13:48.664-0500	DEBUG	protocol/handler.go:1591	have processed broadcast	{"{round 20 3  <nil>}": {"Key":"from","Type":15,"Integer":0,"String":"b","Interface":null}}
2025-08-15T22:13:48.664-0500	DEBUG	protocol/handler.go:1649	have all messages and processed	{"{round 20 3  <nil>}": {"Key":"self","Type":15,"Integer":0,"String":"c","Interface":null}}
2025-08-15T22:13:48.664-0500	DEBUG	protocol/handler.go:596	round already finalized
2025-08-15T22:13:48.664-0500	DEBUG	protocol/handler.go:581	tryAdvanceRound called	{"{current_round 20 3  <nil>}": {"Key":"self","Type":15,"Integer":0,"String":"a","Interface":null}}
2025-08-15T22:13:48.664-0500	DEBUG	protocol/handler.go:1591	have processed broadcast	{"{round 20 3  <nil>}": {"Key":"from","Type":15,"Integer":0,"String":"b","Interface":null}}
2025-08-15T22:13:48.664-0500	DEBUG	protocol/handler.go:1591	have processed broadcast	{"{round 20 3  <nil>}": {"Key":"from","Type":15,"Integer":0,"String":"c","Interface":null}}
2025-08-15T22:13:48.664-0500	DEBUG	protocol/handler.go:1649	have all messages and processed	{"{round 20 3  <nil>}": {"Key":"self","Type":15,"Integer":0,"String":"a","Interface":null}}
2025-08-15T22:13:48.664-0500	DEBUG	protocol/handler.go:596	round already finalized
2025-08-15T22:13:48.664-0500	DEBUG	protocol/handler.go:581	tryAdvanceRound called	{"{current_round 20 3  <nil>}": {"Key":"self","Type":15,"Integer":0,"String":"b","Interface":null}}
2025-08-15T22:13:48.664-0500	DEBUG	protocol/handler.go:1591	have processed broadcast	{"{round 20 3  <nil>}": {"Key":"from","Type":15,"Integer":0,"String":"a","Interface":null}}
2025-08-15T22:13:48.665-0500	DEBUG	protocol/handler.go:1591	have processed broadcast	{"{round 20 3  <nil>}": {"Key":"from","Type":15,"Integer":0,"String":"c","Interface":null}}
2025-08-15T22:13:48.665-0500	DEBUG	protocol/handler.go:1649	have all messages and processed	{"{round 20 3  <nil>}": {"Key":"self","Type":15,"Integer":0,"String":"b","Interface":null}}
2025-08-15T22:13:48.665-0500	DEBUG	protocol/handler.go:596	round already finalized
2025-08-15T22:13:48.665-0500	DEBUG	protocol/handler.go:581	tryAdvanceRound called	{"{current_round 20 3  <nil>}": {"Key":"self","Type":15,"Integer":0,"String":"b","Interface":null}}
2025-08-15T22:13:48.665-0500	DEBUG	protocol/handler.go:1591	have processed broadcast	{"{round 20 3  <nil>}": {"Key":"from","Type":15,"Integer":0,"String":"a","Interface":null}}
2025-08-15T22:13:48.665-0500	DEBUG	protocol/handler.go:1591	have processed broadcast	{"{round 20 3  <nil>}": {"Key":"from","Type":15,"Integer":0,"String":"c","Interface":null}}
2025-08-15T22:13:48.665-0500	DEBUG	protocol/handler.go:1649	have all messages and processed	{"{round 20 3  <nil>}": {"Key":"self","Type":15,"Integer":0,"String":"b","Interface":null}}
2025-08-15T22:13:48.665-0500	DEBUG	protocol/handler.go:596	round already finalized
2025-08-15T22:13:48.669-0500	DEBUG	protocol/handler.go:581	tryAdvanceRound called	{"{current_round 20 2  <nil>}": {"Key":"self","Type":15,"Integer":0,"String":"a","Interface":null}}
2025-08-15T22:13:48.669-0500	DEBUG	protocol/handler.go:1600	waiting for broadcasts	{"{round 20 2  <nil>}": {"Key":"missing","Type":15,"Integer":0,"String":"[b]","Interface":null}}
2025-08-15T22:13:48.671-0500	DEBUG	protocol/handler.go:581	tryAdvanceRound called	{"{current_round 20 3  <nil>}": {"Key":"self","Type":15,"Integer":0,"String":"b","Interface":null}}
2025-08-15T22:13:48.671-0500	DEBUG	protocol/handler.go:1591	have processed broadcast	{"{round 20 3  <nil>}": {"Key":"from","Type":15,"Integer":0,"String":"a","Interface":null}}
2025-08-15T22:13:48.671-0500	DEBUG	protocol/handler.go:1591	have processed broadcast	{"{round 20 3  <nil>}": {"Key":"from","Type":15,"Integer":0,"String":"c","Interface":null}}
2025-08-15T22:13:48.671-0500	DEBUG	protocol/handler.go:1649	have all messages and processed	{"{round 20 3  <nil>}": {"Key":"self","Type":15,"Integer":0,"String":"b","Interface":null}}
2025-08-15T22:13:48.671-0500	DEBUG	protocol/handler.go:596	round already finalized
2025-08-15T22:13:48.671-0500	DEBUG	protocol/handler.go:581	tryAdvanceRound called	{"{current_round 20 3  <nil>}": {"Key":"self","Type":15,"Integer":0,"String":"a","Interface":null}}
2025-08-15T22:13:48.672-0500	DEBUG	protocol/handler.go:1591	have processed broadcast	{"{round 20 3  <nil>}": {"Key":"from","Type":15,"Integer":0,"String":"b","Interface":null}}
2025-08-15T22:13:48.672-0500	DEBUG	protocol/handler.go:1591	have processed broadcast	{"{round 20 3  <nil>}": {"Key":"from","Type":15,"Integer":0,"String":"c","Interface":null}}
2025-08-15T22:13:48.672-0500	DEBUG	protocol/handler.go:1649	have all messages and processed	{"{round 20 3  <nil>}": {"Key":"self","Type":15,"Integer":0,"String":"a","Interface":null}}
2025-08-15T22:13:48.672-0500	DEBUG	protocol/handler.go:596	round already finalized
2025-08-15T22:13:48.672-0500	DEBUG	protocol/handler.go:581	tryAdvanceRound called	{"{current_round 20 3  <nil>}": {"Key":"self","Type":15,"Integer":0,"String":"c","Interface":null}}
2025-08-15T22:13:48.672-0500	DEBUG	protocol/handler.go:1591	have processed broadcast	{"{round 20 3  <nil>}": {"Key":"from","Type":15,"Integer":0,"String":"a","Interface":null}}
2025-08-15T22:13:48.672-0500	DEBUG	protocol/handler.go:1591	have processed broadcast	{"{round 20 3  <nil>}": {"Key":"from","Type":15,"Integer":0,"String":"b","Interface":null}}
2025-08-15T22:13:48.672-0500	DEBUG	protocol/handler.go:1649	have all messages and processed	{"{round 20 3  <nil>}": {"Key":"self","Type":15,"Integer":0,"String":"c","Interface":null}}
2025-08-15T22:13:48.672-0500	DEBUG	protocol/handler.go:596	round already finalized
2025-08-15T22:13:48.693-0500	DEBUG	protocol/handler.go:581	tryAdvanceRound called	{"{current_round 20 3  <nil>}": {"Key":"self","Type":15,"Integer":0,"String":"a","Interface":null}}
2025-08-15T22:13:48.693-0500	DEBUG	protocol/handler.go:1591	have processed broadcast	{"{round 20 3  <nil>}": {"Key":"from","Type":15,"Integer":0,"String":"b","Interface":null}}
2025-08-15T22:13:48.693-0500	DEBUG	protocol/handler.go:1591	have processed broadcast	{"{round 20 3  <nil>}": {"Key":"from","Type":15,"Integer":0,"String":"c","Interface":null}}
2025-08-15T22:13:48.693-0500	DEBUG	protocol/handler.go:1649	have all messages and processed	{"{round 20 3  <nil>}": {"Key":"self","Type":15,"Integer":0,"String":"a","Interface":null}}
2025-08-15T22:13:48.693-0500	DEBUG	protocol/handler.go:596	round already finalized
2025-08-15T22:13:48.693-0500	DEBUG	protocol/handler.go:581	tryAdvanceRound called	{"{current_round 20 3  <nil>}": {"Key":"self","Type":15,"Integer":0,"String":"b","Interface":null}}
2025-08-15T22:13:48.693-0500	DEBUG	protocol/handler.go:1591	have processed broadcast	{"{round 20 3  <nil>}": {"Key":"from","Type":15,"Integer":0,"String":"a","Interface":null}}
2025-08-15T22:13:48.693-0500	DEBUG	protocol/handler.go:1591	have processed broadcast	{"{round 20 3  <nil>}": {"Key":"from","Type":15,"Integer":0,"String":"c","Interface":null}}
2025-08-15T22:13:48.693-0500	DEBUG	protocol/handler.go:1649	have all messages and processed	{"{round 20 3  <nil>}": {"Key":"self","Type":15,"Integer":0,"String":"b","Interface":null}}
2025-08-15T22:13:48.693-0500	DEBUG	protocol/handler.go:596	round already finalized
2025-08-15T22:13:48.693-0500	DEBUG	protocol/handler.go:581	tryAdvanceRound called	{"{current_round 20 3  <nil>}": {"Key":"self","Type":15,"Integer":0,"String":"c","Interface":null}}
2025-08-15T22:13:48.693-0500	DEBUG	protocol/handler.go:1591	have processed broadcast	{"{round 20 3  <nil>}": {"Key":"from","Type":15,"Integer":0,"String":"a","Interface":null}}
2025-08-15T22:13:48.693-0500	DEBUG	protocol/handler.go:1591	have processed broadcast	{"{round 20 3  <nil>}": {"Key":"from","Type":15,"Integer":0,"String":"b","Interface":null}}
2025-08-15T22:13:48.694-0500	DEBUG	protocol/handler.go:1649	have all messages and processed	{"{round 20 3  <nil>}": {"Key":"self","Type":15,"Integer":0,"String":"c","Interface":null}}
2025-08-15T22:13:48.694-0500	DEBUG	protocol/handler.go:596	round already finalized
2025-08-15T22:13:48.694-0500	DEBUG	protocol/handler.go:581	tryAdvanceRound called	{"{current_round 20 2  <nil>}": {"Key":"self","Type":15,"Integer":0,"String":"a","Interface":null}}
2025-08-15T22:13:48.694-0500	DEBUG	protocol/handler.go:1600	waiting for broadcasts	{"{round 20 2  <nil>}": {"Key":"missing","Type":15,"Integer":0,"String":"[b]","Interface":null}}
2025-08-15T22:13:48.716-0500	DEBUG	protocol/handler.go:581	tryAdvanceRound called	{"{current_round 20 3  <nil>}": {"Key":"self","Type":15,"Integer":0,"String":"a","Interface":null}}
2025-08-15T22:13:48.717-0500	DEBUG	protocol/handler.go:1591	have processed broadcast	{"{round 20 3  <nil>}": {"Key":"from","Type":15,"Integer":0,"String":"b","Interface":null}}
2025-08-15T22:13:48.717-0500	DEBUG	protocol/handler.go:1591	have processed broadcast	{"{round 20 3  <nil>}": {"Key":"from","Type":15,"Integer":0,"String":"c","Interface":null}}
2025-08-15T22:13:48.717-0500	DEBUG	protocol/handler.go:1649	have all messages and processed	{"{round 20 3  <nil>}": {"Key":"self","Type":15,"Integer":0,"String":"a","Interface":null}}
2025-08-15T22:13:48.717-0500	DEBUG	protocol/handler.go:596	round already finalized
2025-08-15T22:13:48.717-0500	DEBUG	protocol/handler.go:581	tryAdvanceRound called	{"{current_round 20 3  <nil>}": {"Key":"self","Type":15,"Integer":0,"String":"b","Interface":null}}
2025-08-15T22:13:48.718-0500	DEBUG	protocol/handler.go:1591	have processed broadcast	{"{round 20 3  <nil>}": {"Key":"from","Type":15,"Integer":0,"String":"a","Interface":null}}
2025-08-15T22:13:48.718-0500	DEBUG	protocol/handler.go:1591	have processed broadcast	{"{round 20 3  <nil>}": {"Key":"from","Type":15,"Integer":0,"String":"c","Interface":null}}
2025-08-15T22:13:48.718-0500	DEBUG	protocol/handler.go:1649	have all messages and processed	{"{round 20 3  <nil>}": {"Key":"self","Type":15,"Integer":0,"String":"b","Interface":null}}
2025-08-15T22:13:48.718-0500	DEBUG	protocol/handler.go:596	round already finalized
2025-08-15T22:13:48.718-0500	DEBUG	protocol/handler.go:581	tryAdvanceRound called	{"{current_round 20 3  <nil>}": {"Key":"self","Type":15,"Integer":0,"String":"c","Interface":null}}
2025-08-15T22:13:48.718-0500	DEBUG	protocol/handler.go:1591	have processed broadcast	{"{round 20 3  <nil>}": {"Key":"from","Type":15,"Integer":0,"String":"a","Interface":null}}
2025-08-15T22:13:48.718-0500	DEBUG	protocol/handler.go:1591	have processed broadcast	{"{round 20 3  <nil>}": {"Key":"from","Type":15,"Integer":0,"String":"b","Interface":null}}
2025-08-15T22:13:48.718-0500	DEBUG	protocol/handler.go:1649	have all messages and processed	{"{round 20 3  <nil>}": {"Key":"self","Type":15,"Integer":0,"String":"c","Interface":null}}
2025-08-15T22:13:48.718-0500	DEBUG	protocol/handler.go:596	round already finalized
2025-08-15T22:13:48.720-0500	DEBUG	protocol/handler.go:581	tryAdvanceRound called	{"{current_round 20 2  <nil>}": {"Key":"self","Type":15,"Integer":0,"String":"a","Interface":null}}
2025-08-15T22:13:48.721-0500	DEBUG	protocol/handler.go:1600	waiting for broadcasts	{"{round 20 2  <nil>}": {"Key":"missing","Type":15,"Integer":0,"String":"[b]","Interface":null}}
2025-08-15T22:13:48.740-0500	DEBUG	protocol/handler.go:581	tryAdvanceRound called	{"{current_round 20 2  <nil>}": {"Key":"self","Type":15,"Integer":0,"String":"a","Interface":null}}
2025-08-15T22:13:48.740-0500	DEBUG	protocol/handler.go:581	tryAdvanceRound called	{"{current_round 20 3  <nil>}": {"Key":"self","Type":15,"Integer":0,"String":"b","Interface":null}}
2025-08-15T22:13:48.740-0500	DEBUG	protocol/handler.go:1591	have processed broadcast	{"{round 20 3  <nil>}": {"Key":"from","Type":15,"Integer":0,"String":"a","Interface":null}}
2025-08-15T22:13:48.740-0500	DEBUG	protocol/handler.go:1591	have processed broadcast	{"{round 20 3  <nil>}": {"Key":"from","Type":15,"Integer":0,"String":"c","Interface":null}}
2025-08-15T22:13:48.740-0500	DEBUG	protocol/handler.go:1649	have all messages and processed	{"{round 20 3  <nil>}": {"Key":"self","Type":15,"Integer":0,"String":"b","Interface":null}}
2025-08-15T22:13:48.740-0500	DEBUG	protocol/handler.go:596	round already finalized
2025-08-15T22:13:48.740-0500	DEBUG	protocol/handler.go:1600	waiting for broadcasts	{"{round 20 2  <nil>}": {"Key":"missing","Type":15,"Integer":0,"String":"[b]","Interface":null}}
2025-08-15T22:13:48.740-0500	DEBUG	protocol/handler.go:581	tryAdvanceRound called	{"{current_round 20 3  <nil>}": {"Key":"self","Type":15,"Integer":0,"String":"c","Interface":null}}
2025-08-15T22:13:48.740-0500	DEBUG	protocol/handler.go:1591	have processed broadcast	{"{round 20 3  <nil>}": {"Key":"from","Type":15,"Integer":0,"String":"a","Interface":null}}
2025-08-15T22:13:48.740-0500	DEBUG	protocol/handler.go:1591	have processed broadcast	{"{round 20 3  <nil>}": {"Key":"from","Type":15,"Integer":0,"String":"b","Interface":null}}
2025-08-15T22:13:48.740-0500	DEBUG	protocol/handler.go:1649	have all messages and processed	{"{round 20 3  <nil>}": {"Key":"self","Type":15,"Integer":0,"String":"c","Interface":null}}
2025-08-15T22:13:48.740-0500	DEBUG	protocol/handler.go:596	round already finalized
2025-08-15T22:13:48.740-0500	DEBUG	protocol/handler.go:581	tryAdvanceRound called	{"{current_round 20 3  <nil>}": {"Key":"self","Type":15,"Integer":0,"String":"a","Interface":null}}
2025-08-15T22:13:48.740-0500	DEBUG	protocol/handler.go:1591	have processed broadcast	{"{round 20 3  <nil>}": {"Key":"from","Type":15,"Integer":0,"String":"b","Interface":null}}
2025-08-15T22:13:48.741-0500	DEBUG	protocol/handler.go:1591	have processed broadcast	{"{round 20 3  <nil>}": {"Key":"from","Type":15,"Integer":0,"String":"c","Interface":null}}
2025-08-15T22:13:48.741-0500	DEBUG	protocol/handler.go:1649	have all messages and processed	{"{round 20 3  <nil>}": {"Key":"self","Type":15,"Integer":0,"String":"a","Interface":null}}
2025-08-15T22:13:48.741-0500	DEBUG	protocol/handler.go:596	round already finalized
2025-08-15T22:13:48.741-0500	DEBUG	protocol/handler.go:581	tryAdvanceRound called	{"{current_round 20 3  <nil>}": {"Key":"self","Type":15,"Integer":0,"String":"b","Interface":null}}
2025-08-15T22:13:48.741-0500	DEBUG	protocol/handler.go:1591	have processed broadcast	{"{round 20 3  <nil>}": {"Key":"from","Type":15,"Integer":0,"String":"a","Interface":null}}
2025-08-15T22:13:48.741-0500	DEBUG	protocol/handler.go:1591	have processed broadcast	{"{round 20 3  <nil>}": {"Key":"from","Type":15,"Integer":0,"String":"c","Interface":null}}
2025-08-15T22:13:48.741-0500	DEBUG	protocol/handler.go:1649	have all messages and processed	{"{round 20 3  <nil>}": {"Key":"self","Type":15,"Integer":0,"String":"b","Interface":null}}
2025-08-15T22:13:48.741-0500	DEBUG	protocol/handler.go:596	round already finalized
2025-08-15T22:13:48.749-0500	DEBUG	protocol/handler.go:581	tryAdvanceRound called	{"{current_round 20 3  <nil>}": {"Key":"self","Type":15,"Integer":0,"String":"a","Interface":null}}
2025-08-15T22:13:48.749-0500	DEBUG	protocol/handler.go:1591	have processed broadcast	{"{round 20 3  <nil>}": {"Key":"from","Type":15,"Integer":0,"String":"b","Interface":null}}
2025-08-15T22:13:48.749-0500	DEBUG	protocol/handler.go:1591	have processed broadcast	{"{round 20 3  <nil>}": {"Key":"from","Type":15,"Integer":0,"String":"c","Interface":null}}
2025-08-15T22:13:48.749-0500	DEBUG	protocol/handler.go:1649	have all messages and processed	{"{round 20 3  <nil>}": {"Key":"self","Type":15,"Integer":0,"String":"a","Interface":null}}
2025-08-15T22:13:48.749-0500	DEBUG	protocol/handler.go:596	round already finalized
2025-08-15T22:13:48.749-0500	DEBUG	protocol/handler.go:581	tryAdvanceRound called	{"{current_round 20 3  <nil>}": {"Key":"self","Type":15,"Integer":0,"String":"c","Interface":null}}
2025-08-15T22:13:48.750-0500	DEBUG	protocol/handler.go:1591	have processed broadcast	{"{round 20 3  <nil>}": {"Key":"from","Type":15,"Integer":0,"String":"a","Interface":null}}
2025-08-15T22:13:48.750-0500	DEBUG	protocol/handler.go:1591	have processed broadcast	{"{round 20 3  <nil>}": {"Key":"from","Type":15,"Integer":0,"String":"b","Interface":null}}
2025-08-15T22:13:48.750-0500	DEBUG	protocol/handler.go:1649	have all messages and processed	{"{round 20 3  <nil>}": {"Key":"self","Type":15,"Integer":0,"String":"c","Interface":null}}
2025-08-15T22:13:48.750-0500	DEBUG	protocol/handler.go:596	round already finalized
2025-08-15T22:13:48.750-0500	DEBUG	protocol/handler.go:581	tryAdvanceRound called	{"{current_round 20 2  <nil>}": {"Key":"self","Type":15,"Integer":0,"String":"a","Interface":null}}
2025-08-15T22:13:48.750-0500	DEBUG	protocol/handler.go:1600	waiting for broadcasts	{"{round 20 2  <nil>}": {"Key":"missing","Type":15,"Integer":0,"String":"[b]","Interface":null}}
2025-08-15T22:13:48.760-0500	DEBUG	protocol/handler.go:581	tryAdvanceRound called	{"{current_round 20 2  <nil>}": {"Key":"self","Type":15,"Integer":0,"String":"a","Interface":null}}
2025-08-15T22:13:48.760-0500	DEBUG	protocol/handler.go:1600	waiting for broadcasts	{"{round 20 2  <nil>}": {"Key":"missing","Type":15,"Integer":0,"String":"[b]","Interface":null}}
2025-08-15T22:13:48.760-0500	DEBUG	protocol/handler.go:581	tryAdvanceRound called	{"{current_round 20 3  <nil>}": {"Key":"self","Type":15,"Integer":0,"String":"b","Interface":null}}
2025-08-15T22:13:48.760-0500	DEBUG	protocol/handler.go:1591	have processed broadcast	{"{round 20 3  <nil>}": {"Key":"from","Type":15,"Integer":0,"String":"a","Interface":null}}
2025-08-15T22:13:48.760-0500	DEBUG	protocol/handler.go:1591	have processed broadcast	{"{round 20 3  <nil>}": {"Key":"from","Type":15,"Integer":0,"String":"c","Interface":null}}
2025-08-15T22:13:48.760-0500	DEBUG	protocol/handler.go:1649	have all messages and processed	{"{round 20 3  <nil>}": {"Key":"self","Type":15,"Integer":0,"String":"b","Interface":null}}
2025-08-15T22:13:48.760-0500	DEBUG	protocol/handler.go:596	round already finalized
2025-08-15T22:13:48.760-0500	DEBUG	protocol/handler.go:581	tryAdvanceRound called	{"{current_round 20 3  <nil>}": {"Key":"self","Type":15,"Integer":0,"String":"c","Interface":null}}
2025-08-15T22:13:48.760-0500	DEBUG	protocol/handler.go:1591	have processed broadcast	{"{round 20 3  <nil>}": {"Key":"from","Type":15,"Integer":0,"String":"a","Interface":null}}
2025-08-15T22:13:48.761-0500	DEBUG	protocol/handler.go:1591	have processed broadcast	{"{round 20 3  <nil>}": {"Key":"from","Type":15,"Integer":0,"String":"b","Interface":null}}
2025-08-15T22:13:48.761-0500	DEBUG	protocol/handler.go:1649	have all messages and processed	{"{round 20 3  <nil>}": {"Key":"self","Type":15,"Integer":0,"String":"c","Interface":null}}
2025-08-15T22:13:48.761-0500	DEBUG	protocol/handler.go:596	round already finalized
2025-08-15T22:13:48.761-0500	DEBUG	protocol/handler.go:581	tryAdvanceRound called	{"{current_round 20 3  <nil>}": {"Key":"self","Type":15,"Integer":0,"String":"b","Interface":null}}
2025-08-15T22:13:48.761-0500	DEBUG	protocol/handler.go:1591	have processed broadcast	{"{round 20 3  <nil>}": {"Key":"from","Type":15,"Integer":0,"String":"a","Interface":null}}
2025-08-15T22:13:48.761-0500	DEBUG	protocol/handler.go:1591	have processed broadcast	{"{round 20 3  <nil>}": {"Key":"from","Type":15,"Integer":0,"String":"c","Interface":null}}
2025-08-15T22:13:48.761-0500	DEBUG	protocol/handler.go:1649	have all messages and processed	{"{round 20 3  <nil>}": {"Key":"self","Type":15,"Integer":0,"String":"b","Interface":null}}
2025-08-15T22:13:48.761-0500	DEBUG	protocol/handler.go:596	round already finalized
2025-08-15T22:13:48.761-0500	DEBUG	protocol/handler.go:581	tryAdvanceRound called	{"{current_round 20 3  <nil>}": {"Key":"self","Type":15,"Integer":0,"String":"a","Interface":null}}
2025-08-15T22:13:48.761-0500	DEBUG	protocol/handler.go:1591	have processed broadcast	{"{round 20 3  <nil>}": {"Key":"from","Type":15,"Integer":0,"String":"b","Interface":null}}
2025-08-15T22:13:48.761-0500	DEBUG	protocol/handler.go:1591	have processed broadcast	{"{round 20 3  <nil>}": {"Key":"from","Type":15,"Integer":0,"String":"c","Interface":null}}
2025-08-15T22:13:48.761-0500	DEBUG	protocol/handler.go:1649	have all messages and processed	{"{round 20 3  <nil>}": {"Key":"self","Type":15,"Integer":0,"String":"a","Interface":null}}
2025-08-15T22:13:48.761-0500	DEBUG	protocol/handler.go:596	round already finalized
2025-08-15T22:13:48.761-0500	DEBUG	protocol/handler.go:581	tryAdvanceRound called	{"{current_round 20 3  <nil>}": {"Key":"self","Type":15,"Integer":0,"String":"c","Interface":null}}
2025-08-15T22:13:48.761-0500	DEBUG	protocol/handler.go:1591	have processed broadcast	{"{round 20 3  <nil>}": {"Key":"from","Type":15,"Integer":0,"String":"a","Interface":null}}
2025-08-15T22:13:48.761-0500	DEBUG	protocol/handler.go:1591	have processed broadcast	{"{round 20 3  <nil>}": {"Key":"from","Type":15,"Integer":0,"String":"b","Interface":null}}
2025-08-15T22:13:48.762-0500	DEBUG	protocol/handler.go:1649	have all messages and processed	{"{round 20 3  <nil>}": {"Key":"self","Type":15,"Integer":0,"String":"c","Interface":null}}
2025-08-15T22:13:48.762-0500	DEBUG	protocol/handler.go:596	round already finalized
2025-08-15T22:13:48.776-0500	DEBUG	protocol/handler.go:581	tryAdvanceRound called	{"{current_round 20 2  <nil>}": {"Key":"self","Type":15,"Integer":0,"String":"a","Interface":null}}
2025-08-15T22:13:48.776-0500	DEBUG	protocol/handler.go:1600	waiting for broadcasts	{"{round 20 2  <nil>}": {"Key":"missing","Type":15,"Integer":0,"String":"[b]","Interface":null}}
2025-08-15T22:13:48.776-0500	DEBUG	protocol/handler.go:581	tryAdvanceRound called	{"{current_round 20 3  <nil>}": {"Key":"self","Type":15,"Integer":0,"String":"b","Interface":null}}
2025-08-15T22:13:48.776-0500	DEBUG	protocol/handler.go:1591	have processed broadcast	{"{round 20 3  <nil>}": {"Key":"from","Type":15,"Integer":0,"String":"a","Interface":null}}
2025-08-15T22:13:48.776-0500	DEBUG	protocol/handler.go:1591	have processed broadcast	{"{round 20 3  <nil>}": {"Key":"from","Type":15,"Integer":0,"String":"c","Interface":null}}
2025-08-15T22:13:48.777-0500	DEBUG	protocol/handler.go:1649	have all messages and processed	{"{round 20 3  <nil>}": {"Key":"self","Type":15,"Integer":0,"String":"b","Interface":null}}
2025-08-15T22:13:48.777-0500	DEBUG	protocol/handler.go:596	round already finalized
2025-08-15T22:13:48.777-0500	DEBUG	protocol/handler.go:581	tryAdvanceRound called	{"{current_round 20 3  <nil>}": {"Key":"self","Type":15,"Integer":0,"String":"c","Interface":null}}
2025-08-15T22:13:48.777-0500	DEBUG	protocol/handler.go:1591	have processed broadcast	{"{round 20 3  <nil>}": {"Key":"from","Type":15,"Integer":0,"String":"a","Interface":null}}
2025-08-15T22:13:48.777-0500	DEBUG	protocol/handler.go:1591	have processed broadcast	{"{round 20 3  <nil>}": {"Key":"from","Type":15,"Integer":0,"String":"b","Interface":null}}
2025-08-15T22:13:48.777-0500	DEBUG	protocol/handler.go:1649	have all messages and processed	{"{round 20 3  <nil>}": {"Key":"self","Type":15,"Integer":0,"String":"c","Interface":null}}
2025-08-15T22:13:48.777-0500	DEBUG	protocol/handler.go:596	round already finalized
2025-08-15T22:13:48.777-0500	DEBUG	protocol/handler.go:581	tryAdvanceRound called	{"{current_round 20 3  <nil>}": {"Key":"self","Type":15,"Integer":0,"String":"a","Interface":null}}
2025-08-15T22:13:48.777-0500	DEBUG	protocol/handler.go:1591	have processed broadcast	{"{round 20 3  <nil>}": {"Key":"from","Type":15,"Integer":0,"String":"b","Interface":null}}
2025-08-15T22:13:48.777-0500	DEBUG	protocol/handler.go:1591	have processed broadcast	{"{round 20 3  <nil>}": {"Key":"from","Type":15,"Integer":0,"String":"c","Interface":null}}
2025-08-15T22:13:48.777-0500	DEBUG	protocol/handler.go:1649	have all messages and processed	{"{round 20 3  <nil>}": {"Key":"self","Type":15,"Integer":0,"String":"a","Interface":null}}
2025-08-15T22:13:48.777-0500	DEBUG	protocol/handler.go:596	round already finalized
2025-08-15T22:13:48.777-0500	DEBUG	protocol/handler.go:581	tryAdvanceRound called	{"{current_round 20 3  <nil>}": {"Key":"self","Type":15,"Integer":0,"String":"a","Interface":null}}
2025-08-15T22:13:48.777-0500	DEBUG	protocol/handler.go:1591	have processed broadcast	{"{round 20 3  <nil>}": {"Key":"from","Type":15,"Integer":0,"String":"b","Interface":null}}
2025-08-15T22:13:48.777-0500	DEBUG	protocol/handler.go:1591	have processed broadcast	{"{round 20 3  <nil>}": {"Key":"from","Type":15,"Integer":0,"String":"c","Interface":null}}
2025-08-15T22:13:48.777-0500	DEBUG	protocol/handler.go:1649	have all messages and processed	{"{round 20 3  <nil>}": {"Key":"self","Type":15,"Integer":0,"String":"a","Interface":null}}
2025-08-15T22:13:48.777-0500	DEBUG	protocol/handler.go:596	round already finalized
2025-08-15T22:13:48.801-0500	DEBUG	protocol/handler.go:581	tryAdvanceRound called	{"{current_round 20 3  <nil>}": {"Key":"self","Type":15,"Integer":0,"String":"a","Interface":null}}
2025-08-15T22:13:48.801-0500	DEBUG	protocol/handler.go:1591	have processed broadcast	{"{round 20 3  <nil>}": {"Key":"from","Type":15,"Integer":0,"String":"b","Interface":null}}
2025-08-15T22:13:48.801-0500	DEBUG	protocol/handler.go:1591	have processed broadcast	{"{round 20 3  <nil>}": {"Key":"from","Type":15,"Integer":0,"String":"c","Interface":null}}
2025-08-15T22:13:48.801-0500	DEBUG	protocol/handler.go:1649	have all messages and processed	{"{round 20 3  <nil>}": {"Key":"self","Type":15,"Integer":0,"String":"a","Interface":null}}
2025-08-15T22:13:48.802-0500	DEBUG	protocol/handler.go:596	round already finalized
2025-08-15T22:13:48.802-0500	DEBUG	protocol/handler.go:581	tryAdvanceRound called	{"{current_round 20 3  <nil>}": {"Key":"self","Type":15,"Integer":0,"String":"b","Interface":null}}
2025-08-15T22:13:48.802-0500	DEBUG	protocol/handler.go:1591	have processed broadcast	{"{round 20 3  <nil>}": {"Key":"from","Type":15,"Integer":0,"String":"a","Interface":null}}
2025-08-15T22:13:48.802-0500	DEBUG	protocol/handler.go:1591	have processed broadcast	{"{round 20 3  <nil>}": {"Key":"from","Type":15,"Integer":0,"String":"c","Interface":null}}
2025-08-15T22:13:48.803-0500	DEBUG	protocol/handler.go:1649	have all messages and processed	{"{round 20 3  <nil>}": {"Key":"self","Type":15,"Integer":0,"String":"b","Interface":null}}
2025-08-15T22:13:48.803-0500	DEBUG	protocol/handler.go:596	round already finalized
2025-08-15T22:13:48.803-0500	DEBUG	protocol/handler.go:581	tryAdvanceRound called	{"{current_round 20 3  <nil>}": {"Key":"self","Type":15,"Integer":0,"String":"c","Interface":null}}
2025-08-15T22:13:48.803-0500	DEBUG	protocol/handler.go:1591	have processed broadcast	{"{round 20 3  <nil>}": {"Key":"from","Type":15,"Integer":0,"String":"a","Interface":null}}
2025-08-15T22:13:48.803-0500	DEBUG	protocol/handler.go:1591	have processed broadcast	{"{round 20 3  <nil>}": {"Key":"from","Type":15,"Integer":0,"String":"b","Interface":null}}
2025-08-15T22:13:48.816-0500	DEBUG	protocol/handler.go:1649	have all messages and processed	{"{round 20 3  <nil>}": {"Key":"self","Type":15,"Integer":0,"String":"c","Interface":null}}
2025-08-15T22:13:48.816-0500	DEBUG	protocol/handler.go:596	round already finalized
2025-08-15T22:13:48.816-0500	DEBUG	protocol/handler.go:581	tryAdvanceRound called	{"{current_round 20 3  <nil>}": {"Key":"self","Type":15,"Integer":0,"String":"c","Interface":null}}
2025-08-15T22:13:48.816-0500	DEBUG	protocol/handler.go:1591	have processed broadcast	{"{round 20 3  <nil>}": {"Key":"from","Type":15,"Integer":0,"String":"a","Interface":null}}
2025-08-15T22:13:48.816-0500	DEBUG	protocol/handler.go:1591	have processed broadcast	{"{round 20 3  <nil>}": {"Key":"from","Type":15,"Integer":0,"String":"b","Interface":null}}
2025-08-15T22:13:48.817-0500	DEBUG	protocol/handler.go:1649	have all messages and processed	{"{round 20 3  <nil>}": {"Key":"self","Type":15,"Integer":0,"String":"c","Interface":null}}
2025-08-15T22:13:48.817-0500	DEBUG	protocol/handler.go:596	round already finalized
2025-08-15T22:13:48.817-0500	DEBUG	protocol/handler.go:581	tryAdvanceRound called	{"{current_round 20 3  <nil>}": {"Key":"self","Type":15,"Integer":0,"String":"b","Interface":null}}
2025-08-15T22:13:48.817-0500	DEBUG	protocol/handler.go:1591	have processed broadcast	{"{round 20 3  <nil>}": {"Key":"from","Type":15,"Integer":0,"String":"a","Interface":null}}
2025-08-15T22:13:48.817-0500	DEBUG	protocol/handler.go:1591	have processed broadcast	{"{round 20 3  <nil>}": {"Key":"from","Type":15,"Integer":0,"String":"c","Interface":null}}
2025-08-15T22:13:48.817-0500	DEBUG	protocol/handler.go:1649	have all messages and processed	{"{round 20 3  <nil>}": {"Key":"self","Type":15,"Integer":0,"String":"b","Interface":null}}
2025-08-15T22:13:48.817-0500	DEBUG	protocol/handler.go:596	round already finalized
2025-08-15T22:13:48.827-0500	DEBUG	protocol/handler.go:581	tryAdvanceRound called	{"{current_round 20 2  <nil>}": {"Key":"self","Type":15,"Integer":0,"String":"a","Interface":null}}
2025-08-15T22:13:48.827-0500	DEBUG	protocol/handler.go:1600	waiting for broadcasts	{"{round 20 2  <nil>}": {"Key":"missing","Type":15,"Integer":0,"String":"[b]","Interface":null}}
2025-08-15T22:13:48.827-0500	DEBUG	protocol/handler.go:581	tryAdvanceRound called	{"{current_round 20 2  <nil>}": {"Key":"self","Type":15,"Integer":0,"String":"a","Interface":null}}
2025-08-15T22:13:48.827-0500	DEBUG	protocol/handler.go:1600	waiting for broadcasts	{"{round 20 2  <nil>}": {"Key":"missing","Type":15,"Integer":0,"String":"[b]","Interface":null}}
2025-08-15T22:13:48.827-0500	DEBUG	protocol/handler.go:581	tryAdvanceRound called	{"{current_round 20 3  <nil>}": {"Key":"self","Type":15,"Integer":0,"String":"c","Interface":null}}
2025-08-15T22:13:48.827-0500	DEBUG	protocol/handler.go:1591	have processed broadcast	{"{round 20 3  <nil>}": {"Key":"from","Type":15,"Integer":0,"String":"a","Interface":null}}
2025-08-15T22:13:48.827-0500	DEBUG	protocol/handler.go:1591	have processed broadcast	{"{round 20 3  <nil>}": {"Key":"from","Type":15,"Integer":0,"String":"b","Interface":null}}
2025-08-15T22:13:48.827-0500	DEBUG	protocol/handler.go:1649	have all messages and processed	{"{round 20 3  <nil>}": {"Key":"self","Type":15,"Integer":0,"String":"c","Interface":null}}
2025-08-15T22:13:48.827-0500	DEBUG	protocol/handler.go:596	round already finalized
2025-08-15T22:13:48.827-0500	DEBUG	protocol/handler.go:581	tryAdvanceRound called	{"{current_round 20 3  <nil>}": {"Key":"self","Type":15,"Integer":0,"String":"b","Interface":null}}
2025-08-15T22:13:48.827-0500	DEBUG	protocol/handler.go:1591	have processed broadcast	{"{round 20 3  <nil>}": {"Key":"from","Type":15,"Integer":0,"String":"a","Interface":null}}
2025-08-15T22:13:48.828-0500	DEBUG	protocol/handler.go:1591	have processed broadcast	{"{round 20 3  <nil>}": {"Key":"from","Type":15,"Integer":0,"String":"c","Interface":null}}
2025-08-15T22:13:48.828-0500	DEBUG	protocol/handler.go:1649	have all messages and processed	{"{round 20 3  <nil>}": {"Key":"self","Type":15,"Integer":0,"String":"b","Interface":null}}
2025-08-15T22:13:48.828-0500	DEBUG	protocol/handler.go:596	round already finalized
2025-08-15T22:13:48.827-0500	DEBUG	protocol/handler.go:581	tryAdvanceRound called	{"{current_round 20 3  <nil>}": {"Key":"self","Type":15,"Integer":0,"String":"c","Interface":null}}
2025-08-15T22:13:48.828-0500	DEBUG	protocol/handler.go:1591	have processed broadcast	{"{round 20 3  <nil>}": {"Key":"from","Type":15,"Integer":0,"String":"a","Interface":null}}
2025-08-15T22:13:48.828-0500	DEBUG	protocol/handler.go:1591	have processed broadcast	{"{round 20 3  <nil>}": {"Key":"from","Type":15,"Integer":0,"String":"b","Interface":null}}
2025-08-15T22:13:48.828-0500	DEBUG	protocol/handler.go:1649	have all messages and processed	{"{round 20 3  <nil>}": {"Key":"self","Type":15,"Integer":0,"String":"c","Interface":null}}
2025-08-15T22:13:48.828-0500	DEBUG	protocol/handler.go:596	round already finalized
2025-08-15T22:13:48.827-0500	DEBUG	protocol/handler.go:581	tryAdvanceRound called	{"{current_round 20 3  <nil>}": {"Key":"self","Type":15,"Integer":0,"String":"a","Interface":null}}
2025-08-15T22:13:48.828-0500	DEBUG	protocol/handler.go:1591	have processed broadcast	{"{round 20 3  <nil>}": {"Key":"from","Type":15,"Integer":0,"String":"b","Interface":null}}
2025-08-15T22:13:48.828-0500	DEBUG	protocol/handler.go:1591	have processed broadcast	{"{round 20 3  <nil>}": {"Key":"from","Type":15,"Integer":0,"String":"c","Interface":null}}
2025-08-15T22:13:48.828-0500	DEBUG	protocol/handler.go:1649	have all messages and processed	{"{round 20 3  <nil>}": {"Key":"self","Type":15,"Integer":0,"String":"a","Interface":null}}
2025-08-15T22:13:48.829-0500	DEBUG	protocol/handler.go:596	round already finalized
2025-08-15T22:13:48.845-0500	DEBUG	protocol/handler.go:581	tryAdvanceRound called	{"{current_round 20 3  <nil>}": {"Key":"self","Type":15,"Integer":0,"String":"a","Interface":null}}
2025-08-15T22:13:48.846-0500	DEBUG	protocol/handler.go:1591	have processed broadcast	{"{round 20 3  <nil>}": {"Key":"from","Type":15,"Integer":0,"String":"b","Interface":null}}
2025-08-15T22:13:48.846-0500	DEBUG	protocol/handler.go:1591	have processed broadcast	{"{round 20 3  <nil>}": {"Key":"from","Type":15,"Integer":0,"String":"c","Interface":null}}
2025-08-15T22:13:48.846-0500	DEBUG	protocol/handler.go:1649	have all messages and processed	{"{round 20 3  <nil>}": {"Key":"self","Type":15,"Integer":0,"String":"a","Interface":null}}
2025-08-15T22:13:48.847-0500	DEBUG	protocol/handler.go:596	round already finalized
2025-08-15T22:13:48.847-0500	DEBUG	protocol/handler.go:581	tryAdvanceRound called	{"{current_round 20 3  <nil>}": {"Key":"self","Type":15,"Integer":0,"String":"c","Interface":null}}
2025-08-15T22:13:48.847-0500	DEBUG	protocol/handler.go:1591	have processed broadcast	{"{round 20 3  <nil>}": {"Key":"from","Type":15,"Integer":0,"String":"a","Interface":null}}
2025-08-15T22:13:48.847-0500	DEBUG	protocol/handler.go:1591	have processed broadcast	{"{round 20 3  <nil>}": {"Key":"from","Type":15,"Integer":0,"String":"b","Interface":null}}
2025-08-15T22:13:48.848-0500	DEBUG	protocol/handler.go:1649	have all messages and processed	{"{round 20 3  <nil>}": {"Key":"self","Type":15,"Integer":0,"String":"c","Interface":null}}
2025-08-15T22:13:48.848-0500	DEBUG	protocol/handler.go:596	round already finalized
2025-08-15T22:13:48.848-0500	DEBUG	protocol/handler.go:581	tryAdvanceRound called	{"{current_round 20 3  <nil>}": {"Key":"self","Type":15,"Integer":0,"String":"b","Interface":null}}
2025-08-15T22:13:48.848-0500	DEBUG	protocol/handler.go:1591	have processed broadcast	{"{round 20 3  <nil>}": {"Key":"from","Type":15,"Integer":0,"String":"a","Interface":null}}
2025-08-15T22:13:48.849-0500	DEBUG	protocol/handler.go:1591	have processed broadcast	{"{round 20 3  <nil>}": {"Key":"from","Type":15,"Integer":0,"String":"c","Interface":null}}
2025-08-15T22:13:48.849-0500	DEBUG	protocol/handler.go:1649	have all messages and processed	{"{round 20 3  <nil>}": {"Key":"self","Type":15,"Integer":0,"String":"b","Interface":null}}
2025-08-15T22:13:48.849-0500	DEBUG	protocol/handler.go:596	round already finalized
2025-08-15T22:13:48.850-0500	DEBUG	protocol/handler.go:581	tryAdvanceRound called	{"{current_round 20 2  <nil>}": {"Key":"self","Type":15,"Integer":0,"String":"a","Interface":null}}
2025-08-15T22:13:48.850-0500	DEBUG	protocol/handler.go:1600	waiting for broadcasts	{"{round 20 2  <nil>}": {"Key":"missing","Type":15,"Integer":0,"String":"[b]","Interface":null}}
2025-08-15T22:13:48.850-0500	DEBUG	protocol/handler.go:581	tryAdvanceRound called	{"{current_round 20 2  <nil>}": {"Key":"self","Type":15,"Integer":0,"String":"a","Interface":null}}
2025-08-15T22:13:48.850-0500	DEBUG	protocol/handler.go:1600	waiting for broadcasts	{"{round 20 2  <nil>}": {"Key":"missing","Type":15,"Integer":0,"String":"[b]","Interface":null}}
2025-08-15T22:13:48.850-0500	DEBUG	protocol/handler.go:581	tryAdvanceRound called	{"{current_round 20 3  <nil>}": {"Key":"self","Type":15,"Integer":0,"String":"a","Interface":null}}
2025-08-15T22:13:48.850-0500	DEBUG	protocol/handler.go:1591	have processed broadcast	{"{round 20 3  <nil>}": {"Key":"from","Type":15,"Integer":0,"String":"b","Interface":null}}
2025-08-15T22:13:48.850-0500	DEBUG	protocol/handler.go:1591	have processed broadcast	{"{round 20 3  <nil>}": {"Key":"from","Type":15,"Integer":0,"String":"c","Interface":null}}
2025-08-15T22:13:48.850-0500	DEBUG	protocol/handler.go:1649	have all messages and processed	{"{round 20 3  <nil>}": {"Key":"self","Type":15,"Integer":0,"String":"a","Interface":null}}
2025-08-15T22:13:48.850-0500	DEBUG	protocol/handler.go:596	round already finalized
2025-08-15T22:13:48.852-0500	DEBUG	protocol/handler.go:581	tryAdvanceRound called	{"{current_round 20 3  <nil>}": {"Key":"self","Type":15,"Integer":0,"String":"b","Interface":null}}
2025-08-15T22:13:48.852-0500	DEBUG	protocol/handler.go:1591	have processed broadcast	{"{round 20 3  <nil>}": {"Key":"from","Type":15,"Integer":0,"String":"a","Interface":null}}
2025-08-15T22:13:48.852-0500	DEBUG	protocol/handler.go:1591	have processed broadcast	{"{round 20 3  <nil>}": {"Key":"from","Type":15,"Integer":0,"String":"c","Interface":null}}
2025-08-15T22:13:48.852-0500	DEBUG	protocol/handler.go:1649	have all messages and processed	{"{round 20 3  <nil>}": {"Key":"self","Type":15,"Integer":0,"String":"b","Interface":null}}
2025-08-15T22:13:48.852-0500	DEBUG	protocol/handler.go:596	round already finalized
2025-08-15T22:13:48.852-0500	DEBUG	protocol/handler.go:581	tryAdvanceRound called	{"{current_round 20 3  <nil>}": {"Key":"self","Type":15,"Integer":0,"String":"c","Interface":null}}
2025-08-15T22:13:48.852-0500	DEBUG	protocol/handler.go:1591	have processed broadcast	{"{round 20 3  <nil>}": {"Key":"from","Type":15,"Integer":0,"String":"a","Interface":null}}
2025-08-15T22:13:48.852-0500	DEBUG	protocol/handler.go:1591	have processed broadcast	{"{round 20 3  <nil>}": {"Key":"from","Type":15,"Integer":0,"String":"b","Interface":null}}
2025-08-15T22:13:48.852-0500	DEBUG	protocol/handler.go:1649	have all messages and processed	{"{round 20 3  <nil>}": {"Key":"self","Type":15,"Integer":0,"String":"c","Interface":null}}
2025-08-15T22:13:48.852-0500	DEBUG	protocol/handler.go:596	round already finalized
2025-08-15T22:13:48.857-0500	DEBUG	protocol/handler.go:581	tryAdvanceRound called	{"{current_round 20 2  <nil>}": {"Key":"self","Type":15,"Integer":0,"String":"a","Interface":null}}
2025-08-15T22:13:48.857-0500	DEBUG	protocol/handler.go:1600	waiting for broadcasts	{"{round 20 2  <nil>}": {"Key":"missing","Type":15,"Integer":0,"String":"[b]","Interface":null}}
2025-08-15T22:13:48.857-0500	DEBUG	protocol/handler.go:581	tryAdvanceRound called	{"{current_round 20 3  <nil>}": {"Key":"self","Type":15,"Integer":0,"String":"a","Interface":null}}
2025-08-15T22:13:48.857-0500	DEBUG	protocol/handler.go:1591	have processed broadcast	{"{round 20 3  <nil>}": {"Key":"from","Type":15,"Integer":0,"String":"b","Interface":null}}
2025-08-15T22:13:48.857-0500	DEBUG	protocol/handler.go:1591	have processed broadcast	{"{round 20 3  <nil>}": {"Key":"from","Type":15,"Integer":0,"String":"c","Interface":null}}
2025-08-15T22:13:48.857-0500	DEBUG	protocol/handler.go:1649	have all messages and processed	{"{round 20 3  <nil>}": {"Key":"self","Type":15,"Integer":0,"String":"a","Interface":null}}
2025-08-15T22:13:48.857-0500	DEBUG	protocol/handler.go:596	round already finalized
2025-08-15T22:13:48.863-0500	DEBUG	protocol/handler.go:581	tryAdvanceRound called	{"{current_round 20 3  <nil>}": {"Key":"self","Type":15,"Integer":0,"String":"c","Interface":null}}
2025-08-15T22:13:48.863-0500	DEBUG	protocol/handler.go:1591	have processed broadcast	{"{round 20 3  <nil>}": {"Key":"from","Type":15,"Integer":0,"String":"a","Interface":null}}
2025-08-15T22:13:48.863-0500	DEBUG	protocol/handler.go:1591	have processed broadcast	{"{round 20 3  <nil>}": {"Key":"from","Type":15,"Integer":0,"String":"b","Interface":null}}
2025-08-15T22:13:48.863-0500	DEBUG	protocol/handler.go:1649	have all messages and processed	{"{round 20 3  <nil>}": {"Key":"self","Type":15,"Integer":0,"String":"c","Interface":null}}
2025-08-15T22:13:48.863-0500	DEBUG	protocol/handler.go:596	round already finalized
2025-08-15T22:13:48.863-0500	DEBUG	protocol/handler.go:581	tryAdvanceRound called	{"{current_round 20 3  <nil>}": {"Key":"self","Type":15,"Integer":0,"String":"b","Interface":null}}
2025-08-15T22:13:48.863-0500	DEBUG	protocol/handler.go:1591	have processed broadcast	{"{round 20 3  <nil>}": {"Key":"from","Type":15,"Integer":0,"String":"a","Interface":null}}
2025-08-15T22:13:48.863-0500	DEBUG	protocol/handler.go:1591	have processed broadcast	{"{round 20 3  <nil>}": {"Key":"from","Type":15,"Integer":0,"String":"c","Interface":null}}
2025-08-15T22:13:48.863-0500	DEBUG	protocol/handler.go:1649	have all messages and processed	{"{round 20 3  <nil>}": {"Key":"self","Type":15,"Integer":0,"String":"b","Interface":null}}
2025-08-15T22:13:48.863-0500	DEBUG	protocol/handler.go:596	round already finalized
2025-08-15T22:13:48.884-0500	DEBUG	protocol/handler.go:581	tryAdvanceRound called	{"{current_round 20 3  <nil>}": {"Key":"self","Type":15,"Integer":0,"String":"c","Interface":null}}
2025-08-15T22:13:48.884-0500	DEBUG	protocol/handler.go:1591	have processed broadcast	{"{round 20 3  <nil>}": {"Key":"from","Type":15,"Integer":0,"String":"a","Interface":null}}
2025-08-15T22:13:48.884-0500	DEBUG	protocol/handler.go:1591	have processed broadcast	{"{round 20 3  <nil>}": {"Key":"from","Type":15,"Integer":0,"String":"b","Interface":null}}
2025-08-15T22:13:48.884-0500	DEBUG	protocol/handler.go:1649	have all messages and processed	{"{round 20 3  <nil>}": {"Key":"self","Type":15,"Integer":0,"String":"c","Interface":null}}
2025-08-15T22:13:48.884-0500	DEBUG	protocol/handler.go:596	round already finalized
2025-08-15T22:13:48.930-0500	DEBUG	protocol/handler.go:581	tryAdvanceRound called	{"{current_round 20 2  <nil>}": {"Key":"self","Type":15,"Integer":0,"String":"a","Interface":null}}
2025-08-15T22:13:48.930-0500	DEBUG	protocol/handler.go:1600	waiting for broadcasts	{"{round 20 2  <nil>}": {"Key":"missing","Type":15,"Integer":0,"String":"[b]","Interface":null}}
2025-08-15T22:13:48.930-0500	DEBUG	protocol/handler.go:581	tryAdvanceRound called	{"{current_round 20 2  <nil>}": {"Key":"self","Type":15,"Integer":0,"String":"a","Interface":null}}
2025-08-15T22:13:48.930-0500	DEBUG	protocol/handler.go:1600	waiting for broadcasts	{"{round 20 2  <nil>}": {"Key":"missing","Type":15,"Integer":0,"String":"[b]","Interface":null}}
2025-08-15T22:13:48.930-0500	DEBUG	protocol/handler.go:581	tryAdvanceRound called	{"{current_round 20 3  <nil>}": {"Key":"self","Type":15,"Integer":0,"String":"a","Interface":null}}
2025-08-15T22:13:48.930-0500	DEBUG	protocol/handler.go:1591	have processed broadcast	{"{round 20 3  <nil>}": {"Key":"from","Type":15,"Integer":0,"String":"b","Interface":null}}
2025-08-15T22:13:48.930-0500	DEBUG	protocol/handler.go:1591	have processed broadcast	{"{round 20 3  <nil>}": {"Key":"from","Type":15,"Integer":0,"String":"c","Interface":null}}
2025-08-15T22:13:48.930-0500	DEBUG	protocol/handler.go:1649	have all messages and processed	{"{round 20 3  <nil>}": {"Key":"self","Type":15,"Integer":0,"String":"a","Interface":null}}
2025-08-15T22:13:48.930-0500	DEBUG	protocol/handler.go:596	round already finalized
2025-08-15T22:13:48.930-0500	DEBUG	protocol/handler.go:581	tryAdvanceRound called	{"{current_round 20 3  <nil>}": {"Key":"self","Type":15,"Integer":0,"String":"a","Interface":null}}
2025-08-15T22:13:48.930-0500	DEBUG	protocol/handler.go:1591	have processed broadcast	{"{round 20 3  <nil>}": {"Key":"from","Type":15,"Integer":0,"String":"b","Interface":null}}
2025-08-15T22:13:48.930-0500	DEBUG	protocol/handler.go:1591	have processed broadcast	{"{round 20 3  <nil>}": {"Key":"from","Type":15,"Integer":0,"String":"c","Interface":null}}
2025-08-15T22:13:48.930-0500	DEBUG	protocol/handler.go:1649	have all messages and processed	{"{round 20 3  <nil>}": {"Key":"self","Type":15,"Integer":0,"String":"a","Interface":null}}
2025-08-15T22:13:48.930-0500	DEBUG	protocol/handler.go:596	round already finalized
2025-08-15T22:13:48.930-0500	DEBUG	protocol/handler.go:581	tryAdvanceRound called	{"{current_round 20 3  <nil>}": {"Key":"self","Type":15,"Integer":0,"String":"b","Interface":null}}
2025-08-15T22:13:48.930-0500	DEBUG	protocol/handler.go:1591	have processed broadcast	{"{round 20 3  <nil>}": {"Key":"from","Type":15,"Integer":0,"String":"a","Interface":null}}
2025-08-15T22:13:48.930-0500	DEBUG	protocol/handler.go:1591	have processed broadcast	{"{round 20 3  <nil>}": {"Key":"from","Type":15,"Integer":0,"String":"c","Interface":null}}
2025-08-15T22:13:48.930-0500	DEBUG	protocol/handler.go:1649	have all messages and processed	{"{round 20 3  <nil>}": {"Key":"self","Type":15,"Integer":0,"String":"b","Interface":null}}
2025-08-15T22:13:48.930-0500	DEBUG	protocol/handler.go:596	round already finalized
2025-08-15T22:13:48.931-0500	DEBUG	protocol/handler.go:581	tryAdvanceRound called	{"{current_round 20 3  <nil>}": {"Key":"self","Type":15,"Integer":0,"String":"b","Interface":null}}
2025-08-15T22:13:48.931-0500	DEBUG	protocol/handler.go:1591	have processed broadcast	{"{round 20 3  <nil>}": {"Key":"from","Type":15,"Integer":0,"String":"a","Interface":null}}
2025-08-15T22:13:48.931-0500	DEBUG	protocol/handler.go:1591	have processed broadcast	{"{round 20 3  <nil>}": {"Key":"from","Type":15,"Integer":0,"String":"c","Interface":null}}
2025-08-15T22:13:48.931-0500	DEBUG	protocol/handler.go:1649	have all messages and processed	{"{round 20 3  <nil>}": {"Key":"self","Type":15,"Integer":0,"String":"b","Interface":null}}
2025-08-15T22:13:48.931-0500	DEBUG	protocol/handler.go:596	round already finalized
2025-08-15T22:13:48.931-0500	DEBUG	protocol/handler.go:581	tryAdvanceRound called	{"{current_round 20 3  <nil>}": {"Key":"self","Type":15,"Integer":0,"String":"c","Interface":null}}
2025-08-15T22:13:48.931-0500	DEBUG	protocol/handler.go:1591	have processed broadcast	{"{round 20 3  <nil>}": {"Key":"from","Type":15,"Integer":0,"String":"a","Interface":null}}
2025-08-15T22:13:48.931-0500	DEBUG	protocol/handler.go:1591	have processed broadcast	{"{round 20 3  <nil>}": {"Key":"from","Type":15,"Integer":0,"String":"b","Interface":null}}
2025-08-15T22:13:48.931-0500	DEBUG	protocol/handler.go:1649	have all messages and processed	{"{round 20 3  <nil>}": {"Key":"self","Type":15,"Integer":0,"String":"c","Interface":null}}
2025-08-15T22:13:48.931-0500	DEBUG	protocol/handler.go:596	round already finalized
2025-08-15T22:13:48.931-0500	DEBUG	protocol/handler.go:581	tryAdvanceRound called	{"{current_round 20 3  <nil>}": {"Key":"self","Type":15,"Integer":0,"String":"c","Interface":null}}
2025-08-15T22:13:48.931-0500	DEBUG	protocol/handler.go:1591	have processed broadcast	{"{round 20 3  <nil>}": {"Key":"from","Type":15,"Integer":0,"String":"a","Interface":null}}
2025-08-15T22:13:48.931-0500	DEBUG	protocol/handler.go:1591	have processed broadcast	{"{round 20 3  <nil>}": {"Key":"from","Type":15,"Integer":0,"String":"b","Interface":null}}
2025-08-15T22:13:48.931-0500	DEBUG	protocol/handler.go:1649	have all messages and processed	{"{round 20 3  <nil>}": {"Key":"self","Type":15,"Integer":0,"String":"c","Interface":null}}
2025-08-15T22:13:48.931-0500	DEBUG	protocol/handler.go:596	round already finalized
2025-08-15T22:13:48.931-0500	DEBUG	protocol/handler.go:581	tryAdvanceRound called	{"{current_round 20 3  <nil>}": {"Key":"self","Type":15,"Integer":0,"String":"c","Interface":null}}
2025-08-15T22:13:48.931-0500	DEBUG	protocol/handler.go:1591	have processed broadcast	{"{round 20 3  <nil>}": {"Key":"from","Type":15,"Integer":0,"String":"a","Interface":null}}
2025-08-15T22:13:48.931-0500	DEBUG	protocol/handler.go:1591	have processed broadcast	{"{round 20 3  <nil>}": {"Key":"from","Type":15,"Integer":0,"String":"b","Interface":null}}
2025-08-15T22:13:48.931-0500	DEBUG	protocol/handler.go:1649	have all messages and processed	{"{round 20 3  <nil>}": {"Key":"self","Type":15,"Integer":0,"String":"c","Interface":null}}
2025-08-15T22:13:48.931-0500	DEBUG	protocol/handler.go:596	round already finalized
2025-08-15T22:13:48.931-0500	DEBUG	protocol/handler.go:581	tryAdvanceRound called	{"{current_round 20 3  <nil>}": {"Key":"self","Type":15,"Integer":0,"String":"b","Interface":null}}
2025-08-15T22:13:48.931-0500	DEBUG	protocol/handler.go:1591	have processed broadcast	{"{round 20 3  <nil>}": {"Key":"from","Type":15,"Integer":0,"String":"a","Interface":null}}
2025-08-15T22:13:48.932-0500	DEBUG	protocol/handler.go:1591	have processed broadcast	{"{round 20 3  <nil>}": {"Key":"from","Type":15,"Integer":0,"String":"c","Interface":null}}
2025-08-15T22:13:48.932-0500	DEBUG	protocol/handler.go:1649	have all messages and processed	{"{round 20 3  <nil>}": {"Key":"self","Type":15,"Integer":0,"String":"b","Interface":null}}
2025-08-15T22:13:48.932-0500	DEBUG	protocol/handler.go:596	round already finalized
2025-08-15T22:13:48.943-0500	DEBUG	protocol/handler.go:581	tryAdvanceRound called	{"{current_round 20 2  <nil>}": {"Key":"self","Type":15,"Integer":0,"String":"a","Interface":null}}
2025-08-15T22:13:48.943-0500	DEBUG	protocol/handler.go:1600	waiting for broadcasts	{"{round 20 2  <nil>}": {"Key":"missing","Type":15,"Integer":0,"String":"[b]","Interface":null}}
2025-08-15T22:13:48.943-0500	DEBUG	protocol/handler.go:581	tryAdvanceRound called	{"{current_round 20 3  <nil>}": {"Key":"self","Type":15,"Integer":0,"String":"a","Interface":null}}
2025-08-15T22:13:48.943-0500	DEBUG	protocol/handler.go:1591	have processed broadcast	{"{round 20 3  <nil>}": {"Key":"from","Type":15,"Integer":0,"String":"b","Interface":null}}
2025-08-15T22:13:48.943-0500	DEBUG	protocol/handler.go:1591	have processed broadcast	{"{round 20 3  <nil>}": {"Key":"from","Type":15,"Integer":0,"String":"c","Interface":null}}
2025-08-15T22:13:48.943-0500	DEBUG	protocol/handler.go:1649	have all messages and processed	{"{round 20 3  <nil>}": {"Key":"self","Type":15,"Integer":0,"String":"a","Interface":null}}
2025-08-15T22:13:48.943-0500	DEBUG	protocol/handler.go:596	round already finalized
2025-08-15T22:13:48.943-0500	DEBUG	protocol/handler.go:581	tryAdvanceRound called	{"{current_round 20 3  <nil>}": {"Key":"self","Type":15,"Integer":0,"String":"b","Interface":null}}
2025-08-15T22:13:48.944-0500	DEBUG	protocol/handler.go:1591	have processed broadcast	{"{round 20 3  <nil>}": {"Key":"from","Type":15,"Integer":0,"String":"a","Interface":null}}
2025-08-15T22:13:48.944-0500	DEBUG	protocol/handler.go:1591	have processed broadcast	{"{round 20 3  <nil>}": {"Key":"from","Type":15,"Integer":0,"String":"c","Interface":null}}
2025-08-15T22:13:48.944-0500	DEBUG	protocol/handler.go:1649	have all messages and processed	{"{round 20 3  <nil>}": {"Key":"self","Type":15,"Integer":0,"String":"b","Interface":null}}
2025-08-15T22:13:48.944-0500	DEBUG	protocol/handler.go:596	round already finalized
2025-08-15T22:13:48.944-0500	DEBUG	protocol/handler.go:581	tryAdvanceRound called	{"{current_round 20 3  <nil>}": {"Key":"self","Type":15,"Integer":0,"String":"c","Interface":null}}
2025-08-15T22:13:48.945-0500	DEBUG	protocol/handler.go:1591	have processed broadcast	{"{round 20 3  <nil>}": {"Key":"from","Type":15,"Integer":0,"String":"a","Interface":null}}
2025-08-15T22:13:48.945-0500	DEBUG	protocol/handler.go:1591	have processed broadcast	{"{round 20 3  <nil>}": {"Key":"from","Type":15,"Integer":0,"String":"b","Interface":null}}
2025-08-15T22:13:48.945-0500	DEBUG	protocol/handler.go:1649	have all messages and processed	{"{round 20 3  <nil>}": {"Key":"self","Type":15,"Integer":0,"String":"c","Interface":null}}
2025-08-15T22:13:48.945-0500	DEBUG	protocol/handler.go:596	round already finalized
2025-08-15T22:13:48.952-0500	DEBUG	protocol/handler.go:581	tryAdvanceRound called	{"{current_round 20 2  <nil>}": {"Key":"self","Type":15,"Integer":0,"String":"a","Interface":null}}
2025-08-15T22:13:48.952-0500	DEBUG	protocol/handler.go:1600	waiting for broadcasts	{"{round 20 2  <nil>}": {"Key":"missing","Type":15,"Integer":0,"String":"[b]","Interface":null}}
2025-08-15T22:13:48.953-0500	DEBUG	protocol/handler.go:581	tryAdvanceRound called	{"{current_round 20 3  <nil>}": {"Key":"self","Type":15,"Integer":0,"String":"b","Interface":null}}
2025-08-15T22:13:48.953-0500	DEBUG	protocol/handler.go:581	tryAdvanceRound called	{"{current_round 20 3  <nil>}": {"Key":"self","Type":15,"Integer":0,"String":"c","Interface":null}}
2025-08-15T22:13:48.953-0500	DEBUG	protocol/handler.go:1591	have processed broadcast	{"{round 20 3  <nil>}": {"Key":"from","Type":15,"Integer":0,"String":"a","Interface":null}}
2025-08-15T22:13:48.953-0500	DEBUG	protocol/handler.go:1591	have processed broadcast	{"{round 20 3  <nil>}": {"Key":"from","Type":15,"Integer":0,"String":"b","Interface":null}}
2025-08-15T22:13:48.953-0500	DEBUG	protocol/handler.go:1591	have processed broadcast	{"{round 20 3  <nil>}": {"Key":"from","Type":15,"Integer":0,"String":"a","Interface":null}}
2025-08-15T22:13:48.953-0500	DEBUG	protocol/handler.go:581	tryAdvanceRound called	{"{current_round 20 3  <nil>}": {"Key":"self","Type":15,"Integer":0,"String":"a","Interface":null}}
2025-08-15T22:13:48.953-0500	DEBUG	protocol/handler.go:1591	have processed broadcast	{"{round 20 3  <nil>}": {"Key":"from","Type":15,"Integer":0,"String":"b","Interface":null}}
2025-08-15T22:13:48.954-0500	DEBUG	protocol/handler.go:1591	have processed broadcast	{"{round 20 3  <nil>}": {"Key":"from","Type":15,"Integer":0,"String":"c","Interface":null}}
2025-08-15T22:13:48.954-0500	DEBUG	protocol/handler.go:1649	have all messages and processed	{"{round 20 3  <nil>}": {"Key":"self","Type":15,"Integer":0,"String":"a","Interface":null}}
2025-08-15T22:13:48.954-0500	DEBUG	protocol/handler.go:596	round already finalized
2025-08-15T22:13:48.953-0500	DEBUG	protocol/handler.go:1649	have all messages and processed	{"{round 20 3  <nil>}": {"Key":"self","Type":15,"Integer":0,"String":"c","Interface":null}}
2025-08-15T22:13:48.954-0500	DEBUG	protocol/handler.go:596	round already finalized
2025-08-15T22:13:48.955-0500	DEBUG	protocol/handler.go:1591	have processed broadcast	{"{round 20 3  <nil>}": {"Key":"from","Type":15,"Integer":0,"String":"c","Interface":null}}
2025-08-15T22:13:48.955-0500	DEBUG	protocol/handler.go:1649	have all messages and processed	{"{round 20 3  <nil>}": {"Key":"self","Type":15,"Integer":0,"String":"b","Interface":null}}
2025-08-15T22:13:48.955-0500	DEBUG	protocol/handler.go:596	round already finalized
2025-08-15T22:13:48.976-0500	DEBUG	protocol/handler.go:581	tryAdvanceRound called	{"{current_round 20 2  <nil>}": {"Key":"self","Type":15,"Integer":0,"String":"a","Interface":null}}
2025-08-15T22:13:48.977-0500	DEBUG	protocol/handler.go:1600	waiting for broadcasts	{"{round 20 2  <nil>}": {"Key":"missing","Type":15,"Integer":0,"String":"[b]","Interface":null}}
2025-08-15T22:13:48.977-0500	DEBUG	protocol/handler.go:581	tryAdvanceRound called	{"{current_round 20 3  <nil>}": {"Key":"self","Type":15,"Integer":0,"String":"a","Interface":null}}
2025-08-15T22:13:48.977-0500	DEBUG	protocol/handler.go:1591	have processed broadcast	{"{round 20 3  <nil>}": {"Key":"from","Type":15,"Integer":0,"String":"b","Interface":null}}
2025-08-15T22:13:48.977-0500	DEBUG	protocol/handler.go:1591	have processed broadcast	{"{round 20 3  <nil>}": {"Key":"from","Type":15,"Integer":0,"String":"c","Interface":null}}
2025-08-15T22:13:48.978-0500	DEBUG	protocol/handler.go:1649	have all messages and processed	{"{round 20 3  <nil>}": {"Key":"self","Type":15,"Integer":0,"String":"a","Interface":null}}
2025-08-15T22:13:48.978-0500	DEBUG	protocol/handler.go:596	round already finalized
2025-08-15T22:13:48.978-0500	DEBUG	protocol/handler.go:581	tryAdvanceRound called	{"{current_round 20 3  <nil>}": {"Key":"self","Type":15,"Integer":0,"String":"b","Interface":null}}
2025-08-15T22:13:48.978-0500	DEBUG	protocol/handler.go:1591	have processed broadcast	{"{round 20 3  <nil>}": {"Key":"from","Type":15,"Integer":0,"String":"a","Interface":null}}
2025-08-15T22:13:48.978-0500	DEBUG	protocol/handler.go:1591	have processed broadcast	{"{round 20 3  <nil>}": {"Key":"from","Type":15,"Integer":0,"String":"c","Interface":null}}
2025-08-15T22:13:48.978-0500	DEBUG	protocol/handler.go:1649	have all messages and processed	{"{round 20 3  <nil>}": {"Key":"self","Type":15,"Integer":0,"String":"b","Interface":null}}
2025-08-15T22:13:48.979-0500	DEBUG	protocol/handler.go:596	round already finalized
2025-08-15T22:13:48.979-0500	DEBUG	protocol/handler.go:581	tryAdvanceRound called	{"{current_round 20 3  <nil>}": {"Key":"self","Type":15,"Integer":0,"String":"c","Interface":null}}
2025-08-15T22:13:48.979-0500	DEBUG	protocol/handler.go:1591	have processed broadcast	{"{round 20 3  <nil>}": {"Key":"from","Type":15,"Integer":0,"String":"a","Interface":null}}
2025-08-15T22:13:48.979-0500	DEBUG	protocol/handler.go:1591	have processed broadcast	{"{round 20 3  <nil>}": {"Key":"from","Type":15,"Integer":0,"String":"b","Interface":null}}
2025-08-15T22:13:48.979-0500	DEBUG	protocol/handler.go:1649	have all messages and processed	{"{round 20 3  <nil>}": {"Key":"self","Type":15,"Integer":0,"String":"c","Interface":null}}
2025-08-15T22:13:48.979-0500	DEBUG	protocol/handler.go:596	round already finalized
2025-08-15T22:13:48.999-0500	DEBUG	protocol/handler.go:581	tryAdvanceRound called	{"{current_round 20 3  <nil>}": {"Key":"self","Type":15,"Integer":0,"String":"b","Interface":null}}
2025-08-15T22:13:48.999-0500	DEBUG	protocol/handler.go:1591	have processed broadcast	{"{round 20 3  <nil>}": {"Key":"from","Type":15,"Integer":0,"String":"a","Interface":null}}
2025-08-15T22:13:48.999-0500	DEBUG	protocol/handler.go:1591	have processed broadcast	{"{round 20 3  <nil>}": {"Key":"from","Type":15,"Integer":0,"String":"c","Interface":null}}
2025-08-15T22:13:48.999-0500	DEBUG	protocol/handler.go:1649	have all messages and processed	{"{round 20 3  <nil>}": {"Key":"self","Type":15,"Integer":0,"String":"b","Interface":null}}
2025-08-15T22:13:48.999-0500	DEBUG	protocol/handler.go:596	round already finalized
2025-08-15T22:13:48.999-0500	DEBUG	protocol/handler.go:581	tryAdvanceRound called	{"{current_round 20 2  <nil>}": {"Key":"self","Type":15,"Integer":0,"String":"a","Interface":null}}
2025-08-15T22:13:48.999-0500	DEBUG	protocol/handler.go:1600	waiting for broadcasts	{"{round 20 2  <nil>}": {"Key":"missing","Type":15,"Integer":0,"String":"[b]","Interface":null}}
2025-08-15T22:13:49.000-0500	DEBUG	protocol/handler.go:581	tryAdvanceRound called	{"{current_round 20 3  <nil>}": {"Key":"self","Type":15,"Integer":0,"String":"c","Interface":null}}
2025-08-15T22:13:49.000-0500	DEBUG	protocol/handler.go:1591	have processed broadcast	{"{round 20 3  <nil>}": {"Key":"from","Type":15,"Integer":0,"String":"a","Interface":null}}
2025-08-15T22:13:49.000-0500	DEBUG	protocol/handler.go:1591	have processed broadcast	{"{round 20 3  <nil>}": {"Key":"from","Type":15,"Integer":0,"String":"b","Interface":null}}
2025-08-15T22:13:49.000-0500	DEBUG	protocol/handler.go:1649	have all messages and processed	{"{round 20 3  <nil>}": {"Key":"self","Type":15,"Integer":0,"String":"c","Interface":null}}
2025-08-15T22:13:49.000-0500	DEBUG	protocol/handler.go:596	round already finalized
2025-08-15T22:13:49.000-0500	DEBUG	protocol/handler.go:581	tryAdvanceRound called	{"{current_round 20 3  <nil>}": {"Key":"self","Type":15,"Integer":0,"String":"a","Interface":null}}
2025-08-15T22:13:49.000-0500	DEBUG	protocol/handler.go:1591	have processed broadcast	{"{round 20 3  <nil>}": {"Key":"from","Type":15,"Integer":0,"String":"b","Interface":null}}
2025-08-15T22:13:49.000-0500	DEBUG	protocol/handler.go:1591	have processed broadcast	{"{round 20 3  <nil>}": {"Key":"from","Type":15,"Integer":0,"String":"c","Interface":null}}
2025-08-15T22:13:49.000-0500	DEBUG	protocol/handler.go:1649	have all messages and processed	{"{round 20 3  <nil>}": {"Key":"self","Type":15,"Integer":0,"String":"a","Interface":null}}
2025-08-15T22:13:49.000-0500	DEBUG	protocol/handler.go:596	round already finalized
2025-08-15T22:13:49.021-0500	DEBUG	protocol/handler.go:581	tryAdvanceRound called	{"{current_round 20 3  <nil>}": {"Key":"self","Type":15,"Integer":0,"String":"a","Interface":null}}
2025-08-15T22:13:49.021-0500	DEBUG	protocol/handler.go:1591	have processed broadcast	{"{round 20 3  <nil>}": {"Key":"from","Type":15,"Integer":0,"String":"b","Interface":null}}
2025-08-15T22:13:49.039-0500	DEBUG	protocol/handler.go:1591	have processed broadcast	{"{round 20 3  <nil>}": {"Key":"from","Type":15,"Integer":0,"String":"c","Interface":null}}
2025-08-15T22:13:49.039-0500	DEBUG	protocol/handler.go:1649	have all messages and processed	{"{round 20 3  <nil>}": {"Key":"self","Type":15,"Integer":0,"String":"a","Interface":null}}
2025-08-15T22:13:49.039-0500	DEBUG	protocol/handler.go:596	round already finalized
2025-08-15T22:13:49.039-0500	DEBUG	protocol/handler.go:581	tryAdvanceRound called	{"{current_round 20 3  <nil>}": {"Key":"self","Type":15,"Integer":0,"String":"a","Interface":null}}
2025-08-15T22:13:49.039-0500	DEBUG	protocol/handler.go:1591	have processed broadcast	{"{round 20 3  <nil>}": {"Key":"from","Type":15,"Integer":0,"String":"b","Interface":null}}
2025-08-15T22:13:49.040-0500	DEBUG	protocol/handler.go:1591	have processed broadcast	{"{round 20 3  <nil>}": {"Key":"from","Type":15,"Integer":0,"String":"c","Interface":null}}
2025-08-15T22:13:49.040-0500	DEBUG	protocol/handler.go:1649	have all messages and processed	{"{round 20 3  <nil>}": {"Key":"self","Type":15,"Integer":0,"String":"a","Interface":null}}
2025-08-15T22:13:49.040-0500	DEBUG	protocol/handler.go:596	round already finalized
2025-08-15T22:13:49.022-0500	DEBUG	protocol/handler.go:581	tryAdvanceRound called	{"{current_round 20 3  <nil>}": {"Key":"self","Type":15,"Integer":0,"String":"b","Interface":null}}
2025-08-15T22:13:49.041-0500	DEBUG	protocol/handler.go:1591	have processed broadcast	{"{round 20 3  <nil>}": {"Key":"from","Type":15,"Integer":0,"String":"a","Interface":null}}
2025-08-15T22:13:49.041-0500	DEBUG	protocol/handler.go:1591	have processed broadcast	{"{round 20 3  <nil>}": {"Key":"from","Type":15,"Integer":0,"String":"c","Interface":null}}
2025-08-15T22:13:49.041-0500	DEBUG	protocol/handler.go:1649	have all messages and processed	{"{round 20 3  <nil>}": {"Key":"self","Type":15,"Integer":0,"String":"b","Interface":null}}
2025-08-15T22:13:49.041-0500	DEBUG	protocol/handler.go:596	round already finalized
2025-08-15T22:13:49.041-0500	DEBUG	protocol/handler.go:581	tryAdvanceRound called	{"{current_round 20 3  <nil>}": {"Key":"self","Type":15,"Integer":0,"String":"b","Interface":null}}
2025-08-15T22:13:49.041-0500	DEBUG	protocol/handler.go:1591	have processed broadcast	{"{round 20 3  <nil>}": {"Key":"from","Type":15,"Integer":0,"String":"a","Interface":null}}
2025-08-15T22:13:49.041-0500	DEBUG	protocol/handler.go:1591	have processed broadcast	{"{round 20 3  <nil>}": {"Key":"from","Type":15,"Integer":0,"String":"c","Interface":null}}
2025-08-15T22:13:49.041-0500	DEBUG	protocol/handler.go:1649	have all messages and processed	{"{round 20 3  <nil>}": {"Key":"self","Type":15,"Integer":0,"String":"b","Interface":null}}
2025-08-15T22:13:49.041-0500	DEBUG	protocol/handler.go:596	round already finalized
2025-08-15T22:13:49.047-0500	DEBUG	protocol/handler.go:581	tryAdvanceRound called	{"{current_round 20 3  <nil>}": {"Key":"self","Type":15,"Integer":0,"String":"a","Interface":null}}
2025-08-15T22:13:49.047-0500	DEBUG	protocol/handler.go:1591	have processed broadcast	{"{round 20 3  <nil>}": {"Key":"from","Type":15,"Integer":0,"String":"b","Interface":null}}
2025-08-15T22:13:49.047-0500	DEBUG	protocol/handler.go:1591	have processed broadcast	{"{round 20 3  <nil>}": {"Key":"from","Type":15,"Integer":0,"String":"c","Interface":null}}
2025-08-15T22:13:49.047-0500	DEBUG	protocol/handler.go:1649	have all messages and processed	{"{round 20 3  <nil>}": {"Key":"self","Type":15,"Integer":0,"String":"a","Interface":null}}
2025-08-15T22:13:49.047-0500	DEBUG	protocol/handler.go:596	round already finalized
2025-08-15T22:13:49.068-0500	DEBUG	protocol/handler.go:581	tryAdvanceRound called	{"{current_round 20 2  <nil>}": {"Key":"self","Type":15,"Integer":0,"String":"a","Interface":null}}
2025-08-15T22:13:49.069-0500	DEBUG	protocol/handler.go:1600	waiting for broadcasts	{"{round 20 2  <nil>}": {"Key":"missing","Type":15,"Integer":0,"String":"[b]","Interface":null}}
2025-08-15T22:13:49.069-0500	DEBUG	protocol/handler.go:581	tryAdvanceRound called	{"{current_round 20 3  <nil>}": {"Key":"self","Type":15,"Integer":0,"String":"a","Interface":null}}
2025-08-15T22:13:49.069-0500	DEBUG	protocol/handler.go:581	tryAdvanceRound called	{"{current_round 20 2  <nil>}": {"Key":"self","Type":15,"Integer":0,"String":"a","Interface":null}}
2025-08-15T22:13:49.069-0500	DEBUG	protocol/handler.go:1591	have processed broadcast	{"{round 20 3  <nil>}": {"Key":"from","Type":15,"Integer":0,"String":"b","Interface":null}}
2025-08-15T22:13:49.069-0500	DEBUG	protocol/handler.go:1600	waiting for broadcasts	{"{round 20 2  <nil>}": {"Key":"missing","Type":15,"Integer":0,"String":"[b]","Interface":null}}
2025-08-15T22:13:49.069-0500	DEBUG	protocol/handler.go:1591	have processed broadcast	{"{round 20 3  <nil>}": {"Key":"from","Type":15,"Integer":0,"String":"c","Interface":null}}
2025-08-15T22:13:49.069-0500	DEBUG	protocol/handler.go:581	tryAdvanceRound called	{"{current_round 20 3  <nil>}": {"Key":"self","Type":15,"Integer":0,"String":"c","Interface":null}}
2025-08-15T22:13:49.069-0500	DEBUG	protocol/handler.go:1649	have all messages and processed	{"{round 20 3  <nil>}": {"Key":"self","Type":15,"Integer":0,"String":"a","Interface":null}}
2025-08-15T22:13:49.069-0500	DEBUG	protocol/handler.go:596	round already finalized
2025-08-15T22:13:49.069-0500	DEBUG	protocol/handler.go:1591	have processed broadcast	{"{round 20 3  <nil>}": {"Key":"from","Type":15,"Integer":0,"String":"a","Interface":null}}
2025-08-15T22:13:49.069-0500	DEBUG	protocol/handler.go:581	tryAdvanceRound called	{"{current_round 20 3  <nil>}": {"Key":"self","Type":15,"Integer":0,"String":"b","Interface":null}}
2025-08-15T22:13:49.069-0500	DEBUG	protocol/handler.go:1591	have processed broadcast	{"{round 20 3  <nil>}": {"Key":"from","Type":15,"Integer":0,"String":"b","Interface":null}}
2025-08-15T22:13:49.069-0500	DEBUG	protocol/handler.go:1591	have processed broadcast	{"{round 20 3  <nil>}": {"Key":"from","Type":15,"Integer":0,"String":"a","Interface":null}}
2025-08-15T22:13:49.069-0500	DEBUG	protocol/handler.go:1591	have processed broadcast	{"{round 20 3  <nil>}": {"Key":"from","Type":15,"Integer":0,"String":"c","Interface":null}}
2025-08-15T22:13:49.069-0500	DEBUG	protocol/handler.go:1649	have all messages and processed	{"{round 20 3  <nil>}": {"Key":"self","Type":15,"Integer":0,"String":"b","Interface":null}}
2025-08-15T22:13:49.069-0500	DEBUG	protocol/handler.go:596	round already finalized
2025-08-15T22:13:49.069-0500	DEBUG	protocol/handler.go:1649	have all messages and processed	{"{round 20 3  <nil>}": {"Key":"self","Type":15,"Integer":0,"String":"c","Interface":null}}
2025-08-15T22:13:49.069-0500	DEBUG	protocol/handler.go:596	round already finalized
2025-08-15T22:13:49.069-0500	DEBUG	protocol/handler.go:581	tryAdvanceRound called	{"{current_round 20 3  <nil>}": {"Key":"self","Type":15,"Integer":0,"String":"c","Interface":null}}
2025-08-15T22:13:49.069-0500	DEBUG	protocol/handler.go:1591	have processed broadcast	{"{round 20 3  <nil>}": {"Key":"from","Type":15,"Integer":0,"String":"a","Interface":null}}
2025-08-15T22:13:49.069-0500	DEBUG	protocol/handler.go:1591	have processed broadcast	{"{round 20 3  <nil>}": {"Key":"from","Type":15,"Integer":0,"String":"b","Interface":null}}
2025-08-15T22:13:49.069-0500	DEBUG	protocol/handler.go:1649	have all messages and processed	{"{round 20 3  <nil>}": {"Key":"self","Type":15,"Integer":0,"String":"c","Interface":null}}
2025-08-15T22:13:49.069-0500	DEBUG	protocol/handler.go:596	round already finalized
2025-08-15T22:13:49.088-0500	DEBUG	protocol/handler.go:581	tryAdvanceRound called	{"{current_round 20 2  <nil>}": {"Key":"self","Type":15,"Integer":0,"String":"a","Interface":null}}
2025-08-15T22:13:49.088-0500	DEBUG	protocol/handler.go:1600	waiting for broadcasts	{"{round 20 2  <nil>}": {"Key":"missing","Type":15,"Integer":0,"String":"[b]","Interface":null}}
2025-08-15T22:13:49.087-0500	DEBUG	protocol/handler.go:581	tryAdvanceRound called	{"{current_round 20 3  <nil>}": {"Key":"self","Type":15,"Integer":0,"String":"b","Interface":null}}
2025-08-15T22:13:49.088-0500	DEBUG	protocol/handler.go:1591	have processed broadcast	{"{round 20 3  <nil>}": {"Key":"from","Type":15,"Integer":0,"String":"a","Interface":null}}
2025-08-15T22:13:49.089-0500	DEBUG	protocol/handler.go:1591	have processed broadcast	{"{round 20 3  <nil>}": {"Key":"from","Type":15,"Integer":0,"String":"c","Interface":null}}
2025-08-15T22:13:49.089-0500	DEBUG	protocol/handler.go:1649	have all messages and processed	{"{round 20 3  <nil>}": {"Key":"self","Type":15,"Integer":0,"String":"b","Interface":null}}
2025-08-15T22:13:49.089-0500	DEBUG	protocol/handler.go:596	round already finalized
2025-08-15T22:13:49.094-0500	DEBUG	protocol/handler.go:581	tryAdvanceRound called	{"{current_round 20 3  <nil>}": {"Key":"self","Type":15,"Integer":0,"String":"b","Interface":null}}
2025-08-15T22:13:49.094-0500	DEBUG	protocol/handler.go:1591	have processed broadcast	{"{round 20 3  <nil>}": {"Key":"from","Type":15,"Integer":0,"String":"a","Interface":null}}
2025-08-15T22:13:49.095-0500	DEBUG	protocol/handler.go:1591	have processed broadcast	{"{round 20 3  <nil>}": {"Key":"from","Type":15,"Integer":0,"String":"c","Interface":null}}
2025-08-15T22:13:49.095-0500	DEBUG	protocol/handler.go:1649	have all messages and processed	{"{round 20 3  <nil>}": {"Key":"self","Type":15,"Integer":0,"String":"b","Interface":null}}
2025-08-15T22:13:49.095-0500	DEBUG	protocol/handler.go:596	round already finalized
2025-08-15T22:13:49.101-0500	DEBUG	protocol/handler.go:581	tryAdvanceRound called	{"{current_round 20 2  <nil>}": {"Key":"self","Type":15,"Integer":0,"String":"a","Interface":null}}
2025-08-15T22:13:49.101-0500	DEBUG	protocol/handler.go:581	tryAdvanceRound called	{"{current_round 20 3  <nil>}": {"Key":"self","Type":15,"Integer":0,"String":"b","Interface":null}}
2025-08-15T22:13:49.101-0500	DEBUG	protocol/handler.go:1600	waiting for broadcasts	{"{round 20 2  <nil>}": {"Key":"missing","Type":15,"Integer":0,"String":"[b]","Interface":null}}
2025-08-15T22:13:49.101-0500	DEBUG	protocol/handler.go:1591	have processed broadcast	{"{round 20 3  <nil>}": {"Key":"from","Type":15,"Integer":0,"String":"a","Interface":null}}
2025-08-15T22:13:49.101-0500	DEBUG	protocol/handler.go:1591	have processed broadcast	{"{round 20 3  <nil>}": {"Key":"from","Type":15,"Integer":0,"String":"c","Interface":null}}
2025-08-15T22:13:49.101-0500	DEBUG	protocol/handler.go:1649	have all messages and processed	{"{round 20 3  <nil>}": {"Key":"self","Type":15,"Integer":0,"String":"b","Interface":null}}
2025-08-15T22:13:49.101-0500	DEBUG	protocol/handler.go:596	round already finalized
2025-08-15T22:13:49.113-0500	DEBUG	protocol/handler.go:581	tryAdvanceRound called	{"{current_round 20 2  <nil>}": {"Key":"self","Type":15,"Integer":0,"String":"a","Interface":null}}
2025-08-15T22:13:49.113-0500	DEBUG	protocol/handler.go:1600	waiting for broadcasts	{"{round 20 2  <nil>}": {"Key":"missing","Type":15,"Integer":0,"String":"[b]","Interface":null}}
2025-08-15T22:13:49.087-0500	DEBUG	protocol/handler.go:581	tryAdvanceRound called	{"{current_round 20 3  <nil>}": {"Key":"self","Type":15,"Integer":0,"String":"c","Interface":null}}
2025-08-15T22:13:49.113-0500	DEBUG	protocol/handler.go:1591	have processed broadcast	{"{round 20 3  <nil>}": {"Key":"from","Type":15,"Integer":0,"String":"a","Interface":null}}
2025-08-15T22:13:49.113-0500	DEBUG	protocol/handler.go:1591	have processed broadcast	{"{round 20 3  <nil>}": {"Key":"from","Type":15,"Integer":0,"String":"b","Interface":null}}
2025-08-15T22:13:49.113-0500	DEBUG	protocol/handler.go:1649	have all messages and processed	{"{round 20 3  <nil>}": {"Key":"self","Type":15,"Integer":0,"String":"c","Interface":null}}
2025-08-15T22:13:49.113-0500	DEBUG	protocol/handler.go:596	round already finalized
2025-08-15T22:13:49.113-0500	DEBUG	protocol/handler.go:581	tryAdvanceRound called	{"{current_round 20 3  <nil>}": {"Key":"self","Type":15,"Integer":0,"String":"c","Interface":null}}
2025-08-15T22:13:49.113-0500	DEBUG	protocol/handler.go:1591	have processed broadcast	{"{round 20 3  <nil>}": {"Key":"from","Type":15,"Integer":0,"String":"a","Interface":null}}
2025-08-15T22:13:49.113-0500	DEBUG	protocol/handler.go:1591	have processed broadcast	{"{round 20 3  <nil>}": {"Key":"from","Type":15,"Integer":0,"String":"b","Interface":null}}
2025-08-15T22:13:49.113-0500	DEBUG	protocol/handler.go:1649	have all messages and processed	{"{round 20 3  <nil>}": {"Key":"self","Type":15,"Integer":0,"String":"c","Interface":null}}
2025-08-15T22:13:49.113-0500	DEBUG	protocol/handler.go:596	round already finalized
2025-08-15T22:13:49.087-0500	DEBUG	protocol/handler.go:581	tryAdvanceRound called	{"{current_round 20 3  <nil>}": {"Key":"self","Type":15,"Integer":0,"String":"a","Interface":null}}
2025-08-15T22:13:49.114-0500	DEBUG	protocol/handler.go:1591	have processed broadcast	{"{round 20 3  <nil>}": {"Key":"from","Type":15,"Integer":0,"String":"b","Interface":null}}
2025-08-15T22:13:49.114-0500	DEBUG	protocol/handler.go:1591	have processed broadcast	{"{round 20 3  <nil>}": {"Key":"from","Type":15,"Integer":0,"String":"c","Interface":null}}
2025-08-15T22:13:49.114-0500	DEBUG	protocol/handler.go:1649	have all messages and processed	{"{round 20 3  <nil>}": {"Key":"self","Type":15,"Integer":0,"String":"a","Interface":null}}
2025-08-15T22:13:49.114-0500	DEBUG	protocol/handler.go:596	round already finalized
2025-08-15T22:13:49.114-0500	DEBUG	protocol/handler.go:581	tryAdvanceRound called	{"{current_round 20 3  <nil>}": {"Key":"self","Type":15,"Integer":0,"String":"a","Interface":null}}
2025-08-15T22:13:49.114-0500	DEBUG	protocol/handler.go:1591	have processed broadcast	{"{round 20 3  <nil>}": {"Key":"from","Type":15,"Integer":0,"String":"b","Interface":null}}
2025-08-15T22:13:49.114-0500	DEBUG	protocol/handler.go:1591	have processed broadcast	{"{round 20 3  <nil>}": {"Key":"from","Type":15,"Integer":0,"String":"c","Interface":null}}
2025-08-15T22:13:49.114-0500	DEBUG	protocol/handler.go:1649	have all messages and processed	{"{round 20 3  <nil>}": {"Key":"self","Type":15,"Integer":0,"String":"a","Interface":null}}
2025-08-15T22:13:49.114-0500	DEBUG	protocol/handler.go:596	round already finalized
2025-08-15T22:13:49.125-0500	DEBUG	protocol/handler.go:581	tryAdvanceRound called	{"{current_round 20 3  <nil>}": {"Key":"self","Type":15,"Integer":0,"String":"b","Interface":null}}
2025-08-15T22:13:49.125-0500	DEBUG	protocol/handler.go:1591	have processed broadcast	{"{round 20 3  <nil>}": {"Key":"from","Type":15,"Integer":0,"String":"a","Interface":null}}
2025-08-15T22:13:49.126-0500	DEBUG	protocol/handler.go:1591	have processed broadcast	{"{round 20 3  <nil>}": {"Key":"from","Type":15,"Integer":0,"String":"c","Interface":null}}
2025-08-15T22:13:49.126-0500	DEBUG	protocol/handler.go:1649	have all messages and processed	{"{round 20 3  <nil>}": {"Key":"self","Type":15,"Integer":0,"String":"b","Interface":null}}
2025-08-15T22:13:49.127-0500	DEBUG	protocol/handler.go:596	round already finalized
2025-08-15T22:13:49.127-0500	DEBUG	protocol/handler.go:581	tryAdvanceRound called	{"{current_round 20 3  <nil>}": {"Key":"self","Type":15,"Integer":0,"String":"c","Interface":null}}
2025-08-15T22:13:49.127-0500	DEBUG	protocol/handler.go:581	tryAdvanceRound called	{"{current_round 20 2  <nil>}": {"Key":"self","Type":15,"Integer":0,"String":"a","Interface":null}}
2025-08-15T22:13:49.127-0500	DEBUG	protocol/handler.go:1591	have processed broadcast	{"{round 20 3  <nil>}": {"Key":"from","Type":15,"Integer":0,"String":"a","Interface":null}}
2025-08-15T22:13:49.127-0500	DEBUG	protocol/handler.go:1600	waiting for broadcasts	{"{round 20 2  <nil>}": {"Key":"missing","Type":15,"Integer":0,"String":"[b]","Interface":null}}
2025-08-15T22:13:49.127-0500	DEBUG	protocol/handler.go:1591	have processed broadcast	{"{round 20 3  <nil>}": {"Key":"from","Type":15,"Integer":0,"String":"b","Interface":null}}
2025-08-15T22:13:49.127-0500	DEBUG	protocol/handler.go:581	tryAdvanceRound called	{"{current_round 20 3  <nil>}": {"Key":"self","Type":15,"Integer":0,"String":"a","Interface":null}}
2025-08-15T22:13:49.127-0500	DEBUG	protocol/handler.go:1649	have all messages and processed	{"{round 20 3  <nil>}": {"Key":"self","Type":15,"Integer":0,"String":"c","Interface":null}}
2025-08-15T22:13:49.127-0500	DEBUG	protocol/handler.go:1591	have processed broadcast	{"{round 20 3  <nil>}": {"Key":"from","Type":15,"Integer":0,"String":"b","Interface":null}}
2025-08-15T22:13:49.127-0500	DEBUG	protocol/handler.go:596	round already finalized
2025-08-15T22:13:49.127-0500	DEBUG	protocol/handler.go:1591	have processed broadcast	{"{round 20 3  <nil>}": {"Key":"from","Type":15,"Integer":0,"String":"c","Interface":null}}
2025-08-15T22:13:49.127-0500	DEBUG	protocol/handler.go:1649	have all messages and processed	{"{round 20 3  <nil>}": {"Key":"self","Type":15,"Integer":0,"String":"a","Interface":null}}
2025-08-15T22:13:49.127-0500	DEBUG	protocol/handler.go:596	round already finalized
2025-08-15T22:13:49.138-0500	DEBUG	protocol/handler.go:581	tryAdvanceRound called	{"{current_round 20 3  <nil>}": {"Key":"self","Type":15,"Integer":0,"String":"b","Interface":null}}
2025-08-15T22:13:49.138-0500	DEBUG	protocol/handler.go:1591	have processed broadcast	{"{round 20 3  <nil>}": {"Key":"from","Type":15,"Integer":0,"String":"a","Interface":null}}
2025-08-15T22:13:49.139-0500	DEBUG	protocol/handler.go:1591	have processed broadcast	{"{round 20 3  <nil>}": {"Key":"from","Type":15,"Integer":0,"String":"c","Interface":null}}
2025-08-15T22:13:49.139-0500	DEBUG	protocol/handler.go:1649	have all messages and processed	{"{round 20 3  <nil>}": {"Key":"self","Type":15,"Integer":0,"String":"b","Interface":null}}
2025-08-15T22:13:49.139-0500	DEBUG	protocol/handler.go:596	round already finalized
2025-08-15T22:13:49.138-0500	DEBUG	protocol/handler.go:581	tryAdvanceRound called	{"{current_round 20 3  <nil>}": {"Key":"self","Type":15,"Integer":0,"String":"a","Interface":null}}
2025-08-15T22:13:49.139-0500	DEBUG	protocol/handler.go:1591	have processed broadcast	{"{round 20 3  <nil>}": {"Key":"from","Type":15,"Integer":0,"String":"b","Interface":null}}
2025-08-15T22:13:49.139-0500	DEBUG	protocol/handler.go:1591	have processed broadcast	{"{round 20 3  <nil>}": {"Key":"from","Type":15,"Integer":0,"String":"c","Interface":null}}
2025-08-15T22:13:49.139-0500	DEBUG	protocol/handler.go:1649	have all messages and processed	{"{round 20 3  <nil>}": {"Key":"self","Type":15,"Integer":0,"String":"a","Interface":null}}
2025-08-15T22:13:49.139-0500	DEBUG	protocol/handler.go:596	round already finalized
2025-08-15T22:13:49.138-0500	DEBUG	protocol/handler.go:581	tryAdvanceRound called	{"{current_round 20 2  <nil>}": {"Key":"self","Type":15,"Integer":0,"String":"a","Interface":null}}
2025-08-15T22:13:49.159-0500	DEBUG	protocol/handler.go:1600	waiting for broadcasts	{"{round 20 2  <nil>}": {"Key":"missing","Type":15,"Integer":0,"String":"[b]","Interface":null}}
2025-08-15T22:13:49.159-0500	DEBUG	protocol/handler.go:581	tryAdvanceRound called	{"{current_round 20 2  <nil>}": {"Key":"self","Type":15,"Integer":0,"String":"a","Interface":null}}
2025-08-15T22:13:49.159-0500	DEBUG	protocol/handler.go:1600	waiting for broadcasts	{"{round 20 2  <nil>}": {"Key":"missing","Type":15,"Integer":0,"String":"[b]","Interface":null}}
2025-08-15T22:13:49.138-0500	DEBUG	protocol/handler.go:581	tryAdvanceRound called	{"{current_round 20 3  <nil>}": {"Key":"self","Type":15,"Integer":0,"String":"c","Interface":null}}
2025-08-15T22:13:49.159-0500	DEBUG	protocol/handler.go:1591	have processed broadcast	{"{round 20 3  <nil>}": {"Key":"from","Type":15,"Integer":0,"String":"a","Interface":null}}
2025-08-15T22:13:49.159-0500	DEBUG	protocol/handler.go:1591	have processed broadcast	{"{round 20 3  <nil>}": {"Key":"from","Type":15,"Integer":0,"String":"b","Interface":null}}
2025-08-15T22:13:49.159-0500	DEBUG	protocol/handler.go:1649	have all messages and processed	{"{round 20 3  <nil>}": {"Key":"self","Type":15,"Integer":0,"String":"c","Interface":null}}
2025-08-15T22:13:49.159-0500	DEBUG	protocol/handler.go:596	round already finalized
2025-08-15T22:13:49.159-0500	DEBUG	protocol/handler.go:581	tryAdvanceRound called	{"{current_round 20 3  <nil>}": {"Key":"self","Type":15,"Integer":0,"String":"c","Interface":null}}
2025-08-15T22:13:49.160-0500	DEBUG	protocol/handler.go:1591	have processed broadcast	{"{round 20 3  <nil>}": {"Key":"from","Type":15,"Integer":0,"String":"a","Interface":null}}
2025-08-15T22:13:49.160-0500	DEBUG	protocol/handler.go:1591	have processed broadcast	{"{round 20 3  <nil>}": {"Key":"from","Type":15,"Integer":0,"String":"b","Interface":null}}
2025-08-15T22:13:49.160-0500	DEBUG	protocol/handler.go:1649	have all messages and processed	{"{round 20 3  <nil>}": {"Key":"self","Type":15,"Integer":0,"String":"c","Interface":null}}
2025-08-15T22:13:49.160-0500	DEBUG	protocol/handler.go:596	round already finalized
2025-08-15T22:13:49.149-0500	DEBUG	protocol/handler.go:581	tryAdvanceRound called	{"{current_round 20 3  <nil>}": {"Key":"self","Type":15,"Integer":0,"String":"b","Interface":null}}
2025-08-15T22:13:49.160-0500	DEBUG	protocol/handler.go:1591	have processed broadcast	{"{round 20 3  <nil>}": {"Key":"from","Type":15,"Integer":0,"String":"a","Interface":null}}
2025-08-15T22:13:49.160-0500	DEBUG	protocol/handler.go:1591	have processed broadcast	{"{round 20 3  <nil>}": {"Key":"from","Type":15,"Integer":0,"String":"c","Interface":null}}
2025-08-15T22:13:49.160-0500	DEBUG	protocol/handler.go:581	tryAdvanceRound called	{"{current_round 20 3  <nil>}": {"Key":"self","Type":15,"Integer":0,"String":"a","Interface":null}}
2025-08-15T22:13:49.160-0500	DEBUG	protocol/handler.go:1649	have all messages and processed	{"{round 20 3  <nil>}": {"Key":"self","Type":15,"Integer":0,"String":"b","Interface":null}}
2025-08-15T22:13:49.160-0500	DEBUG	protocol/handler.go:596	round already finalized
2025-08-15T22:13:49.160-0500	DEBUG	protocol/handler.go:1591	have processed broadcast	{"{round 20 3  <nil>}": {"Key":"from","Type":15,"Integer":0,"String":"b","Interface":null}}
2025-08-15T22:13:49.160-0500	DEBUG	protocol/handler.go:1591	have processed broadcast	{"{round 20 3  <nil>}": {"Key":"from","Type":15,"Integer":0,"String":"c","Interface":null}}
2025-08-15T22:13:49.160-0500	DEBUG	protocol/handler.go:1649	have all messages and processed	{"{round 20 3  <nil>}": {"Key":"self","Type":15,"Integer":0,"String":"a","Interface":null}}
2025-08-15T22:13:49.160-0500	DEBUG	protocol/handler.go:596	round already finalized
2025-08-15T22:13:49.172-0500	DEBUG	protocol/handler.go:581	tryAdvanceRound called	{"{current_round 20 3  <nil>}": {"Key":"self","Type":15,"Integer":0,"String":"b","Interface":null}}
2025-08-15T22:13:49.172-0500	DEBUG	protocol/handler.go:1591	have processed broadcast	{"{round 20 3  <nil>}": {"Key":"from","Type":15,"Integer":0,"String":"a","Interface":null}}
2025-08-15T22:13:49.173-0500	DEBUG	protocol/handler.go:1591	have processed broadcast	{"{round 20 3  <nil>}": {"Key":"from","Type":15,"Integer":0,"String":"c","Interface":null}}
2025-08-15T22:13:49.173-0500	DEBUG	protocol/handler.go:1649	have all messages and processed	{"{round 20 3  <nil>}": {"Key":"self","Type":15,"Integer":0,"String":"b","Interface":null}}
2025-08-15T22:13:49.173-0500	DEBUG	protocol/handler.go:596	round already finalized
2025-08-15T22:13:49.177-0500	DEBUG	protocol/handler.go:581	tryAdvanceRound called	{"{current_round 20 2  <nil>}": {"Key":"self","Type":15,"Integer":0,"String":"a","Interface":null}}
2025-08-15T22:13:49.177-0500	DEBUG	protocol/handler.go:1600	waiting for broadcasts	{"{round 20 2  <nil>}": {"Key":"missing","Type":15,"Integer":0,"String":"[b]","Interface":null}}
2025-08-15T22:13:49.177-0500	DEBUG	protocol/handler.go:581	tryAdvanceRound called	{"{current_round 20 3  <nil>}": {"Key":"self","Type":15,"Integer":0,"String":"c","Interface":null}}
2025-08-15T22:13:49.177-0500	DEBUG	protocol/handler.go:1591	have processed broadcast	{"{round 20 3  <nil>}": {"Key":"from","Type":15,"Integer":0,"String":"a","Interface":null}}
2025-08-15T22:13:49.177-0500	DEBUG	protocol/handler.go:1591	have processed broadcast	{"{round 20 3  <nil>}": {"Key":"from","Type":15,"Integer":0,"String":"b","Interface":null}}
2025-08-15T22:13:49.177-0500	DEBUG	protocol/handler.go:1649	have all messages and processed	{"{round 20 3  <nil>}": {"Key":"self","Type":15,"Integer":0,"String":"c","Interface":null}}
2025-08-15T22:13:49.177-0500	DEBUG	protocol/handler.go:596	round already finalized
2025-08-15T22:13:49.181-0500	DEBUG	protocol/handler.go:581	tryAdvanceRound called	{"{current_round 20 3  <nil>}": {"Key":"self","Type":15,"Integer":0,"String":"a","Interface":null}}
2025-08-15T22:13:49.183-0500	DEBUG	protocol/handler.go:1591	have processed broadcast	{"{round 20 3  <nil>}": {"Key":"from","Type":15,"Integer":0,"String":"b","Interface":null}}
2025-08-15T22:13:49.184-0500	DEBUG	protocol/handler.go:1591	have processed broadcast	{"{round 20 3  <nil>}": {"Key":"from","Type":15,"Integer":0,"String":"c","Interface":null}}
2025-08-15T22:13:49.184-0500	DEBUG	protocol/handler.go:1649	have all messages and processed	{"{round 20 3  <nil>}": {"Key":"self","Type":15,"Integer":0,"String":"a","Interface":null}}
2025-08-15T22:13:49.184-0500	DEBUG	protocol/handler.go:596	round already finalized
2025-08-15T22:13:49.185-0500	DEBUG	protocol/handler.go:581	tryAdvanceRound called	{"{current_round 20 3  <nil>}": {"Key":"self","Type":15,"Integer":0,"String":"b","Interface":null}}
2025-08-15T22:13:49.185-0500	DEBUG	protocol/handler.go:1591	have processed broadcast	{"{round 20 3  <nil>}": {"Key":"from","Type":15,"Integer":0,"String":"a","Interface":null}}
2025-08-15T22:13:49.185-0500	DEBUG	protocol/handler.go:1591	have processed broadcast	{"{round 20 3  <nil>}": {"Key":"from","Type":15,"Integer":0,"String":"c","Interface":null}}
2025-08-15T22:13:49.185-0500	DEBUG	protocol/handler.go:1649	have all messages and processed	{"{round 20 3  <nil>}": {"Key":"self","Type":15,"Integer":0,"String":"b","Interface":null}}
2025-08-15T22:13:49.185-0500	DEBUG	protocol/handler.go:596	round already finalized
2025-08-15T22:13:49.209-0500	DEBUG	protocol/handler.go:581	tryAdvanceRound called	{"{current_round 20 3  <nil>}": {"Key":"self","Type":15,"Integer":0,"String":"c","Interface":null}}
2025-08-15T22:13:49.209-0500	DEBUG	protocol/handler.go:1591	have processed broadcast	{"{round 20 3  <nil>}": {"Key":"from","Type":15,"Integer":0,"String":"a","Interface":null}}
2025-08-15T22:13:49.209-0500	DEBUG	protocol/handler.go:1591	have processed broadcast	{"{round 20 3  <nil>}": {"Key":"from","Type":15,"Integer":0,"String":"b","Interface":null}}
2025-08-15T22:13:49.209-0500	DEBUG	protocol/handler.go:581	tryAdvanceRound called	{"{current_round 20 3  <nil>}": {"Key":"self","Type":15,"Integer":0,"String":"b","Interface":null}}
2025-08-15T22:13:49.209-0500	DEBUG	protocol/handler.go:1649	have all messages and processed	{"{round 20 3  <nil>}": {"Key":"self","Type":15,"Integer":0,"String":"c","Interface":null}}
2025-08-15T22:13:49.209-0500	DEBUG	protocol/handler.go:596	round already finalized
2025-08-15T22:13:49.209-0500	DEBUG	protocol/handler.go:1591	have processed broadcast	{"{round 20 3  <nil>}": {"Key":"from","Type":15,"Integer":0,"String":"a","Interface":null}}
2025-08-15T22:13:49.209-0500	DEBUG	protocol/handler.go:581	tryAdvanceRound called	{"{current_round 20 3  <nil>}": {"Key":"self","Type":15,"Integer":0,"String":"c","Interface":null}}
2025-08-15T22:13:49.209-0500	DEBUG	protocol/handler.go:1591	have processed broadcast	{"{round 20 3  <nil>}": {"Key":"from","Type":15,"Integer":0,"String":"c","Interface":null}}
2025-08-15T22:13:49.209-0500	DEBUG	protocol/handler.go:1591	have processed broadcast	{"{round 20 3  <nil>}": {"Key":"from","Type":15,"Integer":0,"String":"a","Interface":null}}
2025-08-15T22:13:49.209-0500	DEBUG	protocol/handler.go:1649	have all messages and processed	{"{round 20 3  <nil>}": {"Key":"self","Type":15,"Integer":0,"String":"b","Interface":null}}
2025-08-15T22:13:49.209-0500	DEBUG	protocol/handler.go:596	round already finalized
2025-08-15T22:13:49.209-0500	DEBUG	protocol/handler.go:1591	have processed broadcast	{"{round 20 3  <nil>}": {"Key":"from","Type":15,"Integer":0,"String":"b","Interface":null}}
2025-08-15T22:13:49.209-0500	DEBUG	protocol/handler.go:1649	have all messages and processed	{"{round 20 3  <nil>}": {"Key":"self","Type":15,"Integer":0,"String":"c","Interface":null}}
2025-08-15T22:13:49.209-0500	DEBUG	protocol/handler.go:596	round already finalized
2025-08-15T22:13:49.209-0500	DEBUG	protocol/handler.go:581	tryAdvanceRound called	{"{current_round 20 2  <nil>}": {"Key":"self","Type":15,"Integer":0,"String":"a","Interface":null}}
2025-08-15T22:13:49.209-0500	DEBUG	protocol/handler.go:1600	waiting for broadcasts	{"{round 20 2  <nil>}": {"Key":"missing","Type":15,"Integer":0,"String":"[b]","Interface":null}}
2025-08-15T22:13:49.234-0500	DEBUG	protocol/handler.go:581	tryAdvanceRound called	{"{current_round 20 3  <nil>}": {"Key":"self","Type":15,"Integer":0,"String":"b","Interface":null}}
2025-08-15T22:13:49.234-0500	DEBUG	protocol/handler.go:581	tryAdvanceRound called	{"{current_round 20 2  <nil>}": {"Key":"self","Type":15,"Integer":0,"String":"a","Interface":null}}
2025-08-15T22:13:49.234-0500	DEBUG	protocol/handler.go:1591	have processed broadcast	{"{round 20 3  <nil>}": {"Key":"from","Type":15,"Integer":0,"String":"a","Interface":null}}
2025-08-15T22:13:49.234-0500	DEBUG	protocol/handler.go:1600	waiting for broadcasts	{"{round 20 2  <nil>}": {"Key":"missing","Type":15,"Integer":0,"String":"[b]","Interface":null}}
2025-08-15T22:13:49.234-0500	DEBUG	protocol/handler.go:1591	have processed broadcast	{"{round 20 3  <nil>}": {"Key":"from","Type":15,"Integer":0,"String":"c","Interface":null}}
2025-08-15T22:13:49.234-0500	DEBUG	protocol/handler.go:581	tryAdvanceRound called	{"{current_round 20 3  <nil>}": {"Key":"self","Type":15,"Integer":0,"String":"c","Interface":null}}
2025-08-15T22:13:49.234-0500	DEBUG	protocol/handler.go:1649	have all messages and processed	{"{round 20 3  <nil>}": {"Key":"self","Type":15,"Integer":0,"String":"b","Interface":null}}
2025-08-15T22:13:49.234-0500	DEBUG	protocol/handler.go:596	round already finalized
2025-08-15T22:13:49.234-0500	DEBUG	protocol/handler.go:581	tryAdvanceRound called	{"{current_round 20 3  <nil>}": {"Key":"self","Type":15,"Integer":0,"String":"a","Interface":null}}
2025-08-15T22:13:49.234-0500	DEBUG	protocol/handler.go:1591	have processed broadcast	{"{round 20 3  <nil>}": {"Key":"from","Type":15,"Integer":0,"String":"a","Interface":null}}
2025-08-15T22:13:49.234-0500	DEBUG	protocol/handler.go:1591	have processed broadcast	{"{round 20 3  <nil>}": {"Key":"from","Type":15,"Integer":0,"String":"b","Interface":null}}
2025-08-15T22:13:49.234-0500	DEBUG	protocol/handler.go:1591	have processed broadcast	{"{round 20 3  <nil>}": {"Key":"from","Type":15,"Integer":0,"String":"b","Interface":null}}
2025-08-15T22:13:49.234-0500	DEBUG	protocol/handler.go:1649	have all messages and processed	{"{round 20 3  <nil>}": {"Key":"self","Type":15,"Integer":0,"String":"c","Interface":null}}
2025-08-15T22:13:49.234-0500	DEBUG	protocol/handler.go:1591	have processed broadcast	{"{round 20 3  <nil>}": {"Key":"from","Type":15,"Integer":0,"String":"c","Interface":null}}
2025-08-15T22:13:49.234-0500	DEBUG	protocol/handler.go:1649	have all messages and processed	{"{round 20 3  <nil>}": {"Key":"self","Type":15,"Integer":0,"String":"a","Interface":null}}
2025-08-15T22:13:49.234-0500	DEBUG	protocol/handler.go:596	round already finalized
2025-08-15T22:13:49.234-0500	DEBUG	protocol/handler.go:581	tryAdvanceRound called	{"{current_round 20 3  <nil>}": {"Key":"self","Type":15,"Integer":0,"String":"a","Interface":null}}
2025-08-15T22:13:49.234-0500	DEBUG	protocol/handler.go:1591	have processed broadcast	{"{round 20 3  <nil>}": {"Key":"from","Type":15,"Integer":0,"String":"b","Interface":null}}
2025-08-15T22:13:49.235-0500	DEBUG	protocol/handler.go:1591	have processed broadcast	{"{round 20 3  <nil>}": {"Key":"from","Type":15,"Integer":0,"String":"c","Interface":null}}
2025-08-15T22:13:49.235-0500	DEBUG	protocol/handler.go:1649	have all messages and processed	{"{round 20 3  <nil>}": {"Key":"self","Type":15,"Integer":0,"String":"a","Interface":null}}
2025-08-15T22:13:49.235-0500	DEBUG	protocol/handler.go:596	round already finalized
2025-08-15T22:13:49.234-0500	DEBUG	protocol/handler.go:596	round already finalized
2025-08-15T22:13:49.247-0500	DEBUG	protocol/handler.go:581	tryAdvanceRound called	{"{current_round 20 3  <nil>}": {"Key":"self","Type":15,"Integer":0,"String":"c","Interface":null}}
2025-08-15T22:13:49.247-0500	DEBUG	protocol/handler.go:1591	have processed broadcast	{"{round 20 3  <nil>}": {"Key":"from","Type":15,"Integer":0,"String":"a","Interface":null}}
2025-08-15T22:13:49.250-0500	DEBUG	protocol/handler.go:1591	have processed broadcast	{"{round 20 3  <nil>}": {"Key":"from","Type":15,"Integer":0,"String":"b","Interface":null}}
2025-08-15T22:13:49.250-0500	DEBUG	protocol/handler.go:1649	have all messages and processed	{"{round 20 3  <nil>}": {"Key":"self","Type":15,"Integer":0,"String":"c","Interface":null}}
2025-08-15T22:13:49.250-0500	DEBUG	protocol/handler.go:596	round already finalized
2025-08-15T22:13:49.250-0500	DEBUG	protocol/handler.go:581	tryAdvanceRound called	{"{current_round 20 2  <nil>}": {"Key":"self","Type":15,"Integer":0,"String":"a","Interface":null}}
2025-08-15T22:13:49.251-0500	DEBUG	protocol/handler.go:581	tryAdvanceRound called	{"{current_round 20 3  <nil>}": {"Key":"self","Type":15,"Integer":0,"String":"a","Interface":null}}
2025-08-15T22:13:49.251-0500	DEBUG	protocol/handler.go:581	tryAdvanceRound called	{"{current_round 20 3  <nil>}": {"Key":"self","Type":15,"Integer":0,"String":"b","Interface":null}}
2025-08-15T22:13:49.251-0500	DEBUG	protocol/handler.go:1591	have processed broadcast	{"{round 20 3  <nil>}": {"Key":"from","Type":15,"Integer":0,"String":"b","Interface":null}}
2025-08-15T22:13:49.251-0500	DEBUG	protocol/handler.go:1591	have processed broadcast	{"{round 20 3  <nil>}": {"Key":"from","Type":15,"Integer":0,"String":"a","Interface":null}}
2025-08-15T22:13:49.251-0500	DEBUG	protocol/handler.go:1591	have processed broadcast	{"{round 20 3  <nil>}": {"Key":"from","Type":15,"Integer":0,"String":"c","Interface":null}}
2025-08-15T22:13:49.251-0500	DEBUG	protocol/handler.go:1591	have processed broadcast	{"{round 20 3  <nil>}": {"Key":"from","Type":15,"Integer":0,"String":"c","Interface":null}}
2025-08-15T22:13:49.251-0500	DEBUG	protocol/handler.go:1649	have all messages and processed	{"{round 20 3  <nil>}": {"Key":"self","Type":15,"Integer":0,"String":"a","Interface":null}}
2025-08-15T22:13:49.251-0500	DEBUG	protocol/handler.go:596	round already finalized
2025-08-15T22:13:49.250-0500	DEBUG	protocol/handler.go:1600	waiting for broadcasts	{"{round 20 2  <nil>}": {"Key":"missing","Type":15,"Integer":0,"String":"[b]","Interface":null}}
2025-08-15T22:13:49.251-0500	DEBUG	protocol/handler.go:1649	have all messages and processed	{"{round 20 3  <nil>}": {"Key":"self","Type":15,"Integer":0,"String":"b","Interface":null}}
2025-08-15T22:13:49.251-0500	DEBUG	protocol/handler.go:596	round already finalized
2025-08-15T22:13:49.252-0500	DEBUG	protocol/handler.go:581	tryAdvanceRound called	{"{current_round 20 3  <nil>}": {"Key":"self","Type":15,"Integer":0,"String":"c","Interface":null}}
2025-08-15T22:13:49.252-0500	DEBUG	protocol/handler.go:1591	have processed broadcast	{"{round 20 3  <nil>}": {"Key":"from","Type":15,"Integer":0,"String":"a","Interface":null}}
2025-08-15T22:13:49.252-0500	DEBUG	protocol/handler.go:1591	have processed broadcast	{"{round 20 3  <nil>}": {"Key":"from","Type":15,"Integer":0,"String":"b","Interface":null}}
2025-08-15T22:13:49.252-0500	DEBUG	protocol/handler.go:1649	have all messages and processed	{"{round 20 3  <nil>}": {"Key":"self","Type":15,"Integer":0,"String":"c","Interface":null}}
2025-08-15T22:13:49.252-0500	DEBUG	protocol/handler.go:596	round already finalized
2025-08-15T22:13:49.263-0500	DEBUG	protocol/handler.go:581	tryAdvanceRound called	{"{current_round 20 3  <nil>}": {"Key":"self","Type":15,"Integer":0,"String":"a","Interface":null}}
2025-08-15T22:13:49.263-0500	DEBUG	protocol/handler.go:581	tryAdvanceRound called	{"{current_round 20 3  <nil>}": {"Key":"self","Type":15,"Integer":0,"String":"c","Interface":null}}
2025-08-15T22:13:49.263-0500	DEBUG	protocol/handler.go:1591	have processed broadcast	{"{round 20 3  <nil>}": {"Key":"from","Type":15,"Integer":0,"String":"a","Interface":null}}
2025-08-15T22:13:49.263-0500	DEBUG	protocol/handler.go:1591	have processed broadcast	{"{round 20 3  <nil>}": {"Key":"from","Type":15,"Integer":0,"String":"b","Interface":null}}
2025-08-15T22:13:49.263-0500	DEBUG	protocol/handler.go:1591	have processed broadcast	{"{round 20 3  <nil>}": {"Key":"from","Type":15,"Integer":0,"String":"b","Interface":null}}
2025-08-15T22:13:49.264-0500	DEBUG	protocol/handler.go:1591	have processed broadcast	{"{round 20 3  <nil>}": {"Key":"from","Type":15,"Integer":0,"String":"c","Interface":null}}
2025-08-15T22:13:49.264-0500	DEBUG	protocol/handler.go:1649	have all messages and processed	{"{round 20 3  <nil>}": {"Key":"self","Type":15,"Integer":0,"String":"a","Interface":null}}
2025-08-15T22:13:49.264-0500	DEBUG	protocol/handler.go:596	round already finalized
2025-08-15T22:13:49.264-0500	DEBUG	protocol/handler.go:1649	have all messages and processed	{"{round 20 3  <nil>}": {"Key":"self","Type":15,"Integer":0,"String":"c","Interface":null}}
2025-08-15T22:13:49.264-0500	DEBUG	protocol/handler.go:596	round already finalized
2025-08-15T22:13:49.264-0500	DEBUG	protocol/handler.go:581	tryAdvanceRound called	{"{current_round 20 2  <nil>}": {"Key":"self","Type":15,"Integer":0,"String":"a","Interface":null}}
2025-08-15T22:13:49.264-0500	DEBUG	protocol/handler.go:581	tryAdvanceRound called	{"{current_round 20 3  <nil>}": {"Key":"self","Type":15,"Integer":0,"String":"b","Interface":null}}
2025-08-15T22:13:49.265-0500	DEBUG	protocol/handler.go:1591	have processed broadcast	{"{round 20 3  <nil>}": {"Key":"from","Type":15,"Integer":0,"String":"a","Interface":null}}
2025-08-15T22:13:49.265-0500	DEBUG	protocol/handler.go:1591	have processed broadcast	{"{round 20 3  <nil>}": {"Key":"from","Type":15,"Integer":0,"String":"c","Interface":null}}
2025-08-15T22:13:49.265-0500	DEBUG	protocol/handler.go:1649	have all messages and processed	{"{round 20 3  <nil>}": {"Key":"self","Type":15,"Integer":0,"String":"b","Interface":null}}
2025-08-15T22:13:49.265-0500	DEBUG	protocol/handler.go:596	round already finalized
2025-08-15T22:13:49.265-0500	DEBUG	protocol/handler.go:1600	waiting for broadcasts	{"{round 20 2  <nil>}": {"Key":"missing","Type":15,"Integer":0,"String":"[b]","Interface":null}}
2025-08-15T22:13:49.282-0500	DEBUG	protocol/handler.go:581	tryAdvanceRound called	{"{current_round 20 3  <nil>}": {"Key":"self","Type":15,"Integer":0,"String":"a","Interface":null}}
2025-08-15T22:13:49.282-0500	DEBUG	protocol/handler.go:1591	have processed broadcast	{"{round 20 3  <nil>}": {"Key":"from","Type":15,"Integer":0,"String":"b","Interface":null}}
2025-08-15T22:13:49.282-0500	DEBUG	protocol/handler.go:581	tryAdvanceRound called	{"{current_round 20 3  <nil>}": {"Key":"self","Type":15,"Integer":0,"String":"c","Interface":null}}
2025-08-15T22:13:49.282-0500	DEBUG	protocol/handler.go:581	tryAdvanceRound called	{"{current_round 20 3  <nil>}": {"Key":"self","Type":15,"Integer":0,"String":"b","Interface":null}}
2025-08-15T22:13:49.283-0500	DEBUG	protocol/handler.go:1591	have processed broadcast	{"{round 20 3  <nil>}": {"Key":"from","Type":15,"Integer":0,"String":"a","Interface":null}}
2025-08-15T22:13:49.283-0500	DEBUG	protocol/handler.go:1591	have processed broadcast	{"{round 20 3  <nil>}": {"Key":"from","Type":15,"Integer":0,"String":"a","Interface":null}}
2025-08-15T22:13:49.283-0500	DEBUG	protocol/handler.go:1591	have processed broadcast	{"{round 20 3  <nil>}": {"Key":"from","Type":15,"Integer":0,"String":"b","Interface":null}}
2025-08-15T22:13:49.282-0500	DEBUG	protocol/handler.go:1591	have processed broadcast	{"{round 20 3  <nil>}": {"Key":"from","Type":15,"Integer":0,"String":"c","Interface":null}}
2025-08-15T22:13:49.283-0500	DEBUG	protocol/handler.go:1649	have all messages and processed	{"{round 20 3  <nil>}": {"Key":"self","Type":15,"Integer":0,"String":"a","Interface":null}}
2025-08-15T22:13:49.283-0500	DEBUG	protocol/handler.go:596	round already finalized
2025-08-15T22:13:49.283-0500	DEBUG	protocol/handler.go:1591	have processed broadcast	{"{round 20 3  <nil>}": {"Key":"from","Type":15,"Integer":0,"String":"c","Interface":null}}
2025-08-15T22:13:49.283-0500	DEBUG	protocol/handler.go:1649	have all messages and processed	{"{round 20 3  <nil>}": {"Key":"self","Type":15,"Integer":0,"String":"b","Interface":null}}
2025-08-15T22:13:49.283-0500	DEBUG	protocol/handler.go:596	round already finalized
2025-08-15T22:13:49.283-0500	DEBUG	protocol/handler.go:1649	have all messages and processed	{"{round 20 3  <nil>}": {"Key":"self","Type":15,"Integer":0,"String":"c","Interface":null}}
2025-08-15T22:13:49.283-0500	DEBUG	protocol/handler.go:596	round already finalized
2025-08-15T22:13:49.283-0500	DEBUG	protocol/handler.go:581	tryAdvanceRound called	{"{current_round 20 2  <nil>}": {"Key":"self","Type":15,"Integer":0,"String":"a","Interface":null}}
2025-08-15T22:13:49.287-0500	DEBUG	protocol/handler.go:1600	waiting for broadcasts	{"{round 20 2  <nil>}": {"Key":"missing","Type":15,"Integer":0,"String":"[b]","Interface":null}}
2025-08-15T22:13:49.287-0500	DEBUG	protocol/handler.go:581	tryAdvanceRound called	{"{current_round 20 2  <nil>}": {"Key":"self","Type":15,"Integer":0,"String":"a","Interface":null}}
2025-08-15T22:13:49.287-0500	DEBUG	protocol/handler.go:1600	waiting for broadcasts	{"{round 20 2  <nil>}": {"Key":"missing","Type":15,"Integer":0,"String":"[b]","Interface":null}}
2025-08-15T22:13:49.308-0500	DEBUG	protocol/handler.go:581	tryAdvanceRound called	{"{current_round 20 3  <nil>}": {"Key":"self","Type":15,"Integer":0,"String":"a","Interface":null}}
2025-08-15T22:13:49.308-0500	DEBUG	protocol/handler.go:1591	have processed broadcast	{"{round 20 3  <nil>}": {"Key":"from","Type":15,"Integer":0,"String":"b","Interface":null}}
2025-08-15T22:13:49.308-0500	DEBUG	protocol/handler.go:581	tryAdvanceRound called	{"{current_round 20 2  <nil>}": {"Key":"self","Type":15,"Integer":0,"String":"a","Interface":null}}
2025-08-15T22:13:49.308-0500	DEBUG	protocol/handler.go:1591	have processed broadcast	{"{round 20 3  <nil>}": {"Key":"from","Type":15,"Integer":0,"String":"c","Interface":null}}
2025-08-15T22:13:49.308-0500	DEBUG	protocol/handler.go:1649	have all messages and processed	{"{round 20 3  <nil>}": {"Key":"self","Type":15,"Integer":0,"String":"a","Interface":null}}
2025-08-15T22:13:49.308-0500	DEBUG	protocol/handler.go:596	round already finalized
2025-08-15T22:13:49.308-0500	DEBUG	protocol/handler.go:581	tryAdvanceRound called	{"{current_round 20 3  <nil>}": {"Key":"self","Type":15,"Integer":0,"String":"c","Interface":null}}
2025-08-15T22:13:49.308-0500	DEBUG	protocol/handler.go:1591	have processed broadcast	{"{round 20 3  <nil>}": {"Key":"from","Type":15,"Integer":0,"String":"a","Interface":null}}
2025-08-15T22:13:49.308-0500	DEBUG	protocol/handler.go:1591	have processed broadcast	{"{round 20 3  <nil>}": {"Key":"from","Type":15,"Integer":0,"String":"b","Interface":null}}
2025-08-15T22:13:49.308-0500	DEBUG	protocol/handler.go:1649	have all messages and processed	{"{round 20 3  <nil>}": {"Key":"self","Type":15,"Integer":0,"String":"c","Interface":null}}
2025-08-15T22:13:49.308-0500	DEBUG	protocol/handler.go:596	round already finalized
2025-08-15T22:13:49.308-0500	DEBUG	protocol/handler.go:1600	waiting for broadcasts	{"{round 20 2  <nil>}": {"Key":"missing","Type":15,"Integer":0,"String":"[b]","Interface":null}}
2025-08-15T22:13:49.308-0500	DEBUG	protocol/handler.go:581	tryAdvanceRound called	{"{current_round 20 3  <nil>}": {"Key":"self","Type":15,"Integer":0,"String":"b","Interface":null}}
2025-08-15T22:13:49.309-0500	DEBUG	protocol/handler.go:1591	have processed broadcast	{"{round 20 3  <nil>}": {"Key":"from","Type":15,"Integer":0,"String":"a","Interface":null}}
2025-08-15T22:13:49.309-0500	DEBUG	protocol/handler.go:1591	have processed broadcast	{"{round 20 3  <nil>}": {"Key":"from","Type":15,"Integer":0,"String":"c","Interface":null}}
2025-08-15T22:13:49.309-0500	DEBUG	protocol/handler.go:1649	have all messages and processed	{"{round 20 3  <nil>}": {"Key":"self","Type":15,"Integer":0,"String":"b","Interface":null}}
2025-08-15T22:13:49.309-0500	DEBUG	protocol/handler.go:596	round already finalized
2025-08-15T22:13:49.332-0500	DEBUG	protocol/handler.go:581	tryAdvanceRound called	{"{current_round 20 2  <nil>}": {"Key":"self","Type":15,"Integer":0,"String":"a","Interface":null}}
2025-08-15T22:13:49.332-0500	DEBUG	protocol/handler.go:1600	waiting for broadcasts	{"{round 20 2  <nil>}": {"Key":"missing","Type":15,"Integer":0,"String":"[b]","Interface":null}}
2025-08-15T22:13:49.332-0500	DEBUG	protocol/handler.go:581	tryAdvanceRound called	{"{current_round 20 3  <nil>}": {"Key":"self","Type":15,"Integer":0,"String":"a","Interface":null}}
2025-08-15T22:13:49.332-0500	DEBUG	protocol/handler.go:1591	have processed broadcast	{"{round 20 3  <nil>}": {"Key":"from","Type":15,"Integer":0,"String":"b","Interface":null}}
2025-08-15T22:13:49.332-0500	DEBUG	protocol/handler.go:1591	have processed broadcast	{"{round 20 3  <nil>}": {"Key":"from","Type":15,"Integer":0,"String":"c","Interface":null}}
2025-08-15T22:13:49.332-0500	DEBUG	protocol/handler.go:1649	have all messages and processed	{"{round 20 3  <nil>}": {"Key":"self","Type":15,"Integer":0,"String":"a","Interface":null}}
2025-08-15T22:13:49.332-0500	DEBUG	protocol/handler.go:596	round already finalized
2025-08-15T22:13:49.335-0500	DEBUG	protocol/handler.go:581	tryAdvanceRound called	{"{current_round 20 3  <nil>}": {"Key":"self","Type":15,"Integer":0,"String":"b","Interface":null}}
2025-08-15T22:13:49.345-0500	DEBUG	protocol/handler.go:1591	have processed broadcast	{"{round 20 3  <nil>}": {"Key":"from","Type":15,"Integer":0,"String":"a","Interface":null}}
2025-08-15T22:13:49.345-0500	DEBUG	protocol/handler.go:1591	have processed broadcast	{"{round 20 3  <nil>}": {"Key":"from","Type":15,"Integer":0,"String":"c","Interface":null}}
2025-08-15T22:13:49.345-0500	DEBUG	protocol/handler.go:1649	have all messages and processed	{"{round 20 3  <nil>}": {"Key":"self","Type":15,"Integer":0,"String":"b","Interface":null}}
2025-08-15T22:13:49.345-0500	DEBUG	protocol/handler.go:596	round already finalized
2025-08-15T22:13:49.345-0500	DEBUG	protocol/handler.go:581	tryAdvanceRound called	{"{current_round 20 3  <nil>}": {"Key":"self","Type":15,"Integer":0,"String":"b","Interface":null}}
2025-08-15T22:13:49.345-0500	DEBUG	protocol/handler.go:1591	have processed broadcast	{"{round 20 3  <nil>}": {"Key":"from","Type":15,"Integer":0,"String":"a","Interface":null}}
2025-08-15T22:13:49.345-0500	DEBUG	protocol/handler.go:1591	have processed broadcast	{"{round 20 3  <nil>}": {"Key":"from","Type":15,"Integer":0,"String":"c","Interface":null}}
2025-08-15T22:13:49.345-0500	DEBUG	protocol/handler.go:1649	have all messages and processed	{"{round 20 3  <nil>}": {"Key":"self","Type":15,"Integer":0,"String":"b","Interface":null}}
2025-08-15T22:13:49.345-0500	DEBUG	protocol/handler.go:596	round already finalized
2025-08-15T22:13:49.348-0500	DEBUG	protocol/handler.go:581	tryAdvanceRound called	{"{current_round 20 2  <nil>}": {"Key":"self","Type":15,"Integer":0,"String":"a","Interface":null}}
2025-08-15T22:13:49.347-0500	DEBUG	protocol/handler.go:581	tryAdvanceRound called	{"{current_round 20 3  <nil>}": {"Key":"self","Type":15,"Integer":0,"String":"c","Interface":null}}
2025-08-15T22:13:49.348-0500	DEBUG	protocol/handler.go:1600	waiting for broadcasts	{"{round 20 2  <nil>}": {"Key":"missing","Type":15,"Integer":0,"String":"[b]","Interface":null}}
2025-08-15T22:13:49.348-0500	DEBUG	protocol/handler.go:1591	have processed broadcast	{"{round 20 3  <nil>}": {"Key":"from","Type":15,"Integer":0,"String":"a","Interface":null}}
2025-08-15T22:13:49.348-0500	DEBUG	protocol/handler.go:581	tryAdvanceRound called	{"{current_round 20 3  <nil>}": {"Key":"self","Type":15,"Integer":0,"String":"a","Interface":null}}
2025-08-15T22:13:49.348-0500	DEBUG	protocol/handler.go:1591	have processed broadcast	{"{round 20 3  <nil>}": {"Key":"from","Type":15,"Integer":0,"String":"b","Interface":null}}
2025-08-15T22:13:49.348-0500	DEBUG	protocol/handler.go:1591	have processed broadcast	{"{round 20 3  <nil>}": {"Key":"from","Type":15,"Integer":0,"String":"b","Interface":null}}
2025-08-15T22:13:49.348-0500	DEBUG	protocol/handler.go:1649	have all messages and processed	{"{round 20 3  <nil>}": {"Key":"self","Type":15,"Integer":0,"String":"c","Interface":null}}
2025-08-15T22:13:49.348-0500	DEBUG	protocol/handler.go:596	round already finalized
2025-08-15T22:13:49.348-0500	DEBUG	protocol/handler.go:1591	have processed broadcast	{"{round 20 3  <nil>}": {"Key":"from","Type":15,"Integer":0,"String":"c","Interface":null}}
2025-08-15T22:13:49.348-0500	DEBUG	protocol/handler.go:581	tryAdvanceRound called	{"{current_round 20 3  <nil>}": {"Key":"self","Type":15,"Integer":0,"String":"c","Interface":null}}
2025-08-15T22:13:49.348-0500	DEBUG	protocol/handler.go:1649	have all messages and processed	{"{round 20 3  <nil>}": {"Key":"self","Type":15,"Integer":0,"String":"a","Interface":null}}
2025-08-15T22:13:49.348-0500	DEBUG	protocol/handler.go:596	round already finalized
2025-08-15T22:13:49.348-0500	DEBUG	protocol/handler.go:1591	have processed broadcast	{"{round 20 3  <nil>}": {"Key":"from","Type":15,"Integer":0,"String":"a","Interface":null}}
2025-08-15T22:13:49.348-0500	DEBUG	protocol/handler.go:1591	have processed broadcast	{"{round 20 3  <nil>}": {"Key":"from","Type":15,"Integer":0,"String":"b","Interface":null}}
2025-08-15T22:13:49.348-0500	DEBUG	protocol/handler.go:1649	have all messages and processed	{"{round 20 3  <nil>}": {"Key":"self","Type":15,"Integer":0,"String":"c","Interface":null}}
2025-08-15T22:13:49.348-0500	DEBUG	protocol/handler.go:596	round already finalized
2025-08-15T22:13:49.354-0500	DEBUG	protocol/handler.go:581	tryAdvanceRound called	{"{current_round 20 3  <nil>}": {"Key":"self","Type":15,"Integer":0,"String":"c","Interface":null}}
2025-08-15T22:13:49.354-0500	DEBUG	protocol/handler.go:581	tryAdvanceRound called	{"{current_round 20 3  <nil>}": {"Key":"self","Type":15,"Integer":0,"String":"b","Interface":null}}
2025-08-15T22:13:49.354-0500	DEBUG	protocol/handler.go:1591	have processed broadcast	{"{round 20 3  <nil>}": {"Key":"from","Type":15,"Integer":0,"String":"a","Interface":null}}
2025-08-15T22:13:49.354-0500	DEBUG	protocol/handler.go:1591	have processed broadcast	{"{round 20 3  <nil>}": {"Key":"from","Type":15,"Integer":0,"String":"a","Interface":null}}
2025-08-15T22:13:49.354-0500	DEBUG	protocol/handler.go:1591	have processed broadcast	{"{round 20 3  <nil>}": {"Key":"from","Type":15,"Integer":0,"String":"b","Interface":null}}
2025-08-15T22:13:49.354-0500	DEBUG	protocol/handler.go:1591	have processed broadcast	{"{round 20 3  <nil>}": {"Key":"from","Type":15,"Integer":0,"String":"c","Interface":null}}
2025-08-15T22:13:49.354-0500	DEBUG	protocol/handler.go:1649	have all messages and processed	{"{round 20 3  <nil>}": {"Key":"self","Type":15,"Integer":0,"String":"c","Interface":null}}
2025-08-15T22:13:49.354-0500	DEBUG	protocol/handler.go:596	round already finalized
2025-08-15T22:13:49.354-0500	DEBUG	protocol/handler.go:1649	have all messages and processed	{"{round 20 3  <nil>}": {"Key":"self","Type":15,"Integer":0,"String":"b","Interface":null}}
2025-08-15T22:13:49.355-0500	DEBUG	protocol/handler.go:596	round already finalized
2025-08-15T22:13:49.361-0500	DEBUG	protocol/handler.go:581	tryAdvanceRound called	{"{current_round 20 3  <nil>}": {"Key":"self","Type":15,"Integer":0,"String":"b","Interface":null}}
2025-08-15T22:13:49.363-0500	DEBUG	protocol/handler.go:1591	have processed broadcast	{"{round 20 3  <nil>}": {"Key":"from","Type":15,"Integer":0,"String":"a","Interface":null}}
2025-08-15T22:13:49.363-0500	DEBUG	protocol/handler.go:1591	have processed broadcast	{"{round 20 3  <nil>}": {"Key":"from","Type":15,"Integer":0,"String":"c","Interface":null}}
2025-08-15T22:13:49.363-0500	DEBUG	protocol/handler.go:1649	have all messages and processed	{"{round 20 3  <nil>}": {"Key":"self","Type":15,"Integer":0,"String":"b","Interface":null}}
2025-08-15T22:13:49.363-0500	DEBUG	protocol/handler.go:596	round already finalized
2025-08-15T22:13:49.361-0500	DEBUG	protocol/handler.go:581	tryAdvanceRound called	{"{current_round 20 2  <nil>}": {"Key":"self","Type":15,"Integer":0,"String":"a","Interface":null}}
2025-08-15T22:13:49.363-0500	DEBUG	protocol/handler.go:1600	waiting for broadcasts	{"{round 20 2  <nil>}": {"Key":"missing","Type":15,"Integer":0,"String":"[b]","Interface":null}}
2025-08-15T22:13:49.361-0500	DEBUG	protocol/handler.go:581	tryAdvanceRound called	{"{current_round 20 3  <nil>}": {"Key":"self","Type":15,"Integer":0,"String":"a","Interface":null}}
2025-08-15T22:13:49.363-0500	DEBUG	protocol/handler.go:1591	have processed broadcast	{"{round 20 3  <nil>}": {"Key":"from","Type":15,"Integer":0,"String":"b","Interface":null}}
2025-08-15T22:13:49.363-0500	DEBUG	protocol/handler.go:1591	have processed broadcast	{"{round 20 3  <nil>}": {"Key":"from","Type":15,"Integer":0,"String":"c","Interface":null}}
2025-08-15T22:13:49.363-0500	DEBUG	protocol/handler.go:1649	have all messages and processed	{"{round 20 3  <nil>}": {"Key":"self","Type":15,"Integer":0,"String":"a","Interface":null}}
2025-08-15T22:13:49.363-0500	DEBUG	protocol/handler.go:596	round already finalized
2025-08-15T22:13:49.374-0500	DEBUG	protocol/handler.go:581	tryAdvanceRound called	{"{current_round 20 3  <nil>}": {"Key":"self","Type":15,"Integer":0,"String":"b","Interface":null}}
2025-08-15T22:13:49.374-0500	DEBUG	protocol/handler.go:1591	have processed broadcast	{"{round 20 3  <nil>}": {"Key":"from","Type":15,"Integer":0,"String":"a","Interface":null}}
2025-08-15T22:13:49.374-0500	DEBUG	protocol/handler.go:1591	have processed broadcast	{"{round 20 3  <nil>}": {"Key":"from","Type":15,"Integer":0,"String":"c","Interface":null}}
2025-08-15T22:13:49.374-0500	DEBUG	protocol/handler.go:1649	have all messages and processed	{"{round 20 3  <nil>}": {"Key":"self","Type":15,"Integer":0,"String":"b","Interface":null}}
2025-08-15T22:13:49.374-0500	DEBUG	protocol/handler.go:596	round already finalized
2025-08-15T22:13:49.361-0500	DEBUG	protocol/handler.go:581	tryAdvanceRound called	{"{current_round 20 3  <nil>}": {"Key":"self","Type":15,"Integer":0,"String":"c","Interface":null}}
2025-08-15T22:13:49.374-0500	DEBUG	protocol/handler.go:1591	have processed broadcast	{"{round 20 3  <nil>}": {"Key":"from","Type":15,"Integer":0,"String":"a","Interface":null}}
2025-08-15T22:13:49.374-0500	DEBUG	protocol/handler.go:1591	have processed broadcast	{"{round 20 3  <nil>}": {"Key":"from","Type":15,"Integer":0,"String":"b","Interface":null}}
2025-08-15T22:13:49.374-0500	DEBUG	protocol/handler.go:1649	have all messages and processed	{"{round 20 3  <nil>}": {"Key":"self","Type":15,"Integer":0,"String":"c","Interface":null}}
2025-08-15T22:13:49.374-0500	DEBUG	protocol/handler.go:596	round already finalized
2025-08-15T22:13:49.374-0500	DEBUG	protocol/handler.go:581	tryAdvanceRound called	{"{current_round 20 3  <nil>}": {"Key":"self","Type":15,"Integer":0,"String":"c","Interface":null}}
2025-08-15T22:13:49.374-0500	DEBUG	protocol/handler.go:1591	have processed broadcast	{"{round 20 3  <nil>}": {"Key":"from","Type":15,"Integer":0,"String":"a","Interface":null}}
2025-08-15T22:13:49.374-0500	DEBUG	protocol/handler.go:1591	have processed broadcast	{"{round 20 3  <nil>}": {"Key":"from","Type":15,"Integer":0,"String":"b","Interface":null}}
2025-08-15T22:13:49.374-0500	DEBUG	protocol/handler.go:1649	have all messages and processed	{"{round 20 3  <nil>}": {"Key":"self","Type":15,"Integer":0,"String":"c","Interface":null}}
2025-08-15T22:13:49.374-0500	DEBUG	protocol/handler.go:596	round already finalized
2025-08-15T22:13:49.374-0500	DEBUG	protocol/handler.go:581	tryAdvanceRound called	{"{current_round 20 3  <nil>}": {"Key":"self","Type":15,"Integer":0,"String":"a","Interface":null}}
2025-08-15T22:13:49.374-0500	DEBUG	protocol/handler.go:1591	have processed broadcast	{"{round 20 3  <nil>}": {"Key":"from","Type":15,"Integer":0,"String":"b","Interface":null}}
2025-08-15T22:13:49.375-0500	DEBUG	protocol/handler.go:1591	have processed broadcast	{"{round 20 3  <nil>}": {"Key":"from","Type":15,"Integer":0,"String":"c","Interface":null}}
2025-08-15T22:13:49.375-0500	DEBUG	protocol/handler.go:1649	have all messages and processed	{"{round 20 3  <nil>}": {"Key":"self","Type":15,"Integer":0,"String":"a","Interface":null}}
2025-08-15T22:13:49.375-0500	DEBUG	protocol/handler.go:596	round already finalized
2025-08-15T22:13:49.375-0500	DEBUG	protocol/handler.go:581	tryAdvanceRound called	{"{current_round 20 2  <nil>}": {"Key":"self","Type":15,"Integer":0,"String":"a","Interface":null}}
2025-08-15T22:13:49.375-0500	DEBUG	protocol/handler.go:1600	waiting for broadcasts	{"{round 20 2  <nil>}": {"Key":"missing","Type":15,"Integer":0,"String":"[b]","Interface":null}}
2025-08-15T22:13:49.376-0500	DEBUG	protocol/handler.go:581	tryAdvanceRound called	{"{current_round 20 2  <nil>}": {"Key":"self","Type":15,"Integer":0,"String":"a","Interface":null}}
2025-08-15T22:13:49.376-0500	DEBUG	protocol/handler.go:1600	waiting for broadcasts	{"{round 20 2  <nil>}": {"Key":"missing","Type":15,"Integer":0,"String":"[b]","Interface":null}}
2025-08-15T22:13:49.377-0500	DEBUG	protocol/handler.go:581	tryAdvanceRound called	{"{current_round 20 3  <nil>}": {"Key":"self","Type":15,"Integer":0,"String":"a","Interface":null}}
2025-08-15T22:13:49.377-0500	DEBUG	protocol/handler.go:1591	have processed broadcast	{"{round 20 3  <nil>}": {"Key":"from","Type":15,"Integer":0,"String":"b","Interface":null}}
2025-08-15T22:13:49.377-0500	DEBUG	protocol/handler.go:1591	have processed broadcast	{"{round 20 3  <nil>}": {"Key":"from","Type":15,"Integer":0,"String":"c","Interface":null}}
2025-08-15T22:13:49.377-0500	DEBUG	protocol/handler.go:1649	have all messages and processed	{"{round 20 3  <nil>}": {"Key":"self","Type":15,"Integer":0,"String":"a","Interface":null}}
2025-08-15T22:13:49.377-0500	DEBUG	protocol/handler.go:596	round already finalized
2025-08-15T22:13:49.381-0500	DEBUG	protocol/handler.go:581	tryAdvanceRound called	{"{current_round 20 3  <nil>}": {"Key":"self","Type":15,"Integer":0,"String":"b","Interface":null}}
2025-08-15T22:13:49.381-0500	DEBUG	protocol/handler.go:1591	have processed broadcast	{"{round 20 3  <nil>}": {"Key":"from","Type":15,"Integer":0,"String":"a","Interface":null}}
2025-08-15T22:13:49.381-0500	DEBUG	protocol/handler.go:1591	have processed broadcast	{"{round 20 3  <nil>}": {"Key":"from","Type":15,"Integer":0,"String":"c","Interface":null}}
2025-08-15T22:13:49.381-0500	DEBUG	protocol/handler.go:1649	have all messages and processed	{"{round 20 3  <nil>}": {"Key":"self","Type":15,"Integer":0,"String":"b","Interface":null}}
2025-08-15T22:13:49.381-0500	DEBUG	protocol/handler.go:596	round already finalized
2025-08-15T22:13:49.381-0500	DEBUG	protocol/handler.go:581	tryAdvanceRound called	{"{current_round 20 3  <nil>}": {"Key":"self","Type":15,"Integer":0,"String":"c","Interface":null}}
2025-08-15T22:13:49.381-0500	DEBUG	protocol/handler.go:1591	have processed broadcast	{"{round 20 3  <nil>}": {"Key":"from","Type":15,"Integer":0,"String":"a","Interface":null}}
2025-08-15T22:13:49.381-0500	DEBUG	protocol/handler.go:1591	have processed broadcast	{"{round 20 3  <nil>}": {"Key":"from","Type":15,"Integer":0,"String":"b","Interface":null}}
2025-08-15T22:13:49.381-0500	DEBUG	protocol/handler.go:1649	have all messages and processed	{"{round 20 3  <nil>}": {"Key":"self","Type":15,"Integer":0,"String":"c","Interface":null}}
2025-08-15T22:13:49.381-0500	DEBUG	protocol/handler.go:596	round already finalized
2025-08-15T22:13:49.387-0500	DEBUG	protocol/handler.go:581	tryAdvanceRound called	{"{current_round 20 2  <nil>}": {"Key":"self","Type":15,"Integer":0,"String":"a","Interface":null}}
2025-08-15T22:13:49.387-0500	DEBUG	protocol/handler.go:1600	waiting for broadcasts	{"{round 20 2  <nil>}": {"Key":"missing","Type":15,"Integer":0,"String":"[b]","Interface":null}}
2025-08-15T22:13:49.387-0500	DEBUG	protocol/handler.go:581	tryAdvanceRound called	{"{current_round 20 3  <nil>}": {"Key":"self","Type":15,"Integer":0,"String":"a","Interface":null}}
2025-08-15T22:13:49.387-0500	DEBUG	protocol/handler.go:1591	have processed broadcast	{"{round 20 3  <nil>}": {"Key":"from","Type":15,"Integer":0,"String":"b","Interface":null}}
2025-08-15T22:13:49.387-0500	DEBUG	protocol/handler.go:1591	have processed broadcast	{"{round 20 3  <nil>}": {"Key":"from","Type":15,"Integer":0,"String":"c","Interface":null}}
2025-08-15T22:13:49.387-0500	DEBUG	protocol/handler.go:1649	have all messages and processed	{"{round 20 3  <nil>}": {"Key":"self","Type":15,"Integer":0,"String":"a","Interface":null}}
2025-08-15T22:13:49.388-0500	DEBUG	protocol/handler.go:596	round already finalized
2025-08-15T22:13:49.392-0500	DEBUG	protocol/handler.go:581	tryAdvanceRound called	{"{current_round 20 3  <nil>}": {"Key":"self","Type":15,"Integer":0,"String":"b","Interface":null}}
2025-08-15T22:13:49.392-0500	DEBUG	protocol/handler.go:1591	have processed broadcast	{"{round 20 3  <nil>}": {"Key":"from","Type":15,"Integer":0,"String":"a","Interface":null}}
2025-08-15T22:13:49.392-0500	DEBUG	protocol/handler.go:1591	have processed broadcast	{"{round 20 3  <nil>}": {"Key":"from","Type":15,"Integer":0,"String":"c","Interface":null}}
2025-08-15T22:13:49.392-0500	DEBUG	protocol/handler.go:1649	have all messages and processed	{"{round 20 3  <nil>}": {"Key":"self","Type":15,"Integer":0,"String":"b","Interface":null}}
2025-08-15T22:13:49.392-0500	DEBUG	protocol/handler.go:596	round already finalized
2025-08-15T22:13:49.392-0500	DEBUG	protocol/handler.go:581	tryAdvanceRound called	{"{current_round 20 3  <nil>}": {"Key":"self","Type":15,"Integer":0,"String":"c","Interface":null}}
2025-08-15T22:13:49.392-0500	DEBUG	protocol/handler.go:1591	have processed broadcast	{"{round 20 3  <nil>}": {"Key":"from","Type":15,"Integer":0,"String":"a","Interface":null}}
2025-08-15T22:13:49.392-0500	DEBUG	protocol/handler.go:1591	have processed broadcast	{"{round 20 3  <nil>}": {"Key":"from","Type":15,"Integer":0,"String":"b","Interface":null}}
2025-08-15T22:13:49.392-0500	DEBUG	protocol/handler.go:1649	have all messages and processed	{"{round 20 3  <nil>}": {"Key":"self","Type":15,"Integer":0,"String":"c","Interface":null}}
2025-08-15T22:13:49.392-0500	DEBUG	protocol/handler.go:596	round already finalized
2025-08-15T22:13:49.396-0500	DEBUG	protocol/handler.go:581	tryAdvanceRound called	{"{current_round 20 2  <nil>}": {"Key":"self","Type":15,"Integer":0,"String":"a","Interface":null}}
2025-08-15T22:13:49.396-0500	DEBUG	protocol/handler.go:1600	waiting for broadcasts	{"{round 20 2  <nil>}": {"Key":"missing","Type":15,"Integer":0,"String":"[b]","Interface":null}}
2025-08-15T22:13:49.397-0500	DEBUG	protocol/handler.go:581	tryAdvanceRound called	{"{current_round 20 3  <nil>}": {"Key":"self","Type":15,"Integer":0,"String":"a","Interface":null}}
2025-08-15T22:13:49.397-0500	DEBUG	protocol/handler.go:1591	have processed broadcast	{"{round 20 3  <nil>}": {"Key":"from","Type":15,"Integer":0,"String":"b","Interface":null}}
2025-08-15T22:13:49.397-0500	DEBUG	protocol/handler.go:1591	have processed broadcast	{"{round 20 3  <nil>}": {"Key":"from","Type":15,"Integer":0,"String":"c","Interface":null}}
2025-08-15T22:13:49.397-0500	DEBUG	protocol/handler.go:1649	have all messages and processed	{"{round 20 3  <nil>}": {"Key":"self","Type":15,"Integer":0,"String":"a","Interface":null}}
2025-08-15T22:13:49.397-0500	DEBUG	protocol/handler.go:596	round already finalized
2025-08-15T22:13:49.408-0500	DEBUG	protocol/handler.go:581	tryAdvanceRound called	{"{current_round 20 2  <nil>}": {"Key":"self","Type":15,"Integer":0,"String":"a","Interface":null}}
2025-08-15T22:13:49.408-0500	DEBUG	protocol/handler.go:1600	waiting for broadcasts	{"{round 20 2  <nil>}": {"Key":"missing","Type":15,"Integer":0,"String":"[b]","Interface":null}}
2025-08-15T22:13:49.408-0500	DEBUG	protocol/handler.go:581	tryAdvanceRound called	{"{current_round 20 3  <nil>}": {"Key":"self","Type":15,"Integer":0,"String":"b","Interface":null}}
2025-08-15T22:13:49.409-0500	DEBUG	protocol/handler.go:1591	have processed broadcast	{"{round 20 3  <nil>}": {"Key":"from","Type":15,"Integer":0,"String":"a","Interface":null}}
2025-08-15T22:13:49.409-0500	DEBUG	protocol/handler.go:1591	have processed broadcast	{"{round 20 3  <nil>}": {"Key":"from","Type":15,"Integer":0,"String":"c","Interface":null}}
2025-08-15T22:13:49.409-0500	DEBUG	protocol/handler.go:1649	have all messages and processed	{"{round 20 3  <nil>}": {"Key":"self","Type":15,"Integer":0,"String":"b","Interface":null}}
2025-08-15T22:13:49.409-0500	DEBUG	protocol/handler.go:596	round already finalized
2025-08-15T22:13:49.409-0500	DEBUG	protocol/handler.go:581	tryAdvanceRound called	{"{current_round 20 3  <nil>}": {"Key":"self","Type":15,"Integer":0,"String":"c","Interface":null}}
2025-08-15T22:13:49.409-0500	DEBUG	protocol/handler.go:1591	have processed broadcast	{"{round 20 3  <nil>}": {"Key":"from","Type":15,"Integer":0,"String":"a","Interface":null}}
2025-08-15T22:13:49.409-0500	DEBUG	protocol/handler.go:1591	have processed broadcast	{"{round 20 3  <nil>}": {"Key":"from","Type":15,"Integer":0,"String":"b","Interface":null}}
2025-08-15T22:13:49.409-0500	DEBUG	protocol/handler.go:1649	have all messages and processed	{"{round 20 3  <nil>}": {"Key":"self","Type":15,"Integer":0,"String":"c","Interface":null}}
2025-08-15T22:13:49.410-0500	DEBUG	protocol/handler.go:596	round already finalized
2025-08-15T22:13:49.410-0500	DEBUG	protocol/handler.go:581	tryAdvanceRound called	{"{current_round 20 3  <nil>}": {"Key":"self","Type":15,"Integer":0,"String":"a","Interface":null}}
2025-08-15T22:13:49.410-0500	DEBUG	protocol/handler.go:1591	have processed broadcast	{"{round 20 3  <nil>}": {"Key":"from","Type":15,"Integer":0,"String":"b","Interface":null}}
2025-08-15T22:13:49.410-0500	DEBUG	protocol/handler.go:1591	have processed broadcast	{"{round 20 3  <nil>}": {"Key":"from","Type":15,"Integer":0,"String":"c","Interface":null}}
2025-08-15T22:13:49.410-0500	DEBUG	protocol/handler.go:1649	have all messages and processed	{"{round 20 3  <nil>}": {"Key":"self","Type":15,"Integer":0,"String":"a","Interface":null}}
2025-08-15T22:13:49.410-0500	DEBUG	protocol/handler.go:596	round already finalized
2025-08-15T22:13:49.411-0500	DEBUG	protocol/handler.go:581	tryAdvanceRound called	{"{current_round 20 3  <nil>}": {"Key":"self","Type":15,"Integer":0,"String":"b","Interface":null}}
2025-08-15T22:13:49.411-0500	DEBUG	protocol/handler.go:1591	have processed broadcast	{"{round 20 3  <nil>}": {"Key":"from","Type":15,"Integer":0,"String":"a","Interface":null}}
2025-08-15T22:13:49.411-0500	DEBUG	protocol/handler.go:1591	have processed broadcast	{"{round 20 3  <nil>}": {"Key":"from","Type":15,"Integer":0,"String":"c","Interface":null}}
2025-08-15T22:13:49.411-0500	DEBUG	protocol/handler.go:1649	have all messages and processed	{"{round 20 3  <nil>}": {"Key":"self","Type":15,"Integer":0,"String":"b","Interface":null}}
2025-08-15T22:13:49.411-0500	DEBUG	protocol/handler.go:596	round already finalized
2025-08-15T22:13:49.411-0500	DEBUG	protocol/handler.go:581	tryAdvanceRound called	{"{current_round 20 3  <nil>}": {"Key":"self","Type":15,"Integer":0,"String":"c","Interface":null}}
2025-08-15T22:13:49.411-0500	DEBUG	protocol/handler.go:1591	have processed broadcast	{"{round 20 3  <nil>}": {"Key":"from","Type":15,"Integer":0,"String":"a","Interface":null}}
2025-08-15T22:13:49.412-0500	DEBUG	protocol/handler.go:1591	have processed broadcast	{"{round 20 3  <nil>}": {"Key":"from","Type":15,"Integer":0,"String":"b","Interface":null}}
2025-08-15T22:13:49.412-0500	DEBUG	protocol/handler.go:1649	have all messages and processed	{"{round 20 3  <nil>}": {"Key":"self","Type":15,"Integer":0,"String":"c","Interface":null}}
2025-08-15T22:13:49.412-0500	DEBUG	protocol/handler.go:596	round already finalized
2025-08-15T22:13:49.417-0500	DEBUG	protocol/handler.go:581	tryAdvanceRound called	{"{current_round 20 2  <nil>}": {"Key":"self","Type":15,"Integer":0,"String":"a","Interface":null}}
2025-08-15T22:13:49.417-0500	DEBUG	protocol/handler.go:1600	waiting for broadcasts	{"{round 20 2  <nil>}": {"Key":"missing","Type":15,"Integer":0,"String":"[b]","Interface":null}}
2025-08-15T22:13:49.417-0500	DEBUG	protocol/handler.go:581	tryAdvanceRound called	{"{current_round 20 3  <nil>}": {"Key":"self","Type":15,"Integer":0,"String":"a","Interface":null}}
2025-08-15T22:13:49.417-0500	DEBUG	protocol/handler.go:1591	have processed broadcast	{"{round 20 3  <nil>}": {"Key":"from","Type":15,"Integer":0,"String":"b","Interface":null}}
2025-08-15T22:13:49.417-0500	DEBUG	protocol/handler.go:1591	have processed broadcast	{"{round 20 3  <nil>}": {"Key":"from","Type":15,"Integer":0,"String":"c","Interface":null}}
2025-08-15T22:13:49.418-0500	DEBUG	protocol/handler.go:1649	have all messages and processed	{"{round 20 3  <nil>}": {"Key":"self","Type":15,"Integer":0,"String":"a","Interface":null}}
2025-08-15T22:13:49.418-0500	DEBUG	protocol/handler.go:596	round already finalized
2025-08-15T22:13:49.421-0500	DEBUG	protocol/handler.go:581	tryAdvanceRound called	{"{current_round 20 3  <nil>}": {"Key":"self","Type":15,"Integer":0,"String":"b","Interface":null}}
2025-08-15T22:13:49.421-0500	DEBUG	protocol/handler.go:1591	have processed broadcast	{"{round 20 3  <nil>}": {"Key":"from","Type":15,"Integer":0,"String":"a","Interface":null}}
2025-08-15T22:13:49.421-0500	DEBUG	protocol/handler.go:1591	have processed broadcast	{"{round 20 3  <nil>}": {"Key":"from","Type":15,"Integer":0,"String":"c","Interface":null}}
2025-08-15T22:13:49.421-0500	DEBUG	protocol/handler.go:1649	have all messages and processed	{"{round 20 3  <nil>}": {"Key":"self","Type":15,"Integer":0,"String":"b","Interface":null}}
2025-08-15T22:13:49.421-0500	DEBUG	protocol/handler.go:596	round already finalized
2025-08-15T22:13:49.421-0500	DEBUG	protocol/handler.go:581	tryAdvanceRound called	{"{current_round 20 3  <nil>}": {"Key":"self","Type":15,"Integer":0,"String":"c","Interface":null}}
2025-08-15T22:13:49.421-0500	DEBUG	protocol/handler.go:1591	have processed broadcast	{"{round 20 3  <nil>}": {"Key":"from","Type":15,"Integer":0,"String":"a","Interface":null}}
2025-08-15T22:13:49.421-0500	DEBUG	protocol/handler.go:1591	have processed broadcast	{"{round 20 3  <nil>}": {"Key":"from","Type":15,"Integer":0,"String":"b","Interface":null}}
2025-08-15T22:13:49.421-0500	DEBUG	protocol/handler.go:1649	have all messages and processed	{"{round 20 3  <nil>}": {"Key":"self","Type":15,"Integer":0,"String":"c","Interface":null}}
2025-08-15T22:13:49.421-0500	DEBUG	protocol/handler.go:596	round already finalized
2025-08-15T22:13:49.428-0500	DEBUG	protocol/handler.go:581	tryAdvanceRound called	{"{current_round 20 2  <nil>}": {"Key":"self","Type":15,"Integer":0,"String":"a","Interface":null}}
2025-08-15T22:13:49.428-0500	DEBUG	protocol/handler.go:1600	waiting for broadcasts	{"{round 20 2  <nil>}": {"Key":"missing","Type":15,"Integer":0,"String":"[b]","Interface":null}}
2025-08-15T22:13:49.428-0500	DEBUG	protocol/handler.go:581	tryAdvanceRound called	{"{current_round 20 3  <nil>}": {"Key":"self","Type":15,"Integer":0,"String":"a","Interface":null}}
2025-08-15T22:13:49.428-0500	DEBUG	protocol/handler.go:1591	have processed broadcast	{"{round 20 3  <nil>}": {"Key":"from","Type":15,"Integer":0,"String":"b","Interface":null}}
2025-08-15T22:13:49.428-0500	DEBUG	protocol/handler.go:1591	have processed broadcast	{"{round 20 3  <nil>}": {"Key":"from","Type":15,"Integer":0,"String":"c","Interface":null}}
2025-08-15T22:13:49.428-0500	DEBUG	protocol/handler.go:1649	have all messages and processed	{"{round 20 3  <nil>}": {"Key":"self","Type":15,"Integer":0,"String":"a","Interface":null}}
2025-08-15T22:13:49.428-0500	DEBUG	protocol/handler.go:596	round already finalized
2025-08-15T22:13:49.431-0500	DEBUG	protocol/handler.go:581	tryAdvanceRound called	{"{current_round 20 3  <nil>}": {"Key":"self","Type":15,"Integer":0,"String":"b","Interface":null}}
2025-08-15T22:13:49.432-0500	DEBUG	protocol/handler.go:1591	have processed broadcast	{"{round 20 3  <nil>}": {"Key":"from","Type":15,"Integer":0,"String":"a","Interface":null}}
2025-08-15T22:13:49.432-0500	DEBUG	protocol/handler.go:1591	have processed broadcast	{"{round 20 3  <nil>}": {"Key":"from","Type":15,"Integer":0,"String":"c","Interface":null}}
2025-08-15T22:13:49.432-0500	DEBUG	protocol/handler.go:1649	have all messages and processed	{"{round 20 3  <nil>}": {"Key":"self","Type":15,"Integer":0,"String":"b","Interface":null}}
2025-08-15T22:13:49.432-0500	DEBUG	protocol/handler.go:596	round already finalized
2025-08-15T22:13:49.433-0500	DEBUG	protocol/handler.go:581	tryAdvanceRound called	{"{current_round 20 3  <nil>}": {"Key":"self","Type":15,"Integer":0,"String":"c","Interface":null}}
2025-08-15T22:13:49.433-0500	DEBUG	protocol/handler.go:1591	have processed broadcast	{"{round 20 3  <nil>}": {"Key":"from","Type":15,"Integer":0,"String":"a","Interface":null}}
2025-08-15T22:13:49.433-0500	DEBUG	protocol/handler.go:1591	have processed broadcast	{"{round 20 3  <nil>}": {"Key":"from","Type":15,"Integer":0,"String":"b","Interface":null}}
2025-08-15T22:13:49.433-0500	DEBUG	protocol/handler.go:1649	have all messages and processed	{"{round 20 3  <nil>}": {"Key":"self","Type":15,"Integer":0,"String":"c","Interface":null}}
2025-08-15T22:13:49.433-0500	DEBUG	protocol/handler.go:596	round already finalized
2025-08-15T22:13:49.437-0500	DEBUG	protocol/handler.go:581	tryAdvanceRound called	{"{current_round 20 2  <nil>}": {"Key":"self","Type":15,"Integer":0,"String":"a","Interface":null}}
2025-08-15T22:13:49.437-0500	DEBUG	protocol/handler.go:1600	waiting for broadcasts	{"{round 20 2  <nil>}": {"Key":"missing","Type":15,"Integer":0,"String":"[b]","Interface":null}}
2025-08-15T22:13:49.437-0500	DEBUG	protocol/handler.go:581	tryAdvanceRound called	{"{current_round 20 3  <nil>}": {"Key":"self","Type":15,"Integer":0,"String":"a","Interface":null}}
2025-08-15T22:13:49.438-0500	DEBUG	protocol/handler.go:1591	have processed broadcast	{"{round 20 3  <nil>}": {"Key":"from","Type":15,"Integer":0,"String":"b","Interface":null}}
2025-08-15T22:13:49.438-0500	DEBUG	protocol/handler.go:1591	have processed broadcast	{"{round 20 3  <nil>}": {"Key":"from","Type":15,"Integer":0,"String":"c","Interface":null}}
2025-08-15T22:13:49.438-0500	DEBUG	protocol/handler.go:1649	have all messages and processed	{"{round 20 3  <nil>}": {"Key":"self","Type":15,"Integer":0,"String":"a","Interface":null}}
2025-08-15T22:13:49.438-0500	DEBUG	protocol/handler.go:596	round already finalized
2025-08-15T22:13:49.442-0500	DEBUG	protocol/handler.go:581	tryAdvanceRound called	{"{current_round 20 3  <nil>}": {"Key":"self","Type":15,"Integer":0,"String":"c","Interface":null}}
2025-08-15T22:13:49.442-0500	DEBUG	protocol/handler.go:1591	have processed broadcast	{"{round 20 3  <nil>}": {"Key":"from","Type":15,"Integer":0,"String":"a","Interface":null}}
2025-08-15T22:13:49.442-0500	DEBUG	protocol/handler.go:1591	have processed broadcast	{"{round 20 3  <nil>}": {"Key":"from","Type":15,"Integer":0,"String":"b","Interface":null}}
2025-08-15T22:13:49.442-0500	DEBUG	protocol/handler.go:1649	have all messages and processed	{"{round 20 3  <nil>}": {"Key":"self","Type":15,"Integer":0,"String":"c","Interface":null}}
2025-08-15T22:13:49.442-0500	DEBUG	protocol/handler.go:596	round already finalized
2025-08-15T22:13:49.443-0500	DEBUG	protocol/handler.go:581	tryAdvanceRound called	{"{current_round 20 3  <nil>}": {"Key":"self","Type":15,"Integer":0,"String":"b","Interface":null}}
2025-08-15T22:13:49.444-0500	DEBUG	protocol/handler.go:1591	have processed broadcast	{"{round 20 3  <nil>}": {"Key":"from","Type":15,"Integer":0,"String":"a","Interface":null}}
2025-08-15T22:13:49.444-0500	DEBUG	protocol/handler.go:1591	have processed broadcast	{"{round 20 3  <nil>}": {"Key":"from","Type":15,"Integer":0,"String":"c","Interface":null}}
2025-08-15T22:13:49.444-0500	DEBUG	protocol/handler.go:1649	have all messages and processed	{"{round 20 3  <nil>}": {"Key":"self","Type":15,"Integer":0,"String":"b","Interface":null}}
2025-08-15T22:13:49.444-0500	DEBUG	protocol/handler.go:596	round already finalized
2025-08-15T22:13:49.447-0500	DEBUG	protocol/handler.go:581	tryAdvanceRound called	{"{current_round 20 2  <nil>}": {"Key":"self","Type":15,"Integer":0,"String":"a","Interface":null}}
2025-08-15T22:13:49.447-0500	DEBUG	protocol/handler.go:1600	waiting for broadcasts	{"{round 20 2  <nil>}": {"Key":"missing","Type":15,"Integer":0,"String":"[b]","Interface":null}}
2025-08-15T22:13:49.447-0500	DEBUG	protocol/handler.go:581	tryAdvanceRound called	{"{current_round 20 3  <nil>}": {"Key":"self","Type":15,"Integer":0,"String":"a","Interface":null}}
2025-08-15T22:13:49.447-0500	DEBUG	protocol/handler.go:1591	have processed broadcast	{"{round 20 3  <nil>}": {"Key":"from","Type":15,"Integer":0,"String":"b","Interface":null}}
2025-08-15T22:13:49.447-0500	DEBUG	protocol/handler.go:1591	have processed broadcast	{"{round 20 3  <nil>}": {"Key":"from","Type":15,"Integer":0,"String":"c","Interface":null}}
2025-08-15T22:13:49.448-0500	DEBUG	protocol/handler.go:1649	have all messages and processed	{"{round 20 3  <nil>}": {"Key":"self","Type":15,"Integer":0,"String":"a","Interface":null}}
2025-08-15T22:13:49.448-0500	DEBUG	protocol/handler.go:596	round already finalized
2025-08-15T22:13:49.452-0500	DEBUG	protocol/handler.go:581	tryAdvanceRound called	{"{current_round 20 3  <nil>}": {"Key":"self","Type":15,"Integer":0,"String":"b","Interface":null}}
2025-08-15T22:13:49.452-0500	DEBUG	protocol/handler.go:1591	have processed broadcast	{"{round 20 3  <nil>}": {"Key":"from","Type":15,"Integer":0,"String":"a","Interface":null}}
2025-08-15T22:13:49.452-0500	DEBUG	protocol/handler.go:1591	have processed broadcast	{"{round 20 3  <nil>}": {"Key":"from","Type":15,"Integer":0,"String":"c","Interface":null}}
2025-08-15T22:13:49.452-0500	DEBUG	protocol/handler.go:1649	have all messages and processed	{"{round 20 3  <nil>}": {"Key":"self","Type":15,"Integer":0,"String":"b","Interface":null}}
2025-08-15T22:13:49.452-0500	DEBUG	protocol/handler.go:596	round already finalized
2025-08-15T22:13:49.452-0500	DEBUG	protocol/handler.go:581	tryAdvanceRound called	{"{current_round 20 3  <nil>}": {"Key":"self","Type":15,"Integer":0,"String":"c","Interface":null}}
2025-08-15T22:13:49.452-0500	DEBUG	protocol/handler.go:1591	have processed broadcast	{"{round 20 3  <nil>}": {"Key":"from","Type":15,"Integer":0,"String":"a","Interface":null}}
2025-08-15T22:13:49.452-0500	DEBUG	protocol/handler.go:1591	have processed broadcast	{"{round 20 3  <nil>}": {"Key":"from","Type":15,"Integer":0,"String":"b","Interface":null}}
2025-08-15T22:13:49.452-0500	DEBUG	protocol/handler.go:1649	have all messages and processed	{"{round 20 3  <nil>}": {"Key":"self","Type":15,"Integer":0,"String":"c","Interface":null}}
2025-08-15T22:13:49.452-0500	DEBUG	protocol/handler.go:596	round already finalized
2025-08-15T22:13:49.456-0500	DEBUG	protocol/handler.go:581	tryAdvanceRound called	{"{current_round 20 2  <nil>}": {"Key":"self","Type":15,"Integer":0,"String":"a","Interface":null}}
2025-08-15T22:13:49.456-0500	DEBUG	protocol/handler.go:1600	waiting for broadcasts	{"{round 20 2  <nil>}": {"Key":"missing","Type":15,"Integer":0,"String":"[b]","Interface":null}}
2025-08-15T22:13:49.456-0500	DEBUG	protocol/handler.go:581	tryAdvanceRound called	{"{current_round 20 3  <nil>}": {"Key":"self","Type":15,"Integer":0,"String":"a","Interface":null}}
2025-08-15T22:13:49.456-0500	DEBUG	protocol/handler.go:1591	have processed broadcast	{"{round 20 3  <nil>}": {"Key":"from","Type":15,"Integer":0,"String":"b","Interface":null}}
2025-08-15T22:13:49.457-0500	DEBUG	protocol/handler.go:1591	have processed broadcast	{"{round 20 3  <nil>}": {"Key":"from","Type":15,"Integer":0,"String":"c","Interface":null}}
2025-08-15T22:13:49.457-0500	DEBUG	protocol/handler.go:1649	have all messages and processed	{"{round 20 3  <nil>}": {"Key":"self","Type":15,"Integer":0,"String":"a","Interface":null}}
2025-08-15T22:13:49.457-0500	DEBUG	protocol/handler.go:596	round already finalized
2025-08-15T22:13:49.472-0500	DEBUG	protocol/handler.go:581	tryAdvanceRound called	{"{current_round 20 2  <nil>}": {"Key":"self","Type":15,"Integer":0,"String":"a","Interface":null}}
2025-08-15T22:13:49.472-0500	DEBUG	protocol/handler.go:1600	waiting for broadcasts	{"{round 20 2  <nil>}": {"Key":"missing","Type":15,"Integer":0,"String":"[b]","Interface":null}}
2025-08-15T22:13:49.472-0500	DEBUG	protocol/handler.go:581	tryAdvanceRound called	{"{current_round 20 3  <nil>}": {"Key":"self","Type":15,"Integer":0,"String":"a","Interface":null}}
2025-08-15T22:13:49.473-0500	DEBUG	protocol/handler.go:1591	have processed broadcast	{"{round 20 3  <nil>}": {"Key":"from","Type":15,"Integer":0,"String":"b","Interface":null}}
2025-08-15T22:13:49.473-0500	DEBUG	protocol/handler.go:1591	have processed broadcast	{"{round 20 3  <nil>}": {"Key":"from","Type":15,"Integer":0,"String":"c","Interface":null}}
2025-08-15T22:13:49.473-0500	DEBUG	protocol/handler.go:581	tryAdvanceRound called	{"{current_round 20 3  <nil>}": {"Key":"self","Type":15,"Integer":0,"String":"b","Interface":null}}
2025-08-15T22:13:49.473-0500	DEBUG	protocol/handler.go:1649	have all messages and processed	{"{round 20 3  <nil>}": {"Key":"self","Type":15,"Integer":0,"String":"a","Interface":null}}
2025-08-15T22:13:49.473-0500	DEBUG	protocol/handler.go:1591	have processed broadcast	{"{round 20 3  <nil>}": {"Key":"from","Type":15,"Integer":0,"String":"a","Interface":null}}
2025-08-15T22:13:49.473-0500	DEBUG	protocol/handler.go:596	round already finalized
2025-08-15T22:13:49.473-0500	DEBUG	protocol/handler.go:1591	have processed broadcast	{"{round 20 3  <nil>}": {"Key":"from","Type":15,"Integer":0,"String":"c","Interface":null}}
2025-08-15T22:13:49.473-0500	DEBUG	protocol/handler.go:1649	have all messages and processed	{"{round 20 3  <nil>}": {"Key":"self","Type":15,"Integer":0,"String":"b","Interface":null}}
2025-08-15T22:13:49.474-0500	DEBUG	protocol/handler.go:596	round already finalized
2025-08-15T22:13:49.474-0500	DEBUG	protocol/handler.go:581	tryAdvanceRound called	{"{current_round 20 3  <nil>}": {"Key":"self","Type":15,"Integer":0,"String":"c","Interface":null}}
2025-08-15T22:13:49.474-0500	DEBUG	protocol/handler.go:1591	have processed broadcast	{"{round 20 3  <nil>}": {"Key":"from","Type":15,"Integer":0,"String":"a","Interface":null}}
2025-08-15T22:13:49.474-0500	DEBUG	protocol/handler.go:1591	have processed broadcast	{"{round 20 3  <nil>}": {"Key":"from","Type":15,"Integer":0,"String":"b","Interface":null}}
2025-08-15T22:13:49.474-0500	DEBUG	protocol/handler.go:1649	have all messages and processed	{"{round 20 3  <nil>}": {"Key":"self","Type":15,"Integer":0,"String":"c","Interface":null}}
2025-08-15T22:13:49.474-0500	DEBUG	protocol/handler.go:596	round already finalized
2025-08-15T22:13:49.476-0500	DEBUG	protocol/handler.go:581	tryAdvanceRound called	{"{current_round 20 2  <nil>}": {"Key":"self","Type":15,"Integer":0,"String":"a","Interface":null}}
2025-08-15T22:13:49.476-0500	DEBUG	protocol/handler.go:1600	waiting for broadcasts	{"{round 20 2  <nil>}": {"Key":"missing","Type":15,"Integer":0,"String":"[b]","Interface":null}}
2025-08-15T22:13:49.477-0500	DEBUG	protocol/handler.go:581	tryAdvanceRound called	{"{current_round 20 3  <nil>}": {"Key":"self","Type":15,"Integer":0,"String":"a","Interface":null}}
2025-08-15T22:13:49.477-0500	DEBUG	protocol/handler.go:1591	have processed broadcast	{"{round 20 3  <nil>}": {"Key":"from","Type":15,"Integer":0,"String":"b","Interface":null}}
2025-08-15T22:13:49.477-0500	DEBUG	protocol/handler.go:1591	have processed broadcast	{"{round 20 3  <nil>}": {"Key":"from","Type":15,"Integer":0,"String":"c","Interface":null}}
2025-08-15T22:13:49.477-0500	DEBUG	protocol/handler.go:1649	have all messages and processed	{"{round 20 3  <nil>}": {"Key":"self","Type":15,"Integer":0,"String":"a","Interface":null}}
2025-08-15T22:13:49.477-0500	DEBUG	protocol/handler.go:596	round already finalized
2025-08-15T22:13:49.482-0500	DEBUG	protocol/handler.go:581	tryAdvanceRound called	{"{current_round 20 3  <nil>}": {"Key":"self","Type":15,"Integer":0,"String":"b","Interface":null}}
2025-08-15T22:13:49.482-0500	DEBUG	protocol/handler.go:1591	have processed broadcast	{"{round 20 3  <nil>}": {"Key":"from","Type":15,"Integer":0,"String":"a","Interface":null}}
2025-08-15T22:13:49.482-0500	DEBUG	protocol/handler.go:1591	have processed broadcast	{"{round 20 3  <nil>}": {"Key":"from","Type":15,"Integer":0,"String":"c","Interface":null}}
2025-08-15T22:13:49.482-0500	DEBUG	protocol/handler.go:1649	have all messages and processed	{"{round 20 3  <nil>}": {"Key":"self","Type":15,"Integer":0,"String":"b","Interface":null}}
2025-08-15T22:13:49.482-0500	DEBUG	protocol/handler.go:596	round already finalized
2025-08-15T22:13:49.482-0500	DEBUG	protocol/handler.go:581	tryAdvanceRound called	{"{current_round 20 3  <nil>}": {"Key":"self","Type":15,"Integer":0,"String":"c","Interface":null}}
2025-08-15T22:13:49.482-0500	DEBUG	protocol/handler.go:1591	have processed broadcast	{"{round 20 3  <nil>}": {"Key":"from","Type":15,"Integer":0,"String":"a","Interface":null}}
2025-08-15T22:13:49.482-0500	DEBUG	protocol/handler.go:1591	have processed broadcast	{"{round 20 3  <nil>}": {"Key":"from","Type":15,"Integer":0,"String":"b","Interface":null}}
2025-08-15T22:13:49.483-0500	DEBUG	protocol/handler.go:1649	have all messages and processed	{"{round 20 3  <nil>}": {"Key":"self","Type":15,"Integer":0,"String":"c","Interface":null}}
2025-08-15T22:13:49.483-0500	DEBUG	protocol/handler.go:596	round already finalized
2025-08-15T22:13:49.486-0500	DEBUG	protocol/handler.go:581	tryAdvanceRound called	{"{current_round 20 2  <nil>}": {"Key":"self","Type":15,"Integer":0,"String":"a","Interface":null}}
2025-08-15T22:13:49.486-0500	DEBUG	protocol/handler.go:1600	waiting for broadcasts	{"{round 20 2  <nil>}": {"Key":"missing","Type":15,"Integer":0,"String":"[b]","Interface":null}}
2025-08-15T22:13:49.487-0500	DEBUG	protocol/handler.go:581	tryAdvanceRound called	{"{current_round 20 3  <nil>}": {"Key":"self","Type":15,"Integer":0,"String":"a","Interface":null}}
2025-08-15T22:13:49.487-0500	DEBUG	protocol/handler.go:1591	have processed broadcast	{"{round 20 3  <nil>}": {"Key":"from","Type":15,"Integer":0,"String":"b","Interface":null}}
2025-08-15T22:13:49.487-0500	DEBUG	protocol/handler.go:1591	have processed broadcast	{"{round 20 3  <nil>}": {"Key":"from","Type":15,"Integer":0,"String":"c","Interface":null}}
2025-08-15T22:13:49.487-0500	DEBUG	protocol/handler.go:1649	have all messages and processed	{"{round 20 3  <nil>}": {"Key":"self","Type":15,"Integer":0,"String":"a","Interface":null}}
2025-08-15T22:13:49.487-0500	DEBUG	protocol/handler.go:596	round already finalized
2025-08-15T22:13:49.492-0500	DEBUG	protocol/handler.go:581	tryAdvanceRound called	{"{current_round 20 3  <nil>}": {"Key":"self","Type":15,"Integer":0,"String":"b","Interface":null}}
2025-08-15T22:13:49.492-0500	DEBUG	protocol/handler.go:1591	have processed broadcast	{"{round 20 3  <nil>}": {"Key":"from","Type":15,"Integer":0,"String":"a","Interface":null}}
2025-08-15T22:13:49.492-0500	DEBUG	protocol/handler.go:1591	have processed broadcast	{"{round 20 3  <nil>}": {"Key":"from","Type":15,"Integer":0,"String":"c","Interface":null}}
2025-08-15T22:13:49.492-0500	DEBUG	protocol/handler.go:1649	have all messages and processed	{"{round 20 3  <nil>}": {"Key":"self","Type":15,"Integer":0,"String":"b","Interface":null}}
2025-08-15T22:13:49.492-0500	DEBUG	protocol/handler.go:596	round already finalized
2025-08-15T22:13:49.492-0500	DEBUG	protocol/handler.go:581	tryAdvanceRound called	{"{current_round 20 3  <nil>}": {"Key":"self","Type":15,"Integer":0,"String":"c","Interface":null}}
2025-08-15T22:13:49.492-0500	DEBUG	protocol/handler.go:1591	have processed broadcast	{"{round 20 3  <nil>}": {"Key":"from","Type":15,"Integer":0,"String":"a","Interface":null}}
2025-08-15T22:13:49.492-0500	DEBUG	protocol/handler.go:1591	have processed broadcast	{"{round 20 3  <nil>}": {"Key":"from","Type":15,"Integer":0,"String":"b","Interface":null}}
2025-08-15T22:13:49.492-0500	DEBUG	protocol/handler.go:1649	have all messages and processed	{"{round 20 3  <nil>}": {"Key":"self","Type":15,"Integer":0,"String":"c","Interface":null}}
2025-08-15T22:13:49.492-0500	DEBUG	protocol/handler.go:596	round already finalized
2025-08-15T22:13:49.497-0500	DEBUG	protocol/handler.go:581	tryAdvanceRound called	{"{current_round 20 2  <nil>}": {"Key":"self","Type":15,"Integer":0,"String":"a","Interface":null}}
2025-08-15T22:13:49.497-0500	DEBUG	protocol/handler.go:1600	waiting for broadcasts	{"{round 20 2  <nil>}": {"Key":"missing","Type":15,"Integer":0,"String":"[b]","Interface":null}}
2025-08-15T22:13:49.497-0500	DEBUG	protocol/handler.go:581	tryAdvanceRound called	{"{current_round 20 3  <nil>}": {"Key":"self","Type":15,"Integer":0,"String":"a","Interface":null}}
2025-08-15T22:13:49.497-0500	DEBUG	protocol/handler.go:1591	have processed broadcast	{"{round 20 3  <nil>}": {"Key":"from","Type":15,"Integer":0,"String":"b","Interface":null}}
2025-08-15T22:13:49.497-0500	DEBUG	protocol/handler.go:1591	have processed broadcast	{"{round 20 3  <nil>}": {"Key":"from","Type":15,"Integer":0,"String":"c","Interface":null}}
2025-08-15T22:13:49.498-0500	DEBUG	protocol/handler.go:1649	have all messages and processed	{"{round 20 3  <nil>}": {"Key":"self","Type":15,"Integer":0,"String":"a","Interface":null}}
2025-08-15T22:13:49.498-0500	DEBUG	protocol/handler.go:596	round already finalized
2025-08-15T22:13:49.502-0500	DEBUG	protocol/handler.go:581	tryAdvanceRound called	{"{current_round 20 3  <nil>}": {"Key":"self","Type":15,"Integer":0,"String":"c","Interface":null}}
2025-08-15T22:13:49.502-0500	DEBUG	protocol/handler.go:1591	have processed broadcast	{"{round 20 3  <nil>}": {"Key":"from","Type":15,"Integer":0,"String":"a","Interface":null}}
2025-08-15T22:13:49.502-0500	DEBUG	protocol/handler.go:1591	have processed broadcast	{"{round 20 3  <nil>}": {"Key":"from","Type":15,"Integer":0,"String":"b","Interface":null}}
2025-08-15T22:13:49.502-0500	DEBUG	protocol/handler.go:1649	have all messages and processed	{"{round 20 3  <nil>}": {"Key":"self","Type":15,"Integer":0,"String":"c","Interface":null}}
2025-08-15T22:13:49.502-0500	DEBUG	protocol/handler.go:596	round already finalized
2025-08-15T22:13:49.502-0500	DEBUG	protocol/handler.go:581	tryAdvanceRound called	{"{current_round 20 3  <nil>}": {"Key":"self","Type":15,"Integer":0,"String":"b","Interface":null}}
2025-08-15T22:13:49.502-0500	DEBUG	protocol/handler.go:1591	have processed broadcast	{"{round 20 3  <nil>}": {"Key":"from","Type":15,"Integer":0,"String":"a","Interface":null}}
2025-08-15T22:13:49.503-0500	DEBUG	protocol/handler.go:1591	have processed broadcast	{"{round 20 3  <nil>}": {"Key":"from","Type":15,"Integer":0,"String":"c","Interface":null}}
2025-08-15T22:13:49.505-0500	DEBUG	protocol/handler.go:1649	have all messages and processed	{"{round 20 3  <nil>}": {"Key":"self","Type":15,"Integer":0,"String":"b","Interface":null}}
2025-08-15T22:13:49.505-0500	DEBUG	protocol/handler.go:596	round already finalized
2025-08-15T22:13:49.508-0500	DEBUG	protocol/handler.go:581	tryAdvanceRound called	{"{current_round 20 2  <nil>}": {"Key":"self","Type":15,"Integer":0,"String":"a","Interface":null}}
2025-08-15T22:13:49.508-0500	DEBUG	protocol/handler.go:1600	waiting for broadcasts	{"{round 20 2  <nil>}": {"Key":"missing","Type":15,"Integer":0,"String":"[b]","Interface":null}}
2025-08-15T22:13:49.508-0500	DEBUG	protocol/handler.go:581	tryAdvanceRound called	{"{current_round 20 3  <nil>}": {"Key":"self","Type":15,"Integer":0,"String":"a","Interface":null}}
2025-08-15T22:13:49.508-0500	DEBUG	protocol/handler.go:1591	have processed broadcast	{"{round 20 3  <nil>}": {"Key":"from","Type":15,"Integer":0,"String":"b","Interface":null}}
2025-08-15T22:13:49.508-0500	DEBUG	protocol/handler.go:1591	have processed broadcast	{"{round 20 3  <nil>}": {"Key":"from","Type":15,"Integer":0,"String":"c","Interface":null}}
2025-08-15T22:13:49.508-0500	DEBUG	protocol/handler.go:1649	have all messages and processed	{"{round 20 3  <nil>}": {"Key":"self","Type":15,"Integer":0,"String":"a","Interface":null}}
2025-08-15T22:13:49.508-0500	DEBUG	protocol/handler.go:596	round already finalized
2025-08-15T22:13:49.511-0500	DEBUG	protocol/handler.go:581	tryAdvanceRound called	{"{current_round 20 3  <nil>}": {"Key":"self","Type":15,"Integer":0,"String":"b","Interface":null}}
2025-08-15T22:13:49.512-0500	DEBUG	protocol/handler.go:1591	have processed broadcast	{"{round 20 3  <nil>}": {"Key":"from","Type":15,"Integer":0,"String":"a","Interface":null}}
2025-08-15T22:13:49.512-0500	DEBUG	protocol/handler.go:1591	have processed broadcast	{"{round 20 3  <nil>}": {"Key":"from","Type":15,"Integer":0,"String":"c","Interface":null}}
2025-08-15T22:13:49.512-0500	DEBUG	protocol/handler.go:1649	have all messages and processed	{"{round 20 3  <nil>}": {"Key":"self","Type":15,"Integer":0,"String":"b","Interface":null}}
2025-08-15T22:13:49.512-0500	DEBUG	protocol/handler.go:596	round already finalized
2025-08-15T22:13:49.512-0500	DEBUG	protocol/handler.go:581	tryAdvanceRound called	{"{current_round 20 3  <nil>}": {"Key":"self","Type":15,"Integer":0,"String":"c","Interface":null}}
2025-08-15T22:13:49.512-0500	DEBUG	protocol/handler.go:1591	have processed broadcast	{"{round 20 3  <nil>}": {"Key":"from","Type":15,"Integer":0,"String":"a","Interface":null}}
2025-08-15T22:13:49.512-0500	DEBUG	protocol/handler.go:1591	have processed broadcast	{"{round 20 3  <nil>}": {"Key":"from","Type":15,"Integer":0,"String":"b","Interface":null}}
2025-08-15T22:13:49.512-0500	DEBUG	protocol/handler.go:1649	have all messages and processed	{"{round 20 3  <nil>}": {"Key":"self","Type":15,"Integer":0,"String":"c","Interface":null}}
2025-08-15T22:13:49.512-0500	DEBUG	protocol/handler.go:596	round already finalized
2025-08-15T22:13:49.517-0500	DEBUG	protocol/handler.go:581	tryAdvanceRound called	{"{current_round 20 3  <nil>}": {"Key":"self","Type":15,"Integer":0,"String":"a","Interface":null}}
2025-08-15T22:13:49.517-0500	DEBUG	protocol/handler.go:1591	have processed broadcast	{"{round 20 3  <nil>}": {"Key":"from","Type":15,"Integer":0,"String":"b","Interface":null}}
2025-08-15T22:13:49.517-0500	DEBUG	protocol/handler.go:1591	have processed broadcast	{"{round 20 3  <nil>}": {"Key":"from","Type":15,"Integer":0,"String":"c","Interface":null}}
2025-08-15T22:13:49.517-0500	DEBUG	protocol/handler.go:1649	have all messages and processed	{"{round 20 3  <nil>}": {"Key":"self","Type":15,"Integer":0,"String":"a","Interface":null}}
2025-08-15T22:13:49.517-0500	DEBUG	protocol/handler.go:596	round already finalized
2025-08-15T22:13:49.517-0500	DEBUG	protocol/handler.go:581	tryAdvanceRound called	{"{current_round 20 2  <nil>}": {"Key":"self","Type":15,"Integer":0,"String":"a","Interface":null}}
2025-08-15T22:13:49.517-0500	DEBUG	protocol/handler.go:1600	waiting for broadcasts	{"{round 20 2  <nil>}": {"Key":"missing","Type":15,"Integer":0,"String":"[b]","Interface":null}}
2025-08-15T22:13:49.521-0500	DEBUG	protocol/handler.go:581	tryAdvanceRound called	{"{current_round 20 3  <nil>}": {"Key":"self","Type":15,"Integer":0,"String":"c","Interface":null}}
2025-08-15T22:13:49.521-0500	DEBUG	protocol/handler.go:1591	have processed broadcast	{"{round 20 3  <nil>}": {"Key":"from","Type":15,"Integer":0,"String":"a","Interface":null}}
2025-08-15T22:13:49.521-0500	DEBUG	protocol/handler.go:1591	have processed broadcast	{"{round 20 3  <nil>}": {"Key":"from","Type":15,"Integer":0,"String":"b","Interface":null}}
2025-08-15T22:13:49.521-0500	DEBUG	protocol/handler.go:1649	have all messages and processed	{"{round 20 3  <nil>}": {"Key":"self","Type":15,"Integer":0,"String":"c","Interface":null}}
2025-08-15T22:13:49.521-0500	DEBUG	protocol/handler.go:596	round already finalized
2025-08-15T22:13:49.521-0500	DEBUG	protocol/handler.go:581	tryAdvanceRound called	{"{current_round 20 3  <nil>}": {"Key":"self","Type":15,"Integer":0,"String":"b","Interface":null}}
2025-08-15T22:13:49.521-0500	DEBUG	protocol/handler.go:1591	have processed broadcast	{"{round 20 3  <nil>}": {"Key":"from","Type":15,"Integer":0,"String":"a","Interface":null}}
2025-08-15T22:13:49.521-0500	DEBUG	protocol/handler.go:1591	have processed broadcast	{"{round 20 3  <nil>}": {"Key":"from","Type":15,"Integer":0,"String":"c","Interface":null}}
2025-08-15T22:13:49.521-0500	DEBUG	protocol/handler.go:1649	have all messages and processed	{"{round 20 3  <nil>}": {"Key":"self","Type":15,"Integer":0,"String":"b","Interface":null}}
2025-08-15T22:13:49.521-0500	DEBUG	protocol/handler.go:596	round already finalized
2025-08-15T22:13:49.526-0500	DEBUG	protocol/handler.go:581	tryAdvanceRound called	{"{current_round 20 2  <nil>}": {"Key":"self","Type":15,"Integer":0,"String":"a","Interface":null}}
2025-08-15T22:13:49.526-0500	DEBUG	protocol/handler.go:1600	waiting for broadcasts	{"{round 20 2  <nil>}": {"Key":"missing","Type":15,"Integer":0,"String":"[b]","Interface":null}}
2025-08-15T22:13:49.526-0500	DEBUG	protocol/handler.go:581	tryAdvanceRound called	{"{current_round 20 3  <nil>}": {"Key":"self","Type":15,"Integer":0,"String":"a","Interface":null}}
2025-08-15T22:13:49.527-0500	DEBUG	protocol/handler.go:1591	have processed broadcast	{"{round 20 3  <nil>}": {"Key":"from","Type":15,"Integer":0,"String":"b","Interface":null}}
2025-08-15T22:13:49.527-0500	DEBUG	protocol/handler.go:1591	have processed broadcast	{"{round 20 3  <nil>}": {"Key":"from","Type":15,"Integer":0,"String":"c","Interface":null}}
2025-08-15T22:13:49.528-0500	DEBUG	protocol/handler.go:1649	have all messages and processed	{"{round 20 3  <nil>}": {"Key":"self","Type":15,"Integer":0,"String":"a","Interface":null}}
2025-08-15T22:13:49.528-0500	DEBUG	protocol/handler.go:596	round already finalized
2025-08-15T22:13:49.531-0500	DEBUG	protocol/handler.go:581	tryAdvanceRound called	{"{current_round 20 3  <nil>}": {"Key":"self","Type":15,"Integer":0,"String":"b","Interface":null}}
2025-08-15T22:13:49.532-0500	DEBUG	protocol/handler.go:1591	have processed broadcast	{"{round 20 3  <nil>}": {"Key":"from","Type":15,"Integer":0,"String":"a","Interface":null}}
2025-08-15T22:13:49.532-0500	DEBUG	protocol/handler.go:1591	have processed broadcast	{"{round 20 3  <nil>}": {"Key":"from","Type":15,"Integer":0,"String":"c","Interface":null}}
2025-08-15T22:13:49.532-0500	DEBUG	protocol/handler.go:1649	have all messages and processed	{"{round 20 3  <nil>}": {"Key":"self","Type":15,"Integer":0,"String":"b","Interface":null}}
2025-08-15T22:13:49.532-0500	DEBUG	protocol/handler.go:596	round already finalized
2025-08-15T22:13:49.531-0500	DEBUG	protocol/handler.go:581	tryAdvanceRound called	{"{current_round 20 3  <nil>}": {"Key":"self","Type":15,"Integer":0,"String":"c","Interface":null}}
2025-08-15T22:13:49.532-0500	DEBUG	protocol/handler.go:1591	have processed broadcast	{"{round 20 3  <nil>}": {"Key":"from","Type":15,"Integer":0,"String":"a","Interface":null}}
2025-08-15T22:13:49.532-0500	DEBUG	protocol/handler.go:1591	have processed broadcast	{"{round 20 3  <nil>}": {"Key":"from","Type":15,"Integer":0,"String":"b","Interface":null}}
2025-08-15T22:13:49.532-0500	DEBUG	protocol/handler.go:1649	have all messages and processed	{"{round 20 3  <nil>}": {"Key":"self","Type":15,"Integer":0,"String":"c","Interface":null}}
2025-08-15T22:13:49.532-0500	DEBUG	protocol/handler.go:596	round already finalized
2025-08-15T22:13:49.538-0500	DEBUG	protocol/handler.go:581	tryAdvanceRound called	{"{current_round 20 2  <nil>}": {"Key":"self","Type":15,"Integer":0,"String":"a","Interface":null}}
2025-08-15T22:13:49.538-0500	DEBUG	protocol/handler.go:1600	waiting for broadcasts	{"{round 20 2  <nil>}": {"Key":"missing","Type":15,"Integer":0,"String":"[b]","Interface":null}}
2025-08-15T22:13:49.538-0500	DEBUG	protocol/handler.go:581	tryAdvanceRound called	{"{current_round 20 3  <nil>}": {"Key":"self","Type":15,"Integer":0,"String":"a","Interface":null}}
2025-08-15T22:13:49.538-0500	DEBUG	protocol/handler.go:1591	have processed broadcast	{"{round 20 3  <nil>}": {"Key":"from","Type":15,"Integer":0,"String":"b","Interface":null}}
2025-08-15T22:13:49.539-0500	DEBUG	protocol/handler.go:1591	have processed broadcast	{"{round 20 3  <nil>}": {"Key":"from","Type":15,"Integer":0,"String":"c","Interface":null}}
2025-08-15T22:13:49.539-0500	DEBUG	protocol/handler.go:1649	have all messages and processed	{"{round 20 3  <nil>}": {"Key":"self","Type":15,"Integer":0,"String":"a","Interface":null}}
2025-08-15T22:13:49.539-0500	DEBUG	protocol/handler.go:596	round already finalized
2025-08-15T22:13:49.541-0500	DEBUG	protocol/handler.go:581	tryAdvanceRound called	{"{current_round 20 3  <nil>}": {"Key":"self","Type":15,"Integer":0,"String":"b","Interface":null}}
2025-08-15T22:13:49.541-0500	DEBUG	protocol/handler.go:581	tryAdvanceRound called	{"{current_round 20 3  <nil>}": {"Key":"self","Type":15,"Integer":0,"String":"c","Interface":null}}
2025-08-15T22:13:49.541-0500	DEBUG	protocol/handler.go:1591	have processed broadcast	{"{round 20 3  <nil>}": {"Key":"from","Type":15,"Integer":0,"String":"a","Interface":null}}
2025-08-15T22:13:49.542-0500	DEBUG	protocol/handler.go:1591	have processed broadcast	{"{round 20 3  <nil>}": {"Key":"from","Type":15,"Integer":0,"String":"a","Interface":null}}
2025-08-15T22:13:49.542-0500	DEBUG	protocol/handler.go:1591	have processed broadcast	{"{round 20 3  <nil>}": {"Key":"from","Type":15,"Integer":0,"String":"b","Interface":null}}
2025-08-15T22:13:49.542-0500	DEBUG	protocol/handler.go:1591	have processed broadcast	{"{round 20 3  <nil>}": {"Key":"from","Type":15,"Integer":0,"String":"c","Interface":null}}
2025-08-15T22:13:49.542-0500	DEBUG	protocol/handler.go:1649	have all messages and processed	{"{round 20 3  <nil>}": {"Key":"self","Type":15,"Integer":0,"String":"c","Interface":null}}
2025-08-15T22:13:49.542-0500	DEBUG	protocol/handler.go:1649	have all messages and processed	{"{round 20 3  <nil>}": {"Key":"self","Type":15,"Integer":0,"String":"b","Interface":null}}
2025-08-15T22:13:49.542-0500	DEBUG	protocol/handler.go:596	round already finalized
2025-08-15T22:13:49.542-0500	DEBUG	protocol/handler.go:596	round already finalized
2025-08-15T22:13:49.547-0500	DEBUG	protocol/handler.go:581	tryAdvanceRound called	{"{current_round 20 3  <nil>}": {"Key":"self","Type":15,"Integer":0,"String":"a","Interface":null}}
2025-08-15T22:13:49.547-0500	DEBUG	protocol/handler.go:1591	have processed broadcast	{"{round 20 3  <nil>}": {"Key":"from","Type":15,"Integer":0,"String":"b","Interface":null}}
2025-08-15T22:13:49.547-0500	DEBUG	protocol/handler.go:1591	have processed broadcast	{"{round 20 3  <nil>}": {"Key":"from","Type":15,"Integer":0,"String":"c","Interface":null}}
2025-08-15T22:13:49.547-0500	DEBUG	protocol/handler.go:1649	have all messages and processed	{"{round 20 3  <nil>}": {"Key":"self","Type":15,"Integer":0,"String":"a","Interface":null}}
2025-08-15T22:13:49.547-0500	DEBUG	protocol/handler.go:596	round already finalized
2025-08-15T22:13:49.547-0500	DEBUG	protocol/handler.go:581	tryAdvanceRound called	{"{current_round 20 2  <nil>}": {"Key":"self","Type":15,"Integer":0,"String":"a","Interface":null}}
2025-08-15T22:13:49.547-0500	DEBUG	protocol/handler.go:1600	waiting for broadcasts	{"{round 20 2  <nil>}": {"Key":"missing","Type":15,"Integer":0,"String":"[b]","Interface":null}}
2025-08-15T22:13:49.551-0500	DEBUG	protocol/handler.go:581	tryAdvanceRound called	{"{current_round 20 3  <nil>}": {"Key":"self","Type":15,"Integer":0,"String":"b","Interface":null}}
2025-08-15T22:13:49.551-0500	DEBUG	protocol/handler.go:1591	have processed broadcast	{"{round 20 3  <nil>}": {"Key":"from","Type":15,"Integer":0,"String":"a","Interface":null}}
2025-08-15T22:13:49.551-0500	DEBUG	protocol/handler.go:1591	have processed broadcast	{"{round 20 3  <nil>}": {"Key":"from","Type":15,"Integer":0,"String":"c","Interface":null}}
2025-08-15T22:13:49.551-0500	DEBUG	protocol/handler.go:1649	have all messages and processed	{"{round 20 3  <nil>}": {"Key":"self","Type":15,"Integer":0,"String":"b","Interface":null}}
2025-08-15T22:13:49.551-0500	DEBUG	protocol/handler.go:596	round already finalized
2025-08-15T22:13:49.552-0500	DEBUG	protocol/handler.go:1039	sendRoundMessage	{"{from 15 0 b <nil>}": {"Key":"to","Type":15,"Integer":0,"String":"","Interface":null}, "{round 20 2  <nil>}": {"Key":"broadcast","Type":4,"Integer":1,"String":"","Interface":null}}
2025-08-15T22:13:49.552-0500	DEBUG	protocol/handler.go:1657	storing broadcast	{"{round 20 2  <nil>}": {"Key":"from","Type":15,"Integer":0,"String":"b","Interface":null}}
2025-08-15T22:13:49.552-0500	DEBUG	protocol/handler.go:1081	sent message to output channel	{"{from 15 0 b <nil>}": {"Key":"to","Type":15,"Integer":0,"String":"","Interface":null}, "{round 20 2  <nil>}": {"Key":"broadcast","Type":4,"Integer":1,"String":"","Interface":null}}
2025-08-15T22:13:49.552-0500	DEBUG	protocol/handler.go:1182	finalized round messages	{"{round 20 1  <nil>}": {"Key":"messages","Type":11,"Integer":1,"String":"","Interface":null}}
2025-08-15T22:13:49.552-0500	DEBUG	protocol/handler.go:1239	finalize returned next round	{"{current 20 1  <nil>}": {"Key":"next","Type":20,"Integer":2,"String":"","Interface":null}}
2025-08-15T22:13:49.552-0500	INFO	protocol/handler.go:642	storing new currentRound	{"{from 20 1  <nil>}": {"Key":"to","Type":20,"Integer":2,"String":"","Interface":null}}
2025-08-15T22:13:49.553-0500	DEBUG	protocol/handler.go:1503	processing queued messages
2025-08-15T22:13:49.553-0500	INFO	protocol/handler.go:560	advanced to round
2025-08-15T22:13:49.553-0500	DEBUG	protocol/handler.go:581	tryAdvanceRound called	{"{current_round 20 2  <nil>}": {"Key":"self","Type":15,"Integer":0,"String":"b","Interface":null}}
2025-08-15T22:13:49.553-0500	DEBUG	protocol/handler.go:1591	have processed broadcast	{"{round 20 2  <nil>}": {"Key":"from","Type":15,"Integer":0,"String":"a","Interface":null}}
2025-08-15T22:13:49.553-0500	DEBUG	protocol/handler.go:1649	have all messages and processed	{"{round 20 2  <nil>}": {"Key":"self","Type":15,"Integer":0,"String":"b","Interface":null}}
2025-08-15T22:13:49.553-0500	DEBUG	protocol/handler.go:619	finalizing round
2025-08-15T22:13:49.553-0500	DEBUG	protocol/handler.go:1503	processing queued messages
2025-08-15T22:13:49.553-0500	DEBUG	protocol/handler.go:1039	sendRoundMessage	{"{from 15 0 b <nil>}": {"Key":"to","Type":15,"Integer":0,"String":"","Interface":null}, "{round 20 3  <nil>}": {"Key":"broadcast","Type":4,"Integer":1,"String":"","Interface":null}}
2025-08-15T22:13:49.554-0500	DEBUG	protocol/handler.go:1657	storing broadcast	{"{round 20 3  <nil>}": {"Key":"from","Type":15,"Integer":0,"String":"b","Interface":null}}
2025-08-15T22:13:49.554-0500	DEBUG	protocol/handler.go:1081	sent message to output channel	{"{from 15 0 b <nil>}": {"Key":"to","Type":15,"Integer":0,"String":"","Interface":null}, "{round 20 3  <nil>}": {"Key":"broadcast","Type":4,"Integer":1,"String":"","Interface":null}}
2025-08-15T22:13:49.554-0500	DEBUG	protocol/handler.go:1182	finalized round messages	{"{round 20 2  <nil>}": {"Key":"messages","Type":11,"Integer":1,"String":"","Interface":null}}
2025-08-15T22:13:49.554-0500	DEBUG	protocol/handler.go:1239	finalize returned next round	{"{current 20 2  <nil>}": {"Key":"next","Type":20,"Integer":3,"String":"","Interface":null}}
2025-08-15T22:13:49.554-0500	INFO	protocol/handler.go:642	storing new currentRound	{"{from 20 2  <nil>}": {"Key":"to","Type":20,"Integer":3,"String":"","Interface":null}}
2025-08-15T22:13:49.554-0500	DEBUG	protocol/handler.go:1503	processing queued messages
2025-08-15T22:13:49.554-0500	DEBUG	protocol/handler.go:1503	processing queued messages
2025-08-15T22:13:49.554-0500	DEBUG	protocol/handler.go:437	processing message	{"{from 15 0 b <nil>}": {"Key":"to","Type":15,"Integer":0,"String":"","Interface":null}, "{round 20 3  <nil>}": {"Key":"broadcast","Type":4,"Integer":1,"String":"","Interface":null}}
2025-08-15T22:13:49.554-0500	DEBUG	protocol/handler.go:437	processing message	{"{from 15 0 b <nil>}": {"Key":"to","Type":15,"Integer":0,"String":"","Interface":null}, "{round 20 2  <nil>}": {"Key":"broadcast","Type":4,"Integer":1,"String":"","Interface":null}}
2025-08-15T22:13:49.554-0500	DEBUG	protocol/handler.go:581	tryAdvanceRound called	{"{current_round 20 3  <nil>}": {"Key":"self","Type":15,"Integer":0,"String":"c","Interface":null}}
2025-08-15T22:13:49.554-0500	DEBUG	protocol/handler.go:1591	have processed broadcast	{"{round 20 3  <nil>}": {"Key":"from","Type":15,"Integer":0,"String":"a","Interface":null}}
2025-08-15T22:13:49.554-0500	DEBUG	protocol/handler.go:1591	have processed broadcast	{"{round 20 3  <nil>}": {"Key":"from","Type":15,"Integer":0,"String":"b","Interface":null}}
2025-08-15T22:13:49.554-0500	DEBUG	protocol/handler.go:1649	have all messages and processed	{"{round 20 3  <nil>}": {"Key":"self","Type":15,"Integer":0,"String":"c","Interface":null}}
2025-08-15T22:13:49.554-0500	DEBUG	protocol/handler.go:596	round already finalized
2025-08-15T22:13:49.554-0500	DEBUG	protocol/handler.go:1657	storing broadcast	{"{round 20 2  <nil>}": {"Key":"from","Type":15,"Integer":0,"String":"b","Interface":null}}
2025-08-15T22:13:49.555-0500	DEBUG	protocol/handler.go:581	tryAdvanceRound called	{"{current_round 20 2  <nil>}": {"Key":"self","Type":15,"Integer":0,"String":"a","Interface":null}}
2025-08-15T22:13:49.555-0500	DEBUG	protocol/handler.go:1591	have processed broadcast	{"{round 20 2  <nil>}": {"Key":"from","Type":15,"Integer":0,"String":"b","Interface":null}}
2025-08-15T22:13:49.555-0500	DEBUG	protocol/handler.go:1649	have all messages and processed	{"{round 20 2  <nil>}": {"Key":"self","Type":15,"Integer":0,"String":"a","Interface":null}}
2025-08-15T22:13:49.555-0500	DEBUG	protocol/handler.go:619	finalizing round
2025-08-15T22:13:49.554-0500	DEBUG	protocol/handler.go:1657	storing broadcast	{"{round 20 3  <nil>}": {"Key":"from","Type":15,"Integer":0,"String":"b","Interface":null}}
2025-08-15T22:13:49.555-0500	DEBUG	protocol/handler.go:470	message for different round (buffering)	{"{msg_round 20 3  <nil>}": {"Key":"current_round","Type":20,"Integer":2,"String":"","Interface":null}}
2025-08-15T22:13:49.555-0500	DEBUG	protocol/handler.go:581	tryAdvanceRound called	{"{current_round 20 2  <nil>}": {"Key":"self","Type":15,"Integer":0,"String":"a","Interface":null}}
2025-08-15T22:13:49.555-0500	DEBUG	protocol/handler.go:1591	have processed broadcast	{"{round 20 2  <nil>}": {"Key":"from","Type":15,"Integer":0,"String":"b","Interface":null}}
2025-08-15T22:13:49.556-0500	DEBUG	protocol/handler.go:1649	have all messages and processed	{"{round 20 2  <nil>}": {"Key":"self","Type":15,"Integer":0,"String":"a","Interface":null}}
2025-08-15T22:13:49.556-0500	DEBUG	protocol/handler.go:596	round already finalized
2025-08-15T22:13:49.556-0500	DEBUG	protocol/handler.go:1039	sendRoundMessage	{"{from 15 0 a <nil>}": {"Key":"to","Type":15,"Integer":0,"String":"","Interface":null}, "{round 20 3  <nil>}": {"Key":"broadcast","Type":4,"Integer":1,"String":"","Interface":null}}
2025-08-15T22:13:49.556-0500	DEBUG	protocol/handler.go:581	tryAdvanceRound called	{"{current_round 20 2  <nil>}": {"Key":"self","Type":15,"Integer":0,"String":"a","Interface":null}}
2025-08-15T22:13:49.556-0500	DEBUG	protocol/handler.go:1591	have processed broadcast	{"{round 20 2  <nil>}": {"Key":"from","Type":15,"Integer":0,"String":"b","Interface":null}}
2025-08-15T22:13:49.556-0500	DEBUG	protocol/handler.go:1649	have all messages and processed	{"{round 20 2  <nil>}": {"Key":"self","Type":15,"Integer":0,"String":"a","Interface":null}}
2025-08-15T22:13:49.556-0500	DEBUG	protocol/handler.go:596	round already finalized
2025-08-15T22:13:49.556-0500	INFO	protocol/handler.go:560	advanced to round
2025-08-15T22:13:49.556-0500	DEBUG	protocol/handler.go:1657	storing broadcast	{"{round 20 3  <nil>}": {"Key":"from","Type":15,"Integer":0,"String":"a","Interface":null}}
2025-08-15T22:13:49.557-0500	DEBUG	protocol/handler.go:1081	sent message to output channel	{"{from 15 0 a <nil>}": {"Key":"to","Type":15,"Integer":0,"String":"","Interface":null}, "{round 20 3  <nil>}": {"Key":"broadcast","Type":4,"Integer":1,"String":"","Interface":null}}
2025-08-15T22:13:49.557-0500	DEBUG	protocol/handler.go:1182	finalized round messages	{"{round 20 2  <nil>}": {"Key":"messages","Type":11,"Integer":1,"String":"","Interface":null}}
2025-08-15T22:13:49.556-0500	DEBUG	protocol/handler.go:581	tryAdvanceRound called	{"{current_round 20 3  <nil>}": {"Key":"self","Type":15,"Integer":0,"String":"b","Interface":null}}
2025-08-15T22:13:49.557-0500	DEBUG	protocol/handler.go:1239	finalize returned next round	{"{current 20 2  <nil>}": {"Key":"next","Type":20,"Integer":3,"String":"","Interface":null}}
2025-08-15T22:13:49.557-0500	INFO	protocol/handler.go:642	storing new currentRound	{"{from 20 2  <nil>}": {"Key":"to","Type":20,"Integer":3,"String":"","Interface":null}}
2025-08-15T22:13:49.557-0500	DEBUG	protocol/handler.go:1503	processing queued messages
2025-08-15T22:13:49.557-0500	DEBUG	protocol/handler.go:1503	processing queued messages
2025-08-15T22:13:49.557-0500	DEBUG	protocol/handler.go:1600	waiting for broadcasts	{"{round 20 3  <nil>}": {"Key":"missing","Type":15,"Integer":0,"String":"[a]","Interface":null}}
2025-08-15T22:13:49.557-0500	DEBUG	protocol/handler.go:437	processing message	{"{from 15 0 a <nil>}": {"Key":"to","Type":15,"Integer":0,"String":"","Interface":null}, "{round 20 3  <nil>}": {"Key":"broadcast","Type":4,"Integer":1,"String":"","Interface":null}}
2025-08-15T22:13:49.557-0500	DEBUG	protocol/handler.go:1657	storing broadcast	{"{round 20 3  <nil>}": {"Key":"from","Type":15,"Integer":0,"String":"a","Interface":null}}
2025-08-15T22:13:49.562-0500	DEBUG	protocol/handler.go:581	tryAdvanceRound called	{"{current_round 20 3  <nil>}": {"Key":"self","Type":15,"Integer":0,"String":"b","Interface":null}}
2025-08-15T22:13:49.562-0500	DEBUG	protocol/handler.go:1591	have processed broadcast	{"{round 20 3  <nil>}": {"Key":"from","Type":15,"Integer":0,"String":"a","Interface":null}}
2025-08-15T22:13:49.562-0500	DEBUG	protocol/handler.go:1591	have processed broadcast	{"{round 20 3  <nil>}": {"Key":"from","Type":15,"Integer":0,"String":"c","Interface":null}}
2025-08-15T22:13:49.562-0500	DEBUG	protocol/handler.go:1649	have all messages and processed	{"{round 20 3  <nil>}": {"Key":"self","Type":15,"Integer":0,"String":"b","Interface":null}}
2025-08-15T22:13:49.562-0500	DEBUG	protocol/handler.go:596	round already finalized
2025-08-15T22:13:49.562-0500	DEBUG	protocol/handler.go:581	tryAdvanceRound called	{"{current_round 20 3  <nil>}": {"Key":"self","Type":15,"Integer":0,"String":"c","Interface":null}}
2025-08-15T22:13:49.562-0500	DEBUG	protocol/handler.go:1591	have processed broadcast	{"{round 20 3  <nil>}": {"Key":"from","Type":15,"Integer":0,"String":"a","Interface":null}}
2025-08-15T22:13:49.562-0500	DEBUG	protocol/handler.go:1591	have processed broadcast	{"{round 20 3  <nil>}": {"Key":"from","Type":15,"Integer":0,"String":"b","Interface":null}}
2025-08-15T22:13:49.562-0500	DEBUG	protocol/handler.go:1649	have all messages and processed	{"{round 20 3  <nil>}": {"Key":"self","Type":15,"Integer":0,"String":"c","Interface":null}}
2025-08-15T22:13:49.562-0500	DEBUG	protocol/handler.go:596	round already finalized
2025-08-15T22:13:49.562-0500	DEBUG	protocol/handler.go:581	tryAdvanceRound called	{"{current_round 20 3  <nil>}": {"Key":"self","Type":15,"Integer":0,"String":"a","Interface":null}}
2025-08-15T22:13:49.562-0500	DEBUG	protocol/handler.go:1591	have processed broadcast	{"{round 20 3  <nil>}": {"Key":"from","Type":15,"Integer":0,"String":"b","Interface":null}}
2025-08-15T22:13:49.562-0500	DEBUG	protocol/handler.go:1591	have processed broadcast	{"{round 20 3  <nil>}": {"Key":"from","Type":15,"Integer":0,"String":"c","Interface":null}}
2025-08-15T22:13:49.562-0500	DEBUG	protocol/handler.go:1649	have all messages and processed	{"{round 20 3  <nil>}": {"Key":"self","Type":15,"Integer":0,"String":"a","Interface":null}}
2025-08-15T22:13:49.562-0500	DEBUG	protocol/handler.go:596	round already finalized
2025-08-15T22:13:49.566-0500	INFO	protocol/handler.go:560	advanced to round
2025-08-15T22:13:49.566-0500	DEBUG	protocol/handler.go:581	tryAdvanceRound called	{"{current_round 20 3  <nil>}": {"Key":"self","Type":15,"Integer":0,"String":"a","Interface":null}}
2025-08-15T22:13:49.567-0500	DEBUG	protocol/handler.go:1591	have processed broadcast	{"{round 20 3  <nil>}": {"Key":"from","Type":15,"Integer":0,"String":"b","Interface":null}}
2025-08-15T22:13:49.567-0500	DEBUG	protocol/handler.go:1649	have all messages and processed	{"{round 20 3  <nil>}": {"Key":"self","Type":15,"Integer":0,"String":"a","Interface":null}}
2025-08-15T22:13:49.567-0500	DEBUG	protocol/handler.go:581	tryAdvanceRound called	{"{current_round 20 3  <nil>}": {"Key":"self","Type":15,"Integer":0,"String":"b","Interface":null}}
2025-08-15T22:13:49.567-0500	DEBUG	protocol/handler.go:619	finalizing round
2025-08-15T22:13:49.567-0500	DEBUG	protocol/handler.go:1591	have processed broadcast	{"{round 20 3  <nil>}": {"Key":"from","Type":15,"Integer":0,"String":"a","Interface":null}}
2025-08-15T22:13:49.567-0500	DEBUG	protocol/handler.go:1649	have all messages and processed	{"{round 20 3  <nil>}": {"Key":"self","Type":15,"Integer":0,"String":"b","Interface":null}}
2025-08-15T22:13:49.567-0500	DEBUG	protocol/handler.go:619	finalizing round
2025-08-15T22:13:49.573-0500	DEBUG	protocol/handler.go:581	tryAdvanceRound called	{"{current_round 20 3  <nil>}": {"Key":"self","Type":15,"Integer":0,"String":"c","Interface":null}}
2025-08-15T22:13:49.574-0500	DEBUG	protocol/handler.go:1591	have processed broadcast	{"{round 20 3  <nil>}": {"Key":"from","Type":15,"Integer":0,"String":"a","Interface":null}}
2025-08-15T22:13:49.574-0500	DEBUG	protocol/handler.go:1591	have processed broadcast	{"{round 20 3  <nil>}": {"Key":"from","Type":15,"Integer":0,"String":"b","Interface":null}}
2025-08-15T22:13:49.574-0500	DEBUG	protocol/handler.go:1649	have all messages and processed	{"{round 20 3  <nil>}": {"Key":"self","Type":15,"Integer":0,"String":"c","Interface":null}}
2025-08-15T22:13:49.574-0500	DEBUG	protocol/handler.go:596	round already finalized
2025-08-15T22:13:49.575-0500	DEBUG	protocol/handler.go:581	tryAdvanceRound called	{"{current_round 20 3  <nil>}": {"Key":"self","Type":15,"Integer":0,"String":"b","Interface":null}}
2025-08-15T22:13:49.575-0500	DEBUG	protocol/handler.go:1591	have processed broadcast	{"{round 20 3  <nil>}": {"Key":"from","Type":15,"Integer":0,"String":"a","Interface":null}}
2025-08-15T22:13:49.575-0500	DEBUG	protocol/handler.go:1591	have processed broadcast	{"{round 20 3  <nil>}": {"Key":"from","Type":15,"Integer":0,"String":"c","Interface":null}}
2025-08-15T22:13:49.575-0500	DEBUG	protocol/handler.go:1649	have all messages and processed	{"{round 20 3  <nil>}": {"Key":"self","Type":15,"Integer":0,"String":"b","Interface":null}}
2025-08-15T22:13:49.575-0500	DEBUG	protocol/handler.go:596	round already finalized
==================
WARNING: DATA RACE
Read at 0x00c000ac0fc8 by goroutine 246:
  github.com/luxfi/threshold/protocols/cmp/keygen.(*round3).Number()
      <autogenerated>:1 +0x38
  github.com/luxfi/threshold/pkg/protocol.(*Handler).roundProcessor()
      /Users/z/work/lux/threshold/pkg/protocol/handler.go:550 +0x1d4
  github.com/luxfi/threshold/pkg/protocol.(*Handler).startWorkers.func1()
      /Users/z/work/lux/threshold/pkg/protocol/handler.go:374 +0x78

Previous write at 0x00c000ac0fcc by goroutine 242:
  ??()
      -:0 +0x100df9820
  sync/atomic.AddInt32()
      <autogenerated>:1 +0x14
  internal/sync.(*HashTrieMap[go.shape.interface {},go.shape.interface {}]).initSlow.deferwrap1()
      /opt/homebrew/Cellar/go/1.24.6/libexec/src/internal/sync/hashtriemap.go:39 +0x34
  runtime.deferreturn()
      /opt/homebrew/Cellar/go/1.24.6/libexec/src/runtime/panic.go:610 +0x5c
  internal/sync.(*HashTrieMap[go.shape.interface {},go.shape.interface {}]).init()
      /opt/homebrew/Cellar/go/1.24.6/libexec/src/internal/sync/hashtriemap.go:32 +0x44
  internal/sync.(*HashTrieMap[go.shape.interface {},go.shape.interface {}]).Swap()
      /opt/homebrew/Cellar/go/1.24.6/libexec/src/internal/sync/hashtriemap.go:206 +0x54
  internal/sync.(*HashTrieMap[go.shape.interface {},go.shape.interface {}]).Store()
      /opt/homebrew/Cellar/go/1.24.6/libexec/src/internal/sync/hashtriemap.go:200 +0x54
  sync.(*Map).Store()
      /opt/homebrew/Cellar/go/1.24.6/libexec/src/sync/hashtriemap.go:55 +0x54
  github.com/luxfi/threshold/protocols/cmp/keygen.(*round3).StoreBroadcastMessage()
      /Users/z/work/lux/threshold/protocols/cmp/keygen/round3.go:122 +0xb30
  github.com/luxfi/threshold/pkg/protocol.(*Handler).verifyBroadcast()
      /Users/z/work/lux/threshold/pkg/protocol/handler.go:1392 +0x648
  github.com/luxfi/threshold/pkg/protocol.(*Handler).processMessage()
      /Users/z/work/lux/threshold/pkg/protocol/handler.go:480 +0xb9c
  github.com/luxfi/threshold/pkg/protocol.(*Handler).messageWorker()
      /Users/z/work/lux/threshold/pkg/protocol/handler.go:408 +0x338
  github.com/luxfi/threshold/pkg/protocol.(*Handler).startWorkers.gowrap2()
      /Users/z/work/lux/threshold/pkg/protocol/handler.go:361 +0x44

Goroutine 246 (running) created at:
  github.com/luxfi/threshold/pkg/protocol.(*Handler).startWorkers()
      /Users/z/work/lux/threshold/pkg/protocol/handler.go:372 +0x4fc
  github.com/luxfi/threshold/pkg/protocol.NewHandler()
      /Users/z/work/lux/threshold/pkg/protocol/handler.go:247 +0xf10
  github.com/luxfi/threshold/internal/test.(*Harness).CreateHandler()
      /Users/z/work/lux/threshold/internal/test/harness.go:91 +0x2e4
  github.com/luxfi/threshold/internal/test.RunProtocolWithTimeout()
      /Users/z/work/lux/threshold/internal/test/harness.go:297 +0x23c
  github.com/luxfi/threshold/protocols/cmp_test.TestCMPMinimalKeygen()
      /Users/z/work/lux/threshold/protocols/cmp/cmp_basic_test.go:83 +0x178
  testing.tRunner()
      /opt/homebrew/Cellar/go/1.24.6/libexec/src/testing/testing.go:1792 +0x180
  testing.(*T).Run.gowrap1()
      /opt/homebrew/Cellar/go/1.24.6/libexec/src/testing/testing.go:1851 +0x40

Goroutine 242 (running) created at:
  github.com/luxfi/threshold/pkg/protocol.(*Handler).startWorkers()
      /Users/z/work/lux/threshold/pkg/protocol/handler.go:361 +0x334
  github.com/luxfi/threshold/pkg/protocol.NewHandler()
      /Users/z/work/lux/threshold/pkg/protocol/handler.go:247 +0xf10
  github.com/luxfi/threshold/internal/test.(*Harness).CreateHandler()
      /Users/z/work/lux/threshold/internal/test/harness.go:91 +0x2e4
  github.com/luxfi/threshold/internal/test.RunProtocolWithTimeout()
      /Users/z/work/lux/threshold/internal/test/harness.go:297 +0x23c
  github.com/luxfi/threshold/protocols/cmp_test.TestCMPMinimalKeygen()
      /Users/z/work/lux/threshold/protocols/cmp/cmp_basic_test.go:83 +0x178
  testing.tRunner()
      /opt/homebrew/Cellar/go/1.24.6/libexec/src/testing/testing.go:1792 +0x180
  testing.(*T).Run.gowrap1()
      /opt/homebrew/Cellar/go/1.24.6/libexec/src/testing/testing.go:1851 +0x40
==================
2025-08-15T22:13:49.577-0500	DEBUG	protocol/handler.go:581	tryAdvanceRound called	{"{current_round 20 3  <nil>}": {"Key":"self","Type":15,"Integer":0,"String":"a","Interface":null}}
2025-08-15T22:13:49.577-0500	DEBUG	protocol/handler.go:1591	have processed broadcast	{"{round 20 3  <nil>}": {"Key":"from","Type":15,"Integer":0,"String":"b","Interface":null}}
2025-08-15T22:13:49.577-0500	DEBUG	protocol/handler.go:1591	have processed broadcast	{"{round 20 3  <nil>}": {"Key":"from","Type":15,"Integer":0,"String":"c","Interface":null}}
2025-08-15T22:13:49.577-0500	DEBUG	protocol/handler.go:1649	have all messages and processed	{"{round 20 3  <nil>}": {"Key":"self","Type":15,"Integer":0,"String":"a","Interface":null}}
2025-08-15T22:13:49.577-0500	DEBUG	protocol/handler.go:596	round already finalized
2025-08-15T22:13:49.577-0500	DEBUG	protocol/handler.go:581	tryAdvanceRound called	{"{current_round 20 3  <nil>}": {"Key":"self","Type":15,"Integer":0,"String":"b","Interface":null}}
2025-08-15T22:13:49.581-0500	DEBUG	protocol/handler.go:1591	have processed broadcast	{"{round 20 3  <nil>}": {"Key":"from","Type":15,"Integer":0,"String":"a","Interface":null}}
2025-08-15T22:13:49.581-0500	DEBUG	protocol/handler.go:1649	have all messages and processed	{"{round 20 3  <nil>}": {"Key":"self","Type":15,"Integer":0,"String":"b","Interface":null}}
2025-08-15T22:13:49.581-0500	DEBUG	protocol/handler.go:596	round already finalized
2025-08-15T22:13:49.589-0500	DEBUG	protocol/handler.go:581	tryAdvanceRound called	{"{current_round 20 3  <nil>}": {"Key":"self","Type":15,"Integer":0,"String":"b","Interface":null}}
2025-08-15T22:13:49.589-0500	DEBUG	protocol/handler.go:1591	have processed broadcast	{"{round 20 3  <nil>}": {"Key":"from","Type":15,"Integer":0,"String":"a","Interface":null}}
2025-08-15T22:13:49.589-0500	DEBUG	protocol/handler.go:1591	have processed broadcast	{"{round 20 3  <nil>}": {"Key":"from","Type":15,"Integer":0,"String":"c","Interface":null}}
2025-08-15T22:13:49.589-0500	DEBUG	protocol/handler.go:1649	have all messages and processed	{"{round 20 3  <nil>}": {"Key":"self","Type":15,"Integer":0,"String":"b","Interface":null}}
2025-08-15T22:13:49.589-0500	DEBUG	protocol/handler.go:596	round already finalized
2025-08-15T22:13:49.599-0500	DEBUG	protocol/handler.go:581	tryAdvanceRound called	{"{current_round 20 3  <nil>}": {"Key":"self","Type":15,"Integer":0,"String":"a","Interface":null}}
2025-08-15T22:13:49.599-0500	DEBUG	protocol/handler.go:1591	have processed broadcast	{"{round 20 3  <nil>}": {"Key":"from","Type":15,"Integer":0,"String":"b","Interface":null}}
2025-08-15T22:13:49.599-0500	DEBUG	protocol/handler.go:1591	have processed broadcast	{"{round 20 3  <nil>}": {"Key":"from","Type":15,"Integer":0,"String":"c","Interface":null}}
2025-08-15T22:13:49.600-0500	DEBUG	protocol/handler.go:1649	have all messages and processed	{"{round 20 3  <nil>}": {"Key":"self","Type":15,"Integer":0,"String":"a","Interface":null}}
2025-08-15T22:13:49.600-0500	DEBUG	protocol/handler.go:596	round already finalized
2025-08-15T22:13:49.600-0500	DEBUG	protocol/handler.go:581	tryAdvanceRound called	{"{current_round 20 3  <nil>}": {"Key":"self","Type":15,"Integer":0,"String":"b","Interface":null}}
2025-08-15T22:13:49.600-0500	DEBUG	protocol/handler.go:1591	have processed broadcast	{"{round 20 3  <nil>}": {"Key":"from","Type":15,"Integer":0,"String":"a","Interface":null}}
2025-08-15T22:13:49.600-0500	DEBUG	protocol/handler.go:1649	have all messages and processed	{"{round 20 3  <nil>}": {"Key":"self","Type":15,"Integer":0,"String":"b","Interface":null}}
2025-08-15T22:13:49.600-0500	DEBUG	protocol/handler.go:596	round already finalized
2025-08-15T22:13:49.610-0500	DEBUG	protocol/handler.go:581	tryAdvanceRound called	{"{current_round 20 3  <nil>}": {"Key":"self","Type":15,"Integer":0,"String":"b","Interface":null}}
2025-08-15T22:13:49.611-0500	DEBUG	protocol/handler.go:1591	have processed broadcast	{"{round 20 3  <nil>}": {"Key":"from","Type":15,"Integer":0,"String":"a","Interface":null}}
2025-08-15T22:13:49.611-0500	DEBUG	protocol/handler.go:1591	have processed broadcast	{"{round 20 3  <nil>}": {"Key":"from","Type":15,"Integer":0,"String":"c","Interface":null}}
2025-08-15T22:13:49.611-0500	DEBUG	protocol/handler.go:1649	have all messages and processed	{"{round 20 3  <nil>}": {"Key":"self","Type":15,"Integer":0,"String":"b","Interface":null}}
2025-08-15T22:13:49.611-0500	DEBUG	protocol/handler.go:596	round already finalized
2025-08-15T22:13:49.611-0500	DEBUG	protocol/handler.go:581	tryAdvanceRound called	{"{current_round 20 3  <nil>}": {"Key":"self","Type":15,"Integer":0,"String":"b","Interface":null}}
2025-08-15T22:13:49.611-0500	DEBUG	protocol/handler.go:1591	have processed broadcast	{"{round 20 3  <nil>}": {"Key":"from","Type":15,"Integer":0,"String":"a","Interface":null}}
2025-08-15T22:13:49.612-0500	DEBUG	protocol/handler.go:1591	have processed broadcast	{"{round 20 3  <nil>}": {"Key":"from","Type":15,"Integer":0,"String":"c","Interface":null}}
2025-08-15T22:13:49.612-0500	DEBUG	protocol/handler.go:1649	have all messages and processed	{"{round 20 3  <nil>}": {"Key":"self","Type":15,"Integer":0,"String":"b","Interface":null}}
2025-08-15T22:13:49.612-0500	DEBUG	protocol/handler.go:596	round already finalized
2025-08-15T22:13:49.623-0500	DEBUG	protocol/handler.go:581	tryAdvanceRound called	{"{current_round 20 3  <nil>}": {"Key":"self","Type":15,"Integer":0,"String":"a","Interface":null}}
2025-08-15T22:13:49.623-0500	DEBUG	protocol/handler.go:581	tryAdvanceRound called	{"{current_round 20 3  <nil>}": {"Key":"self","Type":15,"Integer":0,"String":"b","Interface":null}}
2025-08-15T22:13:49.623-0500	DEBUG	protocol/handler.go:1591	have processed broadcast	{"{round 20 3  <nil>}": {"Key":"from","Type":15,"Integer":0,"String":"b","Interface":null}}
2025-08-15T22:13:49.623-0500	DEBUG	protocol/handler.go:1591	have processed broadcast	{"{round 20 3  <nil>}": {"Key":"from","Type":15,"Integer":0,"String":"a","Interface":null}}
2025-08-15T22:13:49.623-0500	DEBUG	protocol/handler.go:1591	have processed broadcast	{"{round 20 3  <nil>}": {"Key":"from","Type":15,"Integer":0,"String":"c","Interface":null}}
2025-08-15T22:13:49.623-0500	DEBUG	protocol/handler.go:1649	have all messages and processed	{"{round 20 3  <nil>}": {"Key":"self","Type":15,"Integer":0,"String":"b","Interface":null}}
2025-08-15T22:13:49.623-0500	DEBUG	protocol/handler.go:1649	have all messages and processed	{"{round 20 3  <nil>}": {"Key":"self","Type":15,"Integer":0,"String":"a","Interface":null}}
2025-08-15T22:13:49.623-0500	DEBUG	protocol/handler.go:596	round already finalized
2025-08-15T22:13:49.623-0500	DEBUG	protocol/handler.go:596	round already finalized
2025-08-15T22:13:49.634-0500	DEBUG	protocol/handler.go:581	tryAdvanceRound called	{"{current_round 20 3  <nil>}": {"Key":"self","Type":15,"Integer":0,"String":"c","Interface":null}}
2025-08-15T22:13:49.634-0500	DEBUG	protocol/handler.go:1591	have processed broadcast	{"{round 20 3  <nil>}": {"Key":"from","Type":15,"Integer":0,"String":"a","Interface":null}}
2025-08-15T22:13:49.634-0500	DEBUG	protocol/handler.go:1591	have processed broadcast	{"{round 20 3  <nil>}": {"Key":"from","Type":15,"Integer":0,"String":"b","Interface":null}}
2025-08-15T22:13:49.634-0500	DEBUG	protocol/handler.go:581	tryAdvanceRound called	{"{current_round 20 3  <nil>}": {"Key":"self","Type":15,"Integer":0,"String":"b","Interface":null}}
2025-08-15T22:13:49.634-0500	DEBUG	protocol/handler.go:1591	have processed broadcast	{"{round 20 3  <nil>}": {"Key":"from","Type":15,"Integer":0,"String":"a","Interface":null}}
2025-08-15T22:13:49.634-0500	DEBUG	protocol/handler.go:1591	have processed broadcast	{"{round 20 3  <nil>}": {"Key":"from","Type":15,"Integer":0,"String":"c","Interface":null}}
2025-08-15T22:13:49.634-0500	DEBUG	protocol/handler.go:1649	have all messages and processed	{"{round 20 3  <nil>}": {"Key":"self","Type":15,"Integer":0,"String":"b","Interface":null}}
2025-08-15T22:13:49.634-0500	DEBUG	protocol/handler.go:596	round already finalized
2025-08-15T22:13:49.634-0500	DEBUG	protocol/handler.go:1649	have all messages and processed	{"{round 20 3  <nil>}": {"Key":"self","Type":15,"Integer":0,"String":"c","Interface":null}}
2025-08-15T22:13:49.634-0500	DEBUG	protocol/handler.go:596	round already finalized
2025-08-15T22:13:49.634-0500	DEBUG	protocol/handler.go:581	tryAdvanceRound called	{"{current_round 20 3  <nil>}": {"Key":"self","Type":15,"Integer":0,"String":"c","Interface":null}}
2025-08-15T22:13:49.634-0500	DEBUG	protocol/handler.go:1591	have processed broadcast	{"{round 20 3  <nil>}": {"Key":"from","Type":15,"Integer":0,"String":"a","Interface":null}}
2025-08-15T22:13:49.634-0500	DEBUG	protocol/handler.go:1591	have processed broadcast	{"{round 20 3  <nil>}": {"Key":"from","Type":15,"Integer":0,"String":"b","Interface":null}}
2025-08-15T22:13:49.634-0500	DEBUG	protocol/handler.go:1649	have all messages and processed	{"{round 20 3  <nil>}": {"Key":"self","Type":15,"Integer":0,"String":"c","Interface":null}}
2025-08-15T22:13:49.634-0500	DEBUG	protocol/handler.go:596	round already finalized
2025-08-15T22:13:49.644-0500	DEBUG	protocol/handler.go:581	tryAdvanceRound called	{"{current_round 20 3  <nil>}": {"Key":"self","Type":15,"Integer":0,"String":"a","Interface":null}}
2025-08-15T22:13:49.644-0500	DEBUG	protocol/handler.go:1591	have processed broadcast	{"{round 20 3  <nil>}": {"Key":"from","Type":15,"Integer":0,"String":"b","Interface":null}}
2025-08-15T22:13:49.644-0500	DEBUG	protocol/handler.go:1591	have processed broadcast	{"{round 20 3  <nil>}": {"Key":"from","Type":15,"Integer":0,"String":"c","Interface":null}}
2025-08-15T22:13:49.644-0500	DEBUG	protocol/handler.go:1649	have all messages and processed	{"{round 20 3  <nil>}": {"Key":"self","Type":15,"Integer":0,"String":"a","Interface":null}}
2025-08-15T22:13:49.644-0500	DEBUG	protocol/handler.go:596	round already finalized
2025-08-15T22:13:49.644-0500	DEBUG	protocol/handler.go:581	tryAdvanceRound called	{"{current_round 20 3  <nil>}": {"Key":"self","Type":15,"Integer":0,"String":"b","Interface":null}}
2025-08-15T22:13:49.645-0500	DEBUG	protocol/handler.go:1591	have processed broadcast	{"{round 20 3  <nil>}": {"Key":"from","Type":15,"Integer":0,"String":"a","Interface":null}}
2025-08-15T22:13:49.645-0500	DEBUG	protocol/handler.go:1649	have all messages and processed	{"{round 20 3  <nil>}": {"Key":"self","Type":15,"Integer":0,"String":"b","Interface":null}}
2025-08-15T22:13:49.645-0500	DEBUG	protocol/handler.go:596	round already finalized
2025-08-15T22:13:49.655-0500	DEBUG	protocol/handler.go:581	tryAdvanceRound called	{"{current_round 20 3  <nil>}": {"Key":"self","Type":15,"Integer":0,"String":"b","Interface":null}}
2025-08-15T22:13:49.655-0500	DEBUG	protocol/handler.go:581	tryAdvanceRound called	{"{current_round 20 3  <nil>}": {"Key":"self","Type":15,"Integer":0,"String":"c","Interface":null}}
2025-08-15T22:13:49.655-0500	DEBUG	protocol/handler.go:1591	have processed broadcast	{"{round 20 3  <nil>}": {"Key":"from","Type":15,"Integer":0,"String":"a","Interface":null}}
2025-08-15T22:13:49.655-0500	DEBUG	protocol/handler.go:1591	have processed broadcast	{"{round 20 3  <nil>}": {"Key":"from","Type":15,"Integer":0,"String":"a","Interface":null}}
2025-08-15T22:13:49.655-0500	DEBUG	protocol/handler.go:1591	have processed broadcast	{"{round 20 3  <nil>}": {"Key":"from","Type":15,"Integer":0,"String":"c","Interface":null}}
2025-08-15T22:13:49.655-0500	DEBUG	protocol/handler.go:1591	have processed broadcast	{"{round 20 3  <nil>}": {"Key":"from","Type":15,"Integer":0,"String":"b","Interface":null}}
2025-08-15T22:13:49.655-0500	DEBUG	protocol/handler.go:1649	have all messages and processed	{"{round 20 3  <nil>}": {"Key":"self","Type":15,"Integer":0,"String":"b","Interface":null}}
2025-08-15T22:13:49.655-0500	DEBUG	protocol/handler.go:1649	have all messages and processed	{"{round 20 3  <nil>}": {"Key":"self","Type":15,"Integer":0,"String":"c","Interface":null}}
2025-08-15T22:13:49.655-0500	DEBUG	protocol/handler.go:596	round already finalized
2025-08-15T22:13:49.655-0500	DEBUG	protocol/handler.go:596	round already finalized
2025-08-15T22:13:49.660-0500	DEBUG	protocol/handler.go:581	tryAdvanceRound called	{"{current_round 20 3  <nil>}": {"Key":"self","Type":15,"Integer":0,"String":"b","Interface":null}}
2025-08-15T22:13:49.660-0500	DEBUG	protocol/handler.go:1591	have processed broadcast	{"{round 20 3  <nil>}": {"Key":"from","Type":15,"Integer":0,"String":"a","Interface":null}}
2025-08-15T22:13:49.660-0500	DEBUG	protocol/handler.go:1649	have all messages and processed	{"{round 20 3  <nil>}": {"Key":"self","Type":15,"Integer":0,"String":"b","Interface":null}}
2025-08-15T22:13:49.660-0500	DEBUG	protocol/handler.go:596	round already finalized
2025-08-15T22:13:49.660-0500	DEBUG	protocol/handler.go:581	tryAdvanceRound called	{"{current_round 20 3  <nil>}": {"Key":"self","Type":15,"Integer":0,"String":"a","Interface":null}}
2025-08-15T22:13:49.661-0500	DEBUG	protocol/handler.go:1591	have processed broadcast	{"{round 20 3  <nil>}": {"Key":"from","Type":15,"Integer":0,"String":"b","Interface":null}}
2025-08-15T22:13:49.661-0500	DEBUG	protocol/handler.go:1591	have processed broadcast	{"{round 20 3  <nil>}": {"Key":"from","Type":15,"Integer":0,"String":"c","Interface":null}}
2025-08-15T22:13:49.661-0500	DEBUG	protocol/handler.go:1649	have all messages and processed	{"{round 20 3  <nil>}": {"Key":"self","Type":15,"Integer":0,"String":"a","Interface":null}}
2025-08-15T22:13:49.661-0500	DEBUG	protocol/handler.go:596	round already finalized
2025-08-15T22:13:49.661-0500	DEBUG	protocol/handler.go:581	tryAdvanceRound called	{"{current_round 20 3  <nil>}": {"Key":"self","Type":15,"Integer":0,"String":"b","Interface":null}}
2025-08-15T22:13:49.661-0500	DEBUG	protocol/handler.go:1591	have processed broadcast	{"{round 20 3  <nil>}": {"Key":"from","Type":15,"Integer":0,"String":"a","Interface":null}}
2025-08-15T22:13:49.662-0500	DEBUG	protocol/handler.go:1591	have processed broadcast	{"{round 20 3  <nil>}": {"Key":"from","Type":15,"Integer":0,"String":"c","Interface":null}}
2025-08-15T22:13:49.662-0500	DEBUG	protocol/handler.go:1649	have all messages and processed	{"{round 20 3  <nil>}": {"Key":"self","Type":15,"Integer":0,"String":"b","Interface":null}}
2025-08-15T22:13:49.662-0500	DEBUG	protocol/handler.go:596	round already finalized
2025-08-15T22:13:49.663-0500	DEBUG	protocol/handler.go:581	tryAdvanceRound called	{"{current_round 20 3  <nil>}": {"Key":"self","Type":15,"Integer":0,"String":"c","Interface":null}}
2025-08-15T22:13:49.663-0500	DEBUG	protocol/handler.go:1591	have processed broadcast	{"{round 20 3  <nil>}": {"Key":"from","Type":15,"Integer":0,"String":"a","Interface":null}}
2025-08-15T22:13:49.663-0500	DEBUG	protocol/handler.go:1591	have processed broadcast	{"{round 20 3  <nil>}": {"Key":"from","Type":15,"Integer":0,"String":"b","Interface":null}}
2025-08-15T22:13:49.664-0500	DEBUG	protocol/handler.go:1649	have all messages and processed	{"{round 20 3  <nil>}": {"Key":"self","Type":15,"Integer":0,"String":"c","Interface":null}}
2025-08-15T22:13:49.664-0500	DEBUG	protocol/handler.go:596	round already finalized
2025-08-15T22:13:49.668-0500	DEBUG	protocol/handler.go:581	tryAdvanceRound called	{"{current_round 20 3  <nil>}": {"Key":"self","Type":15,"Integer":0,"String":"a","Interface":null}}
2025-08-15T22:13:49.668-0500	DEBUG	protocol/handler.go:1591	have processed broadcast	{"{round 20 3  <nil>}": {"Key":"from","Type":15,"Integer":0,"String":"b","Interface":null}}
2025-08-15T22:13:49.668-0500	DEBUG	protocol/handler.go:1591	have processed broadcast	{"{round 20 3  <nil>}": {"Key":"from","Type":15,"Integer":0,"String":"c","Interface":null}}
2025-08-15T22:13:49.668-0500	DEBUG	protocol/handler.go:1649	have all messages and processed	{"{round 20 3  <nil>}": {"Key":"self","Type":15,"Integer":0,"String":"a","Interface":null}}
2025-08-15T22:13:49.668-0500	DEBUG	protocol/handler.go:596	round already finalized
2025-08-15T22:13:49.668-0500	DEBUG	protocol/handler.go:581	tryAdvanceRound called	{"{current_round 20 3  <nil>}": {"Key":"self","Type":15,"Integer":0,"String":"b","Interface":null}}
2025-08-15T22:13:49.668-0500	DEBUG	protocol/handler.go:1591	have processed broadcast	{"{round 20 3  <nil>}": {"Key":"from","Type":15,"Integer":0,"String":"a","Interface":null}}
2025-08-15T22:13:49.668-0500	DEBUG	protocol/handler.go:1649	have all messages and processed	{"{round 20 3  <nil>}": {"Key":"self","Type":15,"Integer":0,"String":"b","Interface":null}}
2025-08-15T22:13:49.668-0500	DEBUG	protocol/handler.go:596	round already finalized
2025-08-15T22:13:49.688-0500	DEBUG	protocol/handler.go:581	tryAdvanceRound called	{"{current_round 20 3  <nil>}": {"Key":"self","Type":15,"Integer":0,"String":"c","Interface":null}}
2025-08-15T22:13:49.688-0500	DEBUG	protocol/handler.go:581	tryAdvanceRound called	{"{current_round 20 3  <nil>}": {"Key":"self","Type":15,"Integer":0,"String":"a","Interface":null}}
2025-08-15T22:13:49.688-0500	DEBUG	protocol/handler.go:1591	have processed broadcast	{"{round 20 3  <nil>}": {"Key":"from","Type":15,"Integer":0,"String":"a","Interface":null}}
2025-08-15T22:13:49.688-0500	DEBUG	protocol/handler.go:581	tryAdvanceRound called	{"{current_round 20 3  <nil>}": {"Key":"self","Type":15,"Integer":0,"String":"b","Interface":null}}
2025-08-15T22:13:49.688-0500	DEBUG	protocol/handler.go:1591	have processed broadcast	{"{round 20 3  <nil>}": {"Key":"from","Type":15,"Integer":0,"String":"b","Interface":null}}
2025-08-15T22:13:49.688-0500	DEBUG	protocol/handler.go:1591	have processed broadcast	{"{round 20 3  <nil>}": {"Key":"from","Type":15,"Integer":0,"String":"a","Interface":null}}
2025-08-15T22:13:49.688-0500	DEBUG	protocol/handler.go:1591	have processed broadcast	{"{round 20 3  <nil>}": {"Key":"from","Type":15,"Integer":0,"String":"c","Interface":null}}
2025-08-15T22:13:49.688-0500	DEBUG	protocol/handler.go:1649	have all messages and processed	{"{round 20 3  <nil>}": {"Key":"self","Type":15,"Integer":0,"String":"b","Interface":null}}
2025-08-15T22:13:49.688-0500	DEBUG	protocol/handler.go:596	round already finalized
2025-08-15T22:13:49.688-0500	DEBUG	protocol/handler.go:1649	have all messages and processed	{"{round 20 3  <nil>}": {"Key":"self","Type":15,"Integer":0,"String":"c","Interface":null}}
2025-08-15T22:13:49.688-0500	DEBUG	protocol/handler.go:596	round already finalized
2025-08-15T22:13:49.688-0500	DEBUG	protocol/handler.go:581	tryAdvanceRound called	{"{current_round 20 3  <nil>}": {"Key":"self","Type":15,"Integer":0,"String":"b","Interface":null}}
2025-08-15T22:13:49.688-0500	DEBUG	protocol/handler.go:1591	have processed broadcast	{"{round 20 3  <nil>}": {"Key":"from","Type":15,"Integer":0,"String":"a","Interface":null}}
2025-08-15T22:13:49.688-0500	DEBUG	protocol/handler.go:1649	have all messages and processed	{"{round 20 3  <nil>}": {"Key":"self","Type":15,"Integer":0,"String":"b","Interface":null}}
2025-08-15T22:13:49.688-0500	DEBUG	protocol/handler.go:596	round already finalized
2025-08-15T22:13:49.688-0500	DEBUG	protocol/handler.go:1591	have processed broadcast	{"{round 20 3  <nil>}": {"Key":"from","Type":15,"Integer":0,"String":"b","Interface":null}}
2025-08-15T22:13:49.688-0500	DEBUG	protocol/handler.go:1591	have processed broadcast	{"{round 20 3  <nil>}": {"Key":"from","Type":15,"Integer":0,"String":"c","Interface":null}}
2025-08-15T22:13:49.688-0500	DEBUG	protocol/handler.go:1649	have all messages and processed	{"{round 20 3  <nil>}": {"Key":"self","Type":15,"Integer":0,"String":"a","Interface":null}}
2025-08-15T22:13:49.689-0500	DEBUG	protocol/handler.go:596	round already finalized
2025-08-15T22:13:49.710-0500	DEBUG	protocol/handler.go:581	tryAdvanceRound called	{"{current_round 20 3  <nil>}": {"Key":"self","Type":15,"Integer":0,"String":"b","Interface":null}}
2025-08-15T22:13:49.710-0500	DEBUG	protocol/handler.go:1591	have processed broadcast	{"{round 20 3  <nil>}": {"Key":"from","Type":15,"Integer":0,"String":"a","Interface":null}}
2025-08-15T22:13:49.710-0500	DEBUG	protocol/handler.go:1591	have processed broadcast	{"{round 20 3  <nil>}": {"Key":"from","Type":15,"Integer":0,"String":"c","Interface":null}}
2025-08-15T22:13:49.710-0500	DEBUG	protocol/handler.go:1649	have all messages and processed	{"{round 20 3  <nil>}": {"Key":"self","Type":15,"Integer":0,"String":"b","Interface":null}}
2025-08-15T22:13:49.711-0500	DEBUG	protocol/handler.go:596	round already finalized
2025-08-15T22:13:49.711-0500	DEBUG	protocol/handler.go:581	tryAdvanceRound called	{"{current_round 20 3  <nil>}": {"Key":"self","Type":15,"Integer":0,"String":"b","Interface":null}}
2025-08-15T22:13:49.710-0500	DEBUG	protocol/handler.go:581	tryAdvanceRound called	{"{current_round 20 3  <nil>}": {"Key":"self","Type":15,"Integer":0,"String":"c","Interface":null}}
2025-08-15T22:13:49.711-0500	DEBUG	protocol/handler.go:1591	have processed broadcast	{"{round 20 3  <nil>}": {"Key":"from","Type":15,"Integer":0,"String":"a","Interface":null}}
2025-08-15T22:13:49.711-0500	DEBUG	protocol/handler.go:1649	have all messages and processed	{"{round 20 3  <nil>}": {"Key":"self","Type":15,"Integer":0,"String":"b","Interface":null}}
2025-08-15T22:13:49.711-0500	DEBUG	protocol/handler.go:596	round already finalized
2025-08-15T22:13:49.711-0500	DEBUG	protocol/handler.go:581	tryAdvanceRound called	{"{current_round 20 3  <nil>}": {"Key":"self","Type":15,"Integer":0,"String":"a","Interface":null}}
2025-08-15T22:13:49.711-0500	DEBUG	protocol/handler.go:1591	have processed broadcast	{"{round 20 3  <nil>}": {"Key":"from","Type":15,"Integer":0,"String":"b","Interface":null}}
2025-08-15T22:13:49.711-0500	DEBUG	protocol/handler.go:1591	have processed broadcast	{"{round 20 3  <nil>}": {"Key":"from","Type":15,"Integer":0,"String":"c","Interface":null}}
2025-08-15T22:13:49.711-0500	DEBUG	protocol/handler.go:1591	have processed broadcast	{"{round 20 3  <nil>}": {"Key":"from","Type":15,"Integer":0,"String":"a","Interface":null}}
2025-08-15T22:13:49.711-0500	DEBUG	protocol/handler.go:1649	have all messages and processed	{"{round 20 3  <nil>}": {"Key":"self","Type":15,"Integer":0,"String":"a","Interface":null}}
2025-08-15T22:13:49.711-0500	DEBUG	protocol/handler.go:596	round already finalized
2025-08-15T22:13:49.711-0500	DEBUG	protocol/handler.go:581	tryAdvanceRound called	{"{current_round 20 3  <nil>}": {"Key":"self","Type":15,"Integer":0,"String":"b","Interface":null}}
2025-08-15T22:13:49.711-0500	DEBUG	protocol/handler.go:1591	have processed broadcast	{"{round 20 3  <nil>}": {"Key":"from","Type":15,"Integer":0,"String":"a","Interface":null}}
2025-08-15T22:13:49.711-0500	DEBUG	protocol/handler.go:1591	have processed broadcast	{"{round 20 3  <nil>}": {"Key":"from","Type":15,"Integer":0,"String":"c","Interface":null}}
2025-08-15T22:13:49.711-0500	DEBUG	protocol/handler.go:1649	have all messages and processed	{"{round 20 3  <nil>}": {"Key":"self","Type":15,"Integer":0,"String":"b","Interface":null}}
2025-08-15T22:13:49.711-0500	DEBUG	protocol/handler.go:1591	have processed broadcast	{"{round 20 3  <nil>}": {"Key":"from","Type":15,"Integer":0,"String":"b","Interface":null}}
2025-08-15T22:13:49.711-0500	DEBUG	protocol/handler.go:1649	have all messages and processed	{"{round 20 3  <nil>}": {"Key":"self","Type":15,"Integer":0,"String":"c","Interface":null}}
2025-08-15T22:13:49.711-0500	DEBUG	protocol/handler.go:596	round already finalized
2025-08-15T22:13:49.711-0500	DEBUG	protocol/handler.go:596	round already finalized
2025-08-15T22:13:49.712-0500	DEBUG	protocol/handler.go:581	tryAdvanceRound called	{"{current_round 20 3  <nil>}": {"Key":"self","Type":15,"Integer":0,"String":"c","Interface":null}}
2025-08-15T22:13:49.712-0500	DEBUG	protocol/handler.go:1591	have processed broadcast	{"{round 20 3  <nil>}": {"Key":"from","Type":15,"Integer":0,"String":"a","Interface":null}}
2025-08-15T22:13:49.712-0500	DEBUG	protocol/handler.go:1591	have processed broadcast	{"{round 20 3  <nil>}": {"Key":"from","Type":15,"Integer":0,"String":"b","Interface":null}}
2025-08-15T22:13:49.712-0500	DEBUG	protocol/handler.go:1649	have all messages and processed	{"{round 20 3  <nil>}": {"Key":"self","Type":15,"Integer":0,"String":"c","Interface":null}}
2025-08-15T22:13:49.712-0500	DEBUG	protocol/handler.go:596	round already finalized
2025-08-15T22:13:49.732-0500	DEBUG	protocol/handler.go:581	tryAdvanceRound called	{"{current_round 20 3  <nil>}": {"Key":"self","Type":15,"Integer":0,"String":"b","Interface":null}}
2025-08-15T22:13:49.732-0500	DEBUG	protocol/handler.go:581	tryAdvanceRound called	{"{current_round 20 3  <nil>}": {"Key":"self","Type":15,"Integer":0,"String":"b","Interface":null}}
2025-08-15T22:13:49.732-0500	DEBUG	protocol/handler.go:1591	have processed broadcast	{"{round 20 3  <nil>}": {"Key":"from","Type":15,"Integer":0,"String":"a","Interface":null}}
2025-08-15T22:13:49.732-0500	DEBUG	protocol/handler.go:1591	have processed broadcast	{"{round 20 3  <nil>}": {"Key":"from","Type":15,"Integer":0,"String":"a","Interface":null}}
2025-08-15T22:13:49.732-0500	DEBUG	protocol/handler.go:1591	have processed broadcast	{"{round 20 3  <nil>}": {"Key":"from","Type":15,"Integer":0,"String":"c","Interface":null}}
2025-08-15T22:13:49.732-0500	DEBUG	protocol/handler.go:1649	have all messages and processed	{"{round 20 3  <nil>}": {"Key":"self","Type":15,"Integer":0,"String":"b","Interface":null}}
2025-08-15T22:13:49.732-0500	DEBUG	protocol/handler.go:1649	have all messages and processed	{"{round 20 3  <nil>}": {"Key":"self","Type":15,"Integer":0,"String":"b","Interface":null}}
2025-08-15T22:13:49.732-0500	DEBUG	protocol/handler.go:596	round already finalized
2025-08-15T22:13:49.732-0500	DEBUG	protocol/handler.go:596	round already finalized
2025-08-15T22:13:49.732-0500	DEBUG	protocol/handler.go:581	tryAdvanceRound called	{"{current_round 20 3  <nil>}": {"Key":"self","Type":15,"Integer":0,"String":"a","Interface":null}}
2025-08-15T22:13:49.732-0500	DEBUG	protocol/handler.go:581	tryAdvanceRound called	{"{current_round 20 3  <nil>}": {"Key":"self","Type":15,"Integer":0,"String":"c","Interface":null}}
2025-08-15T22:13:49.732-0500	DEBUG	protocol/handler.go:1591	have processed broadcast	{"{round 20 3  <nil>}": {"Key":"from","Type":15,"Integer":0,"String":"b","Interface":null}}
2025-08-15T22:13:49.732-0500	DEBUG	protocol/handler.go:1591	have processed broadcast	{"{round 20 3  <nil>}": {"Key":"from","Type":15,"Integer":0,"String":"a","Interface":null}}
2025-08-15T22:13:49.732-0500	DEBUG	protocol/handler.go:1591	have processed broadcast	{"{round 20 3  <nil>}": {"Key":"from","Type":15,"Integer":0,"String":"c","Interface":null}}
2025-08-15T22:13:49.732-0500	DEBUG	protocol/handler.go:1591	have processed broadcast	{"{round 20 3  <nil>}": {"Key":"from","Type":15,"Integer":0,"String":"b","Interface":null}}
2025-08-15T22:13:49.732-0500	DEBUG	protocol/handler.go:1649	have all messages and processed	{"{round 20 3  <nil>}": {"Key":"self","Type":15,"Integer":0,"String":"a","Interface":null}}
2025-08-15T22:13:49.732-0500	DEBUG	protocol/handler.go:1649	have all messages and processed	{"{round 20 3  <nil>}": {"Key":"self","Type":15,"Integer":0,"String":"c","Interface":null}}
2025-08-15T22:13:49.732-0500	DEBUG	protocol/handler.go:596	round already finalized
2025-08-15T22:13:49.732-0500	DEBUG	protocol/handler.go:596	round already finalized
2025-08-15T22:13:49.755-0500	DEBUG	protocol/handler.go:581	tryAdvanceRound called	{"{current_round 20 3  <nil>}": {"Key":"self","Type":15,"Integer":0,"String":"a","Interface":null}}
2025-08-15T22:13:49.755-0500	DEBUG	protocol/handler.go:581	tryAdvanceRound called	{"{current_round 20 3  <nil>}": {"Key":"self","Type":15,"Integer":0,"String":"c","Interface":null}}
2025-08-15T22:13:49.755-0500	DEBUG	protocol/handler.go:581	tryAdvanceRound called	{"{current_round 20 3  <nil>}": {"Key":"self","Type":15,"Integer":0,"String":"b","Interface":null}}
2025-08-15T22:13:49.755-0500	DEBUG	protocol/handler.go:1591	have processed broadcast	{"{round 20 3  <nil>}": {"Key":"from","Type":15,"Integer":0,"String":"a","Interface":null}}
2025-08-15T22:13:49.755-0500	DEBUG	protocol/handler.go:1649	have all messages and processed	{"{round 20 3  <nil>}": {"Key":"self","Type":15,"Integer":0,"String":"b","Interface":null}}
2025-08-15T22:13:49.755-0500	DEBUG	protocol/handler.go:596	round already finalized
2025-08-15T22:13:49.755-0500	DEBUG	protocol/handler.go:1591	have processed broadcast	{"{round 20 3  <nil>}": {"Key":"from","Type":15,"Integer":0,"String":"a","Interface":null}}
2025-08-15T22:13:49.755-0500	DEBUG	protocol/handler.go:1591	have processed broadcast	{"{round 20 3  <nil>}": {"Key":"from","Type":15,"Integer":0,"String":"b","Interface":null}}
2025-08-15T22:13:49.755-0500	DEBUG	protocol/handler.go:1649	have all messages and processed	{"{round 20 3  <nil>}": {"Key":"self","Type":15,"Integer":0,"String":"c","Interface":null}}
2025-08-15T22:13:49.756-0500	DEBUG	protocol/handler.go:596	round already finalized
2025-08-15T22:13:49.755-0500	DEBUG	protocol/handler.go:1591	have processed broadcast	{"{round 20 3  <nil>}": {"Key":"from","Type":15,"Integer":0,"String":"b","Interface":null}}
2025-08-15T22:13:49.756-0500	DEBUG	protocol/handler.go:1591	have processed broadcast	{"{round 20 3  <nil>}": {"Key":"from","Type":15,"Integer":0,"String":"c","Interface":null}}
2025-08-15T22:13:49.756-0500	DEBUG	protocol/handler.go:1649	have all messages and processed	{"{round 20 3  <nil>}": {"Key":"self","Type":15,"Integer":0,"String":"a","Interface":null}}
2025-08-15T22:13:49.756-0500	DEBUG	protocol/handler.go:596	round already finalized
2025-08-15T22:13:49.756-0500	DEBUG	protocol/handler.go:581	tryAdvanceRound called	{"{current_round 20 3  <nil>}": {"Key":"self","Type":15,"Integer":0,"String":"b","Interface":null}}
2025-08-15T22:13:49.756-0500	DEBUG	protocol/handler.go:1591	have processed broadcast	{"{round 20 3  <nil>}": {"Key":"from","Type":15,"Integer":0,"String":"a","Interface":null}}
2025-08-15T22:13:49.757-0500	DEBUG	protocol/handler.go:1591	have processed broadcast	{"{round 20 3  <nil>}": {"Key":"from","Type":15,"Integer":0,"String":"c","Interface":null}}
2025-08-15T22:13:49.757-0500	DEBUG	protocol/handler.go:1649	have all messages and processed	{"{round 20 3  <nil>}": {"Key":"self","Type":15,"Integer":0,"String":"b","Interface":null}}
2025-08-15T22:13:49.757-0500	DEBUG	protocol/handler.go:596	round already finalized
2025-08-15T22:13:49.757-0500	DEBUG	protocol/handler.go:581	tryAdvanceRound called	{"{current_round 20 3  <nil>}": {"Key":"self","Type":15,"Integer":0,"String":"a","Interface":null}}
2025-08-15T22:13:49.758-0500	DEBUG	protocol/handler.go:1591	have processed broadcast	{"{round 20 3  <nil>}": {"Key":"from","Type":15,"Integer":0,"String":"b","Interface":null}}
2025-08-15T22:13:49.758-0500	DEBUG	protocol/handler.go:1591	have processed broadcast	{"{round 20 3  <nil>}": {"Key":"from","Type":15,"Integer":0,"String":"c","Interface":null}}
2025-08-15T22:13:49.758-0500	DEBUG	protocol/handler.go:1649	have all messages and processed	{"{round 20 3  <nil>}": {"Key":"self","Type":15,"Integer":0,"String":"a","Interface":null}}
2025-08-15T22:13:49.758-0500	DEBUG	protocol/handler.go:596	round already finalized
2025-08-15T22:13:49.777-0500	DEBUG	protocol/handler.go:581	tryAdvanceRound called	{"{current_round 20 3  <nil>}": {"Key":"self","Type":15,"Integer":0,"String":"b","Interface":null}}
2025-08-15T22:13:49.777-0500	DEBUG	protocol/handler.go:1591	have processed broadcast	{"{round 20 3  <nil>}": {"Key":"from","Type":15,"Integer":0,"String":"a","Interface":null}}
2025-08-15T22:13:49.777-0500	DEBUG	protocol/handler.go:1649	have all messages and processed	{"{round 20 3  <nil>}": {"Key":"self","Type":15,"Integer":0,"String":"b","Interface":null}}
2025-08-15T22:13:49.777-0500	DEBUG	protocol/handler.go:596	round already finalized
2025-08-15T22:13:49.778-0500	DEBUG	protocol/handler.go:581	tryAdvanceRound called	{"{current_round 20 3  <nil>}": {"Key":"self","Type":15,"Integer":0,"String":"b","Interface":null}}
2025-08-15T22:13:49.778-0500	DEBUG	protocol/handler.go:1591	have processed broadcast	{"{round 20 3  <nil>}": {"Key":"from","Type":15,"Integer":0,"String":"a","Interface":null}}
2025-08-15T22:13:49.778-0500	DEBUG	protocol/handler.go:1591	have processed broadcast	{"{round 20 3  <nil>}": {"Key":"from","Type":15,"Integer":0,"String":"c","Interface":null}}
2025-08-15T22:13:49.778-0500	DEBUG	protocol/handler.go:1649	have all messages and processed	{"{round 20 3  <nil>}": {"Key":"self","Type":15,"Integer":0,"String":"b","Interface":null}}
2025-08-15T22:13:49.780-0500	DEBUG	protocol/handler.go:596	round already finalized
2025-08-15T22:13:49.780-0500	DEBUG	protocol/handler.go:581	tryAdvanceRound called	{"{current_round 20 3  <nil>}": {"Key":"self","Type":15,"Integer":0,"String":"c","Interface":null}}
2025-08-15T22:13:49.780-0500	DEBUG	protocol/handler.go:1591	have processed broadcast	{"{round 20 3  <nil>}": {"Key":"from","Type":15,"Integer":0,"String":"a","Interface":null}}
2025-08-15T22:13:49.780-0500	DEBUG	protocol/handler.go:1591	have processed broadcast	{"{round 20 3  <nil>}": {"Key":"from","Type":15,"Integer":0,"String":"b","Interface":null}}
2025-08-15T22:13:49.780-0500	DEBUG	protocol/handler.go:1649	have all messages and processed	{"{round 20 3  <nil>}": {"Key":"self","Type":15,"Integer":0,"String":"c","Interface":null}}
2025-08-15T22:13:49.780-0500	DEBUG	protocol/handler.go:596	round already finalized
2025-08-15T22:13:49.780-0500	DEBUG	protocol/handler.go:581	tryAdvanceRound called	{"{current_round 20 3  <nil>}": {"Key":"self","Type":15,"Integer":0,"String":"a","Interface":null}}
2025-08-15T22:13:49.781-0500	DEBUG	protocol/handler.go:1591	have processed broadcast	{"{round 20 3  <nil>}": {"Key":"from","Type":15,"Integer":0,"String":"b","Interface":null}}
2025-08-15T22:13:49.781-0500	DEBUG	protocol/handler.go:1591	have processed broadcast	{"{round 20 3  <nil>}": {"Key":"from","Type":15,"Integer":0,"String":"c","Interface":null}}
2025-08-15T22:13:49.781-0500	DEBUG	protocol/handler.go:1649	have all messages and processed	{"{round 20 3  <nil>}": {"Key":"self","Type":15,"Integer":0,"String":"a","Interface":null}}
2025-08-15T22:13:49.781-0500	DEBUG	protocol/handler.go:596	round already finalized
2025-08-15T22:13:49.781-0500	DEBUG	protocol/handler.go:581	tryAdvanceRound called	{"{current_round 20 3  <nil>}": {"Key":"self","Type":15,"Integer":0,"String":"b","Interface":null}}
2025-08-15T22:13:49.781-0500	DEBUG	protocol/handler.go:1591	have processed broadcast	{"{round 20 3  <nil>}": {"Key":"from","Type":15,"Integer":0,"String":"a","Interface":null}}
2025-08-15T22:13:49.782-0500	DEBUG	protocol/handler.go:1591	have processed broadcast	{"{round 20 3  <nil>}": {"Key":"from","Type":15,"Integer":0,"String":"c","Interface":null}}
2025-08-15T22:13:49.782-0500	DEBUG	protocol/handler.go:1649	have all messages and processed	{"{round 20 3  <nil>}": {"Key":"self","Type":15,"Integer":0,"String":"b","Interface":null}}
2025-08-15T22:13:49.782-0500	DEBUG	protocol/handler.go:596	round already finalized
2025-08-15T22:13:49.782-0500	DEBUG	protocol/handler.go:581	tryAdvanceRound called	{"{current_round 20 3  <nil>}": {"Key":"self","Type":15,"Integer":0,"String":"c","Interface":null}}
2025-08-15T22:13:49.782-0500	DEBUG	protocol/handler.go:1591	have processed broadcast	{"{round 20 3  <nil>}": {"Key":"from","Type":15,"Integer":0,"String":"a","Interface":null}}
2025-08-15T22:13:49.782-0500	DEBUG	protocol/handler.go:1591	have processed broadcast	{"{round 20 3  <nil>}": {"Key":"from","Type":15,"Integer":0,"String":"b","Interface":null}}
2025-08-15T22:13:49.783-0500	DEBUG	protocol/handler.go:1649	have all messages and processed	{"{round 20 3  <nil>}": {"Key":"self","Type":15,"Integer":0,"String":"c","Interface":null}}
2025-08-15T22:13:49.783-0500	DEBUG	protocol/handler.go:596	round already finalized
2025-08-15T22:13:49.804-0500	DEBUG	protocol/handler.go:581	tryAdvanceRound called	{"{current_round 20 3  <nil>}": {"Key":"self","Type":15,"Integer":0,"String":"b","Interface":null}}
2025-08-15T22:13:49.804-0500	DEBUG	protocol/handler.go:1591	have processed broadcast	{"{round 20 3  <nil>}": {"Key":"from","Type":15,"Integer":0,"String":"a","Interface":null}}
2025-08-15T22:13:49.804-0500	DEBUG	protocol/handler.go:1649	have all messages and processed	{"{round 20 3  <nil>}": {"Key":"self","Type":15,"Integer":0,"String":"b","Interface":null}}
2025-08-15T22:13:49.804-0500	DEBUG	protocol/handler.go:596	round already finalized
2025-08-15T22:13:49.803-0500	DEBUG	protocol/handler.go:581	tryAdvanceRound called	{"{current_round 20 3  <nil>}": {"Key":"self","Type":15,"Integer":0,"String":"a","Interface":null}}
2025-08-15T22:13:49.805-0500	DEBUG	protocol/handler.go:1591	have processed broadcast	{"{round 20 3  <nil>}": {"Key":"from","Type":15,"Integer":0,"String":"b","Interface":null}}
2025-08-15T22:13:49.805-0500	DEBUG	protocol/handler.go:1591	have processed broadcast	{"{round 20 3  <nil>}": {"Key":"from","Type":15,"Integer":0,"String":"c","Interface":null}}
2025-08-15T22:13:49.805-0500	DEBUG	protocol/handler.go:1649	have all messages and processed	{"{round 20 3  <nil>}": {"Key":"self","Type":15,"Integer":0,"String":"a","Interface":null}}
2025-08-15T22:13:49.805-0500	DEBUG	protocol/handler.go:596	round already finalized
2025-08-15T22:13:49.805-0500	DEBUG	protocol/handler.go:581	tryAdvanceRound called	{"{current_round 20 3  <nil>}": {"Key":"self","Type":15,"Integer":0,"String":"b","Interface":null}}
2025-08-15T22:13:49.805-0500	DEBUG	protocol/handler.go:1591	have processed broadcast	{"{round 20 3  <nil>}": {"Key":"from","Type":15,"Integer":0,"String":"a","Interface":null}}
2025-08-15T22:13:49.805-0500	DEBUG	protocol/handler.go:1591	have processed broadcast	{"{round 20 3  <nil>}": {"Key":"from","Type":15,"Integer":0,"String":"c","Interface":null}}
2025-08-15T22:13:49.805-0500	DEBUG	protocol/handler.go:1649	have all messages and processed	{"{round 20 3  <nil>}": {"Key":"self","Type":15,"Integer":0,"String":"b","Interface":null}}
2025-08-15T22:13:49.806-0500	DEBUG	protocol/handler.go:596	round already finalized
2025-08-15T22:13:49.806-0500	DEBUG	protocol/handler.go:581	tryAdvanceRound called	{"{current_round 20 3  <nil>}": {"Key":"self","Type":15,"Integer":0,"String":"c","Interface":null}}
2025-08-15T22:13:49.806-0500	DEBUG	protocol/handler.go:1591	have processed broadcast	{"{round 20 3  <nil>}": {"Key":"from","Type":15,"Integer":0,"String":"a","Interface":null}}
2025-08-15T22:13:49.806-0500	DEBUG	protocol/handler.go:1591	have processed broadcast	{"{round 20 3  <nil>}": {"Key":"from","Type":15,"Integer":0,"String":"b","Interface":null}}
2025-08-15T22:13:49.806-0500	DEBUG	protocol/handler.go:1649	have all messages and processed	{"{round 20 3  <nil>}": {"Key":"self","Type":15,"Integer":0,"String":"c","Interface":null}}
2025-08-15T22:13:49.806-0500	DEBUG	protocol/handler.go:596	round already finalized
2025-08-15T22:13:49.825-0500	DEBUG	protocol/handler.go:581	tryAdvanceRound called	{"{current_round 20 3  <nil>}": {"Key":"self","Type":15,"Integer":0,"String":"c","Interface":null}}
2025-08-15T22:13:49.825-0500	DEBUG	protocol/handler.go:1591	have processed broadcast	{"{round 20 3  <nil>}": {"Key":"from","Type":15,"Integer":0,"String":"a","Interface":null}}
2025-08-15T22:13:49.825-0500	DEBUG	protocol/handler.go:1591	have processed broadcast	{"{round 20 3  <nil>}": {"Key":"from","Type":15,"Integer":0,"String":"b","Interface":null}}
2025-08-15T22:13:49.825-0500	DEBUG	protocol/handler.go:1649	have all messages and processed	{"{round 20 3  <nil>}": {"Key":"self","Type":15,"Integer":0,"String":"c","Interface":null}}
2025-08-15T22:13:49.825-0500	DEBUG	protocol/handler.go:596	round already finalized
2025-08-15T22:13:49.825-0500	DEBUG	protocol/handler.go:581	tryAdvanceRound called	{"{current_round 20 3  <nil>}": {"Key":"self","Type":15,"Integer":0,"String":"b","Interface":null}}
2025-08-15T22:13:49.825-0500	DEBUG	protocol/handler.go:1591	have processed broadcast	{"{round 20 3  <nil>}": {"Key":"from","Type":15,"Integer":0,"String":"a","Interface":null}}
2025-08-15T22:13:49.825-0500	DEBUG	protocol/handler.go:1591	have processed broadcast	{"{round 20 3  <nil>}": {"Key":"from","Type":15,"Integer":0,"String":"c","Interface":null}}
2025-08-15T22:13:49.825-0500	DEBUG	protocol/handler.go:1649	have all messages and processed	{"{round 20 3  <nil>}": {"Key":"self","Type":15,"Integer":0,"String":"b","Interface":null}}
2025-08-15T22:13:49.826-0500	DEBUG	protocol/handler.go:596	round already finalized
2025-08-15T22:13:49.826-0500	DEBUG	protocol/handler.go:581	tryAdvanceRound called	{"{current_round 20 3  <nil>}": {"Key":"self","Type":15,"Integer":0,"String":"a","Interface":null}}
2025-08-15T22:13:49.826-0500	DEBUG	protocol/handler.go:1591	have processed broadcast	{"{round 20 3  <nil>}": {"Key":"from","Type":15,"Integer":0,"String":"b","Interface":null}}
2025-08-15T22:13:49.826-0500	DEBUG	protocol/handler.go:1591	have processed broadcast	{"{round 20 3  <nil>}": {"Key":"from","Type":15,"Integer":0,"String":"c","Interface":null}}
2025-08-15T22:13:49.826-0500	DEBUG	protocol/handler.go:1649	have all messages and processed	{"{round 20 3  <nil>}": {"Key":"self","Type":15,"Integer":0,"String":"a","Interface":null}}
2025-08-15T22:13:49.826-0500	DEBUG	protocol/handler.go:596	round already finalized
2025-08-15T22:13:49.826-0500	DEBUG	protocol/handler.go:581	tryAdvanceRound called	{"{current_round 20 3  <nil>}": {"Key":"self","Type":15,"Integer":0,"String":"b","Interface":null}}
2025-08-15T22:13:49.826-0500	DEBUG	protocol/handler.go:1591	have processed broadcast	{"{round 20 3  <nil>}": {"Key":"from","Type":15,"Integer":0,"String":"a","Interface":null}}
2025-08-15T22:13:49.827-0500	DEBUG	protocol/handler.go:1649	have all messages and processed	{"{round 20 3  <nil>}": {"Key":"self","Type":15,"Integer":0,"String":"b","Interface":null}}
2025-08-15T22:13:49.827-0500	DEBUG	protocol/handler.go:596	round already finalized
2025-08-15T22:13:49.827-0500	DEBUG	protocol/handler.go:581	tryAdvanceRound called	{"{current_round 20 3  <nil>}": {"Key":"self","Type":15,"Integer":0,"String":"b","Interface":null}}
2025-08-15T22:13:49.827-0500	DEBUG	protocol/handler.go:1591	have processed broadcast	{"{round 20 3  <nil>}": {"Key":"from","Type":15,"Integer":0,"String":"a","Interface":null}}
2025-08-15T22:13:49.827-0500	DEBUG	protocol/handler.go:1649	have all messages and processed	{"{round 20 3  <nil>}": {"Key":"self","Type":15,"Integer":0,"String":"b","Interface":null}}
2025-08-15T22:13:49.827-0500	DEBUG	protocol/handler.go:596	round already finalized
2025-08-15T22:13:49.829-0500	DEBUG	protocol/handler.go:581	tryAdvanceRound called	{"{current_round 20 3  <nil>}": {"Key":"self","Type":15,"Integer":0,"String":"a","Interface":null}}
2025-08-15T22:13:49.829-0500	DEBUG	protocol/handler.go:1591	have processed broadcast	{"{round 20 3  <nil>}": {"Key":"from","Type":15,"Integer":0,"String":"b","Interface":null}}
2025-08-15T22:13:49.829-0500	DEBUG	protocol/handler.go:1591	have processed broadcast	{"{round 20 3  <nil>}": {"Key":"from","Type":15,"Integer":0,"String":"c","Interface":null}}
2025-08-15T22:13:49.829-0500	DEBUG	protocol/handler.go:1649	have all messages and processed	{"{round 20 3  <nil>}": {"Key":"self","Type":15,"Integer":0,"String":"a","Interface":null}}
2025-08-15T22:13:49.829-0500	DEBUG	protocol/handler.go:596	round already finalized
2025-08-15T22:13:49.837-0500	DEBUG	protocol/handler.go:581	tryAdvanceRound called	{"{current_round 20 3  <nil>}": {"Key":"self","Type":15,"Integer":0,"String":"a","Interface":null}}
2025-08-15T22:13:49.838-0500	DEBUG	protocol/handler.go:1591	have processed broadcast	{"{round 20 3  <nil>}": {"Key":"from","Type":15,"Integer":0,"String":"b","Interface":null}}
2025-08-15T22:13:49.838-0500	DEBUG	protocol/handler.go:1591	have processed broadcast	{"{round 20 3  <nil>}": {"Key":"from","Type":15,"Integer":0,"String":"c","Interface":null}}
2025-08-15T22:13:49.838-0500	DEBUG	protocol/handler.go:581	tryAdvanceRound called	{"{current_round 20 3  <nil>}": {"Key":"self","Type":15,"Integer":0,"String":"b","Interface":null}}
2025-08-15T22:13:49.838-0500	DEBUG	protocol/handler.go:1591	have processed broadcast	{"{round 20 3  <nil>}": {"Key":"from","Type":15,"Integer":0,"String":"a","Interface":null}}
2025-08-15T22:13:49.838-0500	DEBUG	protocol/handler.go:1591	have processed broadcast	{"{round 20 3  <nil>}": {"Key":"from","Type":15,"Integer":0,"String":"c","Interface":null}}
2025-08-15T22:13:49.838-0500	DEBUG	protocol/handler.go:1649	have all messages and processed	{"{round 20 3  <nil>}": {"Key":"self","Type":15,"Integer":0,"String":"b","Interface":null}}
2025-08-15T22:13:49.838-0500	DEBUG	protocol/handler.go:596	round already finalized
2025-08-15T22:13:49.838-0500	DEBUG	protocol/handler.go:581	tryAdvanceRound called	{"{current_round 20 3  <nil>}": {"Key":"self","Type":15,"Integer":0,"String":"c","Interface":null}}
2025-08-15T22:13:49.838-0500	DEBUG	protocol/handler.go:1591	have processed broadcast	{"{round 20 3  <nil>}": {"Key":"from","Type":15,"Integer":0,"String":"a","Interface":null}}
2025-08-15T22:13:49.838-0500	DEBUG	protocol/handler.go:1591	have processed broadcast	{"{round 20 3  <nil>}": {"Key":"from","Type":15,"Integer":0,"String":"b","Interface":null}}
2025-08-15T22:13:49.838-0500	DEBUG	protocol/handler.go:1649	have all messages and processed	{"{round 20 3  <nil>}": {"Key":"self","Type":15,"Integer":0,"String":"c","Interface":null}}
2025-08-15T22:13:49.838-0500	DEBUG	protocol/handler.go:596	round already finalized
2025-08-15T22:13:49.838-0500	DEBUG	protocol/handler.go:1649	have all messages and processed	{"{round 20 3  <nil>}": {"Key":"self","Type":15,"Integer":0,"String":"a","Interface":null}}
2025-08-15T22:13:49.838-0500	DEBUG	protocol/handler.go:596	round already finalized
2025-08-15T22:13:49.838-0500	DEBUG	protocol/handler.go:581	tryAdvanceRound called	{"{current_round 20 3  <nil>}": {"Key":"self","Type":15,"Integer":0,"String":"b","Interface":null}}
2025-08-15T22:13:49.841-0500	DEBUG	protocol/handler.go:581	tryAdvanceRound called	{"{current_round 20 3  <nil>}": {"Key":"self","Type":15,"Integer":0,"String":"b","Interface":null}}
2025-08-15T22:13:49.841-0500	DEBUG	protocol/handler.go:1591	have processed broadcast	{"{round 20 3  <nil>}": {"Key":"from","Type":15,"Integer":0,"String":"a","Interface":null}}
2025-08-15T22:13:49.841-0500	DEBUG	protocol/handler.go:1591	have processed broadcast	{"{round 20 3  <nil>}": {"Key":"from","Type":15,"Integer":0,"String":"c","Interface":null}}
2025-08-15T22:13:49.841-0500	DEBUG	protocol/handler.go:1649	have all messages and processed	{"{round 20 3  <nil>}": {"Key":"self","Type":15,"Integer":0,"String":"b","Interface":null}}
2025-08-15T22:13:49.841-0500	DEBUG	protocol/handler.go:596	round already finalized
2025-08-15T22:13:49.841-0500	DEBUG	protocol/handler.go:581	tryAdvanceRound called	{"{current_round 20 3  <nil>}": {"Key":"self","Type":15,"Integer":0,"String":"c","Interface":null}}
2025-08-15T22:13:49.841-0500	DEBUG	protocol/handler.go:1591	have processed broadcast	{"{round 20 3  <nil>}": {"Key":"from","Type":15,"Integer":0,"String":"a","Interface":null}}
2025-08-15T22:13:49.841-0500	DEBUG	protocol/handler.go:1591	have processed broadcast	{"{round 20 3  <nil>}": {"Key":"from","Type":15,"Integer":0,"String":"b","Interface":null}}
2025-08-15T22:13:49.842-0500	DEBUG	protocol/handler.go:1649	have all messages and processed	{"{round 20 3  <nil>}": {"Key":"self","Type":15,"Integer":0,"String":"c","Interface":null}}
2025-08-15T22:13:49.842-0500	DEBUG	protocol/handler.go:596	round already finalized
2025-08-15T22:13:49.838-0500	DEBUG	protocol/handler.go:1591	have processed broadcast	{"{round 20 3  <nil>}": {"Key":"from","Type":15,"Integer":0,"String":"a","Interface":null}}
2025-08-15T22:13:49.843-0500	DEBUG	protocol/handler.go:1649	have all messages and processed	{"{round 20 3  <nil>}": {"Key":"self","Type":15,"Integer":0,"String":"b","Interface":null}}
2025-08-15T22:13:49.843-0500	DEBUG	protocol/handler.go:596	round already finalized
2025-08-15T22:13:49.848-0500	DEBUG	protocol/handler.go:581	tryAdvanceRound called	{"{current_round 20 3  <nil>}": {"Key":"self","Type":15,"Integer":0,"String":"a","Interface":null}}
2025-08-15T22:13:49.848-0500	DEBUG	protocol/handler.go:1591	have processed broadcast	{"{round 20 3  <nil>}": {"Key":"from","Type":15,"Integer":0,"String":"b","Interface":null}}
2025-08-15T22:13:49.848-0500	DEBUG	protocol/handler.go:1591	have processed broadcast	{"{round 20 3  <nil>}": {"Key":"from","Type":15,"Integer":0,"String":"c","Interface":null}}
2025-08-15T22:13:49.848-0500	DEBUG	protocol/handler.go:1649	have all messages and processed	{"{round 20 3  <nil>}": {"Key":"self","Type":15,"Integer":0,"String":"a","Interface":null}}
2025-08-15T22:13:49.848-0500	DEBUG	protocol/handler.go:596	round already finalized
2025-08-15T22:13:49.859-0500	DEBUG	protocol/handler.go:581	tryAdvanceRound called	{"{current_round 20 3  <nil>}": {"Key":"self","Type":15,"Integer":0,"String":"b","Interface":null}}
2025-08-15T22:13:49.859-0500	DEBUG	protocol/handler.go:581	tryAdvanceRound called	{"{current_round 20 3  <nil>}": {"Key":"self","Type":15,"Integer":0,"String":"a","Interface":null}}
2025-08-15T22:13:49.859-0500	DEBUG	protocol/handler.go:1591	have processed broadcast	{"{round 20 3  <nil>}": {"Key":"from","Type":15,"Integer":0,"String":"b","Interface":null}}
2025-08-15T22:13:49.859-0500	DEBUG	protocol/handler.go:1591	have processed broadcast	{"{round 20 3  <nil>}": {"Key":"from","Type":15,"Integer":0,"String":"c","Interface":null}}
2025-08-15T22:13:49.859-0500	DEBUG	protocol/handler.go:1591	have processed broadcast	{"{round 20 3  <nil>}": {"Key":"from","Type":15,"Integer":0,"String":"a","Interface":null}}
2025-08-15T22:13:49.859-0500	DEBUG	protocol/handler.go:1649	have all messages and processed	{"{round 20 3  <nil>}": {"Key":"self","Type":15,"Integer":0,"String":"a","Interface":null}}
2025-08-15T22:13:49.859-0500	DEBUG	protocol/handler.go:596	round already finalized
2025-08-15T22:13:49.859-0500	DEBUG	protocol/handler.go:1649	have all messages and processed	{"{round 20 3  <nil>}": {"Key":"self","Type":15,"Integer":0,"String":"b","Interface":null}}
2025-08-15T22:13:49.859-0500	DEBUG	protocol/handler.go:596	round already finalized
2025-08-15T22:13:49.859-0500	DEBUG	protocol/handler.go:581	tryAdvanceRound called	{"{current_round 20 3  <nil>}": {"Key":"self","Type":15,"Integer":0,"String":"b","Interface":null}}
2025-08-15T22:13:49.859-0500	DEBUG	protocol/handler.go:581	tryAdvanceRound called	{"{current_round 20 3  <nil>}": {"Key":"self","Type":15,"Integer":0,"String":"b","Interface":null}}
2025-08-15T22:13:49.859-0500	DEBUG	protocol/handler.go:1591	have processed broadcast	{"{round 20 3  <nil>}": {"Key":"from","Type":15,"Integer":0,"String":"a","Interface":null}}
2025-08-15T22:13:49.859-0500	DEBUG	protocol/handler.go:1591	have processed broadcast	{"{round 20 3  <nil>}": {"Key":"from","Type":15,"Integer":0,"String":"a","Interface":null}}
2025-08-15T22:13:49.859-0500	DEBUG	protocol/handler.go:1591	have processed broadcast	{"{round 20 3  <nil>}": {"Key":"from","Type":15,"Integer":0,"String":"c","Interface":null}}
2025-08-15T22:13:49.859-0500	DEBUG	protocol/handler.go:1649	have all messages and processed	{"{round 20 3  <nil>}": {"Key":"self","Type":15,"Integer":0,"String":"b","Interface":null}}
2025-08-15T22:13:49.859-0500	DEBUG	protocol/handler.go:1649	have all messages and processed	{"{round 20 3  <nil>}": {"Key":"self","Type":15,"Integer":0,"String":"b","Interface":null}}
2025-08-15T22:13:49.859-0500	DEBUG	protocol/handler.go:596	round already finalized
2025-08-15T22:13:49.859-0500	DEBUG	protocol/handler.go:596	round already finalized
2025-08-15T22:13:49.859-0500	DEBUG	protocol/handler.go:581	tryAdvanceRound called	{"{current_round 20 3  <nil>}": {"Key":"self","Type":15,"Integer":0,"String":"c","Interface":null}}
2025-08-15T22:13:49.860-0500	DEBUG	protocol/handler.go:1591	have processed broadcast	{"{round 20 3  <nil>}": {"Key":"from","Type":15,"Integer":0,"String":"a","Interface":null}}
2025-08-15T22:13:49.860-0500	DEBUG	protocol/handler.go:1591	have processed broadcast	{"{round 20 3  <nil>}": {"Key":"from","Type":15,"Integer":0,"String":"b","Interface":null}}
2025-08-15T22:13:49.860-0500	DEBUG	protocol/handler.go:1649	have all messages and processed	{"{round 20 3  <nil>}": {"Key":"self","Type":15,"Integer":0,"String":"c","Interface":null}}
2025-08-15T22:13:49.860-0500	DEBUG	protocol/handler.go:596	round already finalized
2025-08-15T22:13:49.881-0500	DEBUG	protocol/handler.go:581	tryAdvanceRound called	{"{current_round 20 3  <nil>}": {"Key":"self","Type":15,"Integer":0,"String":"b","Interface":null}}
2025-08-15T22:13:49.881-0500	DEBUG	protocol/handler.go:1591	have processed broadcast	{"{round 20 3  <nil>}": {"Key":"from","Type":15,"Integer":0,"String":"a","Interface":null}}
2025-08-15T22:13:49.881-0500	DEBUG	protocol/handler.go:1649	have all messages and processed	{"{round 20 3  <nil>}": {"Key":"self","Type":15,"Integer":0,"String":"b","Interface":null}}
2025-08-15T22:13:49.881-0500	DEBUG	protocol/handler.go:596	round already finalized
2025-08-15T22:13:49.881-0500	DEBUG	protocol/handler.go:581	tryAdvanceRound called	{"{current_round 20 3  <nil>}": {"Key":"self","Type":15,"Integer":0,"String":"b","Interface":null}}
2025-08-15T22:13:49.881-0500	DEBUG	protocol/handler.go:1591	have processed broadcast	{"{round 20 3  <nil>}": {"Key":"from","Type":15,"Integer":0,"String":"a","Interface":null}}
2025-08-15T22:13:49.881-0500	DEBUG	protocol/handler.go:1591	have processed broadcast	{"{round 20 3  <nil>}": {"Key":"from","Type":15,"Integer":0,"String":"c","Interface":null}}
2025-08-15T22:13:49.882-0500	DEBUG	protocol/handler.go:1649	have all messages and processed	{"{round 20 3  <nil>}": {"Key":"self","Type":15,"Integer":0,"String":"b","Interface":null}}
2025-08-15T22:13:49.882-0500	DEBUG	protocol/handler.go:596	round already finalized
2025-08-15T22:13:49.882-0500	DEBUG	protocol/handler.go:581	tryAdvanceRound called	{"{current_round 20 3  <nil>}": {"Key":"self","Type":15,"Integer":0,"String":"c","Interface":null}}
2025-08-15T22:13:49.882-0500	DEBUG	protocol/handler.go:1591	have processed broadcast	{"{round 20 3  <nil>}": {"Key":"from","Type":15,"Integer":0,"String":"a","Interface":null}}
2025-08-15T22:13:49.882-0500	DEBUG	protocol/handler.go:1591	have processed broadcast	{"{round 20 3  <nil>}": {"Key":"from","Type":15,"Integer":0,"String":"b","Interface":null}}
2025-08-15T22:13:49.882-0500	DEBUG	protocol/handler.go:1649	have all messages and processed	{"{round 20 3  <nil>}": {"Key":"self","Type":15,"Integer":0,"String":"c","Interface":null}}
2025-08-15T22:13:49.885-0500	DEBUG	protocol/handler.go:596	round already finalized
2025-08-15T22:13:49.885-0500	DEBUG	protocol/handler.go:581	tryAdvanceRound called	{"{current_round 20 3  <nil>}": {"Key":"self","Type":15,"Integer":0,"String":"c","Interface":null}}
2025-08-15T22:13:49.885-0500	DEBUG	protocol/handler.go:1591	have processed broadcast	{"{round 20 3  <nil>}": {"Key":"from","Type":15,"Integer":0,"String":"a","Interface":null}}
2025-08-15T22:13:49.885-0500	DEBUG	protocol/handler.go:1591	have processed broadcast	{"{round 20 3  <nil>}": {"Key":"from","Type":15,"Integer":0,"String":"b","Interface":null}}
2025-08-15T22:13:49.886-0500	DEBUG	protocol/handler.go:1649	have all messages and processed	{"{round 20 3  <nil>}": {"Key":"self","Type":15,"Integer":0,"String":"c","Interface":null}}
2025-08-15T22:13:49.886-0500	DEBUG	protocol/handler.go:596	round already finalized
2025-08-15T22:13:49.886-0500	DEBUG	protocol/handler.go:581	tryAdvanceRound called	{"{current_round 20 3  <nil>}": {"Key":"self","Type":15,"Integer":0,"String":"a","Interface":null}}
2025-08-15T22:13:49.886-0500	DEBUG	protocol/handler.go:1591	have processed broadcast	{"{round 20 3  <nil>}": {"Key":"from","Type":15,"Integer":0,"String":"b","Interface":null}}
2025-08-15T22:13:49.886-0500	DEBUG	protocol/handler.go:1591	have processed broadcast	{"{round 20 3  <nil>}": {"Key":"from","Type":15,"Integer":0,"String":"c","Interface":null}}
2025-08-15T22:13:49.886-0500	DEBUG	protocol/handler.go:1649	have all messages and processed	{"{round 20 3  <nil>}": {"Key":"self","Type":15,"Integer":0,"String":"a","Interface":null}}
2025-08-15T22:13:49.886-0500	DEBUG	protocol/handler.go:596	round already finalized
2025-08-15T22:13:49.904-0500	DEBUG	protocol/handler.go:581	tryAdvanceRound called	{"{current_round 20 3  <nil>}": {"Key":"self","Type":15,"Integer":0,"String":"a","Interface":null}}
2025-08-15T22:13:49.904-0500	DEBUG	protocol/handler.go:581	tryAdvanceRound called	{"{current_round 20 3  <nil>}": {"Key":"self","Type":15,"Integer":0,"String":"b","Interface":null}}
2025-08-15T22:13:49.904-0500	DEBUG	protocol/handler.go:1591	have processed broadcast	{"{round 20 3  <nil>}": {"Key":"from","Type":15,"Integer":0,"String":"b","Interface":null}}
2025-08-15T22:13:49.904-0500	DEBUG	protocol/handler.go:1591	have processed broadcast	{"{round 20 3  <nil>}": {"Key":"from","Type":15,"Integer":0,"String":"a","Interface":null}}
2025-08-15T22:13:49.904-0500	DEBUG	protocol/handler.go:1649	have all messages and processed	{"{round 20 3  <nil>}": {"Key":"self","Type":15,"Integer":0,"String":"b","Interface":null}}
2025-08-15T22:13:49.904-0500	DEBUG	protocol/handler.go:596	round already finalized
2025-08-15T22:13:49.904-0500	DEBUG	protocol/handler.go:1591	have processed broadcast	{"{round 20 3  <nil>}": {"Key":"from","Type":15,"Integer":0,"String":"c","Interface":null}}
2025-08-15T22:13:49.904-0500	DEBUG	protocol/handler.go:581	tryAdvanceRound called	{"{current_round 20 3  <nil>}": {"Key":"self","Type":15,"Integer":0,"String":"c","Interface":null}}
2025-08-15T22:13:49.904-0500	DEBUG	protocol/handler.go:1649	have all messages and processed	{"{round 20 3  <nil>}": {"Key":"self","Type":15,"Integer":0,"String":"a","Interface":null}}
2025-08-15T22:13:49.904-0500	DEBUG	protocol/handler.go:596	round already finalized
2025-08-15T22:13:49.904-0500	DEBUG	protocol/handler.go:581	tryAdvanceRound called	{"{current_round 20 3  <nil>}": {"Key":"self","Type":15,"Integer":0,"String":"b","Interface":null}}
2025-08-15T22:13:49.904-0500	DEBUG	protocol/handler.go:1591	have processed broadcast	{"{round 20 3  <nil>}": {"Key":"from","Type":15,"Integer":0,"String":"a","Interface":null}}
2025-08-15T22:13:49.904-0500	DEBUG	protocol/handler.go:1591	have processed broadcast	{"{round 20 3  <nil>}": {"Key":"from","Type":15,"Integer":0,"String":"b","Interface":null}}
2025-08-15T22:13:49.904-0500	DEBUG	protocol/handler.go:1591	have processed broadcast	{"{round 20 3  <nil>}": {"Key":"from","Type":15,"Integer":0,"String":"a","Interface":null}}
2025-08-15T22:13:49.904-0500	DEBUG	protocol/handler.go:1649	have all messages and processed	{"{round 20 3  <nil>}": {"Key":"self","Type":15,"Integer":0,"String":"c","Interface":null}}
2025-08-15T22:13:49.904-0500	DEBUG	protocol/handler.go:1591	have processed broadcast	{"{round 20 3  <nil>}": {"Key":"from","Type":15,"Integer":0,"String":"c","Interface":null}}
2025-08-15T22:13:49.904-0500	DEBUG	protocol/handler.go:596	round already finalized
2025-08-15T22:13:49.904-0500	DEBUG	protocol/handler.go:1649	have all messages and processed	{"{round 20 3  <nil>}": {"Key":"self","Type":15,"Integer":0,"String":"b","Interface":null}}
2025-08-15T22:13:49.904-0500	DEBUG	protocol/handler.go:596	round already finalized
2025-08-15T22:13:49.925-0500	DEBUG	protocol/handler.go:581	tryAdvanceRound called	{"{current_round 20 3  <nil>}": {"Key":"self","Type":15,"Integer":0,"String":"b","Interface":null}}
2025-08-15T22:13:49.925-0500	DEBUG	protocol/handler.go:1591	have processed broadcast	{"{round 20 3  <nil>}": {"Key":"from","Type":15,"Integer":0,"String":"a","Interface":null}}
2025-08-15T22:13:49.925-0500	DEBUG	protocol/handler.go:1649	have all messages and processed	{"{round 20 3  <nil>}": {"Key":"self","Type":15,"Integer":0,"String":"b","Interface":null}}
2025-08-15T22:13:49.925-0500	DEBUG	protocol/handler.go:596	round already finalized
2025-08-15T22:13:49.926-0500	DEBUG	protocol/handler.go:581	tryAdvanceRound called	{"{current_round 20 3  <nil>}": {"Key":"self","Type":15,"Integer":0,"String":"b","Interface":null}}
2025-08-15T22:13:49.926-0500	DEBUG	protocol/handler.go:1591	have processed broadcast	{"{round 20 3  <nil>}": {"Key":"from","Type":15,"Integer":0,"String":"a","Interface":null}}
2025-08-15T22:13:49.926-0500	DEBUG	protocol/handler.go:1591	have processed broadcast	{"{round 20 3  <nil>}": {"Key":"from","Type":15,"Integer":0,"String":"c","Interface":null}}
2025-08-15T22:13:49.926-0500	DEBUG	protocol/handler.go:1649	have all messages and processed	{"{round 20 3  <nil>}": {"Key":"self","Type":15,"Integer":0,"String":"b","Interface":null}}
2025-08-15T22:13:49.926-0500	DEBUG	protocol/handler.go:596	round already finalized
2025-08-15T22:13:49.926-0500	DEBUG	protocol/handler.go:581	tryAdvanceRound called	{"{current_round 20 3  <nil>}": {"Key":"self","Type":15,"Integer":0,"String":"a","Interface":null}}
2025-08-15T22:13:49.926-0500	DEBUG	protocol/handler.go:1591	have processed broadcast	{"{round 20 3  <nil>}": {"Key":"from","Type":15,"Integer":0,"String":"b","Interface":null}}
2025-08-15T22:13:49.926-0500	DEBUG	protocol/handler.go:1591	have processed broadcast	{"{round 20 3  <nil>}": {"Key":"from","Type":15,"Integer":0,"String":"c","Interface":null}}
2025-08-15T22:13:49.926-0500	DEBUG	protocol/handler.go:1649	have all messages and processed	{"{round 20 3  <nil>}": {"Key":"self","Type":15,"Integer":0,"String":"a","Interface":null}}
2025-08-15T22:13:49.926-0500	DEBUG	protocol/handler.go:596	round already finalized
2025-08-15T22:13:49.926-0500	DEBUG	protocol/handler.go:581	tryAdvanceRound called	{"{current_round 20 3  <nil>}": {"Key":"self","Type":15,"Integer":0,"String":"c","Interface":null}}
2025-08-15T22:13:49.926-0500	DEBUG	protocol/handler.go:1591	have processed broadcast	{"{round 20 3  <nil>}": {"Key":"from","Type":15,"Integer":0,"String":"a","Interface":null}}
2025-08-15T22:13:49.926-0500	DEBUG	protocol/handler.go:1591	have processed broadcast	{"{round 20 3  <nil>}": {"Key":"from","Type":15,"Integer":0,"String":"b","Interface":null}}
2025-08-15T22:13:49.927-0500	DEBUG	protocol/handler.go:1649	have all messages and processed	{"{round 20 3  <nil>}": {"Key":"self","Type":15,"Integer":0,"String":"c","Interface":null}}
2025-08-15T22:13:49.927-0500	DEBUG	protocol/handler.go:596	round already finalized
2025-08-15T22:13:49.927-0500	DEBUG	protocol/handler.go:581	tryAdvanceRound called	{"{current_round 20 3  <nil>}": {"Key":"self","Type":15,"Integer":0,"String":"a","Interface":null}}
2025-08-15T22:13:49.927-0500	DEBUG	protocol/handler.go:1591	have processed broadcast	{"{round 20 3  <nil>}": {"Key":"from","Type":15,"Integer":0,"String":"b","Interface":null}}
2025-08-15T22:13:49.927-0500	DEBUG	protocol/handler.go:1591	have processed broadcast	{"{round 20 3  <nil>}": {"Key":"from","Type":15,"Integer":0,"String":"c","Interface":null}}
2025-08-15T22:13:49.927-0500	DEBUG	protocol/handler.go:1649	have all messages and processed	{"{round 20 3  <nil>}": {"Key":"self","Type":15,"Integer":0,"String":"a","Interface":null}}
2025-08-15T22:13:49.927-0500	DEBUG	protocol/handler.go:596	round already finalized
2025-08-15T22:13:49.949-0500	DEBUG	protocol/handler.go:581	tryAdvanceRound called	{"{current_round 20 3  <nil>}": {"Key":"self","Type":15,"Integer":0,"String":"a","Interface":null}}
2025-08-15T22:13:49.949-0500	DEBUG	protocol/handler.go:1591	have processed broadcast	{"{round 20 3  <nil>}": {"Key":"from","Type":15,"Integer":0,"String":"b","Interface":null}}
2025-08-15T22:13:49.949-0500	DEBUG	protocol/handler.go:1591	have processed broadcast	{"{round 20 3  <nil>}": {"Key":"from","Type":15,"Integer":0,"String":"c","Interface":null}}
2025-08-15T22:13:49.949-0500	DEBUG	protocol/handler.go:1649	have all messages and processed	{"{round 20 3  <nil>}": {"Key":"self","Type":15,"Integer":0,"String":"a","Interface":null}}
2025-08-15T22:13:49.949-0500	DEBUG	protocol/handler.go:596	round already finalized
2025-08-15T22:13:49.949-0500	DEBUG	protocol/handler.go:581	tryAdvanceRound called	{"{current_round 20 3  <nil>}": {"Key":"self","Type":15,"Integer":0,"String":"b","Interface":null}}
2025-08-15T22:13:49.949-0500	DEBUG	protocol/handler.go:1591	have processed broadcast	{"{round 20 3  <nil>}": {"Key":"from","Type":15,"Integer":0,"String":"a","Interface":null}}
2025-08-15T22:13:49.949-0500	DEBUG	protocol/handler.go:1591	have processed broadcast	{"{round 20 3  <nil>}": {"Key":"from","Type":15,"Integer":0,"String":"c","Interface":null}}
2025-08-15T22:13:49.949-0500	DEBUG	protocol/handler.go:1649	have all messages and processed	{"{round 20 3  <nil>}": {"Key":"self","Type":15,"Integer":0,"String":"b","Interface":null}}
2025-08-15T22:13:49.949-0500	DEBUG	protocol/handler.go:596	round already finalized
2025-08-15T22:13:49.949-0500	DEBUG	protocol/handler.go:581	tryAdvanceRound called	{"{current_round 20 3  <nil>}": {"Key":"self","Type":15,"Integer":0,"String":"c","Interface":null}}
2025-08-15T22:13:49.949-0500	DEBUG	protocol/handler.go:1591	have processed broadcast	{"{round 20 3  <nil>}": {"Key":"from","Type":15,"Integer":0,"String":"a","Interface":null}}
2025-08-15T22:13:49.949-0500	DEBUG	protocol/handler.go:1591	have processed broadcast	{"{round 20 3  <nil>}": {"Key":"from","Type":15,"Integer":0,"String":"b","Interface":null}}
2025-08-15T22:13:49.949-0500	DEBUG	protocol/handler.go:1649	have all messages and processed	{"{round 20 3  <nil>}": {"Key":"self","Type":15,"Integer":0,"String":"c","Interface":null}}
2025-08-15T22:13:49.949-0500	DEBUG	protocol/handler.go:596	round already finalized
2025-08-15T22:13:49.960-0500	DEBUG	protocol/handler.go:581	tryAdvanceRound called	{"{current_round 20 3  <nil>}": {"Key":"self","Type":15,"Integer":0,"String":"b","Interface":null}}
2025-08-15T22:13:49.960-0500	DEBUG	protocol/handler.go:1591	have processed broadcast	{"{round 20 3  <nil>}": {"Key":"from","Type":15,"Integer":0,"String":"a","Interface":null}}
2025-08-15T22:13:49.960-0500	DEBUG	protocol/handler.go:1649	have all messages and processed	{"{round 20 3  <nil>}": {"Key":"self","Type":15,"Integer":0,"String":"b","Interface":null}}
2025-08-15T22:13:49.960-0500	DEBUG	protocol/handler.go:596	round already finalized
2025-08-15T22:13:49.971-0500	DEBUG	protocol/handler.go:581	tryAdvanceRound called	{"{current_round 20 3  <nil>}": {"Key":"self","Type":15,"Integer":0,"String":"c","Interface":null}}
2025-08-15T22:13:49.971-0500	DEBUG	protocol/handler.go:1591	have processed broadcast	{"{round 20 3  <nil>}": {"Key":"from","Type":15,"Integer":0,"String":"a","Interface":null}}
2025-08-15T22:13:49.971-0500	DEBUG	protocol/handler.go:1591	have processed broadcast	{"{round 20 3  <nil>}": {"Key":"from","Type":15,"Integer":0,"String":"b","Interface":null}}
2025-08-15T22:13:49.971-0500	DEBUG	protocol/handler.go:1649	have all messages and processed	{"{round 20 3  <nil>}": {"Key":"self","Type":15,"Integer":0,"String":"c","Interface":null}}
2025-08-15T22:13:49.971-0500	DEBUG	protocol/handler.go:596	round already finalized
2025-08-15T22:13:49.971-0500	DEBUG	protocol/handler.go:581	tryAdvanceRound called	{"{current_round 20 3  <nil>}": {"Key":"self","Type":15,"Integer":0,"String":"b","Interface":null}}
2025-08-15T22:13:49.971-0500	DEBUG	protocol/handler.go:1591	have processed broadcast	{"{round 20 3  <nil>}": {"Key":"from","Type":15,"Integer":0,"String":"a","Interface":null}}
2025-08-15T22:13:49.971-0500	DEBUG	protocol/handler.go:1591	have processed broadcast	{"{round 20 3  <nil>}": {"Key":"from","Type":15,"Integer":0,"String":"c","Interface":null}}
2025-08-15T22:13:49.971-0500	DEBUG	protocol/handler.go:1649	have all messages and processed	{"{round 20 3  <nil>}": {"Key":"self","Type":15,"Integer":0,"String":"b","Interface":null}}
2025-08-15T22:13:49.971-0500	DEBUG	protocol/handler.go:596	round already finalized
2025-08-15T22:13:49.971-0500	DEBUG	protocol/handler.go:581	tryAdvanceRound called	{"{current_round 20 3  <nil>}": {"Key":"self","Type":15,"Integer":0,"String":"a","Interface":null}}
2025-08-15T22:13:49.971-0500	DEBUG	protocol/handler.go:1591	have processed broadcast	{"{round 20 3  <nil>}": {"Key":"from","Type":15,"Integer":0,"String":"b","Interface":null}}
2025-08-15T22:13:49.971-0500	DEBUG	protocol/handler.go:1591	have processed broadcast	{"{round 20 3  <nil>}": {"Key":"from","Type":15,"Integer":0,"String":"c","Interface":null}}
2025-08-15T22:13:49.971-0500	DEBUG	protocol/handler.go:1649	have all messages and processed	{"{round 20 3  <nil>}": {"Key":"self","Type":15,"Integer":0,"String":"a","Interface":null}}
2025-08-15T22:13:49.971-0500	DEBUG	protocol/handler.go:596	round already finalized
2025-08-15T22:13:49.971-0500	DEBUG	protocol/handler.go:581	tryAdvanceRound called	{"{current_round 20 3  <nil>}": {"Key":"self","Type":15,"Integer":0,"String":"c","Interface":null}}
2025-08-15T22:13:49.971-0500	DEBUG	protocol/handler.go:1591	have processed broadcast	{"{round 20 3  <nil>}": {"Key":"from","Type":15,"Integer":0,"String":"a","Interface":null}}
2025-08-15T22:13:49.971-0500	DEBUG	protocol/handler.go:1591	have processed broadcast	{"{round 20 3  <nil>}": {"Key":"from","Type":15,"Integer":0,"String":"b","Interface":null}}
2025-08-15T22:13:49.971-0500	DEBUG	protocol/handler.go:1649	have all messages and processed	{"{round 20 3  <nil>}": {"Key":"self","Type":15,"Integer":0,"String":"c","Interface":null}}
2025-08-15T22:13:49.972-0500	DEBUG	protocol/handler.go:596	round already finalized
2025-08-15T22:13:49.983-0500	DEBUG	protocol/handler.go:581	tryAdvanceRound called	{"{current_round 20 3  <nil>}": {"Key":"self","Type":15,"Integer":0,"String":"b","Interface":null}}
2025-08-15T22:13:49.983-0500	DEBUG	protocol/handler.go:1591	have processed broadcast	{"{round 20 3  <nil>}": {"Key":"from","Type":15,"Integer":0,"String":"a","Interface":null}}
2025-08-15T22:13:49.983-0500	DEBUG	protocol/handler.go:1649	have all messages and processed	{"{round 20 3  <nil>}": {"Key":"self","Type":15,"Integer":0,"String":"b","Interface":null}}
2025-08-15T22:13:49.983-0500	DEBUG	protocol/handler.go:596	round already finalized
2025-08-15T22:13:49.994-0500	DEBUG	protocol/handler.go:581	tryAdvanceRound called	{"{current_round 20 3  <nil>}": {"Key":"self","Type":15,"Integer":0,"String":"a","Interface":null}}
2025-08-15T22:13:49.994-0500	DEBUG	protocol/handler.go:1591	have processed broadcast	{"{round 20 3  <nil>}": {"Key":"from","Type":15,"Integer":0,"String":"b","Interface":null}}
2025-08-15T22:13:49.994-0500	DEBUG	protocol/handler.go:1591	have processed broadcast	{"{round 20 3  <nil>}": {"Key":"from","Type":15,"Integer":0,"String":"c","Interface":null}}
2025-08-15T22:13:49.994-0500	DEBUG	protocol/handler.go:1649	have all messages and processed	{"{round 20 3  <nil>}": {"Key":"self","Type":15,"Integer":0,"String":"a","Interface":null}}
2025-08-15T22:13:49.994-0500	DEBUG	protocol/handler.go:596	round already finalized
2025-08-15T22:13:49.995-0500	DEBUG	protocol/handler.go:581	tryAdvanceRound called	{"{current_round 20 3  <nil>}": {"Key":"self","Type":15,"Integer":0,"String":"b","Interface":null}}
2025-08-15T22:13:49.995-0500	DEBUG	protocol/handler.go:1591	have processed broadcast	{"{round 20 3  <nil>}": {"Key":"from","Type":15,"Integer":0,"String":"a","Interface":null}}
2025-08-15T22:13:49.995-0500	DEBUG	protocol/handler.go:1591	have processed broadcast	{"{round 20 3  <nil>}": {"Key":"from","Type":15,"Integer":0,"String":"c","Interface":null}}
2025-08-15T22:13:49.995-0500	DEBUG	protocol/handler.go:1649	have all messages and processed	{"{round 20 3  <nil>}": {"Key":"self","Type":15,"Integer":0,"String":"b","Interface":null}}
2025-08-15T22:13:49.995-0500	DEBUG	protocol/handler.go:596	round already finalized
2025-08-15T22:13:49.995-0500	DEBUG	protocol/handler.go:581	tryAdvanceRound called	{"{current_round 20 3  <nil>}": {"Key":"self","Type":15,"Integer":0,"String":"c","Interface":null}}
2025-08-15T22:13:49.995-0500	DEBUG	protocol/handler.go:1591	have processed broadcast	{"{round 20 3  <nil>}": {"Key":"from","Type":15,"Integer":0,"String":"a","Interface":null}}
2025-08-15T22:13:49.995-0500	DEBUG	protocol/handler.go:1591	have processed broadcast	{"{round 20 3  <nil>}": {"Key":"from","Type":15,"Integer":0,"String":"b","Interface":null}}
2025-08-15T22:13:49.995-0500	DEBUG	protocol/handler.go:1649	have all messages and processed	{"{round 20 3  <nil>}": {"Key":"self","Type":15,"Integer":0,"String":"c","Interface":null}}
2025-08-15T22:13:49.995-0500	DEBUG	protocol/handler.go:596	round already finalized
2025-08-15T22:13:50.007-0500	DEBUG	protocol/handler.go:581	tryAdvanceRound called	{"{current_round 20 3  <nil>}": {"Key":"self","Type":15,"Integer":0,"String":"b","Interface":null}}
2025-08-15T22:13:50.007-0500	DEBUG	protocol/handler.go:1591	have processed broadcast	{"{round 20 3  <nil>}": {"Key":"from","Type":15,"Integer":0,"String":"a","Interface":null}}
2025-08-15T22:13:50.007-0500	DEBUG	protocol/handler.go:1649	have all messages and processed	{"{round 20 3  <nil>}": {"Key":"self","Type":15,"Integer":0,"String":"b","Interface":null}}
2025-08-15T22:13:50.007-0500	DEBUG	protocol/handler.go:596	round already finalized
2025-08-15T22:13:50.019-0500	DEBUG	protocol/handler.go:581	tryAdvanceRound called	{"{current_round 20 3  <nil>}": {"Key":"self","Type":15,"Integer":0,"String":"c","Interface":null}}
2025-08-15T22:13:50.019-0500	DEBUG	protocol/handler.go:1591	have processed broadcast	{"{round 20 3  <nil>}": {"Key":"from","Type":15,"Integer":0,"String":"a","Interface":null}}
2025-08-15T22:13:50.020-0500	DEBUG	protocol/handler.go:1591	have processed broadcast	{"{round 20 3  <nil>}": {"Key":"from","Type":15,"Integer":0,"String":"b","Interface":null}}
2025-08-15T22:13:50.020-0500	DEBUG	protocol/handler.go:1649	have all messages and processed	{"{round 20 3  <nil>}": {"Key":"self","Type":15,"Integer":0,"String":"c","Interface":null}}
2025-08-15T22:13:50.020-0500	DEBUG	protocol/handler.go:596	round already finalized
2025-08-15T22:13:50.020-0500	DEBUG	protocol/handler.go:581	tryAdvanceRound called	{"{current_round 20 3  <nil>}": {"Key":"self","Type":15,"Integer":0,"String":"b","Interface":null}}
2025-08-15T22:13:50.020-0500	DEBUG	protocol/handler.go:1591	have processed broadcast	{"{round 20 3  <nil>}": {"Key":"from","Type":15,"Integer":0,"String":"a","Interface":null}}
2025-08-15T22:13:50.020-0500	DEBUG	protocol/handler.go:1591	have processed broadcast	{"{round 20 3  <nil>}": {"Key":"from","Type":15,"Integer":0,"String":"c","Interface":null}}
2025-08-15T22:13:50.020-0500	DEBUG	protocol/handler.go:1649	have all messages and processed	{"{round 20 3  <nil>}": {"Key":"self","Type":15,"Integer":0,"String":"b","Interface":null}}
2025-08-15T22:13:50.020-0500	DEBUG	protocol/handler.go:596	round already finalized
2025-08-15T22:13:50.020-0500	DEBUG	protocol/handler.go:581	tryAdvanceRound called	{"{current_round 20 3  <nil>}": {"Key":"self","Type":15,"Integer":0,"String":"a","Interface":null}}
2025-08-15T22:13:50.020-0500	DEBUG	protocol/handler.go:1591	have processed broadcast	{"{round 20 3  <nil>}": {"Key":"from","Type":15,"Integer":0,"String":"b","Interface":null}}
2025-08-15T22:13:50.020-0500	DEBUG	protocol/handler.go:1591	have processed broadcast	{"{round 20 3  <nil>}": {"Key":"from","Type":15,"Integer":0,"String":"c","Interface":null}}
2025-08-15T22:13:50.020-0500	DEBUG	protocol/handler.go:1649	have all messages and processed	{"{round 20 3  <nil>}": {"Key":"self","Type":15,"Integer":0,"String":"a","Interface":null}}
2025-08-15T22:13:50.020-0500	DEBUG	protocol/handler.go:596	round already finalized
2025-08-15T22:13:50.032-0500	DEBUG	protocol/handler.go:581	tryAdvanceRound called	{"{current_round 20 3  <nil>}": {"Key":"self","Type":15,"Integer":0,"String":"b","Interface":null}}
2025-08-15T22:13:50.032-0500	DEBUG	protocol/handler.go:1591	have processed broadcast	{"{round 20 3  <nil>}": {"Key":"from","Type":15,"Integer":0,"String":"a","Interface":null}}
2025-08-15T22:13:50.032-0500	DEBUG	protocol/handler.go:1649	have all messages and processed	{"{round 20 3  <nil>}": {"Key":"self","Type":15,"Integer":0,"String":"b","Interface":null}}
2025-08-15T22:13:50.032-0500	DEBUG	protocol/handler.go:596	round already finalized
2025-08-15T22:13:50.045-0500	DEBUG	protocol/handler.go:581	tryAdvanceRound called	{"{current_round 20 3  <nil>}": {"Key":"self","Type":15,"Integer":0,"String":"a","Interface":null}}
2025-08-15T22:13:50.045-0500	DEBUG	protocol/handler.go:1591	have processed broadcast	{"{round 20 3  <nil>}": {"Key":"from","Type":15,"Integer":0,"String":"b","Interface":null}}
2025-08-15T22:13:50.045-0500	DEBUG	protocol/handler.go:1591	have processed broadcast	{"{round 20 3  <nil>}": {"Key":"from","Type":15,"Integer":0,"String":"c","Interface":null}}
2025-08-15T22:13:50.045-0500	DEBUG	protocol/handler.go:1649	have all messages and processed	{"{round 20 3  <nil>}": {"Key":"self","Type":15,"Integer":0,"String":"a","Interface":null}}
2025-08-15T22:13:50.045-0500	DEBUG	protocol/handler.go:596	round already finalized
2025-08-15T22:13:50.045-0500	DEBUG	protocol/handler.go:581	tryAdvanceRound called	{"{current_round 20 3  <nil>}": {"Key":"self","Type":15,"Integer":0,"String":"c","Interface":null}}
2025-08-15T22:13:50.045-0500	DEBUG	protocol/handler.go:1591	have processed broadcast	{"{round 20 3  <nil>}": {"Key":"from","Type":15,"Integer":0,"String":"a","Interface":null}}
2025-08-15T22:13:50.045-0500	DEBUG	protocol/handler.go:1591	have processed broadcast	{"{round 20 3  <nil>}": {"Key":"from","Type":15,"Integer":0,"String":"b","Interface":null}}
2025-08-15T22:13:50.046-0500	DEBUG	protocol/handler.go:1649	have all messages and processed	{"{round 20 3  <nil>}": {"Key":"self","Type":15,"Integer":0,"String":"c","Interface":null}}
2025-08-15T22:13:50.046-0500	DEBUG	protocol/handler.go:596	round already finalized
2025-08-15T22:13:50.046-0500	DEBUG	protocol/handler.go:581	tryAdvanceRound called	{"{current_round 20 3  <nil>}": {"Key":"self","Type":15,"Integer":0,"String":"b","Interface":null}}
2025-08-15T22:13:50.046-0500	DEBUG	protocol/handler.go:1591	have processed broadcast	{"{round 20 3  <nil>}": {"Key":"from","Type":15,"Integer":0,"String":"a","Interface":null}}
2025-08-15T22:13:50.046-0500	DEBUG	protocol/handler.go:1591	have processed broadcast	{"{round 20 3  <nil>}": {"Key":"from","Type":15,"Integer":0,"String":"c","Interface":null}}
2025-08-15T22:13:50.046-0500	DEBUG	protocol/handler.go:1649	have all messages and processed	{"{round 20 3  <nil>}": {"Key":"self","Type":15,"Integer":0,"String":"b","Interface":null}}
2025-08-15T22:13:50.046-0500	DEBUG	protocol/handler.go:596	round already finalized
2025-08-15T22:13:50.057-0500	DEBUG	protocol/handler.go:581	tryAdvanceRound called	{"{current_round 20 3  <nil>}": {"Key":"self","Type":15,"Integer":0,"String":"b","Interface":null}}
2025-08-15T22:13:50.057-0500	DEBUG	protocol/handler.go:1591	have processed broadcast	{"{round 20 3  <nil>}": {"Key":"from","Type":15,"Integer":0,"String":"a","Interface":null}}
2025-08-15T22:13:50.057-0500	DEBUG	protocol/handler.go:1649	have all messages and processed	{"{round 20 3  <nil>}": {"Key":"self","Type":15,"Integer":0,"String":"b","Interface":null}}
2025-08-15T22:13:50.057-0500	DEBUG	protocol/handler.go:596	round already finalized
2025-08-15T22:13:50.068-0500	DEBUG	protocol/handler.go:581	tryAdvanceRound called	{"{current_round 20 3  <nil>}": {"Key":"self","Type":15,"Integer":0,"String":"c","Interface":null}}
2025-08-15T22:13:50.068-0500	DEBUG	protocol/handler.go:1591	have processed broadcast	{"{round 20 3  <nil>}": {"Key":"from","Type":15,"Integer":0,"String":"a","Interface":null}}
2025-08-15T22:13:50.068-0500	DEBUG	protocol/handler.go:1591	have processed broadcast	{"{round 20 3  <nil>}": {"Key":"from","Type":15,"Integer":0,"String":"b","Interface":null}}
2025-08-15T22:13:50.068-0500	DEBUG	protocol/handler.go:1649	have all messages and processed	{"{round 20 3  <nil>}": {"Key":"self","Type":15,"Integer":0,"String":"c","Interface":null}}
2025-08-15T22:13:50.068-0500	DEBUG	protocol/handler.go:596	round already finalized
2025-08-15T22:13:50.068-0500	DEBUG	protocol/handler.go:581	tryAdvanceRound called	{"{current_round 20 3  <nil>}": {"Key":"self","Type":15,"Integer":0,"String":"a","Interface":null}}
2025-08-15T22:13:50.068-0500	DEBUG	protocol/handler.go:1591	have processed broadcast	{"{round 20 3  <nil>}": {"Key":"from","Type":15,"Integer":0,"String":"b","Interface":null}}
2025-08-15T22:13:50.068-0500	DEBUG	protocol/handler.go:1591	have processed broadcast	{"{round 20 3  <nil>}": {"Key":"from","Type":15,"Integer":0,"String":"c","Interface":null}}
2025-08-15T22:13:50.068-0500	DEBUG	protocol/handler.go:1649	have all messages and processed	{"{round 20 3  <nil>}": {"Key":"self","Type":15,"Integer":0,"String":"a","Interface":null}}
2025-08-15T22:13:50.068-0500	DEBUG	protocol/handler.go:596	round already finalized
2025-08-15T22:13:50.068-0500	DEBUG	protocol/handler.go:581	tryAdvanceRound called	{"{current_round 20 3  <nil>}": {"Key":"self","Type":15,"Integer":0,"String":"b","Interface":null}}
2025-08-15T22:13:50.068-0500	DEBUG	protocol/handler.go:1591	have processed broadcast	{"{round 20 3  <nil>}": {"Key":"from","Type":15,"Integer":0,"String":"a","Interface":null}}
2025-08-15T22:13:50.068-0500	DEBUG	protocol/handler.go:1591	have processed broadcast	{"{round 20 3  <nil>}": {"Key":"from","Type":15,"Integer":0,"String":"c","Interface":null}}
2025-08-15T22:13:50.068-0500	DEBUG	protocol/handler.go:1649	have all messages and processed	{"{round 20 3  <nil>}": {"Key":"self","Type":15,"Integer":0,"String":"b","Interface":null}}
2025-08-15T22:13:50.068-0500	DEBUG	protocol/handler.go:596	round already finalized
2025-08-15T22:13:50.078-0500	DEBUG	protocol/handler.go:581	tryAdvanceRound called	{"{current_round 20 3  <nil>}": {"Key":"self","Type":15,"Integer":0,"String":"b","Interface":null}}
2025-08-15T22:13:50.078-0500	DEBUG	protocol/handler.go:1591	have processed broadcast	{"{round 20 3  <nil>}": {"Key":"from","Type":15,"Integer":0,"String":"a","Interface":null}}
2025-08-15T22:13:50.078-0500	DEBUG	protocol/handler.go:1649	have all messages and processed	{"{round 20 3  <nil>}": {"Key":"self","Type":15,"Integer":0,"String":"b","Interface":null}}
2025-08-15T22:13:50.078-0500	DEBUG	protocol/handler.go:596	round already finalized
2025-08-15T22:13:50.090-0500	DEBUG	protocol/handler.go:581	tryAdvanceRound called	{"{current_round 20 3  <nil>}": {"Key":"self","Type":15,"Integer":0,"String":"b","Interface":null}}
2025-08-15T22:13:50.090-0500	DEBUG	protocol/handler.go:1591	have processed broadcast	{"{round 20 3  <nil>}": {"Key":"from","Type":15,"Integer":0,"String":"a","Interface":null}}
2025-08-15T22:13:50.090-0500	DEBUG	protocol/handler.go:1591	have processed broadcast	{"{round 20 3  <nil>}": {"Key":"from","Type":15,"Integer":0,"String":"c","Interface":null}}
2025-08-15T22:13:50.090-0500	DEBUG	protocol/handler.go:1649	have all messages and processed	{"{round 20 3  <nil>}": {"Key":"self","Type":15,"Integer":0,"String":"b","Interface":null}}
2025-08-15T22:13:50.090-0500	DEBUG	protocol/handler.go:596	round already finalized
2025-08-15T22:13:50.090-0500	DEBUG	protocol/handler.go:581	tryAdvanceRound called	{"{current_round 20 3  <nil>}": {"Key":"self","Type":15,"Integer":0,"String":"c","Interface":null}}
2025-08-15T22:13:50.091-0500	DEBUG	protocol/handler.go:1591	have processed broadcast	{"{round 20 3  <nil>}": {"Key":"from","Type":15,"Integer":0,"String":"a","Interface":null}}
2025-08-15T22:13:50.091-0500	DEBUG	protocol/handler.go:1591	have processed broadcast	{"{round 20 3  <nil>}": {"Key":"from","Type":15,"Integer":0,"String":"b","Interface":null}}
2025-08-15T22:13:50.091-0500	DEBUG	protocol/handler.go:1649	have all messages and processed	{"{round 20 3  <nil>}": {"Key":"self","Type":15,"Integer":0,"String":"c","Interface":null}}
2025-08-15T22:13:50.091-0500	DEBUG	protocol/handler.go:596	round already finalized
2025-08-15T22:13:50.091-0500	DEBUG	protocol/handler.go:581	tryAdvanceRound called	{"{current_round 20 3  <nil>}": {"Key":"self","Type":15,"Integer":0,"String":"a","Interface":null}}
2025-08-15T22:13:50.091-0500	DEBUG	protocol/handler.go:1591	have processed broadcast	{"{round 20 3  <nil>}": {"Key":"from","Type":15,"Integer":0,"String":"b","Interface":null}}
2025-08-15T22:13:50.091-0500	DEBUG	protocol/handler.go:1591	have processed broadcast	{"{round 20 3  <nil>}": {"Key":"from","Type":15,"Integer":0,"String":"c","Interface":null}}
2025-08-15T22:13:50.091-0500	DEBUG	protocol/handler.go:1649	have all messages and processed	{"{round 20 3  <nil>}": {"Key":"self","Type":15,"Integer":0,"String":"a","Interface":null}}
2025-08-15T22:13:50.091-0500	DEBUG	protocol/handler.go:596	round already finalized
2025-08-15T22:13:50.091-0500	DEBUG	protocol/handler.go:581	tryAdvanceRound called	{"{current_round 20 3  <nil>}": {"Key":"self","Type":15,"Integer":0,"String":"b","Interface":null}}
2025-08-15T22:13:50.091-0500	DEBUG	protocol/handler.go:1591	have processed broadcast	{"{round 20 3  <nil>}": {"Key":"from","Type":15,"Integer":0,"String":"a","Interface":null}}
2025-08-15T22:13:50.091-0500	DEBUG	protocol/handler.go:1591	have processed broadcast	{"{round 20 3  <nil>}": {"Key":"from","Type":15,"Integer":0,"String":"c","Interface":null}}
2025-08-15T22:13:50.091-0500	DEBUG	protocol/handler.go:1649	have all messages and processed	{"{round 20 3  <nil>}": {"Key":"self","Type":15,"Integer":0,"String":"b","Interface":null}}
2025-08-15T22:13:50.091-0500	DEBUG	protocol/handler.go:596	round already finalized
2025-08-15T22:13:50.091-0500	DEBUG	protocol/handler.go:581	tryAdvanceRound called	{"{current_round 20 3  <nil>}": {"Key":"self","Type":15,"Integer":0,"String":"c","Interface":null}}
2025-08-15T22:13:50.091-0500	DEBUG	protocol/handler.go:1591	have processed broadcast	{"{round 20 3  <nil>}": {"Key":"from","Type":15,"Integer":0,"String":"a","Interface":null}}
2025-08-15T22:13:50.091-0500	DEBUG	protocol/handler.go:1591	have processed broadcast	{"{round 20 3  <nil>}": {"Key":"from","Type":15,"Integer":0,"String":"b","Interface":null}}
2025-08-15T22:13:50.091-0500	DEBUG	protocol/handler.go:1649	have all messages and processed	{"{round 20 3  <nil>}": {"Key":"self","Type":15,"Integer":0,"String":"c","Interface":null}}
2025-08-15T22:13:50.091-0500	DEBUG	protocol/handler.go:596	round already finalized
2025-08-15T22:13:50.102-0500	DEBUG	protocol/handler.go:581	tryAdvanceRound called	{"{current_round 20 3  <nil>}": {"Key":"self","Type":15,"Integer":0,"String":"b","Interface":null}}
2025-08-15T22:13:50.102-0500	DEBUG	protocol/handler.go:1591	have processed broadcast	{"{round 20 3  <nil>}": {"Key":"from","Type":15,"Integer":0,"String":"a","Interface":null}}
2025-08-15T22:13:50.102-0500	DEBUG	protocol/handler.go:1649	have all messages and processed	{"{round 20 3  <nil>}": {"Key":"self","Type":15,"Integer":0,"String":"b","Interface":null}}
2025-08-15T22:13:50.102-0500	DEBUG	protocol/handler.go:596	round already finalized
2025-08-15T22:13:50.114-0500	DEBUG	protocol/handler.go:581	tryAdvanceRound called	{"{current_round 20 3  <nil>}": {"Key":"self","Type":15,"Integer":0,"String":"c","Interface":null}}
2025-08-15T22:13:50.114-0500	DEBUG	protocol/handler.go:1591	have processed broadcast	{"{round 20 3  <nil>}": {"Key":"from","Type":15,"Integer":0,"String":"a","Interface":null}}
2025-08-15T22:13:50.114-0500	DEBUG	protocol/handler.go:1591	have processed broadcast	{"{round 20 3  <nil>}": {"Key":"from","Type":15,"Integer":0,"String":"b","Interface":null}}
2025-08-15T22:13:50.114-0500	DEBUG	protocol/handler.go:1649	have all messages and processed	{"{round 20 3  <nil>}": {"Key":"self","Type":15,"Integer":0,"String":"c","Interface":null}}
2025-08-15T22:13:50.114-0500	DEBUG	protocol/handler.go:596	round already finalized
2025-08-15T22:13:50.114-0500	DEBUG	protocol/handler.go:581	tryAdvanceRound called	{"{current_round 20 3  <nil>}": {"Key":"self","Type":15,"Integer":0,"String":"a","Interface":null}}
2025-08-15T22:13:50.115-0500	DEBUG	protocol/handler.go:1591	have processed broadcast	{"{round 20 3  <nil>}": {"Key":"from","Type":15,"Integer":0,"String":"b","Interface":null}}
2025-08-15T22:13:50.115-0500	DEBUG	protocol/handler.go:1591	have processed broadcast	{"{round 20 3  <nil>}": {"Key":"from","Type":15,"Integer":0,"String":"c","Interface":null}}
2025-08-15T22:13:50.115-0500	DEBUG	protocol/handler.go:1649	have all messages and processed	{"{round 20 3  <nil>}": {"Key":"self","Type":15,"Integer":0,"String":"a","Interface":null}}
2025-08-15T22:13:50.115-0500	DEBUG	protocol/handler.go:596	round already finalized
2025-08-15T22:13:50.115-0500	DEBUG	protocol/handler.go:581	tryAdvanceRound called	{"{current_round 20 3  <nil>}": {"Key":"self","Type":15,"Integer":0,"String":"b","Interface":null}}
2025-08-15T22:13:50.115-0500	DEBUG	protocol/handler.go:1591	have processed broadcast	{"{round 20 3  <nil>}": {"Key":"from","Type":15,"Integer":0,"String":"a","Interface":null}}
2025-08-15T22:13:50.115-0500	DEBUG	protocol/handler.go:1591	have processed broadcast	{"{round 20 3  <nil>}": {"Key":"from","Type":15,"Integer":0,"String":"c","Interface":null}}
2025-08-15T22:13:50.115-0500	DEBUG	protocol/handler.go:1649	have all messages and processed	{"{round 20 3  <nil>}": {"Key":"self","Type":15,"Integer":0,"String":"b","Interface":null}}
2025-08-15T22:13:50.115-0500	DEBUG	protocol/handler.go:596	round already finalized
2025-08-15T22:13:50.125-0500	DEBUG	protocol/handler.go:581	tryAdvanceRound called	{"{current_round 20 3  <nil>}": {"Key":"self","Type":15,"Integer":0,"String":"b","Interface":null}}
2025-08-15T22:13:50.125-0500	DEBUG	protocol/handler.go:1591	have processed broadcast	{"{round 20 3  <nil>}": {"Key":"from","Type":15,"Integer":0,"String":"a","Interface":null}}
2025-08-15T22:13:50.125-0500	DEBUG	protocol/handler.go:1649	have all messages and processed	{"{round 20 3  <nil>}": {"Key":"self","Type":15,"Integer":0,"String":"b","Interface":null}}
2025-08-15T22:13:50.125-0500	DEBUG	protocol/handler.go:596	round already finalized
2025-08-15T22:13:50.139-0500	DEBUG	protocol/handler.go:581	tryAdvanceRound called	{"{current_round 20 3  <nil>}": {"Key":"self","Type":15,"Integer":0,"String":"a","Interface":null}}
2025-08-15T22:13:50.140-0500	DEBUG	protocol/handler.go:1591	have processed broadcast	{"{round 20 3  <nil>}": {"Key":"from","Type":15,"Integer":0,"String":"b","Interface":null}}
2025-08-15T22:13:50.140-0500	DEBUG	protocol/handler.go:1591	have processed broadcast	{"{round 20 3  <nil>}": {"Key":"from","Type":15,"Integer":0,"String":"c","Interface":null}}
2025-08-15T22:13:50.140-0500	DEBUG	protocol/handler.go:1649	have all messages and processed	{"{round 20 3  <nil>}": {"Key":"self","Type":15,"Integer":0,"String":"a","Interface":null}}
2025-08-15T22:13:50.140-0500	DEBUG	protocol/handler.go:596	round already finalized
2025-08-15T22:13:50.140-0500	DEBUG	protocol/handler.go:581	tryAdvanceRound called	{"{current_round 20 3  <nil>}": {"Key":"self","Type":15,"Integer":0,"String":"b","Interface":null}}
2025-08-15T22:13:50.140-0500	DEBUG	protocol/handler.go:1591	have processed broadcast	{"{round 20 3  <nil>}": {"Key":"from","Type":15,"Integer":0,"String":"a","Interface":null}}
2025-08-15T22:13:50.140-0500	DEBUG	protocol/handler.go:1591	have processed broadcast	{"{round 20 3  <nil>}": {"Key":"from","Type":15,"Integer":0,"String":"c","Interface":null}}
2025-08-15T22:13:50.140-0500	DEBUG	protocol/handler.go:1649	have all messages and processed	{"{round 20 3  <nil>}": {"Key":"self","Type":15,"Integer":0,"String":"b","Interface":null}}
2025-08-15T22:13:50.140-0500	DEBUG	protocol/handler.go:596	round already finalized
2025-08-15T22:13:50.140-0500	DEBUG	protocol/handler.go:581	tryAdvanceRound called	{"{current_round 20 3  <nil>}": {"Key":"self","Type":15,"Integer":0,"String":"c","Interface":null}}
2025-08-15T22:13:50.140-0500	DEBUG	protocol/handler.go:1591	have processed broadcast	{"{round 20 3  <nil>}": {"Key":"from","Type":15,"Integer":0,"String":"a","Interface":null}}
2025-08-15T22:13:50.140-0500	DEBUG	protocol/handler.go:1591	have processed broadcast	{"{round 20 3  <nil>}": {"Key":"from","Type":15,"Integer":0,"String":"b","Interface":null}}
2025-08-15T22:13:50.140-0500	DEBUG	protocol/handler.go:1649	have all messages and processed	{"{round 20 3  <nil>}": {"Key":"self","Type":15,"Integer":0,"String":"c","Interface":null}}
2025-08-15T22:13:50.140-0500	DEBUG	protocol/handler.go:596	round already finalized
2025-08-15T22:13:50.141-0500	DEBUG	protocol/handler.go:581	tryAdvanceRound called	{"{current_round 20 3  <nil>}": {"Key":"self","Type":15,"Integer":0,"String":"b","Interface":null}}
2025-08-15T22:13:50.141-0500	DEBUG	protocol/handler.go:1591	have processed broadcast	{"{round 20 3  <nil>}": {"Key":"from","Type":15,"Integer":0,"String":"a","Interface":null}}
2025-08-15T22:13:50.141-0500	DEBUG	protocol/handler.go:1591	have processed broadcast	{"{round 20 3  <nil>}": {"Key":"from","Type":15,"Integer":0,"String":"c","Interface":null}}
2025-08-15T22:13:50.141-0500	DEBUG	protocol/handler.go:1649	have all messages and processed	{"{round 20 3  <nil>}": {"Key":"self","Type":15,"Integer":0,"String":"b","Interface":null}}
2025-08-15T22:13:50.141-0500	DEBUG	protocol/handler.go:596	round already finalized
2025-08-15T22:13:50.158-0500	DEBUG	protocol/handler.go:581	tryAdvanceRound called	{"{current_round 20 3  <nil>}": {"Key":"self","Type":15,"Integer":0,"String":"b","Interface":null}}
2025-08-15T22:13:50.159-0500	DEBUG	protocol/handler.go:1591	have processed broadcast	{"{round 20 3  <nil>}": {"Key":"from","Type":15,"Integer":0,"String":"a","Interface":null}}
2025-08-15T22:13:50.159-0500	DEBUG	protocol/handler.go:1649	have all messages and processed	{"{round 20 3  <nil>}": {"Key":"self","Type":15,"Integer":0,"String":"b","Interface":null}}
2025-08-15T22:13:50.159-0500	DEBUG	protocol/handler.go:596	round already finalized
2025-08-15T22:13:50.164-0500	DEBUG	protocol/handler.go:581	tryAdvanceRound called	{"{current_round 20 3  <nil>}": {"Key":"self","Type":15,"Integer":0,"String":"b","Interface":null}}
2025-08-15T22:13:50.164-0500	DEBUG	protocol/handler.go:1591	have processed broadcast	{"{round 20 3  <nil>}": {"Key":"from","Type":15,"Integer":0,"String":"a","Interface":null}}
2025-08-15T22:13:50.164-0500	DEBUG	protocol/handler.go:1591	have processed broadcast	{"{round 20 3  <nil>}": {"Key":"from","Type":15,"Integer":0,"String":"c","Interface":null}}
2025-08-15T22:13:50.164-0500	DEBUG	protocol/handler.go:1649	have all messages and processed	{"{round 20 3  <nil>}": {"Key":"self","Type":15,"Integer":0,"String":"b","Interface":null}}
2025-08-15T22:13:50.164-0500	DEBUG	protocol/handler.go:596	round already finalized
2025-08-15T22:13:50.164-0500	DEBUG	protocol/handler.go:581	tryAdvanceRound called	{"{current_round 20 3  <nil>}": {"Key":"self","Type":15,"Integer":0,"String":"c","Interface":null}}
2025-08-15T22:13:50.164-0500	DEBUG	protocol/handler.go:1591	have processed broadcast	{"{round 20 3  <nil>}": {"Key":"from","Type":15,"Integer":0,"String":"a","Interface":null}}
2025-08-15T22:13:50.164-0500	DEBUG	protocol/handler.go:1591	have processed broadcast	{"{round 20 3  <nil>}": {"Key":"from","Type":15,"Integer":0,"String":"b","Interface":null}}
2025-08-15T22:13:50.164-0500	DEBUG	protocol/handler.go:1649	have all messages and processed	{"{round 20 3  <nil>}": {"Key":"self","Type":15,"Integer":0,"String":"c","Interface":null}}
2025-08-15T22:13:50.164-0500	DEBUG	protocol/handler.go:596	round already finalized
2025-08-15T22:13:50.164-0500	DEBUG	protocol/handler.go:581	tryAdvanceRound called	{"{current_round 20 3  <nil>}": {"Key":"self","Type":15,"Integer":0,"String":"a","Interface":null}}
2025-08-15T22:13:50.164-0500	DEBUG	protocol/handler.go:1591	have processed broadcast	{"{round 20 3  <nil>}": {"Key":"from","Type":15,"Integer":0,"String":"b","Interface":null}}
2025-08-15T22:13:50.164-0500	DEBUG	protocol/handler.go:1591	have processed broadcast	{"{round 20 3  <nil>}": {"Key":"from","Type":15,"Integer":0,"String":"c","Interface":null}}
2025-08-15T22:13:50.164-0500	DEBUG	protocol/handler.go:1649	have all messages and processed	{"{round 20 3  <nil>}": {"Key":"self","Type":15,"Integer":0,"String":"a","Interface":null}}
2025-08-15T22:13:50.164-0500	DEBUG	protocol/handler.go:596	round already finalized
2025-08-15T22:13:50.175-0500	DEBUG	protocol/handler.go:581	tryAdvanceRound called	{"{current_round 20 3  <nil>}": {"Key":"self","Type":15,"Integer":0,"String":"b","Interface":null}}
2025-08-15T22:13:50.176-0500	DEBUG	protocol/handler.go:1591	have processed broadcast	{"{round 20 3  <nil>}": {"Key":"from","Type":15,"Integer":0,"String":"a","Interface":null}}
2025-08-15T22:13:50.176-0500	DEBUG	protocol/handler.go:1649	have all messages and processed	{"{round 20 3  <nil>}": {"Key":"self","Type":15,"Integer":0,"String":"b","Interface":null}}
2025-08-15T22:13:50.177-0500	DEBUG	protocol/handler.go:596	round already finalized
2025-08-15T22:13:50.177-0500	DEBUG	protocol/handler.go:581	tryAdvanceRound called	{"{current_round 20 3  <nil>}": {"Key":"self","Type":15,"Integer":0,"String":"b","Interface":null}}
2025-08-15T22:13:50.177-0500	DEBUG	protocol/handler.go:1591	have processed broadcast	{"{round 20 3  <nil>}": {"Key":"from","Type":15,"Integer":0,"String":"a","Interface":null}}
2025-08-15T22:13:50.177-0500	DEBUG	protocol/handler.go:1649	have all messages and processed	{"{round 20 3  <nil>}": {"Key":"self","Type":15,"Integer":0,"String":"b","Interface":null}}
2025-08-15T22:13:50.177-0500	DEBUG	protocol/handler.go:596	round already finalized
2025-08-15T22:13:50.188-0500	DEBUG	protocol/handler.go:581	tryAdvanceRound called	{"{current_round 20 3  <nil>}": {"Key":"self","Type":15,"Integer":0,"String":"c","Interface":null}}
2025-08-15T22:13:50.188-0500	DEBUG	protocol/handler.go:1591	have processed broadcast	{"{round 20 3  <nil>}": {"Key":"from","Type":15,"Integer":0,"String":"a","Interface":null}}
2025-08-15T22:13:50.188-0500	DEBUG	protocol/handler.go:1591	have processed broadcast	{"{round 20 3  <nil>}": {"Key":"from","Type":15,"Integer":0,"String":"b","Interface":null}}
2025-08-15T22:13:50.189-0500	DEBUG	protocol/handler.go:1649	have all messages and processed	{"{round 20 3  <nil>}": {"Key":"self","Type":15,"Integer":0,"String":"c","Interface":null}}
2025-08-15T22:13:50.189-0500	DEBUG	protocol/handler.go:596	round already finalized
2025-08-15T22:13:50.189-0500	DEBUG	protocol/handler.go:581	tryAdvanceRound called	{"{current_round 20 3  <nil>}": {"Key":"self","Type":15,"Integer":0,"String":"a","Interface":null}}
2025-08-15T22:13:50.189-0500	DEBUG	protocol/handler.go:1591	have processed broadcast	{"{round 20 3  <nil>}": {"Key":"from","Type":15,"Integer":0,"String":"b","Interface":null}}
2025-08-15T22:13:50.189-0500	DEBUG	protocol/handler.go:1591	have processed broadcast	{"{round 20 3  <nil>}": {"Key":"from","Type":15,"Integer":0,"String":"c","Interface":null}}
2025-08-15T22:13:50.189-0500	DEBUG	protocol/handler.go:1649	have all messages and processed	{"{round 20 3  <nil>}": {"Key":"self","Type":15,"Integer":0,"String":"a","Interface":null}}
2025-08-15T22:13:50.190-0500	DEBUG	protocol/handler.go:596	round already finalized
2025-08-15T22:13:50.190-0500	DEBUG	protocol/handler.go:581	tryAdvanceRound called	{"{current_round 20 3  <nil>}": {"Key":"self","Type":15,"Integer":0,"String":"b","Interface":null}}
2025-08-15T22:13:50.190-0500	DEBUG	protocol/handler.go:1591	have processed broadcast	{"{round 20 3  <nil>}": {"Key":"from","Type":15,"Integer":0,"String":"a","Interface":null}}
2025-08-15T22:13:50.190-0500	DEBUG	protocol/handler.go:1591	have processed broadcast	{"{round 20 3  <nil>}": {"Key":"from","Type":15,"Integer":0,"String":"c","Interface":null}}
2025-08-15T22:13:50.190-0500	DEBUG	protocol/handler.go:1649	have all messages and processed	{"{round 20 3  <nil>}": {"Key":"self","Type":15,"Integer":0,"String":"b","Interface":null}}
2025-08-15T22:13:50.190-0500	DEBUG	protocol/handler.go:596	round already finalized
2025-08-15T22:13:50.198-0500	DEBUG	protocol/handler.go:581	tryAdvanceRound called	{"{current_round 20 3  <nil>}": {"Key":"self","Type":15,"Integer":0,"String":"b","Interface":null}}
2025-08-15T22:13:50.198-0500	DEBUG	protocol/handler.go:1591	have processed broadcast	{"{round 20 3  <nil>}": {"Key":"from","Type":15,"Integer":0,"String":"a","Interface":null}}
2025-08-15T22:13:50.198-0500	DEBUG	protocol/handler.go:1649	have all messages and processed	{"{round 20 3  <nil>}": {"Key":"self","Type":15,"Integer":0,"String":"b","Interface":null}}
2025-08-15T22:13:50.198-0500	DEBUG	protocol/handler.go:596	round already finalized
2025-08-15T22:13:50.209-0500	DEBUG	protocol/handler.go:581	tryAdvanceRound called	{"{current_round 20 3  <nil>}": {"Key":"self","Type":15,"Integer":0,"String":"a","Interface":null}}
2025-08-15T22:13:50.209-0500	DEBUG	protocol/handler.go:1591	have processed broadcast	{"{round 20 3  <nil>}": {"Key":"from","Type":15,"Integer":0,"String":"b","Interface":null}}
2025-08-15T22:13:50.210-0500	DEBUG	protocol/handler.go:1591	have processed broadcast	{"{round 20 3  <nil>}": {"Key":"from","Type":15,"Integer":0,"String":"c","Interface":null}}
2025-08-15T22:13:50.210-0500	DEBUG	protocol/handler.go:1649	have all messages and processed	{"{round 20 3  <nil>}": {"Key":"self","Type":15,"Integer":0,"String":"a","Interface":null}}
2025-08-15T22:13:50.210-0500	DEBUG	protocol/handler.go:596	round already finalized
2025-08-15T22:13:50.210-0500	DEBUG	protocol/handler.go:581	tryAdvanceRound called	{"{current_round 20 3  <nil>}": {"Key":"self","Type":15,"Integer":0,"String":"b","Interface":null}}
2025-08-15T22:13:50.210-0500	DEBUG	protocol/handler.go:1591	have processed broadcast	{"{round 20 3  <nil>}": {"Key":"from","Type":15,"Integer":0,"String":"a","Interface":null}}
2025-08-15T22:13:50.210-0500	DEBUG	protocol/handler.go:1591	have processed broadcast	{"{round 20 3  <nil>}": {"Key":"from","Type":15,"Integer":0,"String":"c","Interface":null}}
2025-08-15T22:13:50.211-0500	DEBUG	protocol/handler.go:1649	have all messages and processed	{"{round 20 3  <nil>}": {"Key":"self","Type":15,"Integer":0,"String":"b","Interface":null}}
2025-08-15T22:13:50.211-0500	DEBUG	protocol/handler.go:596	round already finalized
2025-08-15T22:13:50.211-0500	DEBUG	protocol/handler.go:581	tryAdvanceRound called	{"{current_round 20 3  <nil>}": {"Key":"self","Type":15,"Integer":0,"String":"b","Interface":null}}
2025-08-15T22:13:50.211-0500	DEBUG	protocol/handler.go:1591	have processed broadcast	{"{round 20 3  <nil>}": {"Key":"from","Type":15,"Integer":0,"String":"a","Interface":null}}
2025-08-15T22:13:50.212-0500	DEBUG	protocol/handler.go:1591	have processed broadcast	{"{round 20 3  <nil>}": {"Key":"from","Type":15,"Integer":0,"String":"c","Interface":null}}
2025-08-15T22:13:50.212-0500	DEBUG	protocol/handler.go:1649	have all messages and processed	{"{round 20 3  <nil>}": {"Key":"self","Type":15,"Integer":0,"String":"b","Interface":null}}
2025-08-15T22:13:50.212-0500	DEBUG	protocol/handler.go:596	round already finalized
2025-08-15T22:13:50.213-0500	DEBUG	protocol/handler.go:581	tryAdvanceRound called	{"{current_round 20 3  <nil>}": {"Key":"self","Type":15,"Integer":0,"String":"c","Interface":null}}
2025-08-15T22:13:50.213-0500	DEBUG	protocol/handler.go:1591	have processed broadcast	{"{round 20 3  <nil>}": {"Key":"from","Type":15,"Integer":0,"String":"a","Interface":null}}
2025-08-15T22:13:50.213-0500	DEBUG	protocol/handler.go:1591	have processed broadcast	{"{round 20 3  <nil>}": {"Key":"from","Type":15,"Integer":0,"String":"b","Interface":null}}
2025-08-15T22:13:50.213-0500	DEBUG	protocol/handler.go:1649	have all messages and processed	{"{round 20 3  <nil>}": {"Key":"self","Type":15,"Integer":0,"String":"c","Interface":null}}
2025-08-15T22:13:50.213-0500	DEBUG	protocol/handler.go:596	round already finalized
2025-08-15T22:13:50.213-0500	DEBUG	protocol/handler.go:581	tryAdvanceRound called	{"{current_round 20 3  <nil>}": {"Key":"self","Type":15,"Integer":0,"String":"c","Interface":null}}
2025-08-15T22:13:50.213-0500	DEBUG	protocol/handler.go:1591	have processed broadcast	{"{round 20 3  <nil>}": {"Key":"from","Type":15,"Integer":0,"String":"a","Interface":null}}
2025-08-15T22:13:50.214-0500	DEBUG	protocol/handler.go:1591	have processed broadcast	{"{round 20 3  <nil>}": {"Key":"from","Type":15,"Integer":0,"String":"b","Interface":null}}
2025-08-15T22:13:50.214-0500	DEBUG	protocol/handler.go:1649	have all messages and processed	{"{round 20 3  <nil>}": {"Key":"self","Type":15,"Integer":0,"String":"c","Interface":null}}
2025-08-15T22:13:50.214-0500	DEBUG	protocol/handler.go:596	round already finalized
2025-08-15T22:13:50.224-0500	DEBUG	protocol/handler.go:581	tryAdvanceRound called	{"{current_round 20 3  <nil>}": {"Key":"self","Type":15,"Integer":0,"String":"b","Interface":null}}
2025-08-15T22:13:50.225-0500	DEBUG	protocol/handler.go:1591	have processed broadcast	{"{round 20 3  <nil>}": {"Key":"from","Type":15,"Integer":0,"String":"a","Interface":null}}
2025-08-15T22:13:50.227-0500	DEBUG	protocol/handler.go:1649	have all messages and processed	{"{round 20 3  <nil>}": {"Key":"self","Type":15,"Integer":0,"String":"b","Interface":null}}
2025-08-15T22:13:50.227-0500	DEBUG	protocol/handler.go:596	round already finalized
2025-08-15T22:13:50.227-0500	DEBUG	protocol/handler.go:581	tryAdvanceRound called	{"{current_round 20 3  <nil>}": {"Key":"self","Type":15,"Integer":0,"String":"b","Interface":null}}
2025-08-15T22:13:50.227-0500	DEBUG	protocol/handler.go:1591	have processed broadcast	{"{round 20 3  <nil>}": {"Key":"from","Type":15,"Integer":0,"String":"a","Interface":null}}
2025-08-15T22:13:50.227-0500	DEBUG	protocol/handler.go:1649	have all messages and processed	{"{round 20 3  <nil>}": {"Key":"self","Type":15,"Integer":0,"String":"b","Interface":null}}
2025-08-15T22:13:50.227-0500	DEBUG	protocol/handler.go:596	round already finalized
2025-08-15T22:13:50.232-0500	DEBUG	protocol/handler.go:581	tryAdvanceRound called	{"{current_round 20 3  <nil>}": {"Key":"self","Type":15,"Integer":0,"String":"c","Interface":null}}
2025-08-15T22:13:50.232-0500	DEBUG	protocol/handler.go:1591	have processed broadcast	{"{round 20 3  <nil>}": {"Key":"from","Type":15,"Integer":0,"String":"a","Interface":null}}
2025-08-15T22:13:50.232-0500	DEBUG	protocol/handler.go:1591	have processed broadcast	{"{round 20 3  <nil>}": {"Key":"from","Type":15,"Integer":0,"String":"b","Interface":null}}
2025-08-15T22:13:50.232-0500	DEBUG	protocol/handler.go:1649	have all messages and processed	{"{round 20 3  <nil>}": {"Key":"self","Type":15,"Integer":0,"String":"c","Interface":null}}
2025-08-15T22:13:50.232-0500	DEBUG	protocol/handler.go:596	round already finalized
2025-08-15T22:13:50.232-0500	DEBUG	protocol/handler.go:581	tryAdvanceRound called	{"{current_round 20 3  <nil>}": {"Key":"self","Type":15,"Integer":0,"String":"a","Interface":null}}
2025-08-15T22:13:50.232-0500	DEBUG	protocol/handler.go:1591	have processed broadcast	{"{round 20 3  <nil>}": {"Key":"from","Type":15,"Integer":0,"String":"b","Interface":null}}
2025-08-15T22:13:50.232-0500	DEBUG	protocol/handler.go:1591	have processed broadcast	{"{round 20 3  <nil>}": {"Key":"from","Type":15,"Integer":0,"String":"c","Interface":null}}
2025-08-15T22:13:50.232-0500	DEBUG	protocol/handler.go:1649	have all messages and processed	{"{round 20 3  <nil>}": {"Key":"self","Type":15,"Integer":0,"String":"a","Interface":null}}
2025-08-15T22:13:50.232-0500	DEBUG	protocol/handler.go:596	round already finalized
2025-08-15T22:13:50.255-0500	DEBUG	protocol/handler.go:581	tryAdvanceRound called	{"{current_round 20 3  <nil>}": {"Key":"self","Type":15,"Integer":0,"String":"b","Interface":null}}
2025-08-15T22:13:50.255-0500	DEBUG	protocol/handler.go:1591	have processed broadcast	{"{round 20 3  <nil>}": {"Key":"from","Type":15,"Integer":0,"String":"a","Interface":null}}
2025-08-15T22:13:50.255-0500	DEBUG	protocol/handler.go:1591	have processed broadcast	{"{round 20 3  <nil>}": {"Key":"from","Type":15,"Integer":0,"String":"c","Interface":null}}
2025-08-15T22:13:50.255-0500	DEBUG	protocol/handler.go:1649	have all messages and processed	{"{round 20 3  <nil>}": {"Key":"self","Type":15,"Integer":0,"String":"b","Interface":null}}
2025-08-15T22:13:50.255-0500	DEBUG	protocol/handler.go:596	round already finalized
2025-08-15T22:13:50.255-0500	DEBUG	protocol/handler.go:581	tryAdvanceRound called	{"{current_round 20 3  <nil>}": {"Key":"self","Type":15,"Integer":0,"String":"b","Interface":null}}
2025-08-15T22:13:50.255-0500	DEBUG	protocol/handler.go:1591	have processed broadcast	{"{round 20 3  <nil>}": {"Key":"from","Type":15,"Integer":0,"String":"a","Interface":null}}
2025-08-15T22:13:50.255-0500	DEBUG	protocol/handler.go:1591	have processed broadcast	{"{round 20 3  <nil>}": {"Key":"from","Type":15,"Integer":0,"String":"c","Interface":null}}
2025-08-15T22:13:50.255-0500	DEBUG	protocol/handler.go:1649	have all messages and processed	{"{round 20 3  <nil>}": {"Key":"self","Type":15,"Integer":0,"String":"b","Interface":null}}
2025-08-15T22:13:50.255-0500	DEBUG	protocol/handler.go:596	round already finalized
2025-08-15T22:13:50.256-0500	DEBUG	protocol/handler.go:581	tryAdvanceRound called	{"{current_round 20 3  <nil>}": {"Key":"self","Type":15,"Integer":0,"String":"a","Interface":null}}
2025-08-15T22:13:50.256-0500	DEBUG	protocol/handler.go:1591	have processed broadcast	{"{round 20 3  <nil>}": {"Key":"from","Type":15,"Integer":0,"String":"b","Interface":null}}
2025-08-15T22:13:50.256-0500	DEBUG	protocol/handler.go:1591	have processed broadcast	{"{round 20 3  <nil>}": {"Key":"from","Type":15,"Integer":0,"String":"c","Interface":null}}
2025-08-15T22:13:50.256-0500	DEBUG	protocol/handler.go:1649	have all messages and processed	{"{round 20 3  <nil>}": {"Key":"self","Type":15,"Integer":0,"String":"a","Interface":null}}
2025-08-15T22:13:50.256-0500	DEBUG	protocol/handler.go:596	round already finalized
2025-08-15T22:13:50.256-0500	DEBUG	protocol/handler.go:581	tryAdvanceRound called	{"{current_round 20 3  <nil>}": {"Key":"self","Type":15,"Integer":0,"String":"c","Interface":null}}
2025-08-15T22:13:50.256-0500	DEBUG	protocol/handler.go:1591	have processed broadcast	{"{round 20 3  <nil>}": {"Key":"from","Type":15,"Integer":0,"String":"a","Interface":null}}
2025-08-15T22:13:50.256-0500	DEBUG	protocol/handler.go:1591	have processed broadcast	{"{round 20 3  <nil>}": {"Key":"from","Type":15,"Integer":0,"String":"b","Interface":null}}
2025-08-15T22:13:50.256-0500	DEBUG	protocol/handler.go:1649	have all messages and processed	{"{round 20 3  <nil>}": {"Key":"self","Type":15,"Integer":0,"String":"c","Interface":null}}
2025-08-15T22:13:50.256-0500	DEBUG	protocol/handler.go:596	round already finalized
2025-08-15T22:13:50.268-0500	DEBUG	protocol/handler.go:581	tryAdvanceRound called	{"{current_round 20 3  <nil>}": {"Key":"self","Type":15,"Integer":0,"String":"b","Interface":null}}
2025-08-15T22:13:50.268-0500	DEBUG	protocol/handler.go:1591	have processed broadcast	{"{round 20 3  <nil>}": {"Key":"from","Type":15,"Integer":0,"String":"a","Interface":null}}
2025-08-15T22:13:50.268-0500	DEBUG	protocol/handler.go:1649	have all messages and processed	{"{round 20 3  <nil>}": {"Key":"self","Type":15,"Integer":0,"String":"b","Interface":null}}
2025-08-15T22:13:50.269-0500	DEBUG	protocol/handler.go:596	round already finalized
2025-08-15T22:13:50.269-0500	DEBUG	protocol/handler.go:581	tryAdvanceRound called	{"{current_round 20 3  <nil>}": {"Key":"self","Type":15,"Integer":0,"String":"b","Interface":null}}
2025-08-15T22:13:50.269-0500	DEBUG	protocol/handler.go:1591	have processed broadcast	{"{round 20 3  <nil>}": {"Key":"from","Type":15,"Integer":0,"String":"a","Interface":null}}
2025-08-15T22:13:50.269-0500	DEBUG	protocol/handler.go:1649	have all messages and processed	{"{round 20 3  <nil>}": {"Key":"self","Type":15,"Integer":0,"String":"b","Interface":null}}
2025-08-15T22:13:50.269-0500	DEBUG	protocol/handler.go:596	round already finalized
2025-08-15T22:13:50.278-0500	DEBUG	protocol/handler.go:581	tryAdvanceRound called	{"{current_round 20 3  <nil>}": {"Key":"self","Type":15,"Integer":0,"String":"a","Interface":null}}
2025-08-15T22:13:50.278-0500	DEBUG	protocol/handler.go:1591	have processed broadcast	{"{round 20 3  <nil>}": {"Key":"from","Type":15,"Integer":0,"String":"b","Interface":null}}
2025-08-15T22:13:50.278-0500	DEBUG	protocol/handler.go:581	tryAdvanceRound called	{"{current_round 20 3  <nil>}": {"Key":"self","Type":15,"Integer":0,"String":"b","Interface":null}}
2025-08-15T22:13:50.279-0500	DEBUG	protocol/handler.go:1591	have processed broadcast	{"{round 20 3  <nil>}": {"Key":"from","Type":15,"Integer":0,"String":"a","Interface":null}}
2025-08-15T22:13:50.279-0500	DEBUG	protocol/handler.go:1591	have processed broadcast	{"{round 20 3  <nil>}": {"Key":"from","Type":15,"Integer":0,"String":"c","Interface":null}}
2025-08-15T22:13:50.279-0500	DEBUG	protocol/handler.go:1649	have all messages and processed	{"{round 20 3  <nil>}": {"Key":"self","Type":15,"Integer":0,"String":"b","Interface":null}}
2025-08-15T22:13:50.279-0500	DEBUG	protocol/handler.go:596	round already finalized
2025-08-15T22:13:50.279-0500	DEBUG	protocol/handler.go:581	tryAdvanceRound called	{"{current_round 20 3  <nil>}": {"Key":"self","Type":15,"Integer":0,"String":"c","Interface":null}}
2025-08-15T22:13:50.279-0500	DEBUG	protocol/handler.go:1591	have processed broadcast	{"{round 20 3  <nil>}": {"Key":"from","Type":15,"Integer":0,"String":"a","Interface":null}}
2025-08-15T22:13:50.279-0500	DEBUG	protocol/handler.go:1591	have processed broadcast	{"{round 20 3  <nil>}": {"Key":"from","Type":15,"Integer":0,"String":"b","Interface":null}}
2025-08-15T22:13:50.279-0500	DEBUG	protocol/handler.go:1649	have all messages and processed	{"{round 20 3  <nil>}": {"Key":"self","Type":15,"Integer":0,"String":"c","Interface":null}}
2025-08-15T22:13:50.279-0500	DEBUG	protocol/handler.go:596	round already finalized
2025-08-15T22:13:50.278-0500	DEBUG	protocol/handler.go:1591	have processed broadcast	{"{round 20 3  <nil>}": {"Key":"from","Type":15,"Integer":0,"String":"c","Interface":null}}
2025-08-15T22:13:50.279-0500	DEBUG	protocol/handler.go:1649	have all messages and processed	{"{round 20 3  <nil>}": {"Key":"self","Type":15,"Integer":0,"String":"a","Interface":null}}
2025-08-15T22:13:50.280-0500	DEBUG	protocol/handler.go:596	round already finalized
2025-08-15T22:13:50.297-0500	DEBUG	protocol/handler.go:581	tryAdvanceRound called	{"{current_round 20 3  <nil>}": {"Key":"self","Type":15,"Integer":0,"String":"b","Interface":null}}
2025-08-15T22:13:50.297-0500	DEBUG	protocol/handler.go:1591	have processed broadcast	{"{round 20 3  <nil>}": {"Key":"from","Type":15,"Integer":0,"String":"a","Interface":null}}
2025-08-15T22:13:50.298-0500	DEBUG	protocol/handler.go:1649	have all messages and processed	{"{round 20 3  <nil>}": {"Key":"self","Type":15,"Integer":0,"String":"b","Interface":null}}
2025-08-15T22:13:50.298-0500	DEBUG	protocol/handler.go:596	round already finalized
2025-08-15T22:13:50.301-0500	DEBUG	protocol/handler.go:581	tryAdvanceRound called	{"{current_round 20 3  <nil>}": {"Key":"self","Type":15,"Integer":0,"String":"a","Interface":null}}
2025-08-15T22:13:50.301-0500	DEBUG	protocol/handler.go:1591	have processed broadcast	{"{round 20 3  <nil>}": {"Key":"from","Type":15,"Integer":0,"String":"b","Interface":null}}
2025-08-15T22:13:50.301-0500	DEBUG	protocol/handler.go:1591	have processed broadcast	{"{round 20 3  <nil>}": {"Key":"from","Type":15,"Integer":0,"String":"c","Interface":null}}
2025-08-15T22:13:50.301-0500	DEBUG	protocol/handler.go:1649	have all messages and processed	{"{round 20 3  <nil>}": {"Key":"self","Type":15,"Integer":0,"String":"a","Interface":null}}
2025-08-15T22:13:50.301-0500	DEBUG	protocol/handler.go:596	round already finalized
2025-08-15T22:13:50.313-0500	DEBUG	protocol/handler.go:581	tryAdvanceRound called	{"{current_round 20 3  <nil>}": {"Key":"self","Type":15,"Integer":0,"String":"b","Interface":null}}
2025-08-15T22:13:50.313-0500	DEBUG	protocol/handler.go:1591	have processed broadcast	{"{round 20 3  <nil>}": {"Key":"from","Type":15,"Integer":0,"String":"a","Interface":null}}
2025-08-15T22:13:50.313-0500	DEBUG	protocol/handler.go:1649	have all messages and processed	{"{round 20 3  <nil>}": {"Key":"self","Type":15,"Integer":0,"String":"b","Interface":null}}
2025-08-15T22:13:50.314-0500	DEBUG	protocol/handler.go:596	round already finalized
2025-08-15T22:13:50.326-0500	DEBUG	protocol/handler.go:581	tryAdvanceRound called	{"{current_round 20 3  <nil>}": {"Key":"self","Type":15,"Integer":0,"String":"a","Interface":null}}
2025-08-15T22:13:50.326-0500	DEBUG	protocol/handler.go:1591	have processed broadcast	{"{round 20 3  <nil>}": {"Key":"from","Type":15,"Integer":0,"String":"b","Interface":null}}
2025-08-15T22:13:50.326-0500	DEBUG	protocol/handler.go:1591	have processed broadcast	{"{round 20 3  <nil>}": {"Key":"from","Type":15,"Integer":0,"String":"c","Interface":null}}
2025-08-15T22:13:50.326-0500	DEBUG	protocol/handler.go:1649	have all messages and processed	{"{round 20 3  <nil>}": {"Key":"self","Type":15,"Integer":0,"String":"a","Interface":null}}
2025-08-15T22:13:50.326-0500	DEBUG	protocol/handler.go:596	round already finalized
2025-08-15T22:13:50.326-0500	DEBUG	protocol/handler.go:581	tryAdvanceRound called	{"{current_round 20 3  <nil>}": {"Key":"self","Type":15,"Integer":0,"String":"c","Interface":null}}
2025-08-15T22:13:50.326-0500	DEBUG	protocol/handler.go:1591	have processed broadcast	{"{round 20 3  <nil>}": {"Key":"from","Type":15,"Integer":0,"String":"a","Interface":null}}
2025-08-15T22:13:50.326-0500	DEBUG	protocol/handler.go:1591	have processed broadcast	{"{round 20 3  <nil>}": {"Key":"from","Type":15,"Integer":0,"String":"b","Interface":null}}
2025-08-15T22:13:50.326-0500	DEBUG	protocol/handler.go:1649	have all messages and processed	{"{round 20 3  <nil>}": {"Key":"self","Type":15,"Integer":0,"String":"c","Interface":null}}
2025-08-15T22:13:50.326-0500	DEBUG	protocol/handler.go:596	round already finalized
2025-08-15T22:13:50.326-0500	DEBUG	protocol/handler.go:581	tryAdvanceRound called	{"{current_round 20 3  <nil>}": {"Key":"self","Type":15,"Integer":0,"String":"c","Interface":null}}
2025-08-15T22:13:50.326-0500	DEBUG	protocol/handler.go:1591	have processed broadcast	{"{round 20 3  <nil>}": {"Key":"from","Type":15,"Integer":0,"String":"a","Interface":null}}
2025-08-15T22:13:50.326-0500	DEBUG	protocol/handler.go:1591	have processed broadcast	{"{round 20 3  <nil>}": {"Key":"from","Type":15,"Integer":0,"String":"b","Interface":null}}
2025-08-15T22:13:50.326-0500	DEBUG	protocol/handler.go:1649	have all messages and processed	{"{round 20 3  <nil>}": {"Key":"self","Type":15,"Integer":0,"String":"c","Interface":null}}
2025-08-15T22:13:50.326-0500	DEBUG	protocol/handler.go:596	round already finalized
2025-08-15T22:13:50.326-0500	DEBUG	protocol/handler.go:581	tryAdvanceRound called	{"{current_round 20 3  <nil>}": {"Key":"self","Type":15,"Integer":0,"String":"b","Interface":null}}
2025-08-15T22:13:50.326-0500	DEBUG	protocol/handler.go:1591	have processed broadcast	{"{round 20 3  <nil>}": {"Key":"from","Type":15,"Integer":0,"String":"a","Interface":null}}
2025-08-15T22:13:50.326-0500	DEBUG	protocol/handler.go:1591	have processed broadcast	{"{round 20 3  <nil>}": {"Key":"from","Type":15,"Integer":0,"String":"c","Interface":null}}
2025-08-15T22:13:50.326-0500	DEBUG	protocol/handler.go:1649	have all messages and processed	{"{round 20 3  <nil>}": {"Key":"self","Type":15,"Integer":0,"String":"b","Interface":null}}
2025-08-15T22:13:50.326-0500	DEBUG	protocol/handler.go:596	round already finalized
2025-08-15T22:13:50.327-0500	DEBUG	protocol/handler.go:581	tryAdvanceRound called	{"{current_round 20 3  <nil>}": {"Key":"self","Type":15,"Integer":0,"String":"b","Interface":null}}
2025-08-15T22:13:50.327-0500	DEBUG	protocol/handler.go:1591	have processed broadcast	{"{round 20 3  <nil>}": {"Key":"from","Type":15,"Integer":0,"String":"a","Interface":null}}
2025-08-15T22:13:50.327-0500	DEBUG	protocol/handler.go:1591	have processed broadcast	{"{round 20 3  <nil>}": {"Key":"from","Type":15,"Integer":0,"String":"c","Interface":null}}
2025-08-15T22:13:50.327-0500	DEBUG	protocol/handler.go:1649	have all messages and processed	{"{round 20 3  <nil>}": {"Key":"self","Type":15,"Integer":0,"String":"b","Interface":null}}
2025-08-15T22:13:50.327-0500	DEBUG	protocol/handler.go:596	round already finalized
2025-08-15T22:13:50.327-0500	DEBUG	protocol/handler.go:581	tryAdvanceRound called	{"{current_round 20 3  <nil>}": {"Key":"self","Type":15,"Integer":0,"String":"a","Interface":null}}
2025-08-15T22:13:50.328-0500	DEBUG	protocol/handler.go:1591	have processed broadcast	{"{round 20 3  <nil>}": {"Key":"from","Type":15,"Integer":0,"String":"b","Interface":null}}
2025-08-15T22:13:50.328-0500	DEBUG	protocol/handler.go:1591	have processed broadcast	{"{round 20 3  <nil>}": {"Key":"from","Type":15,"Integer":0,"String":"c","Interface":null}}
2025-08-15T22:13:50.328-0500	DEBUG	protocol/handler.go:1649	have all messages and processed	{"{round 20 3  <nil>}": {"Key":"self","Type":15,"Integer":0,"String":"a","Interface":null}}
2025-08-15T22:13:50.328-0500	DEBUG	protocol/handler.go:596	round already finalized
2025-08-15T22:13:50.336-0500	DEBUG	protocol/handler.go:581	tryAdvanceRound called	{"{current_round 20 3  <nil>}": {"Key":"self","Type":15,"Integer":0,"String":"b","Interface":null}}
2025-08-15T22:13:50.336-0500	DEBUG	protocol/handler.go:1591	have processed broadcast	{"{round 20 3  <nil>}": {"Key":"from","Type":15,"Integer":0,"String":"a","Interface":null}}
2025-08-15T22:13:50.336-0500	DEBUG	protocol/handler.go:1649	have all messages and processed	{"{round 20 3  <nil>}": {"Key":"self","Type":15,"Integer":0,"String":"b","Interface":null}}
2025-08-15T22:13:50.336-0500	DEBUG	protocol/handler.go:596	round already finalized
2025-08-15T22:13:50.349-0500	DEBUG	protocol/handler.go:581	tryAdvanceRound called	{"{current_round 20 3  <nil>}": {"Key":"self","Type":15,"Integer":0,"String":"b","Interface":null}}
2025-08-15T22:13:50.349-0500	DEBUG	protocol/handler.go:1591	have processed broadcast	{"{round 20 3  <nil>}": {"Key":"from","Type":15,"Integer":0,"String":"a","Interface":null}}
2025-08-15T22:13:50.349-0500	DEBUG	protocol/handler.go:1591	have processed broadcast	{"{round 20 3  <nil>}": {"Key":"from","Type":15,"Integer":0,"String":"c","Interface":null}}
2025-08-15T22:13:50.349-0500	DEBUG	protocol/handler.go:1649	have all messages and processed	{"{round 20 3  <nil>}": {"Key":"self","Type":15,"Integer":0,"String":"b","Interface":null}}
2025-08-15T22:13:50.349-0500	DEBUG	protocol/handler.go:596	round already finalized
2025-08-15T22:13:50.349-0500	DEBUG	protocol/handler.go:581	tryAdvanceRound called	{"{current_round 20 3  <nil>}": {"Key":"self","Type":15,"Integer":0,"String":"c","Interface":null}}
2025-08-15T22:13:50.349-0500	DEBUG	protocol/handler.go:1591	have processed broadcast	{"{round 20 3  <nil>}": {"Key":"from","Type":15,"Integer":0,"String":"a","Interface":null}}
2025-08-15T22:13:50.349-0500	DEBUG	protocol/handler.go:1591	have processed broadcast	{"{round 20 3  <nil>}": {"Key":"from","Type":15,"Integer":0,"String":"b","Interface":null}}
2025-08-15T22:13:50.349-0500	DEBUG	protocol/handler.go:1649	have all messages and processed	{"{round 20 3  <nil>}": {"Key":"self","Type":15,"Integer":0,"String":"c","Interface":null}}
2025-08-15T22:13:50.349-0500	DEBUG	protocol/handler.go:596	round already finalized
2025-08-15T22:13:50.349-0500	DEBUG	protocol/handler.go:581	tryAdvanceRound called	{"{current_round 20 3  <nil>}": {"Key":"self","Type":15,"Integer":0,"String":"a","Interface":null}}
2025-08-15T22:13:50.349-0500	DEBUG	protocol/handler.go:1591	have processed broadcast	{"{round 20 3  <nil>}": {"Key":"from","Type":15,"Integer":0,"String":"b","Interface":null}}
2025-08-15T22:13:50.349-0500	DEBUG	protocol/handler.go:1591	have processed broadcast	{"{round 20 3  <nil>}": {"Key":"from","Type":15,"Integer":0,"String":"c","Interface":null}}
2025-08-15T22:13:50.350-0500	DEBUG	protocol/handler.go:1649	have all messages and processed	{"{round 20 3  <nil>}": {"Key":"self","Type":15,"Integer":0,"String":"a","Interface":null}}
2025-08-15T22:13:50.350-0500	DEBUG	protocol/handler.go:596	round already finalized
2025-08-15T22:13:50.361-0500	DEBUG	protocol/handler.go:581	tryAdvanceRound called	{"{current_round 20 3  <nil>}": {"Key":"self","Type":15,"Integer":0,"String":"b","Interface":null}}
2025-08-15T22:13:50.361-0500	DEBUG	protocol/handler.go:1591	have processed broadcast	{"{round 20 3  <nil>}": {"Key":"from","Type":15,"Integer":0,"String":"a","Interface":null}}
2025-08-15T22:13:50.361-0500	DEBUG	protocol/handler.go:1649	have all messages and processed	{"{round 20 3  <nil>}": {"Key":"self","Type":15,"Integer":0,"String":"b","Interface":null}}
2025-08-15T22:13:50.361-0500	DEBUG	protocol/handler.go:596	round already finalized
2025-08-15T22:13:50.371-0500	DEBUG	protocol/handler.go:581	tryAdvanceRound called	{"{current_round 20 3  <nil>}": {"Key":"self","Type":15,"Integer":0,"String":"c","Interface":null}}
2025-08-15T22:13:50.371-0500	DEBUG	protocol/handler.go:1591	have processed broadcast	{"{round 20 3  <nil>}": {"Key":"from","Type":15,"Integer":0,"String":"a","Interface":null}}
2025-08-15T22:13:50.371-0500	DEBUG	protocol/handler.go:1591	have processed broadcast	{"{round 20 3  <nil>}": {"Key":"from","Type":15,"Integer":0,"String":"b","Interface":null}}
2025-08-15T22:13:50.371-0500	DEBUG	protocol/handler.go:1649	have all messages and processed	{"{round 20 3  <nil>}": {"Key":"self","Type":15,"Integer":0,"String":"c","Interface":null}}
2025-08-15T22:13:50.371-0500	DEBUG	protocol/handler.go:596	round already finalized
2025-08-15T22:13:50.372-0500	DEBUG	protocol/handler.go:581	tryAdvanceRound called	{"{current_round 20 3  <nil>}": {"Key":"self","Type":15,"Integer":0,"String":"b","Interface":null}}
2025-08-15T22:13:50.372-0500	DEBUG	protocol/handler.go:1591	have processed broadcast	{"{round 20 3  <nil>}": {"Key":"from","Type":15,"Integer":0,"String":"a","Interface":null}}
2025-08-15T22:13:50.372-0500	DEBUG	protocol/handler.go:1591	have processed broadcast	{"{round 20 3  <nil>}": {"Key":"from","Type":15,"Integer":0,"String":"c","Interface":null}}
2025-08-15T22:13:50.372-0500	DEBUG	protocol/handler.go:1649	have all messages and processed	{"{round 20 3  <nil>}": {"Key":"self","Type":15,"Integer":0,"String":"b","Interface":null}}
2025-08-15T22:13:50.372-0500	DEBUG	protocol/handler.go:596	round already finalized
2025-08-15T22:13:50.372-0500	DEBUG	protocol/handler.go:581	tryAdvanceRound called	{"{current_round 20 3  <nil>}": {"Key":"self","Type":15,"Integer":0,"String":"a","Interface":null}}
2025-08-15T22:13:50.372-0500	DEBUG	protocol/handler.go:1591	have processed broadcast	{"{round 20 3  <nil>}": {"Key":"from","Type":15,"Integer":0,"String":"b","Interface":null}}
2025-08-15T22:13:50.372-0500	DEBUG	protocol/handler.go:1591	have processed broadcast	{"{round 20 3  <nil>}": {"Key":"from","Type":15,"Integer":0,"String":"c","Interface":null}}
2025-08-15T22:13:50.372-0500	DEBUG	protocol/handler.go:1649	have all messages and processed	{"{round 20 3  <nil>}": {"Key":"self","Type":15,"Integer":0,"String":"a","Interface":null}}
2025-08-15T22:13:50.372-0500	DEBUG	protocol/handler.go:596	round already finalized
2025-08-15T22:13:50.389-0500	DEBUG	protocol/handler.go:581	tryAdvanceRound called	{"{current_round 20 3  <nil>}": {"Key":"self","Type":15,"Integer":0,"String":"b","Interface":null}}
2025-08-15T22:13:50.389-0500	DEBUG	protocol/handler.go:1591	have processed broadcast	{"{round 20 3  <nil>}": {"Key":"from","Type":15,"Integer":0,"String":"a","Interface":null}}
2025-08-15T22:13:50.390-0500	DEBUG	protocol/handler.go:1649	have all messages and processed	{"{round 20 3  <nil>}": {"Key":"self","Type":15,"Integer":0,"String":"b","Interface":null}}
2025-08-15T22:13:50.390-0500	DEBUG	protocol/handler.go:596	round already finalized
2025-08-15T22:13:50.393-0500	DEBUG	protocol/handler.go:581	tryAdvanceRound called	{"{current_round 20 3  <nil>}": {"Key":"self","Type":15,"Integer":0,"String":"b","Interface":null}}
2025-08-15T22:13:50.393-0500	DEBUG	protocol/handler.go:1591	have processed broadcast	{"{round 20 3  <nil>}": {"Key":"from","Type":15,"Integer":0,"String":"a","Interface":null}}
2025-08-15T22:13:50.393-0500	DEBUG	protocol/handler.go:1591	have processed broadcast	{"{round 20 3  <nil>}": {"Key":"from","Type":15,"Integer":0,"String":"c","Interface":null}}
2025-08-15T22:13:50.393-0500	DEBUG	protocol/handler.go:1649	have all messages and processed	{"{round 20 3  <nil>}": {"Key":"self","Type":15,"Integer":0,"String":"b","Interface":null}}
2025-08-15T22:13:50.393-0500	DEBUG	protocol/handler.go:596	round already finalized
2025-08-15T22:13:50.393-0500	DEBUG	protocol/handler.go:581	tryAdvanceRound called	{"{current_round 20 3  <nil>}": {"Key":"self","Type":15,"Integer":0,"String":"a","Interface":null}}
2025-08-15T22:13:50.393-0500	DEBUG	protocol/handler.go:1591	have processed broadcast	{"{round 20 3  <nil>}": {"Key":"from","Type":15,"Integer":0,"String":"b","Interface":null}}
2025-08-15T22:13:50.393-0500	DEBUG	protocol/handler.go:1591	have processed broadcast	{"{round 20 3  <nil>}": {"Key":"from","Type":15,"Integer":0,"String":"c","Interface":null}}
2025-08-15T22:13:50.393-0500	DEBUG	protocol/handler.go:1649	have all messages and processed	{"{round 20 3  <nil>}": {"Key":"self","Type":15,"Integer":0,"String":"a","Interface":null}}
2025-08-15T22:13:50.393-0500	DEBUG	protocol/handler.go:596	round already finalized
2025-08-15T22:13:50.393-0500	DEBUG	protocol/handler.go:581	tryAdvanceRound called	{"{current_round 20 3  <nil>}": {"Key":"self","Type":15,"Integer":0,"String":"c","Interface":null}}
2025-08-15T22:13:50.393-0500	DEBUG	protocol/handler.go:1591	have processed broadcast	{"{round 20 3  <nil>}": {"Key":"from","Type":15,"Integer":0,"String":"a","Interface":null}}
2025-08-15T22:13:50.393-0500	DEBUG	protocol/handler.go:1591	have processed broadcast	{"{round 20 3  <nil>}": {"Key":"from","Type":15,"Integer":0,"String":"b","Interface":null}}
2025-08-15T22:13:50.393-0500	DEBUG	protocol/handler.go:1649	have all messages and processed	{"{round 20 3  <nil>}": {"Key":"self","Type":15,"Integer":0,"String":"c","Interface":null}}
2025-08-15T22:13:50.393-0500	DEBUG	protocol/handler.go:596	round already finalized
2025-08-15T22:13:50.405-0500	DEBUG	protocol/handler.go:581	tryAdvanceRound called	{"{current_round 20 3  <nil>}": {"Key":"self","Type":15,"Integer":0,"String":"b","Interface":null}}
2025-08-15T22:13:50.405-0500	DEBUG	protocol/handler.go:1591	have processed broadcast	{"{round 20 3  <nil>}": {"Key":"from","Type":15,"Integer":0,"String":"a","Interface":null}}
2025-08-15T22:13:50.405-0500	DEBUG	protocol/handler.go:1649	have all messages and processed	{"{round 20 3  <nil>}": {"Key":"self","Type":15,"Integer":0,"String":"b","Interface":null}}
2025-08-15T22:13:50.406-0500	DEBUG	protocol/handler.go:596	round already finalized
2025-08-15T22:13:50.417-0500	DEBUG	protocol/handler.go:581	tryAdvanceRound called	{"{current_round 20 3  <nil>}": {"Key":"self","Type":15,"Integer":0,"String":"b","Interface":null}}
2025-08-15T22:13:50.417-0500	DEBUG	protocol/handler.go:1591	have processed broadcast	{"{round 20 3  <nil>}": {"Key":"from","Type":15,"Integer":0,"String":"a","Interface":null}}
2025-08-15T22:13:50.417-0500	DEBUG	protocol/handler.go:1591	have processed broadcast	{"{round 20 3  <nil>}": {"Key":"from","Type":15,"Integer":0,"String":"c","Interface":null}}
2025-08-15T22:13:50.417-0500	DEBUG	protocol/handler.go:1649	have all messages and processed	{"{round 20 3  <nil>}": {"Key":"self","Type":15,"Integer":0,"String":"b","Interface":null}}
2025-08-15T22:13:50.417-0500	DEBUG	protocol/handler.go:596	round already finalized
2025-08-15T22:13:50.417-0500	DEBUG	protocol/handler.go:581	tryAdvanceRound called	{"{current_round 20 3  <nil>}": {"Key":"self","Type":15,"Integer":0,"String":"a","Interface":null}}
2025-08-15T22:13:50.418-0500	DEBUG	protocol/handler.go:1591	have processed broadcast	{"{round 20 3  <nil>}": {"Key":"from","Type":15,"Integer":0,"String":"b","Interface":null}}
2025-08-15T22:13:50.418-0500	DEBUG	protocol/handler.go:1591	have processed broadcast	{"{round 20 3  <nil>}": {"Key":"from","Type":15,"Integer":0,"String":"c","Interface":null}}
2025-08-15T22:13:50.418-0500	DEBUG	protocol/handler.go:1649	have all messages and processed	{"{round 20 3  <nil>}": {"Key":"self","Type":15,"Integer":0,"String":"a","Interface":null}}
2025-08-15T22:13:50.418-0500	DEBUG	protocol/handler.go:596	round already finalized
2025-08-15T22:13:50.418-0500	DEBUG	protocol/handler.go:581	tryAdvanceRound called	{"{current_round 20 3  <nil>}": {"Key":"self","Type":15,"Integer":0,"String":"c","Interface":null}}
2025-08-15T22:13:50.418-0500	DEBUG	protocol/handler.go:1591	have processed broadcast	{"{round 20 3  <nil>}": {"Key":"from","Type":15,"Integer":0,"String":"a","Interface":null}}
2025-08-15T22:13:50.418-0500	DEBUG	protocol/handler.go:1591	have processed broadcast	{"{round 20 3  <nil>}": {"Key":"from","Type":15,"Integer":0,"String":"b","Interface":null}}
2025-08-15T22:13:50.418-0500	DEBUG	protocol/handler.go:1649	have all messages and processed	{"{round 20 3  <nil>}": {"Key":"self","Type":15,"Integer":0,"String":"c","Interface":null}}
2025-08-15T22:13:50.419-0500	DEBUG	protocol/handler.go:596	round already finalized
2025-08-15T22:13:50.429-0500	DEBUG	protocol/handler.go:581	tryAdvanceRound called	{"{current_round 20 3  <nil>}": {"Key":"self","Type":15,"Integer":0,"String":"b","Interface":null}}
2025-08-15T22:13:50.429-0500	DEBUG	protocol/handler.go:1591	have processed broadcast	{"{round 20 3  <nil>}": {"Key":"from","Type":15,"Integer":0,"String":"a","Interface":null}}
2025-08-15T22:13:50.429-0500	DEBUG	protocol/handler.go:1649	have all messages and processed	{"{round 20 3  <nil>}": {"Key":"self","Type":15,"Integer":0,"String":"b","Interface":null}}
2025-08-15T22:13:50.429-0500	DEBUG	protocol/handler.go:596	round already finalized
2025-08-15T22:13:50.441-0500	DEBUG	protocol/handler.go:581	tryAdvanceRound called	{"{current_round 20 3  <nil>}": {"Key":"self","Type":15,"Integer":0,"String":"c","Interface":null}}
2025-08-15T22:13:50.441-0500	DEBUG	protocol/handler.go:1591	have processed broadcast	{"{round 20 3  <nil>}": {"Key":"from","Type":15,"Integer":0,"String":"a","Interface":null}}
2025-08-15T22:13:50.441-0500	DEBUG	protocol/handler.go:1591	have processed broadcast	{"{round 20 3  <nil>}": {"Key":"from","Type":15,"Integer":0,"String":"b","Interface":null}}
2025-08-15T22:13:50.441-0500	DEBUG	protocol/handler.go:1649	have all messages and processed	{"{round 20 3  <nil>}": {"Key":"self","Type":15,"Integer":0,"String":"c","Interface":null}}
2025-08-15T22:13:50.441-0500	DEBUG	protocol/handler.go:596	round already finalized
2025-08-15T22:13:50.441-0500	DEBUG	protocol/handler.go:581	tryAdvanceRound called	{"{current_round 20 3  <nil>}": {"Key":"self","Type":15,"Integer":0,"String":"b","Interface":null}}
2025-08-15T22:13:50.441-0500	DEBUG	protocol/handler.go:1591	have processed broadcast	{"{round 20 3  <nil>}": {"Key":"from","Type":15,"Integer":0,"String":"a","Interface":null}}
2025-08-15T22:13:50.441-0500	DEBUG	protocol/handler.go:1591	have processed broadcast	{"{round 20 3  <nil>}": {"Key":"from","Type":15,"Integer":0,"String":"c","Interface":null}}
2025-08-15T22:13:50.441-0500	DEBUG	protocol/handler.go:1649	have all messages and processed	{"{round 20 3  <nil>}": {"Key":"self","Type":15,"Integer":0,"String":"b","Interface":null}}
2025-08-15T22:13:50.441-0500	DEBUG	protocol/handler.go:596	round already finalized
2025-08-15T22:13:50.441-0500	DEBUG	protocol/handler.go:581	tryAdvanceRound called	{"{current_round 20 3  <nil>}": {"Key":"self","Type":15,"Integer":0,"String":"a","Interface":null}}
2025-08-15T22:13:50.441-0500	DEBUG	protocol/handler.go:1591	have processed broadcast	{"{round 20 3  <nil>}": {"Key":"from","Type":15,"Integer":0,"String":"b","Interface":null}}
2025-08-15T22:13:50.441-0500	DEBUG	protocol/handler.go:1591	have processed broadcast	{"{round 20 3  <nil>}": {"Key":"from","Type":15,"Integer":0,"String":"c","Interface":null}}
2025-08-15T22:13:50.441-0500	DEBUG	protocol/handler.go:1649	have all messages and processed	{"{round 20 3  <nil>}": {"Key":"self","Type":15,"Integer":0,"String":"a","Interface":null}}
2025-08-15T22:13:50.441-0500	DEBUG	protocol/handler.go:596	round already finalized
2025-08-15T22:13:50.441-0500	DEBUG	protocol/handler.go:581	tryAdvanceRound called	{"{current_round 20 3  <nil>}": {"Key":"self","Type":15,"Integer":0,"String":"c","Interface":null}}
2025-08-15T22:13:50.441-0500	DEBUG	protocol/handler.go:1591	have processed broadcast	{"{round 20 3  <nil>}": {"Key":"from","Type":15,"Integer":0,"String":"a","Interface":null}}
2025-08-15T22:13:50.441-0500	DEBUG	protocol/handler.go:1591	have processed broadcast	{"{round 20 3  <nil>}": {"Key":"from","Type":15,"Integer":0,"String":"b","Interface":null}}
2025-08-15T22:13:50.441-0500	DEBUG	protocol/handler.go:1649	have all messages and processed	{"{round 20 3  <nil>}": {"Key":"self","Type":15,"Integer":0,"String":"c","Interface":null}}
2025-08-15T22:13:50.441-0500	DEBUG	protocol/handler.go:596	round already finalized
2025-08-15T22:13:50.452-0500	DEBUG	protocol/handler.go:581	tryAdvanceRound called	{"{current_round 20 3  <nil>}": {"Key":"self","Type":15,"Integer":0,"String":"b","Interface":null}}
2025-08-15T22:13:50.454-0500	DEBUG	protocol/handler.go:1591	have processed broadcast	{"{round 20 3  <nil>}": {"Key":"from","Type":15,"Integer":0,"String":"a","Interface":null}}
2025-08-15T22:13:50.454-0500	DEBUG	protocol/handler.go:1649	have all messages and processed	{"{round 20 3  <nil>}": {"Key":"self","Type":15,"Integer":0,"String":"b","Interface":null}}
2025-08-15T22:13:50.454-0500	DEBUG	protocol/handler.go:596	round already finalized
2025-08-15T22:13:50.460-0500	DEBUG	protocol/handler.go:581	tryAdvanceRound called	{"{current_round 20 3  <nil>}": {"Key":"self","Type":15,"Integer":0,"String":"a","Interface":null}}
2025-08-15T22:13:50.460-0500	DEBUG	protocol/handler.go:1591	have processed broadcast	{"{round 20 3  <nil>}": {"Key":"from","Type":15,"Integer":0,"String":"b","Interface":null}}
2025-08-15T22:13:50.460-0500	DEBUG	protocol/handler.go:1591	have processed broadcast	{"{round 20 3  <nil>}": {"Key":"from","Type":15,"Integer":0,"String":"c","Interface":null}}
2025-08-15T22:13:50.460-0500	DEBUG	protocol/handler.go:1649	have all messages and processed	{"{round 20 3  <nil>}": {"Key":"self","Type":15,"Integer":0,"String":"a","Interface":null}}
2025-08-15T22:13:50.460-0500	DEBUG	protocol/handler.go:596	round already finalized
2025-08-15T22:13:50.460-0500	DEBUG	protocol/handler.go:581	tryAdvanceRound called	{"{current_round 20 3  <nil>}": {"Key":"self","Type":15,"Integer":0,"String":"b","Interface":null}}
2025-08-15T22:13:50.460-0500	DEBUG	protocol/handler.go:1591	have processed broadcast	{"{round 20 3  <nil>}": {"Key":"from","Type":15,"Integer":0,"String":"a","Interface":null}}
2025-08-15T22:13:50.460-0500	DEBUG	protocol/handler.go:1591	have processed broadcast	{"{round 20 3  <nil>}": {"Key":"from","Type":15,"Integer":0,"String":"c","Interface":null}}
2025-08-15T22:13:50.460-0500	DEBUG	protocol/handler.go:1649	have all messages and processed	{"{round 20 3  <nil>}": {"Key":"self","Type":15,"Integer":0,"String":"b","Interface":null}}
2025-08-15T22:13:50.460-0500	DEBUG	protocol/handler.go:596	round already finalized
2025-08-15T22:13:50.460-0500	DEBUG	protocol/handler.go:581	tryAdvanceRound called	{"{current_round 20 3  <nil>}": {"Key":"self","Type":15,"Integer":0,"String":"c","Interface":null}}
2025-08-15T22:13:50.460-0500	DEBUG	protocol/handler.go:1591	have processed broadcast	{"{round 20 3  <nil>}": {"Key":"from","Type":15,"Integer":0,"String":"a","Interface":null}}
2025-08-15T22:13:50.460-0500	DEBUG	protocol/handler.go:1591	have processed broadcast	{"{round 20 3  <nil>}": {"Key":"from","Type":15,"Integer":0,"String":"b","Interface":null}}
2025-08-15T22:13:50.461-0500	DEBUG	protocol/handler.go:1649	have all messages and processed	{"{round 20 3  <nil>}": {"Key":"self","Type":15,"Integer":0,"String":"c","Interface":null}}
2025-08-15T22:13:50.461-0500	DEBUG	protocol/handler.go:596	round already finalized
2025-08-15T22:13:50.461-0500	DEBUG	protocol/handler.go:581	tryAdvanceRound called	{"{current_round 20 3  <nil>}": {"Key":"self","Type":15,"Integer":0,"String":"b","Interface":null}}
2025-08-15T22:13:50.461-0500	DEBUG	protocol/handler.go:1591	have processed broadcast	{"{round 20 3  <nil>}": {"Key":"from","Type":15,"Integer":0,"String":"a","Interface":null}}
2025-08-15T22:13:50.461-0500	DEBUG	protocol/handler.go:1591	have processed broadcast	{"{round 20 3  <nil>}": {"Key":"from","Type":15,"Integer":0,"String":"c","Interface":null}}
2025-08-15T22:13:50.461-0500	DEBUG	protocol/handler.go:1649	have all messages and processed	{"{round 20 3  <nil>}": {"Key":"self","Type":15,"Integer":0,"String":"b","Interface":null}}
2025-08-15T22:13:50.461-0500	DEBUG	protocol/handler.go:596	round already finalized
2025-08-15T22:13:50.474-0500	DEBUG	protocol/handler.go:581	tryAdvanceRound called	{"{current_round 20 3  <nil>}": {"Key":"self","Type":15,"Integer":0,"String":"b","Interface":null}}
2025-08-15T22:13:50.474-0500	DEBUG	protocol/handler.go:1591	have processed broadcast	{"{round 20 3  <nil>}": {"Key":"from","Type":15,"Integer":0,"String":"a","Interface":null}}
2025-08-15T22:13:50.474-0500	DEBUG	protocol/handler.go:1649	have all messages and processed	{"{round 20 3  <nil>}": {"Key":"self","Type":15,"Integer":0,"String":"b","Interface":null}}
2025-08-15T22:13:50.474-0500	DEBUG	protocol/handler.go:596	round already finalized
2025-08-15T22:13:50.475-0500	DEBUG	protocol/handler.go:581	tryAdvanceRound called	{"{current_round 20 3  <nil>}": {"Key":"self","Type":15,"Integer":0,"String":"a","Interface":null}}
2025-08-15T22:13:50.476-0500	DEBUG	protocol/handler.go:1591	have processed broadcast	{"{round 20 3  <nil>}": {"Key":"from","Type":15,"Integer":0,"String":"b","Interface":null}}
2025-08-15T22:13:50.476-0500	DEBUG	protocol/handler.go:1591	have processed broadcast	{"{round 20 3  <nil>}": {"Key":"from","Type":15,"Integer":0,"String":"c","Interface":null}}
2025-08-15T22:13:50.476-0500	DEBUG	protocol/handler.go:1649	have all messages and processed	{"{round 20 3  <nil>}": {"Key":"self","Type":15,"Integer":0,"String":"a","Interface":null}}
2025-08-15T22:13:50.476-0500	DEBUG	protocol/handler.go:596	round already finalized
2025-08-15T22:13:50.476-0500	DEBUG	protocol/handler.go:581	tryAdvanceRound called	{"{current_round 20 3  <nil>}": {"Key":"self","Type":15,"Integer":0,"String":"c","Interface":null}}
2025-08-15T22:13:50.476-0500	DEBUG	protocol/handler.go:1591	have processed broadcast	{"{round 20 3  <nil>}": {"Key":"from","Type":15,"Integer":0,"String":"a","Interface":null}}
2025-08-15T22:13:50.476-0500	DEBUG	protocol/handler.go:1591	have processed broadcast	{"{round 20 3  <nil>}": {"Key":"from","Type":15,"Integer":0,"String":"b","Interface":null}}
2025-08-15T22:13:50.476-0500	DEBUG	protocol/handler.go:1649	have all messages and processed	{"{round 20 3  <nil>}": {"Key":"self","Type":15,"Integer":0,"String":"c","Interface":null}}
2025-08-15T22:13:50.476-0500	DEBUG	protocol/handler.go:596	round already finalized
2025-08-15T22:13:50.476-0500	DEBUG	protocol/handler.go:581	tryAdvanceRound called	{"{current_round 20 3  <nil>}": {"Key":"self","Type":15,"Integer":0,"String":"b","Interface":null}}
2025-08-15T22:13:50.476-0500	DEBUG	protocol/handler.go:1591	have processed broadcast	{"{round 20 3  <nil>}": {"Key":"from","Type":15,"Integer":0,"String":"a","Interface":null}}
2025-08-15T22:13:50.476-0500	DEBUG	protocol/handler.go:1591	have processed broadcast	{"{round 20 3  <nil>}": {"Key":"from","Type":15,"Integer":0,"String":"c","Interface":null}}
2025-08-15T22:13:50.476-0500	DEBUG	protocol/handler.go:1649	have all messages and processed	{"{round 20 3  <nil>}": {"Key":"self","Type":15,"Integer":0,"String":"b","Interface":null}}
2025-08-15T22:13:50.476-0500	DEBUG	protocol/handler.go:596	round already finalized
2025-08-15T22:13:50.498-0500	DEBUG	protocol/handler.go:581	tryAdvanceRound called	{"{current_round 20 3  <nil>}": {"Key":"self","Type":15,"Integer":0,"String":"c","Interface":null}}
2025-08-15T22:13:50.498-0500	DEBUG	protocol/handler.go:581	tryAdvanceRound called	{"{current_round 20 3  <nil>}": {"Key":"self","Type":15,"Integer":0,"String":"b","Interface":null}}
2025-08-15T22:13:50.499-0500	DEBUG	protocol/handler.go:1591	have processed broadcast	{"{round 20 3  <nil>}": {"Key":"from","Type":15,"Integer":0,"String":"a","Interface":null}}
2025-08-15T22:13:50.499-0500	DEBUG	protocol/handler.go:1649	have all messages and processed	{"{round 20 3  <nil>}": {"Key":"self","Type":15,"Integer":0,"String":"b","Interface":null}}
2025-08-15T22:13:50.499-0500	DEBUG	protocol/handler.go:596	round already finalized
2025-08-15T22:13:50.499-0500	DEBUG	protocol/handler.go:1591	have processed broadcast	{"{round 20 3  <nil>}": {"Key":"from","Type":15,"Integer":0,"String":"a","Interface":null}}
2025-08-15T22:13:50.499-0500	DEBUG	protocol/handler.go:581	tryAdvanceRound called	{"{current_round 20 3  <nil>}": {"Key":"self","Type":15,"Integer":0,"String":"a","Interface":null}}
2025-08-15T22:13:50.499-0500	DEBUG	protocol/handler.go:1591	have processed broadcast	{"{round 20 3  <nil>}": {"Key":"from","Type":15,"Integer":0,"String":"b","Interface":null}}
2025-08-15T22:13:50.499-0500	DEBUG	protocol/handler.go:1591	have processed broadcast	{"{round 20 3  <nil>}": {"Key":"from","Type":15,"Integer":0,"String":"b","Interface":null}}
2025-08-15T22:13:50.499-0500	DEBUG	protocol/handler.go:1649	have all messages and processed	{"{round 20 3  <nil>}": {"Key":"self","Type":15,"Integer":0,"String":"c","Interface":null}}
2025-08-15T22:13:50.499-0500	DEBUG	protocol/handler.go:1591	have processed broadcast	{"{round 20 3  <nil>}": {"Key":"from","Type":15,"Integer":0,"String":"c","Interface":null}}
2025-08-15T22:13:50.499-0500	DEBUG	protocol/handler.go:1649	have all messages and processed	{"{round 20 3  <nil>}": {"Key":"self","Type":15,"Integer":0,"String":"a","Interface":null}}
2025-08-15T22:13:50.499-0500	DEBUG	protocol/handler.go:596	round already finalized
2025-08-15T22:13:50.499-0500	DEBUG	protocol/handler.go:596	round already finalized
2025-08-15T22:13:50.499-0500	DEBUG	protocol/handler.go:581	tryAdvanceRound called	{"{current_round 20 3  <nil>}": {"Key":"self","Type":15,"Integer":0,"String":"b","Interface":null}}
2025-08-15T22:13:50.499-0500	DEBUG	protocol/handler.go:1591	have processed broadcast	{"{round 20 3  <nil>}": {"Key":"from","Type":15,"Integer":0,"String":"a","Interface":null}}
2025-08-15T22:13:50.500-0500	DEBUG	protocol/handler.go:1591	have processed broadcast	{"{round 20 3  <nil>}": {"Key":"from","Type":15,"Integer":0,"String":"c","Interface":null}}
2025-08-15T22:13:50.500-0500	DEBUG	protocol/handler.go:1649	have all messages and processed	{"{round 20 3  <nil>}": {"Key":"self","Type":15,"Integer":0,"String":"b","Interface":null}}
2025-08-15T22:13:50.500-0500	DEBUG	protocol/handler.go:596	round already finalized
2025-08-15T22:13:50.511-0500	DEBUG	protocol/handler.go:581	tryAdvanceRound called	{"{current_round 20 3  <nil>}": {"Key":"self","Type":15,"Integer":0,"String":"b","Interface":null}}
2025-08-15T22:13:50.511-0500	DEBUG	protocol/handler.go:1591	have processed broadcast	{"{round 20 3  <nil>}": {"Key":"from","Type":15,"Integer":0,"String":"a","Interface":null}}
2025-08-15T22:13:50.511-0500	DEBUG	protocol/handler.go:1649	have all messages and processed	{"{round 20 3  <nil>}": {"Key":"self","Type":15,"Integer":0,"String":"b","Interface":null}}
2025-08-15T22:13:50.511-0500	DEBUG	protocol/handler.go:596	round already finalized
2025-08-15T22:13:50.511-0500	DEBUG	protocol/handler.go:581	tryAdvanceRound called	{"{current_round 20 3  <nil>}": {"Key":"self","Type":15,"Integer":0,"String":"a","Interface":null}}
2025-08-15T22:13:50.511-0500	DEBUG	protocol/handler.go:1591	have processed broadcast	{"{round 20 3  <nil>}": {"Key":"from","Type":15,"Integer":0,"String":"b","Interface":null}}
2025-08-15T22:13:50.511-0500	DEBUG	protocol/handler.go:1591	have processed broadcast	{"{round 20 3  <nil>}": {"Key":"from","Type":15,"Integer":0,"String":"c","Interface":null}}
2025-08-15T22:13:50.511-0500	DEBUG	protocol/handler.go:1649	have all messages and processed	{"{round 20 3  <nil>}": {"Key":"self","Type":15,"Integer":0,"String":"a","Interface":null}}
2025-08-15T22:13:50.511-0500	DEBUG	protocol/handler.go:596	round already finalized
2025-08-15T22:13:50.511-0500	DEBUG	protocol/handler.go:581	tryAdvanceRound called	{"{current_round 20 3  <nil>}": {"Key":"self","Type":15,"Integer":0,"String":"c","Interface":null}}
2025-08-15T22:13:50.512-0500	DEBUG	protocol/handler.go:1591	have processed broadcast	{"{round 20 3  <nil>}": {"Key":"from","Type":15,"Integer":0,"String":"a","Interface":null}}
2025-08-15T22:13:50.512-0500	DEBUG	protocol/handler.go:1591	have processed broadcast	{"{round 20 3  <nil>}": {"Key":"from","Type":15,"Integer":0,"String":"b","Interface":null}}
2025-08-15T22:13:50.512-0500	DEBUG	protocol/handler.go:1649	have all messages and processed	{"{round 20 3  <nil>}": {"Key":"self","Type":15,"Integer":0,"String":"c","Interface":null}}
2025-08-15T22:13:50.512-0500	DEBUG	protocol/handler.go:596	round already finalized
2025-08-15T22:13:50.512-0500	DEBUG	protocol/handler.go:581	tryAdvanceRound called	{"{current_round 20 3  <nil>}": {"Key":"self","Type":15,"Integer":0,"String":"b","Interface":null}}
2025-08-15T22:13:50.512-0500	DEBUG	protocol/handler.go:1591	have processed broadcast	{"{round 20 3  <nil>}": {"Key":"from","Type":15,"Integer":0,"String":"a","Interface":null}}
2025-08-15T22:13:50.512-0500	DEBUG	protocol/handler.go:1591	have processed broadcast	{"{round 20 3  <nil>}": {"Key":"from","Type":15,"Integer":0,"String":"c","Interface":null}}
2025-08-15T22:13:50.512-0500	DEBUG	protocol/handler.go:1649	have all messages and processed	{"{round 20 3  <nil>}": {"Key":"self","Type":15,"Integer":0,"String":"b","Interface":null}}
2025-08-15T22:13:50.512-0500	DEBUG	protocol/handler.go:596	round already finalized
2025-08-15T22:13:50.521-0500	DEBUG	protocol/handler.go:581	tryAdvanceRound called	{"{current_round 20 3  <nil>}": {"Key":"self","Type":15,"Integer":0,"String":"b","Interface":null}}
2025-08-15T22:13:50.523-0500	DEBUG	protocol/handler.go:1591	have processed broadcast	{"{round 20 3  <nil>}": {"Key":"from","Type":15,"Integer":0,"String":"a","Interface":null}}
2025-08-15T22:13:50.523-0500	DEBUG	protocol/handler.go:1649	have all messages and processed	{"{round 20 3  <nil>}": {"Key":"self","Type":15,"Integer":0,"String":"b","Interface":null}}
2025-08-15T22:13:50.523-0500	DEBUG	protocol/handler.go:596	round already finalized
2025-08-15T22:13:50.534-0500	DEBUG	protocol/handler.go:581	tryAdvanceRound called	{"{current_round 20 3  <nil>}": {"Key":"self","Type":15,"Integer":0,"String":"a","Interface":null}}
2025-08-15T22:13:50.534-0500	DEBUG	protocol/handler.go:581	tryAdvanceRound called	{"{current_round 20 3  <nil>}": {"Key":"self","Type":15,"Integer":0,"String":"b","Interface":null}}
2025-08-15T22:13:50.534-0500	DEBUG	protocol/handler.go:1591	have processed broadcast	{"{round 20 3  <nil>}": {"Key":"from","Type":15,"Integer":0,"String":"a","Interface":null}}
2025-08-15T22:13:50.534-0500	DEBUG	protocol/handler.go:1649	have all messages and processed	{"{round 20 3  <nil>}": {"Key":"self","Type":15,"Integer":0,"String":"b","Interface":null}}
2025-08-15T22:13:50.534-0500	DEBUG	protocol/handler.go:596	round already finalized
2025-08-15T22:13:50.534-0500	DEBUG	protocol/handler.go:581	tryAdvanceRound called	{"{current_round 20 3  <nil>}": {"Key":"self","Type":15,"Integer":0,"String":"b","Interface":null}}
2025-08-15T22:13:50.534-0500	DEBUG	protocol/handler.go:1591	have processed broadcast	{"{round 20 3  <nil>}": {"Key":"from","Type":15,"Integer":0,"String":"a","Interface":null}}
2025-08-15T22:13:50.534-0500	DEBUG	protocol/handler.go:1591	have processed broadcast	{"{round 20 3  <nil>}": {"Key":"from","Type":15,"Integer":0,"String":"c","Interface":null}}
2025-08-15T22:13:50.534-0500	DEBUG	protocol/handler.go:1649	have all messages and processed	{"{round 20 3  <nil>}": {"Key":"self","Type":15,"Integer":0,"String":"b","Interface":null}}
2025-08-15T22:13:50.535-0500	DEBUG	protocol/handler.go:596	round already finalized
2025-08-15T22:13:50.535-0500	DEBUG	protocol/handler.go:581	tryAdvanceRound called	{"{current_round 20 3  <nil>}": {"Key":"self","Type":15,"Integer":0,"String":"c","Interface":null}}
2025-08-15T22:13:50.535-0500	DEBUG	protocol/handler.go:1591	have processed broadcast	{"{round 20 3  <nil>}": {"Key":"from","Type":15,"Integer":0,"String":"a","Interface":null}}
2025-08-15T22:13:50.535-0500	DEBUG	protocol/handler.go:1591	have processed broadcast	{"{round 20 3  <nil>}": {"Key":"from","Type":15,"Integer":0,"String":"b","Interface":null}}
2025-08-15T22:13:50.535-0500	DEBUG	protocol/handler.go:1591	have processed broadcast	{"{round 20 3  <nil>}": {"Key":"from","Type":15,"Integer":0,"String":"c","Interface":null}}
2025-08-15T22:13:50.535-0500	DEBUG	protocol/handler.go:1649	have all messages and processed	{"{round 20 3  <nil>}": {"Key":"self","Type":15,"Integer":0,"String":"a","Interface":null}}
2025-08-15T22:13:50.535-0500	DEBUG	protocol/handler.go:596	round already finalized
2025-08-15T22:13:50.535-0500	DEBUG	protocol/handler.go:1591	have processed broadcast	{"{round 20 3  <nil>}": {"Key":"from","Type":15,"Integer":0,"String":"b","Interface":null}}
2025-08-15T22:13:50.535-0500	DEBUG	protocol/handler.go:1649	have all messages and processed	{"{round 20 3  <nil>}": {"Key":"self","Type":15,"Integer":0,"String":"c","Interface":null}}
2025-08-15T22:13:50.535-0500	DEBUG	protocol/handler.go:596	round already finalized
2025-08-15T22:13:50.545-0500	DEBUG	protocol/handler.go:581	tryAdvanceRound called	{"{current_round 20 3  <nil>}": {"Key":"self","Type":15,"Integer":0,"String":"b","Interface":null}}
2025-08-15T22:13:50.545-0500	DEBUG	protocol/handler.go:1591	have processed broadcast	{"{round 20 3  <nil>}": {"Key":"from","Type":15,"Integer":0,"String":"a","Interface":null}}
2025-08-15T22:13:50.545-0500	DEBUG	protocol/handler.go:1591	have processed broadcast	{"{round 20 3  <nil>}": {"Key":"from","Type":15,"Integer":0,"String":"c","Interface":null}}
2025-08-15T22:13:50.545-0500	DEBUG	protocol/handler.go:1649	have all messages and processed	{"{round 20 3  <nil>}": {"Key":"self","Type":15,"Integer":0,"String":"b","Interface":null}}
2025-08-15T22:13:50.545-0500	DEBUG	protocol/handler.go:596	round already finalized
2025-08-15T22:13:50.545-0500	DEBUG	protocol/handler.go:581	tryAdvanceRound called	{"{current_round 20 3  <nil>}": {"Key":"self","Type":15,"Integer":0,"String":"a","Interface":null}}
2025-08-15T22:13:50.545-0500	DEBUG	protocol/handler.go:1591	have processed broadcast	{"{round 20 3  <nil>}": {"Key":"from","Type":15,"Integer":0,"String":"b","Interface":null}}
2025-08-15T22:13:50.545-0500	DEBUG	protocol/handler.go:1591	have processed broadcast	{"{round 20 3  <nil>}": {"Key":"from","Type":15,"Integer":0,"String":"c","Interface":null}}
2025-08-15T22:13:50.545-0500	DEBUG	protocol/handler.go:1649	have all messages and processed	{"{round 20 3  <nil>}": {"Key":"self","Type":15,"Integer":0,"String":"a","Interface":null}}
2025-08-15T22:13:50.545-0500	DEBUG	protocol/handler.go:596	round already finalized
2025-08-15T22:13:50.546-0500	DEBUG	protocol/handler.go:581	tryAdvanceRound called	{"{current_round 20 3  <nil>}": {"Key":"self","Type":15,"Integer":0,"String":"c","Interface":null}}
2025-08-15T22:13:50.546-0500	DEBUG	protocol/handler.go:1591	have processed broadcast	{"{round 20 3  <nil>}": {"Key":"from","Type":15,"Integer":0,"String":"a","Interface":null}}
2025-08-15T22:13:50.546-0500	DEBUG	protocol/handler.go:1591	have processed broadcast	{"{round 20 3  <nil>}": {"Key":"from","Type":15,"Integer":0,"String":"b","Interface":null}}
2025-08-15T22:13:50.546-0500	DEBUG	protocol/handler.go:1649	have all messages and processed	{"{round 20 3  <nil>}": {"Key":"self","Type":15,"Integer":0,"String":"c","Interface":null}}
2025-08-15T22:13:50.546-0500	DEBUG	protocol/handler.go:596	round already finalized
2025-08-15T22:13:50.556-0500	DEBUG	protocol/handler.go:581	tryAdvanceRound called	{"{current_round 20 3  <nil>}": {"Key":"self","Type":15,"Integer":0,"String":"b","Interface":null}}
2025-08-15T22:13:50.556-0500	DEBUG	protocol/handler.go:1591	have processed broadcast	{"{round 20 3  <nil>}": {"Key":"from","Type":15,"Integer":0,"String":"a","Interface":null}}
2025-08-15T22:13:50.556-0500	DEBUG	protocol/handler.go:1649	have all messages and processed	{"{round 20 3  <nil>}": {"Key":"self","Type":15,"Integer":0,"String":"b","Interface":null}}
2025-08-15T22:13:50.556-0500	DEBUG	protocol/handler.go:596	round already finalized
2025-08-15T22:13:50.570-0500	DEBUG	protocol/handler.go:581	tryAdvanceRound called	{"{current_round 20 3  <nil>}": {"Key":"self","Type":15,"Integer":0,"String":"c","Interface":null}}
2025-08-15T22:13:50.570-0500	DEBUG	protocol/handler.go:1591	have processed broadcast	{"{round 20 3  <nil>}": {"Key":"from","Type":15,"Integer":0,"String":"a","Interface":null}}
2025-08-15T22:13:50.570-0500	DEBUG	protocol/handler.go:1591	have processed broadcast	{"{round 20 3  <nil>}": {"Key":"from","Type":15,"Integer":0,"String":"b","Interface":null}}
2025-08-15T22:13:50.570-0500	DEBUG	protocol/handler.go:1649	have all messages and processed	{"{round 20 3  <nil>}": {"Key":"self","Type":15,"Integer":0,"String":"c","Interface":null}}
2025-08-15T22:13:50.570-0500	DEBUG	protocol/handler.go:596	round already finalized
2025-08-15T22:13:50.570-0500	DEBUG	protocol/handler.go:581	tryAdvanceRound called	{"{current_round 20 3  <nil>}": {"Key":"self","Type":15,"Integer":0,"String":"a","Interface":null}}
2025-08-15T22:13:50.570-0500	DEBUG	protocol/handler.go:1591	have processed broadcast	{"{round 20 3  <nil>}": {"Key":"from","Type":15,"Integer":0,"String":"b","Interface":null}}
2025-08-15T22:13:50.570-0500	DEBUG	protocol/handler.go:581	tryAdvanceRound called	{"{current_round 20 3  <nil>}": {"Key":"self","Type":15,"Integer":0,"String":"b","Interface":null}}
2025-08-15T22:13:50.570-0500	DEBUG	protocol/handler.go:1591	have processed broadcast	{"{round 20 3  <nil>}": {"Key":"from","Type":15,"Integer":0,"String":"c","Interface":null}}
2025-08-15T22:13:50.570-0500	DEBUG	protocol/handler.go:1591	have processed broadcast	{"{round 20 3  <nil>}": {"Key":"from","Type":15,"Integer":0,"String":"a","Interface":null}}
2025-08-15T22:13:50.570-0500	DEBUG	protocol/handler.go:1649	have all messages and processed	{"{round 20 3  <nil>}": {"Key":"self","Type":15,"Integer":0,"String":"a","Interface":null}}
2025-08-15T22:13:50.570-0500	DEBUG	protocol/handler.go:1649	have all messages and processed	{"{round 20 3  <nil>}": {"Key":"self","Type":15,"Integer":0,"String":"b","Interface":null}}
2025-08-15T22:13:50.570-0500	DEBUG	protocol/handler.go:596	round already finalized
2025-08-15T22:13:50.570-0500	DEBUG	protocol/handler.go:596	round already finalized
2025-08-15T22:13:50.570-0500	DEBUG	protocol/handler.go:581	tryAdvanceRound called	{"{current_round 20 3  <nil>}": {"Key":"self","Type":15,"Integer":0,"String":"b","Interface":null}}
2025-08-15T22:13:50.570-0500	DEBUG	protocol/handler.go:1591	have processed broadcast	{"{round 20 3  <nil>}": {"Key":"from","Type":15,"Integer":0,"String":"a","Interface":null}}
2025-08-15T22:13:50.570-0500	DEBUG	protocol/handler.go:1591	have processed broadcast	{"{round 20 3  <nil>}": {"Key":"from","Type":15,"Integer":0,"String":"c","Interface":null}}
2025-08-15T22:13:50.570-0500	DEBUG	protocol/handler.go:1649	have all messages and processed	{"{round 20 3  <nil>}": {"Key":"self","Type":15,"Integer":0,"String":"b","Interface":null}}
2025-08-15T22:13:50.570-0500	DEBUG	protocol/handler.go:596	round already finalized
2025-08-15T22:13:50.592-0500	DEBUG	protocol/handler.go:581	tryAdvanceRound called	{"{current_round 20 3  <nil>}": {"Key":"self","Type":15,"Integer":0,"String":"c","Interface":null}}
2025-08-15T22:13:50.592-0500	DEBUG	protocol/handler.go:1591	have processed broadcast	{"{round 20 3  <nil>}": {"Key":"from","Type":15,"Integer":0,"String":"a","Interface":null}}
2025-08-15T22:13:50.592-0500	DEBUG	protocol/handler.go:1591	have processed broadcast	{"{round 20 3  <nil>}": {"Key":"from","Type":15,"Integer":0,"String":"b","Interface":null}}
2025-08-15T22:13:50.592-0500	DEBUG	protocol/handler.go:1649	have all messages and processed	{"{round 20 3  <nil>}": {"Key":"self","Type":15,"Integer":0,"String":"c","Interface":null}}
2025-08-15T22:13:50.592-0500	DEBUG	protocol/handler.go:596	round already finalized
2025-08-15T22:13:50.592-0500	DEBUG	protocol/handler.go:581	tryAdvanceRound called	{"{current_round 20 3  <nil>}": {"Key":"self","Type":15,"Integer":0,"String":"b","Interface":null}}
2025-08-15T22:13:50.594-0500	DEBUG	protocol/handler.go:1591	have processed broadcast	{"{round 20 3  <nil>}": {"Key":"from","Type":15,"Integer":0,"String":"a","Interface":null}}
2025-08-15T22:13:50.594-0500	DEBUG	protocol/handler.go:1591	have processed broadcast	{"{round 20 3  <nil>}": {"Key":"from","Type":15,"Integer":0,"String":"c","Interface":null}}
2025-08-15T22:13:50.594-0500	DEBUG	protocol/handler.go:1649	have all messages and processed	{"{round 20 3  <nil>}": {"Key":"self","Type":15,"Integer":0,"String":"b","Interface":null}}
2025-08-15T22:13:50.594-0500	DEBUG	protocol/handler.go:596	round already finalized
2025-08-15T22:13:50.615-0500	DEBUG	protocol/handler.go:581	tryAdvanceRound called	{"{current_round 20 3  <nil>}": {"Key":"self","Type":15,"Integer":0,"String":"c","Interface":null}}
2025-08-15T22:13:50.615-0500	DEBUG	protocol/handler.go:1591	have processed broadcast	{"{round 20 3  <nil>}": {"Key":"from","Type":15,"Integer":0,"String":"a","Interface":null}}
2025-08-15T22:13:50.615-0500	DEBUG	protocol/handler.go:1591	have processed broadcast	{"{round 20 3  <nil>}": {"Key":"from","Type":15,"Integer":0,"String":"b","Interface":null}}
2025-08-15T22:13:50.615-0500	DEBUG	protocol/handler.go:1649	have all messages and processed	{"{round 20 3  <nil>}": {"Key":"self","Type":15,"Integer":0,"String":"c","Interface":null}}
2025-08-15T22:13:50.615-0500	DEBUG	protocol/handler.go:596	round already finalized
2025-08-15T22:13:50.615-0500	DEBUG	protocol/handler.go:581	tryAdvanceRound called	{"{current_round 20 3  <nil>}": {"Key":"self","Type":15,"Integer":0,"String":"a","Interface":null}}
2025-08-15T22:13:50.615-0500	DEBUG	protocol/handler.go:1591	have processed broadcast	{"{round 20 3  <nil>}": {"Key":"from","Type":15,"Integer":0,"String":"b","Interface":null}}
2025-08-15T22:13:50.615-0500	DEBUG	protocol/handler.go:1591	have processed broadcast	{"{round 20 3  <nil>}": {"Key":"from","Type":15,"Integer":0,"String":"c","Interface":null}}
2025-08-15T22:13:50.615-0500	DEBUG	protocol/handler.go:1649	have all messages and processed	{"{round 20 3  <nil>}": {"Key":"self","Type":15,"Integer":0,"String":"a","Interface":null}}
2025-08-15T22:13:50.615-0500	DEBUG	protocol/handler.go:596	round already finalized
2025-08-15T22:13:50.615-0500	DEBUG	protocol/handler.go:581	tryAdvanceRound called	{"{current_round 20 3  <nil>}": {"Key":"self","Type":15,"Integer":0,"String":"a","Interface":null}}
2025-08-15T22:13:50.616-0500	DEBUG	protocol/handler.go:1591	have processed broadcast	{"{round 20 3  <nil>}": {"Key":"from","Type":15,"Integer":0,"String":"b","Interface":null}}
2025-08-15T22:13:50.616-0500	DEBUG	protocol/handler.go:1591	have processed broadcast	{"{round 20 3  <nil>}": {"Key":"from","Type":15,"Integer":0,"String":"c","Interface":null}}
2025-08-15T22:13:50.616-0500	DEBUG	protocol/handler.go:1649	have all messages and processed	{"{round 20 3  <nil>}": {"Key":"self","Type":15,"Integer":0,"String":"a","Interface":null}}
2025-08-15T22:13:50.616-0500	DEBUG	protocol/handler.go:596	round already finalized
2025-08-15T22:13:50.592-0500	DEBUG	protocol/handler.go:581	tryAdvanceRound called	{"{current_round 20 3  <nil>}": {"Key":"self","Type":15,"Integer":0,"String":"b","Interface":null}}
2025-08-15T22:13:50.616-0500	DEBUG	protocol/handler.go:1591	have processed broadcast	{"{round 20 3  <nil>}": {"Key":"from","Type":15,"Integer":0,"String":"a","Interface":null}}
2025-08-15T22:13:50.616-0500	DEBUG	protocol/handler.go:1649	have all messages and processed	{"{round 20 3  <nil>}": {"Key":"self","Type":15,"Integer":0,"String":"b","Interface":null}}
2025-08-15T22:13:50.616-0500	DEBUG	protocol/handler.go:596	round already finalized
2025-08-15T22:13:50.616-0500	DEBUG	protocol/handler.go:581	tryAdvanceRound called	{"{current_round 20 3  <nil>}": {"Key":"self","Type":15,"Integer":0,"String":"b","Interface":null}}
2025-08-15T22:13:50.616-0500	DEBUG	protocol/handler.go:1591	have processed broadcast	{"{round 20 3  <nil>}": {"Key":"from","Type":15,"Integer":0,"String":"a","Interface":null}}
2025-08-15T22:13:50.616-0500	DEBUG	protocol/handler.go:1649	have all messages and processed	{"{round 20 3  <nil>}": {"Key":"self","Type":15,"Integer":0,"String":"b","Interface":null}}
2025-08-15T22:13:50.616-0500	DEBUG	protocol/handler.go:596	round already finalized
2025-08-15T22:13:50.616-0500	DEBUG	protocol/handler.go:581	tryAdvanceRound called	{"{current_round 20 3  <nil>}": {"Key":"self","Type":15,"Integer":0,"String":"b","Interface":null}}
2025-08-15T22:13:50.616-0500	DEBUG	protocol/handler.go:1591	have processed broadcast	{"{round 20 3  <nil>}": {"Key":"from","Type":15,"Integer":0,"String":"a","Interface":null}}
2025-08-15T22:13:50.616-0500	DEBUG	protocol/handler.go:1591	have processed broadcast	{"{round 20 3  <nil>}": {"Key":"from","Type":15,"Integer":0,"String":"c","Interface":null}}
2025-08-15T22:13:50.616-0500	DEBUG	protocol/handler.go:1649	have all messages and processed	{"{round 20 3  <nil>}": {"Key":"self","Type":15,"Integer":0,"String":"b","Interface":null}}
2025-08-15T22:13:50.616-0500	DEBUG	protocol/handler.go:596	round already finalized
2025-08-15T22:13:50.638-0500	DEBUG	protocol/handler.go:581	tryAdvanceRound called	{"{current_round 20 3  <nil>}": {"Key":"self","Type":15,"Integer":0,"String":"b","Interface":null}}
2025-08-15T22:13:50.638-0500	DEBUG	protocol/handler.go:1591	have processed broadcast	{"{round 20 3  <nil>}": {"Key":"from","Type":15,"Integer":0,"String":"a","Interface":null}}
2025-08-15T22:13:50.639-0500	DEBUG	protocol/handler.go:1591	have processed broadcast	{"{round 20 3  <nil>}": {"Key":"from","Type":15,"Integer":0,"String":"c","Interface":null}}
2025-08-15T22:13:50.639-0500	DEBUG	protocol/handler.go:1649	have all messages and processed	{"{round 20 3  <nil>}": {"Key":"self","Type":15,"Integer":0,"String":"b","Interface":null}}
2025-08-15T22:13:50.639-0500	DEBUG	protocol/handler.go:596	round already finalized
2025-08-15T22:13:50.639-0500	DEBUG	protocol/handler.go:581	tryAdvanceRound called	{"{current_round 20 3  <nil>}": {"Key":"self","Type":15,"Integer":0,"String":"b","Interface":null}}
2025-08-15T22:13:50.639-0500	DEBUG	protocol/handler.go:1591	have processed broadcast	{"{round 20 3  <nil>}": {"Key":"from","Type":15,"Integer":0,"String":"a","Interface":null}}
2025-08-15T22:13:50.639-0500	DEBUG	protocol/handler.go:1649	have all messages and processed	{"{round 20 3  <nil>}": {"Key":"self","Type":15,"Integer":0,"String":"b","Interface":null}}
2025-08-15T22:13:50.640-0500	DEBUG	protocol/handler.go:596	round already finalized
2025-08-15T22:13:50.640-0500	DEBUG	protocol/handler.go:581	tryAdvanceRound called	{"{current_round 20 3  <nil>}": {"Key":"self","Type":15,"Integer":0,"String":"a","Interface":null}}
2025-08-15T22:13:50.640-0500	DEBUG	protocol/handler.go:1591	have processed broadcast	{"{round 20 3  <nil>}": {"Key":"from","Type":15,"Integer":0,"String":"b","Interface":null}}
2025-08-15T22:13:50.640-0500	DEBUG	protocol/handler.go:1591	have processed broadcast	{"{round 20 3  <nil>}": {"Key":"from","Type":15,"Integer":0,"String":"c","Interface":null}}
2025-08-15T22:13:50.640-0500	DEBUG	protocol/handler.go:1649	have all messages and processed	{"{round 20 3  <nil>}": {"Key":"self","Type":15,"Integer":0,"String":"a","Interface":null}}
2025-08-15T22:13:50.641-0500	DEBUG	protocol/handler.go:596	round already finalized
2025-08-15T22:13:50.641-0500	DEBUG	protocol/handler.go:581	tryAdvanceRound called	{"{current_round 20 3  <nil>}": {"Key":"self","Type":15,"Integer":0,"String":"b","Interface":null}}
2025-08-15T22:13:50.641-0500	DEBUG	protocol/handler.go:1591	have processed broadcast	{"{round 20 3  <nil>}": {"Key":"from","Type":15,"Integer":0,"String":"a","Interface":null}}
2025-08-15T22:13:50.641-0500	DEBUG	protocol/handler.go:1591	have processed broadcast	{"{round 20 3  <nil>}": {"Key":"from","Type":15,"Integer":0,"String":"c","Interface":null}}
2025-08-15T22:13:50.641-0500	DEBUG	protocol/handler.go:1649	have all messages and processed	{"{round 20 3  <nil>}": {"Key":"self","Type":15,"Integer":0,"String":"b","Interface":null}}
2025-08-15T22:13:50.641-0500	DEBUG	protocol/handler.go:596	round already finalized
2025-08-15T22:13:50.641-0500	DEBUG	protocol/handler.go:581	tryAdvanceRound called	{"{current_round 20 3  <nil>}": {"Key":"self","Type":15,"Integer":0,"String":"c","Interface":null}}
2025-08-15T22:13:50.642-0500	DEBUG	protocol/handler.go:1591	have processed broadcast	{"{round 20 3  <nil>}": {"Key":"from","Type":15,"Integer":0,"String":"a","Interface":null}}
2025-08-15T22:13:50.642-0500	DEBUG	protocol/handler.go:1591	have processed broadcast	{"{round 20 3  <nil>}": {"Key":"from","Type":15,"Integer":0,"String":"b","Interface":null}}
2025-08-15T22:13:50.642-0500	DEBUG	protocol/handler.go:1649	have all messages and processed	{"{round 20 3  <nil>}": {"Key":"self","Type":15,"Integer":0,"String":"c","Interface":null}}
2025-08-15T22:13:50.642-0500	DEBUG	protocol/handler.go:596	round already finalized
2025-08-15T22:13:50.642-0500	DEBUG	protocol/handler.go:581	tryAdvanceRound called	{"{current_round 20 3  <nil>}": {"Key":"self","Type":15,"Integer":0,"String":"c","Interface":null}}
2025-08-15T22:13:50.642-0500	DEBUG	protocol/handler.go:1591	have processed broadcast	{"{round 20 3  <nil>}": {"Key":"from","Type":15,"Integer":0,"String":"a","Interface":null}}
2025-08-15T22:13:50.643-0500	DEBUG	protocol/handler.go:1591	have processed broadcast	{"{round 20 3  <nil>}": {"Key":"from","Type":15,"Integer":0,"String":"b","Interface":null}}
2025-08-15T22:13:50.643-0500	DEBUG	protocol/handler.go:1649	have all messages and processed	{"{round 20 3  <nil>}": {"Key":"self","Type":15,"Integer":0,"String":"c","Interface":null}}
2025-08-15T22:13:50.643-0500	DEBUG	protocol/handler.go:596	round already finalized
2025-08-15T22:13:50.660-0500	DEBUG	protocol/handler.go:581	tryAdvanceRound called	{"{current_round 20 3  <nil>}": {"Key":"self","Type":15,"Integer":0,"String":"b","Interface":null}}
2025-08-15T22:13:50.660-0500	DEBUG	protocol/handler.go:1591	have processed broadcast	{"{round 20 3  <nil>}": {"Key":"from","Type":15,"Integer":0,"String":"a","Interface":null}}
2025-08-15T22:13:50.660-0500	DEBUG	protocol/handler.go:1591	have processed broadcast	{"{round 20 3  <nil>}": {"Key":"from","Type":15,"Integer":0,"String":"c","Interface":null}}
2025-08-15T22:13:50.660-0500	DEBUG	protocol/handler.go:1649	have all messages and processed	{"{round 20 3  <nil>}": {"Key":"self","Type":15,"Integer":0,"String":"b","Interface":null}}
2025-08-15T22:13:50.660-0500	DEBUG	protocol/handler.go:596	round already finalized
2025-08-15T22:13:50.660-0500	DEBUG	protocol/handler.go:581	tryAdvanceRound called	{"{current_round 20 3  <nil>}": {"Key":"self","Type":15,"Integer":0,"String":"a","Interface":null}}
2025-08-15T22:13:50.661-0500	DEBUG	protocol/handler.go:1591	have processed broadcast	{"{round 20 3  <nil>}": {"Key":"from","Type":15,"Integer":0,"String":"b","Interface":null}}
2025-08-15T22:13:50.661-0500	DEBUG	protocol/handler.go:1591	have processed broadcast	{"{round 20 3  <nil>}": {"Key":"from","Type":15,"Integer":0,"String":"c","Interface":null}}
2025-08-15T22:13:50.661-0500	DEBUG	protocol/handler.go:1649	have all messages and processed	{"{round 20 3  <nil>}": {"Key":"self","Type":15,"Integer":0,"String":"a","Interface":null}}
2025-08-15T22:13:50.661-0500	DEBUG	protocol/handler.go:596	round already finalized
2025-08-15T22:13:50.661-0500	DEBUG	protocol/handler.go:581	tryAdvanceRound called	{"{current_round 20 3  <nil>}": {"Key":"self","Type":15,"Integer":0,"String":"b","Interface":null}}
2025-08-15T22:13:50.661-0500	DEBUG	protocol/handler.go:1591	have processed broadcast	{"{round 20 3  <nil>}": {"Key":"from","Type":15,"Integer":0,"String":"a","Interface":null}}
2025-08-15T22:13:50.661-0500	DEBUG	protocol/handler.go:1649	have all messages and processed	{"{round 20 3  <nil>}": {"Key":"self","Type":15,"Integer":0,"String":"b","Interface":null}}
2025-08-15T22:13:50.661-0500	DEBUG	protocol/handler.go:596	round already finalized
2025-08-15T22:13:50.661-0500	DEBUG	protocol/handler.go:581	tryAdvanceRound called	{"{current_round 20 3  <nil>}": {"Key":"self","Type":15,"Integer":0,"String":"c","Interface":null}}
2025-08-15T22:13:50.663-0500	DEBUG	protocol/handler.go:1591	have processed broadcast	{"{round 20 3  <nil>}": {"Key":"from","Type":15,"Integer":0,"String":"a","Interface":null}}
2025-08-15T22:13:50.663-0500	DEBUG	protocol/handler.go:1591	have processed broadcast	{"{round 20 3  <nil>}": {"Key":"from","Type":15,"Integer":0,"String":"b","Interface":null}}
2025-08-15T22:13:50.663-0500	DEBUG	protocol/handler.go:1649	have all messages and processed	{"{round 20 3  <nil>}": {"Key":"self","Type":15,"Integer":0,"String":"c","Interface":null}}
2025-08-15T22:13:50.663-0500	DEBUG	protocol/handler.go:596	round already finalized
2025-08-15T22:13:50.663-0500	DEBUG	protocol/handler.go:581	tryAdvanceRound called	{"{current_round 20 3  <nil>}": {"Key":"self","Type":15,"Integer":0,"String":"b","Interface":null}}
2025-08-15T22:13:50.663-0500	DEBUG	protocol/handler.go:1591	have processed broadcast	{"{round 20 3  <nil>}": {"Key":"from","Type":15,"Integer":0,"String":"a","Interface":null}}
2025-08-15T22:13:50.663-0500	DEBUG	protocol/handler.go:1591	have processed broadcast	{"{round 20 3  <nil>}": {"Key":"from","Type":15,"Integer":0,"String":"c","Interface":null}}
2025-08-15T22:13:50.663-0500	DEBUG	protocol/handler.go:1649	have all messages and processed	{"{round 20 3  <nil>}": {"Key":"self","Type":15,"Integer":0,"String":"b","Interface":null}}
2025-08-15T22:13:50.663-0500	DEBUG	protocol/handler.go:596	round already finalized
2025-08-15T22:13:50.663-0500	DEBUG	protocol/handler.go:581	tryAdvanceRound called	{"{current_round 20 3  <nil>}": {"Key":"self","Type":15,"Integer":0,"String":"c","Interface":null}}
2025-08-15T22:13:50.664-0500	DEBUG	protocol/handler.go:1591	have processed broadcast	{"{round 20 3  <nil>}": {"Key":"from","Type":15,"Integer":0,"String":"a","Interface":null}}
2025-08-15T22:13:50.664-0500	DEBUG	protocol/handler.go:1591	have processed broadcast	{"{round 20 3  <nil>}": {"Key":"from","Type":15,"Integer":0,"String":"b","Interface":null}}
2025-08-15T22:13:50.664-0500	DEBUG	protocol/handler.go:1649	have all messages and processed	{"{round 20 3  <nil>}": {"Key":"self","Type":15,"Integer":0,"String":"c","Interface":null}}
2025-08-15T22:13:50.664-0500	DEBUG	protocol/handler.go:596	round already finalized
2025-08-15T22:13:50.681-0500	DEBUG	protocol/handler.go:581	tryAdvanceRound called	{"{current_round 20 3  <nil>}": {"Key":"self","Type":15,"Integer":0,"String":"c","Interface":null}}
2025-08-15T22:13:50.681-0500	DEBUG	protocol/handler.go:1591	have processed broadcast	{"{round 20 3  <nil>}": {"Key":"from","Type":15,"Integer":0,"String":"a","Interface":null}}
2025-08-15T22:13:50.681-0500	DEBUG	protocol/handler.go:1591	have processed broadcast	{"{round 20 3  <nil>}": {"Key":"from","Type":15,"Integer":0,"String":"b","Interface":null}}
2025-08-15T22:13:50.681-0500	DEBUG	protocol/handler.go:1649	have all messages and processed	{"{round 20 3  <nil>}": {"Key":"self","Type":15,"Integer":0,"String":"c","Interface":null}}
2025-08-15T22:13:50.682-0500	DEBUG	protocol/handler.go:596	round already finalized
2025-08-15T22:13:50.682-0500	DEBUG	protocol/handler.go:581	tryAdvanceRound called	{"{current_round 20 3  <nil>}": {"Key":"self","Type":15,"Integer":0,"String":"b","Interface":null}}
2025-08-15T22:13:50.682-0500	DEBUG	protocol/handler.go:1591	have processed broadcast	{"{round 20 3  <nil>}": {"Key":"from","Type":15,"Integer":0,"String":"a","Interface":null}}
2025-08-15T22:13:50.682-0500	DEBUG	protocol/handler.go:1649	have all messages and processed	{"{round 20 3  <nil>}": {"Key":"self","Type":15,"Integer":0,"String":"b","Interface":null}}
2025-08-15T22:13:50.682-0500	DEBUG	protocol/handler.go:596	round already finalized
2025-08-15T22:13:50.682-0500	DEBUG	protocol/handler.go:581	tryAdvanceRound called	{"{current_round 20 3  <nil>}": {"Key":"self","Type":15,"Integer":0,"String":"a","Interface":null}}
2025-08-15T22:13:50.682-0500	DEBUG	protocol/handler.go:1591	have processed broadcast	{"{round 20 3  <nil>}": {"Key":"from","Type":15,"Integer":0,"String":"b","Interface":null}}
2025-08-15T22:13:50.682-0500	DEBUG	protocol/handler.go:1591	have processed broadcast	{"{round 20 3  <nil>}": {"Key":"from","Type":15,"Integer":0,"String":"c","Interface":null}}
2025-08-15T22:13:50.682-0500	DEBUG	protocol/handler.go:1649	have all messages and processed	{"{round 20 3  <nil>}": {"Key":"self","Type":15,"Integer":0,"String":"a","Interface":null}}
2025-08-15T22:13:50.682-0500	DEBUG	protocol/handler.go:596	round already finalized
2025-08-15T22:13:50.682-0500	DEBUG	protocol/handler.go:581	tryAdvanceRound called	{"{current_round 20 3  <nil>}": {"Key":"self","Type":15,"Integer":0,"String":"b","Interface":null}}
2025-08-15T22:13:50.682-0500	DEBUG	protocol/handler.go:1591	have processed broadcast	{"{round 20 3  <nil>}": {"Key":"from","Type":15,"Integer":0,"String":"a","Interface":null}}
2025-08-15T22:13:50.682-0500	DEBUG	protocol/handler.go:1591	have processed broadcast	{"{round 20 3  <nil>}": {"Key":"from","Type":15,"Integer":0,"String":"c","Interface":null}}
2025-08-15T22:13:50.682-0500	DEBUG	protocol/handler.go:1649	have all messages and processed	{"{round 20 3  <nil>}": {"Key":"self","Type":15,"Integer":0,"String":"b","Interface":null}}
2025-08-15T22:13:50.682-0500	DEBUG	protocol/handler.go:596	round already finalized
2025-08-15T22:13:50.704-0500	DEBUG	protocol/handler.go:581	tryAdvanceRound called	{"{current_round 20 3  <nil>}": {"Key":"self","Type":15,"Integer":0,"String":"c","Interface":null}}
2025-08-15T22:13:50.704-0500	DEBUG	protocol/handler.go:1591	have processed broadcast	{"{round 20 3  <nil>}": {"Key":"from","Type":15,"Integer":0,"String":"a","Interface":null}}
2025-08-15T22:13:50.704-0500	DEBUG	protocol/handler.go:1591	have processed broadcast	{"{round 20 3  <nil>}": {"Key":"from","Type":15,"Integer":0,"String":"b","Interface":null}}
2025-08-15T22:13:50.704-0500	DEBUG	protocol/handler.go:1649	have all messages and processed	{"{round 20 3  <nil>}": {"Key":"self","Type":15,"Integer":0,"String":"c","Interface":null}}
2025-08-15T22:13:50.704-0500	DEBUG	protocol/handler.go:596	round already finalized
2025-08-15T22:13:50.704-0500	DEBUG	protocol/handler.go:581	tryAdvanceRound called	{"{current_round 20 3  <nil>}": {"Key":"self","Type":15,"Integer":0,"String":"b","Interface":null}}
2025-08-15T22:13:50.704-0500	DEBUG	protocol/handler.go:1591	have processed broadcast	{"{round 20 3  <nil>}": {"Key":"from","Type":15,"Integer":0,"String":"a","Interface":null}}
2025-08-15T22:13:50.704-0500	DEBUG	protocol/handler.go:1649	have all messages and processed	{"{round 20 3  <nil>}": {"Key":"self","Type":15,"Integer":0,"String":"b","Interface":null}}
2025-08-15T22:13:50.704-0500	DEBUG	protocol/handler.go:596	round already finalized
2025-08-15T22:13:50.704-0500	DEBUG	protocol/handler.go:581	tryAdvanceRound called	{"{current_round 20 3  <nil>}": {"Key":"self","Type":15,"Integer":0,"String":"a","Interface":null}}
2025-08-15T22:13:50.704-0500	DEBUG	protocol/handler.go:1591	have processed broadcast	{"{round 20 3  <nil>}": {"Key":"from","Type":15,"Integer":0,"String":"b","Interface":null}}
2025-08-15T22:13:50.708-0500	DEBUG	protocol/handler.go:1591	have processed broadcast	{"{round 20 3  <nil>}": {"Key":"from","Type":15,"Integer":0,"String":"c","Interface":null}}
2025-08-15T22:13:50.708-0500	DEBUG	protocol/handler.go:1649	have all messages and processed	{"{round 20 3  <nil>}": {"Key":"self","Type":15,"Integer":0,"String":"a","Interface":null}}
2025-08-15T22:13:50.708-0500	DEBUG	protocol/handler.go:596	round already finalized
2025-08-15T22:13:50.709-0500	DEBUG	protocol/handler.go:581	tryAdvanceRound called	{"{current_round 20 3  <nil>}": {"Key":"self","Type":15,"Integer":0,"String":"a","Interface":null}}
2025-08-15T22:13:50.709-0500	DEBUG	protocol/handler.go:1591	have processed broadcast	{"{round 20 3  <nil>}": {"Key":"from","Type":15,"Integer":0,"String":"b","Interface":null}}
2025-08-15T22:13:50.709-0500	DEBUG	protocol/handler.go:1591	have processed broadcast	{"{round 20 3  <nil>}": {"Key":"from","Type":15,"Integer":0,"String":"c","Interface":null}}
2025-08-15T22:13:50.709-0500	DEBUG	protocol/handler.go:1649	have all messages and processed	{"{round 20 3  <nil>}": {"Key":"self","Type":15,"Integer":0,"String":"a","Interface":null}}
2025-08-15T22:13:50.709-0500	DEBUG	protocol/handler.go:596	round already finalized
2025-08-15T22:13:50.709-0500	DEBUG	protocol/handler.go:581	tryAdvanceRound called	{"{current_round 20 3  <nil>}": {"Key":"self","Type":15,"Integer":0,"String":"b","Interface":null}}
2025-08-15T22:13:50.709-0500	DEBUG	protocol/handler.go:1591	have processed broadcast	{"{round 20 3  <nil>}": {"Key":"from","Type":15,"Integer":0,"String":"a","Interface":null}}
2025-08-15T22:13:50.709-0500	DEBUG	protocol/handler.go:1591	have processed broadcast	{"{round 20 3  <nil>}": {"Key":"from","Type":15,"Integer":0,"String":"c","Interface":null}}
2025-08-15T22:13:50.709-0500	DEBUG	protocol/handler.go:1649	have all messages and processed	{"{round 20 3  <nil>}": {"Key":"self","Type":15,"Integer":0,"String":"b","Interface":null}}
2025-08-15T22:13:50.709-0500	DEBUG	protocol/handler.go:596	round already finalized
2025-08-15T22:13:50.709-0500	DEBUG	protocol/handler.go:581	tryAdvanceRound called	{"{current_round 20 3  <nil>}": {"Key":"self","Type":15,"Integer":0,"String":"b","Interface":null}}
2025-08-15T22:13:50.709-0500	DEBUG	protocol/handler.go:1591	have processed broadcast	{"{round 20 3  <nil>}": {"Key":"from","Type":15,"Integer":0,"String":"a","Interface":null}}
2025-08-15T22:13:50.709-0500	DEBUG	protocol/handler.go:1649	have all messages and processed	{"{round 20 3  <nil>}": {"Key":"self","Type":15,"Integer":0,"String":"b","Interface":null}}
2025-08-15T22:13:50.709-0500	DEBUG	protocol/handler.go:596	round already finalized
2025-08-15T22:13:50.730-0500	DEBUG	protocol/handler.go:581	tryAdvanceRound called	{"{current_round 20 3  <nil>}": {"Key":"self","Type":15,"Integer":0,"String":"a","Interface":null}}
2025-08-15T22:13:50.730-0500	DEBUG	protocol/handler.go:1591	have processed broadcast	{"{round 20 3  <nil>}": {"Key":"from","Type":15,"Integer":0,"String":"b","Interface":null}}
2025-08-15T22:13:50.730-0500	DEBUG	protocol/handler.go:1591	have processed broadcast	{"{round 20 3  <nil>}": {"Key":"from","Type":15,"Integer":0,"String":"c","Interface":null}}
2025-08-15T22:13:50.731-0500	DEBUG	protocol/handler.go:1649	have all messages and processed	{"{round 20 3  <nil>}": {"Key":"self","Type":15,"Integer":0,"String":"a","Interface":null}}
2025-08-15T22:13:50.731-0500	DEBUG	protocol/handler.go:596	round already finalized
2025-08-15T22:13:50.731-0500	DEBUG	protocol/handler.go:581	tryAdvanceRound called	{"{current_round 20 3  <nil>}": {"Key":"self","Type":15,"Integer":0,"String":"b","Interface":null}}
2025-08-15T22:13:50.731-0500	DEBUG	protocol/handler.go:1591	have processed broadcast	{"{round 20 3  <nil>}": {"Key":"from","Type":15,"Integer":0,"String":"a","Interface":null}}
2025-08-15T22:13:50.731-0500	DEBUG	protocol/handler.go:1591	have processed broadcast	{"{round 20 3  <nil>}": {"Key":"from","Type":15,"Integer":0,"String":"c","Interface":null}}
2025-08-15T22:13:50.731-0500	DEBUG	protocol/handler.go:1649	have all messages and processed	{"{round 20 3  <nil>}": {"Key":"self","Type":15,"Integer":0,"String":"b","Interface":null}}
2025-08-15T22:13:50.731-0500	DEBUG	protocol/handler.go:596	round already finalized
2025-08-15T22:13:50.731-0500	DEBUG	protocol/handler.go:581	tryAdvanceRound called	{"{current_round 20 3  <nil>}": {"Key":"self","Type":15,"Integer":0,"String":"b","Interface":null}}
2025-08-15T22:13:50.731-0500	DEBUG	protocol/handler.go:1591	have processed broadcast	{"{round 20 3  <nil>}": {"Key":"from","Type":15,"Integer":0,"String":"a","Interface":null}}
2025-08-15T22:13:50.731-0500	DEBUG	protocol/handler.go:1591	have processed broadcast	{"{round 20 3  <nil>}": {"Key":"from","Type":15,"Integer":0,"String":"c","Interface":null}}
2025-08-15T22:13:50.731-0500	DEBUG	protocol/handler.go:1649	have all messages and processed	{"{round 20 3  <nil>}": {"Key":"self","Type":15,"Integer":0,"String":"b","Interface":null}}
2025-08-15T22:13:50.731-0500	DEBUG	protocol/handler.go:596	round already finalized
2025-08-15T22:13:50.731-0500	DEBUG	protocol/handler.go:581	tryAdvanceRound called	{"{current_round 20 3  <nil>}": {"Key":"self","Type":15,"Integer":0,"String":"b","Interface":null}}
2025-08-15T22:13:50.732-0500	DEBUG	protocol/handler.go:1591	have processed broadcast	{"{round 20 3  <nil>}": {"Key":"from","Type":15,"Integer":0,"String":"a","Interface":null}}
2025-08-15T22:13:50.732-0500	DEBUG	protocol/handler.go:1649	have all messages and processed	{"{round 20 3  <nil>}": {"Key":"self","Type":15,"Integer":0,"String":"b","Interface":null}}
2025-08-15T22:13:50.732-0500	DEBUG	protocol/handler.go:596	round already finalized
2025-08-15T22:13:50.732-0500	DEBUG	protocol/handler.go:581	tryAdvanceRound called	{"{current_round 20 3  <nil>}": {"Key":"self","Type":15,"Integer":0,"String":"c","Interface":null}}
2025-08-15T22:13:50.732-0500	DEBUG	protocol/handler.go:1591	have processed broadcast	{"{round 20 3  <nil>}": {"Key":"from","Type":15,"Integer":0,"String":"a","Interface":null}}
2025-08-15T22:13:50.732-0500	DEBUG	protocol/handler.go:1591	have processed broadcast	{"{round 20 3  <nil>}": {"Key":"from","Type":15,"Integer":0,"String":"b","Interface":null}}
2025-08-15T22:13:50.732-0500	DEBUG	protocol/handler.go:1649	have all messages and processed	{"{round 20 3  <nil>}": {"Key":"self","Type":15,"Integer":0,"String":"c","Interface":null}}
2025-08-15T22:13:50.732-0500	DEBUG	protocol/handler.go:596	round already finalized
2025-08-15T22:13:50.732-0500	DEBUG	protocol/handler.go:581	tryAdvanceRound called	{"{current_round 20 3  <nil>}": {"Key":"self","Type":15,"Integer":0,"String":"c","Interface":null}}
2025-08-15T22:13:50.732-0500	DEBUG	protocol/handler.go:1591	have processed broadcast	{"{round 20 3  <nil>}": {"Key":"from","Type":15,"Integer":0,"String":"a","Interface":null}}
2025-08-15T22:13:50.732-0500	DEBUG	protocol/handler.go:1591	have processed broadcast	{"{round 20 3  <nil>}": {"Key":"from","Type":15,"Integer":0,"String":"b","Interface":null}}
2025-08-15T22:13:50.732-0500	DEBUG	protocol/handler.go:1649	have all messages and processed	{"{round 20 3  <nil>}": {"Key":"self","Type":15,"Integer":0,"String":"c","Interface":null}}
2025-08-15T22:13:50.732-0500	DEBUG	protocol/handler.go:596	round already finalized
2025-08-15T22:13:50.755-0500	DEBUG	protocol/handler.go:581	tryAdvanceRound called	{"{current_round 20 3  <nil>}": {"Key":"self","Type":15,"Integer":0,"String":"c","Interface":null}}
2025-08-15T22:13:50.755-0500	DEBUG	protocol/handler.go:1591	have processed broadcast	{"{round 20 3  <nil>}": {"Key":"from","Type":15,"Integer":0,"String":"a","Interface":null}}
2025-08-15T22:13:50.755-0500	DEBUG	protocol/handler.go:1591	have processed broadcast	{"{round 20 3  <nil>}": {"Key":"from","Type":15,"Integer":0,"String":"b","Interface":null}}
2025-08-15T22:13:50.755-0500	DEBUG	protocol/handler.go:1649	have all messages and processed	{"{round 20 3  <nil>}": {"Key":"self","Type":15,"Integer":0,"String":"c","Interface":null}}
2025-08-15T22:13:50.755-0500	DEBUG	protocol/handler.go:596	round already finalized
2025-08-15T22:13:50.755-0500	DEBUG	protocol/handler.go:581	tryAdvanceRound called	{"{current_round 20 3  <nil>}": {"Key":"self","Type":15,"Integer":0,"String":"b","Interface":null}}
2025-08-15T22:13:50.762-0500	DEBUG	protocol/handler.go:1591	have processed broadcast	{"{round 20 3  <nil>}": {"Key":"from","Type":15,"Integer":0,"String":"a","Interface":null}}
2025-08-15T22:13:50.762-0500	DEBUG	protocol/handler.go:1649	have all messages and processed	{"{round 20 3  <nil>}": {"Key":"self","Type":15,"Integer":0,"String":"b","Interface":null}}
2025-08-15T22:13:50.762-0500	DEBUG	protocol/handler.go:596	round already finalized
2025-08-15T22:13:50.762-0500	DEBUG	protocol/handler.go:581	tryAdvanceRound called	{"{current_round 20 3  <nil>}": {"Key":"self","Type":15,"Integer":0,"String":"c","Interface":null}}
2025-08-15T22:13:50.762-0500	DEBUG	protocol/handler.go:1591	have processed broadcast	{"{round 20 3  <nil>}": {"Key":"from","Type":15,"Integer":0,"String":"a","Interface":null}}
2025-08-15T22:13:50.762-0500	DEBUG	protocol/handler.go:1591	have processed broadcast	{"{round 20 3  <nil>}": {"Key":"from","Type":15,"Integer":0,"String":"b","Interface":null}}
2025-08-15T22:13:50.762-0500	DEBUG	protocol/handler.go:1649	have all messages and processed	{"{round 20 3  <nil>}": {"Key":"self","Type":15,"Integer":0,"String":"c","Interface":null}}
2025-08-15T22:13:50.762-0500	DEBUG	protocol/handler.go:596	round already finalized
2025-08-15T22:13:50.762-0500	DEBUG	protocol/handler.go:581	tryAdvanceRound called	{"{current_round 20 3  <nil>}": {"Key":"self","Type":15,"Integer":0,"String":"b","Interface":null}}
2025-08-15T22:13:50.762-0500	DEBUG	protocol/handler.go:1591	have processed broadcast	{"{round 20 3  <nil>}": {"Key":"from","Type":15,"Integer":0,"String":"a","Interface":null}}
2025-08-15T22:13:50.762-0500	DEBUG	protocol/handler.go:1591	have processed broadcast	{"{round 20 3  <nil>}": {"Key":"from","Type":15,"Integer":0,"String":"c","Interface":null}}
2025-08-15T22:13:50.762-0500	DEBUG	protocol/handler.go:1649	have all messages and processed	{"{round 20 3  <nil>}": {"Key":"self","Type":15,"Integer":0,"String":"b","Interface":null}}
2025-08-15T22:13:50.762-0500	DEBUG	protocol/handler.go:596	round already finalized
2025-08-15T22:13:50.762-0500	DEBUG	protocol/handler.go:581	tryAdvanceRound called	{"{current_round 20 3  <nil>}": {"Key":"self","Type":15,"Integer":0,"String":"b","Interface":null}}
2025-08-15T22:13:50.762-0500	DEBUG	protocol/handler.go:1591	have processed broadcast	{"{round 20 3  <nil>}": {"Key":"from","Type":15,"Integer":0,"String":"a","Interface":null}}
2025-08-15T22:13:50.762-0500	DEBUG	protocol/handler.go:1591	have processed broadcast	{"{round 20 3  <nil>}": {"Key":"from","Type":15,"Integer":0,"String":"c","Interface":null}}
2025-08-15T22:13:50.763-0500	DEBUG	protocol/handler.go:1649	have all messages and processed	{"{round 20 3  <nil>}": {"Key":"self","Type":15,"Integer":0,"String":"b","Interface":null}}
2025-08-15T22:13:50.763-0500	DEBUG	protocol/handler.go:596	round already finalized
2025-08-15T22:13:50.763-0500	DEBUG	protocol/handler.go:581	tryAdvanceRound called	{"{current_round 20 3  <nil>}": {"Key":"self","Type":15,"Integer":0,"String":"a","Interface":null}}
2025-08-15T22:13:50.763-0500	DEBUG	protocol/handler.go:1591	have processed broadcast	{"{round 20 3  <nil>}": {"Key":"from","Type":15,"Integer":0,"String":"b","Interface":null}}
2025-08-15T22:13:50.763-0500	DEBUG	protocol/handler.go:1591	have processed broadcast	{"{round 20 3  <nil>}": {"Key":"from","Type":15,"Integer":0,"String":"c","Interface":null}}
2025-08-15T22:13:50.763-0500	DEBUG	protocol/handler.go:1649	have all messages and processed	{"{round 20 3  <nil>}": {"Key":"self","Type":15,"Integer":0,"String":"a","Interface":null}}
2025-08-15T22:13:50.763-0500	DEBUG	protocol/handler.go:596	round already finalized
2025-08-15T22:13:50.763-0500	DEBUG	protocol/handler.go:581	tryAdvanceRound called	{"{current_round 20 3  <nil>}": {"Key":"self","Type":15,"Integer":0,"String":"a","Interface":null}}
2025-08-15T22:13:50.763-0500	DEBUG	protocol/handler.go:1591	have processed broadcast	{"{round 20 3  <nil>}": {"Key":"from","Type":15,"Integer":0,"String":"b","Interface":null}}
2025-08-15T22:13:50.763-0500	DEBUG	protocol/handler.go:1591	have processed broadcast	{"{round 20 3  <nil>}": {"Key":"from","Type":15,"Integer":0,"String":"c","Interface":null}}
2025-08-15T22:13:50.763-0500	DEBUG	protocol/handler.go:1649	have all messages and processed	{"{round 20 3  <nil>}": {"Key":"self","Type":15,"Integer":0,"String":"a","Interface":null}}
2025-08-15T22:13:50.763-0500	DEBUG	protocol/handler.go:596	round already finalized
2025-08-15T22:13:50.763-0500	DEBUG	protocol/handler.go:581	tryAdvanceRound called	{"{current_round 20 3  <nil>}": {"Key":"self","Type":15,"Integer":0,"String":"b","Interface":null}}
2025-08-15T22:13:50.763-0500	DEBUG	protocol/handler.go:1591	have processed broadcast	{"{round 20 3  <nil>}": {"Key":"from","Type":15,"Integer":0,"String":"a","Interface":null}}
2025-08-15T22:13:50.763-0500	DEBUG	protocol/handler.go:1649	have all messages and processed	{"{round 20 3  <nil>}": {"Key":"self","Type":15,"Integer":0,"String":"b","Interface":null}}
2025-08-15T22:13:50.763-0500	DEBUG	protocol/handler.go:596	round already finalized
2025-08-15T22:13:50.779-0500	DEBUG	protocol/handler.go:581	tryAdvanceRound called	{"{current_round 20 3  <nil>}": {"Key":"self","Type":15,"Integer":0,"String":"c","Interface":null}}
2025-08-15T22:13:50.779-0500	DEBUG	protocol/handler.go:1591	have processed broadcast	{"{round 20 3  <nil>}": {"Key":"from","Type":15,"Integer":0,"String":"a","Interface":null}}
2025-08-15T22:13:50.779-0500	DEBUG	protocol/handler.go:1591	have processed broadcast	{"{round 20 3  <nil>}": {"Key":"from","Type":15,"Integer":0,"String":"b","Interface":null}}
2025-08-15T22:13:50.779-0500	DEBUG	protocol/handler.go:1649	have all messages and processed	{"{round 20 3  <nil>}": {"Key":"self","Type":15,"Integer":0,"String":"c","Interface":null}}
2025-08-15T22:13:50.779-0500	DEBUG	protocol/handler.go:596	round already finalized
2025-08-15T22:13:50.779-0500	DEBUG	protocol/handler.go:581	tryAdvanceRound called	{"{current_round 20 3  <nil>}": {"Key":"self","Type":15,"Integer":0,"String":"b","Interface":null}}
2025-08-15T22:13:50.779-0500	DEBUG	protocol/handler.go:1591	have processed broadcast	{"{round 20 3  <nil>}": {"Key":"from","Type":15,"Integer":0,"String":"a","Interface":null}}
2025-08-15T22:13:50.779-0500	DEBUG	protocol/handler.go:1649	have all messages and processed	{"{round 20 3  <nil>}": {"Key":"self","Type":15,"Integer":0,"String":"b","Interface":null}}
2025-08-15T22:13:50.780-0500	DEBUG	protocol/handler.go:596	round already finalized
2025-08-15T22:13:50.780-0500	DEBUG	protocol/handler.go:581	tryAdvanceRound called	{"{current_round 20 3  <nil>}": {"Key":"self","Type":15,"Integer":0,"String":"a","Interface":null}}
2025-08-15T22:13:50.780-0500	DEBUG	protocol/handler.go:1591	have processed broadcast	{"{round 20 3  <nil>}": {"Key":"from","Type":15,"Integer":0,"String":"b","Interface":null}}
2025-08-15T22:13:50.780-0500	DEBUG	protocol/handler.go:1591	have processed broadcast	{"{round 20 3  <nil>}": {"Key":"from","Type":15,"Integer":0,"String":"c","Interface":null}}
2025-08-15T22:13:50.780-0500	DEBUG	protocol/handler.go:1649	have all messages and processed	{"{round 20 3  <nil>}": {"Key":"self","Type":15,"Integer":0,"String":"a","Interface":null}}
2025-08-15T22:13:50.780-0500	DEBUG	protocol/handler.go:596	round already finalized
2025-08-15T22:13:50.780-0500	DEBUG	protocol/handler.go:581	tryAdvanceRound called	{"{current_round 20 3  <nil>}": {"Key":"self","Type":15,"Integer":0,"String":"b","Interface":null}}
2025-08-15T22:13:50.780-0500	DEBUG	protocol/handler.go:1591	have processed broadcast	{"{round 20 3  <nil>}": {"Key":"from","Type":15,"Integer":0,"String":"a","Interface":null}}
2025-08-15T22:13:50.780-0500	DEBUG	protocol/handler.go:1591	have processed broadcast	{"{round 20 3  <nil>}": {"Key":"from","Type":15,"Integer":0,"String":"c","Interface":null}}
2025-08-15T22:13:50.780-0500	DEBUG	protocol/handler.go:1649	have all messages and processed	{"{round 20 3  <nil>}": {"Key":"self","Type":15,"Integer":0,"String":"b","Interface":null}}
2025-08-15T22:13:50.780-0500	DEBUG	protocol/handler.go:596	round already finalized
2025-08-15T22:13:50.804-0500	DEBUG	protocol/handler.go:581	tryAdvanceRound called	{"{current_round 20 3  <nil>}": {"Key":"self","Type":15,"Integer":0,"String":"a","Interface":null}}
2025-08-15T22:13:50.805-0500	DEBUG	protocol/handler.go:1591	have processed broadcast	{"{round 20 3  <nil>}": {"Key":"from","Type":15,"Integer":0,"String":"b","Interface":null}}
2025-08-15T22:13:50.805-0500	DEBUG	protocol/handler.go:1591	have processed broadcast	{"{round 20 3  <nil>}": {"Key":"from","Type":15,"Integer":0,"String":"c","Interface":null}}
2025-08-15T22:13:50.805-0500	DEBUG	protocol/handler.go:1649	have all messages and processed	{"{round 20 3  <nil>}": {"Key":"self","Type":15,"Integer":0,"String":"a","Interface":null}}
2025-08-15T22:13:50.805-0500	DEBUG	protocol/handler.go:596	round already finalized
2025-08-15T22:13:50.805-0500	DEBUG	protocol/handler.go:581	tryAdvanceRound called	{"{current_round 20 3  <nil>}": {"Key":"self","Type":15,"Integer":0,"String":"c","Interface":null}}
2025-08-15T22:13:50.805-0500	DEBUG	protocol/handler.go:1591	have processed broadcast	{"{round 20 3  <nil>}": {"Key":"from","Type":15,"Integer":0,"String":"a","Interface":null}}
2025-08-15T22:13:50.805-0500	DEBUG	protocol/handler.go:1591	have processed broadcast	{"{round 20 3  <nil>}": {"Key":"from","Type":15,"Integer":0,"String":"b","Interface":null}}
2025-08-15T22:13:50.805-0500	DEBUG	protocol/handler.go:1649	have all messages and processed	{"{round 20 3  <nil>}": {"Key":"self","Type":15,"Integer":0,"String":"c","Interface":null}}
2025-08-15T22:13:50.805-0500	DEBUG	protocol/handler.go:596	round already finalized
2025-08-15T22:13:50.805-0500	DEBUG	protocol/handler.go:581	tryAdvanceRound called	{"{current_round 20 3  <nil>}": {"Key":"self","Type":15,"Integer":0,"String":"b","Interface":null}}
2025-08-15T22:13:50.805-0500	DEBUG	protocol/handler.go:1591	have processed broadcast	{"{round 20 3  <nil>}": {"Key":"from","Type":15,"Integer":0,"String":"a","Interface":null}}
2025-08-15T22:13:50.805-0500	DEBUG	protocol/handler.go:1591	have processed broadcast	{"{round 20 3  <nil>}": {"Key":"from","Type":15,"Integer":0,"String":"c","Interface":null}}
2025-08-15T22:13:50.805-0500	DEBUG	protocol/handler.go:1649	have all messages and processed	{"{round 20 3  <nil>}": {"Key":"self","Type":15,"Integer":0,"String":"b","Interface":null}}
2025-08-15T22:13:50.805-0500	DEBUG	protocol/handler.go:596	round already finalized
2025-08-15T22:13:50.805-0500	DEBUG	protocol/handler.go:581	tryAdvanceRound called	{"{current_round 20 3  <nil>}": {"Key":"self","Type":15,"Integer":0,"String":"b","Interface":null}}
2025-08-15T22:13:50.805-0500	DEBUG	protocol/handler.go:1591	have processed broadcast	{"{round 20 3  <nil>}": {"Key":"from","Type":15,"Integer":0,"String":"a","Interface":null}}
2025-08-15T22:13:50.805-0500	DEBUG	protocol/handler.go:1649	have all messages and processed	{"{round 20 3  <nil>}": {"Key":"self","Type":15,"Integer":0,"String":"b","Interface":null}}
2025-08-15T22:13:50.805-0500	DEBUG	protocol/handler.go:596	round already finalized
2025-08-15T22:13:50.827-0500	DEBUG	protocol/handler.go:581	tryAdvanceRound called	{"{current_round 20 3  <nil>}": {"Key":"self","Type":15,"Integer":0,"String":"b","Interface":null}}
2025-08-15T22:13:50.828-0500	DEBUG	protocol/handler.go:1591	have processed broadcast	{"{round 20 3  <nil>}": {"Key":"from","Type":15,"Integer":0,"String":"a","Interface":null}}
2025-08-15T22:13:50.828-0500	DEBUG	protocol/handler.go:1591	have processed broadcast	{"{round 20 3  <nil>}": {"Key":"from","Type":15,"Integer":0,"String":"c","Interface":null}}
2025-08-15T22:13:50.828-0500	DEBUG	protocol/handler.go:1649	have all messages and processed	{"{round 20 3  <nil>}": {"Key":"self","Type":15,"Integer":0,"String":"b","Interface":null}}
2025-08-15T22:13:50.828-0500	DEBUG	protocol/handler.go:596	round already finalized
2025-08-15T22:13:50.828-0500	DEBUG	protocol/handler.go:581	tryAdvanceRound called	{"{current_round 20 3  <nil>}": {"Key":"self","Type":15,"Integer":0,"String":"b","Interface":null}}
2025-08-15T22:13:50.828-0500	DEBUG	protocol/handler.go:1591	have processed broadcast	{"{round 20 3  <nil>}": {"Key":"from","Type":15,"Integer":0,"String":"a","Interface":null}}
2025-08-15T22:13:50.828-0500	DEBUG	protocol/handler.go:1649	have all messages and processed	{"{round 20 3  <nil>}": {"Key":"self","Type":15,"Integer":0,"String":"b","Interface":null}}
2025-08-15T22:13:50.828-0500	DEBUG	protocol/handler.go:596	round already finalized
2025-08-15T22:13:50.828-0500	DEBUG	protocol/handler.go:581	tryAdvanceRound called	{"{current_round 20 3  <nil>}": {"Key":"self","Type":15,"Integer":0,"String":"a","Interface":null}}
2025-08-15T22:13:50.828-0500	DEBUG	protocol/handler.go:1591	have processed broadcast	{"{round 20 3  <nil>}": {"Key":"from","Type":15,"Integer":0,"String":"b","Interface":null}}
2025-08-15T22:13:50.828-0500	DEBUG	protocol/handler.go:1591	have processed broadcast	{"{round 20 3  <nil>}": {"Key":"from","Type":15,"Integer":0,"String":"c","Interface":null}}
2025-08-15T22:13:50.828-0500	DEBUG	protocol/handler.go:1649	have all messages and processed	{"{round 20 3  <nil>}": {"Key":"self","Type":15,"Integer":0,"String":"a","Interface":null}}
2025-08-15T22:13:50.828-0500	DEBUG	protocol/handler.go:596	round already finalized
2025-08-15T22:13:50.828-0500	DEBUG	protocol/handler.go:581	tryAdvanceRound called	{"{current_round 20 3  <nil>}": {"Key":"self","Type":15,"Integer":0,"String":"c","Interface":null}}
2025-08-15T22:13:50.828-0500	DEBUG	protocol/handler.go:1591	have processed broadcast	{"{round 20 3  <nil>}": {"Key":"from","Type":15,"Integer":0,"String":"a","Interface":null}}
2025-08-15T22:13:50.828-0500	DEBUG	protocol/handler.go:1591	have processed broadcast	{"{round 20 3  <nil>}": {"Key":"from","Type":15,"Integer":0,"String":"b","Interface":null}}
2025-08-15T22:13:50.828-0500	DEBUG	protocol/handler.go:1649	have all messages and processed	{"{round 20 3  <nil>}": {"Key":"self","Type":15,"Integer":0,"String":"c","Interface":null}}
2025-08-15T22:13:50.828-0500	DEBUG	protocol/handler.go:596	round already finalized
2025-08-15T22:13:50.852-0500	DEBUG	protocol/handler.go:581	tryAdvanceRound called	{"{current_round 20 3  <nil>}": {"Key":"self","Type":15,"Integer":0,"String":"a","Interface":null}}
2025-08-15T22:13:50.853-0500	DEBUG	protocol/handler.go:1591	have processed broadcast	{"{round 20 3  <nil>}": {"Key":"from","Type":15,"Integer":0,"String":"b","Interface":null}}
2025-08-15T22:13:50.853-0500	DEBUG	protocol/handler.go:1591	have processed broadcast	{"{round 20 3  <nil>}": {"Key":"from","Type":15,"Integer":0,"String":"c","Interface":null}}
2025-08-15T22:13:50.853-0500	DEBUG	protocol/handler.go:1649	have all messages and processed	{"{round 20 3  <nil>}": {"Key":"self","Type":15,"Integer":0,"String":"a","Interface":null}}
2025-08-15T22:13:50.853-0500	DEBUG	protocol/handler.go:596	round already finalized
2025-08-15T22:13:50.853-0500	DEBUG	protocol/handler.go:581	tryAdvanceRound called	{"{current_round 20 3  <nil>}": {"Key":"self","Type":15,"Integer":0,"String":"c","Interface":null}}
2025-08-15T22:13:50.853-0500	DEBUG	protocol/handler.go:1591	have processed broadcast	{"{round 20 3  <nil>}": {"Key":"from","Type":15,"Integer":0,"String":"a","Interface":null}}
2025-08-15T22:13:50.853-0500	DEBUG	protocol/handler.go:1591	have processed broadcast	{"{round 20 3  <nil>}": {"Key":"from","Type":15,"Integer":0,"String":"b","Interface":null}}
2025-08-15T22:13:50.853-0500	DEBUG	protocol/handler.go:1649	have all messages and processed	{"{round 20 3  <nil>}": {"Key":"self","Type":15,"Integer":0,"String":"c","Interface":null}}
2025-08-15T22:13:50.853-0500	DEBUG	protocol/handler.go:596	round already finalized
2025-08-15T22:13:50.853-0500	DEBUG	protocol/handler.go:581	tryAdvanceRound called	{"{current_round 20 3  <nil>}": {"Key":"self","Type":15,"Integer":0,"String":"b","Interface":null}}
2025-08-15T22:13:50.853-0500	DEBUG	protocol/handler.go:1591	have processed broadcast	{"{round 20 3  <nil>}": {"Key":"from","Type":15,"Integer":0,"String":"a","Interface":null}}
2025-08-15T22:13:50.853-0500	DEBUG	protocol/handler.go:1649	have all messages and processed	{"{round 20 3  <nil>}": {"Key":"self","Type":15,"Integer":0,"String":"b","Interface":null}}
2025-08-15T22:13:50.854-0500	DEBUG	protocol/handler.go:596	round already finalized
2025-08-15T22:13:50.854-0500	DEBUG	protocol/handler.go:581	tryAdvanceRound called	{"{current_round 20 3  <nil>}": {"Key":"self","Type":15,"Integer":0,"String":"b","Interface":null}}
2025-08-15T22:13:50.854-0500	DEBUG	protocol/handler.go:1591	have processed broadcast	{"{round 20 3  <nil>}": {"Key":"from","Type":15,"Integer":0,"String":"a","Interface":null}}
2025-08-15T22:13:50.855-0500	DEBUG	protocol/handler.go:1591	have processed broadcast	{"{round 20 3  <nil>}": {"Key":"from","Type":15,"Integer":0,"String":"c","Interface":null}}
2025-08-15T22:13:50.855-0500	DEBUG	protocol/handler.go:1649	have all messages and processed	{"{round 20 3  <nil>}": {"Key":"self","Type":15,"Integer":0,"String":"b","Interface":null}}
2025-08-15T22:13:50.855-0500	DEBUG	protocol/handler.go:596	round already finalized
2025-08-15T22:13:50.876-0500	DEBUG	protocol/handler.go:581	tryAdvanceRound called	{"{current_round 20 3  <nil>}": {"Key":"self","Type":15,"Integer":0,"String":"c","Interface":null}}
2025-08-15T22:13:50.876-0500	DEBUG	protocol/handler.go:1591	have processed broadcast	{"{round 20 3  <nil>}": {"Key":"from","Type":15,"Integer":0,"String":"a","Interface":null}}
2025-08-15T22:13:50.876-0500	DEBUG	protocol/handler.go:1591	have processed broadcast	{"{round 20 3  <nil>}": {"Key":"from","Type":15,"Integer":0,"String":"b","Interface":null}}
2025-08-15T22:13:50.876-0500	DEBUG	protocol/handler.go:1649	have all messages and processed	{"{round 20 3  <nil>}": {"Key":"self","Type":15,"Integer":0,"String":"c","Interface":null}}
2025-08-15T22:13:50.876-0500	DEBUG	protocol/handler.go:596	round already finalized
2025-08-15T22:13:50.876-0500	DEBUG	protocol/handler.go:581	tryAdvanceRound called	{"{current_round 20 3  <nil>}": {"Key":"self","Type":15,"Integer":0,"String":"b","Interface":null}}
2025-08-15T22:13:50.876-0500	DEBUG	protocol/handler.go:1591	have processed broadcast	{"{round 20 3  <nil>}": {"Key":"from","Type":15,"Integer":0,"String":"a","Interface":null}}
2025-08-15T22:13:50.876-0500	DEBUG	protocol/handler.go:1649	have all messages and processed	{"{round 20 3  <nil>}": {"Key":"self","Type":15,"Integer":0,"String":"b","Interface":null}}
2025-08-15T22:13:50.876-0500	DEBUG	protocol/handler.go:596	round already finalized
2025-08-15T22:13:50.877-0500	DEBUG	protocol/handler.go:581	tryAdvanceRound called	{"{current_round 20 3  <nil>}": {"Key":"self","Type":15,"Integer":0,"String":"b","Interface":null}}
2025-08-15T22:13:50.877-0500	DEBUG	protocol/handler.go:1591	have processed broadcast	{"{round 20 3  <nil>}": {"Key":"from","Type":15,"Integer":0,"String":"a","Interface":null}}
2025-08-15T22:13:50.877-0500	DEBUG	protocol/handler.go:1649	have all messages and processed	{"{round 20 3  <nil>}": {"Key":"self","Type":15,"Integer":0,"String":"b","Interface":null}}
2025-08-15T22:13:50.877-0500	DEBUG	protocol/handler.go:596	round already finalized
2025-08-15T22:13:50.877-0500	DEBUG	protocol/handler.go:581	tryAdvanceRound called	{"{current_round 20 3  <nil>}": {"Key":"self","Type":15,"Integer":0,"String":"a","Interface":null}}
2025-08-15T22:13:50.877-0500	DEBUG	protocol/handler.go:1591	have processed broadcast	{"{round 20 3  <nil>}": {"Key":"from","Type":15,"Integer":0,"String":"b","Interface":null}}
2025-08-15T22:13:50.877-0500	DEBUG	protocol/handler.go:1591	have processed broadcast	{"{round 20 3  <nil>}": {"Key":"from","Type":15,"Integer":0,"String":"c","Interface":null}}
2025-08-15T22:13:50.877-0500	DEBUG	protocol/handler.go:1649	have all messages and processed	{"{round 20 3  <nil>}": {"Key":"self","Type":15,"Integer":0,"String":"a","Interface":null}}
2025-08-15T22:13:50.877-0500	DEBUG	protocol/handler.go:596	round already finalized
2025-08-15T22:13:50.877-0500	DEBUG	protocol/handler.go:581	tryAdvanceRound called	{"{current_round 20 3  <nil>}": {"Key":"self","Type":15,"Integer":0,"String":"a","Interface":null}}
2025-08-15T22:13:50.877-0500	DEBUG	protocol/handler.go:1591	have processed broadcast	{"{round 20 3  <nil>}": {"Key":"from","Type":15,"Integer":0,"String":"b","Interface":null}}
2025-08-15T22:13:50.877-0500	DEBUG	protocol/handler.go:1591	have processed broadcast	{"{round 20 3  <nil>}": {"Key":"from","Type":15,"Integer":0,"String":"c","Interface":null}}
2025-08-15T22:13:50.877-0500	DEBUG	protocol/handler.go:1649	have all messages and processed	{"{round 20 3  <nil>}": {"Key":"self","Type":15,"Integer":0,"String":"a","Interface":null}}
2025-08-15T22:13:50.877-0500	DEBUG	protocol/handler.go:596	round already finalized
2025-08-15T22:13:50.877-0500	DEBUG	protocol/handler.go:581	tryAdvanceRound called	{"{current_round 20 3  <nil>}": {"Key":"self","Type":15,"Integer":0,"String":"b","Interface":null}}
2025-08-15T22:13:50.877-0500	DEBUG	protocol/handler.go:1591	have processed broadcast	{"{round 20 3  <nil>}": {"Key":"from","Type":15,"Integer":0,"String":"a","Interface":null}}
2025-08-15T22:13:50.878-0500	DEBUG	protocol/handler.go:1591	have processed broadcast	{"{round 20 3  <nil>}": {"Key":"from","Type":15,"Integer":0,"String":"c","Interface":null}}
2025-08-15T22:13:50.878-0500	DEBUG	protocol/handler.go:1649	have all messages and processed	{"{round 20 3  <nil>}": {"Key":"self","Type":15,"Integer":0,"String":"b","Interface":null}}
2025-08-15T22:13:50.878-0500	DEBUG	protocol/handler.go:596	round already finalized
2025-08-15T22:13:50.898-0500	DEBUG	protocol/handler.go:581	tryAdvanceRound called	{"{current_round 20 3  <nil>}": {"Key":"self","Type":15,"Integer":0,"String":"a","Interface":null}}
2025-08-15T22:13:50.899-0500	DEBUG	protocol/handler.go:1591	have processed broadcast	{"{round 20 3  <nil>}": {"Key":"from","Type":15,"Integer":0,"String":"b","Interface":null}}
2025-08-15T22:13:50.899-0500	DEBUG	protocol/handler.go:1591	have processed broadcast	{"{round 20 3  <nil>}": {"Key":"from","Type":15,"Integer":0,"String":"c","Interface":null}}
2025-08-15T22:13:50.899-0500	DEBUG	protocol/handler.go:1649	have all messages and processed	{"{round 20 3  <nil>}": {"Key":"self","Type":15,"Integer":0,"String":"a","Interface":null}}
2025-08-15T22:13:50.899-0500	DEBUG	protocol/handler.go:596	round already finalized
2025-08-15T22:13:50.899-0500	DEBUG	protocol/handler.go:581	tryAdvanceRound called	{"{current_round 20 3  <nil>}": {"Key":"self","Type":15,"Integer":0,"String":"b","Interface":null}}
2025-08-15T22:13:50.899-0500	DEBUG	protocol/handler.go:1591	have processed broadcast	{"{round 20 3  <nil>}": {"Key":"from","Type":15,"Integer":0,"String":"a","Interface":null}}
2025-08-15T22:13:50.899-0500	DEBUG	protocol/handler.go:1591	have processed broadcast	{"{round 20 3  <nil>}": {"Key":"from","Type":15,"Integer":0,"String":"c","Interface":null}}
2025-08-15T22:13:50.899-0500	DEBUG	protocol/handler.go:1649	have all messages and processed	{"{round 20 3  <nil>}": {"Key":"self","Type":15,"Integer":0,"String":"b","Interface":null}}
2025-08-15T22:13:50.899-0500	DEBUG	protocol/handler.go:596	round already finalized
2025-08-15T22:13:50.899-0500	DEBUG	protocol/handler.go:581	tryAdvanceRound called	{"{current_round 20 3  <nil>}": {"Key":"self","Type":15,"Integer":0,"String":"c","Interface":null}}
2025-08-15T22:13:50.899-0500	DEBUG	protocol/handler.go:1591	have processed broadcast	{"{round 20 3  <nil>}": {"Key":"from","Type":15,"Integer":0,"String":"a","Interface":null}}
2025-08-15T22:13:50.899-0500	DEBUG	protocol/handler.go:1591	have processed broadcast	{"{round 20 3  <nil>}": {"Key":"from","Type":15,"Integer":0,"String":"b","Interface":null}}
2025-08-15T22:13:50.899-0500	DEBUG	protocol/handler.go:1649	have all messages and processed	{"{round 20 3  <nil>}": {"Key":"self","Type":15,"Integer":0,"String":"c","Interface":null}}
2025-08-15T22:13:50.899-0500	DEBUG	protocol/handler.go:596	round already finalized
2025-08-15T22:13:50.933-0500	DEBUG	protocol/handler.go:581	tryAdvanceRound called	{"{current_round 20 3  <nil>}": {"Key":"self","Type":15,"Integer":0,"String":"c","Interface":null}}
2025-08-15T22:13:50.933-0500	DEBUG	protocol/handler.go:1591	have processed broadcast	{"{round 20 3  <nil>}": {"Key":"from","Type":15,"Integer":0,"String":"a","Interface":null}}
2025-08-15T22:13:50.933-0500	DEBUG	protocol/handler.go:1591	have processed broadcast	{"{round 20 3  <nil>}": {"Key":"from","Type":15,"Integer":0,"String":"b","Interface":null}}
2025-08-15T22:13:50.933-0500	DEBUG	protocol/handler.go:1649	have all messages and processed	{"{round 20 3  <nil>}": {"Key":"self","Type":15,"Integer":0,"String":"c","Interface":null}}
2025-08-15T22:13:50.933-0500	DEBUG	protocol/handler.go:596	round already finalized
2025-08-15T22:13:50.933-0500	DEBUG	protocol/handler.go:581	tryAdvanceRound called	{"{current_round 20 3  <nil>}": {"Key":"self","Type":15,"Integer":0,"String":"b","Interface":null}}
2025-08-15T22:13:50.933-0500	DEBUG	protocol/handler.go:1591	have processed broadcast	{"{round 20 3  <nil>}": {"Key":"from","Type":15,"Integer":0,"String":"a","Interface":null}}
2025-08-15T22:13:50.933-0500	DEBUG	protocol/handler.go:1649	have all messages and processed	{"{round 20 3  <nil>}": {"Key":"self","Type":15,"Integer":0,"String":"b","Interface":null}}
2025-08-15T22:13:50.933-0500	DEBUG	protocol/handler.go:596	round already finalized
2025-08-15T22:13:50.933-0500	DEBUG	protocol/handler.go:581	tryAdvanceRound called	{"{current_round 20 3  <nil>}": {"Key":"self","Type":15,"Integer":0,"String":"b","Interface":null}}
2025-08-15T22:13:50.934-0500	DEBUG	protocol/handler.go:1591	have processed broadcast	{"{round 20 3  <nil>}": {"Key":"from","Type":15,"Integer":0,"String":"a","Interface":null}}
2025-08-15T22:13:50.934-0500	DEBUG	protocol/handler.go:1649	have all messages and processed	{"{round 20 3  <nil>}": {"Key":"self","Type":15,"Integer":0,"String":"b","Interface":null}}
2025-08-15T22:13:50.934-0500	DEBUG	protocol/handler.go:596	round already finalized
2025-08-15T22:13:50.934-0500	DEBUG	protocol/handler.go:581	tryAdvanceRound called	{"{current_round 20 3  <nil>}": {"Key":"self","Type":15,"Integer":0,"String":"b","Interface":null}}
2025-08-15T22:13:50.934-0500	DEBUG	protocol/handler.go:1591	have processed broadcast	{"{round 20 3  <nil>}": {"Key":"from","Type":15,"Integer":0,"String":"a","Interface":null}}
2025-08-15T22:13:50.934-0500	DEBUG	protocol/handler.go:1591	have processed broadcast	{"{round 20 3  <nil>}": {"Key":"from","Type":15,"Integer":0,"String":"c","Interface":null}}
2025-08-15T22:13:50.934-0500	DEBUG	protocol/handler.go:1649	have all messages and processed	{"{round 20 3  <nil>}": {"Key":"self","Type":15,"Integer":0,"String":"b","Interface":null}}
2025-08-15T22:13:50.934-0500	DEBUG	protocol/handler.go:596	round already finalized
2025-08-15T22:13:50.934-0500	DEBUG	protocol/handler.go:581	tryAdvanceRound called	{"{current_round 20 3  <nil>}": {"Key":"self","Type":15,"Integer":0,"String":"a","Interface":null}}
2025-08-15T22:13:50.934-0500	DEBUG	protocol/handler.go:1591	have processed broadcast	{"{round 20 3  <nil>}": {"Key":"from","Type":15,"Integer":0,"String":"b","Interface":null}}
2025-08-15T22:13:50.934-0500	DEBUG	protocol/handler.go:1591	have processed broadcast	{"{round 20 3  <nil>}": {"Key":"from","Type":15,"Integer":0,"String":"c","Interface":null}}
2025-08-15T22:13:50.934-0500	DEBUG	protocol/handler.go:1649	have all messages and processed	{"{round 20 3  <nil>}": {"Key":"self","Type":15,"Integer":0,"String":"a","Interface":null}}
2025-08-15T22:13:50.934-0500	DEBUG	protocol/handler.go:596	round already finalized
2025-08-15T22:13:50.959-0500	DEBUG	protocol/handler.go:581	tryAdvanceRound called	{"{current_round 20 3  <nil>}": {"Key":"self","Type":15,"Integer":0,"String":"c","Interface":null}}
2025-08-15T22:13:50.959-0500	DEBUG	protocol/handler.go:1591	have processed broadcast	{"{round 20 3  <nil>}": {"Key":"from","Type":15,"Integer":0,"String":"a","Interface":null}}
2025-08-15T22:13:50.959-0500	DEBUG	protocol/handler.go:1591	have processed broadcast	{"{round 20 3  <nil>}": {"Key":"from","Type":15,"Integer":0,"String":"b","Interface":null}}
2025-08-15T22:13:50.959-0500	DEBUG	protocol/handler.go:1649	have all messages and processed	{"{round 20 3  <nil>}": {"Key":"self","Type":15,"Integer":0,"String":"c","Interface":null}}
2025-08-15T22:13:50.959-0500	DEBUG	protocol/handler.go:596	round already finalized
2025-08-15T22:13:50.959-0500	DEBUG	protocol/handler.go:581	tryAdvanceRound called	{"{current_round 20 3  <nil>}": {"Key":"self","Type":15,"Integer":0,"String":"b","Interface":null}}
2025-08-15T22:13:50.959-0500	DEBUG	protocol/handler.go:1591	have processed broadcast	{"{round 20 3  <nil>}": {"Key":"from","Type":15,"Integer":0,"String":"a","Interface":null}}
2025-08-15T22:13:50.959-0500	DEBUG	protocol/handler.go:1649	have all messages and processed	{"{round 20 3  <nil>}": {"Key":"self","Type":15,"Integer":0,"String":"b","Interface":null}}
2025-08-15T22:13:50.959-0500	DEBUG	protocol/handler.go:596	round already finalized
2025-08-15T22:13:50.959-0500	DEBUG	protocol/handler.go:581	tryAdvanceRound called	{"{current_round 20 3  <nil>}": {"Key":"self","Type":15,"Integer":0,"String":"a","Interface":null}}
2025-08-15T22:13:50.959-0500	DEBUG	protocol/handler.go:1591	have processed broadcast	{"{round 20 3  <nil>}": {"Key":"from","Type":15,"Integer":0,"String":"b","Interface":null}}
2025-08-15T22:13:50.959-0500	DEBUG	protocol/handler.go:1591	have processed broadcast	{"{round 20 3  <nil>}": {"Key":"from","Type":15,"Integer":0,"String":"c","Interface":null}}
2025-08-15T22:13:50.959-0500	DEBUG	protocol/handler.go:1649	have all messages and processed	{"{round 20 3  <nil>}": {"Key":"self","Type":15,"Integer":0,"String":"a","Interface":null}}
2025-08-15T22:13:50.959-0500	DEBUG	protocol/handler.go:596	round already finalized
2025-08-15T22:13:50.959-0500	DEBUG	protocol/handler.go:581	tryAdvanceRound called	{"{current_round 20 3  <nil>}": {"Key":"self","Type":15,"Integer":0,"String":"b","Interface":null}}
2025-08-15T22:13:50.959-0500	DEBUG	protocol/handler.go:1591	have processed broadcast	{"{round 20 3  <nil>}": {"Key":"from","Type":15,"Integer":0,"String":"a","Interface":null}}
2025-08-15T22:13:50.959-0500	DEBUG	protocol/handler.go:1591	have processed broadcast	{"{round 20 3  <nil>}": {"Key":"from","Type":15,"Integer":0,"String":"c","Interface":null}}
2025-08-15T22:13:50.959-0500	DEBUG	protocol/handler.go:1649	have all messages and processed	{"{round 20 3  <nil>}": {"Key":"self","Type":15,"Integer":0,"String":"b","Interface":null}}
2025-08-15T22:13:50.959-0500	DEBUG	protocol/handler.go:596	round already finalized
2025-08-15T22:13:50.983-0500	DEBUG	protocol/handler.go:581	tryAdvanceRound called	{"{current_round 20 3  <nil>}": {"Key":"self","Type":15,"Integer":0,"String":"b","Interface":null}}
2025-08-15T22:13:50.986-0500	DEBUG	protocol/handler.go:1591	have processed broadcast	{"{round 20 3  <nil>}": {"Key":"from","Type":15,"Integer":0,"String":"a","Interface":null}}
2025-08-15T22:13:50.986-0500	DEBUG	protocol/handler.go:1649	have all messages and processed	{"{round 20 3  <nil>}": {"Key":"self","Type":15,"Integer":0,"String":"b","Interface":null}}
2025-08-15T22:13:50.987-0500	DEBUG	protocol/handler.go:596	round already finalized
2025-08-15T22:13:50.987-0500	DEBUG	protocol/handler.go:581	tryAdvanceRound called	{"{current_round 20 3  <nil>}": {"Key":"self","Type":15,"Integer":0,"String":"b","Interface":null}}
2025-08-15T22:13:50.987-0500	DEBUG	protocol/handler.go:1591	have processed broadcast	{"{round 20 3  <nil>}": {"Key":"from","Type":15,"Integer":0,"String":"a","Interface":null}}
2025-08-15T22:13:50.987-0500	DEBUG	protocol/handler.go:1591	have processed broadcast	{"{round 20 3  <nil>}": {"Key":"from","Type":15,"Integer":0,"String":"c","Interface":null}}
2025-08-15T22:13:50.987-0500	DEBUG	protocol/handler.go:1649	have all messages and processed	{"{round 20 3  <nil>}": {"Key":"self","Type":15,"Integer":0,"String":"b","Interface":null}}
2025-08-15T22:13:50.987-0500	DEBUG	protocol/handler.go:596	round already finalized
2025-08-15T22:13:50.987-0500	DEBUG	protocol/handler.go:581	tryAdvanceRound called	{"{current_round 20 3  <nil>}": {"Key":"self","Type":15,"Integer":0,"String":"c","Interface":null}}
2025-08-15T22:13:50.987-0500	DEBUG	protocol/handler.go:1591	have processed broadcast	{"{round 20 3  <nil>}": {"Key":"from","Type":15,"Integer":0,"String":"a","Interface":null}}
2025-08-15T22:13:50.987-0500	DEBUG	protocol/handler.go:1591	have processed broadcast	{"{round 20 3  <nil>}": {"Key":"from","Type":15,"Integer":0,"String":"b","Interface":null}}
2025-08-15T22:13:50.987-0500	DEBUG	protocol/handler.go:1649	have all messages and processed	{"{round 20 3  <nil>}": {"Key":"self","Type":15,"Integer":0,"String":"c","Interface":null}}
2025-08-15T22:13:50.987-0500	DEBUG	protocol/handler.go:596	round already finalized
2025-08-15T22:13:50.987-0500	DEBUG	protocol/handler.go:581	tryAdvanceRound called	{"{current_round 20 3  <nil>}": {"Key":"self","Type":15,"Integer":0,"String":"a","Interface":null}}
2025-08-15T22:13:50.987-0500	DEBUG	protocol/handler.go:1591	have processed broadcast	{"{round 20 3  <nil>}": {"Key":"from","Type":15,"Integer":0,"String":"b","Interface":null}}
2025-08-15T22:13:50.987-0500	DEBUG	protocol/handler.go:1591	have processed broadcast	{"{round 20 3  <nil>}": {"Key":"from","Type":15,"Integer":0,"String":"c","Interface":null}}
2025-08-15T22:13:50.987-0500	DEBUG	protocol/handler.go:1649	have all messages and processed	{"{round 20 3  <nil>}": {"Key":"self","Type":15,"Integer":0,"String":"a","Interface":null}}
2025-08-15T22:13:50.987-0500	DEBUG	protocol/handler.go:596	round already finalized
2025-08-15T22:13:50.988-0500	DEBUG	protocol/handler.go:581	tryAdvanceRound called	{"{current_round 20 3  <nil>}": {"Key":"self","Type":15,"Integer":0,"String":"a","Interface":null}}
2025-08-15T22:13:50.988-0500	DEBUG	protocol/handler.go:1591	have processed broadcast	{"{round 20 3  <nil>}": {"Key":"from","Type":15,"Integer":0,"String":"b","Interface":null}}
2025-08-15T22:13:50.988-0500	DEBUG	protocol/handler.go:1591	have processed broadcast	{"{round 20 3  <nil>}": {"Key":"from","Type":15,"Integer":0,"String":"c","Interface":null}}
2025-08-15T22:13:50.988-0500	DEBUG	protocol/handler.go:1649	have all messages and processed	{"{round 20 3  <nil>}": {"Key":"self","Type":15,"Integer":0,"String":"a","Interface":null}}
2025-08-15T22:13:50.988-0500	DEBUG	protocol/handler.go:596	round already finalized
2025-08-15T22:13:50.988-0500	DEBUG	protocol/handler.go:581	tryAdvanceRound called	{"{current_round 20 3  <nil>}": {"Key":"self","Type":15,"Integer":0,"String":"b","Interface":null}}
2025-08-15T22:13:50.988-0500	DEBUG	protocol/handler.go:1591	have processed broadcast	{"{round 20 3  <nil>}": {"Key":"from","Type":15,"Integer":0,"String":"a","Interface":null}}
2025-08-15T22:13:50.988-0500	DEBUG	protocol/handler.go:1649	have all messages and processed	{"{round 20 3  <nil>}": {"Key":"self","Type":15,"Integer":0,"String":"b","Interface":null}}
2025-08-15T22:13:50.988-0500	DEBUG	protocol/handler.go:596	round already finalized
2025-08-15T22:13:51.008-0500	DEBUG	protocol/handler.go:581	tryAdvanceRound called	{"{current_round 20 3  <nil>}": {"Key":"self","Type":15,"Integer":0,"String":"a","Interface":null}}
2025-08-15T22:13:51.008-0500	DEBUG	protocol/handler.go:1591	have processed broadcast	{"{round 20 3  <nil>}": {"Key":"from","Type":15,"Integer":0,"String":"b","Interface":null}}
2025-08-15T22:13:51.008-0500	DEBUG	protocol/handler.go:1591	have processed broadcast	{"{round 20 3  <nil>}": {"Key":"from","Type":15,"Integer":0,"String":"c","Interface":null}}
2025-08-15T22:13:51.008-0500	DEBUG	protocol/handler.go:1649	have all messages and processed	{"{round 20 3  <nil>}": {"Key":"self","Type":15,"Integer":0,"String":"a","Interface":null}}
2025-08-15T22:13:51.009-0500	DEBUG	protocol/handler.go:596	round already finalized
2025-08-15T22:13:51.009-0500	DEBUG	protocol/handler.go:581	tryAdvanceRound called	{"{current_round 20 3  <nil>}": {"Key":"self","Type":15,"Integer":0,"String":"b","Interface":null}}
2025-08-15T22:13:51.009-0500	DEBUG	protocol/handler.go:1591	have processed broadcast	{"{round 20 3  <nil>}": {"Key":"from","Type":15,"Integer":0,"String":"a","Interface":null}}
2025-08-15T22:13:51.009-0500	DEBUG	protocol/handler.go:1591	have processed broadcast	{"{round 20 3  <nil>}": {"Key":"from","Type":15,"Integer":0,"String":"c","Interface":null}}
2025-08-15T22:13:51.009-0500	DEBUG	protocol/handler.go:1649	have all messages and processed	{"{round 20 3  <nil>}": {"Key":"self","Type":15,"Integer":0,"String":"b","Interface":null}}
2025-08-15T22:13:51.009-0500	DEBUG	protocol/handler.go:596	round already finalized
2025-08-15T22:13:51.009-0500	DEBUG	protocol/handler.go:581	tryAdvanceRound called	{"{current_round 20 3  <nil>}": {"Key":"self","Type":15,"Integer":0,"String":"c","Interface":null}}
2025-08-15T22:13:51.009-0500	DEBUG	protocol/handler.go:1591	have processed broadcast	{"{round 20 3  <nil>}": {"Key":"from","Type":15,"Integer":0,"String":"a","Interface":null}}
2025-08-15T22:13:51.009-0500	DEBUG	protocol/handler.go:1591	have processed broadcast	{"{round 20 3  <nil>}": {"Key":"from","Type":15,"Integer":0,"String":"b","Interface":null}}
2025-08-15T22:13:51.009-0500	DEBUG	protocol/handler.go:1649	have all messages and processed	{"{round 20 3  <nil>}": {"Key":"self","Type":15,"Integer":0,"String":"c","Interface":null}}
2025-08-15T22:13:51.009-0500	DEBUG	protocol/handler.go:596	round already finalized
2025-08-15T22:13:51.009-0500	DEBUG	protocol/handler.go:581	tryAdvanceRound called	{"{current_round 20 3  <nil>}": {"Key":"self","Type":15,"Integer":0,"String":"b","Interface":null}}
2025-08-15T22:13:51.009-0500	DEBUG	protocol/handler.go:1591	have processed broadcast	{"{round 20 3  <nil>}": {"Key":"from","Type":15,"Integer":0,"String":"a","Interface":null}}
2025-08-15T22:13:51.009-0500	DEBUG	protocol/handler.go:1649	have all messages and processed	{"{round 20 3  <nil>}": {"Key":"self","Type":15,"Integer":0,"String":"b","Interface":null}}
2025-08-15T22:13:51.009-0500	DEBUG	protocol/handler.go:596	round already finalized
2025-08-15T22:13:51.039-0500	DEBUG	protocol/handler.go:581	tryAdvanceRound called	{"{current_round 20 3  <nil>}": {"Key":"self","Type":15,"Integer":0,"String":"a","Interface":null}}
2025-08-15T22:13:51.040-0500	DEBUG	protocol/handler.go:1591	have processed broadcast	{"{round 20 3  <nil>}": {"Key":"from","Type":15,"Integer":0,"String":"b","Interface":null}}
2025-08-15T22:13:51.040-0500	DEBUG	protocol/handler.go:1591	have processed broadcast	{"{round 20 3  <nil>}": {"Key":"from","Type":15,"Integer":0,"String":"c","Interface":null}}
2025-08-15T22:13:51.041-0500	DEBUG	protocol/handler.go:1649	have all messages and processed	{"{round 20 3  <nil>}": {"Key":"self","Type":15,"Integer":0,"String":"a","Interface":null}}
2025-08-15T22:13:51.041-0500	DEBUG	protocol/handler.go:596	round already finalized
2025-08-15T22:13:51.041-0500	DEBUG	protocol/handler.go:581	tryAdvanceRound called	{"{current_round 20 3  <nil>}": {"Key":"self","Type":15,"Integer":0,"String":"b","Interface":null}}
2025-08-15T22:13:51.041-0500	DEBUG	protocol/handler.go:1591	have processed broadcast	{"{round 20 3  <nil>}": {"Key":"from","Type":15,"Integer":0,"String":"a","Interface":null}}
2025-08-15T22:13:51.041-0500	DEBUG	protocol/handler.go:1591	have processed broadcast	{"{round 20 3  <nil>}": {"Key":"from","Type":15,"Integer":0,"String":"c","Interface":null}}
2025-08-15T22:13:51.041-0500	DEBUG	protocol/handler.go:1649	have all messages and processed	{"{round 20 3  <nil>}": {"Key":"self","Type":15,"Integer":0,"String":"b","Interface":null}}
2025-08-15T22:13:51.041-0500	DEBUG	protocol/handler.go:596	round already finalized
2025-08-15T22:13:51.041-0500	DEBUG	protocol/handler.go:581	tryAdvanceRound called	{"{current_round 20 3  <nil>}": {"Key":"self","Type":15,"Integer":0,"String":"b","Interface":null}}
2025-08-15T22:13:51.041-0500	DEBUG	protocol/handler.go:1591	have processed broadcast	{"{round 20 3  <nil>}": {"Key":"from","Type":15,"Integer":0,"String":"a","Interface":null}}
2025-08-15T22:13:51.041-0500	DEBUG	protocol/handler.go:1591	have processed broadcast	{"{round 20 3  <nil>}": {"Key":"from","Type":15,"Integer":0,"String":"c","Interface":null}}
2025-08-15T22:13:51.041-0500	DEBUG	protocol/handler.go:1649	have all messages and processed	{"{round 20 3  <nil>}": {"Key":"self","Type":15,"Integer":0,"String":"b","Interface":null}}
2025-08-15T22:13:51.041-0500	DEBUG	protocol/handler.go:596	round already finalized
2025-08-15T22:13:51.042-0500	DEBUG	protocol/handler.go:581	tryAdvanceRound called	{"{current_round 20 3  <nil>}": {"Key":"self","Type":15,"Integer":0,"String":"b","Interface":null}}
2025-08-15T22:13:51.042-0500	DEBUG	protocol/handler.go:1591	have processed broadcast	{"{round 20 3  <nil>}": {"Key":"from","Type":15,"Integer":0,"String":"a","Interface":null}}
2025-08-15T22:13:51.042-0500	DEBUG	protocol/handler.go:1649	have all messages and processed	{"{round 20 3  <nil>}": {"Key":"self","Type":15,"Integer":0,"String":"b","Interface":null}}
2025-08-15T22:13:51.042-0500	DEBUG	protocol/handler.go:596	round already finalized
2025-08-15T22:13:51.042-0500	DEBUG	protocol/handler.go:581	tryAdvanceRound called	{"{current_round 20 3  <nil>}": {"Key":"self","Type":15,"Integer":0,"String":"c","Interface":null}}
2025-08-15T22:13:51.042-0500	DEBUG	protocol/handler.go:1591	have processed broadcast	{"{round 20 3  <nil>}": {"Key":"from","Type":15,"Integer":0,"String":"a","Interface":null}}
2025-08-15T22:13:51.042-0500	DEBUG	protocol/handler.go:1591	have processed broadcast	{"{round 20 3  <nil>}": {"Key":"from","Type":15,"Integer":0,"String":"b","Interface":null}}
2025-08-15T22:13:51.042-0500	DEBUG	protocol/handler.go:1649	have all messages and processed	{"{round 20 3  <nil>}": {"Key":"self","Type":15,"Integer":0,"String":"c","Interface":null}}
2025-08-15T22:13:51.042-0500	DEBUG	protocol/handler.go:596	round already finalized
2025-08-15T22:13:51.042-0500	DEBUG	protocol/handler.go:581	tryAdvanceRound called	{"{current_round 20 3  <nil>}": {"Key":"self","Type":15,"Integer":0,"String":"c","Interface":null}}
2025-08-15T22:13:51.042-0500	DEBUG	protocol/handler.go:1591	have processed broadcast	{"{round 20 3  <nil>}": {"Key":"from","Type":15,"Integer":0,"String":"a","Interface":null}}
2025-08-15T22:13:51.042-0500	DEBUG	protocol/handler.go:1591	have processed broadcast	{"{round 20 3  <nil>}": {"Key":"from","Type":15,"Integer":0,"String":"b","Interface":null}}
2025-08-15T22:13:51.042-0500	DEBUG	protocol/handler.go:1649	have all messages and processed	{"{round 20 3  <nil>}": {"Key":"self","Type":15,"Integer":0,"String":"c","Interface":null}}
2025-08-15T22:13:51.042-0500	DEBUG	protocol/handler.go:596	round already finalized
2025-08-15T22:13:51.057-0500	DEBUG	protocol/handler.go:581	tryAdvanceRound called	{"{current_round 20 3  <nil>}": {"Key":"self","Type":15,"Integer":0,"String":"c","Interface":null}}
2025-08-15T22:13:51.057-0500	DEBUG	protocol/handler.go:1591	have processed broadcast	{"{round 20 3  <nil>}": {"Key":"from","Type":15,"Integer":0,"String":"a","Interface":null}}
2025-08-15T22:13:51.057-0500	DEBUG	protocol/handler.go:1591	have processed broadcast	{"{round 20 3  <nil>}": {"Key":"from","Type":15,"Integer":0,"String":"b","Interface":null}}
2025-08-15T22:13:51.058-0500	DEBUG	protocol/handler.go:1649	have all messages and processed	{"{round 20 3  <nil>}": {"Key":"self","Type":15,"Integer":0,"String":"c","Interface":null}}
2025-08-15T22:13:51.058-0500	DEBUG	protocol/handler.go:596	round already finalized
2025-08-15T22:13:51.058-0500	DEBUG	protocol/handler.go:581	tryAdvanceRound called	{"{current_round 20 3  <nil>}": {"Key":"self","Type":15,"Integer":0,"String":"b","Interface":null}}
2025-08-15T22:13:51.058-0500	DEBUG	protocol/handler.go:1591	have processed broadcast	{"{round 20 3  <nil>}": {"Key":"from","Type":15,"Integer":0,"String":"a","Interface":null}}
2025-08-15T22:13:51.058-0500	DEBUG	protocol/handler.go:1649	have all messages and processed	{"{round 20 3  <nil>}": {"Key":"self","Type":15,"Integer":0,"String":"b","Interface":null}}
2025-08-15T22:13:51.058-0500	DEBUG	protocol/handler.go:596	round already finalized
2025-08-15T22:13:51.058-0500	DEBUG	protocol/handler.go:581	tryAdvanceRound called	{"{current_round 20 3  <nil>}": {"Key":"self","Type":15,"Integer":0,"String":"a","Interface":null}}
2025-08-15T22:13:51.058-0500	DEBUG	protocol/handler.go:1591	have processed broadcast	{"{round 20 3  <nil>}": {"Key":"from","Type":15,"Integer":0,"String":"b","Interface":null}}
2025-08-15T22:13:51.058-0500	DEBUG	protocol/handler.go:1591	have processed broadcast	{"{round 20 3  <nil>}": {"Key":"from","Type":15,"Integer":0,"String":"c","Interface":null}}
2025-08-15T22:13:51.058-0500	DEBUG	protocol/handler.go:1649	have all messages and processed	{"{round 20 3  <nil>}": {"Key":"self","Type":15,"Integer":0,"String":"a","Interface":null}}
2025-08-15T22:13:51.058-0500	DEBUG	protocol/handler.go:596	round already finalized
2025-08-15T22:13:51.058-0500	DEBUG	protocol/handler.go:581	tryAdvanceRound called	{"{current_round 20 3  <nil>}": {"Key":"self","Type":15,"Integer":0,"String":"b","Interface":null}}
2025-08-15T22:13:51.058-0500	DEBUG	protocol/handler.go:1591	have processed broadcast	{"{round 20 3  <nil>}": {"Key":"from","Type":15,"Integer":0,"String":"a","Interface":null}}
2025-08-15T22:13:51.058-0500	DEBUG	protocol/handler.go:1591	have processed broadcast	{"{round 20 3  <nil>}": {"Key":"from","Type":15,"Integer":0,"String":"c","Interface":null}}
2025-08-15T22:13:51.058-0500	DEBUG	protocol/handler.go:1649	have all messages and processed	{"{round 20 3  <nil>}": {"Key":"self","Type":15,"Integer":0,"String":"b","Interface":null}}
2025-08-15T22:13:51.059-0500	DEBUG	protocol/handler.go:596	round already finalized
2025-08-15T22:13:51.081-0500	DEBUG	protocol/handler.go:581	tryAdvanceRound called	{"{current_round 20 3  <nil>}": {"Key":"self","Type":15,"Integer":0,"String":"a","Interface":null}}
2025-08-15T22:13:51.081-0500	DEBUG	protocol/handler.go:1591	have processed broadcast	{"{round 20 3  <nil>}": {"Key":"from","Type":15,"Integer":0,"String":"b","Interface":null}}
2025-08-15T22:13:51.081-0500	DEBUG	protocol/handler.go:1591	have processed broadcast	{"{round 20 3  <nil>}": {"Key":"from","Type":15,"Integer":0,"String":"c","Interface":null}}
2025-08-15T22:13:51.081-0500	DEBUG	protocol/handler.go:1649	have all messages and processed	{"{round 20 3  <nil>}": {"Key":"self","Type":15,"Integer":0,"String":"a","Interface":null}}
2025-08-15T22:13:51.081-0500	DEBUG	protocol/handler.go:596	round already finalized
2025-08-15T22:13:51.081-0500	DEBUG	protocol/handler.go:581	tryAdvanceRound called	{"{current_round 20 3  <nil>}": {"Key":"self","Type":15,"Integer":0,"String":"b","Interface":null}}
2025-08-15T22:13:51.081-0500	DEBUG	protocol/handler.go:1591	have processed broadcast	{"{round 20 3  <nil>}": {"Key":"from","Type":15,"Integer":0,"String":"a","Interface":null}}
2025-08-15T22:13:51.081-0500	DEBUG	protocol/handler.go:1591	have processed broadcast	{"{round 20 3  <nil>}": {"Key":"from","Type":15,"Integer":0,"String":"c","Interface":null}}
2025-08-15T22:13:51.081-0500	DEBUG	protocol/handler.go:1649	have all messages and processed	{"{round 20 3  <nil>}": {"Key":"self","Type":15,"Integer":0,"String":"b","Interface":null}}
2025-08-15T22:13:51.081-0500	DEBUG	protocol/handler.go:596	round already finalized
2025-08-15T22:13:51.081-0500	DEBUG	protocol/handler.go:581	tryAdvanceRound called	{"{current_round 20 3  <nil>}": {"Key":"self","Type":15,"Integer":0,"String":"c","Interface":null}}
2025-08-15T22:13:51.081-0500	DEBUG	protocol/handler.go:1591	have processed broadcast	{"{round 20 3  <nil>}": {"Key":"from","Type":15,"Integer":0,"String":"a","Interface":null}}
2025-08-15T22:13:51.082-0500	DEBUG	protocol/handler.go:1591	have processed broadcast	{"{round 20 3  <nil>}": {"Key":"from","Type":15,"Integer":0,"String":"b","Interface":null}}
2025-08-15T22:13:51.082-0500	DEBUG	protocol/handler.go:1649	have all messages and processed	{"{round 20 3  <nil>}": {"Key":"self","Type":15,"Integer":0,"String":"c","Interface":null}}
2025-08-15T22:13:51.082-0500	DEBUG	protocol/handler.go:596	round already finalized
2025-08-15T22:13:51.082-0500	DEBUG	protocol/handler.go:581	tryAdvanceRound called	{"{current_round 20 3  <nil>}": {"Key":"self","Type":15,"Integer":0,"String":"c","Interface":null}}
2025-08-15T22:13:51.082-0500	DEBUG	protocol/handler.go:1591	have processed broadcast	{"{round 20 3  <nil>}": {"Key":"from","Type":15,"Integer":0,"String":"a","Interface":null}}
2025-08-15T22:13:51.082-0500	DEBUG	protocol/handler.go:1591	have processed broadcast	{"{round 20 3  <nil>}": {"Key":"from","Type":15,"Integer":0,"String":"b","Interface":null}}
2025-08-15T22:13:51.082-0500	DEBUG	protocol/handler.go:1649	have all messages and processed	{"{round 20 3  <nil>}": {"Key":"self","Type":15,"Integer":0,"String":"c","Interface":null}}
2025-08-15T22:13:51.082-0500	DEBUG	protocol/handler.go:596	round already finalized
2025-08-15T22:13:51.082-0500	DEBUG	protocol/handler.go:581	tryAdvanceRound called	{"{current_round 20 3  <nil>}": {"Key":"self","Type":15,"Integer":0,"String":"b","Interface":null}}
2025-08-15T22:13:51.083-0500	DEBUG	protocol/handler.go:1591	have processed broadcast	{"{round 20 3  <nil>}": {"Key":"from","Type":15,"Integer":0,"String":"a","Interface":null}}
2025-08-15T22:13:51.083-0500	DEBUG	protocol/handler.go:1649	have all messages and processed	{"{round 20 3  <nil>}": {"Key":"self","Type":15,"Integer":0,"String":"b","Interface":null}}
2025-08-15T22:13:51.083-0500	DEBUG	protocol/handler.go:596	round already finalized
2025-08-15T22:13:51.105-0500	DEBUG	protocol/handler.go:581	tryAdvanceRound called	{"{current_round 20 3  <nil>}": {"Key":"self","Type":15,"Integer":0,"String":"c","Interface":null}}
2025-08-15T22:13:51.105-0500	DEBUG	protocol/handler.go:1591	have processed broadcast	{"{round 20 3  <nil>}": {"Key":"from","Type":15,"Integer":0,"String":"a","Interface":null}}
2025-08-15T22:13:51.105-0500	DEBUG	protocol/handler.go:1591	have processed broadcast	{"{round 20 3  <nil>}": {"Key":"from","Type":15,"Integer":0,"String":"b","Interface":null}}
2025-08-15T22:13:51.105-0500	DEBUG	protocol/handler.go:1649	have all messages and processed	{"{round 20 3  <nil>}": {"Key":"self","Type":15,"Integer":0,"String":"c","Interface":null}}
2025-08-15T22:13:51.105-0500	DEBUG	protocol/handler.go:596	round already finalized
2025-08-15T22:13:51.105-0500	DEBUG	protocol/handler.go:581	tryAdvanceRound called	{"{current_round 20 3  <nil>}": {"Key":"self","Type":15,"Integer":0,"String":"b","Interface":null}}
2025-08-15T22:13:51.105-0500	DEBUG	protocol/handler.go:1591	have processed broadcast	{"{round 20 3  <nil>}": {"Key":"from","Type":15,"Integer":0,"String":"a","Interface":null}}
2025-08-15T22:13:51.105-0500	DEBUG	protocol/handler.go:1649	have all messages and processed	{"{round 20 3  <nil>}": {"Key":"self","Type":15,"Integer":0,"String":"b","Interface":null}}
2025-08-15T22:13:51.105-0500	DEBUG	protocol/handler.go:596	round already finalized
2025-08-15T22:13:51.105-0500	DEBUG	protocol/handler.go:581	tryAdvanceRound called	{"{current_round 20 3  <nil>}": {"Key":"self","Type":15,"Integer":0,"String":"a","Interface":null}}
2025-08-15T22:13:51.105-0500	DEBUG	protocol/handler.go:1591	have processed broadcast	{"{round 20 3  <nil>}": {"Key":"from","Type":15,"Integer":0,"String":"b","Interface":null}}
2025-08-15T22:13:51.105-0500	DEBUG	protocol/handler.go:1591	have processed broadcast	{"{round 20 3  <nil>}": {"Key":"from","Type":15,"Integer":0,"String":"c","Interface":null}}
2025-08-15T22:13:51.105-0500	DEBUG	protocol/handler.go:1649	have all messages and processed	{"{round 20 3  <nil>}": {"Key":"self","Type":15,"Integer":0,"String":"a","Interface":null}}
2025-08-15T22:13:51.106-0500	DEBUG	protocol/handler.go:596	round already finalized
2025-08-15T22:13:51.106-0500	DEBUG	protocol/handler.go:581	tryAdvanceRound called	{"{current_round 20 3  <nil>}": {"Key":"self","Type":15,"Integer":0,"String":"b","Interface":null}}
2025-08-15T22:13:51.106-0500	DEBUG	protocol/handler.go:1591	have processed broadcast	{"{round 20 3  <nil>}": {"Key":"from","Type":15,"Integer":0,"String":"a","Interface":null}}
2025-08-15T22:13:51.106-0500	DEBUG	protocol/handler.go:1591	have processed broadcast	{"{round 20 3  <nil>}": {"Key":"from","Type":15,"Integer":0,"String":"c","Interface":null}}
2025-08-15T22:13:51.106-0500	DEBUG	protocol/handler.go:1649	have all messages and processed	{"{round 20 3  <nil>}": {"Key":"self","Type":15,"Integer":0,"String":"b","Interface":null}}
2025-08-15T22:13:51.106-0500	DEBUG	protocol/handler.go:596	round already finalized
2025-08-15T22:13:51.126-0500	DEBUG	protocol/handler.go:581	tryAdvanceRound called	{"{current_round 20 3  <nil>}": {"Key":"self","Type":15,"Integer":0,"String":"c","Interface":null}}
2025-08-15T22:13:51.126-0500	DEBUG	protocol/handler.go:1591	have processed broadcast	{"{round 20 3  <nil>}": {"Key":"from","Type":15,"Integer":0,"String":"a","Interface":null}}
2025-08-15T22:13:51.126-0500	DEBUG	protocol/handler.go:1591	have processed broadcast	{"{round 20 3  <nil>}": {"Key":"from","Type":15,"Integer":0,"String":"b","Interface":null}}
2025-08-15T22:13:51.126-0500	DEBUG	protocol/handler.go:1649	have all messages and processed	{"{round 20 3  <nil>}": {"Key":"self","Type":15,"Integer":0,"String":"c","Interface":null}}
2025-08-15T22:13:51.126-0500	DEBUG	protocol/handler.go:596	round already finalized
2025-08-15T22:13:51.126-0500	DEBUG	protocol/handler.go:581	tryAdvanceRound called	{"{current_round 20 3  <nil>}": {"Key":"self","Type":15,"Integer":0,"String":"a","Interface":null}}
2025-08-15T22:13:51.126-0500	DEBUG	protocol/handler.go:1591	have processed broadcast	{"{round 20 3  <nil>}": {"Key":"from","Type":15,"Integer":0,"String":"b","Interface":null}}
2025-08-15T22:13:51.127-0500	DEBUG	protocol/handler.go:1591	have processed broadcast	{"{round 20 3  <nil>}": {"Key":"from","Type":15,"Integer":0,"String":"c","Interface":null}}
2025-08-15T22:13:51.127-0500	DEBUG	protocol/handler.go:1649	have all messages and processed	{"{round 20 3  <nil>}": {"Key":"self","Type":15,"Integer":0,"String":"a","Interface":null}}
2025-08-15T22:13:51.127-0500	DEBUG	protocol/handler.go:596	round already finalized
2025-08-15T22:13:51.127-0500	DEBUG	protocol/handler.go:581	tryAdvanceRound called	{"{current_round 20 3  <nil>}": {"Key":"self","Type":15,"Integer":0,"String":"a","Interface":null}}
2025-08-15T22:13:51.129-0500	DEBUG	protocol/handler.go:1591	have processed broadcast	{"{round 20 3  <nil>}": {"Key":"from","Type":15,"Integer":0,"String":"b","Interface":null}}
2025-08-15T22:13:51.129-0500	DEBUG	protocol/handler.go:1591	have processed broadcast	{"{round 20 3  <nil>}": {"Key":"from","Type":15,"Integer":0,"String":"c","Interface":null}}
2025-08-15T22:13:51.135-0500	DEBUG	protocol/handler.go:1649	have all messages and processed	{"{round 20 3  <nil>}": {"Key":"self","Type":15,"Integer":0,"String":"a","Interface":null}}
2025-08-15T22:13:51.136-0500	DEBUG	protocol/handler.go:596	round already finalized
2025-08-15T22:13:51.136-0500	DEBUG	protocol/handler.go:581	tryAdvanceRound called	{"{current_round 20 3  <nil>}": {"Key":"self","Type":15,"Integer":0,"String":"c","Interface":null}}
2025-08-15T22:13:51.136-0500	DEBUG	protocol/handler.go:1591	have processed broadcast	{"{round 20 3  <nil>}": {"Key":"from","Type":15,"Integer":0,"String":"a","Interface":null}}
2025-08-15T22:13:51.136-0500	DEBUG	protocol/handler.go:1591	have processed broadcast	{"{round 20 3  <nil>}": {"Key":"from","Type":15,"Integer":0,"String":"b","Interface":null}}
2025-08-15T22:13:51.136-0500	DEBUG	protocol/handler.go:1649	have all messages and processed	{"{round 20 3  <nil>}": {"Key":"self","Type":15,"Integer":0,"String":"c","Interface":null}}
2025-08-15T22:13:51.136-0500	DEBUG	protocol/handler.go:596	round already finalized
2025-08-15T22:13:51.136-0500	DEBUG	protocol/handler.go:581	tryAdvanceRound called	{"{current_round 20 3  <nil>}": {"Key":"self","Type":15,"Integer":0,"String":"b","Interface":null}}
2025-08-15T22:13:51.136-0500	DEBUG	protocol/handler.go:1591	have processed broadcast	{"{round 20 3  <nil>}": {"Key":"from","Type":15,"Integer":0,"String":"a","Interface":null}}
2025-08-15T22:13:51.137-0500	DEBUG	protocol/handler.go:1591	have processed broadcast	{"{round 20 3  <nil>}": {"Key":"from","Type":15,"Integer":0,"String":"c","Interface":null}}
2025-08-15T22:13:51.137-0500	DEBUG	protocol/handler.go:1649	have all messages and processed	{"{round 20 3  <nil>}": {"Key":"self","Type":15,"Integer":0,"String":"b","Interface":null}}
2025-08-15T22:13:51.137-0500	DEBUG	protocol/handler.go:596	round already finalized
2025-08-15T22:13:51.137-0500	DEBUG	protocol/handler.go:581	tryAdvanceRound called	{"{current_round 20 3  <nil>}": {"Key":"self","Type":15,"Integer":0,"String":"b","Interface":null}}
2025-08-15T22:13:51.137-0500	DEBUG	protocol/handler.go:1591	have processed broadcast	{"{round 20 3  <nil>}": {"Key":"from","Type":15,"Integer":0,"String":"a","Interface":null}}
2025-08-15T22:13:51.137-0500	DEBUG	protocol/handler.go:1591	have processed broadcast	{"{round 20 3  <nil>}": {"Key":"from","Type":15,"Integer":0,"String":"c","Interface":null}}
2025-08-15T22:13:51.137-0500	DEBUG	protocol/handler.go:1649	have all messages and processed	{"{round 20 3  <nil>}": {"Key":"self","Type":15,"Integer":0,"String":"b","Interface":null}}
2025-08-15T22:13:51.137-0500	DEBUG	protocol/handler.go:596	round already finalized
2025-08-15T22:13:51.137-0500	DEBUG	protocol/handler.go:581	tryAdvanceRound called	{"{current_round 20 3  <nil>}": {"Key":"self","Type":15,"Integer":0,"String":"a","Interface":null}}
2025-08-15T22:13:51.138-0500	DEBUG	protocol/handler.go:1591	have processed broadcast	{"{round 20 3  <nil>}": {"Key":"from","Type":15,"Integer":0,"String":"b","Interface":null}}
2025-08-15T22:13:51.138-0500	DEBUG	protocol/handler.go:1591	have processed broadcast	{"{round 20 3  <nil>}": {"Key":"from","Type":15,"Integer":0,"String":"c","Interface":null}}
2025-08-15T22:13:51.138-0500	DEBUG	protocol/handler.go:1649	have all messages and processed	{"{round 20 3  <nil>}": {"Key":"self","Type":15,"Integer":0,"String":"a","Interface":null}}
2025-08-15T22:13:51.138-0500	DEBUG	protocol/handler.go:596	round already finalized
2025-08-15T22:13:51.138-0500	DEBUG	protocol/handler.go:581	tryAdvanceRound called	{"{current_round 20 3  <nil>}": {"Key":"self","Type":15,"Integer":0,"String":"b","Interface":null}}
2025-08-15T22:13:51.138-0500	DEBUG	protocol/handler.go:1591	have processed broadcast	{"{round 20 3  <nil>}": {"Key":"from","Type":15,"Integer":0,"String":"a","Interface":null}}
2025-08-15T22:13:51.138-0500	DEBUG	protocol/handler.go:1649	have all messages and processed	{"{round 20 3  <nil>}": {"Key":"self","Type":15,"Integer":0,"String":"b","Interface":null}}
2025-08-15T22:13:51.138-0500	DEBUG	protocol/handler.go:596	round already finalized
2025-08-15T22:13:51.138-0500	DEBUG	protocol/handler.go:581	tryAdvanceRound called	{"{current_round 20 3  <nil>}": {"Key":"self","Type":15,"Integer":0,"String":"b","Interface":null}}
2025-08-15T22:13:51.138-0500	DEBUG	protocol/handler.go:1591	have processed broadcast	{"{round 20 3  <nil>}": {"Key":"from","Type":15,"Integer":0,"String":"a","Interface":null}}
2025-08-15T22:13:51.138-0500	DEBUG	protocol/handler.go:1649	have all messages and processed	{"{round 20 3  <nil>}": {"Key":"self","Type":15,"Integer":0,"String":"b","Interface":null}}
2025-08-15T22:13:51.138-0500	DEBUG	protocol/handler.go:596	round already finalized
2025-08-15T22:13:51.159-0500	DEBUG	protocol/handler.go:581	tryAdvanceRound called	{"{current_round 20 3  <nil>}": {"Key":"self","Type":15,"Integer":0,"String":"a","Interface":null}}
2025-08-15T22:13:51.160-0500	DEBUG	protocol/handler.go:1591	have processed broadcast	{"{round 20 3  <nil>}": {"Key":"from","Type":15,"Integer":0,"String":"b","Interface":null}}
2025-08-15T22:13:51.160-0500	DEBUG	protocol/handler.go:1591	have processed broadcast	{"{round 20 3  <nil>}": {"Key":"from","Type":15,"Integer":0,"String":"c","Interface":null}}
2025-08-15T22:13:51.160-0500	DEBUG	protocol/handler.go:1649	have all messages and processed	{"{round 20 3  <nil>}": {"Key":"self","Type":15,"Integer":0,"String":"a","Interface":null}}
2025-08-15T22:13:51.160-0500	DEBUG	protocol/handler.go:596	round already finalized
2025-08-15T22:13:51.160-0500	DEBUG	protocol/handler.go:581	tryAdvanceRound called	{"{current_round 20 3  <nil>}": {"Key":"self","Type":15,"Integer":0,"String":"b","Interface":null}}
2025-08-15T22:13:51.160-0500	DEBUG	protocol/handler.go:1591	have processed broadcast	{"{round 20 3  <nil>}": {"Key":"from","Type":15,"Integer":0,"String":"a","Interface":null}}
2025-08-15T22:13:51.160-0500	DEBUG	protocol/handler.go:1591	have processed broadcast	{"{round 20 3  <nil>}": {"Key":"from","Type":15,"Integer":0,"String":"c","Interface":null}}
2025-08-15T22:13:51.160-0500	DEBUG	protocol/handler.go:1649	have all messages and processed	{"{round 20 3  <nil>}": {"Key":"self","Type":15,"Integer":0,"String":"b","Interface":null}}
2025-08-15T22:13:51.160-0500	DEBUG	protocol/handler.go:596	round already finalized
2025-08-15T22:13:51.160-0500	DEBUG	protocol/handler.go:581	tryAdvanceRound called	{"{current_round 20 3  <nil>}": {"Key":"self","Type":15,"Integer":0,"String":"b","Interface":null}}
2025-08-15T22:13:51.160-0500	DEBUG	protocol/handler.go:1591	have processed broadcast	{"{round 20 3  <nil>}": {"Key":"from","Type":15,"Integer":0,"String":"a","Interface":null}}
2025-08-15T22:13:51.160-0500	DEBUG	protocol/handler.go:1649	have all messages and processed	{"{round 20 3  <nil>}": {"Key":"self","Type":15,"Integer":0,"String":"b","Interface":null}}
2025-08-15T22:13:51.160-0500	DEBUG	protocol/handler.go:596	round already finalized
2025-08-15T22:13:51.160-0500	DEBUG	protocol/handler.go:581	tryAdvanceRound called	{"{current_round 20 3  <nil>}": {"Key":"self","Type":15,"Integer":0,"String":"c","Interface":null}}
2025-08-15T22:13:51.160-0500	DEBUG	protocol/handler.go:1591	have processed broadcast	{"{round 20 3  <nil>}": {"Key":"from","Type":15,"Integer":0,"String":"a","Interface":null}}
2025-08-15T22:13:51.160-0500	DEBUG	protocol/handler.go:1591	have processed broadcast	{"{round 20 3  <nil>}": {"Key":"from","Type":15,"Integer":0,"String":"b","Interface":null}}
2025-08-15T22:13:51.160-0500	DEBUG	protocol/handler.go:1649	have all messages and processed	{"{round 20 3  <nil>}": {"Key":"self","Type":15,"Integer":0,"String":"c","Interface":null}}
2025-08-15T22:13:51.160-0500	DEBUG	protocol/handler.go:596	round already finalized
2025-08-15T22:13:51.182-0500	DEBUG	protocol/handler.go:581	tryAdvanceRound called	{"{current_round 20 3  <nil>}": {"Key":"self","Type":15,"Integer":0,"String":"b","Interface":null}}
2025-08-15T22:13:51.182-0500	DEBUG	protocol/handler.go:1591	have processed broadcast	{"{round 20 3  <nil>}": {"Key":"from","Type":15,"Integer":0,"String":"a","Interface":null}}
2025-08-15T22:13:51.182-0500	DEBUG	protocol/handler.go:1649	have all messages and processed	{"{round 20 3  <nil>}": {"Key":"self","Type":15,"Integer":0,"String":"b","Interface":null}}
2025-08-15T22:13:51.182-0500	DEBUG	protocol/handler.go:596	round already finalized
2025-08-15T22:13:51.182-0500	DEBUG	protocol/handler.go:581	tryAdvanceRound called	{"{current_round 20 3  <nil>}": {"Key":"self","Type":15,"Integer":0,"String":"b","Interface":null}}
2025-08-15T22:13:51.182-0500	DEBUG	protocol/handler.go:1591	have processed broadcast	{"{round 20 3  <nil>}": {"Key":"from","Type":15,"Integer":0,"String":"a","Interface":null}}
2025-08-15T22:13:51.182-0500	DEBUG	protocol/handler.go:1591	have processed broadcast	{"{round 20 3  <nil>}": {"Key":"from","Type":15,"Integer":0,"String":"c","Interface":null}}
2025-08-15T22:13:51.182-0500	DEBUG	protocol/handler.go:1649	have all messages and processed	{"{round 20 3  <nil>}": {"Key":"self","Type":15,"Integer":0,"String":"b","Interface":null}}
2025-08-15T22:13:51.182-0500	DEBUG	protocol/handler.go:596	round already finalized
2025-08-15T22:13:51.182-0500	DEBUG	protocol/handler.go:581	tryAdvanceRound called	{"{current_round 20 3  <nil>}": {"Key":"self","Type":15,"Integer":0,"String":"c","Interface":null}}
2025-08-15T22:13:51.182-0500	DEBUG	protocol/handler.go:1591	have processed broadcast	{"{round 20 3  <nil>}": {"Key":"from","Type":15,"Integer":0,"String":"a","Interface":null}}
2025-08-15T22:13:51.182-0500	DEBUG	protocol/handler.go:1591	have processed broadcast	{"{round 20 3  <nil>}": {"Key":"from","Type":15,"Integer":0,"String":"b","Interface":null}}
2025-08-15T22:13:51.182-0500	DEBUG	protocol/handler.go:1649	have all messages and processed	{"{round 20 3  <nil>}": {"Key":"self","Type":15,"Integer":0,"String":"c","Interface":null}}
2025-08-15T22:13:51.182-0500	DEBUG	protocol/handler.go:596	round already finalized
2025-08-15T22:13:51.182-0500	DEBUG	protocol/handler.go:581	tryAdvanceRound called	{"{current_round 20 3  <nil>}": {"Key":"self","Type":15,"Integer":0,"String":"a","Interface":null}}
2025-08-15T22:13:51.183-0500	DEBUG	protocol/handler.go:1591	have processed broadcast	{"{round 20 3  <nil>}": {"Key":"from","Type":15,"Integer":0,"String":"b","Interface":null}}
2025-08-15T22:13:51.183-0500	DEBUG	protocol/handler.go:1591	have processed broadcast	{"{round 20 3  <nil>}": {"Key":"from","Type":15,"Integer":0,"String":"c","Interface":null}}
2025-08-15T22:13:51.183-0500	DEBUG	protocol/handler.go:1649	have all messages and processed	{"{round 20 3  <nil>}": {"Key":"self","Type":15,"Integer":0,"String":"a","Interface":null}}
2025-08-15T22:13:51.183-0500	DEBUG	protocol/handler.go:596	round already finalized
2025-08-15T22:13:51.206-0500	DEBUG	protocol/handler.go:581	tryAdvanceRound called	{"{current_round 20 3  <nil>}": {"Key":"self","Type":15,"Integer":0,"String":"c","Interface":null}}
2025-08-15T22:13:51.206-0500	DEBUG	protocol/handler.go:1591	have processed broadcast	{"{round 20 3  <nil>}": {"Key":"from","Type":15,"Integer":0,"String":"a","Interface":null}}
2025-08-15T22:13:51.206-0500	DEBUG	protocol/handler.go:1591	have processed broadcast	{"{round 20 3  <nil>}": {"Key":"from","Type":15,"Integer":0,"String":"b","Interface":null}}
2025-08-15T22:13:51.207-0500	DEBUG	protocol/handler.go:1649	have all messages and processed	{"{round 20 3  <nil>}": {"Key":"self","Type":15,"Integer":0,"String":"c","Interface":null}}
2025-08-15T22:13:51.207-0500	DEBUG	protocol/handler.go:596	round already finalized
2025-08-15T22:13:51.207-0500	DEBUG	protocol/handler.go:581	tryAdvanceRound called	{"{current_round 20 3  <nil>}": {"Key":"self","Type":15,"Integer":0,"String":"b","Interface":null}}
2025-08-15T22:13:51.207-0500	DEBUG	protocol/handler.go:1591	have processed broadcast	{"{round 20 3  <nil>}": {"Key":"from","Type":15,"Integer":0,"String":"a","Interface":null}}
2025-08-15T22:13:51.207-0500	DEBUG	protocol/handler.go:1649	have all messages and processed	{"{round 20 3  <nil>}": {"Key":"self","Type":15,"Integer":0,"String":"b","Interface":null}}
2025-08-15T22:13:51.207-0500	DEBUG	protocol/handler.go:596	round already finalized
2025-08-15T22:13:51.207-0500	DEBUG	protocol/handler.go:581	tryAdvanceRound called	{"{current_round 20 3  <nil>}": {"Key":"self","Type":15,"Integer":0,"String":"a","Interface":null}}
2025-08-15T22:13:51.207-0500	DEBUG	protocol/handler.go:1591	have processed broadcast	{"{round 20 3  <nil>}": {"Key":"from","Type":15,"Integer":0,"String":"b","Interface":null}}
2025-08-15T22:13:51.207-0500	DEBUG	protocol/handler.go:1591	have processed broadcast	{"{round 20 3  <nil>}": {"Key":"from","Type":15,"Integer":0,"String":"c","Interface":null}}
2025-08-15T22:13:51.207-0500	DEBUG	protocol/handler.go:1649	have all messages and processed	{"{round 20 3  <nil>}": {"Key":"self","Type":15,"Integer":0,"String":"a","Interface":null}}
2025-08-15T22:13:51.207-0500	DEBUG	protocol/handler.go:596	round already finalized
2025-08-15T22:13:51.207-0500	DEBUG	protocol/handler.go:581	tryAdvanceRound called	{"{current_round 20 3  <nil>}": {"Key":"self","Type":15,"Integer":0,"String":"b","Interface":null}}
2025-08-15T22:13:51.207-0500	DEBUG	protocol/handler.go:1591	have processed broadcast	{"{round 20 3  <nil>}": {"Key":"from","Type":15,"Integer":0,"String":"a","Interface":null}}
2025-08-15T22:13:51.207-0500	DEBUG	protocol/handler.go:1591	have processed broadcast	{"{round 20 3  <nil>}": {"Key":"from","Type":15,"Integer":0,"String":"c","Interface":null}}
2025-08-15T22:13:51.207-0500	DEBUG	protocol/handler.go:1649	have all messages and processed	{"{round 20 3  <nil>}": {"Key":"self","Type":15,"Integer":0,"String":"b","Interface":null}}
2025-08-15T22:13:51.207-0500	DEBUG	protocol/handler.go:596	round already finalized
2025-08-15T22:13:51.279-0500	DEBUG	protocol/handler.go:581	tryAdvanceRound called	{"{current_round 20 3  <nil>}": {"Key":"self","Type":15,"Integer":0,"String":"b","Interface":null}}
2025-08-15T22:13:51.279-0500	DEBUG	protocol/handler.go:1591	have processed broadcast	{"{round 20 3  <nil>}": {"Key":"from","Type":15,"Integer":0,"String":"a","Interface":null}}
2025-08-15T22:13:51.279-0500	DEBUG	protocol/handler.go:1591	have processed broadcast	{"{round 20 3  <nil>}": {"Key":"from","Type":15,"Integer":0,"String":"c","Interface":null}}
2025-08-15T22:13:51.279-0500	DEBUG	protocol/handler.go:1649	have all messages and processed	{"{round 20 3  <nil>}": {"Key":"self","Type":15,"Integer":0,"String":"b","Interface":null}}
2025-08-15T22:13:51.279-0500	DEBUG	protocol/handler.go:596	round already finalized
2025-08-15T22:13:51.279-0500	DEBUG	protocol/handler.go:581	tryAdvanceRound called	{"{current_round 20 3  <nil>}": {"Key":"self","Type":15,"Integer":0,"String":"b","Interface":null}}
2025-08-15T22:13:51.279-0500	DEBUG	protocol/handler.go:1591	have processed broadcast	{"{round 20 3  <nil>}": {"Key":"from","Type":15,"Integer":0,"String":"a","Interface":null}}
2025-08-15T22:13:51.279-0500	DEBUG	protocol/handler.go:1649	have all messages and processed	{"{round 20 3  <nil>}": {"Key":"self","Type":15,"Integer":0,"String":"b","Interface":null}}
2025-08-15T22:13:51.279-0500	DEBUG	protocol/handler.go:596	round already finalized
2025-08-15T22:13:51.279-0500	DEBUG	protocol/handler.go:581	tryAdvanceRound called	{"{current_round 20 3  <nil>}": {"Key":"self","Type":15,"Integer":0,"String":"a","Interface":null}}
2025-08-15T22:13:51.279-0500	DEBUG	protocol/handler.go:1591	have processed broadcast	{"{round 20 3  <nil>}": {"Key":"from","Type":15,"Integer":0,"String":"b","Interface":null}}
2025-08-15T22:13:51.279-0500	DEBUG	protocol/handler.go:1591	have processed broadcast	{"{round 20 3  <nil>}": {"Key":"from","Type":15,"Integer":0,"String":"c","Interface":null}}
2025-08-15T22:13:51.279-0500	DEBUG	protocol/handler.go:1649	have all messages and processed	{"{round 20 3  <nil>}": {"Key":"self","Type":15,"Integer":0,"String":"a","Interface":null}}
2025-08-15T22:13:51.279-0500	DEBUG	protocol/handler.go:596	round already finalized
2025-08-15T22:13:51.280-0500	DEBUG	protocol/handler.go:581	tryAdvanceRound called	{"{current_round 20 3  <nil>}": {"Key":"self","Type":15,"Integer":0,"String":"c","Interface":null}}
2025-08-15T22:13:51.280-0500	DEBUG	protocol/handler.go:1591	have processed broadcast	{"{round 20 3  <nil>}": {"Key":"from","Type":15,"Integer":0,"String":"a","Interface":null}}
2025-08-15T22:13:51.280-0500	DEBUG	protocol/handler.go:1591	have processed broadcast	{"{round 20 3  <nil>}": {"Key":"from","Type":15,"Integer":0,"String":"b","Interface":null}}
2025-08-15T22:13:51.280-0500	DEBUG	protocol/handler.go:1649	have all messages and processed	{"{round 20 3  <nil>}": {"Key":"self","Type":15,"Integer":0,"String":"c","Interface":null}}
2025-08-15T22:13:51.280-0500	DEBUG	protocol/handler.go:596	round already finalized
2025-08-15T22:13:51.335-0500	DEBUG	protocol/handler.go:581	tryAdvanceRound called	{"{current_round 20 3  <nil>}": {"Key":"self","Type":15,"Integer":0,"String":"a","Interface":null}}
2025-08-15T22:13:51.335-0500	DEBUG	protocol/handler.go:1591	have processed broadcast	{"{round 20 3  <nil>}": {"Key":"from","Type":15,"Integer":0,"String":"b","Interface":null}}
2025-08-15T22:13:51.336-0500	DEBUG	protocol/handler.go:1591	have processed broadcast	{"{round 20 3  <nil>}": {"Key":"from","Type":15,"Integer":0,"String":"c","Interface":null}}
2025-08-15T22:13:51.336-0500	DEBUG	protocol/handler.go:1649	have all messages and processed	{"{round 20 3  <nil>}": {"Key":"self","Type":15,"Integer":0,"String":"a","Interface":null}}
2025-08-15T22:13:51.336-0500	DEBUG	protocol/handler.go:596	round already finalized
2025-08-15T22:13:51.336-0500	DEBUG	protocol/handler.go:581	tryAdvanceRound called	{"{current_round 20 3  <nil>}": {"Key":"self","Type":15,"Integer":0,"String":"a","Interface":null}}
2025-08-15T22:13:51.336-0500	DEBUG	protocol/handler.go:1591	have processed broadcast	{"{round 20 3  <nil>}": {"Key":"from","Type":15,"Integer":0,"String":"b","Interface":null}}
2025-08-15T22:13:51.336-0500	DEBUG	protocol/handler.go:1591	have processed broadcast	{"{round 20 3  <nil>}": {"Key":"from","Type":15,"Integer":0,"String":"c","Interface":null}}
2025-08-15T22:13:51.336-0500	DEBUG	protocol/handler.go:1649	have all messages and processed	{"{round 20 3  <nil>}": {"Key":"self","Type":15,"Integer":0,"String":"a","Interface":null}}
2025-08-15T22:13:51.336-0500	DEBUG	protocol/handler.go:596	round already finalized
2025-08-15T22:13:51.336-0500	DEBUG	protocol/handler.go:581	tryAdvanceRound called	{"{current_round 20 3  <nil>}": {"Key":"self","Type":15,"Integer":0,"String":"a","Interface":null}}
2025-08-15T22:13:51.337-0500	DEBUG	protocol/handler.go:1591	have processed broadcast	{"{round 20 3  <nil>}": {"Key":"from","Type":15,"Integer":0,"String":"b","Interface":null}}
2025-08-15T22:13:51.337-0500	DEBUG	protocol/handler.go:1591	have processed broadcast	{"{round 20 3  <nil>}": {"Key":"from","Type":15,"Integer":0,"String":"c","Interface":null}}
2025-08-15T22:13:51.337-0500	DEBUG	protocol/handler.go:1649	have all messages and processed	{"{round 20 3  <nil>}": {"Key":"self","Type":15,"Integer":0,"String":"a","Interface":null}}
2025-08-15T22:13:51.337-0500	DEBUG	protocol/handler.go:596	round already finalized
2025-08-15T22:13:51.337-0500	DEBUG	protocol/handler.go:581	tryAdvanceRound called	{"{current_round 20 3  <nil>}": {"Key":"self","Type":15,"Integer":0,"String":"c","Interface":null}}
2025-08-15T22:13:51.340-0500	DEBUG	protocol/handler.go:1591	have processed broadcast	{"{round 20 3  <nil>}": {"Key":"from","Type":15,"Integer":0,"String":"a","Interface":null}}
2025-08-15T22:13:51.340-0500	DEBUG	protocol/handler.go:1591	have processed broadcast	{"{round 20 3  <nil>}": {"Key":"from","Type":15,"Integer":0,"String":"b","Interface":null}}
2025-08-15T22:13:51.340-0500	DEBUG	protocol/handler.go:1649	have all messages and processed	{"{round 20 3  <nil>}": {"Key":"self","Type":15,"Integer":0,"String":"c","Interface":null}}
2025-08-15T22:13:51.340-0500	DEBUG	protocol/handler.go:596	round already finalized
2025-08-15T22:13:51.341-0500	DEBUG	protocol/handler.go:581	tryAdvanceRound called	{"{current_round 20 3  <nil>}": {"Key":"self","Type":15,"Integer":0,"String":"c","Interface":null}}
2025-08-15T22:13:51.341-0500	DEBUG	protocol/handler.go:1591	have processed broadcast	{"{round 20 3  <nil>}": {"Key":"from","Type":15,"Integer":0,"String":"a","Interface":null}}
2025-08-15T22:13:51.341-0500	DEBUG	protocol/handler.go:1591	have processed broadcast	{"{round 20 3  <nil>}": {"Key":"from","Type":15,"Integer":0,"String":"b","Interface":null}}
2025-08-15T22:13:51.341-0500	DEBUG	protocol/handler.go:1649	have all messages and processed	{"{round 20 3  <nil>}": {"Key":"self","Type":15,"Integer":0,"String":"c","Interface":null}}
2025-08-15T22:13:51.341-0500	DEBUG	protocol/handler.go:596	round already finalized
2025-08-15T22:13:51.341-0500	DEBUG	protocol/handler.go:581	tryAdvanceRound called	{"{current_round 20 3  <nil>}": {"Key":"self","Type":15,"Integer":0,"String":"b","Interface":null}}
2025-08-15T22:13:51.342-0500	DEBUG	protocol/handler.go:1591	have processed broadcast	{"{round 20 3  <nil>}": {"Key":"from","Type":15,"Integer":0,"String":"a","Interface":null}}
2025-08-15T22:13:51.342-0500	DEBUG	protocol/handler.go:1649	have all messages and processed	{"{round 20 3  <nil>}": {"Key":"self","Type":15,"Integer":0,"String":"b","Interface":null}}
2025-08-15T22:13:51.342-0500	DEBUG	protocol/handler.go:596	round already finalized
2025-08-15T22:13:51.342-0500	DEBUG	protocol/handler.go:581	tryAdvanceRound called	{"{current_round 20 3  <nil>}": {"Key":"self","Type":15,"Integer":0,"String":"b","Interface":null}}
2025-08-15T22:13:51.342-0500	DEBUG	protocol/handler.go:1591	have processed broadcast	{"{round 20 3  <nil>}": {"Key":"from","Type":15,"Integer":0,"String":"a","Interface":null}}
2025-08-15T22:13:51.342-0500	DEBUG	protocol/handler.go:1649	have all messages and processed	{"{round 20 3  <nil>}": {"Key":"self","Type":15,"Integer":0,"String":"b","Interface":null}}
2025-08-15T22:13:51.342-0500	DEBUG	protocol/handler.go:596	round already finalized
2025-08-15T22:13:51.342-0500	DEBUG	protocol/handler.go:581	tryAdvanceRound called	{"{current_round 20 3  <nil>}": {"Key":"self","Type":15,"Integer":0,"String":"b","Interface":null}}
2025-08-15T22:13:51.342-0500	DEBUG	protocol/handler.go:1591	have processed broadcast	{"{round 20 3  <nil>}": {"Key":"from","Type":15,"Integer":0,"String":"a","Interface":null}}
2025-08-15T22:13:51.342-0500	DEBUG	protocol/handler.go:1591	have processed broadcast	{"{round 20 3  <nil>}": {"Key":"from","Type":15,"Integer":0,"String":"c","Interface":null}}
2025-08-15T22:13:51.342-0500	DEBUG	protocol/handler.go:1649	have all messages and processed	{"{round 20 3  <nil>}": {"Key":"self","Type":15,"Integer":0,"String":"b","Interface":null}}
2025-08-15T22:13:51.342-0500	DEBUG	protocol/handler.go:596	round already finalized
2025-08-15T22:13:51.342-0500	DEBUG	protocol/handler.go:581	tryAdvanceRound called	{"{current_round 20 3  <nil>}": {"Key":"self","Type":15,"Integer":0,"String":"b","Interface":null}}
2025-08-15T22:13:51.343-0500	DEBUG	protocol/handler.go:1591	have processed broadcast	{"{round 20 3  <nil>}": {"Key":"from","Type":15,"Integer":0,"String":"a","Interface":null}}
2025-08-15T22:13:51.343-0500	DEBUG	protocol/handler.go:1591	have processed broadcast	{"{round 20 3  <nil>}": {"Key":"from","Type":15,"Integer":0,"String":"c","Interface":null}}
2025-08-15T22:13:51.343-0500	DEBUG	protocol/handler.go:1649	have all messages and processed	{"{round 20 3  <nil>}": {"Key":"self","Type":15,"Integer":0,"String":"b","Interface":null}}
2025-08-15T22:13:51.343-0500	DEBUG	protocol/handler.go:596	round already finalized
2025-08-15T22:13:51.343-0500	DEBUG	protocol/handler.go:581	tryAdvanceRound called	{"{current_round 20 3  <nil>}": {"Key":"self","Type":15,"Integer":0,"String":"c","Interface":null}}
2025-08-15T22:13:51.343-0500	DEBUG	protocol/handler.go:1591	have processed broadcast	{"{round 20 3  <nil>}": {"Key":"from","Type":15,"Integer":0,"String":"a","Interface":null}}
2025-08-15T22:13:51.343-0500	DEBUG	protocol/handler.go:1591	have processed broadcast	{"{round 20 3  <nil>}": {"Key":"from","Type":15,"Integer":0,"String":"b","Interface":null}}
2025-08-15T22:13:51.343-0500	DEBUG	protocol/handler.go:1649	have all messages and processed	{"{round 20 3  <nil>}": {"Key":"self","Type":15,"Integer":0,"String":"c","Interface":null}}
2025-08-15T22:13:51.344-0500	DEBUG	protocol/handler.go:596	round already finalized
2025-08-15T22:13:51.366-0500	DEBUG	protocol/handler.go:581	tryAdvanceRound called	{"{current_round 20 3  <nil>}": {"Key":"self","Type":15,"Integer":0,"String":"b","Interface":null}}
2025-08-15T22:13:51.366-0500	DEBUG	protocol/handler.go:1591	have processed broadcast	{"{round 20 3  <nil>}": {"Key":"from","Type":15,"Integer":0,"String":"a","Interface":null}}
2025-08-15T22:13:51.366-0500	DEBUG	protocol/handler.go:1591	have processed broadcast	{"{round 20 3  <nil>}": {"Key":"from","Type":15,"Integer":0,"String":"c","Interface":null}}
2025-08-15T22:13:51.366-0500	DEBUG	protocol/handler.go:1649	have all messages and processed	{"{round 20 3  <nil>}": {"Key":"self","Type":15,"Integer":0,"String":"b","Interface":null}}
2025-08-15T22:13:51.366-0500	DEBUG	protocol/handler.go:596	round already finalized
2025-08-15T22:13:51.366-0500	DEBUG	protocol/handler.go:581	tryAdvanceRound called	{"{current_round 20 3  <nil>}": {"Key":"self","Type":15,"Integer":0,"String":"a","Interface":null}}
2025-08-15T22:13:51.366-0500	DEBUG	protocol/handler.go:1591	have processed broadcast	{"{round 20 3  <nil>}": {"Key":"from","Type":15,"Integer":0,"String":"b","Interface":null}}
2025-08-15T22:13:51.366-0500	DEBUG	protocol/handler.go:1591	have processed broadcast	{"{round 20 3  <nil>}": {"Key":"from","Type":15,"Integer":0,"String":"c","Interface":null}}
2025-08-15T22:13:51.367-0500	DEBUG	protocol/handler.go:1649	have all messages and processed	{"{round 20 3  <nil>}": {"Key":"self","Type":15,"Integer":0,"String":"a","Interface":null}}
2025-08-15T22:13:51.367-0500	DEBUG	protocol/handler.go:596	round already finalized
2025-08-15T22:13:51.367-0500	DEBUG	protocol/handler.go:581	tryAdvanceRound called	{"{current_round 20 3  <nil>}": {"Key":"self","Type":15,"Integer":0,"String":"a","Interface":null}}
2025-08-15T22:13:51.367-0500	DEBUG	protocol/handler.go:1591	have processed broadcast	{"{round 20 3  <nil>}": {"Key":"from","Type":15,"Integer":0,"String":"b","Interface":null}}
2025-08-15T22:13:51.367-0500	DEBUG	protocol/handler.go:1591	have processed broadcast	{"{round 20 3  <nil>}": {"Key":"from","Type":15,"Integer":0,"String":"c","Interface":null}}
2025-08-15T22:13:51.367-0500	DEBUG	protocol/handler.go:1649	have all messages and processed	{"{round 20 3  <nil>}": {"Key":"self","Type":15,"Integer":0,"String":"a","Interface":null}}
2025-08-15T22:13:51.367-0500	DEBUG	protocol/handler.go:596	round already finalized
2025-08-15T22:13:51.367-0500	DEBUG	protocol/handler.go:581	tryAdvanceRound called	{"{current_round 20 3  <nil>}": {"Key":"self","Type":15,"Integer":0,"String":"b","Interface":null}}
2025-08-15T22:13:51.367-0500	DEBUG	protocol/handler.go:1591	have processed broadcast	{"{round 20 3  <nil>}": {"Key":"from","Type":15,"Integer":0,"String":"a","Interface":null}}
2025-08-15T22:13:51.367-0500	DEBUG	protocol/handler.go:1649	have all messages and processed	{"{round 20 3  <nil>}": {"Key":"self","Type":15,"Integer":0,"String":"b","Interface":null}}
2025-08-15T22:13:51.367-0500	DEBUG	protocol/handler.go:596	round already finalized
2025-08-15T22:13:51.367-0500	DEBUG	protocol/handler.go:581	tryAdvanceRound called	{"{current_round 20 3  <nil>}": {"Key":"self","Type":15,"Integer":0,"String":"b","Interface":null}}
2025-08-15T22:13:51.367-0500	DEBUG	protocol/handler.go:1591	have processed broadcast	{"{round 20 3  <nil>}": {"Key":"from","Type":15,"Integer":0,"String":"a","Interface":null}}
2025-08-15T22:13:51.367-0500	DEBUG	protocol/handler.go:1649	have all messages and processed	{"{round 20 3  <nil>}": {"Key":"self","Type":15,"Integer":0,"String":"b","Interface":null}}
2025-08-15T22:13:51.367-0500	DEBUG	protocol/handler.go:596	round already finalized
2025-08-15T22:13:51.367-0500	DEBUG	protocol/handler.go:581	tryAdvanceRound called	{"{current_round 20 3  <nil>}": {"Key":"self","Type":15,"Integer":0,"String":"c","Interface":null}}
2025-08-15T22:13:51.367-0500	DEBUG	protocol/handler.go:1591	have processed broadcast	{"{round 20 3  <nil>}": {"Key":"from","Type":15,"Integer":0,"String":"a","Interface":null}}
2025-08-15T22:13:51.367-0500	DEBUG	protocol/handler.go:1591	have processed broadcast	{"{round 20 3  <nil>}": {"Key":"from","Type":15,"Integer":0,"String":"b","Interface":null}}
2025-08-15T22:13:51.367-0500	DEBUG	protocol/handler.go:1649	have all messages and processed	{"{round 20 3  <nil>}": {"Key":"self","Type":15,"Integer":0,"String":"c","Interface":null}}
2025-08-15T22:13:51.367-0500	DEBUG	protocol/handler.go:596	round already finalized
2025-08-15T22:13:51.391-0500	DEBUG	protocol/handler.go:581	tryAdvanceRound called	{"{current_round 20 3  <nil>}": {"Key":"self","Type":15,"Integer":0,"String":"b","Interface":null}}
2025-08-15T22:13:51.391-0500	DEBUG	protocol/handler.go:1591	have processed broadcast	{"{round 20 3  <nil>}": {"Key":"from","Type":15,"Integer":0,"String":"a","Interface":null}}
2025-08-15T22:13:51.391-0500	DEBUG	protocol/handler.go:1649	have all messages and processed	{"{round 20 3  <nil>}": {"Key":"self","Type":15,"Integer":0,"String":"b","Interface":null}}
2025-08-15T22:13:51.391-0500	DEBUG	protocol/handler.go:596	round already finalized
2025-08-15T22:13:51.391-0500	DEBUG	protocol/handler.go:581	tryAdvanceRound called	{"{current_round 20 3  <nil>}": {"Key":"self","Type":15,"Integer":0,"String":"b","Interface":null}}
2025-08-15T22:13:51.391-0500	DEBUG	protocol/handler.go:1591	have processed broadcast	{"{round 20 3  <nil>}": {"Key":"from","Type":15,"Integer":0,"String":"a","Interface":null}}
2025-08-15T22:13:51.391-0500	DEBUG	protocol/handler.go:1591	have processed broadcast	{"{round 20 3  <nil>}": {"Key":"from","Type":15,"Integer":0,"String":"c","Interface":null}}
2025-08-15T22:13:51.391-0500	DEBUG	protocol/handler.go:1649	have all messages and processed	{"{round 20 3  <nil>}": {"Key":"self","Type":15,"Integer":0,"String":"b","Interface":null}}
2025-08-15T22:13:51.391-0500	DEBUG	protocol/handler.go:596	round already finalized
2025-08-15T22:13:51.391-0500	DEBUG	protocol/handler.go:581	tryAdvanceRound called	{"{current_round 20 3  <nil>}": {"Key":"self","Type":15,"Integer":0,"String":"c","Interface":null}}
2025-08-15T22:13:51.392-0500	DEBUG	protocol/handler.go:1591	have processed broadcast	{"{round 20 3  <nil>}": {"Key":"from","Type":15,"Integer":0,"String":"a","Interface":null}}
2025-08-15T22:13:51.392-0500	DEBUG	protocol/handler.go:1591	have processed broadcast	{"{round 20 3  <nil>}": {"Key":"from","Type":15,"Integer":0,"String":"b","Interface":null}}
2025-08-15T22:13:51.392-0500	DEBUG	protocol/handler.go:1649	have all messages and processed	{"{round 20 3  <nil>}": {"Key":"self","Type":15,"Integer":0,"String":"c","Interface":null}}
2025-08-15T22:13:51.392-0500	DEBUG	protocol/handler.go:596	round already finalized
2025-08-15T22:13:51.392-0500	DEBUG	protocol/handler.go:581	tryAdvanceRound called	{"{current_round 20 3  <nil>}": {"Key":"self","Type":15,"Integer":0,"String":"a","Interface":null}}
2025-08-15T22:13:51.392-0500	DEBUG	protocol/handler.go:1591	have processed broadcast	{"{round 20 3  <nil>}": {"Key":"from","Type":15,"Integer":0,"String":"b","Interface":null}}
2025-08-15T22:13:51.392-0500	DEBUG	protocol/handler.go:1591	have processed broadcast	{"{round 20 3  <nil>}": {"Key":"from","Type":15,"Integer":0,"String":"c","Interface":null}}
2025-08-15T22:13:51.392-0500	DEBUG	protocol/handler.go:1649	have all messages and processed	{"{round 20 3  <nil>}": {"Key":"self","Type":15,"Integer":0,"String":"a","Interface":null}}
2025-08-15T22:13:51.392-0500	DEBUG	protocol/handler.go:596	round already finalized
2025-08-15T22:13:51.415-0500	DEBUG	protocol/handler.go:581	tryAdvanceRound called	{"{current_round 20 3  <nil>}": {"Key":"self","Type":15,"Integer":0,"String":"b","Interface":null}}
2025-08-15T22:13:51.416-0500	DEBUG	protocol/handler.go:1591	have processed broadcast	{"{round 20 3  <nil>}": {"Key":"from","Type":15,"Integer":0,"String":"a","Interface":null}}
2025-08-15T22:13:51.416-0500	DEBUG	protocol/handler.go:1649	have all messages and processed	{"{round 20 3  <nil>}": {"Key":"self","Type":15,"Integer":0,"String":"b","Interface":null}}
2025-08-15T22:13:51.416-0500	DEBUG	protocol/handler.go:596	round already finalized
2025-08-15T22:13:51.416-0500	DEBUG	protocol/handler.go:581	tryAdvanceRound called	{"{current_round 20 3  <nil>}": {"Key":"self","Type":15,"Integer":0,"String":"a","Interface":null}}
2025-08-15T22:13:51.416-0500	DEBUG	protocol/handler.go:1591	have processed broadcast	{"{round 20 3  <nil>}": {"Key":"from","Type":15,"Integer":0,"String":"b","Interface":null}}
2025-08-15T22:13:51.416-0500	DEBUG	protocol/handler.go:1591	have processed broadcast	{"{round 20 3  <nil>}": {"Key":"from","Type":15,"Integer":0,"String":"c","Interface":null}}
2025-08-15T22:13:51.416-0500	DEBUG	protocol/handler.go:1649	have all messages and processed	{"{round 20 3  <nil>}": {"Key":"self","Type":15,"Integer":0,"String":"a","Interface":null}}
2025-08-15T22:13:51.416-0500	DEBUG	protocol/handler.go:596	round already finalized
2025-08-15T22:13:51.416-0500	DEBUG	protocol/handler.go:581	tryAdvanceRound called	{"{current_round 20 3  <nil>}": {"Key":"self","Type":15,"Integer":0,"String":"b","Interface":null}}
2025-08-15T22:13:51.416-0500	DEBUG	protocol/handler.go:1591	have processed broadcast	{"{round 20 3  <nil>}": {"Key":"from","Type":15,"Integer":0,"String":"a","Interface":null}}
2025-08-15T22:13:51.416-0500	DEBUG	protocol/handler.go:1591	have processed broadcast	{"{round 20 3  <nil>}": {"Key":"from","Type":15,"Integer":0,"String":"c","Interface":null}}
2025-08-15T22:13:51.416-0500	DEBUG	protocol/handler.go:1649	have all messages and processed	{"{round 20 3  <nil>}": {"Key":"self","Type":15,"Integer":0,"String":"b","Interface":null}}
2025-08-15T22:13:51.416-0500	DEBUG	protocol/handler.go:596	round already finalized
2025-08-15T22:13:51.416-0500	DEBUG	protocol/handler.go:581	tryAdvanceRound called	{"{current_round 20 3  <nil>}": {"Key":"self","Type":15,"Integer":0,"String":"c","Interface":null}}
2025-08-15T22:13:51.416-0500	DEBUG	protocol/handler.go:1591	have processed broadcast	{"{round 20 3  <nil>}": {"Key":"from","Type":15,"Integer":0,"String":"a","Interface":null}}
2025-08-15T22:13:51.416-0500	DEBUG	protocol/handler.go:1591	have processed broadcast	{"{round 20 3  <nil>}": {"Key":"from","Type":15,"Integer":0,"String":"b","Interface":null}}
2025-08-15T22:13:51.416-0500	DEBUG	protocol/handler.go:1649	have all messages and processed	{"{round 20 3  <nil>}": {"Key":"self","Type":15,"Integer":0,"String":"c","Interface":null}}
2025-08-15T22:13:51.416-0500	DEBUG	protocol/handler.go:596	round already finalized
2025-08-15T22:13:51.416-0500	DEBUG	protocol/handler.go:581	tryAdvanceRound called	{"{current_round 20 3  <nil>}": {"Key":"self","Type":15,"Integer":0,"String":"b","Interface":null}}
2025-08-15T22:13:51.416-0500	DEBUG	protocol/handler.go:1591	have processed broadcast	{"{round 20 3  <nil>}": {"Key":"from","Type":15,"Integer":0,"String":"a","Interface":null}}
2025-08-15T22:13:51.416-0500	DEBUG	protocol/handler.go:1649	have all messages and processed	{"{round 20 3  <nil>}": {"Key":"self","Type":15,"Integer":0,"String":"b","Interface":null}}
2025-08-15T22:13:51.416-0500	DEBUG	protocol/handler.go:596	round already finalized
2025-08-15T22:13:51.416-0500	DEBUG	protocol/handler.go:581	tryAdvanceRound called	{"{current_round 20 3  <nil>}": {"Key":"self","Type":15,"Integer":0,"String":"a","Interface":null}}
2025-08-15T22:13:51.417-0500	DEBUG	protocol/handler.go:1591	have processed broadcast	{"{round 20 3  <nil>}": {"Key":"from","Type":15,"Integer":0,"String":"b","Interface":null}}
2025-08-15T22:13:51.417-0500	DEBUG	protocol/handler.go:1591	have processed broadcast	{"{round 20 3  <nil>}": {"Key":"from","Type":15,"Integer":0,"String":"c","Interface":null}}
2025-08-15T22:13:51.417-0500	DEBUG	protocol/handler.go:1649	have all messages and processed	{"{round 20 3  <nil>}": {"Key":"self","Type":15,"Integer":0,"String":"a","Interface":null}}
2025-08-15T22:13:51.417-0500	DEBUG	protocol/handler.go:596	round already finalized
2025-08-15T22:13:51.440-0500	DEBUG	protocol/handler.go:581	tryAdvanceRound called	{"{current_round 20 3  <nil>}": {"Key":"self","Type":15,"Integer":0,"String":"a","Interface":null}}
2025-08-15T22:13:51.440-0500	DEBUG	protocol/handler.go:1591	have processed broadcast	{"{round 20 3  <nil>}": {"Key":"from","Type":15,"Integer":0,"String":"b","Interface":null}}
2025-08-15T22:13:51.440-0500	DEBUG	protocol/handler.go:1591	have processed broadcast	{"{round 20 3  <nil>}": {"Key":"from","Type":15,"Integer":0,"String":"c","Interface":null}}
2025-08-15T22:13:51.440-0500	DEBUG	protocol/handler.go:1649	have all messages and processed	{"{round 20 3  <nil>}": {"Key":"self","Type":15,"Integer":0,"String":"a","Interface":null}}
2025-08-15T22:13:51.440-0500	DEBUG	protocol/handler.go:596	round already finalized
2025-08-15T22:13:51.440-0500	DEBUG	protocol/handler.go:581	tryAdvanceRound called	{"{current_round 20 3  <nil>}": {"Key":"self","Type":15,"Integer":0,"String":"c","Interface":null}}
2025-08-15T22:13:51.440-0500	DEBUG	protocol/handler.go:1591	have processed broadcast	{"{round 20 3  <nil>}": {"Key":"from","Type":15,"Integer":0,"String":"a","Interface":null}}
2025-08-15T22:13:51.440-0500	DEBUG	protocol/handler.go:1591	have processed broadcast	{"{round 20 3  <nil>}": {"Key":"from","Type":15,"Integer":0,"String":"b","Interface":null}}
2025-08-15T22:13:51.440-0500	DEBUG	protocol/handler.go:1649	have all messages and processed	{"{round 20 3  <nil>}": {"Key":"self","Type":15,"Integer":0,"String":"c","Interface":null}}
2025-08-15T22:13:51.440-0500	DEBUG	protocol/handler.go:596	round already finalized
2025-08-15T22:13:51.440-0500	DEBUG	protocol/handler.go:581	tryAdvanceRound called	{"{current_round 20 3  <nil>}": {"Key":"self","Type":15,"Integer":0,"String":"b","Interface":null}}
2025-08-15T22:13:51.440-0500	DEBUG	protocol/handler.go:1591	have processed broadcast	{"{round 20 3  <nil>}": {"Key":"from","Type":15,"Integer":0,"String":"a","Interface":null}}
2025-08-15T22:13:51.440-0500	DEBUG	protocol/handler.go:1591	have processed broadcast	{"{round 20 3  <nil>}": {"Key":"from","Type":15,"Integer":0,"String":"c","Interface":null}}
2025-08-15T22:13:51.440-0500	DEBUG	protocol/handler.go:1649	have all messages and processed	{"{round 20 3  <nil>}": {"Key":"self","Type":15,"Integer":0,"String":"b","Interface":null}}
2025-08-15T22:13:51.440-0500	DEBUG	protocol/handler.go:596	round already finalized
2025-08-15T22:13:51.440-0500	DEBUG	protocol/handler.go:581	tryAdvanceRound called	{"{current_round 20 3  <nil>}": {"Key":"self","Type":15,"Integer":0,"String":"b","Interface":null}}
2025-08-15T22:13:51.440-0500	DEBUG	protocol/handler.go:1591	have processed broadcast	{"{round 20 3  <nil>}": {"Key":"from","Type":15,"Integer":0,"String":"a","Interface":null}}
2025-08-15T22:13:51.440-0500	DEBUG	protocol/handler.go:1649	have all messages and processed	{"{round 20 3  <nil>}": {"Key":"self","Type":15,"Integer":0,"String":"b","Interface":null}}
2025-08-15T22:13:51.440-0500	DEBUG	protocol/handler.go:596	round already finalized
2025-08-15T22:13:51.477-0500	DEBUG	protocol/handler.go:581	tryAdvanceRound called	{"{current_round 20 3  <nil>}": {"Key":"self","Type":15,"Integer":0,"String":"c","Interface":null}}
2025-08-15T22:13:51.479-0500	DEBUG	protocol/handler.go:1591	have processed broadcast	{"{round 20 3  <nil>}": {"Key":"from","Type":15,"Integer":0,"String":"a","Interface":null}}
2025-08-15T22:13:51.479-0500	DEBUG	protocol/handler.go:1591	have processed broadcast	{"{round 20 3  <nil>}": {"Key":"from","Type":15,"Integer":0,"String":"b","Interface":null}}
2025-08-15T22:13:51.479-0500	DEBUG	protocol/handler.go:1649	have all messages and processed	{"{round 20 3  <nil>}": {"Key":"self","Type":15,"Integer":0,"String":"c","Interface":null}}
2025-08-15T22:13:51.480-0500	DEBUG	protocol/handler.go:596	round already finalized
2025-08-15T22:13:51.480-0500	DEBUG	protocol/handler.go:581	tryAdvanceRound called	{"{current_round 20 3  <nil>}": {"Key":"self","Type":15,"Integer":0,"String":"b","Interface":null}}
2025-08-15T22:13:51.480-0500	DEBUG	protocol/handler.go:1591	have processed broadcast	{"{round 20 3  <nil>}": {"Key":"from","Type":15,"Integer":0,"String":"a","Interface":null}}
2025-08-15T22:13:51.480-0500	DEBUG	protocol/handler.go:1591	have processed broadcast	{"{round 20 3  <nil>}": {"Key":"from","Type":15,"Integer":0,"String":"c","Interface":null}}
2025-08-15T22:13:51.481-0500	DEBUG	protocol/handler.go:1649	have all messages and processed	{"{round 20 3  <nil>}": {"Key":"self","Type":15,"Integer":0,"String":"b","Interface":null}}
2025-08-15T22:13:51.481-0500	DEBUG	protocol/handler.go:596	round already finalized
2025-08-15T22:13:51.483-0500	DEBUG	protocol/handler.go:581	tryAdvanceRound called	{"{current_round 20 3  <nil>}": {"Key":"self","Type":15,"Integer":0,"String":"c","Interface":null}}
2025-08-15T22:13:51.483-0500	DEBUG	protocol/handler.go:1591	have processed broadcast	{"{round 20 3  <nil>}": {"Key":"from","Type":15,"Integer":0,"String":"a","Interface":null}}
2025-08-15T22:13:51.483-0500	DEBUG	protocol/handler.go:1591	have processed broadcast	{"{round 20 3  <nil>}": {"Key":"from","Type":15,"Integer":0,"String":"b","Interface":null}}
2025-08-15T22:13:51.483-0500	DEBUG	protocol/handler.go:1649	have all messages and processed	{"{round 20 3  <nil>}": {"Key":"self","Type":15,"Integer":0,"String":"c","Interface":null}}
2025-08-15T22:13:51.483-0500	DEBUG	protocol/handler.go:596	round already finalized
2025-08-15T22:13:51.483-0500	DEBUG	protocol/handler.go:581	tryAdvanceRound called	{"{current_round 20 3  <nil>}": {"Key":"self","Type":15,"Integer":0,"String":"b","Interface":null}}
2025-08-15T22:13:51.483-0500	DEBUG	protocol/handler.go:1591	have processed broadcast	{"{round 20 3  <nil>}": {"Key":"from","Type":15,"Integer":0,"String":"a","Interface":null}}
2025-08-15T22:13:51.483-0500	DEBUG	protocol/handler.go:1649	have all messages and processed	{"{round 20 3  <nil>}": {"Key":"self","Type":15,"Integer":0,"String":"b","Interface":null}}
2025-08-15T22:13:51.483-0500	DEBUG	protocol/handler.go:596	round already finalized
2025-08-15T22:13:51.483-0500	DEBUG	protocol/handler.go:581	tryAdvanceRound called	{"{current_round 20 3  <nil>}": {"Key":"self","Type":15,"Integer":0,"String":"a","Interface":null}}
2025-08-15T22:13:51.483-0500	DEBUG	protocol/handler.go:1591	have processed broadcast	{"{round 20 3  <nil>}": {"Key":"from","Type":15,"Integer":0,"String":"b","Interface":null}}
2025-08-15T22:13:51.483-0500	DEBUG	protocol/handler.go:1591	have processed broadcast	{"{round 20 3  <nil>}": {"Key":"from","Type":15,"Integer":0,"String":"c","Interface":null}}
2025-08-15T22:13:51.483-0500	DEBUG	protocol/handler.go:1649	have all messages and processed	{"{round 20 3  <nil>}": {"Key":"self","Type":15,"Integer":0,"String":"a","Interface":null}}
2025-08-15T22:13:51.483-0500	DEBUG	protocol/handler.go:596	round already finalized
2025-08-15T22:13:51.484-0500	DEBUG	protocol/handler.go:581	tryAdvanceRound called	{"{current_round 20 3  <nil>}": {"Key":"self","Type":15,"Integer":0,"String":"b","Interface":null}}
2025-08-15T22:13:51.484-0500	DEBUG	protocol/handler.go:1591	have processed broadcast	{"{round 20 3  <nil>}": {"Key":"from","Type":15,"Integer":0,"String":"a","Interface":null}}
2025-08-15T22:13:51.484-0500	DEBUG	protocol/handler.go:1591	have processed broadcast	{"{round 20 3  <nil>}": {"Key":"from","Type":15,"Integer":0,"String":"c","Interface":null}}
2025-08-15T22:13:51.484-0500	DEBUG	protocol/handler.go:1649	have all messages and processed	{"{round 20 3  <nil>}": {"Key":"self","Type":15,"Integer":0,"String":"b","Interface":null}}
2025-08-15T22:13:51.484-0500	DEBUG	protocol/handler.go:596	round already finalized
2025-08-15T22:13:51.497-0500	DEBUG	protocol/handler.go:581	tryAdvanceRound called	{"{current_round 20 3  <nil>}": {"Key":"self","Type":15,"Integer":0,"String":"c","Interface":null}}
2025-08-15T22:13:51.497-0500	DEBUG	protocol/handler.go:1591	have processed broadcast	{"{round 20 3  <nil>}": {"Key":"from","Type":15,"Integer":0,"String":"a","Interface":null}}
2025-08-15T22:13:51.497-0500	DEBUG	protocol/handler.go:1591	have processed broadcast	{"{round 20 3  <nil>}": {"Key":"from","Type":15,"Integer":0,"String":"b","Interface":null}}
2025-08-15T22:13:51.497-0500	DEBUG	protocol/handler.go:1649	have all messages and processed	{"{round 20 3  <nil>}": {"Key":"self","Type":15,"Integer":0,"String":"c","Interface":null}}
2025-08-15T22:13:51.497-0500	DEBUG	protocol/handler.go:596	round already finalized
2025-08-15T22:13:51.497-0500	DEBUG	protocol/handler.go:581	tryAdvanceRound called	{"{current_round 20 3  <nil>}": {"Key":"self","Type":15,"Integer":0,"String":"a","Interface":null}}
2025-08-15T22:13:51.497-0500	DEBUG	protocol/handler.go:1591	have processed broadcast	{"{round 20 3  <nil>}": {"Key":"from","Type":15,"Integer":0,"String":"b","Interface":null}}
2025-08-15T22:13:51.497-0500	DEBUG	protocol/handler.go:1591	have processed broadcast	{"{round 20 3  <nil>}": {"Key":"from","Type":15,"Integer":0,"String":"c","Interface":null}}
2025-08-15T22:13:51.497-0500	DEBUG	protocol/handler.go:1649	have all messages and processed	{"{round 20 3  <nil>}": {"Key":"self","Type":15,"Integer":0,"String":"a","Interface":null}}
2025-08-15T22:13:51.497-0500	DEBUG	protocol/handler.go:596	round already finalized
2025-08-15T22:13:51.497-0500	DEBUG	protocol/handler.go:581	tryAdvanceRound called	{"{current_round 20 3  <nil>}": {"Key":"self","Type":15,"Integer":0,"String":"b","Interface":null}}
2025-08-15T22:13:51.497-0500	DEBUG	protocol/handler.go:1591	have processed broadcast	{"{round 20 3  <nil>}": {"Key":"from","Type":15,"Integer":0,"String":"a","Interface":null}}
2025-08-15T22:13:51.498-0500	DEBUG	protocol/handler.go:1591	have processed broadcast	{"{round 20 3  <nil>}": {"Key":"from","Type":15,"Integer":0,"String":"c","Interface":null}}
2025-08-15T22:13:51.498-0500	DEBUG	protocol/handler.go:1649	have all messages and processed	{"{round 20 3  <nil>}": {"Key":"self","Type":15,"Integer":0,"String":"b","Interface":null}}
2025-08-15T22:13:51.498-0500	DEBUG	protocol/handler.go:596	round already finalized
2025-08-15T22:13:51.498-0500	DEBUG	protocol/handler.go:581	tryAdvanceRound called	{"{current_round 20 3  <nil>}": {"Key":"self","Type":15,"Integer":0,"String":"b","Interface":null}}
2025-08-15T22:13:51.498-0500	DEBUG	protocol/handler.go:1591	have processed broadcast	{"{round 20 3  <nil>}": {"Key":"from","Type":15,"Integer":0,"String":"a","Interface":null}}
2025-08-15T22:13:51.498-0500	DEBUG	protocol/handler.go:1649	have all messages and processed	{"{round 20 3  <nil>}": {"Key":"self","Type":15,"Integer":0,"String":"b","Interface":null}}
2025-08-15T22:13:51.498-0500	DEBUG	protocol/handler.go:596	round already finalized
2025-08-15T22:13:51.519-0500	DEBUG	protocol/handler.go:581	tryAdvanceRound called	{"{current_round 20 3  <nil>}": {"Key":"self","Type":15,"Integer":0,"String":"a","Interface":null}}
2025-08-15T22:13:51.519-0500	DEBUG	protocol/handler.go:1591	have processed broadcast	{"{round 20 3  <nil>}": {"Key":"from","Type":15,"Integer":0,"String":"b","Interface":null}}
2025-08-15T22:13:51.519-0500	DEBUG	protocol/handler.go:1591	have processed broadcast	{"{round 20 3  <nil>}": {"Key":"from","Type":15,"Integer":0,"String":"c","Interface":null}}
2025-08-15T22:13:51.519-0500	DEBUG	protocol/handler.go:1649	have all messages and processed	{"{round 20 3  <nil>}": {"Key":"self","Type":15,"Integer":0,"String":"a","Interface":null}}
2025-08-15T22:13:51.519-0500	DEBUG	protocol/handler.go:596	round already finalized
2025-08-15T22:13:51.519-0500	DEBUG	protocol/handler.go:581	tryAdvanceRound called	{"{current_round 20 3  <nil>}": {"Key":"self","Type":15,"Integer":0,"String":"b","Interface":null}}
2025-08-15T22:13:51.520-0500	DEBUG	protocol/handler.go:1591	have processed broadcast	{"{round 20 3  <nil>}": {"Key":"from","Type":15,"Integer":0,"String":"a","Interface":null}}
2025-08-15T22:13:51.520-0500	DEBUG	protocol/handler.go:1591	have processed broadcast	{"{round 20 3  <nil>}": {"Key":"from","Type":15,"Integer":0,"String":"c","Interface":null}}
2025-08-15T22:13:51.520-0500	DEBUG	protocol/handler.go:1649	have all messages and processed	{"{round 20 3  <nil>}": {"Key":"self","Type":15,"Integer":0,"String":"b","Interface":null}}
2025-08-15T22:13:51.520-0500	DEBUG	protocol/handler.go:596	round already finalized
2025-08-15T22:13:51.520-0500	DEBUG	protocol/handler.go:581	tryAdvanceRound called	{"{current_round 20 3  <nil>}": {"Key":"self","Type":15,"Integer":0,"String":"b","Interface":null}}
2025-08-15T22:13:51.520-0500	DEBUG	protocol/handler.go:1591	have processed broadcast	{"{round 20 3  <nil>}": {"Key":"from","Type":15,"Integer":0,"String":"a","Interface":null}}
2025-08-15T22:13:51.520-0500	DEBUG	protocol/handler.go:1649	have all messages and processed	{"{round 20 3  <nil>}": {"Key":"self","Type":15,"Integer":0,"String":"b","Interface":null}}
2025-08-15T22:13:51.520-0500	DEBUG	protocol/handler.go:596	round already finalized
2025-08-15T22:13:51.520-0500	DEBUG	protocol/handler.go:581	tryAdvanceRound called	{"{current_round 20 3  <nil>}": {"Key":"self","Type":15,"Integer":0,"String":"c","Interface":null}}
2025-08-15T22:13:51.520-0500	DEBUG	protocol/handler.go:1591	have processed broadcast	{"{round 20 3  <nil>}": {"Key":"from","Type":15,"Integer":0,"String":"a","Interface":null}}
2025-08-15T22:13:51.521-0500	DEBUG	protocol/handler.go:1591	have processed broadcast	{"{round 20 3  <nil>}": {"Key":"from","Type":15,"Integer":0,"String":"b","Interface":null}}
2025-08-15T22:13:51.521-0500	DEBUG	protocol/handler.go:1649	have all messages and processed	{"{round 20 3  <nil>}": {"Key":"self","Type":15,"Integer":0,"String":"c","Interface":null}}
2025-08-15T22:13:51.521-0500	DEBUG	protocol/handler.go:596	round already finalized
2025-08-15T22:13:51.521-0500	DEBUG	protocol/handler.go:581	tryAdvanceRound called	{"{current_round 20 3  <nil>}": {"Key":"self","Type":15,"Integer":0,"String":"b","Interface":null}}
2025-08-15T22:13:51.521-0500	DEBUG	protocol/handler.go:1591	have processed broadcast	{"{round 20 3  <nil>}": {"Key":"from","Type":15,"Integer":0,"String":"a","Interface":null}}
2025-08-15T22:13:51.521-0500	DEBUG	protocol/handler.go:1591	have processed broadcast	{"{round 20 3  <nil>}": {"Key":"from","Type":15,"Integer":0,"String":"c","Interface":null}}
2025-08-15T22:13:51.521-0500	DEBUG	protocol/handler.go:1649	have all messages and processed	{"{round 20 3  <nil>}": {"Key":"self","Type":15,"Integer":0,"String":"b","Interface":null}}
2025-08-15T22:13:51.521-0500	DEBUG	protocol/handler.go:596	round already finalized
2025-08-15T22:13:51.522-0500	DEBUG	protocol/handler.go:581	tryAdvanceRound called	{"{current_round 20 3  <nil>}": {"Key":"self","Type":15,"Integer":0,"String":"c","Interface":null}}
2025-08-15T22:13:51.522-0500	DEBUG	protocol/handler.go:1591	have processed broadcast	{"{round 20 3  <nil>}": {"Key":"from","Type":15,"Integer":0,"String":"a","Interface":null}}
2025-08-15T22:13:51.522-0500	DEBUG	protocol/handler.go:1591	have processed broadcast	{"{round 20 3  <nil>}": {"Key":"from","Type":15,"Integer":0,"String":"b","Interface":null}}
2025-08-15T22:13:51.522-0500	DEBUG	protocol/handler.go:1649	have all messages and processed	{"{round 20 3  <nil>}": {"Key":"self","Type":15,"Integer":0,"String":"c","Interface":null}}
2025-08-15T22:13:51.522-0500	DEBUG	protocol/handler.go:596	round already finalized
2025-08-15T22:13:51.541-0500	DEBUG	protocol/handler.go:581	tryAdvanceRound called	{"{current_round 20 3  <nil>}": {"Key":"self","Type":15,"Integer":0,"String":"c","Interface":null}}
2025-08-15T22:13:51.541-0500	DEBUG	protocol/handler.go:1591	have processed broadcast	{"{round 20 3  <nil>}": {"Key":"from","Type":15,"Integer":0,"String":"a","Interface":null}}
2025-08-15T22:13:51.541-0500	DEBUG	protocol/handler.go:1591	have processed broadcast	{"{round 20 3  <nil>}": {"Key":"from","Type":15,"Integer":0,"String":"b","Interface":null}}
2025-08-15T22:13:51.541-0500	DEBUG	protocol/handler.go:1649	have all messages and processed	{"{round 20 3  <nil>}": {"Key":"self","Type":15,"Integer":0,"String":"c","Interface":null}}
2025-08-15T22:13:51.541-0500	DEBUG	protocol/handler.go:596	round already finalized
2025-08-15T22:13:51.541-0500	DEBUG	protocol/handler.go:581	tryAdvanceRound called	{"{current_round 20 3  <nil>}": {"Key":"self","Type":15,"Integer":0,"String":"b","Interface":null}}
2025-08-15T22:13:51.541-0500	DEBUG	protocol/handler.go:1591	have processed broadcast	{"{round 20 3  <nil>}": {"Key":"from","Type":15,"Integer":0,"String":"a","Interface":null}}
2025-08-15T22:13:51.541-0500	DEBUG	protocol/handler.go:1649	have all messages and processed	{"{round 20 3  <nil>}": {"Key":"self","Type":15,"Integer":0,"String":"b","Interface":null}}
2025-08-15T22:13:51.541-0500	DEBUG	protocol/handler.go:596	round already finalized
2025-08-15T22:13:51.541-0500	DEBUG	protocol/handler.go:581	tryAdvanceRound called	{"{current_round 20 3  <nil>}": {"Key":"self","Type":15,"Integer":0,"String":"b","Interface":null}}
2025-08-15T22:13:51.541-0500	DEBUG	protocol/handler.go:1591	have processed broadcast	{"{round 20 3  <nil>}": {"Key":"from","Type":15,"Integer":0,"String":"a","Interface":null}}
2025-08-15T22:13:51.541-0500	DEBUG	protocol/handler.go:1591	have processed broadcast	{"{round 20 3  <nil>}": {"Key":"from","Type":15,"Integer":0,"String":"c","Interface":null}}
2025-08-15T22:13:51.541-0500	DEBUG	protocol/handler.go:1649	have all messages and processed	{"{round 20 3  <nil>}": {"Key":"self","Type":15,"Integer":0,"String":"b","Interface":null}}
2025-08-15T22:13:51.541-0500	DEBUG	protocol/handler.go:596	round already finalized
2025-08-15T22:13:51.541-0500	DEBUG	protocol/handler.go:581	tryAdvanceRound called	{"{current_round 20 3  <nil>}": {"Key":"self","Type":15,"Integer":0,"String":"a","Interface":null}}
2025-08-15T22:13:51.541-0500	DEBUG	protocol/handler.go:1591	have processed broadcast	{"{round 20 3  <nil>}": {"Key":"from","Type":15,"Integer":0,"String":"b","Interface":null}}
2025-08-15T22:13:51.541-0500	DEBUG	protocol/handler.go:1591	have processed broadcast	{"{round 20 3  <nil>}": {"Key":"from","Type":15,"Integer":0,"String":"c","Interface":null}}
2025-08-15T22:13:51.542-0500	DEBUG	protocol/handler.go:1649	have all messages and processed	{"{round 20 3  <nil>}": {"Key":"self","Type":15,"Integer":0,"String":"a","Interface":null}}
2025-08-15T22:13:51.542-0500	DEBUG	protocol/handler.go:596	round already finalized
2025-08-15T22:13:51.542-0500	DEBUG	protocol/handler.go:581	tryAdvanceRound called	{"{current_round 20 3  <nil>}": {"Key":"self","Type":15,"Integer":0,"String":"c","Interface":null}}
2025-08-15T22:13:51.542-0500	DEBUG	protocol/handler.go:1591	have processed broadcast	{"{round 20 3  <nil>}": {"Key":"from","Type":15,"Integer":0,"String":"a","Interface":null}}
2025-08-15T22:13:51.542-0500	DEBUG	protocol/handler.go:1591	have processed broadcast	{"{round 20 3  <nil>}": {"Key":"from","Type":15,"Integer":0,"String":"b","Interface":null}}
2025-08-15T22:13:51.542-0500	DEBUG	protocol/handler.go:1649	have all messages and processed	{"{round 20 3  <nil>}": {"Key":"self","Type":15,"Integer":0,"String":"c","Interface":null}}
2025-08-15T22:13:51.542-0500	DEBUG	protocol/handler.go:596	round already finalized
2025-08-15T22:13:51.566-0500	DEBUG	protocol/handler.go:581	tryAdvanceRound called	{"{current_round 20 3  <nil>}": {"Key":"self","Type":15,"Integer":0,"String":"c","Interface":null}}
2025-08-15T22:13:51.566-0500	DEBUG	protocol/handler.go:1591	have processed broadcast	{"{round 20 3  <nil>}": {"Key":"from","Type":15,"Integer":0,"String":"a","Interface":null}}
2025-08-15T22:13:51.566-0500	DEBUG	protocol/handler.go:1591	have processed broadcast	{"{round 20 3  <nil>}": {"Key":"from","Type":15,"Integer":0,"String":"b","Interface":null}}
2025-08-15T22:13:51.566-0500	DEBUG	protocol/handler.go:1649	have all messages and processed	{"{round 20 3  <nil>}": {"Key":"self","Type":15,"Integer":0,"String":"c","Interface":null}}
2025-08-15T22:13:51.566-0500	DEBUG	protocol/handler.go:596	round already finalized
2025-08-15T22:13:51.566-0500	DEBUG	protocol/handler.go:581	tryAdvanceRound called	{"{current_round 20 3  <nil>}": {"Key":"self","Type":15,"Integer":0,"String":"b","Interface":null}}
2025-08-15T22:13:51.566-0500	DEBUG	protocol/handler.go:1591	have processed broadcast	{"{round 20 3  <nil>}": {"Key":"from","Type":15,"Integer":0,"String":"a","Interface":null}}
2025-08-15T22:13:51.566-0500	DEBUG	protocol/handler.go:1649	have all messages and processed	{"{round 20 3  <nil>}": {"Key":"self","Type":15,"Integer":0,"String":"b","Interface":null}}
2025-08-15T22:13:51.566-0500	DEBUG	protocol/handler.go:596	round already finalized
2025-08-15T22:13:51.566-0500	DEBUG	protocol/handler.go:581	tryAdvanceRound called	{"{current_round 20 3  <nil>}": {"Key":"self","Type":15,"Integer":0,"String":"b","Interface":null}}
2025-08-15T22:13:51.567-0500	DEBUG	protocol/handler.go:1591	have processed broadcast	{"{round 20 3  <nil>}": {"Key":"from","Type":15,"Integer":0,"String":"a","Interface":null}}
2025-08-15T22:13:51.567-0500	DEBUG	protocol/handler.go:1649	have all messages and processed	{"{round 20 3  <nil>}": {"Key":"self","Type":15,"Integer":0,"String":"b","Interface":null}}
2025-08-15T22:13:51.567-0500	DEBUG	protocol/handler.go:596	round already finalized
2025-08-15T22:13:51.567-0500	DEBUG	protocol/handler.go:581	tryAdvanceRound called	{"{current_round 20 3  <nil>}": {"Key":"self","Type":15,"Integer":0,"String":"b","Interface":null}}
2025-08-15T22:13:51.567-0500	DEBUG	protocol/handler.go:1591	have processed broadcast	{"{round 20 3  <nil>}": {"Key":"from","Type":15,"Integer":0,"String":"a","Interface":null}}
2025-08-15T22:13:51.567-0500	DEBUG	protocol/handler.go:1591	have processed broadcast	{"{round 20 3  <nil>}": {"Key":"from","Type":15,"Integer":0,"String":"c","Interface":null}}
2025-08-15T22:13:51.567-0500	DEBUG	protocol/handler.go:1649	have all messages and processed	{"{round 20 3  <nil>}": {"Key":"self","Type":15,"Integer":0,"String":"b","Interface":null}}
2025-08-15T22:13:51.567-0500	DEBUG	protocol/handler.go:596	round already finalized
2025-08-15T22:13:51.568-0500	DEBUG	protocol/handler.go:581	tryAdvanceRound called	{"{current_round 20 3  <nil>}": {"Key":"self","Type":15,"Integer":0,"String":"a","Interface":null}}
2025-08-15T22:13:51.568-0500	DEBUG	protocol/handler.go:1591	have processed broadcast	{"{round 20 3  <nil>}": {"Key":"from","Type":15,"Integer":0,"String":"b","Interface":null}}
2025-08-15T22:13:51.568-0500	DEBUG	protocol/handler.go:1591	have processed broadcast	{"{round 20 3  <nil>}": {"Key":"from","Type":15,"Integer":0,"String":"c","Interface":null}}
2025-08-15T22:13:51.568-0500	DEBUG	protocol/handler.go:1649	have all messages and processed	{"{round 20 3  <nil>}": {"Key":"self","Type":15,"Integer":0,"String":"a","Interface":null}}
2025-08-15T22:13:51.568-0500	DEBUG	protocol/handler.go:596	round already finalized
2025-08-15T22:13:51.568-0500	DEBUG	protocol/handler.go:581	tryAdvanceRound called	{"{current_round 20 3  <nil>}": {"Key":"self","Type":15,"Integer":0,"String":"a","Interface":null}}
2025-08-15T22:13:51.568-0500	DEBUG	protocol/handler.go:1591	have processed broadcast	{"{round 20 3  <nil>}": {"Key":"from","Type":15,"Integer":0,"String":"b","Interface":null}}
2025-08-15T22:13:51.568-0500	DEBUG	protocol/handler.go:1591	have processed broadcast	{"{round 20 3  <nil>}": {"Key":"from","Type":15,"Integer":0,"String":"c","Interface":null}}
2025-08-15T22:13:51.568-0500	DEBUG	protocol/handler.go:1649	have all messages and processed	{"{round 20 3  <nil>}": {"Key":"self","Type":15,"Integer":0,"String":"a","Interface":null}}
2025-08-15T22:13:51.568-0500	DEBUG	protocol/handler.go:596	round already finalized
2025-08-15T22:13:51.586-0500	DEBUG	protocol/handler.go:581	tryAdvanceRound called	{"{current_round 20 3  <nil>}": {"Key":"self","Type":15,"Integer":0,"String":"a","Interface":null}}
2025-08-15T22:13:51.586-0500	DEBUG	protocol/handler.go:1591	have processed broadcast	{"{round 20 3  <nil>}": {"Key":"from","Type":15,"Integer":0,"String":"b","Interface":null}}
2025-08-15T22:13:51.586-0500	DEBUG	protocol/handler.go:1591	have processed broadcast	{"{round 20 3  <nil>}": {"Key":"from","Type":15,"Integer":0,"String":"c","Interface":null}}
2025-08-15T22:13:51.586-0500	DEBUG	protocol/handler.go:1649	have all messages and processed	{"{round 20 3  <nil>}": {"Key":"self","Type":15,"Integer":0,"String":"a","Interface":null}}
2025-08-15T22:13:51.586-0500	DEBUG	protocol/handler.go:596	round already finalized
2025-08-15T22:13:51.586-0500	DEBUG	protocol/handler.go:581	tryAdvanceRound called	{"{current_round 20 3  <nil>}": {"Key":"self","Type":15,"Integer":0,"String":"c","Interface":null}}
2025-08-15T22:13:51.586-0500	DEBUG	protocol/handler.go:1591	have processed broadcast	{"{round 20 3  <nil>}": {"Key":"from","Type":15,"Integer":0,"String":"a","Interface":null}}
2025-08-15T22:13:51.586-0500	DEBUG	protocol/handler.go:1591	have processed broadcast	{"{round 20 3  <nil>}": {"Key":"from","Type":15,"Integer":0,"String":"b","Interface":null}}
2025-08-15T22:13:51.587-0500	DEBUG	protocol/handler.go:1649	have all messages and processed	{"{round 20 3  <nil>}": {"Key":"self","Type":15,"Integer":0,"String":"c","Interface":null}}
2025-08-15T22:13:51.587-0500	DEBUG	protocol/handler.go:596	round already finalized
2025-08-15T22:13:51.587-0500	DEBUG	protocol/handler.go:581	tryAdvanceRound called	{"{current_round 20 3  <nil>}": {"Key":"self","Type":15,"Integer":0,"String":"b","Interface":null}}
2025-08-15T22:13:51.587-0500	DEBUG	protocol/handler.go:1591	have processed broadcast	{"{round 20 3  <nil>}": {"Key":"from","Type":15,"Integer":0,"String":"a","Interface":null}}
2025-08-15T22:13:51.587-0500	DEBUG	protocol/handler.go:1591	have processed broadcast	{"{round 20 3  <nil>}": {"Key":"from","Type":15,"Integer":0,"String":"c","Interface":null}}
2025-08-15T22:13:51.587-0500	DEBUG	protocol/handler.go:1649	have all messages and processed	{"{round 20 3  <nil>}": {"Key":"self","Type":15,"Integer":0,"String":"b","Interface":null}}
2025-08-15T22:13:51.587-0500	DEBUG	protocol/handler.go:596	round already finalized
2025-08-15T22:13:51.587-0500	DEBUG	protocol/handler.go:581	tryAdvanceRound called	{"{current_round 20 3  <nil>}": {"Key":"self","Type":15,"Integer":0,"String":"b","Interface":null}}
2025-08-15T22:13:51.587-0500	DEBUG	protocol/handler.go:1591	have processed broadcast	{"{round 20 3  <nil>}": {"Key":"from","Type":15,"Integer":0,"String":"a","Interface":null}}
2025-08-15T22:13:51.587-0500	DEBUG	protocol/handler.go:1649	have all messages and processed	{"{round 20 3  <nil>}": {"Key":"self","Type":15,"Integer":0,"String":"b","Interface":null}}
2025-08-15T22:13:51.587-0500	DEBUG	protocol/handler.go:596	round already finalized
2025-08-15T22:13:51.587-0500	DEBUG	protocol/handler.go:581	tryAdvanceRound called	{"{current_round 20 3  <nil>}": {"Key":"self","Type":15,"Integer":0,"String":"b","Interface":null}}
2025-08-15T22:13:51.587-0500	DEBUG	protocol/handler.go:1591	have processed broadcast	{"{round 20 3  <nil>}": {"Key":"from","Type":15,"Integer":0,"String":"a","Interface":null}}
2025-08-15T22:13:51.587-0500	DEBUG	protocol/handler.go:1649	have all messages and processed	{"{round 20 3  <nil>}": {"Key":"self","Type":15,"Integer":0,"String":"b","Interface":null}}
2025-08-15T22:13:51.587-0500	DEBUG	protocol/handler.go:596	round already finalized
2025-08-15T22:13:51.587-0500	DEBUG	protocol/handler.go:581	tryAdvanceRound called	{"{current_round 20 3  <nil>}": {"Key":"self","Type":15,"Integer":0,"String":"a","Interface":null}}
2025-08-15T22:13:51.587-0500	DEBUG	protocol/handler.go:1591	have processed broadcast	{"{round 20 3  <nil>}": {"Key":"from","Type":15,"Integer":0,"String":"b","Interface":null}}
2025-08-15T22:13:51.587-0500	DEBUG	protocol/handler.go:1591	have processed broadcast	{"{round 20 3  <nil>}": {"Key":"from","Type":15,"Integer":0,"String":"c","Interface":null}}
2025-08-15T22:13:51.587-0500	DEBUG	protocol/handler.go:1649	have all messages and processed	{"{round 20 3  <nil>}": {"Key":"self","Type":15,"Integer":0,"String":"a","Interface":null}}
2025-08-15T22:13:51.587-0500	DEBUG	protocol/handler.go:596	round already finalized
2025-08-15T22:13:51.609-0500	DEBUG	protocol/handler.go:581	tryAdvanceRound called	{"{current_round 20 3  <nil>}": {"Key":"self","Type":15,"Integer":0,"String":"a","Interface":null}}
2025-08-15T22:13:51.609-0500	DEBUG	protocol/handler.go:1591	have processed broadcast	{"{round 20 3  <nil>}": {"Key":"from","Type":15,"Integer":0,"String":"b","Interface":null}}
2025-08-15T22:13:51.609-0500	DEBUG	protocol/handler.go:1591	have processed broadcast	{"{round 20 3  <nil>}": {"Key":"from","Type":15,"Integer":0,"String":"c","Interface":null}}
2025-08-15T22:13:51.609-0500	DEBUG	protocol/handler.go:1649	have all messages and processed	{"{round 20 3  <nil>}": {"Key":"self","Type":15,"Integer":0,"String":"a","Interface":null}}
2025-08-15T22:13:51.609-0500	DEBUG	protocol/handler.go:596	round already finalized
2025-08-15T22:13:51.609-0500	DEBUG	protocol/handler.go:581	tryAdvanceRound called	{"{current_round 20 3  <nil>}": {"Key":"self","Type":15,"Integer":0,"String":"b","Interface":null}}
2025-08-15T22:13:51.609-0500	DEBUG	protocol/handler.go:1591	have processed broadcast	{"{round 20 3  <nil>}": {"Key":"from","Type":15,"Integer":0,"String":"a","Interface":null}}
2025-08-15T22:13:51.609-0500	DEBUG	protocol/handler.go:1591	have processed broadcast	{"{round 20 3  <nil>}": {"Key":"from","Type":15,"Integer":0,"String":"c","Interface":null}}
2025-08-15T22:13:51.609-0500	DEBUG	protocol/handler.go:1649	have all messages and processed	{"{round 20 3  <nil>}": {"Key":"self","Type":15,"Integer":0,"String":"b","Interface":null}}
2025-08-15T22:13:51.610-0500	DEBUG	protocol/handler.go:596	round already finalized
2025-08-15T22:13:51.610-0500	DEBUG	protocol/handler.go:581	tryAdvanceRound called	{"{current_round 20 3  <nil>}": {"Key":"self","Type":15,"Integer":0,"String":"c","Interface":null}}
2025-08-15T22:13:51.610-0500	DEBUG	protocol/handler.go:1591	have processed broadcast	{"{round 20 3  <nil>}": {"Key":"from","Type":15,"Integer":0,"String":"a","Interface":null}}
2025-08-15T22:13:51.610-0500	DEBUG	protocol/handler.go:1591	have processed broadcast	{"{round 20 3  <nil>}": {"Key":"from","Type":15,"Integer":0,"String":"b","Interface":null}}
2025-08-15T22:13:51.610-0500	DEBUG	protocol/handler.go:1649	have all messages and processed	{"{round 20 3  <nil>}": {"Key":"self","Type":15,"Integer":0,"String":"c","Interface":null}}
2025-08-15T22:13:51.610-0500	DEBUG	protocol/handler.go:596	round already finalized
2025-08-15T22:13:51.610-0500	DEBUG	protocol/handler.go:581	tryAdvanceRound called	{"{current_round 20 3  <nil>}": {"Key":"self","Type":15,"Integer":0,"String":"b","Interface":null}}
2025-08-15T22:13:51.610-0500	DEBUG	protocol/handler.go:1591	have processed broadcast	{"{round 20 3  <nil>}": {"Key":"from","Type":15,"Integer":0,"String":"a","Interface":null}}
2025-08-15T22:13:51.610-0500	DEBUG	protocol/handler.go:1649	have all messages and processed	{"{round 20 3  <nil>}": {"Key":"self","Type":15,"Integer":0,"String":"b","Interface":null}}
2025-08-15T22:13:51.610-0500	DEBUG	protocol/handler.go:596	round already finalized
2025-08-15T22:13:51.632-0500	DEBUG	protocol/handler.go:581	tryAdvanceRound called	{"{current_round 20 3  <nil>}": {"Key":"self","Type":15,"Integer":0,"String":"c","Interface":null}}
2025-08-15T22:13:51.632-0500	DEBUG	protocol/handler.go:1591	have processed broadcast	{"{round 20 3  <nil>}": {"Key":"from","Type":15,"Integer":0,"String":"a","Interface":null}}
2025-08-15T22:13:51.632-0500	DEBUG	protocol/handler.go:1591	have processed broadcast	{"{round 20 3  <nil>}": {"Key":"from","Type":15,"Integer":0,"String":"b","Interface":null}}
2025-08-15T22:13:51.632-0500	DEBUG	protocol/handler.go:1649	have all messages and processed	{"{round 20 3  <nil>}": {"Key":"self","Type":15,"Integer":0,"String":"c","Interface":null}}
2025-08-15T22:13:51.632-0500	DEBUG	protocol/handler.go:596	round already finalized
2025-08-15T22:13:51.632-0500	DEBUG	protocol/handler.go:581	tryAdvanceRound called	{"{current_round 20 3  <nil>}": {"Key":"self","Type":15,"Integer":0,"String":"b","Interface":null}}
2025-08-15T22:13:51.633-0500	DEBUG	protocol/handler.go:1591	have processed broadcast	{"{round 20 3  <nil>}": {"Key":"from","Type":15,"Integer":0,"String":"a","Interface":null}}
2025-08-15T22:13:51.633-0500	DEBUG	protocol/handler.go:1591	have processed broadcast	{"{round 20 3  <nil>}": {"Key":"from","Type":15,"Integer":0,"String":"c","Interface":null}}
2025-08-15T22:13:51.633-0500	DEBUG	protocol/handler.go:1649	have all messages and processed	{"{round 20 3  <nil>}": {"Key":"self","Type":15,"Integer":0,"String":"b","Interface":null}}
2025-08-15T22:13:51.633-0500	DEBUG	protocol/handler.go:596	round already finalized
2025-08-15T22:13:51.633-0500	DEBUG	protocol/handler.go:581	tryAdvanceRound called	{"{current_round 20 3  <nil>}": {"Key":"self","Type":15,"Integer":0,"String":"b","Interface":null}}
2025-08-15T22:13:51.633-0500	DEBUG	protocol/handler.go:1591	have processed broadcast	{"{round 20 3  <nil>}": {"Key":"from","Type":15,"Integer":0,"String":"a","Interface":null}}
2025-08-15T22:13:51.633-0500	DEBUG	protocol/handler.go:1649	have all messages and processed	{"{round 20 3  <nil>}": {"Key":"self","Type":15,"Integer":0,"String":"b","Interface":null}}
2025-08-15T22:13:51.633-0500	DEBUG	protocol/handler.go:596	round already finalized
2025-08-15T22:13:51.633-0500	DEBUG	protocol/handler.go:581	tryAdvanceRound called	{"{current_round 20 3  <nil>}": {"Key":"self","Type":15,"Integer":0,"String":"a","Interface":null}}
2025-08-15T22:13:51.633-0500	DEBUG	protocol/handler.go:1591	have processed broadcast	{"{round 20 3  <nil>}": {"Key":"from","Type":15,"Integer":0,"String":"b","Interface":null}}
2025-08-15T22:13:51.633-0500	DEBUG	protocol/handler.go:1591	have processed broadcast	{"{round 20 3  <nil>}": {"Key":"from","Type":15,"Integer":0,"String":"c","Interface":null}}
2025-08-15T22:13:51.633-0500	DEBUG	protocol/handler.go:1649	have all messages and processed	{"{round 20 3  <nil>}": {"Key":"self","Type":15,"Integer":0,"String":"a","Interface":null}}
2025-08-15T22:13:51.633-0500	DEBUG	protocol/handler.go:596	round already finalized
2025-08-15T22:13:51.657-0500	DEBUG	protocol/handler.go:581	tryAdvanceRound called	{"{current_round 20 3  <nil>}": {"Key":"self","Type":15,"Integer":0,"String":"b","Interface":null}}
2025-08-15T22:13:51.657-0500	DEBUG	protocol/handler.go:1591	have processed broadcast	{"{round 20 3  <nil>}": {"Key":"from","Type":15,"Integer":0,"String":"a","Interface":null}}
2025-08-15T22:13:51.657-0500	DEBUG	protocol/handler.go:1591	have processed broadcast	{"{round 20 3  <nil>}": {"Key":"from","Type":15,"Integer":0,"String":"c","Interface":null}}
2025-08-15T22:13:51.657-0500	DEBUG	protocol/handler.go:1649	have all messages and processed	{"{round 20 3  <nil>}": {"Key":"self","Type":15,"Integer":0,"String":"b","Interface":null}}
2025-08-15T22:13:51.657-0500	DEBUG	protocol/handler.go:596	round already finalized
2025-08-15T22:13:51.657-0500	DEBUG	protocol/handler.go:581	tryAdvanceRound called	{"{current_round 20 3  <nil>}": {"Key":"self","Type":15,"Integer":0,"String":"a","Interface":null}}
2025-08-15T22:13:51.657-0500	DEBUG	protocol/handler.go:1591	have processed broadcast	{"{round 20 3  <nil>}": {"Key":"from","Type":15,"Integer":0,"String":"b","Interface":null}}
2025-08-15T22:13:51.657-0500	DEBUG	protocol/handler.go:1591	have processed broadcast	{"{round 20 3  <nil>}": {"Key":"from","Type":15,"Integer":0,"String":"c","Interface":null}}
2025-08-15T22:13:51.657-0500	DEBUG	protocol/handler.go:1649	have all messages and processed	{"{round 20 3  <nil>}": {"Key":"self","Type":15,"Integer":0,"String":"a","Interface":null}}
2025-08-15T22:13:51.657-0500	DEBUG	protocol/handler.go:596	round already finalized
2025-08-15T22:13:51.657-0500	DEBUG	protocol/handler.go:581	tryAdvanceRound called	{"{current_round 20 3  <nil>}": {"Key":"self","Type":15,"Integer":0,"String":"b","Interface":null}}
2025-08-15T22:13:51.657-0500	DEBUG	protocol/handler.go:1591	have processed broadcast	{"{round 20 3  <nil>}": {"Key":"from","Type":15,"Integer":0,"String":"a","Interface":null}}
2025-08-15T22:13:51.657-0500	DEBUG	protocol/handler.go:1649	have all messages and processed	{"{round 20 3  <nil>}": {"Key":"self","Type":15,"Integer":0,"String":"b","Interface":null}}
2025-08-15T22:13:51.657-0500	DEBUG	protocol/handler.go:596	round already finalized
2025-08-15T22:13:51.680-0500	DEBUG	protocol/handler.go:581	tryAdvanceRound called	{"{current_round 20 3  <nil>}": {"Key":"self","Type":15,"Integer":0,"String":"c","Interface":null}}
2025-08-15T22:13:51.680-0500	DEBUG	protocol/handler.go:1591	have processed broadcast	{"{round 20 3  <nil>}": {"Key":"from","Type":15,"Integer":0,"String":"a","Interface":null}}
2025-08-15T22:13:51.680-0500	DEBUG	protocol/handler.go:1591	have processed broadcast	{"{round 20 3  <nil>}": {"Key":"from","Type":15,"Integer":0,"String":"b","Interface":null}}
2025-08-15T22:13:51.680-0500	DEBUG	protocol/handler.go:1649	have all messages and processed	{"{round 20 3  <nil>}": {"Key":"self","Type":15,"Integer":0,"String":"c","Interface":null}}
2025-08-15T22:13:51.680-0500	DEBUG	protocol/handler.go:596	round already finalized
2025-08-15T22:13:51.680-0500	DEBUG	protocol/handler.go:581	tryAdvanceRound called	{"{current_round 20 3  <nil>}": {"Key":"self","Type":15,"Integer":0,"String":"c","Interface":null}}
2025-08-15T22:13:51.680-0500	DEBUG	protocol/handler.go:1591	have processed broadcast	{"{round 20 3  <nil>}": {"Key":"from","Type":15,"Integer":0,"String":"a","Interface":null}}
2025-08-15T22:13:51.680-0500	DEBUG	protocol/handler.go:1591	have processed broadcast	{"{round 20 3  <nil>}": {"Key":"from","Type":15,"Integer":0,"String":"b","Interface":null}}
2025-08-15T22:13:51.680-0500	DEBUG	protocol/handler.go:1649	have all messages and processed	{"{round 20 3  <nil>}": {"Key":"self","Type":15,"Integer":0,"String":"c","Interface":null}}
2025-08-15T22:13:51.680-0500	DEBUG	protocol/handler.go:596	round already finalized
2025-08-15T22:13:51.680-0500	DEBUG	protocol/handler.go:581	tryAdvanceRound called	{"{current_round 20 3  <nil>}": {"Key":"self","Type":15,"Integer":0,"String":"b","Interface":null}}
2025-08-15T22:13:51.680-0500	DEBUG	protocol/handler.go:1591	have processed broadcast	{"{round 20 3  <nil>}": {"Key":"from","Type":15,"Integer":0,"String":"a","Interface":null}}
2025-08-15T22:13:51.680-0500	DEBUG	protocol/handler.go:1591	have processed broadcast	{"{round 20 3  <nil>}": {"Key":"from","Type":15,"Integer":0,"String":"c","Interface":null}}
2025-08-15T22:13:51.680-0500	DEBUG	protocol/handler.go:1649	have all messages and processed	{"{round 20 3  <nil>}": {"Key":"self","Type":15,"Integer":0,"String":"b","Interface":null}}
2025-08-15T22:13:51.681-0500	DEBUG	protocol/handler.go:596	round already finalized
2025-08-15T22:13:51.681-0500	DEBUG	protocol/handler.go:581	tryAdvanceRound called	{"{current_round 20 3  <nil>}": {"Key":"self","Type":15,"Integer":0,"String":"b","Interface":null}}
2025-08-15T22:13:51.681-0500	DEBUG	protocol/handler.go:1591	have processed broadcast	{"{round 20 3  <nil>}": {"Key":"from","Type":15,"Integer":0,"String":"a","Interface":null}}
2025-08-15T22:13:51.681-0500	DEBUG	protocol/handler.go:1649	have all messages and processed	{"{round 20 3  <nil>}": {"Key":"self","Type":15,"Integer":0,"String":"b","Interface":null}}
2025-08-15T22:13:51.681-0500	DEBUG	protocol/handler.go:596	round already finalized
2025-08-15T22:13:51.681-0500	DEBUG	protocol/handler.go:581	tryAdvanceRound called	{"{current_round 20 3  <nil>}": {"Key":"self","Type":15,"Integer":0,"String":"a","Interface":null}}
2025-08-15T22:13:51.681-0500	DEBUG	protocol/handler.go:1591	have processed broadcast	{"{round 20 3  <nil>}": {"Key":"from","Type":15,"Integer":0,"String":"b","Interface":null}}
2025-08-15T22:13:51.681-0500	DEBUG	protocol/handler.go:1591	have processed broadcast	{"{round 20 3  <nil>}": {"Key":"from","Type":15,"Integer":0,"String":"c","Interface":null}}
2025-08-15T22:13:51.681-0500	DEBUG	protocol/handler.go:1649	have all messages and processed	{"{round 20 3  <nil>}": {"Key":"self","Type":15,"Integer":0,"String":"a","Interface":null}}
2025-08-15T22:13:51.681-0500	DEBUG	protocol/handler.go:596	round already finalized
2025-08-15T22:13:51.681-0500	DEBUG	protocol/handler.go:581	tryAdvanceRound called	{"{current_round 20 3  <nil>}": {"Key":"self","Type":15,"Integer":0,"String":"b","Interface":null}}
2025-08-15T22:13:51.681-0500	DEBUG	protocol/handler.go:1591	have processed broadcast	{"{round 20 3  <nil>}": {"Key":"from","Type":15,"Integer":0,"String":"a","Interface":null}}
2025-08-15T22:13:51.681-0500	DEBUG	protocol/handler.go:1591	have processed broadcast	{"{round 20 3  <nil>}": {"Key":"from","Type":15,"Integer":0,"String":"c","Interface":null}}
2025-08-15T22:13:51.681-0500	DEBUG	protocol/handler.go:1649	have all messages and processed	{"{round 20 3  <nil>}": {"Key":"self","Type":15,"Integer":0,"String":"b","Interface":null}}
2025-08-15T22:13:51.681-0500	DEBUG	protocol/handler.go:596	round already finalized
2025-08-15T22:13:51.681-0500	DEBUG	protocol/handler.go:581	tryAdvanceRound called	{"{current_round 20 3  <nil>}": {"Key":"self","Type":15,"Integer":0,"String":"c","Interface":null}}
2025-08-15T22:13:51.681-0500	DEBUG	protocol/handler.go:1591	have processed broadcast	{"{round 20 3  <nil>}": {"Key":"from","Type":15,"Integer":0,"String":"a","Interface":null}}
2025-08-15T22:13:51.681-0500	DEBUG	protocol/handler.go:1591	have processed broadcast	{"{round 20 3  <nil>}": {"Key":"from","Type":15,"Integer":0,"String":"b","Interface":null}}
2025-08-15T22:13:51.681-0500	DEBUG	protocol/handler.go:1649	have all messages and processed	{"{round 20 3  <nil>}": {"Key":"self","Type":15,"Integer":0,"String":"c","Interface":null}}
2025-08-15T22:13:51.681-0500	DEBUG	protocol/handler.go:596	round already finalized
2025-08-15T22:13:51.709-0500	DEBUG	protocol/handler.go:581	tryAdvanceRound called	{"{current_round 20 3  <nil>}": {"Key":"self","Type":15,"Integer":0,"String":"b","Interface":null}}
2025-08-15T22:13:51.711-0500	DEBUG	protocol/handler.go:1591	have processed broadcast	{"{round 20 3  <nil>}": {"Key":"from","Type":15,"Integer":0,"String":"a","Interface":null}}
2025-08-15T22:13:51.711-0500	DEBUG	protocol/handler.go:1591	have processed broadcast	{"{round 20 3  <nil>}": {"Key":"from","Type":15,"Integer":0,"String":"c","Interface":null}}
2025-08-15T22:13:51.711-0500	DEBUG	protocol/handler.go:1649	have all messages and processed	{"{round 20 3  <nil>}": {"Key":"self","Type":15,"Integer":0,"String":"b","Interface":null}}
2025-08-15T22:13:51.711-0500	DEBUG	protocol/handler.go:596	round already finalized
2025-08-15T22:13:51.711-0500	DEBUG	protocol/handler.go:581	tryAdvanceRound called	{"{current_round 20 3  <nil>}": {"Key":"self","Type":15,"Integer":0,"String":"a","Interface":null}}
2025-08-15T22:13:51.711-0500	DEBUG	protocol/handler.go:1591	have processed broadcast	{"{round 20 3  <nil>}": {"Key":"from","Type":15,"Integer":0,"String":"b","Interface":null}}
2025-08-15T22:13:51.711-0500	DEBUG	protocol/handler.go:1591	have processed broadcast	{"{round 20 3  <nil>}": {"Key":"from","Type":15,"Integer":0,"String":"c","Interface":null}}
2025-08-15T22:13:51.711-0500	DEBUG	protocol/handler.go:1649	have all messages and processed	{"{round 20 3  <nil>}": {"Key":"self","Type":15,"Integer":0,"String":"a","Interface":null}}
2025-08-15T22:13:51.712-0500	DEBUG	protocol/handler.go:596	round already finalized
2025-08-15T22:13:51.712-0500	DEBUG	protocol/handler.go:581	tryAdvanceRound called	{"{current_round 20 3  <nil>}": {"Key":"self","Type":15,"Integer":0,"String":"b","Interface":null}}
2025-08-15T22:13:51.712-0500	DEBUG	protocol/handler.go:1591	have processed broadcast	{"{round 20 3  <nil>}": {"Key":"from","Type":15,"Integer":0,"String":"a","Interface":null}}
2025-08-15T22:13:51.712-0500	DEBUG	protocol/handler.go:1649	have all messages and processed	{"{round 20 3  <nil>}": {"Key":"self","Type":15,"Integer":0,"String":"b","Interface":null}}
2025-08-15T22:13:51.712-0500	DEBUG	protocol/handler.go:596	round already finalized
2025-08-15T22:13:51.712-0500	DEBUG	protocol/handler.go:581	tryAdvanceRound called	{"{current_round 20 3  <nil>}": {"Key":"self","Type":15,"Integer":0,"String":"c","Interface":null}}
2025-08-15T22:13:51.712-0500	DEBUG	protocol/handler.go:1591	have processed broadcast	{"{round 20 3  <nil>}": {"Key":"from","Type":15,"Integer":0,"String":"a","Interface":null}}
2025-08-15T22:13:51.712-0500	DEBUG	protocol/handler.go:1591	have processed broadcast	{"{round 20 3  <nil>}": {"Key":"from","Type":15,"Integer":0,"String":"b","Interface":null}}
2025-08-15T22:13:51.712-0500	DEBUG	protocol/handler.go:1649	have all messages and processed	{"{round 20 3  <nil>}": {"Key":"self","Type":15,"Integer":0,"String":"c","Interface":null}}
2025-08-15T22:13:51.712-0500	DEBUG	protocol/handler.go:596	round already finalized
2025-08-15T22:13:51.712-0500	DEBUG	protocol/handler.go:581	tryAdvanceRound called	{"{current_round 20 3  <nil>}": {"Key":"self","Type":15,"Integer":0,"String":"c","Interface":null}}
2025-08-15T22:13:51.712-0500	DEBUG	protocol/handler.go:1591	have processed broadcast	{"{round 20 3  <nil>}": {"Key":"from","Type":15,"Integer":0,"String":"a","Interface":null}}
2025-08-15T22:13:51.712-0500	DEBUG	protocol/handler.go:1591	have processed broadcast	{"{round 20 3  <nil>}": {"Key":"from","Type":15,"Integer":0,"String":"b","Interface":null}}
2025-08-15T22:13:51.712-0500	DEBUG	protocol/handler.go:1649	have all messages and processed	{"{round 20 3  <nil>}": {"Key":"self","Type":15,"Integer":0,"String":"c","Interface":null}}
2025-08-15T22:13:51.712-0500	DEBUG	protocol/handler.go:596	round already finalized
2025-08-15T22:13:51.712-0500	DEBUG	protocol/handler.go:581	tryAdvanceRound called	{"{current_round 20 3  <nil>}": {"Key":"self","Type":15,"Integer":0,"String":"b","Interface":null}}
2025-08-15T22:13:51.712-0500	DEBUG	protocol/handler.go:1591	have processed broadcast	{"{round 20 3  <nil>}": {"Key":"from","Type":15,"Integer":0,"String":"a","Interface":null}}
2025-08-15T22:13:51.712-0500	DEBUG	protocol/handler.go:1591	have processed broadcast	{"{round 20 3  <nil>}": {"Key":"from","Type":15,"Integer":0,"String":"c","Interface":null}}
2025-08-15T22:13:51.712-0500	DEBUG	protocol/handler.go:1649	have all messages and processed	{"{round 20 3  <nil>}": {"Key":"self","Type":15,"Integer":0,"String":"b","Interface":null}}
2025-08-15T22:13:51.712-0500	DEBUG	protocol/handler.go:596	round already finalized
2025-08-15T22:13:51.734-0500	DEBUG	protocol/handler.go:581	tryAdvanceRound called	{"{current_round 20 3  <nil>}": {"Key":"self","Type":15,"Integer":0,"String":"c","Interface":null}}
2025-08-15T22:13:51.734-0500	DEBUG	protocol/handler.go:1591	have processed broadcast	{"{round 20 3  <nil>}": {"Key":"from","Type":15,"Integer":0,"String":"a","Interface":null}}
2025-08-15T22:13:51.734-0500	DEBUG	protocol/handler.go:1591	have processed broadcast	{"{round 20 3  <nil>}": {"Key":"from","Type":15,"Integer":0,"String":"b","Interface":null}}
2025-08-15T22:13:51.734-0500	DEBUG	protocol/handler.go:1649	have all messages and processed	{"{round 20 3  <nil>}": {"Key":"self","Type":15,"Integer":0,"String":"c","Interface":null}}
2025-08-15T22:13:51.734-0500	DEBUG	protocol/handler.go:596	round already finalized
2025-08-15T22:13:51.734-0500	DEBUG	protocol/handler.go:581	tryAdvanceRound called	{"{current_round 20 3  <nil>}": {"Key":"self","Type":15,"Integer":0,"String":"b","Interface":null}}
2025-08-15T22:13:51.734-0500	DEBUG	protocol/handler.go:1591	have processed broadcast	{"{round 20 3  <nil>}": {"Key":"from","Type":15,"Integer":0,"String":"a","Interface":null}}
2025-08-15T22:13:51.734-0500	DEBUG	protocol/handler.go:1649	have all messages and processed	{"{round 20 3  <nil>}": {"Key":"self","Type":15,"Integer":0,"String":"b","Interface":null}}
2025-08-15T22:13:51.734-0500	DEBUG	protocol/handler.go:596	round already finalized
2025-08-15T22:13:51.734-0500	DEBUG	protocol/handler.go:581	tryAdvanceRound called	{"{current_round 20 3  <nil>}": {"Key":"self","Type":15,"Integer":0,"String":"a","Interface":null}}
2025-08-15T22:13:51.734-0500	DEBUG	protocol/handler.go:1591	have processed broadcast	{"{round 20 3  <nil>}": {"Key":"from","Type":15,"Integer":0,"String":"b","Interface":null}}
2025-08-15T22:13:51.734-0500	DEBUG	protocol/handler.go:1591	have processed broadcast	{"{round 20 3  <nil>}": {"Key":"from","Type":15,"Integer":0,"String":"c","Interface":null}}
2025-08-15T22:13:51.734-0500	DEBUG	protocol/handler.go:1649	have all messages and processed	{"{round 20 3  <nil>}": {"Key":"self","Type":15,"Integer":0,"String":"a","Interface":null}}
2025-08-15T22:13:51.734-0500	DEBUG	protocol/handler.go:596	round already finalized
2025-08-15T22:13:51.734-0500	DEBUG	protocol/handler.go:581	tryAdvanceRound called	{"{current_round 20 3  <nil>}": {"Key":"self","Type":15,"Integer":0,"String":"b","Interface":null}}
2025-08-15T22:13:51.735-0500	DEBUG	protocol/handler.go:1591	have processed broadcast	{"{round 20 3  <nil>}": {"Key":"from","Type":15,"Integer":0,"String":"a","Interface":null}}
2025-08-15T22:13:51.735-0500	DEBUG	protocol/handler.go:1591	have processed broadcast	{"{round 20 3  <nil>}": {"Key":"from","Type":15,"Integer":0,"String":"c","Interface":null}}
2025-08-15T22:13:51.735-0500	DEBUG	protocol/handler.go:1649	have all messages and processed	{"{round 20 3  <nil>}": {"Key":"self","Type":15,"Integer":0,"String":"b","Interface":null}}
2025-08-15T22:13:51.735-0500	DEBUG	protocol/handler.go:596	round already finalized
2025-08-15T22:13:51.759-0500	DEBUG	protocol/handler.go:581	tryAdvanceRound called	{"{current_round 20 3  <nil>}": {"Key":"self","Type":15,"Integer":0,"String":"c","Interface":null}}
2025-08-15T22:13:51.759-0500	DEBUG	protocol/handler.go:1591	have processed broadcast	{"{round 20 3  <nil>}": {"Key":"from","Type":15,"Integer":0,"String":"a","Interface":null}}
2025-08-15T22:13:51.759-0500	DEBUG	protocol/handler.go:1591	have processed broadcast	{"{round 20 3  <nil>}": {"Key":"from","Type":15,"Integer":0,"String":"b","Interface":null}}
2025-08-15T22:13:51.759-0500	DEBUG	protocol/handler.go:1649	have all messages and processed	{"{round 20 3  <nil>}": {"Key":"self","Type":15,"Integer":0,"String":"c","Interface":null}}
2025-08-15T22:13:51.759-0500	DEBUG	protocol/handler.go:596	round already finalized
2025-08-15T22:13:51.759-0500	DEBUG	protocol/handler.go:581	tryAdvanceRound called	{"{current_round 20 3  <nil>}": {"Key":"self","Type":15,"Integer":0,"String":"b","Interface":null}}
2025-08-15T22:13:51.759-0500	DEBUG	protocol/handler.go:1591	have processed broadcast	{"{round 20 3  <nil>}": {"Key":"from","Type":15,"Integer":0,"String":"a","Interface":null}}
2025-08-15T22:13:51.759-0500	DEBUG	protocol/handler.go:1649	have all messages and processed	{"{round 20 3  <nil>}": {"Key":"self","Type":15,"Integer":0,"String":"b","Interface":null}}
2025-08-15T22:13:51.759-0500	DEBUG	protocol/handler.go:596	round already finalized
2025-08-15T22:13:51.759-0500	DEBUG	protocol/handler.go:581	tryAdvanceRound called	{"{current_round 20 3  <nil>}": {"Key":"self","Type":15,"Integer":0,"String":"a","Interface":null}}
2025-08-15T22:13:51.759-0500	DEBUG	protocol/handler.go:1591	have processed broadcast	{"{round 20 3  <nil>}": {"Key":"from","Type":15,"Integer":0,"String":"b","Interface":null}}
2025-08-15T22:13:51.759-0500	DEBUG	protocol/handler.go:1591	have processed broadcast	{"{round 20 3  <nil>}": {"Key":"from","Type":15,"Integer":0,"String":"c","Interface":null}}
2025-08-15T22:13:51.759-0500	DEBUG	protocol/handler.go:1649	have all messages and processed	{"{round 20 3  <nil>}": {"Key":"self","Type":15,"Integer":0,"String":"a","Interface":null}}
2025-08-15T22:13:51.759-0500	DEBUG	protocol/handler.go:596	round already finalized
2025-08-15T22:13:51.759-0500	DEBUG	protocol/handler.go:581	tryAdvanceRound called	{"{current_round 20 3  <nil>}": {"Key":"self","Type":15,"Integer":0,"String":"b","Interface":null}}
2025-08-15T22:13:51.760-0500	DEBUG	protocol/handler.go:1591	have processed broadcast	{"{round 20 3  <nil>}": {"Key":"from","Type":15,"Integer":0,"String":"a","Interface":null}}
2025-08-15T22:13:51.760-0500	DEBUG	protocol/handler.go:1591	have processed broadcast	{"{round 20 3  <nil>}": {"Key":"from","Type":15,"Integer":0,"String":"c","Interface":null}}
2025-08-15T22:13:51.760-0500	DEBUG	protocol/handler.go:1649	have all messages and processed	{"{round 20 3  <nil>}": {"Key":"self","Type":15,"Integer":0,"String":"b","Interface":null}}
2025-08-15T22:13:51.760-0500	DEBUG	protocol/handler.go:596	round already finalized
2025-08-15T22:13:51.782-0500	DEBUG	protocol/handler.go:581	tryAdvanceRound called	{"{current_round 20 3  <nil>}": {"Key":"self","Type":15,"Integer":0,"String":"b","Interface":null}}
2025-08-15T22:13:51.782-0500	DEBUG	protocol/handler.go:1591	have processed broadcast	{"{round 20 3  <nil>}": {"Key":"from","Type":15,"Integer":0,"String":"a","Interface":null}}
2025-08-15T22:13:51.782-0500	DEBUG	protocol/handler.go:1591	have processed broadcast	{"{round 20 3  <nil>}": {"Key":"from","Type":15,"Integer":0,"String":"c","Interface":null}}
2025-08-15T22:13:51.782-0500	DEBUG	protocol/handler.go:1649	have all messages and processed	{"{round 20 3  <nil>}": {"Key":"self","Type":15,"Integer":0,"String":"b","Interface":null}}
2025-08-15T22:13:51.782-0500	DEBUG	protocol/handler.go:596	round already finalized
2025-08-15T22:13:51.782-0500	DEBUG	protocol/handler.go:581	tryAdvanceRound called	{"{current_round 20 3  <nil>}": {"Key":"self","Type":15,"Integer":0,"String":"c","Interface":null}}
2025-08-15T22:13:51.782-0500	DEBUG	protocol/handler.go:1591	have processed broadcast	{"{round 20 3  <nil>}": {"Key":"from","Type":15,"Integer":0,"String":"a","Interface":null}}
2025-08-15T22:13:51.782-0500	DEBUG	protocol/handler.go:1591	have processed broadcast	{"{round 20 3  <nil>}": {"Key":"from","Type":15,"Integer":0,"String":"b","Interface":null}}
2025-08-15T22:13:51.782-0500	DEBUG	protocol/handler.go:1649	have all messages and processed	{"{round 20 3  <nil>}": {"Key":"self","Type":15,"Integer":0,"String":"c","Interface":null}}
2025-08-15T22:13:51.782-0500	DEBUG	protocol/handler.go:596	round already finalized
2025-08-15T22:13:51.782-0500	DEBUG	protocol/handler.go:581	tryAdvanceRound called	{"{current_round 20 3  <nil>}": {"Key":"self","Type":15,"Integer":0,"String":"b","Interface":null}}
2025-08-15T22:13:51.782-0500	DEBUG	protocol/handler.go:1591	have processed broadcast	{"{round 20 3  <nil>}": {"Key":"from","Type":15,"Integer":0,"String":"a","Interface":null}}
2025-08-15T22:13:51.782-0500	DEBUG	protocol/handler.go:1649	have all messages and processed	{"{round 20 3  <nil>}": {"Key":"self","Type":15,"Integer":0,"String":"b","Interface":null}}
2025-08-15T22:13:51.782-0500	DEBUG	protocol/handler.go:596	round already finalized
2025-08-15T22:13:51.782-0500	DEBUG	protocol/handler.go:581	tryAdvanceRound called	{"{current_round 20 3  <nil>}": {"Key":"self","Type":15,"Integer":0,"String":"a","Interface":null}}
2025-08-15T22:13:51.782-0500	DEBUG	protocol/handler.go:1591	have processed broadcast	{"{round 20 3  <nil>}": {"Key":"from","Type":15,"Integer":0,"String":"b","Interface":null}}
2025-08-15T22:13:51.783-0500	DEBUG	protocol/handler.go:1591	have processed broadcast	{"{round 20 3  <nil>}": {"Key":"from","Type":15,"Integer":0,"String":"c","Interface":null}}
2025-08-15T22:13:51.783-0500	DEBUG	protocol/handler.go:1649	have all messages and processed	{"{round 20 3  <nil>}": {"Key":"self","Type":15,"Integer":0,"String":"a","Interface":null}}
2025-08-15T22:13:51.783-0500	DEBUG	protocol/handler.go:596	round already finalized
2025-08-15T22:13:51.803-0500	DEBUG	protocol/handler.go:581	tryAdvanceRound called	{"{current_round 20 3  <nil>}": {"Key":"self","Type":15,"Integer":0,"String":"b","Interface":null}}
2025-08-15T22:13:51.803-0500	DEBUG	protocol/handler.go:1591	have processed broadcast	{"{round 20 3  <nil>}": {"Key":"from","Type":15,"Integer":0,"String":"a","Interface":null}}
2025-08-15T22:13:51.804-0500	DEBUG	protocol/handler.go:1591	have processed broadcast	{"{round 20 3  <nil>}": {"Key":"from","Type":15,"Integer":0,"String":"c","Interface":null}}
2025-08-15T22:13:51.804-0500	DEBUG	protocol/handler.go:1649	have all messages and processed	{"{round 20 3  <nil>}": {"Key":"self","Type":15,"Integer":0,"String":"b","Interface":null}}
2025-08-15T22:13:51.804-0500	DEBUG	protocol/handler.go:596	round already finalized
2025-08-15T22:13:51.804-0500	DEBUG	protocol/handler.go:581	tryAdvanceRound called	{"{current_round 20 3  <nil>}": {"Key":"self","Type":15,"Integer":0,"String":"b","Interface":null}}
2025-08-15T22:13:51.804-0500	DEBUG	protocol/handler.go:1591	have processed broadcast	{"{round 20 3  <nil>}": {"Key":"from","Type":15,"Integer":0,"String":"a","Interface":null}}
2025-08-15T22:13:51.804-0500	DEBUG	protocol/handler.go:1649	have all messages and processed	{"{round 20 3  <nil>}": {"Key":"self","Type":15,"Integer":0,"String":"b","Interface":null}}
2025-08-15T22:13:51.804-0500	DEBUG	protocol/handler.go:596	round already finalized
2025-08-15T22:13:51.804-0500	DEBUG	protocol/handler.go:581	tryAdvanceRound called	{"{current_round 20 3  <nil>}": {"Key":"self","Type":15,"Integer":0,"String":"a","Interface":null}}
2025-08-15T22:13:51.804-0500	DEBUG	protocol/handler.go:1591	have processed broadcast	{"{round 20 3  <nil>}": {"Key":"from","Type":15,"Integer":0,"String":"b","Interface":null}}
2025-08-15T22:13:51.804-0500	DEBUG	protocol/handler.go:1591	have processed broadcast	{"{round 20 3  <nil>}": {"Key":"from","Type":15,"Integer":0,"String":"c","Interface":null}}
2025-08-15T22:13:51.804-0500	DEBUG	protocol/handler.go:1649	have all messages and processed	{"{round 20 3  <nil>}": {"Key":"self","Type":15,"Integer":0,"String":"a","Interface":null}}
2025-08-15T22:13:51.804-0500	DEBUG	protocol/handler.go:596	round already finalized
2025-08-15T22:13:51.804-0500	DEBUG	protocol/handler.go:581	tryAdvanceRound called	{"{current_round 20 3  <nil>}": {"Key":"self","Type":15,"Integer":0,"String":"c","Interface":null}}
2025-08-15T22:13:51.804-0500	DEBUG	protocol/handler.go:1591	have processed broadcast	{"{round 20 3  <nil>}": {"Key":"from","Type":15,"Integer":0,"String":"a","Interface":null}}
2025-08-15T22:13:51.804-0500	DEBUG	protocol/handler.go:1591	have processed broadcast	{"{round 20 3  <nil>}": {"Key":"from","Type":15,"Integer":0,"String":"b","Interface":null}}
2025-08-15T22:13:51.804-0500	DEBUG	protocol/handler.go:1649	have all messages and processed	{"{round 20 3  <nil>}": {"Key":"self","Type":15,"Integer":0,"String":"c","Interface":null}}
2025-08-15T22:13:51.804-0500	DEBUG	protocol/handler.go:596	round already finalized
2025-08-15T22:13:51.827-0500	DEBUG	protocol/handler.go:581	tryAdvanceRound called	{"{current_round 20 3  <nil>}": {"Key":"self","Type":15,"Integer":0,"String":"b","Interface":null}}
2025-08-15T22:13:51.827-0500	DEBUG	protocol/handler.go:1591	have processed broadcast	{"{round 20 3  <nil>}": {"Key":"from","Type":15,"Integer":0,"String":"a","Interface":null}}
2025-08-15T22:13:51.827-0500	DEBUG	protocol/handler.go:1591	have processed broadcast	{"{round 20 3  <nil>}": {"Key":"from","Type":15,"Integer":0,"String":"c","Interface":null}}
2025-08-15T22:13:51.827-0500	DEBUG	protocol/handler.go:1649	have all messages and processed	{"{round 20 3  <nil>}": {"Key":"self","Type":15,"Integer":0,"String":"b","Interface":null}}
2025-08-15T22:13:51.827-0500	DEBUG	protocol/handler.go:596	round already finalized
2025-08-15T22:13:51.827-0500	DEBUG	protocol/handler.go:581	tryAdvanceRound called	{"{current_round 20 3  <nil>}": {"Key":"self","Type":15,"Integer":0,"String":"b","Interface":null}}
2025-08-15T22:13:51.827-0500	DEBUG	protocol/handler.go:1591	have processed broadcast	{"{round 20 3  <nil>}": {"Key":"from","Type":15,"Integer":0,"String":"a","Interface":null}}
2025-08-15T22:13:51.827-0500	DEBUG	protocol/handler.go:1649	have all messages and processed	{"{round 20 3  <nil>}": {"Key":"self","Type":15,"Integer":0,"String":"b","Interface":null}}
2025-08-15T22:13:51.828-0500	DEBUG	protocol/handler.go:596	round already finalized
2025-08-15T22:13:51.828-0500	DEBUG	protocol/handler.go:581	tryAdvanceRound called	{"{current_round 20 3  <nil>}": {"Key":"self","Type":15,"Integer":0,"String":"a","Interface":null}}
2025-08-15T22:13:51.828-0500	DEBUG	protocol/handler.go:1591	have processed broadcast	{"{round 20 3  <nil>}": {"Key":"from","Type":15,"Integer":0,"String":"b","Interface":null}}
2025-08-15T22:13:51.828-0500	DEBUG	protocol/handler.go:1591	have processed broadcast	{"{round 20 3  <nil>}": {"Key":"from","Type":15,"Integer":0,"String":"c","Interface":null}}
2025-08-15T22:13:51.828-0500	DEBUG	protocol/handler.go:1649	have all messages and processed	{"{round 20 3  <nil>}": {"Key":"self","Type":15,"Integer":0,"String":"a","Interface":null}}
2025-08-15T22:13:51.828-0500	DEBUG	protocol/handler.go:596	round already finalized
2025-08-15T22:13:51.828-0500	DEBUG	protocol/handler.go:581	tryAdvanceRound called	{"{current_round 20 3  <nil>}": {"Key":"self","Type":15,"Integer":0,"String":"c","Interface":null}}
2025-08-15T22:13:51.828-0500	DEBUG	protocol/handler.go:1591	have processed broadcast	{"{round 20 3  <nil>}": {"Key":"from","Type":15,"Integer":0,"String":"a","Interface":null}}
2025-08-15T22:13:51.828-0500	DEBUG	protocol/handler.go:1591	have processed broadcast	{"{round 20 3  <nil>}": {"Key":"from","Type":15,"Integer":0,"String":"b","Interface":null}}
2025-08-15T22:13:51.828-0500	DEBUG	protocol/handler.go:1649	have all messages and processed	{"{round 20 3  <nil>}": {"Key":"self","Type":15,"Integer":0,"String":"c","Interface":null}}
2025-08-15T22:13:51.828-0500	DEBUG	protocol/handler.go:596	round already finalized
2025-08-15T22:13:51.852-0500	DEBUG	protocol/handler.go:581	tryAdvanceRound called	{"{current_round 20 3  <nil>}": {"Key":"self","Type":15,"Integer":0,"String":"c","Interface":null}}
2025-08-15T22:13:51.853-0500	DEBUG	protocol/handler.go:1591	have processed broadcast	{"{round 20 3  <nil>}": {"Key":"from","Type":15,"Integer":0,"String":"a","Interface":null}}
2025-08-15T22:13:51.853-0500	DEBUG	protocol/handler.go:1591	have processed broadcast	{"{round 20 3  <nil>}": {"Key":"from","Type":15,"Integer":0,"String":"b","Interface":null}}
2025-08-15T22:13:51.854-0500	DEBUG	protocol/handler.go:1649	have all messages and processed	{"{round 20 3  <nil>}": {"Key":"self","Type":15,"Integer":0,"String":"c","Interface":null}}
2025-08-15T22:13:51.854-0500	DEBUG	protocol/handler.go:596	round already finalized
2025-08-15T22:13:51.854-0500	DEBUG	protocol/handler.go:581	tryAdvanceRound called	{"{current_round 20 3  <nil>}": {"Key":"self","Type":15,"Integer":0,"String":"b","Interface":null}}
2025-08-15T22:13:51.854-0500	DEBUG	protocol/handler.go:1591	have processed broadcast	{"{round 20 3  <nil>}": {"Key":"from","Type":15,"Integer":0,"String":"a","Interface":null}}
2025-08-15T22:13:51.854-0500	DEBUG	protocol/handler.go:1591	have processed broadcast	{"{round 20 3  <nil>}": {"Key":"from","Type":15,"Integer":0,"String":"c","Interface":null}}
2025-08-15T22:13:51.854-0500	DEBUG	protocol/handler.go:1649	have all messages and processed	{"{round 20 3  <nil>}": {"Key":"self","Type":15,"Integer":0,"String":"b","Interface":null}}
2025-08-15T22:13:51.855-0500	DEBUG	protocol/handler.go:596	round already finalized
2025-08-15T22:13:51.855-0500	DEBUG	protocol/handler.go:581	tryAdvanceRound called	{"{current_round 20 3  <nil>}": {"Key":"self","Type":15,"Integer":0,"String":"b","Interface":null}}
2025-08-15T22:13:51.855-0500	DEBUG	protocol/handler.go:1591	have processed broadcast	{"{round 20 3  <nil>}": {"Key":"from","Type":15,"Integer":0,"String":"a","Interface":null}}
2025-08-15T22:13:51.855-0500	DEBUG	protocol/handler.go:1649	have all messages and processed	{"{round 20 3  <nil>}": {"Key":"self","Type":15,"Integer":0,"String":"b","Interface":null}}
2025-08-15T22:13:51.855-0500	DEBUG	protocol/handler.go:596	round already finalized
2025-08-15T22:13:51.855-0500	DEBUG	protocol/handler.go:581	tryAdvanceRound called	{"{current_round 20 3  <nil>}": {"Key":"self","Type":15,"Integer":0,"String":"a","Interface":null}}
2025-08-15T22:13:51.855-0500	DEBUG	protocol/handler.go:1591	have processed broadcast	{"{round 20 3  <nil>}": {"Key":"from","Type":15,"Integer":0,"String":"b","Interface":null}}
2025-08-15T22:13:51.855-0500	DEBUG	protocol/handler.go:1591	have processed broadcast	{"{round 20 3  <nil>}": {"Key":"from","Type":15,"Integer":0,"String":"c","Interface":null}}
2025-08-15T22:13:51.856-0500	DEBUG	protocol/handler.go:1649	have all messages and processed	{"{round 20 3  <nil>}": {"Key":"self","Type":15,"Integer":0,"String":"a","Interface":null}}
2025-08-15T22:13:51.856-0500	DEBUG	protocol/handler.go:596	round already finalized
2025-08-15T22:13:51.876-0500	DEBUG	protocol/handler.go:581	tryAdvanceRound called	{"{current_round 20 3  <nil>}": {"Key":"self","Type":15,"Integer":0,"String":"c","Interface":null}}
2025-08-15T22:13:51.879-0500	DEBUG	protocol/handler.go:1591	have processed broadcast	{"{round 20 3  <nil>}": {"Key":"from","Type":15,"Integer":0,"String":"a","Interface":null}}
2025-08-15T22:13:51.879-0500	DEBUG	protocol/handler.go:1591	have processed broadcast	{"{round 20 3  <nil>}": {"Key":"from","Type":15,"Integer":0,"String":"b","Interface":null}}
2025-08-15T22:13:51.880-0500	DEBUG	protocol/handler.go:1649	have all messages and processed	{"{round 20 3  <nil>}": {"Key":"self","Type":15,"Integer":0,"String":"c","Interface":null}}
2025-08-15T22:13:51.880-0500	DEBUG	protocol/handler.go:596	round already finalized
2025-08-15T22:13:51.880-0500	DEBUG	protocol/handler.go:581	tryAdvanceRound called	{"{current_round 20 3  <nil>}": {"Key":"self","Type":15,"Integer":0,"String":"a","Interface":null}}
2025-08-15T22:13:51.880-0500	DEBUG	protocol/handler.go:1591	have processed broadcast	{"{round 20 3  <nil>}": {"Key":"from","Type":15,"Integer":0,"String":"b","Interface":null}}
2025-08-15T22:13:51.880-0500	DEBUG	protocol/handler.go:1591	have processed broadcast	{"{round 20 3  <nil>}": {"Key":"from","Type":15,"Integer":0,"String":"c","Interface":null}}
2025-08-15T22:13:51.880-0500	DEBUG	protocol/handler.go:1649	have all messages and processed	{"{round 20 3  <nil>}": {"Key":"self","Type":15,"Integer":0,"String":"a","Interface":null}}
2025-08-15T22:13:51.880-0500	DEBUG	protocol/handler.go:596	round already finalized
2025-08-15T22:13:51.880-0500	DEBUG	protocol/handler.go:581	tryAdvanceRound called	{"{current_round 20 3  <nil>}": {"Key":"self","Type":15,"Integer":0,"String":"a","Interface":null}}
2025-08-15T22:13:51.880-0500	DEBUG	protocol/handler.go:1591	have processed broadcast	{"{round 20 3  <nil>}": {"Key":"from","Type":15,"Integer":0,"String":"b","Interface":null}}
2025-08-15T22:13:51.880-0500	DEBUG	protocol/handler.go:1591	have processed broadcast	{"{round 20 3  <nil>}": {"Key":"from","Type":15,"Integer":0,"String":"c","Interface":null}}
2025-08-15T22:13:51.880-0500	DEBUG	protocol/handler.go:1649	have all messages and processed	{"{round 20 3  <nil>}": {"Key":"self","Type":15,"Integer":0,"String":"a","Interface":null}}
2025-08-15T22:13:51.880-0500	DEBUG	protocol/handler.go:596	round already finalized
2025-08-15T22:13:51.880-0500	DEBUG	protocol/handler.go:581	tryAdvanceRound called	{"{current_round 20 3  <nil>}": {"Key":"self","Type":15,"Integer":0,"String":"b","Interface":null}}
2025-08-15T22:13:51.880-0500	DEBUG	protocol/handler.go:1591	have processed broadcast	{"{round 20 3  <nil>}": {"Key":"from","Type":15,"Integer":0,"String":"a","Interface":null}}
2025-08-15T22:13:51.880-0500	DEBUG	protocol/handler.go:1649	have all messages and processed	{"{round 20 3  <nil>}": {"Key":"self","Type":15,"Integer":0,"String":"b","Interface":null}}
2025-08-15T22:13:51.881-0500	DEBUG	protocol/handler.go:596	round already finalized
2025-08-15T22:13:51.881-0500	DEBUG	protocol/handler.go:581	tryAdvanceRound called	{"{current_round 20 3  <nil>}": {"Key":"self","Type":15,"Integer":0,"String":"b","Interface":null}}
2025-08-15T22:13:51.881-0500	DEBUG	protocol/handler.go:1591	have processed broadcast	{"{round 20 3  <nil>}": {"Key":"from","Type":15,"Integer":0,"String":"a","Interface":null}}
2025-08-15T22:13:51.881-0500	DEBUG	protocol/handler.go:1649	have all messages and processed	{"{round 20 3  <nil>}": {"Key":"self","Type":15,"Integer":0,"String":"b","Interface":null}}
2025-08-15T22:13:51.881-0500	DEBUG	protocol/handler.go:596	round already finalized
2025-08-15T22:13:51.881-0500	DEBUG	protocol/handler.go:581	tryAdvanceRound called	{"{current_round 20 3  <nil>}": {"Key":"self","Type":15,"Integer":0,"String":"b","Interface":null}}
2025-08-15T22:13:51.881-0500	DEBUG	protocol/handler.go:1591	have processed broadcast	{"{round 20 3  <nil>}": {"Key":"from","Type":15,"Integer":0,"String":"a","Interface":null}}
2025-08-15T22:13:51.881-0500	DEBUG	protocol/handler.go:1591	have processed broadcast	{"{round 20 3  <nil>}": {"Key":"from","Type":15,"Integer":0,"String":"c","Interface":null}}
2025-08-15T22:13:51.882-0500	DEBUG	protocol/handler.go:1649	have all messages and processed	{"{round 20 3  <nil>}": {"Key":"self","Type":15,"Integer":0,"String":"b","Interface":null}}
2025-08-15T22:13:51.882-0500	DEBUG	protocol/handler.go:596	round already finalized
2025-08-15T22:13:51.882-0500	DEBUG	protocol/handler.go:581	tryAdvanceRound called	{"{current_round 20 3  <nil>}": {"Key":"self","Type":15,"Integer":0,"String":"b","Interface":null}}
2025-08-15T22:13:51.882-0500	DEBUG	protocol/handler.go:1591	have processed broadcast	{"{round 20 3  <nil>}": {"Key":"from","Type":15,"Integer":0,"String":"a","Interface":null}}
2025-08-15T22:13:51.882-0500	DEBUG	protocol/handler.go:1591	have processed broadcast	{"{round 20 3  <nil>}": {"Key":"from","Type":15,"Integer":0,"String":"c","Interface":null}}
2025-08-15T22:13:51.882-0500	DEBUG	protocol/handler.go:1649	have all messages and processed	{"{round 20 3  <nil>}": {"Key":"self","Type":15,"Integer":0,"String":"b","Interface":null}}
2025-08-15T22:13:51.882-0500	DEBUG	protocol/handler.go:596	round already finalized
2025-08-15T22:13:51.882-0500	DEBUG	protocol/handler.go:581	tryAdvanceRound called	{"{current_round 20 3  <nil>}": {"Key":"self","Type":15,"Integer":0,"String":"c","Interface":null}}
2025-08-15T22:13:51.882-0500	DEBUG	protocol/handler.go:1591	have processed broadcast	{"{round 20 3  <nil>}": {"Key":"from","Type":15,"Integer":0,"String":"a","Interface":null}}
2025-08-15T22:13:51.882-0500	DEBUG	protocol/handler.go:1591	have processed broadcast	{"{round 20 3  <nil>}": {"Key":"from","Type":15,"Integer":0,"String":"b","Interface":null}}
2025-08-15T22:13:51.882-0500	DEBUG	protocol/handler.go:1649	have all messages and processed	{"{round 20 3  <nil>}": {"Key":"self","Type":15,"Integer":0,"String":"c","Interface":null}}
2025-08-15T22:13:51.882-0500	DEBUG	protocol/handler.go:596	round already finalized
2025-08-15T22:13:51.897-0500	DEBUG	protocol/handler.go:581	tryAdvanceRound called	{"{current_round 20 3  <nil>}": {"Key":"self","Type":15,"Integer":0,"String":"c","Interface":null}}
2025-08-15T22:13:51.897-0500	DEBUG	protocol/handler.go:1591	have processed broadcast	{"{round 20 3  <nil>}": {"Key":"from","Type":15,"Integer":0,"String":"a","Interface":null}}
2025-08-15T22:13:51.897-0500	DEBUG	protocol/handler.go:1591	have processed broadcast	{"{round 20 3  <nil>}": {"Key":"from","Type":15,"Integer":0,"String":"b","Interface":null}}
2025-08-15T22:13:51.898-0500	DEBUG	protocol/handler.go:1649	have all messages and processed	{"{round 20 3  <nil>}": {"Key":"self","Type":15,"Integer":0,"String":"c","Interface":null}}
2025-08-15T22:13:51.898-0500	DEBUG	protocol/handler.go:596	round already finalized
2025-08-15T22:13:51.898-0500	DEBUG	protocol/handler.go:581	tryAdvanceRound called	{"{current_round 20 3  <nil>}": {"Key":"self","Type":15,"Integer":0,"String":"b","Interface":null}}
2025-08-15T22:13:51.898-0500	DEBUG	protocol/handler.go:1591	have processed broadcast	{"{round 20 3  <nil>}": {"Key":"from","Type":15,"Integer":0,"String":"a","Interface":null}}
2025-08-15T22:13:51.898-0500	DEBUG	protocol/handler.go:1649	have all messages and processed	{"{round 20 3  <nil>}": {"Key":"self","Type":15,"Integer":0,"String":"b","Interface":null}}
2025-08-15T22:13:51.898-0500	DEBUG	protocol/handler.go:596	round already finalized
2025-08-15T22:13:51.898-0500	DEBUG	protocol/handler.go:581	tryAdvanceRound called	{"{current_round 20 3  <nil>}": {"Key":"self","Type":15,"Integer":0,"String":"a","Interface":null}}
2025-08-15T22:13:51.898-0500	DEBUG	protocol/handler.go:1591	have processed broadcast	{"{round 20 3  <nil>}": {"Key":"from","Type":15,"Integer":0,"String":"b","Interface":null}}
2025-08-15T22:13:51.898-0500	DEBUG	protocol/handler.go:1591	have processed broadcast	{"{round 20 3  <nil>}": {"Key":"from","Type":15,"Integer":0,"String":"c","Interface":null}}
2025-08-15T22:13:51.898-0500	DEBUG	protocol/handler.go:1649	have all messages and processed	{"{round 20 3  <nil>}": {"Key":"self","Type":15,"Integer":0,"String":"a","Interface":null}}
2025-08-15T22:13:51.898-0500	DEBUG	protocol/handler.go:596	round already finalized
2025-08-15T22:13:51.898-0500	DEBUG	protocol/handler.go:581	tryAdvanceRound called	{"{current_round 20 3  <nil>}": {"Key":"self","Type":15,"Integer":0,"String":"b","Interface":null}}
2025-08-15T22:13:51.898-0500	DEBUG	protocol/handler.go:1591	have processed broadcast	{"{round 20 3  <nil>}": {"Key":"from","Type":15,"Integer":0,"String":"a","Interface":null}}
2025-08-15T22:13:51.898-0500	DEBUG	protocol/handler.go:1591	have processed broadcast	{"{round 20 3  <nil>}": {"Key":"from","Type":15,"Integer":0,"String":"c","Interface":null}}
2025-08-15T22:13:51.898-0500	DEBUG	protocol/handler.go:1649	have all messages and processed	{"{round 20 3  <nil>}": {"Key":"self","Type":15,"Integer":0,"String":"b","Interface":null}}
2025-08-15T22:13:51.898-0500	DEBUG	protocol/handler.go:596	round already finalized
2025-08-15T22:13:51.920-0500	DEBUG	protocol/handler.go:581	tryAdvanceRound called	{"{current_round 20 3  <nil>}": {"Key":"self","Type":15,"Integer":0,"String":"a","Interface":null}}
2025-08-15T22:13:51.920-0500	DEBUG	protocol/handler.go:1591	have processed broadcast	{"{round 20 3  <nil>}": {"Key":"from","Type":15,"Integer":0,"String":"b","Interface":null}}
2025-08-15T22:13:51.920-0500	DEBUG	protocol/handler.go:1591	have processed broadcast	{"{round 20 3  <nil>}": {"Key":"from","Type":15,"Integer":0,"String":"c","Interface":null}}
2025-08-15T22:13:51.920-0500	DEBUG	protocol/handler.go:1649	have all messages and processed	{"{round 20 3  <nil>}": {"Key":"self","Type":15,"Integer":0,"String":"a","Interface":null}}
2025-08-15T22:13:51.920-0500	DEBUG	protocol/handler.go:596	round already finalized
2025-08-15T22:13:51.920-0500	DEBUG	protocol/handler.go:581	tryAdvanceRound called	{"{current_round 20 3  <nil>}": {"Key":"self","Type":15,"Integer":0,"String":"b","Interface":null}}
2025-08-15T22:13:51.920-0500	DEBUG	protocol/handler.go:1591	have processed broadcast	{"{round 20 3  <nil>}": {"Key":"from","Type":15,"Integer":0,"String":"a","Interface":null}}
2025-08-15T22:13:51.920-0500	DEBUG	protocol/handler.go:1591	have processed broadcast	{"{round 20 3  <nil>}": {"Key":"from","Type":15,"Integer":0,"String":"c","Interface":null}}
2025-08-15T22:13:51.920-0500	DEBUG	protocol/handler.go:1649	have all messages and processed	{"{round 20 3  <nil>}": {"Key":"self","Type":15,"Integer":0,"String":"b","Interface":null}}
2025-08-15T22:13:51.920-0500	DEBUG	protocol/handler.go:596	round already finalized
2025-08-15T22:13:51.920-0500	DEBUG	protocol/handler.go:581	tryAdvanceRound called	{"{current_round 20 3  <nil>}": {"Key":"self","Type":15,"Integer":0,"String":"c","Interface":null}}
2025-08-15T22:13:51.920-0500	DEBUG	protocol/handler.go:1591	have processed broadcast	{"{round 20 3  <nil>}": {"Key":"from","Type":15,"Integer":0,"String":"a","Interface":null}}
2025-08-15T22:13:51.920-0500	DEBUG	protocol/handler.go:1591	have processed broadcast	{"{round 20 3  <nil>}": {"Key":"from","Type":15,"Integer":0,"String":"b","Interface":null}}
2025-08-15T22:13:51.920-0500	DEBUG	protocol/handler.go:1649	have all messages and processed	{"{round 20 3  <nil>}": {"Key":"self","Type":15,"Integer":0,"String":"c","Interface":null}}
2025-08-15T22:13:51.920-0500	DEBUG	protocol/handler.go:596	round already finalized
2025-08-15T22:13:51.920-0500	DEBUG	protocol/handler.go:581	tryAdvanceRound called	{"{current_round 20 3  <nil>}": {"Key":"self","Type":15,"Integer":0,"String":"b","Interface":null}}
2025-08-15T22:13:51.921-0500	DEBUG	protocol/handler.go:1591	have processed broadcast	{"{round 20 3  <nil>}": {"Key":"from","Type":15,"Integer":0,"String":"a","Interface":null}}
2025-08-15T22:13:51.921-0500	DEBUG	protocol/handler.go:1649	have all messages and processed	{"{round 20 3  <nil>}": {"Key":"self","Type":15,"Integer":0,"String":"b","Interface":null}}
2025-08-15T22:13:51.921-0500	DEBUG	protocol/handler.go:596	round already finalized
2025-08-15T22:13:51.921-0500	DEBUG	protocol/handler.go:581	tryAdvanceRound called	{"{current_round 20 3  <nil>}": {"Key":"self","Type":15,"Integer":0,"String":"b","Interface":null}}
2025-08-15T22:13:51.921-0500	DEBUG	protocol/handler.go:1591	have processed broadcast	{"{round 20 3  <nil>}": {"Key":"from","Type":15,"Integer":0,"String":"a","Interface":null}}
2025-08-15T22:13:51.921-0500	DEBUG	protocol/handler.go:1591	have processed broadcast	{"{round 20 3  <nil>}": {"Key":"from","Type":15,"Integer":0,"String":"c","Interface":null}}
2025-08-15T22:13:51.921-0500	DEBUG	protocol/handler.go:1649	have all messages and processed	{"{round 20 3  <nil>}": {"Key":"self","Type":15,"Integer":0,"String":"b","Interface":null}}
2025-08-15T22:13:51.921-0500	DEBUG	protocol/handler.go:596	round already finalized
2025-08-15T22:13:51.940-0500	DEBUG	protocol/handler.go:581	tryAdvanceRound called	{"{current_round 20 3  <nil>}": {"Key":"self","Type":15,"Integer":0,"String":"a","Interface":null}}
2025-08-15T22:13:51.940-0500	DEBUG	protocol/handler.go:1591	have processed broadcast	{"{round 20 3  <nil>}": {"Key":"from","Type":15,"Integer":0,"String":"b","Interface":null}}
2025-08-15T22:13:51.940-0500	DEBUG	protocol/handler.go:1591	have processed broadcast	{"{round 20 3  <nil>}": {"Key":"from","Type":15,"Integer":0,"String":"c","Interface":null}}
2025-08-15T22:13:51.940-0500	DEBUG	protocol/handler.go:1649	have all messages and processed	{"{round 20 3  <nil>}": {"Key":"self","Type":15,"Integer":0,"String":"a","Interface":null}}
2025-08-15T22:13:51.940-0500	DEBUG	protocol/handler.go:596	round already finalized
2025-08-15T22:13:51.940-0500	DEBUG	protocol/handler.go:581	tryAdvanceRound called	{"{current_round 20 3  <nil>}": {"Key":"self","Type":15,"Integer":0,"String":"b","Interface":null}}
2025-08-15T22:13:51.940-0500	DEBUG	protocol/handler.go:1591	have processed broadcast	{"{round 20 3  <nil>}": {"Key":"from","Type":15,"Integer":0,"String":"a","Interface":null}}
2025-08-15T22:13:51.940-0500	DEBUG	protocol/handler.go:1649	have all messages and processed	{"{round 20 3  <nil>}": {"Key":"self","Type":15,"Integer":0,"String":"b","Interface":null}}
2025-08-15T22:13:51.941-0500	DEBUG	protocol/handler.go:596	round already finalized
2025-08-15T22:13:51.941-0500	DEBUG	protocol/handler.go:581	tryAdvanceRound called	{"{current_round 20 3  <nil>}": {"Key":"self","Type":15,"Integer":0,"String":"c","Interface":null}}
2025-08-15T22:13:51.941-0500	DEBUG	protocol/handler.go:1591	have processed broadcast	{"{round 20 3  <nil>}": {"Key":"from","Type":15,"Integer":0,"String":"a","Interface":null}}
2025-08-15T22:13:51.941-0500	DEBUG	protocol/handler.go:1591	have processed broadcast	{"{round 20 3  <nil>}": {"Key":"from","Type":15,"Integer":0,"String":"b","Interface":null}}
2025-08-15T22:13:51.941-0500	DEBUG	protocol/handler.go:1649	have all messages and processed	{"{round 20 3  <nil>}": {"Key":"self","Type":15,"Integer":0,"String":"c","Interface":null}}
2025-08-15T22:13:51.941-0500	DEBUG	protocol/handler.go:596	round already finalized
2025-08-15T22:13:51.941-0500	DEBUG	protocol/handler.go:581	tryAdvanceRound called	{"{current_round 20 3  <nil>}": {"Key":"self","Type":15,"Integer":0,"String":"b","Interface":null}}
2025-08-15T22:13:51.941-0500	DEBUG	protocol/handler.go:1591	have processed broadcast	{"{round 20 3  <nil>}": {"Key":"from","Type":15,"Integer":0,"String":"a","Interface":null}}
2025-08-15T22:13:51.942-0500	DEBUG	protocol/handler.go:1591	have processed broadcast	{"{round 20 3  <nil>}": {"Key":"from","Type":15,"Integer":0,"String":"c","Interface":null}}
2025-08-15T22:13:51.942-0500	DEBUG	protocol/handler.go:1649	have all messages and processed	{"{round 20 3  <nil>}": {"Key":"self","Type":15,"Integer":0,"String":"b","Interface":null}}
2025-08-15T22:13:51.942-0500	DEBUG	protocol/handler.go:596	round already finalized
2025-08-15T22:13:51.942-0500	DEBUG	protocol/handler.go:581	tryAdvanceRound called	{"{current_round 20 3  <nil>}": {"Key":"self","Type":15,"Integer":0,"String":"b","Interface":null}}
2025-08-15T22:13:51.942-0500	DEBUG	protocol/handler.go:1591	have processed broadcast	{"{round 20 3  <nil>}": {"Key":"from","Type":15,"Integer":0,"String":"a","Interface":null}}
2025-08-15T22:13:51.943-0500	DEBUG	protocol/handler.go:1591	have processed broadcast	{"{round 20 3  <nil>}": {"Key":"from","Type":15,"Integer":0,"String":"c","Interface":null}}
2025-08-15T22:13:51.943-0500	DEBUG	protocol/handler.go:1649	have all messages and processed	{"{round 20 3  <nil>}": {"Key":"self","Type":15,"Integer":0,"String":"b","Interface":null}}
2025-08-15T22:13:51.943-0500	DEBUG	protocol/handler.go:596	round already finalized
2025-08-15T22:13:51.941-0500	DEBUG	protocol/handler.go:581	tryAdvanceRound called	{"{current_round 20 3  <nil>}": {"Key":"self","Type":15,"Integer":0,"String":"c","Interface":null}}
2025-08-15T22:13:51.944-0500	DEBUG	protocol/handler.go:1591	have processed broadcast	{"{round 20 3  <nil>}": {"Key":"from","Type":15,"Integer":0,"String":"a","Interface":null}}
2025-08-15T22:13:51.944-0500	DEBUG	protocol/handler.go:1591	have processed broadcast	{"{round 20 3  <nil>}": {"Key":"from","Type":15,"Integer":0,"String":"b","Interface":null}}
2025-08-15T22:13:51.944-0500	DEBUG	protocol/handler.go:1649	have all messages and processed	{"{round 20 3  <nil>}": {"Key":"self","Type":15,"Integer":0,"String":"c","Interface":null}}
2025-08-15T22:13:51.944-0500	DEBUG	protocol/handler.go:596	round already finalized
2025-08-15T22:13:51.963-0500	DEBUG	protocol/handler.go:581	tryAdvanceRound called	{"{current_round 20 3  <nil>}": {"Key":"self","Type":15,"Integer":0,"String":"a","Interface":null}}
2025-08-15T22:13:51.963-0500	DEBUG	protocol/handler.go:1591	have processed broadcast	{"{round 20 3  <nil>}": {"Key":"from","Type":15,"Integer":0,"String":"b","Interface":null}}
2025-08-15T22:13:51.964-0500	DEBUG	protocol/handler.go:1591	have processed broadcast	{"{round 20 3  <nil>}": {"Key":"from","Type":15,"Integer":0,"String":"c","Interface":null}}
2025-08-15T22:13:51.964-0500	DEBUG	protocol/handler.go:1649	have all messages and processed	{"{round 20 3  <nil>}": {"Key":"self","Type":15,"Integer":0,"String":"a","Interface":null}}
2025-08-15T22:13:51.964-0500	DEBUG	protocol/handler.go:596	round already finalized
2025-08-15T22:13:51.964-0500	DEBUG	protocol/handler.go:581	tryAdvanceRound called	{"{current_round 20 3  <nil>}": {"Key":"self","Type":15,"Integer":0,"String":"b","Interface":null}}
2025-08-15T22:13:51.964-0500	DEBUG	protocol/handler.go:1591	have processed broadcast	{"{round 20 3  <nil>}": {"Key":"from","Type":15,"Integer":0,"String":"a","Interface":null}}
2025-08-15T22:13:51.964-0500	DEBUG	protocol/handler.go:1649	have all messages and processed	{"{round 20 3  <nil>}": {"Key":"self","Type":15,"Integer":0,"String":"b","Interface":null}}
2025-08-15T22:13:51.964-0500	DEBUG	protocol/handler.go:596	round already finalized
2025-08-15T22:13:51.964-0500	DEBUG	protocol/handler.go:581	tryAdvanceRound called	{"{current_round 20 3  <nil>}": {"Key":"self","Type":15,"Integer":0,"String":"b","Interface":null}}
2025-08-15T22:13:51.964-0500	DEBUG	protocol/handler.go:1591	have processed broadcast	{"{round 20 3  <nil>}": {"Key":"from","Type":15,"Integer":0,"String":"a","Interface":null}}
2025-08-15T22:13:51.964-0500	DEBUG	protocol/handler.go:1591	have processed broadcast	{"{round 20 3  <nil>}": {"Key":"from","Type":15,"Integer":0,"String":"c","Interface":null}}
2025-08-15T22:13:51.964-0500	DEBUG	protocol/handler.go:1649	have all messages and processed	{"{round 20 3  <nil>}": {"Key":"self","Type":15,"Integer":0,"String":"b","Interface":null}}
2025-08-15T22:13:51.964-0500	DEBUG	protocol/handler.go:596	round already finalized
2025-08-15T22:13:51.964-0500	DEBUG	protocol/handler.go:581	tryAdvanceRound called	{"{current_round 20 3  <nil>}": {"Key":"self","Type":15,"Integer":0,"String":"c","Interface":null}}
2025-08-15T22:13:51.964-0500	DEBUG	protocol/handler.go:1591	have processed broadcast	{"{round 20 3  <nil>}": {"Key":"from","Type":15,"Integer":0,"String":"a","Interface":null}}
2025-08-15T22:13:51.964-0500	DEBUG	protocol/handler.go:1591	have processed broadcast	{"{round 20 3  <nil>}": {"Key":"from","Type":15,"Integer":0,"String":"b","Interface":null}}
2025-08-15T22:13:51.964-0500	DEBUG	protocol/handler.go:1649	have all messages and processed	{"{round 20 3  <nil>}": {"Key":"self","Type":15,"Integer":0,"String":"c","Interface":null}}
2025-08-15T22:13:51.964-0500	DEBUG	protocol/handler.go:596	round already finalized
2025-08-15T22:13:51.985-0500	DEBUG	protocol/handler.go:581	tryAdvanceRound called	{"{current_round 20 3  <nil>}": {"Key":"self","Type":15,"Integer":0,"String":"b","Interface":null}}
2025-08-15T22:13:51.985-0500	DEBUG	protocol/handler.go:1591	have processed broadcast	{"{round 20 3  <nil>}": {"Key":"from","Type":15,"Integer":0,"String":"a","Interface":null}}
2025-08-15T22:13:51.985-0500	DEBUG	protocol/handler.go:1649	have all messages and processed	{"{round 20 3  <nil>}": {"Key":"self","Type":15,"Integer":0,"String":"b","Interface":null}}
2025-08-15T22:13:51.985-0500	DEBUG	protocol/handler.go:596	round already finalized
2025-08-15T22:13:51.985-0500	DEBUG	protocol/handler.go:581	tryAdvanceRound called	{"{current_round 20 3  <nil>}": {"Key":"self","Type":15,"Integer":0,"String":"a","Interface":null}}
2025-08-15T22:13:51.985-0500	DEBUG	protocol/handler.go:1591	have processed broadcast	{"{round 20 3  <nil>}": {"Key":"from","Type":15,"Integer":0,"String":"b","Interface":null}}
2025-08-15T22:13:51.985-0500	DEBUG	protocol/handler.go:1591	have processed broadcast	{"{round 20 3  <nil>}": {"Key":"from","Type":15,"Integer":0,"String":"c","Interface":null}}
2025-08-15T22:13:51.985-0500	DEBUG	protocol/handler.go:1649	have all messages and processed	{"{round 20 3  <nil>}": {"Key":"self","Type":15,"Integer":0,"String":"a","Interface":null}}
2025-08-15T22:13:51.985-0500	DEBUG	protocol/handler.go:596	round already finalized
2025-08-15T22:13:51.985-0500	DEBUG	protocol/handler.go:581	tryAdvanceRound called	{"{current_round 20 3  <nil>}": {"Key":"self","Type":15,"Integer":0,"String":"b","Interface":null}}
2025-08-15T22:13:51.986-0500	DEBUG	protocol/handler.go:1591	have processed broadcast	{"{round 20 3  <nil>}": {"Key":"from","Type":15,"Integer":0,"String":"a","Interface":null}}
2025-08-15T22:13:51.986-0500	DEBUG	protocol/handler.go:1591	have processed broadcast	{"{round 20 3  <nil>}": {"Key":"from","Type":15,"Integer":0,"String":"c","Interface":null}}
2025-08-15T22:13:51.986-0500	DEBUG	protocol/handler.go:1649	have all messages and processed	{"{round 20 3  <nil>}": {"Key":"self","Type":15,"Integer":0,"String":"b","Interface":null}}
2025-08-15T22:13:51.986-0500	DEBUG	protocol/handler.go:596	round already finalized
2025-08-15T22:13:51.986-0500	DEBUG	protocol/handler.go:581	tryAdvanceRound called	{"{current_round 20 3  <nil>}": {"Key":"self","Type":15,"Integer":0,"String":"c","Interface":null}}
2025-08-15T22:13:51.986-0500	DEBUG	protocol/handler.go:1591	have processed broadcast	{"{round 20 3  <nil>}": {"Key":"from","Type":15,"Integer":0,"String":"a","Interface":null}}
2025-08-15T22:13:51.986-0500	DEBUG	protocol/handler.go:1591	have processed broadcast	{"{round 20 3  <nil>}": {"Key":"from","Type":15,"Integer":0,"String":"b","Interface":null}}
2025-08-15T22:13:51.986-0500	DEBUG	protocol/handler.go:1649	have all messages and processed	{"{round 20 3  <nil>}": {"Key":"self","Type":15,"Integer":0,"String":"c","Interface":null}}
2025-08-15T22:13:51.986-0500	DEBUG	protocol/handler.go:596	round already finalized
2025-08-15T22:13:51.998-0500	DEBUG	protocol/handler.go:581	tryAdvanceRound called	{"{current_round 20 3  <nil>}": {"Key":"self","Type":15,"Integer":0,"String":"b","Interface":null}}
2025-08-15T22:13:51.998-0500	DEBUG	protocol/handler.go:1591	have processed broadcast	{"{round 20 3  <nil>}": {"Key":"from","Type":15,"Integer":0,"String":"a","Interface":null}}
2025-08-15T22:13:51.998-0500	DEBUG	protocol/handler.go:1591	have processed broadcast	{"{round 20 3  <nil>}": {"Key":"from","Type":15,"Integer":0,"String":"c","Interface":null}}
2025-08-15T22:13:51.998-0500	DEBUG	protocol/handler.go:581	tryAdvanceRound called	{"{current_round 20 3  <nil>}": {"Key":"self","Type":15,"Integer":0,"String":"b","Interface":null}}
2025-08-15T22:13:51.998-0500	DEBUG	protocol/handler.go:1591	have processed broadcast	{"{round 20 3  <nil>}": {"Key":"from","Type":15,"Integer":0,"String":"a","Interface":null}}
2025-08-15T22:13:51.998-0500	DEBUG	protocol/handler.go:1649	have all messages and processed	{"{round 20 3  <nil>}": {"Key":"self","Type":15,"Integer":0,"String":"b","Interface":null}}
2025-08-15T22:13:51.998-0500	DEBUG	protocol/handler.go:596	round already finalized
2025-08-15T22:13:51.998-0500	DEBUG	protocol/handler.go:581	tryAdvanceRound called	{"{current_round 20 3  <nil>}": {"Key":"self","Type":15,"Integer":0,"String":"a","Interface":null}}
2025-08-15T22:13:51.999-0500	DEBUG	protocol/handler.go:1591	have processed broadcast	{"{round 20 3  <nil>}": {"Key":"from","Type":15,"Integer":0,"String":"b","Interface":null}}
2025-08-15T22:13:51.998-0500	DEBUG	protocol/handler.go:581	tryAdvanceRound called	{"{current_round 20 3  <nil>}": {"Key":"self","Type":15,"Integer":0,"String":"c","Interface":null}}
2025-08-15T22:13:51.998-0500	DEBUG	protocol/handler.go:1649	have all messages and processed	{"{round 20 3  <nil>}": {"Key":"self","Type":15,"Integer":0,"String":"b","Interface":null}}
2025-08-15T22:13:51.999-0500	DEBUG	protocol/handler.go:596	round already finalized
2025-08-15T22:13:51.999-0500	DEBUG	protocol/handler.go:1591	have processed broadcast	{"{round 20 3  <nil>}": {"Key":"from","Type":15,"Integer":0,"String":"a","Interface":null}}
2025-08-15T22:13:51.999-0500	DEBUG	protocol/handler.go:1591	have processed broadcast	{"{round 20 3  <nil>}": {"Key":"from","Type":15,"Integer":0,"String":"b","Interface":null}}
2025-08-15T22:13:51.999-0500	DEBUG	protocol/handler.go:1649	have all messages and processed	{"{round 20 3  <nil>}": {"Key":"self","Type":15,"Integer":0,"String":"c","Interface":null}}
2025-08-15T22:13:51.999-0500	DEBUG	protocol/handler.go:596	round already finalized
2025-08-15T22:13:52.023-0500	DEBUG	protocol/handler.go:581	tryAdvanceRound called	{"{current_round 20 3  <nil>}": {"Key":"self","Type":15,"Integer":0,"String":"c","Interface":null}}
2025-08-15T22:13:52.025-0500	DEBUG	protocol/handler.go:1591	have processed broadcast	{"{round 20 3  <nil>}": {"Key":"from","Type":15,"Integer":0,"String":"a","Interface":null}}
2025-08-15T22:13:52.025-0500	DEBUG	protocol/handler.go:1591	have processed broadcast	{"{round 20 3  <nil>}": {"Key":"from","Type":15,"Integer":0,"String":"b","Interface":null}}
2025-08-15T22:13:52.025-0500	DEBUG	protocol/handler.go:1649	have all messages and processed	{"{round 20 3  <nil>}": {"Key":"self","Type":15,"Integer":0,"String":"c","Interface":null}}
2025-08-15T22:13:52.025-0500	DEBUG	protocol/handler.go:596	round already finalized
2025-08-15T22:13:51.999-0500	DEBUG	protocol/handler.go:1591	have processed broadcast	{"{round 20 3  <nil>}": {"Key":"from","Type":15,"Integer":0,"String":"c","Interface":null}}
2025-08-15T22:13:52.032-0500	DEBUG	protocol/handler.go:1649	have all messages and processed	{"{round 20 3  <nil>}": {"Key":"self","Type":15,"Integer":0,"String":"a","Interface":null}}
2025-08-15T22:13:52.032-0500	DEBUG	protocol/handler.go:596	round already finalized
2025-08-15T22:13:52.032-0500	DEBUG	protocol/handler.go:581	tryAdvanceRound called	{"{current_round 20 3  <nil>}": {"Key":"self","Type":15,"Integer":0,"String":"a","Interface":null}}
2025-08-15T22:13:52.032-0500	DEBUG	protocol/handler.go:1591	have processed broadcast	{"{round 20 3  <nil>}": {"Key":"from","Type":15,"Integer":0,"String":"b","Interface":null}}
2025-08-15T22:13:52.043-0500	DEBUG	protocol/handler.go:1591	have processed broadcast	{"{round 20 3  <nil>}": {"Key":"from","Type":15,"Integer":0,"String":"c","Interface":null}}
2025-08-15T22:13:52.043-0500	DEBUG	protocol/handler.go:1649	have all messages and processed	{"{round 20 3  <nil>}": {"Key":"self","Type":15,"Integer":0,"String":"a","Interface":null}}
2025-08-15T22:13:52.043-0500	DEBUG	protocol/handler.go:596	round already finalized
2025-08-15T22:13:52.043-0500	DEBUG	protocol/handler.go:581	tryAdvanceRound called	{"{current_round 20 3  <nil>}": {"Key":"self","Type":15,"Integer":0,"String":"a","Interface":null}}
2025-08-15T22:13:52.043-0500	DEBUG	protocol/handler.go:1591	have processed broadcast	{"{round 20 3  <nil>}": {"Key":"from","Type":15,"Integer":0,"String":"b","Interface":null}}
2025-08-15T22:13:52.043-0500	DEBUG	protocol/handler.go:1591	have processed broadcast	{"{round 20 3  <nil>}": {"Key":"from","Type":15,"Integer":0,"String":"c","Interface":null}}
2025-08-15T22:13:52.043-0500	DEBUG	protocol/handler.go:1649	have all messages and processed	{"{round 20 3  <nil>}": {"Key":"self","Type":15,"Integer":0,"String":"a","Interface":null}}
2025-08-15T22:13:52.043-0500	DEBUG	protocol/handler.go:596	round already finalized
2025-08-15T22:13:52.048-0500	DEBUG	protocol/handler.go:581	tryAdvanceRound called	{"{current_round 20 3  <nil>}": {"Key":"self","Type":15,"Integer":0,"String":"b","Interface":null}}
2025-08-15T22:13:52.049-0500	DEBUG	protocol/handler.go:1591	have processed broadcast	{"{round 20 3  <nil>}": {"Key":"from","Type":15,"Integer":0,"String":"a","Interface":null}}
2025-08-15T22:13:52.049-0500	DEBUG	protocol/handler.go:1591	have processed broadcast	{"{round 20 3  <nil>}": {"Key":"from","Type":15,"Integer":0,"String":"c","Interface":null}}
2025-08-15T22:13:52.049-0500	DEBUG	protocol/handler.go:1649	have all messages and processed	{"{round 20 3  <nil>}": {"Key":"self","Type":15,"Integer":0,"String":"b","Interface":null}}
2025-08-15T22:13:52.049-0500	DEBUG	protocol/handler.go:596	round already finalized
2025-08-15T22:13:52.049-0500	DEBUG	protocol/handler.go:581	tryAdvanceRound called	{"{current_round 20 3  <nil>}": {"Key":"self","Type":15,"Integer":0,"String":"b","Interface":null}}
2025-08-15T22:13:52.049-0500	DEBUG	protocol/handler.go:1591	have processed broadcast	{"{round 20 3  <nil>}": {"Key":"from","Type":15,"Integer":0,"String":"a","Interface":null}}
2025-08-15T22:13:52.049-0500	DEBUG	protocol/handler.go:1591	have processed broadcast	{"{round 20 3  <nil>}": {"Key":"from","Type":15,"Integer":0,"String":"c","Interface":null}}
2025-08-15T22:13:52.049-0500	DEBUG	protocol/handler.go:1649	have all messages and processed	{"{round 20 3  <nil>}": {"Key":"self","Type":15,"Integer":0,"String":"b","Interface":null}}
2025-08-15T22:13:52.049-0500	DEBUG	protocol/handler.go:596	round already finalized
2025-08-15T22:13:52.049-0500	DEBUG	protocol/handler.go:581	tryAdvanceRound called	{"{current_round 20 3  <nil>}": {"Key":"self","Type":15,"Integer":0,"String":"b","Interface":null}}
2025-08-15T22:13:52.049-0500	DEBUG	protocol/handler.go:1591	have processed broadcast	{"{round 20 3  <nil>}": {"Key":"from","Type":15,"Integer":0,"String":"a","Interface":null}}
2025-08-15T22:13:52.049-0500	DEBUG	protocol/handler.go:1649	have all messages and processed	{"{round 20 3  <nil>}": {"Key":"self","Type":15,"Integer":0,"String":"b","Interface":null}}
2025-08-15T22:13:52.049-0500	DEBUG	protocol/handler.go:596	round already finalized
2025-08-15T22:13:52.049-0500	DEBUG	protocol/handler.go:581	tryAdvanceRound called	{"{current_round 20 3  <nil>}": {"Key":"self","Type":15,"Integer":0,"String":"b","Interface":null}}
2025-08-15T22:13:52.049-0500	DEBUG	protocol/handler.go:1591	have processed broadcast	{"{round 20 3  <nil>}": {"Key":"from","Type":15,"Integer":0,"String":"a","Interface":null}}
2025-08-15T22:13:52.050-0500	DEBUG	protocol/handler.go:1649	have all messages and processed	{"{round 20 3  <nil>}": {"Key":"self","Type":15,"Integer":0,"String":"b","Interface":null}}
2025-08-15T22:13:52.050-0500	DEBUG	protocol/handler.go:596	round already finalized
2025-08-15T22:13:52.050-0500	DEBUG	protocol/handler.go:581	tryAdvanceRound called	{"{current_round 20 3  <nil>}": {"Key":"self","Type":15,"Integer":0,"String":"c","Interface":null}}
2025-08-15T22:13:52.050-0500	DEBUG	protocol/handler.go:1591	have processed broadcast	{"{round 20 3  <nil>}": {"Key":"from","Type":15,"Integer":0,"String":"a","Interface":null}}
2025-08-15T22:13:52.050-0500	DEBUG	protocol/handler.go:1591	have processed broadcast	{"{round 20 3  <nil>}": {"Key":"from","Type":15,"Integer":0,"String":"b","Interface":null}}
2025-08-15T22:13:52.050-0500	DEBUG	protocol/handler.go:1649	have all messages and processed	{"{round 20 3  <nil>}": {"Key":"self","Type":15,"Integer":0,"String":"c","Interface":null}}
2025-08-15T22:13:52.050-0500	DEBUG	protocol/handler.go:596	round already finalized
2025-08-15T22:13:52.061-0500	DEBUG	protocol/handler.go:581	tryAdvanceRound called	{"{current_round 20 3  <nil>}": {"Key":"self","Type":15,"Integer":0,"String":"a","Interface":null}}
2025-08-15T22:13:52.061-0500	DEBUG	protocol/handler.go:1591	have processed broadcast	{"{round 20 3  <nil>}": {"Key":"from","Type":15,"Integer":0,"String":"b","Interface":null}}
2025-08-15T22:13:52.061-0500	DEBUG	protocol/handler.go:1591	have processed broadcast	{"{round 20 3  <nil>}": {"Key":"from","Type":15,"Integer":0,"String":"c","Interface":null}}
2025-08-15T22:13:52.061-0500	DEBUG	protocol/handler.go:1649	have all messages and processed	{"{round 20 3  <nil>}": {"Key":"self","Type":15,"Integer":0,"String":"a","Interface":null}}
2025-08-15T22:13:52.061-0500	DEBUG	protocol/handler.go:596	round already finalized
2025-08-15T22:13:52.068-0500	DEBUG	protocol/handler.go:581	tryAdvanceRound called	{"{current_round 20 3  <nil>}": {"Key":"self","Type":15,"Integer":0,"String":"b","Interface":null}}
2025-08-15T22:13:52.068-0500	DEBUG	protocol/handler.go:1591	have processed broadcast	{"{round 20 3  <nil>}": {"Key":"from","Type":15,"Integer":0,"String":"a","Interface":null}}
2025-08-15T22:13:52.068-0500	DEBUG	protocol/handler.go:1649	have all messages and processed	{"{round 20 3  <nil>}": {"Key":"self","Type":15,"Integer":0,"String":"b","Interface":null}}
2025-08-15T22:13:52.068-0500	DEBUG	protocol/handler.go:596	round already finalized
2025-08-15T22:13:52.068-0500	DEBUG	protocol/handler.go:581	tryAdvanceRound called	{"{current_round 20 3  <nil>}": {"Key":"self","Type":15,"Integer":0,"String":"b","Interface":null}}
2025-08-15T22:13:52.069-0500	DEBUG	protocol/handler.go:1591	have processed broadcast	{"{round 20 3  <nil>}": {"Key":"from","Type":15,"Integer":0,"String":"a","Interface":null}}
2025-08-15T22:13:52.069-0500	DEBUG	protocol/handler.go:1591	have processed broadcast	{"{round 20 3  <nil>}": {"Key":"from","Type":15,"Integer":0,"String":"c","Interface":null}}
2025-08-15T22:13:52.069-0500	DEBUG	protocol/handler.go:1649	have all messages and processed	{"{round 20 3  <nil>}": {"Key":"self","Type":15,"Integer":0,"String":"b","Interface":null}}
2025-08-15T22:13:52.069-0500	DEBUG	protocol/handler.go:596	round already finalized
2025-08-15T22:13:52.069-0500	DEBUG	protocol/handler.go:581	tryAdvanceRound called	{"{current_round 20 3  <nil>}": {"Key":"self","Type":15,"Integer":0,"String":"c","Interface":null}}
2025-08-15T22:13:52.069-0500	DEBUG	protocol/handler.go:1591	have processed broadcast	{"{round 20 3  <nil>}": {"Key":"from","Type":15,"Integer":0,"String":"a","Interface":null}}
2025-08-15T22:13:52.069-0500	DEBUG	protocol/handler.go:1591	have processed broadcast	{"{round 20 3  <nil>}": {"Key":"from","Type":15,"Integer":0,"String":"b","Interface":null}}
2025-08-15T22:13:52.069-0500	DEBUG	protocol/handler.go:1649	have all messages and processed	{"{round 20 3  <nil>}": {"Key":"self","Type":15,"Integer":0,"String":"c","Interface":null}}
2025-08-15T22:13:52.069-0500	DEBUG	protocol/handler.go:596	round already finalized
2025-08-15T22:13:52.080-0500	DEBUG	protocol/handler.go:581	tryAdvanceRound called	{"{current_round 20 3  <nil>}": {"Key":"self","Type":15,"Integer":0,"String":"a","Interface":null}}
2025-08-15T22:13:52.080-0500	DEBUG	protocol/handler.go:1591	have processed broadcast	{"{round 20 3  <nil>}": {"Key":"from","Type":15,"Integer":0,"String":"b","Interface":null}}
2025-08-15T22:13:52.080-0500	DEBUG	protocol/handler.go:1591	have processed broadcast	{"{round 20 3  <nil>}": {"Key":"from","Type":15,"Integer":0,"String":"c","Interface":null}}
2025-08-15T22:13:52.081-0500	DEBUG	protocol/handler.go:1649	have all messages and processed	{"{round 20 3  <nil>}": {"Key":"self","Type":15,"Integer":0,"String":"a","Interface":null}}
2025-08-15T22:13:52.081-0500	DEBUG	protocol/handler.go:596	round already finalized
2025-08-15T22:13:52.092-0500	DEBUG	protocol/handler.go:581	tryAdvanceRound called	{"{current_round 20 3  <nil>}": {"Key":"self","Type":15,"Integer":0,"String":"b","Interface":null}}
2025-08-15T22:13:52.092-0500	DEBUG	protocol/handler.go:1591	have processed broadcast	{"{round 20 3  <nil>}": {"Key":"from","Type":15,"Integer":0,"String":"a","Interface":null}}
2025-08-15T22:13:52.092-0500	DEBUG	protocol/handler.go:1649	have all messages and processed	{"{round 20 3  <nil>}": {"Key":"self","Type":15,"Integer":0,"String":"b","Interface":null}}
2025-08-15T22:13:52.092-0500	DEBUG	protocol/handler.go:596	round already finalized
2025-08-15T22:13:52.092-0500	DEBUG	protocol/handler.go:581	tryAdvanceRound called	{"{current_round 20 3  <nil>}": {"Key":"self","Type":15,"Integer":0,"String":"b","Interface":null}}
2025-08-15T22:13:52.092-0500	DEBUG	protocol/handler.go:1591	have processed broadcast	{"{round 20 3  <nil>}": {"Key":"from","Type":15,"Integer":0,"String":"a","Interface":null}}
2025-08-15T22:13:52.092-0500	DEBUG	protocol/handler.go:1591	have processed broadcast	{"{round 20 3  <nil>}": {"Key":"from","Type":15,"Integer":0,"String":"c","Interface":null}}
2025-08-15T22:13:52.092-0500	DEBUG	protocol/handler.go:1649	have all messages and processed	{"{round 20 3  <nil>}": {"Key":"self","Type":15,"Integer":0,"String":"b","Interface":null}}
2025-08-15T22:13:52.092-0500	DEBUG	protocol/handler.go:596	round already finalized
2025-08-15T22:13:52.092-0500	DEBUG	protocol/handler.go:581	tryAdvanceRound called	{"{current_round 20 3  <nil>}": {"Key":"self","Type":15,"Integer":0,"String":"c","Interface":null}}
2025-08-15T22:13:52.092-0500	DEBUG	protocol/handler.go:1591	have processed broadcast	{"{round 20 3  <nil>}": {"Key":"from","Type":15,"Integer":0,"String":"a","Interface":null}}
2025-08-15T22:13:52.092-0500	DEBUG	protocol/handler.go:1591	have processed broadcast	{"{round 20 3  <nil>}": {"Key":"from","Type":15,"Integer":0,"String":"b","Interface":null}}
2025-08-15T22:13:52.092-0500	DEBUG	protocol/handler.go:1649	have all messages and processed	{"{round 20 3  <nil>}": {"Key":"self","Type":15,"Integer":0,"String":"c","Interface":null}}
2025-08-15T22:13:52.092-0500	DEBUG	protocol/handler.go:596	round already finalized
2025-08-15T22:13:52.106-0500	DEBUG	protocol/handler.go:581	tryAdvanceRound called	{"{current_round 20 3  <nil>}": {"Key":"self","Type":15,"Integer":0,"String":"a","Interface":null}}
2025-08-15T22:13:52.106-0500	DEBUG	protocol/handler.go:1591	have processed broadcast	{"{round 20 3  <nil>}": {"Key":"from","Type":15,"Integer":0,"String":"b","Interface":null}}
2025-08-15T22:13:52.106-0500	DEBUG	protocol/handler.go:1591	have processed broadcast	{"{round 20 3  <nil>}": {"Key":"from","Type":15,"Integer":0,"String":"c","Interface":null}}
2025-08-15T22:13:52.106-0500	DEBUG	protocol/handler.go:1649	have all messages and processed	{"{round 20 3  <nil>}": {"Key":"self","Type":15,"Integer":0,"String":"a","Interface":null}}
2025-08-15T22:13:52.106-0500	DEBUG	protocol/handler.go:596	round already finalized
2025-08-15T22:13:52.113-0500	DEBUG	protocol/handler.go:581	tryAdvanceRound called	{"{current_round 20 3  <nil>}": {"Key":"self","Type":15,"Integer":0,"String":"b","Interface":null}}
2025-08-15T22:13:52.113-0500	DEBUG	protocol/handler.go:1591	have processed broadcast	{"{round 20 3  <nil>}": {"Key":"from","Type":15,"Integer":0,"String":"a","Interface":null}}
2025-08-15T22:13:52.113-0500	DEBUG	protocol/handler.go:1649	have all messages and processed	{"{round 20 3  <nil>}": {"Key":"self","Type":15,"Integer":0,"String":"b","Interface":null}}
2025-08-15T22:13:52.113-0500	DEBUG	protocol/handler.go:596	round already finalized
2025-08-15T22:13:52.114-0500	DEBUG	protocol/handler.go:581	tryAdvanceRound called	{"{current_round 20 3  <nil>}": {"Key":"self","Type":15,"Integer":0,"String":"b","Interface":null}}
2025-08-15T22:13:52.114-0500	DEBUG	protocol/handler.go:1591	have processed broadcast	{"{round 20 3  <nil>}": {"Key":"from","Type":15,"Integer":0,"String":"a","Interface":null}}
2025-08-15T22:13:52.114-0500	DEBUG	protocol/handler.go:1591	have processed broadcast	{"{round 20 3  <nil>}": {"Key":"from","Type":15,"Integer":0,"String":"c","Interface":null}}
2025-08-15T22:13:52.114-0500	DEBUG	protocol/handler.go:1649	have all messages and processed	{"{round 20 3  <nil>}": {"Key":"self","Type":15,"Integer":0,"String":"b","Interface":null}}
2025-08-15T22:13:52.114-0500	DEBUG	protocol/handler.go:596	round already finalized
2025-08-15T22:13:52.114-0500	DEBUG	protocol/handler.go:581	tryAdvanceRound called	{"{current_round 20 3  <nil>}": {"Key":"self","Type":15,"Integer":0,"String":"c","Interface":null}}
2025-08-15T22:13:52.114-0500	DEBUG	protocol/handler.go:1591	have processed broadcast	{"{round 20 3  <nil>}": {"Key":"from","Type":15,"Integer":0,"String":"a","Interface":null}}
2025-08-15T22:13:52.114-0500	DEBUG	protocol/handler.go:1591	have processed broadcast	{"{round 20 3  <nil>}": {"Key":"from","Type":15,"Integer":0,"String":"b","Interface":null}}
2025-08-15T22:13:52.114-0500	DEBUG	protocol/handler.go:1649	have all messages and processed	{"{round 20 3  <nil>}": {"Key":"self","Type":15,"Integer":0,"String":"c","Interface":null}}
2025-08-15T22:13:52.114-0500	DEBUG	protocol/handler.go:596	round already finalized
2025-08-15T22:13:52.126-0500	DEBUG	protocol/handler.go:581	tryAdvanceRound called	{"{current_round 20 3  <nil>}": {"Key":"self","Type":15,"Integer":0,"String":"a","Interface":null}}
2025-08-15T22:13:52.126-0500	DEBUG	protocol/handler.go:1591	have processed broadcast	{"{round 20 3  <nil>}": {"Key":"from","Type":15,"Integer":0,"String":"b","Interface":null}}
2025-08-15T22:13:52.126-0500	DEBUG	protocol/handler.go:1591	have processed broadcast	{"{round 20 3  <nil>}": {"Key":"from","Type":15,"Integer":0,"String":"c","Interface":null}}
2025-08-15T22:13:52.126-0500	DEBUG	protocol/handler.go:1649	have all messages and processed	{"{round 20 3  <nil>}": {"Key":"self","Type":15,"Integer":0,"String":"a","Interface":null}}
2025-08-15T22:13:52.126-0500	DEBUG	protocol/handler.go:596	round already finalized
2025-08-15T22:13:52.126-0500	DEBUG	protocol/handler.go:581	tryAdvanceRound called	{"{current_round 20 3  <nil>}": {"Key":"self","Type":15,"Integer":0,"String":"a","Interface":null}}
2025-08-15T22:13:52.126-0500	DEBUG	protocol/handler.go:1591	have processed broadcast	{"{round 20 3  <nil>}": {"Key":"from","Type":15,"Integer":0,"String":"b","Interface":null}}
2025-08-15T22:13:52.127-0500	DEBUG	protocol/handler.go:1591	have processed broadcast	{"{round 20 3  <nil>}": {"Key":"from","Type":15,"Integer":0,"String":"c","Interface":null}}
2025-08-15T22:13:52.127-0500	DEBUG	protocol/handler.go:1649	have all messages and processed	{"{round 20 3  <nil>}": {"Key":"self","Type":15,"Integer":0,"String":"a","Interface":null}}
2025-08-15T22:13:52.127-0500	DEBUG	protocol/handler.go:596	round already finalized
2025-08-15T22:13:52.138-0500	DEBUG	protocol/handler.go:581	tryAdvanceRound called	{"{current_round 20 3  <nil>}": {"Key":"self","Type":15,"Integer":0,"String":"b","Interface":null}}
2025-08-15T22:13:52.138-0500	DEBUG	protocol/handler.go:1591	have processed broadcast	{"{round 20 3  <nil>}": {"Key":"from","Type":15,"Integer":0,"String":"a","Interface":null}}
2025-08-15T22:13:52.138-0500	DEBUG	protocol/handler.go:1649	have all messages and processed	{"{round 20 3  <nil>}": {"Key":"self","Type":15,"Integer":0,"String":"b","Interface":null}}
2025-08-15T22:13:52.138-0500	DEBUG	protocol/handler.go:596	round already finalized
2025-08-15T22:13:52.138-0500	DEBUG	protocol/handler.go:581	tryAdvanceRound called	{"{current_round 20 3  <nil>}": {"Key":"self","Type":15,"Integer":0,"String":"b","Interface":null}}
2025-08-15T22:13:52.138-0500	DEBUG	protocol/handler.go:1591	have processed broadcast	{"{round 20 3  <nil>}": {"Key":"from","Type":15,"Integer":0,"String":"a","Interface":null}}
2025-08-15T22:13:52.138-0500	DEBUG	protocol/handler.go:1591	have processed broadcast	{"{round 20 3  <nil>}": {"Key":"from","Type":15,"Integer":0,"String":"c","Interface":null}}
2025-08-15T22:13:52.139-0500	DEBUG	protocol/handler.go:1649	have all messages and processed	{"{round 20 3  <nil>}": {"Key":"self","Type":15,"Integer":0,"String":"b","Interface":null}}
2025-08-15T22:13:52.139-0500	DEBUG	protocol/handler.go:596	round already finalized
2025-08-15T22:13:52.139-0500	DEBUG	protocol/handler.go:581	tryAdvanceRound called	{"{current_round 20 3  <nil>}": {"Key":"self","Type":15,"Integer":0,"String":"c","Interface":null}}
2025-08-15T22:13:52.139-0500	DEBUG	protocol/handler.go:1591	have processed broadcast	{"{round 20 3  <nil>}": {"Key":"from","Type":15,"Integer":0,"String":"a","Interface":null}}
2025-08-15T22:13:52.139-0500	DEBUG	protocol/handler.go:1591	have processed broadcast	{"{round 20 3  <nil>}": {"Key":"from","Type":15,"Integer":0,"String":"b","Interface":null}}
2025-08-15T22:13:52.139-0500	DEBUG	protocol/handler.go:1649	have all messages and processed	{"{round 20 3  <nil>}": {"Key":"self","Type":15,"Integer":0,"String":"c","Interface":null}}
2025-08-15T22:13:52.139-0500	DEBUG	protocol/handler.go:596	round already finalized
2025-08-15T22:13:52.150-0500	DEBUG	protocol/handler.go:581	tryAdvanceRound called	{"{current_round 20 3  <nil>}": {"Key":"self","Type":15,"Integer":0,"String":"a","Interface":null}}
2025-08-15T22:13:52.150-0500	DEBUG	protocol/handler.go:1591	have processed broadcast	{"{round 20 3  <nil>}": {"Key":"from","Type":15,"Integer":0,"String":"b","Interface":null}}
2025-08-15T22:13:52.150-0500	DEBUG	protocol/handler.go:1591	have processed broadcast	{"{round 20 3  <nil>}": {"Key":"from","Type":15,"Integer":0,"String":"c","Interface":null}}
2025-08-15T22:13:52.150-0500	DEBUG	protocol/handler.go:1649	have all messages and processed	{"{round 20 3  <nil>}": {"Key":"self","Type":15,"Integer":0,"String":"a","Interface":null}}
2025-08-15T22:13:52.150-0500	DEBUG	protocol/handler.go:596	round already finalized
2025-08-15T22:13:52.161-0500	DEBUG	protocol/handler.go:581	tryAdvanceRound called	{"{current_round 20 3  <nil>}": {"Key":"self","Type":15,"Integer":0,"String":"c","Interface":null}}
2025-08-15T22:13:52.161-0500	DEBUG	protocol/handler.go:1591	have processed broadcast	{"{round 20 3  <nil>}": {"Key":"from","Type":15,"Integer":0,"String":"a","Interface":null}}
2025-08-15T22:13:52.161-0500	DEBUG	protocol/handler.go:1591	have processed broadcast	{"{round 20 3  <nil>}": {"Key":"from","Type":15,"Integer":0,"String":"b","Interface":null}}
2025-08-15T22:13:52.161-0500	DEBUG	protocol/handler.go:1649	have all messages and processed	{"{round 20 3  <nil>}": {"Key":"self","Type":15,"Integer":0,"String":"c","Interface":null}}
2025-08-15T22:13:52.161-0500	DEBUG	protocol/handler.go:596	round already finalized
2025-08-15T22:13:52.161-0500	DEBUG	protocol/handler.go:581	tryAdvanceRound called	{"{current_round 20 3  <nil>}": {"Key":"self","Type":15,"Integer":0,"String":"b","Interface":null}}
2025-08-15T22:13:52.161-0500	DEBUG	protocol/handler.go:1591	have processed broadcast	{"{round 20 3  <nil>}": {"Key":"from","Type":15,"Integer":0,"String":"a","Interface":null}}
2025-08-15T22:13:52.161-0500	DEBUG	protocol/handler.go:1591	have processed broadcast	{"{round 20 3  <nil>}": {"Key":"from","Type":15,"Integer":0,"String":"c","Interface":null}}
2025-08-15T22:13:52.161-0500	DEBUG	protocol/handler.go:1649	have all messages and processed	{"{round 20 3  <nil>}": {"Key":"self","Type":15,"Integer":0,"String":"b","Interface":null}}
2025-08-15T22:13:52.161-0500	DEBUG	protocol/handler.go:596	round already finalized
2025-08-15T22:13:52.161-0500	DEBUG	protocol/handler.go:581	tryAdvanceRound called	{"{current_round 20 3  <nil>}": {"Key":"self","Type":15,"Integer":0,"String":"b","Interface":null}}
2025-08-15T22:13:52.162-0500	DEBUG	protocol/handler.go:1591	have processed broadcast	{"{round 20 3  <nil>}": {"Key":"from","Type":15,"Integer":0,"String":"a","Interface":null}}
2025-08-15T22:13:52.162-0500	DEBUG	protocol/handler.go:1649	have all messages and processed	{"{round 20 3  <nil>}": {"Key":"self","Type":15,"Integer":0,"String":"b","Interface":null}}
2025-08-15T22:13:52.162-0500	DEBUG	protocol/handler.go:596	round already finalized
2025-08-15T22:13:52.174-0500	DEBUG	protocol/handler.go:581	tryAdvanceRound called	{"{current_round 20 3  <nil>}": {"Key":"self","Type":15,"Integer":0,"String":"a","Interface":null}}
2025-08-15T22:13:52.174-0500	DEBUG	protocol/handler.go:1591	have processed broadcast	{"{round 20 3  <nil>}": {"Key":"from","Type":15,"Integer":0,"String":"b","Interface":null}}
2025-08-15T22:13:52.174-0500	DEBUG	protocol/handler.go:1591	have processed broadcast	{"{round 20 3  <nil>}": {"Key":"from","Type":15,"Integer":0,"String":"c","Interface":null}}
2025-08-15T22:13:52.174-0500	DEBUG	protocol/handler.go:1649	have all messages and processed	{"{round 20 3  <nil>}": {"Key":"self","Type":15,"Integer":0,"String":"a","Interface":null}}
2025-08-15T22:13:52.174-0500	DEBUG	protocol/handler.go:596	round already finalized
2025-08-15T22:13:52.185-0500	DEBUG	protocol/handler.go:581	tryAdvanceRound called	{"{current_round 20 3  <nil>}": {"Key":"self","Type":15,"Integer":0,"String":"b","Interface":null}}
2025-08-15T22:13:52.185-0500	DEBUG	protocol/handler.go:1591	have processed broadcast	{"{round 20 3  <nil>}": {"Key":"from","Type":15,"Integer":0,"String":"a","Interface":null}}
2025-08-15T22:13:52.185-0500	DEBUG	protocol/handler.go:1649	have all messages and processed	{"{round 20 3  <nil>}": {"Key":"self","Type":15,"Integer":0,"String":"b","Interface":null}}
2025-08-15T22:13:52.185-0500	DEBUG	protocol/handler.go:596	round already finalized
2025-08-15T22:13:52.185-0500	DEBUG	protocol/handler.go:581	tryAdvanceRound called	{"{current_round 20 3  <nil>}": {"Key":"self","Type":15,"Integer":0,"String":"b","Interface":null}}
2025-08-15T22:13:52.185-0500	DEBUG	protocol/handler.go:1591	have processed broadcast	{"{round 20 3  <nil>}": {"Key":"from","Type":15,"Integer":0,"String":"a","Interface":null}}
2025-08-15T22:13:52.185-0500	DEBUG	protocol/handler.go:1591	have processed broadcast	{"{round 20 3  <nil>}": {"Key":"from","Type":15,"Integer":0,"String":"c","Interface":null}}
2025-08-15T22:13:52.185-0500	DEBUG	protocol/handler.go:1649	have all messages and processed	{"{round 20 3  <nil>}": {"Key":"self","Type":15,"Integer":0,"String":"b","Interface":null}}
2025-08-15T22:13:52.185-0500	DEBUG	protocol/handler.go:596	round already finalized
2025-08-15T22:13:52.185-0500	DEBUG	protocol/handler.go:581	tryAdvanceRound called	{"{current_round 20 3  <nil>}": {"Key":"self","Type":15,"Integer":0,"String":"c","Interface":null}}
2025-08-15T22:13:52.185-0500	DEBUG	protocol/handler.go:1591	have processed broadcast	{"{round 20 3  <nil>}": {"Key":"from","Type":15,"Integer":0,"String":"a","Interface":null}}
2025-08-15T22:13:52.185-0500	DEBUG	protocol/handler.go:1591	have processed broadcast	{"{round 20 3  <nil>}": {"Key":"from","Type":15,"Integer":0,"String":"b","Interface":null}}
2025-08-15T22:13:52.185-0500	DEBUG	protocol/handler.go:1649	have all messages and processed	{"{round 20 3  <nil>}": {"Key":"self","Type":15,"Integer":0,"String":"c","Interface":null}}
2025-08-15T22:13:52.185-0500	DEBUG	protocol/handler.go:596	round already finalized
2025-08-15T22:13:52.195-0500	DEBUG	protocol/handler.go:581	tryAdvanceRound called	{"{current_round 20 3  <nil>}": {"Key":"self","Type":15,"Integer":0,"String":"a","Interface":null}}
2025-08-15T22:13:52.195-0500	DEBUG	protocol/handler.go:1591	have processed broadcast	{"{round 20 3  <nil>}": {"Key":"from","Type":15,"Integer":0,"String":"b","Interface":null}}
2025-08-15T22:13:52.195-0500	DEBUG	protocol/handler.go:1591	have processed broadcast	{"{round 20 3  <nil>}": {"Key":"from","Type":15,"Integer":0,"String":"c","Interface":null}}
2025-08-15T22:13:52.195-0500	DEBUG	protocol/handler.go:1649	have all messages and processed	{"{round 20 3  <nil>}": {"Key":"self","Type":15,"Integer":0,"String":"a","Interface":null}}
2025-08-15T22:13:52.195-0500	DEBUG	protocol/handler.go:596	round already finalized
2025-08-15T22:13:52.208-0500	DEBUG	protocol/handler.go:581	tryAdvanceRound called	{"{current_round 20 3  <nil>}": {"Key":"self","Type":15,"Integer":0,"String":"b","Interface":null}}
2025-08-15T22:13:52.208-0500	DEBUG	protocol/handler.go:1591	have processed broadcast	{"{round 20 3  <nil>}": {"Key":"from","Type":15,"Integer":0,"String":"a","Interface":null}}
2025-08-15T22:13:52.208-0500	DEBUG	protocol/handler.go:1591	have processed broadcast	{"{round 20 3  <nil>}": {"Key":"from","Type":15,"Integer":0,"String":"c","Interface":null}}
2025-08-15T22:13:52.208-0500	DEBUG	protocol/handler.go:1649	have all messages and processed	{"{round 20 3  <nil>}": {"Key":"self","Type":15,"Integer":0,"String":"b","Interface":null}}
2025-08-15T22:13:52.208-0500	DEBUG	protocol/handler.go:596	round already finalized
2025-08-15T22:13:52.208-0500	DEBUG	protocol/handler.go:581	tryAdvanceRound called	{"{current_round 20 3  <nil>}": {"Key":"self","Type":15,"Integer":0,"String":"b","Interface":null}}
2025-08-15T22:13:52.208-0500	DEBUG	protocol/handler.go:1591	have processed broadcast	{"{round 20 3  <nil>}": {"Key":"from","Type":15,"Integer":0,"String":"a","Interface":null}}
2025-08-15T22:13:52.208-0500	DEBUG	protocol/handler.go:1649	have all messages and processed	{"{round 20 3  <nil>}": {"Key":"self","Type":15,"Integer":0,"String":"b","Interface":null}}
2025-08-15T22:13:52.208-0500	DEBUG	protocol/handler.go:596	round already finalized
2025-08-15T22:13:52.208-0500	DEBUG	protocol/handler.go:581	tryAdvanceRound called	{"{current_round 20 3  <nil>}": {"Key":"self","Type":15,"Integer":0,"String":"c","Interface":null}}
2025-08-15T22:13:52.218-0500	DEBUG	protocol/handler.go:581	tryAdvanceRound called	{"{current_round 20 3  <nil>}": {"Key":"self","Type":15,"Integer":0,"String":"a","Interface":null}}
2025-08-15T22:13:52.218-0500	DEBUG	protocol/handler.go:1591	have processed broadcast	{"{round 20 3  <nil>}": {"Key":"from","Type":15,"Integer":0,"String":"b","Interface":null}}
2025-08-15T22:13:52.218-0500	DEBUG	protocol/handler.go:1591	have processed broadcast	{"{round 20 3  <nil>}": {"Key":"from","Type":15,"Integer":0,"String":"c","Interface":null}}
2025-08-15T22:13:52.218-0500	DEBUG	protocol/handler.go:1649	have all messages and processed	{"{round 20 3  <nil>}": {"Key":"self","Type":15,"Integer":0,"String":"a","Interface":null}}
2025-08-15T22:13:52.218-0500	DEBUG	protocol/handler.go:596	round already finalized
2025-08-15T22:13:52.218-0500	DEBUG	protocol/handler.go:1591	have processed broadcast	{"{round 20 3  <nil>}": {"Key":"from","Type":15,"Integer":0,"String":"a","Interface":null}}
2025-08-15T22:13:52.219-0500	DEBUG	protocol/handler.go:1591	have processed broadcast	{"{round 20 3  <nil>}": {"Key":"from","Type":15,"Integer":0,"String":"b","Interface":null}}
2025-08-15T22:13:52.219-0500	DEBUG	protocol/handler.go:1649	have all messages and processed	{"{round 20 3  <nil>}": {"Key":"self","Type":15,"Integer":0,"String":"c","Interface":null}}
2025-08-15T22:13:52.219-0500	DEBUG	protocol/handler.go:596	round already finalized
2025-08-15T22:13:52.219-0500	DEBUG	protocol/handler.go:581	tryAdvanceRound called	{"{current_round 20 3  <nil>}": {"Key":"self","Type":15,"Integer":0,"String":"c","Interface":null}}
2025-08-15T22:13:52.219-0500	DEBUG	protocol/handler.go:1591	have processed broadcast	{"{round 20 3  <nil>}": {"Key":"from","Type":15,"Integer":0,"String":"a","Interface":null}}
2025-08-15T22:13:52.219-0500	DEBUG	protocol/handler.go:1591	have processed broadcast	{"{round 20 3  <nil>}": {"Key":"from","Type":15,"Integer":0,"String":"b","Interface":null}}
2025-08-15T22:13:52.219-0500	DEBUG	protocol/handler.go:1649	have all messages and processed	{"{round 20 3  <nil>}": {"Key":"self","Type":15,"Integer":0,"String":"c","Interface":null}}
2025-08-15T22:13:52.219-0500	DEBUG	protocol/handler.go:596	round already finalized
2025-08-15T22:13:52.219-0500	DEBUG	protocol/handler.go:581	tryAdvanceRound called	{"{current_round 20 3  <nil>}": {"Key":"self","Type":15,"Integer":0,"String":"b","Interface":null}}
2025-08-15T22:13:52.219-0500	DEBUG	protocol/handler.go:1591	have processed broadcast	{"{round 20 3  <nil>}": {"Key":"from","Type":15,"Integer":0,"String":"a","Interface":null}}
2025-08-15T22:13:52.219-0500	DEBUG	protocol/handler.go:1591	have processed broadcast	{"{round 20 3  <nil>}": {"Key":"from","Type":15,"Integer":0,"String":"c","Interface":null}}
2025-08-15T22:13:52.219-0500	DEBUG	protocol/handler.go:1649	have all messages and processed	{"{round 20 3  <nil>}": {"Key":"self","Type":15,"Integer":0,"String":"b","Interface":null}}
2025-08-15T22:13:52.219-0500	DEBUG	protocol/handler.go:596	round already finalized
2025-08-15T22:13:52.219-0500	DEBUG	protocol/handler.go:581	tryAdvanceRound called	{"{current_round 20 3  <nil>}": {"Key":"self","Type":15,"Integer":0,"String":"b","Interface":null}}
2025-08-15T22:13:52.220-0500	DEBUG	protocol/handler.go:1591	have processed broadcast	{"{round 20 3  <nil>}": {"Key":"from","Type":15,"Integer":0,"String":"a","Interface":null}}
2025-08-15T22:13:52.220-0500	DEBUG	protocol/handler.go:1649	have all messages and processed	{"{round 20 3  <nil>}": {"Key":"self","Type":15,"Integer":0,"String":"b","Interface":null}}
2025-08-15T22:13:52.220-0500	DEBUG	protocol/handler.go:596	round already finalized
2025-08-15T22:13:52.240-0500	DEBUG	protocol/handler.go:581	tryAdvanceRound called	{"{current_round 20 3  <nil>}": {"Key":"self","Type":15,"Integer":0,"String":"a","Interface":null}}
2025-08-15T22:13:52.240-0500	DEBUG	protocol/handler.go:1591	have processed broadcast	{"{round 20 3  <nil>}": {"Key":"from","Type":15,"Integer":0,"String":"b","Interface":null}}
2025-08-15T22:13:52.240-0500	DEBUG	protocol/handler.go:1591	have processed broadcast	{"{round 20 3  <nil>}": {"Key":"from","Type":15,"Integer":0,"String":"c","Interface":null}}
2025-08-15T22:13:52.240-0500	DEBUG	protocol/handler.go:1649	have all messages and processed	{"{round 20 3  <nil>}": {"Key":"self","Type":15,"Integer":0,"String":"a","Interface":null}}
2025-08-15T22:13:52.240-0500	DEBUG	protocol/handler.go:596	round already finalized
2025-08-15T22:13:52.240-0500	DEBUG	protocol/handler.go:581	tryAdvanceRound called	{"{current_round 20 3  <nil>}": {"Key":"self","Type":15,"Integer":0,"String":"b","Interface":null}}
2025-08-15T22:13:52.240-0500	DEBUG	protocol/handler.go:1591	have processed broadcast	{"{round 20 3  <nil>}": {"Key":"from","Type":15,"Integer":0,"String":"a","Interface":null}}
2025-08-15T22:13:52.240-0500	DEBUG	protocol/handler.go:1649	have all messages and processed	{"{round 20 3  <nil>}": {"Key":"self","Type":15,"Integer":0,"String":"b","Interface":null}}
2025-08-15T22:13:52.240-0500	DEBUG	protocol/handler.go:596	round already finalized
2025-08-15T22:13:52.241-0500	DEBUG	protocol/handler.go:581	tryAdvanceRound called	{"{current_round 20 3  <nil>}": {"Key":"self","Type":15,"Integer":0,"String":"b","Interface":null}}
2025-08-15T22:13:52.241-0500	DEBUG	protocol/handler.go:1591	have processed broadcast	{"{round 20 3  <nil>}": {"Key":"from","Type":15,"Integer":0,"String":"a","Interface":null}}
2025-08-15T22:13:52.241-0500	DEBUG	protocol/handler.go:1591	have processed broadcast	{"{round 20 3  <nil>}": {"Key":"from","Type":15,"Integer":0,"String":"c","Interface":null}}
2025-08-15T22:13:52.241-0500	DEBUG	protocol/handler.go:1649	have all messages and processed	{"{round 20 3  <nil>}": {"Key":"self","Type":15,"Integer":0,"String":"b","Interface":null}}
2025-08-15T22:13:52.242-0500	DEBUG	protocol/handler.go:596	round already finalized
2025-08-15T22:13:52.242-0500	DEBUG	protocol/handler.go:581	tryAdvanceRound called	{"{current_round 20 3  <nil>}": {"Key":"self","Type":15,"Integer":0,"String":"b","Interface":null}}
2025-08-15T22:13:52.242-0500	DEBUG	protocol/handler.go:1591	have processed broadcast	{"{round 20 3  <nil>}": {"Key":"from","Type":15,"Integer":0,"String":"a","Interface":null}}
2025-08-15T22:13:52.242-0500	DEBUG	protocol/handler.go:1591	have processed broadcast	{"{round 20 3  <nil>}": {"Key":"from","Type":15,"Integer":0,"String":"c","Interface":null}}
2025-08-15T22:13:52.242-0500	DEBUG	protocol/handler.go:1649	have all messages and processed	{"{round 20 3  <nil>}": {"Key":"self","Type":15,"Integer":0,"String":"b","Interface":null}}
2025-08-15T22:13:52.242-0500	DEBUG	protocol/handler.go:596	round already finalized
2025-08-15T22:13:52.242-0500	DEBUG	protocol/handler.go:581	tryAdvanceRound called	{"{current_round 20 3  <nil>}": {"Key":"self","Type":15,"Integer":0,"String":"c","Interface":null}}
2025-08-15T22:13:52.242-0500	DEBUG	protocol/handler.go:1591	have processed broadcast	{"{round 20 3  <nil>}": {"Key":"from","Type":15,"Integer":0,"String":"a","Interface":null}}
2025-08-15T22:13:52.242-0500	DEBUG	protocol/handler.go:1591	have processed broadcast	{"{round 20 3  <nil>}": {"Key":"from","Type":15,"Integer":0,"String":"b","Interface":null}}
2025-08-15T22:13:52.242-0500	DEBUG	protocol/handler.go:1649	have all messages and processed	{"{round 20 3  <nil>}": {"Key":"self","Type":15,"Integer":0,"String":"c","Interface":null}}
2025-08-15T22:13:52.242-0500	DEBUG	protocol/handler.go:596	round already finalized
2025-08-15T22:13:52.242-0500	DEBUG	protocol/handler.go:581	tryAdvanceRound called	{"{current_round 20 3  <nil>}": {"Key":"self","Type":15,"Integer":0,"String":"c","Interface":null}}
2025-08-15T22:13:52.242-0500	DEBUG	protocol/handler.go:1591	have processed broadcast	{"{round 20 3  <nil>}": {"Key":"from","Type":15,"Integer":0,"String":"a","Interface":null}}
2025-08-15T22:13:52.242-0500	DEBUG	protocol/handler.go:1591	have processed broadcast	{"{round 20 3  <nil>}": {"Key":"from","Type":15,"Integer":0,"String":"b","Interface":null}}
2025-08-15T22:13:52.242-0500	DEBUG	protocol/handler.go:1649	have all messages and processed	{"{round 20 3  <nil>}": {"Key":"self","Type":15,"Integer":0,"String":"c","Interface":null}}
2025-08-15T22:13:52.242-0500	DEBUG	protocol/handler.go:596	round already finalized
2025-08-15T22:13:52.264-0500	DEBUG	protocol/handler.go:581	tryAdvanceRound called	{"{current_round 20 3  <nil>}": {"Key":"self","Type":15,"Integer":0,"String":"a","Interface":null}}
2025-08-15T22:13:52.264-0500	DEBUG	protocol/handler.go:1591	have processed broadcast	{"{round 20 3  <nil>}": {"Key":"from","Type":15,"Integer":0,"String":"b","Interface":null}}
2025-08-15T22:13:52.264-0500	DEBUG	protocol/handler.go:1591	have processed broadcast	{"{round 20 3  <nil>}": {"Key":"from","Type":15,"Integer":0,"String":"c","Interface":null}}
2025-08-15T22:13:52.264-0500	DEBUG	protocol/handler.go:1649	have all messages and processed	{"{round 20 3  <nil>}": {"Key":"self","Type":15,"Integer":0,"String":"a","Interface":null}}
2025-08-15T22:13:52.264-0500	DEBUG	protocol/handler.go:596	round already finalized
2025-08-15T22:13:52.264-0500	DEBUG	protocol/handler.go:581	tryAdvanceRound called	{"{current_round 20 3  <nil>}": {"Key":"self","Type":15,"Integer":0,"String":"c","Interface":null}}
2025-08-15T22:13:52.264-0500	DEBUG	protocol/handler.go:1591	have processed broadcast	{"{round 20 3  <nil>}": {"Key":"from","Type":15,"Integer":0,"String":"a","Interface":null}}
2025-08-15T22:13:52.265-0500	DEBUG	protocol/handler.go:1591	have processed broadcast	{"{round 20 3  <nil>}": {"Key":"from","Type":15,"Integer":0,"String":"b","Interface":null}}
2025-08-15T22:13:52.265-0500	DEBUG	protocol/handler.go:1649	have all messages and processed	{"{round 20 3  <nil>}": {"Key":"self","Type":15,"Integer":0,"String":"c","Interface":null}}
2025-08-15T22:13:52.265-0500	DEBUG	protocol/handler.go:596	round already finalized
2025-08-15T22:13:52.265-0500	DEBUG	protocol/handler.go:581	tryAdvanceRound called	{"{current_round 20 3  <nil>}": {"Key":"self","Type":15,"Integer":0,"String":"b","Interface":null}}
2025-08-15T22:13:52.265-0500	DEBUG	protocol/handler.go:1591	have processed broadcast	{"{round 20 3  <nil>}": {"Key":"from","Type":15,"Integer":0,"String":"a","Interface":null}}
2025-08-15T22:13:52.265-0500	DEBUG	protocol/handler.go:1649	have all messages and processed	{"{round 20 3  <nil>}": {"Key":"self","Type":15,"Integer":0,"String":"b","Interface":null}}
2025-08-15T22:13:52.265-0500	DEBUG	protocol/handler.go:596	round already finalized
2025-08-15T22:13:52.266-0500	DEBUG	protocol/handler.go:581	tryAdvanceRound called	{"{current_round 20 3  <nil>}": {"Key":"self","Type":15,"Integer":0,"String":"b","Interface":null}}
2025-08-15T22:13:52.266-0500	DEBUG	protocol/handler.go:1591	have processed broadcast	{"{round 20 3  <nil>}": {"Key":"from","Type":15,"Integer":0,"String":"a","Interface":null}}
2025-08-15T22:13:52.266-0500	DEBUG	protocol/handler.go:1591	have processed broadcast	{"{round 20 3  <nil>}": {"Key":"from","Type":15,"Integer":0,"String":"c","Interface":null}}
2025-08-15T22:13:52.266-0500	DEBUG	protocol/handler.go:1649	have all messages and processed	{"{round 20 3  <nil>}": {"Key":"self","Type":15,"Integer":0,"String":"b","Interface":null}}
2025-08-15T22:13:52.266-0500	DEBUG	protocol/handler.go:596	round already finalized
2025-08-15T22:13:52.267-0500	DEBUG	protocol/handler.go:581	tryAdvanceRound called	{"{current_round 20 3  <nil>}": {"Key":"self","Type":15,"Integer":0,"String":"b","Interface":null}}
2025-08-15T22:13:52.267-0500	DEBUG	protocol/handler.go:581	tryAdvanceRound called	{"{current_round 20 3  <nil>}": {"Key":"self","Type":15,"Integer":0,"String":"a","Interface":null}}
2025-08-15T22:13:52.267-0500	DEBUG	protocol/handler.go:1591	have processed broadcast	{"{round 20 3  <nil>}": {"Key":"from","Type":15,"Integer":0,"String":"b","Interface":null}}
2025-08-15T22:13:52.268-0500	DEBUG	protocol/handler.go:1591	have processed broadcast	{"{round 20 3  <nil>}": {"Key":"from","Type":15,"Integer":0,"String":"c","Interface":null}}
2025-08-15T22:13:52.268-0500	DEBUG	protocol/handler.go:1649	have all messages and processed	{"{round 20 3  <nil>}": {"Key":"self","Type":15,"Integer":0,"String":"a","Interface":null}}
2025-08-15T22:13:52.268-0500	DEBUG	protocol/handler.go:596	round already finalized
2025-08-15T22:13:52.267-0500	DEBUG	protocol/handler.go:1591	have processed broadcast	{"{round 20 3  <nil>}": {"Key":"from","Type":15,"Integer":0,"String":"a","Interface":null}}
2025-08-15T22:13:52.282-0500	DEBUG	protocol/handler.go:1649	have all messages and processed	{"{round 20 3  <nil>}": {"Key":"self","Type":15,"Integer":0,"String":"b","Interface":null}}
2025-08-15T22:13:52.282-0500	DEBUG	protocol/handler.go:596	round already finalized
2025-08-15T22:13:52.288-0500	DEBUG	protocol/handler.go:581	tryAdvanceRound called	{"{current_round 20 3  <nil>}": {"Key":"self","Type":15,"Integer":0,"String":"b","Interface":null}}
2025-08-15T22:13:52.288-0500	DEBUG	protocol/handler.go:1591	have processed broadcast	{"{round 20 3  <nil>}": {"Key":"from","Type":15,"Integer":0,"String":"a","Interface":null}}
2025-08-15T22:13:52.288-0500	DEBUG	protocol/handler.go:1649	have all messages and processed	{"{round 20 3  <nil>}": {"Key":"self","Type":15,"Integer":0,"String":"b","Interface":null}}
2025-08-15T22:13:52.288-0500	DEBUG	protocol/handler.go:596	round already finalized
2025-08-15T22:13:52.288-0500	DEBUG	protocol/handler.go:581	tryAdvanceRound called	{"{current_round 20 3  <nil>}": {"Key":"self","Type":15,"Integer":0,"String":"a","Interface":null}}
2025-08-15T22:13:52.289-0500	DEBUG	protocol/handler.go:1591	have processed broadcast	{"{round 20 3  <nil>}": {"Key":"from","Type":15,"Integer":0,"String":"b","Interface":null}}
2025-08-15T22:13:52.289-0500	DEBUG	protocol/handler.go:1591	have processed broadcast	{"{round 20 3  <nil>}": {"Key":"from","Type":15,"Integer":0,"String":"c","Interface":null}}
2025-08-15T22:13:52.289-0500	DEBUG	protocol/handler.go:1649	have all messages and processed	{"{round 20 3  <nil>}": {"Key":"self","Type":15,"Integer":0,"String":"a","Interface":null}}
2025-08-15T22:13:52.289-0500	DEBUG	protocol/handler.go:596	round already finalized
2025-08-15T22:13:52.313-0500	DEBUG	protocol/handler.go:581	tryAdvanceRound called	{"{current_round 20 3  <nil>}": {"Key":"self","Type":15,"Integer":0,"String":"a","Interface":null}}
2025-08-15T22:13:52.313-0500	DEBUG	protocol/handler.go:1591	have processed broadcast	{"{round 20 3  <nil>}": {"Key":"from","Type":15,"Integer":0,"String":"b","Interface":null}}
2025-08-15T22:13:52.313-0500	DEBUG	protocol/handler.go:1591	have processed broadcast	{"{round 20 3  <nil>}": {"Key":"from","Type":15,"Integer":0,"String":"c","Interface":null}}
2025-08-15T22:13:52.313-0500	DEBUG	protocol/handler.go:1649	have all messages and processed	{"{round 20 3  <nil>}": {"Key":"self","Type":15,"Integer":0,"String":"a","Interface":null}}
2025-08-15T22:13:52.313-0500	DEBUG	protocol/handler.go:596	round already finalized
2025-08-15T22:13:52.319-0500	DEBUG	protocol/handler.go:581	tryAdvanceRound called	{"{current_round 20 3  <nil>}": {"Key":"self","Type":15,"Integer":0,"String":"b","Interface":null}}
2025-08-15T22:13:52.319-0500	DEBUG	protocol/handler.go:1591	have processed broadcast	{"{round 20 3  <nil>}": {"Key":"from","Type":15,"Integer":0,"String":"a","Interface":null}}
2025-08-15T22:13:52.320-0500	DEBUG	protocol/handler.go:1591	have processed broadcast	{"{round 20 3  <nil>}": {"Key":"from","Type":15,"Integer":0,"String":"c","Interface":null}}
2025-08-15T22:13:52.320-0500	DEBUG	protocol/handler.go:1649	have all messages and processed	{"{round 20 3  <nil>}": {"Key":"self","Type":15,"Integer":0,"String":"b","Interface":null}}
2025-08-15T22:13:52.320-0500	DEBUG	protocol/handler.go:596	round already finalized
2025-08-15T22:13:52.321-0500	DEBUG	protocol/handler.go:581	tryAdvanceRound called	{"{current_round 20 3  <nil>}": {"Key":"self","Type":15,"Integer":0,"String":"b","Interface":null}}
2025-08-15T22:13:52.321-0500	DEBUG	protocol/handler.go:1591	have processed broadcast	{"{round 20 3  <nil>}": {"Key":"from","Type":15,"Integer":0,"String":"a","Interface":null}}
2025-08-15T22:13:52.321-0500	DEBUG	protocol/handler.go:1591	have processed broadcast	{"{round 20 3  <nil>}": {"Key":"from","Type":15,"Integer":0,"String":"c","Interface":null}}
2025-08-15T22:13:52.321-0500	DEBUG	protocol/handler.go:1649	have all messages and processed	{"{round 20 3  <nil>}": {"Key":"self","Type":15,"Integer":0,"String":"b","Interface":null}}
2025-08-15T22:13:52.321-0500	DEBUG	protocol/handler.go:596	round already finalized
2025-08-15T22:13:52.322-0500	DEBUG	protocol/handler.go:581	tryAdvanceRound called	{"{current_round 20 3  <nil>}": {"Key":"self","Type":15,"Integer":0,"String":"c","Interface":null}}
2025-08-15T22:13:52.322-0500	DEBUG	protocol/handler.go:1591	have processed broadcast	{"{round 20 3  <nil>}": {"Key":"from","Type":15,"Integer":0,"String":"a","Interface":null}}
2025-08-15T22:13:52.322-0500	DEBUG	protocol/handler.go:1591	have processed broadcast	{"{round 20 3  <nil>}": {"Key":"from","Type":15,"Integer":0,"String":"b","Interface":null}}
2025-08-15T22:13:52.322-0500	DEBUG	protocol/handler.go:1649	have all messages and processed	{"{round 20 3  <nil>}": {"Key":"self","Type":15,"Integer":0,"String":"c","Interface":null}}
2025-08-15T22:13:52.322-0500	DEBUG	protocol/handler.go:596	round already finalized
2025-08-15T22:13:52.322-0500	DEBUG	protocol/handler.go:581	tryAdvanceRound called	{"{current_round 20 3  <nil>}": {"Key":"self","Type":15,"Integer":0,"String":"c","Interface":null}}
2025-08-15T22:13:52.322-0500	DEBUG	protocol/handler.go:1591	have processed broadcast	{"{round 20 3  <nil>}": {"Key":"from","Type":15,"Integer":0,"String":"a","Interface":null}}
2025-08-15T22:13:52.322-0500	DEBUG	protocol/handler.go:1591	have processed broadcast	{"{round 20 3  <nil>}": {"Key":"from","Type":15,"Integer":0,"String":"b","Interface":null}}
2025-08-15T22:13:52.322-0500	DEBUG	protocol/handler.go:1649	have all messages and processed	{"{round 20 3  <nil>}": {"Key":"self","Type":15,"Integer":0,"String":"c","Interface":null}}
2025-08-15T22:13:52.322-0500	DEBUG	protocol/handler.go:596	round already finalized
2025-08-15T22:13:52.346-0500	DEBUG	protocol/handler.go:581	tryAdvanceRound called	{"{current_round 20 3  <nil>}": {"Key":"self","Type":15,"Integer":0,"String":"b","Interface":null}}
2025-08-15T22:13:52.346-0500	DEBUG	protocol/handler.go:1591	have processed broadcast	{"{round 20 3  <nil>}": {"Key":"from","Type":15,"Integer":0,"String":"a","Interface":null}}
2025-08-15T22:13:52.346-0500	DEBUG	protocol/handler.go:1649	have all messages and processed	{"{round 20 3  <nil>}": {"Key":"self","Type":15,"Integer":0,"String":"b","Interface":null}}
2025-08-15T22:13:52.346-0500	DEBUG	protocol/handler.go:596	round already finalized
2025-08-15T22:13:52.346-0500	DEBUG	protocol/handler.go:581	tryAdvanceRound called	{"{current_round 20 3  <nil>}": {"Key":"self","Type":15,"Integer":0,"String":"b","Interface":null}}
2025-08-15T22:13:52.346-0500	DEBUG	protocol/handler.go:1591	have processed broadcast	{"{round 20 3  <nil>}": {"Key":"from","Type":15,"Integer":0,"String":"a","Interface":null}}
2025-08-15T22:13:52.346-0500	DEBUG	protocol/handler.go:1649	have all messages and processed	{"{round 20 3  <nil>}": {"Key":"self","Type":15,"Integer":0,"String":"b","Interface":null}}
2025-08-15T22:13:52.347-0500	DEBUG	protocol/handler.go:596	round already finalized
2025-08-15T22:13:52.347-0500	DEBUG	protocol/handler.go:581	tryAdvanceRound called	{"{current_round 20 3  <nil>}": {"Key":"self","Type":15,"Integer":0,"String":"b","Interface":null}}
2025-08-15T22:13:52.347-0500	DEBUG	protocol/handler.go:1591	have processed broadcast	{"{round 20 3  <nil>}": {"Key":"from","Type":15,"Integer":0,"String":"a","Interface":null}}
2025-08-15T22:13:52.347-0500	DEBUG	protocol/handler.go:1591	have processed broadcast	{"{round 20 3  <nil>}": {"Key":"from","Type":15,"Integer":0,"String":"c","Interface":null}}
2025-08-15T22:13:52.347-0500	DEBUG	protocol/handler.go:1649	have all messages and processed	{"{round 20 3  <nil>}": {"Key":"self","Type":15,"Integer":0,"String":"b","Interface":null}}
2025-08-15T22:13:52.347-0500	DEBUG	protocol/handler.go:596	round already finalized
2025-08-15T22:13:52.347-0500	DEBUG	protocol/handler.go:581	tryAdvanceRound called	{"{current_round 20 3  <nil>}": {"Key":"self","Type":15,"Integer":0,"String":"b","Interface":null}}
2025-08-15T22:13:52.347-0500	DEBUG	protocol/handler.go:1591	have processed broadcast	{"{round 20 3  <nil>}": {"Key":"from","Type":15,"Integer":0,"String":"a","Interface":null}}
2025-08-15T22:13:52.347-0500	DEBUG	protocol/handler.go:1591	have processed broadcast	{"{round 20 3  <nil>}": {"Key":"from","Type":15,"Integer":0,"String":"c","Interface":null}}
2025-08-15T22:13:52.347-0500	DEBUG	protocol/handler.go:1649	have all messages and processed	{"{round 20 3  <nil>}": {"Key":"self","Type":15,"Integer":0,"String":"b","Interface":null}}
2025-08-15T22:13:52.347-0500	DEBUG	protocol/handler.go:596	round already finalized
2025-08-15T22:13:52.322-0500	DEBUG	protocol/handler.go:581	tryAdvanceRound called	{"{current_round 20 3  <nil>}": {"Key":"self","Type":15,"Integer":0,"String":"a","Interface":null}}
2025-08-15T22:13:52.347-0500	DEBUG	protocol/handler.go:1591	have processed broadcast	{"{round 20 3  <nil>}": {"Key":"from","Type":15,"Integer":0,"String":"b","Interface":null}}
2025-08-15T22:13:52.347-0500	DEBUG	protocol/handler.go:1591	have processed broadcast	{"{round 20 3  <nil>}": {"Key":"from","Type":15,"Integer":0,"String":"c","Interface":null}}
2025-08-15T22:13:52.347-0500	DEBUG	protocol/handler.go:1649	have all messages and processed	{"{round 20 3  <nil>}": {"Key":"self","Type":15,"Integer":0,"String":"a","Interface":null}}
2025-08-15T22:13:52.347-0500	DEBUG	protocol/handler.go:596	round already finalized
2025-08-15T22:13:52.347-0500	DEBUG	protocol/handler.go:581	tryAdvanceRound called	{"{current_round 20 3  <nil>}": {"Key":"self","Type":15,"Integer":0,"String":"a","Interface":null}}
2025-08-15T22:13:52.347-0500	DEBUG	protocol/handler.go:1591	have processed broadcast	{"{round 20 3  <nil>}": {"Key":"from","Type":15,"Integer":0,"String":"b","Interface":null}}
2025-08-15T22:13:52.347-0500	DEBUG	protocol/handler.go:1591	have processed broadcast	{"{round 20 3  <nil>}": {"Key":"from","Type":15,"Integer":0,"String":"c","Interface":null}}
2025-08-15T22:13:52.347-0500	DEBUG	protocol/handler.go:1649	have all messages and processed	{"{round 20 3  <nil>}": {"Key":"self","Type":15,"Integer":0,"String":"a","Interface":null}}
2025-08-15T22:13:52.347-0500	DEBUG	protocol/handler.go:596	round already finalized
2025-08-15T22:13:52.347-0500	DEBUG	protocol/handler.go:581	tryAdvanceRound called	{"{current_round 20 3  <nil>}": {"Key":"self","Type":15,"Integer":0,"String":"c","Interface":null}}
2025-08-15T22:13:52.348-0500	DEBUG	protocol/handler.go:1591	have processed broadcast	{"{round 20 3  <nil>}": {"Key":"from","Type":15,"Integer":0,"String":"a","Interface":null}}
2025-08-15T22:13:52.348-0500	DEBUG	protocol/handler.go:1591	have processed broadcast	{"{round 20 3  <nil>}": {"Key":"from","Type":15,"Integer":0,"String":"b","Interface":null}}
2025-08-15T22:13:52.348-0500	DEBUG	protocol/handler.go:1649	have all messages and processed	{"{round 20 3  <nil>}": {"Key":"self","Type":15,"Integer":0,"String":"c","Interface":null}}
2025-08-15T22:13:52.348-0500	DEBUG	protocol/handler.go:596	round already finalized
2025-08-15T22:13:52.348-0500	DEBUG	protocol/handler.go:581	tryAdvanceRound called	{"{current_round 20 3  <nil>}": {"Key":"self","Type":15,"Integer":0,"String":"b","Interface":null}}
2025-08-15T22:13:52.348-0500	DEBUG	protocol/handler.go:1591	have processed broadcast	{"{round 20 3  <nil>}": {"Key":"from","Type":15,"Integer":0,"String":"a","Interface":null}}
2025-08-15T22:13:52.348-0500	DEBUG	protocol/handler.go:1649	have all messages and processed	{"{round 20 3  <nil>}": {"Key":"self","Type":15,"Integer":0,"String":"b","Interface":null}}
2025-08-15T22:13:52.348-0500	DEBUG	protocol/handler.go:596	round already finalized
2025-08-15T22:13:52.369-0500	DEBUG	protocol/handler.go:581	tryAdvanceRound called	{"{current_round 20 3  <nil>}": {"Key":"self","Type":15,"Integer":0,"String":"a","Interface":null}}
2025-08-15T22:13:52.370-0500	DEBUG	protocol/handler.go:1591	have processed broadcast	{"{round 20 3  <nil>}": {"Key":"from","Type":15,"Integer":0,"String":"b","Interface":null}}
2025-08-15T22:13:52.370-0500	DEBUG	protocol/handler.go:1591	have processed broadcast	{"{round 20 3  <nil>}": {"Key":"from","Type":15,"Integer":0,"String":"c","Interface":null}}
2025-08-15T22:13:52.370-0500	DEBUG	protocol/handler.go:1649	have all messages and processed	{"{round 20 3  <nil>}": {"Key":"self","Type":15,"Integer":0,"String":"a","Interface":null}}
2025-08-15T22:13:52.370-0500	DEBUG	protocol/handler.go:596	round already finalized
2025-08-15T22:13:52.370-0500	DEBUG	protocol/handler.go:581	tryAdvanceRound called	{"{current_round 20 3  <nil>}": {"Key":"self","Type":15,"Integer":0,"String":"b","Interface":null}}
2025-08-15T22:13:52.370-0500	DEBUG	protocol/handler.go:1591	have processed broadcast	{"{round 20 3  <nil>}": {"Key":"from","Type":15,"Integer":0,"String":"a","Interface":null}}
2025-08-15T22:13:52.370-0500	DEBUG	protocol/handler.go:1591	have processed broadcast	{"{round 20 3  <nil>}": {"Key":"from","Type":15,"Integer":0,"String":"c","Interface":null}}
2025-08-15T22:13:52.370-0500	DEBUG	protocol/handler.go:1649	have all messages and processed	{"{round 20 3  <nil>}": {"Key":"self","Type":15,"Integer":0,"String":"b","Interface":null}}
2025-08-15T22:13:52.370-0500	DEBUG	protocol/handler.go:596	round already finalized
2025-08-15T22:13:52.370-0500	DEBUG	protocol/handler.go:581	tryAdvanceRound called	{"{current_round 20 3  <nil>}": {"Key":"self","Type":15,"Integer":0,"String":"c","Interface":null}}
2025-08-15T22:13:52.370-0500	DEBUG	protocol/handler.go:1591	have processed broadcast	{"{round 20 3  <nil>}": {"Key":"from","Type":15,"Integer":0,"String":"a","Interface":null}}
2025-08-15T22:13:52.370-0500	DEBUG	protocol/handler.go:1591	have processed broadcast	{"{round 20 3  <nil>}": {"Key":"from","Type":15,"Integer":0,"String":"b","Interface":null}}
2025-08-15T22:13:52.370-0500	DEBUG	protocol/handler.go:1649	have all messages and processed	{"{round 20 3  <nil>}": {"Key":"self","Type":15,"Integer":0,"String":"c","Interface":null}}
2025-08-15T22:13:52.370-0500	DEBUG	protocol/handler.go:596	round already finalized
2025-08-15T22:13:52.370-0500	DEBUG	protocol/handler.go:581	tryAdvanceRound called	{"{current_round 20 3  <nil>}": {"Key":"self","Type":15,"Integer":0,"String":"b","Interface":null}}
2025-08-15T22:13:52.370-0500	DEBUG	protocol/handler.go:1591	have processed broadcast	{"{round 20 3  <nil>}": {"Key":"from","Type":15,"Integer":0,"String":"a","Interface":null}}
2025-08-15T22:13:52.370-0500	DEBUG	protocol/handler.go:1649	have all messages and processed	{"{round 20 3  <nil>}": {"Key":"self","Type":15,"Integer":0,"String":"b","Interface":null}}
2025-08-15T22:13:52.370-0500	DEBUG	protocol/handler.go:596	round already finalized
2025-08-15T22:13:52.397-0500	DEBUG	protocol/handler.go:581	tryAdvanceRound called	{"{current_round 20 3  <nil>}": {"Key":"self","Type":15,"Integer":0,"String":"c","Interface":null}}
2025-08-15T22:13:52.397-0500	DEBUG	protocol/handler.go:1591	have processed broadcast	{"{round 20 3  <nil>}": {"Key":"from","Type":15,"Integer":0,"String":"a","Interface":null}}
2025-08-15T22:13:52.397-0500	DEBUG	protocol/handler.go:1591	have processed broadcast	{"{round 20 3  <nil>}": {"Key":"from","Type":15,"Integer":0,"String":"b","Interface":null}}
2025-08-15T22:13:52.397-0500	DEBUG	protocol/handler.go:1649	have all messages and processed	{"{round 20 3  <nil>}": {"Key":"self","Type":15,"Integer":0,"String":"c","Interface":null}}
2025-08-15T22:13:52.398-0500	DEBUG	protocol/handler.go:596	round already finalized
2025-08-15T22:13:52.398-0500	DEBUG	protocol/handler.go:581	tryAdvanceRound called	{"{current_round 20 3  <nil>}": {"Key":"self","Type":15,"Integer":0,"String":"b","Interface":null}}
2025-08-15T22:13:52.398-0500	DEBUG	protocol/handler.go:1591	have processed broadcast	{"{round 20 3  <nil>}": {"Key":"from","Type":15,"Integer":0,"String":"a","Interface":null}}
2025-08-15T22:13:52.399-0500	DEBUG	protocol/handler.go:1591	have processed broadcast	{"{round 20 3  <nil>}": {"Key":"from","Type":15,"Integer":0,"String":"c","Interface":null}}
2025-08-15T22:13:52.399-0500	DEBUG	protocol/handler.go:1649	have all messages and processed	{"{round 20 3  <nil>}": {"Key":"self","Type":15,"Integer":0,"String":"b","Interface":null}}
2025-08-15T22:13:52.399-0500	DEBUG	protocol/handler.go:596	round already finalized
2025-08-15T22:13:52.399-0500	DEBUG	protocol/handler.go:581	tryAdvanceRound called	{"{current_round 20 3  <nil>}": {"Key":"self","Type":15,"Integer":0,"String":"b","Interface":null}}
2025-08-15T22:13:52.399-0500	DEBUG	protocol/handler.go:1591	have processed broadcast	{"{round 20 3  <nil>}": {"Key":"from","Type":15,"Integer":0,"String":"a","Interface":null}}
2025-08-15T22:13:52.399-0500	DEBUG	protocol/handler.go:1649	have all messages and processed	{"{round 20 3  <nil>}": {"Key":"self","Type":15,"Integer":0,"String":"b","Interface":null}}
2025-08-15T22:13:52.399-0500	DEBUG	protocol/handler.go:596	round already finalized
2025-08-15T22:13:52.400-0500	DEBUG	protocol/handler.go:581	tryAdvanceRound called	{"{current_round 20 3  <nil>}": {"Key":"self","Type":15,"Integer":0,"String":"a","Interface":null}}
2025-08-15T22:13:52.400-0500	DEBUG	protocol/handler.go:1591	have processed broadcast	{"{round 20 3  <nil>}": {"Key":"from","Type":15,"Integer":0,"String":"b","Interface":null}}
2025-08-15T22:13:52.400-0500	DEBUG	protocol/handler.go:1591	have processed broadcast	{"{round 20 3  <nil>}": {"Key":"from","Type":15,"Integer":0,"String":"c","Interface":null}}
2025-08-15T22:13:52.400-0500	DEBUG	protocol/handler.go:1649	have all messages and processed	{"{round 20 3  <nil>}": {"Key":"self","Type":15,"Integer":0,"String":"a","Interface":null}}
2025-08-15T22:13:52.400-0500	DEBUG	protocol/handler.go:596	round already finalized
2025-08-15T22:13:52.419-0500	DEBUG	protocol/handler.go:581	tryAdvanceRound called	{"{current_round 20 3  <nil>}": {"Key":"self","Type":15,"Integer":0,"String":"a","Interface":null}}
2025-08-15T22:13:52.419-0500	DEBUG	protocol/handler.go:1591	have processed broadcast	{"{round 20 3  <nil>}": {"Key":"from","Type":15,"Integer":0,"String":"b","Interface":null}}
2025-08-15T22:13:52.419-0500	DEBUG	protocol/handler.go:1591	have processed broadcast	{"{round 20 3  <nil>}": {"Key":"from","Type":15,"Integer":0,"String":"c","Interface":null}}
2025-08-15T22:13:52.419-0500	DEBUG	protocol/handler.go:1649	have all messages and processed	{"{round 20 3  <nil>}": {"Key":"self","Type":15,"Integer":0,"String":"a","Interface":null}}
2025-08-15T22:13:52.419-0500	DEBUG	protocol/handler.go:596	round already finalized
2025-08-15T22:13:52.419-0500	DEBUG	protocol/handler.go:581	tryAdvanceRound called	{"{current_round 20 3  <nil>}": {"Key":"self","Type":15,"Integer":0,"String":"b","Interface":null}}
2025-08-15T22:13:52.419-0500	DEBUG	protocol/handler.go:1591	have processed broadcast	{"{round 20 3  <nil>}": {"Key":"from","Type":15,"Integer":0,"String":"a","Interface":null}}
2025-08-15T22:13:52.419-0500	DEBUG	protocol/handler.go:1591	have processed broadcast	{"{round 20 3  <nil>}": {"Key":"from","Type":15,"Integer":0,"String":"c","Interface":null}}
2025-08-15T22:13:52.419-0500	DEBUG	protocol/handler.go:1649	have all messages and processed	{"{round 20 3  <nil>}": {"Key":"self","Type":15,"Integer":0,"String":"b","Interface":null}}
2025-08-15T22:13:52.419-0500	DEBUG	protocol/handler.go:596	round already finalized
2025-08-15T22:13:52.419-0500	DEBUG	protocol/handler.go:581	tryAdvanceRound called	{"{current_round 20 3  <nil>}": {"Key":"self","Type":15,"Integer":0,"String":"c","Interface":null}}
2025-08-15T22:13:52.419-0500	DEBUG	protocol/handler.go:1591	have processed broadcast	{"{round 20 3  <nil>}": {"Key":"from","Type":15,"Integer":0,"String":"a","Interface":null}}
2025-08-15T22:13:52.420-0500	DEBUG	protocol/handler.go:1591	have processed broadcast	{"{round 20 3  <nil>}": {"Key":"from","Type":15,"Integer":0,"String":"b","Interface":null}}
2025-08-15T22:13:52.420-0500	DEBUG	protocol/handler.go:1649	have all messages and processed	{"{round 20 3  <nil>}": {"Key":"self","Type":15,"Integer":0,"String":"c","Interface":null}}
2025-08-15T22:13:52.420-0500	DEBUG	protocol/handler.go:596	round already finalized
2025-08-15T22:13:52.420-0500	DEBUG	protocol/handler.go:581	tryAdvanceRound called	{"{current_round 20 3  <nil>}": {"Key":"self","Type":15,"Integer":0,"String":"b","Interface":null}}
2025-08-15T22:13:52.420-0500	DEBUG	protocol/handler.go:1591	have processed broadcast	{"{round 20 3  <nil>}": {"Key":"from","Type":15,"Integer":0,"String":"a","Interface":null}}
2025-08-15T22:13:52.420-0500	DEBUG	protocol/handler.go:1649	have all messages and processed	{"{round 20 3  <nil>}": {"Key":"self","Type":15,"Integer":0,"String":"b","Interface":null}}
2025-08-15T22:13:52.420-0500	DEBUG	protocol/handler.go:596	round already finalized
2025-08-15T22:13:52.440-0500	DEBUG	protocol/handler.go:581	tryAdvanceRound called	{"{current_round 20 3  <nil>}": {"Key":"self","Type":15,"Integer":0,"String":"b","Interface":null}}
2025-08-15T22:13:52.441-0500	DEBUG	protocol/handler.go:1591	have processed broadcast	{"{round 20 3  <nil>}": {"Key":"from","Type":15,"Integer":0,"String":"a","Interface":null}}
2025-08-15T22:13:52.441-0500	DEBUG	protocol/handler.go:1591	have processed broadcast	{"{round 20 3  <nil>}": {"Key":"from","Type":15,"Integer":0,"String":"c","Interface":null}}
2025-08-15T22:13:52.441-0500	DEBUG	protocol/handler.go:1649	have all messages and processed	{"{round 20 3  <nil>}": {"Key":"self","Type":15,"Integer":0,"String":"b","Interface":null}}
2025-08-15T22:13:52.441-0500	DEBUG	protocol/handler.go:596	round already finalized
2025-08-15T22:13:52.441-0500	DEBUG	protocol/handler.go:581	tryAdvanceRound called	{"{current_round 20 3  <nil>}": {"Key":"self","Type":15,"Integer":0,"String":"b","Interface":null}}
2025-08-15T22:13:52.441-0500	DEBUG	protocol/handler.go:1591	have processed broadcast	{"{round 20 3  <nil>}": {"Key":"from","Type":15,"Integer":0,"String":"a","Interface":null}}
2025-08-15T22:13:52.441-0500	DEBUG	protocol/handler.go:1591	have processed broadcast	{"{round 20 3  <nil>}": {"Key":"from","Type":15,"Integer":0,"String":"c","Interface":null}}
2025-08-15T22:13:52.441-0500	DEBUG	protocol/handler.go:1649	have all messages and processed	{"{round 20 3  <nil>}": {"Key":"self","Type":15,"Integer":0,"String":"b","Interface":null}}
2025-08-15T22:13:52.441-0500	DEBUG	protocol/handler.go:596	round already finalized
2025-08-15T22:13:52.441-0500	DEBUG	protocol/handler.go:581	tryAdvanceRound called	{"{current_round 20 3  <nil>}": {"Key":"self","Type":15,"Integer":0,"String":"c","Interface":null}}
2025-08-15T22:13:52.441-0500	DEBUG	protocol/handler.go:1591	have processed broadcast	{"{round 20 3  <nil>}": {"Key":"from","Type":15,"Integer":0,"String":"a","Interface":null}}
2025-08-15T22:13:52.441-0500	DEBUG	protocol/handler.go:1591	have processed broadcast	{"{round 20 3  <nil>}": {"Key":"from","Type":15,"Integer":0,"String":"b","Interface":null}}
2025-08-15T22:13:52.441-0500	DEBUG	protocol/handler.go:1649	have all messages and processed	{"{round 20 3  <nil>}": {"Key":"self","Type":15,"Integer":0,"String":"c","Interface":null}}
2025-08-15T22:13:52.441-0500	DEBUG	protocol/handler.go:596	round already finalized
2025-08-15T22:13:52.441-0500	DEBUG	protocol/handler.go:581	tryAdvanceRound called	{"{current_round 20 3  <nil>}": {"Key":"self","Type":15,"Integer":0,"String":"c","Interface":null}}
2025-08-15T22:13:52.441-0500	DEBUG	protocol/handler.go:1591	have processed broadcast	{"{round 20 3  <nil>}": {"Key":"from","Type":15,"Integer":0,"String":"a","Interface":null}}
2025-08-15T22:13:52.441-0500	DEBUG	protocol/handler.go:1591	have processed broadcast	{"{round 20 3  <nil>}": {"Key":"from","Type":15,"Integer":0,"String":"b","Interface":null}}
2025-08-15T22:13:52.442-0500	DEBUG	protocol/handler.go:1649	have all messages and processed	{"{round 20 3  <nil>}": {"Key":"self","Type":15,"Integer":0,"String":"c","Interface":null}}
2025-08-15T22:13:52.442-0500	DEBUG	protocol/handler.go:596	round already finalized
2025-08-15T22:13:52.442-0500	DEBUG	protocol/handler.go:581	tryAdvanceRound called	{"{current_round 20 3  <nil>}": {"Key":"self","Type":15,"Integer":0,"String":"b","Interface":null}}
2025-08-15T22:13:52.442-0500	DEBUG	protocol/handler.go:1591	have processed broadcast	{"{round 20 3  <nil>}": {"Key":"from","Type":15,"Integer":0,"String":"a","Interface":null}}
2025-08-15T22:13:52.442-0500	DEBUG	protocol/handler.go:1649	have all messages and processed	{"{round 20 3  <nil>}": {"Key":"self","Type":15,"Integer":0,"String":"b","Interface":null}}
2025-08-15T22:13:52.442-0500	DEBUG	protocol/handler.go:596	round already finalized
2025-08-15T22:13:52.442-0500	DEBUG	protocol/handler.go:581	tryAdvanceRound called	{"{current_round 20 3  <nil>}": {"Key":"self","Type":15,"Integer":0,"String":"a","Interface":null}}
2025-08-15T22:13:52.442-0500	DEBUG	protocol/handler.go:1591	have processed broadcast	{"{round 20 3  <nil>}": {"Key":"from","Type":15,"Integer":0,"String":"b","Interface":null}}
2025-08-15T22:13:52.442-0500	DEBUG	protocol/handler.go:1591	have processed broadcast	{"{round 20 3  <nil>}": {"Key":"from","Type":15,"Integer":0,"String":"c","Interface":null}}
2025-08-15T22:13:52.442-0500	DEBUG	protocol/handler.go:1649	have all messages and processed	{"{round 20 3  <nil>}": {"Key":"self","Type":15,"Integer":0,"String":"a","Interface":null}}
2025-08-15T22:13:52.442-0500	DEBUG	protocol/handler.go:596	round already finalized
2025-08-15T22:13:52.462-0500	DEBUG	protocol/handler.go:581	tryAdvanceRound called	{"{current_round 20 3  <nil>}": {"Key":"self","Type":15,"Integer":0,"String":"c","Interface":null}}
2025-08-15T22:13:52.462-0500	DEBUG	protocol/handler.go:1591	have processed broadcast	{"{round 20 3  <nil>}": {"Key":"from","Type":15,"Integer":0,"String":"a","Interface":null}}
2025-08-15T22:13:52.462-0500	DEBUG	protocol/handler.go:1591	have processed broadcast	{"{round 20 3  <nil>}": {"Key":"from","Type":15,"Integer":0,"String":"b","Interface":null}}
2025-08-15T22:13:52.462-0500	DEBUG	protocol/handler.go:1649	have all messages and processed	{"{round 20 3  <nil>}": {"Key":"self","Type":15,"Integer":0,"String":"c","Interface":null}}
2025-08-15T22:13:52.462-0500	DEBUG	protocol/handler.go:596	round already finalized
2025-08-15T22:13:52.462-0500	DEBUG	protocol/handler.go:581	tryAdvanceRound called	{"{current_round 20 3  <nil>}": {"Key":"self","Type":15,"Integer":0,"String":"a","Interface":null}}
2025-08-15T22:13:52.462-0500	DEBUG	protocol/handler.go:1591	have processed broadcast	{"{round 20 3  <nil>}": {"Key":"from","Type":15,"Integer":0,"String":"b","Interface":null}}
2025-08-15T22:13:52.462-0500	DEBUG	protocol/handler.go:1591	have processed broadcast	{"{round 20 3  <nil>}": {"Key":"from","Type":15,"Integer":0,"String":"c","Interface":null}}
2025-08-15T22:13:52.462-0500	DEBUG	protocol/handler.go:1649	have all messages and processed	{"{round 20 3  <nil>}": {"Key":"self","Type":15,"Integer":0,"String":"a","Interface":null}}
2025-08-15T22:13:52.462-0500	DEBUG	protocol/handler.go:596	round already finalized
2025-08-15T22:13:52.462-0500	DEBUG	protocol/handler.go:581	tryAdvanceRound called	{"{current_round 20 3  <nil>}": {"Key":"self","Type":15,"Integer":0,"String":"b","Interface":null}}
2025-08-15T22:13:52.462-0500	DEBUG	protocol/handler.go:1591	have processed broadcast	{"{round 20 3  <nil>}": {"Key":"from","Type":15,"Integer":0,"String":"a","Interface":null}}
2025-08-15T22:13:52.462-0500	DEBUG	protocol/handler.go:1591	have processed broadcast	{"{round 20 3  <nil>}": {"Key":"from","Type":15,"Integer":0,"String":"c","Interface":null}}
2025-08-15T22:13:52.462-0500	DEBUG	protocol/handler.go:1649	have all messages and processed	{"{round 20 3  <nil>}": {"Key":"self","Type":15,"Integer":0,"String":"b","Interface":null}}
2025-08-15T22:13:52.462-0500	DEBUG	protocol/handler.go:596	round already finalized
2025-08-15T22:13:52.462-0500	DEBUG	protocol/handler.go:581	tryAdvanceRound called	{"{current_round 20 3  <nil>}": {"Key":"self","Type":15,"Integer":0,"String":"b","Interface":null}}
2025-08-15T22:13:52.462-0500	DEBUG	protocol/handler.go:1591	have processed broadcast	{"{round 20 3  <nil>}": {"Key":"from","Type":15,"Integer":0,"String":"a","Interface":null}}
2025-08-15T22:13:52.462-0500	DEBUG	protocol/handler.go:1649	have all messages and processed	{"{round 20 3  <nil>}": {"Key":"self","Type":15,"Integer":0,"String":"b","Interface":null}}
2025-08-15T22:13:52.463-0500	DEBUG	protocol/handler.go:596	round already finalized
2025-08-15T22:13:52.475-0500	DEBUG	protocol/handler.go:1039	sendRoundMessage	{"{from 15 0 a <nil>}": {"Key":"to","Type":15,"Integer":0,"String":"c","Interface":null}, "{round 20 4  <nil>}": {"Key":"broadcast","Type":4,"Integer":0,"String":"","Interface":null}}
2025-08-15T22:13:52.475-0500	DEBUG	protocol/handler.go:1081	sent message to output channel	{"{from 15 0 a <nil>}": {"Key":"to","Type":15,"Integer":0,"String":"c","Interface":null}, "{round 20 4  <nil>}": {"Key":"broadcast","Type":4,"Integer":0,"String":"","Interface":null}}
2025-08-15T22:13:52.475-0500	DEBUG	protocol/handler.go:1182	finalized round messages	{"{round 20 3  <nil>}": {"Key":"messages","Type":11,"Integer":3,"String":"","Interface":null}}
2025-08-15T22:13:52.475-0500	DEBUG	protocol/handler.go:1239	finalize returned next round	{"{current 20 3  <nil>}": {"Key":"next","Type":20,"Integer":4,"String":"","Interface":null}}
2025-08-15T22:13:52.475-0500	INFO	protocol/handler.go:642	storing new currentRound	{"{from 20 3  <nil>}": {"Key":"to","Type":20,"Integer":4,"String":"","Interface":null}}
2025-08-15T22:13:52.475-0500	DEBUG	protocol/handler.go:1503	processing queued messages
2025-08-15T22:13:52.475-0500	DEBUG	protocol/handler.go:1503	processing queued messages
2025-08-15T22:13:52.484-0500	DEBUG	protocol/handler.go:581	tryAdvanceRound called	{"{current_round 20 3  <nil>}": {"Key":"self","Type":15,"Integer":0,"String":"b","Interface":null}}
2025-08-15T22:13:52.484-0500	DEBUG	protocol/handler.go:1591	have processed broadcast	{"{round 20 3  <nil>}": {"Key":"from","Type":15,"Integer":0,"String":"a","Interface":null}}
2025-08-15T22:13:52.484-0500	DEBUG	protocol/handler.go:1591	have processed broadcast	{"{round 20 3  <nil>}": {"Key":"from","Type":15,"Integer":0,"String":"c","Interface":null}}
2025-08-15T22:13:52.484-0500	DEBUG	protocol/handler.go:1649	have all messages and processed	{"{round 20 3  <nil>}": {"Key":"self","Type":15,"Integer":0,"String":"b","Interface":null}}
2025-08-15T22:13:52.484-0500	DEBUG	protocol/handler.go:596	round already finalized
2025-08-15T22:13:52.484-0500	INFO	protocol/handler.go:560	advanced to round
2025-08-15T22:13:52.484-0500	DEBUG	protocol/handler.go:581	tryAdvanceRound called	{"{current_round 20 4  <nil>}": {"Key":"self","Type":15,"Integer":0,"String":"a","Interface":null}}
2025-08-15T22:13:52.496-0500	DEBUG	protocol/handler.go:437	processing message	{"{from 15 0 a <nil>}": {"Key":"to","Type":15,"Integer":0,"String":"c","Interface":null}, "{round 20 4  <nil>}": {"Key":"broadcast","Type":4,"Integer":0,"String":"","Interface":null}}
2025-08-15T22:13:52.496-0500	DEBUG	protocol/handler.go:1662	storing message	{"{round 20 4  <nil>}": {"Key":"from","Type":15,"Integer":0,"String":"a","Interface":null}}
2025-08-15T22:13:52.496-0500	DEBUG	protocol/handler.go:470	message for different round (buffering)	{"{msg_round 20 4  <nil>}": {"Key":"current_round","Type":20,"Integer":3,"String":"","Interface":null}}
2025-08-15T22:13:52.496-0500	DEBUG	protocol/handler.go:581	tryAdvanceRound called	{"{current_round 20 3  <nil>}": {"Key":"self","Type":15,"Integer":0,"String":"c","Interface":null}}
2025-08-15T22:13:52.496-0500	DEBUG	protocol/handler.go:1591	have processed broadcast	{"{round 20 3  <nil>}": {"Key":"from","Type":15,"Integer":0,"String":"a","Interface":null}}
2025-08-15T22:13:52.496-0500	DEBUG	protocol/handler.go:1591	have processed broadcast	{"{round 20 3  <nil>}": {"Key":"from","Type":15,"Integer":0,"String":"b","Interface":null}}
2025-08-15T22:13:52.496-0500	DEBUG	protocol/handler.go:1649	have all messages and processed	{"{round 20 3  <nil>}": {"Key":"self","Type":15,"Integer":0,"String":"c","Interface":null}}
2025-08-15T22:13:52.496-0500	DEBUG	protocol/handler.go:596	round already finalized
2025-08-15T22:13:52.510-0500	DEBUG	protocol/handler.go:581	tryAdvanceRound called	{"{current_round 20 3  <nil>}": {"Key":"self","Type":15,"Integer":0,"String":"b","Interface":null}}
2025-08-15T22:13:52.510-0500	DEBUG	protocol/handler.go:1591	have processed broadcast	{"{round 20 3  <nil>}": {"Key":"from","Type":15,"Integer":0,"String":"a","Interface":null}}
2025-08-15T22:13:52.510-0500	DEBUG	protocol/handler.go:1649	have all messages and processed	{"{round 20 3  <nil>}": {"Key":"self","Type":15,"Integer":0,"String":"b","Interface":null}}
2025-08-15T22:13:52.510-0500	DEBUG	protocol/handler.go:596	round already finalized
2025-08-15T22:13:52.510-0500	DEBUG	protocol/handler.go:581	tryAdvanceRound called	{"{current_round 20 3  <nil>}": {"Key":"self","Type":15,"Integer":0,"String":"b","Interface":null}}
2025-08-15T22:13:52.510-0500	DEBUG	protocol/handler.go:1591	have processed broadcast	{"{round 20 3  <nil>}": {"Key":"from","Type":15,"Integer":0,"String":"a","Interface":null}}
2025-08-15T22:13:52.510-0500	DEBUG	protocol/handler.go:1649	have all messages and processed	{"{round 20 3  <nil>}": {"Key":"self","Type":15,"Integer":0,"String":"b","Interface":null}}
2025-08-15T22:13:52.510-0500	DEBUG	protocol/handler.go:596	round already finalized
2025-08-15T22:13:52.510-0500	DEBUG	protocol/handler.go:581	tryAdvanceRound called	{"{current_round 20 3  <nil>}": {"Key":"self","Type":15,"Integer":0,"String":"c","Interface":null}}
2025-08-15T22:13:52.510-0500	DEBUG	protocol/handler.go:1591	have processed broadcast	{"{round 20 3  <nil>}": {"Key":"from","Type":15,"Integer":0,"String":"a","Interface":null}}
2025-08-15T22:13:52.510-0500	DEBUG	protocol/handler.go:1591	have processed broadcast	{"{round 20 3  <nil>}": {"Key":"from","Type":15,"Integer":0,"String":"b","Interface":null}}
2025-08-15T22:13:52.510-0500	DEBUG	protocol/handler.go:1649	have all messages and processed	{"{round 20 3  <nil>}": {"Key":"self","Type":15,"Integer":0,"String":"c","Interface":null}}
2025-08-15T22:13:52.511-0500	DEBUG	protocol/handler.go:596	round already finalized
2025-08-15T22:13:52.511-0500	DEBUG	protocol/handler.go:581	tryAdvanceRound called	{"{current_round 20 3  <nil>}": {"Key":"self","Type":15,"Integer":0,"String":"c","Interface":null}}
2025-08-15T22:13:52.511-0500	DEBUG	protocol/handler.go:1591	have processed broadcast	{"{round 20 3  <nil>}": {"Key":"from","Type":15,"Integer":0,"String":"a","Interface":null}}
2025-08-15T22:13:52.511-0500	DEBUG	protocol/handler.go:1591	have processed broadcast	{"{round 20 3  <nil>}": {"Key":"from","Type":15,"Integer":0,"String":"b","Interface":null}}
2025-08-15T22:13:52.511-0500	DEBUG	protocol/handler.go:1649	have all messages and processed	{"{round 20 3  <nil>}": {"Key":"self","Type":15,"Integer":0,"String":"c","Interface":null}}
2025-08-15T22:13:52.511-0500	DEBUG	protocol/handler.go:596	round already finalized
2025-08-15T22:13:52.511-0500	DEBUG	protocol/handler.go:581	tryAdvanceRound called	{"{current_round 20 3  <nil>}": {"Key":"self","Type":15,"Integer":0,"String":"b","Interface":null}}
2025-08-15T22:13:52.511-0500	DEBUG	protocol/handler.go:1591	have processed broadcast	{"{round 20 3  <nil>}": {"Key":"from","Type":15,"Integer":0,"String":"a","Interface":null}}
2025-08-15T22:13:52.511-0500	DEBUG	protocol/handler.go:1591	have processed broadcast	{"{round 20 3  <nil>}": {"Key":"from","Type":15,"Integer":0,"String":"c","Interface":null}}
2025-08-15T22:13:52.511-0500	DEBUG	protocol/handler.go:1649	have all messages and processed	{"{round 20 3  <nil>}": {"Key":"self","Type":15,"Integer":0,"String":"b","Interface":null}}
2025-08-15T22:13:52.511-0500	DEBUG	protocol/handler.go:596	round already finalized
2025-08-15T22:13:52.511-0500	DEBUG	protocol/handler.go:581	tryAdvanceRound called	{"{current_round 20 3  <nil>}": {"Key":"self","Type":15,"Integer":0,"String":"b","Interface":null}}
2025-08-15T22:13:52.511-0500	DEBUG	protocol/handler.go:1591	have processed broadcast	{"{round 20 3  <nil>}": {"Key":"from","Type":15,"Integer":0,"String":"a","Interface":null}}
2025-08-15T22:13:52.511-0500	DEBUG	protocol/handler.go:1591	have processed broadcast	{"{round 20 3  <nil>}": {"Key":"from","Type":15,"Integer":0,"String":"c","Interface":null}}
2025-08-15T22:13:52.511-0500	DEBUG	protocol/handler.go:1649	have all messages and processed	{"{round 20 3  <nil>}": {"Key":"self","Type":15,"Integer":0,"String":"b","Interface":null}}
2025-08-15T22:13:52.511-0500	DEBUG	protocol/handler.go:596	round already finalized
2025-08-15T22:13:52.511-0500	DEBUG	protocol/handler.go:581	tryAdvanceRound called	{"{current_round 20 3  <nil>}": {"Key":"self","Type":15,"Integer":0,"String":"c","Interface":null}}
2025-08-15T22:13:52.511-0500	DEBUG	protocol/handler.go:1591	have processed broadcast	{"{round 20 3  <nil>}": {"Key":"from","Type":15,"Integer":0,"String":"a","Interface":null}}
2025-08-15T22:13:52.511-0500	DEBUG	protocol/handler.go:1591	have processed broadcast	{"{round 20 3  <nil>}": {"Key":"from","Type":15,"Integer":0,"String":"b","Interface":null}}
2025-08-15T22:13:52.511-0500	DEBUG	protocol/handler.go:1649	have all messages and processed	{"{round 20 3  <nil>}": {"Key":"self","Type":15,"Integer":0,"String":"c","Interface":null}}
2025-08-15T22:13:52.511-0500	DEBUG	protocol/handler.go:596	round already finalized
2025-08-15T22:13:52.533-0500	DEBUG	protocol/handler.go:581	tryAdvanceRound called	{"{current_round 20 3  <nil>}": {"Key":"self","Type":15,"Integer":0,"String":"c","Interface":null}}
2025-08-15T22:13:52.533-0500	DEBUG	protocol/handler.go:1591	have processed broadcast	{"{round 20 3  <nil>}": {"Key":"from","Type":15,"Integer":0,"String":"a","Interface":null}}
2025-08-15T22:13:52.533-0500	DEBUG	protocol/handler.go:1591	have processed broadcast	{"{round 20 3  <nil>}": {"Key":"from","Type":15,"Integer":0,"String":"b","Interface":null}}
2025-08-15T22:13:52.533-0500	DEBUG	protocol/handler.go:1649	have all messages and processed	{"{round 20 3  <nil>}": {"Key":"self","Type":15,"Integer":0,"String":"c","Interface":null}}
2025-08-15T22:13:52.533-0500	DEBUG	protocol/handler.go:596	round already finalized
2025-08-15T22:13:52.533-0500	DEBUG	protocol/handler.go:581	tryAdvanceRound called	{"{current_round 20 3  <nil>}": {"Key":"self","Type":15,"Integer":0,"String":"b","Interface":null}}
2025-08-15T22:13:52.533-0500	DEBUG	protocol/handler.go:1591	have processed broadcast	{"{round 20 3  <nil>}": {"Key":"from","Type":15,"Integer":0,"String":"a","Interface":null}}
2025-08-15T22:13:52.533-0500	DEBUG	protocol/handler.go:1591	have processed broadcast	{"{round 20 3  <nil>}": {"Key":"from","Type":15,"Integer":0,"String":"c","Interface":null}}
2025-08-15T22:13:52.533-0500	DEBUG	protocol/handler.go:1649	have all messages and processed	{"{round 20 3  <nil>}": {"Key":"self","Type":15,"Integer":0,"String":"b","Interface":null}}
2025-08-15T22:13:52.533-0500	DEBUG	protocol/handler.go:596	round already finalized
2025-08-15T22:13:52.533-0500	DEBUG	protocol/handler.go:581	tryAdvanceRound called	{"{current_round 20 3  <nil>}": {"Key":"self","Type":15,"Integer":0,"String":"b","Interface":null}}
2025-08-15T22:13:52.533-0500	DEBUG	protocol/handler.go:1591	have processed broadcast	{"{round 20 3  <nil>}": {"Key":"from","Type":15,"Integer":0,"String":"a","Interface":null}}
2025-08-15T22:13:52.533-0500	DEBUG	protocol/handler.go:1649	have all messages and processed	{"{round 20 3  <nil>}": {"Key":"self","Type":15,"Integer":0,"String":"b","Interface":null}}
2025-08-15T22:13:52.533-0500	DEBUG	protocol/handler.go:596	round already finalized
2025-08-15T22:13:52.557-0500	DEBUG	protocol/handler.go:581	tryAdvanceRound called	{"{current_round 20 3  <nil>}": {"Key":"self","Type":15,"Integer":0,"String":"b","Interface":null}}
2025-08-15T22:13:52.557-0500	DEBUG	protocol/handler.go:1591	have processed broadcast	{"{round 20 3  <nil>}": {"Key":"from","Type":15,"Integer":0,"String":"a","Interface":null}}
2025-08-15T22:13:52.557-0500	DEBUG	protocol/handler.go:1649	have all messages and processed	{"{round 20 3  <nil>}": {"Key":"self","Type":15,"Integer":0,"String":"b","Interface":null}}
2025-08-15T22:13:52.557-0500	DEBUG	protocol/handler.go:596	round already finalized
2025-08-15T22:13:52.557-0500	DEBUG	protocol/handler.go:581	tryAdvanceRound called	{"{current_round 20 3  <nil>}": {"Key":"self","Type":15,"Integer":0,"String":"b","Interface":null}}
2025-08-15T22:13:52.558-0500	DEBUG	protocol/handler.go:1591	have processed broadcast	{"{round 20 3  <nil>}": {"Key":"from","Type":15,"Integer":0,"String":"a","Interface":null}}
2025-08-15T22:13:52.558-0500	DEBUG	protocol/handler.go:1591	have processed broadcast	{"{round 20 3  <nil>}": {"Key":"from","Type":15,"Integer":0,"String":"c","Interface":null}}
2025-08-15T22:13:52.558-0500	DEBUG	protocol/handler.go:1649	have all messages and processed	{"{round 20 3  <nil>}": {"Key":"self","Type":15,"Integer":0,"String":"b","Interface":null}}
2025-08-15T22:13:52.559-0500	DEBUG	protocol/handler.go:596	round already finalized
2025-08-15T22:13:52.559-0500	DEBUG	protocol/handler.go:581	tryAdvanceRound called	{"{current_round 20 3  <nil>}": {"Key":"self","Type":15,"Integer":0,"String":"c","Interface":null}}
2025-08-15T22:13:52.559-0500	DEBUG	protocol/handler.go:1591	have processed broadcast	{"{round 20 3  <nil>}": {"Key":"from","Type":15,"Integer":0,"String":"a","Interface":null}}
2025-08-15T22:13:52.559-0500	DEBUG	protocol/handler.go:1591	have processed broadcast	{"{round 20 3  <nil>}": {"Key":"from","Type":15,"Integer":0,"String":"b","Interface":null}}
2025-08-15T22:13:52.559-0500	DEBUG	protocol/handler.go:1649	have all messages and processed	{"{round 20 3  <nil>}": {"Key":"self","Type":15,"Integer":0,"String":"c","Interface":null}}
2025-08-15T22:13:52.559-0500	DEBUG	protocol/handler.go:596	round already finalized
2025-08-15T22:13:52.578-0500	DEBUG	protocol/handler.go:581	tryAdvanceRound called	{"{current_round 20 3  <nil>}": {"Key":"self","Type":15,"Integer":0,"String":"b","Interface":null}}
2025-08-15T22:13:52.578-0500	DEBUG	protocol/handler.go:1591	have processed broadcast	{"{round 20 3  <nil>}": {"Key":"from","Type":15,"Integer":0,"String":"a","Interface":null}}
2025-08-15T22:13:52.579-0500	DEBUG	protocol/handler.go:1591	have processed broadcast	{"{round 20 3  <nil>}": {"Key":"from","Type":15,"Integer":0,"String":"c","Interface":null}}
2025-08-15T22:13:52.579-0500	DEBUG	protocol/handler.go:1649	have all messages and processed	{"{round 20 3  <nil>}": {"Key":"self","Type":15,"Integer":0,"String":"b","Interface":null}}
2025-08-15T22:13:52.580-0500	DEBUG	protocol/handler.go:596	round already finalized
2025-08-15T22:13:52.580-0500	DEBUG	protocol/handler.go:581	tryAdvanceRound called	{"{current_round 20 3  <nil>}": {"Key":"self","Type":15,"Integer":0,"String":"c","Interface":null}}
2025-08-15T22:13:52.580-0500	DEBUG	protocol/handler.go:1591	have processed broadcast	{"{round 20 3  <nil>}": {"Key":"from","Type":15,"Integer":0,"String":"a","Interface":null}}
2025-08-15T22:13:52.580-0500	DEBUG	protocol/handler.go:1591	have processed broadcast	{"{round 20 3  <nil>}": {"Key":"from","Type":15,"Integer":0,"String":"b","Interface":null}}
2025-08-15T22:13:52.582-0500	DEBUG	protocol/handler.go:1649	have all messages and processed	{"{round 20 3  <nil>}": {"Key":"self","Type":15,"Integer":0,"String":"c","Interface":null}}
2025-08-15T22:13:52.582-0500	DEBUG	protocol/handler.go:596	round already finalized
2025-08-15T22:13:52.582-0500	DEBUG	protocol/handler.go:581	tryAdvanceRound called	{"{current_round 20 3  <nil>}": {"Key":"self","Type":15,"Integer":0,"String":"c","Interface":null}}
2025-08-15T22:13:52.582-0500	DEBUG	protocol/handler.go:1591	have processed broadcast	{"{round 20 3  <nil>}": {"Key":"from","Type":15,"Integer":0,"String":"a","Interface":null}}
2025-08-15T22:13:52.582-0500	DEBUG	protocol/handler.go:1591	have processed broadcast	{"{round 20 3  <nil>}": {"Key":"from","Type":15,"Integer":0,"String":"b","Interface":null}}
2025-08-15T22:13:52.582-0500	DEBUG	protocol/handler.go:1649	have all messages and processed	{"{round 20 3  <nil>}": {"Key":"self","Type":15,"Integer":0,"String":"c","Interface":null}}
2025-08-15T22:13:52.582-0500	DEBUG	protocol/handler.go:596	round already finalized
2025-08-15T22:13:52.582-0500	DEBUG	protocol/handler.go:581	tryAdvanceRound called	{"{current_round 20 3  <nil>}": {"Key":"self","Type":15,"Integer":0,"String":"b","Interface":null}}
2025-08-15T22:13:52.582-0500	DEBUG	protocol/handler.go:1591	have processed broadcast	{"{round 20 3  <nil>}": {"Key":"from","Type":15,"Integer":0,"String":"a","Interface":null}}
2025-08-15T22:13:52.582-0500	DEBUG	protocol/handler.go:1649	have all messages and processed	{"{round 20 3  <nil>}": {"Key":"self","Type":15,"Integer":0,"String":"b","Interface":null}}
2025-08-15T22:13:52.582-0500	DEBUG	protocol/handler.go:596	round already finalized
2025-08-15T22:13:52.582-0500	DEBUG	protocol/handler.go:581	tryAdvanceRound called	{"{current_round 20 3  <nil>}": {"Key":"self","Type":15,"Integer":0,"String":"b","Interface":null}}
2025-08-15T22:13:52.582-0500	DEBUG	protocol/handler.go:1591	have processed broadcast	{"{round 20 3  <nil>}": {"Key":"from","Type":15,"Integer":0,"String":"a","Interface":null}}
2025-08-15T22:13:52.582-0500	DEBUG	protocol/handler.go:1591	have processed broadcast	{"{round 20 3  <nil>}": {"Key":"from","Type":15,"Integer":0,"String":"c","Interface":null}}
2025-08-15T22:13:52.583-0500	DEBUG	protocol/handler.go:1649	have all messages and processed	{"{round 20 3  <nil>}": {"Key":"self","Type":15,"Integer":0,"String":"b","Interface":null}}
2025-08-15T22:13:52.583-0500	DEBUG	protocol/handler.go:596	round already finalized
2025-08-15T22:13:52.603-0500	DEBUG	protocol/handler.go:581	tryAdvanceRound called	{"{current_round 20 3  <nil>}": {"Key":"self","Type":15,"Integer":0,"String":"b","Interface":null}}
2025-08-15T22:13:52.604-0500	DEBUG	protocol/handler.go:1591	have processed broadcast	{"{round 20 3  <nil>}": {"Key":"from","Type":15,"Integer":0,"String":"a","Interface":null}}
2025-08-15T22:13:52.604-0500	DEBUG	protocol/handler.go:1649	have all messages and processed	{"{round 20 3  <nil>}": {"Key":"self","Type":15,"Integer":0,"String":"b","Interface":null}}
2025-08-15T22:13:52.604-0500	DEBUG	protocol/handler.go:596	round already finalized
2025-08-15T22:13:52.604-0500	DEBUG	protocol/handler.go:581	tryAdvanceRound called	{"{current_round 20 3  <nil>}": {"Key":"self","Type":15,"Integer":0,"String":"b","Interface":null}}
2025-08-15T22:13:52.604-0500	DEBUG	protocol/handler.go:1591	have processed broadcast	{"{round 20 3  <nil>}": {"Key":"from","Type":15,"Integer":0,"String":"a","Interface":null}}
2025-08-15T22:13:52.604-0500	DEBUG	protocol/handler.go:1591	have processed broadcast	{"{round 20 3  <nil>}": {"Key":"from","Type":15,"Integer":0,"String":"c","Interface":null}}
2025-08-15T22:13:52.604-0500	DEBUG	protocol/handler.go:1649	have all messages and processed	{"{round 20 3  <nil>}": {"Key":"self","Type":15,"Integer":0,"String":"b","Interface":null}}
2025-08-15T22:13:52.604-0500	DEBUG	protocol/handler.go:596	round already finalized
2025-08-15T22:13:52.604-0500	DEBUG	protocol/handler.go:581	tryAdvanceRound called	{"{current_round 20 3  <nil>}": {"Key":"self","Type":15,"Integer":0,"String":"c","Interface":null}}
2025-08-15T22:13:52.604-0500	DEBUG	protocol/handler.go:1591	have processed broadcast	{"{round 20 3  <nil>}": {"Key":"from","Type":15,"Integer":0,"String":"a","Interface":null}}
2025-08-15T22:13:52.604-0500	DEBUG	protocol/handler.go:1591	have processed broadcast	{"{round 20 3  <nil>}": {"Key":"from","Type":15,"Integer":0,"String":"b","Interface":null}}
2025-08-15T22:13:52.604-0500	DEBUG	protocol/handler.go:1649	have all messages and processed	{"{round 20 3  <nil>}": {"Key":"self","Type":15,"Integer":0,"String":"c","Interface":null}}
2025-08-15T22:13:52.604-0500	DEBUG	protocol/handler.go:596	round already finalized
2025-08-15T22:13:52.630-0500	DEBUG	protocol/handler.go:581	tryAdvanceRound called	{"{current_round 20 3  <nil>}": {"Key":"self","Type":15,"Integer":0,"String":"c","Interface":null}}
2025-08-15T22:13:52.630-0500	DEBUG	protocol/handler.go:1591	have processed broadcast	{"{round 20 3  <nil>}": {"Key":"from","Type":15,"Integer":0,"String":"a","Interface":null}}
2025-08-15T22:13:52.630-0500	DEBUG	protocol/handler.go:1591	have processed broadcast	{"{round 20 3  <nil>}": {"Key":"from","Type":15,"Integer":0,"String":"b","Interface":null}}
2025-08-15T22:13:52.630-0500	DEBUG	protocol/handler.go:1649	have all messages and processed	{"{round 20 3  <nil>}": {"Key":"self","Type":15,"Integer":0,"String":"c","Interface":null}}
2025-08-15T22:13:52.630-0500	DEBUG	protocol/handler.go:596	round already finalized
2025-08-15T22:13:52.631-0500	DEBUG	protocol/handler.go:581	tryAdvanceRound called	{"{current_round 20 3  <nil>}": {"Key":"self","Type":15,"Integer":0,"String":"b","Interface":null}}
2025-08-15T22:13:52.631-0500	DEBUG	protocol/handler.go:1591	have processed broadcast	{"{round 20 3  <nil>}": {"Key":"from","Type":15,"Integer":0,"String":"a","Interface":null}}
2025-08-15T22:13:52.631-0500	DEBUG	protocol/handler.go:1649	have all messages and processed	{"{round 20 3  <nil>}": {"Key":"self","Type":15,"Integer":0,"String":"b","Interface":null}}
2025-08-15T22:13:52.631-0500	DEBUG	protocol/handler.go:596	round already finalized
2025-08-15T22:13:52.631-0500	DEBUG	protocol/handler.go:581	tryAdvanceRound called	{"{current_round 20 3  <nil>}": {"Key":"self","Type":15,"Integer":0,"String":"c","Interface":null}}
2025-08-15T22:13:52.632-0500	DEBUG	protocol/handler.go:1591	have processed broadcast	{"{round 20 3  <nil>}": {"Key":"from","Type":15,"Integer":0,"String":"a","Interface":null}}
2025-08-15T22:13:52.632-0500	DEBUG	protocol/handler.go:1591	have processed broadcast	{"{round 20 3  <nil>}": {"Key":"from","Type":15,"Integer":0,"String":"b","Interface":null}}
2025-08-15T22:13:52.632-0500	DEBUG	protocol/handler.go:1649	have all messages and processed	{"{round 20 3  <nil>}": {"Key":"self","Type":15,"Integer":0,"String":"c","Interface":null}}
2025-08-15T22:13:52.632-0500	DEBUG	protocol/handler.go:596	round already finalized
2025-08-15T22:13:52.632-0500	DEBUG	protocol/handler.go:581	tryAdvanceRound called	{"{current_round 20 3  <nil>}": {"Key":"self","Type":15,"Integer":0,"String":"b","Interface":null}}
2025-08-15T22:13:52.632-0500	DEBUG	protocol/handler.go:1591	have processed broadcast	{"{round 20 3  <nil>}": {"Key":"from","Type":15,"Integer":0,"String":"a","Interface":null}}
2025-08-15T22:13:52.633-0500	DEBUG	protocol/handler.go:1591	have processed broadcast	{"{round 20 3  <nil>}": {"Key":"from","Type":15,"Integer":0,"String":"c","Interface":null}}
2025-08-15T22:13:52.633-0500	DEBUG	protocol/handler.go:1649	have all messages and processed	{"{round 20 3  <nil>}": {"Key":"self","Type":15,"Integer":0,"String":"b","Interface":null}}
2025-08-15T22:13:52.633-0500	DEBUG	protocol/handler.go:596	round already finalized
2025-08-15T22:13:52.633-0500	DEBUG	protocol/handler.go:581	tryAdvanceRound called	{"{current_round 20 3  <nil>}": {"Key":"self","Type":15,"Integer":0,"String":"b","Interface":null}}
2025-08-15T22:13:52.636-0500	DEBUG	protocol/handler.go:1591	have processed broadcast	{"{round 20 3  <nil>}": {"Key":"from","Type":15,"Integer":0,"String":"a","Interface":null}}
2025-08-15T22:13:52.636-0500	DEBUG	protocol/handler.go:1591	have processed broadcast	{"{round 20 3  <nil>}": {"Key":"from","Type":15,"Integer":0,"String":"c","Interface":null}}
2025-08-15T22:13:52.637-0500	DEBUG	protocol/handler.go:1649	have all messages and processed	{"{round 20 3  <nil>}": {"Key":"self","Type":15,"Integer":0,"String":"b","Interface":null}}
2025-08-15T22:13:52.637-0500	DEBUG	protocol/handler.go:596	round already finalized
2025-08-15T22:13:52.637-0500	DEBUG	protocol/handler.go:581	tryAdvanceRound called	{"{current_round 20 3  <nil>}": {"Key":"self","Type":15,"Integer":0,"String":"b","Interface":null}}
2025-08-15T22:13:52.637-0500	DEBUG	protocol/handler.go:1591	have processed broadcast	{"{round 20 3  <nil>}": {"Key":"from","Type":15,"Integer":0,"String":"a","Interface":null}}
2025-08-15T22:13:52.637-0500	DEBUG	protocol/handler.go:1649	have all messages and processed	{"{round 20 3  <nil>}": {"Key":"self","Type":15,"Integer":0,"String":"b","Interface":null}}
2025-08-15T22:13:52.637-0500	DEBUG	protocol/handler.go:596	round already finalized
2025-08-15T22:13:52.652-0500	DEBUG	protocol/handler.go:581	tryAdvanceRound called	{"{current_round 20 3  <nil>}": {"Key":"self","Type":15,"Integer":0,"String":"b","Interface":null}}
2025-08-15T22:13:52.652-0500	DEBUG	protocol/handler.go:1591	have processed broadcast	{"{round 20 3  <nil>}": {"Key":"from","Type":15,"Integer":0,"String":"a","Interface":null}}
2025-08-15T22:13:52.652-0500	DEBUG	protocol/handler.go:1649	have all messages and processed	{"{round 20 3  <nil>}": {"Key":"self","Type":15,"Integer":0,"String":"b","Interface":null}}
2025-08-15T22:13:52.652-0500	DEBUG	protocol/handler.go:596	round already finalized
2025-08-15T22:13:52.652-0500	DEBUG	protocol/handler.go:581	tryAdvanceRound called	{"{current_round 20 3  <nil>}": {"Key":"self","Type":15,"Integer":0,"String":"c","Interface":null}}
2025-08-15T22:13:52.652-0500	DEBUG	protocol/handler.go:1591	have processed broadcast	{"{round 20 3  <nil>}": {"Key":"from","Type":15,"Integer":0,"String":"a","Interface":null}}
2025-08-15T22:13:52.652-0500	DEBUG	protocol/handler.go:1591	have processed broadcast	{"{round 20 3  <nil>}": {"Key":"from","Type":15,"Integer":0,"String":"b","Interface":null}}
2025-08-15T22:13:52.652-0500	DEBUG	protocol/handler.go:1649	have all messages and processed	{"{round 20 3  <nil>}": {"Key":"self","Type":15,"Integer":0,"String":"c","Interface":null}}
2025-08-15T22:13:52.652-0500	DEBUG	protocol/handler.go:596	round already finalized
2025-08-15T22:13:52.652-0500	DEBUG	protocol/handler.go:581	tryAdvanceRound called	{"{current_round 20 3  <nil>}": {"Key":"self","Type":15,"Integer":0,"String":"b","Interface":null}}
2025-08-15T22:13:52.652-0500	DEBUG	protocol/handler.go:1591	have processed broadcast	{"{round 20 3  <nil>}": {"Key":"from","Type":15,"Integer":0,"String":"a","Interface":null}}
2025-08-15T22:13:52.652-0500	DEBUG	protocol/handler.go:1591	have processed broadcast	{"{round 20 3  <nil>}": {"Key":"from","Type":15,"Integer":0,"String":"c","Interface":null}}
2025-08-15T22:13:52.652-0500	DEBUG	protocol/handler.go:1649	have all messages and processed	{"{round 20 3  <nil>}": {"Key":"self","Type":15,"Integer":0,"String":"b","Interface":null}}
2025-08-15T22:13:52.652-0500	DEBUG	protocol/handler.go:596	round already finalized
2025-08-15T22:13:52.675-0500	DEBUG	protocol/handler.go:581	tryAdvanceRound called	{"{current_round 20 3  <nil>}": {"Key":"self","Type":15,"Integer":0,"String":"c","Interface":null}}
2025-08-15T22:13:52.675-0500	DEBUG	protocol/handler.go:1591	have processed broadcast	{"{round 20 3  <nil>}": {"Key":"from","Type":15,"Integer":0,"String":"a","Interface":null}}
2025-08-15T22:13:52.675-0500	DEBUG	protocol/handler.go:1591	have processed broadcast	{"{round 20 3  <nil>}": {"Key":"from","Type":15,"Integer":0,"String":"b","Interface":null}}
2025-08-15T22:13:52.675-0500	DEBUG	protocol/handler.go:1649	have all messages and processed	{"{round 20 3  <nil>}": {"Key":"self","Type":15,"Integer":0,"String":"c","Interface":null}}
2025-08-15T22:13:52.676-0500	DEBUG	protocol/handler.go:596	round already finalized
2025-08-15T22:13:52.676-0500	DEBUG	protocol/handler.go:581	tryAdvanceRound called	{"{current_round 20 3  <nil>}": {"Key":"self","Type":15,"Integer":0,"String":"b","Interface":null}}
2025-08-15T22:13:52.676-0500	DEBUG	protocol/handler.go:1591	have processed broadcast	{"{round 20 3  <nil>}": {"Key":"from","Type":15,"Integer":0,"String":"a","Interface":null}}
2025-08-15T22:13:52.676-0500	DEBUG	protocol/handler.go:1649	have all messages and processed	{"{round 20 3  <nil>}": {"Key":"self","Type":15,"Integer":0,"String":"b","Interface":null}}
2025-08-15T22:13:52.676-0500	DEBUG	protocol/handler.go:596	round already finalized
2025-08-15T22:13:52.676-0500	DEBUG	protocol/handler.go:581	tryAdvanceRound called	{"{current_round 20 3  <nil>}": {"Key":"self","Type":15,"Integer":0,"String":"b","Interface":null}}
2025-08-15T22:13:52.676-0500	DEBUG	protocol/handler.go:1591	have processed broadcast	{"{round 20 3  <nil>}": {"Key":"from","Type":15,"Integer":0,"String":"a","Interface":null}}
2025-08-15T22:13:52.676-0500	DEBUG	protocol/handler.go:1591	have processed broadcast	{"{round 20 3  <nil>}": {"Key":"from","Type":15,"Integer":0,"String":"c","Interface":null}}
2025-08-15T22:13:52.676-0500	DEBUG	protocol/handler.go:1649	have all messages and processed	{"{round 20 3  <nil>}": {"Key":"self","Type":15,"Integer":0,"String":"b","Interface":null}}
2025-08-15T22:13:52.676-0500	DEBUG	protocol/handler.go:596	round already finalized
2025-08-15T22:13:52.700-0500	DEBUG	protocol/handler.go:581	tryAdvanceRound called	{"{current_round 20 3  <nil>}": {"Key":"self","Type":15,"Integer":0,"String":"b","Interface":null}}
2025-08-15T22:13:52.700-0500	DEBUG	protocol/handler.go:1591	have processed broadcast	{"{round 20 3  <nil>}": {"Key":"from","Type":15,"Integer":0,"String":"a","Interface":null}}
2025-08-15T22:13:52.700-0500	DEBUG	protocol/handler.go:1591	have processed broadcast	{"{round 20 3  <nil>}": {"Key":"from","Type":15,"Integer":0,"String":"c","Interface":null}}
2025-08-15T22:13:52.700-0500	DEBUG	protocol/handler.go:1649	have all messages and processed	{"{round 20 3  <nil>}": {"Key":"self","Type":15,"Integer":0,"String":"b","Interface":null}}
2025-08-15T22:13:52.700-0500	DEBUG	protocol/handler.go:596	round already finalized
2025-08-15T22:13:52.700-0500	DEBUG	protocol/handler.go:581	tryAdvanceRound called	{"{current_round 20 3  <nil>}": {"Key":"self","Type":15,"Integer":0,"String":"b","Interface":null}}
2025-08-15T22:13:52.701-0500	DEBUG	protocol/handler.go:1591	have processed broadcast	{"{round 20 3  <nil>}": {"Key":"from","Type":15,"Integer":0,"String":"a","Interface":null}}
2025-08-15T22:13:52.701-0500	DEBUG	protocol/handler.go:1649	have all messages and processed	{"{round 20 3  <nil>}": {"Key":"self","Type":15,"Integer":0,"String":"b","Interface":null}}
2025-08-15T22:13:52.701-0500	DEBUG	protocol/handler.go:596	round already finalized
2025-08-15T22:13:52.701-0500	DEBUG	protocol/handler.go:581	tryAdvanceRound called	{"{current_round 20 3  <nil>}": {"Key":"self","Type":15,"Integer":0,"String":"b","Interface":null}}
2025-08-15T22:13:52.701-0500	DEBUG	protocol/handler.go:1591	have processed broadcast	{"{round 20 3  <nil>}": {"Key":"from","Type":15,"Integer":0,"String":"a","Interface":null}}
2025-08-15T22:13:52.701-0500	DEBUG	protocol/handler.go:1591	have processed broadcast	{"{round 20 3  <nil>}": {"Key":"from","Type":15,"Integer":0,"String":"c","Interface":null}}
2025-08-15T22:13:52.701-0500	DEBUG	protocol/handler.go:1649	have all messages and processed	{"{round 20 3  <nil>}": {"Key":"self","Type":15,"Integer":0,"String":"b","Interface":null}}
2025-08-15T22:13:52.701-0500	DEBUG	protocol/handler.go:596	round already finalized
2025-08-15T22:13:52.701-0500	DEBUG	protocol/handler.go:581	tryAdvanceRound called	{"{current_round 20 3  <nil>}": {"Key":"self","Type":15,"Integer":0,"String":"c","Interface":null}}
2025-08-15T22:13:52.701-0500	DEBUG	protocol/handler.go:1591	have processed broadcast	{"{round 20 3  <nil>}": {"Key":"from","Type":15,"Integer":0,"String":"a","Interface":null}}
2025-08-15T22:13:52.701-0500	DEBUG	protocol/handler.go:1591	have processed broadcast	{"{round 20 3  <nil>}": {"Key":"from","Type":15,"Integer":0,"String":"b","Interface":null}}
2025-08-15T22:13:52.701-0500	DEBUG	protocol/handler.go:1649	have all messages and processed	{"{round 20 3  <nil>}": {"Key":"self","Type":15,"Integer":0,"String":"c","Interface":null}}
2025-08-15T22:13:52.701-0500	DEBUG	protocol/handler.go:596	round already finalized
2025-08-15T22:13:52.701-0500	DEBUG	protocol/handler.go:581	tryAdvanceRound called	{"{current_round 20 3  <nil>}": {"Key":"self","Type":15,"Integer":0,"String":"c","Interface":null}}
2025-08-15T22:13:52.701-0500	DEBUG	protocol/handler.go:1591	have processed broadcast	{"{round 20 3  <nil>}": {"Key":"from","Type":15,"Integer":0,"String":"a","Interface":null}}
2025-08-15T22:13:52.701-0500	DEBUG	protocol/handler.go:1591	have processed broadcast	{"{round 20 3  <nil>}": {"Key":"from","Type":15,"Integer":0,"String":"b","Interface":null}}
2025-08-15T22:13:52.701-0500	DEBUG	protocol/handler.go:1649	have all messages and processed	{"{round 20 3  <nil>}": {"Key":"self","Type":15,"Integer":0,"String":"c","Interface":null}}
2025-08-15T22:13:52.701-0500	DEBUG	protocol/handler.go:596	round already finalized
2025-08-15T22:13:52.717-0500	DEBUG	protocol/handler.go:581	tryAdvanceRound called	{"{current_round 20 3  <nil>}": {"Key":"self","Type":15,"Integer":0,"String":"c","Interface":null}}
2025-08-15T22:13:52.717-0500	DEBUG	protocol/handler.go:1591	have processed broadcast	{"{round 20 3  <nil>}": {"Key":"from","Type":15,"Integer":0,"String":"a","Interface":null}}
2025-08-15T22:13:52.717-0500	DEBUG	protocol/handler.go:1591	have processed broadcast	{"{round 20 3  <nil>}": {"Key":"from","Type":15,"Integer":0,"String":"b","Interface":null}}
2025-08-15T22:13:52.717-0500	DEBUG	protocol/handler.go:1649	have all messages and processed	{"{round 20 3  <nil>}": {"Key":"self","Type":15,"Integer":0,"String":"c","Interface":null}}
2025-08-15T22:13:52.717-0500	DEBUG	protocol/handler.go:596	round already finalized
2025-08-15T22:13:52.718-0500	DEBUG	protocol/handler.go:581	tryAdvanceRound called	{"{current_round 20 3  <nil>}": {"Key":"self","Type":15,"Integer":0,"String":"b","Interface":null}}
2025-08-15T22:13:52.718-0500	DEBUG	protocol/handler.go:1591	have processed broadcast	{"{round 20 3  <nil>}": {"Key":"from","Type":15,"Integer":0,"String":"a","Interface":null}}
2025-08-15T22:13:52.718-0500	DEBUG	protocol/handler.go:1591	have processed broadcast	{"{round 20 3  <nil>}": {"Key":"from","Type":15,"Integer":0,"String":"c","Interface":null}}
2025-08-15T22:13:52.718-0500	DEBUG	protocol/handler.go:1649	have all messages and processed	{"{round 20 3  <nil>}": {"Key":"self","Type":15,"Integer":0,"String":"b","Interface":null}}
2025-08-15T22:13:52.718-0500	DEBUG	protocol/handler.go:596	round already finalized
2025-08-15T22:13:52.718-0500	DEBUG	protocol/handler.go:581	tryAdvanceRound called	{"{current_round 20 3  <nil>}": {"Key":"self","Type":15,"Integer":0,"String":"b","Interface":null}}
2025-08-15T22:13:52.718-0500	DEBUG	protocol/handler.go:1591	have processed broadcast	{"{round 20 3  <nil>}": {"Key":"from","Type":15,"Integer":0,"String":"a","Interface":null}}
2025-08-15T22:13:52.719-0500	DEBUG	protocol/handler.go:1649	have all messages and processed	{"{round 20 3  <nil>}": {"Key":"self","Type":15,"Integer":0,"String":"b","Interface":null}}
2025-08-15T22:13:52.719-0500	DEBUG	protocol/handler.go:596	round already finalized
2025-08-15T22:13:52.721-0500	DEBUG	protocol/handler.go:581	tryAdvanceRound called	{"{current_round 20 3  <nil>}": {"Key":"self","Type":15,"Integer":0,"String":"b","Interface":null}}
2025-08-15T22:13:52.721-0500	DEBUG	protocol/handler.go:1591	have processed broadcast	{"{round 20 3  <nil>}": {"Key":"from","Type":15,"Integer":0,"String":"a","Interface":null}}
2025-08-15T22:13:52.721-0500	DEBUG	protocol/handler.go:1591	have processed broadcast	{"{round 20 3  <nil>}": {"Key":"from","Type":15,"Integer":0,"String":"c","Interface":null}}
2025-08-15T22:13:52.721-0500	DEBUG	protocol/handler.go:1649	have all messages and processed	{"{round 20 3  <nil>}": {"Key":"self","Type":15,"Integer":0,"String":"b","Interface":null}}
2025-08-15T22:13:52.721-0500	DEBUG	protocol/handler.go:596	round already finalized
2025-08-15T22:13:52.733-0500	DEBUG	protocol/handler.go:581	tryAdvanceRound called	{"{current_round 20 3  <nil>}": {"Key":"self","Type":15,"Integer":0,"String":"b","Interface":null}}
2025-08-15T22:13:52.733-0500	DEBUG	protocol/handler.go:1591	have processed broadcast	{"{round 20 3  <nil>}": {"Key":"from","Type":15,"Integer":0,"String":"a","Interface":null}}
2025-08-15T22:13:52.733-0500	DEBUG	protocol/handler.go:1649	have all messages and processed	{"{round 20 3  <nil>}": {"Key":"self","Type":15,"Integer":0,"String":"b","Interface":null}}
2025-08-15T22:13:52.733-0500	DEBUG	protocol/handler.go:596	round already finalized
2025-08-15T22:13:52.733-0500	DEBUG	protocol/handler.go:581	tryAdvanceRound called	{"{current_round 20 3  <nil>}": {"Key":"self","Type":15,"Integer":0,"String":"c","Interface":null}}
2025-08-15T22:13:52.733-0500	DEBUG	protocol/handler.go:1591	have processed broadcast	{"{round 20 3  <nil>}": {"Key":"from","Type":15,"Integer":0,"String":"a","Interface":null}}
2025-08-15T22:13:52.733-0500	DEBUG	protocol/handler.go:1591	have processed broadcast	{"{round 20 3  <nil>}": {"Key":"from","Type":15,"Integer":0,"String":"b","Interface":null}}
2025-08-15T22:13:52.733-0500	DEBUG	protocol/handler.go:1649	have all messages and processed	{"{round 20 3  <nil>}": {"Key":"self","Type":15,"Integer":0,"String":"c","Interface":null}}
2025-08-15T22:13:52.733-0500	DEBUG	protocol/handler.go:596	round already finalized
2025-08-15T22:13:52.733-0500	DEBUG	protocol/handler.go:581	tryAdvanceRound called	{"{current_round 20 3  <nil>}": {"Key":"self","Type":15,"Integer":0,"String":"b","Interface":null}}
2025-08-15T22:13:52.733-0500	DEBUG	protocol/handler.go:1591	have processed broadcast	{"{round 20 3  <nil>}": {"Key":"from","Type":15,"Integer":0,"String":"a","Interface":null}}
2025-08-15T22:13:52.733-0500	DEBUG	protocol/handler.go:1591	have processed broadcast	{"{round 20 3  <nil>}": {"Key":"from","Type":15,"Integer":0,"String":"c","Interface":null}}
2025-08-15T22:13:52.733-0500	DEBUG	protocol/handler.go:1649	have all messages and processed	{"{round 20 3  <nil>}": {"Key":"self","Type":15,"Integer":0,"String":"b","Interface":null}}
2025-08-15T22:13:52.734-0500	DEBUG	protocol/handler.go:596	round already finalized
2025-08-15T22:13:52.758-0500	DEBUG	protocol/handler.go:581	tryAdvanceRound called	{"{current_round 20 3  <nil>}": {"Key":"self","Type":15,"Integer":0,"String":"b","Interface":null}}
2025-08-15T22:13:52.758-0500	DEBUG	protocol/handler.go:1591	have processed broadcast	{"{round 20 3  <nil>}": {"Key":"from","Type":15,"Integer":0,"String":"a","Interface":null}}
2025-08-15T22:13:52.758-0500	DEBUG	protocol/handler.go:1591	have processed broadcast	{"{round 20 3  <nil>}": {"Key":"from","Type":15,"Integer":0,"String":"c","Interface":null}}
2025-08-15T22:13:52.758-0500	DEBUG	protocol/handler.go:1649	have all messages and processed	{"{round 20 3  <nil>}": {"Key":"self","Type":15,"Integer":0,"String":"b","Interface":null}}
2025-08-15T22:13:52.758-0500	DEBUG	protocol/handler.go:596	round already finalized
2025-08-15T22:13:52.758-0500	DEBUG	protocol/handler.go:581	tryAdvanceRound called	{"{current_round 20 3  <nil>}": {"Key":"self","Type":15,"Integer":0,"String":"b","Interface":null}}
2025-08-15T22:13:52.758-0500	DEBUG	protocol/handler.go:1591	have processed broadcast	{"{round 20 3  <nil>}": {"Key":"from","Type":15,"Integer":0,"String":"a","Interface":null}}
2025-08-15T22:13:52.758-0500	DEBUG	protocol/handler.go:1649	have all messages and processed	{"{round 20 3  <nil>}": {"Key":"self","Type":15,"Integer":0,"String":"b","Interface":null}}
2025-08-15T22:13:52.758-0500	DEBUG	protocol/handler.go:596	round already finalized
2025-08-15T22:13:52.758-0500	DEBUG	protocol/handler.go:581	tryAdvanceRound called	{"{current_round 20 3  <nil>}": {"Key":"self","Type":15,"Integer":0,"String":"c","Interface":null}}
2025-08-15T22:13:52.758-0500	DEBUG	protocol/handler.go:1591	have processed broadcast	{"{round 20 3  <nil>}": {"Key":"from","Type":15,"Integer":0,"String":"a","Interface":null}}
2025-08-15T22:13:52.758-0500	DEBUG	protocol/handler.go:1591	have processed broadcast	{"{round 20 3  <nil>}": {"Key":"from","Type":15,"Integer":0,"String":"b","Interface":null}}
2025-08-15T22:13:52.758-0500	DEBUG	protocol/handler.go:1649	have all messages and processed	{"{round 20 3  <nil>}": {"Key":"self","Type":15,"Integer":0,"String":"c","Interface":null}}
2025-08-15T22:13:52.758-0500	DEBUG	protocol/handler.go:596	round already finalized
2025-08-15T22:13:52.787-0500	DEBUG	protocol/handler.go:581	tryAdvanceRound called	{"{current_round 20 3  <nil>}": {"Key":"self","Type":15,"Integer":0,"String":"b","Interface":null}}
2025-08-15T22:13:52.787-0500	DEBUG	protocol/handler.go:1591	have processed broadcast	{"{round 20 3  <nil>}": {"Key":"from","Type":15,"Integer":0,"String":"a","Interface":null}}
2025-08-15T22:13:52.787-0500	DEBUG	protocol/handler.go:1591	have processed broadcast	{"{round 20 3  <nil>}": {"Key":"from","Type":15,"Integer":0,"String":"c","Interface":null}}
2025-08-15T22:13:52.787-0500	DEBUG	protocol/handler.go:1649	have all messages and processed	{"{round 20 3  <nil>}": {"Key":"self","Type":15,"Integer":0,"String":"b","Interface":null}}
2025-08-15T22:13:52.787-0500	DEBUG	protocol/handler.go:596	round already finalized
2025-08-15T22:13:52.787-0500	DEBUG	protocol/handler.go:581	tryAdvanceRound called	{"{current_round 20 3  <nil>}": {"Key":"self","Type":15,"Integer":0,"String":"c","Interface":null}}
2025-08-15T22:13:52.788-0500	DEBUG	protocol/handler.go:1591	have processed broadcast	{"{round 20 3  <nil>}": {"Key":"from","Type":15,"Integer":0,"String":"a","Interface":null}}
2025-08-15T22:13:52.788-0500	DEBUG	protocol/handler.go:1591	have processed broadcast	{"{round 20 3  <nil>}": {"Key":"from","Type":15,"Integer":0,"String":"b","Interface":null}}
2025-08-15T22:13:52.788-0500	DEBUG	protocol/handler.go:1649	have all messages and processed	{"{round 20 3  <nil>}": {"Key":"self","Type":15,"Integer":0,"String":"c","Interface":null}}
2025-08-15T22:13:52.788-0500	DEBUG	protocol/handler.go:596	round already finalized
2025-08-15T22:13:52.788-0500	DEBUG	protocol/handler.go:581	tryAdvanceRound called	{"{current_round 20 3  <nil>}": {"Key":"self","Type":15,"Integer":0,"String":"b","Interface":null}}
2025-08-15T22:13:52.788-0500	DEBUG	protocol/handler.go:1591	have processed broadcast	{"{round 20 3  <nil>}": {"Key":"from","Type":15,"Integer":0,"String":"a","Interface":null}}
2025-08-15T22:13:52.788-0500	DEBUG	protocol/handler.go:1649	have all messages and processed	{"{round 20 3  <nil>}": {"Key":"self","Type":15,"Integer":0,"String":"b","Interface":null}}
2025-08-15T22:13:52.788-0500	DEBUG	protocol/handler.go:596	round already finalized
2025-08-15T22:13:52.789-0500	DEBUG	protocol/handler.go:581	tryAdvanceRound called	{"{current_round 20 3  <nil>}": {"Key":"self","Type":15,"Integer":0,"String":"b","Interface":null}}
2025-08-15T22:13:52.789-0500	DEBUG	protocol/handler.go:1591	have processed broadcast	{"{round 20 3  <nil>}": {"Key":"from","Type":15,"Integer":0,"String":"a","Interface":null}}
2025-08-15T22:13:52.789-0500	DEBUG	protocol/handler.go:1649	have all messages and processed	{"{round 20 3  <nil>}": {"Key":"self","Type":15,"Integer":0,"String":"b","Interface":null}}
2025-08-15T22:13:52.791-0500	DEBUG	protocol/handler.go:596	round already finalized
2025-08-15T22:13:52.791-0500	DEBUG	protocol/handler.go:581	tryAdvanceRound called	{"{current_round 20 3  <nil>}": {"Key":"self","Type":15,"Integer":0,"String":"b","Interface":null}}
2025-08-15T22:13:52.791-0500	DEBUG	protocol/handler.go:1591	have processed broadcast	{"{round 20 3  <nil>}": {"Key":"from","Type":15,"Integer":0,"String":"a","Interface":null}}
2025-08-15T22:13:52.791-0500	DEBUG	protocol/handler.go:1591	have processed broadcast	{"{round 20 3  <nil>}": {"Key":"from","Type":15,"Integer":0,"String":"c","Interface":null}}
2025-08-15T22:13:52.791-0500	DEBUG	protocol/handler.go:1649	have all messages and processed	{"{round 20 3  <nil>}": {"Key":"self","Type":15,"Integer":0,"String":"b","Interface":null}}
2025-08-15T22:13:52.791-0500	DEBUG	protocol/handler.go:596	round already finalized
2025-08-15T22:13:52.791-0500	DEBUG	protocol/handler.go:581	tryAdvanceRound called	{"{current_round 20 3  <nil>}": {"Key":"self","Type":15,"Integer":0,"String":"c","Interface":null}}
2025-08-15T22:13:52.792-0500	DEBUG	protocol/handler.go:1591	have processed broadcast	{"{round 20 3  <nil>}": {"Key":"from","Type":15,"Integer":0,"String":"a","Interface":null}}
2025-08-15T22:13:52.792-0500	DEBUG	protocol/handler.go:1591	have processed broadcast	{"{round 20 3  <nil>}": {"Key":"from","Type":15,"Integer":0,"String":"b","Interface":null}}
2025-08-15T22:13:52.792-0500	DEBUG	protocol/handler.go:1649	have all messages and processed	{"{round 20 3  <nil>}": {"Key":"self","Type":15,"Integer":0,"String":"c","Interface":null}}
2025-08-15T22:13:52.792-0500	DEBUG	protocol/handler.go:596	round already finalized
2025-08-15T22:13:52.804-0500	DEBUG	protocol/handler.go:581	tryAdvanceRound called	{"{current_round 20 3  <nil>}": {"Key":"self","Type":15,"Integer":0,"String":"b","Interface":null}}
2025-08-15T22:13:52.804-0500	DEBUG	protocol/handler.go:1591	have processed broadcast	{"{round 20 3  <nil>}": {"Key":"from","Type":15,"Integer":0,"String":"a","Interface":null}}
2025-08-15T22:13:52.804-0500	DEBUG	protocol/handler.go:1649	have all messages and processed	{"{round 20 3  <nil>}": {"Key":"self","Type":15,"Integer":0,"String":"b","Interface":null}}
2025-08-15T22:13:52.804-0500	DEBUG	protocol/handler.go:596	round already finalized
2025-08-15T22:13:52.804-0500	DEBUG	protocol/handler.go:581	tryAdvanceRound called	{"{current_round 20 3  <nil>}": {"Key":"self","Type":15,"Integer":0,"String":"b","Interface":null}}
2025-08-15T22:13:52.804-0500	DEBUG	protocol/handler.go:1591	have processed broadcast	{"{round 20 3  <nil>}": {"Key":"from","Type":15,"Integer":0,"String":"a","Interface":null}}
2025-08-15T22:13:52.805-0500	DEBUG	protocol/handler.go:1591	have processed broadcast	{"{round 20 3  <nil>}": {"Key":"from","Type":15,"Integer":0,"String":"c","Interface":null}}
2025-08-15T22:13:52.805-0500	DEBUG	protocol/handler.go:1649	have all messages and processed	{"{round 20 3  <nil>}": {"Key":"self","Type":15,"Integer":0,"String":"b","Interface":null}}
2025-08-15T22:13:52.805-0500	DEBUG	protocol/handler.go:596	round already finalized
2025-08-15T22:13:52.805-0500	DEBUG	protocol/handler.go:581	tryAdvanceRound called	{"{current_round 20 3  <nil>}": {"Key":"self","Type":15,"Integer":0,"String":"c","Interface":null}}
2025-08-15T22:13:52.805-0500	DEBUG	protocol/handler.go:1591	have processed broadcast	{"{round 20 3  <nil>}": {"Key":"from","Type":15,"Integer":0,"String":"a","Interface":null}}
2025-08-15T22:13:52.805-0500	DEBUG	protocol/handler.go:1591	have processed broadcast	{"{round 20 3  <nil>}": {"Key":"from","Type":15,"Integer":0,"String":"b","Interface":null}}
2025-08-15T22:13:52.805-0500	DEBUG	protocol/handler.go:1649	have all messages and processed	{"{round 20 3  <nil>}": {"Key":"self","Type":15,"Integer":0,"String":"c","Interface":null}}
2025-08-15T22:13:52.805-0500	DEBUG	protocol/handler.go:596	round already finalized
2025-08-15T22:13:52.827-0500	DEBUG	protocol/handler.go:581	tryAdvanceRound called	{"{current_round 20 3  <nil>}": {"Key":"self","Type":15,"Integer":0,"String":"b","Interface":null}}
2025-08-15T22:13:52.827-0500	DEBUG	protocol/handler.go:1591	have processed broadcast	{"{round 20 3  <nil>}": {"Key":"from","Type":15,"Integer":0,"String":"a","Interface":null}}
2025-08-15T22:13:52.827-0500	DEBUG	protocol/handler.go:1649	have all messages and processed	{"{round 20 3  <nil>}": {"Key":"self","Type":15,"Integer":0,"String":"b","Interface":null}}
2025-08-15T22:13:52.827-0500	DEBUG	protocol/handler.go:596	round already finalized
2025-08-15T22:13:52.828-0500	DEBUG	protocol/handler.go:581	tryAdvanceRound called	{"{current_round 20 3  <nil>}": {"Key":"self","Type":15,"Integer":0,"String":"b","Interface":null}}
2025-08-15T22:13:52.828-0500	DEBUG	protocol/handler.go:1591	have processed broadcast	{"{round 20 3  <nil>}": {"Key":"from","Type":15,"Integer":0,"String":"a","Interface":null}}
2025-08-15T22:13:52.828-0500	DEBUG	protocol/handler.go:1591	have processed broadcast	{"{round 20 3  <nil>}": {"Key":"from","Type":15,"Integer":0,"String":"c","Interface":null}}
2025-08-15T22:13:52.828-0500	DEBUG	protocol/handler.go:1649	have all messages and processed	{"{round 20 3  <nil>}": {"Key":"self","Type":15,"Integer":0,"String":"b","Interface":null}}
2025-08-15T22:13:52.828-0500	DEBUG	protocol/handler.go:596	round already finalized
2025-08-15T22:13:52.828-0500	DEBUG	protocol/handler.go:581	tryAdvanceRound called	{"{current_round 20 3  <nil>}": {"Key":"self","Type":15,"Integer":0,"String":"c","Interface":null}}
2025-08-15T22:13:52.828-0500	DEBUG	protocol/handler.go:1591	have processed broadcast	{"{round 20 3  <nil>}": {"Key":"from","Type":15,"Integer":0,"String":"a","Interface":null}}
2025-08-15T22:13:52.828-0500	DEBUG	protocol/handler.go:1591	have processed broadcast	{"{round 20 3  <nil>}": {"Key":"from","Type":15,"Integer":0,"String":"b","Interface":null}}
2025-08-15T22:13:52.828-0500	DEBUG	protocol/handler.go:1649	have all messages and processed	{"{round 20 3  <nil>}": {"Key":"self","Type":15,"Integer":0,"String":"c","Interface":null}}
2025-08-15T22:13:52.828-0500	DEBUG	protocol/handler.go:596	round already finalized
2025-08-15T22:13:52.850-0500	DEBUG	protocol/handler.go:581	tryAdvanceRound called	{"{current_round 20 3  <nil>}": {"Key":"self","Type":15,"Integer":0,"String":"b","Interface":null}}
2025-08-15T22:13:52.850-0500	DEBUG	protocol/handler.go:1591	have processed broadcast	{"{round 20 3  <nil>}": {"Key":"from","Type":15,"Integer":0,"String":"a","Interface":null}}
2025-08-15T22:13:52.850-0500	DEBUG	protocol/handler.go:1649	have all messages and processed	{"{round 20 3  <nil>}": {"Key":"self","Type":15,"Integer":0,"String":"b","Interface":null}}
2025-08-15T22:13:52.850-0500	DEBUG	protocol/handler.go:596	round already finalized
2025-08-15T22:13:52.850-0500	DEBUG	protocol/handler.go:581	tryAdvanceRound called	{"{current_round 20 3  <nil>}": {"Key":"self","Type":15,"Integer":0,"String":"b","Interface":null}}
2025-08-15T22:13:52.850-0500	DEBUG	protocol/handler.go:1591	have processed broadcast	{"{round 20 3  <nil>}": {"Key":"from","Type":15,"Integer":0,"String":"a","Interface":null}}
2025-08-15T22:13:52.850-0500	DEBUG	protocol/handler.go:1591	have processed broadcast	{"{round 20 3  <nil>}": {"Key":"from","Type":15,"Integer":0,"String":"c","Interface":null}}
2025-08-15T22:13:52.850-0500	DEBUG	protocol/handler.go:1649	have all messages and processed	{"{round 20 3  <nil>}": {"Key":"self","Type":15,"Integer":0,"String":"b","Interface":null}}
2025-08-15T22:13:52.850-0500	DEBUG	protocol/handler.go:596	round already finalized
2025-08-15T22:13:52.850-0500	DEBUG	protocol/handler.go:581	tryAdvanceRound called	{"{current_round 20 3  <nil>}": {"Key":"self","Type":15,"Integer":0,"String":"c","Interface":null}}
2025-08-15T22:13:52.850-0500	DEBUG	protocol/handler.go:1591	have processed broadcast	{"{round 20 3  <nil>}": {"Key":"from","Type":15,"Integer":0,"String":"a","Interface":null}}
2025-08-15T22:13:52.850-0500	DEBUG	protocol/handler.go:1591	have processed broadcast	{"{round 20 3  <nil>}": {"Key":"from","Type":15,"Integer":0,"String":"b","Interface":null}}
2025-08-15T22:13:52.850-0500	DEBUG	protocol/handler.go:1649	have all messages and processed	{"{round 20 3  <nil>}": {"Key":"self","Type":15,"Integer":0,"String":"c","Interface":null}}
2025-08-15T22:13:52.850-0500	DEBUG	protocol/handler.go:596	round already finalized
2025-08-15T22:13:52.873-0500	DEBUG	protocol/handler.go:581	tryAdvanceRound called	{"{current_round 20 3  <nil>}": {"Key":"self","Type":15,"Integer":0,"String":"b","Interface":null}}
2025-08-15T22:13:52.873-0500	DEBUG	protocol/handler.go:1591	have processed broadcast	{"{round 20 3  <nil>}": {"Key":"from","Type":15,"Integer":0,"String":"a","Interface":null}}
2025-08-15T22:13:52.873-0500	DEBUG	protocol/handler.go:1591	have processed broadcast	{"{round 20 3  <nil>}": {"Key":"from","Type":15,"Integer":0,"String":"c","Interface":null}}
2025-08-15T22:13:52.873-0500	DEBUG	protocol/handler.go:1649	have all messages and processed	{"{round 20 3  <nil>}": {"Key":"self","Type":15,"Integer":0,"String":"b","Interface":null}}
2025-08-15T22:13:52.873-0500	DEBUG	protocol/handler.go:596	round already finalized
2025-08-15T22:13:52.873-0500	DEBUG	protocol/handler.go:581	tryAdvanceRound called	{"{current_round 20 3  <nil>}": {"Key":"self","Type":15,"Integer":0,"String":"c","Interface":null}}
2025-08-15T22:13:52.874-0500	DEBUG	protocol/handler.go:1591	have processed broadcast	{"{round 20 3  <nil>}": {"Key":"from","Type":15,"Integer":0,"String":"a","Interface":null}}
2025-08-15T22:13:52.874-0500	DEBUG	protocol/handler.go:1591	have processed broadcast	{"{round 20 3  <nil>}": {"Key":"from","Type":15,"Integer":0,"String":"b","Interface":null}}
2025-08-15T22:13:52.874-0500	DEBUG	protocol/handler.go:1649	have all messages and processed	{"{round 20 3  <nil>}": {"Key":"self","Type":15,"Integer":0,"String":"c","Interface":null}}
2025-08-15T22:13:52.874-0500	DEBUG	protocol/handler.go:596	round already finalized
2025-08-15T22:13:52.874-0500	DEBUG	protocol/handler.go:581	tryAdvanceRound called	{"{current_round 20 3  <nil>}": {"Key":"self","Type":15,"Integer":0,"String":"b","Interface":null}}
2025-08-15T22:13:52.874-0500	DEBUG	protocol/handler.go:1591	have processed broadcast	{"{round 20 3  <nil>}": {"Key":"from","Type":15,"Integer":0,"String":"a","Interface":null}}
2025-08-15T22:13:52.874-0500	DEBUG	protocol/handler.go:1649	have all messages and processed	{"{round 20 3  <nil>}": {"Key":"self","Type":15,"Integer":0,"String":"b","Interface":null}}
2025-08-15T22:13:52.874-0500	DEBUG	protocol/handler.go:596	round already finalized
2025-08-15T22:13:52.895-0500	DEBUG	protocol/handler.go:581	tryAdvanceRound called	{"{current_round 20 3  <nil>}": {"Key":"self","Type":15,"Integer":0,"String":"c","Interface":null}}
2025-08-15T22:13:52.895-0500	DEBUG	protocol/handler.go:1591	have processed broadcast	{"{round 20 3  <nil>}": {"Key":"from","Type":15,"Integer":0,"String":"a","Interface":null}}
2025-08-15T22:13:52.895-0500	DEBUG	protocol/handler.go:1591	have processed broadcast	{"{round 20 3  <nil>}": {"Key":"from","Type":15,"Integer":0,"String":"b","Interface":null}}
2025-08-15T22:13:52.896-0500	DEBUG	protocol/handler.go:1649	have all messages and processed	{"{round 20 3  <nil>}": {"Key":"self","Type":15,"Integer":0,"String":"c","Interface":null}}
2025-08-15T22:13:52.896-0500	DEBUG	protocol/handler.go:596	round already finalized
2025-08-15T22:13:52.896-0500	DEBUG	protocol/handler.go:581	tryAdvanceRound called	{"{current_round 20 3  <nil>}": {"Key":"self","Type":15,"Integer":0,"String":"b","Interface":null}}
2025-08-15T22:13:52.896-0500	DEBUG	protocol/handler.go:1591	have processed broadcast	{"{round 20 3  <nil>}": {"Key":"from","Type":15,"Integer":0,"String":"a","Interface":null}}
2025-08-15T22:13:52.896-0500	DEBUG	protocol/handler.go:1649	have all messages and processed	{"{round 20 3  <nil>}": {"Key":"self","Type":15,"Integer":0,"String":"b","Interface":null}}
2025-08-15T22:13:52.896-0500	DEBUG	protocol/handler.go:596	round already finalized
2025-08-15T22:13:52.896-0500	DEBUG	protocol/handler.go:581	tryAdvanceRound called	{"{current_round 20 3  <nil>}": {"Key":"self","Type":15,"Integer":0,"String":"b","Interface":null}}
2025-08-15T22:13:52.896-0500	DEBUG	protocol/handler.go:1591	have processed broadcast	{"{round 20 3  <nil>}": {"Key":"from","Type":15,"Integer":0,"String":"a","Interface":null}}
2025-08-15T22:13:52.896-0500	DEBUG	protocol/handler.go:1591	have processed broadcast	{"{round 20 3  <nil>}": {"Key":"from","Type":15,"Integer":0,"String":"c","Interface":null}}
2025-08-15T22:13:52.896-0500	DEBUG	protocol/handler.go:1649	have all messages and processed	{"{round 20 3  <nil>}": {"Key":"self","Type":15,"Integer":0,"String":"b","Interface":null}}
2025-08-15T22:13:52.896-0500	DEBUG	protocol/handler.go:596	round already finalized
2025-08-15T22:13:52.917-0500	DEBUG	protocol/handler.go:581	tryAdvanceRound called	{"{current_round 20 3  <nil>}": {"Key":"self","Type":15,"Integer":0,"String":"c","Interface":null}}
2025-08-15T22:13:52.918-0500	DEBUG	protocol/handler.go:1591	have processed broadcast	{"{round 20 3  <nil>}": {"Key":"from","Type":15,"Integer":0,"String":"a","Interface":null}}
2025-08-15T22:13:52.918-0500	DEBUG	protocol/handler.go:1591	have processed broadcast	{"{round 20 3  <nil>}": {"Key":"from","Type":15,"Integer":0,"String":"b","Interface":null}}
2025-08-15T22:13:52.918-0500	DEBUG	protocol/handler.go:1649	have all messages and processed	{"{round 20 3  <nil>}": {"Key":"self","Type":15,"Integer":0,"String":"c","Interface":null}}
2025-08-15T22:13:52.918-0500	DEBUG	protocol/handler.go:596	round already finalized
2025-08-15T22:13:52.918-0500	DEBUG	protocol/handler.go:581	tryAdvanceRound called	{"{current_round 20 3  <nil>}": {"Key":"self","Type":15,"Integer":0,"String":"b","Interface":null}}
2025-08-15T22:13:52.918-0500	DEBUG	protocol/handler.go:1591	have processed broadcast	{"{round 20 3  <nil>}": {"Key":"from","Type":15,"Integer":0,"String":"a","Interface":null}}
2025-08-15T22:13:52.918-0500	DEBUG	protocol/handler.go:1649	have all messages and processed	{"{round 20 3  <nil>}": {"Key":"self","Type":15,"Integer":0,"String":"b","Interface":null}}
2025-08-15T22:13:52.918-0500	DEBUG	protocol/handler.go:596	round already finalized
2025-08-15T22:13:52.919-0500	DEBUG	protocol/handler.go:581	tryAdvanceRound called	{"{current_round 20 3  <nil>}": {"Key":"self","Type":15,"Integer":0,"String":"b","Interface":null}}
2025-08-15T22:13:52.919-0500	DEBUG	protocol/handler.go:1591	have processed broadcast	{"{round 20 3  <nil>}": {"Key":"from","Type":15,"Integer":0,"String":"a","Interface":null}}
2025-08-15T22:13:52.919-0500	DEBUG	protocol/handler.go:1591	have processed broadcast	{"{round 20 3  <nil>}": {"Key":"from","Type":15,"Integer":0,"String":"c","Interface":null}}
2025-08-15T22:13:52.919-0500	DEBUG	protocol/handler.go:1649	have all messages and processed	{"{round 20 3  <nil>}": {"Key":"self","Type":15,"Integer":0,"String":"b","Interface":null}}
2025-08-15T22:13:52.919-0500	DEBUG	protocol/handler.go:596	round already finalized
2025-08-15T22:13:52.943-0500	DEBUG	protocol/handler.go:581	tryAdvanceRound called	{"{current_round 20 3  <nil>}": {"Key":"self","Type":15,"Integer":0,"String":"b","Interface":null}}
2025-08-15T22:13:52.943-0500	DEBUG	protocol/handler.go:1591	have processed broadcast	{"{round 20 3  <nil>}": {"Key":"from","Type":15,"Integer":0,"String":"a","Interface":null}}
2025-08-15T22:13:52.943-0500	DEBUG	protocol/handler.go:1591	have processed broadcast	{"{round 20 3  <nil>}": {"Key":"from","Type":15,"Integer":0,"String":"c","Interface":null}}
2025-08-15T22:13:52.943-0500	DEBUG	protocol/handler.go:1649	have all messages and processed	{"{round 20 3  <nil>}": {"Key":"self","Type":15,"Integer":0,"String":"b","Interface":null}}
2025-08-15T22:13:52.943-0500	DEBUG	protocol/handler.go:596	round already finalized
2025-08-15T22:13:52.943-0500	DEBUG	protocol/handler.go:581	tryAdvanceRound called	{"{current_round 20 3  <nil>}": {"Key":"self","Type":15,"Integer":0,"String":"c","Interface":null}}
2025-08-15T22:13:52.944-0500	DEBUG	protocol/handler.go:1591	have processed broadcast	{"{round 20 3  <nil>}": {"Key":"from","Type":15,"Integer":0,"String":"a","Interface":null}}
2025-08-15T22:13:52.944-0500	DEBUG	protocol/handler.go:1591	have processed broadcast	{"{round 20 3  <nil>}": {"Key":"from","Type":15,"Integer":0,"String":"b","Interface":null}}
2025-08-15T22:13:52.944-0500	DEBUG	protocol/handler.go:1649	have all messages and processed	{"{round 20 3  <nil>}": {"Key":"self","Type":15,"Integer":0,"String":"c","Interface":null}}
2025-08-15T22:13:52.944-0500	DEBUG	protocol/handler.go:596	round already finalized
2025-08-15T22:13:52.944-0500	DEBUG	protocol/handler.go:581	tryAdvanceRound called	{"{current_round 20 3  <nil>}": {"Key":"self","Type":15,"Integer":0,"String":"b","Interface":null}}
2025-08-15T22:13:52.944-0500	DEBUG	protocol/handler.go:1591	have processed broadcast	{"{round 20 3  <nil>}": {"Key":"from","Type":15,"Integer":0,"String":"a","Interface":null}}
2025-08-15T22:13:52.944-0500	DEBUG	protocol/handler.go:1649	have all messages and processed	{"{round 20 3  <nil>}": {"Key":"self","Type":15,"Integer":0,"String":"b","Interface":null}}
2025-08-15T22:13:52.944-0500	DEBUG	protocol/handler.go:596	round already finalized
2025-08-15T22:13:52.965-0500	DEBUG	protocol/handler.go:581	tryAdvanceRound called	{"{current_round 20 3  <nil>}": {"Key":"self","Type":15,"Integer":0,"String":"c","Interface":null}}
2025-08-15T22:13:52.965-0500	DEBUG	protocol/handler.go:1591	have processed broadcast	{"{round 20 3  <nil>}": {"Key":"from","Type":15,"Integer":0,"String":"a","Interface":null}}
2025-08-15T22:13:52.965-0500	DEBUG	protocol/handler.go:1591	have processed broadcast	{"{round 20 3  <nil>}": {"Key":"from","Type":15,"Integer":0,"String":"b","Interface":null}}
2025-08-15T22:13:52.965-0500	DEBUG	protocol/handler.go:1649	have all messages and processed	{"{round 20 3  <nil>}": {"Key":"self","Type":15,"Integer":0,"String":"c","Interface":null}}
2025-08-15T22:13:52.965-0500	DEBUG	protocol/handler.go:596	round already finalized
2025-08-15T22:13:52.965-0500	DEBUG	protocol/handler.go:581	tryAdvanceRound called	{"{current_round 20 3  <nil>}": {"Key":"self","Type":15,"Integer":0,"String":"b","Interface":null}}
2025-08-15T22:13:52.966-0500	DEBUG	protocol/handler.go:1591	have processed broadcast	{"{round 20 3  <nil>}": {"Key":"from","Type":15,"Integer":0,"String":"a","Interface":null}}
2025-08-15T22:13:52.966-0500	DEBUG	protocol/handler.go:1649	have all messages and processed	{"{round 20 3  <nil>}": {"Key":"self","Type":15,"Integer":0,"String":"b","Interface":null}}
2025-08-15T22:13:52.966-0500	DEBUG	protocol/handler.go:596	round already finalized
2025-08-15T22:13:52.966-0500	DEBUG	protocol/handler.go:581	tryAdvanceRound called	{"{current_round 20 3  <nil>}": {"Key":"self","Type":15,"Integer":0,"String":"b","Interface":null}}
2025-08-15T22:13:52.966-0500	DEBUG	protocol/handler.go:1591	have processed broadcast	{"{round 20 3  <nil>}": {"Key":"from","Type":15,"Integer":0,"String":"a","Interface":null}}
2025-08-15T22:13:52.966-0500	DEBUG	protocol/handler.go:1591	have processed broadcast	{"{round 20 3  <nil>}": {"Key":"from","Type":15,"Integer":0,"String":"c","Interface":null}}
2025-08-15T22:13:52.967-0500	DEBUG	protocol/handler.go:1649	have all messages and processed	{"{round 20 3  <nil>}": {"Key":"self","Type":15,"Integer":0,"String":"b","Interface":null}}
2025-08-15T22:13:52.967-0500	DEBUG	protocol/handler.go:596	round already finalized
2025-08-15T22:13:52.967-0500	DEBUG	protocol/handler.go:581	tryAdvanceRound called	{"{current_round 20 3  <nil>}": {"Key":"self","Type":15,"Integer":0,"String":"b","Interface":null}}
2025-08-15T22:13:52.967-0500	DEBUG	protocol/handler.go:1591	have processed broadcast	{"{round 20 3  <nil>}": {"Key":"from","Type":15,"Integer":0,"String":"a","Interface":null}}
2025-08-15T22:13:52.967-0500	DEBUG	protocol/handler.go:1649	have all messages and processed	{"{round 20 3  <nil>}": {"Key":"self","Type":15,"Integer":0,"String":"b","Interface":null}}
2025-08-15T22:13:52.967-0500	DEBUG	protocol/handler.go:596	round already finalized
2025-08-15T22:13:52.989-0500	DEBUG	protocol/handler.go:581	tryAdvanceRound called	{"{current_round 20 3  <nil>}": {"Key":"self","Type":15,"Integer":0,"String":"b","Interface":null}}
2025-08-15T22:13:52.989-0500	DEBUG	protocol/handler.go:1591	have processed broadcast	{"{round 20 3  <nil>}": {"Key":"from","Type":15,"Integer":0,"String":"a","Interface":null}}
2025-08-15T22:13:52.990-0500	DEBUG	protocol/handler.go:1649	have all messages and processed	{"{round 20 3  <nil>}": {"Key":"self","Type":15,"Integer":0,"String":"b","Interface":null}}
2025-08-15T22:13:52.990-0500	DEBUG	protocol/handler.go:596	round already finalized
2025-08-15T22:13:52.990-0500	DEBUG	protocol/handler.go:581	tryAdvanceRound called	{"{current_round 20 3  <nil>}": {"Key":"self","Type":15,"Integer":0,"String":"b","Interface":null}}
2025-08-15T22:13:52.990-0500	DEBUG	protocol/handler.go:1591	have processed broadcast	{"{round 20 3  <nil>}": {"Key":"from","Type":15,"Integer":0,"String":"a","Interface":null}}
2025-08-15T22:13:52.990-0500	DEBUG	protocol/handler.go:1591	have processed broadcast	{"{round 20 3  <nil>}": {"Key":"from","Type":15,"Integer":0,"String":"c","Interface":null}}
2025-08-15T22:13:52.990-0500	DEBUG	protocol/handler.go:1649	have all messages and processed	{"{round 20 3  <nil>}": {"Key":"self","Type":15,"Integer":0,"String":"b","Interface":null}}
2025-08-15T22:13:52.990-0500	DEBUG	protocol/handler.go:596	round already finalized
2025-08-15T22:13:52.990-0500	DEBUG	protocol/handler.go:581	tryAdvanceRound called	{"{current_round 20 3  <nil>}": {"Key":"self","Type":15,"Integer":0,"String":"c","Interface":null}}
2025-08-15T22:13:52.990-0500	DEBUG	protocol/handler.go:1591	have processed broadcast	{"{round 20 3  <nil>}": {"Key":"from","Type":15,"Integer":0,"String":"a","Interface":null}}
2025-08-15T22:13:52.990-0500	DEBUG	protocol/handler.go:1591	have processed broadcast	{"{round 20 3  <nil>}": {"Key":"from","Type":15,"Integer":0,"String":"b","Interface":null}}
2025-08-15T22:13:52.990-0500	DEBUG	protocol/handler.go:1649	have all messages and processed	{"{round 20 3  <nil>}": {"Key":"self","Type":15,"Integer":0,"String":"c","Interface":null}}
2025-08-15T22:13:52.990-0500	DEBUG	protocol/handler.go:596	round already finalized
2025-08-15T22:13:53.009-0500	DEBUG	protocol/handler.go:581	tryAdvanceRound called	{"{current_round 20 3  <nil>}": {"Key":"self","Type":15,"Integer":0,"String":"b","Interface":null}}
2025-08-15T22:13:53.009-0500	DEBUG	protocol/handler.go:1591	have processed broadcast	{"{round 20 3  <nil>}": {"Key":"from","Type":15,"Integer":0,"String":"a","Interface":null}}
2025-08-15T22:13:53.010-0500	DEBUG	protocol/handler.go:1649	have all messages and processed	{"{round 20 3  <nil>}": {"Key":"self","Type":15,"Integer":0,"String":"b","Interface":null}}
2025-08-15T22:13:53.010-0500	DEBUG	protocol/handler.go:596	round already finalized
2025-08-15T22:13:53.010-0500	DEBUG	protocol/handler.go:581	tryAdvanceRound called	{"{current_round 20 3  <nil>}": {"Key":"self","Type":15,"Integer":0,"String":"b","Interface":null}}
2025-08-15T22:13:53.010-0500	DEBUG	protocol/handler.go:1591	have processed broadcast	{"{round 20 3  <nil>}": {"Key":"from","Type":15,"Integer":0,"String":"a","Interface":null}}
2025-08-15T22:13:53.010-0500	DEBUG	protocol/handler.go:1591	have processed broadcast	{"{round 20 3  <nil>}": {"Key":"from","Type":15,"Integer":0,"String":"c","Interface":null}}
2025-08-15T22:13:53.010-0500	DEBUG	protocol/handler.go:1649	have all messages and processed	{"{round 20 3  <nil>}": {"Key":"self","Type":15,"Integer":0,"String":"b","Interface":null}}
2025-08-15T22:13:53.010-0500	DEBUG	protocol/handler.go:596	round already finalized
2025-08-15T22:13:53.010-0500	DEBUG	protocol/handler.go:581	tryAdvanceRound called	{"{current_round 20 3  <nil>}": {"Key":"self","Type":15,"Integer":0,"String":"c","Interface":null}}
2025-08-15T22:13:53.010-0500	DEBUG	protocol/handler.go:1591	have processed broadcast	{"{round 20 3  <nil>}": {"Key":"from","Type":15,"Integer":0,"String":"a","Interface":null}}
2025-08-15T22:13:53.010-0500	DEBUG	protocol/handler.go:1591	have processed broadcast	{"{round 20 3  <nil>}": {"Key":"from","Type":15,"Integer":0,"String":"b","Interface":null}}
2025-08-15T22:13:53.010-0500	DEBUG	protocol/handler.go:1649	have all messages and processed	{"{round 20 3  <nil>}": {"Key":"self","Type":15,"Integer":0,"String":"c","Interface":null}}
2025-08-15T22:13:53.010-0500	DEBUG	protocol/handler.go:596	round already finalized
2025-08-15T22:13:53.034-0500	DEBUG	protocol/handler.go:581	tryAdvanceRound called	{"{current_round 20 3  <nil>}": {"Key":"self","Type":15,"Integer":0,"String":"c","Interface":null}}
2025-08-15T22:13:53.035-0500	DEBUG	protocol/handler.go:1591	have processed broadcast	{"{round 20 3  <nil>}": {"Key":"from","Type":15,"Integer":0,"String":"a","Interface":null}}
2025-08-15T22:13:53.035-0500	DEBUG	protocol/handler.go:1591	have processed broadcast	{"{round 20 3  <nil>}": {"Key":"from","Type":15,"Integer":0,"String":"b","Interface":null}}
2025-08-15T22:13:53.035-0500	DEBUG	protocol/handler.go:1649	have all messages and processed	{"{round 20 3  <nil>}": {"Key":"self","Type":15,"Integer":0,"String":"c","Interface":null}}
2025-08-15T22:13:53.035-0500	DEBUG	protocol/handler.go:596	round already finalized
2025-08-15T22:13:53.035-0500	DEBUG	protocol/handler.go:581	tryAdvanceRound called	{"{current_round 20 3  <nil>}": {"Key":"self","Type":15,"Integer":0,"String":"b","Interface":null}}
2025-08-15T22:13:53.035-0500	DEBUG	protocol/handler.go:1591	have processed broadcast	{"{round 20 3  <nil>}": {"Key":"from","Type":15,"Integer":0,"String":"a","Interface":null}}
2025-08-15T22:13:53.035-0500	DEBUG	protocol/handler.go:1591	have processed broadcast	{"{round 20 3  <nil>}": {"Key":"from","Type":15,"Integer":0,"String":"c","Interface":null}}
2025-08-15T22:13:53.035-0500	DEBUG	protocol/handler.go:1649	have all messages and processed	{"{round 20 3  <nil>}": {"Key":"self","Type":15,"Integer":0,"String":"b","Interface":null}}
2025-08-15T22:13:53.035-0500	DEBUG	protocol/handler.go:596	round already finalized
2025-08-15T22:13:53.057-0500	DEBUG	protocol/handler.go:581	tryAdvanceRound called	{"{current_round 20 3  <nil>}": {"Key":"self","Type":15,"Integer":0,"String":"c","Interface":null}}
2025-08-15T22:13:53.057-0500	DEBUG	protocol/handler.go:1591	have processed broadcast	{"{round 20 3  <nil>}": {"Key":"from","Type":15,"Integer":0,"String":"a","Interface":null}}
2025-08-15T22:13:53.057-0500	DEBUG	protocol/handler.go:1591	have processed broadcast	{"{round 20 3  <nil>}": {"Key":"from","Type":15,"Integer":0,"String":"b","Interface":null}}
2025-08-15T22:13:53.057-0500	DEBUG	protocol/handler.go:1649	have all messages and processed	{"{round 20 3  <nil>}": {"Key":"self","Type":15,"Integer":0,"String":"c","Interface":null}}
2025-08-15T22:13:53.057-0500	DEBUG	protocol/handler.go:596	round already finalized
2025-08-15T22:13:53.057-0500	DEBUG	protocol/handler.go:581	tryAdvanceRound called	{"{current_round 20 3  <nil>}": {"Key":"self","Type":15,"Integer":0,"String":"b","Interface":null}}
2025-08-15T22:13:53.057-0500	DEBUG	protocol/handler.go:1591	have processed broadcast	{"{round 20 3  <nil>}": {"Key":"from","Type":15,"Integer":0,"String":"a","Interface":null}}
2025-08-15T22:13:53.057-0500	DEBUG	protocol/handler.go:1649	have all messages and processed	{"{round 20 3  <nil>}": {"Key":"self","Type":15,"Integer":0,"String":"b","Interface":null}}
2025-08-15T22:13:53.057-0500	DEBUG	protocol/handler.go:596	round already finalized
2025-08-15T22:13:53.057-0500	DEBUG	protocol/handler.go:581	tryAdvanceRound called	{"{current_round 20 3  <nil>}": {"Key":"self","Type":15,"Integer":0,"String":"b","Interface":null}}
2025-08-15T22:13:53.058-0500	DEBUG	protocol/handler.go:1591	have processed broadcast	{"{round 20 3  <nil>}": {"Key":"from","Type":15,"Integer":0,"String":"a","Interface":null}}
2025-08-15T22:13:53.058-0500	DEBUG	protocol/handler.go:1649	have all messages and processed	{"{round 20 3  <nil>}": {"Key":"self","Type":15,"Integer":0,"String":"b","Interface":null}}
2025-08-15T22:13:53.058-0500	DEBUG	protocol/handler.go:596	round already finalized
2025-08-15T22:13:53.058-0500	DEBUG	protocol/handler.go:581	tryAdvanceRound called	{"{current_round 20 3  <nil>}": {"Key":"self","Type":15,"Integer":0,"String":"b","Interface":null}}
2025-08-15T22:13:53.058-0500	DEBUG	protocol/handler.go:1591	have processed broadcast	{"{round 20 3  <nil>}": {"Key":"from","Type":15,"Integer":0,"String":"a","Interface":null}}
2025-08-15T22:13:53.058-0500	DEBUG	protocol/handler.go:1591	have processed broadcast	{"{round 20 3  <nil>}": {"Key":"from","Type":15,"Integer":0,"String":"c","Interface":null}}
2025-08-15T22:13:53.058-0500	DEBUG	protocol/handler.go:1649	have all messages and processed	{"{round 20 3  <nil>}": {"Key":"self","Type":15,"Integer":0,"String":"b","Interface":null}}
2025-08-15T22:13:53.058-0500	DEBUG	protocol/handler.go:596	round already finalized
2025-08-15T22:13:53.078-0500	DEBUG	protocol/handler.go:581	tryAdvanceRound called	{"{current_round 20 3  <nil>}": {"Key":"self","Type":15,"Integer":0,"String":"b","Interface":null}}
2025-08-15T22:13:53.078-0500	DEBUG	protocol/handler.go:1591	have processed broadcast	{"{round 20 3  <nil>}": {"Key":"from","Type":15,"Integer":0,"String":"a","Interface":null}}
2025-08-15T22:13:53.078-0500	DEBUG	protocol/handler.go:1649	have all messages and processed	{"{round 20 3  <nil>}": {"Key":"self","Type":15,"Integer":0,"String":"b","Interface":null}}
2025-08-15T22:13:53.078-0500	DEBUG	protocol/handler.go:596	round already finalized
2025-08-15T22:13:53.078-0500	DEBUG	protocol/handler.go:581	tryAdvanceRound called	{"{current_round 20 3  <nil>}": {"Key":"self","Type":15,"Integer":0,"String":"b","Interface":null}}
2025-08-15T22:13:53.078-0500	DEBUG	protocol/handler.go:1591	have processed broadcast	{"{round 20 3  <nil>}": {"Key":"from","Type":15,"Integer":0,"String":"a","Interface":null}}
2025-08-15T22:13:53.078-0500	DEBUG	protocol/handler.go:1591	have processed broadcast	{"{round 20 3  <nil>}": {"Key":"from","Type":15,"Integer":0,"String":"c","Interface":null}}
2025-08-15T22:13:53.078-0500	DEBUG	protocol/handler.go:1649	have all messages and processed	{"{round 20 3  <nil>}": {"Key":"self","Type":15,"Integer":0,"String":"b","Interface":null}}
2025-08-15T22:13:53.078-0500	DEBUG	protocol/handler.go:596	round already finalized
2025-08-15T22:13:53.078-0500	DEBUG	protocol/handler.go:581	tryAdvanceRound called	{"{current_round 20 3  <nil>}": {"Key":"self","Type":15,"Integer":0,"String":"c","Interface":null}}
2025-08-15T22:13:53.078-0500	DEBUG	protocol/handler.go:1591	have processed broadcast	{"{round 20 3  <nil>}": {"Key":"from","Type":15,"Integer":0,"String":"a","Interface":null}}
2025-08-15T22:13:53.078-0500	DEBUG	protocol/handler.go:1591	have processed broadcast	{"{round 20 3  <nil>}": {"Key":"from","Type":15,"Integer":0,"String":"b","Interface":null}}
2025-08-15T22:13:53.079-0500	DEBUG	protocol/handler.go:1649	have all messages and processed	{"{round 20 3  <nil>}": {"Key":"self","Type":15,"Integer":0,"String":"c","Interface":null}}
2025-08-15T22:13:53.079-0500	DEBUG	protocol/handler.go:596	round already finalized
2025-08-15T22:13:53.102-0500	DEBUG	protocol/handler.go:581	tryAdvanceRound called	{"{current_round 20 3  <nil>}": {"Key":"self","Type":15,"Integer":0,"String":"c","Interface":null}}
2025-08-15T22:13:53.102-0500	DEBUG	protocol/handler.go:1591	have processed broadcast	{"{round 20 3  <nil>}": {"Key":"from","Type":15,"Integer":0,"String":"a","Interface":null}}
2025-08-15T22:13:53.102-0500	DEBUG	protocol/handler.go:1591	have processed broadcast	{"{round 20 3  <nil>}": {"Key":"from","Type":15,"Integer":0,"String":"b","Interface":null}}
2025-08-15T22:13:53.102-0500	DEBUG	protocol/handler.go:1649	have all messages and processed	{"{round 20 3  <nil>}": {"Key":"self","Type":15,"Integer":0,"String":"c","Interface":null}}
2025-08-15T22:13:53.102-0500	DEBUG	protocol/handler.go:596	round already finalized
2025-08-15T22:13:53.102-0500	DEBUG	protocol/handler.go:581	tryAdvanceRound called	{"{current_round 20 3  <nil>}": {"Key":"self","Type":15,"Integer":0,"String":"b","Interface":null}}
2025-08-15T22:13:53.102-0500	DEBUG	protocol/handler.go:1591	have processed broadcast	{"{round 20 3  <nil>}": {"Key":"from","Type":15,"Integer":0,"String":"a","Interface":null}}
2025-08-15T22:13:53.102-0500	DEBUG	protocol/handler.go:1591	have processed broadcast	{"{round 20 3  <nil>}": {"Key":"from","Type":15,"Integer":0,"String":"c","Interface":null}}
2025-08-15T22:13:53.102-0500	DEBUG	protocol/handler.go:1649	have all messages and processed	{"{round 20 3  <nil>}": {"Key":"self","Type":15,"Integer":0,"String":"b","Interface":null}}
2025-08-15T22:13:53.102-0500	DEBUG	protocol/handler.go:596	round already finalized
2025-08-15T22:13:53.102-0500	DEBUG	protocol/handler.go:581	tryAdvanceRound called	{"{current_round 20 3  <nil>}": {"Key":"self","Type":15,"Integer":0,"String":"b","Interface":null}}
2025-08-15T22:13:53.102-0500	DEBUG	protocol/handler.go:1591	have processed broadcast	{"{round 20 3  <nil>}": {"Key":"from","Type":15,"Integer":0,"String":"a","Interface":null}}
2025-08-15T22:13:53.102-0500	DEBUG	protocol/handler.go:1649	have all messages and processed	{"{round 20 3  <nil>}": {"Key":"self","Type":15,"Integer":0,"String":"b","Interface":null}}
2025-08-15T22:13:53.102-0500	DEBUG	protocol/handler.go:596	round already finalized
2025-08-15T22:13:53.126-0500	DEBUG	protocol/handler.go:581	tryAdvanceRound called	{"{current_round 20 3  <nil>}": {"Key":"self","Type":15,"Integer":0,"String":"c","Interface":null}}
2025-08-15T22:13:53.126-0500	DEBUG	protocol/handler.go:1591	have processed broadcast	{"{round 20 3  <nil>}": {"Key":"from","Type":15,"Integer":0,"String":"a","Interface":null}}
2025-08-15T22:13:53.126-0500	DEBUG	protocol/handler.go:1591	have processed broadcast	{"{round 20 3  <nil>}": {"Key":"from","Type":15,"Integer":0,"String":"b","Interface":null}}
2025-08-15T22:13:53.126-0500	DEBUG	protocol/handler.go:1649	have all messages and processed	{"{round 20 3  <nil>}": {"Key":"self","Type":15,"Integer":0,"String":"c","Interface":null}}
2025-08-15T22:13:53.126-0500	DEBUG	protocol/handler.go:596	round already finalized
2025-08-15T22:13:53.126-0500	DEBUG	protocol/handler.go:581	tryAdvanceRound called	{"{current_round 20 3  <nil>}": {"Key":"self","Type":15,"Integer":0,"String":"b","Interface":null}}
2025-08-15T22:13:53.126-0500	DEBUG	protocol/handler.go:1591	have processed broadcast	{"{round 20 3  <nil>}": {"Key":"from","Type":15,"Integer":0,"String":"a","Interface":null}}
2025-08-15T22:13:53.126-0500	DEBUG	protocol/handler.go:1649	have all messages and processed	{"{round 20 3  <nil>}": {"Key":"self","Type":15,"Integer":0,"String":"b","Interface":null}}
2025-08-15T22:13:53.126-0500	DEBUG	protocol/handler.go:596	round already finalized
2025-08-15T22:13:53.126-0500	DEBUG	protocol/handler.go:581	tryAdvanceRound called	{"{current_round 20 3  <nil>}": {"Key":"self","Type":15,"Integer":0,"String":"b","Interface":null}}
2025-08-15T22:13:53.126-0500	DEBUG	protocol/handler.go:1591	have processed broadcast	{"{round 20 3  <nil>}": {"Key":"from","Type":15,"Integer":0,"String":"a","Interface":null}}
2025-08-15T22:13:53.126-0500	DEBUG	protocol/handler.go:1591	have processed broadcast	{"{round 20 3  <nil>}": {"Key":"from","Type":15,"Integer":0,"String":"c","Interface":null}}
2025-08-15T22:13:53.126-0500	DEBUG	protocol/handler.go:1649	have all messages and processed	{"{round 20 3  <nil>}": {"Key":"self","Type":15,"Integer":0,"String":"b","Interface":null}}
2025-08-15T22:13:53.126-0500	DEBUG	protocol/handler.go:596	round already finalized
2025-08-15T22:13:53.126-0500	DEBUG	protocol/handler.go:581	tryAdvanceRound called	{"{current_round 20 3  <nil>}": {"Key":"self","Type":15,"Integer":0,"String":"b","Interface":null}}
2025-08-15T22:13:53.126-0500	DEBUG	protocol/handler.go:1591	have processed broadcast	{"{round 20 3  <nil>}": {"Key":"from","Type":15,"Integer":0,"String":"a","Interface":null}}
2025-08-15T22:13:53.127-0500	DEBUG	protocol/handler.go:1649	have all messages and processed	{"{round 20 3  <nil>}": {"Key":"self","Type":15,"Integer":0,"String":"b","Interface":null}}
2025-08-15T22:13:53.127-0500	DEBUG	protocol/handler.go:596	round already finalized
2025-08-15T22:13:53.147-0500	DEBUG	protocol/handler.go:581	tryAdvanceRound called	{"{current_round 20 3  <nil>}": {"Key":"self","Type":15,"Integer":0,"String":"b","Interface":null}}
2025-08-15T22:13:53.147-0500	DEBUG	protocol/handler.go:1591	have processed broadcast	{"{round 20 3  <nil>}": {"Key":"from","Type":15,"Integer":0,"String":"a","Interface":null}}
2025-08-15T22:13:53.147-0500	DEBUG	protocol/handler.go:1649	have all messages and processed	{"{round 20 3  <nil>}": {"Key":"self","Type":15,"Integer":0,"String":"b","Interface":null}}
2025-08-15T22:13:53.147-0500	DEBUG	protocol/handler.go:596	round already finalized
2025-08-15T22:13:53.147-0500	DEBUG	protocol/handler.go:581	tryAdvanceRound called	{"{current_round 20 3  <nil>}": {"Key":"self","Type":15,"Integer":0,"String":"c","Interface":null}}
2025-08-15T22:13:53.147-0500	DEBUG	protocol/handler.go:1591	have processed broadcast	{"{round 20 3  <nil>}": {"Key":"from","Type":15,"Integer":0,"String":"a","Interface":null}}
2025-08-15T22:13:53.148-0500	DEBUG	protocol/handler.go:1591	have processed broadcast	{"{round 20 3  <nil>}": {"Key":"from","Type":15,"Integer":0,"String":"b","Interface":null}}
2025-08-15T22:13:53.148-0500	DEBUG	protocol/handler.go:1649	have all messages and processed	{"{round 20 3  <nil>}": {"Key":"self","Type":15,"Integer":0,"String":"c","Interface":null}}
2025-08-15T22:13:53.148-0500	DEBUG	protocol/handler.go:596	round already finalized
2025-08-15T22:13:53.148-0500	DEBUG	protocol/handler.go:581	tryAdvanceRound called	{"{current_round 20 3  <nil>}": {"Key":"self","Type":15,"Integer":0,"String":"b","Interface":null}}
2025-08-15T22:13:53.148-0500	DEBUG	protocol/handler.go:1591	have processed broadcast	{"{round 20 3  <nil>}": {"Key":"from","Type":15,"Integer":0,"String":"a","Interface":null}}
2025-08-15T22:13:53.148-0500	DEBUG	protocol/handler.go:1591	have processed broadcast	{"{round 20 3  <nil>}": {"Key":"from","Type":15,"Integer":0,"String":"c","Interface":null}}
2025-08-15T22:13:53.148-0500	DEBUG	protocol/handler.go:1649	have all messages and processed	{"{round 20 3  <nil>}": {"Key":"self","Type":15,"Integer":0,"String":"b","Interface":null}}
2025-08-15T22:13:53.148-0500	DEBUG	protocol/handler.go:596	round already finalized
2025-08-15T22:13:53.169-0500	DEBUG	protocol/handler.go:581	tryAdvanceRound called	{"{current_round 20 3  <nil>}": {"Key":"self","Type":15,"Integer":0,"String":"b","Interface":null}}
2025-08-15T22:13:53.169-0500	DEBUG	protocol/handler.go:1591	have processed broadcast	{"{round 20 3  <nil>}": {"Key":"from","Type":15,"Integer":0,"String":"a","Interface":null}}
2025-08-15T22:13:53.169-0500	DEBUG	protocol/handler.go:1649	have all messages and processed	{"{round 20 3  <nil>}": {"Key":"self","Type":15,"Integer":0,"String":"b","Interface":null}}
2025-08-15T22:13:53.169-0500	DEBUG	protocol/handler.go:596	round already finalized
2025-08-15T22:13:53.169-0500	DEBUG	protocol/handler.go:581	tryAdvanceRound called	{"{current_round 20 3  <nil>}": {"Key":"self","Type":15,"Integer":0,"String":"c","Interface":null}}
2025-08-15T22:13:53.169-0500	DEBUG	protocol/handler.go:1591	have processed broadcast	{"{round 20 3  <nil>}": {"Key":"from","Type":15,"Integer":0,"String":"a","Interface":null}}
2025-08-15T22:13:53.169-0500	DEBUG	protocol/handler.go:1591	have processed broadcast	{"{round 20 3  <nil>}": {"Key":"from","Type":15,"Integer":0,"String":"b","Interface":null}}
2025-08-15T22:13:53.169-0500	DEBUG	protocol/handler.go:1649	have all messages and processed	{"{round 20 3  <nil>}": {"Key":"self","Type":15,"Integer":0,"String":"c","Interface":null}}
2025-08-15T22:13:53.169-0500	DEBUG	protocol/handler.go:596	round already finalized
2025-08-15T22:13:53.169-0500	DEBUG	protocol/handler.go:581	tryAdvanceRound called	{"{current_round 20 3  <nil>}": {"Key":"self","Type":15,"Integer":0,"String":"b","Interface":null}}
2025-08-15T22:13:53.169-0500	DEBUG	protocol/handler.go:1591	have processed broadcast	{"{round 20 3  <nil>}": {"Key":"from","Type":15,"Integer":0,"String":"a","Interface":null}}
2025-08-15T22:13:53.169-0500	DEBUG	protocol/handler.go:1591	have processed broadcast	{"{round 20 3  <nil>}": {"Key":"from","Type":15,"Integer":0,"String":"c","Interface":null}}
2025-08-15T22:13:53.169-0500	DEBUG	protocol/handler.go:1649	have all messages and processed	{"{round 20 3  <nil>}": {"Key":"self","Type":15,"Integer":0,"String":"b","Interface":null}}
2025-08-15T22:13:53.169-0500	DEBUG	protocol/handler.go:596	round already finalized
2025-08-15T22:13:53.191-0500	DEBUG	protocol/handler.go:581	tryAdvanceRound called	{"{current_round 20 3  <nil>}": {"Key":"self","Type":15,"Integer":0,"String":"c","Interface":null}}
2025-08-15T22:13:53.191-0500	DEBUG	protocol/handler.go:1591	have processed broadcast	{"{round 20 3  <nil>}": {"Key":"from","Type":15,"Integer":0,"String":"a","Interface":null}}
2025-08-15T22:13:53.191-0500	DEBUG	protocol/handler.go:1591	have processed broadcast	{"{round 20 3  <nil>}": {"Key":"from","Type":15,"Integer":0,"String":"b","Interface":null}}
2025-08-15T22:13:53.191-0500	DEBUG	protocol/handler.go:1649	have all messages and processed	{"{round 20 3  <nil>}": {"Key":"self","Type":15,"Integer":0,"String":"c","Interface":null}}
2025-08-15T22:13:53.191-0500	DEBUG	protocol/handler.go:596	round already finalized
2025-08-15T22:13:53.191-0500	DEBUG	protocol/handler.go:581	tryAdvanceRound called	{"{current_round 20 3  <nil>}": {"Key":"self","Type":15,"Integer":0,"String":"b","Interface":null}}
2025-08-15T22:13:53.191-0500	DEBUG	protocol/handler.go:1591	have processed broadcast	{"{round 20 3  <nil>}": {"Key":"from","Type":15,"Integer":0,"String":"a","Interface":null}}
2025-08-15T22:13:53.191-0500	DEBUG	protocol/handler.go:1591	have processed broadcast	{"{round 20 3  <nil>}": {"Key":"from","Type":15,"Integer":0,"String":"c","Interface":null}}
2025-08-15T22:13:53.191-0500	DEBUG	protocol/handler.go:1649	have all messages and processed	{"{round 20 3  <nil>}": {"Key":"self","Type":15,"Integer":0,"String":"b","Interface":null}}
2025-08-15T22:13:53.191-0500	DEBUG	protocol/handler.go:596	round already finalized
2025-08-15T22:13:53.191-0500	DEBUG	protocol/handler.go:581	tryAdvanceRound called	{"{current_round 20 3  <nil>}": {"Key":"self","Type":15,"Integer":0,"String":"b","Interface":null}}
2025-08-15T22:13:53.191-0500	DEBUG	protocol/handler.go:1591	have processed broadcast	{"{round 20 3  <nil>}": {"Key":"from","Type":15,"Integer":0,"String":"a","Interface":null}}
2025-08-15T22:13:53.191-0500	DEBUG	protocol/handler.go:1591	have processed broadcast	{"{round 20 3  <nil>}": {"Key":"from","Type":15,"Integer":0,"String":"c","Interface":null}}
2025-08-15T22:13:53.191-0500	DEBUG	protocol/handler.go:1649	have all messages and processed	{"{round 20 3  <nil>}": {"Key":"self","Type":15,"Integer":0,"String":"b","Interface":null}}
2025-08-15T22:13:53.191-0500	DEBUG	protocol/handler.go:596	round already finalized
2025-08-15T22:13:53.191-0500	DEBUG	protocol/handler.go:581	tryAdvanceRound called	{"{current_round 20 3  <nil>}": {"Key":"self","Type":15,"Integer":0,"String":"c","Interface":null}}
2025-08-15T22:13:53.191-0500	DEBUG	protocol/handler.go:1591	have processed broadcast	{"{round 20 3  <nil>}": {"Key":"from","Type":15,"Integer":0,"String":"a","Interface":null}}
2025-08-15T22:13:53.191-0500	DEBUG	protocol/handler.go:1591	have processed broadcast	{"{round 20 3  <nil>}": {"Key":"from","Type":15,"Integer":0,"String":"b","Interface":null}}
2025-08-15T22:13:53.191-0500	DEBUG	protocol/handler.go:1649	have all messages and processed	{"{round 20 3  <nil>}": {"Key":"self","Type":15,"Integer":0,"String":"c","Interface":null}}
2025-08-15T22:13:53.191-0500	DEBUG	protocol/handler.go:596	round already finalized
2025-08-15T22:13:53.191-0500	DEBUG	protocol/handler.go:581	tryAdvanceRound called	{"{current_round 20 3  <nil>}": {"Key":"self","Type":15,"Integer":0,"String":"b","Interface":null}}
2025-08-15T22:13:53.191-0500	DEBUG	protocol/handler.go:1591	have processed broadcast	{"{round 20 3  <nil>}": {"Key":"from","Type":15,"Integer":0,"String":"a","Interface":null}}
2025-08-15T22:13:53.191-0500	DEBUG	protocol/handler.go:1649	have all messages and processed	{"{round 20 3  <nil>}": {"Key":"self","Type":15,"Integer":0,"String":"b","Interface":null}}
2025-08-15T22:13:53.192-0500	DEBUG	protocol/handler.go:596	round already finalized
2025-08-15T22:13:53.214-0500	DEBUG	protocol/handler.go:581	tryAdvanceRound called	{"{current_round 20 3  <nil>}": {"Key":"self","Type":15,"Integer":0,"String":"c","Interface":null}}
2025-08-15T22:13:53.214-0500	DEBUG	protocol/handler.go:1591	have processed broadcast	{"{round 20 3  <nil>}": {"Key":"from","Type":15,"Integer":0,"String":"a","Interface":null}}
2025-08-15T22:13:53.214-0500	DEBUG	protocol/handler.go:1591	have processed broadcast	{"{round 20 3  <nil>}": {"Key":"from","Type":15,"Integer":0,"String":"b","Interface":null}}
2025-08-15T22:13:53.214-0500	DEBUG	protocol/handler.go:1649	have all messages and processed	{"{round 20 3  <nil>}": {"Key":"self","Type":15,"Integer":0,"String":"c","Interface":null}}
2025-08-15T22:13:53.214-0500	DEBUG	protocol/handler.go:596	round already finalized
2025-08-15T22:13:53.214-0500	DEBUG	protocol/handler.go:581	tryAdvanceRound called	{"{current_round 20 3  <nil>}": {"Key":"self","Type":15,"Integer":0,"String":"b","Interface":null}}
2025-08-15T22:13:53.215-0500	DEBUG	protocol/handler.go:1591	have processed broadcast	{"{round 20 3  <nil>}": {"Key":"from","Type":15,"Integer":0,"String":"a","Interface":null}}
2025-08-15T22:13:53.215-0500	DEBUG	protocol/handler.go:1649	have all messages and processed	{"{round 20 3  <nil>}": {"Key":"self","Type":15,"Integer":0,"String":"b","Interface":null}}
2025-08-15T22:13:53.215-0500	DEBUG	protocol/handler.go:596	round already finalized
2025-08-15T22:13:53.215-0500	DEBUG	protocol/handler.go:581	tryAdvanceRound called	{"{current_round 20 3  <nil>}": {"Key":"self","Type":15,"Integer":0,"String":"b","Interface":null}}
2025-08-15T22:13:53.215-0500	DEBUG	protocol/handler.go:1591	have processed broadcast	{"{round 20 3  <nil>}": {"Key":"from","Type":15,"Integer":0,"String":"a","Interface":null}}
2025-08-15T22:13:53.215-0500	DEBUG	protocol/handler.go:1591	have processed broadcast	{"{round 20 3  <nil>}": {"Key":"from","Type":15,"Integer":0,"String":"c","Interface":null}}
2025-08-15T22:13:53.215-0500	DEBUG	protocol/handler.go:1649	have all messages and processed	{"{round 20 3  <nil>}": {"Key":"self","Type":15,"Integer":0,"String":"b","Interface":null}}
2025-08-15T22:13:53.215-0500	DEBUG	protocol/handler.go:596	round already finalized
2025-08-15T22:13:53.237-0500	DEBUG	protocol/handler.go:581	tryAdvanceRound called	{"{current_round 20 3  <nil>}": {"Key":"self","Type":15,"Integer":0,"String":"b","Interface":null}}
2025-08-15T22:13:53.237-0500	DEBUG	protocol/handler.go:1591	have processed broadcast	{"{round 20 3  <nil>}": {"Key":"from","Type":15,"Integer":0,"String":"a","Interface":null}}
2025-08-15T22:13:53.237-0500	DEBUG	protocol/handler.go:1591	have processed broadcast	{"{round 20 3  <nil>}": {"Key":"from","Type":15,"Integer":0,"String":"c","Interface":null}}
2025-08-15T22:13:53.237-0500	DEBUG	protocol/handler.go:1649	have all messages and processed	{"{round 20 3  <nil>}": {"Key":"self","Type":15,"Integer":0,"String":"b","Interface":null}}
2025-08-15T22:13:53.237-0500	DEBUG	protocol/handler.go:596	round already finalized
2025-08-15T22:13:53.237-0500	DEBUG	protocol/handler.go:581	tryAdvanceRound called	{"{current_round 20 3  <nil>}": {"Key":"self","Type":15,"Integer":0,"String":"b","Interface":null}}
2025-08-15T22:13:53.237-0500	DEBUG	protocol/handler.go:1591	have processed broadcast	{"{round 20 3  <nil>}": {"Key":"from","Type":15,"Integer":0,"String":"a","Interface":null}}
2025-08-15T22:13:53.237-0500	DEBUG	protocol/handler.go:1649	have all messages and processed	{"{round 20 3  <nil>}": {"Key":"self","Type":15,"Integer":0,"String":"b","Interface":null}}
2025-08-15T22:13:53.237-0500	DEBUG	protocol/handler.go:596	round already finalized
2025-08-15T22:13:53.237-0500	DEBUG	protocol/handler.go:581	tryAdvanceRound called	{"{current_round 20 3  <nil>}": {"Key":"self","Type":15,"Integer":0,"String":"c","Interface":null}}
2025-08-15T22:13:53.237-0500	DEBUG	protocol/handler.go:1591	have processed broadcast	{"{round 20 3  <nil>}": {"Key":"from","Type":15,"Integer":0,"String":"a","Interface":null}}
2025-08-15T22:13:53.237-0500	DEBUG	protocol/handler.go:1591	have processed broadcast	{"{round 20 3  <nil>}": {"Key":"from","Type":15,"Integer":0,"String":"b","Interface":null}}
2025-08-15T22:13:53.237-0500	DEBUG	protocol/handler.go:1649	have all messages and processed	{"{round 20 3  <nil>}": {"Key":"self","Type":15,"Integer":0,"String":"c","Interface":null}}
2025-08-15T22:13:53.237-0500	DEBUG	protocol/handler.go:596	round already finalized
2025-08-15T22:13:53.259-0500	DEBUG	protocol/handler.go:581	tryAdvanceRound called	{"{current_round 20 3  <nil>}": {"Key":"self","Type":15,"Integer":0,"String":"b","Interface":null}}
2025-08-15T22:13:53.259-0500	DEBUG	protocol/handler.go:1591	have processed broadcast	{"{round 20 3  <nil>}": {"Key":"from","Type":15,"Integer":0,"String":"a","Interface":null}}
2025-08-15T22:13:53.259-0500	DEBUG	protocol/handler.go:1649	have all messages and processed	{"{round 20 3  <nil>}": {"Key":"self","Type":15,"Integer":0,"String":"b","Interface":null}}
2025-08-15T22:13:53.259-0500	DEBUG	protocol/handler.go:596	round already finalized
2025-08-15T22:13:53.259-0500	DEBUG	protocol/handler.go:581	tryAdvanceRound called	{"{current_round 20 3  <nil>}": {"Key":"self","Type":15,"Integer":0,"String":"b","Interface":null}}
2025-08-15T22:13:53.259-0500	DEBUG	protocol/handler.go:1591	have processed broadcast	{"{round 20 3  <nil>}": {"Key":"from","Type":15,"Integer":0,"String":"a","Interface":null}}
2025-08-15T22:13:53.259-0500	DEBUG	protocol/handler.go:1591	have processed broadcast	{"{round 20 3  <nil>}": {"Key":"from","Type":15,"Integer":0,"String":"c","Interface":null}}
2025-08-15T22:13:53.260-0500	DEBUG	protocol/handler.go:1649	have all messages and processed	{"{round 20 3  <nil>}": {"Key":"self","Type":15,"Integer":0,"String":"b","Interface":null}}
2025-08-15T22:13:53.260-0500	DEBUG	protocol/handler.go:596	round already finalized
2025-08-15T22:13:53.260-0500	DEBUG	protocol/handler.go:581	tryAdvanceRound called	{"{current_round 20 3  <nil>}": {"Key":"self","Type":15,"Integer":0,"String":"c","Interface":null}}
2025-08-15T22:13:53.260-0500	DEBUG	protocol/handler.go:1591	have processed broadcast	{"{round 20 3  <nil>}": {"Key":"from","Type":15,"Integer":0,"String":"a","Interface":null}}
2025-08-15T22:13:53.260-0500	DEBUG	protocol/handler.go:1591	have processed broadcast	{"{round 20 3  <nil>}": {"Key":"from","Type":15,"Integer":0,"String":"b","Interface":null}}
2025-08-15T22:13:53.260-0500	DEBUG	protocol/handler.go:1649	have all messages and processed	{"{round 20 3  <nil>}": {"Key":"self","Type":15,"Integer":0,"String":"c","Interface":null}}
2025-08-15T22:13:53.260-0500	DEBUG	protocol/handler.go:596	round already finalized
2025-08-15T22:13:53.284-0500	DEBUG	protocol/handler.go:581	tryAdvanceRound called	{"{current_round 20 3  <nil>}": {"Key":"self","Type":15,"Integer":0,"String":"b","Interface":null}}
2025-08-15T22:13:53.284-0500	DEBUG	protocol/handler.go:1591	have processed broadcast	{"{round 20 3  <nil>}": {"Key":"from","Type":15,"Integer":0,"String":"a","Interface":null}}
2025-08-15T22:13:53.284-0500	DEBUG	protocol/handler.go:1591	have processed broadcast	{"{round 20 3  <nil>}": {"Key":"from","Type":15,"Integer":0,"String":"c","Interface":null}}
2025-08-15T22:13:53.284-0500	DEBUG	protocol/handler.go:1649	have all messages and processed	{"{round 20 3  <nil>}": {"Key":"self","Type":15,"Integer":0,"String":"b","Interface":null}}
2025-08-15T22:13:53.284-0500	DEBUG	protocol/handler.go:596	round already finalized
2025-08-15T22:13:53.284-0500	DEBUG	protocol/handler.go:581	tryAdvanceRound called	{"{current_round 20 3  <nil>}": {"Key":"self","Type":15,"Integer":0,"String":"c","Interface":null}}
2025-08-15T22:13:53.284-0500	DEBUG	protocol/handler.go:1591	have processed broadcast	{"{round 20 3  <nil>}": {"Key":"from","Type":15,"Integer":0,"String":"a","Interface":null}}
2025-08-15T22:13:53.284-0500	DEBUG	protocol/handler.go:1591	have processed broadcast	{"{round 20 3  <nil>}": {"Key":"from","Type":15,"Integer":0,"String":"b","Interface":null}}
2025-08-15T22:13:53.285-0500	DEBUG	protocol/handler.go:1649	have all messages and processed	{"{round 20 3  <nil>}": {"Key":"self","Type":15,"Integer":0,"String":"c","Interface":null}}
2025-08-15T22:13:53.285-0500	DEBUG	protocol/handler.go:596	round already finalized
2025-08-15T22:13:53.285-0500	DEBUG	protocol/handler.go:581	tryAdvanceRound called	{"{current_round 20 3  <nil>}": {"Key":"self","Type":15,"Integer":0,"String":"b","Interface":null}}
2025-08-15T22:13:53.285-0500	DEBUG	protocol/handler.go:1591	have processed broadcast	{"{round 20 3  <nil>}": {"Key":"from","Type":15,"Integer":0,"String":"a","Interface":null}}
2025-08-15T22:13:53.285-0500	DEBUG	protocol/handler.go:1649	have all messages and processed	{"{round 20 3  <nil>}": {"Key":"self","Type":15,"Integer":0,"String":"b","Interface":null}}
2025-08-15T22:13:53.285-0500	DEBUG	protocol/handler.go:596	round already finalized
2025-08-15T22:13:53.307-0500	DEBUG	protocol/handler.go:581	tryAdvanceRound called	{"{current_round 20 3  <nil>}": {"Key":"self","Type":15,"Integer":0,"String":"c","Interface":null}}
2025-08-15T22:13:53.307-0500	DEBUG	protocol/handler.go:1591	have processed broadcast	{"{round 20 3  <nil>}": {"Key":"from","Type":15,"Integer":0,"String":"a","Interface":null}}
2025-08-15T22:13:53.308-0500	DEBUG	protocol/handler.go:1591	have processed broadcast	{"{round 20 3  <nil>}": {"Key":"from","Type":15,"Integer":0,"String":"b","Interface":null}}
2025-08-15T22:13:53.308-0500	DEBUG	protocol/handler.go:1649	have all messages and processed	{"{round 20 3  <nil>}": {"Key":"self","Type":15,"Integer":0,"String":"c","Interface":null}}
2025-08-15T22:13:53.308-0500	DEBUG	protocol/handler.go:596	round already finalized
2025-08-15T22:13:53.308-0500	DEBUG	protocol/handler.go:581	tryAdvanceRound called	{"{current_round 20 3  <nil>}": {"Key":"self","Type":15,"Integer":0,"String":"b","Interface":null}}
2025-08-15T22:13:53.308-0500	DEBUG	protocol/handler.go:1591	have processed broadcast	{"{round 20 3  <nil>}": {"Key":"from","Type":15,"Integer":0,"String":"a","Interface":null}}
2025-08-15T22:13:53.308-0500	DEBUG	protocol/handler.go:1649	have all messages and processed	{"{round 20 3  <nil>}": {"Key":"self","Type":15,"Integer":0,"String":"b","Interface":null}}
2025-08-15T22:13:53.308-0500	DEBUG	protocol/handler.go:596	round already finalized
2025-08-15T22:13:53.308-0500	DEBUG	protocol/handler.go:581	tryAdvanceRound called	{"{current_round 20 3  <nil>}": {"Key":"self","Type":15,"Integer":0,"String":"b","Interface":null}}
2025-08-15T22:13:53.308-0500	DEBUG	protocol/handler.go:1591	have processed broadcast	{"{round 20 3  <nil>}": {"Key":"from","Type":15,"Integer":0,"String":"a","Interface":null}}
2025-08-15T22:13:53.308-0500	DEBUG	protocol/handler.go:1591	have processed broadcast	{"{round 20 3  <nil>}": {"Key":"from","Type":15,"Integer":0,"String":"c","Interface":null}}
2025-08-15T22:13:53.308-0500	DEBUG	protocol/handler.go:1649	have all messages and processed	{"{round 20 3  <nil>}": {"Key":"self","Type":15,"Integer":0,"String":"b","Interface":null}}
2025-08-15T22:13:53.308-0500	DEBUG	protocol/handler.go:596	round already finalized
2025-08-15T22:13:53.309-0500	DEBUG	protocol/handler.go:1039	sendRoundMessage	{"{from 15 0 b <nil>}": {"Key":"to","Type":15,"Integer":0,"String":"c","Interface":null}, "{round 20 4  <nil>}": {"Key":"broadcast","Type":4,"Integer":0,"String":"","Interface":null}}
2025-08-15T22:13:53.310-0500	DEBUG	protocol/handler.go:1081	sent message to output channel	{"{from 15 0 b <nil>}": {"Key":"to","Type":15,"Integer":0,"String":"c","Interface":null}, "{round 20 4  <nil>}": {"Key":"broadcast","Type":4,"Integer":0,"String":"","Interface":null}}
2025-08-15T22:13:53.310-0500	DEBUG	protocol/handler.go:1182	finalized round messages	{"{round 20 3  <nil>}": {"Key":"messages","Type":11,"Integer":3,"String":"","Interface":null}}
2025-08-15T22:13:53.310-0500	DEBUG	protocol/handler.go:1239	finalize returned next round	{"{current 20 3  <nil>}": {"Key":"next","Type":20,"Integer":4,"String":"","Interface":null}}
2025-08-15T22:13:53.310-0500	INFO	protocol/handler.go:642	storing new currentRound	{"{from 20 3  <nil>}": {"Key":"to","Type":20,"Integer":4,"String":"","Interface":null}}
2025-08-15T22:13:53.310-0500	DEBUG	protocol/handler.go:1503	processing queued messages
2025-08-15T22:13:53.310-0500	DEBUG	protocol/handler.go:1503	processing queued messages
2025-08-15T22:13:53.332-0500	DEBUG	protocol/handler.go:581	tryAdvanceRound called	{"{current_round 20 3  <nil>}": {"Key":"self","Type":15,"Integer":0,"String":"b","Interface":null}}
2025-08-15T22:13:53.332-0500	DEBUG	protocol/handler.go:437	processing message	{"{from 15 0 b <nil>}": {"Key":"to","Type":15,"Integer":0,"String":"c","Interface":null}, "{round 20 4  <nil>}": {"Key":"broadcast","Type":4,"Integer":0,"String":"","Interface":null}}
2025-08-15T22:13:53.332-0500	INFO	protocol/handler.go:560	advanced to round
2025-08-15T22:13:53.332-0500	DEBUG	protocol/handler.go:1662	storing message	{"{round 20 4  <nil>}": {"Key":"from","Type":15,"Integer":0,"String":"b","Interface":null}}
2025-08-15T22:13:53.332-0500	DEBUG	protocol/handler.go:581	tryAdvanceRound called	{"{current_round 20 4  <nil>}": {"Key":"self","Type":15,"Integer":0,"String":"b","Interface":null}}
2025-08-15T22:13:53.332-0500	DEBUG	protocol/handler.go:470	message for different round (buffering)	{"{msg_round 20 4  <nil>}": {"Key":"current_round","Type":20,"Integer":3,"String":"","Interface":null}}
2025-08-15T22:13:53.332-0500	DEBUG	protocol/handler.go:581	tryAdvanceRound called	{"{current_round 20 3  <nil>}": {"Key":"self","Type":15,"Integer":0,"String":"c","Interface":null}}
2025-08-15T22:13:53.332-0500	DEBUG	protocol/handler.go:1591	have processed broadcast	{"{round 20 3  <nil>}": {"Key":"from","Type":15,"Integer":0,"String":"a","Interface":null}}
2025-08-15T22:13:53.332-0500	DEBUG	protocol/handler.go:1591	have processed broadcast	{"{round 20 3  <nil>}": {"Key":"from","Type":15,"Integer":0,"String":"b","Interface":null}}
2025-08-15T22:13:53.332-0500	DEBUG	protocol/handler.go:1649	have all messages and processed	{"{round 20 3  <nil>}": {"Key":"self","Type":15,"Integer":0,"String":"c","Interface":null}}
2025-08-15T22:13:53.332-0500	DEBUG	protocol/handler.go:596	round already finalized
2025-08-15T22:13:53.332-0500	DEBUG	protocol/handler.go:1591	have processed broadcast	{"{round 20 3  <nil>}": {"Key":"from","Type":15,"Integer":0,"String":"a","Interface":null}}
2025-08-15T22:13:53.332-0500	DEBUG	protocol/handler.go:1649	have all messages and processed	{"{round 20 3  <nil>}": {"Key":"self","Type":15,"Integer":0,"String":"b","Interface":null}}
2025-08-15T22:13:53.333-0500	DEBUG	protocol/handler.go:596	round already finalized
2025-08-15T22:13:53.338-0500	DEBUG	protocol/handler.go:581	tryAdvanceRound called	{"{current_round 20 3  <nil>}": {"Key":"self","Type":15,"Integer":0,"String":"b","Interface":null}}
2025-08-15T22:13:53.338-0500	DEBUG	protocol/handler.go:1591	have processed broadcast	{"{round 20 3  <nil>}": {"Key":"from","Type":15,"Integer":0,"String":"a","Interface":null}}
2025-08-15T22:13:53.338-0500	DEBUG	protocol/handler.go:1649	have all messages and processed	{"{round 20 3  <nil>}": {"Key":"self","Type":15,"Integer":0,"String":"b","Interface":null}}
2025-08-15T22:13:53.338-0500	DEBUG	protocol/handler.go:596	round already finalized
2025-08-15T22:13:53.338-0500	DEBUG	protocol/handler.go:581	tryAdvanceRound called	{"{current_round 20 3  <nil>}": {"Key":"self","Type":15,"Integer":0,"String":"c","Interface":null}}
2025-08-15T22:13:53.339-0500	DEBUG	protocol/handler.go:1591	have processed broadcast	{"{round 20 3  <nil>}": {"Key":"from","Type":15,"Integer":0,"String":"a","Interface":null}}
2025-08-15T22:13:53.339-0500	DEBUG	protocol/handler.go:1591	have processed broadcast	{"{round 20 3  <nil>}": {"Key":"from","Type":15,"Integer":0,"String":"b","Interface":null}}
2025-08-15T22:13:53.339-0500	DEBUG	protocol/handler.go:1649	have all messages and processed	{"{round 20 3  <nil>}": {"Key":"self","Type":15,"Integer":0,"String":"c","Interface":null}}
2025-08-15T22:13:53.339-0500	DEBUG	protocol/handler.go:596	round already finalized
2025-08-15T22:13:53.348-0500	DEBUG	protocol/handler.go:581	tryAdvanceRound called	{"{current_round 20 3  <nil>}": {"Key":"self","Type":15,"Integer":0,"String":"c","Interface":null}}
2025-08-15T22:13:53.349-0500	DEBUG	protocol/handler.go:1591	have processed broadcast	{"{round 20 3  <nil>}": {"Key":"from","Type":15,"Integer":0,"String":"a","Interface":null}}
2025-08-15T22:13:53.349-0500	DEBUG	protocol/handler.go:1591	have processed broadcast	{"{round 20 3  <nil>}": {"Key":"from","Type":15,"Integer":0,"String":"b","Interface":null}}
2025-08-15T22:13:53.349-0500	DEBUG	protocol/handler.go:1649	have all messages and processed	{"{round 20 3  <nil>}": {"Key":"self","Type":15,"Integer":0,"String":"c","Interface":null}}
2025-08-15T22:13:53.349-0500	DEBUG	protocol/handler.go:596	round already finalized
2025-08-15T22:13:53.356-0500	DEBUG	protocol/handler.go:581	tryAdvanceRound called	{"{current_round 20 3  <nil>}": {"Key":"self","Type":15,"Integer":0,"String":"c","Interface":null}}
2025-08-15T22:13:53.356-0500	DEBUG	protocol/handler.go:1591	have processed broadcast	{"{round 20 3  <nil>}": {"Key":"from","Type":15,"Integer":0,"String":"a","Interface":null}}
2025-08-15T22:13:53.356-0500	DEBUG	protocol/handler.go:1591	have processed broadcast	{"{round 20 3  <nil>}": {"Key":"from","Type":15,"Integer":0,"String":"b","Interface":null}}
2025-08-15T22:13:53.356-0500	DEBUG	protocol/handler.go:1649	have all messages and processed	{"{round 20 3  <nil>}": {"Key":"self","Type":15,"Integer":0,"String":"c","Interface":null}}
2025-08-15T22:13:53.356-0500	DEBUG	protocol/handler.go:596	round already finalized
2025-08-15T22:13:53.367-0500	DEBUG	protocol/handler.go:581	tryAdvanceRound called	{"{current_round 20 3  <nil>}": {"Key":"self","Type":15,"Integer":0,"String":"b","Interface":null}}
2025-08-15T22:13:53.367-0500	DEBUG	protocol/handler.go:1591	have processed broadcast	{"{round 20 3  <nil>}": {"Key":"from","Type":15,"Integer":0,"String":"a","Interface":null}}
2025-08-15T22:13:53.367-0500	DEBUG	protocol/handler.go:1649	have all messages and processed	{"{round 20 3  <nil>}": {"Key":"self","Type":15,"Integer":0,"String":"b","Interface":null}}
2025-08-15T22:13:53.367-0500	DEBUG	protocol/handler.go:596	round already finalized
2025-08-15T22:13:53.367-0500	DEBUG	protocol/handler.go:581	tryAdvanceRound called	{"{current_round 20 3  <nil>}": {"Key":"self","Type":15,"Integer":0,"String":"b","Interface":null}}
2025-08-15T22:13:53.368-0500	DEBUG	protocol/handler.go:581	tryAdvanceRound called	{"{current_round 20 3  <nil>}": {"Key":"self","Type":15,"Integer":0,"String":"c","Interface":null}}
2025-08-15T22:13:53.368-0500	DEBUG	protocol/handler.go:1591	have processed broadcast	{"{round 20 3  <nil>}": {"Key":"from","Type":15,"Integer":0,"String":"a","Interface":null}}
2025-08-15T22:13:53.368-0500	DEBUG	protocol/handler.go:1591	have processed broadcast	{"{round 20 3  <nil>}": {"Key":"from","Type":15,"Integer":0,"String":"b","Interface":null}}
2025-08-15T22:13:53.368-0500	DEBUG	protocol/handler.go:1649	have all messages and processed	{"{round 20 3  <nil>}": {"Key":"self","Type":15,"Integer":0,"String":"c","Interface":null}}
2025-08-15T22:13:53.368-0500	DEBUG	protocol/handler.go:596	round already finalized
2025-08-15T22:13:53.389-0500	DEBUG	protocol/handler.go:581	tryAdvanceRound called	{"{current_round 20 3  <nil>}": {"Key":"self","Type":15,"Integer":0,"String":"c","Interface":null}}
2025-08-15T22:13:53.389-0500	DEBUG	protocol/handler.go:1591	have processed broadcast	{"{round 20 3  <nil>}": {"Key":"from","Type":15,"Integer":0,"String":"a","Interface":null}}
2025-08-15T22:13:53.389-0500	DEBUG	protocol/handler.go:1591	have processed broadcast	{"{round 20 3  <nil>}": {"Key":"from","Type":15,"Integer":0,"String":"a","Interface":null}}
2025-08-15T22:13:53.389-0500	DEBUG	protocol/handler.go:1591	have processed broadcast	{"{round 20 3  <nil>}": {"Key":"from","Type":15,"Integer":0,"String":"b","Interface":null}}
2025-08-15T22:13:53.389-0500	DEBUG	protocol/handler.go:1649	have all messages and processed	{"{round 20 3  <nil>}": {"Key":"self","Type":15,"Integer":0,"String":"b","Interface":null}}
2025-08-15T22:13:53.389-0500	DEBUG	protocol/handler.go:1649	have all messages and processed	{"{round 20 3  <nil>}": {"Key":"self","Type":15,"Integer":0,"String":"c","Interface":null}}
2025-08-15T22:13:53.389-0500	DEBUG	protocol/handler.go:596	round already finalized
2025-08-15T22:13:53.389-0500	DEBUG	protocol/handler.go:596	round already finalized
2025-08-15T22:13:53.389-0500	DEBUG	protocol/handler.go:581	tryAdvanceRound called	{"{current_round 20 3  <nil>}": {"Key":"self","Type":15,"Integer":0,"String":"b","Interface":null}}
2025-08-15T22:13:53.390-0500	DEBUG	protocol/handler.go:1591	have processed broadcast	{"{round 20 3  <nil>}": {"Key":"from","Type":15,"Integer":0,"String":"a","Interface":null}}
2025-08-15T22:13:53.390-0500	DEBUG	protocol/handler.go:1649	have all messages and processed	{"{round 20 3  <nil>}": {"Key":"self","Type":15,"Integer":0,"String":"b","Interface":null}}
2025-08-15T22:13:53.390-0500	DEBUG	protocol/handler.go:596	round already finalized
2025-08-15T22:13:53.414-0500	DEBUG	protocol/handler.go:581	tryAdvanceRound called	{"{current_round 20 3  <nil>}": {"Key":"self","Type":15,"Integer":0,"String":"b","Interface":null}}
2025-08-15T22:13:53.414-0500	DEBUG	protocol/handler.go:1591	have processed broadcast	{"{round 20 3  <nil>}": {"Key":"from","Type":15,"Integer":0,"String":"a","Interface":null}}
2025-08-15T22:13:53.415-0500	DEBUG	protocol/handler.go:1649	have all messages and processed	{"{round 20 3  <nil>}": {"Key":"self","Type":15,"Integer":0,"String":"b","Interface":null}}
2025-08-15T22:13:53.415-0500	DEBUG	protocol/handler.go:596	round already finalized
2025-08-15T22:13:53.415-0500	DEBUG	protocol/handler.go:581	tryAdvanceRound called	{"{current_round 20 3  <nil>}": {"Key":"self","Type":15,"Integer":0,"String":"c","Interface":null}}
2025-08-15T22:13:53.415-0500	DEBUG	protocol/handler.go:1591	have processed broadcast	{"{round 20 3  <nil>}": {"Key":"from","Type":15,"Integer":0,"String":"a","Interface":null}}
2025-08-15T22:13:53.415-0500	DEBUG	protocol/handler.go:1591	have processed broadcast	{"{round 20 3  <nil>}": {"Key":"from","Type":15,"Integer":0,"String":"b","Interface":null}}
2025-08-15T22:13:53.415-0500	DEBUG	protocol/handler.go:1649	have all messages and processed	{"{round 20 3  <nil>}": {"Key":"self","Type":15,"Integer":0,"String":"c","Interface":null}}
2025-08-15T22:13:53.415-0500	DEBUG	protocol/handler.go:596	round already finalized
2025-08-15T22:13:53.439-0500	DEBUG	protocol/handler.go:581	tryAdvanceRound called	{"{current_round 20 3  <nil>}": {"Key":"self","Type":15,"Integer":0,"String":"c","Interface":null}}
2025-08-15T22:13:53.439-0500	DEBUG	protocol/handler.go:1591	have processed broadcast	{"{round 20 3  <nil>}": {"Key":"from","Type":15,"Integer":0,"String":"a","Interface":null}}
2025-08-15T22:13:53.439-0500	DEBUG	protocol/handler.go:1591	have processed broadcast	{"{round 20 3  <nil>}": {"Key":"from","Type":15,"Integer":0,"String":"b","Interface":null}}
2025-08-15T22:13:53.439-0500	DEBUG	protocol/handler.go:1649	have all messages and processed	{"{round 20 3  <nil>}": {"Key":"self","Type":15,"Integer":0,"String":"c","Interface":null}}
2025-08-15T22:13:53.439-0500	DEBUG	protocol/handler.go:596	round already finalized
2025-08-15T22:13:53.439-0500	DEBUG	protocol/handler.go:581	tryAdvanceRound called	{"{current_round 20 3  <nil>}": {"Key":"self","Type":15,"Integer":0,"String":"b","Interface":null}}
2025-08-15T22:13:53.439-0500	DEBUG	protocol/handler.go:1591	have processed broadcast	{"{round 20 3  <nil>}": {"Key":"from","Type":15,"Integer":0,"String":"a","Interface":null}}
2025-08-15T22:13:53.439-0500	DEBUG	protocol/handler.go:1649	have all messages and processed	{"{round 20 3  <nil>}": {"Key":"self","Type":15,"Integer":0,"String":"b","Interface":null}}
2025-08-15T22:13:53.440-0500	DEBUG	protocol/handler.go:596	round already finalized
2025-08-15T22:13:53.462-0500	DEBUG	protocol/handler.go:581	tryAdvanceRound called	{"{current_round 20 3  <nil>}": {"Key":"self","Type":15,"Integer":0,"String":"c","Interface":null}}
2025-08-15T22:13:53.462-0500	DEBUG	protocol/handler.go:1591	have processed broadcast	{"{round 20 3  <nil>}": {"Key":"from","Type":15,"Integer":0,"String":"a","Interface":null}}
2025-08-15T22:13:53.462-0500	DEBUG	protocol/handler.go:1591	have processed broadcast	{"{round 20 3  <nil>}": {"Key":"from","Type":15,"Integer":0,"String":"b","Interface":null}}
2025-08-15T22:13:53.462-0500	DEBUG	protocol/handler.go:1649	have all messages and processed	{"{round 20 3  <nil>}": {"Key":"self","Type":15,"Integer":0,"String":"c","Interface":null}}
2025-08-15T22:13:53.462-0500	DEBUG	protocol/handler.go:596	round already finalized
2025-08-15T22:13:53.462-0500	DEBUG	protocol/handler.go:581	tryAdvanceRound called	{"{current_round 20 3  <nil>}": {"Key":"self","Type":15,"Integer":0,"String":"b","Interface":null}}
2025-08-15T22:13:53.462-0500	DEBUG	protocol/handler.go:1591	have processed broadcast	{"{round 20 3  <nil>}": {"Key":"from","Type":15,"Integer":0,"String":"a","Interface":null}}
2025-08-15T22:13:53.462-0500	DEBUG	protocol/handler.go:1649	have all messages and processed	{"{round 20 3  <nil>}": {"Key":"self","Type":15,"Integer":0,"String":"b","Interface":null}}
2025-08-15T22:13:53.462-0500	DEBUG	protocol/handler.go:596	round already finalized
2025-08-15T22:13:53.484-0500	DEBUG	protocol/handler.go:581	tryAdvanceRound called	{"{current_round 20 3  <nil>}": {"Key":"self","Type":15,"Integer":0,"String":"c","Interface":null}}
2025-08-15T22:13:53.485-0500	DEBUG	protocol/handler.go:1591	have processed broadcast	{"{round 20 3  <nil>}": {"Key":"from","Type":15,"Integer":0,"String":"a","Interface":null}}
2025-08-15T22:13:53.485-0500	DEBUG	protocol/handler.go:1591	have processed broadcast	{"{round 20 3  <nil>}": {"Key":"from","Type":15,"Integer":0,"String":"b","Interface":null}}
2025-08-15T22:13:53.485-0500	DEBUG	protocol/handler.go:1649	have all messages and processed	{"{round 20 3  <nil>}": {"Key":"self","Type":15,"Integer":0,"String":"c","Interface":null}}
2025-08-15T22:13:53.485-0500	DEBUG	protocol/handler.go:596	round already finalized
2025-08-15T22:13:53.485-0500	DEBUG	protocol/handler.go:581	tryAdvanceRound called	{"{current_round 20 3  <nil>}": {"Key":"self","Type":15,"Integer":0,"String":"b","Interface":null}}
2025-08-15T22:13:53.485-0500	DEBUG	protocol/handler.go:1591	have processed broadcast	{"{round 20 3  <nil>}": {"Key":"from","Type":15,"Integer":0,"String":"a","Interface":null}}
2025-08-15T22:13:53.485-0500	DEBUG	protocol/handler.go:1649	have all messages and processed	{"{round 20 3  <nil>}": {"Key":"self","Type":15,"Integer":0,"String":"b","Interface":null}}
2025-08-15T22:13:53.485-0500	DEBUG	protocol/handler.go:596	round already finalized
2025-08-15T22:13:53.507-0500	DEBUG	protocol/handler.go:581	tryAdvanceRound called	{"{current_round 20 3  <nil>}": {"Key":"self","Type":15,"Integer":0,"String":"c","Interface":null}}
2025-08-15T22:13:53.507-0500	DEBUG	protocol/handler.go:1591	have processed broadcast	{"{round 20 3  <nil>}": {"Key":"from","Type":15,"Integer":0,"String":"a","Interface":null}}
2025-08-15T22:13:53.507-0500	DEBUG	protocol/handler.go:1591	have processed broadcast	{"{round 20 3  <nil>}": {"Key":"from","Type":15,"Integer":0,"String":"b","Interface":null}}
2025-08-15T22:13:53.507-0500	DEBUG	protocol/handler.go:1649	have all messages and processed	{"{round 20 3  <nil>}": {"Key":"self","Type":15,"Integer":0,"String":"c","Interface":null}}
2025-08-15T22:13:53.507-0500	DEBUG	protocol/handler.go:596	round already finalized
2025-08-15T22:13:53.507-0500	DEBUG	protocol/handler.go:581	tryAdvanceRound called	{"{current_round 20 3  <nil>}": {"Key":"self","Type":15,"Integer":0,"String":"b","Interface":null}}
2025-08-15T22:13:53.507-0500	DEBUG	protocol/handler.go:1591	have processed broadcast	{"{round 20 3  <nil>}": {"Key":"from","Type":15,"Integer":0,"String":"a","Interface":null}}
2025-08-15T22:13:53.508-0500	DEBUG	protocol/handler.go:1649	have all messages and processed	{"{round 20 3  <nil>}": {"Key":"self","Type":15,"Integer":0,"String":"b","Interface":null}}
2025-08-15T22:13:53.508-0500	DEBUG	protocol/handler.go:596	round already finalized
2025-08-15T22:13:53.524-0500	DEBUG	protocol/handler.go:1039	sendRoundMessage	{"{from 15 0 c <nil>}": {"Key":"to","Type":15,"Integer":0,"String":"b","Interface":null}, "{round 20 4  <nil>}": {"Key":"broadcast","Type":4,"Integer":0,"String":"","Interface":null}}
2025-08-15T22:13:53.524-0500	DEBUG	protocol/handler.go:1081	sent message to output channel	{"{from 15 0 c <nil>}": {"Key":"to","Type":15,"Integer":0,"String":"b","Interface":null}, "{round 20 4  <nil>}": {"Key":"broadcast","Type":4,"Integer":0,"String":"","Interface":null}}
2025-08-15T22:13:53.524-0500	DEBUG	protocol/handler.go:1182	finalized round messages	{"{round 20 3  <nil>}": {"Key":"messages","Type":11,"Integer":3,"String":"","Interface":null}}
2025-08-15T22:13:53.524-0500	DEBUG	protocol/handler.go:1239	finalize returned next round	{"{current 20 3  <nil>}": {"Key":"next","Type":20,"Integer":4,"String":"","Interface":null}}
2025-08-15T22:13:53.524-0500	INFO	protocol/handler.go:642	storing new currentRound	{"{from 20 3  <nil>}": {"Key":"to","Type":20,"Integer":4,"String":"","Interface":null}}
2025-08-15T22:13:53.524-0500	DEBUG	protocol/handler.go:1503	processing queued messages
2025-08-15T22:13:53.524-0500	DEBUG	protocol/handler.go:1503	processing queued messages
2025-08-15T22:13:53.530-0500	DEBUG	protocol/handler.go:581	tryAdvanceRound called	{"{current_round 20 3  <nil>}": {"Key":"self","Type":15,"Integer":0,"String":"b","Interface":null}}
2025-08-15T22:13:53.530-0500	DEBUG	protocol/handler.go:1591	have processed broadcast	{"{round 20 3  <nil>}": {"Key":"from","Type":15,"Integer":0,"String":"a","Interface":null}}
2025-08-15T22:13:53.530-0500	DEBUG	protocol/handler.go:1649	have all messages and processed	{"{round 20 3  <nil>}": {"Key":"self","Type":15,"Integer":0,"String":"b","Interface":null}}
2025-08-15T22:13:53.530-0500	DEBUG	protocol/handler.go:596	round already finalized
2025-08-15T22:13:53.530-0500	INFO	protocol/handler.go:560	advanced to round
2025-08-15T22:13:53.531-0500	DEBUG	protocol/handler.go:581	tryAdvanceRound called	{"{current_round 20 4  <nil>}": {"Key":"self","Type":15,"Integer":0,"String":"c","Interface":null}}
2025-08-15T22:13:53.541-0500	DEBUG	protocol/handler.go:437	processing message	{"{from 15 0 c <nil>}": {"Key":"to","Type":15,"Integer":0,"String":"b","Interface":null}, "{round 20 4  <nil>}": {"Key":"broadcast","Type":4,"Integer":0,"String":"","Interface":null}}
2025-08-15T22:13:53.541-0500	DEBUG	protocol/handler.go:1662	storing message	{"{round 20 4  <nil>}": {"Key":"from","Type":15,"Integer":0,"String":"c","Interface":null}}
2025-08-15T22:13:53.561-0500	DEBUG	protocol/handler.go:581	tryAdvanceRound called	{"{current_round 20 3  <nil>}": {"Key":"self","Type":15,"Integer":0,"String":"b","Interface":null}}
2025-08-15T22:13:53.562-0500	DEBUG	protocol/handler.go:1591	have processed broadcast	{"{round 20 3  <nil>}": {"Key":"from","Type":15,"Integer":0,"String":"a","Interface":null}}
2025-08-15T22:13:53.562-0500	DEBUG	protocol/handler.go:1649	have all messages and processed	{"{round 20 3  <nil>}": {"Key":"self","Type":15,"Integer":0,"String":"b","Interface":null}}
2025-08-15T22:13:53.562-0500	DEBUG	protocol/handler.go:596	round already finalized
2025-08-15T22:13:53.575-0500	DEBUG	protocol/handler.go:581	tryAdvanceRound called	{"{current_round 20 3  <nil>}": {"Key":"self","Type":15,"Integer":0,"String":"b","Interface":null}}
2025-08-15T22:13:53.578-0500	DEBUG	protocol/handler.go:1591	have processed broadcast	{"{round 20 3  <nil>}": {"Key":"from","Type":15,"Integer":0,"String":"a","Interface":null}}
2025-08-15T22:13:53.581-0500	DEBUG	protocol/handler.go:1649	have all messages and processed	{"{round 20 3  <nil>}": {"Key":"self","Type":15,"Integer":0,"String":"b","Interface":null}}
2025-08-15T22:13:53.581-0500	DEBUG	protocol/handler.go:596	round already finalized
2025-08-15T22:13:53.581-0500	DEBUG	protocol/handler.go:581	tryAdvanceRound called	{"{current_round 20 3  <nil>}": {"Key":"self","Type":15,"Integer":0,"String":"b","Interface":null}}
2025-08-15T22:13:53.581-0500	DEBUG	protocol/handler.go:1591	have processed broadcast	{"{round 20 3  <nil>}": {"Key":"from","Type":15,"Integer":0,"String":"a","Interface":null}}
2025-08-15T22:13:53.581-0500	DEBUG	protocol/handler.go:1649	have all messages and processed	{"{round 20 3  <nil>}": {"Key":"self","Type":15,"Integer":0,"String":"b","Interface":null}}
2025-08-15T22:13:53.581-0500	DEBUG	protocol/handler.go:596	round already finalized
2025-08-15T22:13:53.600-0500	DEBUG	protocol/handler.go:581	tryAdvanceRound called	{"{current_round 20 3  <nil>}": {"Key":"self","Type":15,"Integer":0,"String":"b","Interface":null}}
2025-08-15T22:13:53.600-0500	DEBUG	protocol/handler.go:1591	have processed broadcast	{"{round 20 3  <nil>}": {"Key":"from","Type":15,"Integer":0,"String":"a","Interface":null}}
2025-08-15T22:13:53.600-0500	DEBUG	protocol/handler.go:1649	have all messages and processed	{"{round 20 3  <nil>}": {"Key":"self","Type":15,"Integer":0,"String":"b","Interface":null}}
2025-08-15T22:13:53.600-0500	DEBUG	protocol/handler.go:596	round already finalized
2025-08-15T22:13:53.625-0500	DEBUG	protocol/handler.go:581	tryAdvanceRound called	{"{current_round 20 3  <nil>}": {"Key":"self","Type":15,"Integer":0,"String":"b","Interface":null}}
2025-08-15T22:13:53.625-0500	DEBUG	protocol/handler.go:1591	have processed broadcast	{"{round 20 3  <nil>}": {"Key":"from","Type":15,"Integer":0,"String":"a","Interface":null}}
2025-08-15T22:13:53.625-0500	DEBUG	protocol/handler.go:1649	have all messages and processed	{"{round 20 3  <nil>}": {"Key":"self","Type":15,"Integer":0,"String":"b","Interface":null}}
2025-08-15T22:13:53.625-0500	DEBUG	protocol/handler.go:596	round already finalized
2025-08-15T22:13:53.649-0500	DEBUG	protocol/handler.go:581	tryAdvanceRound called	{"{current_round 20 3  <nil>}": {"Key":"self","Type":15,"Integer":0,"String":"b","Interface":null}}
2025-08-15T22:13:53.649-0500	DEBUG	protocol/handler.go:1591	have processed broadcast	{"{round 20 3  <nil>}": {"Key":"from","Type":15,"Integer":0,"String":"a","Interface":null}}
2025-08-15T22:13:53.649-0500	DEBUG	protocol/handler.go:1649	have all messages and processed	{"{round 20 3  <nil>}": {"Key":"self","Type":15,"Integer":0,"String":"b","Interface":null}}
2025-08-15T22:13:53.649-0500	DEBUG	protocol/handler.go:596	round already finalized
2025-08-15T22:13:53.674-0500	DEBUG	protocol/handler.go:581	tryAdvanceRound called	{"{current_round 20 3  <nil>}": {"Key":"self","Type":15,"Integer":0,"String":"b","Interface":null}}
2025-08-15T22:13:53.674-0500	DEBUG	protocol/handler.go:1591	have processed broadcast	{"{round 20 3  <nil>}": {"Key":"from","Type":15,"Integer":0,"String":"a","Interface":null}}
2025-08-15T22:13:53.674-0500	DEBUG	protocol/handler.go:1649	have all messages and processed	{"{round 20 3  <nil>}": {"Key":"self","Type":15,"Integer":0,"String":"b","Interface":null}}
2025-08-15T22:13:53.674-0500	DEBUG	protocol/handler.go:596	round already finalized
2025-08-15T22:13:53.683-0500	DEBUG	protocol/handler.go:581	tryAdvanceRound called	{"{current_round 20 3  <nil>}": {"Key":"self","Type":15,"Integer":0,"String":"b","Interface":null}}
2025-08-15T22:13:53.683-0500	DEBUG	protocol/handler.go:1591	have processed broadcast	{"{round 20 3  <nil>}": {"Key":"from","Type":15,"Integer":0,"String":"a","Interface":null}}
2025-08-15T22:13:53.683-0500	DEBUG	protocol/handler.go:1649	have all messages and processed	{"{round 20 3  <nil>}": {"Key":"self","Type":15,"Integer":0,"String":"b","Interface":null}}
2025-08-15T22:13:53.683-0500	DEBUG	protocol/handler.go:596	round already finalized
2025-08-15T22:13:53.694-0500	DEBUG	protocol/handler.go:581	tryAdvanceRound called	{"{current_round 20 3  <nil>}": {"Key":"self","Type":15,"Integer":0,"String":"b","Interface":null}}
2025-08-15T22:13:53.696-0500	DEBUG	protocol/handler.go:1591	have processed broadcast	{"{round 20 3  <nil>}": {"Key":"from","Type":15,"Integer":0,"String":"a","Interface":null}}
2025-08-15T22:13:53.696-0500	DEBUG	protocol/handler.go:1649	have all messages and processed	{"{round 20 3  <nil>}": {"Key":"self","Type":15,"Integer":0,"String":"b","Interface":null}}
2025-08-15T22:13:53.696-0500	DEBUG	protocol/handler.go:596	round already finalized
2025-08-15T22:13:53.724-0500	DEBUG	protocol/handler.go:581	tryAdvanceRound called	{"{current_round 20 3  <nil>}": {"Key":"self","Type":15,"Integer":0,"String":"b","Interface":null}}
2025-08-15T22:13:53.724-0500	DEBUG	protocol/handler.go:1591	have processed broadcast	{"{round 20 3  <nil>}": {"Key":"from","Type":15,"Integer":0,"String":"a","Interface":null}}
2025-08-15T22:13:53.724-0500	DEBUG	protocol/handler.go:1649	have all messages and processed	{"{round 20 3  <nil>}": {"Key":"self","Type":15,"Integer":0,"String":"b","Interface":null}}
2025-08-15T22:13:53.724-0500	DEBUG	protocol/handler.go:596	round already finalized
2025-08-15T22:13:53.755-0500	DEBUG	protocol/handler.go:581	tryAdvanceRound called	{"{current_round 20 3  <nil>}": {"Key":"self","Type":15,"Integer":0,"String":"b","Interface":null}}
2025-08-15T22:13:53.755-0500	DEBUG	protocol/handler.go:1591	have processed broadcast	{"{round 20 3  <nil>}": {"Key":"from","Type":15,"Integer":0,"String":"a","Interface":null}}
2025-08-15T22:13:53.755-0500	DEBUG	protocol/handler.go:1649	have all messages and processed	{"{round 20 3  <nil>}": {"Key":"self","Type":15,"Integer":0,"String":"b","Interface":null}}
2025-08-15T22:13:53.755-0500	DEBUG	protocol/handler.go:596	round already finalized
2025-08-15T22:13:53.758-0500	DEBUG	protocol/handler.go:581	tryAdvanceRound called	{"{current_round 20 3  <nil>}": {"Key":"self","Type":15,"Integer":0,"String":"b","Interface":null}}
2025-08-15T22:13:53.758-0500	DEBUG	protocol/handler.go:1591	have processed broadcast	{"{round 20 3  <nil>}": {"Key":"from","Type":15,"Integer":0,"String":"a","Interface":null}}
2025-08-15T22:13:53.758-0500	DEBUG	protocol/handler.go:1649	have all messages and processed	{"{round 20 3  <nil>}": {"Key":"self","Type":15,"Integer":0,"String":"b","Interface":null}}
2025-08-15T22:13:53.758-0500	DEBUG	protocol/handler.go:596	round already finalized
2025-08-15T22:13:53.949-0500	DEBUG	protocol/handler.go:581	tryAdvanceRound called	{"{current_round 20 3  <nil>}": {"Key":"self","Type":15,"Integer":0,"String":"b","Interface":null}}
2025-08-15T22:13:53.949-0500	DEBUG	protocol/handler.go:1591	have processed broadcast	{"{round 20 3  <nil>}": {"Key":"from","Type":15,"Integer":0,"String":"a","Interface":null}}
2025-08-15T22:13:53.949-0500	DEBUG	protocol/handler.go:1649	have all messages and processed	{"{round 20 3  <nil>}": {"Key":"self","Type":15,"Integer":0,"String":"b","Interface":null}}
2025-08-15T22:13:53.949-0500	DEBUG	protocol/handler.go:596	round already finalized
2025-08-15T22:13:53.971-0500	DEBUG	protocol/handler.go:581	tryAdvanceRound called	{"{current_round 20 3  <nil>}": {"Key":"self","Type":15,"Integer":0,"String":"b","Interface":null}}
2025-08-15T22:13:53.971-0500	DEBUG	protocol/handler.go:1591	have processed broadcast	{"{round 20 3  <nil>}": {"Key":"from","Type":15,"Integer":0,"String":"a","Interface":null}}
2025-08-15T22:13:53.971-0500	DEBUG	protocol/handler.go:1649	have all messages and processed	{"{round 20 3  <nil>}": {"Key":"self","Type":15,"Integer":0,"String":"b","Interface":null}}
2025-08-15T22:13:53.971-0500	DEBUG	protocol/handler.go:596	round already finalized
2025-08-15T22:13:53.996-0500	DEBUG	protocol/handler.go:581	tryAdvanceRound called	{"{current_round 20 3  <nil>}": {"Key":"self","Type":15,"Integer":0,"String":"b","Interface":null}}
2025-08-15T22:13:53.996-0500	DEBUG	protocol/handler.go:1591	have processed broadcast	{"{round 20 3  <nil>}": {"Key":"from","Type":15,"Integer":0,"String":"a","Interface":null}}
2025-08-15T22:13:53.996-0500	DEBUG	protocol/handler.go:1649	have all messages and processed	{"{round 20 3  <nil>}": {"Key":"self","Type":15,"Integer":0,"String":"b","Interface":null}}
2025-08-15T22:13:53.996-0500	DEBUG	protocol/handler.go:596	round already finalized
2025-08-15T22:13:54.020-0500	DEBUG	protocol/handler.go:581	tryAdvanceRound called	{"{current_round 20 3  <nil>}": {"Key":"self","Type":15,"Integer":0,"String":"b","Interface":null}}
2025-08-15T22:13:54.020-0500	DEBUG	protocol/handler.go:1591	have processed broadcast	{"{round 20 3  <nil>}": {"Key":"from","Type":15,"Integer":0,"String":"a","Interface":null}}
2025-08-15T22:13:54.020-0500	DEBUG	protocol/handler.go:1649	have all messages and processed	{"{round 20 3  <nil>}": {"Key":"self","Type":15,"Integer":0,"String":"b","Interface":null}}
2025-08-15T22:13:54.020-0500	DEBUG	protocol/handler.go:596	round already finalized
2025-08-15T22:13:54.044-0500	DEBUG	protocol/handler.go:581	tryAdvanceRound called	{"{current_round 20 3  <nil>}": {"Key":"self","Type":15,"Integer":0,"String":"b","Interface":null}}
2025-08-15T22:13:54.044-0500	DEBUG	protocol/handler.go:1591	have processed broadcast	{"{round 20 3  <nil>}": {"Key":"from","Type":15,"Integer":0,"String":"a","Interface":null}}
2025-08-15T22:13:54.044-0500	DEBUG	protocol/handler.go:1649	have all messages and processed	{"{round 20 3  <nil>}": {"Key":"self","Type":15,"Integer":0,"String":"b","Interface":null}}
2025-08-15T22:13:54.044-0500	DEBUG	protocol/handler.go:596	round already finalized
==================
WARNING: DATA RACE
Read at 0x00c00047eef8 by goroutine 267:
  github.com/cronokirby/saferith.maskEnd()
      /Users/z/go/pkg/mod/github.com/cronokirby/saferith@v0.33.0/num.go:261 +0x1b4
  github.com/cronokirby/saferith.(*Nat).resizedLimbs()
      /Users/z/go/pkg/mod/github.com/cronokirby/saferith@v0.33.0/num.go:252 +0x16c
  github.com/cronokirby/saferith.(*Nat).Cmp()
      /Users/z/go/pkg/mod/github.com/cronokirby/saferith@v0.33.0/num.go:1410 +0x7c
  github.com/cronokirby/saferith.(*Nat).CmpMod()
      /Users/z/go/pkg/mod/github.com/cronokirby/saferith@v0.33.0/num.go:1430 +0x74
  github.com/luxfi/threshold/pkg/math/arith.IsValidNatModN()
      /Users/z/work/lux/threshold/pkg/math/arith/int.go:16 +0x78
  github.com/luxfi/threshold/pkg/pedersen.ValidateParameters()
      /Users/z/work/lux/threshold/pkg/pedersen/pedersen.go:49 +0x78
  github.com/luxfi/threshold/pkg/zk/prm.(*Proof).Verify()
      /Users/z/work/lux/threshold/pkg/zk/prm/prm.go:84 +0xa0
  github.com/luxfi/threshold/protocols/cmp/keygen.(*round4).StoreBroadcastMessage()
      /Users/z/work/lux/threshold/protocols/cmp/keygen/round4.go:84 +0x2c4
  github.com/luxfi/threshold/pkg/protocol.(*Handler).verifyBroadcastForRound()
      /Users/z/work/lux/threshold/pkg/protocol/handler.go:1277 +0x3a0
  github.com/luxfi/threshold/pkg/protocol.(*Handler).processQueuedMessages()
      /Users/z/work/lux/threshold/pkg/protocol/handler.go:1542 +0x404
  github.com/luxfi/threshold/pkg/protocol.(*Handler).tryAdvanceRound.gowrap2()
      /Users/z/work/lux/threshold/pkg/protocol/handler.go:673 +0x40

Previous write at 0x00c00047eef8 by goroutine 119:
  github.com/cronokirby/saferith.maskEnd()
      /Users/z/go/pkg/mod/github.com/cronokirby/saferith@v0.33.0/num.go:261 +0x1cc
  github.com/cronokirby/saferith.(*Nat).resizedLimbs()
      /Users/z/go/pkg/mod/github.com/cronokirby/saferith@v0.33.0/num.go:252 +0x16c
  github.com/cronokirby/saferith.(*Nat).Cmp()
      /Users/z/go/pkg/mod/github.com/cronokirby/saferith@v0.33.0/num.go:1410 +0x7c
  github.com/cronokirby/saferith.(*Nat).CmpMod()
      /Users/z/go/pkg/mod/github.com/cronokirby/saferith@v0.33.0/num.go:1430 +0x74
  github.com/luxfi/threshold/pkg/math/arith.IsValidNatModN()
      /Users/z/work/lux/threshold/pkg/math/arith/int.go:16 +0x78
  github.com/luxfi/threshold/pkg/pedersen.ValidateParameters()
      /Users/z/work/lux/threshold/pkg/pedersen/pedersen.go:49 +0x78
  github.com/luxfi/threshold/pkg/zk/prm.(*Proof).Verify()
      /Users/z/work/lux/threshold/pkg/zk/prm/prm.go:84 +0xa0
  github.com/luxfi/threshold/protocols/cmp/keygen.(*round4).StoreBroadcastMessage()
      /Users/z/work/lux/threshold/protocols/cmp/keygen/round4.go:84 +0x2c4
  github.com/luxfi/threshold/pkg/protocol.(*Handler).verifyBroadcastForRound()
      /Users/z/work/lux/threshold/pkg/protocol/handler.go:1277 +0x3a0
  github.com/luxfi/threshold/pkg/protocol.(*Handler).retryUnprocessedMessages()
      /Users/z/work/lux/threshold/pkg/protocol/handler.go:1483 +0x22c
  github.com/luxfi/threshold/pkg/protocol.(*Handler).tryAdvanceRound()
      /Users/z/work/lux/threshold/pkg/protocol/handler.go:587 +0x28c
  github.com/luxfi/threshold/pkg/protocol.(*Handler).roundProcessor()
      /Users/z/work/lux/threshold/pkg/protocol/handler.go:569 +0xb4
  github.com/luxfi/threshold/pkg/protocol.(*Handler).startWorkers.func1()
      /Users/z/work/lux/threshold/pkg/protocol/handler.go:374 +0x78

Goroutine 267 (running) created at:
  github.com/luxfi/threshold/pkg/protocol.(*Handler).tryAdvanceRound()
      /Users/z/work/lux/threshold/pkg/protocol/handler.go:673 +0x12e4
  github.com/luxfi/threshold/pkg/protocol.(*Handler).processMessage()
      /Users/z/work/lux/threshold/pkg/protocol/handler.go:486 +0xbb0
  github.com/luxfi/threshold/pkg/protocol.(*Handler).messageWorker()
      /Users/z/work/lux/threshold/pkg/protocol/handler.go:408 +0x338
  github.com/luxfi/threshold/pkg/protocol.(*Handler).startWorkers.gowrap2()
      /Users/z/work/lux/threshold/pkg/protocol/handler.go:361 +0x44

Goroutine 119 (running) created at:
  github.com/luxfi/threshold/pkg/protocol.(*Handler).startWorkers()
      /Users/z/work/lux/threshold/pkg/protocol/handler.go:372 +0x4fc
  github.com/luxfi/threshold/pkg/protocol.NewHandler()
      /Users/z/work/lux/threshold/pkg/protocol/handler.go:247 +0xf10
  github.com/luxfi/threshold/internal/test.(*Harness).CreateHandler()
      /Users/z/work/lux/threshold/internal/test/harness.go:91 +0x2e4
  github.com/luxfi/threshold/internal/test.RunProtocol()
      /Users/z/work/lux/threshold/internal/test/harness.go:270 +0x230
  github.com/luxfi/threshold/protocols/cmp_test.TestCMPBasicKeygen()
      /Users/z/work/lux/threshold/protocols/cmp/cmp_basic_test.go:35 +0x29c
  testing.tRunner()
      /opt/homebrew/Cellar/go/1.24.6/libexec/src/testing/testing.go:1792 +0x180
  testing.(*T).Run.gowrap1()
      /opt/homebrew/Cellar/go/1.24.6/libexec/src/testing/testing.go:1851 +0x40
==================
==================
WARNING: DATA RACE
Read at 0x00c00047edf8 by goroutine 267:
  github.com/cronokirby/saferith.maskEnd()
      /Users/z/go/pkg/mod/github.com/cronokirby/saferith@v0.33.0/num.go:261 +0x1b4
  github.com/cronokirby/saferith.(*Nat).resizedLimbs()
      /Users/z/go/pkg/mod/github.com/cronokirby/saferith@v0.33.0/num.go:252 +0x16c
  github.com/cronokirby/saferith.(*Nat).Cmp()
      /Users/z/go/pkg/mod/github.com/cronokirby/saferith@v0.33.0/num.go:1411 +0x90
  github.com/cronokirby/saferith.(*Nat).CmpMod()
      /Users/z/go/pkg/mod/github.com/cronokirby/saferith@v0.33.0/num.go:1430 +0x74
  github.com/luxfi/threshold/pkg/math/arith.IsValidNatModN()
      /Users/z/work/lux/threshold/pkg/math/arith/int.go:16 +0x78
  github.com/luxfi/threshold/pkg/pedersen.ValidateParameters()
      /Users/z/work/lux/threshold/pkg/pedersen/pedersen.go:49 +0x78
  github.com/luxfi/threshold/pkg/zk/prm.(*Proof).Verify()
      /Users/z/work/lux/threshold/pkg/zk/prm/prm.go:84 +0xa0
  github.com/luxfi/threshold/protocols/cmp/keygen.(*round4).StoreBroadcastMessage()
      /Users/z/work/lux/threshold/protocols/cmp/keygen/round4.go:84 +0x2c4
  github.com/luxfi/threshold/pkg/protocol.(*Handler).verifyBroadcastForRound()
      /Users/z/work/lux/threshold/pkg/protocol/handler.go:1277 +0x3a0
  github.com/luxfi/threshold/pkg/protocol.(*Handler).processQueuedMessages()
      /Users/z/work/lux/threshold/pkg/protocol/handler.go:1542 +0x404
  github.com/luxfi/threshold/pkg/protocol.(*Handler).tryAdvanceRound.gowrap2()
      /Users/z/work/lux/threshold/pkg/protocol/handler.go:673 +0x40

Previous write at 0x00c00047edf8 by goroutine 119:
  github.com/cronokirby/saferith.maskEnd()
      /Users/z/go/pkg/mod/github.com/cronokirby/saferith@v0.33.0/num.go:261 +0x1cc
  github.com/cronokirby/saferith.(*Nat).resizedLimbs()
      /Users/z/go/pkg/mod/github.com/cronokirby/saferith@v0.33.0/num.go:252 +0x16c
  github.com/cronokirby/saferith.(*Nat).Cmp()
      /Users/z/go/pkg/mod/github.com/cronokirby/saferith@v0.33.0/num.go:1411 +0x90
  github.com/cronokirby/saferith.(*Nat).CmpMod()
      /Users/z/go/pkg/mod/github.com/cronokirby/saferith@v0.33.0/num.go:1430 +0x74
  github.com/luxfi/threshold/pkg/math/arith.IsValidNatModN()
      /Users/z/work/lux/threshold/pkg/math/arith/int.go:16 +0x78
  github.com/luxfi/threshold/pkg/pedersen.ValidateParameters()
      /Users/z/work/lux/threshold/pkg/pedersen/pedersen.go:49 +0x78
  github.com/luxfi/threshold/pkg/zk/prm.(*Proof).Verify()
      /Users/z/work/lux/threshold/pkg/zk/prm/prm.go:84 +0xa0
  github.com/luxfi/threshold/protocols/cmp/keygen.(*round4).StoreBroadcastMessage()
      /Users/z/work/lux/threshold/protocols/cmp/keygen/round4.go:84 +0x2c4
  github.com/luxfi/threshold/pkg/protocol.(*Handler).verifyBroadcastForRound()
      /Users/z/work/lux/threshold/pkg/protocol/handler.go:1277 +0x3a0
  github.com/luxfi/threshold/pkg/protocol.(*Handler).retryUnprocessedMessages()
      /Users/z/work/lux/threshold/pkg/protocol/handler.go:1483 +0x22c
  github.com/luxfi/threshold/pkg/protocol.(*Handler).tryAdvanceRound()
      /Users/z/work/lux/threshold/pkg/protocol/handler.go:587 +0x28c
  github.com/luxfi/threshold/pkg/protocol.(*Handler).roundProcessor()
      /Users/z/work/lux/threshold/pkg/protocol/handler.go:569 +0xb4
  github.com/luxfi/threshold/pkg/protocol.(*Handler).startWorkers.func1()
      /Users/z/work/lux/threshold/pkg/protocol/handler.go:374 +0x78

Goroutine 267 (running) created at:
  github.com/luxfi/threshold/pkg/protocol.(*Handler).tryAdvanceRound()
      /Users/z/work/lux/threshold/pkg/protocol/handler.go:673 +0x12e4
  github.com/luxfi/threshold/pkg/protocol.(*Handler).processMessage()
      /Users/z/work/lux/threshold/pkg/protocol/handler.go:486 +0xbb0
  github.com/luxfi/threshold/pkg/protocol.(*Handler).messageWorker()
      /Users/z/work/lux/threshold/pkg/protocol/handler.go:408 +0x338
  github.com/luxfi/threshold/pkg/protocol.(*Handler).startWorkers.gowrap2()
      /Users/z/work/lux/threshold/pkg/protocol/handler.go:361 +0x44

Goroutine 119 (running) created at:
  github.com/luxfi/threshold/pkg/protocol.(*Handler).startWorkers()
      /Users/z/work/lux/threshold/pkg/protocol/handler.go:372 +0x4fc
  github.com/luxfi/threshold/pkg/protocol.NewHandler()
      /Users/z/work/lux/threshold/pkg/protocol/handler.go:247 +0xf10
  github.com/luxfi/threshold/internal/test.(*Harness).CreateHandler()
      /Users/z/work/lux/threshold/internal/test/harness.go:91 +0x2e4
  github.com/luxfi/threshold/internal/test.RunProtocol()
      /Users/z/work/lux/threshold/internal/test/harness.go:270 +0x230
  github.com/luxfi/threshold/protocols/cmp_test.TestCMPBasicKeygen()
      /Users/z/work/lux/threshold/protocols/cmp/cmp_basic_test.go:35 +0x29c
  testing.tRunner()
      /opt/homebrew/Cellar/go/1.24.6/libexec/src/testing/testing.go:1792 +0x180
  testing.(*T).Run.gowrap1()
      /opt/homebrew/Cellar/go/1.24.6/libexec/src/testing/testing.go:1851 +0x40
==================
==================
WARNING: DATA RACE
Write at 0x00c00047eff8 by goroutine 267:
  github.com/cronokirby/saferith.maskEnd()
      /Users/z/go/pkg/mod/github.com/cronokirby/saferith@v0.33.0/num.go:261 +0x1cc
  github.com/cronokirby/saferith.(*Nat).resizedLimbs()
      /Users/z/go/pkg/mod/github.com/cronokirby/saferith@v0.33.0/num.go:252 +0x16c
  github.com/cronokirby/saferith.(*Nat).Cmp()
      /Users/z/go/pkg/mod/github.com/cronokirby/saferith@v0.33.0/num.go:1410 +0x7c
  github.com/cronokirby/saferith.(*Nat).CmpMod()
      /Users/z/go/pkg/mod/github.com/cronokirby/saferith@v0.33.0/num.go:1430 +0x74
  github.com/luxfi/threshold/pkg/math/arith.IsValidNatModN()
      /Users/z/work/lux/threshold/pkg/math/arith/int.go:16 +0x78
  github.com/luxfi/threshold/pkg/pedersen.ValidateParameters()
      /Users/z/work/lux/threshold/pkg/pedersen/pedersen.go:49 +0x78
  github.com/luxfi/threshold/pkg/zk/prm.(*Proof).Verify()
      /Users/z/work/lux/threshold/pkg/zk/prm/prm.go:84 +0xa0
  github.com/luxfi/threshold/protocols/cmp/keygen.(*round4).StoreBroadcastMessage()
      /Users/z/work/lux/threshold/protocols/cmp/keygen/round4.go:84 +0x2c4
  github.com/luxfi/threshold/pkg/protocol.(*Handler).verifyBroadcastForRound()
      /Users/z/work/lux/threshold/pkg/protocol/handler.go:1277 +0x3a0
  github.com/luxfi/threshold/pkg/protocol.(*Handler).processQueuedMessages()
      /Users/z/work/lux/threshold/pkg/protocol/handler.go:1542 +0x404
  github.com/luxfi/threshold/pkg/protocol.(*Handler).tryAdvanceRound.gowrap2()
      /Users/z/work/lux/threshold/pkg/protocol/handler.go:673 +0x40

Previous read at 0x00c00047eff8 by goroutine 119:
  runtime.slicecopy()
      /opt/homebrew/Cellar/go/1.24.6/libexec/src/runtime/slice.go:355 +0x0
  github.com/cronokirby/saferith.(*Nat).Coprime()
      /Users/z/go/pkg/mod/github.com/cronokirby/saferith@v0.33.0/num.go:1705 +0xcc
  github.com/cronokirby/saferith.(*Nat).IsUnit()
      /Users/z/go/pkg/mod/github.com/cronokirby/saferith@v0.33.0/num.go:1729 +0x88
  github.com/luxfi/threshold/pkg/math/arith.IsValidNatModN()
      /Users/z/work/lux/threshold/pkg/math/arith/int.go:19 +0x8c
  github.com/luxfi/threshold/pkg/pedersen.ValidateParameters()
      /Users/z/work/lux/threshold/pkg/pedersen/pedersen.go:49 +0x78
  github.com/luxfi/threshold/pkg/zk/prm.(*Proof).Verify()
      /Users/z/work/lux/threshold/pkg/zk/prm/prm.go:84 +0xa0
  github.com/luxfi/threshold/protocols/cmp/keygen.(*round4).StoreBroadcastMessage()
      /Users/z/work/lux/threshold/protocols/cmp/keygen/round4.go:84 +0x2c4
  github.com/luxfi/threshold/pkg/protocol.(*Handler).verifyBroadcastForRound()
      /Users/z/work/lux/threshold/pkg/protocol/handler.go:1277 +0x3a0
  github.com/luxfi/threshold/pkg/protocol.(*Handler).retryUnprocessedMessages()
      /Users/z/work/lux/threshold/pkg/protocol/handler.go:1483 +0x22c
  github.com/luxfi/threshold/pkg/protocol.(*Handler).tryAdvanceRound()
      /Users/z/work/lux/threshold/pkg/protocol/handler.go:587 +0x28c
  github.com/luxfi/threshold/pkg/protocol.(*Handler).roundProcessor()
      /Users/z/work/lux/threshold/pkg/protocol/handler.go:569 +0xb4
  github.com/luxfi/threshold/pkg/protocol.(*Handler).startWorkers.func1()
      /Users/z/work/lux/threshold/pkg/protocol/handler.go:374 +0x78

Goroutine 267 (running) created at:
  github.com/luxfi/threshold/pkg/protocol.(*Handler).tryAdvanceRound()
      /Users/z/work/lux/threshold/pkg/protocol/handler.go:673 +0x12e4
  github.com/luxfi/threshold/pkg/protocol.(*Handler).processMessage()
      /Users/z/work/lux/threshold/pkg/protocol/handler.go:486 +0xbb0
  github.com/luxfi/threshold/pkg/protocol.(*Handler).messageWorker()
      /Users/z/work/lux/threshold/pkg/protocol/handler.go:408 +0x338
  github.com/luxfi/threshold/pkg/protocol.(*Handler).startWorkers.gowrap2()
      /Users/z/work/lux/threshold/pkg/protocol/handler.go:361 +0x44

Goroutine 119 (running) created at:
  github.com/luxfi/threshold/pkg/protocol.(*Handler).startWorkers()
      /Users/z/work/lux/threshold/pkg/protocol/handler.go:372 +0x4fc
  github.com/luxfi/threshold/pkg/protocol.NewHandler()
      /Users/z/work/lux/threshold/pkg/protocol/handler.go:247 +0xf10
  github.com/luxfi/threshold/internal/test.(*Harness).CreateHandler()
      /Users/z/work/lux/threshold/internal/test/harness.go:91 +0x2e4
  github.com/luxfi/threshold/internal/test.RunProtocol()
      /Users/z/work/lux/threshold/internal/test/harness.go:270 +0x230
  github.com/luxfi/threshold/protocols/cmp_test.TestCMPBasicKeygen()
      /Users/z/work/lux/threshold/protocols/cmp/cmp_basic_test.go:35 +0x29c
  testing.tRunner()
      /opt/homebrew/Cellar/go/1.24.6/libexec/src/testing/testing.go:1792 +0x180
  testing.(*T).Run.gowrap1()
      /opt/homebrew/Cellar/go/1.24.6/libexec/src/testing/testing.go:1851 +0x40
==================
2025-08-15T22:13:54.067-0500	DEBUG	protocol/handler.go:581	tryAdvanceRound called	{"{current_round 20 3  <nil>}": {"Key":"self","Type":15,"Integer":0,"String":"b","Interface":null}}
2025-08-15T22:13:54.067-0500	DEBUG	protocol/handler.go:1591	have processed broadcast	{"{round 20 3  <nil>}": {"Key":"from","Type":15,"Integer":0,"String":"a","Interface":null}}
2025-08-15T22:13:54.067-0500	DEBUG	protocol/handler.go:1649	have all messages and processed	{"{round 20 3  <nil>}": {"Key":"self","Type":15,"Integer":0,"String":"b","Interface":null}}
2025-08-15T22:13:54.067-0500	DEBUG	protocol/handler.go:596	round already finalized
==================
WARNING: DATA RACE
Read at 0x00c00047eef8 by goroutine 119:
  github.com/cronokirby/saferith.maskEnd()
      /Users/z/go/pkg/mod/github.com/cronokirby/saferith@v0.33.0/num.go:261 +0x1b4
  github.com/cronokirby/saferith.(*Nat).resizedLimbs()
      /Users/z/go/pkg/mod/github.com/cronokirby/saferith@v0.33.0/num.go:252 +0x16c
  github.com/cronokirby/saferith.(*Nat).Cmp()
      /Users/z/go/pkg/mod/github.com/cronokirby/saferith@v0.33.0/num.go:1410 +0x7c
  github.com/luxfi/threshold/pkg/pedersen.ValidateParameters()
      /Users/z/work/lux/threshold/pkg/pedersen/pedersen.go:53 +0x88
  github.com/luxfi/threshold/pkg/zk/prm.(*Proof).Verify()
      /Users/z/work/lux/threshold/pkg/zk/prm/prm.go:84 +0xa0
  github.com/luxfi/threshold/protocols/cmp/keygen.(*round4).StoreBroadcastMessage()
      /Users/z/work/lux/threshold/protocols/cmp/keygen/round4.go:84 +0x2c4
  github.com/luxfi/threshold/pkg/protocol.(*Handler).verifyBroadcastForRound()
      /Users/z/work/lux/threshold/pkg/protocol/handler.go:1277 +0x3a0
  github.com/luxfi/threshold/pkg/protocol.(*Handler).retryUnprocessedMessages()
      /Users/z/work/lux/threshold/pkg/protocol/handler.go:1483 +0x22c
  github.com/luxfi/threshold/pkg/protocol.(*Handler).tryAdvanceRound()
      /Users/z/work/lux/threshold/pkg/protocol/handler.go:587 +0x28c
  github.com/luxfi/threshold/pkg/protocol.(*Handler).roundProcessor()
      /Users/z/work/lux/threshold/pkg/protocol/handler.go:569 +0xb4
  github.com/luxfi/threshold/pkg/protocol.(*Handler).startWorkers.func1()
      /Users/z/work/lux/threshold/pkg/protocol/handler.go:374 +0x78

Previous write at 0x00c00047eef8 by goroutine 267:
  github.com/cronokirby/saferith.maskEnd()
      /Users/z/go/pkg/mod/github.com/cronokirby/saferith@v0.33.0/num.go:261 +0x1cc
  github.com/cronokirby/saferith.(*Nat).resizedLimbs()
      /Users/z/go/pkg/mod/github.com/cronokirby/saferith@v0.33.0/num.go:252 +0x16c
  github.com/cronokirby/saferith.(*Nat).Cmp()
      /Users/z/go/pkg/mod/github.com/cronokirby/saferith@v0.33.0/num.go:1410 +0x7c
  github.com/cronokirby/saferith.(*Nat).CmpMod()
      /Users/z/go/pkg/mod/github.com/cronokirby/saferith@v0.33.0/num.go:1430 +0x74
  github.com/luxfi/threshold/pkg/math/arith.IsValidNatModN()
      /Users/z/work/lux/threshold/pkg/math/arith/int.go:16 +0x78
  github.com/luxfi/threshold/pkg/pedersen.ValidateParameters()
      /Users/z/work/lux/threshold/pkg/pedersen/pedersen.go:49 +0x78
  github.com/luxfi/threshold/pkg/zk/prm.(*Proof).Verify()
      /Users/z/work/lux/threshold/pkg/zk/prm/prm.go:84 +0xa0
  github.com/luxfi/threshold/protocols/cmp/keygen.(*round4).StoreBroadcastMessage()
      /Users/z/work/lux/threshold/protocols/cmp/keygen/round4.go:84 +0x2c4
  github.com/luxfi/threshold/pkg/protocol.(*Handler).verifyBroadcastForRound()
      /Users/z/work/lux/threshold/pkg/protocol/handler.go:1277 +0x3a0
  github.com/luxfi/threshold/pkg/protocol.(*Handler).processQueuedMessages()
      /Users/z/work/lux/threshold/pkg/protocol/handler.go:1542 +0x404
  github.com/luxfi/threshold/pkg/protocol.(*Handler).tryAdvanceRound.gowrap2()
      /Users/z/work/lux/threshold/pkg/protocol/handler.go:673 +0x40

Goroutine 119 (running) created at:
  github.com/luxfi/threshold/pkg/protocol.(*Handler).startWorkers()
      /Users/z/work/lux/threshold/pkg/protocol/handler.go:372 +0x4fc
  github.com/luxfi/threshold/pkg/protocol.NewHandler()
      /Users/z/work/lux/threshold/pkg/protocol/handler.go:247 +0xf10
  github.com/luxfi/threshold/internal/test.(*Harness).CreateHandler()
      /Users/z/work/lux/threshold/internal/test/harness.go:91 +0x2e4
  github.com/luxfi/threshold/internal/test.RunProtocol()
      /Users/z/work/lux/threshold/internal/test/harness.go:270 +0x230
  github.com/luxfi/threshold/protocols/cmp_test.TestCMPBasicKeygen()
      /Users/z/work/lux/threshold/protocols/cmp/cmp_basic_test.go:35 +0x29c
  testing.tRunner()
      /opt/homebrew/Cellar/go/1.24.6/libexec/src/testing/testing.go:1792 +0x180
  testing.(*T).Run.gowrap1()
      /opt/homebrew/Cellar/go/1.24.6/libexec/src/testing/testing.go:1851 +0x40

Goroutine 267 (running) created at:
  github.com/luxfi/threshold/pkg/protocol.(*Handler).tryAdvanceRound()
      /Users/z/work/lux/threshold/pkg/protocol/handler.go:673 +0x12e4
  github.com/luxfi/threshold/pkg/protocol.(*Handler).processMessage()
      /Users/z/work/lux/threshold/pkg/protocol/handler.go:486 +0xbb0
  github.com/luxfi/threshold/pkg/protocol.(*Handler).messageWorker()
      /Users/z/work/lux/threshold/pkg/protocol/handler.go:408 +0x338
  github.com/luxfi/threshold/pkg/protocol.(*Handler).startWorkers.gowrap2()
      /Users/z/work/lux/threshold/pkg/protocol/handler.go:361 +0x44
==================
==================
WARNING: DATA RACE
Write at 0x00c00047eff8 by goroutine 119:
  github.com/cronokirby/saferith.maskEnd()
      /Users/z/go/pkg/mod/github.com/cronokirby/saferith@v0.33.0/num.go:261 +0x1cc
  github.com/cronokirby/saferith.(*Nat).resizedLimbs()
      /Users/z/go/pkg/mod/github.com/cronokirby/saferith@v0.33.0/num.go:252 +0x16c
  github.com/cronokirby/saferith.(*Nat).Cmp()
      /Users/z/go/pkg/mod/github.com/cronokirby/saferith@v0.33.0/num.go:1411 +0x90
  github.com/luxfi/threshold/pkg/pedersen.ValidateParameters()
      /Users/z/work/lux/threshold/pkg/pedersen/pedersen.go:53 +0x88
  github.com/luxfi/threshold/pkg/zk/prm.(*Proof).Verify()
      /Users/z/work/lux/threshold/pkg/zk/prm/prm.go:84 +0xa0
  github.com/luxfi/threshold/protocols/cmp/keygen.(*round4).StoreBroadcastMessage()
      /Users/z/work/lux/threshold/protocols/cmp/keygen/round4.go:84 +0x2c4
  github.com/luxfi/threshold/pkg/protocol.(*Handler).verifyBroadcastForRound()
      /Users/z/work/lux/threshold/pkg/protocol/handler.go:1277 +0x3a0
  github.com/luxfi/threshold/pkg/protocol.(*Handler).retryUnprocessedMessages()
      /Users/z/work/lux/threshold/pkg/protocol/handler.go:1483 +0x22c
  github.com/luxfi/threshold/pkg/protocol.(*Handler).tryAdvanceRound()
      /Users/z/work/lux/threshold/pkg/protocol/handler.go:587 +0x28c
  github.com/luxfi/threshold/pkg/protocol.(*Handler).roundProcessor()
      /Users/z/work/lux/threshold/pkg/protocol/handler.go:569 +0xb4
  github.com/luxfi/threshold/pkg/protocol.(*Handler).startWorkers.func1()
      /Users/z/work/lux/threshold/pkg/protocol/handler.go:374 +0x78

Previous read at 0x00c00047eff8 by goroutine 267:
  runtime.slicecopy()
      /opt/homebrew/Cellar/go/1.24.6/libexec/src/runtime/slice.go:355 +0x0
  github.com/cronokirby/saferith.(*Nat).Coprime()
      /Users/z/go/pkg/mod/github.com/cronokirby/saferith@v0.33.0/num.go:1705 +0xcc
  github.com/cronokirby/saferith.(*Nat).IsUnit()
      /Users/z/go/pkg/mod/github.com/cronokirby/saferith@v0.33.0/num.go:1729 +0x88
  github.com/luxfi/threshold/pkg/math/arith.IsValidNatModN()
      /Users/z/work/lux/threshold/pkg/math/arith/int.go:19 +0x8c
  github.com/luxfi/threshold/pkg/pedersen.ValidateParameters()
      /Users/z/work/lux/threshold/pkg/pedersen/pedersen.go:49 +0x78
  github.com/luxfi/threshold/pkg/zk/prm.(*Proof).Verify()
      /Users/z/work/lux/threshold/pkg/zk/prm/prm.go:84 +0xa0
  github.com/luxfi/threshold/protocols/cmp/keygen.(*round4).StoreBroadcastMessage()
      /Users/z/work/lux/threshold/protocols/cmp/keygen/round4.go:84 +0x2c4
  github.com/luxfi/threshold/pkg/protocol.(*Handler).verifyBroadcastForRound()
      /Users/z/work/lux/threshold/pkg/protocol/handler.go:1277 +0x3a0
  github.com/luxfi/threshold/pkg/protocol.(*Handler).processQueuedMessages()
      /Users/z/work/lux/threshold/pkg/protocol/handler.go:1542 +0x404
  github.com/luxfi/threshold/pkg/protocol.(*Handler).tryAdvanceRound.gowrap2()
      /Users/z/work/lux/threshold/pkg/protocol/handler.go:673 +0x40

Goroutine 119 (running) created at:
  github.com/luxfi/threshold/pkg/protocol.(*Handler).startWorkers()
      /Users/z/work/lux/threshold/pkg/protocol/handler.go:372 +0x4fc
  github.com/luxfi/threshold/pkg/protocol.NewHandler()
      /Users/z/work/lux/threshold/pkg/protocol/handler.go:247 +0xf10
  github.com/luxfi/threshold/internal/test.(*Harness).CreateHandler()
      /Users/z/work/lux/threshold/internal/test/harness.go:91 +0x2e4
  github.com/luxfi/threshold/internal/test.RunProtocol()
      /Users/z/work/lux/threshold/internal/test/harness.go:270 +0x230
  github.com/luxfi/threshold/protocols/cmp_test.TestCMPBasicKeygen()
      /Users/z/work/lux/threshold/protocols/cmp/cmp_basic_test.go:35 +0x29c
  testing.tRunner()
      /opt/homebrew/Cellar/go/1.24.6/libexec/src/testing/testing.go:1792 +0x180
  testing.(*T).Run.gowrap1()
      /opt/homebrew/Cellar/go/1.24.6/libexec/src/testing/testing.go:1851 +0x40

Goroutine 267 (running) created at:
  github.com/luxfi/threshold/pkg/protocol.(*Handler).tryAdvanceRound()
      /Users/z/work/lux/threshold/pkg/protocol/handler.go:673 +0x12e4
  github.com/luxfi/threshold/pkg/protocol.(*Handler).processMessage()
      /Users/z/work/lux/threshold/pkg/protocol/handler.go:486 +0xbb0
  github.com/luxfi/threshold/pkg/protocol.(*Handler).messageWorker()
      /Users/z/work/lux/threshold/pkg/protocol/handler.go:408 +0x338
  github.com/luxfi/threshold/pkg/protocol.(*Handler).startWorkers.gowrap2()
      /Users/z/work/lux/threshold/pkg/protocol/handler.go:361 +0x44
==================
==================
WARNING: DATA RACE
Read at 0x00c00047edf8 by goroutine 119:
  github.com/cronokirby/saferith.(*Nat).Big()
      /Users/z/go/pkg/mod/github.com/cronokirby/saferith@v0.33.0/num.go:490 +0x110
  github.com/cronokirby/saferith.(*Modulus).Big()
      /Users/z/go/pkg/mod/github.com/cronokirby/saferith@v0.33.0/num.go:685 +0xd4
  github.com/luxfi/threshold/pkg/zk/prm.(*Proof).Verify()
      /Users/z/work/lux/threshold/pkg/zk/prm/prm.go:88 +0xa8
  github.com/luxfi/threshold/protocols/cmp/keygen.(*round4).StoreBroadcastMessage()
      /Users/z/work/lux/threshold/protocols/cmp/keygen/round4.go:84 +0x2c4
  github.com/luxfi/threshold/pkg/protocol.(*Handler).verifyBroadcastForRound()
      /Users/z/work/lux/threshold/pkg/protocol/handler.go:1277 +0x3a0
  github.com/luxfi/threshold/pkg/protocol.(*Handler).retryUnprocessedMessages()
      /Users/z/work/lux/threshold/pkg/protocol/handler.go:1483 +0x22c
  github.com/luxfi/threshold/pkg/protocol.(*Handler).tryAdvanceRound()
      /Users/z/work/lux/threshold/pkg/protocol/handler.go:587 +0x28c
  github.com/luxfi/threshold/pkg/protocol.(*Handler).roundProcessor()
      /Users/z/work/lux/threshold/pkg/protocol/handler.go:569 +0xb4
  github.com/luxfi/threshold/pkg/protocol.(*Handler).startWorkers.func1()
      /Users/z/work/lux/threshold/pkg/protocol/handler.go:374 +0x78

Previous write at 0x00c00047edf8 by goroutine 267:
  github.com/cronokirby/saferith.maskEnd()
      /Users/z/go/pkg/mod/github.com/cronokirby/saferith@v0.33.0/num.go:261 +0x1cc
  github.com/cronokirby/saferith.(*Nat).resizedLimbs()
      /Users/z/go/pkg/mod/github.com/cronokirby/saferith@v0.33.0/num.go:252 +0x16c
  github.com/cronokirby/saferith.(*Nat).Cmp()
      /Users/z/go/pkg/mod/github.com/cronokirby/saferith@v0.33.0/num.go:1411 +0x90
  github.com/cronokirby/saferith.(*Nat).CmpMod()
      /Users/z/go/pkg/mod/github.com/cronokirby/saferith@v0.33.0/num.go:1430 +0x74
  github.com/luxfi/threshold/pkg/math/arith.IsValidNatModN()
      /Users/z/work/lux/threshold/pkg/math/arith/int.go:16 +0x78
  github.com/luxfi/threshold/pkg/pedersen.ValidateParameters()
      /Users/z/work/lux/threshold/pkg/pedersen/pedersen.go:49 +0x78
  github.com/luxfi/threshold/pkg/zk/prm.(*Proof).Verify()
      /Users/z/work/lux/threshold/pkg/zk/prm/prm.go:84 +0xa0
  github.com/luxfi/threshold/protocols/cmp/keygen.(*round4).StoreBroadcastMessage()
      /Users/z/work/lux/threshold/protocols/cmp/keygen/round4.go:84 +0x2c4
  github.com/luxfi/threshold/pkg/protocol.(*Handler).verifyBroadcastForRound()
      /Users/z/work/lux/threshold/pkg/protocol/handler.go:1277 +0x3a0
  github.com/luxfi/threshold/pkg/protocol.(*Handler).processQueuedMessages()
      /Users/z/work/lux/threshold/pkg/protocol/handler.go:1542 +0x404
  github.com/luxfi/threshold/pkg/protocol.(*Handler).tryAdvanceRound.gowrap2()
      /Users/z/work/lux/threshold/pkg/protocol/handler.go:673 +0x40

Goroutine 119 (running) created at:
  github.com/luxfi/threshold/pkg/protocol.(*Handler).startWorkers()
      /Users/z/work/lux/threshold/pkg/protocol/handler.go:372 +0x4fc
  github.com/luxfi/threshold/pkg/protocol.NewHandler()
      /Users/z/work/lux/threshold/pkg/protocol/handler.go:247 +0xf10
  github.com/luxfi/threshold/internal/test.(*Harness).CreateHandler()
      /Users/z/work/lux/threshold/internal/test/harness.go:91 +0x2e4
  github.com/luxfi/threshold/internal/test.RunProtocol()
      /Users/z/work/lux/threshold/internal/test/harness.go:270 +0x230
  github.com/luxfi/threshold/protocols/cmp_test.TestCMPBasicKeygen()
      /Users/z/work/lux/threshold/protocols/cmp/cmp_basic_test.go:35 +0x29c
  testing.tRunner()
      /opt/homebrew/Cellar/go/1.24.6/libexec/src/testing/testing.go:1792 +0x180
  testing.(*T).Run.gowrap1()
      /opt/homebrew/Cellar/go/1.24.6/libexec/src/testing/testing.go:1851 +0x40

Goroutine 267 (running) created at:
  github.com/luxfi/threshold/pkg/protocol.(*Handler).tryAdvanceRound()
      /Users/z/work/lux/threshold/pkg/protocol/handler.go:673 +0x12e4
  github.com/luxfi/threshold/pkg/protocol.(*Handler).processMessage()
      /Users/z/work/lux/threshold/pkg/protocol/handler.go:486 +0xbb0
  github.com/luxfi/threshold/pkg/protocol.(*Handler).messageWorker()
      /Users/z/work/lux/threshold/pkg/protocol/handler.go:408 +0x338
  github.com/luxfi/threshold/pkg/protocol.(*Handler).startWorkers.gowrap2()
      /Users/z/work/lux/threshold/pkg/protocol/handler.go:361 +0x44
==================
==================
WARNING: DATA RACE
Read at 0x00c00047eef8 by goroutine 267:
  github.com/cronokirby/saferith.maskEnd()
      /Users/z/go/pkg/mod/github.com/cronokirby/saferith@v0.33.0/num.go:261 +0x1b4
  github.com/cronokirby/saferith.(*Nat).resizedLimbs()
      /Users/z/go/pkg/mod/github.com/cronokirby/saferith@v0.33.0/num.go:252 +0x16c
  github.com/cronokirby/saferith.(*Nat).Cmp()
      /Users/z/go/pkg/mod/github.com/cronokirby/saferith@v0.33.0/num.go:1410 +0x7c
  github.com/luxfi/threshold/pkg/pedersen.ValidateParameters()
      /Users/z/work/lux/threshold/pkg/pedersen/pedersen.go:53 +0x88
  github.com/luxfi/threshold/pkg/zk/prm.(*Proof).Verify()
      /Users/z/work/lux/threshold/pkg/zk/prm/prm.go:84 +0xa0
  github.com/luxfi/threshold/protocols/cmp/keygen.(*round4).StoreBroadcastMessage()
      /Users/z/work/lux/threshold/protocols/cmp/keygen/round4.go:84 +0x2c4
  github.com/luxfi/threshold/pkg/protocol.(*Handler).verifyBroadcastForRound()
      /Users/z/work/lux/threshold/pkg/protocol/handler.go:1277 +0x3a0
  github.com/luxfi/threshold/pkg/protocol.(*Handler).processQueuedMessages()
      /Users/z/work/lux/threshold/pkg/protocol/handler.go:1542 +0x404
  github.com/luxfi/threshold/pkg/protocol.(*Handler).tryAdvanceRound.gowrap2()
      /Users/z/work/lux/threshold/pkg/protocol/handler.go:673 +0x40

Previous write at 0x00c00047eef8 by goroutine 119:
  github.com/cronokirby/saferith.maskEnd()
      /Users/z/go/pkg/mod/github.com/cronokirby/saferith@v0.33.0/num.go:261 +0x1cc
  github.com/cronokirby/saferith.(*Nat).resizedLimbs()
      /Users/z/go/pkg/mod/github.com/cronokirby/saferith@v0.33.0/num.go:252 +0x16c
  github.com/cronokirby/saferith.(*Nat).Cmp()
      /Users/z/go/pkg/mod/github.com/cronokirby/saferith@v0.33.0/num.go:1410 +0x7c
  github.com/luxfi/threshold/pkg/pedersen.ValidateParameters()
      /Users/z/work/lux/threshold/pkg/pedersen/pedersen.go:53 +0x88
  github.com/luxfi/threshold/pkg/zk/prm.(*Proof).Verify()
      /Users/z/work/lux/threshold/pkg/zk/prm/prm.go:84 +0xa0
  github.com/luxfi/threshold/protocols/cmp/keygen.(*round4).StoreBroadcastMessage()
      /Users/z/work/lux/threshold/protocols/cmp/keygen/round4.go:84 +0x2c4
  github.com/luxfi/threshold/pkg/protocol.(*Handler).verifyBroadcastForRound()
      /Users/z/work/lux/threshold/pkg/protocol/handler.go:1277 +0x3a0
  github.com/luxfi/threshold/pkg/protocol.(*Handler).retryUnprocessedMessages()
      /Users/z/work/lux/threshold/pkg/protocol/handler.go:1483 +0x22c
  github.com/luxfi/threshold/pkg/protocol.(*Handler).tryAdvanceRound()
      /Users/z/work/lux/threshold/pkg/protocol/handler.go:587 +0x28c
  github.com/luxfi/threshold/pkg/protocol.(*Handler).roundProcessor()
      /Users/z/work/lux/threshold/pkg/protocol/handler.go:569 +0xb4
  github.com/luxfi/threshold/pkg/protocol.(*Handler).startWorkers.func1()
      /Users/z/work/lux/threshold/pkg/protocol/handler.go:374 +0x78

Goroutine 267 (running) created at:
  github.com/luxfi/threshold/pkg/protocol.(*Handler).tryAdvanceRound()
      /Users/z/work/lux/threshold/pkg/protocol/handler.go:673 +0x12e4
  github.com/luxfi/threshold/pkg/protocol.(*Handler).processMessage()
      /Users/z/work/lux/threshold/pkg/protocol/handler.go:486 +0xbb0
  github.com/luxfi/threshold/pkg/protocol.(*Handler).messageWorker()
      /Users/z/work/lux/threshold/pkg/protocol/handler.go:408 +0x338
  github.com/luxfi/threshold/pkg/protocol.(*Handler).startWorkers.gowrap2()
      /Users/z/work/lux/threshold/pkg/protocol/handler.go:361 +0x44

Goroutine 119 (running) created at:
  github.com/luxfi/threshold/pkg/protocol.(*Handler).startWorkers()
      /Users/z/work/lux/threshold/pkg/protocol/handler.go:372 +0x4fc
  github.com/luxfi/threshold/pkg/protocol.NewHandler()
      /Users/z/work/lux/threshold/pkg/protocol/handler.go:247 +0xf10
  github.com/luxfi/threshold/internal/test.(*Harness).CreateHandler()
      /Users/z/work/lux/threshold/internal/test/harness.go:91 +0x2e4
  github.com/luxfi/threshold/internal/test.RunProtocol()
      /Users/z/work/lux/threshold/internal/test/harness.go:270 +0x230
  github.com/luxfi/threshold/protocols/cmp_test.TestCMPBasicKeygen()
      /Users/z/work/lux/threshold/protocols/cmp/cmp_basic_test.go:35 +0x29c
  testing.tRunner()
      /opt/homebrew/Cellar/go/1.24.6/libexec/src/testing/testing.go:1792 +0x180
  testing.(*T).Run.gowrap1()
      /opt/homebrew/Cellar/go/1.24.6/libexec/src/testing/testing.go:1851 +0x40
==================
==================
WARNING: DATA RACE
Write at 0x00c00047eef8 by goroutine 267:
  github.com/cronokirby/saferith.maskEnd()
      /Users/z/go/pkg/mod/github.com/cronokirby/saferith@v0.33.0/num.go:261 +0x1cc
  github.com/cronokirby/saferith.(*Nat).resizedLimbs()
      /Users/z/go/pkg/mod/github.com/cronokirby/saferith@v0.33.0/num.go:252 +0x16c
  github.com/cronokirby/saferith.(*Nat).Cmp()
      /Users/z/go/pkg/mod/github.com/cronokirby/saferith@v0.33.0/num.go:1410 +0x7c
  github.com/luxfi/threshold/pkg/pedersen.ValidateParameters()
      /Users/z/work/lux/threshold/pkg/pedersen/pedersen.go:53 +0x88
  github.com/luxfi/threshold/pkg/zk/prm.(*Proof).Verify()
      /Users/z/work/lux/threshold/pkg/zk/prm/prm.go:84 +0xa0
  github.com/luxfi/threshold/protocols/cmp/keygen.(*round4).StoreBroadcastMessage()
      /Users/z/work/lux/threshold/protocols/cmp/keygen/round4.go:84 +0x2c4
  github.com/luxfi/threshold/pkg/protocol.(*Handler).verifyBroadcastForRound()
      /Users/z/work/lux/threshold/pkg/protocol/handler.go:1277 +0x3a0
  github.com/luxfi/threshold/pkg/protocol.(*Handler).processQueuedMessages()
      /Users/z/work/lux/threshold/pkg/protocol/handler.go:1542 +0x404
  github.com/luxfi/threshold/pkg/protocol.(*Handler).tryAdvanceRound.gowrap2()
      /Users/z/work/lux/threshold/pkg/protocol/handler.go:673 +0x40

Previous read at 0x00c00047eef8 by goroutine 119:
  github.com/cronokirby/saferith.(*Nat).Cmp()
      /Users/z/go/pkg/mod/github.com/cronokirby/saferith@v0.33.0/num.go:1416 +0xc0
  github.com/luxfi/threshold/pkg/pedersen.ValidateParameters()
      /Users/z/work/lux/threshold/pkg/pedersen/pedersen.go:53 +0x88
  github.com/luxfi/threshold/pkg/zk/prm.(*Proof).Verify()
      /Users/z/work/lux/threshold/pkg/zk/prm/prm.go:84 +0xa0
  github.com/luxfi/threshold/protocols/cmp/keygen.(*round4).StoreBroadcastMessage()
      /Users/z/work/lux/threshold/protocols/cmp/keygen/round4.go:84 +0x2c4
  github.com/luxfi/threshold/pkg/protocol.(*Handler).verifyBroadcastForRound()
      /Users/z/work/lux/threshold/pkg/protocol/handler.go:1277 +0x3a0
  github.com/luxfi/threshold/pkg/protocol.(*Handler).retryUnprocessedMessages()
      /Users/z/work/lux/threshold/pkg/protocol/handler.go:1483 +0x22c
  github.com/luxfi/threshold/pkg/protocol.(*Handler).tryAdvanceRound()
      /Users/z/work/lux/threshold/pkg/protocol/handler.go:587 +0x28c
  github.com/luxfi/threshold/pkg/protocol.(*Handler).roundProcessor()
      /Users/z/work/lux/threshold/pkg/protocol/handler.go:569 +0xb4
  github.com/luxfi/threshold/pkg/protocol.(*Handler).startWorkers.func1()
      /Users/z/work/lux/threshold/pkg/protocol/handler.go:374 +0x78

Goroutine 267 (running) created at:
  github.com/luxfi/threshold/pkg/protocol.(*Handler).tryAdvanceRound()
      /Users/z/work/lux/threshold/pkg/protocol/handler.go:673 +0x12e4
  github.com/luxfi/threshold/pkg/protocol.(*Handler).processMessage()
      /Users/z/work/lux/threshold/pkg/protocol/handler.go:486 +0xbb0
  github.com/luxfi/threshold/pkg/protocol.(*Handler).messageWorker()
      /Users/z/work/lux/threshold/pkg/protocol/handler.go:408 +0x338
  github.com/luxfi/threshold/pkg/protocol.(*Handler).startWorkers.gowrap2()
      /Users/z/work/lux/threshold/pkg/protocol/handler.go:361 +0x44

Goroutine 119 (running) created at:
  github.com/luxfi/threshold/pkg/protocol.(*Handler).startWorkers()
      /Users/z/work/lux/threshold/pkg/protocol/handler.go:372 +0x4fc
  github.com/luxfi/threshold/pkg/protocol.NewHandler()
      /Users/z/work/lux/threshold/pkg/protocol/handler.go:247 +0xf10
  github.com/luxfi/threshold/internal/test.(*Harness).CreateHandler()
      /Users/z/work/lux/threshold/internal/test/harness.go:91 +0x2e4
  github.com/luxfi/threshold/internal/test.RunProtocol()
      /Users/z/work/lux/threshold/internal/test/harness.go:270 +0x230
  github.com/luxfi/threshold/protocols/cmp_test.TestCMPBasicKeygen()
      /Users/z/work/lux/threshold/protocols/cmp/cmp_basic_test.go:35 +0x29c
  testing.tRunner()
      /opt/homebrew/Cellar/go/1.24.6/libexec/src/testing/testing.go:1792 +0x180
  testing.(*T).Run.gowrap1()
      /opt/homebrew/Cellar/go/1.24.6/libexec/src/testing/testing.go:1851 +0x40
==================
==================
WARNING: DATA RACE
Write at 0x00c00047eff8 by goroutine 267:
  github.com/cronokirby/saferith.maskEnd()
      /Users/z/go/pkg/mod/github.com/cronokirby/saferith@v0.33.0/num.go:261 +0x1cc
  github.com/cronokirby/saferith.(*Nat).resizedLimbs()
      /Users/z/go/pkg/mod/github.com/cronokirby/saferith@v0.33.0/num.go:252 +0x16c
  github.com/cronokirby/saferith.(*Nat).Cmp()
      /Users/z/go/pkg/mod/github.com/cronokirby/saferith@v0.33.0/num.go:1411 +0x90
  github.com/luxfi/threshold/pkg/pedersen.ValidateParameters()
      /Users/z/work/lux/threshold/pkg/pedersen/pedersen.go:53 +0x88
  github.com/luxfi/threshold/pkg/zk/prm.(*Proof).Verify()
      /Users/z/work/lux/threshold/pkg/zk/prm/prm.go:84 +0xa0
  github.com/luxfi/threshold/protocols/cmp/keygen.(*round4).StoreBroadcastMessage()
      /Users/z/work/lux/threshold/protocols/cmp/keygen/round4.go:84 +0x2c4
  github.com/luxfi/threshold/pkg/protocol.(*Handler).verifyBroadcastForRound()
      /Users/z/work/lux/threshold/pkg/protocol/handler.go:1277 +0x3a0
  github.com/luxfi/threshold/pkg/protocol.(*Handler).processQueuedMessages()
      /Users/z/work/lux/threshold/pkg/protocol/handler.go:1542 +0x404
  github.com/luxfi/threshold/pkg/protocol.(*Handler).tryAdvanceRound.gowrap2()
      /Users/z/work/lux/threshold/pkg/protocol/handler.go:673 +0x40

Previous read at 0x00c00047eff8 by goroutine 119:
  github.com/cronokirby/saferith.(*Nat).Cmp()
      /Users/z/go/pkg/mod/github.com/cronokirby/saferith@v0.33.0/num.go:1416 +0xe0
  github.com/luxfi/threshold/pkg/pedersen.ValidateParameters()
      /Users/z/work/lux/threshold/pkg/pedersen/pedersen.go:53 +0x88
  github.com/luxfi/threshold/pkg/zk/prm.(*Proof).Verify()
      /Users/z/work/lux/threshold/pkg/zk/prm/prm.go:84 +0xa0
  github.com/luxfi/threshold/protocols/cmp/keygen.(*round4).StoreBroadcastMessage()
      /Users/z/work/lux/threshold/protocols/cmp/keygen/round4.go:84 +0x2c4
  github.com/luxfi/threshold/pkg/protocol.(*Handler).verifyBroadcastForRound()
      /Users/z/work/lux/threshold/pkg/protocol/handler.go:1277 +0x3a0
  github.com/luxfi/threshold/pkg/protocol.(*Handler).retryUnprocessedMessages()
      /Users/z/work/lux/threshold/pkg/protocol/handler.go:1483 +0x22c
  github.com/luxfi/threshold/pkg/protocol.(*Handler).tryAdvanceRound()
      /Users/z/work/lux/threshold/pkg/protocol/handler.go:587 +0x28c
  github.com/luxfi/threshold/pkg/protocol.(*Handler).roundProcessor()
      /Users/z/work/lux/threshold/pkg/protocol/handler.go:569 +0xb4
  github.com/luxfi/threshold/pkg/protocol.(*Handler).startWorkers.func1()
      /Users/z/work/lux/threshold/pkg/protocol/handler.go:374 +0x78

Goroutine 267 (running) created at:
  github.com/luxfi/threshold/pkg/protocol.(*Handler).tryAdvanceRound()
      /Users/z/work/lux/threshold/pkg/protocol/handler.go:673 +0x12e4
  github.com/luxfi/threshold/pkg/protocol.(*Handler).processMessage()
      /Users/z/work/lux/threshold/pkg/protocol/handler.go:486 +0xbb0
  github.com/luxfi/threshold/pkg/protocol.(*Handler).messageWorker()
      /Users/z/work/lux/threshold/pkg/protocol/handler.go:408 +0x338
  github.com/luxfi/threshold/pkg/protocol.(*Handler).startWorkers.gowrap2()
      /Users/z/work/lux/threshold/pkg/protocol/handler.go:361 +0x44

Goroutine 119 (running) created at:
  github.com/luxfi/threshold/pkg/protocol.(*Handler).startWorkers()
      /Users/z/work/lux/threshold/pkg/protocol/handler.go:372 +0x4fc
  github.com/luxfi/threshold/pkg/protocol.NewHandler()
      /Users/z/work/lux/threshold/pkg/protocol/handler.go:247 +0xf10
  github.com/luxfi/threshold/internal/test.(*Harness).CreateHandler()
      /Users/z/work/lux/threshold/internal/test/harness.go:91 +0x2e4
  github.com/luxfi/threshold/internal/test.RunProtocol()
      /Users/z/work/lux/threshold/internal/test/harness.go:270 +0x230
  github.com/luxfi/threshold/protocols/cmp_test.TestCMPBasicKeygen()
      /Users/z/work/lux/threshold/protocols/cmp/cmp_basic_test.go:35 +0x29c
  testing.tRunner()
      /opt/homebrew/Cellar/go/1.24.6/libexec/src/testing/testing.go:1792 +0x180
  testing.(*T).Run.gowrap1()
      /opt/homebrew/Cellar/go/1.24.6/libexec/src/testing/testing.go:1851 +0x40
==================
2025-08-15T22:13:54.096-0500	DEBUG	protocol/handler.go:581	tryAdvanceRound called	{"{current_round 20 3  <nil>}": {"Key":"self","Type":15,"Integer":0,"String":"b","Interface":null}}
2025-08-15T22:13:54.096-0500	DEBUG	protocol/handler.go:1591	have processed broadcast	{"{round 20 3  <nil>}": {"Key":"from","Type":15,"Integer":0,"String":"a","Interface":null}}
2025-08-15T22:13:54.096-0500	DEBUG	protocol/handler.go:1649	have all messages and processed	{"{round 20 3  <nil>}": {"Key":"self","Type":15,"Integer":0,"String":"b","Interface":null}}
2025-08-15T22:13:54.096-0500	DEBUG	protocol/handler.go:596	round already finalized
2025-08-15T22:13:54.116-0500	DEBUG	protocol/handler.go:581	tryAdvanceRound called	{"{current_round 20 3  <nil>}": {"Key":"self","Type":15,"Integer":0,"String":"b","Interface":null}}
2025-08-15T22:13:54.116-0500	DEBUG	protocol/handler.go:1591	have processed broadcast	{"{round 20 3  <nil>}": {"Key":"from","Type":15,"Integer":0,"String":"a","Interface":null}}
2025-08-15T22:13:54.116-0500	DEBUG	protocol/handler.go:1649	have all messages and processed	{"{round 20 3  <nil>}": {"Key":"self","Type":15,"Integer":0,"String":"b","Interface":null}}
2025-08-15T22:13:54.116-0500	DEBUG	protocol/handler.go:596	round already finalized
2025-08-15T22:13:54.119-0500	DEBUG	protocol/handler.go:581	tryAdvanceRound called	{"{current_round 20 3  <nil>}": {"Key":"self","Type":15,"Integer":0,"String":"b","Interface":null}}
2025-08-15T22:13:54.119-0500	DEBUG	protocol/handler.go:1591	have processed broadcast	{"{round 20 3  <nil>}": {"Key":"from","Type":15,"Integer":0,"String":"a","Interface":null}}
2025-08-15T22:13:54.119-0500	DEBUG	protocol/handler.go:1649	have all messages and processed	{"{round 20 3  <nil>}": {"Key":"self","Type":15,"Integer":0,"String":"b","Interface":null}}
2025-08-15T22:13:54.119-0500	DEBUG	protocol/handler.go:596	round already finalized
2025-08-15T22:13:54.149-0500	DEBUG	protocol/handler.go:581	tryAdvanceRound called	{"{current_round 20 3  <nil>}": {"Key":"self","Type":15,"Integer":0,"String":"b","Interface":null}}
2025-08-15T22:13:54.149-0500	DEBUG	protocol/handler.go:1591	have processed broadcast	{"{round 20 3  <nil>}": {"Key":"from","Type":15,"Integer":0,"String":"a","Interface":null}}
2025-08-15T22:13:54.149-0500	DEBUG	protocol/handler.go:1649	have all messages and processed	{"{round 20 3  <nil>}": {"Key":"self","Type":15,"Integer":0,"String":"b","Interface":null}}
2025-08-15T22:13:54.149-0500	DEBUG	protocol/handler.go:596	round already finalized
2025-08-15T22:13:54.174-0500	DEBUG	protocol/handler.go:581	tryAdvanceRound called	{"{current_round 20 3  <nil>}": {"Key":"self","Type":15,"Integer":0,"String":"b","Interface":null}}
2025-08-15T22:13:54.176-0500	DEBUG	protocol/handler.go:1591	have processed broadcast	{"{round 20 3  <nil>}": {"Key":"from","Type":15,"Integer":0,"String":"a","Interface":null}}
2025-08-15T22:13:54.176-0500	DEBUG	protocol/handler.go:1649	have all messages and processed	{"{round 20 3  <nil>}": {"Key":"self","Type":15,"Integer":0,"String":"b","Interface":null}}
2025-08-15T22:13:54.176-0500	DEBUG	protocol/handler.go:596	round already finalized
2025-08-15T22:13:54.192-0500	DEBUG	protocol/handler.go:581	tryAdvanceRound called	{"{current_round 20 3  <nil>}": {"Key":"self","Type":15,"Integer":0,"String":"b","Interface":null}}
2025-08-15T22:13:54.192-0500	DEBUG	protocol/handler.go:1591	have processed broadcast	{"{round 20 3  <nil>}": {"Key":"from","Type":15,"Integer":0,"String":"a","Interface":null}}
2025-08-15T22:13:54.192-0500	DEBUG	protocol/handler.go:1649	have all messages and processed	{"{round 20 3  <nil>}": {"Key":"self","Type":15,"Integer":0,"String":"b","Interface":null}}
2025-08-15T22:13:54.192-0500	DEBUG	protocol/handler.go:596	round already finalized
2025-08-15T22:13:54.216-0500	DEBUG	protocol/handler.go:581	tryAdvanceRound called	{"{current_round 20 3  <nil>}": {"Key":"self","Type":15,"Integer":0,"String":"b","Interface":null}}
2025-08-15T22:13:54.216-0500	DEBUG	protocol/handler.go:1591	have processed broadcast	{"{round 20 3  <nil>}": {"Key":"from","Type":15,"Integer":0,"String":"a","Interface":null}}
2025-08-15T22:13:54.216-0500	DEBUG	protocol/handler.go:1649	have all messages and processed	{"{round 20 3  <nil>}": {"Key":"self","Type":15,"Integer":0,"String":"b","Interface":null}}
2025-08-15T22:13:54.216-0500	DEBUG	protocol/handler.go:596	round already finalized
2025-08-15T22:13:54.236-0500	DEBUG	protocol/handler.go:581	tryAdvanceRound called	{"{current_round 20 3  <nil>}": {"Key":"self","Type":15,"Integer":0,"String":"b","Interface":null}}
2025-08-15T22:13:54.236-0500	DEBUG	protocol/handler.go:1591	have processed broadcast	{"{round 20 3  <nil>}": {"Key":"from","Type":15,"Integer":0,"String":"a","Interface":null}}
2025-08-15T22:13:54.236-0500	DEBUG	protocol/handler.go:1649	have all messages and processed	{"{round 20 3  <nil>}": {"Key":"self","Type":15,"Integer":0,"String":"b","Interface":null}}
2025-08-15T22:13:54.236-0500	DEBUG	protocol/handler.go:596	round already finalized
2025-08-15T22:13:54.238-0500	DEBUG	protocol/handler.go:581	tryAdvanceRound called	{"{current_round 20 3  <nil>}": {"Key":"self","Type":15,"Integer":0,"String":"b","Interface":null}}
2025-08-15T22:13:54.238-0500	DEBUG	protocol/handler.go:1591	have processed broadcast	{"{round 20 3  <nil>}": {"Key":"from","Type":15,"Integer":0,"String":"a","Interface":null}}
2025-08-15T22:13:54.238-0500	DEBUG	protocol/handler.go:1649	have all messages and processed	{"{round 20 3  <nil>}": {"Key":"self","Type":15,"Integer":0,"String":"b","Interface":null}}
2025-08-15T22:13:54.238-0500	DEBUG	protocol/handler.go:596	round already finalized
2025-08-15T22:13:54.262-0500	DEBUG	protocol/handler.go:581	tryAdvanceRound called	{"{current_round 20 3  <nil>}": {"Key":"self","Type":15,"Integer":0,"String":"b","Interface":null}}
2025-08-15T22:13:54.262-0500	DEBUG	protocol/handler.go:1591	have processed broadcast	{"{round 20 3  <nil>}": {"Key":"from","Type":15,"Integer":0,"String":"a","Interface":null}}
2025-08-15T22:13:54.262-0500	DEBUG	protocol/handler.go:1649	have all messages and processed	{"{round 20 3  <nil>}": {"Key":"self","Type":15,"Integer":0,"String":"b","Interface":null}}
2025-08-15T22:13:54.262-0500	DEBUG	protocol/handler.go:596	round already finalized
2025-08-15T22:13:54.272-0500	DEBUG	protocol/handler.go:581	tryAdvanceRound called	{"{current_round 20 3  <nil>}": {"Key":"self","Type":15,"Integer":0,"String":"b","Interface":null}}
2025-08-15T22:13:54.272-0500	DEBUG	protocol/handler.go:1591	have processed broadcast	{"{round 20 3  <nil>}": {"Key":"from","Type":15,"Integer":0,"String":"a","Interface":null}}
2025-08-15T22:13:54.272-0500	DEBUG	protocol/handler.go:1649	have all messages and processed	{"{round 20 3  <nil>}": {"Key":"self","Type":15,"Integer":0,"String":"b","Interface":null}}
2025-08-15T22:13:54.272-0500	DEBUG	protocol/handler.go:596	round already finalized
2025-08-15T22:13:54.288-0500	DEBUG	protocol/handler.go:581	tryAdvanceRound called	{"{current_round 20 3  <nil>}": {"Key":"self","Type":15,"Integer":0,"String":"b","Interface":null}}
2025-08-15T22:13:54.288-0500	DEBUG	protocol/handler.go:1591	have processed broadcast	{"{round 20 3  <nil>}": {"Key":"from","Type":15,"Integer":0,"String":"a","Interface":null}}
2025-08-15T22:13:54.288-0500	DEBUG	protocol/handler.go:1649	have all messages and processed	{"{round 20 3  <nil>}": {"Key":"self","Type":15,"Integer":0,"String":"b","Interface":null}}
2025-08-15T22:13:54.288-0500	DEBUG	protocol/handler.go:596	round already finalized
2025-08-15T22:13:54.334-0500	DEBUG	protocol/handler.go:581	tryAdvanceRound called	{"{current_round 20 3  <nil>}": {"Key":"self","Type":15,"Integer":0,"String":"b","Interface":null}}
2025-08-15T22:13:54.341-0500	DEBUG	protocol/handler.go:1591	have processed broadcast	{"{round 20 3  <nil>}": {"Key":"from","Type":15,"Integer":0,"String":"a","Interface":null}}
2025-08-15T22:13:54.342-0500	DEBUG	protocol/handler.go:1649	have all messages and processed	{"{round 20 3  <nil>}": {"Key":"self","Type":15,"Integer":0,"String":"b","Interface":null}}
2025-08-15T22:13:54.342-0500	DEBUG	protocol/handler.go:596	round already finalized
2025-08-15T22:13:54.367-0500	DEBUG	protocol/handler.go:581	tryAdvanceRound called	{"{current_round 20 3  <nil>}": {"Key":"self","Type":15,"Integer":0,"String":"b","Interface":null}}
2025-08-15T22:13:54.367-0500	DEBUG	protocol/handler.go:1591	have processed broadcast	{"{round 20 3  <nil>}": {"Key":"from","Type":15,"Integer":0,"String":"a","Interface":null}}
2025-08-15T22:13:54.370-0500	DEBUG	protocol/handler.go:1649	have all messages and processed	{"{round 20 3  <nil>}": {"Key":"self","Type":15,"Integer":0,"String":"b","Interface":null}}
2025-08-15T22:13:54.370-0500	DEBUG	protocol/handler.go:596	round already finalized
2025-08-15T22:13:54.385-0500	DEBUG	protocol/handler.go:581	tryAdvanceRound called	{"{current_round 20 3  <nil>}": {"Key":"self","Type":15,"Integer":0,"String":"b","Interface":null}}
2025-08-15T22:13:54.385-0500	DEBUG	protocol/handler.go:1591	have processed broadcast	{"{round 20 3  <nil>}": {"Key":"from","Type":15,"Integer":0,"String":"a","Interface":null}}
2025-08-15T22:13:54.386-0500	DEBUG	protocol/handler.go:1649	have all messages and processed	{"{round 20 3  <nil>}": {"Key":"self","Type":15,"Integer":0,"String":"b","Interface":null}}
2025-08-15T22:13:54.386-0500	DEBUG	protocol/handler.go:596	round already finalized
2025-08-15T22:13:54.406-0500	DEBUG	protocol/handler.go:581	tryAdvanceRound called	{"{current_round 20 3  <nil>}": {"Key":"self","Type":15,"Integer":0,"String":"b","Interface":null}}
2025-08-15T22:13:54.413-0500	DEBUG	protocol/handler.go:1591	have processed broadcast	{"{round 20 3  <nil>}": {"Key":"from","Type":15,"Integer":0,"String":"a","Interface":null}}
2025-08-15T22:13:54.413-0500	DEBUG	protocol/handler.go:1649	have all messages and processed	{"{round 20 3  <nil>}": {"Key":"self","Type":15,"Integer":0,"String":"b","Interface":null}}
2025-08-15T22:13:54.413-0500	DEBUG	protocol/handler.go:596	round already finalized
2025-08-15T22:13:54.431-0500	DEBUG	protocol/handler.go:581	tryAdvanceRound called	{"{current_round 20 3  <nil>}": {"Key":"self","Type":15,"Integer":0,"String":"b","Interface":null}}
2025-08-15T22:13:54.431-0500	DEBUG	protocol/handler.go:1591	have processed broadcast	{"{round 20 3  <nil>}": {"Key":"from","Type":15,"Integer":0,"String":"a","Interface":null}}
2025-08-15T22:13:54.431-0500	DEBUG	protocol/handler.go:1649	have all messages and processed	{"{round 20 3  <nil>}": {"Key":"self","Type":15,"Integer":0,"String":"b","Interface":null}}
2025-08-15T22:13:54.431-0500	DEBUG	protocol/handler.go:596	round already finalized
2025-08-15T22:13:54.454-0500	DEBUG	protocol/handler.go:581	tryAdvanceRound called	{"{current_round 20 3  <nil>}": {"Key":"self","Type":15,"Integer":0,"String":"b","Interface":null}}
2025-08-15T22:13:54.454-0500	DEBUG	protocol/handler.go:1591	have processed broadcast	{"{round 20 3  <nil>}": {"Key":"from","Type":15,"Integer":0,"String":"a","Interface":null}}
2025-08-15T22:13:54.454-0500	DEBUG	protocol/handler.go:1649	have all messages and processed	{"{round 20 3  <nil>}": {"Key":"self","Type":15,"Integer":0,"String":"b","Interface":null}}
2025-08-15T22:13:54.454-0500	DEBUG	protocol/handler.go:596	round already finalized
2025-08-15T22:13:54.475-0500	DEBUG	protocol/handler.go:581	tryAdvanceRound called	{"{current_round 20 3  <nil>}": {"Key":"self","Type":15,"Integer":0,"String":"b","Interface":null}}
2025-08-15T22:13:54.475-0500	DEBUG	protocol/handler.go:1591	have processed broadcast	{"{round 20 3  <nil>}": {"Key":"from","Type":15,"Integer":0,"String":"a","Interface":null}}
2025-08-15T22:13:54.475-0500	DEBUG	protocol/handler.go:1649	have all messages and processed	{"{round 20 3  <nil>}": {"Key":"self","Type":15,"Integer":0,"String":"b","Interface":null}}
2025-08-15T22:13:54.475-0500	DEBUG	protocol/handler.go:596	round already finalized
2025-08-15T22:13:54.497-0500	DEBUG	protocol/handler.go:581	tryAdvanceRound called	{"{current_round 20 3  <nil>}": {"Key":"self","Type":15,"Integer":0,"String":"b","Interface":null}}
2025-08-15T22:13:54.497-0500	DEBUG	protocol/handler.go:1591	have processed broadcast	{"{round 20 3  <nil>}": {"Key":"from","Type":15,"Integer":0,"String":"a","Interface":null}}
2025-08-15T22:13:54.497-0500	DEBUG	protocol/handler.go:1649	have all messages and processed	{"{round 20 3  <nil>}": {"Key":"self","Type":15,"Integer":0,"String":"b","Interface":null}}
2025-08-15T22:13:54.497-0500	DEBUG	protocol/handler.go:596	round already finalized
2025-08-15T22:13:54.521-0500	DEBUG	protocol/handler.go:581	tryAdvanceRound called	{"{current_round 20 3  <nil>}": {"Key":"self","Type":15,"Integer":0,"String":"b","Interface":null}}
2025-08-15T22:13:54.521-0500	DEBUG	protocol/handler.go:1591	have processed broadcast	{"{round 20 3  <nil>}": {"Key":"from","Type":15,"Integer":0,"String":"a","Interface":null}}
2025-08-15T22:13:54.521-0500	DEBUG	protocol/handler.go:1649	have all messages and processed	{"{round 20 3  <nil>}": {"Key":"self","Type":15,"Integer":0,"String":"b","Interface":null}}
2025-08-15T22:13:54.521-0500	DEBUG	protocol/handler.go:596	round already finalized
2025-08-15T22:13:54.544-0500	DEBUG	protocol/handler.go:581	tryAdvanceRound called	{"{current_round 20 3  <nil>}": {"Key":"self","Type":15,"Integer":0,"String":"b","Interface":null}}
2025-08-15T22:13:54.544-0500	DEBUG	protocol/handler.go:1591	have processed broadcast	{"{round 20 3  <nil>}": {"Key":"from","Type":15,"Integer":0,"String":"a","Interface":null}}
2025-08-15T22:13:54.545-0500	DEBUG	protocol/handler.go:1649	have all messages and processed	{"{round 20 3  <nil>}": {"Key":"self","Type":15,"Integer":0,"String":"b","Interface":null}}
2025-08-15T22:13:54.545-0500	DEBUG	protocol/handler.go:596	round already finalized
2025-08-15T22:13:54.568-0500	DEBUG	protocol/handler.go:581	tryAdvanceRound called	{"{current_round 20 3  <nil>}": {"Key":"self","Type":15,"Integer":0,"String":"b","Interface":null}}
2025-08-15T22:13:54.568-0500	DEBUG	protocol/handler.go:1591	have processed broadcast	{"{round 20 3  <nil>}": {"Key":"from","Type":15,"Integer":0,"String":"a","Interface":null}}
2025-08-15T22:13:54.568-0500	DEBUG	protocol/handler.go:1649	have all messages and processed	{"{round 20 3  <nil>}": {"Key":"self","Type":15,"Integer":0,"String":"b","Interface":null}}
2025-08-15T22:13:54.568-0500	DEBUG	protocol/handler.go:596	round already finalized
2025-08-15T22:13:54.592-0500	DEBUG	protocol/handler.go:581	tryAdvanceRound called	{"{current_round 20 3  <nil>}": {"Key":"self","Type":15,"Integer":0,"String":"b","Interface":null}}
2025-08-15T22:13:54.592-0500	DEBUG	protocol/handler.go:1591	have processed broadcast	{"{round 20 3  <nil>}": {"Key":"from","Type":15,"Integer":0,"String":"a","Interface":null}}
2025-08-15T22:13:54.592-0500	DEBUG	protocol/handler.go:1649	have all messages and processed	{"{round 20 3  <nil>}": {"Key":"self","Type":15,"Integer":0,"String":"b","Interface":null}}
2025-08-15T22:13:54.592-0500	DEBUG	protocol/handler.go:596	round already finalized
2025-08-15T22:13:54.615-0500	DEBUG	protocol/handler.go:581	tryAdvanceRound called	{"{current_round 20 3  <nil>}": {"Key":"self","Type":15,"Integer":0,"String":"b","Interface":null}}
2025-08-15T22:13:54.615-0500	DEBUG	protocol/handler.go:1591	have processed broadcast	{"{round 20 3  <nil>}": {"Key":"from","Type":15,"Integer":0,"String":"a","Interface":null}}
2025-08-15T22:13:54.615-0500	DEBUG	protocol/handler.go:1649	have all messages and processed	{"{round 20 3  <nil>}": {"Key":"self","Type":15,"Integer":0,"String":"b","Interface":null}}
2025-08-15T22:13:54.615-0500	DEBUG	protocol/handler.go:596	round already finalized
2025-08-15T22:13:54.638-0500	DEBUG	protocol/handler.go:581	tryAdvanceRound called	{"{current_round 20 3  <nil>}": {"Key":"self","Type":15,"Integer":0,"String":"b","Interface":null}}
2025-08-15T22:13:54.638-0500	DEBUG	protocol/handler.go:1591	have processed broadcast	{"{round 20 3  <nil>}": {"Key":"from","Type":15,"Integer":0,"String":"a","Interface":null}}
2025-08-15T22:13:54.638-0500	DEBUG	protocol/handler.go:1649	have all messages and processed	{"{round 20 3  <nil>}": {"Key":"self","Type":15,"Integer":0,"String":"b","Interface":null}}
2025-08-15T22:13:54.638-0500	DEBUG	protocol/handler.go:596	round already finalized
2025-08-15T22:13:54.662-0500	DEBUG	protocol/handler.go:581	tryAdvanceRound called	{"{current_round 20 3  <nil>}": {"Key":"self","Type":15,"Integer":0,"String":"b","Interface":null}}
2025-08-15T22:13:54.662-0500	DEBUG	protocol/handler.go:1591	have processed broadcast	{"{round 20 3  <nil>}": {"Key":"from","Type":15,"Integer":0,"String":"a","Interface":null}}
2025-08-15T22:13:54.662-0500	DEBUG	protocol/handler.go:1649	have all messages and processed	{"{round 20 3  <nil>}": {"Key":"self","Type":15,"Integer":0,"String":"b","Interface":null}}
2025-08-15T22:13:54.662-0500	DEBUG	protocol/handler.go:596	round already finalized
2025-08-15T22:13:54.691-0500	DEBUG	protocol/handler.go:581	tryAdvanceRound called	{"{current_round 20 3  <nil>}": {"Key":"self","Type":15,"Integer":0,"String":"b","Interface":null}}
2025-08-15T22:13:54.691-0500	DEBUG	protocol/handler.go:1591	have processed broadcast	{"{round 20 3  <nil>}": {"Key":"from","Type":15,"Integer":0,"String":"a","Interface":null}}
2025-08-15T22:13:54.691-0500	DEBUG	protocol/handler.go:1649	have all messages and processed	{"{round 20 3  <nil>}": {"Key":"self","Type":15,"Integer":0,"String":"b","Interface":null}}
2025-08-15T22:13:54.691-0500	DEBUG	protocol/handler.go:596	round already finalized
2025-08-15T22:13:54.711-0500	DEBUG	protocol/handler.go:581	tryAdvanceRound called	{"{current_round 20 3  <nil>}": {"Key":"self","Type":15,"Integer":0,"String":"b","Interface":null}}
2025-08-15T22:13:54.711-0500	DEBUG	protocol/handler.go:1591	have processed broadcast	{"{round 20 3  <nil>}": {"Key":"from","Type":15,"Integer":0,"String":"a","Interface":null}}
2025-08-15T22:13:54.711-0500	DEBUG	protocol/handler.go:1649	have all messages and processed	{"{round 20 3  <nil>}": {"Key":"self","Type":15,"Integer":0,"String":"b","Interface":null}}
2025-08-15T22:13:54.711-0500	DEBUG	protocol/handler.go:596	round already finalized
2025-08-15T22:13:54.732-0500	DEBUG	protocol/handler.go:581	tryAdvanceRound called	{"{current_round 20 3  <nil>}": {"Key":"self","Type":15,"Integer":0,"String":"b","Interface":null}}
2025-08-15T22:13:54.732-0500	DEBUG	protocol/handler.go:1591	have processed broadcast	{"{round 20 3  <nil>}": {"Key":"from","Type":15,"Integer":0,"String":"a","Interface":null}}
2025-08-15T22:13:54.732-0500	DEBUG	protocol/handler.go:1649	have all messages and processed	{"{round 20 3  <nil>}": {"Key":"self","Type":15,"Integer":0,"String":"b","Interface":null}}
2025-08-15T22:13:54.732-0500	DEBUG	protocol/handler.go:596	round already finalized
2025-08-15T22:13:54.759-0500	DEBUG	protocol/handler.go:581	tryAdvanceRound called	{"{current_round 20 3  <nil>}": {"Key":"self","Type":15,"Integer":0,"String":"b","Interface":null}}
2025-08-15T22:13:54.795-0500	DEBUG	protocol/handler.go:1591	have processed broadcast	{"{round 20 3  <nil>}": {"Key":"from","Type":15,"Integer":0,"String":"a","Interface":null}}
2025-08-15T22:13:54.795-0500	DEBUG	protocol/handler.go:1649	have all messages and processed	{"{round 20 3  <nil>}": {"Key":"self","Type":15,"Integer":0,"String":"b","Interface":null}}
2025-08-15T22:13:54.800-0500	DEBUG	protocol/handler.go:596	round already finalized
2025-08-15T22:13:54.800-0500	DEBUG	protocol/handler.go:581	tryAdvanceRound called	{"{current_round 20 3  <nil>}": {"Key":"self","Type":15,"Integer":0,"String":"b","Interface":null}}
2025-08-15T22:13:54.800-0500	DEBUG	protocol/handler.go:1591	have processed broadcast	{"{round 20 3  <nil>}": {"Key":"from","Type":15,"Integer":0,"String":"a","Interface":null}}
2025-08-15T22:13:54.800-0500	DEBUG	protocol/handler.go:1649	have all messages and processed	{"{round 20 3  <nil>}": {"Key":"self","Type":15,"Integer":0,"String":"b","Interface":null}}
2025-08-15T22:13:54.800-0500	DEBUG	protocol/handler.go:596	round already finalized
2025-08-15T22:13:54.847-0500	DEBUG	protocol/handler.go:581	tryAdvanceRound called	{"{current_round 20 3  <nil>}": {"Key":"self","Type":15,"Integer":0,"String":"b","Interface":null}}
2025-08-15T22:13:54.847-0500	DEBUG	protocol/handler.go:1591	have processed broadcast	{"{round 20 3  <nil>}": {"Key":"from","Type":15,"Integer":0,"String":"a","Interface":null}}
2025-08-15T22:13:54.848-0500	DEBUG	protocol/handler.go:1649	have all messages and processed	{"{round 20 3  <nil>}": {"Key":"self","Type":15,"Integer":0,"String":"b","Interface":null}}
2025-08-15T22:13:54.848-0500	DEBUG	protocol/handler.go:596	round already finalized
2025-08-15T22:13:54.848-0500	DEBUG	protocol/handler.go:581	tryAdvanceRound called	{"{current_round 20 3  <nil>}": {"Key":"self","Type":15,"Integer":0,"String":"b","Interface":null}}
2025-08-15T22:13:54.848-0500	DEBUG	protocol/handler.go:1591	have processed broadcast	{"{round 20 3  <nil>}": {"Key":"from","Type":15,"Integer":0,"String":"a","Interface":null}}
2025-08-15T22:13:54.848-0500	DEBUG	protocol/handler.go:1649	have all messages and processed	{"{round 20 3  <nil>}": {"Key":"self","Type":15,"Integer":0,"String":"b","Interface":null}}
2025-08-15T22:13:54.848-0500	DEBUG	protocol/handler.go:596	round already finalized
2025-08-15T22:13:54.865-0500	DEBUG	protocol/handler.go:581	tryAdvanceRound called	{"{current_round 20 3  <nil>}": {"Key":"self","Type":15,"Integer":0,"String":"b","Interface":null}}
2025-08-15T22:13:54.865-0500	DEBUG	protocol/handler.go:1591	have processed broadcast	{"{round 20 3  <nil>}": {"Key":"from","Type":15,"Integer":0,"String":"a","Interface":null}}
2025-08-15T22:13:54.865-0500	DEBUG	protocol/handler.go:1649	have all messages and processed	{"{round 20 3  <nil>}": {"Key":"self","Type":15,"Integer":0,"String":"b","Interface":null}}
2025-08-15T22:13:54.865-0500	DEBUG	protocol/handler.go:596	round already finalized
2025-08-15T22:13:54.882-0500	DEBUG	protocol/handler.go:581	tryAdvanceRound called	{"{current_round 20 3  <nil>}": {"Key":"self","Type":15,"Integer":0,"String":"b","Interface":null}}
2025-08-15T22:13:54.882-0500	DEBUG	protocol/handler.go:1591	have processed broadcast	{"{round 20 3  <nil>}": {"Key":"from","Type":15,"Integer":0,"String":"a","Interface":null}}
2025-08-15T22:13:54.882-0500	DEBUG	protocol/handler.go:1649	have all messages and processed	{"{round 20 3  <nil>}": {"Key":"self","Type":15,"Integer":0,"String":"b","Interface":null}}
2025-08-15T22:13:54.894-0500	DEBUG	protocol/handler.go:596	round already finalized
2025-08-15T22:13:54.894-0500	DEBUG	protocol/handler.go:581	tryAdvanceRound called	{"{current_round 20 3  <nil>}": {"Key":"self","Type":15,"Integer":0,"String":"b","Interface":null}}
2025-08-15T22:13:54.894-0500	DEBUG	protocol/handler.go:1591	have processed broadcast	{"{round 20 3  <nil>}": {"Key":"from","Type":15,"Integer":0,"String":"a","Interface":null}}
2025-08-15T22:13:54.894-0500	DEBUG	protocol/handler.go:1649	have all messages and processed	{"{round 20 3  <nil>}": {"Key":"self","Type":15,"Integer":0,"String":"b","Interface":null}}
2025-08-15T22:13:54.894-0500	DEBUG	protocol/handler.go:596	round already finalized
2025-08-15T22:13:54.900-0500	DEBUG	protocol/handler.go:581	tryAdvanceRound called	{"{current_round 20 3  <nil>}": {"Key":"self","Type":15,"Integer":0,"String":"b","Interface":null}}
2025-08-15T22:13:54.900-0500	DEBUG	protocol/handler.go:1591	have processed broadcast	{"{round 20 3  <nil>}": {"Key":"from","Type":15,"Integer":0,"String":"a","Interface":null}}
2025-08-15T22:13:54.900-0500	DEBUG	protocol/handler.go:1649	have all messages and processed	{"{round 20 3  <nil>}": {"Key":"self","Type":15,"Integer":0,"String":"b","Interface":null}}
2025-08-15T22:13:54.900-0500	DEBUG	protocol/handler.go:596	round already finalized
2025-08-15T22:13:54.977-0500	DEBUG	protocol/handler.go:581	tryAdvanceRound called	{"{current_round 20 3  <nil>}": {"Key":"self","Type":15,"Integer":0,"String":"b","Interface":null}}
2025-08-15T22:13:54.977-0500	DEBUG	protocol/handler.go:1591	have processed broadcast	{"{round 20 3  <nil>}": {"Key":"from","Type":15,"Integer":0,"String":"a","Interface":null}}
2025-08-15T22:13:54.977-0500	DEBUG	protocol/handler.go:1649	have all messages and processed	{"{round 20 3  <nil>}": {"Key":"self","Type":15,"Integer":0,"String":"b","Interface":null}}
2025-08-15T22:13:54.977-0500	DEBUG	protocol/handler.go:596	round already finalized
2025-08-15T22:13:54.977-0500	DEBUG	protocol/handler.go:581	tryAdvanceRound called	{"{current_round 20 3  <nil>}": {"Key":"self","Type":15,"Integer":0,"String":"b","Interface":null}}
2025-08-15T22:13:54.977-0500	DEBUG	protocol/handler.go:1591	have processed broadcast	{"{round 20 3  <nil>}": {"Key":"from","Type":15,"Integer":0,"String":"a","Interface":null}}
2025-08-15T22:13:54.977-0500	DEBUG	protocol/handler.go:1649	have all messages and processed	{"{round 20 3  <nil>}": {"Key":"self","Type":15,"Integer":0,"String":"b","Interface":null}}
2025-08-15T22:13:54.977-0500	DEBUG	protocol/handler.go:596	round already finalized
2025-08-15T22:13:54.977-0500	DEBUG	protocol/handler.go:581	tryAdvanceRound called	{"{current_round 20 3  <nil>}": {"Key":"self","Type":15,"Integer":0,"String":"b","Interface":null}}
2025-08-15T22:13:54.977-0500	DEBUG	protocol/handler.go:1591	have processed broadcast	{"{round 20 3  <nil>}": {"Key":"from","Type":15,"Integer":0,"String":"a","Interface":null}}
2025-08-15T22:13:54.977-0500	DEBUG	protocol/handler.go:1649	have all messages and processed	{"{round 20 3  <nil>}": {"Key":"self","Type":15,"Integer":0,"String":"b","Interface":null}}
2025-08-15T22:13:54.977-0500	DEBUG	protocol/handler.go:596	round already finalized
2025-08-15T22:13:55.006-0500	DEBUG	protocol/handler.go:581	tryAdvanceRound called	{"{current_round 20 3  <nil>}": {"Key":"self","Type":15,"Integer":0,"String":"b","Interface":null}}
2025-08-15T22:13:55.009-0500	DEBUG	protocol/handler.go:1591	have processed broadcast	{"{round 20 3  <nil>}": {"Key":"from","Type":15,"Integer":0,"String":"a","Interface":null}}
2025-08-15T22:13:55.010-0500	DEBUG	protocol/handler.go:1649	have all messages and processed	{"{round 20 3  <nil>}": {"Key":"self","Type":15,"Integer":0,"String":"b","Interface":null}}
2025-08-15T22:13:55.010-0500	DEBUG	protocol/handler.go:596	round already finalized
2025-08-15T22:13:55.010-0500	DEBUG	protocol/handler.go:581	tryAdvanceRound called	{"{current_round 20 3  <nil>}": {"Key":"self","Type":15,"Integer":0,"String":"b","Interface":null}}
2025-08-15T22:13:55.010-0500	DEBUG	protocol/handler.go:1591	have processed broadcast	{"{round 20 3  <nil>}": {"Key":"from","Type":15,"Integer":0,"String":"a","Interface":null}}
2025-08-15T22:13:55.010-0500	DEBUG	protocol/handler.go:1649	have all messages and processed	{"{round 20 3  <nil>}": {"Key":"self","Type":15,"Integer":0,"String":"b","Interface":null}}
2025-08-15T22:13:55.010-0500	DEBUG	protocol/handler.go:596	round already finalized
2025-08-15T22:13:55.034-0500	DEBUG	protocol/handler.go:581	tryAdvanceRound called	{"{current_round 20 3  <nil>}": {"Key":"self","Type":15,"Integer":0,"String":"b","Interface":null}}
2025-08-15T22:13:55.034-0500	DEBUG	protocol/handler.go:1591	have processed broadcast	{"{round 20 3  <nil>}": {"Key":"from","Type":15,"Integer":0,"String":"a","Interface":null}}
2025-08-15T22:13:55.034-0500	DEBUG	protocol/handler.go:1649	have all messages and processed	{"{round 20 3  <nil>}": {"Key":"self","Type":15,"Integer":0,"String":"b","Interface":null}}
2025-08-15T22:13:55.034-0500	DEBUG	protocol/handler.go:596	round already finalized
2025-08-15T22:13:55.057-0500	DEBUG	protocol/handler.go:581	tryAdvanceRound called	{"{current_round 20 3  <nil>}": {"Key":"self","Type":15,"Integer":0,"String":"b","Interface":null}}
2025-08-15T22:13:55.057-0500	DEBUG	protocol/handler.go:1591	have processed broadcast	{"{round 20 3  <nil>}": {"Key":"from","Type":15,"Integer":0,"String":"a","Interface":null}}
2025-08-15T22:13:55.057-0500	DEBUG	protocol/handler.go:1649	have all messages and processed	{"{round 20 3  <nil>}": {"Key":"self","Type":15,"Integer":0,"String":"b","Interface":null}}
2025-08-15T22:13:55.057-0500	DEBUG	protocol/handler.go:596	round already finalized
2025-08-15T22:13:55.082-0500	DEBUG	protocol/handler.go:581	tryAdvanceRound called	{"{current_round 20 3  <nil>}": {"Key":"self","Type":15,"Integer":0,"String":"b","Interface":null}}
2025-08-15T22:13:55.088-0500	DEBUG	protocol/handler.go:1591	have processed broadcast	{"{round 20 3  <nil>}": {"Key":"from","Type":15,"Integer":0,"String":"a","Interface":null}}
2025-08-15T22:13:55.088-0500	DEBUG	protocol/handler.go:1649	have all messages and processed	{"{round 20 3  <nil>}": {"Key":"self","Type":15,"Integer":0,"String":"b","Interface":null}}
2025-08-15T22:13:55.088-0500	DEBUG	protocol/handler.go:596	round already finalized
2025-08-15T22:13:55.088-0500	DEBUG	protocol/handler.go:581	tryAdvanceRound called	{"{current_round 20 3  <nil>}": {"Key":"self","Type":15,"Integer":0,"String":"b","Interface":null}}
2025-08-15T22:13:55.088-0500	DEBUG	protocol/handler.go:1591	have processed broadcast	{"{round 20 3  <nil>}": {"Key":"from","Type":15,"Integer":0,"String":"a","Interface":null}}
2025-08-15T22:13:55.090-0500	DEBUG	protocol/handler.go:1649	have all messages and processed	{"{round 20 3  <nil>}": {"Key":"self","Type":15,"Integer":0,"String":"b","Interface":null}}
2025-08-15T22:13:55.090-0500	DEBUG	protocol/handler.go:596	round already finalized
2025-08-15T22:13:55.106-0500	DEBUG	protocol/handler.go:581	tryAdvanceRound called	{"{current_round 20 3  <nil>}": {"Key":"self","Type":15,"Integer":0,"String":"b","Interface":null}}
2025-08-15T22:13:55.107-0500	DEBUG	protocol/handler.go:1591	have processed broadcast	{"{round 20 3  <nil>}": {"Key":"from","Type":15,"Integer":0,"String":"a","Interface":null}}
2025-08-15T22:13:55.107-0500	DEBUG	protocol/handler.go:1649	have all messages and processed	{"{round 20 3  <nil>}": {"Key":"self","Type":15,"Integer":0,"String":"b","Interface":null}}
2025-08-15T22:13:55.107-0500	DEBUG	protocol/handler.go:596	round already finalized
2025-08-15T22:13:55.130-0500	DEBUG	protocol/handler.go:581	tryAdvanceRound called	{"{current_round 20 3  <nil>}": {"Key":"self","Type":15,"Integer":0,"String":"b","Interface":null}}
2025-08-15T22:13:55.160-0500	DEBUG	protocol/handler.go:1591	have processed broadcast	{"{round 20 3  <nil>}": {"Key":"from","Type":15,"Integer":0,"String":"a","Interface":null}}
2025-08-15T22:13:55.160-0500	DEBUG	protocol/handler.go:1649	have all messages and processed	{"{round 20 3  <nil>}": {"Key":"self","Type":15,"Integer":0,"String":"b","Interface":null}}
2025-08-15T22:13:55.160-0500	DEBUG	protocol/handler.go:596	round already finalized
2025-08-15T22:13:55.160-0500	DEBUG	protocol/handler.go:581	tryAdvanceRound called	{"{current_round 20 3  <nil>}": {"Key":"self","Type":15,"Integer":0,"String":"b","Interface":null}}
2025-08-15T22:13:55.160-0500	DEBUG	protocol/handler.go:1591	have processed broadcast	{"{round 20 3  <nil>}": {"Key":"from","Type":15,"Integer":0,"String":"a","Interface":null}}
2025-08-15T22:13:55.160-0500	DEBUG	protocol/handler.go:1649	have all messages and processed	{"{round 20 3  <nil>}": {"Key":"self","Type":15,"Integer":0,"String":"b","Interface":null}}
2025-08-15T22:13:55.160-0500	DEBUG	protocol/handler.go:596	round already finalized
2025-08-15T22:13:55.176-0500	DEBUG	protocol/handler.go:581	tryAdvanceRound called	{"{current_round 20 3  <nil>}": {"Key":"self","Type":15,"Integer":0,"String":"b","Interface":null}}
2025-08-15T22:13:55.176-0500	DEBUG	protocol/handler.go:1591	have processed broadcast	{"{round 20 3  <nil>}": {"Key":"from","Type":15,"Integer":0,"String":"a","Interface":null}}
2025-08-15T22:13:55.176-0500	DEBUG	protocol/handler.go:1649	have all messages and processed	{"{round 20 3  <nil>}": {"Key":"self","Type":15,"Integer":0,"String":"b","Interface":null}}
2025-08-15T22:13:55.177-0500	DEBUG	protocol/handler.go:596	round already finalized
2025-08-15T22:13:55.200-0500	DEBUG	protocol/handler.go:581	tryAdvanceRound called	{"{current_round 20 3  <nil>}": {"Key":"self","Type":15,"Integer":0,"String":"b","Interface":null}}
2025-08-15T22:13:55.200-0500	DEBUG	protocol/handler.go:1591	have processed broadcast	{"{round 20 3  <nil>}": {"Key":"from","Type":15,"Integer":0,"String":"a","Interface":null}}
2025-08-15T22:13:55.200-0500	DEBUG	protocol/handler.go:1649	have all messages and processed	{"{round 20 3  <nil>}": {"Key":"self","Type":15,"Integer":0,"String":"b","Interface":null}}
2025-08-15T22:13:55.200-0500	DEBUG	protocol/handler.go:596	round already finalized
2025-08-15T22:13:55.231-0500	DEBUG	protocol/handler.go:581	tryAdvanceRound called	{"{current_round 20 3  <nil>}": {"Key":"self","Type":15,"Integer":0,"String":"b","Interface":null}}
2025-08-15T22:13:55.231-0500	DEBUG	protocol/handler.go:1591	have processed broadcast	{"{round 20 3  <nil>}": {"Key":"from","Type":15,"Integer":0,"String":"a","Interface":null}}
2025-08-15T22:13:55.231-0500	DEBUG	protocol/handler.go:1649	have all messages and processed	{"{round 20 3  <nil>}": {"Key":"self","Type":15,"Integer":0,"String":"b","Interface":null}}
2025-08-15T22:13:55.231-0500	DEBUG	protocol/handler.go:596	round already finalized
2025-08-15T22:13:55.264-0500	DEBUG	protocol/handler.go:581	tryAdvanceRound called	{"{current_round 20 3  <nil>}": {"Key":"self","Type":15,"Integer":0,"String":"b","Interface":null}}
2025-08-15T22:13:55.264-0500	DEBUG	protocol/handler.go:1591	have processed broadcast	{"{round 20 3  <nil>}": {"Key":"from","Type":15,"Integer":0,"String":"a","Interface":null}}
2025-08-15T22:13:55.264-0500	DEBUG	protocol/handler.go:1649	have all messages and processed	{"{round 20 3  <nil>}": {"Key":"self","Type":15,"Integer":0,"String":"b","Interface":null}}
2025-08-15T22:13:55.265-0500	DEBUG	protocol/handler.go:596	round already finalized
2025-08-15T22:13:55.288-0500	DEBUG	protocol/handler.go:581	tryAdvanceRound called	{"{current_round 20 3  <nil>}": {"Key":"self","Type":15,"Integer":0,"String":"b","Interface":null}}
2025-08-15T22:13:55.288-0500	DEBUG	protocol/handler.go:1591	have processed broadcast	{"{round 20 3  <nil>}": {"Key":"from","Type":15,"Integer":0,"String":"a","Interface":null}}
2025-08-15T22:13:55.288-0500	DEBUG	protocol/handler.go:1649	have all messages and processed	{"{round 20 3  <nil>}": {"Key":"self","Type":15,"Integer":0,"String":"b","Interface":null}}
2025-08-15T22:13:55.288-0500	DEBUG	protocol/handler.go:596	round already finalized
2025-08-15T22:13:55.288-0500	DEBUG	protocol/handler.go:581	tryAdvanceRound called	{"{current_round 20 3  <nil>}": {"Key":"self","Type":15,"Integer":0,"String":"b","Interface":null}}
2025-08-15T22:13:55.288-0500	DEBUG	protocol/handler.go:1591	have processed broadcast	{"{round 20 3  <nil>}": {"Key":"from","Type":15,"Integer":0,"String":"a","Interface":null}}
2025-08-15T22:13:55.288-0500	DEBUG	protocol/handler.go:1649	have all messages and processed	{"{round 20 3  <nil>}": {"Key":"self","Type":15,"Integer":0,"String":"b","Interface":null}}
2025-08-15T22:13:55.288-0500	DEBUG	protocol/handler.go:596	round already finalized
2025-08-15T22:13:55.344-0500	DEBUG	protocol/handler.go:581	tryAdvanceRound called	{"{current_round 20 3  <nil>}": {"Key":"self","Type":15,"Integer":0,"String":"b","Interface":null}}
2025-08-15T22:13:55.344-0500	DEBUG	protocol/handler.go:1591	have processed broadcast	{"{round 20 3  <nil>}": {"Key":"from","Type":15,"Integer":0,"String":"a","Interface":null}}
2025-08-15T22:13:55.344-0500	DEBUG	protocol/handler.go:1649	have all messages and processed	{"{round 20 3  <nil>}": {"Key":"self","Type":15,"Integer":0,"String":"b","Interface":null}}
2025-08-15T22:13:55.344-0500	DEBUG	protocol/handler.go:596	round already finalized
2025-08-15T22:13:55.344-0500	DEBUG	protocol/handler.go:581	tryAdvanceRound called	{"{current_round 20 3  <nil>}": {"Key":"self","Type":15,"Integer":0,"String":"b","Interface":null}}
2025-08-15T22:13:55.344-0500	DEBUG	protocol/handler.go:1591	have processed broadcast	{"{round 20 3  <nil>}": {"Key":"from","Type":15,"Integer":0,"String":"a","Interface":null}}
2025-08-15T22:13:55.344-0500	DEBUG	protocol/handler.go:1649	have all messages and processed	{"{round 20 3  <nil>}": {"Key":"self","Type":15,"Integer":0,"String":"b","Interface":null}}
2025-08-15T22:13:55.344-0500	DEBUG	protocol/handler.go:596	round already finalized
2025-08-15T22:13:55.387-0500	DEBUG	protocol/handler.go:581	tryAdvanceRound called	{"{current_round 20 3  <nil>}": {"Key":"self","Type":15,"Integer":0,"String":"b","Interface":null}}
2025-08-15T22:13:55.387-0500	DEBUG	protocol/handler.go:1591	have processed broadcast	{"{round 20 3  <nil>}": {"Key":"from","Type":15,"Integer":0,"String":"a","Interface":null}}
2025-08-15T22:13:55.387-0500	DEBUG	protocol/handler.go:1649	have all messages and processed	{"{round 20 3  <nil>}": {"Key":"self","Type":15,"Integer":0,"String":"b","Interface":null}}
2025-08-15T22:13:55.387-0500	DEBUG	protocol/handler.go:596	round already finalized
2025-08-15T22:13:55.387-0500	DEBUG	protocol/handler.go:581	tryAdvanceRound called	{"{current_round 20 3  <nil>}": {"Key":"self","Type":15,"Integer":0,"String":"b","Interface":null}}
2025-08-15T22:13:55.387-0500	DEBUG	protocol/handler.go:1591	have processed broadcast	{"{round 20 3  <nil>}": {"Key":"from","Type":15,"Integer":0,"String":"a","Interface":null}}
2025-08-15T22:13:55.387-0500	DEBUG	protocol/handler.go:1649	have all messages and processed	{"{round 20 3  <nil>}": {"Key":"self","Type":15,"Integer":0,"String":"b","Interface":null}}
2025-08-15T22:13:55.387-0500	DEBUG	protocol/handler.go:596	round already finalized
2025-08-15T22:13:55.412-0500	DEBUG	protocol/handler.go:581	tryAdvanceRound called	{"{current_round 20 3  <nil>}": {"Key":"self","Type":15,"Integer":0,"String":"b","Interface":null}}
2025-08-15T22:13:55.412-0500	DEBUG	protocol/handler.go:1591	have processed broadcast	{"{round 20 3  <nil>}": {"Key":"from","Type":15,"Integer":0,"String":"a","Interface":null}}
2025-08-15T22:13:55.412-0500	DEBUG	protocol/handler.go:1649	have all messages and processed	{"{round 20 3  <nil>}": {"Key":"self","Type":15,"Integer":0,"String":"b","Interface":null}}
2025-08-15T22:13:55.412-0500	DEBUG	protocol/handler.go:596	round already finalized
2025-08-15T22:13:55.464-0500	DEBUG	protocol/handler.go:581	tryAdvanceRound called	{"{current_round 20 3  <nil>}": {"Key":"self","Type":15,"Integer":0,"String":"b","Interface":null}}
2025-08-15T22:13:55.464-0500	DEBUG	protocol/handler.go:1591	have processed broadcast	{"{round 20 3  <nil>}": {"Key":"from","Type":15,"Integer":0,"String":"a","Interface":null}}
2025-08-15T22:13:55.464-0500	DEBUG	protocol/handler.go:1649	have all messages and processed	{"{round 20 3  <nil>}": {"Key":"self","Type":15,"Integer":0,"String":"b","Interface":null}}
2025-08-15T22:13:55.464-0500	DEBUG	protocol/handler.go:596	round already finalized
2025-08-15T22:13:55.464-0500	DEBUG	protocol/handler.go:581	tryAdvanceRound called	{"{current_round 20 3  <nil>}": {"Key":"self","Type":15,"Integer":0,"String":"b","Interface":null}}
2025-08-15T22:13:55.464-0500	DEBUG	protocol/handler.go:1591	have processed broadcast	{"{round 20 3  <nil>}": {"Key":"from","Type":15,"Integer":0,"String":"a","Interface":null}}
2025-08-15T22:13:55.464-0500	DEBUG	protocol/handler.go:1649	have all messages and processed	{"{round 20 3  <nil>}": {"Key":"self","Type":15,"Integer":0,"String":"b","Interface":null}}
2025-08-15T22:13:55.481-0500	DEBUG	protocol/handler.go:596	round already finalized
2025-08-15T22:13:55.492-0500	DEBUG	protocol/handler.go:581	tryAdvanceRound called	{"{current_round 20 3  <nil>}": {"Key":"self","Type":15,"Integer":0,"String":"b","Interface":null}}
2025-08-15T22:13:55.493-0500	DEBUG	protocol/handler.go:1591	have processed broadcast	{"{round 20 3  <nil>}": {"Key":"from","Type":15,"Integer":0,"String":"a","Interface":null}}
2025-08-15T22:13:55.493-0500	DEBUG	protocol/handler.go:1649	have all messages and processed	{"{round 20 3  <nil>}": {"Key":"self","Type":15,"Integer":0,"String":"b","Interface":null}}
2025-08-15T22:13:55.493-0500	DEBUG	protocol/handler.go:596	round already finalized
2025-08-15T22:13:55.507-0500	DEBUG	protocol/handler.go:581	tryAdvanceRound called	{"{current_round 20 3  <nil>}": {"Key":"self","Type":15,"Integer":0,"String":"b","Interface":null}}
2025-08-15T22:13:55.507-0500	DEBUG	protocol/handler.go:1591	have processed broadcast	{"{round 20 3  <nil>}": {"Key":"from","Type":15,"Integer":0,"String":"a","Interface":null}}
2025-08-15T22:13:55.507-0500	DEBUG	protocol/handler.go:1649	have all messages and processed	{"{round 20 3  <nil>}": {"Key":"self","Type":15,"Integer":0,"String":"b","Interface":null}}
2025-08-15T22:13:55.507-0500	DEBUG	protocol/handler.go:596	round already finalized
2025-08-15T22:13:55.507-0500	DEBUG	protocol/handler.go:581	tryAdvanceRound called	{"{current_round 20 3  <nil>}": {"Key":"self","Type":15,"Integer":0,"String":"b","Interface":null}}
2025-08-15T22:13:55.507-0500	DEBUG	protocol/handler.go:1591	have processed broadcast	{"{round 20 3  <nil>}": {"Key":"from","Type":15,"Integer":0,"String":"a","Interface":null}}
2025-08-15T22:13:55.507-0500	DEBUG	protocol/handler.go:1649	have all messages and processed	{"{round 20 3  <nil>}": {"Key":"self","Type":15,"Integer":0,"String":"b","Interface":null}}
2025-08-15T22:13:55.507-0500	DEBUG	protocol/handler.go:596	round already finalized
2025-08-15T22:13:55.517-0500	DEBUG	protocol/handler.go:581	tryAdvanceRound called	{"{current_round 20 3  <nil>}": {"Key":"self","Type":15,"Integer":0,"String":"b","Interface":null}}
2025-08-15T22:13:55.525-0500	DEBUG	protocol/handler.go:1591	have processed broadcast	{"{round 20 3  <nil>}": {"Key":"from","Type":15,"Integer":0,"String":"a","Interface":null}}
2025-08-15T22:13:55.525-0500	DEBUG	protocol/handler.go:1649	have all messages and processed	{"{round 20 3  <nil>}": {"Key":"self","Type":15,"Integer":0,"String":"b","Interface":null}}
2025-08-15T22:13:55.525-0500	DEBUG	protocol/handler.go:596	round already finalized
2025-08-15T22:13:55.548-0500	DEBUG	protocol/handler.go:581	tryAdvanceRound called	{"{current_round 20 3  <nil>}": {"Key":"self","Type":15,"Integer":0,"String":"b","Interface":null}}
2025-08-15T22:13:55.548-0500	DEBUG	protocol/handler.go:1591	have processed broadcast	{"{round 20 3  <nil>}": {"Key":"from","Type":15,"Integer":0,"String":"a","Interface":null}}
2025-08-15T22:13:55.548-0500	DEBUG	protocol/handler.go:1649	have all messages and processed	{"{round 20 3  <nil>}": {"Key":"self","Type":15,"Integer":0,"String":"b","Interface":null}}
2025-08-15T22:13:55.548-0500	DEBUG	protocol/handler.go:596	round already finalized
2025-08-15T22:13:55.573-0500	DEBUG	protocol/handler.go:581	tryAdvanceRound called	{"{current_round 20 3  <nil>}": {"Key":"self","Type":15,"Integer":0,"String":"b","Interface":null}}
2025-08-15T22:13:55.573-0500	DEBUG	protocol/handler.go:1591	have processed broadcast	{"{round 20 3  <nil>}": {"Key":"from","Type":15,"Integer":0,"String":"a","Interface":null}}
2025-08-15T22:13:55.573-0500	DEBUG	protocol/handler.go:1649	have all messages and processed	{"{round 20 3  <nil>}": {"Key":"self","Type":15,"Integer":0,"String":"b","Interface":null}}
2025-08-15T22:13:55.573-0500	DEBUG	protocol/handler.go:596	round already finalized
2025-08-15T22:13:55.607-0500	DEBUG	protocol/handler.go:581	tryAdvanceRound called	{"{current_round 20 3  <nil>}": {"Key":"self","Type":15,"Integer":0,"String":"b","Interface":null}}
2025-08-15T22:13:55.607-0500	DEBUG	protocol/handler.go:1591	have processed broadcast	{"{round 20 3  <nil>}": {"Key":"from","Type":15,"Integer":0,"String":"a","Interface":null}}
2025-08-15T22:13:55.607-0500	DEBUG	protocol/handler.go:1649	have all messages and processed	{"{round 20 3  <nil>}": {"Key":"self","Type":15,"Integer":0,"String":"b","Interface":null}}
2025-08-15T22:13:55.607-0500	DEBUG	protocol/handler.go:596	round already finalized
2025-08-15T22:13:55.629-0500	DEBUG	protocol/handler.go:581	tryAdvanceRound called	{"{current_round 20 3  <nil>}": {"Key":"self","Type":15,"Integer":0,"String":"b","Interface":null}}
2025-08-15T22:13:55.629-0500	DEBUG	protocol/handler.go:1591	have processed broadcast	{"{round 20 3  <nil>}": {"Key":"from","Type":15,"Integer":0,"String":"a","Interface":null}}
2025-08-15T22:13:55.629-0500	DEBUG	protocol/handler.go:1649	have all messages and processed	{"{round 20 3  <nil>}": {"Key":"self","Type":15,"Integer":0,"String":"b","Interface":null}}
2025-08-15T22:13:55.629-0500	DEBUG	protocol/handler.go:596	round already finalized
2025-08-15T22:13:55.651-0500	DEBUG	protocol/handler.go:581	tryAdvanceRound called	{"{current_round 20 3  <nil>}": {"Key":"self","Type":15,"Integer":0,"String":"b","Interface":null}}
2025-08-15T22:13:55.651-0500	DEBUG	protocol/handler.go:1591	have processed broadcast	{"{round 20 3  <nil>}": {"Key":"from","Type":15,"Integer":0,"String":"a","Interface":null}}
2025-08-15T22:13:55.651-0500	DEBUG	protocol/handler.go:1649	have all messages and processed	{"{round 20 3  <nil>}": {"Key":"self","Type":15,"Integer":0,"String":"b","Interface":null}}
2025-08-15T22:13:55.651-0500	DEBUG	protocol/handler.go:596	round already finalized
2025-08-15T22:13:55.676-0500	DEBUG	protocol/handler.go:581	tryAdvanceRound called	{"{current_round 20 3  <nil>}": {"Key":"self","Type":15,"Integer":0,"String":"b","Interface":null}}
2025-08-15T22:13:55.676-0500	DEBUG	protocol/handler.go:1591	have processed broadcast	{"{round 20 3  <nil>}": {"Key":"from","Type":15,"Integer":0,"String":"a","Interface":null}}
2025-08-15T22:13:55.676-0500	DEBUG	protocol/handler.go:1649	have all messages and processed	{"{round 20 3  <nil>}": {"Key":"self","Type":15,"Integer":0,"String":"b","Interface":null}}
2025-08-15T22:13:55.676-0500	DEBUG	protocol/handler.go:596	round already finalized
2025-08-15T22:13:55.699-0500	DEBUG	protocol/handler.go:581	tryAdvanceRound called	{"{current_round 20 3  <nil>}": {"Key":"self","Type":15,"Integer":0,"String":"b","Interface":null}}
2025-08-15T22:13:55.699-0500	DEBUG	protocol/handler.go:1591	have processed broadcast	{"{round 20 3  <nil>}": {"Key":"from","Type":15,"Integer":0,"String":"a","Interface":null}}
2025-08-15T22:13:55.699-0500	DEBUG	protocol/handler.go:1649	have all messages and processed	{"{round 20 3  <nil>}": {"Key":"self","Type":15,"Integer":0,"String":"b","Interface":null}}
2025-08-15T22:13:55.699-0500	DEBUG	protocol/handler.go:596	round already finalized
2025-08-15T22:13:55.725-0500	DEBUG	protocol/handler.go:581	tryAdvanceRound called	{"{current_round 20 3  <nil>}": {"Key":"self","Type":15,"Integer":0,"String":"b","Interface":null}}
2025-08-15T22:13:55.725-0500	DEBUG	protocol/handler.go:1591	have processed broadcast	{"{round 20 3  <nil>}": {"Key":"from","Type":15,"Integer":0,"String":"a","Interface":null}}
2025-08-15T22:13:55.725-0500	DEBUG	protocol/handler.go:1649	have all messages and processed	{"{round 20 3  <nil>}": {"Key":"self","Type":15,"Integer":0,"String":"b","Interface":null}}
2025-08-15T22:13:55.725-0500	DEBUG	protocol/handler.go:596	round already finalized
2025-08-15T22:13:55.756-0500	DEBUG	protocol/handler.go:581	tryAdvanceRound called	{"{current_round 20 3  <nil>}": {"Key":"self","Type":15,"Integer":0,"String":"b","Interface":null}}
2025-08-15T22:13:55.757-0500	DEBUG	protocol/handler.go:1591	have processed broadcast	{"{round 20 3  <nil>}": {"Key":"from","Type":15,"Integer":0,"String":"a","Interface":null}}
2025-08-15T22:13:55.757-0500	DEBUG	protocol/handler.go:1649	have all messages and processed	{"{round 20 3  <nil>}": {"Key":"self","Type":15,"Integer":0,"String":"b","Interface":null}}
2025-08-15T22:13:55.757-0500	DEBUG	protocol/handler.go:596	round already finalized
2025-08-15T22:13:55.785-0500	DEBUG	protocol/handler.go:581	tryAdvanceRound called	{"{current_round 20 3  <nil>}": {"Key":"self","Type":15,"Integer":0,"String":"b","Interface":null}}
2025-08-15T22:13:55.785-0500	DEBUG	protocol/handler.go:1591	have processed broadcast	{"{round 20 3  <nil>}": {"Key":"from","Type":15,"Integer":0,"String":"a","Interface":null}}
2025-08-15T22:13:55.785-0500	DEBUG	protocol/handler.go:1649	have all messages and processed	{"{round 20 3  <nil>}": {"Key":"self","Type":15,"Integer":0,"String":"b","Interface":null}}
2025-08-15T22:13:55.785-0500	DEBUG	protocol/handler.go:596	round already finalized
2025-08-15T22:13:55.809-0500	DEBUG	protocol/handler.go:581	tryAdvanceRound called	{"{current_round 20 3  <nil>}": {"Key":"self","Type":15,"Integer":0,"String":"b","Interface":null}}
2025-08-15T22:13:55.809-0500	DEBUG	protocol/handler.go:1591	have processed broadcast	{"{round 20 3  <nil>}": {"Key":"from","Type":15,"Integer":0,"String":"a","Interface":null}}
2025-08-15T22:13:55.809-0500	DEBUG	protocol/handler.go:1649	have all messages and processed	{"{round 20 3  <nil>}": {"Key":"self","Type":15,"Integer":0,"String":"b","Interface":null}}
2025-08-15T22:13:55.809-0500	DEBUG	protocol/handler.go:596	round already finalized
2025-08-15T22:13:55.834-0500	DEBUG	protocol/handler.go:581	tryAdvanceRound called	{"{current_round 20 3  <nil>}": {"Key":"self","Type":15,"Integer":0,"String":"b","Interface":null}}
2025-08-15T22:13:55.834-0500	DEBUG	protocol/handler.go:1591	have processed broadcast	{"{round 20 3  <nil>}": {"Key":"from","Type":15,"Integer":0,"String":"a","Interface":null}}
2025-08-15T22:13:55.834-0500	DEBUG	protocol/handler.go:1649	have all messages and processed	{"{round 20 3  <nil>}": {"Key":"self","Type":15,"Integer":0,"String":"b","Interface":null}}
2025-08-15T22:13:55.834-0500	DEBUG	protocol/handler.go:596	round already finalized
2025-08-15T22:13:55.860-0500	DEBUG	protocol/handler.go:581	tryAdvanceRound called	{"{current_round 20 3  <nil>}": {"Key":"self","Type":15,"Integer":0,"String":"b","Interface":null}}
2025-08-15T22:13:55.860-0500	DEBUG	protocol/handler.go:1591	have processed broadcast	{"{round 20 3  <nil>}": {"Key":"from","Type":15,"Integer":0,"String":"a","Interface":null}}
2025-08-15T22:13:55.860-0500	DEBUG	protocol/handler.go:1649	have all messages and processed	{"{round 20 3  <nil>}": {"Key":"self","Type":15,"Integer":0,"String":"b","Interface":null}}
2025-08-15T22:13:55.860-0500	DEBUG	protocol/handler.go:596	round already finalized
2025-08-15T22:13:55.883-0500	DEBUG	protocol/handler.go:581	tryAdvanceRound called	{"{current_round 20 3  <nil>}": {"Key":"self","Type":15,"Integer":0,"String":"b","Interface":null}}
2025-08-15T22:13:55.883-0500	DEBUG	protocol/handler.go:1591	have processed broadcast	{"{round 20 3  <nil>}": {"Key":"from","Type":15,"Integer":0,"String":"a","Interface":null}}
2025-08-15T22:13:55.883-0500	DEBUG	protocol/handler.go:1649	have all messages and processed	{"{round 20 3  <nil>}": {"Key":"self","Type":15,"Integer":0,"String":"b","Interface":null}}
2025-08-15T22:13:55.883-0500	DEBUG	protocol/handler.go:596	round already finalized
2025-08-15T22:13:55.907-0500	DEBUG	protocol/handler.go:581	tryAdvanceRound called	{"{current_round 20 3  <nil>}": {"Key":"self","Type":15,"Integer":0,"String":"b","Interface":null}}
2025-08-15T22:13:55.907-0500	DEBUG	protocol/handler.go:1591	have processed broadcast	{"{round 20 3  <nil>}": {"Key":"from","Type":15,"Integer":0,"String":"a","Interface":null}}
2025-08-15T22:13:55.907-0500	DEBUG	protocol/handler.go:1649	have all messages and processed	{"{round 20 3  <nil>}": {"Key":"self","Type":15,"Integer":0,"String":"b","Interface":null}}
2025-08-15T22:13:55.907-0500	DEBUG	protocol/handler.go:596	round already finalized
2025-08-15T22:13:55.931-0500	DEBUG	protocol/handler.go:581	tryAdvanceRound called	{"{current_round 20 3  <nil>}": {"Key":"self","Type":15,"Integer":0,"String":"b","Interface":null}}
2025-08-15T22:13:55.931-0500	DEBUG	protocol/handler.go:1591	have processed broadcast	{"{round 20 3  <nil>}": {"Key":"from","Type":15,"Integer":0,"String":"a","Interface":null}}
2025-08-15T22:13:55.931-0500	DEBUG	protocol/handler.go:1649	have all messages and processed	{"{round 20 3  <nil>}": {"Key":"self","Type":15,"Integer":0,"String":"b","Interface":null}}
2025-08-15T22:13:55.931-0500	DEBUG	protocol/handler.go:596	round already finalized
2025-08-15T22:13:55.953-0500	DEBUG	protocol/handler.go:581	tryAdvanceRound called	{"{current_round 20 3  <nil>}": {"Key":"self","Type":15,"Integer":0,"String":"b","Interface":null}}
2025-08-15T22:13:55.953-0500	DEBUG	protocol/handler.go:1591	have processed broadcast	{"{round 20 3  <nil>}": {"Key":"from","Type":15,"Integer":0,"String":"a","Interface":null}}
2025-08-15T22:13:55.953-0500	DEBUG	protocol/handler.go:1649	have all messages and processed	{"{round 20 3  <nil>}": {"Key":"self","Type":15,"Integer":0,"String":"b","Interface":null}}
2025-08-15T22:13:55.953-0500	DEBUG	protocol/handler.go:596	round already finalized
2025-08-15T22:13:55.978-0500	DEBUG	protocol/handler.go:581	tryAdvanceRound called	{"{current_round 20 3  <nil>}": {"Key":"self","Type":15,"Integer":0,"String":"b","Interface":null}}
2025-08-15T22:13:55.978-0500	DEBUG	protocol/handler.go:1591	have processed broadcast	{"{round 20 3  <nil>}": {"Key":"from","Type":15,"Integer":0,"String":"a","Interface":null}}
2025-08-15T22:13:55.978-0500	DEBUG	protocol/handler.go:1649	have all messages and processed	{"{round 20 3  <nil>}": {"Key":"self","Type":15,"Integer":0,"String":"b","Interface":null}}
2025-08-15T22:13:55.978-0500	DEBUG	protocol/handler.go:596	round already finalized
2025-08-15T22:13:56.004-0500	DEBUG	protocol/handler.go:581	tryAdvanceRound called	{"{current_round 20 3  <nil>}": {"Key":"self","Type":15,"Integer":0,"String":"b","Interface":null}}
2025-08-15T22:13:56.004-0500	DEBUG	protocol/handler.go:1591	have processed broadcast	{"{round 20 3  <nil>}": {"Key":"from","Type":15,"Integer":0,"String":"a","Interface":null}}
2025-08-15T22:13:56.004-0500	DEBUG	protocol/handler.go:1649	have all messages and processed	{"{round 20 3  <nil>}": {"Key":"self","Type":15,"Integer":0,"String":"b","Interface":null}}
2025-08-15T22:13:56.004-0500	DEBUG	protocol/handler.go:596	round already finalized
==================
2025-08-15T22:13:56.048-0500	DEBUG	protocol/handler.go:581	tryAdvanceRound called	{"{current_round 20 3  <nil>}": {"Key":"self","Type":15,"Integer":0,"String":"b","Interface":null}}
2025-08-15T22:13:56.048-0500	DEBUG	protocol/handler.go:1591	have processed broadcast	{"{round 20 3  <nil>}": {"Key":"from","Type":15,"Integer":0,"String":"a","Interface":null}}
WARNING: DATA RACE
Read at 0x00c000e0c9f8 by goroutine 82:
  github.com/cronokirby/saferith.maskEnd()
      /Users/z/go/pkg/mod/github.com/cronokirby/saferith@v0.33.0/num.go:261 +0x1b4
  github.com/cronokirby/saferith.(*Nat).resizedLimbs()
      /Users/z/go/pkg/mod/github.com/cronokirby/saferith@v0.33.0/num.go:252 +0x16c
  github.com/cronokirby/saferith.(*Nat).Cmp()
      /Users/z/go/pkg/mod/github.com/cronokirby/saferith@v0.33.0/num.go:1411 +0x90
  github.com/cronokirby/saferith.(*Nat).CmpMod()
      /Users/z/go/pkg/mod/github.com/cronokirby/saferith@v0.33.0/num.go:1430 +0xa8
  github.com/luxfi/threshold/pkg/paillier.PublicKey.ValidateCiphertexts()
      /Users/z/work/lux/threshold/pkg/paillier/public.go:132 +0x7c
  github.com/luxfi/threshold/protocols/cmp/keygen.(*round4).VerifyMessage()
      /Users/z/work/lux/threshold/protocols/cmp/keygen/round4.go:112 +0x1bc
  github.com/luxfi/threshold/pkg/protocol.(*Handler).verifyNormalForRound()
      /Users/z/work/lux/threshold/pkg/protocol/handler.go:1331 +0x348
  github.com/luxfi/threshold/pkg/protocol.(*Handler).retryUnprocessedMessages()
      /Users/z/work/lux/threshold/pkg/protocol/handler.go:1496 +0x3a0
  github.com/luxfi/threshold/pkg/protocol.(*Handler).tryAdvanceRound()
      /Users/z/work/lux/threshold/pkg/protocol/handler.go:587 +0x28c
  github.com/luxfi/threshold/pkg/protocol.(*Handler).roundProcessor()
      /Users/z/work/lux/threshold/pkg/protocol/handler.go:569 +0xb4
  github.com/luxfi/threshold/pkg/protocol.(*Handler).startWorkers.func1()
      /Users/z/work/lux/threshold/pkg/protocol/handler.go:374 +0x78

Previous write at 0x00c000e0c9f8 by goroutine 266:
  github.com/cronokirby/saferith.maskEnd()
      /Users/z/go/pkg/mod/github.com/cronokirby/saferith@v0.33.0/num.go:261 +0x1cc
  github.com/cronokirby/saferith.(*Nat).resizedLimbs()
      /Users/z/go/pkg/mod/github.com/cronokirby/saferith@v0.33.0/num.go:252 +0x16c
  github.com/cronokirby/saferith.(*Nat).Cmp()
      /Users/z/go/pkg/mod/github.com/cronokirby/saferith@v0.33.0/num.go:1411 +0x90
  github.com/cronokirby/saferith.(*Nat).CmpMod()
      /Users/z/go/pkg/mod/github.com/cronokirby/saferith@v0.33.0/num.go:1430 +0xa8
  github.com/luxfi/threshold/pkg/paillier.PublicKey.ValidateCiphertexts()
      /Users/z/work/lux/threshold/pkg/paillier/public.go:132 +0x7c
  github.com/luxfi/threshold/protocols/cmp/keygen.(*round4).VerifyMessage()
      /Users/z/work/lux/threshold/protocols/cmp/keygen/round4.go:112 +0x1bc
  github.com/luxfi/threshold/pkg/protocol.(*Handler).verifyNormalForRound()
      /Users/z/work/lux/threshold/pkg/protocol/handler.go:1331 +0x348
  github.com/luxfi/threshold/pkg/protocol.(*Handler).processQueuedMessages()
      /Users/z/work/lux/threshold/pkg/protocol/handler.go:1556 +0x550
  github.com/luxfi/threshold/pkg/protocol.(*Handler).tryAdvanceRound.gowrap2()
      /Users/z/work/lux/threshold/pkg/protocol/handler.go:673 +0x40

Goroutine 82 (running) created at:
  github.com/luxfi/threshold/pkg/protocol.(*Handler).startWorkers()
      /Users/z/work/lux/threshold/pkg/protocol/handler.go:372 +0x4fc
  github.com/luxfi/threshold/pkg/protocol.NewHandler()
      /Users/z/work/lux/threshold/pkg/protocol/handler.go:247 +0xf10
  github.com/luxfi/threshold/internal/test.(*Harness).CreateHandler()
      /Users/z/work/lux/threshold/internal/test/harness.go:91 +0x2e4
  github.com/luxfi/threshold/internal/test.RunProtocol()
      /Users/z/work/lux/threshold/internal/test/harness.go:270 +0x230
  github.com/luxfi/threshold/protocols/cmp_test.TestCMPBasicKeygen()
      /Users/z/work/lux/threshold/protocols/cmp/cmp_basic_test.go:35 +0x29c
  testing.tRunner()
      /opt/homebrew/Cellar/go/1.24.6/libexec/src/testing/testing.go:1792 +0x180
  testing.(*T).Run.gowrap1()
      /opt/homebrew/Cellar/go/1.24.6/libexec/src/testing/testing.go:1851 +0x40

Goroutine 266 (running) created at:
  github.com/luxfi/threshold/pkg/protocol.(*Handler).tryAdvanceRound()
      /Users/z/work/lux/threshold/pkg/protocol/handler.go:673 +0x12e4
  github.com/luxfi/threshold/pkg/protocol.(*Handler).processMessage()
      /Users/z/work/lux/threshold/pkg/protocol/handler.go:486 +0xbb0
  github.com/luxfi/threshold/pkg/protocol.(*Handler).messageWorker()
      /Users/z/work/lux/threshold/pkg/protocol/handler.go:408 +0x338
  github.com/luxfi/threshold/pkg/protocol.(*Handler).startWorkers.gowrap2()
      /Users/z/work/lux/threshold/pkg/protocol/handler.go:361 +0x44
==================
==================
WARNING: DATA RACE
Write at 0x00c0005a21f8 by goroutine 267:
  github.com/cronokirby/saferith.maskEnd()
      /Users/z/go/pkg/mod/github.com/cronokirby/saferith@v0.33.0/num.go:261 +0x1cc
  github.com/cronokirby/saferith.(*Nat).resizedLimbs()
      /Users/z/go/pkg/mod/github.com/cronokirby/saferith@v0.33.0/num.go:252 +0x16c
  github.com/cronokirby/saferith.(*Nat).Cmp()
      /Users/z/go/pkg/mod/github.com/cronokirby/saferith@v0.33.0/num.go:1411 +0x90
  github.com/cronokirby/saferith.(*Nat).CmpMod()
      /Users/z/go/pkg/mod/github.com/cronokirby/saferith@v0.33.0/num.go:1430 +0x74
  github.com/luxfi/threshold/pkg/math/arith.IsValidNatModN()
      /Users/z/work/lux/threshold/pkg/math/arith/int.go:16 +0x78
  github.com/luxfi/threshold/pkg/pedersen.ValidateParameters()
      /Users/z/work/lux/threshold/pkg/pedersen/pedersen.go:49 +0x78
  github.com/luxfi/threshold/pkg/zk/prm.(*Proof).Verify()
      /Users/z/work/lux/threshold/pkg/zk/prm/prm.go:84 +0xa0
  github.com/luxfi/threshold/protocols/cmp/keygen.(*round4).StoreBroadcastMessage()
      /Users/z/work/lux/threshold/protocols/cmp/keygen/round4.go:84 +0x2c4
  github.com/luxfi/threshold/pkg/protocol.(*Handler).verifyBroadcastForRound()
      /Users/z/work/lux/threshold/pkg/protocol/handler.go:1277 +0x3a0
  github.com/luxfi/threshold/pkg/protocol.(*Handler).processQueuedMessages()
      /Users/z/work/lux/threshold/pkg/protocol/handler.go:1542 +0x404
  github.com/luxfi/threshold/pkg/protocol.(*Handler).tryAdvanceRound.gowrap2()
      /Users/z/work/lux/threshold/pkg/protocol/handler.go:673 +0x40

Previous read at 0x00c0005a21f8 by goroutine 112:
  runtime.slicecopy()
      /opt/homebrew/Cellar/go/1.24.6/libexec/src/runtime/slice.go:355 +0x0
  github.com/cronokirby/saferith.(*Nat).SetNat()
      /Users/z/go/pkg/mod/github.com/cronokirby/saferith@v0.33.0/num.go:540 +0xe4
  github.com/cronokirby/saferith.(*Modulus).Nat()
      /Users/z/go/pkg/mod/github.com/cronokirby/saferith@v0.33.0/num.go:663 +0x27c
  github.com/luxfi/threshold/pkg/zk/fac.(*Proof).Verify()
      /Users/z/work/lux/threshold/pkg/zk/fac/fac.go:122 +0x280
  github.com/luxfi/threshold/protocols/cmp/keygen.(*round4).VerifyMessage()
      /Users/z/work/lux/threshold/protocols/cmp/keygen/round4.go:139 +0x368
  github.com/luxfi/threshold/pkg/protocol.(*Handler).verifyNormal()
      /Users/z/work/lux/threshold/pkg/protocol/handler.go:1450 +0x5c0
  github.com/luxfi/threshold/pkg/protocol.(*Handler).processMessage()
      /Users/z/work/lux/threshold/pkg/protocol/handler.go:482 +0xba8
  github.com/luxfi/threshold/pkg/protocol.(*Handler).messageWorker()
      /Users/z/work/lux/threshold/pkg/protocol/handler.go:408 +0x338
  github.com/luxfi/threshold/pkg/protocol.(*Handler).startWorkers.gowrap1()
      /Users/z/work/lux/threshold/pkg/protocol/handler.go:355 +0x44

Goroutine 267 (running) created at:
  github.com/luxfi/threshold/pkg/protocol.(*Handler).tryAdvanceRound()
      /Users/z/work/lux/threshold/pkg/protocol/handler.go:673 +0x12e4
  github.com/luxfi/threshold/pkg/protocol.(*Handler).processMessage()
      /Users/z/work/lux/threshold/pkg/protocol/handler.go:486 +0xbb0
  github.com/luxfi/threshold/pkg/protocol.(*Handler).messageWorker()
      /Users/z/work/lux/threshold/pkg/protocol/handler.go:408 +0x338
  github.com/luxfi/threshold/pkg/protocol.(*Handler).startWorkers.gowrap2()
      /Users/z/work/lux/threshold/pkg/protocol/handler.go:361 +0x44

Goroutine 112 (running) created at:
  github.com/luxfi/threshold/pkg/protocol.(*Handler).startWorkers()
      /Users/z/work/lux/threshold/pkg/protocol/handler.go:355 +0x27c
  github.com/luxfi/threshold/pkg/protocol.NewHandler()
      /Users/z/work/lux/threshold/pkg/protocol/handler.go:247 +0xf10
  github.com/luxfi/threshold/internal/test.(*Harness).CreateHandler()
      /Users/z/work/lux/threshold/internal/test/harness.go:91 +0x2e4
  github.com/luxfi/threshold/internal/test.RunProtocol()
      /Users/z/work/lux/threshold/internal/test/harness.go:270 +0x230
  github.com/luxfi/threshold/protocols/cmp_test.TestCMPBasicKeygen()
      /Users/z/work/lux/threshold/protocols/cmp/cmp_basic_test.go:35 +0x29c
  testing.tRunner()
      /opt/homebrew/Cellar/go/1.24.6/libexec/src/testing/testing.go:1792 +0x180
  testing.(*T).Run.gowrap1()
      /opt/homebrew/Cellar/go/1.24.6/libexec/src/testing/testing.go:1851 +0x40
==================
2025-08-15T22:13:56.059-0500	DEBUG	protocol/handler.go:1649	have all messages and processed	{"{round 20 3  <nil>}": {"Key":"self","Type":15,"Integer":0,"String":"b","Interface":null}}
2025-08-15T22:13:56.059-0500	DEBUG	protocol/handler.go:596	round already finalized
2025-08-15T22:13:56.060-0500	DEBUG	protocol/handler.go:581	tryAdvanceRound called	{"{current_round 20 3  <nil>}": {"Key":"self","Type":15,"Integer":0,"String":"b","Interface":null}}
2025-08-15T22:13:56.060-0500	DEBUG	protocol/handler.go:1591	have processed broadcast	{"{round 20 3  <nil>}": {"Key":"from","Type":15,"Integer":0,"String":"a","Interface":null}}
2025-08-15T22:13:56.060-0500	DEBUG	protocol/handler.go:1649	have all messages and processed	{"{round 20 3  <nil>}": {"Key":"self","Type":15,"Integer":0,"String":"b","Interface":null}}
2025-08-15T22:13:56.060-0500	DEBUG	protocol/handler.go:596	round already finalized
2025-08-15T22:13:56.060-0500	DEBUG	protocol/handler.go:581	tryAdvanceRound called	{"{current_round 20 3  <nil>}": {"Key":"self","Type":15,"Integer":0,"String":"b","Interface":null}}
2025-08-15T22:13:56.060-0500	DEBUG	protocol/handler.go:1591	have processed broadcast	{"{round 20 3  <nil>}": {"Key":"from","Type":15,"Integer":0,"String":"a","Interface":null}}
2025-08-15T22:13:56.060-0500	DEBUG	protocol/handler.go:1649	have all messages and processed	{"{round 20 3  <nil>}": {"Key":"self","Type":15,"Integer":0,"String":"b","Interface":null}}
2025-08-15T22:13:56.061-0500	DEBUG	protocol/handler.go:596	round already finalized
==================
WARNING: DATA RACE
Read at 0x00c00010d0f8 by goroutine 82:
  runtime.slicecopy()
      /opt/homebrew/Cellar/go/1.24.6/libexec/src/runtime/slice.go:355 +0x0
  github.com/cronokirby/saferith.(*Nat).SetNat()
      /Users/z/go/pkg/mod/github.com/cronokirby/saferith@v0.33.0/num.go:540 +0xe4
  github.com/cronokirby/saferith.(*Modulus).Nat()
      /Users/z/go/pkg/mod/github.com/cronokirby/saferith@v0.33.0/num.go:663 +0xa0
  github.com/luxfi/threshold/pkg/pedersen.(*Parameters).WriteTo()
      /Users/z/work/lux/threshold/pkg/pedersen/pedersen.go:113 +0x54
  github.com/luxfi/threshold/pkg/hash.(*Hash).WriteAny()
      /Users/z/work/lux/threshold/pkg/hash/hash.go:85 +0x5f4
  github.com/luxfi/threshold/pkg/zk/fac.challenge()
      /Users/z/work/lux/threshold/pkg/zk/fac/fac.go:138 +0x160
  github.com/luxfi/threshold/pkg/zk/fac.(*Proof).Verify()
      /Users/z/work/lux/threshold/pkg/zk/fac/fac.go:102 +0x8c
  github.com/luxfi/threshold/protocols/cmp/keygen.(*round4).VerifyMessage()
      /Users/z/work/lux/threshold/protocols/cmp/keygen/round4.go:139 +0x368
  github.com/luxfi/threshold/pkg/protocol.(*Handler).verifyNormalForRound()
      /Users/z/work/lux/threshold/pkg/protocol/handler.go:1331 +0x348
  github.com/luxfi/threshold/pkg/protocol.(*Handler).retryUnprocessedMessages()
      /Users/z/work/lux/threshold/pkg/protocol/handler.go:1496 +0x3a0
  github.com/luxfi/threshold/pkg/protocol.(*Handler).tryAdvanceRound()
      /Users/z/work/lux/threshold/pkg/protocol/handler.go:587 +0x28c
  github.com/luxfi/threshold/pkg/protocol.(*Handler).roundProcessor()
      /Users/z/work/lux/threshold/pkg/protocol/handler.go:569 +0xb4
  github.com/luxfi/threshold/pkg/protocol.(*Handler).startWorkers.func1()
      /Users/z/work/lux/threshold/pkg/protocol/handler.go:374 +0x78

Previous write at 0x00c00010d0f8 by goroutine 266:
  github.com/cronokirby/saferith.maskEnd()
      /Users/z/go/pkg/mod/github.com/cronokirby/saferith@v0.33.0/num.go:261 +0x1cc
  github.com/cronokirby/saferith.(*Nat).resizedLimbs()
      /Users/z/go/pkg/mod/github.com/cronokirby/saferith@v0.33.0/num.go:252 +0x16c
  github.com/cronokirby/saferith.(*Nat).Cmp()
      /Users/z/go/pkg/mod/github.com/cronokirby/saferith@v0.33.0/num.go:1411 +0x90
  github.com/cronokirby/saferith.(*Nat).CmpMod()
      /Users/z/go/pkg/mod/github.com/cronokirby/saferith@v0.33.0/num.go:1430 +0x74
  github.com/luxfi/threshold/pkg/math/arith.IsValidNatModN()
      /Users/z/work/lux/threshold/pkg/math/arith/int.go:16 +0x78
  github.com/luxfi/threshold/pkg/pedersen.Parameters.Verify()
      /Users/z/work/lux/threshold/pkg/pedersen/pedersen.go:91 +0xc0
  github.com/luxfi/threshold/pkg/zk/fac.(*Proof).Verify()
      /Users/z/work/lux/threshold/pkg/zk/fac/fac.go:111 +0x170
  github.com/luxfi/threshold/protocols/cmp/keygen.(*round4).VerifyMessage()
      /Users/z/work/lux/threshold/protocols/cmp/keygen/round4.go:139 +0x368
  github.com/luxfi/threshold/pkg/protocol.(*Handler).verifyNormalForRound()
      /Users/z/work/lux/threshold/pkg/protocol/handler.go:1331 +0x348
  github.com/luxfi/threshold/pkg/protocol.(*Handler).processQueuedMessages()
      /Users/z/work/lux/threshold/pkg/protocol/handler.go:1556 +0x550
  github.com/luxfi/threshold/pkg/protocol.(*Handler).tryAdvanceRound.gowrap2()
      /Users/z/work/lux/threshold/pkg/protocol/handler.go:673 +0x40

Goroutine 82 (running) created at:
  github.com/luxfi/threshold/pkg/protocol.(*Handler).startWorkers()
      /Users/z/work/lux/threshold/pkg/protocol/handler.go:372 +0x4fc
  github.com/luxfi/threshold/pkg/protocol.NewHandler()
      /Users/z/work/lux/threshold/pkg/protocol/handler.go:247 +0xf10
  github.com/luxfi/threshold/internal/test.(*Harness).CreateHandler()
      /Users/z/work/lux/threshold/internal/test/harness.go:91 +0x2e4
  github.com/luxfi/threshold/internal/test.RunProtocol()
      /Users/z/work/lux/threshold/internal/test/harness.go:270 +0x230
  github.com/luxfi/threshold/protocols/cmp_test.TestCMPBasicKeygen()
      /Users/z/work/lux/threshold/protocols/cmp/cmp_basic_test.go:35 +0x29c
  testing.tRunner()
      /opt/homebrew/Cellar/go/1.24.6/libexec/src/testing/testing.go:1792 +0x180
  testing.(*T).Run.gowrap1()
      /opt/homebrew/Cellar/go/1.24.6/libexec/src/testing/testing.go:1851 +0x40

Goroutine 266 (running) created at:
  github.com/luxfi/threshold/pkg/protocol.(*Handler).tryAdvanceRound()
      /Users/z/work/lux/threshold/pkg/protocol/handler.go:673 +0x12e4
  github.com/luxfi/threshold/pkg/protocol.(*Handler).processMessage()
      /Users/z/work/lux/threshold/pkg/protocol/handler.go:486 +0xbb0
  github.com/luxfi/threshold/pkg/protocol.(*Handler).messageWorker()
      /Users/z/work/lux/threshold/pkg/protocol/handler.go:408 +0x338
  github.com/luxfi/threshold/pkg/protocol.(*Handler).startWorkers.gowrap2()
      /Users/z/work/lux/threshold/pkg/protocol/handler.go:361 +0x44
==================
2025-08-15T22:13:56.083-0500	DEBUG	protocol/handler.go:581	tryAdvanceRound called	{"{current_round 20 3  <nil>}": {"Key":"self","Type":15,"Integer":0,"String":"b","Interface":null}}
2025-08-15T22:13:56.083-0500	DEBUG	protocol/handler.go:1591	have processed broadcast	{"{round 20 3  <nil>}": {"Key":"from","Type":15,"Integer":0,"String":"a","Interface":null}}
2025-08-15T22:13:56.083-0500	DEBUG	protocol/handler.go:1649	have all messages and processed	{"{round 20 3  <nil>}": {"Key":"self","Type":15,"Integer":0,"String":"b","Interface":null}}
2025-08-15T22:13:56.083-0500	DEBUG	protocol/handler.go:596	round already finalized
2025-08-15T22:13:56.108-0500	DEBUG	protocol/handler.go:581	tryAdvanceRound called	{"{current_round 20 3  <nil>}": {"Key":"self","Type":15,"Integer":0,"String":"b","Interface":null}}
2025-08-15T22:13:56.108-0500	DEBUG	protocol/handler.go:1591	have processed broadcast	{"{round 20 3  <nil>}": {"Key":"from","Type":15,"Integer":0,"String":"a","Interface":null}}
2025-08-15T22:13:56.108-0500	DEBUG	protocol/handler.go:1649	have all messages and processed	{"{round 20 3  <nil>}": {"Key":"self","Type":15,"Integer":0,"String":"b","Interface":null}}
2025-08-15T22:13:56.108-0500	DEBUG	protocol/handler.go:596	round already finalized
2025-08-15T22:13:56.135-0500	DEBUG	protocol/handler.go:581	tryAdvanceRound called	{"{current_round 20 3  <nil>}": {"Key":"self","Type":15,"Integer":0,"String":"b","Interface":null}}
2025-08-15T22:13:56.135-0500	DEBUG	protocol/handler.go:1591	have processed broadcast	{"{round 20 3  <nil>}": {"Key":"from","Type":15,"Integer":0,"String":"a","Interface":null}}
2025-08-15T22:13:56.136-0500	DEBUG	protocol/handler.go:1649	have all messages and processed	{"{round 20 3  <nil>}": {"Key":"self","Type":15,"Integer":0,"String":"b","Interface":null}}
2025-08-15T22:13:56.136-0500	DEBUG	protocol/handler.go:596	round already finalized
2025-08-15T22:13:56.156-0500	DEBUG	protocol/handler.go:581	tryAdvanceRound called	{"{current_round 20 3  <nil>}": {"Key":"self","Type":15,"Integer":0,"String":"b","Interface":null}}
2025-08-15T22:13:56.156-0500	DEBUG	protocol/handler.go:1591	have processed broadcast	{"{round 20 3  <nil>}": {"Key":"from","Type":15,"Integer":0,"String":"a","Interface":null}}
2025-08-15T22:13:56.156-0500	DEBUG	protocol/handler.go:1649	have all messages and processed	{"{round 20 3  <nil>}": {"Key":"self","Type":15,"Integer":0,"String":"b","Interface":null}}
2025-08-15T22:13:56.156-0500	DEBUG	protocol/handler.go:596	round already finalized
2025-08-15T22:13:56.156-0500	DEBUG	protocol/handler.go:581	tryAdvanceRound called	{"{current_round 20 3  <nil>}": {"Key":"self","Type":15,"Integer":0,"String":"b","Interface":null}}
2025-08-15T22:13:56.156-0500	DEBUG	protocol/handler.go:1591	have processed broadcast	{"{round 20 3  <nil>}": {"Key":"from","Type":15,"Integer":0,"String":"a","Interface":null}}
2025-08-15T22:13:56.156-0500	DEBUG	protocol/handler.go:1649	have all messages and processed	{"{round 20 3  <nil>}": {"Key":"self","Type":15,"Integer":0,"String":"b","Interface":null}}
2025-08-15T22:13:56.156-0500	DEBUG	protocol/handler.go:596	round already finalized
2025-08-15T22:13:56.183-0500	DEBUG	protocol/handler.go:581	tryAdvanceRound called	{"{current_round 20 3  <nil>}": {"Key":"self","Type":15,"Integer":0,"String":"b","Interface":null}}
2025-08-15T22:13:56.184-0500	DEBUG	protocol/handler.go:1591	have processed broadcast	{"{round 20 3  <nil>}": {"Key":"from","Type":15,"Integer":0,"String":"a","Interface":null}}
2025-08-15T22:13:56.184-0500	DEBUG	protocol/handler.go:1649	have all messages and processed	{"{round 20 3  <nil>}": {"Key":"self","Type":15,"Integer":0,"String":"b","Interface":null}}
2025-08-15T22:13:56.185-0500	DEBUG	protocol/handler.go:596	round already finalized
2025-08-15T22:13:56.202-0500	DEBUG	protocol/handler.go:581	tryAdvanceRound called	{"{current_round 20 3  <nil>}": {"Key":"self","Type":15,"Integer":0,"String":"b","Interface":null}}
2025-08-15T22:13:56.203-0500	DEBUG	protocol/handler.go:1591	have processed broadcast	{"{round 20 3  <nil>}": {"Key":"from","Type":15,"Integer":0,"String":"a","Interface":null}}
2025-08-15T22:13:56.203-0500	DEBUG	protocol/handler.go:1649	have all messages and processed	{"{round 20 3  <nil>}": {"Key":"self","Type":15,"Integer":0,"String":"b","Interface":null}}
2025-08-15T22:13:56.203-0500	DEBUG	protocol/handler.go:596	round already finalized
2025-08-15T22:13:56.225-0500	DEBUG	protocol/handler.go:581	tryAdvanceRound called	{"{current_round 20 3  <nil>}": {"Key":"self","Type":15,"Integer":0,"String":"b","Interface":null}}
2025-08-15T22:13:56.225-0500	DEBUG	protocol/handler.go:1591	have processed broadcast	{"{round 20 3  <nil>}": {"Key":"from","Type":15,"Integer":0,"String":"a","Interface":null}}
2025-08-15T22:13:56.225-0500	DEBUG	protocol/handler.go:1649	have all messages and processed	{"{round 20 3  <nil>}": {"Key":"self","Type":15,"Integer":0,"String":"b","Interface":null}}
2025-08-15T22:13:56.225-0500	DEBUG	protocol/handler.go:596	round already finalized
2025-08-15T22:13:56.250-0500	DEBUG	protocol/handler.go:581	tryAdvanceRound called	{"{current_round 20 3  <nil>}": {"Key":"self","Type":15,"Integer":0,"String":"b","Interface":null}}
2025-08-15T22:13:56.251-0500	DEBUG	protocol/handler.go:1591	have processed broadcast	{"{round 20 3  <nil>}": {"Key":"from","Type":15,"Integer":0,"String":"a","Interface":null}}
2025-08-15T22:13:56.251-0500	DEBUG	protocol/handler.go:1649	have all messages and processed	{"{round 20 3  <nil>}": {"Key":"self","Type":15,"Integer":0,"String":"b","Interface":null}}
2025-08-15T22:13:56.251-0500	DEBUG	protocol/handler.go:596	round already finalized
2025-08-15T22:13:56.275-0500	DEBUG	protocol/handler.go:581	tryAdvanceRound called	{"{current_round 20 3  <nil>}": {"Key":"self","Type":15,"Integer":0,"String":"b","Interface":null}}
2025-08-15T22:13:56.275-0500	DEBUG	protocol/handler.go:1591	have processed broadcast	{"{round 20 3  <nil>}": {"Key":"from","Type":15,"Integer":0,"String":"a","Interface":null}}
2025-08-15T22:13:56.275-0500	DEBUG	protocol/handler.go:1649	have all messages and processed	{"{round 20 3  <nil>}": {"Key":"self","Type":15,"Integer":0,"String":"b","Interface":null}}
2025-08-15T22:13:56.275-0500	DEBUG	protocol/handler.go:596	round already finalized
2025-08-15T22:13:56.287-0500	DEBUG	protocol/handler.go:581	tryAdvanceRound called	{"{current_round 20 3  <nil>}": {"Key":"self","Type":15,"Integer":0,"String":"b","Interface":null}}
2025-08-15T22:13:56.288-0500	DEBUG	protocol/handler.go:1591	have processed broadcast	{"{round 20 3  <nil>}": {"Key":"from","Type":15,"Integer":0,"String":"a","Interface":null}}
2025-08-15T22:13:56.288-0500	DEBUG	protocol/handler.go:1649	have all messages and processed	{"{round 20 3  <nil>}": {"Key":"self","Type":15,"Integer":0,"String":"b","Interface":null}}
2025-08-15T22:13:56.288-0500	DEBUG	protocol/handler.go:596	round already finalized
2025-08-15T22:13:56.313-0500	DEBUG	protocol/handler.go:581	tryAdvanceRound called	{"{current_round 20 3  <nil>}": {"Key":"self","Type":15,"Integer":0,"String":"b","Interface":null}}
2025-08-15T22:13:56.313-0500	DEBUG	protocol/handler.go:1591	have processed broadcast	{"{round 20 3  <nil>}": {"Key":"from","Type":15,"Integer":0,"String":"a","Interface":null}}
2025-08-15T22:13:56.313-0500	DEBUG	protocol/handler.go:1649	have all messages and processed	{"{round 20 3  <nil>}": {"Key":"self","Type":15,"Integer":0,"String":"b","Interface":null}}
2025-08-15T22:13:56.313-0500	DEBUG	protocol/handler.go:596	round already finalized
2025-08-15T22:13:56.360-0500	DEBUG	protocol/handler.go:581	tryAdvanceRound called	{"{current_round 20 3  <nil>}": {"Key":"self","Type":15,"Integer":0,"String":"b","Interface":null}}
2025-08-15T22:13:56.364-0500	DEBUG	protocol/handler.go:1591	have processed broadcast	{"{round 20 3  <nil>}": {"Key":"from","Type":15,"Integer":0,"String":"a","Interface":null}}
2025-08-15T22:13:56.364-0500	DEBUG	protocol/handler.go:1649	have all messages and processed	{"{round 20 3  <nil>}": {"Key":"self","Type":15,"Integer":0,"String":"b","Interface":null}}
2025-08-15T22:13:56.364-0500	DEBUG	protocol/handler.go:596	round already finalized
2025-08-15T22:13:56.364-0500	DEBUG	protocol/handler.go:581	tryAdvanceRound called	{"{current_round 20 3  <nil>}": {"Key":"self","Type":15,"Integer":0,"String":"b","Interface":null}}
2025-08-15T22:13:56.364-0500	DEBUG	protocol/handler.go:1591	have processed broadcast	{"{round 20 3  <nil>}": {"Key":"from","Type":15,"Integer":0,"String":"a","Interface":null}}
2025-08-15T22:13:56.364-0500	DEBUG	protocol/handler.go:1649	have all messages and processed	{"{round 20 3  <nil>}": {"Key":"self","Type":15,"Integer":0,"String":"b","Interface":null}}
2025-08-15T22:13:56.364-0500	DEBUG	protocol/handler.go:596	round already finalized
2025-08-15T22:13:56.384-0500	DEBUG	protocol/handler.go:581	tryAdvanceRound called	{"{current_round 20 3  <nil>}": {"Key":"self","Type":15,"Integer":0,"String":"b","Interface":null}}
2025-08-15T22:13:56.384-0500	DEBUG	protocol/handler.go:1591	have processed broadcast	{"{round 20 3  <nil>}": {"Key":"from","Type":15,"Integer":0,"String":"a","Interface":null}}
2025-08-15T22:13:56.384-0500	DEBUG	protocol/handler.go:1649	have all messages and processed	{"{round 20 3  <nil>}": {"Key":"self","Type":15,"Integer":0,"String":"b","Interface":null}}
2025-08-15T22:13:56.384-0500	DEBUG	protocol/handler.go:596	round already finalized
==================
WARNING: DATA RACE
Read at 0x00c00010d0f8 by goroutine 266:
  github.com/cronokirby/saferith.shiftAddIn()
      /Users/z/go/pkg/mod/github.com/cronokirby/saferith@v0.33.0/num.go:793 +0x360
  github.com/cronokirby/saferith.(*Nat).Mod()
      /Users/z/go/pkg/mod/github.com/cronokirby/saferith@v0.33.0/num.go:889 +0x2d0
  github.com/cronokirby/saferith.(*Nat).ModMul()
      /Users/z/go/pkg/mod/github.com/cronokirby/saferith@v0.33.0/num.go:1185 +0xac
  github.com/luxfi/threshold/pkg/math/arith.(*Modulus).Exp()
      /Users/z/work/lux/threshold/pkg/math/arith/modulus.go:55 +0x168
  github.com/luxfi/threshold/pkg/math/arith.(*Modulus).ExpI()
      /Users/z/work/lux/threshold/pkg/math/arith/modulus.go:67 +0xa8
  github.com/luxfi/threshold/pkg/pedersen.Parameters.Verify()
      /Users/z/work/lux/threshold/pkg/pedersen/pedersen.go:95 +0xd4
  github.com/luxfi/threshold/pkg/zk/fac.(*Proof).Verify()
      /Users/z/work/lux/threshold/pkg/zk/fac/fac.go:111 +0x170
  github.com/luxfi/threshold/protocols/cmp/keygen.(*round4).VerifyMessage()
      /Users/z/work/lux/threshold/protocols/cmp/keygen/round4.go:139 +0x368
  github.com/luxfi/threshold/pkg/protocol.(*Handler).verifyNormalForRound()
      /Users/z/work/lux/threshold/pkg/protocol/handler.go:1331 +0x348
  github.com/luxfi/threshold/pkg/protocol.(*Handler).processQueuedMessages()
      /Users/z/work/lux/threshold/pkg/protocol/handler.go:1556 +0x550
  github.com/luxfi/threshold/pkg/protocol.(*Handler).tryAdvanceRound.gowrap2()
      /Users/z/work/lux/threshold/pkg/protocol/handler.go:673 +0x40

Previous write at 0x00c00010d0f8 by goroutine 82:
  github.com/cronokirby/saferith.maskEnd()
      /Users/z/go/pkg/mod/github.com/cronokirby/saferith@v0.33.0/num.go:261 +0x1cc
  github.com/cronokirby/saferith.(*Nat).resizedLimbs()
      /Users/z/go/pkg/mod/github.com/cronokirby/saferith@v0.33.0/num.go:252 +0x16c
  github.com/cronokirby/saferith.(*Nat).Cmp()
      /Users/z/go/pkg/mod/github.com/cronokirby/saferith@v0.33.0/num.go:1411 +0x90
  github.com/cronokirby/saferith.(*Nat).CmpMod()
      /Users/z/go/pkg/mod/github.com/cronokirby/saferith@v0.33.0/num.go:1430 +0x74
  github.com/luxfi/threshold/pkg/math/arith.IsValidNatModN()
      /Users/z/work/lux/threshold/pkg/math/arith/int.go:16 +0x78
  github.com/luxfi/threshold/pkg/pedersen.Parameters.Verify()
      /Users/z/work/lux/threshold/pkg/pedersen/pedersen.go:91 +0xc0
  github.com/luxfi/threshold/pkg/zk/fac.(*Proof).Verify()
      /Users/z/work/lux/threshold/pkg/zk/fac/fac.go:111 +0x170
  github.com/luxfi/threshold/protocols/cmp/keygen.(*round4).VerifyMessage()
      /Users/z/work/lux/threshold/protocols/cmp/keygen/round4.go:139 +0x368
  github.com/luxfi/threshold/pkg/protocol.(*Handler).verifyNormalForRound()
      /Users/z/work/lux/threshold/pkg/protocol/handler.go:1331 +0x348
  github.com/luxfi/threshold/pkg/protocol.(*Handler).retryUnprocessedMessages()
      /Users/z/work/lux/threshold/pkg/protocol/handler.go:1496 +0x3a0
  github.com/luxfi/threshold/pkg/protocol.(*Handler).tryAdvanceRound()
      /Users/z/work/lux/threshold/pkg/protocol/handler.go:587 +0x28c
  github.com/luxfi/threshold/pkg/protocol.(*Handler).roundProcessor()
      /Users/z/work/lux/threshold/pkg/protocol/handler.go:569 +0xb4
  github.com/luxfi/threshold/pkg/protocol.(*Handler).startWorkers.func1()
      /Users/z/work/lux/threshold/pkg/protocol/handler.go:374 +0x78

Goroutine 266 (running) created at:
  github.com/luxfi/threshold/pkg/protocol.(*Handler).tryAdvanceRound()
      /Users/z/work/lux/threshold/pkg/protocol/handler.go:673 +0x12e4
  github.com/luxfi/threshold/pkg/protocol.(*Handler).processMessage()
      /Users/z/work/lux/threshold/pkg/protocol/handler.go:486 +0xbb0
  github.com/luxfi/threshold/pkg/protocol.(*Handler).messageWorker()
      /Users/z/work/lux/threshold/pkg/protocol/handler.go:408 +0x338
  github.com/luxfi/threshold/pkg/protocol.(*Handler).startWorkers.gowrap2()
      /Users/z/work/lux/threshold/pkg/protocol/handler.go:361 +0x44

Goroutine 82 (running) created at:
  github.com/luxfi/threshold/pkg/protocol.(*Handler).startWorkers()
      /Users/z/work/lux/threshold/pkg/protocol/handler.go:372 +0x4fc
  github.com/luxfi/threshold/pkg/protocol.NewHandler()
      /Users/z/work/lux/threshold/pkg/protocol/handler.go:247 +0xf10
  github.com/luxfi/threshold/internal/test.(*Harness).CreateHandler()
      /Users/z/work/lux/threshold/internal/test/harness.go:91 +0x2e4
  github.com/luxfi/threshold/internal/test.RunProtocol()
      /Users/z/work/lux/threshold/internal/test/harness.go:270 +0x230
  github.com/luxfi/threshold/protocols/cmp_test.TestCMPBasicKeygen()
      /Users/z/work/lux/threshold/protocols/cmp/cmp_basic_test.go:35 +0x29c
  testing.tRunner()
      /opt/homebrew/Cellar/go/1.24.6/libexec/src/testing/testing.go:1792 +0x180
  testing.(*T).Run.gowrap1()
      /opt/homebrew/Cellar/go/1.24.6/libexec/src/testing/testing.go:1851 +0x40
==================
2025-08-15T22:13:56.408-0500	DEBUG	protocol/handler.go:581	tryAdvanceRound called	{"{current_round 20 3  <nil>}": {"Key":"self","Type":15,"Integer":0,"String":"b","Interface":null}}
2025-08-15T22:13:56.408-0500	DEBUG	protocol/handler.go:1591	have processed broadcast	{"{round 20 3  <nil>}": {"Key":"from","Type":15,"Integer":0,"String":"a","Interface":null}}
2025-08-15T22:13:56.408-0500	DEBUG	protocol/handler.go:1649	have all messages and processed	{"{round 20 3  <nil>}": {"Key":"self","Type":15,"Integer":0,"String":"b","Interface":null}}
2025-08-15T22:13:56.408-0500	DEBUG	protocol/handler.go:596	round already finalized
2025-08-15T22:13:56.430-0500	DEBUG	protocol/handler.go:581	tryAdvanceRound called	{"{current_round 20 3  <nil>}": {"Key":"self","Type":15,"Integer":0,"String":"b","Interface":null}}
2025-08-15T22:13:56.430-0500	DEBUG	protocol/handler.go:1591	have processed broadcast	{"{round 20 3  <nil>}": {"Key":"from","Type":15,"Integer":0,"String":"a","Interface":null}}
2025-08-15T22:13:56.430-0500	DEBUG	protocol/handler.go:1649	have all messages and processed	{"{round 20 3  <nil>}": {"Key":"self","Type":15,"Integer":0,"String":"b","Interface":null}}
2025-08-15T22:13:56.430-0500	DEBUG	protocol/handler.go:596	round already finalized
2025-08-15T22:13:56.451-0500	DEBUG	protocol/handler.go:581	tryAdvanceRound called	{"{current_round 20 3  <nil>}": {"Key":"self","Type":15,"Integer":0,"String":"b","Interface":null}}
2025-08-15T22:13:56.451-0500	DEBUG	protocol/handler.go:1591	have processed broadcast	{"{round 20 3  <nil>}": {"Key":"from","Type":15,"Integer":0,"String":"a","Interface":null}}
2025-08-15T22:13:56.451-0500	DEBUG	protocol/handler.go:1649	have all messages and processed	{"{round 20 3  <nil>}": {"Key":"self","Type":15,"Integer":0,"String":"b","Interface":null}}
2025-08-15T22:13:56.451-0500	DEBUG	protocol/handler.go:596	round already finalized
2025-08-15T22:13:56.476-0500	DEBUG	protocol/handler.go:581	tryAdvanceRound called	{"{current_round 20 3  <nil>}": {"Key":"self","Type":15,"Integer":0,"String":"b","Interface":null}}
2025-08-15T22:13:56.476-0500	DEBUG	protocol/handler.go:1591	have processed broadcast	{"{round 20 3  <nil>}": {"Key":"from","Type":15,"Integer":0,"String":"a","Interface":null}}
2025-08-15T22:13:56.476-0500	DEBUG	protocol/handler.go:1649	have all messages and processed	{"{round 20 3  <nil>}": {"Key":"self","Type":15,"Integer":0,"String":"b","Interface":null}}
2025-08-15T22:13:56.476-0500	DEBUG	protocol/handler.go:596	round already finalized
2025-08-15T22:13:56.510-0500	DEBUG	protocol/handler.go:581	tryAdvanceRound called	{"{current_round 20 3  <nil>}": {"Key":"self","Type":15,"Integer":0,"String":"b","Interface":null}}
2025-08-15T22:13:56.524-0500	DEBUG	protocol/handler.go:1591	have processed broadcast	{"{round 20 3  <nil>}": {"Key":"from","Type":15,"Integer":0,"String":"a","Interface":null}}
2025-08-15T22:13:56.526-0500	DEBUG	protocol/handler.go:1649	have all messages and processed	{"{round 20 3  <nil>}": {"Key":"self","Type":15,"Integer":0,"String":"b","Interface":null}}
2025-08-15T22:13:56.527-0500	DEBUG	protocol/handler.go:596	round already finalized
2025-08-15T22:13:56.547-0500	DEBUG	protocol/handler.go:581	tryAdvanceRound called	{"{current_round 20 3  <nil>}": {"Key":"self","Type":15,"Integer":0,"String":"b","Interface":null}}
2025-08-15T22:13:56.547-0500	DEBUG	protocol/handler.go:1591	have processed broadcast	{"{round 20 3  <nil>}": {"Key":"from","Type":15,"Integer":0,"String":"a","Interface":null}}
2025-08-15T22:13:56.547-0500	DEBUG	protocol/handler.go:1649	have all messages and processed	{"{round 20 3  <nil>}": {"Key":"self","Type":15,"Integer":0,"String":"b","Interface":null}}
2025-08-15T22:13:56.547-0500	DEBUG	protocol/handler.go:596	round already finalized
2025-08-15T22:13:56.547-0500	DEBUG	protocol/handler.go:581	tryAdvanceRound called	{"{current_round 20 3  <nil>}": {"Key":"self","Type":15,"Integer":0,"String":"b","Interface":null}}
2025-08-15T22:13:56.571-0500	DEBUG	protocol/handler.go:1591	have processed broadcast	{"{round 20 3  <nil>}": {"Key":"from","Type":15,"Integer":0,"String":"a","Interface":null}}
2025-08-15T22:13:56.571-0500	DEBUG	protocol/handler.go:1649	have all messages and processed	{"{round 20 3  <nil>}": {"Key":"self","Type":15,"Integer":0,"String":"b","Interface":null}}
2025-08-15T22:13:56.571-0500	DEBUG	protocol/handler.go:596	round already finalized
2025-08-15T22:13:56.571-0500	DEBUG	protocol/handler.go:581	tryAdvanceRound called	{"{current_round 20 3  <nil>}": {"Key":"self","Type":15,"Integer":0,"String":"b","Interface":null}}
2025-08-15T22:13:56.571-0500	DEBUG	protocol/handler.go:1591	have processed broadcast	{"{round 20 3  <nil>}": {"Key":"from","Type":15,"Integer":0,"String":"a","Interface":null}}
2025-08-15T22:13:56.571-0500	DEBUG	protocol/handler.go:1649	have all messages and processed	{"{round 20 3  <nil>}": {"Key":"self","Type":15,"Integer":0,"String":"b","Interface":null}}
2025-08-15T22:13:56.571-0500	DEBUG	protocol/handler.go:596	round already finalized
2025-08-15T22:13:56.595-0500	DEBUG	protocol/handler.go:581	tryAdvanceRound called	{"{current_round 20 3  <nil>}": {"Key":"self","Type":15,"Integer":0,"String":"b","Interface":null}}
2025-08-15T22:13:56.595-0500	DEBUG	protocol/handler.go:1591	have processed broadcast	{"{round 20 3  <nil>}": {"Key":"from","Type":15,"Integer":0,"String":"a","Interface":null}}
2025-08-15T22:13:56.595-0500	DEBUG	protocol/handler.go:1649	have all messages and processed	{"{round 20 3  <nil>}": {"Key":"self","Type":15,"Integer":0,"String":"b","Interface":null}}
2025-08-15T22:13:56.595-0500	DEBUG	protocol/handler.go:596	round already finalized
2025-08-15T22:13:56.616-0500	DEBUG	protocol/handler.go:581	tryAdvanceRound called	{"{current_round 20 3  <nil>}": {"Key":"self","Type":15,"Integer":0,"String":"b","Interface":null}}
2025-08-15T22:13:56.616-0500	DEBUG	protocol/handler.go:1591	have processed broadcast	{"{round 20 3  <nil>}": {"Key":"from","Type":15,"Integer":0,"String":"a","Interface":null}}
2025-08-15T22:13:56.617-0500	DEBUG	protocol/handler.go:1649	have all messages and processed	{"{round 20 3  <nil>}": {"Key":"self","Type":15,"Integer":0,"String":"b","Interface":null}}
2025-08-15T22:13:56.617-0500	DEBUG	protocol/handler.go:596	round already finalized
2025-08-15T22:13:56.641-0500	DEBUG	protocol/handler.go:581	tryAdvanceRound called	{"{current_round 20 3  <nil>}": {"Key":"self","Type":15,"Integer":0,"String":"b","Interface":null}}
2025-08-15T22:13:56.641-0500	DEBUG	protocol/handler.go:1591	have processed broadcast	{"{round 20 3  <nil>}": {"Key":"from","Type":15,"Integer":0,"String":"a","Interface":null}}
2025-08-15T22:13:56.641-0500	DEBUG	protocol/handler.go:1649	have all messages and processed	{"{round 20 3  <nil>}": {"Key":"self","Type":15,"Integer":0,"String":"b","Interface":null}}
2025-08-15T22:13:56.641-0500	DEBUG	protocol/handler.go:596	round already finalized
2025-08-15T22:13:56.664-0500	DEBUG	protocol/handler.go:581	tryAdvanceRound called	{"{current_round 20 3  <nil>}": {"Key":"self","Type":15,"Integer":0,"String":"b","Interface":null}}
2025-08-15T22:13:56.664-0500	DEBUG	protocol/handler.go:1591	have processed broadcast	{"{round 20 3  <nil>}": {"Key":"from","Type":15,"Integer":0,"String":"a","Interface":null}}
2025-08-15T22:13:56.665-0500	DEBUG	protocol/handler.go:1649	have all messages and processed	{"{round 20 3  <nil>}": {"Key":"self","Type":15,"Integer":0,"String":"b","Interface":null}}
2025-08-15T22:13:56.665-0500	DEBUG	protocol/handler.go:596	round already finalized
2025-08-15T22:13:56.689-0500	DEBUG	protocol/handler.go:581	tryAdvanceRound called	{"{current_round 20 3  <nil>}": {"Key":"self","Type":15,"Integer":0,"String":"b","Interface":null}}
2025-08-15T22:13:56.689-0500	DEBUG	protocol/handler.go:1591	have processed broadcast	{"{round 20 3  <nil>}": {"Key":"from","Type":15,"Integer":0,"String":"a","Interface":null}}
2025-08-15T22:13:56.690-0500	DEBUG	protocol/handler.go:1649	have all messages and processed	{"{round 20 3  <nil>}": {"Key":"self","Type":15,"Integer":0,"String":"b","Interface":null}}
2025-08-15T22:13:56.690-0500	DEBUG	protocol/handler.go:596	round already finalized
2025-08-15T22:13:56.716-0500	DEBUG	protocol/handler.go:581	tryAdvanceRound called	{"{current_round 20 3  <nil>}": {"Key":"self","Type":15,"Integer":0,"String":"b","Interface":null}}
2025-08-15T22:13:56.716-0500	DEBUG	protocol/handler.go:1591	have processed broadcast	{"{round 20 3  <nil>}": {"Key":"from","Type":15,"Integer":0,"String":"a","Interface":null}}
2025-08-15T22:13:56.716-0500	DEBUG	protocol/handler.go:1649	have all messages and processed	{"{round 20 3  <nil>}": {"Key":"self","Type":15,"Integer":0,"String":"b","Interface":null}}
2025-08-15T22:13:56.716-0500	DEBUG	protocol/handler.go:596	round already finalized
2025-08-15T22:13:56.739-0500	DEBUG	protocol/handler.go:581	tryAdvanceRound called	{"{current_round 20 3  <nil>}": {"Key":"self","Type":15,"Integer":0,"String":"b","Interface":null}}
2025-08-15T22:13:56.739-0500	DEBUG	protocol/handler.go:1591	have processed broadcast	{"{round 20 3  <nil>}": {"Key":"from","Type":15,"Integer":0,"String":"a","Interface":null}}
2025-08-15T22:13:56.740-0500	DEBUG	protocol/handler.go:1649	have all messages and processed	{"{round 20 3  <nil>}": {"Key":"self","Type":15,"Integer":0,"String":"b","Interface":null}}
2025-08-15T22:13:56.740-0500	DEBUG	protocol/handler.go:596	round already finalized
2025-08-15T22:13:56.763-0500	DEBUG	protocol/handler.go:581	tryAdvanceRound called	{"{current_round 20 3  <nil>}": {"Key":"self","Type":15,"Integer":0,"String":"b","Interface":null}}
2025-08-15T22:13:56.763-0500	DEBUG	protocol/handler.go:1591	have processed broadcast	{"{round 20 3  <nil>}": {"Key":"from","Type":15,"Integer":0,"String":"a","Interface":null}}
2025-08-15T22:13:56.763-0500	DEBUG	protocol/handler.go:1649	have all messages and processed	{"{round 20 3  <nil>}": {"Key":"self","Type":15,"Integer":0,"String":"b","Interface":null}}
2025-08-15T22:13:56.763-0500	DEBUG	protocol/handler.go:596	round already finalized
==================
WARNING: DATA RACE
Read at 0x00c00010c9f8 by goroutine 112:
  github.com/cronokirby/saferith.shiftAddIn()
      /Users/z/go/pkg/mod/github.com/cronokirby/saferith@v0.33.0/num.go:793 +0x360
  github.com/cronokirby/saferith.(*Nat).Mod()
      /Users/z/go/pkg/mod/github.com/cronokirby/saferith@v0.33.0/num.go:889 +0x2d0
  github.com/cronokirby/saferith.(*Nat).ModMul()
      /Users/z/go/pkg/mod/github.com/cronokirby/saferith@v0.33.0/num.go:1185 +0xac
  github.com/luxfi/threshold/pkg/math/arith.(*Modulus).Exp()
      /Users/z/work/lux/threshold/pkg/math/arith/modulus.go:55 +0x168
  github.com/luxfi/threshold/pkg/math/arith.(*Modulus).ExpI()
      /Users/z/work/lux/threshold/pkg/math/arith/modulus.go:67 +0xa8
  github.com/luxfi/threshold/pkg/zk/fac.(*Proof).Verify()
      /Users/z/work/lux/threshold/pkg/zk/fac/fac.go:123 +0x2c4
  github.com/luxfi/threshold/protocols/cmp/keygen.(*round4).VerifyMessage()
      /Users/z/work/lux/threshold/protocols/cmp/keygen/round4.go:139 +0x368
  github.com/luxfi/threshold/pkg/protocol.(*Handler).verifyNormal()
      /Users/z/work/lux/threshold/pkg/protocol/handler.go:1450 +0x5c0
  github.com/luxfi/threshold/pkg/protocol.(*Handler).processMessage()
      /Users/z/work/lux/threshold/pkg/protocol/handler.go:482 +0xba8
  github.com/luxfi/threshold/pkg/protocol.(*Handler).messageWorker()
      /Users/z/work/lux/threshold/pkg/protocol/handler.go:408 +0x338
  github.com/luxfi/threshold/pkg/protocol.(*Handler).startWorkers.gowrap1()
      /Users/z/work/lux/threshold/pkg/protocol/handler.go:355 +0x44

Previous write at 0x00c00010c9f8 by goroutine 119:
  github.com/cronokirby/saferith.maskEnd()
      /Users/z/go/pkg/mod/github.com/cronokirby/saferith@v0.33.0/num.go:261 +0x1cc
  github.com/cronokirby/saferith.(*Nat).resizedLimbs()
      /Users/z/go/pkg/mod/github.com/cronokirby/saferith@v0.33.0/num.go:252 +0x16c
  github.com/cronokirby/saferith.(*Nat).Cmp()
      /Users/z/go/pkg/mod/github.com/cronokirby/saferith@v0.33.0/num.go:1411 +0x90
  github.com/cronokirby/saferith.(*Nat).CmpMod()
      /Users/z/go/pkg/mod/github.com/cronokirby/saferith@v0.33.0/num.go:1430 +0x74
  github.com/luxfi/threshold/pkg/math/arith.IsValidNatModN()
      /Users/z/work/lux/threshold/pkg/math/arith/int.go:16 +0x78
  github.com/luxfi/threshold/pkg/pedersen.Parameters.Verify()
      /Users/z/work/lux/threshold/pkg/pedersen/pedersen.go:91 +0xc0
  github.com/luxfi/threshold/pkg/zk/fac.(*Proof).Verify()
      /Users/z/work/lux/threshold/pkg/zk/fac/fac.go:111 +0x170
  github.com/luxfi/threshold/protocols/cmp/keygen.(*round4).VerifyMessage()
      /Users/z/work/lux/threshold/protocols/cmp/keygen/round4.go:139 +0x368
  github.com/luxfi/threshold/pkg/protocol.(*Handler).verifyNormalForRound()
      /Users/z/work/lux/threshold/pkg/protocol/handler.go:1331 +0x348
  github.com/luxfi/threshold/pkg/protocol.(*Handler).retryUnprocessedMessages()
      /Users/z/work/lux/threshold/pkg/protocol/handler.go:1496 +0x3a0
  github.com/luxfi/threshold/pkg/protocol.(*Handler).tryAdvanceRound()
      /Users/z/work/lux/threshold/pkg/protocol/handler.go:587 +0x28c
  github.com/luxfi/threshold/pkg/protocol.(*Handler).roundProcessor()
      /Users/z/work/lux/threshold/pkg/protocol/handler.go:569 +0xb4
  github.com/luxfi/threshold/pkg/protocol.(*Handler).startWorkers.func1()
      /Users/z/work/lux/threshold/pkg/protocol/handler.go:374 +0x78

Goroutine 112 (running) created at:
  github.com/luxfi/threshold/pkg/protocol.(*Handler).startWorkers()
      /Users/z/work/lux/threshold/pkg/protocol/handler.go:355 +0x27c
  github.com/luxfi/threshold/pkg/protocol.NewHandler()
      /Users/z/work/lux/threshold/pkg/protocol/handler.go:247 +0xf10
  github.com/luxfi/threshold/internal/test.(*Harness).CreateHandler()
      /Users/z/work/lux/threshold/internal/test/harness.go:91 +0x2e4
  github.com/luxfi/threshold/internal/test.RunProtocol()
      /Users/z/work/lux/threshold/internal/test/harness.go:270 +0x230
  github.com/luxfi/threshold/protocols/cmp_test.TestCMPBasicKeygen()
      /Users/z/work/lux/threshold/protocols/cmp/cmp_basic_test.go:35 +0x29c
  testing.tRunner()
      /opt/homebrew/Cellar/go/1.24.6/libexec/src/testing/testing.go:1792 +0x180
  testing.(*T).Run.gowrap1()
      /opt/homebrew/Cellar/go/1.24.6/libexec/src/testing/testing.go:1851 +0x40

Goroutine 119 (running) created at:
  github.com/luxfi/threshold/pkg/protocol.(*Handler).startWorkers()
      /Users/z/work/lux/threshold/pkg/protocol/handler.go:372 +0x4fc
  github.com/luxfi/threshold/pkg/protocol.NewHandler()
      /Users/z/work/lux/threshold/pkg/protocol/handler.go:247 +0xf10
  github.com/luxfi/threshold/internal/test.(*Harness).CreateHandler()
      /Users/z/work/lux/threshold/internal/test/harness.go:91 +0x2e4
  github.com/luxfi/threshold/internal/test.RunProtocol()
      /Users/z/work/lux/threshold/internal/test/harness.go:270 +0x230
  github.com/luxfi/threshold/protocols/cmp_test.TestCMPBasicKeygen()
      /Users/z/work/lux/threshold/protocols/cmp/cmp_basic_test.go:35 +0x29c
  testing.tRunner()
      /opt/homebrew/Cellar/go/1.24.6/libexec/src/testing/testing.go:1792 +0x180
  testing.(*T).Run.gowrap1()
      /opt/homebrew/Cellar/go/1.24.6/libexec/src/testing/testing.go:1851 +0x40
==================
2025-08-15T22:13:56.799-0500	DEBUG	protocol/handler.go:581	tryAdvanceRound called	{"{current_round 20 3  <nil>}": {"Key":"self","Type":15,"Integer":0,"String":"b","Interface":null}}
2025-08-15T22:13:56.799-0500	DEBUG	protocol/handler.go:1591	have processed broadcast	{"{round 20 3  <nil>}": {"Key":"from","Type":15,"Integer":0,"String":"a","Interface":null}}
2025-08-15T22:13:56.799-0500	DEBUG	protocol/handler.go:1649	have all messages and processed	{"{round 20 3  <nil>}": {"Key":"self","Type":15,"Integer":0,"String":"b","Interface":null}}
2025-08-15T22:13:56.800-0500	DEBUG	protocol/handler.go:596	round already finalized
2025-08-15T22:13:56.822-0500	DEBUG	protocol/handler.go:581	tryAdvanceRound called	{"{current_round 20 3  <nil>}": {"Key":"self","Type":15,"Integer":0,"String":"b","Interface":null}}
2025-08-15T22:13:56.822-0500	DEBUG	protocol/handler.go:1591	have processed broadcast	{"{round 20 3  <nil>}": {"Key":"from","Type":15,"Integer":0,"String":"a","Interface":null}}
2025-08-15T22:13:56.822-0500	DEBUG	protocol/handler.go:1649	have all messages and processed	{"{round 20 3  <nil>}": {"Key":"self","Type":15,"Integer":0,"String":"b","Interface":null}}
2025-08-15T22:13:56.822-0500	DEBUG	protocol/handler.go:596	round already finalized
==================
WARNING: DATA RACE
Write at 0x00c00010c9f8 by goroutine 267:
  github.com/cronokirby/saferith.maskEnd()
      /Users/z/go/pkg/mod/github.com/cronokirby/saferith@v0.33.0/num.go:261 +0x1cc
  github.com/cronokirby/saferith.(*Nat).resizedLimbs()
      /Users/z/go/pkg/mod/github.com/cronokirby/saferith@v0.33.0/num.go:252 +0x16c
  github.com/cronokirby/saferith.(*Nat).Cmp()
      /Users/z/go/pkg/mod/github.com/cronokirby/saferith@v0.33.0/num.go:1411 +0x90
  github.com/cronokirby/saferith.(*Nat).CmpMod()
      /Users/z/go/pkg/mod/github.com/cronokirby/saferith@v0.33.0/num.go:1430 +0x74
  github.com/luxfi/threshold/pkg/math/arith.IsValidNatModN()
      /Users/z/work/lux/threshold/pkg/math/arith/int.go:16 +0x78
  github.com/luxfi/threshold/pkg/pedersen.Parameters.Verify()
      /Users/z/work/lux/threshold/pkg/pedersen/pedersen.go:91 +0xc0
  github.com/luxfi/threshold/pkg/zk/fac.(*Proof).Verify()
      /Users/z/work/lux/threshold/pkg/zk/fac/fac.go:111 +0x170
  github.com/luxfi/threshold/protocols/cmp/keygen.(*round4).VerifyMessage()
      /Users/z/work/lux/threshold/protocols/cmp/keygen/round4.go:139 +0x368
  github.com/luxfi/threshold/pkg/protocol.(*Handler).verifyNormalForRound()
      /Users/z/work/lux/threshold/pkg/protocol/handler.go:1331 +0x348
  github.com/luxfi/threshold/pkg/protocol.(*Handler).processQueuedMessages()
      /Users/z/work/lux/threshold/pkg/protocol/handler.go:1556 +0x550
  github.com/luxfi/threshold/pkg/protocol.(*Handler).tryAdvanceRound.gowrap2()
      /Users/z/work/lux/threshold/pkg/protocol/handler.go:673 +0x40

Previous read at 0x00c00010c9f8 by goroutine 112:
  runtime.slicecopy()
      /opt/homebrew/Cellar/go/1.24.6/libexec/src/runtime/slice.go:355 +0x0
  github.com/cronokirby/saferith.(*Nat).invert()
      /Users/z/go/pkg/mod/github.com/cronokirby/saferith@v0.33.0/num.go:1561 +0x318
  github.com/cronokirby/saferith.(*Nat).modInverse()
      /Users/z/go/pkg/mod/github.com/cronokirby/saferith@v0.33.0/num.go:1743 +0x18c
  github.com/cronokirby/saferith.(*Nat).ModInverse()
      /Users/z/go/pkg/mod/github.com/cronokirby/saferith@v0.33.0/num.go:1757 +0x80
  github.com/luxfi/threshold/pkg/math/arith.(*Modulus).ExpI()
      /Users/z/work/lux/threshold/pkg/math/arith/modulus.go:68 +0xd4
  github.com/luxfi/threshold/pkg/zk/fac.(*Proof).Verify()
      /Users/z/work/lux/threshold/pkg/zk/fac/fac.go:123 +0x2c4
  github.com/luxfi/threshold/protocols/cmp/keygen.(*round4).VerifyMessage()
      /Users/z/work/lux/threshold/protocols/cmp/keygen/round4.go:139 +0x368
  github.com/luxfi/threshold/pkg/protocol.(*Handler).verifyNormal()
      /Users/z/work/lux/threshold/pkg/protocol/handler.go:1450 +0x5c0
  github.com/luxfi/threshold/pkg/protocol.(*Handler).processMessage()
      /Users/z/work/lux/threshold/pkg/protocol/handler.go:482 +0xba8
  github.com/luxfi/threshold/pkg/protocol.(*Handler).messageWorker()
      /Users/z/work/lux/threshold/pkg/protocol/handler.go:408 +0x338
  github.com/luxfi/threshold/pkg/protocol.(*Handler).startWorkers.gowrap1()
      /Users/z/work/lux/threshold/pkg/protocol/handler.go:355 +0x44

Goroutine 267 (running) created at:
  github.com/luxfi/threshold/pkg/protocol.(*Handler).tryAdvanceRound()
      /Users/z/work/lux/threshold/pkg/protocol/handler.go:673 +0x12e4
  github.com/luxfi/threshold/pkg/protocol.(*Handler).processMessage()
      /Users/z/work/lux/threshold/pkg/protocol/handler.go:486 +0xbb0
  github.com/luxfi/threshold/pkg/protocol.(*Handler).messageWorker()
      /Users/z/work/lux/threshold/pkg/protocol/handler.go:408 +0x338
  github.com/luxfi/threshold/pkg/protocol.(*Handler).startWorkers.gowrap2()
      /Users/z/work/lux/threshold/pkg/protocol/handler.go:361 +0x44

Goroutine 112 (running) created at:
  github.com/luxfi/threshold/pkg/protocol.(*Handler).startWorkers()
      /Users/z/work/lux/threshold/pkg/protocol/handler.go:355 +0x27c
  github.com/luxfi/threshold/pkg/protocol.NewHandler()
      /Users/z/work/lux/threshold/pkg/protocol/handler.go:247 +0xf10
  github.com/luxfi/threshold/internal/test.(*Harness).CreateHandler()
      /Users/z/work/lux/threshold/internal/test/harness.go:91 +0x2e4
  github.com/luxfi/threshold/internal/test.RunProtocol()
      /Users/z/work/lux/threshold/internal/test/harness.go:270 +0x230
  github.com/luxfi/threshold/protocols/cmp_test.TestCMPBasicKeygen()
      /Users/z/work/lux/threshold/protocols/cmp/cmp_basic_test.go:35 +0x29c
  testing.tRunner()
      /opt/homebrew/Cellar/go/1.24.6/libexec/src/testing/testing.go:1792 +0x180
  testing.(*T).Run.gowrap1()
      /opt/homebrew/Cellar/go/1.24.6/libexec/src/testing/testing.go:1851 +0x40
==================
2025-08-15T22:13:56.843-0500	DEBUG	protocol/handler.go:581	tryAdvanceRound called	{"{current_round 20 3  <nil>}": {"Key":"self","Type":15,"Integer":0,"String":"b","Interface":null}}
2025-08-15T22:13:56.843-0500	DEBUG	protocol/handler.go:1591	have processed broadcast	{"{round 20 3  <nil>}": {"Key":"from","Type":15,"Integer":0,"String":"a","Interface":null}}
2025-08-15T22:13:56.843-0500	DEBUG	protocol/handler.go:1649	have all messages and processed	{"{round 20 3  <nil>}": {"Key":"self","Type":15,"Integer":0,"String":"b","Interface":null}}
2025-08-15T22:13:56.843-0500	DEBUG	protocol/handler.go:596	round already finalized
2025-08-15T22:13:56.875-0500	DEBUG	protocol/handler.go:581	tryAdvanceRound called	{"{current_round 20 3  <nil>}": {"Key":"self","Type":15,"Integer":0,"String":"b","Interface":null}}
2025-08-15T22:13:56.876-0500	DEBUG	protocol/handler.go:1591	have processed broadcast	{"{round 20 3  <nil>}": {"Key":"from","Type":15,"Integer":0,"String":"a","Interface":null}}
2025-08-15T22:13:56.900-0500	DEBUG	protocol/handler.go:1649	have all messages and processed	{"{round 20 3  <nil>}": {"Key":"self","Type":15,"Integer":0,"String":"b","Interface":null}}
2025-08-15T22:13:56.901-0500	DEBUG	protocol/handler.go:596	round already finalized
2025-08-15T22:13:56.901-0500	DEBUG	protocol/handler.go:581	tryAdvanceRound called	{"{current_round 20 3  <nil>}": {"Key":"self","Type":15,"Integer":0,"String":"b","Interface":null}}
2025-08-15T22:13:56.901-0500	DEBUG	protocol/handler.go:1591	have processed broadcast	{"{round 20 3  <nil>}": {"Key":"from","Type":15,"Integer":0,"String":"a","Interface":null}}
2025-08-15T22:13:56.901-0500	DEBUG	protocol/handler.go:1649	have all messages and processed	{"{round 20 3  <nil>}": {"Key":"self","Type":15,"Integer":0,"String":"b","Interface":null}}
2025-08-15T22:13:56.901-0500	DEBUG	protocol/handler.go:596	round already finalized
2025-08-15T22:13:56.922-0500	DEBUG	protocol/handler.go:581	tryAdvanceRound called	{"{current_round 20 3  <nil>}": {"Key":"self","Type":15,"Integer":0,"String":"b","Interface":null}}
2025-08-15T22:13:56.922-0500	DEBUG	protocol/handler.go:1591	have processed broadcast	{"{round 20 3  <nil>}": {"Key":"from","Type":15,"Integer":0,"String":"a","Interface":null}}
2025-08-15T22:13:56.922-0500	DEBUG	protocol/handler.go:1649	have all messages and processed	{"{round 20 3  <nil>}": {"Key":"self","Type":15,"Integer":0,"String":"b","Interface":null}}
2025-08-15T22:13:56.922-0500	DEBUG	protocol/handler.go:596	round already finalized
2025-08-15T22:13:56.947-0500	DEBUG	protocol/handler.go:581	tryAdvanceRound called	{"{current_round 20 3  <nil>}": {"Key":"self","Type":15,"Integer":0,"String":"b","Interface":null}}
2025-08-15T22:13:56.947-0500	DEBUG	protocol/handler.go:1591	have processed broadcast	{"{round 20 3  <nil>}": {"Key":"from","Type":15,"Integer":0,"String":"a","Interface":null}}
2025-08-15T22:13:56.947-0500	DEBUG	protocol/handler.go:1649	have all messages and processed	{"{round 20 3  <nil>}": {"Key":"self","Type":15,"Integer":0,"String":"b","Interface":null}}
2025-08-15T22:13:56.947-0500	DEBUG	protocol/handler.go:596	round already finalized
==================
WARNING: DATA RACE
Write at 0x00c00010d0f8 by goroutine 266:
  github.com/cronokirby/saferith.maskEnd()
      /Users/z/go/pkg/mod/github.com/cronokirby/saferith@v0.33.0/num.go:261 +0x1cc
  github.com/cronokirby/saferith.(*Nat).resizedLimbs()
      /Users/z/go/pkg/mod/github.com/cronokirby/saferith@v0.33.0/num.go:252 +0x16c
  github.com/cronokirby/saferith.(*Nat).Cmp()
      /Users/z/go/pkg/mod/github.com/cronokirby/saferith@v0.33.0/num.go:1411 +0x90
  github.com/cronokirby/saferith.(*Nat).CmpMod()
      /Users/z/go/pkg/mod/github.com/cronokirby/saferith@v0.33.0/num.go:1430 +0x74
  github.com/luxfi/threshold/pkg/math/arith.IsValidNatModN()
      /Users/z/work/lux/threshold/pkg/math/arith/int.go:16 +0x78
  github.com/luxfi/threshold/pkg/pedersen.Parameters.Verify()
      /Users/z/work/lux/threshold/pkg/pedersen/pedersen.go:91 +0xc0
  github.com/luxfi/threshold/pkg/zk/fac.(*Proof).Verify()
      /Users/z/work/lux/threshold/pkg/zk/fac/fac.go:115 +0x214
  github.com/luxfi/threshold/protocols/cmp/keygen.(*round4).VerifyMessage()
      /Users/z/work/lux/threshold/protocols/cmp/keygen/round4.go:139 +0x368
  github.com/luxfi/threshold/pkg/protocol.(*Handler).verifyNormalForRound()
      /Users/z/work/lux/threshold/pkg/protocol/handler.go:1331 +0x348
  github.com/luxfi/threshold/pkg/protocol.(*Handler).processQueuedMessages()
      /Users/z/work/lux/threshold/pkg/protocol/handler.go:1556 +0x550
  github.com/luxfi/threshold/pkg/protocol.(*Handler).tryAdvanceRound.gowrap2()
      /Users/z/work/lux/threshold/pkg/protocol/handler.go:673 +0x40

Previous read at 0x00c00010d0f8 by goroutine 82:
  runtime.slicecopy()
      /opt/homebrew/Cellar/go/1.24.6/libexec/src/runtime/slice.go:355 +0x0
  github.com/cronokirby/saferith.(*Nat).invert()
      /Users/z/go/pkg/mod/github.com/cronokirby/saferith@v0.33.0/num.go:1561 +0x318
  github.com/cronokirby/saferith.(*Nat).modInverse()
      /Users/z/go/pkg/mod/github.com/cronokirby/saferith@v0.33.0/num.go:1743 +0x18c
  github.com/cronokirby/saferith.(*Nat).ModInverse()
      /Users/z/go/pkg/mod/github.com/cronokirby/saferith@v0.33.0/num.go:1757 +0x80
  github.com/luxfi/threshold/pkg/math/arith.(*Modulus).ExpI()
      /Users/z/work/lux/threshold/pkg/math/arith/modulus.go:68 +0xd4
  github.com/luxfi/threshold/pkg/pedersen.Parameters.Verify()
      /Users/z/work/lux/threshold/pkg/pedersen/pedersen.go:96 +0xe8
  github.com/luxfi/threshold/pkg/zk/fac.(*Proof).Verify()
      /Users/z/work/lux/threshold/pkg/zk/fac/fac.go:111 +0x170
  github.com/luxfi/threshold/protocols/cmp/keygen.(*round4).VerifyMessage()
      /Users/z/work/lux/threshold/protocols/cmp/keygen/round4.go:139 +0x368
  github.com/luxfi/threshold/pkg/protocol.(*Handler).verifyNormalForRound()
      /Users/z/work/lux/threshold/pkg/protocol/handler.go:1331 +0x348
  github.com/luxfi/threshold/pkg/protocol.(*Handler).retryUnprocessedMessages()
      /Users/z/work/lux/threshold/pkg/protocol/handler.go:1496 +0x3a0
  github.com/luxfi/threshold/pkg/protocol.(*Handler).tryAdvanceRound()
      /Users/z/work/lux/threshold/pkg/protocol/handler.go:587 +0x28c
  github.com/luxfi/threshold/pkg/protocol.(*Handler).roundProcessor()
      /Users/z/work/lux/threshold/pkg/protocol/handler.go:569 +0xb4
  github.com/luxfi/threshold/pkg/protocol.(*Handler).startWorkers.func1()
      /Users/z/work/lux/threshold/pkg/protocol/handler.go:374 +0x78

Goroutine 266 (running) created at:
  github.com/luxfi/threshold/pkg/protocol.(*Handler).tryAdvanceRound()
      /Users/z/work/lux/threshold/pkg/protocol/handler.go:673 +0x12e4
  github.com/luxfi/threshold/pkg/protocol.(*Handler).processMessage()
      /Users/z/work/lux/threshold/pkg/protocol/handler.go:486 +0xbb0
  github.com/luxfi/threshold/pkg/protocol.(*Handler).messageWorker()
      /Users/z/work/lux/threshold/pkg/protocol/handler.go:408 +0x338
  github.com/luxfi/threshold/pkg/protocol.(*Handler).startWorkers.gowrap2()
      /Users/z/work/lux/threshold/pkg/protocol/handler.go:361 +0x44

Goroutine 82 (running) created at:
  github.com/luxfi/threshold/pkg/protocol.(*Handler).startWorkers()
      /Users/z/work/lux/threshold/pkg/protocol/handler.go:372 +0x4fc
  github.com/luxfi/threshold/pkg/protocol.NewHandler()
      /Users/z/work/lux/threshold/pkg/protocol/handler.go:247 +0xf10
  github.com/luxfi/threshold/internal/test.(*Harness).CreateHandler()
      /Users/z/work/lux/threshold/internal/test/harness.go:91 +0x2e4
  github.com/luxfi/threshold/internal/test.RunProtocol()
      /Users/z/work/lux/threshold/internal/test/harness.go:270 +0x230
  github.com/luxfi/threshold/protocols/cmp_test.TestCMPBasicKeygen()
      /Users/z/work/lux/threshold/protocols/cmp/cmp_basic_test.go:35 +0x29c
  testing.tRunner()
      /opt/homebrew/Cellar/go/1.24.6/libexec/src/testing/testing.go:1792 +0x180
  testing.(*T).Run.gowrap1()
      /opt/homebrew/Cellar/go/1.24.6/libexec/src/testing/testing.go:1851 +0x40
==================
==================
WARNING: DATA RACE
Read at 0x00c00010d0f8 by goroutine 82:
  github.com/cronokirby/saferith.shiftAddIn()
      /Users/z/go/pkg/mod/github.com/cronokirby/saferith@v0.33.0/num.go:793 +0x360
  github.com/cronokirby/saferith.(*Nat).Mod()
      /Users/z/go/pkg/mod/github.com/cronokirby/saferith@v0.33.0/num.go:889 +0x2d0
  github.com/cronokirby/saferith.(*Nat).ModMul()
      /Users/z/go/pkg/mod/github.com/cronokirby/saferith@v0.33.0/num.go:1185 +0xac
  github.com/luxfi/threshold/pkg/math/arith.(*Modulus).Exp()
      /Users/z/work/lux/threshold/pkg/math/arith/modulus.go:55 +0x168
  github.com/luxfi/threshold/pkg/math/arith.(*Modulus).ExpI()
      /Users/z/work/lux/threshold/pkg/math/arith/modulus.go:67 +0xa8
  github.com/luxfi/threshold/pkg/pedersen.Parameters.Verify()
      /Users/z/work/lux/threshold/pkg/pedersen/pedersen.go:99 +0x110
  github.com/luxfi/threshold/pkg/zk/fac.(*Proof).Verify()
      /Users/z/work/lux/threshold/pkg/zk/fac/fac.go:111 +0x170
  github.com/luxfi/threshold/protocols/cmp/keygen.(*round4).VerifyMessage()
      /Users/z/work/lux/threshold/protocols/cmp/keygen/round4.go:139 +0x368
  github.com/luxfi/threshold/pkg/protocol.(*Handler).verifyNormalForRound()
      /Users/z/work/lux/threshold/pkg/protocol/handler.go:1331 +0x348
  github.com/luxfi/threshold/pkg/protocol.(*Handler).retryUnprocessedMessages()
      /Users/z/work/lux/threshold/pkg/protocol/handler.go:1496 +0x3a0
  github.com/luxfi/threshold/pkg/protocol.(*Handler).tryAdvanceRound()
      /Users/z/work/lux/threshold/pkg/protocol/handler.go:587 +0x28c
  github.com/luxfi/threshold/pkg/protocol.(*Handler).roundProcessor()
      /Users/z/work/lux/threshold/pkg/protocol/handler.go:569 +0xb4
  github.com/luxfi/threshold/pkg/protocol.(*Handler).startWorkers.func1()
      /Users/z/work/lux/threshold/pkg/protocol/handler.go:374 +0x78

Previous write at 0x00c00010d0f8 by goroutine 266:
  github.com/cronokirby/saferith.maskEnd()
      /Users/z/go/pkg/mod/github.com/cronokirby/saferith@v0.33.0/num.go:261 +0x1cc
  github.com/cronokirby/saferith.(*Nat).resizedLimbs()
      /Users/z/go/pkg/mod/github.com/cronokirby/saferith@v0.33.0/num.go:252 +0x16c
  github.com/cronokirby/saferith.(*Nat).Cmp()
      /Users/z/go/pkg/mod/github.com/cronokirby/saferith@v0.33.0/num.go:1411 +0x90
  github.com/cronokirby/saferith.(*Nat).CmpMod()
      /Users/z/go/pkg/mod/github.com/cronokirby/saferith@v0.33.0/num.go:1430 +0x74
  github.com/luxfi/threshold/pkg/math/arith.IsValidNatModN()
      /Users/z/work/lux/threshold/pkg/math/arith/int.go:16 +0x78
  github.com/luxfi/threshold/pkg/pedersen.Parameters.Verify()
      /Users/z/work/lux/threshold/pkg/pedersen/pedersen.go:91 +0xc0
  github.com/luxfi/threshold/pkg/zk/fac.(*Proof).Verify()
      /Users/z/work/lux/threshold/pkg/zk/fac/fac.go:115 +0x214
  github.com/luxfi/threshold/protocols/cmp/keygen.(*round4).VerifyMessage()
      /Users/z/work/lux/threshold/protocols/cmp/keygen/round4.go:139 +0x368
  github.com/luxfi/threshold/pkg/protocol.(*Handler).verifyNormalForRound()
      /Users/z/work/lux/threshold/pkg/protocol/handler.go:1331 +0x348
  github.com/luxfi/threshold/pkg/protocol.(*Handler).processQueuedMessages()
      /Users/z/work/lux/threshold/pkg/protocol/handler.go:1556 +0x550
  github.com/luxfi/threshold/pkg/protocol.(*Handler).tryAdvanceRound.gowrap2()
      /Users/z/work/lux/threshold/pkg/protocol/handler.go:673 +0x40

Goroutine 82 (running) created at:
  github.com/luxfi/threshold/pkg/protocol.(*Handler).startWorkers()
      /Users/z/work/lux/threshold/pkg/protocol/handler.go:372 +0x4fc
  github.com/luxfi/threshold/pkg/protocol.NewHandler()
      /Users/z/work/lux/threshold/pkg/protocol/handler.go:247 +0xf10
  github.com/luxfi/threshold/internal/test.(*Harness).CreateHandler()
      /Users/z/work/lux/threshold/internal/test/harness.go:91 +0x2e4
  github.com/luxfi/threshold/internal/test.RunProtocol()
      /Users/z/work/lux/threshold/internal/test/harness.go:270 +0x230
  github.com/luxfi/threshold/protocols/cmp_test.TestCMPBasicKeygen()
      /Users/z/work/lux/threshold/protocols/cmp/cmp_basic_test.go:35 +0x29c
  testing.tRunner()
      /opt/homebrew/Cellar/go/1.24.6/libexec/src/testing/testing.go:1792 +0x180
  testing.(*T).Run.gowrap1()
      /opt/homebrew/Cellar/go/1.24.6/libexec/src/testing/testing.go:1851 +0x40

Goroutine 266 (running) created at:
  github.com/luxfi/threshold/pkg/protocol.(*Handler).tryAdvanceRound()
      /Users/z/work/lux/threshold/pkg/protocol/handler.go:673 +0x12e4
  github.com/luxfi/threshold/pkg/protocol.(*Handler).processMessage()
      /Users/z/work/lux/threshold/pkg/protocol/handler.go:486 +0xbb0
  github.com/luxfi/threshold/pkg/protocol.(*Handler).messageWorker()
      /Users/z/work/lux/threshold/pkg/protocol/handler.go:408 +0x338
  github.com/luxfi/threshold/pkg/protocol.(*Handler).startWorkers.gowrap2()
      /Users/z/work/lux/threshold/pkg/protocol/handler.go:361 +0x44
==================
2025-08-15T22:13:56.973-0500	DEBUG	protocol/handler.go:581	tryAdvanceRound called	{"{current_round 20 3  <nil>}": {"Key":"self","Type":15,"Integer":0,"String":"b","Interface":null}}
2025-08-15T22:13:56.973-0500	DEBUG	protocol/handler.go:1591	have processed broadcast	{"{round 20 3  <nil>}": {"Key":"from","Type":15,"Integer":0,"String":"a","Interface":null}}
2025-08-15T22:13:56.973-0500	DEBUG	protocol/handler.go:1649	have all messages and processed	{"{round 20 3  <nil>}": {"Key":"self","Type":15,"Integer":0,"String":"b","Interface":null}}
2025-08-15T22:13:56.973-0500	DEBUG	protocol/handler.go:596	round already finalized
==================
WARNING: DATA RACE
Read at 0x00c00010c9f8 by goroutine 119:
  github.com/cronokirby/saferith.shiftAddIn()
      /Users/z/go/pkg/mod/github.com/cronokirby/saferith@v0.33.0/num.go:793 +0x360
  github.com/cronokirby/saferith.(*Nat).Mod()
      /Users/z/go/pkg/mod/github.com/cronokirby/saferith@v0.33.0/num.go:889 +0x2d0
  github.com/cronokirby/saferith.(*Nat).ModMul()
      /Users/z/go/pkg/mod/github.com/cronokirby/saferith@v0.33.0/num.go:1185 +0xac
  github.com/luxfi/threshold/pkg/math/arith.(*Modulus).Exp()
      /Users/z/work/lux/threshold/pkg/math/arith/modulus.go:55 +0x168
  github.com/luxfi/threshold/pkg/math/arith.(*Modulus).ExpI()
      /Users/z/work/lux/threshold/pkg/math/arith/modulus.go:67 +0xa8
  github.com/luxfi/threshold/pkg/pedersen.Parameters.Verify()
      /Users/z/work/lux/threshold/pkg/pedersen/pedersen.go:95 +0xd4
  github.com/luxfi/threshold/pkg/zk/fac.(*Proof).Verify()
      /Users/z/work/lux/threshold/pkg/zk/fac/fac.go:111 +0x170
  github.com/luxfi/threshold/protocols/cmp/keygen.(*round4).VerifyMessage()
      /Users/z/work/lux/threshold/protocols/cmp/keygen/round4.go:139 +0x368
  github.com/luxfi/threshold/pkg/protocol.(*Handler).verifyNormalForRound()
      /Users/z/work/lux/threshold/pkg/protocol/handler.go:1331 +0x348
  github.com/luxfi/threshold/pkg/protocol.(*Handler).retryUnprocessedMessages()
      /Users/z/work/lux/threshold/pkg/protocol/handler.go:1496 +0x3a0
  github.com/luxfi/threshold/pkg/protocol.(*Handler).tryAdvanceRound()
      /Users/z/work/lux/threshold/pkg/protocol/handler.go:587 +0x28c
  github.com/luxfi/threshold/pkg/protocol.(*Handler).roundProcessor()
      /Users/z/work/lux/threshold/pkg/protocol/handler.go:569 +0xb4
  github.com/luxfi/threshold/pkg/protocol.(*Handler).startWorkers.func1()
      /Users/z/work/lux/threshold/pkg/protocol/handler.go:374 +0x78

Previous write at 0x00c00010c9f8 by goroutine 267:
  github.com/cronokirby/saferith.maskEnd()
      /Users/z/go/pkg/mod/github.com/cronokirby/saferith@v0.33.0/num.go:261 +0x1cc
  github.com/cronokirby/saferith.(*Nat).resizedLimbs()
      /Users/z/go/pkg/mod/github.com/cronokirby/saferith@v0.33.0/num.go:252 +0x16c
  github.com/cronokirby/saferith.(*Nat).Cmp()
      /Users/z/go/pkg/mod/github.com/cronokirby/saferith@v0.33.0/num.go:1411 +0x90
  github.com/cronokirby/saferith.(*Nat).CmpMod()
      /Users/z/go/pkg/mod/github.com/cronokirby/saferith@v0.33.0/num.go:1430 +0x74
  github.com/luxfi/threshold/pkg/math/arith.IsValidNatModN()
      /Users/z/work/lux/threshold/pkg/math/arith/int.go:16 +0x78
  github.com/luxfi/threshold/pkg/pedersen.Parameters.Verify()
      /Users/z/work/lux/threshold/pkg/pedersen/pedersen.go:91 +0xc0
  github.com/luxfi/threshold/pkg/zk/fac.(*Proof).Verify()
      /Users/z/work/lux/threshold/pkg/zk/fac/fac.go:111 +0x170
  github.com/luxfi/threshold/protocols/cmp/keygen.(*round4).VerifyMessage()
      /Users/z/work/lux/threshold/protocols/cmp/keygen/round4.go:139 +0x368
  github.com/luxfi/threshold/pkg/protocol.(*Handler).verifyNormalForRound()
      /Users/z/work/lux/threshold/pkg/protocol/handler.go:1331 +0x348
2025-08-15T22:13:56.997-0500	DEBUG	protocol/handler.go:581	tryAdvanceRound called	{"{current_round 20 3  <nil>}": {"Key":"self","Type":15,"Integer":0,"String":"b","Interface":null}}
  github.com/luxfi/threshold/pkg/protocol.(*Handler).processQueuedMessages()
      /Users/z/work/lux/threshold/pkg/protocol/handler.go:1556 +0x550
  github.com/luxfi/threshold/pkg/protocol.(*Handler).tryAdvanceRound.gowrap2()
      /Users/z/work/lux/threshold/pkg/protocol/handler.go:673 +0x40
2025-08-15T22:13:56.997-0500	DEBUG	protocol/handler.go:1591	have processed broadcast	{"{round 20 3  <nil>}": {"Key":"from","Type":15,"Integer":0,"String":"a","Interface":null}}

Goroutine 119 (running) created at:
  github.com/luxfi/threshold/pkg/protocol.(*Handler).startWorkers()
      /Users/z/work/lux/threshold/pkg/protocol/handler.go:372 +0x4fc
2025-08-15T22:13:56.997-0500	DEBUG	protocol/handler.go:1649	have all messages and processed	{"{round 20 3  <nil>}": {"Key":"self","Type":15,"Integer":0,"String":"b","Interface":null}}
  github.com/luxfi/threshold/pkg/protocol.NewHandler()
      /Users/z/work/lux/threshold/pkg/protocol/handler.go:247 +0xf10
  github.com/luxfi/threshold/internal/test.(*Harness).CreateHandler()
      /Users/z/work/lux/threshold/internal/test/harness.go:91 +0x2e4
2025-08-15T22:13:56.997-0500	DEBUG	protocol/handler.go:596	round already finalized
  github.com/luxfi/threshold/internal/test.RunProtocol()
      /Users/z/work/lux/threshold/internal/test/harness.go:270 +0x230
  github.com/luxfi/threshold/protocols/cmp_test.TestCMPBasicKeygen()
      /Users/z/work/lux/threshold/protocols/cmp/cmp_basic_test.go:35 +0x29c
  testing.tRunner()
      /opt/homebrew/Cellar/go/1.24.6/libexec/src/testing/testing.go:1792 +0x180
  testing.(*T).Run.gowrap1()
      /opt/homebrew/Cellar/go/1.24.6/libexec/src/testing/testing.go:1851 +0x40

Goroutine 267 (running) created at:
  github.com/luxfi/threshold/pkg/protocol.(*Handler).tryAdvanceRound()
      /Users/z/work/lux/threshold/pkg/protocol/handler.go:673 +0x12e4
  github.com/luxfi/threshold/pkg/protocol.(*Handler).processMessage()
      /Users/z/work/lux/threshold/pkg/protocol/handler.go:486 +0xbb0
  github.com/luxfi/threshold/pkg/protocol.(*Handler).messageWorker()
      /Users/z/work/lux/threshold/pkg/protocol/handler.go:408 +0x338
  github.com/luxfi/threshold/pkg/protocol.(*Handler).startWorkers.gowrap2()
      /Users/z/work/lux/threshold/pkg/protocol/handler.go:361 +0x44
==================
2025-08-15T22:13:57.019-0500	DEBUG	protocol/handler.go:581	tryAdvanceRound called	{"{current_round 20 3  <nil>}": {"Key":"self","Type":15,"Integer":0,"String":"b","Interface":null}}
2025-08-15T22:13:57.019-0500	DEBUG	protocol/handler.go:1591	have processed broadcast	{"{round 20 3  <nil>}": {"Key":"from","Type":15,"Integer":0,"String":"a","Interface":null}}
2025-08-15T22:13:57.019-0500	DEBUG	protocol/handler.go:1649	have all messages and processed	{"{round 20 3  <nil>}": {"Key":"self","Type":15,"Integer":0,"String":"b","Interface":null}}
2025-08-15T22:13:57.019-0500	DEBUG	protocol/handler.go:596	round already finalized
2025-08-15T22:13:57.043-0500	DEBUG	protocol/handler.go:581	tryAdvanceRound called	{"{current_round 20 3  <nil>}": {"Key":"self","Type":15,"Integer":0,"String":"b","Interface":null}}
2025-08-15T22:13:57.043-0500	DEBUG	protocol/handler.go:1591	have processed broadcast	{"{round 20 3  <nil>}": {"Key":"from","Type":15,"Integer":0,"String":"a","Interface":null}}
2025-08-15T22:13:57.043-0500	DEBUG	protocol/handler.go:1649	have all messages and processed	{"{round 20 3  <nil>}": {"Key":"self","Type":15,"Integer":0,"String":"b","Interface":null}}
2025-08-15T22:13:57.043-0500	DEBUG	protocol/handler.go:596	round already finalized
2025-08-15T22:13:57.068-0500	DEBUG	protocol/handler.go:581	tryAdvanceRound called	{"{current_round 20 3  <nil>}": {"Key":"self","Type":15,"Integer":0,"String":"b","Interface":null}}
2025-08-15T22:13:57.068-0500	DEBUG	protocol/handler.go:1591	have processed broadcast	{"{round 20 3  <nil>}": {"Key":"from","Type":15,"Integer":0,"String":"a","Interface":null}}
2025-08-15T22:13:57.068-0500	DEBUG	protocol/handler.go:1649	have all messages and processed	{"{round 20 3  <nil>}": {"Key":"self","Type":15,"Integer":0,"String":"b","Interface":null}}
2025-08-15T22:13:57.068-0500	DEBUG	protocol/handler.go:596	round already finalized
2025-08-15T22:13:57.093-0500	DEBUG	protocol/handler.go:581	tryAdvanceRound called	{"{current_round 20 3  <nil>}": {"Key":"self","Type":15,"Integer":0,"String":"b","Interface":null}}
2025-08-15T22:13:57.093-0500	DEBUG	protocol/handler.go:1591	have processed broadcast	{"{round 20 3  <nil>}": {"Key":"from","Type":15,"Integer":0,"String":"a","Interface":null}}
2025-08-15T22:13:57.093-0500	DEBUG	protocol/handler.go:1649	have all messages and processed	{"{round 20 3  <nil>}": {"Key":"self","Type":15,"Integer":0,"String":"b","Interface":null}}
2025-08-15T22:13:57.093-0500	DEBUG	protocol/handler.go:596	round already finalized
2025-08-15T22:13:57.115-0500	DEBUG	protocol/handler.go:581	tryAdvanceRound called	{"{current_round 20 3  <nil>}": {"Key":"self","Type":15,"Integer":0,"String":"b","Interface":null}}
2025-08-15T22:13:57.115-0500	DEBUG	protocol/handler.go:1591	have processed broadcast	{"{round 20 3  <nil>}": {"Key":"from","Type":15,"Integer":0,"String":"a","Interface":null}}
2025-08-15T22:13:57.116-0500	DEBUG	protocol/handler.go:1649	have all messages and processed	{"{round 20 3  <nil>}": {"Key":"self","Type":15,"Integer":0,"String":"b","Interface":null}}
2025-08-15T22:13:57.116-0500	DEBUG	protocol/handler.go:596	round already finalized
2025-08-15T22:13:57.159-0500	DEBUG	protocol/handler.go:581	tryAdvanceRound called	{"{current_round 20 3  <nil>}": {"Key":"self","Type":15,"Integer":0,"String":"b","Interface":null}}
2025-08-15T22:13:57.159-0500	DEBUG	protocol/handler.go:1591	have processed broadcast	{"{round 20 3  <nil>}": {"Key":"from","Type":15,"Integer":0,"String":"a","Interface":null}}
2025-08-15T22:13:57.159-0500	DEBUG	protocol/handler.go:1649	have all messages and processed	{"{round 20 3  <nil>}": {"Key":"self","Type":15,"Integer":0,"String":"b","Interface":null}}
2025-08-15T22:13:57.159-0500	DEBUG	protocol/handler.go:596	round already finalized
2025-08-15T22:13:57.159-0500	DEBUG	protocol/handler.go:581	tryAdvanceRound called	{"{current_round 20 3  <nil>}": {"Key":"self","Type":15,"Integer":0,"String":"b","Interface":null}}
2025-08-15T22:13:57.159-0500	DEBUG	protocol/handler.go:1591	have processed broadcast	{"{round 20 3  <nil>}": {"Key":"from","Type":15,"Integer":0,"String":"a","Interface":null}}
2025-08-15T22:13:57.159-0500	DEBUG	protocol/handler.go:1649	have all messages and processed	{"{round 20 3  <nil>}": {"Key":"self","Type":15,"Integer":0,"String":"b","Interface":null}}
2025-08-15T22:13:57.159-0500	DEBUG	protocol/handler.go:596	round already finalized
2025-08-15T22:13:57.203-0500	DEBUG	protocol/handler.go:581	tryAdvanceRound called	{"{current_round 20 3  <nil>}": {"Key":"self","Type":15,"Integer":0,"String":"b","Interface":null}}
2025-08-15T22:13:57.203-0500	DEBUG	protocol/handler.go:1591	have processed broadcast	{"{round 20 3  <nil>}": {"Key":"from","Type":15,"Integer":0,"String":"a","Interface":null}}
2025-08-15T22:13:57.203-0500	DEBUG	protocol/handler.go:1649	have all messages and processed	{"{round 20 3  <nil>}": {"Key":"self","Type":15,"Integer":0,"String":"b","Interface":null}}
2025-08-15T22:13:57.203-0500	DEBUG	protocol/handler.go:596	round already finalized
2025-08-15T22:13:57.215-0500	DEBUG	protocol/handler.go:581	tryAdvanceRound called	{"{current_round 20 3  <nil>}": {"Key":"self","Type":15,"Integer":0,"String":"b","Interface":null}}
2025-08-15T22:13:57.215-0500	DEBUG	protocol/handler.go:1591	have processed broadcast	{"{round 20 3  <nil>}": {"Key":"from","Type":15,"Integer":0,"String":"a","Interface":null}}
2025-08-15T22:13:57.215-0500	DEBUG	protocol/handler.go:1649	have all messages and processed	{"{round 20 3  <nil>}": {"Key":"self","Type":15,"Integer":0,"String":"b","Interface":null}}
2025-08-15T22:13:57.215-0500	DEBUG	protocol/handler.go:596	round already finalized
2025-08-15T22:13:57.244-0500	DEBUG	protocol/handler.go:581	tryAdvanceRound called	{"{current_round 20 3  <nil>}": {"Key":"self","Type":15,"Integer":0,"String":"b","Interface":null}}
2025-08-15T22:13:57.244-0500	DEBUG	protocol/handler.go:1591	have processed broadcast	{"{round 20 3  <nil>}": {"Key":"from","Type":15,"Integer":0,"String":"a","Interface":null}}
2025-08-15T22:13:57.244-0500	DEBUG	protocol/handler.go:1649	have all messages and processed	{"{round 20 3  <nil>}": {"Key":"self","Type":15,"Integer":0,"String":"b","Interface":null}}
2025-08-15T22:13:57.244-0500	DEBUG	protocol/handler.go:596	round already finalized
2025-08-15T22:13:57.264-0500	DEBUG	protocol/handler.go:581	tryAdvanceRound called	{"{current_round 20 3  <nil>}": {"Key":"self","Type":15,"Integer":0,"String":"b","Interface":null}}
2025-08-15T22:13:57.264-0500	DEBUG	protocol/handler.go:1591	have processed broadcast	{"{round 20 3  <nil>}": {"Key":"from","Type":15,"Integer":0,"String":"a","Interface":null}}
2025-08-15T22:13:57.264-0500	DEBUG	protocol/handler.go:1649	have all messages and processed	{"{round 20 3  <nil>}": {"Key":"self","Type":15,"Integer":0,"String":"b","Interface":null}}
2025-08-15T22:13:57.264-0500	DEBUG	protocol/handler.go:596	round already finalized
==================
WARNING: DATA RACE
Write at 0x00c000130320 by goroutine 184:
  runtime.recvDirect()
      /opt/homebrew/Cellar/go/1.24.6/libexec/src/runtime/chan.go:405 +0x7c
  github.com/luxfi/threshold/pkg/pool.(*Pool).TearDown()
      /Users/z/work/lux/threshold/pkg/pool/pool.go:132 +0xb4
  github.com/luxfi/threshold/protocols/cmp_test.TestCMPMinimalKeygen.deferwrap1()
      /Users/z/work/lux/threshold/protocols/cmp/cmp_basic_test.go:80 +0x34
  runtime.deferreturn()
      /opt/homebrew/Cellar/go/1.24.6/libexec/src/runtime/panic.go:610 +0x5c
  testing.tRunner()
      /opt/homebrew/Cellar/go/1.24.6/libexec/src/testing/testing.go:1792 +0x180
  testing.(*T).Run.gowrap1()
      /opt/homebrew/Cellar/go/1.24.6/libexec/src/testing/testing.go:1851 +0x40

Previous read at 0x00c000130320 by goroutine 264:
  runtime.chansend1()
      /opt/homebrew/Cellar/go/1.24.6/libexec/src/runtime/chan.go:162 +0x2c
  github.com/luxfi/threshold/pkg/pool.(*Pool).Parallelize()
      /Users/z/work/lux/threshold/pkg/pool/pool.go:241 +0x320
  github.com/luxfi/threshold/pkg/zk/mod.NewProof()
      /Users/z/work/lux/threshold/pkg/zk/mod/mod.go:174 +0x470
  github.com/luxfi/threshold/protocols/cmp/keygen.(*round3).Finalize()
      /Users/z/work/lux/threshold/protocols/cmp/keygen/round3.go:210 +0xc14
  github.com/luxfi/threshold/pkg/protocol.(*Handler).finalizeRound.func1()
      /Users/z/work/lux/threshold/pkg/protocol/handler.go:1163 +0xe4

Goroutine 184 (running) created at:
  testing.(*T).Run()
      /opt/homebrew/Cellar/go/1.24.6/libexec/src/testing/testing.go:1851 +0x684
  testing.runTests.func1()
      /opt/homebrew/Cellar/go/1.24.6/libexec/src/testing/testing.go:2279 +0x7c
  testing.tRunner()
      /opt/homebrew/Cellar/go/1.24.6/libexec/src/testing/testing.go:1792 +0x180
  testing.runTests()
      /opt/homebrew/Cellar/go/1.24.6/libexec/src/testing/testing.go:2277 +0x77c
  testing.(*M).Run()
      /opt/homebrew/Cellar/go/1.24.6/libexec/src/testing/testing.go:2142 +0xb68
  main.main()
      _testmain.go:91 +0x110

Goroutine 264 (running) created at:
  github.com/luxfi/threshold/pkg/protocol.(*Handler).finalizeRound()
      /Users/z/work/lux/threshold/pkg/protocol/handler.go:1160 +0x26c
  github.com/luxfi/threshold/pkg/protocol.(*Handler).tryAdvanceRound()
      /Users/z/work/lux/threshold/pkg/protocol/handler.go:622 +0xae4
  github.com/luxfi/threshold/pkg/protocol.(*Handler).roundProcessor()
      /Users/z/work/lux/threshold/pkg/protocol/handler.go:569 +0xb4
  github.com/luxfi/threshold/pkg/protocol.(*Handler).startWorkers.func1()
      /Users/z/work/lux/threshold/pkg/protocol/handler.go:374 +0x78
==================
--- FAIL: TestCMPMinimalKeygen (10.01s)
    cmp_basic_test.go:90: Keygen completed with error (may be expected): harness context canceled: context deadline exceeded
    cmp_basic_test.go:115: Insufficient results: only 0 parties completed (need 2)
    testing.go:1490: race detected during execution of test
2025-08-15T22:13:57.276-0500	DEBUG	protocol/handler.go:581	tryAdvanceRound called	{"{current_round 20 3  <nil>}": {"Key":"self","Type":15,"Integer":0,"String":"b","Interface":null}}
2025-08-15T22:13:57.309-0500	DEBUG	protocol/handler.go:1591	have processed broadcast	{"{round 20 3  <nil>}": {"Key":"from","Type":15,"Integer":0,"String":"a","Interface":null}}
2025-08-15T22:13:57.309-0500	DEBUG	protocol/handler.go:1649	have all messages and processed	{"{round 20 3  <nil>}": {"Key":"self","Type":15,"Integer":0,"String":"b","Interface":null}}
2025-08-15T22:13:57.309-0500	DEBUG	protocol/handler.go:596	round already finalized
2025-08-15T22:13:57.309-0500	DEBUG	protocol/handler.go:581	tryAdvanceRound called	{"{current_round 20 3  <nil>}": {"Key":"self","Type":15,"Integer":0,"String":"b","Interface":null}}
2025-08-15T22:13:57.309-0500	DEBUG	protocol/handler.go:1591	have processed broadcast	{"{round 20 3  <nil>}": {"Key":"from","Type":15,"Integer":0,"String":"a","Interface":null}}
2025-08-15T22:13:57.309-0500	DEBUG	protocol/handler.go:1649	have all messages and processed	{"{round 20 3  <nil>}": {"Key":"self","Type":15,"Integer":0,"String":"b","Interface":null}}
2025-08-15T22:13:57.310-0500	DEBUG	protocol/handler.go:596	round already finalized
2025-08-15T22:13:57.334-0500	DEBUG	protocol/handler.go:581	tryAdvanceRound called	{"{current_round 20 3  <nil>}": {"Key":"self","Type":15,"Integer":0,"String":"b","Interface":null}}
2025-08-15T22:13:57.334-0500	DEBUG	protocol/handler.go:1591	have processed broadcast	{"{round 20 3  <nil>}": {"Key":"from","Type":15,"Integer":0,"String":"a","Interface":null}}
2025-08-15T22:13:57.334-0500	DEBUG	protocol/handler.go:1649	have all messages and processed	{"{round 20 3  <nil>}": {"Key":"self","Type":15,"Integer":0,"String":"b","Interface":null}}
2025-08-15T22:13:57.334-0500	DEBUG	protocol/handler.go:596	round already finalized
2025-08-15T22:13:57.347-0500	INFO	protocol/handler.go:240	starting protocol handler	{"{protocol 15 0 cmp/keygen-threshold <nil>}": {"Key":"workers","Type":11,"Integer":20,"String":"","Interface":null}, "{parties 11 2  <nil>}": {"Key":"threshold","Type":11,"Integer":1,"String":"","Interface":null}}
2025-08-15T22:13:57.347-0500	DEBUG	protocol/handler.go:348	starting worker pools	{"{workers 11 20  <nil>}": {"Key":"priority","Type":11,"Integer":4,"String":"","Interface":null}}
2025-08-15T22:13:57.348-0500	DEBUG	protocol/handler.go:930	initializing round
2025-08-15T22:13:57.348-0500	DEBUG	protocol/handler.go:1503	processing queued messages
2025-08-15T22:13:57.348-0500	DEBUG	protocol/handler.go:391	worker started	{"{id 11 0  <nil>}": {"Key":"priority","Type":4,"Integer":0,"String":"","Interface":null}}
2025-08-15T22:13:57.348-0500	DEBUG	protocol/handler.go:391	worker started	{"{id 11 1  <nil>}": {"Key":"priority","Type":4,"Integer":0,"String":"","Interface":null}}
2025-08-15T22:13:57.348-0500	DEBUG	protocol/handler.go:391	worker started	{"{id 11 3  <nil>}": {"Key":"priority","Type":4,"Integer":0,"String":"","Interface":null}}
2025-08-15T22:13:57.348-0500	DEBUG	protocol/handler.go:391	worker started	{"{id 11 2  <nil>}": {"Key":"priority","Type":4,"Integer":0,"String":"","Interface":null}}
2025-08-15T22:13:57.348-0500	DEBUG	protocol/handler.go:391	worker started	{"{id 11 4  <nil>}": {"Key":"priority","Type":4,"Integer":0,"String":"","Interface":null}}
2025-08-15T22:13:57.348-0500	DEBUG	protocol/handler.go:391	worker started	{"{id 11 5  <nil>}": {"Key":"priority","Type":4,"Integer":0,"String":"","Interface":null}}
2025-08-15T22:13:57.348-0500	DEBUG	protocol/handler.go:391	worker started	{"{id 11 6  <nil>}": {"Key":"priority","Type":4,"Integer":0,"String":"","Interface":null}}
2025-08-15T22:13:57.348-0500	DEBUG	protocol/handler.go:391	worker started	{"{id 11 8  <nil>}": {"Key":"priority","Type":4,"Integer":0,"String":"","Interface":null}}
2025-08-15T22:13:57.348-0500	DEBUG	protocol/handler.go:391	worker started	{"{id 11 7  <nil>}": {"Key":"priority","Type":4,"Integer":0,"String":"","Interface":null}}
2025-08-15T22:13:57.348-0500	DEBUG	protocol/handler.go:391	worker started	{"{id 11 9  <nil>}": {"Key":"priority","Type":4,"Integer":0,"String":"","Interface":null}}
2025-08-15T22:13:57.348-0500	DEBUG	protocol/handler.go:391	worker started	{"{id 11 11  <nil>}": {"Key":"priority","Type":4,"Integer":0,"String":"","Interface":null}}
2025-08-15T22:13:57.348-0500	DEBUG	protocol/handler.go:391	worker started	{"{id 11 12  <nil>}": {"Key":"priority","Type":4,"Integer":0,"String":"","Interface":null}}
2025-08-15T22:13:57.348-0500	DEBUG	protocol/handler.go:391	worker started	{"{id 11 13  <nil>}": {"Key":"priority","Type":4,"Integer":0,"String":"","Interface":null}}
2025-08-15T22:13:57.348-0500	DEBUG	protocol/handler.go:391	worker started	{"{id 11 10  <nil>}": {"Key":"priority","Type":4,"Integer":0,"String":"","Interface":null}}
2025-08-15T22:13:57.348-0500	DEBUG	protocol/handler.go:391	worker started	{"{id 11 15  <nil>}": {"Key":"priority","Type":4,"Integer":0,"String":"","Interface":null}}
2025-08-15T22:13:57.348-0500	DEBUG	protocol/handler.go:391	worker started	{"{id 11 16  <nil>}": {"Key":"priority","Type":4,"Integer":0,"String":"","Interface":null}}
2025-08-15T22:13:57.349-0500	DEBUG	protocol/handler.go:391	worker started	{"{id 11 14  <nil>}": {"Key":"priority","Type":4,"Integer":0,"String":"","Interface":null}}
2025-08-15T22:13:57.349-0500	DEBUG	protocol/handler.go:391	worker started	{"{id 11 18  <nil>}": {"Key":"priority","Type":4,"Integer":0,"String":"","Interface":null}}
2025-08-15T22:13:57.349-0500	DEBUG	protocol/handler.go:391	worker started	{"{id 11 17  <nil>}": {"Key":"priority","Type":4,"Integer":0,"String":"","Interface":null}}
2025-08-15T22:13:57.349-0500	DEBUG	protocol/handler.go:391	worker started	{"{id 11 19  <nil>}": {"Key":"priority","Type":4,"Integer":0,"String":"","Interface":null}}
2025-08-15T22:13:57.349-0500	DEBUG	protocol/handler.go:391	worker started	{"{id 11 1  <nil>}": {"Key":"priority","Type":4,"Integer":1,"String":"","Interface":null}}
2025-08-15T22:13:57.349-0500	DEBUG	protocol/handler.go:391	worker started	{"{id 11 0  <nil>}": {"Key":"priority","Type":4,"Integer":1,"String":"","Interface":null}}
2025-08-15T22:13:57.349-0500	DEBUG	protocol/handler.go:391	worker started	{"{id 11 3  <nil>}": {"Key":"priority","Type":4,"Integer":1,"String":"","Interface":null}}
2025-08-15T22:13:57.349-0500	DEBUG	protocol/handler.go:391	worker started	{"{id 11 2  <nil>}": {"Key":"priority","Type":4,"Integer":1,"String":"","Interface":null}}
2025-08-15T22:13:57.349-0500	INFO	protocol/handler.go:240	starting protocol handler	{"{protocol 15 0 cmp/keygen-threshold <nil>}": {"Key":"workers","Type":11,"Integer":20,"String":"","Interface":null}, "{parties 11 2  <nil>}": {"Key":"threshold","Type":11,"Integer":1,"String":"","Interface":null}}
2025-08-15T22:13:57.349-0500	DEBUG	protocol/handler.go:348	starting worker pools	{"{workers 11 20  <nil>}": {"Key":"priority","Type":11,"Integer":4,"String":"","Interface":null}}
2025-08-15T22:13:57.349-0500	DEBUG	protocol/handler.go:391	worker started	{"{id 11 0  <nil>}": {"Key":"priority","Type":4,"Integer":0,"String":"","Interface":null}}
2025-08-15T22:13:57.349-0500	DEBUG	protocol/handler.go:391	worker started	{"{id 11 1  <nil>}": {"Key":"priority","Type":4,"Integer":0,"String":"","Interface":null}}
2025-08-15T22:13:57.349-0500	DEBUG	protocol/handler.go:391	worker started	{"{id 11 3  <nil>}": {"Key":"priority","Type":4,"Integer":0,"String":"","Interface":null}}
2025-08-15T22:13:57.349-0500	DEBUG	protocol/handler.go:391	worker started	{"{id 11 4  <nil>}": {"Key":"priority","Type":4,"Integer":0,"String":"","Interface":null}}
2025-08-15T22:13:57.349-0500	DEBUG	protocol/handler.go:391	worker started	{"{id 11 5  <nil>}": {"Key":"priority","Type":4,"Integer":0,"String":"","Interface":null}}
2025-08-15T22:13:57.350-0500	DEBUG	protocol/handler.go:391	worker started	{"{id 11 2  <nil>}": {"Key":"priority","Type":4,"Integer":0,"String":"","Interface":null}}
2025-08-15T22:13:57.350-0500	DEBUG	protocol/handler.go:391	worker started	{"{id 11 7  <nil>}": {"Key":"priority","Type":4,"Integer":0,"String":"","Interface":null}}
2025-08-15T22:13:57.350-0500	DEBUG	protocol/handler.go:391	worker started	{"{id 11 8  <nil>}": {"Key":"priority","Type":4,"Integer":0,"String":"","Interface":null}}
2025-08-15T22:13:57.350-0500	DEBUG	protocol/handler.go:391	worker started	{"{id 11 9  <nil>}": {"Key":"priority","Type":4,"Integer":0,"String":"","Interface":null}}
2025-08-15T22:13:57.350-0500	DEBUG	protocol/handler.go:391	worker started	{"{id 11 10  <nil>}": {"Key":"priority","Type":4,"Integer":0,"String":"","Interface":null}}
2025-08-15T22:13:57.350-0500	DEBUG	protocol/handler.go:391	worker started	{"{id 11 11  <nil>}": {"Key":"priority","Type":4,"Integer":0,"String":"","Interface":null}}
2025-08-15T22:13:57.350-0500	DEBUG	protocol/handler.go:391	worker started	{"{id 11 12  <nil>}": {"Key":"priority","Type":4,"Integer":0,"String":"","Interface":null}}
2025-08-15T22:13:57.350-0500	DEBUG	protocol/handler.go:391	worker started	{"{id 11 13  <nil>}": {"Key":"priority","Type":4,"Integer":0,"String":"","Interface":null}}
2025-08-15T22:13:57.358-0500	DEBUG	protocol/handler.go:581	tryAdvanceRound called	{"{current_round 20 3  <nil>}": {"Key":"self","Type":15,"Integer":0,"String":"b","Interface":null}}
2025-08-15T22:13:57.358-0500	DEBUG	protocol/handler.go:1591	have processed broadcast	{"{round 20 3  <nil>}": {"Key":"from","Type":15,"Integer":0,"String":"a","Interface":null}}
2025-08-15T22:13:57.358-0500	DEBUG	protocol/handler.go:1649	have all messages and processed	{"{round 20 3  <nil>}": {"Key":"self","Type":15,"Integer":0,"String":"b","Interface":null}}
2025-08-15T22:13:57.358-0500	DEBUG	protocol/handler.go:596	round already finalized
2025-08-15T22:13:57.370-0500	INFO	protocol/handler.go:560	advanced to round
2025-08-15T22:13:57.371-0500	DEBUG	protocol/handler.go:581	tryAdvanceRound called	{"{current_round 20 1  <nil>}": {"Key":"self","Type":15,"Integer":0,"String":"a","Interface":null}}
2025-08-15T22:13:57.371-0500	DEBUG	protocol/handler.go:1649	have all messages and processed	{"{round 20 1  <nil>}": {"Key":"self","Type":15,"Integer":0,"String":"a","Interface":null}}
2025-08-15T22:13:57.371-0500	DEBUG	protocol/handler.go:619	finalizing round
2025-08-15T22:13:57.372-0500	DEBUG	protocol/handler.go:581	tryAdvanceRound called	{"{current_round 20 3  <nil>}": {"Key":"self","Type":15,"Integer":0,"String":"b","Interface":null}}
2025-08-15T22:13:57.372-0500	DEBUG	protocol/handler.go:1591	have processed broadcast	{"{round 20 3  <nil>}": {"Key":"from","Type":15,"Integer":0,"String":"a","Interface":null}}
2025-08-15T22:13:57.372-0500	DEBUG	protocol/handler.go:1649	have all messages and processed	{"{round 20 3  <nil>}": {"Key":"self","Type":15,"Integer":0,"String":"b","Interface":null}}
2025-08-15T22:13:57.372-0500	DEBUG	protocol/handler.go:596	round already finalized
2025-08-15T22:13:57.374-0500	DEBUG	protocol/handler.go:391	worker started	{"{id 11 6  <nil>}": {"Key":"priority","Type":4,"Integer":0,"String":"","Interface":null}}
2025-08-15T22:13:57.374-0500	DEBUG	protocol/handler.go:391	worker started	{"{id 11 15  <nil>}": {"Key":"priority","Type":4,"Integer":0,"String":"","Interface":null}}
2025-08-15T22:13:57.374-0500	DEBUG	protocol/handler.go:391	worker started	{"{id 11 16  <nil>}": {"Key":"priority","Type":4,"Integer":0,"String":"","Interface":null}}
2025-08-15T22:13:57.374-0500	DEBUG	protocol/handler.go:391	worker started	{"{id 11 17  <nil>}": {"Key":"priority","Type":4,"Integer":0,"String":"","Interface":null}}
2025-08-15T22:13:57.374-0500	DEBUG	protocol/handler.go:391	worker started	{"{id 11 18  <nil>}": {"Key":"priority","Type":4,"Integer":0,"String":"","Interface":null}}
2025-08-15T22:13:57.374-0500	DEBUG	protocol/handler.go:391	worker started	{"{id 11 19  <nil>}": {"Key":"priority","Type":4,"Integer":0,"String":"","Interface":null}}
2025-08-15T22:13:57.374-0500	DEBUG	protocol/handler.go:391	worker started	{"{id 11 0  <nil>}": {"Key":"priority","Type":4,"Integer":1,"String":"","Interface":null}}
2025-08-15T22:13:57.374-0500	DEBUG	protocol/handler.go:391	worker started	{"{id 11 14  <nil>}": {"Key":"priority","Type":4,"Integer":0,"String":"","Interface":null}}
2025-08-15T22:13:57.375-0500	DEBUG	protocol/handler.go:391	worker started	{"{id 11 1  <nil>}": {"Key":"priority","Type":4,"Integer":1,"String":"","Interface":null}}
2025-08-15T22:13:57.375-0500	DEBUG	protocol/handler.go:391	worker started	{"{id 11 2  <nil>}": {"Key":"priority","Type":4,"Integer":1,"String":"","Interface":null}}
2025-08-15T22:13:57.375-0500	DEBUG	protocol/handler.go:391	worker started	{"{id 11 3  <nil>}": {"Key":"priority","Type":4,"Integer":1,"String":"","Interface":null}}
2025-08-15T22:13:57.375-0500	DEBUG	protocol/handler.go:930	initializing round
2025-08-15T22:13:57.375-0500	DEBUG	protocol/handler.go:1503	processing queued messages
2025-08-15T22:13:57.375-0500	DEBUG	protocol/handler.go:954	round already being initialized/finalized, skipping
2025-08-15T22:13:57.381-0500	DEBUG	protocol/handler.go:581	tryAdvanceRound called	{"{current_round 20 3  <nil>}": {"Key":"self","Type":15,"Integer":0,"String":"b","Interface":null}}
2025-08-15T22:13:57.381-0500	DEBUG	protocol/handler.go:1591	have processed broadcast	{"{round 20 3  <nil>}": {"Key":"from","Type":15,"Integer":0,"String":"a","Interface":null}}
2025-08-15T22:13:57.381-0500	DEBUG	protocol/handler.go:1649	have all messages and processed	{"{round 20 3  <nil>}": {"Key":"self","Type":15,"Integer":0,"String":"b","Interface":null}}
2025-08-15T22:13:57.381-0500	DEBUG	protocol/handler.go:596	round already finalized
2025-08-15T22:13:57.405-0500	DEBUG	protocol/handler.go:581	tryAdvanceRound called	{"{current_round 20 3  <nil>}": {"Key":"self","Type":15,"Integer":0,"String":"b","Interface":null}}
2025-08-15T22:13:57.405-0500	DEBUG	protocol/handler.go:1591	have processed broadcast	{"{round 20 3  <nil>}": {"Key":"from","Type":15,"Integer":0,"String":"a","Interface":null}}
2025-08-15T22:13:57.405-0500	DEBUG	protocol/handler.go:1649	have all messages and processed	{"{round 20 3  <nil>}": {"Key":"self","Type":15,"Integer":0,"String":"b","Interface":null}}
2025-08-15T22:13:57.405-0500	DEBUG	protocol/handler.go:596	round already finalized
2025-08-15T22:13:57.428-0500	DEBUG	protocol/handler.go:581	tryAdvanceRound called	{"{current_round 20 3  <nil>}": {"Key":"self","Type":15,"Integer":0,"String":"b","Interface":null}}
2025-08-15T22:13:57.428-0500	DEBUG	protocol/handler.go:1591	have processed broadcast	{"{round 20 3  <nil>}": {"Key":"from","Type":15,"Integer":0,"String":"a","Interface":null}}
2025-08-15T22:13:57.428-0500	DEBUG	protocol/handler.go:1649	have all messages and processed	{"{round 20 3  <nil>}": {"Key":"self","Type":15,"Integer":0,"String":"b","Interface":null}}
2025-08-15T22:13:57.428-0500	DEBUG	protocol/handler.go:596	round already finalized
2025-08-15T22:13:57.436-0500	INFO	protocol/handler.go:560	advanced to round
2025-08-15T22:13:57.439-0500	DEBUG	protocol/handler.go:581	tryAdvanceRound called	{"{current_round 20 3  <nil>}": {"Key":"self","Type":15,"Integer":0,"String":"b","Interface":null}}
2025-08-15T22:13:57.439-0500	DEBUG	protocol/handler.go:1591	have processed broadcast	{"{round 20 3  <nil>}": {"Key":"from","Type":15,"Integer":0,"String":"a","Interface":null}}
2025-08-15T22:13:57.436-0500	DEBUG	protocol/handler.go:581	tryAdvanceRound called	{"{current_round 20 1  <nil>}": {"Key":"self","Type":15,"Integer":0,"String":"b","Interface":null}}
2025-08-15T22:13:57.447-0500	DEBUG	protocol/handler.go:1649	have all messages and processed	{"{round 20 1  <nil>}": {"Key":"self","Type":15,"Integer":0,"String":"b","Interface":null}}
2025-08-15T22:13:57.447-0500	DEBUG	protocol/handler.go:596	round already finalized
2025-08-15T22:13:57.447-0500	DEBUG	protocol/handler.go:581	tryAdvanceRound called	{"{current_round 20 1  <nil>}": {"Key":"self","Type":15,"Integer":0,"String":"b","Interface":null}}
2025-08-15T22:13:57.448-0500	DEBUG	protocol/handler.go:1649	have all messages and processed	{"{round 20 1  <nil>}": {"Key":"self","Type":15,"Integer":0,"String":"b","Interface":null}}
2025-08-15T22:13:57.448-0500	DEBUG	protocol/handler.go:596	round already finalized
2025-08-15T22:13:57.462-0500	DEBUG	protocol/handler.go:581	tryAdvanceRound called	{"{current_round 20 1  <nil>}": {"Key":"self","Type":15,"Integer":0,"String":"b","Interface":null}}
2025-08-15T22:13:57.463-0500	DEBUG	protocol/handler.go:1649	have all messages and processed	{"{round 20 1  <nil>}": {"Key":"self","Type":15,"Integer":0,"String":"b","Interface":null}}
2025-08-15T22:13:57.463-0500	DEBUG	protocol/handler.go:596	round already finalized
2025-08-15T22:13:57.439-0500	DEBUG	protocol/handler.go:1649	have all messages and processed	{"{round 20 3  <nil>}": {"Key":"self","Type":15,"Integer":0,"String":"b","Interface":null}}
2025-08-15T22:13:57.463-0500	DEBUG	protocol/handler.go:596	round already finalized
2025-08-15T22:13:57.463-0500	DEBUG	protocol/handler.go:581	tryAdvanceRound called	{"{current_round 20 3  <nil>}": {"Key":"self","Type":15,"Integer":0,"String":"b","Interface":null}}
2025-08-15T22:13:57.463-0500	DEBUG	protocol/handler.go:1591	have processed broadcast	{"{round 20 3  <nil>}": {"Key":"from","Type":15,"Integer":0,"String":"a","Interface":null}}
2025-08-15T22:13:57.463-0500	DEBUG	protocol/handler.go:1649	have all messages and processed	{"{round 20 3  <nil>}": {"Key":"self","Type":15,"Integer":0,"String":"b","Interface":null}}
2025-08-15T22:13:57.463-0500	DEBUG	protocol/handler.go:596	round already finalized
==================
WARNING: DATA RACE
Write at 0x00c00010c9f8 by goroutine 119:
  github.com/cronokirby/saferith.maskEnd()
      /Users/z/go/pkg/mod/github.com/cronokirby/saferith@v0.33.0/num.go:261 +0x1cc
  github.com/cronokirby/saferith.(*Nat).resizedLimbs()
      /Users/z/go/pkg/mod/github.com/cronokirby/saferith@v0.33.0/num.go:252 +0x16c
  github.com/cronokirby/saferith.(*Nat).Cmp()
      /Users/z/go/pkg/mod/github.com/cronokirby/saferith@v0.33.0/num.go:1411 +0x90
  github.com/cronokirby/saferith.(*Nat).CmpMod()
      /Users/z/go/pkg/mod/github.com/cronokirby/saferith@v0.33.0/num.go:1430 +0x74
  github.com/luxfi/threshold/pkg/math/arith.IsValidNatModN()
      /Users/z/work/lux/threshold/pkg/math/arith/int.go:16 +0x78
  github.com/luxfi/threshold/pkg/pedersen.Parameters.Verify()
      /Users/z/work/lux/threshold/pkg/pedersen/pedersen.go:91 +0xc0
  github.com/luxfi/threshold/pkg/zk/fac.(*Proof).Verify()
      /Users/z/work/lux/threshold/pkg/zk/fac/fac.go:115 +0x214
  github.com/luxfi/threshold/protocols/cmp/keygen.(*round4).VerifyMessage()
      /Users/z/work/lux/threshold/protocols/cmp/keygen/round4.go:139 +0x368
  github.com/luxfi/threshold/pkg/protocol.(*Handler).verifyNormalForRound()
      /Users/z/work/lux/threshold/pkg/protocol/handler.go:1331 +0x348
  github.com/luxfi/threshold/pkg/protocol.(*Handler).retryUnprocessedMessages()
      /Users/z/work/lux/threshold/pkg/protocol/handler.go:1496 +0x3a0
  github.com/luxfi/threshold/pkg/protocol.(*Handler).tryAdvanceRound()
      /Users/z/work/lux/threshold/pkg/protocol/handler.go:587 +0x28c
  github.com/luxfi/threshold/pkg/protocol.(*Handler).roundProcessor()
      /Users/z/work/lux/threshold/pkg/protocol/handler.go:569 +0xb4
  github.com/luxfi/threshold/pkg/protocol.(*Handler).startWorkers.func1()
      /Users/z/work/lux/threshold/pkg/protocol/handler.go:374 +0x78

Previous read at 0x00c00010c9f8 by goroutine 267:
  runtime.slicecopy()
      /opt/homebrew/Cellar/go/1.24.6/libexec/src/runtime/slice.go:355 +0x0
  github.com/cronokirby/saferith.(*Nat).invert()
      /Users/z/go/pkg/mod/github.com/cronokirby/saferith@v0.33.0/num.go:1561 +0x318
  github.com/cronokirby/saferith.(*Nat).modInverse()
      /Users/z/go/pkg/mod/github.com/cronokirby/saferith@v0.33.0/num.go:1743 +0x18c
  github.com/cronokirby/saferith.(*Nat).ModInverse()
      /Users/z/go/pkg/mod/github.com/cronokirby/saferith@v0.33.0/num.go:1757 +0x80
  github.com/luxfi/threshold/pkg/math/arith.(*Modulus).ExpI()
      /Users/z/work/lux/threshold/pkg/math/arith/modulus.go:68 +0xd4
  github.com/luxfi/threshold/pkg/pedersen.Parameters.Verify()
      /Users/z/work/lux/threshold/pkg/pedersen/pedersen.go:95 +0xd4
  github.com/luxfi/threshold/pkg/zk/fac.(*Proof).Verify()
      /Users/z/work/lux/threshold/pkg/zk/fac/fac.go:111 +0x170
  github.com/luxfi/threshold/protocols/cmp/keygen.(*round4).VerifyMessage()
      /Users/z/work/lux/threshold/protocols/cmp/keygen/round4.go:139 +0x368
  github.com/luxfi/threshold/pkg/protocol.(*Handler).verifyNormalForRound()
      /Users/z/work/lux/threshold/pkg/protocol/handler.go:1331 +0x348
  github.com/luxfi/threshold/pkg/protocol.(*Handler).processQueuedMessages()
      /Users/z/work/lux/threshold/pkg/protocol/handler.go:1556 +0x550
  github.com/luxfi/threshold/pkg/protocol.(*Handler).tryAdvanceRound.gowrap2()
      /Users/z/work/lux/threshold/pkg/protocol/handler.go:673 +0x40

Goroutine 119 (running) created at:
  github.com/luxfi/threshold/pkg/protocol.(*Handler).startWorkers()
      /Users/z/work/lux/threshold/pkg/protocol/handler.go:372 +0x4fc
  github.com/luxfi/threshold/pkg/protocol.NewHandler()
      /Users/z/work/lux/threshold/pkg/protocol/handler.go:247 +0xf10
  github.com/luxfi/threshold/internal/test.(*Harness).CreateHandler()
      /Users/z/work/lux/threshold/internal/test/harness.go:91 +0x2e4
  github.com/luxfi/threshold/internal/test.RunProtocol()
      /Users/z/work/lux/threshold/internal/test/harness.go:270 +0x230
  github.com/luxfi/threshold/protocols/cmp_test.TestCMPBasicKeygen()
      /Users/z/work/lux/threshold/protocols/cmp/cmp_basic_test.go:35 +0x29c
  testing.tRunner()
      /opt/homebrew/Cellar/go/1.24.6/libexec/src/testing/testing.go:1792 +0x180
  testing.(*T).Run.gowrap1()
      /opt/homebrew/Cellar/go/1.24.6/libexec/src/testing/testing.go:1851 +0x40

Goroutine 267 (running) created at:
  github.com/luxfi/threshold/pkg/protocol.(*Handler).tryAdvanceRound()
      /Users/z/work/lux/threshold/pkg/protocol/handler.go:673 +0x12e4
  github.com/luxfi/threshold/pkg/protocol.(*Handler).processMessage()
      /Users/z/work/lux/threshold/pkg/protocol/handler.go:486 +0xbb0
  github.com/luxfi/threshold/pkg/protocol.(*Handler).messageWorker()
      /Users/z/work/lux/threshold/pkg/protocol/handler.go:408 +0x338
  github.com/luxfi/threshold/pkg/protocol.(*Handler).startWorkers.gowrap2()
      /Users/z/work/lux/threshold/pkg/protocol/handler.go:361 +0x44
==================
2025-08-15T22:13:57.948-0500	DEBUG	protocol/handler.go:581	tryAdvanceRound called	{"{current_round 20 1  <nil>}": {"Key":"self","Type":15,"Integer":0,"String":"b","Interface":null}}
2025-08-15T22:13:57.948-0500	DEBUG	protocol/handler.go:1649	have all messages and processed	{"{round 20 1  <nil>}": {"Key":"self","Type":15,"Integer":0,"String":"b","Interface":null}}
2025-08-15T22:13:57.948-0500	DEBUG	protocol/handler.go:596	round already finalized
2025-08-15T22:13:57.948-0500	DEBUG	protocol/handler.go:581	tryAdvanceRound called	{"{current_round 20 1  <nil>}": {"Key":"self","Type":15,"Integer":0,"String":"b","Interface":null}}
2025-08-15T22:13:57.948-0500	DEBUG	protocol/handler.go:1649	have all messages and processed	{"{round 20 1  <nil>}": {"Key":"self","Type":15,"Integer":0,"String":"b","Interface":null}}
2025-08-15T22:13:57.949-0500	DEBUG	protocol/handler.go:596	round already finalized
2025-08-15T22:13:57.981-0500	DEBUG	protocol/handler.go:581	tryAdvanceRound called	{"{current_round 20 1  <nil>}": {"Key":"self","Type":15,"Integer":0,"String":"b","Interface":null}}
2025-08-15T22:13:57.981-0500	DEBUG	protocol/handler.go:1649	have all messages and processed	{"{round 20 1  <nil>}": {"Key":"self","Type":15,"Integer":0,"String":"b","Interface":null}}
2025-08-15T22:13:57.981-0500	DEBUG	protocol/handler.go:596	round already finalized
2025-08-15T22:13:58.240-0500	DEBUG	protocol/handler.go:581	tryAdvanceRound called	{"{current_round 20 3  <nil>}": {"Key":"self","Type":15,"Integer":0,"String":"b","Interface":null}}
2025-08-15T22:13:58.274-0500	DEBUG	protocol/handler.go:1591	have processed broadcast	{"{round 20 3  <nil>}": {"Key":"from","Type":15,"Integer":0,"String":"a","Interface":null}}
2025-08-15T22:13:58.274-0500	DEBUG	protocol/handler.go:1649	have all messages and processed	{"{round 20 3  <nil>}": {"Key":"self","Type":15,"Integer":0,"String":"b","Interface":null}}
2025-08-15T22:13:58.274-0500	DEBUG	protocol/handler.go:596	round already finalized
2025-08-15T22:13:58.274-0500	DEBUG	protocol/handler.go:581	tryAdvanceRound called	{"{current_round 20 3  <nil>}": {"Key":"self","Type":15,"Integer":0,"String":"b","Interface":null}}
2025-08-15T22:13:58.274-0500	DEBUG	protocol/handler.go:1591	have processed broadcast	{"{round 20 3  <nil>}": {"Key":"from","Type":15,"Integer":0,"String":"a","Interface":null}}
2025-08-15T22:13:58.274-0500	DEBUG	protocol/handler.go:1649	have all messages and processed	{"{round 20 3  <nil>}": {"Key":"self","Type":15,"Integer":0,"String":"b","Interface":null}}
2025-08-15T22:13:58.274-0500	DEBUG	protocol/handler.go:596	round already finalized
==================
WARNING: DATA RACE
Write at 0x00c00010c9f8 by goroutine 267:
  github.com/cronokirby/saferith.maskEnd()
      /Users/z/go/pkg/mod/github.com/cronokirby/saferith@v0.33.0/num.go:261 +0x1cc
  github.com/cronokirby/saferith.(*Nat).resizedLimbs()
      /Users/z/go/pkg/mod/github.com/cronokirby/saferith@v0.33.0/num.go:252 +0x16c
  github.com/cronokirby/saferith.(*Nat).Cmp()
      /Users/z/go/pkg/mod/github.com/cronokirby/saferith@v0.33.0/num.go:1411 +0x90
  github.com/cronokirby/saferith.(*Nat).CmpMod()
      /Users/z/go/pkg/mod/github.com/cronokirby/saferith@v0.33.0/num.go:1430 +0x74
  github.com/luxfi/threshold/pkg/math/arith.IsValidNatModN()
      /Users/z/work/lux/threshold/pkg/math/arith/int.go:16 +0x78
  github.com/luxfi/threshold/pkg/pedersen.Parameters.Verify()
      /Users/z/work/lux/threshold/pkg/pedersen/pedersen.go:91 +0xc0
  github.com/luxfi/threshold/pkg/zk/fac.(*Proof).Verify()
      /Users/z/work/lux/threshold/pkg/zk/fac/fac.go:115 +0x214
  github.com/luxfi/threshold/protocols/cmp/keygen.(*round4).VerifyMessage()
      /Users/z/work/lux/threshold/protocols/cmp/keygen/round4.go:139 +0x368
  github.com/luxfi/threshold/pkg/protocol.(*Handler).verifyNormalForRound()
      /Users/z/work/lux/threshold/pkg/protocol/handler.go:1331 +0x348
  github.com/luxfi/threshold/pkg/protocol.(*Handler).processQueuedMessages()
      /Users/z/work/lux/threshold/pkg/protocol/handler.go:1556 +0x550
  github.com/luxfi/threshold/pkg/protocol.(*Handler).tryAdvanceRound.gowrap2()
      /Users/z/work/lux/threshold/pkg/protocol/handler.go:673 +0x40

Previous read at 0x00c00010c9f8 by goroutine 119:
  runtime.slicecopy()
      /opt/homebrew/Cellar/go/1.24.6/libexec/src/runtime/slice.go:355 +0x0
  github.com/cronokirby/saferith.(*Nat).invert()
      /Users/z/go/pkg/mod/github.com/cronokirby/saferith@v0.33.0/num.go:1561 +0x318
  github.com/cronokirby/saferith.(*Nat).modInverse()
      /Users/z/go/pkg/mod/github.com/cronokirby/saferith@v0.33.0/num.go:1743 +0x18c
  github.com/cronokirby/saferith.(*Nat).ModInverse()
      /Users/z/go/pkg/mod/github.com/cronokirby/saferith@v0.33.0/num.go:1757 +0x80
  github.com/luxfi/threshold/pkg/math/arith.(*Modulus).ExpI()
      /Users/z/work/lux/threshold/pkg/math/arith/modulus.go:68 +0xd4
  github.com/luxfi/threshold/pkg/pedersen.Parameters.Verify()
      /Users/z/work/lux/threshold/pkg/pedersen/pedersen.go:99 +0x110
  github.com/luxfi/threshold/pkg/zk/fac.(*Proof).Verify()
      /Users/z/work/lux/threshold/pkg/zk/fac/fac.go:115 +0x214
  github.com/luxfi/threshold/protocols/cmp/keygen.(*round4).VerifyMessage()
      /Users/z/work/lux/threshold/protocols/cmp/keygen/round4.go:139 +0x368
  github.com/luxfi/threshold/pkg/protocol.(*Handler).verifyNormalForRound()
      /Users/z/work/lux/threshold/pkg/protocol/handler.go:1331 +0x348
  github.com/luxfi/threshold/pkg/protocol.(*Handler).retryUnprocessedMessages()
      /Users/z/work/lux/threshold/pkg/protocol/handler.go:1496 +0x3a0
  github.com/luxfi/threshold/pkg/protocol.(*Handler).tryAdvanceRound()
      /Users/z/work/lux/threshold/pkg/protocol/handler.go:587 +0x28c
  github.com/luxfi/threshold/pkg/protocol.(*Handler).roundProcessor()
      /Users/z/work/lux/threshold/pkg/protocol/handler.go:569 +0xb4
  github.com/luxfi/threshold/pkg/protocol.(*Handler).startWorkers.func1()
      /Users/z/work/lux/threshold/pkg/protocol/handler.go:374 +0x78

Goroutine 267 (running) created at:
  github.com/luxfi/threshold/pkg/protocol.(*Handler).tryAdvanceRound()
      /Users/z/work/lux/threshold/pkg/protocol/handler.go:673 +0x12e4
  github.com/luxfi/threshold/pkg/protocol.(*Handler).processMessage()
      /Users/z/work/lux/threshold/pkg/protocol/handler.go:486 +0xbb0
  github.com/luxfi/threshold/pkg/protocol.(*Handler).messageWorker()
      /Users/z/work/lux/threshold/pkg/protocol/handler.go:408 +0x338
  github.com/luxfi/threshold/pkg/protocol.(*Handler).startWorkers.gowrap2()
      /Users/z/work/lux/threshold/pkg/protocol/handler.go:361 +0x44

Goroutine 119 (running) created at:
  github.com/luxfi/threshold/pkg/protocol.(*Handler).startWorkers()
      /Users/z/work/lux/threshold/pkg/protocol/handler.go:372 +0x4fc
  github.com/luxfi/threshold/pkg/protocol.NewHandler()
      /Users/z/work/lux/threshold/pkg/protocol/handler.go:247 +0xf10
  github.com/luxfi/threshold/internal/test.(*Harness).CreateHandler()
      /Users/z/work/lux/threshold/internal/test/harness.go:91 +0x2e4
  github.com/luxfi/threshold/internal/test.RunProtocol()
      /Users/z/work/lux/threshold/internal/test/harness.go:270 +0x230
  github.com/luxfi/threshold/protocols/cmp_test.TestCMPBasicKeygen()
      /Users/z/work/lux/threshold/protocols/cmp/cmp_basic_test.go:35 +0x29c
  testing.tRunner()
      /opt/homebrew/Cellar/go/1.24.6/libexec/src/testing/testing.go:1792 +0x180
  testing.(*T).Run.gowrap1()
      /opt/homebrew/Cellar/go/1.24.6/libexec/src/testing/testing.go:1851 +0x40
==================
2025-08-15T22:13:58.309-0500	DEBUG	protocol/handler.go:581	tryAdvanceRound called	{"{current_round 20 3  <nil>}": {"Key":"self","Type":15,"Integer":0,"String":"b","Interface":null}}
2025-08-15T22:13:58.309-0500	DEBUG	protocol/handler.go:1591	have processed broadcast	{"{round 20 3  <nil>}": {"Key":"from","Type":15,"Integer":0,"String":"a","Interface":null}}
2025-08-15T22:13:58.309-0500	DEBUG	protocol/handler.go:1649	have all messages and processed	{"{round 20 3  <nil>}": {"Key":"self","Type":15,"Integer":0,"String":"b","Interface":null}}
2025-08-15T22:13:58.309-0500	DEBUG	protocol/handler.go:596	round already finalized
2025-08-15T22:13:58.309-0500	DEBUG	protocol/handler.go:581	tryAdvanceRound called	{"{current_round 20 3  <nil>}": {"Key":"self","Type":15,"Integer":0,"String":"b","Interface":null}}
2025-08-15T22:13:58.310-0500	DEBUG	protocol/handler.go:1591	have processed broadcast	{"{round 20 3  <nil>}": {"Key":"from","Type":15,"Integer":0,"String":"a","Interface":null}}
2025-08-15T22:13:58.310-0500	DEBUG	protocol/handler.go:1649	have all messages and processed	{"{round 20 3  <nil>}": {"Key":"self","Type":15,"Integer":0,"String":"b","Interface":null}}
2025-08-15T22:13:58.310-0500	DEBUG	protocol/handler.go:596	round already finalized
2025-08-15T22:13:58.322-0500	DEBUG	protocol/handler.go:581	tryAdvanceRound called	{"{current_round 20 3  <nil>}": {"Key":"self","Type":15,"Integer":0,"String":"b","Interface":null}}
2025-08-15T22:13:58.322-0500	DEBUG	protocol/handler.go:1591	have processed broadcast	{"{round 20 3  <nil>}": {"Key":"from","Type":15,"Integer":0,"String":"a","Interface":null}}
2025-08-15T22:13:58.356-0500	DEBUG	protocol/handler.go:1649	have all messages and processed	{"{round 20 3  <nil>}": {"Key":"self","Type":15,"Integer":0,"String":"b","Interface":null}}
2025-08-15T22:13:58.356-0500	DEBUG	protocol/handler.go:596	round already finalized
2025-08-15T22:13:58.356-0500	DEBUG	protocol/handler.go:581	tryAdvanceRound called	{"{current_round 20 3  <nil>}": {"Key":"self","Type":15,"Integer":0,"String":"b","Interface":null}}
2025-08-15T22:13:58.356-0500	DEBUG	protocol/handler.go:1591	have processed broadcast	{"{round 20 3  <nil>}": {"Key":"from","Type":15,"Integer":0,"String":"a","Interface":null}}
2025-08-15T22:13:58.356-0500	DEBUG	protocol/handler.go:1649	have all messages and processed	{"{round 20 3  <nil>}": {"Key":"self","Type":15,"Integer":0,"String":"b","Interface":null}}
2025-08-15T22:13:58.356-0500	DEBUG	protocol/handler.go:596	round already finalized
2025-08-15T22:13:58.357-0500	DEBUG	protocol/handler.go:581	tryAdvanceRound called	{"{current_round 20 3  <nil>}": {"Key":"self","Type":15,"Integer":0,"String":"b","Interface":null}}
2025-08-15T22:13:58.357-0500	DEBUG	protocol/handler.go:1591	have processed broadcast	{"{round 20 3  <nil>}": {"Key":"from","Type":15,"Integer":0,"String":"a","Interface":null}}
2025-08-15T22:13:58.357-0500	DEBUG	protocol/handler.go:1649	have all messages and processed	{"{round 20 3  <nil>}": {"Key":"self","Type":15,"Integer":0,"String":"b","Interface":null}}
2025-08-15T22:13:58.359-0500	DEBUG	protocol/handler.go:596	round already finalized
2025-08-15T22:13:58.379-0500	DEBUG	protocol/handler.go:581	tryAdvanceRound called	{"{current_round 20 3  <nil>}": {"Key":"self","Type":15,"Integer":0,"String":"b","Interface":null}}
2025-08-15T22:13:58.379-0500	DEBUG	protocol/handler.go:1591	have processed broadcast	{"{round 20 3  <nil>}": {"Key":"from","Type":15,"Integer":0,"String":"a","Interface":null}}
2025-08-15T22:13:58.379-0500	DEBUG	protocol/handler.go:1649	have all messages and processed	{"{round 20 3  <nil>}": {"Key":"self","Type":15,"Integer":0,"String":"b","Interface":null}}
2025-08-15T22:13:58.379-0500	DEBUG	protocol/handler.go:596	round already finalized
==================
WARNING: DATA RACE
Read at 0x00c00010caf8 by goroutine 268:
  github.com/cronokirby/saferith.shiftAddIn()
      /Users/z/go/pkg/mod/github.com/cronokirby/saferith@v0.33.0/num.go:793 +0x360
  github.com/cronokirby/saferith.(*Nat).Mod()
      /Users/z/go/pkg/mod/github.com/cronokirby/saferith@v0.33.0/num.go:889 +0x2d0
  github.com/cronokirby/saferith.(*Nat).ModMul()
      /Users/z/go/pkg/mod/github.com/cronokirby/saferith@v0.33.0/num.go:1185 +0xac
  github.com/luxfi/threshold/pkg/math/arith.(*Modulus).Exp()
      /Users/z/work/lux/threshold/pkg/math/arith/modulus.go:55 +0x168
  github.com/luxfi/threshold/pkg/math/arith.(*Modulus).ExpI()
      /Users/z/work/lux/threshold/pkg/math/arith/modulus.go:67 +0xa8
  github.com/luxfi/threshold/pkg/pedersen.Parameters.Verify()
      /Users/z/work/lux/threshold/pkg/pedersen/pedersen.go:96 +0xe8
  github.com/luxfi/threshold/pkg/zk/fac.(*Proof).Verify()
      /Users/z/work/lux/threshold/pkg/zk/fac/fac.go:111 +0x170
  github.com/luxfi/threshold/protocols/cmp/keygen.(*round4).VerifyMessage()
      /Users/z/work/lux/threshold/protocols/cmp/keygen/round4.go:139 +0x368
  github.com/luxfi/threshold/pkg/protocol.(*Handler).verifyNormalForRound()
      /Users/z/work/lux/threshold/pkg/protocol/handler.go:1331 +0x348
  github.com/luxfi/threshold/pkg/protocol.(*Handler).processQueuedMessages()
      /Users/z/work/lux/threshold/pkg/protocol/handler.go:1556 +0x550
  github.com/luxfi/threshold/pkg/protocol.(*Handler).tryAdvanceRound.gowrap2()
      /Users/z/work/lux/threshold/pkg/protocol/handler.go:673 +0x40

Previous write at 0x00c00010caf8 by goroutine 146:
  github.com/cronokirby/saferith.maskEnd()
      /Users/z/go/pkg/mod/github.com/cronokirby/saferith@v0.33.0/num.go:261 +0x1cc
  github.com/cronokirby/saferith.(*Nat).resizedLimbs()
      /Users/z/go/pkg/mod/github.com/cronokirby/saferith@v0.33.0/num.go:252 +0x16c
  github.com/cronokirby/saferith.(*Nat).Cmp()
      /Users/z/go/pkg/mod/github.com/cronokirby/saferith@v0.33.0/num.go:1411 +0x90
  github.com/cronokirby/saferith.(*Nat).CmpMod()
      /Users/z/go/pkg/mod/github.com/cronokirby/saferith@v0.33.0/num.go:1430 +0x74
  github.com/luxfi/threshold/pkg/math/arith.IsValidNatModN()
      /Users/z/work/lux/threshold/pkg/math/arith/int.go:16 +0x78
  github.com/luxfi/threshold/pkg/pedersen.Parameters.Verify()
      /Users/z/work/lux/threshold/pkg/pedersen/pedersen.go:91 +0xc0
  github.com/luxfi/threshold/pkg/zk/fac.(*Proof).Verify()
      /Users/z/work/lux/threshold/pkg/zk/fac/fac.go:115 +0x214
  github.com/luxfi/threshold/protocols/cmp/keygen.(*round4).VerifyMessage()
      /Users/z/work/lux/threshold/protocols/cmp/keygen/round4.go:139 +0x368
  github.com/luxfi/threshold/pkg/protocol.(*Handler).verifyNormalForRound()
      /Users/z/work/lux/threshold/pkg/protocol/handler.go:1331 +0x348
  github.com/luxfi/threshold/pkg/protocol.(*Handler).retryUnprocessedMessages()
      /Users/z/work/lux/threshold/pkg/protocol/handler.go:1496 +0x3a0
  github.com/luxfi/threshold/pkg/protocol.(*Handler).tryAdvanceRound()
      /Users/z/work/lux/threshold/pkg/protocol/handler.go:587 +0x28c
  github.com/luxfi/threshold/pkg/protocol.(*Handler).roundProcessor()
      /Users/z/work/lux/threshold/pkg/protocol/handler.go:569 +0xb4
  github.com/luxfi/threshold/pkg/protocol.(*Handler).startWorkers.func1()
      /Users/z/work/lux/threshold/pkg/protocol/handler.go:374 +0x78

Goroutine 268 (running) created at:
  github.com/luxfi/threshold/pkg/protocol.(*Handler).tryAdvanceRound()
      /Users/z/work/lux/threshold/pkg/protocol/handler.go:673 +0x12e4
  github.com/luxfi/threshold/pkg/protocol.(*Handler).processMessage()
      /Users/z/work/lux/threshold/pkg/protocol/handler.go:486 +0xbb0
  github.com/luxfi/threshold/pkg/protocol.(*Handler).messageWorker()
      /Users/z/work/lux/threshold/pkg/protocol/handler.go:408 +0x338
  github.com/luxfi/threshold/pkg/protocol.(*Handler).startWorkers.gowrap2()
      /Users/z/work/lux/threshold/pkg/protocol/handler.go:361 +0x44

Goroutine 146 (running) created at:
  github.com/luxfi/threshold/pkg/protocol.(*Handler).startWorkers()
      /Users/z/work/lux/threshold/pkg/protocol/handler.go:372 +0x4fc
  github.com/luxfi/threshold/pkg/protocol.NewHandler()
      /Users/z/work/lux/threshold/pkg/protocol/handler.go:247 +0xf10
  github.com/luxfi/threshold/internal/test.(*Harness).CreateHandler()
      /Users/z/work/lux/threshold/internal/test/harness.go:91 +0x2e4
  github.com/luxfi/threshold/internal/test.RunProtocol()
      /Users/z/work/lux/threshold/internal/test/harness.go:270 +0x230
  github.com/luxfi/threshold/protocols/cmp_test.TestCMPBasicKeygen()
      /Users/z/work/lux/threshold/protocols/cmp/cmp_basic_test.go:35 +0x29c
  testing.tRunner()
      /opt/homebrew/Cellar/go/1.24.6/libexec/src/testing/testing.go:1792 +0x180
  testing.(*T).Run.gowrap1()
      /opt/homebrew/Cellar/go/1.24.6/libexec/src/testing/testing.go:1851 +0x40
==================
2025-08-15T22:13:58.560-0500	DEBUG	protocol/handler.go:581	tryAdvanceRound called	{"{current_round 20 3  <nil>}": {"Key":"self","Type":15,"Integer":0,"String":"b","Interface":null}}
2025-08-15T22:13:58.561-0500	DEBUG	protocol/handler.go:1591	have processed broadcast	{"{round 20 3  <nil>}": {"Key":"from","Type":15,"Integer":0,"String":"a","Interface":null}}
2025-08-15T22:13:58.561-0500	DEBUG	protocol/handler.go:1649	have all messages and processed	{"{round 20 3  <nil>}": {"Key":"self","Type":15,"Integer":0,"String":"b","Interface":null}}
2025-08-15T22:13:58.561-0500	DEBUG	protocol/handler.go:596	round already finalized
2025-08-15T22:13:58.562-0500	DEBUG	protocol/handler.go:581	tryAdvanceRound called	{"{current_round 20 3  <nil>}": {"Key":"self","Type":15,"Integer":0,"String":"b","Interface":null}}
2025-08-15T22:13:58.563-0500	DEBUG	protocol/handler.go:1591	have processed broadcast	{"{round 20 3  <nil>}": {"Key":"from","Type":15,"Integer":0,"String":"a","Interface":null}}
2025-08-15T22:13:58.563-0500	DEBUG	protocol/handler.go:1649	have all messages and processed	{"{round 20 3  <nil>}": {"Key":"self","Type":15,"Integer":0,"String":"b","Interface":null}}
2025-08-15T22:13:58.563-0500	DEBUG	protocol/handler.go:596	round already finalized
2025-08-15T22:13:58.584-0500	DEBUG	protocol/handler.go:581	tryAdvanceRound called	{"{current_round 20 3  <nil>}": {"Key":"self","Type":15,"Integer":0,"String":"b","Interface":null}}
2025-08-15T22:13:58.584-0500	DEBUG	protocol/handler.go:1591	have processed broadcast	{"{round 20 3  <nil>}": {"Key":"from","Type":15,"Integer":0,"String":"a","Interface":null}}
2025-08-15T22:13:58.584-0500	DEBUG	protocol/handler.go:1649	have all messages and processed	{"{round 20 3  <nil>}": {"Key":"self","Type":15,"Integer":0,"String":"b","Interface":null}}
2025-08-15T22:13:58.584-0500	DEBUG	protocol/handler.go:596	round already finalized
2025-08-15T22:13:58.596-0500	DEBUG	protocol/handler.go:581	tryAdvanceRound called	{"{current_round 20 3  <nil>}": {"Key":"self","Type":15,"Integer":0,"String":"b","Interface":null}}
2025-08-15T22:13:58.596-0500	DEBUG	protocol/handler.go:1591	have processed broadcast	{"{round 20 3  <nil>}": {"Key":"from","Type":15,"Integer":0,"String":"a","Interface":null}}
2025-08-15T22:13:58.596-0500	DEBUG	protocol/handler.go:1649	have all messages and processed	{"{round 20 3  <nil>}": {"Key":"self","Type":15,"Integer":0,"String":"b","Interface":null}}
2025-08-15T22:13:58.596-0500	DEBUG	protocol/handler.go:596	round already finalized
2025-08-15T22:13:58.598-0500	DEBUG	protocol/handler.go:581	tryAdvanceRound called	{"{current_round 20 3  <nil>}": {"Key":"self","Type":15,"Integer":0,"String":"b","Interface":null}}
2025-08-15T22:13:58.601-0500	DEBUG	protocol/handler.go:1591	have processed broadcast	{"{round 20 3  <nil>}": {"Key":"from","Type":15,"Integer":0,"String":"a","Interface":null}}
2025-08-15T22:13:58.601-0500	DEBUG	protocol/handler.go:1649	have all messages and processed	{"{round 20 3  <nil>}": {"Key":"self","Type":15,"Integer":0,"String":"b","Interface":null}}
2025-08-15T22:13:58.601-0500	DEBUG	protocol/handler.go:596	round already finalized
2025-08-15T22:13:58.608-0500	DEBUG	protocol/handler.go:581	tryAdvanceRound called	{"{current_round 20 1  <nil>}": {"Key":"self","Type":15,"Integer":0,"String":"b","Interface":null}}
2025-08-15T22:13:58.608-0500	DEBUG	protocol/handler.go:1649	have all messages and processed	{"{round 20 1  <nil>}": {"Key":"self","Type":15,"Integer":0,"String":"b","Interface":null}}
2025-08-15T22:13:58.608-0500	DEBUG	protocol/handler.go:596	round already finalized
2025-08-15T22:13:58.608-0500	DEBUG	protocol/handler.go:581	tryAdvanceRound called	{"{current_round 20 1  <nil>}": {"Key":"self","Type":15,"Integer":0,"String":"b","Interface":null}}
2025-08-15T22:13:58.608-0500	DEBUG	protocol/handler.go:1649	have all messages and processed	{"{round 20 1  <nil>}": {"Key":"self","Type":15,"Integer":0,"String":"b","Interface":null}}
2025-08-15T22:13:58.608-0500	DEBUG	protocol/handler.go:596	round already finalized
2025-08-15T22:13:58.641-0500	DEBUG	protocol/handler.go:581	tryAdvanceRound called	{"{current_round 20 3  <nil>}": {"Key":"self","Type":15,"Integer":0,"String":"b","Interface":null}}
2025-08-15T22:13:58.641-0500	DEBUG	protocol/handler.go:1591	have processed broadcast	{"{round 20 3  <nil>}": {"Key":"from","Type":15,"Integer":0,"String":"a","Interface":null}}
2025-08-15T22:13:58.641-0500	DEBUG	protocol/handler.go:1649	have all messages and processed	{"{round 20 3  <nil>}": {"Key":"self","Type":15,"Integer":0,"String":"b","Interface":null}}
2025-08-15T22:13:58.641-0500	DEBUG	protocol/handler.go:596	round already finalized
2025-08-15T22:13:58.641-0500	DEBUG	protocol/handler.go:581	tryAdvanceRound called	{"{current_round 20 3  <nil>}": {"Key":"self","Type":15,"Integer":0,"String":"b","Interface":null}}
2025-08-15T22:13:58.641-0500	DEBUG	protocol/handler.go:1591	have processed broadcast	{"{round 20 3  <nil>}": {"Key":"from","Type":15,"Integer":0,"String":"a","Interface":null}}
2025-08-15T22:13:58.641-0500	DEBUG	protocol/handler.go:1649	have all messages and processed	{"{round 20 3  <nil>}": {"Key":"self","Type":15,"Integer":0,"String":"b","Interface":null}}
2025-08-15T22:13:58.641-0500	DEBUG	protocol/handler.go:596	round already finalized
2025-08-15T22:13:58.664-0500	DEBUG	protocol/handler.go:581	tryAdvanceRound called	{"{current_round 20 3  <nil>}": {"Key":"self","Type":15,"Integer":0,"String":"b","Interface":null}}
2025-08-15T22:13:58.664-0500	DEBUG	protocol/handler.go:1591	have processed broadcast	{"{round 20 3  <nil>}": {"Key":"from","Type":15,"Integer":0,"String":"a","Interface":null}}
2025-08-15T22:13:58.665-0500	DEBUG	protocol/handler.go:1649	have all messages and processed	{"{round 20 3  <nil>}": {"Key":"self","Type":15,"Integer":0,"String":"b","Interface":null}}
2025-08-15T22:13:58.665-0500	DEBUG	protocol/handler.go:596	round already finalized
2025-08-15T22:13:58.664-0500	DEBUG	protocol/handler.go:581	tryAdvanceRound called	{"{current_round 20 1  <nil>}": {"Key":"self","Type":15,"Integer":0,"String":"b","Interface":null}}
2025-08-15T22:13:58.665-0500	DEBUG	protocol/handler.go:1649	have all messages and processed	{"{round 20 1  <nil>}": {"Key":"self","Type":15,"Integer":0,"String":"b","Interface":null}}
2025-08-15T22:13:58.665-0500	DEBUG	protocol/handler.go:596	round already finalized
2025-08-15T22:13:58.665-0500	DEBUG	protocol/handler.go:581	tryAdvanceRound called	{"{current_round 20 1  <nil>}": {"Key":"self","Type":15,"Integer":0,"String":"b","Interface":null}}
2025-08-15T22:13:58.665-0500	DEBUG	protocol/handler.go:1649	have all messages and processed	{"{round 20 1  <nil>}": {"Key":"self","Type":15,"Integer":0,"String":"b","Interface":null}}
2025-08-15T22:13:58.665-0500	DEBUG	protocol/handler.go:596	round already finalized
2025-08-15T22:13:58.688-0500	DEBUG	protocol/handler.go:581	tryAdvanceRound called	{"{current_round 20 1  <nil>}": {"Key":"self","Type":15,"Integer":0,"String":"b","Interface":null}}
2025-08-15T22:13:58.688-0500	DEBUG	protocol/handler.go:1649	have all messages and processed	{"{round 20 1  <nil>}": {"Key":"self","Type":15,"Integer":0,"String":"b","Interface":null}}
2025-08-15T22:13:58.688-0500	DEBUG	protocol/handler.go:596	round already finalized
2025-08-15T22:13:58.688-0500	DEBUG	protocol/handler.go:581	tryAdvanceRound called	{"{current_round 20 3  <nil>}": {"Key":"self","Type":15,"Integer":0,"String":"b","Interface":null}}
2025-08-15T22:13:58.689-0500	DEBUG	protocol/handler.go:1591	have processed broadcast	{"{round 20 3  <nil>}": {"Key":"from","Type":15,"Integer":0,"String":"a","Interface":null}}
2025-08-15T22:13:58.689-0500	DEBUG	protocol/handler.go:1649	have all messages and processed	{"{round 20 3  <nil>}": {"Key":"self","Type":15,"Integer":0,"String":"b","Interface":null}}
2025-08-15T22:13:58.689-0500	DEBUG	protocol/handler.go:596	round already finalized
2025-08-15T22:13:58.713-0500	DEBUG	protocol/handler.go:581	tryAdvanceRound called	{"{current_round 20 3  <nil>}": {"Key":"self","Type":15,"Integer":0,"String":"b","Interface":null}}
2025-08-15T22:13:58.713-0500	DEBUG	protocol/handler.go:1591	have processed broadcast	{"{round 20 3  <nil>}": {"Key":"from","Type":15,"Integer":0,"String":"a","Interface":null}}
2025-08-15T22:13:58.713-0500	DEBUG	protocol/handler.go:1649	have all messages and processed	{"{round 20 3  <nil>}": {"Key":"self","Type":15,"Integer":0,"String":"b","Interface":null}}
2025-08-15T22:13:58.713-0500	DEBUG	protocol/handler.go:596	round already finalized
2025-08-15T22:13:58.713-0500	DEBUG	protocol/handler.go:581	tryAdvanceRound called	{"{current_round 20 1  <nil>}": {"Key":"self","Type":15,"Integer":0,"String":"b","Interface":null}}
2025-08-15T22:13:58.714-0500	DEBUG	protocol/handler.go:1649	have all messages and processed	{"{round 20 1  <nil>}": {"Key":"self","Type":15,"Integer":0,"String":"b","Interface":null}}
2025-08-15T22:13:58.714-0500	DEBUG	protocol/handler.go:596	round already finalized
2025-08-15T22:13:58.728-0500	DEBUG	protocol/handler.go:581	tryAdvanceRound called	{"{current_round 20 3  <nil>}": {"Key":"self","Type":15,"Integer":0,"String":"b","Interface":null}}
2025-08-15T22:13:58.728-0500	DEBUG	protocol/handler.go:1591	have processed broadcast	{"{round 20 3  <nil>}": {"Key":"from","Type":15,"Integer":0,"String":"a","Interface":null}}
2025-08-15T22:13:58.728-0500	DEBUG	protocol/handler.go:1649	have all messages and processed	{"{round 20 3  <nil>}": {"Key":"self","Type":15,"Integer":0,"String":"b","Interface":null}}
2025-08-15T22:13:58.728-0500	DEBUG	protocol/handler.go:596	round already finalized
2025-08-15T22:13:58.742-0500	DEBUG	protocol/handler.go:581	tryAdvanceRound called	{"{current_round 20 3  <nil>}": {"Key":"self","Type":15,"Integer":0,"String":"b","Interface":null}}
2025-08-15T22:13:58.743-0500	DEBUG	protocol/handler.go:1591	have processed broadcast	{"{round 20 3  <nil>}": {"Key":"from","Type":15,"Integer":0,"String":"a","Interface":null}}
2025-08-15T22:13:58.743-0500	DEBUG	protocol/handler.go:1649	have all messages and processed	{"{round 20 3  <nil>}": {"Key":"self","Type":15,"Integer":0,"String":"b","Interface":null}}
2025-08-15T22:13:58.743-0500	DEBUG	protocol/handler.go:596	round already finalized
2025-08-15T22:13:58.728-0500	DEBUG	protocol/handler.go:581	tryAdvanceRound called	{"{current_round 20 1  <nil>}": {"Key":"self","Type":15,"Integer":0,"String":"b","Interface":null}}
2025-08-15T22:13:58.748-0500	DEBUG	protocol/handler.go:581	tryAdvanceRound called	{"{current_round 20 3  <nil>}": {"Key":"self","Type":15,"Integer":0,"String":"b","Interface":null}}
2025-08-15T22:13:58.748-0500	DEBUG	protocol/handler.go:1649	have all messages and processed	{"{round 20 1  <nil>}": {"Key":"self","Type":15,"Integer":0,"String":"b","Interface":null}}
2025-08-15T22:13:58.748-0500	DEBUG	protocol/handler.go:596	round already finalized
2025-08-15T22:13:58.748-0500	DEBUG	protocol/handler.go:1591	have processed broadcast	{"{round 20 3  <nil>}": {"Key":"from","Type":15,"Integer":0,"String":"a","Interface":null}}
2025-08-15T22:13:58.756-0500	DEBUG	protocol/handler.go:1649	have all messages and processed	{"{round 20 3  <nil>}": {"Key":"self","Type":15,"Integer":0,"String":"b","Interface":null}}
2025-08-15T22:13:58.756-0500	DEBUG	protocol/handler.go:596	round already finalized
2025-08-15T22:13:58.756-0500	DEBUG	protocol/handler.go:581	tryAdvanceRound called	{"{current_round 20 1  <nil>}": {"Key":"self","Type":15,"Integer":0,"String":"b","Interface":null}}
2025-08-15T22:13:58.756-0500	DEBUG	protocol/handler.go:1649	have all messages and processed	{"{round 20 1  <nil>}": {"Key":"self","Type":15,"Integer":0,"String":"b","Interface":null}}
2025-08-15T22:13:58.756-0500	DEBUG	protocol/handler.go:596	round already finalized
2025-08-15T22:13:58.756-0500	DEBUG	protocol/handler.go:581	tryAdvanceRound called	{"{current_round 20 1  <nil>}": {"Key":"self","Type":15,"Integer":0,"String":"b","Interface":null}}
2025-08-15T22:13:58.756-0500	DEBUG	protocol/handler.go:1649	have all messages and processed	{"{round 20 1  <nil>}": {"Key":"self","Type":15,"Integer":0,"String":"b","Interface":null}}
2025-08-15T22:13:58.756-0500	DEBUG	protocol/handler.go:596	round already finalized
2025-08-15T22:13:58.756-0500	DEBUG	protocol/handler.go:581	tryAdvanceRound called	{"{current_round 20 3  <nil>}": {"Key":"self","Type":15,"Integer":0,"String":"b","Interface":null}}
2025-08-15T22:13:58.756-0500	DEBUG	protocol/handler.go:1591	have processed broadcast	{"{round 20 3  <nil>}": {"Key":"from","Type":15,"Integer":0,"String":"a","Interface":null}}
2025-08-15T22:13:58.757-0500	DEBUG	protocol/handler.go:1649	have all messages and processed	{"{round 20 3  <nil>}": {"Key":"self","Type":15,"Integer":0,"String":"b","Interface":null}}
2025-08-15T22:13:58.757-0500	DEBUG	protocol/handler.go:596	round already finalized
2025-08-15T22:13:58.774-0500	DEBUG	protocol/handler.go:581	tryAdvanceRound called	{"{current_round 20 3  <nil>}": {"Key":"self","Type":15,"Integer":0,"String":"b","Interface":null}}
2025-08-15T22:13:58.774-0500	DEBUG	protocol/handler.go:1591	have processed broadcast	{"{round 20 3  <nil>}": {"Key":"from","Type":15,"Integer":0,"String":"a","Interface":null}}
2025-08-15T22:13:58.774-0500	DEBUG	protocol/handler.go:1649	have all messages and processed	{"{round 20 3  <nil>}": {"Key":"self","Type":15,"Integer":0,"String":"b","Interface":null}}
2025-08-15T22:13:58.774-0500	DEBUG	protocol/handler.go:596	round already finalized
2025-08-15T22:13:58.774-0500	DEBUG	protocol/handler.go:581	tryAdvanceRound called	{"{current_round 20 1  <nil>}": {"Key":"self","Type":15,"Integer":0,"String":"b","Interface":null}}
2025-08-15T22:13:58.774-0500	DEBUG	protocol/handler.go:1649	have all messages and processed	{"{round 20 1  <nil>}": {"Key":"self","Type":15,"Integer":0,"String":"b","Interface":null}}
2025-08-15T22:13:58.774-0500	DEBUG	protocol/handler.go:596	round already finalized
2025-08-15T22:13:58.817-0500	DEBUG	protocol/handler.go:581	tryAdvanceRound called	{"{current_round 20 1  <nil>}": {"Key":"self","Type":15,"Integer":0,"String":"b","Interface":null}}
2025-08-15T22:13:58.817-0500	DEBUG	protocol/handler.go:1649	have all messages and processed	{"{round 20 1  <nil>}": {"Key":"self","Type":15,"Integer":0,"String":"b","Interface":null}}
2025-08-15T22:13:58.817-0500	DEBUG	protocol/handler.go:596	round already finalized
2025-08-15T22:13:58.817-0500	DEBUG	protocol/handler.go:581	tryAdvanceRound called	{"{current_round 20 1  <nil>}": {"Key":"self","Type":15,"Integer":0,"String":"b","Interface":null}}
2025-08-15T22:13:58.817-0500	DEBUG	protocol/handler.go:1649	have all messages and processed	{"{round 20 1  <nil>}": {"Key":"self","Type":15,"Integer":0,"String":"b","Interface":null}}
2025-08-15T22:13:58.817-0500	DEBUG	protocol/handler.go:596	round already finalized
2025-08-15T22:13:58.817-0500	DEBUG	protocol/handler.go:581	tryAdvanceRound called	{"{current_round 20 3  <nil>}": {"Key":"self","Type":15,"Integer":0,"String":"b","Interface":null}}
2025-08-15T22:13:58.817-0500	DEBUG	protocol/handler.go:1591	have processed broadcast	{"{round 20 3  <nil>}": {"Key":"from","Type":15,"Integer":0,"String":"a","Interface":null}}
2025-08-15T22:13:58.817-0500	DEBUG	protocol/handler.go:1649	have all messages and processed	{"{round 20 3  <nil>}": {"Key":"self","Type":15,"Integer":0,"String":"b","Interface":null}}
2025-08-15T22:13:58.817-0500	DEBUG	protocol/handler.go:596	round already finalized
2025-08-15T22:13:58.817-0500	DEBUG	protocol/handler.go:581	tryAdvanceRound called	{"{current_round 20 3  <nil>}": {"Key":"self","Type":15,"Integer":0,"String":"b","Interface":null}}
2025-08-15T22:13:58.817-0500	DEBUG	protocol/handler.go:1591	have processed broadcast	{"{round 20 3  <nil>}": {"Key":"from","Type":15,"Integer":0,"String":"a","Interface":null}}
2025-08-15T22:13:58.817-0500	DEBUG	protocol/handler.go:1649	have all messages and processed	{"{round 20 3  <nil>}": {"Key":"self","Type":15,"Integer":0,"String":"b","Interface":null}}
2025-08-15T22:13:58.817-0500	DEBUG	protocol/handler.go:596	round already finalized
2025-08-15T22:13:58.845-0500	DEBUG	protocol/handler.go:581	tryAdvanceRound called	{"{current_round 20 1  <nil>}": {"Key":"self","Type":15,"Integer":0,"String":"b","Interface":null}}
2025-08-15T22:13:58.846-0500	DEBUG	protocol/handler.go:581	tryAdvanceRound called	{"{current_round 20 3  <nil>}": {"Key":"self","Type":15,"Integer":0,"String":"b","Interface":null}}
2025-08-15T22:13:58.847-0500	DEBUG	protocol/handler.go:1649	have all messages and processed	{"{round 20 1  <nil>}": {"Key":"self","Type":15,"Integer":0,"String":"b","Interface":null}}
2025-08-15T22:13:58.847-0500	DEBUG	protocol/handler.go:596	round already finalized
2025-08-15T22:13:58.847-0500	DEBUG	protocol/handler.go:581	tryAdvanceRound called	{"{current_round 20 1  <nil>}": {"Key":"self","Type":15,"Integer":0,"String":"b","Interface":null}}
2025-08-15T22:13:58.847-0500	DEBUG	protocol/handler.go:1649	have all messages and processed	{"{round 20 1  <nil>}": {"Key":"self","Type":15,"Integer":0,"String":"b","Interface":null}}
2025-08-15T22:13:58.848-0500	DEBUG	protocol/handler.go:596	round already finalized
2025-08-15T22:13:58.846-0500	DEBUG	protocol/handler.go:1591	have processed broadcast	{"{round 20 3  <nil>}": {"Key":"from","Type":15,"Integer":0,"String":"a","Interface":null}}
2025-08-15T22:13:58.864-0500	DEBUG	protocol/handler.go:1649	have all messages and processed	{"{round 20 3  <nil>}": {"Key":"self","Type":15,"Integer":0,"String":"b","Interface":null}}
2025-08-15T22:13:58.864-0500	DEBUG	protocol/handler.go:596	round already finalized
2025-08-15T22:13:58.864-0500	DEBUG	protocol/handler.go:581	tryAdvanceRound called	{"{current_round 20 3  <nil>}": {"Key":"self","Type":15,"Integer":0,"String":"b","Interface":null}}
2025-08-15T22:13:58.864-0500	DEBUG	protocol/handler.go:1591	have processed broadcast	{"{round 20 3  <nil>}": {"Key":"from","Type":15,"Integer":0,"String":"a","Interface":null}}
2025-08-15T22:13:58.864-0500	DEBUG	protocol/handler.go:1649	have all messages and processed	{"{round 20 3  <nil>}": {"Key":"self","Type":15,"Integer":0,"String":"b","Interface":null}}
2025-08-15T22:13:58.864-0500	DEBUG	protocol/handler.go:596	round already finalized
2025-08-15T22:13:58.887-0500	DEBUG	protocol/handler.go:581	tryAdvanceRound called	{"{current_round 20 1  <nil>}": {"Key":"self","Type":15,"Integer":0,"String":"b","Interface":null}}
2025-08-15T22:13:58.887-0500	DEBUG	protocol/handler.go:1649	have all messages and processed	{"{round 20 1  <nil>}": {"Key":"self","Type":15,"Integer":0,"String":"b","Interface":null}}
2025-08-15T22:13:58.887-0500	DEBUG	protocol/handler.go:596	round already finalized
2025-08-15T22:13:58.887-0500	DEBUG	protocol/handler.go:581	tryAdvanceRound called	{"{current_round 20 1  <nil>}": {"Key":"self","Type":15,"Integer":0,"String":"b","Interface":null}}
2025-08-15T22:13:58.887-0500	DEBUG	protocol/handler.go:1649	have all messages and processed	{"{round 20 1  <nil>}": {"Key":"self","Type":15,"Integer":0,"String":"b","Interface":null}}
2025-08-15T22:13:58.887-0500	DEBUG	protocol/handler.go:596	round already finalized
2025-08-15T22:13:58.887-0500	DEBUG	protocol/handler.go:581	tryAdvanceRound called	{"{current_round 20 3  <nil>}": {"Key":"self","Type":15,"Integer":0,"String":"b","Interface":null}}
2025-08-15T22:13:58.887-0500	DEBUG	protocol/handler.go:1591	have processed broadcast	{"{round 20 3  <nil>}": {"Key":"from","Type":15,"Integer":0,"String":"a","Interface":null}}
2025-08-15T22:13:58.887-0500	DEBUG	protocol/handler.go:1649	have all messages and processed	{"{round 20 3  <nil>}": {"Key":"self","Type":15,"Integer":0,"String":"b","Interface":null}}
2025-08-15T22:13:58.887-0500	DEBUG	protocol/handler.go:596	round already finalized
2025-08-15T22:13:58.912-0500	DEBUG	protocol/handler.go:581	tryAdvanceRound called	{"{current_round 20 1  <nil>}": {"Key":"self","Type":15,"Integer":0,"String":"b","Interface":null}}
2025-08-15T22:13:58.913-0500	DEBUG	protocol/handler.go:1649	have all messages and processed	{"{round 20 1  <nil>}": {"Key":"self","Type":15,"Integer":0,"String":"b","Interface":null}}
2025-08-15T22:13:58.913-0500	DEBUG	protocol/handler.go:596	round already finalized
2025-08-15T22:13:58.913-0500	DEBUG	protocol/handler.go:581	tryAdvanceRound called	{"{current_round 20 3  <nil>}": {"Key":"self","Type":15,"Integer":0,"String":"b","Interface":null}}
2025-08-15T22:13:58.913-0500	DEBUG	protocol/handler.go:1591	have processed broadcast	{"{round 20 3  <nil>}": {"Key":"from","Type":15,"Integer":0,"String":"a","Interface":null}}
2025-08-15T22:13:58.913-0500	DEBUG	protocol/handler.go:1649	have all messages and processed	{"{round 20 3  <nil>}": {"Key":"self","Type":15,"Integer":0,"String":"b","Interface":null}}
2025-08-15T22:13:58.913-0500	DEBUG	protocol/handler.go:596	round already finalized
2025-08-15T22:13:58.960-0500	DEBUG	protocol/handler.go:581	tryAdvanceRound called	{"{current_round 20 1  <nil>}": {"Key":"self","Type":15,"Integer":0,"String":"b","Interface":null}}
2025-08-15T22:13:58.960-0500	DEBUG	protocol/handler.go:1649	have all messages and processed	{"{round 20 1  <nil>}": {"Key":"self","Type":15,"Integer":0,"String":"b","Interface":null}}
2025-08-15T22:13:58.960-0500	DEBUG	protocol/handler.go:596	round already finalized
2025-08-15T22:13:58.960-0500	DEBUG	protocol/handler.go:581	tryAdvanceRound called	{"{current_round 20 1  <nil>}": {"Key":"self","Type":15,"Integer":0,"String":"b","Interface":null}}
2025-08-15T22:13:58.960-0500	DEBUG	protocol/handler.go:1649	have all messages and processed	{"{round 20 1  <nil>}": {"Key":"self","Type":15,"Integer":0,"String":"b","Interface":null}}
2025-08-15T22:13:58.960-0500	DEBUG	protocol/handler.go:596	round already finalized
2025-08-15T22:13:58.960-0500	DEBUG	protocol/handler.go:581	tryAdvanceRound called	{"{current_round 20 3  <nil>}": {"Key":"self","Type":15,"Integer":0,"String":"b","Interface":null}}
2025-08-15T22:13:58.960-0500	DEBUG	protocol/handler.go:1591	have processed broadcast	{"{round 20 3  <nil>}": {"Key":"from","Type":15,"Integer":0,"String":"a","Interface":null}}
2025-08-15T22:13:58.960-0500	DEBUG	protocol/handler.go:1649	have all messages and processed	{"{round 20 3  <nil>}": {"Key":"self","Type":15,"Integer":0,"String":"b","Interface":null}}
2025-08-15T22:13:58.961-0500	DEBUG	protocol/handler.go:596	round already finalized
2025-08-15T22:13:58.961-0500	DEBUG	protocol/handler.go:581	tryAdvanceRound called	{"{current_round 20 3  <nil>}": {"Key":"self","Type":15,"Integer":0,"String":"b","Interface":null}}
2025-08-15T22:13:58.961-0500	DEBUG	protocol/handler.go:1591	have processed broadcast	{"{round 20 3  <nil>}": {"Key":"from","Type":15,"Integer":0,"String":"a","Interface":null}}
2025-08-15T22:13:58.961-0500	DEBUG	protocol/handler.go:1649	have all messages and processed	{"{round 20 3  <nil>}": {"Key":"self","Type":15,"Integer":0,"String":"b","Interface":null}}
2025-08-15T22:13:58.961-0500	DEBUG	protocol/handler.go:596	round already finalized
2025-08-15T22:13:58.983-0500	DEBUG	protocol/handler.go:581	tryAdvanceRound called	{"{current_round 20 3  <nil>}": {"Key":"self","Type":15,"Integer":0,"String":"b","Interface":null}}
2025-08-15T22:13:58.994-0500	DEBUG	protocol/handler.go:1591	have processed broadcast	{"{round 20 3  <nil>}": {"Key":"from","Type":15,"Integer":0,"String":"a","Interface":null}}
2025-08-15T22:13:59.006-0500	DEBUG	protocol/handler.go:1649	have all messages and processed	{"{round 20 3  <nil>}": {"Key":"self","Type":15,"Integer":0,"String":"b","Interface":null}}
2025-08-15T22:13:59.006-0500	DEBUG	protocol/handler.go:596	round already finalized
2025-08-15T22:13:59.006-0500	DEBUG	protocol/handler.go:581	tryAdvanceRound called	{"{current_round 20 3  <nil>}": {"Key":"self","Type":15,"Integer":0,"String":"b","Interface":null}}
2025-08-15T22:13:59.006-0500	DEBUG	protocol/handler.go:1591	have processed broadcast	{"{round 20 3  <nil>}": {"Key":"from","Type":15,"Integer":0,"String":"a","Interface":null}}
2025-08-15T22:13:59.006-0500	DEBUG	protocol/handler.go:1649	have all messages and processed	{"{round 20 3  <nil>}": {"Key":"self","Type":15,"Integer":0,"String":"b","Interface":null}}
2025-08-15T22:13:59.006-0500	DEBUG	protocol/handler.go:596	round already finalized
2025-08-15T22:13:59.022-0500	DEBUG	protocol/handler.go:581	tryAdvanceRound called	{"{current_round 20 3  <nil>}": {"Key":"self","Type":15,"Integer":0,"String":"b","Interface":null}}
2025-08-15T22:13:59.022-0500	DEBUG	protocol/handler.go:1591	have processed broadcast	{"{round 20 3  <nil>}": {"Key":"from","Type":15,"Integer":0,"String":"a","Interface":null}}
2025-08-15T22:13:59.022-0500	DEBUG	protocol/handler.go:1649	have all messages and processed	{"{round 20 3  <nil>}": {"Key":"self","Type":15,"Integer":0,"String":"b","Interface":null}}
2025-08-15T22:13:59.022-0500	DEBUG	protocol/handler.go:596	round already finalized
2025-08-15T22:13:58.993-0500	DEBUG	protocol/handler.go:581	tryAdvanceRound called	{"{current_round 20 1  <nil>}": {"Key":"self","Type":15,"Integer":0,"String":"b","Interface":null}}
2025-08-15T22:13:59.023-0500	DEBUG	protocol/handler.go:1649	have all messages and processed	{"{round 20 1  <nil>}": {"Key":"self","Type":15,"Integer":0,"String":"b","Interface":null}}
2025-08-15T22:13:59.023-0500	DEBUG	protocol/handler.go:596	round already finalized
2025-08-15T22:13:59.023-0500	DEBUG	protocol/handler.go:581	tryAdvanceRound called	{"{current_round 20 1  <nil>}": {"Key":"self","Type":15,"Integer":0,"String":"b","Interface":null}}
2025-08-15T22:13:59.023-0500	DEBUG	protocol/handler.go:1649	have all messages and processed	{"{round 20 1  <nil>}": {"Key":"self","Type":15,"Integer":0,"String":"b","Interface":null}}
2025-08-15T22:13:59.023-0500	DEBUG	protocol/handler.go:596	round already finalized
2025-08-15T22:13:59.059-0500	DEBUG	protocol/handler.go:581	tryAdvanceRound called	{"{current_round 20 1  <nil>}": {"Key":"self","Type":15,"Integer":0,"String":"b","Interface":null}}
2025-08-15T22:13:59.059-0500	DEBUG	protocol/handler.go:1649	have all messages and processed	{"{round 20 1  <nil>}": {"Key":"self","Type":15,"Integer":0,"String":"b","Interface":null}}
2025-08-15T22:13:59.059-0500	DEBUG	protocol/handler.go:596	round already finalized
2025-08-15T22:13:59.059-0500	DEBUG	protocol/handler.go:581	tryAdvanceRound called	{"{current_round 20 1  <nil>}": {"Key":"self","Type":15,"Integer":0,"String":"b","Interface":null}}
2025-08-15T22:13:59.059-0500	DEBUG	protocol/handler.go:1649	have all messages and processed	{"{round 20 1  <nil>}": {"Key":"self","Type":15,"Integer":0,"String":"b","Interface":null}}
2025-08-15T22:13:59.059-0500	DEBUG	protocol/handler.go:596	round already finalized
2025-08-15T22:13:59.059-0500	DEBUG	protocol/handler.go:581	tryAdvanceRound called	{"{current_round 20 3  <nil>}": {"Key":"self","Type":15,"Integer":0,"String":"b","Interface":null}}
2025-08-15T22:13:59.059-0500	DEBUG	protocol/handler.go:1591	have processed broadcast	{"{round 20 3  <nil>}": {"Key":"from","Type":15,"Integer":0,"String":"a","Interface":null}}
2025-08-15T22:13:59.059-0500	DEBUG	protocol/handler.go:1649	have all messages and processed	{"{round 20 3  <nil>}": {"Key":"self","Type":15,"Integer":0,"String":"b","Interface":null}}
2025-08-15T22:13:59.059-0500	DEBUG	protocol/handler.go:596	round already finalized
2025-08-15T22:13:59.059-0500	DEBUG	protocol/handler.go:581	tryAdvanceRound called	{"{current_round 20 3  <nil>}": {"Key":"self","Type":15,"Integer":0,"String":"b","Interface":null}}
2025-08-15T22:13:59.059-0500	DEBUG	protocol/handler.go:1591	have processed broadcast	{"{round 20 3  <nil>}": {"Key":"from","Type":15,"Integer":0,"String":"a","Interface":null}}
2025-08-15T22:13:59.059-0500	DEBUG	protocol/handler.go:1649	have all messages and processed	{"{round 20 3  <nil>}": {"Key":"self","Type":15,"Integer":0,"String":"b","Interface":null}}
2025-08-15T22:13:59.059-0500	DEBUG	protocol/handler.go:596	round already finalized
2025-08-15T22:13:59.082-0500	DEBUG	protocol/handler.go:581	tryAdvanceRound called	{"{current_round 20 3  <nil>}": {"Key":"self","Type":15,"Integer":0,"String":"b","Interface":null}}
2025-08-15T22:13:59.082-0500	DEBUG	protocol/handler.go:1591	have processed broadcast	{"{round 20 3  <nil>}": {"Key":"from","Type":15,"Integer":0,"String":"a","Interface":null}}
2025-08-15T22:13:59.082-0500	DEBUG	protocol/handler.go:1649	have all messages and processed	{"{round 20 3  <nil>}": {"Key":"self","Type":15,"Integer":0,"String":"b","Interface":null}}
2025-08-15T22:13:59.083-0500	DEBUG	protocol/handler.go:596	round already finalized
2025-08-15T22:13:59.106-0500	DEBUG	protocol/handler.go:581	tryAdvanceRound called	{"{current_round 20 3  <nil>}": {"Key":"self","Type":15,"Integer":0,"String":"b","Interface":null}}
2025-08-15T22:13:59.106-0500	DEBUG	protocol/handler.go:1591	have processed broadcast	{"{round 20 3  <nil>}": {"Key":"from","Type":15,"Integer":0,"String":"a","Interface":null}}
2025-08-15T22:13:59.106-0500	DEBUG	protocol/handler.go:1649	have all messages and processed	{"{round 20 3  <nil>}": {"Key":"self","Type":15,"Integer":0,"String":"b","Interface":null}}
2025-08-15T22:13:59.106-0500	DEBUG	protocol/handler.go:596	round already finalized
2025-08-15T22:13:59.106-0500	DEBUG	protocol/handler.go:581	tryAdvanceRound called	{"{current_round 20 1  <nil>}": {"Key":"self","Type":15,"Integer":0,"String":"b","Interface":null}}
2025-08-15T22:13:59.106-0500	DEBUG	protocol/handler.go:1649	have all messages and processed	{"{round 20 1  <nil>}": {"Key":"self","Type":15,"Integer":0,"String":"b","Interface":null}}
2025-08-15T22:13:59.106-0500	DEBUG	protocol/handler.go:596	round already finalized
2025-08-15T22:13:59.106-0500	DEBUG	protocol/handler.go:581	tryAdvanceRound called	{"{current_round 20 1  <nil>}": {"Key":"self","Type":15,"Integer":0,"String":"b","Interface":null}}
2025-08-15T22:13:59.106-0500	DEBUG	protocol/handler.go:1649	have all messages and processed	{"{round 20 1  <nil>}": {"Key":"self","Type":15,"Integer":0,"String":"b","Interface":null}}
2025-08-15T22:13:59.106-0500	DEBUG	protocol/handler.go:596	round already finalized
2025-08-15T22:13:59.176-0500	DEBUG	protocol/handler.go:581	tryAdvanceRound called	{"{current_round 20 3  <nil>}": {"Key":"self","Type":15,"Integer":0,"String":"b","Interface":null}}
2025-08-15T22:13:59.176-0500	DEBUG	protocol/handler.go:1591	have processed broadcast	{"{round 20 3  <nil>}": {"Key":"from","Type":15,"Integer":0,"String":"a","Interface":null}}
2025-08-15T22:13:59.177-0500	DEBUG	protocol/handler.go:1649	have all messages and processed	{"{round 20 3  <nil>}": {"Key":"self","Type":15,"Integer":0,"String":"b","Interface":null}}
2025-08-15T22:13:59.179-0500	DEBUG	protocol/handler.go:596	round already finalized
2025-08-15T22:13:59.179-0500	DEBUG	protocol/handler.go:581	tryAdvanceRound called	{"{current_round 20 3  <nil>}": {"Key":"self","Type":15,"Integer":0,"String":"b","Interface":null}}
2025-08-15T22:13:59.179-0500	DEBUG	protocol/handler.go:1591	have processed broadcast	{"{round 20 3  <nil>}": {"Key":"from","Type":15,"Integer":0,"String":"a","Interface":null}}
2025-08-15T22:13:59.179-0500	DEBUG	protocol/handler.go:1649	have all messages and processed	{"{round 20 3  <nil>}": {"Key":"self","Type":15,"Integer":0,"String":"b","Interface":null}}
2025-08-15T22:13:59.179-0500	DEBUG	protocol/handler.go:596	round already finalized
2025-08-15T22:13:59.179-0500	DEBUG	protocol/handler.go:581	tryAdvanceRound called	{"{current_round 20 1  <nil>}": {"Key":"self","Type":15,"Integer":0,"String":"b","Interface":null}}
2025-08-15T22:13:59.197-0500	DEBUG	protocol/handler.go:1649	have all messages and processed	{"{round 20 1  <nil>}": {"Key":"self","Type":15,"Integer":0,"String":"b","Interface":null}}
2025-08-15T22:13:59.197-0500	DEBUG	protocol/handler.go:596	round already finalized
2025-08-15T22:13:59.197-0500	DEBUG	protocol/handler.go:581	tryAdvanceRound called	{"{current_round 20 1  <nil>}": {"Key":"self","Type":15,"Integer":0,"String":"b","Interface":null}}
2025-08-15T22:13:59.197-0500	DEBUG	protocol/handler.go:1649	have all messages and processed	{"{round 20 1  <nil>}": {"Key":"self","Type":15,"Integer":0,"String":"b","Interface":null}}
2025-08-15T22:13:59.197-0500	DEBUG	protocol/handler.go:596	round already finalized
2025-08-15T22:13:59.200-0500	DEBUG	protocol/handler.go:581	tryAdvanceRound called	{"{current_round 20 3  <nil>}": {"Key":"self","Type":15,"Integer":0,"String":"b","Interface":null}}
2025-08-15T22:13:59.200-0500	DEBUG	protocol/handler.go:1591	have processed broadcast	{"{round 20 3  <nil>}": {"Key":"from","Type":15,"Integer":0,"String":"a","Interface":null}}
2025-08-15T22:13:59.200-0500	DEBUG	protocol/handler.go:1649	have all messages and processed	{"{round 20 3  <nil>}": {"Key":"self","Type":15,"Integer":0,"String":"b","Interface":null}}
2025-08-15T22:13:59.200-0500	DEBUG	protocol/handler.go:596	round already finalized
2025-08-15T22:13:59.200-0500	DEBUG	protocol/handler.go:581	tryAdvanceRound called	{"{current_round 20 3  <nil>}": {"Key":"self","Type":15,"Integer":0,"String":"b","Interface":null}}
2025-08-15T22:13:59.200-0500	DEBUG	protocol/handler.go:1591	have processed broadcast	{"{round 20 3  <nil>}": {"Key":"from","Type":15,"Integer":0,"String":"a","Interface":null}}
2025-08-15T22:13:59.201-0500	DEBUG	protocol/handler.go:1649	have all messages and processed	{"{round 20 3  <nil>}": {"Key":"self","Type":15,"Integer":0,"String":"b","Interface":null}}
2025-08-15T22:13:59.201-0500	DEBUG	protocol/handler.go:596	round already finalized
2025-08-15T22:13:59.221-0500	DEBUG	protocol/handler.go:581	tryAdvanceRound called	{"{current_round 20 1  <nil>}": {"Key":"self","Type":15,"Integer":0,"String":"b","Interface":null}}
2025-08-15T22:13:59.221-0500	DEBUG	protocol/handler.go:1649	have all messages and processed	{"{round 20 1  <nil>}": {"Key":"self","Type":15,"Integer":0,"String":"b","Interface":null}}
2025-08-15T22:13:59.222-0500	DEBUG	protocol/handler.go:596	round already finalized
2025-08-15T22:13:59.267-0500	DEBUG	protocol/handler.go:581	tryAdvanceRound called	{"{current_round 20 1  <nil>}": {"Key":"self","Type":15,"Integer":0,"String":"b","Interface":null}}
2025-08-15T22:13:59.267-0500	DEBUG	protocol/handler.go:1649	have all messages and processed	{"{round 20 1  <nil>}": {"Key":"self","Type":15,"Integer":0,"String":"b","Interface":null}}
2025-08-15T22:13:59.267-0500	DEBUG	protocol/handler.go:596	round already finalized
2025-08-15T22:13:59.267-0500	DEBUG	protocol/handler.go:581	tryAdvanceRound called	{"{current_round 20 1  <nil>}": {"Key":"self","Type":15,"Integer":0,"String":"b","Interface":null}}
2025-08-15T22:13:59.267-0500	DEBUG	protocol/handler.go:1649	have all messages and processed	{"{round 20 1  <nil>}": {"Key":"self","Type":15,"Integer":0,"String":"b","Interface":null}}
2025-08-15T22:13:59.267-0500	DEBUG	protocol/handler.go:596	round already finalized
2025-08-15T22:13:59.278-0500	DEBUG	protocol/handler.go:581	tryAdvanceRound called	{"{current_round 20 1  <nil>}": {"Key":"self","Type":15,"Integer":0,"String":"b","Interface":null}}
2025-08-15T22:13:59.291-0500	DEBUG	protocol/handler.go:1649	have all messages and processed	{"{round 20 1  <nil>}": {"Key":"self","Type":15,"Integer":0,"String":"b","Interface":null}}
2025-08-15T22:13:59.291-0500	DEBUG	protocol/handler.go:596	round already finalized
2025-08-15T22:13:59.291-0500	DEBUG	protocol/handler.go:581	tryAdvanceRound called	{"{current_round 20 1  <nil>}": {"Key":"self","Type":15,"Integer":0,"String":"b","Interface":null}}
2025-08-15T22:13:59.291-0500	DEBUG	protocol/handler.go:1649	have all messages and processed	{"{round 20 1  <nil>}": {"Key":"self","Type":15,"Integer":0,"String":"b","Interface":null}}
2025-08-15T22:13:59.291-0500	DEBUG	protocol/handler.go:596	round already finalized
2025-08-15T22:13:59.296-0500	DEBUG	protocol/handler.go:581	tryAdvanceRound called	{"{current_round 20 1  <nil>}": {"Key":"self","Type":15,"Integer":0,"String":"b","Interface":null}}
2025-08-15T22:13:59.296-0500	DEBUG	protocol/handler.go:1649	have all messages and processed	{"{round 20 1  <nil>}": {"Key":"self","Type":15,"Integer":0,"String":"b","Interface":null}}
2025-08-15T22:13:59.296-0500	DEBUG	protocol/handler.go:596	round already finalized
2025-08-15T22:13:59.234-0500	DEBUG	protocol/handler.go:581	tryAdvanceRound called	{"{current_round 20 3  <nil>}": {"Key":"self","Type":15,"Integer":0,"String":"b","Interface":null}}
2025-08-15T22:13:59.297-0500	DEBUG	protocol/handler.go:1591	have processed broadcast	{"{round 20 3  <nil>}": {"Key":"from","Type":15,"Integer":0,"String":"a","Interface":null}}
2025-08-15T22:13:59.297-0500	DEBUG	protocol/handler.go:1649	have all messages and processed	{"{round 20 3  <nil>}": {"Key":"self","Type":15,"Integer":0,"String":"b","Interface":null}}
2025-08-15T22:13:59.297-0500	DEBUG	protocol/handler.go:596	round already finalized
2025-08-15T22:13:59.298-0500	DEBUG	protocol/handler.go:581	tryAdvanceRound called	{"{current_round 20 3  <nil>}": {"Key":"self","Type":15,"Integer":0,"String":"b","Interface":null}}
2025-08-15T22:13:59.298-0500	DEBUG	protocol/handler.go:1591	have processed broadcast	{"{round 20 3  <nil>}": {"Key":"from","Type":15,"Integer":0,"String":"a","Interface":null}}
2025-08-15T22:13:59.298-0500	DEBUG	protocol/handler.go:1649	have all messages and processed	{"{round 20 3  <nil>}": {"Key":"self","Type":15,"Integer":0,"String":"b","Interface":null}}
2025-08-15T22:13:59.299-0500	DEBUG	protocol/handler.go:596	round already finalized
2025-08-15T22:13:59.315-0500	DEBUG	protocol/handler.go:581	tryAdvanceRound called	{"{current_round 20 3  <nil>}": {"Key":"self","Type":15,"Integer":0,"String":"b","Interface":null}}
2025-08-15T22:13:59.315-0500	DEBUG	protocol/handler.go:1591	have processed broadcast	{"{round 20 3  <nil>}": {"Key":"from","Type":15,"Integer":0,"String":"a","Interface":null}}
2025-08-15T22:13:59.315-0500	DEBUG	protocol/handler.go:1649	have all messages and processed	{"{round 20 3  <nil>}": {"Key":"self","Type":15,"Integer":0,"String":"b","Interface":null}}
2025-08-15T22:13:59.315-0500	DEBUG	protocol/handler.go:596	round already finalized
2025-08-15T22:13:59.339-0500	DEBUG	protocol/handler.go:581	tryAdvanceRound called	{"{current_round 20 3  <nil>}": {"Key":"self","Type":15,"Integer":0,"String":"b","Interface":null}}
2025-08-15T22:13:59.339-0500	DEBUG	protocol/handler.go:1591	have processed broadcast	{"{round 20 3  <nil>}": {"Key":"from","Type":15,"Integer":0,"String":"a","Interface":null}}
2025-08-15T22:13:59.339-0500	DEBUG	protocol/handler.go:1649	have all messages and processed	{"{round 20 3  <nil>}": {"Key":"self","Type":15,"Integer":0,"String":"b","Interface":null}}
2025-08-15T22:13:59.339-0500	DEBUG	protocol/handler.go:596	round already finalized
2025-08-15T22:13:59.339-0500	DEBUG	protocol/handler.go:581	tryAdvanceRound called	{"{current_round 20 1  <nil>}": {"Key":"self","Type":15,"Integer":0,"String":"b","Interface":null}}
2025-08-15T22:13:59.339-0500	DEBUG	protocol/handler.go:1649	have all messages and processed	{"{round 20 1  <nil>}": {"Key":"self","Type":15,"Integer":0,"String":"b","Interface":null}}
2025-08-15T22:13:59.339-0500	DEBUG	protocol/handler.go:596	round already finalized
2025-08-15T22:13:59.339-0500	DEBUG	protocol/handler.go:581	tryAdvanceRound called	{"{current_round 20 1  <nil>}": {"Key":"self","Type":15,"Integer":0,"String":"b","Interface":null}}
2025-08-15T22:13:59.339-0500	DEBUG	protocol/handler.go:1649	have all messages and processed	{"{round 20 1  <nil>}": {"Key":"self","Type":15,"Integer":0,"String":"b","Interface":null}}
2025-08-15T22:13:59.339-0500	DEBUG	protocol/handler.go:596	round already finalized
2025-08-15T22:13:59.363-0500	DEBUG	protocol/handler.go:581	tryAdvanceRound called	{"{current_round 20 3  <nil>}": {"Key":"self","Type":15,"Integer":0,"String":"b","Interface":null}}
2025-08-15T22:13:59.364-0500	DEBUG	protocol/handler.go:1591	have processed broadcast	{"{round 20 3  <nil>}": {"Key":"from","Type":15,"Integer":0,"String":"a","Interface":null}}
2025-08-15T22:13:59.364-0500	DEBUG	protocol/handler.go:1649	have all messages and processed	{"{round 20 3  <nil>}": {"Key":"self","Type":15,"Integer":0,"String":"b","Interface":null}}
2025-08-15T22:13:59.364-0500	DEBUG	protocol/handler.go:596	round already finalized
2025-08-15T22:13:59.387-0500	DEBUG	protocol/handler.go:581	tryAdvanceRound called	{"{current_round 20 1  <nil>}": {"Key":"self","Type":15,"Integer":0,"String":"b","Interface":null}}
2025-08-15T22:13:59.387-0500	DEBUG	protocol/handler.go:1649	have all messages and processed	{"{round 20 1  <nil>}": {"Key":"self","Type":15,"Integer":0,"String":"b","Interface":null}}
2025-08-15T22:13:59.387-0500	DEBUG	protocol/handler.go:596	round already finalized
2025-08-15T22:13:59.387-0500	DEBUG	protocol/handler.go:581	tryAdvanceRound called	{"{current_round 20 1  <nil>}": {"Key":"self","Type":15,"Integer":0,"String":"b","Interface":null}}
2025-08-15T22:13:59.387-0500	DEBUG	protocol/handler.go:1649	have all messages and processed	{"{round 20 1  <nil>}": {"Key":"self","Type":15,"Integer":0,"String":"b","Interface":null}}
2025-08-15T22:13:59.387-0500	DEBUG	protocol/handler.go:596	round already finalized
2025-08-15T22:13:59.387-0500	DEBUG	protocol/handler.go:581	tryAdvanceRound called	{"{current_round 20 3  <nil>}": {"Key":"self","Type":15,"Integer":0,"String":"b","Interface":null}}
2025-08-15T22:13:59.387-0500	DEBUG	protocol/handler.go:1591	have processed broadcast	{"{round 20 3  <nil>}": {"Key":"from","Type":15,"Integer":0,"String":"a","Interface":null}}
2025-08-15T22:13:59.387-0500	DEBUG	protocol/handler.go:1649	have all messages and processed	{"{round 20 3  <nil>}": {"Key":"self","Type":15,"Integer":0,"String":"b","Interface":null}}
2025-08-15T22:13:59.387-0500	DEBUG	protocol/handler.go:596	round already finalized
2025-08-15T22:13:59.409-0500	DEBUG	protocol/handler.go:581	tryAdvanceRound called	{"{current_round 20 3  <nil>}": {"Key":"self","Type":15,"Integer":0,"String":"b","Interface":null}}
2025-08-15T22:13:59.410-0500	DEBUG	protocol/handler.go:1591	have processed broadcast	{"{round 20 3  <nil>}": {"Key":"from","Type":15,"Integer":0,"String":"a","Interface":null}}
2025-08-15T22:13:59.410-0500	DEBUG	protocol/handler.go:1649	have all messages and processed	{"{round 20 3  <nil>}": {"Key":"self","Type":15,"Integer":0,"String":"b","Interface":null}}
2025-08-15T22:13:59.410-0500	DEBUG	protocol/handler.go:596	round already finalized
2025-08-15T22:13:59.421-0500	DEBUG	protocol/handler.go:581	tryAdvanceRound called	{"{current_round 20 3  <nil>}": {"Key":"self","Type":15,"Integer":0,"String":"b","Interface":null}}
2025-08-15T22:13:59.438-0500	DEBUG	protocol/handler.go:1591	have processed broadcast	{"{round 20 3  <nil>}": {"Key":"from","Type":15,"Integer":0,"String":"a","Interface":null}}
2025-08-15T22:13:59.438-0500	DEBUG	protocol/handler.go:1649	have all messages and processed	{"{round 20 3  <nil>}": {"Key":"self","Type":15,"Integer":0,"String":"b","Interface":null}}
2025-08-15T22:13:59.439-0500	DEBUG	protocol/handler.go:596	round already finalized
2025-08-15T22:13:59.439-0500	DEBUG	protocol/handler.go:581	tryAdvanceRound called	{"{current_round 20 3  <nil>}": {"Key":"self","Type":15,"Integer":0,"String":"b","Interface":null}}
2025-08-15T22:13:59.439-0500	DEBUG	protocol/handler.go:1591	have processed broadcast	{"{round 20 3  <nil>}": {"Key":"from","Type":15,"Integer":0,"String":"a","Interface":null}}
2025-08-15T22:13:59.439-0500	DEBUG	protocol/handler.go:1649	have all messages and processed	{"{round 20 3  <nil>}": {"Key":"self","Type":15,"Integer":0,"String":"b","Interface":null}}
2025-08-15T22:13:59.439-0500	DEBUG	protocol/handler.go:596	round already finalized
2025-08-15T22:13:59.421-0500	DEBUG	protocol/handler.go:581	tryAdvanceRound called	{"{current_round 20 1  <nil>}": {"Key":"self","Type":15,"Integer":0,"String":"b","Interface":null}}
2025-08-15T22:13:59.440-0500	DEBUG	protocol/handler.go:1649	have all messages and processed	{"{round 20 1  <nil>}": {"Key":"self","Type":15,"Integer":0,"String":"b","Interface":null}}
2025-08-15T22:13:59.440-0500	DEBUG	protocol/handler.go:596	round already finalized
2025-08-15T22:13:59.440-0500	DEBUG	protocol/handler.go:581	tryAdvanceRound called	{"{current_round 20 1  <nil>}": {"Key":"self","Type":15,"Integer":0,"String":"b","Interface":null}}
2025-08-15T22:13:59.441-0500	DEBUG	protocol/handler.go:1649	have all messages and processed	{"{round 20 1  <nil>}": {"Key":"self","Type":15,"Integer":0,"String":"b","Interface":null}}
2025-08-15T22:13:59.441-0500	DEBUG	protocol/handler.go:596	round already finalized
2025-08-15T22:13:59.454-0500	DEBUG	protocol/handler.go:581	tryAdvanceRound called	{"{current_round 20 3  <nil>}": {"Key":"self","Type":15,"Integer":0,"String":"b","Interface":null}}
2025-08-15T22:13:59.454-0500	DEBUG	protocol/handler.go:581	tryAdvanceRound called	{"{current_round 20 1  <nil>}": {"Key":"self","Type":15,"Integer":0,"String":"b","Interface":null}}
2025-08-15T22:13:59.454-0500	DEBUG	protocol/handler.go:1591	have processed broadcast	{"{round 20 3  <nil>}": {"Key":"from","Type":15,"Integer":0,"String":"a","Interface":null}}
2025-08-15T22:13:59.454-0500	DEBUG	protocol/handler.go:1649	have all messages and processed	{"{round 20 3  <nil>}": {"Key":"self","Type":15,"Integer":0,"String":"b","Interface":null}}
2025-08-15T22:13:59.455-0500	DEBUG	protocol/handler.go:596	round already finalized
2025-08-15T22:13:59.454-0500	DEBUG	protocol/handler.go:1649	have all messages and processed	{"{round 20 1  <nil>}": {"Key":"self","Type":15,"Integer":0,"String":"b","Interface":null}}
2025-08-15T22:13:59.455-0500	DEBUG	protocol/handler.go:596	round already finalized
2025-08-15T22:13:59.491-0500	DEBUG	protocol/handler.go:581	tryAdvanceRound called	{"{current_round 20 3  <nil>}": {"Key":"self","Type":15,"Integer":0,"String":"b","Interface":null}}
2025-08-15T22:13:59.491-0500	DEBUG	protocol/handler.go:1591	have processed broadcast	{"{round 20 3  <nil>}": {"Key":"from","Type":15,"Integer":0,"String":"a","Interface":null}}
2025-08-15T22:13:59.492-0500	DEBUG	protocol/handler.go:1649	have all messages and processed	{"{round 20 3  <nil>}": {"Key":"self","Type":15,"Integer":0,"String":"b","Interface":null}}
2025-08-15T22:13:59.492-0500	DEBUG	protocol/handler.go:596	round already finalized
2025-08-15T22:13:59.492-0500	DEBUG	protocol/handler.go:581	tryAdvanceRound called	{"{current_round 20 3  <nil>}": {"Key":"self","Type":15,"Integer":0,"String":"b","Interface":null}}
2025-08-15T22:13:59.492-0500	DEBUG	protocol/handler.go:1591	have processed broadcast	{"{round 20 3  <nil>}": {"Key":"from","Type":15,"Integer":0,"String":"a","Interface":null}}
2025-08-15T22:13:59.492-0500	DEBUG	protocol/handler.go:1649	have all messages and processed	{"{round 20 3  <nil>}": {"Key":"self","Type":15,"Integer":0,"String":"b","Interface":null}}
2025-08-15T22:13:59.492-0500	DEBUG	protocol/handler.go:596	round already finalized
2025-08-15T22:13:59.494-0500	DEBUG	protocol/handler.go:581	tryAdvanceRound called	{"{current_round 20 1  <nil>}": {"Key":"self","Type":15,"Integer":0,"String":"b","Interface":null}}
2025-08-15T22:13:59.495-0500	DEBUG	protocol/handler.go:1649	have all messages and processed	{"{round 20 1  <nil>}": {"Key":"self","Type":15,"Integer":0,"String":"b","Interface":null}}
2025-08-15T22:13:59.495-0500	DEBUG	protocol/handler.go:596	round already finalized
2025-08-15T22:13:59.495-0500	DEBUG	protocol/handler.go:581	tryAdvanceRound called	{"{current_round 20 1  <nil>}": {"Key":"self","Type":15,"Integer":0,"String":"b","Interface":null}}
2025-08-15T22:13:59.495-0500	DEBUG	protocol/handler.go:1649	have all messages and processed	{"{round 20 1  <nil>}": {"Key":"self","Type":15,"Integer":0,"String":"b","Interface":null}}
2025-08-15T22:13:59.495-0500	DEBUG	protocol/handler.go:596	round already finalized
2025-08-15T22:13:59.518-0500	DEBUG	protocol/handler.go:581	tryAdvanceRound called	{"{current_round 20 3  <nil>}": {"Key":"self","Type":15,"Integer":0,"String":"b","Interface":null}}
2025-08-15T22:13:59.519-0500	DEBUG	protocol/handler.go:1591	have processed broadcast	{"{round 20 3  <nil>}": {"Key":"from","Type":15,"Integer":0,"String":"a","Interface":null}}
2025-08-15T22:13:59.519-0500	DEBUG	protocol/handler.go:1649	have all messages and processed	{"{round 20 3  <nil>}": {"Key":"self","Type":15,"Integer":0,"String":"b","Interface":null}}
2025-08-15T22:13:59.519-0500	DEBUG	protocol/handler.go:596	round already finalized
2025-08-15T22:13:59.519-0500	DEBUG	protocol/handler.go:581	tryAdvanceRound called	{"{current_round 20 1  <nil>}": {"Key":"self","Type":15,"Integer":0,"String":"b","Interface":null}}
2025-08-15T22:13:59.519-0500	DEBUG	protocol/handler.go:1649	have all messages and processed	{"{round 20 1  <nil>}": {"Key":"self","Type":15,"Integer":0,"String":"b","Interface":null}}
2025-08-15T22:13:59.519-0500	DEBUG	protocol/handler.go:596	round already finalized
2025-08-15T22:13:59.539-0500	DEBUG	protocol/handler.go:581	tryAdvanceRound called	{"{current_round 20 3  <nil>}": {"Key":"self","Type":15,"Integer":0,"String":"b","Interface":null}}
2025-08-15T22:13:59.539-0500	DEBUG	protocol/handler.go:1591	have processed broadcast	{"{round 20 3  <nil>}": {"Key":"from","Type":15,"Integer":0,"String":"a","Interface":null}}
2025-08-15T22:13:59.539-0500	DEBUG	protocol/handler.go:1649	have all messages and processed	{"{round 20 3  <nil>}": {"Key":"self","Type":15,"Integer":0,"String":"b","Interface":null}}
2025-08-15T22:13:59.539-0500	DEBUG	protocol/handler.go:596	round already finalized
2025-08-15T22:13:59.559-0500	DEBUG	protocol/handler.go:581	tryAdvanceRound called	{"{current_round 20 1  <nil>}": {"Key":"self","Type":15,"Integer":0,"String":"b","Interface":null}}
2025-08-15T22:13:59.560-0500	DEBUG	protocol/handler.go:1649	have all messages and processed	{"{round 20 1  <nil>}": {"Key":"self","Type":15,"Integer":0,"String":"b","Interface":null}}
2025-08-15T22:13:59.560-0500	DEBUG	protocol/handler.go:596	round already finalized
2025-08-15T22:13:59.560-0500	DEBUG	protocol/handler.go:581	tryAdvanceRound called	{"{current_round 20 1  <nil>}": {"Key":"self","Type":15,"Integer":0,"String":"b","Interface":null}}
2025-08-15T22:13:59.560-0500	DEBUG	protocol/handler.go:1649	have all messages and processed	{"{round 20 1  <nil>}": {"Key":"self","Type":15,"Integer":0,"String":"b","Interface":null}}
2025-08-15T22:13:59.560-0500	DEBUG	protocol/handler.go:596	round already finalized
2025-08-15T22:13:59.560-0500	DEBUG	protocol/handler.go:581	tryAdvanceRound called	{"{current_round 20 3  <nil>}": {"Key":"self","Type":15,"Integer":0,"String":"b","Interface":null}}
2025-08-15T22:13:59.561-0500	DEBUG	protocol/handler.go:1591	have processed broadcast	{"{round 20 3  <nil>}": {"Key":"from","Type":15,"Integer":0,"String":"a","Interface":null}}
2025-08-15T22:13:59.561-0500	DEBUG	protocol/handler.go:1649	have all messages and processed	{"{round 20 3  <nil>}": {"Key":"self","Type":15,"Integer":0,"String":"b","Interface":null}}
2025-08-15T22:13:59.561-0500	DEBUG	protocol/handler.go:596	round already finalized
2025-08-15T22:13:59.607-0500	DEBUG	protocol/handler.go:581	tryAdvanceRound called	{"{current_round 20 1  <nil>}": {"Key":"self","Type":15,"Integer":0,"String":"b","Interface":null}}
2025-08-15T22:13:59.607-0500	DEBUG	protocol/handler.go:1649	have all messages and processed	{"{round 20 1  <nil>}": {"Key":"self","Type":15,"Integer":0,"String":"b","Interface":null}}
2025-08-15T22:13:59.607-0500	DEBUG	protocol/handler.go:596	round already finalized
2025-08-15T22:13:59.607-0500	DEBUG	protocol/handler.go:581	tryAdvanceRound called	{"{current_round 20 1  <nil>}": {"Key":"self","Type":15,"Integer":0,"String":"b","Interface":null}}
2025-08-15T22:13:59.607-0500	DEBUG	protocol/handler.go:1649	have all messages and processed	{"{round 20 1  <nil>}": {"Key":"self","Type":15,"Integer":0,"String":"b","Interface":null}}
2025-08-15T22:13:59.607-0500	DEBUG	protocol/handler.go:596	round already finalized
2025-08-15T22:13:59.607-0500	DEBUG	protocol/handler.go:581	tryAdvanceRound called	{"{current_round 20 3  <nil>}": {"Key":"self","Type":15,"Integer":0,"String":"b","Interface":null}}
2025-08-15T22:13:59.608-0500	DEBUG	protocol/handler.go:1591	have processed broadcast	{"{round 20 3  <nil>}": {"Key":"from","Type":15,"Integer":0,"String":"a","Interface":null}}
2025-08-15T22:13:59.608-0500	DEBUG	protocol/handler.go:1649	have all messages and processed	{"{round 20 3  <nil>}": {"Key":"self","Type":15,"Integer":0,"String":"b","Interface":null}}
2025-08-15T22:13:59.608-0500	DEBUG	protocol/handler.go:596	round already finalized
2025-08-15T22:13:59.608-0500	DEBUG	protocol/handler.go:581	tryAdvanceRound called	{"{current_round 20 3  <nil>}": {"Key":"self","Type":15,"Integer":0,"String":"b","Interface":null}}
2025-08-15T22:13:59.608-0500	DEBUG	protocol/handler.go:1591	have processed broadcast	{"{round 20 3  <nil>}": {"Key":"from","Type":15,"Integer":0,"String":"a","Interface":null}}
2025-08-15T22:13:59.608-0500	DEBUG	protocol/handler.go:1649	have all messages and processed	{"{round 20 3  <nil>}": {"Key":"self","Type":15,"Integer":0,"String":"b","Interface":null}}
2025-08-15T22:13:59.608-0500	DEBUG	protocol/handler.go:596	round already finalized
2025-08-15T22:13:59.616-0500	DEBUG	protocol/handler.go:581	tryAdvanceRound called	{"{current_round 20 1  <nil>}": {"Key":"self","Type":15,"Integer":0,"String":"b","Interface":null}}
2025-08-15T22:13:59.617-0500	DEBUG	protocol/handler.go:1649	have all messages and processed	{"{round 20 1  <nil>}": {"Key":"self","Type":15,"Integer":0,"String":"b","Interface":null}}
2025-08-15T22:13:59.617-0500	DEBUG	protocol/handler.go:596	round already finalized
2025-08-15T22:13:59.633-0500	DEBUG	protocol/handler.go:581	tryAdvanceRound called	{"{current_round 20 1  <nil>}": {"Key":"self","Type":15,"Integer":0,"String":"b","Interface":null}}
2025-08-15T22:13:59.633-0500	DEBUG	protocol/handler.go:1649	have all messages and processed	{"{round 20 1  <nil>}": {"Key":"self","Type":15,"Integer":0,"String":"b","Interface":null}}
2025-08-15T22:13:59.633-0500	DEBUG	protocol/handler.go:596	round already finalized
2025-08-15T22:13:59.679-0500	DEBUG	protocol/handler.go:581	tryAdvanceRound called	{"{current_round 20 1  <nil>}": {"Key":"self","Type":15,"Integer":0,"String":"b","Interface":null}}
2025-08-15T22:13:59.679-0500	DEBUG	protocol/handler.go:1649	have all messages and processed	{"{round 20 1  <nil>}": {"Key":"self","Type":15,"Integer":0,"String":"b","Interface":null}}
2025-08-15T22:13:59.679-0500	DEBUG	protocol/handler.go:596	round already finalized
2025-08-15T22:13:59.679-0500	DEBUG	protocol/handler.go:581	tryAdvanceRound called	{"{current_round 20 1  <nil>}": {"Key":"self","Type":15,"Integer":0,"String":"b","Interface":null}}
2025-08-15T22:13:59.679-0500	DEBUG	protocol/handler.go:1649	have all messages and processed	{"{round 20 1  <nil>}": {"Key":"self","Type":15,"Integer":0,"String":"b","Interface":null}}
2025-08-15T22:13:59.679-0500	DEBUG	protocol/handler.go:596	round already finalized
2025-08-15T22:13:59.701-0500	DEBUG	protocol/handler.go:581	tryAdvanceRound called	{"{current_round 20 1  <nil>}": {"Key":"self","Type":15,"Integer":0,"String":"b","Interface":null}}
2025-08-15T22:13:59.701-0500	DEBUG	protocol/handler.go:1649	have all messages and processed	{"{round 20 1  <nil>}": {"Key":"self","Type":15,"Integer":0,"String":"b","Interface":null}}
2025-08-15T22:13:59.701-0500	DEBUG	protocol/handler.go:596	round already finalized
2025-08-15T22:13:59.726-0500	DEBUG	protocol/handler.go:581	tryAdvanceRound called	{"{current_round 20 1  <nil>}": {"Key":"self","Type":15,"Integer":0,"String":"b","Interface":null}}
2025-08-15T22:13:59.726-0500	DEBUG	protocol/handler.go:1649	have all messages and processed	{"{round 20 1  <nil>}": {"Key":"self","Type":15,"Integer":0,"String":"b","Interface":null}}
2025-08-15T22:13:59.726-0500	DEBUG	protocol/handler.go:596	round already finalized
2025-08-15T22:13:59.617-0500	DEBUG	protocol/handler.go:581	tryAdvanceRound called	{"{current_round 20 3  <nil>}": {"Key":"self","Type":15,"Integer":0,"String":"b","Interface":null}}
2025-08-15T22:13:59.749-0500	DEBUG	protocol/handler.go:1591	have processed broadcast	{"{round 20 3  <nil>}": {"Key":"from","Type":15,"Integer":0,"String":"a","Interface":null}}
2025-08-15T22:13:59.750-0500	DEBUG	protocol/handler.go:581	tryAdvanceRound called	{"{current_round 20 1  <nil>}": {"Key":"self","Type":15,"Integer":0,"String":"b","Interface":null}}
2025-08-15T22:13:59.750-0500	DEBUG	protocol/handler.go:1649	have all messages and processed	{"{round 20 1  <nil>}": {"Key":"self","Type":15,"Integer":0,"String":"b","Interface":null}}
2025-08-15T22:13:59.750-0500	DEBUG	protocol/handler.go:596	round already finalized
2025-08-15T22:13:59.772-0500	DEBUG	protocol/handler.go:581	tryAdvanceRound called	{"{current_round 20 1  <nil>}": {"Key":"self","Type":15,"Integer":0,"String":"b","Interface":null}}
2025-08-15T22:13:59.772-0500	DEBUG	protocol/handler.go:1649	have all messages and processed	{"{round 20 1  <nil>}": {"Key":"self","Type":15,"Integer":0,"String":"b","Interface":null}}
2025-08-15T22:13:59.772-0500	DEBUG	protocol/handler.go:596	round already finalized
2025-08-15T22:13:59.772-0500	DEBUG	protocol/handler.go:1649	have all messages and processed	{"{round 20 3  <nil>}": {"Key":"self","Type":15,"Integer":0,"String":"b","Interface":null}}
2025-08-15T22:13:59.772-0500	DEBUG	protocol/handler.go:596	round already finalized
2025-08-15T22:13:59.772-0500	DEBUG	protocol/handler.go:581	tryAdvanceRound called	{"{current_round 20 3  <nil>}": {"Key":"self","Type":15,"Integer":0,"String":"b","Interface":null}}
2025-08-15T22:13:59.772-0500	DEBUG	protocol/handler.go:1591	have processed broadcast	{"{round 20 3  <nil>}": {"Key":"from","Type":15,"Integer":0,"String":"a","Interface":null}}
2025-08-15T22:13:59.772-0500	DEBUG	protocol/handler.go:1649	have all messages and processed	{"{round 20 3  <nil>}": {"Key":"self","Type":15,"Integer":0,"String":"b","Interface":null}}
2025-08-15T22:13:59.772-0500	DEBUG	protocol/handler.go:596	round already finalized
2025-08-15T22:13:59.796-0500	DEBUG	protocol/handler.go:581	tryAdvanceRound called	{"{current_round 20 1  <nil>}": {"Key":"self","Type":15,"Integer":0,"String":"b","Interface":null}}
2025-08-15T22:13:59.796-0500	DEBUG	protocol/handler.go:1649	have all messages and processed	{"{round 20 1  <nil>}": {"Key":"self","Type":15,"Integer":0,"String":"b","Interface":null}}
2025-08-15T22:13:59.796-0500	DEBUG	protocol/handler.go:596	round already finalized
2025-08-15T22:13:59.796-0500	DEBUG	protocol/handler.go:581	tryAdvanceRound called	{"{current_round 20 3  <nil>}": {"Key":"self","Type":15,"Integer":0,"String":"b","Interface":null}}
2025-08-15T22:13:59.796-0500	DEBUG	protocol/handler.go:1591	have processed broadcast	{"{round 20 3  <nil>}": {"Key":"from","Type":15,"Integer":0,"String":"a","Interface":null}}
2025-08-15T22:13:59.796-0500	DEBUG	protocol/handler.go:1649	have all messages and processed	{"{round 20 3  <nil>}": {"Key":"self","Type":15,"Integer":0,"String":"b","Interface":null}}
2025-08-15T22:13:59.796-0500	DEBUG	protocol/handler.go:596	round already finalized
2025-08-15T22:13:59.796-0500	DEBUG	protocol/handler.go:581	tryAdvanceRound called	{"{current_round 20 3  <nil>}": {"Key":"self","Type":15,"Integer":0,"String":"b","Interface":null}}
2025-08-15T22:13:59.796-0500	DEBUG	protocol/handler.go:1591	have processed broadcast	{"{round 20 3  <nil>}": {"Key":"from","Type":15,"Integer":0,"String":"a","Interface":null}}
2025-08-15T22:13:59.796-0500	DEBUG	protocol/handler.go:1649	have all messages and processed	{"{round 20 3  <nil>}": {"Key":"self","Type":15,"Integer":0,"String":"b","Interface":null}}
2025-08-15T22:13:59.797-0500	DEBUG	protocol/handler.go:596	round already finalized
2025-08-15T22:13:59.822-0500	DEBUG	protocol/handler.go:581	tryAdvanceRound called	{"{current_round 20 3  <nil>}": {"Key":"self","Type":15,"Integer":0,"String":"b","Interface":null}}
2025-08-15T22:13:59.824-0500	DEBUG	protocol/handler.go:1591	have processed broadcast	{"{round 20 3  <nil>}": {"Key":"from","Type":15,"Integer":0,"String":"a","Interface":null}}
2025-08-15T22:13:59.824-0500	DEBUG	protocol/handler.go:1649	have all messages and processed	{"{round 20 3  <nil>}": {"Key":"self","Type":15,"Integer":0,"String":"b","Interface":null}}
2025-08-15T22:13:59.824-0500	DEBUG	protocol/handler.go:596	round already finalized
2025-08-15T22:13:59.870-0500	DEBUG	protocol/handler.go:581	tryAdvanceRound called	{"{current_round 20 3  <nil>}": {"Key":"self","Type":15,"Integer":0,"String":"b","Interface":null}}
2025-08-15T22:13:59.870-0500	DEBUG	protocol/handler.go:1591	have processed broadcast	{"{round 20 3  <nil>}": {"Key":"from","Type":15,"Integer":0,"String":"a","Interface":null}}
2025-08-15T22:13:59.823-0500	DEBUG	protocol/handler.go:581	tryAdvanceRound called	{"{current_round 20 1  <nil>}": {"Key":"self","Type":15,"Integer":0,"String":"b","Interface":null}}
2025-08-15T22:13:59.870-0500	DEBUG	protocol/handler.go:1649	have all messages and processed	{"{round 20 1  <nil>}": {"Key":"self","Type":15,"Integer":0,"String":"b","Interface":null}}
2025-08-15T22:13:59.870-0500	DEBUG	protocol/handler.go:596	round already finalized
2025-08-15T22:13:59.870-0500	DEBUG	protocol/handler.go:581	tryAdvanceRound called	{"{current_round 20 1  <nil>}": {"Key":"self","Type":15,"Integer":0,"String":"b","Interface":null}}
2025-08-15T22:13:59.870-0500	DEBUG	protocol/handler.go:1649	have all messages and processed	{"{round 20 1  <nil>}": {"Key":"self","Type":15,"Integer":0,"String":"b","Interface":null}}
2025-08-15T22:13:59.870-0500	DEBUG	protocol/handler.go:596	round already finalized
2025-08-15T22:13:59.870-0500	DEBUG	protocol/handler.go:1649	have all messages and processed	{"{round 20 3  <nil>}": {"Key":"self","Type":15,"Integer":0,"String":"b","Interface":null}}
2025-08-15T22:13:59.871-0500	DEBUG	protocol/handler.go:596	round already finalized
2025-08-15T22:13:59.871-0500	DEBUG	protocol/handler.go:581	tryAdvanceRound called	{"{current_round 20 3  <nil>}": {"Key":"self","Type":15,"Integer":0,"String":"b","Interface":null}}
2025-08-15T22:13:59.871-0500	DEBUG	protocol/handler.go:1591	have processed broadcast	{"{round 20 3  <nil>}": {"Key":"from","Type":15,"Integer":0,"String":"a","Interface":null}}
2025-08-15T22:13:59.873-0500	DEBUG	protocol/handler.go:1649	have all messages and processed	{"{round 20 3  <nil>}": {"Key":"self","Type":15,"Integer":0,"String":"b","Interface":null}}
2025-08-15T22:13:59.873-0500	DEBUG	protocol/handler.go:596	round already finalized
2025-08-15T22:13:59.893-0500	DEBUG	protocol/handler.go:581	tryAdvanceRound called	{"{current_round 20 3  <nil>}": {"Key":"self","Type":15,"Integer":0,"String":"b","Interface":null}}
2025-08-15T22:13:59.893-0500	DEBUG	protocol/handler.go:1591	have processed broadcast	{"{round 20 3  <nil>}": {"Key":"from","Type":15,"Integer":0,"String":"a","Interface":null}}
2025-08-15T22:13:59.893-0500	DEBUG	protocol/handler.go:1649	have all messages and processed	{"{round 20 3  <nil>}": {"Key":"self","Type":15,"Integer":0,"String":"b","Interface":null}}
2025-08-15T22:13:59.893-0500	DEBUG	protocol/handler.go:596	round already finalized
2025-08-15T22:13:59.916-0500	DEBUG	protocol/handler.go:581	tryAdvanceRound called	{"{current_round 20 1  <nil>}": {"Key":"self","Type":15,"Integer":0,"String":"b","Interface":null}}
2025-08-15T22:13:59.916-0500	DEBUG	protocol/handler.go:1649	have all messages and processed	{"{round 20 1  <nil>}": {"Key":"self","Type":15,"Integer":0,"String":"b","Interface":null}}
2025-08-15T22:13:59.916-0500	DEBUG	protocol/handler.go:596	round already finalized
2025-08-15T22:13:59.916-0500	DEBUG	protocol/handler.go:581	tryAdvanceRound called	{"{current_round 20 1  <nil>}": {"Key":"self","Type":15,"Integer":0,"String":"b","Interface":null}}
2025-08-15T22:13:59.916-0500	DEBUG	protocol/handler.go:1649	have all messages and processed	{"{round 20 1  <nil>}": {"Key":"self","Type":15,"Integer":0,"String":"b","Interface":null}}
2025-08-15T22:13:59.916-0500	DEBUG	protocol/handler.go:596	round already finalized
2025-08-15T22:13:59.938-0500	DEBUG	protocol/handler.go:581	tryAdvanceRound called	{"{current_round 20 1  <nil>}": {"Key":"self","Type":15,"Integer":0,"String":"b","Interface":null}}
2025-08-15T22:13:59.938-0500	DEBUG	protocol/handler.go:1649	have all messages and processed	{"{round 20 1  <nil>}": {"Key":"self","Type":15,"Integer":0,"String":"b","Interface":null}}
2025-08-15T22:13:59.938-0500	DEBUG	protocol/handler.go:596	round already finalized
2025-08-15T22:13:59.942-0500	DEBUG	protocol/handler.go:581	tryAdvanceRound called	{"{current_round 20 3  <nil>}": {"Key":"self","Type":15,"Integer":0,"String":"b","Interface":null}}
2025-08-15T22:13:59.943-0500	DEBUG	protocol/handler.go:1591	have processed broadcast	{"{round 20 3  <nil>}": {"Key":"from","Type":15,"Integer":0,"String":"a","Interface":null}}
2025-08-15T22:13:59.943-0500	DEBUG	protocol/handler.go:1649	have all messages and processed	{"{round 20 3  <nil>}": {"Key":"self","Type":15,"Integer":0,"String":"b","Interface":null}}
2025-08-15T22:13:59.943-0500	DEBUG	protocol/handler.go:596	round already finalized
2025-08-15T22:13:59.943-0500	DEBUG	protocol/handler.go:581	tryAdvanceRound called	{"{current_round 20 3  <nil>}": {"Key":"self","Type":15,"Integer":0,"String":"b","Interface":null}}
2025-08-15T22:13:59.944-0500	DEBUG	protocol/handler.go:1591	have processed broadcast	{"{round 20 3  <nil>}": {"Key":"from","Type":15,"Integer":0,"String":"a","Interface":null}}
2025-08-15T22:13:59.944-0500	DEBUG	protocol/handler.go:1649	have all messages and processed	{"{round 20 3  <nil>}": {"Key":"self","Type":15,"Integer":0,"String":"b","Interface":null}}
2025-08-15T22:13:59.944-0500	DEBUG	protocol/handler.go:596	round already finalized
2025-08-15T22:13:59.962-0500	DEBUG	protocol/handler.go:581	tryAdvanceRound called	{"{current_round 20 3  <nil>}": {"Key":"self","Type":15,"Integer":0,"String":"b","Interface":null}}
2025-08-15T22:13:59.962-0500	DEBUG	protocol/handler.go:1591	have processed broadcast	{"{round 20 3  <nil>}": {"Key":"from","Type":15,"Integer":0,"String":"a","Interface":null}}
2025-08-15T22:13:59.962-0500	DEBUG	protocol/handler.go:1649	have all messages and processed	{"{round 20 3  <nil>}": {"Key":"self","Type":15,"Integer":0,"String":"b","Interface":null}}
2025-08-15T22:13:59.962-0500	DEBUG	protocol/handler.go:596	round already finalized
2025-08-15T22:13:59.987-0500	DEBUG	protocol/handler.go:581	tryAdvanceRound called	{"{current_round 20 1  <nil>}": {"Key":"self","Type":15,"Integer":0,"String":"b","Interface":null}}
2025-08-15T22:13:59.987-0500	DEBUG	protocol/handler.go:1649	have all messages and processed	{"{round 20 1  <nil>}": {"Key":"self","Type":15,"Integer":0,"String":"b","Interface":null}}
2025-08-15T22:13:59.987-0500	DEBUG	protocol/handler.go:581	tryAdvanceRound called	{"{current_round 20 3  <nil>}": {"Key":"self","Type":15,"Integer":0,"String":"b","Interface":null}}
2025-08-15T22:13:59.987-0500	DEBUG	protocol/handler.go:596	round already finalized
2025-08-15T22:13:59.987-0500	DEBUG	protocol/handler.go:581	tryAdvanceRound called	{"{current_round 20 1  <nil>}": {"Key":"self","Type":15,"Integer":0,"String":"b","Interface":null}}
2025-08-15T22:13:59.987-0500	DEBUG	protocol/handler.go:1591	have processed broadcast	{"{round 20 3  <nil>}": {"Key":"from","Type":15,"Integer":0,"String":"a","Interface":null}}
2025-08-15T22:13:59.987-0500	DEBUG	protocol/handler.go:1649	have all messages and processed	{"{round 20 1  <nil>}": {"Key":"self","Type":15,"Integer":0,"String":"b","Interface":null}}
2025-08-15T22:13:59.987-0500	DEBUG	protocol/handler.go:1649	have all messages and processed	{"{round 20 3  <nil>}": {"Key":"self","Type":15,"Integer":0,"String":"b","Interface":null}}
2025-08-15T22:13:59.987-0500	DEBUG	protocol/handler.go:596	round already finalized
2025-08-15T22:13:59.987-0500	DEBUG	protocol/handler.go:596	round already finalized
2025-08-15T22:14:00.008-0500	DEBUG	protocol/handler.go:581	tryAdvanceRound called	{"{current_round 20 3  <nil>}": {"Key":"self","Type":15,"Integer":0,"String":"b","Interface":null}}
2025-08-15T22:14:00.008-0500	DEBUG	protocol/handler.go:1591	have processed broadcast	{"{round 20 3  <nil>}": {"Key":"from","Type":15,"Integer":0,"String":"a","Interface":null}}
2025-08-15T22:14:00.008-0500	DEBUG	protocol/handler.go:1649	have all messages and processed	{"{round 20 3  <nil>}": {"Key":"self","Type":15,"Integer":0,"String":"b","Interface":null}}
2025-08-15T22:14:00.008-0500	DEBUG	protocol/handler.go:596	round already finalized
2025-08-15T22:14:00.012-0500	DEBUG	protocol/handler.go:581	tryAdvanceRound called	{"{current_round 20 1  <nil>}": {"Key":"self","Type":15,"Integer":0,"String":"b","Interface":null}}
2025-08-15T22:14:00.012-0500	DEBUG	protocol/handler.go:1649	have all messages and processed	{"{round 20 1  <nil>}": {"Key":"self","Type":15,"Integer":0,"String":"b","Interface":null}}
2025-08-15T22:14:00.012-0500	DEBUG	protocol/handler.go:596	round already finalized
2025-08-15T22:14:00.033-0500	DEBUG	protocol/handler.go:581	tryAdvanceRound called	{"{current_round 20 3  <nil>}": {"Key":"self","Type":15,"Integer":0,"String":"b","Interface":null}}
2025-08-15T22:14:00.033-0500	DEBUG	protocol/handler.go:581	tryAdvanceRound called	{"{current_round 20 1  <nil>}": {"Key":"self","Type":15,"Integer":0,"String":"b","Interface":null}}
2025-08-15T22:14:00.033-0500	DEBUG	protocol/handler.go:1591	have processed broadcast	{"{round 20 3  <nil>}": {"Key":"from","Type":15,"Integer":0,"String":"a","Interface":null}}
2025-08-15T22:14:00.033-0500	DEBUG	protocol/handler.go:1649	have all messages and processed	{"{round 20 1  <nil>}": {"Key":"self","Type":15,"Integer":0,"String":"b","Interface":null}}
2025-08-15T22:14:00.033-0500	DEBUG	protocol/handler.go:1649	have all messages and processed	{"{round 20 3  <nil>}": {"Key":"self","Type":15,"Integer":0,"String":"b","Interface":null}}
2025-08-15T22:14:00.033-0500	DEBUG	protocol/handler.go:596	round already finalized
2025-08-15T22:14:00.033-0500	DEBUG	protocol/handler.go:596	round already finalized
2025-08-15T22:14:00.042-0500	DEBUG	protocol/handler.go:581	tryAdvanceRound called	{"{current_round 20 1  <nil>}": {"Key":"self","Type":15,"Integer":0,"String":"b","Interface":null}}
2025-08-15T22:14:00.042-0500	DEBUG	protocol/handler.go:1649	have all messages and processed	{"{round 20 1  <nil>}": {"Key":"self","Type":15,"Integer":0,"String":"b","Interface":null}}
2025-08-15T22:14:00.042-0500	DEBUG	protocol/handler.go:596	round already finalized
2025-08-15T22:14:00.055-0500	DEBUG	protocol/handler.go:581	tryAdvanceRound called	{"{current_round 20 1  <nil>}": {"Key":"self","Type":15,"Integer":0,"String":"b","Interface":null}}
2025-08-15T22:14:00.055-0500	DEBUG	protocol/handler.go:1649	have all messages and processed	{"{round 20 1  <nil>}": {"Key":"self","Type":15,"Integer":0,"String":"b","Interface":null}}
2025-08-15T22:14:00.055-0500	DEBUG	protocol/handler.go:596	round already finalized
2025-08-15T22:14:00.055-0500	DEBUG	protocol/handler.go:581	tryAdvanceRound called	{"{current_round 20 3  <nil>}": {"Key":"self","Type":15,"Integer":0,"String":"b","Interface":null}}
2025-08-15T22:14:00.056-0500	DEBUG	protocol/handler.go:1591	have processed broadcast	{"{round 20 3  <nil>}": {"Key":"from","Type":15,"Integer":0,"String":"a","Interface":null}}
2025-08-15T22:14:00.056-0500	DEBUG	protocol/handler.go:1649	have all messages and processed	{"{round 20 3  <nil>}": {"Key":"self","Type":15,"Integer":0,"String":"b","Interface":null}}
2025-08-15T22:14:00.056-0500	DEBUG	protocol/handler.go:596	round already finalized
2025-08-15T22:14:00.062-0500	DEBUG	protocol/handler.go:581	tryAdvanceRound called	{"{current_round 20 3  <nil>}": {"Key":"self","Type":15,"Integer":0,"String":"b","Interface":null}}
2025-08-15T22:14:00.062-0500	DEBUG	protocol/handler.go:1591	have processed broadcast	{"{round 20 3  <nil>}": {"Key":"from","Type":15,"Integer":0,"String":"a","Interface":null}}
2025-08-15T22:14:00.063-0500	DEBUG	protocol/handler.go:1649	have all messages and processed	{"{round 20 3  <nil>}": {"Key":"self","Type":15,"Integer":0,"String":"b","Interface":null}}
2025-08-15T22:14:00.063-0500	DEBUG	protocol/handler.go:596	round already finalized
2025-08-15T22:14:00.080-0500	DEBUG	protocol/handler.go:581	tryAdvanceRound called	{"{current_round 20 3  <nil>}": {"Key":"self","Type":15,"Integer":0,"String":"b","Interface":null}}
2025-08-15T22:14:00.080-0500	DEBUG	protocol/handler.go:1591	have processed broadcast	{"{round 20 3  <nil>}": {"Key":"from","Type":15,"Integer":0,"String":"a","Interface":null}}
2025-08-15T22:14:00.080-0500	DEBUG	protocol/handler.go:1649	have all messages and processed	{"{round 20 3  <nil>}": {"Key":"self","Type":15,"Integer":0,"String":"b","Interface":null}}
2025-08-15T22:14:00.081-0500	DEBUG	protocol/handler.go:596	round already finalized
2025-08-15T22:14:00.081-0500	DEBUG	protocol/handler.go:581	tryAdvanceRound called	{"{current_round 20 1  <nil>}": {"Key":"self","Type":15,"Integer":0,"String":"b","Interface":null}}
2025-08-15T22:14:00.081-0500	DEBUG	protocol/handler.go:1649	have all messages and processed	{"{round 20 1  <nil>}": {"Key":"self","Type":15,"Integer":0,"String":"b","Interface":null}}
2025-08-15T22:14:00.081-0500	DEBUG	protocol/handler.go:596	round already finalized
2025-08-15T22:14:00.107-0500	DEBUG	protocol/handler.go:581	tryAdvanceRound called	{"{current_round 20 3  <nil>}": {"Key":"self","Type":15,"Integer":0,"String":"b","Interface":null}}
2025-08-15T22:14:00.107-0500	DEBUG	protocol/handler.go:1591	have processed broadcast	{"{round 20 3  <nil>}": {"Key":"from","Type":15,"Integer":0,"String":"a","Interface":null}}
2025-08-15T22:14:00.107-0500	DEBUG	protocol/handler.go:1649	have all messages and processed	{"{round 20 3  <nil>}": {"Key":"self","Type":15,"Integer":0,"String":"b","Interface":null}}
2025-08-15T22:14:00.108-0500	DEBUG	protocol/handler.go:596	round already finalized
2025-08-15T22:14:00.127-0500	DEBUG	protocol/handler.go:581	tryAdvanceRound called	{"{current_round 20 1  <nil>}": {"Key":"self","Type":15,"Integer":0,"String":"b","Interface":null}}
2025-08-15T22:14:00.127-0500	DEBUG	protocol/handler.go:1649	have all messages and processed	{"{round 20 1  <nil>}": {"Key":"self","Type":15,"Integer":0,"String":"b","Interface":null}}
2025-08-15T22:14:00.127-0500	DEBUG	protocol/handler.go:596	round already finalized
2025-08-15T22:14:00.127-0500	DEBUG	protocol/handler.go:581	tryAdvanceRound called	{"{current_round 20 1  <nil>}": {"Key":"self","Type":15,"Integer":0,"String":"b","Interface":null}}
2025-08-15T22:14:00.127-0500	DEBUG	protocol/handler.go:1649	have all messages and processed	{"{round 20 1  <nil>}": {"Key":"self","Type":15,"Integer":0,"String":"b","Interface":null}}
2025-08-15T22:14:00.127-0500	DEBUG	protocol/handler.go:596	round already finalized
2025-08-15T22:14:00.146-0500	DEBUG	protocol/handler.go:581	tryAdvanceRound called	{"{current_round 20 1  <nil>}": {"Key":"self","Type":15,"Integer":0,"String":"b","Interface":null}}
2025-08-15T22:14:00.146-0500	DEBUG	protocol/handler.go:1649	have all messages and processed	{"{round 20 1  <nil>}": {"Key":"self","Type":15,"Integer":0,"String":"b","Interface":null}}
2025-08-15T22:14:00.146-0500	DEBUG	protocol/handler.go:596	round already finalized
2025-08-15T22:14:00.150-0500	DEBUG	protocol/handler.go:581	tryAdvanceRound called	{"{current_round 20 3  <nil>}": {"Key":"self","Type":15,"Integer":0,"String":"b","Interface":null}}
2025-08-15T22:14:00.151-0500	DEBUG	protocol/handler.go:1591	have processed broadcast	{"{round 20 3  <nil>}": {"Key":"from","Type":15,"Integer":0,"String":"a","Interface":null}}
2025-08-15T22:14:00.151-0500	DEBUG	protocol/handler.go:1649	have all messages and processed	{"{round 20 3  <nil>}": {"Key":"self","Type":15,"Integer":0,"String":"b","Interface":null}}
2025-08-15T22:14:00.151-0500	DEBUG	protocol/handler.go:596	round already finalized
2025-08-15T22:14:00.151-0500	DEBUG	protocol/handler.go:581	tryAdvanceRound called	{"{current_round 20 3  <nil>}": {"Key":"self","Type":15,"Integer":0,"String":"b","Interface":null}}
2025-08-15T22:14:00.151-0500	DEBUG	protocol/handler.go:1591	have processed broadcast	{"{round 20 3  <nil>}": {"Key":"from","Type":15,"Integer":0,"String":"a","Interface":null}}
2025-08-15T22:14:00.151-0500	DEBUG	protocol/handler.go:1649	have all messages and processed	{"{round 20 3  <nil>}": {"Key":"self","Type":15,"Integer":0,"String":"b","Interface":null}}
2025-08-15T22:14:00.151-0500	DEBUG	protocol/handler.go:596	round already finalized
2025-08-15T22:14:00.163-0500	DEBUG	protocol/handler.go:581	tryAdvanceRound called	{"{current_round 20 1  <nil>}": {"Key":"self","Type":15,"Integer":0,"String":"b","Interface":null}}
2025-08-15T22:14:00.163-0500	DEBUG	protocol/handler.go:1649	have all messages and processed	{"{round 20 1  <nil>}": {"Key":"self","Type":15,"Integer":0,"String":"b","Interface":null}}
2025-08-15T22:14:00.163-0500	DEBUG	protocol/handler.go:596	round already finalized
2025-08-15T22:14:00.174-0500	DEBUG	protocol/handler.go:581	tryAdvanceRound called	{"{current_round 20 3  <nil>}": {"Key":"self","Type":15,"Integer":0,"String":"b","Interface":null}}
2025-08-15T22:14:00.174-0500	DEBUG	protocol/handler.go:1591	have processed broadcast	{"{round 20 3  <nil>}": {"Key":"from","Type":15,"Integer":0,"String":"a","Interface":null}}
2025-08-15T22:14:00.174-0500	DEBUG	protocol/handler.go:1649	have all messages and processed	{"{round 20 3  <nil>}": {"Key":"self","Type":15,"Integer":0,"String":"b","Interface":null}}
2025-08-15T22:14:00.174-0500	DEBUG	protocol/handler.go:596	round already finalized
2025-08-15T22:14:00.176-0500	DEBUG	protocol/handler.go:581	tryAdvanceRound called	{"{current_round 20 4  <nil>}": {"Key":"self","Type":15,"Integer":0,"String":"b","Interface":null}}
2025-08-15T22:14:00.185-0500	DEBUG	protocol/handler.go:581	tryAdvanceRound called	{"{current_round 20 1  <nil>}": {"Key":"self","Type":15,"Integer":0,"String":"b","Interface":null}}
2025-08-15T22:14:00.185-0500	DEBUG	protocol/handler.go:1649	have all messages and processed	{"{round 20 1  <nil>}": {"Key":"self","Type":15,"Integer":0,"String":"b","Interface":null}}
2025-08-15T22:14:00.185-0500	DEBUG	protocol/handler.go:596	round already finalized
2025-08-15T22:14:00.185-0500	DEBUG	protocol/handler.go:581	tryAdvanceRound called	{"{current_round 20 1  <nil>}": {"Key":"self","Type":15,"Integer":0,"String":"b","Interface":null}}
2025-08-15T22:14:00.186-0500	DEBUG	protocol/handler.go:1649	have all messages and processed	{"{round 20 1  <nil>}": {"Key":"self","Type":15,"Integer":0,"String":"b","Interface":null}}
2025-08-15T22:14:00.186-0500	DEBUG	protocol/handler.go:596	round already finalized
==================
WARNING: DATA RACE
Write at 0x00c00010c9f8 by goroutine 112:
  github.com/cronokirby/saferith.maskEnd()
      /Users/z/go/pkg/mod/github.com/cronokirby/saferith@v0.33.0/num.go:261 +0x1cc
  github.com/cronokirby/saferith.(*Nat).resizedLimbs()
      /Users/z/go/pkg/mod/github.com/cronokirby/saferith@v0.33.0/num.go:252 +0x16c
  github.com/cronokirby/saferith.(*Nat).Cmp()
      /Users/z/go/pkg/mod/github.com/cronokirby/saferith@v0.33.0/num.go:1411 +0x90
  github.com/cronokirby/saferith.(*Nat).CmpMod()
      /Users/z/go/pkg/mod/github.com/cronokirby/saferith@v0.33.0/num.go:1430 +0x74
  github.com/luxfi/threshold/pkg/math/arith.IsValidNatModN()
      /Users/z/work/lux/threshold/pkg/math/arith/int.go:16 +0x78
  github.com/luxfi/threshold/pkg/pedersen.Parameters.Verify()
      /Users/z/work/lux/threshold/pkg/pedersen/pedersen.go:91 +0xc0
  github.com/luxfi/threshold/pkg/zk/fac.(*Proof).Verify()
      /Users/z/work/lux/threshold/pkg/zk/fac/fac.go:111 +0x170
  github.com/luxfi/threshold/protocols/cmp/keygen.(*round4).VerifyMessage()
      /Users/z/work/lux/threshold/protocols/cmp/keygen/round4.go:139 +0x368
  github.com/luxfi/threshold/pkg/protocol.(*Handler).verifyNormalForRound()
      /Users/z/work/lux/threshold/pkg/protocol/handler.go:1331 +0x348
  github.com/luxfi/threshold/pkg/protocol.(*Handler).retryUnprocessedMessages()
      /Users/z/work/lux/threshold/pkg/protocol/handler.go:1496 +0x3a0
  github.com/luxfi/threshold/pkg/protocol.(*Handler).tryAdvanceRound()
      /Users/z/work/lux/threshold/pkg/protocol/handler.go:587 +0x28c
  github.com/luxfi/threshold/pkg/protocol.(*Handler).processMessage()
      /Users/z/work/lux/threshold/pkg/protocol/handler.go:486 +0xbb0
  github.com/luxfi/threshold/pkg/protocol.(*Handler).messageWorker()
      /Users/z/work/lux/threshold/pkg/protocol/handler.go:408 +0x338
  github.com/luxfi/threshold/pkg/protocol.(*Handler).startWorkers.gowrap1()
      /Users/z/work/lux/threshold/pkg/protocol/handler.go:355 +0x44

Previous read at 0x00c00010c9f8 by goroutine 267:
  runtime.slicecopy()
      /opt/homebrew/Cellar/go/1.24.6/libexec/src/runtime/slice.go:355 +0x0
  github.com/cronokirby/saferith.(*Nat).invert()
      /Users/z/go/pkg/mod/github.com/cronokirby/saferith@v0.33.0/num.go:1561 +0x318
  github.com/cronokirby/saferith.(*Nat).modInverse()
      /Users/z/go/pkg/mod/github.com/cronokirby/saferith@v0.33.0/num.go:1743 +0x18c
  github.com/cronokirby/saferith.(*Nat).ModInverse()
      /Users/z/go/pkg/mod/github.com/cronokirby/saferith@v0.33.0/num.go:1757 +0x80
  github.com/luxfi/threshold/pkg/math/arith.(*Modulus).ExpI()
      /Users/z/work/lux/threshold/pkg/math/arith/modulus.go:68 +0xd4
  github.com/luxfi/threshold/pkg/pedersen.Parameters.Verify()
      /Users/z/work/lux/threshold/pkg/pedersen/pedersen.go:99 +0x110
  github.com/luxfi/threshold/pkg/zk/fac.(*Proof).Verify()
      /Users/z/work/lux/threshold/pkg/zk/fac/fac.go:115 +0x214
  github.com/luxfi/threshold/protocols/cmp/keygen.(*round4).VerifyMessage()
      /Users/z/work/lux/threshold/protocols/cmp/keygen/round4.go:139 +0x368
  github.com/luxfi/threshold/pkg/protocol.(*Handler).verifyNormalForRound()
      /Users/z/work/lux/threshold/pkg/protocol/handler.go:1331 +0x348
  github.com/luxfi/threshold/pkg/protocol.(*Handler).processQueuedMessages()
      /Users/z/work/lux/threshold/pkg/protocol/handler.go:1556 +0x550
  github.com/luxfi/threshold/pkg/protocol.(*Handler).tryAdvanceRound.gowrap2()
      /Users/z/work/lux/threshold/pkg/protocol/handler.go:673 +0x40

Goroutine 112 (running) created at:
  github.com/luxfi/threshold/pkg/protocol.(*Handler).startWorkers()
      /Users/z/work/lux/threshold/pkg/protocol/handler.go:355 +0x27c
  github.com/luxfi/threshold/pkg/protocol.NewHandler()
      /Users/z/work/lux/threshold/pkg/protocol/handler.go:247 +0xf10
  github.com/luxfi/threshold/internal/test.(*Harness).CreateHandler()
      /Users/z/work/lux/threshold/internal/test/harness.go:91 +0x2e4
  github.com/luxfi/threshold/internal/test.RunProtocol()
      /Users/z/work/lux/threshold/internal/test/harness.go:270 +0x230
  github.com/luxfi/threshold/protocols/cmp_test.TestCMPBasicKeygen()
      /Users/z/work/lux/threshold/protocols/cmp/cmp_basic_test.go:35 +0x29c
  testing.tRunner()
      /opt/homebrew/Cellar/go/1.24.6/libexec/src/testing/testing.go:1792 +0x180
  testing.(*T).Run.gowrap1()
      /opt/homebrew/Cellar/go/1.24.6/libexec/src/testing/testing.go:1851 +0x40

Goroutine 267 (running) created at:
  github.com/luxfi/threshold/pkg/protocol.(*Handler).tryAdvanceRound()
      /Users/z/work/lux/threshold/pkg/protocol/handler.go:673 +0x12e4
  github.com/luxfi/threshold/pkg/protocol.(*Handler).processMessage()
      /Users/z/work/lux/threshold/pkg/protocol/handler.go:486 +0xbb0
  github.com/luxfi/threshold/pkg/protocol.(*Handler).messageWorker()
      /Users/z/work/lux/threshold/pkg/protocol/handler.go:408 +0x338
  github.com/luxfi/threshold/pkg/protocol.(*Handler).startWorkers.gowrap2()
      /Users/z/work/lux/threshold/pkg/protocol/handler.go:361 +0x44
==================
2025-08-15T22:14:00.197-0500	DEBUG	protocol/handler.go:581	tryAdvanceRound called	{"{current_round 20 3  <nil>}": {"Key":"self","Type":15,"Integer":0,"String":"b","Interface":null}}
2025-08-15T22:14:00.198-0500	DEBUG	protocol/handler.go:1591	have processed broadcast	{"{round 20 3  <nil>}": {"Key":"from","Type":15,"Integer":0,"String":"a","Interface":null}}
2025-08-15T22:14:00.198-0500	DEBUG	protocol/handler.go:1649	have all messages and processed	{"{round 20 3  <nil>}": {"Key":"self","Type":15,"Integer":0,"String":"b","Interface":null}}
2025-08-15T22:14:00.198-0500	DEBUG	protocol/handler.go:596	round already finalized
2025-08-15T22:14:00.210-0500	DEBUG	protocol/handler.go:581	tryAdvanceRound called	{"{current_round 20 1  <nil>}": {"Key":"self","Type":15,"Integer":0,"String":"b","Interface":null}}
2025-08-15T22:14:00.210-0500	DEBUG	protocol/handler.go:1649	have all messages and processed	{"{round 20 1  <nil>}": {"Key":"self","Type":15,"Integer":0,"String":"b","Interface":null}}
2025-08-15T22:14:00.210-0500	DEBUG	protocol/handler.go:596	round already finalized
2025-08-15T22:14:00.221-0500	DEBUG	protocol/handler.go:581	tryAdvanceRound called	{"{current_round 20 3  <nil>}": {"Key":"self","Type":15,"Integer":0,"String":"b","Interface":null}}
2025-08-15T22:14:00.221-0500	DEBUG	protocol/handler.go:1591	have processed broadcast	{"{round 20 3  <nil>}": {"Key":"from","Type":15,"Integer":0,"String":"a","Interface":null}}
2025-08-15T22:14:00.221-0500	DEBUG	protocol/handler.go:1649	have all messages and processed	{"{round 20 3  <nil>}": {"Key":"self","Type":15,"Integer":0,"String":"b","Interface":null}}
2025-08-15T22:14:00.221-0500	DEBUG	protocol/handler.go:596	round already finalized
2025-08-15T22:14:00.234-0500	DEBUG	protocol/handler.go:581	tryAdvanceRound called	{"{current_round 20 1  <nil>}": {"Key":"self","Type":15,"Integer":0,"String":"b","Interface":null}}
2025-08-15T22:14:00.234-0500	DEBUG	protocol/handler.go:1649	have all messages and processed	{"{round 20 1  <nil>}": {"Key":"self","Type":15,"Integer":0,"String":"b","Interface":null}}
2025-08-15T22:14:00.234-0500	DEBUG	protocol/handler.go:596	round already finalized
2025-08-15T22:14:00.246-0500	DEBUG	protocol/handler.go:581	tryAdvanceRound called	{"{current_round 20 3  <nil>}": {"Key":"self","Type":15,"Integer":0,"String":"b","Interface":null}}
2025-08-15T22:14:00.246-0500	DEBUG	protocol/handler.go:1591	have processed broadcast	{"{round 20 3  <nil>}": {"Key":"from","Type":15,"Integer":0,"String":"a","Interface":null}}
2025-08-15T22:14:00.246-0500	DEBUG	protocol/handler.go:1649	have all messages and processed	{"{round 20 3  <nil>}": {"Key":"self","Type":15,"Integer":0,"String":"b","Interface":null}}
2025-08-15T22:14:00.247-0500	DEBUG	protocol/handler.go:596	round already finalized
2025-08-15T22:14:00.247-0500	DEBUG	protocol/handler.go:581	tryAdvanceRound called	{"{current_round 20 3  <nil>}": {"Key":"self","Type":15,"Integer":0,"String":"b","Interface":null}}
2025-08-15T22:14:00.247-0500	DEBUG	protocol/handler.go:1591	have processed broadcast	{"{round 20 3  <nil>}": {"Key":"from","Type":15,"Integer":0,"String":"a","Interface":null}}
2025-08-15T22:14:00.247-0500	DEBUG	protocol/handler.go:1649	have all messages and processed	{"{round 20 3  <nil>}": {"Key":"self","Type":15,"Integer":0,"String":"b","Interface":null}}
2025-08-15T22:14:00.247-0500	DEBUG	protocol/handler.go:596	round already finalized
2025-08-15T22:14:00.262-0500	DEBUG	protocol/handler.go:581	tryAdvanceRound called	{"{current_round 20 1  <nil>}": {"Key":"self","Type":15,"Integer":0,"String":"b","Interface":null}}
2025-08-15T22:14:00.262-0500	DEBUG	protocol/handler.go:1649	have all messages and processed	{"{round 20 1  <nil>}": {"Key":"self","Type":15,"Integer":0,"String":"b","Interface":null}}
2025-08-15T22:14:00.262-0500	DEBUG	protocol/handler.go:596	round already finalized
2025-08-15T22:14:00.274-0500	DEBUG	protocol/handler.go:581	tryAdvanceRound called	{"{current_round 20 3  <nil>}": {"Key":"self","Type":15,"Integer":0,"String":"b","Interface":null}}
2025-08-15T22:14:00.274-0500	DEBUG	protocol/handler.go:1591	have processed broadcast	{"{round 20 3  <nil>}": {"Key":"from","Type":15,"Integer":0,"String":"a","Interface":null}}
2025-08-15T22:14:00.274-0500	DEBUG	protocol/handler.go:1649	have all messages and processed	{"{round 20 3  <nil>}": {"Key":"self","Type":15,"Integer":0,"String":"b","Interface":null}}
2025-08-15T22:14:00.274-0500	DEBUG	protocol/handler.go:596	round already finalized
2025-08-15T22:14:00.278-0500	DEBUG	protocol/handler.go:581	tryAdvanceRound called	{"{current_round 20 1  <nil>}": {"Key":"self","Type":15,"Integer":0,"String":"b","Interface":null}}
2025-08-15T22:14:00.299-0500	DEBUG	protocol/handler.go:1649	have all messages and processed	{"{round 20 1  <nil>}": {"Key":"self","Type":15,"Integer":0,"String":"b","Interface":null}}
2025-08-15T22:14:00.299-0500	DEBUG	protocol/handler.go:596	round already finalized
2025-08-15T22:14:00.299-0500	DEBUG	protocol/handler.go:581	tryAdvanceRound called	{"{current_round 20 1  <nil>}": {"Key":"self","Type":15,"Integer":0,"String":"b","Interface":null}}
2025-08-15T22:14:00.299-0500	DEBUG	protocol/handler.go:1649	have all messages and processed	{"{round 20 1  <nil>}": {"Key":"self","Type":15,"Integer":0,"String":"b","Interface":null}}
2025-08-15T22:14:00.299-0500	DEBUG	protocol/handler.go:596	round already finalized
2025-08-15T22:14:00.301-0500	DEBUG	protocol/handler.go:581	tryAdvanceRound called	{"{current_round 20 3  <nil>}": {"Key":"self","Type":15,"Integer":0,"String":"b","Interface":null}}
2025-08-15T22:14:00.301-0500	DEBUG	protocol/handler.go:1591	have processed broadcast	{"{round 20 3  <nil>}": {"Key":"from","Type":15,"Integer":0,"String":"a","Interface":null}}
2025-08-15T22:14:00.301-0500	DEBUG	protocol/handler.go:1649	have all messages and processed	{"{round 20 3  <nil>}": {"Key":"self","Type":15,"Integer":0,"String":"b","Interface":null}}
2025-08-15T22:14:00.301-0500	DEBUG	protocol/handler.go:596	round already finalized
2025-08-15T22:14:00.301-0500	DEBUG	protocol/handler.go:581	tryAdvanceRound called	{"{current_round 20 3  <nil>}": {"Key":"self","Type":15,"Integer":0,"String":"b","Interface":null}}
2025-08-15T22:14:00.301-0500	DEBUG	protocol/handler.go:1591	have processed broadcast	{"{round 20 3  <nil>}": {"Key":"from","Type":15,"Integer":0,"String":"a","Interface":null}}
2025-08-15T22:14:00.301-0500	DEBUG	protocol/handler.go:1649	have all messages and processed	{"{round 20 3  <nil>}": {"Key":"self","Type":15,"Integer":0,"String":"b","Interface":null}}
2025-08-15T22:14:00.301-0500	DEBUG	protocol/handler.go:596	round already finalized
2025-08-15T22:14:00.313-0500	DEBUG	protocol/handler.go:581	tryAdvanceRound called	{"{current_round 20 1  <nil>}": {"Key":"self","Type":15,"Integer":0,"String":"b","Interface":null}}
2025-08-15T22:14:00.313-0500	DEBUG	protocol/handler.go:1649	have all messages and processed	{"{round 20 1  <nil>}": {"Key":"self","Type":15,"Integer":0,"String":"b","Interface":null}}
2025-08-15T22:14:00.313-0500	DEBUG	protocol/handler.go:596	round already finalized
2025-08-15T22:14:00.313-0500	DEBUG	protocol/handler.go:1039	sendRoundMessage	{"{from 15 0 b <nil>}": {"Key":"to","Type":15,"Integer":0,"String":"","Interface":null}, "{round 20 2  <nil>}": {"Key":"broadcast","Type":4,"Integer":1,"String":"","Interface":null}}
2025-08-15T22:14:00.313-0500	DEBUG	protocol/handler.go:1657	storing broadcast	{"{round 20 2  <nil>}": {"Key":"from","Type":15,"Integer":0,"String":"b","Interface":null}}
2025-08-15T22:14:00.313-0500	DEBUG	protocol/handler.go:1081	sent message to output channel	{"{from 15 0 b <nil>}": {"Key":"to","Type":15,"Integer":0,"String":"","Interface":null}, "{round 20 2  <nil>}": {"Key":"broadcast","Type":4,"Integer":1,"String":"","Interface":null}}
2025-08-15T22:14:00.313-0500	DEBUG	protocol/handler.go:989	generated messages	{"{round 20 1  <nil>}": {"Key":"count","Type":11,"Integer":1,"String":"","Interface":null}}
2025-08-15T22:14:00.313-0500	DEBUG	protocol/handler.go:581	tryAdvanceRound called	{"{current_round 20 3  <nil>}": {"Key":"self","Type":15,"Integer":0,"String":"b","Interface":null}}
2025-08-15T22:14:00.313-0500	INFO	protocol/handler.go:1000	stored next round after initialization	{"{from 20 1  <nil>}": {"Key":"next","Type":20,"Integer":2,"String":"","Interface":null}}
2025-08-15T22:14:00.313-0500	DEBUG	protocol/handler.go:1591	have processed broadcast	{"{round 20 3  <nil>}": {"Key":"from","Type":15,"Integer":0,"String":"a","Interface":null}}
2025-08-15T22:14:00.314-0500	DEBUG	protocol/handler.go:1649	have all messages and processed	{"{round 20 3  <nil>}": {"Key":"self","Type":15,"Integer":0,"String":"b","Interface":null}}
2025-08-15T22:14:00.314-0500	DEBUG	protocol/handler.go:437	processing message	{"{from 15 0 b <nil>}": {"Key":"to","Type":15,"Integer":0,"String":"","Interface":null}, "{round 20 2  <nil>}": {"Key":"broadcast","Type":4,"Integer":1,"String":"","Interface":null}}
2025-08-15T22:14:00.314-0500	DEBUG	protocol/handler.go:596	round already finalized
2025-08-15T22:14:00.314-0500	DEBUG	protocol/handler.go:1657	storing broadcast	{"{round 20 2  <nil>}": {"Key":"from","Type":15,"Integer":0,"String":"b","Interface":null}}
2025-08-15T22:14:00.314-0500	DEBUG	protocol/handler.go:470	message for different round (buffering)	{"{msg_round 20 2  <nil>}": {"Key":"current_round","Type":20,"Integer":1,"String":"","Interface":null}}
2025-08-15T22:14:00.314-0500	DEBUG	protocol/handler.go:581	tryAdvanceRound called	{"{current_round 20 1  <nil>}": {"Key":"self","Type":15,"Integer":0,"String":"a","Interface":null}}
2025-08-15T22:14:00.314-0500	DEBUG	protocol/handler.go:1649	have all messages and processed	{"{round 20 1  <nil>}": {"Key":"self","Type":15,"Integer":0,"String":"a","Interface":null}}
2025-08-15T22:14:00.314-0500	DEBUG	protocol/handler.go:596	round already finalized
2025-08-15T22:14:00.316-0500	DEBUG	protocol/handler.go:581	tryAdvanceRound called	{"{current_round 20 1  <nil>}": {"Key":"self","Type":15,"Integer":0,"String":"b","Interface":null}}
2025-08-15T22:14:00.316-0500	DEBUG	protocol/handler.go:1649	have all messages and processed	{"{round 20 1  <nil>}": {"Key":"self","Type":15,"Integer":0,"String":"b","Interface":null}}
2025-08-15T22:14:00.316-0500	DEBUG	protocol/handler.go:596	round already finalized
2025-08-15T22:14:00.316-0500	INFO	protocol/handler.go:611	advancing to next round (already initialized)	{"{from 20 1  <nil>}": {"Key":"to","Type":20,"Integer":2,"String":"","Interface":null}}
2025-08-15T22:14:00.330-0500	DEBUG	protocol/handler.go:581	tryAdvanceRound called	{"{current_round 20 3  <nil>}": {"Key":"self","Type":15,"Integer":0,"String":"b","Interface":null}}
2025-08-15T22:14:00.331-0500	DEBUG	protocol/handler.go:1591	have processed broadcast	{"{round 20 3  <nil>}": {"Key":"from","Type":15,"Integer":0,"String":"a","Interface":null}}
2025-08-15T22:14:00.331-0500	DEBUG	protocol/handler.go:1649	have all messages and processed	{"{round 20 3  <nil>}": {"Key":"self","Type":15,"Integer":0,"String":"b","Interface":null}}
2025-08-15T22:14:00.331-0500	DEBUG	protocol/handler.go:596	round already finalized
2025-08-15T22:14:00.331-0500	INFO	protocol/handler.go:560	advanced to round
2025-08-15T22:14:00.331-0500	DEBUG	protocol/handler.go:581	tryAdvanceRound called	{"{current_round 20 2  <nil>}": {"Key":"self","Type":15,"Integer":0,"String":"b","Interface":null}}
2025-08-15T22:14:00.331-0500	DEBUG	protocol/handler.go:1600	waiting for broadcasts	{"{round 20 2  <nil>}": {"Key":"missing","Type":15,"Integer":0,"String":"[a]","Interface":null}}
2025-08-15T22:14:00.336-0500	DEBUG	protocol/handler.go:581	tryAdvanceRound called	{"{current_round 20 2  <nil>}": {"Key":"self","Type":15,"Integer":0,"String":"b","Interface":null}}
2025-08-15T22:14:00.336-0500	DEBUG	protocol/handler.go:1600	waiting for broadcasts	{"{round 20 2  <nil>}": {"Key":"missing","Type":15,"Integer":0,"String":"[a]","Interface":null}}
2025-08-15T22:14:00.338-0500	DEBUG	protocol/handler.go:581	tryAdvanceRound called	{"{current_round 20 2  <nil>}": {"Key":"self","Type":15,"Integer":0,"String":"b","Interface":null}}
2025-08-15T22:14:00.338-0500	DEBUG	protocol/handler.go:1600	waiting for broadcasts	{"{round 20 2  <nil>}": {"Key":"missing","Type":15,"Integer":0,"String":"[a]","Interface":null}}
2025-08-15T22:14:00.352-0500	DEBUG	protocol/handler.go:581	tryAdvanceRound called	{"{current_round 20 3  <nil>}": {"Key":"self","Type":15,"Integer":0,"String":"b","Interface":null}}
2025-08-15T22:14:00.353-0500	DEBUG	protocol/handler.go:1591	have processed broadcast	{"{round 20 3  <nil>}": {"Key":"from","Type":15,"Integer":0,"String":"a","Interface":null}}
2025-08-15T22:14:00.353-0500	DEBUG	protocol/handler.go:1649	have all messages and processed	{"{round 20 3  <nil>}": {"Key":"self","Type":15,"Integer":0,"String":"b","Interface":null}}
2025-08-15T22:14:00.353-0500	DEBUG	protocol/handler.go:596	round already finalized
2025-08-15T22:14:00.358-0500	DEBUG	protocol/handler.go:581	tryAdvanceRound called	{"{current_round 20 2  <nil>}": {"Key":"self","Type":15,"Integer":0,"String":"b","Interface":null}}
2025-08-15T22:14:00.358-0500	DEBUG	protocol/handler.go:1600	waiting for broadcasts	{"{round 20 2  <nil>}": {"Key":"missing","Type":15,"Integer":0,"String":"[a]","Interface":null}}
2025-08-15T22:14:00.369-0500	DEBUG	protocol/handler.go:581	tryAdvanceRound called	{"{current_round 20 3  <nil>}": {"Key":"self","Type":15,"Integer":0,"String":"b","Interface":null}}
2025-08-15T22:14:00.369-0500	DEBUG	protocol/handler.go:1591	have processed broadcast	{"{round 20 3  <nil>}": {"Key":"from","Type":15,"Integer":0,"String":"a","Interface":null}}
2025-08-15T22:14:00.369-0500	DEBUG	protocol/handler.go:1649	have all messages and processed	{"{round 20 3  <nil>}": {"Key":"self","Type":15,"Integer":0,"String":"b","Interface":null}}
2025-08-15T22:14:00.369-0500	DEBUG	protocol/handler.go:596	round already finalized
2025-08-15T22:14:00.381-0500	DEBUG	protocol/handler.go:581	tryAdvanceRound called	{"{current_round 20 2  <nil>}": {"Key":"self","Type":15,"Integer":0,"String":"b","Interface":null}}
2025-08-15T22:14:00.382-0500	DEBUG	protocol/handler.go:1600	waiting for broadcasts	{"{round 20 2  <nil>}": {"Key":"missing","Type":15,"Integer":0,"String":"[a]","Interface":null}}
2025-08-15T22:14:00.386-0500	DEBUG	protocol/handler.go:581	tryAdvanceRound called	{"{current_round 20 2  <nil>}": {"Key":"self","Type":15,"Integer":0,"String":"b","Interface":null}}
2025-08-15T22:14:00.386-0500	DEBUG	protocol/handler.go:1600	waiting for broadcasts	{"{round 20 2  <nil>}": {"Key":"missing","Type":15,"Integer":0,"String":"[a]","Interface":null}}
2025-08-15T22:14:00.406-0500	DEBUG	protocol/handler.go:581	tryAdvanceRound called	{"{current_round 20 3  <nil>}": {"Key":"self","Type":15,"Integer":0,"String":"b","Interface":null}}
2025-08-15T22:14:00.406-0500	DEBUG	protocol/handler.go:1591	have processed broadcast	{"{round 20 3  <nil>}": {"Key":"from","Type":15,"Integer":0,"String":"a","Interface":null}}
2025-08-15T22:14:00.406-0500	DEBUG	protocol/handler.go:1649	have all messages and processed	{"{round 20 3  <nil>}": {"Key":"self","Type":15,"Integer":0,"String":"b","Interface":null}}
2025-08-15T22:14:00.406-0500	DEBUG	protocol/handler.go:596	round already finalized
2025-08-15T22:14:00.406-0500	DEBUG	protocol/handler.go:581	tryAdvanceRound called	{"{current_round 20 3  <nil>}": {"Key":"self","Type":15,"Integer":0,"String":"b","Interface":null}}
2025-08-15T22:14:00.407-0500	DEBUG	protocol/handler.go:1591	have processed broadcast	{"{round 20 3  <nil>}": {"Key":"from","Type":15,"Integer":0,"String":"a","Interface":null}}
2025-08-15T22:14:00.410-0500	DEBUG	protocol/handler.go:1649	have all messages and processed	{"{round 20 3  <nil>}": {"Key":"self","Type":15,"Integer":0,"String":"b","Interface":null}}
2025-08-15T22:14:00.410-0500	DEBUG	protocol/handler.go:596	round already finalized
2025-08-15T22:14:00.416-0500	DEBUG	protocol/handler.go:581	tryAdvanceRound called	{"{current_round 20 3  <nil>}": {"Key":"self","Type":15,"Integer":0,"String":"b","Interface":null}}
2025-08-15T22:14:00.416-0500	DEBUG	protocol/handler.go:1591	have processed broadcast	{"{round 20 3  <nil>}": {"Key":"from","Type":15,"Integer":0,"String":"a","Interface":null}}
2025-08-15T22:14:00.416-0500	DEBUG	protocol/handler.go:1649	have all messages and processed	{"{round 20 3  <nil>}": {"Key":"self","Type":15,"Integer":0,"String":"b","Interface":null}}
2025-08-15T22:14:00.416-0500	DEBUG	protocol/handler.go:596	round already finalized
2025-08-15T22:14:00.416-0500	DEBUG	protocol/handler.go:581	tryAdvanceRound called	{"{current_round 20 3  <nil>}": {"Key":"self","Type":15,"Integer":0,"String":"b","Interface":null}}
2025-08-15T22:14:00.416-0500	DEBUG	protocol/handler.go:1591	have processed broadcast	{"{round 20 3  <nil>}": {"Key":"from","Type":15,"Integer":0,"String":"a","Interface":null}}
2025-08-15T22:14:00.417-0500	DEBUG	protocol/handler.go:1649	have all messages and processed	{"{round 20 3  <nil>}": {"Key":"self","Type":15,"Integer":0,"String":"b","Interface":null}}
2025-08-15T22:14:00.417-0500	DEBUG	protocol/handler.go:596	round already finalized
2025-08-15T22:14:00.407-0500	DEBUG	protocol/handler.go:581	tryAdvanceRound called	{"{current_round 20 2  <nil>}": {"Key":"self","Type":15,"Integer":0,"String":"b","Interface":null}}
2025-08-15T22:14:00.417-0500	DEBUG	protocol/handler.go:1600	waiting for broadcasts	{"{round 20 2  <nil>}": {"Key":"missing","Type":15,"Integer":0,"String":"[a]","Interface":null}}
2025-08-15T22:14:00.417-0500	DEBUG	protocol/handler.go:581	tryAdvanceRound called	{"{current_round 20 2  <nil>}": {"Key":"self","Type":15,"Integer":0,"String":"b","Interface":null}}
2025-08-15T22:14:00.417-0500	DEBUG	protocol/handler.go:1600	waiting for broadcasts	{"{round 20 2  <nil>}": {"Key":"missing","Type":15,"Integer":0,"String":"[a]","Interface":null}}
2025-08-15T22:14:00.423-0500	DEBUG	protocol/handler.go:1039	sendRoundMessage	{"{from 15 0 a <nil>}": {"Key":"to","Type":15,"Integer":0,"String":"","Interface":null}, "{round 20 2  <nil>}": {"Key":"broadcast","Type":4,"Integer":1,"String":"","Interface":null}}
2025-08-15T22:14:00.423-0500	DEBUG	protocol/handler.go:1657	storing broadcast	{"{round 20 2  <nil>}": {"Key":"from","Type":15,"Integer":0,"String":"a","Interface":null}}
2025-08-15T22:14:00.424-0500	DEBUG	protocol/handler.go:1081	sent message to output channel	{"{from 15 0 a <nil>}": {"Key":"to","Type":15,"Integer":0,"String":"","Interface":null}, "{round 20 2  <nil>}": {"Key":"broadcast","Type":4,"Integer":1,"String":"","Interface":null}}
2025-08-15T22:14:00.424-0500	DEBUG	protocol/handler.go:1182	finalized round messages	{"{round 20 1  <nil>}": {"Key":"messages","Type":11,"Integer":1,"String":"","Interface":null}}
2025-08-15T22:14:00.424-0500	DEBUG	protocol/handler.go:1239	finalize returned next round	{"{current 20 1  <nil>}": {"Key":"next","Type":20,"Integer":2,"String":"","Interface":null}}
2025-08-15T22:14:00.424-0500	INFO	protocol/handler.go:642	storing new currentRound	{"{from 20 1  <nil>}": {"Key":"to","Type":20,"Integer":2,"String":"","Interface":null}}
2025-08-15T22:14:00.424-0500	DEBUG	protocol/handler.go:1503	processing queued messages
2025-08-15T22:14:00.424-0500	INFO	protocol/handler.go:560	advanced to round
2025-08-15T22:14:00.424-0500	DEBUG	protocol/handler.go:581	tryAdvanceRound called	{"{current_round 20 2  <nil>}": {"Key":"self","Type":15,"Integer":0,"String":"a","Interface":null}}
2025-08-15T22:14:00.424-0500	DEBUG	protocol/handler.go:1591	have processed broadcast	{"{round 20 2  <nil>}": {"Key":"from","Type":15,"Integer":0,"String":"b","Interface":null}}
2025-08-15T22:14:00.424-0500	DEBUG	protocol/handler.go:1649	have all messages and processed	{"{round 20 2  <nil>}": {"Key":"self","Type":15,"Integer":0,"String":"a","Interface":null}}
2025-08-15T22:14:00.424-0500	DEBUG	protocol/handler.go:619	finalizing round
2025-08-15T22:14:00.424-0500	DEBUG	protocol/handler.go:1503	processing queued messages
2025-08-15T22:14:00.424-0500	DEBUG	protocol/handler.go:1039	sendRoundMessage	{"{from 15 0 a <nil>}": {"Key":"to","Type":15,"Integer":0,"String":"","Interface":null}, "{round 20 3  <nil>}": {"Key":"broadcast","Type":4,"Integer":1,"String":"","Interface":null}}
2025-08-15T22:14:00.425-0500	DEBUG	protocol/handler.go:1657	storing broadcast	{"{round 20 3  <nil>}": {"Key":"from","Type":15,"Integer":0,"String":"a","Interface":null}}
2025-08-15T22:14:00.425-0500	DEBUG	protocol/handler.go:1081	sent message to output channel	{"{from 15 0 a <nil>}": {"Key":"to","Type":15,"Integer":0,"String":"","Interface":null}, "{round 20 3  <nil>}": {"Key":"broadcast","Type":4,"Integer":1,"String":"","Interface":null}}
2025-08-15T22:14:00.425-0500	DEBUG	protocol/handler.go:1182	finalized round messages	{"{round 20 2  <nil>}": {"Key":"messages","Type":11,"Integer":1,"String":"","Interface":null}}
2025-08-15T22:14:00.425-0500	DEBUG	protocol/handler.go:1239	finalize returned next round	{"{current 20 2  <nil>}": {"Key":"next","Type":20,"Integer":3,"String":"","Interface":null}}
2025-08-15T22:14:00.425-0500	INFO	protocol/handler.go:642	storing new currentRound	{"{from 20 2  <nil>}": {"Key":"to","Type":20,"Integer":3,"String":"","Interface":null}}
2025-08-15T22:14:00.425-0500	DEBUG	protocol/handler.go:1503	processing queued messages
2025-08-15T22:14:00.425-0500	DEBUG	protocol/handler.go:1503	processing queued messages
2025-08-15T22:14:00.425-0500	DEBUG	protocol/handler.go:437	processing message	{"{from 15 0 a <nil>}": {"Key":"to","Type":15,"Integer":0,"String":"","Interface":null}, "{round 20 2  <nil>}": {"Key":"broadcast","Type":4,"Integer":1,"String":"","Interface":null}}
2025-08-15T22:14:00.425-0500	DEBUG	protocol/handler.go:1657	storing broadcast	{"{round 20 2  <nil>}": {"Key":"from","Type":15,"Integer":0,"String":"a","Interface":null}}
2025-08-15T22:14:00.425-0500	DEBUG	protocol/handler.go:581	tryAdvanceRound called	{"{current_round 20 2  <nil>}": {"Key":"self","Type":15,"Integer":0,"String":"b","Interface":null}}
2025-08-15T22:14:00.425-0500	DEBUG	protocol/handler.go:1591	have processed broadcast	{"{round 20 2  <nil>}": {"Key":"from","Type":15,"Integer":0,"String":"a","Interface":null}}
2025-08-15T22:14:00.425-0500	DEBUG	protocol/handler.go:1649	have all messages and processed	{"{round 20 2  <nil>}": {"Key":"self","Type":15,"Integer":0,"String":"b","Interface":null}}
2025-08-15T22:14:00.425-0500	DEBUG	protocol/handler.go:619	finalizing round
2025-08-15T22:14:00.425-0500	DEBUG	protocol/handler.go:1039	sendRoundMessage	{"{from 15 0 b <nil>}": {"Key":"to","Type":15,"Integer":0,"String":"","Interface":null}, "{round 20 3  <nil>}": {"Key":"broadcast","Type":4,"Integer":1,"String":"","Interface":null}}
2025-08-15T22:14:00.426-0500	DEBUG	protocol/handler.go:1657	storing broadcast	{"{round 20 3  <nil>}": {"Key":"from","Type":15,"Integer":0,"String":"b","Interface":null}}
2025-08-15T22:14:00.426-0500	DEBUG	protocol/handler.go:1081	sent message to output channel	{"{from 15 0 b <nil>}": {"Key":"to","Type":15,"Integer":0,"String":"","Interface":null}, "{round 20 3  <nil>}": {"Key":"broadcast","Type":4,"Integer":1,"String":"","Interface":null}}
2025-08-15T22:14:00.426-0500	DEBUG	protocol/handler.go:1182	finalized round messages	{"{round 20 2  <nil>}": {"Key":"messages","Type":11,"Integer":1,"String":"","Interface":null}}
2025-08-15T22:14:00.426-0500	DEBUG	protocol/handler.go:1239	finalize returned next round	{"{current 20 2  <nil>}": {"Key":"next","Type":20,"Integer":3,"String":"","Interface":null}}
2025-08-15T22:14:00.426-0500	INFO	protocol/handler.go:642	storing new currentRound	{"{from 20 2  <nil>}": {"Key":"to","Type":20,"Integer":3,"String":"","Interface":null}}
2025-08-15T22:14:00.426-0500	DEBUG	protocol/handler.go:1503	processing queued messages
2025-08-15T22:14:00.426-0500	DEBUG	protocol/handler.go:1503	processing queued messages
2025-08-15T22:14:00.427-0500	DEBUG	protocol/handler.go:437	processing message	{"{from 15 0 a <nil>}": {"Key":"to","Type":15,"Integer":0,"String":"","Interface":null}, "{round 20 3  <nil>}": {"Key":"broadcast","Type":4,"Integer":1,"String":"","Interface":null}}
2025-08-15T22:14:00.427-0500	DEBUG	protocol/handler.go:1657	storing broadcast	{"{round 20 3  <nil>}": {"Key":"from","Type":15,"Integer":0,"String":"a","Interface":null}}
2025-08-15T22:14:00.431-0500	DEBUG	protocol/handler.go:581	tryAdvanceRound called	{"{current_round 20 3  <nil>}": {"Key":"self","Type":15,"Integer":0,"String":"b","Interface":null}}
2025-08-15T22:14:00.431-0500	DEBUG	protocol/handler.go:1591	have processed broadcast	{"{round 20 3  <nil>}": {"Key":"from","Type":15,"Integer":0,"String":"a","Interface":null}}
2025-08-15T22:14:00.431-0500	DEBUG	protocol/handler.go:1649	have all messages and processed	{"{round 20 3  <nil>}": {"Key":"self","Type":15,"Integer":0,"String":"b","Interface":null}}
2025-08-15T22:14:00.431-0500	DEBUG	protocol/handler.go:596	round already finalized
2025-08-15T22:14:00.431-0500	INFO	protocol/handler.go:560	advanced to round
2025-08-15T22:14:00.431-0500	DEBUG	protocol/handler.go:581	tryAdvanceRound called	{"{current_round 20 3  <nil>}": {"Key":"self","Type":15,"Integer":0,"String":"b","Interface":null}}
2025-08-15T22:14:00.436-0500	DEBUG	protocol/handler.go:1591	have processed broadcast	{"{round 20 3  <nil>}": {"Key":"from","Type":15,"Integer":0,"String":"a","Interface":null}}
2025-08-15T22:14:00.436-0500	DEBUG	protocol/handler.go:1649	have all messages and processed	{"{round 20 3  <nil>}": {"Key":"self","Type":15,"Integer":0,"String":"b","Interface":null}}
2025-08-15T22:14:00.436-0500	DEBUG	protocol/handler.go:619	finalizing round
2025-08-15T22:14:00.443-0500	INFO	protocol/handler.go:560	advanced to round
2025-08-15T22:14:00.443-0500	DEBUG	protocol/handler.go:581	tryAdvanceRound called	{"{current_round 20 3  <nil>}": {"Key":"self","Type":15,"Integer":0,"String":"a","Interface":null}}
2025-08-15T22:14:00.443-0500	DEBUG	protocol/handler.go:1600	waiting for broadcasts	{"{round 20 3  <nil>}": {"Key":"missing","Type":15,"Integer":0,"String":"[b]","Interface":null}}
2025-08-15T22:14:00.443-0500	DEBUG	protocol/handler.go:437	processing message	{"{from 15 0 b <nil>}": {"Key":"to","Type":15,"Integer":0,"String":"","Interface":null}, "{round 20 3  <nil>}": {"Key":"broadcast","Type":4,"Integer":1,"String":"","Interface":null}}
2025-08-15T22:14:00.443-0500	DEBUG	protocol/handler.go:1657	storing broadcast	{"{round 20 3  <nil>}": {"Key":"from","Type":15,"Integer":0,"String":"b","Interface":null}}
2025-08-15T22:14:00.450-0500	DEBUG	protocol/handler.go:581	tryAdvanceRound called	{"{current_round 20 3  <nil>}": {"Key":"self","Type":15,"Integer":0,"String":"b","Interface":null}}
2025-08-15T22:14:00.450-0500	DEBUG	protocol/handler.go:1591	have processed broadcast	{"{round 20 3  <nil>}": {"Key":"from","Type":15,"Integer":0,"String":"a","Interface":null}}
2025-08-15T22:14:00.450-0500	DEBUG	protocol/handler.go:1649	have all messages and processed	{"{round 20 3  <nil>}": {"Key":"self","Type":15,"Integer":0,"String":"b","Interface":null}}
2025-08-15T22:14:00.450-0500	DEBUG	protocol/handler.go:596	round already finalized
2025-08-15T22:14:00.450-0500	DEBUG	protocol/handler.go:581	tryAdvanceRound called	{"{current_round 20 3  <nil>}": {"Key":"self","Type":15,"Integer":0,"String":"b","Interface":null}}
2025-08-15T22:14:00.450-0500	DEBUG	protocol/handler.go:1591	have processed broadcast	{"{round 20 3  <nil>}": {"Key":"from","Type":15,"Integer":0,"String":"a","Interface":null}}
2025-08-15T22:14:00.450-0500	DEBUG	protocol/handler.go:1649	have all messages and processed	{"{round 20 3  <nil>}": {"Key":"self","Type":15,"Integer":0,"String":"b","Interface":null}}
2025-08-15T22:14:00.450-0500	DEBUG	protocol/handler.go:596	round already finalized
2025-08-15T22:14:00.454-0500	DEBUG	protocol/handler.go:581	tryAdvanceRound called	{"{current_round 20 3  <nil>}": {"Key":"self","Type":15,"Integer":0,"String":"a","Interface":null}}
2025-08-15T22:14:00.454-0500	DEBUG	protocol/handler.go:1591	have processed broadcast	{"{round 20 3  <nil>}": {"Key":"from","Type":15,"Integer":0,"String":"b","Interface":null}}
2025-08-15T22:14:00.454-0500	DEBUG	protocol/handler.go:1649	have all messages and processed	{"{round 20 3  <nil>}": {"Key":"self","Type":15,"Integer":0,"String":"a","Interface":null}}
2025-08-15T22:14:00.454-0500	DEBUG	protocol/handler.go:619	finalizing round
2025-08-15T22:14:00.455-0500	DEBUG	protocol/handler.go:581	tryAdvanceRound called	{"{current_round 20 3  <nil>}": {"Key":"self","Type":15,"Integer":0,"String":"b","Interface":null}}
2025-08-15T22:14:00.456-0500	DEBUG	protocol/handler.go:1591	have processed broadcast	{"{round 20 3  <nil>}": {"Key":"from","Type":15,"Integer":0,"String":"a","Interface":null}}
2025-08-15T22:14:00.456-0500	DEBUG	protocol/handler.go:1649	have all messages and processed	{"{round 20 3  <nil>}": {"Key":"self","Type":15,"Integer":0,"String":"b","Interface":null}}
2025-08-15T22:14:00.456-0500	DEBUG	protocol/handler.go:596	round already finalized
2025-08-15T22:14:00.465-0500	DEBUG	protocol/handler.go:581	tryAdvanceRound called	{"{current_round 20 3  <nil>}": {"Key":"self","Type":15,"Integer":0,"String":"b","Interface":null}}
2025-08-15T22:14:00.465-0500	DEBUG	protocol/handler.go:1591	have processed broadcast	{"{round 20 3  <nil>}": {"Key":"from","Type":15,"Integer":0,"String":"a","Interface":null}}
2025-08-15T22:14:00.465-0500	DEBUG	protocol/handler.go:1649	have all messages and processed	{"{round 20 3  <nil>}": {"Key":"self","Type":15,"Integer":0,"String":"b","Interface":null}}
2025-08-15T22:14:00.465-0500	DEBUG	protocol/handler.go:596	round already finalized
2025-08-15T22:14:00.472-0500	DEBUG	protocol/handler.go:581	tryAdvanceRound called	{"{current_round 20 3  <nil>}": {"Key":"self","Type":15,"Integer":0,"String":"a","Interface":null}}
2025-08-15T22:14:00.472-0500	DEBUG	protocol/handler.go:1591	have processed broadcast	{"{round 20 3  <nil>}": {"Key":"from","Type":15,"Integer":0,"String":"b","Interface":null}}
2025-08-15T22:14:00.472-0500	DEBUG	protocol/handler.go:1649	have all messages and processed	{"{round 20 3  <nil>}": {"Key":"self","Type":15,"Integer":0,"String":"a","Interface":null}}
2025-08-15T22:14:00.472-0500	DEBUG	protocol/handler.go:596	round already finalized
2025-08-15T22:14:00.473-0500	DEBUG	protocol/handler.go:581	tryAdvanceRound called	{"{current_round 20 3  <nil>}": {"Key":"self","Type":15,"Integer":0,"String":"a","Interface":null}}
2025-08-15T22:14:00.473-0500	DEBUG	protocol/handler.go:1591	have processed broadcast	{"{round 20 3  <nil>}": {"Key":"from","Type":15,"Integer":0,"String":"b","Interface":null}}
2025-08-15T22:14:00.473-0500	DEBUG	protocol/handler.go:1649	have all messages and processed	{"{round 20 3  <nil>}": {"Key":"self","Type":15,"Integer":0,"String":"a","Interface":null}}
2025-08-15T22:14:00.473-0500	DEBUG	protocol/handler.go:596	round already finalized
==================
WARNING: DATA RACE
Read at 0x00c00010c9f8 by goroutine 267:
  github.com/cronokirby/saferith.shiftAddIn()
      /Users/z/go/pkg/mod/github.com/cronokirby/saferith@v0.33.0/num.go:793 +0x360
  github.com/cronokirby/saferith.(*Nat).Mod()
      /Users/z/go/pkg/mod/github.com/cronokirby/saferith@v0.33.0/num.go:889 +0x2d0
  github.com/cronokirby/saferith.(*Nat).ModMul()
      /Users/z/go/pkg/mod/github.com/cronokirby/saferith@v0.33.0/num.go:1185 +0xac
  github.com/luxfi/threshold/pkg/math/arith.(*Modulus).Exp()
      /Users/z/work/lux/threshold/pkg/math/arith/modulus.go:55 +0x168
  github.com/luxfi/threshold/pkg/zk/fac.(*Proof).Verify()
      /Users/z/work/lux/threshold/pkg/zk/fac/fac.go:122 +0x28c
  github.com/luxfi/threshold/protocols/cmp/keygen.(*round4).VerifyMessage()
      /Users/z/work/lux/threshold/protocols/cmp/keygen/round4.go:139 +0x368
  github.com/luxfi/threshold/pkg/protocol.(*Handler).verifyNormalForRound()
      /Users/z/work/lux/threshold/pkg/protocol/handler.go:1331 +0x348
  github.com/luxfi/threshold/pkg/protocol.(*Handler).processQueuedMessages()
      /Users/z/work/lux/threshold/pkg/protocol/handler.go:1556 +0x550
  github.com/luxfi/threshold/pkg/protocol.(*Handler).tryAdvanceRound.gowrap2()
      /Users/z/work/lux/threshold/pkg/protocol/handler.go:673 +0x40

Previous write at 0x00c00010c9f8 by goroutine 112:
  github.com/cronokirby/saferith.maskEnd()
      /Users/z/go/pkg/mod/github.com/cronokirby/saferith@v0.33.0/num.go:261 +0x1cc
  github.com/cronokirby/saferith.(*Nat).resizedLimbs()
      /Users/z/go/pkg/mod/github.com/cronokirby/saferith@v0.33.0/num.go:252 +0x16c
  github.com/cronokirby/saferith.(*Nat).Cmp()
      /Users/z/go/pkg/mod/github.com/cronokirby/saferith@v0.33.0/num.go:1411 +0x90
  github.com/cronokirby/saferith.(*Nat).CmpMod()
      /Users/z/go/pkg/mod/github.com/cronokirby/saferith@v0.33.0/num.go:1430 +0x74
  github.com/luxfi/threshold/pkg/math/arith.IsValidNatModN()
      /Users/z/work/lux/threshold/pkg/math/arith/int.go:16 +0x78
  github.com/luxfi/threshold/pkg/pedersen.Parameters.Verify()
      /Users/z/work/lux/threshold/pkg/pedersen/pedersen.go:91 +0xc0
  github.com/luxfi/threshold/pkg/zk/fac.(*Proof).Verify()
      /Users/z/work/lux/threshold/pkg/zk/fac/fac.go:111 +0x170
  github.com/luxfi/threshold/protocols/cmp/keygen.(*round4).VerifyMessage()
      /Users/z/work/lux/threshold/protocols/cmp/keygen/round4.go:139 +0x368
  github.com/luxfi/threshold/pkg/protocol.(*Handler).verifyNormalForRound()
      /Users/z/work/lux/threshold/pkg/protocol/handler.go:1331 +0x348
  github.com/luxfi/threshold/pkg/protocol.(*Handler).retryUnprocessedMessages()
      /Users/z/work/lux/threshold/pkg/protocol/handler.go:1496 +0x3a0
  github.com/luxfi/threshold/pkg/protocol.(*Handler).tryAdvanceRound()
      /Users/z/work/lux/threshold/pkg/protocol/handler.go:587 +0x28c
  github.com/luxfi/threshold/pkg/protocol.(*Handler).processMessage()
      /Users/z/work/lux/threshold/pkg/protocol/handler.go:486 +0xbb0
  github.com/luxfi/threshold/pkg/protocol.(*Handler).messageWorker()
      /Users/z/work/lux/threshold/pkg/protocol/handler.go:408 +0x338
  github.com/luxfi/threshold/pkg/protocol.(*Handler).startWorkers.gowrap1()
      /Users/z/work/lux/threshold/pkg/protocol/handler.go:355 +0x44

Goroutine 267 (running) created at:
  github.com/luxfi/threshold/pkg/protocol.(*Handler).tryAdvanceRound()
      /Users/z/work/lux/threshold/pkg/protocol/handler.go:673 +0x12e4
  github.com/luxfi/threshold/pkg/protocol.(*Handler).processMessage()
      /Users/z/work/lux/threshold/pkg/protocol/handler.go:486 +0xbb0
  github.com/luxfi/threshold/pkg/protocol.(*Handler).messageWorker()
      /Users/z/work/lux/threshold/pkg/protocol/handler.go:408 +0x338
  github.com/luxfi/threshold/pkg/protocol.(*Handler).startWorkers.gowrap2()
      /Users/z/work/lux/threshold/pkg/protocol/handler.go:361 +0x44

Goroutine 112 (running) created at:
  github.com/luxfi/threshold/pkg/protocol.(*Handler).startWorkers()
      /Users/z/work/lux/threshold/pkg/protocol/handler.go:355 +0x27c
  github.com/luxfi/threshold/pkg/protocol.NewHandler()
      /Users/z/work/lux/threshold/pkg/protocol/handler.go:247 +0xf10
  github.com/luxfi/threshold/internal/test.(*Harness).CreateHandler()
      /Users/z/work/lux/threshold/internal/test/harness.go:91 +0x2e4
  github.com/luxfi/threshold/internal/test.RunProtocol()
      /Users/z/work/lux/threshold/internal/test/harness.go:270 +0x230
  github.com/luxfi/threshold/protocols/cmp_test.TestCMPBasicKeygen()
      /Users/z/work/lux/threshold/protocols/cmp/cmp_basic_test.go:35 +0x29c
  testing.tRunner()
      /opt/homebrew/Cellar/go/1.24.6/libexec/src/testing/testing.go:1792 +0x180
  testing.(*T).Run.gowrap1()
      /opt/homebrew/Cellar/go/1.24.6/libexec/src/testing/testing.go:1851 +0x40
==================
2025-08-15T22:14:00.523-0500	DEBUG	protocol/handler.go:581	tryAdvanceRound called	{"{current_round 20 3  <nil>}": {"Key":"self","Type":15,"Integer":0,"String":"b","Interface":null}}
2025-08-15T22:14:00.523-0500	DEBUG	protocol/handler.go:1591	have processed broadcast	{"{round 20 3  <nil>}": {"Key":"from","Type":15,"Integer":0,"String":"a","Interface":null}}
2025-08-15T22:14:00.523-0500	DEBUG	protocol/handler.go:1649	have all messages and processed	{"{round 20 3  <nil>}": {"Key":"self","Type":15,"Integer":0,"String":"b","Interface":null}}
2025-08-15T22:14:00.523-0500	DEBUG	protocol/handler.go:596	round already finalized
2025-08-15T22:14:00.523-0500	DEBUG	protocol/handler.go:581	tryAdvanceRound called	{"{current_round 20 3  <nil>}": {"Key":"self","Type":15,"Integer":0,"String":"b","Interface":null}}
2025-08-15T22:14:00.523-0500	DEBUG	protocol/handler.go:1591	have processed broadcast	{"{round 20 3  <nil>}": {"Key":"from","Type":15,"Integer":0,"String":"a","Interface":null}}
2025-08-15T22:14:00.523-0500	DEBUG	protocol/handler.go:1649	have all messages and processed	{"{round 20 3  <nil>}": {"Key":"self","Type":15,"Integer":0,"String":"b","Interface":null}}
2025-08-15T22:14:00.523-0500	DEBUG	protocol/handler.go:596	round already finalized
2025-08-15T22:14:00.560-0500	DEBUG	protocol/handler.go:581	tryAdvanceRound called	{"{current_round 20 3  <nil>}": {"Key":"self","Type":15,"Integer":0,"String":"a","Interface":null}}
2025-08-15T22:14:00.560-0500	DEBUG	protocol/handler.go:1591	have processed broadcast	{"{round 20 3  <nil>}": {"Key":"from","Type":15,"Integer":0,"String":"b","Interface":null}}
2025-08-15T22:14:00.560-0500	DEBUG	protocol/handler.go:1649	have all messages and processed	{"{round 20 3  <nil>}": {"Key":"self","Type":15,"Integer":0,"String":"a","Interface":null}}
2025-08-15T22:14:00.560-0500	DEBUG	protocol/handler.go:596	round already finalized
2025-08-15T22:14:00.560-0500	DEBUG	protocol/handler.go:581	tryAdvanceRound called	{"{current_round 20 3  <nil>}": {"Key":"self","Type":15,"Integer":0,"String":"a","Interface":null}}
2025-08-15T22:14:00.561-0500	DEBUG	protocol/handler.go:1591	have processed broadcast	{"{round 20 3  <nil>}": {"Key":"from","Type":15,"Integer":0,"String":"b","Interface":null}}
2025-08-15T22:14:00.561-0500	DEBUG	protocol/handler.go:1649	have all messages and processed	{"{round 20 3  <nil>}": {"Key":"self","Type":15,"Integer":0,"String":"a","Interface":null}}
2025-08-15T22:14:00.561-0500	DEBUG	protocol/handler.go:596	round already finalized
2025-08-15T22:14:00.572-0500	DEBUG	protocol/handler.go:581	tryAdvanceRound called	{"{current_round 20 3  <nil>}": {"Key":"self","Type":15,"Integer":0,"String":"b","Interface":null}}
2025-08-15T22:14:00.572-0500	DEBUG	protocol/handler.go:1591	have processed broadcast	{"{round 20 3  <nil>}": {"Key":"from","Type":15,"Integer":0,"String":"a","Interface":null}}
2025-08-15T22:14:00.572-0500	DEBUG	protocol/handler.go:1649	have all messages and processed	{"{round 20 3  <nil>}": {"Key":"self","Type":15,"Integer":0,"String":"b","Interface":null}}
2025-08-15T22:14:00.572-0500	DEBUG	protocol/handler.go:596	round already finalized
2025-08-15T22:14:00.572-0500	DEBUG	protocol/handler.go:581	tryAdvanceRound called	{"{current_round 20 3  <nil>}": {"Key":"self","Type":15,"Integer":0,"String":"b","Interface":null}}
2025-08-15T22:14:00.572-0500	DEBUG	protocol/handler.go:1591	have processed broadcast	{"{round 20 3  <nil>}": {"Key":"from","Type":15,"Integer":0,"String":"a","Interface":null}}
2025-08-15T22:14:00.572-0500	DEBUG	protocol/handler.go:1649	have all messages and processed	{"{round 20 3  <nil>}": {"Key":"self","Type":15,"Integer":0,"String":"b","Interface":null}}
2025-08-15T22:14:00.572-0500	DEBUG	protocol/handler.go:596	round already finalized
2025-08-15T22:14:00.609-0500	DEBUG	protocol/handler.go:581	tryAdvanceRound called	{"{current_round 20 3  <nil>}": {"Key":"self","Type":15,"Integer":0,"String":"a","Interface":null}}
2025-08-15T22:14:00.609-0500	DEBUG	protocol/handler.go:1591	have processed broadcast	{"{round 20 3  <nil>}": {"Key":"from","Type":15,"Integer":0,"String":"b","Interface":null}}
2025-08-15T22:14:00.609-0500	DEBUG	protocol/handler.go:1649	have all messages and processed	{"{round 20 3  <nil>}": {"Key":"self","Type":15,"Integer":0,"String":"a","Interface":null}}
2025-08-15T22:14:00.610-0500	DEBUG	protocol/handler.go:596	round already finalized
2025-08-15T22:14:00.610-0500	DEBUG	protocol/handler.go:581	tryAdvanceRound called	{"{current_round 20 3  <nil>}": {"Key":"self","Type":15,"Integer":0,"String":"a","Interface":null}}
2025-08-15T22:14:00.610-0500	DEBUG	protocol/handler.go:1591	have processed broadcast	{"{round 20 3  <nil>}": {"Key":"from","Type":15,"Integer":0,"String":"b","Interface":null}}
2025-08-15T22:14:00.610-0500	DEBUG	protocol/handler.go:1649	have all messages and processed	{"{round 20 3  <nil>}": {"Key":"self","Type":15,"Integer":0,"String":"a","Interface":null}}
2025-08-15T22:14:00.610-0500	DEBUG	protocol/handler.go:596	round already finalized
2025-08-15T22:14:00.621-0500	DEBUG	protocol/handler.go:581	tryAdvanceRound called	{"{current_round 20 3  <nil>}": {"Key":"self","Type":15,"Integer":0,"String":"b","Interface":null}}
2025-08-15T22:14:00.621-0500	DEBUG	protocol/handler.go:1591	have processed broadcast	{"{round 20 3  <nil>}": {"Key":"from","Type":15,"Integer":0,"String":"a","Interface":null}}
2025-08-15T22:14:00.621-0500	DEBUG	protocol/handler.go:1649	have all messages and processed	{"{round 20 3  <nil>}": {"Key":"self","Type":15,"Integer":0,"String":"b","Interface":null}}
2025-08-15T22:14:00.621-0500	DEBUG	protocol/handler.go:596	round already finalized
2025-08-15T22:14:00.621-0500	DEBUG	protocol/handler.go:581	tryAdvanceRound called	{"{current_round 20 3  <nil>}": {"Key":"self","Type":15,"Integer":0,"String":"b","Interface":null}}
2025-08-15T22:14:00.621-0500	DEBUG	protocol/handler.go:1591	have processed broadcast	{"{round 20 3  <nil>}": {"Key":"from","Type":15,"Integer":0,"String":"a","Interface":null}}
2025-08-15T22:14:00.621-0500	DEBUG	protocol/handler.go:1649	have all messages and processed	{"{round 20 3  <nil>}": {"Key":"self","Type":15,"Integer":0,"String":"b","Interface":null}}
2025-08-15T22:14:00.621-0500	DEBUG	protocol/handler.go:596	round already finalized
2025-08-15T22:14:00.643-0500	DEBUG	protocol/handler.go:581	tryAdvanceRound called	{"{current_round 20 3  <nil>}": {"Key":"self","Type":15,"Integer":0,"String":"b","Interface":null}}
2025-08-15T22:14:00.643-0500	DEBUG	protocol/handler.go:1591	have processed broadcast	{"{round 20 3  <nil>}": {"Key":"from","Type":15,"Integer":0,"String":"a","Interface":null}}
2025-08-15T22:14:00.643-0500	DEBUG	protocol/handler.go:1649	have all messages and processed	{"{round 20 3  <nil>}": {"Key":"self","Type":15,"Integer":0,"String":"b","Interface":null}}
2025-08-15T22:14:00.643-0500	DEBUG	protocol/handler.go:596	round already finalized
2025-08-15T22:14:00.654-0500	DEBUG	protocol/handler.go:581	tryAdvanceRound called	{"{current_round 20 3  <nil>}": {"Key":"self","Type":15,"Integer":0,"String":"a","Interface":null}}
2025-08-15T22:14:00.655-0500	DEBUG	protocol/handler.go:1591	have processed broadcast	{"{round 20 3  <nil>}": {"Key":"from","Type":15,"Integer":0,"String":"b","Interface":null}}
2025-08-15T22:14:00.655-0500	DEBUG	protocol/handler.go:1649	have all messages and processed	{"{round 20 3  <nil>}": {"Key":"self","Type":15,"Integer":0,"String":"a","Interface":null}}
2025-08-15T22:14:00.655-0500	DEBUG	protocol/handler.go:596	round already finalized
2025-08-15T22:14:00.655-0500	DEBUG	protocol/handler.go:581	tryAdvanceRound called	{"{current_round 20 3  <nil>}": {"Key":"self","Type":15,"Integer":0,"String":"a","Interface":null}}
2025-08-15T22:14:00.655-0500	DEBUG	protocol/handler.go:1591	have processed broadcast	{"{round 20 3  <nil>}": {"Key":"from","Type":15,"Integer":0,"String":"b","Interface":null}}
2025-08-15T22:14:00.656-0500	DEBUG	protocol/handler.go:1649	have all messages and processed	{"{round 20 3  <nil>}": {"Key":"self","Type":15,"Integer":0,"String":"a","Interface":null}}
2025-08-15T22:14:00.656-0500	DEBUG	protocol/handler.go:596	round already finalized
2025-08-15T22:14:00.667-0500	DEBUG	protocol/handler.go:581	tryAdvanceRound called	{"{current_round 20 3  <nil>}": {"Key":"self","Type":15,"Integer":0,"String":"b","Interface":null}}
2025-08-15T22:14:00.667-0500	DEBUG	protocol/handler.go:1591	have processed broadcast	{"{round 20 3  <nil>}": {"Key":"from","Type":15,"Integer":0,"String":"a","Interface":null}}
2025-08-15T22:14:00.667-0500	DEBUG	protocol/handler.go:1649	have all messages and processed	{"{round 20 3  <nil>}": {"Key":"self","Type":15,"Integer":0,"String":"b","Interface":null}}
2025-08-15T22:14:00.667-0500	DEBUG	protocol/handler.go:596	round already finalized
2025-08-15T22:14:00.680-0500	DEBUG	protocol/handler.go:581	tryAdvanceRound called	{"{current_round 20 3  <nil>}": {"Key":"self","Type":15,"Integer":0,"String":"a","Interface":null}}
2025-08-15T22:14:00.681-0500	DEBUG	protocol/handler.go:1591	have processed broadcast	{"{round 20 3  <nil>}": {"Key":"from","Type":15,"Integer":0,"String":"b","Interface":null}}
2025-08-15T22:14:00.681-0500	DEBUG	protocol/handler.go:1649	have all messages and processed	{"{round 20 3  <nil>}": {"Key":"self","Type":15,"Integer":0,"String":"a","Interface":null}}
2025-08-15T22:14:00.681-0500	DEBUG	protocol/handler.go:596	round already finalized
2025-08-15T22:14:00.701-0500	DEBUG	protocol/handler.go:581	tryAdvanceRound called	{"{current_round 20 3  <nil>}": {"Key":"self","Type":15,"Integer":0,"String":"a","Interface":null}}
2025-08-15T22:14:00.701-0500	DEBUG	protocol/handler.go:1591	have processed broadcast	{"{round 20 3  <nil>}": {"Key":"from","Type":15,"Integer":0,"String":"b","Interface":null}}
2025-08-15T22:14:00.701-0500	DEBUG	protocol/handler.go:1649	have all messages and processed	{"{round 20 3  <nil>}": {"Key":"self","Type":15,"Integer":0,"String":"a","Interface":null}}
2025-08-15T22:14:00.701-0500	DEBUG	protocol/handler.go:596	round already finalized
2025-08-15T22:14:00.712-0500	DEBUG	protocol/handler.go:581	tryAdvanceRound called	{"{current_round 20 3  <nil>}": {"Key":"self","Type":15,"Integer":0,"String":"b","Interface":null}}
2025-08-15T22:14:00.712-0500	DEBUG	protocol/handler.go:1591	have processed broadcast	{"{round 20 3  <nil>}": {"Key":"from","Type":15,"Integer":0,"String":"a","Interface":null}}
2025-08-15T22:14:00.712-0500	DEBUG	protocol/handler.go:1649	have all messages and processed	{"{round 20 3  <nil>}": {"Key":"self","Type":15,"Integer":0,"String":"b","Interface":null}}
2025-08-15T22:14:00.712-0500	DEBUG	protocol/handler.go:596	round already finalized
2025-08-15T22:14:00.712-0500	DEBUG	protocol/handler.go:581	tryAdvanceRound called	{"{current_round 20 3  <nil>}": {"Key":"self","Type":15,"Integer":0,"String":"b","Interface":null}}
2025-08-15T22:14:00.712-0500	DEBUG	protocol/handler.go:1591	have processed broadcast	{"{round 20 3  <nil>}": {"Key":"from","Type":15,"Integer":0,"String":"a","Interface":null}}
2025-08-15T22:14:00.712-0500	DEBUG	protocol/handler.go:1649	have all messages and processed	{"{round 20 3  <nil>}": {"Key":"self","Type":15,"Integer":0,"String":"b","Interface":null}}
2025-08-15T22:14:00.712-0500	DEBUG	protocol/handler.go:596	round already finalized
2025-08-15T22:14:00.723-0500	DEBUG	protocol/handler.go:581	tryAdvanceRound called	{"{current_round 20 3  <nil>}": {"Key":"self","Type":15,"Integer":0,"String":"a","Interface":null}}
2025-08-15T22:14:00.723-0500	DEBUG	protocol/handler.go:1591	have processed broadcast	{"{round 20 3  <nil>}": {"Key":"from","Type":15,"Integer":0,"String":"b","Interface":null}}
2025-08-15T22:14:00.723-0500	DEBUG	protocol/handler.go:1649	have all messages and processed	{"{round 20 3  <nil>}": {"Key":"self","Type":15,"Integer":0,"String":"a","Interface":null}}
2025-08-15T22:14:00.723-0500	DEBUG	protocol/handler.go:596	round already finalized
2025-08-15T22:14:00.735-0500	DEBUG	protocol/handler.go:581	tryAdvanceRound called	{"{current_round 20 3  <nil>}": {"Key":"self","Type":15,"Integer":0,"String":"b","Interface":null}}
2025-08-15T22:14:00.735-0500	DEBUG	protocol/handler.go:1591	have processed broadcast	{"{round 20 3  <nil>}": {"Key":"from","Type":15,"Integer":0,"String":"a","Interface":null}}
2025-08-15T22:14:00.735-0500	DEBUG	protocol/handler.go:1649	have all messages and processed	{"{round 20 3  <nil>}": {"Key":"self","Type":15,"Integer":0,"String":"b","Interface":null}}
2025-08-15T22:14:00.735-0500	DEBUG	protocol/handler.go:596	round already finalized
2025-08-15T22:14:00.747-0500	DEBUG	protocol/handler.go:581	tryAdvanceRound called	{"{current_round 20 3  <nil>}": {"Key":"self","Type":15,"Integer":0,"String":"a","Interface":null}}
2025-08-15T22:14:00.749-0500	DEBUG	protocol/handler.go:1591	have processed broadcast	{"{round 20 3  <nil>}": {"Key":"from","Type":15,"Integer":0,"String":"b","Interface":null}}
2025-08-15T22:14:00.750-0500	DEBUG	protocol/handler.go:1649	have all messages and processed	{"{round 20 3  <nil>}": {"Key":"self","Type":15,"Integer":0,"String":"a","Interface":null}}
2025-08-15T22:14:00.750-0500	DEBUG	protocol/handler.go:596	round already finalized
2025-08-15T22:14:00.750-0500	DEBUG	protocol/handler.go:581	tryAdvanceRound called	{"{current_round 20 3  <nil>}": {"Key":"self","Type":15,"Integer":0,"String":"a","Interface":null}}
2025-08-15T22:14:00.751-0500	DEBUG	protocol/handler.go:1591	have processed broadcast	{"{round 20 3  <nil>}": {"Key":"from","Type":15,"Integer":0,"String":"b","Interface":null}}
2025-08-15T22:14:00.751-0500	DEBUG	protocol/handler.go:1649	have all messages and processed	{"{round 20 3  <nil>}": {"Key":"self","Type":15,"Integer":0,"String":"a","Interface":null}}
2025-08-15T22:14:00.751-0500	DEBUG	protocol/handler.go:596	round already finalized
2025-08-15T22:14:00.795-0500	DEBUG	protocol/handler.go:581	tryAdvanceRound called	{"{current_round 20 3  <nil>}": {"Key":"self","Type":15,"Integer":0,"String":"b","Interface":null}}
2025-08-15T22:14:00.795-0500	DEBUG	protocol/handler.go:1591	have processed broadcast	{"{round 20 3  <nil>}": {"Key":"from","Type":15,"Integer":0,"String":"a","Interface":null}}
2025-08-15T22:14:00.795-0500	DEBUG	protocol/handler.go:1649	have all messages and processed	{"{round 20 3  <nil>}": {"Key":"self","Type":15,"Integer":0,"String":"b","Interface":null}}
2025-08-15T22:14:00.795-0500	DEBUG	protocol/handler.go:596	round already finalized
2025-08-15T22:14:00.795-0500	DEBUG	protocol/handler.go:581	tryAdvanceRound called	{"{current_round 20 3  <nil>}": {"Key":"self","Type":15,"Integer":0,"String":"b","Interface":null}}
2025-08-15T22:14:00.795-0500	DEBUG	protocol/handler.go:1591	have processed broadcast	{"{round 20 3  <nil>}": {"Key":"from","Type":15,"Integer":0,"String":"a","Interface":null}}
2025-08-15T22:14:00.795-0500	DEBUG	protocol/handler.go:1649	have all messages and processed	{"{round 20 3  <nil>}": {"Key":"self","Type":15,"Integer":0,"String":"b","Interface":null}}
2025-08-15T22:14:00.795-0500	DEBUG	protocol/handler.go:596	round already finalized
2025-08-15T22:14:00.796-0500	DEBUG	protocol/handler.go:581	tryAdvanceRound called	{"{current_round 20 3  <nil>}": {"Key":"self","Type":15,"Integer":0,"String":"a","Interface":null}}
2025-08-15T22:14:00.796-0500	DEBUG	protocol/handler.go:1591	have processed broadcast	{"{round 20 3  <nil>}": {"Key":"from","Type":15,"Integer":0,"String":"b","Interface":null}}
2025-08-15T22:14:00.796-0500	DEBUG	protocol/handler.go:1649	have all messages and processed	{"{round 20 3  <nil>}": {"Key":"self","Type":15,"Integer":0,"String":"a","Interface":null}}
2025-08-15T22:14:00.796-0500	DEBUG	protocol/handler.go:596	round already finalized
2025-08-15T22:14:00.797-0500	DEBUG	protocol/handler.go:581	tryAdvanceRound called	{"{current_round 20 3  <nil>}": {"Key":"self","Type":15,"Integer":0,"String":"a","Interface":null}}
2025-08-15T22:14:00.797-0500	DEBUG	protocol/handler.go:1591	have processed broadcast	{"{round 20 3  <nil>}": {"Key":"from","Type":15,"Integer":0,"String":"b","Interface":null}}
2025-08-15T22:14:00.797-0500	DEBUG	protocol/handler.go:1649	have all messages and processed	{"{round 20 3  <nil>}": {"Key":"self","Type":15,"Integer":0,"String":"a","Interface":null}}
2025-08-15T22:14:00.797-0500	DEBUG	protocol/handler.go:596	round already finalized
2025-08-15T22:14:00.807-0500	DEBUG	protocol/handler.go:581	tryAdvanceRound called	{"{current_round 20 3  <nil>}": {"Key":"self","Type":15,"Integer":0,"String":"b","Interface":null}}
2025-08-15T22:14:00.807-0500	DEBUG	protocol/handler.go:1591	have processed broadcast	{"{round 20 3  <nil>}": {"Key":"from","Type":15,"Integer":0,"String":"a","Interface":null}}
2025-08-15T22:14:00.807-0500	DEBUG	protocol/handler.go:1649	have all messages and processed	{"{round 20 3  <nil>}": {"Key":"self","Type":15,"Integer":0,"String":"b","Interface":null}}
2025-08-15T22:14:00.807-0500	DEBUG	protocol/handler.go:596	round already finalized
2025-08-15T22:14:00.822-0500	DEBUG	protocol/handler.go:581	tryAdvanceRound called	{"{current_round 20 3  <nil>}": {"Key":"self","Type":15,"Integer":0,"String":"a","Interface":null}}
2025-08-15T22:14:00.823-0500	DEBUG	protocol/handler.go:1591	have processed broadcast	{"{round 20 3  <nil>}": {"Key":"from","Type":15,"Integer":0,"String":"b","Interface":null}}
2025-08-15T22:14:00.823-0500	DEBUG	protocol/handler.go:1649	have all messages and processed	{"{round 20 3  <nil>}": {"Key":"self","Type":15,"Integer":0,"String":"a","Interface":null}}
2025-08-15T22:14:00.823-0500	DEBUG	protocol/handler.go:596	round already finalized
2025-08-15T22:14:00.834-0500	DEBUG	protocol/handler.go:581	tryAdvanceRound called	{"{current_round 20 3  <nil>}": {"Key":"self","Type":15,"Integer":0,"String":"b","Interface":null}}
2025-08-15T22:14:00.834-0500	DEBUG	protocol/handler.go:1591	have processed broadcast	{"{round 20 3  <nil>}": {"Key":"from","Type":15,"Integer":0,"String":"a","Interface":null}}
2025-08-15T22:14:00.834-0500	DEBUG	protocol/handler.go:1649	have all messages and processed	{"{round 20 3  <nil>}": {"Key":"self","Type":15,"Integer":0,"String":"b","Interface":null}}
2025-08-15T22:14:00.834-0500	DEBUG	protocol/handler.go:596	round already finalized
2025-08-15T22:14:00.846-0500	DEBUG	protocol/handler.go:581	tryAdvanceRound called	{"{current_round 20 3  <nil>}": {"Key":"self","Type":15,"Integer":0,"String":"a","Interface":null}}
2025-08-15T22:14:00.847-0500	DEBUG	protocol/handler.go:1591	have processed broadcast	{"{round 20 3  <nil>}": {"Key":"from","Type":15,"Integer":0,"String":"b","Interface":null}}
2025-08-15T22:14:00.847-0500	DEBUG	protocol/handler.go:1649	have all messages and processed	{"{round 20 3  <nil>}": {"Key":"self","Type":15,"Integer":0,"String":"a","Interface":null}}
2025-08-15T22:14:00.847-0500	DEBUG	protocol/handler.go:596	round already finalized
2025-08-15T22:14:00.882-0500	DEBUG	protocol/handler.go:581	tryAdvanceRound called	{"{current_round 20 3  <nil>}": {"Key":"self","Type":15,"Integer":0,"String":"b","Interface":null}}
2025-08-15T22:14:00.882-0500	DEBUG	protocol/handler.go:1591	have processed broadcast	{"{round 20 3  <nil>}": {"Key":"from","Type":15,"Integer":0,"String":"a","Interface":null}}
2025-08-15T22:14:00.882-0500	DEBUG	protocol/handler.go:1649	have all messages and processed	{"{round 20 3  <nil>}": {"Key":"self","Type":15,"Integer":0,"String":"b","Interface":null}}
2025-08-15T22:14:00.882-0500	DEBUG	protocol/handler.go:596	round already finalized
2025-08-15T22:14:00.882-0500	DEBUG	protocol/handler.go:581	tryAdvanceRound called	{"{current_round 20 3  <nil>}": {"Key":"self","Type":15,"Integer":0,"String":"b","Interface":null}}
2025-08-15T22:14:00.882-0500	DEBUG	protocol/handler.go:1591	have processed broadcast	{"{round 20 3  <nil>}": {"Key":"from","Type":15,"Integer":0,"String":"a","Interface":null}}
2025-08-15T22:14:00.882-0500	DEBUG	protocol/handler.go:1649	have all messages and processed	{"{round 20 3  <nil>}": {"Key":"self","Type":15,"Integer":0,"String":"b","Interface":null}}
2025-08-15T22:14:00.882-0500	DEBUG	protocol/handler.go:596	round already finalized
2025-08-15T22:14:00.894-0500	DEBUG	protocol/handler.go:581	tryAdvanceRound called	{"{current_round 20 3  <nil>}": {"Key":"self","Type":15,"Integer":0,"String":"a","Interface":null}}
2025-08-15T22:14:00.895-0500	DEBUG	protocol/handler.go:1591	have processed broadcast	{"{round 20 3  <nil>}": {"Key":"from","Type":15,"Integer":0,"String":"b","Interface":null}}
2025-08-15T22:14:00.895-0500	DEBUG	protocol/handler.go:1649	have all messages and processed	{"{round 20 3  <nil>}": {"Key":"self","Type":15,"Integer":0,"String":"a","Interface":null}}
2025-08-15T22:14:00.896-0500	DEBUG	protocol/handler.go:596	round already finalized
2025-08-15T22:14:00.896-0500	DEBUG	protocol/handler.go:581	tryAdvanceRound called	{"{current_round 20 3  <nil>}": {"Key":"self","Type":15,"Integer":0,"String":"a","Interface":null}}
2025-08-15T22:14:00.896-0500	DEBUG	protocol/handler.go:1591	have processed broadcast	{"{round 20 3  <nil>}": {"Key":"from","Type":15,"Integer":0,"String":"b","Interface":null}}
2025-08-15T22:14:00.896-0500	DEBUG	protocol/handler.go:1649	have all messages and processed	{"{round 20 3  <nil>}": {"Key":"self","Type":15,"Integer":0,"String":"a","Interface":null}}
2025-08-15T22:14:00.896-0500	DEBUG	protocol/handler.go:596	round already finalized
2025-08-15T22:14:00.917-0500	DEBUG	protocol/handler.go:581	tryAdvanceRound called	{"{current_round 20 3  <nil>}": {"Key":"self","Type":15,"Integer":0,"String":"a","Interface":null}}
2025-08-15T22:14:00.918-0500	DEBUG	protocol/handler.go:1591	have processed broadcast	{"{round 20 3  <nil>}": {"Key":"from","Type":15,"Integer":0,"String":"b","Interface":null}}
2025-08-15T22:14:00.918-0500	DEBUG	protocol/handler.go:1649	have all messages and processed	{"{round 20 3  <nil>}": {"Key":"self","Type":15,"Integer":0,"String":"a","Interface":null}}
2025-08-15T22:14:00.918-0500	DEBUG	protocol/handler.go:596	round already finalized
2025-08-15T22:14:00.929-0500	DEBUG	protocol/handler.go:581	tryAdvanceRound called	{"{current_round 20 3  <nil>}": {"Key":"self","Type":15,"Integer":0,"String":"b","Interface":null}}
2025-08-15T22:14:00.929-0500	DEBUG	protocol/handler.go:1591	have processed broadcast	{"{round 20 3  <nil>}": {"Key":"from","Type":15,"Integer":0,"String":"a","Interface":null}}
2025-08-15T22:14:00.929-0500	DEBUG	protocol/handler.go:1649	have all messages and processed	{"{round 20 3  <nil>}": {"Key":"self","Type":15,"Integer":0,"String":"b","Interface":null}}
2025-08-15T22:14:00.929-0500	DEBUG	protocol/handler.go:596	round already finalized
2025-08-15T22:14:00.929-0500	DEBUG	protocol/handler.go:581	tryAdvanceRound called	{"{current_round 20 3  <nil>}": {"Key":"self","Type":15,"Integer":0,"String":"b","Interface":null}}
2025-08-15T22:14:00.929-0500	DEBUG	protocol/handler.go:1591	have processed broadcast	{"{round 20 3  <nil>}": {"Key":"from","Type":15,"Integer":0,"String":"a","Interface":null}}
2025-08-15T22:14:00.929-0500	DEBUG	protocol/handler.go:1649	have all messages and processed	{"{round 20 3  <nil>}": {"Key":"self","Type":15,"Integer":0,"String":"b","Interface":null}}
2025-08-15T22:14:00.929-0500	DEBUG	protocol/handler.go:596	round already finalized
2025-08-15T22:14:00.941-0500	DEBUG	protocol/handler.go:581	tryAdvanceRound called	{"{current_round 20 3  <nil>}": {"Key":"self","Type":15,"Integer":0,"String":"a","Interface":null}}
2025-08-15T22:14:00.941-0500	DEBUG	protocol/handler.go:1591	have processed broadcast	{"{round 20 3  <nil>}": {"Key":"from","Type":15,"Integer":0,"String":"b","Interface":null}}
2025-08-15T22:14:00.941-0500	DEBUG	protocol/handler.go:1649	have all messages and processed	{"{round 20 3  <nil>}": {"Key":"self","Type":15,"Integer":0,"String":"a","Interface":null}}
2025-08-15T22:14:00.941-0500	DEBUG	protocol/handler.go:596	round already finalized
2025-08-15T22:14:00.953-0500	DEBUG	protocol/handler.go:581	tryAdvanceRound called	{"{current_round 20 3  <nil>}": {"Key":"self","Type":15,"Integer":0,"String":"b","Interface":null}}
2025-08-15T22:14:00.953-0500	DEBUG	protocol/handler.go:1591	have processed broadcast	{"{round 20 3  <nil>}": {"Key":"from","Type":15,"Integer":0,"String":"a","Interface":null}}
2025-08-15T22:14:00.953-0500	DEBUG	protocol/handler.go:1649	have all messages and processed	{"{round 20 3  <nil>}": {"Key":"self","Type":15,"Integer":0,"String":"b","Interface":null}}
2025-08-15T22:14:00.953-0500	DEBUG	protocol/handler.go:596	round already finalized
2025-08-15T22:14:00.963-0500	DEBUG	protocol/handler.go:581	tryAdvanceRound called	{"{current_round 20 3  <nil>}": {"Key":"self","Type":15,"Integer":0,"String":"a","Interface":null}}
2025-08-15T22:14:00.963-0500	DEBUG	protocol/handler.go:1591	have processed broadcast	{"{round 20 3  <nil>}": {"Key":"from","Type":15,"Integer":0,"String":"b","Interface":null}}
2025-08-15T22:14:00.963-0500	DEBUG	protocol/handler.go:1649	have all messages and processed	{"{round 20 3  <nil>}": {"Key":"self","Type":15,"Integer":0,"String":"a","Interface":null}}
2025-08-15T22:14:00.963-0500	DEBUG	protocol/handler.go:596	round already finalized
2025-08-15T22:14:00.976-0500	DEBUG	protocol/handler.go:581	tryAdvanceRound called	{"{current_round 20 3  <nil>}": {"Key":"self","Type":15,"Integer":0,"String":"b","Interface":null}}
2025-08-15T22:14:00.976-0500	DEBUG	protocol/handler.go:1591	have processed broadcast	{"{round 20 3  <nil>}": {"Key":"from","Type":15,"Integer":0,"String":"a","Interface":null}}
2025-08-15T22:14:00.976-0500	DEBUG	protocol/handler.go:1649	have all messages and processed	{"{round 20 3  <nil>}": {"Key":"self","Type":15,"Integer":0,"String":"b","Interface":null}}
2025-08-15T22:14:00.976-0500	DEBUG	protocol/handler.go:596	round already finalized
2025-08-15T22:14:00.989-0500	DEBUG	protocol/handler.go:581	tryAdvanceRound called	{"{current_round 20 3  <nil>}": {"Key":"self","Type":15,"Integer":0,"String":"a","Interface":null}}
2025-08-15T22:14:00.989-0500	DEBUG	protocol/handler.go:1591	have processed broadcast	{"{round 20 3  <nil>}": {"Key":"from","Type":15,"Integer":0,"String":"b","Interface":null}}
2025-08-15T22:14:00.990-0500	DEBUG	protocol/handler.go:1649	have all messages and processed	{"{round 20 3  <nil>}": {"Key":"self","Type":15,"Integer":0,"String":"a","Interface":null}}
2025-08-15T22:14:00.990-0500	DEBUG	protocol/handler.go:596	round already finalized
2025-08-15T22:14:00.990-0500	DEBUG	protocol/handler.go:581	tryAdvanceRound called	{"{current_round 20 3  <nil>}": {"Key":"self","Type":15,"Integer":0,"String":"a","Interface":null}}
2025-08-15T22:14:00.990-0500	DEBUG	protocol/handler.go:1591	have processed broadcast	{"{round 20 3  <nil>}": {"Key":"from","Type":15,"Integer":0,"String":"b","Interface":null}}
2025-08-15T22:14:00.990-0500	DEBUG	protocol/handler.go:1649	have all messages and processed	{"{round 20 3  <nil>}": {"Key":"self","Type":15,"Integer":0,"String":"a","Interface":null}}
2025-08-15T22:14:00.990-0500	DEBUG	protocol/handler.go:596	round already finalized
2025-08-15T22:14:01.006-0500	DEBUG	protocol/handler.go:581	tryAdvanceRound called	{"{current_round 20 3  <nil>}": {"Key":"self","Type":15,"Integer":0,"String":"b","Interface":null}}
2025-08-15T22:14:01.007-0500	DEBUG	protocol/handler.go:1591	have processed broadcast	{"{round 20 3  <nil>}": {"Key":"from","Type":15,"Integer":0,"String":"a","Interface":null}}
2025-08-15T22:14:01.007-0500	DEBUG	protocol/handler.go:1649	have all messages and processed	{"{round 20 3  <nil>}": {"Key":"self","Type":15,"Integer":0,"String":"b","Interface":null}}
2025-08-15T22:14:01.007-0500	DEBUG	protocol/handler.go:596	round already finalized
2025-08-15T22:14:01.007-0500	DEBUG	protocol/handler.go:581	tryAdvanceRound called	{"{current_round 20 3  <nil>}": {"Key":"self","Type":15,"Integer":0,"String":"b","Interface":null}}
2025-08-15T22:14:01.007-0500	DEBUG	protocol/handler.go:1591	have processed broadcast	{"{round 20 3  <nil>}": {"Key":"from","Type":15,"Integer":0,"String":"a","Interface":null}}
2025-08-15T22:14:01.007-0500	DEBUG	protocol/handler.go:1649	have all messages and processed	{"{round 20 3  <nil>}": {"Key":"self","Type":15,"Integer":0,"String":"b","Interface":null}}
2025-08-15T22:14:01.007-0500	DEBUG	protocol/handler.go:596	round already finalized
2025-08-15T22:14:01.008-0500	DEBUG	protocol/handler.go:581	tryAdvanceRound called	{"{current_round 20 3  <nil>}": {"Key":"self","Type":15,"Integer":0,"String":"a","Interface":null}}
2025-08-15T22:14:01.008-0500	DEBUG	protocol/handler.go:1591	have processed broadcast	{"{round 20 3  <nil>}": {"Key":"from","Type":15,"Integer":0,"String":"b","Interface":null}}
2025-08-15T22:14:01.037-0500	DEBUG	protocol/handler.go:1649	have all messages and processed	{"{round 20 3  <nil>}": {"Key":"self","Type":15,"Integer":0,"String":"a","Interface":null}}
2025-08-15T22:14:01.039-0500	DEBUG	protocol/handler.go:596	round already finalized
2025-08-15T22:14:01.039-0500	DEBUG	protocol/handler.go:581	tryAdvanceRound called	{"{current_round 20 3  <nil>}": {"Key":"self","Type":15,"Integer":0,"String":"a","Interface":null}}
2025-08-15T22:14:01.039-0500	DEBUG	protocol/handler.go:1591	have processed broadcast	{"{round 20 3  <nil>}": {"Key":"from","Type":15,"Integer":0,"String":"b","Interface":null}}
2025-08-15T22:14:01.039-0500	DEBUG	protocol/handler.go:1649	have all messages and processed	{"{round 20 3  <nil>}": {"Key":"self","Type":15,"Integer":0,"String":"a","Interface":null}}
2025-08-15T22:14:01.039-0500	DEBUG	protocol/handler.go:596	round already finalized
2025-08-15T22:14:01.050-0500	DEBUG	protocol/handler.go:581	tryAdvanceRound called	{"{current_round 20 3  <nil>}": {"Key":"self","Type":15,"Integer":0,"String":"b","Interface":null}}
2025-08-15T22:14:01.050-0500	DEBUG	protocol/handler.go:1591	have processed broadcast	{"{round 20 3  <nil>}": {"Key":"from","Type":15,"Integer":0,"String":"a","Interface":null}}
2025-08-15T22:14:01.050-0500	DEBUG	protocol/handler.go:1649	have all messages and processed	{"{round 20 3  <nil>}": {"Key":"self","Type":15,"Integer":0,"String":"b","Interface":null}}
2025-08-15T22:14:01.050-0500	DEBUG	protocol/handler.go:596	round already finalized
2025-08-15T22:14:01.050-0500	DEBUG	protocol/handler.go:581	tryAdvanceRound called	{"{current_round 20 3  <nil>}": {"Key":"self","Type":15,"Integer":0,"String":"b","Interface":null}}
2025-08-15T22:14:01.050-0500	DEBUG	protocol/handler.go:1591	have processed broadcast	{"{round 20 3  <nil>}": {"Key":"from","Type":15,"Integer":0,"String":"a","Interface":null}}
2025-08-15T22:14:01.050-0500	DEBUG	protocol/handler.go:1649	have all messages and processed	{"{round 20 3  <nil>}": {"Key":"self","Type":15,"Integer":0,"String":"b","Interface":null}}
2025-08-15T22:14:01.050-0500	DEBUG	protocol/handler.go:596	round already finalized
2025-08-15T22:14:01.051-0500	DEBUG	protocol/handler.go:581	tryAdvanceRound called	{"{current_round 20 3  <nil>}": {"Key":"self","Type":15,"Integer":0,"String":"a","Interface":null}}
2025-08-15T22:14:01.052-0500	DEBUG	protocol/handler.go:1591	have processed broadcast	{"{round 20 3  <nil>}": {"Key":"from","Type":15,"Integer":0,"String":"b","Interface":null}}
2025-08-15T22:14:01.052-0500	DEBUG	protocol/handler.go:1649	have all messages and processed	{"{round 20 3  <nil>}": {"Key":"self","Type":15,"Integer":0,"String":"a","Interface":null}}
2025-08-15T22:14:01.053-0500	DEBUG	protocol/handler.go:596	round already finalized
2025-08-15T22:14:01.075-0500	DEBUG	protocol/handler.go:581	tryAdvanceRound called	{"{current_round 20 3  <nil>}": {"Key":"self","Type":15,"Integer":0,"String":"a","Interface":null}}
2025-08-15T22:14:01.075-0500	DEBUG	protocol/handler.go:1591	have processed broadcast	{"{round 20 3  <nil>}": {"Key":"from","Type":15,"Integer":0,"String":"b","Interface":null}}
2025-08-15T22:14:01.075-0500	DEBUG	protocol/handler.go:1649	have all messages and processed	{"{round 20 3  <nil>}": {"Key":"self","Type":15,"Integer":0,"String":"a","Interface":null}}
2025-08-15T22:14:01.075-0500	DEBUG	protocol/handler.go:596	round already finalized
2025-08-15T22:14:01.075-0500	DEBUG	protocol/handler.go:581	tryAdvanceRound called	{"{current_round 20 3  <nil>}": {"Key":"self","Type":15,"Integer":0,"String":"b","Interface":null}}
2025-08-15T22:14:01.076-0500	DEBUG	protocol/handler.go:1591	have processed broadcast	{"{round 20 3  <nil>}": {"Key":"from","Type":15,"Integer":0,"String":"a","Interface":null}}
2025-08-15T22:14:01.076-0500	DEBUG	protocol/handler.go:1649	have all messages and processed	{"{round 20 3  <nil>}": {"Key":"self","Type":15,"Integer":0,"String":"b","Interface":null}}
2025-08-15T22:14:01.076-0500	DEBUG	protocol/handler.go:596	round already finalized
2025-08-15T22:14:01.098-0500	DEBUG	protocol/handler.go:581	tryAdvanceRound called	{"{current_round 20 3  <nil>}": {"Key":"self","Type":15,"Integer":0,"String":"a","Interface":null}}
2025-08-15T22:14:01.099-0500	DEBUG	protocol/handler.go:1591	have processed broadcast	{"{round 20 3  <nil>}": {"Key":"from","Type":15,"Integer":0,"String":"b","Interface":null}}
2025-08-15T22:14:01.099-0500	DEBUG	protocol/handler.go:1649	have all messages and processed	{"{round 20 3  <nil>}": {"Key":"self","Type":15,"Integer":0,"String":"a","Interface":null}}
2025-08-15T22:14:01.099-0500	DEBUG	protocol/handler.go:596	round already finalized
2025-08-15T22:14:01.122-0500	DEBUG	protocol/handler.go:581	tryAdvanceRound called	{"{current_round 20 3  <nil>}": {"Key":"self","Type":15,"Integer":0,"String":"a","Interface":null}}
2025-08-15T22:14:01.122-0500	DEBUG	protocol/handler.go:581	tryAdvanceRound called	{"{current_round 20 3  <nil>}": {"Key":"self","Type":15,"Integer":0,"String":"b","Interface":null}}
2025-08-15T22:14:01.122-0500	DEBUG	protocol/handler.go:1591	have processed broadcast	{"{round 20 3  <nil>}": {"Key":"from","Type":15,"Integer":0,"String":"b","Interface":null}}
2025-08-15T22:14:01.122-0500	DEBUG	protocol/handler.go:1591	have processed broadcast	{"{round 20 3  <nil>}": {"Key":"from","Type":15,"Integer":0,"String":"a","Interface":null}}
2025-08-15T22:14:01.122-0500	DEBUG	protocol/handler.go:1649	have all messages and processed	{"{round 20 3  <nil>}": {"Key":"self","Type":15,"Integer":0,"String":"a","Interface":null}}
2025-08-15T22:14:01.122-0500	DEBUG	protocol/handler.go:1649	have all messages and processed	{"{round 20 3  <nil>}": {"Key":"self","Type":15,"Integer":0,"String":"b","Interface":null}}
2025-08-15T22:14:01.122-0500	DEBUG	protocol/handler.go:596	round already finalized
2025-08-15T22:14:01.122-0500	DEBUG	protocol/handler.go:596	round already finalized
2025-08-15T22:14:01.122-0500	DEBUG	protocol/handler.go:581	tryAdvanceRound called	{"{current_round 20 3  <nil>}": {"Key":"self","Type":15,"Integer":0,"String":"b","Interface":null}}
2025-08-15T22:14:01.122-0500	DEBUG	protocol/handler.go:1591	have processed broadcast	{"{round 20 3  <nil>}": {"Key":"from","Type":15,"Integer":0,"String":"a","Interface":null}}
2025-08-15T22:14:01.122-0500	DEBUG	protocol/handler.go:1649	have all messages and processed	{"{round 20 3  <nil>}": {"Key":"self","Type":15,"Integer":0,"String":"b","Interface":null}}
2025-08-15T22:14:01.122-0500	DEBUG	protocol/handler.go:596	round already finalized
2025-08-15T22:14:01.173-0500	DEBUG	protocol/handler.go:581	tryAdvanceRound called	{"{current_round 20 3  <nil>}": {"Key":"self","Type":15,"Integer":0,"String":"a","Interface":null}}
2025-08-15T22:14:01.174-0500	DEBUG	protocol/handler.go:1591	have processed broadcast	{"{round 20 3  <nil>}": {"Key":"from","Type":15,"Integer":0,"String":"b","Interface":null}}
2025-08-15T22:14:01.174-0500	DEBUG	protocol/handler.go:1649	have all messages and processed	{"{round 20 3  <nil>}": {"Key":"self","Type":15,"Integer":0,"String":"a","Interface":null}}
2025-08-15T22:14:01.174-0500	DEBUG	protocol/handler.go:596	round already finalized
2025-08-15T22:14:01.174-0500	DEBUG	protocol/handler.go:581	tryAdvanceRound called	{"{current_round 20 3  <nil>}": {"Key":"self","Type":15,"Integer":0,"String":"a","Interface":null}}
2025-08-15T22:14:01.174-0500	DEBUG	protocol/handler.go:1591	have processed broadcast	{"{round 20 3  <nil>}": {"Key":"from","Type":15,"Integer":0,"String":"b","Interface":null}}
2025-08-15T22:14:01.174-0500	DEBUG	protocol/handler.go:1649	have all messages and processed	{"{round 20 3  <nil>}": {"Key":"self","Type":15,"Integer":0,"String":"a","Interface":null}}
2025-08-15T22:14:01.174-0500	DEBUG	protocol/handler.go:596	round already finalized
2025-08-15T22:14:01.174-0500	DEBUG	protocol/handler.go:581	tryAdvanceRound called	{"{current_round 20 3  <nil>}": {"Key":"self","Type":15,"Integer":0,"String":"b","Interface":null}}
2025-08-15T22:14:01.174-0500	DEBUG	protocol/handler.go:1591	have processed broadcast	{"{round 20 3  <nil>}": {"Key":"from","Type":15,"Integer":0,"String":"a","Interface":null}}
2025-08-15T22:14:01.174-0500	DEBUG	protocol/handler.go:1649	have all messages and processed	{"{round 20 3  <nil>}": {"Key":"self","Type":15,"Integer":0,"String":"b","Interface":null}}
2025-08-15T22:14:01.174-0500	DEBUG	protocol/handler.go:596	round already finalized
2025-08-15T22:14:01.174-0500	DEBUG	protocol/handler.go:581	tryAdvanceRound called	{"{current_round 20 3  <nil>}": {"Key":"self","Type":15,"Integer":0,"String":"b","Interface":null}}
2025-08-15T22:14:01.175-0500	DEBUG	protocol/handler.go:1591	have processed broadcast	{"{round 20 3  <nil>}": {"Key":"from","Type":15,"Integer":0,"String":"a","Interface":null}}
2025-08-15T22:14:01.175-0500	DEBUG	protocol/handler.go:1649	have all messages and processed	{"{round 20 3  <nil>}": {"Key":"self","Type":15,"Integer":0,"String":"b","Interface":null}}
2025-08-15T22:14:01.175-0500	DEBUG	protocol/handler.go:596	round already finalized
2025-08-15T22:14:01.221-0500	DEBUG	protocol/handler.go:581	tryAdvanceRound called	{"{current_round 20 3  <nil>}": {"Key":"self","Type":15,"Integer":0,"String":"a","Interface":null}}
2025-08-15T22:14:01.221-0500	DEBUG	protocol/handler.go:1591	have processed broadcast	{"{round 20 3  <nil>}": {"Key":"from","Type":15,"Integer":0,"String":"b","Interface":null}}
2025-08-15T22:14:01.221-0500	DEBUG	protocol/handler.go:1649	have all messages and processed	{"{round 20 3  <nil>}": {"Key":"self","Type":15,"Integer":0,"String":"a","Interface":null}}
2025-08-15T22:14:01.221-0500	DEBUG	protocol/handler.go:596	round already finalized
2025-08-15T22:14:01.221-0500	DEBUG	protocol/handler.go:581	tryAdvanceRound called	{"{current_round 20 3  <nil>}": {"Key":"self","Type":15,"Integer":0,"String":"a","Interface":null}}
2025-08-15T22:14:01.221-0500	DEBUG	protocol/handler.go:1591	have processed broadcast	{"{round 20 3  <nil>}": {"Key":"from","Type":15,"Integer":0,"String":"b","Interface":null}}
2025-08-15T22:14:01.221-0500	DEBUG	protocol/handler.go:1649	have all messages and processed	{"{round 20 3  <nil>}": {"Key":"self","Type":15,"Integer":0,"String":"a","Interface":null}}
2025-08-15T22:14:01.221-0500	DEBUG	protocol/handler.go:596	round already finalized
2025-08-15T22:14:01.221-0500	DEBUG	protocol/handler.go:581	tryAdvanceRound called	{"{current_round 20 3  <nil>}": {"Key":"self","Type":15,"Integer":0,"String":"b","Interface":null}}
2025-08-15T22:14:01.221-0500	DEBUG	protocol/handler.go:1591	have processed broadcast	{"{round 20 3  <nil>}": {"Key":"from","Type":15,"Integer":0,"String":"a","Interface":null}}
2025-08-15T22:14:01.221-0500	DEBUG	protocol/handler.go:1649	have all messages and processed	{"{round 20 3  <nil>}": {"Key":"self","Type":15,"Integer":0,"String":"b","Interface":null}}
2025-08-15T22:14:01.221-0500	DEBUG	protocol/handler.go:596	round already finalized
2025-08-15T22:14:01.221-0500	DEBUG	protocol/handler.go:581	tryAdvanceRound called	{"{current_round 20 3  <nil>}": {"Key":"self","Type":15,"Integer":0,"String":"b","Interface":null}}
2025-08-15T22:14:01.221-0500	DEBUG	protocol/handler.go:1591	have processed broadcast	{"{round 20 3  <nil>}": {"Key":"from","Type":15,"Integer":0,"String":"a","Interface":null}}
2025-08-15T22:14:01.221-0500	DEBUG	protocol/handler.go:1649	have all messages and processed	{"{round 20 3  <nil>}": {"Key":"self","Type":15,"Integer":0,"String":"b","Interface":null}}
2025-08-15T22:14:01.221-0500	DEBUG	protocol/handler.go:596	round already finalized
2025-08-15T22:14:01.245-0500	DEBUG	protocol/handler.go:581	tryAdvanceRound called	{"{current_round 20 3  <nil>}": {"Key":"self","Type":15,"Integer":0,"String":"a","Interface":null}}
2025-08-15T22:14:01.245-0500	DEBUG	protocol/handler.go:581	tryAdvanceRound called	{"{current_round 20 3  <nil>}": {"Key":"self","Type":15,"Integer":0,"String":"b","Interface":null}}
2025-08-15T22:14:01.245-0500	DEBUG	protocol/handler.go:1591	have processed broadcast	{"{round 20 3  <nil>}": {"Key":"from","Type":15,"Integer":0,"String":"b","Interface":null}}
2025-08-15T22:14:01.245-0500	DEBUG	protocol/handler.go:1591	have processed broadcast	{"{round 20 3  <nil>}": {"Key":"from","Type":15,"Integer":0,"String":"a","Interface":null}}
2025-08-15T22:14:01.245-0500	DEBUG	protocol/handler.go:1649	have all messages and processed	{"{round 20 3  <nil>}": {"Key":"self","Type":15,"Integer":0,"String":"b","Interface":null}}
2025-08-15T22:14:01.245-0500	DEBUG	protocol/handler.go:596	round already finalized
2025-08-15T22:14:01.245-0500	DEBUG	protocol/handler.go:1649	have all messages and processed	{"{round 20 3  <nil>}": {"Key":"self","Type":15,"Integer":0,"String":"a","Interface":null}}
2025-08-15T22:14:01.245-0500	DEBUG	protocol/handler.go:596	round already finalized
2025-08-15T22:14:01.270-0500	DEBUG	protocol/handler.go:581	tryAdvanceRound called	{"{current_round 20 3  <nil>}": {"Key":"self","Type":15,"Integer":0,"String":"b","Interface":null}}
2025-08-15T22:14:01.270-0500	DEBUG	protocol/handler.go:1591	have processed broadcast	{"{round 20 3  <nil>}": {"Key":"from","Type":15,"Integer":0,"String":"a","Interface":null}}
2025-08-15T22:14:01.270-0500	DEBUG	protocol/handler.go:1649	have all messages and processed	{"{round 20 3  <nil>}": {"Key":"self","Type":15,"Integer":0,"String":"b","Interface":null}}
2025-08-15T22:14:01.270-0500	DEBUG	protocol/handler.go:596	round already finalized
2025-08-15T22:14:01.270-0500	DEBUG	protocol/handler.go:581	tryAdvanceRound called	{"{current_round 20 3  <nil>}": {"Key":"self","Type":15,"Integer":0,"String":"a","Interface":null}}
2025-08-15T22:14:01.270-0500	DEBUG	protocol/handler.go:1591	have processed broadcast	{"{round 20 3  <nil>}": {"Key":"from","Type":15,"Integer":0,"String":"b","Interface":null}}
2025-08-15T22:14:01.270-0500	DEBUG	protocol/handler.go:1649	have all messages and processed	{"{round 20 3  <nil>}": {"Key":"self","Type":15,"Integer":0,"String":"a","Interface":null}}
2025-08-15T22:14:01.270-0500	DEBUG	protocol/handler.go:596	round already finalized
2025-08-15T22:14:01.339-0500	DEBUG	protocol/handler.go:581	tryAdvanceRound called	{"{current_round 20 3  <nil>}": {"Key":"self","Type":15,"Integer":0,"String":"b","Interface":null}}
2025-08-15T22:14:01.339-0500	DEBUG	protocol/handler.go:1591	have processed broadcast	{"{round 20 3  <nil>}": {"Key":"from","Type":15,"Integer":0,"String":"a","Interface":null}}
2025-08-15T22:14:01.340-0500	DEBUG	protocol/handler.go:1649	have all messages and processed	{"{round 20 3  <nil>}": {"Key":"self","Type":15,"Integer":0,"String":"b","Interface":null}}
2025-08-15T22:14:01.340-0500	DEBUG	protocol/handler.go:596	round already finalized
2025-08-15T22:14:01.340-0500	DEBUG	protocol/handler.go:581	tryAdvanceRound called	{"{current_round 20 3  <nil>}": {"Key":"self","Type":15,"Integer":0,"String":"b","Interface":null}}
2025-08-15T22:14:01.340-0500	DEBUG	protocol/handler.go:1591	have processed broadcast	{"{round 20 3  <nil>}": {"Key":"from","Type":15,"Integer":0,"String":"a","Interface":null}}
2025-08-15T22:14:01.340-0500	DEBUG	protocol/handler.go:1649	have all messages and processed	{"{round 20 3  <nil>}": {"Key":"self","Type":15,"Integer":0,"String":"b","Interface":null}}
2025-08-15T22:14:01.340-0500	DEBUG	protocol/handler.go:596	round already finalized
2025-08-15T22:14:01.340-0500	DEBUG	protocol/handler.go:581	tryAdvanceRound called	{"{current_round 20 3  <nil>}": {"Key":"self","Type":15,"Integer":0,"String":"a","Interface":null}}
2025-08-15T22:14:01.340-0500	DEBUG	protocol/handler.go:1591	have processed broadcast	{"{round 20 3  <nil>}": {"Key":"from","Type":15,"Integer":0,"String":"b","Interface":null}}
2025-08-15T22:14:01.340-0500	DEBUG	protocol/handler.go:1649	have all messages and processed	{"{round 20 3  <nil>}": {"Key":"self","Type":15,"Integer":0,"String":"a","Interface":null}}
2025-08-15T22:14:01.340-0500	DEBUG	protocol/handler.go:596	round already finalized
2025-08-15T22:14:01.340-0500	DEBUG	protocol/handler.go:581	tryAdvanceRound called	{"{current_round 20 3  <nil>}": {"Key":"self","Type":15,"Integer":0,"String":"a","Interface":null}}
2025-08-15T22:14:01.340-0500	DEBUG	protocol/handler.go:1591	have processed broadcast	{"{round 20 3  <nil>}": {"Key":"from","Type":15,"Integer":0,"String":"b","Interface":null}}
2025-08-15T22:14:01.340-0500	DEBUG	protocol/handler.go:1649	have all messages and processed	{"{round 20 3  <nil>}": {"Key":"self","Type":15,"Integer":0,"String":"a","Interface":null}}
2025-08-15T22:14:01.340-0500	DEBUG	protocol/handler.go:596	round already finalized
2025-08-15T22:14:01.371-0500	DEBUG	protocol/handler.go:581	tryAdvanceRound called	{"{current_round 20 3  <nil>}": {"Key":"self","Type":15,"Integer":0,"String":"b","Interface":null}}
2025-08-15T22:14:01.378-0500	DEBUG	protocol/handler.go:581	tryAdvanceRound called	{"{current_round 20 3  <nil>}": {"Key":"self","Type":15,"Integer":0,"String":"a","Interface":null}}
2025-08-15T22:14:01.378-0500	DEBUG	protocol/handler.go:1591	have processed broadcast	{"{round 20 3  <nil>}": {"Key":"from","Type":15,"Integer":0,"String":"b","Interface":null}}
2025-08-15T22:14:01.378-0500	DEBUG	protocol/handler.go:1649	have all messages and processed	{"{round 20 3  <nil>}": {"Key":"self","Type":15,"Integer":0,"String":"a","Interface":null}}
2025-08-15T22:14:01.378-0500	DEBUG	protocol/handler.go:596	round already finalized
2025-08-15T22:14:01.403-0500	DEBUG	protocol/handler.go:581	tryAdvanceRound called	{"{current_round 20 3  <nil>}": {"Key":"self","Type":15,"Integer":0,"String":"a","Interface":null}}
2025-08-15T22:14:01.403-0500	DEBUG	protocol/handler.go:1591	have processed broadcast	{"{round 20 3  <nil>}": {"Key":"from","Type":15,"Integer":0,"String":"b","Interface":null}}
2025-08-15T22:14:01.403-0500	DEBUG	protocol/handler.go:1649	have all messages and processed	{"{round 20 3  <nil>}": {"Key":"self","Type":15,"Integer":0,"String":"a","Interface":null}}
2025-08-15T22:14:01.403-0500	DEBUG	protocol/handler.go:596	round already finalized
2025-08-15T22:14:01.435-0500	DEBUG	protocol/handler.go:1591	have processed broadcast	{"{round 20 3  <nil>}": {"Key":"from","Type":15,"Integer":0,"String":"a","Interface":null}}
2025-08-15T22:14:01.435-0500	DEBUG	protocol/handler.go:1649	have all messages and processed	{"{round 20 3  <nil>}": {"Key":"self","Type":15,"Integer":0,"String":"b","Interface":null}}
2025-08-15T22:14:01.435-0500	DEBUG	protocol/handler.go:596	round already finalized
2025-08-15T22:14:01.435-0500	DEBUG	protocol/handler.go:581	tryAdvanceRound called	{"{current_round 20 3  <nil>}": {"Key":"self","Type":15,"Integer":0,"String":"b","Interface":null}}
2025-08-15T22:14:01.435-0500	DEBUG	protocol/handler.go:1591	have processed broadcast	{"{round 20 3  <nil>}": {"Key":"from","Type":15,"Integer":0,"String":"a","Interface":null}}
2025-08-15T22:14:01.435-0500	DEBUG	protocol/handler.go:1649	have all messages and processed	{"{round 20 3  <nil>}": {"Key":"self","Type":15,"Integer":0,"String":"b","Interface":null}}
2025-08-15T22:14:01.435-0500	DEBUG	protocol/handler.go:596	round already finalized
2025-08-15T22:14:01.446-0500	DEBUG	protocol/handler.go:581	tryAdvanceRound called	{"{current_round 20 3  <nil>}": {"Key":"self","Type":15,"Integer":0,"String":"a","Interface":null}}
2025-08-15T22:14:01.446-0500	DEBUG	protocol/handler.go:1591	have processed broadcast	{"{round 20 3  <nil>}": {"Key":"from","Type":15,"Integer":0,"String":"b","Interface":null}}
2025-08-15T22:14:01.446-0500	DEBUG	protocol/handler.go:1649	have all messages and processed	{"{round 20 3  <nil>}": {"Key":"self","Type":15,"Integer":0,"String":"a","Interface":null}}
2025-08-15T22:14:01.446-0500	DEBUG	protocol/handler.go:596	round already finalized
2025-08-15T22:14:01.446-0500	DEBUG	protocol/handler.go:581	tryAdvanceRound called	{"{current_round 20 3  <nil>}": {"Key":"self","Type":15,"Integer":0,"String":"a","Interface":null}}
2025-08-15T22:14:01.447-0500	DEBUG	protocol/handler.go:1591	have processed broadcast	{"{round 20 3  <nil>}": {"Key":"from","Type":15,"Integer":0,"String":"b","Interface":null}}
2025-08-15T22:14:01.447-0500	DEBUG	protocol/handler.go:1649	have all messages and processed	{"{round 20 3  <nil>}": {"Key":"self","Type":15,"Integer":0,"String":"a","Interface":null}}
2025-08-15T22:14:01.447-0500	DEBUG	protocol/handler.go:596	round already finalized
2025-08-15T22:14:01.482-0500	DEBUG	protocol/handler.go:581	tryAdvanceRound called	{"{current_round 20 3  <nil>}": {"Key":"self","Type":15,"Integer":0,"String":"b","Interface":null}}
2025-08-15T22:14:01.482-0500	DEBUG	protocol/handler.go:1591	have processed broadcast	{"{round 20 3  <nil>}": {"Key":"from","Type":15,"Integer":0,"String":"a","Interface":null}}
2025-08-15T22:14:01.482-0500	DEBUG	protocol/handler.go:1649	have all messages and processed	{"{round 20 3  <nil>}": {"Key":"self","Type":15,"Integer":0,"String":"b","Interface":null}}
2025-08-15T22:14:01.482-0500	DEBUG	protocol/handler.go:596	round already finalized
2025-08-15T22:14:01.483-0500	DEBUG	protocol/handler.go:581	tryAdvanceRound called	{"{current_round 20 3  <nil>}": {"Key":"self","Type":15,"Integer":0,"String":"b","Interface":null}}
2025-08-15T22:14:01.486-0500	DEBUG	protocol/handler.go:1591	have processed broadcast	{"{round 20 3  <nil>}": {"Key":"from","Type":15,"Integer":0,"String":"a","Interface":null}}
2025-08-15T22:14:01.487-0500	DEBUG	protocol/handler.go:1649	have all messages and processed	{"{round 20 3  <nil>}": {"Key":"self","Type":15,"Integer":0,"String":"b","Interface":null}}
2025-08-15T22:14:01.487-0500	DEBUG	protocol/handler.go:596	round already finalized
2025-08-15T22:14:01.487-0500	DEBUG	protocol/handler.go:581	tryAdvanceRound called	{"{current_round 20 3  <nil>}": {"Key":"self","Type":15,"Integer":0,"String":"b","Interface":null}}
2025-08-15T22:14:01.487-0500	DEBUG	protocol/handler.go:1591	have processed broadcast	{"{round 20 3  <nil>}": {"Key":"from","Type":15,"Integer":0,"String":"a","Interface":null}}
2025-08-15T22:14:01.488-0500	DEBUG	protocol/handler.go:1649	have all messages and processed	{"{round 20 3  <nil>}": {"Key":"self","Type":15,"Integer":0,"String":"b","Interface":null}}
2025-08-15T22:14:01.488-0500	DEBUG	protocol/handler.go:596	round already finalized
2025-08-15T22:14:01.495-0500	DEBUG	protocol/handler.go:581	tryAdvanceRound called	{"{current_round 20 3  <nil>}": {"Key":"self","Type":15,"Integer":0,"String":"a","Interface":null}}
2025-08-15T22:14:01.495-0500	DEBUG	protocol/handler.go:1591	have processed broadcast	{"{round 20 3  <nil>}": {"Key":"from","Type":15,"Integer":0,"String":"b","Interface":null}}
2025-08-15T22:14:01.495-0500	DEBUG	protocol/handler.go:1649	have all messages and processed	{"{round 20 3  <nil>}": {"Key":"self","Type":15,"Integer":0,"String":"a","Interface":null}}
2025-08-15T22:14:01.495-0500	DEBUG	protocol/handler.go:596	round already finalized
2025-08-15T22:14:01.495-0500	DEBUG	protocol/handler.go:581	tryAdvanceRound called	{"{current_round 20 3  <nil>}": {"Key":"self","Type":15,"Integer":0,"String":"a","Interface":null}}
2025-08-15T22:14:01.495-0500	DEBUG	protocol/handler.go:1591	have processed broadcast	{"{round 20 3  <nil>}": {"Key":"from","Type":15,"Integer":0,"String":"b","Interface":null}}
2025-08-15T22:14:01.495-0500	DEBUG	protocol/handler.go:1649	have all messages and processed	{"{round 20 3  <nil>}": {"Key":"self","Type":15,"Integer":0,"String":"a","Interface":null}}
2025-08-15T22:14:01.496-0500	DEBUG	protocol/handler.go:596	round already finalized
2025-08-15T22:14:01.528-0500	DEBUG	protocol/handler.go:581	tryAdvanceRound called	{"{current_round 20 3  <nil>}": {"Key":"self","Type":15,"Integer":0,"String":"b","Interface":null}}
2025-08-15T22:14:01.528-0500	DEBUG	protocol/handler.go:1591	have processed broadcast	{"{round 20 3  <nil>}": {"Key":"from","Type":15,"Integer":0,"String":"a","Interface":null}}
2025-08-15T22:14:01.528-0500	DEBUG	protocol/handler.go:1649	have all messages and processed	{"{round 20 3  <nil>}": {"Key":"self","Type":15,"Integer":0,"String":"b","Interface":null}}
2025-08-15T22:14:01.528-0500	DEBUG	protocol/handler.go:596	round already finalized
2025-08-15T22:14:01.528-0500	DEBUG	protocol/handler.go:581	tryAdvanceRound called	{"{current_round 20 3  <nil>}": {"Key":"self","Type":15,"Integer":0,"String":"b","Interface":null}}
2025-08-15T22:14:01.529-0500	DEBUG	protocol/handler.go:1591	have processed broadcast	{"{round 20 3  <nil>}": {"Key":"from","Type":15,"Integer":0,"String":"a","Interface":null}}
2025-08-15T22:14:01.529-0500	DEBUG	protocol/handler.go:1649	have all messages and processed	{"{round 20 3  <nil>}": {"Key":"self","Type":15,"Integer":0,"String":"b","Interface":null}}
2025-08-15T22:14:01.529-0500	DEBUG	protocol/handler.go:596	round already finalized
2025-08-15T22:14:01.541-0500	DEBUG	protocol/handler.go:581	tryAdvanceRound called	{"{current_round 20 3  <nil>}": {"Key":"self","Type":15,"Integer":0,"String":"a","Interface":null}}
2025-08-15T22:14:01.541-0500	DEBUG	protocol/handler.go:1591	have processed broadcast	{"{round 20 3  <nil>}": {"Key":"from","Type":15,"Integer":0,"String":"b","Interface":null}}
2025-08-15T22:14:01.541-0500	DEBUG	protocol/handler.go:1649	have all messages and processed	{"{round 20 3  <nil>}": {"Key":"self","Type":15,"Integer":0,"String":"a","Interface":null}}
2025-08-15T22:14:01.541-0500	DEBUG	protocol/handler.go:596	round already finalized
2025-08-15T22:14:01.541-0500	DEBUG	protocol/handler.go:581	tryAdvanceRound called	{"{current_round 20 3  <nil>}": {"Key":"self","Type":15,"Integer":0,"String":"a","Interface":null}}
2025-08-15T22:14:01.541-0500	DEBUG	protocol/handler.go:1591	have processed broadcast	{"{round 20 3  <nil>}": {"Key":"from","Type":15,"Integer":0,"String":"b","Interface":null}}
2025-08-15T22:14:01.541-0500	DEBUG	protocol/handler.go:1649	have all messages and processed	{"{round 20 3  <nil>}": {"Key":"self","Type":15,"Integer":0,"String":"a","Interface":null}}
2025-08-15T22:14:01.541-0500	DEBUG	protocol/handler.go:596	round already finalized
2025-08-15T22:14:01.566-0500	DEBUG	protocol/handler.go:581	tryAdvanceRound called	{"{current_round 20 3  <nil>}": {"Key":"self","Type":15,"Integer":0,"String":"a","Interface":null}}
2025-08-15T22:14:01.566-0500	DEBUG	protocol/handler.go:1591	have processed broadcast	{"{round 20 3  <nil>}": {"Key":"from","Type":15,"Integer":0,"String":"b","Interface":null}}
2025-08-15T22:14:01.566-0500	DEBUG	protocol/handler.go:1649	have all messages and processed	{"{round 20 3  <nil>}": {"Key":"self","Type":15,"Integer":0,"String":"a","Interface":null}}
2025-08-15T22:14:01.566-0500	DEBUG	protocol/handler.go:596	round already finalized
2025-08-15T22:14:01.576-0500	DEBUG	protocol/handler.go:581	tryAdvanceRound called	{"{current_round 20 3  <nil>}": {"Key":"self","Type":15,"Integer":0,"String":"b","Interface":null}}
2025-08-15T22:14:01.576-0500	DEBUG	protocol/handler.go:1591	have processed broadcast	{"{round 20 3  <nil>}": {"Key":"from","Type":15,"Integer":0,"String":"a","Interface":null}}
2025-08-15T22:14:01.576-0500	DEBUG	protocol/handler.go:1649	have all messages and processed	{"{round 20 3  <nil>}": {"Key":"self","Type":15,"Integer":0,"String":"b","Interface":null}}
2025-08-15T22:14:01.576-0500	DEBUG	protocol/handler.go:596	round already finalized
2025-08-15T22:14:01.576-0500	DEBUG	protocol/handler.go:581	tryAdvanceRound called	{"{current_round 20 3  <nil>}": {"Key":"self","Type":15,"Integer":0,"String":"b","Interface":null}}
2025-08-15T22:14:01.576-0500	DEBUG	protocol/handler.go:1591	have processed broadcast	{"{round 20 3  <nil>}": {"Key":"from","Type":15,"Integer":0,"String":"a","Interface":null}}
2025-08-15T22:14:01.576-0500	DEBUG	protocol/handler.go:1649	have all messages and processed	{"{round 20 3  <nil>}": {"Key":"self","Type":15,"Integer":0,"String":"b","Interface":null}}
2025-08-15T22:14:01.576-0500	DEBUG	protocol/handler.go:596	round already finalized
2025-08-15T22:14:01.587-0500	DEBUG	protocol/handler.go:581	tryAdvanceRound called	{"{current_round 20 3  <nil>}": {"Key":"self","Type":15,"Integer":0,"String":"a","Interface":null}}
2025-08-15T22:14:01.587-0500	DEBUG	protocol/handler.go:1591	have processed broadcast	{"{round 20 3  <nil>}": {"Key":"from","Type":15,"Integer":0,"String":"b","Interface":null}}
2025-08-15T22:14:01.588-0500	DEBUG	protocol/handler.go:1649	have all messages and processed	{"{round 20 3  <nil>}": {"Key":"self","Type":15,"Integer":0,"String":"a","Interface":null}}
2025-08-15T22:14:01.588-0500	DEBUG	protocol/handler.go:596	round already finalized
2025-08-15T22:14:01.623-0500	DEBUG	protocol/handler.go:581	tryAdvanceRound called	{"{current_round 20 3  <nil>}": {"Key":"self","Type":15,"Integer":0,"String":"b","Interface":null}}
2025-08-15T22:14:01.623-0500	DEBUG	protocol/handler.go:1591	have processed broadcast	{"{round 20 3  <nil>}": {"Key":"from","Type":15,"Integer":0,"String":"a","Interface":null}}
2025-08-15T22:14:01.624-0500	DEBUG	protocol/handler.go:1649	have all messages and processed	{"{round 20 3  <nil>}": {"Key":"self","Type":15,"Integer":0,"String":"b","Interface":null}}
2025-08-15T22:14:01.624-0500	DEBUG	protocol/handler.go:596	round already finalized
2025-08-15T22:14:01.624-0500	DEBUG	protocol/handler.go:581	tryAdvanceRound called	{"{current_round 20 3  <nil>}": {"Key":"self","Type":15,"Integer":0,"String":"b","Interface":null}}
2025-08-15T22:14:01.624-0500	DEBUG	protocol/handler.go:1591	have processed broadcast	{"{round 20 3  <nil>}": {"Key":"from","Type":15,"Integer":0,"String":"a","Interface":null}}
2025-08-15T22:14:01.624-0500	DEBUG	protocol/handler.go:1649	have all messages and processed	{"{round 20 3  <nil>}": {"Key":"self","Type":15,"Integer":0,"String":"b","Interface":null}}
2025-08-15T22:14:01.624-0500	DEBUG	protocol/handler.go:596	round already finalized
2025-08-15T22:14:01.634-0500	DEBUG	protocol/handler.go:581	tryAdvanceRound called	{"{current_round 20 3  <nil>}": {"Key":"self","Type":15,"Integer":0,"String":"a","Interface":null}}
2025-08-15T22:14:01.635-0500	DEBUG	protocol/handler.go:1591	have processed broadcast	{"{round 20 3  <nil>}": {"Key":"from","Type":15,"Integer":0,"String":"b","Interface":null}}
2025-08-15T22:14:01.635-0500	DEBUG	protocol/handler.go:1649	have all messages and processed	{"{round 20 3  <nil>}": {"Key":"self","Type":15,"Integer":0,"String":"a","Interface":null}}
2025-08-15T22:14:01.635-0500	DEBUG	protocol/handler.go:596	round already finalized
2025-08-15T22:14:01.635-0500	DEBUG	protocol/handler.go:581	tryAdvanceRound called	{"{current_round 20 3  <nil>}": {"Key":"self","Type":15,"Integer":0,"String":"a","Interface":null}}
2025-08-15T22:14:01.635-0500	DEBUG	protocol/handler.go:1591	have processed broadcast	{"{round 20 3  <nil>}": {"Key":"from","Type":15,"Integer":0,"String":"b","Interface":null}}
2025-08-15T22:14:01.635-0500	DEBUG	protocol/handler.go:1649	have all messages and processed	{"{round 20 3  <nil>}": {"Key":"self","Type":15,"Integer":0,"String":"a","Interface":null}}
2025-08-15T22:14:01.635-0500	DEBUG	protocol/handler.go:596	round already finalized
==================
WARNING: DATA RACE
Write at 0x00c00010c9f8 by goroutine 112:
  github.com/cronokirby/saferith.maskEnd()
      /Users/z/go/pkg/mod/github.com/cronokirby/saferith@v0.33.0/num.go:261 +0x1cc
  github.com/cronokirby/saferith.(*Nat).resizedLimbs()
      /Users/z/go/pkg/mod/github.com/cronokirby/saferith@v0.33.0/num.go:252 +0x16c
  github.com/cronokirby/saferith.(*Nat).Cmp()
      /Users/z/go/pkg/mod/github.com/cronokirby/saferith@v0.33.0/num.go:1411 +0x90
  github.com/cronokirby/saferith.(*Nat).CmpMod()
      /Users/z/go/pkg/mod/github.com/cronokirby/saferith@v0.33.0/num.go:1430 +0x74
  github.com/luxfi/threshold/pkg/math/arith.IsValidNatModN()
      /Users/z/work/lux/threshold/pkg/math/arith/int.go:16 +0x78
  github.com/luxfi/threshold/pkg/pedersen.Parameters.Verify()
      /Users/z/work/lux/threshold/pkg/pedersen/pedersen.go:91 +0xc0
  github.com/luxfi/threshold/pkg/zk/fac.(*Proof).Verify()
      /Users/z/work/lux/threshold/pkg/zk/fac/fac.go:115 +0x214
  github.com/luxfi/threshold/protocols/cmp/keygen.(*round4).VerifyMessage()
      /Users/z/work/lux/threshold/protocols/cmp/keygen/round4.go:139 +0x368
  github.com/luxfi/threshold/pkg/protocol.(*Handler).verifyNormalForRound()
      /Users/z/work/lux/threshold/pkg/protocol/handler.go:1331 +0x348
  github.com/luxfi/threshold/pkg/protocol.(*Handler).retryUnprocessedMessages()
      /Users/z/work/lux/threshold/pkg/protocol/handler.go:1496 +0x3a0
  github.com/luxfi/threshold/pkg/protocol.(*Handler).tryAdvanceRound()
      /Users/z/work/lux/threshold/pkg/protocol/handler.go:587 +0x28c
  github.com/luxfi/threshold/pkg/protocol.(*Handler).processMessage()
      /Users/z/work/lux/threshold/pkg/protocol/handler.go:486 +0xbb0
  github.com/luxfi/threshold/pkg/protocol.(*Handler).messageWorker()
      /Users/z/work/lux/threshold/pkg/protocol/handler.go:408 +0x338
  github.com/luxfi/threshold/pkg/protocol.(*Handler).startWorkers.gowrap1()
      /Users/z/work/lux/threshold/pkg/protocol/handler.go:355 +0x44

Previous read at 0x00c00010c9f8 by goroutine 267:
  github.com/cronokirby/saferith.mulSubVVW()
      /Users/z/go/pkg/mod/github.com/cronokirby/saferith@v0.33.0/num.go:154 +0x54
  github.com/cronokirby/saferith.shiftAddInCommon()
      /Users/z/go/pkg/mod/github.com/cronokirby/saferith@v0.33.0/num.go:742 +0xd0
  github.com/cronokirby/saferith.shiftAddIn()
      /Users/z/go/pkg/mod/github.com/cronokirby/saferith@v0.33.0/num.go:795 +0x45c
  github.com/cronokirby/saferith.(*Nat).Mod()
      /Users/z/go/pkg/mod/github.com/cronokirby/saferith@v0.33.0/num.go:889 +0x2d0
  github.com/cronokirby/saferith.(*Nat).ModMul()
      /Users/z/go/pkg/mod/github.com/cronokirby/saferith@v0.33.0/num.go:1185 +0xac
  github.com/luxfi/threshold/pkg/math/arith.(*Modulus).Exp()
      /Users/z/work/lux/threshold/pkg/math/arith/modulus.go:55 +0x168
  github.com/luxfi/threshold/pkg/zk/fac.(*Proof).Verify()
      /Users/z/work/lux/threshold/pkg/zk/fac/fac.go:122 +0x28c
  github.com/luxfi/threshold/protocols/cmp/keygen.(*round4).VerifyMessage()
      /Users/z/work/lux/threshold/protocols/cmp/keygen/round4.go:139 +0x368
  github.com/luxfi/threshold/pkg/protocol.(*Handler).verifyNormalForRound()
      /Users/z/work/lux/threshold/pkg/protocol/handler.go:1331 +0x348
  github.com/luxfi/threshold/pkg/protocol.(*Handler).processQueuedMessages()
      /Users/z/work/lux/threshold/pkg/protocol/handler.go:1556 +0x550
  github.com/luxfi/threshold/pkg/protocol.(*Handler).tryAdvanceRound.gowrap2()
      /Users/z/work/lux/threshold/pkg/protocol/handler.go:673 +0x40

Goroutine 112 (running) created at:
  github.com/luxfi/threshold/pkg/protocol.(*Handler).startWorkers()
      /Users/z/work/lux/threshold/pkg/protocol/handler.go:355 +0x27c
  github.com/luxfi/threshold/pkg/protocol.NewHandler()
      /Users/z/work/lux/threshold/pkg/protocol/handler.go:247 +0xf10
  github.com/luxfi/threshold/internal/test.(*Harness).CreateHandler()
      /Users/z/work/lux/threshold/internal/test/harness.go:91 +0x2e4
  github.com/luxfi/threshold/internal/test.RunProtocol()
      /Users/z/work/lux/threshold/internal/test/harness.go:270 +0x230
  github.com/luxfi/threshold/protocols/cmp_test.TestCMPBasicKeygen()
      /Users/z/work/lux/threshold/protocols/cmp/cmp_basic_test.go:35 +0x29c
  testing.tRunner()
      /opt/homebrew/Cellar/go/1.24.6/libexec/src/testing/testing.go:1792 +0x180
  testing.(*T).Run.gowrap1()
      /opt/homebrew/Cellar/go/1.24.6/libexec/src/testing/testing.go:1851 +0x40

Goroutine 267 (running) created at:
  github.com/luxfi/threshold/pkg/protocol.(*Handler).tryAdvanceRound()
      /Users/z/work/lux/threshold/pkg/protocol/handler.go:673 +0x12e4
  github.com/luxfi/threshold/pkg/protocol.(*Handler).processMessage()
      /Users/z/work/lux/threshold/pkg/protocol/handler.go:486 +0xbb0
  github.com/luxfi/threshold/pkg/protocol.(*Handler).messageWorker()
      /Users/z/work/lux/threshold/pkg/protocol/handler.go:408 +0x338
  github.com/luxfi/threshold/pkg/protocol.(*Handler).startWorkers.gowrap2()
      /Users/z/work/lux/threshold/pkg/protocol/handler.go:361 +0x44
==================
==================
WARNING: DATA RACE
Write at 0x00c00010c9f8 by goroutine 112:
  github.com/cronokirby/saferith.maskEnd()
      /Users/z/go/pkg/mod/github.com/cronokirby/saferith@v0.33.0/num.go:261 +0x1cc
  github.com/cronokirby/saferith.(*Nat).resizedLimbs()
      /Users/z/go/pkg/mod/github.com/cronokirby/saferith@v0.33.0/num.go:252 +0x16c
  github.com/cronokirby/saferith.(*Nat).Cmp()
      /Users/z/go/pkg/mod/github.com/cronokirby/saferith@v0.33.0/num.go:1411 +0x90
  github.com/cronokirby/saferith.(*Nat).CmpMod()
      /Users/z/go/pkg/mod/github.com/cronokirby/saferith@v0.33.0/num.go:1430 +0x74
  github.com/luxfi/threshold/pkg/math/arith.IsValidNatModN()
      /Users/z/work/lux/threshold/pkg/math/arith/int.go:16 +0x78
  github.com/luxfi/threshold/pkg/pedersen.Parameters.Verify()
      /Users/z/work/lux/threshold/pkg/pedersen/pedersen.go:91 +0xc0
  github.com/luxfi/threshold/pkg/zk/fac.(*Proof).Verify()
      /Users/z/work/lux/threshold/pkg/zk/fac/fac.go:115 +0x214
  github.com/luxfi/threshold/protocols/cmp/keygen.(*round4).VerifyMessage()
      /Users/z/work/lux/threshold/protocols/cmp/keygen/round4.go:139 +0x368
  github.com/luxfi/threshold/pkg/protocol.(*Handler).verifyNormalForRound()
      /Users/z/work/lux/threshold/pkg/protocol/handler.go:1331 +0x348
  github.com/luxfi/threshold/pkg/protocol.(*Handler).retryUnprocessedMessages()
      /Users/z/work/lux/threshold/pkg/protocol/handler.go:1496 +0x3a0
  github.com/luxfi/threshold/pkg/protocol.(*Handler).tryAdvanceRound()
      /Users/z/work/lux/threshold/pkg/protocol/handler.go:587 +0x28c
  github.com/luxfi/threshold/pkg/protocol.(*Handler).processMessage()
      /Users/z/work/lux/threshold/pkg/protocol/handler.go:486 +0xbb0
  github.com/luxfi/threshold/pkg/protocol.(*Handler).messageWorker()
      /Users/z/work/lux/threshold/pkg/protocol/handler.go:408 +0x338
  github.com/luxfi/threshold/pkg/protocol.(*Handler).startWorkers.gowrap1()
      /Users/z/work/lux/threshold/pkg/protocol/handler.go:355 +0x44

Previous read at 0x00c00010c9f8 by goroutine 119:
  runtime.slicecopy()
      /opt/homebrew/Cellar/go/1.24.6/libexec/src/runtime/slice.go:355 +0x0
  github.com/cronokirby/saferith.(*Nat).invert()
      /Users/z/go/pkg/mod/github.com/cronokirby/saferith@v0.33.0/num.go:1561 +0x318
  github.com/cronokirby/saferith.(*Nat).modInverse()
      /Users/z/go/pkg/mod/github.com/cronokirby/saferith@v0.33.0/num.go:1743 +0x18c
  github.com/cronokirby/saferith.(*Nat).ModInverse()
      /Users/z/go/pkg/mod/github.com/cronokirby/saferith@v0.33.0/num.go:1757 +0x80
  github.com/luxfi/threshold/pkg/math/arith.(*Modulus).ExpI()
      /Users/z/work/lux/threshold/pkg/math/arith/modulus.go:68 +0xd4
  github.com/luxfi/threshold/pkg/zk/fac.(*Proof).Verify()
      /Users/z/work/lux/threshold/pkg/zk/fac/fac.go:127 +0x364
  github.com/luxfi/threshold/protocols/cmp/keygen.(*round4).VerifyMessage()
      /Users/z/work/lux/threshold/protocols/cmp/keygen/round4.go:139 +0x368
  github.com/luxfi/threshold/pkg/protocol.(*Handler).verifyNormalForRound()
      /Users/z/work/lux/threshold/pkg/protocol/handler.go:1331 +0x348
  github.com/luxfi/threshold/pkg/protocol.(*Handler).retryUnprocessedMessages()
      /Users/z/work/lux/threshold/pkg/protocol/handler.go:1496 +0x3a0
  github.com/luxfi/threshold/pkg/protocol.(*Handler).tryAdvanceRound()
      /Users/z/work/lux/threshold/pkg/protocol/handler.go:587 +0x28c
  github.com/luxfi/threshold/pkg/protocol.(*Handler).roundProcessor()
      /Users/z/work/lux/threshold/pkg/protocol/handler.go:569 +0xb4
  github.com/luxfi/threshold/pkg/protocol.(*Handler).startWorkers.func1()
      /Users/z/work/lux/threshold/pkg/protocol/handler.go:374 +0x78

Goroutine 112 (running) created at:
  github.com/luxfi/threshold/pkg/protocol.(*Handler).startWorkers()
      /Users/z/work/lux/threshold/pkg/protocol/handler.go:355 +0x27c
  github.com/luxfi/threshold/pkg/protocol.NewHandler()
      /Users/z/work/lux/threshold/pkg/protocol/handler.go:247 +0xf10
  github.com/luxfi/threshold/internal/test.(*Harness).CreateHandler()
      /Users/z/work/lux/threshold/internal/test/harness.go:91 +0x2e4
  github.com/luxfi/threshold/internal/test.RunProtocol()
      /Users/z/work/lux/threshold/internal/test/harness.go:270 +0x230
  github.com/luxfi/threshold/protocols/cmp_test.TestCMPBasicKeygen()
      /Users/z/work/lux/threshold/protocols/cmp/cmp_basic_test.go:35 +0x29c
  testing.tRunner()
      /opt/homebrew/Cellar/go/1.24.6/libexec/src/testing/testing.go:1792 +0x180
  testing.(*T).Run.gowrap1()
      /opt/homebrew/Cellar/go/1.24.6/libexec/src/testing/testing.go:1851 +0x40

Goroutine 119 (running) created at:
2025-08-15T22:14:01.645-0500	DEBUG	protocol/handler.go:581	tryAdvanceRound called	{"{current_round 20 3  <nil>}": {"Key":"self","Type":15,"Integer":0,"String":"b","Interface":null}}
  github.com/luxfi/threshold/pkg/protocol.(*Handler).startWorkers()
      /Users/z/work/lux/threshold/pkg/protocol/handler.go:372 +0x4fc
  github.com/luxfi/threshold/pkg/protocol.NewHandler()
      /Users/z/work/lux/threshold/pkg/protocol/handler.go:247 +0xf10
  github.com/luxfi/threshold/internal/test.(*Harness).CreateHandler()
      /Users/z/work/lux/threshold/internal/test/harness.go:91 +0x2e4
  github.com/luxfi/threshold/internal/test.RunProtocol()
      /Users/z/work/lux/threshold/internal/test/harness.go:270 +0x230
  github.com/luxfi/threshold/protocols/cmp_test.TestCMPBasicKeygen()
      /Users/z/work/lux/threshold/protocols/cmp/cmp_basic_test.go:35 +0x29c
  testing.tRunner()
      /opt/homebrew/Cellar/go/1.24.6/libexec/src/testing/testing.go:1792 +0x180
  testing.(*T).Run.gowrap1()
      /opt/homebrew/Cellar/go/1.24.6/libexec/src/testing/testing.go:1851 +0x40
==================
2025-08-15T22:14:01.645-0500	DEBUG	protocol/handler.go:1591	have processed broadcast	{"{round 20 3  <nil>}": {"Key":"from","Type":15,"Integer":0,"String":"a","Interface":null}}
2025-08-15T22:14:01.645-0500	DEBUG	protocol/handler.go:1649	have all messages and processed	{"{round 20 3  <nil>}": {"Key":"self","Type":15,"Integer":0,"String":"b","Interface":null}}
2025-08-15T22:14:01.645-0500	DEBUG	protocol/handler.go:596	round already finalized
2025-08-15T22:14:01.670-0500	DEBUG	protocol/handler.go:581	tryAdvanceRound called	{"{current_round 20 3  <nil>}": {"Key":"self","Type":15,"Integer":0,"String":"b","Interface":null}}
2025-08-15T22:14:01.670-0500	DEBUG	protocol/handler.go:1591	have processed broadcast	{"{round 20 3  <nil>}": {"Key":"from","Type":15,"Integer":0,"String":"a","Interface":null}}
2025-08-15T22:14:01.671-0500	DEBUG	protocol/handler.go:1649	have all messages and processed	{"{round 20 3  <nil>}": {"Key":"self","Type":15,"Integer":0,"String":"b","Interface":null}}
2025-08-15T22:14:01.671-0500	DEBUG	protocol/handler.go:596	round already finalized
2025-08-15T22:14:01.680-0500	DEBUG	protocol/handler.go:581	tryAdvanceRound called	{"{current_round 20 3  <nil>}": {"Key":"self","Type":15,"Integer":0,"String":"a","Interface":null}}
2025-08-15T22:14:01.680-0500	DEBUG	protocol/handler.go:1591	have processed broadcast	{"{round 20 3  <nil>}": {"Key":"from","Type":15,"Integer":0,"String":"b","Interface":null}}
2025-08-15T22:14:01.680-0500	DEBUG	protocol/handler.go:1649	have all messages and processed	{"{round 20 3  <nil>}": {"Key":"self","Type":15,"Integer":0,"String":"a","Interface":null}}
2025-08-15T22:14:01.680-0500	DEBUG	protocol/handler.go:596	round already finalized
2025-08-15T22:14:01.680-0500	DEBUG	protocol/handler.go:581	tryAdvanceRound called	{"{current_round 20 3  <nil>}": {"Key":"self","Type":15,"Integer":0,"String":"a","Interface":null}}
2025-08-15T22:14:01.680-0500	DEBUG	protocol/handler.go:1591	have processed broadcast	{"{round 20 3  <nil>}": {"Key":"from","Type":15,"Integer":0,"String":"b","Interface":null}}
2025-08-15T22:14:01.680-0500	DEBUG	protocol/handler.go:1649	have all messages and processed	{"{round 20 3  <nil>}": {"Key":"self","Type":15,"Integer":0,"String":"a","Interface":null}}
2025-08-15T22:14:01.680-0500	DEBUG	protocol/handler.go:596	round already finalized
2025-08-15T22:14:01.702-0500	DEBUG	protocol/handler.go:581	tryAdvanceRound called	{"{current_round 20 3  <nil>}": {"Key":"self","Type":15,"Integer":0,"String":"a","Interface":null}}
2025-08-15T22:14:01.702-0500	DEBUG	protocol/handler.go:1591	have processed broadcast	{"{round 20 3  <nil>}": {"Key":"from","Type":15,"Integer":0,"String":"b","Interface":null}}
2025-08-15T22:14:01.702-0500	DEBUG	protocol/handler.go:1649	have all messages and processed	{"{round 20 3  <nil>}": {"Key":"self","Type":15,"Integer":0,"String":"a","Interface":null}}
2025-08-15T22:14:01.703-0500	DEBUG	protocol/handler.go:596	round already finalized
2025-08-15T22:14:01.737-0500	DEBUG	protocol/handler.go:581	tryAdvanceRound called	{"{current_round 20 3  <nil>}": {"Key":"self","Type":15,"Integer":0,"String":"b","Interface":null}}
2025-08-15T22:14:01.738-0500	DEBUG	protocol/handler.go:1591	have processed broadcast	{"{round 20 3  <nil>}": {"Key":"from","Type":15,"Integer":0,"String":"a","Interface":null}}
2025-08-15T22:14:01.738-0500	DEBUG	protocol/handler.go:1649	have all messages and processed	{"{round 20 3  <nil>}": {"Key":"self","Type":15,"Integer":0,"String":"b","Interface":null}}
2025-08-15T22:14:01.738-0500	DEBUG	protocol/handler.go:596	round already finalized
2025-08-15T22:14:01.738-0500	DEBUG	protocol/handler.go:581	tryAdvanceRound called	{"{current_round 20 3  <nil>}": {"Key":"self","Type":15,"Integer":0,"String":"b","Interface":null}}
2025-08-15T22:14:01.738-0500	DEBUG	protocol/handler.go:1591	have processed broadcast	{"{round 20 3  <nil>}": {"Key":"from","Type":15,"Integer":0,"String":"a","Interface":null}}
2025-08-15T22:14:01.738-0500	DEBUG	protocol/handler.go:1649	have all messages and processed	{"{round 20 3  <nil>}": {"Key":"self","Type":15,"Integer":0,"String":"b","Interface":null}}
2025-08-15T22:14:01.738-0500	DEBUG	protocol/handler.go:596	round already finalized
2025-08-15T22:14:01.749-0500	DEBUG	protocol/handler.go:581	tryAdvanceRound called	{"{current_round 20 3  <nil>}": {"Key":"self","Type":15,"Integer":0,"String":"a","Interface":null}}
2025-08-15T22:14:01.749-0500	DEBUG	protocol/handler.go:1591	have processed broadcast	{"{round 20 3  <nil>}": {"Key":"from","Type":15,"Integer":0,"String":"b","Interface":null}}
2025-08-15T22:14:01.749-0500	DEBUG	protocol/handler.go:1649	have all messages and processed	{"{round 20 3  <nil>}": {"Key":"self","Type":15,"Integer":0,"String":"a","Interface":null}}
2025-08-15T22:14:01.749-0500	DEBUG	protocol/handler.go:596	round already finalized
2025-08-15T22:14:01.749-0500	DEBUG	protocol/handler.go:581	tryAdvanceRound called	{"{current_round 20 3  <nil>}": {"Key":"self","Type":15,"Integer":0,"String":"a","Interface":null}}
2025-08-15T22:14:01.749-0500	DEBUG	protocol/handler.go:1591	have processed broadcast	{"{round 20 3  <nil>}": {"Key":"from","Type":15,"Integer":0,"String":"b","Interface":null}}
2025-08-15T22:14:01.749-0500	DEBUG	protocol/handler.go:1649	have all messages and processed	{"{round 20 3  <nil>}": {"Key":"self","Type":15,"Integer":0,"String":"a","Interface":null}}
2025-08-15T22:14:01.749-0500	DEBUG	protocol/handler.go:596	round already finalized
2025-08-15T22:14:01.781-0500	DEBUG	protocol/handler.go:581	tryAdvanceRound called	{"{current_round 20 3  <nil>}": {"Key":"self","Type":15,"Integer":0,"String":"b","Interface":null}}
2025-08-15T22:14:01.782-0500	DEBUG	protocol/handler.go:1591	have processed broadcast	{"{round 20 3  <nil>}": {"Key":"from","Type":15,"Integer":0,"String":"a","Interface":null}}
2025-08-15T22:14:01.782-0500	DEBUG	protocol/handler.go:1649	have all messages and processed	{"{round 20 3  <nil>}": {"Key":"self","Type":15,"Integer":0,"String":"b","Interface":null}}
2025-08-15T22:14:01.782-0500	DEBUG	protocol/handler.go:596	round already finalized
2025-08-15T22:14:01.782-0500	DEBUG	protocol/handler.go:581	tryAdvanceRound called	{"{current_round 20 3  <nil>}": {"Key":"self","Type":15,"Integer":0,"String":"b","Interface":null}}
2025-08-15T22:14:01.782-0500	DEBUG	protocol/handler.go:1591	have processed broadcast	{"{round 20 3  <nil>}": {"Key":"from","Type":15,"Integer":0,"String":"a","Interface":null}}
2025-08-15T22:14:01.782-0500	DEBUG	protocol/handler.go:1649	have all messages and processed	{"{round 20 3  <nil>}": {"Key":"self","Type":15,"Integer":0,"String":"b","Interface":null}}
2025-08-15T22:14:01.782-0500	DEBUG	protocol/handler.go:596	round already finalized
2025-08-15T22:14:01.792-0500	DEBUG	protocol/handler.go:581	tryAdvanceRound called	{"{current_round 20 3  <nil>}": {"Key":"self","Type":15,"Integer":0,"String":"a","Interface":null}}
2025-08-15T22:14:01.792-0500	DEBUG	protocol/handler.go:1591	have processed broadcast	{"{round 20 3  <nil>}": {"Key":"from","Type":15,"Integer":0,"String":"b","Interface":null}}
2025-08-15T22:14:01.792-0500	DEBUG	protocol/handler.go:1649	have all messages and processed	{"{round 20 3  <nil>}": {"Key":"self","Type":15,"Integer":0,"String":"a","Interface":null}}
2025-08-15T22:14:01.792-0500	DEBUG	protocol/handler.go:596	round already finalized
2025-08-15T22:14:01.792-0500	DEBUG	protocol/handler.go:581	tryAdvanceRound called	{"{current_round 20 3  <nil>}": {"Key":"self","Type":15,"Integer":0,"String":"a","Interface":null}}
2025-08-15T22:14:01.792-0500	DEBUG	protocol/handler.go:1591	have processed broadcast	{"{round 20 3  <nil>}": {"Key":"from","Type":15,"Integer":0,"String":"b","Interface":null}}
2025-08-15T22:14:01.792-0500	DEBUG	protocol/handler.go:1649	have all messages and processed	{"{round 20 3  <nil>}": {"Key":"self","Type":15,"Integer":0,"String":"a","Interface":null}}
2025-08-15T22:14:01.792-0500	DEBUG	protocol/handler.go:596	round already finalized
2025-08-15T22:14:01.803-0500	DEBUG	protocol/handler.go:581	tryAdvanceRound called	{"{current_round 20 3  <nil>}": {"Key":"self","Type":15,"Integer":0,"String":"b","Interface":null}}
2025-08-15T22:14:01.803-0500	DEBUG	protocol/handler.go:1591	have processed broadcast	{"{round 20 3  <nil>}": {"Key":"from","Type":15,"Integer":0,"String":"a","Interface":null}}
2025-08-15T22:14:01.803-0500	DEBUG	protocol/handler.go:1649	have all messages and processed	{"{round 20 3  <nil>}": {"Key":"self","Type":15,"Integer":0,"String":"b","Interface":null}}
2025-08-15T22:14:01.803-0500	DEBUG	protocol/handler.go:596	round already finalized
2025-08-15T22:14:01.815-0500	DEBUG	protocol/handler.go:581	tryAdvanceRound called	{"{current_round 20 3  <nil>}": {"Key":"self","Type":15,"Integer":0,"String":"a","Interface":null}}
2025-08-15T22:14:01.815-0500	DEBUG	protocol/handler.go:1591	have processed broadcast	{"{round 20 3  <nil>}": {"Key":"from","Type":15,"Integer":0,"String":"b","Interface":null}}
2025-08-15T22:14:01.815-0500	DEBUG	protocol/handler.go:1649	have all messages and processed	{"{round 20 3  <nil>}": {"Key":"self","Type":15,"Integer":0,"String":"a","Interface":null}}
2025-08-15T22:14:01.815-0500	DEBUG	protocol/handler.go:596	round already finalized
2025-08-15T22:14:01.833-0500	DEBUG	protocol/handler.go:581	tryAdvanceRound called	{"{current_round 20 3  <nil>}": {"Key":"self","Type":15,"Integer":0,"String":"b","Interface":null}}
2025-08-15T22:14:01.834-0500	DEBUG	protocol/handler.go:1591	have processed broadcast	{"{round 20 3  <nil>}": {"Key":"from","Type":15,"Integer":0,"String":"a","Interface":null}}
2025-08-15T22:14:01.834-0500	DEBUG	protocol/handler.go:1649	have all messages and processed	{"{round 20 3  <nil>}": {"Key":"self","Type":15,"Integer":0,"String":"b","Interface":null}}
2025-08-15T22:14:01.834-0500	DEBUG	protocol/handler.go:596	round already finalized
2025-08-15T22:14:01.840-0500	DEBUG	protocol/handler.go:581	tryAdvanceRound called	{"{current_round 20 3  <nil>}": {"Key":"self","Type":15,"Integer":0,"String":"a","Interface":null}}
2025-08-15T22:14:01.840-0500	DEBUG	protocol/handler.go:1591	have processed broadcast	{"{round 20 3  <nil>}": {"Key":"from","Type":15,"Integer":0,"String":"b","Interface":null}}
2025-08-15T22:14:01.840-0500	DEBUG	protocol/handler.go:1649	have all messages and processed	{"{round 20 3  <nil>}": {"Key":"self","Type":15,"Integer":0,"String":"a","Interface":null}}
2025-08-15T22:14:01.840-0500	DEBUG	protocol/handler.go:596	round already finalized
2025-08-15T22:14:01.875-0500	DEBUG	protocol/handler.go:581	tryAdvanceRound called	{"{current_round 20 3  <nil>}": {"Key":"self","Type":15,"Integer":0,"String":"b","Interface":null}}
2025-08-15T22:14:01.875-0500	DEBUG	protocol/handler.go:1591	have processed broadcast	{"{round 20 3  <nil>}": {"Key":"from","Type":15,"Integer":0,"String":"a","Interface":null}}
2025-08-15T22:14:01.875-0500	DEBUG	protocol/handler.go:1649	have all messages and processed	{"{round 20 3  <nil>}": {"Key":"self","Type":15,"Integer":0,"String":"b","Interface":null}}
2025-08-15T22:14:01.875-0500	DEBUG	protocol/handler.go:596	round already finalized
2025-08-15T22:14:01.875-0500	DEBUG	protocol/handler.go:581	tryAdvanceRound called	{"{current_round 20 3  <nil>}": {"Key":"self","Type":15,"Integer":0,"String":"b","Interface":null}}
2025-08-15T22:14:01.875-0500	DEBUG	protocol/handler.go:1591	have processed broadcast	{"{round 20 3  <nil>}": {"Key":"from","Type":15,"Integer":0,"String":"a","Interface":null}}
2025-08-15T22:14:01.875-0500	DEBUG	protocol/handler.go:1649	have all messages and processed	{"{round 20 3  <nil>}": {"Key":"self","Type":15,"Integer":0,"String":"b","Interface":null}}
2025-08-15T22:14:01.875-0500	DEBUG	protocol/handler.go:596	round already finalized
2025-08-15T22:14:01.888-0500	DEBUG	protocol/handler.go:581	tryAdvanceRound called	{"{current_round 20 3  <nil>}": {"Key":"self","Type":15,"Integer":0,"String":"a","Interface":null}}
2025-08-15T22:14:01.888-0500	DEBUG	protocol/handler.go:1591	have processed broadcast	{"{round 20 3  <nil>}": {"Key":"from","Type":15,"Integer":0,"String":"b","Interface":null}}
2025-08-15T22:14:01.888-0500	DEBUG	protocol/handler.go:1649	have all messages and processed	{"{round 20 3  <nil>}": {"Key":"self","Type":15,"Integer":0,"String":"a","Interface":null}}
2025-08-15T22:14:01.888-0500	DEBUG	protocol/handler.go:596	round already finalized
2025-08-15T22:14:01.888-0500	DEBUG	protocol/handler.go:581	tryAdvanceRound called	{"{current_round 20 3  <nil>}": {"Key":"self","Type":15,"Integer":0,"String":"a","Interface":null}}
2025-08-15T22:14:01.888-0500	DEBUG	protocol/handler.go:1591	have processed broadcast	{"{round 20 3  <nil>}": {"Key":"from","Type":15,"Integer":0,"String":"b","Interface":null}}
2025-08-15T22:14:01.888-0500	DEBUG	protocol/handler.go:1649	have all messages and processed	{"{round 20 3  <nil>}": {"Key":"self","Type":15,"Integer":0,"String":"a","Interface":null}}
2025-08-15T22:14:01.888-0500	DEBUG	protocol/handler.go:596	round already finalized
2025-08-15T22:14:01.912-0500	DEBUG	protocol/handler.go:581	tryAdvanceRound called	{"{current_round 20 3  <nil>}": {"Key":"self","Type":15,"Integer":0,"String":"a","Interface":null}}
2025-08-15T22:14:01.912-0500	DEBUG	protocol/handler.go:1591	have processed broadcast	{"{round 20 3  <nil>}": {"Key":"from","Type":15,"Integer":0,"String":"b","Interface":null}}
2025-08-15T22:14:01.913-0500	DEBUG	protocol/handler.go:1649	have all messages and processed	{"{round 20 3  <nil>}": {"Key":"self","Type":15,"Integer":0,"String":"a","Interface":null}}
2025-08-15T22:14:01.913-0500	DEBUG	protocol/handler.go:596	round already finalized
2025-08-15T22:14:01.923-0500	DEBUG	protocol/handler.go:581	tryAdvanceRound called	{"{current_round 20 3  <nil>}": {"Key":"self","Type":15,"Integer":0,"String":"b","Interface":null}}
2025-08-15T22:14:01.923-0500	DEBUG	protocol/handler.go:1591	have processed broadcast	{"{round 20 3  <nil>}": {"Key":"from","Type":15,"Integer":0,"String":"a","Interface":null}}
2025-08-15T22:14:01.923-0500	DEBUG	protocol/handler.go:1649	have all messages and processed	{"{round 20 3  <nil>}": {"Key":"self","Type":15,"Integer":0,"String":"b","Interface":null}}
2025-08-15T22:14:01.923-0500	DEBUG	protocol/handler.go:596	round already finalized
2025-08-15T22:14:01.923-0500	DEBUG	protocol/handler.go:581	tryAdvanceRound called	{"{current_round 20 3  <nil>}": {"Key":"self","Type":15,"Integer":0,"String":"b","Interface":null}}
2025-08-15T22:14:01.923-0500	DEBUG	protocol/handler.go:1591	have processed broadcast	{"{round 20 3  <nil>}": {"Key":"from","Type":15,"Integer":0,"String":"a","Interface":null}}
2025-08-15T22:14:01.923-0500	DEBUG	protocol/handler.go:1649	have all messages and processed	{"{round 20 3  <nil>}": {"Key":"self","Type":15,"Integer":0,"String":"b","Interface":null}}
2025-08-15T22:14:01.923-0500	DEBUG	protocol/handler.go:596	round already finalized
2025-08-15T22:14:01.955-0500	DEBUG	protocol/handler.go:581	tryAdvanceRound called	{"{current_round 20 3  <nil>}": {"Key":"self","Type":15,"Integer":0,"String":"a","Interface":null}}
2025-08-15T22:14:01.955-0500	DEBUG	protocol/handler.go:1591	have processed broadcast	{"{round 20 3  <nil>}": {"Key":"from","Type":15,"Integer":0,"String":"b","Interface":null}}
2025-08-15T22:14:01.956-0500	DEBUG	protocol/handler.go:1649	have all messages and processed	{"{round 20 3  <nil>}": {"Key":"self","Type":15,"Integer":0,"String":"a","Interface":null}}
2025-08-15T22:14:01.956-0500	DEBUG	protocol/handler.go:596	round already finalized
2025-08-15T22:14:01.956-0500	DEBUG	protocol/handler.go:581	tryAdvanceRound called	{"{current_round 20 3  <nil>}": {"Key":"self","Type":15,"Integer":0,"String":"a","Interface":null}}
2025-08-15T22:14:01.956-0500	DEBUG	protocol/handler.go:1591	have processed broadcast	{"{round 20 3  <nil>}": {"Key":"from","Type":15,"Integer":0,"String":"b","Interface":null}}
2025-08-15T22:14:01.956-0500	DEBUG	protocol/handler.go:1649	have all messages and processed	{"{round 20 3  <nil>}": {"Key":"self","Type":15,"Integer":0,"String":"a","Interface":null}}
2025-08-15T22:14:01.956-0500	DEBUG	protocol/handler.go:596	round already finalized
2025-08-15T22:14:01.968-0500	DEBUG	protocol/handler.go:581	tryAdvanceRound called	{"{current_round 20 3  <nil>}": {"Key":"self","Type":15,"Integer":0,"String":"b","Interface":null}}
2025-08-15T22:14:01.968-0500	DEBUG	protocol/handler.go:1591	have processed broadcast	{"{round 20 3  <nil>}": {"Key":"from","Type":15,"Integer":0,"String":"a","Interface":null}}
2025-08-15T22:14:01.968-0500	DEBUG	protocol/handler.go:1649	have all messages and processed	{"{round 20 3  <nil>}": {"Key":"self","Type":15,"Integer":0,"String":"b","Interface":null}}
2025-08-15T22:14:01.968-0500	DEBUG	protocol/handler.go:596	round already finalized
2025-08-15T22:14:01.968-0500	DEBUG	protocol/handler.go:581	tryAdvanceRound called	{"{current_round 20 3  <nil>}": {"Key":"self","Type":15,"Integer":0,"String":"b","Interface":null}}
2025-08-15T22:14:01.968-0500	DEBUG	protocol/handler.go:1591	have processed broadcast	{"{round 20 3  <nil>}": {"Key":"from","Type":15,"Integer":0,"String":"a","Interface":null}}
2025-08-15T22:14:01.968-0500	DEBUG	protocol/handler.go:1649	have all messages and processed	{"{round 20 3  <nil>}": {"Key":"self","Type":15,"Integer":0,"String":"b","Interface":null}}
2025-08-15T22:14:01.968-0500	DEBUG	protocol/handler.go:596	round already finalized
2025-08-15T22:14:01.992-0500	DEBUG	protocol/handler.go:581	tryAdvanceRound called	{"{current_round 20 3  <nil>}": {"Key":"self","Type":15,"Integer":0,"String":"b","Interface":null}}
2025-08-15T22:14:01.992-0500	DEBUG	protocol/handler.go:1591	have processed broadcast	{"{round 20 3  <nil>}": {"Key":"from","Type":15,"Integer":0,"String":"a","Interface":null}}
2025-08-15T22:14:01.992-0500	DEBUG	protocol/handler.go:1649	have all messages and processed	{"{round 20 3  <nil>}": {"Key":"self","Type":15,"Integer":0,"String":"b","Interface":null}}
2025-08-15T22:14:01.992-0500	DEBUG	protocol/handler.go:596	round already finalized
2025-08-15T22:14:02.002-0500	DEBUG	protocol/handler.go:581	tryAdvanceRound called	{"{current_round 20 3  <nil>}": {"Key":"self","Type":15,"Integer":0,"String":"a","Interface":null}}
2025-08-15T22:14:02.002-0500	DEBUG	protocol/handler.go:1591	have processed broadcast	{"{round 20 3  <nil>}": {"Key":"from","Type":15,"Integer":0,"String":"b","Interface":null}}
2025-08-15T22:14:02.002-0500	DEBUG	protocol/handler.go:1649	have all messages and processed	{"{round 20 3  <nil>}": {"Key":"self","Type":15,"Integer":0,"String":"a","Interface":null}}
2025-08-15T22:14:02.002-0500	DEBUG	protocol/handler.go:596	round already finalized
2025-08-15T22:14:02.002-0500	DEBUG	protocol/handler.go:581	tryAdvanceRound called	{"{current_round 20 3  <nil>}": {"Key":"self","Type":15,"Integer":0,"String":"a","Interface":null}}
2025-08-15T22:14:02.002-0500	DEBUG	protocol/handler.go:1591	have processed broadcast	{"{round 20 3  <nil>}": {"Key":"from","Type":15,"Integer":0,"String":"b","Interface":null}}
2025-08-15T22:14:02.002-0500	DEBUG	protocol/handler.go:1649	have all messages and processed	{"{round 20 3  <nil>}": {"Key":"self","Type":15,"Integer":0,"String":"a","Interface":null}}
2025-08-15T22:14:02.002-0500	DEBUG	protocol/handler.go:596	round already finalized
2025-08-15T22:14:02.015-0500	DEBUG	protocol/handler.go:581	tryAdvanceRound called	{"{current_round 20 3  <nil>}": {"Key":"self","Type":15,"Integer":0,"String":"b","Interface":null}}
2025-08-15T22:14:02.015-0500	DEBUG	protocol/handler.go:1591	have processed broadcast	{"{round 20 3  <nil>}": {"Key":"from","Type":15,"Integer":0,"String":"a","Interface":null}}
2025-08-15T22:14:02.015-0500	DEBUG	protocol/handler.go:1649	have all messages and processed	{"{round 20 3  <nil>}": {"Key":"self","Type":15,"Integer":0,"String":"b","Interface":null}}
2025-08-15T22:14:02.015-0500	DEBUG	protocol/handler.go:596	round already finalized
2025-08-15T22:14:02.036-0500	DEBUG	protocol/handler.go:581	tryAdvanceRound called	{"{current_round 20 3  <nil>}": {"Key":"self","Type":15,"Integer":0,"String":"b","Interface":null}}
2025-08-15T22:14:02.036-0500	DEBUG	protocol/handler.go:1591	have processed broadcast	{"{round 20 3  <nil>}": {"Key":"from","Type":15,"Integer":0,"String":"a","Interface":null}}
2025-08-15T22:14:02.036-0500	DEBUG	protocol/handler.go:1649	have all messages and processed	{"{round 20 3  <nil>}": {"Key":"self","Type":15,"Integer":0,"String":"b","Interface":null}}
2025-08-15T22:14:02.036-0500	DEBUG	protocol/handler.go:596	round already finalized
2025-08-15T22:14:02.050-0500	DEBUG	protocol/handler.go:581	tryAdvanceRound called	{"{current_round 20 3  <nil>}": {"Key":"self","Type":15,"Integer":0,"String":"a","Interface":null}}
2025-08-15T22:14:02.050-0500	DEBUG	protocol/handler.go:1591	have processed broadcast	{"{round 20 3  <nil>}": {"Key":"from","Type":15,"Integer":0,"String":"b","Interface":null}}
2025-08-15T22:14:02.050-0500	DEBUG	protocol/handler.go:1649	have all messages and processed	{"{round 20 3  <nil>}": {"Key":"self","Type":15,"Integer":0,"String":"a","Interface":null}}
2025-08-15T22:14:02.050-0500	DEBUG	protocol/handler.go:596	round already finalized
2025-08-15T22:14:02.050-0500	DEBUG	protocol/handler.go:581	tryAdvanceRound called	{"{current_round 20 3  <nil>}": {"Key":"self","Type":15,"Integer":0,"String":"a","Interface":null}}
2025-08-15T22:14:02.050-0500	DEBUG	protocol/handler.go:1591	have processed broadcast	{"{round 20 3  <nil>}": {"Key":"from","Type":15,"Integer":0,"String":"b","Interface":null}}
2025-08-15T22:14:02.051-0500	DEBUG	protocol/handler.go:1649	have all messages and processed	{"{round 20 3  <nil>}": {"Key":"self","Type":15,"Integer":0,"String":"a","Interface":null}}
2025-08-15T22:14:02.051-0500	DEBUG	protocol/handler.go:596	round already finalized
2025-08-15T22:14:02.060-0500	DEBUG	protocol/handler.go:581	tryAdvanceRound called	{"{current_round 20 3  <nil>}": {"Key":"self","Type":15,"Integer":0,"String":"b","Interface":null}}
2025-08-15T22:14:02.060-0500	DEBUG	protocol/handler.go:1591	have processed broadcast	{"{round 20 3  <nil>}": {"Key":"from","Type":15,"Integer":0,"String":"a","Interface":null}}
2025-08-15T22:14:02.060-0500	DEBUG	protocol/handler.go:1649	have all messages and processed	{"{round 20 3  <nil>}": {"Key":"self","Type":15,"Integer":0,"String":"b","Interface":null}}
2025-08-15T22:14:02.060-0500	DEBUG	protocol/handler.go:596	round already finalized
2025-08-15T22:14:02.060-0500	DEBUG	protocol/handler.go:581	tryAdvanceRound called	{"{current_round 20 3  <nil>}": {"Key":"self","Type":15,"Integer":0,"String":"b","Interface":null}}
2025-08-15T22:14:02.060-0500	DEBUG	protocol/handler.go:1591	have processed broadcast	{"{round 20 3  <nil>}": {"Key":"from","Type":15,"Integer":0,"String":"a","Interface":null}}
2025-08-15T22:14:02.060-0500	DEBUG	protocol/handler.go:1649	have all messages and processed	{"{round 20 3  <nil>}": {"Key":"self","Type":15,"Integer":0,"String":"b","Interface":null}}
2025-08-15T22:14:02.060-0500	DEBUG	protocol/handler.go:596	round already finalized
2025-08-15T22:14:02.084-0500	DEBUG	protocol/handler.go:581	tryAdvanceRound called	{"{current_round 20 3  <nil>}": {"Key":"self","Type":15,"Integer":0,"String":"b","Interface":null}}
2025-08-15T22:14:02.084-0500	DEBUG	protocol/handler.go:1591	have processed broadcast	{"{round 20 3  <nil>}": {"Key":"from","Type":15,"Integer":0,"String":"a","Interface":null}}
2025-08-15T22:14:02.084-0500	DEBUG	protocol/handler.go:1649	have all messages and processed	{"{round 20 3  <nil>}": {"Key":"self","Type":15,"Integer":0,"String":"b","Interface":null}}
2025-08-15T22:14:02.084-0500	DEBUG	protocol/handler.go:596	round already finalized
2025-08-15T22:14:02.096-0500	DEBUG	protocol/handler.go:581	tryAdvanceRound called	{"{current_round 20 3  <nil>}": {"Key":"self","Type":15,"Integer":0,"String":"a","Interface":null}}
2025-08-15T22:14:02.096-0500	DEBUG	protocol/handler.go:1591	have processed broadcast	{"{round 20 3  <nil>}": {"Key":"from","Type":15,"Integer":0,"String":"b","Interface":null}}
2025-08-15T22:14:02.096-0500	DEBUG	protocol/handler.go:1649	have all messages and processed	{"{round 20 3  <nil>}": {"Key":"self","Type":15,"Integer":0,"String":"a","Interface":null}}
2025-08-15T22:14:02.096-0500	DEBUG	protocol/handler.go:596	round already finalized
2025-08-15T22:14:02.096-0500	DEBUG	protocol/handler.go:581	tryAdvanceRound called	{"{current_round 20 3  <nil>}": {"Key":"self","Type":15,"Integer":0,"String":"a","Interface":null}}
2025-08-15T22:14:02.096-0500	DEBUG	protocol/handler.go:1591	have processed broadcast	{"{round 20 3  <nil>}": {"Key":"from","Type":15,"Integer":0,"String":"b","Interface":null}}
2025-08-15T22:14:02.096-0500	DEBUG	protocol/handler.go:1649	have all messages and processed	{"{round 20 3  <nil>}": {"Key":"self","Type":15,"Integer":0,"String":"a","Interface":null}}
2025-08-15T22:14:02.096-0500	DEBUG	protocol/handler.go:596	round already finalized
2025-08-15T22:14:02.107-0500	DEBUG	protocol/handler.go:581	tryAdvanceRound called	{"{current_round 20 3  <nil>}": {"Key":"self","Type":15,"Integer":0,"String":"b","Interface":null}}
2025-08-15T22:14:02.107-0500	DEBUG	protocol/handler.go:1591	have processed broadcast	{"{round 20 3  <nil>}": {"Key":"from","Type":15,"Integer":0,"String":"a","Interface":null}}
2025-08-15T22:14:02.107-0500	DEBUG	protocol/handler.go:1649	have all messages and processed	{"{round 20 3  <nil>}": {"Key":"self","Type":15,"Integer":0,"String":"b","Interface":null}}
2025-08-15T22:14:02.107-0500	DEBUG	protocol/handler.go:596	round already finalized
2025-08-15T22:14:02.131-0500	DEBUG	protocol/handler.go:581	tryAdvanceRound called	{"{current_round 20 3  <nil>}": {"Key":"self","Type":15,"Integer":0,"String":"b","Interface":null}}
2025-08-15T22:14:02.132-0500	DEBUG	protocol/handler.go:1591	have processed broadcast	{"{round 20 3  <nil>}": {"Key":"from","Type":15,"Integer":0,"String":"a","Interface":null}}
2025-08-15T22:14:02.132-0500	DEBUG	protocol/handler.go:1649	have all messages and processed	{"{round 20 3  <nil>}": {"Key":"self","Type":15,"Integer":0,"String":"b","Interface":null}}
2025-08-15T22:14:02.132-0500	DEBUG	protocol/handler.go:596	round already finalized
2025-08-15T22:14:02.143-0500	DEBUG	protocol/handler.go:581	tryAdvanceRound called	{"{current_round 20 3  <nil>}": {"Key":"self","Type":15,"Integer":0,"String":"a","Interface":null}}
2025-08-15T22:14:02.143-0500	DEBUG	protocol/handler.go:1591	have processed broadcast	{"{round 20 3  <nil>}": {"Key":"from","Type":15,"Integer":0,"String":"b","Interface":null}}
2025-08-15T22:14:02.143-0500	DEBUG	protocol/handler.go:1649	have all messages and processed	{"{round 20 3  <nil>}": {"Key":"self","Type":15,"Integer":0,"String":"a","Interface":null}}
2025-08-15T22:14:02.143-0500	DEBUG	protocol/handler.go:596	round already finalized
2025-08-15T22:14:02.143-0500	DEBUG	protocol/handler.go:581	tryAdvanceRound called	{"{current_round 20 3  <nil>}": {"Key":"self","Type":15,"Integer":0,"String":"a","Interface":null}}
2025-08-15T22:14:02.144-0500	DEBUG	protocol/handler.go:1591	have processed broadcast	{"{round 20 3  <nil>}": {"Key":"from","Type":15,"Integer":0,"String":"b","Interface":null}}
2025-08-15T22:14:02.144-0500	DEBUG	protocol/handler.go:1649	have all messages and processed	{"{round 20 3  <nil>}": {"Key":"self","Type":15,"Integer":0,"String":"a","Interface":null}}
2025-08-15T22:14:02.144-0500	DEBUG	protocol/handler.go:596	round already finalized
2025-08-15T22:14:02.153-0500	DEBUG	protocol/handler.go:581	tryAdvanceRound called	{"{current_round 20 3  <nil>}": {"Key":"self","Type":15,"Integer":0,"String":"b","Interface":null}}
2025-08-15T22:14:02.153-0500	DEBUG	protocol/handler.go:1591	have processed broadcast	{"{round 20 3  <nil>}": {"Key":"from","Type":15,"Integer":0,"String":"a","Interface":null}}
2025-08-15T22:14:02.153-0500	DEBUG	protocol/handler.go:1649	have all messages and processed	{"{round 20 3  <nil>}": {"Key":"self","Type":15,"Integer":0,"String":"b","Interface":null}}
2025-08-15T22:14:02.153-0500	DEBUG	protocol/handler.go:596	round already finalized
2025-08-15T22:14:02.186-0500	DEBUG	protocol/handler.go:581	tryAdvanceRound called	{"{current_round 20 3  <nil>}": {"Key":"self","Type":15,"Integer":0,"String":"a","Interface":null}}
2025-08-15T22:14:02.186-0500	DEBUG	protocol/handler.go:1591	have processed broadcast	{"{round 20 3  <nil>}": {"Key":"from","Type":15,"Integer":0,"String":"b","Interface":null}}
2025-08-15T22:14:02.186-0500	DEBUG	protocol/handler.go:1649	have all messages and processed	{"{round 20 3  <nil>}": {"Key":"self","Type":15,"Integer":0,"String":"a","Interface":null}}
2025-08-15T22:14:02.186-0500	DEBUG	protocol/handler.go:596	round already finalized
2025-08-15T22:14:02.186-0500	DEBUG	protocol/handler.go:581	tryAdvanceRound called	{"{current_round 20 3  <nil>}": {"Key":"self","Type":15,"Integer":0,"String":"a","Interface":null}}
2025-08-15T22:14:02.186-0500	DEBUG	protocol/handler.go:1591	have processed broadcast	{"{round 20 3  <nil>}": {"Key":"from","Type":15,"Integer":0,"String":"b","Interface":null}}
2025-08-15T22:14:02.186-0500	DEBUG	protocol/handler.go:1649	have all messages and processed	{"{round 20 3  <nil>}": {"Key":"self","Type":15,"Integer":0,"String":"a","Interface":null}}
2025-08-15T22:14:02.186-0500	DEBUG	protocol/handler.go:596	round already finalized
2025-08-15T22:14:02.197-0500	DEBUG	protocol/handler.go:581	tryAdvanceRound called	{"{current_round 20 3  <nil>}": {"Key":"self","Type":15,"Integer":0,"String":"b","Interface":null}}
2025-08-15T22:14:02.197-0500	DEBUG	protocol/handler.go:1591	have processed broadcast	{"{round 20 3  <nil>}": {"Key":"from","Type":15,"Integer":0,"String":"a","Interface":null}}
2025-08-15T22:14:02.197-0500	DEBUG	protocol/handler.go:1649	have all messages and processed	{"{round 20 3  <nil>}": {"Key":"self","Type":15,"Integer":0,"String":"b","Interface":null}}
2025-08-15T22:14:02.197-0500	DEBUG	protocol/handler.go:596	round already finalized
2025-08-15T22:14:02.197-0500	DEBUG	protocol/handler.go:581	tryAdvanceRound called	{"{current_round 20 3  <nil>}": {"Key":"self","Type":15,"Integer":0,"String":"b","Interface":null}}
2025-08-15T22:14:02.197-0500	DEBUG	protocol/handler.go:1591	have processed broadcast	{"{round 20 3  <nil>}": {"Key":"from","Type":15,"Integer":0,"String":"a","Interface":null}}
2025-08-15T22:14:02.197-0500	DEBUG	protocol/handler.go:1649	have all messages and processed	{"{round 20 3  <nil>}": {"Key":"self","Type":15,"Integer":0,"String":"b","Interface":null}}
2025-08-15T22:14:02.197-0500	DEBUG	protocol/handler.go:596	round already finalized
2025-08-15T22:14:02.235-0500	DEBUG	protocol/handler.go:581	tryAdvanceRound called	{"{current_round 20 3  <nil>}": {"Key":"self","Type":15,"Integer":0,"String":"a","Interface":null}}
2025-08-15T22:14:02.235-0500	DEBUG	protocol/handler.go:1591	have processed broadcast	{"{round 20 3  <nil>}": {"Key":"from","Type":15,"Integer":0,"String":"b","Interface":null}}
2025-08-15T22:14:02.235-0500	DEBUG	protocol/handler.go:1649	have all messages and processed	{"{round 20 3  <nil>}": {"Key":"self","Type":15,"Integer":0,"String":"a","Interface":null}}
2025-08-15T22:14:02.235-0500	DEBUG	protocol/handler.go:596	round already finalized
2025-08-15T22:14:02.235-0500	DEBUG	protocol/handler.go:581	tryAdvanceRound called	{"{current_round 20 3  <nil>}": {"Key":"self","Type":15,"Integer":0,"String":"a","Interface":null}}
2025-08-15T22:14:02.235-0500	DEBUG	protocol/handler.go:1591	have processed broadcast	{"{round 20 3  <nil>}": {"Key":"from","Type":15,"Integer":0,"String":"b","Interface":null}}
2025-08-15T22:14:02.235-0500	DEBUG	protocol/handler.go:1649	have all messages and processed	{"{round 20 3  <nil>}": {"Key":"self","Type":15,"Integer":0,"String":"a","Interface":null}}
2025-08-15T22:14:02.235-0500	DEBUG	protocol/handler.go:596	round already finalized
2025-08-15T22:14:02.249-0500	DEBUG	protocol/handler.go:581	tryAdvanceRound called	{"{current_round 20 3  <nil>}": {"Key":"self","Type":15,"Integer":0,"String":"b","Interface":null}}
2025-08-15T22:14:02.249-0500	DEBUG	protocol/handler.go:1591	have processed broadcast	{"{round 20 3  <nil>}": {"Key":"from","Type":15,"Integer":0,"String":"a","Interface":null}}
2025-08-15T22:14:02.249-0500	DEBUG	protocol/handler.go:1649	have all messages and processed	{"{round 20 3  <nil>}": {"Key":"self","Type":15,"Integer":0,"String":"b","Interface":null}}
2025-08-15T22:14:02.249-0500	DEBUG	protocol/handler.go:596	round already finalized
2025-08-15T22:14:02.249-0500	DEBUG	protocol/handler.go:581	tryAdvanceRound called	{"{current_round 20 3  <nil>}": {"Key":"self","Type":15,"Integer":0,"String":"b","Interface":null}}
2025-08-15T22:14:02.249-0500	DEBUG	protocol/handler.go:1591	have processed broadcast	{"{round 20 3  <nil>}": {"Key":"from","Type":15,"Integer":0,"String":"a","Interface":null}}
2025-08-15T22:14:02.249-0500	DEBUG	protocol/handler.go:1649	have all messages and processed	{"{round 20 3  <nil>}": {"Key":"self","Type":15,"Integer":0,"String":"b","Interface":null}}
2025-08-15T22:14:02.249-0500	DEBUG	protocol/handler.go:596	round already finalized
2025-08-15T22:14:02.283-0500	DEBUG	protocol/handler.go:581	tryAdvanceRound called	{"{current_round 20 3  <nil>}": {"Key":"self","Type":15,"Integer":0,"String":"a","Interface":null}}
2025-08-15T22:14:02.283-0500	DEBUG	protocol/handler.go:581	tryAdvanceRound called	{"{current_round 20 3  <nil>}": {"Key":"self","Type":15,"Integer":0,"String":"b","Interface":null}}
2025-08-15T22:14:02.283-0500	DEBUG	protocol/handler.go:1591	have processed broadcast	{"{round 20 3  <nil>}": {"Key":"from","Type":15,"Integer":0,"String":"b","Interface":null}}
2025-08-15T22:14:02.283-0500	DEBUG	protocol/handler.go:1591	have processed broadcast	{"{round 20 3  <nil>}": {"Key":"from","Type":15,"Integer":0,"String":"a","Interface":null}}
2025-08-15T22:14:02.283-0500	DEBUG	protocol/handler.go:1649	have all messages and processed	{"{round 20 3  <nil>}": {"Key":"self","Type":15,"Integer":0,"String":"a","Interface":null}}
2025-08-15T22:14:02.283-0500	DEBUG	protocol/handler.go:1649	have all messages and processed	{"{round 20 3  <nil>}": {"Key":"self","Type":15,"Integer":0,"String":"b","Interface":null}}
2025-08-15T22:14:02.283-0500	DEBUG	protocol/handler.go:596	round already finalized
2025-08-15T22:14:02.283-0500	DEBUG	protocol/handler.go:596	round already finalized
2025-08-15T22:14:02.283-0500	DEBUG	protocol/handler.go:581	tryAdvanceRound called	{"{current_round 20 3  <nil>}": {"Key":"self","Type":15,"Integer":0,"String":"a","Interface":null}}
2025-08-15T22:14:02.283-0500	DEBUG	protocol/handler.go:581	tryAdvanceRound called	{"{current_round 20 3  <nil>}": {"Key":"self","Type":15,"Integer":0,"String":"b","Interface":null}}
2025-08-15T22:14:02.283-0500	DEBUG	protocol/handler.go:1591	have processed broadcast	{"{round 20 3  <nil>}": {"Key":"from","Type":15,"Integer":0,"String":"b","Interface":null}}
2025-08-15T22:14:02.283-0500	DEBUG	protocol/handler.go:1591	have processed broadcast	{"{round 20 3  <nil>}": {"Key":"from","Type":15,"Integer":0,"String":"a","Interface":null}}
2025-08-15T22:14:02.283-0500	DEBUG	protocol/handler.go:1649	have all messages and processed	{"{round 20 3  <nil>}": {"Key":"self","Type":15,"Integer":0,"String":"a","Interface":null}}
2025-08-15T22:14:02.283-0500	DEBUG	protocol/handler.go:596	round already finalized
2025-08-15T22:14:02.283-0500	DEBUG	protocol/handler.go:1649	have all messages and processed	{"{round 20 3  <nil>}": {"Key":"self","Type":15,"Integer":0,"String":"b","Interface":null}}
2025-08-15T22:14:02.355-0500	DEBUG	protocol/handler.go:581	tryAdvanceRound called	{"{current_round 20 3  <nil>}": {"Key":"self","Type":15,"Integer":0,"String":"a","Interface":null}}
2025-08-15T22:14:02.355-0500	DEBUG	protocol/handler.go:1591	have processed broadcast	{"{round 20 3  <nil>}": {"Key":"from","Type":15,"Integer":0,"String":"b","Interface":null}}
2025-08-15T22:14:02.355-0500	DEBUG	protocol/handler.go:1649	have all messages and processed	{"{round 20 3  <nil>}": {"Key":"self","Type":15,"Integer":0,"String":"a","Interface":null}}
2025-08-15T22:14:02.355-0500	DEBUG	protocol/handler.go:596	round already finalized
2025-08-15T22:14:02.355-0500	DEBUG	protocol/handler.go:581	tryAdvanceRound called	{"{current_round 20 3  <nil>}": {"Key":"self","Type":15,"Integer":0,"String":"a","Interface":null}}
2025-08-15T22:14:02.355-0500	DEBUG	protocol/handler.go:1591	have processed broadcast	{"{round 20 3  <nil>}": {"Key":"from","Type":15,"Integer":0,"String":"b","Interface":null}}
2025-08-15T22:14:02.355-0500	DEBUG	protocol/handler.go:1649	have all messages and processed	{"{round 20 3  <nil>}": {"Key":"self","Type":15,"Integer":0,"String":"a","Interface":null}}
2025-08-15T22:14:02.355-0500	DEBUG	protocol/handler.go:596	round already finalized
2025-08-15T22:14:02.404-0500	DEBUG	protocol/handler.go:581	tryAdvanceRound called	{"{current_round 20 3  <nil>}": {"Key":"self","Type":15,"Integer":0,"String":"a","Interface":null}}
2025-08-15T22:14:02.404-0500	DEBUG	protocol/handler.go:1591	have processed broadcast	{"{round 20 3  <nil>}": {"Key":"from","Type":15,"Integer":0,"String":"b","Interface":null}}
2025-08-15T22:14:02.404-0500	DEBUG	protocol/handler.go:1649	have all messages and processed	{"{round 20 3  <nil>}": {"Key":"self","Type":15,"Integer":0,"String":"a","Interface":null}}
2025-08-15T22:14:02.404-0500	DEBUG	protocol/handler.go:596	round already finalized
2025-08-15T22:14:02.404-0500	DEBUG	protocol/handler.go:581	tryAdvanceRound called	{"{current_round 20 3  <nil>}": {"Key":"self","Type":15,"Integer":0,"String":"a","Interface":null}}
2025-08-15T22:14:02.404-0500	DEBUG	protocol/handler.go:1591	have processed broadcast	{"{round 20 3  <nil>}": {"Key":"from","Type":15,"Integer":0,"String":"b","Interface":null}}
2025-08-15T22:14:02.404-0500	DEBUG	protocol/handler.go:1649	have all messages and processed	{"{round 20 3  <nil>}": {"Key":"self","Type":15,"Integer":0,"String":"a","Interface":null}}
2025-08-15T22:14:02.404-0500	DEBUG	protocol/handler.go:596	round already finalized
2025-08-15T22:14:02.283-0500	DEBUG	protocol/handler.go:596	round already finalized
2025-08-15T22:14:02.426-0500	DEBUG	protocol/handler.go:581	tryAdvanceRound called	{"{current_round 20 3  <nil>}": {"Key":"self","Type":15,"Integer":0,"String":"b","Interface":null}}
2025-08-15T22:14:02.426-0500	DEBUG	protocol/handler.go:1591	have processed broadcast	{"{round 20 3  <nil>}": {"Key":"from","Type":15,"Integer":0,"String":"a","Interface":null}}
2025-08-15T22:14:02.426-0500	DEBUG	protocol/handler.go:1649	have all messages and processed	{"{round 20 3  <nil>}": {"Key":"self","Type":15,"Integer":0,"String":"b","Interface":null}}
2025-08-15T22:14:02.426-0500	DEBUG	protocol/handler.go:596	round already finalized
2025-08-15T22:14:02.448-0500	DEBUG	protocol/handler.go:581	tryAdvanceRound called	{"{current_round 20 3  <nil>}": {"Key":"self","Type":15,"Integer":0,"String":"a","Interface":null}}
2025-08-15T22:14:02.448-0500	DEBUG	protocol/handler.go:581	tryAdvanceRound called	{"{current_round 20 3  <nil>}": {"Key":"self","Type":15,"Integer":0,"String":"b","Interface":null}}
2025-08-15T22:14:02.448-0500	DEBUG	protocol/handler.go:1591	have processed broadcast	{"{round 20 3  <nil>}": {"Key":"from","Type":15,"Integer":0,"String":"b","Interface":null}}
2025-08-15T22:14:02.448-0500	DEBUG	protocol/handler.go:1591	have processed broadcast	{"{round 20 3  <nil>}": {"Key":"from","Type":15,"Integer":0,"String":"a","Interface":null}}
2025-08-15T22:14:02.448-0500	DEBUG	protocol/handler.go:1649	have all messages and processed	{"{round 20 3  <nil>}": {"Key":"self","Type":15,"Integer":0,"String":"a","Interface":null}}
2025-08-15T22:14:02.448-0500	DEBUG	protocol/handler.go:1649	have all messages and processed	{"{round 20 3  <nil>}": {"Key":"self","Type":15,"Integer":0,"String":"b","Interface":null}}
2025-08-15T22:14:02.448-0500	DEBUG	protocol/handler.go:596	round already finalized
2025-08-15T22:14:02.448-0500	DEBUG	protocol/handler.go:596	round already finalized
2025-08-15T22:14:02.448-0500	DEBUG	protocol/handler.go:581	tryAdvanceRound called	{"{current_round 20 3  <nil>}": {"Key":"self","Type":15,"Integer":0,"String":"a","Interface":null}}
2025-08-15T22:14:02.448-0500	DEBUG	protocol/handler.go:1591	have processed broadcast	{"{round 20 3  <nil>}": {"Key":"from","Type":15,"Integer":0,"String":"b","Interface":null}}
2025-08-15T22:14:02.448-0500	DEBUG	protocol/handler.go:1649	have all messages and processed	{"{round 20 3  <nil>}": {"Key":"self","Type":15,"Integer":0,"String":"a","Interface":null}}
2025-08-15T22:14:02.448-0500	DEBUG	protocol/handler.go:596	round already finalized
2025-08-15T22:14:02.470-0500	DEBUG	protocol/handler.go:581	tryAdvanceRound called	{"{current_round 20 3  <nil>}": {"Key":"self","Type":15,"Integer":0,"String":"b","Interface":null}}
2025-08-15T22:14:02.470-0500	DEBUG	protocol/handler.go:1591	have processed broadcast	{"{round 20 3  <nil>}": {"Key":"from","Type":15,"Integer":0,"String":"a","Interface":null}}
2025-08-15T22:14:02.470-0500	DEBUG	protocol/handler.go:1649	have all messages and processed	{"{round 20 3  <nil>}": {"Key":"self","Type":15,"Integer":0,"String":"b","Interface":null}}
2025-08-15T22:14:02.470-0500	DEBUG	protocol/handler.go:596	round already finalized
2025-08-15T22:14:02.503-0500	DEBUG	protocol/handler.go:581	tryAdvanceRound called	{"{current_round 20 3  <nil>}": {"Key":"self","Type":15,"Integer":0,"String":"a","Interface":null}}
2025-08-15T22:14:02.503-0500	DEBUG	protocol/handler.go:1591	have processed broadcast	{"{round 20 3  <nil>}": {"Key":"from","Type":15,"Integer":0,"String":"b","Interface":null}}
2025-08-15T22:14:02.503-0500	DEBUG	protocol/handler.go:1649	have all messages and processed	{"{round 20 3  <nil>}": {"Key":"self","Type":15,"Integer":0,"String":"a","Interface":null}}
2025-08-15T22:14:02.503-0500	DEBUG	protocol/handler.go:596	round already finalized
2025-08-15T22:14:02.503-0500	DEBUG	protocol/handler.go:581	tryAdvanceRound called	{"{current_round 20 3  <nil>}": {"Key":"self","Type":15,"Integer":0,"String":"a","Interface":null}}
2025-08-15T22:14:02.503-0500	DEBUG	protocol/handler.go:1591	have processed broadcast	{"{round 20 3  <nil>}": {"Key":"from","Type":15,"Integer":0,"String":"b","Interface":null}}
2025-08-15T22:14:02.503-0500	DEBUG	protocol/handler.go:1649	have all messages and processed	{"{round 20 3  <nil>}": {"Key":"self","Type":15,"Integer":0,"String":"a","Interface":null}}
2025-08-15T22:14:02.503-0500	DEBUG	protocol/handler.go:596	round already finalized
2025-08-15T22:14:02.515-0500	DEBUG	protocol/handler.go:581	tryAdvanceRound called	{"{current_round 20 3  <nil>}": {"Key":"self","Type":15,"Integer":0,"String":"b","Interface":null}}
2025-08-15T22:14:02.515-0500	DEBUG	protocol/handler.go:1591	have processed broadcast	{"{round 20 3  <nil>}": {"Key":"from","Type":15,"Integer":0,"String":"a","Interface":null}}
2025-08-15T22:14:02.516-0500	DEBUG	protocol/handler.go:1649	have all messages and processed	{"{round 20 3  <nil>}": {"Key":"self","Type":15,"Integer":0,"String":"b","Interface":null}}
2025-08-15T22:14:02.516-0500	DEBUG	protocol/handler.go:596	round already finalized
2025-08-15T22:14:02.516-0500	DEBUG	protocol/handler.go:581	tryAdvanceRound called	{"{current_round 20 3  <nil>}": {"Key":"self","Type":15,"Integer":0,"String":"b","Interface":null}}
2025-08-15T22:14:02.516-0500	DEBUG	protocol/handler.go:1591	have processed broadcast	{"{round 20 3  <nil>}": {"Key":"from","Type":15,"Integer":0,"String":"a","Interface":null}}
2025-08-15T22:14:02.516-0500	DEBUG	protocol/handler.go:1649	have all messages and processed	{"{round 20 3  <nil>}": {"Key":"self","Type":15,"Integer":0,"String":"b","Interface":null}}
2025-08-15T22:14:02.516-0500	DEBUG	protocol/handler.go:596	round already finalized
2025-08-15T22:14:02.547-0500	DEBUG	protocol/handler.go:581	tryAdvanceRound called	{"{current_round 20 3  <nil>}": {"Key":"self","Type":15,"Integer":0,"String":"a","Interface":null}}
2025-08-15T22:14:02.547-0500	DEBUG	protocol/handler.go:1591	have processed broadcast	{"{round 20 3  <nil>}": {"Key":"from","Type":15,"Integer":0,"String":"b","Interface":null}}
2025-08-15T22:14:02.547-0500	DEBUG	protocol/handler.go:1649	have all messages and processed	{"{round 20 3  <nil>}": {"Key":"self","Type":15,"Integer":0,"String":"a","Interface":null}}
2025-08-15T22:14:02.547-0500	DEBUG	protocol/handler.go:596	round already finalized
2025-08-15T22:14:02.547-0500	DEBUG	protocol/handler.go:581	tryAdvanceRound called	{"{current_round 20 3  <nil>}": {"Key":"self","Type":15,"Integer":0,"String":"a","Interface":null}}
2025-08-15T22:14:02.547-0500	DEBUG	protocol/handler.go:1591	have processed broadcast	{"{round 20 3  <nil>}": {"Key":"from","Type":15,"Integer":0,"String":"b","Interface":null}}
2025-08-15T22:14:02.547-0500	DEBUG	protocol/handler.go:1649	have all messages and processed	{"{round 20 3  <nil>}": {"Key":"self","Type":15,"Integer":0,"String":"a","Interface":null}}
2025-08-15T22:14:02.547-0500	DEBUG	protocol/handler.go:596	round already finalized
2025-08-15T22:14:02.559-0500	DEBUG	protocol/handler.go:581	tryAdvanceRound called	{"{current_round 20 3  <nil>}": {"Key":"self","Type":15,"Integer":0,"String":"b","Interface":null}}
2025-08-15T22:14:02.559-0500	DEBUG	protocol/handler.go:1591	have processed broadcast	{"{round 20 3  <nil>}": {"Key":"from","Type":15,"Integer":0,"String":"a","Interface":null}}
2025-08-15T22:14:02.559-0500	DEBUG	protocol/handler.go:1649	have all messages and processed	{"{round 20 3  <nil>}": {"Key":"self","Type":15,"Integer":0,"String":"b","Interface":null}}
2025-08-15T22:14:02.560-0500	DEBUG	protocol/handler.go:596	round already finalized
2025-08-15T22:14:02.560-0500	DEBUG	protocol/handler.go:581	tryAdvanceRound called	{"{current_round 20 3  <nil>}": {"Key":"self","Type":15,"Integer":0,"String":"b","Interface":null}}
2025-08-15T22:14:02.560-0500	DEBUG	protocol/handler.go:1591	have processed broadcast	{"{round 20 3  <nil>}": {"Key":"from","Type":15,"Integer":0,"String":"a","Interface":null}}
2025-08-15T22:14:02.560-0500	DEBUG	protocol/handler.go:1649	have all messages and processed	{"{round 20 3  <nil>}": {"Key":"self","Type":15,"Integer":0,"String":"b","Interface":null}}
2025-08-15T22:14:02.560-0500	DEBUG	protocol/handler.go:596	round already finalized
2025-08-15T22:14:02.582-0500	DEBUG	protocol/handler.go:581	tryAdvanceRound called	{"{current_round 20 3  <nil>}": {"Key":"self","Type":15,"Integer":0,"String":"b","Interface":null}}
2025-08-15T22:14:02.582-0500	DEBUG	protocol/handler.go:1591	have processed broadcast	{"{round 20 3  <nil>}": {"Key":"from","Type":15,"Integer":0,"String":"a","Interface":null}}
2025-08-15T22:14:02.582-0500	DEBUG	protocol/handler.go:1649	have all messages and processed	{"{round 20 3  <nil>}": {"Key":"self","Type":15,"Integer":0,"String":"b","Interface":null}}
2025-08-15T22:14:02.582-0500	DEBUG	protocol/handler.go:596	round already finalized
2025-08-15T22:14:02.594-0500	DEBUG	protocol/handler.go:581	tryAdvanceRound called	{"{current_round 20 3  <nil>}": {"Key":"self","Type":15,"Integer":0,"String":"a","Interface":null}}
2025-08-15T22:14:02.594-0500	DEBUG	protocol/handler.go:1591	have processed broadcast	{"{round 20 3  <nil>}": {"Key":"from","Type":15,"Integer":0,"String":"b","Interface":null}}
2025-08-15T22:14:02.595-0500	DEBUG	protocol/handler.go:1649	have all messages and processed	{"{round 20 3  <nil>}": {"Key":"self","Type":15,"Integer":0,"String":"a","Interface":null}}
2025-08-15T22:14:02.595-0500	DEBUG	protocol/handler.go:596	round already finalized
2025-08-15T22:14:02.595-0500	DEBUG	protocol/handler.go:581	tryAdvanceRound called	{"{current_round 20 3  <nil>}": {"Key":"self","Type":15,"Integer":0,"String":"a","Interface":null}}
2025-08-15T22:14:02.595-0500	DEBUG	protocol/handler.go:1591	have processed broadcast	{"{round 20 3  <nil>}": {"Key":"from","Type":15,"Integer":0,"String":"b","Interface":null}}
2025-08-15T22:14:02.595-0500	DEBUG	protocol/handler.go:1649	have all messages and processed	{"{round 20 3  <nil>}": {"Key":"self","Type":15,"Integer":0,"String":"a","Interface":null}}
2025-08-15T22:14:02.595-0500	DEBUG	protocol/handler.go:596	round already finalized
2025-08-15T22:14:02.607-0500	DEBUG	protocol/handler.go:581	tryAdvanceRound called	{"{current_round 20 3  <nil>}": {"Key":"self","Type":15,"Integer":0,"String":"b","Interface":null}}
2025-08-15T22:14:02.607-0500	DEBUG	protocol/handler.go:1591	have processed broadcast	{"{round 20 3  <nil>}": {"Key":"from","Type":15,"Integer":0,"String":"a","Interface":null}}
2025-08-15T22:14:02.607-0500	DEBUG	protocol/handler.go:1649	have all messages and processed	{"{round 20 3  <nil>}": {"Key":"self","Type":15,"Integer":0,"String":"b","Interface":null}}
2025-08-15T22:14:02.607-0500	DEBUG	protocol/handler.go:596	round already finalized
2025-08-15T22:14:02.640-0500	DEBUG	protocol/handler.go:581	tryAdvanceRound called	{"{current_round 20 3  <nil>}": {"Key":"self","Type":15,"Integer":0,"String":"a","Interface":null}}
2025-08-15T22:14:02.641-0500	DEBUG	protocol/handler.go:1591	have processed broadcast	{"{round 20 3  <nil>}": {"Key":"from","Type":15,"Integer":0,"String":"b","Interface":null}}
2025-08-15T22:14:02.641-0500	DEBUG	protocol/handler.go:1649	have all messages and processed	{"{round 20 3  <nil>}": {"Key":"self","Type":15,"Integer":0,"String":"a","Interface":null}}
2025-08-15T22:14:02.641-0500	DEBUG	protocol/handler.go:596	round already finalized
2025-08-15T22:14:02.641-0500	DEBUG	protocol/handler.go:581	tryAdvanceRound called	{"{current_round 20 3  <nil>}": {"Key":"self","Type":15,"Integer":0,"String":"a","Interface":null}}
2025-08-15T22:14:02.641-0500	DEBUG	protocol/handler.go:1591	have processed broadcast	{"{round 20 3  <nil>}": {"Key":"from","Type":15,"Integer":0,"String":"b","Interface":null}}
2025-08-15T22:14:02.641-0500	DEBUG	protocol/handler.go:1649	have all messages and processed	{"{round 20 3  <nil>}": {"Key":"self","Type":15,"Integer":0,"String":"a","Interface":null}}
2025-08-15T22:14:02.641-0500	DEBUG	protocol/handler.go:596	round already finalized
2025-08-15T22:14:02.652-0500	DEBUG	protocol/handler.go:581	tryAdvanceRound called	{"{current_round 20 3  <nil>}": {"Key":"self","Type":15,"Integer":0,"String":"b","Interface":null}}
2025-08-15T22:14:02.652-0500	DEBUG	protocol/handler.go:1591	have processed broadcast	{"{round 20 3  <nil>}": {"Key":"from","Type":15,"Integer":0,"String":"a","Interface":null}}
2025-08-15T22:14:02.652-0500	DEBUG	protocol/handler.go:1649	have all messages and processed	{"{round 20 3  <nil>}": {"Key":"self","Type":15,"Integer":0,"String":"b","Interface":null}}
2025-08-15T22:14:02.652-0500	DEBUG	protocol/handler.go:596	round already finalized
2025-08-15T22:14:02.653-0500	DEBUG	protocol/handler.go:581	tryAdvanceRound called	{"{current_round 20 3  <nil>}": {"Key":"self","Type":15,"Integer":0,"String":"b","Interface":null}}
2025-08-15T22:14:02.653-0500	DEBUG	protocol/handler.go:1591	have processed broadcast	{"{round 20 3  <nil>}": {"Key":"from","Type":15,"Integer":0,"String":"a","Interface":null}}
2025-08-15T22:14:02.653-0500	DEBUG	protocol/handler.go:1649	have all messages and processed	{"{round 20 3  <nil>}": {"Key":"self","Type":15,"Integer":0,"String":"b","Interface":null}}
2025-08-15T22:14:02.653-0500	DEBUG	protocol/handler.go:596	round already finalized
2025-08-15T22:14:02.665-0500	DEBUG	protocol/handler.go:581	tryAdvanceRound called	{"{current_round 20 3  <nil>}": {"Key":"self","Type":15,"Integer":0,"String":"a","Interface":null}}
2025-08-15T22:14:02.665-0500	DEBUG	protocol/handler.go:1591	have processed broadcast	{"{round 20 3  <nil>}": {"Key":"from","Type":15,"Integer":0,"String":"b","Interface":null}}
2025-08-15T22:14:02.665-0500	DEBUG	protocol/handler.go:1649	have all messages and processed	{"{round 20 3  <nil>}": {"Key":"self","Type":15,"Integer":0,"String":"a","Interface":null}}
2025-08-15T22:14:02.665-0500	DEBUG	protocol/handler.go:596	round already finalized
2025-08-15T22:14:02.687-0500	DEBUG	protocol/handler.go:581	tryAdvanceRound called	{"{current_round 20 3  <nil>}": {"Key":"self","Type":15,"Integer":0,"String":"a","Interface":null}}
2025-08-15T22:14:02.687-0500	DEBUG	protocol/handler.go:1591	have processed broadcast	{"{round 20 3  <nil>}": {"Key":"from","Type":15,"Integer":0,"String":"b","Interface":null}}
2025-08-15T22:14:02.687-0500	DEBUG	protocol/handler.go:1649	have all messages and processed	{"{round 20 3  <nil>}": {"Key":"self","Type":15,"Integer":0,"String":"a","Interface":null}}
2025-08-15T22:14:02.687-0500	DEBUG	protocol/handler.go:596	round already finalized
2025-08-15T22:14:02.698-0500	DEBUG	protocol/handler.go:581	tryAdvanceRound called	{"{current_round 20 3  <nil>}": {"Key":"self","Type":15,"Integer":0,"String":"b","Interface":null}}
2025-08-15T22:14:02.698-0500	DEBUG	protocol/handler.go:1591	have processed broadcast	{"{round 20 3  <nil>}": {"Key":"from","Type":15,"Integer":0,"String":"a","Interface":null}}
2025-08-15T22:14:02.698-0500	DEBUG	protocol/handler.go:1649	have all messages and processed	{"{round 20 3  <nil>}": {"Key":"self","Type":15,"Integer":0,"String":"b","Interface":null}}
2025-08-15T22:14:02.698-0500	DEBUG	protocol/handler.go:596	round already finalized
2025-08-15T22:14:02.698-0500	DEBUG	protocol/handler.go:581	tryAdvanceRound called	{"{current_round 20 3  <nil>}": {"Key":"self","Type":15,"Integer":0,"String":"b","Interface":null}}
2025-08-15T22:14:02.698-0500	DEBUG	protocol/handler.go:1591	have processed broadcast	{"{round 20 3  <nil>}": {"Key":"from","Type":15,"Integer":0,"String":"a","Interface":null}}
2025-08-15T22:14:02.698-0500	DEBUG	protocol/handler.go:1649	have all messages and processed	{"{round 20 3  <nil>}": {"Key":"self","Type":15,"Integer":0,"String":"b","Interface":null}}
2025-08-15T22:14:02.698-0500	DEBUG	protocol/handler.go:596	round already finalized
2025-08-15T22:14:02.724-0500	DEBUG	protocol/handler.go:581	tryAdvanceRound called	{"{current_round 20 3  <nil>}": {"Key":"self","Type":15,"Integer":0,"String":"b","Interface":null}}
2025-08-15T22:14:02.724-0500	DEBUG	protocol/handler.go:1591	have processed broadcast	{"{round 20 3  <nil>}": {"Key":"from","Type":15,"Integer":0,"String":"a","Interface":null}}
2025-08-15T22:14:02.724-0500	DEBUG	protocol/handler.go:1649	have all messages and processed	{"{round 20 3  <nil>}": {"Key":"self","Type":15,"Integer":0,"String":"b","Interface":null}}
2025-08-15T22:14:02.724-0500	DEBUG	protocol/handler.go:596	round already finalized
2025-08-15T22:14:02.732-0500	DEBUG	protocol/handler.go:581	tryAdvanceRound called	{"{current_round 20 3  <nil>}": {"Key":"self","Type":15,"Integer":0,"String":"a","Interface":null}}
2025-08-15T22:14:02.732-0500	DEBUG	protocol/handler.go:1591	have processed broadcast	{"{round 20 3  <nil>}": {"Key":"from","Type":15,"Integer":0,"String":"b","Interface":null}}
2025-08-15T22:14:02.732-0500	DEBUG	protocol/handler.go:1649	have all messages and processed	{"{round 20 3  <nil>}": {"Key":"self","Type":15,"Integer":0,"String":"a","Interface":null}}
2025-08-15T22:14:02.733-0500	DEBUG	protocol/handler.go:596	round already finalized
2025-08-15T22:14:02.733-0500	DEBUG	protocol/handler.go:581	tryAdvanceRound called	{"{current_round 20 3  <nil>}": {"Key":"self","Type":15,"Integer":0,"String":"a","Interface":null}}
2025-08-15T22:14:02.733-0500	DEBUG	protocol/handler.go:1591	have processed broadcast	{"{round 20 3  <nil>}": {"Key":"from","Type":15,"Integer":0,"String":"b","Interface":null}}
2025-08-15T22:14:02.733-0500	DEBUG	protocol/handler.go:1649	have all messages and processed	{"{round 20 3  <nil>}": {"Key":"self","Type":15,"Integer":0,"String":"a","Interface":null}}
2025-08-15T22:14:02.733-0500	DEBUG	protocol/handler.go:596	round already finalized
==================
WARNING: DATA RACE
Read at 0x00c000e0c9f8 by goroutine 82:
  github.com/cronokirby/saferith.shiftAddIn()
      /Users/z/go/pkg/mod/github.com/cronokirby/saferith@v0.33.0/num.go:793 +0x360
  github.com/cronokirby/saferith.(*Nat).Mod()
      /Users/z/go/pkg/mod/github.com/cronokirby/saferith@v0.33.0/num.go:889 +0x2d0
  github.com/cronokirby/saferith.(*Nat).ModMul()
      /Users/z/go/pkg/mod/github.com/cronokirby/saferith@v0.33.0/num.go:1185 +0xac
  github.com/luxfi/threshold/pkg/math/arith.(*Modulus).Exp()
      /Users/z/work/lux/threshold/pkg/math/arith/modulus.go:55 +0x168
  github.com/luxfi/threshold/pkg/paillier.(*SecretKey).Dec()
      /Users/z/work/lux/threshold/pkg/paillier/secret.go:121 +0x1c8
  github.com/luxfi/threshold/protocols/cmp/keygen.(*round4).StoreMessage()
      /Users/z/work/lux/threshold/protocols/cmp/keygen/round4.go:156 +0xd0
  github.com/luxfi/threshold/pkg/protocol.(*Handler).verifyNormalForRound()
      /Users/z/work/lux/threshold/pkg/protocol/handler.go:1337 +0x43c
  github.com/luxfi/threshold/pkg/protocol.(*Handler).retryUnprocessedMessages()
      /Users/z/work/lux/threshold/pkg/protocol/handler.go:1496 +0x3a0
  github.com/luxfi/threshold/pkg/protocol.(*Handler).tryAdvanceRound()
      /Users/z/work/lux/threshold/pkg/protocol/handler.go:587 +0x28c
  github.com/luxfi/threshold/pkg/protocol.(*Handler).roundProcessor()
      /Users/z/work/lux/threshold/pkg/protocol/handler.go:569 +0xb4
  github.com/luxfi/threshold/pkg/protocol.(*Handler).startWorkers.func1()
      /Users/z/work/lux/threshold/pkg/protocol/handler.go:374 +0x78

Previous write at 0x00c000e0c9f8 by goroutine 266:
  github.com/cronokirby/saferith.maskEnd()
      /Users/z/go/pkg/mod/github.com/cronokirby/saferith@v0.33.0/num.go:261 +0x1cc
  github.com/cronokirby/saferith.(*Nat).resizedLimbs()
      /Users/z/go/pkg/mod/github.com/cronokirby/saferith@v0.33.0/num.go:252 +0x16c
  github.com/cronokirby/saferith.(*Nat).Cmp()
      /Users/z/go/pkg/mod/github.com/cronokirby/saferith@v0.33.0/num.go:1411 +0x90
  github.com/cronokirby/saferith.(*Nat).CmpMod()
      /Users/z/go/pkg/mod/github.com/cronokirby/saferith@v0.33.0/num.go:1430 +0xa8
  github.com/luxfi/threshold/pkg/paillier.PublicKey.ValidateCiphertexts()
      /Users/z/work/lux/threshold/pkg/paillier/public.go:132 +0x7c
  github.com/luxfi/threshold/pkg/paillier.(*SecretKey).Dec()
      /Users/z/work/lux/threshold/pkg/paillier/secret.go:113 +0xec
  github.com/luxfi/threshold/protocols/cmp/keygen.(*round4).StoreMessage()
      /Users/z/work/lux/threshold/protocols/cmp/keygen/round4.go:156 +0xd0
  github.com/luxfi/threshold/pkg/protocol.(*Handler).verifyNormalForRound()
      /Users/z/work/lux/threshold/pkg/protocol/handler.go:1337 +0x43c
  github.com/luxfi/threshold/pkg/protocol.(*Handler).processQueuedMessages()
      /Users/z/work/lux/threshold/pkg/protocol/handler.go:1556 +0x550
  github.com/luxfi/threshold/pkg/protocol.(*Handler).tryAdvanceRound.gowrap2()
      /Users/z/work/lux/threshold/pkg/protocol/handler.go:673 +0x40

Goroutine 82 (running) created at:
  github.com/luxfi/threshold/pkg/protocol.(*Handler).startWorkers()
      /Users/z/work/lux/threshold/pkg/protocol/handler.go:372 +0x4fc
  github.com/luxfi/threshold/pkg/protocol.NewHandler()
      /Users/z/work/lux/threshold/pkg/protocol/handler.go:247 +0xf10
  github.com/luxfi/threshold/internal/test.(*Harness).CreateHandler()
      /Users/z/work/lux/threshold/internal/test/harness.go:91 +0x2e4
  github.com/luxfi/threshold/internal/test.RunProtocol()
      /Users/z/work/lux/threshold/internal/test/harness.go:270 +0x230
  github.com/luxfi/threshold/protocols/cmp_test.TestCMPBasicKeygen()
      /Users/z/work/lux/threshold/protocols/cmp/cmp_basic_test.go:35 +0x29c
  testing.tRunner()
      /opt/homebrew/Cellar/go/1.24.6/libexec/src/testing/testing.go:1792 +0x180
  testing.(*T).Run.gowrap1()
      /opt/homebrew/Cellar/go/1.24.6/libexec/src/testing/testing.go:1851 +0x40

Goroutine 266 (running) created at:
  github.com/luxfi/threshold/pkg/protocol.(*Handler).tryAdvanceRound()
      /Users/z/work/lux/threshold/pkg/protocol/handler.go:673 +0x12e4
  github.com/luxfi/threshold/pkg/protocol.(*Handler).processMessage()
      /Users/z/work/lux/threshold/pkg/protocol/handler.go:486 +0xbb0
  github.com/luxfi/threshold/pkg/protocol.(*Handler).messageWorker()
      /Users/z/work/lux/threshold/pkg/protocol/handler.go:408 +0x338
  github.com/luxfi/threshold/pkg/protocol.(*Handler).startWorkers.gowrap2()
      /Users/z/work/lux/threshold/pkg/protocol/handler.go:361 +0x44
==================
2025-08-15T22:14:02.771-0500	DEBUG	protocol/handler.go:581	tryAdvanceRound called	{"{current_round 20 3  <nil>}": {"Key":"self","Type":15,"Integer":0,"String":"b","Interface":null}}
2025-08-15T22:14:02.771-0500	DEBUG	protocol/handler.go:1591	have processed broadcast	{"{round 20 3  <nil>}": {"Key":"from","Type":15,"Integer":0,"String":"a","Interface":null}}
2025-08-15T22:14:02.771-0500	DEBUG	protocol/handler.go:1649	have all messages and processed	{"{round 20 3  <nil>}": {"Key":"self","Type":15,"Integer":0,"String":"b","Interface":null}}
2025-08-15T22:14:02.771-0500	DEBUG	protocol/handler.go:596	round already finalized
2025-08-15T22:14:02.771-0500	DEBUG	protocol/handler.go:581	tryAdvanceRound called	{"{current_round 20 3  <nil>}": {"Key":"self","Type":15,"Integer":0,"String":"b","Interface":null}}
2025-08-15T22:14:02.771-0500	DEBUG	protocol/handler.go:1591	have processed broadcast	{"{round 20 3  <nil>}": {"Key":"from","Type":15,"Integer":0,"String":"a","Interface":null}}
2025-08-15T22:14:02.771-0500	DEBUG	protocol/handler.go:1649	have all messages and processed	{"{round 20 3  <nil>}": {"Key":"self","Type":15,"Integer":0,"String":"b","Interface":null}}
2025-08-15T22:14:02.771-0500	DEBUG	protocol/handler.go:596	round already finalized
2025-08-15T22:14:02.781-0500	DEBUG	protocol/handler.go:581	tryAdvanceRound called	{"{current_round 20 3  <nil>}": {"Key":"self","Type":15,"Integer":0,"String":"a","Interface":null}}
2025-08-15T22:14:02.781-0500	DEBUG	protocol/handler.go:1591	have processed broadcast	{"{round 20 3  <nil>}": {"Key":"from","Type":15,"Integer":0,"String":"b","Interface":null}}
2025-08-15T22:14:02.781-0500	DEBUG	protocol/handler.go:1649	have all messages and processed	{"{round 20 3  <nil>}": {"Key":"self","Type":15,"Integer":0,"String":"a","Interface":null}}
2025-08-15T22:14:02.781-0500	DEBUG	protocol/handler.go:596	round already finalized
2025-08-15T22:14:02.781-0500	DEBUG	protocol/handler.go:581	tryAdvanceRound called	{"{current_round 20 3  <nil>}": {"Key":"self","Type":15,"Integer":0,"String":"a","Interface":null}}
2025-08-15T22:14:02.781-0500	DEBUG	protocol/handler.go:1591	have processed broadcast	{"{round 20 3  <nil>}": {"Key":"from","Type":15,"Integer":0,"String":"b","Interface":null}}
2025-08-15T22:14:02.782-0500	DEBUG	protocol/handler.go:1649	have all messages and processed	{"{round 20 3  <nil>}": {"Key":"self","Type":15,"Integer":0,"String":"a","Interface":null}}
2025-08-15T22:14:02.782-0500	DEBUG	protocol/handler.go:596	round already finalized
==================
WARNING: DATA RACE
Write at 0x00c00010d0f8 by goroutine 82:
  github.com/cronokirby/saferith.maskEnd()
      /Users/z/go/pkg/mod/github.com/cronokirby/saferith@v0.33.0/num.go:261 +0x1cc
  github.com/cronokirby/saferith.(*Nat).resizedLimbs()
      /Users/z/go/pkg/mod/github.com/cronokirby/saferith@v0.33.0/num.go:252 +0x16c
  github.com/cronokirby/saferith.(*Nat).Cmp()
      /Users/z/go/pkg/mod/github.com/cronokirby/saferith@v0.33.0/num.go:1411 +0x90
  github.com/cronokirby/saferith.(*Nat).CmpMod()
      /Users/z/go/pkg/mod/github.com/cronokirby/saferith@v0.33.0/num.go:1430 +0x74
  github.com/luxfi/threshold/pkg/math/arith.IsValidNatModN()
      /Users/z/work/lux/threshold/pkg/math/arith/int.go:16 +0x78
  github.com/luxfi/threshold/pkg/pedersen.Parameters.Verify()
      /Users/z/work/lux/threshold/pkg/pedersen/pedersen.go:91 +0xc0
  github.com/luxfi/threshold/pkg/zk/fac.(*Proof).Verify()
      /Users/z/work/lux/threshold/pkg/zk/fac/fac.go:111 +0x170
  github.com/luxfi/threshold/protocols/cmp/keygen.(*round4).VerifyMessage()
      /Users/z/work/lux/threshold/protocols/cmp/keygen/round4.go:139 +0x368
  github.com/luxfi/threshold/pkg/protocol.(*Handler).verifyNormalForRound()
      /Users/z/work/lux/threshold/pkg/protocol/handler.go:1331 +0x348
  github.com/luxfi/threshold/pkg/protocol.(*Handler).retryUnprocessedMessages()
      /Users/z/work/lux/threshold/pkg/protocol/handler.go:1496 +0x3a0
  github.com/luxfi/threshold/pkg/protocol.(*Handler).tryAdvanceRound()
      /Users/z/work/lux/threshold/pkg/protocol/handler.go:587 +0x28c
  github.com/luxfi/threshold/pkg/protocol.(*Handler).roundProcessor()
      /Users/z/work/lux/threshold/pkg/protocol/handler.go:569 +0xb4
  github.com/luxfi/threshold/pkg/protocol.(*Handler).startWorkers.func1()
      /Users/z/work/lux/threshold/pkg/protocol/handler.go:374 +0x78

Previous read at 0x00c00010d0f8 by goroutine 266:
  runtime.slicecopy()
      /opt/homebrew/Cellar/go/1.24.6/libexec/src/runtime/slice.go:355 +0x0
  github.com/cronokirby/saferith.(*Nat).invert()
      /Users/z/go/pkg/mod/github.com/cronokirby/saferith@v0.33.0/num.go:1561 +0x318
  github.com/cronokirby/saferith.(*Nat).modInverse()
      /Users/z/go/pkg/mod/github.com/cronokirby/saferith@v0.33.0/num.go:1743 +0x18c
  github.com/cronokirby/saferith.(*Nat).ModInverse()
      /Users/z/go/pkg/mod/github.com/cronokirby/saferith@v0.33.0/num.go:1757 +0x80
  github.com/luxfi/threshold/pkg/math/arith.(*Modulus).ExpI()
      /Users/z/work/lux/threshold/pkg/math/arith/modulus.go:68 +0xd4
  github.com/luxfi/threshold/pkg/zk/fac.(*Proof).Verify()
      /Users/z/work/lux/threshold/pkg/zk/fac/fac.go:127 +0x364
  github.com/luxfi/threshold/protocols/cmp/keygen.(*round4).VerifyMessage()
      /Users/z/work/lux/threshold/protocols/cmp/keygen/round4.go:139 +0x368
  github.com/luxfi/threshold/pkg/protocol.(*Handler).verifyNormalForRound()
      /Users/z/work/lux/threshold/pkg/protocol/handler.go:1331 +0x348
  github.com/luxfi/threshold/pkg/protocol.(*Handler).processQueuedMessages()
      /Users/z/work/lux/threshold/pkg/protocol/handler.go:1556 +0x550
  github.com/luxfi/threshold/pkg/protocol.(*Handler).tryAdvanceRound.gowrap2()
      /Users/z/work/lux/threshold/pkg/protocol/handler.go:673 +0x40

Goroutine 82 (running) created at:
  github.com/luxfi/threshold/pkg/protocol.(*Handler).startWorkers()
      /Users/z/work/lux/threshold/pkg/protocol/handler.go:372 +0x4fc
  github.com/luxfi/threshold/pkg/protocol.NewHandler()
      /Users/z/work/lux/threshold/pkg/protocol/handler.go:247 +0xf10
  github.com/luxfi/threshold/internal/test.(*Harness).CreateHandler()
      /Users/z/work/lux/threshold/internal/test/harness.go:91 +0x2e4
  github.com/luxfi/threshold/internal/test.RunProtocol()
      /Users/z/work/lux/threshold/internal/test/harness.go:270 +0x230
  github.com/luxfi/threshold/protocols/cmp_test.TestCMPBasicKeygen()
      /Users/z/work/lux/threshold/protocols/cmp/cmp_basic_test.go:35 +0x29c
  testing.tRunner()
      /opt/homebrew/Cellar/go/1.24.6/libexec/src/testing/testing.go:1792 +0x180
  testing.(*T).Run.gowrap1()
      /opt/homebrew/Cellar/go/1.24.6/libexec/src/testing/testing.go:1851 +0x40

Goroutine 266 (running) created at:
  github.com/luxfi/threshold/pkg/protocol.(*Handler).tryAdvanceRound()
      /Users/z/work/lux/threshold/pkg/protocol/handler.go:673 +0x12e4
  github.com/luxfi/threshold/pkg/protocol.(*Handler).processMessage()
      /Users/z/work/lux/threshold/pkg/protocol/handler.go:486 +0xbb0
  github.com/luxfi/threshold/pkg/protocol.(*Handler).messageWorker()
      /Users/z/work/lux/threshold/pkg/protocol/handler.go:408 +0x338
  github.com/luxfi/threshold/pkg/protocol.(*Handler).startWorkers.gowrap2()
      /Users/z/work/lux/threshold/pkg/protocol/handler.go:361 +0x44
==================
2025-08-15T22:14:02.814-0500	DEBUG	protocol/handler.go:581	tryAdvanceRound called	{"{current_round 20 3  <nil>}": {"Key":"self","Type":15,"Integer":0,"String":"b","Interface":null}}
2025-08-15T22:14:02.819-0500	DEBUG	protocol/handler.go:1591	have processed broadcast	{"{round 20 3  <nil>}": {"Key":"from","Type":15,"Integer":0,"String":"a","Interface":null}}
2025-08-15T22:14:02.819-0500	DEBUG	protocol/handler.go:1649	have all messages and processed	{"{round 20 3  <nil>}": {"Key":"self","Type":15,"Integer":0,"String":"b","Interface":null}}
2025-08-15T22:14:02.819-0500	DEBUG	protocol/handler.go:596	round already finalized
2025-08-15T22:14:02.819-0500	DEBUG	protocol/handler.go:581	tryAdvanceRound called	{"{current_round 20 3  <nil>}": {"Key":"self","Type":15,"Integer":0,"String":"b","Interface":null}}
2025-08-15T22:14:02.819-0500	DEBUG	protocol/handler.go:1591	have processed broadcast	{"{round 20 3  <nil>}": {"Key":"from","Type":15,"Integer":0,"String":"a","Interface":null}}
2025-08-15T22:14:02.819-0500	DEBUG	protocol/handler.go:1649	have all messages and processed	{"{round 20 3  <nil>}": {"Key":"self","Type":15,"Integer":0,"String":"b","Interface":null}}
2025-08-15T22:14:02.819-0500	DEBUG	protocol/handler.go:596	round already finalized
2025-08-15T22:14:02.819-0500	DEBUG	protocol/handler.go:581	tryAdvanceRound called	{"{current_round 20 3  <nil>}": {"Key":"self","Type":15,"Integer":0,"String":"b","Interface":null}}
2025-08-15T22:14:02.819-0500	DEBUG	protocol/handler.go:1591	have processed broadcast	{"{round 20 3  <nil>}": {"Key":"from","Type":15,"Integer":0,"String":"a","Interface":null}}
2025-08-15T22:14:02.819-0500	DEBUG	protocol/handler.go:1649	have all messages and processed	{"{round 20 3  <nil>}": {"Key":"self","Type":15,"Integer":0,"String":"b","Interface":null}}
2025-08-15T22:14:02.819-0500	DEBUG	protocol/handler.go:596	round already finalized
2025-08-15T22:14:02.825-0500	DEBUG	protocol/handler.go:581	tryAdvanceRound called	{"{current_round 20 3  <nil>}": {"Key":"self","Type":15,"Integer":0,"String":"a","Interface":null}}
2025-08-15T22:14:02.826-0500	DEBUG	protocol/handler.go:1591	have processed broadcast	{"{round 20 3  <nil>}": {"Key":"from","Type":15,"Integer":0,"String":"b","Interface":null}}
2025-08-15T22:14:02.826-0500	DEBUG	protocol/handler.go:1649	have all messages and processed	{"{round 20 3  <nil>}": {"Key":"self","Type":15,"Integer":0,"String":"a","Interface":null}}
2025-08-15T22:14:02.826-0500	DEBUG	protocol/handler.go:596	round already finalized
2025-08-15T22:14:02.826-0500	DEBUG	protocol/handler.go:581	tryAdvanceRound called	{"{current_round 20 3  <nil>}": {"Key":"self","Type":15,"Integer":0,"String":"a","Interface":null}}
2025-08-15T22:14:02.826-0500	DEBUG	protocol/handler.go:1591	have processed broadcast	{"{round 20 3  <nil>}": {"Key":"from","Type":15,"Integer":0,"String":"b","Interface":null}}
2025-08-15T22:14:02.826-0500	DEBUG	protocol/handler.go:1649	have all messages and processed	{"{round 20 3  <nil>}": {"Key":"self","Type":15,"Integer":0,"String":"a","Interface":null}}
2025-08-15T22:14:02.826-0500	DEBUG	protocol/handler.go:596	round already finalized
2025-08-15T22:14:02.849-0500	DEBUG	protocol/handler.go:581	tryAdvanceRound called	{"{current_round 20 3  <nil>}": {"Key":"self","Type":15,"Integer":0,"String":"a","Interface":null}}
2025-08-15T22:14:02.849-0500	DEBUG	protocol/handler.go:1591	have processed broadcast	{"{round 20 3  <nil>}": {"Key":"from","Type":15,"Integer":0,"String":"b","Interface":null}}
2025-08-15T22:14:02.849-0500	DEBUG	protocol/handler.go:1649	have all messages and processed	{"{round 20 3  <nil>}": {"Key":"self","Type":15,"Integer":0,"String":"a","Interface":null}}
2025-08-15T22:14:02.849-0500	DEBUG	protocol/handler.go:596	round already finalized
2025-08-15T22:14:02.849-0500	DEBUG	protocol/handler.go:581	tryAdvanceRound called	{"{current_round 20 3  <nil>}": {"Key":"self","Type":15,"Integer":0,"String":"a","Interface":null}}
2025-08-15T22:14:02.849-0500	DEBUG	protocol/handler.go:1591	have processed broadcast	{"{round 20 3  <nil>}": {"Key":"from","Type":15,"Integer":0,"String":"b","Interface":null}}
2025-08-15T22:14:02.850-0500	DEBUG	protocol/handler.go:1649	have all messages and processed	{"{round 20 3  <nil>}": {"Key":"self","Type":15,"Integer":0,"String":"a","Interface":null}}
2025-08-15T22:14:02.850-0500	DEBUG	protocol/handler.go:596	round already finalized
2025-08-15T22:14:02.861-0500	DEBUG	protocol/handler.go:581	tryAdvanceRound called	{"{current_round 20 3  <nil>}": {"Key":"self","Type":15,"Integer":0,"String":"b","Interface":null}}
2025-08-15T22:14:02.861-0500	DEBUG	protocol/handler.go:1591	have processed broadcast	{"{round 20 3  <nil>}": {"Key":"from","Type":15,"Integer":0,"String":"a","Interface":null}}
2025-08-15T22:14:02.861-0500	DEBUG	protocol/handler.go:1649	have all messages and processed	{"{round 20 3  <nil>}": {"Key":"self","Type":15,"Integer":0,"String":"b","Interface":null}}
2025-08-15T22:14:02.861-0500	DEBUG	protocol/handler.go:596	round already finalized
2025-08-15T22:14:02.862-0500	DEBUG	protocol/handler.go:581	tryAdvanceRound called	{"{current_round 20 3  <nil>}": {"Key":"self","Type":15,"Integer":0,"String":"b","Interface":null}}
2025-08-15T22:14:02.862-0500	DEBUG	protocol/handler.go:1591	have processed broadcast	{"{round 20 3  <nil>}": {"Key":"from","Type":15,"Integer":0,"String":"a","Interface":null}}
2025-08-15T22:14:02.862-0500	DEBUG	protocol/handler.go:1649	have all messages and processed	{"{round 20 3  <nil>}": {"Key":"self","Type":15,"Integer":0,"String":"b","Interface":null}}
2025-08-15T22:14:02.862-0500	DEBUG	protocol/handler.go:596	round already finalized
2025-08-15T22:14:02.873-0500	DEBUG	protocol/handler.go:581	tryAdvanceRound called	{"{current_round 20 3  <nil>}": {"Key":"self","Type":15,"Integer":0,"String":"a","Interface":null}}
2025-08-15T22:14:02.873-0500	DEBUG	protocol/handler.go:1591	have processed broadcast	{"{round 20 3  <nil>}": {"Key":"from","Type":15,"Integer":0,"String":"b","Interface":null}}
2025-08-15T22:14:02.873-0500	DEBUG	protocol/handler.go:1649	have all messages and processed	{"{round 20 3  <nil>}": {"Key":"self","Type":15,"Integer":0,"String":"a","Interface":null}}
2025-08-15T22:14:02.873-0500	DEBUG	protocol/handler.go:596	round already finalized
2025-08-15T22:14:02.886-0500	DEBUG	protocol/handler.go:581	tryAdvanceRound called	{"{current_round 20 3  <nil>}": {"Key":"self","Type":15,"Integer":0,"String":"b","Interface":null}}
2025-08-15T22:14:02.886-0500	DEBUG	protocol/handler.go:1591	have processed broadcast	{"{round 20 3  <nil>}": {"Key":"from","Type":15,"Integer":0,"String":"a","Interface":null}}
2025-08-15T22:14:02.886-0500	DEBUG	protocol/handler.go:1649	have all messages and processed	{"{round 20 3  <nil>}": {"Key":"self","Type":15,"Integer":0,"String":"b","Interface":null}}
2025-08-15T22:14:02.886-0500	DEBUG	protocol/handler.go:596	round already finalized
2025-08-15T22:14:02.897-0500	DEBUG	protocol/handler.go:581	tryAdvanceRound called	{"{current_round 20 3  <nil>}": {"Key":"self","Type":15,"Integer":0,"String":"a","Interface":null}}
2025-08-15T22:14:02.897-0500	DEBUG	protocol/handler.go:1591	have processed broadcast	{"{round 20 3  <nil>}": {"Key":"from","Type":15,"Integer":0,"String":"b","Interface":null}}
2025-08-15T22:14:02.897-0500	DEBUG	protocol/handler.go:1649	have all messages and processed	{"{round 20 3  <nil>}": {"Key":"self","Type":15,"Integer":0,"String":"a","Interface":null}}
2025-08-15T22:14:02.897-0500	DEBUG	protocol/handler.go:596	round already finalized
2025-08-15T22:14:02.909-0500	DEBUG	protocol/handler.go:581	tryAdvanceRound called	{"{current_round 20 3  <nil>}": {"Key":"self","Type":15,"Integer":0,"String":"b","Interface":null}}
2025-08-15T22:14:02.909-0500	DEBUG	protocol/handler.go:1591	have processed broadcast	{"{round 20 3  <nil>}": {"Key":"from","Type":15,"Integer":0,"String":"a","Interface":null}}
2025-08-15T22:14:02.909-0500	DEBUG	protocol/handler.go:1649	have all messages and processed	{"{round 20 3  <nil>}": {"Key":"self","Type":15,"Integer":0,"String":"b","Interface":null}}
2025-08-15T22:14:02.909-0500	DEBUG	protocol/handler.go:596	round already finalized
2025-08-15T22:14:02.919-0500	DEBUG	protocol/handler.go:581	tryAdvanceRound called	{"{current_round 20 3  <nil>}": {"Key":"self","Type":15,"Integer":0,"String":"a","Interface":null}}
2025-08-15T22:14:02.919-0500	DEBUG	protocol/handler.go:1591	have processed broadcast	{"{round 20 3  <nil>}": {"Key":"from","Type":15,"Integer":0,"String":"b","Interface":null}}
2025-08-15T22:14:02.919-0500	DEBUG	protocol/handler.go:1649	have all messages and processed	{"{round 20 3  <nil>}": {"Key":"self","Type":15,"Integer":0,"String":"a","Interface":null}}
2025-08-15T22:14:02.919-0500	DEBUG	protocol/handler.go:596	round already finalized
2025-08-15T22:14:02.955-0500	DEBUG	protocol/handler.go:581	tryAdvanceRound called	{"{current_round 20 3  <nil>}": {"Key":"self","Type":15,"Integer":0,"String":"b","Interface":null}}
2025-08-15T22:14:02.955-0500	DEBUG	protocol/handler.go:1591	have processed broadcast	{"{round 20 3  <nil>}": {"Key":"from","Type":15,"Integer":0,"String":"a","Interface":null}}
2025-08-15T22:14:02.956-0500	DEBUG	protocol/handler.go:1649	have all messages and processed	{"{round 20 3  <nil>}": {"Key":"self","Type":15,"Integer":0,"String":"b","Interface":null}}
2025-08-15T22:14:02.956-0500	DEBUG	protocol/handler.go:596	round already finalized
2025-08-15T22:14:02.956-0500	DEBUG	protocol/handler.go:581	tryAdvanceRound called	{"{current_round 20 3  <nil>}": {"Key":"self","Type":15,"Integer":0,"String":"b","Interface":null}}
2025-08-15T22:14:02.956-0500	DEBUG	protocol/handler.go:1591	have processed broadcast	{"{round 20 3  <nil>}": {"Key":"from","Type":15,"Integer":0,"String":"a","Interface":null}}
2025-08-15T22:14:02.956-0500	DEBUG	protocol/handler.go:1649	have all messages and processed	{"{round 20 3  <nil>}": {"Key":"self","Type":15,"Integer":0,"String":"b","Interface":null}}
2025-08-15T22:14:02.956-0500	DEBUG	protocol/handler.go:596	round already finalized
2025-08-15T22:14:02.968-0500	DEBUG	protocol/handler.go:581	tryAdvanceRound called	{"{current_round 20 3  <nil>}": {"Key":"self","Type":15,"Integer":0,"String":"a","Interface":null}}
2025-08-15T22:14:02.968-0500	DEBUG	protocol/handler.go:1591	have processed broadcast	{"{round 20 3  <nil>}": {"Key":"from","Type":15,"Integer":0,"String":"b","Interface":null}}
2025-08-15T22:14:02.968-0500	DEBUG	protocol/handler.go:1649	have all messages and processed	{"{round 20 3  <nil>}": {"Key":"self","Type":15,"Integer":0,"String":"a","Interface":null}}
2025-08-15T22:14:02.968-0500	DEBUG	protocol/handler.go:596	round already finalized
2025-08-15T22:14:02.968-0500	DEBUG	protocol/handler.go:581	tryAdvanceRound called	{"{current_round 20 3  <nil>}": {"Key":"self","Type":15,"Integer":0,"String":"a","Interface":null}}
2025-08-15T22:14:02.968-0500	DEBUG	protocol/handler.go:1591	have processed broadcast	{"{round 20 3  <nil>}": {"Key":"from","Type":15,"Integer":0,"String":"b","Interface":null}}
2025-08-15T22:14:02.968-0500	DEBUG	protocol/handler.go:1649	have all messages and processed	{"{round 20 3  <nil>}": {"Key":"self","Type":15,"Integer":0,"String":"a","Interface":null}}
2025-08-15T22:14:02.968-0500	DEBUG	protocol/handler.go:596	round already finalized
2025-08-15T22:14:02.980-0500	DEBUG	protocol/handler.go:581	tryAdvanceRound called	{"{current_round 20 3  <nil>}": {"Key":"self","Type":15,"Integer":0,"String":"b","Interface":null}}
2025-08-15T22:14:02.980-0500	DEBUG	protocol/handler.go:1591	have processed broadcast	{"{round 20 3  <nil>}": {"Key":"from","Type":15,"Integer":0,"String":"a","Interface":null}}
2025-08-15T22:14:02.981-0500	DEBUG	protocol/handler.go:1649	have all messages and processed	{"{round 20 3  <nil>}": {"Key":"self","Type":15,"Integer":0,"String":"b","Interface":null}}
2025-08-15T22:14:02.981-0500	DEBUG	protocol/handler.go:596	round already finalized
2025-08-15T22:14:03.009-0500	DEBUG	protocol/handler.go:581	tryAdvanceRound called	{"{current_round 20 3  <nil>}": {"Key":"self","Type":15,"Integer":0,"String":"b","Interface":null}}
2025-08-15T22:14:03.010-0500	DEBUG	protocol/handler.go:1591	have processed broadcast	{"{round 20 3  <nil>}": {"Key":"from","Type":15,"Integer":0,"String":"a","Interface":null}}
2025-08-15T22:14:03.010-0500	DEBUG	protocol/handler.go:1649	have all messages and processed	{"{round 20 3  <nil>}": {"Key":"self","Type":15,"Integer":0,"String":"b","Interface":null}}
2025-08-15T22:14:03.010-0500	DEBUG	protocol/handler.go:596	round already finalized
2025-08-15T22:14:03.017-0500	DEBUG	protocol/handler.go:581	tryAdvanceRound called	{"{current_round 20 3  <nil>}": {"Key":"self","Type":15,"Integer":0,"String":"a","Interface":null}}
2025-08-15T22:14:03.017-0500	DEBUG	protocol/handler.go:1591	have processed broadcast	{"{round 20 3  <nil>}": {"Key":"from","Type":15,"Integer":0,"String":"b","Interface":null}}
2025-08-15T22:14:03.017-0500	DEBUG	protocol/handler.go:1649	have all messages and processed	{"{round 20 3  <nil>}": {"Key":"self","Type":15,"Integer":0,"String":"a","Interface":null}}
2025-08-15T22:14:03.017-0500	DEBUG	protocol/handler.go:596	round already finalized
2025-08-15T22:14:03.017-0500	DEBUG	protocol/handler.go:581	tryAdvanceRound called	{"{current_round 20 3  <nil>}": {"Key":"self","Type":15,"Integer":0,"String":"a","Interface":null}}
2025-08-15T22:14:03.017-0500	DEBUG	protocol/handler.go:1591	have processed broadcast	{"{round 20 3  <nil>}": {"Key":"from","Type":15,"Integer":0,"String":"b","Interface":null}}
2025-08-15T22:14:03.017-0500	DEBUG	protocol/handler.go:1649	have all messages and processed	{"{round 20 3  <nil>}": {"Key":"self","Type":15,"Integer":0,"String":"a","Interface":null}}
2025-08-15T22:14:03.017-0500	DEBUG	protocol/handler.go:596	round already finalized
2025-08-15T22:14:03.029-0500	DEBUG	protocol/handler.go:581	tryAdvanceRound called	{"{current_round 20 3  <nil>}": {"Key":"self","Type":15,"Integer":0,"String":"b","Interface":null}}
2025-08-15T22:14:03.029-0500	DEBUG	protocol/handler.go:1591	have processed broadcast	{"{round 20 3  <nil>}": {"Key":"from","Type":15,"Integer":0,"String":"a","Interface":null}}
2025-08-15T22:14:03.030-0500	DEBUG	protocol/handler.go:1649	have all messages and processed	{"{round 20 3  <nil>}": {"Key":"self","Type":15,"Integer":0,"String":"b","Interface":null}}
2025-08-15T22:14:03.030-0500	DEBUG	protocol/handler.go:596	round already finalized
2025-08-15T22:14:03.055-0500	DEBUG	protocol/handler.go:581	tryAdvanceRound called	{"{current_round 20 3  <nil>}": {"Key":"self","Type":15,"Integer":0,"String":"b","Interface":null}}
2025-08-15T22:14:03.055-0500	DEBUG	protocol/handler.go:1591	have processed broadcast	{"{round 20 3  <nil>}": {"Key":"from","Type":15,"Integer":0,"String":"a","Interface":null}}
2025-08-15T22:14:03.055-0500	DEBUG	protocol/handler.go:1649	have all messages and processed	{"{round 20 3  <nil>}": {"Key":"self","Type":15,"Integer":0,"String":"b","Interface":null}}
2025-08-15T22:14:03.055-0500	DEBUG	protocol/handler.go:596	round already finalized
2025-08-15T22:14:03.066-0500	DEBUG	protocol/handler.go:581	tryAdvanceRound called	{"{current_round 20 3  <nil>}": {"Key":"self","Type":15,"Integer":0,"String":"a","Interface":null}}
2025-08-15T22:14:03.066-0500	DEBUG	protocol/handler.go:1591	have processed broadcast	{"{round 20 3  <nil>}": {"Key":"from","Type":15,"Integer":0,"String":"b","Interface":null}}
2025-08-15T22:14:03.066-0500	DEBUG	protocol/handler.go:1649	have all messages and processed	{"{round 20 3  <nil>}": {"Key":"self","Type":15,"Integer":0,"String":"a","Interface":null}}
2025-08-15T22:14:03.067-0500	DEBUG	protocol/handler.go:596	round already finalized
2025-08-15T22:14:03.067-0500	DEBUG	protocol/handler.go:581	tryAdvanceRound called	{"{current_round 20 3  <nil>}": {"Key":"self","Type":15,"Integer":0,"String":"a","Interface":null}}
2025-08-15T22:14:03.067-0500	DEBUG	protocol/handler.go:1591	have processed broadcast	{"{round 20 3  <nil>}": {"Key":"from","Type":15,"Integer":0,"String":"b","Interface":null}}
2025-08-15T22:14:03.067-0500	DEBUG	protocol/handler.go:1649	have all messages and processed	{"{round 20 3  <nil>}": {"Key":"self","Type":15,"Integer":0,"String":"a","Interface":null}}
2025-08-15T22:14:03.067-0500	DEBUG	protocol/handler.go:596	round already finalized
2025-08-15T22:14:03.107-0500	DEBUG	protocol/handler.go:581	tryAdvanceRound called	{"{current_round 20 3  <nil>}": {"Key":"self","Type":15,"Integer":0,"String":"b","Interface":null}}
2025-08-15T22:14:03.114-0500	DEBUG	protocol/handler.go:1591	have processed broadcast	{"{round 20 3  <nil>}": {"Key":"from","Type":15,"Integer":0,"String":"a","Interface":null}}
2025-08-15T22:14:03.114-0500	DEBUG	protocol/handler.go:1649	have all messages and processed	{"{round 20 3  <nil>}": {"Key":"self","Type":15,"Integer":0,"String":"b","Interface":null}}
2025-08-15T22:14:03.114-0500	DEBUG	protocol/handler.go:596	round already finalized
2025-08-15T22:14:03.114-0500	DEBUG	protocol/handler.go:581	tryAdvanceRound called	{"{current_round 20 3  <nil>}": {"Key":"self","Type":15,"Integer":0,"String":"b","Interface":null}}
2025-08-15T22:14:03.114-0500	DEBUG	protocol/handler.go:1591	have processed broadcast	{"{round 20 3  <nil>}": {"Key":"from","Type":15,"Integer":0,"String":"a","Interface":null}}
2025-08-15T22:14:03.114-0500	DEBUG	protocol/handler.go:1649	have all messages and processed	{"{round 20 3  <nil>}": {"Key":"self","Type":15,"Integer":0,"String":"b","Interface":null}}
2025-08-15T22:14:03.114-0500	DEBUG	protocol/handler.go:596	round already finalized
2025-08-15T22:14:03.117-0500	DEBUG	protocol/handler.go:581	tryAdvanceRound called	{"{current_round 20 3  <nil>}": {"Key":"self","Type":15,"Integer":0,"String":"a","Interface":null}}
2025-08-15T22:14:03.118-0500	DEBUG	protocol/handler.go:1591	have processed broadcast	{"{round 20 3  <nil>}": {"Key":"from","Type":15,"Integer":0,"String":"b","Interface":null}}
2025-08-15T22:14:03.118-0500	DEBUG	protocol/handler.go:1649	have all messages and processed	{"{round 20 3  <nil>}": {"Key":"self","Type":15,"Integer":0,"String":"a","Interface":null}}
2025-08-15T22:14:03.118-0500	DEBUG	protocol/handler.go:596	round already finalized
2025-08-15T22:14:03.119-0500	DEBUG	protocol/handler.go:581	tryAdvanceRound called	{"{current_round 20 3  <nil>}": {"Key":"self","Type":15,"Integer":0,"String":"a","Interface":null}}
2025-08-15T22:14:03.119-0500	DEBUG	protocol/handler.go:1591	have processed broadcast	{"{round 20 3  <nil>}": {"Key":"from","Type":15,"Integer":0,"String":"b","Interface":null}}
2025-08-15T22:14:03.119-0500	DEBUG	protocol/handler.go:1649	have all messages and processed	{"{round 20 3  <nil>}": {"Key":"self","Type":15,"Integer":0,"String":"a","Interface":null}}
2025-08-15T22:14:03.119-0500	DEBUG	protocol/handler.go:596	round already finalized
2025-08-15T22:14:03.119-0500	DEBUG	protocol/handler.go:581	tryAdvanceRound called	{"{current_round 20 3  <nil>}": {"Key":"self","Type":15,"Integer":0,"String":"a","Interface":null}}
2025-08-15T22:14:03.119-0500	DEBUG	protocol/handler.go:1591	have processed broadcast	{"{round 20 3  <nil>}": {"Key":"from","Type":15,"Integer":0,"String":"b","Interface":null}}
2025-08-15T22:14:03.120-0500	DEBUG	protocol/handler.go:1649	have all messages and processed	{"{round 20 3  <nil>}": {"Key":"self","Type":15,"Integer":0,"String":"a","Interface":null}}
2025-08-15T22:14:03.120-0500	DEBUG	protocol/handler.go:596	round already finalized
2025-08-15T22:14:03.134-0500	DEBUG	protocol/handler.go:581	tryAdvanceRound called	{"{current_round 20 3  <nil>}": {"Key":"self","Type":15,"Integer":0,"String":"b","Interface":null}}
2025-08-15T22:14:03.134-0500	DEBUG	protocol/handler.go:1591	have processed broadcast	{"{round 20 3  <nil>}": {"Key":"from","Type":15,"Integer":0,"String":"a","Interface":null}}
2025-08-15T22:14:03.134-0500	DEBUG	protocol/handler.go:1649	have all messages and processed	{"{round 20 3  <nil>}": {"Key":"self","Type":15,"Integer":0,"String":"b","Interface":null}}
2025-08-15T22:14:03.134-0500	DEBUG	protocol/handler.go:596	round already finalized
2025-08-15T22:14:03.135-0500	DEBUG	protocol/handler.go:581	tryAdvanceRound called	{"{current_round 20 3  <nil>}": {"Key":"self","Type":15,"Integer":0,"String":"a","Interface":null}}
2025-08-15T22:14:03.136-0500	DEBUG	protocol/handler.go:1591	have processed broadcast	{"{round 20 3  <nil>}": {"Key":"from","Type":15,"Integer":0,"String":"b","Interface":null}}
2025-08-15T22:14:03.136-0500	DEBUG	protocol/handler.go:1649	have all messages and processed	{"{round 20 3  <nil>}": {"Key":"self","Type":15,"Integer":0,"String":"a","Interface":null}}
2025-08-15T22:14:03.136-0500	DEBUG	protocol/handler.go:596	round already finalized
2025-08-15T22:14:03.158-0500	DEBUG	protocol/handler.go:581	tryAdvanceRound called	{"{current_round 20 3  <nil>}": {"Key":"self","Type":15,"Integer":0,"String":"b","Interface":null}}
2025-08-15T22:14:03.158-0500	DEBUG	protocol/handler.go:1591	have processed broadcast	{"{round 20 3  <nil>}": {"Key":"from","Type":15,"Integer":0,"String":"a","Interface":null}}
2025-08-15T22:14:03.158-0500	DEBUG	protocol/handler.go:1649	have all messages and processed	{"{round 20 3  <nil>}": {"Key":"self","Type":15,"Integer":0,"String":"b","Interface":null}}
2025-08-15T22:14:03.158-0500	DEBUG	protocol/handler.go:581	tryAdvanceRound called	{"{current_round 20 3  <nil>}": {"Key":"self","Type":15,"Integer":0,"String":"a","Interface":null}}
2025-08-15T22:14:03.158-0500	DEBUG	protocol/handler.go:596	round already finalized
2025-08-15T22:14:03.158-0500	DEBUG	protocol/handler.go:1591	have processed broadcast	{"{round 20 3  <nil>}": {"Key":"from","Type":15,"Integer":0,"String":"b","Interface":null}}
2025-08-15T22:14:03.158-0500	DEBUG	protocol/handler.go:1649	have all messages and processed	{"{round 20 3  <nil>}": {"Key":"self","Type":15,"Integer":0,"String":"a","Interface":null}}
2025-08-15T22:14:03.158-0500	DEBUG	protocol/handler.go:596	round already finalized
2025-08-15T22:14:03.179-0500	DEBUG	protocol/handler.go:581	tryAdvanceRound called	{"{current_round 20 3  <nil>}": {"Key":"self","Type":15,"Integer":0,"String":"b","Interface":null}}
2025-08-15T22:14:03.179-0500	DEBUG	protocol/handler.go:581	tryAdvanceRound called	{"{current_round 20 3  <nil>}": {"Key":"self","Type":15,"Integer":0,"String":"a","Interface":null}}
2025-08-15T22:14:03.179-0500	DEBUG	protocol/handler.go:1591	have processed broadcast	{"{round 20 3  <nil>}": {"Key":"from","Type":15,"Integer":0,"String":"a","Interface":null}}
2025-08-15T22:14:03.179-0500	DEBUG	protocol/handler.go:1591	have processed broadcast	{"{round 20 3  <nil>}": {"Key":"from","Type":15,"Integer":0,"String":"b","Interface":null}}
2025-08-15T22:14:03.179-0500	DEBUG	protocol/handler.go:1649	have all messages and processed	{"{round 20 3  <nil>}": {"Key":"self","Type":15,"Integer":0,"String":"b","Interface":null}}
2025-08-15T22:14:03.179-0500	DEBUG	protocol/handler.go:596	round already finalized
2025-08-15T22:14:03.179-0500	DEBUG	protocol/handler.go:1649	have all messages and processed	{"{round 20 3  <nil>}": {"Key":"self","Type":15,"Integer":0,"String":"a","Interface":null}}
2025-08-15T22:14:03.179-0500	DEBUG	protocol/handler.go:596	round already finalized
2025-08-15T22:14:03.204-0500	DEBUG	protocol/handler.go:581	tryAdvanceRound called	{"{current_round 20 3  <nil>}": {"Key":"self","Type":15,"Integer":0,"String":"b","Interface":null}}
2025-08-15T22:14:03.204-0500	DEBUG	protocol/handler.go:1591	have processed broadcast	{"{round 20 3  <nil>}": {"Key":"from","Type":15,"Integer":0,"String":"a","Interface":null}}
2025-08-15T22:14:03.204-0500	DEBUG	protocol/handler.go:1649	have all messages and processed	{"{round 20 3  <nil>}": {"Key":"self","Type":15,"Integer":0,"String":"b","Interface":null}}
2025-08-15T22:14:03.204-0500	DEBUG	protocol/handler.go:596	round already finalized
2025-08-15T22:14:03.227-0500	DEBUG	protocol/handler.go:581	tryAdvanceRound called	{"{current_round 20 3  <nil>}": {"Key":"self","Type":15,"Integer":0,"String":"a","Interface":null}}
2025-08-15T22:14:03.227-0500	DEBUG	protocol/handler.go:1591	have processed broadcast	{"{round 20 3  <nil>}": {"Key":"from","Type":15,"Integer":0,"String":"b","Interface":null}}
2025-08-15T22:14:03.227-0500	DEBUG	protocol/handler.go:1649	have all messages and processed	{"{round 20 3  <nil>}": {"Key":"self","Type":15,"Integer":0,"String":"a","Interface":null}}
2025-08-15T22:14:03.227-0500	DEBUG	protocol/handler.go:596	round already finalized
2025-08-15T22:14:03.227-0500	DEBUG	protocol/handler.go:581	tryAdvanceRound called	{"{current_round 20 3  <nil>}": {"Key":"self","Type":15,"Integer":0,"String":"a","Interface":null}}
2025-08-15T22:14:03.227-0500	DEBUG	protocol/handler.go:581	tryAdvanceRound called	{"{current_round 20 3  <nil>}": {"Key":"self","Type":15,"Integer":0,"String":"b","Interface":null}}
2025-08-15T22:14:03.227-0500	DEBUG	protocol/handler.go:1591	have processed broadcast	{"{round 20 3  <nil>}": {"Key":"from","Type":15,"Integer":0,"String":"b","Interface":null}}
2025-08-15T22:14:03.227-0500	DEBUG	protocol/handler.go:1649	have all messages and processed	{"{round 20 3  <nil>}": {"Key":"self","Type":15,"Integer":0,"String":"a","Interface":null}}
2025-08-15T22:14:03.227-0500	DEBUG	protocol/handler.go:596	round already finalized
2025-08-15T22:14:03.227-0500	DEBUG	protocol/handler.go:1591	have processed broadcast	{"{round 20 3  <nil>}": {"Key":"from","Type":15,"Integer":0,"String":"a","Interface":null}}
2025-08-15T22:14:03.227-0500	DEBUG	protocol/handler.go:1649	have all messages and processed	{"{round 20 3  <nil>}": {"Key":"self","Type":15,"Integer":0,"String":"b","Interface":null}}
2025-08-15T22:14:03.228-0500	DEBUG	protocol/handler.go:596	round already finalized
==================
WARNING: DATA RACE
Read at 0x00c002e0c7f8 by goroutine 268:
  github.com/cronokirby/saferith.maskEnd()
      /Users/z/go/pkg/mod/github.com/cronokirby/saferith@v0.33.0/num.go:261 +0x1b4
  github.com/cronokirby/saferith.(*Nat).resizedLimbs()
      /Users/z/go/pkg/mod/github.com/cronokirby/saferith@v0.33.0/num.go:252 +0x16c
  github.com/cronokirby/saferith.(*Nat).Cmp()
      /Users/z/go/pkg/mod/github.com/cronokirby/saferith@v0.33.0/num.go:1411 +0x90
  github.com/cronokirby/saferith.(*Nat).CmpMod()
      /Users/z/go/pkg/mod/github.com/cronokirby/saferith@v0.33.0/num.go:1430 +0xa8
  github.com/luxfi/threshold/pkg/paillier.PublicKey.ValidateCiphertexts()
      /Users/z/work/lux/threshold/pkg/paillier/public.go:132 +0x7c
  github.com/luxfi/threshold/pkg/paillier.(*SecretKey).Dec()
      /Users/z/work/lux/threshold/pkg/paillier/secret.go:113 +0xec
  github.com/luxfi/threshold/protocols/cmp/keygen.(*round4).StoreMessage()
      /Users/z/work/lux/threshold/protocols/cmp/keygen/round4.go:156 +0xd0
  github.com/luxfi/threshold/pkg/protocol.(*Handler).verifyNormalForRound()
      /Users/z/work/lux/threshold/pkg/protocol/handler.go:1337 +0x43c
  github.com/luxfi/threshold/pkg/protocol.(*Handler).processQueuedMessages()
      /Users/z/work/lux/threshold/pkg/protocol/handler.go:1556 +0x550
  github.com/luxfi/threshold/pkg/protocol.(*Handler).tryAdvanceRound.gowrap2()
      /Users/z/work/lux/threshold/pkg/protocol/handler.go:673 +0x40

Previous write at 0x00c002e0c7f8 by goroutine 146:
  github.com/cronokirby/saferith.maskEnd()
      /Users/z/go/pkg/mod/github.com/cronokirby/saferith@v0.33.0/num.go:261 +0x1cc
  github.com/cronokirby/saferith.(*Nat).resizedLimbs()
      /Users/z/go/pkg/mod/github.com/cronokirby/saferith@v0.33.0/num.go:252 +0x16c
  github.com/cronokirby/saferith.(*Nat).Cmp()
      /Users/z/go/pkg/mod/github.com/cronokirby/saferith@v0.33.0/num.go:1411 +0x90
  github.com/cronokirby/saferith.(*Nat).CmpMod()
      /Users/z/go/pkg/mod/github.com/cronokirby/saferith@v0.33.0/num.go:1430 +0xa8
  github.com/luxfi/threshold/pkg/paillier.PublicKey.ValidateCiphertexts()
      /Users/z/work/lux/threshold/pkg/paillier/public.go:132 +0x7c
  github.com/luxfi/threshold/pkg/paillier.(*SecretKey).Dec()
      /Users/z/work/lux/threshold/pkg/paillier/secret.go:113 +0xec
  github.com/luxfi/threshold/protocols/cmp/keygen.(*round4).StoreMessage()
      /Users/z/work/lux/threshold/protocols/cmp/keygen/round4.go:156 +0xd0
  github.com/luxfi/threshold/pkg/protocol.(*Handler).verifyNormalForRound()
      /Users/z/work/lux/threshold/pkg/protocol/handler.go:1337 +0x43c
  github.com/luxfi/threshold/pkg/protocol.(*Handler).retryUnprocessedMessages()
      /Users/z/work/lux/threshold/pkg/protocol/handler.go:1496 +0x3a0
  github.com/luxfi/threshold/pkg/protocol.(*Handler).tryAdvanceRound()
      /Users/z/work/lux/threshold/pkg/protocol/handler.go:587 +0x28c
  github.com/luxfi/threshold/pkg/protocol.(*Handler).roundProcessor()
      /Users/z/work/lux/threshold/pkg/protocol/handler.go:569 +0xb4
  github.com/luxfi/threshold/pkg/protocol.(*Handler).startWorkers.func1()
      /Users/z/work/lux/threshold/pkg/protocol/handler.go:374 +0x78

Goroutine 268 (running) created at:
  github.com/luxfi/threshold/pkg/protocol.(*Handler).tryAdvanceRound()
      /Users/z/work/lux/threshold/pkg/protocol/handler.go:673 +0x12e4
  github.com/luxfi/threshold/pkg/protocol.(*Handler).processMessage()
      /Users/z/work/lux/threshold/pkg/protocol/handler.go:486 +0xbb0
  github.com/luxfi/threshold/pkg/protocol.(*Handler).messageWorker()
      /Users/z/work/lux/threshold/pkg/protocol/handler.go:408 +0x338
  github.com/luxfi/threshold/pkg/protocol.(*Handler).startWorkers.gowrap2()
      /Users/z/work/lux/threshold/pkg/protocol/handler.go:361 +0x44

Goroutine 146 (running) created at:
  github.com/luxfi/threshold/pkg/protocol.(*Handler).startWorkers()
      /Users/z/work/lux/threshold/pkg/protocol/handler.go:372 +0x4fc
  github.com/luxfi/threshold/pkg/protocol.NewHandler()
      /Users/z/work/lux/threshold/pkg/protocol/handler.go:247 +0xf10
  github.com/luxfi/threshold/internal/test.(*Harness).CreateHandler()
      /Users/z/work/lux/threshold/internal/test/harness.go:91 +0x2e4
  github.com/luxfi/threshold/internal/test.RunProtocol()
      /Users/z/work/lux/threshold/internal/test/harness.go:270 +0x230
  github.com/luxfi/threshold/protocols/cmp_test.TestCMPBasicKeygen()
      /Users/z/work/lux/threshold/protocols/cmp/cmp_basic_test.go:35 +0x29c
  testing.tRunner()
      /opt/homebrew/Cellar/go/1.24.6/libexec/src/testing/testing.go:1792 +0x180
  testing.(*T).Run.gowrap1()
      /opt/homebrew/Cellar/go/1.24.6/libexec/src/testing/testing.go:1851 +0x40
==================
2025-08-15T22:14:03.250-0500	DEBUG	protocol/handler.go:581	tryAdvanceRound called	{"{current_round 20 3  <nil>}": {"Key":"self","Type":15,"Integer":0,"String":"b","Interface":null}}
2025-08-15T22:14:03.250-0500	DEBUG	protocol/handler.go:1591	have processed broadcast	{"{round 20 3  <nil>}": {"Key":"from","Type":15,"Integer":0,"String":"a","Interface":null}}
2025-08-15T22:14:03.250-0500	DEBUG	protocol/handler.go:1649	have all messages and processed	{"{round 20 3  <nil>}": {"Key":"self","Type":15,"Integer":0,"String":"b","Interface":null}}
2025-08-15T22:14:03.250-0500	DEBUG	protocol/handler.go:596	round already finalized
2025-08-15T22:14:03.250-0500	DEBUG	protocol/handler.go:581	tryAdvanceRound called	{"{current_round 20 3  <nil>}": {"Key":"self","Type":15,"Integer":0,"String":"a","Interface":null}}
2025-08-15T22:14:03.251-0500	DEBUG	protocol/handler.go:1591	have processed broadcast	{"{round 20 3  <nil>}": {"Key":"from","Type":15,"Integer":0,"String":"b","Interface":null}}
2025-08-15T22:14:03.251-0500	DEBUG	protocol/handler.go:1649	have all messages and processed	{"{round 20 3  <nil>}": {"Key":"self","Type":15,"Integer":0,"String":"a","Interface":null}}
2025-08-15T22:14:03.251-0500	DEBUG	protocol/handler.go:596	round already finalized
2025-08-15T22:14:03.272-0500	DEBUG	protocol/handler.go:581	tryAdvanceRound called	{"{current_round 20 3  <nil>}": {"Key":"self","Type":15,"Integer":0,"String":"b","Interface":null}}
2025-08-15T22:14:03.272-0500	DEBUG	protocol/handler.go:1591	have processed broadcast	{"{round 20 3  <nil>}": {"Key":"from","Type":15,"Integer":0,"String":"a","Interface":null}}
2025-08-15T22:14:03.272-0500	DEBUG	protocol/handler.go:1649	have all messages and processed	{"{round 20 3  <nil>}": {"Key":"self","Type":15,"Integer":0,"String":"b","Interface":null}}
2025-08-15T22:14:03.272-0500	DEBUG	protocol/handler.go:596	round already finalized
2025-08-15T22:14:03.272-0500	DEBUG	protocol/handler.go:581	tryAdvanceRound called	{"{current_round 20 3  <nil>}": {"Key":"self","Type":15,"Integer":0,"String":"a","Interface":null}}
2025-08-15T22:14:03.272-0500	DEBUG	protocol/handler.go:1591	have processed broadcast	{"{round 20 3  <nil>}": {"Key":"from","Type":15,"Integer":0,"String":"b","Interface":null}}
2025-08-15T22:14:03.272-0500	DEBUG	protocol/handler.go:1649	have all messages and processed	{"{round 20 3  <nil>}": {"Key":"self","Type":15,"Integer":0,"String":"a","Interface":null}}
2025-08-15T22:14:03.273-0500	DEBUG	protocol/handler.go:596	round already finalized
2025-08-15T22:14:03.318-0500	DEBUG	protocol/handler.go:581	tryAdvanceRound called	{"{current_round 20 3  <nil>}": {"Key":"self","Type":15,"Integer":0,"String":"b","Interface":null}}
2025-08-15T22:14:03.318-0500	DEBUG	protocol/handler.go:1591	have processed broadcast	{"{round 20 3  <nil>}": {"Key":"from","Type":15,"Integer":0,"String":"a","Interface":null}}
2025-08-15T22:14:03.318-0500	DEBUG	protocol/handler.go:1649	have all messages and processed	{"{round 20 3  <nil>}": {"Key":"self","Type":15,"Integer":0,"String":"b","Interface":null}}
2025-08-15T22:14:03.318-0500	DEBUG	protocol/handler.go:596	round already finalized
2025-08-15T22:14:03.319-0500	DEBUG	protocol/handler.go:581	tryAdvanceRound called	{"{current_round 20 3  <nil>}": {"Key":"self","Type":15,"Integer":0,"String":"b","Interface":null}}
2025-08-15T22:14:03.319-0500	DEBUG	protocol/handler.go:1591	have processed broadcast	{"{round 20 3  <nil>}": {"Key":"from","Type":15,"Integer":0,"String":"a","Interface":null}}
2025-08-15T22:14:03.319-0500	DEBUG	protocol/handler.go:1649	have all messages and processed	{"{round 20 3  <nil>}": {"Key":"self","Type":15,"Integer":0,"String":"b","Interface":null}}
2025-08-15T22:14:03.319-0500	DEBUG	protocol/handler.go:596	round already finalized
2025-08-15T22:14:03.341-0500	DEBUG	protocol/handler.go:581	tryAdvanceRound called	{"{current_round 20 3  <nil>}": {"Key":"self","Type":15,"Integer":0,"String":"a","Interface":null}}
2025-08-15T22:14:03.341-0500	DEBUG	protocol/handler.go:1591	have processed broadcast	{"{round 20 3  <nil>}": {"Key":"from","Type":15,"Integer":0,"String":"b","Interface":null}}
2025-08-15T22:14:03.341-0500	DEBUG	protocol/handler.go:1649	have all messages and processed	{"{round 20 3  <nil>}": {"Key":"self","Type":15,"Integer":0,"String":"a","Interface":null}}
2025-08-15T22:14:03.341-0500	DEBUG	protocol/handler.go:596	round already finalized
2025-08-15T22:14:03.342-0500	DEBUG	protocol/handler.go:581	tryAdvanceRound called	{"{current_round 20 3  <nil>}": {"Key":"self","Type":15,"Integer":0,"String":"a","Interface":null}}
2025-08-15T22:14:03.342-0500	DEBUG	protocol/handler.go:1591	have processed broadcast	{"{round 20 3  <nil>}": {"Key":"from","Type":15,"Integer":0,"String":"b","Interface":null}}
2025-08-15T22:14:03.342-0500	DEBUG	protocol/handler.go:1649	have all messages and processed	{"{round 20 3  <nil>}": {"Key":"self","Type":15,"Integer":0,"String":"a","Interface":null}}
2025-08-15T22:14:03.342-0500	DEBUG	protocol/handler.go:596	round already finalized
2025-08-15T22:14:03.368-0500	DEBUG	protocol/handler.go:581	tryAdvanceRound called	{"{current_round 20 3  <nil>}": {"Key":"self","Type":15,"Integer":0,"String":"b","Interface":null}}
2025-08-15T22:14:03.368-0500	DEBUG	protocol/handler.go:1591	have processed broadcast	{"{round 20 3  <nil>}": {"Key":"from","Type":15,"Integer":0,"String":"a","Interface":null}}
2025-08-15T22:14:03.371-0500	DEBUG	protocol/handler.go:1649	have all messages and processed	{"{round 20 3  <nil>}": {"Key":"self","Type":15,"Integer":0,"String":"b","Interface":null}}
2025-08-15T22:14:03.377-0500	DEBUG	protocol/handler.go:596	round already finalized
2025-08-15T22:14:03.377-0500	DEBUG	protocol/handler.go:581	tryAdvanceRound called	{"{current_round 20 3  <nil>}": {"Key":"self","Type":15,"Integer":0,"String":"b","Interface":null}}
2025-08-15T22:14:03.377-0500	DEBUG	protocol/handler.go:1591	have processed broadcast	{"{round 20 3  <nil>}": {"Key":"from","Type":15,"Integer":0,"String":"a","Interface":null}}
2025-08-15T22:14:03.378-0500	DEBUG	protocol/handler.go:1649	have all messages and processed	{"{round 20 3  <nil>}": {"Key":"self","Type":15,"Integer":0,"String":"b","Interface":null}}
2025-08-15T22:14:03.378-0500	DEBUG	protocol/handler.go:596	round already finalized
2025-08-15T22:14:03.368-0500	DEBUG	protocol/handler.go:581	tryAdvanceRound called	{"{current_round 20 3  <nil>}": {"Key":"self","Type":15,"Integer":0,"String":"a","Interface":null}}
2025-08-15T22:14:03.378-0500	DEBUG	protocol/handler.go:1591	have processed broadcast	{"{round 20 3  <nil>}": {"Key":"from","Type":15,"Integer":0,"String":"b","Interface":null}}
2025-08-15T22:14:03.378-0500	DEBUG	protocol/handler.go:1649	have all messages and processed	{"{round 20 3  <nil>}": {"Key":"self","Type":15,"Integer":0,"String":"a","Interface":null}}
2025-08-15T22:14:03.378-0500	DEBUG	protocol/handler.go:596	round already finalized
2025-08-15T22:14:03.378-0500	DEBUG	protocol/handler.go:581	tryAdvanceRound called	{"{current_round 20 3  <nil>}": {"Key":"self","Type":15,"Integer":0,"String":"a","Interface":null}}
2025-08-15T22:14:03.378-0500	DEBUG	protocol/handler.go:1591	have processed broadcast	{"{round 20 3  <nil>}": {"Key":"from","Type":15,"Integer":0,"String":"b","Interface":null}}
2025-08-15T22:14:03.378-0500	DEBUG	protocol/handler.go:1649	have all messages and processed	{"{round 20 3  <nil>}": {"Key":"self","Type":15,"Integer":0,"String":"a","Interface":null}}
2025-08-15T22:14:03.379-0500	DEBUG	protocol/handler.go:596	round already finalized
2025-08-15T22:14:03.379-0500	DEBUG	protocol/handler.go:581	tryAdvanceRound called	{"{current_round 20 3  <nil>}": {"Key":"self","Type":15,"Integer":0,"String":"b","Interface":null}}
2025-08-15T22:14:03.379-0500	DEBUG	protocol/handler.go:1591	have processed broadcast	{"{round 20 3  <nil>}": {"Key":"from","Type":15,"Integer":0,"String":"a","Interface":null}}
2025-08-15T22:14:03.379-0500	DEBUG	protocol/handler.go:1649	have all messages and processed	{"{round 20 3  <nil>}": {"Key":"self","Type":15,"Integer":0,"String":"b","Interface":null}}
2025-08-15T22:14:03.379-0500	DEBUG	protocol/handler.go:596	round already finalized
2025-08-15T22:14:03.401-0500	DEBUG	protocol/handler.go:581	tryAdvanceRound called	{"{current_round 20 3  <nil>}": {"Key":"self","Type":15,"Integer":0,"String":"b","Interface":null}}
2025-08-15T22:14:03.402-0500	DEBUG	protocol/handler.go:1591	have processed broadcast	{"{round 20 3  <nil>}": {"Key":"from","Type":15,"Integer":0,"String":"a","Interface":null}}
2025-08-15T22:14:03.402-0500	DEBUG	protocol/handler.go:1649	have all messages and processed	{"{round 20 3  <nil>}": {"Key":"self","Type":15,"Integer":0,"String":"b","Interface":null}}
2025-08-15T22:14:03.402-0500	DEBUG	protocol/handler.go:596	round already finalized
2025-08-15T22:14:03.423-0500	DEBUG	protocol/handler.go:581	tryAdvanceRound called	{"{current_round 20 3  <nil>}": {"Key":"self","Type":15,"Integer":0,"String":"b","Interface":null}}
2025-08-15T22:14:03.424-0500	DEBUG	protocol/handler.go:1591	have processed broadcast	{"{round 20 3  <nil>}": {"Key":"from","Type":15,"Integer":0,"String":"a","Interface":null}}
2025-08-15T22:14:03.424-0500	DEBUG	protocol/handler.go:1649	have all messages and processed	{"{round 20 3  <nil>}": {"Key":"self","Type":15,"Integer":0,"String":"b","Interface":null}}
2025-08-15T22:14:03.424-0500	DEBUG	protocol/handler.go:596	round already finalized
2025-08-15T22:14:03.424-0500	DEBUG	protocol/handler.go:581	tryAdvanceRound called	{"{current_round 20 3  <nil>}": {"Key":"self","Type":15,"Integer":0,"String":"a","Interface":null}}
2025-08-15T22:14:03.424-0500	DEBUG	protocol/handler.go:1591	have processed broadcast	{"{round 20 3  <nil>}": {"Key":"from","Type":15,"Integer":0,"String":"b","Interface":null}}
2025-08-15T22:14:03.424-0500	DEBUG	protocol/handler.go:1649	have all messages and processed	{"{round 20 3  <nil>}": {"Key":"self","Type":15,"Integer":0,"String":"a","Interface":null}}
2025-08-15T22:14:03.424-0500	DEBUG	protocol/handler.go:596	round already finalized
2025-08-15T22:14:03.424-0500	DEBUG	protocol/handler.go:581	tryAdvanceRound called	{"{current_round 20 3  <nil>}": {"Key":"self","Type":15,"Integer":0,"String":"a","Interface":null}}
2025-08-15T22:14:03.424-0500	DEBUG	protocol/handler.go:1591	have processed broadcast	{"{round 20 3  <nil>}": {"Key":"from","Type":15,"Integer":0,"String":"b","Interface":null}}
2025-08-15T22:14:03.424-0500	DEBUG	protocol/handler.go:1649	have all messages and processed	{"{round 20 3  <nil>}": {"Key":"self","Type":15,"Integer":0,"String":"a","Interface":null}}
2025-08-15T22:14:03.424-0500	DEBUG	protocol/handler.go:596	round already finalized
2025-08-15T22:14:03.445-0500	DEBUG	protocol/handler.go:581	tryAdvanceRound called	{"{current_round 20 3  <nil>}": {"Key":"self","Type":15,"Integer":0,"String":"a","Interface":null}}
2025-08-15T22:14:03.445-0500	DEBUG	protocol/handler.go:1591	have processed broadcast	{"{round 20 3  <nil>}": {"Key":"from","Type":15,"Integer":0,"String":"b","Interface":null}}
2025-08-15T22:14:03.445-0500	DEBUG	protocol/handler.go:1649	have all messages and processed	{"{round 20 3  <nil>}": {"Key":"self","Type":15,"Integer":0,"String":"a","Interface":null}}
2025-08-15T22:14:03.445-0500	DEBUG	protocol/handler.go:596	round already finalized
2025-08-15T22:14:03.470-0500	DEBUG	protocol/handler.go:581	tryAdvanceRound called	{"{current_round 20 3  <nil>}": {"Key":"self","Type":15,"Integer":0,"String":"a","Interface":null}}
2025-08-15T22:14:03.470-0500	DEBUG	protocol/handler.go:1591	have processed broadcast	{"{round 20 3  <nil>}": {"Key":"from","Type":15,"Integer":0,"String":"b","Interface":null}}
2025-08-15T22:14:03.470-0500	DEBUG	protocol/handler.go:1649	have all messages and processed	{"{round 20 3  <nil>}": {"Key":"self","Type":15,"Integer":0,"String":"a","Interface":null}}
2025-08-15T22:14:03.470-0500	DEBUG	protocol/handler.go:596	round already finalized
2025-08-15T22:14:03.470-0500	DEBUG	protocol/handler.go:581	tryAdvanceRound called	{"{current_round 20 3  <nil>}": {"Key":"self","Type":15,"Integer":0,"String":"b","Interface":null}}
2025-08-15T22:14:03.470-0500	DEBUG	protocol/handler.go:1591	have processed broadcast	{"{round 20 3  <nil>}": {"Key":"from","Type":15,"Integer":0,"String":"a","Interface":null}}
2025-08-15T22:14:03.470-0500	DEBUG	protocol/handler.go:1649	have all messages and processed	{"{round 20 3  <nil>}": {"Key":"self","Type":15,"Integer":0,"String":"b","Interface":null}}
2025-08-15T22:14:03.470-0500	DEBUG	protocol/handler.go:596	round already finalized
2025-08-15T22:14:03.470-0500	DEBUG	protocol/handler.go:581	tryAdvanceRound called	{"{current_round 20 3  <nil>}": {"Key":"self","Type":15,"Integer":0,"String":"b","Interface":null}}
2025-08-15T22:14:03.471-0500	DEBUG	protocol/handler.go:1591	have processed broadcast	{"{round 20 3  <nil>}": {"Key":"from","Type":15,"Integer":0,"String":"a","Interface":null}}
2025-08-15T22:14:03.471-0500	DEBUG	protocol/handler.go:1649	have all messages and processed	{"{round 20 3  <nil>}": {"Key":"self","Type":15,"Integer":0,"String":"b","Interface":null}}
2025-08-15T22:14:03.471-0500	DEBUG	protocol/handler.go:596	round already finalized
2025-08-15T22:14:03.495-0500	DEBUG	protocol/handler.go:581	tryAdvanceRound called	{"{current_round 20 3  <nil>}": {"Key":"self","Type":15,"Integer":0,"String":"b","Interface":null}}
2025-08-15T22:14:03.495-0500	DEBUG	protocol/handler.go:1591	have processed broadcast	{"{round 20 3  <nil>}": {"Key":"from","Type":15,"Integer":0,"String":"a","Interface":null}}
2025-08-15T22:14:03.496-0500	DEBUG	protocol/handler.go:1649	have all messages and processed	{"{round 20 3  <nil>}": {"Key":"self","Type":15,"Integer":0,"String":"b","Interface":null}}
2025-08-15T22:14:03.496-0500	DEBUG	protocol/handler.go:596	round already finalized
2025-08-15T22:14:03.517-0500	DEBUG	protocol/handler.go:581	tryAdvanceRound called	{"{current_round 20 3  <nil>}": {"Key":"self","Type":15,"Integer":0,"String":"b","Interface":null}}
2025-08-15T22:14:03.517-0500	DEBUG	protocol/handler.go:1591	have processed broadcast	{"{round 20 3  <nil>}": {"Key":"from","Type":15,"Integer":0,"String":"a","Interface":null}}
2025-08-15T22:14:03.517-0500	DEBUG	protocol/handler.go:1649	have all messages and processed	{"{round 20 3  <nil>}": {"Key":"self","Type":15,"Integer":0,"String":"b","Interface":null}}
2025-08-15T22:14:03.517-0500	DEBUG	protocol/handler.go:596	round already finalized
2025-08-15T22:14:03.517-0500	DEBUG	protocol/handler.go:581	tryAdvanceRound called	{"{current_round 20 3  <nil>}": {"Key":"self","Type":15,"Integer":0,"String":"a","Interface":null}}
2025-08-15T22:14:03.517-0500	DEBUG	protocol/handler.go:1591	have processed broadcast	{"{round 20 3  <nil>}": {"Key":"from","Type":15,"Integer":0,"String":"b","Interface":null}}
2025-08-15T22:14:03.517-0500	DEBUG	protocol/handler.go:1649	have all messages and processed	{"{round 20 3  <nil>}": {"Key":"self","Type":15,"Integer":0,"String":"a","Interface":null}}
2025-08-15T22:14:03.517-0500	DEBUG	protocol/handler.go:596	round already finalized
2025-08-15T22:14:03.517-0500	DEBUG	protocol/handler.go:581	tryAdvanceRound called	{"{current_round 20 3  <nil>}": {"Key":"self","Type":15,"Integer":0,"String":"a","Interface":null}}
2025-08-15T22:14:03.517-0500	DEBUG	protocol/handler.go:1591	have processed broadcast	{"{round 20 3  <nil>}": {"Key":"from","Type":15,"Integer":0,"String":"b","Interface":null}}
2025-08-15T22:14:03.517-0500	DEBUG	protocol/handler.go:1649	have all messages and processed	{"{round 20 3  <nil>}": {"Key":"self","Type":15,"Integer":0,"String":"a","Interface":null}}
2025-08-15T22:14:03.517-0500	DEBUG	protocol/handler.go:596	round already finalized
2025-08-15T22:14:03.539-0500	DEBUG	protocol/handler.go:581	tryAdvanceRound called	{"{current_round 20 3  <nil>}": {"Key":"self","Type":15,"Integer":0,"String":"b","Interface":null}}
2025-08-15T22:14:03.539-0500	DEBUG	protocol/handler.go:1591	have processed broadcast	{"{round 20 3  <nil>}": {"Key":"from","Type":15,"Integer":0,"String":"a","Interface":null}}
2025-08-15T22:14:03.539-0500	DEBUG	protocol/handler.go:1649	have all messages and processed	{"{round 20 3  <nil>}": {"Key":"self","Type":15,"Integer":0,"String":"b","Interface":null}}
2025-08-15T22:14:03.539-0500	DEBUG	protocol/handler.go:596	round already finalized
2025-08-15T22:14:03.564-0500	DEBUG	protocol/handler.go:581	tryAdvanceRound called	{"{current_round 20 3  <nil>}": {"Key":"self","Type":15,"Integer":0,"String":"a","Interface":null}}
2025-08-15T22:14:03.564-0500	DEBUG	protocol/handler.go:1591	have processed broadcast	{"{round 20 3  <nil>}": {"Key":"from","Type":15,"Integer":0,"String":"b","Interface":null}}
2025-08-15T22:14:03.564-0500	DEBUG	protocol/handler.go:1649	have all messages and processed	{"{round 20 3  <nil>}": {"Key":"self","Type":15,"Integer":0,"String":"a","Interface":null}}
2025-08-15T22:14:03.564-0500	DEBUG	protocol/handler.go:596	round already finalized
2025-08-15T22:14:03.564-0500	DEBUG	protocol/handler.go:581	tryAdvanceRound called	{"{current_round 20 3  <nil>}": {"Key":"self","Type":15,"Integer":0,"String":"a","Interface":null}}
2025-08-15T22:14:03.564-0500	DEBUG	protocol/handler.go:1591	have processed broadcast	{"{round 20 3  <nil>}": {"Key":"from","Type":15,"Integer":0,"String":"b","Interface":null}}
2025-08-15T22:14:03.564-0500	DEBUG	protocol/handler.go:1649	have all messages and processed	{"{round 20 3  <nil>}": {"Key":"self","Type":15,"Integer":0,"String":"a","Interface":null}}
2025-08-15T22:14:03.564-0500	DEBUG	protocol/handler.go:596	round already finalized
2025-08-15T22:14:03.564-0500	DEBUG	protocol/handler.go:581	tryAdvanceRound called	{"{current_round 20 3  <nil>}": {"Key":"self","Type":15,"Integer":0,"String":"b","Interface":null}}
2025-08-15T22:14:03.565-0500	DEBUG	protocol/handler.go:1591	have processed broadcast	{"{round 20 3  <nil>}": {"Key":"from","Type":15,"Integer":0,"String":"a","Interface":null}}
2025-08-15T22:14:03.565-0500	DEBUG	protocol/handler.go:1649	have all messages and processed	{"{round 20 3  <nil>}": {"Key":"self","Type":15,"Integer":0,"String":"b","Interface":null}}
2025-08-15T22:14:03.565-0500	DEBUG	protocol/handler.go:596	round already finalized
2025-08-15T22:14:03.588-0500	DEBUG	protocol/handler.go:581	tryAdvanceRound called	{"{current_round 20 3  <nil>}": {"Key":"self","Type":15,"Integer":0,"String":"a","Interface":null}}
2025-08-15T22:14:03.588-0500	DEBUG	protocol/handler.go:1591	have processed broadcast	{"{round 20 3  <nil>}": {"Key":"from","Type":15,"Integer":0,"String":"b","Interface":null}}
2025-08-15T22:14:03.589-0500	DEBUG	protocol/handler.go:1649	have all messages and processed	{"{round 20 3  <nil>}": {"Key":"self","Type":15,"Integer":0,"String":"a","Interface":null}}
2025-08-15T22:14:03.589-0500	DEBUG	protocol/handler.go:596	round already finalized
2025-08-15T22:14:03.610-0500	DEBUG	protocol/handler.go:581	tryAdvanceRound called	{"{current_round 20 3  <nil>}": {"Key":"self","Type":15,"Integer":0,"String":"b","Interface":null}}
2025-08-15T22:14:03.610-0500	DEBUG	protocol/handler.go:1591	have processed broadcast	{"{round 20 3  <nil>}": {"Key":"from","Type":15,"Integer":0,"String":"a","Interface":null}}
2025-08-15T22:14:03.610-0500	DEBUG	protocol/handler.go:1649	have all messages and processed	{"{round 20 3  <nil>}": {"Key":"self","Type":15,"Integer":0,"String":"b","Interface":null}}
2025-08-15T22:14:03.610-0500	DEBUG	protocol/handler.go:596	round already finalized
2025-08-15T22:14:03.610-0500	DEBUG	protocol/handler.go:581	tryAdvanceRound called	{"{current_round 20 3  <nil>}": {"Key":"self","Type":15,"Integer":0,"String":"b","Interface":null}}
2025-08-15T22:14:03.610-0500	DEBUG	protocol/handler.go:1591	have processed broadcast	{"{round 20 3  <nil>}": {"Key":"from","Type":15,"Integer":0,"String":"a","Interface":null}}
2025-08-15T22:14:03.610-0500	DEBUG	protocol/handler.go:1649	have all messages and processed	{"{round 20 3  <nil>}": {"Key":"self","Type":15,"Integer":0,"String":"b","Interface":null}}
2025-08-15T22:14:03.610-0500	DEBUG	protocol/handler.go:596	round already finalized
2025-08-15T22:14:03.636-0500	DEBUG	protocol/handler.go:581	tryAdvanceRound called	{"{current_round 20 3  <nil>}": {"Key":"self","Type":15,"Integer":0,"String":"b","Interface":null}}
2025-08-15T22:14:03.636-0500	DEBUG	protocol/handler.go:1591	have processed broadcast	{"{round 20 3  <nil>}": {"Key":"from","Type":15,"Integer":0,"String":"a","Interface":null}}
2025-08-15T22:14:03.636-0500	DEBUG	protocol/handler.go:1649	have all messages and processed	{"{round 20 3  <nil>}": {"Key":"self","Type":15,"Integer":0,"String":"b","Interface":null}}
2025-08-15T22:14:03.637-0500	DEBUG	protocol/handler.go:596	round already finalized
2025-08-15T22:14:03.637-0500	DEBUG	protocol/handler.go:581	tryAdvanceRound called	{"{current_round 20 3  <nil>}": {"Key":"self","Type":15,"Integer":0,"String":"a","Interface":null}}
2025-08-15T22:14:03.637-0500	DEBUG	protocol/handler.go:1591	have processed broadcast	{"{round 20 3  <nil>}": {"Key":"from","Type":15,"Integer":0,"String":"b","Interface":null}}
2025-08-15T22:14:03.637-0500	DEBUG	protocol/handler.go:1649	have all messages and processed	{"{round 20 3  <nil>}": {"Key":"self","Type":15,"Integer":0,"String":"a","Interface":null}}
2025-08-15T22:14:03.637-0500	DEBUG	protocol/handler.go:596	round already finalized
2025-08-15T22:14:03.637-0500	DEBUG	protocol/handler.go:581	tryAdvanceRound called	{"{current_round 20 3  <nil>}": {"Key":"self","Type":15,"Integer":0,"String":"a","Interface":null}}
2025-08-15T22:14:03.637-0500	DEBUG	protocol/handler.go:1591	have processed broadcast	{"{round 20 3  <nil>}": {"Key":"from","Type":15,"Integer":0,"String":"b","Interface":null}}
2025-08-15T22:14:03.637-0500	DEBUG	protocol/handler.go:1649	have all messages and processed	{"{round 20 3  <nil>}": {"Key":"self","Type":15,"Integer":0,"String":"a","Interface":null}}
2025-08-15T22:14:03.637-0500	DEBUG	protocol/handler.go:596	round already finalized
2025-08-15T22:14:03.637-0500	DEBUG	protocol/handler.go:581	tryAdvanceRound called	{"{current_round 20 3  <nil>}": {"Key":"self","Type":15,"Integer":0,"String":"b","Interface":null}}
2025-08-15T22:14:03.637-0500	DEBUG	protocol/handler.go:1591	have processed broadcast	{"{round 20 3  <nil>}": {"Key":"from","Type":15,"Integer":0,"String":"a","Interface":null}}
2025-08-15T22:14:03.637-0500	DEBUG	protocol/handler.go:1649	have all messages and processed	{"{round 20 3  <nil>}": {"Key":"self","Type":15,"Integer":0,"String":"b","Interface":null}}
2025-08-15T22:14:03.637-0500	DEBUG	protocol/handler.go:596	round already finalized
2025-08-15T22:14:03.657-0500	DEBUG	protocol/handler.go:581	tryAdvanceRound called	{"{current_round 20 3  <nil>}": {"Key":"self","Type":15,"Integer":0,"String":"b","Interface":null}}
2025-08-15T22:14:03.657-0500	DEBUG	protocol/handler.go:1591	have processed broadcast	{"{round 20 3  <nil>}": {"Key":"from","Type":15,"Integer":0,"String":"a","Interface":null}}
2025-08-15T22:14:03.657-0500	DEBUG	protocol/handler.go:1649	have all messages and processed	{"{round 20 3  <nil>}": {"Key":"self","Type":15,"Integer":0,"String":"b","Interface":null}}
2025-08-15T22:14:03.657-0500	DEBUG	protocol/handler.go:596	round already finalized
2025-08-15T22:14:03.680-0500	DEBUG	protocol/handler.go:581	tryAdvanceRound called	{"{current_round 20 3  <nil>}": {"Key":"self","Type":15,"Integer":0,"String":"b","Interface":null}}
2025-08-15T22:14:03.680-0500	DEBUG	protocol/handler.go:1591	have processed broadcast	{"{round 20 3  <nil>}": {"Key":"from","Type":15,"Integer":0,"String":"a","Interface":null}}
2025-08-15T22:14:03.680-0500	DEBUG	protocol/handler.go:1649	have all messages and processed	{"{round 20 3  <nil>}": {"Key":"self","Type":15,"Integer":0,"String":"b","Interface":null}}
2025-08-15T22:14:03.680-0500	DEBUG	protocol/handler.go:596	round already finalized
2025-08-15T22:14:03.680-0500	DEBUG	protocol/handler.go:581	tryAdvanceRound called	{"{current_round 20 3  <nil>}": {"Key":"self","Type":15,"Integer":0,"String":"a","Interface":null}}
2025-08-15T22:14:03.680-0500	DEBUG	protocol/handler.go:1591	have processed broadcast	{"{round 20 3  <nil>}": {"Key":"from","Type":15,"Integer":0,"String":"b","Interface":null}}
2025-08-15T22:14:03.680-0500	DEBUG	protocol/handler.go:1649	have all messages and processed	{"{round 20 3  <nil>}": {"Key":"self","Type":15,"Integer":0,"String":"a","Interface":null}}
2025-08-15T22:14:03.680-0500	DEBUG	protocol/handler.go:596	round already finalized
2025-08-15T22:14:03.680-0500	DEBUG	protocol/handler.go:581	tryAdvanceRound called	{"{current_round 20 3  <nil>}": {"Key":"self","Type":15,"Integer":0,"String":"a","Interface":null}}
2025-08-15T22:14:03.680-0500	DEBUG	protocol/handler.go:1591	have processed broadcast	{"{round 20 3  <nil>}": {"Key":"from","Type":15,"Integer":0,"String":"b","Interface":null}}
2025-08-15T22:14:03.680-0500	DEBUG	protocol/handler.go:1649	have all messages and processed	{"{round 20 3  <nil>}": {"Key":"self","Type":15,"Integer":0,"String":"a","Interface":null}}
2025-08-15T22:14:03.680-0500	DEBUG	protocol/handler.go:596	round already finalized
2025-08-15T22:14:03.726-0500	DEBUG	protocol/handler.go:581	tryAdvanceRound called	{"{current_round 20 3  <nil>}": {"Key":"self","Type":15,"Integer":0,"String":"b","Interface":null}}
2025-08-15T22:14:03.727-0500	DEBUG	protocol/handler.go:1591	have processed broadcast	{"{round 20 3  <nil>}": {"Key":"from","Type":15,"Integer":0,"String":"a","Interface":null}}
2025-08-15T22:14:03.727-0500	DEBUG	protocol/handler.go:1649	have all messages and processed	{"{round 20 3  <nil>}": {"Key":"self","Type":15,"Integer":0,"String":"b","Interface":null}}
2025-08-15T22:14:03.727-0500	DEBUG	protocol/handler.go:596	round already finalized
2025-08-15T22:14:03.727-0500	DEBUG	protocol/handler.go:581	tryAdvanceRound called	{"{current_round 20 3  <nil>}": {"Key":"self","Type":15,"Integer":0,"String":"b","Interface":null}}
2025-08-15T22:14:03.727-0500	DEBUG	protocol/handler.go:1591	have processed broadcast	{"{round 20 3  <nil>}": {"Key":"from","Type":15,"Integer":0,"String":"a","Interface":null}}
2025-08-15T22:14:03.727-0500	DEBUG	protocol/handler.go:1649	have all messages and processed	{"{round 20 3  <nil>}": {"Key":"self","Type":15,"Integer":0,"String":"b","Interface":null}}
2025-08-15T22:14:03.727-0500	DEBUG	protocol/handler.go:596	round already finalized
2025-08-15T22:14:03.727-0500	DEBUG	protocol/handler.go:581	tryAdvanceRound called	{"{current_round 20 3  <nil>}": {"Key":"self","Type":15,"Integer":0,"String":"b","Interface":null}}
2025-08-15T22:14:03.727-0500	DEBUG	protocol/handler.go:1591	have processed broadcast	{"{round 20 3  <nil>}": {"Key":"from","Type":15,"Integer":0,"String":"a","Interface":null}}
2025-08-15T22:14:03.727-0500	DEBUG	protocol/handler.go:1649	have all messages and processed	{"{round 20 3  <nil>}": {"Key":"self","Type":15,"Integer":0,"String":"b","Interface":null}}
2025-08-15T22:14:03.727-0500	DEBUG	protocol/handler.go:596	round already finalized
2025-08-15T22:14:03.727-0500	DEBUG	protocol/handler.go:581	tryAdvanceRound called	{"{current_round 20 3  <nil>}": {"Key":"self","Type":15,"Integer":0,"String":"a","Interface":null}}
2025-08-15T22:14:03.727-0500	DEBUG	protocol/handler.go:1591	have processed broadcast	{"{round 20 3  <nil>}": {"Key":"from","Type":15,"Integer":0,"String":"b","Interface":null}}
2025-08-15T22:14:03.727-0500	DEBUG	protocol/handler.go:1649	have all messages and processed	{"{round 20 3  <nil>}": {"Key":"self","Type":15,"Integer":0,"String":"a","Interface":null}}
2025-08-15T22:14:03.727-0500	DEBUG	protocol/handler.go:596	round already finalized
2025-08-15T22:14:03.727-0500	DEBUG	protocol/handler.go:581	tryAdvanceRound called	{"{current_round 20 3  <nil>}": {"Key":"self","Type":15,"Integer":0,"String":"a","Interface":null}}
2025-08-15T22:14:03.727-0500	DEBUG	protocol/handler.go:1591	have processed broadcast	{"{round 20 3  <nil>}": {"Key":"from","Type":15,"Integer":0,"String":"b","Interface":null}}
2025-08-15T22:14:03.727-0500	DEBUG	protocol/handler.go:1649	have all messages and processed	{"{round 20 3  <nil>}": {"Key":"self","Type":15,"Integer":0,"String":"a","Interface":null}}
2025-08-15T22:14:03.727-0500	DEBUG	protocol/handler.go:596	round already finalized
2025-08-15T22:14:03.748-0500	DEBUG	protocol/handler.go:581	tryAdvanceRound called	{"{current_round 20 3  <nil>}": {"Key":"self","Type":15,"Integer":0,"String":"a","Interface":null}}
2025-08-15T22:14:03.748-0500	DEBUG	protocol/handler.go:1591	have processed broadcast	{"{round 20 3  <nil>}": {"Key":"from","Type":15,"Integer":0,"String":"b","Interface":null}}
2025-08-15T22:14:03.749-0500	DEBUG	protocol/handler.go:1649	have all messages and processed	{"{round 20 3  <nil>}": {"Key":"self","Type":15,"Integer":0,"String":"a","Interface":null}}
2025-08-15T22:14:03.749-0500	DEBUG	protocol/handler.go:596	round already finalized
2025-08-15T22:14:03.766-0500	DEBUG	protocol/handler.go:581	tryAdvanceRound called	{"{current_round 20 3  <nil>}": {"Key":"self","Type":15,"Integer":0,"String":"a","Interface":null}}
2025-08-15T22:14:03.766-0500	DEBUG	protocol/handler.go:1591	have processed broadcast	{"{round 20 3  <nil>}": {"Key":"from","Type":15,"Integer":0,"String":"b","Interface":null}}
2025-08-15T22:14:03.766-0500	DEBUG	protocol/handler.go:1649	have all messages and processed	{"{round 20 3  <nil>}": {"Key":"self","Type":15,"Integer":0,"String":"a","Interface":null}}
2025-08-15T22:14:03.766-0500	DEBUG	protocol/handler.go:596	round already finalized
2025-08-15T22:14:03.766-0500	DEBUG	protocol/handler.go:581	tryAdvanceRound called	{"{current_round 20 3  <nil>}": {"Key":"self","Type":15,"Integer":0,"String":"b","Interface":null}}
2025-08-15T22:14:03.766-0500	DEBUG	protocol/handler.go:1591	have processed broadcast	{"{round 20 3  <nil>}": {"Key":"from","Type":15,"Integer":0,"String":"a","Interface":null}}
2025-08-15T22:14:03.766-0500	DEBUG	protocol/handler.go:1649	have all messages and processed	{"{round 20 3  <nil>}": {"Key":"self","Type":15,"Integer":0,"String":"b","Interface":null}}
2025-08-15T22:14:03.767-0500	DEBUG	protocol/handler.go:596	round already finalized
2025-08-15T22:14:03.767-0500	DEBUG	protocol/handler.go:581	tryAdvanceRound called	{"{current_round 20 3  <nil>}": {"Key":"self","Type":15,"Integer":0,"String":"b","Interface":null}}
2025-08-15T22:14:03.767-0500	DEBUG	protocol/handler.go:1591	have processed broadcast	{"{round 20 3  <nil>}": {"Key":"from","Type":15,"Integer":0,"String":"a","Interface":null}}
2025-08-15T22:14:03.767-0500	DEBUG	protocol/handler.go:1649	have all messages and processed	{"{round 20 3  <nil>}": {"Key":"self","Type":15,"Integer":0,"String":"b","Interface":null}}
2025-08-15T22:14:03.767-0500	DEBUG	protocol/handler.go:596	round already finalized
2025-08-15T22:14:03.767-0500	DEBUG	protocol/handler.go:581	tryAdvanceRound called	{"{current_round 20 3  <nil>}": {"Key":"self","Type":15,"Integer":0,"String":"b","Interface":null}}
2025-08-15T22:14:03.767-0500	DEBUG	protocol/handler.go:1591	have processed broadcast	{"{round 20 3  <nil>}": {"Key":"from","Type":15,"Integer":0,"String":"a","Interface":null}}
2025-08-15T22:14:03.767-0500	DEBUG	protocol/handler.go:1649	have all messages and processed	{"{round 20 3  <nil>}": {"Key":"self","Type":15,"Integer":0,"String":"b","Interface":null}}
2025-08-15T22:14:03.767-0500	DEBUG	protocol/handler.go:596	round already finalized
2025-08-15T22:14:03.785-0500	DEBUG	protocol/handler.go:581	tryAdvanceRound called	{"{current_round 20 3  <nil>}": {"Key":"self","Type":15,"Integer":0,"String":"b","Interface":null}}
2025-08-15T22:14:03.785-0500	DEBUG	protocol/handler.go:1591	have processed broadcast	{"{round 20 3  <nil>}": {"Key":"from","Type":15,"Integer":0,"String":"a","Interface":null}}
2025-08-15T22:14:03.785-0500	DEBUG	protocol/handler.go:1649	have all messages and processed	{"{round 20 3  <nil>}": {"Key":"self","Type":15,"Integer":0,"String":"b","Interface":null}}
2025-08-15T22:14:03.785-0500	DEBUG	protocol/handler.go:596	round already finalized
2025-08-15T22:14:03.785-0500	DEBUG	protocol/handler.go:581	tryAdvanceRound called	{"{current_round 20 3  <nil>}": {"Key":"self","Type":15,"Integer":0,"String":"a","Interface":null}}
2025-08-15T22:14:03.785-0500	DEBUG	protocol/handler.go:1591	have processed broadcast	{"{round 20 3  <nil>}": {"Key":"from","Type":15,"Integer":0,"String":"b","Interface":null}}
2025-08-15T22:14:03.785-0500	DEBUG	protocol/handler.go:1649	have all messages and processed	{"{round 20 3  <nil>}": {"Key":"self","Type":15,"Integer":0,"String":"a","Interface":null}}
2025-08-15T22:14:03.785-0500	DEBUG	protocol/handler.go:596	round already finalized
2025-08-15T22:14:03.809-0500	DEBUG	protocol/handler.go:581	tryAdvanceRound called	{"{current_round 20 3  <nil>}": {"Key":"self","Type":15,"Integer":0,"String":"a","Interface":null}}
2025-08-15T22:14:03.809-0500	DEBUG	protocol/handler.go:1591	have processed broadcast	{"{round 20 3  <nil>}": {"Key":"from","Type":15,"Integer":0,"String":"b","Interface":null}}
2025-08-15T22:14:03.809-0500	DEBUG	protocol/handler.go:1649	have all messages and processed	{"{round 20 3  <nil>}": {"Key":"self","Type":15,"Integer":0,"String":"a","Interface":null}}
2025-08-15T22:14:03.809-0500	DEBUG	protocol/handler.go:596	round already finalized
2025-08-15T22:14:03.840-0500	DEBUG	protocol/handler.go:581	tryAdvanceRound called	{"{current_round 20 3  <nil>}": {"Key":"self","Type":15,"Integer":0,"String":"a","Interface":null}}
2025-08-15T22:14:03.840-0500	DEBUG	protocol/handler.go:1591	have processed broadcast	{"{round 20 3  <nil>}": {"Key":"from","Type":15,"Integer":0,"String":"b","Interface":null}}
2025-08-15T22:14:03.840-0500	DEBUG	protocol/handler.go:1649	have all messages and processed	{"{round 20 3  <nil>}": {"Key":"self","Type":15,"Integer":0,"String":"a","Interface":null}}
2025-08-15T22:14:03.840-0500	DEBUG	protocol/handler.go:596	round already finalized
2025-08-15T22:14:03.840-0500	DEBUG	protocol/handler.go:581	tryAdvanceRound called	{"{current_round 20 3  <nil>}": {"Key":"self","Type":15,"Integer":0,"String":"b","Interface":null}}
2025-08-15T22:14:03.840-0500	DEBUG	protocol/handler.go:1591	have processed broadcast	{"{round 20 3  <nil>}": {"Key":"from","Type":15,"Integer":0,"String":"a","Interface":null}}
2025-08-15T22:14:03.840-0500	DEBUG	protocol/handler.go:1649	have all messages and processed	{"{round 20 3  <nil>}": {"Key":"self","Type":15,"Integer":0,"String":"b","Interface":null}}
2025-08-15T22:14:03.840-0500	DEBUG	protocol/handler.go:596	round already finalized
2025-08-15T22:14:03.840-0500	DEBUG	protocol/handler.go:581	tryAdvanceRound called	{"{current_round 20 3  <nil>}": {"Key":"self","Type":15,"Integer":0,"String":"b","Interface":null}}
2025-08-15T22:14:03.840-0500	DEBUG	protocol/handler.go:1591	have processed broadcast	{"{round 20 3  <nil>}": {"Key":"from","Type":15,"Integer":0,"String":"a","Interface":null}}
2025-08-15T22:14:03.841-0500	DEBUG	protocol/handler.go:1649	have all messages and processed	{"{round 20 3  <nil>}": {"Key":"self","Type":15,"Integer":0,"String":"b","Interface":null}}
2025-08-15T22:14:03.841-0500	DEBUG	protocol/handler.go:596	round already finalized
2025-08-15T22:14:03.882-0500	DEBUG	protocol/handler.go:581	tryAdvanceRound called	{"{current_round 20 3  <nil>}": {"Key":"self","Type":15,"Integer":0,"String":"b","Interface":null}}
2025-08-15T22:14:03.882-0500	DEBUG	protocol/handler.go:1591	have processed broadcast	{"{round 20 3  <nil>}": {"Key":"from","Type":15,"Integer":0,"String":"a","Interface":null}}
2025-08-15T22:14:03.882-0500	DEBUG	protocol/handler.go:1649	have all messages and processed	{"{round 20 3  <nil>}": {"Key":"self","Type":15,"Integer":0,"String":"b","Interface":null}}
2025-08-15T22:14:03.882-0500	DEBUG	protocol/handler.go:596	round already finalized
2025-08-15T22:14:03.882-0500	DEBUG	protocol/handler.go:581	tryAdvanceRound called	{"{current_round 20 3  <nil>}": {"Key":"self","Type":15,"Integer":0,"String":"b","Interface":null}}
2025-08-15T22:14:03.882-0500	DEBUG	protocol/handler.go:1591	have processed broadcast	{"{round 20 3  <nil>}": {"Key":"from","Type":15,"Integer":0,"String":"a","Interface":null}}
2025-08-15T22:14:03.882-0500	DEBUG	protocol/handler.go:1649	have all messages and processed	{"{round 20 3  <nil>}": {"Key":"self","Type":15,"Integer":0,"String":"b","Interface":null}}
2025-08-15T22:14:03.882-0500	DEBUG	protocol/handler.go:596	round already finalized
2025-08-15T22:14:03.883-0500	DEBUG	protocol/handler.go:581	tryAdvanceRound called	{"{current_round 20 3  <nil>}": {"Key":"self","Type":15,"Integer":0,"String":"a","Interface":null}}
2025-08-15T22:14:03.883-0500	DEBUG	protocol/handler.go:1591	have processed broadcast	{"{round 20 3  <nil>}": {"Key":"from","Type":15,"Integer":0,"String":"b","Interface":null}}
2025-08-15T22:14:03.883-0500	DEBUG	protocol/handler.go:1649	have all messages and processed	{"{round 20 3  <nil>}": {"Key":"self","Type":15,"Integer":0,"String":"a","Interface":null}}
2025-08-15T22:14:03.883-0500	DEBUG	protocol/handler.go:596	round already finalized
2025-08-15T22:14:03.883-0500	DEBUG	protocol/handler.go:581	tryAdvanceRound called	{"{current_round 20 3  <nil>}": {"Key":"self","Type":15,"Integer":0,"String":"a","Interface":null}}
2025-08-15T22:14:03.883-0500	DEBUG	protocol/handler.go:1591	have processed broadcast	{"{round 20 3  <nil>}": {"Key":"from","Type":15,"Integer":0,"String":"b","Interface":null}}
2025-08-15T22:14:03.883-0500	DEBUG	protocol/handler.go:1649	have all messages and processed	{"{round 20 3  <nil>}": {"Key":"self","Type":15,"Integer":0,"String":"a","Interface":null}}
2025-08-15T22:14:03.883-0500	DEBUG	protocol/handler.go:596	round already finalized
2025-08-15T22:14:03.906-0500	DEBUG	protocol/handler.go:581	tryAdvanceRound called	{"{current_round 20 3  <nil>}": {"Key":"self","Type":15,"Integer":0,"String":"a","Interface":null}}
2025-08-15T22:14:03.906-0500	DEBUG	protocol/handler.go:1591	have processed broadcast	{"{round 20 3  <nil>}": {"Key":"from","Type":15,"Integer":0,"String":"b","Interface":null}}
2025-08-15T22:14:03.906-0500	DEBUG	protocol/handler.go:1649	have all messages and processed	{"{round 20 3  <nil>}": {"Key":"self","Type":15,"Integer":0,"String":"a","Interface":null}}
2025-08-15T22:14:03.906-0500	DEBUG	protocol/handler.go:596	round already finalized
2025-08-15T22:14:03.930-0500	DEBUG	protocol/handler.go:581	tryAdvanceRound called	{"{current_round 20 3  <nil>}": {"Key":"self","Type":15,"Integer":0,"String":"b","Interface":null}}
2025-08-15T22:14:03.930-0500	DEBUG	protocol/handler.go:1591	have processed broadcast	{"{round 20 3  <nil>}": {"Key":"from","Type":15,"Integer":0,"String":"a","Interface":null}}
2025-08-15T22:14:03.930-0500	DEBUG	protocol/handler.go:1649	have all messages and processed	{"{round 20 3  <nil>}": {"Key":"self","Type":15,"Integer":0,"String":"b","Interface":null}}
2025-08-15T22:14:03.930-0500	DEBUG	protocol/handler.go:596	round already finalized
2025-08-15T22:14:03.930-0500	DEBUG	protocol/handler.go:581	tryAdvanceRound called	{"{current_round 20 3  <nil>}": {"Key":"self","Type":15,"Integer":0,"String":"b","Interface":null}}
2025-08-15T22:14:03.930-0500	DEBUG	protocol/handler.go:1591	have processed broadcast	{"{round 20 3  <nil>}": {"Key":"from","Type":15,"Integer":0,"String":"a","Interface":null}}
2025-08-15T22:14:03.930-0500	DEBUG	protocol/handler.go:1649	have all messages and processed	{"{round 20 3  <nil>}": {"Key":"self","Type":15,"Integer":0,"String":"b","Interface":null}}
2025-08-15T22:14:03.930-0500	DEBUG	protocol/handler.go:596	round already finalized
2025-08-15T22:14:03.930-0500	DEBUG	protocol/handler.go:581	tryAdvanceRound called	{"{current_round 20 3  <nil>}": {"Key":"self","Type":15,"Integer":0,"String":"a","Interface":null}}
2025-08-15T22:14:03.930-0500	DEBUG	protocol/handler.go:1591	have processed broadcast	{"{round 20 3  <nil>}": {"Key":"from","Type":15,"Integer":0,"String":"b","Interface":null}}
2025-08-15T22:14:03.930-0500	DEBUG	protocol/handler.go:1649	have all messages and processed	{"{round 20 3  <nil>}": {"Key":"self","Type":15,"Integer":0,"String":"a","Interface":null}}
2025-08-15T22:14:03.930-0500	DEBUG	protocol/handler.go:596	round already finalized
2025-08-15T22:14:03.954-0500	DEBUG	protocol/handler.go:1591	have processed broadcast	{"{round 20 4  <nil>}": {"Key":"from","Type":15,"Integer":0,"String":"a","Interface":null}}
2025-08-15T22:14:03.954-0500	DEBUG	protocol/handler.go:1591	have processed broadcast	{"{round 20 4  <nil>}": {"Key":"from","Type":15,"Integer":0,"String":"c","Interface":null}}
2025-08-15T22:14:03.954-0500	DEBUG	protocol/handler.go:1649	have all messages and processed	{"{round 20 4  <nil>}": {"Key":"self","Type":15,"Integer":0,"String":"b","Interface":null}}
2025-08-15T22:14:03.954-0500	DEBUG	protocol/handler.go:619	finalizing round
2025-08-15T22:14:03.959-0500	DEBUG	protocol/handler.go:1039	sendRoundMessage	{"{from 15 0 b <nil>}": {"Key":"to","Type":15,"Integer":0,"String":"","Interface":null}, "{round 20 5  <nil>}": {"Key":"broadcast","Type":4,"Integer":1,"String":"","Interface":null}}
2025-08-15T22:14:03.959-0500	DEBUG	protocol/handler.go:1657	storing broadcast	{"{round 20 5  <nil>}": {"Key":"from","Type":15,"Integer":0,"String":"b","Interface":null}}
2025-08-15T22:14:03.959-0500	DEBUG	protocol/handler.go:1081	sent message to output channel	{"{from 15 0 b <nil>}": {"Key":"to","Type":15,"Integer":0,"String":"","Interface":null}, "{round 20 5  <nil>}": {"Key":"broadcast","Type":4,"Integer":1,"String":"","Interface":null}}
2025-08-15T22:14:03.959-0500	DEBUG	protocol/handler.go:1182	finalized round messages	{"{round 20 4  <nil>}": {"Key":"messages","Type":11,"Integer":1,"String":"","Interface":null}}
2025-08-15T22:14:03.959-0500	DEBUG	protocol/handler.go:1239	finalize returned next round	{"{current 20 4  <nil>}": {"Key":"next","Type":20,"Integer":5,"String":"","Interface":null}}
2025-08-15T22:14:03.959-0500	INFO	protocol/handler.go:642	storing new currentRound	{"{from 20 4  <nil>}": {"Key":"to","Type":20,"Integer":5,"String":"","Interface":null}}
2025-08-15T22:14:03.960-0500	DEBUG	protocol/handler.go:1503	processing queued messages
2025-08-15T22:14:03.968-0500	DEBUG	protocol/handler.go:581	tryAdvanceRound called	{"{current_round 20 3  <nil>}": {"Key":"self","Type":15,"Integer":0,"String":"b","Interface":null}}
2025-08-15T22:14:03.968-0500	DEBUG	protocol/handler.go:437	processing message	{"{from 15 0 b <nil>}": {"Key":"to","Type":15,"Integer":0,"String":"","Interface":null}, "{round 20 5  <nil>}": {"Key":"broadcast","Type":4,"Integer":1,"String":"","Interface":null}}
2025-08-15T22:14:03.968-0500	DEBUG	protocol/handler.go:1591	have processed broadcast	{"{round 20 3  <nil>}": {"Key":"from","Type":15,"Integer":0,"String":"a","Interface":null}}
2025-08-15T22:14:03.968-0500	DEBUG	protocol/handler.go:1657	storing broadcast	{"{round 20 5  <nil>}": {"Key":"from","Type":15,"Integer":0,"String":"b","Interface":null}}
2025-08-15T22:14:03.969-0500	DEBUG	protocol/handler.go:1649	have all messages and processed	{"{round 20 3  <nil>}": {"Key":"self","Type":15,"Integer":0,"String":"b","Interface":null}}
2025-08-15T22:14:03.969-0500	DEBUG	protocol/handler.go:470	message for different round (buffering)	{"{msg_round 20 5  <nil>}": {"Key":"current_round","Type":20,"Integer":4,"String":"","Interface":null}}
2025-08-15T22:14:03.969-0500	DEBUG	protocol/handler.go:596	round already finalized
2025-08-15T22:14:03.969-0500	DEBUG	protocol/handler.go:581	tryAdvanceRound called	{"{current_round 20 4  <nil>}": {"Key":"self","Type":15,"Integer":0,"String":"c","Interface":null}}
2025-08-15T22:14:03.969-0500	DEBUG	protocol/handler.go:581	tryAdvanceRound called	{"{current_round 20 3  <nil>}": {"Key":"self","Type":15,"Integer":0,"String":"b","Interface":null}}
2025-08-15T22:14:03.969-0500	DEBUG	protocol/handler.go:1591	have processed broadcast	{"{round 20 3  <nil>}": {"Key":"from","Type":15,"Integer":0,"String":"a","Interface":null}}
2025-08-15T22:14:03.969-0500	DEBUG	protocol/handler.go:1649	have all messages and processed	{"{round 20 3  <nil>}": {"Key":"self","Type":15,"Integer":0,"String":"b","Interface":null}}
2025-08-15T22:14:03.969-0500	DEBUG	protocol/handler.go:596	round already finalized
2025-08-15T22:14:03.969-0500	DEBUG	protocol/handler.go:581	tryAdvanceRound called	{"{current_round 20 3  <nil>}": {"Key":"self","Type":15,"Integer":0,"String":"a","Interface":null}}
2025-08-15T22:14:03.969-0500	DEBUG	protocol/handler.go:1591	have processed broadcast	{"{round 20 3  <nil>}": {"Key":"from","Type":15,"Integer":0,"String":"b","Interface":null}}
2025-08-15T22:14:03.969-0500	DEBUG	protocol/handler.go:1649	have all messages and processed	{"{round 20 3  <nil>}": {"Key":"self","Type":15,"Integer":0,"String":"a","Interface":null}}
2025-08-15T22:14:03.969-0500	DEBUG	protocol/handler.go:596	round already finalized
2025-08-15T22:14:03.969-0500	DEBUG	protocol/handler.go:581	tryAdvanceRound called	{"{current_round 20 3  <nil>}": {"Key":"self","Type":15,"Integer":0,"String":"a","Interface":null}}
2025-08-15T22:14:03.969-0500	DEBUG	protocol/handler.go:1591	have processed broadcast	{"{round 20 3  <nil>}": {"Key":"from","Type":15,"Integer":0,"String":"b","Interface":null}}
2025-08-15T22:14:03.969-0500	DEBUG	protocol/handler.go:1649	have all messages and processed	{"{round 20 3  <nil>}": {"Key":"self","Type":15,"Integer":0,"String":"a","Interface":null}}
2025-08-15T22:14:03.969-0500	DEBUG	protocol/handler.go:596	round already finalized
2025-08-15T22:14:03.969-0500	DEBUG	protocol/handler.go:581	tryAdvanceRound called	{"{current_round 20 3  <nil>}": {"Key":"self","Type":15,"Integer":0,"String":"a","Interface":null}}
2025-08-15T22:14:03.969-0500	DEBUG	protocol/handler.go:1591	have processed broadcast	{"{round 20 3  <nil>}": {"Key":"from","Type":15,"Integer":0,"String":"b","Interface":null}}
2025-08-15T22:14:03.969-0500	DEBUG	protocol/handler.go:1649	have all messages and processed	{"{round 20 3  <nil>}": {"Key":"self","Type":15,"Integer":0,"String":"a","Interface":null}}
2025-08-15T22:14:03.969-0500	DEBUG	protocol/handler.go:596	round already finalized
2025-08-15T22:14:03.983-0500	DEBUG	protocol/handler.go:581	tryAdvanceRound called	{"{current_round 20 3  <nil>}": {"Key":"self","Type":15,"Integer":0,"String":"b","Interface":null}}
2025-08-15T22:14:03.983-0500	DEBUG	protocol/handler.go:1591	have processed broadcast	{"{round 20 3  <nil>}": {"Key":"from","Type":15,"Integer":0,"String":"a","Interface":null}}
2025-08-15T22:14:04.024-0500	DEBUG	protocol/handler.go:1649	have all messages and processed	{"{round 20 3  <nil>}": {"Key":"self","Type":15,"Integer":0,"String":"b","Interface":null}}
2025-08-15T22:14:04.024-0500	DEBUG	protocol/handler.go:596	round already finalized
2025-08-15T22:14:04.024-0500	DEBUG	protocol/handler.go:581	tryAdvanceRound called	{"{current_round 20 3  <nil>}": {"Key":"self","Type":15,"Integer":0,"String":"b","Interface":null}}
2025-08-15T22:14:04.024-0500	DEBUG	protocol/handler.go:1591	have processed broadcast	{"{round 20 3  <nil>}": {"Key":"from","Type":15,"Integer":0,"String":"a","Interface":null}}
2025-08-15T22:14:04.024-0500	DEBUG	protocol/handler.go:1649	have all messages and processed	{"{round 20 3  <nil>}": {"Key":"self","Type":15,"Integer":0,"String":"b","Interface":null}}
2025-08-15T22:14:04.024-0500	DEBUG	protocol/handler.go:596	round already finalized
2025-08-15T22:14:03.984-0500	DEBUG	protocol/handler.go:581	tryAdvanceRound called	{"{current_round 20 3  <nil>}": {"Key":"self","Type":15,"Integer":0,"String":"a","Interface":null}}
2025-08-15T22:14:04.024-0500	DEBUG	protocol/handler.go:1591	have processed broadcast	{"{round 20 3  <nil>}": {"Key":"from","Type":15,"Integer":0,"String":"b","Interface":null}}
2025-08-15T22:14:04.024-0500	DEBUG	protocol/handler.go:1649	have all messages and processed	{"{round 20 3  <nil>}": {"Key":"self","Type":15,"Integer":0,"String":"a","Interface":null}}
2025-08-15T22:14:04.024-0500	DEBUG	protocol/handler.go:596	round already finalized
2025-08-15T22:14:04.024-0500	DEBUG	protocol/handler.go:581	tryAdvanceRound called	{"{current_round 20 3  <nil>}": {"Key":"self","Type":15,"Integer":0,"String":"a","Interface":null}}
2025-08-15T22:14:04.024-0500	DEBUG	protocol/handler.go:1591	have processed broadcast	{"{round 20 3  <nil>}": {"Key":"from","Type":15,"Integer":0,"String":"b","Interface":null}}
2025-08-15T22:14:04.024-0500	DEBUG	protocol/handler.go:1649	have all messages and processed	{"{round 20 3  <nil>}": {"Key":"self","Type":15,"Integer":0,"String":"a","Interface":null}}
2025-08-15T22:14:04.024-0500	DEBUG	protocol/handler.go:596	round already finalized
2025-08-15T22:14:03.998-0500	DEBUG	protocol/handler.go:437	processing message	{"{from 15 0 b <nil>}": {"Key":"to","Type":15,"Integer":0,"String":"","Interface":null}, "{round 20 5  <nil>}": {"Key":"broadcast","Type":4,"Integer":1,"String":"","Interface":null}}
2025-08-15T22:14:04.024-0500	DEBUG	protocol/handler.go:1657	storing broadcast	{"{round 20 5  <nil>}": {"Key":"from","Type":15,"Integer":0,"String":"b","Interface":null}}
2025-08-15T22:14:04.024-0500	DEBUG	protocol/handler.go:470	message for different round (buffering)	{"{msg_round 20 5  <nil>}": {"Key":"current_round","Type":20,"Integer":4,"String":"","Interface":null}}
2025-08-15T22:14:04.025-0500	DEBUG	protocol/handler.go:581	tryAdvanceRound called	{"{current_round 20 4  <nil>}": {"Key":"self","Type":15,"Integer":0,"String":"a","Interface":null}}
2025-08-15T22:14:04.039-0500	INFO	protocol/handler.go:560	advanced to round
2025-08-15T22:14:04.039-0500	DEBUG	protocol/handler.go:581	tryAdvanceRound called	{"{current_round 20 5  <nil>}": {"Key":"self","Type":15,"Integer":0,"String":"b","Interface":null}}
2025-08-15T22:14:04.040-0500	DEBUG	protocol/handler.go:1600	waiting for broadcasts	{"{round 20 5  <nil>}": {"Key":"missing","Type":15,"Integer":0,"String":"[a c]","Interface":null}}
2025-08-15T22:14:04.040-0500	DEBUG	protocol/handler.go:1503	processing queued messages
==================
WARNING: DATA RACE
Read at 0x00c00010d0f8 by goroutine 82:
  github.com/cronokirby/saferith.shiftAddIn()
      /Users/z/go/pkg/mod/github.com/cronokirby/saferith@v0.33.0/num.go:793 +0x360
  github.com/cronokirby/saferith.(*Nat).Mod()
      /Users/z/go/pkg/mod/github.com/cronokirby/saferith@v0.33.0/num.go:889 +0x2d0
  github.com/cronokirby/saferith.(*Nat).ModMul()
      /Users/z/go/pkg/mod/github.com/cronokirby/saferith@v0.33.0/num.go:1185 +0xac
  github.com/luxfi/threshold/pkg/math/arith.(*Modulus).Exp()
      /Users/z/work/lux/threshold/pkg/math/arith/modulus.go:55 +0x168
  github.com/luxfi/threshold/pkg/math/arith.(*Modulus).ExpI()
      /Users/z/work/lux/threshold/pkg/math/arith/modulus.go:67 +0xa8
  github.com/luxfi/threshold/pkg/pedersen.Parameters.Verify()
      /Users/z/work/lux/threshold/pkg/pedersen/pedersen.go:96 +0xe8
  github.com/luxfi/threshold/pkg/zk/fac.(*Proof).Verify()
      /Users/z/work/lux/threshold/pkg/zk/fac/fac.go:111 +0x170
  github.com/luxfi/threshold/protocols/cmp/keygen.(*round4).VerifyMessage()
      /Users/z/work/lux/threshold/protocols/cmp/keygen/round4.go:139 +0x368
  github.com/luxfi/threshold/pkg/protocol.(*Handler).verifyNormalForRound()
      /Users/z/work/lux/threshold/pkg/protocol/handler.go:1331 +0x348
  github.com/luxfi/threshold/pkg/protocol.(*Handler).retryUnprocessedMessages()
      /Users/z/work/lux/threshold/pkg/protocol/handler.go:1496 +0x3a0
  github.com/luxfi/threshold/pkg/protocol.(*Handler).tryAdvanceRound()
      /Users/z/work/lux/threshold/pkg/protocol/handler.go:587 +0x28c
  github.com/luxfi/threshold/pkg/protocol.(*Handler).roundProcessor()
      /Users/z/work/lux/threshold/pkg/protocol/handler.go:569 +0xb4
  github.com/luxfi/threshold/pkg/protocol.(*Handler).startWorkers.func1()
      /Users/z/work/lux/threshold/pkg/protocol/handler.go:374 +0x78

Previous write at 0x00c00010d0f8 by goroutine 80:
  github.com/cronokirby/saferith.maskEnd()
      /Users/z/go/pkg/mod/github.com/cronokirby/saferith@v0.33.0/num.go:261 +0x1cc
  github.com/cronokirby/saferith.(*Nat).resizedLimbs()
      /Users/z/go/pkg/mod/github.com/cronokirby/saferith@v0.33.0/num.go:252 +0x16c
  github.com/cronokirby/saferith.(*Nat).Cmp()
      /Users/z/go/pkg/mod/github.com/cronokirby/saferith@v0.33.0/num.go:1411 +0x90
  github.com/cronokirby/saferith.(*Nat).CmpMod()
      /Users/z/go/pkg/mod/github.com/cronokirby/saferith@v0.33.0/num.go:1430 +0x74
  github.com/luxfi/threshold/pkg/math/arith.IsValidNatModN()
      /Users/z/work/lux/threshold/pkg/math/arith/int.go:16 +0x78
  github.com/luxfi/threshold/pkg/pedersen.Parameters.Verify()
      /Users/z/work/lux/threshold/pkg/pedersen/pedersen.go:91 +0xc0
  github.com/luxfi/threshold/pkg/zk/fac.(*Proof).Verify()
      /Users/z/work/lux/threshold/pkg/zk/fac/fac.go:111 +0x170
  github.com/luxfi/threshold/protocols/cmp/keygen.(*round4).VerifyMessage()
      /Users/z/work/lux/threshold/protocols/cmp/keygen/round4.go:139 +0x368
  github.com/luxfi/threshold/pkg/protocol.(*Handler).verifyNormalForRound()
      /Users/z/work/lux/threshold/pkg/protocol/handler.go:1331 +0x348
  github.com/luxfi/threshold/pkg/protocol.(*Handler).retryUnprocessedMessages()
      /Users/z/work/lux/threshold/pkg/protocol/handler.go:1496 +0x3a0
  github.com/luxfi/threshold/pkg/protocol.(*Handler).tryAdvanceRound()
      /Users/z/work/lux/threshold/pkg/protocol/handler.go:587 +0x28c
  github.com/luxfi/threshold/pkg/protocol.(*Handler).processMessage()
      /Users/z/work/lux/threshold/pkg/protocol/handler.go:474 +0xb70
  github.com/luxfi/threshold/pkg/protocol.(*Handler).messageWorker()
      /Users/z/work/lux/threshold/pkg/protocol/handler.go:408 +0x338
  github.com/luxfi/threshold/pkg/protocol.(*Handler).startWorkers.gowrap2()
      /Users/z/work/lux/threshold/pkg/protocol/handler.go:361 +0x44

Goroutine 82 (running) created at:
  github.com/luxfi/threshold/pkg/protocol.(*Handler).startWorkers()
      /Users/z/work/lux/threshold/pkg/protocol/handler.go:372 +0x4fc
  github.com/luxfi/threshold/pkg/protocol.NewHandler()
      /Users/z/work/lux/threshold/pkg/protocol/handler.go:247 +0xf10
  github.com/luxfi/threshold/internal/test.(*Harness).CreateHandler()
      /Users/z/work/lux/threshold/internal/test/harness.go:91 +0x2e4
  github.com/luxfi/threshold/internal/test.RunProtocol()
      /Users/z/work/lux/threshold/internal/test/harness.go:270 +0x230
  github.com/luxfi/threshold/protocols/cmp_test.TestCMPBasicKeygen()
      /Users/z/work/lux/threshold/protocols/cmp/cmp_basic_test.go:35 +0x29c
  testing.tRunner()
      /opt/homebrew/Cellar/go/1.24.6/libexec/src/testing/testing.go:1792 +0x180
  testing.(*T).Run.gowrap1()
      /opt/homebrew/Cellar/go/1.24.6/libexec/src/testing/testing.go:1851 +0x40

Goroutine 80 (running) created at:
  github.com/luxfi/threshold/pkg/protocol.(*Handler).startWorkers()
      /Users/z/work/lux/threshold/pkg/protocol/handler.go:361 +0x334
  github.com/luxfi/threshold/pkg/protocol.NewHandler()
      /Users/z/work/lux/threshold/pkg/protocol/handler.go:247 +0xf10
  github.com/luxfi/threshold/internal/test.(*Harness).CreateHandler()
      /Users/z/work/lux/threshold/internal/test/harness.go:91 +0x2e4
  github.com/luxfi/threshold/internal/test.RunProtocol()
      /Users/z/work/lux/threshold/internal/test/harness.go:270 +0x230
  github.com/luxfi/threshold/protocols/cmp_test.TestCMPBasicKeygen()
      /Users/z/work/lux/threshold/protocols/cmp/cmp_basic_test.go:35 +0x29c
  testing.tRunner()
      /opt/homebrew/Cellar/go/1.24.6/libexec/src/testing/testing.go:1792 +0x180
  testing.(*T).Run.gowrap1()
      /opt/homebrew/Cellar/go/1.24.6/libexec/src/testing/testing.go:1851 +0x40
==================
2025-08-15T22:14:04.056-0500	DEBUG	protocol/handler.go:581	tryAdvanceRound called	{"{current_round 20 3  <nil>}": {"Key":"self","Type":15,"Integer":0,"String":"a","Interface":null}}
2025-08-15T22:14:04.057-0500	DEBUG	protocol/handler.go:581	tryAdvanceRound called	{"{current_round 20 5  <nil>}": {"Key":"self","Type":15,"Integer":0,"String":"b","Interface":null}}
2025-08-15T22:14:04.057-0500	DEBUG	protocol/handler.go:1600	waiting for broadcasts	{"{round 20 5  <nil>}": {"Key":"missing","Type":15,"Integer":0,"String":"[a c]","Interface":null}}
2025-08-15T22:14:04.057-0500	DEBUG	protocol/handler.go:1591	have processed broadcast	{"{round 20 3  <nil>}": {"Key":"from","Type":15,"Integer":0,"String":"b","Interface":null}}
2025-08-15T22:14:04.057-0500	DEBUG	protocol/handler.go:1649	have all messages and processed	{"{round 20 3  <nil>}": {"Key":"self","Type":15,"Integer":0,"String":"a","Interface":null}}
2025-08-15T22:14:04.057-0500	DEBUG	protocol/handler.go:596	round already finalized
2025-08-15T22:14:04.057-0500	DEBUG	protocol/handler.go:581	tryAdvanceRound called	{"{current_round 20 3  <nil>}": {"Key":"self","Type":15,"Integer":0,"String":"b","Interface":null}}
2025-08-15T22:14:04.057-0500	DEBUG	protocol/handler.go:1591	have processed broadcast	{"{round 20 3  <nil>}": {"Key":"from","Type":15,"Integer":0,"String":"a","Interface":null}}
2025-08-15T22:14:04.058-0500	DEBUG	protocol/handler.go:1649	have all messages and processed	{"{round 20 3  <nil>}": {"Key":"self","Type":15,"Integer":0,"String":"b","Interface":null}}
2025-08-15T22:14:04.058-0500	DEBUG	protocol/handler.go:596	round already finalized
2025-08-15T22:14:04.058-0500	DEBUG	protocol/handler.go:581	tryAdvanceRound called	{"{current_round 20 3  <nil>}": {"Key":"self","Type":15,"Integer":0,"String":"b","Interface":null}}
2025-08-15T22:14:04.058-0500	DEBUG	protocol/handler.go:1591	have processed broadcast	{"{round 20 3  <nil>}": {"Key":"from","Type":15,"Integer":0,"String":"a","Interface":null}}
2025-08-15T22:14:04.058-0500	DEBUG	protocol/handler.go:1649	have all messages and processed	{"{round 20 3  <nil>}": {"Key":"self","Type":15,"Integer":0,"String":"b","Interface":null}}
2025-08-15T22:14:04.059-0500	DEBUG	protocol/handler.go:596	round already finalized
2025-08-15T22:14:04.080-0500	DEBUG	protocol/handler.go:581	tryAdvanceRound called	{"{current_round 20 3  <nil>}": {"Key":"self","Type":15,"Integer":0,"String":"a","Interface":null}}
2025-08-15T22:14:04.080-0500	DEBUG	protocol/handler.go:1591	have processed broadcast	{"{round 20 3  <nil>}": {"Key":"from","Type":15,"Integer":0,"String":"b","Interface":null}}
2025-08-15T22:14:04.080-0500	DEBUG	protocol/handler.go:1649	have all messages and processed	{"{round 20 3  <nil>}": {"Key":"self","Type":15,"Integer":0,"String":"a","Interface":null}}
2025-08-15T22:14:04.080-0500	DEBUG	protocol/handler.go:596	round already finalized
2025-08-15T22:14:04.102-0500	DEBUG	protocol/handler.go:581	tryAdvanceRound called	{"{current_round 20 5  <nil>}": {"Key":"self","Type":15,"Integer":0,"String":"b","Interface":null}}
2025-08-15T22:14:04.102-0500	DEBUG	protocol/handler.go:1600	waiting for broadcasts	{"{round 20 5  <nil>}": {"Key":"missing","Type":15,"Integer":0,"String":"[a c]","Interface":null}}
2025-08-15T22:14:04.102-0500	DEBUG	protocol/handler.go:581	tryAdvanceRound called	{"{current_round 20 5  <nil>}": {"Key":"self","Type":15,"Integer":0,"String":"b","Interface":null}}
2025-08-15T22:14:04.102-0500	DEBUG	protocol/handler.go:1600	waiting for broadcasts	{"{round 20 5  <nil>}": {"Key":"missing","Type":15,"Integer":0,"String":"[a c]","Interface":null}}
2025-08-15T22:14:04.102-0500	DEBUG	protocol/handler.go:581	tryAdvanceRound called	{"{current_round 20 3  <nil>}": {"Key":"self","Type":15,"Integer":0,"String":"b","Interface":null}}
2025-08-15T22:14:04.104-0500	DEBUG	protocol/handler.go:1591	have processed broadcast	{"{round 20 3  <nil>}": {"Key":"from","Type":15,"Integer":0,"String":"a","Interface":null}}
2025-08-15T22:14:04.105-0500	DEBUG	protocol/handler.go:1649	have all messages and processed	{"{round 20 3  <nil>}": {"Key":"self","Type":15,"Integer":0,"String":"b","Interface":null}}
2025-08-15T22:14:04.105-0500	DEBUG	protocol/handler.go:596	round already finalized
2025-08-15T22:14:04.105-0500	DEBUG	protocol/handler.go:581	tryAdvanceRound called	{"{current_round 20 3  <nil>}": {"Key":"self","Type":15,"Integer":0,"String":"b","Interface":null}}
2025-08-15T22:14:04.105-0500	DEBUG	protocol/handler.go:1591	have processed broadcast	{"{round 20 3  <nil>}": {"Key":"from","Type":15,"Integer":0,"String":"a","Interface":null}}
2025-08-15T22:14:04.105-0500	DEBUG	protocol/handler.go:1649	have all messages and processed	{"{round 20 3  <nil>}": {"Key":"self","Type":15,"Integer":0,"String":"b","Interface":null}}
2025-08-15T22:14:04.105-0500	DEBUG	protocol/handler.go:596	round already finalized
2025-08-15T22:14:04.105-0500	DEBUG	protocol/handler.go:581	tryAdvanceRound called	{"{current_round 20 3  <nil>}": {"Key":"self","Type":15,"Integer":0,"String":"a","Interface":null}}
2025-08-15T22:14:04.105-0500	DEBUG	protocol/handler.go:1591	have processed broadcast	{"{round 20 3  <nil>}": {"Key":"from","Type":15,"Integer":0,"String":"b","Interface":null}}
2025-08-15T22:14:04.105-0500	DEBUG	protocol/handler.go:1649	have all messages and processed	{"{round 20 3  <nil>}": {"Key":"self","Type":15,"Integer":0,"String":"a","Interface":null}}
2025-08-15T22:14:04.105-0500	DEBUG	protocol/handler.go:596	round already finalized
2025-08-15T22:14:04.155-0500	DEBUG	protocol/handler.go:581	tryAdvanceRound called	{"{current_round 20 3  <nil>}": {"Key":"self","Type":15,"Integer":0,"String":"b","Interface":null}}
2025-08-15T22:14:04.155-0500	DEBUG	protocol/handler.go:1591	have processed broadcast	{"{round 20 3  <nil>}": {"Key":"from","Type":15,"Integer":0,"String":"a","Interface":null}}
2025-08-15T22:14:04.155-0500	DEBUG	protocol/handler.go:1649	have all messages and processed	{"{round 20 3  <nil>}": {"Key":"self","Type":15,"Integer":0,"String":"b","Interface":null}}
2025-08-15T22:14:04.155-0500	DEBUG	protocol/handler.go:596	round already finalized
2025-08-15T22:14:04.155-0500	DEBUG	protocol/handler.go:581	tryAdvanceRound called	{"{current_round 20 3  <nil>}": {"Key":"self","Type":15,"Integer":0,"String":"b","Interface":null}}
2025-08-15T22:14:04.155-0500	DEBUG	protocol/handler.go:1591	have processed broadcast	{"{round 20 3  <nil>}": {"Key":"from","Type":15,"Integer":0,"String":"a","Interface":null}}
2025-08-15T22:14:04.156-0500	DEBUG	protocol/handler.go:1649	have all messages and processed	{"{round 20 3  <nil>}": {"Key":"self","Type":15,"Integer":0,"String":"b","Interface":null}}
2025-08-15T22:14:04.156-0500	DEBUG	protocol/handler.go:596	round already finalized
2025-08-15T22:14:04.156-0500	DEBUG	protocol/handler.go:581	tryAdvanceRound called	{"{current_round 20 3  <nil>}": {"Key":"self","Type":15,"Integer":0,"String":"a","Interface":null}}
2025-08-15T22:14:04.156-0500	DEBUG	protocol/handler.go:1591	have processed broadcast	{"{round 20 3  <nil>}": {"Key":"from","Type":15,"Integer":0,"String":"b","Interface":null}}
2025-08-15T22:14:04.156-0500	DEBUG	protocol/handler.go:1649	have all messages and processed	{"{round 20 3  <nil>}": {"Key":"self","Type":15,"Integer":0,"String":"a","Interface":null}}
2025-08-15T22:14:04.156-0500	DEBUG	protocol/handler.go:596	round already finalized
2025-08-15T22:14:04.156-0500	DEBUG	protocol/handler.go:581	tryAdvanceRound called	{"{current_round 20 3  <nil>}": {"Key":"self","Type":15,"Integer":0,"String":"a","Interface":null}}
2025-08-15T22:14:04.156-0500	DEBUG	protocol/handler.go:1591	have processed broadcast	{"{round 20 3  <nil>}": {"Key":"from","Type":15,"Integer":0,"String":"b","Interface":null}}
2025-08-15T22:14:04.157-0500	DEBUG	protocol/handler.go:1649	have all messages and processed	{"{round 20 3  <nil>}": {"Key":"self","Type":15,"Integer":0,"String":"a","Interface":null}}
2025-08-15T22:14:04.157-0500	DEBUG	protocol/handler.go:596	round already finalized
2025-08-15T22:14:04.157-0500	DEBUG	protocol/handler.go:581	tryAdvanceRound called	{"{current_round 20 3  <nil>}": {"Key":"self","Type":15,"Integer":0,"String":"b","Interface":null}}
2025-08-15T22:14:04.157-0500	DEBUG	protocol/handler.go:1591	have processed broadcast	{"{round 20 3  <nil>}": {"Key":"from","Type":15,"Integer":0,"String":"a","Interface":null}}
2025-08-15T22:14:04.157-0500	DEBUG	protocol/handler.go:1649	have all messages and processed	{"{round 20 3  <nil>}": {"Key":"self","Type":15,"Integer":0,"String":"b","Interface":null}}
2025-08-15T22:14:04.157-0500	DEBUG	protocol/handler.go:596	round already finalized
2025-08-15T22:14:04.160-0500	DEBUG	protocol/handler.go:581	tryAdvanceRound called	{"{current_round 20 5  <nil>}": {"Key":"self","Type":15,"Integer":0,"String":"b","Interface":null}}
2025-08-15T22:14:04.160-0500	DEBUG	protocol/handler.go:1600	waiting for broadcasts	{"{round 20 5  <nil>}": {"Key":"missing","Type":15,"Integer":0,"String":"[a c]","Interface":null}}
2025-08-15T22:14:04.161-0500	DEBUG	protocol/handler.go:581	tryAdvanceRound called	{"{current_round 20 5  <nil>}": {"Key":"self","Type":15,"Integer":0,"String":"b","Interface":null}}
2025-08-15T22:14:04.161-0500	DEBUG	protocol/handler.go:1600	waiting for broadcasts	{"{round 20 5  <nil>}": {"Key":"missing","Type":15,"Integer":0,"String":"[a c]","Interface":null}}
2025-08-15T22:14:04.161-0500	DEBUG	protocol/handler.go:581	tryAdvanceRound called	{"{current_round 20 5  <nil>}": {"Key":"self","Type":15,"Integer":0,"String":"b","Interface":null}}
2025-08-15T22:14:04.161-0500	DEBUG	protocol/handler.go:1600	waiting for broadcasts	{"{round 20 5  <nil>}": {"Key":"missing","Type":15,"Integer":0,"String":"[a c]","Interface":null}}
2025-08-15T22:14:04.178-0500	DEBUG	protocol/handler.go:581	tryAdvanceRound called	{"{current_round 20 3  <nil>}": {"Key":"self","Type":15,"Integer":0,"String":"b","Interface":null}}
2025-08-15T22:14:04.178-0500	DEBUG	protocol/handler.go:1591	have processed broadcast	{"{round 20 3  <nil>}": {"Key":"from","Type":15,"Integer":0,"String":"a","Interface":null}}
2025-08-15T22:14:04.178-0500	DEBUG	protocol/handler.go:1649	have all messages and processed	{"{round 20 3  <nil>}": {"Key":"self","Type":15,"Integer":0,"String":"b","Interface":null}}
2025-08-15T22:14:04.179-0500	DEBUG	protocol/handler.go:596	round already finalized
2025-08-15T22:14:04.201-0500	DEBUG	protocol/handler.go:581	tryAdvanceRound called	{"{current_round 20 3  <nil>}": {"Key":"self","Type":15,"Integer":0,"String":"a","Interface":null}}
2025-08-15T22:14:04.201-0500	DEBUG	protocol/handler.go:1591	have processed broadcast	{"{round 20 3  <nil>}": {"Key":"from","Type":15,"Integer":0,"String":"b","Interface":null}}
2025-08-15T22:14:04.201-0500	DEBUG	protocol/handler.go:1649	have all messages and processed	{"{round 20 3  <nil>}": {"Key":"self","Type":15,"Integer":0,"String":"a","Interface":null}}
2025-08-15T22:14:04.201-0500	DEBUG	protocol/handler.go:596	round already finalized
2025-08-15T22:14:04.201-0500	DEBUG	protocol/handler.go:581	tryAdvanceRound called	{"{current_round 20 3  <nil>}": {"Key":"self","Type":15,"Integer":0,"String":"a","Interface":null}}
2025-08-15T22:14:04.202-0500	DEBUG	protocol/handler.go:1591	have processed broadcast	{"{round 20 3  <nil>}": {"Key":"from","Type":15,"Integer":0,"String":"b","Interface":null}}
2025-08-15T22:14:04.205-0500	DEBUG	protocol/handler.go:1649	have all messages and processed	{"{round 20 3  <nil>}": {"Key":"self","Type":15,"Integer":0,"String":"a","Interface":null}}
2025-08-15T22:14:04.205-0500	DEBUG	protocol/handler.go:596	round already finalized
2025-08-15T22:14:04.206-0500	DEBUG	protocol/handler.go:581	tryAdvanceRound called	{"{current_round 20 3  <nil>}": {"Key":"self","Type":15,"Integer":0,"String":"b","Interface":null}}
2025-08-15T22:14:04.206-0500	DEBUG	protocol/handler.go:1591	have processed broadcast	{"{round 20 3  <nil>}": {"Key":"from","Type":15,"Integer":0,"String":"a","Interface":null}}
2025-08-15T22:14:04.206-0500	DEBUG	protocol/handler.go:1649	have all messages and processed	{"{round 20 3  <nil>}": {"Key":"self","Type":15,"Integer":0,"String":"b","Interface":null}}
2025-08-15T22:14:04.206-0500	DEBUG	protocol/handler.go:596	round already finalized
2025-08-15T22:14:04.206-0500	DEBUG	protocol/handler.go:581	tryAdvanceRound called	{"{current_round 20 3  <nil>}": {"Key":"self","Type":15,"Integer":0,"String":"b","Interface":null}}
2025-08-15T22:14:04.206-0500	DEBUG	protocol/handler.go:1591	have processed broadcast	{"{round 20 3  <nil>}": {"Key":"from","Type":15,"Integer":0,"String":"a","Interface":null}}
2025-08-15T22:14:04.206-0500	DEBUG	protocol/handler.go:1649	have all messages and processed	{"{round 20 3  <nil>}": {"Key":"self","Type":15,"Integer":0,"String":"b","Interface":null}}
2025-08-15T22:14:04.206-0500	DEBUG	protocol/handler.go:596	round already finalized
2025-08-15T22:14:04.214-0500	DEBUG	protocol/handler.go:581	tryAdvanceRound called	{"{current_round 20 5  <nil>}": {"Key":"self","Type":15,"Integer":0,"String":"b","Interface":null}}
2025-08-15T22:14:04.215-0500	DEBUG	protocol/handler.go:1600	waiting for broadcasts	{"{round 20 5  <nil>}": {"Key":"missing","Type":15,"Integer":0,"String":"[a c]","Interface":null}}
2025-08-15T22:14:04.215-0500	DEBUG	protocol/handler.go:581	tryAdvanceRound called	{"{current_round 20 5  <nil>}": {"Key":"self","Type":15,"Integer":0,"String":"b","Interface":null}}
2025-08-15T22:14:04.215-0500	DEBUG	protocol/handler.go:1600	waiting for broadcasts	{"{round 20 5  <nil>}": {"Key":"missing","Type":15,"Integer":0,"String":"[a c]","Interface":null}}
2025-08-15T22:14:04.226-0500	DEBUG	protocol/handler.go:581	tryAdvanceRound called	{"{current_round 20 3  <nil>}": {"Key":"self","Type":15,"Integer":0,"String":"b","Interface":null}}
2025-08-15T22:14:04.226-0500	DEBUG	protocol/handler.go:1591	have processed broadcast	{"{round 20 3  <nil>}": {"Key":"from","Type":15,"Integer":0,"String":"a","Interface":null}}
2025-08-15T22:14:04.226-0500	DEBUG	protocol/handler.go:1649	have all messages and processed	{"{round 20 3  <nil>}": {"Key":"self","Type":15,"Integer":0,"String":"b","Interface":null}}
2025-08-15T22:14:04.226-0500	DEBUG	protocol/handler.go:596	round already finalized
2025-08-15T22:14:04.226-0500	DEBUG	protocol/handler.go:581	tryAdvanceRound called	{"{current_round 20 3  <nil>}": {"Key":"self","Type":15,"Integer":0,"String":"a","Interface":null}}
2025-08-15T22:14:04.227-0500	DEBUG	protocol/handler.go:1591	have processed broadcast	{"{round 20 3  <nil>}": {"Key":"from","Type":15,"Integer":0,"String":"b","Interface":null}}
2025-08-15T22:14:04.227-0500	DEBUG	protocol/handler.go:1649	have all messages and processed	{"{round 20 3  <nil>}": {"Key":"self","Type":15,"Integer":0,"String":"a","Interface":null}}
2025-08-15T22:14:04.227-0500	DEBUG	protocol/handler.go:596	round already finalized
2025-08-15T22:14:04.227-0500	DEBUG	protocol/handler.go:581	tryAdvanceRound called	{"{current_round 20 3  <nil>}": {"Key":"self","Type":15,"Integer":0,"String":"b","Interface":null}}
2025-08-15T22:14:04.227-0500	DEBUG	protocol/handler.go:1591	have processed broadcast	{"{round 20 3  <nil>}": {"Key":"from","Type":15,"Integer":0,"String":"a","Interface":null}}
2025-08-15T22:14:04.227-0500	DEBUG	protocol/handler.go:1649	have all messages and processed	{"{round 20 3  <nil>}": {"Key":"self","Type":15,"Integer":0,"String":"b","Interface":null}}
2025-08-15T22:14:04.228-0500	DEBUG	protocol/handler.go:596	round already finalized
2025-08-15T22:14:04.238-0500	DEBUG	protocol/handler.go:581	tryAdvanceRound called	{"{current_round 20 5  <nil>}": {"Key":"self","Type":15,"Integer":0,"String":"b","Interface":null}}
2025-08-15T22:14:04.238-0500	DEBUG	protocol/handler.go:1600	waiting for broadcasts	{"{round 20 5  <nil>}": {"Key":"missing","Type":15,"Integer":0,"String":"[a c]","Interface":null}}
2025-08-15T22:14:04.262-0500	DEBUG	protocol/handler.go:581	tryAdvanceRound called	{"{current_round 20 5  <nil>}": {"Key":"self","Type":15,"Integer":0,"String":"b","Interface":null}}
2025-08-15T22:14:04.262-0500	DEBUG	protocol/handler.go:1600	waiting for broadcasts	{"{round 20 5  <nil>}": {"Key":"missing","Type":15,"Integer":0,"String":"[a c]","Interface":null}}
2025-08-15T22:14:04.274-0500	DEBUG	protocol/handler.go:581	tryAdvanceRound called	{"{current_round 20 3  <nil>}": {"Key":"self","Type":15,"Integer":0,"String":"a","Interface":null}}
2025-08-15T22:14:04.274-0500	DEBUG	protocol/handler.go:1591	have processed broadcast	{"{round 20 3  <nil>}": {"Key":"from","Type":15,"Integer":0,"String":"b","Interface":null}}
2025-08-15T22:14:04.274-0500	DEBUG	protocol/handler.go:1649	have all messages and processed	{"{round 20 3  <nil>}": {"Key":"self","Type":15,"Integer":0,"String":"a","Interface":null}}
2025-08-15T22:14:04.274-0500	DEBUG	protocol/handler.go:596	round already finalized
2025-08-15T22:14:04.274-0500	DEBUG	protocol/handler.go:581	tryAdvanceRound called	{"{current_round 20 3  <nil>}": {"Key":"self","Type":15,"Integer":0,"String":"a","Interface":null}}
2025-08-15T22:14:04.274-0500	DEBUG	protocol/handler.go:1591	have processed broadcast	{"{round 20 3  <nil>}": {"Key":"from","Type":15,"Integer":0,"String":"b","Interface":null}}
2025-08-15T22:14:04.274-0500	DEBUG	protocol/handler.go:1649	have all messages and processed	{"{round 20 3  <nil>}": {"Key":"self","Type":15,"Integer":0,"String":"a","Interface":null}}
2025-08-15T22:14:04.274-0500	DEBUG	protocol/handler.go:596	round already finalized
2025-08-15T22:14:04.274-0500	DEBUG	protocol/handler.go:581	tryAdvanceRound called	{"{current_round 20 3  <nil>}": {"Key":"self","Type":15,"Integer":0,"String":"b","Interface":null}}
2025-08-15T22:14:04.275-0500	DEBUG	protocol/handler.go:1591	have processed broadcast	{"{round 20 3  <nil>}": {"Key":"from","Type":15,"Integer":0,"String":"a","Interface":null}}
2025-08-15T22:14:04.275-0500	DEBUG	protocol/handler.go:1649	have all messages and processed	{"{round 20 3  <nil>}": {"Key":"self","Type":15,"Integer":0,"String":"b","Interface":null}}
2025-08-15T22:14:04.275-0500	DEBUG	protocol/handler.go:596	round already finalized
2025-08-15T22:14:04.275-0500	DEBUG	protocol/handler.go:581	tryAdvanceRound called	{"{current_round 20 3  <nil>}": {"Key":"self","Type":15,"Integer":0,"String":"b","Interface":null}}
2025-08-15T22:14:04.275-0500	DEBUG	protocol/handler.go:1591	have processed broadcast	{"{round 20 3  <nil>}": {"Key":"from","Type":15,"Integer":0,"String":"a","Interface":null}}
2025-08-15T22:14:04.275-0500	DEBUG	protocol/handler.go:1649	have all messages and processed	{"{round 20 3  <nil>}": {"Key":"self","Type":15,"Integer":0,"String":"b","Interface":null}}
2025-08-15T22:14:04.275-0500	DEBUG	protocol/handler.go:596	round already finalized
2025-08-15T22:14:04.286-0500	DEBUG	protocol/handler.go:581	tryAdvanceRound called	{"{current_round 20 5  <nil>}": {"Key":"self","Type":15,"Integer":0,"String":"b","Interface":null}}
2025-08-15T22:14:04.286-0500	DEBUG	protocol/handler.go:581	tryAdvanceRound called	{"{current_round 20 3  <nil>}": {"Key":"self","Type":15,"Integer":0,"String":"a","Interface":null}}
2025-08-15T22:14:04.286-0500	DEBUG	protocol/handler.go:1600	waiting for broadcasts	{"{round 20 5  <nil>}": {"Key":"missing","Type":15,"Integer":0,"String":"[a c]","Interface":null}}
2025-08-15T22:14:04.286-0500	DEBUG	protocol/handler.go:1591	have processed broadcast	{"{round 20 3  <nil>}": {"Key":"from","Type":15,"Integer":0,"String":"b","Interface":null}}
2025-08-15T22:14:04.286-0500	DEBUG	protocol/handler.go:581	tryAdvanceRound called	{"{current_round 20 3  <nil>}": {"Key":"self","Type":15,"Integer":0,"String":"b","Interface":null}}
2025-08-15T22:14:04.356-0500	DEBUG	protocol/handler.go:1591	have processed broadcast	{"{round 20 3  <nil>}": {"Key":"from","Type":15,"Integer":0,"String":"a","Interface":null}}
2025-08-15T22:14:04.356-0500	DEBUG	protocol/handler.go:1649	have all messages and processed	{"{round 20 3  <nil>}": {"Key":"self","Type":15,"Integer":0,"String":"b","Interface":null}}
2025-08-15T22:14:04.356-0500	DEBUG	protocol/handler.go:596	round already finalized
2025-08-15T22:14:04.356-0500	DEBUG	protocol/handler.go:581	tryAdvanceRound called	{"{current_round 20 3  <nil>}": {"Key":"self","Type":15,"Integer":0,"String":"b","Interface":null}}
2025-08-15T22:14:04.356-0500	DEBUG	protocol/handler.go:1591	have processed broadcast	{"{round 20 3  <nil>}": {"Key":"from","Type":15,"Integer":0,"String":"a","Interface":null}}
2025-08-15T22:14:04.356-0500	DEBUG	protocol/handler.go:1649	have all messages and processed	{"{round 20 3  <nil>}": {"Key":"self","Type":15,"Integer":0,"String":"b","Interface":null}}
2025-08-15T22:14:04.357-0500	DEBUG	protocol/handler.go:596	round already finalized
2025-08-15T22:14:04.357-0500	DEBUG	protocol/handler.go:581	tryAdvanceRound called	{"{current_round 20 3  <nil>}": {"Key":"self","Type":15,"Integer":0,"String":"b","Interface":null}}
2025-08-15T22:14:04.357-0500	DEBUG	protocol/handler.go:1591	have processed broadcast	{"{round 20 3  <nil>}": {"Key":"from","Type":15,"Integer":0,"String":"a","Interface":null}}
2025-08-15T22:14:04.357-0500	DEBUG	protocol/handler.go:1649	have all messages and processed	{"{round 20 3  <nil>}": {"Key":"self","Type":15,"Integer":0,"String":"b","Interface":null}}
2025-08-15T22:14:04.357-0500	DEBUG	protocol/handler.go:596	round already finalized
2025-08-15T22:14:04.345-0500	DEBUG	protocol/handler.go:581	tryAdvanceRound called	{"{current_round 20 5  <nil>}": {"Key":"self","Type":15,"Integer":0,"String":"b","Interface":null}}
2025-08-15T22:14:04.357-0500	DEBUG	protocol/handler.go:1600	waiting for broadcasts	{"{round 20 5  <nil>}": {"Key":"missing","Type":15,"Integer":0,"String":"[a c]","Interface":null}}
2025-08-15T22:14:04.357-0500	DEBUG	protocol/handler.go:581	tryAdvanceRound called	{"{current_round 20 5  <nil>}": {"Key":"self","Type":15,"Integer":0,"String":"b","Interface":null}}
2025-08-15T22:14:04.357-0500	DEBUG	protocol/handler.go:1600	waiting for broadcasts	{"{round 20 5  <nil>}": {"Key":"missing","Type":15,"Integer":0,"String":"[a c]","Interface":null}}
2025-08-15T22:14:04.358-0500	DEBUG	protocol/handler.go:581	tryAdvanceRound called	{"{current_round 20 5  <nil>}": {"Key":"self","Type":15,"Integer":0,"String":"b","Interface":null}}
2025-08-15T22:14:04.358-0500	DEBUG	protocol/handler.go:1600	waiting for broadcasts	{"{round 20 5  <nil>}": {"Key":"missing","Type":15,"Integer":0,"String":"[a c]","Interface":null}}
2025-08-15T22:14:04.376-0500	DEBUG	protocol/handler.go:581	tryAdvanceRound called	{"{current_round 20 3  <nil>}": {"Key":"self","Type":15,"Integer":0,"String":"b","Interface":null}}
2025-08-15T22:14:04.376-0500	DEBUG	protocol/handler.go:1591	have processed broadcast	{"{round 20 3  <nil>}": {"Key":"from","Type":15,"Integer":0,"String":"a","Interface":null}}
2025-08-15T22:14:04.376-0500	DEBUG	protocol/handler.go:1649	have all messages and processed	{"{round 20 3  <nil>}": {"Key":"self","Type":15,"Integer":0,"String":"b","Interface":null}}
2025-08-15T22:14:04.376-0500	DEBUG	protocol/handler.go:596	round already finalized
2025-08-15T22:14:04.391-0500	DEBUG	protocol/handler.go:581	tryAdvanceRound called	{"{current_round 20 3  <nil>}": {"Key":"self","Type":15,"Integer":0,"String":"b","Interface":null}}
2025-08-15T22:14:04.391-0500	DEBUG	protocol/handler.go:1591	have processed broadcast	{"{round 20 3  <nil>}": {"Key":"from","Type":15,"Integer":0,"String":"a","Interface":null}}
2025-08-15T22:14:04.392-0500	DEBUG	protocol/handler.go:1649	have all messages and processed	{"{round 20 3  <nil>}": {"Key":"self","Type":15,"Integer":0,"String":"b","Interface":null}}
2025-08-15T22:14:04.392-0500	DEBUG	protocol/handler.go:596	round already finalized
2025-08-15T22:14:04.392-0500	DEBUG	protocol/handler.go:581	tryAdvanceRound called	{"{current_round 20 3  <nil>}": {"Key":"self","Type":15,"Integer":0,"String":"b","Interface":null}}
2025-08-15T22:14:04.392-0500	DEBUG	protocol/handler.go:1591	have processed broadcast	{"{round 20 3  <nil>}": {"Key":"from","Type":15,"Integer":0,"String":"a","Interface":null}}
2025-08-15T22:14:04.392-0500	DEBUG	protocol/handler.go:1649	have all messages and processed	{"{round 20 3  <nil>}": {"Key":"self","Type":15,"Integer":0,"String":"b","Interface":null}}
2025-08-15T22:14:04.392-0500	DEBUG	protocol/handler.go:596	round already finalized
2025-08-15T22:14:04.403-0500	DEBUG	protocol/handler.go:581	tryAdvanceRound called	{"{current_round 20 5  <nil>}": {"Key":"self","Type":15,"Integer":0,"String":"b","Interface":null}}
2025-08-15T22:14:04.403-0500	DEBUG	protocol/handler.go:1600	waiting for broadcasts	{"{round 20 5  <nil>}": {"Key":"missing","Type":15,"Integer":0,"String":"[a c]","Interface":null}}
2025-08-15T22:14:04.403-0500	DEBUG	protocol/handler.go:581	tryAdvanceRound called	{"{current_round 20 5  <nil>}": {"Key":"self","Type":15,"Integer":0,"String":"b","Interface":null}}
2025-08-15T22:14:04.403-0500	DEBUG	protocol/handler.go:1600	waiting for broadcasts	{"{round 20 5  <nil>}": {"Key":"missing","Type":15,"Integer":0,"String":"[a c]","Interface":null}}
2025-08-15T22:14:04.413-0500	DEBUG	protocol/handler.go:581	tryAdvanceRound called	{"{current_round 20 3  <nil>}": {"Key":"self","Type":15,"Integer":0,"String":"b","Interface":null}}
2025-08-15T22:14:04.413-0500	DEBUG	protocol/handler.go:1591	have processed broadcast	{"{round 20 3  <nil>}": {"Key":"from","Type":15,"Integer":0,"String":"a","Interface":null}}
2025-08-15T22:14:04.413-0500	DEBUG	protocol/handler.go:1649	have all messages and processed	{"{round 20 3  <nil>}": {"Key":"self","Type":15,"Integer":0,"String":"b","Interface":null}}
2025-08-15T22:14:04.413-0500	DEBUG	protocol/handler.go:596	round already finalized
2025-08-15T22:14:04.356-0500	DEBUG	protocol/handler.go:1649	have all messages and processed	{"{round 20 3  <nil>}": {"Key":"self","Type":15,"Integer":0,"String":"a","Interface":null}}
2025-08-15T22:14:04.425-0500	DEBUG	protocol/handler.go:596	round already finalized
2025-08-15T22:14:04.425-0500	DEBUG	protocol/handler.go:581	tryAdvanceRound called	{"{current_round 20 3  <nil>}": {"Key":"self","Type":15,"Integer":0,"String":"a","Interface":null}}
2025-08-15T22:14:04.425-0500	DEBUG	protocol/handler.go:1591	have processed broadcast	{"{round 20 3  <nil>}": {"Key":"from","Type":15,"Integer":0,"String":"b","Interface":null}}
2025-08-15T22:14:04.425-0500	DEBUG	protocol/handler.go:1649	have all messages and processed	{"{round 20 3  <nil>}": {"Key":"self","Type":15,"Integer":0,"String":"a","Interface":null}}
2025-08-15T22:14:04.425-0500	DEBUG	protocol/handler.go:596	round already finalized
2025-08-15T22:14:04.439-0500	DEBUG	protocol/handler.go:581	tryAdvanceRound called	{"{current_round 20 3  <nil>}": {"Key":"self","Type":15,"Integer":0,"String":"b","Interface":null}}
2025-08-15T22:14:04.439-0500	DEBUG	protocol/handler.go:1591	have processed broadcast	{"{round 20 3  <nil>}": {"Key":"from","Type":15,"Integer":0,"String":"a","Interface":null}}
2025-08-15T22:14:04.439-0500	DEBUG	protocol/handler.go:1649	have all messages and processed	{"{round 20 3  <nil>}": {"Key":"self","Type":15,"Integer":0,"String":"b","Interface":null}}
2025-08-15T22:14:04.439-0500	DEBUG	protocol/handler.go:596	round already finalized
2025-08-15T22:14:04.447-0500	DEBUG	protocol/handler.go:581	tryAdvanceRound called	{"{current_round 20 3  <nil>}": {"Key":"self","Type":15,"Integer":0,"String":"a","Interface":null}}
2025-08-15T22:14:04.447-0500	DEBUG	protocol/handler.go:1591	have processed broadcast	{"{round 20 3  <nil>}": {"Key":"from","Type":15,"Integer":0,"String":"b","Interface":null}}
2025-08-15T22:14:04.447-0500	DEBUG	protocol/handler.go:1649	have all messages and processed	{"{round 20 3  <nil>}": {"Key":"self","Type":15,"Integer":0,"String":"a","Interface":null}}
2025-08-15T22:14:04.447-0500	DEBUG	protocol/handler.go:581	tryAdvanceRound called	{"{current_round 20 5  <nil>}": {"Key":"self","Type":15,"Integer":0,"String":"b","Interface":null}}
2025-08-15T22:14:04.447-0500	DEBUG	protocol/handler.go:1600	waiting for broadcasts	{"{round 20 5  <nil>}": {"Key":"missing","Type":15,"Integer":0,"String":"[a c]","Interface":null}}
2025-08-15T22:14:04.447-0500	DEBUG	protocol/handler.go:581	tryAdvanceRound called	{"{current_round 20 5  <nil>}": {"Key":"self","Type":15,"Integer":0,"String":"b","Interface":null}}
2025-08-15T22:14:04.447-0500	DEBUG	protocol/handler.go:1600	waiting for broadcasts	{"{round 20 5  <nil>}": {"Key":"missing","Type":15,"Integer":0,"String":"[a c]","Interface":null}}
2025-08-15T22:14:04.447-0500	DEBUG	protocol/handler.go:596	round already finalized
2025-08-15T22:14:04.481-0500	DEBUG	protocol/handler.go:581	tryAdvanceRound called	{"{current_round 20 3  <nil>}": {"Key":"self","Type":15,"Integer":0,"String":"b","Interface":null}}
2025-08-15T22:14:04.481-0500	DEBUG	protocol/handler.go:1591	have processed broadcast	{"{round 20 3  <nil>}": {"Key":"from","Type":15,"Integer":0,"String":"a","Interface":null}}
2025-08-15T22:14:04.481-0500	DEBUG	protocol/handler.go:1649	have all messages and processed	{"{round 20 3  <nil>}": {"Key":"self","Type":15,"Integer":0,"String":"b","Interface":null}}
2025-08-15T22:14:04.481-0500	DEBUG	protocol/handler.go:596	round already finalized
2025-08-15T22:14:04.481-0500	DEBUG	protocol/handler.go:581	tryAdvanceRound called	{"{current_round 20 3  <nil>}": {"Key":"self","Type":15,"Integer":0,"String":"b","Interface":null}}
2025-08-15T22:14:04.481-0500	DEBUG	protocol/handler.go:1591	have processed broadcast	{"{round 20 3  <nil>}": {"Key":"from","Type":15,"Integer":0,"String":"a","Interface":null}}
2025-08-15T22:14:04.481-0500	DEBUG	protocol/handler.go:1649	have all messages and processed	{"{round 20 3  <nil>}": {"Key":"self","Type":15,"Integer":0,"String":"b","Interface":null}}
2025-08-15T22:14:04.481-0500	DEBUG	protocol/handler.go:596	round already finalized
2025-08-15T22:14:04.492-0500	DEBUG	protocol/handler.go:581	tryAdvanceRound called	{"{current_round 20 5  <nil>}": {"Key":"self","Type":15,"Integer":0,"String":"b","Interface":null}}
2025-08-15T22:14:04.492-0500	DEBUG	protocol/handler.go:1600	waiting for broadcasts	{"{round 20 5  <nil>}": {"Key":"missing","Type":15,"Integer":0,"String":"[a c]","Interface":null}}
2025-08-15T22:14:04.492-0500	DEBUG	protocol/handler.go:581	tryAdvanceRound called	{"{current_round 20 5  <nil>}": {"Key":"self","Type":15,"Integer":0,"String":"b","Interface":null}}
2025-08-15T22:14:04.492-0500	DEBUG	protocol/handler.go:1600	waiting for broadcasts	{"{round 20 5  <nil>}": {"Key":"missing","Type":15,"Integer":0,"String":"[a c]","Interface":null}}
2025-08-15T22:14:04.492-0500	DEBUG	protocol/handler.go:581	tryAdvanceRound called	{"{current_round 20 3  <nil>}": {"Key":"self","Type":15,"Integer":0,"String":"a","Interface":null}}
2025-08-15T22:14:04.492-0500	DEBUG	protocol/handler.go:1591	have processed broadcast	{"{round 20 3  <nil>}": {"Key":"from","Type":15,"Integer":0,"String":"b","Interface":null}}
2025-08-15T22:14:04.492-0500	DEBUG	protocol/handler.go:1649	have all messages and processed	{"{round 20 3  <nil>}": {"Key":"self","Type":15,"Integer":0,"String":"a","Interface":null}}
2025-08-15T22:14:04.492-0500	DEBUG	protocol/handler.go:596	round already finalized
2025-08-15T22:14:04.492-0500	DEBUG	protocol/handler.go:581	tryAdvanceRound called	{"{current_round 20 3  <nil>}": {"Key":"self","Type":15,"Integer":0,"String":"a","Interface":null}}
2025-08-15T22:14:04.492-0500	DEBUG	protocol/handler.go:1591	have processed broadcast	{"{round 20 3  <nil>}": {"Key":"from","Type":15,"Integer":0,"String":"b","Interface":null}}
2025-08-15T22:14:04.493-0500	DEBUG	protocol/handler.go:1649	have all messages and processed	{"{round 20 3  <nil>}": {"Key":"self","Type":15,"Integer":0,"String":"a","Interface":null}}
2025-08-15T22:14:04.493-0500	DEBUG	protocol/handler.go:596	round already finalized
2025-08-15T22:14:04.504-0500	DEBUG	protocol/handler.go:581	tryAdvanceRound called	{"{current_round 20 3  <nil>}": {"Key":"self","Type":15,"Integer":0,"String":"b","Interface":null}}
2025-08-15T22:14:04.504-0500	DEBUG	protocol/handler.go:1591	have processed broadcast	{"{round 20 3  <nil>}": {"Key":"from","Type":15,"Integer":0,"String":"a","Interface":null}}
2025-08-15T22:14:04.504-0500	DEBUG	protocol/handler.go:1649	have all messages and processed	{"{round 20 3  <nil>}": {"Key":"self","Type":15,"Integer":0,"String":"b","Interface":null}}
2025-08-15T22:14:04.504-0500	DEBUG	protocol/handler.go:596	round already finalized
2025-08-15T22:14:04.516-0500	DEBUG	protocol/handler.go:581	tryAdvanceRound called	{"{current_round 20 3  <nil>}": {"Key":"self","Type":15,"Integer":0,"String":"a","Interface":null}}
2025-08-15T22:14:04.516-0500	DEBUG	protocol/handler.go:1591	have processed broadcast	{"{round 20 3  <nil>}": {"Key":"from","Type":15,"Integer":0,"String":"b","Interface":null}}
2025-08-15T22:14:04.516-0500	DEBUG	protocol/handler.go:1649	have all messages and processed	{"{round 20 3  <nil>}": {"Key":"self","Type":15,"Integer":0,"String":"a","Interface":null}}
2025-08-15T22:14:04.516-0500	DEBUG	protocol/handler.go:596	round already finalized
2025-08-15T22:14:04.526-0500	DEBUG	protocol/handler.go:581	tryAdvanceRound called	{"{current_round 20 3  <nil>}": {"Key":"self","Type":15,"Integer":0,"String":"b","Interface":null}}
2025-08-15T22:14:04.526-0500	DEBUG	protocol/handler.go:1591	have processed broadcast	{"{round 20 3  <nil>}": {"Key":"from","Type":15,"Integer":0,"String":"a","Interface":null}}
2025-08-15T22:14:04.526-0500	DEBUG	protocol/handler.go:1649	have all messages and processed	{"{round 20 3  <nil>}": {"Key":"self","Type":15,"Integer":0,"String":"b","Interface":null}}
2025-08-15T22:14:04.526-0500	DEBUG	protocol/handler.go:596	round already finalized
2025-08-15T22:14:04.539-0500	DEBUG	protocol/handler.go:581	tryAdvanceRound called	{"{current_round 20 5  <nil>}": {"Key":"self","Type":15,"Integer":0,"String":"b","Interface":null}}
2025-08-15T22:14:04.539-0500	DEBUG	protocol/handler.go:1600	waiting for broadcasts	{"{round 20 5  <nil>}": {"Key":"missing","Type":15,"Integer":0,"String":"[a c]","Interface":null}}
2025-08-15T22:14:04.539-0500	DEBUG	protocol/handler.go:581	tryAdvanceRound called	{"{current_round 20 5  <nil>}": {"Key":"self","Type":15,"Integer":0,"String":"b","Interface":null}}
2025-08-15T22:14:04.539-0500	DEBUG	protocol/handler.go:1600	waiting for broadcasts	{"{round 20 5  <nil>}": {"Key":"missing","Type":15,"Integer":0,"String":"[a c]","Interface":null}}
2025-08-15T22:14:04.539-0500	DEBUG	protocol/handler.go:581	tryAdvanceRound called	{"{current_round 20 3  <nil>}": {"Key":"self","Type":15,"Integer":0,"String":"a","Interface":null}}
2025-08-15T22:14:04.540-0500	DEBUG	protocol/handler.go:1591	have processed broadcast	{"{round 20 3  <nil>}": {"Key":"from","Type":15,"Integer":0,"String":"b","Interface":null}}
2025-08-15T22:14:04.540-0500	DEBUG	protocol/handler.go:1649	have all messages and processed	{"{round 20 3  <nil>}": {"Key":"self","Type":15,"Integer":0,"String":"a","Interface":null}}
2025-08-15T22:14:04.540-0500	DEBUG	protocol/handler.go:596	round already finalized
2025-08-15T22:14:04.540-0500	DEBUG	protocol/handler.go:581	tryAdvanceRound called	{"{current_round 20 3  <nil>}": {"Key":"self","Type":15,"Integer":0,"String":"a","Interface":null}}
2025-08-15T22:14:04.540-0500	DEBUG	protocol/handler.go:1591	have processed broadcast	{"{round 20 3  <nil>}": {"Key":"from","Type":15,"Integer":0,"String":"b","Interface":null}}
2025-08-15T22:14:04.540-0500	DEBUG	protocol/handler.go:1649	have all messages and processed	{"{round 20 3  <nil>}": {"Key":"self","Type":15,"Integer":0,"String":"a","Interface":null}}
2025-08-15T22:14:04.540-0500	DEBUG	protocol/handler.go:596	round already finalized
2025-08-15T22:14:04.559-0500	DEBUG	protocol/handler.go:581	tryAdvanceRound called	{"{current_round 20 3  <nil>}": {"Key":"self","Type":15,"Integer":0,"String":"a","Interface":null}}
2025-08-15T22:14:04.560-0500	DEBUG	protocol/handler.go:1591	have processed broadcast	{"{round 20 3  <nil>}": {"Key":"from","Type":15,"Integer":0,"String":"b","Interface":null}}
2025-08-15T22:14:04.560-0500	DEBUG	protocol/handler.go:1649	have all messages and processed	{"{round 20 3  <nil>}": {"Key":"self","Type":15,"Integer":0,"String":"a","Interface":null}}
2025-08-15T22:14:04.560-0500	DEBUG	protocol/handler.go:596	round already finalized
2025-08-15T22:14:04.572-0500	DEBUG	protocol/handler.go:581	tryAdvanceRound called	{"{current_round 20 3  <nil>}": {"Key":"self","Type":15,"Integer":0,"String":"b","Interface":null}}
2025-08-15T22:14:04.572-0500	DEBUG	protocol/handler.go:1591	have processed broadcast	{"{round 20 3  <nil>}": {"Key":"from","Type":15,"Integer":0,"String":"a","Interface":null}}
2025-08-15T22:14:04.572-0500	DEBUG	protocol/handler.go:1649	have all messages and processed	{"{round 20 3  <nil>}": {"Key":"self","Type":15,"Integer":0,"String":"b","Interface":null}}
2025-08-15T22:14:04.572-0500	DEBUG	protocol/handler.go:596	round already finalized
2025-08-15T22:14:04.572-0500	DEBUG	protocol/handler.go:581	tryAdvanceRound called	{"{current_round 20 3  <nil>}": {"Key":"self","Type":15,"Integer":0,"String":"b","Interface":null}}
2025-08-15T22:14:04.572-0500	DEBUG	protocol/handler.go:1591	have processed broadcast	{"{round 20 3  <nil>}": {"Key":"from","Type":15,"Integer":0,"String":"a","Interface":null}}
2025-08-15T22:14:04.572-0500	DEBUG	protocol/handler.go:1649	have all messages and processed	{"{round 20 3  <nil>}": {"Key":"self","Type":15,"Integer":0,"String":"b","Interface":null}}
2025-08-15T22:14:04.572-0500	DEBUG	protocol/handler.go:596	round already finalized
2025-08-15T22:14:04.607-0500	DEBUG	protocol/handler.go:581	tryAdvanceRound called	{"{current_round 20 5  <nil>}": {"Key":"self","Type":15,"Integer":0,"String":"b","Interface":null}}
2025-08-15T22:14:04.607-0500	DEBUG	protocol/handler.go:1600	waiting for broadcasts	{"{round 20 5  <nil>}": {"Key":"missing","Type":15,"Integer":0,"String":"[a c]","Interface":null}}
2025-08-15T22:14:04.607-0500	DEBUG	protocol/handler.go:581	tryAdvanceRound called	{"{current_round 20 5  <nil>}": {"Key":"self","Type":15,"Integer":0,"String":"b","Interface":null}}
2025-08-15T22:14:04.607-0500	DEBUG	protocol/handler.go:1600	waiting for broadcasts	{"{round 20 5  <nil>}": {"Key":"missing","Type":15,"Integer":0,"String":"[a c]","Interface":null}}
2025-08-15T22:14:04.607-0500	DEBUG	protocol/handler.go:581	tryAdvanceRound called	{"{current_round 20 3  <nil>}": {"Key":"self","Type":15,"Integer":0,"String":"a","Interface":null}}
2025-08-15T22:14:04.607-0500	DEBUG	protocol/handler.go:1591	have processed broadcast	{"{round 20 3  <nil>}": {"Key":"from","Type":15,"Integer":0,"String":"b","Interface":null}}
2025-08-15T22:14:04.607-0500	DEBUG	protocol/handler.go:1649	have all messages and processed	{"{round 20 3  <nil>}": {"Key":"self","Type":15,"Integer":0,"String":"a","Interface":null}}
2025-08-15T22:14:04.607-0500	DEBUG	protocol/handler.go:596	round already finalized
2025-08-15T22:14:04.607-0500	DEBUG	protocol/handler.go:581	tryAdvanceRound called	{"{current_round 20 3  <nil>}": {"Key":"self","Type":15,"Integer":0,"String":"a","Interface":null}}
2025-08-15T22:14:04.608-0500	DEBUG	protocol/handler.go:1591	have processed broadcast	{"{round 20 3  <nil>}": {"Key":"from","Type":15,"Integer":0,"String":"b","Interface":null}}
2025-08-15T22:14:04.608-0500	DEBUG	protocol/handler.go:1649	have all messages and processed	{"{round 20 3  <nil>}": {"Key":"self","Type":15,"Integer":0,"String":"a","Interface":null}}
2025-08-15T22:14:04.608-0500	DEBUG	protocol/handler.go:596	round already finalized
2025-08-15T22:14:04.622-0500	DEBUG	protocol/handler.go:581	tryAdvanceRound called	{"{current_round 20 3  <nil>}": {"Key":"self","Type":15,"Integer":0,"String":"b","Interface":null}}
2025-08-15T22:14:04.622-0500	DEBUG	protocol/handler.go:1591	have processed broadcast	{"{round 20 3  <nil>}": {"Key":"from","Type":15,"Integer":0,"String":"a","Interface":null}}
2025-08-15T22:14:04.623-0500	DEBUG	protocol/handler.go:1649	have all messages and processed	{"{round 20 3  <nil>}": {"Key":"self","Type":15,"Integer":0,"String":"b","Interface":null}}
2025-08-15T22:14:04.623-0500	DEBUG	protocol/handler.go:596	round already finalized
2025-08-15T22:14:04.623-0500	DEBUG	protocol/handler.go:581	tryAdvanceRound called	{"{current_round 20 3  <nil>}": {"Key":"self","Type":15,"Integer":0,"String":"b","Interface":null}}
2025-08-15T22:14:04.623-0500	DEBUG	protocol/handler.go:1591	have processed broadcast	{"{round 20 3  <nil>}": {"Key":"from","Type":15,"Integer":0,"String":"a","Interface":null}}
2025-08-15T22:14:04.623-0500	DEBUG	protocol/handler.go:1649	have all messages and processed	{"{round 20 3  <nil>}": {"Key":"self","Type":15,"Integer":0,"String":"b","Interface":null}}
2025-08-15T22:14:04.623-0500	DEBUG	protocol/handler.go:596	round already finalized
2025-08-15T22:14:04.632-0500	DEBUG	protocol/handler.go:581	tryAdvanceRound called	{"{current_round 20 5  <nil>}": {"Key":"self","Type":15,"Integer":0,"String":"b","Interface":null}}
2025-08-15T22:14:04.632-0500	DEBUG	protocol/handler.go:1600	waiting for broadcasts	{"{round 20 5  <nil>}": {"Key":"missing","Type":15,"Integer":0,"String":"[a c]","Interface":null}}
2025-08-15T22:14:04.645-0500	DEBUG	protocol/handler.go:581	tryAdvanceRound called	{"{current_round 20 3  <nil>}": {"Key":"self","Type":15,"Integer":0,"String":"b","Interface":null}}
2025-08-15T22:14:04.645-0500	DEBUG	protocol/handler.go:1591	have processed broadcast	{"{round 20 3  <nil>}": {"Key":"from","Type":15,"Integer":0,"String":"a","Interface":null}}
2025-08-15T22:14:04.645-0500	DEBUG	protocol/handler.go:1649	have all messages and processed	{"{round 20 3  <nil>}": {"Key":"self","Type":15,"Integer":0,"String":"b","Interface":null}}
2025-08-15T22:14:04.645-0500	DEBUG	protocol/handler.go:596	round already finalized
2025-08-15T22:14:04.656-0500	DEBUG	protocol/handler.go:581	tryAdvanceRound called	{"{current_round 20 5  <nil>}": {"Key":"self","Type":15,"Integer":0,"String":"b","Interface":null}}
2025-08-15T22:14:04.656-0500	DEBUG	protocol/handler.go:1600	waiting for broadcasts	{"{round 20 5  <nil>}": {"Key":"missing","Type":15,"Integer":0,"String":"[a c]","Interface":null}}
2025-08-15T22:14:04.656-0500	DEBUG	protocol/handler.go:581	tryAdvanceRound called	{"{current_round 20 3  <nil>}": {"Key":"self","Type":15,"Integer":0,"String":"a","Interface":null}}
2025-08-15T22:14:04.656-0500	DEBUG	protocol/handler.go:1591	have processed broadcast	{"{round 20 3  <nil>}": {"Key":"from","Type":15,"Integer":0,"String":"b","Interface":null}}
2025-08-15T22:14:04.656-0500	DEBUG	protocol/handler.go:1649	have all messages and processed	{"{round 20 3  <nil>}": {"Key":"self","Type":15,"Integer":0,"String":"a","Interface":null}}
2025-08-15T22:14:04.656-0500	DEBUG	protocol/handler.go:596	round already finalized
2025-08-15T22:14:04.656-0500	DEBUG	protocol/handler.go:581	tryAdvanceRound called	{"{current_round 20 3  <nil>}": {"Key":"self","Type":15,"Integer":0,"String":"a","Interface":null}}
2025-08-15T22:14:04.656-0500	DEBUG	protocol/handler.go:1591	have processed broadcast	{"{round 20 3  <nil>}": {"Key":"from","Type":15,"Integer":0,"String":"b","Interface":null}}
2025-08-15T22:14:04.656-0500	DEBUG	protocol/handler.go:1649	have all messages and processed	{"{round 20 3  <nil>}": {"Key":"self","Type":15,"Integer":0,"String":"a","Interface":null}}
2025-08-15T22:14:04.656-0500	DEBUG	protocol/handler.go:596	round already finalized
2025-08-15T22:14:04.667-0500	DEBUG	protocol/handler.go:581	tryAdvanceRound called	{"{current_round 20 3  <nil>}": {"Key":"self","Type":15,"Integer":0,"String":"b","Interface":null}}
2025-08-15T22:14:04.667-0500	DEBUG	protocol/handler.go:1591	have processed broadcast	{"{round 20 3  <nil>}": {"Key":"from","Type":15,"Integer":0,"String":"a","Interface":null}}
2025-08-15T22:14:04.667-0500	DEBUG	protocol/handler.go:1649	have all messages and processed	{"{round 20 3  <nil>}": {"Key":"self","Type":15,"Integer":0,"String":"b","Interface":null}}
2025-08-15T22:14:04.667-0500	DEBUG	protocol/handler.go:596	round already finalized
2025-08-15T22:14:04.702-0500	DEBUG	protocol/handler.go:581	tryAdvanceRound called	{"{current_round 20 3  <nil>}": {"Key":"self","Type":15,"Integer":0,"String":"a","Interface":null}}
2025-08-15T22:14:04.702-0500	DEBUG	protocol/handler.go:1591	have processed broadcast	{"{round 20 3  <nil>}": {"Key":"from","Type":15,"Integer":0,"String":"b","Interface":null}}
2025-08-15T22:14:04.702-0500	DEBUG	protocol/handler.go:1649	have all messages and processed	{"{round 20 3  <nil>}": {"Key":"self","Type":15,"Integer":0,"String":"a","Interface":null}}
2025-08-15T22:14:04.702-0500	DEBUG	protocol/handler.go:596	round already finalized
2025-08-15T22:14:04.702-0500	DEBUG	protocol/handler.go:581	tryAdvanceRound called	{"{current_round 20 3  <nil>}": {"Key":"self","Type":15,"Integer":0,"String":"a","Interface":null}}
2025-08-15T22:14:04.702-0500	DEBUG	protocol/handler.go:1591	have processed broadcast	{"{round 20 3  <nil>}": {"Key":"from","Type":15,"Integer":0,"String":"b","Interface":null}}
2025-08-15T22:14:04.702-0500	DEBUG	protocol/handler.go:1649	have all messages and processed	{"{round 20 3  <nil>}": {"Key":"self","Type":15,"Integer":0,"String":"a","Interface":null}}
2025-08-15T22:14:04.702-0500	DEBUG	protocol/handler.go:596	round already finalized
2025-08-15T22:14:04.702-0500	DEBUG	protocol/handler.go:581	tryAdvanceRound called	{"{current_round 20 5  <nil>}": {"Key":"self","Type":15,"Integer":0,"String":"b","Interface":null}}
2025-08-15T22:14:04.702-0500	DEBUG	protocol/handler.go:1600	waiting for broadcasts	{"{round 20 5  <nil>}": {"Key":"missing","Type":15,"Integer":0,"String":"[a c]","Interface":null}}
2025-08-15T22:14:04.702-0500	DEBUG	protocol/handler.go:581	tryAdvanceRound called	{"{current_round 20 5  <nil>}": {"Key":"self","Type":15,"Integer":0,"String":"b","Interface":null}}
2025-08-15T22:14:04.702-0500	DEBUG	protocol/handler.go:1600	waiting for broadcasts	{"{round 20 5  <nil>}": {"Key":"missing","Type":15,"Integer":0,"String":"[a c]","Interface":null}}
2025-08-15T22:14:04.713-0500	DEBUG	protocol/handler.go:581	tryAdvanceRound called	{"{current_round 20 3  <nil>}": {"Key":"self","Type":15,"Integer":0,"String":"b","Interface":null}}
2025-08-15T22:14:04.713-0500	DEBUG	protocol/handler.go:1591	have processed broadcast	{"{round 20 3  <nil>}": {"Key":"from","Type":15,"Integer":0,"String":"a","Interface":null}}
2025-08-15T22:14:04.713-0500	DEBUG	protocol/handler.go:1649	have all messages and processed	{"{round 20 3  <nil>}": {"Key":"self","Type":15,"Integer":0,"String":"b","Interface":null}}
2025-08-15T22:14:04.713-0500	DEBUG	protocol/handler.go:596	round already finalized
2025-08-15T22:14:04.713-0500	DEBUG	protocol/handler.go:581	tryAdvanceRound called	{"{current_round 20 3  <nil>}": {"Key":"self","Type":15,"Integer":0,"String":"b","Interface":null}}
2025-08-15T22:14:04.713-0500	DEBUG	protocol/handler.go:1591	have processed broadcast	{"{round 20 3  <nil>}": {"Key":"from","Type":15,"Integer":0,"String":"a","Interface":null}}
2025-08-15T22:14:04.713-0500	DEBUG	protocol/handler.go:1649	have all messages and processed	{"{round 20 3  <nil>}": {"Key":"self","Type":15,"Integer":0,"String":"b","Interface":null}}
2025-08-15T22:14:04.713-0500	DEBUG	protocol/handler.go:596	round already finalized
2025-08-15T22:14:04.726-0500	DEBUG	protocol/handler.go:581	tryAdvanceRound called	{"{current_round 20 5  <nil>}": {"Key":"self","Type":15,"Integer":0,"String":"b","Interface":null}}
2025-08-15T22:14:04.726-0500	DEBUG	protocol/handler.go:1600	waiting for broadcasts	{"{round 20 5  <nil>}": {"Key":"missing","Type":15,"Integer":0,"String":"[a c]","Interface":null}}
2025-08-15T22:14:04.748-0500	DEBUG	protocol/handler.go:581	tryAdvanceRound called	{"{current_round 20 5  <nil>}": {"Key":"self","Type":15,"Integer":0,"String":"b","Interface":null}}
2025-08-15T22:14:04.748-0500	DEBUG	protocol/handler.go:1600	waiting for broadcasts	{"{round 20 5  <nil>}": {"Key":"missing","Type":15,"Integer":0,"String":"[a c]","Interface":null}}
2025-08-15T22:14:04.748-0500	DEBUG	protocol/handler.go:581	tryAdvanceRound called	{"{current_round 20 3  <nil>}": {"Key":"self","Type":15,"Integer":0,"String":"a","Interface":null}}
2025-08-15T22:14:04.749-0500	DEBUG	protocol/handler.go:1591	have processed broadcast	{"{round 20 3  <nil>}": {"Key":"from","Type":15,"Integer":0,"String":"b","Interface":null}}
2025-08-15T22:14:04.749-0500	DEBUG	protocol/handler.go:1649	have all messages and processed	{"{round 20 3  <nil>}": {"Key":"self","Type":15,"Integer":0,"String":"a","Interface":null}}
2025-08-15T22:14:04.749-0500	DEBUG	protocol/handler.go:596	round already finalized
2025-08-15T22:14:04.749-0500	DEBUG	protocol/handler.go:581	tryAdvanceRound called	{"{current_round 20 3  <nil>}": {"Key":"self","Type":15,"Integer":0,"String":"a","Interface":null}}
2025-08-15T22:14:04.749-0500	DEBUG	protocol/handler.go:1591	have processed broadcast	{"{round 20 3  <nil>}": {"Key":"from","Type":15,"Integer":0,"String":"b","Interface":null}}
2025-08-15T22:14:04.749-0500	DEBUG	protocol/handler.go:1649	have all messages and processed	{"{round 20 3  <nil>}": {"Key":"self","Type":15,"Integer":0,"String":"a","Interface":null}}
2025-08-15T22:14:04.749-0500	DEBUG	protocol/handler.go:596	round already finalized
2025-08-15T22:14:04.750-0500	DEBUG	protocol/handler.go:581	tryAdvanceRound called	{"{current_round 20 3  <nil>}": {"Key":"self","Type":15,"Integer":0,"String":"a","Interface":null}}
2025-08-15T22:14:04.750-0500	DEBUG	protocol/handler.go:1591	have processed broadcast	{"{round 20 3  <nil>}": {"Key":"from","Type":15,"Integer":0,"String":"b","Interface":null}}
2025-08-15T22:14:04.750-0500	DEBUG	protocol/handler.go:1649	have all messages and processed	{"{round 20 3  <nil>}": {"Key":"self","Type":15,"Integer":0,"String":"a","Interface":null}}
2025-08-15T22:14:04.750-0500	DEBUG	protocol/handler.go:596	round already finalized
2025-08-15T22:14:04.761-0500	DEBUG	protocol/handler.go:581	tryAdvanceRound called	{"{current_round 20 3  <nil>}": {"Key":"self","Type":15,"Integer":0,"String":"b","Interface":null}}
2025-08-15T22:14:04.761-0500	DEBUG	protocol/handler.go:1591	have processed broadcast	{"{round 20 3  <nil>}": {"Key":"from","Type":15,"Integer":0,"String":"a","Interface":null}}
2025-08-15T22:14:04.761-0500	DEBUG	protocol/handler.go:1649	have all messages and processed	{"{round 20 3  <nil>}": {"Key":"self","Type":15,"Integer":0,"String":"b","Interface":null}}
2025-08-15T22:14:04.761-0500	DEBUG	protocol/handler.go:596	round already finalized
2025-08-15T22:14:04.761-0500	DEBUG	protocol/handler.go:581	tryAdvanceRound called	{"{current_round 20 3  <nil>}": {"Key":"self","Type":15,"Integer":0,"String":"b","Interface":null}}
2025-08-15T22:14:04.761-0500	DEBUG	protocol/handler.go:1591	have processed broadcast	{"{round 20 3  <nil>}": {"Key":"from","Type":15,"Integer":0,"String":"a","Interface":null}}
2025-08-15T22:14:04.761-0500	DEBUG	protocol/handler.go:1649	have all messages and processed	{"{round 20 3  <nil>}": {"Key":"self","Type":15,"Integer":0,"String":"b","Interface":null}}
2025-08-15T22:14:04.761-0500	DEBUG	protocol/handler.go:596	round already finalized
2025-08-15T22:14:04.773-0500	DEBUG	protocol/handler.go:581	tryAdvanceRound called	{"{current_round 20 5  <nil>}": {"Key":"self","Type":15,"Integer":0,"String":"b","Interface":null}}
2025-08-15T22:14:04.773-0500	DEBUG	protocol/handler.go:1600	waiting for broadcasts	{"{round 20 5  <nil>}": {"Key":"missing","Type":15,"Integer":0,"String":"[a c]","Interface":null}}
2025-08-15T22:14:04.784-0500	DEBUG	protocol/handler.go:581	tryAdvanceRound called	{"{current_round 20 3  <nil>}": {"Key":"self","Type":15,"Integer":0,"String":"a","Interface":null}}
2025-08-15T22:14:04.784-0500	DEBUG	protocol/handler.go:1591	have processed broadcast	{"{round 20 3  <nil>}": {"Key":"from","Type":15,"Integer":0,"String":"b","Interface":null}}
2025-08-15T22:14:04.784-0500	DEBUG	protocol/handler.go:1649	have all messages and processed	{"{round 20 3  <nil>}": {"Key":"self","Type":15,"Integer":0,"String":"a","Interface":null}}
2025-08-15T22:14:04.784-0500	DEBUG	protocol/handler.go:596	round already finalized
2025-08-15T22:14:04.784-0500	DEBUG	protocol/handler.go:581	tryAdvanceRound called	{"{current_round 20 3  <nil>}": {"Key":"self","Type":15,"Integer":0,"String":"a","Interface":null}}
2025-08-15T22:14:04.785-0500	DEBUG	protocol/handler.go:1591	have processed broadcast	{"{round 20 3  <nil>}": {"Key":"from","Type":15,"Integer":0,"String":"b","Interface":null}}
2025-08-15T22:14:04.785-0500	DEBUG	protocol/handler.go:1649	have all messages and processed	{"{round 20 3  <nil>}": {"Key":"self","Type":15,"Integer":0,"String":"a","Interface":null}}
2025-08-15T22:14:04.785-0500	DEBUG	protocol/handler.go:596	round already finalized
2025-08-15T22:14:04.785-0500	DEBUG	protocol/handler.go:581	tryAdvanceRound called	{"{current_round 20 5  <nil>}": {"Key":"self","Type":15,"Integer":0,"String":"b","Interface":null}}
2025-08-15T22:14:04.785-0500	DEBUG	protocol/handler.go:1600	waiting for broadcasts	{"{round 20 5  <nil>}": {"Key":"missing","Type":15,"Integer":0,"String":"[a c]","Interface":null}}
2025-08-15T22:14:04.807-0500	DEBUG	protocol/handler.go:581	tryAdvanceRound called	{"{current_round 20 3  <nil>}": {"Key":"self","Type":15,"Integer":0,"String":"b","Interface":null}}
2025-08-15T22:14:04.808-0500	DEBUG	protocol/handler.go:1591	have processed broadcast	{"{round 20 3  <nil>}": {"Key":"from","Type":15,"Integer":0,"String":"a","Interface":null}}
2025-08-15T22:14:04.808-0500	DEBUG	protocol/handler.go:1649	have all messages and processed	{"{round 20 3  <nil>}": {"Key":"self","Type":15,"Integer":0,"String":"b","Interface":null}}
2025-08-15T22:14:04.808-0500	DEBUG	protocol/handler.go:596	round already finalized
2025-08-15T22:14:04.808-0500	DEBUG	protocol/handler.go:581	tryAdvanceRound called	{"{current_round 20 3  <nil>}": {"Key":"self","Type":15,"Integer":0,"String":"b","Interface":null}}
2025-08-15T22:14:04.808-0500	DEBUG	protocol/handler.go:1591	have processed broadcast	{"{round 20 3  <nil>}": {"Key":"from","Type":15,"Integer":0,"String":"a","Interface":null}}
2025-08-15T22:14:04.808-0500	DEBUG	protocol/handler.go:1649	have all messages and processed	{"{round 20 3  <nil>}": {"Key":"self","Type":15,"Integer":0,"String":"b","Interface":null}}
2025-08-15T22:14:04.808-0500	DEBUG	protocol/handler.go:596	round already finalized
2025-08-15T22:14:04.831-0500	DEBUG	protocol/handler.go:581	tryAdvanceRound called	{"{current_round 20 5  <nil>}": {"Key":"self","Type":15,"Integer":0,"String":"b","Interface":null}}
2025-08-15T22:14:04.832-0500	DEBUG	protocol/handler.go:1600	waiting for broadcasts	{"{round 20 5  <nil>}": {"Key":"missing","Type":15,"Integer":0,"String":"[a c]","Interface":null}}
2025-08-15T22:14:04.832-0500	DEBUG	protocol/handler.go:581	tryAdvanceRound called	{"{current_round 20 5  <nil>}": {"Key":"self","Type":15,"Integer":0,"String":"b","Interface":null}}
2025-08-15T22:14:04.832-0500	DEBUG	protocol/handler.go:1600	waiting for broadcasts	{"{round 20 5  <nil>}": {"Key":"missing","Type":15,"Integer":0,"String":"[a c]","Interface":null}}
2025-08-15T22:14:04.832-0500	DEBUG	protocol/handler.go:581	tryAdvanceRound called	{"{current_round 20 3  <nil>}": {"Key":"self","Type":15,"Integer":0,"String":"a","Interface":null}}
2025-08-15T22:14:04.832-0500	DEBUG	protocol/handler.go:1591	have processed broadcast	{"{round 20 3  <nil>}": {"Key":"from","Type":15,"Integer":0,"String":"b","Interface":null}}
2025-08-15T22:14:04.832-0500	DEBUG	protocol/handler.go:1649	have all messages and processed	{"{round 20 3  <nil>}": {"Key":"self","Type":15,"Integer":0,"String":"a","Interface":null}}
2025-08-15T22:14:04.832-0500	DEBUG	protocol/handler.go:596	round already finalized
2025-08-15T22:14:04.832-0500	DEBUG	protocol/handler.go:581	tryAdvanceRound called	{"{current_round 20 3  <nil>}": {"Key":"self","Type":15,"Integer":0,"String":"a","Interface":null}}
2025-08-15T22:14:04.832-0500	DEBUG	protocol/handler.go:1591	have processed broadcast	{"{round 20 3  <nil>}": {"Key":"from","Type":15,"Integer":0,"String":"b","Interface":null}}
2025-08-15T22:14:04.832-0500	DEBUG	protocol/handler.go:1649	have all messages and processed	{"{round 20 3  <nil>}": {"Key":"self","Type":15,"Integer":0,"String":"a","Interface":null}}
2025-08-15T22:14:04.832-0500	DEBUG	protocol/handler.go:596	round already finalized
2025-08-15T22:14:04.857-0500	DEBUG	protocol/handler.go:581	tryAdvanceRound called	{"{current_round 20 3  <nil>}": {"Key":"self","Type":15,"Integer":0,"String":"b","Interface":null}}
2025-08-15T22:14:04.857-0500	DEBUG	protocol/handler.go:581	tryAdvanceRound called	{"{current_round 20 3  <nil>}": {"Key":"self","Type":15,"Integer":0,"String":"a","Interface":null}}
2025-08-15T22:14:04.857-0500	DEBUG	protocol/handler.go:1591	have processed broadcast	{"{round 20 3  <nil>}": {"Key":"from","Type":15,"Integer":0,"String":"a","Interface":null}}
2025-08-15T22:14:04.857-0500	DEBUG	protocol/handler.go:1649	have all messages and processed	{"{round 20 3  <nil>}": {"Key":"self","Type":15,"Integer":0,"String":"b","Interface":null}}
2025-08-15T22:14:04.857-0500	DEBUG	protocol/handler.go:1591	have processed broadcast	{"{round 20 3  <nil>}": {"Key":"from","Type":15,"Integer":0,"String":"b","Interface":null}}
2025-08-15T22:14:04.857-0500	DEBUG	protocol/handler.go:596	round already finalized
2025-08-15T22:14:04.857-0500	DEBUG	protocol/handler.go:1649	have all messages and processed	{"{round 20 3  <nil>}": {"Key":"self","Type":15,"Integer":0,"String":"a","Interface":null}}
2025-08-15T22:14:04.857-0500	DEBUG	protocol/handler.go:581	tryAdvanceRound called	{"{current_round 20 3  <nil>}": {"Key":"self","Type":15,"Integer":0,"String":"b","Interface":null}}
2025-08-15T22:14:04.857-0500	DEBUG	protocol/handler.go:596	round already finalized
2025-08-15T22:14:04.857-0500	DEBUG	protocol/handler.go:1591	have processed broadcast	{"{round 20 3  <nil>}": {"Key":"from","Type":15,"Integer":0,"String":"a","Interface":null}}
2025-08-15T22:14:04.857-0500	DEBUG	protocol/handler.go:1649	have all messages and processed	{"{round 20 3  <nil>}": {"Key":"self","Type":15,"Integer":0,"String":"b","Interface":null}}
2025-08-15T22:14:04.857-0500	DEBUG	protocol/handler.go:596	round already finalized
2025-08-15T22:14:04.880-0500	DEBUG	protocol/handler.go:581	tryAdvanceRound called	{"{current_round 20 3  <nil>}": {"Key":"self","Type":15,"Integer":0,"String":"a","Interface":null}}
2025-08-15T22:14:04.880-0500	DEBUG	protocol/handler.go:1591	have processed broadcast	{"{round 20 3  <nil>}": {"Key":"from","Type":15,"Integer":0,"String":"b","Interface":null}}
2025-08-15T22:14:04.880-0500	DEBUG	protocol/handler.go:1649	have all messages and processed	{"{round 20 3  <nil>}": {"Key":"self","Type":15,"Integer":0,"String":"a","Interface":null}}
2025-08-15T22:14:04.880-0500	DEBUG	protocol/handler.go:596	round already finalized
2025-08-15T22:14:04.880-0500	DEBUG	protocol/handler.go:581	tryAdvanceRound called	{"{current_round 20 5  <nil>}": {"Key":"self","Type":15,"Integer":0,"String":"b","Interface":null}}
2025-08-15T22:14:04.881-0500	DEBUG	protocol/handler.go:1600	waiting for broadcasts	{"{round 20 5  <nil>}": {"Key":"missing","Type":15,"Integer":0,"String":"[a c]","Interface":null}}
2025-08-15T22:14:04.881-0500	DEBUG	protocol/handler.go:581	tryAdvanceRound called	{"{current_round 20 5  <nil>}": {"Key":"self","Type":15,"Integer":0,"String":"b","Interface":null}}
2025-08-15T22:14:04.881-0500	DEBUG	protocol/handler.go:1600	waiting for broadcasts	{"{round 20 5  <nil>}": {"Key":"missing","Type":15,"Integer":0,"String":"[a c]","Interface":null}}
2025-08-15T22:14:04.902-0500	DEBUG	protocol/handler.go:581	tryAdvanceRound called	{"{current_round 20 3  <nil>}": {"Key":"self","Type":15,"Integer":0,"String":"b","Interface":null}}
2025-08-15T22:14:04.902-0500	DEBUG	protocol/handler.go:581	tryAdvanceRound called	{"{current_round 20 5  <nil>}": {"Key":"self","Type":15,"Integer":0,"String":"b","Interface":null}}
2025-08-15T22:14:04.902-0500	DEBUG	protocol/handler.go:1591	have processed broadcast	{"{round 20 3  <nil>}": {"Key":"from","Type":15,"Integer":0,"String":"a","Interface":null}}
2025-08-15T22:14:04.902-0500	DEBUG	protocol/handler.go:1600	waiting for broadcasts	{"{round 20 5  <nil>}": {"Key":"missing","Type":15,"Integer":0,"String":"[a c]","Interface":null}}
2025-08-15T22:14:04.902-0500	DEBUG	protocol/handler.go:1649	have all messages and processed	{"{round 20 3  <nil>}": {"Key":"self","Type":15,"Integer":0,"String":"b","Interface":null}}
2025-08-15T22:14:04.902-0500	DEBUG	protocol/handler.go:596	round already finalized
2025-08-15T22:14:04.902-0500	DEBUG	protocol/handler.go:581	tryAdvanceRound called	{"{current_round 20 3  <nil>}": {"Key":"self","Type":15,"Integer":0,"String":"b","Interface":null}}
2025-08-15T22:14:04.902-0500	DEBUG	protocol/handler.go:1591	have processed broadcast	{"{round 20 3  <nil>}": {"Key":"from","Type":15,"Integer":0,"String":"a","Interface":null}}
2025-08-15T22:14:04.902-0500	DEBUG	protocol/handler.go:1649	have all messages and processed	{"{round 20 3  <nil>}": {"Key":"self","Type":15,"Integer":0,"String":"b","Interface":null}}
2025-08-15T22:14:04.902-0500	DEBUG	protocol/handler.go:596	round already finalized
2025-08-15T22:14:04.926-0500	DEBUG	protocol/handler.go:581	tryAdvanceRound called	{"{current_round 20 3  <nil>}": {"Key":"self","Type":15,"Integer":0,"String":"b","Interface":null}}
2025-08-15T22:14:04.926-0500	DEBUG	protocol/handler.go:581	tryAdvanceRound called	{"{current_round 20 3  <nil>}": {"Key":"self","Type":15,"Integer":0,"String":"a","Interface":null}}
2025-08-15T22:14:04.926-0500	DEBUG	protocol/handler.go:1591	have processed broadcast	{"{round 20 3  <nil>}": {"Key":"from","Type":15,"Integer":0,"String":"a","Interface":null}}
2025-08-15T22:14:04.926-0500	DEBUG	protocol/handler.go:1649	have all messages and processed	{"{round 20 3  <nil>}": {"Key":"self","Type":15,"Integer":0,"String":"b","Interface":null}}
2025-08-15T22:14:04.926-0500	DEBUG	protocol/handler.go:596	round already finalized
2025-08-15T22:14:04.926-0500	DEBUG	protocol/handler.go:581	tryAdvanceRound called	{"{current_round 20 5  <nil>}": {"Key":"self","Type":15,"Integer":0,"String":"b","Interface":null}}
2025-08-15T22:14:04.926-0500	DEBUG	protocol/handler.go:1600	waiting for broadcasts	{"{round 20 5  <nil>}": {"Key":"missing","Type":15,"Integer":0,"String":"[a c]","Interface":null}}
2025-08-15T22:14:04.950-0500	DEBUG	protocol/handler.go:581	tryAdvanceRound called	{"{current_round 20 3  <nil>}": {"Key":"self","Type":15,"Integer":0,"String":"b","Interface":null}}
2025-08-15T22:14:04.950-0500	DEBUG	protocol/handler.go:1591	have processed broadcast	{"{round 20 3  <nil>}": {"Key":"from","Type":15,"Integer":0,"String":"a","Interface":null}}
2025-08-15T22:14:04.950-0500	DEBUG	protocol/handler.go:1649	have all messages and processed	{"{round 20 3  <nil>}": {"Key":"self","Type":15,"Integer":0,"String":"b","Interface":null}}
2025-08-15T22:14:04.950-0500	DEBUG	protocol/handler.go:596	round already finalized
2025-08-15T22:14:04.926-0500	DEBUG	protocol/handler.go:1591	have processed broadcast	{"{round 20 3  <nil>}": {"Key":"from","Type":15,"Integer":0,"String":"b","Interface":null}}
2025-08-15T22:14:04.950-0500	DEBUG	protocol/handler.go:1649	have all messages and processed	{"{round 20 3  <nil>}": {"Key":"self","Type":15,"Integer":0,"String":"a","Interface":null}}
2025-08-15T22:14:04.950-0500	DEBUG	protocol/handler.go:596	round already finalized
2025-08-15T22:14:04.950-0500	DEBUG	protocol/handler.go:581	tryAdvanceRound called	{"{current_round 20 3  <nil>}": {"Key":"self","Type":15,"Integer":0,"String":"a","Interface":null}}
2025-08-15T22:14:04.950-0500	DEBUG	protocol/handler.go:1591	have processed broadcast	{"{round 20 3  <nil>}": {"Key":"from","Type":15,"Integer":0,"String":"b","Interface":null}}
2025-08-15T22:14:04.950-0500	DEBUG	protocol/handler.go:1649	have all messages and processed	{"{round 20 3  <nil>}": {"Key":"self","Type":15,"Integer":0,"String":"a","Interface":null}}
2025-08-15T22:14:04.950-0500	DEBUG	protocol/handler.go:596	round already finalized
2025-08-15T22:14:04.973-0500	DEBUG	protocol/handler.go:581	tryAdvanceRound called	{"{current_round 20 3  <nil>}": {"Key":"self","Type":15,"Integer":0,"String":"a","Interface":null}}
2025-08-15T22:14:04.973-0500	DEBUG	protocol/handler.go:1591	have processed broadcast	{"{round 20 3  <nil>}": {"Key":"from","Type":15,"Integer":0,"String":"b","Interface":null}}
2025-08-15T22:14:04.973-0500	DEBUG	protocol/handler.go:1649	have all messages and processed	{"{round 20 3  <nil>}": {"Key":"self","Type":15,"Integer":0,"String":"a","Interface":null}}
2025-08-15T22:14:04.973-0500	DEBUG	protocol/handler.go:596	round already finalized
2025-08-15T22:14:04.974-0500	DEBUG	protocol/handler.go:581	tryAdvanceRound called	{"{current_round 20 5  <nil>}": {"Key":"self","Type":15,"Integer":0,"String":"b","Interface":null}}
2025-08-15T22:14:04.975-0500	DEBUG	protocol/handler.go:1600	waiting for broadcasts	{"{round 20 5  <nil>}": {"Key":"missing","Type":15,"Integer":0,"String":"[a c]","Interface":null}}
2025-08-15T22:14:04.975-0500	DEBUG	protocol/handler.go:581	tryAdvanceRound called	{"{current_round 20 5  <nil>}": {"Key":"self","Type":15,"Integer":0,"String":"b","Interface":null}}
2025-08-15T22:14:04.975-0500	DEBUG	protocol/handler.go:1600	waiting for broadcasts	{"{round 20 5  <nil>}": {"Key":"missing","Type":15,"Integer":0,"String":"[a c]","Interface":null}}
2025-08-15T22:14:05.007-0500	DEBUG	protocol/handler.go:581	tryAdvanceRound called	{"{current_round 20 3  <nil>}": {"Key":"self","Type":15,"Integer":0,"String":"a","Interface":null}}
2025-08-15T22:14:05.007-0500	DEBUG	protocol/handler.go:1591	have processed broadcast	{"{round 20 3  <nil>}": {"Key":"from","Type":15,"Integer":0,"String":"b","Interface":null}}
2025-08-15T22:14:05.007-0500	DEBUG	protocol/handler.go:1649	have all messages and processed	{"{round 20 3  <nil>}": {"Key":"self","Type":15,"Integer":0,"String":"a","Interface":null}}
2025-08-15T22:14:05.007-0500	DEBUG	protocol/handler.go:596	round already finalized
2025-08-15T22:14:05.007-0500	DEBUG	protocol/handler.go:581	tryAdvanceRound called	{"{current_round 20 3  <nil>}": {"Key":"self","Type":15,"Integer":0,"String":"b","Interface":null}}
2025-08-15T22:14:05.007-0500	DEBUG	protocol/handler.go:1591	have processed broadcast	{"{round 20 3  <nil>}": {"Key":"from","Type":15,"Integer":0,"String":"a","Interface":null}}
2025-08-15T22:14:05.007-0500	DEBUG	protocol/handler.go:1649	have all messages and processed	{"{round 20 3  <nil>}": {"Key":"self","Type":15,"Integer":0,"String":"b","Interface":null}}
2025-08-15T22:14:05.007-0500	DEBUG	protocol/handler.go:596	round already finalized
2025-08-15T22:14:05.007-0500	DEBUG	protocol/handler.go:581	tryAdvanceRound called	{"{current_round 20 3  <nil>}": {"Key":"self","Type":15,"Integer":0,"String":"b","Interface":null}}
2025-08-15T22:14:05.007-0500	DEBUG	protocol/handler.go:1591	have processed broadcast	{"{round 20 3  <nil>}": {"Key":"from","Type":15,"Integer":0,"String":"a","Interface":null}}
2025-08-15T22:14:05.007-0500	DEBUG	protocol/handler.go:1649	have all messages and processed	{"{round 20 3  <nil>}": {"Key":"self","Type":15,"Integer":0,"String":"b","Interface":null}}
2025-08-15T22:14:05.007-0500	DEBUG	protocol/handler.go:596	round already finalized
2025-08-15T22:14:05.023-0500	DEBUG	protocol/handler.go:581	tryAdvanceRound called	{"{current_round 20 5  <nil>}": {"Key":"self","Type":15,"Integer":0,"String":"b","Interface":null}}
2025-08-15T22:14:05.024-0500	DEBUG	protocol/handler.go:1600	waiting for broadcasts	{"{round 20 5  <nil>}": {"Key":"missing","Type":15,"Integer":0,"String":"[a c]","Interface":null}}
2025-08-15T22:14:05.024-0500	DEBUG	protocol/handler.go:581	tryAdvanceRound called	{"{current_round 20 5  <nil>}": {"Key":"self","Type":15,"Integer":0,"String":"b","Interface":null}}
2025-08-15T22:14:05.024-0500	DEBUG	protocol/handler.go:1600	waiting for broadcasts	{"{round 20 5  <nil>}": {"Key":"missing","Type":15,"Integer":0,"String":"[a c]","Interface":null}}
2025-08-15T22:14:05.032-0500	DEBUG	protocol/handler.go:581	tryAdvanceRound called	{"{current_round 20 3  <nil>}": {"Key":"self","Type":15,"Integer":0,"String":"a","Interface":null}}
2025-08-15T22:14:05.032-0500	DEBUG	protocol/handler.go:1591	have processed broadcast	{"{round 20 3  <nil>}": {"Key":"from","Type":15,"Integer":0,"String":"b","Interface":null}}
2025-08-15T22:14:05.032-0500	DEBUG	protocol/handler.go:1649	have all messages and processed	{"{round 20 3  <nil>}": {"Key":"self","Type":15,"Integer":0,"String":"a","Interface":null}}
2025-08-15T22:14:05.032-0500	DEBUG	protocol/handler.go:596	round already finalized
2025-08-15T22:14:05.055-0500	DEBUG	protocol/handler.go:581	tryAdvanceRound called	{"{current_round 20 3  <nil>}": {"Key":"self","Type":15,"Integer":0,"String":"a","Interface":null}}
2025-08-15T22:14:05.055-0500	DEBUG	protocol/handler.go:1591	have processed broadcast	{"{round 20 3  <nil>}": {"Key":"from","Type":15,"Integer":0,"String":"b","Interface":null}}
2025-08-15T22:14:05.055-0500	DEBUG	protocol/handler.go:1649	have all messages and processed	{"{round 20 3  <nil>}": {"Key":"self","Type":15,"Integer":0,"String":"a","Interface":null}}
2025-08-15T22:14:05.055-0500	DEBUG	protocol/handler.go:596	round already finalized
2025-08-15T22:14:05.055-0500	DEBUG	protocol/handler.go:581	tryAdvanceRound called	{"{current_round 20 3  <nil>}": {"Key":"self","Type":15,"Integer":0,"String":"b","Interface":null}}
2025-08-15T22:14:05.055-0500	DEBUG	protocol/handler.go:1591	have processed broadcast	{"{round 20 3  <nil>}": {"Key":"from","Type":15,"Integer":0,"String":"a","Interface":null}}
2025-08-15T22:14:05.055-0500	DEBUG	protocol/handler.go:1649	have all messages and processed	{"{round 20 3  <nil>}": {"Key":"self","Type":15,"Integer":0,"String":"b","Interface":null}}
2025-08-15T22:14:05.055-0500	DEBUG	protocol/handler.go:596	round already finalized
2025-08-15T22:14:05.056-0500	DEBUG	protocol/handler.go:581	tryAdvanceRound called	{"{current_round 20 3  <nil>}": {"Key":"self","Type":15,"Integer":0,"String":"b","Interface":null}}
2025-08-15T22:14:05.056-0500	DEBUG	protocol/handler.go:1591	have processed broadcast	{"{round 20 3  <nil>}": {"Key":"from","Type":15,"Integer":0,"String":"a","Interface":null}}
2025-08-15T22:14:05.056-0500	DEBUG	protocol/handler.go:1649	have all messages and processed	{"{round 20 3  <nil>}": {"Key":"self","Type":15,"Integer":0,"String":"b","Interface":null}}
2025-08-15T22:14:05.056-0500	DEBUG	protocol/handler.go:596	round already finalized
2025-08-15T22:14:05.068-0500	DEBUG	protocol/handler.go:581	tryAdvanceRound called	{"{current_round 20 5  <nil>}": {"Key":"self","Type":15,"Integer":0,"String":"b","Interface":null}}
2025-08-15T22:14:05.068-0500	DEBUG	protocol/handler.go:1600	waiting for broadcasts	{"{round 20 5  <nil>}": {"Key":"missing","Type":15,"Integer":0,"String":"[a c]","Interface":null}}
2025-08-15T22:14:05.068-0500	DEBUG	protocol/handler.go:581	tryAdvanceRound called	{"{current_round 20 5  <nil>}": {"Key":"self","Type":15,"Integer":0,"String":"b","Interface":null}}
2025-08-15T22:14:05.069-0500	DEBUG	protocol/handler.go:1600	waiting for broadcasts	{"{round 20 5  <nil>}": {"Key":"missing","Type":15,"Integer":0,"String":"[a c]","Interface":null}}
2025-08-15T22:14:05.080-0500	DEBUG	protocol/handler.go:581	tryAdvanceRound called	{"{current_round 20 3  <nil>}": {"Key":"self","Type":15,"Integer":0,"String":"a","Interface":null}}
2025-08-15T22:14:05.080-0500	DEBUG	protocol/handler.go:1591	have processed broadcast	{"{round 20 3  <nil>}": {"Key":"from","Type":15,"Integer":0,"String":"b","Interface":null}}
2025-08-15T22:14:05.080-0500	DEBUG	protocol/handler.go:1649	have all messages and processed	{"{round 20 3  <nil>}": {"Key":"self","Type":15,"Integer":0,"String":"a","Interface":null}}
2025-08-15T22:14:05.080-0500	DEBUG	protocol/handler.go:596	round already finalized
2025-08-15T22:14:05.103-0500	DEBUG	protocol/handler.go:581	tryAdvanceRound called	{"{current_round 20 3  <nil>}": {"Key":"self","Type":15,"Integer":0,"String":"a","Interface":null}}
2025-08-15T22:14:05.104-0500	DEBUG	protocol/handler.go:1591	have processed broadcast	{"{round 20 3  <nil>}": {"Key":"from","Type":15,"Integer":0,"String":"b","Interface":null}}
2025-08-15T22:14:05.104-0500	DEBUG	protocol/handler.go:1649	have all messages and processed	{"{round 20 3  <nil>}": {"Key":"self","Type":15,"Integer":0,"String":"a","Interface":null}}
2025-08-15T22:14:05.104-0500	DEBUG	protocol/handler.go:596	round already finalized
2025-08-15T22:14:05.104-0500	DEBUG	protocol/handler.go:581	tryAdvanceRound called	{"{current_round 20 3  <nil>}": {"Key":"self","Type":15,"Integer":0,"String":"b","Interface":null}}
2025-08-15T22:14:05.105-0500	DEBUG	protocol/handler.go:1591	have processed broadcast	{"{round 20 3  <nil>}": {"Key":"from","Type":15,"Integer":0,"String":"a","Interface":null}}
2025-08-15T22:14:05.105-0500	DEBUG	protocol/handler.go:1649	have all messages and processed	{"{round 20 3  <nil>}": {"Key":"self","Type":15,"Integer":0,"String":"b","Interface":null}}
2025-08-15T22:14:05.105-0500	DEBUG	protocol/handler.go:596	round already finalized
2025-08-15T22:14:05.105-0500	DEBUG	protocol/handler.go:581	tryAdvanceRound called	{"{current_round 20 3  <nil>}": {"Key":"self","Type":15,"Integer":0,"String":"b","Interface":null}}
2025-08-15T22:14:05.105-0500	DEBUG	protocol/handler.go:1591	have processed broadcast	{"{round 20 3  <nil>}": {"Key":"from","Type":15,"Integer":0,"String":"a","Interface":null}}
2025-08-15T22:14:05.105-0500	DEBUG	protocol/handler.go:1649	have all messages and processed	{"{round 20 3  <nil>}": {"Key":"self","Type":15,"Integer":0,"String":"b","Interface":null}}
2025-08-15T22:14:05.105-0500	DEBUG	protocol/handler.go:596	round already finalized
2025-08-15T22:14:05.114-0500	DEBUG	protocol/handler.go:581	tryAdvanceRound called	{"{current_round 20 5  <nil>}": {"Key":"self","Type":15,"Integer":0,"String":"b","Interface":null}}
2025-08-15T22:14:05.114-0500	DEBUG	protocol/handler.go:1600	waiting for broadcasts	{"{round 20 5  <nil>}": {"Key":"missing","Type":15,"Integer":0,"String":"[a c]","Interface":null}}
2025-08-15T22:14:05.114-0500	DEBUG	protocol/handler.go:581	tryAdvanceRound called	{"{current_round 20 5  <nil>}": {"Key":"self","Type":15,"Integer":0,"String":"b","Interface":null}}
2025-08-15T22:14:05.114-0500	DEBUG	protocol/handler.go:1600	waiting for broadcasts	{"{round 20 5  <nil>}": {"Key":"missing","Type":15,"Integer":0,"String":"[a c]","Interface":null}}
2025-08-15T22:14:05.138-0500	DEBUG	protocol/handler.go:581	tryAdvanceRound called	{"{current_round 20 5  <nil>}": {"Key":"self","Type":15,"Integer":0,"String":"b","Interface":null}}
2025-08-15T22:14:05.139-0500	DEBUG	protocol/handler.go:1600	waiting for broadcasts	{"{round 20 5  <nil>}": {"Key":"missing","Type":15,"Integer":0,"String":"[a c]","Interface":null}}
2025-08-15T22:14:05.151-0500	DEBUG	protocol/handler.go:581	tryAdvanceRound called	{"{current_round 20 3  <nil>}": {"Key":"self","Type":15,"Integer":0,"String":"b","Interface":null}}
2025-08-15T22:14:05.152-0500	DEBUG	protocol/handler.go:1591	have processed broadcast	{"{round 20 3  <nil>}": {"Key":"from","Type":15,"Integer":0,"String":"a","Interface":null}}
2025-08-15T22:14:05.152-0500	DEBUG	protocol/handler.go:1649	have all messages and processed	{"{round 20 3  <nil>}": {"Key":"self","Type":15,"Integer":0,"String":"b","Interface":null}}
2025-08-15T22:14:05.152-0500	DEBUG	protocol/handler.go:596	round already finalized
2025-08-15T22:14:05.152-0500	DEBUG	protocol/handler.go:581	tryAdvanceRound called	{"{current_round 20 3  <nil>}": {"Key":"self","Type":15,"Integer":0,"String":"b","Interface":null}}
2025-08-15T22:14:05.152-0500	DEBUG	protocol/handler.go:1591	have processed broadcast	{"{round 20 3  <nil>}": {"Key":"from","Type":15,"Integer":0,"String":"a","Interface":null}}
2025-08-15T22:14:05.152-0500	DEBUG	protocol/handler.go:1649	have all messages and processed	{"{round 20 3  <nil>}": {"Key":"self","Type":15,"Integer":0,"String":"b","Interface":null}}
2025-08-15T22:14:05.152-0500	DEBUG	protocol/handler.go:596	round already finalized
2025-08-15T22:14:05.152-0500	DEBUG	protocol/handler.go:581	tryAdvanceRound called	{"{current_round 20 3  <nil>}": {"Key":"self","Type":15,"Integer":0,"String":"a","Interface":null}}
2025-08-15T22:14:05.152-0500	DEBUG	protocol/handler.go:1591	have processed broadcast	{"{round 20 3  <nil>}": {"Key":"from","Type":15,"Integer":0,"String":"b","Interface":null}}
2025-08-15T22:14:05.152-0500	DEBUG	protocol/handler.go:1649	have all messages and processed	{"{round 20 3  <nil>}": {"Key":"self","Type":15,"Integer":0,"String":"a","Interface":null}}
2025-08-15T22:14:05.153-0500	DEBUG	protocol/handler.go:596	round already finalized
2025-08-15T22:14:05.153-0500	DEBUG	protocol/handler.go:581	tryAdvanceRound called	{"{current_round 20 3  <nil>}": {"Key":"self","Type":15,"Integer":0,"String":"a","Interface":null}}
2025-08-15T22:14:05.153-0500	DEBUG	protocol/handler.go:1591	have processed broadcast	{"{round 20 3  <nil>}": {"Key":"from","Type":15,"Integer":0,"String":"b","Interface":null}}
2025-08-15T22:14:05.153-0500	DEBUG	protocol/handler.go:1649	have all messages and processed	{"{round 20 3  <nil>}": {"Key":"self","Type":15,"Integer":0,"String":"a","Interface":null}}
2025-08-15T22:14:05.153-0500	DEBUG	protocol/handler.go:596	round already finalized
2025-08-15T22:14:05.169-0500	DEBUG	protocol/handler.go:581	tryAdvanceRound called	{"{current_round 20 5  <nil>}": {"Key":"self","Type":15,"Integer":0,"String":"b","Interface":null}}
2025-08-15T22:14:05.170-0500	DEBUG	protocol/handler.go:1600	waiting for broadcasts	{"{round 20 5  <nil>}": {"Key":"missing","Type":15,"Integer":0,"String":"[a c]","Interface":null}}
2025-08-15T22:14:05.189-0500	DEBUG	protocol/handler.go:581	tryAdvanceRound called	{"{current_round 20 5  <nil>}": {"Key":"self","Type":15,"Integer":0,"String":"b","Interface":null}}
2025-08-15T22:14:05.189-0500	DEBUG	protocol/handler.go:1600	waiting for broadcasts	{"{round 20 5  <nil>}": {"Key":"missing","Type":15,"Integer":0,"String":"[a c]","Interface":null}}
2025-08-15T22:14:05.208-0500	DEBUG	protocol/handler.go:581	tryAdvanceRound called	{"{current_round 20 5  <nil>}": {"Key":"self","Type":15,"Integer":0,"String":"b","Interface":null}}
2025-08-15T22:14:05.209-0500	DEBUG	protocol/handler.go:1600	waiting for broadcasts	{"{round 20 5  <nil>}": {"Key":"missing","Type":15,"Integer":0,"String":"[a c]","Interface":null}}
2025-08-15T22:14:05.224-0500	DEBUG	protocol/handler.go:581	tryAdvanceRound called	{"{current_round 20 3  <nil>}": {"Key":"self","Type":15,"Integer":0,"String":"b","Interface":null}}
2025-08-15T22:14:05.225-0500	DEBUG	protocol/handler.go:1591	have processed broadcast	{"{round 20 3  <nil>}": {"Key":"from","Type":15,"Integer":0,"String":"a","Interface":null}}
2025-08-15T22:14:05.225-0500	DEBUG	protocol/handler.go:1649	have all messages and processed	{"{round 20 3  <nil>}": {"Key":"self","Type":15,"Integer":0,"String":"b","Interface":null}}
2025-08-15T22:14:05.225-0500	DEBUG	protocol/handler.go:596	round already finalized
2025-08-15T22:14:05.225-0500	DEBUG	protocol/handler.go:581	tryAdvanceRound called	{"{current_round 20 3  <nil>}": {"Key":"self","Type":15,"Integer":0,"String":"b","Interface":null}}
2025-08-15T22:14:05.226-0500	DEBUG	protocol/handler.go:1591	have processed broadcast	{"{round 20 3  <nil>}": {"Key":"from","Type":15,"Integer":0,"String":"a","Interface":null}}
2025-08-15T22:14:05.226-0500	DEBUG	protocol/handler.go:1649	have all messages and processed	{"{round 20 3  <nil>}": {"Key":"self","Type":15,"Integer":0,"String":"b","Interface":null}}
2025-08-15T22:14:05.226-0500	DEBUG	protocol/handler.go:596	round already finalized
2025-08-15T22:14:05.226-0500	DEBUG	protocol/handler.go:581	tryAdvanceRound called	{"{current_round 20 3  <nil>}": {"Key":"self","Type":15,"Integer":0,"String":"a","Interface":null}}
2025-08-15T22:14:05.226-0500	DEBUG	protocol/handler.go:1591	have processed broadcast	{"{round 20 3  <nil>}": {"Key":"from","Type":15,"Integer":0,"String":"b","Interface":null}}
2025-08-15T22:14:05.226-0500	DEBUG	protocol/handler.go:1649	have all messages and processed	{"{round 20 3  <nil>}": {"Key":"self","Type":15,"Integer":0,"String":"a","Interface":null}}
2025-08-15T22:14:05.226-0500	DEBUG	protocol/handler.go:596	round already finalized
2025-08-15T22:14:05.227-0500	DEBUG	protocol/handler.go:581	tryAdvanceRound called	{"{current_round 20 3  <nil>}": {"Key":"self","Type":15,"Integer":0,"String":"a","Interface":null}}
2025-08-15T22:14:05.227-0500	DEBUG	protocol/handler.go:1591	have processed broadcast	{"{round 20 3  <nil>}": {"Key":"from","Type":15,"Integer":0,"String":"b","Interface":null}}
2025-08-15T22:14:05.227-0500	DEBUG	protocol/handler.go:1649	have all messages and processed	{"{round 20 3  <nil>}": {"Key":"self","Type":15,"Integer":0,"String":"a","Interface":null}}
2025-08-15T22:14:05.227-0500	DEBUG	protocol/handler.go:596	round already finalized
2025-08-15T22:14:05.227-0500	DEBUG	protocol/handler.go:581	tryAdvanceRound called	{"{current_round 20 3  <nil>}": {"Key":"self","Type":15,"Integer":0,"String":"b","Interface":null}}
2025-08-15T22:14:05.227-0500	DEBUG	protocol/handler.go:1591	have processed broadcast	{"{round 20 3  <nil>}": {"Key":"from","Type":15,"Integer":0,"String":"a","Interface":null}}
2025-08-15T22:14:05.227-0500	DEBUG	protocol/handler.go:1649	have all messages and processed	{"{round 20 3  <nil>}": {"Key":"self","Type":15,"Integer":0,"String":"b","Interface":null}}
2025-08-15T22:14:05.227-0500	DEBUG	protocol/handler.go:596	round already finalized
2025-08-15T22:14:05.236-0500	DEBUG	protocol/handler.go:581	tryAdvanceRound called	{"{current_round 20 5  <nil>}": {"Key":"self","Type":15,"Integer":0,"String":"b","Interface":null}}
2025-08-15T22:14:05.236-0500	DEBUG	protocol/handler.go:1600	waiting for broadcasts	{"{round 20 5  <nil>}": {"Key":"missing","Type":15,"Integer":0,"String":"[a c]","Interface":null}}
==================
WARNING: DATA RACE
Read at 0x00c00010caf8 by goroutine 142:
  github.com/cronokirby/saferith.shiftAddIn()
      /Users/z/go/pkg/mod/github.com/cronokirby/saferith@v0.33.0/num.go:793 +0x360
  github.com/cronokirby/saferith.(*Nat).Mod()
      /Users/z/go/pkg/mod/github.com/cronokirby/saferith@v0.33.0/num.go:889 +0x2d0
  github.com/cronokirby/saferith.(*Nat).ModMul()
      /Users/z/go/pkg/mod/github.com/cronokirby/saferith@v0.33.0/num.go:1185 +0xac
  github.com/luxfi/threshold/pkg/math/arith.(*Modulus).Exp()
      /Users/z/work/lux/threshold/pkg/math/arith/modulus.go:55 +0x168
  github.com/luxfi/threshold/pkg/math/arith.(*Modulus).ExpI()
      /Users/z/work/lux/threshold/pkg/math/arith/modulus.go:67 +0xa8
  github.com/luxfi/threshold/pkg/pedersen.Parameters.Verify()
      /Users/z/work/lux/threshold/pkg/pedersen/pedersen.go:96 +0xe8
  github.com/luxfi/threshold/pkg/zk/fac.(*Proof).Verify()
      /Users/z/work/lux/threshold/pkg/zk/fac/fac.go:111 +0x170
  github.com/luxfi/threshold/protocols/cmp/keygen.(*round4).VerifyMessage()
      /Users/z/work/lux/threshold/protocols/cmp/keygen/round4.go:139 +0x368
  github.com/luxfi/threshold/pkg/protocol.(*Handler).verifyNormalForRound()
      /Users/z/work/lux/threshold/pkg/protocol/handler.go:1331 +0x348
  github.com/luxfi/threshold/pkg/protocol.(*Handler).retryUnprocessedMessages()
      /Users/z/work/lux/threshold/pkg/protocol/handler.go:1496 +0x3a0
  github.com/luxfi/threshold/pkg/protocol.(*Handler).tryAdvanceRound()
      /Users/z/work/lux/threshold/pkg/protocol/handler.go:587 +0x28c
  github.com/luxfi/threshold/pkg/protocol.(*Handler).processMessage()
      /Users/z/work/lux/threshold/pkg/protocol/handler.go:474 +0xb70
  github.com/luxfi/threshold/pkg/protocol.(*Handler).messageWorker()
      /Users/z/work/lux/threshold/pkg/protocol/handler.go:408 +0x338
  github.com/luxfi/threshold/pkg/protocol.(*Handler).startWorkers.gowrap2()
      /Users/z/work/lux/threshold/pkg/protocol/handler.go:361 +0x44

Previous write at 0x00c00010caf8 by goroutine 268:
  github.com/cronokirby/saferith.maskEnd()
      /Users/z/go/pkg/mod/github.com/cronokirby/saferith@v0.33.0/num.go:261 +0x1cc
  github.com/cronokirby/saferith.(*Nat).resizedLimbs()
      /Users/z/go/pkg/mod/github.com/cronokirby/saferith@v0.33.0/num.go:252 +0x16c
  github.com/cronokirby/saferith.(*Nat).Cmp()
      /Users/z/go/pkg/mod/github.com/cronokirby/saferith@v0.33.0/num.go:1411 +0x90
  github.com/cronokirby/saferith.(*Nat).CmpMod()
      /Users/z/go/pkg/mod/github.com/cronokirby/saferith@v0.33.0/num.go:1430 +0x74
  github.com/luxfi/threshold/pkg/math/arith.IsValidNatModN()
      /Users/z/work/lux/threshold/pkg/math/arith/int.go:16 +0x78
  github.com/luxfi/threshold/pkg/pedersen.Parameters.Verify()
      /Users/z/work/lux/threshold/pkg/pedersen/pedersen.go:91 +0xc0
  github.com/luxfi/threshold/pkg/zk/fac.(*Proof).Verify()
      /Users/z/work/lux/threshold/pkg/zk/fac/fac.go:111 +0x170
  github.com/luxfi/threshold/protocols/cmp/keygen.(*round4).VerifyMessage()
      /Users/z/work/lux/threshold/protocols/cmp/keygen/round4.go:139 +0x368
  github.com/luxfi/threshold/pkg/protocol.(*Handler).verifyNormalForRound()
      /Users/z/work/lux/threshold/pkg/protocol/handler.go:1331 +0x348
  github.com/luxfi/threshold/pkg/protocol.(*Handler).processQueuedMessages()
      /Users/z/work/lux/threshold/pkg/protocol/handler.go:1556 +0x550
  github.com/luxfi/threshold/pkg/protocol.(*Handler).tryAdvanceRound.gowrap2()
      /Users/z/work/lux/threshold/pkg/protocol/handler.go:673 +0x40

Goroutine 142 (running) created at:
  github.com/luxfi/threshold/pkg/protocol.(*Handler).startWorkers()
      /Users/z/work/lux/threshold/pkg/protocol/handler.go:361 +0x334
  github.com/luxfi/threshold/pkg/protocol.NewHandler()
      /Users/z/work/lux/threshold/pkg/protocol/handler.go:247 +0xf10
  github.com/luxfi/threshold/internal/test.(*Harness).CreateHandler()
      /Users/z/work/lux/threshold/internal/test/harness.go:91 +0x2e4
  github.com/luxfi/threshold/internal/test.RunProtocol()
      /Users/z/work/lux/threshold/internal/test/harness.go:270 +0x230
  github.com/luxfi/threshold/protocols/cmp_test.TestCMPBasicKeygen()
      /Users/z/work/lux/threshold/protocols/cmp/cmp_basic_test.go:35 +0x29c
  testing.tRunner()
      /opt/homebrew/Cellar/go/1.24.6/libexec/src/testing/testing.go:1792 +0x180
  testing.(*T).Run.gowrap1()
      /opt/homebrew/Cellar/go/1.24.6/libexec/src/testing/testing.go:1851 +0x40

Goroutine 268 (running) created at:
  github.com/luxfi/threshold/pkg/protocol.(*Handler).tryAdvanceRound()
      /Users/z/work/lux/threshold/pkg/protocol/handler.go:673 +0x12e4
  github.com/luxfi/threshold/pkg/protocol.(*Handler).processMessage()
      /Users/z/work/lux/threshold/pkg/protocol/handler.go:486 +0xbb0
  github.com/luxfi/threshold/pkg/protocol.(*Handler).messageWorker()
      /Users/z/work/lux/threshold/pkg/protocol/handler.go:408 +0x338
  github.com/luxfi/threshold/pkg/protocol.(*Handler).startWorkers.gowrap2()
      /Users/z/work/lux/threshold/pkg/protocol/handler.go:361 +0x44
==================
2025-08-15T22:14:05.272-0500	DEBUG	protocol/handler.go:581	tryAdvanceRound called	{"{current_round 20 3  <nil>}": {"Key":"self","Type":15,"Integer":0,"String":"a","Interface":null}}
2025-08-15T22:14:05.272-0500	DEBUG	protocol/handler.go:1591	have processed broadcast	{"{round 20 3  <nil>}": {"Key":"from","Type":15,"Integer":0,"String":"b","Interface":null}}
2025-08-15T22:14:05.272-0500	DEBUG	protocol/handler.go:1649	have all messages and processed	{"{round 20 3  <nil>}": {"Key":"self","Type":15,"Integer":0,"String":"a","Interface":null}}
2025-08-15T22:14:05.272-0500	DEBUG	protocol/handler.go:596	round already finalized
2025-08-15T22:14:05.272-0500	DEBUG	protocol/handler.go:581	tryAdvanceRound called	{"{current_round 20 3  <nil>}": {"Key":"self","Type":15,"Integer":0,"String":"a","Interface":null}}
2025-08-15T22:14:05.272-0500	DEBUG	protocol/handler.go:1591	have processed broadcast	{"{round 20 3  <nil>}": {"Key":"from","Type":15,"Integer":0,"String":"b","Interface":null}}
2025-08-15T22:14:05.272-0500	DEBUG	protocol/handler.go:1649	have all messages and processed	{"{round 20 3  <nil>}": {"Key":"self","Type":15,"Integer":0,"String":"a","Interface":null}}
2025-08-15T22:14:05.272-0500	DEBUG	protocol/handler.go:596	round already finalized
2025-08-15T22:14:05.272-0500	DEBUG	protocol/handler.go:581	tryAdvanceRound called	{"{current_round 20 3  <nil>}": {"Key":"self","Type":15,"Integer":0,"String":"b","Interface":null}}
2025-08-15T22:14:05.272-0500	DEBUG	protocol/handler.go:1591	have processed broadcast	{"{round 20 3  <nil>}": {"Key":"from","Type":15,"Integer":0,"String":"a","Interface":null}}
2025-08-15T22:14:05.273-0500	DEBUG	protocol/handler.go:1649	have all messages and processed	{"{round 20 3  <nil>}": {"Key":"self","Type":15,"Integer":0,"String":"b","Interface":null}}
2025-08-15T22:14:05.273-0500	DEBUG	protocol/handler.go:596	round already finalized
2025-08-15T22:14:05.273-0500	DEBUG	protocol/handler.go:581	tryAdvanceRound called	{"{current_round 20 3  <nil>}": {"Key":"self","Type":15,"Integer":0,"String":"b","Interface":null}}
2025-08-15T22:14:05.273-0500	DEBUG	protocol/handler.go:1591	have processed broadcast	{"{round 20 3  <nil>}": {"Key":"from","Type":15,"Integer":0,"String":"a","Interface":null}}
2025-08-15T22:14:05.273-0500	DEBUG	protocol/handler.go:1649	have all messages and processed	{"{round 20 3  <nil>}": {"Key":"self","Type":15,"Integer":0,"String":"b","Interface":null}}
2025-08-15T22:14:05.273-0500	DEBUG	protocol/handler.go:596	round already finalized
2025-08-15T22:14:05.284-0500	DEBUG	protocol/handler.go:581	tryAdvanceRound called	{"{current_round 20 5  <nil>}": {"Key":"self","Type":15,"Integer":0,"String":"b","Interface":null}}
2025-08-15T22:14:05.284-0500	DEBUG	protocol/handler.go:1600	waiting for broadcasts	{"{round 20 5  <nil>}": {"Key":"missing","Type":15,"Integer":0,"String":"[a c]","Interface":null}}
2025-08-15T22:14:05.284-0500	DEBUG	protocol/handler.go:581	tryAdvanceRound called	{"{current_round 20 5  <nil>}": {"Key":"self","Type":15,"Integer":0,"String":"b","Interface":null}}
2025-08-15T22:14:05.284-0500	DEBUG	protocol/handler.go:1600	waiting for broadcasts	{"{round 20 5  <nil>}": {"Key":"missing","Type":15,"Integer":0,"String":"[a c]","Interface":null}}
2025-08-15T22:14:05.285-0500	DEBUG	protocol/handler.go:581	tryAdvanceRound called	{"{current_round 20 3  <nil>}": {"Key":"self","Type":15,"Integer":0,"String":"b","Interface":null}}
2025-08-15T22:14:05.370-0500	DEBUG	protocol/handler.go:1591	have processed broadcast	{"{round 20 3  <nil>}": {"Key":"from","Type":15,"Integer":0,"String":"a","Interface":null}}
2025-08-15T22:14:05.370-0500	DEBUG	protocol/handler.go:1649	have all messages and processed	{"{round 20 3  <nil>}": {"Key":"self","Type":15,"Integer":0,"String":"b","Interface":null}}
2025-08-15T22:14:05.370-0500	DEBUG	protocol/handler.go:596	round already finalized
2025-08-15T22:14:05.370-0500	DEBUG	protocol/handler.go:581	tryAdvanceRound called	{"{current_round 20 3  <nil>}": {"Key":"self","Type":15,"Integer":0,"String":"b","Interface":null}}
2025-08-15T22:14:05.370-0500	DEBUG	protocol/handler.go:1591	have processed broadcast	{"{round 20 3  <nil>}": {"Key":"from","Type":15,"Integer":0,"String":"a","Interface":null}}
2025-08-15T22:14:05.370-0500	DEBUG	protocol/handler.go:1649	have all messages and processed	{"{round 20 3  <nil>}": {"Key":"self","Type":15,"Integer":0,"String":"b","Interface":null}}
2025-08-15T22:14:05.371-0500	DEBUG	protocol/handler.go:596	round already finalized
2025-08-15T22:14:05.330-0500	DEBUG	protocol/handler.go:581	tryAdvanceRound called	{"{current_round 20 3  <nil>}": {"Key":"self","Type":15,"Integer":0,"String":"a","Interface":null}}
2025-08-15T22:14:05.371-0500	DEBUG	protocol/handler.go:1591	have processed broadcast	{"{round 20 3  <nil>}": {"Key":"from","Type":15,"Integer":0,"String":"b","Interface":null}}
2025-08-15T22:14:05.371-0500	DEBUG	protocol/handler.go:1649	have all messages and processed	{"{round 20 3  <nil>}": {"Key":"self","Type":15,"Integer":0,"String":"a","Interface":null}}
2025-08-15T22:14:05.371-0500	DEBUG	protocol/handler.go:596	round already finalized
2025-08-15T22:14:05.371-0500	DEBUG	protocol/handler.go:581	tryAdvanceRound called	{"{current_round 20 3  <nil>}": {"Key":"self","Type":15,"Integer":0,"String":"a","Interface":null}}
2025-08-15T22:14:05.371-0500	DEBUG	protocol/handler.go:1591	have processed broadcast	{"{round 20 3  <nil>}": {"Key":"from","Type":15,"Integer":0,"String":"b","Interface":null}}
2025-08-15T22:14:05.371-0500	DEBUG	protocol/handler.go:1649	have all messages and processed	{"{round 20 3  <nil>}": {"Key":"self","Type":15,"Integer":0,"String":"a","Interface":null}}
2025-08-15T22:14:05.371-0500	DEBUG	protocol/handler.go:596	round already finalized
2025-08-15T22:14:05.371-0500	DEBUG	protocol/handler.go:581	tryAdvanceRound called	{"{current_round 20 5  <nil>}": {"Key":"self","Type":15,"Integer":0,"String":"b","Interface":null}}
2025-08-15T22:14:05.371-0500	DEBUG	protocol/handler.go:1600	waiting for broadcasts	{"{round 20 5  <nil>}": {"Key":"missing","Type":15,"Integer":0,"String":"[a c]","Interface":null}}
2025-08-15T22:14:05.371-0500	DEBUG	protocol/handler.go:581	tryAdvanceRound called	{"{current_round 20 5  <nil>}": {"Key":"self","Type":15,"Integer":0,"String":"b","Interface":null}}
2025-08-15T22:14:05.371-0500	DEBUG	protocol/handler.go:1600	waiting for broadcasts	{"{round 20 5  <nil>}": {"Key":"missing","Type":15,"Integer":0,"String":"[a c]","Interface":null}}
2025-08-15T22:14:05.389-0500	DEBUG	protocol/handler.go:581	tryAdvanceRound called	{"{current_round 20 5  <nil>}": {"Key":"self","Type":15,"Integer":0,"String":"b","Interface":null}}
2025-08-15T22:14:05.389-0500	DEBUG	protocol/handler.go:1600	waiting for broadcasts	{"{round 20 5  <nil>}": {"Key":"missing","Type":15,"Integer":0,"String":"[a c]","Interface":null}}
2025-08-15T22:14:05.413-0500	DEBUG	protocol/handler.go:581	tryAdvanceRound called	{"{current_round 20 5  <nil>}": {"Key":"self","Type":15,"Integer":0,"String":"b","Interface":null}}
2025-08-15T22:14:05.413-0500	DEBUG	protocol/handler.go:1600	waiting for broadcasts	{"{round 20 5  <nil>}": {"Key":"missing","Type":15,"Integer":0,"String":"[a c]","Interface":null}}
2025-08-15T22:14:05.413-0500	DEBUG	protocol/handler.go:581	tryAdvanceRound called	{"{current_round 20 3  <nil>}": {"Key":"self","Type":15,"Integer":0,"String":"b","Interface":null}}
2025-08-15T22:14:05.413-0500	DEBUG	protocol/handler.go:1591	have processed broadcast	{"{round 20 3  <nil>}": {"Key":"from","Type":15,"Integer":0,"String":"a","Interface":null}}
2025-08-15T22:14:05.413-0500	DEBUG	protocol/handler.go:1649	have all messages and processed	{"{round 20 3  <nil>}": {"Key":"self","Type":15,"Integer":0,"String":"b","Interface":null}}
2025-08-15T22:14:05.415-0500	DEBUG	protocol/handler.go:596	round already finalized
2025-08-15T22:14:05.415-0500	DEBUG	protocol/handler.go:581	tryAdvanceRound called	{"{current_round 20 3  <nil>}": {"Key":"self","Type":15,"Integer":0,"String":"b","Interface":null}}
2025-08-15T22:14:05.415-0500	DEBUG	protocol/handler.go:1591	have processed broadcast	{"{round 20 3  <nil>}": {"Key":"from","Type":15,"Integer":0,"String":"a","Interface":null}}
2025-08-15T22:14:05.415-0500	DEBUG	protocol/handler.go:1649	have all messages and processed	{"{round 20 3  <nil>}": {"Key":"self","Type":15,"Integer":0,"String":"b","Interface":null}}
2025-08-15T22:14:05.415-0500	DEBUG	protocol/handler.go:596	round already finalized
2025-08-15T22:14:05.415-0500	DEBUG	protocol/handler.go:581	tryAdvanceRound called	{"{current_round 20 3  <nil>}": {"Key":"self","Type":15,"Integer":0,"String":"a","Interface":null}}
2025-08-15T22:14:05.415-0500	DEBUG	protocol/handler.go:1591	have processed broadcast	{"{round 20 3  <nil>}": {"Key":"from","Type":15,"Integer":0,"String":"b","Interface":null}}
2025-08-15T22:14:05.415-0500	DEBUG	protocol/handler.go:1649	have all messages and processed	{"{round 20 3  <nil>}": {"Key":"self","Type":15,"Integer":0,"String":"a","Interface":null}}
2025-08-15T22:14:05.415-0500	DEBUG	protocol/handler.go:596	round already finalized
2025-08-15T22:14:05.415-0500	DEBUG	protocol/handler.go:581	tryAdvanceRound called	{"{current_round 20 3  <nil>}": {"Key":"self","Type":15,"Integer":0,"String":"a","Interface":null}}
2025-08-15T22:14:05.415-0500	DEBUG	protocol/handler.go:1591	have processed broadcast	{"{round 20 3  <nil>}": {"Key":"from","Type":15,"Integer":0,"String":"b","Interface":null}}
2025-08-15T22:14:05.415-0500	DEBUG	protocol/handler.go:1649	have all messages and processed	{"{round 20 3  <nil>}": {"Key":"self","Type":15,"Integer":0,"String":"a","Interface":null}}
2025-08-15T22:14:05.415-0500	DEBUG	protocol/handler.go:596	round already finalized
2025-08-15T22:14:05.435-0500	DEBUG	protocol/handler.go:581	tryAdvanceRound called	{"{current_round 20 5  <nil>}": {"Key":"self","Type":15,"Integer":0,"String":"b","Interface":null}}
2025-08-15T22:14:05.435-0500	DEBUG	protocol/handler.go:1600	waiting for broadcasts	{"{round 20 5  <nil>}": {"Key":"missing","Type":15,"Integer":0,"String":"[a c]","Interface":null}}
2025-08-15T22:14:05.460-0500	DEBUG	protocol/handler.go:581	tryAdvanceRound called	{"{current_round 20 5  <nil>}": {"Key":"self","Type":15,"Integer":0,"String":"b","Interface":null}}
2025-08-15T22:14:05.460-0500	DEBUG	protocol/handler.go:1600	waiting for broadcasts	{"{round 20 5  <nil>}": {"Key":"missing","Type":15,"Integer":0,"String":"[a c]","Interface":null}}
2025-08-15T22:14:05.460-0500	DEBUG	protocol/handler.go:581	tryAdvanceRound called	{"{current_round 20 3  <nil>}": {"Key":"self","Type":15,"Integer":0,"String":"b","Interface":null}}
2025-08-15T22:14:05.460-0500	DEBUG	protocol/handler.go:1591	have processed broadcast	{"{round 20 3  <nil>}": {"Key":"from","Type":15,"Integer":0,"String":"a","Interface":null}}
2025-08-15T22:14:05.460-0500	DEBUG	protocol/handler.go:1649	have all messages and processed	{"{round 20 3  <nil>}": {"Key":"self","Type":15,"Integer":0,"String":"b","Interface":null}}
2025-08-15T22:14:05.460-0500	DEBUG	protocol/handler.go:596	round already finalized
2025-08-15T22:14:05.460-0500	DEBUG	protocol/handler.go:581	tryAdvanceRound called	{"{current_round 20 3  <nil>}": {"Key":"self","Type":15,"Integer":0,"String":"b","Interface":null}}
2025-08-15T22:14:05.460-0500	DEBUG	protocol/handler.go:1591	have processed broadcast	{"{round 20 3  <nil>}": {"Key":"from","Type":15,"Integer":0,"String":"a","Interface":null}}
2025-08-15T22:14:05.460-0500	DEBUG	protocol/handler.go:1649	have all messages and processed	{"{round 20 3  <nil>}": {"Key":"self","Type":15,"Integer":0,"String":"b","Interface":null}}
2025-08-15T22:14:05.460-0500	DEBUG	protocol/handler.go:596	round already finalized
2025-08-15T22:14:05.460-0500	DEBUG	protocol/handler.go:581	tryAdvanceRound called	{"{current_round 20 3  <nil>}": {"Key":"self","Type":15,"Integer":0,"String":"a","Interface":null}}
2025-08-15T22:14:05.460-0500	DEBUG	protocol/handler.go:1591	have processed broadcast	{"{round 20 3  <nil>}": {"Key":"from","Type":15,"Integer":0,"String":"b","Interface":null}}
2025-08-15T22:14:05.460-0500	DEBUG	protocol/handler.go:1649	have all messages and processed	{"{round 20 3  <nil>}": {"Key":"self","Type":15,"Integer":0,"String":"a","Interface":null}}
2025-08-15T22:14:05.460-0500	DEBUG	protocol/handler.go:596	round already finalized
2025-08-15T22:14:05.460-0500	DEBUG	protocol/handler.go:581	tryAdvanceRound called	{"{current_round 20 3  <nil>}": {"Key":"self","Type":15,"Integer":0,"String":"a","Interface":null}}
2025-08-15T22:14:05.460-0500	DEBUG	protocol/handler.go:1591	have processed broadcast	{"{round 20 3  <nil>}": {"Key":"from","Type":15,"Integer":0,"String":"b","Interface":null}}
2025-08-15T22:14:05.461-0500	DEBUG	protocol/handler.go:1649	have all messages and processed	{"{round 20 3  <nil>}": {"Key":"self","Type":15,"Integer":0,"String":"a","Interface":null}}
2025-08-15T22:14:05.461-0500	DEBUG	protocol/handler.go:596	round already finalized
2025-08-15T22:14:05.485-0500	DEBUG	protocol/handler.go:581	tryAdvanceRound called	{"{current_round 20 3  <nil>}": {"Key":"self","Type":15,"Integer":0,"String":"b","Interface":null}}
2025-08-15T22:14:05.486-0500	DEBUG	protocol/handler.go:1591	have processed broadcast	{"{round 20 3  <nil>}": {"Key":"from","Type":15,"Integer":0,"String":"a","Interface":null}}
2025-08-15T22:14:05.489-0500	DEBUG	protocol/handler.go:1649	have all messages and processed	{"{round 20 3  <nil>}": {"Key":"self","Type":15,"Integer":0,"String":"b","Interface":null}}
2025-08-15T22:14:05.489-0500	DEBUG	protocol/handler.go:596	round already finalized
2025-08-15T22:14:05.489-0500	DEBUG	protocol/handler.go:581	tryAdvanceRound called	{"{current_round 20 3  <nil>}": {"Key":"self","Type":15,"Integer":0,"String":"b","Interface":null}}
2025-08-15T22:14:05.489-0500	DEBUG	protocol/handler.go:1591	have processed broadcast	{"{round 20 3  <nil>}": {"Key":"from","Type":15,"Integer":0,"String":"a","Interface":null}}
2025-08-15T22:14:05.489-0500	DEBUG	protocol/handler.go:1649	have all messages and processed	{"{round 20 3  <nil>}": {"Key":"self","Type":15,"Integer":0,"String":"b","Interface":null}}
2025-08-15T22:14:05.489-0500	DEBUG	protocol/handler.go:596	round already finalized
==================
WARNING: DATA RACE
Read at 0x00c00010caf8 by goroutine 146:
  github.com/cronokirby/saferith.shiftAddIn()
      /Users/z/go/pkg/mod/github.com/cronokirby/saferith@v0.33.0/num.go:793 +0x360
  github.com/cronokirby/saferith.(*Nat).Div()
      /Users/z/go/pkg/mod/github.com/cronokirby/saferith@v0.33.0/num.go:957 +0x52c
  github.com/luxfi/threshold/pkg/paillier.(*SecretKey).Dec()
      /Users/z/work/lux/threshold/pkg/paillier/secret.go:125 +0x1f0
  github.com/luxfi/threshold/protocols/cmp/keygen.(*round4).StoreMessage()
      /Users/z/work/lux/threshold/protocols/cmp/keygen/round4.go:156 +0xd0
  github.com/luxfi/threshold/pkg/protocol.(*Handler).verifyNormalForRound()
      /Users/z/work/lux/threshold/pkg/protocol/handler.go:1337 +0x43c
  github.com/luxfi/threshold/pkg/protocol.(*Handler).retryUnprocessedMessages()
      /Users/z/work/lux/threshold/pkg/protocol/handler.go:1496 +0x3a0
  github.com/luxfi/threshold/pkg/protocol.(*Handler).tryAdvanceRound()
      /Users/z/work/lux/threshold/pkg/protocol/handler.go:587 +0x28c
  github.com/luxfi/threshold/pkg/protocol.(*Handler).roundProcessor()
      /Users/z/work/lux/threshold/pkg/protocol/handler.go:569 +0xb4
  github.com/luxfi/threshold/pkg/protocol.(*Handler).startWorkers.func1()
      /Users/z/work/lux/threshold/pkg/protocol/handler.go:374 +0x78

Previous write at 0x00c00010caf8 by goroutine 142:
  github.com/cronokirby/saferith.maskEnd()
      /Users/z/go/pkg/mod/github.com/cronokirby/saferith@v0.33.0/num.go:261 +0x1cc
  github.com/cronokirby/saferith.(*Nat).resizedLimbs()
      /Users/z/go/pkg/mod/github.com/cronokirby/saferith@v0.33.0/num.go:252 +0x16c
  github.com/cronokirby/saferith.(*Nat).Cmp()
      /Users/z/go/pkg/mod/github.com/cronokirby/saferith@v0.33.0/num.go:1411 +0x90
  github.com/cronokirby/saferith.(*Nat).CmpMod()
      /Users/z/go/pkg/mod/github.com/cronokirby/saferith@v0.33.0/num.go:1430 +0x74
  github.com/luxfi/threshold/pkg/math/arith.IsValidNatModN()
      /Users/z/work/lux/threshold/pkg/math/arith/int.go:16 +0x78
  github.com/luxfi/threshold/pkg/pedersen.Parameters.Verify()
      /Users/z/work/lux/threshold/pkg/pedersen/pedersen.go:91 +0xc0
  github.com/luxfi/threshold/pkg/zk/fac.(*Proof).Verify()
      /Users/z/work/lux/threshold/pkg/zk/fac/fac.go:115 +0x214
  github.com/luxfi/threshold/protocols/cmp/keygen.(*round4).VerifyMessage()
      /Users/z/work/lux/threshold/protocols/cmp/keygen/round4.go:139 +0x368
  github.com/luxfi/threshold/pkg/protocol.(*Handler).verifyNormalForRound()
      /Users/z/work/lux/threshold/pkg/protocol/handler.go:1331 +0x348
  github.com/luxfi/threshold/pkg/protocol.(*Handler).retryUnprocessedMessages()
      /Users/z/work/lux/threshold/pkg/protocol/handler.go:1496 +0x3a0
  github.com/luxfi/threshold/pkg/protocol.(*Handler).tryAdvanceRound()
      /Users/z/work/lux/threshold/pkg/protocol/handler.go:587 +0x28c
  github.com/luxfi/threshold/pkg/protocol.(*Handler).processMessage()
      /Users/z/work/lux/threshold/pkg/protocol/handler.go:474 +0xb70
  github.com/luxfi/threshold/pkg/protocol.(*Handler).messageWorker()
      /Users/z/work/lux/threshold/pkg/protocol/handler.go:408 +0x338
  github.com/luxfi/threshold/pkg/protocol.(*Handler).startWorkers.gowrap2()
      /Users/z/work/lux/threshold/pkg/protocol/handler.go:361 +0x44

Goroutine 146 (running) created at:
  github.com/luxfi/threshold/pkg/protocol.(*Handler).startWorkers()
      /Users/z/work/lux/threshold/pkg/protocol/handler.go:372 +0x4fc
  github.com/luxfi/threshold/pkg/protocol.NewHandler()
      /Users/z/work/lux/threshold/pkg/protocol/handler.go:247 +0xf10
  github.com/luxfi/threshold/internal/test.(*Harness).CreateHandler()
      /Users/z/work/lux/threshold/internal/test/harness.go:91 +0x2e4
  github.com/luxfi/threshold/internal/test.RunProtocol()
      /Users/z/work/lux/threshold/internal/test/harness.go:270 +0x230
  github.com/luxfi/threshold/protocols/cmp_test.TestCMPBasicKeygen()
      /Users/z/work/lux/threshold/protocols/cmp/cmp_basic_test.go:35 +0x29c
  testing.tRunner()
      /opt/homebrew/Cellar/go/1.24.6/libexec/src/testing/testing.go:1792 +0x180
  testing.(*T).Run.gowrap1()
      /opt/homebrew/Cellar/go/1.24.6/libexec/src/testing/testing.go:1851 +0x40

Goroutine 142 (running) created at:
  github.com/luxfi/threshold/pkg/protocol.(*Handler).startWorkers()
      /Users/z/work/lux/threshold/pkg/protocol/handler.go:361 +0x334
  github.com/luxfi/threshold/pkg/protocol.NewHandler()
      /Users/z/work/lux/threshold/pkg/protocol/handler.go:247 +0xf10
  github.com/luxfi/threshold/internal/test.(*Harness).CreateHandler()
      /Users/z/work/lux/threshold/internal/test/harness.go:91 +0x2e4
  github.com/luxfi/threshold/internal/test.RunProtocol()
      /Users/z/work/lux/threshold/internal/test/harness.go:270 +0x230
  github.com/luxfi/threshold/protocols/cmp_test.TestCMPBasicKeygen()
      /Users/z/work/lux/threshold/protocols/cmp/cmp_basic_test.go:35 +0x29c
  testing.tRunner()
      /opt/homebrew/Cellar/go/1.24.6/libexec/src/testing/testing.go:1792 +0x180
  testing.(*T).Run.gowrap1()
      /opt/homebrew/Cellar/go/1.24.6/libexec/src/testing/testing.go:1851 +0x40
==================
2025-08-15T22:14:05.508-0500	DEBUG	protocol/handler.go:581	tryAdvanceRound called	{"{current_round 20 3  <nil>}": {"Key":"self","Type":15,"Integer":0,"String":"b","Interface":null}}
2025-08-15T22:14:05.508-0500	DEBUG	protocol/handler.go:1591	have processed broadcast	{"{round 20 3  <nil>}": {"Key":"from","Type":15,"Integer":0,"String":"a","Interface":null}}
2025-08-15T22:14:05.508-0500	DEBUG	protocol/handler.go:1649	have all messages and processed	{"{round 20 3  <nil>}": {"Key":"self","Type":15,"Integer":0,"String":"b","Interface":null}}
2025-08-15T22:14:05.508-0500	DEBUG	protocol/handler.go:596	round already finalized
2025-08-15T22:14:05.508-0500	DEBUG	protocol/handler.go:581	tryAdvanceRound called	{"{current_round 20 5  <nil>}": {"Key":"self","Type":15,"Integer":0,"String":"b","Interface":null}}
2025-08-15T22:14:05.508-0500	DEBUG	protocol/handler.go:1600	waiting for broadcasts	{"{round 20 5  <nil>}": {"Key":"missing","Type":15,"Integer":0,"String":"[a c]","Interface":null}}
2025-08-15T22:14:05.509-0500	DEBUG	protocol/handler.go:581	tryAdvanceRound called	{"{current_round 20 5  <nil>}": {"Key":"self","Type":15,"Integer":0,"String":"b","Interface":null}}
2025-08-15T22:14:05.509-0500	DEBUG	protocol/handler.go:1600	waiting for broadcasts	{"{round 20 5  <nil>}": {"Key":"missing","Type":15,"Integer":0,"String":"[a c]","Interface":null}}
2025-08-15T22:14:05.509-0500	DEBUG	protocol/handler.go:581	tryAdvanceRound called	{"{current_round 20 3  <nil>}": {"Key":"self","Type":15,"Integer":0,"String":"a","Interface":null}}
2025-08-15T22:14:05.509-0500	DEBUG	protocol/handler.go:1591	have processed broadcast	{"{round 20 3  <nil>}": {"Key":"from","Type":15,"Integer":0,"String":"b","Interface":null}}
2025-08-15T22:14:05.509-0500	DEBUG	protocol/handler.go:1649	have all messages and processed	{"{round 20 3  <nil>}": {"Key":"self","Type":15,"Integer":0,"String":"a","Interface":null}}
2025-08-15T22:14:05.509-0500	DEBUG	protocol/handler.go:596	round already finalized
2025-08-15T22:14:05.509-0500	DEBUG	protocol/handler.go:581	tryAdvanceRound called	{"{current_round 20 3  <nil>}": {"Key":"self","Type":15,"Integer":0,"String":"a","Interface":null}}
2025-08-15T22:14:05.509-0500	DEBUG	protocol/handler.go:1591	have processed broadcast	{"{round 20 3  <nil>}": {"Key":"from","Type":15,"Integer":0,"String":"b","Interface":null}}
2025-08-15T22:14:05.509-0500	DEBUG	protocol/handler.go:1649	have all messages and processed	{"{round 20 3  <nil>}": {"Key":"self","Type":15,"Integer":0,"String":"a","Interface":null}}
2025-08-15T22:14:05.509-0500	DEBUG	protocol/handler.go:596	round already finalized
2025-08-15T22:14:05.534-0500	DEBUG	protocol/handler.go:581	tryAdvanceRound called	{"{current_round 20 3  <nil>}": {"Key":"self","Type":15,"Integer":0,"String":"a","Interface":null}}
2025-08-15T22:14:05.535-0500	DEBUG	protocol/handler.go:1591	have processed broadcast	{"{round 20 3  <nil>}": {"Key":"from","Type":15,"Integer":0,"String":"b","Interface":null}}
2025-08-15T22:14:05.535-0500	DEBUG	protocol/handler.go:1649	have all messages and processed	{"{round 20 3  <nil>}": {"Key":"self","Type":15,"Integer":0,"String":"a","Interface":null}}
2025-08-15T22:14:05.535-0500	DEBUG	protocol/handler.go:596	round already finalized
2025-08-15T22:14:05.535-0500	DEBUG	protocol/handler.go:581	tryAdvanceRound called	{"{current_round 20 5  <nil>}": {"Key":"self","Type":15,"Integer":0,"String":"b","Interface":null}}
2025-08-15T22:14:05.535-0500	DEBUG	protocol/handler.go:1600	waiting for broadcasts	{"{round 20 5  <nil>}": {"Key":"missing","Type":15,"Integer":0,"String":"[a c]","Interface":null}}
2025-08-15T22:14:05.535-0500	DEBUG	protocol/handler.go:581	tryAdvanceRound called	{"{current_round 20 3  <nil>}": {"Key":"self","Type":15,"Integer":0,"String":"b","Interface":null}}
2025-08-15T22:14:05.535-0500	DEBUG	protocol/handler.go:1591	have processed broadcast	{"{round 20 3  <nil>}": {"Key":"from","Type":15,"Integer":0,"String":"a","Interface":null}}
2025-08-15T22:14:05.535-0500	DEBUG	protocol/handler.go:1649	have all messages and processed	{"{round 20 3  <nil>}": {"Key":"self","Type":15,"Integer":0,"String":"b","Interface":null}}
2025-08-15T22:14:05.535-0500	DEBUG	protocol/handler.go:596	round already finalized
2025-08-15T22:14:05.543-0500	DEBUG	protocol/handler.go:581	tryAdvanceRound called	{"{current_round 20 5  <nil>}": {"Key":"self","Type":15,"Integer":0,"String":"b","Interface":null}}
2025-08-15T22:14:05.543-0500	DEBUG	protocol/handler.go:1600	waiting for broadcasts	{"{round 20 5  <nil>}": {"Key":"missing","Type":15,"Integer":0,"String":"[a c]","Interface":null}}
2025-08-15T22:14:05.534-0500	DEBUG	protocol/handler.go:1591	have processed broadcast	{"{round 20 4  <nil>}": {"Key":"from","Type":15,"Integer":0,"String":"a","Interface":null}}
2025-08-15T22:14:05.552-0500	DEBUG	protocol/handler.go:1591	have processed broadcast	{"{round 20 4  <nil>}": {"Key":"from","Type":15,"Integer":0,"String":"b","Interface":null}}
2025-08-15T22:14:05.552-0500	DEBUG	protocol/handler.go:1649	have all messages and processed	{"{round 20 4  <nil>}": {"Key":"self","Type":15,"Integer":0,"String":"c","Interface":null}}
2025-08-15T22:14:05.552-0500	DEBUG	protocol/handler.go:619	finalizing round
2025-08-15T22:14:05.552-0500	DEBUG	protocol/handler.go:581	tryAdvanceRound called	{"{current_round 20 5  <nil>}": {"Key":"self","Type":15,"Integer":0,"String":"b","Interface":null}}
2025-08-15T22:14:05.553-0500	DEBUG	protocol/handler.go:1600	waiting for broadcasts	{"{round 20 5  <nil>}": {"Key":"missing","Type":15,"Integer":0,"String":"[a c]","Interface":null}}
2025-08-15T22:14:05.553-0500	DEBUG	protocol/handler.go:581	tryAdvanceRound called	{"{current_round 20 3  <nil>}": {"Key":"self","Type":15,"Integer":0,"String":"b","Interface":null}}
2025-08-15T22:14:05.553-0500	DEBUG	protocol/handler.go:1591	have processed broadcast	{"{round 20 3  <nil>}": {"Key":"from","Type":15,"Integer":0,"String":"a","Interface":null}}
2025-08-15T22:14:05.553-0500	DEBUG	protocol/handler.go:1649	have all messages and processed	{"{round 20 3  <nil>}": {"Key":"self","Type":15,"Integer":0,"String":"b","Interface":null}}
2025-08-15T22:14:05.553-0500	DEBUG	protocol/handler.go:596	round already finalized
2025-08-15T22:14:05.553-0500	DEBUG	protocol/handler.go:581	tryAdvanceRound called	{"{current_round 20 3  <nil>}": {"Key":"self","Type":15,"Integer":0,"String":"b","Interface":null}}
2025-08-15T22:14:05.553-0500	DEBUG	protocol/handler.go:1591	have processed broadcast	{"{round 20 3  <nil>}": {"Key":"from","Type":15,"Integer":0,"String":"a","Interface":null}}
2025-08-15T22:14:05.553-0500	DEBUG	protocol/handler.go:1649	have all messages and processed	{"{round 20 3  <nil>}": {"Key":"self","Type":15,"Integer":0,"String":"b","Interface":null}}
2025-08-15T22:14:05.553-0500	DEBUG	protocol/handler.go:596	round already finalized
2025-08-15T22:14:05.553-0500	DEBUG	protocol/handler.go:581	tryAdvanceRound called	{"{current_round 20 3  <nil>}": {"Key":"self","Type":15,"Integer":0,"String":"a","Interface":null}}
2025-08-15T22:14:05.553-0500	DEBUG	protocol/handler.go:1591	have processed broadcast	{"{round 20 3  <nil>}": {"Key":"from","Type":15,"Integer":0,"String":"b","Interface":null}}
2025-08-15T22:14:05.553-0500	DEBUG	protocol/handler.go:1649	have all messages and processed	{"{round 20 3  <nil>}": {"Key":"self","Type":15,"Integer":0,"String":"a","Interface":null}}
2025-08-15T22:14:05.553-0500	DEBUG	protocol/handler.go:596	round already finalized
2025-08-15T22:14:05.553-0500	DEBUG	protocol/handler.go:581	tryAdvanceRound called	{"{current_round 20 3  <nil>}": {"Key":"self","Type":15,"Integer":0,"String":"a","Interface":null}}
2025-08-15T22:14:05.553-0500	DEBUG	protocol/handler.go:1591	have processed broadcast	{"{round 20 3  <nil>}": {"Key":"from","Type":15,"Integer":0,"String":"b","Interface":null}}
2025-08-15T22:14:05.553-0500	DEBUG	protocol/handler.go:1649	have all messages and processed	{"{round 20 3  <nil>}": {"Key":"self","Type":15,"Integer":0,"String":"a","Interface":null}}
2025-08-15T22:14:05.553-0500	DEBUG	protocol/handler.go:596	round already finalized
2025-08-15T22:14:05.577-0500	DEBUG	protocol/handler.go:581	tryAdvanceRound called	{"{current_round 20 5  <nil>}": {"Key":"self","Type":15,"Integer":0,"String":"b","Interface":null}}
2025-08-15T22:14:05.577-0500	DEBUG	protocol/handler.go:1600	waiting for broadcasts	{"{round 20 5  <nil>}": {"Key":"missing","Type":15,"Integer":0,"String":"[a c]","Interface":null}}
2025-08-15T22:14:05.578-0500	DEBUG	protocol/handler.go:1039	sendRoundMessage	{"{from 15 0 c <nil>}": {"Key":"to","Type":15,"Integer":0,"String":"","Interface":null}, "{round 20 5  <nil>}": {"Key":"broadcast","Type":4,"Integer":1,"String":"","Interface":null}}
2025-08-15T22:14:05.579-0500	DEBUG	protocol/handler.go:1657	storing broadcast	{"{round 20 5  <nil>}": {"Key":"from","Type":15,"Integer":0,"String":"c","Interface":null}}
2025-08-15T22:14:05.579-0500	DEBUG	protocol/handler.go:1081	sent message to output channel	{"{from 15 0 c <nil>}": {"Key":"to","Type":15,"Integer":0,"String":"","Interface":null}, "{round 20 5  <nil>}": {"Key":"broadcast","Type":4,"Integer":1,"String":"","Interface":null}}
2025-08-15T22:14:05.579-0500	DEBUG	protocol/handler.go:1182	finalized round messages	{"{round 20 4  <nil>}": {"Key":"messages","Type":11,"Integer":1,"String":"","Interface":null}}
2025-08-15T22:14:05.579-0500	DEBUG	protocol/handler.go:1239	finalize returned next round	{"{current 20 4  <nil>}": {"Key":"next","Type":20,"Integer":5,"String":"","Interface":null}}
2025-08-15T22:14:05.579-0500	INFO	protocol/handler.go:642	storing new currentRound	{"{from 20 4  <nil>}": {"Key":"to","Type":20,"Integer":5,"String":"","Interface":null}}
2025-08-15T22:14:05.580-0500	DEBUG	protocol/handler.go:1503	processing queued messages
2025-08-15T22:14:05.590-0500	DEBUG	protocol/handler.go:437	processing message	{"{from 15 0 c <nil>}": {"Key":"to","Type":15,"Integer":0,"String":"","Interface":null}, "{round 20 5  <nil>}": {"Key":"broadcast","Type":4,"Integer":1,"String":"","Interface":null}}
2025-08-15T22:14:05.590-0500	DEBUG	protocol/handler.go:1657	storing broadcast	{"{round 20 5  <nil>}": {"Key":"from","Type":15,"Integer":0,"String":"c","Interface":null}}
2025-08-15T22:14:05.590-0500	DEBUG	protocol/handler.go:470	message for different round (buffering)	{"{msg_round 20 5  <nil>}": {"Key":"current_round","Type":20,"Integer":4,"String":"","Interface":null}}
2025-08-15T22:14:05.590-0500	DEBUG	protocol/handler.go:581	tryAdvanceRound called	{"{current_round 20 4  <nil>}": {"Key":"self","Type":15,"Integer":0,"String":"a","Interface":null}}
2025-08-15T22:14:05.590-0500	DEBUG	protocol/handler.go:1591	have processed broadcast	{"{round 20 4  <nil>}": {"Key":"from","Type":15,"Integer":0,"String":"b","Interface":null}}
2025-08-15T22:14:05.590-0500	DEBUG	protocol/handler.go:1591	have processed broadcast	{"{round 20 4  <nil>}": {"Key":"from","Type":15,"Integer":0,"String":"c","Interface":null}}
2025-08-15T22:14:05.590-0500	DEBUG	protocol/handler.go:1649	have all messages and processed	{"{round 20 4  <nil>}": {"Key":"self","Type":15,"Integer":0,"String":"a","Interface":null}}
2025-08-15T22:14:05.590-0500	DEBUG	protocol/handler.go:619	finalizing round
2025-08-15T22:14:05.595-0500	DEBUG	protocol/handler.go:1039	sendRoundMessage	{"{from 15 0 a <nil>}": {"Key":"to","Type":15,"Integer":0,"String":"","Interface":null}, "{round 20 5  <nil>}": {"Key":"broadcast","Type":4,"Integer":1,"String":"","Interface":null}}
2025-08-15T22:14:05.596-0500	DEBUG	protocol/handler.go:1657	storing broadcast	{"{round 20 5  <nil>}": {"Key":"from","Type":15,"Integer":0,"String":"a","Interface":null}}
2025-08-15T22:14:05.596-0500	DEBUG	protocol/handler.go:1081	sent message to output channel	{"{from 15 0 a <nil>}": {"Key":"to","Type":15,"Integer":0,"String":"","Interface":null}, "{round 20 5  <nil>}": {"Key":"broadcast","Type":4,"Integer":1,"String":"","Interface":null}}
2025-08-15T22:14:05.596-0500	DEBUG	protocol/handler.go:1182	finalized round messages	{"{round 20 4  <nil>}": {"Key":"messages","Type":11,"Integer":1,"String":"","Interface":null}}
2025-08-15T22:14:05.596-0500	DEBUG	protocol/handler.go:1239	finalize returned next round	{"{current 20 4  <nil>}": {"Key":"next","Type":20,"Integer":5,"String":"","Interface":null}}
2025-08-15T22:14:05.596-0500	INFO	protocol/handler.go:642	storing new currentRound	{"{from 20 4  <nil>}": {"Key":"to","Type":20,"Integer":5,"String":"","Interface":null}}
2025-08-15T22:14:05.596-0500	DEBUG	protocol/handler.go:1503	processing queued messages
2025-08-15T22:14:05.600-0500	DEBUG	protocol/handler.go:581	tryAdvanceRound called	{"{current_round 20 5  <nil>}": {"Key":"self","Type":15,"Integer":0,"String":"b","Interface":null}}
2025-08-15T22:14:05.600-0500	DEBUG	protocol/handler.go:1600	waiting for broadcasts	{"{round 20 5  <nil>}": {"Key":"missing","Type":15,"Integer":0,"String":"[a c]","Interface":null}}
2025-08-15T22:14:05.600-0500	DEBUG	protocol/handler.go:581	tryAdvanceRound called	{"{current_round 20 3  <nil>}": {"Key":"self","Type":15,"Integer":0,"String":"a","Interface":null}}
2025-08-15T22:14:05.601-0500	DEBUG	protocol/handler.go:1591	have processed broadcast	{"{round 20 3  <nil>}": {"Key":"from","Type":15,"Integer":0,"String":"b","Interface":null}}
2025-08-15T22:14:05.601-0500	DEBUG	protocol/handler.go:1649	have all messages and processed	{"{round 20 3  <nil>}": {"Key":"self","Type":15,"Integer":0,"String":"a","Interface":null}}
2025-08-15T22:14:05.601-0500	DEBUG	protocol/handler.go:596	round already finalized
2025-08-15T22:14:05.601-0500	DEBUG	protocol/handler.go:581	tryAdvanceRound called	{"{current_round 20 3  <nil>}": {"Key":"self","Type":15,"Integer":0,"String":"a","Interface":null}}
2025-08-15T22:14:05.601-0500	DEBUG	protocol/handler.go:1591	have processed broadcast	{"{round 20 3  <nil>}": {"Key":"from","Type":15,"Integer":0,"String":"b","Interface":null}}
2025-08-15T22:14:05.601-0500	DEBUG	protocol/handler.go:1649	have all messages and processed	{"{round 20 3  <nil>}": {"Key":"self","Type":15,"Integer":0,"String":"a","Interface":null}}
2025-08-15T22:14:05.601-0500	DEBUG	protocol/handler.go:596	round already finalized
2025-08-15T22:14:05.601-0500	DEBUG	protocol/handler.go:581	tryAdvanceRound called	{"{current_round 20 3  <nil>}": {"Key":"self","Type":15,"Integer":0,"String":"b","Interface":null}}
2025-08-15T22:14:05.601-0500	DEBUG	protocol/handler.go:1591	have processed broadcast	{"{round 20 3  <nil>}": {"Key":"from","Type":15,"Integer":0,"String":"a","Interface":null}}
2025-08-15T22:14:05.601-0500	DEBUG	protocol/handler.go:1649	have all messages and processed	{"{round 20 3  <nil>}": {"Key":"self","Type":15,"Integer":0,"String":"b","Interface":null}}
2025-08-15T22:14:05.601-0500	DEBUG	protocol/handler.go:596	round already finalized
2025-08-15T22:14:05.601-0500	DEBUG	protocol/handler.go:581	tryAdvanceRound called	{"{current_round 20 3  <nil>}": {"Key":"self","Type":15,"Integer":0,"String":"b","Interface":null}}
2025-08-15T22:14:05.601-0500	DEBUG	protocol/handler.go:1591	have processed broadcast	{"{round 20 3  <nil>}": {"Key":"from","Type":15,"Integer":0,"String":"a","Interface":null}}
2025-08-15T22:14:05.601-0500	DEBUG	protocol/handler.go:1649	have all messages and processed	{"{round 20 3  <nil>}": {"Key":"self","Type":15,"Integer":0,"String":"b","Interface":null}}
2025-08-15T22:14:05.601-0500	DEBUG	protocol/handler.go:596	round already finalized
2025-08-15T22:14:05.602-0500	DEBUG	protocol/handler.go:581	tryAdvanceRound called	{"{current_round 20 5  <nil>}": {"Key":"self","Type":15,"Integer":0,"String":"b","Interface":null}}
2025-08-15T22:14:05.602-0500	DEBUG	protocol/handler.go:1600	waiting for broadcasts	{"{round 20 5  <nil>}": {"Key":"missing","Type":15,"Integer":0,"String":"[a c]","Interface":null}}
2025-08-15T22:14:05.617-0500	DEBUG	protocol/handler.go:581	tryAdvanceRound called	{"{current_round 20 5  <nil>}": {"Key":"self","Type":15,"Integer":0,"String":"b","Interface":null}}
2025-08-15T22:14:05.617-0500	DEBUG	protocol/handler.go:1600	waiting for broadcasts	{"{round 20 5  <nil>}": {"Key":"missing","Type":15,"Integer":0,"String":"[a c]","Interface":null}}
2025-08-15T22:14:05.617-0500	DEBUG	protocol/handler.go:581	tryAdvanceRound called	{"{current_round 20 3  <nil>}": {"Key":"self","Type":15,"Integer":0,"String":"b","Interface":null}}
2025-08-15T22:14:05.617-0500	DEBUG	protocol/handler.go:1591	have processed broadcast	{"{round 20 3  <nil>}": {"Key":"from","Type":15,"Integer":0,"String":"a","Interface":null}}
2025-08-15T22:14:05.617-0500	DEBUG	protocol/handler.go:1649	have all messages and processed	{"{round 20 3  <nil>}": {"Key":"self","Type":15,"Integer":0,"String":"b","Interface":null}}
2025-08-15T22:14:05.617-0500	DEBUG	protocol/handler.go:596	round already finalized
2025-08-15T22:14:05.617-0500	DEBUG	protocol/handler.go:581	tryAdvanceRound called	{"{current_round 20 3  <nil>}": {"Key":"self","Type":15,"Integer":0,"String":"a","Interface":null}}
2025-08-15T22:14:05.617-0500	DEBUG	protocol/handler.go:1591	have processed broadcast	{"{round 20 3  <nil>}": {"Key":"from","Type":15,"Integer":0,"String":"b","Interface":null}}
2025-08-15T22:14:05.617-0500	DEBUG	protocol/handler.go:1649	have all messages and processed	{"{round 20 3  <nil>}": {"Key":"self","Type":15,"Integer":0,"String":"a","Interface":null}}
2025-08-15T22:14:05.618-0500	DEBUG	protocol/handler.go:596	round already finalized
2025-08-15T22:14:05.617-0500	DEBUG	protocol/handler.go:437	processing message	{"{from 15 0 c <nil>}": {"Key":"to","Type":15,"Integer":0,"String":"","Interface":null}, "{round 20 5  <nil>}": {"Key":"broadcast","Type":4,"Integer":1,"String":"","Interface":null}}
2025-08-15T22:14:05.618-0500	DEBUG	protocol/handler.go:1657	storing broadcast	{"{round 20 5  <nil>}": {"Key":"from","Type":15,"Integer":0,"String":"c","Interface":null}}
2025-08-15T22:14:05.624-0500	DEBUG	protocol/handler.go:581	tryAdvanceRound called	{"{current_round 20 5  <nil>}": {"Key":"self","Type":15,"Integer":0,"String":"b","Interface":null}}
2025-08-15T22:14:05.624-0500	DEBUG	protocol/handler.go:1591	have processed broadcast	{"{round 20 5  <nil>}": {"Key":"from","Type":15,"Integer":0,"String":"c","Interface":null}}
2025-08-15T22:14:05.624-0500	DEBUG	protocol/handler.go:1600	waiting for broadcasts	{"{round 20 5  <nil>}": {"Key":"missing","Type":15,"Integer":0,"String":"[a]","Interface":null}}
2025-08-15T22:14:05.617-0500	DEBUG	protocol/handler.go:437	processing message	{"{from 15 0 a <nil>}": {"Key":"to","Type":15,"Integer":0,"String":"","Interface":null}, "{round 20 5  <nil>}": {"Key":"broadcast","Type":4,"Integer":1,"String":"","Interface":null}}
2025-08-15T22:14:05.624-0500	DEBUG	protocol/handler.go:1657	storing broadcast	{"{round 20 5  <nil>}": {"Key":"from","Type":15,"Integer":0,"String":"a","Interface":null}}
2025-08-15T22:14:05.625-0500	DEBUG	protocol/handler.go:1503	processing queued messages
2025-08-15T22:14:05.629-0500	DEBUG	protocol/handler.go:581	tryAdvanceRound called	{"{current_round 20 3  <nil>}": {"Key":"self","Type":15,"Integer":0,"String":"a","Interface":null}}
2025-08-15T22:14:05.629-0500	DEBUG	protocol/handler.go:1591	have processed broadcast	{"{round 20 3  <nil>}": {"Key":"from","Type":15,"Integer":0,"String":"b","Interface":null}}
2025-08-15T22:14:05.629-0500	DEBUG	protocol/handler.go:1649	have all messages and processed	{"{round 20 3  <nil>}": {"Key":"self","Type":15,"Integer":0,"String":"a","Interface":null}}
2025-08-15T22:14:05.629-0500	DEBUG	protocol/handler.go:596	round already finalized
2025-08-15T22:14:05.629-0500	DEBUG	protocol/handler.go:581	tryAdvanceRound called	{"{current_round 20 5  <nil>}": {"Key":"self","Type":15,"Integer":0,"String":"b","Interface":null}}
2025-08-15T22:14:05.629-0500	DEBUG	protocol/handler.go:1591	have processed broadcast	{"{round 20 5  <nil>}": {"Key":"from","Type":15,"Integer":0,"String":"c","Interface":null}}
2025-08-15T22:14:05.629-0500	DEBUG	protocol/handler.go:1600	waiting for broadcasts	{"{round 20 5  <nil>}": {"Key":"missing","Type":15,"Integer":0,"String":"[a]","Interface":null}}
2025-08-15T22:14:05.629-0500	DEBUG	protocol/handler.go:581	tryAdvanceRound called	{"{current_round 20 3  <nil>}": {"Key":"self","Type":15,"Integer":0,"String":"b","Interface":null}}
2025-08-15T22:14:05.630-0500	DEBUG	protocol/handler.go:1591	have processed broadcast	{"{round 20 3  <nil>}": {"Key":"from","Type":15,"Integer":0,"String":"a","Interface":null}}
2025-08-15T22:14:05.630-0500	DEBUG	protocol/handler.go:1649	have all messages and processed	{"{round 20 3  <nil>}": {"Key":"self","Type":15,"Integer":0,"String":"b","Interface":null}}
2025-08-15T22:14:05.630-0500	DEBUG	protocol/handler.go:596	round already finalized
2025-08-15T22:14:05.632-0500	DEBUG	protocol/handler.go:581	tryAdvanceRound called	{"{current_round 20 5  <nil>}": {"Key":"self","Type":15,"Integer":0,"String":"c","Interface":null}}
2025-08-15T22:14:05.633-0500	INFO	protocol/handler.go:560	advanced to round
2025-08-15T22:14:05.633-0500	DEBUG	protocol/handler.go:581	tryAdvanceRound called	{"{current_round 20 5  <nil>}": {"Key":"self","Type":15,"Integer":0,"String":"c","Interface":null}}
2025-08-15T22:14:05.638-0500	DEBUG	protocol/handler.go:1591	have processed broadcast	{"{round 20 5  <nil>}": {"Key":"from","Type":15,"Integer":0,"String":"a","Interface":null}}
2025-08-15T22:14:05.638-0500	DEBUG	protocol/handler.go:1591	have processed broadcast	{"{round 20 5  <nil>}": {"Key":"from","Type":15,"Integer":0,"String":"b","Interface":null}}
2025-08-15T22:14:05.638-0500	DEBUG	protocol/handler.go:1649	have all messages and processed	{"{round 20 5  <nil>}": {"Key":"self","Type":15,"Integer":0,"String":"c","Interface":null}}
2025-08-15T22:14:05.638-0500	DEBUG	protocol/handler.go:619	finalizing round
2025-08-15T22:14:05.638-0500	DEBUG	protocol/handler.go:581	tryAdvanceRound called	{"{current_round 20 3  <nil>}": {"Key":"self","Type":15,"Integer":0,"String":"b","Interface":null}}
2025-08-15T22:14:05.638-0500	DEBUG	protocol/handler.go:1591	have processed broadcast	{"{round 20 3  <nil>}": {"Key":"from","Type":15,"Integer":0,"String":"a","Interface":null}}
2025-08-15T22:14:05.638-0500	DEBUG	protocol/handler.go:1649	have all messages and processed	{"{round 20 3  <nil>}": {"Key":"self","Type":15,"Integer":0,"String":"b","Interface":null}}
2025-08-15T22:14:05.638-0500	DEBUG	protocol/handler.go:596	round already finalized
2025-08-15T22:14:05.644-0500	DEBUG	protocol/handler.go:1591	have processed broadcast	{"{round 20 5  <nil>}": {"Key":"from","Type":15,"Integer":0,"String":"a","Interface":null}}
2025-08-15T22:14:05.644-0500	DEBUG	protocol/handler.go:1591	have processed broadcast	{"{round 20 5  <nil>}": {"Key":"from","Type":15,"Integer":0,"String":"b","Interface":null}}
2025-08-15T22:14:05.644-0500	DEBUG	protocol/handler.go:1649	have all messages and processed	{"{round 20 5  <nil>}": {"Key":"self","Type":15,"Integer":0,"String":"c","Interface":null}}
2025-08-15T22:14:05.644-0500	DEBUG	protocol/handler.go:596	round already finalized
2025-08-15T22:14:05.645-0500	DEBUG	protocol/handler.go:581	tryAdvanceRound called	{"{current_round 20 5  <nil>}": {"Key":"self","Type":15,"Integer":0,"String":"c","Interface":null}}
2025-08-15T22:14:05.645-0500	DEBUG	protocol/handler.go:1591	have processed broadcast	{"{round 20 5  <nil>}": {"Key":"from","Type":15,"Integer":0,"String":"a","Interface":null}}
2025-08-15T22:14:05.645-0500	DEBUG	protocol/handler.go:1591	have processed broadcast	{"{round 20 5  <nil>}": {"Key":"from","Type":15,"Integer":0,"String":"b","Interface":null}}
2025-08-15T22:14:05.645-0500	DEBUG	protocol/handler.go:1649	have all messages and processed	{"{round 20 5  <nil>}": {"Key":"self","Type":15,"Integer":0,"String":"c","Interface":null}}
2025-08-15T22:14:05.645-0500	DEBUG	protocol/handler.go:596	round already finalized
2025-08-15T22:14:05.645-0500	DEBUG	protocol/handler.go:1503	processing queued messages
2025-08-15T22:14:05.658-0500	DEBUG	protocol/handler.go:581	tryAdvanceRound called	{"{current_round 20 5  <nil>}": {"Key":"self","Type":15,"Integer":0,"String":"c","Interface":null}}
2025-08-15T22:14:05.658-0500	DEBUG	protocol/handler.go:1182	finalized round messages	{"{round 20 5  <nil>}": {"Key":"messages","Type":11,"Integer":0,"String":"","Interface":null}}
2025-08-15T22:14:05.658-0500	DEBUG	protocol/handler.go:1591	have processed broadcast	{"{round 20 5  <nil>}": {"Key":"from","Type":15,"Integer":0,"String":"a","Interface":null}}
2025-08-15T22:14:05.658-0500	INFO	protocol/handler.go:1211	protocol completed	{"{self 15 0 c <nil>}": {"Key":"final_round","Type":20,"Integer":5,"String":"","Interface":null}}
2025-08-15T22:14:05.658-0500	DEBUG	protocol/handler.go:1591	have processed broadcast	{"{round 20 5  <nil>}": {"Key":"from","Type":15,"Integer":0,"String":"b","Interface":null}}
2025-08-15T22:14:05.658-0500	DEBUG	protocol/handler.go:624	finalizeRound returned nil
2025-08-15T22:14:05.659-0500	DEBUG	protocol/handler.go:1649	have all messages and processed	{"{round 20 5  <nil>}": {"Key":"self","Type":15,"Integer":0,"String":"c","Interface":null}}
2025-08-15T22:14:05.659-0500	DEBUG	protocol/handler.go:596	round already finalized
2025-08-15T22:14:05.659-0500	DEBUG	protocol/handler.go:581	tryAdvanceRound called	{"{current_round 20 5  <nil>}": {"Key":"self","Type":15,"Integer":0,"String":"b","Interface":null}}
2025-08-15T22:14:05.659-0500	INFO	protocol/handler.go:787	protocol completed successfully
2025-08-15T22:14:05.659-0500	DEBUG	protocol/handler.go:1591	have processed broadcast	{"{round 20 5  <nil>}": {"Key":"from","Type":15,"Integer":0,"String":"c","Interface":null}}
2025-08-15T22:14:05.659-0500	DEBUG	protocol/handler.go:437	processing message	{"{from 15 0 a <nil>}": {"Key":"to","Type":15,"Integer":0,"String":"","Interface":null}, "{round 20 5  <nil>}": {"Key":"broadcast","Type":4,"Integer":1,"String":"","Interface":null}}
2025-08-15T22:14:05.659-0500	DEBUG	protocol/handler.go:1600	waiting for broadcasts	{"{round 20 5  <nil>}": {"Key":"missing","Type":15,"Integer":0,"String":"[a]","Interface":null}}
2025-08-15T22:14:05.659-0500	DEBUG	protocol/handler.go:1657	storing broadcast	{"{round 20 5  <nil>}": {"Key":"from","Type":15,"Integer":0,"String":"a","Interface":null}}
2025-08-15T22:14:05.659-0500	DEBUG	protocol/handler.go:581	tryAdvanceRound called	{"{current_round 20 5  <nil>}": {"Key":"self","Type":15,"Integer":0,"String":"b","Interface":null}}
2025-08-15T22:14:05.665-0500	DEBUG	protocol/handler.go:581	tryAdvanceRound called	{"{current_round 20 5  <nil>}": {"Key":"self","Type":15,"Integer":0,"String":"b","Interface":null}}
2025-08-15T22:14:05.665-0500	DEBUG	protocol/handler.go:1591	have processed broadcast	{"{round 20 5  <nil>}": {"Key":"from","Type":15,"Integer":0,"String":"a","Interface":null}}
2025-08-15T22:14:05.665-0500	DEBUG	protocol/handler.go:1591	have processed broadcast	{"{round 20 5  <nil>}": {"Key":"from","Type":15,"Integer":0,"String":"c","Interface":null}}
2025-08-15T22:14:05.665-0500	DEBUG	protocol/handler.go:1649	have all messages and processed	{"{round 20 5  <nil>}": {"Key":"self","Type":15,"Integer":0,"String":"b","Interface":null}}
2025-08-15T22:14:05.665-0500	DEBUG	protocol/handler.go:619	finalizing round
2025-08-15T22:14:05.667-0500	DEBUG	protocol/handler.go:1591	have processed broadcast	{"{round 20 5  <nil>}": {"Key":"from","Type":15,"Integer":0,"String":"a","Interface":null}}
2025-08-15T22:14:05.667-0500	DEBUG	protocol/handler.go:1591	have processed broadcast	{"{round 20 5  <nil>}": {"Key":"from","Type":15,"Integer":0,"String":"c","Interface":null}}
2025-08-15T22:14:05.667-0500	DEBUG	protocol/handler.go:1649	have all messages and processed	{"{round 20 5  <nil>}": {"Key":"self","Type":15,"Integer":0,"String":"b","Interface":null}}
2025-08-15T22:14:05.667-0500	DEBUG	protocol/handler.go:596	round already finalized
2025-08-15T22:14:05.667-0500	DEBUG	protocol/handler.go:581	tryAdvanceRound called	{"{current_round 20 5  <nil>}": {"Key":"self","Type":15,"Integer":0,"String":"b","Interface":null}}
2025-08-15T22:14:05.667-0500	DEBUG	protocol/handler.go:1591	have processed broadcast	{"{round 20 5  <nil>}": {"Key":"from","Type":15,"Integer":0,"String":"a","Interface":null}}
2025-08-15T22:14:05.667-0500	DEBUG	protocol/handler.go:1591	have processed broadcast	{"{round 20 5  <nil>}": {"Key":"from","Type":15,"Integer":0,"String":"c","Interface":null}}
2025-08-15T22:14:05.667-0500	DEBUG	protocol/handler.go:1649	have all messages and processed	{"{round 20 5  <nil>}": {"Key":"self","Type":15,"Integer":0,"String":"b","Interface":null}}
2025-08-15T22:14:05.667-0500	DEBUG	protocol/handler.go:596	round already finalized
2025-08-15T22:14:05.667-0500	DEBUG	protocol/handler.go:581	tryAdvanceRound called	{"{current_round 20 3  <nil>}": {"Key":"self","Type":15,"Integer":0,"String":"b","Interface":null}}
2025-08-15T22:14:05.667-0500	DEBUG	protocol/handler.go:1591	have processed broadcast	{"{round 20 3  <nil>}": {"Key":"from","Type":15,"Integer":0,"String":"a","Interface":null}}
2025-08-15T22:14:05.667-0500	DEBUG	protocol/handler.go:1649	have all messages and processed	{"{round 20 3  <nil>}": {"Key":"self","Type":15,"Integer":0,"String":"b","Interface":null}}
2025-08-15T22:14:05.667-0500	DEBUG	protocol/handler.go:596	round already finalized
2025-08-15T22:14:05.667-0500	DEBUG	protocol/handler.go:581	tryAdvanceRound called	{"{current_round 20 3  <nil>}": {"Key":"self","Type":15,"Integer":0,"String":"b","Interface":null}}
2025-08-15T22:14:05.667-0500	DEBUG	protocol/handler.go:1591	have processed broadcast	{"{round 20 3  <nil>}": {"Key":"from","Type":15,"Integer":0,"String":"a","Interface":null}}
2025-08-15T22:14:05.667-0500	DEBUG	protocol/handler.go:1649	have all messages and processed	{"{round 20 3  <nil>}": {"Key":"self","Type":15,"Integer":0,"String":"b","Interface":null}}
2025-08-15T22:14:05.667-0500	DEBUG	protocol/handler.go:596	round already finalized
2025-08-15T22:14:05.683-0500	DEBUG	protocol/handler.go:1182	finalized round messages	{"{round 20 5  <nil>}": {"Key":"messages","Type":11,"Integer":0,"String":"","Interface":null}}
2025-08-15T22:14:05.683-0500	INFO	protocol/handler.go:1211	protocol completed	{"{self 15 0 b <nil>}": {"Key":"final_round","Type":20,"Integer":5,"String":"","Interface":null}}
2025-08-15T22:14:05.683-0500	DEBUG	protocol/handler.go:624	finalizeRound returned nil
2025-08-15T22:14:05.683-0500	DEBUG	protocol/handler.go:581	tryAdvanceRound called	{"{current_round 20 3  <nil>}": {"Key":"self","Type":15,"Integer":0,"String":"b","Interface":null}}
2025-08-15T22:14:05.693-0500	DEBUG	protocol/handler.go:1591	have processed broadcast	{"{round 20 3  <nil>}": {"Key":"from","Type":15,"Integer":0,"String":"a","Interface":null}}
2025-08-15T22:14:05.693-0500	DEBUG	protocol/handler.go:1649	have all messages and processed	{"{round 20 3  <nil>}": {"Key":"self","Type":15,"Integer":0,"String":"b","Interface":null}}
2025-08-15T22:14:05.693-0500	DEBUG	protocol/handler.go:596	round already finalized
2025-08-15T22:14:05.693-0500	DEBUG	protocol/handler.go:581	tryAdvanceRound called	{"{current_round 20 3  <nil>}": {"Key":"self","Type":15,"Integer":0,"String":"b","Interface":null}}
2025-08-15T22:14:05.694-0500	DEBUG	protocol/handler.go:1591	have processed broadcast	{"{round 20 3  <nil>}": {"Key":"from","Type":15,"Integer":0,"String":"a","Interface":null}}
2025-08-15T22:14:05.694-0500	DEBUG	protocol/handler.go:1649	have all messages and processed	{"{round 20 3  <nil>}": {"Key":"self","Type":15,"Integer":0,"String":"b","Interface":null}}
2025-08-15T22:14:05.694-0500	DEBUG	protocol/handler.go:596	round already finalized
2025-08-15T22:14:05.629-0500	DEBUG	protocol/handler.go:581	tryAdvanceRound called	{"{current_round 20 3  <nil>}": {"Key":"self","Type":15,"Integer":0,"String":"a","Interface":null}}
2025-08-15T22:14:05.695-0500	DEBUG	protocol/handler.go:1591	have processed broadcast	{"{round 20 3  <nil>}": {"Key":"from","Type":15,"Integer":0,"String":"b","Interface":null}}
2025-08-15T22:14:05.695-0500	DEBUG	protocol/handler.go:1649	have all messages and processed	{"{round 20 3  <nil>}": {"Key":"self","Type":15,"Integer":0,"String":"a","Interface":null}}
2025-08-15T22:14:05.695-0500	DEBUG	protocol/handler.go:596	round already finalized
2025-08-15T22:14:05.695-0500	DEBUG	protocol/handler.go:581	tryAdvanceRound called	{"{current_round 20 3  <nil>}": {"Key":"self","Type":15,"Integer":0,"String":"a","Interface":null}}
2025-08-15T22:14:05.695-0500	DEBUG	protocol/handler.go:1591	have processed broadcast	{"{round 20 3  <nil>}": {"Key":"from","Type":15,"Integer":0,"String":"b","Interface":null}}
2025-08-15T22:14:05.695-0500	DEBUG	protocol/handler.go:1649	have all messages and processed	{"{round 20 3  <nil>}": {"Key":"self","Type":15,"Integer":0,"String":"a","Interface":null}}
2025-08-15T22:14:05.706-0500	DEBUG	protocol/handler.go:581	tryAdvanceRound called	{"{current_round 20 3  <nil>}": {"Key":"self","Type":15,"Integer":0,"String":"b","Interface":null}}
2025-08-15T22:14:05.706-0500	DEBUG	protocol/handler.go:1591	have processed broadcast	{"{round 20 3  <nil>}": {"Key":"from","Type":15,"Integer":0,"String":"a","Interface":null}}
2025-08-15T22:14:05.706-0500	DEBUG	protocol/handler.go:1649	have all messages and processed	{"{round 20 3  <nil>}": {"Key":"self","Type":15,"Integer":0,"String":"b","Interface":null}}
2025-08-15T22:14:05.706-0500	DEBUG	protocol/handler.go:596	round already finalized
2025-08-15T22:14:05.695-0500	DEBUG	protocol/handler.go:596	round already finalized
2025-08-15T22:14:05.706-0500	DEBUG	protocol/handler.go:581	tryAdvanceRound called	{"{current_round 20 3  <nil>}": {"Key":"self","Type":15,"Integer":0,"String":"a","Interface":null}}
2025-08-15T22:14:05.706-0500	DEBUG	protocol/handler.go:1591	have processed broadcast	{"{round 20 3  <nil>}": {"Key":"from","Type":15,"Integer":0,"String":"b","Interface":null}}
2025-08-15T22:14:05.706-0500	DEBUG	protocol/handler.go:1649	have all messages and processed	{"{round 20 3  <nil>}": {"Key":"self","Type":15,"Integer":0,"String":"a","Interface":null}}
2025-08-15T22:14:05.706-0500	DEBUG	protocol/handler.go:596	round already finalized
2025-08-15T22:14:05.707-0500	INFO	protocol/handler.go:787	protocol completed successfully
2025-08-15T22:14:05.733-0500	DEBUG	protocol/handler.go:581	tryAdvanceRound called	{"{current_round 20 3  <nil>}": {"Key":"self","Type":15,"Integer":0,"String":"b","Interface":null}}
2025-08-15T22:14:05.733-0500	DEBUG	protocol/handler.go:1591	have processed broadcast	{"{round 20 3  <nil>}": {"Key":"from","Type":15,"Integer":0,"String":"a","Interface":null}}
2025-08-15T22:14:05.739-0500	DEBUG	protocol/handler.go:1649	have all messages and processed	{"{round 20 3  <nil>}": {"Key":"self","Type":15,"Integer":0,"String":"b","Interface":null}}
2025-08-15T22:14:05.739-0500	DEBUG	protocol/handler.go:596	round already finalized
2025-08-15T22:14:05.740-0500	DEBUG	protocol/handler.go:581	tryAdvanceRound called	{"{current_round 20 3  <nil>}": {"Key":"self","Type":15,"Integer":0,"String":"b","Interface":null}}
2025-08-15T22:14:05.740-0500	DEBUG	protocol/handler.go:1591	have processed broadcast	{"{round 20 3  <nil>}": {"Key":"from","Type":15,"Integer":0,"String":"a","Interface":null}}
2025-08-15T22:14:05.740-0500	DEBUG	protocol/handler.go:1649	have all messages and processed	{"{round 20 3  <nil>}": {"Key":"self","Type":15,"Integer":0,"String":"b","Interface":null}}
2025-08-15T22:14:05.740-0500	DEBUG	protocol/handler.go:596	round already finalized
2025-08-15T22:14:05.753-0500	DEBUG	protocol/handler.go:403	worker stopping
2025-08-15T22:14:05.753-0500	DEBUG	protocol/handler.go:581	tryAdvanceRound called	{"{current_round 20 3  <nil>}": {"Key":"self","Type":15,"Integer":0,"String":"b","Interface":null}}
2025-08-15T22:14:05.753-0500	DEBUG	protocol/handler.go:1591	have processed broadcast	{"{round 20 3  <nil>}": {"Key":"from","Type":15,"Integer":0,"String":"a","Interface":null}}
2025-08-15T22:14:05.753-0500	DEBUG	protocol/handler.go:1649	have all messages and processed	{"{round 20 3  <nil>}": {"Key":"self","Type":15,"Integer":0,"String":"b","Interface":null}}
2025-08-15T22:14:05.753-0500	DEBUG	protocol/handler.go:596	round already finalized
2025-08-15T22:14:05.753-0500	DEBUG	protocol/handler.go:403	worker stopping
2025-08-15T22:14:05.753-0500	DEBUG	protocol/handler.go:403	worker stopping
2025-08-15T22:14:05.753-0500	DEBUG	protocol/handler.go:403	worker stopping
2025-08-15T22:14:05.753-0500	DEBUG	protocol/handler.go:403	worker stopping
2025-08-15T22:14:05.753-0500	DEBUG	protocol/handler.go:403	worker stopping
2025-08-15T22:14:05.753-0500	DEBUG	protocol/handler.go:403	worker stopping
2025-08-15T22:14:05.753-0500	DEBUG	protocol/handler.go:403	worker stopping
2025-08-15T22:14:05.762-0500	DEBUG	protocol/handler.go:581	tryAdvanceRound called	{"{current_round 20 3  <nil>}": {"Key":"self","Type":15,"Integer":0,"String":"a","Interface":null}}
2025-08-15T22:14:05.763-0500	DEBUG	protocol/handler.go:1591	have processed broadcast	{"{round 20 3  <nil>}": {"Key":"from","Type":15,"Integer":0,"String":"b","Interface":null}}
2025-08-15T22:14:05.763-0500	DEBUG	protocol/handler.go:1649	have all messages and processed	{"{round 20 3  <nil>}": {"Key":"self","Type":15,"Integer":0,"String":"a","Interface":null}}
2025-08-15T22:14:05.763-0500	DEBUG	protocol/handler.go:596	round already finalized
2025-08-15T22:14:05.763-0500	DEBUG	protocol/handler.go:581	tryAdvanceRound called	{"{current_round 20 3  <nil>}": {"Key":"self","Type":15,"Integer":0,"String":"a","Interface":null}}
2025-08-15T22:14:05.763-0500	DEBUG	protocol/handler.go:1591	have processed broadcast	{"{round 20 3  <nil>}": {"Key":"from","Type":15,"Integer":0,"String":"b","Interface":null}}
2025-08-15T22:14:05.764-0500	DEBUG	protocol/handler.go:1649	have all messages and processed	{"{round 20 3  <nil>}": {"Key":"self","Type":15,"Integer":0,"String":"a","Interface":null}}
2025-08-15T22:14:05.765-0500	DEBUG	protocol/handler.go:596	round already finalized
2025-08-15T22:14:05.780-0500	DEBUG	protocol/handler.go:403	worker stopping
2025-08-15T22:14:05.781-0500	DEBUG	protocol/handler.go:403	worker stopping
2025-08-15T22:14:05.782-0500	DEBUG	protocol/handler.go:403	worker stopping
2025-08-15T22:14:05.782-0500	DEBUG	protocol/handler.go:403	worker stopping
2025-08-15T22:14:05.782-0500	DEBUG	protocol/handler.go:403	worker stopping
2025-08-15T22:14:05.782-0500	DEBUG	protocol/handler.go:403	worker stopping
2025-08-15T22:14:05.800-0500	DEBUG	protocol/handler.go:581	tryAdvanceRound called	{"{current_round 20 3  <nil>}": {"Key":"self","Type":15,"Integer":0,"String":"a","Interface":null}}
2025-08-15T22:14:05.800-0500	DEBUG	protocol/handler.go:1591	have processed broadcast	{"{round 20 3  <nil>}": {"Key":"from","Type":15,"Integer":0,"String":"b","Interface":null}}
2025-08-15T22:14:05.800-0500	DEBUG	protocol/handler.go:1649	have all messages and processed	{"{round 20 3  <nil>}": {"Key":"self","Type":15,"Integer":0,"String":"a","Interface":null}}
2025-08-15T22:14:05.800-0500	DEBUG	protocol/handler.go:596	round already finalized
2025-08-15T22:14:05.800-0500	DEBUG	protocol/handler.go:581	tryAdvanceRound called	{"{current_round 20 3  <nil>}": {"Key":"self","Type":15,"Integer":0,"String":"a","Interface":null}}
2025-08-15T22:14:05.801-0500	DEBUG	protocol/handler.go:1591	have processed broadcast	{"{round 20 3  <nil>}": {"Key":"from","Type":15,"Integer":0,"String":"b","Interface":null}}
2025-08-15T22:14:05.801-0500	DEBUG	protocol/handler.go:1649	have all messages and processed	{"{round 20 3  <nil>}": {"Key":"self","Type":15,"Integer":0,"String":"a","Interface":null}}
2025-08-15T22:14:05.801-0500	DEBUG	protocol/handler.go:596	round already finalized
2025-08-15T22:14:05.809-0500	DEBUG	protocol/handler.go:581	tryAdvanceRound called	{"{current_round 20 3  <nil>}": {"Key":"self","Type":15,"Integer":0,"String":"b","Interface":null}}
2025-08-15T22:14:05.809-0500	DEBUG	protocol/handler.go:1591	have processed broadcast	{"{round 20 3  <nil>}": {"Key":"from","Type":15,"Integer":0,"String":"a","Interface":null}}
2025-08-15T22:14:05.809-0500	DEBUG	protocol/handler.go:1649	have all messages and processed	{"{round 20 3  <nil>}": {"Key":"self","Type":15,"Integer":0,"String":"b","Interface":null}}
2025-08-15T22:14:05.809-0500	DEBUG	protocol/handler.go:596	round already finalized
2025-08-15T22:14:05.810-0500	DEBUG	protocol/handler.go:581	tryAdvanceRound called	{"{current_round 20 3  <nil>}": {"Key":"self","Type":15,"Integer":0,"String":"b","Interface":null}}
2025-08-15T22:14:05.810-0500	DEBUG	protocol/handler.go:1591	have processed broadcast	{"{round 20 3  <nil>}": {"Key":"from","Type":15,"Integer":0,"String":"a","Interface":null}}
2025-08-15T22:14:05.810-0500	DEBUG	protocol/handler.go:1649	have all messages and processed	{"{round 20 3  <nil>}": {"Key":"self","Type":15,"Integer":0,"String":"b","Interface":null}}
2025-08-15T22:14:05.810-0500	DEBUG	protocol/handler.go:596	round already finalized
2025-08-15T22:14:05.826-0500	DEBUG	protocol/handler.go:581	tryAdvanceRound called	{"{current_round 20 3  <nil>}": {"Key":"self","Type":15,"Integer":0,"String":"a","Interface":null}}
2025-08-15T22:14:05.826-0500	DEBUG	protocol/handler.go:1591	have processed broadcast	{"{round 20 3  <nil>}": {"Key":"from","Type":15,"Integer":0,"String":"b","Interface":null}}
2025-08-15T22:14:05.826-0500	DEBUG	protocol/handler.go:1649	have all messages and processed	{"{round 20 3  <nil>}": {"Key":"self","Type":15,"Integer":0,"String":"a","Interface":null}}
2025-08-15T22:14:05.826-0500	DEBUG	protocol/handler.go:596	round already finalized
2025-08-15T22:14:05.834-0500	DEBUG	protocol/handler.go:581	tryAdvanceRound called	{"{current_round 20 3  <nil>}": {"Key":"self","Type":15,"Integer":0,"String":"b","Interface":null}}
2025-08-15T22:14:05.834-0500	DEBUG	protocol/handler.go:1591	have processed broadcast	{"{round 20 3  <nil>}": {"Key":"from","Type":15,"Integer":0,"String":"a","Interface":null}}
2025-08-15T22:14:05.834-0500	DEBUG	protocol/handler.go:1649	have all messages and processed	{"{round 20 3  <nil>}": {"Key":"self","Type":15,"Integer":0,"String":"b","Interface":null}}
2025-08-15T22:14:05.834-0500	DEBUG	protocol/handler.go:596	round already finalized
2025-08-15T22:14:05.870-0500	DEBUG	protocol/handler.go:581	tryAdvanceRound called	{"{current_round 20 3  <nil>}": {"Key":"self","Type":15,"Integer":0,"String":"a","Interface":null}}
2025-08-15T22:14:05.870-0500	DEBUG	protocol/handler.go:1591	have processed broadcast	{"{round 20 3  <nil>}": {"Key":"from","Type":15,"Integer":0,"String":"b","Interface":null}}
2025-08-15T22:14:05.870-0500	DEBUG	protocol/handler.go:1649	have all messages and processed	{"{round 20 3  <nil>}": {"Key":"self","Type":15,"Integer":0,"String":"a","Interface":null}}
2025-08-15T22:14:05.870-0500	DEBUG	protocol/handler.go:596	round already finalized
2025-08-15T22:14:05.870-0500	DEBUG	protocol/handler.go:581	tryAdvanceRound called	{"{current_round 20 3  <nil>}": {"Key":"self","Type":15,"Integer":0,"String":"a","Interface":null}}
2025-08-15T22:14:05.870-0500	DEBUG	protocol/handler.go:1591	have processed broadcast	{"{round 20 3  <nil>}": {"Key":"from","Type":15,"Integer":0,"String":"b","Interface":null}}
2025-08-15T22:14:05.870-0500	DEBUG	protocol/handler.go:1649	have all messages and processed	{"{round 20 3  <nil>}": {"Key":"self","Type":15,"Integer":0,"String":"a","Interface":null}}
2025-08-15T22:14:05.870-0500	DEBUG	protocol/handler.go:596	round already finalized
==================
WARNING: DATA RACE
Write at 0x00c00010d0f8 by goroutine 80:
  github.com/cronokirby/saferith.maskEnd()
      /Users/z/go/pkg/mod/github.com/cronokirby/saferith@v0.33.0/num.go:261 +0x1cc
  github.com/cronokirby/saferith.(*Nat).resizedLimbs()
      /Users/z/go/pkg/mod/github.com/cronokirby/saferith@v0.33.0/num.go:252 +0x16c
  github.com/cronokirby/saferith.(*Nat).Cmp()
      /Users/z/go/pkg/mod/github.com/cronokirby/saferith@v0.33.0/num.go:1411 +0x90
  github.com/cronokirby/saferith.(*Nat).CmpMod()
      /Users/z/go/pkg/mod/github.com/cronokirby/saferith@v0.33.0/num.go:1430 +0x74
  github.com/luxfi/threshold/pkg/math/arith.IsValidNatModN()
      /Users/z/work/lux/threshold/pkg/math/arith/int.go:16 +0x78
  github.com/luxfi/threshold/pkg/pedersen.Parameters.Verify()
      /Users/z/work/lux/threshold/pkg/pedersen/pedersen.go:91 +0xc0
  github.com/luxfi/threshold/pkg/zk/fac.(*Proof).Verify()
      /Users/z/work/lux/threshold/pkg/zk/fac/fac.go:115 +0x214
  github.com/luxfi/threshold/protocols/cmp/keygen.(*round4).VerifyMessage()
      /Users/z/work/lux/threshold/protocols/cmp/keygen/round4.go:139 +0x368
  github.com/luxfi/threshold/pkg/protocol.(*Handler).verifyNormalForRound()
      /Users/z/work/lux/threshold/pkg/protocol/handler.go:1331 +0x348
  github.com/luxfi/threshold/pkg/protocol.(*Handler).retryUnprocessedMessages()
      /Users/z/work/lux/threshold/pkg/protocol/handler.go:1496 +0x3a0
  github.com/luxfi/threshold/pkg/protocol.(*Handler).tryAdvanceRound()
      /Users/z/work/lux/threshold/pkg/protocol/handler.go:587 +0x28c
  github.com/luxfi/threshold/pkg/protocol.(*Handler).processMessage()
      /Users/z/work/lux/threshold/pkg/protocol/handler.go:474 +0xb70
  github.com/luxfi/threshold/pkg/protocol.(*Handler).messageWorker()
      /Users/z/work/lux/threshold/pkg/protocol/handler.go:408 +0x338
  github.com/luxfi/threshold/pkg/protocol.(*Handler).startWorkers.gowrap2()
      /Users/z/work/lux/threshold/pkg/protocol/handler.go:361 +0x44

Previous read at 0x00c00010d0f8 by goroutine 82:
  runtime.slicecopy()
      /opt/homebrew/Cellar/go/1.24.6/libexec/src/runtime/slice.go:355 +0x0
  github.com/cronokirby/saferith.(*Nat).invert()
      /Users/z/go/pkg/mod/github.com/cronokirby/saferith@v0.33.0/num.go:1561 +0x318
  github.com/cronokirby/saferith.(*Nat).modInverse()
      /Users/z/go/pkg/mod/github.com/cronokirby/saferith@v0.33.0/num.go:1743 +0x18c
  github.com/cronokirby/saferith.(*Nat).ModInverse()
      /Users/z/go/pkg/mod/github.com/cronokirby/saferith@v0.33.0/num.go:1757 +0x80
  github.com/luxfi/threshold/pkg/math/arith.(*Modulus).ExpI()
      /Users/z/work/lux/threshold/pkg/math/arith/modulus.go:68 +0xd4
  github.com/luxfi/threshold/pkg/pedersen.Parameters.Verify()
      /Users/z/work/lux/threshold/pkg/pedersen/pedersen.go:99 +0x110
  github.com/luxfi/threshold/pkg/zk/fac.(*Proof).Verify()
      /Users/z/work/lux/threshold/pkg/zk/fac/fac.go:115 +0x214
  github.com/luxfi/threshold/protocols/cmp/keygen.(*round4).VerifyMessage()
      /Users/z/work/lux/threshold/protocols/cmp/keygen/round4.go:139 +0x368
  github.com/luxfi/threshold/pkg/protocol.(*Handler).verifyNormalForRound()
      /Users/z/work/lux/threshold/pkg/protocol/handler.go:1331 +0x348
  github.com/luxfi/threshold/pkg/protocol.(*Handler).retryUnprocessedMessages()
      /Users/z/work/lux/threshold/pkg/protocol/handler.go:1496 +0x3a0
  github.com/luxfi/threshold/pkg/protocol.(*Handler).tryAdvanceRound()
      /Users/z/work/lux/threshold/pkg/protocol/handler.go:587 +0x28c
  github.com/luxfi/threshold/pkg/protocol.(*Handler).roundProcessor()
      /Users/z/work/lux/threshold/pkg/protocol/handler.go:569 +0xb4
  github.com/luxfi/threshold/pkg/protocol.(*Handler).startWorkers.func1()
      /Users/z/work/lux/threshold/pkg/protocol/handler.go:374 +0x78

Goroutine 80 (running) created at:
  github.com/luxfi/threshold/pkg/protocol.(*Handler).startWorkers()
      /Users/z/work/lux/threshold/pkg/protocol/handler.go:361 +0x334
  github.com/luxfi/threshold/pkg/protocol.NewHandler()
      /Users/z/work/lux/threshold/pkg/protocol/handler.go:247 +0xf10
  github.com/luxfi/threshold/internal/test.(*Harness).CreateHandler()
      /Users/z/work/lux/threshold/internal/test/harness.go:91 +0x2e4
  github.com/luxfi/threshold/internal/test.RunProtocol()
      /Users/z/work/lux/threshold/internal/test/harness.go:270 +0x230
  github.com/luxfi/threshold/protocols/cmp_test.TestCMPBasicKeygen()
      /Users/z/work/lux/threshold/protocols/cmp/cmp_basic_test.go:35 +0x29c
  testing.tRunner()
      /opt/homebrew/Cellar/go/1.24.6/libexec/src/testing/testing.go:1792 +0x180
  testing.(*T).Run.gowrap1()
      /opt/homebrew/Cellar/go/1.24.6/libexec/src/testing/testing.go:1851 +0x40

Goroutine 82 (running) created at:
  github.com/luxfi/threshold/pkg/protocol.(*Handler).startWorkers()
      /Users/z/work/lux/threshold/pkg/protocol/handler.go:372 +0x4fc
  github.com/luxfi/threshold/pkg/protocol.NewHandler()
      /Users/z/work/lux/threshold/pkg/protocol/handler.go:247 +0xf10
  github.com/luxfi/threshold/internal/test.(*Harness).CreateHandler()
      /Users/z/work/lux/threshold/internal/test/harness.go:91 +0x2e4
  github.com/luxfi/threshold/internal/test.RunProtocol()
      /Users/z/work/lux/threshold/internal/test/harness.go:270 +0x230
  github.com/luxfi/threshold/protocols/cmp_test.TestCMPBasicKeygen()
      /Users/z/work/lux/threshold/protocols/cmp/cmp_basic_test.go:35 +0x29c
  testing.tRunner()
      /opt/homebrew/Cellar/go/1.24.6/libexec/src/testing/testing.go:1792 +0x180
  testing.(*T).Run.gowrap1()
      /opt/homebrew/Cellar/go/1.24.6/libexec/src/testing/testing.go:1851 +0x40
==================
2025-08-15T22:14:05.883-0500	DEBUG	protocol/handler.go:581	tryAdvanceRound called	{"{current_round 20 3  <nil>}": {"Key":"self","Type":15,"Integer":0,"String":"b","Interface":null}}
2025-08-15T22:14:05.883-0500	DEBUG	protocol/handler.go:1591	have processed broadcast	{"{round 20 3  <nil>}": {"Key":"from","Type":15,"Integer":0,"String":"a","Interface":null}}
2025-08-15T22:14:05.883-0500	DEBUG	protocol/handler.go:1649	have all messages and processed	{"{round 20 3  <nil>}": {"Key":"self","Type":15,"Integer":0,"String":"b","Interface":null}}
2025-08-15T22:14:05.884-0500	DEBUG	protocol/handler.go:596	round already finalized
2025-08-15T22:14:05.884-0500	DEBUG	protocol/handler.go:581	tryAdvanceRound called	{"{current_round 20 3  <nil>}": {"Key":"self","Type":15,"Integer":0,"String":"b","Interface":null}}
2025-08-15T22:14:05.884-0500	DEBUG	protocol/handler.go:1591	have processed broadcast	{"{round 20 3  <nil>}": {"Key":"from","Type":15,"Integer":0,"String":"a","Interface":null}}
2025-08-15T22:14:05.884-0500	DEBUG	protocol/handler.go:1649	have all messages and processed	{"{round 20 3  <nil>}": {"Key":"self","Type":15,"Integer":0,"String":"b","Interface":null}}
2025-08-15T22:14:05.884-0500	DEBUG	protocol/handler.go:596	round already finalized
2025-08-15T22:14:05.894-0500	DEBUG	protocol/handler.go:581	tryAdvanceRound called	{"{current_round 20 3  <nil>}": {"Key":"self","Type":15,"Integer":0,"String":"a","Interface":null}}
2025-08-15T22:14:05.894-0500	DEBUG	protocol/handler.go:1591	have processed broadcast	{"{round 20 3  <nil>}": {"Key":"from","Type":15,"Integer":0,"String":"b","Interface":null}}
2025-08-15T22:14:05.894-0500	DEBUG	protocol/handler.go:1649	have all messages and processed	{"{round 20 3  <nil>}": {"Key":"self","Type":15,"Integer":0,"String":"a","Interface":null}}
2025-08-15T22:14:05.894-0500	DEBUG	protocol/handler.go:596	round already finalized
2025-08-15T22:14:05.905-0500	DEBUG	protocol/handler.go:581	tryAdvanceRound called	{"{current_round 20 3  <nil>}": {"Key":"self","Type":15,"Integer":0,"String":"b","Interface":null}}
2025-08-15T22:14:05.905-0500	DEBUG	protocol/handler.go:1591	have processed broadcast	{"{round 20 3  <nil>}": {"Key":"from","Type":15,"Integer":0,"String":"a","Interface":null}}
2025-08-15T22:14:05.906-0500	DEBUG	protocol/handler.go:1649	have all messages and processed	{"{round 20 3  <nil>}": {"Key":"self","Type":15,"Integer":0,"String":"b","Interface":null}}
2025-08-15T22:14:05.906-0500	DEBUG	protocol/handler.go:596	round already finalized
2025-08-15T22:14:05.918-0500	DEBUG	protocol/handler.go:581	tryAdvanceRound called	{"{current_round 20 3  <nil>}": {"Key":"self","Type":15,"Integer":0,"String":"a","Interface":null}}
2025-08-15T22:14:05.918-0500	DEBUG	protocol/handler.go:1591	have processed broadcast	{"{round 20 3  <nil>}": {"Key":"from","Type":15,"Integer":0,"String":"b","Interface":null}}
2025-08-15T22:14:05.918-0500	DEBUG	protocol/handler.go:1649	have all messages and processed	{"{round 20 3  <nil>}": {"Key":"self","Type":15,"Integer":0,"String":"a","Interface":null}}
2025-08-15T22:14:05.918-0500	DEBUG	protocol/handler.go:596	round already finalized
2025-08-15T22:14:05.929-0500	DEBUG	protocol/handler.go:581	tryAdvanceRound called	{"{current_round 20 3  <nil>}": {"Key":"self","Type":15,"Integer":0,"String":"b","Interface":null}}
2025-08-15T22:14:05.929-0500	DEBUG	protocol/handler.go:1591	have processed broadcast	{"{round 20 3  <nil>}": {"Key":"from","Type":15,"Integer":0,"String":"a","Interface":null}}
2025-08-15T22:14:05.929-0500	DEBUG	protocol/handler.go:1649	have all messages and processed	{"{round 20 3  <nil>}": {"Key":"self","Type":15,"Integer":0,"String":"b","Interface":null}}
2025-08-15T22:14:05.929-0500	DEBUG	protocol/handler.go:596	round already finalized
2025-08-15T22:14:05.951-0500	DEBUG	protocol/handler.go:581	tryAdvanceRound called	{"{current_round 20 3  <nil>}": {"Key":"self","Type":15,"Integer":0,"String":"b","Interface":null}}
2025-08-15T22:14:05.951-0500	DEBUG	protocol/handler.go:1591	have processed broadcast	{"{round 20 3  <nil>}": {"Key":"from","Type":15,"Integer":0,"String":"a","Interface":null}}
2025-08-15T22:14:05.951-0500	DEBUG	protocol/handler.go:1649	have all messages and processed	{"{round 20 3  <nil>}": {"Key":"self","Type":15,"Integer":0,"String":"b","Interface":null}}
2025-08-15T22:14:05.951-0500	DEBUG	protocol/handler.go:596	round already finalized
2025-08-15T22:14:05.964-0500	DEBUG	protocol/handler.go:581	tryAdvanceRound called	{"{current_round 20 3  <nil>}": {"Key":"self","Type":15,"Integer":0,"String":"a","Interface":null}}
2025-08-15T22:14:05.964-0500	DEBUG	protocol/handler.go:1591	have processed broadcast	{"{round 20 3  <nil>}": {"Key":"from","Type":15,"Integer":0,"String":"b","Interface":null}}
2025-08-15T22:14:05.964-0500	DEBUG	protocol/handler.go:1649	have all messages and processed	{"{round 20 3  <nil>}": {"Key":"self","Type":15,"Integer":0,"String":"a","Interface":null}}
2025-08-15T22:14:05.964-0500	DEBUG	protocol/handler.go:596	round already finalized
2025-08-15T22:14:05.964-0500	DEBUG	protocol/handler.go:581	tryAdvanceRound called	{"{current_round 20 3  <nil>}": {"Key":"self","Type":15,"Integer":0,"String":"a","Interface":null}}
2025-08-15T22:14:05.964-0500	DEBUG	protocol/handler.go:1591	have processed broadcast	{"{round 20 3  <nil>}": {"Key":"from","Type":15,"Integer":0,"String":"b","Interface":null}}
2025-08-15T22:14:05.964-0500	DEBUG	protocol/handler.go:1649	have all messages and processed	{"{round 20 3  <nil>}": {"Key":"self","Type":15,"Integer":0,"String":"a","Interface":null}}
2025-08-15T22:14:05.964-0500	DEBUG	protocol/handler.go:596	round already finalized
2025-08-15T22:14:05.976-0500	DEBUG	protocol/handler.go:581	tryAdvanceRound called	{"{current_round 20 3  <nil>}": {"Key":"self","Type":15,"Integer":0,"String":"b","Interface":null}}
2025-08-15T22:14:05.977-0500	DEBUG	protocol/handler.go:1591	have processed broadcast	{"{round 20 3  <nil>}": {"Key":"from","Type":15,"Integer":0,"String":"a","Interface":null}}
2025-08-15T22:14:05.977-0500	DEBUG	protocol/handler.go:1649	have all messages and processed	{"{round 20 3  <nil>}": {"Key":"self","Type":15,"Integer":0,"String":"b","Interface":null}}
2025-08-15T22:14:05.977-0500	DEBUG	protocol/handler.go:596	round already finalized
2025-08-15T22:14:06.009-0500	DEBUG	protocol/handler.go:581	tryAdvanceRound called	{"{current_round 20 3  <nil>}": {"Key":"self","Type":15,"Integer":0,"String":"b","Interface":null}}
2025-08-15T22:14:06.009-0500	DEBUG	protocol/handler.go:1591	have processed broadcast	{"{round 20 3  <nil>}": {"Key":"from","Type":15,"Integer":0,"String":"a","Interface":null}}
2025-08-15T22:14:06.009-0500	DEBUG	protocol/handler.go:1649	have all messages and processed	{"{round 20 3  <nil>}": {"Key":"self","Type":15,"Integer":0,"String":"b","Interface":null}}
2025-08-15T22:14:06.009-0500	DEBUG	protocol/handler.go:596	round already finalized
2025-08-15T22:14:06.014-0500	DEBUG	protocol/handler.go:581	tryAdvanceRound called	{"{current_round 20 3  <nil>}": {"Key":"self","Type":15,"Integer":0,"String":"b","Interface":null}}
2025-08-15T22:14:06.014-0500	DEBUG	protocol/handler.go:1591	have processed broadcast	{"{round 20 3  <nil>}": {"Key":"from","Type":15,"Integer":0,"String":"a","Interface":null}}
2025-08-15T22:14:06.014-0500	DEBUG	protocol/handler.go:1649	have all messages and processed	{"{round 20 3  <nil>}": {"Key":"self","Type":15,"Integer":0,"String":"b","Interface":null}}
2025-08-15T22:14:06.014-0500	DEBUG	protocol/handler.go:596	round already finalized
2025-08-15T22:14:06.014-0500	DEBUG	protocol/handler.go:581	tryAdvanceRound called	{"{current_round 20 3  <nil>}": {"Key":"self","Type":15,"Integer":0,"String":"a","Interface":null}}
2025-08-15T22:14:06.014-0500	DEBUG	protocol/handler.go:1591	have processed broadcast	{"{round 20 3  <nil>}": {"Key":"from","Type":15,"Integer":0,"String":"b","Interface":null}}
2025-08-15T22:14:06.014-0500	DEBUG	protocol/handler.go:1649	have all messages and processed	{"{round 20 3  <nil>}": {"Key":"self","Type":15,"Integer":0,"String":"a","Interface":null}}
2025-08-15T22:14:06.014-0500	DEBUG	protocol/handler.go:596	round already finalized
2025-08-15T22:14:06.015-0500	DEBUG	protocol/handler.go:581	tryAdvanceRound called	{"{current_round 20 3  <nil>}": {"Key":"self","Type":15,"Integer":0,"String":"a","Interface":null}}
2025-08-15T22:14:06.015-0500	DEBUG	protocol/handler.go:1591	have processed broadcast	{"{round 20 3  <nil>}": {"Key":"from","Type":15,"Integer":0,"String":"b","Interface":null}}
2025-08-15T22:14:06.015-0500	DEBUG	protocol/handler.go:1649	have all messages and processed	{"{round 20 3  <nil>}": {"Key":"self","Type":15,"Integer":0,"String":"a","Interface":null}}
2025-08-15T22:14:06.015-0500	DEBUG	protocol/handler.go:596	round already finalized
2025-08-15T22:14:06.060-0500	DEBUG	protocol/handler.go:581	tryAdvanceRound called	{"{current_round 20 3  <nil>}": {"Key":"self","Type":15,"Integer":0,"String":"b","Interface":null}}
2025-08-15T22:14:06.060-0500	DEBUG	protocol/handler.go:1591	have processed broadcast	{"{round 20 3  <nil>}": {"Key":"from","Type":15,"Integer":0,"String":"a","Interface":null}}
2025-08-15T22:14:06.060-0500	DEBUG	protocol/handler.go:1649	have all messages and processed	{"{round 20 3  <nil>}": {"Key":"self","Type":15,"Integer":0,"String":"b","Interface":null}}
2025-08-15T22:14:06.061-0500	DEBUG	protocol/handler.go:596	round already finalized
2025-08-15T22:14:06.061-0500	DEBUG	protocol/handler.go:581	tryAdvanceRound called	{"{current_round 20 3  <nil>}": {"Key":"self","Type":15,"Integer":0,"String":"b","Interface":null}}
2025-08-15T22:14:06.061-0500	DEBUG	protocol/handler.go:1591	have processed broadcast	{"{round 20 3  <nil>}": {"Key":"from","Type":15,"Integer":0,"String":"a","Interface":null}}
2025-08-15T22:14:06.061-0500	DEBUG	protocol/handler.go:1649	have all messages and processed	{"{round 20 3  <nil>}": {"Key":"self","Type":15,"Integer":0,"String":"b","Interface":null}}
2025-08-15T22:14:06.061-0500	DEBUG	protocol/handler.go:596	round already finalized
2025-08-15T22:14:06.061-0500	DEBUG	protocol/handler.go:581	tryAdvanceRound called	{"{current_round 20 3  <nil>}": {"Key":"self","Type":15,"Integer":0,"String":"a","Interface":null}}
2025-08-15T22:14:06.061-0500	DEBUG	protocol/handler.go:1591	have processed broadcast	{"{round 20 3  <nil>}": {"Key":"from","Type":15,"Integer":0,"String":"b","Interface":null}}
2025-08-15T22:14:06.061-0500	DEBUG	protocol/handler.go:1649	have all messages and processed	{"{round 20 3  <nil>}": {"Key":"self","Type":15,"Integer":0,"String":"a","Interface":null}}
2025-08-15T22:14:06.061-0500	DEBUG	protocol/handler.go:596	round already finalized
2025-08-15T22:14:06.061-0500	DEBUG	protocol/handler.go:581	tryAdvanceRound called	{"{current_round 20 3  <nil>}": {"Key":"self","Type":15,"Integer":0,"String":"a","Interface":null}}
2025-08-15T22:14:06.061-0500	DEBUG	protocol/handler.go:1591	have processed broadcast	{"{round 20 3  <nil>}": {"Key":"from","Type":15,"Integer":0,"String":"b","Interface":null}}
2025-08-15T22:14:06.061-0500	DEBUG	protocol/handler.go:1649	have all messages and processed	{"{round 20 3  <nil>}": {"Key":"self","Type":15,"Integer":0,"String":"a","Interface":null}}
2025-08-15T22:14:06.061-0500	DEBUG	protocol/handler.go:596	round already finalized
2025-08-15T22:14:06.085-0500	DEBUG	protocol/handler.go:581	tryAdvanceRound called	{"{current_round 20 3  <nil>}": {"Key":"self","Type":15,"Integer":0,"String":"b","Interface":null}}
2025-08-15T22:14:06.085-0500	DEBUG	protocol/handler.go:1591	have processed broadcast	{"{round 20 3  <nil>}": {"Key":"from","Type":15,"Integer":0,"String":"a","Interface":null}}
2025-08-15T22:14:06.085-0500	DEBUG	protocol/handler.go:1649	have all messages and processed	{"{round 20 3  <nil>}": {"Key":"self","Type":15,"Integer":0,"String":"b","Interface":null}}
2025-08-15T22:14:06.085-0500	DEBUG	protocol/handler.go:596	round already finalized
2025-08-15T22:14:06.107-0500	DEBUG	protocol/handler.go:581	tryAdvanceRound called	{"{current_round 20 3  <nil>}": {"Key":"self","Type":15,"Integer":0,"String":"b","Interface":null}}
2025-08-15T22:14:06.107-0500	DEBUG	protocol/handler.go:1591	have processed broadcast	{"{round 20 3  <nil>}": {"Key":"from","Type":15,"Integer":0,"String":"a","Interface":null}}
2025-08-15T22:14:06.107-0500	DEBUG	protocol/handler.go:1649	have all messages and processed	{"{round 20 3  <nil>}": {"Key":"self","Type":15,"Integer":0,"String":"b","Interface":null}}
2025-08-15T22:14:06.107-0500	DEBUG	protocol/handler.go:596	round already finalized
2025-08-15T22:14:06.107-0500	DEBUG	protocol/handler.go:581	tryAdvanceRound called	{"{current_round 20 3  <nil>}": {"Key":"self","Type":15,"Integer":0,"String":"a","Interface":null}}
2025-08-15T22:14:06.108-0500	DEBUG	protocol/handler.go:1591	have processed broadcast	{"{round 20 3  <nil>}": {"Key":"from","Type":15,"Integer":0,"String":"b","Interface":null}}
2025-08-15T22:14:06.108-0500	DEBUG	protocol/handler.go:1649	have all messages and processed	{"{round 20 3  <nil>}": {"Key":"self","Type":15,"Integer":0,"String":"a","Interface":null}}
2025-08-15T22:14:06.108-0500	DEBUG	protocol/handler.go:596	round already finalized
2025-08-15T22:14:06.108-0500	DEBUG	protocol/handler.go:581	tryAdvanceRound called	{"{current_round 20 3  <nil>}": {"Key":"self","Type":15,"Integer":0,"String":"a","Interface":null}}
2025-08-15T22:14:06.108-0500	DEBUG	protocol/handler.go:1591	have processed broadcast	{"{round 20 3  <nil>}": {"Key":"from","Type":15,"Integer":0,"String":"b","Interface":null}}
2025-08-15T22:14:06.109-0500	DEBUG	protocol/handler.go:1649	have all messages and processed	{"{round 20 3  <nil>}": {"Key":"self","Type":15,"Integer":0,"String":"a","Interface":null}}
2025-08-15T22:14:06.109-0500	DEBUG	protocol/handler.go:596	round already finalized
2025-08-15T22:14:06.128-0500	DEBUG	protocol/handler.go:581	tryAdvanceRound called	{"{current_round 20 3  <nil>}": {"Key":"self","Type":15,"Integer":0,"String":"b","Interface":null}}
2025-08-15T22:14:06.128-0500	DEBUG	protocol/handler.go:1591	have processed broadcast	{"{round 20 3  <nil>}": {"Key":"from","Type":15,"Integer":0,"String":"a","Interface":null}}
2025-08-15T22:14:06.128-0500	DEBUG	protocol/handler.go:1649	have all messages and processed	{"{round 20 3  <nil>}": {"Key":"self","Type":15,"Integer":0,"String":"b","Interface":null}}
2025-08-15T22:14:06.128-0500	DEBUG	protocol/handler.go:596	round already finalized
2025-08-15T22:14:06.147-0500	DEBUG	protocol/handler.go:581	tryAdvanceRound called	{"{current_round 20 3  <nil>}": {"Key":"self","Type":15,"Integer":0,"String":"a","Interface":null}}
2025-08-15T22:14:06.147-0500	DEBUG	protocol/handler.go:1591	have processed broadcast	{"{round 20 3  <nil>}": {"Key":"from","Type":15,"Integer":0,"String":"b","Interface":null}}
2025-08-15T22:14:06.148-0500	DEBUG	protocol/handler.go:1649	have all messages and processed	{"{round 20 3  <nil>}": {"Key":"self","Type":15,"Integer":0,"String":"a","Interface":null}}
2025-08-15T22:14:06.148-0500	DEBUG	protocol/handler.go:596	round already finalized
2025-08-15T22:14:06.148-0500	DEBUG	protocol/handler.go:581	tryAdvanceRound called	{"{current_round 20 3  <nil>}": {"Key":"self","Type":15,"Integer":0,"String":"a","Interface":null}}
2025-08-15T22:14:06.148-0500	DEBUG	protocol/handler.go:1591	have processed broadcast	{"{round 20 3  <nil>}": {"Key":"from","Type":15,"Integer":0,"String":"b","Interface":null}}
2025-08-15T22:14:06.148-0500	DEBUG	protocol/handler.go:1649	have all messages and processed	{"{round 20 3  <nil>}": {"Key":"self","Type":15,"Integer":0,"String":"a","Interface":null}}
2025-08-15T22:14:06.148-0500	DEBUG	protocol/handler.go:596	round already finalized
2025-08-15T22:14:06.148-0500	DEBUG	protocol/handler.go:581	tryAdvanceRound called	{"{current_round 20 3  <nil>}": {"Key":"self","Type":15,"Integer":0,"String":"b","Interface":null}}
2025-08-15T22:14:06.148-0500	DEBUG	protocol/handler.go:1591	have processed broadcast	{"{round 20 3  <nil>}": {"Key":"from","Type":15,"Integer":0,"String":"a","Interface":null}}
2025-08-15T22:14:06.148-0500	DEBUG	protocol/handler.go:1649	have all messages and processed	{"{round 20 3  <nil>}": {"Key":"self","Type":15,"Integer":0,"String":"b","Interface":null}}
2025-08-15T22:14:06.148-0500	DEBUG	protocol/handler.go:596	round already finalized
2025-08-15T22:14:06.170-0500	DEBUG	protocol/handler.go:581	tryAdvanceRound called	{"{current_round 20 3  <nil>}": {"Key":"self","Type":15,"Integer":0,"String":"b","Interface":null}}
2025-08-15T22:14:06.170-0500	DEBUG	protocol/handler.go:1591	have processed broadcast	{"{round 20 3  <nil>}": {"Key":"from","Type":15,"Integer":0,"String":"a","Interface":null}}
2025-08-15T22:14:06.170-0500	DEBUG	protocol/handler.go:1649	have all messages and processed	{"{round 20 3  <nil>}": {"Key":"self","Type":15,"Integer":0,"String":"b","Interface":null}}
2025-08-15T22:14:06.171-0500	DEBUG	protocol/handler.go:596	round already finalized
2025-08-15T22:14:06.194-0500	DEBUG	protocol/handler.go:581	tryAdvanceRound called	{"{current_round 20 3  <nil>}": {"Key":"self","Type":15,"Integer":0,"String":"a","Interface":null}}
2025-08-15T22:14:06.194-0500	DEBUG	protocol/handler.go:1591	have processed broadcast	{"{round 20 3  <nil>}": {"Key":"from","Type":15,"Integer":0,"String":"b","Interface":null}}
2025-08-15T22:14:06.194-0500	DEBUG	protocol/handler.go:1649	have all messages and processed	{"{round 20 3  <nil>}": {"Key":"self","Type":15,"Integer":0,"String":"a","Interface":null}}
2025-08-15T22:14:06.194-0500	DEBUG	protocol/handler.go:596	round already finalized
2025-08-15T22:14:06.194-0500	DEBUG	protocol/handler.go:581	tryAdvanceRound called	{"{current_round 20 3  <nil>}": {"Key":"self","Type":15,"Integer":0,"String":"a","Interface":null}}
2025-08-15T22:14:06.194-0500	DEBUG	protocol/handler.go:1591	have processed broadcast	{"{round 20 3  <nil>}": {"Key":"from","Type":15,"Integer":0,"String":"b","Interface":null}}
2025-08-15T22:14:06.194-0500	DEBUG	protocol/handler.go:1649	have all messages and processed	{"{round 20 3  <nil>}": {"Key":"self","Type":15,"Integer":0,"String":"a","Interface":null}}
2025-08-15T22:14:06.194-0500	DEBUG	protocol/handler.go:596	round already finalized
2025-08-15T22:14:06.194-0500	DEBUG	protocol/handler.go:581	tryAdvanceRound called	{"{current_round 20 3  <nil>}": {"Key":"self","Type":15,"Integer":0,"String":"b","Interface":null}}
2025-08-15T22:14:06.194-0500	DEBUG	protocol/handler.go:1591	have processed broadcast	{"{round 20 3  <nil>}": {"Key":"from","Type":15,"Integer":0,"String":"a","Interface":null}}
2025-08-15T22:14:06.194-0500	DEBUG	protocol/handler.go:1649	have all messages and processed	{"{round 20 3  <nil>}": {"Key":"self","Type":15,"Integer":0,"String":"b","Interface":null}}
2025-08-15T22:14:06.194-0500	DEBUG	protocol/handler.go:596	round already finalized
2025-08-15T22:14:06.243-0500	DEBUG	protocol/handler.go:581	tryAdvanceRound called	{"{current_round 20 3  <nil>}": {"Key":"self","Type":15,"Integer":0,"String":"b","Interface":null}}
2025-08-15T22:14:06.244-0500	DEBUG	protocol/handler.go:1591	have processed broadcast	{"{round 20 3  <nil>}": {"Key":"from","Type":15,"Integer":0,"String":"a","Interface":null}}
2025-08-15T22:14:06.244-0500	DEBUG	protocol/handler.go:1649	have all messages and processed	{"{round 20 3  <nil>}": {"Key":"self","Type":15,"Integer":0,"String":"b","Interface":null}}
2025-08-15T22:14:06.244-0500	DEBUG	protocol/handler.go:596	round already finalized
2025-08-15T22:14:06.244-0500	DEBUG	protocol/handler.go:581	tryAdvanceRound called	{"{current_round 20 3  <nil>}": {"Key":"self","Type":15,"Integer":0,"String":"b","Interface":null}}
2025-08-15T22:14:06.244-0500	DEBUG	protocol/handler.go:1591	have processed broadcast	{"{round 20 3  <nil>}": {"Key":"from","Type":15,"Integer":0,"String":"a","Interface":null}}
2025-08-15T22:14:06.245-0500	DEBUG	protocol/handler.go:1649	have all messages and processed	{"{round 20 3  <nil>}": {"Key":"self","Type":15,"Integer":0,"String":"b","Interface":null}}
2025-08-15T22:14:06.245-0500	DEBUG	protocol/handler.go:596	round already finalized
2025-08-15T22:14:06.245-0500	DEBUG	protocol/handler.go:581	tryAdvanceRound called	{"{current_round 20 3  <nil>}": {"Key":"self","Type":15,"Integer":0,"String":"a","Interface":null}}
2025-08-15T22:14:06.245-0500	DEBUG	protocol/handler.go:1591	have processed broadcast	{"{round 20 3  <nil>}": {"Key":"from","Type":15,"Integer":0,"String":"b","Interface":null}}
2025-08-15T22:14:06.245-0500	DEBUG	protocol/handler.go:1649	have all messages and processed	{"{round 20 3  <nil>}": {"Key":"self","Type":15,"Integer":0,"String":"a","Interface":null}}
2025-08-15T22:14:06.245-0500	DEBUG	protocol/handler.go:596	round already finalized
2025-08-15T22:14:06.245-0500	DEBUG	protocol/handler.go:581	tryAdvanceRound called	{"{current_round 20 3  <nil>}": {"Key":"self","Type":15,"Integer":0,"String":"a","Interface":null}}
2025-08-15T22:14:06.245-0500	DEBUG	protocol/handler.go:1591	have processed broadcast	{"{round 20 3  <nil>}": {"Key":"from","Type":15,"Integer":0,"String":"b","Interface":null}}
2025-08-15T22:14:06.245-0500	DEBUG	protocol/handler.go:1649	have all messages and processed	{"{round 20 3  <nil>}": {"Key":"self","Type":15,"Integer":0,"String":"a","Interface":null}}
2025-08-15T22:14:06.245-0500	DEBUG	protocol/handler.go:596	round already finalized
==================
WARNING: DATA RACE
Read at 0x00c00010d0f8 by goroutine 82:
  github.com/cronokirby/saferith.shiftAddIn()
      /Users/z/go/pkg/mod/github.com/cronokirby/saferith@v0.33.0/num.go:793 +0x360
  github.com/cronokirby/saferith.(*Nat).Mod()
      /Users/z/go/pkg/mod/github.com/cronokirby/saferith@v0.33.0/num.go:889 +0x2d0
  github.com/cronokirby/saferith.(*Nat).ModMul()
      /Users/z/go/pkg/mod/github.com/cronokirby/saferith@v0.33.0/num.go:1185 +0xac
  github.com/luxfi/threshold/pkg/math/arith.(*Modulus).Exp()
      /Users/z/work/lux/threshold/pkg/math/arith/modulus.go:55 +0x168
  github.com/luxfi/threshold/pkg/zk/fac.(*Proof).Verify()
      /Users/z/work/lux/threshold/pkg/zk/fac/fac.go:122 +0x28c
  github.com/luxfi/threshold/protocols/cmp/keygen.(*round4).VerifyMessage()
      /Users/z/work/lux/threshold/protocols/cmp/keygen/round4.go:139 +0x368
  github.com/luxfi/threshold/pkg/protocol.(*Handler).verifyNormalForRound()
      /Users/z/work/lux/threshold/pkg/protocol/handler.go:1331 +0x348
  github.com/luxfi/threshold/pkg/protocol.(*Handler).retryUnprocessedMessages()
      /Users/z/work/lux/threshold/pkg/protocol/handler.go:1496 +0x3a0
  github.com/luxfi/threshold/pkg/protocol.(*Handler).tryAdvanceRound()
      /Users/z/work/lux/threshold/pkg/protocol/handler.go:587 +0x28c
  github.com/luxfi/threshold/pkg/protocol.(*Handler).roundProcessor()
      /Users/z/work/lux/threshold/pkg/protocol/handler.go:569 +0xb4
  github.com/luxfi/threshold/pkg/protocol.(*Handler).startWorkers.func1()
      /Users/z/work/lux/threshold/pkg/protocol/handler.go:374 +0x78

Previous write at 0x00c00010d0f8 by goroutine 80:
  github.com/cronokirby/saferith.maskEnd()
      /Users/z/go/pkg/mod/github.com/cronokirby/saferith@v0.33.0/num.go:261 +0x1cc
  github.com/cronokirby/saferith.(*Nat).resizedLimbs()
      /Users/z/go/pkg/mod/github.com/cronokirby/saferith@v0.33.0/num.go:252 +0x16c
  github.com/cronokirby/saferith.(*Nat).Cmp()
      /Users/z/go/pkg/mod/github.com/cronokirby/saferith@v0.33.0/num.go:1411 +0x90
  github.com/cronokirby/saferith.(*Nat).CmpMod()
      /Users/z/go/pkg/mod/github.com/cronokirby/saferith@v0.33.0/num.go:1430 +0x74
  github.com/luxfi/threshold/pkg/math/arith.IsValidNatModN()
      /Users/z/work/lux/threshold/pkg/math/arith/int.go:16 +0x78
  github.com/luxfi/threshold/pkg/pedersen.Parameters.Verify()
      /Users/z/work/lux/threshold/pkg/pedersen/pedersen.go:91 +0xc0
  github.com/luxfi/threshold/pkg/zk/fac.(*Proof).Verify()
      /Users/z/work/lux/threshold/pkg/zk/fac/fac.go:115 +0x214
  github.com/luxfi/threshold/protocols/cmp/keygen.(*round4).VerifyMessage()
      /Users/z/work/lux/threshold/protocols/cmp/keygen/round4.go:139 +0x368
  github.com/luxfi/threshold/pkg/protocol.(*Handler).verifyNormalForRound()
      /Users/z/work/lux/threshold/pkg/protocol/handler.go:1331 +0x348
  github.com/luxfi/threshold/pkg/protocol.(*Handler).retryUnprocessedMessages()
      /Users/z/work/lux/threshold/pkg/protocol/handler.go:1496 +0x3a0
  github.com/luxfi/threshold/pkg/protocol.(*Handler).tryAdvanceRound()
      /Users/z/work/lux/threshold/pkg/protocol/handler.go:587 +0x28c
  github.com/luxfi/threshold/pkg/protocol.(*Handler).processMessage()
      /Users/z/work/lux/threshold/pkg/protocol/handler.go:474 +0xb70
  github.com/luxfi/threshold/pkg/protocol.(*Handler).messageWorker()
      /Users/z/work/lux/threshold/pkg/protocol/handler.go:408 +0x338
  github.com/luxfi/threshold/pkg/protocol.(*Handler).startWorkers.gowrap2()
      /Users/z/work/lux/threshold/pkg/protocol/handler.go:361 +0x44

Goroutine 82 (running) created at:
  github.com/luxfi/threshold/pkg/protocol.(*Handler).startWorkers()
      /Users/z/work/lux/threshold/pkg/protocol/handler.go:372 +0x4fc
  github.com/luxfi/threshold/pkg/protocol.NewHandler()
      /Users/z/work/lux/threshold/pkg/protocol/handler.go:247 +0xf10
  github.com/luxfi/threshold/internal/test.(*Harness).CreateHandler()
      /Users/z/work/lux/threshold/internal/test/harness.go:91 +0x2e4
  github.com/luxfi/threshold/internal/test.RunProtocol()
      /Users/z/work/lux/threshold/internal/test/harness.go:270 +0x230
  github.com/luxfi/threshold/protocols/cmp_test.TestCMPBasicKeygen()
      /Users/z/work/lux/threshold/protocols/cmp/cmp_basic_test.go:35 +0x29c
  testing.tRunner()
      /opt/homebrew/Cellar/go/1.24.6/libexec/src/testing/testing.go:1792 +0x180
  testing.(*T).Run.gowrap1()
      /opt/homebrew/Cellar/go/1.24.6/libexec/src/testing/testing.go:1851 +0x40

Goroutine 80 (running) created at:
  github.com/luxfi/threshold/pkg/protocol.(*Handler).startWorkers()
      /Users/z/work/lux/threshold/pkg/protocol/handler.go:361 +0x334
  github.com/luxfi/threshold/pkg/protocol.NewHandler()
      /Users/z/work/lux/threshold/pkg/protocol/handler.go:247 +0xf10
  github.com/luxfi/threshold/internal/test.(*Harness).CreateHandler()
      /Users/z/work/lux/threshold/internal/test/harness.go:91 +0x2e4
  github.com/luxfi/threshold/internal/test.RunProtocol()
      /Users/z/work/lux/threshold/internal/test/harness.go:270 +0x230
  github.com/luxfi/threshold/protocols/cmp_test.TestCMPBasicKeygen()
      /Users/z/work/lux/threshold/protocols/cmp/cmp_basic_test.go:35 +0x29c
  testing.tRunner()
      /opt/homebrew/Cellar/go/1.24.6/libexec/src/testing/testing.go:1792 +0x180
  testing.(*T).Run.gowrap1()
      /opt/homebrew/Cellar/go/1.24.6/libexec/src/testing/testing.go:1851 +0x40
==================
2025-08-15T22:14:06.267-0500	DEBUG	protocol/handler.go:581	tryAdvanceRound called	{"{current_round 20 3  <nil>}": {"Key":"self","Type":15,"Integer":0,"String":"a","Interface":null}}
2025-08-15T22:14:06.267-0500	DEBUG	protocol/handler.go:1591	have processed broadcast	{"{round 20 3  <nil>}": {"Key":"from","Type":15,"Integer":0,"String":"b","Interface":null}}
2025-08-15T22:14:06.267-0500	DEBUG	protocol/handler.go:1649	have all messages and processed	{"{round 20 3  <nil>}": {"Key":"self","Type":15,"Integer":0,"String":"a","Interface":null}}
2025-08-15T22:14:06.267-0500	DEBUG	protocol/handler.go:596	round already finalized
2025-08-15T22:14:06.278-0500	DEBUG	protocol/handler.go:581	tryAdvanceRound called	{"{current_round 20 3  <nil>}": {"Key":"self","Type":15,"Integer":0,"String":"a","Interface":null}}
2025-08-15T22:14:06.279-0500	DEBUG	protocol/handler.go:1591	have processed broadcast	{"{round 20 3  <nil>}": {"Key":"from","Type":15,"Integer":0,"String":"b","Interface":null}}
2025-08-15T22:14:06.279-0500	DEBUG	protocol/handler.go:1649	have all messages and processed	{"{round 20 3  <nil>}": {"Key":"self","Type":15,"Integer":0,"String":"a","Interface":null}}
2025-08-15T22:14:06.279-0500	DEBUG	protocol/handler.go:596	round already finalized
2025-08-15T22:14:06.279-0500	DEBUG	protocol/handler.go:581	tryAdvanceRound called	{"{current_round 20 3  <nil>}": {"Key":"self","Type":15,"Integer":0,"String":"b","Interface":null}}
2025-08-15T22:14:06.279-0500	DEBUG	protocol/handler.go:1591	have processed broadcast	{"{round 20 3  <nil>}": {"Key":"from","Type":15,"Integer":0,"String":"a","Interface":null}}
2025-08-15T22:14:06.279-0500	DEBUG	protocol/handler.go:1649	have all messages and processed	{"{round 20 3  <nil>}": {"Key":"self","Type":15,"Integer":0,"String":"b","Interface":null}}
2025-08-15T22:14:06.279-0500	DEBUG	protocol/handler.go:596	round already finalized
2025-08-15T22:14:06.279-0500	DEBUG	protocol/handler.go:581	tryAdvanceRound called	{"{current_round 20 3  <nil>}": {"Key":"self","Type":15,"Integer":0,"String":"b","Interface":null}}
2025-08-15T22:14:06.279-0500	DEBUG	protocol/handler.go:1591	have processed broadcast	{"{round 20 3  <nil>}": {"Key":"from","Type":15,"Integer":0,"String":"a","Interface":null}}
2025-08-15T22:14:06.279-0500	DEBUG	protocol/handler.go:1649	have all messages and processed	{"{round 20 3  <nil>}": {"Key":"self","Type":15,"Integer":0,"String":"b","Interface":null}}
2025-08-15T22:14:06.279-0500	DEBUG	protocol/handler.go:596	round already finalized
2025-08-15T22:14:06.301-0500	DEBUG	protocol/handler.go:581	tryAdvanceRound called	{"{current_round 20 3  <nil>}": {"Key":"self","Type":15,"Integer":0,"String":"b","Interface":null}}
2025-08-15T22:14:06.301-0500	DEBUG	protocol/handler.go:1591	have processed broadcast	{"{round 20 3  <nil>}": {"Key":"from","Type":15,"Integer":0,"String":"a","Interface":null}}
2025-08-15T22:14:06.301-0500	DEBUG	protocol/handler.go:1649	have all messages and processed	{"{round 20 3  <nil>}": {"Key":"self","Type":15,"Integer":0,"String":"b","Interface":null}}
2025-08-15T22:14:06.301-0500	DEBUG	protocol/handler.go:596	round already finalized
2025-08-15T22:14:06.301-0500	DEBUG	protocol/handler.go:581	tryAdvanceRound called	{"{current_round 20 3  <nil>}": {"Key":"self","Type":15,"Integer":0,"String":"a","Interface":null}}
2025-08-15T22:14:06.301-0500	DEBUG	protocol/handler.go:1591	have processed broadcast	{"{round 20 3  <nil>}": {"Key":"from","Type":15,"Integer":0,"String":"b","Interface":null}}
2025-08-15T22:14:06.301-0500	DEBUG	protocol/handler.go:1649	have all messages and processed	{"{round 20 3  <nil>}": {"Key":"self","Type":15,"Integer":0,"String":"a","Interface":null}}
2025-08-15T22:14:06.301-0500	DEBUG	protocol/handler.go:596	round already finalized
2025-08-15T22:14:06.326-0500	DEBUG	protocol/handler.go:581	tryAdvanceRound called	{"{current_round 20 3  <nil>}": {"Key":"self","Type":15,"Integer":0,"String":"b","Interface":null}}
2025-08-15T22:14:06.326-0500	DEBUG	protocol/handler.go:1591	have processed broadcast	{"{round 20 3  <nil>}": {"Key":"from","Type":15,"Integer":0,"String":"a","Interface":null}}
2025-08-15T22:14:06.326-0500	DEBUG	protocol/handler.go:1649	have all messages and processed	{"{round 20 3  <nil>}": {"Key":"self","Type":15,"Integer":0,"String":"b","Interface":null}}
2025-08-15T22:14:06.326-0500	DEBUG	protocol/handler.go:596	round already finalized
2025-08-15T22:14:06.350-0500	DEBUG	protocol/handler.go:581	tryAdvanceRound called	{"{current_round 20 3  <nil>}": {"Key":"self","Type":15,"Integer":0,"String":"a","Interface":null}}
2025-08-15T22:14:06.350-0500	DEBUG	protocol/handler.go:1591	have processed broadcast	{"{round 20 3  <nil>}": {"Key":"from","Type":15,"Integer":0,"String":"b","Interface":null}}
2025-08-15T22:14:06.350-0500	DEBUG	protocol/handler.go:1649	have all messages and processed	{"{round 20 3  <nil>}": {"Key":"self","Type":15,"Integer":0,"String":"a","Interface":null}}
2025-08-15T22:14:06.350-0500	DEBUG	protocol/handler.go:596	round already finalized
2025-08-15T22:14:06.350-0500	DEBUG	protocol/handler.go:581	tryAdvanceRound called	{"{current_round 20 3  <nil>}": {"Key":"self","Type":15,"Integer":0,"String":"a","Interface":null}}
2025-08-15T22:14:06.350-0500	DEBUG	protocol/handler.go:1591	have processed broadcast	{"{round 20 3  <nil>}": {"Key":"from","Type":15,"Integer":0,"String":"b","Interface":null}}
2025-08-15T22:14:06.350-0500	DEBUG	protocol/handler.go:1649	have all messages and processed	{"{round 20 3  <nil>}": {"Key":"self","Type":15,"Integer":0,"String":"a","Interface":null}}
2025-08-15T22:14:06.350-0500	DEBUG	protocol/handler.go:596	round already finalized
2025-08-15T22:14:06.350-0500	DEBUG	protocol/handler.go:581	tryAdvanceRound called	{"{current_round 20 3  <nil>}": {"Key":"self","Type":15,"Integer":0,"String":"b","Interface":null}}
2025-08-15T22:14:06.351-0500	DEBUG	protocol/handler.go:1591	have processed broadcast	{"{round 20 3  <nil>}": {"Key":"from","Type":15,"Integer":0,"String":"a","Interface":null}}
2025-08-15T22:14:06.351-0500	DEBUG	protocol/handler.go:1649	have all messages and processed	{"{round 20 3  <nil>}": {"Key":"self","Type":15,"Integer":0,"String":"b","Interface":null}}
2025-08-15T22:14:06.351-0500	DEBUG	protocol/handler.go:596	round already finalized
2025-08-15T22:14:06.400-0500	DEBUG	protocol/handler.go:581	tryAdvanceRound called	{"{current_round 20 3  <nil>}": {"Key":"self","Type":15,"Integer":0,"String":"b","Interface":null}}
2025-08-15T22:14:06.400-0500	DEBUG	protocol/handler.go:1591	have processed broadcast	{"{round 20 3  <nil>}": {"Key":"from","Type":15,"Integer":0,"String":"a","Interface":null}}
2025-08-15T22:14:06.400-0500	DEBUG	protocol/handler.go:1649	have all messages and processed	{"{round 20 3  <nil>}": {"Key":"self","Type":15,"Integer":0,"String":"b","Interface":null}}
2025-08-15T22:14:06.400-0500	DEBUG	protocol/handler.go:596	round already finalized
2025-08-15T22:14:06.400-0500	DEBUG	protocol/handler.go:581	tryAdvanceRound called	{"{current_round 20 3  <nil>}": {"Key":"self","Type":15,"Integer":0,"String":"b","Interface":null}}
2025-08-15T22:14:06.400-0500	DEBUG	protocol/handler.go:1591	have processed broadcast	{"{round 20 3  <nil>}": {"Key":"from","Type":15,"Integer":0,"String":"a","Interface":null}}
2025-08-15T22:14:06.400-0500	DEBUG	protocol/handler.go:1649	have all messages and processed	{"{round 20 3  <nil>}": {"Key":"self","Type":15,"Integer":0,"String":"b","Interface":null}}
2025-08-15T22:14:06.400-0500	DEBUG	protocol/handler.go:596	round already finalized
2025-08-15T22:14:06.400-0500	DEBUG	protocol/handler.go:581	tryAdvanceRound called	{"{current_round 20 3  <nil>}": {"Key":"self","Type":15,"Integer":0,"String":"a","Interface":null}}
2025-08-15T22:14:06.400-0500	DEBUG	protocol/handler.go:1591	have processed broadcast	{"{round 20 3  <nil>}": {"Key":"from","Type":15,"Integer":0,"String":"b","Interface":null}}
2025-08-15T22:14:06.400-0500	DEBUG	protocol/handler.go:1649	have all messages and processed	{"{round 20 3  <nil>}": {"Key":"self","Type":15,"Integer":0,"String":"a","Interface":null}}
2025-08-15T22:14:06.400-0500	DEBUG	protocol/handler.go:596	round already finalized
2025-08-15T22:14:06.400-0500	DEBUG	protocol/handler.go:581	tryAdvanceRound called	{"{current_round 20 3  <nil>}": {"Key":"self","Type":15,"Integer":0,"String":"a","Interface":null}}
2025-08-15T22:14:06.400-0500	DEBUG	protocol/handler.go:1591	have processed broadcast	{"{round 20 3  <nil>}": {"Key":"from","Type":15,"Integer":0,"String":"b","Interface":null}}
2025-08-15T22:14:06.400-0500	DEBUG	protocol/handler.go:1649	have all messages and processed	{"{round 20 3  <nil>}": {"Key":"self","Type":15,"Integer":0,"String":"a","Interface":null}}
2025-08-15T22:14:06.400-0500	DEBUG	protocol/handler.go:596	round already finalized
2025-08-15T22:14:06.425-0500	DEBUG	protocol/handler.go:581	tryAdvanceRound called	{"{current_round 20 3  <nil>}": {"Key":"self","Type":15,"Integer":0,"String":"b","Interface":null}}
2025-08-15T22:14:06.425-0500	DEBUG	protocol/handler.go:1591	have processed broadcast	{"{round 20 3  <nil>}": {"Key":"from","Type":15,"Integer":0,"String":"a","Interface":null}}
2025-08-15T22:14:06.425-0500	DEBUG	protocol/handler.go:1649	have all messages and processed	{"{round 20 3  <nil>}": {"Key":"self","Type":15,"Integer":0,"String":"b","Interface":null}}
2025-08-15T22:14:06.425-0500	DEBUG	protocol/handler.go:596	round already finalized
2025-08-15T22:14:06.427-0500	DEBUG	protocol/handler.go:581	tryAdvanceRound called	{"{current_round 20 3  <nil>}": {"Key":"self","Type":15,"Integer":0,"String":"b","Interface":null}}
2025-08-15T22:14:06.427-0500	DEBUG	protocol/handler.go:1591	have processed broadcast	{"{round 20 3  <nil>}": {"Key":"from","Type":15,"Integer":0,"String":"a","Interface":null}}
2025-08-15T22:14:06.427-0500	DEBUG	protocol/handler.go:1649	have all messages and processed	{"{round 20 3  <nil>}": {"Key":"self","Type":15,"Integer":0,"String":"b","Interface":null}}
2025-08-15T22:14:06.427-0500	DEBUG	protocol/handler.go:596	round already finalized
2025-08-15T22:14:06.427-0500	DEBUG	protocol/handler.go:581	tryAdvanceRound called	{"{current_round 20 3  <nil>}": {"Key":"self","Type":15,"Integer":0,"String":"a","Interface":null}}
2025-08-15T22:14:06.427-0500	DEBUG	protocol/handler.go:1591	have processed broadcast	{"{round 20 3  <nil>}": {"Key":"from","Type":15,"Integer":0,"String":"b","Interface":null}}
2025-08-15T22:14:06.427-0500	DEBUG	protocol/handler.go:1649	have all messages and processed	{"{round 20 3  <nil>}": {"Key":"self","Type":15,"Integer":0,"String":"a","Interface":null}}
2025-08-15T22:14:06.427-0500	DEBUG	protocol/handler.go:596	round already finalized
2025-08-15T22:14:06.446-0500	DEBUG	protocol/handler.go:581	tryAdvanceRound called	{"{current_round 20 3  <nil>}": {"Key":"self","Type":15,"Integer":0,"String":"a","Interface":null}}
2025-08-15T22:14:06.446-0500	DEBUG	protocol/handler.go:1591	have processed broadcast	{"{round 20 3  <nil>}": {"Key":"from","Type":15,"Integer":0,"String":"b","Interface":null}}
2025-08-15T22:14:06.446-0500	DEBUG	protocol/handler.go:1649	have all messages and processed	{"{round 20 3  <nil>}": {"Key":"self","Type":15,"Integer":0,"String":"a","Interface":null}}
2025-08-15T22:14:06.446-0500	DEBUG	protocol/handler.go:596	round already finalized
2025-08-15T22:14:06.446-0500	DEBUG	protocol/handler.go:581	tryAdvanceRound called	{"{current_round 20 3  <nil>}": {"Key":"self","Type":15,"Integer":0,"String":"b","Interface":null}}
2025-08-15T22:14:06.446-0500	DEBUG	protocol/handler.go:1591	have processed broadcast	{"{round 20 3  <nil>}": {"Key":"from","Type":15,"Integer":0,"String":"a","Interface":null}}
2025-08-15T22:14:06.446-0500	DEBUG	protocol/handler.go:1649	have all messages and processed	{"{round 20 3  <nil>}": {"Key":"self","Type":15,"Integer":0,"String":"b","Interface":null}}
2025-08-15T22:14:06.447-0500	DEBUG	protocol/handler.go:596	round already finalized
2025-08-15T22:14:06.447-0500	DEBUG	protocol/handler.go:581	tryAdvanceRound called	{"{current_round 20 3  <nil>}": {"Key":"self","Type":15,"Integer":0,"String":"b","Interface":null}}
2025-08-15T22:14:06.447-0500	DEBUG	protocol/handler.go:1591	have processed broadcast	{"{round 20 3  <nil>}": {"Key":"from","Type":15,"Integer":0,"String":"a","Interface":null}}
2025-08-15T22:14:06.491-0500	DEBUG	protocol/handler.go:1649	have all messages and processed	{"{round 20 3  <nil>}": {"Key":"self","Type":15,"Integer":0,"String":"b","Interface":null}}
2025-08-15T22:14:06.491-0500	DEBUG	protocol/handler.go:596	round already finalized
2025-08-15T22:14:06.491-0500	DEBUG	protocol/handler.go:581	tryAdvanceRound called	{"{current_round 20 3  <nil>}": {"Key":"self","Type":15,"Integer":0,"String":"b","Interface":null}}
2025-08-15T22:14:06.491-0500	DEBUG	protocol/handler.go:1591	have processed broadcast	{"{round 20 3  <nil>}": {"Key":"from","Type":15,"Integer":0,"String":"a","Interface":null}}
2025-08-15T22:14:06.491-0500	DEBUG	protocol/handler.go:1649	have all messages and processed	{"{round 20 3  <nil>}": {"Key":"self","Type":15,"Integer":0,"String":"b","Interface":null}}
2025-08-15T22:14:06.491-0500	DEBUG	protocol/handler.go:596	round already finalized
2025-08-15T22:14:06.468-0500	DEBUG	protocol/handler.go:581	tryAdvanceRound called	{"{current_round 20 3  <nil>}": {"Key":"self","Type":15,"Integer":0,"String":"a","Interface":null}}
2025-08-15T22:14:06.491-0500	DEBUG	protocol/handler.go:1591	have processed broadcast	{"{round 20 3  <nil>}": {"Key":"from","Type":15,"Integer":0,"String":"b","Interface":null}}
2025-08-15T22:14:06.492-0500	DEBUG	protocol/handler.go:1649	have all messages and processed	{"{round 20 3  <nil>}": {"Key":"self","Type":15,"Integer":0,"String":"a","Interface":null}}
2025-08-15T22:14:06.492-0500	DEBUG	protocol/handler.go:596	round already finalized
2025-08-15T22:14:06.492-0500	DEBUG	protocol/handler.go:581	tryAdvanceRound called	{"{current_round 20 3  <nil>}": {"Key":"self","Type":15,"Integer":0,"String":"a","Interface":null}}
2025-08-15T22:14:06.492-0500	DEBUG	protocol/handler.go:1591	have processed broadcast	{"{round 20 3  <nil>}": {"Key":"from","Type":15,"Integer":0,"String":"b","Interface":null}}
2025-08-15T22:14:06.492-0500	DEBUG	protocol/handler.go:1649	have all messages and processed	{"{round 20 3  <nil>}": {"Key":"self","Type":15,"Integer":0,"String":"a","Interface":null}}
2025-08-15T22:14:06.492-0500	DEBUG	protocol/handler.go:596	round already finalized
2025-08-15T22:14:06.534-0500	DEBUG	protocol/handler.go:581	tryAdvanceRound called	{"{current_round 20 3  <nil>}": {"Key":"self","Type":15,"Integer":0,"String":"b","Interface":null}}
2025-08-15T22:14:06.534-0500	DEBUG	protocol/handler.go:1591	have processed broadcast	{"{round 20 3  <nil>}": {"Key":"from","Type":15,"Integer":0,"String":"a","Interface":null}}
2025-08-15T22:14:06.538-0500	DEBUG	protocol/handler.go:1649	have all messages and processed	{"{round 20 3  <nil>}": {"Key":"self","Type":15,"Integer":0,"String":"b","Interface":null}}
2025-08-15T22:14:06.538-0500	DEBUG	protocol/handler.go:596	round already finalized
2025-08-15T22:14:06.538-0500	DEBUG	protocol/handler.go:581	tryAdvanceRound called	{"{current_round 20 3  <nil>}": {"Key":"self","Type":15,"Integer":0,"String":"b","Interface":null}}
2025-08-15T22:14:06.538-0500	DEBUG	protocol/handler.go:1591	have processed broadcast	{"{round 20 3  <nil>}": {"Key":"from","Type":15,"Integer":0,"String":"a","Interface":null}}
2025-08-15T22:14:06.538-0500	DEBUG	protocol/handler.go:1649	have all messages and processed	{"{round 20 3  <nil>}": {"Key":"self","Type":15,"Integer":0,"String":"b","Interface":null}}
2025-08-15T22:14:06.538-0500	DEBUG	protocol/handler.go:596	round already finalized
2025-08-15T22:14:06.538-0500	DEBUG	protocol/handler.go:581	tryAdvanceRound called	{"{current_round 20 3  <nil>}": {"Key":"self","Type":15,"Integer":0,"String":"a","Interface":null}}
2025-08-15T22:14:06.538-0500	DEBUG	protocol/handler.go:1591	have processed broadcast	{"{round 20 3  <nil>}": {"Key":"from","Type":15,"Integer":0,"String":"b","Interface":null}}
2025-08-15T22:14:06.539-0500	DEBUG	protocol/handler.go:1649	have all messages and processed	{"{round 20 3  <nil>}": {"Key":"self","Type":15,"Integer":0,"String":"a","Interface":null}}
2025-08-15T22:14:06.539-0500	DEBUG	protocol/handler.go:596	round already finalized
2025-08-15T22:14:06.539-0500	DEBUG	protocol/handler.go:581	tryAdvanceRound called	{"{current_round 20 3  <nil>}": {"Key":"self","Type":15,"Integer":0,"String":"a","Interface":null}}
2025-08-15T22:14:06.539-0500	DEBUG	protocol/handler.go:1591	have processed broadcast	{"{round 20 3  <nil>}": {"Key":"from","Type":15,"Integer":0,"String":"b","Interface":null}}
2025-08-15T22:14:06.539-0500	DEBUG	protocol/handler.go:1649	have all messages and processed	{"{round 20 3  <nil>}": {"Key":"self","Type":15,"Integer":0,"String":"a","Interface":null}}
2025-08-15T22:14:06.539-0500	DEBUG	protocol/handler.go:596	round already finalized
2025-08-15T22:14:06.539-0500	DEBUG	protocol/handler.go:581	tryAdvanceRound called	{"{current_round 20 3  <nil>}": {"Key":"self","Type":15,"Integer":0,"String":"b","Interface":null}}
2025-08-15T22:14:06.539-0500	DEBUG	protocol/handler.go:1591	have processed broadcast	{"{round 20 3  <nil>}": {"Key":"from","Type":15,"Integer":0,"String":"a","Interface":null}}
2025-08-15T22:14:06.539-0500	DEBUG	protocol/handler.go:1649	have all messages and processed	{"{round 20 3  <nil>}": {"Key":"self","Type":15,"Integer":0,"String":"b","Interface":null}}
2025-08-15T22:14:06.539-0500	DEBUG	protocol/handler.go:596	round already finalized
2025-08-15T22:14:06.580-0500	DEBUG	protocol/handler.go:581	tryAdvanceRound called	{"{current_round 20 3  <nil>}": {"Key":"self","Type":15,"Integer":0,"String":"a","Interface":null}}
2025-08-15T22:14:06.580-0500	DEBUG	protocol/handler.go:1591	have processed broadcast	{"{round 20 3  <nil>}": {"Key":"from","Type":15,"Integer":0,"String":"b","Interface":null}}
2025-08-15T22:14:06.580-0500	DEBUG	protocol/handler.go:1649	have all messages and processed	{"{round 20 3  <nil>}": {"Key":"self","Type":15,"Integer":0,"String":"a","Interface":null}}
2025-08-15T22:14:06.580-0500	DEBUG	protocol/handler.go:596	round already finalized
2025-08-15T22:14:06.580-0500	DEBUG	protocol/handler.go:581	tryAdvanceRound called	{"{current_round 20 3  <nil>}": {"Key":"self","Type":15,"Integer":0,"String":"a","Interface":null}}
2025-08-15T22:14:06.580-0500	DEBUG	protocol/handler.go:1591	have processed broadcast	{"{round 20 3  <nil>}": {"Key":"from","Type":15,"Integer":0,"String":"b","Interface":null}}
2025-08-15T22:14:06.580-0500	DEBUG	protocol/handler.go:1649	have all messages and processed	{"{round 20 3  <nil>}": {"Key":"self","Type":15,"Integer":0,"String":"a","Interface":null}}
2025-08-15T22:14:06.580-0500	DEBUG	protocol/handler.go:596	round already finalized
2025-08-15T22:14:06.580-0500	DEBUG	protocol/handler.go:581	tryAdvanceRound called	{"{current_round 20 3  <nil>}": {"Key":"self","Type":15,"Integer":0,"String":"b","Interface":null}}
2025-08-15T22:14:06.580-0500	DEBUG	protocol/handler.go:1591	have processed broadcast	{"{round 20 3  <nil>}": {"Key":"from","Type":15,"Integer":0,"String":"a","Interface":null}}
2025-08-15T22:14:06.580-0500	DEBUG	protocol/handler.go:1649	have all messages and processed	{"{round 20 3  <nil>}": {"Key":"self","Type":15,"Integer":0,"String":"b","Interface":null}}
2025-08-15T22:14:06.580-0500	DEBUG	protocol/handler.go:596	round already finalized
2025-08-15T22:14:06.581-0500	DEBUG	protocol/handler.go:581	tryAdvanceRound called	{"{current_round 20 3  <nil>}": {"Key":"self","Type":15,"Integer":0,"String":"b","Interface":null}}
2025-08-15T22:14:06.581-0500	DEBUG	protocol/handler.go:1591	have processed broadcast	{"{round 20 3  <nil>}": {"Key":"from","Type":15,"Integer":0,"String":"a","Interface":null}}
2025-08-15T22:14:06.581-0500	DEBUG	protocol/handler.go:1649	have all messages and processed	{"{round 20 3  <nil>}": {"Key":"self","Type":15,"Integer":0,"String":"b","Interface":null}}
2025-08-15T22:14:06.581-0500	DEBUG	protocol/handler.go:596	round already finalized
2025-08-15T22:14:06.626-0500	DEBUG	protocol/handler.go:581	tryAdvanceRound called	{"{current_round 20 3  <nil>}": {"Key":"self","Type":15,"Integer":0,"String":"b","Interface":null}}
2025-08-15T22:14:06.626-0500	DEBUG	protocol/handler.go:1591	have processed broadcast	{"{round 20 3  <nil>}": {"Key":"from","Type":15,"Integer":0,"String":"a","Interface":null}}
2025-08-15T22:14:06.626-0500	DEBUG	protocol/handler.go:1649	have all messages and processed	{"{round 20 3  <nil>}": {"Key":"self","Type":15,"Integer":0,"String":"b","Interface":null}}
2025-08-15T22:14:06.626-0500	DEBUG	protocol/handler.go:596	round already finalized
2025-08-15T22:14:06.626-0500	DEBUG	protocol/handler.go:581	tryAdvanceRound called	{"{current_round 20 3  <nil>}": {"Key":"self","Type":15,"Integer":0,"String":"b","Interface":null}}
2025-08-15T22:14:06.626-0500	DEBUG	protocol/handler.go:1591	have processed broadcast	{"{round 20 3  <nil>}": {"Key":"from","Type":15,"Integer":0,"String":"a","Interface":null}}
2025-08-15T22:14:06.626-0500	DEBUG	protocol/handler.go:1649	have all messages and processed	{"{round 20 3  <nil>}": {"Key":"self","Type":15,"Integer":0,"String":"b","Interface":null}}
2025-08-15T22:14:06.626-0500	DEBUG	protocol/handler.go:596	round already finalized
2025-08-15T22:14:06.626-0500	DEBUG	protocol/handler.go:581	tryAdvanceRound called	{"{current_round 20 3  <nil>}": {"Key":"self","Type":15,"Integer":0,"String":"a","Interface":null}}
2025-08-15T22:14:06.626-0500	DEBUG	protocol/handler.go:1591	have processed broadcast	{"{round 20 3  <nil>}": {"Key":"from","Type":15,"Integer":0,"String":"b","Interface":null}}
2025-08-15T22:14:06.627-0500	DEBUG	protocol/handler.go:1649	have all messages and processed	{"{round 20 3  <nil>}": {"Key":"self","Type":15,"Integer":0,"String":"a","Interface":null}}
2025-08-15T22:14:06.627-0500	DEBUG	protocol/handler.go:596	round already finalized
2025-08-15T22:14:06.627-0500	DEBUG	protocol/handler.go:581	tryAdvanceRound called	{"{current_round 20 3  <nil>}": {"Key":"self","Type":15,"Integer":0,"String":"a","Interface":null}}
2025-08-15T22:14:06.627-0500	DEBUG	protocol/handler.go:1591	have processed broadcast	{"{round 20 3  <nil>}": {"Key":"from","Type":15,"Integer":0,"String":"b","Interface":null}}
2025-08-15T22:14:06.627-0500	DEBUG	protocol/handler.go:1649	have all messages and processed	{"{round 20 3  <nil>}": {"Key":"self","Type":15,"Integer":0,"String":"a","Interface":null}}
2025-08-15T22:14:06.627-0500	DEBUG	protocol/handler.go:596	round already finalized
2025-08-15T22:14:06.627-0500	DEBUG	protocol/handler.go:581	tryAdvanceRound called	{"{current_round 20 3  <nil>}": {"Key":"self","Type":15,"Integer":0,"String":"b","Interface":null}}
2025-08-15T22:14:06.628-0500	DEBUG	protocol/handler.go:1591	have processed broadcast	{"{round 20 3  <nil>}": {"Key":"from","Type":15,"Integer":0,"String":"a","Interface":null}}
2025-08-15T22:14:06.628-0500	DEBUG	protocol/handler.go:1649	have all messages and processed	{"{round 20 3  <nil>}": {"Key":"self","Type":15,"Integer":0,"String":"b","Interface":null}}
2025-08-15T22:14:06.628-0500	DEBUG	protocol/handler.go:596	round already finalized
2025-08-15T22:14:06.649-0500	DEBUG	protocol/handler.go:581	tryAdvanceRound called	{"{current_round 20 3  <nil>}": {"Key":"self","Type":15,"Integer":0,"String":"b","Interface":null}}
2025-08-15T22:14:06.649-0500	DEBUG	protocol/handler.go:1591	have processed broadcast	{"{round 20 3  <nil>}": {"Key":"from","Type":15,"Integer":0,"String":"a","Interface":null}}
2025-08-15T22:14:06.649-0500	DEBUG	protocol/handler.go:1649	have all messages and processed	{"{round 20 3  <nil>}": {"Key":"self","Type":15,"Integer":0,"String":"b","Interface":null}}
2025-08-15T22:14:06.650-0500	DEBUG	protocol/handler.go:596	round already finalized
2025-08-15T22:14:06.672-0500	DEBUG	protocol/handler.go:581	tryAdvanceRound called	{"{current_round 20 3  <nil>}": {"Key":"self","Type":15,"Integer":0,"String":"a","Interface":null}}
2025-08-15T22:14:06.672-0500	DEBUG	protocol/handler.go:1591	have processed broadcast	{"{round 20 3  <nil>}": {"Key":"from","Type":15,"Integer":0,"String":"b","Interface":null}}
2025-08-15T22:14:06.672-0500	DEBUG	protocol/handler.go:1649	have all messages and processed	{"{round 20 3  <nil>}": {"Key":"self","Type":15,"Integer":0,"String":"a","Interface":null}}
2025-08-15T22:14:06.673-0500	DEBUG	protocol/handler.go:596	round already finalized
2025-08-15T22:14:06.673-0500	DEBUG	protocol/handler.go:581	tryAdvanceRound called	{"{current_round 20 3  <nil>}": {"Key":"self","Type":15,"Integer":0,"String":"a","Interface":null}}
2025-08-15T22:14:06.673-0500	DEBUG	protocol/handler.go:1591	have processed broadcast	{"{round 20 3  <nil>}": {"Key":"from","Type":15,"Integer":0,"String":"b","Interface":null}}
2025-08-15T22:14:06.673-0500	DEBUG	protocol/handler.go:1649	have all messages and processed	{"{round 20 3  <nil>}": {"Key":"self","Type":15,"Integer":0,"String":"a","Interface":null}}
2025-08-15T22:14:06.673-0500	DEBUG	protocol/handler.go:596	round already finalized
2025-08-15T22:14:06.673-0500	DEBUG	protocol/handler.go:581	tryAdvanceRound called	{"{current_round 20 3  <nil>}": {"Key":"self","Type":15,"Integer":0,"String":"b","Interface":null}}
2025-08-15T22:14:06.673-0500	DEBUG	protocol/handler.go:1591	have processed broadcast	{"{round 20 3  <nil>}": {"Key":"from","Type":15,"Integer":0,"String":"a","Interface":null}}
2025-08-15T22:14:06.673-0500	DEBUG	protocol/handler.go:1649	have all messages and processed	{"{round 20 3  <nil>}": {"Key":"self","Type":15,"Integer":0,"String":"b","Interface":null}}
2025-08-15T22:14:06.673-0500	DEBUG	protocol/handler.go:596	round already finalized
2025-08-15T22:14:06.695-0500	DEBUG	protocol/handler.go:581	tryAdvanceRound called	{"{current_round 20 3  <nil>}": {"Key":"self","Type":15,"Integer":0,"String":"b","Interface":null}}
2025-08-15T22:14:06.695-0500	DEBUG	protocol/handler.go:1591	have processed broadcast	{"{round 20 3  <nil>}": {"Key":"from","Type":15,"Integer":0,"String":"a","Interface":null}}
2025-08-15T22:14:06.695-0500	DEBUG	protocol/handler.go:1649	have all messages and processed	{"{round 20 3  <nil>}": {"Key":"self","Type":15,"Integer":0,"String":"b","Interface":null}}
2025-08-15T22:14:06.695-0500	DEBUG	protocol/handler.go:596	round already finalized
2025-08-15T22:14:06.721-0500	DEBUG	protocol/handler.go:581	tryAdvanceRound called	{"{current_round 20 3  <nil>}": {"Key":"self","Type":15,"Integer":0,"String":"a","Interface":null}}
2025-08-15T22:14:06.721-0500	DEBUG	protocol/handler.go:1591	have processed broadcast	{"{round 20 3  <nil>}": {"Key":"from","Type":15,"Integer":0,"String":"b","Interface":null}}
2025-08-15T22:14:06.721-0500	DEBUG	protocol/handler.go:1649	have all messages and processed	{"{round 20 3  <nil>}": {"Key":"self","Type":15,"Integer":0,"String":"a","Interface":null}}
2025-08-15T22:14:06.721-0500	DEBUG	protocol/handler.go:596	round already finalized
2025-08-15T22:14:06.721-0500	DEBUG	protocol/handler.go:581	tryAdvanceRound called	{"{current_round 20 3  <nil>}": {"Key":"self","Type":15,"Integer":0,"String":"a","Interface":null}}
2025-08-15T22:14:06.721-0500	DEBUG	protocol/handler.go:1591	have processed broadcast	{"{round 20 3  <nil>}": {"Key":"from","Type":15,"Integer":0,"String":"b","Interface":null}}
2025-08-15T22:14:06.722-0500	DEBUG	protocol/handler.go:1649	have all messages and processed	{"{round 20 3  <nil>}": {"Key":"self","Type":15,"Integer":0,"String":"a","Interface":null}}
2025-08-15T22:14:06.722-0500	DEBUG	protocol/handler.go:596	round already finalized
2025-08-15T22:14:06.722-0500	DEBUG	protocol/handler.go:581	tryAdvanceRound called	{"{current_round 20 3  <nil>}": {"Key":"self","Type":15,"Integer":0,"String":"b","Interface":null}}
2025-08-15T22:14:06.722-0500	DEBUG	protocol/handler.go:1591	have processed broadcast	{"{round 20 3  <nil>}": {"Key":"from","Type":15,"Integer":0,"String":"a","Interface":null}}
2025-08-15T22:14:06.722-0500	DEBUG	protocol/handler.go:1649	have all messages and processed	{"{round 20 3  <nil>}": {"Key":"self","Type":15,"Integer":0,"String":"b","Interface":null}}
2025-08-15T22:14:06.722-0500	DEBUG	protocol/handler.go:596	round already finalized
==================
WARNING: DATA RACE
Write at 0x00c00010caf8 by goroutine 268:
  github.com/cronokirby/saferith.maskEnd()
      /Users/z/go/pkg/mod/github.com/cronokirby/saferith@v0.33.0/num.go:261 +0x1cc
  github.com/cronokirby/saferith.(*Nat).resizedLimbs()
      /Users/z/go/pkg/mod/github.com/cronokirby/saferith@v0.33.0/num.go:252 +0x16c
  github.com/cronokirby/saferith.(*Nat).Cmp()
      /Users/z/go/pkg/mod/github.com/cronokirby/saferith@v0.33.0/num.go:1411 +0x90
  github.com/cronokirby/saferith.(*Nat).CmpMod()
      /Users/z/go/pkg/mod/github.com/cronokirby/saferith@v0.33.0/num.go:1430 +0x74
  github.com/luxfi/threshold/pkg/math/arith.IsValidNatModN()
      /Users/z/work/lux/threshold/pkg/math/arith/int.go:16 +0x78
  github.com/luxfi/threshold/pkg/pedersen.Parameters.Verify()
      /Users/z/work/lux/threshold/pkg/pedersen/pedersen.go:91 +0xc0
  github.com/luxfi/threshold/pkg/zk/fac.(*Proof).Verify()
      /Users/z/work/lux/threshold/pkg/zk/fac/fac.go:115 +0x214
  github.com/luxfi/threshold/protocols/cmp/keygen.(*round4).VerifyMessage()
      /Users/z/work/lux/threshold/protocols/cmp/keygen/round4.go:139 +0x368
  github.com/luxfi/threshold/pkg/protocol.(*Handler).verifyNormalForRound()
      /Users/z/work/lux/threshold/pkg/protocol/handler.go:1331 +0x348
  github.com/luxfi/threshold/pkg/protocol.(*Handler).processQueuedMessages()
      /Users/z/work/lux/threshold/pkg/protocol/handler.go:1556 +0x550
  github.com/luxfi/threshold/pkg/protocol.(*Handler).tryAdvanceRound.gowrap2()
      /Users/z/work/lux/threshold/pkg/protocol/handler.go:673 +0x40

Previous read at 0x00c00010caf8 by goroutine 142:
  runtime.slicecopy()
      /opt/homebrew/Cellar/go/1.24.6/libexec/src/runtime/slice.go:355 +0x0
  github.com/cronokirby/saferith.(*Nat).invert()
      /Users/z/go/pkg/mod/github.com/cronokirby/saferith@v0.33.0/num.go:1561 +0x318
  github.com/cronokirby/saferith.(*Nat).modInverse()
      /Users/z/go/pkg/mod/github.com/cronokirby/saferith@v0.33.0/num.go:1743 +0x18c
  github.com/cronokirby/saferith.(*Nat).ModInverse()
      /Users/z/go/pkg/mod/github.com/cronokirby/saferith@v0.33.0/num.go:1757 +0x80
  github.com/luxfi/threshold/pkg/math/arith.(*Modulus).ExpI()
      /Users/z/work/lux/threshold/pkg/math/arith/modulus.go:68 +0xd4
  github.com/luxfi/threshold/pkg/pedersen.Parameters.Verify()
      /Users/z/work/lux/threshold/pkg/pedersen/pedersen.go:99 +0x110
  github.com/luxfi/threshold/pkg/zk/fac.(*Proof).Verify()
      /Users/z/work/lux/threshold/pkg/zk/fac/fac.go:115 +0x214
  github.com/luxfi/threshold/protocols/cmp/keygen.(*round4).VerifyMessage()
      /Users/z/work/lux/threshold/protocols/cmp/keygen/round4.go:139 +0x368
  github.com/luxfi/threshold/pkg/protocol.(*Handler).verifyNormalForRound()
      /Users/z/work/lux/threshold/pkg/protocol/handler.go:1331 +0x348
  github.com/luxfi/threshold/pkg/protocol.(*Handler).retryUnprocessedMessages()
      /Users/z/work/lux/threshold/pkg/protocol/handler.go:1496 +0x3a0
  github.com/luxfi/threshold/pkg/protocol.(*Handler).tryAdvanceRound()
      /Users/z/work/lux/threshold/pkg/protocol/handler.go:587 +0x28c
  github.com/luxfi/threshold/pkg/protocol.(*Handler).processMessage()
      /Users/z/work/lux/threshold/pkg/protocol/handler.go:474 +0xb70
  github.com/luxfi/threshold/pkg/protocol.(*Handler).messageWorker()
      /Users/z/work/lux/threshold/pkg/protocol/handler.go:408 +0x338
  github.com/luxfi/threshold/pkg/protocol.(*Handler).startWorkers.gowrap2()
      /Users/z/work/lux/threshold/pkg/protocol/handler.go:361 +0x44

Goroutine 268 (running) created at:
  github.com/luxfi/threshold/pkg/protocol.(*Handler).tryAdvanceRound()
      /Users/z/work/lux/threshold/pkg/protocol/handler.go:673 +0x12e4
  github.com/luxfi/threshold/pkg/protocol.(*Handler).processMessage()
      /Users/z/work/lux/threshold/pkg/protocol/handler.go:486 +0xbb0
  github.com/luxfi/threshold/pkg/protocol.(*Handler).messageWorker()
      /Users/z/work/lux/threshold/pkg/protocol/handler.go:408 +0x338
  github.com/luxfi/threshold/pkg/protocol.(*Handler).startWorkers.gowrap2()
      /Users/z/work/lux/threshold/pkg/protocol/handler.go:361 +0x44

Goroutine 142 (running) created at:
  github.com/luxfi/threshold/pkg/protocol.(*Handler).startWorkers()
      /Users/z/work/lux/threshold/pkg/protocol/handler.go:361 +0x334
  github.com/luxfi/threshold/pkg/protocol.NewHandler()
      /Users/z/work/lux/threshold/pkg/protocol/handler.go:247 +0xf10
  github.com/luxfi/threshold/internal/test.(*Harness).CreateHandler()
      /Users/z/work/lux/threshold/internal/test/harness.go:91 +0x2e4
  github.com/luxfi/threshold/internal/test.RunProtocol()
      /Users/z/work/lux/threshold/internal/test/harness.go:270 +0x230
  github.com/luxfi/threshold/protocols/cmp_test.TestCMPBasicKeygen()
      /Users/z/work/lux/threshold/protocols/cmp/cmp_basic_test.go:35 +0x29c
  testing.tRunner()
      /opt/homebrew/Cellar/go/1.24.6/libexec/src/testing/testing.go:1792 +0x180
  testing.(*T).Run.gowrap1()
      /opt/homebrew/Cellar/go/1.24.6/libexec/src/testing/testing.go:1851 +0x40
==================
2025-08-15T22:14:06.745-0500	DEBUG	protocol/handler.go:581	tryAdvanceRound called	{"{current_round 20 3  <nil>}": {"Key":"self","Type":15,"Integer":0,"String":"a","Interface":null}}
2025-08-15T22:14:06.745-0500	DEBUG	protocol/handler.go:1591	have processed broadcast	{"{round 20 3  <nil>}": {"Key":"from","Type":15,"Integer":0,"String":"b","Interface":null}}
2025-08-15T22:14:06.745-0500	DEBUG	protocol/handler.go:1649	have all messages and processed	{"{round 20 3  <nil>}": {"Key":"self","Type":15,"Integer":0,"String":"a","Interface":null}}
2025-08-15T22:14:06.745-0500	DEBUG	protocol/handler.go:596	round already finalized
2025-08-15T22:14:06.745-0500	DEBUG	protocol/handler.go:581	tryAdvanceRound called	{"{current_round 20 3  <nil>}": {"Key":"self","Type":15,"Integer":0,"String":"b","Interface":null}}
2025-08-15T22:14:06.745-0500	DEBUG	protocol/handler.go:1591	have processed broadcast	{"{round 20 3  <nil>}": {"Key":"from","Type":15,"Integer":0,"String":"a","Interface":null}}
2025-08-15T22:14:06.745-0500	DEBUG	protocol/handler.go:1649	have all messages and processed	{"{round 20 3  <nil>}": {"Key":"self","Type":15,"Integer":0,"String":"b","Interface":null}}
2025-08-15T22:14:06.745-0500	DEBUG	protocol/handler.go:596	round already finalized
2025-08-15T22:14:06.770-0500	DEBUG	protocol/handler.go:581	tryAdvanceRound called	{"{current_round 20 3  <nil>}": {"Key":"self","Type":15,"Integer":0,"String":"a","Interface":null}}
2025-08-15T22:14:06.770-0500	DEBUG	protocol/handler.go:1591	have processed broadcast	{"{round 20 3  <nil>}": {"Key":"from","Type":15,"Integer":0,"String":"b","Interface":null}}
2025-08-15T22:14:06.770-0500	DEBUG	protocol/handler.go:1649	have all messages and processed	{"{round 20 3  <nil>}": {"Key":"self","Type":15,"Integer":0,"String":"a","Interface":null}}
2025-08-15T22:14:06.771-0500	DEBUG	protocol/handler.go:596	round already finalized
2025-08-15T22:14:06.794-0500	DEBUG	protocol/handler.go:581	tryAdvanceRound called	{"{current_round 20 3  <nil>}": {"Key":"self","Type":15,"Integer":0,"String":"b","Interface":null}}
2025-08-15T22:14:06.794-0500	DEBUG	protocol/handler.go:1591	have processed broadcast	{"{round 20 3  <nil>}": {"Key":"from","Type":15,"Integer":0,"String":"a","Interface":null}}
2025-08-15T22:14:06.794-0500	DEBUG	protocol/handler.go:1649	have all messages and processed	{"{round 20 3  <nil>}": {"Key":"self","Type":15,"Integer":0,"String":"b","Interface":null}}
2025-08-15T22:14:06.794-0500	DEBUG	protocol/handler.go:596	round already finalized
2025-08-15T22:14:06.795-0500	DEBUG	protocol/handler.go:581	tryAdvanceRound called	{"{current_round 20 3  <nil>}": {"Key":"self","Type":15,"Integer":0,"String":"b","Interface":null}}
2025-08-15T22:14:06.795-0500	DEBUG	protocol/handler.go:1591	have processed broadcast	{"{round 20 3  <nil>}": {"Key":"from","Type":15,"Integer":0,"String":"a","Interface":null}}
2025-08-15T22:14:06.795-0500	DEBUG	protocol/handler.go:1649	have all messages and processed	{"{round 20 3  <nil>}": {"Key":"self","Type":15,"Integer":0,"String":"b","Interface":null}}
2025-08-15T22:14:06.795-0500	DEBUG	protocol/handler.go:596	round already finalized
2025-08-15T22:14:06.795-0500	DEBUG	protocol/handler.go:581	tryAdvanceRound called	{"{current_round 20 3  <nil>}": {"Key":"self","Type":15,"Integer":0,"String":"a","Interface":null}}
2025-08-15T22:14:06.795-0500	DEBUG	protocol/handler.go:1591	have processed broadcast	{"{round 20 3  <nil>}": {"Key":"from","Type":15,"Integer":0,"String":"b","Interface":null}}
2025-08-15T22:14:06.795-0500	DEBUG	protocol/handler.go:1649	have all messages and processed	{"{round 20 3  <nil>}": {"Key":"self","Type":15,"Integer":0,"String":"a","Interface":null}}
2025-08-15T22:14:06.795-0500	DEBUG	protocol/handler.go:596	round already finalized
2025-08-15T22:14:06.818-0500	DEBUG	protocol/handler.go:581	tryAdvanceRound called	{"{current_round 20 3  <nil>}": {"Key":"self","Type":15,"Integer":0,"String":"a","Interface":null}}
2025-08-15T22:14:06.818-0500	DEBUG	protocol/handler.go:1591	have processed broadcast	{"{round 20 3  <nil>}": {"Key":"from","Type":15,"Integer":0,"String":"b","Interface":null}}
2025-08-15T22:14:06.819-0500	DEBUG	protocol/handler.go:1649	have all messages and processed	{"{round 20 3  <nil>}": {"Key":"self","Type":15,"Integer":0,"String":"a","Interface":null}}
2025-08-15T22:14:06.819-0500	DEBUG	protocol/handler.go:596	round already finalized
2025-08-15T22:14:06.842-0500	DEBUG	protocol/handler.go:581	tryAdvanceRound called	{"{current_round 20 3  <nil>}": {"Key":"self","Type":15,"Integer":0,"String":"a","Interface":null}}
2025-08-15T22:14:06.842-0500	DEBUG	protocol/handler.go:1591	have processed broadcast	{"{round 20 3  <nil>}": {"Key":"from","Type":15,"Integer":0,"String":"b","Interface":null}}
2025-08-15T22:14:06.842-0500	DEBUG	protocol/handler.go:1649	have all messages and processed	{"{round 20 3  <nil>}": {"Key":"self","Type":15,"Integer":0,"String":"a","Interface":null}}
2025-08-15T22:14:06.842-0500	DEBUG	protocol/handler.go:596	round already finalized
2025-08-15T22:14:06.842-0500	DEBUG	protocol/handler.go:581	tryAdvanceRound called	{"{current_round 20 3  <nil>}": {"Key":"self","Type":15,"Integer":0,"String":"b","Interface":null}}
2025-08-15T22:14:06.842-0500	DEBUG	protocol/handler.go:1591	have processed broadcast	{"{round 20 3  <nil>}": {"Key":"from","Type":15,"Integer":0,"String":"a","Interface":null}}
2025-08-15T22:14:06.842-0500	DEBUG	protocol/handler.go:1649	have all messages and processed	{"{round 20 3  <nil>}": {"Key":"self","Type":15,"Integer":0,"String":"b","Interface":null}}
2025-08-15T22:14:06.842-0500	DEBUG	protocol/handler.go:596	round already finalized
2025-08-15T22:14:06.842-0500	DEBUG	protocol/handler.go:581	tryAdvanceRound called	{"{current_round 20 3  <nil>}": {"Key":"self","Type":15,"Integer":0,"String":"b","Interface":null}}
2025-08-15T22:14:06.842-0500	DEBUG	protocol/handler.go:1591	have processed broadcast	{"{round 20 3  <nil>}": {"Key":"from","Type":15,"Integer":0,"String":"a","Interface":null}}
2025-08-15T22:14:06.842-0500	DEBUG	protocol/handler.go:1649	have all messages and processed	{"{round 20 3  <nil>}": {"Key":"self","Type":15,"Integer":0,"String":"b","Interface":null}}
2025-08-15T22:14:06.842-0500	DEBUG	protocol/handler.go:596	round already finalized
2025-08-15T22:14:06.886-0500	DEBUG	protocol/handler.go:581	tryAdvanceRound called	{"{current_round 20 3  <nil>}": {"Key":"self","Type":15,"Integer":0,"String":"b","Interface":null}}
2025-08-15T22:14:06.886-0500	DEBUG	protocol/handler.go:1591	have processed broadcast	{"{round 20 3  <nil>}": {"Key":"from","Type":15,"Integer":0,"String":"a","Interface":null}}
2025-08-15T22:14:06.886-0500	DEBUG	protocol/handler.go:1649	have all messages and processed	{"{round 20 3  <nil>}": {"Key":"self","Type":15,"Integer":0,"String":"b","Interface":null}}
2025-08-15T22:14:06.886-0500	DEBUG	protocol/handler.go:596	round already finalized
2025-08-15T22:14:06.886-0500	DEBUG	protocol/handler.go:581	tryAdvanceRound called	{"{current_round 20 3  <nil>}": {"Key":"self","Type":15,"Integer":0,"String":"b","Interface":null}}
2025-08-15T22:14:06.886-0500	DEBUG	protocol/handler.go:1591	have processed broadcast	{"{round 20 3  <nil>}": {"Key":"from","Type":15,"Integer":0,"String":"a","Interface":null}}
2025-08-15T22:14:06.887-0500	DEBUG	protocol/handler.go:1649	have all messages and processed	{"{round 20 3  <nil>}": {"Key":"self","Type":15,"Integer":0,"String":"b","Interface":null}}
2025-08-15T22:14:06.887-0500	DEBUG	protocol/handler.go:596	round already finalized
2025-08-15T22:14:06.887-0500	DEBUG	protocol/handler.go:581	tryAdvanceRound called	{"{current_round 20 3  <nil>}": {"Key":"self","Type":15,"Integer":0,"String":"a","Interface":null}}
2025-08-15T22:14:06.887-0500	DEBUG	protocol/handler.go:1591	have processed broadcast	{"{round 20 3  <nil>}": {"Key":"from","Type":15,"Integer":0,"String":"b","Interface":null}}
2025-08-15T22:14:06.887-0500	DEBUG	protocol/handler.go:1649	have all messages and processed	{"{round 20 3  <nil>}": {"Key":"self","Type":15,"Integer":0,"String":"a","Interface":null}}
2025-08-15T22:14:06.887-0500	DEBUG	protocol/handler.go:596	round already finalized
2025-08-15T22:14:06.887-0500	DEBUG	protocol/handler.go:581	tryAdvanceRound called	{"{current_round 20 3  <nil>}": {"Key":"self","Type":15,"Integer":0,"String":"a","Interface":null}}
2025-08-15T22:14:06.887-0500	DEBUG	protocol/handler.go:1591	have processed broadcast	{"{round 20 3  <nil>}": {"Key":"from","Type":15,"Integer":0,"String":"b","Interface":null}}
2025-08-15T22:14:06.887-0500	DEBUG	protocol/handler.go:1649	have all messages and processed	{"{round 20 3  <nil>}": {"Key":"self","Type":15,"Integer":0,"String":"a","Interface":null}}
2025-08-15T22:14:06.887-0500	DEBUG	protocol/handler.go:596	round already finalized
2025-08-15T22:14:06.887-0500	DEBUG	protocol/handler.go:581	tryAdvanceRound called	{"{current_round 20 3  <nil>}": {"Key":"self","Type":15,"Integer":0,"String":"b","Interface":null}}
2025-08-15T22:14:06.888-0500	DEBUG	protocol/handler.go:1591	have processed broadcast	{"{round 20 3  <nil>}": {"Key":"from","Type":15,"Integer":0,"String":"a","Interface":null}}
2025-08-15T22:14:06.888-0500	DEBUG	protocol/handler.go:1649	have all messages and processed	{"{round 20 3  <nil>}": {"Key":"self","Type":15,"Integer":0,"String":"b","Interface":null}}
2025-08-15T22:14:06.888-0500	DEBUG	protocol/handler.go:596	round already finalized
2025-08-15T22:14:06.936-0500	DEBUG	protocol/handler.go:581	tryAdvanceRound called	{"{current_round 20 3  <nil>}": {"Key":"self","Type":15,"Integer":0,"String":"a","Interface":null}}
2025-08-15T22:14:06.936-0500	DEBUG	protocol/handler.go:1591	have processed broadcast	{"{round 20 3  <nil>}": {"Key":"from","Type":15,"Integer":0,"String":"b","Interface":null}}
2025-08-15T22:14:06.936-0500	DEBUG	protocol/handler.go:1649	have all messages and processed	{"{round 20 3  <nil>}": {"Key":"self","Type":15,"Integer":0,"String":"a","Interface":null}}
2025-08-15T22:14:06.936-0500	DEBUG	protocol/handler.go:596	round already finalized
2025-08-15T22:14:06.936-0500	DEBUG	protocol/handler.go:581	tryAdvanceRound called	{"{current_round 20 3  <nil>}": {"Key":"self","Type":15,"Integer":0,"String":"a","Interface":null}}
2025-08-15T22:14:06.936-0500	DEBUG	protocol/handler.go:1591	have processed broadcast	{"{round 20 3  <nil>}": {"Key":"from","Type":15,"Integer":0,"String":"b","Interface":null}}
2025-08-15T22:14:06.936-0500	DEBUG	protocol/handler.go:1649	have all messages and processed	{"{round 20 3  <nil>}": {"Key":"self","Type":15,"Integer":0,"String":"a","Interface":null}}
2025-08-15T22:14:06.936-0500	DEBUG	protocol/handler.go:596	round already finalized
2025-08-15T22:14:06.936-0500	DEBUG	protocol/handler.go:581	tryAdvanceRound called	{"{current_round 20 3  <nil>}": {"Key":"self","Type":15,"Integer":0,"String":"b","Interface":null}}
2025-08-15T22:14:06.936-0500	DEBUG	protocol/handler.go:1591	have processed broadcast	{"{round 20 3  <nil>}": {"Key":"from","Type":15,"Integer":0,"String":"a","Interface":null}}
2025-08-15T22:14:06.936-0500	DEBUG	protocol/handler.go:1649	have all messages and processed	{"{round 20 3  <nil>}": {"Key":"self","Type":15,"Integer":0,"String":"b","Interface":null}}
2025-08-15T22:14:06.936-0500	DEBUG	protocol/handler.go:596	round already finalized
2025-08-15T22:14:06.937-0500	DEBUG	protocol/handler.go:581	tryAdvanceRound called	{"{current_round 20 3  <nil>}": {"Key":"self","Type":15,"Integer":0,"String":"b","Interface":null}}
2025-08-15T22:14:06.937-0500	DEBUG	protocol/handler.go:1591	have processed broadcast	{"{round 20 3  <nil>}": {"Key":"from","Type":15,"Integer":0,"String":"a","Interface":null}}
2025-08-15T22:14:06.937-0500	DEBUG	protocol/handler.go:1649	have all messages and processed	{"{round 20 3  <nil>}": {"Key":"self","Type":15,"Integer":0,"String":"b","Interface":null}}
2025-08-15T22:14:06.937-0500	DEBUG	protocol/handler.go:596	round already finalized
2025-08-15T22:14:06.937-0500	DEBUG	protocol/handler.go:581	tryAdvanceRound called	{"{current_round 20 3  <nil>}": {"Key":"self","Type":15,"Integer":0,"String":"b","Interface":null}}
2025-08-15T22:14:06.937-0500	DEBUG	protocol/handler.go:1591	have processed broadcast	{"{round 20 3  <nil>}": {"Key":"from","Type":15,"Integer":0,"String":"a","Interface":null}}
2025-08-15T22:14:06.937-0500	DEBUG	protocol/handler.go:1649	have all messages and processed	{"{round 20 3  <nil>}": {"Key":"self","Type":15,"Integer":0,"String":"b","Interface":null}}
2025-08-15T22:14:06.937-0500	DEBUG	protocol/handler.go:596	round already finalized
2025-08-15T22:14:06.960-0500	DEBUG	protocol/handler.go:581	tryAdvanceRound called	{"{current_round 20 3  <nil>}": {"Key":"self","Type":15,"Integer":0,"String":"a","Interface":null}}
2025-08-15T22:14:06.960-0500	DEBUG	protocol/handler.go:1591	have processed broadcast	{"{round 20 3  <nil>}": {"Key":"from","Type":15,"Integer":0,"String":"b","Interface":null}}
2025-08-15T22:14:06.960-0500	DEBUG	protocol/handler.go:1649	have all messages and processed	{"{round 20 3  <nil>}": {"Key":"self","Type":15,"Integer":0,"String":"a","Interface":null}}
2025-08-15T22:14:06.960-0500	DEBUG	protocol/handler.go:596	round already finalized
2025-08-15T22:14:06.981-0500	DEBUG	protocol/handler.go:581	tryAdvanceRound called	{"{current_round 20 3  <nil>}": {"Key":"self","Type":15,"Integer":0,"String":"a","Interface":null}}
2025-08-15T22:14:06.981-0500	DEBUG	protocol/handler.go:1591	have processed broadcast	{"{round 20 3  <nil>}": {"Key":"from","Type":15,"Integer":0,"String":"b","Interface":null}}
2025-08-15T22:14:06.981-0500	DEBUG	protocol/handler.go:1649	have all messages and processed	{"{round 20 3  <nil>}": {"Key":"self","Type":15,"Integer":0,"String":"a","Interface":null}}
2025-08-15T22:14:06.981-0500	DEBUG	protocol/handler.go:596	round already finalized
2025-08-15T22:14:06.982-0500	DEBUG	protocol/handler.go:581	tryAdvanceRound called	{"{current_round 20 3  <nil>}": {"Key":"self","Type":15,"Integer":0,"String":"b","Interface":null}}
2025-08-15T22:14:06.982-0500	DEBUG	protocol/handler.go:1591	have processed broadcast	{"{round 20 3  <nil>}": {"Key":"from","Type":15,"Integer":0,"String":"a","Interface":null}}
2025-08-15T22:14:06.982-0500	DEBUG	protocol/handler.go:1649	have all messages and processed	{"{round 20 3  <nil>}": {"Key":"self","Type":15,"Integer":0,"String":"b","Interface":null}}
2025-08-15T22:14:06.982-0500	DEBUG	protocol/handler.go:596	round already finalized
2025-08-15T22:14:06.982-0500	DEBUG	protocol/handler.go:581	tryAdvanceRound called	{"{current_round 20 3  <nil>}": {"Key":"self","Type":15,"Integer":0,"String":"b","Interface":null}}
2025-08-15T22:14:06.982-0500	DEBUG	protocol/handler.go:1591	have processed broadcast	{"{round 20 3  <nil>}": {"Key":"from","Type":15,"Integer":0,"String":"a","Interface":null}}
2025-08-15T22:14:06.982-0500	DEBUG	protocol/handler.go:1649	have all messages and processed	{"{round 20 3  <nil>}": {"Key":"self","Type":15,"Integer":0,"String":"b","Interface":null}}
2025-08-15T22:14:06.982-0500	DEBUG	protocol/handler.go:596	round already finalized
2025-08-15T22:14:07.008-0500	DEBUG	protocol/handler.go:581	tryAdvanceRound called	{"{current_round 20 3  <nil>}": {"Key":"self","Type":15,"Integer":0,"String":"a","Interface":null}}
2025-08-15T22:14:07.008-0500	DEBUG	protocol/handler.go:1591	have processed broadcast	{"{round 20 3  <nil>}": {"Key":"from","Type":15,"Integer":0,"String":"b","Interface":null}}
2025-08-15T22:14:07.008-0500	DEBUG	protocol/handler.go:1649	have all messages and processed	{"{round 20 3  <nil>}": {"Key":"self","Type":15,"Integer":0,"String":"a","Interface":null}}
2025-08-15T22:14:07.008-0500	DEBUG	protocol/handler.go:596	round already finalized
2025-08-15T22:14:07.026-0500	DEBUG	protocol/handler.go:581	tryAdvanceRound called	{"{current_round 20 3  <nil>}": {"Key":"self","Type":15,"Integer":0,"String":"b","Interface":null}}
2025-08-15T22:14:07.027-0500	DEBUG	protocol/handler.go:1591	have processed broadcast	{"{round 20 3  <nil>}": {"Key":"from","Type":15,"Integer":0,"String":"a","Interface":null}}
2025-08-15T22:14:07.027-0500	DEBUG	protocol/handler.go:1649	have all messages and processed	{"{round 20 3  <nil>}": {"Key":"self","Type":15,"Integer":0,"String":"b","Interface":null}}
2025-08-15T22:14:07.027-0500	DEBUG	protocol/handler.go:596	round already finalized
2025-08-15T22:14:07.027-0500	DEBUG	protocol/handler.go:581	tryAdvanceRound called	{"{current_round 20 3  <nil>}": {"Key":"self","Type":15,"Integer":0,"String":"b","Interface":null}}
2025-08-15T22:14:07.027-0500	DEBUG	protocol/handler.go:1591	have processed broadcast	{"{round 20 3  <nil>}": {"Key":"from","Type":15,"Integer":0,"String":"a","Interface":null}}
2025-08-15T22:14:07.027-0500	DEBUG	protocol/handler.go:1649	have all messages and processed	{"{round 20 3  <nil>}": {"Key":"self","Type":15,"Integer":0,"String":"b","Interface":null}}
2025-08-15T22:14:07.027-0500	DEBUG	protocol/handler.go:596	round already finalized
2025-08-15T22:14:07.027-0500	DEBUG	protocol/handler.go:581	tryAdvanceRound called	{"{current_round 20 3  <nil>}": {"Key":"self","Type":15,"Integer":0,"String":"a","Interface":null}}
2025-08-15T22:14:07.027-0500	DEBUG	protocol/handler.go:1591	have processed broadcast	{"{round 20 3  <nil>}": {"Key":"from","Type":15,"Integer":0,"String":"b","Interface":null}}
2025-08-15T22:14:07.027-0500	DEBUG	protocol/handler.go:1649	have all messages and processed	{"{round 20 3  <nil>}": {"Key":"self","Type":15,"Integer":0,"String":"a","Interface":null}}
2025-08-15T22:14:07.027-0500	DEBUG	protocol/handler.go:596	round already finalized
2025-08-15T22:14:07.027-0500	DEBUG	protocol/handler.go:581	tryAdvanceRound called	{"{current_round 20 3  <nil>}": {"Key":"self","Type":15,"Integer":0,"String":"b","Interface":null}}
2025-08-15T22:14:07.027-0500	DEBUG	protocol/handler.go:1591	have processed broadcast	{"{round 20 3  <nil>}": {"Key":"from","Type":15,"Integer":0,"String":"a","Interface":null}}
2025-08-15T22:14:07.027-0500	DEBUG	protocol/handler.go:1649	have all messages and processed	{"{round 20 3  <nil>}": {"Key":"self","Type":15,"Integer":0,"String":"b","Interface":null}}
2025-08-15T22:14:07.027-0500	DEBUG	protocol/handler.go:596	round already finalized
2025-08-15T22:14:07.050-0500	DEBUG	protocol/handler.go:581	tryAdvanceRound called	{"{current_round 20 3  <nil>}": {"Key":"self","Type":15,"Integer":0,"String":"b","Interface":null}}
2025-08-15T22:14:07.051-0500	DEBUG	protocol/handler.go:1591	have processed broadcast	{"{round 20 3  <nil>}": {"Key":"from","Type":15,"Integer":0,"String":"a","Interface":null}}
2025-08-15T22:14:07.051-0500	DEBUG	protocol/handler.go:1649	have all messages and processed	{"{round 20 3  <nil>}": {"Key":"self","Type":15,"Integer":0,"String":"b","Interface":null}}
2025-08-15T22:14:07.051-0500	DEBUG	protocol/handler.go:596	round already finalized
2025-08-15T22:14:07.051-0500	DEBUG	protocol/handler.go:581	tryAdvanceRound called	{"{current_round 20 3  <nil>}": {"Key":"self","Type":15,"Integer":0,"String":"a","Interface":null}}
2025-08-15T22:14:07.051-0500	DEBUG	protocol/handler.go:1591	have processed broadcast	{"{round 20 3  <nil>}": {"Key":"from","Type":15,"Integer":0,"String":"b","Interface":null}}
2025-08-15T22:14:07.051-0500	DEBUG	protocol/handler.go:1649	have all messages and processed	{"{round 20 3  <nil>}": {"Key":"self","Type":15,"Integer":0,"String":"a","Interface":null}}
2025-08-15T22:14:07.051-0500	DEBUG	protocol/handler.go:596	round already finalized
2025-08-15T22:14:07.073-0500	DEBUG	protocol/handler.go:581	tryAdvanceRound called	{"{current_round 20 3  <nil>}": {"Key":"self","Type":15,"Integer":0,"String":"a","Interface":null}}
2025-08-15T22:14:07.074-0500	DEBUG	protocol/handler.go:1591	have processed broadcast	{"{round 20 3  <nil>}": {"Key":"from","Type":15,"Integer":0,"String":"b","Interface":null}}
2025-08-15T22:14:07.074-0500	DEBUG	protocol/handler.go:1649	have all messages and processed	{"{round 20 3  <nil>}": {"Key":"self","Type":15,"Integer":0,"String":"a","Interface":null}}
2025-08-15T22:14:07.074-0500	DEBUG	protocol/handler.go:596	round already finalized
2025-08-15T22:14:07.097-0500	DEBUG	protocol/handler.go:581	tryAdvanceRound called	{"{current_round 20 3  <nil>}": {"Key":"self","Type":15,"Integer":0,"String":"b","Interface":null}}
==================
WARNING: DATA RACE
Read at 0x00c00010caf8 by goroutine 142:
  github.com/cronokirby/saferith.shiftAddIn()
      /Users/z/go/pkg/mod/github.com/cronokirby/saferith@v0.33.0/num.go:793 +0x360
  github.com/cronokirby/saferith.(*Nat).Mod()
      /Users/z/go/pkg/mod/github.com/cronokirby/saferith@v0.33.0/num.go:889 +0x2d0
  github.com/cronokirby/saferith.(*Nat).ModMul()
      /Users/z/go/pkg/mod/github.com/cronokirby/saferith@v0.33.0/num.go:1185 +0xac
  github.com/luxfi/threshold/pkg/math/arith.(*Modulus).Exp()
      /Users/z/work/lux/threshold/pkg/math/arith/modulus.go:55 +0x168
  github.com/luxfi/threshold/pkg/zk/fac.(*Proof).Verify()
      /Users/z/work/lux/threshold/pkg/zk/fac/fac.go:122 +0x28c
  github.com/luxfi/threshold/protocols/cmp/keygen.(*round4).VerifyMessage()
      /Users/z/work/lux/threshold/protocols/cmp/keygen/round4.go:139 +0x368
  github.com/luxfi/threshold/pkg/protocol.(*Handler).verifyNormalForRound()
      /Users/z/work/lux/threshold/pkg/protocol/handler.go:1331 +0x348
  github.com/luxfi/threshold/pkg/protocol.(*Handler).retryUnprocessedMessages()
      /Users/z/work/lux/threshold/pkg/protocol/handler.go:1496 +0x3a0
  github.com/luxfi/threshold/pkg/protocol.(*Handler).tryAdvanceRound()
      /Users/z/work/lux/threshold/pkg/protocol/handler.go:587 +0x28c
  github.com/luxfi/threshold/pkg/protocol.(*Handler).processMessage()
      /Users/z/work/lux/threshold/pkg/protocol/handler.go:474 +0xb70
  github.com/luxfi/threshold/pkg/protocol.(*Handler).messageWorker()
      /Users/z/work/lux/threshold/pkg/protocol/handler.go:408 +0x338
  github.com/luxfi/threshold/pkg/protocol.(*Handler).startWorkers.gowrap2()
      /Users/z/work/lux/threshold/pkg/protocol/handler.go:361 +0x44

2025-08-15T22:14:07.097-0500	DEBUG	protocol/handler.go:1591	have processed broadcast	{"{round 20 3  <nil>}": {"Key":"from","Type":15,"Integer":0,"String":"a","Interface":null}}
2025-08-15T22:14:07.099-0500	DEBUG	protocol/handler.go:1649	have all messages and processed	{"{round 20 3  <nil>}": {"Key":"self","Type":15,"Integer":0,"String":"b","Interface":null}}
2025-08-15T22:14:07.099-0500	DEBUG	protocol/handler.go:596	round already finalized
2025-08-15T22:14:07.099-0500	DEBUG	protocol/handler.go:581	tryAdvanceRound called	{"{current_round 20 3  <nil>}": {"Key":"self","Type":15,"Integer":0,"String":"b","Interface":null}}
2025-08-15T22:14:07.099-0500	DEBUG	protocol/handler.go:1591	have processed broadcast	{"{round 20 3  <nil>}": {"Key":"from","Type":15,"Integer":0,"String":"a","Interface":null}}
Previous write at 0x00c00010caf8 by goroutine 268:
  github.com/cronokirby/saferith.maskEnd()
      /Users/z/go/pkg/mod/github.com/cronokirby/saferith@v0.33.0/num.go:261 +0x1cc
  github.com/cronokirby/saferith.(*Nat).resizedLimbs()
      /Users/z/go/pkg/mod/github.com/cronokirby/saferith@v0.33.0/num.go:252 +0x16c
  github.com/cronokirby/saferith.(*Nat).Cmp()
      /Users/z/go/pkg/mod/github.com/cronokirby/saferith@v0.33.0/num.go:1411 +0x90
  github.com/cronokirby/saferith.(*Nat).CmpMod()
      /Users/z/go/pkg/mod/github.com/cronokirby/saferith@v0.33.0/num.go:1430 +0x74
  github.com/luxfi/threshold/pkg/math/arith.IsValidNatModN()
      /Users/z/work/lux/threshold/pkg/math/arith/int.go:16 +0x78
  github.com/luxfi/threshold/pkg/pedersen.Parameters.Verify()
      /Users/z/work/lux/threshold/pkg/pedersen/pedersen.go:91 +0xc0
  github.com/luxfi/threshold/pkg/zk/fac.(*Proof).Verify()
      /Users/z/work/lux/threshold/pkg/zk/fac/fac.go:115 +0x214
  github.com/luxfi/threshold/protocols/cmp/keygen.(*round4).VerifyMessage()
      /Users/z/work/lux/threshold/protocols/cmp/keygen/round4.go:139 +0x368
  github.com/luxfi/threshold/pkg/protocol.(*Handler).verifyNormalForRound()
      /Users/z/work/lux/threshold/pkg/protocol/handler.go:1331 +0x348
  github.com/luxfi/threshold/pkg/protocol.(*Handler).processQueuedMessages()
      /Users/z/work/lux/threshold/pkg/protocol/handler.go:1556 +0x550
  github.com/luxfi/threshold/pkg/protocol.(*Handler).tryAdvanceRound.gowrap2()
      /Users/z/work/lux/threshold/pkg/protocol/handler.go:673 +0x40

Goroutine 142 (running) created at:
  github.com/luxfi/threshold/pkg/protocol.(*Handler).startWorkers()
      /Users/z/work/lux/threshold/pkg/protocol/handler.go:361 +0x334
  github.com/luxfi/threshold/pkg/protocol.NewHandler()
      /Users/z/work/lux/threshold/pkg/protocol/handler.go:247 +0xf10
  github.com/luxfi/threshold/internal/test.(*Harness).CreateHandler()
      /Users/z/work/lux/threshold/internal/test/harness.go:91 +0x2e4
  github.com/luxfi/threshold/internal/test.RunProtocol()
      /Users/z/work/lux/threshold/internal/test/harness.go:270 +0x230
  github.com/luxfi/threshold/protocols/cmp_test.TestCMPBasicKeygen()
      /Users/z/work/lux/threshold/protocols/cmp/cmp_basic_test.go:35 +0x29c
  testing.tRunner()
      /opt/homebrew/Cellar/go/1.24.6/libexec/src/testing/testing.go:1792 +0x180
  testing.(*T).Run.gowrap1()
      /opt/homebrew/Cellar/go/1.24.6/libexec/src/testing/testing.go:1851 +0x40

Goroutine 268 (running) created at:
  github.com/luxfi/threshold/pkg/protocol.(*Handler).tryAdvanceRound()
      /Users/z/work/lux/threshold/pkg/protocol/handler.go:673 +0x12e4
  github.com/luxfi/threshold/pkg/protocol.(*Handler).processMessage()
      /Users/z/work/lux/threshold/pkg/protocol/handler.go:486 +0xbb0
  github.com/luxfi/threshold/pkg/protocol.(*Handler).messageWorker()
      /Users/z/work/lux/threshold/pkg/protocol/handler.go:408 +0x338
  github.com/luxfi/threshold/pkg/protocol.(*Handler).startWorkers.gowrap2()
      /Users/z/work/lux/threshold/pkg/protocol/handler.go:361 +0x44
==================
2025-08-15T22:14:07.110-0500	DEBUG	protocol/handler.go:1649	have all messages and processed	{"{round 20 3  <nil>}": {"Key":"self","Type":15,"Integer":0,"String":"b","Interface":null}}
2025-08-15T22:14:07.110-0500	DEBUG	protocol/handler.go:596	round already finalized
2025-08-15T22:14:07.110-0500	DEBUG	protocol/handler.go:581	tryAdvanceRound called	{"{current_round 20 3  <nil>}": {"Key":"self","Type":15,"Integer":0,"String":"b","Interface":null}}
2025-08-15T22:14:07.110-0500	DEBUG	protocol/handler.go:1591	have processed broadcast	{"{round 20 3  <nil>}": {"Key":"from","Type":15,"Integer":0,"String":"a","Interface":null}}
2025-08-15T22:14:07.110-0500	DEBUG	protocol/handler.go:1649	have all messages and processed	{"{round 20 3  <nil>}": {"Key":"self","Type":15,"Integer":0,"String":"b","Interface":null}}
2025-08-15T22:14:07.110-0500	DEBUG	protocol/handler.go:596	round already finalized
2025-08-15T22:14:07.110-0500	DEBUG	protocol/handler.go:581	tryAdvanceRound called	{"{current_round 20 3  <nil>}": {"Key":"self","Type":15,"Integer":0,"String":"a","Interface":null}}
2025-08-15T22:14:07.110-0500	DEBUG	protocol/handler.go:1591	have processed broadcast	{"{round 20 3  <nil>}": {"Key":"from","Type":15,"Integer":0,"String":"b","Interface":null}}
2025-08-15T22:14:07.110-0500	DEBUG	protocol/handler.go:1649	have all messages and processed	{"{round 20 3  <nil>}": {"Key":"self","Type":15,"Integer":0,"String":"a","Interface":null}}
2025-08-15T22:14:07.110-0500	DEBUG	protocol/handler.go:596	round already finalized
2025-08-15T22:14:07.110-0500	DEBUG	protocol/handler.go:581	tryAdvanceRound called	{"{current_round 20 3  <nil>}": {"Key":"self","Type":15,"Integer":0,"String":"a","Interface":null}}
2025-08-15T22:14:07.111-0500	DEBUG	protocol/handler.go:1591	have processed broadcast	{"{round 20 3  <nil>}": {"Key":"from","Type":15,"Integer":0,"String":"b","Interface":null}}
2025-08-15T22:14:07.111-0500	DEBUG	protocol/handler.go:1649	have all messages and processed	{"{round 20 3  <nil>}": {"Key":"self","Type":15,"Integer":0,"String":"a","Interface":null}}
2025-08-15T22:14:07.111-0500	DEBUG	protocol/handler.go:596	round already finalized
2025-08-15T22:14:07.132-0500	DEBUG	protocol/handler.go:581	tryAdvanceRound called	{"{current_round 20 3  <nil>}": {"Key":"self","Type":15,"Integer":0,"String":"a","Interface":null}}
2025-08-15T22:14:07.132-0500	DEBUG	protocol/handler.go:1591	have processed broadcast	{"{round 20 3  <nil>}": {"Key":"from","Type":15,"Integer":0,"String":"b","Interface":null}}
2025-08-15T22:14:07.132-0500	DEBUG	protocol/handler.go:1649	have all messages and processed	{"{round 20 3  <nil>}": {"Key":"self","Type":15,"Integer":0,"String":"a","Interface":null}}
2025-08-15T22:14:07.132-0500	DEBUG	protocol/handler.go:596	round already finalized
2025-08-15T22:14:07.132-0500	DEBUG	protocol/handler.go:581	tryAdvanceRound called	{"{current_round 20 3  <nil>}": {"Key":"self","Type":15,"Integer":0,"String":"b","Interface":null}}
2025-08-15T22:14:07.132-0500	DEBUG	protocol/handler.go:1591	have processed broadcast	{"{round 20 3  <nil>}": {"Key":"from","Type":15,"Integer":0,"String":"a","Interface":null}}
2025-08-15T22:14:07.132-0500	DEBUG	protocol/handler.go:1649	have all messages and processed	{"{round 20 3  <nil>}": {"Key":"self","Type":15,"Integer":0,"String":"b","Interface":null}}
2025-08-15T22:14:07.132-0500	DEBUG	protocol/handler.go:596	round already finalized
2025-08-15T22:14:07.157-0500	DEBUG	protocol/handler.go:581	tryAdvanceRound called	{"{current_round 20 3  <nil>}": {"Key":"self","Type":15,"Integer":0,"String":"b","Interface":null}}
2025-08-15T22:14:07.157-0500	DEBUG	protocol/handler.go:1591	have processed broadcast	{"{round 20 3  <nil>}": {"Key":"from","Type":15,"Integer":0,"String":"a","Interface":null}}
2025-08-15T22:14:07.157-0500	DEBUG	protocol/handler.go:1649	have all messages and processed	{"{round 20 3  <nil>}": {"Key":"self","Type":15,"Integer":0,"String":"b","Interface":null}}
2025-08-15T22:14:07.157-0500	DEBUG	protocol/handler.go:596	round already finalized
2025-08-15T22:14:07.157-0500	DEBUG	protocol/handler.go:581	tryAdvanceRound called	{"{current_round 20 3  <nil>}": {"Key":"self","Type":15,"Integer":0,"String":"a","Interface":null}}
2025-08-15T22:14:07.157-0500	DEBUG	protocol/handler.go:1591	have processed broadcast	{"{round 20 3  <nil>}": {"Key":"from","Type":15,"Integer":0,"String":"b","Interface":null}}
2025-08-15T22:14:07.157-0500	DEBUG	protocol/handler.go:1649	have all messages and processed	{"{round 20 3  <nil>}": {"Key":"self","Type":15,"Integer":0,"String":"a","Interface":null}}
2025-08-15T22:14:07.157-0500	DEBUG	protocol/handler.go:596	round already finalized
2025-08-15T22:14:07.179-0500	DEBUG	protocol/handler.go:581	tryAdvanceRound called	{"{current_round 20 3  <nil>}": {"Key":"self","Type":15,"Integer":0,"String":"b","Interface":null}}
2025-08-15T22:14:07.179-0500	DEBUG	protocol/handler.go:1591	have processed broadcast	{"{round 20 3  <nil>}": {"Key":"from","Type":15,"Integer":0,"String":"a","Interface":null}}
2025-08-15T22:14:07.179-0500	DEBUG	protocol/handler.go:1649	have all messages and processed	{"{round 20 3  <nil>}": {"Key":"self","Type":15,"Integer":0,"String":"b","Interface":null}}
2025-08-15T22:14:07.179-0500	DEBUG	protocol/handler.go:596	round already finalized
2025-08-15T22:14:07.202-0500	DEBUG	protocol/handler.go:581	tryAdvanceRound called	{"{current_round 20 3  <nil>}": {"Key":"self","Type":15,"Integer":0,"String":"b","Interface":null}}
2025-08-15T22:14:07.202-0500	DEBUG	protocol/handler.go:1591	have processed broadcast	{"{round 20 3  <nil>}": {"Key":"from","Type":15,"Integer":0,"String":"a","Interface":null}}
2025-08-15T22:14:07.202-0500	DEBUG	protocol/handler.go:1649	have all messages and processed	{"{round 20 3  <nil>}": {"Key":"self","Type":15,"Integer":0,"String":"b","Interface":null}}
2025-08-15T22:14:07.202-0500	DEBUG	protocol/handler.go:596	round already finalized
2025-08-15T22:14:07.203-0500	DEBUG	protocol/handler.go:581	tryAdvanceRound called	{"{current_round 20 3  <nil>}": {"Key":"self","Type":15,"Integer":0,"String":"a","Interface":null}}
2025-08-15T22:14:07.203-0500	DEBUG	protocol/handler.go:1591	have processed broadcast	{"{round 20 3  <nil>}": {"Key":"from","Type":15,"Integer":0,"String":"b","Interface":null}}
2025-08-15T22:14:07.203-0500	DEBUG	protocol/handler.go:1649	have all messages and processed	{"{round 20 3  <nil>}": {"Key":"self","Type":15,"Integer":0,"String":"a","Interface":null}}
2025-08-15T22:14:07.203-0500	DEBUG	protocol/handler.go:596	round already finalized
2025-08-15T22:14:07.203-0500	DEBUG	protocol/handler.go:581	tryAdvanceRound called	{"{current_round 20 3  <nil>}": {"Key":"self","Type":15,"Integer":0,"String":"a","Interface":null}}
2025-08-15T22:14:07.203-0500	DEBUG	protocol/handler.go:1591	have processed broadcast	{"{round 20 3  <nil>}": {"Key":"from","Type":15,"Integer":0,"String":"b","Interface":null}}
2025-08-15T22:14:07.204-0500	DEBUG	protocol/handler.go:1649	have all messages and processed	{"{round 20 3  <nil>}": {"Key":"self","Type":15,"Integer":0,"String":"a","Interface":null}}
2025-08-15T22:14:07.204-0500	DEBUG	protocol/handler.go:596	round already finalized
2025-08-15T22:14:07.253-0500	DEBUG	protocol/handler.go:581	tryAdvanceRound called	{"{current_round 20 3  <nil>}": {"Key":"self","Type":15,"Integer":0,"String":"b","Interface":null}}
2025-08-15T22:14:07.260-0500	DEBUG	protocol/handler.go:1591	have processed broadcast	{"{round 20 3  <nil>}": {"Key":"from","Type":15,"Integer":0,"String":"a","Interface":null}}
2025-08-15T22:14:07.260-0500	DEBUG	protocol/handler.go:1649	have all messages and processed	{"{round 20 3  <nil>}": {"Key":"self","Type":15,"Integer":0,"String":"b","Interface":null}}
2025-08-15T22:14:07.260-0500	DEBUG	protocol/handler.go:596	round already finalized
2025-08-15T22:14:07.260-0500	DEBUG	protocol/handler.go:581	tryAdvanceRound called	{"{current_round 20 3  <nil>}": {"Key":"self","Type":15,"Integer":0,"String":"b","Interface":null}}
2025-08-15T22:14:07.260-0500	DEBUG	protocol/handler.go:1591	have processed broadcast	{"{round 20 3  <nil>}": {"Key":"from","Type":15,"Integer":0,"String":"a","Interface":null}}
2025-08-15T22:14:07.260-0500	DEBUG	protocol/handler.go:1649	have all messages and processed	{"{round 20 3  <nil>}": {"Key":"self","Type":15,"Integer":0,"String":"b","Interface":null}}
2025-08-15T22:14:07.260-0500	DEBUG	protocol/handler.go:596	round already finalized
2025-08-15T22:14:07.260-0500	DEBUG	protocol/handler.go:581	tryAdvanceRound called	{"{current_round 20 3  <nil>}": {"Key":"self","Type":15,"Integer":0,"String":"a","Interface":null}}
2025-08-15T22:14:07.260-0500	DEBUG	protocol/handler.go:1591	have processed broadcast	{"{round 20 3  <nil>}": {"Key":"from","Type":15,"Integer":0,"String":"b","Interface":null}}
2025-08-15T22:14:07.260-0500	DEBUG	protocol/handler.go:1649	have all messages and processed	{"{round 20 3  <nil>}": {"Key":"self","Type":15,"Integer":0,"String":"a","Interface":null}}
2025-08-15T22:14:07.260-0500	DEBUG	protocol/handler.go:596	round already finalized
2025-08-15T22:14:07.260-0500	DEBUG	protocol/handler.go:581	tryAdvanceRound called	{"{current_round 20 3  <nil>}": {"Key":"self","Type":15,"Integer":0,"String":"a","Interface":null}}
2025-08-15T22:14:07.260-0500	DEBUG	protocol/handler.go:1591	have processed broadcast	{"{round 20 3  <nil>}": {"Key":"from","Type":15,"Integer":0,"String":"b","Interface":null}}
2025-08-15T22:14:07.260-0500	DEBUG	protocol/handler.go:1649	have all messages and processed	{"{round 20 3  <nil>}": {"Key":"self","Type":15,"Integer":0,"String":"a","Interface":null}}
2025-08-15T22:14:07.260-0500	DEBUG	protocol/handler.go:596	round already finalized
2025-08-15T22:14:07.260-0500	DEBUG	protocol/handler.go:581	tryAdvanceRound called	{"{current_round 20 3  <nil>}": {"Key":"self","Type":15,"Integer":0,"String":"b","Interface":null}}
2025-08-15T22:14:07.260-0500	DEBUG	protocol/handler.go:1591	have processed broadcast	{"{round 20 3  <nil>}": {"Key":"from","Type":15,"Integer":0,"String":"a","Interface":null}}
2025-08-15T22:14:07.260-0500	DEBUG	protocol/handler.go:1649	have all messages and processed	{"{round 20 3  <nil>}": {"Key":"self","Type":15,"Integer":0,"String":"b","Interface":null}}
2025-08-15T22:14:07.261-0500	DEBUG	protocol/handler.go:596	round already finalized
2025-08-15T22:14:07.285-0500	DEBUG	protocol/handler.go:581	tryAdvanceRound called	{"{current_round 20 3  <nil>}": {"Key":"self","Type":15,"Integer":0,"String":"a","Interface":null}}
2025-08-15T22:14:07.345-0500	DEBUG	protocol/handler.go:1591	have processed broadcast	{"{round 20 3  <nil>}": {"Key":"from","Type":15,"Integer":0,"String":"b","Interface":null}}
2025-08-15T22:14:07.354-0500	DEBUG	protocol/handler.go:403	worker stopping
2025-08-15T22:14:07.355-0500	DEBUG	protocol/handler.go:403	worker stopping
2025-08-15T22:14:07.355-0500	DEBUG	protocol/handler.go:403	worker stopping
2025-08-15T22:14:07.355-0500	DEBUG	protocol/handler.go:403	worker stopping
2025-08-15T22:14:07.355-0500	DEBUG	protocol/handler.go:403	worker stopping
2025-08-15T22:14:07.355-0500	DEBUG	protocol/handler.go:403	worker stopping
2025-08-15T22:14:07.355-0500	DEBUG	protocol/handler.go:403	worker stopping
2025-08-15T22:14:07.355-0500	DEBUG	protocol/handler.go:403	worker stopping
2025-08-15T22:14:07.355-0500	DEBUG	protocol/handler.go:403	worker stopping
2025-08-15T22:14:07.355-0500	DEBUG	protocol/handler.go:403	worker stopping
2025-08-15T22:14:07.355-0500	DEBUG	protocol/handler.go:403	worker stopping
2025-08-15T22:14:07.355-0500	DEBUG	protocol/handler.go:403	worker stopping
2025-08-15T22:14:07.355-0500	DEBUG	protocol/handler.go:403	worker stopping
2025-08-15T22:14:07.355-0500	DEBUG	protocol/handler.go:403	worker stopping
2025-08-15T22:14:07.355-0500	DEBUG	protocol/handler.go:403	worker stopping
2025-08-15T22:14:07.355-0500	DEBUG	protocol/handler.go:403	worker stopping
2025-08-15T22:14:07.345-0500	DEBUG	protocol/handler.go:1649	have all messages and processed	{"{round 20 3  <nil>}": {"Key":"self","Type":15,"Integer":0,"String":"a","Interface":null}}
2025-08-15T22:14:07.357-0500	DEBUG	protocol/handler.go:596	round already finalized
2025-08-15T22:14:07.331-0500	DEBUG	protocol/handler.go:403	worker stopping
2025-08-15T22:14:07.285-0500	DEBUG	protocol/handler.go:581	tryAdvanceRound called	{"{current_round 20 3  <nil>}": {"Key":"self","Type":15,"Integer":0,"String":"b","Interface":null}}
2025-08-15T22:14:07.359-0500	DEBUG	protocol/handler.go:1591	have processed broadcast	{"{round 20 3  <nil>}": {"Key":"from","Type":15,"Integer":0,"String":"a","Interface":null}}
2025-08-15T22:14:07.359-0500	DEBUG	protocol/handler.go:1649	have all messages and processed	{"{round 20 3  <nil>}": {"Key":"self","Type":15,"Integer":0,"String":"b","Interface":null}}
2025-08-15T22:14:07.359-0500	DEBUG	protocol/handler.go:596	round already finalized
2025-08-15T22:14:07.359-0500	DEBUG	protocol/handler.go:581	tryAdvanceRound called	{"{current_round 20 3  <nil>}": {"Key":"self","Type":15,"Integer":0,"String":"b","Interface":null}}
2025-08-15T22:14:07.359-0500	DEBUG	protocol/handler.go:1591	have processed broadcast	{"{round 20 3  <nil>}": {"Key":"from","Type":15,"Integer":0,"String":"a","Interface":null}}
2025-08-15T22:14:07.359-0500	DEBUG	protocol/handler.go:1649	have all messages and processed	{"{round 20 3  <nil>}": {"Key":"self","Type":15,"Integer":0,"String":"b","Interface":null}}
2025-08-15T22:14:07.359-0500	DEBUG	protocol/handler.go:596	round already finalized
2025-08-15T22:14:07.375-0500	DEBUG	protocol/handler.go:403	worker stopping
2025-08-15T22:14:07.375-0500	DEBUG	protocol/handler.go:581	tryAdvanceRound called	{"{current_round 20 3  <nil>}": {"Key":"self","Type":15,"Integer":0,"String":"b","Interface":null}}
2025-08-15T22:14:07.376-0500	DEBUG	protocol/handler.go:403	worker stopping
2025-08-15T22:14:07.376-0500	DEBUG	protocol/handler.go:1591	have processed broadcast	{"{round 20 3  <nil>}": {"Key":"from","Type":15,"Integer":0,"String":"a","Interface":null}}
2025-08-15T22:14:07.376-0500	DEBUG	protocol/handler.go:1649	have all messages and processed	{"{round 20 3  <nil>}": {"Key":"self","Type":15,"Integer":0,"String":"b","Interface":null}}
2025-08-15T22:14:07.376-0500	DEBUG	protocol/handler.go:596	round already finalized
2025-08-15T22:14:07.376-0500	DEBUG	protocol/handler.go:403	worker stopping
2025-08-15T22:14:07.376-0500	DEBUG	protocol/handler.go:403	worker stopping
2025-08-15T22:14:07.376-0500	DEBUG	protocol/handler.go:403	worker stopping
2025-08-15T22:14:07.376-0500	DEBUG	protocol/handler.go:403	worker stopping
2025-08-15T22:14:07.376-0500	DEBUG	protocol/handler.go:403	worker stopping
2025-08-15T22:14:07.376-0500	DEBUG	protocol/handler.go:403	worker stopping
2025-08-15T22:14:07.376-0500	DEBUG	protocol/handler.go:403	worker stopping
2025-08-15T22:14:07.376-0500	DEBUG	protocol/handler.go:403	worker stopping
2025-08-15T22:14:07.376-0500	DEBUG	protocol/handler.go:403	worker stopping
2025-08-15T22:14:07.376-0500	DEBUG	protocol/handler.go:403	worker stopping
2025-08-15T22:14:07.376-0500	DEBUG	protocol/handler.go:403	worker stopping
2025-08-15T22:14:07.376-0500	DEBUG	protocol/handler.go:403	worker stopping
2025-08-15T22:14:07.376-0500	DEBUG	protocol/handler.go:403	worker stopping
2025-08-15T22:14:07.376-0500	DEBUG	protocol/handler.go:403	worker stopping
2025-08-15T22:14:07.376-0500	DEBUG	protocol/handler.go:403	worker stopping
2025-08-15T22:14:07.376-0500	DEBUG	protocol/handler.go:403	worker stopping
2025-08-15T22:14:07.376-0500	DEBUG	protocol/handler.go:403	worker stopping
2025-08-15T22:14:07.376-0500	DEBUG	protocol/handler.go:403	worker stopping
2025-08-15T22:14:07.376-0500	DEBUG	protocol/handler.go:403	worker stopping
2025-08-15T22:14:07.376-0500	DEBUG	protocol/handler.go:403	worker stopping
2025-08-15T22:14:07.376-0500	DEBUG	protocol/handler.go:403	worker stopping
2025-08-15T22:14:07.376-0500	DEBUG	protocol/handler.go:403	worker stopping
--- FAIL: TestCMPDebugKeygen (10.06s)
    cmp_debug_test.go:97: Party b: timed out
    cmp_debug_test.go:97: Party a: timed out
    cmp_debug_test.go:105: Results: 0 configs, 2 errors
    cmp_debug_test.go:108: Party b error: context deadline exceeded
    cmp_debug_test.go:108: Party a error: context deadline exceeded
    testing.go:1490: race detected during execution of test
panic: runtime error: invalid memory address or nil pointer dereference
[signal SIGSEGV: segmentation violation code=0x2 addr=0x0 pc=0x100cbae58]

goroutine 418 [running]:
github.com/luxfi/threshold/pkg/protocol.(*Handler).Accept(0xc0000fcd88, 0x0)
	/Users/z/work/lux/threshold/pkg/protocol/handler.go:690 +0x88
github.com/luxfi/threshold/internal/test.HandlerLoop({0xc000476cff, 0x1}, 0xc0000fcd88, 0xc000d42270)
	/Users/z/work/lux/threshold/internal/test/handler.go:23 +0x180
github.com/luxfi/threshold/protocols/cmp_test.TestCMPDebugKeygen.func2.1()
	/Users/z/work/lux/threshold/protocols/cmp/cmp_debug_test.go:77 +0xa0
created by github.com/luxfi/threshold/protocols/cmp_test.TestCMPDebugKeygen.func2 in goroutine 357
	/Users/z/work/lux/threshold/protocols/cmp/cmp_debug_test.go:75 +0x630
FAIL	github.com/luxfi/threshold/protocols/cmp	80.476s
?   	github.com/luxfi/threshold/protocols/cmp/config	[no test files]
--- FAIL: TestKeygen (8.47s)
panic: runtime error: invalid memory address or nil pointer dereference [recovered]
	panic: runtime error: invalid memory address or nil pointer dereference
[signal SIGSEGV: segmentation violation code=0x2 addr=0x0 pc=0x104e546f0]

goroutine 35 [running]:
testing.tRunner.func1.2({0x1050b2f40, 0x105434af0})
	/opt/homebrew/Cellar/go/1.24.6/libexec/src/testing/testing.go:1734 +0x2bc
testing.tRunner.func1()
	/opt/homebrew/Cellar/go/1.24.6/libexec/src/testing/testing.go:1737 +0x47c
panic({0x1050b2f40?, 0x105434af0?})
	/opt/homebrew/Cellar/go/1.24.6/libexec/src/runtime/panic.go:792 +0x124
github.com/luxfi/threshold/internal/test.Rounds({0xc0002126e0, 0x2, 0x2}, {0x0, 0x0})
	/Users/z/work/lux/threshold/internal/test/round.go:82 +0x320
github.com/luxfi/threshold/protocols/cmp/keygen.TestKeygen(0xc0003241c0)
	/Users/z/work/lux/threshold/protocols/cmp/keygen/keygen_test.go:82 +0x608
testing.tRunner(0xc0003241c0, 0x105137800)
	/opt/homebrew/Cellar/go/1.24.6/libexec/src/testing/testing.go:1792 +0x184
created by testing.(*T).Run in goroutine 1
	/opt/homebrew/Cellar/go/1.24.6/libexec/src/testing/testing.go:1851 +0x688
FAIL	github.com/luxfi/threshold/protocols/cmp/keygen	8.727s
--- FAIL: TestRound (26.82s)
panic: runtime error: invalid memory address or nil pointer dereference [recovered]
	panic: runtime error: invalid memory address or nil pointer dereference
[signal SIGSEGV: segmentation violation code=0x2 addr=0x0 pc=0x10534b7b0]

goroutine 50 [running]:
testing.tRunner.func1.2({0x1055bc2e0, 0x105944b70})
	/opt/homebrew/Cellar/go/1.24.6/libexec/src/testing/testing.go:1734 +0x2bc
testing.tRunner.func1()
	/opt/homebrew/Cellar/go/1.24.6/libexec/src/testing/testing.go:1737 +0x47c
panic({0x1055bc2e0?, 0x105944b70?})
	/opt/homebrew/Cellar/go/1.24.6/libexec/src/runtime/panic.go:792 +0x124
github.com/luxfi/threshold/internal/test.Rounds({0xc0002d6b00, 0x4, 0x4}, {0x0, 0x0})
	/Users/z/work/lux/threshold/internal/test/round.go:82 +0x320
github.com/luxfi/threshold/protocols/cmp/presign.TestRound(0xc000103dc0)
	/Users/z/work/lux/threshold/protocols/cmp/presign/sign_test.go:60 +0x3e4
testing.tRunner(0xc000103dc0, 0x105643f00)
	/opt/homebrew/Cellar/go/1.24.6/libexec/src/testing/testing.go:1792 +0x184
created by testing.(*T).Run in goroutine 1
	/opt/homebrew/Cellar/go/1.24.6/libexec/src/testing/testing.go:1851 +0x688
FAIL	github.com/luxfi/threshold/protocols/cmp/presign	45.777s
--- FAIL: TestRound (26.59s)
    sign_test.go:26: generating configs
    sign_test.go:28: done generating configs
panic: runtime error: invalid memory address or nil pointer dereference [recovered]
	panic: runtime error: invalid memory address or nil pointer dereference
[signal SIGSEGV: segmentation violation code=0x2 addr=0x0 pc=0x1028d9f50]

goroutine 50 [running]:
testing.tRunner.func1.2({0x102b36e40, 0x102eb0b50})
	/opt/homebrew/Cellar/go/1.24.6/libexec/src/testing/testing.go:1734 +0x2bc
testing.tRunner.func1()
	/opt/homebrew/Cellar/go/1.24.6/libexec/src/testing/testing.go:1737 +0x47c
panic({0x102b36e40?, 0x102eb0b50?})
	/opt/homebrew/Cellar/go/1.24.6/libexec/src/runtime/panic.go:792 +0x124
github.com/luxfi/threshold/internal/test.Rounds({0xc000194840, 0x3, 0x3}, {0x0, 0x0})
	/Users/z/work/lux/threshold/internal/test/round.go:82 +0x320
github.com/luxfi/threshold/protocols/cmp/sign.TestRound(0xc0001b61c0)
	/Users/z/work/lux/threshold/protocols/cmp/sign/sign_test.go:46 +0x5ac
testing.tRunner(0xc0001b61c0, 0x102bbaea0)
	/opt/homebrew/Cellar/go/1.24.6/libexec/src/testing/testing.go:1792 +0x184
created by testing.(*T).Run in goroutine 1
	/opt/homebrew/Cellar/go/1.24.6/libexec/src/testing/testing.go:1851 +0x688
FAIL	github.com/luxfi/threshold/protocols/cmp/sign	26.828s
2025-08-15T22:12:51.850-0500	INFO	protocol/handler.go:240	starting protocol handler	{"{protocol 15 0 doerner/keygen <nil>}": {"Key":"workers","Type":11,"Integer":20,"String":"","Interface":null}, "{parties 11 2  <nil>}": {"Key":"threshold","Type":11,"Integer":1,"String":"","Interface":null}}
2025-08-15T22:12:51.851-0500	DEBUG	protocol/handler.go:348	starting worker pools	{"{workers 11 20  <nil>}": {"Key":"priority","Type":11,"Integer":4,"String":"","Interface":null}}
2025-08-15T22:12:51.851-0500	DEBUG	protocol/handler.go:391	worker started	{"{id 11 0  <nil>}": {"Key":"priority","Type":4,"Integer":0,"String":"","Interface":null}}
2025-08-15T22:12:51.851-0500	DEBUG	protocol/handler.go:391	worker started	{"{id 11 5  <nil>}": {"Key":"priority","Type":4,"Integer":0,"String":"","Interface":null}}
2025-08-15T22:12:51.851-0500	DEBUG	protocol/handler.go:391	worker started	{"{id 11 6  <nil>}": {"Key":"priority","Type":4,"Integer":0,"String":"","Interface":null}}
2025-08-15T22:12:51.851-0500	DEBUG	protocol/handler.go:391	worker started	{"{id 11 3  <nil>}": {"Key":"priority","Type":4,"Integer":0,"String":"","Interface":null}}
2025-08-15T22:12:51.851-0500	DEBUG	protocol/handler.go:391	worker started	{"{id 11 1  <nil>}": {"Key":"priority","Type":4,"Integer":0,"String":"","Interface":null}}
2025-08-15T22:12:51.852-0500	DEBUG	protocol/handler.go:391	worker started	{"{id 11 14  <nil>}": {"Key":"priority","Type":4,"Integer":0,"String":"","Interface":null}}
2025-08-15T22:12:51.852-0500	DEBUG	protocol/handler.go:391	worker started	{"{id 11 10  <nil>}": {"Key":"priority","Type":4,"Integer":0,"String":"","Interface":null}}
2025-08-15T22:12:51.852-0500	DEBUG	protocol/handler.go:391	worker started	{"{id 11 2  <nil>}": {"Key":"priority","Type":4,"Integer":0,"String":"","Interface":null}}
2025-08-15T22:12:51.852-0500	DEBUG	protocol/handler.go:391	worker started	{"{id 11 13  <nil>}": {"Key":"priority","Type":4,"Integer":0,"String":"","Interface":null}}
2025-08-15T22:12:51.852-0500	DEBUG	protocol/handler.go:391	worker started	{"{id 11 4  <nil>}": {"Key":"priority","Type":4,"Integer":0,"String":"","Interface":null}}
2025-08-15T22:12:51.852-0500	DEBUG	protocol/handler.go:391	worker started	{"{id 11 11  <nil>}": {"Key":"priority","Type":4,"Integer":0,"String":"","Interface":null}}
2025-08-15T22:12:51.852-0500	DEBUG	protocol/handler.go:391	worker started	{"{id 11 12  <nil>}": {"Key":"priority","Type":4,"Integer":0,"String":"","Interface":null}}
2025-08-15T22:12:51.852-0500	DEBUG	protocol/handler.go:391	worker started	{"{id 11 7  <nil>}": {"Key":"priority","Type":4,"Integer":0,"String":"","Interface":null}}
2025-08-15T22:12:51.852-0500	DEBUG	protocol/handler.go:391	worker started	{"{id 11 17  <nil>}": {"Key":"priority","Type":4,"Integer":0,"String":"","Interface":null}}
2025-08-15T22:12:51.852-0500	DEBUG	protocol/handler.go:391	worker started	{"{id 11 15  <nil>}": {"Key":"priority","Type":4,"Integer":0,"String":"","Interface":null}}
2025-08-15T22:12:51.852-0500	DEBUG	protocol/handler.go:391	worker started	{"{id 11 18  <nil>}": {"Key":"priority","Type":4,"Integer":0,"String":"","Interface":null}}
2025-08-15T22:12:51.852-0500	DEBUG	protocol/handler.go:391	worker started	{"{id 11 16  <nil>}": {"Key":"priority","Type":4,"Integer":0,"String":"","Interface":null}}
2025-08-15T22:12:51.852-0500	DEBUG	protocol/handler.go:391	worker started	{"{id 11 9  <nil>}": {"Key":"priority","Type":4,"Integer":0,"String":"","Interface":null}}
2025-08-15T22:12:51.852-0500	DEBUG	protocol/handler.go:391	worker started	{"{id 11 19  <nil>}": {"Key":"priority","Type":4,"Integer":0,"String":"","Interface":null}}
2025-08-15T22:12:51.852-0500	DEBUG	protocol/handler.go:391	worker started	{"{id 11 8  <nil>}": {"Key":"priority","Type":4,"Integer":0,"String":"","Interface":null}}
2025-08-15T22:12:51.863-0500	DEBUG	protocol/handler.go:391	worker started	{"{id 11 0  <nil>}": {"Key":"priority","Type":4,"Integer":1,"String":"","Interface":null}}
2025-08-15T22:12:51.863-0500	DEBUG	protocol/handler.go:391	worker started	{"{id 11 1  <nil>}": {"Key":"priority","Type":4,"Integer":1,"String":"","Interface":null}}
2025-08-15T22:12:51.863-0500	DEBUG	protocol/handler.go:391	worker started	{"{id 11 2  <nil>}": {"Key":"priority","Type":4,"Integer":1,"String":"","Interface":null}}
2025-08-15T22:12:51.863-0500	DEBUG	protocol/handler.go:391	worker started	{"{id 11 3  <nil>}": {"Key":"priority","Type":4,"Integer":1,"String":"","Interface":null}}
2025-08-15T22:12:51.864-0500	DEBUG	protocol/handler.go:930	initializing round
2025-08-15T22:12:51.864-0500	DEBUG	protocol/handler.go:1503	processing queued messages
2025-08-15T22:12:51.864-0500	INFO	protocol/handler.go:240	starting protocol handler	{"{protocol 15 0 doerner/keygen <nil>}": {"Key":"workers","Type":11,"Integer":20,"String":"","Interface":null}, "{parties 11 2  <nil>}": {"Key":"threshold","Type":11,"Integer":1,"String":"","Interface":null}}
2025-08-15T22:12:51.864-0500	DEBUG	protocol/handler.go:348	starting worker pools	{"{workers 11 20  <nil>}": {"Key":"priority","Type":11,"Integer":4,"String":"","Interface":null}}
2025-08-15T22:12:51.864-0500	DEBUG	protocol/handler.go:391	worker started	{"{id 11 0  <nil>}": {"Key":"priority","Type":4,"Integer":0,"String":"","Interface":null}}
2025-08-15T22:12:51.864-0500	DEBUG	protocol/handler.go:391	worker started	{"{id 11 1  <nil>}": {"Key":"priority","Type":4,"Integer":0,"String":"","Interface":null}}
2025-08-15T22:12:51.864-0500	DEBUG	protocol/handler.go:391	worker started	{"{id 11 18  <nil>}": {"Key":"priority","Type":4,"Integer":0,"String":"","Interface":null}}
2025-08-15T22:12:51.864-0500	DEBUG	protocol/handler.go:391	worker started	{"{id 11 17  <nil>}": {"Key":"priority","Type":4,"Integer":0,"String":"","Interface":null}}
2025-08-15T22:12:51.864-0500	DEBUG	protocol/handler.go:391	worker started	{"{id 11 14  <nil>}": {"Key":"priority","Type":4,"Integer":0,"String":"","Interface":null}}
2025-08-15T22:12:51.864-0500	DEBUG	protocol/handler.go:391	worker started	{"{id 11 2  <nil>}": {"Key":"priority","Type":4,"Integer":0,"String":"","Interface":null}}
2025-08-15T22:12:51.865-0500	DEBUG	protocol/handler.go:391	worker started	{"{id 11 19  <nil>}": {"Key":"priority","Type":4,"Integer":0,"String":"","Interface":null}}
2025-08-15T22:12:51.865-0500	DEBUG	protocol/handler.go:391	worker started	{"{id 11 3  <nil>}": {"Key":"priority","Type":4,"Integer":0,"String":"","Interface":null}}
2025-08-15T22:12:51.865-0500	DEBUG	protocol/handler.go:391	worker started	{"{id 11 4  <nil>}": {"Key":"priority","Type":4,"Integer":0,"String":"","Interface":null}}
2025-08-15T22:12:51.865-0500	DEBUG	protocol/handler.go:391	worker started	{"{id 11 0  <nil>}": {"Key":"priority","Type":4,"Integer":1,"String":"","Interface":null}}
2025-08-15T22:12:51.865-0500	DEBUG	protocol/handler.go:391	worker started	{"{id 11 6  <nil>}": {"Key":"priority","Type":4,"Integer":0,"String":"","Interface":null}}
2025-08-15T22:12:51.865-0500	DEBUG	protocol/handler.go:391	worker started	{"{id 11 1  <nil>}": {"Key":"priority","Type":4,"Integer":1,"String":"","Interface":null}}
2025-08-15T22:12:51.865-0500	DEBUG	protocol/handler.go:391	worker started	{"{id 11 7  <nil>}": {"Key":"priority","Type":4,"Integer":0,"String":"","Interface":null}}
2025-08-15T22:12:51.865-0500	DEBUG	protocol/handler.go:391	worker started	{"{id 11 3  <nil>}": {"Key":"priority","Type":4,"Integer":1,"String":"","Interface":null}}
2025-08-15T22:12:51.865-0500	DEBUG	protocol/handler.go:391	worker started	{"{id 11 8  <nil>}": {"Key":"priority","Type":4,"Integer":0,"String":"","Interface":null}}
2025-08-15T22:12:51.865-0500	DEBUG	protocol/handler.go:391	worker started	{"{id 11 9  <nil>}": {"Key":"priority","Type":4,"Integer":0,"String":"","Interface":null}}
2025-08-15T22:12:51.865-0500	DEBUG	protocol/handler.go:391	worker started	{"{id 11 2  <nil>}": {"Key":"priority","Type":4,"Integer":1,"String":"","Interface":null}}
2025-08-15T22:12:51.865-0500	DEBUG	protocol/handler.go:391	worker started	{"{id 11 10  <nil>}": {"Key":"priority","Type":4,"Integer":0,"String":"","Interface":null}}
2025-08-15T22:12:51.865-0500	DEBUG	protocol/handler.go:930	initializing round
2025-08-15T22:12:51.865-0500	DEBUG	protocol/handler.go:391	worker started	{"{id 11 5  <nil>}": {"Key":"priority","Type":4,"Integer":0,"String":"","Interface":null}}
2025-08-15T22:12:51.865-0500	DEBUG	protocol/handler.go:391	worker started	{"{id 11 11  <nil>}": {"Key":"priority","Type":4,"Integer":0,"String":"","Interface":null}}
2025-08-15T22:12:51.865-0500	DEBUG	protocol/handler.go:391	worker started	{"{id 11 16  <nil>}": {"Key":"priority","Type":4,"Integer":0,"String":"","Interface":null}}
2025-08-15T22:12:51.865-0500	DEBUG	protocol/handler.go:391	worker started	{"{id 11 15  <nil>}": {"Key":"priority","Type":4,"Integer":0,"String":"","Interface":null}}
2025-08-15T22:12:51.865-0500	DEBUG	protocol/handler.go:391	worker started	{"{id 11 12  <nil>}": {"Key":"priority","Type":4,"Integer":0,"String":"","Interface":null}}
2025-08-15T22:12:51.865-0500	DEBUG	protocol/handler.go:1503	processing queued messages
2025-08-15T22:12:51.865-0500	DEBUG	protocol/handler.go:391	worker started	{"{id 11 13  <nil>}": {"Key":"priority","Type":4,"Integer":0,"String":"","Interface":null}}
2025-08-15T22:12:51.875-0500	INFO	protocol/handler.go:560	advanced to round
2025-08-15T22:12:51.875-0500	DEBUG	protocol/handler.go:581	tryAdvanceRound called	{"{current_round 20 1  <nil>}": {"Key":"self","Type":15,"Integer":0,"String":"a","Interface":null}}
2025-08-15T22:12:51.875-0500	DEBUG	protocol/handler.go:1649	have all messages and processed	{"{round 20 1  <nil>}": {"Key":"self","Type":15,"Integer":0,"String":"a","Interface":null}}
2025-08-15T22:12:51.875-0500	DEBUG	protocol/handler.go:619	finalizing round
2025-08-15T22:12:51.878-0500	INFO	protocol/handler.go:560	advanced to round
2025-08-15T22:12:51.878-0500	DEBUG	protocol/handler.go:581	tryAdvanceRound called	{"{current_round 20 1  <nil>}": {"Key":"self","Type":15,"Integer":0,"String":"b","Interface":null}}
2025-08-15T22:12:51.878-0500	DEBUG	protocol/handler.go:1635	waiting for messages	{"{round 20 1  <nil>}": {"Key":"missing","Type":15,"Integer":0,"String":"[a]","Interface":null}}
2025-08-15T22:12:51.884-0500	DEBUG	protocol/handler.go:954	round already being initialized/finalized, skipping
2025-08-15T22:12:51.885-0500	DEBUG	protocol/handler.go:581	tryAdvanceRound called	{"{current_round 20 1  <nil>}": {"Key":"self","Type":15,"Integer":0,"String":"b","Interface":null}}
2025-08-15T22:12:51.885-0500	DEBUG	protocol/handler.go:1635	waiting for messages	{"{round 20 1  <nil>}": {"Key":"missing","Type":15,"Integer":0,"String":"[a]","Interface":null}}
2025-08-15T22:12:51.888-0500	DEBUG	protocol/handler.go:1039	sendRoundMessage	{"{from 15 0 a <nil>}": {"Key":"to","Type":15,"Integer":0,"String":"","Interface":null}, "{round 20 1  <nil>}": {"Key":"broadcast","Type":4,"Integer":0,"String":"","Interface":null}}
2025-08-15T22:12:51.885-0500	DEBUG	protocol/handler.go:1635	waiting for messages	{"{round 20 1  <nil>}": {"Key":"missing","Type":15,"Integer":0,"String":"[a]","Interface":null}}
2025-08-15T22:12:51.889-0500	DEBUG	protocol/handler.go:945	round expects messages that haven't arrived yet, deferring initialization
2025-08-15T22:12:51.890-0500	DEBUG	protocol/handler.go:1081	sent message to output channel	{"{from 15 0 a <nil>}": {"Key":"to","Type":15,"Integer":0,"String":"","Interface":null}, "{round 20 1  <nil>}": {"Key":"broadcast","Type":4,"Integer":0,"String":"","Interface":null}}
2025-08-15T22:12:51.890-0500	DEBUG	protocol/handler.go:1182	finalized round messages	{"{round 20 1  <nil>}": {"Key":"messages","Type":11,"Integer":1,"String":"","Interface":null}}
2025-08-15T22:12:51.890-0500	DEBUG	protocol/handler.go:1239	finalize returned next round	{"{current 20 1  <nil>}": {"Key":"next","Type":20,"Integer":2,"String":"","Interface":null}}
2025-08-15T22:12:51.890-0500	DEBUG	protocol/handler.go:437	processing message	{"{from 15 0 a <nil>}": {"Key":"to","Type":15,"Integer":0,"String":"","Interface":null}, "{round 20 1  <nil>}": {"Key":"broadcast","Type":4,"Integer":0,"String":"","Interface":null}}
2025-08-15T22:12:51.890-0500	INFO	protocol/handler.go:642	storing new currentRound	{"{from 20 1  <nil>}": {"Key":"to","Type":20,"Integer":2,"String":"","Interface":null}}
2025-08-15T22:12:51.891-0500	DEBUG	protocol/handler.go:1662	storing message	{"{round 20 1  <nil>}": {"Key":"from","Type":15,"Integer":0,"String":"a","Interface":null}}
2025-08-15T22:12:51.891-0500	DEBUG	protocol/handler.go:1503	processing queued messages
2025-08-15T22:12:51.891-0500	DEBUG	protocol/handler.go:664	round needs immediate initialization (P2P-only round)
2025-08-15T22:12:51.891-0500	INFO	protocol/handler.go:560	advanced to round
2025-08-15T22:12:51.891-0500	DEBUG	protocol/handler.go:930	initializing round
2025-08-15T22:12:51.891-0500	DEBUG	protocol/handler.go:1503	processing queued messages
2025-08-15T22:12:51.891-0500	DEBUG	protocol/handler.go:581	tryAdvanceRound called	{"{current_round 20 2  <nil>}": {"Key":"self","Type":15,"Integer":0,"String":"a","Interface":null}}
2025-08-15T22:12:51.891-0500	DEBUG	protocol/handler.go:1635	waiting for messages	{"{round 20 2  <nil>}": {"Key":"missing","Type":15,"Integer":0,"String":"[b]","Interface":null}}
2025-08-15T22:12:51.894-0500	DEBUG	protocol/handler.go:581	tryAdvanceRound called	{"{current_round 20 2  <nil>}": {"Key":"self","Type":15,"Integer":0,"String":"a","Interface":null}}
2025-08-15T22:12:51.894-0500	DEBUG	protocol/handler.go:1635	waiting for messages	{"{round 20 2  <nil>}": {"Key":"missing","Type":15,"Integer":0,"String":"[b]","Interface":null}}
2025-08-15T22:12:51.906-0500	DEBUG	protocol/handler.go:581	tryAdvanceRound called	{"{current_round 20 2  <nil>}": {"Key":"self","Type":15,"Integer":0,"String":"a","Interface":null}}
2025-08-15T22:12:51.907-0500	DEBUG	protocol/handler.go:1635	waiting for messages	{"{round 20 2  <nil>}": {"Key":"missing","Type":15,"Integer":0,"String":"[b]","Interface":null}}
2025-08-15T22:12:51.906-0500	DEBUG	protocol/handler.go:581	tryAdvanceRound called	{"{current_round 20 1  <nil>}": {"Key":"self","Type":15,"Integer":0,"String":"b","Interface":null}}
==================
WARNING: DATA RACE
Write at 0x00c000488018 by goroutine 116:
  github.com/luxfi/threshold/internal/ot.(*CorreOTSetupSender).Round1()
      /Users/z/work/lux/threshold/internal/ot/correlated.go:56 +0x70
  github.com/luxfi/threshold/protocols/doerner/keygen.(*round1S).StoreMessage()
      /Users/z/work/lux/threshold/protocols/doerner/keygen/round1S.go:77 +0x9c
  github.com/luxfi/threshold/pkg/protocol.(*Handler).verifyNormalForRound()
      /Users/z/work/lux/threshold/pkg/protocol/handler.go:1337 +0x43c
  github.com/luxfi/threshold/pkg/protocol.(*Handler).retryUnprocessedMessages()
      /Users/z/work/lux/threshold/pkg/protocol/handler.go:1496 +0x3a0
  github.com/luxfi/threshold/pkg/protocol.(*Handler).tryAdvanceRound()
      /Users/z/work/lux/threshold/pkg/protocol/handler.go:587 +0x28c
  github.com/luxfi/threshold/pkg/protocol.(*Handler).roundProcessor()
      /Users/z/work/lux/threshold/pkg/protocol/handler.go:569 +0xb4
  github.com/luxfi/threshold/pkg/protocol.(*Handler).startWorkers.func1()
      /Users/z/work/lux/threshold/pkg/protocol/handler.go:374 +0x78

Previous read at 0x00c000488018 by goroutine 91:
  github.com/luxfi/threshold/internal/ot.(*CorreOTSetupSender).Round1()
      /Users/z/work/lux/threshold/internal/ot/correlated.go:71 +0x278
  github.com/luxfi/threshold/protocols/doerner/keygen.(*round1S).StoreMessage()
      /Users/z/work/lux/threshold/protocols/doerner/keygen/round1S.go:77 +0x9c
  github.com/luxfi/threshold/pkg/protocol.(*Handler).verifyNormal()
      /Users/z/work/lux/threshold/pkg/protocol/handler.go:1455 +0x6b4
  github.com/luxfi/threshold/pkg/protocol.(*Handler).processMessage()
      /Users/z/work/lux/threshold/pkg/protocol/handler.go:482 +0xba8
  github.com/luxfi/threshold/pkg/protocol.(*Handler).messageWorker()
      /Users/z/work/lux/threshold/pkg/protocol/handler.go:408 +0x338
  github.com/luxfi/threshold/pkg/protocol.(*Handler).startWorkers.gowrap1()
      /Users/z/work/lux/threshold/pkg/protocol/handler.go:355 +0x44

Goroutine 116 (running) created at:
  github.com/luxfi/threshold/pkg/protocol.(*Handler).startWorkers()
      /Users/z/work/lux/threshold/pkg/protocol/handler.go:372 +0x4fc
  github.com/luxfi/threshold/pkg/protocol.NewHandler()
      /Users/z/work/lux/threshold/pkg/protocol/handler.go:247 +0xf10
  github.com/luxfi/threshold/protocols/doerner.TestDoernerKeygenWithTimeout.func1()
      /Users/z/work/lux/threshold/protocols/doerner/doerner_fixed_test.go:43 +0x5d4
  github.com/luxfi/threshold/internal/test.RunProtocolWithTimeoutNew()
      /Users/z/work/lux/threshold/internal/test/timeout_handler.go:72 +0x26c
  github.com/luxfi/threshold/protocols/doerner.TestDoernerKeygenWithTimeout()
      /Users/z/work/lux/threshold/protocols/doerner/doerner_fixed_test.go:53 +0x100
  testing.tRunner()
      /opt/homebrew/Cellar/go/1.24.6/libexec/src/testing/testing.go:1792 +0x180
  testing.(*T).Run.gowrap1()
      /opt/homebrew/Cellar/go/1.24.6/libexec/src/testing/testing.go:1851 +0x40

Goroutine 91 (running) created at:
  github.com/luxfi/threshold/pkg/protocol.(*Handler).startWorkers()
      /Users/z/work/lux/threshold/pkg/protocol/handler.go:355 +0x27c
  github.com/luxfi/threshold/pkg/protocol.NewHandler()
      /Users/z/work/lux/threshold/pkg/protocol/handler.go:247 +0xf10
  github.com/luxfi/threshold/protocols/doerner.TestDoernerKeygenWithTimeout.func1()
      /Users/z/work/lux/threshold/protocols/doerner/doerner_fixed_test.go:43 +0x5d4
  github.com/luxfi/threshold/internal/test.RunProtocolWithTimeoutNew()
      /Users/z/work/lux/threshold/internal/test/timeout_handler.go:72 +0x26c
  github.com/luxfi/threshold/protocols/doerner.TestDoernerKeygenWithTimeout()
      /Users/z/work/lux/threshold/protocols/doerner/doerner_fixed_test.go:53 +0x100
  testing.tRunner()
      /opt/homebrew/Cellar/go/1.24.6/libexec/src/testing/testing.go:1792 +0x180
  testing.(*T).Run.gowrap1()
      /opt/homebrew/Cellar/go/1.24.6/libexec/src/testing/testing.go:1851 +0x40
==================
==================
WARNING: DATA RACE
Write at 0x00c000488030 by goroutine 116:
  github.com/luxfi/threshold/internal/ot.(*CorreOTSetupSender).Round1()
      /Users/z/work/lux/threshold/internal/ot/correlated.go:71 +0x2cc
  github.com/luxfi/threshold/protocols/doerner/keygen.(*round1S).StoreMessage()
      /Users/z/work/lux/threshold/protocols/doerner/keygen/round1S.go:77 +0x9c
  github.com/luxfi/threshold/pkg/protocol.(*Handler).verifyNormalForRound()
      /Users/z/work/lux/threshold/pkg/protocol/handler.go:1337 +0x43c
  github.com/luxfi/threshold/pkg/protocol.(*Handler).retryUnprocessedMessages()
      /Users/z/work/lux/threshold/pkg/protocol/handler.go:1496 +0x3a0
  github.com/luxfi/threshold/pkg/protocol.(*Handler).tryAdvanceRound()
      /Users/z/work/lux/threshold/pkg/protocol/handler.go:587 +0x28c
  github.com/luxfi/threshold/pkg/protocol.(*Handler).roundProcessor()
      /Users/z/work/lux/threshold/pkg/protocol/handler.go:569 +0xb4
  github.com/luxfi/threshold/pkg/protocol.(*Handler).startWorkers.func1()
      /Users/z/work/lux/threshold/pkg/protocol/handler.go:374 +0x78

Previous write at 0x00c000488030 by goroutine 91:
  github.com/luxfi/threshold/internal/ot.(*CorreOTSetupSender).Round1()
      /Users/z/work/lux/threshold/internal/ot/correlated.go:71 +0x2cc
  github.com/luxfi/threshold/protocols/doerner/keygen.(*round1S).StoreMessage()
      /Users/z/work/lux/threshold/protocols/doerner/keygen/round1S.go:77 +0x9c
  github.com/luxfi/threshold/pkg/protocol.(*Handler).verifyNormal()
      /Users/z/work/lux/threshold/pkg/protocol/handler.go:1455 +0x6b4
  github.com/luxfi/threshold/pkg/protocol.(*Handler).processMessage()
      /Users/z/work/lux/threshold/pkg/protocol/handler.go:482 +0xba8
  github.com/luxfi/threshold/pkg/protocol.(*Handler).messageWorker()
      /Users/z/work/lux/threshold/pkg/protocol/handler.go:408 +0x338
  github.com/luxfi/threshold/pkg/protocol.(*Handler).startWorkers.gowrap1()
      /Users/z/work/lux/threshold/pkg/protocol/handler.go:355 +0x44

Goroutine 116 (running) created at:
  github.com/luxfi/threshold/pkg/protocol.(*Handler).startWorkers()
      /Users/z/work/lux/threshold/pkg/protocol/handler.go:372 +0x4fc
  github.com/luxfi/threshold/pkg/protocol.NewHandler()
      /Users/z/work/lux/threshold/pkg/protocol/handler.go:247 +0xf10
  github.com/luxfi/threshold/protocols/doerner.TestDoernerKeygenWithTimeout.func1()
      /Users/z/work/lux/threshold/protocols/doerner/doerner_fixed_test.go:43 +0x5d4
  github.com/luxfi/threshold/internal/test.RunProtocolWithTimeoutNew()
      /Users/z/work/lux/threshold/internal/test/timeout_handler.go:72 +0x26c
  github.com/luxfi/threshold/protocols/doerner.TestDoernerKeygenWithTimeout()
      /Users/z/work/lux/threshold/protocols/doerner/doerner_fixed_test.go:53 +0x100
  testing.tRunner()
      /opt/homebrew/Cellar/go/1.24.6/libexec/src/testing/testing.go:1792 +0x180
  testing.(*T).Run.gowrap1()
      /opt/homebrew/Cellar/go/1.24.6/libexec/src/testing/testing.go:1851 +0x40

Goroutine 91 (running) created at:
  github.com/luxfi/threshold/pkg/protocol.(*Handler).startWorkers()
      /Users/z/work/lux/threshold/pkg/protocol/handler.go:355 +0x27c
  github.com/luxfi/threshold/pkg/protocol.NewHandler()
      /Users/z/work/lux/threshold/pkg/protocol/handler.go:247 +0xf10
  github.com/luxfi/threshold/protocols/doerner.TestDoernerKeygenWithTimeout.func1()
      /Users/z/work/lux/threshold/protocols/doerner/doerner_fixed_test.go:43 +0x5d4
  github.com/luxfi/threshold/internal/test.RunProtocolWithTimeoutNew()
      /Users/z/work/lux/threshold/internal/test/timeout_handler.go:72 +0x26c
  github.com/luxfi/threshold/protocols/doerner.TestDoernerKeygenWithTimeout()
      /Users/z/work/lux/threshold/protocols/doerner/doerner_fixed_test.go:53 +0x100
  testing.tRunner()
      /opt/homebrew/Cellar/go/1.24.6/libexec/src/testing/testing.go:1792 +0x180
  testing.(*T).Run.gowrap1()
      /opt/homebrew/Cellar/go/1.24.6/libexec/src/testing/testing.go:1851 +0x40
==================
==================
WARNING: DATA RACE
Read at 0x00c0005de100 by goroutine 15:
  github.com/decred/dcrd/dcrec/secp256k1/v4.(*FieldVal).IsZero()
      /Users/z/go/pkg/mod/github.com/decred/dcrd/dcrec/secp256k1/v4@v4.4.0/field.go:547 +0x634
  github.com/decred/dcrd/dcrec/secp256k1/v4.AddNonConst()
      /Users/z/go/pkg/mod/github.com/decred/dcrd/dcrec/secp256k1/v4@v4.4.0/curve.go:480 +0x5e4
  github.com/luxfi/threshold/pkg/math/curve.(*Secp256k1Point).Add()
      /Users/z/work/lux/threshold/pkg/math/curve/secp256k1.go:229 +0x74
  github.com/luxfi/threshold/internal/ot.(*RandomOTReceiever).Round1()
      /Users/z/work/lux/threshold/internal/ot/random.go:138 +0xe0
  github.com/luxfi/threshold/internal/ot.(*CorreOTSetupSender).Round1.func1()
      /Users/z/work/lux/threshold/internal/ot/correlated.go:77 +0x5c
  github.com/luxfi/threshold/pkg/pool.worker()
      /Users/z/work/lux/threshold/pkg/pool/pool.go:76 +0xc4
  github.com/luxfi/threshold/pkg/pool.NewPool.gowrap1()
      /Users/z/work/lux/threshold/pkg/pool/pool.go:119 +0x34

Previous write at 0x00c0005de100 by goroutine 116:
  github.com/decred/dcrd/dcrec/secp256k1/v4.(*FieldVal).SetBytes()
      /Users/z/go/pkg/mod/github.com/decred/dcrd/dcrec/secp256k1/v4@v4.4.0/field.go:254 +0xa0
  github.com/decred/dcrd/dcrec/secp256k1/v4.(*FieldVal).SetByteSlice()
      /Users/z/go/pkg/mod/github.com/decred/dcrd/dcrec/secp256k1/v4@v4.4.0/field.go:323 +0xc8
  github.com/luxfi/threshold/pkg/math/curve.(*Secp256k1Point).UnmarshalBinary()
      /Users/z/work/lux/threshold/pkg/math/curve/secp256k1.go:216 +0x170
  github.com/fxamacker/cbor/v2.fillByteString()
      /Users/z/go/pkg/mod/github.com/fxamacker/cbor/v2@v2.9.0/decode.go:3191 +0xa38
  github.com/fxamacker/cbor/v2.(*decoder).parseToValue()
      /Users/z/go/pkg/mod/github.com/fxamacker/cbor/v2@v2.9.0/decode.go:1573 +0x1390
  github.com/fxamacker/cbor/v2.(*decoder).parseMapToStruct()
      /Users/z/go/pkg/mod/github.com/fxamacker/cbor/v2@v2.9.0/decode.go:2904 +0xe94
  github.com/fxamacker/cbor/v2.(*decoder).parseToValue()
      /Users/z/go/pkg/mod/github.com/fxamacker/cbor/v2@v2.9.0/decode.go:1692 +0x15ac
  github.com/fxamacker/cbor/v2.(*decoder).parseMapToStruct()
      /Users/z/go/pkg/mod/github.com/fxamacker/cbor/v2@v2.9.0/decode.go:2904 +0xe94
  github.com/fxamacker/cbor/v2.(*decoder).parseToValue()
      /Users/z/go/pkg/mod/github.com/fxamacker/cbor/v2@v2.9.0/decode.go:1692 +0x15ac
  github.com/fxamacker/cbor/v2.(*decoder).parseMapToStruct()
      /Users/z/go/pkg/mod/github.com/fxamacker/cbor/v2@v2.9.0/decode.go:2904 +0xe94
  github.com/fxamacker/cbor/v2.(*decoder).parseToValue()
      /Users/z/go/pkg/mod/github.com/fxamacker/cbor/v2@v2.9.0/decode.go:1692 +0x15ac
  github.com/fxamacker/cbor/v2.(*decoder).value()
      /Users/z/go/pkg/mod/github.com/fxamacker/cbor/v2@v2.9.0/decode.go:1399 +0x2f0
  github.com/fxamacker/cbor/v2.(*decMode).Unmarshal()
      /Users/z/go/pkg/mod/github.com/fxamacker/cbor/v2@v2.9.0/decode.go:1302 +0xb0
  github.com/fxamacker/cbor/v2.Unmarshal()
      /Users/z/go/pkg/mod/github.com/fxamacker/cbor/v2@v2.9.0/decode.go:109 +0x1d0
  github.com/luxfi/threshold/pkg/protocol.(*Handler).verifyNormalForRound()
      /Users/z/work/lux/threshold/pkg/protocol/handler.go:1318 +0x160
  github.com/luxfi/threshold/pkg/protocol.(*Handler).retryUnprocessedMessages()
      /Users/z/work/lux/threshold/pkg/protocol/handler.go:1496 +0x3a0
  github.com/luxfi/threshold/pkg/protocol.(*Handler).tryAdvanceRound()
      /Users/z/work/lux/threshold/pkg/protocol/handler.go:587 +0x28c
  github.com/luxfi/threshold/pkg/protocol.(*Handler).roundProcessor()
      /Users/z/work/lux/threshold/pkg/protocol/handler.go:569 +0xb4
  github.com/luxfi/threshold/pkg/protocol.(*Handler).startWorkers.func1()
      /Users/z/work/lux/threshold/pkg/protocol/handler.go:374 +0x78

Goroutine 15 (running) created at:
  github.com/luxfi/threshold/pkg/pool.NewPool()
      /Users/z/work/lux/threshold/pkg/pool/pool.go:119 +0xec
  github.com/luxfi/threshold/protocols/doerner.TestDoernerKeygenWithTimeout()
      /Users/z/work/lux/threshold/protocols/doerner/doerner_fixed_test.go:24 +0x44
  testing.tRunner()
      /opt/homebrew/Cellar/go/1.24.6/libexec/src/testing/testing.go:1792 +0x180
  testing.(*T).Run.gowrap1()
      /opt/homebrew/Cellar/go/1.24.6/libexec/src/testing/testing.go:1851 +0x40

Goroutine 116 (running) created at:
  github.com/luxfi/threshold/pkg/protocol.(*Handler).startWorkers()
      /Users/z/work/lux/threshold/pkg/protocol/handler.go:372 +0x4fc
  github.com/luxfi/threshold/pkg/protocol.NewHandler()
      /Users/z/work/lux/threshold/pkg/protocol/handler.go:247 +0xf10
  github.com/luxfi/threshold/protocols/doerner.TestDoernerKeygenWithTimeout.func1()
      /Users/z/work/lux/threshold/protocols/doerner/doerner_fixed_test.go:43 +0x5d4
  github.com/luxfi/threshold/internal/test.RunProtocolWithTimeoutNew()
      /Users/z/work/lux/threshold/internal/test/timeout_handler.go:72 +0x26c
  github.com/luxfi/threshold/protocols/doerner.TestDoernerKeygenWithTimeout()
      /Users/z/work/lux/threshold/protocols/doerner/doerner_fixed_test.go:53 +0x100
  testing.tRunner()
      /opt/homebrew/Cellar/go/1.24.6/libexec/src/testing/testing.go:1792 +0x180
  testing.(*T).Run.gowrap1()
      /opt/homebrew/Cellar/go/1.24.6/libexec/src/testing/testing.go:1851 +0x40
==================
==================
WARNING: DATA RACE
Read at 0x00c0005de108 by goroutine 15:
  github.com/decred/dcrd/dcrec/secp256k1/v4.(*FieldVal).IsZero()
      /Users/z/go/pkg/mod/github.com/decred/dcrd/dcrec/secp256k1/v4@v4.4.0/field.go:547 +0x65c
  github.com/decred/dcrd/dcrec/secp256k1/v4.AddNonConst()
      /Users/z/go/pkg/mod/github.com/decred/dcrd/dcrec/secp256k1/v4@v4.4.0/curve.go:480 +0x5e4
  github.com/luxfi/threshold/pkg/math/curve.(*Secp256k1Point).Add()
      /Users/z/work/lux/threshold/pkg/math/curve/secp256k1.go:229 +0x74
  github.com/luxfi/threshold/internal/ot.(*RandomOTReceiever).Round1()
      /Users/z/work/lux/threshold/internal/ot/random.go:138 +0xe0
  github.com/luxfi/threshold/internal/ot.(*CorreOTSetupSender).Round1.func1()
      /Users/z/work/lux/threshold/internal/ot/correlated.go:77 +0x5c
  github.com/luxfi/threshold/pkg/pool.worker()
      /Users/z/work/lux/threshold/pkg/pool/pool.go:76 +0xc4
  github.com/luxfi/threshold/pkg/pool.NewPool.gowrap1()
      /Users/z/work/lux/threshold/pkg/pool/pool.go:119 +0x34

Previous write at 0x00c0005de108 by goroutine 116:
  github.com/decred/dcrd/dcrec/secp256k1/v4.(*FieldVal).SetBytes()
      /Users/z/go/pkg/mod/github.com/decred/dcrd/dcrec/secp256k1/v4@v4.4.0/field.go:258 +0x1c8
  github.com/decred/dcrd/dcrec/secp256k1/v4.(*FieldVal).SetByteSlice()
      /Users/z/go/pkg/mod/github.com/decred/dcrd/dcrec/secp256k1/v4@v4.4.0/field.go:323 +0xc8
  github.com/luxfi/threshold/pkg/math/curve.(*Secp256k1Point).UnmarshalBinary()
      /Users/z/work/lux/threshold/pkg/math/curve/secp256k1.go:216 +0x170
  github.com/fxamacker/cbor/v2.fillByteString()
      /Users/z/go/pkg/mod/github.com/fxamacker/cbor/v2@v2.9.0/decode.go:3191 +0xa38
  github.com/fxamacker/cbor/v2.(*decoder).parseToValue()
      /Users/z/go/pkg/mod/github.com/fxamacker/cbor/v2@v2.9.0/decode.go:1573 +0x1390
  github.com/fxamacker/cbor/v2.(*decoder).parseMapToStruct()
      /Users/z/go/pkg/mod/github.com/fxamacker/cbor/v2@v2.9.0/decode.go:2904 +0xe94
  github.com/fxamacker/cbor/v2.(*decoder).parseToValue()
      /Users/z/go/pkg/mod/github.com/fxamacker/cbor/v2@v2.9.0/decode.go:1692 +0x15ac
  github.com/fxamacker/cbor/v2.(*decoder).parseMapToStruct()
      /Users/z/go/pkg/mod/github.com/fxamacker/cbor/v2@v2.9.0/decode.go:2904 +0xe94
  github.com/fxamacker/cbor/v2.(*decoder).parseToValue()
      /Users/z/go/pkg/mod/github.com/fxamacker/cbor/v2@v2.9.0/decode.go:1692 +0x15ac
  github.com/fxamacker/cbor/v2.(*decoder).parseMapToStruct()
      /Users/z/go/pkg/mod/github.com/fxamacker/cbor/v2@v2.9.0/decode.go:2904 +0xe94
  github.com/fxamacker/cbor/v2.(*decoder).parseToValue()
      /Users/z/go/pkg/mod/github.com/fxamacker/cbor/v2@v2.9.0/decode.go:1692 +0x15ac
  github.com/fxamacker/cbor/v2.(*decoder).value()
      /Users/z/go/pkg/mod/github.com/fxamacker/cbor/v2@v2.9.0/decode.go:1399 +0x2f0
  github.com/fxamacker/cbor/v2.(*decMode).Unmarshal()
      /Users/z/go/pkg/mod/github.com/fxamacker/cbor/v2@v2.9.0/decode.go:1302 +0xb0
  github.com/fxamacker/cbor/v2.Unmarshal()
      /Users/z/go/pkg/mod/github.com/fxamacker/cbor/v2@v2.9.0/decode.go:109 +0x1d0
  github.com/luxfi/threshold/pkg/protocol.(*Handler).verifyNormalForRound()
      /Users/z/work/lux/threshold/pkg/protocol/handler.go:1318 +0x160
  github.com/luxfi/threshold/pkg/protocol.(*Handler).retryUnprocessedMessages()
      /Users/z/work/lux/threshold/pkg/protocol/handler.go:1496 +0x3a0
  github.com/luxfi/threshold/pkg/protocol.(*Handler).tryAdvanceRound()
      /Users/z/work/lux/threshold/pkg/protocol/handler.go:587 +0x28c
  github.com/luxfi/threshold/pkg/protocol.(*Handler).roundProcessor()
      /Users/z/work/lux/threshold/pkg/protocol/handler.go:569 +0xb4
  github.com/luxfi/threshold/pkg/protocol.(*Handler).startWorkers.func1()
      /Users/z/work/lux/threshold/pkg/protocol/handler.go:374 +0x78

Goroutine 15 (running) created at:
  github.com/luxfi/threshold/pkg/pool.NewPool()
      /Users/z/work/lux/threshold/pkg/pool/pool.go:119 +0xec
  github.com/luxfi/threshold/protocols/doerner.TestDoernerKeygenWithTimeout()
      /Users/z/work/lux/threshold/protocols/doerner/doerner_fixed_test.go:24 +0x44
  testing.tRunner()
      /opt/homebrew/Cellar/go/1.24.6/libexec/src/testing/testing.go:1792 +0x180
  testing.(*T).Run.gowrap1()
      /opt/homebrew/Cellar/go/1.24.6/libexec/src/testing/testing.go:1851 +0x40

Goroutine 116 (running) created at:
  github.com/luxfi/threshold/pkg/protocol.(*Handler).startWorkers()
      /Users/z/work/lux/threshold/pkg/protocol/handler.go:372 +0x4fc
  github.com/luxfi/threshold/pkg/protocol.NewHandler()
      /Users/z/work/lux/threshold/pkg/protocol/handler.go:247 +0xf10
  github.com/luxfi/threshold/protocols/doerner.TestDoernerKeygenWithTimeout.func1()
      /Users/z/work/lux/threshold/protocols/doerner/doerner_fixed_test.go:43 +0x5d4
  github.com/luxfi/threshold/internal/test.RunProtocolWithTimeoutNew()
      /Users/z/work/lux/threshold/internal/test/timeout_handler.go:72 +0x26c
  github.com/luxfi/threshold/protocols/doerner.TestDoernerKeygenWithTimeout()
      /Users/z/work/lux/threshold/protocols/doerner/doerner_fixed_test.go:53 +0x100
  testing.tRunner()
      /opt/homebrew/Cellar/go/1.24.6/libexec/src/testing/testing.go:1792 +0x180
  testing.(*T).Run.gowrap1()
      /opt/homebrew/Cellar/go/1.24.6/libexec/src/testing/testing.go:1851 +0x40
==================
==================
WARNING: DATA RACE
Read at 0x00c0005de110 by goroutine 15:
  github.com/decred/dcrd/dcrec/secp256k1/v4.(*FieldVal).IsZero()
      /Users/z/go/pkg/mod/github.com/decred/dcrd/dcrec/secp256k1/v4@v4.4.0/field.go:547 +0x6a4
  github.com/decred/dcrd/dcrec/secp256k1/v4.AddNonConst()
      /Users/z/go/pkg/mod/github.com/decred/dcrd/dcrec/secp256k1/v4@v4.4.0/curve.go:480 +0x5e4
  github.com/luxfi/threshold/pkg/math/curve.(*Secp256k1Point).Add()
      /Users/z/work/lux/threshold/pkg/math/curve/secp256k1.go:229 +0x74
  github.com/luxfi/threshold/internal/ot.(*RandomOTReceiever).Round1()
      /Users/z/work/lux/threshold/internal/ot/random.go:138 +0xe0
  github.com/luxfi/threshold/internal/ot.(*CorreOTSetupSender).Round1.func1()
      /Users/z/work/lux/threshold/internal/ot/correlated.go:77 +0x5c
  github.com/luxfi/threshold/pkg/pool.worker()
      /Users/z/work/lux/threshold/pkg/pool/pool.go:76 +0xc4
  github.com/luxfi/threshold/pkg/pool.NewPool.gowrap1()
      /Users/z/work/lux/threshold/pkg/pool/pool.go:119 +0x34

Previous write at 0x00c0005de110 by goroutine 116:
  github.com/decred/dcrd/dcrec/secp256k1/v4.(*FieldVal).SetBytes()
      /Users/z/go/pkg/mod/github.com/decred/dcrd/dcrec/secp256k1/v4@v4.4.0/field.go:262 +0x2e4
  github.com/decred/dcrd/dcrec/secp256k1/v4.(*FieldVal).SetByteSlice()
      /Users/z/go/pkg/mod/github.com/decred/dcrd/dcrec/secp256k1/v4@v4.4.0/field.go:323 +0xc8
  github.com/luxfi/threshold/pkg/math/curve.(*Secp256k1Point).UnmarshalBinary()
      /Users/z/work/lux/threshold/pkg/math/curve/secp256k1.go:216 +0x170
  github.com/fxamacker/cbor/v2.fillByteString()
      /Users/z/go/pkg/mod/github.com/fxamacker/cbor/v2@v2.9.0/decode.go:3191 +0xa38
  github.com/fxamacker/cbor/v2.(*decoder).parseToValue()
      /Users/z/go/pkg/mod/github.com/fxamacker/cbor/v2@v2.9.0/decode.go:1573 +0x1390
  github.com/fxamacker/cbor/v2.(*decoder).parseMapToStruct()
      /Users/z/go/pkg/mod/github.com/fxamacker/cbor/v2@v2.9.0/decode.go:2904 +0xe94
  github.com/fxamacker/cbor/v2.(*decoder).parseToValue()
      /Users/z/go/pkg/mod/github.com/fxamacker/cbor/v2@v2.9.0/decode.go:1692 +0x15ac
  github.com/fxamacker/cbor/v2.(*decoder).parseMapToStruct()
      /Users/z/go/pkg/mod/github.com/fxamacker/cbor/v2@v2.9.0/decode.go:2904 +0xe94
  github.com/fxamacker/cbor/v2.(*decoder).parseToValue()
      /Users/z/go/pkg/mod/github.com/fxamacker/cbor/v2@v2.9.0/decode.go:1692 +0x15ac
  github.com/fxamacker/cbor/v2.(*decoder).parseMapToStruct()
      /Users/z/go/pkg/mod/github.com/fxamacker/cbor/v2@v2.9.0/decode.go:2904 +0xe94
  github.com/fxamacker/cbor/v2.(*decoder).parseToValue()
      /Users/z/go/pkg/mod/github.com/fxamacker/cbor/v2@v2.9.0/decode.go:1692 +0x15ac
  github.com/fxamacker/cbor/v2.(*decoder).value()
      /Users/z/go/pkg/mod/github.com/fxamacker/cbor/v2@v2.9.0/decode.go:1399 +0x2f0
  github.com/fxamacker/cbor/v2.(*decMode).Unmarshal()
      /Users/z/go/pkg/mod/github.com/fxamacker/cbor/v2@v2.9.0/decode.go:1302 +0xb0
  github.com/fxamacker/cbor/v2.Unmarshal()
      /Users/z/go/pkg/mod/github.com/fxamacker/cbor/v2@v2.9.0/decode.go:109 +0x1d0
  github.com/luxfi/threshold/pkg/protocol.(*Handler).verifyNormalForRound()
      /Users/z/work/lux/threshold/pkg/protocol/handler.go:1318 +0x160
  github.com/luxfi/threshold/pkg/protocol.(*Handler).retryUnprocessedMessages()
      /Users/z/work/lux/threshold/pkg/protocol/handler.go:1496 +0x3a0
  github.com/luxfi/threshold/pkg/protocol.(*Handler).tryAdvanceRound()
      /Users/z/work/lux/threshold/pkg/protocol/handler.go:587 +0x28c
  github.com/luxfi/threshold/pkg/protocol.(*Handler).roundProcessor()
      /Users/z/work/lux/threshold/pkg/protocol/handler.go:569 +0xb4
  github.com/luxfi/threshold/pkg/protocol.(*Handler).startWorkers.func1()
      /Users/z/work/lux/threshold/pkg/protocol/handler.go:374 +0x78

Goroutine 15 (running) created at:
  github.com/luxfi/threshold/pkg/pool.NewPool()
      /Users/z/work/lux/threshold/pkg/pool/pool.go:119 +0xec
  github.com/luxfi/threshold/protocols/doerner.TestDoernerKeygenWithTimeout()
      /Users/z/work/lux/threshold/protocols/doerner/doerner_fixed_test.go:24 +0x44
  testing.tRunner()
      /opt/homebrew/Cellar/go/1.24.6/libexec/src/testing/testing.go:1792 +0x180
  testing.(*T).Run.gowrap1()
      /opt/homebrew/Cellar/go/1.24.6/libexec/src/testing/testing.go:1851 +0x40

Goroutine 116 (running) created at:
  github.com/luxfi/threshold/pkg/protocol.(*Handler).startWorkers()
      /Users/z/work/lux/threshold/pkg/protocol/handler.go:372 +0x4fc
  github.com/luxfi/threshold/pkg/protocol.NewHandler()
      /Users/z/work/lux/threshold/pkg/protocol/handler.go:247 +0xf10
  github.com/luxfi/threshold/protocols/doerner.TestDoernerKeygenWithTimeout.func1()
      /Users/z/work/lux/threshold/protocols/doerner/doerner_fixed_test.go:43 +0x5d4
  github.com/luxfi/threshold/internal/test.RunProtocolWithTimeoutNew()
      /Users/z/work/lux/threshold/internal/test/timeout_handler.go:72 +0x26c
  github.com/luxfi/threshold/protocols/doerner.TestDoernerKeygenWithTimeout()
      /Users/z/work/lux/threshold/protocols/doerner/doerner_fixed_test.go:53 +0x100
  testing.tRunner()
      /opt/homebrew/Cellar/go/1.24.6/libexec/src/testing/testing.go:1792 +0x180
  testing.(*T).Run.gowrap1()
      /opt/homebrew/Cellar/go/1.24.6/libexec/src/testing/testing.go:1851 +0x40
==================
2025-08-15T22:12:51.936-0500	DEBUG	protocol/handler.go:1635	waiting for messages	{"{round 20 2  <nil>}": {"Key":"missing","Type":15,"Integer":0,"String":"[b]","Interface":null}}
2025-08-15T22:12:51.936-0500	DEBUG	protocol/handler.go:945	round expects messages that haven't arrived yet, deferring initialization
==================
WARNING: DATA RACE
Read at 0x00c0005de118 by goroutine 15:
  github.com/decred/dcrd/dcrec/secp256k1/v4.(*FieldVal).IsZero()
      /Users/z/go/pkg/mod/github.com/decred/dcrd/dcrec/secp256k1/v4@v4.4.0/field.go:548 +0x6ec
  github.com/decred/dcrd/dcrec/secp256k1/v4.AddNonConst()
      /Users/z/go/pkg/mod/github.com/decred/dcrd/dcrec/secp256k1/v4@v4.4.0/curve.go:480 +0x5e4
  github.com/luxfi/threshold/pkg/math/curve.(*Secp256k1Point).Add()
      /Users/z/work/lux/threshold/pkg/math/curve/secp256k1.go:229 +0x74
  github.com/luxfi/threshold/internal/ot.(*RandomOTReceiever).Round1()
      /Users/z/work/lux/threshold/internal/ot/random.go:138 +0xe0
  github.com/luxfi/threshold/internal/ot.(*CorreOTSetupSender).Round1.func1()
      /Users/z/work/lux/threshold/internal/ot/correlated.go:77 +0x5c
  github.com/luxfi/threshold/pkg/pool.worker()
      /Users/z/work/lux/threshold/pkg/pool/pool.go:76 +0xc4
  github.com/luxfi/threshold/pkg/pool.NewPool.gowrap1()
      /Users/z/work/lux/threshold/pkg/pool/pool.go:119 +0x34

Previous write at 0x00c0005de118 by goroutine 116:
  github.com/decred/dcrd/dcrec/secp256k1/v4.(*FieldVal).SetBytes()
      /Users/z/go/pkg/mod/github.com/decred/dcrd/dcrec/secp256k1/v4@v4.4.0/field.go:266 +0x40c
  github.com/decred/dcrd/dcrec/secp256k1/v4.(*FieldVal).SetByteSlice()
      /Users/z/go/pkg/mod/github.com/decred/dcrd/dcrec/secp256k1/v4@v4.4.0/field.go:323 +0xc8
  github.com/luxfi/threshold/pkg/math/curve.(*Secp256k1Point).UnmarshalBinary()
      /Users/z/work/lux/threshold/pkg/math/curve/secp256k1.go:216 +0x170
  github.com/fxamacker/cbor/v2.fillByteString()
      /Users/z/go/pkg/mod/github.com/fxamacker/cbor/v2@v2.9.0/decode.go:3191 +0xa38
  github.com/fxamacker/cbor/v2.(*decoder).parseToValue()
      /Users/z/go/pkg/mod/github.com/fxamacker/cbor/v2@v2.9.0/decode.go:1573 +0x1390
  github.com/fxamacker/cbor/v2.(*decoder).parseMapToStruct()
      /Users/z/go/pkg/mod/github.com/fxamacker/cbor/v2@v2.9.0/decode.go:2904 +0xe94
  github.com/fxamacker/cbor/v2.(*decoder).parseToValue()
      /Users/z/go/pkg/mod/github.com/fxamacker/cbor/v2@v2.9.0/decode.go:1692 +0x15ac
  github.com/fxamacker/cbor/v2.(*decoder).parseMapToStruct()
      /Users/z/go/pkg/mod/github.com/fxamacker/cbor/v2@v2.9.0/decode.go:2904 +0xe94
  github.com/fxamacker/cbor/v2.(*decoder).parseToValue()
      /Users/z/go/pkg/mod/github.com/fxamacker/cbor/v2@v2.9.0/decode.go:1692 +0x15ac
  github.com/fxamacker/cbor/v2.(*decoder).parseMapToStruct()
      /Users/z/go/pkg/mod/github.com/fxamacker/cbor/v2@v2.9.0/decode.go:2904 +0xe94
  github.com/fxamacker/cbor/v2.(*decoder).parseToValue()
      /Users/z/go/pkg/mod/github.com/fxamacker/cbor/v2@v2.9.0/decode.go:1692 +0x15ac
  github.com/fxamacker/cbor/v2.(*decoder).value()
      /Users/z/go/pkg/mod/github.com/fxamacker/cbor/v2@v2.9.0/decode.go:1399 +0x2f0
  github.com/fxamacker/cbor/v2.(*decMode).Unmarshal()
      /Users/z/go/pkg/mod/github.com/fxamacker/cbor/v2@v2.9.0/decode.go:1302 +0xb0
  github.com/fxamacker/cbor/v2.Unmarshal()
      /Users/z/go/pkg/mod/github.com/fxamacker/cbor/v2@v2.9.0/decode.go:109 +0x1d0
  github.com/luxfi/threshold/pkg/protocol.(*Handler).verifyNormalForRound()
      /Users/z/work/lux/threshold/pkg/protocol/handler.go:1318 +0x160
  github.com/luxfi/threshold/pkg/protocol.(*Handler).retryUnprocessedMessages()
      /Users/z/work/lux/threshold/pkg/protocol/handler.go:1496 +0x3a0
  github.com/luxfi/threshold/pkg/protocol.(*Handler).tryAdvanceRound()
      /Users/z/work/lux/threshold/pkg/protocol/handler.go:587 +0x28c
  github.com/luxfi/threshold/pkg/protocol.(*Handler).roundProcessor()
      /Users/z/work/lux/threshold/pkg/protocol/handler.go:569 +0xb4
  github.com/luxfi/threshold/pkg/protocol.(*Handler).startWorkers.func1()
      /Users/z/work/lux/threshold/pkg/protocol/handler.go:374 +0x78

Goroutine 15 (running) created at:
  github.com/luxfi/threshold/pkg/pool.NewPool()
      /Users/z/work/lux/threshold/pkg/pool/pool.go:119 +0xec
  github.com/luxfi/threshold/protocols/doerner.TestDoernerKeygenWithTimeout()
      /Users/z/work/lux/threshold/protocols/doerner/doerner_fixed_test.go:24 +0x44
  testing.tRunner()
      /opt/homebrew/Cellar/go/1.24.6/libexec/src/testing/testing.go:1792 +0x180
  testing.(*T).Run.gowrap1()
      /opt/homebrew/Cellar/go/1.24.6/libexec/src/testing/testing.go:1851 +0x40

Goroutine 116 (running) created at:
  github.com/luxfi/threshold/pkg/protocol.(*Handler).startWorkers()
      /Users/z/work/lux/threshold/pkg/protocol/handler.go:372 +0x4fc
  github.com/luxfi/threshold/pkg/protocol.NewHandler()
      /Users/z/work/lux/threshold/pkg/protocol/handler.go:247 +0xf10
  github.com/luxfi/threshold/protocols/doerner.TestDoernerKeygenWithTimeout.func1()
      /Users/z/work/lux/threshold/protocols/doerner/doerner_fixed_test.go:43 +0x5d4
  github.com/luxfi/threshold/internal/test.RunProtocolWithTimeoutNew()
      /Users/z/work/lux/threshold/internal/test/timeout_handler.go:72 +0x26c
  github.com/luxfi/threshold/protocols/doerner.TestDoernerKeygenWithTimeout()
      /Users/z/work/lux/threshold/protocols/doerner/doerner_fixed_test.go:53 +0x100
  testing.tRunner()
      /opt/homebrew/Cellar/go/1.24.6/libexec/src/testing/testing.go:1792 +0x180
  testing.(*T).Run.gowrap1()
      /opt/homebrew/Cellar/go/1.24.6/libexec/src/testing/testing.go:1851 +0x40
==================
==================
WARNING: DATA RACE
Read at 0x00c0005de150 by goroutine 15:
  github.com/decred/dcrd/dcrec/secp256k1/v4.(*FieldVal).IsZero()
      /Users/z/go/pkg/mod/github.com/decred/dcrd/dcrec/secp256k1/v4@v4.4.0/field.go:547 +0x968
  github.com/decred/dcrd/dcrec/secp256k1/v4.AddNonConst()
      /Users/z/go/pkg/mod/github.com/decred/dcrd/dcrec/secp256k1/v4@v4.4.0/curve.go:480 +0x5e4
  github.com/luxfi/threshold/pkg/math/curve.(*Secp256k1Point).Add()
      /Users/z/work/lux/threshold/pkg/math/curve/secp256k1.go:229 +0x74
  github.com/luxfi/threshold/internal/ot.(*RandomOTReceiever).Round1()
      /Users/z/work/lux/threshold/internal/ot/random.go:138 +0xe0
  github.com/luxfi/threshold/internal/ot.(*CorreOTSetupSender).Round1.func1()
      /Users/z/work/lux/threshold/internal/ot/correlated.go:77 +0x5c
  github.com/luxfi/threshold/pkg/pool.worker()
      /Users/z/work/lux/threshold/pkg/pool/pool.go:76 +0xc4
  github.com/luxfi/threshold/pkg/pool.NewPool.gowrap1()
      /Users/z/work/lux/threshold/pkg/pool/pool.go:119 +0x34

Previous write at 0x00c0005de150 by goroutine 116:
  github.com/decred/dcrd/dcrec/secp256k1/v4.(*FieldVal).Zero()
      /Users/z/go/pkg/mod/github.com/decred/dcrd/dcrec/secp256k1/v4@v4.4.0/field.go:193 +0xb4
  github.com/decred/dcrd/dcrec/secp256k1/v4.(*FieldVal).SetInt()
      /Users/z/go/pkg/mod/github.com/decred/dcrd/dcrec/secp256k1/v4@v4.4.0/field.go:231 +0xb0
  github.com/luxfi/threshold/pkg/math/curve.(*Secp256k1Point).UnmarshalBinary()
      /Users/z/work/lux/threshold/pkg/math/curve/secp256k1.go:215 +0x40
  github.com/fxamacker/cbor/v2.fillByteString()
      /Users/z/go/pkg/mod/github.com/fxamacker/cbor/v2@v2.9.0/decode.go:3191 +0xa38
  github.com/fxamacker/cbor/v2.(*decoder).parseToValue()
      /Users/z/go/pkg/mod/github.com/fxamacker/cbor/v2@v2.9.0/decode.go:1573 +0x1390
  github.com/fxamacker/cbor/v2.(*decoder).parseMapToStruct()
      /Users/z/go/pkg/mod/github.com/fxamacker/cbor/v2@v2.9.0/decode.go:2904 +0xe94
  github.com/fxamacker/cbor/v2.(*decoder).parseToValue()
      /Users/z/go/pkg/mod/github.com/fxamacker/cbor/v2@v2.9.0/decode.go:1692 +0x15ac
  github.com/fxamacker/cbor/v2.(*decoder).parseMapToStruct()
      /Users/z/go/pkg/mod/github.com/fxamacker/cbor/v2@v2.9.0/decode.go:2904 +0xe94
  github.com/fxamacker/cbor/v2.(*decoder).parseToValue()
      /Users/z/go/pkg/mod/github.com/fxamacker/cbor/v2@v2.9.0/decode.go:1692 +0x15ac
  github.com/fxamacker/cbor/v2.(*decoder).parseMapToStruct()
      /Users/z/go/pkg/mod/github.com/fxamacker/cbor/v2@v2.9.0/decode.go:2904 +0xe94
  github.com/fxamacker/cbor/v2.(*decoder).parseToValue()
      /Users/z/go/pkg/mod/github.com/fxamacker/cbor/v2@v2.9.0/decode.go:1692 +0x15ac
  github.com/fxamacker/cbor/v2.(*decoder).value()
      /Users/z/go/pkg/mod/github.com/fxamacker/cbor/v2@v2.9.0/decode.go:1399 +0x2f0
  github.com/fxamacker/cbor/v2.(*decMode).Unmarshal()
      /Users/z/go/pkg/mod/github.com/fxamacker/cbor/v2@v2.9.0/decode.go:1302 +0xb0
  github.com/fxamacker/cbor/v2.Unmarshal()
      /Users/z/go/pkg/mod/github.com/fxamacker/cbor/v2@v2.9.0/decode.go:109 +0x1d0
  github.com/luxfi/threshold/pkg/protocol.(*Handler).verifyNormalForRound()
      /Users/z/work/lux/threshold/pkg/protocol/handler.go:1318 +0x160
  github.com/luxfi/threshold/pkg/protocol.(*Handler).retryUnprocessedMessages()
      /Users/z/work/lux/threshold/pkg/protocol/handler.go:1496 +0x3a0
  github.com/luxfi/threshold/pkg/protocol.(*Handler).tryAdvanceRound()
      /Users/z/work/lux/threshold/pkg/protocol/handler.go:587 +0x28c
  github.com/luxfi/threshold/pkg/protocol.(*Handler).roundProcessor()
      /Users/z/work/lux/threshold/pkg/protocol/handler.go:569 +0xb4
  github.com/luxfi/threshold/pkg/protocol.(*Handler).startWorkers.func1()
      /Users/z/work/lux/threshold/pkg/protocol/handler.go:374 +0x78

Goroutine 15 (running) created at:
  github.com/luxfi/threshold/pkg/pool.NewPool()
      /Users/z/work/lux/threshold/pkg/pool/pool.go:119 +0xec
  github.com/luxfi/threshold/protocols/doerner.TestDoernerKeygenWithTimeout()
      /Users/z/work/lux/threshold/protocols/doerner/doerner_fixed_test.go:24 +0x44
  testing.tRunner()
      /opt/homebrew/Cellar/go/1.24.6/libexec/src/testing/testing.go:1792 +0x180
  testing.(*T).Run.gowrap1()
      /opt/homebrew/Cellar/go/1.24.6/libexec/src/testing/testing.go:1851 +0x40

Goroutine 116 (running) created at:
  github.com/luxfi/threshold/pkg/protocol.(*Handler).startWorkers()
      /Users/z/work/lux/threshold/pkg/protocol/handler.go:372 +0x4fc
  github.com/luxfi/threshold/pkg/protocol.NewHandler()
      /Users/z/work/lux/threshold/pkg/protocol/handler.go:247 +0xf10
  github.com/luxfi/threshold/protocols/doerner.TestDoernerKeygenWithTimeout.func1()
      /Users/z/work/lux/threshold/protocols/doerner/doerner_fixed_test.go:43 +0x5d4
  github.com/luxfi/threshold/internal/test.RunProtocolWithTimeoutNew()
      /Users/z/work/lux/threshold/internal/test/timeout_handler.go:72 +0x26c
  github.com/luxfi/threshold/protocols/doerner.TestDoernerKeygenWithTimeout()
      /Users/z/work/lux/threshold/protocols/doerner/doerner_fixed_test.go:53 +0x100
  testing.tRunner()
      /opt/homebrew/Cellar/go/1.24.6/libexec/src/testing/testing.go:1792 +0x180
  testing.(*T).Run.gowrap1()
      /opt/homebrew/Cellar/go/1.24.6/libexec/src/testing/testing.go:1851 +0x40
==================
==================
WARNING: DATA RACE
Read at 0x00c0005de158 by goroutine 15:
  github.com/decred/dcrd/dcrec/secp256k1/v4.(*FieldVal).IsZero()
      /Users/z/go/pkg/mod/github.com/decred/dcrd/dcrec/secp256k1/v4@v4.4.0/field.go:547 +0x990
  github.com/decred/dcrd/dcrec/secp256k1/v4.AddNonConst()
      /Users/z/go/pkg/mod/github.com/decred/dcrd/dcrec/secp256k1/v4@v4.4.0/curve.go:480 +0x5e4
  github.com/luxfi/threshold/pkg/math/curve.(*Secp256k1Point).Add()
      /Users/z/work/lux/threshold/pkg/math/curve/secp256k1.go:229 +0x74
  github.com/luxfi/threshold/internal/ot.(*RandomOTReceiever).Round1()
      /Users/z/work/lux/threshold/internal/ot/random.go:138 +0xe0
  github.com/luxfi/threshold/internal/ot.(*CorreOTSetupSender).Round1.func1()
      /Users/z/work/lux/threshold/internal/ot/correlated.go:77 +0x5c
  github.com/luxfi/threshold/pkg/pool.worker()
      /Users/z/work/lux/threshold/pkg/pool/pool.go:76 +0xc4
  github.com/luxfi/threshold/pkg/pool.NewPool.gowrap1()
      /Users/z/work/lux/threshold/pkg/pool/pool.go:119 +0x34

Previous write at 0x00c0005de158 by goroutine 116:
  github.com/decred/dcrd/dcrec/secp256k1/v4.(*FieldVal).Zero()
      /Users/z/go/pkg/mod/github.com/decred/dcrd/dcrec/secp256k1/v4@v4.4.0/field.go:195 +0xd4
  github.com/decred/dcrd/dcrec/secp256k1/v4.(*FieldVal).SetInt()
      /Users/z/go/pkg/mod/github.com/decred/dcrd/dcrec/secp256k1/v4@v4.4.0/field.go:231 +0xb0
  github.com/luxfi/threshold/pkg/math/curve.(*Secp256k1Point).UnmarshalBinary()
      /Users/z/work/lux/threshold/pkg/math/curve/secp256k1.go:215 +0x40
  github.com/fxamacker/cbor/v2.fillByteString()
      /Users/z/go/pkg/mod/github.com/fxamacker/cbor/v2@v2.9.0/decode.go:3191 +0xa38
  github.com/fxamacker/cbor/v2.(*decoder).parseToValue()
      /Users/z/go/pkg/mod/github.com/fxamacker/cbor/v2@v2.9.0/decode.go:1573 +0x1390
  github.com/fxamacker/cbor/v2.(*decoder).parseMapToStruct()
      /Users/z/go/pkg/mod/github.com/fxamacker/cbor/v2@v2.9.0/decode.go:2904 +0xe94
  github.com/fxamacker/cbor/v2.(*decoder).parseToValue()
      /Users/z/go/pkg/mod/github.com/fxamacker/cbor/v2@v2.9.0/decode.go:1692 +0x15ac
  github.com/fxamacker/cbor/v2.(*decoder).parseMapToStruct()
      /Users/z/go/pkg/mod/github.com/fxamacker/cbor/v2@v2.9.0/decode.go:2904 +0xe94
  github.com/fxamacker/cbor/v2.(*decoder).parseToValue()
      /Users/z/go/pkg/mod/github.com/fxamacker/cbor/v2@v2.9.0/decode.go:1692 +0x15ac
  github.com/fxamacker/cbor/v2.(*decoder).parseMapToStruct()
      /Users/z/go/pkg/mod/github.com/fxamacker/cbor/v2@v2.9.0/decode.go:2904 +0xe94
  github.com/fxamacker/cbor/v2.(*decoder).parseToValue()
      /Users/z/go/pkg/mod/github.com/fxamacker/cbor/v2@v2.9.0/decode.go:1692 +0x15ac
  github.com/fxamacker/cbor/v2.(*decoder).value()
      /Users/z/go/pkg/mod/github.com/fxamacker/cbor/v2@v2.9.0/decode.go:1399 +0x2f0
  github.com/fxamacker/cbor/v2.(*decMode).Unmarshal()
      /Users/z/go/pkg/mod/github.com/fxamacker/cbor/v2@v2.9.0/decode.go:1302 +0xb0
  github.com/fxamacker/cbor/v2.Unmarshal()
      /Users/z/go/pkg/mod/github.com/fxamacker/cbor/v2@v2.9.0/decode.go:109 +0x1d0
  github.com/luxfi/threshold/pkg/protocol.(*Handler).verifyNormalForRound()
      /Users/z/work/lux/threshold/pkg/protocol/handler.go:1318 +0x160
  github.com/luxfi/threshold/pkg/protocol.(*Handler).retryUnprocessedMessages()
      /Users/z/work/lux/threshold/pkg/protocol/handler.go:1496 +0x3a0
  github.com/luxfi/threshold/pkg/protocol.(*Handler).tryAdvanceRound()
      /Users/z/work/lux/threshold/pkg/protocol/handler.go:587 +0x28c
  github.com/luxfi/threshold/pkg/protocol.(*Handler).roundProcessor()
      /Users/z/work/lux/threshold/pkg/protocol/handler.go:569 +0xb4
  github.com/luxfi/threshold/pkg/protocol.(*Handler).startWorkers.func1()
      /Users/z/work/lux/threshold/pkg/protocol/handler.go:374 +0x78

Goroutine 15 (running) created at:
  github.com/luxfi/threshold/pkg/pool.NewPool()
      /Users/z/work/lux/threshold/pkg/pool/pool.go:119 +0xec
  github.com/luxfi/threshold/protocols/doerner.TestDoernerKeygenWithTimeout()
      /Users/z/work/lux/threshold/protocols/doerner/doerner_fixed_test.go:24 +0x44
  testing.tRunner()
      /opt/homebrew/Cellar/go/1.24.6/libexec/src/testing/testing.go:1792 +0x180
  testing.(*T).Run.gowrap1()
      /opt/homebrew/Cellar/go/1.24.6/libexec/src/testing/testing.go:1851 +0x40

Goroutine 116 (running) created at:
  github.com/luxfi/threshold/pkg/protocol.(*Handler).startWorkers()
      /Users/z/work/lux/threshold/pkg/protocol/handler.go:372 +0x4fc
  github.com/luxfi/threshold/pkg/protocol.NewHandler()
      /Users/z/work/lux/threshold/pkg/protocol/handler.go:247 +0xf10
  github.com/luxfi/threshold/protocols/doerner.TestDoernerKeygenWithTimeout.func1()
      /Users/z/work/lux/threshold/protocols/doerner/doerner_fixed_test.go:43 +0x5d4
  github.com/luxfi/threshold/internal/test.RunProtocolWithTimeoutNew()
      /Users/z/work/lux/threshold/internal/test/timeout_handler.go:72 +0x26c
  github.com/luxfi/threshold/protocols/doerner.TestDoernerKeygenWithTimeout()
      /Users/z/work/lux/threshold/protocols/doerner/doerner_fixed_test.go:53 +0x100
  testing.tRunner()
      /opt/homebrew/Cellar/go/1.24.6/libexec/src/testing/testing.go:1792 +0x180
  testing.(*T).Run.gowrap1()
      /opt/homebrew/Cellar/go/1.24.6/libexec/src/testing/testing.go:1851 +0x40
==================
==================
WARNING: DATA RACE
Read at 0x00c0005de160 by goroutine 15:
  github.com/decred/dcrd/dcrec/secp256k1/v4.(*FieldVal).IsZero()
      /Users/z/go/pkg/mod/github.com/decred/dcrd/dcrec/secp256k1/v4@v4.4.0/field.go:547 +0x9d8
  github.com/decred/dcrd/dcrec/secp256k1/v4.AddNonConst()
      /Users/z/go/pkg/mod/github.com/decred/dcrd/dcrec/secp256k1/v4@v4.4.0/curve.go:480 +0x5e4
  github.com/luxfi/threshold/pkg/math/curve.(*Secp256k1Point).Add()
      /Users/z/work/lux/threshold/pkg/math/curve/secp256k1.go:229 +0x74
  github.com/luxfi/threshold/internal/ot.(*RandomOTReceiever).Round1()
      /Users/z/work/lux/threshold/internal/ot/random.go:138 +0xe0
  github.com/luxfi/threshold/internal/ot.(*CorreOTSetupSender).Round1.func1()
      /Users/z/work/lux/threshold/internal/ot/correlated.go:77 +0x5c
  github.com/luxfi/threshold/pkg/pool.worker()
      /Users/z/work/lux/threshold/pkg/pool/pool.go:76 +0xc4
  github.com/luxfi/threshold/pkg/pool.NewPool.gowrap1()
      /Users/z/work/lux/threshold/pkg/pool/pool.go:119 +0x34

Previous write at 0x00c0005de160 by goroutine 116:
  github.com/decred/dcrd/dcrec/secp256k1/v4.(*FieldVal).Zero()
      /Users/z/go/pkg/mod/github.com/decred/dcrd/dcrec/secp256k1/v4@v4.4.0/field.go:197 +0xf4
  github.com/decred/dcrd/dcrec/secp256k1/v4.(*FieldVal).SetInt()
      /Users/z/go/pkg/mod/github.com/decred/dcrd/dcrec/secp256k1/v4@v4.4.0/field.go:231 +0xb0
  github.com/luxfi/threshold/pkg/math/curve.(*Secp256k1Point).UnmarshalBinary()
      /Users/z/work/lux/threshold/pkg/math/curve/secp256k1.go:215 +0x40
  github.com/fxamacker/cbor/v2.fillByteString()
      /Users/z/go/pkg/mod/github.com/fxamacker/cbor/v2@v2.9.0/decode.go:3191 +0xa38
  github.com/fxamacker/cbor/v2.(*decoder).parseToValue()
      /Users/z/go/pkg/mod/github.com/fxamacker/cbor/v2@v2.9.0/decode.go:1573 +0x1390
  github.com/fxamacker/cbor/v2.(*decoder).parseMapToStruct()
      /Users/z/go/pkg/mod/github.com/fxamacker/cbor/v2@v2.9.0/decode.go:2904 +0xe94
  github.com/fxamacker/cbor/v2.(*decoder).parseToValue()
      /Users/z/go/pkg/mod/github.com/fxamacker/cbor/v2@v2.9.0/decode.go:1692 +0x15ac
  github.com/fxamacker/cbor/v2.(*decoder).parseMapToStruct()
      /Users/z/go/pkg/mod/github.com/fxamacker/cbor/v2@v2.9.0/decode.go:2904 +0xe94
  github.com/fxamacker/cbor/v2.(*decoder).parseToValue()
      /Users/z/go/pkg/mod/github.com/fxamacker/cbor/v2@v2.9.0/decode.go:1692 +0x15ac
  github.com/fxamacker/cbor/v2.(*decoder).parseMapToStruct()
      /Users/z/go/pkg/mod/github.com/fxamacker/cbor/v2@v2.9.0/decode.go:2904 +0xe94
  github.com/fxamacker/cbor/v2.(*decoder).parseToValue()
      /Users/z/go/pkg/mod/github.com/fxamacker/cbor/v2@v2.9.0/decode.go:1692 +0x15ac
  github.com/fxamacker/cbor/v2.(*decoder).value()
      /Users/z/go/pkg/mod/github.com/fxamacker/cbor/v2@v2.9.0/decode.go:1399 +0x2f0
  github.com/fxamacker/cbor/v2.(*decMode).Unmarshal()
      /Users/z/go/pkg/mod/github.com/fxamacker/cbor/v2@v2.9.0/decode.go:1302 +0xb0
  github.com/fxamacker/cbor/v2.Unmarshal()
      /Users/z/go/pkg/mod/github.com/fxamacker/cbor/v2@v2.9.0/decode.go:109 +0x1d0
  github.com/luxfi/threshold/pkg/protocol.(*Handler).verifyNormalForRound()
      /Users/z/work/lux/threshold/pkg/protocol/handler.go:1318 +0x160
  github.com/luxfi/threshold/pkg/protocol.(*Handler).retryUnprocessedMessages()
      /Users/z/work/lux/threshold/pkg/protocol/handler.go:1496 +0x3a0
  github.com/luxfi/threshold/pkg/protocol.(*Handler).tryAdvanceRound()
      /Users/z/work/lux/threshold/pkg/protocol/handler.go:587 +0x28c
  github.com/luxfi/threshold/pkg/protocol.(*Handler).roundProcessor()
      /Users/z/work/lux/threshold/pkg/protocol/handler.go:569 +0xb4
  github.com/luxfi/threshold/pkg/protocol.(*Handler).startWorkers.func1()
      /Users/z/work/lux/threshold/pkg/protocol/handler.go:374 +0x78

Goroutine 15 (running) created at:
  github.com/luxfi/threshold/pkg/pool.NewPool()
      /Users/z/work/lux/threshold/pkg/pool/pool.go:119 +0xec
  github.com/luxfi/threshold/protocols/doerner.TestDoernerKeygenWithTimeout()
      /Users/z/work/lux/threshold/protocols/doerner/doerner_fixed_test.go:24 +0x44
  testing.tRunner()
      /opt/homebrew/Cellar/go/1.24.6/libexec/src/testing/testing.go:1792 +0x180
  testing.(*T).Run.gowrap1()
      /opt/homebrew/Cellar/go/1.24.6/libexec/src/testing/testing.go:1851 +0x40

Goroutine 116 (running) created at:
  github.com/luxfi/threshold/pkg/protocol.(*Handler).startWorkers()
      /Users/z/work/lux/threshold/pkg/protocol/handler.go:372 +0x4fc
  github.com/luxfi/threshold/pkg/protocol.NewHandler()
      /Users/z/work/lux/threshold/pkg/protocol/handler.go:247 +0xf10
  github.com/luxfi/threshold/protocols/doerner.TestDoernerKeygenWithTimeout.func1()
      /Users/z/work/lux/threshold/protocols/doerner/doerner_fixed_test.go:43 +0x5d4
  github.com/luxfi/threshold/internal/test.RunProtocolWithTimeoutNew()
      /Users/z/work/lux/threshold/internal/test/timeout_handler.go:72 +0x26c
  github.com/luxfi/threshold/protocols/doerner.TestDoernerKeygenWithTimeout()
      /Users/z/work/lux/threshold/protocols/doerner/doerner_fixed_test.go:53 +0x100
  testing.tRunner()
      /opt/homebrew/Cellar/go/1.24.6/libexec/src/testing/testing.go:1792 +0x180
  testing.(*T).Run.gowrap1()
      /opt/homebrew/Cellar/go/1.24.6/libexec/src/testing/testing.go:1851 +0x40
==================
==================
WARNING: DATA RACE
Read at 0x00c0005de170 by goroutine 15:
  github.com/decred/dcrd/dcrec/secp256k1/v4.(*FieldVal).IsZero()
      /Users/z/go/pkg/mod/github.com/decred/dcrd/dcrec/secp256k1/v4@v4.4.0/field.go:548 +0xa68
  github.com/decred/dcrd/dcrec/secp256k1/v4.AddNonConst()
      /Users/z/go/pkg/mod/github.com/decred/dcrd/dcrec/secp256k1/v4@v4.4.0/curve.go:480 +0x5e4
  github.com/luxfi/threshold/pkg/math/curve.(*Secp256k1Point).Add()
      /Users/z/work/lux/threshold/pkg/math/curve/secp256k1.go:229 +0x74
  github.com/luxfi/threshold/internal/ot.(*RandomOTReceiever).Round1()
      /Users/z/work/lux/threshold/internal/ot/random.go:138 +0xe0
  github.com/luxfi/threshold/internal/ot.(*CorreOTSetupSender).Round1.func1()
      /Users/z/work/lux/threshold/internal/ot/correlated.go:77 +0x5c
  github.com/luxfi/threshold/pkg/pool.worker()
      /Users/z/work/lux/threshold/pkg/pool/pool.go:76 +0xc4
  github.com/luxfi/threshold/pkg/pool.NewPool.gowrap1()
      /Users/z/work/lux/threshold/pkg/pool/pool.go:119 +0x34

Previous write at 0x00c0005de170 by goroutine 116:
  github.com/decred/dcrd/dcrec/secp256k1/v4.(*FieldVal).Zero()
      /Users/z/go/pkg/mod/github.com/decred/dcrd/dcrec/secp256k1/v4@v4.4.0/field.go:201 +0x134
  github.com/decred/dcrd/dcrec/secp256k1/v4.(*FieldVal).SetInt()
      /Users/z/go/pkg/mod/github.com/decred/dcrd/dcrec/secp256k1/v4@v4.4.0/field.go:231 +0xb0
  github.com/luxfi/threshold/pkg/math/curve.(*Secp256k1Point).UnmarshalBinary()
      /Users/z/work/lux/threshold/pkg/math/curve/secp256k1.go:215 +0x40
  github.com/fxamacker/cbor/v2.fillByteString()
      /Users/z/go/pkg/mod/github.com/fxamacker/cbor/v2@v2.9.0/decode.go:3191 +0xa38
  github.com/fxamacker/cbor/v2.(*decoder).parseToValue()
      /Users/z/go/pkg/mod/github.com/fxamacker/cbor/v2@v2.9.0/decode.go:1573 +0x1390
  github.com/fxamacker/cbor/v2.(*decoder).parseMapToStruct()
      /Users/z/go/pkg/mod/github.com/fxamacker/cbor/v2@v2.9.0/decode.go:2904 +0xe94
  github.com/fxamacker/cbor/v2.(*decoder).parseToValue()
      /Users/z/go/pkg/mod/github.com/fxamacker/cbor/v2@v2.9.0/decode.go:1692 +0x15ac
  github.com/fxamacker/cbor/v2.(*decoder).parseMapToStruct()
      /Users/z/go/pkg/mod/github.com/fxamacker/cbor/v2@v2.9.0/decode.go:2904 +0xe94
  github.com/fxamacker/cbor/v2.(*decoder).parseToValue()
      /Users/z/go/pkg/mod/github.com/fxamacker/cbor/v2@v2.9.0/decode.go:1692 +0x15ac
  github.com/fxamacker/cbor/v2.(*decoder).parseMapToStruct()
      /Users/z/go/pkg/mod/github.com/fxamacker/cbor/v2@v2.9.0/decode.go:2904 +0xe94
  github.com/fxamacker/cbor/v2.(*decoder).parseToValue()
      /Users/z/go/pkg/mod/github.com/fxamacker/cbor/v2@v2.9.0/decode.go:1692 +0x15ac
  github.com/fxamacker/cbor/v2.(*decoder).value()
      /Users/z/go/pkg/mod/github.com/fxamacker/cbor/v2@v2.9.0/decode.go:1399 +0x2f0
  github.com/fxamacker/cbor/v2.(*decMode).Unmarshal()
      /Users/z/go/pkg/mod/github.com/fxamacker/cbor/v2@v2.9.0/decode.go:1302 +0xb0
  github.com/fxamacker/cbor/v2.Unmarshal()
      /Users/z/go/pkg/mod/github.com/fxamacker/cbor/v2@v2.9.0/decode.go:109 +0x1d0
  github.com/luxfi/threshold/pkg/protocol.(*Handler).verifyNormalForRound()
      /Users/z/work/lux/threshold/pkg/protocol/handler.go:1318 +0x160
  github.com/luxfi/threshold/pkg/protocol.(*Handler).retryUnprocessedMessages()
      /Users/z/work/lux/threshold/pkg/protocol/handler.go:1496 +0x3a0
  github.com/luxfi/threshold/pkg/protocol.(*Handler).tryAdvanceRound()
      /Users/z/work/lux/threshold/pkg/protocol/handler.go:587 +0x28c
  github.com/luxfi/threshold/pkg/protocol.(*Handler).roundProcessor()
      /Users/z/work/lux/threshold/pkg/protocol/handler.go:569 +0xb4
  github.com/luxfi/threshold/pkg/protocol.(*Handler).startWorkers.func1()
      /Users/z/work/lux/threshold/pkg/protocol/handler.go:374 +0x78

Goroutine 15 (running) created at:
  github.com/luxfi/threshold/pkg/pool.NewPool()
      /Users/z/work/lux/threshold/pkg/pool/pool.go:119 +0xec
  github.com/luxfi/threshold/protocols/doerner.TestDoernerKeygenWithTimeout()
      /Users/z/work/lux/threshold/protocols/doerner/doerner_fixed_test.go:24 +0x44
  testing.tRunner()
      /opt/homebrew/Cellar/go/1.24.6/libexec/src/testing/testing.go:1792 +0x180
  testing.(*T).Run.gowrap1()
      /opt/homebrew/Cellar/go/1.24.6/libexec/src/testing/testing.go:1851 +0x40

Goroutine 116 (running) created at:
  github.com/luxfi/threshold/pkg/protocol.(*Handler).startWorkers()
      /Users/z/work/lux/threshold/pkg/protocol/handler.go:372 +0x4fc
  github.com/luxfi/threshold/pkg/protocol.NewHandler()
      /Users/z/work/lux/threshold/pkg/protocol/handler.go:247 +0xf10
  github.com/luxfi/threshold/protocols/doerner.TestDoernerKeygenWithTimeout.func1()
      /Users/z/work/lux/threshold/protocols/doerner/doerner_fixed_test.go:43 +0x5d4
  github.com/luxfi/threshold/internal/test.RunProtocolWithTimeoutNew()
      /Users/z/work/lux/threshold/internal/test/timeout_handler.go:72 +0x26c
  github.com/luxfi/threshold/protocols/doerner.TestDoernerKeygenWithTimeout()
      /Users/z/work/lux/threshold/protocols/doerner/doerner_fixed_test.go:53 +0x100
  testing.tRunner()
      /opt/homebrew/Cellar/go/1.24.6/libexec/src/testing/testing.go:1792 +0x180
  testing.(*T).Run.gowrap1()
      /opt/homebrew/Cellar/go/1.24.6/libexec/src/testing/testing.go:1851 +0x40
==================
==================
WARNING: DATA RACE
Read at 0x00c0005de128 by goroutine 15:
  github.com/decred/dcrd/dcrec/secp256k1/v4.(*FieldVal).Set()
      /Users/z/go/pkg/mod/github.com/decred/dcrd/dcrec/secp256k1/v4@v4.4.0/field.go:216 +0x104
  github.com/decred/dcrd/dcrec/secp256k1/v4.addZ2EqualsOne()
      /Users/z/go/pkg/mod/github.com/decred/dcrd/dcrec/secp256k1/v4@v4.4.0/curve.go:341 +0x154
  github.com/decred/dcrd/dcrec/secp256k1/v4.AddNonConst()
      /Users/z/go/pkg/mod/github.com/decred/dcrd/dcrec/secp256k1/v4@v4.4.0/curve.go:500 +0xe9c
  github.com/luxfi/threshold/pkg/math/curve.(*Secp256k1Point).Add()
      /Users/z/work/lux/threshold/pkg/math/curve/secp256k1.go:229 +0x74
  github.com/luxfi/threshold/internal/ot.(*RandomOTReceiever).Round1()
      /Users/z/work/lux/threshold/internal/ot/random.go:138 +0xe0
  github.com/luxfi/threshold/internal/ot.(*CorreOTSetupSender).Round1.func1()
      /Users/z/work/lux/threshold/internal/ot/correlated.go:77 +0x5c
  github.com/luxfi/threshold/pkg/pool.worker()
      /Users/z/work/lux/threshold/pkg/pool/pool.go:76 +0xc4
  github.com/luxfi/threshold/pkg/pool.NewPool.gowrap1()
      /Users/z/work/lux/threshold/pkg/pool/pool.go:119 +0x34

Previous write at 0x00c0005de128 by goroutine 116:
  github.com/decred/dcrd/dcrec/secp256k1/v4.(*FieldVal).SquareVal()
      /Users/z/go/pkg/mod/github.com/decred/dcrd/dcrec/secp256k1/v4@v4.4.0/field.go:1486 +0x1000
  github.com/decred/dcrd/dcrec/secp256k1/v4.(*FieldVal).SquareRootVal()
      /Users/z/go/pkg/mod/github.com/decred/dcrd/dcrec/secp256k1/v4@v4.4.0/field.go:1239 +0xc78
  github.com/decred/dcrd/dcrec/secp256k1/v4.DecompressY()
      /Users/z/go/pkg/mod/github.com/decred/dcrd/dcrec/secp256k1/v4@v4.4.0/curve.go:1303 +0x84
  github.com/luxfi/threshold/pkg/math/curve.(*Secp256k1Point).UnmarshalBinary()
      /Users/z/work/lux/threshold/pkg/math/curve/secp256k1.go:219 +0x198
  github.com/fxamacker/cbor/v2.fillByteString()
      /Users/z/go/pkg/mod/github.com/fxamacker/cbor/v2@v2.9.0/decode.go:3191 +0xa38
  github.com/fxamacker/cbor/v2.(*decoder).parseToValue()
      /Users/z/go/pkg/mod/github.com/fxamacker/cbor/v2@v2.9.0/decode.go:1573 +0x1390
  github.com/fxamacker/cbor/v2.(*decoder).parseMapToStruct()
      /Users/z/go/pkg/mod/github.com/fxamacker/cbor/v2@v2.9.0/decode.go:2904 +0xe94
  github.com/fxamacker/cbor/v2.(*decoder).parseToValue()
      /Users/z/go/pkg/mod/github.com/fxamacker/cbor/v2@v2.9.0/decode.go:1692 +0x15ac
  github.com/fxamacker/cbor/v2.(*decoder).parseMapToStruct()
      /Users/z/go/pkg/mod/github.com/fxamacker/cbor/v2@v2.9.0/decode.go:2904 +0xe94
  github.com/fxamacker/cbor/v2.(*decoder).parseToValue()
      /Users/z/go/pkg/mod/github.com/fxamacker/cbor/v2@v2.9.0/decode.go:1692 +0x15ac
  github.com/fxamacker/cbor/v2.(*decoder).parseMapToStruct()
      /Users/z/go/pkg/mod/github.com/fxamacker/cbor/v2@v2.9.0/decode.go:2904 +0xe94
  github.com/fxamacker/cbor/v2.(*decoder).parseToValue()
      /Users/z/go/pkg/mod/github.com/fxamacker/cbor/v2@v2.9.0/decode.go:1692 +0x15ac
  github.com/fxamacker/cbor/v2.(*decoder).value()
      /Users/z/go/pkg/mod/github.com/fxamacker/cbor/v2@v2.9.0/decode.go:1399 +0x2f0
  github.com/fxamacker/cbor/v2.(*decMode).Unmarshal()
      /Users/z/go/pkg/mod/github.com/fxamacker/cbor/v2@v2.9.0/decode.go:1302 +0xb0
  github.com/fxamacker/cbor/v2.Unmarshal()
      /Users/z/go/pkg/mod/github.com/fxamacker/cbor/v2@v2.9.0/decode.go:109 +0x1d0
  github.com/luxfi/threshold/pkg/protocol.(*Handler).verifyNormalForRound()
      /Users/z/work/lux/threshold/pkg/protocol/handler.go:1318 +0x160
  github.com/luxfi/threshold/pkg/protocol.(*Handler).retryUnprocessedMessages()
      /Users/z/work/lux/threshold/pkg/protocol/handler.go:1496 +0x3a0
  github.com/luxfi/threshold/pkg/protocol.(*Handler).tryAdvanceRound()
      /Users/z/work/lux/threshold/pkg/protocol/handler.go:587 +0x28c
  github.com/luxfi/threshold/pkg/protocol.(*Handler).roundProcessor()
      /Users/z/work/lux/threshold/pkg/protocol/handler.go:569 +0xb4
  github.com/luxfi/threshold/pkg/protocol.(*Handler).startWorkers.func1()
      /Users/z/work/lux/threshold/pkg/protocol/handler.go:374 +0x78

Goroutine 15 (running) created at:
  github.com/luxfi/threshold/pkg/pool.NewPool()
      /Users/z/work/lux/threshold/pkg/pool/pool.go:119 +0xec
  github.com/luxfi/threshold/protocols/doerner.TestDoernerKeygenWithTimeout()
      /Users/z/work/lux/threshold/protocols/doerner/doerner_fixed_test.go:24 +0x44
  testing.tRunner()
      /opt/homebrew/Cellar/go/1.24.6/libexec/src/testing/testing.go:1792 +0x180
  testing.(*T).Run.gowrap1()
      /opt/homebrew/Cellar/go/1.24.6/libexec/src/testing/testing.go:1851 +0x40

Goroutine 116 (running) created at:
  github.com/luxfi/threshold/pkg/protocol.(*Handler).startWorkers()
      /Users/z/work/lux/threshold/pkg/protocol/handler.go:372 +0x4fc
  github.com/luxfi/threshold/pkg/protocol.NewHandler()
      /Users/z/work/lux/threshold/pkg/protocol/handler.go:247 +0xf10
  github.com/luxfi/threshold/protocols/doerner.TestDoernerKeygenWithTimeout.func1()
      /Users/z/work/lux/threshold/protocols/doerner/doerner_fixed_test.go:43 +0x5d4
  github.com/luxfi/threshold/internal/test.RunProtocolWithTimeoutNew()
      /Users/z/work/lux/threshold/internal/test/timeout_handler.go:72 +0x26c
  github.com/luxfi/threshold/protocols/doerner.TestDoernerKeygenWithTimeout()
      /Users/z/work/lux/threshold/protocols/doerner/doerner_fixed_test.go:53 +0x100
  testing.tRunner()
      /opt/homebrew/Cellar/go/1.24.6/libexec/src/testing/testing.go:1792 +0x180
  testing.(*T).Run.gowrap1()
      /opt/homebrew/Cellar/go/1.24.6/libexec/src/testing/testing.go:1851 +0x40
==================
==================
WARNING: DATA RACE
Read at 0x00c0007a6a98 by goroutine 12:
  github.com/zeebo/blake3.(*hasher).finalizeDigest()
      /Users/z/go/pkg/mod/github.com/zeebo/blake3@v0.2.4/blake3.go:76 +0x408
  github.com/zeebo/blake3.(*Hasher).Digest()
      /Users/z/go/pkg/mod/github.com/zeebo/blake3@v0.2.4/api.go:141 +0x344
  github.com/luxfi/threshold/internal/ot.(*RandomOTReceiever).Round1()
      /Users/z/work/lux/threshold/internal/ot/random.go:153 +0x2b8
  github.com/luxfi/threshold/internal/ot.(*CorreOTSetupSender).Round1.func1()
      /Users/z/work/lux/threshold/internal/ot/correlated.go:77 +0x5c
  github.com/luxfi/threshold/pkg/pool.worker()
      /Users/z/work/lux/threshold/pkg/pool/pool.go:76 +0xc4
  github.com/luxfi/threshold/pkg/pool.NewPool.gowrap1()
      /Users/z/work/lux/threshold/pkg/pool/pool.go:119 +0x34

Previous write at 0x00c0007a6a98 by goroutine 116:
  github.com/zeebo/blake3.NewKeyed()
      /Users/z/go/pkg/mod/github.com/zeebo/blake3@v0.2.4/api.go:41 +0xc0
  github.com/luxfi/threshold/internal/ot.NewRandomOTReceiver()
      /Users/z/work/lux/threshold/internal/ot/random.go:109 +0x58
  github.com/luxfi/threshold/internal/ot.(*CorreOTSetupSender).Round1()
      /Users/z/work/lux/threshold/internal/ot/correlated.go:71 +0x2a4
  github.com/luxfi/threshold/protocols/doerner/keygen.(*round1S).StoreMessage()
      /Users/z/work/lux/threshold/protocols/doerner/keygen/round1S.go:77 +0x9c
  github.com/luxfi/threshold/pkg/protocol.(*Handler).verifyNormalForRound()
      /Users/z/work/lux/threshold/pkg/protocol/handler.go:1337 +0x43c
  github.com/luxfi/threshold/pkg/protocol.(*Handler).retryUnprocessedMessages()
      /Users/z/work/lux/threshold/pkg/protocol/handler.go:1496 +0x3a0
  github.com/luxfi/threshold/pkg/protocol.(*Handler).tryAdvanceRound()
      /Users/z/work/lux/threshold/pkg/protocol/handler.go:587 +0x28c
  github.com/luxfi/threshold/pkg/protocol.(*Handler).roundProcessor()
      /Users/z/work/lux/threshold/pkg/protocol/handler.go:569 +0xb4
  github.com/luxfi/threshold/pkg/protocol.(*Handler).startWorkers.func1()
      /Users/z/work/lux/threshold/pkg/protocol/handler.go:374 +0x78

Goroutine 12 (running) created at:
  github.com/luxfi/threshold/pkg/pool.NewPool()
      /Users/z/work/lux/threshold/pkg/pool/pool.go:119 +0xec
  github.com/luxfi/threshold/protocols/doerner.TestDoernerKeygenWithTimeout()
      /Users/z/work/lux/threshold/protocols/doerner/doerner_fixed_test.go:24 +0x44
  testing.tRunner()
      /opt/homebrew/Cellar/go/1.24.6/libexec/src/testing/testing.go:1792 +0x180
  testing.(*T).Run.gowrap1()
      /opt/homebrew/Cellar/go/1.24.6/libexec/src/testing/testing.go:1851 +0x40

Goroutine 116 (running) created at:
  github.com/luxfi/threshold/pkg/protocol.(*Handler).startWorkers()
      /Users/z/work/lux/threshold/pkg/protocol/handler.go:372 +0x4fc
  github.com/luxfi/threshold/pkg/protocol.NewHandler()
      /Users/z/work/lux/threshold/pkg/protocol/handler.go:247 +0xf10
  github.com/luxfi/threshold/protocols/doerner.TestDoernerKeygenWithTimeout.func1()
      /Users/z/work/lux/threshold/protocols/doerner/doerner_fixed_test.go:43 +0x5d4
  github.com/luxfi/threshold/internal/test.RunProtocolWithTimeoutNew()
      /Users/z/work/lux/threshold/internal/test/timeout_handler.go:72 +0x26c
  github.com/luxfi/threshold/protocols/doerner.TestDoernerKeygenWithTimeout()
      /Users/z/work/lux/threshold/protocols/doerner/doerner_fixed_test.go:53 +0x100
  testing.tRunner()
      /opt/homebrew/Cellar/go/1.24.6/libexec/src/testing/testing.go:1792 +0x180
  testing.(*T).Run.gowrap1()
      /opt/homebrew/Cellar/go/1.24.6/libexec/src/testing/testing.go:1851 +0x40
==================
2025-08-15T22:12:51.946-0500	DEBUG	protocol/handler.go:581	tryAdvanceRound called	{"{current_round 20 2  <nil>}": {"Key":"self","Type":15,"Integer":0,"String":"a","Interface":null}}
2025-08-15T22:12:51.946-0500	DEBUG	protocol/handler.go:1635	waiting for messages	{"{round 20 2  <nil>}": {"Key":"missing","Type":15,"Integer":0,"String":"[b]","Interface":null}}
==================
WARNING: DATA RACE
Read at 0x00c0005de120 by goroutine 16:
  github.com/decred/dcrd/dcrec/secp256k1/v4.(*FieldVal).IsZero()
      /Users/z/go/pkg/mod/github.com/decred/dcrd/dcrec/secp256k1/v4@v4.4.0/field.go:548 +0x734
  github.com/decred/dcrd/dcrec/secp256k1/v4.AddNonConst()
      /Users/z/go/pkg/mod/github.com/decred/dcrd/dcrec/secp256k1/v4@v4.4.0/curve.go:480 +0x5e4
  github.com/luxfi/threshold/pkg/math/curve.(*Secp256k1Point).Add()
      /Users/z/work/lux/threshold/pkg/math/curve/secp256k1.go:229 +0x74
  github.com/luxfi/threshold/internal/ot.(*RandomOTReceiever).Round1()
      /Users/z/work/lux/threshold/internal/ot/random.go:138 +0xe0
  github.com/luxfi/threshold/internal/ot.(*CorreOTSetupSender).Round1.func1()
      /Users/z/work/lux/threshold/internal/ot/correlated.go:77 +0x5c
  github.com/luxfi/threshold/pkg/pool.worker()
      /Users/z/work/lux/threshold/pkg/pool/pool.go:76 +0xc4
  github.com/luxfi/threshold/pkg/pool.NewPool.gowrap1()
      /Users/z/work/lux/threshold/pkg/pool/pool.go:119 +0x34

Previous write at 0x00c0005de120 by goroutine 116:
  github.com/decred/dcrd/dcrec/secp256k1/v4.(*FieldVal).SetBytes()
      /Users/z/go/pkg/mod/github.com/decred/dcrd/dcrec/secp256k1/v4@v4.4.0/field.go:270 +0x528
  github.com/decred/dcrd/dcrec/secp256k1/v4.(*FieldVal).SetByteSlice()
      /Users/z/go/pkg/mod/github.com/decred/dcrd/dcrec/secp256k1/v4@v4.4.0/field.go:323 +0xc8
  github.com/luxfi/threshold/pkg/math/curve.(*Secp256k1Point).UnmarshalBinary()
      /Users/z/work/lux/threshold/pkg/math/curve/secp256k1.go:216 +0x170
  github.com/fxamacker/cbor/v2.fillByteString()
      /Users/z/go/pkg/mod/github.com/fxamacker/cbor/v2@v2.9.0/decode.go:3191 +0xa38
  github.com/fxamacker/cbor/v2.(*decoder).parseToValue()
      /Users/z/go/pkg/mod/github.com/fxamacker/cbor/v2@v2.9.0/decode.go:1573 +0x1390
  github.com/fxamacker/cbor/v2.(*decoder).parseMapToStruct()
      /Users/z/go/pkg/mod/github.com/fxamacker/cbor/v2@v2.9.0/decode.go:2904 +0xe94
  github.com/fxamacker/cbor/v2.(*decoder).parseToValue()
      /Users/z/go/pkg/mod/github.com/fxamacker/cbor/v2@v2.9.0/decode.go:1692 +0x15ac
  github.com/fxamacker/cbor/v2.(*decoder).parseMapToStruct()
      /Users/z/go/pkg/mod/github.com/fxamacker/cbor/v2@v2.9.0/decode.go:2904 +0xe94
  github.com/fxamacker/cbor/v2.(*decoder).parseToValue()
      /Users/z/go/pkg/mod/github.com/fxamacker/cbor/v2@v2.9.0/decode.go:1692 +0x15ac
  github.com/fxamacker/cbor/v2.(*decoder).parseMapToStruct()
      /Users/z/go/pkg/mod/github.com/fxamacker/cbor/v2@v2.9.0/decode.go:2904 +0xe94
  github.com/fxamacker/cbor/v2.(*decoder).parseToValue()
      /Users/z/go/pkg/mod/github.com/fxamacker/cbor/v2@v2.9.0/decode.go:1692 +0x15ac
  github.com/fxamacker/cbor/v2.(*decoder).value()
      /Users/z/go/pkg/mod/github.com/fxamacker/cbor/v2@v2.9.0/decode.go:1399 +0x2f0
  github.com/fxamacker/cbor/v2.(*decMode).Unmarshal()
      /Users/z/go/pkg/mod/github.com/fxamacker/cbor/v2@v2.9.0/decode.go:1302 +0xb0
  github.com/fxamacker/cbor/v2.Unmarshal()
      /Users/z/go/pkg/mod/github.com/fxamacker/cbor/v2@v2.9.0/decode.go:109 +0x1d0
  github.com/luxfi/threshold/pkg/protocol.(*Handler).verifyNormalForRound()
      /Users/z/work/lux/threshold/pkg/protocol/handler.go:1318 +0x160
  github.com/luxfi/threshold/pkg/protocol.(*Handler).retryUnprocessedMessages()
      /Users/z/work/lux/threshold/pkg/protocol/handler.go:1496 +0x3a0
  github.com/luxfi/threshold/pkg/protocol.(*Handler).tryAdvanceRound()
      /Users/z/work/lux/threshold/pkg/protocol/handler.go:587 +0x28c
  github.com/luxfi/threshold/pkg/protocol.(*Handler).roundProcessor()
      /Users/z/work/lux/threshold/pkg/protocol/handler.go:569 +0xb4
  github.com/luxfi/threshold/pkg/protocol.(*Handler).startWorkers.func1()
      /Users/z/work/lux/threshold/pkg/protocol/handler.go:374 +0x78

Goroutine 16 (running) created at:
  github.com/luxfi/threshold/pkg/pool.NewPool()
      /Users/z/work/lux/threshold/pkg/pool/pool.go:119 +0xec
  github.com/luxfi/threshold/protocols/doerner.TestDoernerKeygenWithTimeout()
      /Users/z/work/lux/threshold/protocols/doerner/doerner_fixed_test.go:24 +0x44
  testing.tRunner()
      /opt/homebrew/Cellar/go/1.24.6/libexec/src/testing/testing.go:1792 +0x180
  testing.(*T).Run.gowrap1()
      /opt/homebrew/Cellar/go/1.24.6/libexec/src/testing/testing.go:1851 +0x40

Goroutine 116 (running) created at:
  github.com/luxfi/threshold/pkg/protocol.(*Handler).startWorkers()
      /Users/z/work/lux/threshold/pkg/protocol/handler.go:372 +0x4fc
  github.com/luxfi/threshold/pkg/protocol.NewHandler()
      /Users/z/work/lux/threshold/pkg/protocol/handler.go:247 +0xf10
  github.com/luxfi/threshold/protocols/doerner.TestDoernerKeygenWithTimeout.func1()
      /Users/z/work/lux/threshold/protocols/doerner/doerner_fixed_test.go:43 +0x5d4
  github.com/luxfi/threshold/internal/test.RunProtocolWithTimeoutNew()
      /Users/z/work/lux/threshold/internal/test/timeout_handler.go:72 +0x26c
  github.com/luxfi/threshold/protocols/doerner.TestDoernerKeygenWithTimeout()
      /Users/z/work/lux/threshold/protocols/doerner/doerner_fixed_test.go:53 +0x100
  testing.tRunner()
      /opt/homebrew/Cellar/go/1.24.6/libexec/src/testing/testing.go:1792 +0x180
  testing.(*T).Run.gowrap1()
      /opt/homebrew/Cellar/go/1.24.6/libexec/src/testing/testing.go:1851 +0x40
==================
2025-08-15T22:12:51.946-0500	DEBUG	protocol/handler.go:581	tryAdvanceRound called	{"{current_round 20 2  <nil>}": {"Key":"self","Type":15,"Integer":0,"String":"a","Interface":null}}
2025-08-15T22:12:51.956-0500	DEBUG	protocol/handler.go:1635	waiting for messages	{"{round 20 2  <nil>}": {"Key":"missing","Type":15,"Integer":0,"String":"[b]","Interface":null}}
2025-08-15T22:12:51.957-0500	DEBUG	protocol/handler.go:581	tryAdvanceRound called	{"{current_round 20 2  <nil>}": {"Key":"self","Type":15,"Integer":0,"String":"a","Interface":null}}
2025-08-15T22:12:51.957-0500	DEBUG	protocol/handler.go:1635	waiting for messages	{"{round 20 2  <nil>}": {"Key":"missing","Type":15,"Integer":0,"String":"[b]","Interface":null}}
2025-08-15T22:12:51.974-0500	DEBUG	protocol/handler.go:581	tryAdvanceRound called	{"{current_round 20 2  <nil>}": {"Key":"self","Type":15,"Integer":0,"String":"a","Interface":null}}
2025-08-15T22:12:51.974-0500	DEBUG	protocol/handler.go:1635	waiting for messages	{"{round 20 2  <nil>}": {"Key":"missing","Type":15,"Integer":0,"String":"[b]","Interface":null}}
2025-08-15T22:12:51.984-0500	DEBUG	protocol/handler.go:581	tryAdvanceRound called	{"{current_round 20 2  <nil>}": {"Key":"self","Type":15,"Integer":0,"String":"a","Interface":null}}
2025-08-15T22:12:51.984-0500	DEBUG	protocol/handler.go:1635	waiting for messages	{"{round 20 2  <nil>}": {"Key":"missing","Type":15,"Integer":0,"String":"[b]","Interface":null}}
2025-08-15T22:12:51.995-0500	DEBUG	protocol/handler.go:581	tryAdvanceRound called	{"{current_round 20 2  <nil>}": {"Key":"self","Type":15,"Integer":0,"String":"a","Interface":null}}
2025-08-15T22:12:51.995-0500	DEBUG	protocol/handler.go:1635	waiting for messages	{"{round 20 2  <nil>}": {"Key":"missing","Type":15,"Integer":0,"String":"[b]","Interface":null}}
2025-08-15T22:12:52.011-0500	DEBUG	protocol/handler.go:581	tryAdvanceRound called	{"{current_round 20 2  <nil>}": {"Key":"self","Type":15,"Integer":0,"String":"a","Interface":null}}
2025-08-15T22:12:52.011-0500	DEBUG	protocol/handler.go:1635	waiting for messages	{"{round 20 2  <nil>}": {"Key":"missing","Type":15,"Integer":0,"String":"[b]","Interface":null}}
2025-08-15T22:12:52.029-0500	DEBUG	protocol/handler.go:581	tryAdvanceRound called	{"{current_round 20 2  <nil>}": {"Key":"self","Type":15,"Integer":0,"String":"a","Interface":null}}
2025-08-15T22:12:52.029-0500	DEBUG	protocol/handler.go:1635	waiting for messages	{"{round 20 2  <nil>}": {"Key":"missing","Type":15,"Integer":0,"String":"[b]","Interface":null}}
2025-08-15T22:12:52.040-0500	DEBUG	protocol/handler.go:581	tryAdvanceRound called	{"{current_round 20 2  <nil>}": {"Key":"self","Type":15,"Integer":0,"String":"a","Interface":null}}
2025-08-15T22:12:52.040-0500	DEBUG	protocol/handler.go:1635	waiting for messages	{"{round 20 2  <nil>}": {"Key":"missing","Type":15,"Integer":0,"String":"[b]","Interface":null}}
2025-08-15T22:12:52.045-0500	DEBUG	protocol/handler.go:581	tryAdvanceRound called	{"{current_round 20 2  <nil>}": {"Key":"self","Type":15,"Integer":0,"String":"a","Interface":null}}
2025-08-15T22:12:52.045-0500	DEBUG	protocol/handler.go:1635	waiting for messages	{"{round 20 2  <nil>}": {"Key":"missing","Type":15,"Integer":0,"String":"[b]","Interface":null}}
2025-08-15T22:12:52.056-0500	DEBUG	protocol/handler.go:581	tryAdvanceRound called	{"{current_round 20 2  <nil>}": {"Key":"self","Type":15,"Integer":0,"String":"a","Interface":null}}
2025-08-15T22:12:52.056-0500	DEBUG	protocol/handler.go:1635	waiting for messages	{"{round 20 2  <nil>}": {"Key":"missing","Type":15,"Integer":0,"String":"[b]","Interface":null}}
2025-08-15T22:12:52.074-0500	DEBUG	protocol/handler.go:581	tryAdvanceRound called	{"{current_round 20 2  <nil>}": {"Key":"self","Type":15,"Integer":0,"String":"a","Interface":null}}
2025-08-15T22:12:52.074-0500	DEBUG	protocol/handler.go:1635	waiting for messages	{"{round 20 2  <nil>}": {"Key":"missing","Type":15,"Integer":0,"String":"[b]","Interface":null}}
2025-08-15T22:12:52.085-0500	DEBUG	protocol/handler.go:581	tryAdvanceRound called	{"{current_round 20 2  <nil>}": {"Key":"self","Type":15,"Integer":0,"String":"a","Interface":null}}
2025-08-15T22:12:52.085-0500	DEBUG	protocol/handler.go:1635	waiting for messages	{"{round 20 2  <nil>}": {"Key":"missing","Type":15,"Integer":0,"String":"[b]","Interface":null}}
2025-08-15T22:12:52.111-0500	DEBUG	protocol/handler.go:581	tryAdvanceRound called	{"{current_round 20 2  <nil>}": {"Key":"self","Type":15,"Integer":0,"String":"a","Interface":null}}
2025-08-15T22:12:52.111-0500	DEBUG	protocol/handler.go:1635	waiting for messages	{"{round 20 2  <nil>}": {"Key":"missing","Type":15,"Integer":0,"String":"[b]","Interface":null}}
2025-08-15T22:12:52.130-0500	DEBUG	protocol/handler.go:581	tryAdvanceRound called	{"{current_round 20 2  <nil>}": {"Key":"self","Type":15,"Integer":0,"String":"a","Interface":null}}
2025-08-15T22:12:52.132-0500	DEBUG	protocol/handler.go:1635	waiting for messages	{"{round 20 2  <nil>}": {"Key":"missing","Type":15,"Integer":0,"String":"[b]","Interface":null}}
2025-08-15T22:12:52.142-0500	DEBUG	protocol/handler.go:581	tryAdvanceRound called	{"{current_round 20 2  <nil>}": {"Key":"self","Type":15,"Integer":0,"String":"a","Interface":null}}
2025-08-15T22:12:52.143-0500	DEBUG	protocol/handler.go:1635	waiting for messages	{"{round 20 2  <nil>}": {"Key":"missing","Type":15,"Integer":0,"String":"[b]","Interface":null}}
2025-08-15T22:12:52.146-0500	DEBUG	protocol/handler.go:581	tryAdvanceRound called	{"{current_round 20 2  <nil>}": {"Key":"self","Type":15,"Integer":0,"String":"a","Interface":null}}
2025-08-15T22:12:52.146-0500	DEBUG	protocol/handler.go:1635	waiting for messages	{"{round 20 2  <nil>}": {"Key":"missing","Type":15,"Integer":0,"String":"[b]","Interface":null}}
==================
WARNING: DATA RACE
Read at 0x00c000a7aa88 by goroutine 13:
  github.com/zeebo/blake3.(*hasher).updateString()
      /Users/z/go/pkg/mod/github.com/zeebo/blake3@v0.2.4/blake3.go:42 +0x3c
  github.com/zeebo/blake3.(*hasher).update()
      /Users/z/go/pkg/mod/github.com/zeebo/blake3@v0.2.4/blake3.go:35 +0x308
  github.com/zeebo/blake3.(*Hasher).Write()
      /Users/z/go/pkg/mod/github.com/zeebo/blake3@v0.2.4/api.go:89 +0x2b4
  github.com/luxfi/threshold/internal/ot.(*RandomOTReceiever).Round1()
      /Users/z/work/lux/threshold/internal/ot/random.go:152 +0x2a4
  github.com/luxfi/threshold/internal/ot.(*CorreOTSetupSender).Round1.func1()
      /Users/z/work/lux/threshold/internal/ot/correlated.go:77 +0x5c
  github.com/luxfi/threshold/pkg/pool.worker()
      /Users/z/work/lux/threshold/pkg/pool/pool.go:76 +0xc4
  github.com/luxfi/threshold/pkg/pool.NewPool.gowrap1()
      /Users/z/work/lux/threshold/pkg/pool/pool.go:119 +0x34

Previous write at 0x00c000a7aa88 by goroutine 20:
  github.com/zeebo/blake3.(*hasher).updateString()
      /Users/z/go/pkg/mod/github.com/zeebo/blake3@v0.2.4/blake3.go:48 +0x164
  github.com/zeebo/blake3.(*hasher).update()
      /Users/z/go/pkg/mod/github.com/zeebo/blake3@v0.2.4/blake3.go:35 +0x308
  github.com/zeebo/blake3.(*Hasher).Write()
      /Users/z/go/pkg/mod/github.com/zeebo/blake3@v0.2.4/api.go:89 +0x2b4
  github.com/luxfi/threshold/internal/ot.(*RandomOTReceiever).Round1()
      /Users/z/work/lux/threshold/internal/ot/random.go:152 +0x2a4
  github.com/luxfi/threshold/internal/ot.(*CorreOTSetupSender).Round1.func1()
      /Users/z/work/lux/threshold/internal/ot/correlated.go:77 +0x5c
  github.com/luxfi/threshold/pkg/pool.worker()
      /Users/z/work/lux/threshold/pkg/pool/pool.go:76 +0xc4
  github.com/luxfi/threshold/pkg/pool.NewPool.gowrap1()
      /Users/z/work/lux/threshold/pkg/pool/pool.go:119 +0x34

Goroutine 13 (running) created at:
  github.com/luxfi/threshold/pkg/pool.NewPool()
      /Users/z/work/lux/threshold/pkg/pool/pool.go:119 +0xec
  github.com/luxfi/threshold/protocols/doerner.TestDoernerKeygenWithTimeout()
      /Users/z/work/lux/threshold/protocols/doerner/doerner_fixed_test.go:24 +0x44
  testing.tRunner()
      /opt/homebrew/Cellar/go/1.24.6/libexec/src/testing/testing.go:1792 +0x180
  testing.(*T).Run.gowrap1()
      /opt/homebrew/Cellar/go/1.24.6/libexec/src/testing/testing.go:1851 +0x40

Goroutine 20 (running) created at:
  github.com/luxfi/threshold/pkg/pool.NewPool()
      /Users/z/work/lux/threshold/pkg/pool/pool.go:119 +0xec
  github.com/luxfi/threshold/protocols/doerner.TestDoernerKeygenWithTimeout()
      /Users/z/work/lux/threshold/protocols/doerner/doerner_fixed_test.go:24 +0x44
  testing.tRunner()
      /opt/homebrew/Cellar/go/1.24.6/libexec/src/testing/testing.go:1792 +0x180
  testing.(*T).Run.gowrap1()
      /opt/homebrew/Cellar/go/1.24.6/libexec/src/testing/testing.go:1851 +0x40
==================
==================
WARNING: DATA RACE
Read at 0x00c000a7b4d8 by goroutine 13:
  github.com/zeebo/blake3/internal/alg/compress/compress_pure.rcompress()
      /Users/z/go/pkg/mod/github.com/zeebo/blake3@v0.2.4/internal/alg/compress/compress_pure/compress.go:55 +0x1b8
  github.com/zeebo/blake3/internal/alg/compress/compress_pure.Compress()
      /Users/z/go/pkg/mod/github.com/zeebo/blake3@v0.2.4/internal/alg/compress/compress_pure/compress.go:25 +0x16c
  github.com/zeebo/blake3/internal/alg/compress.Compress()
      /Users/z/go/pkg/mod/github.com/zeebo/blake3@v0.2.4/internal/alg/compress/compress.go:13 +0x8c
  github.com/zeebo/blake3/internal/alg.Compress()
      /Users/z/go/pkg/mod/github.com/zeebo/blake3@v0.2.4/internal/alg/alg.go:17 +0xe4
  github.com/zeebo/blake3.compressAll()
      /Users/z/go/pkg/mod/github.com/zeebo/blake3@v0.2.4/blake3.go:267 +0xc0
  github.com/zeebo/blake3.(*hasher).finalizeDigest()
      /Users/z/go/pkg/mod/github.com/zeebo/blake3@v0.2.4/blake3.go:76 +0x464
  github.com/zeebo/blake3.(*Hasher).Digest()
      /Users/z/go/pkg/mod/github.com/zeebo/blake3@v0.2.4/api.go:141 +0x344
  github.com/luxfi/threshold/internal/ot.(*RandomOTReceiever).Round1()
      /Users/z/work/lux/threshold/internal/ot/random.go:153 +0x2b8
  github.com/luxfi/threshold/internal/ot.(*CorreOTSetupSender).Round1.func1()
      /Users/z/work/lux/threshold/internal/ot/correlated.go:77 +0x5c
  github.com/luxfi/threshold/pkg/pool.worker()
      /Users/z/work/lux/threshold/pkg/pool/pool.go:76 +0xc4
  github.com/luxfi/threshold/pkg/pool.NewPool.gowrap1()
      /Users/z/work/lux/threshold/pkg/pool/pool.go:119 +0x34

Previous write at 0x00c000a7b4d8 by goroutine 20:
  runtime.slicecopy()
      /opt/homebrew/Cellar/go/1.24.6/libexec/src/runtime/slice.go:355 +0x0
  github.com/zeebo/blake3.(*hasher).updateString()
      /Users/z/go/pkg/mod/github.com/zeebo/blake3@v0.2.4/blake3.go:47 +0x148
  github.com/zeebo/blake3.(*hasher).update()
      /Users/z/go/pkg/mod/github.com/zeebo/blake3@v0.2.4/blake3.go:35 +0x308
  github.com/zeebo/blake3.(*Hasher).Write()
      /Users/z/go/pkg/mod/github.com/zeebo/blake3@v0.2.4/api.go:89 +0x2b4
  github.com/luxfi/threshold/internal/ot.(*RandomOTReceiever).Round1()
      /Users/z/work/lux/threshold/internal/ot/random.go:152 +0x2a4
  github.com/luxfi/threshold/internal/ot.(*CorreOTSetupSender).Round1.func1()
      /Users/z/work/lux/threshold/internal/ot/correlated.go:77 +0x5c
  github.com/luxfi/threshold/pkg/pool.worker()
      /Users/z/work/lux/threshold/pkg/pool/pool.go:76 +0xc4
  github.com/luxfi/threshold/pkg/pool.NewPool.gowrap1()
      /Users/z/work/lux/threshold/pkg/pool/pool.go:119 +0x34

Goroutine 13 (running) created at:
  github.com/luxfi/threshold/pkg/pool.NewPool()
      /Users/z/work/lux/threshold/pkg/pool/pool.go:119 +0xec
  github.com/luxfi/threshold/protocols/doerner.TestDoernerKeygenWithTimeout()
      /Users/z/work/lux/threshold/protocols/doerner/doerner_fixed_test.go:24 +0x44
  testing.tRunner()
      /opt/homebrew/Cellar/go/1.24.6/libexec/src/testing/testing.go:1792 +0x180
  testing.(*T).Run.gowrap1()
      /opt/homebrew/Cellar/go/1.24.6/libexec/src/testing/testing.go:1851 +0x40

Goroutine 20 (running) created at:
  github.com/luxfi/threshold/pkg/pool.NewPool()
      /Users/z/work/lux/threshold/pkg/pool/pool.go:119 +0xec
  github.com/luxfi/threshold/protocols/doerner.TestDoernerKeygenWithTimeout()
      /Users/z/work/lux/threshold/protocols/doerner/doerner_fixed_test.go:24 +0x44
  testing.tRunner()
      /opt/homebrew/Cellar/go/1.24.6/libexec/src/testing/testing.go:1792 +0x180
  testing.(*T).Run.gowrap1()
      /opt/homebrew/Cellar/go/1.24.6/libexec/src/testing/testing.go:1851 +0x40
==================
==================
WARNING: DATA RACE
Read at 0x00c000a7b4e0 by goroutine 13:
  github.com/zeebo/blake3/internal/alg/compress/compress_pure.rcompress()
      /Users/z/go/pkg/mod/github.com/zeebo/blake3@v0.2.4/internal/alg/compress/compress_pure/compress.go:56 +0x2a8
  github.com/zeebo/blake3/internal/alg/compress/compress_pure.Compress()
      /Users/z/go/pkg/mod/github.com/zeebo/blake3@v0.2.4/internal/alg/compress/compress_pure/compress.go:25 +0x16c
  github.com/zeebo/blake3/internal/alg/compress.Compress()
      /Users/z/go/pkg/mod/github.com/zeebo/blake3@v0.2.4/internal/alg/compress/compress.go:13 +0x8c
  github.com/zeebo/blake3/internal/alg.Compress()
      /Users/z/go/pkg/mod/github.com/zeebo/blake3@v0.2.4/internal/alg/alg.go:17 +0xe4
  github.com/zeebo/blake3.compressAll()
      /Users/z/go/pkg/mod/github.com/zeebo/blake3@v0.2.4/blake3.go:267 +0xc0
  github.com/zeebo/blake3.(*hasher).finalizeDigest()
      /Users/z/go/pkg/mod/github.com/zeebo/blake3@v0.2.4/blake3.go:76 +0x464
  github.com/zeebo/blake3.(*Hasher).Digest()
      /Users/z/go/pkg/mod/github.com/zeebo/blake3@v0.2.4/api.go:141 +0x344
  github.com/luxfi/threshold/internal/ot.(*RandomOTReceiever).Round1()
      /Users/z/work/lux/threshold/internal/ot/random.go:153 +0x2b8
  github.com/luxfi/threshold/internal/ot.(*CorreOTSetupSender).Round1.func1()
      /Users/z/work/lux/threshold/internal/ot/correlated.go:77 +0x5c
  github.com/luxfi/threshold/pkg/pool.worker()
      /Users/z/work/lux/threshold/pkg/pool/pool.go:76 +0xc4
  github.com/luxfi/threshold/pkg/pool.NewPool.gowrap1()
      /Users/z/work/lux/threshold/pkg/pool/pool.go:119 +0x34

Previous write at 0x00c000a7b4e0 by goroutine 20:
  runtime.slicecopy()
      /opt/homebrew/Cellar/go/1.24.6/libexec/src/runtime/slice.go:355 +0x0
  github.com/zeebo/blake3.(*hasher).updateString()
      /Users/z/go/pkg/mod/github.com/zeebo/blake3@v0.2.4/blake3.go:47 +0x148
  github.com/zeebo/blake3.(*hasher).update()
      /Users/z/go/pkg/mod/github.com/zeebo/blake3@v0.2.4/blake3.go:35 +0x308
  github.com/zeebo/blake3.(*Hasher).Write()
      /Users/z/go/pkg/mod/github.com/zeebo/blake3@v0.2.4/api.go:89 +0x2b4
  github.com/luxfi/threshold/internal/ot.(*RandomOTReceiever).Round1()
      /Users/z/work/lux/threshold/internal/ot/random.go:152 +0x2a4
  github.com/luxfi/threshold/internal/ot.(*CorreOTSetupSender).Round1.func1()
      /Users/z/work/lux/threshold/internal/ot/correlated.go:77 +0x5c
  github.com/luxfi/threshold/pkg/pool.worker()
      /Users/z/work/lux/threshold/pkg/pool/pool.go:76 +0xc4
  github.com/luxfi/threshold/pkg/pool.NewPool.gowrap1()
      /Users/z/work/lux/threshold/pkg/pool/pool.go:119 +0x34

Goroutine 13 (running) created at:
  github.com/luxfi/threshold/pkg/pool.NewPool()
      /Users/z/work/lux/threshold/pkg/pool/pool.go:119 +0xec
  github.com/luxfi/threshold/protocols/doerner.TestDoernerKeygenWithTimeout()
      /Users/z/work/lux/threshold/protocols/doerner/doerner_fixed_test.go:24 +0x44
  testing.tRunner()
      /opt/homebrew/Cellar/go/1.24.6/libexec/src/testing/testing.go:1792 +0x180
  testing.(*T).Run.gowrap1()
      /opt/homebrew/Cellar/go/1.24.6/libexec/src/testing/testing.go:1851 +0x40

Goroutine 20 (running) created at:
  github.com/luxfi/threshold/pkg/pool.NewPool()
      /Users/z/work/lux/threshold/pkg/pool/pool.go:119 +0xec
  github.com/luxfi/threshold/protocols/doerner.TestDoernerKeygenWithTimeout()
      /Users/z/work/lux/threshold/protocols/doerner/doerner_fixed_test.go:24 +0x44
  testing.tRunner()
      /opt/homebrew/Cellar/go/1.24.6/libexec/src/testing/testing.go:1792 +0x180
  testing.(*T).Run.gowrap1()
      /opt/homebrew/Cellar/go/1.24.6/libexec/src/testing/testing.go:1851 +0x40
==================
==================
WARNING: DATA RACE
Read at 0x00c000a7b4e8 by goroutine 13:
  github.com/zeebo/blake3/internal/alg/compress/compress_pure.rcompress()
      /Users/z/go/pkg/mod/github.com/zeebo/blake3@v0.2.4/internal/alg/compress/compress_pure/compress.go:57 +0x328
  github.com/zeebo/blake3/internal/alg/compress/compress_pure.Compress()
      /Users/z/go/pkg/mod/github.com/zeebo/blake3@v0.2.4/internal/alg/compress/compress_pure/compress.go:25 +0x16c
  github.com/zeebo/blake3/internal/alg/compress.Compress()
      /Users/z/go/pkg/mod/github.com/zeebo/blake3@v0.2.4/internal/alg/compress/compress.go:13 +0x8c
  github.com/zeebo/blake3/internal/alg.Compress()
      /Users/z/go/pkg/mod/github.com/zeebo/blake3@v0.2.4/internal/alg/alg.go:17 +0xe4
  github.com/zeebo/blake3.compressAll()
      /Users/z/go/pkg/mod/github.com/zeebo/blake3@v0.2.4/blake3.go:267 +0xc0
  github.com/zeebo/blake3.(*hasher).finalizeDigest()
      /Users/z/go/pkg/mod/github.com/zeebo/blake3@v0.2.4/blake3.go:76 +0x464
  github.com/zeebo/blake3.(*Hasher).Digest()
      /Users/z/go/pkg/mod/github.com/zeebo/blake3@v0.2.4/api.go:141 +0x344
  github.com/luxfi/threshold/internal/ot.(*RandomOTReceiever).Round1()
      /Users/z/work/lux/threshold/internal/ot/random.go:153 +0x2b8
  github.com/luxfi/threshold/internal/ot.(*CorreOTSetupSender).Round1.func1()
      /Users/z/work/lux/threshold/internal/ot/correlated.go:77 +0x5c
  github.com/luxfi/threshold/pkg/pool.worker()
      /Users/z/work/lux/threshold/pkg/pool/pool.go:76 +0xc4
  github.com/luxfi/threshold/pkg/pool.NewPool.gowrap1()
      /Users/z/work/lux/threshold/pkg/pool/pool.go:119 +0x34

Previous write at 0x00c000a7b4e8 by goroutine 20:
  runtime.slicecopy()
      /opt/homebrew/Cellar/go/1.24.6/libexec/src/runtime/slice.go:355 +0x0
  github.com/zeebo/blake3.(*hasher).updateString()
      /Users/z/go/pkg/mod/github.com/zeebo/blake3@v0.2.4/blake3.go:47 +0x148
  github.com/zeebo/blake3.(*hasher).update()
      /Users/z/go/pkg/mod/github.com/zeebo/blake3@v0.2.4/blake3.go:35 +0x308
  github.com/zeebo/blake3.(*Hasher).Write()
      /Users/z/go/pkg/mod/github.com/zeebo/blake3@v0.2.4/api.go:89 +0x2b4
  github.com/luxfi/threshold/internal/ot.(*RandomOTReceiever).Round1()
      /Users/z/work/lux/threshold/internal/ot/random.go:152 +0x2a4
  github.com/luxfi/threshold/internal/ot.(*CorreOTSetupSender).Round1.func1()
      /Users/z/work/lux/threshold/internal/ot/correlated.go:77 +0x5c
  github.com/luxfi/threshold/pkg/pool.worker()
      /Users/z/work/lux/threshold/pkg/pool/pool.go:76 +0xc4
  github.com/luxfi/threshold/pkg/pool.NewPool.gowrap1()
      /Users/z/work/lux/threshold/pkg/pool/pool.go:119 +0x34

Goroutine 13 (running) created at:
  github.com/luxfi/threshold/pkg/pool.NewPool()
      /Users/z/work/lux/threshold/pkg/pool/pool.go:119 +0xec
  github.com/luxfi/threshold/protocols/doerner.TestDoernerKeygenWithTimeout()
      /Users/z/work/lux/threshold/protocols/doerner/doerner_fixed_test.go:24 +0x44
  testing.tRunner()
      /opt/homebrew/Cellar/go/1.24.6/libexec/src/testing/testing.go:1792 +0x180
  testing.(*T).Run.gowrap1()
      /opt/homebrew/Cellar/go/1.24.6/libexec/src/testing/testing.go:1851 +0x40

Goroutine 20 (running) created at:
  github.com/luxfi/threshold/pkg/pool.NewPool()
      /Users/z/work/lux/threshold/pkg/pool/pool.go:119 +0xec
  github.com/luxfi/threshold/protocols/doerner.TestDoernerKeygenWithTimeout()
      /Users/z/work/lux/threshold/protocols/doerner/doerner_fixed_test.go:24 +0x44
  testing.tRunner()
      /opt/homebrew/Cellar/go/1.24.6/libexec/src/testing/testing.go:1792 +0x180
  testing.(*T).Run.gowrap1()
      /opt/homebrew/Cellar/go/1.24.6/libexec/src/testing/testing.go:1851 +0x40
==================
==================
WARNING: DATA RACE
Read at 0x00c000a7b4f0 by goroutine 13:
  github.com/zeebo/blake3/internal/alg/compress/compress_pure.rcompress()
      /Users/z/go/pkg/mod/github.com/zeebo/blake3@v0.2.4/internal/alg/compress/compress_pure/compress.go:58 +0x3a8
  github.com/zeebo/blake3/internal/alg/compress/compress_pure.Compress()
      /Users/z/go/pkg/mod/github.com/zeebo/blake3@v0.2.4/internal/alg/compress/compress_pure/compress.go:25 +0x16c
  github.com/zeebo/blake3/internal/alg/compress.Compress()
      /Users/z/go/pkg/mod/github.com/zeebo/blake3@v0.2.4/internal/alg/compress/compress.go:13 +0x8c
  github.com/zeebo/blake3/internal/alg.Compress()
      /Users/z/go/pkg/mod/github.com/zeebo/blake3@v0.2.4/internal/alg/alg.go:17 +0xe4
  github.com/zeebo/blake3.compressAll()
      /Users/z/go/pkg/mod/github.com/zeebo/blake3@v0.2.4/blake3.go:267 +0xc0
  github.com/zeebo/blake3.(*hasher).finalizeDigest()
      /Users/z/go/pkg/mod/github.com/zeebo/blake3@v0.2.4/blake3.go:76 +0x464
  github.com/zeebo/blake3.(*Hasher).Digest()
      /Users/z/go/pkg/mod/github.com/zeebo/blake3@v0.2.4/api.go:141 +0x344
  github.com/luxfi/threshold/internal/ot.(*RandomOTReceiever).Round1()
      /Users/z/work/lux/threshold/internal/ot/random.go:153 +0x2b8
  github.com/luxfi/threshold/internal/ot.(*CorreOTSetupSender).Round1.func1()
      /Users/z/work/lux/threshold/internal/ot/correlated.go:77 +0x5c
  github.com/luxfi/threshold/pkg/pool.worker()
      /Users/z/work/lux/threshold/pkg/pool/pool.go:76 +0xc4
  github.com/luxfi/threshold/pkg/pool.NewPool.gowrap1()
      /Users/z/work/lux/threshold/pkg/pool/pool.go:119 +0x34

Previous write at 0x00c000a7b4f0 by goroutine 20:
  runtime.slicecopy()
      /opt/homebrew/Cellar/go/1.24.6/libexec/src/runtime/slice.go:355 +0x0
  github.com/zeebo/blake3.(*hasher).updateString()
      /Users/z/go/pkg/mod/github.com/zeebo/blake3@v0.2.4/blake3.go:47 +0x148
  github.com/zeebo/blake3.(*hasher).update()
      /Users/z/go/pkg/mod/github.com/zeebo/blake3@v0.2.4/blake3.go:35 +0x308
  github.com/zeebo/blake3.(*Hasher).Write()
      /Users/z/go/pkg/mod/github.com/zeebo/blake3@v0.2.4/api.go:89 +0x2b4
  github.com/luxfi/threshold/internal/ot.(*RandomOTReceiever).Round1()
      /Users/z/work/lux/threshold/internal/ot/random.go:152 +0x2a4
  github.com/luxfi/threshold/internal/ot.(*CorreOTSetupSender).Round1.func1()
      /Users/z/work/lux/threshold/internal/ot/correlated.go:77 +0x5c
  github.com/luxfi/threshold/pkg/pool.worker()
      /Users/z/work/lux/threshold/pkg/pool/pool.go:76 +0xc4
  github.com/luxfi/threshold/pkg/pool.NewPool.gowrap1()
      /Users/z/work/lux/threshold/pkg/pool/pool.go:119 +0x34

Goroutine 13 (running) created at:
  github.com/luxfi/threshold/pkg/pool.NewPool()
      /Users/z/work/lux/threshold/pkg/pool/pool.go:119 +0xec
  github.com/luxfi/threshold/protocols/doerner.TestDoernerKeygenWithTimeout()
      /Users/z/work/lux/threshold/protocols/doerner/doerner_fixed_test.go:24 +0x44
  testing.tRunner()
      /opt/homebrew/Cellar/go/1.24.6/libexec/src/testing/testing.go:1792 +0x180
  testing.(*T).Run.gowrap1()
      /opt/homebrew/Cellar/go/1.24.6/libexec/src/testing/testing.go:1851 +0x40

Goroutine 20 (running) created at:
  github.com/luxfi/threshold/pkg/pool.NewPool()
      /Users/z/work/lux/threshold/pkg/pool/pool.go:119 +0xec
  github.com/luxfi/threshold/protocols/doerner.TestDoernerKeygenWithTimeout()
      /Users/z/work/lux/threshold/protocols/doerner/doerner_fixed_test.go:24 +0x44
  testing.tRunner()
      /opt/homebrew/Cellar/go/1.24.6/libexec/src/testing/testing.go:1792 +0x180
  testing.(*T).Run.gowrap1()
      /opt/homebrew/Cellar/go/1.24.6/libexec/src/testing/testing.go:1851 +0x40
==================
==================
WARNING: DATA RACE
Read at 0x00c000a7b4f8 by goroutine 13:
  github.com/zeebo/blake3/internal/alg/compress/compress_pure.rcompress()
      /Users/z/go/pkg/mod/github.com/zeebo/blake3@v0.2.4/internal/alg/compress/compress_pure/compress.go:59 +0x428
  github.com/zeebo/blake3/internal/alg/compress/compress_pure.Compress()
      /Users/z/go/pkg/mod/github.com/zeebo/blake3@v0.2.4/internal/alg/compress/compress_pure/compress.go:25 +0x16c
  github.com/zeebo/blake3/internal/alg/compress.Compress()
      /Users/z/go/pkg/mod/github.com/zeebo/blake3@v0.2.4/internal/alg/compress/compress.go:13 +0x8c
  github.com/zeebo/blake3/internal/alg.Compress()
      /Users/z/go/pkg/mod/github.com/zeebo/blake3@v0.2.4/internal/alg/alg.go:17 +0xe4
  github.com/zeebo/blake3.compressAll()
      /Users/z/go/pkg/mod/github.com/zeebo/blake3@v0.2.4/blake3.go:267 +0xc0
  github.com/zeebo/blake3.(*hasher).finalizeDigest()
      /Users/z/go/pkg/mod/github.com/zeebo/blake3@v0.2.4/blake3.go:76 +0x464
  github.com/zeebo/blake3.(*Hasher).Digest()
      /Users/z/go/pkg/mod/github.com/zeebo/blake3@v0.2.4/api.go:141 +0x344
  github.com/luxfi/threshold/internal/ot.(*RandomOTReceiever).Round1()
      /Users/z/work/lux/threshold/internal/ot/random.go:153 +0x2b8
  github.com/luxfi/threshold/internal/ot.(*CorreOTSetupSender).Round1.func1()
      /Users/z/work/lux/threshold/internal/ot/correlated.go:77 +0x5c
  github.com/luxfi/threshold/pkg/pool.worker()
      /Users/z/work/lux/threshold/pkg/pool/pool.go:76 +0xc4
  github.com/luxfi/threshold/pkg/pool.NewPool.gowrap1()
      /Users/z/work/lux/threshold/pkg/pool/pool.go:119 +0x34

Previous write at 0x00c000a7b4f8 by goroutine 20:
  runtime.slicecopy()
      /opt/homebrew/Cellar/go/1.24.6/libexec/src/runtime/slice.go:355 +0x0
  github.com/zeebo/blake3.(*hasher).updateString()
      /Users/z/go/pkg/mod/github.com/zeebo/blake3@v0.2.4/blake3.go:47 +0x148
  github.com/zeebo/blake3.(*hasher).update()
      /Users/z/go/pkg/mod/github.com/zeebo/blake3@v0.2.4/blake3.go:35 +0x308
  github.com/zeebo/blake3.(*Hasher).Write()
      /Users/z/go/pkg/mod/github.com/zeebo/blake3@v0.2.4/api.go:89 +0x2b4
  github.com/luxfi/threshold/internal/ot.(*RandomOTReceiever).Round1()
      /Users/z/work/lux/threshold/internal/ot/random.go:152 +0x2a4
  github.com/luxfi/threshold/internal/ot.(*CorreOTSetupSender).Round1.func1()
      /Users/z/work/lux/threshold/internal/ot/correlated.go:77 +0x5c
  github.com/luxfi/threshold/pkg/pool.worker()
      /Users/z/work/lux/threshold/pkg/pool/pool.go:76 +0xc4
  github.com/luxfi/threshold/pkg/pool.NewPool.gowrap1()
      /Users/z/work/lux/threshold/pkg/pool/pool.go:119 +0x34

Goroutine 13 (running) created at:
  github.com/luxfi/threshold/pkg/pool.NewPool()
      /Users/z/work/lux/threshold/pkg/pool/pool.go:119 +0xec
  github.com/luxfi/threshold/protocols/doerner.TestDoernerKeygenWithTimeout()
      /Users/z/work/lux/threshold/protocols/doerner/doerner_fixed_test.go:24 +0x44
  testing.tRunner()
      /opt/homebrew/Cellar/go/1.24.6/libexec/src/testing/testing.go:1792 +0x180
  testing.(*T).Run.gowrap1()
      /opt/homebrew/Cellar/go/1.24.6/libexec/src/testing/testing.go:1851 +0x40

Goroutine 20 (running) created at:
  github.com/luxfi/threshold/pkg/pool.NewPool()
      /Users/z/work/lux/threshold/pkg/pool/pool.go:119 +0xec
  github.com/luxfi/threshold/protocols/doerner.TestDoernerKeygenWithTimeout()
      /Users/z/work/lux/threshold/protocols/doerner/doerner_fixed_test.go:24 +0x44
  testing.tRunner()
      /opt/homebrew/Cellar/go/1.24.6/libexec/src/testing/testing.go:1792 +0x180
  testing.(*T).Run.gowrap1()
      /opt/homebrew/Cellar/go/1.24.6/libexec/src/testing/testing.go:1851 +0x40
==================
==================
WARNING: DATA RACE
Write at 0x00c00048a8e0 by goroutine 13:
  runtime.slicecopy()
      /opt/homebrew/Cellar/go/1.24.6/libexec/src/runtime/slice.go:355 +0x0
  github.com/zeebo/blake3.(*Digest).slowCopy()
      /Users/z/go/pkg/mod/github.com/zeebo/blake3@v0.2.4/digest.go:87 +0x224
  github.com/zeebo/blake3.(*Digest).Read()
      /Users/z/go/pkg/mod/github.com/zeebo/blake3@v0.2.4/digest.go:54 +0x22c
  github.com/luxfi/threshold/internal/ot.(*RandomOTReceiever).Round1()
      /Users/z/work/lux/threshold/internal/ot/random.go:153 +0x358
  github.com/luxfi/threshold/internal/ot.(*CorreOTSetupSender).Round1.func1()
      /Users/z/work/lux/threshold/internal/ot/correlated.go:77 +0x5c
  github.com/luxfi/threshold/pkg/pool.worker()
      /Users/z/work/lux/threshold/pkg/pool/pool.go:76 +0xc4
  github.com/luxfi/threshold/pkg/pool.NewPool.gowrap1()
      /Users/z/work/lux/threshold/pkg/pool/pool.go:119 +0x34

Previous write at 0x00c00048a8e0 by goroutine 20:
  runtime.slicecopy()
      /opt/homebrew/Cellar/go/1.24.6/libexec/src/runtime/slice.go:355 +0x0
  github.com/zeebo/blake3.(*Digest).slowCopy()
      /Users/z/go/pkg/mod/github.com/zeebo/blake3@v0.2.4/digest.go:87 +0x224
  github.com/zeebo/blake3.(*Digest).Read()
      /Users/z/go/pkg/mod/github.com/zeebo/blake3@v0.2.4/digest.go:54 +0x22c
  github.com/luxfi/threshold/internal/ot.(*RandomOTReceiever).Round1()
      /Users/z/work/lux/threshold/internal/ot/random.go:153 +0x358
  github.com/luxfi/threshold/internal/ot.(*CorreOTSetupSender).Round1.func1()
      /Users/z/work/lux/threshold/internal/ot/correlated.go:77 +0x5c
  github.com/luxfi/threshold/pkg/pool.worker()
      /Users/z/work/lux/threshold/pkg/pool/pool.go:76 +0xc4
  github.com/luxfi/threshold/pkg/pool.NewPool.gowrap1()
      /Users/z/work/lux/threshold/pkg/pool/pool.go:119 +0x34

Goroutine 13 (running) created at:
  github.com/luxfi/threshold/pkg/pool.NewPool()
      /Users/z/work/lux/threshold/pkg/pool/pool.go:119 +0xec
  github.com/luxfi/threshold/protocols/doerner.TestDoernerKeygenWithTimeout()
      /Users/z/work/lux/threshold/protocols/doerner/doerner_fixed_test.go:24 +0x44
  testing.tRunner()
      /opt/homebrew/Cellar/go/1.24.6/libexec/src/testing/testing.go:1792 +0x180
  testing.(*T).Run.gowrap1()
      /opt/homebrew/Cellar/go/1.24.6/libexec/src/testing/testing.go:1851 +0x40

Goroutine 20 (running) created at:
  github.com/luxfi/threshold/pkg/pool.NewPool()
      /Users/z/work/lux/threshold/pkg/pool/pool.go:119 +0xec
  github.com/luxfi/threshold/protocols/doerner.TestDoernerKeygenWithTimeout()
      /Users/z/work/lux/threshold/protocols/doerner/doerner_fixed_test.go:24 +0x44
  testing.tRunner()
      /opt/homebrew/Cellar/go/1.24.6/libexec/src/testing/testing.go:1792 +0x180
  testing.(*T).Run.gowrap1()
      /opt/homebrew/Cellar/go/1.24.6/libexec/src/testing/testing.go:1851 +0x40
==================
2025-08-15T22:12:52.177-0500	DEBUG	protocol/handler.go:581	tryAdvanceRound called	{"{current_round 20 2  <nil>}": {"Key":"self","Type":15,"Integer":0,"String":"a","Interface":null}}
2025-08-15T22:12:52.177-0500	DEBUG	protocol/handler.go:1635	waiting for messages	{"{round 20 2  <nil>}": {"Key":"missing","Type":15,"Integer":0,"String":"[b]","Interface":null}}
2025-08-15T22:12:52.181-0500	DEBUG	protocol/handler.go:581	tryAdvanceRound called	{"{current_round 20 1  <nil>}": {"Key":"self","Type":15,"Integer":0,"String":"b","Interface":null}}
2025-08-15T22:12:52.181-0500	DEBUG	protocol/handler.go:1649	have all messages and processed	{"{round 20 1  <nil>}": {"Key":"self","Type":15,"Integer":0,"String":"b","Interface":null}}
2025-08-15T22:12:52.181-0500	DEBUG	protocol/handler.go:619	finalizing round
2025-08-15T22:12:52.209-0500	DEBUG	protocol/handler.go:581	tryAdvanceRound called	{"{current_round 20 2  <nil>}": {"Key":"self","Type":15,"Integer":0,"String":"a","Interface":null}}
2025-08-15T22:12:52.209-0500	DEBUG	protocol/handler.go:1635	waiting for messages	{"{round 20 2  <nil>}": {"Key":"missing","Type":15,"Integer":0,"String":"[b]","Interface":null}}
2025-08-15T22:12:52.209-0500	DEBUG	protocol/handler.go:581	tryAdvanceRound called	{"{current_round 20 2  <nil>}": {"Key":"self","Type":15,"Integer":0,"String":"a","Interface":null}}
2025-08-15T22:12:52.210-0500	DEBUG	protocol/handler.go:1635	waiting for messages	{"{round 20 2  <nil>}": {"Key":"missing","Type":15,"Integer":0,"String":"[b]","Interface":null}}
2025-08-15T22:12:52.214-0500	DEBUG	protocol/handler.go:581	tryAdvanceRound called	{"{current_round 20 2  <nil>}": {"Key":"self","Type":15,"Integer":0,"String":"a","Interface":null}}
2025-08-15T22:12:52.214-0500	DEBUG	protocol/handler.go:1635	waiting for messages	{"{round 20 2  <nil>}": {"Key":"missing","Type":15,"Integer":0,"String":"[b]","Interface":null}}
2025-08-15T22:12:52.215-0500	DEBUG	protocol/handler.go:1039	sendRoundMessage	{"{from 15 0 b <nil>}": {"Key":"to","Type":15,"Integer":0,"String":"","Interface":null}, "{round 20 2  <nil>}": {"Key":"broadcast","Type":4,"Integer":0,"String":"","Interface":null}}
2025-08-15T22:12:52.215-0500	DEBUG	protocol/handler.go:1081	sent message to output channel	{"{from 15 0 b <nil>}": {"Key":"to","Type":15,"Integer":0,"String":"","Interface":null}, "{round 20 2  <nil>}": {"Key":"broadcast","Type":4,"Integer":0,"String":"","Interface":null}}
2025-08-15T22:12:52.216-0500	DEBUG	protocol/handler.go:1182	finalized round messages	{"{round 20 1  <nil>}": {"Key":"messages","Type":11,"Integer":1,"String":"","Interface":null}}
2025-08-15T22:12:52.216-0500	DEBUG	protocol/handler.go:1239	finalize returned next round	{"{current 20 1  <nil>}": {"Key":"next","Type":20,"Integer":2,"String":"","Interface":null}}
2025-08-15T22:12:52.216-0500	INFO	protocol/handler.go:642	storing new currentRound	{"{from 20 1  <nil>}": {"Key":"to","Type":20,"Integer":2,"String":"","Interface":null}}
2025-08-15T22:12:52.216-0500	DEBUG	protocol/handler.go:1503	processing queued messages
2025-08-15T22:12:52.216-0500	DEBUG	protocol/handler.go:664	round needs immediate initialization (P2P-only round)
2025-08-15T22:12:52.216-0500	DEBUG	protocol/handler.go:930	initializing round
2025-08-15T22:12:52.216-0500	DEBUG	protocol/handler.go:1503	processing queued messages
2025-08-15T22:12:52.263-0500	DEBUG	protocol/handler.go:581	tryAdvanceRound called	{"{current_round 20 2  <nil>}": {"Key":"self","Type":15,"Integer":0,"String":"a","Interface":null}}
2025-08-15T22:12:52.263-0500	DEBUG	protocol/handler.go:1635	waiting for messages	{"{round 20 2  <nil>}": {"Key":"missing","Type":15,"Integer":0,"String":"[b]","Interface":null}}
==================
WARNING: DATA RACE
Read at 0x00c000d00018 by goroutine 19:
  github.com/zeebo/blake3.(*hasher).finalizeDigest()
      /Users/z/go/pkg/mod/github.com/zeebo/blake3@v0.2.4/blake3.go:76 +0x408
  github.com/zeebo/blake3.(*Hasher).Digest()
      /Users/z/go/pkg/mod/github.com/zeebo/blake3@v0.2.4/api.go:141 +0x344
  github.com/luxfi/threshold/internal/ot.(*RandomOTReceiever).Round1()
      /Users/z/work/lux/threshold/internal/ot/random.go:153 +0x2b8
  github.com/luxfi/threshold/internal/ot.(*CorreOTSetupSender).Round1.func1()
      /Users/z/work/lux/threshold/internal/ot/correlated.go:77 +0x5c
  github.com/luxfi/threshold/pkg/pool.worker()
      /Users/z/work/lux/threshold/pkg/pool/pool.go:76 +0xc4
  github.com/luxfi/threshold/pkg/pool.NewPool.gowrap1()
      /Users/z/work/lux/threshold/pkg/pool/pool.go:119 +0x34

Previous write at 0x00c000d00018 by goroutine 134:
  github.com/zeebo/blake3.NewKeyed()
      /Users/z/go/pkg/mod/github.com/zeebo/blake3@v0.2.4/api.go:41 +0xc0
  github.com/luxfi/threshold/internal/ot.NewRandomOTReceiver()
      /Users/z/work/lux/threshold/internal/ot/random.go:109 +0x58
  github.com/luxfi/threshold/internal/ot.(*CorreOTSetupSender).Round1()
      /Users/z/work/lux/threshold/internal/ot/correlated.go:71 +0x2a4
  github.com/luxfi/threshold/protocols/doerner/keygen.(*round1S).StoreMessage()
      /Users/z/work/lux/threshold/protocols/doerner/keygen/round1S.go:77 +0x9c
  github.com/luxfi/threshold/pkg/protocol.(*Handler).verifyNormalForRound()
      /Users/z/work/lux/threshold/pkg/protocol/handler.go:1337 +0x43c
  github.com/luxfi/threshold/pkg/protocol.(*Handler).processQueuedMessages()
      /Users/z/work/lux/threshold/pkg/protocol/handler.go:1521 +0x784
  github.com/luxfi/threshold/pkg/protocol.(*Handler).initializeRound()
      /Users/z/work/lux/threshold/pkg/protocol/handler.go:935 +0x17c
  github.com/luxfi/threshold/pkg/protocol.(*Handler).tryAdvanceRound.gowrap1()
      /Users/z/work/lux/threshold/pkg/protocol/handler.go:670 +0x4c

Goroutine 19 (running) created at:
  github.com/luxfi/threshold/pkg/pool.NewPool()
      /Users/z/work/lux/threshold/pkg/pool/pool.go:119 +0xec
  github.com/luxfi/threshold/protocols/doerner.TestDoernerKeygenWithTimeout()
      /Users/z/work/lux/threshold/protocols/doerner/doerner_fixed_test.go:24 +0x44
  testing.tRunner()
      /opt/homebrew/Cellar/go/1.24.6/libexec/src/testing/testing.go:1792 +0x180
  testing.(*T).Run.gowrap1()
      /opt/homebrew/Cellar/go/1.24.6/libexec/src/testing/testing.go:1851 +0x40

Goroutine 134 (running) created at:
  github.com/luxfi/threshold/pkg/protocol.(*Handler).tryAdvanceRound()
      /Users/z/work/lux/threshold/pkg/protocol/handler.go:670 +0x1258
  github.com/luxfi/threshold/pkg/protocol.(*Handler).processMessage()
      /Users/z/work/lux/threshold/pkg/protocol/handler.go:486 +0xbb0
  github.com/luxfi/threshold/pkg/protocol.(*Handler).messageWorker()
      /Users/z/work/lux/threshold/pkg/protocol/handler.go:408 +0x338
  github.com/luxfi/threshold/pkg/protocol.(*Handler).startWorkers.gowrap1()
      /Users/z/work/lux/threshold/pkg/protocol/handler.go:355 +0x44
==================
2025-08-15T22:12:52.263-0500	DEBUG	protocol/handler.go:437	processing message	{"{from 15 0 b <nil>}": {"Key":"to","Type":15,"Integer":0,"String":"","Interface":null}, "{round 20 2  <nil>}": {"Key":"broadcast","Type":4,"Integer":0,"String":"","Interface":null}}
2025-08-15T22:12:52.263-0500	DEBUG	protocol/handler.go:1662	storing message	{"{round 20 2  <nil>}": {"Key":"from","Type":15,"Integer":0,"String":"b","Interface":null}}
==================
WARNING: DATA RACE
Write at 0x00c000135210 by goroutine 116:
  github.com/luxfi/threshold/protocols/doerner/keygen.(*round1S).StoreMessage()
      /Users/z/work/lux/threshold/protocols/doerner/keygen/round1S.go:77 +0xb0
  github.com/luxfi/threshold/pkg/protocol.(*Handler).verifyNormalForRound()
      /Users/z/work/lux/threshold/pkg/protocol/handler.go:1337 +0x43c
  github.com/luxfi/threshold/pkg/protocol.(*Handler).retryUnprocessedMessages()
      /Users/z/work/lux/threshold/pkg/protocol/handler.go:1496 +0x3a0
  github.com/luxfi/threshold/pkg/protocol.(*Handler).tryAdvanceRound()
      /Users/z/work/lux/threshold/pkg/protocol/handler.go:587 +0x28c
  github.com/luxfi/threshold/pkg/protocol.(*Handler).roundProcessor()
      /Users/z/work/lux/threshold/pkg/protocol/handler.go:569 +0xb4
  github.com/luxfi/threshold/pkg/protocol.(*Handler).startWorkers.func1()
      /Users/z/work/lux/threshold/pkg/protocol/handler.go:374 +0x78

Previous read at 0x00c000135210 by goroutine 91:
  github.com/luxfi/threshold/protocols/doerner/keygen.(*round1S).Number()
      <autogenerated>:1 +0x38
  github.com/luxfi/threshold/pkg/protocol.(*Handler).tryAdvanceRound()
      /Users/z/work/lux/threshold/pkg/protocol/handler.go:648 +0xe6c
  github.com/luxfi/threshold/pkg/protocol.(*Handler).processMessage()
      /Users/z/work/lux/threshold/pkg/protocol/handler.go:486 +0xbb0
  github.com/luxfi/threshold/pkg/protocol.(*Handler).messageWorker()
      /Users/z/work/lux/threshold/pkg/protocol/handler.go:408 +0x338
  github.com/luxfi/threshold/pkg/protocol.(*Handler).startWorkers.gowrap1()
      /Users/z/work/lux/threshold/pkg/protocol/handler.go:355 +0x44

Goroutine 116 (running) created at:
  github.com/luxfi/threshold/pkg/protocol.(*Handler).startWorkers()
      /Users/z/work/lux/threshold/pkg/protocol/handler.go:372 +0x4fc
  github.com/luxfi/threshold/pkg/protocol.NewHandler()
      /Users/z/work/lux/threshold/pkg/protocol/handler.go:247 +0xf10
  github.com/luxfi/threshold/protocols/doerner.TestDoernerKeygenWithTimeout.func1()
      /Users/z/work/lux/threshold/protocols/doerner/doerner_fixed_test.go:43 +0x5d4
  github.com/luxfi/threshold/internal/test.RunProtocolWithTimeoutNew()
      /Users/z/work/lux/threshold/internal/test/timeout_handler.go:72 +0x26c
  github.com/luxfi/threshold/protocols/doerner.TestDoernerKeygenWithTimeout()
      /Users/z/work/lux/threshold/protocols/doerner/doerner_fixed_test.go:53 +0x100
  testing.tRunner()
      /opt/homebrew/Cellar/go/1.24.6/libexec/src/testing/testing.go:1792 +0x180
  testing.(*T).Run.gowrap1()
      /opt/homebrew/Cellar/go/1.24.6/libexec/src/testing/testing.go:1851 +0x40

Goroutine 91 (running) created at:
  github.com/luxfi/threshold/pkg/protocol.(*Handler).startWorkers()
      /Users/z/work/lux/threshold/pkg/protocol/handler.go:355 +0x27c
  github.com/luxfi/threshold/pkg/protocol.NewHandler()
      /Users/z/work/lux/threshold/pkg/protocol/handler.go:247 +0xf10
  github.com/luxfi/threshold/protocols/doerner.TestDoernerKeygenWithTimeout.func1()
      /Users/z/work/lux/threshold/protocols/doerner/doerner_fixed_test.go:43 +0x5d4
  github.com/luxfi/threshold/internal/test.RunProtocolWithTimeoutNew()
      /Users/z/work/lux/threshold/internal/test/timeout_handler.go:72 +0x26c
  github.com/luxfi/threshold/protocols/doerner.TestDoernerKeygenWithTimeout()
      /Users/z/work/lux/threshold/protocols/doerner/doerner_fixed_test.go:53 +0x100
  testing.tRunner()
      /opt/homebrew/Cellar/go/1.24.6/libexec/src/testing/testing.go:1792 +0x180
  testing.(*T).Run.gowrap1()
      /opt/homebrew/Cellar/go/1.24.6/libexec/src/testing/testing.go:1851 +0x40
==================
==================
WARNING: DATA RACE
Write at 0x00c0001351e0 by goroutine 116:
  github.com/luxfi/threshold/protocols/doerner/keygen.(*round1S).StoreMessage()
      /Users/z/work/lux/threshold/protocols/doerner/keygen/round1S.go:82 +0x194
  github.com/luxfi/threshold/pkg/protocol.(*Handler).verifyNormalForRound()
      /Users/z/work/lux/threshold/pkg/protocol/handler.go:1337 +0x43c
  github.com/luxfi/threshold/pkg/protocol.(*Handler).retryUnprocessedMessages()
      /Users/z/work/lux/threshold/pkg/protocol/handler.go:1496 +0x3a0
  github.com/luxfi/threshold/pkg/protocol.(*Handler).tryAdvanceRound()
      /Users/z/work/lux/threshold/pkg/protocol/handler.go:587 +0x28c
  github.com/luxfi/threshold/pkg/protocol.(*Handler).roundProcessor()
      /Users/z/work/lux/threshold/pkg/protocol/handler.go:569 +0xb4
  github.com/luxfi/threshold/pkg/protocol.(*Handler).startWorkers.func1()
      /Users/z/work/lux/threshold/pkg/protocol/handler.go:374 +0x78

Previous read at 0x00c0001351e0 by goroutine 91:
  github.com/luxfi/threshold/protocols/doerner/keygen.(*round1S).Number()
      <autogenerated>:1 +0x38
  github.com/luxfi/threshold/pkg/protocol.(*Handler).tryAdvanceRound()
      /Users/z/work/lux/threshold/pkg/protocol/handler.go:648 +0xe6c
  github.com/luxfi/threshold/pkg/protocol.(*Handler).processMessage()
      /Users/z/work/lux/threshold/pkg/protocol/handler.go:486 +0xbb0
  github.com/luxfi/threshold/pkg/protocol.(*Handler).messageWorker()
      /Users/z/work/lux/threshold/pkg/protocol/handler.go:408 +0x338
  github.com/luxfi/threshold/pkg/protocol.(*Handler).startWorkers.gowrap1()
      /Users/z/work/lux/threshold/pkg/protocol/handler.go:355 +0x44

Goroutine 116 (running) created at:
  github.com/luxfi/threshold/pkg/protocol.(*Handler).startWorkers()
      /Users/z/work/lux/threshold/pkg/protocol/handler.go:372 +0x4fc
  github.com/luxfi/threshold/pkg/protocol.NewHandler()
      /Users/z/work/lux/threshold/pkg/protocol/handler.go:247 +0xf10
  github.com/luxfi/threshold/protocols/doerner.TestDoernerKeygenWithTimeout.func1()
      /Users/z/work/lux/threshold/protocols/doerner/doerner_fixed_test.go:43 +0x5d4
  github.com/luxfi/threshold/internal/test.RunProtocolWithTimeoutNew()
      /Users/z/work/lux/threshold/internal/test/timeout_handler.go:72 +0x26c
  github.com/luxfi/threshold/protocols/doerner.TestDoernerKeygenWithTimeout()
      /Users/z/work/lux/threshold/protocols/doerner/doerner_fixed_test.go:53 +0x100
  testing.tRunner()
      /opt/homebrew/Cellar/go/1.24.6/libexec/src/testing/testing.go:1792 +0x180
  testing.(*T).Run.gowrap1()
      /opt/homebrew/Cellar/go/1.24.6/libexec/src/testing/testing.go:1851 +0x40

Goroutine 91 (running) created at:
  github.com/luxfi/threshold/pkg/protocol.(*Handler).startWorkers()
      /Users/z/work/lux/threshold/pkg/protocol/handler.go:355 +0x27c
  github.com/luxfi/threshold/pkg/protocol.NewHandler()
      /Users/z/work/lux/threshold/pkg/protocol/handler.go:247 +0xf10
  github.com/luxfi/threshold/protocols/doerner.TestDoernerKeygenWithTimeout.func1()
      /Users/z/work/lux/threshold/protocols/doerner/doerner_fixed_test.go:43 +0x5d4
  github.com/luxfi/threshold/internal/test.RunProtocolWithTimeoutNew()
      /Users/z/work/lux/threshold/internal/test/timeout_handler.go:72 +0x26c
  github.com/luxfi/threshold/protocols/doerner.TestDoernerKeygenWithTimeout()
      /Users/z/work/lux/threshold/protocols/doerner/doerner_fixed_test.go:53 +0x100
2025-08-15T22:12:52.265-0500	DEBUG	protocol/handler.go:581	tryAdvanceRound called	{"{current_round 20 2  <nil>}": {"Key":"self","Type":15,"Integer":0,"String":"a","Interface":null}}
  testing.tRunner()
      /opt/homebrew/Cellar/go/1.24.6/libexec/src/testing/testing.go:1792 +0x180
  testing.(*T).Run.gowrap1()
      /opt/homebrew/Cellar/go/1.24.6/libexec/src/testing/testing.go:1851 +0x40
==================
2025-08-15T22:12:52.272-0500	DEBUG	protocol/handler.go:1649	have all messages and processed	{"{round 20 1  <nil>}": {"Key":"self","Type":15,"Integer":0,"String":"b","Interface":null}}
2025-08-15T22:12:52.272-0500	DEBUG	protocol/handler.go:596	round already finalized
2025-08-15T22:12:52.272-0500	DEBUG	protocol/handler.go:600	current round already advanced	{"{checking 20 1  <nil>}": {"Key":"current","Type":20,"Integer":2,"String":"","Interface":null}}
2025-08-15T22:12:52.272-0500	INFO	protocol/handler.go:560	advanced to round
2025-08-15T22:12:52.272-0500	DEBUG	protocol/handler.go:581	tryAdvanceRound called	{"{current_round 20 2  <nil>}": {"Key":"self","Type":15,"Integer":0,"String":"b","Interface":null}}
2025-08-15T22:12:52.272-0500	DEBUG	protocol/handler.go:1635	waiting for messages	{"{round 20 2  <nil>}": {"Key":"missing","Type":15,"Integer":0,"String":"[a]","Interface":null}}
2025-08-15T22:12:52.281-0500	DEBUG	protocol/handler.go:581	tryAdvanceRound called	{"{current_round 20 2  <nil>}": {"Key":"self","Type":15,"Integer":0,"String":"b","Interface":null}}
2025-08-15T22:12:52.281-0500	DEBUG	protocol/handler.go:1635	waiting for messages	{"{round 20 2  <nil>}": {"Key":"missing","Type":15,"Integer":0,"String":"[a]","Interface":null}}
2025-08-15T22:12:52.348-0500	DEBUG	protocol/handler.go:581	tryAdvanceRound called	{"{current_round 20 2  <nil>}": {"Key":"self","Type":15,"Integer":0,"String":"b","Interface":null}}
2025-08-15T22:12:52.349-0500	DEBUG	protocol/handler.go:1635	waiting for messages	{"{round 20 2  <nil>}": {"Key":"missing","Type":15,"Integer":0,"String":"[a]","Interface":null}}
2025-08-15T22:12:52.356-0500	DEBUG	protocol/handler.go:581	tryAdvanceRound called	{"{current_round 20 2  <nil>}": {"Key":"self","Type":15,"Integer":0,"String":"b","Interface":null}}
2025-08-15T22:12:52.356-0500	DEBUG	protocol/handler.go:1635	waiting for messages	{"{round 20 2  <nil>}": {"Key":"missing","Type":15,"Integer":0,"String":"[a]","Interface":null}}
2025-08-15T22:12:52.367-0500	DEBUG	protocol/handler.go:581	tryAdvanceRound called	{"{current_round 20 2  <nil>}": {"Key":"self","Type":15,"Integer":0,"String":"b","Interface":null}}
2025-08-15T22:12:52.367-0500	DEBUG	protocol/handler.go:1635	waiting for messages	{"{round 20 2  <nil>}": {"Key":"missing","Type":15,"Integer":0,"String":"[a]","Interface":null}}
2025-08-15T22:12:52.391-0500	DEBUG	protocol/handler.go:581	tryAdvanceRound called	{"{current_round 20 2  <nil>}": {"Key":"self","Type":15,"Integer":0,"String":"b","Interface":null}}
2025-08-15T22:12:52.391-0500	DEBUG	protocol/handler.go:1635	waiting for messages	{"{round 20 2  <nil>}": {"Key":"missing","Type":15,"Integer":0,"String":"[a]","Interface":null}}
2025-08-15T22:12:52.420-0500	DEBUG	protocol/handler.go:581	tryAdvanceRound called	{"{current_round 20 2  <nil>}": {"Key":"self","Type":15,"Integer":0,"String":"b","Interface":null}}
2025-08-15T22:12:52.420-0500	DEBUG	protocol/handler.go:1635	waiting for messages	{"{round 20 2  <nil>}": {"Key":"missing","Type":15,"Integer":0,"String":"[a]","Interface":null}}
2025-08-15T22:12:52.442-0500	DEBUG	protocol/handler.go:581	tryAdvanceRound called	{"{current_round 20 2  <nil>}": {"Key":"self","Type":15,"Integer":0,"String":"b","Interface":null}}
2025-08-15T22:12:52.442-0500	DEBUG	protocol/handler.go:1635	waiting for messages	{"{round 20 2  <nil>}": {"Key":"missing","Type":15,"Integer":0,"String":"[a]","Interface":null}}
==================
WARNING: DATA RACE
Write at 0x00c000828008 by goroutine 11:
  github.com/zeebo/blake3.(*hasher).reset()
      /Users/z/go/pkg/mod/github.com/zeebo/blake3@v0.2.4/blake3.go:26 +0x118
  github.com/zeebo/blake3.(*Hasher).Reset()
      /Users/z/go/pkg/mod/github.com/zeebo/blake3@v0.2.4/api.go:102 +0xf0
  github.com/luxfi/threshold/internal/ot.(*RandomOTSender).Round1()
      /Users/z/work/lux/threshold/internal/ot/random.go:274 +0xdc
  github.com/luxfi/threshold/internal/ot.(*CorreOTSetupReceiver).Round2.func1()
      /Users/z/work/lux/threshold/internal/ot/correlated.go:187 +0x74
  github.com/luxfi/threshold/pkg/pool.worker()
      /Users/z/work/lux/threshold/pkg/pool/pool.go:76 +0xc4
  github.com/luxfi/threshold/pkg/pool.NewPool.gowrap1()
      /Users/z/work/lux/threshold/pkg/pool/pool.go:119 +0x34

Previous write at 0x00c000828008 by goroutine 14:
  github.com/zeebo/blake3.(*hasher).reset()
      /Users/z/go/pkg/mod/github.com/zeebo/blake3@v0.2.4/blake3.go:26 +0x118
  github.com/zeebo/blake3.(*Hasher).Reset()
      /Users/z/go/pkg/mod/github.com/zeebo/blake3@v0.2.4/api.go:102 +0xf0
  github.com/luxfi/threshold/internal/ot.(*RandomOTSender).Round1()
      /Users/z/work/lux/threshold/internal/ot/random.go:274 +0xdc
  github.com/luxfi/threshold/internal/ot.(*CorreOTSetupReceiver).Round2.func1()
      /Users/z/work/lux/threshold/internal/ot/correlated.go:187 +0x74
  github.com/luxfi/threshold/pkg/pool.worker()
      /Users/z/work/lux/threshold/pkg/pool/pool.go:76 +0xc4
  github.com/luxfi/threshold/pkg/pool.NewPool.gowrap1()
      /Users/z/work/lux/threshold/pkg/pool/pool.go:119 +0x34

Goroutine 11 (running) created at:
  github.com/luxfi/threshold/pkg/pool.NewPool()
      /Users/z/work/lux/threshold/pkg/pool/pool.go:119 +0xec
  github.com/luxfi/threshold/protocols/doerner.TestDoernerKeygenWithTimeout()
      /Users/z/work/lux/threshold/protocols/doerner/doerner_fixed_test.go:24 +0x44
  testing.tRunner()
      /opt/homebrew/Cellar/go/1.24.6/libexec/src/testing/testing.go:1792 +0x180
  testing.(*T).Run.gowrap1()
      /opt/homebrew/Cellar/go/1.24.6/libexec/src/testing/testing.go:1851 +0x40

Goroutine 14 (running) created at:
  github.com/luxfi/threshold/pkg/pool.NewPool()
      /Users/z/work/lux/threshold/pkg/pool/pool.go:119 +0xec
  github.com/luxfi/threshold/protocols/doerner.TestDoernerKeygenWithTimeout()
      /Users/z/work/lux/threshold/protocols/doerner/doerner_fixed_test.go:24 +0x44
  testing.tRunner()
      /opt/homebrew/Cellar/go/1.24.6/libexec/src/testing/testing.go:1792 +0x180
  testing.(*T).Run.gowrap1()
      /opt/homebrew/Cellar/go/1.24.6/libexec/src/testing/testing.go:1851 +0x40
==================
==================
WARNING: DATA RACE
Write at 0x00c000828010 by goroutine 11:
  github.com/zeebo/blake3.(*hasher).reset()
      /Users/z/go/pkg/mod/github.com/zeebo/blake3@v0.2.4/blake3.go:27 +0x128
  github.com/zeebo/blake3.(*Hasher).Reset()
      /Users/z/go/pkg/mod/github.com/zeebo/blake3@v0.2.4/api.go:102 +0xf0
  github.com/luxfi/threshold/internal/ot.(*RandomOTSender).Round1()
      /Users/z/work/lux/threshold/internal/ot/random.go:274 +0xdc
  github.com/luxfi/threshold/internal/ot.(*CorreOTSetupReceiver).Round2.func1()
      /Users/z/work/lux/threshold/internal/ot/correlated.go:187 +0x74
  github.com/luxfi/threshold/pkg/pool.worker()
      /Users/z/work/lux/threshold/pkg/pool/pool.go:76 +0xc4
  github.com/luxfi/threshold/pkg/pool.NewPool.gowrap1()
      /Users/z/work/lux/threshold/pkg/pool/pool.go:119 +0x34

Previous write at 0x00c000828010 by goroutine 14:
  github.com/zeebo/blake3.(*hasher).reset()
      /Users/z/go/pkg/mod/github.com/zeebo/blake3@v0.2.4/blake3.go:27 +0x128
  github.com/zeebo/blake3.(*Hasher).Reset()
      /Users/z/go/pkg/mod/github.com/zeebo/blake3@v0.2.4/api.go:102 +0xf0
  github.com/luxfi/threshold/internal/ot.(*RandomOTSender).Round1()
      /Users/z/work/lux/threshold/internal/ot/random.go:274 +0xdc
  github.com/luxfi/threshold/internal/ot.(*CorreOTSetupReceiver).Round2.func1()
      /Users/z/work/lux/threshold/internal/ot/correlated.go:187 +0x74
  github.com/luxfi/threshold/pkg/pool.worker()
      /Users/z/work/lux/threshold/pkg/pool/pool.go:76 +0xc4
  github.com/luxfi/threshold/pkg/pool.NewPool.gowrap1()
      /Users/z/work/lux/threshold/pkg/pool/pool.go:119 +0x34

Goroutine 11 (running) created at:
  github.com/luxfi/threshold/pkg/pool.NewPool()
      /Users/z/work/lux/threshold/pkg/pool/pool.go:119 +0xec
  github.com/luxfi/threshold/protocols/doerner.TestDoernerKeygenWithTimeout()
      /Users/z/work/lux/threshold/protocols/doerner/doerner_fixed_test.go:24 +0x44
  testing.tRunner()
      /opt/homebrew/Cellar/go/1.24.6/libexec/src/testing/testing.go:1792 +0x180
  testing.(*T).Run.gowrap1()
      /opt/homebrew/Cellar/go/1.24.6/libexec/src/testing/testing.go:1851 +0x40

Goroutine 14 (running) created at:
  github.com/luxfi/threshold/pkg/pool.NewPool()
      /Users/z/work/lux/threshold/pkg/pool/pool.go:119 +0xec
  github.com/luxfi/threshold/protocols/doerner.TestDoernerKeygenWithTimeout()
      /Users/z/work/lux/threshold/protocols/doerner/doerner_fixed_test.go:24 +0x44
  testing.tRunner()
      /opt/homebrew/Cellar/go/1.24.6/libexec/src/testing/testing.go:1792 +0x180
  testing.(*T).Run.gowrap1()
      /opt/homebrew/Cellar/go/1.24.6/libexec/src/testing/testing.go:1851 +0x40
==================
==================
WARNING: DATA RACE
Write at 0x00c000828040 by goroutine 11:
  github.com/zeebo/blake3.(*hasher).reset()
      /Users/z/go/pkg/mod/github.com/zeebo/blake3@v0.2.4/blake3.go:28 +0x138
  github.com/zeebo/blake3.(*Hasher).Reset()
      /Users/z/go/pkg/mod/github.com/zeebo/blake3@v0.2.4/api.go:102 +0xf0
  github.com/luxfi/threshold/internal/ot.(*RandomOTSender).Round1()
      /Users/z/work/lux/threshold/internal/ot/random.go:274 +0xdc
  github.com/luxfi/threshold/internal/ot.(*CorreOTSetupReceiver).Round2.func1()
      /Users/z/work/lux/threshold/internal/ot/correlated.go:187 +0x74
  github.com/luxfi/threshold/pkg/pool.worker()
      /Users/z/work/lux/threshold/pkg/pool/pool.go:76 +0xc4
  github.com/luxfi/threshold/pkg/pool.NewPool.gowrap1()
      /Users/z/work/lux/threshold/pkg/pool/pool.go:119 +0x34

Previous write at 0x00c000828040 by goroutine 14:
  github.com/zeebo/blake3.(*hasher).reset()
      /Users/z/go/pkg/mod/github.com/zeebo/blake3@v0.2.4/blake3.go:28 +0x138
  github.com/zeebo/blake3.(*Hasher).Reset()
      /Users/z/go/pkg/mod/github.com/zeebo/blake3@v0.2.4/api.go:102 +0xf0
  github.com/luxfi/threshold/internal/ot.(*RandomOTSender).Round1()
      /Users/z/work/lux/threshold/internal/ot/random.go:274 +0xdc
  github.com/luxfi/threshold/internal/ot.(*CorreOTSetupReceiver).Round2.func1()
      /Users/z/work/lux/threshold/internal/ot/correlated.go:187 +0x74
  github.com/luxfi/threshold/pkg/pool.worker()
      /Users/z/work/lux/threshold/pkg/pool/pool.go:76 +0xc4
  github.com/luxfi/threshold/pkg/pool.NewPool.gowrap1()
      /Users/z/work/lux/threshold/pkg/pool/pool.go:119 +0x34

Goroutine 11 (running) created at:
  github.com/luxfi/threshold/pkg/pool.NewPool()
      /Users/z/work/lux/threshold/pkg/pool/pool.go:119 +0xec
  github.com/luxfi/threshold/protocols/doerner.TestDoernerKeygenWithTimeout()
      /Users/z/work/lux/threshold/protocols/doerner/doerner_fixed_test.go:24 +0x44
  testing.tRunner()
      /opt/homebrew/Cellar/go/1.24.6/libexec/src/testing/testing.go:1792 +0x180
  testing.(*T).Run.gowrap1()
      /opt/homebrew/Cellar/go/1.24.6/libexec/src/testing/testing.go:1851 +0x40

Goroutine 14 (running) created at:
  github.com/luxfi/threshold/pkg/pool.NewPool()
      /Users/z/work/lux/threshold/pkg/pool/pool.go:119 +0xec
  github.com/luxfi/threshold/protocols/doerner.TestDoernerKeygenWithTimeout()
      /Users/z/work/lux/threshold/protocols/doerner/doerner_fixed_test.go:24 +0x44
  testing.tRunner()
      /opt/homebrew/Cellar/go/1.24.6/libexec/src/testing/testing.go:1792 +0x180
  testing.(*T).Run.gowrap1()
      /opt/homebrew/Cellar/go/1.24.6/libexec/src/testing/testing.go:1851 +0x40
==================
==================
WARNING: DATA RACE
Write at 0x00c000828048 by goroutine 11:
  github.com/zeebo/blake3.(*hasher).reset()
      /Users/z/go/pkg/mod/github.com/zeebo/blake3@v0.2.4/blake3.go:29 +0x14c
  github.com/zeebo/blake3.(*Hasher).Reset()
      /Users/z/go/pkg/mod/github.com/zeebo/blake3@v0.2.4/api.go:102 +0xf0
  github.com/luxfi/threshold/internal/ot.(*RandomOTSender).Round1()
      /Users/z/work/lux/threshold/internal/ot/random.go:274 +0xdc
  github.com/luxfi/threshold/internal/ot.(*CorreOTSetupReceiver).Round2.func1()
      /Users/z/work/lux/threshold/internal/ot/correlated.go:187 +0x74
  github.com/luxfi/threshold/pkg/pool.worker()
      /Users/z/work/lux/threshold/pkg/pool/pool.go:76 +0xc4
  github.com/luxfi/threshold/pkg/pool.NewPool.gowrap1()
      /Users/z/work/lux/threshold/pkg/pool/pool.go:119 +0x34

Previous write at 0x00c000828048 by goroutine 14:
  github.com/zeebo/blake3.(*hasher).reset()
      /Users/z/go/pkg/mod/github.com/zeebo/blake3@v0.2.4/blake3.go:29 +0x14c
  github.com/zeebo/blake3.(*Hasher).Reset()
      /Users/z/go/pkg/mod/github.com/zeebo/blake3@v0.2.4/api.go:102 +0xf0
  github.com/luxfi/threshold/internal/ot.(*RandomOTSender).Round1()
      /Users/z/work/lux/threshold/internal/ot/random.go:274 +0xdc
  github.com/luxfi/threshold/internal/ot.(*CorreOTSetupReceiver).Round2.func1()
      /Users/z/work/lux/threshold/internal/ot/correlated.go:187 +0x74
  github.com/luxfi/threshold/pkg/pool.worker()
      /Users/z/work/lux/threshold/pkg/pool/pool.go:76 +0xc4
  github.com/luxfi/threshold/pkg/pool.NewPool.gowrap1()
      /Users/z/work/lux/threshold/pkg/pool/pool.go:119 +0x34

Goroutine 11 (running) created at:
  github.com/luxfi/threshold/pkg/pool.NewPool()
      /Users/z/work/lux/threshold/pkg/pool/pool.go:119 +0xec
  github.com/luxfi/threshold/protocols/doerner.TestDoernerKeygenWithTimeout()
      /Users/z/work/lux/threshold/protocols/doerner/doerner_fixed_test.go:24 +0x44
  testing.tRunner()
      /opt/homebrew/Cellar/go/1.24.6/libexec/src/testing/testing.go:1792 +0x180
  testing.(*T).Run.gowrap1()
      /opt/homebrew/Cellar/go/1.24.6/libexec/src/testing/testing.go:1851 +0x40

Goroutine 14 (running) created at:
  github.com/luxfi/threshold/pkg/pool.NewPool()
      /Users/z/work/lux/threshold/pkg/pool/pool.go:119 +0xec
  github.com/luxfi/threshold/protocols/doerner.TestDoernerKeygenWithTimeout()
      /Users/z/work/lux/threshold/protocols/doerner/doerner_fixed_test.go:24 +0x44
  testing.tRunner()
      /opt/homebrew/Cellar/go/1.24.6/libexec/src/testing/testing.go:1792 +0x180
  testing.(*T).Run.gowrap1()
      /opt/homebrew/Cellar/go/1.24.6/libexec/src/testing/testing.go:1851 +0x40
==================
2025-08-15T22:12:52.463-0500	DEBUG	protocol/handler.go:581	tryAdvanceRound called	{"{current_round 20 2  <nil>}": {"Key":"self","Type":15,"Integer":0,"String":"b","Interface":null}}
==================
WARNING: DATA RACE
Write at 0x00c000828050 by goroutine 11:
  github.com/zeebo/blake3.(*hasher).reset()
      /Users/z/go/pkg/mod/github.com/zeebo/blake3@v0.2.4/blake3.go:30 +0x15c
  github.com/zeebo/blake3.(*Hasher).Reset()
      /Users/z/go/pkg/mod/github.com/zeebo/blake3@v0.2.4/api.go:102 +0xf0
  github.com/luxfi/threshold/internal/ot.(*RandomOTSender).Round1()
      /Users/z/work/lux/threshold/internal/ot/random.go:274 +0xdc
  github.com/luxfi/threshold/internal/ot.(*CorreOTSetupReceiver).Round2.func1()
      /Users/z/work/lux/threshold/internal/ot/correlated.go:187 +0x74
  github.com/luxfi/threshold/pkg/pool.worker()
      /Users/z/work/lux/threshold/pkg/pool/pool.go:76 +0xc4
  github.com/luxfi/threshold/pkg/pool.NewPool.gowrap1()
      /Users/z/work/lux/threshold/pkg/pool/pool.go:119 +0x34

Previous write at 0x00c000828050 by goroutine 14:
  github.com/zeebo/blake3.(*hasher).reset()
      /Users/z/go/pkg/mod/github.com/zeebo/blake3@v0.2.4/blake3.go:30 +0x15c
  github.com/zeebo/blake3.(*Hasher).Reset()
      /Users/z/go/pkg/mod/github.com/zeebo/blake3@v0.2.4/api.go:102 +0xf0
  github.com/luxfi/threshold/internal/ot.(*RandomOTSender).Round1()
      /Users/z/work/lux/threshold/internal/ot/random.go:274 +0xdc
  github.com/luxfi/threshold/internal/ot.(*CorreOTSetupReceiver).Round2.func1()
      /Users/z/work/lux/threshold/internal/ot/correlated.go:187 +0x74
  github.com/luxfi/threshold/pkg/pool.worker()
      /Users/z/work/lux/threshold/pkg/pool/pool.go:76 +0xc4
  github.com/luxfi/threshold/pkg/pool.NewPool.gowrap1()
      /Users/z/work/lux/threshold/pkg/pool/pool.go:119 +0x34

Goroutine 11 (running) created at:
  github.com/luxfi/threshold/pkg/pool.NewPool()
      /Users/z/work/lux/threshold/pkg/pool/pool.go:119 +0xec
  github.com/luxfi/threshold/protocols/doerner.TestDoernerKeygenWithTimeout()
      /Users/z/work/lux/threshold/protocols/doerner/doerner_fixed_test.go:24 +0x44
  testing.tRunner()
      /opt/homebrew/Cellar/go/1.24.6/libexec/src/testing/testing.go:1792 +0x180
  testing.(*T).Run.gowrap1()
      /opt/homebrew/Cellar/go/1.24.6/libexec/src/testing/testing.go:1851 +0x40

Goroutine 14 (running) created at:
  github.com/luxfi/threshold/pkg/pool.NewPool()
      /Users/z/work/lux/threshold/pkg/pool/pool.go:119 +0xec
  github.com/luxfi/threshold/protocols/doerner.TestDoernerKeygenWithTimeout()
      /Users/z/work/lux/threshold/protocols/doerner/doerner_fixed_test.go:24 +0x44
  testing.tRunner()
      /opt/homebrew/Cellar/go/1.24.6/libexec/src/testing/testing.go:1792 +0x180
  testing.(*T).Run.gowrap1()
      /opt/homebrew/Cellar/go/1.24.6/libexec/src/testing/testing.go:1851 +0x40
==================
2025-08-15T22:12:52.465-0500	DEBUG	protocol/handler.go:1635	waiting for messages	{"{round 20 2  <nil>}": {"Key":"missing","Type":15,"Integer":0,"String":"[a]","Interface":null}}
2025-08-15T22:12:52.465-0500	DEBUG	protocol/handler.go:581	tryAdvanceRound called	{"{current_round 20 2  <nil>}": {"Key":"self","Type":15,"Integer":0,"String":"b","Interface":null}}
2025-08-15T22:12:52.465-0500	DEBUG	protocol/handler.go:1635	waiting for messages	{"{round 20 2  <nil>}": {"Key":"missing","Type":15,"Integer":0,"String":"[a]","Interface":null}}
==================
WARNING: DATA RACE
Read at 0x00c000828008 by goroutine 11:
  github.com/zeebo/blake3.(*hasher).updateString()
      /Users/z/go/pkg/mod/github.com/zeebo/blake3@v0.2.4/blake3.go:42 +0x3c
  github.com/zeebo/blake3.(*hasher).update()
      /Users/z/go/pkg/mod/github.com/zeebo/blake3@v0.2.4/blake3.go:35 +0x1f4
  github.com/zeebo/blake3.(*Hasher).Write()
      /Users/z/go/pkg/mod/github.com/zeebo/blake3@v0.2.4/api.go:89 +0x198
  github.com/luxfi/threshold/internal/ot.(*RandomOTSender).Round1()
      /Users/z/work/lux/threshold/internal/ot/random.go:279 +0x188
  github.com/luxfi/threshold/internal/ot.(*CorreOTSetupReceiver).Round2.func1()
      /Users/z/work/lux/threshold/internal/ot/correlated.go:187 +0x74
  github.com/luxfi/threshold/pkg/pool.worker()
      /Users/z/work/lux/threshold/pkg/pool/pool.go:76 +0xc4
  github.com/luxfi/threshold/pkg/pool.NewPool.gowrap1()
      /Users/z/work/lux/threshold/pkg/pool/pool.go:119 +0x34

Previous write at 0x00c000828008 by goroutine 14:
  github.com/zeebo/blake3.(*hasher).updateString()
      /Users/z/go/pkg/mod/github.com/zeebo/blake3@v0.2.4/blake3.go:48 +0x164
  github.com/zeebo/blake3.(*hasher).update()
      /Users/z/go/pkg/mod/github.com/zeebo/blake3@v0.2.4/blake3.go:35 +0x1f4
  github.com/zeebo/blake3.(*Hasher).Write()
      /Users/z/go/pkg/mod/github.com/zeebo/blake3@v0.2.4/api.go:89 +0x198
  github.com/luxfi/threshold/internal/ot.(*RandomOTSender).Round1()
      /Users/z/work/lux/threshold/internal/ot/random.go:279 +0x188
  github.com/luxfi/threshold/internal/ot.(*CorreOTSetupReceiver).Round2.func1()
      /Users/z/work/lux/threshold/internal/ot/correlated.go:187 +0x74
  github.com/luxfi/threshold/pkg/pool.worker()
      /Users/z/work/lux/threshold/pkg/pool/pool.go:76 +0xc4
  github.com/luxfi/threshold/pkg/pool.NewPool.gowrap1()
      /Users/z/work/lux/threshold/pkg/pool/pool.go:119 +0x34

Goroutine 11 (running) created at:
  github.com/luxfi/threshold/pkg/pool.NewPool()
      /Users/z/work/lux/threshold/pkg/pool/pool.go:119 +0xec
  github.com/luxfi/threshold/protocols/doerner.TestDoernerKeygenWithTimeout()
      /Users/z/work/lux/threshold/protocols/doerner/doerner_fixed_test.go:24 +0x44
  testing.tRunner()
      /opt/homebrew/Cellar/go/1.24.6/libexec/src/testing/testing.go:1792 +0x180
  testing.(*T).Run.gowrap1()
      /opt/homebrew/Cellar/go/1.24.6/libexec/src/testing/testing.go:1851 +0x40

Goroutine 14 (running) created at:
  github.com/luxfi/threshold/pkg/pool.NewPool()
      /Users/z/work/lux/threshold/pkg/pool/pool.go:119 +0xec
  github.com/luxfi/threshold/protocols/doerner.TestDoernerKeygenWithTimeout()
      /Users/z/work/lux/threshold/protocols/doerner/doerner_fixed_test.go:24 +0x44
  testing.tRunner()
      /opt/homebrew/Cellar/go/1.24.6/libexec/src/testing/testing.go:1792 +0x180
  testing.(*T).Run.gowrap1()
      /opt/homebrew/Cellar/go/1.24.6/libexec/src/testing/testing.go:1851 +0x40
==================
==================
WARNING: DATA RACE
Read at 0x00c000828008 by goroutine 11:
  github.com/zeebo/blake3.(*hasher).updateString()
      /Users/z/go/pkg/mod/github.com/zeebo/blake3@v0.2.4/blake3.go:46 +0xac
  github.com/zeebo/blake3.(*hasher).update()
      /Users/z/go/pkg/mod/github.com/zeebo/blake3@v0.2.4/blake3.go:35 +0x1f4
  github.com/zeebo/blake3.(*Hasher).Write()
      /Users/z/go/pkg/mod/github.com/zeebo/blake3@v0.2.4/api.go:89 +0x198
  github.com/luxfi/threshold/internal/ot.(*RandomOTSender).Round1()
      /Users/z/work/lux/threshold/internal/ot/random.go:279 +0x188
  github.com/luxfi/threshold/internal/ot.(*CorreOTSetupReceiver).Round2.func1()
      /Users/z/work/lux/threshold/internal/ot/correlated.go:187 +0x74
  github.com/luxfi/threshold/pkg/pool.worker()
      /Users/z/work/lux/threshold/pkg/pool/pool.go:76 +0xc4
  github.com/luxfi/threshold/pkg/pool.NewPool.gowrap1()
      /Users/z/work/lux/threshold/pkg/pool/pool.go:119 +0x34

Previous write at 0x00c000828008 by goroutine 14:
  github.com/zeebo/blake3.(*hasher).updateString()
      /Users/z/go/pkg/mod/github.com/zeebo/blake3@v0.2.4/blake3.go:48 +0x164
  github.com/zeebo/blake3.(*hasher).update()
      /Users/z/go/pkg/mod/github.com/zeebo/blake3@v0.2.4/blake3.go:35 +0x3a0
  github.com/zeebo/blake3.(*Hasher).Write()
      /Users/z/go/pkg/mod/github.com/zeebo/blake3@v0.2.4/api.go:89 +0x334
  github.com/luxfi/threshold/internal/ot.(*RandomOTSender).Round1()
      /Users/z/work/lux/threshold/internal/ot/random.go:287 +0x324
  github.com/luxfi/threshold/internal/ot.(*CorreOTSetupReceiver).Round2.func1()
      /Users/z/work/lux/threshold/internal/ot/correlated.go:187 +0x74
  github.com/luxfi/threshold/pkg/pool.worker()
      /Users/z/work/lux/threshold/pkg/pool/pool.go:76 +0xc4
  github.com/luxfi/threshold/pkg/pool.NewPool.gowrap1()
      /Users/z/work/lux/threshold/pkg/pool/pool.go:119 +0x34

Goroutine 11 (running) created at:
  github.com/luxfi/threshold/pkg/pool.NewPool()
      /Users/z/work/lux/threshold/pkg/pool/pool.go:119 +0xec
  github.com/luxfi/threshold/protocols/doerner.TestDoernerKeygenWithTimeout()
      /Users/z/work/lux/threshold/protocols/doerner/doerner_fixed_test.go:24 +0x44
  testing.tRunner()
      /opt/homebrew/Cellar/go/1.24.6/libexec/src/testing/testing.go:1792 +0x180
  testing.(*T).Run.gowrap1()
      /opt/homebrew/Cellar/go/1.24.6/libexec/src/testing/testing.go:1851 +0x40

Goroutine 14 (running) created at:
  github.com/luxfi/threshold/pkg/pool.NewPool()
      /Users/z/work/lux/threshold/pkg/pool/pool.go:119 +0xec
  github.com/luxfi/threshold/protocols/doerner.TestDoernerKeygenWithTimeout()
      /Users/z/work/lux/threshold/protocols/doerner/doerner_fixed_test.go:24 +0x44
  testing.tRunner()
      /opt/homebrew/Cellar/go/1.24.6/libexec/src/testing/testing.go:1792 +0x180
  testing.(*T).Run.gowrap1()
      /opt/homebrew/Cellar/go/1.24.6/libexec/src/testing/testing.go:1851 +0x40
==================
==================
WARNING: DATA RACE
Write at 0x00c000828a68 by goroutine 11:
  runtime.slicecopy()
      /opt/homebrew/Cellar/go/1.24.6/libexec/src/runtime/slice.go:355 +0x0
  github.com/zeebo/blake3.(*hasher).updateString()
      /Users/z/go/pkg/mod/github.com/zeebo/blake3@v0.2.4/blake3.go:47 +0x148
  github.com/zeebo/blake3.(*hasher).update()
      /Users/z/go/pkg/mod/github.com/zeebo/blake3@v0.2.4/blake3.go:35 +0x1f4
  github.com/zeebo/blake3.(*Hasher).Write()
      /Users/z/go/pkg/mod/github.com/zeebo/blake3@v0.2.4/api.go:89 +0x198
  github.com/luxfi/threshold/internal/ot.(*RandomOTSender).Round1()
      /Users/z/work/lux/threshold/internal/ot/random.go:279 +0x188
  github.com/luxfi/threshold/internal/ot.(*CorreOTSetupReceiver).Round2.func1()
      /Users/z/work/lux/threshold/internal/ot/correlated.go:187 +0x74
  github.com/luxfi/threshold/pkg/pool.worker()
      /Users/z/work/lux/threshold/pkg/pool/pool.go:76 +0xc4
  github.com/luxfi/threshold/pkg/pool.NewPool.gowrap1()
      /Users/z/work/lux/threshold/pkg/pool/pool.go:119 +0x34

Previous write at 0x00c000828a68 by goroutine 14:
  runtime.slicecopy()
      /opt/homebrew/Cellar/go/1.24.6/libexec/src/runtime/slice.go:355 +0x0
  github.com/zeebo/blake3.(*hasher).updateString()
      /Users/z/go/pkg/mod/github.com/zeebo/blake3@v0.2.4/blake3.go:47 +0x148
  github.com/zeebo/blake3.(*hasher).update()
      /Users/z/go/pkg/mod/github.com/zeebo/blake3@v0.2.4/blake3.go:35 +0x3a0
  github.com/zeebo/blake3.(*Hasher).Write()
      /Users/z/go/pkg/mod/github.com/zeebo/blake3@v0.2.4/api.go:89 +0x334
  github.com/luxfi/threshold/internal/ot.(*RandomOTSender).Round1()
      /Users/z/work/lux/threshold/internal/ot/random.go:287 +0x324
  github.com/luxfi/threshold/internal/ot.(*CorreOTSetupReceiver).Round2.func1()
      /Users/z/work/lux/threshold/internal/ot/correlated.go:187 +0x74
  github.com/luxfi/threshold/pkg/pool.worker()
      /Users/z/work/lux/threshold/pkg/pool/pool.go:76 +0xc4
  github.com/luxfi/threshold/pkg/pool.NewPool.gowrap1()
      /Users/z/work/lux/threshold/pkg/pool/pool.go:119 +0x34

Goroutine 11 (running) created at:
  github.com/luxfi/threshold/pkg/pool.NewPool()
      /Users/z/work/lux/threshold/pkg/pool/pool.go:119 +0xec
  github.com/luxfi/threshold/protocols/doerner.TestDoernerKeygenWithTimeout()
      /Users/z/work/lux/threshold/protocols/doerner/doerner_fixed_test.go:24 +0x44
  testing.tRunner()
      /opt/homebrew/Cellar/go/1.24.6/libexec/src/testing/testing.go:1792 +0x180
  testing.(*T).Run.gowrap1()
      /opt/homebrew/Cellar/go/1.24.6/libexec/src/testing/testing.go:1851 +0x40

Goroutine 14 (running) created at:
  github.com/luxfi/threshold/pkg/pool.NewPool()
      /Users/z/work/lux/threshold/pkg/pool/pool.go:119 +0xec
  github.com/luxfi/threshold/protocols/doerner.TestDoernerKeygenWithTimeout()
      /Users/z/work/lux/threshold/protocols/doerner/doerner_fixed_test.go:24 +0x44
  testing.tRunner()
      /opt/homebrew/Cellar/go/1.24.6/libexec/src/testing/testing.go:1792 +0x180
  testing.(*T).Run.gowrap1()
      /opt/homebrew/Cellar/go/1.24.6/libexec/src/testing/testing.go:1851 +0x40
==================
==================
WARNING: DATA RACE
Read at 0x00c000828010 by goroutine 11:
  github.com/zeebo/blake3.(*hasher).finalizeDigest()
      /Users/z/go/pkg/mod/github.com/zeebo/blake3@v0.2.4/blake3.go:75 +0x40
  github.com/zeebo/blake3.(*Hasher).Digest()
      /Users/z/go/pkg/mod/github.com/zeebo/blake3@v0.2.4/api.go:141 +0x230
  github.com/luxfi/threshold/internal/ot.(*RandomOTSender).Round1()
      /Users/z/work/lux/threshold/internal/ot/random.go:280 +0x19c
  github.com/luxfi/threshold/internal/ot.(*CorreOTSetupReceiver).Round2.func1()
      /Users/z/work/lux/threshold/internal/ot/correlated.go:187 +0x74
  github.com/luxfi/threshold/pkg/pool.worker()
      /Users/z/work/lux/threshold/pkg/pool/pool.go:76 +0xc4
  github.com/luxfi/threshold/pkg/pool.NewPool.gowrap1()
      /Users/z/work/lux/threshold/pkg/pool/pool.go:119 +0x34

Previous write at 0x00c000828010 by goroutine 14:
  github.com/zeebo/blake3.(*hasher).reset()
      /Users/z/go/pkg/mod/github.com/zeebo/blake3@v0.2.4/blake3.go:27 +0x294
  github.com/zeebo/blake3.(*Hasher).Reset()
      /Users/z/go/pkg/mod/github.com/zeebo/blake3@v0.2.4/api.go:102 +0x25c
  github.com/luxfi/threshold/internal/ot.(*RandomOTSender).Round1()
      /Users/z/work/lux/threshold/internal/ot/random.go:282 +0x248
  github.com/luxfi/threshold/internal/ot.(*CorreOTSetupReceiver).Round2.func1()
      /Users/z/work/lux/threshold/internal/ot/correlated.go:187 +0x74
  github.com/luxfi/threshold/pkg/pool.worker()
      /Users/z/work/lux/threshold/pkg/pool/pool.go:76 +0xc4
  github.com/luxfi/threshold/pkg/pool.NewPool.gowrap1()
      /Users/z/work/lux/threshold/pkg/pool/pool.go:119 +0x34

Goroutine 11 (running) created at:
  github.com/luxfi/threshold/pkg/pool.NewPool()
      /Users/z/work/lux/threshold/pkg/pool/pool.go:119 +0xec
  github.com/luxfi/threshold/protocols/doerner.TestDoernerKeygenWithTimeout()
      /Users/z/work/lux/threshold/protocols/doerner/doerner_fixed_test.go:24 +0x44
  testing.tRunner()
      /opt/homebrew/Cellar/go/1.24.6/libexec/src/testing/testing.go:1792 +0x180
  testing.(*T).Run.gowrap1()
      /opt/homebrew/Cellar/go/1.24.6/libexec/src/testing/testing.go:1851 +0x40

Goroutine 14 (running) created at:
  github.com/luxfi/threshold/pkg/pool.NewPool()
      /Users/z/work/lux/threshold/pkg/pool/pool.go:119 +0xec
  github.com/luxfi/threshold/protocols/doerner.TestDoernerKeygenWithTimeout()
      /Users/z/work/lux/threshold/protocols/doerner/doerner_fixed_test.go:24 +0x44
  testing.tRunner()
      /opt/homebrew/Cellar/go/1.24.6/libexec/src/testing/testing.go:1792 +0x180
  testing.(*T).Run.gowrap1()
      /opt/homebrew/Cellar/go/1.24.6/libexec/src/testing/testing.go:1851 +0x40
==================
==================
WARNING: DATA RACE
Read at 0x00c000828a58 by goroutine 11:
  runtime.slicecopy()
      /opt/homebrew/Cellar/go/1.24.6/libexec/src/runtime/slice.go:355 +0x0
  github.com/zeebo/blake3.compressAll()
      /Users/z/go/pkg/mod/github.com/zeebo/blake3@v0.2.4/blake3.go:276 +0x190
  github.com/zeebo/blake3.(*hasher).finalizeDigest()
      /Users/z/go/pkg/mod/github.com/zeebo/blake3@v0.2.4/blake3.go:76 +0x464
  github.com/zeebo/blake3.(*Hasher).Digest()
      /Users/z/go/pkg/mod/github.com/zeebo/blake3@v0.2.4/api.go:141 +0x230
  github.com/luxfi/threshold/internal/ot.(*RandomOTSender).Round1()
      /Users/z/work/lux/threshold/internal/ot/random.go:280 +0x19c
  github.com/luxfi/threshold/internal/ot.(*CorreOTSetupReceiver).Round2.func1()
      /Users/z/work/lux/threshold/internal/ot/correlated.go:187 +0x74
  github.com/luxfi/threshold/pkg/pool.worker()
      /Users/z/work/lux/threshold/pkg/pool/pool.go:76 +0xc4
  github.com/luxfi/threshold/pkg/pool.NewPool.gowrap1()
      /Users/z/work/lux/threshold/pkg/pool/pool.go:119 +0x34

Previous write at 0x00c000828a58 by goroutine 14:
  runtime.slicecopy()
      /opt/homebrew/Cellar/go/1.24.6/libexec/src/runtime/slice.go:355 +0x0
  github.com/zeebo/blake3.(*hasher).updateString()
      /Users/z/go/pkg/mod/github.com/zeebo/blake3@v0.2.4/blake3.go:47 +0x148
  github.com/zeebo/blake3.(*hasher).update()
      /Users/z/go/pkg/mod/github.com/zeebo/blake3@v0.2.4/blake3.go:35 +0x880
  github.com/zeebo/blake3.(*Hasher).Write()
      /Users/z/go/pkg/mod/github.com/zeebo/blake3@v0.2.4/api.go:89 +0x838
  github.com/luxfi/threshold/internal/ot.(*RandomOTSender).Round1()
      /Users/z/work/lux/threshold/internal/ot/random.go:305 +0x828
  github.com/luxfi/threshold/internal/ot.(*CorreOTSetupReceiver).Round2.func1()
      /Users/z/work/lux/threshold/internal/ot/correlated.go:187 +0x74
  github.com/luxfi/threshold/pkg/pool.worker()
      /Users/z/work/lux/threshold/pkg/pool/pool.go:76 +0xc4
  github.com/luxfi/threshold/pkg/pool.NewPool.gowrap1()
      /Users/z/work/lux/threshold/pkg/pool/pool.go:119 +0x34

Goroutine 11 (running) created at:
  github.com/luxfi/threshold/pkg/pool.NewPool()
      /Users/z/work/lux/threshold/pkg/pool/pool.go:119 +0xec
  github.com/luxfi/threshold/protocols/doerner.TestDoernerKeygenWithTimeout()
      /Users/z/work/lux/threshold/protocols/doerner/doerner_fixed_test.go:24 +0x44
  testing.tRunner()
      /opt/homebrew/Cellar/go/1.24.6/libexec/src/testing/testing.go:1792 +0x180
  testing.(*T).Run.gowrap1()
      /opt/homebrew/Cellar/go/1.24.6/libexec/src/testing/testing.go:1851 +0x40

Goroutine 14 (running) created at:
  github.com/luxfi/threshold/pkg/pool.NewPool()
      /Users/z/work/lux/threshold/pkg/pool/pool.go:119 +0xec
  github.com/luxfi/threshold/protocols/doerner.TestDoernerKeygenWithTimeout()
      /Users/z/work/lux/threshold/protocols/doerner/doerner_fixed_test.go:24 +0x44
  testing.tRunner()
      /opt/homebrew/Cellar/go/1.24.6/libexec/src/testing/testing.go:1792 +0x180
  testing.(*T).Run.gowrap1()
      /opt/homebrew/Cellar/go/1.24.6/libexec/src/testing/testing.go:1851 +0x40
==================
==================
WARNING: DATA RACE
Write at 0x00c0001d6bc0 by goroutine 11:
  runtime.slicecopy()
      /opt/homebrew/Cellar/go/1.24.6/libexec/src/runtime/slice.go:355 +0x0
  github.com/zeebo/blake3.(*Digest).slowCopy()
      /Users/z/go/pkg/mod/github.com/zeebo/blake3@v0.2.4/digest.go:87 +0x224
  github.com/zeebo/blake3.(*Digest).Read()
      /Users/z/go/pkg/mod/github.com/zeebo/blake3@v0.2.4/digest.go:54 +0x22c
  github.com/luxfi/threshold/internal/ot.(*RandomOTSender).Round1()
      /Users/z/work/lux/threshold/internal/ot/random.go:280 +0x244
  github.com/luxfi/threshold/internal/ot.(*CorreOTSetupReceiver).Round2.func1()
      /Users/z/work/lux/threshold/internal/ot/correlated.go:187 +0x74
  github.com/luxfi/threshold/pkg/pool.worker()
      /Users/z/work/lux/threshold/pkg/pool/pool.go:76 +0xc4
  github.com/luxfi/threshold/pkg/pool.NewPool.gowrap1()
      /Users/z/work/lux/threshold/pkg/pool/pool.go:119 +0x34

Previous write at 0x00c0001d6bc0 by goroutine 14:
  runtime.slicecopy()
      /opt/homebrew/Cellar/go/1.24.6/libexec/src/runtime/slice.go:355 +0x0
  github.com/zeebo/blake3.(*Digest).slowCopy()
      /Users/z/go/pkg/mod/github.com/zeebo/blake3@v0.2.4/digest.go:87 +0x224
  github.com/zeebo/blake3.(*Digest).Read()
      /Users/z/go/pkg/mod/github.com/zeebo/blake3@v0.2.4/digest.go:54 +0x22c
  github.com/luxfi/threshold/internal/ot.(*RandomOTSender).Round1()
      /Users/z/work/lux/threshold/internal/ot/random.go:280 +0x244
  github.com/luxfi/threshold/internal/ot.(*CorreOTSetupReceiver).Round2.func1()
      /Users/z/work/lux/threshold/internal/ot/correlated.go:187 +0x74
  github.com/luxfi/threshold/pkg/pool.worker()
      /Users/z/work/lux/threshold/pkg/pool/pool.go:76 +0xc4
  github.com/luxfi/threshold/pkg/pool.NewPool.gowrap1()
      /Users/z/work/lux/threshold/pkg/pool/pool.go:119 +0x34

Goroutine 11 (running) created at:
  github.com/luxfi/threshold/pkg/pool.NewPool()
      /Users/z/work/lux/threshold/pkg/pool/pool.go:119 +0xec
  github.com/luxfi/threshold/protocols/doerner.TestDoernerKeygenWithTimeout()
      /Users/z/work/lux/threshold/protocols/doerner/doerner_fixed_test.go:24 +0x44
  testing.tRunner()
      /opt/homebrew/Cellar/go/1.24.6/libexec/src/testing/testing.go:1792 +0x180
  testing.(*T).Run.gowrap1()
      /opt/homebrew/Cellar/go/1.24.6/libexec/src/testing/testing.go:1851 +0x40

Goroutine 14 (running) created at:
  github.com/luxfi/threshold/pkg/pool.NewPool()
      /Users/z/work/lux/threshold/pkg/pool/pool.go:119 +0xec
  github.com/luxfi/threshold/protocols/doerner.TestDoernerKeygenWithTimeout()
      /Users/z/work/lux/threshold/protocols/doerner/doerner_fixed_test.go:24 +0x44
  testing.tRunner()
      /opt/homebrew/Cellar/go/1.24.6/libexec/src/testing/testing.go:1792 +0x180
  testing.(*T).Run.gowrap1()
      /opt/homebrew/Cellar/go/1.24.6/libexec/src/testing/testing.go:1851 +0x40
==================
==================
WARNING: DATA RACE
Write at 0x00c000828040 by goroutine 11:
  github.com/zeebo/blake3.(*hasher).reset()
      /Users/z/go/pkg/mod/github.com/zeebo/blake3@v0.2.4/blake3.go:28 +0x2a4
  github.com/zeebo/blake3.(*Hasher).Reset()
      /Users/z/go/pkg/mod/github.com/zeebo/blake3@v0.2.4/api.go:102 +0x25c
  github.com/luxfi/threshold/internal/ot.(*RandomOTSender).Round1()
      /Users/z/work/lux/threshold/internal/ot/random.go:282 +0x248
  github.com/luxfi/threshold/internal/ot.(*CorreOTSetupReceiver).Round2.func1()
      /Users/z/work/lux/threshold/internal/ot/correlated.go:187 +0x74
  github.com/luxfi/threshold/pkg/pool.worker()
      /Users/z/work/lux/threshold/pkg/pool/pool.go:76 +0xc4
  github.com/luxfi/threshold/pkg/pool.NewPool.gowrap1()
      /Users/z/work/lux/threshold/pkg/pool/pool.go:119 +0x34

Previous write at 0x00c000828040 by goroutine 14:
  github.com/zeebo/blake3.(*hasher).reset()
      /Users/z/go/pkg/mod/github.com/zeebo/blake3@v0.2.4/blake3.go:28 +0x2a4
  github.com/zeebo/blake3.(*Hasher).Reset()
      /Users/z/go/pkg/mod/github.com/zeebo/blake3@v0.2.4/api.go:102 +0x25c
  github.com/luxfi/threshold/internal/ot.(*RandomOTSender).Round1()
      /Users/z/work/lux/threshold/internal/ot/random.go:282 +0x248
  github.com/luxfi/threshold/internal/ot.(*CorreOTSetupReceiver).Round2.func1()
      /Users/z/work/lux/threshold/internal/ot/correlated.go:187 +0x74
  github.com/luxfi/threshold/pkg/pool.worker()
      /Users/z/work/lux/threshold/pkg/pool/pool.go:76 +0xc4
  github.com/luxfi/threshold/pkg/pool.NewPool.gowrap1()
      /Users/z/work/lux/threshold/pkg/pool/pool.go:119 +0x34

Goroutine 11 (running) created at:
  github.com/luxfi/threshold/pkg/pool.NewPool()
      /Users/z/work/lux/threshold/pkg/pool/pool.go:119 +0xec
  github.com/luxfi/threshold/protocols/doerner.TestDoernerKeygenWithTimeout()
      /Users/z/work/lux/threshold/protocols/doerner/doerner_fixed_test.go:24 +0x44
  testing.tRunner()
      /opt/homebrew/Cellar/go/1.24.6/libexec/src/testing/testing.go:1792 +0x180
  testing.(*T).Run.gowrap1()
      /opt/homebrew/Cellar/go/1.24.6/libexec/src/testing/testing.go:1851 +0x40

Goroutine 14 (running) created at:
  github.com/luxfi/threshold/pkg/pool.NewPool()
      /Users/z/work/lux/threshold/pkg/pool/pool.go:119 +0xec
  github.com/luxfi/threshold/protocols/doerner.TestDoernerKeygenWithTimeout()
      /Users/z/work/lux/threshold/protocols/doerner/doerner_fixed_test.go:24 +0x44
  testing.tRunner()
      /opt/homebrew/Cellar/go/1.24.6/libexec/src/testing/testing.go:1792 +0x180
  testing.(*T).Run.gowrap1()
      /opt/homebrew/Cellar/go/1.24.6/libexec/src/testing/testing.go:1851 +0x40
==================
==================
WARNING: DATA RACE
Write at 0x00c000828050 by goroutine 11:
  github.com/zeebo/blake3.(*hasher).reset()
      /Users/z/go/pkg/mod/github.com/zeebo/blake3@v0.2.4/blake3.go:30 +0x2c8
  github.com/zeebo/blake3.(*Hasher).Reset()
      /Users/z/go/pkg/mod/github.com/zeebo/blake3@v0.2.4/api.go:102 +0x25c
  github.com/luxfi/threshold/internal/ot.(*RandomOTSender).Round1()
      /Users/z/work/lux/threshold/internal/ot/random.go:282 +0x248
  github.com/luxfi/threshold/internal/ot.(*CorreOTSetupReceiver).Round2.func1()
      /Users/z/work/lux/threshold/internal/ot/correlated.go:187 +0x74
  github.com/luxfi/threshold/pkg/pool.worker()
      /Users/z/work/lux/threshold/pkg/pool/pool.go:76 +0xc4
  github.com/luxfi/threshold/pkg/pool.NewPool.gowrap1()
      /Users/z/work/lux/threshold/pkg/pool/pool.go:119 +0x34

Previous write at 0x00c000828050 by goroutine 14:
  github.com/zeebo/blake3.(*hasher).reset()
      /Users/z/go/pkg/mod/github.com/zeebo/blake3@v0.2.4/blake3.go:30 +0x2c8
  github.com/zeebo/blake3.(*Hasher).Reset()
      /Users/z/go/pkg/mod/github.com/zeebo/blake3@v0.2.4/api.go:102 +0x25c
  github.com/luxfi/threshold/internal/ot.(*RandomOTSender).Round1()
      /Users/z/work/lux/threshold/internal/ot/random.go:282 +0x248
  github.com/luxfi/threshold/internal/ot.(*CorreOTSetupReceiver).Round2.func1()
      /Users/z/work/lux/threshold/internal/ot/correlated.go:187 +0x74
  github.com/luxfi/threshold/pkg/pool.worker()
      /Users/z/work/lux/threshold/pkg/pool/pool.go:76 +0xc4
  github.com/luxfi/threshold/pkg/pool.NewPool.gowrap1()
      /Users/z/work/lux/threshold/pkg/pool/pool.go:119 +0x34

Goroutine 11 (running) created at:
  github.com/luxfi/threshold/pkg/pool.NewPool()
      /Users/z/work/lux/threshold/pkg/pool/pool.go:119 +0xec
  github.com/luxfi/threshold/protocols/doerner.TestDoernerKeygenWithTimeout()
      /Users/z/work/lux/threshold/protocols/doerner/doerner_fixed_test.go:24 +0x44
  testing.tRunner()
      /opt/homebrew/Cellar/go/1.24.6/libexec/src/testing/testing.go:1792 +0x180
  testing.(*T).Run.gowrap1()
      /opt/homebrew/Cellar/go/1.24.6/libexec/src/testing/testing.go:1851 +0x40

Goroutine 14 (running) created at:
  github.com/luxfi/threshold/pkg/pool.NewPool()
      /Users/z/work/lux/threshold/pkg/pool/pool.go:119 +0xec
  github.com/luxfi/threshold/protocols/doerner.TestDoernerKeygenWithTimeout()
      /Users/z/work/lux/threshold/protocols/doerner/doerner_fixed_test.go:24 +0x44
  testing.tRunner()
      /opt/homebrew/Cellar/go/1.24.6/libexec/src/testing/testing.go:1792 +0x180
  testing.(*T).Run.gowrap1()
      /opt/homebrew/Cellar/go/1.24.6/libexec/src/testing/testing.go:1851 +0x40
==================
==================
WARNING: DATA RACE
Write at 0x00c0001d6bd0 by goroutine 11:
  runtime.slicecopy()
      /opt/homebrew/Cellar/go/1.24.6/libexec/src/runtime/slice.go:355 +0x0
  github.com/zeebo/blake3.(*Digest).slowCopy()
      /Users/z/go/pkg/mod/github.com/zeebo/blake3@v0.2.4/digest.go:87 +0x224
  github.com/zeebo/blake3.(*Digest).Read()
      /Users/z/go/pkg/mod/github.com/zeebo/blake3@v0.2.4/digest.go:54 +0x22c
  github.com/luxfi/threshold/internal/ot.(*RandomOTSender).Round1()
      /Users/z/work/lux/threshold/internal/ot/random.go:288 +0x3f0
  github.com/luxfi/threshold/internal/ot.(*CorreOTSetupReceiver).Round2.func1()
      /Users/z/work/lux/threshold/internal/ot/correlated.go:187 +0x74
  github.com/luxfi/threshold/pkg/pool.worker()
      /Users/z/work/lux/threshold/pkg/pool/pool.go:76 +0xc4
  github.com/luxfi/threshold/pkg/pool.NewPool.gowrap1()
      /Users/z/work/lux/threshold/pkg/pool/pool.go:119 +0x34

Previous write at 0x00c0001d6bd0 by goroutine 14:
  runtime.slicecopy()
      /opt/homebrew/Cellar/go/1.24.6/libexec/src/runtime/slice.go:355 +0x0
  github.com/zeebo/blake3.(*Digest).slowCopy()
      /Users/z/go/pkg/mod/github.com/zeebo/blake3@v0.2.4/digest.go:87 +0x224
  github.com/zeebo/blake3.(*Digest).Read()
      /Users/z/go/pkg/mod/github.com/zeebo/blake3@v0.2.4/digest.go:54 +0x22c
  github.com/luxfi/threshold/internal/ot.(*RandomOTSender).Round1()
      /Users/z/work/lux/threshold/internal/ot/random.go:288 +0x3f0
  github.com/luxfi/threshold/internal/ot.(*CorreOTSetupReceiver).Round2.func1()
      /Users/z/work/lux/threshold/internal/ot/correlated.go:187 +0x74
  github.com/luxfi/threshold/pkg/pool.worker()
      /Users/z/work/lux/threshold/pkg/pool/pool.go:76 +0xc4
  github.com/luxfi/threshold/pkg/pool.NewPool.gowrap1()
      /Users/z/work/lux/threshold/pkg/pool/pool.go:119 +0x34

Goroutine 11 (running) created at:
  github.com/luxfi/threshold/pkg/pool.NewPool()
      /Users/z/work/lux/threshold/pkg/pool/pool.go:119 +0xec
  github.com/luxfi/threshold/protocols/doerner.TestDoernerKeygenWithTimeout()
      /Users/z/work/lux/threshold/protocols/doerner/doerner_fixed_test.go:24 +0x44
  testing.tRunner()
      /opt/homebrew/Cellar/go/1.24.6/libexec/src/testing/testing.go:1792 +0x180
  testing.(*T).Run.gowrap1()
      /opt/homebrew/Cellar/go/1.24.6/libexec/src/testing/testing.go:1851 +0x40

Goroutine 14 (running) created at:
  github.com/luxfi/threshold/pkg/pool.NewPool()
      /Users/z/work/lux/threshold/pkg/pool/pool.go:119 +0xec
  github.com/luxfi/threshold/protocols/doerner.TestDoernerKeygenWithTimeout()
      /Users/z/work/lux/threshold/protocols/doerner/doerner_fixed_test.go:24 +0x44
  testing.tRunner()
      /opt/homebrew/Cellar/go/1.24.6/libexec/src/testing/testing.go:1792 +0x180
  testing.(*T).Run.gowrap1()
      /opt/homebrew/Cellar/go/1.24.6/libexec/src/testing/testing.go:1851 +0x40
==================
==================
WARNING: DATA RACE
Write at 0x00c0001d6be0 by goroutine 11:
  runtime.slicecopy()
      /opt/homebrew/Cellar/go/1.24.6/libexec/src/runtime/slice.go:355 +0x0
  github.com/zeebo/blake3.(*Digest).slowCopy()
      /Users/z/go/pkg/mod/github.com/zeebo/blake3@v0.2.4/digest.go:87 +0x224
  github.com/zeebo/blake3.(*Digest).Read()
      /Users/z/go/pkg/mod/github.com/zeebo/blake3@v0.2.4/digest.go:54 +0x22c
  github.com/luxfi/threshold/internal/ot.(*RandomOTSender).Round1()
      /Users/z/work/lux/threshold/internal/ot/random.go:294 +0x528
  github.com/luxfi/threshold/internal/ot.(*CorreOTSetupReceiver).Round2.func1()
      /Users/z/work/lux/threshold/internal/ot/correlated.go:187 +0x74
  github.com/luxfi/threshold/pkg/pool.worker()
      /Users/z/work/lux/threshold/pkg/pool/pool.go:76 +0xc4
  github.com/luxfi/threshold/pkg/pool.NewPool.gowrap1()
      /Users/z/work/lux/threshold/pkg/pool/pool.go:119 +0x34

Previous write at 0x00c0001d6be0 by goroutine 14:
  runtime.slicecopy()
      /opt/homebrew/Cellar/go/1.24.6/libexec/src/runtime/slice.go:355 +0x0
  github.com/zeebo/blake3.(*Digest).slowCopy()
      /Users/z/go/pkg/mod/github.com/zeebo/blake3@v0.2.4/digest.go:87 +0x224
  github.com/zeebo/blake3.(*Digest).Read()
      /Users/z/go/pkg/mod/github.com/zeebo/blake3@v0.2.4/digest.go:54 +0x22c
  github.com/luxfi/threshold/internal/ot.(*RandomOTSender).Round1()
      /Users/z/work/lux/threshold/internal/ot/random.go:294 +0x528
  github.com/luxfi/threshold/internal/ot.(*CorreOTSetupReceiver).Round2.func1()
      /Users/z/work/lux/threshold/internal/ot/correlated.go:187 +0x74
  github.com/luxfi/threshold/pkg/pool.worker()
      /Users/z/work/lux/threshold/pkg/pool/pool.go:76 +0xc4
  github.com/luxfi/threshold/pkg/pool.NewPool.gowrap1()
      /Users/z/work/lux/threshold/pkg/pool/pool.go:119 +0x34

Goroutine 11 (running) created at:
  github.com/luxfi/threshold/pkg/pool.NewPool()
      /Users/z/work/lux/threshold/pkg/pool/pool.go:119 +0xec
  github.com/luxfi/threshold/protocols/doerner.TestDoernerKeygenWithTimeout()
      /Users/z/work/lux/threshold/protocols/doerner/doerner_fixed_test.go:24 +0x44
  testing.tRunner()
      /opt/homebrew/Cellar/go/1.24.6/libexec/src/testing/testing.go:1792 +0x180
  testing.(*T).Run.gowrap1()
      /opt/homebrew/Cellar/go/1.24.6/libexec/src/testing/testing.go:1851 +0x40

Goroutine 14 (running) created at:
  github.com/luxfi/threshold/pkg/pool.NewPool()
      /Users/z/work/lux/threshold/pkg/pool/pool.go:119 +0xec
  github.com/luxfi/threshold/protocols/doerner.TestDoernerKeygenWithTimeout()
      /Users/z/work/lux/threshold/protocols/doerner/doerner_fixed_test.go:24 +0x44
  testing.tRunner()
      /opt/homebrew/Cellar/go/1.24.6/libexec/src/testing/testing.go:1792 +0x180
  testing.(*T).Run.gowrap1()
      /opt/homebrew/Cellar/go/1.24.6/libexec/src/testing/testing.go:1851 +0x40
==================
==================
WARNING: DATA RACE
Write at 0x00c0001d6bf0 by goroutine 11:
  runtime.slicecopy()
      /opt/homebrew/Cellar/go/1.24.6/libexec/src/runtime/slice.go:355 +0x0
  github.com/zeebo/blake3.(*Digest).slowCopy()
      /Users/z/go/pkg/mod/github.com/zeebo/blake3@v0.2.4/digest.go:87 +0x224
  github.com/zeebo/blake3.(*Digest).Read()
      /Users/z/go/pkg/mod/github.com/zeebo/blake3@v0.2.4/digest.go:54 +0x22c
  github.com/luxfi/threshold/internal/ot.(*RandomOTSender).Round1()
      /Users/z/work/lux/threshold/internal/ot/random.go:298 +0x660
  github.com/luxfi/threshold/internal/ot.(*CorreOTSetupReceiver).Round2.func1()
      /Users/z/work/lux/threshold/internal/ot/correlated.go:187 +0x74
  github.com/luxfi/threshold/pkg/pool.worker()
      /Users/z/work/lux/threshold/pkg/pool/pool.go:76 +0xc4
  github.com/luxfi/threshold/pkg/pool.NewPool.gowrap1()
      /Users/z/work/lux/threshold/pkg/pool/pool.go:119 +0x34

Previous write at 0x00c0001d6bf0 by goroutine 14:
  runtime.slicecopy()
      /opt/homebrew/Cellar/go/1.24.6/libexec/src/runtime/slice.go:355 +0x0
  github.com/zeebo/blake3.(*Digest).slowCopy()
      /Users/z/go/pkg/mod/github.com/zeebo/blake3@v0.2.4/digest.go:87 +0x224
  github.com/zeebo/blake3.(*Digest).Read()
      /Users/z/go/pkg/mod/github.com/zeebo/blake3@v0.2.4/digest.go:54 +0x22c
  github.com/luxfi/threshold/internal/ot.(*RandomOTSender).Round1()
      /Users/z/work/lux/threshold/internal/ot/random.go:298 +0x660
  github.com/luxfi/threshold/internal/ot.(*CorreOTSetupReceiver).Round2.func1()
      /Users/z/work/lux/threshold/internal/ot/correlated.go:187 +0x74
  github.com/luxfi/threshold/pkg/pool.worker()
      /Users/z/work/lux/threshold/pkg/pool/pool.go:76 +0xc4
  github.com/luxfi/threshold/pkg/pool.NewPool.gowrap1()
      /Users/z/work/lux/threshold/pkg/pool/pool.go:119 +0x34

Goroutine 11 (running) created at:
  github.com/luxfi/threshold/pkg/pool.NewPool()
      /Users/z/work/lux/threshold/pkg/pool/pool.go:119 +0xec
  github.com/luxfi/threshold/protocols/doerner.TestDoernerKeygenWithTimeout()
      /Users/z/work/lux/threshold/protocols/doerner/doerner_fixed_test.go:24 +0x44
  testing.tRunner()
      /opt/homebrew/Cellar/go/1.24.6/libexec/src/testing/testing.go:1792 +0x180
  testing.(*T).Run.gowrap1()
      /opt/homebrew/Cellar/go/1.24.6/libexec/src/testing/testing.go:1851 +0x40

Goroutine 14 (running) created at:
  github.com/luxfi/threshold/pkg/pool.NewPool()
      /Users/z/work/lux/threshold/pkg/pool/pool.go:119 +0xec
  github.com/luxfi/threshold/protocols/doerner.TestDoernerKeygenWithTimeout()
      /Users/z/work/lux/threshold/protocols/doerner/doerner_fixed_test.go:24 +0x44
  testing.tRunner()
      /opt/homebrew/Cellar/go/1.24.6/libexec/src/testing/testing.go:1792 +0x180
  testing.(*T).Run.gowrap1()
      /opt/homebrew/Cellar/go/1.24.6/libexec/src/testing/testing.go:1851 +0x40
==================
==================
WARNING: DATA RACE
Write at 0x00c0001d6c00 by goroutine 11:
  runtime.slicecopy()
      /opt/homebrew/Cellar/go/1.24.6/libexec/src/runtime/slice.go:355 +0x0
  github.com/zeebo/blake3.(*Digest).slowCopy()
      /Users/z/go/pkg/mod/github.com/zeebo/blake3@v0.2.4/digest.go:87 +0x224
  github.com/zeebo/blake3.(*Digest).Read()
      /Users/z/go/pkg/mod/github.com/zeebo/blake3@v0.2.4/digest.go:54 +0x22c
  github.com/luxfi/threshold/internal/ot.(*RandomOTSender).Round1()
      /Users/z/work/lux/threshold/internal/ot/random.go:302 +0x798
  github.com/luxfi/threshold/internal/ot.(*CorreOTSetupReceiver).Round2.func1()
      /Users/z/work/lux/threshold/internal/ot/correlated.go:187 +0x74
  github.com/luxfi/threshold/pkg/pool.worker()
      /Users/z/work/lux/threshold/pkg/pool/pool.go:76 +0xc4
  github.com/luxfi/threshold/pkg/pool.NewPool.gowrap1()
      /Users/z/work/lux/threshold/pkg/pool/pool.go:119 +0x34

Previous read at 0x00c0001d6c06 by goroutine 14:
  github.com/luxfi/threshold/internal/ot.(*RandomOTSender).Round1()
      /Users/z/work/lux/threshold/internal/ot/random.go:309 +0x94c
  github.com/luxfi/threshold/internal/ot.(*CorreOTSetupReceiver).Round2.func1()
      /Users/z/work/lux/threshold/internal/ot/correlated.go:187 +0x74
  github.com/luxfi/threshold/pkg/pool.worker()
      /Users/z/work/lux/threshold/pkg/pool/pool.go:76 +0xc4
  github.com/luxfi/threshold/pkg/pool.NewPool.gowrap1()
      /Users/z/work/lux/threshold/pkg/pool/pool.go:119 +0x34

Goroutine 11 (running) created at:
  github.com/luxfi/threshold/pkg/pool.NewPool()
      /Users/z/work/lux/threshold/pkg/pool/pool.go:119 +0xec
  github.com/luxfi/threshold/protocols/doerner.TestDoernerKeygenWithTimeout()
      /Users/z/work/lux/threshold/protocols/doerner/doerner_fixed_test.go:24 +0x44
  testing.tRunner()
      /opt/homebrew/Cellar/go/1.24.6/libexec/src/testing/testing.go:1792 +0x180
  testing.(*T).Run.gowrap1()
      /opt/homebrew/Cellar/go/1.24.6/libexec/src/testing/testing.go:1851 +0x40

Goroutine 14 (running) created at:
  github.com/luxfi/threshold/pkg/pool.NewPool()
      /Users/z/work/lux/threshold/pkg/pool/pool.go:119 +0xec
  github.com/luxfi/threshold/protocols/doerner.TestDoernerKeygenWithTimeout()
      /Users/z/work/lux/threshold/protocols/doerner/doerner_fixed_test.go:24 +0x44
  testing.tRunner()
      /opt/homebrew/Cellar/go/1.24.6/libexec/src/testing/testing.go:1792 +0x180
  testing.(*T).Run.gowrap1()
      /opt/homebrew/Cellar/go/1.24.6/libexec/src/testing/testing.go:1851 +0x40
==================
==================
WARNING: DATA RACE
Write at 0x00c000825548 by goroutine 16:
  github.com/zeebo/blake3.(*hasher).reset()
      /Users/z/go/pkg/mod/github.com/zeebo/blake3@v0.2.4/blake3.go:29 +0x14c
  github.com/zeebo/blake3.(*Hasher).Reset()
      /Users/z/go/pkg/mod/github.com/zeebo/blake3@v0.2.4/api.go:102 +0xf0
  github.com/luxfi/threshold/internal/ot.(*RandomOTSender).Round1()
      /Users/z/work/lux/threshold/internal/ot/random.go:274 +0xdc
  github.com/luxfi/threshold/internal/ot.(*CorreOTSetupReceiver).Round2.func1()
      /Users/z/work/lux/threshold/internal/ot/correlated.go:187 +0x74
  github.com/luxfi/threshold/pkg/pool.worker()
      /Users/z/work/lux/threshold/pkg/pool/pool.go:76 +0xc4
  github.com/luxfi/threshold/pkg/pool.NewPool.gowrap1()
      /Users/z/work/lux/threshold/pkg/pool/pool.go:119 +0x34

Previous write at 0x00c000825548 by goroutine 15:
  github.com/zeebo/blake3.(*hasher).reset()
      /Users/z/go/pkg/mod/github.com/zeebo/blake3@v0.2.4/blake3.go:29 +0x80c
  github.com/zeebo/blake3.(*Hasher).Reset()
      /Users/z/go/pkg/mod/github.com/zeebo/blake3@v0.2.4/api.go:102 +0x7b0
  github.com/luxfi/threshold/internal/ot.(*RandomOTSender).Round1()
      /Users/z/work/lux/threshold/internal/ot/random.go:304 +0x79c
  github.com/luxfi/threshold/internal/ot.(*CorreOTSetupReceiver).Round2.func1()
      /Users/z/work/lux/threshold/internal/ot/correlated.go:187 +0x74
  github.com/luxfi/threshold/pkg/pool.worker()
      /Users/z/work/lux/threshold/pkg/pool/pool.go:76 +0xc4
  github.com/luxfi/threshold/pkg/pool.NewPool.gowrap1()
      /Users/z/work/lux/threshold/pkg/pool/pool.go:119 +0x34

Goroutine 16 (running) created at:
  github.com/luxfi/threshold/pkg/pool.NewPool()
      /Users/z/work/lux/threshold/pkg/pool/pool.go:119 +0xec
  github.com/luxfi/threshold/protocols/doerner.TestDoernerKeygenWithTimeout()
      /Users/z/work/lux/threshold/protocols/doerner/doerner_fixed_test.go:24 +0x44
  testing.tRunner()
      /opt/homebrew/Cellar/go/1.24.6/libexec/src/testing/testing.go:1792 +0x180
  testing.(*T).Run.gowrap1()
      /opt/homebrew/Cellar/go/1.24.6/libexec/src/testing/testing.go:1851 +0x40

Goroutine 15 (running) created at:
  github.com/luxfi/threshold/pkg/pool.NewPool()
      /Users/z/work/lux/threshold/pkg/pool/pool.go:119 +0xec
  github.com/luxfi/threshold/protocols/doerner.TestDoernerKeygenWithTimeout()
      /Users/z/work/lux/threshold/protocols/doerner/doerner_fixed_test.go:24 +0x44
  testing.tRunner()
      /opt/homebrew/Cellar/go/1.24.6/libexec/src/testing/testing.go:1792 +0x180
  testing.(*T).Run.gowrap1()
      /opt/homebrew/Cellar/go/1.24.6/libexec/src/testing/testing.go:1851 +0x40
==================
==================
WARNING: DATA RACE
Write at 0x00c00082b4d8 by goroutine 14:
  runtime.slicecopy()
      /opt/homebrew/Cellar/go/1.24.6/libexec/src/runtime/slice.go:355 +0x0
  github.com/zeebo/blake3.(*hasher).updateString()
      /Users/z/go/pkg/mod/github.com/zeebo/blake3@v0.2.4/blake3.go:47 +0x148
  github.com/zeebo/blake3.(*hasher).update()
      /Users/z/go/pkg/mod/github.com/zeebo/blake3@v0.2.4/blake3.go:35 +0x1f4
  github.com/zeebo/blake3.(*Hasher).Write()
      /Users/z/go/pkg/mod/github.com/zeebo/blake3@v0.2.4/api.go:89 +0x198
  github.com/luxfi/threshold/internal/ot.(*RandomOTSender).Round1()
      /Users/z/work/lux/threshold/internal/ot/random.go:279 +0x188
  github.com/luxfi/threshold/internal/ot.(*CorreOTSetupReceiver).Round2.func1()
      /Users/z/work/lux/threshold/internal/ot/correlated.go:187 +0x74
  github.com/luxfi/threshold/pkg/pool.worker()
      /Users/z/work/lux/threshold/pkg/pool/pool.go:76 +0xc4
  github.com/luxfi/threshold/pkg/pool.NewPool.gowrap1()
      /Users/z/work/lux/threshold/pkg/pool/pool.go:119 +0x34

Previous write at 0x00c00082b4d8 by goroutine 19:
  runtime.slicecopy()
      /opt/homebrew/Cellar/go/1.24.6/libexec/src/runtime/slice.go:355 +0x0
  github.com/zeebo/blake3.(*hasher).updateString()
      /Users/z/go/pkg/mod/github.com/zeebo/blake3@v0.2.4/blake3.go:47 +0x148
  github.com/zeebo/blake3.(*hasher).update()
      /Users/z/go/pkg/mod/github.com/zeebo/blake3@v0.2.4/blake3.go:35 +0x880
  github.com/zeebo/blake3.(*Hasher).Write()
      /Users/z/go/pkg/mod/github.com/zeebo/blake3@v0.2.4/api.go:89 +0x838
  github.com/luxfi/threshold/internal/ot.(*RandomOTSender).Round1()
      /Users/z/work/lux/threshold/internal/ot/random.go:305 +0x828
  github.com/luxfi/threshold/internal/ot.(*CorreOTSetupReceiver).Round2.func1()
      /Users/z/work/lux/threshold/internal/ot/correlated.go:187 +0x74
  github.com/luxfi/threshold/pkg/pool.worker()
      /Users/z/work/lux/threshold/pkg/pool/pool.go:76 +0xc4
  github.com/luxfi/threshold/pkg/pool.NewPool.gowrap1()
      /Users/z/work/lux/threshold/pkg/pool/pool.go:119 +0x34

Goroutine 14 (running) created at:
  github.com/luxfi/threshold/pkg/pool.NewPool()
      /Users/z/work/lux/threshold/pkg/pool/pool.go:119 +0xec
  github.com/luxfi/threshold/protocols/doerner.TestDoernerKeygenWithTimeout()
      /Users/z/work/lux/threshold/protocols/doerner/doerner_fixed_test.go:24 +0x44
  testing.tRunner()
      /opt/homebrew/Cellar/go/1.24.6/libexec/src/testing/testing.go:1792 +0x180
  testing.(*T).Run.gowrap1()
      /opt/homebrew/Cellar/go/1.24.6/libexec/src/testing/testing.go:1851 +0x40

Goroutine 19 (running) created at:
  github.com/luxfi/threshold/pkg/pool.NewPool()
      /Users/z/work/lux/threshold/pkg/pool/pool.go:119 +0xec
  github.com/luxfi/threshold/protocols/doerner.TestDoernerKeygenWithTimeout()
      /Users/z/work/lux/threshold/protocols/doerner/doerner_fixed_test.go:24 +0x44
  testing.tRunner()
      /opt/homebrew/Cellar/go/1.24.6/libexec/src/testing/testing.go:1792 +0x180
  testing.(*T).Run.gowrap1()
      /opt/homebrew/Cellar/go/1.24.6/libexec/src/testing/testing.go:1851 +0x40
==================
2025-08-15T22:12:52.485-0500	DEBUG	protocol/handler.go:581	tryAdvanceRound called	{"{current_round 20 2  <nil>}": {"Key":"self","Type":15,"Integer":0,"String":"b","Interface":null}}
2025-08-15T22:12:52.486-0500	DEBUG	protocol/handler.go:1635	waiting for messages	{"{round 20 2  <nil>}": {"Key":"missing","Type":15,"Integer":0,"String":"[a]","Interface":null}}
2025-08-15T22:12:52.509-0500	DEBUG	protocol/handler.go:581	tryAdvanceRound called	{"{current_round 20 2  <nil>}": {"Key":"self","Type":15,"Integer":0,"String":"b","Interface":null}}
2025-08-15T22:12:52.509-0500	DEBUG	protocol/handler.go:1635	waiting for messages	{"{round 20 2  <nil>}": {"Key":"missing","Type":15,"Integer":0,"String":"[a]","Interface":null}}
2025-08-15T22:12:52.519-0500	DEBUG	protocol/handler.go:581	tryAdvanceRound called	{"{current_round 20 2  <nil>}": {"Key":"self","Type":15,"Integer":0,"String":"b","Interface":null}}
2025-08-15T22:12:52.519-0500	DEBUG	protocol/handler.go:1635	waiting for messages	{"{round 20 2  <nil>}": {"Key":"missing","Type":15,"Integer":0,"String":"[a]","Interface":null}}
2025-08-15T22:12:52.539-0500	DEBUG	protocol/handler.go:581	tryAdvanceRound called	{"{current_round 20 2  <nil>}": {"Key":"self","Type":15,"Integer":0,"String":"b","Interface":null}}
2025-08-15T22:12:52.539-0500	DEBUG	protocol/handler.go:1635	waiting for messages	{"{round 20 2  <nil>}": {"Key":"missing","Type":15,"Integer":0,"String":"[a]","Interface":null}}
2025-08-15T22:12:52.563-0500	DEBUG	protocol/handler.go:581	tryAdvanceRound called	{"{current_round 20 2  <nil>}": {"Key":"self","Type":15,"Integer":0,"String":"b","Interface":null}}
2025-08-15T22:12:52.564-0500	DEBUG	protocol/handler.go:1635	waiting for messages	{"{round 20 2  <nil>}": {"Key":"missing","Type":15,"Integer":0,"String":"[a]","Interface":null}}
2025-08-15T22:12:52.580-0500	DEBUG	protocol/handler.go:581	tryAdvanceRound called	{"{current_round 20 2  <nil>}": {"Key":"self","Type":15,"Integer":0,"String":"b","Interface":null}}
2025-08-15T22:12:52.580-0500	DEBUG	protocol/handler.go:1635	waiting for messages	{"{round 20 2  <nil>}": {"Key":"missing","Type":15,"Integer":0,"String":"[a]","Interface":null}}
2025-08-15T22:12:52.594-0500	DEBUG	protocol/handler.go:581	tryAdvanceRound called	{"{current_round 20 2  <nil>}": {"Key":"self","Type":15,"Integer":0,"String":"b","Interface":null}}
2025-08-15T22:12:52.594-0500	DEBUG	protocol/handler.go:1635	waiting for messages	{"{round 20 2  <nil>}": {"Key":"missing","Type":15,"Integer":0,"String":"[a]","Interface":null}}
2025-08-15T22:12:52.615-0500	DEBUG	protocol/handler.go:581	tryAdvanceRound called	{"{current_round 20 2  <nil>}": {"Key":"self","Type":15,"Integer":0,"String":"b","Interface":null}}
2025-08-15T22:12:52.623-0500	DEBUG	protocol/handler.go:1635	waiting for messages	{"{round 20 2  <nil>}": {"Key":"missing","Type":15,"Integer":0,"String":"[a]","Interface":null}}
2025-08-15T22:12:52.641-0500	DEBUG	protocol/handler.go:581	tryAdvanceRound called	{"{current_round 20 2  <nil>}": {"Key":"self","Type":15,"Integer":0,"String":"b","Interface":null}}
2025-08-15T22:12:52.645-0500	DEBUG	protocol/handler.go:1635	waiting for messages	{"{round 20 2  <nil>}": {"Key":"missing","Type":15,"Integer":0,"String":"[a]","Interface":null}}
2025-08-15T22:12:52.681-0500	DEBUG	protocol/handler.go:581	tryAdvanceRound called	{"{current_round 20 2  <nil>}": {"Key":"self","Type":15,"Integer":0,"String":"b","Interface":null}}
2025-08-15T22:12:52.681-0500	DEBUG	protocol/handler.go:1635	waiting for messages	{"{round 20 2  <nil>}": {"Key":"missing","Type":15,"Integer":0,"String":"[a]","Interface":null}}
2025-08-15T22:12:52.682-0500	DEBUG	protocol/handler.go:581	tryAdvanceRound called	{"{current_round 20 2  <nil>}": {"Key":"self","Type":15,"Integer":0,"String":"b","Interface":null}}
2025-08-15T22:12:52.682-0500	DEBUG	protocol/handler.go:1635	waiting for messages	{"{round 20 2  <nil>}": {"Key":"missing","Type":15,"Integer":0,"String":"[a]","Interface":null}}
2025-08-15T22:12:52.701-0500	DEBUG	protocol/handler.go:581	tryAdvanceRound called	{"{current_round 20 2  <nil>}": {"Key":"self","Type":15,"Integer":0,"String":"b","Interface":null}}
2025-08-15T22:12:52.715-0500	DEBUG	protocol/handler.go:1635	waiting for messages	{"{round 20 2  <nil>}": {"Key":"missing","Type":15,"Integer":0,"String":"[a]","Interface":null}}
2025-08-15T22:12:52.715-0500	DEBUG	protocol/handler.go:581	tryAdvanceRound called	{"{current_round 20 2  <nil>}": {"Key":"self","Type":15,"Integer":0,"String":"b","Interface":null}}
2025-08-15T22:12:52.715-0500	DEBUG	protocol/handler.go:1635	waiting for messages	{"{round 20 2  <nil>}": {"Key":"missing","Type":15,"Integer":0,"String":"[a]","Interface":null}}
2025-08-15T22:12:52.724-0500	DEBUG	protocol/handler.go:581	tryAdvanceRound called	{"{current_round 20 2  <nil>}": {"Key":"self","Type":15,"Integer":0,"String":"b","Interface":null}}
2025-08-15T22:12:52.724-0500	DEBUG	protocol/handler.go:1635	waiting for messages	{"{round 20 2  <nil>}": {"Key":"missing","Type":15,"Integer":0,"String":"[a]","Interface":null}}
2025-08-15T22:12:52.729-0500	DEBUG	protocol/handler.go:581	tryAdvanceRound called	{"{current_round 20 2  <nil>}": {"Key":"self","Type":15,"Integer":0,"String":"b","Interface":null}}
2025-08-15T22:12:52.729-0500	DEBUG	protocol/handler.go:1635	waiting for messages	{"{round 20 2  <nil>}": {"Key":"missing","Type":15,"Integer":0,"String":"[a]","Interface":null}}
2025-08-15T22:12:52.743-0500	DEBUG	protocol/handler.go:581	tryAdvanceRound called	{"{current_round 20 2  <nil>}": {"Key":"self","Type":15,"Integer":0,"String":"b","Interface":null}}
2025-08-15T22:12:52.748-0500	DEBUG	protocol/handler.go:1635	waiting for messages	{"{round 20 2  <nil>}": {"Key":"missing","Type":15,"Integer":0,"String":"[a]","Interface":null}}
2025-08-15T22:12:52.748-0500	DEBUG	protocol/handler.go:581	tryAdvanceRound called	{"{current_round 20 2  <nil>}": {"Key":"self","Type":15,"Integer":0,"String":"b","Interface":null}}
2025-08-15T22:12:52.748-0500	DEBUG	protocol/handler.go:1635	waiting for messages	{"{round 20 2  <nil>}": {"Key":"missing","Type":15,"Integer":0,"String":"[a]","Interface":null}}
2025-08-15T22:12:52.767-0500	DEBUG	protocol/handler.go:581	tryAdvanceRound called	{"{current_round 20 2  <nil>}": {"Key":"self","Type":15,"Integer":0,"String":"b","Interface":null}}
2025-08-15T22:12:52.767-0500	DEBUG	protocol/handler.go:1635	waiting for messages	{"{round 20 2  <nil>}": {"Key":"missing","Type":15,"Integer":0,"String":"[a]","Interface":null}}
2025-08-15T22:12:52.784-0500	DEBUG	protocol/handler.go:581	tryAdvanceRound called	{"{current_round 20 2  <nil>}": {"Key":"self","Type":15,"Integer":0,"String":"b","Interface":null}}
2025-08-15T22:12:52.784-0500	DEBUG	protocol/handler.go:1635	waiting for messages	{"{round 20 2  <nil>}": {"Key":"missing","Type":15,"Integer":0,"String":"[a]","Interface":null}}
2025-08-15T22:12:52.821-0500	DEBUG	protocol/handler.go:581	tryAdvanceRound called	{"{current_round 20 2  <nil>}": {"Key":"self","Type":15,"Integer":0,"String":"b","Interface":null}}
2025-08-15T22:12:52.822-0500	DEBUG	protocol/handler.go:1635	waiting for messages	{"{round 20 2  <nil>}": {"Key":"missing","Type":15,"Integer":0,"String":"[a]","Interface":null}}
2025-08-15T22:12:52.829-0500	DEBUG	protocol/handler.go:581	tryAdvanceRound called	{"{current_round 20 2  <nil>}": {"Key":"self","Type":15,"Integer":0,"String":"b","Interface":null}}
2025-08-15T22:12:52.829-0500	DEBUG	protocol/handler.go:1635	waiting for messages	{"{round 20 2  <nil>}": {"Key":"missing","Type":15,"Integer":0,"String":"[a]","Interface":null}}
2025-08-15T22:12:52.847-0500	DEBUG	protocol/handler.go:581	tryAdvanceRound called	{"{current_round 20 2  <nil>}": {"Key":"self","Type":15,"Integer":0,"String":"b","Interface":null}}
2025-08-15T22:12:52.848-0500	DEBUG	protocol/handler.go:1635	waiting for messages	{"{round 20 2  <nil>}": {"Key":"missing","Type":15,"Integer":0,"String":"[a]","Interface":null}}
2025-08-15T22:12:52.856-0500	DEBUG	protocol/handler.go:581	tryAdvanceRound called	{"{current_round 20 2  <nil>}": {"Key":"self","Type":15,"Integer":0,"String":"b","Interface":null}}
2025-08-15T22:12:52.856-0500	DEBUG	protocol/handler.go:1635	waiting for messages	{"{round 20 2  <nil>}": {"Key":"missing","Type":15,"Integer":0,"String":"[a]","Interface":null}}
==================
WARNING: DATA RACE
Write at 0x00c0008ed548 by goroutine 11:
  github.com/zeebo/blake3.(*hasher).reset()
      /Users/z/go/pkg/mod/github.com/zeebo/blake3@v0.2.4/blake3.go:29 +0x14c
  github.com/zeebo/blake3.(*Hasher).Reset()
      /Users/z/go/pkg/mod/github.com/zeebo/blake3@v0.2.4/api.go:102 +0xf0
  github.com/luxfi/threshold/internal/ot.(*RandomOTSender).Round1()
      /Users/z/work/lux/threshold/internal/ot/random.go:274 +0xdc
  github.com/luxfi/threshold/internal/ot.(*CorreOTSetupReceiver).Round2.func1()
      /Users/z/work/lux/threshold/internal/ot/correlated.go:187 +0x74
  github.com/luxfi/threshold/pkg/pool.worker()
      /Users/z/work/lux/threshold/pkg/pool/pool.go:76 +0xc4
  github.com/luxfi/threshold/pkg/pool.NewPool.gowrap1()
      /Users/z/work/lux/threshold/pkg/pool/pool.go:119 +0x34

Previous write at 0x00c0008ed548 by goroutine 17:
  github.com/zeebo/blake3.(*hasher).reset()
      /Users/z/go/pkg/mod/github.com/zeebo/blake3@v0.2.4/blake3.go:29 +0x2b8
  github.com/zeebo/blake3.(*Hasher).Reset()
      /Users/z/go/pkg/mod/github.com/zeebo/blake3@v0.2.4/api.go:102 +0x25c
  github.com/luxfi/threshold/internal/ot.(*RandomOTSender).Round1()
      /Users/z/work/lux/threshold/internal/ot/random.go:282 +0x248
  github.com/luxfi/threshold/internal/ot.(*CorreOTSetupReceiver).Round2.func1()
      /Users/z/work/lux/threshold/internal/ot/correlated.go:187 +0x74
  github.com/luxfi/threshold/pkg/pool.worker()
      /Users/z/work/lux/threshold/pkg/pool/pool.go:76 +0xc4
  github.com/luxfi/threshold/pkg/pool.NewPool.gowrap1()
      /Users/z/work/lux/threshold/pkg/pool/pool.go:119 +0x34

Goroutine 11 (running) created at:
  github.com/luxfi/threshold/pkg/pool.NewPool()
      /Users/z/work/lux/threshold/pkg/pool/pool.go:119 +0xec
  github.com/luxfi/threshold/protocols/doerner.TestDoernerKeygenWithTimeout()
      /Users/z/work/lux/threshold/protocols/doerner/doerner_fixed_test.go:24 +0x44
  testing.tRunner()
      /opt/homebrew/Cellar/go/1.24.6/libexec/src/testing/testing.go:1792 +0x180
  testing.(*T).Run.gowrap1()
      /opt/homebrew/Cellar/go/1.24.6/libexec/src/testing/testing.go:1851 +0x40

Goroutine 17 (running) created at:
  github.com/luxfi/threshold/pkg/pool.NewPool()
      /Users/z/work/lux/threshold/pkg/pool/pool.go:119 +0xec
  github.com/luxfi/threshold/protocols/doerner.TestDoernerKeygenWithTimeout()
      /Users/z/work/lux/threshold/protocols/doerner/doerner_fixed_test.go:24 +0x44
  testing.tRunner()
      /opt/homebrew/Cellar/go/1.24.6/libexec/src/testing/testing.go:1792 +0x180
  testing.(*T).Run.gowrap1()
      /opt/homebrew/Cellar/go/1.24.6/libexec/src/testing/testing.go:1851 +0x40
==================
==================
WARNING: DATA RACE
Read at 0x00c0008ed508 by goroutine 11:
  github.com/zeebo/blake3.(*hasher).updateString()
      /Users/z/go/pkg/mod/github.com/zeebo/blake3@v0.2.4/blake3.go:42 +0x3c
  github.com/zeebo/blake3.(*hasher).update()
      /Users/z/go/pkg/mod/github.com/zeebo/blake3@v0.2.4/blake3.go:35 +0x1f4
  github.com/zeebo/blake3.(*Hasher).Write()
      /Users/z/go/pkg/mod/github.com/zeebo/blake3@v0.2.4/api.go:89 +0x198
  github.com/luxfi/threshold/internal/ot.(*RandomOTSender).Round1()
      /Users/z/work/lux/threshold/internal/ot/random.go:279 +0x188
  github.com/luxfi/threshold/internal/ot.(*CorreOTSetupReceiver).Round2.func1()
      /Users/z/work/lux/threshold/internal/ot/correlated.go:187 +0x74
  github.com/luxfi/threshold/pkg/pool.worker()
      /Users/z/work/lux/threshold/pkg/pool/pool.go:76 +0xc4
  github.com/luxfi/threshold/pkg/pool.NewPool.gowrap1()
      /Users/z/work/lux/threshold/pkg/pool/pool.go:119 +0x34

Previous write at 0x00c0008ed508 by goroutine 17:
  github.com/zeebo/blake3.(*hasher).updateString()
      /Users/z/go/pkg/mod/github.com/zeebo/blake3@v0.2.4/blake3.go:48 +0x164
  github.com/zeebo/blake3.(*hasher).update()
      /Users/z/go/pkg/mod/github.com/zeebo/blake3@v0.2.4/blake3.go:35 +0x3a0
  github.com/zeebo/blake3.(*Hasher).Write()
      /Users/z/go/pkg/mod/github.com/zeebo/blake3@v0.2.4/api.go:89 +0x334
  github.com/luxfi/threshold/internal/ot.(*RandomOTSender).Round1()
      /Users/z/work/lux/threshold/internal/ot/random.go:287 +0x324
  github.com/luxfi/threshold/internal/ot.(*CorreOTSetupReceiver).Round2.func1()
      /Users/z/work/lux/threshold/internal/ot/correlated.go:187 +0x74
  github.com/luxfi/threshold/pkg/pool.worker()
      /Users/z/work/lux/threshold/pkg/pool/pool.go:76 +0xc4
  github.com/luxfi/threshold/pkg/pool.NewPool.gowrap1()
      /Users/z/work/lux/threshold/pkg/pool/pool.go:119 +0x34

Goroutine 11 (running) created at:
  github.com/luxfi/threshold/pkg/pool.NewPool()
      /Users/z/work/lux/threshold/pkg/pool/pool.go:119 +0xec
  github.com/luxfi/threshold/protocols/doerner.TestDoernerKeygenWithTimeout()
      /Users/z/work/lux/threshold/protocols/doerner/doerner_fixed_test.go:24 +0x44
  testing.tRunner()
      /opt/homebrew/Cellar/go/1.24.6/libexec/src/testing/testing.go:1792 +0x180
  testing.(*T).Run.gowrap1()
      /opt/homebrew/Cellar/go/1.24.6/libexec/src/testing/testing.go:1851 +0x40

Goroutine 17 (running) created at:
  github.com/luxfi/threshold/pkg/pool.NewPool()
      /Users/z/work/lux/threshold/pkg/pool/pool.go:119 +0xec
  github.com/luxfi/threshold/protocols/doerner.TestDoernerKeygenWithTimeout()
      /Users/z/work/lux/threshold/protocols/doerner/doerner_fixed_test.go:24 +0x44
  testing.tRunner()
      /opt/homebrew/Cellar/go/1.24.6/libexec/src/testing/testing.go:1792 +0x180
  testing.(*T).Run.gowrap1()
      /opt/homebrew/Cellar/go/1.24.6/libexec/src/testing/testing.go:1851 +0x40
==================
==================
WARNING: DATA RACE
Read at 0x00c0008ed510 by goroutine 11:
  github.com/zeebo/blake3.(*hasher).finalizeDigest()
      /Users/z/go/pkg/mod/github.com/zeebo/blake3@v0.2.4/blake3.go:75 +0x40
  github.com/zeebo/blake3.(*Hasher).Digest()
      /Users/z/go/pkg/mod/github.com/zeebo/blake3@v0.2.4/api.go:141 +0x230
  github.com/luxfi/threshold/internal/ot.(*RandomOTSender).Round1()
      /Users/z/work/lux/threshold/internal/ot/random.go:280 +0x19c
  github.com/luxfi/threshold/internal/ot.(*CorreOTSetupReceiver).Round2.func1()
      /Users/z/work/lux/threshold/internal/ot/correlated.go:187 +0x74
  github.com/luxfi/threshold/pkg/pool.worker()
      /Users/z/work/lux/threshold/pkg/pool/pool.go:76 +0xc4
  github.com/luxfi/threshold/pkg/pool.NewPool.gowrap1()
      /Users/z/work/lux/threshold/pkg/pool/pool.go:119 +0x34

Previous write at 0x00c0008ed510 by goroutine 17:
  github.com/zeebo/blake3.(*hasher).reset()
      /Users/z/go/pkg/mod/github.com/zeebo/blake3@v0.2.4/blake3.go:27 +0x440
  github.com/zeebo/blake3.(*Hasher).Reset()
      /Users/z/go/pkg/mod/github.com/zeebo/blake3@v0.2.4/api.go:102 +0x408
  github.com/luxfi/threshold/internal/ot.(*RandomOTSender).Round1()
      /Users/z/work/lux/threshold/internal/ot/random.go:292 +0x3f4
  github.com/luxfi/threshold/internal/ot.(*CorreOTSetupReceiver).Round2.func1()
      /Users/z/work/lux/threshold/internal/ot/correlated.go:187 +0x74
  github.com/luxfi/threshold/pkg/pool.worker()
      /Users/z/work/lux/threshold/pkg/pool/pool.go:76 +0xc4
  github.com/luxfi/threshold/pkg/pool.NewPool.gowrap1()
      /Users/z/work/lux/threshold/pkg/pool/pool.go:119 +0x34

Goroutine 11 (running) created at:
  github.com/luxfi/threshold/pkg/pool.NewPool()
      /Users/z/work/lux/threshold/pkg/pool/pool.go:119 +0xec
  github.com/luxfi/threshold/protocols/doerner.TestDoernerKeygenWithTimeout()
      /Users/z/work/lux/threshold/protocols/doerner/doerner_fixed_test.go:24 +0x44
  testing.tRunner()
      /opt/homebrew/Cellar/go/1.24.6/libexec/src/testing/testing.go:1792 +0x180
  testing.(*T).Run.gowrap1()
      /opt/homebrew/Cellar/go/1.24.6/libexec/src/testing/testing.go:1851 +0x40

Goroutine 17 (running) created at:
  github.com/luxfi/threshold/pkg/pool.NewPool()
      /Users/z/work/lux/threshold/pkg/pool/pool.go:119 +0xec
  github.com/luxfi/threshold/protocols/doerner.TestDoernerKeygenWithTimeout()
      /Users/z/work/lux/threshold/protocols/doerner/doerner_fixed_test.go:24 +0x44
  testing.tRunner()
      /opt/homebrew/Cellar/go/1.24.6/libexec/src/testing/testing.go:1792 +0x180
  testing.(*T).Run.gowrap1()
      /opt/homebrew/Cellar/go/1.24.6/libexec/src/testing/testing.go:1851 +0x40
==================
==================
WARNING: DATA RACE
Write at 0x00c0008ed540 by goroutine 11:
  github.com/zeebo/blake3.(*hasher).reset()
      /Users/z/go/pkg/mod/github.com/zeebo/blake3@v0.2.4/blake3.go:28 +0x2a4
  github.com/zeebo/blake3.(*Hasher).Reset()
      /Users/z/go/pkg/mod/github.com/zeebo/blake3@v0.2.4/api.go:102 +0x25c
  github.com/luxfi/threshold/internal/ot.(*RandomOTSender).Round1()
      /Users/z/work/lux/threshold/internal/ot/random.go:282 +0x248
  github.com/luxfi/threshold/internal/ot.(*CorreOTSetupReceiver).Round2.func1()
      /Users/z/work/lux/threshold/internal/ot/correlated.go:187 +0x74
  github.com/luxfi/threshold/pkg/pool.worker()
      /Users/z/work/lux/threshold/pkg/pool/pool.go:76 +0xc4
  github.com/luxfi/threshold/pkg/pool.NewPool.gowrap1()
      /Users/z/work/lux/threshold/pkg/pool/pool.go:119 +0x34

Previous write at 0x00c0008ed540 by goroutine 17:
  github.com/zeebo/blake3.(*hasher).reset()
      /Users/z/go/pkg/mod/github.com/zeebo/blake3@v0.2.4/blake3.go:28 +0x450
  github.com/zeebo/blake3.(*Hasher).Reset()
      /Users/z/go/pkg/mod/github.com/zeebo/blake3@v0.2.4/api.go:102 +0x408
  github.com/luxfi/threshold/internal/ot.(*RandomOTSender).Round1()
      /Users/z/work/lux/threshold/internal/ot/random.go:292 +0x3f4
  github.com/luxfi/threshold/internal/ot.(*CorreOTSetupReceiver).Round2.func1()
      /Users/z/work/lux/threshold/internal/ot/correlated.go:187 +0x74
  github.com/luxfi/threshold/pkg/pool.worker()
      /Users/z/work/lux/threshold/pkg/pool/pool.go:76 +0xc4
  github.com/luxfi/threshold/pkg/pool.NewPool.gowrap1()
      /Users/z/work/lux/threshold/pkg/pool/pool.go:119 +0x34

Goroutine 11 (running) created at:
  github.com/luxfi/threshold/pkg/pool.NewPool()
      /Users/z/work/lux/threshold/pkg/pool/pool.go:119 +0xec
  github.com/luxfi/threshold/protocols/doerner.TestDoernerKeygenWithTimeout()
      /Users/z/work/lux/threshold/protocols/doerner/doerner_fixed_test.go:24 +0x44
  testing.tRunner()
      /opt/homebrew/Cellar/go/1.24.6/libexec/src/testing/testing.go:1792 +0x180
  testing.(*T).Run.gowrap1()
      /opt/homebrew/Cellar/go/1.24.6/libexec/src/testing/testing.go:1851 +0x40

Goroutine 17 (running) created at:
  github.com/luxfi/threshold/pkg/pool.NewPool()
      /Users/z/work/lux/threshold/pkg/pool/pool.go:119 +0xec
  github.com/luxfi/threshold/protocols/doerner.TestDoernerKeygenWithTimeout()
      /Users/z/work/lux/threshold/protocols/doerner/doerner_fixed_test.go:24 +0x44
  testing.tRunner()
      /opt/homebrew/Cellar/go/1.24.6/libexec/src/testing/testing.go:1792 +0x180
  testing.(*T).Run.gowrap1()
      /opt/homebrew/Cellar/go/1.24.6/libexec/src/testing/testing.go:1851 +0x40
==================
2025-08-15T22:12:52.905-0500	DEBUG	protocol/handler.go:581	tryAdvanceRound called	{"{current_round 20 2  <nil>}": {"Key":"self","Type":15,"Integer":0,"String":"b","Interface":null}}
2025-08-15T22:12:52.905-0500	DEBUG	protocol/handler.go:1635	waiting for messages	{"{round 20 2  <nil>}": {"Key":"missing","Type":15,"Integer":0,"String":"[a]","Interface":null}}
2025-08-15T22:12:52.955-0500	DEBUG	protocol/handler.go:581	tryAdvanceRound called	{"{current_round 20 2  <nil>}": {"Key":"self","Type":15,"Integer":0,"String":"b","Interface":null}}
2025-08-15T22:12:52.955-0500	DEBUG	protocol/handler.go:1635	waiting for messages	{"{round 20 2  <nil>}": {"Key":"missing","Type":15,"Integer":0,"String":"[a]","Interface":null}}
2025-08-15T22:12:52.955-0500	DEBUG	protocol/handler.go:581	tryAdvanceRound called	{"{current_round 20 2  <nil>}": {"Key":"self","Type":15,"Integer":0,"String":"b","Interface":null}}
2025-08-15T22:12:52.959-0500	DEBUG	protocol/handler.go:581	tryAdvanceRound called	{"{current_round 20 2  <nil>}": {"Key":"self","Type":15,"Integer":0,"String":"a","Interface":null}}
2025-08-15T22:12:52.959-0500	DEBUG	protocol/handler.go:1649	have all messages and processed	{"{round 20 2  <nil>}": {"Key":"self","Type":15,"Integer":0,"String":"a","Interface":null}}
2025-08-15T22:12:52.959-0500	DEBUG	protocol/handler.go:619	finalizing round
2025-08-15T22:12:52.955-0500	DEBUG	protocol/handler.go:1635	waiting for messages	{"{round 20 2  <nil>}": {"Key":"missing","Type":15,"Integer":0,"String":"[a]","Interface":null}}
2025-08-15T22:12:52.973-0500	DEBUG	protocol/handler.go:1039	sendRoundMessage	{"{from 15 0 a <nil>}": {"Key":"to","Type":15,"Integer":0,"String":"","Interface":null}, "{round 20 2  <nil>}": {"Key":"broadcast","Type":4,"Integer":0,"String":"","Interface":null}}
2025-08-15T22:12:52.975-0500	DEBUG	protocol/handler.go:1081	sent message to output channel	{"{from 15 0 a <nil>}": {"Key":"to","Type":15,"Integer":0,"String":"","Interface":null}, "{round 20 2  <nil>}": {"Key":"broadcast","Type":4,"Integer":0,"String":"","Interface":null}}
2025-08-15T22:12:52.975-0500	DEBUG	protocol/handler.go:1182	finalized round messages	{"{round 20 2  <nil>}": {"Key":"messages","Type":11,"Integer":1,"String":"","Interface":null}}
2025-08-15T22:12:52.975-0500	DEBUG	protocol/handler.go:1239	finalize returned next round	{"{current 20 2  <nil>}": {"Key":"next","Type":20,"Integer":3,"String":"","Interface":null}}
2025-08-15T22:12:52.975-0500	INFO	protocol/handler.go:642	storing new currentRound	{"{from 20 2  <nil>}": {"Key":"to","Type":20,"Integer":3,"String":"","Interface":null}}
2025-08-15T22:12:52.975-0500	DEBUG	protocol/handler.go:1503	processing queued messages
2025-08-15T22:12:52.976-0500	DEBUG	protocol/handler.go:664	round needs immediate initialization (P2P-only round)
2025-08-15T22:12:52.976-0500	DEBUG	protocol/handler.go:930	initializing round
2025-08-15T22:12:52.976-0500	DEBUG	protocol/handler.go:1503	processing queued messages
2025-08-15T22:12:52.978-0500	DEBUG	protocol/handler.go:581	tryAdvanceRound called	{"{current_round 20 2  <nil>}": {"Key":"self","Type":15,"Integer":0,"String":"b","Interface":null}}
2025-08-15T22:12:52.978-0500	DEBUG	protocol/handler.go:437	processing message	{"{from 15 0 a <nil>}": {"Key":"to","Type":15,"Integer":0,"String":"","Interface":null}, "{round 20 2  <nil>}": {"Key":"broadcast","Type":4,"Integer":0,"String":"","Interface":null}}
2025-08-15T22:12:52.978-0500	DEBUG	protocol/handler.go:1635	waiting for messages	{"{round 20 2  <nil>}": {"Key":"missing","Type":15,"Integer":0,"String":"[a]","Interface":null}}
2025-08-15T22:12:52.978-0500	DEBUG	protocol/handler.go:1662	storing message	{"{round 20 2  <nil>}": {"Key":"from","Type":15,"Integer":0,"String":"a","Interface":null}}
2025-08-15T22:12:53.000-0500	DEBUG	protocol/handler.go:581	tryAdvanceRound called	{"{current_round 20 2  <nil>}": {"Key":"self","Type":15,"Integer":0,"String":"b","Interface":null}}
==================
WARNING: DATA RACE
Write at 0x00c000d30008 by goroutine 116:
  github.com/zeebo/blake3.(*hasher).reset()
      /Users/z/go/pkg/mod/github.com/zeebo/blake3@v0.2.4/blake3.go:26 +0xc0
  github.com/zeebo/blake3.(*Hasher).Reset()
      /Users/z/go/pkg/mod/github.com/zeebo/blake3@v0.2.4/api.go:102 +0x80
  github.com/luxfi/threshold/internal/ot.(*RandomOTReceiever).Round2()
      /Users/z/work/lux/threshold/internal/ot/random.go:169 +0x70
  github.com/luxfi/threshold/internal/ot.(*CorreOTSetupSender).Round2()
      /Users/z/work/lux/threshold/internal/ot/correlated.go:98 +0x6c
  github.com/luxfi/threshold/protocols/doerner/keygen.(*round2S).StoreMessage()
      /Users/z/work/lux/threshold/protocols/doerner/keygen/round2S.go:64 +0x1a4
  github.com/luxfi/threshold/pkg/protocol.(*Handler).verifyNormalForRound()
      /Users/z/work/lux/threshold/pkg/protocol/handler.go:1337 +0x43c
  github.com/luxfi/threshold/pkg/protocol.(*Handler).retryUnprocessedMessages()
      /Users/z/work/lux/threshold/pkg/protocol/handler.go:1496 +0x3a0
  github.com/luxfi/threshold/pkg/protocol.(*Handler).tryAdvanceRound()
      /Users/z/work/lux/threshold/pkg/protocol/handler.go:587 +0x28c
  github.com/luxfi/threshold/pkg/protocol.(*Handler).roundProcessor()
      /Users/z/work/lux/threshold/pkg/protocol/handler.go:569 +0xb4
  github.com/luxfi/threshold/pkg/protocol.(*Handler).startWorkers.func1()
      /Users/z/work/lux/threshold/pkg/protocol/handler.go:374 +0x78

Previous write at 0x00c000d30008 by goroutine 12:
  github.com/zeebo/blake3.(*hasher).updateString()
      /Users/z/go/pkg/mod/github.com/zeebo/blake3@v0.2.4/blake3.go:48 +0x164
  github.com/zeebo/blake3.(*hasher).update()
      /Users/z/go/pkg/mod/github.com/zeebo/blake3@v0.2.4/blake3.go:35 +0x308
  github.com/zeebo/blake3.(*Hasher).Write()
      /Users/z/go/pkg/mod/github.com/zeebo/blake3@v0.2.4/api.go:89 +0x2b4
  github.com/luxfi/threshold/internal/ot.(*RandomOTReceiever).Round1()
      /Users/z/work/lux/threshold/internal/ot/random.go:152 +0x2a4
  github.com/luxfi/threshold/internal/ot.(*CorreOTSetupSender).Round1.func1()
      /Users/z/work/lux/threshold/internal/ot/correlated.go:77 +0x5c
  github.com/luxfi/threshold/pkg/pool.worker()
      /Users/z/work/lux/threshold/pkg/pool/pool.go:76 +0xc4
  github.com/luxfi/threshold/pkg/pool.NewPool.gowrap1()
      /Users/z/work/lux/threshold/pkg/pool/pool.go:119 +0x34

Goroutine 116 (running) created at:
  github.com/luxfi/threshold/pkg/protocol.(*Handler).startWorkers()
      /Users/z/work/lux/threshold/pkg/protocol/handler.go:372 +0x4fc
  github.com/luxfi/threshold/pkg/protocol.NewHandler()
      /Users/z/work/lux/threshold/pkg/protocol/handler.go:247 +0xf10
  github.com/luxfi/threshold/protocols/doerner.TestDoernerKeygenWithTimeout.func1()
      /Users/z/work/lux/threshold/protocols/doerner/doerner_fixed_test.go:43 +0x5d4
  github.com/luxfi/threshold/internal/test.RunProtocolWithTimeoutNew()
      /Users/z/work/lux/threshold/internal/test/timeout_handler.go:72 +0x26c
  github.com/luxfi/threshold/protocols/doerner.TestDoernerKeygenWithTimeout()
      /Users/z/work/lux/threshold/protocols/doerner/doerner_fixed_test.go:53 +0x100
  testing.tRunner()
      /opt/homebrew/Cellar/go/1.24.6/libexec/src/testing/testing.go:1792 +0x180
  testing.(*T).Run.gowrap1()
      /opt/homebrew/Cellar/go/1.24.6/libexec/src/testing/testing.go:1851 +0x40

Goroutine 12 (running) created at:
  github.com/luxfi/threshold/pkg/pool.NewPool()
      /Users/z/work/lux/threshold/pkg/pool/pool.go:119 +0xec
  github.com/luxfi/threshold/protocols/doerner.TestDoernerKeygenWithTimeout()
      /Users/z/work/lux/threshold/protocols/doerner/doerner_fixed_test.go:24 +0x44
  testing.tRunner()
      /opt/homebrew/Cellar/go/1.24.6/libexec/src/testing/testing.go:1792 +0x180
  testing.(*T).Run.gowrap1()
      /opt/homebrew/Cellar/go/1.24.6/libexec/src/testing/testing.go:1851 +0x40
==================
==================
WARNING: DATA RACE
Write at 0x00c000d30010 by goroutine 116:
  github.com/zeebo/blake3.(*hasher).reset()
      /Users/z/go/pkg/mod/github.com/zeebo/blake3@v0.2.4/blake3.go:27 +0xd0
  github.com/zeebo/blake3.(*Hasher).Reset()
      /Users/z/go/pkg/mod/github.com/zeebo/blake3@v0.2.4/api.go:102 +0x80
  github.com/luxfi/threshold/internal/ot.(*RandomOTReceiever).Round2()
      /Users/z/work/lux/threshold/internal/ot/random.go:169 +0x70
  github.com/luxfi/threshold/internal/ot.(*CorreOTSetupSender).Round2()
      /Users/z/work/lux/threshold/internal/ot/correlated.go:98 +0x6c
  github.com/luxfi/threshold/protocols/doerner/keygen.(*round2S).StoreMessage()
      /Users/z/work/lux/threshold/protocols/doerner/keygen/round2S.go:64 +0x1a4
  github.com/luxfi/threshold/pkg/protocol.(*Handler).verifyNormalForRound()
      /Users/z/work/lux/threshold/pkg/protocol/handler.go:1337 +0x43c
  github.com/luxfi/threshold/pkg/protocol.(*Handler).retryUnprocessedMessages()
      /Users/z/work/lux/threshold/pkg/protocol/handler.go:1496 +0x3a0
  github.com/luxfi/threshold/pkg/protocol.(*Handler).tryAdvanceRound()
      /Users/z/work/lux/threshold/pkg/protocol/handler.go:587 +0x28c
  github.com/luxfi/threshold/pkg/protocol.(*Handler).roundProcessor()
      /Users/z/work/lux/threshold/pkg/protocol/handler.go:569 +0xb4
  github.com/luxfi/threshold/pkg/protocol.(*Handler).startWorkers.func1()
      /Users/z/work/lux/threshold/pkg/protocol/handler.go:374 +0x78

Previous read at 0x00c000d30010 by goroutine 12:
  github.com/zeebo/blake3.(*hasher).finalizeDigest()
      /Users/z/go/pkg/mod/github.com/zeebo/blake3@v0.2.4/blake3.go:75 +0x40
  github.com/zeebo/blake3.(*Hasher).Digest()
      /Users/z/go/pkg/mod/github.com/zeebo/blake3@v0.2.4/api.go:141 +0x344
  github.com/luxfi/threshold/internal/ot.(*RandomOTReceiever).Round1()
      /Users/z/work/lux/threshold/internal/ot/random.go:153 +0x2b8
  github.com/luxfi/threshold/internal/ot.(*CorreOTSetupSender).Round1.func1()
      /Users/z/work/lux/threshold/internal/ot/correlated.go:77 +0x5c
  github.com/luxfi/threshold/pkg/pool.worker()
      /Users/z/work/lux/threshold/pkg/pool/pool.go:76 +0xc4
  github.com/luxfi/threshold/pkg/pool.NewPool.gowrap1()
      /Users/z/work/lux/threshold/pkg/pool/pool.go:119 +0x34

Goroutine 116 (running) created at:
  github.com/luxfi/threshold/pkg/protocol.(*Handler).startWorkers()
      /Users/z/work/lux/threshold/pkg/protocol/handler.go:372 +0x4fc
  github.com/luxfi/threshold/pkg/protocol.NewHandler()
      /Users/z/work/lux/threshold/pkg/protocol/handler.go:247 +0xf10
  github.com/luxfi/threshold/protocols/doerner.TestDoernerKeygenWithTimeout.func1()
      /Users/z/work/lux/threshold/protocols/doerner/doerner_fixed_test.go:43 +0x5d4
  github.com/luxfi/threshold/internal/test.RunProtocolWithTimeoutNew()
      /Users/z/work/lux/threshold/internal/test/timeout_handler.go:72 +0x26c
  github.com/luxfi/threshold/protocols/doerner.TestDoernerKeygenWithTimeout()
      /Users/z/work/lux/threshold/protocols/doerner/doerner_fixed_test.go:53 +0x100
  testing.tRunner()
      /opt/homebrew/Cellar/go/1.24.6/libexec/src/testing/testing.go:1792 +0x180
  testing.(*T).Run.gowrap1()
      /opt/homebrew/Cellar/go/1.24.6/libexec/src/testing/testing.go:1851 +0x40

Goroutine 12 (running) created at:
  github.com/luxfi/threshold/pkg/pool.NewPool()
      /Users/z/work/lux/threshold/pkg/pool/pool.go:119 +0xec
  github.com/luxfi/threshold/protocols/doerner.TestDoernerKeygenWithTimeout()
      /Users/z/work/lux/threshold/protocols/doerner/doerner_fixed_test.go:24 +0x44
  testing.tRunner()
      /opt/homebrew/Cellar/go/1.24.6/libexec/src/testing/testing.go:1792 +0x180
  testing.(*T).Run.gowrap1()
      /opt/homebrew/Cellar/go/1.24.6/libexec/src/testing/testing.go:1851 +0x40
==================
==================
WARNING: DATA RACE
Read at 0x00c00048a880 by goroutine 116:
  runtime.slicecopy()
      /opt/homebrew/Cellar/go/1.24.6/libexec/src/runtime/slice.go:355 +0x0
  github.com/zeebo/blake3.(*hasher).updateString()
      /Users/z/go/pkg/mod/github.com/zeebo/blake3@v0.2.4/blake3.go:47 +0x148
  github.com/zeebo/blake3.(*hasher).update()
      /Users/z/go/pkg/mod/github.com/zeebo/blake3@v0.2.4/blake3.go:35 +0x168
  github.com/zeebo/blake3.(*Hasher).Write()
      /Users/z/go/pkg/mod/github.com/zeebo/blake3@v0.2.4/api.go:89 +0x120
  github.com/luxfi/threshold/internal/ot.(*RandomOTReceiever).Round2()
      /Users/z/work/lux/threshold/internal/ot/random.go:170 +0x84
  github.com/luxfi/threshold/internal/ot.(*CorreOTSetupSender).Round2()
      /Users/z/work/lux/threshold/internal/ot/correlated.go:98 +0x6c
  github.com/luxfi/threshold/protocols/doerner/keygen.(*round2S).StoreMessage()
      /Users/z/work/lux/threshold/protocols/doerner/keygen/round2S.go:64 +0x1a4
  github.com/luxfi/threshold/pkg/protocol.(*Handler).verifyNormalForRound()
      /Users/z/work/lux/threshold/pkg/protocol/handler.go:1337 +0x43c
  github.com/luxfi/threshold/pkg/protocol.(*Handler).retryUnprocessedMessages()
      /Users/z/work/lux/threshold/pkg/protocol/handler.go:1496 +0x3a0
  github.com/luxfi/threshold/pkg/protocol.(*Handler).tryAdvanceRound()
      /Users/z/work/lux/threshold/pkg/protocol/handler.go:587 +0x28c
  github.com/luxfi/threshold/pkg/protocol.(*Handler).roundProcessor()
      /Users/z/work/lux/threshold/pkg/protocol/handler.go:569 +0xb4
  github.com/luxfi/threshold/pkg/protocol.(*Handler).startWorkers.func1()
      /Users/z/work/lux/threshold/pkg/protocol/handler.go:374 +0x78

Previous write at 0x00c00048a880 by goroutine 12:
  runtime.slicecopy()
      /opt/homebrew/Cellar/go/1.24.6/libexec/src/runtime/slice.go:355 +0x0
  github.com/zeebo/blake3.(*Digest).slowCopy()
      /Users/z/go/pkg/mod/github.com/zeebo/blake3@v0.2.4/digest.go:87 +0x224
  github.com/zeebo/blake3.(*Digest).Read()
      /Users/z/go/pkg/mod/github.com/zeebo/blake3@v0.2.4/digest.go:54 +0x22c
  github.com/luxfi/threshold/internal/ot.(*RandomOTReceiever).Round1()
      /Users/z/work/lux/threshold/internal/ot/random.go:153 +0x358
  github.com/luxfi/threshold/internal/ot.(*CorreOTSetupSender).Round1.func1()
      /Users/z/work/lux/threshold/internal/ot/correlated.go:77 +0x5c
  github.com/luxfi/threshold/pkg/pool.worker()
      /Users/z/work/lux/threshold/pkg/pool/pool.go:76 +0xc4
  github.com/luxfi/threshold/pkg/pool.NewPool.gowrap1()
      /Users/z/work/lux/threshold/pkg/pool/pool.go:119 +0x34

Goroutine 116 (running) created at:
  github.com/luxfi/threshold/pkg/protocol.(*Handler).startWorkers()
      /Users/z/work/lux/threshold/pkg/protocol/handler.go:372 +0x4fc
  github.com/luxfi/threshold/pkg/protocol.NewHandler()
      /Users/z/work/lux/threshold/pkg/protocol/handler.go:247 +0xf10
  github.com/luxfi/threshold/protocols/doerner.TestDoernerKeygenWithTimeout.func1()
      /Users/z/work/lux/threshold/protocols/doerner/doerner_fixed_test.go:43 +0x5d4
  github.com/luxfi/threshold/internal/test.RunProtocolWithTimeoutNew()
      /Users/z/work/lux/threshold/internal/test/timeout_handler.go:72 +0x26c
  github.com/luxfi/threshold/protocols/doerner.TestDoernerKeygenWithTimeout()
      /Users/z/work/lux/threshold/protocols/doerner/doerner_fixed_test.go:53 +0x100
  testing.tRunner()
      /opt/homebrew/Cellar/go/1.24.6/libexec/src/testing/testing.go:1792 +0x180
  testing.(*T).Run.gowrap1()
      /opt/homebrew/Cellar/go/1.24.6/libexec/src/testing/testing.go:1851 +0x40

Goroutine 12 (running) created at:
  github.com/luxfi/threshold/pkg/pool.NewPool()
      /Users/z/work/lux/threshold/pkg/pool/pool.go:119 +0xec
  github.com/luxfi/threshold/protocols/doerner.TestDoernerKeygenWithTimeout()
      /Users/z/work/lux/threshold/protocols/doerner/doerner_fixed_test.go:24 +0x44
  testing.tRunner()
      /opt/homebrew/Cellar/go/1.24.6/libexec/src/testing/testing.go:1792 +0x180
  testing.(*T).Run.gowrap1()
      /opt/homebrew/Cellar/go/1.24.6/libexec/src/testing/testing.go:1851 +0x40
==================
==================
WARNING: DATA RACE
Write at 0x00c000d30a58 by goroutine 116:
  runtime.slicecopy()
      /opt/homebrew/Cellar/go/1.24.6/libexec/src/runtime/slice.go:355 +0x0
  github.com/zeebo/blake3.(*hasher).updateString()
      /Users/z/go/pkg/mod/github.com/zeebo/blake3@v0.2.4/blake3.go:47 +0x148
  github.com/zeebo/blake3.(*hasher).update()
      /Users/z/go/pkg/mod/github.com/zeebo/blake3@v0.2.4/blake3.go:35 +0x168
  github.com/zeebo/blake3.(*Hasher).Write()
      /Users/z/go/pkg/mod/github.com/zeebo/blake3@v0.2.4/api.go:89 +0x120
  github.com/luxfi/threshold/internal/ot.(*RandomOTReceiever).Round2()
      /Users/z/work/lux/threshold/internal/ot/random.go:170 +0x84
  github.com/luxfi/threshold/internal/ot.(*CorreOTSetupSender).Round2()
      /Users/z/work/lux/threshold/internal/ot/correlated.go:98 +0x6c
  github.com/luxfi/threshold/protocols/doerner/keygen.(*round2S).StoreMessage()
      /Users/z/work/lux/threshold/protocols/doerner/keygen/round2S.go:64 +0x1a4
  github.com/luxfi/threshold/pkg/protocol.(*Handler).verifyNormalForRound()
      /Users/z/work/lux/threshold/pkg/protocol/handler.go:1337 +0x43c
  github.com/luxfi/threshold/pkg/protocol.(*Handler).retryUnprocessedMessages()
      /Users/z/work/lux/threshold/pkg/protocol/handler.go:1496 +0x3a0
  github.com/luxfi/threshold/pkg/protocol.(*Handler).tryAdvanceRound()
      /Users/z/work/lux/threshold/pkg/protocol/handler.go:587 +0x28c
  github.com/luxfi/threshold/pkg/protocol.(*Handler).roundProcessor()
      /Users/z/work/lux/threshold/pkg/protocol/handler.go:569 +0xb4
  github.com/luxfi/threshold/pkg/protocol.(*Handler).startWorkers.func1()
      /Users/z/work/lux/threshold/pkg/protocol/handler.go:374 +0x78

Previous write at 0x00c000d30a58 by goroutine 12:
  runtime.slicecopy()
      /opt/homebrew/Cellar/go/1.24.6/libexec/src/runtime/slice.go:355 +0x0
  github.com/zeebo/blake3.(*hasher).updateString()
      /Users/z/go/pkg/mod/github.com/zeebo/blake3@v0.2.4/blake3.go:47 +0x148
  github.com/zeebo/blake3.(*hasher).update()
      /Users/z/go/pkg/mod/github.com/zeebo/blake3@v0.2.4/blake3.go:35 +0x308
  github.com/zeebo/blake3.(*Hasher).Write()
      /Users/z/go/pkg/mod/github.com/zeebo/blake3@v0.2.4/api.go:89 +0x2b4
  github.com/luxfi/threshold/internal/ot.(*RandomOTReceiever).Round1()
      /Users/z/work/lux/threshold/internal/ot/random.go:152 +0x2a4
  github.com/luxfi/threshold/internal/ot.(*CorreOTSetupSender).Round1.func1()
      /Users/z/work/lux/threshold/internal/ot/correlated.go:77 +0x5c
  github.com/luxfi/threshold/pkg/pool.worker()
      /Users/z/work/lux/threshold/pkg/pool/pool.go:76 +0xc4
  github.com/luxfi/threshold/pkg/pool.NewPool.gowrap1()
      /Users/z/work/lux/threshold/pkg/pool/pool.go:119 +0x34

Goroutine 116 (running) created at:
  github.com/luxfi/threshold/pkg/protocol.(*Handler).startWorkers()
      /Users/z/work/lux/threshold/pkg/protocol/handler.go:372 +0x4fc
  github.com/luxfi/threshold/pkg/protocol.NewHandler()
      /Users/z/work/lux/threshold/pkg/protocol/handler.go:247 +0xf10
  github.com/luxfi/threshold/protocols/doerner.TestDoernerKeygenWithTimeout.func1()
      /Users/z/work/lux/threshold/protocols/doerner/doerner_fixed_test.go:43 +0x5d4
  github.com/luxfi/threshold/internal/test.RunProtocolWithTimeoutNew()
      /Users/z/work/lux/threshold/internal/test/timeout_handler.go:72 +0x26c
  github.com/luxfi/threshold/protocols/doerner.TestDoernerKeygenWithTimeout()
      /Users/z/work/lux/threshold/protocols/doerner/doerner_fixed_test.go:53 +0x100
  testing.tRunner()
      /opt/homebrew/Cellar/go/1.24.6/libexec/src/testing/testing.go:1792 +0x180
  testing.(*T).Run.gowrap1()
      /opt/homebrew/Cellar/go/1.24.6/libexec/src/testing/testing.go:1851 +0x40

Goroutine 12 (running) created at:
  github.com/luxfi/threshold/pkg/pool.NewPool()
      /Users/z/work/lux/threshold/pkg/pool/pool.go:119 +0xec
  github.com/luxfi/threshold/protocols/doerner.TestDoernerKeygenWithTimeout()
      /Users/z/work/lux/threshold/protocols/doerner/doerner_fixed_test.go:24 +0x44
  testing.tRunner()
      /opt/homebrew/Cellar/go/1.24.6/libexec/src/testing/testing.go:1792 +0x180
  testing.(*T).Run.gowrap1()
      /opt/homebrew/Cellar/go/1.24.6/libexec/src/testing/testing.go:1851 +0x40
==================
==================
WARNING: DATA RACE
Write at 0x00c000135190 by goroutine 92:
  github.com/luxfi/threshold/protocols/doerner/keygen.(*round2S).StoreMessage()
      /Users/z/work/lux/threshold/protocols/doerner/keygen/round2S.go:62 +0x118
  github.com/luxfi/threshold/pkg/protocol.(*Handler).verifyNormal()
      /Users/z/work/lux/threshold/pkg/protocol/handler.go:1455 +0x6b4
  github.com/luxfi/threshold/pkg/protocol.(*Handler).processMessage()
      /Users/z/work/lux/threshold/pkg/protocol/handler.go:482 +0xba8
  github.com/luxfi/threshold/pkg/protocol.(*Handler).messageWorker()
      /Users/z/work/lux/threshold/pkg/protocol/handler.go:408 +0x338
  github.com/luxfi/threshold/pkg/protocol.(*Handler).startWorkers.gowrap1()
      /Users/z/work/lux/threshold/pkg/protocol/handler.go:355 +0x44

Previous write at 0x00c000135190 by goroutine 116:
  github.com/luxfi/threshold/protocols/doerner/keygen.(*round2S).StoreMessage()
      /Users/z/work/lux/threshold/protocols/doerner/keygen/round2S.go:62 +0x118
  github.com/luxfi/threshold/pkg/protocol.(*Handler).verifyNormalForRound()
      /Users/z/work/lux/threshold/pkg/protocol/handler.go:1337 +0x43c
  github.com/luxfi/threshold/pkg/protocol.(*Handler).retryUnprocessedMessages()
      /Users/z/work/lux/threshold/pkg/protocol/handler.go:1496 +0x3a0
  github.com/luxfi/threshold/pkg/protocol.(*Handler).tryAdvanceRound()
      /Users/z/work/lux/threshold/pkg/protocol/handler.go:587 +0x28c
  github.com/luxfi/threshold/pkg/protocol.(*Handler).roundProcessor()
      /Users/z/work/lux/threshold/pkg/protocol/handler.go:569 +0xb4
  github.com/luxfi/threshold/pkg/protocol.(*Handler).startWorkers.func1()
      /Users/z/work/lux/threshold/pkg/protocol/handler.go:374 +0x78

Goroutine 92 (running) created at:
  github.com/luxfi/threshold/pkg/protocol.(*Handler).startWorkers()
      /Users/z/work/lux/threshold/pkg/protocol/handler.go:355 +0x27c
  github.com/luxfi/threshold/pkg/protocol.NewHandler()
      /Users/z/work/lux/threshold/pkg/protocol/handler.go:247 +0xf10
  github.com/luxfi/threshold/protocols/doerner.TestDoernerKeygenWithTimeout.func1()
      /Users/z/work/lux/threshold/protocols/doerner/doerner_fixed_test.go:43 +0x5d4
  github.com/luxfi/threshold/internal/test.RunProtocolWithTimeoutNew()
      /Users/z/work/lux/threshold/internal/test/timeout_handler.go:72 +0x26c
  github.com/luxfi/threshold/protocols/doerner.TestDoernerKeygenWithTimeout()
      /Users/z/work/lux/threshold/protocols/doerner/doerner_fixed_test.go:53 +0x100
  testing.tRunner()
      /opt/homebrew/Cellar/go/1.24.6/libexec/src/testing/testing.go:1792 +0x180
  testing.(*T).Run.gowrap1()
      /opt/homebrew/Cellar/go/1.24.6/libexec/src/testing/testing.go:1851 +0x40

Goroutine 116 (running) created at:
  github.com/luxfi/threshold/pkg/protocol.(*Handler).startWorkers()
      /Users/z/work/lux/threshold/pkg/protocol/handler.go:372 +0x4fc
  github.com/luxfi/threshold/pkg/protocol.NewHandler()
      /Users/z/work/lux/threshold/pkg/protocol/handler.go:247 +0xf10
  github.com/luxfi/threshold/protocols/doerner.TestDoernerKeygenWithTimeout.func1()
      /Users/z/work/lux/threshold/protocols/doerner/doerner_fixed_test.go:43 +0x5d4
  github.com/luxfi/threshold/internal/test.RunProtocolWithTimeoutNew()
      /Users/z/work/lux/threshold/internal/test/timeout_handler.go:72 +0x26c
  github.com/luxfi/threshold/protocols/doerner.TestDoernerKeygenWithTimeout()
      /Users/z/work/lux/threshold/protocols/doerner/doerner_fixed_test.go:53 +0x100
  testing.tRunner()
      /opt/homebrew/Cellar/go/1.24.6/libexec/src/testing/testing.go:1792 +0x180
  testing.(*T).Run.gowrap1()
      /opt/homebrew/Cellar/go/1.24.6/libexec/src/testing/testing.go:1851 +0x40
==================
==================
WARNING: DATA RACE
Write at 0x00c000488070 by goroutine 92:
  github.com/luxfi/threshold/internal/ot.(*RandomOTReceiever).Round2()
      /Users/z/work/lux/threshold/internal/ot/random.go:167 +0x5c
  github.com/luxfi/threshold/internal/ot.(*CorreOTSetupSender).Round2()
      /Users/z/work/lux/threshold/internal/ot/correlated.go:98 +0x6c
  github.com/luxfi/threshold/protocols/doerner/keygen.(*round2S).StoreMessage()
      /Users/z/work/lux/threshold/protocols/doerner/keygen/round2S.go:64 +0x1a4
  github.com/luxfi/threshold/pkg/protocol.(*Handler).verifyNormal()
      /Users/z/work/lux/threshold/pkg/protocol/handler.go:1455 +0x6b4
  github.com/luxfi/threshold/pkg/protocol.(*Handler).processMessage()
      /Users/z/work/lux/threshold/pkg/protocol/handler.go:482 +0xba8
  github.com/luxfi/threshold/pkg/protocol.(*Handler).messageWorker()
      /Users/z/work/lux/threshold/pkg/protocol/handler.go:408 +0x338
  github.com/luxfi/threshold/pkg/protocol.(*Handler).startWorkers.gowrap1()
      /Users/z/work/lux/threshold/pkg/protocol/handler.go:355 +0x44

Previous write at 0x00c000488070 by goroutine 116:
  github.com/luxfi/threshold/internal/ot.(*RandomOTReceiever).Round2()
      /Users/z/work/lux/threshold/internal/ot/random.go:167 +0x5c
  github.com/luxfi/threshold/internal/ot.(*CorreOTSetupSender).Round2()
      /Users/z/work/lux/threshold/internal/ot/correlated.go:98 +0x6c
  github.com/luxfi/threshold/protocols/doerner/keygen.(*round2S).StoreMessage()
      /Users/z/work/lux/threshold/protocols/doerner/keygen/round2S.go:64 +0x1a4
  github.com/luxfi/threshold/pkg/protocol.(*Handler).verifyNormalForRound()
      /Users/z/work/lux/threshold/pkg/protocol/handler.go:1337 +0x43c
  github.com/luxfi/threshold/pkg/protocol.(*Handler).retryUnprocessedMessages()
      /Users/z/work/lux/threshold/pkg/protocol/handler.go:1496 +0x3a0
  github.com/luxfi/threshold/pkg/protocol.(*Handler).tryAdvanceRound()
      /Users/z/work/lux/threshold/pkg/protocol/handler.go:587 +0x28c
  github.com/luxfi/threshold/pkg/protocol.(*Handler).roundProcessor()
      /Users/z/work/lux/threshold/pkg/protocol/handler.go:569 +0xb4
  github.com/luxfi/threshold/pkg/protocol.(*Handler).startWorkers.func1()
      /Users/z/work/lux/threshold/pkg/protocol/handler.go:374 +0x78

Goroutine 92 (running) created at:
  github.com/luxfi/threshold/pkg/protocol.(*Handler).startWorkers()
      /Users/z/work/lux/threshold/pkg/protocol/handler.go:355 +0x27c
  github.com/luxfi/threshold/pkg/protocol.NewHandler()
      /Users/z/work/lux/threshold/pkg/protocol/handler.go:247 +0xf10
  github.com/luxfi/threshold/protocols/doerner.TestDoernerKeygenWithTimeout.func1()
      /Users/z/work/lux/threshold/protocols/doerner/doerner_fixed_test.go:43 +0x5d4
  github.com/luxfi/threshold/internal/test.RunProtocolWithTimeoutNew()
      /Users/z/work/lux/threshold/internal/test/timeout_handler.go:72 +0x26c
  github.com/luxfi/threshold/protocols/doerner.TestDoernerKeygenWithTimeout()
      /Users/z/work/lux/threshold/protocols/doerner/doerner_fixed_test.go:53 +0x100
  testing.tRunner()
      /opt/homebrew/Cellar/go/1.24.6/libexec/src/testing/testing.go:1792 +0x180
  testing.(*T).Run.gowrap1()
      /opt/homebrew/Cellar/go/1.24.6/libexec/src/testing/testing.go:1851 +0x40

Goroutine 116 (running) created at:
  github.com/luxfi/threshold/pkg/protocol.(*Handler).startWorkers()
      /Users/z/work/lux/threshold/pkg/protocol/handler.go:372 +0x4fc
  github.com/luxfi/threshold/pkg/protocol.NewHandler()
      /Users/z/work/lux/threshold/pkg/protocol/handler.go:247 +0xf10
  github.com/luxfi/threshold/protocols/doerner.TestDoernerKeygenWithTimeout.func1()
      /Users/z/work/lux/threshold/protocols/doerner/doerner_fixed_test.go:43 +0x5d4
  github.com/luxfi/threshold/internal/test.RunProtocolWithTimeoutNew()
      /Users/z/work/lux/threshold/internal/test/timeout_handler.go:72 +0x26c
  github.com/luxfi/threshold/protocols/doerner.TestDoernerKeygenWithTimeout()
      /Users/z/work/lux/threshold/protocols/doerner/doerner_fixed_test.go:53 +0x100
  testing.tRunner()
      /opt/homebrew/Cellar/go/1.24.6/libexec/src/testing/testing.go:1792 +0x180
  testing.(*T).Run.gowrap1()
      /opt/homebrew/Cellar/go/1.24.6/libexec/src/testing/testing.go:1851 +0x40
==================
==================
WARNING: DATA RACE
Write at 0x00c000b8f508 by goroutine 92:
  github.com/zeebo/blake3.(*hasher).reset()
      /Users/z/go/pkg/mod/github.com/zeebo/blake3@v0.2.4/blake3.go:26 +0xc0
  github.com/zeebo/blake3.(*Hasher).Reset()
      /Users/z/go/pkg/mod/github.com/zeebo/blake3@v0.2.4/api.go:102 +0x80
  github.com/luxfi/threshold/internal/ot.(*RandomOTReceiever).Round2()
      /Users/z/work/lux/threshold/internal/ot/random.go:169 +0x70
  github.com/luxfi/threshold/internal/ot.(*CorreOTSetupSender).Round2()
      /Users/z/work/lux/threshold/internal/ot/correlated.go:98 +0x6c
  github.com/luxfi/threshold/protocols/doerner/keygen.(*round2S).StoreMessage()
      /Users/z/work/lux/threshold/protocols/doerner/keygen/round2S.go:64 +0x1a4
  github.com/luxfi/threshold/pkg/protocol.(*Handler).verifyNormal()
      /Users/z/work/lux/threshold/pkg/protocol/handler.go:1455 +0x6b4
  github.com/luxfi/threshold/pkg/protocol.(*Handler).processMessage()
      /Users/z/work/lux/threshold/pkg/protocol/handler.go:482 +0xba8
  github.com/luxfi/threshold/pkg/protocol.(*Handler).messageWorker()
      /Users/z/work/lux/threshold/pkg/protocol/handler.go:408 +0x338
  github.com/luxfi/threshold/pkg/protocol.(*Handler).startWorkers.gowrap1()
      /Users/z/work/lux/threshold/pkg/protocol/handler.go:355 +0x44

Previous write at 0x00c000b8f508 by goroutine 116:
  github.com/zeebo/blake3.(*hasher).reset()
      /Users/z/go/pkg/mod/github.com/zeebo/blake3@v0.2.4/blake3.go:26 +0xc0
  github.com/zeebo/blake3.(*Hasher).Reset()
      /Users/z/go/pkg/mod/github.com/zeebo/blake3@v0.2.4/api.go:102 +0x80
  github.com/luxfi/threshold/internal/ot.(*RandomOTReceiever).Round2()
      /Users/z/work/lux/threshold/internal/ot/random.go:169 +0x70
  github.com/luxfi/threshold/internal/ot.(*CorreOTSetupSender).Round2()
      /Users/z/work/lux/threshold/internal/ot/correlated.go:98 +0x6c
  github.com/luxfi/threshold/protocols/doerner/keygen.(*round2S).StoreMessage()
      /Users/z/work/lux/threshold/protocols/doerner/keygen/round2S.go:64 +0x1a4
  github.com/luxfi/threshold/pkg/protocol.(*Handler).verifyNormalForRound()
      /Users/z/work/lux/threshold/pkg/protocol/handler.go:1337 +0x43c
  github.com/luxfi/threshold/pkg/protocol.(*Handler).retryUnprocessedMessages()
      /Users/z/work/lux/threshold/pkg/protocol/handler.go:1496 +0x3a0
  github.com/luxfi/threshold/pkg/protocol.(*Handler).tryAdvanceRound()
      /Users/z/work/lux/threshold/pkg/protocol/handler.go:587 +0x28c
  github.com/luxfi/threshold/pkg/protocol.(*Handler).roundProcessor()
      /Users/z/work/lux/threshold/pkg/protocol/handler.go:569 +0xb4
  github.com/luxfi/threshold/pkg/protocol.(*Handler).startWorkers.func1()
      /Users/z/work/lux/threshold/pkg/protocol/handler.go:374 +0x78

Goroutine 92 (running) created at:
  github.com/luxfi/threshold/pkg/protocol.(*Handler).startWorkers()
      /Users/z/work/lux/threshold/pkg/protocol/handler.go:355 +0x27c
  github.com/luxfi/threshold/pkg/protocol.NewHandler()
      /Users/z/work/lux/threshold/pkg/protocol/handler.go:247 +0xf10
  github.com/luxfi/threshold/protocols/doerner.TestDoernerKeygenWithTimeout.func1()
      /Users/z/work/lux/threshold/protocols/doerner/doerner_fixed_test.go:43 +0x5d4
  github.com/luxfi/threshold/internal/test.RunProtocolWithTimeoutNew()
      /Users/z/work/lux/threshold/internal/test/timeout_handler.go:72 +0x26c
  github.com/luxfi/threshold/protocols/doerner.TestDoernerKeygenWithTimeout()
      /Users/z/work/lux/threshold/protocols/doerner/doerner_fixed_test.go:53 +0x100
  testing.tRunner()
      /opt/homebrew/Cellar/go/1.24.6/libexec/src/testing/testing.go:1792 +0x180
  testing.(*T).Run.gowrap1()
      /opt/homebrew/Cellar/go/1.24.6/libexec/src/testing/testing.go:1851 +0x40

Goroutine 116 (running) created at:
  github.com/luxfi/threshold/pkg/protocol.(*Handler).startWorkers()
      /Users/z/work/lux/threshold/pkg/protocol/handler.go:372 +0x4fc
  github.com/luxfi/threshold/pkg/protocol.NewHandler()
      /Users/z/work/lux/threshold/pkg/protocol/handler.go:247 +0xf10
  github.com/luxfi/threshold/protocols/doerner.TestDoernerKeygenWithTimeout.func1()
      /Users/z/work/lux/threshold/protocols/doerner/doerner_fixed_test.go:43 +0x5d4
  github.com/luxfi/threshold/internal/test.RunProtocolWithTimeoutNew()
      /Users/z/work/lux/threshold/internal/test/timeout_handler.go:72 +0x26c
  github.com/luxfi/threshold/protocols/doerner.TestDoernerKeygenWithTimeout()
      /Users/z/work/lux/threshold/protocols/doerner/doerner_fixed_test.go:53 +0x100
  testing.tRunner()
      /opt/homebrew/Cellar/go/1.24.6/libexec/src/testing/testing.go:1792 +0x180
  testing.(*T).Run.gowrap1()
      /opt/homebrew/Cellar/go/1.24.6/libexec/src/testing/testing.go:1851 +0x40
==================
==================
WARNING: DATA RACE
Write at 0x00c000b8f510 by goroutine 92:
  github.com/zeebo/blake3.(*hasher).reset()
      /Users/z/go/pkg/mod/github.com/zeebo/blake3@v0.2.4/blake3.go:27 +0xd0
  github.com/zeebo/blake3.(*Hasher).Reset()
      /Users/z/go/pkg/mod/github.com/zeebo/blake3@v0.2.4/api.go:102 +0x80
  github.com/luxfi/threshold/internal/ot.(*RandomOTReceiever).Round2()
      /Users/z/work/lux/threshold/internal/ot/random.go:169 +0x70
  github.com/luxfi/threshold/internal/ot.(*CorreOTSetupSender).Round2()
      /Users/z/work/lux/threshold/internal/ot/correlated.go:98 +0x6c
  github.com/luxfi/threshold/protocols/doerner/keygen.(*round2S).StoreMessage()
      /Users/z/work/lux/threshold/protocols/doerner/keygen/round2S.go:64 +0x1a4
  github.com/luxfi/threshold/pkg/protocol.(*Handler).verifyNormal()
      /Users/z/work/lux/threshold/pkg/protocol/handler.go:1455 +0x6b4
  github.com/luxfi/threshold/pkg/protocol.(*Handler).processMessage()
      /Users/z/work/lux/threshold/pkg/protocol/handler.go:482 +0xba8
  github.com/luxfi/threshold/pkg/protocol.(*Handler).messageWorker()
      /Users/z/work/lux/threshold/pkg/protocol/handler.go:408 +0x338
  github.com/luxfi/threshold/pkg/protocol.(*Handler).startWorkers.gowrap1()
      /Users/z/work/lux/threshold/pkg/protocol/handler.go:355 +0x44

Previous write at 0x00c000b8f510 by goroutine 116:
  github.com/zeebo/blake3.(*hasher).reset()
      /Users/z/go/pkg/mod/github.com/zeebo/blake3@v0.2.4/blake3.go:27 +0xd0
  github.com/zeebo/blake3.(*Hasher).Reset()
      /Users/z/go/pkg/mod/github.com/zeebo/blake3@v0.2.4/api.go:102 +0x80
  github.com/luxfi/threshold/internal/ot.(*RandomOTReceiever).Round2()
      /Users/z/work/lux/threshold/internal/ot/random.go:169 +0x70
  github.com/luxfi/threshold/internal/ot.(*CorreOTSetupSender).Round2()
      /Users/z/work/lux/threshold/internal/ot/correlated.go:98 +0x6c
  github.com/luxfi/threshold/protocols/doerner/keygen.(*round2S).StoreMessage()
      /Users/z/work/lux/threshold/protocols/doerner/keygen/round2S.go:64 +0x1a4
  github.com/luxfi/threshold/pkg/protocol.(*Handler).verifyNormalForRound()
      /Users/z/work/lux/threshold/pkg/protocol/handler.go:1337 +0x43c
  github.com/luxfi/threshold/pkg/protocol.(*Handler).retryUnprocessedMessages()
      /Users/z/work/lux/threshold/pkg/protocol/handler.go:1496 +0x3a0
  github.com/luxfi/threshold/pkg/protocol.(*Handler).tryAdvanceRound()
      /Users/z/work/lux/threshold/pkg/protocol/handler.go:587 +0x28c
  github.com/luxfi/threshold/pkg/protocol.(*Handler).roundProcessor()
      /Users/z/work/lux/threshold/pkg/protocol/handler.go:569 +0xb4
  github.com/luxfi/threshold/pkg/protocol.(*Handler).startWorkers.func1()
      /Users/z/work/lux/threshold/pkg/protocol/handler.go:374 +0x78

Goroutine 92 (running) created at:
  github.com/luxfi/threshold/pkg/protocol.(*Handler).startWorkers()
      /Users/z/work/lux/threshold/pkg/protocol/handler.go:355 +0x27c
  github.com/luxfi/threshold/pkg/protocol.NewHandler()
      /Users/z/work/lux/threshold/pkg/protocol/handler.go:247 +0xf10
  github.com/luxfi/threshold/protocols/doerner.TestDoernerKeygenWithTimeout.func1()
      /Users/z/work/lux/threshold/protocols/doerner/doerner_fixed_test.go:43 +0x5d4
  github.com/luxfi/threshold/internal/test.RunProtocolWithTimeoutNew()
      /Users/z/work/lux/threshold/internal/test/timeout_handler.go:72 +0x26c
  github.com/luxfi/threshold/protocols/doerner.TestDoernerKeygenWithTimeout()
      /Users/z/work/lux/threshold/protocols/doerner/doerner_fixed_test.go:53 +0x100
  testing.tRunner()
      /opt/homebrew/Cellar/go/1.24.6/libexec/src/testing/testing.go:1792 +0x180
  testing.(*T).Run.gowrap1()
      /opt/homebrew/Cellar/go/1.24.6/libexec/src/testing/testing.go:1851 +0x40

Goroutine 116 (running) created at:
  github.com/luxfi/threshold/pkg/protocol.(*Handler).startWorkers()
      /Users/z/work/lux/threshold/pkg/protocol/handler.go:372 +0x4fc
  github.com/luxfi/threshold/pkg/protocol.NewHandler()
      /Users/z/work/lux/threshold/pkg/protocol/handler.go:247 +0xf10
  github.com/luxfi/threshold/protocols/doerner.TestDoernerKeygenWithTimeout.func1()
      /Users/z/work/lux/threshold/protocols/doerner/doerner_fixed_test.go:43 +0x5d4
  github.com/luxfi/threshold/internal/test.RunProtocolWithTimeoutNew()
      /Users/z/work/lux/threshold/internal/test/timeout_handler.go:72 +0x26c
  github.com/luxfi/threshold/protocols/doerner.TestDoernerKeygenWithTimeout()
      /Users/z/work/lux/threshold/protocols/doerner/doerner_fixed_test.go:53 +0x100
  testing.tRunner()
      /opt/homebrew/Cellar/go/1.24.6/libexec/src/testing/testing.go:1792 +0x180
  testing.(*T).Run.gowrap1()
      /opt/homebrew/Cellar/go/1.24.6/libexec/src/testing/testing.go:1851 +0x40
==================
==================
WARNING: DATA RACE
Write at 0x00c000b8f540 by goroutine 92:
  github.com/zeebo/blake3.(*hasher).reset()
      /Users/z/go/pkg/mod/github.com/zeebo/blake3@v0.2.4/blake3.go:28 +0xe0
  github.com/zeebo/blake3.(*Hasher).Reset()
      /Users/z/go/pkg/mod/github.com/zeebo/blake3@v0.2.4/api.go:102 +0x80
  github.com/luxfi/threshold/internal/ot.(*RandomOTReceiever).Round2()
      /Users/z/work/lux/threshold/internal/ot/random.go:169 +0x70
  github.com/luxfi/threshold/internal/ot.(*CorreOTSetupSender).Round2()
      /Users/z/work/lux/threshold/internal/ot/correlated.go:98 +0x6c
  github.com/luxfi/threshold/protocols/doerner/keygen.(*round2S).StoreMessage()
      /Users/z/work/lux/threshold/protocols/doerner/keygen/round2S.go:64 +0x1a4
  github.com/luxfi/threshold/pkg/protocol.(*Handler).verifyNormal()
      /Users/z/work/lux/threshold/pkg/protocol/handler.go:1455 +0x6b4
  github.com/luxfi/threshold/pkg/protocol.(*Handler).processMessage()
      /Users/z/work/lux/threshold/pkg/protocol/handler.go:482 +0xba8
  github.com/luxfi/threshold/pkg/protocol.(*Handler).messageWorker()
      /Users/z/work/lux/threshold/pkg/protocol/handler.go:408 +0x338
  github.com/luxfi/threshold/pkg/protocol.(*Handler).startWorkers.gowrap1()
      /Users/z/work/lux/threshold/pkg/protocol/handler.go:355 +0x44

Previous write at 0x00c000b8f540 by goroutine 116:
  github.com/zeebo/blake3.(*hasher).reset()
      /Users/z/go/pkg/mod/github.com/zeebo/blake3@v0.2.4/blake3.go:28 +0xe0
  github.com/zeebo/blake3.(*Hasher).Reset()
      /Users/z/go/pkg/mod/github.com/zeebo/blake3@v0.2.4/api.go:102 +0x80
  github.com/luxfi/threshold/internal/ot.(*RandomOTReceiever).Round2()
      /Users/z/work/lux/threshold/internal/ot/random.go:169 +0x70
  github.com/luxfi/threshold/internal/ot.(*CorreOTSetupSender).Round2()
      /Users/z/work/lux/threshold/internal/ot/correlated.go:98 +0x6c
  github.com/luxfi/threshold/protocols/doerner/keygen.(*round2S).StoreMessage()
      /Users/z/work/lux/threshold/protocols/doerner/keygen/round2S.go:64 +0x1a4
  github.com/luxfi/threshold/pkg/protocol.(*Handler).verifyNormalForRound()
      /Users/z/work/lux/threshold/pkg/protocol/handler.go:1337 +0x43c
  github.com/luxfi/threshold/pkg/protocol.(*Handler).retryUnprocessedMessages()
      /Users/z/work/lux/threshold/pkg/protocol/handler.go:1496 +0x3a0
  github.com/luxfi/threshold/pkg/protocol.(*Handler).tryAdvanceRound()
      /Users/z/work/lux/threshold/pkg/protocol/handler.go:587 +0x28c
  github.com/luxfi/threshold/pkg/protocol.(*Handler).roundProcessor()
      /Users/z/work/lux/threshold/pkg/protocol/handler.go:569 +0xb4
  github.com/luxfi/threshold/pkg/protocol.(*Handler).startWorkers.func1()
      /Users/z/work/lux/threshold/pkg/protocol/handler.go:374 +0x78

Goroutine 92 (running) created at:
  github.com/luxfi/threshold/pkg/protocol.(*Handler).startWorkers()
      /Users/z/work/lux/threshold/pkg/protocol/handler.go:355 +0x27c
  github.com/luxfi/threshold/pkg/protocol.NewHandler()
      /Users/z/work/lux/threshold/pkg/protocol/handler.go:247 +0xf10
  github.com/luxfi/threshold/protocols/doerner.TestDoernerKeygenWithTimeout.func1()
      /Users/z/work/lux/threshold/protocols/doerner/doerner_fixed_test.go:43 +0x5d4
  github.com/luxfi/threshold/internal/test.RunProtocolWithTimeoutNew()
      /Users/z/work/lux/threshold/internal/test/timeout_handler.go:72 +0x26c
  github.com/luxfi/threshold/protocols/doerner.TestDoernerKeygenWithTimeout()
      /Users/z/work/lux/threshold/protocols/doerner/doerner_fixed_test.go:53 +0x100
  testing.tRunner()
      /opt/homebrew/Cellar/go/1.24.6/libexec/src/testing/testing.go:1792 +0x180
  testing.(*T).Run.gowrap1()
      /opt/homebrew/Cellar/go/1.24.6/libexec/src/testing/testing.go:1851 +0x40

Goroutine 116 (running) created at:
  github.com/luxfi/threshold/pkg/protocol.(*Handler).startWorkers()
      /Users/z/work/lux/threshold/pkg/protocol/handler.go:372 +0x4fc
  github.com/luxfi/threshold/pkg/protocol.NewHandler()
      /Users/z/work/lux/threshold/pkg/protocol/handler.go:247 +0xf10
  github.com/luxfi/threshold/protocols/doerner.TestDoernerKeygenWithTimeout.func1()
      /Users/z/work/lux/threshold/protocols/doerner/doerner_fixed_test.go:43 +0x5d4
  github.com/luxfi/threshold/internal/test.RunProtocolWithTimeoutNew()
      /Users/z/work/lux/threshold/internal/test/timeout_handler.go:72 +0x26c
  github.com/luxfi/threshold/protocols/doerner.TestDoernerKeygenWithTimeout()
      /Users/z/work/lux/threshold/protocols/doerner/doerner_fixed_test.go:53 +0x100
  testing.tRunner()
      /opt/homebrew/Cellar/go/1.24.6/libexec/src/testing/testing.go:1792 +0x180
  testing.(*T).Run.gowrap1()
      /opt/homebrew/Cellar/go/1.24.6/libexec/src/testing/testing.go:1851 +0x40
==================
==================
WARNING: DATA RACE
Write at 0x00c000b8f548 by goroutine 92:
  github.com/zeebo/blake3.(*hasher).reset()
      /Users/z/go/pkg/mod/github.com/zeebo/blake3@v0.2.4/blake3.go:29 +0xf4
  github.com/zeebo/blake3.(*Hasher).Reset()
      /Users/z/go/pkg/mod/github.com/zeebo/blake3@v0.2.4/api.go:102 +0x80
  github.com/luxfi/threshold/internal/ot.(*RandomOTReceiever).Round2()
      /Users/z/work/lux/threshold/internal/ot/random.go:169 +0x70
  github.com/luxfi/threshold/internal/ot.(*CorreOTSetupSender).Round2()
      /Users/z/work/lux/threshold/internal/ot/correlated.go:98 +0x6c
  github.com/luxfi/threshold/protocols/doerner/keygen.(*round2S).StoreMessage()
      /Users/z/work/lux/threshold/protocols/doerner/keygen/round2S.go:64 +0x1a4
  github.com/luxfi/threshold/pkg/protocol.(*Handler).verifyNormal()
      /Users/z/work/lux/threshold/pkg/protocol/handler.go:1455 +0x6b4
  github.com/luxfi/threshold/pkg/protocol.(*Handler).processMessage()
      /Users/z/work/lux/threshold/pkg/protocol/handler.go:482 +0xba8
  github.com/luxfi/threshold/pkg/protocol.(*Handler).messageWorker()
      /Users/z/work/lux/threshold/pkg/protocol/handler.go:408 +0x338
  github.com/luxfi/threshold/pkg/protocol.(*Handler).startWorkers.gowrap1()
      /Users/z/work/lux/threshold/pkg/protocol/handler.go:355 +0x44

Previous write at 0x00c000b8f548 by goroutine 116:
  github.com/zeebo/blake3.(*hasher).reset()
      /Users/z/go/pkg/mod/github.com/zeebo/blake3@v0.2.4/blake3.go:29 +0x22c
  github.com/zeebo/blake3.(*Hasher).Reset()
      /Users/z/go/pkg/mod/github.com/zeebo/blake3@v0.2.4/api.go:102 +0x1d0
  github.com/luxfi/threshold/internal/ot.(*RandomOTReceiever).Round2()
      /Users/z/work/lux/threshold/internal/ot/random.go:172 +0x1bc
  github.com/luxfi/threshold/internal/ot.(*CorreOTSetupSender).Round2()
      /Users/z/work/lux/threshold/internal/ot/correlated.go:98 +0x6c
  github.com/luxfi/threshold/protocols/doerner/keygen.(*round2S).StoreMessage()
      /Users/z/work/lux/threshold/protocols/doerner/keygen/round2S.go:64 +0x1a4
  github.com/luxfi/threshold/pkg/protocol.(*Handler).verifyNormalForRound()
      /Users/z/work/lux/threshold/pkg/protocol/handler.go:1337 +0x43c
  github.com/luxfi/threshold/pkg/protocol.(*Handler).retryUnprocessedMessages()
      /Users/z/work/lux/threshold/pkg/protocol/handler.go:1496 +0x3a0
  github.com/luxfi/threshold/pkg/protocol.(*Handler).tryAdvanceRound()
      /Users/z/work/lux/threshold/pkg/protocol/handler.go:587 +0x28c
  github.com/luxfi/threshold/pkg/protocol.(*Handler).roundProcessor()
      /Users/z/work/lux/threshold/pkg/protocol/handler.go:569 +0xb4
  github.com/luxfi/threshold/pkg/protocol.(*Handler).startWorkers.func1()
      /Users/z/work/lux/threshold/pkg/protocol/handler.go:374 +0x78

Goroutine 92 (running) created at:
  github.com/luxfi/threshold/pkg/protocol.(*Handler).startWorkers()
      /Users/z/work/lux/threshold/pkg/protocol/handler.go:355 +0x27c
  github.com/luxfi/threshold/pkg/protocol.NewHandler()
      /Users/z/work/lux/threshold/pkg/protocol/handler.go:247 +0xf10
  github.com/luxfi/threshold/protocols/doerner.TestDoernerKeygenWithTimeout.func1()
      /Users/z/work/lux/threshold/protocols/doerner/doerner_fixed_test.go:43 +0x5d4
  github.com/luxfi/threshold/internal/test.RunProtocolWithTimeoutNew()
      /Users/z/work/lux/threshold/internal/test/timeout_handler.go:72 +0x26c
  github.com/luxfi/threshold/protocols/doerner.TestDoernerKeygenWithTimeout()
      /Users/z/work/lux/threshold/protocols/doerner/doerner_fixed_test.go:53 +0x100
  testing.tRunner()
      /opt/homebrew/Cellar/go/1.24.6/libexec/src/testing/testing.go:1792 +0x180
  testing.(*T).Run.gowrap1()
      /opt/homebrew/Cellar/go/1.24.6/libexec/src/testing/testing.go:1851 +0x40

Goroutine 116 (running) created at:
  github.com/luxfi/threshold/pkg/protocol.(*Handler).startWorkers()
      /Users/z/work/lux/threshold/pkg/protocol/handler.go:372 +0x4fc
  github.com/luxfi/threshold/pkg/protocol.NewHandler()
      /Users/z/work/lux/threshold/pkg/protocol/handler.go:247 +0xf10
  github.com/luxfi/threshold/protocols/doerner.TestDoernerKeygenWithTimeout.func1()
      /Users/z/work/lux/threshold/protocols/doerner/doerner_fixed_test.go:43 +0x5d4
  github.com/luxfi/threshold/internal/test.RunProtocolWithTimeoutNew()
      /Users/z/work/lux/threshold/internal/test/timeout_handler.go:72 +0x26c
  github.com/luxfi/threshold/protocols/doerner.TestDoernerKeygenWithTimeout()
      /Users/z/work/lux/threshold/protocols/doerner/doerner_fixed_test.go:53 +0x100
  testing.tRunner()
      /opt/homebrew/Cellar/go/1.24.6/libexec/src/testing/testing.go:1792 +0x180
  testing.(*T).Run.gowrap1()
      /opt/homebrew/Cellar/go/1.24.6/libexec/src/testing/testing.go:1851 +0x40
==================
==================
WARNING: DATA RACE
Write at 0x00c000b8f550 by goroutine 92:
  github.com/zeebo/blake3.(*hasher).reset()
      /Users/z/go/pkg/mod/github.com/zeebo/blake3@v0.2.4/blake3.go:30 +0x104
  github.com/zeebo/blake3.(*Hasher).Reset()
      /Users/z/go/pkg/mod/github.com/zeebo/blake3@v0.2.4/api.go:102 +0x80
  github.com/luxfi/threshold/internal/ot.(*RandomOTReceiever).Round2()
      /Users/z/work/lux/threshold/internal/ot/random.go:169 +0x70
  github.com/luxfi/threshold/internal/ot.(*CorreOTSetupSender).Round2()
      /Users/z/work/lux/threshold/internal/ot/correlated.go:98 +0x6c
  github.com/luxfi/threshold/protocols/doerner/keygen.(*round2S).StoreMessage()
      /Users/z/work/lux/threshold/protocols/doerner/keygen/round2S.go:64 +0x1a4
  github.com/luxfi/threshold/pkg/protocol.(*Handler).verifyNormal()
      /Users/z/work/lux/threshold/pkg/protocol/handler.go:1455 +0x6b4
  github.com/luxfi/threshold/pkg/protocol.(*Handler).processMessage()
      /Users/z/work/lux/threshold/pkg/protocol/handler.go:482 +0xba8
  github.com/luxfi/threshold/pkg/protocol.(*Handler).messageWorker()
      /Users/z/work/lux/threshold/pkg/protocol/handler.go:408 +0x338
  github.com/luxfi/threshold/pkg/protocol.(*Handler).startWorkers.gowrap1()
      /Users/z/work/lux/threshold/pkg/protocol/handler.go:355 +0x44

Previous write at 0x00c000b8f550 by goroutine 116:
  github.com/zeebo/blake3.(*hasher).reset()
      /Users/z/go/pkg/mod/github.com/zeebo/blake3@v0.2.4/blake3.go:30 +0x104
  github.com/zeebo/blake3.(*Hasher).Reset()
      /Users/z/go/pkg/mod/github.com/zeebo/blake3@v0.2.4/api.go:102 +0x80
  github.com/luxfi/threshold/internal/ot.(*RandomOTReceiever).Round2()
      /Users/z/work/lux/threshold/internal/ot/random.go:169 +0x70
  github.com/luxfi/threshold/internal/ot.(*CorreOTSetupSender).Round2()
      /Users/z/work/lux/threshold/internal/ot/correlated.go:98 +0x6c
  github.com/luxfi/threshold/protocols/doerner/keygen.(*round2S).StoreMessage()
      /Users/z/work/lux/threshold/protocols/doerner/keygen/round2S.go:64 +0x1a4
  github.com/luxfi/threshold/pkg/protocol.(*Handler).verifyNormalForRound()
      /Users/z/work/lux/threshold/pkg/protocol/handler.go:1337 +0x43c
  github.com/luxfi/threshold/pkg/protocol.(*Handler).retryUnprocessedMessages()
      /Users/z/work/lux/threshold/pkg/protocol/handler.go:1496 +0x3a0
  github.com/luxfi/threshold/pkg/protocol.(*Handler).tryAdvanceRound()
      /Users/z/work/lux/threshold/pkg/protocol/handler.go:587 +0x28c
  github.com/luxfi/threshold/pkg/protocol.(*Handler).roundProcessor()
      /Users/z/work/lux/threshold/pkg/protocol/handler.go:569 +0xb4
  github.com/luxfi/threshold/pkg/protocol.(*Handler).startWorkers.func1()
      /Users/z/work/lux/threshold/pkg/protocol/handler.go:374 +0x78

Goroutine 92 (running) created at:
  github.com/luxfi/threshold/pkg/protocol.(*Handler).startWorkers()
      /Users/z/work/lux/threshold/pkg/protocol/handler.go:355 +0x27c
  github.com/luxfi/threshold/pkg/protocol.NewHandler()
      /Users/z/work/lux/threshold/pkg/protocol/handler.go:247 +0xf10
  github.com/luxfi/threshold/protocols/doerner.TestDoernerKeygenWithTimeout.func1()
      /Users/z/work/lux/threshold/protocols/doerner/doerner_fixed_test.go:43 +0x5d4
  github.com/luxfi/threshold/internal/test.RunProtocolWithTimeoutNew()
      /Users/z/work/lux/threshold/internal/test/timeout_handler.go:72 +0x26c
  github.com/luxfi/threshold/protocols/doerner.TestDoernerKeygenWithTimeout()
      /Users/z/work/lux/threshold/protocols/doerner/doerner_fixed_test.go:53 +0x100
  testing.tRunner()
      /opt/homebrew/Cellar/go/1.24.6/libexec/src/testing/testing.go:1792 +0x180
  testing.(*T).Run.gowrap1()
      /opt/homebrew/Cellar/go/1.24.6/libexec/src/testing/testing.go:1851 +0x40

Goroutine 116 (running) created at:
  github.com/luxfi/threshold/pkg/protocol.(*Handler).startWorkers()
      /Users/z/work/lux/threshold/pkg/protocol/handler.go:372 +0x4fc
  github.com/luxfi/threshold/pkg/protocol.NewHandler()
      /Users/z/work/lux/threshold/pkg/protocol/handler.go:247 +0xf10
  github.com/luxfi/threshold/protocols/doerner.TestDoernerKeygenWithTimeout.func1()
      /Users/z/work/lux/threshold/protocols/doerner/doerner_fixed_test.go:43 +0x5d4
  github.com/luxfi/threshold/internal/test.RunProtocolWithTimeoutNew()
      /Users/z/work/lux/threshold/internal/test/timeout_handler.go:72 +0x26c
  github.com/luxfi/threshold/protocols/doerner.TestDoernerKeygenWithTimeout()
      /Users/z/work/lux/threshold/protocols/doerner/doerner_fixed_test.go:53 +0x100
  testing.tRunner()
      /opt/homebrew/Cellar/go/1.24.6/libexec/src/testing/testing.go:1792 +0x180
  testing.(*T).Run.gowrap1()
      /opt/homebrew/Cellar/go/1.24.6/libexec/src/testing/testing.go:1851 +0x40
==================
==================
WARNING: DATA RACE
Write at 0x00c000b8ff58 by goroutine 92:
  runtime.slicecopy()
      /opt/homebrew/Cellar/go/1.24.6/libexec/src/runtime/slice.go:355 +0x0
  github.com/zeebo/blake3.(*hasher).updateString()
      /Users/z/go/pkg/mod/github.com/zeebo/blake3@v0.2.4/blake3.go:47 +0x148
  github.com/zeebo/blake3.(*hasher).update()
      /Users/z/go/pkg/mod/github.com/zeebo/blake3@v0.2.4/blake3.go:35 +0x168
  github.com/zeebo/blake3.(*Hasher).Write()
      /Users/z/go/pkg/mod/github.com/zeebo/blake3@v0.2.4/api.go:89 +0x120
  github.com/luxfi/threshold/internal/ot.(*RandomOTReceiever).Round2()
      /Users/z/work/lux/threshold/internal/ot/random.go:170 +0x84
  github.com/luxfi/threshold/internal/ot.(*CorreOTSetupSender).Round2()
      /Users/z/work/lux/threshold/internal/ot/correlated.go:98 +0x6c
  github.com/luxfi/threshold/protocols/doerner/keygen.(*round2S).StoreMessage()
      /Users/z/work/lux/threshold/protocols/doerner/keygen/round2S.go:64 +0x1a4
  github.com/luxfi/threshold/pkg/protocol.(*Handler).verifyNormal()
      /Users/z/work/lux/threshold/pkg/protocol/handler.go:1455 +0x6b4
  github.com/luxfi/threshold/pkg/protocol.(*Handler).processMessage()
      /Users/z/work/lux/threshold/pkg/protocol/handler.go:482 +0xba8
  github.com/luxfi/threshold/pkg/protocol.(*Handler).messageWorker()
      /Users/z/work/lux/threshold/pkg/protocol/handler.go:408 +0x338
  github.com/luxfi/threshold/pkg/protocol.(*Handler).startWorkers.gowrap1()
      /Users/z/work/lux/threshold/pkg/protocol/handler.go:355 +0x44

Previous write at 0x00c000b8ff58 by goroutine 116:
  runtime.slicecopy()
      /opt/homebrew/Cellar/go/1.24.6/libexec/src/runtime/slice.go:355 +0x0
  github.com/zeebo/blake3.(*hasher).updateString()
      /Users/z/go/pkg/mod/github.com/zeebo/blake3@v0.2.4/blake3.go:47 +0x148
  github.com/zeebo/blake3.(*hasher).update()
      /Users/z/go/pkg/mod/github.com/zeebo/blake3@v0.2.4/blake3.go:35 +0x2a0
  github.com/zeebo/blake3.(*Hasher).Write()
      /Users/z/go/pkg/mod/github.com/zeebo/blake3@v0.2.4/api.go:89 +0x258
  github.com/luxfi/threshold/internal/ot.(*RandomOTReceiever).Round2()
      /Users/z/work/lux/threshold/internal/ot/random.go:173 +0x248
  github.com/luxfi/threshold/internal/ot.(*CorreOTSetupSender).Round2()
      /Users/z/work/lux/threshold/internal/ot/correlated.go:98 +0x6c
  github.com/luxfi/threshold/protocols/doerner/keygen.(*round2S).StoreMessage()
      /Users/z/work/lux/threshold/protocols/doerner/keygen/round2S.go:64 +0x1a4
  github.com/luxfi/threshold/pkg/protocol.(*Handler).verifyNormalForRound()
      /Users/z/work/lux/threshold/pkg/protocol/handler.go:1337 +0x43c
  github.com/luxfi/threshold/pkg/protocol.(*Handler).retryUnprocessedMessages()
      /Users/z/work/lux/threshold/pkg/protocol/handler.go:1496 +0x3a0
  github.com/luxfi/threshold/pkg/protocol.(*Handler).tryAdvanceRound()
      /Users/z/work/lux/threshold/pkg/protocol/handler.go:587 +0x28c
  github.com/luxfi/threshold/pkg/protocol.(*Handler).roundProcessor()
      /Users/z/work/lux/threshold/pkg/protocol/handler.go:569 +0xb4
  github.com/luxfi/threshold/pkg/protocol.(*Handler).startWorkers.func1()
      /Users/z/work/lux/threshold/pkg/protocol/handler.go:374 +0x78

Goroutine 92 (running) created at:
  github.com/luxfi/threshold/pkg/protocol.(*Handler).startWorkers()
      /Users/z/work/lux/threshold/pkg/protocol/handler.go:355 +0x27c
  github.com/luxfi/threshold/pkg/protocol.NewHandler()
      /Users/z/work/lux/threshold/pkg/protocol/handler.go:247 +0xf10
  github.com/luxfi/threshold/protocols/doerner.TestDoernerKeygenWithTimeout.func1()
      /Users/z/work/lux/threshold/protocols/doerner/doerner_fixed_test.go:43 +0x5d4
  github.com/luxfi/threshold/internal/test.RunProtocolWithTimeoutNew()
      /Users/z/work/lux/threshold/internal/test/timeout_handler.go:72 +0x26c
  github.com/luxfi/threshold/protocols/doerner.TestDoernerKeygenWithTimeout()
      /Users/z/work/lux/threshold/protocols/doerner/doerner_fixed_test.go:53 +0x100
  testing.tRunner()
      /opt/homebrew/Cellar/go/1.24.6/libexec/src/testing/testing.go:1792 +0x180
  testing.(*T).Run.gowrap1()
      /opt/homebrew/Cellar/go/1.24.6/libexec/src/testing/testing.go:1851 +0x40

Goroutine 116 (running) created at:
  github.com/luxfi/threshold/pkg/protocol.(*Handler).startWorkers()
      /Users/z/work/lux/threshold/pkg/protocol/handler.go:372 +0x4fc
  github.com/luxfi/threshold/pkg/protocol.NewHandler()
      /Users/z/work/lux/threshold/pkg/protocol/handler.go:247 +0xf10
  github.com/luxfi/threshold/protocols/doerner.TestDoernerKeygenWithTimeout.func1()
      /Users/z/work/lux/threshold/protocols/doerner/doerner_fixed_test.go:43 +0x5d4
  github.com/luxfi/threshold/internal/test.RunProtocolWithTimeoutNew()
      /Users/z/work/lux/threshold/internal/test/timeout_handler.go:72 +0x26c
  github.com/luxfi/threshold/protocols/doerner.TestDoernerKeygenWithTimeout()
      /Users/z/work/lux/threshold/protocols/doerner/doerner_fixed_test.go:53 +0x100
  testing.tRunner()
      /opt/homebrew/Cellar/go/1.24.6/libexec/src/testing/testing.go:1792 +0x180
  testing.(*T).Run.gowrap1()
      /opt/homebrew/Cellar/go/1.24.6/libexec/src/testing/testing.go:1851 +0x40
==================
==================
WARNING: DATA RACE
Write at 0x00c000488080 by goroutine 92:
  runtime.slicecopy()
      /opt/homebrew/Cellar/go/1.24.6/libexec/src/runtime/slice.go:355 +0x0
  github.com/luxfi/threshold/internal/ot.(*RandomOTReceiever).Round2()
      /Users/z/work/lux/threshold/internal/ot/random.go:176 +0x308
  github.com/luxfi/threshold/internal/ot.(*CorreOTSetupSender).Round2()
      /Users/z/work/lux/threshold/internal/ot/correlated.go:98 +0x6c
  github.com/luxfi/threshold/protocols/doerner/keygen.(*round2S).StoreMessage()
      /Users/z/work/lux/threshold/protocols/doerner/keygen/round2S.go:64 +0x1a4
  github.com/luxfi/threshold/pkg/protocol.(*Handler).verifyNormal()
      /Users/z/work/lux/threshold/pkg/protocol/handler.go:1455 +0x6b4
  github.com/luxfi/threshold/pkg/protocol.(*Handler).processMessage()
      /Users/z/work/lux/threshold/pkg/protocol/handler.go:482 +0xba8
  github.com/luxfi/threshold/pkg/protocol.(*Handler).messageWorker()
      /Users/z/work/lux/threshold/pkg/protocol/handler.go:408 +0x338
  github.com/luxfi/threshold/pkg/protocol.(*Handler).startWorkers.gowrap1()
      /Users/z/work/lux/threshold/pkg/protocol/handler.go:355 +0x44

Previous write at 0x00c000488080 by goroutine 116:
  runtime.slicecopy()
      /opt/homebrew/Cellar/go/1.24.6/libexec/src/runtime/slice.go:355 +0x0
  github.com/luxfi/threshold/internal/ot.(*RandomOTReceiever).Round2()
      /Users/z/work/lux/threshold/internal/ot/random.go:176 +0x308
  github.com/luxfi/threshold/internal/ot.(*CorreOTSetupSender).Round2()
      /Users/z/work/lux/threshold/internal/ot/correlated.go:98 +0x6c
  github.com/luxfi/threshold/protocols/doerner/keygen.(*round2S).StoreMessage()
      /Users/z/work/lux/threshold/protocols/doerner/keygen/round2S.go:64 +0x1a4
  github.com/luxfi/threshold/pkg/protocol.(*Handler).verifyNormalForRound()
      /Users/z/work/lux/threshold/pkg/protocol/handler.go:1337 +0x43c
  github.com/luxfi/threshold/pkg/protocol.(*Handler).retryUnprocessedMessages()
      /Users/z/work/lux/threshold/pkg/protocol/handler.go:1496 +0x3a0
  github.com/luxfi/threshold/pkg/protocol.(*Handler).tryAdvanceRound()
      /Users/z/work/lux/threshold/pkg/protocol/handler.go:587 +0x28c
  github.com/luxfi/threshold/pkg/protocol.(*Handler).roundProcessor()
      /Users/z/work/lux/threshold/pkg/protocol/handler.go:569 +0xb4
  github.com/luxfi/threshold/pkg/protocol.(*Handler).startWorkers.func1()
      /Users/z/work/lux/threshold/pkg/protocol/handler.go:374 +0x78

Goroutine 92 (running) created at:
  github.com/luxfi/threshold/pkg/protocol.(*Handler).startWorkers()
      /Users/z/work/lux/threshold/pkg/protocol/handler.go:355 +0x27c
  github.com/luxfi/threshold/pkg/protocol.NewHandler()
      /Users/z/work/lux/threshold/pkg/protocol/handler.go:247 +0xf10
  github.com/luxfi/threshold/protocols/doerner.TestDoernerKeygenWithTimeout.func1()
      /Users/z/work/lux/threshold/protocols/doerner/doerner_fixed_test.go:43 +0x5d4
  github.com/luxfi/threshold/internal/test.RunProtocolWithTimeoutNew()
      /Users/z/work/lux/threshold/internal/test/timeout_handler.go:72 +0x26c
  github.com/luxfi/threshold/protocols/doerner.TestDoernerKeygenWithTimeout()
      /Users/z/work/lux/threshold/protocols/doerner/doerner_fixed_test.go:53 +0x100
  testing.tRunner()
      /opt/homebrew/Cellar/go/1.24.6/libexec/src/testing/testing.go:1792 +0x180
  testing.(*T).Run.gowrap1()
      /opt/homebrew/Cellar/go/1.24.6/libexec/src/testing/testing.go:1851 +0x40

Goroutine 116 (running) created at:
  github.com/luxfi/threshold/pkg/protocol.(*Handler).startWorkers()
      /Users/z/work/lux/threshold/pkg/protocol/handler.go:372 +0x4fc
  github.com/luxfi/threshold/pkg/protocol.NewHandler()
      /Users/z/work/lux/threshold/pkg/protocol/handler.go:247 +0xf10
  github.com/luxfi/threshold/protocols/doerner.TestDoernerKeygenWithTimeout.func1()
      /Users/z/work/lux/threshold/protocols/doerner/doerner_fixed_test.go:43 +0x5d4
  github.com/luxfi/threshold/internal/test.RunProtocolWithTimeoutNew()
      /Users/z/work/lux/threshold/internal/test/timeout_handler.go:72 +0x26c
  github.com/luxfi/threshold/protocols/doerner.TestDoernerKeygenWithTimeout()
      /Users/z/work/lux/threshold/protocols/doerner/doerner_fixed_test.go:53 +0x100
  testing.tRunner()
      /opt/homebrew/Cellar/go/1.24.6/libexec/src/testing/testing.go:1792 +0x180
  testing.(*T).Run.gowrap1()
      /opt/homebrew/Cellar/go/1.24.6/libexec/src/testing/testing.go:1851 +0x40
==================
==================
WARNING: DATA RACE
Read at 0x00c000d10008 by goroutine 14:
  github.com/zeebo/blake3.(*hasher).updateString()
      /Users/z/go/pkg/mod/github.com/zeebo/blake3@v0.2.4/blake3.go:42 +0x3c
  github.com/zeebo/blake3.(*hasher).update()
      /Users/z/go/pkg/mod/github.com/zeebo/blake3@v0.2.4/blake3.go:35 +0x308
  github.com/zeebo/blake3.(*Hasher).Write()
      /Users/z/go/pkg/mod/github.com/zeebo/blake3@v0.2.4/api.go:89 +0x2b4
  github.com/luxfi/threshold/internal/ot.(*RandomOTReceiever).Round1()
      /Users/z/work/lux/threshold/internal/ot/random.go:152 +0x2a4
  github.com/luxfi/threshold/internal/ot.(*CorreOTSetupSender).Round1.func1()
      /Users/z/work/lux/threshold/internal/ot/correlated.go:77 +0x5c
  github.com/luxfi/threshold/pkg/pool.worker()
      /Users/z/work/lux/threshold/pkg/pool/pool.go:76 +0xc4
  github.com/luxfi/threshold/pkg/pool.NewPool.gowrap1()
      /Users/z/work/lux/threshold/pkg/pool/pool.go:119 +0x34

Previous write at 0x00c000d10008 by goroutine 116:
  github.com/zeebo/blake3.(*hasher).reset()
      /Users/z/go/pkg/mod/github.com/zeebo/blake3@v0.2.4/blake3.go:26 +0xc0
  github.com/zeebo/blake3.(*Hasher).Reset()
      /Users/z/go/pkg/mod/github.com/zeebo/blake3@v0.2.4/api.go:102 +0x80
  github.com/luxfi/threshold/internal/ot.(*RandomOTReceiever).Round2()
      /Users/z/work/lux/threshold/internal/ot/random.go:169 +0x70
  github.com/luxfi/threshold/internal/ot.(*CorreOTSetupSender).Round2()
      /Users/z/work/lux/threshold/internal/ot/correlated.go:98 +0x6c
  github.com/luxfi/threshold/protocols/doerner/keygen.(*round2S).StoreMessage()
      /Users/z/work/lux/threshold/protocols/doerner/keygen/round2S.go:64 +0x1a4
  github.com/luxfi/threshold/pkg/protocol.(*Handler).verifyNormalForRound()
      /Users/z/work/lux/threshold/pkg/protocol/handler.go:1337 +0x43c
  github.com/luxfi/threshold/pkg/protocol.(*Handler).retryUnprocessedMessages()
      /Users/z/work/lux/threshold/pkg/protocol/handler.go:1496 +0x3a0
  github.com/luxfi/threshold/pkg/protocol.(*Handler).tryAdvanceRound()
      /Users/z/work/lux/threshold/pkg/protocol/handler.go:587 +0x28c
  github.com/luxfi/threshold/pkg/protocol.(*Handler).roundProcessor()
      /Users/z/work/lux/threshold/pkg/protocol/handler.go:569 +0xb4
  github.com/luxfi/threshold/pkg/protocol.(*Handler).startWorkers.func1()
      /Users/z/work/lux/threshold/pkg/protocol/handler.go:374 +0x78

Goroutine 14 (running) created at:
  github.com/luxfi/threshold/pkg/pool.NewPool()
      /Users/z/work/lux/threshold/pkg/pool/pool.go:119 +0xec
  github.com/luxfi/threshold/protocols/doerner.TestDoernerKeygenWithTimeout()
      /Users/z/work/lux/threshold/protocols/doerner/doerner_fixed_test.go:24 +0x44
  testing.tRunner()
      /opt/homebrew/Cellar/go/1.24.6/libexec/src/testing/testing.go:1792 +0x180
  testing.(*T).Run.gowrap1()
      /opt/homebrew/Cellar/go/1.24.6/libexec/src/testing/testing.go:1851 +0x40

Goroutine 116 (running) created at:
  github.com/luxfi/threshold/pkg/protocol.(*Handler).startWorkers()
      /Users/z/work/lux/threshold/pkg/protocol/handler.go:372 +0x4fc
  github.com/luxfi/threshold/pkg/protocol.NewHandler()
      /Users/z/work/lux/threshold/pkg/protocol/handler.go:247 +0xf10
  github.com/luxfi/threshold/protocols/doerner.TestDoernerKeygenWithTimeout.func1()
      /Users/z/work/lux/threshold/protocols/doerner/doerner_fixed_test.go:43 +0x5d4
  github.com/luxfi/threshold/internal/test.RunProtocolWithTimeoutNew()
      /Users/z/work/lux/threshold/internal/test/timeout_handler.go:72 +0x26c
  github.com/luxfi/threshold/protocols/doerner.TestDoernerKeygenWithTimeout()
      /Users/z/work/lux/threshold/protocols/doerner/doerner_fixed_test.go:53 +0x100
  testing.tRunner()
      /opt/homebrew/Cellar/go/1.24.6/libexec/src/testing/testing.go:1792 +0x180
  testing.(*T).Run.gowrap1()
      /opt/homebrew/Cellar/go/1.24.6/libexec/src/testing/testing.go:1851 +0x40
==================
==================
WARNING: DATA RACE
Read at 0x00c000d10a58 by goroutine 14:
  runtime.slicecopy()
      /opt/homebrew/Cellar/go/1.24.6/libexec/src/runtime/slice.go:355 +0x0
  github.com/zeebo/blake3.compressAll()
      /Users/z/go/pkg/mod/github.com/zeebo/blake3@v0.2.4/blake3.go:276 +0x190
  github.com/zeebo/blake3.(*hasher).finalizeDigest()
      /Users/z/go/pkg/mod/github.com/zeebo/blake3@v0.2.4/blake3.go:76 +0x464
  github.com/zeebo/blake3.(*Hasher).Digest()
      /Users/z/go/pkg/mod/github.com/zeebo/blake3@v0.2.4/api.go:141 +0x344
  github.com/luxfi/threshold/internal/ot.(*RandomOTReceiever).Round1()
      /Users/z/work/lux/threshold/internal/ot/random.go:153 +0x2b8
  github.com/luxfi/threshold/internal/ot.(*CorreOTSetupSender).Round1.func1()
      /Users/z/work/lux/threshold/internal/ot/correlated.go:77 +0x5c
  github.com/luxfi/threshold/pkg/pool.worker()
      /Users/z/work/lux/threshold/pkg/pool/pool.go:76 +0xc4
  github.com/luxfi/threshold/pkg/pool.NewPool.gowrap1()
      /Users/z/work/lux/threshold/pkg/pool/pool.go:119 +0x34

Previous write at 0x00c000d10a58 by goroutine 116:
  runtime.slicecopy()
      /opt/homebrew/Cellar/go/1.24.6/libexec/src/runtime/slice.go:355 +0x0
  github.com/zeebo/blake3.(*hasher).updateString()
      /Users/z/go/pkg/mod/github.com/zeebo/blake3@v0.2.4/blake3.go:47 +0x148
  github.com/zeebo/blake3.(*hasher).update()
      /Users/z/go/pkg/mod/github.com/zeebo/blake3@v0.2.4/blake3.go:35 +0x2a0
  github.com/zeebo/blake3.(*Hasher).Write()
      /Users/z/go/pkg/mod/github.com/zeebo/blake3@v0.2.4/api.go:89 +0x258
  github.com/luxfi/threshold/internal/ot.(*RandomOTReceiever).Round2()
      /Users/z/work/lux/threshold/internal/ot/random.go:173 +0x248
  github.com/luxfi/threshold/internal/ot.(*CorreOTSetupSender).Round2()
      /Users/z/work/lux/threshold/internal/ot/correlated.go:98 +0x6c
  github.com/luxfi/threshold/protocols/doerner/keygen.(*round2S).StoreMessage()
      /Users/z/work/lux/threshold/protocols/doerner/keygen/round2S.go:64 +0x1a4
  github.com/luxfi/threshold/pkg/protocol.(*Handler).verifyNormalForRound()
      /Users/z/work/lux/threshold/pkg/protocol/handler.go:1337 +0x43c
  github.com/luxfi/threshold/pkg/protocol.(*Handler).retryUnprocessedMessages()
      /Users/z/work/lux/threshold/pkg/protocol/handler.go:1496 +0x3a0
  github.com/luxfi/threshold/pkg/protocol.(*Handler).tryAdvanceRound()
      /Users/z/work/lux/threshold/pkg/protocol/handler.go:587 +0x28c
  github.com/luxfi/threshold/pkg/protocol.(*Handler).roundProcessor()
      /Users/z/work/lux/threshold/pkg/protocol/handler.go:569 +0xb4
  github.com/luxfi/threshold/pkg/protocol.(*Handler).startWorkers.func1()
      /Users/z/work/lux/threshold/pkg/protocol/handler.go:374 +0x78

Goroutine 14 (running) created at:
  github.com/luxfi/threshold/pkg/pool.NewPool()
      /Users/z/work/lux/threshold/pkg/pool/pool.go:119 +0xec
  github.com/luxfi/threshold/protocols/doerner.TestDoernerKeygenWithTimeout()
      /Users/z/work/lux/threshold/protocols/doerner/doerner_fixed_test.go:24 +0x44
  testing.tRunner()
      /opt/homebrew/Cellar/go/1.24.6/libexec/src/testing/testing.go:1792 +0x180
  testing.(*T).Run.gowrap1()
      /opt/homebrew/Cellar/go/1.24.6/libexec/src/testing/testing.go:1851 +0x40

Goroutine 116 (running) created at:
  github.com/luxfi/threshold/pkg/protocol.(*Handler).startWorkers()
      /Users/z/work/lux/threshold/pkg/protocol/handler.go:372 +0x4fc
  github.com/luxfi/threshold/pkg/protocol.NewHandler()
      /Users/z/work/lux/threshold/pkg/protocol/handler.go:247 +0xf10
  github.com/luxfi/threshold/protocols/doerner.TestDoernerKeygenWithTimeout.func1()
      /Users/z/work/lux/threshold/protocols/doerner/doerner_fixed_test.go:43 +0x5d4
  github.com/luxfi/threshold/internal/test.RunProtocolWithTimeoutNew()
      /Users/z/work/lux/threshold/internal/test/timeout_handler.go:72 +0x26c
  github.com/luxfi/threshold/protocols/doerner.TestDoernerKeygenWithTimeout()
      /Users/z/work/lux/threshold/protocols/doerner/doerner_fixed_test.go:53 +0x100
  testing.tRunner()
      /opt/homebrew/Cellar/go/1.24.6/libexec/src/testing/testing.go:1792 +0x180
  testing.(*T).Run.gowrap1()
      /opt/homebrew/Cellar/go/1.24.6/libexec/src/testing/testing.go:1851 +0x40
==================
==================
WARNING: DATA RACE
Write at 0x00c000c55508 by goroutine 92:
  github.com/zeebo/blake3.(*hasher).reset()
      /Users/z/go/pkg/mod/github.com/zeebo/blake3@v0.2.4/blake3.go:26 +0xc0
  github.com/zeebo/blake3.(*Hasher).Reset()
      /Users/z/go/pkg/mod/github.com/zeebo/blake3@v0.2.4/api.go:102 +0x80
  github.com/luxfi/threshold/internal/ot.(*RandomOTReceiever).Round2()
      /Users/z/work/lux/threshold/internal/ot/random.go:169 +0x70
  github.com/luxfi/threshold/internal/ot.(*CorreOTSetupSender).Round2()
      /Users/z/work/lux/threshold/internal/ot/correlated.go:98 +0x6c
  github.com/luxfi/threshold/protocols/doerner/keygen.(*round2S).StoreMessage()
      /Users/z/work/lux/threshold/protocols/doerner/keygen/round2S.go:64 +0x1a4
  github.com/luxfi/threshold/pkg/protocol.(*Handler).verifyNormal()
      /Users/z/work/lux/threshold/pkg/protocol/handler.go:1455 +0x6b4
  github.com/luxfi/threshold/pkg/protocol.(*Handler).processMessage()
      /Users/z/work/lux/threshold/pkg/protocol/handler.go:482 +0xba8
  github.com/luxfi/threshold/pkg/protocol.(*Handler).messageWorker()
      /Users/z/work/lux/threshold/pkg/protocol/handler.go:408 +0x338
  github.com/luxfi/threshold/pkg/protocol.(*Handler).startWorkers.gowrap1()
      /Users/z/work/lux/threshold/pkg/protocol/handler.go:355 +0x44

Previous write at 0x00c000c55508 by goroutine 116:
  github.com/zeebo/blake3.(*hasher).updateString()
      /Users/z/go/pkg/mod/github.com/zeebo/blake3@v0.2.4/blake3.go:48 +0x164
  github.com/zeebo/blake3.(*hasher).update()
      /Users/z/go/pkg/mod/github.com/zeebo/blake3@v0.2.4/blake3.go:35 +0x168
  github.com/zeebo/blake3.(*Hasher).Write()
      /Users/z/go/pkg/mod/github.com/zeebo/blake3@v0.2.4/api.go:89 +0x120
  github.com/luxfi/threshold/internal/ot.(*RandomOTReceiever).Round2()
      /Users/z/work/lux/threshold/internal/ot/random.go:170 +0x84
  github.com/luxfi/threshold/internal/ot.(*CorreOTSetupSender).Round2()
      /Users/z/work/lux/threshold/internal/ot/correlated.go:98 +0x6c
  github.com/luxfi/threshold/protocols/doerner/keygen.(*round2S).StoreMessage()
      /Users/z/work/lux/threshold/protocols/doerner/keygen/round2S.go:64 +0x1a4
  github.com/luxfi/threshold/pkg/protocol.(*Handler).verifyNormalForRound()
      /Users/z/work/lux/threshold/pkg/protocol/handler.go:1337 +0x43c
  github.com/luxfi/threshold/pkg/protocol.(*Handler).retryUnprocessedMessages()
      /Users/z/work/lux/threshold/pkg/protocol/handler.go:1496 +0x3a0
  github.com/luxfi/threshold/pkg/protocol.(*Handler).tryAdvanceRound()
      /Users/z/work/lux/threshold/pkg/protocol/handler.go:587 +0x28c
  github.com/luxfi/threshold/pkg/protocol.(*Handler).roundProcessor()
      /Users/z/work/lux/threshold/pkg/protocol/handler.go:569 +0xb4
  github.com/luxfi/threshold/pkg/protocol.(*Handler).startWorkers.func1()
      /Users/z/work/lux/threshold/pkg/protocol/handler.go:374 +0x78

Goroutine 92 (running) created at:
  github.com/luxfi/threshold/pkg/protocol.(*Handler).startWorkers()
      /Users/z/work/lux/threshold/pkg/protocol/handler.go:355 +0x27c
  github.com/luxfi/threshold/pkg/protocol.NewHandler()
      /Users/z/work/lux/threshold/pkg/protocol/handler.go:247 +0xf10
  github.com/luxfi/threshold/protocols/doerner.TestDoernerKeygenWithTimeout.func1()
      /Users/z/work/lux/threshold/protocols/doerner/doerner_fixed_test.go:43 +0x5d4
  github.com/luxfi/threshold/internal/test.RunProtocolWithTimeoutNew()
      /Users/z/work/lux/threshold/internal/test/timeout_handler.go:72 +0x26c
  github.com/luxfi/threshold/protocols/doerner.TestDoernerKeygenWithTimeout()
      /Users/z/work/lux/threshold/protocols/doerner/doerner_fixed_test.go:53 +0x100
  testing.tRunner()
      /opt/homebrew/Cellar/go/1.24.6/libexec/src/testing/testing.go:1792 +0x180
  testing.(*T).Run.gowrap1()
      /opt/homebrew/Cellar/go/1.24.6/libexec/src/testing/testing.go:1851 +0x40

Goroutine 116 (running) created at:
  github.com/luxfi/threshold/pkg/protocol.(*Handler).startWorkers()
      /Users/z/work/lux/threshold/pkg/protocol/handler.go:372 +0x4fc
  github.com/luxfi/threshold/pkg/protocol.NewHandler()
      /Users/z/work/lux/threshold/pkg/protocol/handler.go:247 +0xf10
  github.com/luxfi/threshold/protocols/doerner.TestDoernerKeygenWithTimeout.func1()
      /Users/z/work/lux/threshold/protocols/doerner/doerner_fixed_test.go:43 +0x5d4
  github.com/luxfi/threshold/internal/test.RunProtocolWithTimeoutNew()
      /Users/z/work/lux/threshold/internal/test/timeout_handler.go:72 +0x26c
  github.com/luxfi/threshold/protocols/doerner.TestDoernerKeygenWithTimeout()
      /Users/z/work/lux/threshold/protocols/doerner/doerner_fixed_test.go:53 +0x100
  testing.tRunner()
      /opt/homebrew/Cellar/go/1.24.6/libexec/src/testing/testing.go:1792 +0x180
  testing.(*T).Run.gowrap1()
      /opt/homebrew/Cellar/go/1.24.6/libexec/src/testing/testing.go:1851 +0x40
==================
==================
WARNING: DATA RACE
Write at 0x00c000c55510 by goroutine 92:
  github.com/zeebo/blake3.(*hasher).reset()
      /Users/z/go/pkg/mod/github.com/zeebo/blake3@v0.2.4/blake3.go:27 +0xd0
  github.com/zeebo/blake3.(*Hasher).Reset()
      /Users/z/go/pkg/mod/github.com/zeebo/blake3@v0.2.4/api.go:102 +0x80
  github.com/luxfi/threshold/internal/ot.(*RandomOTReceiever).Round2()
      /Users/z/work/lux/threshold/internal/ot/random.go:169 +0x70
  github.com/luxfi/threshold/internal/ot.(*CorreOTSetupSender).Round2()
      /Users/z/work/lux/threshold/internal/ot/correlated.go:98 +0x6c
  github.com/luxfi/threshold/protocols/doerner/keygen.(*round2S).StoreMessage()
      /Users/z/work/lux/threshold/protocols/doerner/keygen/round2S.go:64 +0x1a4
  github.com/luxfi/threshold/pkg/protocol.(*Handler).verifyNormal()
      /Users/z/work/lux/threshold/pkg/protocol/handler.go:1455 +0x6b4
  github.com/luxfi/threshold/pkg/protocol.(*Handler).processMessage()
      /Users/z/work/lux/threshold/pkg/protocol/handler.go:482 +0xba8
  github.com/luxfi/threshold/pkg/protocol.(*Handler).messageWorker()
      /Users/z/work/lux/threshold/pkg/protocol/handler.go:408 +0x338
  github.com/luxfi/threshold/pkg/protocol.(*Handler).startWorkers.gowrap1()
      /Users/z/work/lux/threshold/pkg/protocol/handler.go:355 +0x44

Previous write at 0x00c000c55510 by goroutine 116:
  github.com/zeebo/blake3.(*hasher).reset()
      /Users/z/go/pkg/mod/github.com/zeebo/blake3@v0.2.4/blake3.go:27 +0x208
  github.com/zeebo/blake3.(*Hasher).Reset()
      /Users/z/go/pkg/mod/github.com/zeebo/blake3@v0.2.4/api.go:102 +0x1d0
  github.com/luxfi/threshold/internal/ot.(*RandomOTReceiever).Round2()
      /Users/z/work/lux/threshold/internal/ot/random.go:172 +0x1bc
  github.com/luxfi/threshold/internal/ot.(*CorreOTSetupSender).Round2()
      /Users/z/work/lux/threshold/internal/ot/correlated.go:98 +0x6c
  github.com/luxfi/threshold/protocols/doerner/keygen.(*round2S).StoreMessage()
      /Users/z/work/lux/threshold/protocols/doerner/keygen/round2S.go:64 +0x1a4
  github.com/luxfi/threshold/pkg/protocol.(*Handler).verifyNormalForRound()
      /Users/z/work/lux/threshold/pkg/protocol/handler.go:1337 +0x43c
  github.com/luxfi/threshold/pkg/protocol.(*Handler).retryUnprocessedMessages()
      /Users/z/work/lux/threshold/pkg/protocol/handler.go:1496 +0x3a0
  github.com/luxfi/threshold/pkg/protocol.(*Handler).tryAdvanceRound()
      /Users/z/work/lux/threshold/pkg/protocol/handler.go:587 +0x28c
  github.com/luxfi/threshold/pkg/protocol.(*Handler).roundProcessor()
      /Users/z/work/lux/threshold/pkg/protocol/handler.go:569 +0xb4
  github.com/luxfi/threshold/pkg/protocol.(*Handler).startWorkers.func1()
      /Users/z/work/lux/threshold/pkg/protocol/handler.go:374 +0x78

Goroutine 92 (running) created at:
  github.com/luxfi/threshold/pkg/protocol.(*Handler).startWorkers()
      /Users/z/work/lux/threshold/pkg/protocol/handler.go:355 +0x27c
  github.com/luxfi/threshold/pkg/protocol.NewHandler()
      /Users/z/work/lux/threshold/pkg/protocol/handler.go:247 +0xf10
  github.com/luxfi/threshold/protocols/doerner.TestDoernerKeygenWithTimeout.func1()
      /Users/z/work/lux/threshold/protocols/doerner/doerner_fixed_test.go:43 +0x5d4
  github.com/luxfi/threshold/internal/test.RunProtocolWithTimeoutNew()
      /Users/z/work/lux/threshold/internal/test/timeout_handler.go:72 +0x26c
  github.com/luxfi/threshold/protocols/doerner.TestDoernerKeygenWithTimeout()
      /Users/z/work/lux/threshold/protocols/doerner/doerner_fixed_test.go:53 +0x100
  testing.tRunner()
      /opt/homebrew/Cellar/go/1.24.6/libexec/src/testing/testing.go:1792 +0x180
  testing.(*T).Run.gowrap1()
      /opt/homebrew/Cellar/go/1.24.6/libexec/src/testing/testing.go:1851 +0x40

Goroutine 116 (running) created at:
  github.com/luxfi/threshold/pkg/protocol.(*Handler).startWorkers()
      /Users/z/work/lux/threshold/pkg/protocol/handler.go:372 +0x4fc
  github.com/luxfi/threshold/pkg/protocol.NewHandler()
      /Users/z/work/lux/threshold/pkg/protocol/handler.go:247 +0xf10
  github.com/luxfi/threshold/protocols/doerner.TestDoernerKeygenWithTimeout.func1()
      /Users/z/work/lux/threshold/protocols/doerner/doerner_fixed_test.go:43 +0x5d4
  github.com/luxfi/threshold/internal/test.RunProtocolWithTimeoutNew()
      /Users/z/work/lux/threshold/internal/test/timeout_handler.go:72 +0x26c
  github.com/luxfi/threshold/protocols/doerner.TestDoernerKeygenWithTimeout()
      /Users/z/work/lux/threshold/protocols/doerner/doerner_fixed_test.go:53 +0x100
  testing.tRunner()
      /opt/homebrew/Cellar/go/1.24.6/libexec/src/testing/testing.go:1792 +0x180
  testing.(*T).Run.gowrap1()
      /opt/homebrew/Cellar/go/1.24.6/libexec/src/testing/testing.go:1851 +0x40
==================
==================
WARNING: DATA RACE
Write at 0x00c000d10008 by goroutine 92:
  github.com/zeebo/blake3.(*hasher).reset()
      /Users/z/go/pkg/mod/github.com/zeebo/blake3@v0.2.4/blake3.go:26 +0xc0
  github.com/zeebo/blake3.(*Hasher).Reset()
      /Users/z/go/pkg/mod/github.com/zeebo/blake3@v0.2.4/api.go:102 +0x80
  github.com/luxfi/threshold/internal/ot.(*RandomOTReceiever).Round2()
      /Users/z/work/lux/threshold/internal/ot/random.go:169 +0x70
  github.com/luxfi/threshold/internal/ot.(*CorreOTSetupSender).Round2()
      /Users/z/work/lux/threshold/internal/ot/correlated.go:98 +0x6c
  github.com/luxfi/threshold/protocols/doerner/keygen.(*round2S).StoreMessage()
      /Users/z/work/lux/threshold/protocols/doerner/keygen/round2S.go:64 +0x1a4
  github.com/luxfi/threshold/pkg/protocol.(*Handler).verifyNormal()
      /Users/z/work/lux/threshold/pkg/protocol/handler.go:1455 +0x6b4
  github.com/luxfi/threshold/pkg/protocol.(*Handler).processMessage()
      /Users/z/work/lux/threshold/pkg/protocol/handler.go:482 +0xba8
  github.com/luxfi/threshold/pkg/protocol.(*Handler).messageWorker()
      /Users/z/work/lux/threshold/pkg/protocol/handler.go:408 +0x338
  github.com/luxfi/threshold/pkg/protocol.(*Handler).startWorkers.gowrap1()
      /Users/z/work/lux/threshold/pkg/protocol/handler.go:355 +0x44

Previous write at 0x00c000d10008 by goroutine 14:
  github.com/zeebo/blake3.(*hasher).updateString()
      /Users/z/go/pkg/mod/github.com/zeebo/blake3@v0.2.4/blake3.go:48 +0x164
  github.com/zeebo/blake3.(*hasher).update()
      /Users/z/go/pkg/mod/github.com/zeebo/blake3@v0.2.4/blake3.go:35 +0x308
  github.com/zeebo/blake3.(*Hasher).Write()
      /Users/z/go/pkg/mod/github.com/zeebo/blake3@v0.2.4/api.go:89 +0x2b4
  github.com/luxfi/threshold/internal/ot.(*RandomOTReceiever).Round1()
      /Users/z/work/lux/threshold/internal/ot/random.go:152 +0x2a4
  github.com/luxfi/threshold/internal/ot.(*CorreOTSetupSender).Round1.func1()
      /Users/z/work/lux/threshold/internal/ot/correlated.go:77 +0x5c
  github.com/luxfi/threshold/pkg/pool.worker()
      /Users/z/work/lux/threshold/pkg/pool/pool.go:76 +0xc4
  github.com/luxfi/threshold/pkg/pool.NewPool.gowrap1()
      /Users/z/work/lux/threshold/pkg/pool/pool.go:119 +0x34

Goroutine 92 (running) created at:
  github.com/luxfi/threshold/pkg/protocol.(*Handler).startWorkers()
      /Users/z/work/lux/threshold/pkg/protocol/handler.go:355 +0x27c
  github.com/luxfi/threshold/pkg/protocol.NewHandler()
      /Users/z/work/lux/threshold/pkg/protocol/handler.go:247 +0xf10
  github.com/luxfi/threshold/protocols/doerner.TestDoernerKeygenWithTimeout.func1()
      /Users/z/work/lux/threshold/protocols/doerner/doerner_fixed_test.go:43 +0x5d4
  github.com/luxfi/threshold/internal/test.RunProtocolWithTimeoutNew()
      /Users/z/work/lux/threshold/internal/test/timeout_handler.go:72 +0x26c
  github.com/luxfi/threshold/protocols/doerner.TestDoernerKeygenWithTimeout()
      /Users/z/work/lux/threshold/protocols/doerner/doerner_fixed_test.go:53 +0x100
  testing.tRunner()
      /opt/homebrew/Cellar/go/1.24.6/libexec/src/testing/testing.go:1792 +0x180
  testing.(*T).Run.gowrap1()
      /opt/homebrew/Cellar/go/1.24.6/libexec/src/testing/testing.go:1851 +0x40

Goroutine 14 (running) created at:
  github.com/luxfi/threshold/pkg/pool.NewPool()
      /Users/z/work/lux/threshold/pkg/pool/pool.go:119 +0xec
  github.com/luxfi/threshold/protocols/doerner.TestDoernerKeygenWithTimeout()
      /Users/z/work/lux/threshold/protocols/doerner/doerner_fixed_test.go:24 +0x44
  testing.tRunner()
      /opt/homebrew/Cellar/go/1.24.6/libexec/src/testing/testing.go:1792 +0x180
  testing.(*T).Run.gowrap1()
      /opt/homebrew/Cellar/go/1.24.6/libexec/src/testing/testing.go:1851 +0x40
==================
==================
WARNING: DATA RACE
Write at 0x00c000d38010 by goroutine 116:
  github.com/zeebo/blake3.(*hasher).reset()
      /Users/z/go/pkg/mod/github.com/zeebo/blake3@v0.2.4/blake3.go:27 +0xd0
  github.com/zeebo/blake3.(*Hasher).Reset()
      /Users/z/go/pkg/mod/github.com/zeebo/blake3@v0.2.4/api.go:102 +0x80
  github.com/luxfi/threshold/internal/ot.(*RandomOTReceiever).Round2()
      /Users/z/work/lux/threshold/internal/ot/random.go:169 +0x70
  github.com/luxfi/threshold/internal/ot.(*CorreOTSetupSender).Round2()
      /Users/z/work/lux/threshold/internal/ot/correlated.go:98 +0x6c
  github.com/luxfi/threshold/protocols/doerner/keygen.(*round2S).StoreMessage()
      /Users/z/work/lux/threshold/protocols/doerner/keygen/round2S.go:64 +0x1a4
  github.com/luxfi/threshold/pkg/protocol.(*Handler).verifyNormalForRound()
      /Users/z/work/lux/threshold/pkg/protocol/handler.go:1337 +0x43c
  github.com/luxfi/threshold/pkg/protocol.(*Handler).retryUnprocessedMessages()
      /Users/z/work/lux/threshold/pkg/protocol/handler.go:1496 +0x3a0
  github.com/luxfi/threshold/pkg/protocol.(*Handler).tryAdvanceRound()
      /Users/z/work/lux/threshold/pkg/protocol/handler.go:587 +0x28c
  github.com/luxfi/threshold/pkg/protocol.(*Handler).roundProcessor()
      /Users/z/work/lux/threshold/pkg/protocol/handler.go:569 +0xb4
  github.com/luxfi/threshold/pkg/protocol.(*Handler).startWorkers.func1()
      /Users/z/work/lux/threshold/pkg/protocol/handler.go:374 +0x78

Previous write at 0x00c000d38010 by goroutine 92:
  github.com/zeebo/blake3.(*hasher).reset()
      /Users/z/go/pkg/mod/github.com/zeebo/blake3@v0.2.4/blake3.go:27 +0x208
  github.com/zeebo/blake3.(*Hasher).Reset()
      /Users/z/go/pkg/mod/github.com/zeebo/blake3@v0.2.4/api.go:102 +0x1d0
  github.com/luxfi/threshold/internal/ot.(*RandomOTReceiever).Round2()
      /Users/z/work/lux/threshold/internal/ot/random.go:172 +0x1bc
  github.com/luxfi/threshold/internal/ot.(*CorreOTSetupSender).Round2()
      /Users/z/work/lux/threshold/internal/ot/correlated.go:98 +0x6c
  github.com/luxfi/threshold/protocols/doerner/keygen.(*round2S).StoreMessage()
      /Users/z/work/lux/threshold/protocols/doerner/keygen/round2S.go:64 +0x1a4
  github.com/luxfi/threshold/pkg/protocol.(*Handler).verifyNormal()
      /Users/z/work/lux/threshold/pkg/protocol/handler.go:1455 +0x6b4
  github.com/luxfi/threshold/pkg/protocol.(*Handler).processMessage()
      /Users/z/work/lux/threshold/pkg/protocol/handler.go:482 +0xba8
  github.com/luxfi/threshold/pkg/protocol.(*Handler).messageWorker()
      /Users/z/work/lux/threshold/pkg/protocol/handler.go:408 +0x338
  github.com/luxfi/threshold/pkg/protocol.(*Handler).startWorkers.gowrap1()
      /Users/z/work/lux/threshold/pkg/protocol/handler.go:355 +0x44

Goroutine 116 (running) created at:
  github.com/luxfi/threshold/pkg/protocol.(*Handler).startWorkers()
      /Users/z/work/lux/threshold/pkg/protocol/handler.go:372 +0x4fc
  github.com/luxfi/threshold/pkg/protocol.NewHandler()
      /Users/z/work/lux/threshold/pkg/protocol/handler.go:247 +0xf10
  github.com/luxfi/threshold/protocols/doerner.TestDoernerKeygenWithTimeout.func1()
      /Users/z/work/lux/threshold/protocols/doerner/doerner_fixed_test.go:43 +0x5d4
  github.com/luxfi/threshold/internal/test.RunProtocolWithTimeoutNew()
      /Users/z/work/lux/threshold/internal/test/timeout_handler.go:72 +0x26c
  github.com/luxfi/threshold/protocols/doerner.TestDoernerKeygenWithTimeout()
      /Users/z/work/lux/threshold/protocols/doerner/doerner_fixed_test.go:53 +0x100
  testing.tRunner()
      /opt/homebrew/Cellar/go/1.24.6/libexec/src/testing/testing.go:1792 +0x180
  testing.(*T).Run.gowrap1()
      /opt/homebrew/Cellar/go/1.24.6/libexec/src/testing/testing.go:1851 +0x40

Goroutine 92 (running) created at:
  github.com/luxfi/threshold/pkg/protocol.(*Handler).startWorkers()
      /Users/z/work/lux/threshold/pkg/protocol/handler.go:355 +0x27c
  github.com/luxfi/threshold/pkg/protocol.NewHandler()
      /Users/z/work/lux/threshold/pkg/protocol/handler.go:247 +0xf10
  github.com/luxfi/threshold/protocols/doerner.TestDoernerKeygenWithTimeout.func1()
      /Users/z/work/lux/threshold/protocols/doerner/doerner_fixed_test.go:43 +0x5d4
  github.com/luxfi/threshold/internal/test.RunProtocolWithTimeoutNew()
      /Users/z/work/lux/threshold/internal/test/timeout_handler.go:72 +0x26c
  github.com/luxfi/threshold/protocols/doerner.TestDoernerKeygenWithTimeout()
      /Users/z/work/lux/threshold/protocols/doerner/doerner_fixed_test.go:53 +0x100
  testing.tRunner()
      /opt/homebrew/Cellar/go/1.24.6/libexec/src/testing/testing.go:1792 +0x180
  testing.(*T).Run.gowrap1()
      /opt/homebrew/Cellar/go/1.24.6/libexec/src/testing/testing.go:1851 +0x40
==================
==================
WARNING: DATA RACE
Write at 0x00c000d38048 by goroutine 116:
  github.com/zeebo/blake3.(*hasher).reset()
      /Users/z/go/pkg/mod/github.com/zeebo/blake3@v0.2.4/blake3.go:29 +0xf4
  github.com/zeebo/blake3.(*Hasher).Reset()
      /Users/z/go/pkg/mod/github.com/zeebo/blake3@v0.2.4/api.go:102 +0x80
  github.com/luxfi/threshold/internal/ot.(*RandomOTReceiever).Round2()
      /Users/z/work/lux/threshold/internal/ot/random.go:169 +0x70
  github.com/luxfi/threshold/internal/ot.(*CorreOTSetupSender).Round2()
      /Users/z/work/lux/threshold/internal/ot/correlated.go:98 +0x6c
  github.com/luxfi/threshold/protocols/doerner/keygen.(*round2S).StoreMessage()
      /Users/z/work/lux/threshold/protocols/doerner/keygen/round2S.go:64 +0x1a4
  github.com/luxfi/threshold/pkg/protocol.(*Handler).verifyNormalForRound()
      /Users/z/work/lux/threshold/pkg/protocol/handler.go:1337 +0x43c
  github.com/luxfi/threshold/pkg/protocol.(*Handler).retryUnprocessedMessages()
      /Users/z/work/lux/threshold/pkg/protocol/handler.go:1496 +0x3a0
  github.com/luxfi/threshold/pkg/protocol.(*Handler).tryAdvanceRound()
      /Users/z/work/lux/threshold/pkg/protocol/handler.go:587 +0x28c
  github.com/luxfi/threshold/pkg/protocol.(*Handler).roundProcessor()
      /Users/z/work/lux/threshold/pkg/protocol/handler.go:569 +0xb4
  github.com/luxfi/threshold/pkg/protocol.(*Handler).startWorkers.func1()
      /Users/z/work/lux/threshold/pkg/protocol/handler.go:374 +0x78

Previous write at 0x00c000d38048 by goroutine 92:
  github.com/zeebo/blake3.(*hasher).reset()
      /Users/z/go/pkg/mod/github.com/zeebo/blake3@v0.2.4/blake3.go:29 +0x22c
  github.com/zeebo/blake3.(*Hasher).Reset()
      /Users/z/go/pkg/mod/github.com/zeebo/blake3@v0.2.4/api.go:102 +0x1d0
  github.com/luxfi/threshold/internal/ot.(*RandomOTReceiever).Round2()
      /Users/z/work/lux/threshold/internal/ot/random.go:172 +0x1bc
  github.com/luxfi/threshold/internal/ot.(*CorreOTSetupSender).Round2()
      /Users/z/work/lux/threshold/internal/ot/correlated.go:98 +0x6c
  github.com/luxfi/threshold/protocols/doerner/keygen.(*round2S).StoreMessage()
      /Users/z/work/lux/threshold/protocols/doerner/keygen/round2S.go:64 +0x1a4
  github.com/luxfi/threshold/pkg/protocol.(*Handler).verifyNormal()
      /Users/z/work/lux/threshold/pkg/protocol/handler.go:1455 +0x6b4
  github.com/luxfi/threshold/pkg/protocol.(*Handler).processMessage()
      /Users/z/work/lux/threshold/pkg/protocol/handler.go:482 +0xba8
  github.com/luxfi/threshold/pkg/protocol.(*Handler).messageWorker()
      /Users/z/work/lux/threshold/pkg/protocol/handler.go:408 +0x338
  github.com/luxfi/threshold/pkg/protocol.(*Handler).startWorkers.gowrap1()
      /Users/z/work/lux/threshold/pkg/protocol/handler.go:355 +0x44

Goroutine 116 (running) created at:
  github.com/luxfi/threshold/pkg/protocol.(*Handler).startWorkers()
      /Users/z/work/lux/threshold/pkg/protocol/handler.go:372 +0x4fc
  github.com/luxfi/threshold/pkg/protocol.NewHandler()
      /Users/z/work/lux/threshold/pkg/protocol/handler.go:247 +0xf10
  github.com/luxfi/threshold/protocols/doerner.TestDoernerKeygenWithTimeout.func1()
      /Users/z/work/lux/threshold/protocols/doerner/doerner_fixed_test.go:43 +0x5d4
  github.com/luxfi/threshold/internal/test.RunProtocolWithTimeoutNew()
      /Users/z/work/lux/threshold/internal/test/timeout_handler.go:72 +0x26c
  github.com/luxfi/threshold/protocols/doerner.TestDoernerKeygenWithTimeout()
      /Users/z/work/lux/threshold/protocols/doerner/doerner_fixed_test.go:53 +0x100
  testing.tRunner()
      /opt/homebrew/Cellar/go/1.24.6/libexec/src/testing/testing.go:1792 +0x180
  testing.(*T).Run.gowrap1()
      /opt/homebrew/Cellar/go/1.24.6/libexec/src/testing/testing.go:1851 +0x40

Goroutine 92 (running) created at:
  github.com/luxfi/threshold/pkg/protocol.(*Handler).startWorkers()
      /Users/z/work/lux/threshold/pkg/protocol/handler.go:355 +0x27c
  github.com/luxfi/threshold/pkg/protocol.NewHandler()
      /Users/z/work/lux/threshold/pkg/protocol/handler.go:247 +0xf10
  github.com/luxfi/threshold/protocols/doerner.TestDoernerKeygenWithTimeout.func1()
      /Users/z/work/lux/threshold/protocols/doerner/doerner_fixed_test.go:43 +0x5d4
  github.com/luxfi/threshold/internal/test.RunProtocolWithTimeoutNew()
      /Users/z/work/lux/threshold/internal/test/timeout_handler.go:72 +0x26c
  github.com/luxfi/threshold/protocols/doerner.TestDoernerKeygenWithTimeout()
      /Users/z/work/lux/threshold/protocols/doerner/doerner_fixed_test.go:53 +0x100
  testing.tRunner()
      /opt/homebrew/Cellar/go/1.24.6/libexec/src/testing/testing.go:1792 +0x180
  testing.(*T).Run.gowrap1()
      /opt/homebrew/Cellar/go/1.24.6/libexec/src/testing/testing.go:1851 +0x40
==================
==================
WARNING: DATA RACE
Read at 0x00c000d38008 by goroutine 116:
  github.com/zeebo/blake3.(*hasher).updateString()
      /Users/z/go/pkg/mod/github.com/zeebo/blake3@v0.2.4/blake3.go:42 +0x3c
  github.com/zeebo/blake3.(*hasher).update()
      /Users/z/go/pkg/mod/github.com/zeebo/blake3@v0.2.4/blake3.go:35 +0x168
  github.com/zeebo/blake3.(*Hasher).Write()
      /Users/z/go/pkg/mod/github.com/zeebo/blake3@v0.2.4/api.go:89 +0x120
  github.com/luxfi/threshold/internal/ot.(*RandomOTReceiever).Round2()
      /Users/z/work/lux/threshold/internal/ot/random.go:170 +0x84
  github.com/luxfi/threshold/internal/ot.(*CorreOTSetupSender).Round2()
      /Users/z/work/lux/threshold/internal/ot/correlated.go:98 +0x6c
  github.com/luxfi/threshold/protocols/doerner/keygen.(*round2S).StoreMessage()
      /Users/z/work/lux/threshold/protocols/doerner/keygen/round2S.go:64 +0x1a4
  github.com/luxfi/threshold/pkg/protocol.(*Handler).verifyNormalForRound()
      /Users/z/work/lux/threshold/pkg/protocol/handler.go:1337 +0x43c
  github.com/luxfi/threshold/pkg/protocol.(*Handler).retryUnprocessedMessages()
      /Users/z/work/lux/threshold/pkg/protocol/handler.go:1496 +0x3a0
  github.com/luxfi/threshold/pkg/protocol.(*Handler).tryAdvanceRound()
      /Users/z/work/lux/threshold/pkg/protocol/handler.go:587 +0x28c
  github.com/luxfi/threshold/pkg/protocol.(*Handler).roundProcessor()
      /Users/z/work/lux/threshold/pkg/protocol/handler.go:569 +0xb4
  github.com/luxfi/threshold/pkg/protocol.(*Handler).startWorkers.func1()
      /Users/z/work/lux/threshold/pkg/protocol/handler.go:374 +0x78

Previous write at 0x00c000d38008 by goroutine 92:
  github.com/zeebo/blake3.(*hasher).reset()
      /Users/z/go/pkg/mod/github.com/zeebo/blake3@v0.2.4/blake3.go:26 +0xc0
  github.com/zeebo/blake3.(*Hasher).Reset()
      /Users/z/go/pkg/mod/github.com/zeebo/blake3@v0.2.4/api.go:102 +0x80
  github.com/luxfi/threshold/internal/ot.(*RandomOTReceiever).Round2()
      /Users/z/work/lux/threshold/internal/ot/random.go:169 +0x70
  github.com/luxfi/threshold/internal/ot.(*CorreOTSetupSender).Round2()
      /Users/z/work/lux/threshold/internal/ot/correlated.go:98 +0x6c
  github.com/luxfi/threshold/protocols/doerner/keygen.(*round2S).StoreMessage()
      /Users/z/work/lux/threshold/protocols/doerner/keygen/round2S.go:64 +0x1a4
  github.com/luxfi/threshold/pkg/protocol.(*Handler).verifyNormal()
      /Users/z/work/lux/threshold/pkg/protocol/handler.go:1455 +0x6b4
  github.com/luxfi/threshold/pkg/protocol.(*Handler).processMessage()
      /Users/z/work/lux/threshold/pkg/protocol/handler.go:482 +0xba8
  github.com/luxfi/threshold/pkg/protocol.(*Handler).messageWorker()
      /Users/z/work/lux/threshold/pkg/protocol/handler.go:408 +0x338
  github.com/luxfi/threshold/pkg/protocol.(*Handler).startWorkers.gowrap1()
      /Users/z/work/lux/threshold/pkg/protocol/handler.go:355 +0x44

Goroutine 116 (running) created at:
  github.com/luxfi/threshold/pkg/protocol.(*Handler).startWorkers()
      /Users/z/work/lux/threshold/pkg/protocol/handler.go:372 +0x4fc
  github.com/luxfi/threshold/pkg/protocol.NewHandler()
      /Users/z/work/lux/threshold/pkg/protocol/handler.go:247 +0xf10
  github.com/luxfi/threshold/protocols/doerner.TestDoernerKeygenWithTimeout.func1()
      /Users/z/work/lux/threshold/protocols/doerner/doerner_fixed_test.go:43 +0x5d4
  github.com/luxfi/threshold/internal/test.RunProtocolWithTimeoutNew()
      /Users/z/work/lux/threshold/internal/test/timeout_handler.go:72 +0x26c
  github.com/luxfi/threshold/protocols/doerner.TestDoernerKeygenWithTimeout()
      /Users/z/work/lux/threshold/protocols/doerner/doerner_fixed_test.go:53 +0x100
  testing.tRunner()
      /opt/homebrew/Cellar/go/1.24.6/libexec/src/testing/testing.go:1792 +0x180
  testing.(*T).Run.gowrap1()
      /opt/homebrew/Cellar/go/1.24.6/libexec/src/testing/testing.go:1851 +0x40

Goroutine 92 (running) created at:
  github.com/luxfi/threshold/pkg/protocol.(*Handler).startWorkers()
      /Users/z/work/lux/threshold/pkg/protocol/handler.go:355 +0x27c
  github.com/luxfi/threshold/pkg/protocol.NewHandler()
      /Users/z/work/lux/threshold/pkg/protocol/handler.go:247 +0xf10
  github.com/luxfi/threshold/protocols/doerner.TestDoernerKeygenWithTimeout.func1()
      /Users/z/work/lux/threshold/protocols/doerner/doerner_fixed_test.go:43 +0x5d4
  github.com/luxfi/threshold/internal/test.RunProtocolWithTimeoutNew()
      /Users/z/work/lux/threshold/internal/test/timeout_handler.go:72 +0x26c
  github.com/luxfi/threshold/protocols/doerner.TestDoernerKeygenWithTimeout()
      /Users/z/work/lux/threshold/protocols/doerner/doerner_fixed_test.go:53 +0x100
  testing.tRunner()
      /opt/homebrew/Cellar/go/1.24.6/libexec/src/testing/testing.go:1792 +0x180
  testing.(*T).Run.gowrap1()
      /opt/homebrew/Cellar/go/1.24.6/libexec/src/testing/testing.go:1851 +0x40
==================
2025-08-15T22:12:53.214-0500	DEBUG	protocol/handler.go:1649	have all messages and processed	{"{round 20 2  <nil>}": {"Key":"self","Type":15,"Integer":0,"String":"a","Interface":null}}
2025-08-15T22:12:53.214-0500	DEBUG	protocol/handler.go:596	round already finalized
2025-08-15T22:12:53.214-0500	DEBUG	protocol/handler.go:600	current round already advanced	{"{checking 20 2  <nil>}": {"Key":"current","Type":20,"Integer":3,"String":"","Interface":null}}
2025-08-15T22:12:53.214-0500	INFO	protocol/handler.go:560	advanced to round
2025-08-15T22:12:53.214-0500	DEBUG	protocol/handler.go:581	tryAdvanceRound called	{"{current_round 20 3  <nil>}": {"Key":"self","Type":15,"Integer":0,"String":"a","Interface":null}}
2025-08-15T22:12:53.214-0500	DEBUG	protocol/handler.go:1635	waiting for messages	{"{round 20 3  <nil>}": {"Key":"missing","Type":15,"Integer":0,"String":"[b]","Interface":null}}
==================
WARNING: DATA RACE
Read at 0x00c000d3aa88 by goroutine 92:
  github.com/zeebo/blake3.(*hasher).updateString()
      /Users/z/go/pkg/mod/github.com/zeebo/blake3@v0.2.4/blake3.go:42 +0x3c
  github.com/zeebo/blake3.(*hasher).update()
      /Users/z/go/pkg/mod/github.com/zeebo/blake3@v0.2.4/blake3.go:35 +0x168
  github.com/zeebo/blake3.(*Hasher).Write()
      /Users/z/go/pkg/mod/github.com/zeebo/blake3@v0.2.4/api.go:89 +0x120
  github.com/luxfi/threshold/internal/ot.(*RandomOTReceiever).Round2()
      /Users/z/work/lux/threshold/internal/ot/random.go:170 +0x84
  github.com/luxfi/threshold/internal/ot.(*CorreOTSetupSender).Round2()
      /Users/z/work/lux/threshold/internal/ot/correlated.go:98 +0x6c
  github.com/luxfi/threshold/protocols/doerner/keygen.(*round2S).StoreMessage()
      /Users/z/work/lux/threshold/protocols/doerner/keygen/round2S.go:64 +0x1a4
  github.com/luxfi/threshold/pkg/protocol.(*Handler).verifyNormal()
      /Users/z/work/lux/threshold/pkg/protocol/handler.go:1455 +0x6b4
  github.com/luxfi/threshold/pkg/protocol.(*Handler).processMessage()
      /Users/z/work/lux/threshold/pkg/protocol/handler.go:482 +0xba8
  github.com/luxfi/threshold/pkg/protocol.(*Handler).messageWorker()
      /Users/z/work/lux/threshold/pkg/protocol/handler.go:408 +0x338
  github.com/luxfi/threshold/pkg/protocol.(*Handler).startWorkers.gowrap1()
      /Users/z/work/lux/threshold/pkg/protocol/handler.go:355 +0x44

Previous write at 0x00c000d3aa88 by goroutine 116:
  github.com/zeebo/blake3.(*hasher).reset()
      /Users/z/go/pkg/mod/github.com/zeebo/blake3@v0.2.4/blake3.go:26 +0xc0
  github.com/zeebo/blake3.(*Hasher).Reset()
      /Users/z/go/pkg/mod/github.com/zeebo/blake3@v0.2.4/api.go:102 +0x80
  github.com/luxfi/threshold/internal/ot.(*RandomOTReceiever).Round2()
      /Users/z/work/lux/threshold/internal/ot/random.go:169 +0x70
  github.com/luxfi/threshold/internal/ot.(*CorreOTSetupSender).Round2()
      /Users/z/work/lux/threshold/internal/ot/correlated.go:98 +0x6c
  github.com/luxfi/threshold/protocols/doerner/keygen.(*round2S).StoreMessage()
      /Users/z/work/lux/threshold/protocols/doerner/keygen/round2S.go:64 +0x1a4
  github.com/luxfi/threshold/pkg/protocol.(*Handler).verifyNormalForRound()
      /Users/z/work/lux/threshold/pkg/protocol/handler.go:1337 +0x43c
  github.com/luxfi/threshold/pkg/protocol.(*Handler).retryUnprocessedMessages()
      /Users/z/work/lux/threshold/pkg/protocol/handler.go:1496 +0x3a0
  github.com/luxfi/threshold/pkg/protocol.(*Handler).tryAdvanceRound()
      /Users/z/work/lux/threshold/pkg/protocol/handler.go:587 +0x28c
  github.com/luxfi/threshold/pkg/protocol.(*Handler).roundProcessor()
      /Users/z/work/lux/threshold/pkg/protocol/handler.go:569 +0xb4
  github.com/luxfi/threshold/pkg/protocol.(*Handler).startWorkers.func1()
      /Users/z/work/lux/threshold/pkg/protocol/handler.go:374 +0x78

Goroutine 92 (running) created at:
  github.com/luxfi/threshold/pkg/protocol.(*Handler).startWorkers()
      /Users/z/work/lux/threshold/pkg/protocol/handler.go:355 +0x27c
  github.com/luxfi/threshold/pkg/protocol.NewHandler()
      /Users/z/work/lux/threshold/pkg/protocol/handler.go:247 +0xf10
  github.com/luxfi/threshold/protocols/doerner.TestDoernerKeygenWithTimeout.func1()
      /Users/z/work/lux/threshold/protocols/doerner/doerner_fixed_test.go:43 +0x5d4
  github.com/luxfi/threshold/internal/test.RunProtocolWithTimeoutNew()
      /Users/z/work/lux/threshold/internal/test/timeout_handler.go:72 +0x26c
  github.com/luxfi/threshold/protocols/doerner.TestDoernerKeygenWithTimeout()
      /Users/z/work/lux/threshold/protocols/doerner/doerner_fixed_test.go:53 +0x100
  testing.tRunner()
      /opt/homebrew/Cellar/go/1.24.6/libexec/src/testing/testing.go:1792 +0x180
  testing.(*T).Run.gowrap1()
      /opt/homebrew/Cellar/go/1.24.6/libexec/src/testing/testing.go:1851 +0x40

Goroutine 116 (running) created at:
  github.com/luxfi/threshold/pkg/protocol.(*Handler).startWorkers()
      /Users/z/work/lux/threshold/pkg/protocol/handler.go:372 +0x4fc
  github.com/luxfi/threshold/pkg/protocol.NewHandler()
      /Users/z/work/lux/threshold/pkg/protocol/handler.go:247 +0xf10
  github.com/luxfi/threshold/protocols/doerner.TestDoernerKeygenWithTimeout.func1()
      /Users/z/work/lux/threshold/protocols/doerner/doerner_fixed_test.go:43 +0x5d4
  github.com/luxfi/threshold/internal/test.RunProtocolWithTimeoutNew()
      /Users/z/work/lux/threshold/internal/test/timeout_handler.go:72 +0x26c
  github.com/luxfi/threshold/protocols/doerner.TestDoernerKeygenWithTimeout()
      /Users/z/work/lux/threshold/protocols/doerner/doerner_fixed_test.go:53 +0x100
  testing.tRunner()
      /opt/homebrew/Cellar/go/1.24.6/libexec/src/testing/testing.go:1792 +0x180
  testing.(*T).Run.gowrap1()
      /opt/homebrew/Cellar/go/1.24.6/libexec/src/testing/testing.go:1851 +0x40
==================
2025-08-15T22:12:53.260-0500	DEBUG	protocol/handler.go:581	tryAdvanceRound called	{"{current_round 20 3  <nil>}": {"Key":"self","Type":15,"Integer":0,"String":"a","Interface":null}}
2025-08-15T22:12:53.260-0500	DEBUG	protocol/handler.go:1635	waiting for messages	{"{round 20 3  <nil>}": {"Key":"missing","Type":15,"Integer":0,"String":"[b]","Interface":null}}
2025-08-15T22:12:53.265-0500	DEBUG	protocol/handler.go:581	tryAdvanceRound called	{"{current_round 20 3  <nil>}": {"Key":"self","Type":15,"Integer":0,"String":"a","Interface":null}}
2025-08-15T22:12:53.265-0500	DEBUG	protocol/handler.go:1635	waiting for messages	{"{round 20 3  <nil>}": {"Key":"missing","Type":15,"Integer":0,"String":"[b]","Interface":null}}
==================
WARNING: DATA RACE
Read at 0x00c000d4d508 by goroutine 92:
  github.com/zeebo/blake3.(*hasher).updateString()
      /Users/z/go/pkg/mod/github.com/zeebo/blake3@v0.2.4/blake3.go:42 +0x3c
  github.com/zeebo/blake3.(*hasher).update()
      /Users/z/go/pkg/mod/github.com/zeebo/blake3@v0.2.4/blake3.go:35 +0x168
  github.com/zeebo/blake3.(*Hasher).Write()
      /Users/z/go/pkg/mod/github.com/zeebo/blake3@v0.2.4/api.go:89 +0x120
  github.com/luxfi/threshold/internal/ot.(*RandomOTReceiever).Round2()
      /Users/z/work/lux/threshold/internal/ot/random.go:170 +0x84
  github.com/luxfi/threshold/internal/ot.(*CorreOTSetupSender).Round2()
      /Users/z/work/lux/threshold/internal/ot/correlated.go:98 +0x6c
  github.com/luxfi/threshold/protocols/doerner/keygen.(*round2S).StoreMessage()
      /Users/z/work/lux/threshold/protocols/doerner/keygen/round2S.go:64 +0x1a4
  github.com/luxfi/threshold/pkg/protocol.(*Handler).verifyNormal()
      /Users/z/work/lux/threshold/pkg/protocol/handler.go:1455 +0x6b4
  github.com/luxfi/threshold/pkg/protocol.(*Handler).processMessage()
      /Users/z/work/lux/threshold/pkg/protocol/handler.go:482 +0xba8
  github.com/luxfi/threshold/pkg/protocol.(*Handler).messageWorker()
      /Users/z/work/lux/threshold/pkg/protocol/handler.go:408 +0x338
  github.com/luxfi/threshold/pkg/protocol.(*Handler).startWorkers.gowrap1()
      /Users/z/work/lux/threshold/pkg/protocol/handler.go:355 +0x44

Previous write at 0x00c000d4d508 by goroutine 116:
  github.com/zeebo/blake3.(*hasher).updateString()
      /Users/z/go/pkg/mod/github.com/zeebo/blake3@v0.2.4/blake3.go:48 +0x164
  github.com/zeebo/blake3.(*hasher).update()
      /Users/z/go/pkg/mod/github.com/zeebo/blake3@v0.2.4/blake3.go:35 +0x168
  github.com/zeebo/blake3.(*Hasher).Write()
      /Users/z/go/pkg/mod/github.com/zeebo/blake3@v0.2.4/api.go:89 +0x120
  github.com/luxfi/threshold/internal/ot.(*RandomOTReceiever).Round2()
      /Users/z/work/lux/threshold/internal/ot/random.go:170 +0x84
  github.com/luxfi/threshold/internal/ot.(*CorreOTSetupSender).Round2()
      /Users/z/work/lux/threshold/internal/ot/correlated.go:98 +0x6c
  github.com/luxfi/threshold/protocols/doerner/keygen.(*round2S).StoreMessage()
      /Users/z/work/lux/threshold/protocols/doerner/keygen/round2S.go:64 +0x1a4
  github.com/luxfi/threshold/pkg/protocol.(*Handler).verifyNormalForRound()
      /Users/z/work/lux/threshold/pkg/protocol/handler.go:1337 +0x43c
  github.com/luxfi/threshold/pkg/protocol.(*Handler).retryUnprocessedMessages()
      /Users/z/work/lux/threshold/pkg/protocol/handler.go:1496 +0x3a0
  github.com/luxfi/threshold/pkg/protocol.(*Handler).tryAdvanceRound()
      /Users/z/work/lux/threshold/pkg/protocol/handler.go:587 +0x28c
  github.com/luxfi/threshold/pkg/protocol.(*Handler).roundProcessor()
      /Users/z/work/lux/threshold/pkg/protocol/handler.go:569 +0xb4
  github.com/luxfi/threshold/pkg/protocol.(*Handler).startWorkers.func1()
      /Users/z/work/lux/threshold/pkg/protocol/handler.go:374 +0x78

Goroutine 92 (running) created at:
  github.com/luxfi/threshold/pkg/protocol.(*Handler).startWorkers()
      /Users/z/work/lux/threshold/pkg/protocol/handler.go:355 +0x27c
  github.com/luxfi/threshold/pkg/protocol.NewHandler()
      /Users/z/work/lux/threshold/pkg/protocol/handler.go:247 +0xf10
  github.com/luxfi/threshold/protocols/doerner.TestDoernerKeygenWithTimeout.func1()
      /Users/z/work/lux/threshold/protocols/doerner/doerner_fixed_test.go:43 +0x5d4
  github.com/luxfi/threshold/internal/test.RunProtocolWithTimeoutNew()
      /Users/z/work/lux/threshold/internal/test/timeout_handler.go:72 +0x26c
  github.com/luxfi/threshold/protocols/doerner.TestDoernerKeygenWithTimeout()
      /Users/z/work/lux/threshold/protocols/doerner/doerner_fixed_test.go:53 +0x100
  testing.tRunner()
      /opt/homebrew/Cellar/go/1.24.6/libexec/src/testing/testing.go:1792 +0x180
  testing.(*T).Run.gowrap1()
      /opt/homebrew/Cellar/go/1.24.6/libexec/src/testing/testing.go:1851 +0x40

Goroutine 116 (running) created at:
  github.com/luxfi/threshold/pkg/protocol.(*Handler).startWorkers()
      /Users/z/work/lux/threshold/pkg/protocol/handler.go:372 +0x4fc
  github.com/luxfi/threshold/pkg/protocol.NewHandler()
      /Users/z/work/lux/threshold/pkg/protocol/handler.go:247 +0xf10
  github.com/luxfi/threshold/protocols/doerner.TestDoernerKeygenWithTimeout.func1()
      /Users/z/work/lux/threshold/protocols/doerner/doerner_fixed_test.go:43 +0x5d4
  github.com/luxfi/threshold/internal/test.RunProtocolWithTimeoutNew()
      /Users/z/work/lux/threshold/internal/test/timeout_handler.go:72 +0x26c
  github.com/luxfi/threshold/protocols/doerner.TestDoernerKeygenWithTimeout()
      /Users/z/work/lux/threshold/protocols/doerner/doerner_fixed_test.go:53 +0x100
  testing.tRunner()
      /opt/homebrew/Cellar/go/1.24.6/libexec/src/testing/testing.go:1792 +0x180
  testing.(*T).Run.gowrap1()
      /opt/homebrew/Cellar/go/1.24.6/libexec/src/testing/testing.go:1851 +0x40
==================
==================
WARNING: DATA RACE
Read at 0x00c000d4d510 by goroutine 92:
  github.com/zeebo/blake3.(*hasher).finalizeDigest()
      /Users/z/go/pkg/mod/github.com/zeebo/blake3@v0.2.4/blake3.go:75 +0x40
  github.com/zeebo/blake3.(*Hasher).Digest()
      /Users/z/go/pkg/mod/github.com/zeebo/blake3@v0.2.4/api.go:141 +0x1a4
  github.com/luxfi/threshold/internal/ot.(*RandomOTReceiever).Round2()
      /Users/z/work/lux/threshold/internal/ot/random.go:171 +0x16c
  github.com/luxfi/threshold/internal/ot.(*CorreOTSetupSender).Round2()
      /Users/z/work/lux/threshold/internal/ot/correlated.go:98 +0x6c
  github.com/luxfi/threshold/protocols/doerner/keygen.(*round2S).StoreMessage()
      /Users/z/work/lux/threshold/protocols/doerner/keygen/round2S.go:64 +0x1a4
  github.com/luxfi/threshold/pkg/protocol.(*Handler).verifyNormal()
      /Users/z/work/lux/threshold/pkg/protocol/handler.go:1455 +0x6b4
  github.com/luxfi/threshold/pkg/protocol.(*Handler).processMessage()
      /Users/z/work/lux/threshold/pkg/protocol/handler.go:482 +0xba8
  github.com/luxfi/threshold/pkg/protocol.(*Handler).messageWorker()
      /Users/z/work/lux/threshold/pkg/protocol/handler.go:408 +0x338
  github.com/luxfi/threshold/pkg/protocol.(*Handler).startWorkers.gowrap1()
      /Users/z/work/lux/threshold/pkg/protocol/handler.go:355 +0x44

Previous write at 0x00c000d4d510 by goroutine 116:
  github.com/zeebo/blake3.(*hasher).reset()
      /Users/z/go/pkg/mod/github.com/zeebo/blake3@v0.2.4/blake3.go:27 +0xd0
  github.com/zeebo/blake3.(*Hasher).Reset()
      /Users/z/go/pkg/mod/github.com/zeebo/blake3@v0.2.4/api.go:102 +0x80
  github.com/luxfi/threshold/internal/ot.(*RandomOTReceiever).Round2()
      /Users/z/work/lux/threshold/internal/ot/random.go:169 +0x70
  github.com/luxfi/threshold/internal/ot.(*CorreOTSetupSender).Round2()
      /Users/z/work/lux/threshold/internal/ot/correlated.go:98 +0x6c
  github.com/luxfi/threshold/protocols/doerner/keygen.(*round2S).StoreMessage()
      /Users/z/work/lux/threshold/protocols/doerner/keygen/round2S.go:64 +0x1a4
  github.com/luxfi/threshold/pkg/protocol.(*Handler).verifyNormalForRound()
      /Users/z/work/lux/threshold/pkg/protocol/handler.go:1337 +0x43c
  github.com/luxfi/threshold/pkg/protocol.(*Handler).retryUnprocessedMessages()
      /Users/z/work/lux/threshold/pkg/protocol/handler.go:1496 +0x3a0
  github.com/luxfi/threshold/pkg/protocol.(*Handler).tryAdvanceRound()
      /Users/z/work/lux/threshold/pkg/protocol/handler.go:587 +0x28c
  github.com/luxfi/threshold/pkg/protocol.(*Handler).roundProcessor()
      /Users/z/work/lux/threshold/pkg/protocol/handler.go:569 +0xb4
  github.com/luxfi/threshold/pkg/protocol.(*Handler).startWorkers.func1()
      /Users/z/work/lux/threshold/pkg/protocol/handler.go:374 +0x78

Goroutine 92 (running) created at:
  github.com/luxfi/threshold/pkg/protocol.(*Handler).startWorkers()
      /Users/z/work/lux/threshold/pkg/protocol/handler.go:355 +0x27c
  github.com/luxfi/threshold/pkg/protocol.NewHandler()
      /Users/z/work/lux/threshold/pkg/protocol/handler.go:247 +0xf10
  github.com/luxfi/threshold/protocols/doerner.TestDoernerKeygenWithTimeout.func1()
      /Users/z/work/lux/threshold/protocols/doerner/doerner_fixed_test.go:43 +0x5d4
  github.com/luxfi/threshold/internal/test.RunProtocolWithTimeoutNew()
      /Users/z/work/lux/threshold/internal/test/timeout_handler.go:72 +0x26c
  github.com/luxfi/threshold/protocols/doerner.TestDoernerKeygenWithTimeout()
      /Users/z/work/lux/threshold/protocols/doerner/doerner_fixed_test.go:53 +0x100
  testing.tRunner()
      /opt/homebrew/Cellar/go/1.24.6/libexec/src/testing/testing.go:1792 +0x180
  testing.(*T).Run.gowrap1()
      /opt/homebrew/Cellar/go/1.24.6/libexec/src/testing/testing.go:1851 +0x40

Goroutine 116 (running) created at:
  github.com/luxfi/threshold/pkg/protocol.(*Handler).startWorkers()
      /Users/z/work/lux/threshold/pkg/protocol/handler.go:372 +0x4fc
  github.com/luxfi/threshold/pkg/protocol.NewHandler()
      /Users/z/work/lux/threshold/pkg/protocol/handler.go:247 +0xf10
  github.com/luxfi/threshold/protocols/doerner.TestDoernerKeygenWithTimeout.func1()
      /Users/z/work/lux/threshold/protocols/doerner/doerner_fixed_test.go:43 +0x5d4
  github.com/luxfi/threshold/internal/test.RunProtocolWithTimeoutNew()
      /Users/z/work/lux/threshold/internal/test/timeout_handler.go:72 +0x26c
  github.com/luxfi/threshold/protocols/doerner.TestDoernerKeygenWithTimeout()
      /Users/z/work/lux/threshold/protocols/doerner/doerner_fixed_test.go:53 +0x100
  testing.tRunner()
      /opt/homebrew/Cellar/go/1.24.6/libexec/src/testing/testing.go:1792 +0x180
  testing.(*T).Run.gowrap1()
      /opt/homebrew/Cellar/go/1.24.6/libexec/src/testing/testing.go:1851 +0x40
==================
==================
WARNING: DATA RACE
Write at 0x00c0000206f0 by goroutine 92:
  github.com/luxfi/threshold/protocols/doerner/keygen.(*round2S).StoreMessage()
      /Users/z/work/lux/threshold/protocols/doerner/keygen/round2S.go:64 +0x1b0
  github.com/luxfi/threshold/pkg/protocol.(*Handler).verifyNormal()
      /Users/z/work/lux/threshold/pkg/protocol/handler.go:1455 +0x6b4
  github.com/luxfi/threshold/pkg/protocol.(*Handler).processMessage()
      /Users/z/work/lux/threshold/pkg/protocol/handler.go:482 +0xba8
  github.com/luxfi/threshold/pkg/protocol.(*Handler).messageWorker()
      /Users/z/work/lux/threshold/pkg/protocol/handler.go:408 +0x338
  github.com/luxfi/threshold/pkg/protocol.(*Handler).startWorkers.gowrap1()
      /Users/z/work/lux/threshold/pkg/protocol/handler.go:355 +0x44

Previous write at 0x00c0000206f0 by goroutine 116:
  github.com/luxfi/threshold/protocols/doerner/keygen.(*round2S).StoreMessage()
      /Users/z/work/lux/threshold/protocols/doerner/keygen/round2S.go:64 +0x1b0
  github.com/luxfi/threshold/pkg/protocol.(*Handler).verifyNormalForRound()
      /Users/z/work/lux/threshold/pkg/protocol/handler.go:1337 +0x43c
  github.com/luxfi/threshold/pkg/protocol.(*Handler).retryUnprocessedMessages()
      /Users/z/work/lux/threshold/pkg/protocol/handler.go:1496 +0x3a0
  github.com/luxfi/threshold/pkg/protocol.(*Handler).tryAdvanceRound()
      /Users/z/work/lux/threshold/pkg/protocol/handler.go:587 +0x28c
  github.com/luxfi/threshold/pkg/protocol.(*Handler).roundProcessor()
      /Users/z/work/lux/threshold/pkg/protocol/handler.go:569 +0xb4
  github.com/luxfi/threshold/pkg/protocol.(*Handler).startWorkers.func1()
      /Users/z/work/lux/threshold/pkg/protocol/handler.go:374 +0x78

Goroutine 92 (running) created at:
  github.com/luxfi/threshold/pkg/protocol.(*Handler).startWorkers()
      /Users/z/work/lux/threshold/pkg/protocol/handler.go:355 +0x27c
  github.com/luxfi/threshold/pkg/protocol.NewHandler()
      /Users/z/work/lux/threshold/pkg/protocol/handler.go:247 +0xf10
  github.com/luxfi/threshold/protocols/doerner.TestDoernerKeygenWithTimeout.func1()
      /Users/z/work/lux/threshold/protocols/doerner/doerner_fixed_test.go:43 +0x5d4
  github.com/luxfi/threshold/internal/test.RunProtocolWithTimeoutNew()
      /Users/z/work/lux/threshold/internal/test/timeout_handler.go:72 +0x26c
  github.com/luxfi/threshold/protocols/doerner.TestDoernerKeygenWithTimeout()
      /Users/z/work/lux/threshold/protocols/doerner/doerner_fixed_test.go:53 +0x100
  testing.tRunner()
      /opt/homebrew/Cellar/go/1.24.6/libexec/src/testing/testing.go:1792 +0x180
  testing.(*T).Run.gowrap1()
      /opt/homebrew/Cellar/go/1.24.6/libexec/src/testing/testing.go:1851 +0x40

Goroutine 116 (running) created at:
  github.com/luxfi/threshold/pkg/protocol.(*Handler).startWorkers()
      /Users/z/work/lux/threshold/pkg/protocol/handler.go:372 +0x4fc
  github.com/luxfi/threshold/pkg/protocol.NewHandler()
      /Users/z/work/lux/threshold/pkg/protocol/handler.go:247 +0xf10
  github.com/luxfi/threshold/protocols/doerner.TestDoernerKeygenWithTimeout.func1()
      /Users/z/work/lux/threshold/protocols/doerner/doerner_fixed_test.go:43 +0x5d4
  github.com/luxfi/threshold/internal/test.RunProtocolWithTimeoutNew()
      /Users/z/work/lux/threshold/internal/test/timeout_handler.go:72 +0x26c
  github.com/luxfi/threshold/protocols/doerner.TestDoernerKeygenWithTimeout()
      /Users/z/work/lux/threshold/protocols/doerner/doerner_fixed_test.go:53 +0x100
  testing.tRunner()
      /opt/homebrew/Cellar/go/1.24.6/libexec/src/testing/testing.go:1792 +0x180
  testing.(*T).Run.gowrap1()
      /opt/homebrew/Cellar/go/1.24.6/libexec/src/testing/testing.go:1851 +0x40
==================
==================
WARNING: DATA RACE
Read at 0x00c0001351a0 by goroutine 92:
  github.com/luxfi/threshold/protocols/doerner/keygen.(*round2S).StoreMessage()
      /Users/z/work/lux/threshold/protocols/doerner/keygen/round2S.go:68 +0x364
  github.com/luxfi/threshold/pkg/protocol.(*Handler).verifyNormal()
      /Users/z/work/lux/threshold/pkg/protocol/handler.go:1455 +0x6b4
  github.com/luxfi/threshold/pkg/protocol.(*Handler).processMessage()
      /Users/z/work/lux/threshold/pkg/protocol/handler.go:482 +0xba8
  github.com/luxfi/threshold/pkg/protocol.(*Handler).messageWorker()
      /Users/z/work/lux/threshold/pkg/protocol/handler.go:408 +0x338
  github.com/luxfi/threshold/pkg/protocol.(*Handler).startWorkers.gowrap1()
      /Users/z/work/lux/threshold/pkg/protocol/handler.go:355 +0x44

Previous write at 0x00c0001351a0 by goroutine 116:
  github.com/luxfi/threshold/protocols/doerner/keygen.(*round2S).StoreMessage()
      /Users/z/work/lux/threshold/protocols/doerner/keygen/round2S.go:68 +0x418
  github.com/luxfi/threshold/pkg/protocol.(*Handler).verifyNormalForRound()
      /Users/z/work/lux/threshold/pkg/protocol/handler.go:1337 +0x43c
  github.com/luxfi/threshold/pkg/protocol.(*Handler).retryUnprocessedMessages()
      /Users/z/work/lux/threshold/pkg/protocol/handler.go:1496 +0x3a0
  github.com/luxfi/threshold/pkg/protocol.(*Handler).tryAdvanceRound()
      /Users/z/work/lux/threshold/pkg/protocol/handler.go:587 +0x28c
  github.com/luxfi/threshold/pkg/protocol.(*Handler).roundProcessor()
      /Users/z/work/lux/threshold/pkg/protocol/handler.go:569 +0xb4
  github.com/luxfi/threshold/pkg/protocol.(*Handler).startWorkers.func1()
      /Users/z/work/lux/threshold/pkg/protocol/handler.go:374 +0x78

Goroutine 92 (running) created at:
  github.com/luxfi/threshold/pkg/protocol.(*Handler).startWorkers()
      /Users/z/work/lux/threshold/pkg/protocol/handler.go:355 +0x27c
  github.com/luxfi/threshold/pkg/protocol.NewHandler()
      /Users/z/work/lux/threshold/pkg/protocol/handler.go:247 +0xf10
  github.com/luxfi/threshold/protocols/doerner.TestDoernerKeygenWithTimeout.func1()
      /Users/z/work/lux/threshold/protocols/doerner/doerner_fixed_test.go:43 +0x5d4
  github.com/luxfi/threshold/internal/test.RunProtocolWithTimeoutNew()
      /Users/z/work/lux/threshold/internal/test/timeout_handler.go:72 +0x26c
  github.com/luxfi/threshold/protocols/doerner.TestDoernerKeygenWithTimeout()
      /Users/z/work/lux/threshold/protocols/doerner/doerner_fixed_test.go:53 +0x100
  testing.tRunner()
      /opt/homebrew/Cellar/go/1.24.6/libexec/src/testing/testing.go:1792 +0x180
  testing.(*T).Run.gowrap1()
      /opt/homebrew/Cellar/go/1.24.6/libexec/src/testing/testing.go:1851 +0x40

Goroutine 116 (running) created at:
  github.com/luxfi/threshold/pkg/protocol.(*Handler).startWorkers()
      /Users/z/work/lux/threshold/pkg/protocol/handler.go:372 +0x4fc
  github.com/luxfi/threshold/pkg/protocol.NewHandler()
      /Users/z/work/lux/threshold/pkg/protocol/handler.go:247 +0xf10
  github.com/luxfi/threshold/protocols/doerner.TestDoernerKeygenWithTimeout.func1()
      /Users/z/work/lux/threshold/protocols/doerner/doerner_fixed_test.go:43 +0x5d4
  github.com/luxfi/threshold/internal/test.RunProtocolWithTimeoutNew()
      /Users/z/work/lux/threshold/internal/test/timeout_handler.go:72 +0x26c
  github.com/luxfi/threshold/protocols/doerner.TestDoernerKeygenWithTimeout()
      /Users/z/work/lux/threshold/protocols/doerner/doerner_fixed_test.go:53 +0x100
  testing.tRunner()
      /opt/homebrew/Cellar/go/1.24.6/libexec/src/testing/testing.go:1792 +0x180
  testing.(*T).Run.gowrap1()
      /opt/homebrew/Cellar/go/1.24.6/libexec/src/testing/testing.go:1851 +0x40
==================
==================
WARNING: DATA RACE
Read at 0x00c0004108e0 by goroutine 92:
  github.com/decred/dcrd/dcrec/secp256k1/v4.(*ModNScalar).Set()
      /Users/z/go/pkg/mod/github.com/decred/dcrd/dcrec/secp256k1/v4@v4.4.0/modnscalar.go:163 +0x58
  github.com/luxfi/threshold/pkg/math/curve.(*Secp256k1Scalar).Set()
      /Users/z/work/lux/threshold/pkg/math/curve/secp256k1.go:155 +0x44
  github.com/luxfi/threshold/protocols/doerner/keygen.(*round2S).StoreMessage()
      /Users/z/work/lux/threshold/protocols/doerner/keygen/round2S.go:68 +0x388
  github.com/luxfi/threshold/pkg/protocol.(*Handler).verifyNormal()
      /Users/z/work/lux/threshold/pkg/protocol/handler.go:1455 +0x6b4
  github.com/luxfi/threshold/pkg/protocol.(*Handler).processMessage()
      /Users/z/work/lux/threshold/pkg/protocol/handler.go:482 +0xba8
  github.com/luxfi/threshold/pkg/protocol.(*Handler).messageWorker()
      /Users/z/work/lux/threshold/pkg/protocol/handler.go:408 +0x338
  github.com/luxfi/threshold/pkg/protocol.(*Handler).startWorkers.gowrap1()
      /Users/z/work/lux/threshold/pkg/protocol/handler.go:355 +0x44

Previous write at 0x00c0004108e0 by goroutine 116:
  github.com/decred/dcrd/dcrec/secp256k1/v4.(*ModNScalar).Set()
      /Users/z/go/pkg/mod/github.com/decred/dcrd/dcrec/secp256k1/v4@v4.4.0/modnscalar.go:163 +0x64
  github.com/luxfi/threshold/pkg/math/curve.(*Secp256k1Scalar).Set()
      /Users/z/work/lux/threshold/pkg/math/curve/secp256k1.go:155 +0x44
  github.com/luxfi/threshold/protocols/doerner/keygen.(*round2S).StoreMessage()
      /Users/z/work/lux/threshold/protocols/doerner/keygen/round2S.go:68 +0x388
  github.com/luxfi/threshold/pkg/protocol.(*Handler).verifyNormalForRound()
      /Users/z/work/lux/threshold/pkg/protocol/handler.go:1337 +0x43c
  github.com/luxfi/threshold/pkg/protocol.(*Handler).retryUnprocessedMessages()
      /Users/z/work/lux/threshold/pkg/protocol/handler.go:1496 +0x3a0
  github.com/luxfi/threshold/pkg/protocol.(*Handler).tryAdvanceRound()
      /Users/z/work/lux/threshold/pkg/protocol/handler.go:587 +0x28c
  github.com/luxfi/threshold/pkg/protocol.(*Handler).roundProcessor()
      /Users/z/work/lux/threshold/pkg/protocol/handler.go:569 +0xb4
  github.com/luxfi/threshold/pkg/protocol.(*Handler).startWorkers.func1()
      /Users/z/work/lux/threshold/pkg/protocol/handler.go:374 +0x78

Goroutine 92 (running) created at:
  github.com/luxfi/threshold/pkg/protocol.(*Handler).startWorkers()
      /Users/z/work/lux/threshold/pkg/protocol/handler.go:355 +0x27c
  github.com/luxfi/threshold/pkg/protocol.NewHandler()
      /Users/z/work/lux/threshold/pkg/protocol/handler.go:247 +0xf10
  github.com/luxfi/threshold/protocols/doerner.TestDoernerKeygenWithTimeout.func1()
      /Users/z/work/lux/threshold/protocols/doerner/doerner_fixed_test.go:43 +0x5d4
  github.com/luxfi/threshold/internal/test.RunProtocolWithTimeoutNew()
      /Users/z/work/lux/threshold/internal/test/timeout_handler.go:72 +0x26c
  github.com/luxfi/threshold/protocols/doerner.TestDoernerKeygenWithTimeout()
      /Users/z/work/lux/threshold/protocols/doerner/doerner_fixed_test.go:53 +0x100
  testing.tRunner()
      /opt/homebrew/Cellar/go/1.24.6/libexec/src/testing/testing.go:1792 +0x180
  testing.(*T).Run.gowrap1()
      /opt/homebrew/Cellar/go/1.24.6/libexec/src/testing/testing.go:1851 +0x40

Goroutine 116 (running) created at:
  github.com/luxfi/threshold/pkg/protocol.(*Handler).startWorkers()
      /Users/z/work/lux/threshold/pkg/protocol/handler.go:372 +0x4fc
  github.com/luxfi/threshold/pkg/protocol.NewHandler()
      /Users/z/work/lux/threshold/pkg/protocol/handler.go:247 +0xf10
  github.com/luxfi/threshold/protocols/doerner.TestDoernerKeygenWithTimeout.func1()
      /Users/z/work/lux/threshold/protocols/doerner/doerner_fixed_test.go:43 +0x5d4
  github.com/luxfi/threshold/internal/test.RunProtocolWithTimeoutNew()
      /Users/z/work/lux/threshold/internal/test/timeout_handler.go:72 +0x26c
  github.com/luxfi/threshold/protocols/doerner.TestDoernerKeygenWithTimeout()
      /Users/z/work/lux/threshold/protocols/doerner/doerner_fixed_test.go:53 +0x100
  testing.tRunner()
      /opt/homebrew/Cellar/go/1.24.6/libexec/src/testing/testing.go:1792 +0x180
  testing.(*T).Run.gowrap1()
      /opt/homebrew/Cellar/go/1.24.6/libexec/src/testing/testing.go:1851 +0x40
==================
2025-08-15T22:12:53.312-0500	DEBUG	protocol/handler.go:581	tryAdvanceRound called	{"{current_round 20 2  <nil>}": {"Key":"self","Type":15,"Integer":0,"String":"b","Interface":null}}
2025-08-15T22:12:53.313-0500	DEBUG	protocol/handler.go:1649	have all messages and processed	{"{round 20 2  <nil>}": {"Key":"self","Type":15,"Integer":0,"String":"b","Interface":null}}
2025-08-15T22:12:53.313-0500	DEBUG	protocol/handler.go:619	finalizing round
2025-08-15T22:12:53.313-0500	DEBUG	protocol/handler.go:1039	sendRoundMessage	{"{from 15 0 b <nil>}": {"Key":"to","Type":15,"Integer":0,"String":"","Interface":null}, "{round 20 3  <nil>}": {"Key":"broadcast","Type":4,"Integer":0,"String":"","Interface":null}}
2025-08-15T22:12:53.313-0500	DEBUG	protocol/handler.go:1649	have all messages and processed	{"{round 20 2  <nil>}": {"Key":"self","Type":15,"Integer":0,"String":"b","Interface":null}}
2025-08-15T22:12:53.313-0500	DEBUG	protocol/handler.go:596	round already finalized
2025-08-15T22:12:53.313-0500	DEBUG	protocol/handler.go:581	tryAdvanceRound called	{"{current_round 20 2  <nil>}": {"Key":"self","Type":15,"Integer":0,"String":"b","Interface":null}}
2025-08-15T22:12:53.313-0500	DEBUG	protocol/handler.go:1649	have all messages and processed	{"{round 20 2  <nil>}": {"Key":"self","Type":15,"Integer":0,"String":"b","Interface":null}}
2025-08-15T22:12:53.314-0500	DEBUG	protocol/handler.go:1081	sent message to output channel	{"{from 15 0 b <nil>}": {"Key":"to","Type":15,"Integer":0,"String":"","Interface":null}, "{round 20 3  <nil>}": {"Key":"broadcast","Type":4,"Integer":0,"String":"","Interface":null}}
2025-08-15T22:12:53.314-0500	DEBUG	protocol/handler.go:596	round already finalized
2025-08-15T22:12:53.314-0500	DEBUG	protocol/handler.go:1182	finalized round messages	{"{round 20 2  <nil>}": {"Key":"messages","Type":11,"Integer":1,"String":"","Interface":null}}
2025-08-15T22:12:53.314-0500	DEBUG	protocol/handler.go:432	processMessage: p2p round 3 START	{"{from 15 0 b <nil>}": {"Key":"to","Type":15,"Integer":0,"String":"","Interface":null}}
2025-08-15T22:12:53.314-0500	DEBUG	protocol/handler.go:437	processing message	{"{from 15 0 b <nil>}": {"Key":"to","Type":15,"Integer":0,"String":"","Interface":null}, "{round 20 3  <nil>}": {"Key":"broadcast","Type":4,"Integer":0,"String":"","Interface":null}}
2025-08-15T22:12:53.314-0500	DEBUG	protocol/handler.go:1662	storing message	{"{round 20 3  <nil>}": {"Key":"from","Type":15,"Integer":0,"String":"b","Interface":null}}
2025-08-15T22:12:53.314-0500	DEBUG	protocol/handler.go:1239	finalize returned next round	{"{current 20 2  <nil>}": {"Key":"next","Type":20,"Integer":3,"String":"","Interface":null}}
2025-08-15T22:12:53.314-0500	INFO	protocol/handler.go:642	storing new currentRound	{"{from 20 2  <nil>}": {"Key":"to","Type":20,"Integer":3,"String":"","Interface":null}}
2025-08-15T22:12:53.314-0500	DEBUG	protocol/handler.go:1503	processing queued messages
==================
WARNING: DATA RACE
Read at 0x00c0001a0110 by goroutine 72:
  github.com/luxfi/threshold/protocols/doerner/keygen.(*round3R).Number()
      <autogenerated>:1 +0x38
  github.com/luxfi/threshold/pkg/protocol.(*Handler).roundProcessor()
      /Users/z/work/lux/threshold/pkg/protocol/handler.go:550 +0x1d4
  github.com/luxfi/threshold/pkg/protocol.(*Handler).startWorkers.func1()
      /Users/z/work/lux/threshold/pkg/protocol/handler.go:374 +0x78

Previous write at 0x00c0001a0110 by goroutine 52:
  github.com/luxfi/threshold/protocols/doerner/keygen.(*round3R).StoreMessage()
      /Users/z/work/lux/threshold/protocols/doerner/keygen/round3R.go:35 +0x114
  github.com/luxfi/threshold/pkg/protocol.(*Handler).verifyNormal()
      /Users/z/work/lux/threshold/pkg/protocol/handler.go:1455 +0x6b4
  github.com/luxfi/threshold/pkg/protocol.(*Handler).processMessage()
      /Users/z/work/lux/threshold/pkg/protocol/handler.go:482 +0xba8
  github.com/luxfi/threshold/pkg/protocol.(*Handler).messageWorker()
      /Users/z/work/lux/threshold/pkg/protocol/handler.go:408 +0x338
  github.com/luxfi/threshold/pkg/protocol.(*Handler).startWorkers.gowrap1()
      /Users/z/work/lux/threshold/pkg/protocol/handler.go:355 +0x44

Goroutine 72 (running) created at:
  github.com/luxfi/threshold/pkg/protocol.(*Handler).startWorkers()
      /Users/z/work/lux/threshold/pkg/protocol/handler.go:372 +0x4fc
  github.com/luxfi/threshold/pkg/protocol.NewHandler()
      /Users/z/work/lux/threshold/pkg/protocol/handler.go:247 +0xf10
  github.com/luxfi/threshold/protocols/doerner.TestDoernerKeygenWithTimeout.func1()
      /Users/z/work/lux/threshold/protocols/doerner/doerner_fixed_test.go:36 +0x31c
  github.com/luxfi/threshold/internal/test.RunProtocolWithTimeoutNew()
      /Users/z/work/lux/threshold/internal/test/timeout_handler.go:72 +0x26c
  github.com/luxfi/threshold/protocols/doerner.TestDoernerKeygenWithTimeout()
      /Users/z/work/lux/threshold/protocols/doerner/doerner_fixed_test.go:53 +0x100
  testing.tRunner()
      /opt/homebrew/Cellar/go/1.24.6/libexec/src/testing/testing.go:1792 +0x180
  testing.(*T).Run.gowrap1()
      /opt/homebrew/Cellar/go/1.24.6/libexec/src/testing/testing.go:1851 +0x40

Goroutine 52 (running) created at:
  github.com/luxfi/threshold/pkg/protocol.(*Handler).startWorkers()
      /Users/z/work/lux/threshold/pkg/protocol/handler.go:355 +0x27c
  github.com/luxfi/threshold/pkg/protocol.NewHandler()
      /Users/z/work/lux/threshold/pkg/protocol/handler.go:247 +0xf10
  github.com/luxfi/threshold/protocols/doerner.TestDoernerKeygenWithTimeout.func1()
      /Users/z/work/lux/threshold/protocols/doerner/doerner_fixed_test.go:36 +0x31c
  github.com/luxfi/threshold/internal/test.RunProtocolWithTimeoutNew()
      /Users/z/work/lux/threshold/internal/test/timeout_handler.go:72 +0x26c
  github.com/luxfi/threshold/protocols/doerner.TestDoernerKeygenWithTimeout()
      /Users/z/work/lux/threshold/protocols/doerner/doerner_fixed_test.go:53 +0x100
  testing.tRunner()
      /opt/homebrew/Cellar/go/1.24.6/libexec/src/testing/testing.go:1792 +0x180
  testing.(*T).Run.gowrap1()
      /opt/homebrew/Cellar/go/1.24.6/libexec/src/testing/testing.go:1851 +0x40
==================
==================
WARNING: DATA RACE
Read at 0x00c0001a0118 by goroutine 72:
  github.com/luxfi/threshold/protocols/doerner/keygen.(*round3R).Number()
      <autogenerated>:1 +0x38
  github.com/luxfi/threshold/pkg/protocol.(*Handler).tryAdvanceRound()
      /Users/z/work/lux/threshold/pkg/protocol/handler.go:582 +0x70
  github.com/luxfi/threshold/pkg/protocol.(*Handler).roundProcessor()
      /Users/z/work/lux/threshold/pkg/protocol/handler.go:569 +0xb4
  github.com/luxfi/threshold/pkg/protocol.(*Handler).startWorkers.func1()
      /Users/z/work/lux/threshold/pkg/protocol/handler.go:374 +0x78

Previous write at 0x00c0001a0118 by goroutine 52:
  github.com/luxfi/threshold/protocols/doerner/keygen.(*round3R).StoreMessage()
      /Users/z/work/lux/threshold/protocols/doerner/keygen/round3R.go:35 +0xd8
  github.com/luxfi/threshold/pkg/protocol.(*Handler).verifyNormal()
      /Users/z/work/lux/threshold/pkg/protocol/handler.go:1455 +0x6b4
  github.com/luxfi/threshold/pkg/protocol.(*Handler).processMessage()
      /Users/z/work/lux/threshold/pkg/protocol/handler.go:482 +0xba8
  github.com/luxfi/threshold/pkg/protocol.(*Handler).messageWorker()
      /Users/z/work/lux/threshold/pkg/protocol/handler.go:408 +0x338
  github.com/luxfi/threshold/pkg/protocol.(*Handler).startWorkers.gowrap1()
      /Users/z/work/lux/threshold/pkg/protocol/handler.go:355 +0x44

Goroutine 72 (running) created at:
  github.com/luxfi/threshold/pkg/protocol.(*Handler).startWorkers()
      /Users/z/work/lux/threshold/pkg/protocol/handler.go:372 +0x4fc
  github.com/luxfi/threshold/pkg/protocol.NewHandler()
      /Users/z/work/lux/threshold/pkg/protocol/handler.go:247 +0xf10
  github.com/luxfi/threshold/protocols/doerner.TestDoernerKeygenWithTimeout.func1()
      /Users/z/work/lux/threshold/protocols/doerner/doerner_fixed_test.go:36 +0x31c
  github.com/luxfi/threshold/internal/test.RunProtocolWithTimeoutNew()
      /Users/z/work/lux/threshold/internal/test/timeout_handler.go:72 +0x26c
  github.com/luxfi/threshold/protocols/doerner.TestDoernerKeygenWithTimeout()
      /Users/z/work/lux/threshold/protocols/doerner/doerner_fixed_test.go:53 +0x100
  testing.tRunner()
      /opt/homebrew/Cellar/go/1.24.6/libexec/src/testing/testing.go:1792 +0x180
  testing.(*T).Run.gowrap1()
      /opt/homebrew/Cellar/go/1.24.6/libexec/src/testing/testing.go:1851 +0x40

Goroutine 52 (running) created at:
  github.com/luxfi/threshold/pkg/protocol.(*Handler).startWorkers()
      /Users/z/work/lux/threshold/pkg/protocol/handler.go:355 +0x27c
  github.com/luxfi/threshold/pkg/protocol.NewHandler()
      /Users/z/work/lux/threshold/pkg/protocol/handler.go:247 +0xf10
  github.com/luxfi/threshold/protocols/doerner.TestDoernerKeygenWithTimeout.func1()
      /Users/z/work/lux/threshold/protocols/doerner/doerner_fixed_test.go:36 +0x31c
  github.com/luxfi/threshold/internal/test.RunProtocolWithTimeoutNew()
      /Users/z/work/lux/threshold/internal/test/timeout_handler.go:72 +0x26c
  github.com/luxfi/threshold/protocols/doerner.TestDoernerKeygenWithTimeout()
      /Users/z/work/lux/threshold/protocols/doerner/doerner_fixed_test.go:53 +0x100
  testing.tRunner()
      /opt/homebrew/Cellar/go/1.24.6/libexec/src/testing/testing.go:1792 +0x180
  testing.(*T).Run.gowrap1()
      /opt/homebrew/Cellar/go/1.24.6/libexec/src/testing/testing.go:1851 +0x40
==================
2025-08-15T22:12:53.314-0500	ERROR	protocol/handler.go:1112	protocol error - canceling context	{"{error 26 0  RandomOTSender Round2: invalid response}": {"Key":"culprits","Type":15,"Integer":0,"String":"[b]","Interface":null}}
2025-08-15T22:12:53.316-0500	DEBUG	protocol/handler.go:581	tryAdvanceRound called	{"{current_round 20 3  <nil>}": {"Key":"self","Type":15,"Integer":0,"String":"a","Interface":null}}
2025-08-15T22:12:53.317-0500	DEBUG	protocol/handler.go:581	tryAdvanceRound called	{"{current_round 20 3  <nil>}": {"Key":"self","Type":15,"Integer":0,"String":"a","Interface":null}}
==================
WARNING: DATA RACE
Write at 0x00c0001a0118 by goroutine 72:
  github.com/luxfi/threshold/protocols/doerner/keygen.(*round3R).StoreMessage()
      /Users/z/work/lux/threshold/protocols/doerner/keygen/round3R.go:35 +0xd8
  github.com/luxfi/threshold/pkg/protocol.(*Handler).verifyNormalForRound()
      /Users/z/work/lux/threshold/pkg/protocol/handler.go:1337 +0x43c
  github.com/luxfi/threshold/pkg/protocol.(*Handler).retryUnprocessedMessages()
      /Users/z/work/lux/threshold/pkg/protocol/handler.go:1496 +0x3a0
  github.com/luxfi/threshold/pkg/protocol.(*Handler).tryAdvanceRound()
      /Users/z/work/lux/threshold/pkg/protocol/handler.go:587 +0x28c
  github.com/luxfi/threshold/pkg/protocol.(*Handler).roundProcessor()
      /Users/z/work/lux/threshold/pkg/protocol/handler.go:569 +0xb4
  github.com/luxfi/threshold/pkg/protocol.(*Handler).startWorkers.func1()
      /Users/z/work/lux/threshold/pkg/protocol/handler.go:374 +0x78

Previous read at 0x00c0001a0118 by goroutine 52:
  github.com/luxfi/threshold/protocols/doerner/keygen.(*round3R).Number()
      <autogenerated>:1 +0x38
  github.com/luxfi/threshold/pkg/protocol.(*Handler).tryAdvanceRound()
      /Users/z/work/lux/threshold/pkg/protocol/handler.go:587 +0x280
  github.com/luxfi/threshold/pkg/protocol.(*Handler).processMessage()
      /Users/z/work/lux/threshold/pkg/protocol/handler.go:486 +0xbb0
  github.com/luxfi/threshold/pkg/protocol.(*Handler).messageWorker()
      /Users/z/work/lux/threshold/pkg/protocol/handler.go:408 +0x338
  github.com/luxfi/threshold/pkg/protocol.(*Handler).startWorkers.gowrap1()
      /Users/z/work/lux/threshold/pkg/protocol/handler.go:355 +0x44

Goroutine 72 (running) created at:
  github.com/luxfi/threshold/pkg/protocol.(*Handler).startWorkers()
      /Users/z/work/lux/threshold/pkg/protocol/handler.go:372 +0x4fc
  github.com/luxfi/threshold/pkg/protocol.NewHandler()
      /Users/z/work/lux/threshold/pkg/protocol/handler.go:247 +0xf10
  github.com/luxfi/threshold/protocols/doerner.TestDoernerKeygenWithTimeout.func1()
      /Users/z/work/lux/threshold/protocols/doerner/doerner_fixed_test.go:36 +0x31c
  github.com/luxfi/threshold/internal/test.RunProtocolWithTimeoutNew()
      /Users/z/work/lux/threshold/internal/test/timeout_handler.go:72 +0x26c
  github.com/luxfi/threshold/protocols/doerner.TestDoernerKeygenWithTimeout()
      /Users/z/work/lux/threshold/protocols/doerner/doerner_fixed_test.go:53 +0x100
  testing.tRunner()
      /opt/homebrew/Cellar/go/1.24.6/libexec/src/testing/testing.go:1792 +0x180
  testing.(*T).Run.gowrap1()
      /opt/homebrew/Cellar/go/1.24.6/libexec/src/testing/testing.go:1851 +0x40

Goroutine 52 (running) created at:
  github.com/luxfi/threshold/pkg/protocol.(*Handler).startWorkers()
      /Users/z/work/lux/threshold/pkg/protocol/handler.go:355 +0x27c
  github.com/luxfi/threshold/pkg/protocol.NewHandler()
      /Users/z/work/lux/threshold/pkg/protocol/handler.go:247 +0xf10
  github.com/luxfi/threshold/protocols/doerner.TestDoernerKeygenWithTimeout.func1()
      /Users/z/work/lux/threshold/protocols/doerner/doerner_fixed_test.go:36 +0x31c
  github.com/luxfi/threshold/internal/test.RunProtocolWithTimeoutNew()
      /Users/z/work/lux/threshold/internal/test/timeout_handler.go:72 +0x26c
  github.com/luxfi/threshold/protocols/doerner.TestDoernerKeygenWithTimeout()
      /Users/z/work/lux/threshold/protocols/doerner/doerner_fixed_test.go:53 +0x100
  testing.tRunner()
      /opt/homebrew/Cellar/go/1.24.6/libexec/src/testing/testing.go:1792 +0x180
  testing.(*T).Run.gowrap1()
      /opt/homebrew/Cellar/go/1.24.6/libexec/src/testing/testing.go:1851 +0x40
==================
==================
WARNING: DATA RACE
Write at 0x00c0001a0110 by goroutine 72:
  github.com/luxfi/threshold/protocols/doerner/keygen.(*round3R).StoreMessage()
      /Users/z/work/lux/threshold/protocols/doerner/keygen/round3R.go:35 +0x114
  github.com/luxfi/threshold/pkg/protocol.(*Handler).verifyNormalForRound()
      /Users/z/work/lux/threshold/pkg/protocol/handler.go:1337 +0x43c
  github.com/luxfi/threshold/pkg/protocol.(*Handler).retryUnprocessedMessages()
      /Users/z/work/lux/threshold/pkg/protocol/handler.go:1496 +0x3a0
  github.com/luxfi/threshold/pkg/protocol.(*Handler).tryAdvanceRound()
      /Users/z/work/lux/threshold/pkg/protocol/handler.go:587 +0x28c
  github.com/luxfi/threshold/pkg/protocol.(*Handler).roundProcessor()
      /Users/z/work/lux/threshold/pkg/protocol/handler.go:569 +0xb4
  github.com/luxfi/threshold/pkg/protocol.(*Handler).startWorkers.func1()
      /Users/z/work/lux/threshold/pkg/protocol/handler.go:374 +0x78

Previous read at 0x00c0001a0110 by goroutine 52:
  github.com/luxfi/threshold/protocols/doerner/keygen.(*round3R).Number()
      <autogenerated>:1 +0x38
  github.com/luxfi/threshold/pkg/protocol.(*Handler).tryAdvanceRound()
      /Users/z/work/lux/threshold/pkg/protocol/handler.go:587 +0x280
  github.com/luxfi/threshold/pkg/protocol.(*Handler).processMessage()
      /Users/z/work/lux/threshold/pkg/protocol/handler.go:486 +0xbb0
  github.com/luxfi/threshold/pkg/protocol.(*Handler).messageWorker()
      /Users/z/work/lux/threshold/pkg/protocol/handler.go:408 +0x338
  github.com/luxfi/threshold/pkg/protocol.(*Handler).startWorkers.gowrap1()
      /Users/z/work/lux/threshold/pkg/protocol/handler.go:355 +0x44

Goroutine 72 (running) created at:
  github.com/luxfi/threshold/pkg/protocol.(*Handler).startWorkers()
      /Users/z/work/lux/threshold/pkg/protocol/handler.go:372 +0x4fc
  github.com/luxfi/threshold/pkg/protocol.NewHandler()
      /Users/z/work/lux/threshold/pkg/protocol/handler.go:247 +0xf10
  github.com/luxfi/threshold/protocols/doerner.TestDoernerKeygenWithTimeout.func1()
      /Users/z/work/lux/threshold/protocols/doerner/doerner_fixed_test.go:36 +0x31c
  github.com/luxfi/threshold/internal/test.RunProtocolWithTimeoutNew()
      /Users/z/work/lux/threshold/internal/test/timeout_handler.go:72 +0x26c
  github.com/luxfi/threshold/protocols/doerner.TestDoernerKeygenWithTimeout()
      /Users/z/work/lux/threshold/protocols/doerner/doerner_fixed_test.go:53 +0x100
  testing.tRunner()
      /opt/homebrew/Cellar/go/1.24.6/libexec/src/testing/testing.go:1792 +0x180
  testing.(*T).Run.gowrap1()
      /opt/homebrew/Cellar/go/1.24.6/libexec/src/testing/testing.go:1851 +0x40

Goroutine 52 (running) created at:
  github.com/luxfi/threshold/pkg/protocol.(*Handler).startWorkers()
      /Users/z/work/lux/threshold/pkg/protocol/handler.go:355 +0x27c
  github.com/luxfi/threshold/pkg/protocol.NewHandler()
      /Users/z/work/lux/threshold/pkg/protocol/handler.go:247 +0xf10
  github.com/luxfi/threshold/protocols/doerner.TestDoernerKeygenWithTimeout.func1()
      /Users/z/work/lux/threshold/protocols/doerner/doerner_fixed_test.go:36 +0x31c
  github.com/luxfi/threshold/internal/test.RunProtocolWithTimeoutNew()
      /Users/z/work/lux/threshold/internal/test/timeout_handler.go:72 +0x26c
  github.com/luxfi/threshold/protocols/doerner.TestDoernerKeygenWithTimeout()
      /Users/z/work/lux/threshold/protocols/doerner/doerner_fixed_test.go:53 +0x100
  testing.tRunner()
      /opt/homebrew/Cellar/go/1.24.6/libexec/src/testing/testing.go:1792 +0x180
  testing.(*T).Run.gowrap1()
      /opt/homebrew/Cellar/go/1.24.6/libexec/src/testing/testing.go:1851 +0x40
==================
2025-08-15T22:12:53.319-0500	DEBUG	protocol/handler.go:1642	waiting for message processing	{"{round 20 3  <nil>}": {"Key":"unprocessed","Type":15,"Integer":0,"String":"[b]","Interface":null}}
==================
WARNING: DATA RACE
Write at 0x00c0001a0118 by goroutine 52:
  github.com/luxfi/threshold/protocols/doerner/keygen.(*round3R).StoreMessage()
      /Users/z/work/lux/threshold/protocols/doerner/keygen/round3R.go:35 +0xd8
  github.com/luxfi/threshold/pkg/protocol.(*Handler).verifyNormalForRound()
      /Users/z/work/lux/threshold/pkg/protocol/handler.go:1337 +0x43c
  github.com/luxfi/threshold/pkg/protocol.(*Handler).retryUnprocessedMessages()
      /Users/z/work/lux/threshold/pkg/protocol/handler.go:1496 +0x3a0
  github.com/luxfi/threshold/pkg/protocol.(*Handler).tryAdvanceRound()
      /Users/z/work/lux/threshold/pkg/protocol/handler.go:587 +0x28c
  github.com/luxfi/threshold/pkg/protocol.(*Handler).processMessage()
      /Users/z/work/lux/threshold/pkg/protocol/handler.go:486 +0xbb0
  github.com/luxfi/threshold/pkg/protocol.(*Handler).messageWorker()
      /Users/z/work/lux/threshold/pkg/protocol/handler.go:408 +0x338
  github.com/luxfi/threshold/pkg/protocol.(*Handler).startWorkers.gowrap1()
      /Users/z/work/lux/threshold/pkg/protocol/handler.go:355 +0x44

Previous read at 0x00c0001a0118 by goroutine 72:
  github.com/luxfi/threshold/protocols/doerner/keygen.(*round3R).Number()
      <autogenerated>:1 +0x38
  github.com/luxfi/threshold/pkg/protocol.(*Handler).hasAllMessages()
      /Users/z/work/lux/threshold/pkg/protocol/handler.go:1570 +0x40
  github.com/luxfi/threshold/pkg/protocol.(*Handler).tryAdvanceRound()
      /Users/z/work/lux/threshold/pkg/protocol/handler.go:589 +0x29c
  github.com/luxfi/threshold/pkg/protocol.(*Handler).roundProcessor()
      /Users/z/work/lux/threshold/pkg/protocol/handler.go:569 +0xb4
  github.com/luxfi/threshold/pkg/protocol.(*Handler).startWorkers.func1()
      /Users/z/work/lux/threshold/pkg/protocol/handler.go:374 +0x78

Goroutine 52 (running) created at:
  github.com/luxfi/threshold/pkg/protocol.(*Handler).startWorkers()
      /Users/z/work/lux/threshold/pkg/protocol/handler.go:355 +0x27c
  github.com/luxfi/threshold/pkg/protocol.NewHandler()
      /Users/z/work/lux/threshold/pkg/protocol/handler.go:247 +0xf10
  github.com/luxfi/threshold/protocols/doerner.TestDoernerKeygenWithTimeout.func1()
      /Users/z/work/lux/threshold/protocols/doerner/doerner_fixed_test.go:36 +0x31c
  github.com/luxfi/threshold/internal/test.RunProtocolWithTimeoutNew()
      /Users/z/work/lux/threshold/internal/test/timeout_handler.go:72 +0x26c
  github.com/luxfi/threshold/protocols/doerner.TestDoernerKeygenWithTimeout()
      /Users/z/work/lux/threshold/protocols/doerner/doerner_fixed_test.go:53 +0x100
  testing.tRunner()
      /opt/homebrew/Cellar/go/1.24.6/libexec/src/testing/testing.go:1792 +0x180
  testing.(*T).Run.gowrap1()
      /opt/homebrew/Cellar/go/1.24.6/libexec/src/testing/testing.go:1851 +0x40

Goroutine 72 (finished) created at:
  github.com/luxfi/threshold/pkg/protocol.(*Handler).startWorkers()
      /Users/z/work/lux/threshold/pkg/protocol/handler.go:372 +0x4fc
  github.com/luxfi/threshold/pkg/protocol.NewHandler()
      /Users/z/work/lux/threshold/pkg/protocol/handler.go:247 +0xf10
  github.com/luxfi/threshold/protocols/doerner.TestDoernerKeygenWithTimeout.func1()
      /Users/z/work/lux/threshold/protocols/doerner/doerner_fixed_test.go:36 +0x31c
  github.com/luxfi/threshold/internal/test.RunProtocolWithTimeoutNew()
      /Users/z/work/lux/threshold/internal/test/timeout_handler.go:72 +0x26c
  github.com/luxfi/threshold/protocols/doerner.TestDoernerKeygenWithTimeout()
      /Users/z/work/lux/threshold/protocols/doerner/doerner_fixed_test.go:53 +0x100
  testing.tRunner()
      /opt/homebrew/Cellar/go/1.24.6/libexec/src/testing/testing.go:1792 +0x180
  testing.(*T).Run.gowrap1()
      /opt/homebrew/Cellar/go/1.24.6/libexec/src/testing/testing.go:1851 +0x40
==================
==================
WARNING: DATA RACE
Write at 0x00c0001a0110 by goroutine 52:
  github.com/luxfi/threshold/protocols/doerner/keygen.(*round3R).StoreMessage()
      /Users/z/work/lux/threshold/protocols/doerner/keygen/round3R.go:35 +0x114
  github.com/luxfi/threshold/pkg/protocol.(*Handler).verifyNormalForRound()
      /Users/z/work/lux/threshold/pkg/protocol/handler.go:1337 +0x43c
  github.com/luxfi/threshold/pkg/protocol.(*Handler).retryUnprocessedMessages()
      /Users/z/work/lux/threshold/pkg/protocol/handler.go:1496 +0x3a0
  github.com/luxfi/threshold/pkg/protocol.(*Handler).tryAdvanceRound()
      /Users/z/work/lux/threshold/pkg/protocol/handler.go:587 +0x28c
  github.com/luxfi/threshold/pkg/protocol.(*Handler).processMessage()
      /Users/z/work/lux/threshold/pkg/protocol/handler.go:486 +0xbb0
  github.com/luxfi/threshold/pkg/protocol.(*Handler).messageWorker()
      /Users/z/work/lux/threshold/pkg/protocol/handler.go:408 +0x338
  github.com/luxfi/threshold/pkg/protocol.(*Handler).startWorkers.gowrap1()
      /Users/z/work/lux/threshold/pkg/protocol/handler.go:355 +0x44

Previous read at 0x00c0001a0110 by goroutine 72:
  github.com/luxfi/threshold/protocols/doerner/keygen.(*round3R).Number()
      <autogenerated>:1 +0x38
  github.com/luxfi/threshold/pkg/protocol.(*Handler).hasAllMessages()
      /Users/z/work/lux/threshold/pkg/protocol/handler.go:1570 +0x40
  github.com/luxfi/threshold/pkg/protocol.(*Handler).tryAdvanceRound()
      /Users/z/work/lux/threshold/pkg/protocol/handler.go:589 +0x29c
  github.com/luxfi/threshold/pkg/protocol.(*Handler).roundProcessor()
      /Users/z/work/lux/threshold/pkg/protocol/handler.go:569 +0xb4
  github.com/luxfi/threshold/pkg/protocol.(*Handler).startWorkers.func1()
      /Users/z/work/lux/threshold/pkg/protocol/handler.go:374 +0x78

Goroutine 52 (running) created at:
  github.com/luxfi/threshold/pkg/protocol.(*Handler).startWorkers()
      /Users/z/work/lux/threshold/pkg/protocol/handler.go:355 +0x27c
  github.com/luxfi/threshold/pkg/protocol.NewHandler()
      /Users/z/work/lux/threshold/pkg/protocol/handler.go:247 +0xf10
  github.com/luxfi/threshold/protocols/doerner.TestDoernerKeygenWithTimeout.func1()
      /Users/z/work/lux/threshold/protocols/doerner/doerner_fixed_test.go:36 +0x31c
  github.com/luxfi/threshold/internal/test.RunProtocolWithTimeoutNew()
      /Users/z/work/lux/threshold/internal/test/timeout_handler.go:72 +0x26c
  github.com/luxfi/threshold/protocols/doerner.TestDoernerKeygenWithTimeout()
      /Users/z/work/lux/threshold/protocols/doerner/doerner_fixed_test.go:53 +0x100
  testing.tRunner()
      /opt/homebrew/Cellar/go/1.24.6/libexec/src/testing/testing.go:1792 +0x180
  testing.(*T).Run.gowrap1()
      /opt/homebrew/Cellar/go/1.24.6/libexec/src/testing/testing.go:1851 +0x40

Goroutine 72 (finished) created at:
  github.com/luxfi/threshold/pkg/protocol.(*Handler).startWorkers()
      /Users/z/work/lux/threshold/pkg/protocol/handler.go:372 +0x4fc
  github.com/luxfi/threshold/pkg/protocol.NewHandler()
      /Users/z/work/lux/threshold/pkg/protocol/handler.go:247 +0xf10
  github.com/luxfi/threshold/protocols/doerner.TestDoernerKeygenWithTimeout.func1()
      /Users/z/work/lux/threshold/protocols/doerner/doerner_fixed_test.go:36 +0x31c
  github.com/luxfi/threshold/internal/test.RunProtocolWithTimeoutNew()
      /Users/z/work/lux/threshold/internal/test/timeout_handler.go:72 +0x26c
  github.com/luxfi/threshold/protocols/doerner.TestDoernerKeygenWithTimeout()
      /Users/z/work/lux/threshold/protocols/doerner/doerner_fixed_test.go:53 +0x100
  testing.tRunner()
      /opt/homebrew/Cellar/go/1.24.6/libexec/src/testing/testing.go:1792 +0x180
  testing.(*T).Run.gowrap1()
      /opt/homebrew/Cellar/go/1.24.6/libexec/src/testing/testing.go:1851 +0x40
==================
2025-08-15T22:12:53.321-0500	DEBUG	protocol/handler.go:1642	waiting for message processing	{"{round 20 3  <nil>}": {"Key":"unprocessed","Type":15,"Integer":0,"String":"[b]","Interface":null}}
2025-08-15T22:12:53.321-0500	DEBUG	protocol/handler.go:403	worker stopping
2025-08-15T22:12:53.321-0500	DEBUG	protocol/handler.go:403	worker stopping
2025-08-15T22:12:53.321-0500	DEBUG	protocol/handler.go:437	processing message	{"{from 15 0 a <nil>}": {"Key":"to","Type":15,"Integer":0,"String":"","Interface":null}, "{round 20 0  <nil>}": {"Key":"broadcast","Type":4,"Integer":0,"String":"","Interface":null}}
2025-08-15T22:12:53.321-0500	WARN	protocol/handler.go:1096	protocol aborted
2025-08-15T22:12:53.321-0500	ERROR	protocol/handler.go:1112	protocol error - canceling context	{"{error 26 0  aborted by a: RandomOTSender Round2: invalid response}": {"Key":"culprits","Type":15,"Integer":0,"String":"[a]","Interface":null}}
2025-08-15T22:12:53.321-0500	DEBUG	protocol/handler.go:403	worker stopping
2025-08-15T22:12:53.321-0500	DEBUG	protocol/handler.go:403	worker stopping
2025-08-15T22:12:53.321-0500	DEBUG	protocol/handler.go:403	worker stopping
2025-08-15T22:12:53.321-0500	DEBUG	protocol/handler.go:403	worker stopping
2025-08-15T22:12:53.321-0500	DEBUG	protocol/handler.go:403	worker stopping
2025-08-15T22:12:53.321-0500	DEBUG	protocol/handler.go:403	worker stopping
2025-08-15T22:12:53.321-0500	DEBUG	protocol/handler.go:403	worker stopping
2025-08-15T22:12:53.321-0500	DEBUG	protocol/handler.go:403	worker stopping
2025-08-15T22:12:53.321-0500	DEBUG	protocol/handler.go:403	worker stopping
2025-08-15T22:12:53.321-0500	DEBUG	protocol/handler.go:403	worker stopping
2025-08-15T22:12:53.321-0500	DEBUG	protocol/handler.go:403	worker stopping
2025-08-15T22:12:53.321-0500	DEBUG	protocol/handler.go:403	worker stopping
2025-08-15T22:12:53.321-0500	DEBUG	protocol/handler.go:403	worker stopping
2025-08-15T22:12:53.321-0500	DEBUG	protocol/handler.go:403	worker stopping
2025-08-15T22:12:53.321-0500	DEBUG	protocol/handler.go:403	worker stopping
2025-08-15T22:12:53.322-0500	DEBUG	protocol/handler.go:403	worker stopping
2025-08-15T22:12:53.322-0500	DEBUG	protocol/handler.go:403	worker stopping
2025-08-15T22:12:53.322-0500	DEBUG	protocol/handler.go:403	worker stopping
2025-08-15T22:12:53.322-0500	DEBUG	protocol/handler.go:403	worker stopping
2025-08-15T22:12:53.322-0500	DEBUG	protocol/handler.go:403	worker stopping
2025-08-15T22:12:53.322-0500	DEBUG	protocol/handler.go:403	worker stopping
2025-08-15T22:12:53.322-0500	DEBUG	protocol/handler.go:403	worker stopping
2025-08-15T22:12:53.322-0500	DEBUG	protocol/handler.go:403	worker stopping
2025-08-15T22:12:53.322-0500	DEBUG	protocol/handler.go:403	worker stopping
2025-08-15T22:12:53.325-0500	DEBUG	protocol/handler.go:403	worker stopping
2025-08-15T22:12:53.325-0500	DEBUG	protocol/handler.go:403	worker stopping
2025-08-15T22:12:53.325-0500	DEBUG	protocol/handler.go:403	worker stopping
2025-08-15T22:12:53.325-0500	DEBUG	protocol/handler.go:403	worker stopping
2025-08-15T22:12:53.325-0500	DEBUG	protocol/handler.go:403	worker stopping
2025-08-15T22:12:53.325-0500	DEBUG	protocol/handler.go:403	worker stopping
2025-08-15T22:12:53.325-0500	DEBUG	protocol/handler.go:403	worker stopping
2025-08-15T22:12:53.325-0500	DEBUG	protocol/handler.go:403	worker stopping
2025-08-15T22:12:53.325-0500	DEBUG	protocol/handler.go:403	worker stopping
2025-08-15T22:12:53.325-0500	DEBUG	protocol/handler.go:403	worker stopping
2025-08-15T22:12:53.334-0500	DEBUG	protocol/handler.go:403	worker stopping
2025-08-15T22:12:53.334-0500	DEBUG	protocol/handler.go:403	worker stopping
2025-08-15T22:12:53.334-0500	DEBUG	protocol/handler.go:403	worker stopping
2025-08-15T22:12:53.334-0500	DEBUG	protocol/handler.go:403	worker stopping
2025-08-15T22:12:53.341-0500	DEBUG	protocol/handler.go:403	worker stopping
2025-08-15T22:12:53.341-0500	DEBUG	protocol/handler.go:403	worker stopping
2025-08-15T22:12:53.341-0500	DEBUG	protocol/handler.go:403	worker stopping
2025-08-15T22:12:53.341-0500	DEBUG	protocol/handler.go:403	worker stopping
2025-08-15T22:12:53.345-0500	DEBUG	protocol/handler.go:403	worker stopping
2025-08-15T22:12:53.345-0500	DEBUG	protocol/handler.go:403	worker stopping
==================
WARNING: DATA RACE
Write at 0x00c000b8ca88 by goroutine 134:
  github.com/zeebo/blake3.(*hasher).reset()
      /Users/z/go/pkg/mod/github.com/zeebo/blake3@v0.2.4/blake3.go:26 +0xc0
  github.com/zeebo/blake3.(*Hasher).Reset()
      /Users/z/go/pkg/mod/github.com/zeebo/blake3@v0.2.4/api.go:102 +0x80
  github.com/luxfi/threshold/internal/ot.(*RandomOTReceiever).Round2()
      /Users/z/work/lux/threshold/internal/ot/random.go:169 +0x70
  github.com/luxfi/threshold/internal/ot.(*CorreOTSetupSender).Round2()
      /Users/z/work/lux/threshold/internal/ot/correlated.go:98 +0x6c
  github.com/luxfi/threshold/protocols/doerner/keygen.(*round2S).StoreMessage()
      /Users/z/work/lux/threshold/protocols/doerner/keygen/round2S.go:64 +0x1a4
  github.com/luxfi/threshold/pkg/protocol.(*Handler).verifyNormalForRound()
      /Users/z/work/lux/threshold/pkg/protocol/handler.go:1337 +0x43c
  github.com/luxfi/threshold/pkg/protocol.(*Handler).processQueuedMessages()
      /Users/z/work/lux/threshold/pkg/protocol/handler.go:1556 +0x550
  github.com/luxfi/threshold/pkg/protocol.(*Handler).initializeRound()
      /Users/z/work/lux/threshold/pkg/protocol/handler.go:935 +0x17c
  github.com/luxfi/threshold/pkg/protocol.(*Handler).tryAdvanceRound.gowrap1()
      /Users/z/work/lux/threshold/pkg/protocol/handler.go:670 +0x4c

Previous write at 0x00c000b8ca88 by goroutine 15:
  github.com/zeebo/blake3.(*hasher).updateString()
      /Users/z/go/pkg/mod/github.com/zeebo/blake3@v0.2.4/blake3.go:48 +0x164
  github.com/zeebo/blake3.(*hasher).update()
      /Users/z/go/pkg/mod/github.com/zeebo/blake3@v0.2.4/blake3.go:35 +0x308
  github.com/zeebo/blake3.(*Hasher).Write()
      /Users/z/go/pkg/mod/github.com/zeebo/blake3@v0.2.4/api.go:89 +0x2b4
  github.com/luxfi/threshold/internal/ot.(*RandomOTReceiever).Round1()
      /Users/z/work/lux/threshold/internal/ot/random.go:152 +0x2a4
  github.com/luxfi/threshold/internal/ot.(*CorreOTSetupSender).Round1.func1()
      /Users/z/work/lux/threshold/internal/ot/correlated.go:77 +0x5c
  github.com/luxfi/threshold/pkg/pool.worker()
      /Users/z/work/lux/threshold/pkg/pool/pool.go:76 +0xc4
  github.com/luxfi/threshold/pkg/pool.NewPool.gowrap1()
      /Users/z/work/lux/threshold/pkg/pool/pool.go:119 +0x34

Goroutine 134 (running) created at:
  github.com/luxfi/threshold/pkg/protocol.(*Handler).tryAdvanceRound()
      /Users/z/work/lux/threshold/pkg/protocol/handler.go:670 +0x1258
  github.com/luxfi/threshold/pkg/protocol.(*Handler).processMessage()
      /Users/z/work/lux/threshold/pkg/protocol/handler.go:486 +0xbb0
  github.com/luxfi/threshold/pkg/protocol.(*Handler).messageWorker()
      /Users/z/work/lux/threshold/pkg/protocol/handler.go:408 +0x338
  github.com/luxfi/threshold/pkg/protocol.(*Handler).startWorkers.gowrap1()
      /Users/z/work/lux/threshold/pkg/protocol/handler.go:355 +0x44

Goroutine 15 (running) created at:
  github.com/luxfi/threshold/pkg/pool.NewPool()
      /Users/z/work/lux/threshold/pkg/pool/pool.go:119 +0xec
  github.com/luxfi/threshold/protocols/doerner.TestDoernerKeygenWithTimeout()
      /Users/z/work/lux/threshold/protocols/doerner/doerner_fixed_test.go:24 +0x44
  testing.tRunner()
      /opt/homebrew/Cellar/go/1.24.6/libexec/src/testing/testing.go:1792 +0x180
  testing.(*T).Run.gowrap1()
      /opt/homebrew/Cellar/go/1.24.6/libexec/src/testing/testing.go:1851 +0x40
==================
==================
WARNING: DATA RACE
Write at 0x00c000b8ca90 by goroutine 134:
  github.com/zeebo/blake3.(*hasher).reset()
      /Users/z/go/pkg/mod/github.com/zeebo/blake3@v0.2.4/blake3.go:27 +0xd0
  github.com/zeebo/blake3.(*Hasher).Reset()
      /Users/z/go/pkg/mod/github.com/zeebo/blake3@v0.2.4/api.go:102 +0x80
  github.com/luxfi/threshold/internal/ot.(*RandomOTReceiever).Round2()
      /Users/z/work/lux/threshold/internal/ot/random.go:169 +0x70
  github.com/luxfi/threshold/internal/ot.(*CorreOTSetupSender).Round2()
      /Users/z/work/lux/threshold/internal/ot/correlated.go:98 +0x6c
  github.com/luxfi/threshold/protocols/doerner/keygen.(*round2S).StoreMessage()
      /Users/z/work/lux/threshold/protocols/doerner/keygen/round2S.go:64 +0x1a4
  github.com/luxfi/threshold/pkg/protocol.(*Handler).verifyNormalForRound()
      /Users/z/work/lux/threshold/pkg/protocol/handler.go:1337 +0x43c
  github.com/luxfi/threshold/pkg/protocol.(*Handler).processQueuedMessages()
      /Users/z/work/lux/threshold/pkg/protocol/handler.go:1556 +0x550
  github.com/luxfi/threshold/pkg/protocol.(*Handler).initializeRound()
      /Users/z/work/lux/threshold/pkg/protocol/handler.go:935 +0x17c
  github.com/luxfi/threshold/pkg/protocol.(*Handler).tryAdvanceRound.gowrap1()
      /Users/z/work/lux/threshold/pkg/protocol/handler.go:670 +0x4c

Previous read at 0x00c000b8ca90 by goroutine 15:
  github.com/zeebo/blake3.(*hasher).finalizeDigest()
      /Users/z/go/pkg/mod/github.com/zeebo/blake3@v0.2.4/blake3.go:75 +0x40
  github.com/zeebo/blake3.(*Hasher).Digest()
      /Users/z/go/pkg/mod/github.com/zeebo/blake3@v0.2.4/api.go:141 +0x344
  github.com/luxfi/threshold/internal/ot.(*RandomOTReceiever).Round1()
      /Users/z/work/lux/threshold/internal/ot/random.go:153 +0x2b8
  github.com/luxfi/threshold/internal/ot.(*CorreOTSetupSender).Round1.func1()
      /Users/z/work/lux/threshold/internal/ot/correlated.go:77 +0x5c
  github.com/luxfi/threshold/pkg/pool.worker()
      /Users/z/work/lux/threshold/pkg/pool/pool.go:76 +0xc4
  github.com/luxfi/threshold/pkg/pool.NewPool.gowrap1()
      /Users/z/work/lux/threshold/pkg/pool/pool.go:119 +0x34

Goroutine 134 (running) created at:
  github.com/luxfi/threshold/pkg/protocol.(*Handler).tryAdvanceRound()
      /Users/z/work/lux/threshold/pkg/protocol/handler.go:670 +0x1258
  github.com/luxfi/threshold/pkg/protocol.(*Handler).processMessage()
      /Users/z/work/lux/threshold/pkg/protocol/handler.go:486 +0xbb0
  github.com/luxfi/threshold/pkg/protocol.(*Handler).messageWorker()
      /Users/z/work/lux/threshold/pkg/protocol/handler.go:408 +0x338
  github.com/luxfi/threshold/pkg/protocol.(*Handler).startWorkers.gowrap1()
      /Users/z/work/lux/threshold/pkg/protocol/handler.go:355 +0x44

Goroutine 15 (running) created at:
  github.com/luxfi/threshold/pkg/pool.NewPool()
      /Users/z/work/lux/threshold/pkg/pool/pool.go:119 +0xec
2025-08-15T22:12:53.334-0500	DEBUG	protocol/handler.go:403	worker stopping
  github.com/luxfi/threshold/protocols/doerner.TestDoernerKeygenWithTimeout()
      /Users/z/work/lux/threshold/protocols/doerner/doerner_fixed_test.go:24 +0x44
  testing.tRunner()
      /opt/homebrew/Cellar/go/1.24.6/libexec/src/testing/testing.go:1792 +0x180
  testing.(*T).Run.gowrap1()
      /opt/homebrew/Cellar/go/1.24.6/libexec/src/testing/testing.go:1851 +0x40
==================
==================
WARNING: DATA RACE
Read at 0x00c000488060 by goroutine 134:
  runtime.slicecopy()
      /opt/homebrew/Cellar/go/1.24.6/libexec/src/runtime/slice.go:355 +0x0
  github.com/zeebo/blake3.(*hasher).updateString()
      /Users/z/go/pkg/mod/github.com/zeebo/blake3@v0.2.4/blake3.go:47 +0x148
  github.com/zeebo/blake3.(*hasher).update()
      /Users/z/go/pkg/mod/github.com/zeebo/blake3@v0.2.4/blake3.go:35 +0x168
  github.com/zeebo/blake3.(*Hasher).Write()
      /Users/z/go/pkg/mod/github.com/zeebo/blake3@v0.2.4/api.go:89 +0x120
  github.com/luxfi/threshold/internal/ot.(*RandomOTReceiever).Round2()
      /Users/z/work/lux/threshold/internal/ot/random.go:170 +0x84
  github.com/luxfi/threshold/internal/ot.(*CorreOTSetupSender).Round2()
      /Users/z/work/lux/threshold/internal/ot/correlated.go:98 +0x6c
  github.com/luxfi/threshold/protocols/doerner/keygen.(*round2S).StoreMessage()
      /Users/z/work/lux/threshold/protocols/doerner/keygen/round2S.go:64 +0x1a4
  github.com/luxfi/threshold/pkg/protocol.(*Handler).verifyNormalForRound()
      /Users/z/work/lux/threshold/pkg/protocol/handler.go:1337 +0x43c
  github.com/luxfi/threshold/pkg/protocol.(*Handler).processQueuedMessages()
      /Users/z/work/lux/threshold/pkg/protocol/handler.go:1556 +0x550
  github.com/luxfi/threshold/pkg/protocol.(*Handler).initializeRound()
      /Users/z/work/lux/threshold/pkg/protocol/handler.go:935 +0x17c
  github.com/luxfi/threshold/pkg/protocol.(*Handler).tryAdvanceRound.gowrap1()
      /Users/z/work/lux/threshold/pkg/protocol/handler.go:670 +0x4c

Previous write at 0x00c000488060 by goroutine 15:
  runtime.slicecopy()
      /opt/homebrew/Cellar/go/1.24.6/libexec/src/runtime/slice.go:355 +0x0
  github.com/zeebo/blake3.(*Digest).slowCopy()
      /Users/z/go/pkg/mod/github.com/zeebo/blake3@v0.2.4/digest.go:87 +0x224
  github.com/zeebo/blake3.(*Digest).Read()
      /Users/z/go/pkg/mod/github.com/zeebo/blake3@v0.2.4/digest.go:54 +0x22c
  github.com/luxfi/threshold/internal/ot.(*RandomOTReceiever).Round1()
      /Users/z/work/lux/threshold/internal/ot/random.go:153 +0x358
  github.com/luxfi/threshold/internal/ot.(*CorreOTSetupSender).Round1.func1()
      /Users/z/work/lux/threshold/internal/ot/correlated.go:77 +0x5c
  github.com/luxfi/threshold/pkg/pool.worker()
      /Users/z/work/lux/threshold/pkg/pool/pool.go:76 +0xc4
  github.com/luxfi/threshold/pkg/pool.NewPool.gowrap1()
      /Users/z/work/lux/threshold/pkg/pool/pool.go:119 +0x34

Goroutine 134 (running) created at:
  github.com/luxfi/threshold/pkg/protocol.(*Handler).tryAdvanceRound()
      /Users/z/work/lux/threshold/pkg/protocol/handler.go:670 +0x1258
  github.com/luxfi/threshold/pkg/protocol.(*Handler).processMessage()
      /Users/z/work/lux/threshold/pkg/protocol/handler.go:486 +0xbb0
  github.com/luxfi/threshold/pkg/protocol.(*Handler).messageWorker()
      /Users/z/work/lux/threshold/pkg/protocol/handler.go:408 +0x338
  github.com/luxfi/threshold/pkg/protocol.(*Handler).startWorkers.gowrap1()
      /Users/z/work/lux/threshold/pkg/protocol/handler.go:355 +0x44

Goroutine 15 (running) created at:
  github.com/luxfi/threshold/pkg/pool.NewPool()
      /Users/z/work/lux/threshold/pkg/pool/pool.go:119 +0xec
  github.com/luxfi/threshold/protocols/doerner.TestDoernerKeygenWithTimeout()
      /Users/z/work/lux/threshold/protocols/doerner/doerner_fixed_test.go:24 +0x44
  testing.tRunner()
      /opt/homebrew/Cellar/go/1.24.6/libexec/src/testing/testing.go:1792 +0x180
  testing.(*T).Run.gowrap1()
      /opt/homebrew/Cellar/go/1.24.6/libexec/src/testing/testing.go:1851 +0x40
==================
==================
WARNING: DATA RACE
Write at 0x00c000b8d4d8 by goroutine 134:
  runtime.slicecopy()
      /opt/homebrew/Cellar/go/1.24.6/libexec/src/runtime/slice.go:355 +0x0
  github.com/zeebo/blake3.(*hasher).updateString()
      /Users/z/go/pkg/mod/github.com/zeebo/blake3@v0.2.4/blake3.go:47 +0x148
  github.com/zeebo/blake3.(*hasher).update()
      /Users/z/go/pkg/mod/github.com/zeebo/blake3@v0.2.4/blake3.go:35 +0x168
  github.com/zeebo/blake3.(*Hasher).Write()
      /Users/z/go/pkg/mod/github.com/zeebo/blake3@v0.2.4/api.go:89 +0x120
  github.com/luxfi/threshold/internal/ot.(*RandomOTReceiever).Round2()
      /Users/z/work/lux/threshold/internal/ot/random.go:170 +0x84
  github.com/luxfi/threshold/internal/ot.(*CorreOTSetupSender).Round2()
      /Users/z/work/lux/threshold/internal/ot/correlated.go:98 +0x6c
  github.com/luxfi/threshold/protocols/doerner/keygen.(*round2S).StoreMessage()
      /Users/z/work/lux/threshold/protocols/doerner/keygen/round2S.go:64 +0x1a4
  github.com/luxfi/threshold/pkg/protocol.(*Handler).verifyNormalForRound()
      /Users/z/work/lux/threshold/pkg/protocol/handler.go:1337 +0x43c
  github.com/luxfi/threshold/pkg/protocol.(*Handler).processQueuedMessages()
      /Users/z/work/lux/threshold/pkg/protocol/handler.go:1556 +0x550
  github.com/luxfi/threshold/pkg/protocol.(*Handler).initializeRound()
      /Users/z/work/lux/threshold/pkg/protocol/handler.go:935 +0x17c
  github.com/luxfi/threshold/pkg/protocol.(*Handler).tryAdvanceRound.gowrap1()
      /Users/z/work/lux/threshold/pkg/protocol/handler.go:670 +0x4c

Previous write at 0x00c000b8d4d8 by goroutine 15:
  runtime.slicecopy()
      /opt/homebrew/Cellar/go/1.24.6/libexec/src/runtime/slice.go:355 +0x0
  github.com/zeebo/blake3.(*hasher).updateString()
      /Users/z/go/pkg/mod/github.com/zeebo/blake3@v0.2.4/blake3.go:47 +0x148
  github.com/zeebo/blake3.(*hasher).update()
      /Users/z/go/pkg/mod/github.com/zeebo/blake3@v0.2.4/blake3.go:35 +0x308
  github.com/zeebo/blake3.(*Hasher).Write()
      /Users/z/go/pkg/mod/github.com/zeebo/blake3@v0.2.4/api.go:89 +0x2b4
  github.com/luxfi/threshold/internal/ot.(*RandomOTReceiever).Round1()
      /Users/z/work/lux/threshold/internal/ot/random.go:152 +0x2a4
  github.com/luxfi/threshold/internal/ot.(*CorreOTSetupSender).Round1.func1()
      /Users/z/work/lux/threshold/internal/ot/correlated.go:77 +0x5c
  github.com/luxfi/threshold/pkg/pool.worker()
      /Users/z/work/lux/threshold/pkg/pool/pool.go:76 +0xc4
  github.com/luxfi/threshold/pkg/pool.NewPool.gowrap1()
      /Users/z/work/lux/threshold/pkg/pool/pool.go:119 +0x34

Goroutine 134 (running) created at:
  github.com/luxfi/threshold/pkg/protocol.(*Handler).tryAdvanceRound()
      /Users/z/work/lux/threshold/pkg/protocol/handler.go:670 +0x1258
  github.com/luxfi/threshold/pkg/protocol.(*Handler).processMessage()
      /Users/z/work/lux/threshold/pkg/protocol/handler.go:486 +0xbb0
  github.com/luxfi/threshold/pkg/protocol.(*Handler).messageWorker()
      /Users/z/work/lux/threshold/pkg/protocol/handler.go:408 +0x338
  github.com/luxfi/threshold/pkg/protocol.(*Handler).startWorkers.gowrap1()
      /Users/z/work/lux/threshold/pkg/protocol/handler.go:355 +0x44

Goroutine 15 (running) created at:
  github.com/luxfi/threshold/pkg/pool.NewPool()
      /Users/z/work/lux/threshold/pkg/pool/pool.go:119 +0xec
  github.com/luxfi/threshold/protocols/doerner.TestDoernerKeygenWithTimeout()
      /Users/z/work/lux/threshold/protocols/doerner/doerner_fixed_test.go:24 +0x44
  testing.tRunner()
      /opt/homebrew/Cellar/go/1.24.6/libexec/src/testing/testing.go:1792 +0x180
  testing.(*T).Run.gowrap1()
      /opt/homebrew/Cellar/go/1.24.6/libexec/src/testing/testing.go:1851 +0x40
==================
==================
WARNING: DATA RACE
Read at 0x00c000b8ca98 by goroutine 134:
  github.com/zeebo/blake3.(*hasher).finalizeDigest()
      /Users/z/go/pkg/mod/github.com/zeebo/blake3@v0.2.4/blake3.go:76 +0x408
  github.com/zeebo/blake3.(*Hasher).Digest()
      /Users/z/go/pkg/mod/github.com/zeebo/blake3@v0.2.4/api.go:141 +0x1a4
  github.com/luxfi/threshold/internal/ot.(*RandomOTReceiever).Round2()
      /Users/z/work/lux/threshold/internal/ot/random.go:171 +0x16c
  github.com/luxfi/threshold/internal/ot.(*CorreOTSetupSender).Round2()
      /Users/z/work/lux/threshold/internal/ot/correlated.go:98 +0x6c
  github.com/luxfi/threshold/protocols/doerner/keygen.(*round2S).StoreMessage()
      /Users/z/work/lux/threshold/protocols/doerner/keygen/round2S.go:64 +0x1a4
  github.com/luxfi/threshold/pkg/protocol.(*Handler).verifyNormalForRound()
      /Users/z/work/lux/threshold/pkg/protocol/handler.go:1337 +0x43c
  github.com/luxfi/threshold/pkg/protocol.(*Handler).processQueuedMessages()
      /Users/z/work/lux/threshold/pkg/protocol/handler.go:1556 +0x550
  github.com/luxfi/threshold/pkg/protocol.(*Handler).initializeRound()
      /Users/z/work/lux/threshold/pkg/protocol/handler.go:935 +0x17c
  github.com/luxfi/threshold/pkg/protocol.(*Handler).tryAdvanceRound.gowrap1()
      /Users/z/work/lux/threshold/pkg/protocol/handler.go:670 +0x4c

Previous write at 0x00c000b8ca98 by goroutine 92:
  github.com/zeebo/blake3.NewKeyed()
      /Users/z/go/pkg/mod/github.com/zeebo/blake3@v0.2.4/api.go:41 +0xc0
  github.com/luxfi/threshold/internal/ot.NewRandomOTReceiver()
      /Users/z/work/lux/threshold/internal/ot/random.go:109 +0x58
  github.com/luxfi/threshold/internal/ot.(*CorreOTSetupSender).Round1()
      /Users/z/work/lux/threshold/internal/ot/correlated.go:71 +0x2a4
  github.com/luxfi/threshold/protocols/doerner/keygen.(*round1S).StoreMessage()
      /Users/z/work/lux/threshold/protocols/doerner/keygen/round1S.go:77 +0x9c
  github.com/luxfi/threshold/pkg/protocol.(*Handler).verifyNormalForRound()
      /Users/z/work/lux/threshold/pkg/protocol/handler.go:1337 +0x43c
  github.com/luxfi/threshold/pkg/protocol.(*Handler).processQueuedMessages()
      /Users/z/work/lux/threshold/pkg/protocol/handler.go:1521 +0x784
  github.com/luxfi/threshold/pkg/protocol.(*Handler).tryAdvanceRound()
      /Users/z/work/lux/threshold/pkg/protocol/handler.go:648 +0xe78
  github.com/luxfi/threshold/pkg/protocol.(*Handler).processMessage()
      /Users/z/work/lux/threshold/pkg/protocol/handler.go:486 +0xbb0
  github.com/luxfi/threshold/pkg/protocol.(*Handler).messageWorker()
      /Users/z/work/lux/threshold/pkg/protocol/handler.go:408 +0x338
  github.com/luxfi/threshold/pkg/protocol.(*Handler).startWorkers.gowrap1()
      /Users/z/work/lux/threshold/pkg/protocol/handler.go:355 +0x44

Goroutine 134 (running) created at:
  github.com/luxfi/threshold/pkg/protocol.(*Handler).tryAdvanceRound()
      /Users/z/work/lux/threshold/pkg/protocol/handler.go:670 +0x1258
  github.com/luxfi/threshold/pkg/protocol.(*Handler).processMessage()
      /Users/z/work/lux/threshold/pkg/protocol/handler.go:486 +0xbb0
  github.com/luxfi/threshold/pkg/protocol.(*Handler).messageWorker()
      /Users/z/work/lux/threshold/pkg/protocol/handler.go:408 +0x338
  github.com/luxfi/threshold/pkg/protocol.(*Handler).startWorkers.gowrap1()
      /Users/z/work/lux/threshold/pkg/protocol/handler.go:355 +0x44

Goroutine 92 (running) created at:
  github.com/luxfi/threshold/pkg/protocol.(*Handler).startWorkers()
      /Users/z/work/lux/threshold/pkg/protocol/handler.go:355 +0x27c
  github.com/luxfi/threshold/pkg/protocol.NewHandler()
      /Users/z/work/lux/threshold/pkg/protocol/handler.go:247 +0xf10
  github.com/luxfi/threshold/protocols/doerner.TestDoernerKeygenWithTimeout.func1()
      /Users/z/work/lux/threshold/protocols/doerner/doerner_fixed_test.go:43 +0x5d4
  github.com/luxfi/threshold/internal/test.RunProtocolWithTimeoutNew()
      /Users/z/work/lux/threshold/internal/test/timeout_handler.go:72 +0x26c
  github.com/luxfi/threshold/protocols/doerner.TestDoernerKeygenWithTimeout()
      /Users/z/work/lux/threshold/protocols/doerner/doerner_fixed_test.go:53 +0x100
  testing.tRunner()
      /opt/homebrew/Cellar/go/1.24.6/libexec/src/testing/testing.go:1792 +0x180
  testing.(*T).Run.gowrap1()
      /opt/homebrew/Cellar/go/1.24.6/libexec/src/testing/testing.go:1851 +0x40
==================
==================
WARNING: DATA RACE
Read at 0x00c0004880f0 by goroutine 134:
  github.com/luxfi/threshold/internal/ot.(*RandomOTReceiever).Round2()
      /Users/z/work/lux/threshold/internal/ot/random.go:169 +0x70
  github.com/luxfi/threshold/internal/ot.(*CorreOTSetupSender).Round2()
      /Users/z/work/lux/threshold/internal/ot/correlated.go:98 +0x6c
  github.com/luxfi/threshold/protocols/doerner/keygen.(*round2S).StoreMessage()
      /Users/z/work/lux/threshold/protocols/doerner/keygen/round2S.go:64 +0x1a4
  github.com/luxfi/threshold/pkg/protocol.(*Handler).verifyNormalForRound()
      /Users/z/work/lux/threshold/pkg/protocol/handler.go:1337 +0x43c
  github.com/luxfi/threshold/pkg/protocol.(*Handler).processQueuedMessages()
      /Users/z/work/lux/threshold/pkg/protocol/handler.go:1556 +0x550
  github.com/luxfi/threshold/pkg/protocol.(*Handler).initializeRound()
      /Users/z/work/lux/threshold/pkg/protocol/handler.go:935 +0x17c
  github.com/luxfi/threshold/pkg/protocol.(*Handler).tryAdvanceRound.gowrap1()
      /Users/z/work/lux/threshold/pkg/protocol/handler.go:670 +0x4c

Previous write at 0x00c0004880f0 by goroutine 92:
  github.com/luxfi/threshold/internal/ot.(*CorreOTSetupSender).Round1()
      /Users/z/work/lux/threshold/internal/ot/correlated.go:71 +0x2cc
  github.com/luxfi/threshold/protocols/doerner/keygen.(*round1S).StoreMessage()
      /Users/z/work/lux/threshold/protocols/doerner/keygen/round1S.go:77 +0x9c
  github.com/luxfi/threshold/pkg/protocol.(*Handler).verifyNormalForRound()
      /Users/z/work/lux/threshold/pkg/protocol/handler.go:1337 +0x43c
  github.com/luxfi/threshold/pkg/protocol.(*Handler).processQueuedMessages()
      /Users/z/work/lux/threshold/pkg/protocol/handler.go:1521 +0x784
  github.com/luxfi/threshold/pkg/protocol.(*Handler).tryAdvanceRound()
      /Users/z/work/lux/threshold/pkg/protocol/handler.go:648 +0xe78
  github.com/luxfi/threshold/pkg/protocol.(*Handler).processMessage()
      /Users/z/work/lux/threshold/pkg/protocol/handler.go:486 +0xbb0
  github.com/luxfi/threshold/pkg/protocol.(*Handler).messageWorker()
      /Users/z/work/lux/threshold/pkg/protocol/handler.go:408 +0x338
  github.com/luxfi/threshold/pkg/protocol.(*Handler).startWorkers.gowrap1()
      /Users/z/work/lux/threshold/pkg/protocol/handler.go:355 +0x44

Goroutine 134 (running) created at:
  github.com/luxfi/threshold/pkg/protocol.(*Handler).tryAdvanceRound()
      /Users/z/work/lux/threshold/pkg/protocol/handler.go:670 +0x1258
  github.com/luxfi/threshold/pkg/protocol.(*Handler).processMessage()
      /Users/z/work/lux/threshold/pkg/protocol/handler.go:486 +0xbb0
  github.com/luxfi/threshold/pkg/protocol.(*Handler).messageWorker()
      /Users/z/work/lux/threshold/pkg/protocol/handler.go:408 +0x338
  github.com/luxfi/threshold/pkg/protocol.(*Handler).startWorkers.gowrap1()
      /Users/z/work/lux/threshold/pkg/protocol/handler.go:355 +0x44

Goroutine 92 (running) created at:
  github.com/luxfi/threshold/pkg/protocol.(*Handler).startWorkers()
      /Users/z/work/lux/threshold/pkg/protocol/handler.go:355 +0x27c
  github.com/luxfi/threshold/pkg/protocol.NewHandler()
      /Users/z/work/lux/threshold/pkg/protocol/handler.go:247 +0xf10
  github.com/luxfi/threshold/protocols/doerner.TestDoernerKeygenWithTimeout.func1()
      /Users/z/work/lux/threshold/protocols/doerner/doerner_fixed_test.go:43 +0x5d4
  github.com/luxfi/threshold/internal/test.RunProtocolWithTimeoutNew()
      /Users/z/work/lux/threshold/internal/test/timeout_handler.go:72 +0x26c
  github.com/luxfi/threshold/protocols/doerner.TestDoernerKeygenWithTimeout()
      /Users/z/work/lux/threshold/protocols/doerner/doerner_fixed_test.go:53 +0x100
  testing.tRunner()
      /opt/homebrew/Cellar/go/1.24.6/libexec/src/testing/testing.go:1792 +0x180
  testing.(*T).Run.gowrap1()
      /opt/homebrew/Cellar/go/1.24.6/libexec/src/testing/testing.go:1851 +0x40
==================
==================
WARNING: DATA RACE
Read at 0x00c000488120 by goroutine 134:
  runtime.slicecopy()
      /opt/homebrew/Cellar/go/1.24.6/libexec/src/runtime/slice.go:355 +0x0
  github.com/zeebo/blake3.(*hasher).updateString()
      /Users/z/go/pkg/mod/github.com/zeebo/blake3@v0.2.4/blake3.go:47 +0x148
  github.com/zeebo/blake3.(*hasher).update()
      /Users/z/go/pkg/mod/github.com/zeebo/blake3@v0.2.4/blake3.go:35 +0x168
  github.com/zeebo/blake3.(*Hasher).Write()
      /Users/z/go/pkg/mod/github.com/zeebo/blake3@v0.2.4/api.go:89 +0x120
  github.com/luxfi/threshold/internal/ot.(*RandomOTReceiever).Round2()
      /Users/z/work/lux/threshold/internal/ot/random.go:170 +0x84
  github.com/luxfi/threshold/internal/ot.(*CorreOTSetupSender).Round2()
      /Users/z/work/lux/threshold/internal/ot/correlated.go:98 +0x6c
  github.com/luxfi/threshold/protocols/doerner/keygen.(*round2S).StoreMessage()
      /Users/z/work/lux/threshold/protocols/doerner/keygen/round2S.go:64 +0x1a4
  github.com/luxfi/threshold/pkg/protocol.(*Handler).verifyNormalForRound()
      /Users/z/work/lux/threshold/pkg/protocol/handler.go:1337 +0x43c
  github.com/luxfi/threshold/pkg/protocol.(*Handler).processQueuedMessages()
      /Users/z/work/lux/threshold/pkg/protocol/handler.go:1556 +0x550
  github.com/luxfi/threshold/pkg/protocol.(*Handler).initializeRound()
      /Users/z/work/lux/threshold/pkg/protocol/handler.go:935 +0x17c
  github.com/luxfi/threshold/pkg/protocol.(*Handler).tryAdvanceRound.gowrap1()
      /Users/z/work/lux/threshold/pkg/protocol/handler.go:670 +0x4c

Previous write at 0x00c000488120 by goroutine 92:
  github.com/luxfi/threshold/internal/ot.(*CorreOTSetupSender).Round1()
      /Users/z/work/lux/threshold/internal/ot/correlated.go:71 +0x2cc
  github.com/luxfi/threshold/protocols/doerner/keygen.(*round1S).StoreMessage()
      /Users/z/work/lux/threshold/protocols/doerner/keygen/round1S.go:77 +0x9c
  github.com/luxfi/threshold/pkg/protocol.(*Handler).verifyNormalForRound()
      /Users/z/work/lux/threshold/pkg/protocol/handler.go:1337 +0x43c
  github.com/luxfi/threshold/pkg/protocol.(*Handler).processQueuedMessages()
      /Users/z/work/lux/threshold/pkg/protocol/handler.go:1521 +0x784
  github.com/luxfi/threshold/pkg/protocol.(*Handler).tryAdvanceRound()
      /Users/z/work/lux/threshold/pkg/protocol/handler.go:648 +0xe78
  github.com/luxfi/threshold/pkg/protocol.(*Handler).processMessage()
      /Users/z/work/lux/threshold/pkg/protocol/handler.go:486 +0xbb0
  github.com/luxfi/threshold/pkg/protocol.(*Handler).messageWorker()
      /Users/z/work/lux/threshold/pkg/protocol/handler.go:408 +0x338
  github.com/luxfi/threshold/pkg/protocol.(*Handler).startWorkers.gowrap1()
      /Users/z/work/lux/threshold/pkg/protocol/handler.go:355 +0x44

Goroutine 134 (running) created at:
  github.com/luxfi/threshold/pkg/protocol.(*Handler).tryAdvanceRound()
      /Users/z/work/lux/threshold/pkg/protocol/handler.go:670 +0x1258
  github.com/luxfi/threshold/pkg/protocol.(*Handler).processMessage()
      /Users/z/work/lux/threshold/pkg/protocol/handler.go:486 +0xbb0
  github.com/luxfi/threshold/pkg/protocol.(*Handler).messageWorker()
      /Users/z/work/lux/threshold/pkg/protocol/handler.go:408 +0x338
  github.com/luxfi/threshold/pkg/protocol.(*Handler).startWorkers.gowrap1()
      /Users/z/work/lux/threshold/pkg/protocol/handler.go:355 +0x44

Goroutine 92 (running) created at:
  github.com/luxfi/threshold/pkg/protocol.(*Handler).startWorkers()
      /Users/z/work/lux/threshold/pkg/protocol/handler.go:355 +0x27c
  github.com/luxfi/threshold/pkg/protocol.NewHandler()
      /Users/z/work/lux/threshold/pkg/protocol/handler.go:247 +0xf10
  github.com/luxfi/threshold/protocols/doerner.TestDoernerKeygenWithTimeout.func1()
      /Users/z/work/lux/threshold/protocols/doerner/doerner_fixed_test.go:43 +0x5d4
  github.com/luxfi/threshold/internal/test.RunProtocolWithTimeoutNew()
      /Users/z/work/lux/threshold/internal/test/timeout_handler.go:72 +0x26c
  github.com/luxfi/threshold/protocols/doerner.TestDoernerKeygenWithTimeout()
      /Users/z/work/lux/threshold/protocols/doerner/doerner_fixed_test.go:53 +0x100
  testing.tRunner()
      /opt/homebrew/Cellar/go/1.24.6/libexec/src/testing/testing.go:1792 +0x180
  testing.(*T).Run.gowrap1()
      /opt/homebrew/Cellar/go/1.24.6/libexec/src/testing/testing.go:1851 +0x40
==================
==================
WARNING: DATA RACE
Read at 0x00c000488108 by goroutine 134:
  github.com/luxfi/threshold/internal/ot.(*RandomOTReceiever).Round2()
      /Users/z/work/lux/threshold/internal/ot/random.go:178 +0x310
  github.com/luxfi/threshold/internal/ot.(*CorreOTSetupSender).Round2()
      /Users/z/work/lux/threshold/internal/ot/correlated.go:98 +0x6c
  github.com/luxfi/threshold/protocols/doerner/keygen.(*round2S).StoreMessage()
      /Users/z/work/lux/threshold/protocols/doerner/keygen/round2S.go:64 +0x1a4
  github.com/luxfi/threshold/pkg/protocol.(*Handler).verifyNormalForRound()
      /Users/z/work/lux/threshold/pkg/protocol/handler.go:1337 +0x43c
  github.com/luxfi/threshold/pkg/protocol.(*Handler).processQueuedMessages()
      /Users/z/work/lux/threshold/pkg/protocol/handler.go:1556 +0x550
  github.com/luxfi/threshold/pkg/protocol.(*Handler).initializeRound()
      /Users/z/work/lux/threshold/pkg/protocol/handler.go:935 +0x17c
  github.com/luxfi/threshold/pkg/protocol.(*Handler).tryAdvanceRound.gowrap1()
      /Users/z/work/lux/threshold/pkg/protocol/handler.go:670 +0x4c

Previous write at 0x00c000488108 by goroutine 92:
  github.com/luxfi/threshold/internal/ot.(*CorreOTSetupSender).Round1()
      /Users/z/work/lux/threshold/internal/ot/correlated.go:71 +0x2cc
  github.com/luxfi/threshold/protocols/doerner/keygen.(*round1S).StoreMessage()
      /Users/z/work/lux/threshold/protocols/doerner/keygen/round1S.go:77 +0x9c
  github.com/luxfi/threshold/pkg/protocol.(*Handler).verifyNormalForRound()
      /Users/z/work/lux/threshold/pkg/protocol/handler.go:1337 +0x43c
  github.com/luxfi/threshold/pkg/protocol.(*Handler).processQueuedMessages()
      /Users/z/work/lux/threshold/pkg/protocol/handler.go:1521 +0x784
  github.com/luxfi/threshold/pkg/protocol.(*Handler).tryAdvanceRound()
      /Users/z/work/lux/threshold/pkg/protocol/handler.go:648 +0xe78
  github.com/luxfi/threshold/pkg/protocol.(*Handler).processMessage()
      /Users/z/work/lux/threshold/pkg/protocol/handler.go:486 +0xbb0
  github.com/luxfi/threshold/pkg/protocol.(*Handler).messageWorker()
      /Users/z/work/lux/threshold/pkg/protocol/handler.go:408 +0x338
  github.com/luxfi/threshold/pkg/protocol.(*Handler).startWorkers.gowrap1()
      /Users/z/work/lux/threshold/pkg/protocol/handler.go:355 +0x44

Goroutine 134 (running) created at:
  github.com/luxfi/threshold/pkg/protocol.(*Handler).tryAdvanceRound()
      /Users/z/work/lux/threshold/pkg/protocol/handler.go:670 +0x1258
  github.com/luxfi/threshold/pkg/protocol.(*Handler).processMessage()
      /Users/z/work/lux/threshold/pkg/protocol/handler.go:486 +0xbb0
  github.com/luxfi/threshold/pkg/protocol.(*Handler).messageWorker()
      /Users/z/work/lux/threshold/pkg/protocol/handler.go:408 +0x338
  github.com/luxfi/threshold/pkg/protocol.(*Handler).startWorkers.gowrap1()
      /Users/z/work/lux/threshold/pkg/protocol/handler.go:355 +0x44

Goroutine 92 (running) created at:
  github.com/luxfi/threshold/pkg/protocol.(*Handler).startWorkers()
      /Users/z/work/lux/threshold/pkg/protocol/handler.go:355 +0x27c
  github.com/luxfi/threshold/pkg/protocol.NewHandler()
      /Users/z/work/lux/threshold/pkg/protocol/handler.go:247 +0xf10
  github.com/luxfi/threshold/protocols/doerner.TestDoernerKeygenWithTimeout.func1()
      /Users/z/work/lux/threshold/protocols/doerner/doerner_fixed_test.go:43 +0x5d4
  github.com/luxfi/threshold/internal/test.RunProtocolWithTimeoutNew()
      /Users/z/work/lux/threshold/internal/test/timeout_handler.go:72 +0x26c
  github.com/luxfi/threshold/protocols/doerner.TestDoernerKeygenWithTimeout()
      /Users/z/work/lux/threshold/protocols/doerner/doerner_fixed_test.go:53 +0x100
  testing.tRunner()
      /opt/homebrew/Cellar/go/1.24.6/libexec/src/testing/testing.go:1792 +0x180
  testing.(*T).Run.gowrap1()
      /opt/homebrew/Cellar/go/1.24.6/libexec/src/testing/testing.go:1851 +0x40
==================
==================
WARNING: DATA RACE
Read at 0x00c0007aea88 by goroutine 15:
  github.com/zeebo/blake3.(*hasher).updateString()
      /Users/z/go/pkg/mod/github.com/zeebo/blake3@v0.2.4/blake3.go:42 +0x3c
  github.com/zeebo/blake3.(*hasher).update()
      /Users/z/go/pkg/mod/github.com/zeebo/blake3@v0.2.4/blake3.go:35 +0x308
  github.com/zeebo/blake3.(*Hasher).Write()
      /Users/z/go/pkg/mod/github.com/zeebo/blake3@v0.2.4/api.go:89 +0x2b4
  github.com/luxfi/threshold/internal/ot.(*RandomOTReceiever).Round1()
      /Users/z/work/lux/threshold/internal/ot/random.go:152 +0x2a4
  github.com/luxfi/threshold/internal/ot.(*CorreOTSetupSender).Round1.func1()
      /Users/z/work/lux/threshold/internal/ot/correlated.go:77 +0x5c
  github.com/luxfi/threshold/pkg/pool.worker()
      /Users/z/work/lux/threshold/pkg/pool/pool.go:76 +0xc4
  github.com/luxfi/threshold/pkg/pool.NewPool.gowrap1()
      /Users/z/work/lux/threshold/pkg/pool/pool.go:119 +0x34

Previous write at 0x00c0007aea88 by goroutine 134:
  github.com/zeebo/blake3.(*hasher).reset()
      /Users/z/go/pkg/mod/github.com/zeebo/blake3@v0.2.4/blake3.go:26 +0xc0
  github.com/zeebo/blake3.(*Hasher).Reset()
      /Users/z/go/pkg/mod/github.com/zeebo/blake3@v0.2.4/api.go:102 +0x80
  github.com/luxfi/threshold/internal/ot.(*RandomOTReceiever).Round2()
      /Users/z/work/lux/threshold/internal/ot/random.go:169 +0x70
  github.com/luxfi/threshold/internal/ot.(*CorreOTSetupSender).Round2()
      /Users/z/work/lux/threshold/internal/ot/correlated.go:98 +0x6c
  github.com/luxfi/threshold/protocols/doerner/keygen.(*round2S).StoreMessage()
      /Users/z/work/lux/threshold/protocols/doerner/keygen/round2S.go:64 +0x1a4
  github.com/luxfi/threshold/pkg/protocol.(*Handler).verifyNormalForRound()
      /Users/z/work/lux/threshold/pkg/protocol/handler.go:1337 +0x43c
  github.com/luxfi/threshold/pkg/protocol.(*Handler).processQueuedMessages()
      /Users/z/work/lux/threshold/pkg/protocol/handler.go:1556 +0x550
  github.com/luxfi/threshold/pkg/protocol.(*Handler).initializeRound()
      /Users/z/work/lux/threshold/pkg/protocol/handler.go:935 +0x17c
  github.com/luxfi/threshold/pkg/protocol.(*Handler).tryAdvanceRound.gowrap1()
      /Users/z/work/lux/threshold/pkg/protocol/handler.go:670 +0x4c

Goroutine 15 (running) created at:
  github.com/luxfi/threshold/pkg/pool.NewPool()
      /Users/z/work/lux/threshold/pkg/pool/pool.go:119 +0xec
  github.com/luxfi/threshold/protocols/doerner.TestDoernerKeygenWithTimeout()
      /Users/z/work/lux/threshold/protocols/doerner/doerner_fixed_test.go:24 +0x44
  testing.tRunner()
      /opt/homebrew/Cellar/go/1.24.6/libexec/src/testing/testing.go:1792 +0x180
  testing.(*T).Run.gowrap1()
      /opt/homebrew/Cellar/go/1.24.6/libexec/src/testing/testing.go:1851 +0x40

Goroutine 134 (running) created at:
  github.com/luxfi/threshold/pkg/protocol.(*Handler).tryAdvanceRound()
      /Users/z/work/lux/threshold/pkg/protocol/handler.go:670 +0x1258
  github.com/luxfi/threshold/pkg/protocol.(*Handler).processMessage()
      /Users/z/work/lux/threshold/pkg/protocol/handler.go:486 +0xbb0
  github.com/luxfi/threshold/pkg/protocol.(*Handler).messageWorker()
      /Users/z/work/lux/threshold/pkg/protocol/handler.go:408 +0x338
  github.com/luxfi/threshold/pkg/protocol.(*Handler).startWorkers.gowrap1()
      /Users/z/work/lux/threshold/pkg/protocol/handler.go:355 +0x44
==================
==================
WARNING: DATA RACE
Read at 0x00c0007af4d8 by goroutine 15:
  runtime.slicecopy()
      /opt/homebrew/Cellar/go/1.24.6/libexec/src/runtime/slice.go:355 +0x0
  github.com/zeebo/blake3.compressAll()
      /Users/z/go/pkg/mod/github.com/zeebo/blake3@v0.2.4/blake3.go:276 +0x190
  github.com/zeebo/blake3.(*hasher).finalizeDigest()
      /Users/z/go/pkg/mod/github.com/zeebo/blake3@v0.2.4/blake3.go:76 +0x464
  github.com/zeebo/blake3.(*Hasher).Digest()
      /Users/z/go/pkg/mod/github.com/zeebo/blake3@v0.2.4/api.go:141 +0x344
  github.com/luxfi/threshold/internal/ot.(*RandomOTReceiever).Round1()
      /Users/z/work/lux/threshold/internal/ot/random.go:153 +0x2b8
  github.com/luxfi/threshold/internal/ot.(*CorreOTSetupSender).Round1.func1()
      /Users/z/work/lux/threshold/internal/ot/correlated.go:77 +0x5c
  github.com/luxfi/threshold/pkg/pool.worker()
      /Users/z/work/lux/threshold/pkg/pool/pool.go:76 +0xc4
  github.com/luxfi/threshold/pkg/pool.NewPool.gowrap1()
      /Users/z/work/lux/threshold/pkg/pool/pool.go:119 +0x34

Previous write at 0x00c0007af4d8 by goroutine 134:
  runtime.slicecopy()
      /opt/homebrew/Cellar/go/1.24.6/libexec/src/runtime/slice.go:355 +0x0
  github.com/zeebo/blake3.(*hasher).updateString()
      /Users/z/go/pkg/mod/github.com/zeebo/blake3@v0.2.4/blake3.go:47 +0x148
  github.com/zeebo/blake3.(*hasher).update()
      /Users/z/go/pkg/mod/github.com/zeebo/blake3@v0.2.4/blake3.go:35 +0x2a0
  github.com/zeebo/blake3.(*Hasher).Write()
      /Users/z/go/pkg/mod/github.com/zeebo/blake3@v0.2.4/api.go:89 +0x258
  github.com/luxfi/threshold/internal/ot.(*RandomOTReceiever).Round2()
      /Users/z/work/lux/threshold/internal/ot/random.go:173 +0x248
  github.com/luxfi/threshold/internal/ot.(*CorreOTSetupSender).Round2()
      /Users/z/work/lux/threshold/internal/ot/correlated.go:98 +0x6c
  github.com/luxfi/threshold/protocols/doerner/keygen.(*round2S).StoreMessage()
      /Users/z/work/lux/threshold/protocols/doerner/keygen/round2S.go:64 +0x1a4
  github.com/luxfi/threshold/pkg/protocol.(*Handler).verifyNormalForRound()
      /Users/z/work/lux/threshold/pkg/protocol/handler.go:1337 +0x43c
  github.com/luxfi/threshold/pkg/protocol.(*Handler).processQueuedMessages()
      /Users/z/work/lux/threshold/pkg/protocol/handler.go:1556 +0x550
  github.com/luxfi/threshold/pkg/protocol.(*Handler).initializeRound()
      /Users/z/work/lux/threshold/pkg/protocol/handler.go:935 +0x17c
  github.com/luxfi/threshold/pkg/protocol.(*Handler).tryAdvanceRound.gowrap1()
      /Users/z/work/lux/threshold/pkg/protocol/handler.go:670 +0x4c

Goroutine 15 (running) created at:
  github.com/luxfi/threshold/pkg/pool.NewPool()
      /Users/z/work/lux/threshold/pkg/pool/pool.go:119 +0xec
  github.com/luxfi/threshold/protocols/doerner.TestDoernerKeygenWithTimeout()
      /Users/z/work/lux/threshold/protocols/doerner/doerner_fixed_test.go:24 +0x44
  testing.tRunner()
      /opt/homebrew/Cellar/go/1.24.6/libexec/src/testing/testing.go:1792 +0x180
  testing.(*T).Run.gowrap1()
      /opt/homebrew/Cellar/go/1.24.6/libexec/src/testing/testing.go:1851 +0x40

Goroutine 134 (running) created at:
  github.com/luxfi/threshold/pkg/protocol.(*Handler).tryAdvanceRound()
      /Users/z/work/lux/threshold/pkg/protocol/handler.go:670 +0x1258
  github.com/luxfi/threshold/pkg/protocol.(*Handler).processMessage()
      /Users/z/work/lux/threshold/pkg/protocol/handler.go:486 +0xbb0
  github.com/luxfi/threshold/pkg/protocol.(*Handler).messageWorker()
      /Users/z/work/lux/threshold/pkg/protocol/handler.go:408 +0x338
  github.com/luxfi/threshold/pkg/protocol.(*Handler).startWorkers.gowrap1()
      /Users/z/work/lux/threshold/pkg/protocol/handler.go:355 +0x44
==================
2025-08-15T22:12:53.419-0500	DEBUG	protocol/handler.go:1649	have all messages and processed	{"{round 20 2  <nil>}": {"Key":"self","Type":15,"Integer":0,"String":"b","Interface":null}}
2025-08-15T22:12:53.419-0500	DEBUG	protocol/handler.go:954	round already being initialized/finalized, skipping
2025-08-15T22:12:53.487-0500	ERROR	protocol/handler.go:735	protocol failed
2025-08-15T22:12:53.500-0500	ERROR	protocol/handler.go:735	protocol failed
2025-08-15T22:12:53.500-0500	INFO	protocol/handler.go:828	stopping protocol handler
2025-08-15T22:12:53.500-0500	INFO	protocol/handler.go:851	protocol handler stopped	{"{messages_processed 18 2  <nil>}": {"Key":"rounds_completed","Type":18,"Integer":2,"String":"","Interface":null}}
2025-08-15T22:12:53.500-0500	INFO	protocol/handler.go:828	stopping protocol handler
2025-08-15T22:12:53.690-0500	DEBUG	protocol/handler.go:664	round needs immediate initialization (P2P-only round)
2025-08-15T22:12:53.690-0500	DEBUG	protocol/handler.go:403	worker stopping
2025-08-15T22:12:53.690-0500	DEBUG	protocol/handler.go:930	initializing round
2025-08-15T22:12:53.690-0500	DEBUG	protocol/handler.go:1503	processing queued messages
2025-08-15T22:12:53.694-0500	INFO	protocol/handler.go:851	protocol handler stopped	{"{messages_processed 18 3  <nil>}": {"Key":"rounds_completed","Type":18,"Integer":1,"String":"","Interface":null}}
--- FAIL: TestDoernerKeygenWithTimeout (2.16s)
    doerner_fixed_test.go:57: Protocol timed out as expected: culprits: [b]: RandomOTSender Round2: invalid response
    testing.go:1490: race detected during execution of test
FAIL
FAIL	github.com/luxfi/threshold/protocols/doerner	2.403s
?   	github.com/luxfi/threshold/protocols/doerner/keygen	[no test files]
?   	github.com/luxfi/threshold/protocols/doerner/sign	[no test files]
?   	github.com/luxfi/threshold/protocols/example	[no test files]
?   	github.com/luxfi/threshold/protocols/example/xor	[no test files]
2025-08-15T22:12:55.205-0500	INFO	protocol/handler.go:240	starting protocol handler	{"{protocol 15 0 frost/keygen-threshold <nil>}": {"Key":"workers","Type":11,"Integer":4,"String":"","Interface":null}, "{parties 11 3  <nil>}": {"Key":"threshold","Type":11,"Integer":2,"String":"","Interface":null}}
2025-08-15T22:12:55.207-0500	DEBUG	protocol/handler.go:348	starting worker pools	{"{workers 11 4  <nil>}": {"Key":"priority","Type":11,"Integer":4,"String":"","Interface":null}}
2025-08-15T22:12:55.208-0500	DEBUG	protocol/handler.go:391	worker started	{"{id 11 2  <nil>}": {"Key":"priority","Type":4,"Integer":1,"String":"","Interface":null}}
2025-08-15T22:12:55.208-0500	DEBUG	protocol/handler.go:391	worker started	{"{id 11 0  <nil>}": {"Key":"priority","Type":4,"Integer":1,"String":"","Interface":null}}
2025-08-15T22:12:55.208-0500	DEBUG	protocol/handler.go:391	worker started	{"{id 11 3  <nil>}": {"Key":"priority","Type":4,"Integer":0,"String":"","Interface":null}}
2025-08-15T22:12:55.208-0500	DEBUG	protocol/handler.go:391	worker started	{"{id 11 1  <nil>}": {"Key":"priority","Type":4,"Integer":0,"String":"","Interface":null}}
2025-08-15T22:12:55.208-0500	DEBUG	protocol/handler.go:391	worker started	{"{id 11 2  <nil>}": {"Key":"priority","Type":4,"Integer":0,"String":"","Interface":null}}
2025-08-15T22:12:55.208-0500	DEBUG	protocol/handler.go:391	worker started	{"{id 11 3  <nil>}": {"Key":"priority","Type":4,"Integer":1,"String":"","Interface":null}}
2025-08-15T22:12:55.208-0500	DEBUG	protocol/handler.go:391	worker started	{"{id 11 1  <nil>}": {"Key":"priority","Type":4,"Integer":1,"String":"","Interface":null}}
2025-08-15T22:12:55.209-0500	DEBUG	protocol/handler.go:930	initializing round
2025-08-15T22:12:55.209-0500	INFO	protocol/handler.go:240	starting protocol handler	{"{protocol 15 0 frost/keygen-threshold <nil>}": {"Key":"workers","Type":11,"Integer":4,"String":"","Interface":null}, "{parties 11 3  <nil>}": {"Key":"threshold","Type":11,"Integer":2,"String":"","Interface":null}}
2025-08-15T22:12:55.209-0500	DEBUG	protocol/handler.go:1503	processing queued messages
2025-08-15T22:12:55.209-0500	DEBUG	protocol/handler.go:348	starting worker pools	{"{workers 11 4  <nil>}": {"Key":"priority","Type":11,"Integer":4,"String":"","Interface":null}}
2025-08-15T22:12:55.209-0500	DEBUG	protocol/handler.go:391	worker started	{"{id 11 1  <nil>}": {"Key":"priority","Type":4,"Integer":0,"String":"","Interface":null}}
2025-08-15T22:12:55.209-0500	DEBUG	protocol/handler.go:391	worker started	{"{id 11 2  <nil>}": {"Key":"priority","Type":4,"Integer":0,"String":"","Interface":null}}
2025-08-15T22:12:55.209-0500	DEBUG	protocol/handler.go:391	worker started	{"{id 11 0  <nil>}": {"Key":"priority","Type":4,"Integer":0,"String":"","Interface":null}}
2025-08-15T22:12:55.209-0500	DEBUG	protocol/handler.go:930	initializing round
2025-08-15T22:12:55.209-0500	DEBUG	protocol/handler.go:1503	processing queued messages
2025-08-15T22:12:55.209-0500	DEBUG	protocol/handler.go:391	worker started	{"{id 11 3  <nil>}": {"Key":"priority","Type":4,"Integer":0,"String":"","Interface":null}}
2025-08-15T22:12:55.209-0500	DEBUG	protocol/handler.go:391	worker started	{"{id 11 3  <nil>}": {"Key":"priority","Type":4,"Integer":1,"String":"","Interface":null}}
2025-08-15T22:12:55.209-0500	INFO	protocol/handler.go:240	starting protocol handler	{"{protocol 15 0 frost/keygen-threshold <nil>}": {"Key":"workers","Type":11,"Integer":4,"String":"","Interface":null}, "{parties 11 3  <nil>}": {"Key":"threshold","Type":11,"Integer":2,"String":"","Interface":null}}
2025-08-15T22:12:55.209-0500	DEBUG	protocol/handler.go:391	worker started	{"{id 11 1  <nil>}": {"Key":"priority","Type":4,"Integer":1,"String":"","Interface":null}}
2025-08-15T22:12:55.209-0500	DEBUG	protocol/handler.go:348	starting worker pools	{"{workers 11 4  <nil>}": {"Key":"priority","Type":11,"Integer":4,"String":"","Interface":null}}
2025-08-15T22:12:55.209-0500	DEBUG	protocol/handler.go:391	worker started	{"{id 11 0  <nil>}": {"Key":"priority","Type":4,"Integer":1,"String":"","Interface":null}}
2025-08-15T22:12:55.209-0500	DEBUG	protocol/handler.go:391	worker started	{"{id 11 2  <nil>}": {"Key":"priority","Type":4,"Integer":1,"String":"","Interface":null}}
2025-08-15T22:12:55.209-0500	DEBUG	protocol/handler.go:391	worker started	{"{id 11 2  <nil>}": {"Key":"priority","Type":4,"Integer":1,"String":"","Interface":null}}
2025-08-15T22:12:55.209-0500	DEBUG	protocol/handler.go:391	worker started	{"{id 11 0  <nil>}": {"Key":"priority","Type":4,"Integer":1,"String":"","Interface":null}}
2025-08-15T22:12:55.209-0500	DEBUG	protocol/handler.go:391	worker started	{"{id 11 3  <nil>}": {"Key":"priority","Type":4,"Integer":1,"String":"","Interface":null}}
2025-08-15T22:12:55.210-0500	DEBUG	protocol/handler.go:930	initializing round
2025-08-15T22:12:55.210-0500	DEBUG	protocol/handler.go:391	worker started	{"{id 11 2  <nil>}": {"Key":"priority","Type":4,"Integer":0,"String":"","Interface":null}}
2025-08-15T22:12:55.208-0500	DEBUG	protocol/handler.go:391	worker started	{"{id 11 0  <nil>}": {"Key":"priority","Type":4,"Integer":0,"String":"","Interface":null}}
2025-08-15T22:12:55.210-0500	DEBUG	protocol/handler.go:1503	processing queued messages
2025-08-15T22:12:55.210-0500	DEBUG	protocol/handler.go:391	worker started	{"{id 11 3  <nil>}": {"Key":"priority","Type":4,"Integer":0,"String":"","Interface":null}}
2025-08-15T22:12:55.210-0500	DEBUG	protocol/handler.go:391	worker started	{"{id 11 1  <nil>}": {"Key":"priority","Type":4,"Integer":0,"String":"","Interface":null}}
2025-08-15T22:12:55.210-0500	DEBUG	protocol/handler.go:391	worker started	{"{id 11 1  <nil>}": {"Key":"priority","Type":4,"Integer":1,"String":"","Interface":null}}
2025-08-15T22:12:55.210-0500	DEBUG	protocol/handler.go:391	worker started	{"{id 11 0  <nil>}": {"Key":"priority","Type":4,"Integer":0,"String":"","Interface":null}}
2025-08-15T22:12:55.219-0500	INFO	protocol/handler.go:560	advanced to round
2025-08-15T22:12:55.219-0500	DEBUG	protocol/handler.go:581	tryAdvanceRound called	{"{current_round 20 1  <nil>}": {"Key":"self","Type":15,"Integer":0,"String":"b","Interface":null}}
2025-08-15T22:12:55.220-0500	DEBUG	protocol/handler.go:1649	have all messages and processed	{"{round 20 1  <nil>}": {"Key":"self","Type":15,"Integer":0,"String":"b","Interface":null}}
2025-08-15T22:12:55.220-0500	DEBUG	protocol/handler.go:619	finalizing round
2025-08-15T22:12:55.220-0500	INFO	protocol/handler.go:560	advanced to round
2025-08-15T22:12:55.220-0500	INFO	protocol/handler.go:560	advanced to round
2025-08-15T22:12:55.220-0500	DEBUG	protocol/handler.go:581	tryAdvanceRound called	{"{current_round 20 1  <nil>}": {"Key":"self","Type":15,"Integer":0,"String":"a","Interface":null}}
2025-08-15T22:12:55.220-0500	DEBUG	protocol/handler.go:581	tryAdvanceRound called	{"{current_round 20 1  <nil>}": {"Key":"self","Type":15,"Integer":0,"String":"c","Interface":null}}
2025-08-15T22:12:55.220-0500	DEBUG	protocol/handler.go:1649	have all messages and processed	{"{round 20 1  <nil>}": {"Key":"self","Type":15,"Integer":0,"String":"a","Interface":null}}
2025-08-15T22:12:55.221-0500	DEBUG	protocol/handler.go:1649	have all messages and processed	{"{round 20 1  <nil>}": {"Key":"self","Type":15,"Integer":0,"String":"c","Interface":null}}
2025-08-15T22:12:55.221-0500	DEBUG	protocol/handler.go:619	finalizing round
2025-08-15T22:12:55.221-0500	DEBUG	protocol/handler.go:619	finalizing round
2025-08-15T22:12:55.230-0500	DEBUG	protocol/handler.go:954	round already being initialized/finalized, skipping
2025-08-15T22:12:55.230-0500	DEBUG	protocol/handler.go:954	round already being initialized/finalized, skipping
2025-08-15T22:12:55.230-0500	DEBUG	protocol/handler.go:954	round already being initialized/finalized, skipping
2025-08-15T22:12:55.708-0500	DEBUG	protocol/handler.go:1039	sendRoundMessage	{"{from 15 0 c <nil>}": {"Key":"to","Type":15,"Integer":0,"String":"","Interface":null}, "{round 20 2  <nil>}": {"Key":"broadcast","Type":4,"Integer":1,"String":"","Interface":null}}
2025-08-15T22:12:55.709-0500	DEBUG	protocol/handler.go:1039	sendRoundMessage	{"{from 15 0 a <nil>}": {"Key":"to","Type":15,"Integer":0,"String":"","Interface":null}, "{round 20 2  <nil>}": {"Key":"broadcast","Type":4,"Integer":1,"String":"","Interface":null}}
2025-08-15T22:12:55.710-0500	DEBUG	protocol/handler.go:1657	storing broadcast	{"{round 20 2  <nil>}": {"Key":"from","Type":15,"Integer":0,"String":"a","Interface":null}}
2025-08-15T22:12:55.710-0500	DEBUG	protocol/handler.go:1081	sent message to output channel	{"{from 15 0 a <nil>}": {"Key":"to","Type":15,"Integer":0,"String":"","Interface":null}, "{round 20 2  <nil>}": {"Key":"broadcast","Type":4,"Integer":1,"String":"","Interface":null}}
2025-08-15T22:12:55.710-0500	DEBUG	protocol/handler.go:1182	finalized round messages	{"{round 20 1  <nil>}": {"Key":"messages","Type":11,"Integer":1,"String":"","Interface":null}}
2025-08-15T22:12:55.710-0500	DEBUG	protocol/handler.go:1239	finalize returned next round	{"{current 20 1  <nil>}": {"Key":"next","Type":20,"Integer":2,"String":"","Interface":null}}
2025-08-15T22:12:55.710-0500	INFO	protocol/handler.go:642	storing new currentRound	{"{from 20 1  <nil>}": {"Key":"to","Type":20,"Integer":2,"String":"","Interface":null}}
2025-08-15T22:12:55.710-0500	DEBUG	protocol/handler.go:1503	processing queued messages
2025-08-15T22:12:55.710-0500	DEBUG	protocol/handler.go:437	processing message	{"{from 15 0 a <nil>}": {"Key":"to","Type":15,"Integer":0,"String":"","Interface":null}, "{round 20 2  <nil>}": {"Key":"broadcast","Type":4,"Integer":1,"String":"","Interface":null}}
2025-08-15T22:12:55.710-0500	DEBUG	protocol/handler.go:1503	processing queued messages
2025-08-15T22:12:55.710-0500	DEBUG	protocol/handler.go:437	processing message	{"{from 15 0 a <nil>}": {"Key":"to","Type":15,"Integer":0,"String":"","Interface":null}, "{round 20 2  <nil>}": {"Key":"broadcast","Type":4,"Integer":1,"String":"","Interface":null}}
2025-08-15T22:12:55.710-0500	DEBUG	protocol/handler.go:1657	storing broadcast	{"{round 20 2  <nil>}": {"Key":"from","Type":15,"Integer":0,"String":"a","Interface":null}}
2025-08-15T22:12:55.710-0500	DEBUG	protocol/handler.go:1657	storing broadcast	{"{round 20 2  <nil>}": {"Key":"from","Type":15,"Integer":0,"String":"a","Interface":null}}
2025-08-15T22:12:55.710-0500	DEBUG	protocol/handler.go:470	message for different round (buffering)	{"{msg_round 20 2  <nil>}": {"Key":"current_round","Type":20,"Integer":1,"String":"","Interface":null}}
2025-08-15T22:12:55.710-0500	DEBUG	protocol/handler.go:470	message for different round (buffering)	{"{msg_round 20 2  <nil>}": {"Key":"current_round","Type":20,"Integer":1,"String":"","Interface":null}}
2025-08-15T22:12:55.710-0500	DEBUG	protocol/handler.go:581	tryAdvanceRound called	{"{current_round 20 1  <nil>}": {"Key":"self","Type":15,"Integer":0,"String":"b","Interface":null}}
2025-08-15T22:12:55.710-0500	INFO	protocol/handler.go:560	advanced to round
2025-08-15T22:12:55.710-0500	DEBUG	protocol/handler.go:1649	have all messages and processed	{"{round 20 1  <nil>}": {"Key":"self","Type":15,"Integer":0,"String":"b","Interface":null}}
2025-08-15T22:12:55.710-0500	DEBUG	protocol/handler.go:596	round already finalized
2025-08-15T22:12:55.710-0500	DEBUG	protocol/handler.go:581	tryAdvanceRound called	{"{current_round 20 2  <nil>}": {"Key":"self","Type":15,"Integer":0,"String":"a","Interface":null}}
2025-08-15T22:12:55.710-0500	DEBUG	protocol/handler.go:581	tryAdvanceRound called	{"{current_round 20 1  <nil>}": {"Key":"self","Type":15,"Integer":0,"String":"c","Interface":null}}
2025-08-15T22:12:55.711-0500	DEBUG	protocol/handler.go:1649	have all messages and processed	{"{round 20 1  <nil>}": {"Key":"self","Type":15,"Integer":0,"String":"c","Interface":null}}
2025-08-15T22:12:55.711-0500	DEBUG	protocol/handler.go:596	round already finalized
2025-08-15T22:12:55.711-0500	DEBUG	protocol/handler.go:1600	waiting for broadcasts	{"{round 20 2  <nil>}": {"Key":"missing","Type":15,"Integer":0,"String":"[b c]","Interface":null}}
2025-08-15T22:12:55.711-0500	DEBUG	protocol/handler.go:1657	storing broadcast	{"{round 20 2  <nil>}": {"Key":"from","Type":15,"Integer":0,"String":"c","Interface":null}}
2025-08-15T22:12:55.711-0500	DEBUG	protocol/handler.go:1081	sent message to output channel	{"{from 15 0 c <nil>}": {"Key":"to","Type":15,"Integer":0,"String":"","Interface":null}, "{round 20 2  <nil>}": {"Key":"broadcast","Type":4,"Integer":1,"String":"","Interface":null}}
2025-08-15T22:12:55.711-0500	DEBUG	protocol/handler.go:1182	finalized round messages	{"{round 20 1  <nil>}": {"Key":"messages","Type":11,"Integer":1,"String":"","Interface":null}}
2025-08-15T22:12:55.711-0500	DEBUG	protocol/handler.go:437	processing message	{"{from 15 0 c <nil>}": {"Key":"to","Type":15,"Integer":0,"String":"","Interface":null}, "{round 20 2  <nil>}": {"Key":"broadcast","Type":4,"Integer":1,"String":"","Interface":null}}
2025-08-15T22:12:55.711-0500	DEBUG	protocol/handler.go:437	processing message	{"{from 15 0 c <nil>}": {"Key":"to","Type":15,"Integer":0,"String":"","Interface":null}, "{round 20 2  <nil>}": {"Key":"broadcast","Type":4,"Integer":1,"String":"","Interface":null}}
2025-08-15T22:12:55.711-0500	DEBUG	protocol/handler.go:1657	storing broadcast	{"{round 20 2  <nil>}": {"Key":"from","Type":15,"Integer":0,"String":"c","Interface":null}}
2025-08-15T22:12:55.711-0500	DEBUG	protocol/handler.go:1239	finalize returned next round	{"{current 20 1  <nil>}": {"Key":"next","Type":20,"Integer":2,"String":"","Interface":null}}
2025-08-15T22:12:55.711-0500	DEBUG	protocol/handler.go:1657	storing broadcast	{"{round 20 2  <nil>}": {"Key":"from","Type":15,"Integer":0,"String":"c","Interface":null}}
2025-08-15T22:12:55.711-0500	DEBUG	protocol/handler.go:470	message for different round (buffering)	{"{msg_round 20 2  <nil>}": {"Key":"current_round","Type":20,"Integer":1,"String":"","Interface":null}}
2025-08-15T22:12:55.711-0500	INFO	protocol/handler.go:642	storing new currentRound	{"{from 20 1  <nil>}": {"Key":"to","Type":20,"Integer":2,"String":"","Interface":null}}
2025-08-15T22:12:55.711-0500	DEBUG	protocol/handler.go:581	tryAdvanceRound called	{"{current_round 20 1  <nil>}": {"Key":"self","Type":15,"Integer":0,"String":"b","Interface":null}}
2025-08-15T22:12:55.711-0500	DEBUG	protocol/handler.go:1503	processing queued messages
2025-08-15T22:12:55.711-0500	INFO	protocol/handler.go:560	advanced to round
2025-08-15T22:12:55.711-0500	DEBUG	protocol/handler.go:1649	have all messages and processed	{"{round 20 1  <nil>}": {"Key":"self","Type":15,"Integer":0,"String":"b","Interface":null}}
2025-08-15T22:12:55.712-0500	DEBUG	protocol/handler.go:596	round already finalized
2025-08-15T22:12:55.712-0500	DEBUG	protocol/handler.go:1503	processing queued messages
2025-08-15T22:12:55.712-0500	DEBUG	protocol/handler.go:581	tryAdvanceRound called	{"{current_round 20 2  <nil>}": {"Key":"self","Type":15,"Integer":0,"String":"c","Interface":null}}
==================
WARNING: DATA RACE
Write at 0x00c00022a25c by goroutine 122:
  ??()
      -:0 +0x104ada650
  sync/atomic.CompareAndSwapInt32()
      <autogenerated>:1 +0x18
  sync.(*Mutex).Lock()
      /opt/homebrew/Cellar/go/1.24.6/libexec/src/sync/mutex.go:46 +0x2c
  github.com/luxfi/threshold/protocols/frost/keygen.(*round2).StoreBroadcastMessage()
      /Users/z/work/lux/threshold/protocols/frost/keygen/round2.go:57 +0x58
  github.com/luxfi/threshold/pkg/protocol.(*Handler).verifyBroadcastForRound()
      /Users/z/work/lux/threshold/pkg/protocol/handler.go:1277 +0x3a0
  github.com/luxfi/threshold/pkg/protocol.(*Handler).processQueuedMessages()
      /Users/z/work/lux/threshold/pkg/protocol/handler.go:1542 +0x404
  github.com/luxfi/threshold/pkg/protocol.(*Handler).tryAdvanceRound.gowrap2()
      /Users/z/work/lux/threshold/pkg/protocol/handler.go:673 +0x40

Previous read at 0x00c00022a258 by goroutine 99:
  github.com/luxfi/threshold/protocols/frost/keygen.(*round2).Number()
      <autogenerated>:1 +0x38
  github.com/luxfi/threshold/pkg/protocol.(*Handler).tryAdvanceRound()
      /Users/z/work/lux/threshold/pkg/protocol/handler.go:587 +0x280
  github.com/luxfi/threshold/pkg/protocol.(*Handler).roundProcessor()
      /Users/z/work/lux/threshold/pkg/protocol/handler.go:569 +0xb4
  github.com/luxfi/threshold/pkg/protocol.(*Handler).startWorkers.func1()
      /Users/z/work/lux/threshold/pkg/protocol/handler.go:374 +0x78

Goroutine 122 (running) created at:
  github.com/luxfi/threshold/pkg/protocol.(*Handler).tryAdvanceRound()
      /Users/z/work/lux/threshold/pkg/protocol/handler.go:673 +0x12e4
  github.com/luxfi/threshold/pkg/protocol.(*Handler).roundProcessor()
      /Users/z/work/lux/threshold/pkg/protocol/handler.go:569 +0xb4
  github.com/luxfi/threshold/pkg/protocol.(*Handler).startWorkers.func1()
      /Users/z/work/lux/threshold/pkg/protocol/handler.go:374 +0x78

Goroutine 99 (running) created at:
  github.com/luxfi/threshold/pkg/protocol.(*Handler).startWorkers()
      /Users/z/work/lux/threshold/pkg/protocol/handler.go:372 +0x4fc
  github.com/luxfi/threshold/pkg/protocol.NewHandler()
      /Users/z/work/lux/threshold/pkg/protocol/handler.go:247 +0xf10
  github.com/luxfi/threshold/internal/test.(*Harness).CreateHandler()
      /Users/z/work/lux/threshold/internal/test/harness.go:91 +0x2e4
  github.com/luxfi/threshold/internal/test.RunProtocol()
      /Users/z/work/lux/threshold/internal/test/harness.go:270 +0x230
  github.com/luxfi/threshold/protocols/frost.TestDebugShares()
      /Users/z/work/lux/threshold/protocols/frost/debug_shares_test.go:21 +0x110
  testing.tRunner()
      /opt/homebrew/Cellar/go/1.24.6/libexec/src/testing/testing.go:1792 +0x180
  testing.(*T).Run.gowrap1()
      /opt/homebrew/Cellar/go/1.24.6/libexec/src/testing/testing.go:1851 +0x40
==================
2025-08-15T22:12:55.717-0500	DEBUG	protocol/handler.go:581	tryAdvanceRound called	{"{current_round 20 2  <nil>}": {"Key":"self","Type":15,"Integer":0,"String":"a","Interface":null}}
2025-08-15T22:12:55.717-0500	DEBUG	protocol/handler.go:1591	have processed broadcast	{"{round 20 2  <nil>}": {"Key":"from","Type":15,"Integer":0,"String":"c","Interface":null}}
2025-08-15T22:12:55.718-0500	DEBUG	protocol/handler.go:1600	waiting for broadcasts	{"{round 20 2  <nil>}": {"Key":"missing","Type":15,"Integer":0,"String":"[b]","Interface":null}}
==================
WARNING: DATA RACE
Write at 0x00c00022a22c by goroutine 122:
  ??()
      -:0 +0x104ada650
  sync/atomic.CompareAndSwapInt32()
      <autogenerated>:1 +0x18
  internal/sync.(*HashTrieMap[go.shape.interface {},go.shape.interface {}]).initSlow()
      /opt/homebrew/Cellar/go/1.24.6/libexec/src/internal/sync/hashtriemap.go:38 +0x38
  internal/sync.(*HashTrieMap[go.shape.interface {},go.shape.interface {}]).init()
      /opt/homebrew/Cellar/go/1.24.6/libexec/src/internal/sync/hashtriemap.go:32 +0x44
  internal/sync.(*HashTrieMap[go.shape.interface {},go.shape.interface {}]).Swap()
      /opt/homebrew/Cellar/go/1.24.6/libexec/src/internal/sync/hashtriemap.go:206 +0x54
  internal/sync.(*HashTrieMap[go.shape.interface {},go.shape.interface {}]).Store()
      /opt/homebrew/Cellar/go/1.24.6/libexec/src/internal/sync/hashtriemap.go:200 +0x54
  sync.(*Map).Store()
      /opt/homebrew/Cellar/go/1.24.6/libexec/src/sync/hashtriemap.go:55 +0x54
  github.com/luxfi/threshold/protocols/frost/keygen.(*round2).StoreBroadcastMessage()
      /Users/z/work/lux/threshold/protocols/frost/keygen/round2.go:117 +0x56c
  github.com/luxfi/threshold/pkg/protocol.(*Handler).verifyBroadcastForRound()
      /Users/z/work/lux/threshold/pkg/protocol/handler.go:1277 +0x3a0
  github.com/luxfi/threshold/pkg/protocol.(*Handler).processQueuedMessages()
      /Users/z/work/lux/threshold/pkg/protocol/handler.go:1542 +0x404
  github.com/luxfi/threshold/pkg/protocol.(*Handler).tryAdvanceRound.gowrap2()
      /Users/z/work/lux/threshold/pkg/protocol/handler.go:673 +0x40

Previous read at 0x00c00022a228 by goroutine 99:
  github.com/luxfi/threshold/protocols/frost/keygen.(*round2).Number()
      <autogenerated>:1 +0x38
  github.com/luxfi/threshold/pkg/protocol.(*Handler).tryAdvanceRound()
      /Users/z/work/lux/threshold/pkg/protocol/handler.go:587 +0x280
  github.com/luxfi/threshold/pkg/protocol.(*Handler).roundProcessor()
      /Users/z/work/lux/threshold/pkg/protocol/handler.go:569 +0xb4
  github.com/luxfi/threshold/pkg/protocol.(*Handler).startWorkers.func1()
      /Users/z/work/lux/threshold/pkg/protocol/handler.go:374 +0x78

Goroutine 122 (running) created at:
  github.com/luxfi/threshold/pkg/protocol.(*Handler).tryAdvanceRound()
      /Users/z/work/lux/threshold/pkg/protocol/handler.go:673 +0x12e4
  github.com/luxfi/threshold/pkg/protocol.(*Handler).roundProcessor()
      /Users/z/work/lux/threshold/pkg/protocol/handler.go:569 +0xb4
  github.com/luxfi/threshold/pkg/protocol.(*Handler).startWorkers.func1()
      /Users/z/work/lux/threshold/pkg/protocol/handler.go:374 +0x78

Goroutine 99 (running) created at:
  github.com/luxfi/threshold/pkg/protocol.(*Handler).startWorkers()
      /Users/z/work/lux/threshold/pkg/protocol/handler.go:372 +0x4fc
  github.com/luxfi/threshold/pkg/protocol.NewHandler()
      /Users/z/work/lux/threshold/pkg/protocol/handler.go:247 +0xf10
  github.com/luxfi/threshold/internal/test.(*Harness).CreateHandler()
      /Users/z/work/lux/threshold/internal/test/harness.go:91 +0x2e4
  github.com/luxfi/threshold/internal/test.RunProtocol()
      /Users/z/work/lux/threshold/internal/test/harness.go:270 +0x230
  github.com/luxfi/threshold/protocols/frost.TestDebugShares()
      /Users/z/work/lux/threshold/protocols/frost/debug_shares_test.go:21 +0x110
  testing.tRunner()
      /opt/homebrew/Cellar/go/1.24.6/libexec/src/testing/testing.go:1792 +0x180
  testing.(*T).Run.gowrap1()
      /opt/homebrew/Cellar/go/1.24.6/libexec/src/testing/testing.go:1851 +0x40
==================
==================
WARNING: DATA RACE
Write at 0x00c00022a238 by goroutine 122:
  ??()
      -:0 +0x104ad56f0
  sync/atomic.StorePointer()
      /opt/homebrew/Cellar/go/1.24.6/libexec/src/runtime/atomic_pointer.go:92 +0x38
  internal/sync.(*HashTrieMap[go.shape.interface {},go.shape.interface {}]).initSlow()
      /opt/homebrew/Cellar/go/1.24.6/libexec/src/internal/sync/hashtriemap.go:50 +0xb8
  internal/sync.(*HashTrieMap[go.shape.interface {},go.shape.interface {}]).init()
      /opt/homebrew/Cellar/go/1.24.6/libexec/src/internal/sync/hashtriemap.go:32 +0x44
  internal/sync.(*HashTrieMap[go.shape.interface {},go.shape.interface {}]).Swap()
      /opt/homebrew/Cellar/go/1.24.6/libexec/src/internal/sync/hashtriemap.go:206 +0x54
  internal/sync.(*HashTrieMap[go.shape.interface {},go.shape.interface {}]).Store()
      /opt/homebrew/Cellar/go/1.24.6/libexec/src/internal/sync/hashtriemap.go:200 +0x54
  sync.(*Map).Store()
      /opt/homebrew/Cellar/go/1.24.6/libexec/src/sync/hashtriemap.go:55 +0x54
  github.com/luxfi/threshold/protocols/frost/keygen.(*round2).StoreBroadcastMessage()
      /Users/z/work/lux/threshold/protocols/frost/keygen/round2.go:117 +0x56c
  github.com/luxfi/threshold/pkg/protocol.(*Handler).verifyBroadcastForRound()
      /Users/z/work/lux/threshold/pkg/protocol/handler.go:1277 +0x3a0
  github.com/luxfi/threshold/pkg/protocol.(*Handler).processQueuedMessages()
      /Users/z/work/lux/threshold/pkg/protocol/handler.go:1542 +0x404
  github.com/luxfi/threshold/pkg/protocol.(*Handler).tryAdvanceRound.gowrap2()
      /Users/z/work/lux/threshold/pkg/protocol/handler.go:673 +0x40

Previous read at 0x00c00022a238 by goroutine 99:
  github.com/luxfi/threshold/protocols/frost/keygen.(*round2).Number()
      <autogenerated>:1 +0x38
  github.com/luxfi/threshold/pkg/protocol.(*Handler).tryAdvanceRound()
      /Users/z/work/lux/threshold/pkg/protocol/handler.go:587 +0x280
  github.com/luxfi/threshold/pkg/protocol.(*Handler).roundProcessor()
      /Users/z/work/lux/threshold/pkg/protocol/handler.go:569 +0xb4
  github.com/luxfi/threshold/pkg/protocol.(*Handler).startWorkers.func1()
      /Users/z/work/lux/threshold/pkg/protocol/handler.go:374 +0x78

Goroutine 122 (running) created at:
  github.com/luxfi/threshold/pkg/protocol.(*Handler).tryAdvanceRound()
      /Users/z/work/lux/threshold/pkg/protocol/handler.go:673 +0x12e4
  github.com/luxfi/threshold/pkg/protocol.(*Handler).roundProcessor()
      /Users/z/work/lux/threshold/pkg/protocol/handler.go:569 +0xb4
  github.com/luxfi/threshold/pkg/protocol.(*Handler).startWorkers.func1()
      /Users/z/work/lux/threshold/pkg/protocol/handler.go:374 +0x78

Goroutine 99 (running) created at:
  github.com/luxfi/threshold/pkg/protocol.(*Handler).startWorkers()
      /Users/z/work/lux/threshold/pkg/protocol/handler.go:372 +0x4fc
  github.com/luxfi/threshold/pkg/protocol.NewHandler()
      /Users/z/work/lux/threshold/pkg/protocol/handler.go:247 +0xf10
  github.com/luxfi/threshold/internal/test.(*Harness).CreateHandler()
      /Users/z/work/lux/threshold/internal/test/harness.go:91 +0x2e4
  github.com/luxfi/threshold/internal/test.RunProtocol()
      /Users/z/work/lux/threshold/internal/test/harness.go:270 +0x230
  github.com/luxfi/threshold/protocols/frost.TestDebugShares()
      /Users/z/work/lux/threshold/protocols/frost/debug_shares_test.go:21 +0x110
  testing.tRunner()
      /opt/homebrew/Cellar/go/1.24.6/libexec/src/testing/testing.go:1792 +0x180
  testing.(*T).Run.gowrap1()
      /opt/homebrew/Cellar/go/1.24.6/libexec/src/testing/testing.go:1851 +0x40
==================
==================
WARNING: DATA RACE
Read at 0x00c0004fe088 by goroutine 45:
  github.com/luxfi/threshold/protocols/frost/keygen.(*round2).Number()
      <autogenerated>:1 +0x38
  github.com/luxfi/threshold/pkg/protocol.(*Handler).roundProcessor()
      /Users/z/work/lux/threshold/pkg/protocol/handler.go:550 +0x1d4
  github.com/luxfi/threshold/pkg/protocol.(*Handler).startWorkers.func1()
      /Users/z/work/lux/threshold/pkg/protocol/handler.go:374 +0x78

Previous write at 0x00c0004fe08c by goroutine 43:
  ??()
      -:0 +0x104ad5eb0
  sync/atomic.AddInt32()
      <autogenerated>:1 +0x14
  internal/sync.(*HashTrieMap[go.shape.interface {},go.shape.interface {}]).initSlow.deferwrap1()
      /opt/homebrew/Cellar/go/1.24.6/libexec/src/internal/sync/hashtriemap.go:39 +0x34
  runtime.deferreturn()
      /opt/homebrew/Cellar/go/1.24.6/libexec/src/runtime/panic.go:610 +0x5c
  internal/sync.(*HashTrieMap[go.shape.interface {},go.shape.interface {}]).init()
      /opt/homebrew/Cellar/go/1.24.6/libexec/src/internal/sync/hashtriemap.go:32 +0x44
  internal/sync.(*HashTrieMap[go.shape.interface {},go.shape.interface {}]).Swap()
      /opt/homebrew/Cellar/go/1.24.6/libexec/src/internal/sync/hashtriemap.go:206 +0x54
  internal/sync.(*HashTrieMap[go.shape.interface {},go.shape.interface {}]).Store()
      /opt/homebrew/Cellar/go/1.24.6/libexec/src/internal/sync/hashtriemap.go:200 +0x54
  sync.(*Map).Store()
      /opt/homebrew/Cellar/go/1.24.6/libexec/src/sync/hashtriemap.go:55 +0x54
  github.com/luxfi/threshold/protocols/frost/keygen.(*round2).StoreBroadcastMessage()
      /Users/z/work/lux/threshold/protocols/frost/keygen/round2.go:117 +0x56c
  github.com/luxfi/threshold/pkg/protocol.(*Handler).verifyBroadcast()
      /Users/z/work/lux/threshold/pkg/protocol/handler.go:1392 +0x648
  github.com/luxfi/threshold/pkg/protocol.(*Handler).processMessage()
      /Users/z/work/lux/threshold/pkg/protocol/handler.go:480 +0xb9c
  github.com/luxfi/threshold/pkg/protocol.(*Handler).messageWorker()
      /Users/z/work/lux/threshold/pkg/protocol/handler.go:408 +0x338
  github.com/luxfi/threshold/pkg/protocol.(*Handler).startWorkers.gowrap2()
      /Users/z/work/lux/threshold/pkg/protocol/handler.go:361 +0x44

Goroutine 45 (running) created at:
  github.com/luxfi/threshold/pkg/protocol.(*Handler).startWorkers()
      /Users/z/work/lux/threshold/pkg/protocol/handler.go:372 +0x4fc
  github.com/luxfi/threshold/pkg/protocol.NewHandler()
      /Users/z/work/lux/threshold/pkg/protocol/handler.go:247 +0xf10
  github.com/luxfi/threshold/internal/test.(*Harness).CreateHandler()
      /Users/z/work/lux/threshold/internal/test/harness.go:91 +0x2e4
  github.com/luxfi/threshold/internal/test.RunProtocol()
      /Users/z/work/lux/threshold/internal/test/harness.go:270 +0x230
  github.com/luxfi/threshold/protocols/frost.TestDebugShares()
      /Users/z/work/lux/threshold/protocols/frost/debug_shares_test.go:21 +0x110
  testing.tRunner()
      /opt/homebrew/Cellar/go/1.24.6/libexec/src/testing/testing.go:1792 +0x180
  testing.(*T).Run.gowrap1()
      /opt/homebrew/Cellar/go/1.24.6/libexec/src/testing/testing.go:1851 +0x40

Goroutine 43 (running) created at:
  github.com/luxfi/threshold/pkg/protocol.(*Handler).startWorkers()
      /Users/z/work/lux/threshold/pkg/protocol/handler.go:361 +0x334
  github.com/luxfi/threshold/pkg/protocol.NewHandler()
      /Users/z/work/lux/threshold/pkg/protocol/handler.go:247 +0xf10
  github.com/luxfi/threshold/internal/test.(*Harness).CreateHandler()
      /Users/z/work/lux/threshold/internal/test/harness.go:91 +0x2e4
  github.com/luxfi/threshold/internal/test.RunProtocol()
      /Users/z/work/lux/threshold/internal/test/harness.go:270 +0x230
  github.com/luxfi/threshold/protocols/frost.TestDebugShares()
      /Users/z/work/lux/threshold/protocols/frost/debug_shares_test.go:21 +0x110
  testing.tRunner()
      /opt/homebrew/Cellar/go/1.24.6/libexec/src/testing/testing.go:1792 +0x180
  testing.(*T).Run.gowrap1()
      /opt/homebrew/Cellar/go/1.24.6/libexec/src/testing/testing.go:1851 +0x40
==================
==================
WARNING: DATA RACE
Read at 0x00c0004fe0b8 by goroutine 45:
  github.com/luxfi/threshold/protocols/frost/keygen.(*round2).Number()
      <autogenerated>:1 +0x38
  github.com/luxfi/threshold/pkg/protocol.(*Handler).tryAdvanceRound()
      /Users/z/work/lux/threshold/pkg/protocol/handler.go:582 +0x70
  github.com/luxfi/threshold/pkg/protocol.(*Handler).roundProcessor()
      /Users/z/work/lux/threshold/pkg/protocol/handler.go:569 +0xb4
  github.com/luxfi/threshold/pkg/protocol.(*Handler).startWorkers.func1()
      /Users/z/work/lux/threshold/pkg/protocol/handler.go:374 +0x78

Previous write at 0x00c0004fe0bc by goroutine 43:
  ??()
      -:0 +0x104ad5eb0
  sync/atomic.AddInt32()
      <autogenerated>:1 +0x14
  sync.(*Mutex).Unlock()
      /opt/homebrew/Cellar/go/1.24.6/libexec/src/sync/mutex.go:65 +0x2c
  github.com/luxfi/threshold/protocols/frost/keygen.(*round2).StoreBroadcastMessage()
      /Users/z/work/lux/threshold/protocols/frost/keygen/round2.go:62 +0x78
  github.com/luxfi/threshold/pkg/protocol.(*Handler).verifyBroadcast()
      /Users/z/work/lux/threshold/pkg/protocol/handler.go:1392 +0x648
  github.com/luxfi/threshold/pkg/protocol.(*Handler).processMessage()
      /Users/z/work/lux/threshold/pkg/protocol/handler.go:480 +0xb9c
  github.com/luxfi/threshold/pkg/protocol.(*Handler).messageWorker()
      /Users/z/work/lux/threshold/pkg/protocol/handler.go:408 +0x338
  github.com/luxfi/threshold/pkg/protocol.(*Handler).startWorkers.gowrap2()
      /Users/z/work/lux/threshold/pkg/protocol/handler.go:361 +0x44

Goroutine 45 (running) created at:
  github.com/luxfi/threshold/pkg/protocol.(*Handler).startWorkers()
      /Users/z/work/lux/threshold/pkg/protocol/handler.go:372 +0x4fc
  github.com/luxfi/threshold/pkg/protocol.NewHandler()
      /Users/z/work/lux/threshold/pkg/protocol/handler.go:247 +0xf10
  github.com/luxfi/threshold/internal/test.(*Harness).CreateHandler()
      /Users/z/work/lux/threshold/internal/test/harness.go:91 +0x2e4
  github.com/luxfi/threshold/internal/test.RunProtocol()
      /Users/z/work/lux/threshold/internal/test/harness.go:270 +0x230
  github.com/luxfi/threshold/protocols/frost.TestDebugShares()
      /Users/z/work/lux/threshold/protocols/frost/debug_shares_test.go:21 +0x110
  testing.tRunner()
      /opt/homebrew/Cellar/go/1.24.6/libexec/src/testing/testing.go:1792 +0x180
  testing.(*T).Run.gowrap1()
      /opt/homebrew/Cellar/go/1.24.6/libexec/src/testing/testing.go:1851 +0x40

Goroutine 43 (running) created at:
  github.com/luxfi/threshold/pkg/protocol.(*Handler).startWorkers()
      /Users/z/work/lux/threshold/pkg/protocol/handler.go:361 +0x334
  github.com/luxfi/threshold/pkg/protocol.NewHandler()
      /Users/z/work/lux/threshold/pkg/protocol/handler.go:247 +0xf10
  github.com/luxfi/threshold/internal/test.(*Harness).CreateHandler()
      /Users/z/work/lux/threshold/internal/test/harness.go:91 +0x2e4
  github.com/luxfi/threshold/internal/test.RunProtocol()
      /Users/z/work/lux/threshold/internal/test/harness.go:270 +0x230
  github.com/luxfi/threshold/protocols/frost.TestDebugShares()
      /Users/z/work/lux/threshold/protocols/frost/debug_shares_test.go:21 +0x110
  testing.tRunner()
      /opt/homebrew/Cellar/go/1.24.6/libexec/src/testing/testing.go:1792 +0x180
  testing.(*T).Run.gowrap1()
      /opt/homebrew/Cellar/go/1.24.6/libexec/src/testing/testing.go:1851 +0x40
==================
2025-08-15T22:12:55.719-0500	DEBUG	protocol/handler.go:581	tryAdvanceRound called	{"{current_round 20 2  <nil>}": {"Key":"self","Type":15,"Integer":0,"String":"a","Interface":null}}
2025-08-15T22:12:55.719-0500	DEBUG	protocol/handler.go:1591	have processed broadcast	{"{round 20 2  <nil>}": {"Key":"from","Type":15,"Integer":0,"String":"a","Interface":null}}
2025-08-15T22:12:55.719-0500	DEBUG	protocol/handler.go:1591	have processed broadcast	{"{round 20 2  <nil>}": {"Key":"from","Type":15,"Integer":0,"String":"c","Interface":null}}
2025-08-15T22:12:55.719-0500	DEBUG	protocol/handler.go:1600	waiting for broadcasts	{"{round 20 2  <nil>}": {"Key":"missing","Type":15,"Integer":0,"String":"[b]","Interface":null}}
2025-08-15T22:12:55.719-0500	DEBUG	protocol/handler.go:1600	waiting for broadcasts	{"{round 20 2  <nil>}": {"Key":"missing","Type":15,"Integer":0,"String":"[b]","Interface":null}}
2025-08-15T22:12:55.720-0500	DEBUG	protocol/handler.go:581	tryAdvanceRound called	{"{current_round 20 2  <nil>}": {"Key":"self","Type":15,"Integer":0,"String":"c","Interface":null}}
2025-08-15T22:12:55.720-0500	DEBUG	protocol/handler.go:1591	have processed broadcast	{"{round 20 2  <nil>}": {"Key":"from","Type":15,"Integer":0,"String":"a","Interface":null}}
2025-08-15T22:12:55.720-0500	DEBUG	protocol/handler.go:1600	waiting for broadcasts	{"{round 20 2  <nil>}": {"Key":"missing","Type":15,"Integer":0,"String":"[b]","Interface":null}}
2025-08-15T22:12:55.729-0500	DEBUG	protocol/handler.go:581	tryAdvanceRound called	{"{current_round 20 2  <nil>}": {"Key":"self","Type":15,"Integer":0,"String":"a","Interface":null}}
2025-08-15T22:12:55.729-0500	DEBUG	protocol/handler.go:1591	have processed broadcast	{"{round 20 2  <nil>}": {"Key":"from","Type":15,"Integer":0,"String":"c","Interface":null}}
2025-08-15T22:12:55.729-0500	DEBUG	protocol/handler.go:1600	waiting for broadcasts	{"{round 20 2  <nil>}": {"Key":"missing","Type":15,"Integer":0,"String":"[b]","Interface":null}}
2025-08-15T22:12:55.730-0500	DEBUG	protocol/handler.go:581	tryAdvanceRound called	{"{current_round 20 2  <nil>}": {"Key":"self","Type":15,"Integer":0,"String":"c","Interface":null}}
2025-08-15T22:12:55.730-0500	DEBUG	protocol/handler.go:1591	have processed broadcast	{"{round 20 2  <nil>}": {"Key":"from","Type":15,"Integer":0,"String":"a","Interface":null}}
2025-08-15T22:12:55.730-0500	DEBUG	protocol/handler.go:1600	waiting for broadcasts	{"{round 20 2  <nil>}": {"Key":"missing","Type":15,"Integer":0,"String":"[b]","Interface":null}}
2025-08-15T22:12:55.733-0500	DEBUG	protocol/handler.go:1039	sendRoundMessage	{"{from 15 0 b <nil>}": {"Key":"to","Type":15,"Integer":0,"String":"","Interface":null}, "{round 20 2  <nil>}": {"Key":"broadcast","Type":4,"Integer":1,"String":"","Interface":null}}
2025-08-15T22:12:55.733-0500	DEBUG	protocol/handler.go:1657	storing broadcast	{"{round 20 2  <nil>}": {"Key":"from","Type":15,"Integer":0,"String":"b","Interface":null}}
2025-08-15T22:12:55.733-0500	DEBUG	protocol/handler.go:1081	sent message to output channel	{"{from 15 0 b <nil>}": {"Key":"to","Type":15,"Integer":0,"String":"","Interface":null}, "{round 20 2  <nil>}": {"Key":"broadcast","Type":4,"Integer":1,"String":"","Interface":null}}
2025-08-15T22:12:55.734-0500	DEBUG	protocol/handler.go:1182	finalized round messages	{"{round 20 1  <nil>}": {"Key":"messages","Type":11,"Integer":1,"String":"","Interface":null}}
2025-08-15T22:12:55.734-0500	DEBUG	protocol/handler.go:1239	finalize returned next round	{"{current 20 1  <nil>}": {"Key":"next","Type":20,"Integer":2,"String":"","Interface":null}}
2025-08-15T22:12:55.734-0500	INFO	protocol/handler.go:642	storing new currentRound	{"{from 20 1  <nil>}": {"Key":"to","Type":20,"Integer":2,"String":"","Interface":null}}
2025-08-15T22:12:55.734-0500	DEBUG	protocol/handler.go:1503	processing queued messages
2025-08-15T22:12:55.734-0500	INFO	protocol/handler.go:560	advanced to round
2025-08-15T22:12:55.734-0500	DEBUG	protocol/handler.go:581	tryAdvanceRound called	{"{current_round 20 2  <nil>}": {"Key":"self","Type":15,"Integer":0,"String":"b","Interface":null}}
2025-08-15T22:12:55.734-0500	DEBUG	protocol/handler.go:1503	processing queued messages
2025-08-15T22:12:55.735-0500	DEBUG	protocol/handler.go:437	processing message	{"{from 15 0 b <nil>}": {"Key":"to","Type":15,"Integer":0,"String":"","Interface":null}, "{round 20 2  <nil>}": {"Key":"broadcast","Type":4,"Integer":1,"String":"","Interface":null}}
2025-08-15T22:12:55.735-0500	DEBUG	protocol/handler.go:437	processing message	{"{from 15 0 b <nil>}": {"Key":"to","Type":15,"Integer":0,"String":"","Interface":null}, "{round 20 2  <nil>}": {"Key":"broadcast","Type":4,"Integer":1,"String":"","Interface":null}}
2025-08-15T22:12:55.735-0500	DEBUG	protocol/handler.go:1657	storing broadcast	{"{round 20 2  <nil>}": {"Key":"from","Type":15,"Integer":0,"String":"b","Interface":null}}
2025-08-15T22:12:55.735-0500	DEBUG	protocol/handler.go:1657	storing broadcast	{"{round 20 2  <nil>}": {"Key":"from","Type":15,"Integer":0,"String":"b","Interface":null}}
==================
WARNING: DATA RACE
Read at 0x00c0004fe0b8 by goroutine 45:
  github.com/luxfi/threshold/protocols/frost/keygen.(*round2).Number()
      <autogenerated>:1 +0x38
  github.com/luxfi/threshold/pkg/protocol.(*Handler).roundProcessor()
      /Users/z/work/lux/threshold/pkg/protocol/handler.go:550 +0x1d4
  github.com/luxfi/threshold/pkg/protocol.(*Handler).startWorkers.func1()
      /Users/z/work/lux/threshold/pkg/protocol/handler.go:374 +0x78

Previous write at 0x00c0004fe0bc by goroutine 41:
  ??()
      -:0 +0x104ad5eb0
  sync/atomic.AddInt32()
      <autogenerated>:1 +0x14
  sync.(*Mutex).Unlock()
      /opt/homebrew/Cellar/go/1.24.6/libexec/src/sync/mutex.go:65 +0x2c
  github.com/luxfi/threshold/protocols/frost/keygen.(*round2).StoreBroadcastMessage()
      /Users/z/work/lux/threshold/protocols/frost/keygen/round2.go:62 +0x78
  github.com/luxfi/threshold/pkg/protocol.(*Handler).verifyBroadcast()
      /Users/z/work/lux/threshold/pkg/protocol/handler.go:1392 +0x648
  github.com/luxfi/threshold/pkg/protocol.(*Handler).processMessage()
      /Users/z/work/lux/threshold/pkg/protocol/handler.go:480 +0xb9c
  github.com/luxfi/threshold/pkg/protocol.(*Handler).messageWorker()
      /Users/z/work/lux/threshold/pkg/protocol/handler.go:408 +0x338
  github.com/luxfi/threshold/pkg/protocol.(*Handler).startWorkers.gowrap2()
      /Users/z/work/lux/threshold/pkg/protocol/handler.go:361 +0x44

Goroutine 45 (running) created at:
  github.com/luxfi/threshold/pkg/protocol.(*Handler).startWorkers()
      /Users/z/work/lux/threshold/pkg/protocol/handler.go:372 +0x4fc
  github.com/luxfi/threshold/pkg/protocol.NewHandler()
      /Users/z/work/lux/threshold/pkg/protocol/handler.go:247 +0xf10
  github.com/luxfi/threshold/internal/test.(*Harness).CreateHandler()
      /Users/z/work/lux/threshold/internal/test/harness.go:91 +0x2e4
  github.com/luxfi/threshold/internal/test.RunProtocol()
      /Users/z/work/lux/threshold/internal/test/harness.go:270 +0x230
  github.com/luxfi/threshold/protocols/frost.TestDebugShares()
      /Users/z/work/lux/threshold/protocols/frost/debug_shares_test.go:21 +0x110
  testing.tRunner()
      /opt/homebrew/Cellar/go/1.24.6/libexec/src/testing/testing.go:1792 +0x180
  testing.(*T).Run.gowrap1()
      /opt/homebrew/Cellar/go/1.24.6/libexec/src/testing/testing.go:1851 +0x40

Goroutine 41 (running) created at:
  github.com/luxfi/threshold/pkg/protocol.(*Handler).startWorkers()
      /Users/z/work/lux/threshold/pkg/protocol/handler.go:361 +0x334
  github.com/luxfi/threshold/pkg/protocol.NewHandler()
      /Users/z/work/lux/threshold/pkg/protocol/handler.go:247 +0xf10
  github.com/luxfi/threshold/internal/test.(*Harness).CreateHandler()
      /Users/z/work/lux/threshold/internal/test/harness.go:91 +0x2e4
  github.com/luxfi/threshold/internal/test.RunProtocol()
      /Users/z/work/lux/threshold/internal/test/harness.go:270 +0x230
  github.com/luxfi/threshold/protocols/frost.TestDebugShares()
      /Users/z/work/lux/threshold/protocols/frost/debug_shares_test.go:21 +0x110
  testing.tRunner()
      /opt/homebrew/Cellar/go/1.24.6/libexec/src/testing/testing.go:1792 +0x180
  testing.(*T).Run.gowrap1()
      /opt/homebrew/Cellar/go/1.24.6/libexec/src/testing/testing.go:1851 +0x40
==================
2025-08-15T22:12:55.738-0500	DEBUG	protocol/handler.go:581	tryAdvanceRound called	{"{current_round 20 2  <nil>}": {"Key":"self","Type":15,"Integer":0,"String":"a","Interface":null}}
2025-08-15T22:12:55.740-0500	DEBUG	protocol/handler.go:581	tryAdvanceRound called	{"{current_round 20 2  <nil>}": {"Key":"self","Type":15,"Integer":0,"String":"c","Interface":null}}
==================
WARNING: DATA RACE
Read at 0x00c0004fe0b8 by goroutine 41:
  github.com/luxfi/threshold/protocols/frost/keygen.(*round2).Number()
      <autogenerated>:1 +0x38
  github.com/luxfi/threshold/pkg/protocol.(*Handler).tryAdvanceRound()
      /Users/z/work/lux/threshold/pkg/protocol/handler.go:582 +0x70
  github.com/luxfi/threshold/pkg/protocol.(*Handler).processMessage()
      /Users/z/work/lux/threshold/pkg/protocol/handler.go:486 +0xbb0
  github.com/luxfi/threshold/pkg/protocol.(*Handler).messageWorker()
      /Users/z/work/lux/threshold/pkg/protocol/handler.go:408 +0x338
  github.com/luxfi/threshold/pkg/protocol.(*Handler).startWorkers.gowrap2()
      /Users/z/work/lux/threshold/pkg/protocol/handler.go:361 +0x44

Previous write at 0x00c0004fe0bc by goroutine 45:
  ??()
      -:0 +0x104ad5eb0
  sync/atomic.AddInt32()
      <autogenerated>:1 +0x14
  sync.(*Mutex).Unlock()
      /opt/homebrew/Cellar/go/1.24.6/libexec/src/sync/mutex.go:65 +0x2c
  github.com/luxfi/threshold/protocols/frost/keygen.(*round2).StoreBroadcastMessage()
      /Users/z/work/lux/threshold/protocols/frost/keygen/round2.go:62 +0x78
  github.com/luxfi/threshold/pkg/protocol.(*Handler).verifyBroadcastForRound()
      /Users/z/work/lux/threshold/pkg/protocol/handler.go:1277 +0x3a0
  github.com/luxfi/threshold/pkg/protocol.(*Handler).retryUnprocessedMessages()
      /Users/z/work/lux/threshold/pkg/protocol/handler.go:1483 +0x22c
  github.com/luxfi/threshold/pkg/protocol.(*Handler).tryAdvanceRound()
      /Users/z/work/lux/threshold/pkg/protocol/handler.go:587 +0x28c
  github.com/luxfi/threshold/pkg/protocol.(*Handler).roundProcessor()
      /Users/z/work/lux/threshold/pkg/protocol/handler.go:569 +0xb4
  github.com/luxfi/threshold/pkg/protocol.(*Handler).startWorkers.func1()
      /Users/z/work/lux/threshold/pkg/protocol/handler.go:374 +0x78

Goroutine 41 (running) created at:
  github.com/luxfi/threshold/pkg/protocol.(*Handler).startWorkers()
      /Users/z/work/lux/threshold/pkg/protocol/handler.go:361 +0x334
  github.com/luxfi/threshold/pkg/protocol.NewHandler()
      /Users/z/work/lux/threshold/pkg/protocol/handler.go:247 +0xf10
  github.com/luxfi/threshold/internal/test.(*Harness).CreateHandler()
      /Users/z/work/lux/threshold/internal/test/harness.go:91 +0x2e4
  github.com/luxfi/threshold/internal/test.RunProtocol()
      /Users/z/work/lux/threshold/internal/test/harness.go:270 +0x230
  github.com/luxfi/threshold/protocols/frost.TestDebugShares()
      /Users/z/work/lux/threshold/protocols/frost/debug_shares_test.go:21 +0x110
  testing.tRunner()
      /opt/homebrew/Cellar/go/1.24.6/libexec/src/testing/testing.go:1792 +0x180
  testing.(*T).Run.gowrap1()
      /opt/homebrew/Cellar/go/1.24.6/libexec/src/testing/testing.go:1851 +0x40

Goroutine 45 (running) created at:
  github.com/luxfi/threshold/pkg/protocol.(*Handler).startWorkers()
      /Users/z/work/lux/threshold/pkg/protocol/handler.go:372 +0x4fc
  github.com/luxfi/threshold/pkg/protocol.NewHandler()
      /Users/z/work/lux/threshold/pkg/protocol/handler.go:247 +0xf10
  github.com/luxfi/threshold/internal/test.(*Harness).CreateHandler()
      /Users/z/work/lux/threshold/internal/test/harness.go:91 +0x2e4
  github.com/luxfi/threshold/internal/test.RunProtocol()
      /Users/z/work/lux/threshold/internal/test/harness.go:270 +0x230
  github.com/luxfi/threshold/protocols/frost.TestDebugShares()
      /Users/z/work/lux/threshold/protocols/frost/debug_shares_test.go:21 +0x110
  testing.tRunner()
      /opt/homebrew/Cellar/go/1.24.6/libexec/src/testing/testing.go:1792 +0x180
  testing.(*T).Run.gowrap1()
      /opt/homebrew/Cellar/go/1.24.6/libexec/src/testing/testing.go:1851 +0x40
==================
2025-08-15T22:12:55.742-0500	DEBUG	protocol/handler.go:581	tryAdvanceRound called	{"{current_round 20 2  <nil>}": {"Key":"self","Type":15,"Integer":0,"String":"a","Interface":null}}
2025-08-15T22:12:55.742-0500	DEBUG	protocol/handler.go:1591	have processed broadcast	{"{round 20 2  <nil>}": {"Key":"from","Type":15,"Integer":0,"String":"b","Interface":null}}
2025-08-15T22:12:55.742-0500	DEBUG	protocol/handler.go:1591	have processed broadcast	{"{round 20 2  <nil>}": {"Key":"from","Type":15,"Integer":0,"String":"c","Interface":null}}
2025-08-15T22:12:55.742-0500	DEBUG	protocol/handler.go:581	tryAdvanceRound called	{"{current_round 20 2  <nil>}": {"Key":"self","Type":15,"Integer":0,"String":"c","Interface":null}}
2025-08-15T22:12:55.742-0500	DEBUG	protocol/handler.go:1649	have all messages and processed	{"{round 20 2  <nil>}": {"Key":"self","Type":15,"Integer":0,"String":"a","Interface":null}}
2025-08-15T22:12:55.742-0500	DEBUG	protocol/handler.go:1591	have processed broadcast	{"{round 20 2  <nil>}": {"Key":"from","Type":15,"Integer":0,"String":"a","Interface":null}}
2025-08-15T22:12:55.742-0500	DEBUG	protocol/handler.go:619	finalizing round
==================
WARNING: DATA RACE
Write at 0x00c00022a25c by goroutine 99:
  ??()
      -:0 +0x104ada650
  sync/atomic.CompareAndSwapInt32()
      <autogenerated>:1 +0x18
  sync.(*Mutex).Lock()
      /opt/homebrew/Cellar/go/1.24.6/libexec/src/sync/mutex.go:46 +0x2c
  github.com/luxfi/threshold/protocols/frost/keygen.(*round2).StoreBroadcastMessage()
      /Users/z/work/lux/threshold/protocols/frost/keygen/round2.go:57 +0x58
  github.com/luxfi/threshold/pkg/protocol.(*Handler).verifyBroadcastForRound()
      /Users/z/work/lux/threshold/pkg/protocol/handler.go:1277 +0x3a0
  github.com/luxfi/threshold/pkg/protocol.(*Handler).retryUnprocessedMessages()
      /Users/z/work/lux/threshold/pkg/protocol/handler.go:1483 +0x22c
  github.com/luxfi/threshold/pkg/protocol.(*Handler).tryAdvanceRound()
      /Users/z/work/lux/threshold/pkg/protocol/handler.go:587 +0x28c
  github.com/luxfi/threshold/pkg/protocol.(*Handler).roundProcessor()
      /Users/z/work/lux/threshold/pkg/protocol/handler.go:569 +0xb4
  github.com/luxfi/threshold/pkg/protocol.(*Handler).startWorkers.func1()
      /Users/z/work/lux/threshold/pkg/protocol/handler.go:374 +0x78

Previous read at 0x00c00022a258 by goroutine 95:
  github.com/luxfi/threshold/protocols/frost/keygen.(*round2).Number()
      <autogenerated>:1 +0x38
  github.com/luxfi/threshold/pkg/protocol.(*Handler).hasAllMessages()
      /Users/z/work/lux/threshold/pkg/protocol/handler.go:1570 +0x40
  github.com/luxfi/threshold/pkg/protocol.(*Handler).tryAdvanceRound()
      /Users/z/work/lux/threshold/pkg/protocol/handler.go:589 +0x29c
  github.com/luxfi/threshold/pkg/protocol.(*Handler).processMessage()
      /Users/z/work/lux/threshold/pkg/protocol/handler.go:486 +0xbb0
  github.com/luxfi/threshold/pkg/protocol.(*Handler).messageWorker()
      /Users/z/work/lux/threshold/pkg/protocol/handler.go:408 +0x338
  github.com/luxfi/threshold/pkg/protocol.(*Handler).startWorkers.gowrap2()
      /Users/z/work/lux/threshold/pkg/protocol/handler.go:361 +0x44

Goroutine 99 (running) created at:
  github.com/luxfi/threshold/pkg/protocol.(*Handler).startWorkers()
      /Users/z/work/lux/threshold/pkg/protocol/handler.go:372 +0x4fc
  github.com/luxfi/threshold/pkg/protocol.NewHandler()
      /Users/z/work/lux/threshold/pkg/protocol/handler.go:247 +0xf10
  github.com/luxfi/threshold/internal/test.(*Harness).CreateHandler()
      /Users/z/work/lux/threshold/internal/test/harness.go:91 +0x2e4
  github.com/luxfi/threshold/internal/test.RunProtocol()
      /Users/z/work/lux/threshold/internal/test/harness.go:270 +0x230
  github.com/luxfi/threshold/protocols/frost.TestDebugShares()
      /Users/z/work/lux/threshold/protocols/frost/debug_shares_test.go:21 +0x110
  testing.tRunner()
      /opt/homebrew/Cellar/go/1.24.6/libexec/src/testing/testing.go:1792 +0x180
  testing.(*T).Run.gowrap1()
      /opt/homebrew/Cellar/go/1.24.6/libexec/src/testing/testing.go:1851 +0x40

Goroutine 95 (running) created at:
  github.com/luxfi/threshold/pkg/protocol.(*Handler).startWorkers()
      /Users/z/work/lux/threshold/pkg/protocol/handler.go:361 +0x334
  github.com/luxfi/threshold/pkg/protocol.NewHandler()
      /Users/z/work/lux/threshold/pkg/protocol/handler.go:247 +0xf10
  github.com/luxfi/threshold/internal/test.(*Harness).CreateHandler()
      /Users/z/work/lux/threshold/internal/test/harness.go:91 +0x2e4
  github.com/luxfi/threshold/internal/test.RunProtocol()
      /Users/z/work/lux/threshold/internal/test/harness.go:270 +0x230
  github.com/luxfi/threshold/protocols/frost.TestDebugShares()
      /Users/z/work/lux/threshold/protocols/frost/debug_shares_test.go:21 +0x110
  testing.tRunner()
      /opt/homebrew/Cellar/go/1.24.6/libexec/src/testing/testing.go:1792 +0x180
  testing.(*T).Run.gowrap1()
      /opt/homebrew/Cellar/go/1.24.6/libexec/src/testing/testing.go:1851 +0x40
==================
2025-08-15T22:12:55.742-0500	DEBUG	protocol/handler.go:1591	have processed broadcast	{"{round 20 2  <nil>}": {"Key":"from","Type":15,"Integer":0,"String":"b","Interface":null}}
==================
WARNING: DATA RACE
Read at 0x00c00022a258 by goroutine 95:
  github.com/luxfi/threshold/protocols/frost/keygen.(*round2).MessageContent()
      <autogenerated>:1 +0x38
  github.com/luxfi/threshold/pkg/protocol.(*Handler).hasAllMessages()
      /Users/z/work/lux/threshold/pkg/protocol/handler.go:1617 +0x6c8
  github.com/luxfi/threshold/pkg/protocol.(*Handler).tryAdvanceRound()
      /Users/z/work/lux/threshold/pkg/protocol/handler.go:589 +0x29c
  github.com/luxfi/threshold/pkg/protocol.(*Handler).processMessage()
      /Users/z/work/lux/threshold/pkg/protocol/handler.go:486 +0xbb0
  github.com/luxfi/threshold/pkg/protocol.(*Handler).messageWorker()
      /Users/z/work/lux/threshold/pkg/protocol/handler.go:408 +0x338
  github.com/luxfi/threshold/pkg/protocol.(*Handler).startWorkers.gowrap2()
      /Users/z/work/lux/threshold/pkg/protocol/handler.go:361 +0x44

Previous write at 0x00c00022a25c by goroutine 99:
  ??()
      -:0 +0x104ad5eb0
  sync/atomic.AddInt32()
      <autogenerated>:1 +0x14
  sync.(*Mutex).Unlock()
      /opt/homebrew/Cellar/go/1.24.6/libexec/src/sync/mutex.go:65 +0x2c
  github.com/luxfi/threshold/protocols/frost/keygen.(*round2).StoreBroadcastMessage()
      /Users/z/work/lux/threshold/protocols/frost/keygen/round2.go:62 +0x78
  github.com/luxfi/threshold/pkg/protocol.(*Handler).verifyBroadcastForRound()
      /Users/z/work/lux/threshold/pkg/protocol/handler.go:1277 +0x3a0
  github.com/luxfi/threshold/pkg/protocol.(*Handler).retryUnprocessedMessages()
      /Users/z/work/lux/threshold/pkg/protocol/handler.go:1483 +0x22c
  github.com/luxfi/threshold/pkg/protocol.(*Handler).tryAdvanceRound()
      /Users/z/work/lux/threshold/pkg/protocol/handler.go:587 +0x28c
  github.com/luxfi/threshold/pkg/protocol.(*Handler).roundProcessor()
      /Users/z/work/lux/threshold/pkg/protocol/handler.go:569 +0xb4
  github.com/luxfi/threshold/pkg/protocol.(*Handler).startWorkers.func1()
      /Users/z/work/lux/threshold/pkg/protocol/handler.go:374 +0x78

Goroutine 95 (running) created at:
  github.com/luxfi/threshold/pkg/protocol.(*Handler).startWorkers()
      /Users/z/work/lux/threshold/pkg/protocol/handler.go:361 +0x334
  github.com/luxfi/threshold/pkg/protocol.NewHandler()
      /Users/z/work/lux/threshold/pkg/protocol/handler.go:247 +0xf10
  github.com/luxfi/threshold/internal/test.(*Harness).CreateHandler()
      /Users/z/work/lux/threshold/internal/test/harness.go:91 +0x2e4
  github.com/luxfi/threshold/internal/test.RunProtocol()
      /Users/z/work/lux/threshold/internal/test/harness.go:270 +0x230
  github.com/luxfi/threshold/protocols/frost.TestDebugShares()
      /Users/z/work/lux/threshold/protocols/frost/debug_shares_test.go:21 +0x110
  testing.tRunner()
      /opt/homebrew/Cellar/go/1.24.6/libexec/src/testing/testing.go:1792 +0x180
  testing.(*T).Run.gowrap1()
      /opt/homebrew/Cellar/go/1.24.6/libexec/src/testing/testing.go:1851 +0x40

Goroutine 99 (running) created at:
  github.com/luxfi/threshold/pkg/protocol.(*Handler).startWorkers()
      /Users/z/work/lux/threshold/pkg/protocol/handler.go:372 +0x4fc
  github.com/luxfi/threshold/pkg/protocol.NewHandler()
      /Users/z/work/lux/threshold/pkg/protocol/handler.go:247 +0xf10
  github.com/luxfi/threshold/internal/test.(*Harness).CreateHandler()
      /Users/z/work/lux/threshold/internal/test/harness.go:91 +0x2e4
  github.com/luxfi/threshold/internal/test.RunProtocol()
      /Users/z/work/lux/threshold/internal/test/harness.go:270 +0x230
  github.com/luxfi/threshold/protocols/frost.TestDebugShares()
      /Users/z/work/lux/threshold/protocols/frost/debug_shares_test.go:21 +0x110
  testing.tRunner()
      /opt/homebrew/Cellar/go/1.24.6/libexec/src/testing/testing.go:1792 +0x180
  testing.(*T).Run.gowrap1()
      /opt/homebrew/Cellar/go/1.24.6/libexec/src/testing/testing.go:1851 +0x40
==================
2025-08-15T22:12:55.743-0500	DEBUG	protocol/handler.go:1649	have all messages and processed	{"{round 20 2  <nil>}": {"Key":"self","Type":15,"Integer":0,"String":"c","Interface":null}}
2025-08-15T22:12:55.743-0500	DEBUG	protocol/handler.go:619	finalizing round
2025-08-15T22:12:55.742-0500	DEBUG	protocol/handler.go:1039	sendRoundMessage	{"{from 15 0 a <nil>}": {"Key":"to","Type":15,"Integer":0,"String":"","Interface":null}, "{round 20 3  <nil>}": {"Key":"broadcast","Type":4,"Integer":1,"String":"","Interface":null}}
2025-08-15T22:12:55.743-0500	DEBUG	protocol/handler.go:1657	storing broadcast	{"{round 20 3  <nil>}": {"Key":"from","Type":15,"Integer":0,"String":"a","Interface":null}}
2025-08-15T22:12:55.743-0500	DEBUG	protocol/handler.go:1039	sendRoundMessage	{"{from 15 0 c <nil>}": {"Key":"to","Type":15,"Integer":0,"String":"","Interface":null}, "{round 20 3  <nil>}": {"Key":"broadcast","Type":4,"Integer":1,"String":"","Interface":null}}
2025-08-15T22:12:55.743-0500	DEBUG	protocol/handler.go:1081	sent message to output channel	{"{from 15 0 a <nil>}": {"Key":"to","Type":15,"Integer":0,"String":"","Interface":null}, "{round 20 3  <nil>}": {"Key":"broadcast","Type":4,"Integer":1,"String":"","Interface":null}}
2025-08-15T22:12:55.743-0500	DEBUG	protocol/handler.go:1039	sendRoundMessage	{"{from 15 0 a <nil>}": {"Key":"to","Type":15,"Integer":0,"String":"b","Interface":null}, "{round 20 3  <nil>}": {"Key":"broadcast","Type":4,"Integer":0,"String":"","Interface":null}}
2025-08-15T22:12:55.743-0500	DEBUG	protocol/handler.go:1657	storing broadcast	{"{round 20 3  <nil>}": {"Key":"from","Type":15,"Integer":0,"String":"c","Interface":null}}
2025-08-15T22:12:55.743-0500	DEBUG	protocol/handler.go:1081	sent message to output channel	{"{from 15 0 c <nil>}": {"Key":"to","Type":15,"Integer":0,"String":"","Interface":null}, "{round 20 3  <nil>}": {"Key":"broadcast","Type":4,"Integer":1,"String":"","Interface":null}}
2025-08-15T22:12:55.743-0500	DEBUG	protocol/handler.go:1039	sendRoundMessage	{"{from 15 0 c <nil>}": {"Key":"to","Type":15,"Integer":0,"String":"a","Interface":null}, "{round 20 3  <nil>}": {"Key":"broadcast","Type":4,"Integer":0,"String":"","Interface":null}}
2025-08-15T22:12:55.743-0500	DEBUG	protocol/handler.go:1081	sent message to output channel	{"{from 15 0 c <nil>}": {"Key":"to","Type":15,"Integer":0,"String":"a","Interface":null}, "{round 20 3  <nil>}": {"Key":"broadcast","Type":4,"Integer":0,"String":"","Interface":null}}
2025-08-15T22:12:55.743-0500	DEBUG	protocol/handler.go:1039	sendRoundMessage	{"{from 15 0 c <nil>}": {"Key":"to","Type":15,"Integer":0,"String":"b","Interface":null}, "{round 20 3  <nil>}": {"Key":"broadcast","Type":4,"Integer":0,"String":"","Interface":null}}
2025-08-15T22:12:55.743-0500	DEBUG	protocol/handler.go:1081	sent message to output channel	{"{from 15 0 c <nil>}": {"Key":"to","Type":15,"Integer":0,"String":"b","Interface":null}, "{round 20 3  <nil>}": {"Key":"broadcast","Type":4,"Integer":0,"String":"","Interface":null}}
2025-08-15T22:12:55.743-0500	DEBUG	protocol/handler.go:1182	finalized round messages	{"{round 20 2  <nil>}": {"Key":"messages","Type":11,"Integer":3,"String":"","Interface":null}}
2025-08-15T22:12:55.743-0500	DEBUG	protocol/handler.go:437	processing message	{"{from 15 0 a <nil>}": {"Key":"to","Type":15,"Integer":0,"String":"","Interface":null}, "{round 20 3  <nil>}": {"Key":"broadcast","Type":4,"Integer":1,"String":"","Interface":null}}
2025-08-15T22:12:55.744-0500	DEBUG	protocol/handler.go:1239	finalize returned next round	{"{current 20 2  <nil>}": {"Key":"next","Type":20,"Integer":3,"String":"","Interface":null}}
2025-08-15T22:12:55.743-0500	DEBUG	protocol/handler.go:437	processing message	{"{from 15 0 c <nil>}": {"Key":"to","Type":15,"Integer":0,"String":"","Interface":null}, "{round 20 3  <nil>}": {"Key":"broadcast","Type":4,"Integer":1,"String":"","Interface":null}}
2025-08-15T22:12:55.744-0500	INFO	protocol/handler.go:642	storing new currentRound	{"{from 20 2  <nil>}": {"Key":"to","Type":20,"Integer":3,"String":"","Interface":null}}
2025-08-15T22:12:55.744-0500	DEBUG	protocol/handler.go:1657	storing broadcast	{"{round 20 3  <nil>}": {"Key":"from","Type":15,"Integer":0,"String":"a","Interface":null}}
2025-08-15T22:12:55.744-0500	DEBUG	protocol/handler.go:1503	processing queued messages
2025-08-15T22:12:55.744-0500	DEBUG	protocol/handler.go:1503	processing queued messages
2025-08-15T22:12:55.744-0500	DEBUG	protocol/handler.go:1657	storing broadcast	{"{round 20 3  <nil>}": {"Key":"from","Type":15,"Integer":0,"String":"c","Interface":null}}
==================
WARNING: DATA RACE
Read at 0x00c0004fe0b8 by goroutine 44:
  github.com/luxfi/threshold/protocols/frost/keygen.(*round2).Number()
      <autogenerated>:1 +0x38
  github.com/luxfi/threshold/pkg/protocol.(*Handler).processMessage()
      /Users/z/work/lux/threshold/pkg/protocol/handler.go:469 +0x94c
  github.com/luxfi/threshold/pkg/protocol.(*Handler).messageWorker()
      /Users/z/work/lux/threshold/pkg/protocol/handler.go:408 +0x338
  github.com/luxfi/threshold/pkg/protocol.(*Handler).startWorkers.gowrap2()
      /Users/z/work/lux/threshold/pkg/protocol/handler.go:361 +0x44

Previous write at 0x00c0004fe0bc by goroutine 125:
  ??()
      -:0 +0x104ad5eb0
  sync/atomic.AddInt32()
      <autogenerated>:1 +0x14
  sync.(*Mutex).Unlock()
      /opt/homebrew/Cellar/go/1.24.6/libexec/src/sync/mutex.go:65 +0x2c
  github.com/luxfi/threshold/protocols/frost/keygen.(*round2).Finalize()
      /Users/z/work/lux/threshold/protocols/frost/keygen/round2.go:159 +0x7a0
  github.com/luxfi/threshold/pkg/protocol.(*Handler).finalizeRound.func1()
      /Users/z/work/lux/threshold/pkg/protocol/handler.go:1163 +0xe4

Goroutine 44 (running) created at:
  github.com/luxfi/threshold/pkg/protocol.(*Handler).startWorkers()
      /Users/z/work/lux/threshold/pkg/protocol/handler.go:361 +0x334
  github.com/luxfi/threshold/pkg/protocol.NewHandler()
      /Users/z/work/lux/threshold/pkg/protocol/handler.go:247 +0xf10
2025-08-15T22:12:55.744-0500	DEBUG	protocol/handler.go:581	tryAdvanceRound called	{"{current_round 20 3  <nil>}": {"Key":"self","Type":15,"Integer":0,"String":"c","Interface":null}}
  github.com/luxfi/threshold/internal/test.(*Harness).CreateHandler()
      /Users/z/work/lux/threshold/internal/test/harness.go:91 +0x2e4
  github.com/luxfi/threshold/internal/test.RunProtocol()
      /Users/z/work/lux/threshold/internal/test/harness.go:270 +0x230
  github.com/luxfi/threshold/protocols/frost.TestDebugShares()
      /Users/z/work/lux/threshold/protocols/frost/debug_shares_test.go:21 +0x110
  testing.tRunner()
      /opt/homebrew/Cellar/go/1.24.6/libexec/src/testing/testing.go:1792 +0x180
  testing.(*T).Run.gowrap1()
      /opt/homebrew/Cellar/go/1.24.6/libexec/src/testing/testing.go:1851 +0x40

Goroutine 125 (finished) created at:
  github.com/luxfi/threshold/pkg/protocol.(*Handler).finalizeRound()
      /Users/z/work/lux/threshold/pkg/protocol/handler.go:1160 +0x26c
  github.com/luxfi/threshold/pkg/protocol.(*Handler).tryAdvanceRound()
      /Users/z/work/lux/threshold/pkg/protocol/handler.go:622 +0xae4
  github.com/luxfi/threshold/pkg/protocol.(*Handler).processMessage()
      /Users/z/work/lux/threshold/pkg/protocol/handler.go:486 +0xbb0
  github.com/luxfi/threshold/pkg/protocol.(*Handler).messageWorker()
      /Users/z/work/lux/threshold/pkg/protocol/handler.go:408 +0x338
  github.com/luxfi/threshold/pkg/protocol.(*Handler).startWorkers.gowrap2()
      /Users/z/work/lux/threshold/pkg/protocol/handler.go:361 +0x44
==================
2025-08-15T22:12:55.744-0500	DEBUG	protocol/handler.go:1591	have processed broadcast	{"{round 20 3  <nil>}": {"Key":"from","Type":15,"Integer":0,"String":"a","Interface":null}}
2025-08-15T22:12:55.744-0500	DEBUG	protocol/handler.go:1600	waiting for broadcasts	{"{round 20 3  <nil>}": {"Key":"missing","Type":15,"Integer":0,"String":"[b]","Interface":null}}
2025-08-15T22:12:55.743-0500	DEBUG	protocol/handler.go:1081	sent message to output channel	{"{from 15 0 a <nil>}": {"Key":"to","Type":15,"Integer":0,"String":"b","Interface":null}, "{round 20 3  <nil>}": {"Key":"broadcast","Type":4,"Integer":0,"String":"","Interface":null}}
2025-08-15T22:12:55.744-0500	DEBUG	protocol/handler.go:1039	sendRoundMessage	{"{from 15 0 a <nil>}": {"Key":"to","Type":15,"Integer":0,"String":"c","Interface":null}, "{round 20 3  <nil>}": {"Key":"broadcast","Type":4,"Integer":0,"String":"","Interface":null}}
2025-08-15T22:12:55.744-0500	DEBUG	protocol/handler.go:1081	sent message to output channel	{"{from 15 0 a <nil>}": {"Key":"to","Type":15,"Integer":0,"String":"c","Interface":null}, "{round 20 3  <nil>}": {"Key":"broadcast","Type":4,"Integer":0,"String":"","Interface":null}}
2025-08-15T22:12:55.744-0500	DEBUG	protocol/handler.go:1182	finalized round messages	{"{round 20 2  <nil>}": {"Key":"messages","Type":11,"Integer":3,"String":"","Interface":null}}
2025-08-15T22:12:55.744-0500	DEBUG	protocol/handler.go:1239	finalize returned next round	{"{current 20 2  <nil>}": {"Key":"next","Type":20,"Integer":3,"String":"","Interface":null}}
2025-08-15T22:12:55.744-0500	INFO	protocol/handler.go:642	storing new currentRound	{"{from 20 2  <nil>}": {"Key":"to","Type":20,"Integer":3,"String":"","Interface":null}}
2025-08-15T22:12:55.744-0500	DEBUG	protocol/handler.go:1503	processing queued messages
2025-08-15T22:12:55.744-0500	DEBUG	protocol/handler.go:1503	processing queued messages
2025-08-15T22:12:55.744-0500	DEBUG	protocol/handler.go:470	message for different round (buffering)	{"{msg_round 20 3  <nil>}": {"Key":"current_round","Type":20,"Integer":2,"String":"","Interface":null}}
2025-08-15T22:12:55.744-0500	DEBUG	protocol/handler.go:581	tryAdvanceRound called	{"{current_round 20 3  <nil>}": {"Key":"self","Type":15,"Integer":0,"String":"a","Interface":null}}
2025-08-15T22:12:55.745-0500	DEBUG	protocol/handler.go:1591	have processed broadcast	{"{round 20 3  <nil>}": {"Key":"from","Type":15,"Integer":0,"String":"c","Interface":null}}
2025-08-15T22:12:55.745-0500	DEBUG	protocol/handler.go:1600	waiting for broadcasts	{"{round 20 3  <nil>}": {"Key":"missing","Type":15,"Integer":0,"String":"[b]","Interface":null}}
2025-08-15T22:12:55.745-0500	DEBUG	protocol/handler.go:437	processing message	{"{from 15 0 a <nil>}": {"Key":"to","Type":15,"Integer":0,"String":"","Interface":null}, "{round 20 3  <nil>}": {"Key":"broadcast","Type":4,"Integer":1,"String":"","Interface":null}}
2025-08-15T22:12:55.746-0500	DEBUG	protocol/handler.go:1657	storing broadcast	{"{round 20 3  <nil>}": {"Key":"from","Type":15,"Integer":0,"String":"a","Interface":null}}
==================
WARNING: DATA RACE
Read at 0x00c00054c0b8 by goroutine 68:
  github.com/luxfi/threshold/protocols/frost/keygen.(*round2).Number()
      <autogenerated>:1 +0x38
  github.com/luxfi/threshold/pkg/protocol.(*Handler).processMessage()
      /Users/z/work/lux/threshold/pkg/protocol/handler.go:469 +0x94c
  github.com/luxfi/threshold/pkg/protocol.(*Handler).messageWorker()
      /Users/z/work/lux/threshold/pkg/protocol/handler.go:408 +0x338
  github.com/luxfi/threshold/pkg/protocol.(*Handler).startWorkers.gowrap2()
      /Users/z/work/lux/threshold/pkg/protocol/handler.go:361 +0x44

Previous write at 0x00c00054c0bc by goroutine 123:
  ??()
      -:0 +0x104ad5eb0
  sync/atomic.AddInt32()
      <autogenerated>:1 +0x14
  sync.(*Mutex).Unlock()
      /opt/homebrew/Cellar/go/1.24.6/libexec/src/sync/mutex.go:65 +0x2c
  github.com/luxfi/threshold/protocols/frost/keygen.(*round2).StoreBroadcastMessage()
      /Users/z/work/lux/threshold/protocols/frost/keygen/round2.go:62 +0x78
  github.com/luxfi/threshold/pkg/protocol.(*Handler).verifyBroadcastForRound()
      /Users/z/work/lux/threshold/pkg/protocol/handler.go:1277 +0x3a0
  github.com/luxfi/threshold/pkg/protocol.(*Handler).processQueuedMessages()
      /Users/z/work/lux/threshold/pkg/protocol/handler.go:1542 +0x404
  github.com/luxfi/threshold/pkg/protocol.(*Handler).tryAdvanceRound.gowrap2()
      /Users/z/work/lux/threshold/pkg/protocol/handler.go:673 +0x40

Goroutine 68 (running) created at:
  github.com/luxfi/threshold/pkg/protocol.(*Handler).startWorkers()
      /Users/z/work/lux/threshold/pkg/protocol/handler.go:361 +0x334
  github.com/luxfi/threshold/pkg/protocol.NewHandler()
      /Users/z/work/lux/threshold/pkg/protocol/handler.go:247 +0xf10
  github.com/luxfi/threshold/internal/test.(*Harness).CreateHandler()
      /Users/z/work/lux/threshold/internal/test/harness.go:91 +0x2e4
  github.com/luxfi/threshold/internal/test.RunProtocol()
      /Users/z/work/lux/threshold/internal/test/harness.go:270 +0x230
  github.com/luxfi/threshold/protocols/frost.TestDebugShares()
      /Users/z/work/lux/threshold/protocols/frost/debug_shares_test.go:21 +0x110
  testing.tRunner()
      /opt/homebrew/Cellar/go/1.24.6/libexec/src/testing/testing.go:1792 +0x180
  testing.(*T).Run.gowrap1()
      /opt/homebrew/Cellar/go/1.24.6/libexec/src/testing/testing.go:1851 +0x40

Goroutine 123 (running) created at:
  github.com/luxfi/threshold/pkg/protocol.(*Handler).tryAdvanceRound()
      /Users/z/work/lux/threshold/pkg/protocol/handler.go:673 +0x12e4
  github.com/luxfi/threshold/pkg/protocol.(*Handler).roundProcessor()
      /Users/z/work/lux/threshold/pkg/protocol/handler.go:569 +0xb4
  github.com/luxfi/threshold/pkg/protocol.(*Handler).startWorkers.func1()
      /Users/z/work/lux/threshold/pkg/protocol/handler.go:374 +0x78
==================
2025-08-15T22:12:55.746-0500	DEBUG	protocol/handler.go:432	processMessage: p2p round 3 START	{"{from 15 0 a <nil>}": {"Key":"to","Type":15,"Integer":0,"String":"b","Interface":null}}
2025-08-15T22:12:55.746-0500	DEBUG	protocol/handler.go:470	message for different round (buffering)	{"{msg_round 20 3  <nil>}": {"Key":"current_round","Type":20,"Integer":2,"String":"","Interface":null}}
2025-08-15T22:12:55.746-0500	DEBUG	protocol/handler.go:581	tryAdvanceRound called	{"{current_round 20 2  <nil>}": {"Key":"self","Type":15,"Integer":0,"String":"b","Interface":null}}
2025-08-15T22:12:55.746-0500	DEBUG	protocol/handler.go:437	processing message	{"{from 15 0 a <nil>}": {"Key":"to","Type":15,"Integer":0,"String":"b","Interface":null}, "{round 20 3  <nil>}": {"Key":"broadcast","Type":4,"Integer":0,"String":"","Interface":null}}
2025-08-15T22:12:55.746-0500	DEBUG	protocol/handler.go:1591	have processed broadcast	{"{round 20 2  <nil>}": {"Key":"from","Type":15,"Integer":0,"String":"b","Interface":null}}
2025-08-15T22:12:55.746-0500	DEBUG	protocol/handler.go:1662	storing message	{"{round 20 3  <nil>}": {"Key":"from","Type":15,"Integer":0,"String":"a","Interface":null}}
2025-08-15T22:12:55.746-0500	DEBUG	protocol/handler.go:1591	have processed broadcast	{"{round 20 2  <nil>}": {"Key":"from","Type":15,"Integer":0,"String":"c","Interface":null}}
2025-08-15T22:12:55.746-0500	DEBUG	protocol/handler.go:470	message for different round (buffering)	{"{msg_round 20 3  <nil>}": {"Key":"current_round","Type":20,"Integer":2,"String":"","Interface":null}}
2025-08-15T22:12:55.746-0500	DEBUG	protocol/handler.go:1649	have all messages and processed	{"{round 20 2  <nil>}": {"Key":"self","Type":15,"Integer":0,"String":"a","Interface":null}}
2025-08-15T22:12:55.746-0500	DEBUG	protocol/handler.go:581	tryAdvanceRound called	{"{current_round 20 2  <nil>}": {"Key":"self","Type":15,"Integer":0,"String":"b","Interface":null}}
2025-08-15T22:12:55.746-0500	DEBUG	protocol/handler.go:596	round already finalized
2025-08-15T22:12:55.746-0500	DEBUG	protocol/handler.go:600	current round already advanced	{"{checking 20 2  <nil>}": {"Key":"current","Type":20,"Integer":3,"String":"","Interface":null}}
2025-08-15T22:12:55.746-0500	DEBUG	protocol/handler.go:432	processMessage: p2p round 3 START	{"{from 15 0 c <nil>}": {"Key":"to","Type":15,"Integer":0,"String":"a","Interface":null}}
2025-08-15T22:12:55.746-0500	DEBUG	protocol/handler.go:437	processing message	{"{from 15 0 c <nil>}": {"Key":"to","Type":15,"Integer":0,"String":"a","Interface":null}, "{round 20 3  <nil>}": {"Key":"broadcast","Type":4,"Integer":0,"String":"","Interface":null}}
2025-08-15T22:12:55.746-0500	DEBUG	protocol/handler.go:1662	storing message	{"{round 20 3  <nil>}": {"Key":"from","Type":15,"Integer":0,"String":"c","Interface":null}}
2025-08-15T22:12:55.746-0500	DEBUG	protocol/handler.go:437	processing message	{"{from 15 0 c <nil>}": {"Key":"to","Type":15,"Integer":0,"String":"","Interface":null}, "{round 20 3  <nil>}": {"Key":"broadcast","Type":4,"Integer":1,"String":"","Interface":null}}
2025-08-15T22:12:55.746-0500	DEBUG	protocol/handler.go:1657	storing broadcast	{"{round 20 3  <nil>}": {"Key":"from","Type":15,"Integer":0,"String":"c","Interface":null}}
==================
WARNING: DATA RACE
Write at 0x00c00054c0bc by goroutine 68:
  ??()
      -:0 +0x104ada650
  sync/atomic.CompareAndSwapInt32()
      <autogenerated>:1 +0x18
  sync.(*Mutex).Lock()
      /opt/homebrew/Cellar/go/1.24.6/libexec/src/sync/mutex.go:46 +0x2c
  github.com/luxfi/threshold/protocols/frost/keygen.(*round2).StoreBroadcastMessage()
      /Users/z/work/lux/threshold/protocols/frost/keygen/round2.go:57 +0x58
  github.com/luxfi/threshold/pkg/protocol.(*Handler).verifyBroadcastForRound()
      /Users/z/work/lux/threshold/pkg/protocol/handler.go:1277 +0x3a0
  github.com/luxfi/threshold/pkg/protocol.(*Handler).retryUnprocessedMessages()
      /Users/z/work/lux/threshold/pkg/protocol/handler.go:1483 +0x22c
  github.com/luxfi/threshold/pkg/protocol.(*Handler).tryAdvanceRound()
      /Users/z/work/lux/threshold/pkg/protocol/handler.go:587 +0x28c
  github.com/luxfi/threshold/pkg/protocol.(*Handler).processMessage()
      /Users/z/work/lux/threshold/pkg/protocol/handler.go:474 +0xb70
2025-08-15T22:12:55.747-0500	DEBUG	protocol/handler.go:470	message for different round (buffering)	{"{msg_round 20 3  <nil>}": {"Key":"current_round","Type":20,"Integer":2,"String":"","Interface":null}}
  github.com/luxfi/threshold/pkg/protocol.(*Handler).messageWorker()
      /Users/z/work/lux/threshold/pkg/protocol/handler.go:408 +0x338
  github.com/luxfi/threshold/pkg/protocol.(*Handler).startWorkers.gowrap2()
      /Users/z/work/lux/threshold/pkg/protocol/handler.go:361 +0x44

Previous read at 0x00c00054c0b8 by goroutine 65:
  github.com/luxfi/threshold/protocols/frost/keygen.(*round2).Number()
      <autogenerated>:1 +0x38
  github.com/luxfi/threshold/pkg/protocol.(*Handler).tryAdvanceRound()
      /Users/z/work/lux/threshold/pkg/protocol/handler.go:587 +0x280
  github.com/luxfi/threshold/pkg/protocol.(*Handler).processMessage()
      /Users/z/work/lux/threshold/pkg/protocol/handler.go:474 +0xb70
  github.com/luxfi/threshold/pkg/protocol.(*Handler).messageWorker()
      /Users/z/work/lux/threshold/pkg/protocol/handler.go:408 +0x338
  github.com/luxfi/threshold/pkg/protocol.(*Handler).startWorkers.gowrap1()
      /Users/z/work/lux/threshold/pkg/protocol/handler.go:355 +0x44

Goroutine 68 (running) created at:
  github.com/luxfi/threshold/pkg/protocol.(*Handler).startWorkers()
      /Users/z/work/lux/threshold/pkg/protocol/handler.go:361 +0x334
  github.com/luxfi/threshold/pkg/protocol.NewHandler()
      /Users/z/work/lux/threshold/pkg/protocol/handler.go:247 +0xf10
  github.com/luxfi/threshold/internal/test.(*Harness).CreateHandler()
      /Users/z/work/lux/threshold/internal/test/harness.go:91 +0x2e4
  github.com/luxfi/threshold/internal/test.RunProtocol()
      /Users/z/work/lux/threshold/internal/test/harness.go:270 +0x230
  github.com/luxfi/threshold/protocols/frost.TestDebugShares()
      /Users/z/work/lux/threshold/protocols/frost/debug_shares_test.go:21 +0x110
  testing.tRunner()
      /opt/homebrew/Cellar/go/1.24.6/libexec/src/testing/testing.go:1792 +0x180
  testing.(*T).Run.gowrap1()
      /opt/homebrew/Cellar/go/1.24.6/libexec/src/testing/testing.go:1851 +0x40

Goroutine 65 (running) created at:
  github.com/luxfi/threshold/pkg/protocol.(*Handler).startWorkers()
      /Users/z/work/lux/threshold/pkg/protocol/handler.go:355 +0x27c
  github.com/luxfi/threshold/pkg/protocol.NewHandler()
      /Users/z/work/lux/threshold/pkg/protocol/handler.go:247 +0xf10
  github.com/luxfi/threshold/internal/test.(*Harness).CreateHandler()
      /Users/z/work/lux/threshold/internal/test/harness.go:91 +0x2e4
  github.com/luxfi/threshold/internal/test.RunProtocol()
      /Users/z/work/lux/threshold/internal/test/harness.go:270 +0x230
  github.com/luxfi/threshold/protocols/frost.TestDebugShares()
      /Users/z/work/lux/threshold/protocols/frost/debug_shares_test.go:21 +0x110
  testing.tRunner()
      /opt/homebrew/Cellar/go/1.24.6/libexec/src/testing/testing.go:1792 +0x180
  testing.(*T).Run.gowrap1()
      /opt/homebrew/Cellar/go/1.24.6/libexec/src/testing/testing.go:1851 +0x40
==================
==================
WARNING: DATA RACE
Write at 0x00c00054c0bc by goroutine 68:
  ??()
      -:0 +0x104ad5eb0
  sync/atomic.AddInt32()
      <autogenerated>:1 +0x14
  sync.(*Mutex).Unlock()
      /opt/homebrew/Cellar/go/1.24.6/libexec/src/sync/mutex.go:65 +0x2c
  github.com/luxfi/threshold/protocols/frost/keygen.(*round2).StoreBroadcastMessage()
      /Users/z/work/lux/threshold/protocols/frost/keygen/round2.go:62 +0x78
  github.com/luxfi/threshold/pkg/protocol.(*Handler).verifyBroadcastForRound()
      /Users/z/work/lux/threshold/pkg/protocol/handler.go:1277 +0x3a0
  github.com/luxfi/threshold/pkg/protocol.(*Handler).retryUnprocessedMessages()
      /Users/z/work/lux/threshold/pkg/protocol/handler.go:1483 +0x22c
  github.com/luxfi/threshold/pkg/protocol.(*Handler).tryAdvanceRound()
      /Users/z/work/lux/threshold/pkg/protocol/handler.go:587 +0x28c
  github.com/luxfi/threshold/pkg/protocol.(*Handler).processMessage()
      /Users/z/work/lux/threshold/pkg/protocol/handler.go:474 +0xb70
  github.com/luxfi/threshold/pkg/protocol.(*Handler).messageWorker()
      /Users/z/work/lux/threshold/pkg/protocol/handler.go:408 +0x338
  github.com/luxfi/threshold/pkg/protocol.(*Handler).startWorkers.gowrap2()
      /Users/z/work/lux/threshold/pkg/protocol/handler.go:361 +0x44

Previous read at 0x00c00054c0b8 by goroutine 70:
  github.com/luxfi/threshold/protocols/frost/keygen.(*round2).Number()
      <autogenerated>:1 +0x38
  github.com/luxfi/threshold/pkg/protocol.(*Handler).tryAdvanceRound()
      /Users/z/work/lux/threshold/pkg/protocol/handler.go:582 +0x70
  github.com/luxfi/threshold/pkg/protocol.(*Handler).processMessage()
      /Users/z/work/lux/threshold/pkg/protocol/handler.go:474 +0xb70
  github.com/luxfi/threshold/pkg/protocol.(*Handler).messageWorker()
      /Users/z/work/lux/threshold/pkg/protocol/handler.go:408 +0x338
  github.com/luxfi/threshold/pkg/protocol.(*Handler).startWorkers.gowrap2()
      /Users/z/work/lux/threshold/pkg/protocol/handler.go:361 +0x44

Goroutine 68 (running) created at:
  github.com/luxfi/threshold/pkg/protocol.(*Handler).startWorkers()
      /Users/z/work/lux/threshold/pkg/protocol/handler.go:361 +0x334
  github.com/luxfi/threshold/pkg/protocol.NewHandler()
      /Users/z/work/lux/threshold/pkg/protocol/handler.go:247 +0xf10
  github.com/luxfi/threshold/internal/test.(*Harness).CreateHandler()
      /Users/z/work/lux/threshold/internal/test/harness.go:91 +0x2e4
  github.com/luxfi/threshold/internal/test.RunProtocol()
      /Users/z/work/lux/threshold/internal/test/harness.go:270 +0x230
  github.com/luxfi/threshold/protocols/frost.TestDebugShares()
      /Users/z/work/lux/threshold/protocols/frost/debug_shares_test.go:21 +0x110
  testing.tRunner()
      /opt/homebrew/Cellar/go/1.24.6/libexec/src/testing/testing.go:1792 +0x180
  testing.(*T).Run.gowrap1()
      /opt/homebrew/Cellar/go/1.24.6/libexec/src/testing/testing.go:1851 +0x40

Goroutine 70 (running) created at:
  github.com/luxfi/threshold/pkg/protocol.(*Handler).startWorkers()
      /Users/z/work/lux/threshold/pkg/protocol/handler.go:361 +0x334
  github.com/luxfi/threshold/pkg/protocol.NewHandler()
      /Users/z/work/lux/threshold/pkg/protocol/handler.go:247 +0xf10
  github.com/luxfi/threshold/internal/test.(*Harness).CreateHandler()
      /Users/z/work/lux/threshold/internal/test/harness.go:91 +0x2e4
  github.com/luxfi/threshold/internal/test.RunProtocol()
      /Users/z/work/lux/threshold/internal/test/harness.go:270 +0x230
  github.com/luxfi/threshold/protocols/frost.TestDebugShares()
      /Users/z/work/lux/threshold/protocols/frost/debug_shares_test.go:21 +0x110
  testing.tRunner()
      /opt/homebrew/Cellar/go/1.24.6/libexec/src/testing/testing.go:1792 +0x180
  testing.(*T).Run.gowrap1()
      /opt/homebrew/Cellar/go/1.24.6/libexec/src/testing/testing.go:1851 +0x40
==================
2025-08-15T22:12:55.747-0500	DEBUG	protocol/handler.go:432	processMessage: p2p round 3 START	{"{from 15 0 c <nil>}": {"Key":"to","Type":15,"Integer":0,"String":"b","Interface":null}}
2025-08-15T22:12:55.747-0500	DEBUG	protocol/handler.go:437	processing message	{"{from 15 0 c <nil>}": {"Key":"to","Type":15,"Integer":0,"String":"b","Interface":null}, "{round 20 3  <nil>}": {"Key":"broadcast","Type":4,"Integer":0,"String":"","Interface":null}}
2025-08-15T22:12:55.747-0500	DEBUG	protocol/handler.go:1662	storing message	{"{round 20 3  <nil>}": {"Key":"from","Type":15,"Integer":0,"String":"c","Interface":null}}
2025-08-15T22:12:55.747-0500	DEBUG	protocol/handler.go:470	message for different round (buffering)	{"{msg_round 20 3  <nil>}": {"Key":"current_round","Type":20,"Integer":2,"String":"","Interface":null}}
2025-08-15T22:12:55.747-0500	DEBUG	protocol/handler.go:581	tryAdvanceRound called	{"{current_round 20 2  <nil>}": {"Key":"self","Type":15,"Integer":0,"String":"b","Interface":null}}
2025-08-15T22:12:55.748-0500	DEBUG	protocol/handler.go:1591	have processed broadcast	{"{round 20 2  <nil>}": {"Key":"from","Type":15,"Integer":0,"String":"a","Interface":null}}
==================
WARNING: DATA RACE
Write at 0x00c00054c0bc by goroutine 65:
2025-08-15T22:12:55.748-0500	DEBUG	protocol/handler.go:1591	have processed broadcast	{"{round 20 2  <nil>}": {"Key":"from","Type":15,"Integer":0,"String":"c","Interface":null}}
  ??()
      -:0 +0x104ada650
  sync/atomic.CompareAndSwapInt32()
      <autogenerated>:1 +0x18
  sync.(*Mutex).Lock()
      /opt/homebrew/Cellar/go/1.24.6/libexec/src/sync/mutex.go:46 +0x2c
  github.com/luxfi/threshold/protocols/frost/keygen.(*round2).StoreBroadcastMessage()
      /Users/z/work/lux/threshold/protocols/frost/keygen/round2.go:57 +0x58
  github.com/luxfi/threshold/pkg/protocol.(*Handler).verifyBroadcastForRound()
      /Users/z/work/lux/threshold/pkg/protocol/handler.go:1277 +0x3a0
  github.com/luxfi/threshold/pkg/protocol.(*Handler).retryUnprocessedMessages()
      /Users/z/work/lux/threshold/pkg/protocol/handler.go:1483 +0x22c
2025-08-15T22:12:55.748-0500	DEBUG	protocol/handler.go:1649	have all messages and processed	{"{round 20 2  <nil>}": {"Key":"self","Type":15,"Integer":0,"String":"b","Interface":null}}
  github.com/luxfi/threshold/pkg/protocol.(*Handler).tryAdvanceRound()
      /Users/z/work/lux/threshold/pkg/protocol/handler.go:587 +0x28c
  github.com/luxfi/threshold/pkg/protocol.(*Handler).processMessage()
      /Users/z/work/lux/threshold/pkg/protocol/handler.go:474 +0xb70
  github.com/luxfi/threshold/pkg/protocol.(*Handler).messageWorker()
      /Users/z/work/lux/threshold/pkg/protocol/handler.go:408 +0x338
  github.com/luxfi/threshold/pkg/protocol.(*Handler).startWorkers.gowrap1()
      /Users/z/work/lux/threshold/pkg/protocol/handler.go:355 +0x44

Previous read at 0x00c00054c0b8 by goroutine 66:
  github.com/luxfi/threshold/protocols/frost/keygen.(*round2).Number()
      <autogenerated>:1 +0x38
  github.com/luxfi/threshold/pkg/protocol.(*Handler).tryAdvanceRound()
      /Users/z/work/lux/threshold/pkg/protocol/handler.go:587 +0x280
  github.com/luxfi/threshold/pkg/protocol.(*Handler).processMessage()
      /Users/z/work/lux/threshold/pkg/protocol/handler.go:474 +0xb70
  github.com/luxfi/threshold/pkg/protocol.(*Handler).messageWorker()
      /Users/z/work/lux/threshold/pkg/protocol/handler.go:408 +0x338
  github.com/luxfi/threshold/pkg/protocol.(*Handler).startWorkers.gowrap1()
      /Users/z/work/lux/threshold/pkg/protocol/handler.go:355 +0x44

Goroutine 65 (running) created at:
  github.com/luxfi/threshold/pkg/protocol.(*Handler).startWorkers()
      /Users/z/work/lux/threshold/pkg/protocol/handler.go:355 +0x27c
  github.com/luxfi/threshold/pkg/protocol.NewHandler()
      /Users/z/work/lux/threshold/pkg/protocol/handler.go:247 +0xf10
  github.com/luxfi/threshold/internal/test.(*Harness).CreateHandler()
      /Users/z/work/lux/threshold/internal/test/harness.go:91 +0x2e4
  github.com/luxfi/threshold/internal/test.RunProtocol()
      /Users/z/work/lux/threshold/internal/test/harness.go:270 +0x230
  github.com/luxfi/threshold/protocols/frost.TestDebugShares()
      /Users/z/work/lux/threshold/protocols/frost/debug_shares_test.go:21 +0x110
  testing.tRunner()
      /opt/homebrew/Cellar/go/1.24.6/libexec/src/testing/testing.go:1792 +0x180
  testing.(*T).Run.gowrap1()
      /opt/homebrew/Cellar/go/1.24.6/libexec/src/testing/testing.go:1851 +0x40
2025-08-15T22:12:55.748-0500	DEBUG	protocol/handler.go:619	finalizing round

Goroutine 66 (running) created at:
  github.com/luxfi/threshold/pkg/protocol.(*Handler).startWorkers()
      /Users/z/work/lux/threshold/pkg/protocol/handler.go:355 +0x27c
  github.com/luxfi/threshold/pkg/protocol.NewHandler()
      /Users/z/work/lux/threshold/pkg/protocol/handler.go:247 +0xf10
  github.com/luxfi/threshold/internal/test.(*Harness).CreateHandler()
      /Users/z/work/lux/threshold/internal/test/harness.go:91 +0x2e4
  github.com/luxfi/threshold/internal/test.RunProtocol()
      /Users/z/work/lux/threshold/internal/test/harness.go:270 +0x230
  github.com/luxfi/threshold/protocols/frost.TestDebugShares()
      /Users/z/work/lux/threshold/protocols/frost/debug_shares_test.go:21 +0x110
  testing.tRunner()
      /opt/homebrew/Cellar/go/1.24.6/libexec/src/testing/testing.go:1792 +0x180
  testing.(*T).Run.gowrap1()
      /opt/homebrew/Cellar/go/1.24.6/libexec/src/testing/testing.go:1851 +0x40
==================
2025-08-15T22:12:55.748-0500	DEBUG	protocol/handler.go:581	tryAdvanceRound called	{"{current_round 20 3  <nil>}": {"Key":"self","Type":15,"Integer":0,"String":"a","Interface":null}}
2025-08-15T22:12:55.748-0500	DEBUG	protocol/handler.go:1591	have processed broadcast	{"{round 20 3  <nil>}": {"Key":"from","Type":15,"Integer":0,"String":"c","Interface":null}}
2025-08-15T22:12:55.748-0500	DEBUG	protocol/handler.go:1600	waiting for broadcasts	{"{round 20 3  <nil>}": {"Key":"missing","Type":15,"Integer":0,"String":"[b]","Interface":null}}
==================
WARNING: DATA RACE
Write at 0x00c00054c0bc by goroutine 65:
  ??()
      -:0 +0x104ad5eb0
  sync/atomic.AddInt32()
      <autogenerated>:1 +0x14
  sync.(*Mutex).Unlock()
      /opt/homebrew/Cellar/go/1.24.6/libexec/src/sync/mutex.go:65 +0x2c
  github.com/luxfi/threshold/protocols/frost/keygen.(*round2).StoreBroadcastMessage()
      /Users/z/work/lux/threshold/protocols/frost/keygen/round2.go:62 +0x78
  github.com/luxfi/threshold/pkg/protocol.(*Handler).verifyBroadcastForRound()
      /Users/z/work/lux/threshold/pkg/protocol/handler.go:1277 +0x3a0
  github.com/luxfi/threshold/pkg/protocol.(*Handler).retryUnprocessedMessages()
      /Users/z/work/lux/threshold/pkg/protocol/handler.go:1483 +0x22c
  github.com/luxfi/threshold/pkg/protocol.(*Handler).tryAdvanceRound()
      /Users/z/work/lux/threshold/pkg/protocol/handler.go:587 +0x28c
  github.com/luxfi/threshold/pkg/protocol.(*Handler).processMessage()
      /Users/z/work/lux/threshold/pkg/protocol/handler.go:474 +0xb70
  github.com/luxfi/threshold/pkg/protocol.(*Handler).messageWorker()
      /Users/z/work/lux/threshold/pkg/protocol/handler.go:408 +0x338
  github.com/luxfi/threshold/pkg/protocol.(*Handler).startWorkers.gowrap1()
      /Users/z/work/lux/threshold/pkg/protocol/handler.go:355 +0x44

Previous read at 0x00c00054c0b8 by goroutine 72:
  github.com/luxfi/threshold/protocols/frost/keygen.(*round2).Number()
      <autogenerated>:1 +0x38
  github.com/luxfi/threshold/pkg/protocol.(*Handler).finalizeRound()
      /Users/z/work/lux/threshold/pkg/protocol/handler.go:1144 +0x40
  github.com/luxfi/threshold/pkg/protocol.(*Handler).tryAdvanceRound()
      /Users/z/work/lux/threshold/pkg/protocol/handler.go:622 +0xae4
  github.com/luxfi/threshold/pkg/protocol.(*Handler).roundProcessor()
      /Users/z/work/lux/threshold/pkg/protocol/handler.go:569 +0xb4
  github.com/luxfi/threshold/pkg/protocol.(*Handler).startWorkers.func1()
      /Users/z/work/lux/threshold/pkg/protocol/handler.go:374 +0x78

Goroutine 65 (running) created at:
  github.com/luxfi/threshold/pkg/protocol.(*Handler).startWorkers()
      /Users/z/work/lux/threshold/pkg/protocol/handler.go:355 +0x27c
  github.com/luxfi/threshold/pkg/protocol.NewHandler()
      /Users/z/work/lux/threshold/pkg/protocol/handler.go:247 +0xf10
  github.com/luxfi/threshold/internal/test.(*Harness).CreateHandler()
      /Users/z/work/lux/threshold/internal/test/harness.go:91 +0x2e4
  github.com/luxfi/threshold/internal/test.RunProtocol()
      /Users/z/work/lux/threshold/internal/test/harness.go:270 +0x230
  github.com/luxfi/threshold/protocols/frost.TestDebugShares()
      /Users/z/work/lux/threshold/protocols/frost/debug_shares_test.go:21 +0x110
  testing.tRunner()
      /opt/homebrew/Cellar/go/1.24.6/libexec/src/testing/testing.go:1792 +0x180
  testing.(*T).Run.gowrap1()
      /opt/homebrew/Cellar/go/1.24.6/libexec/src/testing/testing.go:1851 +0x40

Goroutine 72 (running) created at:
  github.com/luxfi/threshold/pkg/protocol.(*Handler).startWorkers()
      /Users/z/work/lux/threshold/pkg/protocol/handler.go:372 +0x4fc
  github.com/luxfi/threshold/pkg/protocol.NewHandler()
      /Users/z/work/lux/threshold/pkg/protocol/handler.go:247 +0xf10
  github.com/luxfi/threshold/internal/test.(*Harness).CreateHandler()
      /Users/z/work/lux/threshold/internal/test/harness.go:91 +0x2e4
  github.com/luxfi/threshold/internal/test.RunProtocol()
      /Users/z/work/lux/threshold/internal/test/harness.go:270 +0x230
  github.com/luxfi/threshold/protocols/frost.TestDebugShares()
      /Users/z/work/lux/threshold/protocols/frost/debug_shares_test.go:21 +0x110
  testing.tRunner()
      /opt/homebrew/Cellar/go/1.24.6/libexec/src/testing/testing.go:1792 +0x180
  testing.(*T).Run.gowrap1()
      /opt/homebrew/Cellar/go/1.24.6/libexec/src/testing/testing.go:1851 +0x40
==================
==================
WARNING: DATA RACE
Write at 0x00c0004fe0bc by goroutine 128:
  ??()
      -:0 +0x104ada650
  sync/atomic.CompareAndSwapInt32()
      <autogenerated>:1 +0x18
  sync.(*Mutex).Lock()
      /opt/homebrew/Cellar/go/1.24.6/libexec/src/sync/mutex.go:46 +0x2c
  github.com/luxfi/threshold/protocols/frost/keygen.(*round2).StoreBroadcastMessage()
      /Users/z/work/lux/threshold/protocols/frost/keygen/round2.go:57 +0x58
  github.com/luxfi/threshold/pkg/protocol.(*Handler).verifyBroadcastForRound()
      /Users/z/work/lux/threshold/pkg/protocol/handler.go:1277 +0x3a0
  github.com/luxfi/threshold/pkg/protocol.(*Handler).processQueuedMessages()
      /Users/z/work/lux/threshold/pkg/protocol/handler.go:1513 +0x718
  github.com/luxfi/threshold/pkg/protocol.(*Handler).tryAdvanceRound.gowrap2()
      /Users/z/work/lux/threshold/pkg/protocol/handler.go:673 +0x40

Previous read at 0x00c0004fe0b8 by goroutine 45:
  github.com/luxfi/threshold/protocols/frost/keygen.(*round2).Number()
      <autogenerated>:1 +0x38
  github.com/luxfi/threshold/pkg/protocol.(*Handler).tryAdvanceRound()
      /Users/z/work/lux/threshold/pkg/protocol/handler.go:601 +0x4b0
  github.com/luxfi/threshold/pkg/protocol.(*Handler).roundProcessor()
      /Users/z/work/lux/threshold/pkg/protocol/handler.go:569 +0xb4
  github.com/luxfi/threshold/pkg/protocol.(*Handler).startWorkers.func1()
      /Users/z/work/lux/threshold/pkg/protocol/handler.go:374 +0x78

Goroutine 128 (running) created at:
  github.com/luxfi/threshold/pkg/protocol.(*Handler).tryAdvanceRound()
      /Users/z/work/lux/threshold/pkg/protocol/handler.go:673 +0x12e4
  github.com/luxfi/threshold/pkg/protocol.(*Handler).processMessage()
      /Users/z/work/lux/threshold/pkg/protocol/handler.go:486 +0xbb0
  github.com/luxfi/threshold/pkg/protocol.(*Handler).messageWorker()
      /Users/z/work/lux/threshold/pkg/protocol/handler.go:408 +0x338
  github.com/luxfi/threshold/pkg/protocol.(*Handler).startWorkers.gowrap2()
      /Users/z/work/lux/threshold/pkg/protocol/handler.go:361 +0x44

Goroutine 45 (running) created at:
  github.com/luxfi/threshold/pkg/protocol.(*Handler).startWorkers()
      /Users/z/work/lux/threshold/pkg/protocol/handler.go:372 +0x4fc
  github.com/luxfi/threshold/pkg/protocol.NewHandler()
      /Users/z/work/lux/threshold/pkg/protocol/handler.go:247 +0xf10
  github.com/luxfi/threshold/internal/test.(*Harness).CreateHandler()
      /Users/z/work/lux/threshold/internal/test/harness.go:91 +0x2e4
  github.com/luxfi/threshold/internal/test.RunProtocol()
      /Users/z/work/lux/threshold/internal/test/harness.go:270 +0x230
  github.com/luxfi/threshold/protocols/frost.TestDebugShares()
      /Users/z/work/lux/threshold/protocols/frost/debug_shares_test.go:21 +0x110
  testing.tRunner()
      /opt/homebrew/Cellar/go/1.24.6/libexec/src/testing/testing.go:1792 +0x180
  testing.(*T).Run.gowrap1()
      /opt/homebrew/Cellar/go/1.24.6/libexec/src/testing/testing.go:1851 +0x40
==================
2025-08-15T22:12:55.749-0500	DEBUG	protocol/handler.go:432	processMessage: p2p round 3 START	{"{from 15 0 a <nil>}": {"Key":"to","Type":15,"Integer":0,"String":"c","Interface":null}}
2025-08-15T22:12:55.749-0500	DEBUG	protocol/handler.go:437	processing message	{"{from 15 0 a <nil>}": {"Key":"to","Type":15,"Integer":0,"String":"c","Interface":null}, "{round 20 3  <nil>}": {"Key":"broadcast","Type":4,"Integer":0,"String":"","Interface":null}}
2025-08-15T22:12:55.749-0500	DEBUG	protocol/handler.go:1662	storing message	{"{round 20 3  <nil>}": {"Key":"from","Type":15,"Integer":0,"String":"a","Interface":null}}
2025-08-15T22:12:55.751-0500	DEBUG	protocol/handler.go:581	tryAdvanceRound called	{"{current_round 20 3  <nil>}": {"Key":"self","Type":15,"Integer":0,"String":"c","Interface":null}}
2025-08-15T22:12:55.751-0500	DEBUG	protocol/handler.go:1591	have processed broadcast	{"{round 20 3  <nil>}": {"Key":"from","Type":15,"Integer":0,"String":"a","Interface":null}}
2025-08-15T22:12:55.751-0500	DEBUG	protocol/handler.go:1600	waiting for broadcasts	{"{round 20 3  <nil>}": {"Key":"missing","Type":15,"Integer":0,"String":"[b]","Interface":null}}
2025-08-15T22:12:55.751-0500	INFO	protocol/handler.go:560	advanced to round
2025-08-15T22:12:55.751-0500	DEBUG	protocol/handler.go:581	tryAdvanceRound called	{"{current_round 20 3  <nil>}": {"Key":"self","Type":15,"Integer":0,"String":"a","Interface":null}}
2025-08-15T22:12:55.751-0500	DEBUG	protocol/handler.go:1591	have processed broadcast	{"{round 20 3  <nil>}": {"Key":"from","Type":15,"Integer":0,"String":"c","Interface":null}}
2025-08-15T22:12:55.751-0500	DEBUG	protocol/handler.go:1600	waiting for broadcasts	{"{round 20 3  <nil>}": {"Key":"missing","Type":15,"Integer":0,"String":"[b]","Interface":null}}
2025-08-15T22:12:55.747-0500	DEBUG	protocol/handler.go:581	tryAdvanceRound called	{"{current_round 20 2  <nil>}": {"Key":"self","Type":15,"Integer":0,"String":"b","Interface":null}}
2025-08-15T22:12:55.751-0500	DEBUG	protocol/handler.go:1591	have processed broadcast	{"{round 20 2  <nil>}": {"Key":"from","Type":15,"Integer":0,"String":"a","Interface":null}}
2025-08-15T22:12:55.751-0500	DEBUG	protocol/handler.go:1591	have processed broadcast	{"{round 20 2  <nil>}": {"Key":"from","Type":15,"Integer":0,"String":"c","Interface":null}}
==================
WARNING: DATA RACE
Write at 0x00c00054c0bc by goroutine 129:
  ??()
      -:0 +0x104ada650
  sync/atomic.CompareAndSwapInt32()
      <autogenerated>:1 +0x18
  sync.(*Mutex).Lock()
      /opt/homebrew/Cellar/go/1.24.6/libexec/src/sync/mutex.go:46 +0x2c
  github.com/luxfi/threshold/protocols/frost/keygen.(*round2).Finalize()
      /Users/z/work/lux/threshold/protocols/frost/keygen/round2.go:157 +0x784
  github.com/luxfi/threshold/pkg/protocol.(*Handler).finalizeRound.func1()
      /Users/z/work/lux/threshold/pkg/protocol/handler.go:1163 +0xe4

Previous read at 0x00c00054c0b8 by goroutine 70:
  github.com/luxfi/threshold/protocols/frost/keygen.(*round2).Number()
      <autogenerated>:1 +0x38
  github.com/luxfi/threshold/pkg/protocol.(*Handler).hasAllMessages()
      /Users/z/work/lux/threshold/pkg/protocol/handler.go:1570 +0x40
  github.com/luxfi/threshold/pkg/protocol.(*Handler).tryAdvanceRound()
      /Users/z/work/lux/threshold/pkg/protocol/handler.go:589 +0x29c
  github.com/luxfi/threshold/pkg/protocol.(*Handler).processMessage()
      /Users/z/work/lux/threshold/pkg/protocol/handler.go:474 +0xb70
  github.com/luxfi/threshold/pkg/protocol.(*Handler).messageWorker()
      /Users/z/work/lux/threshold/pkg/protocol/handler.go:408 +0x338
  github.com/luxfi/threshold/pkg/protocol.(*Handler).startWorkers.gowrap2()
      /Users/z/work/lux/threshold/pkg/protocol/handler.go:361 +0x44

Goroutine 129 (running) created at:
  github.com/luxfi/threshold/pkg/protocol.(*Handler).finalizeRound()
      /Users/z/work/lux/threshold/pkg/protocol/handler.go:1160 +0x26c
  github.com/luxfi/threshold/pkg/protocol.(*Handler).tryAdvanceRound()
      /Users/z/work/lux/threshold/pkg/protocol/handler.go:622 +0xae4
  github.com/luxfi/threshold/pkg/protocol.(*Handler).roundProcessor()
      /Users/z/work/lux/threshold/pkg/protocol/handler.go:569 +0xb4
  github.com/luxfi/threshold/pkg/protocol.(*Handler).startWorkers.func1()
      /Users/z/work/lux/threshold/pkg/protocol/handler.go:374 +0x78

Goroutine 70 (running) created at:
  github.com/luxfi/threshold/pkg/protocol.(*Handler).startWorkers()
      /Users/z/work/lux/threshold/pkg/protocol/handler.go:361 +0x334
  github.com/luxfi/threshold/pkg/protocol.NewHandler()
      /Users/z/work/lux/threshold/pkg/protocol/handler.go:247 +0xf10
  github.com/luxfi/threshold/internal/test.(*Harness).CreateHandler()
      /Users/z/work/lux/threshold/internal/test/harness.go:91 +0x2e4
  github.com/luxfi/threshold/internal/test.RunProtocol()
      /Users/z/work/lux/threshold/internal/test/harness.go:270 +0x230
  github.com/luxfi/threshold/protocols/frost.TestDebugShares()
      /Users/z/work/lux/threshold/protocols/frost/debug_shares_test.go:21 +0x110
  testing.tRunner()
      /opt/homebrew/Cellar/go/1.24.6/libexec/src/testing/testing.go:1792 +0x180
  testing.(*T).Run.gowrap1()
      /opt/homebrew/Cellar/go/1.24.6/libexec/src/testing/testing.go:1851 +0x40
==================
==================
WARNING: DATA RACE
Read at 0x00c00054c0b8 by goroutine 70:
  github.com/luxfi/threshold/protocols/frost/keygen.(*round2).MessageContent()
      <autogenerated>:1 +0x38
  github.com/luxfi/threshold/pkg/protocol.(*Handler).hasAllMessages()
      /Users/z/work/lux/threshold/pkg/protocol/handler.go:1617 +0x6c8
  github.com/luxfi/threshold/pkg/protocol.(*Handler).tryAdvanceRound()
      /Users/z/work/lux/threshold/pkg/protocol/handler.go:589 +0x29c
  github.com/luxfi/threshold/pkg/protocol.(*Handler).processMessage()
      /Users/z/work/lux/threshold/pkg/protocol/handler.go:474 +0xb70
  github.com/luxfi/threshold/pkg/protocol.(*Handler).messageWorker()
      /Users/z/work/lux/threshold/pkg/protocol/handler.go:408 +0x338
  github.com/luxfi/threshold/pkg/protocol.(*Handler).startWorkers.gowrap2()
      /Users/z/work/lux/threshold/pkg/protocol/handler.go:361 +0x44

Previous write at 0x00c00054c0b8 by goroutine 129:
  github.com/luxfi/threshold/protocols/frost/keygen.(*round2).Finalize()
      /Users/z/work/lux/threshold/protocols/frost/keygen/round2.go:158 +0x78c
  github.com/luxfi/threshold/pkg/protocol.(*Handler).finalizeRound.func1()
      /Users/z/work/lux/threshold/pkg/protocol/handler.go:1163 +0xe4

Goroutine 70 (running) created at:
  github.com/luxfi/threshold/pkg/protocol.(*Handler).startWorkers()
      /Users/z/work/lux/threshold/pkg/protocol/handler.go:361 +0x334
  github.com/luxfi/threshold/pkg/protocol.NewHandler()
      /Users/z/work/lux/threshold/pkg/protocol/handler.go:247 +0xf10
  github.com/luxfi/threshold/internal/test.(*Harness).CreateHandler()
      /Users/z/work/lux/threshold/internal/test/harness.go:91 +0x2e4
  github.com/luxfi/threshold/internal/test.RunProtocol()
      /Users/z/work/lux/threshold/internal/test/harness.go:270 +0x230
  github.com/luxfi/threshold/protocols/frost.TestDebugShares()
      /Users/z/work/lux/threshold/protocols/frost/debug_shares_test.go:21 +0x110
  testing.tRunner()
      /opt/homebrew/Cellar/go/1.24.6/libexec/src/testing/testing.go:1792 +0x180
  testing.(*T).Run.gowrap1()
      /opt/homebrew/Cellar/go/1.24.6/libexec/src/testing/testing.go:1851 +0x40

Goroutine 129 (finished) created at:
  github.com/luxfi/threshold/pkg/protocol.(*Handler).finalizeRound()
      /Users/z/work/lux/threshold/pkg/protocol/handler.go:1160 +0x26c
  github.com/luxfi/threshold/pkg/protocol.(*Handler).tryAdvanceRound()
      /Users/z/work/lux/threshold/pkg/protocol/handler.go:622 +0xae4
  github.com/luxfi/threshold/pkg/protocol.(*Handler).roundProcessor()
      /Users/z/work/lux/threshold/pkg/protocol/handler.go:569 +0xb4
  github.com/luxfi/threshold/pkg/protocol.(*Handler).startWorkers.func1()
      /Users/z/work/lux/threshold/pkg/protocol/handler.go:374 +0x78
==================
2025-08-15T22:12:55.752-0500	DEBUG	protocol/handler.go:1649	have all messages and processed	{"{round 20 2  <nil>}": {"Key":"self","Type":15,"Integer":0,"String":"b","Interface":null}}
2025-08-15T22:12:55.752-0500	DEBUG	protocol/handler.go:1039	sendRoundMessage	{"{from 15 0 b <nil>}": {"Key":"to","Type":15,"Integer":0,"String":"","Interface":null}, "{round 20 3  <nil>}": {"Key":"broadcast","Type":4,"Integer":1,"String":"","Interface":null}}
2025-08-15T22:12:55.752-0500	DEBUG	protocol/handler.go:596	round already finalized
2025-08-15T22:12:55.752-0500	DEBUG	protocol/handler.go:1657	storing broadcast	{"{round 20 3  <nil>}": {"Key":"from","Type":15,"Integer":0,"String":"b","Interface":null}}
2025-08-15T22:12:55.753-0500	DEBUG	protocol/handler.go:1081	sent message to output channel	{"{from 15 0 b <nil>}": {"Key":"to","Type":15,"Integer":0,"String":"","Interface":null}, "{round 20 3  <nil>}": {"Key":"broadcast","Type":4,"Integer":1,"String":"","Interface":null}}
2025-08-15T22:12:55.753-0500	DEBUG	protocol/handler.go:1039	sendRoundMessage	{"{from 15 0 b <nil>}": {"Key":"to","Type":15,"Integer":0,"String":"a","Interface":null}, "{round 20 3  <nil>}": {"Key":"broadcast","Type":4,"Integer":0,"String":"","Interface":null}}
2025-08-15T22:12:55.753-0500	DEBUG	protocol/handler.go:1081	sent message to output channel	{"{from 15 0 b <nil>}": {"Key":"to","Type":15,"Integer":0,"String":"a","Interface":null}, "{round 20 3  <nil>}": {"Key":"broadcast","Type":4,"Integer":0,"String":"","Interface":null}}
2025-08-15T22:12:55.753-0500	DEBUG	protocol/handler.go:1039	sendRoundMessage	{"{from 15 0 b <nil>}": {"Key":"to","Type":15,"Integer":0,"String":"c","Interface":null}, "{round 20 3  <nil>}": {"Key":"broadcast","Type":4,"Integer":0,"String":"","Interface":null}}
2025-08-15T22:12:55.753-0500	DEBUG	protocol/handler.go:1081	sent message to output channel	{"{from 15 0 b <nil>}": {"Key":"to","Type":15,"Integer":0,"String":"c","Interface":null}, "{round 20 3  <nil>}": {"Key":"broadcast","Type":4,"Integer":0,"String":"","Interface":null}}
2025-08-15T22:12:55.754-0500	DEBUG	protocol/handler.go:1182	finalized round messages	{"{round 20 2  <nil>}": {"Key":"messages","Type":11,"Integer":3,"String":"","Interface":null}}
2025-08-15T22:12:55.754-0500	DEBUG	protocol/handler.go:1239	finalize returned next round	{"{current 20 2  <nil>}": {"Key":"next","Type":20,"Integer":3,"String":"","Interface":null}}
2025-08-15T22:12:55.754-0500	INFO	protocol/handler.go:642	storing new currentRound	{"{from 20 2  <nil>}": {"Key":"to","Type":20,"Integer":3,"String":"","Interface":null}}
2025-08-15T22:12:55.754-0500	DEBUG	protocol/handler.go:1503	processing queued messages
2025-08-15T22:12:55.754-0500	INFO	protocol/handler.go:560	advanced to round
2025-08-15T22:12:55.754-0500	DEBUG	protocol/handler.go:581	tryAdvanceRound called	{"{current_round 20 3  <nil>}": {"Key":"self","Type":15,"Integer":0,"String":"b","Interface":null}}
2025-08-15T22:12:55.754-0500	DEBUG	protocol/handler.go:1591	have processed broadcast	{"{round 20 2  <nil>}": {"Key":"from","Type":15,"Integer":0,"String":"a","Interface":null}}
2025-08-15T22:12:55.754-0500	DEBUG	protocol/handler.go:1591	have processed broadcast	{"{round 20 2  <nil>}": {"Key":"from","Type":15,"Integer":0,"String":"b","Interface":null}}
2025-08-15T22:12:55.754-0500	DEBUG	protocol/handler.go:1649	have all messages and processed	{"{round 20 2  <nil>}": {"Key":"self","Type":15,"Integer":0,"String":"c","Interface":null}}
2025-08-15T22:12:55.754-0500	DEBUG	protocol/handler.go:596	round already finalized
2025-08-15T22:12:55.754-0500	DEBUG	protocol/handler.go:1503	processing queued messages
==================
WARNING: DATA RACE
Write at 0x00c00054c0bc by goroutine 131:
  ??()
      -:0 +0x104ada650
  sync/atomic.CompareAndSwapInt32()
      <autogenerated>:1 +0x18
  sync.(*Mutex).Lock()
      /opt/homebrew/Cellar/go/1.24.6/libexec/src/sync/mutex.go:46 +0x2c
  github.com/luxfi/threshold/protocols/frost/keygen.(*round2).StoreBroadcastMessage()
      /Users/z/work/lux/threshold/protocols/frost/keygen/round2.go:57 +0x58
  github.com/luxfi/threshold/pkg/protocol.(*Handler).verifyBroadcastForRound()
      /Users/z/work/lux/threshold/pkg/protocol/handler.go:1277 +0x3a0
2025-08-15T22:12:55.754-0500	DEBUG	protocol/handler.go:600	current round already advanced	{"{checking 20 2  <nil>}": {"Key":"current","Type":20,"Integer":3,"String":"","Interface":null}}
2025-08-15T22:12:55.755-0500	DEBUG	protocol/handler.go:437	processing message	{"{from 15 0 b <nil>}": {"Key":"to","Type":15,"Integer":0,"String":"","Interface":null}, "{round 20 3  <nil>}": {"Key":"broadcast","Type":4,"Integer":1,"String":"","Interface":null}}
2025-08-15T22:12:55.755-0500	INFO	protocol/handler.go:560	advanced to round
2025-08-15T22:12:55.755-0500	DEBUG	protocol/handler.go:1657	storing broadcast	{"{round 20 3  <nil>}": {"Key":"from","Type":15,"Integer":0,"String":"b","Interface":null}}
2025-08-15T22:12:55.755-0500	DEBUG	protocol/handler.go:581	tryAdvanceRound called	{"{current_round 20 3  <nil>}": {"Key":"self","Type":15,"Integer":0,"String":"c","Interface":null}}
2025-08-15T22:12:55.755-0500	DEBUG	protocol/handler.go:1591	have processed broadcast	{"{round 20 3  <nil>}": {"Key":"from","Type":15,"Integer":0,"String":"a","Interface":null}}
2025-08-15T22:12:55.756-0500	DEBUG	protocol/handler.go:581	tryAdvanceRound called	{"{current_round 20 3  <nil>}": {"Key":"self","Type":15,"Integer":0,"String":"a","Interface":null}}
2025-08-15T22:12:55.756-0500	DEBUG	protocol/handler.go:1591	have processed broadcast	{"{round 20 3  <nil>}": {"Key":"from","Type":15,"Integer":0,"String":"b","Interface":null}}
2025-08-15T22:12:55.756-0500	DEBUG	protocol/handler.go:1591	have processed broadcast	{"{round 20 3  <nil>}": {"Key":"from","Type":15,"Integer":0,"String":"c","Interface":null}}
  github.com/luxfi/threshold/pkg/protocol.(*Handler).processQueuedMessages()
      /Users/z/work/lux/threshold/pkg/protocol/handler.go:1513 +0x718
  github.com/luxfi/threshold/pkg/protocol.(*Handler).tryAdvanceRound.gowrap2()
      /Users/z/work/lux/threshold/pkg/protocol/handler.go:673 +0x40

Previous read at 0x00c00054c0b8 by goroutine 70:
  github.com/luxfi/threshold/protocols/frost/keygen.(*round2).Number()
      <autogenerated>:1 +0x38
  github.com/luxfi/threshold/pkg/protocol.(*Handler).tryAdvanceRound()
      /Users/z/work/lux/threshold/pkg/protocol/handler.go:606 +0x6c8
  github.com/luxfi/threshold/pkg/protocol.(*Handler).processMessage()
      /Users/z/work/lux/threshold/pkg/protocol/handler.go:474 +0xb70
  github.com/luxfi/threshold/pkg/protocol.(*Handler).messageWorker()
      /Users/z/work/lux/threshold/pkg/protocol/handler.go:408 +0x338
  github.com/luxfi/threshold/pkg/protocol.(*Handler).startWorkers.gowrap2()
      /Users/z/work/lux/threshold/pkg/protocol/handler.go:361 +0x44

Goroutine 131 (running) created at:
  github.com/luxfi/threshold/pkg/protocol.(*Handler).tryAdvanceRound()
      /Users/z/work/lux/threshold/pkg/protocol/handler.go:673 +0x12e4
  github.com/luxfi/threshold/pkg/protocol.(*Handler).roundProcessor()
      /Users/z/work/lux/threshold/pkg/protocol/handler.go:569 +0xb4
  github.com/luxfi/threshold/pkg/protocol.(*Handler).startWorkers.func1()
      /Users/z/work/lux/threshold/pkg/protocol/handler.go:374 +0x78

Goroutine 70 (running) created at:
  github.com/luxfi/threshold/pkg/protocol.(*Handler).startWorkers()
      /Users/z/work/lux/threshold/pkg/protocol/handler.go:361 +0x334
  github.com/luxfi/threshold/pkg/protocol.NewHandler()
      /Users/z/work/lux/threshold/pkg/protocol/handler.go:247 +0xf10
  github.com/luxfi/threshold/internal/test.(*Harness).CreateHandler()
      /Users/z/work/lux/threshold/internal/test/harness.go:91 +0x2e4
  github.com/luxfi/threshold/internal/test.RunProtocol()
      /Users/z/work/lux/threshold/internal/test/harness.go:270 +0x230
  github.com/luxfi/threshold/protocols/frost.TestDebugShares()
      /Users/z/work/lux/threshold/protocols/frost/debug_shares_test.go:21 +0x110
  testing.tRunner()
      /opt/homebrew/Cellar/go/1.24.6/libexec/src/testing/testing.go:1792 +0x180
  testing.(*T).Run.gowrap1()
      /opt/homebrew/Cellar/go/1.24.6/libexec/src/testing/testing.go:1851 +0x40
==================
2025-08-15T22:12:55.756-0500	DEBUG	protocol/handler.go:432	processMessage: p2p round 3 START	{"{from 15 0 b <nil>}": {"Key":"to","Type":15,"Integer":0,"String":"c","Interface":null}}
2025-08-15T22:12:55.756-0500	DEBUG	protocol/handler.go:437	processing message	{"{from 15 0 b <nil>}": {"Key":"to","Type":15,"Integer":0,"String":"c","Interface":null}, "{round 20 3  <nil>}": {"Key":"broadcast","Type":4,"Integer":0,"String":"","Interface":null}}
2025-08-15T22:12:55.756-0500	DEBUG	protocol/handler.go:1662	storing message	{"{round 20 3  <nil>}": {"Key":"from","Type":15,"Integer":0,"String":"b","Interface":null}}
2025-08-15T22:12:55.756-0500	DEBUG	protocol/handler.go:581	tryAdvanceRound called	{"{current_round 20 3  <nil>}": {"Key":"self","Type":15,"Integer":0,"String":"c","Interface":null}}
2025-08-15T22:12:55.756-0500	DEBUG	protocol/handler.go:1306	waiting for broadcast before normal message
2025-08-15T22:12:55.756-0500	DEBUG	protocol/handler.go:1591	have processed broadcast	{"{round 20 3  <nil>}": {"Key":"from","Type":15,"Integer":0,"String":"a","Interface":null}}
2025-08-15T22:12:55.756-0500	DEBUG	protocol/handler.go:437	processing message	{"{from 15 0 b <nil>}": {"Key":"to","Type":15,"Integer":0,"String":"","Interface":null}, "{round 20 3  <nil>}": {"Key":"broadcast","Type":4,"Integer":1,"String":"","Interface":null}}
2025-08-15T22:12:55.756-0500	DEBUG	protocol/handler.go:1657	storing broadcast	{"{round 20 3  <nil>}": {"Key":"from","Type":15,"Integer":0,"String":"b","Interface":null}}
2025-08-15T22:12:55.756-0500	DEBUG	protocol/handler.go:432	processMessage: p2p round 3 START	{"{from 15 0 b <nil>}": {"Key":"to","Type":15,"Integer":0,"String":"a","Interface":null}}
2025-08-15T22:12:55.756-0500	DEBUG	protocol/handler.go:1635	waiting for messages	{"{round 20 3  <nil>}": {"Key":"missing","Type":15,"Integer":0,"String":"[b]","Interface":null}}
2025-08-15T22:12:55.756-0500	DEBUG	protocol/handler.go:1600	waiting for broadcasts	{"{round 20 3  <nil>}": {"Key":"missing","Type":15,"Integer":0,"String":"[b]","Interface":null}}
2025-08-15T22:12:55.757-0500	DEBUG	protocol/handler.go:437	processing message	{"{from 15 0 b <nil>}": {"Key":"to","Type":15,"Integer":0,"String":"a","Interface":null}, "{round 20 3  <nil>}": {"Key":"broadcast","Type":4,"Integer":0,"String":"","Interface":null}}
2025-08-15T22:12:55.757-0500	DEBUG	protocol/handler.go:1662	storing message	{"{round 20 3  <nil>}": {"Key":"from","Type":15,"Integer":0,"String":"b","Interface":null}}
2025-08-15T22:12:55.757-0500	DEBUG	protocol/handler.go:581	tryAdvanceRound called	{"{current_round 20 3  <nil>}": {"Key":"self","Type":15,"Integer":0,"String":"c","Interface":null}}
2025-08-15T22:12:55.758-0500	DEBUG	protocol/handler.go:581	tryAdvanceRound called	{"{current_round 20 3  <nil>}": {"Key":"self","Type":15,"Integer":0,"String":"a","Interface":null}}
2025-08-15T22:12:55.758-0500	DEBUG	protocol/handler.go:1591	have processed broadcast	{"{round 20 3  <nil>}": {"Key":"from","Type":15,"Integer":0,"String":"b","Interface":null}}
2025-08-15T22:12:55.758-0500	DEBUG	protocol/handler.go:1591	have processed broadcast	{"{round 20 3  <nil>}": {"Key":"from","Type":15,"Integer":0,"String":"c","Interface":null}}
2025-08-15T22:12:55.758-0500	DEBUG	protocol/handler.go:1649	have all messages and processed	{"{round 20 3  <nil>}": {"Key":"self","Type":15,"Integer":0,"String":"a","Interface":null}}
2025-08-15T22:12:55.758-0500	DEBUG	protocol/handler.go:619	finalizing round
2025-08-15T22:12:55.756-0500	DEBUG	protocol/handler.go:1600	waiting for broadcasts	{"{round 20 3  <nil>}": {"Key":"missing","Type":15,"Integer":0,"String":"[b]","Interface":null}}
2025-08-15T22:12:55.760-0500	DEBUG	protocol/handler.go:1182	finalized round messages	{"{round 20 3  <nil>}": {"Key":"messages","Type":11,"Integer":0,"String":"","Interface":null}}
2025-08-15T22:12:55.760-0500	INFO	protocol/handler.go:1211	protocol completed	{"{self 15 0 a <nil>}": {"Key":"final_round","Type":20,"Integer":3,"String":"","Interface":null}}
2025-08-15T22:12:55.760-0500	DEBUG	protocol/handler.go:624	finalizeRound returned nil
2025-08-15T22:12:55.762-0500	DEBUG	protocol/handler.go:1591	have processed broadcast	{"{round 20 3  <nil>}": {"Key":"from","Type":15,"Integer":0,"String":"a","Interface":null}}
2025-08-15T22:12:55.762-0500	DEBUG	protocol/handler.go:1591	have processed broadcast	{"{round 20 3  <nil>}": {"Key":"from","Type":15,"Integer":0,"String":"b","Interface":null}}
2025-08-15T22:12:55.762-0500	DEBUG	protocol/handler.go:1649	have all messages and processed	{"{round 20 3  <nil>}": {"Key":"self","Type":15,"Integer":0,"String":"c","Interface":null}}
2025-08-15T22:12:55.762-0500	DEBUG	protocol/handler.go:619	finalizing round
2025-08-15T22:12:55.762-0500	DEBUG	protocol/handler.go:1591	have processed broadcast	{"{round 20 2  <nil>}": {"Key":"from","Type":15,"Integer":0,"String":"a","Interface":null}}
2025-08-15T22:12:55.762-0500	DEBUG	protocol/handler.go:1591	have processed broadcast	{"{round 20 2  <nil>}": {"Key":"from","Type":15,"Integer":0,"String":"c","Interface":null}}
2025-08-15T22:12:55.762-0500	DEBUG	protocol/handler.go:1649	have all messages and processed	{"{round 20 2  <nil>}": {"Key":"self","Type":15,"Integer":0,"String":"b","Interface":null}}
2025-08-15T22:12:55.762-0500	DEBUG	protocol/handler.go:596	round already finalized
2025-08-15T22:12:55.762-0500	DEBUG	protocol/handler.go:600	current round already advanced	{"{checking 20 2  <nil>}": {"Key":"current","Type":20,"Integer":3,"String":"","Interface":null}}
2025-08-15T22:12:55.762-0500	INFO	protocol/handler.go:787	protocol completed successfully
2025-08-15T22:12:55.762-0500	DEBUG	protocol/handler.go:581	tryAdvanceRound called	{"{current_round 20 3  <nil>}": {"Key":"self","Type":15,"Integer":0,"String":"c","Interface":null}}
2025-08-15T22:12:55.763-0500	DEBUG	protocol/handler.go:1591	have processed broadcast	{"{round 20 3  <nil>}": {"Key":"from","Type":15,"Integer":0,"String":"a","Interface":null}}
2025-08-15T22:12:55.763-0500	DEBUG	protocol/handler.go:1591	have processed broadcast	{"{round 20 3  <nil>}": {"Key":"from","Type":15,"Integer":0,"String":"b","Interface":null}}
2025-08-15T22:12:55.763-0500	DEBUG	protocol/handler.go:1649	have all messages and processed	{"{round 20 3  <nil>}": {"Key":"self","Type":15,"Integer":0,"String":"c","Interface":null}}
2025-08-15T22:12:55.763-0500	DEBUG	protocol/handler.go:596	round already finalized
2025-08-15T22:12:55.763-0500	DEBUG	protocol/handler.go:1591	have processed broadcast	{"{round 20 3  <nil>}": {"Key":"from","Type":15,"Integer":0,"String":"a","Interface":null}}
2025-08-15T22:12:55.763-0500	DEBUG	protocol/handler.go:1591	have processed broadcast	{"{round 20 3  <nil>}": {"Key":"from","Type":15,"Integer":0,"String":"c","Interface":null}}
2025-08-15T22:12:55.763-0500	DEBUG	protocol/handler.go:1649	have all messages and processed	{"{round 20 3  <nil>}": {"Key":"self","Type":15,"Integer":0,"String":"b","Interface":null}}
2025-08-15T22:12:55.763-0500	DEBUG	protocol/handler.go:619	finalizing round
==================
WARNING: DATA RACE
Write at 0x00c0000443a8 by goroutine 135:
  github.com/luxfi/threshold/protocols/frost/keygen.(*round3).Finalize.func2()
      /Users/z/work/lux/threshold/protocols/frost/keygen/round3.go:196 +0x15c
  internal/sync.(*HashTrieMap[go.shape.interface {},go.shape.interface {}]).iter()
      /opt/homebrew/Cellar/go/1.24.6/libexec/src/internal/sync/hashtriemap.go:512 +0x10c
  internal/sync.(*HashTrieMap[go.shape.interface {},go.shape.interface {}]).Range()
      /opt/homebrew/Cellar/go/1.24.6/libexec/src/internal/sync/hashtriemap.go:495 +0x68
  sync.(*Map).Range()
      /opt/homebrew/Cellar/go/1.24.6/libexec/src/sync/hashtriemap.go:115 +0x3c
  github.com/luxfi/threshold/protocols/frost/keygen.(*round3).Finalize()
      /Users/z/work/lux/threshold/protocols/frost/keygen/round3.go:194 +0x5d8
  github.com/luxfi/threshold/pkg/protocol.(*Handler).finalizeRound.func1()
      /Users/z/work/lux/threshold/pkg/protocol/handler.go:1163 +0xe4

Previous read at 0x00c0000443a8 by goroutine 71:
  github.com/luxfi/threshold/protocols/frost/keygen.(*round1).Number()
      <autogenerated>:1 +0x38
  github.com/luxfi/threshold/pkg/protocol.(*Handler).tryAdvanceRound()
      /Users/z/work/lux/threshold/pkg/protocol/handler.go:606 +0x6c8
  github.com/luxfi/threshold/pkg/protocol.(*Handler).processMessage()
      /Users/z/work/lux/threshold/pkg/protocol/handler.go:474 +0xb70
  github.com/luxfi/threshold/pkg/protocol.(*Handler).messageWorker()
      /Users/z/work/lux/threshold/pkg/protocol/handler.go:408 +0x338
  github.com/luxfi/threshold/pkg/protocol.(*Handler).startWorkers.gowrap2()
      /Users/z/work/lux/threshold/pkg/protocol/handler.go:361 +0x44

Goroutine 135 (running) created at:
  github.com/luxfi/threshold/pkg/protocol.(*Handler).finalizeRound()
      /Users/z/work/lux/threshold/pkg/protocol/handler.go:1160 +0x26c
  github.com/luxfi/threshold/pkg/protocol.(*Handler).tryAdvanceRound()
      /Users/z/work/lux/threshold/pkg/protocol/handler.go:622 +0xae4
  github.com/luxfi/threshold/pkg/protocol.(*Handler).roundProcessor()
      /Users/z/work/lux/threshold/pkg/protocol/handler.go:569 +0xb4
  github.com/luxfi/threshold/pkg/protocol.(*Handler).startWorkers.func1()
      /Users/z/work/lux/threshold/pkg/protocol/handler.go:374 +0x78

Goroutine 71 (running) created at:
  github.com/luxfi/threshold/pkg/protocol.(*Handler).startWorkers()
      /Users/z/work/lux/threshold/pkg/protocol/handler.go:361 +0x334
  github.com/luxfi/threshold/pkg/protocol.NewHandler()
      /Users/z/work/lux/threshold/pkg/protocol/handler.go:247 +0xf10
  github.com/luxfi/threshold/internal/test.(*Harness).CreateHandler()
      /Users/z/work/lux/threshold/internal/test/harness.go:91 +0x2e4
  github.com/luxfi/threshold/internal/test.RunProtocol()
      /Users/z/work/lux/threshold/internal/test/harness.go:270 +0x230
  github.com/luxfi/threshold/protocols/frost.TestDebugShares()
      /Users/z/work/lux/threshold/protocols/frost/debug_shares_test.go:21 +0x110
  testing.tRunner()
      /opt/homebrew/Cellar/go/1.24.6/libexec/src/testing/testing.go:1792 +0x180
  testing.(*T).Run.gowrap1()
      /opt/homebrew/Cellar/go/1.24.6/libexec/src/testing/testing.go:1851 +0x40
==================
==================
WARNING: DATA RACE
Read at 0x00c00054c0b8 by goroutine 66:
  github.com/luxfi/threshold/protocols/frost/keygen.(*round2).Number()
      <autogenerated>:1 +0x38
  github.com/luxfi/threshold/pkg/protocol.(*Handler).hasAllMessages()
      /Users/z/work/lux/threshold/pkg/protocol/handler.go:1570 +0x40
  github.com/luxfi/threshold/pkg/protocol.(*Handler).tryAdvanceRound()
      /Users/z/work/lux/threshold/pkg/protocol/handler.go:589 +0x29c
  github.com/luxfi/threshold/pkg/protocol.(*Handler).processMessage()
      /Users/z/work/lux/threshold/pkg/protocol/handler.go:474 +0xb70
  github.com/luxfi/threshold/pkg/protocol.(*Handler).messageWorker()
      /Users/z/work/lux/threshold/pkg/protocol/handler.go:408 +0x338
  github.com/luxfi/threshold/pkg/protocol.(*Handler).startWorkers.gowrap1()
      /Users/z/work/lux/threshold/pkg/protocol/handler.go:355 +0x44

Previous write at 0x00c00054c0bc by goroutine 131:
  ??()
      -:0 +0x104ad5eb0
  sync/atomic.AddInt32()
      <autogenerated>:1 +0x14
  sync.(*Mutex).Unlock()
      /opt/homebrew/Cellar/go/1.24.6/libexec/src/sync/mutex.go:65 +0x2c
  github.com/luxfi/threshold/protocols/frost/keygen.(*round2).StoreBroadcastMessage()
      /Users/z/work/lux/threshold/protocols/frost/keygen/round2.go:59 +0x634
  github.com/luxfi/threshold/pkg/protocol.(*Handler).verifyBroadcastForRound()
      /Users/z/work/lux/threshold/pkg/protocol/handler.go:1277 +0x3a0
  github.com/luxfi/threshold/pkg/protocol.(*Handler).processQueuedMessages()
      /Users/z/work/lux/threshold/pkg/protocol/handler.go:1513 +0x718
  github.com/luxfi/threshold/pkg/protocol.(*Handler).tryAdvanceRound.gowrap2()
      /Users/z/work/lux/threshold/pkg/protocol/handler.go:673 +0x40

Goroutine 66 (running) created at:
  github.com/luxfi/threshold/pkg/protocol.(*Handler).startWorkers()
      /Users/z/work/lux/threshold/pkg/protocol/handler.go:355 +0x27c
  github.com/luxfi/threshold/pkg/protocol.NewHandler()
      /Users/z/work/lux/threshold/pkg/protocol/handler.go:247 +0xf10
  github.com/luxfi/threshold/internal/test.(*Harness).CreateHandler()
      /Users/z/work/lux/threshold/internal/test/harness.go:91 +0x2e4
  github.com/luxfi/threshold/internal/test.RunProtocol()
      /Users/z/work/lux/threshold/internal/test/harness.go:270 +0x230
  github.com/luxfi/threshold/protocols/frost.TestDebugShares()
      /Users/z/work/lux/threshold/protocols/frost/debug_shares_test.go:21 +0x110
  testing.tRunner()
      /opt/homebrew/Cellar/go/1.24.6/libexec/src/testing/testing.go:1792 +0x180
  testing.(*T).Run.gowrap1()
      /opt/homebrew/Cellar/go/1.24.6/libexec/src/testing/testing.go:1851 +0x40

Goroutine 131 (running) created at:
  github.com/luxfi/threshold/pkg/protocol.(*Handler).tryAdvanceRound()
      /Users/z/work/lux/threshold/pkg/protocol/handler.go:673 +0x12e4
  github.com/luxfi/threshold/pkg/protocol.(*Handler).roundProcessor()
      /Users/z/work/lux/threshold/pkg/protocol/handler.go:569 +0xb4
  github.com/luxfi/threshold/pkg/protocol.(*Handler).startWorkers.func1()
      /Users/z/work/lux/threshold/pkg/protocol/handler.go:374 +0x78
==================
2025-08-15T22:12:55.764-0500	DEBUG	protocol/handler.go:1591	have processed broadcast	{"{round 20 2  <nil>}": {"Key":"from","Type":15,"Integer":0,"String":"a","Interface":null}}
2025-08-15T22:12:55.764-0500	DEBUG	protocol/handler.go:1591	have processed broadcast	{"{round 20 2  <nil>}": {"Key":"from","Type":15,"Integer":0,"String":"c","Interface":null}}
2025-08-15T22:12:55.764-0500	DEBUG	protocol/handler.go:1649	have all messages and processed	{"{round 20 2  <nil>}": {"Key":"self","Type":15,"Integer":0,"String":"b","Interface":null}}
2025-08-15T22:12:55.764-0500	DEBUG	protocol/handler.go:1591	have processed broadcast	{"{round 20 2  <nil>}": {"Key":"from","Type":15,"Integer":0,"String":"a","Interface":null}}
2025-08-15T22:12:55.764-0500	DEBUG	protocol/handler.go:596	round already finalized
2025-08-15T22:12:55.764-0500	DEBUG	protocol/handler.go:600	current round already advanced	{"{checking 20 2  <nil>}": {"Key":"current","Type":20,"Integer":3,"String":"","Interface":null}}
2025-08-15T22:12:55.764-0500	DEBUG	protocol/handler.go:1591	have processed broadcast	{"{round 20 2  <nil>}": {"Key":"from","Type":15,"Integer":0,"String":"c","Interface":null}}
2025-08-15T22:12:55.764-0500	DEBUG	protocol/handler.go:1649	have all messages and processed	{"{round 20 2  <nil>}": {"Key":"self","Type":15,"Integer":0,"String":"b","Interface":null}}
2025-08-15T22:12:55.764-0500	DEBUG	protocol/handler.go:596	round already finalized
2025-08-15T22:12:55.764-0500	DEBUG	protocol/handler.go:600	current round already advanced	{"{checking 20 2  <nil>}": {"Key":"current","Type":20,"Integer":3,"String":"","Interface":null}}
==================
WARNING: DATA RACE
Write at 0x00c00054c0bc by goroutine 131:
  ??()
      -:0 +0x104ada650
  sync/atomic.CompareAndSwapInt32()
      <autogenerated>:1 +0x18
  sync.(*Mutex).Lock()
      /opt/homebrew/Cellar/go/1.24.6/libexec/src/sync/mutex.go:46 +0x2c
  github.com/luxfi/threshold/protocols/frost/keygen.(*round2).StoreBroadcastMessage()
      /Users/z/work/lux/threshold/protocols/frost/keygen/round2.go:57 +0x58
  github.com/luxfi/threshold/pkg/protocol.(*Handler).verifyBroadcastForRound()
      /Users/z/work/lux/threshold/pkg/protocol/handler.go:1277 +0x3a0
  github.com/luxfi/threshold/pkg/protocol.(*Handler).processQueuedMessages()
      /Users/z/work/lux/threshold/pkg/protocol/handler.go:1513 +0x718
  github.com/luxfi/threshold/pkg/protocol.(*Handler).tryAdvanceRound.gowrap2()
      /Users/z/work/lux/threshold/pkg/protocol/handler.go:673 +0x40

Previous read at 0x00c00054c0b8 by goroutine 65:
  github.com/luxfi/threshold/protocols/frost/keygen.(*round2).Number()
      <autogenerated>:1 +0x38
  github.com/luxfi/threshold/pkg/protocol.(*Handler).tryAdvanceRound()
      /Users/z/work/lux/threshold/pkg/protocol/handler.go:601 +0x4b0
  github.com/luxfi/threshold/pkg/protocol.(*Handler).processMessage()
      /Users/z/work/lux/threshold/pkg/protocol/handler.go:474 +0xb70
  github.com/luxfi/threshold/pkg/protocol.(*Handler).messageWorker()
      /Users/z/work/lux/threshold/pkg/protocol/handler.go:408 +0x338
  github.com/luxfi/threshold/pkg/protocol.(*Handler).startWorkers.gowrap1()
      /Users/z/work/lux/threshold/pkg/protocol/handler.go:355 +0x44

Goroutine 131 (running) created at:
  github.com/luxfi/threshold/pkg/protocol.(*Handler).tryAdvanceRound()
      /Users/z/work/lux/threshold/pkg/protocol/handler.go:673 +0x12e4
  github.com/luxfi/threshold/pkg/protocol.(*Handler).roundProcessor()
      /Users/z/work/lux/threshold/pkg/protocol/handler.go:569 +0xb4
  github.com/luxfi/threshold/pkg/protocol.(*Handler).startWorkers.func1()
      /Users/z/work/lux/threshold/pkg/protocol/handler.go:374 +0x78

Goroutine 65 (running) created at:
  github.com/luxfi/threshold/pkg/protocol.(*Handler).startWorkers()
      /Users/z/work/lux/threshold/pkg/protocol/handler.go:355 +0x27c
  github.com/luxfi/threshold/pkg/protocol.NewHandler()
      /Users/z/work/lux/threshold/pkg/protocol/handler.go:247 +0xf10
  github.com/luxfi/threshold/internal/test.(*Harness).CreateHandler()
      /Users/z/work/lux/threshold/internal/test/harness.go:91 +0x2e4
  github.com/luxfi/threshold/internal/test.RunProtocol()
      /Users/z/work/lux/threshold/internal/test/harness.go:270 +0x230
  github.com/luxfi/threshold/protocols/frost.TestDebugShares()
      /Users/z/work/lux/threshold/protocols/frost/debug_shares_test.go:21 +0x110
  testing.tRunner()
      /opt/homebrew/Cellar/go/1.24.6/libexec/src/testing/testing.go:1792 +0x180
  testing.(*T).Run.gowrap1()
      /opt/homebrew/Cellar/go/1.24.6/libexec/src/testing/testing.go:1851 +0x40
==================
2025-08-15T22:12:55.765-0500	DEBUG	protocol/handler.go:1182	finalized round messages	{"{round 20 3  <nil>}": {"Key":"messages","Type":11,"Integer":0,"String":"","Interface":null}}
2025-08-15T22:12:55.765-0500	INFO	protocol/handler.go:1211	protocol completed	{"{self 15 0 b <nil>}": {"Key":"final_round","Type":20,"Integer":3,"String":"","Interface":null}}
2025-08-15T22:12:55.765-0500	DEBUG	protocol/handler.go:624	finalizeRound returned nil
2025-08-15T22:12:55.765-0500	DEBUG	protocol/handler.go:581	tryAdvanceRound called	{"{current_round 20 3  <nil>}": {"Key":"self","Type":15,"Integer":0,"String":"b","Interface":null}}
2025-08-15T22:12:55.765-0500	DEBUG	protocol/handler.go:1591	have processed broadcast	{"{round 20 3  <nil>}": {"Key":"from","Type":15,"Integer":0,"String":"a","Interface":null}}
2025-08-15T22:12:55.765-0500	DEBUG	protocol/handler.go:1591	have processed broadcast	{"{round 20 3  <nil>}": {"Key":"from","Type":15,"Integer":0,"String":"c","Interface":null}}
2025-08-15T22:12:55.765-0500	DEBUG	protocol/handler.go:1649	have all messages and processed	{"{round 20 3  <nil>}": {"Key":"self","Type":15,"Integer":0,"String":"b","Interface":null}}
2025-08-15T22:12:55.765-0500	DEBUG	protocol/handler.go:596	round already finalized
2025-08-15T22:12:55.774-0500	INFO	protocol/handler.go:787	protocol completed successfully
2025-08-15T22:12:55.774-0500	DEBUG	protocol/handler.go:1182	finalized round messages	{"{round 20 3  <nil>}": {"Key":"messages","Type":11,"Integer":0,"String":"","Interface":null}}
2025-08-15T22:12:55.774-0500	INFO	protocol/handler.go:1211	protocol completed	{"{self 15 0 c <nil>}": {"Key":"final_round","Type":20,"Integer":3,"String":"","Interface":null}}
2025-08-15T22:12:55.774-0500	DEBUG	protocol/handler.go:624	finalizeRound returned nil
2025-08-15T22:12:55.774-0500	DEBUG	protocol/handler.go:581	tryAdvanceRound called	{"{current_round 20 3  <nil>}": {"Key":"self","Type":15,"Integer":0,"String":"c","Interface":null}}
2025-08-15T22:12:55.774-0500	DEBUG	protocol/handler.go:1591	have processed broadcast	{"{round 20 3  <nil>}": {"Key":"from","Type":15,"Integer":0,"String":"a","Interface":null}}
2025-08-15T22:12:55.774-0500	DEBUG	protocol/handler.go:1591	have processed broadcast	{"{round 20 3  <nil>}": {"Key":"from","Type":15,"Integer":0,"String":"b","Interface":null}}
2025-08-15T22:12:55.774-0500	DEBUG	protocol/handler.go:1649	have all messages and processed	{"{round 20 3  <nil>}": {"Key":"self","Type":15,"Integer":0,"String":"c","Interface":null}}
2025-08-15T22:12:55.774-0500	DEBUG	protocol/handler.go:596	round already finalized
2025-08-15T22:12:55.787-0500	DEBUG	protocol/handler.go:403	worker stopping
2025-08-15T22:12:55.787-0500	DEBUG	protocol/handler.go:403	worker stopping
2025-08-15T22:12:55.787-0500	DEBUG	protocol/handler.go:403	worker stopping
2025-08-15T22:12:55.787-0500	DEBUG	protocol/handler.go:403	worker stopping
2025-08-15T22:12:55.787-0500	DEBUG	protocol/handler.go:403	worker stopping
2025-08-15T22:12:55.787-0500	DEBUG	protocol/handler.go:403	worker stopping
2025-08-15T22:12:55.787-0500	DEBUG	protocol/handler.go:403	worker stopping
2025-08-15T22:12:55.787-0500	INFO	protocol/handler.go:787	protocol completed successfully
2025-08-15T22:12:55.787-0500	DEBUG	protocol/handler.go:403	worker stopping
--- FAIL: TestDebugShares (0.59s)
    debug_shares_test.go:34: Public key: &{{{[44899957 10367934 4698397 38316592 42753887 56981122 11663518 14139375 50100293 2197118]} {[27625861 59372314 40506623 16076475 19845804 64516080 47941672 28036227 12111621 2567302]} {[39882118 23526819 41980137 7225831 2414385 30707286 7755174 23260971 14270510 4160961]}}}
    debug_shares_test.go:35: Number of parties: 3, threshold: 2
    debug_shares_test.go:46: ALL: Party a - lambda=&{{[4851 0 0 0 0 0 0 0]}}, Y_i=&{{{[13123976 65967635 22087070 5884123 34372219 30889344 27846047 31556404 66655017 2172208]} {[41699731 14355051 59824370 23779403 46553382 42787138 32583930 4215803 19814395 3825531]} {[12748205 11850486 42116574 1950745 53294100 3291635 50370177 19521076 2993356 686548]}}}, lambda*Y_i=&{{{[52919140 48337538 8601260 6542089 33801516 15430502 9650388 34289198 22200491 845503]} {[61276791 54331883 7933122 54902568 64447317 20974638 27518030 40093856 46649063 1483003]} {[54222042 36471684 40198095 50943356 14370911 35504350 56938696 37842320 44877479 3915706]}}}
    debug_shares_test.go:46: ALL: Party b - lambda=&{{[3493206974 3218235020 2940772411 3132021990 4294967294 4294967295 4294967295 4294967295]}}, Y_i=&{{{[49234250 51179360 25313272 2699184 7578708 26535135 63770653 29098321 693625 2052702]} {[66487611 26274799 37006231 21637134 58868691 35016216 40901259 30225630 30817957 1381009]} {[42216820 23231294 10347550 46003723 47223671 30344374 17839650 60309171 66222478 1334476]}}}, lambda*Y_i=&{{{[42384021 15537569 33907008 56315660 1735905 12581358 43462861 31438465 3974437 3631403]} {[57939463 27281244 8930857 40132616 35679326 64605028 23055857 49937365 52414374 2056347]} {[10036159 57893262 31096458 4699892 35471511 25260705 36301055 26594916 6213655 2597377]}}}
    debug_shares_test.go:46: ALL: Party c - lambda=&{{[4753 0 0 0 0 0 0 0]}}, Y_i=&{{{[16499124 22500486 39529231 31845168 30518768 1409404 12436637 39955730 22026378 1931320]} {[46383277 13054873 10233106 14675972 66333066 48746545 4677582 14158885 45526901 4000608]} {[51339860 19630050 2577059 55110924 32727592 46922746 3495812 31804754 55650630 1749218]}}}, lambda*Y_i=&{{{[35277362 14557366 55370811 48963070 11793030 15269626 37672421 6190836 52597309 3291778]} {[10821217 61024664 29173204 14899704 49686008 25782861 17125025 23143035 20428286 3921274]} {[27473393 56926617 33545784 21617439 27140293 35362714 36252406 34769257 26568235 3164045]}}}
    debug_shares_test.go:48: ALL parties reconstruction: &{{{[56683696 32631784 6266395 18422666 25109620 42240810 29871490 24849075 43243604 2504052]} {[19750507 39419153 51745285 37021621 43166698 7458881 44459414 64657898 54039503 2729207]} {[1 0 0 0 0 0 0 0 0 0]}}}, matches=true
    debug_shares_test.go:59: SUBSET: Party a - lambda=&{{[98 0 0 0 0 0 0 0]}}, Y_i=&{{{[13123976 65967635 22087070 5884123 34372219 30889344 27846047 31556404 66655017 2172208]} {[41699731 14355051 59824370 23779403 46553382 42787138 32583930 4215803 19814395 3825531]} {[12748205 11850486 42116574 1950745 53294100 3291635 50370177 19521076 2993356 686548]}}}, lambda*Y_i=&{{{[40084046 21816176 56444802 1816398 51394699 52561780 14216209 57393479 8912953 2752882]} {[48054932 41718976 23799834 37984490 5398667 41859561 27435079 24630018 7624108 1493609]} {[19239004 2978727 23092716 15264308 60284087 12230562 42883155 65340135 11257114 3460979]}}}
    debug_shares_test.go:59: SUBSET: Party b - lambda=&{{[3493216480 3218235020 2940772411 3132021990 4294967294 4294967295 4294967295 4294967295]}}, Y_i=&{{{[49234250 51179360 25313272 2699184 7578708 26535135 63770653 29098321 693625 2052702]} {[66487611 26274799 37006231 21637134 58868691 35016216 40901259 30225630 30817957 1381009]} {[42216820 23231294 10347550 46003723 47223671 30344374 17839650 60309171 66222478 1334476]}}}, lambda*Y_i=&{{{[5575603 12698423 59340517 29471588 59631038 25129974 58910634 6151258 46432641 3254442]} {[10112595 64271306 16287752 21120637 54564403 21674218 44579139 50343340 7133299 1060125]} {[58583308 13731713 66879753 45241953 50609615 56934050 29969334 27608577 13308284 1122553]}}}
    debug_shares_test.go:61: Threshold subset reconstruction: &{{{[40137936 18859635 56056353 1194695 10319719 38499933 34163445 31899940 5613139 4141594]} {[53438049 27614699 52733771 42768720 50662433 39915704 36104492 30815249 55787767 739168]} {[1 0 0 0 0 0 0 0 0 0]}}}, matches=false
    debug_shares_test.go:82: Party b: s_i*G matches Y_i? true
    debug_shares_test.go:82: Party c: s_i*G matches Y_i? true
    debug_shares_test.go:82: Party a: s_i*G matches Y_i? true
    testing.go:1490: race detected during execution of test
2025-08-15T22:12:55.794-0500	INFO	protocol/handler.go:240	starting protocol handler	{"{protocol 15 0 frost/keygen-threshold <nil>}": {"Key":"workers","Type":11,"Integer":4,"String":"","Interface":null}, "{parties 11 3  <nil>}": {"Key":"threshold","Type":11,"Integer":2,"String":"","Interface":null}}
2025-08-15T22:12:55.794-0500	DEBUG	protocol/handler.go:348	starting worker pools	{"{workers 11 4  <nil>}": {"Key":"priority","Type":11,"Integer":4,"String":"","Interface":null}}
2025-08-15T22:12:55.794-0500	DEBUG	protocol/handler.go:391	worker started	{"{id 11 0  <nil>}": {"Key":"priority","Type":4,"Integer":0,"String":"","Interface":null}}
2025-08-15T22:12:55.794-0500	DEBUG	protocol/handler.go:391	worker started	{"{id 11 2  <nil>}": {"Key":"priority","Type":4,"Integer":0,"String":"","Interface":null}}
2025-08-15T22:12:55.794-0500	DEBUG	protocol/handler.go:391	worker started	{"{id 11 1  <nil>}": {"Key":"priority","Type":4,"Integer":0,"String":"","Interface":null}}
2025-08-15T22:12:55.794-0500	DEBUG	protocol/handler.go:391	worker started	{"{id 11 0  <nil>}": {"Key":"priority","Type":4,"Integer":1,"String":"","Interface":null}}
2025-08-15T22:12:55.794-0500	DEBUG	protocol/handler.go:391	worker started	{"{id 11 3  <nil>}": {"Key":"priority","Type":4,"Integer":0,"String":"","Interface":null}}
2025-08-15T22:12:55.794-0500	DEBUG	protocol/handler.go:391	worker started	{"{id 11 1  <nil>}": {"Key":"priority","Type":4,"Integer":1,"String":"","Interface":null}}
2025-08-15T22:12:55.794-0500	DEBUG	protocol/handler.go:391	worker started	{"{id 11 2  <nil>}": {"Key":"priority","Type":4,"Integer":1,"String":"","Interface":null}}
2025-08-15T22:12:55.794-0500	DEBUG	protocol/handler.go:391	worker started	{"{id 11 3  <nil>}": {"Key":"priority","Type":4,"Integer":1,"String":"","Interface":null}}
2025-08-15T22:12:55.794-0500	DEBUG	protocol/handler.go:930	initializing round
2025-08-15T22:12:55.794-0500	DEBUG	protocol/handler.go:1503	processing queued messages
2025-08-15T22:12:55.794-0500	INFO	protocol/handler.go:240	starting protocol handler	{"{protocol 15 0 frost/keygen-threshold <nil>}": {"Key":"workers","Type":11,"Integer":4,"String":"","Interface":null}, "{parties 11 3  <nil>}": {"Key":"threshold","Type":11,"Integer":2,"String":"","Interface":null}}
2025-08-15T22:12:55.795-0500	DEBUG	protocol/handler.go:348	starting worker pools	{"{workers 11 4  <nil>}": {"Key":"priority","Type":11,"Integer":4,"String":"","Interface":null}}
2025-08-15T22:12:55.795-0500	DEBUG	protocol/handler.go:391	worker started	{"{id 11 0  <nil>}": {"Key":"priority","Type":4,"Integer":0,"String":"","Interface":null}}
2025-08-15T22:12:55.795-0500	DEBUG	protocol/handler.go:391	worker started	{"{id 11 1  <nil>}": {"Key":"priority","Type":4,"Integer":0,"String":"","Interface":null}}
2025-08-15T22:12:55.795-0500	DEBUG	protocol/handler.go:391	worker started	{"{id 11 2  <nil>}": {"Key":"priority","Type":4,"Integer":0,"String":"","Interface":null}}
2025-08-15T22:12:55.795-0500	DEBUG	protocol/handler.go:391	worker started	{"{id 11 3  <nil>}": {"Key":"priority","Type":4,"Integer":0,"String":"","Interface":null}}
2025-08-15T22:12:55.795-0500	DEBUG	protocol/handler.go:391	worker started	{"{id 11 0  <nil>}": {"Key":"priority","Type":4,"Integer":1,"String":"","Interface":null}}
2025-08-15T22:12:55.795-0500	DEBUG	protocol/handler.go:391	worker started	{"{id 11 1  <nil>}": {"Key":"priority","Type":4,"Integer":1,"String":"","Interface":null}}
2025-08-15T22:12:55.795-0500	DEBUG	protocol/handler.go:391	worker started	{"{id 11 3  <nil>}": {"Key":"priority","Type":4,"Integer":1,"String":"","Interface":null}}
2025-08-15T22:12:55.795-0500	DEBUG	protocol/handler.go:391	worker started	{"{id 11 2  <nil>}": {"Key":"priority","Type":4,"Integer":1,"String":"","Interface":null}}
2025-08-15T22:12:55.795-0500	DEBUG	protocol/handler.go:930	initializing round
2025-08-15T22:12:55.795-0500	DEBUG	protocol/handler.go:1503	processing queued messages
2025-08-15T22:12:55.795-0500	INFO	protocol/handler.go:240	starting protocol handler	{"{protocol 15 0 frost/keygen-threshold <nil>}": {"Key":"workers","Type":11,"Integer":4,"String":"","Interface":null}, "{parties 11 3  <nil>}": {"Key":"threshold","Type":11,"Integer":2,"String":"","Interface":null}}
2025-08-15T22:12:55.795-0500	DEBUG	protocol/handler.go:348	starting worker pools	{"{workers 11 4  <nil>}": {"Key":"priority","Type":11,"Integer":4,"String":"","Interface":null}}
2025-08-15T22:12:55.796-0500	DEBUG	protocol/handler.go:391	worker started	{"{id 11 1  <nil>}": {"Key":"priority","Type":4,"Integer":0,"String":"","Interface":null}}
2025-08-15T22:12:55.796-0500	DEBUG	protocol/handler.go:391	worker started	{"{id 11 2  <nil>}": {"Key":"priority","Type":4,"Integer":0,"String":"","Interface":null}}
2025-08-15T22:12:55.796-0500	DEBUG	protocol/handler.go:391	worker started	{"{id 11 3  <nil>}": {"Key":"priority","Type":4,"Integer":0,"String":"","Interface":null}}
2025-08-15T22:12:55.796-0500	DEBUG	protocol/handler.go:391	worker started	{"{id 11 0  <nil>}": {"Key":"priority","Type":4,"Integer":1,"String":"","Interface":null}}
2025-08-15T22:12:55.796-0500	DEBUG	protocol/handler.go:391	worker started	{"{id 11 1  <nil>}": {"Key":"priority","Type":4,"Integer":1,"String":"","Interface":null}}
2025-08-15T22:12:55.796-0500	DEBUG	protocol/handler.go:391	worker started	{"{id 11 0  <nil>}": {"Key":"priority","Type":4,"Integer":0,"String":"","Interface":null}}
2025-08-15T22:12:55.796-0500	DEBUG	protocol/handler.go:391	worker started	{"{id 11 2  <nil>}": {"Key":"priority","Type":4,"Integer":1,"String":"","Interface":null}}
2025-08-15T22:12:55.796-0500	DEBUG	protocol/handler.go:391	worker started	{"{id 11 3  <nil>}": {"Key":"priority","Type":4,"Integer":1,"String":"","Interface":null}}
2025-08-15T22:12:55.796-0500	DEBUG	protocol/handler.go:930	initializing round
2025-08-15T22:12:55.796-0500	DEBUG	protocol/handler.go:1503	processing queued messages
2025-08-15T22:12:55.797-0500	DEBUG	protocol/handler.go:403	worker stopping
2025-08-15T22:12:55.797-0500	DEBUG	protocol/handler.go:403	worker stopping
2025-08-15T22:12:55.797-0500	DEBUG	protocol/handler.go:403	worker stopping
2025-08-15T22:12:55.797-0500	DEBUG	protocol/handler.go:403	worker stopping
2025-08-15T22:12:55.797-0500	DEBUG	protocol/handler.go:403	worker stopping
2025-08-15T22:12:55.797-0500	DEBUG	protocol/handler.go:403	worker stopping
2025-08-15T22:12:55.797-0500	DEBUG	protocol/handler.go:403	worker stopping
2025-08-15T22:12:55.797-0500	DEBUG	protocol/handler.go:403	worker stopping
2025-08-15T22:12:55.815-0500	DEBUG	protocol/handler.go:403	worker stopping
2025-08-15T22:12:55.815-0500	INFO	protocol/handler.go:560	advanced to round
2025-08-15T22:12:55.815-0500	DEBUG	protocol/handler.go:403	worker stopping
2025-08-15T22:12:55.815-0500	DEBUG	protocol/handler.go:403	worker stopping
2025-08-15T22:12:55.815-0500	DEBUG	protocol/handler.go:403	worker stopping
2025-08-15T22:12:55.815-0500	DEBUG	protocol/handler.go:581	tryAdvanceRound called	{"{current_round 20 1  <nil>}": {"Key":"self","Type":15,"Integer":0,"String":"a","Interface":null}}
2025-08-15T22:12:55.815-0500	DEBUG	protocol/handler.go:403	worker stopping
2025-08-15T22:12:55.815-0500	DEBUG	protocol/handler.go:403	worker stopping
2025-08-15T22:12:55.816-0500	DEBUG	protocol/handler.go:403	worker stopping
2025-08-15T22:12:55.816-0500	DEBUG	protocol/handler.go:403	worker stopping
2025-08-15T22:12:55.816-0500	DEBUG	protocol/handler.go:1649	have all messages and processed	{"{round 20 1  <nil>}": {"Key":"self","Type":15,"Integer":0,"String":"a","Interface":null}}
2025-08-15T22:12:55.816-0500	INFO	protocol/handler.go:560	advanced to round
2025-08-15T22:12:55.816-0500	DEBUG	protocol/handler.go:596	round already finalized
2025-08-15T22:12:55.815-0500	INFO	protocol/handler.go:560	advanced to round
2025-08-15T22:12:55.816-0500	DEBUG	protocol/handler.go:581	tryAdvanceRound called	{"{current_round 20 1  <nil>}": {"Key":"self","Type":15,"Integer":0,"String":"b","Interface":null}}
2025-08-15T22:12:55.816-0500	DEBUG	protocol/handler.go:1649	have all messages and processed	{"{round 20 1  <nil>}": {"Key":"self","Type":15,"Integer":0,"String":"b","Interface":null}}
2025-08-15T22:12:55.816-0500	DEBUG	protocol/handler.go:596	round already finalized
2025-08-15T22:12:55.816-0500	DEBUG	protocol/handler.go:581	tryAdvanceRound called	{"{current_round 20 1  <nil>}": {"Key":"self","Type":15,"Integer":0,"String":"c","Interface":null}}
2025-08-15T22:12:55.816-0500	DEBUG	protocol/handler.go:1649	have all messages and processed	{"{round 20 1  <nil>}": {"Key":"self","Type":15,"Integer":0,"String":"c","Interface":null}}
2025-08-15T22:12:55.816-0500	DEBUG	protocol/handler.go:619	finalizing round
2025-08-15T22:12:55.816-0500	DEBUG	protocol/handler.go:954	round already being initialized/finalized, skipping
2025-08-15T22:12:55.820-0500	DEBUG	protocol/handler.go:1039	sendRoundMessage	{"{from 15 0 b <nil>}": {"Key":"to","Type":15,"Integer":0,"String":"","Interface":null}, "{round 20 2  <nil>}": {"Key":"broadcast","Type":4,"Integer":1,"String":"","Interface":null}}
2025-08-15T22:12:55.820-0500	DEBUG	protocol/handler.go:1039	sendRoundMessage	{"{from 15 0 a <nil>}": {"Key":"to","Type":15,"Integer":0,"String":"","Interface":null}, "{round 20 2  <nil>}": {"Key":"broadcast","Type":4,"Integer":1,"String":"","Interface":null}}
2025-08-15T22:12:55.821-0500	DEBUG	protocol/handler.go:1657	storing broadcast	{"{round 20 2  <nil>}": {"Key":"from","Type":15,"Integer":0,"String":"b","Interface":null}}
2025-08-15T22:12:55.821-0500	DEBUG	protocol/handler.go:1657	storing broadcast	{"{round 20 2  <nil>}": {"Key":"from","Type":15,"Integer":0,"String":"a","Interface":null}}
2025-08-15T22:12:55.821-0500	DEBUG	protocol/handler.go:1081	sent message to output channel	{"{from 15 0 b <nil>}": {"Key":"to","Type":15,"Integer":0,"String":"","Interface":null}, "{round 20 2  <nil>}": {"Key":"broadcast","Type":4,"Integer":1,"String":"","Interface":null}}
2025-08-15T22:12:55.821-0500	DEBUG	protocol/handler.go:1081	sent message to output channel	{"{from 15 0 a <nil>}": {"Key":"to","Type":15,"Integer":0,"String":"","Interface":null}, "{round 20 2  <nil>}": {"Key":"broadcast","Type":4,"Integer":1,"String":"","Interface":null}}
2025-08-15T22:12:55.821-0500	DEBUG	protocol/handler.go:989	generated messages	{"{round 20 1  <nil>}": {"Key":"count","Type":11,"Integer":1,"String":"","Interface":null}}
2025-08-15T22:12:55.821-0500	DEBUG	protocol/handler.go:989	generated messages	{"{round 20 1  <nil>}": {"Key":"count","Type":11,"Integer":1,"String":"","Interface":null}}
2025-08-15T22:12:55.821-0500	INFO	protocol/handler.go:1000	stored next round after initialization	{"{from 20 1  <nil>}": {"Key":"next","Type":20,"Integer":2,"String":"","Interface":null}}
2025-08-15T22:12:55.821-0500	INFO	protocol/handler.go:1000	stored next round after initialization	{"{from 20 1  <nil>}": {"Key":"next","Type":20,"Integer":2,"String":"","Interface":null}}
2025-08-15T22:12:55.821-0500	DEBUG	protocol/handler.go:437	processing message	{"{from 15 0 b <nil>}": {"Key":"to","Type":15,"Integer":0,"String":"","Interface":null}, "{round 20 2  <nil>}": {"Key":"broadcast","Type":4,"Integer":1,"String":"","Interface":null}}
2025-08-15T22:12:55.821-0500	DEBUG	protocol/handler.go:1657	storing broadcast	{"{round 20 2  <nil>}": {"Key":"from","Type":15,"Integer":0,"String":"b","Interface":null}}
2025-08-15T22:12:55.821-0500	DEBUG	protocol/handler.go:470	message for different round (buffering)	{"{msg_round 20 2  <nil>}": {"Key":"current_round","Type":20,"Integer":1,"String":"","Interface":null}}
2025-08-15T22:12:55.821-0500	DEBUG	protocol/handler.go:437	processing message	{"{from 15 0 b <nil>}": {"Key":"to","Type":15,"Integer":0,"String":"","Interface":null}, "{round 20 2  <nil>}": {"Key":"broadcast","Type":4,"Integer":1,"String":"","Interface":null}}
2025-08-15T22:12:55.821-0500	DEBUG	protocol/handler.go:437	processing message	{"{from 15 0 a <nil>}": {"Key":"to","Type":15,"Integer":0,"String":"","Interface":null}, "{round 20 2  <nil>}": {"Key":"broadcast","Type":4,"Integer":1,"String":"","Interface":null}}
2025-08-15T22:12:55.822-0500	DEBUG	protocol/handler.go:1657	storing broadcast	{"{round 20 2  <nil>}": {"Key":"from","Type":15,"Integer":0,"String":"a","Interface":null}}
2025-08-15T22:12:55.822-0500	DEBUG	protocol/handler.go:470	message for different round (buffering)	{"{msg_round 20 2  <nil>}": {"Key":"current_round","Type":20,"Integer":1,"String":"","Interface":null}}
2025-08-15T22:12:55.822-0500	DEBUG	protocol/handler.go:581	tryAdvanceRound called	{"{current_round 20 1  <nil>}": {"Key":"self","Type":15,"Integer":0,"String":"b","Interface":null}}
2025-08-15T22:12:55.822-0500	DEBUG	protocol/handler.go:1649	have all messages and processed	{"{round 20 1  <nil>}": {"Key":"self","Type":15,"Integer":0,"String":"b","Interface":null}}
2025-08-15T22:12:55.822-0500	DEBUG	protocol/handler.go:596	round already finalized
2025-08-15T22:12:55.822-0500	INFO	protocol/handler.go:611	advancing to next round (already initialized)	{"{from 20 1  <nil>}": {"Key":"to","Type":20,"Integer":2,"String":"","Interface":null}}
2025-08-15T22:12:55.821-0500	DEBUG	protocol/handler.go:581	tryAdvanceRound called	{"{current_round 20 1  <nil>}": {"Key":"self","Type":15,"Integer":0,"String":"a","Interface":null}}
2025-08-15T22:12:55.822-0500	DEBUG	protocol/handler.go:1649	have all messages and processed	{"{round 20 1  <nil>}": {"Key":"self","Type":15,"Integer":0,"String":"a","Interface":null}}
2025-08-15T22:12:55.822-0500	DEBUG	protocol/handler.go:1039	sendRoundMessage	{"{from 15 0 c <nil>}": {"Key":"to","Type":15,"Integer":0,"String":"","Interface":null}, "{round 20 2  <nil>}": {"Key":"broadcast","Type":4,"Integer":1,"String":"","Interface":null}}
2025-08-15T22:12:55.821-0500	DEBUG	protocol/handler.go:1657	storing broadcast	{"{round 20 2  <nil>}": {"Key":"from","Type":15,"Integer":0,"String":"b","Interface":null}}
2025-08-15T22:12:55.822-0500	DEBUG	protocol/handler.go:596	round already finalized
2025-08-15T22:12:55.822-0500	DEBUG	protocol/handler.go:470	message for different round (buffering)	{"{msg_round 20 2  <nil>}": {"Key":"current_round","Type":20,"Integer":1,"String":"","Interface":null}}
2025-08-15T22:12:55.822-0500	DEBUG	protocol/handler.go:581	tryAdvanceRound called	{"{current_round 20 1  <nil>}": {"Key":"self","Type":15,"Integer":0,"String":"c","Interface":null}}
2025-08-15T22:12:55.822-0500	INFO	protocol/handler.go:611	advancing to next round (already initialized)	{"{from 20 1  <nil>}": {"Key":"to","Type":20,"Integer":2,"String":"","Interface":null}}
2025-08-15T22:12:55.822-0500	DEBUG	protocol/handler.go:1649	have all messages and processed	{"{round 20 1  <nil>}": {"Key":"self","Type":15,"Integer":0,"String":"c","Interface":null}}
2025-08-15T22:12:55.822-0500	DEBUG	protocol/handler.go:437	processing message	{"{from 15 0 a <nil>}": {"Key":"to","Type":15,"Integer":0,"String":"","Interface":null}, "{round 20 2  <nil>}": {"Key":"broadcast","Type":4,"Integer":1,"String":"","Interface":null}}
2025-08-15T22:12:55.822-0500	DEBUG	protocol/handler.go:1657	storing broadcast	{"{round 20 2  <nil>}": {"Key":"from","Type":15,"Integer":0,"String":"a","Interface":null}}
2025-08-15T22:12:55.822-0500	DEBUG	protocol/handler.go:596	round already finalized
2025-08-15T22:12:55.822-0500	DEBUG	protocol/handler.go:470	message for different round (buffering)	{"{msg_round 20 2  <nil>}": {"Key":"current_round","Type":20,"Integer":1,"String":"","Interface":null}}
2025-08-15T22:12:55.822-0500	DEBUG	protocol/handler.go:581	tryAdvanceRound called	{"{current_round 20 1  <nil>}": {"Key":"self","Type":15,"Integer":0,"String":"c","Interface":null}}
2025-08-15T22:12:55.822-0500	DEBUG	protocol/handler.go:1649	have all messages and processed	{"{round 20 1  <nil>}": {"Key":"self","Type":15,"Integer":0,"String":"c","Interface":null}}
2025-08-15T22:12:55.822-0500	DEBUG	protocol/handler.go:596	round already finalized
2025-08-15T22:12:55.823-0500	DEBUG	protocol/handler.go:1657	storing broadcast	{"{round 20 2  <nil>}": {"Key":"from","Type":15,"Integer":0,"String":"c","Interface":null}}
2025-08-15T22:12:55.823-0500	DEBUG	protocol/handler.go:1081	sent message to output channel	{"{from 15 0 c <nil>}": {"Key":"to","Type":15,"Integer":0,"String":"","Interface":null}, "{round 20 2  <nil>}": {"Key":"broadcast","Type":4,"Integer":1,"String":"","Interface":null}}
2025-08-15T22:12:55.823-0500	DEBUG	protocol/handler.go:1182	finalized round messages	{"{round 20 1  <nil>}": {"Key":"messages","Type":11,"Integer":1,"String":"","Interface":null}}
2025-08-15T22:12:55.823-0500	DEBUG	protocol/handler.go:1239	finalize returned next round	{"{current 20 1  <nil>}": {"Key":"next","Type":20,"Integer":2,"String":"","Interface":null}}
2025-08-15T22:12:55.823-0500	INFO	protocol/handler.go:642	storing new currentRound	{"{from 20 1  <nil>}": {"Key":"to","Type":20,"Integer":2,"String":"","Interface":null}}
2025-08-15T22:12:55.823-0500	DEBUG	protocol/handler.go:1503	processing queued messages
2025-08-15T22:12:55.823-0500	DEBUG	protocol/handler.go:437	processing message	{"{from 15 0 c <nil>}": {"Key":"to","Type":15,"Integer":0,"String":"","Interface":null}, "{round 20 2  <nil>}": {"Key":"broadcast","Type":4,"Integer":1,"String":"","Interface":null}}
2025-08-15T22:12:55.823-0500	INFO	protocol/handler.go:560	advanced to round
2025-08-15T22:12:55.823-0500	DEBUG	protocol/handler.go:581	tryAdvanceRound called	{"{current_round 20 2  <nil>}": {"Key":"self","Type":15,"Integer":0,"String":"c","Interface":null}}
2025-08-15T22:12:55.823-0500	DEBUG	protocol/handler.go:1503	processing queued messages
2025-08-15T22:12:55.823-0500	DEBUG	protocol/handler.go:1657	storing broadcast	{"{round 20 2  <nil>}": {"Key":"from","Type":15,"Integer":0,"String":"c","Interface":null}}
2025-08-15T22:12:55.823-0500	DEBUG	protocol/handler.go:437	processing message	{"{from 15 0 c <nil>}": {"Key":"to","Type":15,"Integer":0,"String":"","Interface":null}, "{round 20 2  <nil>}": {"Key":"broadcast","Type":4,"Integer":1,"String":"","Interface":null}}
2025-08-15T22:12:55.823-0500	DEBUG	protocol/handler.go:1657	storing broadcast	{"{round 20 2  <nil>}": {"Key":"from","Type":15,"Integer":0,"String":"c","Interface":null}}
2025-08-15T22:12:55.824-0500	INFO	protocol/handler.go:560	advanced to round
2025-08-15T22:12:55.824-0500	DEBUG	protocol/handler.go:581	tryAdvanceRound called	{"{current_round 20 2  <nil>}": {"Key":"self","Type":15,"Integer":0,"String":"a","Interface":null}}
==================
WARNING: DATA RACE
Write at 0x00c00073f1cc by goroutine 187:
  ??()
      -:0 +0x104ada650
  sync/atomic.CompareAndSwapInt32()
      <autogenerated>:1 +0x18
  sync.(*Mutex).Lock()
      /opt/homebrew/Cellar/go/1.24.6/libexec/src/sync/mutex.go:46 +0x2c
  github.com/luxfi/threshold/protocols/frost/keygen.(*round2).StoreBroadcastMessage()
      /Users/z/work/lux/threshold/protocols/frost/keygen/round2.go:57 +0x58
  github.com/luxfi/threshold/pkg/protocol.(*Handler).verifyBroadcast()
      /Users/z/work/lux/threshold/pkg/protocol/handler.go:1392 +0x648
  github.com/luxfi/threshold/pkg/protocol.(*Handler).processMessage()
      /Users/z/work/lux/threshold/pkg/protocol/handler.go:480 +0xb9c
  github.com/luxfi/threshold/pkg/protocol.(*Handler).messageWorker()
      /Users/z/work/lux/threshold/pkg/protocol/handler.go:408 +0x338
  github.com/luxfi/threshold/pkg/protocol.(*Handler).startWorkers.gowrap2()
      /Users/z/work/lux/threshold/pkg/protocol/handler.go:361 +0x44

Previous read at 0x00c00073f1c8 by goroutine 190:
  github.com/luxfi/threshold/protocols/frost/keygen.(*round2).Number()
      <autogenerated>:1 +0x38
  github.com/luxfi/threshold/pkg/protocol.(*Handler).roundProcessor()
      /Users/z/work/lux/threshold/pkg/protocol/handler.go:560 +0x2ec
  github.com/luxfi/threshold/pkg/protocol.(*Handler).startWorkers.func1()
      /Users/z/work/lux/threshold/pkg/protocol/handler.go:374 +0x78

Goroutine 187 (running) created at:
  github.com/luxfi/threshold/pkg/protocol.(*Handler).startWorkers()
      /Users/z/work/lux/threshold/pkg/protocol/handler.go:361 +0x334
  github.com/luxfi/threshold/pkg/protocol.NewHandler()
      /Users/z/work/lux/threshold/pkg/protocol/handler.go:247 +0xf10
  github.com/luxfi/threshold/internal/test.(*Harness).CreateHandler()
      /Users/z/work/lux/threshold/internal/test/harness.go:91 +0x2e4
  github.com/luxfi/threshold/internal/test.RunProtocol()
      /Users/z/work/lux/threshold/internal/test/harness.go:270 +0x230
  github.com/luxfi/threshold/protocols/frost.TestFROSTMath()
      /Users/z/work/lux/threshold/protocols/frost/frost_math_test.go:22 +0x10c
  testing.tRunner()
      /opt/homebrew/Cellar/go/1.24.6/libexec/src/testing/testing.go:1792 +0x180
  testing.(*T).Run.gowrap1()
      /opt/homebrew/Cellar/go/1.24.6/libexec/src/testing/testing.go:1851 +0x40

Goroutine 190 (running) created at:
  github.com/luxfi/threshold/pkg/protocol.(*Handler).startWorkers()
      /Users/z/work/lux/threshold/pkg/protocol/handler.go:372 +0x4fc
  github.com/luxfi/threshold/pkg/protocol.NewHandler()
      /Users/z/work/lux/threshold/pkg/protocol/handler.go:247 +0xf10
  github.com/luxfi/threshold/internal/test.(*Harness).CreateHandler()
      /Users/z/work/lux/threshold/internal/test/harness.go:91 +0x2e4
  github.com/luxfi/threshold/internal/test.RunProtocol()
      /Users/z/work/lux/threshold/internal/test/harness.go:270 +0x230
  github.com/luxfi/threshold/protocols/frost.TestFROSTMath()
      /Users/z/work/lux/threshold/protocols/frost/frost_math_test.go:22 +0x10c
  testing.tRunner()
      /opt/homebrew/Cellar/go/1.24.6/libexec/src/testing/testing.go:1792 +0x180
  testing.(*T).Run.gowrap1()
      /opt/homebrew/Cellar/go/1.24.6/libexec/src/testing/testing.go:1851 +0x40
==================
2025-08-15T22:12:55.825-0500	INFO	protocol/handler.go:560	advanced to round
==================
WARNING: DATA RACE
Read at 0x00c00073f1c8 by goroutine 190:
  github.com/luxfi/threshold/protocols/frost/keygen.(*round2).Number()
      <autogenerated>:1 +0x38
  github.com/luxfi/threshold/pkg/protocol.(*Handler).roundProcessor()
      /Users/z/work/lux/threshold/pkg/protocol/handler.go:561 +0x414
  github.com/luxfi/threshold/pkg/protocol.(*Handler).startWorkers.func1()
      /Users/z/work/lux/threshold/pkg/protocol/handler.go:374 +0x78

Previous write at 0x00c00073f1cc by goroutine 187:
  ??()
      -:0 +0x104ad5eb0
  sync/atomic.AddInt32()
      <autogenerated>:1 +0x14
  sync.(*Mutex).Unlock()
      /opt/homebrew/Cellar/go/1.24.6/libexec/src/sync/mutex.go:65 +0x2c
  github.com/luxfi/threshold/protocols/frost/keygen.(*round2).StoreBroadcastMessage()
      /Users/z/work/lux/threshold/protocols/frost/keygen/round2.go:62 +0x78
  github.com/luxfi/threshold/pkg/protocol.(*Handler).verifyBroadcast()
      /Users/z/work/lux/threshold/pkg/protocol/handler.go:1392 +0x648
  github.com/luxfi/threshold/pkg/protocol.(*Handler).processMessage()
      /Users/z/work/lux/threshold/pkg/protocol/handler.go:480 +0xb9c
  github.com/luxfi/threshold/pkg/protocol.(*Handler).messageWorker()
      /Users/z/work/lux/threshold/pkg/protocol/handler.go:408 +0x338
  github.com/luxfi/threshold/pkg/protocol.(*Handler).startWorkers.gowrap2()
      /Users/z/work/lux/threshold/pkg/protocol/handler.go:361 +0x44

Goroutine 190 (running) created at:
  github.com/luxfi/threshold/pkg/protocol.(*Handler).startWorkers()
      /Users/z/work/lux/threshold/pkg/protocol/handler.go:372 +0x4fc
  github.com/luxfi/threshold/pkg/protocol.NewHandler()
      /Users/z/work/lux/threshold/pkg/protocol/handler.go:247 +0xf10
  github.com/luxfi/threshold/internal/test.(*Harness).CreateHandler()
      /Users/z/work/lux/threshold/internal/test/harness.go:91 +0x2e4
  github.com/luxfi/threshold/internal/test.RunProtocol()
      /Users/z/work/lux/threshold/internal/test/harness.go:270 +0x230
  github.com/luxfi/threshold/protocols/frost.TestFROSTMath()
      /Users/z/work/lux/threshold/protocols/frost/frost_math_test.go:22 +0x10c
  testing.tRunner()
      /opt/homebrew/Cellar/go/1.24.6/libexec/src/testing/testing.go:1792 +0x180
  testing.(*T).Run.gowrap1()
      /opt/homebrew/Cellar/go/1.24.6/libexec/src/testing/testing.go:1851 +0x40

Goroutine 187 (running) created at:
  github.com/luxfi/threshold/pkg/protocol.(*Handler).startWorkers()
      /Users/z/work/lux/threshold/pkg/protocol/handler.go:361 +0x334
  github.com/luxfi/threshold/pkg/protocol.NewHandler()
      /Users/z/work/lux/threshold/pkg/protocol/handler.go:247 +0xf10
  github.com/luxfi/threshold/internal/test.(*Harness).CreateHandler()
      /Users/z/work/lux/threshold/internal/test/harness.go:91 +0x2e4
  github.com/luxfi/threshold/internal/test.RunProtocol()
      /Users/z/work/lux/threshold/internal/test/harness.go:270 +0x230
  github.com/luxfi/threshold/protocols/frost.TestFROSTMath()
      /Users/z/work/lux/threshold/protocols/frost/frost_math_test.go:22 +0x10c
  testing.tRunner()
      /opt/homebrew/Cellar/go/1.24.6/libexec/src/testing/testing.go:1792 +0x180
  testing.(*T).Run.gowrap1()
      /opt/homebrew/Cellar/go/1.24.6/libexec/src/testing/testing.go:1851 +0x40
==================
2025-08-15T22:12:55.826-0500	DEBUG	protocol/handler.go:581	tryAdvanceRound called	{"{current_round 20 2  <nil>}": {"Key":"self","Type":15,"Integer":0,"String":"b","Interface":null}}
==================
WARNING: DATA RACE
Write at 0x00c0000b977c by goroutine 160:
  ??()
      -:0 +0x104ada650
  sync/atomic.CompareAndSwapInt32()
      <autogenerated>:1 +0x18
  sync.(*Mutex).Lock()
      /opt/homebrew/Cellar/go/1.24.6/libexec/src/sync/mutex.go:46 +0x2c
  github.com/luxfi/threshold/protocols/frost/keygen.(*round2).StoreBroadcastMessage()
      /Users/z/work/lux/threshold/protocols/frost/keygen/round2.go:57 +0x58
  github.com/luxfi/threshold/pkg/protocol.(*Handler).verifyBroadcast()
      /Users/z/work/lux/threshold/pkg/protocol/handler.go:1392 +0x648
  github.com/luxfi/threshold/pkg/protocol.(*Handler).processMessage()
      /Users/z/work/lux/threshold/pkg/protocol/handler.go:480 +0xb9c
  github.com/luxfi/threshold/pkg/protocol.(*Handler).messageWorker()
      /Users/z/work/lux/threshold/pkg/protocol/handler.go:408 +0x338
  github.com/luxfi/threshold/pkg/protocol.(*Handler).startWorkers.gowrap2()
      /Users/z/work/lux/threshold/pkg/protocol/handler.go:361 +0x44

Previous read at 0x00c0000b9778 by goroutine 163:
  github.com/luxfi/threshold/protocols/frost/keygen.(*round2).Number()
      <autogenerated>:1 +0x38
  github.com/luxfi/threshold/pkg/protocol.(*Handler).tryAdvanceRound()
      /Users/z/work/lux/threshold/pkg/protocol/handler.go:587 +0x280
  github.com/luxfi/threshold/pkg/protocol.(*Handler).roundProcessor()
      /Users/z/work/lux/threshold/pkg/protocol/handler.go:569 +0xb4
  github.com/luxfi/threshold/pkg/protocol.(*Handler).startWorkers.func1()
      /Users/z/work/lux/threshold/pkg/protocol/handler.go:374 +0x78

Goroutine 160 (running) created at:
  github.com/luxfi/threshold/pkg/protocol.(*Handler).startWorkers()
      /Users/z/work/lux/threshold/pkg/protocol/handler.go:361 +0x334
  github.com/luxfi/threshold/pkg/protocol.NewHandler()
      /Users/z/work/lux/threshold/pkg/protocol/handler.go:247 +0xf10
  github.com/luxfi/threshold/internal/test.(*Harness).CreateHandler()
      /Users/z/work/lux/threshold/internal/test/harness.go:91 +0x2e4
  github.com/luxfi/threshold/internal/test.RunProtocol()
      /Users/z/work/lux/threshold/internal/test/harness.go:270 +0x230
  github.com/luxfi/threshold/protocols/frost.TestFROSTMath()
      /Users/z/work/lux/threshold/protocols/frost/frost_math_test.go:22 +0x10c
  testing.tRunner()
      /opt/homebrew/Cellar/go/1.24.6/libexec/src/testing/testing.go:1792 +0x180
  testing.(*T).Run.gowrap1()
      /opt/homebrew/Cellar/go/1.24.6/libexec/src/testing/testing.go:1851 +0x40

Goroutine 163 (running) created at:
  github.com/luxfi/threshold/pkg/protocol.(*Handler).startWorkers()
      /Users/z/work/lux/threshold/pkg/protocol/handler.go:372 +0x4fc
  github.com/luxfi/threshold/pkg/protocol.NewHandler()
      /Users/z/work/lux/threshold/pkg/protocol/handler.go:247 +0xf10
  github.com/luxfi/threshold/internal/test.(*Harness).CreateHandler()
      /Users/z/work/lux/threshold/internal/test/harness.go:91 +0x2e4
  github.com/luxfi/threshold/internal/test.RunProtocol()
      /Users/z/work/lux/threshold/internal/test/harness.go:270 +0x230
  github.com/luxfi/threshold/protocols/frost.TestFROSTMath()
      /Users/z/work/lux/threshold/protocols/frost/frost_math_test.go:22 +0x10c
  testing.tRunner()
      /opt/homebrew/Cellar/go/1.24.6/libexec/src/testing/testing.go:1792 +0x180
  testing.(*T).Run.gowrap1()
      /opt/homebrew/Cellar/go/1.24.6/libexec/src/testing/testing.go:1851 +0x40
==================
==================
WARNING: DATA RACE
Write at 0x00c00073f1a8 by goroutine 187:
  ??()
      -:0 +0x104ad56f0
  sync/atomic.StorePointer()
      /opt/homebrew/Cellar/go/1.24.6/libexec/src/runtime/atomic_pointer.go:92 +0x38
  internal/sync.(*HashTrieMap[go.shape.interface {},go.shape.interface {}]).initSlow()
      /opt/homebrew/Cellar/go/1.24.6/libexec/src/internal/sync/hashtriemap.go:50 +0xb8
  internal/sync.(*HashTrieMap[go.shape.interface {},go.shape.interface {}]).init()
      /opt/homebrew/Cellar/go/1.24.6/libexec/src/internal/sync/hashtriemap.go:32 +0x44
  internal/sync.(*HashTrieMap[go.shape.interface {},go.shape.interface {}]).Swap()
      /opt/homebrew/Cellar/go/1.24.6/libexec/src/internal/sync/hashtriemap.go:206 +0x54
  internal/sync.(*HashTrieMap[go.shape.interface {},go.shape.interface {}]).Store()
      /opt/homebrew/Cellar/go/1.24.6/libexec/src/internal/sync/hashtriemap.go:200 +0x54
  sync.(*Map).Store()
      /opt/homebrew/Cellar/go/1.24.6/libexec/src/sync/hashtriemap.go:55 +0x54
  github.com/luxfi/threshold/protocols/frost/keygen.(*round2).StoreBroadcastMessage()
      /Users/z/work/lux/threshold/protocols/frost/keygen/round2.go:117 +0x56c
  github.com/luxfi/threshold/pkg/protocol.(*Handler).verifyBroadcast()
      /Users/z/work/lux/threshold/pkg/protocol/handler.go:1392 +0x648
  github.com/luxfi/threshold/pkg/protocol.(*Handler).processMessage()
      /Users/z/work/lux/threshold/pkg/protocol/handler.go:480 +0xb9c
  github.com/luxfi/threshold/pkg/protocol.(*Handler).messageWorker()
      /Users/z/work/lux/threshold/pkg/protocol/handler.go:408 +0x338
  github.com/luxfi/threshold/pkg/protocol.(*Handler).startWorkers.gowrap2()
      /Users/z/work/lux/threshold/pkg/protocol/handler.go:361 +0x44

Previous read at 0x00c00073f1a8 by goroutine 190:
  github.com/luxfi/threshold/protocols/frost/keygen.(*round2).Number()
      <autogenerated>:1 +0x38
  github.com/luxfi/threshold/pkg/protocol.(*Handler).tryAdvanceRound()
      /Users/z/work/lux/threshold/pkg/protocol/handler.go:587 +0x280
  github.com/luxfi/threshold/pkg/protocol.(*Handler).roundProcessor()
      /Users/z/work/lux/threshold/pkg/protocol/handler.go:569 +0xb4
  github.com/luxfi/threshold/pkg/protocol.(*Handler).startWorkers.func1()
      /Users/z/work/lux/threshold/pkg/protocol/handler.go:374 +0x78

Goroutine 187 (running) created at:
  github.com/luxfi/threshold/pkg/protocol.(*Handler).startWorkers()
      /Users/z/work/lux/threshold/pkg/protocol/handler.go:361 +0x334
  github.com/luxfi/threshold/pkg/protocol.NewHandler()
      /Users/z/work/lux/threshold/pkg/protocol/handler.go:247 +0xf10
  github.com/luxfi/threshold/internal/test.(*Harness).CreateHandler()
      /Users/z/work/lux/threshold/internal/test/harness.go:91 +0x2e4
  github.com/luxfi/threshold/internal/test.RunProtocol()
      /Users/z/work/lux/threshold/internal/test/harness.go:270 +0x230
  github.com/luxfi/threshold/protocols/frost.TestFROSTMath()
      /Users/z/work/lux/threshold/protocols/frost/frost_math_test.go:22 +0x10c
  testing.tRunner()
      /opt/homebrew/Cellar/go/1.24.6/libexec/src/testing/testing.go:1792 +0x180
  testing.(*T).Run.gowrap1()
      /opt/homebrew/Cellar/go/1.24.6/libexec/src/testing/testing.go:1851 +0x40

Goroutine 190 (running) created at:
  github.com/luxfi/threshold/pkg/protocol.(*Handler).startWorkers()
      /Users/z/work/lux/threshold/pkg/protocol/handler.go:372 +0x4fc
  github.com/luxfi/threshold/pkg/protocol.NewHandler()
      /Users/z/work/lux/threshold/pkg/protocol/handler.go:247 +0xf10
  github.com/luxfi/threshold/internal/test.(*Harness).CreateHandler()
      /Users/z/work/lux/threshold/internal/test/harness.go:91 +0x2e4
  github.com/luxfi/threshold/internal/test.RunProtocol()
      /Users/z/work/lux/threshold/internal/test/harness.go:270 +0x230
  github.com/luxfi/threshold/protocols/frost.TestFROSTMath()
      /Users/z/work/lux/threshold/protocols/frost/frost_math_test.go:22 +0x10c
  testing.tRunner()
      /opt/homebrew/Cellar/go/1.24.6/libexec/src/testing/testing.go:1792 +0x180
  testing.(*T).Run.gowrap1()
      /opt/homebrew/Cellar/go/1.24.6/libexec/src/testing/testing.go:1851 +0x40
==================
2025-08-15T22:12:55.831-0500	DEBUG	protocol/handler.go:581	tryAdvanceRound called	{"{current_round 20 2  <nil>}": {"Key":"self","Type":15,"Integer":0,"String":"b","Interface":null}}
==================
WARNING: DATA RACE
Read at 0x00c0000b9778 by goroutine 234:
  github.com/luxfi/threshold/protocols/frost/keygen.(*round2).Number()
      <autogenerated>:1 +0x38
  github.com/luxfi/threshold/pkg/protocol.(*Handler).tryAdvanceRound()
      /Users/z/work/lux/threshold/pkg/protocol/handler.go:582 +0x70
  github.com/luxfi/threshold/pkg/protocol.(*Handler).initializeRound.func2()
      /Users/z/work/lux/threshold/pkg/protocol/handler.go:1007 +0x38

Previous write at 0x00c0000b977c by goroutine 160:
  ??()
      -:0 +0x104ad5eb0
  sync/atomic.AddInt32()
      <autogenerated>:1 +0x14
  sync.(*Mutex).Unlock()
      /opt/homebrew/Cellar/go/1.24.6/libexec/src/sync/mutex.go:65 +0x2c
  github.com/luxfi/threshold/protocols/frost/keygen.(*round2).StoreBroadcastMessage()
      /Users/z/work/lux/threshold/protocols/frost/keygen/round2.go:62 +0x78
  github.com/luxfi/threshold/pkg/protocol.(*Handler).verifyBroadcast()
      /Users/z/work/lux/threshold/pkg/protocol/handler.go:1392 +0x648
  github.com/luxfi/threshold/pkg/protocol.(*Handler).processMessage()
      /Users/z/work/lux/threshold/pkg/protocol/handler.go:480 +0xb9c
  github.com/luxfi/threshold/pkg/protocol.(*Handler).messageWorker()
      /Users/z/work/lux/threshold/pkg/protocol/handler.go:408 +0x338
  github.com/luxfi/threshold/pkg/protocol.(*Handler).startWorkers.gowrap2()
      /Users/z/work/lux/threshold/pkg/protocol/handler.go:361 +0x44

Goroutine 234 (running) created at:
  github.com/luxfi/threshold/pkg/protocol.(*Handler).initializeRound()
      /Users/z/work/lux/threshold/pkg/protocol/handler.go:1005 +0xd0c
  github.com/luxfi/threshold/pkg/protocol.NewHandler.gowrap1()
      /Users/z/work/lux/threshold/pkg/protocol/handler.go:250 +0x4c

Goroutine 160 (running) created at:
  github.com/luxfi/threshold/pkg/protocol.(*Handler).startWorkers()
      /Users/z/work/lux/threshold/pkg/protocol/handler.go:361 +0x334
  github.com/luxfi/threshold/pkg/protocol.NewHandler()
      /Users/z/work/lux/threshold/pkg/protocol/handler.go:247 +0xf10
  github.com/luxfi/threshold/internal/test.(*Harness).CreateHandler()
      /Users/z/work/lux/threshold/internal/test/harness.go:91 +0x2e4
  github.com/luxfi/threshold/internal/test.RunProtocol()
      /Users/z/work/lux/threshold/internal/test/harness.go:270 +0x230
  github.com/luxfi/threshold/protocols/frost.TestFROSTMath()
      /Users/z/work/lux/threshold/protocols/frost/frost_math_test.go:22 +0x10c
  testing.tRunner()
      /opt/homebrew/Cellar/go/1.24.6/libexec/src/testing/testing.go:1792 +0x180
  testing.(*T).Run.gowrap1()
      /opt/homebrew/Cellar/go/1.24.6/libexec/src/testing/testing.go:1851 +0x40
==================
==================
WARNING: DATA RACE
Write at 0x00c0000b9758 by goroutine 163:
  ??()
      -:0 +0x104ad56f0
  sync/atomic.StorePointer()
      /opt/homebrew/Cellar/go/1.24.6/libexec/src/runtime/atomic_pointer.go:92 +0x38
  internal/sync.(*HashTrieMap[go.shape.interface {},go.shape.interface {}]).initSlow()
      /opt/homebrew/Cellar/go/1.24.6/libexec/src/internal/sync/hashtriemap.go:50 +0xb8
  internal/sync.(*HashTrieMap[go.shape.interface {},go.shape.interface {}]).init()
      /opt/homebrew/Cellar/go/1.24.6/libexec/src/internal/sync/hashtriemap.go:32 +0x44
  internal/sync.(*HashTrieMap[go.shape.interface {},go.shape.interface {}]).Swap()
      /opt/homebrew/Cellar/go/1.24.6/libexec/src/internal/sync/hashtriemap.go:206 +0x54
  internal/sync.(*HashTrieMap[go.shape.interface {},go.shape.interface {}]).Store()
      /opt/homebrew/Cellar/go/1.24.6/libexec/src/internal/sync/hashtriemap.go:200 +0x54
  sync.(*Map).Store()
      /opt/homebrew/Cellar/go/1.24.6/libexec/src/sync/hashtriemap.go:55 +0x54
  github.com/luxfi/threshold/protocols/frost/keygen.(*round2).StoreBroadcastMessage()
      /Users/z/work/lux/threshold/protocols/frost/keygen/round2.go:117 +0x56c
  github.com/luxfi/threshold/pkg/protocol.(*Handler).verifyBroadcastForRound()
      /Users/z/work/lux/threshold/pkg/protocol/handler.go:1277 +0x3a0
  github.com/luxfi/threshold/pkg/protocol.(*Handler).retryUnprocessedMessages()
      /Users/z/work/lux/threshold/pkg/protocol/handler.go:1483 +0x22c
  github.com/luxfi/threshold/pkg/protocol.(*Handler).tryAdvanceRound()
      /Users/z/work/lux/threshold/pkg/protocol/handler.go:587 +0x28c
  github.com/luxfi/threshold/pkg/protocol.(*Handler).roundProcessor()
      /Users/z/work/lux/threshold/pkg/protocol/handler.go:569 +0xb4
  github.com/luxfi/threshold/pkg/protocol.(*Handler).startWorkers.func1()
      /Users/z/work/lux/threshold/pkg/protocol/handler.go:374 +0x78

Previous read at 0x00c0000b9758 by goroutine 234:
  github.com/luxfi/threshold/protocols/frost/keygen.(*round2).Number()
      <autogenerated>:1 +0x38
  github.com/luxfi/threshold/pkg/protocol.(*Handler).tryAdvanceRound()
      /Users/z/work/lux/threshold/pkg/protocol/handler.go:582 +0x70
  github.com/luxfi/threshold/pkg/protocol.(*Handler).initializeRound.func2()
      /Users/z/work/lux/threshold/pkg/protocol/handler.go:1007 +0x38

Goroutine 163 (running) created at:
  github.com/luxfi/threshold/pkg/protocol.(*Handler).startWorkers()
      /Users/z/work/lux/threshold/pkg/protocol/handler.go:372 +0x4fc
  github.com/luxfi/threshold/pkg/protocol.NewHandler()
      /Users/z/work/lux/threshold/pkg/protocol/handler.go:247 +0xf10
  github.com/luxfi/threshold/internal/test.(*Harness).CreateHandler()
      /Users/z/work/lux/threshold/internal/test/harness.go:91 +0x2e4
  github.com/luxfi/threshold/internal/test.RunProtocol()
      /Users/z/work/lux/threshold/internal/test/harness.go:270 +0x230
  github.com/luxfi/threshold/protocols/frost.TestFROSTMath()
      /Users/z/work/lux/threshold/protocols/frost/frost_math_test.go:22 +0x10c
  testing.tRunner()
      /opt/homebrew/Cellar/go/1.24.6/libexec/src/testing/testing.go:1792 +0x180
  testing.(*T).Run.gowrap1()
      /opt/homebrew/Cellar/go/1.24.6/libexec/src/testing/testing.go:1851 +0x40

Goroutine 234 (running) created at:
  github.com/luxfi/threshold/pkg/protocol.(*Handler).initializeRound()
      /Users/z/work/lux/threshold/pkg/protocol/handler.go:1005 +0xd0c
  github.com/luxfi/threshold/pkg/protocol.NewHandler.gowrap1()
      /Users/z/work/lux/threshold/pkg/protocol/handler.go:250 +0x4c
==================
2025-08-15T22:12:55.833-0500	DEBUG	protocol/handler.go:581	tryAdvanceRound called	{"{current_round 20 2  <nil>}": {"Key":"self","Type":15,"Integer":0,"String":"a","Interface":null}}
==================
WARNING: DATA RACE
Read at 0x00c00073f198 by goroutine 233:
  github.com/luxfi/threshold/protocols/frost/keygen.(*round2).Number()
      <autogenerated>:1 +0x38
  github.com/luxfi/threshold/pkg/protocol.(*Handler).tryAdvanceRound()
      /Users/z/work/lux/threshold/pkg/protocol/handler.go:582 +0x70
  github.com/luxfi/threshold/pkg/protocol.(*Handler).initializeRound.func2()
      /Users/z/work/lux/threshold/pkg/protocol/handler.go:1007 +0x38

Previous write at 0x00c00073f19c by goroutine 187:
  ??()
      -:0 +0x104ad5eb0
  sync/atomic.AddInt32()
      <autogenerated>:1 +0x14
  internal/sync.(*HashTrieMap[go.shape.interface {},go.shape.interface {}]).initSlow.deferwrap1()
      /opt/homebrew/Cellar/go/1.24.6/libexec/src/internal/sync/hashtriemap.go:39 +0x34
  runtime.deferreturn()
      /opt/homebrew/Cellar/go/1.24.6/libexec/src/runtime/panic.go:610 +0x5c
  internal/sync.(*HashTrieMap[go.shape.interface {},go.shape.interface {}]).init()
      /opt/homebrew/Cellar/go/1.24.6/libexec/src/internal/sync/hashtriemap.go:32 +0x44
  internal/sync.(*HashTrieMap[go.shape.interface {},go.shape.interface {}]).Swap()
      /opt/homebrew/Cellar/go/1.24.6/libexec/src/internal/sync/hashtriemap.go:206 +0x54
  internal/sync.(*HashTrieMap[go.shape.interface {},go.shape.interface {}]).Store()
      /opt/homebrew/Cellar/go/1.24.6/libexec/src/internal/sync/hashtriemap.go:200 +0x54
  sync.(*Map).Store()
      /opt/homebrew/Cellar/go/1.24.6/libexec/src/sync/hashtriemap.go:55 +0x54
  github.com/luxfi/threshold/protocols/frost/keygen.(*round2).StoreBroadcastMessage()
      /Users/z/work/lux/threshold/protocols/frost/keygen/round2.go:117 +0x56c
  github.com/luxfi/threshold/pkg/protocol.(*Handler).verifyBroadcast()
      /Users/z/work/lux/threshold/pkg/protocol/handler.go:1392 +0x648
  github.com/luxfi/threshold/pkg/protocol.(*Handler).processMessage()
      /Users/z/work/lux/threshold/pkg/protocol/handler.go:480 +0xb9c
  github.com/luxfi/threshold/pkg/protocol.(*Handler).messageWorker()
      /Users/z/work/lux/threshold/pkg/protocol/handler.go:408 +0x338
  github.com/luxfi/threshold/pkg/protocol.(*Handler).startWorkers.gowrap2()
      /Users/z/work/lux/threshold/pkg/protocol/handler.go:361 +0x44

Goroutine 233 (running) created at:
  github.com/luxfi/threshold/pkg/protocol.(*Handler).initializeRound()
      /Users/z/work/lux/threshold/pkg/protocol/handler.go:1005 +0xd0c
  github.com/luxfi/threshold/pkg/protocol.NewHandler.gowrap1()
      /Users/z/work/lux/threshold/pkg/protocol/handler.go:250 +0x4c

Goroutine 187 (running) created at:
  github.com/luxfi/threshold/pkg/protocol.(*Handler).startWorkers()
      /Users/z/work/lux/threshold/pkg/protocol/handler.go:361 +0x334
  github.com/luxfi/threshold/pkg/protocol.NewHandler()
      /Users/z/work/lux/threshold/pkg/protocol/handler.go:247 +0xf10
  github.com/luxfi/threshold/internal/test.(*Harness).CreateHandler()
      /Users/z/work/lux/threshold/internal/test/harness.go:91 +0x2e4
  github.com/luxfi/threshold/internal/test.RunProtocol()
      /Users/z/work/lux/threshold/internal/test/harness.go:270 +0x230
  github.com/luxfi/threshold/protocols/frost.TestFROSTMath()
      /Users/z/work/lux/threshold/protocols/frost/frost_math_test.go:22 +0x10c
  testing.tRunner()
      /opt/homebrew/Cellar/go/1.24.6/libexec/src/testing/testing.go:1792 +0x180
  testing.(*T).Run.gowrap1()
      /opt/homebrew/Cellar/go/1.24.6/libexec/src/testing/testing.go:1851 +0x40
==================
2025-08-15T22:12:55.833-0500	DEBUG	protocol/handler.go:581	tryAdvanceRound called	{"{current_round 20 2  <nil>}": {"Key":"self","Type":15,"Integer":0,"String":"b","Interface":null}}
2025-08-15T22:12:55.833-0500	DEBUG	protocol/handler.go:1591	have processed broadcast	{"{round 20 2  <nil>}": {"Key":"from","Type":15,"Integer":0,"String":"a","Interface":null}}
2025-08-15T22:12:55.833-0500	DEBUG	protocol/handler.go:1591	have processed broadcast	{"{round 20 2  <nil>}": {"Key":"from","Type":15,"Integer":0,"String":"c","Interface":null}}
==================
WARNING: DATA RACE
Read at 0x00c00073f1c8 by goroutine 190:
  github.com/luxfi/threshold/protocols/frost/keygen.(*round2).Number()
      <autogenerated>:1 +0x38
  github.com/luxfi/threshold/pkg/protocol.(*Handler).hasAllMessages()
      /Users/z/work/lux/threshold/pkg/protocol/handler.go:1570 +0x40
  github.com/luxfi/threshold/pkg/protocol.(*Handler).tryAdvanceRound()
      /Users/z/work/lux/threshold/pkg/protocol/handler.go:589 +0x29c
  github.com/luxfi/threshold/pkg/protocol.(*Handler).roundProcessor()
      /Users/z/work/lux/threshold/pkg/protocol/handler.go:569 +0xb4
2025-08-15T22:12:55.833-0500	DEBUG	protocol/handler.go:1649	have all messages and processed	{"{round 20 2  <nil>}": {"Key":"self","Type":15,"Integer":0,"String":"b","Interface":null}}
  github.com/luxfi/threshold/pkg/protocol.(*Handler).startWorkers.func1()
      /Users/z/work/lux/threshold/pkg/protocol/handler.go:374 +0x78

Previous write at 0x00c00073f1cc by goroutine 187:
  ??()
      -:0 +0x104ad5eb0
  sync/atomic.AddInt32()
      <autogenerated>:1 +0x14
  sync.(*Mutex).Unlock()
      /opt/homebrew/Cellar/go/1.24.6/libexec/src/sync/mutex.go:65 +0x2c
  github.com/luxfi/threshold/protocols/frost/keygen.(*round2).StoreBroadcastMessage()
      /Users/z/work/lux/threshold/protocols/frost/keygen/round2.go:62 +0x78
  github.com/luxfi/threshold/pkg/protocol.(*Handler).verifyBroadcastForRound()
      /Users/z/work/lux/threshold/pkg/protocol/handler.go:1277 +0x3a0
  github.com/luxfi/threshold/pkg/protocol.(*Handler).retryUnprocessedMessages()
      /Users/z/work/lux/threshold/pkg/protocol/handler.go:1483 +0x22c
  github.com/luxfi/threshold/pkg/protocol.(*Handler).tryAdvanceRound()
      /Users/z/work/lux/threshold/pkg/protocol/handler.go:587 +0x28c
  github.com/luxfi/threshold/pkg/protocol.(*Handler).processMessage()
      /Users/z/work/lux/threshold/pkg/protocol/handler.go:486 +0xbb0
  github.com/luxfi/threshold/pkg/protocol.(*Handler).messageWorker()
      /Users/z/work/lux/threshold/pkg/protocol/handler.go:408 +0x338
  github.com/luxfi/threshold/pkg/protocol.(*Handler).startWorkers.gowrap2()
      /Users/z/work/lux/threshold/pkg/protocol/handler.go:361 +0x44

Goroutine 190 (running) created at:
  github.com/luxfi/threshold/pkg/protocol.(*Handler).startWorkers()
      /Users/z/work/lux/threshold/pkg/protocol/handler.go:372 +0x4fc
  github.com/luxfi/threshold/pkg/protocol.NewHandler()
      /Users/z/work/lux/threshold/pkg/protocol/handler.go:247 +0xf10
  github.com/luxfi/threshold/internal/test.(*Harness).CreateHandler()
      /Users/z/work/lux/threshold/internal/test/harness.go:91 +0x2e4
  github.com/luxfi/threshold/internal/test.RunProtocol()
      /Users/z/work/lux/threshold/internal/test/harness.go:270 +0x230
  github.com/luxfi/threshold/protocols/frost.TestFROSTMath()
      /Users/z/work/lux/threshold/protocols/frost/frost_math_test.go:22 +0x10c
  testing.tRunner()
      /opt/homebrew/Cellar/go/1.24.6/libexec/src/testing/testing.go:1792 +0x180
  testing.(*T).Run.gowrap1()
      /opt/homebrew/Cellar/go/1.24.6/libexec/src/testing/testing.go:1851 +0x40

Goroutine 187 (running) created at:
  github.com/luxfi/threshold/pkg/protocol.(*Handler).startWorkers()
      /Users/z/work/lux/threshold/pkg/protocol/handler.go:361 +0x334
  github.com/luxfi/threshold/pkg/protocol.NewHandler()
      /Users/z/work/lux/threshold/pkg/protocol/handler.go:247 +0xf10
  github.com/luxfi/threshold/internal/test.(*Harness).CreateHandler()
      /Users/z/work/lux/threshold/internal/test/harness.go:91 +0x2e4
  github.com/luxfi/threshold/internal/test.RunProtocol()
      /Users/z/work/lux/threshold/internal/test/harness.go:270 +0x230
2025-08-15T22:12:55.833-0500	DEBUG	protocol/handler.go:619	finalizing round
  github.com/luxfi/threshold/protocols/frost.TestFROSTMath()
      /Users/z/work/lux/threshold/protocols/frost/frost_math_test.go:22 +0x10c
  testing.tRunner()
      /opt/homebrew/Cellar/go/1.24.6/libexec/src/testing/testing.go:1792 +0x180
  testing.(*T).Run.gowrap1()
      /opt/homebrew/Cellar/go/1.24.6/libexec/src/testing/testing.go:1851 +0x40
==================
2025-08-15T22:12:55.833-0500	DEBUG	protocol/handler.go:1591	have processed broadcast	{"{round 20 2  <nil>}": {"Key":"from","Type":15,"Integer":0,"String":"a","Interface":null}}
2025-08-15T22:12:55.833-0500	DEBUG	protocol/handler.go:1591	have processed broadcast	{"{round 20 2  <nil>}": {"Key":"from","Type":15,"Integer":0,"String":"c","Interface":null}}
==================
WARNING: DATA RACE
Write at 0x00c00073f1cc by goroutine 237:
  ??()
      -:0 +0x104ada650
  sync/atomic.CompareAndSwapInt32()
      <autogenerated>:1 +0x18
  sync.(*Mutex).Lock()
      /opt/homebrew/Cellar/go/1.24.6/libexec/src/sync/mutex.go:46 +0x2c
  github.com/luxfi/threshold/protocols/frost/keygen.(*round2).Finalize()
      /Users/z/work/lux/threshold/protocols/frost/keygen/round2.go:157 +0x784
  github.com/luxfi/threshold/pkg/protocol.(*Handler).finalizeRound.func1()
      /Users/z/work/lux/threshold/pkg/protocol/handler.go:1163 +0xe4

Previous read at 0x00c00073f1c8 by goroutine 190:
  github.com/luxfi/threshold/protocols/frost/keygen.(*round2).MessageContent()
      <autogenerated>:1 +0x38
  github.com/luxfi/threshold/pkg/protocol.(*Handler).hasAllMessages()
      /Users/z/work/lux/threshold/pkg/protocol/handler.go:1617 +0x6c8
  github.com/luxfi/threshold/pkg/protocol.(*Handler).tryAdvanceRound()
      /Users/z/work/lux/threshold/pkg/protocol/handler.go:589 +0x29c
  github.com/luxfi/threshold/pkg/protocol.(*Handler).roundProcessor()
      /Users/z/work/lux/threshold/pkg/protocol/handler.go:569 +0xb4
  github.com/luxfi/threshold/pkg/protocol.(*Handler).startWorkers.func1()
      /Users/z/work/lux/threshold/pkg/protocol/handler.go:374 +0x78

Goroutine 237 (running) created at:
  github.com/luxfi/threshold/pkg/protocol.(*Handler).finalizeRound()
      /Users/z/work/lux/threshold/pkg/protocol/handler.go:1160 +0x26c
  github.com/luxfi/threshold/pkg/protocol.(*Handler).tryAdvanceRound()
      /Users/z/work/lux/threshold/pkg/protocol/handler.go:622 +0xae4
  github.com/luxfi/threshold/pkg/protocol.(*Handler).initializeRound.func2()
      /Users/z/work/lux/threshold/pkg/protocol/handler.go:1007 +0x38

Goroutine 190 (running) created at:
  github.com/luxfi/threshold/pkg/protocol.(*Handler).startWorkers()
      /Users/z/work/lux/threshold/pkg/protocol/handler.go:372 +0x4fc
  github.com/luxfi/threshold/pkg/protocol.NewHandler()
      /Users/z/work/lux/threshold/pkg/protocol/handler.go:247 +0xf10
  github.com/luxfi/threshold/internal/test.(*Harness).CreateHandler()
      /Users/z/work/lux/threshold/internal/test/harness.go:91 +0x2e4
  github.com/luxfi/threshold/internal/test.RunProtocol()
      /Users/z/work/lux/threshold/internal/test/harness.go:270 +0x230
  github.com/luxfi/threshold/protocols/frost.TestFROSTMath()
      /Users/z/work/lux/threshold/protocols/frost/frost_math_test.go:22 +0x10c
  testing.tRunner()
      /opt/homebrew/Cellar/go/1.24.6/libexec/src/testing/testing.go:1792 +0x180
  testing.(*T).Run.gowrap1()
      /opt/homebrew/Cellar/go/1.24.6/libexec/src/testing/testing.go:1851 +0x40
==================
2025-08-15T22:12:55.833-0500	DEBUG	protocol/handler.go:1649	have all messages and processed	{"{round 20 2  <nil>}": {"Key":"self","Type":15,"Integer":0,"String":"b","Interface":null}}
==================
WARNING: DATA RACE
Read at 0x00c00073f1c8 by goroutine 190:
  github.com/luxfi/threshold/protocols/frost/keygen.(*round2).Number()
      <autogenerated>:1 +0x38
  github.com/luxfi/threshold/pkg/protocol.(*Handler).tryAdvanceRound()
      /Users/z/work/lux/threshold/pkg/protocol/handler.go:595 +0x2bc
  github.com/luxfi/threshold/pkg/protocol.(*Handler).roundProcessor()
      /Users/z/work/lux/threshold/pkg/protocol/handler.go:569 +0xb4
  github.com/luxfi/threshold/pkg/protocol.(*Handler).startWorkers.func1()
      /Users/z/work/lux/threshold/pkg/protocol/handler.go:374 +0x78

Previous write at 0x00c00073f1c8 by goroutine 237:
  github.com/luxfi/threshold/protocols/frost/keygen.(*round2).Finalize()
      /Users/z/work/lux/threshold/protocols/frost/keygen/round2.go:158 +0x78c
  github.com/luxfi/threshold/pkg/protocol.(*Handler).finalizeRound.func1()
      /Users/z/work/lux/threshold/pkg/protocol/handler.go:1163 +0xe4

Goroutine 190 (running) created at:
  github.com/luxfi/threshold/pkg/protocol.(*Handler).startWorkers()
      /Users/z/work/lux/threshold/pkg/protocol/handler.go:372 +0x4fc
2025-08-15T22:12:55.834-0500	DEBUG	protocol/handler.go:1039	sendRoundMessage	{"{from 15 0 b <nil>}": {"Key":"to","Type":15,"Integer":0,"String":"","Interface":null}, "{round 20 3  <nil>}": {"Key":"broadcast","Type":4,"Integer":1,"String":"","Interface":null}}
  github.com/luxfi/threshold/pkg/protocol.NewHandler()
      /Users/z/work/lux/threshold/pkg/protocol/handler.go:247 +0xf10
  github.com/luxfi/threshold/internal/test.(*Harness).CreateHandler()
      /Users/z/work/lux/threshold/internal/test/harness.go:91 +0x2e4
  github.com/luxfi/threshold/internal/test.RunProtocol()
      /Users/z/work/lux/threshold/internal/test/harness.go:270 +0x230
  github.com/luxfi/threshold/protocols/frost.TestFROSTMath()
      /Users/z/work/lux/threshold/protocols/frost/frost_math_test.go:22 +0x10c
  testing.tRunner()
      /opt/homebrew/Cellar/go/1.24.6/libexec/src/testing/testing.go:1792 +0x180
  testing.(*T).Run.gowrap1()
      /opt/homebrew/Cellar/go/1.24.6/libexec/src/testing/testing.go:1851 +0x40

Goroutine 237 (finished) created at:
  github.com/luxfi/threshold/pkg/protocol.(*Handler).finalizeRound()
      /Users/z/work/lux/threshold/pkg/protocol/handler.go:1160 +0x26c
  github.com/luxfi/threshold/pkg/protocol.(*Handler).tryAdvanceRound()
      /Users/z/work/lux/threshold/pkg/protocol/handler.go:622 +0xae4
  github.com/luxfi/threshold/pkg/protocol.(*Handler).initializeRound.func2()
      /Users/z/work/lux/threshold/pkg/protocol/handler.go:1007 +0x38
==================
2025-08-15T22:12:55.834-0500	DEBUG	protocol/handler.go:1657	storing broadcast	{"{round 20 3  <nil>}": {"Key":"from","Type":15,"Integer":0,"String":"b","Interface":null}}
2025-08-15T22:12:55.834-0500	DEBUG	protocol/handler.go:596	round already finalized
==================
WARNING: DATA RACE
Read at 0x00c0000b9748 by goroutine 234:
  github.com/luxfi/threshold/protocols/frost/keygen.(*round2).Number()
      <autogenerated>:1 +0x38
  github.com/luxfi/threshold/pkg/protocol.(*Handler).tryAdvanceRound()
      /Users/z/work/lux/threshold/pkg/protocol/handler.go:587 +0x280
  github.com/luxfi/threshold/pkg/protocol.(*Handler).initializeRound.func2()
      /Users/z/work/lux/threshold/pkg/protocol/handler.go:1007 +0x38

Previous write at 0x00c0000b974c by goroutine 163:
  ??()
      -:0 +0x104ad5eb0
  sync/atomic.AddInt32()
      <autogenerated>:1 +0x14
  internal/sync.(*HashTrieMap[go.shape.interface {},go.shape.interface {}]).initSlow.deferwrap1()
      /opt/homebrew/Cellar/go/1.24.6/libexec/src/internal/sync/hashtriemap.go:39 +0x34
  runtime.deferreturn()
      /opt/homebrew/Cellar/go/1.24.6/libexec/src/runtime/panic.go:610 +0x5c
  internal/sync.(*HashTrieMap[go.shape.interface {},go.shape.interface {}]).init()
      /opt/homebrew/Cellar/go/1.24.6/libexec/src/internal/sync/hashtriemap.go:32 +0x44
  internal/sync.(*HashTrieMap[go.shape.interface {},go.shape.interface {}]).Swap()
      /opt/homebrew/Cellar/go/1.24.6/libexec/src/internal/sync/hashtriemap.go:206 +0x54
  internal/sync.(*HashTrieMap[go.shape.interface {},go.shape.interface {}]).Store()
      /opt/homebrew/Cellar/go/1.24.6/libexec/src/internal/sync/hashtriemap.go:200 +0x54
  sync.(*Map).Store()
      /opt/homebrew/Cellar/go/1.24.6/libexec/src/sync/hashtriemap.go:55 +0x54
  github.com/luxfi/threshold/protocols/frost/keygen.(*round2).StoreBroadcastMessage()
      /Users/z/work/lux/threshold/protocols/frost/keygen/round2.go:117 +0x56c
  github.com/luxfi/threshold/pkg/protocol.(*Handler).verifyBroadcastForRound()
      /Users/z/work/lux/threshold/pkg/protocol/handler.go:1277 +0x3a0
  github.com/luxfi/threshold/pkg/protocol.(*Handler).retryUnprocessedMessages()
      /Users/z/work/lux/threshold/pkg/protocol/handler.go:1483 +0x22c
  github.com/luxfi/threshold/pkg/protocol.(*Handler).tryAdvanceRound()
      /Users/z/work/lux/threshold/pkg/protocol/handler.go:587 +0x28c
  github.com/luxfi/threshold/pkg/protocol.(*Handler).roundProcessor()
      /Users/z/work/lux/threshold/pkg/protocol/handler.go:569 +0xb4
  github.com/luxfi/threshold/pkg/protocol.(*Handler).startWorkers.func1()
      /Users/z/work/lux/threshold/pkg/protocol/handler.go:374 +0x78

Goroutine 234 (running) created at:
  github.com/luxfi/threshold/pkg/protocol.(*Handler).initializeRound()
      /Users/z/work/lux/threshold/pkg/protocol/handler.go:1005 +0xd0c
  github.com/luxfi/threshold/pkg/protocol.NewHandler.gowrap1()
      /Users/z/work/lux/threshold/pkg/protocol/handler.go:250 +0x4c

Goroutine 163 (running) created at:
  github.com/luxfi/threshold/pkg/protocol.(*Handler).startWorkers()
      /Users/z/work/lux/threshold/pkg/protocol/handler.go:372 +0x4fc
  github.com/luxfi/threshold/pkg/protocol.NewHandler()
      /Users/z/work/lux/threshold/pkg/protocol/handler.go:247 +0xf10
  github.com/luxfi/threshold/internal/test.(*Harness).CreateHandler()
      /Users/z/work/lux/threshold/internal/test/harness.go:91 +0x2e4
  github.com/luxfi/threshold/internal/test.RunProtocol()
      /Users/z/work/lux/threshold/internal/test/harness.go:270 +0x230
  github.com/luxfi/threshold/protocols/frost.TestFROSTMath()
      /Users/z/work/lux/threshold/protocols/frost/frost_math_test.go:22 +0x10c
  testing.tRunner()
      /opt/homebrew/Cellar/go/1.24.6/libexec/src/testing/testing.go:1792 +0x180
  testing.(*T).Run.gowrap1()
      /opt/homebrew/Cellar/go/1.24.6/libexec/src/testing/testing.go:1851 +0x40
==================
2025-08-15T22:12:55.834-0500	DEBUG	protocol/handler.go:437	processing message	{"{from 15 0 b <nil>}": {"Key":"to","Type":15,"Integer":0,"String":"","Interface":null}, "{round 20 3  <nil>}": {"Key":"broadcast","Type":4,"Integer":1,"String":"","Interface":null}}
2025-08-15T22:12:55.834-0500	DEBUG	protocol/handler.go:581	tryAdvanceRound called	{"{current_round 20 2  <nil>}": {"Key":"self","Type":15,"Integer":0,"String":"a","Interface":null}}
2025-08-15T22:12:55.834-0500	DEBUG	protocol/handler.go:1591	have processed broadcast	{"{round 20 2  <nil>}": {"Key":"from","Type":15,"Integer":0,"String":"b","Interface":null}}
2025-08-15T22:12:55.834-0500	DEBUG	protocol/handler.go:1657	storing broadcast	{"{round 20 3  <nil>}": {"Key":"from","Type":15,"Integer":0,"String":"b","Interface":null}}
2025-08-15T22:12:55.834-0500	DEBUG	protocol/handler.go:437	processing message	{"{from 15 0 b <nil>}": {"Key":"to","Type":15,"Integer":0,"String":"","Interface":null}, "{round 20 3  <nil>}": {"Key":"broadcast","Type":4,"Integer":1,"String":"","Interface":null}}
2025-08-15T22:12:55.835-0500	DEBUG	protocol/handler.go:1657	storing broadcast	{"{round 20 3  <nil>}": {"Key":"from","Type":15,"Integer":0,"String":"b","Interface":null}}
2025-08-15T22:12:55.835-0500	DEBUG	protocol/handler.go:470	message for different round (buffering)	{"{msg_round 20 3  <nil>}": {"Key":"current_round","Type":20,"Integer":2,"String":"","Interface":null}}
2025-08-15T22:12:55.834-0500	DEBUG	protocol/handler.go:470	message for different round (buffering)	{"{msg_round 20 3  <nil>}": {"Key":"current_round","Type":20,"Integer":2,"String":"","Interface":null}}
2025-08-15T22:12:55.835-0500	DEBUG	protocol/handler.go:581	tryAdvanceRound called	{"{current_round 20 2  <nil>}": {"Key":"self","Type":15,"Integer":0,"String":"c","Interface":null}}
==================
WARNING: DATA RACE
Write at 0x00c0000b977c by goroutine 234:
  ??()
      -:0 +0x104ada650
  sync/atomic.CompareAndSwapInt32()
      <autogenerated>:1 +0x18
  sync.(*Mutex).Lock()
      /opt/homebrew/Cellar/go/1.24.6/libexec/src/sync/mutex.go:46 +0x2c
  github.com/luxfi/threshold/protocols/frost/keygen.(*round2).StoreBroadcastMessage()
      /Users/z/work/lux/threshold/protocols/frost/keygen/round2.go:57 +0x58
  github.com/luxfi/threshold/pkg/protocol.(*Handler).verifyBroadcastForRound()
      /Users/z/work/lux/threshold/pkg/protocol/handler.go:1277 +0x3a0
  github.com/luxfi/threshold/pkg/protocol.(*Handler).retryUnprocessedMessages()
      /Users/z/work/lux/threshold/pkg/protocol/handler.go:1483 +0x22c
  github.com/luxfi/threshold/pkg/protocol.(*Handler).tryAdvanceRound()
      /Users/z/work/lux/threshold/pkg/protocol/handler.go:587 +0x28c
  github.com/luxfi/threshold/pkg/protocol.(*Handler).initializeRound.func2()
      /Users/z/work/lux/threshold/pkg/protocol/handler.go:1007 +0x38

Previous read at 0x00c0000b9778 by goroutine 160:
  github.com/luxfi/threshold/protocols/frost/keygen.(*round2).Number()
      <autogenerated>:1 +0x38
  github.com/luxfi/threshold/pkg/protocol.(*Handler).hasAllMessages()
      /Users/z/work/lux/threshold/pkg/protocol/handler.go:1570 +0x40
  github.com/luxfi/threshold/pkg/protocol.(*Handler).tryAdvanceRound()
      /Users/z/work/lux/threshold/pkg/protocol/handler.go:589 +0x29c
  github.com/luxfi/threshold/pkg/protocol.(*Handler).processMessage()
      /Users/z/work/lux/threshold/pkg/protocol/handler.go:486 +0xbb0
  github.com/luxfi/threshold/pkg/protocol.(*Handler).messageWorker()
      /Users/z/work/lux/threshold/pkg/protocol/handler.go:408 +0x338
  github.com/luxfi/threshold/pkg/protocol.(*Handler).startWorkers.gowrap2()
      /Users/z/work/lux/threshold/pkg/protocol/handler.go:361 +0x44

Goroutine 234 (running) created at:
  github.com/luxfi/threshold/pkg/protocol.(*Handler).initializeRound()
      /Users/z/work/lux/threshold/pkg/protocol/handler.go:1005 +0xd0c
  github.com/luxfi/threshold/pkg/protocol.NewHandler.gowrap1()
      /Users/z/work/lux/threshold/pkg/protocol/handler.go:250 +0x4c

Goroutine 160 (running) created at:
  github.com/luxfi/threshold/pkg/protocol.(*Handler).startWorkers()
      /Users/z/work/lux/threshold/pkg/protocol/handler.go:361 +0x334
  github.com/luxfi/threshold/pkg/protocol.NewHandler()
      /Users/z/work/lux/threshold/pkg/protocol/handler.go:247 +0xf10
  github.com/luxfi/threshold/internal/test.(*Harness).CreateHandler()
      /Users/z/work/lux/threshold/internal/test/harness.go:91 +0x2e4
  github.com/luxfi/threshold/internal/test.RunProtocol()
      /Users/z/work/lux/threshold/internal/test/harness.go:270 +0x230
  github.com/luxfi/threshold/protocols/frost.TestFROSTMath()
      /Users/z/work/lux/threshold/protocols/frost/frost_math_test.go:22 +0x10c
  testing.tRunner()
      /opt/homebrew/Cellar/go/1.24.6/libexec/src/testing/testing.go:1792 +0x180
  testing.(*T).Run.gowrap1()
      /opt/homebrew/Cellar/go/1.24.6/libexec/src/testing/testing.go:1851 +0x40
==================
==================
WARNING: DATA RACE
Write at 0x00c0000b977c by goroutine 234:
  ??()
      -:0 +0x104ad5eb0
  sync/atomic.AddInt32()
      <autogenerated>:1 +0x14
  sync.(*Mutex).Unlock()
      /opt/homebrew/Cellar/go/1.24.6/libexec/src/sync/mutex.go:65 +0x2c
  github.com/luxfi/threshold/protocols/frost/keygen.(*round2).StoreBroadcastMessage()
      /Users/z/work/lux/threshold/protocols/frost/keygen/round2.go:62 +0x78
  github.com/luxfi/threshold/pkg/protocol.(*Handler).verifyBroadcastForRound()
      /Users/z/work/lux/threshold/pkg/protocol/handler.go:1277 +0x3a0
  github.com/luxfi/threshold/pkg/protocol.(*Handler).retryUnprocessedMessages()
      /Users/z/work/lux/threshold/pkg/protocol/handler.go:1483 +0x22c
  github.com/luxfi/threshold/pkg/protocol.(*Handler).tryAdvanceRound()
      /Users/z/work/lux/threshold/pkg/protocol/handler.go:587 +0x28c
  github.com/luxfi/threshold/pkg/protocol.(*Handler).initializeRound.func2()
      /Users/z/work/lux/threshold/pkg/protocol/handler.go:1007 +0x38

Previous read at 0x00c0000b9778 by goroutine 161:
  github.com/luxfi/threshold/protocols/frost/keygen.(*round2).Number()
      <autogenerated>:1 +0x38
  github.com/luxfi/threshold/pkg/protocol.(*Handler).tryAdvanceRound()
      /Users/z/work/lux/threshold/pkg/protocol/handler.go:582 +0x70
  github.com/luxfi/threshold/pkg/protocol.(*Handler).processMessage()
      /Users/z/work/lux/threshold/pkg/protocol/handler.go:474 +0xb70
  github.com/luxfi/threshold/pkg/protocol.(*Handler).messageWorker()
      /Users/z/work/lux/threshold/pkg/protocol/handler.go:408 +0x338
  github.com/luxfi/threshold/pkg/protocol.(*Handler).startWorkers.gowrap2()
      /Users/z/work/lux/threshold/pkg/protocol/handler.go:361 +0x44

Goroutine 234 (running) created at:
  github.com/luxfi/threshold/pkg/protocol.(*Handler).initializeRound()
      /Users/z/work/lux/threshold/pkg/protocol/handler.go:1005 +0xd0c
  github.com/luxfi/threshold/pkg/protocol.NewHandler.gowrap1()
      /Users/z/work/lux/threshold/pkg/protocol/handler.go:250 +0x4c

Goroutine 161 (running) created at:
  github.com/luxfi/threshold/pkg/protocol.(*Handler).startWorkers()
      /Users/z/work/lux/threshold/pkg/protocol/handler.go:361 +0x334
  github.com/luxfi/threshold/pkg/protocol.NewHandler()
      /Users/z/work/lux/threshold/pkg/protocol/handler.go:247 +0xf10
  github.com/luxfi/threshold/internal/test.(*Harness).CreateHandler()
      /Users/z/work/lux/threshold/internal/test/harness.go:91 +0x2e4
  github.com/luxfi/threshold/internal/test.RunProtocol()
      /Users/z/work/lux/threshold/internal/test/harness.go:270 +0x230
  github.com/luxfi/threshold/protocols/frost.TestFROSTMath()
      /Users/z/work/lux/threshold/protocols/frost/frost_math_test.go:22 +0x10c
  testing.tRunner()
      /opt/homebrew/Cellar/go/1.24.6/libexec/src/testing/testing.go:1792 +0x180
  testing.(*T).Run.gowrap1()
      /opt/homebrew/Cellar/go/1.24.6/libexec/src/testing/testing.go:1851 +0x40
==================
2025-08-15T22:12:55.834-0500	DEBUG	protocol/handler.go:1081	sent message to output channel	{"{from 15 0 b <nil>}": {"Key":"to","Type":15,"Integer":0,"String":"","Interface":null}, "{round 20 3  <nil>}": {"Key":"broadcast","Type":4,"Integer":1,"String":"","Interface":null}}
2025-08-15T22:12:55.836-0500	DEBUG	protocol/handler.go:1039	sendRoundMessage	{"{from 15 0 b <nil>}": {"Key":"to","Type":15,"Integer":0,"String":"a","Interface":null}, "{round 20 3  <nil>}": {"Key":"broadcast","Type":4,"Integer":0,"String":"","Interface":null}}
2025-08-15T22:12:55.836-0500	DEBUG	protocol/handler.go:1081	sent message to output channel	{"{from 15 0 b <nil>}": {"Key":"to","Type":15,"Integer":0,"String":"a","Interface":null}, "{round 20 3  <nil>}": {"Key":"broadcast","Type":4,"Integer":0,"String":"","Interface":null}}
2025-08-15T22:12:55.835-0500	DEBUG	protocol/handler.go:581	tryAdvanceRound called	{"{current_round 20 2  <nil>}": {"Key":"self","Type":15,"Integer":0,"String":"a","Interface":null}}
2025-08-15T22:12:55.836-0500	DEBUG	protocol/handler.go:1039	sendRoundMessage	{"{from 15 0 b <nil>}": {"Key":"to","Type":15,"Integer":0,"String":"c","Interface":null}, "{round 20 3  <nil>}": {"Key":"broadcast","Type":4,"Integer":0,"String":"","Interface":null}}
2025-08-15T22:12:55.836-0500	DEBUG	protocol/handler.go:1591	have processed broadcast	{"{round 20 2  <nil>}": {"Key":"from","Type":15,"Integer":0,"String":"b","Interface":null}}
2025-08-15T22:12:55.836-0500	DEBUG	protocol/handler.go:1081	sent message to output channel	{"{from 15 0 b <nil>}": {"Key":"to","Type":15,"Integer":0,"String":"c","Interface":null}, "{round 20 3  <nil>}": {"Key":"broadcast","Type":4,"Integer":0,"String":"","Interface":null}}
2025-08-15T22:12:55.836-0500	DEBUG	protocol/handler.go:1591	have processed broadcast	{"{round 20 2  <nil>}": {"Key":"from","Type":15,"Integer":0,"String":"c","Interface":null}}
2025-08-15T22:12:55.836-0500	DEBUG	protocol/handler.go:1182	finalized round messages	{"{round 20 2  <nil>}": {"Key":"messages","Type":11,"Integer":3,"String":"","Interface":null}}
2025-08-15T22:12:55.836-0500	DEBUG	protocol/handler.go:1649	have all messages and processed	{"{round 20 2  <nil>}": {"Key":"self","Type":15,"Integer":0,"String":"a","Interface":null}}
2025-08-15T22:12:55.836-0500	DEBUG	protocol/handler.go:1239	finalize returned next round	{"{current 20 2  <nil>}": {"Key":"next","Type":20,"Integer":3,"String":"","Interface":null}}
2025-08-15T22:12:55.836-0500	DEBUG	protocol/handler.go:619	finalizing round
2025-08-15T22:12:55.836-0500	INFO	protocol/handler.go:642	storing new currentRound	{"{from 20 2  <nil>}": {"Key":"to","Type":20,"Integer":3,"String":"","Interface":null}}
2025-08-15T22:12:55.836-0500	DEBUG	protocol/handler.go:1503	processing queued messages
2025-08-15T22:12:55.836-0500	DEBUG	protocol/handler.go:432	processMessage: p2p round 3 START	{"{from 15 0 b <nil>}": {"Key":"to","Type":15,"Integer":0,"String":"a","Interface":null}}
2025-08-15T22:12:55.837-0500	DEBUG	protocol/handler.go:437	processing message	{"{from 15 0 b <nil>}": {"Key":"to","Type":15,"Integer":0,"String":"a","Interface":null}, "{round 20 3  <nil>}": {"Key":"broadcast","Type":4,"Integer":0,"String":"","Interface":null}}
2025-08-15T22:12:55.837-0500	DEBUG	protocol/handler.go:1662	storing message	{"{round 20 3  <nil>}": {"Key":"from","Type":15,"Integer":0,"String":"b","Interface":null}}
==================
WARNING: DATA RACE
Read at 0x00c0000b9778 by goroutine 155:
  github.com/luxfi/threshold/protocols/frost/keygen.(*round2).Number()
      <autogenerated>:1 +0x38
  github.com/luxfi/threshold/pkg/protocol.(*Handler).processMessage()
      /Users/z/work/lux/threshold/pkg/protocol/handler.go:469 +0x94c
  github.com/luxfi/threshold/pkg/protocol.(*Handler).messageWorker()
      /Users/z/work/lux/threshold/pkg/protocol/handler.go:408 +0x338
  github.com/luxfi/threshold/pkg/protocol.(*Handler).startWorkers.gowrap1()
      /Users/z/work/lux/threshold/pkg/protocol/handler.go:355 +0x44

Previous write at 0x00c0000b977c by goroutine 238:
  ??()
      -:0 +0x104ad5eb0
  sync/atomic.AddInt32()
      <autogenerated>:1 +0x14
  sync.(*Mutex).Unlock()
      /opt/homebrew/Cellar/go/1.24.6/libexec/src/sync/mutex.go:65 +0x2c
  github.com/luxfi/threshold/protocols/frost/keygen.(*round2).Finalize()
      /Users/z/work/lux/threshold/protocols/frost/keygen/round2.go:159 +0x7a0
  github.com/luxfi/threshold/pkg/protocol.(*Handler).finalizeRound.func1()
      /Users/z/work/lux/threshold/pkg/protocol/handler.go:1163 +0xe4

Goroutine 155 (running) created at:
  github.com/luxfi/threshold/pkg/protocol.(*Handler).startWorkers()
      /Users/z/work/lux/threshold/pkg/protocol/handler.go:355 +0x27c
  github.com/luxfi/threshold/pkg/protocol.NewHandler()
      /Users/z/work/lux/threshold/pkg/protocol/handler.go:247 +0xf10
  github.com/luxfi/threshold/internal/test.(*Harness).CreateHandler()
      /Users/z/work/lux/threshold/internal/test/harness.go:91 +0x2e4
  github.com/luxfi/threshold/internal/test.RunProtocol()
      /Users/z/work/lux/threshold/internal/test/harness.go:270 +0x230
  github.com/luxfi/threshold/protocols/frost.TestFROSTMath()
      /Users/z/work/lux/threshold/protocols/frost/frost_math_test.go:22 +0x10c
  testing.tRunner()
      /opt/homebrew/Cellar/go/1.24.6/libexec/src/testing/testing.go:1792 +0x180
  testing.(*T).Run.gowrap1()
      /opt/homebrew/Cellar/go/1.24.6/libexec/src/testing/testing.go:1851 +0x40

Goroutine 238 (finished) created at:
  github.com/luxfi/threshold/pkg/protocol.(*Handler).finalizeRound()
      /Users/z/work/lux/threshold/pkg/protocol/handler.go:1160 +0x26c
  github.com/luxfi/threshold/pkg/protocol.(*Handler).tryAdvanceRound()
      /Users/z/work/lux/threshold/pkg/protocol/handler.go:622 +0xae4
  github.com/luxfi/threshold/pkg/protocol.(*Handler).processMessage()
      /Users/z/work/lux/threshold/pkg/protocol/handler.go:474 +0xb70
  github.com/luxfi/threshold/pkg/protocol.(*Handler).messageWorker()
      /Users/z/work/lux/threshold/pkg/protocol/handler.go:408 +0x338
  github.com/luxfi/threshold/pkg/protocol.(*Handler).startWorkers.gowrap2()
      /Users/z/work/lux/threshold/pkg/protocol/handler.go:361 +0x44
==================
2025-08-15T22:12:55.837-0500	DEBUG	protocol/handler.go:470	message for different round (buffering)	{"{msg_round 20 3  <nil>}": {"Key":"current_round","Type":20,"Integer":2,"String":"","Interface":null}}
2025-08-15T22:12:55.837-0500	DEBUG	protocol/handler.go:581	tryAdvanceRound called	{"{current_round 20 2  <nil>}": {"Key":"self","Type":15,"Integer":0,"String":"a","Interface":null}}
2025-08-15T22:12:55.837-0500	DEBUG	protocol/handler.go:1503	processing queued messages
2025-08-15T22:12:55.837-0500	DEBUG	protocol/handler.go:1591	have processed broadcast	{"{round 20 2  <nil>}": {"Key":"from","Type":15,"Integer":0,"String":"b","Interface":null}}
2025-08-15T22:12:55.838-0500	DEBUG	protocol/handler.go:1591	have processed broadcast	{"{round 20 2  <nil>}": {"Key":"from","Type":15,"Integer":0,"String":"c","Interface":null}}
2025-08-15T22:12:55.838-0500	DEBUG	protocol/handler.go:1649	have all messages and processed	{"{round 20 2  <nil>}": {"Key":"self","Type":15,"Integer":0,"String":"a","Interface":null}}
2025-08-15T22:12:55.838-0500	DEBUG	protocol/handler.go:596	round already finalized
==================
WARNING: DATA RACE
Write at 0x00c00073f1cc by goroutine 239:
  ??()
      -:0 +0x104ada650
  sync/atomic.CompareAndSwapInt32()
      <autogenerated>:1 +0x18
  sync.(*Mutex).Lock()
      /opt/homebrew/Cellar/go/1.24.6/libexec/src/sync/mutex.go:46 +0x2c
  github.com/luxfi/threshold/protocols/frost/keygen.(*round2).StoreBroadcastMessage()
      /Users/z/work/lux/threshold/protocols/frost/keygen/round2.go:57 +0x58
  github.com/luxfi/threshold/pkg/protocol.(*Handler).verifyBroadcastForRound()
      /Users/z/work/lux/threshold/pkg/protocol/handler.go:1277 +0x3a0
  github.com/luxfi/threshold/pkg/protocol.(*Handler).processQueuedMessages()
      /Users/z/work/lux/threshold/pkg/protocol/handler.go:1513 +0x718
  github.com/luxfi/threshold/pkg/protocol.(*Handler).tryAdvanceRound.gowrap2()
      /Users/z/work/lux/threshold/pkg/protocol/handler.go:673 +0x40

Previous read at 0x00c00073f1c8 by goroutine 190:
  github.com/luxfi/threshold/protocols/frost/keygen.(*round2).Number()
      <autogenerated>:1 +0x38
  github.com/luxfi/threshold/pkg/protocol.(*Handler).tryAdvanceRound()
      /Users/z/work/lux/threshold/pkg/protocol/handler.go:606 +0x6c8
  github.com/luxfi/threshold/pkg/protocol.(*Handler).roundProcessor()
      /Users/z/work/lux/threshold/pkg/protocol/handler.go:569 +0xb4
  github.com/luxfi/threshold/pkg/protocol.(*Handler).startWorkers.func1()
      /Users/z/work/lux/threshold/pkg/protocol/handler.go:374 +0x78

Goroutine 239 (running) created at:
  github.com/luxfi/threshold/pkg/protocol.(*Handler).tryAdvanceRound()
      /Users/z/work/lux/threshold/pkg/protocol/handler.go:673 +0x12e4
  github.com/luxfi/threshold/pkg/protocol.(*Handler).initializeRound.func2()
      /Users/z/work/lux/threshold/pkg/protocol/handler.go:1007 +0x38

Goroutine 190 (running) created at:
  github.com/luxfi/threshold/pkg/protocol.(*Handler).startWorkers()
      /Users/z/work/lux/threshold/pkg/protocol/handler.go:372 +0x4fc
  github.com/luxfi/threshold/pkg/protocol.NewHandler()
      /Users/z/work/lux/threshold/pkg/protocol/handler.go:247 +0xf10
  github.com/luxfi/threshold/internal/test.(*Harness).CreateHandler()
      /Users/z/work/lux/threshold/internal/test/harness.go:91 +0x2e4
  github.com/luxfi/threshold/internal/test.RunProtocol()
      /Users/z/work/lux/threshold/internal/test/harness.go:270 +0x230
  github.com/luxfi/threshold/protocols/frost.TestFROSTMath()
      /Users/z/work/lux/threshold/protocols/frost/frost_math_test.go:22 +0x10c
  testing.tRunner()
      /opt/homebrew/Cellar/go/1.24.6/libexec/src/testing/testing.go:1792 +0x180
  testing.(*T).Run.gowrap1()
      /opt/homebrew/Cellar/go/1.24.6/libexec/src/testing/testing.go:1851 +0x40
==================
2025-08-15T22:12:55.841-0500	DEBUG	protocol/handler.go:1591	have processed broadcast	{"{round 20 2  <nil>}": {"Key":"from","Type":15,"Integer":0,"String":"b","Interface":null}}
2025-08-15T22:12:55.841-0500	DEBUG	protocol/handler.go:1591	have processed broadcast	{"{round 20 2  <nil>}": {"Key":"from","Type":15,"Integer":0,"String":"c","Interface":null}}
2025-08-15T22:12:55.841-0500	DEBUG	protocol/handler.go:1649	have all messages and processed	{"{round 20 2  <nil>}": {"Key":"self","Type":15,"Integer":0,"String":"a","Interface":null}}
2025-08-15T22:12:55.841-0500	DEBUG	protocol/handler.go:596	round already finalized
2025-08-15T22:12:55.841-0500	DEBUG	protocol/handler.go:581	tryAdvanceRound called	{"{current_round 20 2  <nil>}": {"Key":"self","Type":15,"Integer":0,"String":"a","Interface":null}}
2025-08-15T22:12:55.841-0500	DEBUG	protocol/handler.go:1591	have processed broadcast	{"{round 20 2  <nil>}": {"Key":"from","Type":15,"Integer":0,"String":"b","Interface":null}}
2025-08-15T22:12:55.841-0500	DEBUG	protocol/handler.go:1591	have processed broadcast	{"{round 20 2  <nil>}": {"Key":"from","Type":15,"Integer":0,"String":"c","Interface":null}}
==================
WARNING: DATA RACE
Read at 0x00c000513c58 by goroutine 217:
  github.com/luxfi/threshold/protocols/frost/keygen.(*round2).Number()
      <autogenerated>:1 +0x38
  github.com/luxfi/threshold/pkg/protocol.(*Handler).hasAllMessages()
      /Users/z/work/lux/threshold/pkg/protocol/handler.go:1570 +0x40
  github.com/luxfi/threshold/pkg/protocol.(*Handler).tryAdvanceRound()
      /Users/z/work/lux/threshold/pkg/protocol/handler.go:589 +0x29c
  github.com/luxfi/threshold/pkg/protocol.(*Handler).roundProcessor()
      /Users/z/work/lux/threshold/pkg/protocol/handler.go:569 +0xb4
  github.com/luxfi/threshold/pkg/protocol.(*Handler).startWorkers.func1()
      /Users/z/work/lux/threshold/pkg/protocol/handler.go:374 +0x78

Previous write at 0x00c000513c5c by goroutine 215:
  ??()
      -:0 +0x104ad5eb0
  sync/atomic.AddInt32()
      <autogenerated>:1 +0x14
  sync.(*Mutex).Unlock()
      /opt/homebrew/Cellar/go/1.24.6/libexec/src/sync/mutex.go:65 +0x2c
  github.com/luxfi/threshold/protocols/frost/keygen.(*round2).StoreBroadcastMessage()
      /Users/z/work/lux/threshold/protocols/frost/keygen/round2.go:62 +0x78
  github.com/luxfi/threshold/pkg/protocol.(*Handler).verifyBroadcastForRound()
      /Users/z/work/lux/threshold/pkg/protocol/handler.go:1277 +0x3a0
  github.com/luxfi/threshold/pkg/protocol.(*Handler).retryUnprocessedMessages()
      /Users/z/work/lux/threshold/pkg/protocol/handler.go:1483 +0x22c
  github.com/luxfi/threshold/pkg/protocol.(*Handler).tryAdvanceRound()
      /Users/z/work/lux/threshold/pkg/protocol/handler.go:587 +0x28c
  github.com/luxfi/threshold/pkg/protocol.(*Handler).processMessage()
      /Users/z/work/lux/threshold/pkg/protocol/handler.go:474 +0xb70
  github.com/luxfi/threshold/pkg/protocol.(*Handler).messageWorker()
      /Users/z/work/lux/threshold/pkg/protocol/handler.go:408 +0x338
  github.com/luxfi/threshold/pkg/protocol.(*Handler).startWorkers.gowrap2()
      /Users/z/work/lux/threshold/pkg/protocol/handler.go:361 +0x44

Goroutine 217 (running) created at:
  github.com/luxfi/threshold/pkg/protocol.(*Handler).startWorkers()
      /Users/z/work/lux/threshold/pkg/protocol/handler.go:372 +0x4fc
  github.com/luxfi/threshold/pkg/protocol.NewHandler()
      /Users/z/work/lux/threshold/pkg/protocol/handler.go:247 +0xf10
  github.com/luxfi/threshold/internal/test.(*Harness).CreateHandler()
      /Users/z/work/lux/threshold/internal/test/harness.go:91 +0x2e4
  github.com/luxfi/threshold/internal/test.RunProtocol()
      /Users/z/work/lux/threshold/internal/test/harness.go:270 +0x230
  github.com/luxfi/threshold/protocols/frost.TestFROSTMath()
      /Users/z/work/lux/threshold/protocols/frost/frost_math_test.go:22 +0x10c
  testing.tRunner()
      /opt/homebrew/Cellar/go/1.24.6/libexec/src/testing/testing.go:1792 +0x180
  testing.(*T).Run.gowrap1()
      /opt/homebrew/Cellar/go/1.24.6/libexec/src/testing/testing.go:1851 +0x40

Goroutine 215 (running) created at:
  github.com/luxfi/threshold/pkg/protocol.(*Handler).startWorkers()
      /Users/z/work/lux/threshold/pkg/protocol/handler.go:361 +0x334
  github.com/luxfi/threshold/pkg/protocol.NewHandler()
      /Users/z/work/lux/threshold/pkg/protocol/handler.go:247 +0xf10
  github.com/luxfi/threshold/internal/test.(*Harness).CreateHandler()
      /Users/z/work/lux/threshold/internal/test/harness.go:91 +0x2e4
  github.com/luxfi/threshold/internal/test.RunProtocol()
      /Users/z/work/lux/threshold/internal/test/harness.go:270 +0x230
  github.com/luxfi/threshold/protocols/frost.TestFROSTMath()
      /Users/z/work/lux/threshold/protocols/frost/frost_math_test.go:22 +0x10c
  testing.tRunner()
      /opt/homebrew/Cellar/go/1.24.6/libexec/src/testing/testing.go:1792 +0x180
  testing.(*T).Run.gowrap1()
      /opt/homebrew/Cellar/go/1.24.6/libexec/src/testing/testing.go:1851 +0x40
==================
2025-08-15T22:12:55.841-0500	DEBUG	protocol/handler.go:1649	have all messages and processed	{"{round 20 2  <nil>}": {"Key":"self","Type":15,"Integer":0,"String":"a","Interface":null}}
2025-08-15T22:12:55.841-0500	DEBUG	protocol/handler.go:596	round already finalized
2025-08-15T22:12:55.841-0500	DEBUG	protocol/handler.go:1591	have processed broadcast	{"{round 20 2  <nil>}": {"Key":"from","Type":15,"Integer":0,"String":"a","Interface":null}}
2025-08-15T22:12:55.841-0500	DEBUG	protocol/handler.go:1591	have processed broadcast	{"{round 20 2  <nil>}": {"Key":"from","Type":15,"Integer":0,"String":"b","Interface":null}}
2025-08-15T22:12:55.841-0500	DEBUG	protocol/handler.go:432	processMessage: p2p round 3 START	{"{from 15 0 b <nil>}": {"Key":"to","Type":15,"Integer":0,"String":"c","Interface":null}}
2025-08-15T22:12:55.834-0500	DEBUG	protocol/handler.go:1591	have processed broadcast	{"{round 20 2  <nil>}": {"Key":"from","Type":15,"Integer":0,"String":"c","Interface":null}}
2025-08-15T22:12:55.841-0500	DEBUG	protocol/handler.go:1649	have all messages and processed	{"{round 20 2  <nil>}": {"Key":"self","Type":15,"Integer":0,"String":"a","Interface":null}}
2025-08-15T22:12:55.841-0500	DEBUG	protocol/handler.go:596	round already finalized
2025-08-15T22:12:55.841-0500	DEBUG	protocol/handler.go:437	processing message	{"{from 15 0 b <nil>}": {"Key":"to","Type":15,"Integer":0,"String":"c","Interface":null}, "{round 20 3  <nil>}": {"Key":"broadcast","Type":4,"Integer":0,"String":"","Interface":null}}
2025-08-15T22:12:55.841-0500	DEBUG	protocol/handler.go:1662	storing message	{"{round 20 3  <nil>}": {"Key":"from","Type":15,"Integer":0,"String":"b","Interface":null}}
2025-08-15T22:12:55.842-0500	DEBUG	protocol/handler.go:470	message for different round (buffering)	{"{msg_round 20 3  <nil>}": {"Key":"current_round","Type":20,"Integer":2,"String":"","Interface":null}}
2025-08-15T22:12:55.842-0500	DEBUG	protocol/handler.go:581	tryAdvanceRound called	{"{current_round 20 2  <nil>}": {"Key":"self","Type":15,"Integer":0,"String":"c","Interface":null}}
2025-08-15T22:12:55.842-0500	DEBUG	protocol/handler.go:1039	sendRoundMessage	{"{from 15 0 a <nil>}": {"Key":"to","Type":15,"Integer":0,"String":"","Interface":null}, "{round 20 3  <nil>}": {"Key":"broadcast","Type":4,"Integer":1,"String":"","Interface":null}}
2025-08-15T22:12:55.842-0500	DEBUG	protocol/handler.go:1591	have processed broadcast	{"{round 20 2  <nil>}": {"Key":"from","Type":15,"Integer":0,"String":"a","Interface":null}}
2025-08-15T22:12:55.842-0500	DEBUG	protocol/handler.go:1657	storing broadcast	{"{round 20 3  <nil>}": {"Key":"from","Type":15,"Integer":0,"String":"a","Interface":null}}
2025-08-15T22:12:55.842-0500	DEBUG	protocol/handler.go:1591	have processed broadcast	{"{round 20 2  <nil>}": {"Key":"from","Type":15,"Integer":0,"String":"a","Interface":null}}
2025-08-15T22:12:55.842-0500	DEBUG	protocol/handler.go:1591	have processed broadcast	{"{round 20 2  <nil>}": {"Key":"from","Type":15,"Integer":0,"String":"b","Interface":null}}
2025-08-15T22:12:55.842-0500	DEBUG	protocol/handler.go:1081	sent message to output channel	{"{from 15 0 a <nil>}": {"Key":"to","Type":15,"Integer":0,"String":"","Interface":null}, "{round 20 3  <nil>}": {"Key":"broadcast","Type":4,"Integer":1,"String":"","Interface":null}}
2025-08-15T22:12:55.842-0500	DEBUG	protocol/handler.go:1591	have processed broadcast	{"{round 20 2  <nil>}": {"Key":"from","Type":15,"Integer":0,"String":"c","Interface":null}}
2025-08-15T22:12:55.842-0500	DEBUG	protocol/handler.go:1649	have all messages and processed	{"{round 20 2  <nil>}": {"Key":"self","Type":15,"Integer":0,"String":"c","Interface":null}}
2025-08-15T22:12:55.842-0500	DEBUG	protocol/handler.go:1649	have all messages and processed	{"{round 20 2  <nil>}": {"Key":"self","Type":15,"Integer":0,"String":"b","Interface":null}}
2025-08-15T22:12:55.842-0500	DEBUG	protocol/handler.go:619	finalizing round
2025-08-15T22:12:55.842-0500	DEBUG	protocol/handler.go:1039	sendRoundMessage	{"{from 15 0 a <nil>}": {"Key":"to","Type":15,"Integer":0,"String":"b","Interface":null}, "{round 20 3  <nil>}": {"Key":"broadcast","Type":4,"Integer":0,"String":"","Interface":null}}
2025-08-15T22:12:55.842-0500	DEBUG	protocol/handler.go:596	round already finalized
2025-08-15T22:12:55.842-0500	DEBUG	protocol/handler.go:600	current round already advanced	{"{checking 20 2  <nil>}": {"Key":"current","Type":20,"Integer":3,"String":"","Interface":null}}
2025-08-15T22:12:55.842-0500	DEBUG	protocol/handler.go:1081	sent message to output channel	{"{from 15 0 a <nil>}": {"Key":"to","Type":15,"Integer":0,"String":"b","Interface":null}, "{round 20 3  <nil>}": {"Key":"broadcast","Type":4,"Integer":0,"String":"","Interface":null}}
2025-08-15T22:12:55.842-0500	DEBUG	protocol/handler.go:437	processing message	{"{from 15 0 a <nil>}": {"Key":"to","Type":15,"Integer":0,"String":"","Interface":null}, "{round 20 3  <nil>}": {"Key":"broadcast","Type":4,"Integer":1,"String":"","Interface":null}}
2025-08-15T22:12:55.842-0500	DEBUG	protocol/handler.go:1039	sendRoundMessage	{"{from 15 0 a <nil>}": {"Key":"to","Type":15,"Integer":0,"String":"c","Interface":null}, "{round 20 3  <nil>}": {"Key":"broadcast","Type":4,"Integer":0,"String":"","Interface":null}}
2025-08-15T22:12:55.842-0500	DEBUG	protocol/handler.go:437	processing message	{"{from 15 0 a <nil>}": {"Key":"to","Type":15,"Integer":0,"String":"","Interface":null}, "{round 20 3  <nil>}": {"Key":"broadcast","Type":4,"Integer":1,"String":"","Interface":null}}
2025-08-15T22:12:55.842-0500	DEBUG	protocol/handler.go:1657	storing broadcast	{"{round 20 3  <nil>}": {"Key":"from","Type":15,"Integer":0,"String":"a","Interface":null}}
2025-08-15T22:12:55.842-0500	DEBUG	protocol/handler.go:1081	sent message to output channel	{"{from 15 0 a <nil>}": {"Key":"to","Type":15,"Integer":0,"String":"c","Interface":null}, "{round 20 3  <nil>}": {"Key":"broadcast","Type":4,"Integer":0,"String":"","Interface":null}}
2025-08-15T22:12:55.842-0500	DEBUG	protocol/handler.go:1039	sendRoundMessage	{"{from 15 0 c <nil>}": {"Key":"to","Type":15,"Integer":0,"String":"","Interface":null}, "{round 20 3  <nil>}": {"Key":"broadcast","Type":4,"Integer":1,"String":"","Interface":null}}
2025-08-15T22:12:55.842-0500	DEBUG	protocol/handler.go:470	message for different round (buffering)	{"{msg_round 20 3  <nil>}": {"Key":"current_round","Type":20,"Integer":2,"String":"","Interface":null}}
2025-08-15T22:12:55.842-0500	DEBUG	protocol/handler.go:1182	finalized round messages	{"{round 20 2  <nil>}": {"Key":"messages","Type":11,"Integer":3,"String":"","Interface":null}}
2025-08-15T22:12:55.842-0500	DEBUG	protocol/handler.go:1657	storing broadcast	{"{round 20 3  <nil>}": {"Key":"from","Type":15,"Integer":0,"String":"c","Interface":null}}
2025-08-15T22:12:55.842-0500	DEBUG	protocol/handler.go:1657	storing broadcast	{"{round 20 3  <nil>}": {"Key":"from","Type":15,"Integer":0,"String":"a","Interface":null}}
2025-08-15T22:12:55.842-0500	DEBUG	protocol/handler.go:1239	finalize returned next round	{"{current 20 2  <nil>}": {"Key":"next","Type":20,"Integer":3,"String":"","Interface":null}}
2025-08-15T22:12:55.842-0500	DEBUG	protocol/handler.go:1081	sent message to output channel	{"{from 15 0 c <nil>}": {"Key":"to","Type":15,"Integer":0,"String":"","Interface":null}, "{round 20 3  <nil>}": {"Key":"broadcast","Type":4,"Integer":1,"String":"","Interface":null}}
2025-08-15T22:12:55.842-0500	INFO	protocol/handler.go:642	storing new currentRound	{"{from 20 2  <nil>}": {"Key":"to","Type":20,"Integer":3,"String":"","Interface":null}}
2025-08-15T22:12:55.842-0500	DEBUG	protocol/handler.go:1503	processing queued messages
2025-08-15T22:12:55.842-0500	DEBUG	protocol/handler.go:581	tryAdvanceRound called	{"{current_round 20 2  <nil>}": {"Key":"self","Type":15,"Integer":0,"String":"c","Interface":null}}
2025-08-15T22:12:55.842-0500	DEBUG	protocol/handler.go:1503	processing queued messages
2025-08-15T22:12:55.842-0500	DEBUG	protocol/handler.go:1591	have processed broadcast	{"{round 20 2  <nil>}": {"Key":"from","Type":15,"Integer":0,"String":"a","Interface":null}}
2025-08-15T22:12:55.843-0500	DEBUG	protocol/handler.go:1591	have processed broadcast	{"{round 20 2  <nil>}": {"Key":"from","Type":15,"Integer":0,"String":"b","Interface":null}}
2025-08-15T22:12:55.843-0500	DEBUG	protocol/handler.go:1649	have all messages and processed	{"{round 20 2  <nil>}": {"Key":"self","Type":15,"Integer":0,"String":"c","Interface":null}}
2025-08-15T22:12:55.843-0500	DEBUG	protocol/handler.go:596	round already finalized
2025-08-15T22:12:55.843-0500	DEBUG	protocol/handler.go:581	tryAdvanceRound called	{"{current_round 20 3  <nil>}": {"Key":"self","Type":15,"Integer":0,"String":"b","Interface":null}}
2025-08-15T22:12:55.843-0500	DEBUG	protocol/handler.go:437	processing message	{"{from 15 0 c <nil>}": {"Key":"to","Type":15,"Integer":0,"String":"","Interface":null}, "{round 20 3  <nil>}": {"Key":"broadcast","Type":4,"Integer":1,"String":"","Interface":null}}
2025-08-15T22:12:55.843-0500	DEBUG	protocol/handler.go:1657	storing broadcast	{"{round 20 3  <nil>}": {"Key":"from","Type":15,"Integer":0,"String":"c","Interface":null}}
2025-08-15T22:12:55.843-0500	DEBUG	protocol/handler.go:581	tryAdvanceRound called	{"{current_round 20 3  <nil>}": {"Key":"self","Type":15,"Integer":0,"String":"b","Interface":null}}
2025-08-15T22:12:55.843-0500	DEBUG	protocol/handler.go:1591	have processed broadcast	{"{round 20 2  <nil>}": {"Key":"from","Type":15,"Integer":0,"String":"b","Interface":null}}
2025-08-15T22:12:55.843-0500	DEBUG	protocol/handler.go:1591	have processed broadcast	{"{round 20 3  <nil>}": {"Key":"from","Type":15,"Integer":0,"String":"a","Interface":null}}
2025-08-15T22:12:55.843-0500	DEBUG	protocol/handler.go:1591	have processed broadcast	{"{round 20 2  <nil>}": {"Key":"from","Type":15,"Integer":0,"String":"c","Interface":null}}
2025-08-15T22:12:55.843-0500	DEBUG	protocol/handler.go:1591	have processed broadcast	{"{round 20 3  <nil>}": {"Key":"from","Type":15,"Integer":0,"String":"c","Interface":null}}
2025-08-15T22:12:55.843-0500	DEBUG	protocol/handler.go:1649	have all messages and processed	{"{round 20 2  <nil>}": {"Key":"self","Type":15,"Integer":0,"String":"a","Interface":null}}
2025-08-15T22:12:55.843-0500	DEBUG	protocol/handler.go:1591	have processed broadcast	{"{round 20 3  <nil>}": {"Key":"from","Type":15,"Integer":0,"String":"a","Interface":null}}
2025-08-15T22:12:55.843-0500	DEBUG	protocol/handler.go:432	processMessage: p2p round 3 START	{"{from 15 0 a <nil>}": {"Key":"to","Type":15,"Integer":0,"String":"c","Interface":null}}
2025-08-15T22:12:55.843-0500	DEBUG	protocol/handler.go:437	processing message	{"{from 15 0 c <nil>}": {"Key":"to","Type":15,"Integer":0,"String":"","Interface":null}, "{round 20 3  <nil>}": {"Key":"broadcast","Type":4,"Integer":1,"String":"","Interface":null}}
2025-08-15T22:12:55.843-0500	DEBUG	protocol/handler.go:1657	storing broadcast	{"{round 20 3  <nil>}": {"Key":"from","Type":15,"Integer":0,"String":"c","Interface":null}}
2025-08-15T22:12:55.843-0500	DEBUG	protocol/handler.go:437	processing message	{"{from 15 0 a <nil>}": {"Key":"to","Type":15,"Integer":0,"String":"c","Interface":null}, "{round 20 3  <nil>}": {"Key":"broadcast","Type":4,"Integer":0,"String":"","Interface":null}}
2025-08-15T22:12:55.843-0500	DEBUG	protocol/handler.go:1662	storing message	{"{round 20 3  <nil>}": {"Key":"from","Type":15,"Integer":0,"String":"a","Interface":null}}
2025-08-15T22:12:55.843-0500	DEBUG	protocol/handler.go:470	message for different round (buffering)	{"{msg_round 20 3  <nil>}": {"Key":"current_round","Type":20,"Integer":2,"String":"","Interface":null}}
2025-08-15T22:12:55.843-0500	DEBUG	protocol/handler.go:581	tryAdvanceRound called	{"{current_round 20 3  <nil>}": {"Key":"self","Type":15,"Integer":0,"String":"a","Interface":null}}
2025-08-15T22:12:55.843-0500	DEBUG	protocol/handler.go:581	tryAdvanceRound called	{"{current_round 20 2  <nil>}": {"Key":"self","Type":15,"Integer":0,"String":"c","Interface":null}}
2025-08-15T22:12:55.843-0500	DEBUG	protocol/handler.go:1591	have processed broadcast	{"{round 20 2  <nil>}": {"Key":"from","Type":15,"Integer":0,"String":"a","Interface":null}}
==================
WARNING: DATA RACE
Write at 0x00c0000b977c by goroutine 241:
  ??()
      -:0 +0x104ada650
  sync/atomic.CompareAndSwapInt32()
      <autogenerated>:1 +0x18
  sync.(*Mutex).Lock()
      /opt/homebrew/Cellar/go/1.24.6/libexec/src/sync/mutex.go:46 +0x2c
  github.com/luxfi/threshold/protocols/frost/keygen.(*round2).StoreBroadcastMessage()
      /Users/z/work/lux/threshold/protocols/frost/keygen/round2.go:57 +0x58
  github.com/luxfi/threshold/pkg/protocol.(*Handler).verifyBroadcastForRound()
      /Users/z/work/lux/threshold/pkg/protocol/handler.go:1277 +0x3a0
2025-08-15T22:12:55.843-0500	DEBUG	protocol/handler.go:1600	waiting for broadcasts	{"{round 20 3  <nil>}": {"Key":"missing","Type":15,"Integer":0,"String":"[c]","Interface":null}}
  github.com/luxfi/threshold/pkg/protocol.(*Handler).processQueuedMessages()
      /Users/z/work/lux/threshold/pkg/protocol/handler.go:1513 +0x718
  github.com/luxfi/threshold/pkg/protocol.(*Handler).tryAdvanceRound.gowrap2()
      /Users/z/work/lux/threshold/pkg/protocol/handler.go:673 +0x40

Previous read at 0x00c0000b9778 by goroutine 234:
  github.com/luxfi/threshold/protocols/frost/keygen.(*round2).Number()
      <autogenerated>:1 +0x38
  github.com/luxfi/threshold/pkg/protocol.(*Handler).tryAdvanceRound()
      /Users/z/work/lux/threshold/pkg/protocol/handler.go:596 +0x328
  github.com/luxfi/threshold/pkg/protocol.(*Handler).initializeRound.func2()
      /Users/z/work/lux/threshold/pkg/protocol/handler.go:1007 +0x38

Goroutine 241 (running) created at:
  github.com/luxfi/threshold/pkg/protocol.(*Handler).tryAdvanceRound()
      /Users/z/work/lux/threshold/pkg/protocol/handler.go:673 +0x12e4
  github.com/luxfi/threshold/pkg/protocol.(*Handler).processMessage()
      /Users/z/work/lux/threshold/pkg/protocol/handler.go:474 +0xb70
  github.com/luxfi/threshold/pkg/protocol.(*Handler).messageWorker()
      /Users/z/work/lux/threshold/pkg/protocol/handler.go:408 +0x338
  github.com/luxfi/threshold/pkg/protocol.(*Handler).startWorkers.gowrap2()
      /Users/z/work/lux/threshold/pkg/protocol/handler.go:361 +0x44

Goroutine 234 (running) created at:
  github.com/luxfi/threshold/pkg/protocol.(*Handler).initializeRound()
      /Users/z/work/lux/threshold/pkg/protocol/handler.go:1005 +0xd0c
  github.com/luxfi/threshold/pkg/protocol.NewHandler.gowrap1()
      /Users/z/work/lux/threshold/pkg/protocol/handler.go:250 +0x4c
==================
2025-08-15T22:12:55.844-0500	DEBUG	protocol/handler.go:1591	have processed broadcast	{"{round 20 2  <nil>}": {"Key":"from","Type":15,"Integer":0,"String":"b","Interface":null}}
2025-08-15T22:12:55.844-0500	DEBUG	protocol/handler.go:1649	have all messages and processed	{"{round 20 2  <nil>}": {"Key":"self","Type":15,"Integer":0,"String":"c","Interface":null}}
2025-08-15T22:12:55.844-0500	DEBUG	protocol/handler.go:596	round already finalized
2025-08-15T22:12:55.843-0500	DEBUG	protocol/handler.go:432	processMessage: p2p round 3 START	{"{from 15 0 a <nil>}": {"Key":"to","Type":15,"Integer":0,"String":"b","Interface":null}}
2025-08-15T22:12:55.843-0500	DEBUG	protocol/handler.go:596	round already finalized
==================
WARNING: DATA RACE
Read at 0x00c0000b9778 by goroutine 234:
  github.com/luxfi/threshold/protocols/frost/keygen.(*round2).Number()
      <autogenerated>:1 +0x38
  github.com/luxfi/threshold/pkg/protocol.(*Handler).tryAdvanceRound()
      /Users/z/work/lux/threshold/pkg/protocol/handler.go:599 +0x490
  github.com/luxfi/threshold/pkg/protocol.(*Handler).initializeRound.func2()
      /Users/z/work/lux/threshold/pkg/protocol/handler.go:1007 +0x38

Previous write at 0x00c0000b977c by goroutine 241:
  ??()
      -:0 +0x104ad5eb0
  sync/atomic.AddInt32()
      <autogenerated>:1 +0x14
  sync.(*Mutex).Unlock()
      /opt/homebrew/Cellar/go/1.24.6/libexec/src/sync/mutex.go:65 +0x2c
  github.com/luxfi/threshold/protocols/frost/keygen.(*round2).StoreBroadcastMessage()
      /Users/z/work/lux/threshold/protocols/frost/keygen/round2.go:59 +0x634
  github.com/luxfi/threshold/pkg/protocol.(*Handler).verifyBroadcastForRound()
      /Users/z/work/lux/threshold/pkg/protocol/handler.go:1277 +0x3a0
  github.com/luxfi/threshold/pkg/protocol.(*Handler).processQueuedMessages()
      /Users/z/work/lux/threshold/pkg/protocol/handler.go:1513 +0x718
  github.com/luxfi/threshold/pkg/protocol.(*Handler).tryAdvanceRound.gowrap2()
      /Users/z/work/lux/threshold/pkg/protocol/handler.go:673 +0x40

Goroutine 234 (running) created at:
  github.com/luxfi/threshold/pkg/protocol.(*Handler).initializeRound()
      /Users/z/work/lux/threshold/pkg/protocol/handler.go:1005 +0xd0c
  github.com/luxfi/threshold/pkg/protocol.NewHandler.gowrap1()
      /Users/z/work/lux/threshold/pkg/protocol/handler.go:250 +0x4c

Goroutine 241 (running) created at:
  github.com/luxfi/threshold/pkg/protocol.(*Handler).tryAdvanceRound()
      /Users/z/work/lux/threshold/pkg/protocol/handler.go:673 +0x12e4
  github.com/luxfi/threshold/pkg/protocol.(*Handler).processMessage()
      /Users/z/work/lux/threshold/pkg/protocol/handler.go:474 +0xb70
  github.com/luxfi/threshold/pkg/protocol.(*Handler).messageWorker()
      /Users/z/work/lux/threshold/pkg/protocol/handler.go:408 +0x338
  github.com/luxfi/threshold/pkg/protocol.(*Handler).startWorkers.gowrap2()
      /Users/z/work/lux/threshold/pkg/protocol/handler.go:361 +0x44
==================
2025-08-15T22:12:55.844-0500	INFO	protocol/handler.go:560	advanced to round
2025-08-15T22:12:55.844-0500	DEBUG	protocol/handler.go:437	processing message	{"{from 15 0 a <nil>}": {"Key":"to","Type":15,"Integer":0,"String":"b","Interface":null}, "{round 20 3  <nil>}": {"Key":"broadcast","Type":4,"Integer":0,"String":"","Interface":null}}
2025-08-15T22:12:55.845-0500	DEBUG	protocol/handler.go:1591	have processed broadcast	{"{round 20 2  <nil>}": {"Key":"from","Type":15,"Integer":0,"String":"a","Interface":null}}
2025-08-15T22:12:55.842-0500	DEBUG	protocol/handler.go:1039	sendRoundMessage	{"{from 15 0 c <nil>}": {"Key":"to","Type":15,"Integer":0,"String":"a","Interface":null}, "{round 20 3  <nil>}": {"Key":"broadcast","Type":4,"Integer":0,"String":"","Interface":null}}
2025-08-15T22:12:55.845-0500	DEBUG	protocol/handler.go:1591	have processed broadcast	{"{round 20 2  <nil>}": {"Key":"from","Type":15,"Integer":0,"String":"b","Interface":null}}
2025-08-15T22:12:55.845-0500	DEBUG	protocol/handler.go:1649	have all messages and processed	{"{round 20 2  <nil>}": {"Key":"self","Type":15,"Integer":0,"String":"c","Interface":null}}
2025-08-15T22:12:55.845-0500	DEBUG	protocol/handler.go:596	round already finalized
==================
WARNING: DATA RACE
Write at 0x00c0000b977c by goroutine 241:
  ??()
      -:0 +0x104ada650
  sync/atomic.CompareAndSwapInt32()
      <autogenerated>:1 +0x18
  sync.(*Mutex).Lock()
      /opt/homebrew/Cellar/go/1.24.6/libexec/src/sync/mutex.go:46 +0x2c
  github.com/luxfi/threshold/protocols/frost/keygen.(*round2).StoreBroadcastMessage()
      /Users/z/work/lux/threshold/protocols/frost/keygen/round2.go:57 +0x58
  github.com/luxfi/threshold/pkg/protocol.(*Handler).verifyBroadcastForRound()
      /Users/z/work/lux/threshold/pkg/protocol/handler.go:1277 +0x3a0
  github.com/luxfi/threshold/pkg/protocol.(*Handler).processQueuedMessages()
      /Users/z/work/lux/threshold/pkg/protocol/handler.go:1513 +0x718
  github.com/luxfi/threshold/pkg/protocol.(*Handler).tryAdvanceRound.gowrap2()
      /Users/z/work/lux/threshold/pkg/protocol/handler.go:673 +0x40

Previous read at 0x00c0000b9778 by goroutine 234:
  github.com/luxfi/threshold/protocols/frost/keygen.(*round2).Number()
      <autogenerated>:1 +0x38
  github.com/luxfi/threshold/pkg/protocol.(*Handler).tryAdvanceRound()
      /Users/z/work/lux/threshold/pkg/protocol/handler.go:601 +0x4b0
  github.com/luxfi/threshold/pkg/protocol.(*Handler).initializeRound.func2()
      /Users/z/work/lux/threshold/pkg/protocol/handler.go:1007 +0x38

Goroutine 241 (running) created at:
  github.com/luxfi/threshold/pkg/protocol.(*Handler).tryAdvanceRound()
      /Users/z/work/lux/threshold/pkg/protocol/handler.go:673 +0x12e4
  github.com/luxfi/threshold/pkg/protocol.(*Handler).processMessage()
      /Users/z/work/lux/threshold/pkg/protocol/handler.go:474 +0xb70
  github.com/luxfi/threshold/pkg/protocol.(*Handler).messageWorker()
      /Users/z/work/lux/threshold/pkg/protocol/handler.go:408 +0x338
  github.com/luxfi/threshold/pkg/protocol.(*Handler).startWorkers.gowrap2()
      /Users/z/work/lux/threshold/pkg/protocol/handler.go:361 +0x44

Goroutine 234 (running) created at:
  github.com/luxfi/threshold/pkg/protocol.(*Handler).initializeRound()
      /Users/z/work/lux/threshold/pkg/protocol/handler.go:1005 +0xd0c
  github.com/luxfi/threshold/pkg/protocol.NewHandler.gowrap1()
      /Users/z/work/lux/threshold/pkg/protocol/handler.go:250 +0x4c
==================
2025-08-15T22:12:55.844-0500	DEBUG	protocol/handler.go:581	tryAdvanceRound called	{"{current_round 20 3  <nil>}": {"Key":"self","Type":15,"Integer":0,"String":"a","Interface":null}}
2025-08-15T22:12:55.844-0500	DEBUG	protocol/handler.go:600	current round already advanced	{"{checking 20 2  <nil>}": {"Key":"current","Type":20,"Integer":3,"String":"","Interface":null}}
2025-08-15T22:12:55.845-0500	DEBUG	protocol/handler.go:1662	storing message	{"{round 20 3  <nil>}": {"Key":"from","Type":15,"Integer":0,"String":"a","Interface":null}}
2025-08-15T22:12:55.845-0500	DEBUG	protocol/handler.go:432	processMessage: p2p round 3 START	{"{from 15 0 c <nil>}": {"Key":"to","Type":15,"Integer":0,"String":"a","Interface":null}}
2025-08-15T22:12:55.845-0500	DEBUG	protocol/handler.go:437	processing message	{"{from 15 0 c <nil>}": {"Key":"to","Type":15,"Integer":0,"String":"a","Interface":null}, "{round 20 3  <nil>}": {"Key":"broadcast","Type":4,"Integer":0,"String":"","Interface":null}}
2025-08-15T22:12:55.845-0500	DEBUG	protocol/handler.go:1662	storing message	{"{round 20 3  <nil>}": {"Key":"from","Type":15,"Integer":0,"String":"c","Interface":null}}
2025-08-15T22:12:55.845-0500	DEBUG	protocol/handler.go:1081	sent message to output channel	{"{from 15 0 c <nil>}": {"Key":"to","Type":15,"Integer":0,"String":"a","Interface":null}, "{round 20 3  <nil>}": {"Key":"broadcast","Type":4,"Integer":0,"String":"","Interface":null}}
2025-08-15T22:12:55.845-0500	DEBUG	protocol/handler.go:1039	sendRoundMessage	{"{from 15 0 c <nil>}": {"Key":"to","Type":15,"Integer":0,"String":"b","Interface":null}, "{round 20 3  <nil>}": {"Key":"broadcast","Type":4,"Integer":0,"String":"","Interface":null}}
2025-08-15T22:12:55.846-0500	DEBUG	protocol/handler.go:1591	have processed broadcast	{"{round 20 3  <nil>}": {"Key":"from","Type":15,"Integer":0,"String":"b","Interface":null}}
2025-08-15T22:12:55.846-0500	DEBUG	protocol/handler.go:1591	have processed broadcast	{"{round 20 3  <nil>}": {"Key":"from","Type":15,"Integer":0,"String":"c","Interface":null}}
2025-08-15T22:12:55.846-0500	DEBUG	protocol/handler.go:1642	waiting for message processing	{"{round 20 3  <nil>}": {"Key":"unprocessed","Type":15,"Integer":0,"String":"[c]","Interface":null}}
2025-08-15T22:12:55.846-0500	DEBUG	protocol/handler.go:1081	sent message to output channel	{"{from 15 0 c <nil>}": {"Key":"to","Type":15,"Integer":0,"String":"b","Interface":null}, "{round 20 3  <nil>}": {"Key":"broadcast","Type":4,"Integer":0,"String":"","Interface":null}}
2025-08-15T22:12:55.846-0500	DEBUG	protocol/handler.go:432	processMessage: p2p round 3 START	{"{from 15 0 c <nil>}": {"Key":"to","Type":15,"Integer":0,"String":"b","Interface":null}}
2025-08-15T22:12:55.846-0500	DEBUG	protocol/handler.go:437	processing message	{"{from 15 0 c <nil>}": {"Key":"to","Type":15,"Integer":0,"String":"b","Interface":null}, "{round 20 3  <nil>}": {"Key":"broadcast","Type":4,"Integer":0,"String":"","Interface":null}}
2025-08-15T22:12:55.846-0500	DEBUG	protocol/handler.go:1182	finalized round messages	{"{round 20 2  <nil>}": {"Key":"messages","Type":11,"Integer":3,"String":"","Interface":null}}
2025-08-15T22:12:55.846-0500	DEBUG	protocol/handler.go:1662	storing message	{"{round 20 3  <nil>}": {"Key":"from","Type":15,"Integer":0,"String":"c","Interface":null}}
2025-08-15T22:12:55.846-0500	DEBUG	protocol/handler.go:1239	finalize returned next round	{"{current 20 2  <nil>}": {"Key":"next","Type":20,"Integer":3,"String":"","Interface":null}}
2025-08-15T22:12:55.846-0500	INFO	protocol/handler.go:642	storing new currentRound	{"{from 20 2  <nil>}": {"Key":"to","Type":20,"Integer":3,"String":"","Interface":null}}
2025-08-15T22:12:55.846-0500	DEBUG	protocol/handler.go:1503	processing queued messages
2025-08-15T22:12:55.846-0500	DEBUG	protocol/handler.go:581	tryAdvanceRound called	{"{current_round 20 3  <nil>}": {"Key":"self","Type":15,"Integer":0,"String":"a","Interface":null}}
2025-08-15T22:12:55.846-0500	DEBUG	protocol/handler.go:581	tryAdvanceRound called	{"{current_round 20 3  <nil>}": {"Key":"self","Type":15,"Integer":0,"String":"b","Interface":null}}
2025-08-15T22:12:55.846-0500	DEBUG	protocol/handler.go:1591	have processed broadcast	{"{round 20 3  <nil>}": {"Key":"from","Type":15,"Integer":0,"String":"b","Interface":null}}
2025-08-15T22:12:55.846-0500	DEBUG	protocol/handler.go:1591	have processed broadcast	{"{round 20 3  <nil>}": {"Key":"from","Type":15,"Integer":0,"String":"b","Interface":null}}
2025-08-15T22:12:55.847-0500	DEBUG	protocol/handler.go:1591	have processed broadcast	{"{round 20 3  <nil>}": {"Key":"from","Type":15,"Integer":0,"String":"c","Interface":null}}
2025-08-15T22:12:55.846-0500	DEBUG	protocol/handler.go:1503	processing queued messages
2025-08-15T22:12:55.847-0500	DEBUG	protocol/handler.go:1591	have processed broadcast	{"{round 20 3  <nil>}": {"Key":"from","Type":15,"Integer":0,"String":"c","Interface":null}}
2025-08-15T22:12:55.847-0500	DEBUG	protocol/handler.go:1649	have all messages and processed	{"{round 20 3  <nil>}": {"Key":"self","Type":15,"Integer":0,"String":"a","Interface":null}}
2025-08-15T22:12:55.847-0500	DEBUG	protocol/handler.go:619	finalizing round
2025-08-15T22:12:55.843-0500	DEBUG	protocol/handler.go:1635	waiting for messages	{"{round 20 3  <nil>}": {"Key":"missing","Type":15,"Integer":0,"String":"[a c]","Interface":null}}
2025-08-15T22:12:55.847-0500	DEBUG	protocol/handler.go:1649	have all messages and processed	{"{round 20 3  <nil>}": {"Key":"self","Type":15,"Integer":0,"String":"a","Interface":null}}
2025-08-15T22:12:55.847-0500	DEBUG	protocol/handler.go:596	round already finalized
2025-08-15T22:12:55.841-0500	DEBUG	protocol/handler.go:1649	have all messages and processed	{"{round 20 2  <nil>}": {"Key":"self","Type":15,"Integer":0,"String":"c","Interface":null}}
2025-08-15T22:12:55.847-0500	DEBUG	protocol/handler.go:596	round already finalized
2025-08-15T22:12:55.847-0500	DEBUG	protocol/handler.go:600	current round already advanced	{"{checking 20 2  <nil>}": {"Key":"current","Type":20,"Integer":3,"String":"","Interface":null}}
2025-08-15T22:12:55.847-0500	INFO	protocol/handler.go:560	advanced to round
2025-08-15T22:12:55.847-0500	DEBUG	protocol/handler.go:581	tryAdvanceRound called	{"{current_round 20 3  <nil>}": {"Key":"self","Type":15,"Integer":0,"String":"c","Interface":null}}
2025-08-15T22:12:55.847-0500	DEBUG	protocol/handler.go:581	tryAdvanceRound called	{"{current_round 20 3  <nil>}": {"Key":"self","Type":15,"Integer":0,"String":"b","Interface":null}}
2025-08-15T22:12:55.841-0500	INFO	protocol/handler.go:560	advanced to round
2025-08-15T22:12:55.847-0500	DEBUG	protocol/handler.go:1591	have processed broadcast	{"{round 20 3  <nil>}": {"Key":"from","Type":15,"Integer":0,"String":"a","Interface":null}}
2025-08-15T22:12:55.847-0500	DEBUG	protocol/handler.go:581	tryAdvanceRound called	{"{current_round 20 3  <nil>}": {"Key":"self","Type":15,"Integer":0,"String":"b","Interface":null}}
2025-08-15T22:12:55.847-0500	DEBUG	protocol/handler.go:1591	have processed broadcast	{"{round 20 3  <nil>}": {"Key":"from","Type":15,"Integer":0,"String":"c","Interface":null}}
2025-08-15T22:12:55.848-0500	DEBUG	protocol/handler.go:1649	have all messages and processed	{"{round 20 3  <nil>}": {"Key":"self","Type":15,"Integer":0,"String":"b","Interface":null}}
2025-08-15T22:12:55.848-0500	DEBUG	protocol/handler.go:619	finalizing round
2025-08-15T22:12:55.849-0500	DEBUG	protocol/handler.go:1591	have processed broadcast	{"{round 20 3  <nil>}": {"Key":"from","Type":15,"Integer":0,"String":"a","Interface":null}}
2025-08-15T22:12:55.849-0500	DEBUG	protocol/handler.go:1591	have processed broadcast	{"{round 20 3  <nil>}": {"Key":"from","Type":15,"Integer":0,"String":"c","Interface":null}}
2025-08-15T22:12:55.849-0500	DEBUG	protocol/handler.go:1649	have all messages and processed	{"{round 20 3  <nil>}": {"Key":"self","Type":15,"Integer":0,"String":"b","Interface":null}}
2025-08-15T22:12:55.849-0500	DEBUG	protocol/handler.go:596	round already finalized
2025-08-15T22:12:55.848-0500	DEBUG	protocol/handler.go:1591	have processed broadcast	{"{round 20 3  <nil>}": {"Key":"from","Type":15,"Integer":0,"String":"a","Interface":null}}
2025-08-15T22:12:55.852-0500	DEBUG	protocol/handler.go:1591	have processed broadcast	{"{round 20 3  <nil>}": {"Key":"from","Type":15,"Integer":0,"String":"c","Interface":null}}
2025-08-15T22:12:55.853-0500	DEBUG	protocol/handler.go:1182	finalized round messages	{"{round 20 3  <nil>}": {"Key":"messages","Type":11,"Integer":0,"String":"","Interface":null}}
2025-08-15T22:12:55.853-0500	INFO	protocol/handler.go:1211	protocol completed	{"{self 15 0 a <nil>}": {"Key":"final_round","Type":20,"Integer":3,"String":"","Interface":null}}
2025-08-15T22:12:55.853-0500	DEBUG	protocol/handler.go:624	finalizeRound returned nil
2025-08-15T22:12:55.852-0500	DEBUG	protocol/handler.go:1649	have all messages and processed	{"{round 20 3  <nil>}": {"Key":"self","Type":15,"Integer":0,"String":"b","Interface":null}}
2025-08-15T22:12:55.853-0500	DEBUG	protocol/handler.go:596	round already finalized
2025-08-15T22:12:55.853-0500	DEBUG	protocol/handler.go:581	tryAdvanceRound called	{"{current_round 20 3  <nil>}": {"Key":"self","Type":15,"Integer":0,"String":"b","Interface":null}}
2025-08-15T22:12:55.853-0500	DEBUG	protocol/handler.go:1591	have processed broadcast	{"{round 20 3  <nil>}": {"Key":"from","Type":15,"Integer":0,"String":"a","Interface":null}}
2025-08-15T22:12:55.853-0500	DEBUG	protocol/handler.go:1591	have processed broadcast	{"{round 20 3  <nil>}": {"Key":"from","Type":15,"Integer":0,"String":"b","Interface":null}}
2025-08-15T22:12:55.853-0500	DEBUG	protocol/handler.go:1649	have all messages and processed	{"{round 20 3  <nil>}": {"Key":"self","Type":15,"Integer":0,"String":"c","Interface":null}}
2025-08-15T22:12:55.853-0500	DEBUG	protocol/handler.go:619	finalizing round
2025-08-15T22:12:55.853-0500	DEBUG	protocol/handler.go:1591	have processed broadcast	{"{round 20 3  <nil>}": {"Key":"from","Type":15,"Integer":0,"String":"a","Interface":null}}
2025-08-15T22:12:55.853-0500	DEBUG	protocol/handler.go:1591	have processed broadcast	{"{round 20 3  <nil>}": {"Key":"from","Type":15,"Integer":0,"String":"c","Interface":null}}
2025-08-15T22:12:55.853-0500	DEBUG	protocol/handler.go:1649	have all messages and processed	{"{round 20 3  <nil>}": {"Key":"self","Type":15,"Integer":0,"String":"b","Interface":null}}
2025-08-15T22:12:55.853-0500	DEBUG	protocol/handler.go:596	round already finalized
==================
WARNING: DATA RACE
Write at 0x00c000a94cb8 by goroutine 246:
  github.com/luxfi/threshold/protocols/frost/keygen.(*round3).Finalize.func2()
      /Users/z/work/lux/threshold/protocols/frost/keygen/round3.go:196 +0x15c
  internal/sync.(*HashTrieMap[go.shape.interface {},go.shape.interface {}]).iter()
      /opt/homebrew/Cellar/go/1.24.6/libexec/src/internal/sync/hashtriemap.go:512 +0x10c
  internal/sync.(*HashTrieMap[go.shape.interface {},go.shape.interface {}]).iter()
      /opt/homebrew/Cellar/go/1.24.6/libexec/src/internal/sync/hashtriemap.go:505 +0xa4
  internal/sync.(*HashTrieMap[go.shape.interface {},go.shape.interface {}]).Range()
      /opt/homebrew/Cellar/go/1.24.6/libexec/src/internal/sync/hashtriemap.go:495 +0x68
  sync.(*Map).Range()
      /opt/homebrew/Cellar/go/1.24.6/libexec/src/sync/hashtriemap.go:115 +0x3c
  github.com/luxfi/threshold/protocols/frost/keygen.(*round3).Finalize()
      /Users/z/work/lux/threshold/protocols/frost/keygen/round3.go:194 +0x5d8
  github.com/luxfi/threshold/pkg/protocol.(*Handler).finalizeRound.func1()
      /Users/z/work/lux/threshold/pkg/protocol/handler.go:1163 +0xe4

Previous read at 0x00c000a94cb8 by goroutine 213:
  github.com/luxfi/threshold/protocols/frost/keygen.(*round1).Number()
      <autogenerated>:1 +0x38
  github.com/luxfi/threshold/pkg/protocol.(*Handler).tryAdvanceRound()
      /Users/z/work/lux/threshold/pkg/protocol/handler.go:606 +0x6c8
  github.com/luxfi/threshold/pkg/protocol.(*Handler).processMessage()
      /Users/z/work/lux/threshold/pkg/protocol/handler.go:474 +0xb70
  github.com/luxfi/threshold/pkg/protocol.(*Handler).messageWorker()
      /Users/z/work/lux/threshold/pkg/protocol/handler.go:408 +0x338
  github.com/luxfi/threshold/pkg/protocol.(*Handler).startWorkers.gowrap2()
      /Users/z/work/lux/threshold/pkg/protocol/handler.go:361 +0x44

Goroutine 246 (running) created at:
  github.com/luxfi/threshold/pkg/protocol.(*Handler).finalizeRound()
      /Users/z/work/lux/threshold/pkg/protocol/handler.go:1160 +0x26c
  github.com/luxfi/threshold/pkg/protocol.(*Handler).tryAdvanceRound()
      /Users/z/work/lux/threshold/pkg/protocol/handler.go:622 +0xae4
  github.com/luxfi/threshold/pkg/protocol.(*Handler).roundProcessor()
      /Users/z/work/lux/threshold/pkg/protocol/handler.go:569 +0xb4
  github.com/luxfi/threshold/pkg/protocol.(*Handler).startWorkers.func1()
      /Users/z/work/lux/threshold/pkg/protocol/handler.go:374 +0x78

Goroutine 213 (running) created at:
  github.com/luxfi/threshold/pkg/protocol.(*Handler).startWorkers()
      /Users/z/work/lux/threshold/pkg/protocol/handler.go:361 +0x334
  github.com/luxfi/threshold/pkg/protocol.NewHandler()
      /Users/z/work/lux/threshold/pkg/protocol/handler.go:247 +0xf10
  github.com/luxfi/threshold/internal/test.(*Harness).CreateHandler()
      /Users/z/work/lux/threshold/internal/test/harness.go:91 +0x2e4
  github.com/luxfi/threshold/internal/test.RunProtocol()
      /Users/z/work/lux/threshold/internal/test/harness.go:270 +0x230
  github.com/luxfi/threshold/protocols/frost.TestFROSTMath()
      /Users/z/work/lux/threshold/protocols/frost/frost_math_test.go:22 +0x10c
  testing.tRunner()
      /opt/homebrew/Cellar/go/1.24.6/libexec/src/testing/testing.go:1792 +0x180
  testing.(*T).Run.gowrap1()
      /opt/homebrew/Cellar/go/1.24.6/libexec/src/testing/testing.go:1851 +0x40
==================
2025-08-15T22:12:55.853-0500	DEBUG	protocol/handler.go:1182	finalized round messages	{"{round 20 3  <nil>}": {"Key":"messages","Type":11,"Integer":0,"String":"","Interface":null}}
2025-08-15T22:12:55.853-0500	INFO	protocol/handler.go:1211	protocol completed	{"{self 15 0 b <nil>}": {"Key":"final_round","Type":20,"Integer":3,"String":"","Interface":null}}
2025-08-15T22:12:55.854-0500	DEBUG	protocol/handler.go:624	finalizeRound returned nil
2025-08-15T22:12:55.856-0500	DEBUG	protocol/handler.go:1182	finalized round messages	{"{round 20 3  <nil>}": {"Key":"messages","Type":11,"Integer":0,"String":"","Interface":null}}
2025-08-15T22:12:55.856-0500	INFO	protocol/handler.go:787	protocol completed successfully
2025-08-15T22:12:55.856-0500	INFO	protocol/handler.go:1211	protocol completed	{"{self 15 0 c <nil>}": {"Key":"final_round","Type":20,"Integer":3,"String":"","Interface":null}}
2025-08-15T22:12:55.856-0500	INFO	protocol/handler.go:787	protocol completed successfully
2025-08-15T22:12:55.856-0500	DEBUG	protocol/handler.go:624	finalizeRound returned nil
2025-08-15T22:12:55.856-0500	INFO	protocol/handler.go:787	protocol completed successfully
--- FAIL: TestFROSTMath (0.07s)
    frost_math_test.go:55: Party a: λ_i=&{{[4851 0 0 0 0 0 0 0]}}, Y_i=&{{{[14803045 5955147 36325634 50777591 53542867 32194321 15429447 19615417 56481005 4163859]} {[57448517 20637956 53432132 54793270 38840866 27702060 18767310 12136280 1725508 1225776]} {[49713801 65588621 35422129 32035018 33967684 42827460 51454934 810449 36007452 3434820]}}}, λ_i*Y_i=&{{{[24951492 40934501 45426506 26330891 65740325 18338333 50154355 66763295 59615152 1372053]} {[10883481 44958617 60892086 10977601 5594831 32755606 42532029 20056349 29088512 3524454]} {[32998774 21511718 64314345 14983377 24903504 47098139 10574912 3540795 10181191 3130162]}}}
    frost_math_test.go:55: Party b: λ_i=&{{[3493206974 3218235020 2940772411 3132021990 4294967294 4294967295 4294967295 4294967295]}}, Y_i=&{{{[40034936 49671399 38582421 42179663 38566301 10362174 24457304 36055467 49556000 1400073]} {[50229485 37986651 42450276 793245 59001794 11917970 200798 11391742 66089216 4143499]} {[42064439 37717095 9447537 26039567 30452957 25225281 66922060 14361058 16648182 3590584]}}}, λ_i*Y_i=&{{{[22782923 40646512 53276156 5015249 43407172 3071289 31810225 42516053 17211036 3233396]} {[50432740 58617142 54493869 40315429 9693043 48903215 45724416 59325581 18025638 1763566]} {[54522970 46366643 29545791 39575408 57885043 18165389 26945758 8472205 20603678 758767]}}}
    frost_math_test.go:55: Party c: λ_i=&{{[4753 0 0 0 0 0 0 0]}}, Y_i=&{{{[32577123 22456810 8352707 62518491 38413936 25244088 13824355 29787319 7519567 3803495]} {[66700947 9417635 22903979 55357769 5970496 63676907 1128425 61187780 32433029 3968475]} {[4742823 24402952 61653556 16975828 35240626 43482926 59491008 64455930 316759 1582327]}}}, λ_i*Y_i=&{{{[6091931 22179126 56000966 33895531 14491475 3112972 35932617 49717816 33773224 1208643]} {[61506140 32788872 20294185 25019336 9490975 62351961 54001241 67030728 27195877 3045143]} {[24529651 56730263 18593922 18867597 15726934 55855634 55465457 47816785 5343197 1362139]}}}
    frost_math_test.go:58: Reconstructed Y: &{{{[6811514 38335233 53524555 26718221 58657369 21581944 17120698 50670813 42977910 3546864]} {[34056631 14356608 66333728 41756626 38963229 66150868 63620783 31323910 889184 2423709]} {[48736562 7502013 20883818 9445770 13225361 66647325 36026406 31673279 5123343 1744145]}}}
    frost_math_test.go:59: Original Y: &{{{[156456 32703539 62555481 54188850 49618612 39914839 14971744 6540204 64006215 849641]} {[45598372 35384556 52198673 12916077 36905806 59579692 12879058 11791637 40531302 999570]} {[49025081 33059827 9188933 58458649 1244917 10202517 38186393 60202894 12440778 197391]}}}
    frost_math_test.go:60: Match: true
    frost_math_test.go:86: Subset Party a: λ_i=&{{[98 0 0 0 0 0 0 0]}}, Y_i=&{{{[14803045 5955147 36325634 50777591 53542867 32194321 15429447 19615417 56481005 4163859]} {[57448517 20637956 53432132 54793270 38840866 27702060 18767310 12136280 1725508 1225776]} {[49713801 65588621 35422129 32035018 33967684 42827460 51454934 810449 36007452 3434820]}}}, λ_i*Y_i=&{{{[4103748 21539691 44551028 43683307 60537071 45180956 35676552 8319818 57186479 1774555]} {[7587484 24643409 61706689 35207150 45395495 14172340 51279919 34347041 40550538 4140827]} {[8870460 50111132 28523001 23636054 6438352 20012617 39959540 29884084 15372661 3699537]}}}
    frost_math_test.go:86: Subset Party b: λ_i=&{{[3493216480 3218235020 2940772411 3132021990 4294967294 4294967295 4294967295 4294967295]}}, Y_i=&{{{[40034936 49671399 38582421 42179663 38566301 10362174 24457304 36055467 49556000 1400073]} {[50229485 37986651 42450276 793245 59001794 11917970 200798 11391742 66089216 4143499]} {[42064439 37717095 9447537 26039567 30452957 25225281 66922060 14361058 16648182 3590584]}}}, λ_i*Y_i=&{{{[27768376 64634879 37205440 379791 27308240 48724414 28277358 44809481 51024648 1667673]} {[33076806 13803440 40049797 9705090 27675616 36938968 46898800 34751038 12384104 2447018]} {[62372072 47094339 53472507 11639836 6928294 4790335 16592858 29795837 15638778 2410206]}}}
    frost_math_test.go:89: Subset Reconstructed Y: &{{{[13122642 57121165 46430290 33961812 44078650 3589111 39701039 58675028 59901302 1992385]} {[57037883 30554764 3677873 39872100 1747810 61462692 60872872 53196413 34924874 500819]} {[41091811 9777020 34007945 58889719 56758021 36598660 36768689 37803246 33955861 4116940]}}}
    frost_math_test.go:90: Original Y: &{{{[1921179 42457651 63993630 35396307 10650948 9449 56725088 33804634 51505644 3367948]} {[52352491 11326804 35665655 57771669 58199243 45681032 27161686 25277031 32703024 1362827]} {[1 0 0 0 0 0 0 0 0 0]}}}
    frost_math_test.go:91: Subset Match: false
    testing.go:1490: race detected during execution of test
2025-08-15T22:12:55.861-0500	INFO	protocol/handler.go:240	starting protocol handler	{"{protocol 15 0 frost/keygen-threshold <nil>}": {"Key":"workers","Type":11,"Integer":4,"String":"","Interface":null}, "{parties 11 5  <nil>}": {"Key":"threshold","Type":11,"Integer":4,"String":"","Interface":null}}
2025-08-15T22:12:55.861-0500	DEBUG	protocol/handler.go:348	starting worker pools	{"{workers 11 4  <nil>}": {"Key":"priority","Type":11,"Integer":4,"String":"","Interface":null}}
2025-08-15T22:12:55.861-0500	DEBUG	protocol/handler.go:391	worker started	{"{id 11 0  <nil>}": {"Key":"priority","Type":4,"Integer":1,"String":"","Interface":null}}
2025-08-15T22:12:55.861-0500	DEBUG	protocol/handler.go:391	worker started	{"{id 11 2  <nil>}": {"Key":"priority","Type":4,"Integer":1,"String":"","Interface":null}}
2025-08-15T22:12:55.861-0500	DEBUG	protocol/handler.go:930	initializing round
2025-08-15T22:12:55.861-0500	DEBUG	protocol/handler.go:1503	processing queued messages
2025-08-15T22:12:55.861-0500	DEBUG	protocol/handler.go:391	worker started	{"{id 11 3  <nil>}": {"Key":"priority","Type":4,"Integer":1,"String":"","Interface":null}}
2025-08-15T22:12:55.861-0500	DEBUG	protocol/handler.go:391	worker started	{"{id 11 1  <nil>}": {"Key":"priority","Type":4,"Integer":0,"String":"","Interface":null}}
2025-08-15T22:12:55.861-0500	DEBUG	protocol/handler.go:391	worker started	{"{id 11 0  <nil>}": {"Key":"priority","Type":4,"Integer":0,"String":"","Interface":null}}
2025-08-15T22:12:55.861-0500	DEBUG	protocol/handler.go:391	worker started	{"{id 11 3  <nil>}": {"Key":"priority","Type":4,"Integer":0,"String":"","Interface":null}}
2025-08-15T22:12:55.861-0500	DEBUG	protocol/handler.go:391	worker started	{"{id 11 2  <nil>}": {"Key":"priority","Type":4,"Integer":0,"String":"","Interface":null}}
2025-08-15T22:12:55.861-0500	INFO	protocol/handler.go:240	starting protocol handler	{"{protocol 15 0 frost/keygen-threshold <nil>}": {"Key":"workers","Type":11,"Integer":4,"String":"","Interface":null}, "{parties 11 5  <nil>}": {"Key":"threshold","Type":11,"Integer":4,"String":"","Interface":null}}
2025-08-15T22:12:55.862-0500	DEBUG	protocol/handler.go:348	starting worker pools	{"{workers 11 4  <nil>}": {"Key":"priority","Type":11,"Integer":4,"String":"","Interface":null}}
2025-08-15T22:12:55.862-0500	DEBUG	protocol/handler.go:391	worker started	{"{id 11 0  <nil>}": {"Key":"priority","Type":4,"Integer":0,"String":"","Interface":null}}
2025-08-15T22:12:55.862-0500	DEBUG	protocol/handler.go:391	worker started	{"{id 11 2  <nil>}": {"Key":"priority","Type":4,"Integer":1,"String":"","Interface":null}}
2025-08-15T22:12:55.862-0500	DEBUG	protocol/handler.go:930	initializing round
2025-08-15T22:12:55.862-0500	DEBUG	protocol/handler.go:391	worker started	{"{id 11 3  <nil>}": {"Key":"priority","Type":4,"Integer":0,"String":"","Interface":null}}
2025-08-15T22:12:55.862-0500	DEBUG	protocol/handler.go:1503	processing queued messages
2025-08-15T22:12:55.862-0500	DEBUG	protocol/handler.go:391	worker started	{"{id 11 1  <nil>}": {"Key":"priority","Type":4,"Integer":0,"String":"","Interface":null}}
2025-08-15T22:12:55.862-0500	DEBUG	protocol/handler.go:391	worker started	{"{id 11 0  <nil>}": {"Key":"priority","Type":4,"Integer":1,"String":"","Interface":null}}
2025-08-15T22:12:55.862-0500	DEBUG	protocol/handler.go:391	worker started	{"{id 11 2  <nil>}": {"Key":"priority","Type":4,"Integer":0,"String":"","Interface":null}}
2025-08-15T22:12:55.862-0500	DEBUG	protocol/handler.go:391	worker started	{"{id 11 1  <nil>}": {"Key":"priority","Type":4,"Integer":1,"String":"","Interface":null}}
2025-08-15T22:12:55.862-0500	INFO	protocol/handler.go:240	starting protocol handler	{"{protocol 15 0 frost/keygen-threshold <nil>}": {"Key":"workers","Type":11,"Integer":4,"String":"","Interface":null}, "{parties 11 5  <nil>}": {"Key":"threshold","Type":11,"Integer":4,"String":"","Interface":null}}
2025-08-15T22:12:55.862-0500	DEBUG	protocol/handler.go:348	starting worker pools	{"{workers 11 4  <nil>}": {"Key":"priority","Type":11,"Integer":4,"String":"","Interface":null}}
2025-08-15T22:12:55.862-0500	DEBUG	protocol/handler.go:391	worker started	{"{id 11 3  <nil>}": {"Key":"priority","Type":4,"Integer":1,"String":"","Interface":null}}
2025-08-15T22:12:55.862-0500	DEBUG	protocol/handler.go:391	worker started	{"{id 11 2  <nil>}": {"Key":"priority","Type":4,"Integer":0,"String":"","Interface":null}}
2025-08-15T22:12:55.863-0500	DEBUG	protocol/handler.go:391	worker started	{"{id 11 1  <nil>}": {"Key":"priority","Type":4,"Integer":0,"String":"","Interface":null}}
2025-08-15T22:12:55.863-0500	DEBUG	protocol/handler.go:391	worker started	{"{id 11 0  <nil>}": {"Key":"priority","Type":4,"Integer":1,"String":"","Interface":null}}
2025-08-15T22:12:55.863-0500	DEBUG	protocol/handler.go:930	initializing round
2025-08-15T22:12:55.863-0500	DEBUG	protocol/handler.go:391	worker started	{"{id 11 3  <nil>}": {"Key":"priority","Type":4,"Integer":0,"String":"","Interface":null}}
2025-08-15T22:12:55.863-0500	DEBUG	protocol/handler.go:391	worker started	{"{id 11 1  <nil>}": {"Key":"priority","Type":4,"Integer":1,"String":"","Interface":null}}
2025-08-15T22:12:55.863-0500	DEBUG	protocol/handler.go:391	worker started	{"{id 11 2  <nil>}": {"Key":"priority","Type":4,"Integer":1,"String":"","Interface":null}}
2025-08-15T22:12:55.863-0500	INFO	protocol/handler.go:240	starting protocol handler	{"{protocol 15 0 frost/keygen-threshold <nil>}": {"Key":"workers","Type":11,"Integer":4,"String":"","Interface":null}, "{parties 11 5  <nil>}": {"Key":"threshold","Type":11,"Integer":4,"String":"","Interface":null}}
2025-08-15T22:12:55.863-0500	DEBUG	protocol/handler.go:1503	processing queued messages
2025-08-15T22:12:55.863-0500	DEBUG	protocol/handler.go:348	starting worker pools	{"{workers 11 4  <nil>}": {"Key":"priority","Type":11,"Integer":4,"String":"","Interface":null}}
2025-08-15T22:12:55.862-0500	DEBUG	protocol/handler.go:391	worker started	{"{id 11 0  <nil>}": {"Key":"priority","Type":4,"Integer":0,"String":"","Interface":null}}
2025-08-15T22:12:55.863-0500	DEBUG	protocol/handler.go:391	worker started	{"{id 11 1  <nil>}": {"Key":"priority","Type":4,"Integer":0,"String":"","Interface":null}}
2025-08-15T22:12:55.863-0500	DEBUG	protocol/handler.go:391	worker started	{"{id 11 2  <nil>}": {"Key":"priority","Type":4,"Integer":1,"String":"","Interface":null}}
2025-08-15T22:12:55.863-0500	DEBUG	protocol/handler.go:391	worker started	{"{id 11 0  <nil>}": {"Key":"priority","Type":4,"Integer":0,"String":"","Interface":null}}
2025-08-15T22:12:55.863-0500	DEBUG	protocol/handler.go:391	worker started	{"{id 11 3  <nil>}": {"Key":"priority","Type":4,"Integer":0,"String":"","Interface":null}}
2025-08-15T22:12:55.863-0500	DEBUG	protocol/handler.go:391	worker started	{"{id 11 2  <nil>}": {"Key":"priority","Type":4,"Integer":0,"String":"","Interface":null}}
2025-08-15T22:12:55.863-0500	DEBUG	protocol/handler.go:391	worker started	{"{id 11 0  <nil>}": {"Key":"priority","Type":4,"Integer":1,"String":"","Interface":null}}
2025-08-15T22:12:55.863-0500	DEBUG	protocol/handler.go:391	worker started	{"{id 11 3  <nil>}": {"Key":"priority","Type":4,"Integer":1,"String":"","Interface":null}}
2025-08-15T22:12:55.863-0500	DEBUG	protocol/handler.go:391	worker started	{"{id 11 1  <nil>}": {"Key":"priority","Type":4,"Integer":1,"String":"","Interface":null}}
2025-08-15T22:12:55.863-0500	DEBUG	protocol/handler.go:930	initializing round
2025-08-15T22:12:55.863-0500	DEBUG	protocol/handler.go:1503	processing queued messages
2025-08-15T22:12:55.863-0500	DEBUG	protocol/handler.go:391	worker started	{"{id 11 3  <nil>}": {"Key":"priority","Type":4,"Integer":1,"String":"","Interface":null}}
2025-08-15T22:12:55.864-0500	INFO	protocol/handler.go:240	starting protocol handler	{"{protocol 15 0 frost/keygen-threshold <nil>}": {"Key":"workers","Type":11,"Integer":4,"String":"","Interface":null}, "{parties 11 5  <nil>}": {"Key":"threshold","Type":11,"Integer":4,"String":"","Interface":null}}
2025-08-15T22:12:55.864-0500	DEBUG	protocol/handler.go:348	starting worker pools	{"{workers 11 4  <nil>}": {"Key":"priority","Type":11,"Integer":4,"String":"","Interface":null}}
2025-08-15T22:12:55.864-0500	DEBUG	protocol/handler.go:391	worker started	{"{id 11 2  <nil>}": {"Key":"priority","Type":4,"Integer":0,"String":"","Interface":null}}
2025-08-15T22:12:55.864-0500	DEBUG	protocol/handler.go:391	worker started	{"{id 11 1  <nil>}": {"Key":"priority","Type":4,"Integer":0,"String":"","Interface":null}}
2025-08-15T22:12:55.864-0500	DEBUG	protocol/handler.go:391	worker started	{"{id 11 0  <nil>}": {"Key":"priority","Type":4,"Integer":0,"String":"","Interface":null}}
2025-08-15T22:12:55.864-0500	DEBUG	protocol/handler.go:391	worker started	{"{id 11 3  <nil>}": {"Key":"priority","Type":4,"Integer":0,"String":"","Interface":null}}
2025-08-15T22:12:55.864-0500	DEBUG	protocol/handler.go:391	worker started	{"{id 11 0  <nil>}": {"Key":"priority","Type":4,"Integer":1,"String":"","Interface":null}}
2025-08-15T22:12:55.864-0500	DEBUG	protocol/handler.go:930	initializing round
2025-08-15T22:12:55.864-0500	DEBUG	protocol/handler.go:391	worker started	{"{id 11 1  <nil>}": {"Key":"priority","Type":4,"Integer":1,"String":"","Interface":null}}
2025-08-15T22:12:55.864-0500	DEBUG	protocol/handler.go:1503	processing queued messages
2025-08-15T22:12:55.864-0500	DEBUG	protocol/handler.go:391	worker started	{"{id 11 3  <nil>}": {"Key":"priority","Type":4,"Integer":1,"String":"","Interface":null}}
2025-08-15T22:12:55.864-0500	DEBUG	protocol/handler.go:391	worker started	{"{id 11 2  <nil>}": {"Key":"priority","Type":4,"Integer":1,"String":"","Interface":null}}
2025-08-15T22:12:55.861-0500	DEBUG	protocol/handler.go:391	worker started	{"{id 11 1  <nil>}": {"Key":"priority","Type":4,"Integer":1,"String":"","Interface":null}}
2025-08-15T22:12:55.872-0500	INFO	protocol/handler.go:560	advanced to round
2025-08-15T22:12:55.872-0500	DEBUG	protocol/handler.go:581	tryAdvanceRound called	{"{current_round 20 1  <nil>}": {"Key":"self","Type":15,"Integer":0,"String":"a","Interface":null}}
2025-08-15T22:12:55.872-0500	DEBUG	protocol/handler.go:1649	have all messages and processed	{"{round 20 1  <nil>}": {"Key":"self","Type":15,"Integer":0,"String":"a","Interface":null}}
2025-08-15T22:12:55.872-0500	DEBUG	protocol/handler.go:619	finalizing round
2025-08-15T22:12:55.881-0500	DEBUG	protocol/handler.go:1039	sendRoundMessage	{"{from 15 0 a <nil>}": {"Key":"to","Type":15,"Integer":0,"String":"","Interface":null}, "{round 20 2  <nil>}": {"Key":"broadcast","Type":4,"Integer":1,"String":"","Interface":null}}
2025-08-15T22:12:55.881-0500	DEBUG	protocol/handler.go:403	worker stopping
2025-08-15T22:12:55.881-0500	DEBUG	protocol/handler.go:403	worker stopping
2025-08-15T22:12:55.881-0500	DEBUG	protocol/handler.go:403	worker stopping
2025-08-15T22:12:55.881-0500	DEBUG	protocol/handler.go:403	worker stopping
2025-08-15T22:12:55.881-0500	DEBUG	protocol/handler.go:403	worker stopping
2025-08-15T22:12:55.881-0500	DEBUG	protocol/handler.go:403	worker stopping
2025-08-15T22:12:55.881-0500	DEBUG	protocol/handler.go:403	worker stopping
2025-08-15T22:12:55.881-0500	INFO	protocol/handler.go:560	advanced to round
2025-08-15T22:12:55.881-0500	DEBUG	protocol/handler.go:403	worker stopping
2025-08-15T22:12:55.881-0500	DEBUG	protocol/handler.go:403	worker stopping
2025-08-15T22:12:55.881-0500	DEBUG	protocol/handler.go:581	tryAdvanceRound called	{"{current_round 20 1  <nil>}": {"Key":"self","Type":15,"Integer":0,"String":"e","Interface":null}}
2025-08-15T22:12:55.881-0500	DEBUG	protocol/handler.go:403	worker stopping
2025-08-15T22:12:55.881-0500	DEBUG	protocol/handler.go:403	worker stopping
2025-08-15T22:12:55.881-0500	DEBUG	protocol/handler.go:1649	have all messages and processed	{"{round 20 1  <nil>}": {"Key":"self","Type":15,"Integer":0,"String":"e","Interface":null}}
2025-08-15T22:12:55.881-0500	DEBUG	protocol/handler.go:403	worker stopping
2025-08-15T22:12:55.881-0500	DEBUG	protocol/handler.go:619	finalizing round
2025-08-15T22:12:55.881-0500	INFO	protocol/handler.go:560	advanced to round
2025-08-15T22:12:55.881-0500	DEBUG	protocol/handler.go:403	worker stopping
2025-08-15T22:12:55.881-0500	DEBUG	protocol/handler.go:403	worker stopping
2025-08-15T22:12:55.881-0500	DEBUG	protocol/handler.go:403	worker stopping
2025-08-15T22:12:55.881-0500	DEBUG	protocol/handler.go:403	worker stopping
2025-08-15T22:12:55.881-0500	DEBUG	protocol/handler.go:581	tryAdvanceRound called	{"{current_round 20 1  <nil>}": {"Key":"self","Type":15,"Integer":0,"String":"b","Interface":null}}
2025-08-15T22:12:55.881-0500	DEBUG	protocol/handler.go:403	worker stopping
2025-08-15T22:12:55.881-0500	DEBUG	protocol/handler.go:403	worker stopping
2025-08-15T22:12:55.881-0500	DEBUG	protocol/handler.go:403	worker stopping
2025-08-15T22:12:55.881-0500	DEBUG	protocol/handler.go:403	worker stopping
2025-08-15T22:12:55.881-0500	DEBUG	protocol/handler.go:403	worker stopping
2025-08-15T22:12:55.881-0500	DEBUG	protocol/handler.go:403	worker stopping
2025-08-15T22:12:55.881-0500	DEBUG	protocol/handler.go:403	worker stopping
2025-08-15T22:12:55.882-0500	DEBUG	protocol/handler.go:954	round already being initialized/finalized, skipping
2025-08-15T22:12:55.882-0500	INFO	protocol/handler.go:560	advanced to round
2025-08-15T22:12:55.882-0500	DEBUG	protocol/handler.go:1649	have all messages and processed	{"{round 20 1  <nil>}": {"Key":"self","Type":15,"Integer":0,"String":"b","Interface":null}}
2025-08-15T22:12:55.882-0500	DEBUG	protocol/handler.go:619	finalizing round
2025-08-15T22:12:55.882-0500	DEBUG	protocol/handler.go:581	tryAdvanceRound called	{"{current_round 20 1  <nil>}": {"Key":"self","Type":15,"Integer":0,"String":"d","Interface":null}}
2025-08-15T22:12:55.882-0500	DEBUG	protocol/handler.go:1657	storing broadcast	{"{round 20 2  <nil>}": {"Key":"from","Type":15,"Integer":0,"String":"a","Interface":null}}
2025-08-15T22:12:55.882-0500	DEBUG	protocol/handler.go:403	worker stopping
2025-08-15T22:12:55.882-0500	INFO	protocol/handler.go:560	advanced to round
2025-08-15T22:12:55.882-0500	DEBUG	protocol/handler.go:1081	sent message to output channel	{"{from 15 0 a <nil>}": {"Key":"to","Type":15,"Integer":0,"String":"","Interface":null}, "{round 20 2  <nil>}": {"Key":"broadcast","Type":4,"Integer":1,"String":"","Interface":null}}
2025-08-15T22:12:55.882-0500	DEBUG	protocol/handler.go:581	tryAdvanceRound called	{"{current_round 20 1  <nil>}": {"Key":"self","Type":15,"Integer":0,"String":"c","Interface":null}}
2025-08-15T22:12:55.882-0500	DEBUG	protocol/handler.go:1649	have all messages and processed	{"{round 20 1  <nil>}": {"Key":"self","Type":15,"Integer":0,"String":"d","Interface":null}}
2025-08-15T22:12:55.882-0500	DEBUG	protocol/handler.go:1182	finalized round messages	{"{round 20 1  <nil>}": {"Key":"messages","Type":11,"Integer":1,"String":"","Interface":null}}
2025-08-15T22:12:55.882-0500	DEBUG	protocol/handler.go:1649	have all messages and processed	{"{round 20 1  <nil>}": {"Key":"self","Type":15,"Integer":0,"String":"c","Interface":null}}
2025-08-15T22:12:55.882-0500	DEBUG	protocol/handler.go:1239	finalize returned next round	{"{current 20 1  <nil>}": {"Key":"next","Type":20,"Integer":2,"String":"","Interface":null}}
2025-08-15T22:12:55.882-0500	DEBUG	protocol/handler.go:619	finalizing round
2025-08-15T22:12:55.882-0500	DEBUG	protocol/handler.go:619	finalizing round
2025-08-15T22:12:55.882-0500	INFO	protocol/handler.go:642	storing new currentRound	{"{from 20 1  <nil>}": {"Key":"to","Type":20,"Integer":2,"String":"","Interface":null}}
2025-08-15T22:12:55.882-0500	DEBUG	protocol/handler.go:1503	processing queued messages
2025-08-15T22:12:55.882-0500	INFO	protocol/handler.go:560	advanced to round
2025-08-15T22:12:55.882-0500	DEBUG	protocol/handler.go:581	tryAdvanceRound called	{"{current_round 20 2  <nil>}": {"Key":"self","Type":15,"Integer":0,"String":"a","Interface":null}}
2025-08-15T22:12:55.882-0500	DEBUG	protocol/handler.go:1600	waiting for broadcasts	{"{round 20 2  <nil>}": {"Key":"missing","Type":15,"Integer":0,"String":"[b c d e]","Interface":null}}
2025-08-15T22:12:55.882-0500	DEBUG	protocol/handler.go:1503	processing queued messages
2025-08-15T22:12:55.882-0500	DEBUG	protocol/handler.go:437	processing message	{"{from 15 0 a <nil>}": {"Key":"to","Type":15,"Integer":0,"String":"","Interface":null}, "{round 20 2  <nil>}": {"Key":"broadcast","Type":4,"Integer":1,"String":"","Interface":null}}
2025-08-15T22:12:55.882-0500	DEBUG	protocol/handler.go:1657	storing broadcast	{"{round 20 2  <nil>}": {"Key":"from","Type":15,"Integer":0,"String":"a","Interface":null}}
2025-08-15T22:12:55.882-0500	DEBUG	protocol/handler.go:470	message for different round (buffering)	{"{msg_round 20 2  <nil>}": {"Key":"current_round","Type":20,"Integer":1,"String":"","Interface":null}}
2025-08-15T22:12:55.882-0500	DEBUG	protocol/handler.go:581	tryAdvanceRound called	{"{current_round 20 1  <nil>}": {"Key":"self","Type":15,"Integer":0,"String":"e","Interface":null}}
2025-08-15T22:12:55.884-0500	DEBUG	protocol/handler.go:954	round already being initialized/finalized, skipping
2025-08-15T22:12:55.882-0500	DEBUG	protocol/handler.go:1649	have all messages and processed	{"{round 20 1  <nil>}": {"Key":"self","Type":15,"Integer":0,"String":"e","Interface":null}}
2025-08-15T22:12:55.885-0500	DEBUG	protocol/handler.go:954	round already being initialized/finalized, skipping
2025-08-15T22:12:55.885-0500	DEBUG	protocol/handler.go:437	processing message	{"{from 15 0 a <nil>}": {"Key":"to","Type":15,"Integer":0,"String":"","Interface":null}, "{round 20 2  <nil>}": {"Key":"broadcast","Type":4,"Integer":1,"String":"","Interface":null}}
2025-08-15T22:12:55.882-0500	DEBUG	protocol/handler.go:437	processing message	{"{from 15 0 a <nil>}": {"Key":"to","Type":15,"Integer":0,"String":"","Interface":null}, "{round 20 2  <nil>}": {"Key":"broadcast","Type":4,"Integer":1,"String":"","Interface":null}}
2025-08-15T22:12:55.885-0500	DEBUG	protocol/handler.go:1657	storing broadcast	{"{round 20 2  <nil>}": {"Key":"from","Type":15,"Integer":0,"String":"a","Interface":null}}
2025-08-15T22:12:55.885-0500	DEBUG	protocol/handler.go:470	message for different round (buffering)	{"{msg_round 20 2  <nil>}": {"Key":"current_round","Type":20,"Integer":1,"String":"","Interface":null}}
2025-08-15T22:12:55.885-0500	DEBUG	protocol/handler.go:954	round already being initialized/finalized, skipping
2025-08-15T22:12:55.885-0500	DEBUG	protocol/handler.go:581	tryAdvanceRound called	{"{current_round 20 1  <nil>}": {"Key":"self","Type":15,"Integer":0,"String":"d","Interface":null}}
2025-08-15T22:12:55.886-0500	DEBUG	protocol/handler.go:1649	have all messages and processed	{"{round 20 1  <nil>}": {"Key":"self","Type":15,"Integer":0,"String":"d","Interface":null}}
2025-08-15T22:12:55.886-0500	DEBUG	protocol/handler.go:596	round already finalized
2025-08-15T22:12:55.886-0500	DEBUG	protocol/handler.go:954	round already being initialized/finalized, skipping
2025-08-15T22:12:55.885-0500	DEBUG	protocol/handler.go:596	round already finalized
2025-08-15T22:12:55.885-0500	DEBUG	protocol/handler.go:437	processing message	{"{from 15 0 a <nil>}": {"Key":"to","Type":15,"Integer":0,"String":"","Interface":null}, "{round 20 2  <nil>}": {"Key":"broadcast","Type":4,"Integer":1,"String":"","Interface":null}}
2025-08-15T22:12:55.886-0500	DEBUG	protocol/handler.go:1657	storing broadcast	{"{round 20 2  <nil>}": {"Key":"from","Type":15,"Integer":0,"String":"a","Interface":null}}
2025-08-15T22:12:55.886-0500	DEBUG	protocol/handler.go:470	message for different round (buffering)	{"{msg_round 20 2  <nil>}": {"Key":"current_round","Type":20,"Integer":1,"String":"","Interface":null}}
2025-08-15T22:12:55.886-0500	DEBUG	protocol/handler.go:581	tryAdvanceRound called	{"{current_round 20 1  <nil>}": {"Key":"self","Type":15,"Integer":0,"String":"c","Interface":null}}
2025-08-15T22:12:55.886-0500	DEBUG	protocol/handler.go:1649	have all messages and processed	{"{round 20 1  <nil>}": {"Key":"self","Type":15,"Integer":0,"String":"c","Interface":null}}
2025-08-15T22:12:55.886-0500	DEBUG	protocol/handler.go:596	round already finalized
2025-08-15T22:12:55.886-0500	DEBUG	protocol/handler.go:1657	storing broadcast	{"{round 20 2  <nil>}": {"Key":"from","Type":15,"Integer":0,"String":"a","Interface":null}}
2025-08-15T22:12:55.887-0500	DEBUG	protocol/handler.go:470	message for different round (buffering)	{"{msg_round 20 2  <nil>}": {"Key":"current_round","Type":20,"Integer":1,"String":"","Interface":null}}
2025-08-15T22:12:55.887-0500	DEBUG	protocol/handler.go:581	tryAdvanceRound called	{"{current_round 20 1  <nil>}": {"Key":"self","Type":15,"Integer":0,"String":"b","Interface":null}}
2025-08-15T22:12:55.887-0500	DEBUG	protocol/handler.go:1649	have all messages and processed	{"{round 20 1  <nil>}": {"Key":"self","Type":15,"Integer":0,"String":"b","Interface":null}}
2025-08-15T22:12:55.887-0500	DEBUG	protocol/handler.go:596	round already finalized
2025-08-15T22:12:55.892-0500	DEBUG	protocol/handler.go:581	tryAdvanceRound called	{"{current_round 20 2  <nil>}": {"Key":"self","Type":15,"Integer":0,"String":"a","Interface":null}}
2025-08-15T22:12:55.892-0500	DEBUG	protocol/handler.go:1600	waiting for broadcasts	{"{round 20 2  <nil>}": {"Key":"missing","Type":15,"Integer":0,"String":"[b c d e]","Interface":null}}
2025-08-15T22:12:55.892-0500	DEBUG	protocol/handler.go:1039	sendRoundMessage	{"{from 15 0 e <nil>}": {"Key":"to","Type":15,"Integer":0,"String":"","Interface":null}, "{round 20 2  <nil>}": {"Key":"broadcast","Type":4,"Integer":1,"String":"","Interface":null}}
2025-08-15T22:12:55.893-0500	DEBUG	protocol/handler.go:1657	storing broadcast	{"{round 20 2  <nil>}": {"Key":"from","Type":15,"Integer":0,"String":"e","Interface":null}}
2025-08-15T22:12:55.893-0500	DEBUG	protocol/handler.go:1081	sent message to output channel	{"{from 15 0 e <nil>}": {"Key":"to","Type":15,"Integer":0,"String":"","Interface":null}, "{round 20 2  <nil>}": {"Key":"broadcast","Type":4,"Integer":1,"String":"","Interface":null}}
2025-08-15T22:12:55.893-0500	DEBUG	protocol/handler.go:1182	finalized round messages	{"{round 20 1  <nil>}": {"Key":"messages","Type":11,"Integer":1,"String":"","Interface":null}}
2025-08-15T22:12:55.893-0500	DEBUG	protocol/handler.go:437	processing message	{"{from 15 0 e <nil>}": {"Key":"to","Type":15,"Integer":0,"String":"","Interface":null}, "{round 20 2  <nil>}": {"Key":"broadcast","Type":4,"Integer":1,"String":"","Interface":null}}
2025-08-15T22:12:55.893-0500	DEBUG	protocol/handler.go:1239	finalize returned next round	{"{current 20 1  <nil>}": {"Key":"next","Type":20,"Integer":2,"String":"","Interface":null}}
2025-08-15T22:12:55.893-0500	DEBUG	protocol/handler.go:1657	storing broadcast	{"{round 20 2  <nil>}": {"Key":"from","Type":15,"Integer":0,"String":"e","Interface":null}}
2025-08-15T22:12:55.893-0500	DEBUG	protocol/handler.go:437	processing message	{"{from 15 0 e <nil>}": {"Key":"to","Type":15,"Integer":0,"String":"","Interface":null}, "{round 20 2  <nil>}": {"Key":"broadcast","Type":4,"Integer":1,"String":"","Interface":null}}
2025-08-15T22:12:55.894-0500	INFO	protocol/handler.go:642	storing new currentRound	{"{from 20 1  <nil>}": {"Key":"to","Type":20,"Integer":2,"String":"","Interface":null}}
2025-08-15T22:12:55.894-0500	DEBUG	protocol/handler.go:1503	processing queued messages
2025-08-15T22:12:55.894-0500	DEBUG	protocol/handler.go:1657	storing broadcast	{"{round 20 2  <nil>}": {"Key":"from","Type":15,"Integer":0,"String":"e","Interface":null}}
2025-08-15T22:12:55.894-0500	INFO	protocol/handler.go:560	advanced to round
2025-08-15T22:12:55.894-0500	DEBUG	protocol/handler.go:470	message for different round (buffering)	{"{msg_round 20 2  <nil>}": {"Key":"current_round","Type":20,"Integer":1,"String":"","Interface":null}}
2025-08-15T22:12:55.894-0500	DEBUG	protocol/handler.go:581	tryAdvanceRound called	{"{current_round 20 2  <nil>}": {"Key":"self","Type":15,"Integer":0,"String":"e","Interface":null}}
2025-08-15T22:12:55.894-0500	DEBUG	protocol/handler.go:581	tryAdvanceRound called	{"{current_round 20 1  <nil>}": {"Key":"self","Type":15,"Integer":0,"String":"c","Interface":null}}
2025-08-15T22:12:55.894-0500	DEBUG	protocol/handler.go:470	message for different round (buffering)	{"{msg_round 20 2  <nil>}": {"Key":"current_round","Type":20,"Integer":1,"String":"","Interface":null}}
2025-08-15T22:12:55.894-0500	DEBUG	protocol/handler.go:1649	have all messages and processed	{"{round 20 1  <nil>}": {"Key":"self","Type":15,"Integer":0,"String":"c","Interface":null}}
2025-08-15T22:12:55.894-0500	DEBUG	protocol/handler.go:596	round already finalized
2025-08-15T22:12:55.894-0500	DEBUG	protocol/handler.go:581	tryAdvanceRound called	{"{current_round 20 1  <nil>}": {"Key":"self","Type":15,"Integer":0,"String":"d","Interface":null}}
2025-08-15T22:12:55.894-0500	DEBUG	protocol/handler.go:437	processing message	{"{from 15 0 e <nil>}": {"Key":"to","Type":15,"Integer":0,"String":"","Interface":null}, "{round 20 2  <nil>}": {"Key":"broadcast","Type":4,"Integer":1,"String":"","Interface":null}}
2025-08-15T22:12:55.894-0500	DEBUG	protocol/handler.go:1649	have all messages and processed	{"{round 20 1  <nil>}": {"Key":"self","Type":15,"Integer":0,"String":"d","Interface":null}}
2025-08-15T22:12:55.894-0500	DEBUG	protocol/handler.go:1657	storing broadcast	{"{round 20 2  <nil>}": {"Key":"from","Type":15,"Integer":0,"String":"e","Interface":null}}
2025-08-15T22:12:55.894-0500	DEBUG	protocol/handler.go:596	round already finalized
2025-08-15T22:12:55.894-0500	DEBUG	protocol/handler.go:437	processing message	{"{from 15 0 e <nil>}": {"Key":"to","Type":15,"Integer":0,"String":"","Interface":null}, "{round 20 2  <nil>}": {"Key":"broadcast","Type":4,"Integer":1,"String":"","Interface":null}}
2025-08-15T22:12:55.894-0500	DEBUG	protocol/handler.go:470	message for different round (buffering)	{"{msg_round 20 2  <nil>}": {"Key":"current_round","Type":20,"Integer":1,"String":"","Interface":null}}
2025-08-15T22:12:55.894-0500	DEBUG	protocol/handler.go:1503	processing queued messages
2025-08-15T22:12:55.896-0500	DEBUG	protocol/handler.go:1657	storing broadcast	{"{round 20 2  <nil>}": {"Key":"from","Type":15,"Integer":0,"String":"e","Interface":null}}
2025-08-15T22:12:55.896-0500	DEBUG	protocol/handler.go:1039	sendRoundMessage	{"{from 15 0 b <nil>}": {"Key":"to","Type":15,"Integer":0,"String":"","Interface":null}, "{round 20 2  <nil>}": {"Key":"broadcast","Type":4,"Integer":1,"String":"","Interface":null}}
2025-08-15T22:12:55.896-0500	DEBUG	protocol/handler.go:1039	sendRoundMessage	{"{from 15 0 d <nil>}": {"Key":"to","Type":15,"Integer":0,"String":"","Interface":null}, "{round 20 2  <nil>}": {"Key":"broadcast","Type":4,"Integer":1,"String":"","Interface":null}}
2025-08-15T22:12:55.897-0500	DEBUG	protocol/handler.go:581	tryAdvanceRound called	{"{current_round 20 1  <nil>}": {"Key":"self","Type":15,"Integer":0,"String":"b","Interface":null}}
2025-08-15T22:12:55.897-0500	DEBUG	protocol/handler.go:1649	have all messages and processed	{"{round 20 1  <nil>}": {"Key":"self","Type":15,"Integer":0,"String":"b","Interface":null}}
2025-08-15T22:12:55.897-0500	DEBUG	protocol/handler.go:596	round already finalized
2025-08-15T22:12:55.897-0500	DEBUG	protocol/handler.go:1657	storing broadcast	{"{round 20 2  <nil>}": {"Key":"from","Type":15,"Integer":0,"String":"d","Interface":null}}
2025-08-15T22:12:55.897-0500	DEBUG	protocol/handler.go:1081	sent message to output channel	{"{from 15 0 d <nil>}": {"Key":"to","Type":15,"Integer":0,"String":"","Interface":null}, "{round 20 2  <nil>}": {"Key":"broadcast","Type":4,"Integer":1,"String":"","Interface":null}}
2025-08-15T22:12:55.898-0500	DEBUG	protocol/handler.go:437	processing message	{"{from 15 0 d <nil>}": {"Key":"to","Type":15,"Integer":0,"String":"","Interface":null}, "{round 20 2  <nil>}": {"Key":"broadcast","Type":4,"Integer":1,"String":"","Interface":null}}
2025-08-15T22:12:55.898-0500	DEBUG	protocol/handler.go:1657	storing broadcast	{"{round 20 2  <nil>}": {"Key":"from","Type":15,"Integer":0,"String":"d","Interface":null}}
2025-08-15T22:12:55.898-0500	DEBUG	protocol/handler.go:437	processing message	{"{from 15 0 d <nil>}": {"Key":"to","Type":15,"Integer":0,"String":"","Interface":null}, "{round 20 2  <nil>}": {"Key":"broadcast","Type":4,"Integer":1,"String":"","Interface":null}}
2025-08-15T22:12:55.898-0500	DEBUG	protocol/handler.go:1182	finalized round messages	{"{round 20 1  <nil>}": {"Key":"messages","Type":11,"Integer":1,"String":"","Interface":null}}
2025-08-15T22:12:55.898-0500	DEBUG	protocol/handler.go:1657	storing broadcast	{"{round 20 2  <nil>}": {"Key":"from","Type":15,"Integer":0,"String":"d","Interface":null}}
2025-08-15T22:12:55.898-0500	DEBUG	protocol/handler.go:1239	finalize returned next round	{"{current 20 1  <nil>}": {"Key":"next","Type":20,"Integer":2,"String":"","Interface":null}}
2025-08-15T22:12:55.898-0500	INFO	protocol/handler.go:642	storing new currentRound	{"{from 20 1  <nil>}": {"Key":"to","Type":20,"Integer":2,"String":"","Interface":null}}
2025-08-15T22:12:55.898-0500	DEBUG	protocol/handler.go:1503	processing queued messages
2025-08-15T22:12:55.898-0500	DEBUG	protocol/handler.go:470	message for different round (buffering)	{"{msg_round 20 2  <nil>}": {"Key":"current_round","Type":20,"Integer":1,"String":"","Interface":null}}
2025-08-15T22:12:55.898-0500	INFO	protocol/handler.go:560	advanced to round
2025-08-15T22:12:55.898-0500	DEBUG	protocol/handler.go:581	tryAdvanceRound called	{"{current_round 20 2  <nil>}": {"Key":"self","Type":15,"Integer":0,"String":"d","Interface":null}}
2025-08-15T22:12:55.898-0500	DEBUG	protocol/handler.go:581	tryAdvanceRound called	{"{current_round 20 1  <nil>}": {"Key":"self","Type":15,"Integer":0,"String":"b","Interface":null}}
2025-08-15T22:12:55.898-0500	DEBUG	protocol/handler.go:1649	have all messages and processed	{"{round 20 1  <nil>}": {"Key":"self","Type":15,"Integer":0,"String":"b","Interface":null}}
2025-08-15T22:12:55.898-0500	DEBUG	protocol/handler.go:596	round already finalized
2025-08-15T22:12:55.898-0500	DEBUG	protocol/handler.go:1503	processing queued messages
==================
WARNING: DATA RACE
Write at 0x00c000c8208c by goroutine 382:
  ??()
      -:0 +0x104ada650
  sync/atomic.CompareAndSwapInt32()
      <autogenerated>:1 +0x18
  internal/sync.(*HashTrieMap[go.shape.interface {},go.shape.interface {}]).initSlow()
      /opt/homebrew/Cellar/go/1.24.6/libexec/src/internal/sync/hashtriemap.go:38 +0x38
  internal/sync.(*HashTrieMap[go.shape.interface {},go.shape.interface {}]).init()
      /opt/homebrew/Cellar/go/1.24.6/libexec/src/internal/sync/hashtriemap.go:32 +0x44
  internal/sync.(*HashTrieMap[go.shape.interface {},go.shape.interface {}]).Swap()
      /opt/homebrew/Cellar/go/1.24.6/libexec/src/internal/sync/hashtriemap.go:206 +0x54
  internal/sync.(*HashTrieMap[go.shape.interface {},go.shape.interface {}]).Store()
      /opt/homebrew/Cellar/go/1.24.6/libexec/src/internal/sync/hashtriemap.go:200 +0x54
  sync.(*Map).Store()
      /opt/homebrew/Cellar/go/1.24.6/libexec/src/sync/hashtriemap.go:55 +0x54
  github.com/luxfi/threshold/protocols/frost/keygen.(*round2).StoreBroadcastMessage()
      /Users/z/work/lux/threshold/protocols/frost/keygen/round2.go:117 +0x56c
  github.com/luxfi/threshold/pkg/protocol.(*Handler).verifyBroadcastForRound()
      /Users/z/work/lux/threshold/pkg/protocol/handler.go:1277 +0x3a0
  github.com/luxfi/threshold/pkg/protocol.(*Handler).retryUnprocessedMessages()
      /Users/z/work/lux/threshold/pkg/protocol/handler.go:1483 +0x22c
  github.com/luxfi/threshold/pkg/protocol.(*Handler).tryAdvanceRound()
      /Users/z/work/lux/threshold/pkg/protocol/handler.go:587 +0x28c
  github.com/luxfi/threshold/pkg/protocol.(*Handler).roundProcessor()
      /Users/z/work/lux/threshold/pkg/protocol/handler.go:569 +0xb4
  github.com/luxfi/threshold/pkg/protocol.(*Handler).startWorkers.func1()
      /Users/z/work/lux/threshold/pkg/protocol/handler.go:374 +0x78

Previous read at 0x00c000c82088 by goroutine 379:
  github.com/luxfi/threshold/protocols/frost/keygen.(*round2).Number()
      <autogenerated>:1 +0x38
  github.com/luxfi/threshold/pkg/protocol.(*Handler).verifyBroadcast()
      /Users/z/work/lux/threshold/pkg/protocol/handler.go:1356 +0x74
  github.com/luxfi/threshold/pkg/protocol.(*Handler).processMessage()
      /Users/z/work/lux/threshold/pkg/protocol/handler.go:480 +0xb9c
  github.com/luxfi/threshold/pkg/protocol.(*Handler).messageWorker()
      /Users/z/work/lux/threshold/pkg/protocol/handler.go:408 +0x338
  github.com/luxfi/threshold/pkg/protocol.(*Handler).startWorkers.gowrap2()
      /Users/z/work/lux/threshold/pkg/protocol/handler.go:361 +0x44

Goroutine 382 (running) created at:
  github.com/luxfi/threshold/pkg/protocol.(*Handler).startWorkers()
      /Users/z/work/lux/threshold/pkg/protocol/handler.go:372 +0x4fc
  github.com/luxfi/threshold/pkg/protocol.NewHandler()
      /Users/z/work/lux/threshold/pkg/protocol/handler.go:247 +0xf10
  github.com/luxfi/threshold/internal/test.(*Harness).CreateHandler()
      /Users/z/work/lux/threshold/internal/test/harness.go:91 +0x2e4
  github.com/luxfi/threshold/protocols/frost.TestFrostKeygenOnly()
      /Users/z/work/lux/threshold/protocols/frost/simple_test.go:25 +0x200
  testing.tRunner()
      /opt/homebrew/Cellar/go/1.24.6/libexec/src/testing/testing.go:1792 +0x180
  testing.(*T).Run.gowrap1()
      /opt/homebrew/Cellar/go/1.24.6/libexec/src/testing/testing.go:1851 +0x40

Goroutine 379 (running) created at:
  github.com/luxfi/threshold/pkg/protocol.(*Handler).startWorkers()
      /Users/z/work/lux/threshold/pkg/protocol/handler.go:361 +0x334
  github.com/luxfi/threshold/pkg/protocol.NewHandler()
      /Users/z/work/lux/threshold/pkg/protocol/handler.go:247 +0xf10
  github.com/luxfi/threshold/internal/test.(*Harness).CreateHandler()
      /Users/z/work/lux/threshold/internal/test/harness.go:91 +0x2e4
  github.com/luxfi/threshold/protocols/frost.TestFrostKeygenOnly()
      /Users/z/work/lux/threshold/protocols/frost/simple_test.go:25 +0x200
  testing.tRunner()
      /opt/homebrew/Cellar/go/1.24.6/libexec/src/testing/testing.go:1792 +0x180
  testing.(*T).Run.gowrap1()
      /opt/homebrew/Cellar/go/1.24.6/libexec/src/testing/testing.go:1851 +0x40
==================
==================
WARNING: DATA RACE
Write at 0x00c000c82098 by goroutine 382:
  ??()
      -:0 +0x104ad56f0
  sync/atomic.StorePointer()
      /opt/homebrew/Cellar/go/1.24.6/libexec/src/runtime/atomic_pointer.go:92 +0x38
  internal/sync.(*HashTrieMap[go.shape.interface {},go.shape.interface {}]).initSlow()
      /opt/homebrew/Cellar/go/1.24.6/libexec/src/internal/sync/hashtriemap.go:50 +0xb8
  internal/sync.(*HashTrieMap[go.shape.interface {},go.shape.interface {}]).init()
      /opt/homebrew/Cellar/go/1.24.6/libexec/src/internal/sync/hashtriemap.go:32 +0x44
  internal/sync.(*HashTrieMap[go.shape.interface {},go.shape.interface {}]).Swap()
      /opt/homebrew/Cellar/go/1.24.6/libexec/src/internal/sync/hashtriemap.go:206 +0x54
  internal/sync.(*HashTrieMap[go.shape.interface {},go.shape.interface {}]).Store()
      /opt/homebrew/Cellar/go/1.24.6/libexec/src/internal/sync/hashtriemap.go:200 +0x54
  sync.(*Map).Store()
      /opt/homebrew/Cellar/go/1.24.6/libexec/src/sync/hashtriemap.go:55 +0x54
  github.com/luxfi/threshold/protocols/frost/keygen.(*round2).StoreBroadcastMessage()
      /Users/z/work/lux/threshold/protocols/frost/keygen/round2.go:117 +0x56c
  github.com/luxfi/threshold/pkg/protocol.(*Handler).verifyBroadcastForRound()
      /Users/z/work/lux/threshold/pkg/protocol/handler.go:1277 +0x3a0
  github.com/luxfi/threshold/pkg/protocol.(*Handler).retryUnprocessedMessages()
      /Users/z/work/lux/threshold/pkg/protocol/handler.go:1483 +0x22c
  github.com/luxfi/threshold/pkg/protocol.(*Handler).tryAdvanceRound()
      /Users/z/work/lux/threshold/pkg/protocol/handler.go:587 +0x28c
  github.com/luxfi/threshold/pkg/protocol.(*Handler).roundProcessor()
      /Users/z/work/lux/threshold/pkg/protocol/handler.go:569 +0xb4
  github.com/luxfi/threshold/pkg/protocol.(*Handler).startWorkers.func1()
      /Users/z/work/lux/threshold/pkg/protocol/handler.go:374 +0x78

Previous read at 0x00c000c82098 by goroutine 379:
  github.com/luxfi/threshold/protocols/frost/keygen.(*round2).Number()
      <autogenerated>:1 +0x38
  github.com/luxfi/threshold/pkg/protocol.(*Handler).verifyBroadcast()
      /Users/z/work/lux/threshold/pkg/protocol/handler.go:1356 +0x74
  github.com/luxfi/threshold/pkg/protocol.(*Handler).processMessage()
      /Users/z/work/lux/threshold/pkg/protocol/handler.go:480 +0xb9c
  github.com/luxfi/threshold/pkg/protocol.(*Handler).messageWorker()
      /Users/z/work/lux/threshold/pkg/protocol/handler.go:408 +0x338
  github.com/luxfi/threshold/pkg/protocol.(*Handler).startWorkers.gowrap2()
      /Users/z/work/lux/threshold/pkg/protocol/handler.go:361 +0x44

Goroutine 382 (running) created at:
  github.com/luxfi/threshold/pkg/protocol.(*Handler).startWorkers()
      /Users/z/work/lux/threshold/pkg/protocol/handler.go:372 +0x4fc
  github.com/luxfi/threshold/pkg/protocol.NewHandler()
      /Users/z/work/lux/threshold/pkg/protocol/handler.go:247 +0xf10
  github.com/luxfi/threshold/internal/test.(*Harness).CreateHandler()
      /Users/z/work/lux/threshold/internal/test/harness.go:91 +0x2e4
  github.com/luxfi/threshold/protocols/frost.TestFrostKeygenOnly()
      /Users/z/work/lux/threshold/protocols/frost/simple_test.go:25 +0x200
  testing.tRunner()
      /opt/homebrew/Cellar/go/1.24.6/libexec/src/testing/testing.go:1792 +0x180
  testing.(*T).Run.gowrap1()
      /opt/homebrew/Cellar/go/1.24.6/libexec/src/testing/testing.go:1851 +0x40

Goroutine 379 (running) created at:
  github.com/luxfi/threshold/pkg/protocol.(*Handler).startWorkers()
      /Users/z/work/lux/threshold/pkg/protocol/handler.go:361 +0x334
  github.com/luxfi/threshold/pkg/protocol.NewHandler()
      /Users/z/work/lux/threshold/pkg/protocol/handler.go:247 +0xf10
  github.com/luxfi/threshold/internal/test.(*Harness).CreateHandler()
      /Users/z/work/lux/threshold/internal/test/harness.go:91 +0x2e4
  github.com/luxfi/threshold/protocols/frost.TestFrostKeygenOnly()
      /Users/z/work/lux/threshold/protocols/frost/simple_test.go:25 +0x200
  testing.tRunner()
      /opt/homebrew/Cellar/go/1.24.6/libexec/src/testing/testing.go:1792 +0x180
  testing.(*T).Run.gowrap1()
      /opt/homebrew/Cellar/go/1.24.6/libexec/src/testing/testing.go:1851 +0x40
==================
==================
WARNING: DATA RACE
Read at 0x00c000c820b8 by goroutine 382:
  github.com/luxfi/threshold/protocols/frost/keygen.(*round2).Number()
      <autogenerated>:1 +0x38
  github.com/luxfi/threshold/pkg/protocol.(*Handler).hasAllMessages()
      /Users/z/work/lux/threshold/pkg/protocol/handler.go:1570 +0x40
  github.com/luxfi/threshold/pkg/protocol.(*Handler).tryAdvanceRound()
      /Users/z/work/lux/threshold/pkg/protocol/handler.go:589 +0x29c
  github.com/luxfi/threshold/pkg/protocol.(*Handler).roundProcessor()
      /Users/z/work/lux/threshold/pkg/protocol/handler.go:569 +0xb4
  github.com/luxfi/threshold/pkg/protocol.(*Handler).startWorkers.func1()
      /Users/z/work/lux/threshold/pkg/protocol/handler.go:374 +0x78

Previous write at 0x00c000c820bc by goroutine 379:
  ??()
      -:0 +0x104ad5eb0
  sync/atomic.AddInt32()
      <autogenerated>:1 +0x14
  sync.(*Mutex).Unlock()
      /opt/homebrew/Cellar/go/1.24.6/libexec/src/sync/mutex.go:65 +0x2c
  github.com/luxfi/threshold/protocols/frost/keygen.(*round2).StoreBroadcastMessage()
      /Users/z/work/lux/threshold/protocols/frost/keygen/round2.go:62 +0x78
  github.com/luxfi/threshold/pkg/protocol.(*Handler).verifyBroadcast()
      /Users/z/work/lux/threshold/pkg/protocol/handler.go:1392 +0x648
  github.com/luxfi/threshold/pkg/protocol.(*Handler).processMessage()
      /Users/z/work/lux/threshold/pkg/protocol/handler.go:480 +0xb9c
  github.com/luxfi/threshold/pkg/protocol.(*Handler).messageWorker()
      /Users/z/work/lux/threshold/pkg/protocol/handler.go:408 +0x338
  github.com/luxfi/threshold/pkg/protocol.(*Handler).startWorkers.gowrap2()
      /Users/z/work/lux/threshold/pkg/protocol/handler.go:361 +0x44

Goroutine 382 (running) created at:
  github.com/luxfi/threshold/pkg/protocol.(*Handler).startWorkers()
      /Users/z/work/lux/threshold/pkg/protocol/handler.go:372 +0x4fc
  github.com/luxfi/threshold/pkg/protocol.NewHandler()
      /Users/z/work/lux/threshold/pkg/protocol/handler.go:247 +0xf10
  github.com/luxfi/threshold/internal/test.(*Harness).CreateHandler()
      /Users/z/work/lux/threshold/internal/test/harness.go:91 +0x2e4
  github.com/luxfi/threshold/protocols/frost.TestFrostKeygenOnly()
      /Users/z/work/lux/threshold/protocols/frost/simple_test.go:25 +0x200
  testing.tRunner()
      /opt/homebrew/Cellar/go/1.24.6/libexec/src/testing/testing.go:1792 +0x180
  testing.(*T).Run.gowrap1()
      /opt/homebrew/Cellar/go/1.24.6/libexec/src/testing/testing.go:1851 +0x40

Goroutine 379 (running) created at:
  github.com/luxfi/threshold/pkg/protocol.(*Handler).startWorkers()
      /Users/z/work/lux/threshold/pkg/protocol/handler.go:361 +0x334
  github.com/luxfi/threshold/pkg/protocol.NewHandler()
      /Users/z/work/lux/threshold/pkg/protocol/handler.go:247 +0xf10
  github.com/luxfi/threshold/internal/test.(*Harness).CreateHandler()
      /Users/z/work/lux/threshold/internal/test/harness.go:91 +0x2e4
  github.com/luxfi/threshold/protocols/frost.TestFrostKeygenOnly()
      /Users/z/work/lux/threshold/protocols/frost/simple_test.go:25 +0x200
  testing.tRunner()
      /opt/homebrew/Cellar/go/1.24.6/libexec/src/testing/testing.go:1792 +0x180
  testing.(*T).Run.gowrap1()
      /opt/homebrew/Cellar/go/1.24.6/libexec/src/testing/testing.go:1851 +0x40
==================
2025-08-15T22:12:55.901-0500	DEBUG	protocol/handler.go:1591	have processed broadcast	{"{round 20 2  <nil>}": {"Key":"from","Type":15,"Integer":0,"String":"a","Interface":null}}
2025-08-15T22:12:55.901-0500	DEBUG	protocol/handler.go:1600	waiting for broadcasts	{"{round 20 2  <nil>}": {"Key":"missing","Type":15,"Integer":0,"String":"[b c]","Interface":null}}
2025-08-15T22:12:55.901-0500	DEBUG	protocol/handler.go:581	tryAdvanceRound called	{"{current_round 20 2  <nil>}": {"Key":"self","Type":15,"Integer":0,"String":"e","Interface":null}}
2025-08-15T22:12:55.901-0500	DEBUG	protocol/handler.go:437	processing message	{"{from 15 0 d <nil>}": {"Key":"to","Type":15,"Integer":0,"String":"","Interface":null}, "{round 20 2  <nil>}": {"Key":"broadcast","Type":4,"Integer":1,"String":"","Interface":null}}
2025-08-15T22:12:55.901-0500	DEBUG	protocol/handler.go:1657	storing broadcast	{"{round 20 2  <nil>}": {"Key":"from","Type":15,"Integer":0,"String":"d","Interface":null}}
==================
WARNING: DATA RACE
Read at 0x00c0006fbb88 by goroutine 272:
  github.com/luxfi/threshold/protocols/frost/keygen.(*round2).Number()
      <autogenerated>:1 +0x38
  github.com/luxfi/threshold/pkg/protocol.(*Handler).processMessage()
      /Users/z/work/lux/threshold/pkg/protocol/handler.go:469 +0x94c
  github.com/luxfi/threshold/pkg/protocol.(*Handler).messageWorker()
      /Users/z/work/lux/threshold/pkg/protocol/handler.go:408 +0x338
  github.com/luxfi/threshold/pkg/protocol.(*Handler).startWorkers.gowrap2()
      /Users/z/work/lux/threshold/pkg/protocol/handler.go:361 +0x44

Previous write at 0x00c0006fbb8c by goroutine 270:
  ??()
      -:0 +0x104ad5eb0
  sync/atomic.AddInt32()
      <autogenerated>:1 +0x14
  sync.(*Mutex).Unlock()
      /opt/homebrew/Cellar/go/1.24.6/libexec/src/sync/mutex.go:65 +0x2c
  github.com/luxfi/threshold/protocols/frost/keygen.(*round2).StoreBroadcastMessage()
      /Users/z/work/lux/threshold/protocols/frost/keygen/round2.go:62 +0x78
  github.com/luxfi/threshold/pkg/protocol.(*Handler).verifyBroadcast()
      /Users/z/work/lux/threshold/pkg/protocol/handler.go:1392 +0x648
  github.com/luxfi/threshold/pkg/protocol.(*Handler).processMessage()
      /Users/z/work/lux/threshold/pkg/protocol/handler.go:480 +0xb9c
  github.com/luxfi/threshold/pkg/protocol.(*Handler).messageWorker()
      /Users/z/work/lux/threshold/pkg/protocol/handler.go:408 +0x338
  github.com/luxfi/threshold/pkg/protocol.(*Handler).startWorkers.gowrap2()
      /Users/z/work/lux/threshold/pkg/protocol/handler.go:361 +0x44

Goroutine 272 (running) created at:
  github.com/luxfi/threshold/pkg/protocol.(*Handler).startWorkers()
      /Users/z/work/lux/threshold/pkg/protocol/handler.go:361 +0x334
  github.com/luxfi/threshold/pkg/protocol.NewHandler()
      /Users/z/work/lux/threshold/pkg/protocol/handler.go:247 +0xf10
  github.com/luxfi/threshold/internal/test.(*Harness).CreateHandler()
      /Users/z/work/lux/threshold/internal/test/harness.go:91 +0x2e4
  github.com/luxfi/threshold/protocols/frost.TestFrostKeygenOnly()
      /Users/z/work/lux/threshold/protocols/frost/simple_test.go:25 +0x200
  testing.tRunner()
      /opt/homebrew/Cellar/go/1.24.6/libexec/src/testing/testing.go:1792 +0x180
  testing.(*T).Run.gowrap1()
      /opt/homebrew/Cellar/go/1.24.6/libexec/src/testing/testing.go:1851 +0x40

Goroutine 270 (running) created at:
  github.com/luxfi/threshold/pkg/protocol.(*Handler).startWorkers()
      /Users/z/work/lux/threshold/pkg/protocol/handler.go:361 +0x334
  github.com/luxfi/threshold/pkg/protocol.NewHandler()
      /Users/z/work/lux/threshold/pkg/protocol/handler.go:247 +0xf10
  github.com/luxfi/threshold/internal/test.(*Harness).CreateHandler()
      /Users/z/work/lux/threshold/internal/test/harness.go:91 +0x2e4
  github.com/luxfi/threshold/protocols/frost.TestFrostKeygenOnly()
      /Users/z/work/lux/threshold/protocols/frost/simple_test.go:25 +0x200
  testing.tRunner()
      /opt/homebrew/Cellar/go/1.24.6/libexec/src/testing/testing.go:1792 +0x180
  testing.(*T).Run.gowrap1()
      /opt/homebrew/Cellar/go/1.24.6/libexec/src/testing/testing.go:1851 +0x40
==================
2025-08-15T22:12:55.900-0500	DEBUG	protocol/handler.go:437	processing message	{"{from 15 0 d <nil>}": {"Key":"to","Type":15,"Integer":0,"String":"","Interface":null}, "{round 20 2  <nil>}": {"Key":"broadcast","Type":4,"Integer":1,"String":"","Interface":null}}
2025-08-15T22:12:55.903-0500	DEBUG	protocol/handler.go:1657	storing broadcast	{"{round 20 2  <nil>}": {"Key":"from","Type":15,"Integer":0,"String":"d","Interface":null}}
2025-08-15T22:12:55.904-0500	DEBUG	protocol/handler.go:470	message for different round (buffering)	{"{msg_round 20 2  <nil>}": {"Key":"current_round","Type":20,"Integer":1,"String":"","Interface":null}}
2025-08-15T22:12:55.904-0500	DEBUG	protocol/handler.go:581	tryAdvanceRound called	{"{current_round 20 1  <nil>}": {"Key":"self","Type":15,"Integer":0,"String":"c","Interface":null}}
2025-08-15T22:12:55.904-0500	DEBUG	protocol/handler.go:1649	have all messages and processed	{"{round 20 1  <nil>}": {"Key":"self","Type":15,"Integer":0,"String":"c","Interface":null}}
2025-08-15T22:12:55.904-0500	DEBUG	protocol/handler.go:596	round already finalized
==================
WARNING: DATA RACE
Write at 0x00c0006fbb5c by goroutine 270:
  ??()
      -:0 +0x104ada650
  sync/atomic.CompareAndSwapInt32()
      <autogenerated>:1 +0x18
  internal/sync.(*HashTrieMap[go.shape.interface {},go.shape.interface {}]).initSlow()
      /opt/homebrew/Cellar/go/1.24.6/libexec/src/internal/sync/hashtriemap.go:38 +0x38
  internal/sync.(*HashTrieMap[go.shape.interface {},go.shape.interface {}]).init()
      /opt/homebrew/Cellar/go/1.24.6/libexec/src/internal/sync/hashtriemap.go:32 +0x44
  internal/sync.(*HashTrieMap[go.shape.interface {},go.shape.interface {}]).Swap()
      /opt/homebrew/Cellar/go/1.24.6/libexec/src/internal/sync/hashtriemap.go:206 +0x54
  internal/sync.(*HashTrieMap[go.shape.interface {},go.shape.interface {}]).Store()
      /opt/homebrew/Cellar/go/1.24.6/libexec/src/internal/sync/hashtriemap.go:200 +0x54
  sync.(*Map).Store()
      /opt/homebrew/Cellar/go/1.24.6/libexec/src/sync/hashtriemap.go:55 +0x54
  github.com/luxfi/threshold/protocols/frost/keygen.(*round2).StoreBroadcastMessage()
      /Users/z/work/lux/threshold/protocols/frost/keygen/round2.go:117 +0x56c
  github.com/luxfi/threshold/pkg/protocol.(*Handler).verifyBroadcast()
      /Users/z/work/lux/threshold/pkg/protocol/handler.go:1392 +0x648
  github.com/luxfi/threshold/pkg/protocol.(*Handler).processMessage()
      /Users/z/work/lux/threshold/pkg/protocol/handler.go:480 +0xb9c
  github.com/luxfi/threshold/pkg/protocol.(*Handler).messageWorker()
      /Users/z/work/lux/threshold/pkg/protocol/handler.go:408 +0x338
  github.com/luxfi/threshold/pkg/protocol.(*Handler).startWorkers.gowrap2()
      /Users/z/work/lux/threshold/pkg/protocol/handler.go:361 +0x44

Previous read at 0x00c0006fbb58 by goroutine 272:
  github.com/luxfi/threshold/protocols/frost/keygen.(*round2).Number()
      <autogenerated>:1 +0x38
  github.com/luxfi/threshold/pkg/protocol.(*Handler).verifyBroadcast()
      /Users/z/work/lux/threshold/pkg/protocol/handler.go:1356 +0x74
  github.com/luxfi/threshold/pkg/protocol.(*Handler).processMessage()
      /Users/z/work/lux/threshold/pkg/protocol/handler.go:480 +0xb9c
  github.com/luxfi/threshold/pkg/protocol.(*Handler).messageWorker()
      /Users/z/work/lux/threshold/pkg/protocol/handler.go:408 +0x338
  github.com/luxfi/threshold/pkg/protocol.(*Handler).startWorkers.gowrap2()
      /Users/z/work/lux/threshold/pkg/protocol/handler.go:361 +0x44

Goroutine 270 (running) created at:
  github.com/luxfi/threshold/pkg/protocol.(*Handler).startWorkers()
      /Users/z/work/lux/threshold/pkg/protocol/handler.go:361 +0x334
  github.com/luxfi/threshold/pkg/protocol.NewHandler()
      /Users/z/work/lux/threshold/pkg/protocol/handler.go:247 +0xf10
  github.com/luxfi/threshold/internal/test.(*Harness).CreateHandler()
      /Users/z/work/lux/threshold/internal/test/harness.go:91 +0x2e4
  github.com/luxfi/threshold/protocols/frost.TestFrostKeygenOnly()
      /Users/z/work/lux/threshold/protocols/frost/simple_test.go:25 +0x200
  testing.tRunner()
      /opt/homebrew/Cellar/go/1.24.6/libexec/src/testing/testing.go:1792 +0x180
  testing.(*T).Run.gowrap1()
      /opt/homebrew/Cellar/go/1.24.6/libexec/src/testing/testing.go:1851 +0x40

Goroutine 272 (running) created at:
  github.com/luxfi/threshold/pkg/protocol.(*Handler).startWorkers()
      /Users/z/work/lux/threshold/pkg/protocol/handler.go:361 +0x334
  github.com/luxfi/threshold/pkg/protocol.NewHandler()
      /Users/z/work/lux/threshold/pkg/protocol/handler.go:247 +0xf10
  github.com/luxfi/threshold/internal/test.(*Harness).CreateHandler()
      /Users/z/work/lux/threshold/internal/test/harness.go:91 +0x2e4
  github.com/luxfi/threshold/protocols/frost.TestFrostKeygenOnly()
      /Users/z/work/lux/threshold/protocols/frost/simple_test.go:25 +0x200
  testing.tRunner()
      /opt/homebrew/Cellar/go/1.24.6/libexec/src/testing/testing.go:1792 +0x180
  testing.(*T).Run.gowrap1()
      /opt/homebrew/Cellar/go/1.24.6/libexec/src/testing/testing.go:1851 +0x40
==================
==================
WARNING: DATA RACE
Write at 0x00c0006fbb68 by goroutine 270:
  ??()
      -:0 +0x104ad56f0
  sync/atomic.StorePointer()
      /opt/homebrew/Cellar/go/1.24.6/libexec/src/runtime/atomic_pointer.go:92 +0x38
  internal/sync.(*HashTrieMap[go.shape.interface {},go.shape.interface {}]).initSlow()
      /opt/homebrew/Cellar/go/1.24.6/libexec/src/internal/sync/hashtriemap.go:50 +0xb8
  internal/sync.(*HashTrieMap[go.shape.interface {},go.shape.interface {}]).init()
      /opt/homebrew/Cellar/go/1.24.6/libexec/src/internal/sync/hashtriemap.go:32 +0x44
  internal/sync.(*HashTrieMap[go.shape.interface {},go.shape.interface {}]).Swap()
      /opt/homebrew/Cellar/go/1.24.6/libexec/src/internal/sync/hashtriemap.go:206 +0x54
  internal/sync.(*HashTrieMap[go.shape.interface {},go.shape.interface {}]).Store()
      /opt/homebrew/Cellar/go/1.24.6/libexec/src/internal/sync/hashtriemap.go:200 +0x54
  sync.(*Map).Store()
      /opt/homebrew/Cellar/go/1.24.6/libexec/src/sync/hashtriemap.go:55 +0x54
  github.com/luxfi/threshold/protocols/frost/keygen.(*round2).StoreBroadcastMessage()
      /Users/z/work/lux/threshold/protocols/frost/keygen/round2.go:117 +0x56c
  github.com/luxfi/threshold/pkg/protocol.(*Handler).verifyBroadcast()
      /Users/z/work/lux/threshold/pkg/protocol/handler.go:1392 +0x648
  github.com/luxfi/threshold/pkg/protocol.(*Handler).processMessage()
      /Users/z/work/lux/threshold/pkg/protocol/handler.go:480 +0xb9c
  github.com/luxfi/threshold/pkg/protocol.(*Handler).messageWorker()
      /Users/z/work/lux/threshold/pkg/protocol/handler.go:408 +0x338
  github.com/luxfi/threshold/pkg/protocol.(*Handler).startWorkers.gowrap2()
      /Users/z/work/lux/threshold/pkg/protocol/handler.go:361 +0x44

Previous read at 0x00c0006fbb68 by goroutine 274:
  github.com/luxfi/threshold/protocols/frost/keygen.(*round2).Number()
      <autogenerated>:1 +0x38
  github.com/luxfi/threshold/pkg/protocol.(*Handler).tryAdvanceRound()
      /Users/z/work/lux/threshold/pkg/protocol/handler.go:582 +0x70
  github.com/luxfi/threshold/pkg/protocol.(*Handler).roundProcessor()
      /Users/z/work/lux/threshold/pkg/protocol/handler.go:569 +0xb4
  github.com/luxfi/threshold/pkg/protocol.(*Handler).startWorkers.func1()
      /Users/z/work/lux/threshold/pkg/protocol/handler.go:374 +0x78

Goroutine 270 (running) created at:
  github.com/luxfi/threshold/pkg/protocol.(*Handler).startWorkers()
      /Users/z/work/lux/threshold/pkg/protocol/handler.go:361 +0x334
  github.com/luxfi/threshold/pkg/protocol.NewHandler()
      /Users/z/work/lux/threshold/pkg/protocol/handler.go:247 +0xf10
  github.com/luxfi/threshold/internal/test.(*Harness).CreateHandler()
      /Users/z/work/lux/threshold/internal/test/harness.go:91 +0x2e4
  github.com/luxfi/threshold/protocols/frost.TestFrostKeygenOnly()
      /Users/z/work/lux/threshold/protocols/frost/simple_test.go:25 +0x200
  testing.tRunner()
      /opt/homebrew/Cellar/go/1.24.6/libexec/src/testing/testing.go:1792 +0x180
  testing.(*T).Run.gowrap1()
      /opt/homebrew/Cellar/go/1.24.6/libexec/src/testing/testing.go:1851 +0x40

Goroutine 274 (running) created at:
  github.com/luxfi/threshold/pkg/protocol.(*Handler).startWorkers()
      /Users/z/work/lux/threshold/pkg/protocol/handler.go:372 +0x4fc
  github.com/luxfi/threshold/pkg/protocol.NewHandler()
      /Users/z/work/lux/threshold/pkg/protocol/handler.go:247 +0xf10
  github.com/luxfi/threshold/internal/test.(*Harness).CreateHandler()
      /Users/z/work/lux/threshold/internal/test/harness.go:91 +0x2e4
  github.com/luxfi/threshold/protocols/frost.TestFrostKeygenOnly()
      /Users/z/work/lux/threshold/protocols/frost/simple_test.go:25 +0x200
  testing.tRunner()
      /opt/homebrew/Cellar/go/1.24.6/libexec/src/testing/testing.go:1792 +0x180
  testing.(*T).Run.gowrap1()
      /opt/homebrew/Cellar/go/1.24.6/libexec/src/testing/testing.go:1851 +0x40
==================
==================
WARNING: DATA RACE
Write at 0x00c0006fbb58 by goroutine 270:
  ??()
      -:0 +0x104ad4f28
  sync/atomic.StoreUint32()
      <autogenerated>:1 +0x14
  internal/sync.(*HashTrieMap[go.shape.interface {},go.shape.interface {}]).initSlow()
      /opt/homebrew/Cellar/go/1.24.6/libexec/src/internal/sync/hashtriemap.go:55 +0x12c
  internal/sync.(*HashTrieMap[go.shape.interface {},go.shape.interface {}]).init()
      /opt/homebrew/Cellar/go/1.24.6/libexec/src/internal/sync/hashtriemap.go:32 +0x44
  internal/sync.(*HashTrieMap[go.shape.interface {},go.shape.interface {}]).Swap()
      /opt/homebrew/Cellar/go/1.24.6/libexec/src/internal/sync/hashtriemap.go:206 +0x54
  internal/sync.(*HashTrieMap[go.shape.interface {},go.shape.interface {}]).Store()
      /opt/homebrew/Cellar/go/1.24.6/libexec/src/internal/sync/hashtriemap.go:200 +0x54
  sync.(*Map).Store()
      /opt/homebrew/Cellar/go/1.24.6/libexec/src/sync/hashtriemap.go:55 +0x54
  github.com/luxfi/threshold/protocols/frost/keygen.(*round2).StoreBroadcastMessage()
      /Users/z/work/lux/threshold/protocols/frost/keygen/round2.go:117 +0x56c
  github.com/luxfi/threshold/pkg/protocol.(*Handler).verifyBroadcast()
      /Users/z/work/lux/threshold/pkg/protocol/handler.go:1392 +0x648
  github.com/luxfi/threshold/pkg/protocol.(*Handler).processMessage()
      /Users/z/work/lux/threshold/pkg/protocol/handler.go:480 +0xb9c
  github.com/luxfi/threshold/pkg/protocol.(*Handler).messageWorker()
      /Users/z/work/lux/threshold/pkg/protocol/handler.go:408 +0x338
  github.com/luxfi/threshold/pkg/protocol.(*Handler).startWorkers.gowrap2()
      /Users/z/work/lux/threshold/pkg/protocol/handler.go:361 +0x44

Previous read at 0x00c0006fbb58 by goroutine 274:
  github.com/luxfi/threshold/protocols/frost/keygen.(*round2).Number()
      <autogenerated>:1 +0x38
  github.com/luxfi/threshold/pkg/protocol.(*Handler).tryAdvanceRound()
      /Users/z/work/lux/threshold/pkg/protocol/handler.go:582 +0x70
  github.com/luxfi/threshold/pkg/protocol.(*Handler).roundProcessor()
      /Users/z/work/lux/threshold/pkg/protocol/handler.go:569 +0xb4
  github.com/luxfi/threshold/pkg/protocol.(*Handler).startWorkers.func1()
      /Users/z/work/lux/threshold/pkg/protocol/handler.go:374 +0x78

Goroutine 270 (running) created at:
  github.com/luxfi/threshold/pkg/protocol.(*Handler).startWorkers()
      /Users/z/work/lux/threshold/pkg/protocol/handler.go:361 +0x334
  github.com/luxfi/threshold/pkg/protocol.NewHandler()
      /Users/z/work/lux/threshold/pkg/protocol/handler.go:247 +0xf10
  github.com/luxfi/threshold/internal/test.(*Harness).CreateHandler()
      /Users/z/work/lux/threshold/internal/test/harness.go:91 +0x2e4
  github.com/luxfi/threshold/protocols/frost.TestFrostKeygenOnly()
      /Users/z/work/lux/threshold/protocols/frost/simple_test.go:25 +0x200
  testing.tRunner()
      /opt/homebrew/Cellar/go/1.24.6/libexec/src/testing/testing.go:1792 +0x180
  testing.(*T).Run.gowrap1()
      /opt/homebrew/Cellar/go/1.24.6/libexec/src/testing/testing.go:1851 +0x40

Goroutine 274 (running) created at:
  github.com/luxfi/threshold/pkg/protocol.(*Handler).startWorkers()
      /Users/z/work/lux/threshold/pkg/protocol/handler.go:372 +0x4fc
  github.com/luxfi/threshold/pkg/protocol.NewHandler()
      /Users/z/work/lux/threshold/pkg/protocol/handler.go:247 +0xf10
  github.com/luxfi/threshold/internal/test.(*Harness).CreateHandler()
      /Users/z/work/lux/threshold/internal/test/harness.go:91 +0x2e4
  github.com/luxfi/threshold/protocols/frost.TestFrostKeygenOnly()
      /Users/z/work/lux/threshold/protocols/frost/simple_test.go:25 +0x200
  testing.tRunner()
      /opt/homebrew/Cellar/go/1.24.6/libexec/src/testing/testing.go:1792 +0x180
  testing.(*T).Run.gowrap1()
      /opt/homebrew/Cellar/go/1.24.6/libexec/src/testing/testing.go:1851 +0x40
==================
2025-08-15T22:12:55.904-0500	DEBUG	protocol/handler.go:581	tryAdvanceRound called	{"{current_round 20 2  <nil>}": {"Key":"self","Type":15,"Integer":0,"String":"a","Interface":null}}
==================
WARNING: DATA RACE
Write at 0x00c0006fbb8c by goroutine 270:
  ??()
      -:0 +0x104ada650
  sync/atomic.CompareAndSwapInt32()
      <autogenerated>:1 +0x18
  sync.(*Mutex).Lock()
      /opt/homebrew/Cellar/go/1.24.6/libexec/src/sync/mutex.go:46 +0x2c
  github.com/luxfi/threshold/protocols/frost/keygen.(*round2).StoreBroadcastMessage()
      /Users/z/work/lux/threshold/protocols/frost/keygen/round2.go:57 +0x58
  github.com/luxfi/threshold/pkg/protocol.(*Handler).verifyBroadcastForRound()
      /Users/z/work/lux/threshold/pkg/protocol/handler.go:1277 +0x3a0
  github.com/luxfi/threshold/pkg/protocol.(*Handler).retryUnprocessedMessages()
      /Users/z/work/lux/threshold/pkg/protocol/handler.go:1483 +0x22c
  github.com/luxfi/threshold/pkg/protocol.(*Handler).tryAdvanceRound()
      /Users/z/work/lux/threshold/pkg/protocol/handler.go:587 +0x28c
  github.com/luxfi/threshold/pkg/protocol.(*Handler).processMessage()
      /Users/z/work/lux/threshold/pkg/protocol/handler.go:486 +0xbb0
  github.com/luxfi/threshold/pkg/protocol.(*Handler).messageWorker()
      /Users/z/work/lux/threshold/pkg/protocol/handler.go:408 +0x338
  github.com/luxfi/threshold/pkg/protocol.(*Handler).startWorkers.gowrap2()
      /Users/z/work/lux/threshold/pkg/protocol/handler.go:361 +0x44

Previous read at 0x00c0006fbb88 by goroutine 272:
  github.com/luxfi/threshold/protocols/frost/keygen.(*round2).Number()
      <autogenerated>:1 +0x38
  github.com/luxfi/threshold/pkg/protocol.(*Handler).verifyBroadcast()
      /Users/z/work/lux/threshold/pkg/protocol/handler.go:1356 +0x74
  github.com/luxfi/threshold/pkg/protocol.(*Handler).processMessage()
      /Users/z/work/lux/threshold/pkg/protocol/handler.go:480 +0xb9c
  github.com/luxfi/threshold/pkg/protocol.(*Handler).messageWorker()
      /Users/z/work/lux/threshold/pkg/protocol/handler.go:408 +0x338
  github.com/luxfi/threshold/pkg/protocol.(*Handler).startWorkers.gowrap2()
      /Users/z/work/lux/threshold/pkg/protocol/handler.go:361 +0x44

Goroutine 270 (running) created at:
  github.com/luxfi/threshold/pkg/protocol.(*Handler).startWorkers()
      /Users/z/work/lux/threshold/pkg/protocol/handler.go:361 +0x334
  github.com/luxfi/threshold/pkg/protocol.NewHandler()
      /Users/z/work/lux/threshold/pkg/protocol/handler.go:247 +0xf10
  github.com/luxfi/threshold/internal/test.(*Harness).CreateHandler()
      /Users/z/work/lux/threshold/internal/test/harness.go:91 +0x2e4
  github.com/luxfi/threshold/protocols/frost.TestFrostKeygenOnly()
      /Users/z/work/lux/threshold/protocols/frost/simple_test.go:25 +0x200
  testing.tRunner()
      /opt/homebrew/Cellar/go/1.24.6/libexec/src/testing/testing.go:1792 +0x180
  testing.(*T).Run.gowrap1()
      /opt/homebrew/Cellar/go/1.24.6/libexec/src/testing/testing.go:1851 +0x40

Goroutine 272 (running) created at:
  github.com/luxfi/threshold/pkg/protocol.(*Handler).startWorkers()
      /Users/z/work/lux/threshold/pkg/protocol/handler.go:361 +0x334
  github.com/luxfi/threshold/pkg/protocol.NewHandler()
      /Users/z/work/lux/threshold/pkg/protocol/handler.go:247 +0xf10
  github.com/luxfi/threshold/internal/test.(*Harness).CreateHandler()
      /Users/z/work/lux/threshold/internal/test/harness.go:91 +0x2e4
  github.com/luxfi/threshold/protocols/frost.TestFrostKeygenOnly()
      /Users/z/work/lux/threshold/protocols/frost/simple_test.go:25 +0x200
  testing.tRunner()
      /opt/homebrew/Cellar/go/1.24.6/libexec/src/testing/testing.go:1792 +0x180
  testing.(*T).Run.gowrap1()
      /opt/homebrew/Cellar/go/1.24.6/libexec/src/testing/testing.go:1851 +0x40
==================
2025-08-15T22:12:55.907-0500	DEBUG	protocol/handler.go:1657	storing broadcast	{"{round 20 2  <nil>}": {"Key":"from","Type":15,"Integer":0,"String":"b","Interface":null}}
2025-08-15T22:12:55.907-0500	DEBUG	protocol/handler.go:1081	sent message to output channel	{"{from 15 0 b <nil>}": {"Key":"to","Type":15,"Integer":0,"String":"","Interface":null}, "{round 20 2  <nil>}": {"Key":"broadcast","Type":4,"Integer":1,"String":"","Interface":null}}
2025-08-15T22:12:55.907-0500	DEBUG	protocol/handler.go:1182	finalized round messages	{"{round 20 1  <nil>}": {"Key":"messages","Type":11,"Integer":1,"String":"","Interface":null}}
2025-08-15T22:12:55.907-0500	DEBUG	protocol/handler.go:1239	finalize returned next round	{"{current 20 1  <nil>}": {"Key":"next","Type":20,"Integer":2,"String":"","Interface":null}}
2025-08-15T22:12:55.907-0500	INFO	protocol/handler.go:642	storing new currentRound	{"{from 20 1  <nil>}": {"Key":"to","Type":20,"Integer":2,"String":"","Interface":null}}
2025-08-15T22:12:55.907-0500	DEBUG	protocol/handler.go:1503	processing queued messages
2025-08-15T22:12:55.908-0500	DEBUG	protocol/handler.go:1039	sendRoundMessage	{"{from 15 0 c <nil>}": {"Key":"to","Type":15,"Integer":0,"String":"","Interface":null}, "{round 20 2  <nil>}": {"Key":"broadcast","Type":4,"Integer":1,"String":"","Interface":null}}
2025-08-15T22:12:55.908-0500	DEBUG	protocol/handler.go:437	processing message	{"{from 15 0 b <nil>}": {"Key":"to","Type":15,"Integer":0,"String":"","Interface":null}, "{round 20 2  <nil>}": {"Key":"broadcast","Type":4,"Integer":1,"String":"","Interface":null}}
2025-08-15T22:12:55.908-0500	DEBUG	protocol/handler.go:1657	storing broadcast	{"{round 20 2  <nil>}": {"Key":"from","Type":15,"Integer":0,"String":"b","Interface":null}}
==================
WARNING: DATA RACE
Read at 0x00c00098a088 by goroutine 354:
  github.com/luxfi/threshold/protocols/frost/keygen.(*round2).Number()
      <autogenerated>:1 +0x38
  github.com/luxfi/threshold/pkg/protocol.(*Handler).processMessage()
      /Users/z/work/lux/threshold/pkg/protocol/handler.go:469 +0x94c
  github.com/luxfi/threshold/pkg/protocol.(*Handler).messageWorker()
      /Users/z/work/lux/threshold/pkg/protocol/handler.go:408 +0x338
  github.com/luxfi/threshold/pkg/protocol.(*Handler).startWorkers.gowrap2()
      /Users/z/work/lux/threshold/pkg/protocol/handler.go:361 +0x44

Previous write at 0x00c00098a088 by goroutine 408:
  ??()
      -:0 +0x104ad4f28
  sync/atomic.StoreUint32()
      <autogenerated>:1 +0x14
  internal/sync.(*HashTrieMap[go.shape.interface {},go.shape.interface {}]).initSlow()
      /opt/homebrew/Cellar/go/1.24.6/libexec/src/internal/sync/hashtriemap.go:55 +0x12c
  internal/sync.(*HashTrieMap[go.shape.interface {},go.shape.interface {}]).init()
      /opt/homebrew/Cellar/go/1.24.6/libexec/src/internal/sync/hashtriemap.go:32 +0x44
  internal/sync.(*HashTrieMap[go.shape.interface {},go.shape.interface {}]).Swap()
      /opt/homebrew/Cellar/go/1.24.6/libexec/src/internal/sync/hashtriemap.go:206 +0x54
  internal/sync.(*HashTrieMap[go.shape.interface {},go.shape.interface {}]).Store()
      /opt/homebrew/Cellar/go/1.24.6/libexec/src/internal/sync/hashtriemap.go:200 +0x54
  sync.(*Map).Store()
      /opt/homebrew/Cellar/go/1.24.6/libexec/src/sync/hashtriemap.go:55 +0x54
  github.com/luxfi/threshold/protocols/frost/keygen.(*round2).StoreBroadcastMessage()
      /Users/z/work/lux/threshold/protocols/frost/keygen/round2.go:117 +0x56c
  github.com/luxfi/threshold/pkg/protocol.(*Handler).verifyBroadcastForRound()
      /Users/z/work/lux/threshold/pkg/protocol/handler.go:1277 +0x3a0
  github.com/luxfi/threshold/pkg/protocol.(*Handler).processQueuedMessages()
      /Users/z/work/lux/threshold/pkg/protocol/handler.go:1542 +0x404
  github.com/luxfi/threshold/pkg/protocol.(*Handler).tryAdvanceRound.gowrap2()
      /Users/z/work/lux/threshold/pkg/protocol/handler.go:673 +0x40

Goroutine 354 (running) created at:
  github.com/luxfi/threshold/pkg/protocol.(*Handler).startWorkers()
      /Users/z/work/lux/threshold/pkg/protocol/handler.go:361 +0x334
  github.com/luxfi/threshold/pkg/protocol.NewHandler()
      /Users/z/work/lux/threshold/pkg/protocol/handler.go:247 +0xf10
  github.com/luxfi/threshold/internal/test.(*Harness).CreateHandler()
      /Users/z/work/lux/threshold/internal/test/harness.go:91 +0x2e4
  github.com/luxfi/threshold/protocols/frost.TestFrostKeygenOnly()
      /Users/z/work/lux/threshold/protocols/frost/simple_test.go:25 +0x200
  testing.tRunner()
      /opt/homebrew/Cellar/go/1.24.6/libexec/src/testing/testing.go:1792 +0x180
  testing.(*T).Run.gowrap1()
      /opt/homebrew/Cellar/go/1.24.6/libexec/src/testing/testing.go:1851 +0x40

Goroutine 408 (running) created at:
  github.com/luxfi/threshold/pkg/protocol.(*Handler).tryAdvanceRound()
      /Users/z/work/lux/threshold/pkg/protocol/handler.go:673 +0x12e4
  github.com/luxfi/threshold/pkg/protocol.(*Handler).roundProcessor()
      /Users/z/work/lux/threshold/pkg/protocol/handler.go:569 +0xb4
  github.com/luxfi/threshold/pkg/protocol.(*Handler).startWorkers.func1()
      /Users/z/work/lux/threshold/pkg/protocol/handler.go:374 +0x78
==================
==================
WARNING: DATA RACE
Read at 0x00c00098a098 by goroutine 354:
  github.com/luxfi/threshold/protocols/frost/keygen.(*round2).Number()
      <autogenerated>:1 +0x38
  github.com/luxfi/threshold/pkg/protocol.(*Handler).verifyBroadcast()
      /Users/z/work/lux/threshold/pkg/protocol/handler.go:1356 +0x74
  github.com/luxfi/threshold/pkg/protocol.(*Handler).processMessage()
      /Users/z/work/lux/threshold/pkg/protocol/handler.go:480 +0xb9c
  github.com/luxfi/threshold/pkg/protocol.(*Handler).messageWorker()
      /Users/z/work/lux/threshold/pkg/protocol/handler.go:408 +0x338
  github.com/luxfi/threshold/pkg/protocol.(*Handler).startWorkers.gowrap2()
      /Users/z/work/lux/threshold/pkg/protocol/handler.go:361 +0x44

Previous write at 0x00c00098a098 by goroutine 408:
  ??()
      -:0 +0x104ad56f0
  sync/atomic.StorePointer()
      /opt/homebrew/Cellar/go/1.24.6/libexec/src/runtime/atomic_pointer.go:92 +0x38
  internal/sync.(*HashTrieMap[go.shape.interface {},go.shape.interface {}]).initSlow()
      /opt/homebrew/Cellar/go/1.24.6/libexec/src/internal/sync/hashtriemap.go:50 +0xb8
  internal/sync.(*HashTrieMap[go.shape.interface {},go.shape.interface {}]).init()
      /opt/homebrew/Cellar/go/1.24.6/libexec/src/internal/sync/hashtriemap.go:32 +0x44
  internal/sync.(*HashTrieMap[go.shape.interface {},go.shape.interface {}]).Swap()
      /opt/homebrew/Cellar/go/1.24.6/libexec/src/internal/sync/hashtriemap.go:206 +0x54
  internal/sync.(*HashTrieMap[go.shape.interface {},go.shape.interface {}]).Store()
      /opt/homebrew/Cellar/go/1.24.6/libexec/src/internal/sync/hashtriemap.go:200 +0x54
  sync.(*Map).Store()
      /opt/homebrew/Cellar/go/1.24.6/libexec/src/sync/hashtriemap.go:55 +0x54
  github.com/luxfi/threshold/protocols/frost/keygen.(*round2).StoreBroadcastMessage()
      /Users/z/work/lux/threshold/protocols/frost/keygen/round2.go:117 +0x56c
  github.com/luxfi/threshold/pkg/protocol.(*Handler).verifyBroadcastForRound()
      /Users/z/work/lux/threshold/pkg/protocol/handler.go:1277 +0x3a0
  github.com/luxfi/threshold/pkg/protocol.(*Handler).processQueuedMessages()
      /Users/z/work/lux/threshold/pkg/protocol/handler.go:1542 +0x404
  github.com/luxfi/threshold/pkg/protocol.(*Handler).tryAdvanceRound.gowrap2()
      /Users/z/work/lux/threshold/pkg/protocol/handler.go:673 +0x40

Goroutine 354 (running) created at:
  github.com/luxfi/threshold/pkg/protocol.(*Handler).startWorkers()
      /Users/z/work/lux/threshold/pkg/protocol/handler.go:361 +0x334
  github.com/luxfi/threshold/pkg/protocol.NewHandler()
      /Users/z/work/lux/threshold/pkg/protocol/handler.go:247 +0xf10
  github.com/luxfi/threshold/internal/test.(*Harness).CreateHandler()
      /Users/z/work/lux/threshold/internal/test/harness.go:91 +0x2e4
  github.com/luxfi/threshold/protocols/frost.TestFrostKeygenOnly()
      /Users/z/work/lux/threshold/protocols/frost/simple_test.go:25 +0x200
  testing.tRunner()
      /opt/homebrew/Cellar/go/1.24.6/libexec/src/testing/testing.go:1792 +0x180
  testing.(*T).Run.gowrap1()
      /opt/homebrew/Cellar/go/1.24.6/libexec/src/testing/testing.go:1851 +0x40

Goroutine 408 (running) created at:
  github.com/luxfi/threshold/pkg/protocol.(*Handler).tryAdvanceRound()
      /Users/z/work/lux/threshold/pkg/protocol/handler.go:673 +0x12e4
  github.com/luxfi/threshold/pkg/protocol.(*Handler).roundProcessor()
      /Users/z/work/lux/threshold/pkg/protocol/handler.go:569 +0xb4
  github.com/luxfi/threshold/pkg/protocol.(*Handler).startWorkers.func1()
      /Users/z/work/lux/threshold/pkg/protocol/handler.go:374 +0x78
==================
2025-08-15T22:12:55.910-0500	INFO	protocol/handler.go:560	advanced to round
2025-08-15T22:12:55.910-0500	DEBUG	protocol/handler.go:581	tryAdvanceRound called	{"{current_round 20 2  <nil>}": {"Key":"self","Type":15,"Integer":0,"String":"b","Interface":null}}
2025-08-15T22:12:55.904-0500	DEBUG	protocol/handler.go:581	tryAdvanceRound called	{"{current_round 20 2  <nil>}": {"Key":"self","Type":15,"Integer":0,"String":"a","Interface":null}}
2025-08-15T22:12:55.915-0500	DEBUG	protocol/handler.go:581	tryAdvanceRound called	{"{current_round 20 2  <nil>}": {"Key":"self","Type":15,"Integer":0,"String":"e","Interface":null}}
2025-08-15T22:12:55.915-0500	DEBUG	protocol/handler.go:581	tryAdvanceRound called	{"{current_round 20 2  <nil>}": {"Key":"self","Type":15,"Integer":0,"String":"a","Interface":null}}
2025-08-15T22:12:55.915-0500	DEBUG	protocol/handler.go:1591	have processed broadcast	{"{round 20 2  <nil>}": {"Key":"from","Type":15,"Integer":0,"String":"d","Interface":null}}
2025-08-15T22:12:55.915-0500	DEBUG	protocol/handler.go:1591	have processed broadcast	{"{round 20 2  <nil>}": {"Key":"from","Type":15,"Integer":0,"String":"e","Interface":null}}
2025-08-15T22:12:55.915-0500	DEBUG	protocol/handler.go:1600	waiting for broadcasts	{"{round 20 2  <nil>}": {"Key":"missing","Type":15,"Integer":0,"String":"[b c]","Interface":null}}
2025-08-15T22:12:55.915-0500	DEBUG	protocol/handler.go:437	processing message	{"{from 15 0 b <nil>}": {"Key":"to","Type":15,"Integer":0,"String":"","Interface":null}, "{round 20 2  <nil>}": {"Key":"broadcast","Type":4,"Integer":1,"String":"","Interface":null}}
2025-08-15T22:12:55.915-0500	DEBUG	protocol/handler.go:1591	have processed broadcast	{"{round 20 2  <nil>}": {"Key":"from","Type":15,"Integer":0,"String":"a","Interface":null}}
2025-08-15T22:12:55.915-0500	DEBUG	protocol/handler.go:437	processing message	{"{from 15 0 b <nil>}": {"Key":"to","Type":15,"Integer":0,"String":"","Interface":null}, "{round 20 2  <nil>}": {"Key":"broadcast","Type":4,"Integer":1,"String":"","Interface":null}}
2025-08-15T22:12:55.915-0500	DEBUG	protocol/handler.go:1657	storing broadcast	{"{round 20 2  <nil>}": {"Key":"from","Type":15,"Integer":0,"String":"b","Interface":null}}
2025-08-15T22:12:55.915-0500	DEBUG	protocol/handler.go:1591	have processed broadcast	{"{round 20 2  <nil>}": {"Key":"from","Type":15,"Integer":0,"String":"d","Interface":null}}
2025-08-15T22:12:55.915-0500	DEBUG	protocol/handler.go:1600	waiting for broadcasts	{"{round 20 2  <nil>}": {"Key":"missing","Type":15,"Integer":0,"String":"[b c]","Interface":null}}
2025-08-15T22:12:55.915-0500	DEBUG	protocol/handler.go:1657	storing broadcast	{"{round 20 2  <nil>}": {"Key":"from","Type":15,"Integer":0,"String":"b","Interface":null}}
2025-08-15T22:12:55.916-0500	DEBUG	protocol/handler.go:437	processing message	{"{from 15 0 b <nil>}": {"Key":"to","Type":15,"Integer":0,"String":"","Interface":null}, "{round 20 2  <nil>}": {"Key":"broadcast","Type":4,"Integer":1,"String":"","Interface":null}}
2025-08-15T22:12:55.916-0500	DEBUG	protocol/handler.go:470	message for different round (buffering)	{"{msg_round 20 2  <nil>}": {"Key":"current_round","Type":20,"Integer":1,"String":"","Interface":null}}
2025-08-15T22:12:55.916-0500	DEBUG	protocol/handler.go:1503	processing queued messages
2025-08-15T22:12:55.916-0500	DEBUG	protocol/handler.go:581	tryAdvanceRound called	{"{current_round 20 1  <nil>}": {"Key":"self","Type":15,"Integer":0,"String":"c","Interface":null}}
2025-08-15T22:12:55.916-0500	DEBUG	protocol/handler.go:1649	have all messages and processed	{"{round 20 1  <nil>}": {"Key":"self","Type":15,"Integer":0,"String":"c","Interface":null}}
2025-08-15T22:12:55.916-0500	DEBUG	protocol/handler.go:596	round already finalized
2025-08-15T22:12:55.916-0500	DEBUG	protocol/handler.go:1657	storing broadcast	{"{round 20 2  <nil>}": {"Key":"from","Type":15,"Integer":0,"String":"b","Interface":null}}
2025-08-15T22:12:55.918-0500	DEBUG	protocol/handler.go:581	tryAdvanceRound called	{"{current_round 20 2  <nil>}": {"Key":"self","Type":15,"Integer":0,"String":"d","Interface":null}}
2025-08-15T22:12:55.918-0500	DEBUG	protocol/handler.go:1591	have processed broadcast	{"{round 20 2  <nil>}": {"Key":"from","Type":15,"Integer":0,"String":"a","Interface":null}}
2025-08-15T22:12:55.918-0500	DEBUG	protocol/handler.go:1591	have processed broadcast	{"{round 20 2  <nil>}": {"Key":"from","Type":15,"Integer":0,"String":"b","Interface":null}}
2025-08-15T22:12:55.918-0500	DEBUG	protocol/handler.go:1591	have processed broadcast	{"{round 20 2  <nil>}": {"Key":"from","Type":15,"Integer":0,"String":"e","Interface":null}}
==================
WARNING: DATA RACE
Read at 0x00c0006fbb88 by goroutine 274:
  github.com/luxfi/threshold/protocols/frost/keygen.(*round2).Number()
      <autogenerated>:1 +0x38
  github.com/luxfi/threshold/pkg/protocol.(*Handler).tryAdvanceRound()
      /Users/z/work/lux/threshold/pkg/protocol/handler.go:587 +0x280
  github.com/luxfi/threshold/pkg/protocol.(*Handler).roundProcessor()
      /Users/z/work/lux/threshold/pkg/protocol/handler.go:569 +0xb4
  github.com/luxfi/threshold/pkg/protocol.(*Handler).startWorkers.func1()
      /Users/z/work/lux/threshold/pkg/protocol/handler.go:374 +0x78

Previous write at 0x00c0006fbb8c by goroutine 270:
  ??()
      -:0 +0x104ad5eb0
  sync/atomic.AddInt32()
      <autogenerated>:1 +0x14
  sync.(*Mutex).Unlock()
      /opt/homebrew/Cellar/go/1.24.6/libexec/src/sync/mutex.go:65 +0x2c
  github.com/luxfi/threshold/protocols/frost/keygen.(*round2).StoreBroadcastMessage()
      /Users/z/work/lux/threshold/protocols/frost/keygen/round2.go:62 +0x78
  github.com/luxfi/threshold/pkg/protocol.(*Handler).verifyBroadcastForRound()
      /Users/z/work/lux/threshold/pkg/protocol/handler.go:1277 +0x3a0
  github.com/luxfi/threshold/pkg/protocol.(*Handler).retryUnprocessedMessages()
      /Users/z/work/lux/threshold/pkg/protocol/handler.go:1483 +0x22c
  github.com/luxfi/threshold/pkg/protocol.(*Handler).tryAdvanceRound()
      /Users/z/work/lux/threshold/pkg/protocol/handler.go:587 +0x28c
  github.com/luxfi/threshold/pkg/protocol.(*Handler).processMessage()
      /Users/z/work/lux/threshold/pkg/protocol/handler.go:486 +0xbb0
  github.com/luxfi/threshold/pkg/protocol.(*Handler).messageWorker()
      /Users/z/work/lux/threshold/pkg/protocol/handler.go:408 +0x338
  github.com/luxfi/threshold/pkg/protocol.(*Handler).startWorkers.gowrap2()
      /Users/z/work/lux/threshold/pkg/protocol/handler.go:361 +0x44

Goroutine 274 (running) created at:
  github.com/luxfi/threshold/pkg/protocol.(*Handler).startWorkers()
      /Users/z/work/lux/threshold/pkg/protocol/handler.go:372 +0x4fc
  github.com/luxfi/threshold/pkg/protocol.NewHandler()
      /Users/z/work/lux/threshold/pkg/protocol/handler.go:247 +0xf10
  github.com/luxfi/threshold/internal/test.(*Harness).CreateHandler()
      /Users/z/work/lux/threshold/internal/test/harness.go:91 +0x2e4
  github.com/luxfi/threshold/protocols/frost.TestFrostKeygenOnly()
      /Users/z/work/lux/threshold/protocols/frost/simple_test.go:25 +0x200
  testing.tRunner()
      /opt/homebrew/Cellar/go/1.24.6/libexec/src/testing/testing.go:1792 +0x180
  testing.(*T).Run.gowrap1()
      /opt/homebrew/Cellar/go/1.24.6/libexec/src/testing/testing.go:1851 +0x40

Goroutine 270 (running) created at:
  github.com/luxfi/threshold/pkg/protocol.(*Handler).startWorkers()
      /Users/z/work/lux/threshold/pkg/protocol/handler.go:361 +0x334
  github.com/luxfi/threshold/pkg/protocol.NewHandler()
      /Users/z/work/lux/threshold/pkg/protocol/handler.go:247 +0xf10
  github.com/luxfi/threshold/internal/test.(*Harness).CreateHandler()
      /Users/z/work/lux/threshold/internal/test/harness.go:91 +0x2e4
  github.com/luxfi/threshold/protocols/frost.TestFrostKeygenOnly()
      /Users/z/work/lux/threshold/protocols/frost/simple_test.go:25 +0x200
  testing.tRunner()
      /opt/homebrew/Cellar/go/1.24.6/libexec/src/testing/testing.go:1792 +0x180
  testing.(*T).Run.gowrap1()
      /opt/homebrew/Cellar/go/1.24.6/libexec/src/testing/testing.go:1851 +0x40
==================
2025-08-15T22:12:55.909-0500	DEBUG	protocol/handler.go:1657	storing broadcast	{"{round 20 2  <nil>}": {"Key":"from","Type":15,"Integer":0,"String":"c","Interface":null}}
2025-08-15T22:12:55.919-0500	DEBUG	protocol/handler.go:1081	sent message to output channel	{"{from 15 0 c <nil>}": {"Key":"to","Type":15,"Integer":0,"String":"","Interface":null}, "{round 20 2  <nil>}": {"Key":"broadcast","Type":4,"Integer":1,"String":"","Interface":null}}
2025-08-15T22:12:55.919-0500	DEBUG	protocol/handler.go:1182	finalized round messages	{"{round 20 1  <nil>}": {"Key":"messages","Type":11,"Integer":1,"String":"","Interface":null}}
2025-08-15T22:12:55.919-0500	DEBUG	protocol/handler.go:1239	finalize returned next round	{"{current 20 1  <nil>}": {"Key":"next","Type":20,"Integer":2,"String":"","Interface":null}}
2025-08-15T22:12:55.920-0500	INFO	protocol/handler.go:642	storing new currentRound	{"{from 20 1  <nil>}": {"Key":"to","Type":20,"Integer":2,"String":"","Interface":null}}
2025-08-15T22:12:55.920-0500	DEBUG	protocol/handler.go:1503	processing queued messages
2025-08-15T22:12:55.920-0500	INFO	protocol/handler.go:560	advanced to round
2025-08-15T22:12:55.920-0500	DEBUG	protocol/handler.go:581	tryAdvanceRound called	{"{current_round 20 2  <nil>}": {"Key":"self","Type":15,"Integer":0,"String":"c","Interface":null}}
==================
WARNING: DATA RACE
Write at 0x00c0006fbb8c by goroutine 274:
  ??()
      -:0 +0x104ada650
  sync/atomic.CompareAndSwapInt32()
      <autogenerated>:1 +0x18
  sync.(*Mutex).Lock()
      /opt/homebrew/Cellar/go/1.24.6/libexec/src/sync/mutex.go:46 +0x2c
  github.com/luxfi/threshold/protocols/frost/keygen.(*round2).StoreBroadcastMessage()
      /Users/z/work/lux/threshold/protocols/frost/keygen/round2.go:57 +0x58
  github.com/luxfi/threshold/pkg/protocol.(*Handler).verifyBroadcastForRound()
      /Users/z/work/lux/threshold/pkg/protocol/handler.go:1277 +0x3a0
  github.com/luxfi/threshold/pkg/protocol.(*Handler).retryUnprocessedMessages()
      /Users/z/work/lux/threshold/pkg/protocol/handler.go:1483 +0x22c
  github.com/luxfi/threshold/pkg/protocol.(*Handler).tryAdvanceRound()
      /Users/z/work/lux/threshold/pkg/protocol/handler.go:587 +0x28c
  github.com/luxfi/threshold/pkg/protocol.(*Handler).roundProcessor()
      /Users/z/work/lux/threshold/pkg/protocol/handler.go:569 +0xb4
  github.com/luxfi/threshold/pkg/protocol.(*Handler).startWorkers.func1()
      /Users/z/work/lux/threshold/pkg/protocol/handler.go:374 +0x78

Previous read at 0x00c0006fbb88 by goroutine 273:
  github.com/luxfi/threshold/protocols/frost/keygen.(*round2).Number()
      <autogenerated>:1 +0x38
  github.com/luxfi/threshold/pkg/protocol.(*Handler).verifyBroadcast()
      /Users/z/work/lux/threshold/pkg/protocol/handler.go:1356 +0x74
  github.com/luxfi/threshold/pkg/protocol.(*Handler).processMessage()
      /Users/z/work/lux/threshold/pkg/protocol/handler.go:480 +0xb9c
  github.com/luxfi/threshold/pkg/protocol.(*Handler).messageWorker()
      /Users/z/work/lux/threshold/pkg/protocol/handler.go:408 +0x338
  github.com/luxfi/threshold/pkg/protocol.(*Handler).startWorkers.gowrap2()
      /Users/z/work/lux/threshold/pkg/protocol/handler.go:361 +0x44

Goroutine 274 (running) created at:
  github.com/luxfi/threshold/pkg/protocol.(*Handler).startWorkers()
      /Users/z/work/lux/threshold/pkg/protocol/handler.go:372 +0x4fc
  github.com/luxfi/threshold/pkg/protocol.NewHandler()
      /Users/z/work/lux/threshold/pkg/protocol/handler.go:247 +0xf10
  github.com/luxfi/threshold/internal/test.(*Harness).CreateHandler()
      /Users/z/work/lux/threshold/internal/test/harness.go:91 +0x2e4
  github.com/luxfi/threshold/protocols/frost.TestFrostKeygenOnly()
      /Users/z/work/lux/threshold/protocols/frost/simple_test.go:25 +0x200
  testing.tRunner()
      /opt/homebrew/Cellar/go/1.24.6/libexec/src/testing/testing.go:1792 +0x180
  testing.(*T).Run.gowrap1()
      /opt/homebrew/Cellar/go/1.24.6/libexec/src/testing/testing.go:1851 +0x40

Goroutine 273 (running) created at:
  github.com/luxfi/threshold/pkg/protocol.(*Handler).startWorkers()
      /Users/z/work/lux/threshold/pkg/protocol/handler.go:361 +0x334
  github.com/luxfi/threshold/pkg/protocol.NewHandler()
      /Users/z/work/lux/threshold/pkg/protocol/handler.go:247 +0xf10
  github.com/luxfi/threshold/internal/test.(*Harness).CreateHandler()
      /Users/z/work/lux/threshold/internal/test/harness.go:91 +0x2e4
  github.com/luxfi/threshold/protocols/frost.TestFrostKeygenOnly()
      /Users/z/work/lux/threshold/protocols/frost/simple_test.go:25 +0x200
  testing.tRunner()
      /opt/homebrew/Cellar/go/1.24.6/libexec/src/testing/testing.go:1792 +0x180
  testing.(*T).Run.gowrap1()
      /opt/homebrew/Cellar/go/1.24.6/libexec/src/testing/testing.go:1851 +0x40
==================
==================
WARNING: DATA RACE
Read at 0x00c0006fbb88 by goroutine 270:
  github.com/luxfi/threshold/protocols/frost/keygen.(*round2).Number()
      <autogenerated>:1 +0x38
  github.com/luxfi/threshold/pkg/protocol.(*Handler).hasAllMessages()
      /Users/z/work/lux/threshold/pkg/protocol/handler.go:1570 +0x40
  github.com/luxfi/threshold/pkg/protocol.(*Handler).tryAdvanceRound()
      /Users/z/work/lux/threshold/pkg/protocol/handler.go:589 +0x29c
  github.com/luxfi/threshold/pkg/protocol.(*Handler).processMessage()
      /Users/z/work/lux/threshold/pkg/protocol/handler.go:486 +0xbb0
  github.com/luxfi/threshold/pkg/protocol.(*Handler).messageWorker()
      /Users/z/work/lux/threshold/pkg/protocol/handler.go:408 +0x338
  github.com/luxfi/threshold/pkg/protocol.(*Handler).startWorkers.gowrap2()
      /Users/z/work/lux/threshold/pkg/protocol/handler.go:361 +0x44

Previous write at 0x00c0006fbb8c by goroutine 274:
  ??()
      -:0 +0x104ad5eb0
  sync/atomic.AddInt32()
      <autogenerated>:1 +0x14
  sync.(*Mutex).Unlock()
      /opt/homebrew/Cellar/go/1.24.6/libexec/src/sync/mutex.go:65 +0x2c
  github.com/luxfi/threshold/protocols/frost/keygen.(*round2).StoreBroadcastMessage()
      /Users/z/work/lux/threshold/protocols/frost/keygen/round2.go:62 +0x78
  github.com/luxfi/threshold/pkg/protocol.(*Handler).verifyBroadcastForRound()
      /Users/z/work/lux/threshold/pkg/protocol/handler.go:1277 +0x3a0
  github.com/luxfi/threshold/pkg/protocol.(*Handler).retryUnprocessedMessages()
      /Users/z/work/lux/threshold/pkg/protocol/handler.go:1483 +0x22c
  github.com/luxfi/threshold/pkg/protocol.(*Handler).tryAdvanceRound()
      /Users/z/work/lux/threshold/pkg/protocol/handler.go:587 +0x28c
  github.com/luxfi/threshold/pkg/protocol.(*Handler).roundProcessor()
      /Users/z/work/lux/threshold/pkg/protocol/handler.go:569 +0xb4
  github.com/luxfi/threshold/pkg/protocol.(*Handler).startWorkers.func1()
      /Users/z/work/lux/threshold/pkg/protocol/handler.go:374 +0x78

Goroutine 270 (running) created at:
  github.com/luxfi/threshold/pkg/protocol.(*Handler).startWorkers()
      /Users/z/work/lux/threshold/pkg/protocol/handler.go:361 +0x334
  github.com/luxfi/threshold/pkg/protocol.NewHandler()
      /Users/z/work/lux/threshold/pkg/protocol/handler.go:247 +0xf10
  github.com/luxfi/threshold/internal/test.(*Harness).CreateHandler()
      /Users/z/work/lux/threshold/internal/test/harness.go:91 +0x2e4
  github.com/luxfi/threshold/protocols/frost.TestFrostKeygenOnly()
      /Users/z/work/lux/threshold/protocols/frost/simple_test.go:25 +0x200
  testing.tRunner()
      /opt/homebrew/Cellar/go/1.24.6/libexec/src/testing/testing.go:1792 +0x180
  testing.(*T).Run.gowrap1()
      /opt/homebrew/Cellar/go/1.24.6/libexec/src/testing/testing.go:1851 +0x40

Goroutine 274 (running) created at:
  github.com/luxfi/threshold/pkg/protocol.(*Handler).startWorkers()
      /Users/z/work/lux/threshold/pkg/protocol/handler.go:372 +0x4fc
  github.com/luxfi/threshold/pkg/protocol.NewHandler()
      /Users/z/work/lux/threshold/pkg/protocol/handler.go:247 +0xf10
  github.com/luxfi/threshold/internal/test.(*Harness).CreateHandler()
      /Users/z/work/lux/threshold/internal/test/harness.go:91 +0x2e4
  github.com/luxfi/threshold/protocols/frost.TestFrostKeygenOnly()
      /Users/z/work/lux/threshold/protocols/frost/simple_test.go:25 +0x200
  testing.tRunner()
      /opt/homebrew/Cellar/go/1.24.6/libexec/src/testing/testing.go:1792 +0x180
  testing.(*T).Run.gowrap1()
      /opt/homebrew/Cellar/go/1.24.6/libexec/src/testing/testing.go:1851 +0x40
==================
2025-08-15T22:12:55.922-0500	DEBUG	protocol/handler.go:1591	have processed broadcast	{"{round 20 2  <nil>}": {"Key":"from","Type":15,"Integer":0,"String":"d","Interface":null}}
2025-08-15T22:12:55.922-0500	DEBUG	protocol/handler.go:1591	have processed broadcast	{"{round 20 2  <nil>}": {"Key":"from","Type":15,"Integer":0,"String":"e","Interface":null}}
2025-08-15T22:12:55.922-0500	DEBUG	protocol/handler.go:1600	waiting for broadcasts	{"{round 20 2  <nil>}": {"Key":"missing","Type":15,"Integer":0,"String":"[c]","Interface":null}}
2025-08-15T22:12:55.916-0500	DEBUG	protocol/handler.go:1591	have processed broadcast	{"{round 20 2  <nil>}": {"Key":"from","Type":15,"Integer":0,"String":"a","Interface":null}}
2025-08-15T22:12:55.922-0500	DEBUG	protocol/handler.go:1503	processing queued messages
2025-08-15T22:12:55.922-0500	DEBUG	protocol/handler.go:1591	have processed broadcast	{"{round 20 2  <nil>}": {"Key":"from","Type":15,"Integer":0,"String":"b","Interface":null}}
2025-08-15T22:12:55.923-0500	DEBUG	protocol/handler.go:1591	have processed broadcast	{"{round 20 2  <nil>}": {"Key":"from","Type":15,"Integer":0,"String":"e","Interface":null}}
2025-08-15T22:12:55.923-0500	DEBUG	protocol/handler.go:581	tryAdvanceRound called	{"{current_round 20 2  <nil>}": {"Key":"self","Type":15,"Integer":0,"String":"a","Interface":null}}
2025-08-15T22:12:55.923-0500	DEBUG	protocol/handler.go:1600	waiting for broadcasts	{"{round 20 2  <nil>}": {"Key":"missing","Type":15,"Integer":0,"String":"[c]","Interface":null}}
2025-08-15T22:12:55.923-0500	DEBUG	protocol/handler.go:1591	have processed broadcast	{"{round 20 2  <nil>}": {"Key":"from","Type":15,"Integer":0,"String":"b","Interface":null}}
2025-08-15T22:12:55.923-0500	DEBUG	protocol/handler.go:581	tryAdvanceRound called	{"{current_round 20 2  <nil>}": {"Key":"self","Type":15,"Integer":0,"String":"d","Interface":null}}
2025-08-15T22:12:55.923-0500	DEBUG	protocol/handler.go:581	tryAdvanceRound called	{"{current_round 20 2  <nil>}": {"Key":"self","Type":15,"Integer":0,"String":"e","Interface":null}}
2025-08-15T22:12:55.923-0500	DEBUG	protocol/handler.go:1591	have processed broadcast	{"{round 20 2  <nil>}": {"Key":"from","Type":15,"Integer":0,"String":"d","Interface":null}}
2025-08-15T22:12:55.923-0500	DEBUG	protocol/handler.go:1591	have processed broadcast	{"{round 20 2  <nil>}": {"Key":"from","Type":15,"Integer":0,"String":"a","Interface":null}}
2025-08-15T22:12:55.923-0500	DEBUG	protocol/handler.go:1591	have processed broadcast	{"{round 20 2  <nil>}": {"Key":"from","Type":15,"Integer":0,"String":"a","Interface":null}}
2025-08-15T22:12:55.923-0500	DEBUG	protocol/handler.go:1591	have processed broadcast	{"{round 20 2  <nil>}": {"Key":"from","Type":15,"Integer":0,"String":"b","Interface":null}}
2025-08-15T22:12:55.923-0500	DEBUG	protocol/handler.go:1591	have processed broadcast	{"{round 20 2  <nil>}": {"Key":"from","Type":15,"Integer":0,"String":"b","Interface":null}}
2025-08-15T22:12:55.923-0500	DEBUG	protocol/handler.go:1591	have processed broadcast	{"{round 20 2  <nil>}": {"Key":"from","Type":15,"Integer":0,"String":"e","Interface":null}}
2025-08-15T22:12:55.923-0500	DEBUG	protocol/handler.go:1591	have processed broadcast	{"{round 20 2  <nil>}": {"Key":"from","Type":15,"Integer":0,"String":"d","Interface":null}}
2025-08-15T22:12:55.923-0500	DEBUG	protocol/handler.go:1600	waiting for broadcasts	{"{round 20 2  <nil>}": {"Key":"missing","Type":15,"Integer":0,"String":"[c]","Interface":null}}
2025-08-15T22:12:55.923-0500	DEBUG	protocol/handler.go:1591	have processed broadcast	{"{round 20 2  <nil>}": {"Key":"from","Type":15,"Integer":0,"String":"e","Interface":null}}
2025-08-15T22:12:55.923-0500	DEBUG	protocol/handler.go:1600	waiting for broadcasts	{"{round 20 2  <nil>}": {"Key":"missing","Type":15,"Integer":0,"String":"[c]","Interface":null}}
2025-08-15T22:12:55.923-0500	DEBUG	protocol/handler.go:1600	waiting for broadcasts	{"{round 20 2  <nil>}": {"Key":"missing","Type":15,"Integer":0,"String":"[c]","Interface":null}}
2025-08-15T22:12:55.923-0500	DEBUG	protocol/handler.go:437	processing message	{"{from 15 0 c <nil>}": {"Key":"to","Type":15,"Integer":0,"String":"","Interface":null}, "{round 20 2  <nil>}": {"Key":"broadcast","Type":4,"Integer":1,"String":"","Interface":null}}
2025-08-15T22:12:55.923-0500	DEBUG	protocol/handler.go:437	processing message	{"{from 15 0 c <nil>}": {"Key":"to","Type":15,"Integer":0,"String":"","Interface":null}, "{round 20 2  <nil>}": {"Key":"broadcast","Type":4,"Integer":1,"String":"","Interface":null}}
2025-08-15T22:12:55.923-0500	DEBUG	protocol/handler.go:1657	storing broadcast	{"{round 20 2  <nil>}": {"Key":"from","Type":15,"Integer":0,"String":"c","Interface":null}}
2025-08-15T22:12:55.923-0500	DEBUG	protocol/handler.go:1657	storing broadcast	{"{round 20 2  <nil>}": {"Key":"from","Type":15,"Integer":0,"String":"c","Interface":null}}
2025-08-15T22:12:55.924-0500	DEBUG	protocol/handler.go:1591	have processed broadcast	{"{round 20 2  <nil>}": {"Key":"from","Type":15,"Integer":0,"String":"a","Interface":null}}
2025-08-15T22:12:55.924-0500	DEBUG	protocol/handler.go:1591	have processed broadcast	{"{round 20 2  <nil>}": {"Key":"from","Type":15,"Integer":0,"String":"b","Interface":null}}
2025-08-15T22:12:55.924-0500	DEBUG	protocol/handler.go:1591	have processed broadcast	{"{round 20 2  <nil>}": {"Key":"from","Type":15,"Integer":0,"String":"d","Interface":null}}
2025-08-15T22:12:55.924-0500	DEBUG	protocol/handler.go:1600	waiting for broadcasts	{"{round 20 2  <nil>}": {"Key":"missing","Type":15,"Integer":0,"String":"[c]","Interface":null}}
2025-08-15T22:12:55.924-0500	DEBUG	protocol/handler.go:581	tryAdvanceRound called	{"{current_round 20 2  <nil>}": {"Key":"self","Type":15,"Integer":0,"String":"e","Interface":null}}
2025-08-15T22:12:55.924-0500	DEBUG	protocol/handler.go:1591	have processed broadcast	{"{round 20 2  <nil>}": {"Key":"from","Type":15,"Integer":0,"String":"a","Interface":null}}
2025-08-15T22:12:55.924-0500	DEBUG	protocol/handler.go:1591	have processed broadcast	{"{round 20 2  <nil>}": {"Key":"from","Type":15,"Integer":0,"String":"b","Interface":null}}
2025-08-15T22:12:55.924-0500	DEBUG	protocol/handler.go:1591	have processed broadcast	{"{round 20 2  <nil>}": {"Key":"from","Type":15,"Integer":0,"String":"d","Interface":null}}
2025-08-15T22:12:55.924-0500	DEBUG	protocol/handler.go:1600	waiting for broadcasts	{"{round 20 2  <nil>}": {"Key":"missing","Type":15,"Integer":0,"String":"[c]","Interface":null}}
2025-08-15T22:12:55.924-0500	DEBUG	protocol/handler.go:581	tryAdvanceRound called	{"{current_round 20 2  <nil>}": {"Key":"self","Type":15,"Integer":0,"String":"e","Interface":null}}
2025-08-15T22:12:55.924-0500	DEBUG	protocol/handler.go:1591	have processed broadcast	{"{round 20 2  <nil>}": {"Key":"from","Type":15,"Integer":0,"String":"a","Interface":null}}
2025-08-15T22:12:55.924-0500	DEBUG	protocol/handler.go:1591	have processed broadcast	{"{round 20 2  <nil>}": {"Key":"from","Type":15,"Integer":0,"String":"b","Interface":null}}
2025-08-15T22:12:55.924-0500	DEBUG	protocol/handler.go:1591	have processed broadcast	{"{round 20 2  <nil>}": {"Key":"from","Type":15,"Integer":0,"String":"d","Interface":null}}
2025-08-15T22:12:55.924-0500	DEBUG	protocol/handler.go:1600	waiting for broadcasts	{"{round 20 2  <nil>}": {"Key":"missing","Type":15,"Integer":0,"String":"[c]","Interface":null}}
2025-08-15T22:12:55.924-0500	DEBUG	protocol/handler.go:437	processing message	{"{from 15 0 c <nil>}": {"Key":"to","Type":15,"Integer":0,"String":"","Interface":null}, "{round 20 2  <nil>}": {"Key":"broadcast","Type":4,"Integer":1,"String":"","Interface":null}}
2025-08-15T22:12:55.924-0500	DEBUG	protocol/handler.go:1657	storing broadcast	{"{round 20 2  <nil>}": {"Key":"from","Type":15,"Integer":0,"String":"c","Interface":null}}
2025-08-15T22:12:55.923-0500	DEBUG	protocol/handler.go:437	processing message	{"{from 15 0 c <nil>}": {"Key":"to","Type":15,"Integer":0,"String":"","Interface":null}, "{round 20 2  <nil>}": {"Key":"broadcast","Type":4,"Integer":1,"String":"","Interface":null}}
2025-08-15T22:12:55.925-0500	DEBUG	protocol/handler.go:1657	storing broadcast	{"{round 20 2  <nil>}": {"Key":"from","Type":15,"Integer":0,"String":"c","Interface":null}}
2025-08-15T22:12:55.926-0500	DEBUG	protocol/handler.go:1591	have processed broadcast	{"{round 20 2  <nil>}": {"Key":"from","Type":15,"Integer":0,"String":"b","Interface":null}}
==================
WARNING: DATA RACE
Write at 0x00c0006fbb8c by goroutine 271:
  ??()
      -:0 +0x104ada650
  sync/atomic.CompareAndSwapInt32()
      <autogenerated>:1 +0x18
  sync.(*Mutex).Lock()
      /opt/homebrew/Cellar/go/1.24.6/libexec/src/sync/mutex.go:46 +0x2c
  github.com/luxfi/threshold/protocols/frost/keygen.(*round2).StoreBroadcastMessage()
      /Users/z/work/lux/threshold/protocols/frost/keygen/round2.go:57 +0x58
  github.com/luxfi/threshold/pkg/protocol.(*Handler).verifyBroadcast()
      /Users/z/work/lux/threshold/pkg/protocol/handler.go:1392 +0x648
  github.com/luxfi/threshold/pkg/protocol.(*Handler).processMessage()
      /Users/z/work/lux/threshold/pkg/protocol/handler.go:480 +0xb9c
  github.com/luxfi/threshold/pkg/protocol.(*Handler).messageWorker()
      /Users/z/work/lux/threshold/pkg/protocol/handler.go:408 +0x338
  github.com/luxfi/threshold/pkg/protocol.(*Handler).startWorkers.gowrap2()
      /Users/z/work/lux/threshold/pkg/protocol/handler.go:361 +0x44

Previous read at 0x00c0006fbb88 by goroutine 274:
  github.com/luxfi/threshold/protocols/frost/keygen.(*round2).Number()
      <autogenerated>:1 +0x38
  github.com/luxfi/threshold/pkg/protocol.(*Handler).hasAllMessages()
      /Users/z/work/lux/threshold/pkg/protocol/handler.go:1570 +0x40
  github.com/luxfi/threshold/pkg/protocol.(*Handler).tryAdvanceRound()
      /Users/z/work/lux/threshold/pkg/protocol/handler.go:589 +0x29c
  github.com/luxfi/threshold/pkg/protocol.(*Handler).roundProcessor()
      /Users/z/work/lux/threshold/pkg/protocol/handler.go:569 +0xb4
  github.com/luxfi/threshold/pkg/protocol.(*Handler).startWorkers.func1()
      /Users/z/work/lux/threshold/pkg/protocol/handler.go:374 +0x78

Goroutine 271 (running) created at:
  github.com/luxfi/threshold/pkg/protocol.(*Handler).startWorkers()
      /Users/z/work/lux/threshold/pkg/protocol/handler.go:361 +0x334
  github.com/luxfi/threshold/pkg/protocol.NewHandler()
      /Users/z/work/lux/threshold/pkg/protocol/handler.go:247 +0xf10
  github.com/luxfi/threshold/internal/test.(*Harness).CreateHandler()
      /Users/z/work/lux/threshold/internal/test/harness.go:91 +0x2e4
  github.com/luxfi/threshold/protocols/frost.TestFrostKeygenOnly()
      /Users/z/work/lux/threshold/protocols/frost/simple_test.go:25 +0x200
  testing.tRunner()
      /opt/homebrew/Cellar/go/1.24.6/libexec/src/testing/testing.go:1792 +0x180
  testing.(*T).Run.gowrap1()
      /opt/homebrew/Cellar/go/1.24.6/libexec/src/testing/testing.go:1851 +0x40

Goroutine 274 (running) created at:
  github.com/luxfi/threshold/pkg/protocol.(*Handler).startWorkers()
      /Users/z/work/lux/threshold/pkg/protocol/handler.go:372 +0x4fc
  github.com/luxfi/threshold/pkg/protocol.NewHandler()
      /Users/z/work/lux/threshold/pkg/protocol/handler.go:247 +0xf10
  github.com/luxfi/threshold/internal/test.(*Harness).CreateHandler()
      /Users/z/work/lux/threshold/internal/test/harness.go:91 +0x2e4
  github.com/luxfi/threshold/protocols/frost.TestFrostKeygenOnly()
      /Users/z/work/lux/threshold/protocols/frost/simple_test.go:25 +0x200
  testing.tRunner()
      /opt/homebrew/Cellar/go/1.24.6/libexec/src/testing/testing.go:1792 +0x180
  testing.(*T).Run.gowrap1()
      /opt/homebrew/Cellar/go/1.24.6/libexec/src/testing/testing.go:1851 +0x40
==================
2025-08-15T22:12:55.929-0500	DEBUG	protocol/handler.go:581	tryAdvanceRound called	{"{current_round 20 2  <nil>}": {"Key":"self","Type":15,"Integer":0,"String":"d","Interface":null}}
2025-08-15T22:12:55.929-0500	DEBUG	protocol/handler.go:1591	have processed broadcast	{"{round 20 2  <nil>}": {"Key":"from","Type":15,"Integer":0,"String":"a","Interface":null}}
2025-08-15T22:12:55.929-0500	DEBUG	protocol/handler.go:1591	have processed broadcast	{"{round 20 2  <nil>}": {"Key":"from","Type":15,"Integer":0,"String":"b","Interface":null}}
2025-08-15T22:12:55.929-0500	DEBUG	protocol/handler.go:1591	have processed broadcast	{"{round 20 2  <nil>}": {"Key":"from","Type":15,"Integer":0,"String":"c","Interface":null}}
2025-08-15T22:12:55.930-0500	DEBUG	protocol/handler.go:1591	have processed broadcast	{"{round 20 2  <nil>}": {"Key":"from","Type":15,"Integer":0,"String":"e","Interface":null}}
2025-08-15T22:12:55.930-0500	DEBUG	protocol/handler.go:1649	have all messages and processed	{"{round 20 2  <nil>}": {"Key":"self","Type":15,"Integer":0,"String":"d","Interface":null}}
2025-08-15T22:12:55.930-0500	DEBUG	protocol/handler.go:619	finalizing round
2025-08-15T22:12:55.930-0500	DEBUG	protocol/handler.go:1039	sendRoundMessage	{"{from 15 0 d <nil>}": {"Key":"to","Type":15,"Integer":0,"String":"","Interface":null}, "{round 20 3  <nil>}": {"Key":"broadcast","Type":4,"Integer":1,"String":"","Interface":null}}
2025-08-15T22:12:55.930-0500	DEBUG	protocol/handler.go:1657	storing broadcast	{"{round 20 3  <nil>}": {"Key":"from","Type":15,"Integer":0,"String":"d","Interface":null}}
2025-08-15T22:12:55.918-0500	DEBUG	protocol/handler.go:1600	waiting for broadcasts	{"{round 20 2  <nil>}": {"Key":"missing","Type":15,"Integer":0,"String":"[c]","Interface":null}}
2025-08-15T22:12:55.930-0500	DEBUG	protocol/handler.go:1081	sent message to output channel	{"{from 15 0 d <nil>}": {"Key":"to","Type":15,"Integer":0,"String":"","Interface":null}, "{round 20 3  <nil>}": {"Key":"broadcast","Type":4,"Integer":1,"String":"","Interface":null}}
2025-08-15T22:12:55.930-0500	DEBUG	protocol/handler.go:1039	sendRoundMessage	{"{from 15 0 d <nil>}": {"Key":"to","Type":15,"Integer":0,"String":"a","Interface":null}, "{round 20 3  <nil>}": {"Key":"broadcast","Type":4,"Integer":0,"String":"","Interface":null}}
2025-08-15T22:12:55.930-0500	DEBUG	protocol/handler.go:1081	sent message to output channel	{"{from 15 0 d <nil>}": {"Key":"to","Type":15,"Integer":0,"String":"a","Interface":null}, "{round 20 3  <nil>}": {"Key":"broadcast","Type":4,"Integer":0,"String":"","Interface":null}}
2025-08-15T22:12:55.930-0500	DEBUG	protocol/handler.go:1039	sendRoundMessage	{"{from 15 0 d <nil>}": {"Key":"to","Type":15,"Integer":0,"String":"b","Interface":null}, "{round 20 3  <nil>}": {"Key":"broadcast","Type":4,"Integer":0,"String":"","Interface":null}}
2025-08-15T22:12:55.930-0500	DEBUG	protocol/handler.go:1081	sent message to output channel	{"{from 15 0 d <nil>}": {"Key":"to","Type":15,"Integer":0,"String":"b","Interface":null}, "{round 20 3  <nil>}": {"Key":"broadcast","Type":4,"Integer":0,"String":"","Interface":null}}
2025-08-15T22:12:55.930-0500	DEBUG	protocol/handler.go:437	processing message	{"{from 15 0 d <nil>}": {"Key":"to","Type":15,"Integer":0,"String":"","Interface":null}, "{round 20 3  <nil>}": {"Key":"broadcast","Type":4,"Integer":1,"String":"","Interface":null}}
2025-08-15T22:12:55.930-0500	DEBUG	protocol/handler.go:1039	sendRoundMessage	{"{from 15 0 d <nil>}": {"Key":"to","Type":15,"Integer":0,"String":"c","Interface":null}, "{round 20 3  <nil>}": {"Key":"broadcast","Type":4,"Integer":0,"String":"","Interface":null}}
2025-08-15T22:12:55.930-0500	DEBUG	protocol/handler.go:1081	sent message to output channel	{"{from 15 0 d <nil>}": {"Key":"to","Type":15,"Integer":0,"String":"c","Interface":null}, "{round 20 3  <nil>}": {"Key":"broadcast","Type":4,"Integer":0,"String":"","Interface":null}}
2025-08-15T22:12:55.930-0500	DEBUG	protocol/handler.go:1657	storing broadcast	{"{round 20 3  <nil>}": {"Key":"from","Type":15,"Integer":0,"String":"d","Interface":null}}
2025-08-15T22:12:55.931-0500	DEBUG	protocol/handler.go:1039	sendRoundMessage	{"{from 15 0 d <nil>}": {"Key":"to","Type":15,"Integer":0,"String":"e","Interface":null}, "{round 20 3  <nil>}": {"Key":"broadcast","Type":4,"Integer":0,"String":"","Interface":null}}
2025-08-15T22:12:55.926-0500	DEBUG	protocol/handler.go:1591	have processed broadcast	{"{round 20 2  <nil>}": {"Key":"from","Type":15,"Integer":0,"String":"d","Interface":null}}
2025-08-15T22:12:55.931-0500	DEBUG	protocol/handler.go:1591	have processed broadcast	{"{round 20 2  <nil>}": {"Key":"from","Type":15,"Integer":0,"String":"e","Interface":null}}
2025-08-15T22:12:55.931-0500	DEBUG	protocol/handler.go:1608	waiting for broadcast processing	{"{round 20 2  <nil>}": {"Key":"unprocessed","Type":15,"Integer":0,"String":"[c]","Interface":null}}
==================
WARNING: DATA RACE
Read at 0x00c000a74098 by goroutine 324:
  github.com/luxfi/threshold/protocols/frost/keygen.(*round2).Number()
      <autogenerated>:1 +0x38
  github.com/luxfi/threshold/pkg/protocol.(*Handler).processMessage()
      /Users/z/work/lux/threshold/pkg/protocol/handler.go:472 +0xa00
  github.com/luxfi/threshold/pkg/protocol.(*Handler).messageWorker()
      /Users/z/work/lux/threshold/pkg/protocol/handler.go:408 +0x338
  github.com/luxfi/threshold/pkg/protocol.(*Handler).startWorkers.gowrap2()
      /Users/z/work/lux/threshold/pkg/protocol/handler.go:361 +0x44

Previous write at 0x00c000a74098 by goroutine 410:
  ??()
      -:0 +0x104ad56f0
  sync/atomic.StorePointer()
      /opt/homebrew/Cellar/go/1.24.6/libexec/src/runtime/atomic_pointer.go:92 +0x38
  internal/sync.(*HashTrieMap[go.shape.interface {},go.shape.interface {}]).initSlow()
      /opt/homebrew/Cellar/go/1.24.6/libexec/src/internal/sync/hashtriemap.go:50 +0xb8
  internal/sync.(*HashTrieMap[go.shape.interface {},go.shape.interface {}]).init()
      /opt/homebrew/Cellar/go/1.24.6/libexec/src/internal/sync/hashtriemap.go:32 +0x44
  internal/sync.(*HashTrieMap[go.shape.interface {},go.shape.interface {}]).Swap()
      /opt/homebrew/Cellar/go/1.24.6/libexec/src/internal/sync/hashtriemap.go:206 +0x54
  internal/sync.(*HashTrieMap[go.shape.interface {},go.shape.interface {}]).Store()
      /opt/homebrew/Cellar/go/1.24.6/libexec/src/internal/sync/hashtriemap.go:200 +0x54
  sync.(*Map).Store()
      /opt/homebrew/Cellar/go/1.24.6/libexec/src/sync/hashtriemap.go:55 +0x54
  github.com/luxfi/threshold/protocols/frost/keygen.(*round2).StoreBroadcastMessage()
      /Users/z/work/lux/threshold/protocols/frost/keygen/round2.go:117 +0x56c
  github.com/luxfi/threshold/pkg/protocol.(*Handler).verifyBroadcastForRound()
      /Users/z/work/lux/threshold/pkg/protocol/handler.go:1277 +0x3a0
  github.com/luxfi/threshold/pkg/protocol.(*Handler).processQueuedMessages()
      /Users/z/work/lux/threshold/pkg/protocol/handler.go:1542 +0x404
  github.com/luxfi/threshold/pkg/protocol.(*Handler).tryAdvanceRound.gowrap2()
      /Users/z/work/lux/threshold/pkg/protocol/handler.go:673 +0x40

Goroutine 324 (running) created at:
  github.com/luxfi/threshold/pkg/protocol.(*Handler).startWorkers()
      /Users/z/work/lux/threshold/pkg/protocol/handler.go:361 +0x334
  github.com/luxfi/threshold/pkg/protocol.NewHandler()
      /Users/z/work/lux/threshold/pkg/protocol/handler.go:247 +0xf10
  github.com/luxfi/threshold/internal/test.(*Harness).CreateHandler()
      /Users/z/work/lux/threshold/internal/test/harness.go:91 +0x2e4
  github.com/luxfi/threshold/protocols/frost.TestFrostKeygenOnly()
      /Users/z/work/lux/threshold/protocols/frost/simple_test.go:25 +0x200
  testing.tRunner()
      /opt/homebrew/Cellar/go/1.24.6/libexec/src/testing/testing.go:1792 +0x180
  testing.(*T).Run.gowrap1()
      /opt/homebrew/Cellar/go/1.24.6/libexec/src/testing/testing.go:1851 +0x40

Goroutine 410 (running) created at:
  github.com/luxfi/threshold/pkg/protocol.(*Handler).tryAdvanceRound()
      /Users/z/work/lux/threshold/pkg/protocol/handler.go:673 +0x12e4
  github.com/luxfi/threshold/pkg/protocol.(*Handler).roundProcessor()
      /Users/z/work/lux/threshold/pkg/protocol/handler.go:569 +0xb4
  github.com/luxfi/threshold/pkg/protocol.(*Handler).startWorkers.func1()
      /Users/z/work/lux/threshold/pkg/protocol/handler.go:374 +0x78
==================
2025-08-15T22:12:55.931-0500	DEBUG	protocol/handler.go:470	message for different round (buffering)	{"{msg_round 20 3  <nil>}": {"Key":"current_round","Type":20,"Integer":2,"String":"","Interface":null}}
==================
WARNING: DATA RACE
Read at 0x00c000a740b8 by goroutine 324:
  github.com/luxfi/threshold/protocols/frost/keygen.(*round2).Number()
      <autogenerated>:1 +0x38
  github.com/luxfi/threshold/pkg/protocol.(*Handler).tryAdvanceRound()
      /Users/z/work/lux/threshold/pkg/protocol/handler.go:582 +0x70
  github.com/luxfi/threshold/pkg/protocol.(*Handler).processMessage()
      /Users/z/work/lux/threshold/pkg/protocol/handler.go:474 +0xb70
  github.com/luxfi/threshold/pkg/protocol.(*Handler).messageWorker()
      /Users/z/work/lux/threshold/pkg/protocol/handler.go:408 +0x338
  github.com/luxfi/threshold/pkg/protocol.(*Handler).startWorkers.gowrap2()
      /Users/z/work/lux/threshold/pkg/protocol/handler.go:361 +0x44

Previous write at 0x00c000a740bc by goroutine 328:
  ??()
      -:0 +0x104ad5eb0
  sync/atomic.AddInt32()
      <autogenerated>:1 +0x14
  sync.(*Mutex).Unlock()
      /opt/homebrew/Cellar/go/1.24.6/libexec/src/sync/mutex.go:65 +0x2c
  github.com/luxfi/threshold/protocols/frost/keygen.(*round2).StoreBroadcastMessage()
      /Users/z/work/lux/threshold/protocols/frost/keygen/round2.go:62 +0x78
  github.com/luxfi/threshold/pkg/protocol.(*Handler).verifyBroadcastForRound()
      /Users/z/work/lux/threshold/pkg/protocol/handler.go:1277 +0x3a0
  github.com/luxfi/threshold/pkg/protocol.(*Handler).retryUnprocessedMessages()
      /Users/z/work/lux/threshold/pkg/protocol/handler.go:1483 +0x22c
  github.com/luxfi/threshold/pkg/protocol.(*Handler).tryAdvanceRound()
      /Users/z/work/lux/threshold/pkg/protocol/handler.go:587 +0x28c
  github.com/luxfi/threshold/pkg/protocol.(*Handler).roundProcessor()
      /Users/z/work/lux/threshold/pkg/protocol/handler.go:569 +0xb4
  github.com/luxfi/threshold/pkg/protocol.(*Handler).startWorkers.func1()
      /Users/z/work/lux/threshold/pkg/protocol/handler.go:374 +0x78

Goroutine 324 (running) created at:
  github.com/luxfi/threshold/pkg/protocol.(*Handler).startWorkers()
      /Users/z/work/lux/threshold/pkg/protocol/handler.go:361 +0x334
  github.com/luxfi/threshold/pkg/protocol.NewHandler()
      /Users/z/work/lux/threshold/pkg/protocol/handler.go:247 +0xf10
  github.com/luxfi/threshold/internal/test.(*Harness).CreateHandler()
      /Users/z/work/lux/threshold/internal/test/harness.go:91 +0x2e4
  github.com/luxfi/threshold/protocols/frost.TestFrostKeygenOnly()
      /Users/z/work/lux/threshold/protocols/frost/simple_test.go:25 +0x200
  testing.tRunner()
      /opt/homebrew/Cellar/go/1.24.6/libexec/src/testing/testing.go:1792 +0x180
  testing.(*T).Run.gowrap1()
      /opt/homebrew/Cellar/go/1.24.6/libexec/src/testing/testing.go:1851 +0x40

Goroutine 328 (running) created at:
  github.com/luxfi/threshold/pkg/protocol.(*Handler).startWorkers()
      /Users/z/work/lux/threshold/pkg/protocol/handler.go:372 +0x4fc
  github.com/luxfi/threshold/pkg/protocol.NewHandler()
      /Users/z/work/lux/threshold/pkg/protocol/handler.go:247 +0xf10
  github.com/luxfi/threshold/internal/test.(*Harness).CreateHandler()
      /Users/z/work/lux/threshold/internal/test/harness.go:91 +0x2e4
  github.com/luxfi/threshold/protocols/frost.TestFrostKeygenOnly()
      /Users/z/work/lux/threshold/protocols/frost/simple_test.go:25 +0x200
  testing.tRunner()
      /opt/homebrew/Cellar/go/1.24.6/libexec/src/testing/testing.go:1792 +0x180
  testing.(*T).Run.gowrap1()
      /opt/homebrew/Cellar/go/1.24.6/libexec/src/testing/testing.go:1851 +0x40
==================
2025-08-15T22:12:55.932-0500	DEBUG	protocol/handler.go:581	tryAdvanceRound called	{"{current_round 20 2  <nil>}": {"Key":"self","Type":15,"Integer":0,"String":"c","Interface":null}}
2025-08-15T22:12:55.931-0500	DEBUG	protocol/handler.go:1081	sent message to output channel	{"{from 15 0 d <nil>}": {"Key":"to","Type":15,"Integer":0,"String":"e","Interface":null}, "{round 20 3  <nil>}": {"Key":"broadcast","Type":4,"Integer":0,"String":"","Interface":null}}
2025-08-15T22:12:55.933-0500	DEBUG	protocol/handler.go:1182	finalized round messages	{"{round 20 2  <nil>}": {"Key":"messages","Type":11,"Integer":5,"String":"","Interface":null}}
2025-08-15T22:12:55.933-0500	DEBUG	protocol/handler.go:1239	finalize returned next round	{"{current 20 2  <nil>}": {"Key":"next","Type":20,"Integer":3,"String":"","Interface":null}}
2025-08-15T22:12:55.933-0500	INFO	protocol/handler.go:642	storing new currentRound	{"{from 20 2  <nil>}": {"Key":"to","Type":20,"Integer":3,"String":"","Interface":null}}
2025-08-15T22:12:55.933-0500	DEBUG	protocol/handler.go:1503	processing queued messages
2025-08-15T22:12:55.933-0500	DEBUG	protocol/handler.go:1503	processing queued messages
2025-08-15T22:12:55.936-0500	DEBUG	protocol/handler.go:581	tryAdvanceRound called	{"{current_round 20 2  <nil>}": {"Key":"self","Type":15,"Integer":0,"String":"a","Interface":null}}
2025-08-15T22:12:55.936-0500	DEBUG	protocol/handler.go:1591	have processed broadcast	{"{round 20 2  <nil>}": {"Key":"from","Type":15,"Integer":0,"String":"b","Interface":null}}
2025-08-15T22:12:55.936-0500	DEBUG	protocol/handler.go:1591	have processed broadcast	{"{round 20 2  <nil>}": {"Key":"from","Type":15,"Integer":0,"String":"c","Interface":null}}
2025-08-15T22:12:55.936-0500	DEBUG	protocol/handler.go:1591	have processed broadcast	{"{round 20 2  <nil>}": {"Key":"from","Type":15,"Integer":0,"String":"d","Interface":null}}
2025-08-15T22:12:55.936-0500	DEBUG	protocol/handler.go:1591	have processed broadcast	{"{round 20 2  <nil>}": {"Key":"from","Type":15,"Integer":0,"String":"e","Interface":null}}
2025-08-15T22:12:55.936-0500	DEBUG	protocol/handler.go:1649	have all messages and processed	{"{round 20 2  <nil>}": {"Key":"self","Type":15,"Integer":0,"String":"a","Interface":null}}
2025-08-15T22:12:55.936-0500	DEBUG	protocol/handler.go:619	finalizing round
==================
WARNING: DATA RACE
Write at 0x00c0006fbb8c by goroutine 413:
  ??()
      -:0 +0x104ada650
  sync/atomic.CompareAndSwapInt32()
      <autogenerated>:1 +0x18
  sync.(*Mutex).Lock()
      /opt/homebrew/Cellar/go/1.24.6/libexec/src/sync/mutex.go:46 +0x2c
  github.com/luxfi/threshold/protocols/frost/keygen.(*round2).Finalize()
      /Users/z/work/lux/threshold/protocols/frost/keygen/round2.go:157 +0x784
  github.com/luxfi/threshold/pkg/protocol.(*Handler).finalizeRound.func1()
      /Users/z/work/lux/threshold/pkg/protocol/handler.go:1163 +0xe4

Previous read at 0x00c0006fbb88 by goroutine 271:
  github.com/luxfi/threshold/protocols/frost/keygen.(*round2).Number()
      <autogenerated>:1 +0x38
  github.com/luxfi/threshold/pkg/protocol.(*Handler).tryAdvanceRound()
      /Users/z/work/lux/threshold/pkg/protocol/handler.go:582 +0x70
  github.com/luxfi/threshold/pkg/protocol.(*Handler).processMessage()
      /Users/z/work/lux/threshold/pkg/protocol/handler.go:486 +0xbb0
  github.com/luxfi/threshold/pkg/protocol.(*Handler).messageWorker()
      /Users/z/work/lux/threshold/pkg/protocol/handler.go:408 +0x338
  github.com/luxfi/threshold/pkg/protocol.(*Handler).startWorkers.gowrap2()
      /Users/z/work/lux/threshold/pkg/protocol/handler.go:361 +0x44

Goroutine 413 (running) created at:
  github.com/luxfi/threshold/pkg/protocol.(*Handler).finalizeRound()
      /Users/z/work/lux/threshold/pkg/protocol/handler.go:1160 +0x26c
  github.com/luxfi/threshold/pkg/protocol.(*Handler).tryAdvanceRound()
      /Users/z/work/lux/threshold/pkg/protocol/handler.go:622 +0xae4
  github.com/luxfi/threshold/pkg/protocol.(*Handler).roundProcessor()
      /Users/z/work/lux/threshold/pkg/protocol/handler.go:569 +0xb4
  github.com/luxfi/threshold/pkg/protocol.(*Handler).startWorkers.func1()
      /Users/z/work/lux/threshold/pkg/protocol/handler.go:374 +0x78

Goroutine 271 (running) created at:
  github.com/luxfi/threshold/pkg/protocol.(*Handler).startWorkers()
      /Users/z/work/lux/threshold/pkg/protocol/handler.go:361 +0x334
  github.com/luxfi/threshold/pkg/protocol.NewHandler()
      /Users/z/work/lux/threshold/pkg/protocol/handler.go:247 +0xf10
  github.com/luxfi/threshold/internal/test.(*Harness).CreateHandler()
      /Users/z/work/lux/threshold/internal/test/harness.go:91 +0x2e4
  github.com/luxfi/threshold/protocols/frost.TestFrostKeygenOnly()
      /Users/z/work/lux/threshold/protocols/frost/simple_test.go:25 +0x200
  testing.tRunner()
      /opt/homebrew/Cellar/go/1.24.6/libexec/src/testing/testing.go:1792 +0x180
  testing.(*T).Run.gowrap1()
      /opt/homebrew/Cellar/go/1.24.6/libexec/src/testing/testing.go:1851 +0x40
==================
2025-08-15T22:12:55.937-0500	DEBUG	protocol/handler.go:1039	sendRoundMessage	{"{from 15 0 a <nil>}": {"Key":"to","Type":15,"Integer":0,"String":"","Interface":null}, "{round 20 3  <nil>}": {"Key":"broadcast","Type":4,"Integer":1,"String":"","Interface":null}}
2025-08-15T22:12:55.937-0500	DEBUG	protocol/handler.go:1657	storing broadcast	{"{round 20 3  <nil>}": {"Key":"from","Type":15,"Integer":0,"String":"a","Interface":null}}
2025-08-15T22:12:55.937-0500	DEBUG	protocol/handler.go:1081	sent message to output channel	{"{from 15 0 a <nil>}": {"Key":"to","Type":15,"Integer":0,"String":"","Interface":null}, "{round 20 3  <nil>}": {"Key":"broadcast","Type":4,"Integer":1,"String":"","Interface":null}}
2025-08-15T22:12:55.937-0500	DEBUG	protocol/handler.go:1039	sendRoundMessage	{"{from 15 0 a <nil>}": {"Key":"to","Type":15,"Integer":0,"String":"b","Interface":null}, "{round 20 3  <nil>}": {"Key":"broadcast","Type":4,"Integer":0,"String":"","Interface":null}}
2025-08-15T22:12:55.937-0500	DEBUG	protocol/handler.go:1081	sent message to output channel	{"{from 15 0 a <nil>}": {"Key":"to","Type":15,"Integer":0,"String":"b","Interface":null}, "{round 20 3  <nil>}": {"Key":"broadcast","Type":4,"Integer":0,"String":"","Interface":null}}
2025-08-15T22:12:55.937-0500	DEBUG	protocol/handler.go:1039	sendRoundMessage	{"{from 15 0 a <nil>}": {"Key":"to","Type":15,"Integer":0,"String":"c","Interface":null}, "{round 20 3  <nil>}": {"Key":"broadcast","Type":4,"Integer":0,"String":"","Interface":null}}
2025-08-15T22:12:55.937-0500	DEBUG	protocol/handler.go:1081	sent message to output channel	{"{from 15 0 a <nil>}": {"Key":"to","Type":15,"Integer":0,"String":"c","Interface":null}, "{round 20 3  <nil>}": {"Key":"broadcast","Type":4,"Integer":0,"String":"","Interface":null}}
2025-08-15T22:12:55.937-0500	DEBUG	protocol/handler.go:1039	sendRoundMessage	{"{from 15 0 a <nil>}": {"Key":"to","Type":15,"Integer":0,"String":"d","Interface":null}, "{round 20 3  <nil>}": {"Key":"broadcast","Type":4,"Integer":0,"String":"","Interface":null}}
2025-08-15T22:12:55.937-0500	DEBUG	protocol/handler.go:1081	sent message to output channel	{"{from 15 0 a <nil>}": {"Key":"to","Type":15,"Integer":0,"String":"d","Interface":null}, "{round 20 3  <nil>}": {"Key":"broadcast","Type":4,"Integer":0,"String":"","Interface":null}}
2025-08-15T22:12:55.937-0500	DEBUG	protocol/handler.go:1039	sendRoundMessage	{"{from 15 0 a <nil>}": {"Key":"to","Type":15,"Integer":0,"String":"e","Interface":null}, "{round 20 3  <nil>}": {"Key":"broadcast","Type":4,"Integer":0,"String":"","Interface":null}}
2025-08-15T22:12:55.937-0500	DEBUG	protocol/handler.go:1081	sent message to output channel	{"{from 15 0 a <nil>}": {"Key":"to","Type":15,"Integer":0,"String":"e","Interface":null}, "{round 20 3  <nil>}": {"Key":"broadcast","Type":4,"Integer":0,"String":"","Interface":null}}
2025-08-15T22:12:55.937-0500	DEBUG	protocol/handler.go:1182	finalized round messages	{"{round 20 2  <nil>}": {"Key":"messages","Type":11,"Integer":5,"String":"","Interface":null}}
2025-08-15T22:12:55.937-0500	DEBUG	protocol/handler.go:1239	finalize returned next round	{"{current 20 2  <nil>}": {"Key":"next","Type":20,"Integer":3,"String":"","Interface":null}}
2025-08-15T22:12:55.937-0500	INFO	protocol/handler.go:642	storing new currentRound	{"{from 20 2  <nil>}": {"Key":"to","Type":20,"Integer":3,"String":"","Interface":null}}
2025-08-15T22:12:55.937-0500	DEBUG	protocol/handler.go:1503	processing queued messages
2025-08-15T22:12:55.937-0500	DEBUG	protocol/handler.go:1503	processing queued messages
2025-08-15T22:12:55.936-0500	DEBUG	protocol/handler.go:581	tryAdvanceRound called	{"{current_round 20 2  <nil>}": {"Key":"self","Type":15,"Integer":0,"String":"a","Interface":null}}
2025-08-15T22:12:55.938-0500	DEBUG	protocol/handler.go:1591	have processed broadcast	{"{round 20 2  <nil>}": {"Key":"from","Type":15,"Integer":0,"String":"b","Interface":null}}
2025-08-15T22:12:55.938-0500	DEBUG	protocol/handler.go:1591	have processed broadcast	{"{round 20 2  <nil>}": {"Key":"from","Type":15,"Integer":0,"String":"c","Interface":null}}
2025-08-15T22:12:55.938-0500	DEBUG	protocol/handler.go:1591	have processed broadcast	{"{round 20 2  <nil>}": {"Key":"from","Type":15,"Integer":0,"String":"d","Interface":null}}
2025-08-15T22:12:55.938-0500	DEBUG	protocol/handler.go:1591	have processed broadcast	{"{round 20 2  <nil>}": {"Key":"from","Type":15,"Integer":0,"String":"e","Interface":null}}
2025-08-15T22:12:55.939-0500	DEBUG	protocol/handler.go:1649	have all messages and processed	{"{round 20 2  <nil>}": {"Key":"self","Type":15,"Integer":0,"String":"a","Interface":null}}
2025-08-15T22:12:55.939-0500	DEBUG	protocol/handler.go:596	round already finalized
2025-08-15T22:12:55.939-0500	DEBUG	protocol/handler.go:600	current round already advanced	{"{checking 20 2  <nil>}": {"Key":"current","Type":20,"Integer":3,"String":"","Interface":null}}
2025-08-15T22:12:55.939-0500	DEBUG	protocol/handler.go:432	processMessage: p2p round 3 START	{"{from 15 0 d <nil>}": {"Key":"to","Type":15,"Integer":0,"String":"e","Interface":null}}
2025-08-15T22:12:55.939-0500	DEBUG	protocol/handler.go:437	processing message	{"{from 15 0 d <nil>}": {"Key":"to","Type":15,"Integer":0,"String":"e","Interface":null}, "{round 20 3  <nil>}": {"Key":"broadcast","Type":4,"Integer":0,"String":"","Interface":null}}
2025-08-15T22:12:55.939-0500	DEBUG	protocol/handler.go:1662	storing message	{"{round 20 3  <nil>}": {"Key":"from","Type":15,"Integer":0,"String":"d","Interface":null}}
==================
WARNING: DATA RACE
Read at 0x00c000c820b8 by goroutine 376:
  github.com/luxfi/threshold/protocols/frost/keygen.(*round2).Number()
      <autogenerated>:1 +0x38
  github.com/luxfi/threshold/pkg/protocol.(*Handler).processMessage()
      /Users/z/work/lux/threshold/pkg/protocol/handler.go:469 +0x94c
  github.com/luxfi/threshold/pkg/protocol.(*Handler).messageWorker()
      /Users/z/work/lux/threshold/pkg/protocol/handler.go:408 +0x338
  github.com/luxfi/threshold/pkg/protocol.(*Handler).startWorkers.gowrap1()
      /Users/z/work/lux/threshold/pkg/protocol/handler.go:355 +0x44

Previous write at 0x00c000c820bc by goroutine 380:
  ??()
      -:0 +0x104ad5eb0
  sync/atomic.AddInt32()
      <autogenerated>:1 +0x14
  sync.(*Mutex).Unlock()
      /opt/homebrew/Cellar/go/1.24.6/libexec/src/sync/mutex.go:65 +0x2c
  github.com/luxfi/threshold/protocols/frost/keygen.(*round2).StoreBroadcastMessage()
      /Users/z/work/lux/threshold/protocols/frost/keygen/round2.go:62 +0x78
  github.com/luxfi/threshold/pkg/protocol.(*Handler).verifyBroadcast()
      /Users/z/work/lux/threshold/pkg/protocol/handler.go:1392 +0x648
  github.com/luxfi/threshold/pkg/protocol.(*Handler).processMessage()
      /Users/z/work/lux/threshold/pkg/protocol/handler.go:480 +0xb9c
  github.com/luxfi/threshold/pkg/protocol.(*Handler).messageWorker()
      /Users/z/work/lux/threshold/pkg/protocol/handler.go:408 +0x338
  github.com/luxfi/threshold/pkg/protocol.(*Handler).startWorkers.gowrap2()
      /Users/z/work/lux/threshold/pkg/protocol/handler.go:361 +0x44

Goroutine 376 (running) created at:
  github.com/luxfi/threshold/pkg/protocol.(*Handler).startWorkers()
      /Users/z/work/lux/threshold/pkg/protocol/handler.go:355 +0x27c
  github.com/luxfi/threshold/pkg/protocol.NewHandler()
      /Users/z/work/lux/threshold/pkg/protocol/handler.go:247 +0xf10
  github.com/luxfi/threshold/internal/test.(*Harness).CreateHandler()
      /Users/z/work/lux/threshold/internal/test/harness.go:91 +0x2e4
  github.com/luxfi/threshold/protocols/frost.TestFrostKeygenOnly()
      /Users/z/work/lux/threshold/protocols/frost/simple_test.go:25 +0x200
  testing.tRunner()
      /opt/homebrew/Cellar/go/1.24.6/libexec/src/testing/testing.go:1792 +0x180
  testing.(*T).Run.gowrap1()
      /opt/homebrew/Cellar/go/1.24.6/libexec/src/testing/testing.go:1851 +0x40

Goroutine 380 (running) created at:
  github.com/luxfi/threshold/pkg/protocol.(*Handler).startWorkers()
      /Users/z/work/lux/threshold/pkg/protocol/handler.go:361 +0x334
  github.com/luxfi/threshold/pkg/protocol.NewHandler()
      /Users/z/work/lux/threshold/pkg/protocol/handler.go:247 +0xf10
  github.com/luxfi/threshold/internal/test.(*Harness).CreateHandler()
      /Users/z/work/lux/threshold/internal/test/harness.go:91 +0x2e4
  github.com/luxfi/threshold/protocols/frost.TestFrostKeygenOnly()
      /Users/z/work/lux/threshold/protocols/frost/simple_test.go:25 +0x200
  testing.tRunner()
      /opt/homebrew/Cellar/go/1.24.6/libexec/src/testing/testing.go:1792 +0x180
  testing.(*T).Run.gowrap1()
      /opt/homebrew/Cellar/go/1.24.6/libexec/src/testing/testing.go:1851 +0x40
==================
2025-08-15T22:12:55.939-0500	DEBUG	protocol/handler.go:470	message for different round (buffering)	{"{msg_round 20 3  <nil>}": {"Key":"current_round","Type":20,"Integer":2,"String":"","Interface":null}}
2025-08-15T22:12:55.939-0500	DEBUG	protocol/handler.go:581	tryAdvanceRound called	{"{current_round 20 2  <nil>}": {"Key":"self","Type":15,"Integer":0,"String":"e","Interface":null}}
==================
WARNING: DATA RACE
Write at 0x00c000a740bc by goroutine 328:
  ??()
      -:0 +0x104ada650
  sync/atomic.CompareAndSwapInt32()
      <autogenerated>:1 +0x18
  sync.(*Mutex).Lock()
      /opt/homebrew/Cellar/go/1.24.6/libexec/src/sync/mutex.go:46 +0x2c
  github.com/luxfi/threshold/protocols/frost/keygen.(*round2).StoreBroadcastMessage()
      /Users/z/work/lux/threshold/protocols/frost/keygen/round2.go:57 +0x58
  github.com/luxfi/threshold/pkg/protocol.(*Handler).verifyBroadcastForRound()
      /Users/z/work/lux/threshold/pkg/protocol/handler.go:1277 +0x3a0
  github.com/luxfi/threshold/pkg/protocol.(*Handler).retryUnprocessedMessages()
      /Users/z/work/lux/threshold/pkg/protocol/handler.go:1483 +0x22c
  github.com/luxfi/threshold/pkg/protocol.(*Handler).tryAdvanceRound()
      /Users/z/work/lux/threshold/pkg/protocol/handler.go:587 +0x28c
  github.com/luxfi/threshold/pkg/protocol.(*Handler).roundProcessor()
      /Users/z/work/lux/threshold/pkg/protocol/handler.go:569 +0xb4
  github.com/luxfi/threshold/pkg/protocol.(*Handler).startWorkers.func1()
      /Users/z/work/lux/threshold/pkg/protocol/handler.go:374 +0x78

Previous read at 0x00c000a740b8 by goroutine 324:
  github.com/luxfi/threshold/protocols/frost/keygen.(*round2).Number()
      <autogenerated>:1 +0x38
  github.com/luxfi/threshold/pkg/protocol.(*Handler).tryAdvanceRound()
      /Users/z/work/lux/threshold/pkg/protocol/handler.go:587 +0x280
  github.com/luxfi/threshold/pkg/protocol.(*Handler).processMessage()
      /Users/z/work/lux/threshold/pkg/protocol/handler.go:474 +0xb70
  github.com/luxfi/threshold/pkg/protocol.(*Handler).messageWorker()
      /Users/z/work/lux/threshold/pkg/protocol/handler.go:408 +0x338
  github.com/luxfi/threshold/pkg/protocol.(*Handler).startWorkers.gowrap2()
      /Users/z/work/lux/threshold/pkg/protocol/handler.go:361 +0x44

Goroutine 328 (running) created at:
  github.com/luxfi/threshold/pkg/protocol.(*Handler).startWorkers()
      /Users/z/work/lux/threshold/pkg/protocol/handler.go:372 +0x4fc
  github.com/luxfi/threshold/pkg/protocol.NewHandler()
      /Users/z/work/lux/threshold/pkg/protocol/handler.go:247 +0xf10
  github.com/luxfi/threshold/internal/test.(*Harness).CreateHandler()
      /Users/z/work/lux/threshold/internal/test/harness.go:91 +0x2e4
  github.com/luxfi/threshold/protocols/frost.TestFrostKeygenOnly()
      /Users/z/work/lux/threshold/protocols/frost/simple_test.go:25 +0x200
  testing.tRunner()
      /opt/homebrew/Cellar/go/1.24.6/libexec/src/testing/testing.go:1792 +0x180
  testing.(*T).Run.gowrap1()
      /opt/homebrew/Cellar/go/1.24.6/libexec/src/testing/testing.go:1851 +0x40

Goroutine 324 (running) created at:
  github.com/luxfi/threshold/pkg/protocol.(*Handler).startWorkers()
      /Users/z/work/lux/threshold/pkg/protocol/handler.go:361 +0x334
  github.com/luxfi/threshold/pkg/protocol.NewHandler()
      /Users/z/work/lux/threshold/pkg/protocol/handler.go:247 +0xf10
  github.com/luxfi/threshold/internal/test.(*Harness).CreateHandler()
      /Users/z/work/lux/threshold/internal/test/harness.go:91 +0x2e4
  github.com/luxfi/threshold/protocols/frost.TestFrostKeygenOnly()
      /Users/z/work/lux/threshold/protocols/frost/simple_test.go:25 +0x200
  testing.tRunner()
      /opt/homebrew/Cellar/go/1.24.6/libexec/src/testing/testing.go:1792 +0x180
  testing.(*T).Run.gowrap1()
      /opt/homebrew/Cellar/go/1.24.6/libexec/src/testing/testing.go:1851 +0x40
==================
2025-08-15T22:12:55.940-0500	DEBUG	protocol/handler.go:432	processMessage: p2p round 3 START	{"{from 15 0 d <nil>}": {"Key":"to","Type":15,"Integer":0,"String":"b","Interface":null}}
2025-08-15T22:12:55.940-0500	DEBUG	protocol/handler.go:437	processing message	{"{from 15 0 d <nil>}": {"Key":"to","Type":15,"Integer":0,"String":"b","Interface":null}, "{round 20 3  <nil>}": {"Key":"broadcast","Type":4,"Integer":0,"String":"","Interface":null}}
2025-08-15T22:12:55.940-0500	DEBUG	protocol/handler.go:1662	storing message	{"{round 20 3  <nil>}": {"Key":"from","Type":15,"Integer":0,"String":"d","Interface":null}}
2025-08-15T22:12:55.940-0500	DEBUG	protocol/handler.go:470	message for different round (buffering)	{"{msg_round 20 3  <nil>}": {"Key":"current_round","Type":20,"Integer":2,"String":"","Interface":null}}
2025-08-15T22:12:55.940-0500	DEBUG	protocol/handler.go:581	tryAdvanceRound called	{"{current_round 20 2  <nil>}": {"Key":"self","Type":15,"Integer":0,"String":"b","Interface":null}}
2025-08-15T22:12:55.942-0500	INFO	protocol/handler.go:560	advanced to round
2025-08-15T22:12:55.942-0500	DEBUG	protocol/handler.go:581	tryAdvanceRound called	{"{current_round 20 3  <nil>}": {"Key":"self","Type":15,"Integer":0,"String":"d","Interface":null}}
2025-08-15T22:12:55.942-0500	DEBUG	protocol/handler.go:1600	waiting for broadcasts	{"{round 20 3  <nil>}": {"Key":"missing","Type":15,"Integer":0,"String":"[a b c e]","Interface":null}}
==================
WARNING: DATA RACE
Read at 0x00c0009cc0b8 by goroutine 300:
  github.com/luxfi/threshold/protocols/frost/keygen.(*round2).Number()
      <autogenerated>:1 +0x38
  github.com/luxfi/threshold/pkg/protocol.(*Handler).tryAdvanceRound()
      /Users/z/work/lux/threshold/pkg/protocol/handler.go:582 +0x70
  github.com/luxfi/threshold/pkg/protocol.(*Handler).processMessage()
      /Users/z/work/lux/threshold/pkg/protocol/handler.go:486 +0xbb0
  github.com/luxfi/threshold/pkg/protocol.(*Handler).messageWorker()
      /Users/z/work/lux/threshold/pkg/protocol/handler.go:408 +0x338
  github.com/luxfi/threshold/pkg/protocol.(*Handler).startWorkers.gowrap2()
      /Users/z/work/lux/threshold/pkg/protocol/handler.go:361 +0x44

Previous write at 0x00c0009cc0bc by goroutine 293:
  ??()
      -:0 +0x104ad5eb0
  sync/atomic.AddInt32()
      <autogenerated>:1 +0x14
  sync.(*Mutex).Unlock()
      /opt/homebrew/Cellar/go/1.24.6/libexec/src/sync/mutex.go:65 +0x2c
  github.com/luxfi/threshold/protocols/frost/keygen.(*round2).StoreBroadcastMessage()
      /Users/z/work/lux/threshold/protocols/frost/keygen/round2.go:62 +0x78
  github.com/luxfi/threshold/pkg/protocol.(*Handler).verifyBroadcastForRound()
      /Users/z/work/lux/threshold/pkg/protocol/handler.go:1277 +0x3a0
  github.com/luxfi/threshold/pkg/protocol.(*Handler).retryUnprocessedMessages()
      /Users/z/work/lux/threshold/pkg/protocol/handler.go:1483 +0x22c
  github.com/luxfi/threshold/pkg/protocol.(*Handler).tryAdvanceRound()
      /Users/z/work/lux/threshold/pkg/protocol/handler.go:587 +0x28c
  github.com/luxfi/threshold/pkg/protocol.(*Handler).processMessage()
      /Users/z/work/lux/threshold/pkg/protocol/handler.go:474 +0xb70
  github.com/luxfi/threshold/pkg/protocol.(*Handler).messageWorker()
      /Users/z/work/lux/threshold/pkg/protocol/handler.go:408 +0x338
  github.com/luxfi/threshold/pkg/protocol.(*Handler).startWorkers.gowrap1()
      /Users/z/work/lux/threshold/pkg/protocol/handler.go:355 +0x44

Goroutine 300 (running) created at:
  github.com/luxfi/threshold/pkg/protocol.(*Handler).startWorkers()
      /Users/z/work/lux/threshold/pkg/protocol/handler.go:361 +0x334
  github.com/luxfi/threshold/pkg/protocol.NewHandler()
      /Users/z/work/lux/threshold/pkg/protocol/handler.go:247 +0xf10
  github.com/luxfi/threshold/internal/test.(*Harness).CreateHandler()
      /Users/z/work/lux/threshold/internal/test/harness.go:91 +0x2e4
  github.com/luxfi/threshold/protocols/frost.TestFrostKeygenOnly()
      /Users/z/work/lux/threshold/protocols/frost/simple_test.go:25 +0x200
  testing.tRunner()
      /opt/homebrew/Cellar/go/1.24.6/libexec/src/testing/testing.go:1792 +0x180
  testing.(*T).Run.gowrap1()
      /opt/homebrew/Cellar/go/1.24.6/libexec/src/testing/testing.go:1851 +0x40

Goroutine 293 (running) created at:
  github.com/luxfi/threshold/pkg/protocol.(*Handler).startWorkers()
      /Users/z/work/lux/threshold/pkg/protocol/handler.go:355 +0x27c
  github.com/luxfi/threshold/pkg/protocol.NewHandler()
      /Users/z/work/lux/threshold/pkg/protocol/handler.go:247 +0xf10
  github.com/luxfi/threshold/internal/test.(*Harness).CreateHandler()
      /Users/z/work/lux/threshold/internal/test/harness.go:91 +0x2e4
  github.com/luxfi/threshold/protocols/frost.TestFrostKeygenOnly()
      /Users/z/work/lux/threshold/protocols/frost/simple_test.go:25 +0x200
  testing.tRunner()
      /opt/homebrew/Cellar/go/1.24.6/libexec/src/testing/testing.go:1792 +0x180
  testing.(*T).Run.gowrap1()
      /opt/homebrew/Cellar/go/1.24.6/libexec/src/testing/testing.go:1851 +0x40
==================
2025-08-15T22:12:55.946-0500	DEBUG	protocol/handler.go:581	tryAdvanceRound called	{"{current_round 20 2  <nil>}": {"Key":"self","Type":15,"Integer":0,"String":"b","Interface":null}}
2025-08-15T22:12:55.946-0500	DEBUG	protocol/handler.go:1591	have processed broadcast	{"{round 20 2  <nil>}": {"Key":"from","Type":15,"Integer":0,"String":"a","Interface":null}}
2025-08-15T22:12:55.946-0500	DEBUG	protocol/handler.go:1591	have processed broadcast	{"{round 20 2  <nil>}": {"Key":"from","Type":15,"Integer":0,"String":"b","Interface":null}}
2025-08-15T22:12:55.946-0500	DEBUG	protocol/handler.go:1591	have processed broadcast	{"{round 20 2  <nil>}": {"Key":"from","Type":15,"Integer":0,"String":"c","Interface":null}}
2025-08-15T22:12:55.947-0500	DEBUG	protocol/handler.go:1591	have processed broadcast	{"{round 20 2  <nil>}": {"Key":"from","Type":15,"Integer":0,"String":"d","Interface":null}}
2025-08-15T22:12:55.947-0500	DEBUG	protocol/handler.go:1649	have all messages and processed	{"{round 20 2  <nil>}": {"Key":"self","Type":15,"Integer":0,"String":"e","Interface":null}}
2025-08-15T22:12:55.947-0500	DEBUG	protocol/handler.go:619	finalizing round
2025-08-15T22:12:55.947-0500	DEBUG	protocol/handler.go:432	processMessage: p2p round 3 START	{"{from 15 0 d <nil>}": {"Key":"to","Type":15,"Integer":0,"String":"c","Interface":null}}
2025-08-15T22:12:55.947-0500	DEBUG	protocol/handler.go:437	processing message	{"{from 15 0 d <nil>}": {"Key":"to","Type":15,"Integer":0,"String":"c","Interface":null}, "{round 20 3  <nil>}": {"Key":"broadcast","Type":4,"Integer":0,"String":"","Interface":null}}
2025-08-15T22:12:55.947-0500	DEBUG	protocol/handler.go:1662	storing message	{"{round 20 3  <nil>}": {"Key":"from","Type":15,"Integer":0,"String":"d","Interface":null}}
2025-08-15T22:12:55.947-0500	DEBUG	protocol/handler.go:1591	have processed broadcast	{"{round 20 2  <nil>}": {"Key":"from","Type":15,"Integer":0,"String":"a","Interface":null}}
2025-08-15T22:12:55.947-0500	DEBUG	protocol/handler.go:1591	have processed broadcast	{"{round 20 2  <nil>}": {"Key":"from","Type":15,"Integer":0,"String":"b","Interface":null}}
==================
WARNING: DATA RACE
Read at 0x00c000a740b8 by goroutine 322:
  github.com/luxfi/threshold/protocols/frost/keygen.(*round2).Number()
      <autogenerated>:1 +0x38
  github.com/luxfi/threshold/pkg/protocol.(*Handler).processMessage()
      /Users/z/work/lux/threshold/pkg/protocol/handler.go:469 +0x94c
  github.com/luxfi/threshold/pkg/protocol.(*Handler).messageWorker()
      /Users/z/work/lux/threshold/pkg/protocol/handler.go:408 +0x338
  github.com/luxfi/threshold/pkg/protocol.(*Handler).startWorkers.gowrap1()
      /Users/z/work/lux/threshold/pkg/protocol/handler.go:355 +0x44

Previous write at 0x00c000a740bc by goroutine 328:
2025-08-15T22:12:55.947-0500	DEBUG	protocol/handler.go:1591	have processed broadcast	{"{round 20 2  <nil>}": {"Key":"from","Type":15,"Integer":0,"String":"d","Interface":null}}
  ??()
      -:0 +0x104ad5eb0
  sync/atomic.AddInt32()
      <autogenerated>:1 +0x14
  sync.(*Mutex).Unlock()
      /opt/homebrew/Cellar/go/1.24.6/libexec/src/sync/mutex.go:65 +0x2c
  github.com/luxfi/threshold/protocols/frost/keygen.(*round2).StoreBroadcastMessage()
      /Users/z/work/lux/threshold/protocols/frost/keygen/round2.go:62 +0x78
  github.com/luxfi/threshold/pkg/protocol.(*Handler).verifyBroadcastForRound()
      /Users/z/work/lux/threshold/pkg/protocol/handler.go:1277 +0x3a0
  github.com/luxfi/threshold/pkg/protocol.(*Handler).retryUnprocessedMessages()
      /Users/z/work/lux/threshold/pkg/protocol/handler.go:1483 +0x22c
  github.com/luxfi/threshold/pkg/protocol.(*Handler).tryAdvanceRound()
      /Users/z/work/lux/threshold/pkg/protocol/handler.go:587 +0x28c
  github.com/luxfi/threshold/pkg/protocol.(*Handler).roundProcessor()
      /Users/z/work/lux/threshold/pkg/protocol/handler.go:569 +0xb4
  github.com/luxfi/threshold/pkg/protocol.(*Handler).startWorkers.func1()
      /Users/z/work/lux/threshold/pkg/protocol/handler.go:374 +0x78

2025-08-15T22:12:55.947-0500	DEBUG	protocol/handler.go:1591	have processed broadcast	{"{round 20 2  <nil>}": {"Key":"from","Type":15,"Integer":0,"String":"e","Interface":null}}
Goroutine 322 (running) created at:
  github.com/luxfi/threshold/pkg/protocol.(*Handler).startWorkers()
      /Users/z/work/lux/threshold/pkg/protocol/handler.go:355 +0x27c
  github.com/luxfi/threshold/pkg/protocol.NewHandler()
      /Users/z/work/lux/threshold/pkg/protocol/handler.go:247 +0xf10
  github.com/luxfi/threshold/internal/test.(*Harness).CreateHandler()
      /Users/z/work/lux/threshold/internal/test/harness.go:91 +0x2e4
  github.com/luxfi/threshold/protocols/frost.TestFrostKeygenOnly()
      /Users/z/work/lux/threshold/protocols/frost/simple_test.go:25 +0x200
  testing.tRunner()
      /opt/homebrew/Cellar/go/1.24.6/libexec/src/testing/testing.go:1792 +0x180
  testing.(*T).Run.gowrap1()
      /opt/homebrew/Cellar/go/1.24.6/libexec/src/testing/testing.go:1851 +0x40

Goroutine 328 (running) created at:
  github.com/luxfi/threshold/pkg/protocol.(*Handler).startWorkers()
      /Users/z/work/lux/threshold/pkg/protocol/handler.go:372 +0x4fc
  github.com/luxfi/threshold/pkg/protocol.NewHandler()
      /Users/z/work/lux/threshold/pkg/protocol/handler.go:247 +0xf10
  github.com/luxfi/threshold/internal/test.(*Harness).CreateHandler()
      /Users/z/work/lux/threshold/internal/test/harness.go:91 +0x2e4
  github.com/luxfi/threshold/protocols/frost.TestFrostKeygenOnly()
      /Users/z/work/lux/threshold/protocols/frost/simple_test.go:25 +0x200
  testing.tRunner()
      /opt/homebrew/Cellar/go/1.24.6/libexec/src/testing/testing.go:1792 +0x180
  testing.(*T).Run.gowrap1()
      /opt/homebrew/Cellar/go/1.24.6/libexec/src/testing/testing.go:1851 +0x40
==================
2025-08-15T22:12:55.947-0500	DEBUG	protocol/handler.go:1649	have all messages and processed	{"{round 20 2  <nil>}": {"Key":"self","Type":15,"Integer":0,"String":"c","Interface":null}}
2025-08-15T22:12:55.947-0500	DEBUG	protocol/handler.go:619	finalizing round
2025-08-15T22:12:55.947-0500	DEBUG	protocol/handler.go:470	message for different round (buffering)	{"{msg_round 20 3  <nil>}": {"Key":"current_round","Type":20,"Integer":2,"String":"","Interface":null}}
2025-08-15T22:12:55.947-0500	DEBUG	protocol/handler.go:581	tryAdvanceRound called	{"{current_round 20 2  <nil>}": {"Key":"self","Type":15,"Integer":0,"String":"c","Interface":null}}
==================
WARNING: DATA RACE
Write at 0x00c000a740bc by goroutine 416:
  ??()
      -:0 +0x104ada650
  sync/atomic.CompareAndSwapInt32()
      <autogenerated>:1 +0x18
  sync.(*Mutex).Lock()
      /opt/homebrew/Cellar/go/1.24.6/libexec/src/sync/mutex.go:46 +0x2c
  github.com/luxfi/threshold/protocols/frost/keygen.(*round2).Finalize()
      /Users/z/work/lux/threshold/protocols/frost/keygen/round2.go:157 +0x784
  github.com/luxfi/threshold/pkg/protocol.(*Handler).finalizeRound.func1()
      /Users/z/work/lux/threshold/pkg/protocol/handler.go:1163 +0xe4

Previous read at 0x00c000a740b8 by goroutine 322:
  github.com/luxfi/threshold/protocols/frost/keygen.(*round2).Number()
      <autogenerated>:1 +0x38
  github.com/luxfi/threshold/pkg/protocol.(*Handler).tryAdvanceRound()
      /Users/z/work/lux/threshold/pkg/protocol/handler.go:587 +0x280
  github.com/luxfi/threshold/pkg/protocol.(*Handler).processMessage()
      /Users/z/work/lux/threshold/pkg/protocol/handler.go:474 +0xb70
  github.com/luxfi/threshold/pkg/protocol.(*Handler).messageWorker()
      /Users/z/work/lux/threshold/pkg/protocol/handler.go:408 +0x338
  github.com/luxfi/threshold/pkg/protocol.(*Handler).startWorkers.gowrap1()
      /Users/z/work/lux/threshold/pkg/protocol/handler.go:355 +0x44

Goroutine 416 (running) created at:
  github.com/luxfi/threshold/pkg/protocol.(*Handler).finalizeRound()
      /Users/z/work/lux/threshold/pkg/protocol/handler.go:1160 +0x26c
  github.com/luxfi/threshold/pkg/protocol.(*Handler).tryAdvanceRound()
      /Users/z/work/lux/threshold/pkg/protocol/handler.go:622 +0xae4
  github.com/luxfi/threshold/pkg/protocol.(*Handler).processMessage()
      /Users/z/work/lux/threshold/pkg/protocol/handler.go:474 +0xb70
  github.com/luxfi/threshold/pkg/protocol.(*Handler).messageWorker()
      /Users/z/work/lux/threshold/pkg/protocol/handler.go:408 +0x338
  github.com/luxfi/threshold/pkg/protocol.(*Handler).startWorkers.gowrap2()
      /Users/z/work/lux/threshold/pkg/protocol/handler.go:361 +0x44

Goroutine 322 (running) created at:
  github.com/luxfi/threshold/pkg/protocol.(*Handler).startWorkers()
      /Users/z/work/lux/threshold/pkg/protocol/handler.go:355 +0x27c
  github.com/luxfi/threshold/pkg/protocol.NewHandler()
      /Users/z/work/lux/threshold/pkg/protocol/handler.go:247 +0xf10
  github.com/luxfi/threshold/internal/test.(*Harness).CreateHandler()
      /Users/z/work/lux/threshold/internal/test/harness.go:91 +0x2e4
  github.com/luxfi/threshold/protocols/frost.TestFrostKeygenOnly()
      /Users/z/work/lux/threshold/protocols/frost/simple_test.go:25 +0x200
  testing.tRunner()
      /opt/homebrew/Cellar/go/1.24.6/libexec/src/testing/testing.go:1792 +0x180
  testing.(*T).Run.gowrap1()
      /opt/homebrew/Cellar/go/1.24.6/libexec/src/testing/testing.go:1851 +0x40
==================
2025-08-15T22:12:55.948-0500	DEBUG	protocol/handler.go:437	processing message	{"{from 15 0 d <nil>}": {"Key":"to","Type":15,"Integer":0,"String":"","Interface":null}, "{round 20 3  <nil>}": {"Key":"broadcast","Type":4,"Integer":1,"String":"","Interface":null}}
2025-08-15T22:12:55.948-0500	DEBUG	protocol/handler.go:1657	storing broadcast	{"{round 20 3  <nil>}": {"Key":"from","Type":15,"Integer":0,"String":"d","Interface":null}}
==================
WARNING: DATA RACE
Read at 0x00c000a740b8 by goroutine 322:
  github.com/luxfi/threshold/protocols/frost/keygen.(*round2).Number()
      <autogenerated>:1 +0x38
  github.com/luxfi/threshold/pkg/protocol.(*Handler).hasAllMessages()
      /Users/z/work/lux/threshold/pkg/protocol/handler.go:1570 +0x40
  github.com/luxfi/threshold/pkg/protocol.(*Handler).tryAdvanceRound()
      /Users/z/work/lux/threshold/pkg/protocol/handler.go:589 +0x29c
2025-08-15T22:12:55.948-0500	DEBUG	protocol/handler.go:470	message for different round (buffering)	{"{msg_round 20 3  <nil>}": {"Key":"current_round","Type":20,"Integer":2,"String":"","Interface":null}}
  github.com/luxfi/threshold/pkg/protocol.(*Handler).processMessage()
      /Users/z/work/lux/threshold/pkg/protocol/handler.go:474 +0xb70
  github.com/luxfi/threshold/pkg/protocol.(*Handler).messageWorker()
      /Users/z/work/lux/threshold/pkg/protocol/handler.go:408 +0x338
  github.com/luxfi/threshold/pkg/protocol.(*Handler).startWorkers.gowrap1()
      /Users/z/work/lux/threshold/pkg/protocol/handler.go:355 +0x44

Previous write at 0x00c000a740b8 by goroutine 416:
  github.com/luxfi/threshold/protocols/frost/keygen.(*round2).Finalize()
      /Users/z/work/lux/threshold/protocols/frost/keygen/round2.go:158 +0x78c
  github.com/luxfi/threshold/pkg/protocol.(*Handler).finalizeRound.func1()
      /Users/z/work/lux/threshold/pkg/protocol/handler.go:1163 +0xe4

Goroutine 322 (running) created at:
  github.com/luxfi/threshold/pkg/protocol.(*Handler).startWorkers()
      /Users/z/work/lux/threshold/pkg/protocol/handler.go:355 +0x27c
  github.com/luxfi/threshold/pkg/protocol.NewHandler()
      /Users/z/work/lux/threshold/pkg/protocol/handler.go:247 +0xf10
  github.com/luxfi/threshold/internal/test.(*Harness).CreateHandler()
      /Users/z/work/lux/threshold/internal/test/harness.go:91 +0x2e4
  github.com/luxfi/threshold/protocols/frost.TestFrostKeygenOnly()
      /Users/z/work/lux/threshold/protocols/frost/simple_test.go:25 +0x200
  testing.tRunner()
      /opt/homebrew/Cellar/go/1.24.6/libexec/src/testing/testing.go:1792 +0x180
  testing.(*T).Run.gowrap1()
      /opt/homebrew/Cellar/go/1.24.6/libexec/src/testing/testing.go:1851 +0x40

Goroutine 416 (finished) created at:
  github.com/luxfi/threshold/pkg/protocol.(*Handler).finalizeRound()
      /Users/z/work/lux/threshold/pkg/protocol/handler.go:1160 +0x26c
  github.com/luxfi/threshold/pkg/protocol.(*Handler).tryAdvanceRound()
      /Users/z/work/lux/threshold/pkg/protocol/handler.go:622 +0xae4
  github.com/luxfi/threshold/pkg/protocol.(*Handler).processMessage()
      /Users/z/work/lux/threshold/pkg/protocol/handler.go:474 +0xb70
2025-08-15T22:12:55.948-0500	DEBUG	protocol/handler.go:581	tryAdvanceRound called	{"{current_round 20 2  <nil>}": {"Key":"self","Type":15,"Integer":0,"String":"e","Interface":null}}
  github.com/luxfi/threshold/pkg/protocol.(*Handler).messageWorker()
      /Users/z/work/lux/threshold/pkg/protocol/handler.go:408 +0x338
  github.com/luxfi/threshold/pkg/protocol.(*Handler).startWorkers.gowrap2()
      /Users/z/work/lux/threshold/pkg/protocol/handler.go:361 +0x44
==================
2025-08-15T22:12:55.948-0500	DEBUG	protocol/handler.go:1591	have processed broadcast	{"{round 20 2  <nil>}": {"Key":"from","Type":15,"Integer":0,"String":"a","Interface":null}}
2025-08-15T22:12:55.948-0500	DEBUG	protocol/handler.go:1591	have processed broadcast	{"{round 20 2  <nil>}": {"Key":"from","Type":15,"Integer":0,"String":"b","Interface":null}}
2025-08-15T22:12:55.948-0500	DEBUG	protocol/handler.go:1591	have processed broadcast	{"{round 20 2  <nil>}": {"Key":"from","Type":15,"Integer":0,"String":"a","Interface":null}}
2025-08-15T22:12:55.948-0500	DEBUG	protocol/handler.go:1591	have processed broadcast	{"{round 20 2  <nil>}": {"Key":"from","Type":15,"Integer":0,"String":"c","Interface":null}}
2025-08-15T22:12:55.948-0500	DEBUG	protocol/handler.go:1591	have processed broadcast	{"{round 20 2  <nil>}": {"Key":"from","Type":15,"Integer":0,"String":"d","Interface":null}}
2025-08-15T22:12:55.948-0500	DEBUG	protocol/handler.go:1649	have all messages and processed	{"{round 20 2  <nil>}": {"Key":"self","Type":15,"Integer":0,"String":"e","Interface":null}}
2025-08-15T22:12:55.948-0500	DEBUG	protocol/handler.go:1591	have processed broadcast	{"{round 20 2  <nil>}": {"Key":"from","Type":15,"Integer":0,"String":"b","Interface":null}}
2025-08-15T22:12:55.948-0500	DEBUG	protocol/handler.go:437	processing message	{"{from 15 0 d <nil>}": {"Key":"to","Type":15,"Integer":0,"String":"","Interface":null}, "{round 20 3  <nil>}": {"Key":"broadcast","Type":4,"Integer":1,"String":"","Interface":null}}
2025-08-15T22:12:55.948-0500	DEBUG	protocol/handler.go:1657	storing broadcast	{"{round 20 3  <nil>}": {"Key":"from","Type":15,"Integer":0,"String":"d","Interface":null}}
2025-08-15T22:12:55.948-0500	DEBUG	protocol/handler.go:1591	have processed broadcast	{"{round 20 2  <nil>}": {"Key":"from","Type":15,"Integer":0,"String":"d","Interface":null}}
2025-08-15T22:12:55.948-0500	DEBUG	protocol/handler.go:1591	have processed broadcast	{"{round 20 2  <nil>}": {"Key":"from","Type":15,"Integer":0,"String":"e","Interface":null}}
==================
WARNING: DATA RACE
Read at 0x00c0009cc0b8 by goroutine 299:
  github.com/luxfi/threshold/protocols/frost/keygen.(*round2).Number()
      <autogenerated>:1 +0x38
  github.com/luxfi/threshold/pkg/protocol.(*Handler).processMessage()
      /Users/z/work/lux/threshold/pkg/protocol/handler.go:469 +0x94c
  github.com/luxfi/threshold/pkg/protocol.(*Handler).messageWorker()
      /Users/z/work/lux/threshold/pkg/protocol/handler.go:408 +0x338
  github.com/luxfi/threshold/pkg/protocol.(*Handler).startWorkers.gowrap2()
      /Users/z/work/lux/threshold/pkg/protocol/handler.go:361 +0x44

Previous write at 0x00c0009cc0bc by goroutine 300:
  ??()
      -:0 +0x104ad5eb0
  sync/atomic.AddInt32()
      <autogenerated>:1 +0x14
  sync.(*Mutex).Unlock()
      /opt/homebrew/Cellar/go/1.24.6/libexec/src/sync/mutex.go:65 +0x2c
  github.com/luxfi/threshold/protocols/frost/keygen.(*round2).StoreBroadcastMessage()
      /Users/z/work/lux/threshold/protocols/frost/keygen/round2.go:62 +0x78
  github.com/luxfi/threshold/pkg/protocol.(*Handler).verifyBroadcastForRound()
      /Users/z/work/lux/threshold/pkg/protocol/handler.go:1277 +0x3a0
  github.com/luxfi/threshold/pkg/protocol.(*Handler).retryUnprocessedMessages()
      /Users/z/work/lux/threshold/pkg/protocol/handler.go:1483 +0x22c
  github.com/luxfi/threshold/pkg/protocol.(*Handler).tryAdvanceRound()
      /Users/z/work/lux/threshold/pkg/protocol/handler.go:587 +0x28c
  github.com/luxfi/threshold/pkg/protocol.(*Handler).processMessage()
      /Users/z/work/lux/threshold/pkg/protocol/handler.go:486 +0xbb0
  github.com/luxfi/threshold/pkg/protocol.(*Handler).messageWorker()
      /Users/z/work/lux/threshold/pkg/protocol/handler.go:408 +0x338
  github.com/luxfi/threshold/pkg/protocol.(*Handler).startWorkers.gowrap2()
      /Users/z/work/lux/threshold/pkg/protocol/handler.go:361 +0x44

Goroutine 299 (running) created at:
  github.com/luxfi/threshold/pkg/protocol.(*Handler).startWorkers()
      /Users/z/work/lux/threshold/pkg/protocol/handler.go:361 +0x334
  github.com/luxfi/threshold/pkg/protocol.NewHandler()
      /Users/z/work/lux/threshold/pkg/protocol/handler.go:247 +0xf10
  github.com/luxfi/threshold/internal/test.(*Harness).CreateHandler()
      /Users/z/work/lux/threshold/internal/test/harness.go:91 +0x2e4
  github.com/luxfi/threshold/protocols/frost.TestFrostKeygenOnly()
      /Users/z/work/lux/threshold/protocols/frost/simple_test.go:25 +0x200
  testing.tRunner()
      /opt/homebrew/Cellar/go/1.24.6/libexec/src/testing/testing.go:1792 +0x180
  testing.(*T).Run.gowrap1()
      /opt/homebrew/Cellar/go/1.24.6/libexec/src/testing/testing.go:1851 +0x40

Goroutine 300 (running) created at:
  github.com/luxfi/threshold/pkg/protocol.(*Handler).startWorkers()
      /Users/z/work/lux/threshold/pkg/protocol/handler.go:361 +0x334
  github.com/luxfi/threshold/pkg/protocol.NewHandler()
      /Users/z/work/lux/threshold/pkg/protocol/handler.go:247 +0xf10
  github.com/luxfi/threshold/internal/test.(*Harness).CreateHandler()
      /Users/z/work/lux/threshold/internal/test/harness.go:91 +0x2e4
  github.com/luxfi/threshold/protocols/frost.TestFrostKeygenOnly()
      /Users/z/work/lux/threshold/protocols/frost/simple_test.go:25 +0x200
  testing.tRunner()
      /opt/homebrew/Cellar/go/1.24.6/libexec/src/testing/testing.go:1792 +0x180
  testing.(*T).Run.gowrap1()
      /opt/homebrew/Cellar/go/1.24.6/libexec/src/testing/testing.go:1851 +0x40
==================
2025-08-15T22:12:55.948-0500	DEBUG	protocol/handler.go:1649	have all messages and processed	{"{round 20 2  <nil>}": {"Key":"self","Type":15,"Integer":0,"String":"c","Interface":null}}
2025-08-15T22:12:55.948-0500	DEBUG	protocol/handler.go:596	round already finalized
2025-08-15T22:12:55.948-0500	DEBUG	protocol/handler.go:470	message for different round (buffering)	{"{msg_round 20 3  <nil>}": {"Key":"current_round","Type":20,"Integer":2,"String":"","Interface":null}}
2025-08-15T22:12:55.949-0500	DEBUG	protocol/handler.go:581	tryAdvanceRound called	{"{current_round 20 2  <nil>}": {"Key":"self","Type":15,"Integer":0,"String":"b","Interface":null}}
==================
WARNING: DATA RACE
Write at 0x00c0009cc0bc by goroutine 293:
  ??()
      -:0 +0x104ada650
  sync/atomic.CompareAndSwapInt32()
      <autogenerated>:1 +0x18
  sync.(*Mutex).Lock()
      /opt/homebrew/Cellar/go/1.24.6/libexec/src/sync/mutex.go:46 +0x2c
  github.com/luxfi/threshold/protocols/frost/keygen.(*round2).StoreBroadcastMessage()
      /Users/z/work/lux/threshold/protocols/frost/keygen/round2.go:57 +0x58
  github.com/luxfi/threshold/pkg/protocol.(*Handler).verifyBroadcastForRound()
      /Users/z/work/lux/threshold/pkg/protocol/handler.go:1277 +0x3a0
  github.com/luxfi/threshold/pkg/protocol.(*Handler).retryUnprocessedMessages()
      /Users/z/work/lux/threshold/pkg/protocol/handler.go:1483 +0x22c
  github.com/luxfi/threshold/pkg/protocol.(*Handler).tryAdvanceRound()
      /Users/z/work/lux/threshold/pkg/protocol/handler.go:587 +0x28c
  github.com/luxfi/threshold/pkg/protocol.(*Handler).processMessage()
      /Users/z/work/lux/threshold/pkg/protocol/handler.go:474 +0xb70
  github.com/luxfi/threshold/pkg/protocol.(*Handler).messageWorker()
      /Users/z/work/lux/threshold/pkg/protocol/handler.go:408 +0x338
  github.com/luxfi/threshold/pkg/protocol.(*Handler).startWorkers.gowrap1()
      /Users/z/work/lux/threshold/pkg/protocol/handler.go:355 +0x44

Previous read at 0x00c0009cc0b8 by goroutine 299:
  github.com/luxfi/threshold/protocols/frost/keygen.(*round2).Number()
      <autogenerated>:1 +0x38
  github.com/luxfi/threshold/pkg/protocol.(*Handler).tryAdvanceRound()
      /Users/z/work/lux/threshold/pkg/protocol/handler.go:587 +0x280
  github.com/luxfi/threshold/pkg/protocol.(*Handler).processMessage()
      /Users/z/work/lux/threshold/pkg/protocol/handler.go:474 +0xb70
  github.com/luxfi/threshold/pkg/protocol.(*Handler).messageWorker()
      /Users/z/work/lux/threshold/pkg/protocol/handler.go:408 +0x338
  github.com/luxfi/threshold/pkg/protocol.(*Handler).startWorkers.gowrap2()
      /Users/z/work/lux/threshold/pkg/protocol/handler.go:361 +0x44

Goroutine 293 (running) created at:
  github.com/luxfi/threshold/pkg/protocol.(*Handler).startWorkers()
      /Users/z/work/lux/threshold/pkg/protocol/handler.go:355 +0x27c
  github.com/luxfi/threshold/pkg/protocol.NewHandler()
      /Users/z/work/lux/threshold/pkg/protocol/handler.go:247 +0xf10
  github.com/luxfi/threshold/internal/test.(*Harness).CreateHandler()
      /Users/z/work/lux/threshold/internal/test/harness.go:91 +0x2e4
  github.com/luxfi/threshold/protocols/frost.TestFrostKeygenOnly()
      /Users/z/work/lux/threshold/protocols/frost/simple_test.go:25 +0x200
  testing.tRunner()
      /opt/homebrew/Cellar/go/1.24.6/libexec/src/testing/testing.go:1792 +0x180
  testing.(*T).Run.gowrap1()
      /opt/homebrew/Cellar/go/1.24.6/libexec/src/testing/testing.go:1851 +0x40

Goroutine 299 (running) created at:
  github.com/luxfi/threshold/pkg/protocol.(*Handler).startWorkers()
      /Users/z/work/lux/threshold/pkg/protocol/handler.go:361 +0x334
  github.com/luxfi/threshold/pkg/protocol.NewHandler()
      /Users/z/work/lux/threshold/pkg/protocol/handler.go:247 +0xf10
  github.com/luxfi/threshold/internal/test.(*Harness).CreateHandler()
      /Users/z/work/lux/threshold/internal/test/harness.go:91 +0x2e4
  github.com/luxfi/threshold/protocols/frost.TestFrostKeygenOnly()
      /Users/z/work/lux/threshold/protocols/frost/simple_test.go:25 +0x200
  testing.tRunner()
      /opt/homebrew/Cellar/go/1.24.6/libexec/src/testing/testing.go:1792 +0x180
  testing.(*T).Run.gowrap1()
      /opt/homebrew/Cellar/go/1.24.6/libexec/src/testing/testing.go:1851 +0x40
==================
==================
WARNING: DATA RACE
Write at 0x00c000c820bc by goroutine 415:
  ??()
      -:0 +0x104ada650
  sync/atomic.CompareAndSwapInt32()
      <autogenerated>:1 +0x18
  sync.(*Mutex).Lock()
      /opt/homebrew/Cellar/go/1.24.6/libexec/src/sync/mutex.go:46 +0x2c
  github.com/luxfi/threshold/protocols/frost/keygen.(*round2).Finalize()
      /Users/z/work/lux/threshold/protocols/frost/keygen/round2.go:157 +0x784
  github.com/luxfi/threshold/pkg/protocol.(*Handler).finalizeRound.func1()
      /Users/z/work/lux/threshold/pkg/protocol/handler.go:1163 +0xe4

Previous read at 0x00c000c820b8 by goroutine 378:
  github.com/luxfi/threshold/protocols/frost/keygen.(*round2).Number()
      <autogenerated>:1 +0x38
  github.com/luxfi/threshold/pkg/protocol.(*Handler).tryAdvanceRound()
      /Users/z/work/lux/threshold/pkg/protocol/handler.go:596 +0x328
  github.com/luxfi/threshold/pkg/protocol.(*Handler).processMessage()
      /Users/z/work/lux/threshold/pkg/protocol/handler.go:474 +0xb70
  github.com/luxfi/threshold/pkg/protocol.(*Handler).messageWorker()
      /Users/z/work/lux/threshold/pkg/protocol/handler.go:408 +0x338
  github.com/luxfi/threshold/pkg/protocol.(*Handler).startWorkers.gowrap2()
      /Users/z/work/lux/threshold/pkg/protocol/handler.go:361 +0x44

Goroutine 415 (running) created at:
  github.com/luxfi/threshold/pkg/protocol.(*Handler).finalizeRound()
      /Users/z/work/lux/threshold/pkg/protocol/handler.go:1160 +0x26c
  github.com/luxfi/threshold/pkg/protocol.(*Handler).tryAdvanceRound()
      /Users/z/work/lux/threshold/pkg/protocol/handler.go:622 +0xae4
  github.com/luxfi/threshold/pkg/protocol.(*Handler).processMessage()
      /Users/z/work/lux/threshold/pkg/protocol/handler.go:474 +0xb70
  github.com/luxfi/threshold/pkg/protocol.(*Handler).messageWorker()
      /Users/z/work/lux/threshold/pkg/protocol/handler.go:408 +0x338
  github.com/luxfi/threshold/pkg/protocol.(*Handler).startWorkers.gowrap1()
      /Users/z/work/lux/threshold/pkg/protocol/handler.go:355 +0x44

Goroutine 378 (running) created at:
  github.com/luxfi/threshold/pkg/protocol.(*Handler).startWorkers()
      /Users/z/work/lux/threshold/pkg/protocol/handler.go:361 +0x334
  github.com/luxfi/threshold/pkg/protocol.NewHandler()
      /Users/z/work/lux/threshold/pkg/protocol/handler.go:247 +0xf10
  github.com/luxfi/threshold/internal/test.(*Harness).CreateHandler()
      /Users/z/work/lux/threshold/internal/test/harness.go:91 +0x2e4
  github.com/luxfi/threshold/protocols/frost.TestFrostKeygenOnly()
      /Users/z/work/lux/threshold/protocols/frost/simple_test.go:25 +0x200
  testing.tRunner()
      /opt/homebrew/Cellar/go/1.24.6/libexec/src/testing/testing.go:1792 +0x180
  testing.(*T).Run.gowrap1()
      /opt/homebrew/Cellar/go/1.24.6/libexec/src/testing/testing.go:1851 +0x40
==================
2025-08-15T22:12:55.950-0500	DEBUG	protocol/handler.go:1039	sendRoundMessage	{"{from 15 0 e <nil>}": {"Key":"to","Type":15,"Integer":0,"String":"","Interface":null}, "{round 20 3  <nil>}": {"Key":"broadcast","Type":4,"Integer":1,"String":"","Interface":null}}
2025-08-15T22:12:55.950-0500	DEBUG	protocol/handler.go:1657	storing broadcast	{"{round 20 3  <nil>}": {"Key":"from","Type":15,"Integer":0,"String":"e","Interface":null}}
2025-08-15T22:12:55.950-0500	DEBUG	protocol/handler.go:1081	sent message to output channel	{"{from 15 0 e <nil>}": {"Key":"to","Type":15,"Integer":0,"String":"","Interface":null}, "{round 20 3  <nil>}": {"Key":"broadcast","Type":4,"Integer":1,"String":"","Interface":null}}
2025-08-15T22:12:55.950-0500	DEBUG	protocol/handler.go:1039	sendRoundMessage	{"{from 15 0 e <nil>}": {"Key":"to","Type":15,"Integer":0,"String":"a","Interface":null}, "{round 20 3  <nil>}": {"Key":"broadcast","Type":4,"Integer":0,"String":"","Interface":null}}
2025-08-15T22:12:55.950-0500	DEBUG	protocol/handler.go:1081	sent message to output channel	{"{from 15 0 e <nil>}": {"Key":"to","Type":15,"Integer":0,"String":"a","Interface":null}, "{round 20 3  <nil>}": {"Key":"broadcast","Type":4,"Integer":0,"String":"","Interface":null}}
2025-08-15T22:12:55.950-0500	DEBUG	protocol/handler.go:1039	sendRoundMessage	{"{from 15 0 e <nil>}": {"Key":"to","Type":15,"Integer":0,"String":"b","Interface":null}, "{round 20 3  <nil>}": {"Key":"broadcast","Type":4,"Integer":0,"String":"","Interface":null}}
2025-08-15T22:12:55.950-0500	DEBUG	protocol/handler.go:1081	sent message to output channel	{"{from 15 0 e <nil>}": {"Key":"to","Type":15,"Integer":0,"String":"b","Interface":null}, "{round 20 3  <nil>}": {"Key":"broadcast","Type":4,"Integer":0,"String":"","Interface":null}}
2025-08-15T22:12:55.950-0500	DEBUG	protocol/handler.go:1039	sendRoundMessage	{"{from 15 0 e <nil>}": {"Key":"to","Type":15,"Integer":0,"String":"c","Interface":null}, "{round 20 3  <nil>}": {"Key":"broadcast","Type":4,"Integer":0,"String":"","Interface":null}}
2025-08-15T22:12:55.950-0500	DEBUG	protocol/handler.go:1081	sent message to output channel	{"{from 15 0 e <nil>}": {"Key":"to","Type":15,"Integer":0,"String":"c","Interface":null}, "{round 20 3  <nil>}": {"Key":"broadcast","Type":4,"Integer":0,"String":"","Interface":null}}
2025-08-15T22:12:55.950-0500	DEBUG	protocol/handler.go:1039	sendRoundMessage	{"{from 15 0 e <nil>}": {"Key":"to","Type":15,"Integer":0,"String":"d","Interface":null}, "{round 20 3  <nil>}": {"Key":"broadcast","Type":4,"Integer":0,"String":"","Interface":null}}
2025-08-15T22:12:55.954-0500	DEBUG	protocol/handler.go:432	processMessage: p2p round 3 START	{"{from 15 0 d <nil>}": {"Key":"to","Type":15,"Integer":0,"String":"a","Interface":null}}
2025-08-15T22:12:55.954-0500	DEBUG	protocol/handler.go:437	processing message	{"{from 15 0 d <nil>}": {"Key":"to","Type":15,"Integer":0,"String":"a","Interface":null}, "{round 20 3  <nil>}": {"Key":"broadcast","Type":4,"Integer":0,"String":"","Interface":null}}
2025-08-15T22:12:55.954-0500	DEBUG	protocol/handler.go:1662	storing message	{"{round 20 3  <nil>}": {"Key":"from","Type":15,"Integer":0,"String":"d","Interface":null}}
2025-08-15T22:12:55.954-0500	DEBUG	protocol/handler.go:581	tryAdvanceRound called	{"{current_round 20 3  <nil>}": {"Key":"self","Type":15,"Integer":0,"String":"a","Interface":null}}
2025-08-15T22:12:55.954-0500	DEBUG	protocol/handler.go:1306	waiting for broadcast before normal message
2025-08-15T22:12:55.954-0500	DEBUG	protocol/handler.go:1600	waiting for broadcasts	{"{round 20 3  <nil>}": {"Key":"missing","Type":15,"Integer":0,"String":"[b c d e]","Interface":null}}
==================
WARNING: DATA RACE
Read at 0x00c0009cc0b8 by goroutine 293:
  github.com/luxfi/threshold/protocols/frost/keygen.(*round2).Number()
      <autogenerated>:1 +0x38
  github.com/luxfi/threshold/pkg/protocol.(*Handler).hasAllMessages()
      /Users/z/work/lux/threshold/pkg/protocol/handler.go:1570 +0x40
  github.com/luxfi/threshold/pkg/protocol.(*Handler).tryAdvanceRound()
      /Users/z/work/lux/threshold/pkg/protocol/handler.go:589 +0x29c
  github.com/luxfi/threshold/pkg/protocol.(*Handler).processMessage()
      /Users/z/work/lux/threshold/pkg/protocol/handler.go:474 +0xb70
  github.com/luxfi/threshold/pkg/protocol.(*Handler).messageWorker()
      /Users/z/work/lux/threshold/pkg/protocol/handler.go:408 +0x338
  github.com/luxfi/threshold/pkg/protocol.(*Handler).startWorkers.gowrap1()
      /Users/z/work/lux/threshold/pkg/protocol/handler.go:355 +0x44

Previous write at 0x00c0009cc0bc by goroutine 299:
  ??()
      -:0 +0x104ad5eb0
  sync/atomic.AddInt32()
      <autogenerated>:1 +0x14
  sync.(*Mutex).Unlock()
      /opt/homebrew/Cellar/go/1.24.6/libexec/src/sync/mutex.go:65 +0x2c
  github.com/luxfi/threshold/protocols/frost/keygen.(*round2).StoreBroadcastMessage()
      /Users/z/work/lux/threshold/protocols/frost/keygen/round2.go:62 +0x78
  github.com/luxfi/threshold/pkg/protocol.(*Handler).verifyBroadcastForRound()
      /Users/z/work/lux/threshold/pkg/protocol/handler.go:1277 +0x3a0
  github.com/luxfi/threshold/pkg/protocol.(*Handler).retryUnprocessedMessages()
      /Users/z/work/lux/threshold/pkg/protocol/handler.go:1483 +0x22c
  github.com/luxfi/threshold/pkg/protocol.(*Handler).tryAdvanceRound()
      /Users/z/work/lux/threshold/pkg/protocol/handler.go:587 +0x28c
  github.com/luxfi/threshold/pkg/protocol.(*Handler).processMessage()
      /Users/z/work/lux/threshold/pkg/protocol/handler.go:474 +0xb70
  github.com/luxfi/threshold/pkg/protocol.(*Handler).messageWorker()
      /Users/z/work/lux/threshold/pkg/protocol/handler.go:408 +0x338
  github.com/luxfi/threshold/pkg/protocol.(*Handler).startWorkers.gowrap2()
      /Users/z/work/lux/threshold/pkg/protocol/handler.go:361 +0x44

Goroutine 293 (running) created at:
  github.com/luxfi/threshold/pkg/protocol.(*Handler).startWorkers()
      /Users/z/work/lux/threshold/pkg/protocol/handler.go:355 +0x27c
  github.com/luxfi/threshold/pkg/protocol.NewHandler()
      /Users/z/work/lux/threshold/pkg/protocol/handler.go:247 +0xf10
  github.com/luxfi/threshold/internal/test.(*Harness).CreateHandler()
      /Users/z/work/lux/threshold/internal/test/harness.go:91 +0x2e4
  github.com/luxfi/threshold/protocols/frost.TestFrostKeygenOnly()
      /Users/z/work/lux/threshold/protocols/frost/simple_test.go:25 +0x200
  testing.tRunner()
      /opt/homebrew/Cellar/go/1.24.6/libexec/src/testing/testing.go:1792 +0x180
  testing.(*T).Run.gowrap1()
      /opt/homebrew/Cellar/go/1.24.6/libexec/src/testing/testing.go:1851 +0x40

Goroutine 299 (running) created at:
  github.com/luxfi/threshold/pkg/protocol.(*Handler).startWorkers()
      /Users/z/work/lux/threshold/pkg/protocol/handler.go:361 +0x334
  github.com/luxfi/threshold/pkg/protocol.NewHandler()
      /Users/z/work/lux/threshold/pkg/protocol/handler.go:247 +0xf10
  github.com/luxfi/threshold/internal/test.(*Harness).CreateHandler()
      /Users/z/work/lux/threshold/internal/test/harness.go:91 +0x2e4
  github.com/luxfi/threshold/protocols/frost.TestFrostKeygenOnly()
      /Users/z/work/lux/threshold/protocols/frost/simple_test.go:25 +0x200
  testing.tRunner()
      /opt/homebrew/Cellar/go/1.24.6/libexec/src/testing/testing.go:1792 +0x180
  testing.(*T).Run.gowrap1()
      /opt/homebrew/Cellar/go/1.24.6/libexec/src/testing/testing.go:1851 +0x40
==================
2025-08-15T22:12:55.955-0500	DEBUG	protocol/handler.go:1591	have processed broadcast	{"{round 20 2  <nil>}": {"Key":"from","Type":15,"Integer":0,"String":"a","Interface":null}}
2025-08-15T22:12:55.955-0500	DEBUG	protocol/handler.go:1591	have processed broadcast	{"{round 20 2  <nil>}": {"Key":"from","Type":15,"Integer":0,"String":"c","Interface":null}}
2025-08-15T22:12:55.955-0500	DEBUG	protocol/handler.go:1591	have processed broadcast	{"{round 20 2  <nil>}": {"Key":"from","Type":15,"Integer":0,"String":"d","Interface":null}}
2025-08-15T22:12:55.955-0500	DEBUG	protocol/handler.go:1591	have processed broadcast	{"{round 20 2  <nil>}": {"Key":"from","Type":15,"Integer":0,"String":"e","Interface":null}}
2025-08-15T22:12:55.955-0500	DEBUG	protocol/handler.go:1649	have all messages and processed	{"{round 20 2  <nil>}": {"Key":"self","Type":15,"Integer":0,"String":"b","Interface":null}}
2025-08-15T22:12:55.955-0500	DEBUG	protocol/handler.go:619	finalizing round
2025-08-15T22:12:55.956-0500	DEBUG	protocol/handler.go:1039	sendRoundMessage	{"{from 15 0 b <nil>}": {"Key":"to","Type":15,"Integer":0,"String":"","Interface":null}, "{round 20 3  <nil>}": {"Key":"broadcast","Type":4,"Integer":1,"String":"","Interface":null}}
2025-08-15T22:12:55.956-0500	DEBUG	protocol/handler.go:1657	storing broadcast	{"{round 20 3  <nil>}": {"Key":"from","Type":15,"Integer":0,"String":"b","Interface":null}}
2025-08-15T22:12:55.956-0500	DEBUG	protocol/handler.go:1081	sent message to output channel	{"{from 15 0 b <nil>}": {"Key":"to","Type":15,"Integer":0,"String":"","Interface":null}, "{round 20 3  <nil>}": {"Key":"broadcast","Type":4,"Integer":1,"String":"","Interface":null}}
2025-08-15T22:12:55.956-0500	DEBUG	protocol/handler.go:1039	sendRoundMessage	{"{from 15 0 b <nil>}": {"Key":"to","Type":15,"Integer":0,"String":"a","Interface":null}, "{round 20 3  <nil>}": {"Key":"broadcast","Type":4,"Integer":0,"String":"","Interface":null}}
2025-08-15T22:12:55.956-0500	DEBUG	protocol/handler.go:1081	sent message to output channel	{"{from 15 0 b <nil>}": {"Key":"to","Type":15,"Integer":0,"String":"a","Interface":null}, "{round 20 3  <nil>}": {"Key":"broadcast","Type":4,"Integer":0,"String":"","Interface":null}}
2025-08-15T22:12:55.956-0500	DEBUG	protocol/handler.go:1039	sendRoundMessage	{"{from 15 0 b <nil>}": {"Key":"to","Type":15,"Integer":0,"String":"c","Interface":null}, "{round 20 3  <nil>}": {"Key":"broadcast","Type":4,"Integer":0,"String":"","Interface":null}}
2025-08-15T22:12:55.956-0500	DEBUG	protocol/handler.go:1081	sent message to output channel	{"{from 15 0 b <nil>}": {"Key":"to","Type":15,"Integer":0,"String":"c","Interface":null}, "{round 20 3  <nil>}": {"Key":"broadcast","Type":4,"Integer":0,"String":"","Interface":null}}
2025-08-15T22:12:55.956-0500	DEBUG	protocol/handler.go:1039	sendRoundMessage	{"{from 15 0 b <nil>}": {"Key":"to","Type":15,"Integer":0,"String":"d","Interface":null}, "{round 20 3  <nil>}": {"Key":"broadcast","Type":4,"Integer":0,"String":"","Interface":null}}
2025-08-15T22:12:55.956-0500	DEBUG	protocol/handler.go:1081	sent message to output channel	{"{from 15 0 b <nil>}": {"Key":"to","Type":15,"Integer":0,"String":"d","Interface":null}, "{round 20 3  <nil>}": {"Key":"broadcast","Type":4,"Integer":0,"String":"","Interface":null}}
==================
WARNING: DATA RACE
Read at 0x00c000c820b8 by goroutine 382:
  github.com/luxfi/threshold/protocols/frost/keygen.(*round2).Number()
      <autogenerated>:1 +0x38
  github.com/luxfi/threshold/pkg/protocol.(*Handler).roundProcessor()
      /Users/z/work/lux/threshold/pkg/protocol/handler.go:550 +0x1d4
  github.com/luxfi/threshold/pkg/protocol.(*Handler).startWorkers.func1()
      /Users/z/work/lux/threshold/pkg/protocol/handler.go:374 +0x78

Previous write at 0x00c000c820b8 by goroutine 415:
  github.com/luxfi/threshold/protocols/frost/keygen.(*round2).Finalize()
      /Users/z/work/lux/threshold/protocols/frost/keygen/round2.go:158 +0x78c
  github.com/luxfi/threshold/pkg/protocol.(*Handler).finalizeRound.func1()
      /Users/z/work/lux/threshold/pkg/protocol/handler.go:1163 +0xe4

Goroutine 382 (running) created at:
  github.com/luxfi/threshold/pkg/protocol.(*Handler).startWorkers()
      /Users/z/work/lux/threshold/pkg/protocol/handler.go:372 +0x4fc
  github.com/luxfi/threshold/pkg/protocol.NewHandler()
      /Users/z/work/lux/threshold/pkg/protocol/handler.go:247 +0xf10
  github.com/luxfi/threshold/internal/test.(*Harness).CreateHandler()
      /Users/z/work/lux/threshold/internal/test/harness.go:91 +0x2e4
  github.com/luxfi/threshold/protocols/frost.TestFrostKeygenOnly()
      /Users/z/work/lux/threshold/protocols/frost/simple_test.go:25 +0x200
  testing.tRunner()
      /opt/homebrew/Cellar/go/1.24.6/libexec/src/testing/testing.go:1792 +0x180
  testing.(*T).Run.gowrap1()
      /opt/homebrew/Cellar/go/1.24.6/libexec/src/testing/testing.go:1851 +0x40

Goroutine 415 (finished) created at:
  github.com/luxfi/threshold/pkg/protocol.(*Handler).finalizeRound()
      /Users/z/work/lux/threshold/pkg/protocol/handler.go:1160 +0x26c
  github.com/luxfi/threshold/pkg/protocol.(*Handler).tryAdvanceRound()
      /Users/z/work/lux/threshold/pkg/protocol/handler.go:622 +0xae4
  github.com/luxfi/threshold/pkg/protocol.(*Handler).processMessage()
      /Users/z/work/lux/threshold/pkg/protocol/handler.go:474 +0xb70
  github.com/luxfi/threshold/pkg/protocol.(*Handler).messageWorker()
      /Users/z/work/lux/threshold/pkg/protocol/handler.go:408 +0x338
  github.com/luxfi/threshold/pkg/protocol.(*Handler).startWorkers.gowrap1()
      /Users/z/work/lux/threshold/pkg/protocol/handler.go:355 +0x44
==================
2025-08-15T22:12:55.956-0500	DEBUG	protocol/handler.go:437	processing message	{"{from 15 0 a <nil>}": {"Key":"to","Type":15,"Integer":0,"String":"","Interface":null}, "{round 20 3  <nil>}": {"Key":"broadcast","Type":4,"Integer":1,"String":"","Interface":null}}
2025-08-15T22:12:55.956-0500	DEBUG	protocol/handler.go:1657	storing broadcast	{"{round 20 3  <nil>}": {"Key":"from","Type":15,"Integer":0,"String":"a","Interface":null}}
2025-08-15T22:12:55.956-0500	DEBUG	protocol/handler.go:470	message for different round (buffering)	{"{msg_round 20 3  <nil>}": {"Key":"current_round","Type":20,"Integer":2,"String":"","Interface":null}}
2025-08-15T22:12:55.957-0500	DEBUG	protocol/handler.go:581	tryAdvanceRound called	{"{current_round 20 2  <nil>}": {"Key":"self","Type":15,"Integer":0,"String":"e","Interface":null}}
2025-08-15T22:12:55.957-0500	DEBUG	protocol/handler.go:1591	have processed broadcast	{"{round 20 2  <nil>}": {"Key":"from","Type":15,"Integer":0,"String":"a","Interface":null}}
2025-08-15T22:12:55.957-0500	DEBUG	protocol/handler.go:1591	have processed broadcast	{"{round 20 2  <nil>}": {"Key":"from","Type":15,"Integer":0,"String":"b","Interface":null}}
2025-08-15T22:12:55.957-0500	DEBUG	protocol/handler.go:1591	have processed broadcast	{"{round 20 2  <nil>}": {"Key":"from","Type":15,"Integer":0,"String":"c","Interface":null}}
2025-08-15T22:12:55.957-0500	DEBUG	protocol/handler.go:1591	have processed broadcast	{"{round 20 2  <nil>}": {"Key":"from","Type":15,"Integer":0,"String":"d","Interface":null}}
2025-08-15T22:12:55.957-0500	DEBUG	protocol/handler.go:1649	have all messages and processed	{"{round 20 2  <nil>}": {"Key":"self","Type":15,"Integer":0,"String":"e","Interface":null}}
2025-08-15T22:12:55.957-0500	DEBUG	protocol/handler.go:596	round already finalized
2025-08-15T22:12:55.957-0500	INFO	protocol/handler.go:560	advanced to round
2025-08-15T22:12:55.957-0500	DEBUG	protocol/handler.go:581	tryAdvanceRound called	{"{current_round 20 3  <nil>}": {"Key":"self","Type":15,"Integer":0,"String":"a","Interface":null}}
2025-08-15T22:12:55.957-0500	DEBUG	protocol/handler.go:1306	waiting for broadcast before normal message
2025-08-15T22:12:55.957-0500	DEBUG	protocol/handler.go:1600	waiting for broadcasts	{"{round 20 3  <nil>}": {"Key":"missing","Type":15,"Integer":0,"String":"[b c d e]","Interface":null}}
2025-08-15T22:12:55.957-0500	DEBUG	protocol/handler.go:437	processing message	{"{from 15 0 a <nil>}": {"Key":"to","Type":15,"Integer":0,"String":"","Interface":null}, "{round 20 3  <nil>}": {"Key":"broadcast","Type":4,"Integer":1,"String":"","Interface":null}}
2025-08-15T22:12:55.957-0500	DEBUG	protocol/handler.go:1657	storing broadcast	{"{round 20 3  <nil>}": {"Key":"from","Type":15,"Integer":0,"String":"a","Interface":null}}
2025-08-15T22:12:55.957-0500	DEBUG	protocol/handler.go:470	message for different round (buffering)	{"{msg_round 20 3  <nil>}": {"Key":"current_round","Type":20,"Integer":2,"String":"","Interface":null}}
2025-08-15T22:12:55.957-0500	DEBUG	protocol/handler.go:581	tryAdvanceRound called	{"{current_round 20 2  <nil>}": {"Key":"self","Type":15,"Integer":0,"String":"b","Interface":null}}
2025-08-15T22:12:55.957-0500	DEBUG	protocol/handler.go:1591	have processed broadcast	{"{round 20 2  <nil>}": {"Key":"from","Type":15,"Integer":0,"String":"a","Interface":null}}
2025-08-15T22:12:55.957-0500	DEBUG	protocol/handler.go:1591	have processed broadcast	{"{round 20 2  <nil>}": {"Key":"from","Type":15,"Integer":0,"String":"c","Interface":null}}
2025-08-15T22:12:55.957-0500	DEBUG	protocol/handler.go:1591	have processed broadcast	{"{round 20 2  <nil>}": {"Key":"from","Type":15,"Integer":0,"String":"d","Interface":null}}
2025-08-15T22:12:55.957-0500	DEBUG	protocol/handler.go:1591	have processed broadcast	{"{round 20 2  <nil>}": {"Key":"from","Type":15,"Integer":0,"String":"e","Interface":null}}
2025-08-15T22:12:55.957-0500	DEBUG	protocol/handler.go:1649	have all messages and processed	{"{round 20 2  <nil>}": {"Key":"self","Type":15,"Integer":0,"String":"b","Interface":null}}
2025-08-15T22:12:55.958-0500	DEBUG	protocol/handler.go:596	round already finalized
2025-08-15T22:12:55.958-0500	DEBUG	protocol/handler.go:437	processing message	{"{from 15 0 a <nil>}": {"Key":"to","Type":15,"Integer":0,"String":"","Interface":null}, "{round 20 3  <nil>}": {"Key":"broadcast","Type":4,"Integer":1,"String":"","Interface":null}}
2025-08-15T22:12:55.958-0500	DEBUG	protocol/handler.go:1657	storing broadcast	{"{round 20 3  <nil>}": {"Key":"from","Type":15,"Integer":0,"String":"a","Interface":null}}
2025-08-15T22:12:55.958-0500	DEBUG	protocol/handler.go:470	message for different round (buffering)	{"{msg_round 20 3  <nil>}": {"Key":"current_round","Type":20,"Integer":2,"String":"","Interface":null}}
2025-08-15T22:12:55.958-0500	DEBUG	protocol/handler.go:581	tryAdvanceRound called	{"{current_round 20 2  <nil>}": {"Key":"self","Type":15,"Integer":0,"String":"c","Interface":null}}
2025-08-15T22:12:55.958-0500	DEBUG	protocol/handler.go:1591	have processed broadcast	{"{round 20 2  <nil>}": {"Key":"from","Type":15,"Integer":0,"String":"a","Interface":null}}
2025-08-15T22:12:55.958-0500	DEBUG	protocol/handler.go:1591	have processed broadcast	{"{round 20 2  <nil>}": {"Key":"from","Type":15,"Integer":0,"String":"b","Interface":null}}
2025-08-15T22:12:55.958-0500	DEBUG	protocol/handler.go:1591	have processed broadcast	{"{round 20 2  <nil>}": {"Key":"from","Type":15,"Integer":0,"String":"d","Interface":null}}
2025-08-15T22:12:55.958-0500	DEBUG	protocol/handler.go:1591	have processed broadcast	{"{round 20 2  <nil>}": {"Key":"from","Type":15,"Integer":0,"String":"e","Interface":null}}
2025-08-15T22:12:55.958-0500	DEBUG	protocol/handler.go:1649	have all messages and processed	{"{round 20 2  <nil>}": {"Key":"self","Type":15,"Integer":0,"String":"c","Interface":null}}
2025-08-15T22:12:55.958-0500	DEBUG	protocol/handler.go:596	round already finalized
2025-08-15T22:12:55.958-0500	DEBUG	protocol/handler.go:432	processMessage: p2p round 3 START	{"{from 15 0 a <nil>}": {"Key":"to","Type":15,"Integer":0,"String":"d","Interface":null}}
2025-08-15T22:12:55.958-0500	DEBUG	protocol/handler.go:437	processing message	{"{from 15 0 a <nil>}": {"Key":"to","Type":15,"Integer":0,"String":"d","Interface":null}, "{round 20 3  <nil>}": {"Key":"broadcast","Type":4,"Integer":0,"String":"","Interface":null}}
2025-08-15T22:12:55.958-0500	DEBUG	protocol/handler.go:1662	storing message	{"{round 20 3  <nil>}": {"Key":"from","Type":15,"Integer":0,"String":"a","Interface":null}}
2025-08-15T22:12:55.958-0500	DEBUG	protocol/handler.go:581	tryAdvanceRound called	{"{current_round 20 3  <nil>}": {"Key":"self","Type":15,"Integer":0,"String":"d","Interface":null}}
2025-08-15T22:12:55.958-0500	DEBUG	protocol/handler.go:1306	waiting for broadcast before normal message
2025-08-15T22:12:55.958-0500	DEBUG	protocol/handler.go:1600	waiting for broadcasts	{"{round 20 3  <nil>}": {"Key":"missing","Type":15,"Integer":0,"String":"[a b c e]","Interface":null}}
2025-08-15T22:12:55.958-0500	DEBUG	protocol/handler.go:432	processMessage: p2p round 3 START	{"{from 15 0 a <nil>}": {"Key":"to","Type":15,"Integer":0,"String":"e","Interface":null}}
2025-08-15T22:12:55.958-0500	DEBUG	protocol/handler.go:437	processing message	{"{from 15 0 a <nil>}": {"Key":"to","Type":15,"Integer":0,"String":"e","Interface":null}, "{round 20 3  <nil>}": {"Key":"broadcast","Type":4,"Integer":0,"String":"","Interface":null}}
2025-08-15T22:12:55.958-0500	DEBUG	protocol/handler.go:1662	storing message	{"{round 20 3  <nil>}": {"Key":"from","Type":15,"Integer":0,"String":"a","Interface":null}}
2025-08-15T22:12:55.958-0500	DEBUG	protocol/handler.go:470	message for different round (buffering)	{"{msg_round 20 3  <nil>}": {"Key":"current_round","Type":20,"Integer":2,"String":"","Interface":null}}
2025-08-15T22:12:55.959-0500	DEBUG	protocol/handler.go:581	tryAdvanceRound called	{"{current_round 20 2  <nil>}": {"Key":"self","Type":15,"Integer":0,"String":"e","Interface":null}}
2025-08-15T22:12:55.959-0500	DEBUG	protocol/handler.go:1591	have processed broadcast	{"{round 20 2  <nil>}": {"Key":"from","Type":15,"Integer":0,"String":"a","Interface":null}}
2025-08-15T22:12:55.959-0500	DEBUG	protocol/handler.go:1591	have processed broadcast	{"{round 20 2  <nil>}": {"Key":"from","Type":15,"Integer":0,"String":"b","Interface":null}}
2025-08-15T22:12:55.959-0500	DEBUG	protocol/handler.go:1591	have processed broadcast	{"{round 20 2  <nil>}": {"Key":"from","Type":15,"Integer":0,"String":"c","Interface":null}}
2025-08-15T22:12:55.959-0500	DEBUG	protocol/handler.go:1591	have processed broadcast	{"{round 20 2  <nil>}": {"Key":"from","Type":15,"Integer":0,"String":"d","Interface":null}}
2025-08-15T22:12:55.959-0500	DEBUG	protocol/handler.go:1649	have all messages and processed	{"{round 20 2  <nil>}": {"Key":"self","Type":15,"Integer":0,"String":"e","Interface":null}}
2025-08-15T22:12:55.959-0500	DEBUG	protocol/handler.go:596	round already finalized
2025-08-15T22:12:55.959-0500	DEBUG	protocol/handler.go:432	processMessage: p2p round 3 START	{"{from 15 0 a <nil>}": {"Key":"to","Type":15,"Integer":0,"String":"b","Interface":null}}
2025-08-15T22:12:55.959-0500	DEBUG	protocol/handler.go:437	processing message	{"{from 15 0 a <nil>}": {"Key":"to","Type":15,"Integer":0,"String":"b","Interface":null}, "{round 20 3  <nil>}": {"Key":"broadcast","Type":4,"Integer":0,"String":"","Interface":null}}
2025-08-15T22:12:55.959-0500	DEBUG	protocol/handler.go:1662	storing message	{"{round 20 3  <nil>}": {"Key":"from","Type":15,"Integer":0,"String":"a","Interface":null}}
2025-08-15T22:12:55.959-0500	DEBUG	protocol/handler.go:470	message for different round (buffering)	{"{msg_round 20 3  <nil>}": {"Key":"current_round","Type":20,"Integer":2,"String":"","Interface":null}}
2025-08-15T22:12:55.959-0500	DEBUG	protocol/handler.go:581	tryAdvanceRound called	{"{current_round 20 2  <nil>}": {"Key":"self","Type":15,"Integer":0,"String":"b","Interface":null}}
2025-08-15T22:12:55.959-0500	DEBUG	protocol/handler.go:1591	have processed broadcast	{"{round 20 2  <nil>}": {"Key":"from","Type":15,"Integer":0,"String":"a","Interface":null}}
2025-08-15T22:12:55.959-0500	DEBUG	protocol/handler.go:1591	have processed broadcast	{"{round 20 2  <nil>}": {"Key":"from","Type":15,"Integer":0,"String":"c","Interface":null}}
2025-08-15T22:12:55.959-0500	DEBUG	protocol/handler.go:1591	have processed broadcast	{"{round 20 2  <nil>}": {"Key":"from","Type":15,"Integer":0,"String":"d","Interface":null}}
2025-08-15T22:12:55.959-0500	DEBUG	protocol/handler.go:1591	have processed broadcast	{"{round 20 2  <nil>}": {"Key":"from","Type":15,"Integer":0,"String":"e","Interface":null}}
2025-08-15T22:12:55.959-0500	DEBUG	protocol/handler.go:1649	have all messages and processed	{"{round 20 2  <nil>}": {"Key":"self","Type":15,"Integer":0,"String":"b","Interface":null}}
2025-08-15T22:12:55.959-0500	DEBUG	protocol/handler.go:596	round already finalized
2025-08-15T22:12:55.959-0500	DEBUG	protocol/handler.go:432	processMessage: p2p round 3 START	{"{from 15 0 a <nil>}": {"Key":"to","Type":15,"Integer":0,"String":"c","Interface":null}}
2025-08-15T22:12:55.959-0500	DEBUG	protocol/handler.go:437	processing message	{"{from 15 0 a <nil>}": {"Key":"to","Type":15,"Integer":0,"String":"c","Interface":null}, "{round 20 3  <nil>}": {"Key":"broadcast","Type":4,"Integer":0,"String":"","Interface":null}}
2025-08-15T22:12:55.959-0500	DEBUG	protocol/handler.go:1662	storing message	{"{round 20 3  <nil>}": {"Key":"from","Type":15,"Integer":0,"String":"a","Interface":null}}
2025-08-15T22:12:55.960-0500	DEBUG	protocol/handler.go:470	message for different round (buffering)	{"{msg_round 20 3  <nil>}": {"Key":"current_round","Type":20,"Integer":2,"String":"","Interface":null}}
2025-08-15T22:12:55.960-0500	DEBUG	protocol/handler.go:581	tryAdvanceRound called	{"{current_round 20 2  <nil>}": {"Key":"self","Type":15,"Integer":0,"String":"c","Interface":null}}
2025-08-15T22:12:55.960-0500	DEBUG	protocol/handler.go:1591	have processed broadcast	{"{round 20 2  <nil>}": {"Key":"from","Type":15,"Integer":0,"String":"a","Interface":null}}
2025-08-15T22:12:55.960-0500	DEBUG	protocol/handler.go:1591	have processed broadcast	{"{round 20 2  <nil>}": {"Key":"from","Type":15,"Integer":0,"String":"b","Interface":null}}
2025-08-15T22:12:55.960-0500	DEBUG	protocol/handler.go:1591	have processed broadcast	{"{round 20 2  <nil>}": {"Key":"from","Type":15,"Integer":0,"String":"d","Interface":null}}
2025-08-15T22:12:55.960-0500	DEBUG	protocol/handler.go:1591	have processed broadcast	{"{round 20 2  <nil>}": {"Key":"from","Type":15,"Integer":0,"String":"e","Interface":null}}
2025-08-15T22:12:55.960-0500	DEBUG	protocol/handler.go:1649	have all messages and processed	{"{round 20 2  <nil>}": {"Key":"self","Type":15,"Integer":0,"String":"c","Interface":null}}
2025-08-15T22:12:55.960-0500	DEBUG	protocol/handler.go:596	round already finalized
2025-08-15T22:12:55.960-0500	DEBUG	protocol/handler.go:437	processing message	{"{from 15 0 a <nil>}": {"Key":"to","Type":15,"Integer":0,"String":"","Interface":null}, "{round 20 3  <nil>}": {"Key":"broadcast","Type":4,"Integer":1,"String":"","Interface":null}}
2025-08-15T22:12:55.960-0500	DEBUG	protocol/handler.go:1657	storing broadcast	{"{round 20 3  <nil>}": {"Key":"from","Type":15,"Integer":0,"String":"a","Interface":null}}
2025-08-15T22:12:55.960-0500	DEBUG	protocol/handler.go:581	tryAdvanceRound called	{"{current_round 20 3  <nil>}": {"Key":"self","Type":15,"Integer":0,"String":"d","Interface":null}}
2025-08-15T22:12:55.961-0500	DEBUG	protocol/handler.go:1591	have processed broadcast	{"{round 20 2  <nil>}": {"Key":"from","Type":15,"Integer":0,"String":"a","Interface":null}}
2025-08-15T22:12:55.961-0500	DEBUG	protocol/handler.go:1591	have processed broadcast	{"{round 20 2  <nil>}": {"Key":"from","Type":15,"Integer":0,"String":"c","Interface":null}}
2025-08-15T22:12:55.961-0500	DEBUG	protocol/handler.go:1591	have processed broadcast	{"{round 20 2  <nil>}": {"Key":"from","Type":15,"Integer":0,"String":"d","Interface":null}}
2025-08-15T22:12:55.961-0500	DEBUG	protocol/handler.go:1591	have processed broadcast	{"{round 20 2  <nil>}": {"Key":"from","Type":15,"Integer":0,"String":"e","Interface":null}}
==================
WARNING: DATA RACE
Write at 0x00c0006fbb8c by goroutine 414:
  ??()
      -:0 +0x104ada650
  sync/atomic.CompareAndSwapInt32()
      <autogenerated>:1 +0x18
  sync.(*Mutex).Lock()
      /opt/homebrew/Cellar/go/1.24.6/libexec/src/sync/mutex.go:46 +0x2c
  github.com/luxfi/threshold/protocols/frost/keygen.(*round2).StoreBroadcastMessage()
      /Users/z/work/lux/threshold/protocols/frost/keygen/round2.go:57 +0x58
  github.com/luxfi/threshold/pkg/protocol.(*Handler).verifyBroadcastForRound()
      /Users/z/work/lux/threshold/pkg/protocol/handler.go:1277 +0x3a0
  github.com/luxfi/threshold/pkg/protocol.(*Handler).processQueuedMessages()
      /Users/z/work/lux/threshold/pkg/protocol/handler.go:1513 +0x718
  github.com/luxfi/threshold/pkg/protocol.(*Handler).tryAdvanceRound.gowrap2()
      /Users/z/work/lux/threshold/pkg/protocol/handler.go:673 +0x40

Previous read at 0x00c0006fbb88 by goroutine 271:
  github.com/luxfi/threshold/protocols/frost/keygen.(*round2).Number()
      <autogenerated>:1 +0x38
  github.com/luxfi/threshold/pkg/protocol.(*Handler).tryAdvanceRound()
      /Users/z/work/lux/threshold/pkg/protocol/handler.go:601 +0x4b0
  github.com/luxfi/threshold/pkg/protocol.(*Handler).processMessage()
      /Users/z/work/lux/threshold/pkg/protocol/handler.go:486 +0xbb0
  github.com/luxfi/threshold/pkg/protocol.(*Handler).messageWorker()
      /Users/z/work/lux/threshold/pkg/protocol/handler.go:408 +0x338
  github.com/luxfi/threshold/pkg/protocol.(*Handler).startWorkers.gowrap2()
      /Users/z/work/lux/threshold/pkg/protocol/handler.go:361 +0x44

Goroutine 414 (running) created at:
  github.com/luxfi/threshold/pkg/protocol.(*Handler).tryAdvanceRound()
      /Users/z/work/lux/threshold/pkg/protocol/handler.go:673 +0x12e4
  github.com/luxfi/threshold/pkg/protocol.(*Handler).roundProcessor()
      /Users/z/work/lux/threshold/pkg/protocol/handler.go:569 +0xb4
  github.com/luxfi/threshold/pkg/protocol.(*Handler).startWorkers.func1()
      /Users/z/work/lux/threshold/pkg/protocol/handler.go:374 +0x78

Goroutine 271 (running) created at:
  github.com/luxfi/threshold/pkg/protocol.(*Handler).startWorkers()
      /Users/z/work/lux/threshold/pkg/protocol/handler.go:361 +0x334
  github.com/luxfi/threshold/pkg/protocol.NewHandler()
      /Users/z/work/lux/threshold/pkg/protocol/handler.go:247 +0xf10
  github.com/luxfi/threshold/internal/test.(*Harness).CreateHandler()
      /Users/z/work/lux/threshold/internal/test/harness.go:91 +0x2e4
  github.com/luxfi/threshold/protocols/frost.TestFrostKeygenOnly()
      /Users/z/work/lux/threshold/protocols/frost/simple_test.go:25 +0x200
  testing.tRunner()
      /opt/homebrew/Cellar/go/1.24.6/libexec/src/testing/testing.go:1792 +0x180
  testing.(*T).Run.gowrap1()
      /opt/homebrew/Cellar/go/1.24.6/libexec/src/testing/testing.go:1851 +0x40
==================
2025-08-15T22:12:55.962-0500	DEBUG	protocol/handler.go:1649	have all messages and processed	{"{round 20 2  <nil>}": {"Key":"self","Type":15,"Integer":0,"String":"b","Interface":null}}
2025-08-15T22:12:55.967-0500	DEBUG	protocol/handler.go:581	tryAdvanceRound called	{"{current_round 20 3  <nil>}": {"Key":"self","Type":15,"Integer":0,"String":"a","Interface":null}}
2025-08-15T22:12:55.967-0500	DEBUG	protocol/handler.go:437	processing message	{"{from 15 0 d <nil>}": {"Key":"to","Type":15,"Integer":0,"String":"","Interface":null}, "{round 20 3  <nil>}": {"Key":"broadcast","Type":4,"Integer":1,"String":"","Interface":null}}
2025-08-15T22:12:55.967-0500	DEBUG	protocol/handler.go:1306	waiting for broadcast before normal message
2025-08-15T22:12:55.967-0500	DEBUG	protocol/handler.go:1600	waiting for broadcasts	{"{round 20 3  <nil>}": {"Key":"missing","Type":15,"Integer":0,"String":"[b c d e]","Interface":null}}
2025-08-15T22:12:55.967-0500	DEBUG	protocol/handler.go:432	processMessage: p2p round 3 START	{"{from 15 0 e <nil>}": {"Key":"to","Type":15,"Integer":0,"String":"a","Interface":null}}
2025-08-15T22:12:55.967-0500	DEBUG	protocol/handler.go:1657	storing broadcast	{"{round 20 3  <nil>}": {"Key":"from","Type":15,"Integer":0,"String":"d","Interface":null}}
2025-08-15T22:12:55.967-0500	DEBUG	protocol/handler.go:437	processing message	{"{from 15 0 e <nil>}": {"Key":"to","Type":15,"Integer":0,"String":"a","Interface":null}, "{round 20 3  <nil>}": {"Key":"broadcast","Type":4,"Integer":0,"String":"","Interface":null}}
2025-08-15T22:12:55.967-0500	DEBUG	protocol/handler.go:581	tryAdvanceRound called	{"{current_round 20 3  <nil>}": {"Key":"self","Type":15,"Integer":0,"String":"a","Interface":null}}
2025-08-15T22:12:55.968-0500	DEBUG	protocol/handler.go:1662	storing message	{"{round 20 3  <nil>}": {"Key":"from","Type":15,"Integer":0,"String":"e","Interface":null}}
2025-08-15T22:12:55.968-0500	DEBUG	protocol/handler.go:581	tryAdvanceRound called	{"{current_round 20 3  <nil>}": {"Key":"self","Type":15,"Integer":0,"String":"a","Interface":null}}
2025-08-15T22:12:55.970-0500	DEBUG	protocol/handler.go:1306	waiting for broadcast before normal message
2025-08-15T22:12:55.970-0500	DEBUG	protocol/handler.go:1591	have processed broadcast	{"{round 20 3  <nil>}": {"Key":"from","Type":15,"Integer":0,"String":"d","Interface":null}}
2025-08-15T22:12:55.970-0500	DEBUG	protocol/handler.go:1600	waiting for broadcasts	{"{round 20 3  <nil>}": {"Key":"missing","Type":15,"Integer":0,"String":"[b c e]","Interface":null}}
2025-08-15T22:12:55.973-0500	DEBUG	protocol/handler.go:1591	have processed broadcast	{"{round 20 3  <nil>}": {"Key":"from","Type":15,"Integer":0,"String":"d","Interface":null}}
2025-08-15T22:12:55.973-0500	DEBUG	protocol/handler.go:1600	waiting for broadcasts	{"{round 20 3  <nil>}": {"Key":"missing","Type":15,"Integer":0,"String":"[b c e]","Interface":null}}
2025-08-15T22:12:55.962-0500	DEBUG	protocol/handler.go:581	tryAdvanceRound called	{"{current_round 20 2  <nil>}": {"Key":"self","Type":15,"Integer":0,"String":"e","Interface":null}}
2025-08-15T22:12:55.973-0500	DEBUG	protocol/handler.go:1591	have processed broadcast	{"{round 20 2  <nil>}": {"Key":"from","Type":15,"Integer":0,"String":"a","Interface":null}}
2025-08-15T22:12:55.973-0500	DEBUG	protocol/handler.go:1591	have processed broadcast	{"{round 20 2  <nil>}": {"Key":"from","Type":15,"Integer":0,"String":"b","Interface":null}}
2025-08-15T22:12:55.973-0500	DEBUG	protocol/handler.go:1591	have processed broadcast	{"{round 20 2  <nil>}": {"Key":"from","Type":15,"Integer":0,"String":"c","Interface":null}}
2025-08-15T22:12:55.973-0500	DEBUG	protocol/handler.go:1591	have processed broadcast	{"{round 20 2  <nil>}": {"Key":"from","Type":15,"Integer":0,"String":"a","Interface":null}}
2025-08-15T22:12:55.973-0500	DEBUG	protocol/handler.go:1591	have processed broadcast	{"{round 20 2  <nil>}": {"Key":"from","Type":15,"Integer":0,"String":"d","Interface":null}}
2025-08-15T22:12:55.973-0500	DEBUG	protocol/handler.go:1591	have processed broadcast	{"{round 20 3  <nil>}": {"Key":"from","Type":15,"Integer":0,"String":"a","Interface":null}}
2025-08-15T22:12:55.973-0500	DEBUG	protocol/handler.go:1649	have all messages and processed	{"{round 20 2  <nil>}": {"Key":"self","Type":15,"Integer":0,"String":"e","Interface":null}}
2025-08-15T22:12:55.973-0500	DEBUG	protocol/handler.go:596	round already finalized
2025-08-15T22:12:55.967-0500	DEBUG	protocol/handler.go:596	round already finalized
2025-08-15T22:12:55.973-0500	DEBUG	protocol/handler.go:581	tryAdvanceRound called	{"{current_round 20 3  <nil>}": {"Key":"self","Type":15,"Integer":0,"String":"a","Interface":null}}
2025-08-15T22:12:55.973-0500	DEBUG	protocol/handler.go:1591	have processed broadcast	{"{round 20 2  <nil>}": {"Key":"from","Type":15,"Integer":0,"String":"c","Interface":null}}
2025-08-15T22:12:55.973-0500	DEBUG	protocol/handler.go:1306	waiting for broadcast before normal message
2025-08-15T22:12:55.973-0500	DEBUG	protocol/handler.go:1591	have processed broadcast	{"{round 20 2  <nil>}": {"Key":"from","Type":15,"Integer":0,"String":"d","Interface":null}}
2025-08-15T22:12:55.973-0500	DEBUG	protocol/handler.go:1600	waiting for broadcasts	{"{round 20 3  <nil>}": {"Key":"missing","Type":15,"Integer":0,"String":"[b c e]","Interface":null}}
2025-08-15T22:12:55.973-0500	DEBUG	protocol/handler.go:1591	have processed broadcast	{"{round 20 3  <nil>}": {"Key":"from","Type":15,"Integer":0,"String":"d","Interface":null}}
2025-08-15T22:12:55.973-0500	DEBUG	protocol/handler.go:1591	have processed broadcast	{"{round 20 2  <nil>}": {"Key":"from","Type":15,"Integer":0,"String":"e","Interface":null}}
2025-08-15T22:12:55.956-0500	DEBUG	protocol/handler.go:581	tryAdvanceRound called	{"{current_round 20 2  <nil>}": {"Key":"self","Type":15,"Integer":0,"String":"e","Interface":null}}
2025-08-15T22:12:55.973-0500	DEBUG	protocol/handler.go:1600	waiting for broadcasts	{"{round 20 3  <nil>}": {"Key":"missing","Type":15,"Integer":0,"String":"[b c e]","Interface":null}}
2025-08-15T22:12:55.966-0500	DEBUG	protocol/handler.go:432	processMessage: p2p round 3 START	{"{from 15 0 b <nil>}": {"Key":"to","Type":15,"Integer":0,"String":"a","Interface":null}}
2025-08-15T22:12:55.973-0500	DEBUG	protocol/handler.go:437	processing message	{"{from 15 0 b <nil>}": {"Key":"to","Type":15,"Integer":0,"String":"a","Interface":null}, "{round 20 3  <nil>}": {"Key":"broadcast","Type":4,"Integer":0,"String":"","Interface":null}}
2025-08-15T22:12:55.973-0500	DEBUG	protocol/handler.go:1662	storing message	{"{round 20 3  <nil>}": {"Key":"from","Type":15,"Integer":0,"String":"b","Interface":null}}
2025-08-15T22:12:55.973-0500	DEBUG	protocol/handler.go:581	tryAdvanceRound called	{"{current_round 20 3  <nil>}": {"Key":"self","Type":15,"Integer":0,"String":"a","Interface":null}}
2025-08-15T22:12:55.973-0500	DEBUG	protocol/handler.go:1306	waiting for broadcast before normal message
2025-08-15T22:12:55.973-0500	DEBUG	protocol/handler.go:1306	waiting for broadcast before normal message
2025-08-15T22:12:55.973-0500	DEBUG	protocol/handler.go:1591	have processed broadcast	{"{round 20 3  <nil>}": {"Key":"from","Type":15,"Integer":0,"String":"d","Interface":null}}
2025-08-15T22:12:55.974-0500	DEBUG	protocol/handler.go:1600	waiting for broadcasts	{"{round 20 3  <nil>}": {"Key":"missing","Type":15,"Integer":0,"String":"[b c e]","Interface":null}}
2025-08-15T22:12:55.966-0500	DEBUG	protocol/handler.go:432	processMessage: p2p round 3 START	{"{from 15 0 b <nil>}": {"Key":"to","Type":15,"Integer":0,"String":"c","Interface":null}}
2025-08-15T22:12:55.974-0500	DEBUG	protocol/handler.go:437	processing message	{"{from 15 0 b <nil>}": {"Key":"to","Type":15,"Integer":0,"String":"c","Interface":null}, "{round 20 3  <nil>}": {"Key":"broadcast","Type":4,"Integer":0,"String":"","Interface":null}}
2025-08-15T22:12:55.974-0500	DEBUG	protocol/handler.go:1662	storing message	{"{round 20 3  <nil>}": {"Key":"from","Type":15,"Integer":0,"String":"b","Interface":null}}
2025-08-15T22:12:55.974-0500	DEBUG	protocol/handler.go:470	message for different round (buffering)	{"{msg_round 20 3  <nil>}": {"Key":"current_round","Type":20,"Integer":2,"String":"","Interface":null}}
2025-08-15T22:12:55.974-0500	DEBUG	protocol/handler.go:581	tryAdvanceRound called	{"{current_round 20 2  <nil>}": {"Key":"self","Type":15,"Integer":0,"String":"c","Interface":null}}
2025-08-15T22:12:55.974-0500	DEBUG	protocol/handler.go:1591	have processed broadcast	{"{round 20 2  <nil>}": {"Key":"from","Type":15,"Integer":0,"String":"a","Interface":null}}
2025-08-15T22:12:55.974-0500	DEBUG	protocol/handler.go:1591	have processed broadcast	{"{round 20 2  <nil>}": {"Key":"from","Type":15,"Integer":0,"String":"b","Interface":null}}
2025-08-15T22:12:55.974-0500	DEBUG	protocol/handler.go:1591	have processed broadcast	{"{round 20 2  <nil>}": {"Key":"from","Type":15,"Integer":0,"String":"d","Interface":null}}
2025-08-15T22:12:55.974-0500	DEBUG	protocol/handler.go:1591	have processed broadcast	{"{round 20 2  <nil>}": {"Key":"from","Type":15,"Integer":0,"String":"e","Interface":null}}
2025-08-15T22:12:55.974-0500	DEBUG	protocol/handler.go:1649	have all messages and processed	{"{round 20 2  <nil>}": {"Key":"self","Type":15,"Integer":0,"String":"c","Interface":null}}
2025-08-15T22:12:55.974-0500	DEBUG	protocol/handler.go:596	round already finalized
2025-08-15T22:12:55.966-0500	DEBUG	protocol/handler.go:432	processMessage: p2p round 3 START	{"{from 15 0 b <nil>}": {"Key":"to","Type":15,"Integer":0,"String":"d","Interface":null}}
2025-08-15T22:12:55.974-0500	DEBUG	protocol/handler.go:437	processing message	{"{from 15 0 b <nil>}": {"Key":"to","Type":15,"Integer":0,"String":"d","Interface":null}, "{round 20 3  <nil>}": {"Key":"broadcast","Type":4,"Integer":0,"String":"","Interface":null}}
2025-08-15T22:12:55.974-0500	DEBUG	protocol/handler.go:1662	storing message	{"{round 20 3  <nil>}": {"Key":"from","Type":15,"Integer":0,"String":"b","Interface":null}}
2025-08-15T22:12:55.974-0500	DEBUG	protocol/handler.go:581	tryAdvanceRound called	{"{current_round 20 3  <nil>}": {"Key":"self","Type":15,"Integer":0,"String":"d","Interface":null}}
2025-08-15T22:12:55.974-0500	DEBUG	protocol/handler.go:1591	have processed broadcast	{"{round 20 2  <nil>}": {"Key":"from","Type":15,"Integer":0,"String":"a","Interface":null}}
2025-08-15T22:12:55.974-0500	DEBUG	protocol/handler.go:1306	waiting for broadcast before normal message
2025-08-15T22:12:55.974-0500	DEBUG	protocol/handler.go:1591	have processed broadcast	{"{round 20 2  <nil>}": {"Key":"from","Type":15,"Integer":0,"String":"c","Interface":null}}
2025-08-15T22:12:55.974-0500	DEBUG	protocol/handler.go:1591	have processed broadcast	{"{round 20 2  <nil>}": {"Key":"from","Type":15,"Integer":0,"String":"d","Interface":null}}
2025-08-15T22:12:55.974-0500	DEBUG	protocol/handler.go:1591	have processed broadcast	{"{round 20 2  <nil>}": {"Key":"from","Type":15,"Integer":0,"String":"e","Interface":null}}
2025-08-15T22:12:55.974-0500	DEBUG	protocol/handler.go:1591	have processed broadcast	{"{round 20 3  <nil>}": {"Key":"from","Type":15,"Integer":0,"String":"a","Interface":null}}
2025-08-15T22:12:55.974-0500	DEBUG	protocol/handler.go:1649	have all messages and processed	{"{round 20 2  <nil>}": {"Key":"self","Type":15,"Integer":0,"String":"b","Interface":null}}
2025-08-15T22:12:55.974-0500	DEBUG	protocol/handler.go:596	round already finalized
2025-08-15T22:12:55.974-0500	DEBUG	protocol/handler.go:581	tryAdvanceRound called	{"{current_round 20 2  <nil>}": {"Key":"self","Type":15,"Integer":0,"String":"b","Interface":null}}
2025-08-15T22:12:55.975-0500	DEBUG	protocol/handler.go:1591	have processed broadcast	{"{round 20 2  <nil>}": {"Key":"from","Type":15,"Integer":0,"String":"a","Interface":null}}
2025-08-15T22:12:55.975-0500	DEBUG	protocol/handler.go:1591	have processed broadcast	{"{round 20 2  <nil>}": {"Key":"from","Type":15,"Integer":0,"String":"c","Interface":null}}
2025-08-15T22:12:55.975-0500	DEBUG	protocol/handler.go:1591	have processed broadcast	{"{round 20 2  <nil>}": {"Key":"from","Type":15,"Integer":0,"String":"d","Interface":null}}
2025-08-15T22:12:55.974-0500	DEBUG	protocol/handler.go:1600	waiting for broadcasts	{"{round 20 3  <nil>}": {"Key":"missing","Type":15,"Integer":0,"String":"[b c e]","Interface":null}}
2025-08-15T22:12:55.975-0500	DEBUG	protocol/handler.go:1591	have processed broadcast	{"{round 20 2  <nil>}": {"Key":"from","Type":15,"Integer":0,"String":"e","Interface":null}}
2025-08-15T22:12:55.966-0500	DEBUG	protocol/handler.go:437	processing message	{"{from 15 0 b <nil>}": {"Key":"to","Type":15,"Integer":0,"String":"","Interface":null}, "{round 20 3  <nil>}": {"Key":"broadcast","Type":4,"Integer":1,"String":"","Interface":null}}
2025-08-15T22:12:55.975-0500	DEBUG	protocol/handler.go:1649	have all messages and processed	{"{round 20 2  <nil>}": {"Key":"self","Type":15,"Integer":0,"String":"b","Interface":null}}
2025-08-15T22:12:55.975-0500	DEBUG	protocol/handler.go:596	round already finalized
2025-08-15T22:12:55.966-0500	DEBUG	protocol/handler.go:437	processing message	{"{from 15 0 b <nil>}": {"Key":"to","Type":15,"Integer":0,"String":"","Interface":null}, "{round 20 3  <nil>}": {"Key":"broadcast","Type":4,"Integer":1,"String":"","Interface":null}}
2025-08-15T22:12:55.975-0500	DEBUG	protocol/handler.go:1657	storing broadcast	{"{round 20 3  <nil>}": {"Key":"from","Type":15,"Integer":0,"String":"b","Interface":null}}
2025-08-15T22:12:55.975-0500	DEBUG	protocol/handler.go:1657	storing broadcast	{"{round 20 3  <nil>}": {"Key":"from","Type":15,"Integer":0,"String":"b","Interface":null}}
2025-08-15T22:12:55.975-0500	DEBUG	protocol/handler.go:470	message for different round (buffering)	{"{msg_round 20 3  <nil>}": {"Key":"current_round","Type":20,"Integer":2,"String":"","Interface":null}}
2025-08-15T22:12:55.975-0500	DEBUG	protocol/handler.go:581	tryAdvanceRound called	{"{current_round 20 2  <nil>}": {"Key":"self","Type":15,"Integer":0,"String":"c","Interface":null}}
2025-08-15T22:12:55.975-0500	DEBUG	protocol/handler.go:1591	have processed broadcast	{"{round 20 2  <nil>}": {"Key":"from","Type":15,"Integer":0,"String":"a","Interface":null}}
2025-08-15T22:12:55.975-0500	DEBUG	protocol/handler.go:581	tryAdvanceRound called	{"{current_round 20 3  <nil>}": {"Key":"self","Type":15,"Integer":0,"String":"a","Interface":null}}
2025-08-15T22:12:55.975-0500	DEBUG	protocol/handler.go:1306	waiting for broadcast before normal message
2025-08-15T22:12:55.975-0500	DEBUG	protocol/handler.go:1591	have processed broadcast	{"{round 20 2  <nil>}": {"Key":"from","Type":15,"Integer":0,"String":"b","Interface":null}}
2025-08-15T22:12:55.977-0500	DEBUG	protocol/handler.go:1591	have processed broadcast	{"{round 20 3  <nil>}": {"Key":"from","Type":15,"Integer":0,"String":"b","Interface":null}}
2025-08-15T22:12:55.977-0500	DEBUG	protocol/handler.go:1591	have processed broadcast	{"{round 20 3  <nil>}": {"Key":"from","Type":15,"Integer":0,"String":"d","Interface":null}}
2025-08-15T22:12:55.977-0500	DEBUG	protocol/handler.go:1600	waiting for broadcasts	{"{round 20 3  <nil>}": {"Key":"missing","Type":15,"Integer":0,"String":"[c e]","Interface":null}}
2025-08-15T22:12:55.966-0500	DEBUG	protocol/handler.go:437	processing message	{"{from 15 0 b <nil>}": {"Key":"to","Type":15,"Integer":0,"String":"","Interface":null}, "{round 20 3  <nil>}": {"Key":"broadcast","Type":4,"Integer":1,"String":"","Interface":null}}
2025-08-15T22:12:55.977-0500	DEBUG	protocol/handler.go:1657	storing broadcast	{"{round 20 3  <nil>}": {"Key":"from","Type":15,"Integer":0,"String":"b","Interface":null}}
2025-08-15T22:12:55.977-0500	DEBUG	protocol/handler.go:581	tryAdvanceRound called	{"{current_round 20 3  <nil>}": {"Key":"self","Type":15,"Integer":0,"String":"d","Interface":null}}
2025-08-15T22:12:55.978-0500	DEBUG	protocol/handler.go:1591	have processed broadcast	{"{round 20 2  <nil>}": {"Key":"from","Type":15,"Integer":0,"String":"d","Interface":null}}
2025-08-15T22:12:55.979-0500	DEBUG	protocol/handler.go:1591	have processed broadcast	{"{round 20 3  <nil>}": {"Key":"from","Type":15,"Integer":0,"String":"a","Interface":null}}
2025-08-15T22:12:55.979-0500	DEBUG	protocol/handler.go:1591	have processed broadcast	{"{round 20 3  <nil>}": {"Key":"from","Type":15,"Integer":0,"String":"b","Interface":null}}
2025-08-15T22:12:55.979-0500	DEBUG	protocol/handler.go:1600	waiting for broadcasts	{"{round 20 3  <nil>}": {"Key":"missing","Type":15,"Integer":0,"String":"[c e]","Interface":null}}
2025-08-15T22:12:55.948-0500	DEBUG	protocol/handler.go:596	round already finalized
2025-08-15T22:12:55.966-0500	DEBUG	protocol/handler.go:432	processMessage: p2p round 3 START	{"{from 15 0 e <nil>}": {"Key":"to","Type":15,"Integer":0,"String":"d","Interface":null}}
2025-08-15T22:12:55.979-0500	DEBUG	protocol/handler.go:437	processing message	{"{from 15 0 e <nil>}": {"Key":"to","Type":15,"Integer":0,"String":"d","Interface":null}, "{round 20 3  <nil>}": {"Key":"broadcast","Type":4,"Integer":0,"String":"","Interface":null}}
2025-08-15T22:12:55.979-0500	DEBUG	protocol/handler.go:1662	storing message	{"{round 20 3  <nil>}": {"Key":"from","Type":15,"Integer":0,"String":"e","Interface":null}}
2025-08-15T22:12:55.980-0500	DEBUG	protocol/handler.go:581	tryAdvanceRound called	{"{current_round 20 3  <nil>}": {"Key":"self","Type":15,"Integer":0,"String":"d","Interface":null}}
2025-08-15T22:12:55.980-0500	DEBUG	protocol/handler.go:1306	waiting for broadcast before normal message
2025-08-15T22:12:55.980-0500	DEBUG	protocol/handler.go:1591	have processed broadcast	{"{round 20 3  <nil>}": {"Key":"from","Type":15,"Integer":0,"String":"a","Interface":null}}
2025-08-15T22:12:55.980-0500	DEBUG	protocol/handler.go:1591	have processed broadcast	{"{round 20 3  <nil>}": {"Key":"from","Type":15,"Integer":0,"String":"b","Interface":null}}
2025-08-15T22:12:55.980-0500	DEBUG	protocol/handler.go:1600	waiting for broadcasts	{"{round 20 3  <nil>}": {"Key":"missing","Type":15,"Integer":0,"String":"[c e]","Interface":null}}
2025-08-15T22:12:55.966-0500	DEBUG	protocol/handler.go:437	processing message	{"{from 15 0 e <nil>}": {"Key":"to","Type":15,"Integer":0,"String":"","Interface":null}, "{round 20 3  <nil>}": {"Key":"broadcast","Type":4,"Integer":1,"String":"","Interface":null}}
2025-08-15T22:12:55.980-0500	DEBUG	protocol/handler.go:1657	storing broadcast	{"{round 20 3  <nil>}": {"Key":"from","Type":15,"Integer":0,"String":"e","Interface":null}}
2025-08-15T22:12:55.980-0500	DEBUG	protocol/handler.go:581	tryAdvanceRound called	{"{current_round 20 3  <nil>}": {"Key":"self","Type":15,"Integer":0,"String":"a","Interface":null}}
2025-08-15T22:12:55.982-0500	DEBUG	protocol/handler.go:1591	have processed broadcast	{"{round 20 3  <nil>}": {"Key":"from","Type":15,"Integer":0,"String":"b","Interface":null}}
2025-08-15T22:12:55.982-0500	DEBUG	protocol/handler.go:1591	have processed broadcast	{"{round 20 3  <nil>}": {"Key":"from","Type":15,"Integer":0,"String":"d","Interface":null}}
2025-08-15T22:12:55.982-0500	DEBUG	protocol/handler.go:1591	have processed broadcast	{"{round 20 3  <nil>}": {"Key":"from","Type":15,"Integer":0,"String":"e","Interface":null}}
2025-08-15T22:12:55.982-0500	DEBUG	protocol/handler.go:1600	waiting for broadcasts	{"{round 20 3  <nil>}": {"Key":"missing","Type":15,"Integer":0,"String":"[c]","Interface":null}}
2025-08-15T22:12:55.956-0500	DEBUG	protocol/handler.go:1039	sendRoundMessage	{"{from 15 0 b <nil>}": {"Key":"to","Type":15,"Integer":0,"String":"e","Interface":null}, "{round 20 3  <nil>}": {"Key":"broadcast","Type":4,"Integer":0,"String":"","Interface":null}}
2025-08-15T22:12:55.982-0500	DEBUG	protocol/handler.go:1081	sent message to output channel	{"{from 15 0 b <nil>}": {"Key":"to","Type":15,"Integer":0,"String":"e","Interface":null}, "{round 20 3  <nil>}": {"Key":"broadcast","Type":4,"Integer":0,"String":"","Interface":null}}
2025-08-15T22:12:55.982-0500	DEBUG	protocol/handler.go:1182	finalized round messages	{"{round 20 2  <nil>}": {"Key":"messages","Type":11,"Integer":5,"String":"","Interface":null}}
2025-08-15T22:12:55.982-0500	DEBUG	protocol/handler.go:1239	finalize returned next round	{"{current 20 2  <nil>}": {"Key":"next","Type":20,"Integer":3,"String":"","Interface":null}}
2025-08-15T22:12:55.982-0500	INFO	protocol/handler.go:642	storing new currentRound	{"{from 20 2  <nil>}": {"Key":"to","Type":20,"Integer":3,"String":"","Interface":null}}
2025-08-15T22:12:55.982-0500	DEBUG	protocol/handler.go:1503	processing queued messages
2025-08-15T22:12:55.982-0500	DEBUG	protocol/handler.go:432	processMessage: p2p round 3 START	{"{from 15 0 b <nil>}": {"Key":"to","Type":15,"Integer":0,"String":"e","Interface":null}}
2025-08-15T22:12:55.982-0500	DEBUG	protocol/handler.go:437	processing message	{"{from 15 0 b <nil>}": {"Key":"to","Type":15,"Integer":0,"String":"e","Interface":null}, "{round 20 3  <nil>}": {"Key":"broadcast","Type":4,"Integer":0,"String":"","Interface":null}}
2025-08-15T22:12:55.982-0500	DEBUG	protocol/handler.go:1662	storing message	{"{round 20 3  <nil>}": {"Key":"from","Type":15,"Integer":0,"String":"b","Interface":null}}
2025-08-15T22:12:55.982-0500	DEBUG	protocol/handler.go:470	message for different round (buffering)	{"{msg_round 20 3  <nil>}": {"Key":"current_round","Type":20,"Integer":2,"String":"","Interface":null}}
2025-08-15T22:12:55.982-0500	DEBUG	protocol/handler.go:581	tryAdvanceRound called	{"{current_round 20 2  <nil>}": {"Key":"self","Type":15,"Integer":0,"String":"e","Interface":null}}
2025-08-15T22:12:55.983-0500	DEBUG	protocol/handler.go:1591	have processed broadcast	{"{round 20 2  <nil>}": {"Key":"from","Type":15,"Integer":0,"String":"a","Interface":null}}
2025-08-15T22:12:55.983-0500	DEBUG	protocol/handler.go:1591	have processed broadcast	{"{round 20 2  <nil>}": {"Key":"from","Type":15,"Integer":0,"String":"b","Interface":null}}
2025-08-15T22:12:55.983-0500	DEBUG	protocol/handler.go:1591	have processed broadcast	{"{round 20 2  <nil>}": {"Key":"from","Type":15,"Integer":0,"String":"c","Interface":null}}
2025-08-15T22:12:55.983-0500	DEBUG	protocol/handler.go:1591	have processed broadcast	{"{round 20 2  <nil>}": {"Key":"from","Type":15,"Integer":0,"String":"d","Interface":null}}
2025-08-15T22:12:55.983-0500	DEBUG	protocol/handler.go:1649	have all messages and processed	{"{round 20 2  <nil>}": {"Key":"self","Type":15,"Integer":0,"String":"e","Interface":null}}
2025-08-15T22:12:55.983-0500	DEBUG	protocol/handler.go:596	round already finalized
2025-08-15T22:12:55.966-0500	DEBUG	protocol/handler.go:437	processing message	{"{from 15 0 e <nil>}": {"Key":"to","Type":15,"Integer":0,"String":"","Interface":null}, "{round 20 3  <nil>}": {"Key":"broadcast","Type":4,"Integer":1,"String":"","Interface":null}}
2025-08-15T22:12:55.983-0500	DEBUG	protocol/handler.go:1657	storing broadcast	{"{round 20 3  <nil>}": {"Key":"from","Type":15,"Integer":0,"String":"e","Interface":null}}
2025-08-15T22:12:55.983-0500	DEBUG	protocol/handler.go:581	tryAdvanceRound called	{"{current_round 20 3  <nil>}": {"Key":"self","Type":15,"Integer":0,"String":"d","Interface":null}}
2025-08-15T22:12:55.985-0500	DEBUG	protocol/handler.go:1591	have processed broadcast	{"{round 20 3  <nil>}": {"Key":"from","Type":15,"Integer":0,"String":"a","Interface":null}}
2025-08-15T22:12:55.985-0500	DEBUG	protocol/handler.go:1591	have processed broadcast	{"{round 20 3  <nil>}": {"Key":"from","Type":15,"Integer":0,"String":"b","Interface":null}}
2025-08-15T22:12:55.985-0500	DEBUG	protocol/handler.go:1591	have processed broadcast	{"{round 20 3  <nil>}": {"Key":"from","Type":15,"Integer":0,"String":"e","Interface":null}}
2025-08-15T22:12:55.985-0500	DEBUG	protocol/handler.go:1600	waiting for broadcasts	{"{round 20 3  <nil>}": {"Key":"missing","Type":15,"Integer":0,"String":"[c]","Interface":null}}
2025-08-15T22:12:55.985-0500	DEBUG	protocol/handler.go:1503	processing queued messages
==================
WARNING: DATA RACE
Write at 0x00c0009cc0bc by goroutine 418:
  ??()
      -:0 +0x104ada650
  sync/atomic.CompareAndSwapInt32()
      <autogenerated>:1 +0x18
  sync.(*Mutex).Lock()
      /opt/homebrew/Cellar/go/1.24.6/libexec/src/sync/mutex.go:46 +0x2c
  github.com/luxfi/threshold/protocols/frost/keygen.(*round2).StoreBroadcastMessage()
      /Users/z/work/lux/threshold/protocols/frost/keygen/round2.go:57 +0x58
  github.com/luxfi/threshold/pkg/protocol.(*Handler).verifyBroadcastForRound()
      /Users/z/work/lux/threshold/pkg/protocol/handler.go:1277 +0x3a0
  github.com/luxfi/threshold/pkg/protocol.(*Handler).processQueuedMessages()
      /Users/z/work/lux/threshold/pkg/protocol/handler.go:1513 +0x718
  github.com/luxfi/threshold/pkg/protocol.(*Handler).tryAdvanceRound.gowrap2()
      /Users/z/work/lux/threshold/pkg/protocol/handler.go:673 +0x40

Previous read at 0x00c0009cc0b8 by goroutine 296:
  github.com/luxfi/threshold/protocols/frost/keygen.(*round2).Number()
      <autogenerated>:1 +0x38
  github.com/luxfi/threshold/pkg/protocol.(*Handler).tryAdvanceRound()
      /Users/z/work/lux/threshold/pkg/protocol/handler.go:606 +0x6c8
  github.com/luxfi/threshold/pkg/protocol.(*Handler).processMessage()
      /Users/z/work/lux/threshold/pkg/protocol/handler.go:474 +0xb70
  github.com/luxfi/threshold/pkg/protocol.(*Handler).messageWorker()
      /Users/z/work/lux/threshold/pkg/protocol/handler.go:408 +0x338
  github.com/luxfi/threshold/pkg/protocol.(*Handler).startWorkers.gowrap1()
      /Users/z/work/lux/threshold/pkg/protocol/handler.go:355 +0x44

Goroutine 418 (running) created at:
  github.com/luxfi/threshold/pkg/protocol.(*Handler).tryAdvanceRound()
      /Users/z/work/lux/threshold/pkg/protocol/handler.go:673 +0x12e4
  github.com/luxfi/threshold/pkg/protocol.(*Handler).processMessage()
      /Users/z/work/lux/threshold/pkg/protocol/handler.go:474 +0xb70
  github.com/luxfi/threshold/pkg/protocol.(*Handler).messageWorker()
      /Users/z/work/lux/threshold/pkg/protocol/handler.go:408 +0x338
  github.com/luxfi/threshold/pkg/protocol.(*Handler).startWorkers.gowrap1()
      /Users/z/work/lux/threshold/pkg/protocol/handler.go:355 +0x44

Goroutine 296 (running) created at:
  github.com/luxfi/threshold/pkg/protocol.(*Handler).startWorkers()
      /Users/z/work/lux/threshold/pkg/protocol/handler.go:355 +0x27c
  github.com/luxfi/threshold/pkg/protocol.NewHandler()
      /Users/z/work/lux/threshold/pkg/protocol/handler.go:247 +0xf10
  github.com/luxfi/threshold/internal/test.(*Harness).CreateHandler()
      /Users/z/work/lux/threshold/internal/test/harness.go:91 +0x2e4
  github.com/luxfi/threshold/protocols/frost.TestFrostKeygenOnly()
      /Users/z/work/lux/threshold/protocols/frost/simple_test.go:25 +0x200
  testing.tRunner()
      /opt/homebrew/Cellar/go/1.24.6/libexec/src/testing/testing.go:1792 +0x180
  testing.(*T).Run.gowrap1()
      /opt/homebrew/Cellar/go/1.24.6/libexec/src/testing/testing.go:1851 +0x40
==================
2025-08-15T22:12:55.966-0500	DEBUG	protocol/handler.go:437	processing message	{"{from 15 0 e <nil>}": {"Key":"to","Type":15,"Integer":0,"String":"","Interface":null}, "{round 20 3  <nil>}": {"Key":"broadcast","Type":4,"Integer":1,"String":"","Interface":null}}
2025-08-15T22:12:55.993-0500	DEBUG	protocol/handler.go:1657	storing broadcast	{"{round 20 3  <nil>}": {"Key":"from","Type":15,"Integer":0,"String":"e","Interface":null}}
2025-08-15T22:12:55.966-0500	DEBUG	protocol/handler.go:432	processMessage: p2p round 3 START	{"{from 15 0 e <nil>}": {"Key":"to","Type":15,"Integer":0,"String":"b","Interface":null}}
2025-08-15T22:12:55.993-0500	DEBUG	protocol/handler.go:437	processing message	{"{from 15 0 e <nil>}": {"Key":"to","Type":15,"Integer":0,"String":"b","Interface":null}, "{round 20 3  <nil>}": {"Key":"broadcast","Type":4,"Integer":0,"String":"","Interface":null}}
2025-08-15T22:12:55.993-0500	DEBUG	protocol/handler.go:581	tryAdvanceRound called	{"{current_round 20 3  <nil>}": {"Key":"self","Type":15,"Integer":0,"String":"b","Interface":null}}
2025-08-15T22:12:55.993-0500	DEBUG	protocol/handler.go:1662	storing message	{"{round 20 3  <nil>}": {"Key":"from","Type":15,"Integer":0,"String":"e","Interface":null}}
2025-08-15T22:12:56.005-0500	DEBUG	protocol/handler.go:581	tryAdvanceRound called	{"{current_round 20 3  <nil>}": {"Key":"self","Type":15,"Integer":0,"String":"a","Interface":null}}
2025-08-15T22:12:56.005-0500	DEBUG	protocol/handler.go:1591	have processed broadcast	{"{round 20 3  <nil>}": {"Key":"from","Type":15,"Integer":0,"String":"b","Interface":null}}
2025-08-15T22:12:56.005-0500	INFO	protocol/handler.go:560	advanced to round
2025-08-15T22:12:55.978-0500	DEBUG	protocol/handler.go:1591	have processed broadcast	{"{round 20 2  <nil>}": {"Key":"from","Type":15,"Integer":0,"String":"e","Interface":null}}
2025-08-15T22:12:56.005-0500	DEBUG	protocol/handler.go:1649	have all messages and processed	{"{round 20 2  <nil>}": {"Key":"self","Type":15,"Integer":0,"String":"c","Interface":null}}
2025-08-15T22:12:55.966-0500	DEBUG	protocol/handler.go:437	processing message	{"{from 15 0 e <nil>}": {"Key":"to","Type":15,"Integer":0,"String":"","Interface":null}, "{round 20 3  <nil>}": {"Key":"broadcast","Type":4,"Integer":1,"String":"","Interface":null}}
2025-08-15T22:12:56.005-0500	DEBUG	protocol/handler.go:581	tryAdvanceRound called	{"{current_round 20 3  <nil>}": {"Key":"self","Type":15,"Integer":0,"String":"b","Interface":null}}
2025-08-15T22:12:56.005-0500	DEBUG	protocol/handler.go:1657	storing broadcast	{"{round 20 3  <nil>}": {"Key":"from","Type":15,"Integer":0,"String":"e","Interface":null}}
2025-08-15T22:12:56.005-0500	DEBUG	protocol/handler.go:470	message for different round (buffering)	{"{msg_round 20 3  <nil>}": {"Key":"current_round","Type":20,"Integer":2,"String":"","Interface":null}}
2025-08-15T22:12:56.005-0500	DEBUG	protocol/handler.go:581	tryAdvanceRound called	{"{current_round 20 2  <nil>}": {"Key":"self","Type":15,"Integer":0,"String":"c","Interface":null}}
2025-08-15T22:12:56.006-0500	DEBUG	protocol/handler.go:1591	have processed broadcast	{"{round 20 2  <nil>}": {"Key":"from","Type":15,"Integer":0,"String":"a","Interface":null}}
2025-08-15T22:12:56.006-0500	DEBUG	protocol/handler.go:1591	have processed broadcast	{"{round 20 2  <nil>}": {"Key":"from","Type":15,"Integer":0,"String":"b","Interface":null}}
2025-08-15T22:12:56.006-0500	DEBUG	protocol/handler.go:1591	have processed broadcast	{"{round 20 2  <nil>}": {"Key":"from","Type":15,"Integer":0,"String":"d","Interface":null}}
2025-08-15T22:12:56.006-0500	DEBUG	protocol/handler.go:1591	have processed broadcast	{"{round 20 2  <nil>}": {"Key":"from","Type":15,"Integer":0,"String":"e","Interface":null}}
2025-08-15T22:12:56.006-0500	DEBUG	protocol/handler.go:1649	have all messages and processed	{"{round 20 2  <nil>}": {"Key":"self","Type":15,"Integer":0,"String":"c","Interface":null}}
2025-08-15T22:12:56.006-0500	DEBUG	protocol/handler.go:596	round already finalized
2025-08-15T22:12:55.967-0500	DEBUG	protocol/handler.go:432	processMessage: p2p round 3 START	{"{from 15 0 e <nil>}": {"Key":"to","Type":15,"Integer":0,"String":"c","Interface":null}}
2025-08-15T22:12:56.006-0500	DEBUG	protocol/handler.go:437	processing message	{"{from 15 0 e <nil>}": {"Key":"to","Type":15,"Integer":0,"String":"c","Interface":null}, "{round 20 3  <nil>}": {"Key":"broadcast","Type":4,"Integer":0,"String":"","Interface":null}}
2025-08-15T22:12:56.006-0500	DEBUG	protocol/handler.go:1662	storing message	{"{round 20 3  <nil>}": {"Key":"from","Type":15,"Integer":0,"String":"e","Interface":null}}
2025-08-15T22:12:56.006-0500	DEBUG	protocol/handler.go:470	message for different round (buffering)	{"{msg_round 20 3  <nil>}": {"Key":"current_round","Type":20,"Integer":2,"String":"","Interface":null}}
2025-08-15T22:12:56.007-0500	DEBUG	protocol/handler.go:581	tryAdvanceRound called	{"{current_round 20 2  <nil>}": {"Key":"self","Type":15,"Integer":0,"String":"c","Interface":null}}
2025-08-15T22:12:56.007-0500	DEBUG	protocol/handler.go:1591	have processed broadcast	{"{round 20 2  <nil>}": {"Key":"from","Type":15,"Integer":0,"String":"a","Interface":null}}
2025-08-15T22:12:56.007-0500	DEBUG	protocol/handler.go:1591	have processed broadcast	{"{round 20 2  <nil>}": {"Key":"from","Type":15,"Integer":0,"String":"b","Interface":null}}
2025-08-15T22:12:56.007-0500	DEBUG	protocol/handler.go:1591	have processed broadcast	{"{round 20 2  <nil>}": {"Key":"from","Type":15,"Integer":0,"String":"d","Interface":null}}
2025-08-15T22:12:56.007-0500	DEBUG	protocol/handler.go:1591	have processed broadcast	{"{round 20 2  <nil>}": {"Key":"from","Type":15,"Integer":0,"String":"e","Interface":null}}
2025-08-15T22:12:56.007-0500	DEBUG	protocol/handler.go:1649	have all messages and processed	{"{round 20 2  <nil>}": {"Key":"self","Type":15,"Integer":0,"String":"c","Interface":null}}
2025-08-15T22:12:56.007-0500	DEBUG	protocol/handler.go:596	round already finalized
2025-08-15T22:12:55.967-0500	DEBUG	protocol/handler.go:1039	sendRoundMessage	{"{from 15 0 c <nil>}": {"Key":"to","Type":15,"Integer":0,"String":"","Interface":null}, "{round 20 3  <nil>}": {"Key":"broadcast","Type":4,"Integer":1,"String":"","Interface":null}}
2025-08-15T22:12:56.008-0500	DEBUG	protocol/handler.go:1657	storing broadcast	{"{round 20 3  <nil>}": {"Key":"from","Type":15,"Integer":0,"String":"c","Interface":null}}
2025-08-15T22:12:56.008-0500	DEBUG	protocol/handler.go:1081	sent message to output channel	{"{from 15 0 c <nil>}": {"Key":"to","Type":15,"Integer":0,"String":"","Interface":null}, "{round 20 3  <nil>}": {"Key":"broadcast","Type":4,"Integer":1,"String":"","Interface":null}}
2025-08-15T22:12:56.008-0500	DEBUG	protocol/handler.go:1039	sendRoundMessage	{"{from 15 0 c <nil>}": {"Key":"to","Type":15,"Integer":0,"String":"a","Interface":null}, "{round 20 3  <nil>}": {"Key":"broadcast","Type":4,"Integer":0,"String":"","Interface":null}}
2025-08-15T22:12:56.008-0500	DEBUG	protocol/handler.go:1081	sent message to output channel	{"{from 15 0 c <nil>}": {"Key":"to","Type":15,"Integer":0,"String":"a","Interface":null}, "{round 20 3  <nil>}": {"Key":"broadcast","Type":4,"Integer":0,"String":"","Interface":null}}
2025-08-15T22:12:56.008-0500	DEBUG	protocol/handler.go:1039	sendRoundMessage	{"{from 15 0 c <nil>}": {"Key":"to","Type":15,"Integer":0,"String":"b","Interface":null}, "{round 20 3  <nil>}": {"Key":"broadcast","Type":4,"Integer":0,"String":"","Interface":null}}
2025-08-15T22:12:56.008-0500	DEBUG	protocol/handler.go:1081	sent message to output channel	{"{from 15 0 c <nil>}": {"Key":"to","Type":15,"Integer":0,"String":"b","Interface":null}, "{round 20 3  <nil>}": {"Key":"broadcast","Type":4,"Integer":0,"String":"","Interface":null}}
2025-08-15T22:12:56.008-0500	DEBUG	protocol/handler.go:1039	sendRoundMessage	{"{from 15 0 c <nil>}": {"Key":"to","Type":15,"Integer":0,"String":"d","Interface":null}, "{round 20 3  <nil>}": {"Key":"broadcast","Type":4,"Integer":0,"String":"","Interface":null}}
2025-08-15T22:12:56.009-0500	DEBUG	protocol/handler.go:1081	sent message to output channel	{"{from 15 0 c <nil>}": {"Key":"to","Type":15,"Integer":0,"String":"d","Interface":null}, "{round 20 3  <nil>}": {"Key":"broadcast","Type":4,"Integer":0,"String":"","Interface":null}}
2025-08-15T22:12:56.009-0500	DEBUG	protocol/handler.go:1039	sendRoundMessage	{"{from 15 0 c <nil>}": {"Key":"to","Type":15,"Integer":0,"String":"e","Interface":null}, "{round 20 3  <nil>}": {"Key":"broadcast","Type":4,"Integer":0,"String":"","Interface":null}}
2025-08-15T22:12:56.009-0500	DEBUG	protocol/handler.go:1081	sent message to output channel	{"{from 15 0 c <nil>}": {"Key":"to","Type":15,"Integer":0,"String":"e","Interface":null}, "{round 20 3  <nil>}": {"Key":"broadcast","Type":4,"Integer":0,"String":"","Interface":null}}
2025-08-15T22:12:56.009-0500	DEBUG	protocol/handler.go:1182	finalized round messages	{"{round 20 2  <nil>}": {"Key":"messages","Type":11,"Integer":5,"String":"","Interface":null}}
2025-08-15T22:12:56.009-0500	DEBUG	protocol/handler.go:1239	finalize returned next round	{"{current 20 2  <nil>}": {"Key":"next","Type":20,"Integer":3,"String":"","Interface":null}}
2025-08-15T22:12:56.009-0500	INFO	protocol/handler.go:642	storing new currentRound	{"{from 20 2  <nil>}": {"Key":"to","Type":20,"Integer":3,"String":"","Interface":null}}
2025-08-15T22:12:56.009-0500	DEBUG	protocol/handler.go:1503	processing queued messages
2025-08-15T22:12:56.009-0500	DEBUG	protocol/handler.go:1503	processing queued messages
2025-08-15T22:12:56.013-0500	DEBUG	protocol/handler.go:1591	have processed broadcast	{"{round 20 3  <nil>}": {"Key":"from","Type":15,"Integer":0,"String":"a","Interface":null}}
2025-08-15T22:12:56.013-0500	DEBUG	protocol/handler.go:1591	have processed broadcast	{"{round 20 3  <nil>}": {"Key":"from","Type":15,"Integer":0,"String":"d","Interface":null}}
2025-08-15T22:12:56.013-0500	DEBUG	protocol/handler.go:1591	have processed broadcast	{"{round 20 3  <nil>}": {"Key":"from","Type":15,"Integer":0,"String":"e","Interface":null}}
2025-08-15T22:12:56.013-0500	DEBUG	protocol/handler.go:1600	waiting for broadcasts	{"{round 20 3  <nil>}": {"Key":"missing","Type":15,"Integer":0,"String":"[c]","Interface":null}}
2025-08-15T22:12:56.005-0500	DEBUG	protocol/handler.go:1591	have processed broadcast	{"{round 20 3  <nil>}": {"Key":"from","Type":15,"Integer":0,"String":"d","Interface":null}}
2025-08-15T22:12:56.013-0500	DEBUG	protocol/handler.go:1591	have processed broadcast	{"{round 20 3  <nil>}": {"Key":"from","Type":15,"Integer":0,"String":"e","Interface":null}}
2025-08-15T22:12:56.013-0500	DEBUG	protocol/handler.go:1600	waiting for broadcasts	{"{round 20 3  <nil>}": {"Key":"missing","Type":15,"Integer":0,"String":"[c]","Interface":null}}
2025-08-15T22:12:56.013-0500	DEBUG	protocol/handler.go:581	tryAdvanceRound called	{"{current_round 20 3  <nil>}": {"Key":"self","Type":15,"Integer":0,"String":"a","Interface":null}}
2025-08-15T22:12:56.013-0500	DEBUG	protocol/handler.go:1591	have processed broadcast	{"{round 20 3  <nil>}": {"Key":"from","Type":15,"Integer":0,"String":"b","Interface":null}}
2025-08-15T22:12:55.967-0500	DEBUG	protocol/handler.go:581	tryAdvanceRound called	{"{current_round 20 3  <nil>}": {"Key":"self","Type":15,"Integer":0,"String":"d","Interface":null}}
2025-08-15T22:12:56.016-0500	DEBUG	protocol/handler.go:1591	have processed broadcast	{"{round 20 3  <nil>}": {"Key":"from","Type":15,"Integer":0,"String":"a","Interface":null}}
2025-08-15T22:12:56.016-0500	DEBUG	protocol/handler.go:1591	have processed broadcast	{"{round 20 3  <nil>}": {"Key":"from","Type":15,"Integer":0,"String":"b","Interface":null}}
2025-08-15T22:12:55.950-0500	DEBUG	protocol/handler.go:1081	sent message to output channel	{"{from 15 0 e <nil>}": {"Key":"to","Type":15,"Integer":0,"String":"d","Interface":null}, "{round 20 3  <nil>}": {"Key":"broadcast","Type":4,"Integer":0,"String":"","Interface":null}}
2025-08-15T22:12:56.067-0500	DEBUG	protocol/handler.go:1182	finalized round messages	{"{round 20 2  <nil>}": {"Key":"messages","Type":11,"Integer":5,"String":"","Interface":null}}
2025-08-15T22:12:55.973-0500	DEBUG	protocol/handler.go:1591	have processed broadcast	{"{round 20 2  <nil>}": {"Key":"from","Type":15,"Integer":0,"String":"a","Interface":null}}
2025-08-15T22:12:56.067-0500	DEBUG	protocol/handler.go:1591	have processed broadcast	{"{round 20 2  <nil>}": {"Key":"from","Type":15,"Integer":0,"String":"b","Interface":null}}
2025-08-15T22:12:56.067-0500	DEBUG	protocol/handler.go:1591	have processed broadcast	{"{round 20 2  <nil>}": {"Key":"from","Type":15,"Integer":0,"String":"c","Interface":null}}
2025-08-15T22:12:56.068-0500	DEBUG	protocol/handler.go:1591	have processed broadcast	{"{round 20 2  <nil>}": {"Key":"from","Type":15,"Integer":0,"String":"d","Interface":null}}
2025-08-15T22:12:55.966-0500	DEBUG	protocol/handler.go:437	processing message	{"{from 15 0 b <nil>}": {"Key":"to","Type":15,"Integer":0,"String":"","Interface":null}, "{round 20 3  <nil>}": {"Key":"broadcast","Type":4,"Integer":1,"String":"","Interface":null}}
2025-08-15T22:12:56.068-0500	DEBUG	protocol/handler.go:1657	storing broadcast	{"{round 20 3  <nil>}": {"Key":"from","Type":15,"Integer":0,"String":"b","Interface":null}}
2025-08-15T22:12:56.068-0500	DEBUG	protocol/handler.go:470	message for different round (buffering)	{"{msg_round 20 3  <nil>}": {"Key":"current_round","Type":20,"Integer":2,"String":"","Interface":null}}
2025-08-15T22:12:56.068-0500	DEBUG	protocol/handler.go:581	tryAdvanceRound called	{"{current_round 20 2  <nil>}": {"Key":"self","Type":15,"Integer":0,"String":"e","Interface":null}}
2025-08-15T22:12:56.068-0500	DEBUG	protocol/handler.go:1591	have processed broadcast	{"{round 20 2  <nil>}": {"Key":"from","Type":15,"Integer":0,"String":"a","Interface":null}}
2025-08-15T22:12:56.068-0500	DEBUG	protocol/handler.go:1591	have processed broadcast	{"{round 20 2  <nil>}": {"Key":"from","Type":15,"Integer":0,"String":"b","Interface":null}}
2025-08-15T22:12:56.005-0500	DEBUG	protocol/handler.go:596	round already finalized
2025-08-15T22:12:56.068-0500	DEBUG	protocol/handler.go:600	current round already advanced	{"{checking 20 2  <nil>}": {"Key":"current","Type":20,"Integer":3,"String":"","Interface":null}}
2025-08-15T22:12:56.014-0500	DEBUG	protocol/handler.go:1591	have processed broadcast	{"{round 20 3  <nil>}": {"Key":"from","Type":15,"Integer":0,"String":"d","Interface":null}}
2025-08-15T22:12:56.068-0500	DEBUG	protocol/handler.go:1591	have processed broadcast	{"{round 20 3  <nil>}": {"Key":"from","Type":15,"Integer":0,"String":"e","Interface":null}}
2025-08-15T22:12:55.967-0500	DEBUG	protocol/handler.go:1306	waiting for broadcast before normal message
2025-08-15T22:12:56.014-0500	DEBUG	protocol/handler.go:432	processMessage: p2p round 3 START	{"{from 15 0 c <nil>}": {"Key":"to","Type":15,"Integer":0,"String":"a","Interface":null}}
2025-08-15T22:12:56.068-0500	DEBUG	protocol/handler.go:437	processing message	{"{from 15 0 c <nil>}": {"Key":"to","Type":15,"Integer":0,"String":"a","Interface":null}, "{round 20 3  <nil>}": {"Key":"broadcast","Type":4,"Integer":0,"String":"","Interface":null}}
2025-08-15T22:12:56.014-0500	DEBUG	protocol/handler.go:437	processing message	{"{from 15 0 c <nil>}": {"Key":"to","Type":15,"Integer":0,"String":"","Interface":null}, "{round 20 3  <nil>}": {"Key":"broadcast","Type":4,"Integer":1,"String":"","Interface":null}}
2025-08-15T22:12:56.068-0500	DEBUG	protocol/handler.go:1657	storing broadcast	{"{round 20 3  <nil>}": {"Key":"from","Type":15,"Integer":0,"String":"c","Interface":null}}
2025-08-15T22:12:56.068-0500	DEBUG	protocol/handler.go:470	message for different round (buffering)	{"{msg_round 20 3  <nil>}": {"Key":"current_round","Type":20,"Integer":2,"String":"","Interface":null}}
2025-08-15T22:12:56.014-0500	DEBUG	protocol/handler.go:432	processMessage: p2p round 3 START	{"{from 15 0 c <nil>}": {"Key":"to","Type":15,"Integer":0,"String":"e","Interface":null}}
2025-08-15T22:12:56.068-0500	DEBUG	protocol/handler.go:437	processing message	{"{from 15 0 c <nil>}": {"Key":"to","Type":15,"Integer":0,"String":"e","Interface":null}, "{round 20 3  <nil>}": {"Key":"broadcast","Type":4,"Integer":0,"String":"","Interface":null}}
2025-08-15T22:12:56.068-0500	DEBUG	protocol/handler.go:1662	storing message	{"{round 20 3  <nil>}": {"Key":"from","Type":15,"Integer":0,"String":"c","Interface":null}}
2025-08-15T22:12:56.014-0500	DEBUG	protocol/handler.go:437	processing message	{"{from 15 0 c <nil>}": {"Key":"to","Type":15,"Integer":0,"String":"","Interface":null}, "{round 20 3  <nil>}": {"Key":"broadcast","Type":4,"Integer":1,"String":"","Interface":null}}
2025-08-15T22:12:56.069-0500	DEBUG	protocol/handler.go:1657	storing broadcast	{"{round 20 3  <nil>}": {"Key":"from","Type":15,"Integer":0,"String":"c","Interface":null}}
2025-08-15T22:12:56.069-0500	DEBUG	protocol/handler.go:581	tryAdvanceRound called	{"{current_round 20 3  <nil>}": {"Key":"self","Type":15,"Integer":0,"String":"a","Interface":null}}
2025-08-15T22:12:56.014-0500	DEBUG	protocol/handler.go:437	processing message	{"{from 15 0 c <nil>}": {"Key":"to","Type":15,"Integer":0,"String":"","Interface":null}, "{round 20 3  <nil>}": {"Key":"broadcast","Type":4,"Integer":1,"String":"","Interface":null}}
2025-08-15T22:12:56.069-0500	DEBUG	protocol/handler.go:1657	storing broadcast	{"{round 20 3  <nil>}": {"Key":"from","Type":15,"Integer":0,"String":"c","Interface":null}}
2025-08-15T22:12:56.014-0500	DEBUG	protocol/handler.go:432	processMessage: p2p round 3 START	{"{from 15 0 c <nil>}": {"Key":"to","Type":15,"Integer":0,"String":"d","Interface":null}}
2025-08-15T22:12:56.069-0500	DEBUG	protocol/handler.go:437	processing message	{"{from 15 0 c <nil>}": {"Key":"to","Type":15,"Integer":0,"String":"d","Interface":null}, "{round 20 3  <nil>}": {"Key":"broadcast","Type":4,"Integer":0,"String":"","Interface":null}}
2025-08-15T22:12:56.069-0500	DEBUG	protocol/handler.go:1662	storing message	{"{round 20 3  <nil>}": {"Key":"from","Type":15,"Integer":0,"String":"c","Interface":null}}
2025-08-15T22:12:56.014-0500	DEBUG	protocol/handler.go:437	processing message	{"{from 15 0 c <nil>}": {"Key":"to","Type":15,"Integer":0,"String":"","Interface":null}, "{round 20 3  <nil>}": {"Key":"broadcast","Type":4,"Integer":1,"String":"","Interface":null}}
2025-08-15T22:12:56.069-0500	DEBUG	protocol/handler.go:1657	storing broadcast	{"{round 20 3  <nil>}": {"Key":"from","Type":15,"Integer":0,"String":"c","Interface":null}}
2025-08-15T22:12:56.014-0500	DEBUG	protocol/handler.go:432	processMessage: p2p round 3 START	{"{from 15 0 c <nil>}": {"Key":"to","Type":15,"Integer":0,"String":"b","Interface":null}}
2025-08-15T22:12:56.069-0500	DEBUG	protocol/handler.go:437	processing message	{"{from 15 0 c <nil>}": {"Key":"to","Type":15,"Integer":0,"String":"b","Interface":null}, "{round 20 3  <nil>}": {"Key":"broadcast","Type":4,"Integer":0,"String":"","Interface":null}}
2025-08-15T22:12:56.069-0500	DEBUG	protocol/handler.go:1662	storing message	{"{round 20 3  <nil>}": {"Key":"from","Type":15,"Integer":0,"String":"c","Interface":null}}
2025-08-15T22:12:56.016-0500	DEBUG	protocol/handler.go:581	tryAdvanceRound called	{"{current_round 20 3  <nil>}": {"Key":"self","Type":15,"Integer":0,"String":"b","Interface":null}}
2025-08-15T22:12:55.973-0500	DEBUG	protocol/handler.go:1649	have all messages and processed	{"{round 20 2  <nil>}": {"Key":"self","Type":15,"Integer":0,"String":"b","Interface":null}}
2025-08-15T22:12:56.070-0500	DEBUG	protocol/handler.go:596	round already finalized
2025-08-15T22:12:56.070-0500	DEBUG	protocol/handler.go:600	current round already advanced	{"{checking 20 2  <nil>}": {"Key":"current","Type":20,"Integer":3,"String":"","Interface":null}}
2025-08-15T22:12:56.067-0500	DEBUG	protocol/handler.go:1591	have processed broadcast	{"{round 20 3  <nil>}": {"Key":"from","Type":15,"Integer":0,"String":"e","Interface":null}}
2025-08-15T22:12:56.070-0500	DEBUG	protocol/handler.go:1600	waiting for broadcasts	{"{round 20 3  <nil>}": {"Key":"missing","Type":15,"Integer":0,"String":"[c]","Interface":null}}
==================
WARNING: DATA RACE
Write at 0x00c0009cc0bc by goroutine 418:
  ??()
      -:0 +0x104ada650
  sync/atomic.CompareAndSwapInt32()
      <autogenerated>:1 +0x18
  sync.(*Mutex).Lock()
      /opt/homebrew/Cellar/go/1.24.6/libexec/src/sync/mutex.go:46 +0x2c
  github.com/luxfi/threshold/protocols/frost/keygen.(*round2).StoreBroadcastMessage()
      /Users/z/work/lux/threshold/protocols/frost/keygen/round2.go:57 +0x58
  github.com/luxfi/threshold/pkg/protocol.(*Handler).verifyBroadcastForRound()
      /Users/z/work/lux/threshold/pkg/protocol/handler.go:1277 +0x3a0
  github.com/luxfi/threshold/pkg/protocol.(*Handler).processQueuedMessages()
      /Users/z/work/lux/threshold/pkg/protocol/handler.go:1513 +0x718
  github.com/luxfi/threshold/pkg/protocol.(*Handler).tryAdvanceRound.gowrap2()
      /Users/z/work/lux/threshold/pkg/protocol/handler.go:673 +0x40

Previous read at 0x00c0009cc0b8 by goroutine 299:
  github.com/luxfi/threshold/protocols/frost/keygen.(*round2).Number()
      <autogenerated>:1 +0x38
  github.com/luxfi/threshold/pkg/protocol.(*Handler).tryAdvanceRound()
      /Users/z/work/lux/threshold/pkg/protocol/handler.go:601 +0x4b0
  github.com/luxfi/threshold/pkg/protocol.(*Handler).processMessage()
      /Users/z/work/lux/threshold/pkg/protocol/handler.go:474 +0xb70
  github.com/luxfi/threshold/pkg/protocol.(*Handler).messageWorker()
      /Users/z/work/lux/threshold/pkg/protocol/handler.go:408 +0x338
  github.com/luxfi/threshold/pkg/protocol.(*Handler).startWorkers.gowrap2()
      /Users/z/work/lux/threshold/pkg/protocol/handler.go:361 +0x44

Goroutine 418 (running) created at:
  github.com/luxfi/threshold/pkg/protocol.(*Handler).tryAdvanceRound()
      /Users/z/work/lux/threshold/pkg/protocol/handler.go:673 +0x12e4
  github.com/luxfi/threshold/pkg/protocol.(*Handler).processMessage()
      /Users/z/work/lux/threshold/pkg/protocol/handler.go:474 +0xb70
  github.com/luxfi/threshold/pkg/protocol.(*Handler).messageWorker()
      /Users/z/work/lux/threshold/pkg/protocol/handler.go:408 +0x338
  github.com/luxfi/threshold/pkg/protocol.(*Handler).startWorkers.gowrap1()
      /Users/z/work/lux/threshold/pkg/protocol/handler.go:355 +0x44

Goroutine 299 (running) created at:
  github.com/luxfi/threshold/pkg/protocol.(*Handler).startWorkers()
      /Users/z/work/lux/threshold/pkg/protocol/handler.go:361 +0x334
  github.com/luxfi/threshold/pkg/protocol.NewHandler()
      /Users/z/work/lux/threshold/pkg/protocol/handler.go:247 +0xf10
  github.com/luxfi/threshold/internal/test.(*Harness).CreateHandler()
      /Users/z/work/lux/threshold/internal/test/harness.go:91 +0x2e4
  github.com/luxfi/threshold/protocols/frost.TestFrostKeygenOnly()
      /Users/z/work/lux/threshold/protocols/frost/simple_test.go:25 +0x200
  testing.tRunner()
      /opt/homebrew/Cellar/go/1.24.6/libexec/src/testing/testing.go:1792 +0x180
  testing.(*T).Run.gowrap1()
      /opt/homebrew/Cellar/go/1.24.6/libexec/src/testing/testing.go:1851 +0x40
==================
2025-08-15T22:12:56.071-0500	DEBUG	protocol/handler.go:1239	finalize returned next round	{"{current 20 2  <nil>}": {"Key":"next","Type":20,"Integer":3,"String":"","Interface":null}}
2025-08-15T22:12:56.071-0500	INFO	protocol/handler.go:642	storing new currentRound	{"{from 20 2  <nil>}": {"Key":"to","Type":20,"Integer":3,"String":"","Interface":null}}
2025-08-15T22:12:56.071-0500	DEBUG	protocol/handler.go:1503	processing queued messages
2025-08-15T22:12:56.068-0500	DEBUG	protocol/handler.go:1649	have all messages and processed	{"{round 20 2  <nil>}": {"Key":"self","Type":15,"Integer":0,"String":"e","Interface":null}}
2025-08-15T22:12:56.071-0500	DEBUG	protocol/handler.go:596	round already finalized
2025-08-15T22:12:56.071-0500	DEBUG	protocol/handler.go:600	current round already advanced	{"{checking 20 2  <nil>}": {"Key":"current","Type":20,"Integer":3,"String":"","Interface":null}}
2025-08-15T22:12:56.068-0500	DEBUG	protocol/handler.go:1591	have processed broadcast	{"{round 20 2  <nil>}": {"Key":"from","Type":15,"Integer":0,"String":"c","Interface":null}}
2025-08-15T22:12:56.071-0500	DEBUG	protocol/handler.go:1591	have processed broadcast	{"{round 20 2  <nil>}": {"Key":"from","Type":15,"Integer":0,"String":"d","Interface":null}}
2025-08-15T22:12:56.072-0500	DEBUG	protocol/handler.go:1600	waiting for broadcasts	{"{round 20 3  <nil>}": {"Key":"missing","Type":15,"Integer":0,"String":"[c]","Interface":null}}
2025-08-15T22:12:56.072-0500	DEBUG	protocol/handler.go:581	tryAdvanceRound called	{"{current_round 20 3  <nil>}": {"Key":"self","Type":15,"Integer":0,"String":"a","Interface":null}}
2025-08-15T22:12:56.068-0500	DEBUG	protocol/handler.go:1662	storing message	{"{round 20 3  <nil>}": {"Key":"from","Type":15,"Integer":0,"String":"c","Interface":null}}
2025-08-15T22:12:56.068-0500	DEBUG	protocol/handler.go:581	tryAdvanceRound called	{"{current_round 20 2  <nil>}": {"Key":"self","Type":15,"Integer":0,"String":"e","Interface":null}}
2025-08-15T22:12:56.089-0500	DEBUG	protocol/handler.go:1591	have processed broadcast	{"{round 20 3  <nil>}": {"Key":"from","Type":15,"Integer":0,"String":"b","Interface":null}}
2025-08-15T22:12:56.068-0500	DEBUG	protocol/handler.go:470	message for different round (buffering)	{"{msg_round 20 3  <nil>}": {"Key":"current_round","Type":20,"Integer":2,"String":"","Interface":null}}
2025-08-15T22:12:56.090-0500	DEBUG	protocol/handler.go:581	tryAdvanceRound called	{"{current_round 20 3  <nil>}": {"Key":"self","Type":15,"Integer":0,"String":"e","Interface":null}}
2025-08-15T22:12:56.070-0500	DEBUG	protocol/handler.go:581	tryAdvanceRound called	{"{current_round 20 3  <nil>}": {"Key":"self","Type":15,"Integer":0,"String":"d","Interface":null}}
2025-08-15T22:12:56.071-0500	DEBUG	protocol/handler.go:1503	processing queued messages
2025-08-15T22:12:56.071-0500	DEBUG	protocol/handler.go:1649	have all messages and processed	{"{round 20 2  <nil>}": {"Key":"self","Type":15,"Integer":0,"String":"e","Interface":null}}
2025-08-15T22:12:56.092-0500	DEBUG	protocol/handler.go:1591	have processed broadcast	{"{round 20 3  <nil>}": {"Key":"from","Type":15,"Integer":0,"String":"b","Interface":null}}
2025-08-15T22:12:56.092-0500	DEBUG	protocol/handler.go:596	round already finalized
2025-08-15T22:12:56.092-0500	DEBUG	protocol/handler.go:1591	have processed broadcast	{"{round 20 3  <nil>}": {"Key":"from","Type":15,"Integer":0,"String":"c","Interface":null}}
2025-08-15T22:12:56.092-0500	DEBUG	protocol/handler.go:1591	have processed broadcast	{"{round 20 3  <nil>}": {"Key":"from","Type":15,"Integer":0,"String":"d","Interface":null}}
2025-08-15T22:12:56.092-0500	DEBUG	protocol/handler.go:1591	have processed broadcast	{"{round 20 3  <nil>}": {"Key":"from","Type":15,"Integer":0,"String":"e","Interface":null}}
2025-08-15T22:12:56.092-0500	DEBUG	protocol/handler.go:1642	waiting for message processing	{"{round 20 3  <nil>}": {"Key":"unprocessed","Type":15,"Integer":0,"String":"[c]","Interface":null}}
2025-08-15T22:12:56.092-0500	DEBUG	protocol/handler.go:581	tryAdvanceRound called	{"{current_round 20 3  <nil>}": {"Key":"self","Type":15,"Integer":0,"String":"a","Interface":null}}
2025-08-15T22:12:56.092-0500	DEBUG	protocol/handler.go:600	current round already advanced	{"{checking 20 2  <nil>}": {"Key":"current","Type":20,"Integer":3,"String":"","Interface":null}}
2025-08-15T22:12:56.092-0500	DEBUG	protocol/handler.go:1591	have processed broadcast	{"{round 20 2  <nil>}": {"Key":"from","Type":15,"Integer":0,"String":"a","Interface":null}}
2025-08-15T22:12:56.093-0500	DEBUG	protocol/handler.go:1591	have processed broadcast	{"{round 20 2  <nil>}": {"Key":"from","Type":15,"Integer":0,"String":"b","Interface":null}}
2025-08-15T22:12:56.093-0500	DEBUG	protocol/handler.go:581	tryAdvanceRound called	{"{current_round 20 3  <nil>}": {"Key":"self","Type":15,"Integer":0,"String":"b","Interface":null}}
2025-08-15T22:12:56.093-0500	DEBUG	protocol/handler.go:1591	have processed broadcast	{"{round 20 2  <nil>}": {"Key":"from","Type":15,"Integer":0,"String":"c","Interface":null}}
2025-08-15T22:12:56.093-0500	DEBUG	protocol/handler.go:1591	have processed broadcast	{"{round 20 2  <nil>}": {"Key":"from","Type":15,"Integer":0,"String":"d","Interface":null}}
2025-08-15T22:12:56.093-0500	DEBUG	protocol/handler.go:1649	have all messages and processed	{"{round 20 2  <nil>}": {"Key":"self","Type":15,"Integer":0,"String":"e","Interface":null}}
2025-08-15T22:12:56.093-0500	DEBUG	protocol/handler.go:596	round already finalized
2025-08-15T22:12:56.093-0500	DEBUG	protocol/handler.go:600	current round already advanced	{"{checking 20 2  <nil>}": {"Key":"current","Type":20,"Integer":3,"String":"","Interface":null}}
2025-08-15T22:12:56.093-0500	DEBUG	protocol/handler.go:1591	have processed broadcast	{"{round 20 3  <nil>}": {"Key":"from","Type":15,"Integer":0,"String":"a","Interface":null}}
2025-08-15T22:12:56.093-0500	DEBUG	protocol/handler.go:1591	have processed broadcast	{"{round 20 3  <nil>}": {"Key":"from","Type":15,"Integer":0,"String":"b","Interface":null}}
2025-08-15T22:12:56.093-0500	DEBUG	protocol/handler.go:1591	have processed broadcast	{"{round 20 3  <nil>}": {"Key":"from","Type":15,"Integer":0,"String":"c","Interface":null}}
2025-08-15T22:12:56.093-0500	DEBUG	protocol/handler.go:1591	have processed broadcast	{"{round 20 3  <nil>}": {"Key":"from","Type":15,"Integer":0,"String":"e","Interface":null}}
2025-08-15T22:12:56.093-0500	DEBUG	protocol/handler.go:1649	have all messages and processed	{"{round 20 3  <nil>}": {"Key":"self","Type":15,"Integer":0,"String":"d","Interface":null}}
2025-08-15T22:12:56.093-0500	DEBUG	protocol/handler.go:619	finalizing round
2025-08-15T22:12:56.094-0500	DEBUG	protocol/handler.go:1591	have processed broadcast	{"{round 20 3  <nil>}": {"Key":"from","Type":15,"Integer":0,"String":"a","Interface":null}}
2025-08-15T22:12:56.095-0500	DEBUG	protocol/handler.go:1591	have processed broadcast	{"{round 20 3  <nil>}": {"Key":"from","Type":15,"Integer":0,"String":"c","Interface":null}}
2025-08-15T22:12:56.095-0500	DEBUG	protocol/handler.go:1591	have processed broadcast	{"{round 20 3  <nil>}": {"Key":"from","Type":15,"Integer":0,"String":"d","Interface":null}}
2025-08-15T22:12:56.095-0500	DEBUG	protocol/handler.go:1591	have processed broadcast	{"{round 20 3  <nil>}": {"Key":"from","Type":15,"Integer":0,"String":"e","Interface":null}}
2025-08-15T22:12:56.095-0500	DEBUG	protocol/handler.go:1591	have processed broadcast	{"{round 20 3  <nil>}": {"Key":"from","Type":15,"Integer":0,"String":"a","Interface":null}}
2025-08-15T22:12:56.095-0500	DEBUG	protocol/handler.go:1649	have all messages and processed	{"{round 20 3  <nil>}": {"Key":"self","Type":15,"Integer":0,"String":"b","Interface":null}}
2025-08-15T22:12:56.095-0500	DEBUG	protocol/handler.go:1591	have processed broadcast	{"{round 20 3  <nil>}": {"Key":"from","Type":15,"Integer":0,"String":"c","Interface":null}}
2025-08-15T22:12:56.095-0500	DEBUG	protocol/handler.go:619	finalizing round
2025-08-15T22:12:56.095-0500	DEBUG	protocol/handler.go:1591	have processed broadcast	{"{round 20 3  <nil>}": {"Key":"from","Type":15,"Integer":0,"String":"d","Interface":null}}
2025-08-15T22:12:56.095-0500	DEBUG	protocol/handler.go:1591	have processed broadcast	{"{round 20 3  <nil>}": {"Key":"from","Type":15,"Integer":0,"String":"e","Interface":null}}
2025-08-15T22:12:56.095-0500	DEBUG	protocol/handler.go:1649	have all messages and processed	{"{round 20 3  <nil>}": {"Key":"self","Type":15,"Integer":0,"String":"b","Interface":null}}
2025-08-15T22:12:56.095-0500	DEBUG	protocol/handler.go:1591	have processed broadcast	{"{round 20 3  <nil>}": {"Key":"from","Type":15,"Integer":0,"String":"b","Interface":null}}
2025-08-15T22:12:56.095-0500	DEBUG	protocol/handler.go:1591	have processed broadcast	{"{round 20 3  <nil>}": {"Key":"from","Type":15,"Integer":0,"String":"c","Interface":null}}
2025-08-15T22:12:56.095-0500	DEBUG	protocol/handler.go:1591	have processed broadcast	{"{round 20 3  <nil>}": {"Key":"from","Type":15,"Integer":0,"String":"d","Interface":null}}
2025-08-15T22:12:56.095-0500	DEBUG	protocol/handler.go:1591	have processed broadcast	{"{round 20 3  <nil>}": {"Key":"from","Type":15,"Integer":0,"String":"e","Interface":null}}
2025-08-15T22:12:56.095-0500	DEBUG	protocol/handler.go:1649	have all messages and processed	{"{round 20 3  <nil>}": {"Key":"self","Type":15,"Integer":0,"String":"a","Interface":null}}
2025-08-15T22:12:56.095-0500	DEBUG	protocol/handler.go:619	finalizing round
2025-08-15T22:12:56.095-0500	DEBUG	protocol/handler.go:596	round already finalized
2025-08-15T22:12:56.096-0500	DEBUG	protocol/handler.go:581	tryAdvanceRound called	{"{current_round 20 3  <nil>}": {"Key":"self","Type":15,"Integer":0,"String":"b","Interface":null}}
2025-08-15T22:12:56.096-0500	DEBUG	protocol/handler.go:1591	have processed broadcast	{"{round 20 3  <nil>}": {"Key":"from","Type":15,"Integer":0,"String":"a","Interface":null}}
2025-08-15T22:12:56.096-0500	DEBUG	protocol/handler.go:1591	have processed broadcast	{"{round 20 3  <nil>}": {"Key":"from","Type":15,"Integer":0,"String":"c","Interface":null}}
2025-08-15T22:12:56.096-0500	DEBUG	protocol/handler.go:1591	have processed broadcast	{"{round 20 3  <nil>}": {"Key":"from","Type":15,"Integer":0,"String":"d","Interface":null}}
2025-08-15T22:12:56.069-0500	DEBUG	protocol/handler.go:581	tryAdvanceRound called	{"{current_round 20 3  <nil>}": {"Key":"self","Type":15,"Integer":0,"String":"b","Interface":null}}
2025-08-15T22:12:56.096-0500	DEBUG	protocol/handler.go:1591	have processed broadcast	{"{round 20 3  <nil>}": {"Key":"from","Type":15,"Integer":0,"String":"e","Interface":null}}
2025-08-15T22:12:56.096-0500	DEBUG	protocol/handler.go:1591	have processed broadcast	{"{round 20 3  <nil>}": {"Key":"from","Type":15,"Integer":0,"String":"a","Interface":null}}
2025-08-15T22:12:56.096-0500	DEBUG	protocol/handler.go:1649	have all messages and processed	{"{round 20 3  <nil>}": {"Key":"self","Type":15,"Integer":0,"String":"b","Interface":null}}
2025-08-15T22:12:56.096-0500	DEBUG	protocol/handler.go:596	round already finalized
2025-08-15T22:12:56.096-0500	DEBUG	protocol/handler.go:1591	have processed broadcast	{"{round 20 3  <nil>}": {"Key":"from","Type":15,"Integer":0,"String":"c","Interface":null}}
2025-08-15T22:12:56.096-0500	DEBUG	protocol/handler.go:1591	have processed broadcast	{"{round 20 3  <nil>}": {"Key":"from","Type":15,"Integer":0,"String":"d","Interface":null}}
2025-08-15T22:12:56.096-0500	DEBUG	protocol/handler.go:1591	have processed broadcast	{"{round 20 3  <nil>}": {"Key":"from","Type":15,"Integer":0,"String":"e","Interface":null}}
2025-08-15T22:12:56.096-0500	DEBUG	protocol/handler.go:1649	have all messages and processed	{"{round 20 3  <nil>}": {"Key":"self","Type":15,"Integer":0,"String":"b","Interface":null}}
2025-08-15T22:12:56.096-0500	DEBUG	protocol/handler.go:1591	have processed broadcast	{"{round 20 2  <nil>}": {"Key":"from","Type":15,"Integer":0,"String":"a","Interface":null}}
2025-08-15T22:12:56.096-0500	DEBUG	protocol/handler.go:596	round already finalized
2025-08-15T22:12:56.096-0500	DEBUG	protocol/handler.go:1591	have processed broadcast	{"{round 20 2  <nil>}": {"Key":"from","Type":15,"Integer":0,"String":"b","Interface":null}}
2025-08-15T22:12:56.096-0500	DEBUG	protocol/handler.go:1591	have processed broadcast	{"{round 20 3  <nil>}": {"Key":"from","Type":15,"Integer":0,"String":"c","Interface":null}}
2025-08-15T22:12:56.096-0500	DEBUG	protocol/handler.go:1591	have processed broadcast	{"{round 20 2  <nil>}": {"Key":"from","Type":15,"Integer":0,"String":"d","Interface":null}}
2025-08-15T22:12:56.096-0500	DEBUG	protocol/handler.go:1591	have processed broadcast	{"{round 20 3  <nil>}": {"Key":"from","Type":15,"Integer":0,"String":"d","Interface":null}}
2025-08-15T22:12:56.096-0500	DEBUG	protocol/handler.go:1591	have processed broadcast	{"{round 20 2  <nil>}": {"Key":"from","Type":15,"Integer":0,"String":"e","Interface":null}}
2025-08-15T22:12:56.096-0500	DEBUG	protocol/handler.go:1591	have processed broadcast	{"{round 20 3  <nil>}": {"Key":"from","Type":15,"Integer":0,"String":"e","Interface":null}}
2025-08-15T22:12:56.096-0500	DEBUG	protocol/handler.go:1649	have all messages and processed	{"{round 20 2  <nil>}": {"Key":"self","Type":15,"Integer":0,"String":"c","Interface":null}}
2025-08-15T22:12:56.096-0500	DEBUG	protocol/handler.go:1649	have all messages and processed	{"{round 20 3  <nil>}": {"Key":"self","Type":15,"Integer":0,"String":"a","Interface":null}}
2025-08-15T22:12:56.096-0500	DEBUG	protocol/handler.go:596	round already finalized
2025-08-15T22:12:56.096-0500	DEBUG	protocol/handler.go:596	round already finalized
2025-08-15T22:12:56.096-0500	DEBUG	protocol/handler.go:600	current round already advanced	{"{checking 20 2  <nil>}": {"Key":"current","Type":20,"Integer":3,"String":"","Interface":null}}
2025-08-15T22:12:56.097-0500	INFO	protocol/handler.go:560	advanced to round
2025-08-15T22:12:56.097-0500	DEBUG	protocol/handler.go:581	tryAdvanceRound called	{"{current_round 20 3  <nil>}": {"Key":"self","Type":15,"Integer":0,"String":"c","Interface":null}}
2025-08-15T22:12:56.096-0500	DEBUG	protocol/handler.go:581	tryAdvanceRound called	{"{current_round 20 3  <nil>}": {"Key":"self","Type":15,"Integer":0,"String":"d","Interface":null}}
2025-08-15T22:12:56.097-0500	DEBUG	protocol/handler.go:1591	have processed broadcast	{"{round 20 3  <nil>}": {"Key":"from","Type":15,"Integer":0,"String":"a","Interface":null}}
2025-08-15T22:12:56.097-0500	DEBUG	protocol/handler.go:1591	have processed broadcast	{"{round 20 3  <nil>}": {"Key":"from","Type":15,"Integer":0,"String":"a","Interface":null}}
2025-08-15T22:12:56.097-0500	DEBUG	protocol/handler.go:1591	have processed broadcast	{"{round 20 3  <nil>}": {"Key":"from","Type":15,"Integer":0,"String":"b","Interface":null}}
2025-08-15T22:12:56.097-0500	DEBUG	protocol/handler.go:1591	have processed broadcast	{"{round 20 3  <nil>}": {"Key":"from","Type":15,"Integer":0,"String":"d","Interface":null}}
2025-08-15T22:12:56.097-0500	DEBUG	protocol/handler.go:1591	have processed broadcast	{"{round 20 3  <nil>}": {"Key":"from","Type":15,"Integer":0,"String":"e","Interface":null}}
2025-08-15T22:12:56.097-0500	DEBUG	protocol/handler.go:1649	have all messages and processed	{"{round 20 3  <nil>}": {"Key":"self","Type":15,"Integer":0,"String":"c","Interface":null}}
2025-08-15T22:12:56.097-0500	DEBUG	protocol/handler.go:619	finalizing round
2025-08-15T22:12:56.097-0500	DEBUG	protocol/handler.go:1591	have processed broadcast	{"{round 20 3  <nil>}": {"Key":"from","Type":15,"Integer":0,"String":"b","Interface":null}}
2025-08-15T22:12:56.097-0500	DEBUG	protocol/handler.go:1591	have processed broadcast	{"{round 20 3  <nil>}": {"Key":"from","Type":15,"Integer":0,"String":"a","Interface":null}}
2025-08-15T22:12:56.097-0500	DEBUG	protocol/handler.go:1591	have processed broadcast	{"{round 20 3  <nil>}": {"Key":"from","Type":15,"Integer":0,"String":"c","Interface":null}}
2025-08-15T22:12:56.097-0500	DEBUG	protocol/handler.go:1591	have processed broadcast	{"{round 20 3  <nil>}": {"Key":"from","Type":15,"Integer":0,"String":"c","Interface":null}}
2025-08-15T22:12:56.097-0500	DEBUG	protocol/handler.go:1591	have processed broadcast	{"{round 20 3  <nil>}": {"Key":"from","Type":15,"Integer":0,"String":"d","Interface":null}}
2025-08-15T22:12:56.097-0500	DEBUG	protocol/handler.go:1591	have processed broadcast	{"{round 20 3  <nil>}": {"Key":"from","Type":15,"Integer":0,"String":"e","Interface":null}}
2025-08-15T22:12:56.097-0500	DEBUG	protocol/handler.go:1649	have all messages and processed	{"{round 20 3  <nil>}": {"Key":"self","Type":15,"Integer":0,"String":"b","Interface":null}}
2025-08-15T22:12:56.097-0500	DEBUG	protocol/handler.go:596	round already finalized
2025-08-15T22:12:56.097-0500	DEBUG	protocol/handler.go:581	tryAdvanceRound called	{"{current_round 20 3  <nil>}": {"Key":"self","Type":15,"Integer":0,"String":"b","Interface":null}}
2025-08-15T22:12:56.098-0500	DEBUG	protocol/handler.go:1591	have processed broadcast	{"{round 20 3  <nil>}": {"Key":"from","Type":15,"Integer":0,"String":"a","Interface":null}}
2025-08-15T22:12:56.097-0500	DEBUG	protocol/handler.go:1591	have processed broadcast	{"{round 20 3  <nil>}": {"Key":"from","Type":15,"Integer":0,"String":"e","Interface":null}}
2025-08-15T22:12:56.098-0500	DEBUG	protocol/handler.go:1649	have all messages and processed	{"{round 20 3  <nil>}": {"Key":"self","Type":15,"Integer":0,"String":"d","Interface":null}}
2025-08-15T22:12:56.098-0500	DEBUG	protocol/handler.go:596	round already finalized
2025-08-15T22:12:56.098-0500	DEBUG	protocol/handler.go:1591	have processed broadcast	{"{round 20 3  <nil>}": {"Key":"from","Type":15,"Integer":0,"String":"c","Interface":null}}
2025-08-15T22:12:56.098-0500	DEBUG	protocol/handler.go:1591	have processed broadcast	{"{round 20 3  <nil>}": {"Key":"from","Type":15,"Integer":0,"String":"d","Interface":null}}
2025-08-15T22:12:56.098-0500	DEBUG	protocol/handler.go:1591	have processed broadcast	{"{round 20 3  <nil>}": {"Key":"from","Type":15,"Integer":0,"String":"e","Interface":null}}
2025-08-15T22:12:56.098-0500	DEBUG	protocol/handler.go:1649	have all messages and processed	{"{round 20 3  <nil>}": {"Key":"self","Type":15,"Integer":0,"String":"b","Interface":null}}
2025-08-15T22:12:56.098-0500	DEBUG	protocol/handler.go:596	round already finalized
2025-08-15T22:12:56.071-0500	INFO	protocol/handler.go:560	advanced to round
2025-08-15T22:12:56.099-0500	DEBUG	protocol/handler.go:581	tryAdvanceRound called	{"{current_round 20 3  <nil>}": {"Key":"self","Type":15,"Integer":0,"String":"e","Interface":null}}
2025-08-15T22:12:56.099-0500	DEBUG	protocol/handler.go:1182	finalized round messages	{"{round 20 3  <nil>}": {"Key":"messages","Type":11,"Integer":0,"String":"","Interface":null}}
2025-08-15T22:12:56.100-0500	INFO	protocol/handler.go:1211	protocol completed	{"{self 15 0 b <nil>}": {"Key":"final_round","Type":20,"Integer":3,"String":"","Interface":null}}
2025-08-15T22:12:56.100-0500	DEBUG	protocol/handler.go:624	finalizeRound returned nil
2025-08-15T22:12:56.069-0500	DEBUG	protocol/handler.go:581	tryAdvanceRound called	{"{current_round 20 3  <nil>}": {"Key":"self","Type":15,"Integer":0,"String":"d","Interface":null}}
2025-08-15T22:12:56.100-0500	DEBUG	protocol/handler.go:1591	have processed broadcast	{"{round 20 3  <nil>}": {"Key":"from","Type":15,"Integer":0,"String":"a","Interface":null}}
2025-08-15T22:12:56.100-0500	DEBUG	protocol/handler.go:1591	have processed broadcast	{"{round 20 3  <nil>}": {"Key":"from","Type":15,"Integer":0,"String":"b","Interface":null}}
2025-08-15T22:12:56.100-0500	DEBUG	protocol/handler.go:1591	have processed broadcast	{"{round 20 3  <nil>}": {"Key":"from","Type":15,"Integer":0,"String":"c","Interface":null}}
2025-08-15T22:12:56.100-0500	DEBUG	protocol/handler.go:1591	have processed broadcast	{"{round 20 3  <nil>}": {"Key":"from","Type":15,"Integer":0,"String":"e","Interface":null}}
2025-08-15T22:12:56.100-0500	DEBUG	protocol/handler.go:1649	have all messages and processed	{"{round 20 3  <nil>}": {"Key":"self","Type":15,"Integer":0,"String":"d","Interface":null}}
2025-08-15T22:12:56.100-0500	DEBUG	protocol/handler.go:596	round already finalized
2025-08-15T22:12:56.100-0500	INFO	protocol/handler.go:787	protocol completed successfully
2025-08-15T22:12:56.100-0500	DEBUG	protocol/handler.go:1182	finalized round messages	{"{round 20 3  <nil>}": {"Key":"messages","Type":11,"Integer":0,"String":"","Interface":null}}
2025-08-15T22:12:56.100-0500	INFO	protocol/handler.go:1211	protocol completed	{"{self 15 0 a <nil>}": {"Key":"final_round","Type":20,"Integer":3,"String":"","Interface":null}}
2025-08-15T22:12:56.100-0500	DEBUG	protocol/handler.go:624	finalizeRound returned nil
2025-08-15T22:12:56.100-0500	DEBUG	protocol/handler.go:581	tryAdvanceRound called	{"{current_round 20 3  <nil>}": {"Key":"self","Type":15,"Integer":0,"String":"a","Interface":null}}
2025-08-15T22:12:56.100-0500	DEBUG	protocol/handler.go:1591	have processed broadcast	{"{round 20 3  <nil>}": {"Key":"from","Type":15,"Integer":0,"String":"b","Interface":null}}
2025-08-15T22:12:56.100-0500	DEBUG	protocol/handler.go:1591	have processed broadcast	{"{round 20 3  <nil>}": {"Key":"from","Type":15,"Integer":0,"String":"c","Interface":null}}
2025-08-15T22:12:56.100-0500	DEBUG	protocol/handler.go:1591	have processed broadcast	{"{round 20 3  <nil>}": {"Key":"from","Type":15,"Integer":0,"String":"d","Interface":null}}
2025-08-15T22:12:56.101-0500	DEBUG	protocol/handler.go:1591	have processed broadcast	{"{round 20 3  <nil>}": {"Key":"from","Type":15,"Integer":0,"String":"e","Interface":null}}
2025-08-15T22:12:56.101-0500	DEBUG	protocol/handler.go:1649	have all messages and processed	{"{round 20 3  <nil>}": {"Key":"self","Type":15,"Integer":0,"String":"a","Interface":null}}
2025-08-15T22:12:56.101-0500	DEBUG	protocol/handler.go:596	round already finalized
2025-08-15T22:12:56.102-0500	DEBUG	protocol/handler.go:1182	finalized round messages	{"{round 20 3  <nil>}": {"Key":"messages","Type":11,"Integer":0,"String":"","Interface":null}}
2025-08-15T22:12:56.102-0500	INFO	protocol/handler.go:1211	protocol completed	{"{self 15 0 c <nil>}": {"Key":"final_round","Type":20,"Integer":3,"String":"","Interface":null}}
2025-08-15T22:12:56.102-0500	DEBUG	protocol/handler.go:624	finalizeRound returned nil
2025-08-15T22:12:56.102-0500	DEBUG	protocol/handler.go:1182	finalized round messages	{"{round 20 3  <nil>}": {"Key":"messages","Type":11,"Integer":0,"String":"","Interface":null}}
2025-08-15T22:12:56.102-0500	INFO	protocol/handler.go:1211	protocol completed	{"{self 15 0 d <nil>}": {"Key":"final_round","Type":20,"Integer":3,"String":"","Interface":null}}
2025-08-15T22:12:56.103-0500	DEBUG	protocol/handler.go:624	finalizeRound returned nil
2025-08-15T22:12:56.104-0500	INFO	protocol/handler.go:787	protocol completed successfully
2025-08-15T22:12:56.104-0500	INFO	protocol/handler.go:787	protocol completed successfully
2025-08-15T22:12:56.104-0500	INFO	protocol/handler.go:787	protocol completed successfully
2025-08-15T22:12:56.106-0500	DEBUG	protocol/handler.go:1591	have processed broadcast	{"{round 20 3  <nil>}": {"Key":"from","Type":15,"Integer":0,"String":"a","Interface":null}}
2025-08-15T22:12:56.106-0500	DEBUG	protocol/handler.go:1591	have processed broadcast	{"{round 20 3  <nil>}": {"Key":"from","Type":15,"Integer":0,"String":"b","Interface":null}}
2025-08-15T22:12:56.106-0500	DEBUG	protocol/handler.go:1591	have processed broadcast	{"{round 20 3  <nil>}": {"Key":"from","Type":15,"Integer":0,"String":"c","Interface":null}}
2025-08-15T22:12:56.106-0500	DEBUG	protocol/handler.go:1591	have processed broadcast	{"{round 20 3  <nil>}": {"Key":"from","Type":15,"Integer":0,"String":"d","Interface":null}}
2025-08-15T22:12:56.106-0500	DEBUG	protocol/handler.go:1649	have all messages and processed	{"{round 20 3  <nil>}": {"Key":"self","Type":15,"Integer":0,"String":"e","Interface":null}}
2025-08-15T22:12:56.106-0500	DEBUG	protocol/handler.go:619	finalizing round
2025-08-15T22:12:56.106-0500	DEBUG	protocol/handler.go:1591	have processed broadcast	{"{round 20 3  <nil>}": {"Key":"from","Type":15,"Integer":0,"String":"a","Interface":null}}
2025-08-15T22:12:56.109-0500	DEBUG	protocol/handler.go:1591	have processed broadcast	{"{round 20 3  <nil>}": {"Key":"from","Type":15,"Integer":0,"String":"b","Interface":null}}
2025-08-15T22:12:56.109-0500	DEBUG	protocol/handler.go:1591	have processed broadcast	{"{round 20 3  <nil>}": {"Key":"from","Type":15,"Integer":0,"String":"c","Interface":null}}
2025-08-15T22:12:56.109-0500	DEBUG	protocol/handler.go:1591	have processed broadcast	{"{round 20 3  <nil>}": {"Key":"from","Type":15,"Integer":0,"String":"d","Interface":null}}
2025-08-15T22:12:56.109-0500	DEBUG	protocol/handler.go:1649	have all messages and processed	{"{round 20 3  <nil>}": {"Key":"self","Type":15,"Integer":0,"String":"e","Interface":null}}
2025-08-15T22:12:56.109-0500	DEBUG	protocol/handler.go:596	round already finalized
2025-08-15T22:12:56.109-0500	DEBUG	protocol/handler.go:581	tryAdvanceRound called	{"{current_round 20 3  <nil>}": {"Key":"self","Type":15,"Integer":0,"String":"e","Interface":null}}
2025-08-15T22:12:56.109-0500	DEBUG	protocol/handler.go:1591	have processed broadcast	{"{round 20 3  <nil>}": {"Key":"from","Type":15,"Integer":0,"String":"a","Interface":null}}
2025-08-15T22:12:56.109-0500	DEBUG	protocol/handler.go:1591	have processed broadcast	{"{round 20 3  <nil>}": {"Key":"from","Type":15,"Integer":0,"String":"b","Interface":null}}
2025-08-15T22:12:56.109-0500	DEBUG	protocol/handler.go:1591	have processed broadcast	{"{round 20 3  <nil>}": {"Key":"from","Type":15,"Integer":0,"String":"c","Interface":null}}
2025-08-15T22:12:56.109-0500	DEBUG	protocol/handler.go:1591	have processed broadcast	{"{round 20 3  <nil>}": {"Key":"from","Type":15,"Integer":0,"String":"d","Interface":null}}
2025-08-15T22:12:56.109-0500	DEBUG	protocol/handler.go:1649	have all messages and processed	{"{round 20 3  <nil>}": {"Key":"self","Type":15,"Integer":0,"String":"e","Interface":null}}
2025-08-15T22:12:56.109-0500	DEBUG	protocol/handler.go:596	round already finalized
2025-08-15T22:12:56.111-0500	DEBUG	protocol/handler.go:1182	finalized round messages	{"{round 20 3  <nil>}": {"Key":"messages","Type":11,"Integer":0,"String":"","Interface":null}}
2025-08-15T22:12:56.111-0500	INFO	protocol/handler.go:1211	protocol completed	{"{self 15 0 e <nil>}": {"Key":"final_round","Type":20,"Integer":3,"String":"","Interface":null}}
2025-08-15T22:12:56.111-0500	DEBUG	protocol/handler.go:624	finalizeRound returned nil
2025-08-15T22:12:56.114-0500	INFO	protocol/handler.go:787	protocol completed successfully
--- FAIL: TestFrostKeygenOnly (0.26s)
    testing.go:1490: race detected during execution of test
2025-08-15T22:12:56.117-0500	INFO	protocol/handler.go:240	starting protocol handler	{"{protocol 15 0 frost/keygen-threshold <nil>}": {"Key":"workers","Type":11,"Integer":4,"String":"","Interface":null}, "{parties 11 3  <nil>}": {"Key":"threshold","Type":11,"Integer":2,"String":"","Interface":null}}
2025-08-15T22:12:56.117-0500	DEBUG	protocol/handler.go:348	starting worker pools	{"{workers 11 4  <nil>}": {"Key":"priority","Type":11,"Integer":4,"String":"","Interface":null}}
2025-08-15T22:12:56.118-0500	DEBUG	protocol/handler.go:391	worker started	{"{id 11 1  <nil>}": {"Key":"priority","Type":4,"Integer":1,"String":"","Interface":null}}
2025-08-15T22:12:56.118-0500	DEBUG	protocol/handler.go:391	worker started	{"{id 11 2  <nil>}": {"Key":"priority","Type":4,"Integer":0,"String":"","Interface":null}}
2025-08-15T22:12:56.118-0500	DEBUG	protocol/handler.go:391	worker started	{"{id 11 3  <nil>}": {"Key":"priority","Type":4,"Integer":0,"String":"","Interface":null}}
2025-08-15T22:12:56.118-0500	DEBUG	protocol/handler.go:391	worker started	{"{id 11 0  <nil>}": {"Key":"priority","Type":4,"Integer":1,"String":"","Interface":null}}
2025-08-15T22:12:56.118-0500	DEBUG	protocol/handler.go:930	initializing round
2025-08-15T22:12:56.118-0500	DEBUG	protocol/handler.go:391	worker started	{"{id 11 3  <nil>}": {"Key":"priority","Type":4,"Integer":1,"String":"","Interface":null}}
2025-08-15T22:12:56.118-0500	DEBUG	protocol/handler.go:1503	processing queued messages
2025-08-15T22:12:56.118-0500	DEBUG	protocol/handler.go:391	worker started	{"{id 11 0  <nil>}": {"Key":"priority","Type":4,"Integer":0,"String":"","Interface":null}}
2025-08-15T22:12:56.118-0500	DEBUG	protocol/handler.go:391	worker started	{"{id 11 2  <nil>}": {"Key":"priority","Type":4,"Integer":1,"String":"","Interface":null}}
2025-08-15T22:12:56.118-0500	INFO	protocol/handler.go:240	starting protocol handler	{"{protocol 15 0 frost/keygen-threshold <nil>}": {"Key":"workers","Type":11,"Integer":4,"String":"","Interface":null}, "{parties 11 3  <nil>}": {"Key":"threshold","Type":11,"Integer":2,"String":"","Interface":null}}
2025-08-15T22:12:56.118-0500	DEBUG	protocol/handler.go:348	starting worker pools	{"{workers 11 4  <nil>}": {"Key":"priority","Type":11,"Integer":4,"String":"","Interface":null}}
2025-08-15T22:12:56.118-0500	DEBUG	protocol/handler.go:391	worker started	{"{id 11 1  <nil>}": {"Key":"priority","Type":4,"Integer":0,"String":"","Interface":null}}
2025-08-15T22:12:56.118-0500	DEBUG	protocol/handler.go:391	worker started	{"{id 11 0  <nil>}": {"Key":"priority","Type":4,"Integer":1,"String":"","Interface":null}}
2025-08-15T22:12:56.118-0500	DEBUG	protocol/handler.go:391	worker started	{"{id 11 0  <nil>}": {"Key":"priority","Type":4,"Integer":0,"String":"","Interface":null}}
2025-08-15T22:12:56.118-0500	DEBUG	protocol/handler.go:930	initializing round
2025-08-15T22:12:56.118-0500	DEBUG	protocol/handler.go:1503	processing queued messages
2025-08-15T22:12:56.118-0500	DEBUG	protocol/handler.go:391	worker started	{"{id 11 2  <nil>}": {"Key":"priority","Type":4,"Integer":1,"String":"","Interface":null}}
2025-08-15T22:12:56.118-0500	DEBUG	protocol/handler.go:391	worker started	{"{id 11 1  <nil>}": {"Key":"priority","Type":4,"Integer":0,"String":"","Interface":null}}
2025-08-15T22:12:56.118-0500	DEBUG	protocol/handler.go:391	worker started	{"{id 11 2  <nil>}": {"Key":"priority","Type":4,"Integer":0,"String":"","Interface":null}}
2025-08-15T22:12:56.118-0500	DEBUG	protocol/handler.go:391	worker started	{"{id 11 3  <nil>}": {"Key":"priority","Type":4,"Integer":0,"String":"","Interface":null}}
2025-08-15T22:12:56.118-0500	DEBUG	protocol/handler.go:391	worker started	{"{id 11 1  <nil>}": {"Key":"priority","Type":4,"Integer":1,"String":"","Interface":null}}
2025-08-15T22:12:56.118-0500	DEBUG	protocol/handler.go:391	worker started	{"{id 11 3  <nil>}": {"Key":"priority","Type":4,"Integer":1,"String":"","Interface":null}}
2025-08-15T22:12:56.119-0500	INFO	protocol/handler.go:240	starting protocol handler	{"{protocol 15 0 frost/keygen-threshold <nil>}": {"Key":"workers","Type":11,"Integer":4,"String":"","Interface":null}, "{parties 11 3  <nil>}": {"Key":"threshold","Type":11,"Integer":2,"String":"","Interface":null}}
2025-08-15T22:12:56.119-0500	DEBUG	protocol/handler.go:348	starting worker pools	{"{workers 11 4  <nil>}": {"Key":"priority","Type":11,"Integer":4,"String":"","Interface":null}}
2025-08-15T22:12:56.119-0500	DEBUG	protocol/handler.go:391	worker started	{"{id 11 0  <nil>}": {"Key":"priority","Type":4,"Integer":1,"String":"","Interface":null}}
2025-08-15T22:12:56.119-0500	DEBUG	protocol/handler.go:391	worker started	{"{id 11 3  <nil>}": {"Key":"priority","Type":4,"Integer":1,"String":"","Interface":null}}
2025-08-15T22:12:56.119-0500	DEBUG	protocol/handler.go:930	initializing round
2025-08-15T22:12:56.119-0500	DEBUG	protocol/handler.go:1503	processing queued messages
2025-08-15T22:12:56.119-0500	DEBUG	protocol/handler.go:391	worker started	{"{id 11 1  <nil>}": {"Key":"priority","Type":4,"Integer":0,"String":"","Interface":null}}
2025-08-15T22:12:56.119-0500	DEBUG	protocol/handler.go:391	worker started	{"{id 11 3  <nil>}": {"Key":"priority","Type":4,"Integer":0,"String":"","Interface":null}}
2025-08-15T22:12:56.119-0500	DEBUG	protocol/handler.go:391	worker started	{"{id 11 2  <nil>}": {"Key":"priority","Type":4,"Integer":1,"String":"","Interface":null}}
2025-08-15T22:12:56.119-0500	DEBUG	protocol/handler.go:391	worker started	{"{id 11 0  <nil>}": {"Key":"priority","Type":4,"Integer":0,"String":"","Interface":null}}
2025-08-15T22:12:56.119-0500	DEBUG	protocol/handler.go:391	worker started	{"{id 11 2  <nil>}": {"Key":"priority","Type":4,"Integer":0,"String":"","Interface":null}}
2025-08-15T22:12:56.119-0500	DEBUG	protocol/handler.go:391	worker started	{"{id 11 1  <nil>}": {"Key":"priority","Type":4,"Integer":1,"String":"","Interface":null}}
2025-08-15T22:12:56.122-0500	DEBUG	protocol/handler.go:403	worker stopping
2025-08-15T22:12:56.122-0500	DEBUG	protocol/handler.go:403	worker stopping
2025-08-15T22:12:56.122-0500	DEBUG	protocol/handler.go:403	worker stopping
2025-08-15T22:12:56.122-0500	DEBUG	protocol/handler.go:403	worker stopping
2025-08-15T22:12:56.122-0500	DEBUG	protocol/handler.go:403	worker stopping
2025-08-15T22:12:56.122-0500	DEBUG	protocol/handler.go:403	worker stopping
2025-08-15T22:12:56.122-0500	DEBUG	protocol/handler.go:403	worker stopping
2025-08-15T22:12:56.122-0500	DEBUG	protocol/handler.go:403	worker stopping
2025-08-15T22:12:56.122-0500	DEBUG	protocol/handler.go:403	worker stopping
2025-08-15T22:12:56.122-0500	DEBUG	protocol/handler.go:403	worker stopping
2025-08-15T22:12:56.122-0500	DEBUG	protocol/handler.go:403	worker stopping
2025-08-15T22:12:56.122-0500	DEBUG	protocol/handler.go:403	worker stopping
2025-08-15T22:12:56.122-0500	DEBUG	protocol/handler.go:403	worker stopping
2025-08-15T22:12:56.122-0500	DEBUG	protocol/handler.go:403	worker stopping
2025-08-15T22:12:56.122-0500	DEBUG	protocol/handler.go:403	worker stopping
2025-08-15T22:12:56.122-0500	DEBUG	protocol/handler.go:403	worker stopping
2025-08-15T22:12:56.122-0500	DEBUG	protocol/handler.go:403	worker stopping
2025-08-15T22:12:56.122-0500	DEBUG	protocol/handler.go:403	worker stopping
2025-08-15T22:12:56.122-0500	DEBUG	protocol/handler.go:403	worker stopping
2025-08-15T22:12:56.122-0500	DEBUG	protocol/handler.go:403	worker stopping
2025-08-15T22:12:56.122-0500	DEBUG	protocol/handler.go:403	worker stopping
2025-08-15T22:12:56.122-0500	DEBUG	protocol/handler.go:403	worker stopping
2025-08-15T22:12:56.123-0500	DEBUG	protocol/handler.go:403	worker stopping
2025-08-15T22:12:56.123-0500	DEBUG	protocol/handler.go:403	worker stopping
2025-08-15T22:12:56.135-0500	DEBUG	protocol/handler.go:403	worker stopping
2025-08-15T22:12:56.135-0500	DEBUG	protocol/handler.go:403	worker stopping
2025-08-15T22:12:56.135-0500	DEBUG	protocol/handler.go:403	worker stopping
2025-08-15T22:12:56.135-0500	DEBUG	protocol/handler.go:403	worker stopping
2025-08-15T22:12:56.135-0500	DEBUG	protocol/handler.go:403	worker stopping
2025-08-15T22:12:56.135-0500	DEBUG	protocol/handler.go:403	worker stopping
2025-08-15T22:12:56.135-0500	DEBUG	protocol/handler.go:403	worker stopping
2025-08-15T22:12:56.135-0500	DEBUG	protocol/handler.go:403	worker stopping
2025-08-15T22:12:56.135-0500	DEBUG	protocol/handler.go:403	worker stopping
2025-08-15T22:12:56.135-0500	DEBUG	protocol/handler.go:403	worker stopping
2025-08-15T22:12:56.135-0500	DEBUG	protocol/handler.go:403	worker stopping
2025-08-15T22:12:56.135-0500	DEBUG	protocol/handler.go:403	worker stopping
2025-08-15T22:12:56.135-0500	DEBUG	protocol/handler.go:403	worker stopping
2025-08-15T22:12:56.135-0500	DEBUG	protocol/handler.go:403	worker stopping
2025-08-15T22:12:56.135-0500	DEBUG	protocol/handler.go:403	worker stopping
2025-08-15T22:12:56.135-0500	DEBUG	protocol/handler.go:403	worker stopping
2025-08-15T22:12:56.138-0500	INFO	protocol/handler.go:560	advanced to round
2025-08-15T22:12:56.138-0500	DEBUG	protocol/handler.go:581	tryAdvanceRound called	{"{current_round 20 1  <nil>}": {"Key":"self","Type":15,"Integer":0,"String":"a","Interface":null}}
2025-08-15T22:12:56.138-0500	DEBUG	protocol/handler.go:1649	have all messages and processed	{"{round 20 1  <nil>}": {"Key":"self","Type":15,"Integer":0,"String":"a","Interface":null}}
2025-08-15T22:12:56.138-0500	DEBUG	protocol/handler.go:619	finalizing round
2025-08-15T22:12:56.141-0500	INFO	protocol/handler.go:560	advanced to round
2025-08-15T22:12:56.141-0500	INFO	protocol/handler.go:560	advanced to round
2025-08-15T22:12:56.142-0500	DEBUG	protocol/handler.go:581	tryAdvanceRound called	{"{current_round 20 1  <nil>}": {"Key":"self","Type":15,"Integer":0,"String":"b","Interface":null}}
2025-08-15T22:12:56.142-0500	DEBUG	protocol/handler.go:1649	have all messages and processed	{"{round 20 1  <nil>}": {"Key":"self","Type":15,"Integer":0,"String":"b","Interface":null}}
2025-08-15T22:12:56.142-0500	DEBUG	protocol/handler.go:619	finalizing round
2025-08-15T22:12:56.141-0500	DEBUG	protocol/handler.go:581	tryAdvanceRound called	{"{current_round 20 1  <nil>}": {"Key":"self","Type":15,"Integer":0,"String":"c","Interface":null}}
2025-08-15T22:12:56.142-0500	DEBUG	protocol/handler.go:1649	have all messages and processed	{"{round 20 1  <nil>}": {"Key":"self","Type":15,"Integer":0,"String":"c","Interface":null}}
2025-08-15T22:12:56.142-0500	DEBUG	protocol/handler.go:619	finalizing round
2025-08-15T22:12:56.144-0500	DEBUG	protocol/handler.go:954	round already being initialized/finalized, skipping
2025-08-15T22:12:56.144-0500	DEBUG	protocol/handler.go:954	round already being initialized/finalized, skipping
2025-08-15T22:12:56.144-0500	DEBUG	protocol/handler.go:954	round already being initialized/finalized, skipping
2025-08-15T22:12:56.147-0500	DEBUG	protocol/handler.go:1039	sendRoundMessage	{"{from 15 0 b <nil>}": {"Key":"to","Type":15,"Integer":0,"String":"","Interface":null}, "{round 20 2  <nil>}": {"Key":"broadcast","Type":4,"Integer":1,"String":"","Interface":null}}
2025-08-15T22:12:56.148-0500	DEBUG	protocol/handler.go:1657	storing broadcast	{"{round 20 2  <nil>}": {"Key":"from","Type":15,"Integer":0,"String":"b","Interface":null}}
2025-08-15T22:12:56.148-0500	DEBUG	protocol/handler.go:1081	sent message to output channel	{"{from 15 0 b <nil>}": {"Key":"to","Type":15,"Integer":0,"String":"","Interface":null}, "{round 20 2  <nil>}": {"Key":"broadcast","Type":4,"Integer":1,"String":"","Interface":null}}
2025-08-15T22:12:56.148-0500	DEBUG	protocol/handler.go:1182	finalized round messages	{"{round 20 1  <nil>}": {"Key":"messages","Type":11,"Integer":1,"String":"","Interface":null}}
2025-08-15T22:12:56.148-0500	DEBUG	protocol/handler.go:1239	finalize returned next round	{"{current 20 1  <nil>}": {"Key":"next","Type":20,"Integer":2,"String":"","Interface":null}}
2025-08-15T22:12:56.148-0500	INFO	protocol/handler.go:642	storing new currentRound	{"{from 20 1  <nil>}": {"Key":"to","Type":20,"Integer":2,"String":"","Interface":null}}
2025-08-15T22:12:56.148-0500	DEBUG	protocol/handler.go:1503	processing queued messages
2025-08-15T22:12:56.148-0500	DEBUG	protocol/handler.go:1503	processing queued messages
2025-08-15T22:12:56.149-0500	INFO	protocol/handler.go:560	advanced to round
2025-08-15T22:12:56.149-0500	DEBUG	protocol/handler.go:581	tryAdvanceRound called	{"{current_round 20 2  <nil>}": {"Key":"self","Type":15,"Integer":0,"String":"b","Interface":null}}
2025-08-15T22:12:56.149-0500	DEBUG	protocol/handler.go:1600	waiting for broadcasts	{"{round 20 2  <nil>}": {"Key":"missing","Type":15,"Integer":0,"String":"[a c]","Interface":null}}
2025-08-15T22:12:56.148-0500	DEBUG	protocol/handler.go:437	processing message	{"{from 15 0 b <nil>}": {"Key":"to","Type":15,"Integer":0,"String":"","Interface":null}, "{round 20 2  <nil>}": {"Key":"broadcast","Type":4,"Integer":1,"String":"","Interface":null}}
2025-08-15T22:12:56.149-0500	DEBUG	protocol/handler.go:1657	storing broadcast	{"{round 20 2  <nil>}": {"Key":"from","Type":15,"Integer":0,"String":"b","Interface":null}}
2025-08-15T22:12:56.149-0500	DEBUG	protocol/handler.go:470	message for different round (buffering)	{"{msg_round 20 2  <nil>}": {"Key":"current_round","Type":20,"Integer":1,"String":"","Interface":null}}
2025-08-15T22:12:56.149-0500	DEBUG	protocol/handler.go:581	tryAdvanceRound called	{"{current_round 20 1  <nil>}": {"Key":"self","Type":15,"Integer":0,"String":"c","Interface":null}}
2025-08-15T22:12:56.149-0500	DEBUG	protocol/handler.go:1649	have all messages and processed	{"{round 20 1  <nil>}": {"Key":"self","Type":15,"Integer":0,"String":"c","Interface":null}}
2025-08-15T22:12:56.149-0500	DEBUG	protocol/handler.go:596	round already finalized
2025-08-15T22:12:56.150-0500	DEBUG	protocol/handler.go:1039	sendRoundMessage	{"{from 15 0 a <nil>}": {"Key":"to","Type":15,"Integer":0,"String":"","Interface":null}, "{round 20 2  <nil>}": {"Key":"broadcast","Type":4,"Integer":1,"String":"","Interface":null}}
2025-08-15T22:12:56.152-0500	DEBUG	protocol/handler.go:1657	storing broadcast	{"{round 20 2  <nil>}": {"Key":"from","Type":15,"Integer":0,"String":"a","Interface":null}}
2025-08-15T22:12:56.152-0500	DEBUG	protocol/handler.go:1081	sent message to output channel	{"{from 15 0 a <nil>}": {"Key":"to","Type":15,"Integer":0,"String":"","Interface":null}, "{round 20 2  <nil>}": {"Key":"broadcast","Type":4,"Integer":1,"String":"","Interface":null}}
2025-08-15T22:12:56.152-0500	DEBUG	protocol/handler.go:1182	finalized round messages	{"{round 20 1  <nil>}": {"Key":"messages","Type":11,"Integer":1,"String":"","Interface":null}}
2025-08-15T22:12:56.152-0500	DEBUG	protocol/handler.go:1239	finalize returned next round	{"{current 20 1  <nil>}": {"Key":"next","Type":20,"Integer":2,"String":"","Interface":null}}
2025-08-15T22:12:56.152-0500	INFO	protocol/handler.go:642	storing new currentRound	{"{from 20 1  <nil>}": {"Key":"to","Type":20,"Integer":2,"String":"","Interface":null}}
2025-08-15T22:12:56.152-0500	DEBUG	protocol/handler.go:1503	processing queued messages
2025-08-15T22:12:56.152-0500	INFO	protocol/handler.go:560	advanced to round
2025-08-15T22:12:56.152-0500	DEBUG	protocol/handler.go:581	tryAdvanceRound called	{"{current_round 20 2  <nil>}": {"Key":"self","Type":15,"Integer":0,"String":"a","Interface":null}}
2025-08-15T22:12:56.152-0500	DEBUG	protocol/handler.go:1600	waiting for broadcasts	{"{round 20 2  <nil>}": {"Key":"missing","Type":15,"Integer":0,"String":"[b c]","Interface":null}}
2025-08-15T22:12:56.152-0500	DEBUG	protocol/handler.go:1503	processing queued messages
2025-08-15T22:12:56.152-0500	DEBUG	protocol/handler.go:437	processing message	{"{from 15 0 a <nil>}": {"Key":"to","Type":15,"Integer":0,"String":"","Interface":null}, "{round 20 2  <nil>}": {"Key":"broadcast","Type":4,"Integer":1,"String":"","Interface":null}}
2025-08-15T22:12:56.152-0500	DEBUG	protocol/handler.go:1657	storing broadcast	{"{round 20 2  <nil>}": {"Key":"from","Type":15,"Integer":0,"String":"a","Interface":null}}
2025-08-15T22:12:56.153-0500	DEBUG	protocol/handler.go:437	processing message	{"{from 15 0 a <nil>}": {"Key":"to","Type":15,"Integer":0,"String":"","Interface":null}, "{round 20 2  <nil>}": {"Key":"broadcast","Type":4,"Integer":1,"String":"","Interface":null}}
2025-08-15T22:12:56.153-0500	DEBUG	protocol/handler.go:1657	storing broadcast	{"{round 20 2  <nil>}": {"Key":"from","Type":15,"Integer":0,"String":"a","Interface":null}}
2025-08-15T22:12:56.153-0500	DEBUG	protocol/handler.go:470	message for different round (buffering)	{"{msg_round 20 2  <nil>}": {"Key":"current_round","Type":20,"Integer":1,"String":"","Interface":null}}
2025-08-15T22:12:56.153-0500	DEBUG	protocol/handler.go:581	tryAdvanceRound called	{"{current_round 20 1  <nil>}": {"Key":"self","Type":15,"Integer":0,"String":"c","Interface":null}}
2025-08-15T22:12:56.153-0500	DEBUG	protocol/handler.go:1649	have all messages and processed	{"{round 20 1  <nil>}": {"Key":"self","Type":15,"Integer":0,"String":"c","Interface":null}}
2025-08-15T22:12:56.153-0500	DEBUG	protocol/handler.go:596	round already finalized
2025-08-15T22:12:56.158-0500	DEBUG	protocol/handler.go:581	tryAdvanceRound called	{"{current_round 20 2  <nil>}": {"Key":"self","Type":15,"Integer":0,"String":"b","Interface":null}}
2025-08-15T22:12:56.159-0500	DEBUG	protocol/handler.go:1039	sendRoundMessage	{"{from 15 0 c <nil>}": {"Key":"to","Type":15,"Integer":0,"String":"","Interface":null}, "{round 20 2  <nil>}": {"Key":"broadcast","Type":4,"Integer":1,"String":"","Interface":null}}
2025-08-15T22:12:56.160-0500	DEBUG	protocol/handler.go:1657	storing broadcast	{"{round 20 2  <nil>}": {"Key":"from","Type":15,"Integer":0,"String":"c","Interface":null}}
2025-08-15T22:12:56.160-0500	DEBUG	protocol/handler.go:437	processing message	{"{from 15 0 c <nil>}": {"Key":"to","Type":15,"Integer":0,"String":"","Interface":null}, "{round 20 2  <nil>}": {"Key":"broadcast","Type":4,"Integer":1,"String":"","Interface":null}}
2025-08-15T22:12:56.160-0500	DEBUG	protocol/handler.go:437	processing message	{"{from 15 0 c <nil>}": {"Key":"to","Type":15,"Integer":0,"String":"","Interface":null}, "{round 20 2  <nil>}": {"Key":"broadcast","Type":4,"Integer":1,"String":"","Interface":null}}
2025-08-15T22:12:56.160-0500	DEBUG	protocol/handler.go:1657	storing broadcast	{"{round 20 2  <nil>}": {"Key":"from","Type":15,"Integer":0,"String":"c","Interface":null}}
2025-08-15T22:12:56.160-0500	DEBUG	protocol/handler.go:1657	storing broadcast	{"{round 20 2  <nil>}": {"Key":"from","Type":15,"Integer":0,"String":"c","Interface":null}}
==================
WARNING: DATA RACE
Read at 0x00c000a50598 by goroutine 482:
  github.com/luxfi/threshold/protocols/frost/keygen.(*round2).Number()
      <autogenerated>:1 +0x38
  github.com/luxfi/threshold/pkg/protocol.(*Handler).processMessage()
      /Users/z/work/lux/threshold/pkg/protocol/handler.go:469 +0x94c
  github.com/luxfi/threshold/pkg/protocol.(*Handler).messageWorker()
      /Users/z/work/lux/threshold/pkg/protocol/handler.go:408 +0x338
  github.com/luxfi/threshold/pkg/protocol.(*Handler).startWorkers.gowrap2()
      /Users/z/work/lux/threshold/pkg/protocol/handler.go:361 +0x44

Previous write at 0x00c000a5059c by goroutine 484:
  ??()
      -:0 +0x104ad5eb0
  sync/atomic.AddInt32()
      <autogenerated>:1 +0x14
  sync.(*Mutex).Unlock()
      /opt/homebrew/Cellar/go/1.24.6/libexec/src/sync/mutex.go:65 +0x2c
  github.com/luxfi/threshold/protocols/frost/keygen.(*round2).StoreBroadcastMessage()
      /Users/z/work/lux/threshold/protocols/frost/keygen/round2.go:62 +0x78
  github.com/luxfi/threshold/pkg/protocol.(*Handler).verifyBroadcastForRound()
      /Users/z/work/lux/threshold/pkg/protocol/handler.go:1277 +0x3a0
  github.com/luxfi/threshold/pkg/protocol.(*Handler).retryUnprocessedMessages()
      /Users/z/work/lux/threshold/pkg/protocol/handler.go:1483 +0x22c
  github.com/luxfi/threshold/pkg/protocol.(*Handler).tryAdvanceRound()
      /Users/z/work/lux/threshold/pkg/protocol/handler.go:587 +0x28c
  github.com/luxfi/threshold/pkg/protocol.(*Handler).roundProcessor()
      /Users/z/work/lux/threshold/pkg/protocol/handler.go:569 +0xb4
  github.com/luxfi/threshold/pkg/protocol.(*Handler).startWorkers.func1()
      /Users/z/work/lux/threshold/pkg/protocol/handler.go:374 +0x78

Goroutine 482 (running) created at:
  github.com/luxfi/threshold/pkg/protocol.(*Handler).startWorkers()
      /Users/z/work/lux/threshold/pkg/protocol/handler.go:361 +0x334
  github.com/luxfi/threshold/pkg/protocol.NewHandler()
      /Users/z/work/lux/threshold/pkg/protocol/handler.go:247 +0xf10
  github.com/luxfi/threshold/internal/test.(*Harness).CreateHandler()
      /Users/z/work/lux/threshold/internal/test/harness.go:91 +0x2e4
  github.com/luxfi/threshold/protocols/frost.TestFrostRefreshOnly()
      /Users/z/work/lux/threshold/protocols/frost/simple_test.go:67 +0x200
  testing.tRunner()
      /opt/homebrew/Cellar/go/1.24.6/libexec/src/testing/testing.go:1792 +0x180
  testing.(*T).Run.gowrap1()
      /opt/homebrew/Cellar/go/1.24.6/libexec/src/testing/testing.go:1851 +0x40

Goroutine 484 (running) created at:
  github.com/luxfi/threshold/pkg/protocol.(*Handler).startWorkers()
      /Users/z/work/lux/threshold/pkg/protocol/handler.go:372 +0x4fc
  github.com/luxfi/threshold/pkg/protocol.NewHandler()
      /Users/z/work/lux/threshold/pkg/protocol/handler.go:247 +0xf10
  github.com/luxfi/threshold/internal/test.(*Harness).CreateHandler()
      /Users/z/work/lux/threshold/internal/test/harness.go:91 +0x2e4
  github.com/luxfi/threshold/protocols/frost.TestFrostRefreshOnly()
      /Users/z/work/lux/threshold/protocols/frost/simple_test.go:67 +0x200
  testing.tRunner()
      /opt/homebrew/Cellar/go/1.24.6/libexec/src/testing/testing.go:1792 +0x180
  testing.(*T).Run.gowrap1()
      /opt/homebrew/Cellar/go/1.24.6/libexec/src/testing/testing.go:1851 +0x40
==================
2025-08-15T22:12:56.160-0500	DEBUG	protocol/handler.go:1081	sent message to output channel	{"{from 15 0 c <nil>}": {"Key":"to","Type":15,"Integer":0,"String":"","Interface":null}, "{round 20 2  <nil>}": {"Key":"broadcast","Type":4,"Integer":1,"String":"","Interface":null}}
2025-08-15T22:12:56.162-0500	DEBUG	protocol/handler.go:1182	finalized round messages	{"{round 20 1  <nil>}": {"Key":"messages","Type":11,"Integer":1,"String":"","Interface":null}}
2025-08-15T22:12:56.162-0500	DEBUG	protocol/handler.go:1239	finalize returned next round	{"{current 20 1  <nil>}": {"Key":"next","Type":20,"Integer":2,"String":"","Interface":null}}
2025-08-15T22:12:56.162-0500	DEBUG	protocol/handler.go:437	processing message	{"{from 15 0 b <nil>}": {"Key":"to","Type":15,"Integer":0,"String":"","Interface":null}, "{round 20 2  <nil>}": {"Key":"broadcast","Type":4,"Integer":1,"String":"","Interface":null}}
2025-08-15T22:12:56.167-0500	DEBUG	protocol/handler.go:1657	storing broadcast	{"{round 20 2  <nil>}": {"Key":"from","Type":15,"Integer":0,"String":"b","Interface":null}}
2025-08-15T22:12:56.158-0500	DEBUG	protocol/handler.go:581	tryAdvanceRound called	{"{current_round 20 2  <nil>}": {"Key":"self","Type":15,"Integer":0,"String":"a","Interface":null}}
2025-08-15T22:12:56.168-0500	DEBUG	protocol/handler.go:581	tryAdvanceRound called	{"{current_round 20 2  <nil>}": {"Key":"self","Type":15,"Integer":0,"String":"b","Interface":null}}
2025-08-15T22:12:56.168-0500	DEBUG	protocol/handler.go:1591	have processed broadcast	{"{round 20 2  <nil>}": {"Key":"from","Type":15,"Integer":0,"String":"a","Interface":null}}
2025-08-15T22:12:56.168-0500	DEBUG	protocol/handler.go:1591	have processed broadcast	{"{round 20 2  <nil>}": {"Key":"from","Type":15,"Integer":0,"String":"c","Interface":null}}
2025-08-15T22:12:56.168-0500	DEBUG	protocol/handler.go:1649	have all messages and processed	{"{round 20 2  <nil>}": {"Key":"self","Type":15,"Integer":0,"String":"b","Interface":null}}
2025-08-15T22:12:56.168-0500	DEBUG	protocol/handler.go:619	finalizing round
2025-08-15T22:12:56.168-0500	DEBUG	protocol/handler.go:1039	sendRoundMessage	{"{from 15 0 b <nil>}": {"Key":"to","Type":15,"Integer":0,"String":"","Interface":null}, "{round 20 3  <nil>}": {"Key":"broadcast","Type":4,"Integer":1,"String":"","Interface":null}}
==================
WARNING: DATA RACE
Read at 0x00c000a50598 by goroutine 480:
  github.com/luxfi/threshold/protocols/frost/keygen.(*round2).Number()
      <autogenerated>:1 +0x38
  github.com/luxfi/threshold/pkg/protocol.(*Handler).tryAdvanceRound()
      /Users/z/work/lux/threshold/pkg/protocol/handler.go:582 +0x70
  github.com/luxfi/threshold/pkg/protocol.(*Handler).processMessage()
      /Users/z/work/lux/threshold/pkg/protocol/handler.go:486 +0xbb0
  github.com/luxfi/threshold/pkg/protocol.(*Handler).messageWorker()
      /Users/z/work/lux/threshold/pkg/protocol/handler.go:408 +0x338
  github.com/luxfi/threshold/pkg/protocol.(*Handler).startWorkers.gowrap2()
      /Users/z/work/lux/threshold/pkg/protocol/handler.go:361 +0x44

Previous write at 0x00c000a5059c by goroutine 529:
  ??()
      -:0 +0x104ad5eb0
  sync/atomic.AddInt32()
      <autogenerated>:1 +0x14
  sync.(*Mutex).Unlock()
      /opt/homebrew/Cellar/go/1.24.6/libexec/src/sync/mutex.go:65 +0x2c
  github.com/luxfi/threshold/protocols/frost/keygen.(*round2).Finalize()
      /Users/z/work/lux/threshold/protocols/frost/keygen/round2.go:159 +0x7a0
  github.com/luxfi/threshold/pkg/protocol.(*Handler).finalizeRound.func1()
      /Users/z/work/lux/threshold/pkg/protocol/handler.go:1163 +0xe4

Goroutine 480 (running) created at:
  github.com/luxfi/threshold/pkg/protocol.(*Handler).startWorkers()
      /Users/z/work/lux/threshold/pkg/protocol/handler.go:361 +0x334
  github.com/luxfi/threshold/pkg/protocol.NewHandler()
      /Users/z/work/lux/threshold/pkg/protocol/handler.go:247 +0xf10
  github.com/luxfi/threshold/internal/test.(*Harness).CreateHandler()
      /Users/z/work/lux/threshold/internal/test/harness.go:91 +0x2e4
  github.com/luxfi/threshold/protocols/frost.TestFrostRefreshOnly()
      /Users/z/work/lux/threshold/protocols/frost/simple_test.go:67 +0x200
  testing.tRunner()
      /opt/homebrew/Cellar/go/1.24.6/libexec/src/testing/testing.go:1792 +0x180
  testing.(*T).Run.gowrap1()
      /opt/homebrew/Cellar/go/1.24.6/libexec/src/testing/testing.go:1851 +0x40

Goroutine 529 (finished) created at:
  github.com/luxfi/threshold/pkg/protocol.(*Handler).finalizeRound()
      /Users/z/work/lux/threshold/pkg/protocol/handler.go:1160 +0x26c
  github.com/luxfi/threshold/pkg/protocol.(*Handler).tryAdvanceRound()
      /Users/z/work/lux/threshold/pkg/protocol/handler.go:622 +0xae4
  github.com/luxfi/threshold/pkg/protocol.(*Handler).processMessage()
      /Users/z/work/lux/threshold/pkg/protocol/handler.go:486 +0xbb0
  github.com/luxfi/threshold/pkg/protocol.(*Handler).messageWorker()
      /Users/z/work/lux/threshold/pkg/protocol/handler.go:408 +0x338
  github.com/luxfi/threshold/pkg/protocol.(*Handler).startWorkers.gowrap2()
      /Users/z/work/lux/threshold/pkg/protocol/handler.go:361 +0x44
==================
2025-08-15T22:12:56.168-0500	DEBUG	protocol/handler.go:581	tryAdvanceRound called	{"{current_round 20 2  <nil>}": {"Key":"self","Type":15,"Integer":0,"String":"b","Interface":null}}
2025-08-15T22:12:56.169-0500	DEBUG	protocol/handler.go:1591	have processed broadcast	{"{round 20 2  <nil>}": {"Key":"from","Type":15,"Integer":0,"String":"a","Interface":null}}
2025-08-15T22:12:56.169-0500	DEBUG	protocol/handler.go:1591	have processed broadcast	{"{round 20 2  <nil>}": {"Key":"from","Type":15,"Integer":0,"String":"c","Interface":null}}
2025-08-15T22:12:56.169-0500	DEBUG	protocol/handler.go:1649	have all messages and processed	{"{round 20 2  <nil>}": {"Key":"self","Type":15,"Integer":0,"String":"b","Interface":null}}
2025-08-15T22:12:56.169-0500	DEBUG	protocol/handler.go:596	round already finalized
2025-08-15T22:12:56.165-0500	DEBUG	protocol/handler.go:1591	have processed broadcast	{"{round 20 2  <nil>}": {"Key":"from","Type":15,"Integer":0,"String":"a","Interface":null}}
2025-08-15T22:12:56.169-0500	DEBUG	protocol/handler.go:1591	have processed broadcast	{"{round 20 2  <nil>}": {"Key":"from","Type":15,"Integer":0,"String":"c","Interface":null}}
2025-08-15T22:12:56.167-0500	INFO	protocol/handler.go:642	storing new currentRound	{"{from 20 1  <nil>}": {"Key":"to","Type":20,"Integer":2,"String":"","Interface":null}}
2025-08-15T22:12:56.169-0500	DEBUG	protocol/handler.go:1503	processing queued messages
2025-08-15T22:12:56.169-0500	INFO	protocol/handler.go:560	advanced to round
2025-08-15T22:12:56.169-0500	DEBUG	protocol/handler.go:581	tryAdvanceRound called	{"{current_round 20 2  <nil>}": {"Key":"self","Type":15,"Integer":0,"String":"c","Interface":null}}
2025-08-15T22:12:56.168-0500	DEBUG	protocol/handler.go:1657	storing broadcast	{"{round 20 3  <nil>}": {"Key":"from","Type":15,"Integer":0,"String":"b","Interface":null}}
2025-08-15T22:12:56.171-0500	DEBUG	protocol/handler.go:1081	sent message to output channel	{"{from 15 0 b <nil>}": {"Key":"to","Type":15,"Integer":0,"String":"","Interface":null}, "{round 20 3  <nil>}": {"Key":"broadcast","Type":4,"Integer":1,"String":"","Interface":null}}
2025-08-15T22:12:56.171-0500	DEBUG	protocol/handler.go:1039	sendRoundMessage	{"{from 15 0 b <nil>}": {"Key":"to","Type":15,"Integer":0,"String":"a","Interface":null}, "{round 20 3  <nil>}": {"Key":"broadcast","Type":4,"Integer":0,"String":"","Interface":null}}
2025-08-15T22:12:56.171-0500	DEBUG	protocol/handler.go:1081	sent message to output channel	{"{from 15 0 b <nil>}": {"Key":"to","Type":15,"Integer":0,"String":"a","Interface":null}, "{round 20 3  <nil>}": {"Key":"broadcast","Type":4,"Integer":0,"String":"","Interface":null}}
2025-08-15T22:12:56.171-0500	DEBUG	protocol/handler.go:1039	sendRoundMessage	{"{from 15 0 b <nil>}": {"Key":"to","Type":15,"Integer":0,"String":"c","Interface":null}, "{round 20 3  <nil>}": {"Key":"broadcast","Type":4,"Integer":0,"String":"","Interface":null}}
2025-08-15T22:12:56.171-0500	DEBUG	protocol/handler.go:1081	sent message to output channel	{"{from 15 0 b <nil>}": {"Key":"to","Type":15,"Integer":0,"String":"c","Interface":null}, "{round 20 3  <nil>}": {"Key":"broadcast","Type":4,"Integer":0,"String":"","Interface":null}}
2025-08-15T22:12:56.171-0500	DEBUG	protocol/handler.go:1182	finalized round messages	{"{round 20 2  <nil>}": {"Key":"messages","Type":11,"Integer":3,"String":"","Interface":null}}
2025-08-15T22:12:56.171-0500	DEBUG	protocol/handler.go:1239	finalize returned next round	{"{current 20 2  <nil>}": {"Key":"next","Type":20,"Integer":3,"String":"","Interface":null}}
2025-08-15T22:12:56.171-0500	INFO	protocol/handler.go:642	storing new currentRound	{"{from 20 2  <nil>}": {"Key":"to","Type":20,"Integer":3,"String":"","Interface":null}}
2025-08-15T22:12:56.171-0500	DEBUG	protocol/handler.go:1503	processing queued messages
2025-08-15T22:12:56.171-0500	DEBUG	protocol/handler.go:1503	processing queued messages
==================
WARNING: DATA RACE
Write at 0x00c000a5059c by goroutine 531:
  ??()
      -:0 +0x104ada650
  sync/atomic.CompareAndSwapInt32()
      <autogenerated>:1 +0x18
  sync.(*Mutex).Lock()
      /opt/homebrew/Cellar/go/1.24.6/libexec/src/sync/mutex.go:46 +0x2c
  github.com/luxfi/threshold/protocols/frost/keygen.(*round2).StoreBroadcastMessage()
      /Users/z/work/lux/threshold/protocols/frost/keygen/round2.go:57 +0x58
  github.com/luxfi/threshold/pkg/protocol.(*Handler).verifyBroadcastForRound()
      /Users/z/work/lux/threshold/pkg/protocol/handler.go:1277 +0x3a0
  github.com/luxfi/threshold/pkg/protocol.(*Handler).processQueuedMessages()
      /Users/z/work/lux/threshold/pkg/protocol/handler.go:1513 +0x718
  github.com/luxfi/threshold/pkg/protocol.(*Handler).tryAdvanceRound.gowrap2()
      /Users/z/work/lux/threshold/pkg/protocol/handler.go:673 +0x40

Previous read at 0x00c000a50598 by goroutine 480:
  github.com/luxfi/threshold/protocols/frost/keygen.(*round2).Number()
      <autogenerated>:1 +0x38
  github.com/luxfi/threshold/pkg/protocol.(*Handler).tryAdvanceRound()
      /Users/z/work/lux/threshold/pkg/protocol/handler.go:606 +0x6c8
  github.com/luxfi/threshold/pkg/protocol.(*Handler).processMessage()
      /Users/z/work/lux/threshold/pkg/protocol/handler.go:486 +0xbb0
  github.com/luxfi/threshold/pkg/protocol.(*Handler).messageWorker()
      /Users/z/work/lux/threshold/pkg/protocol/handler.go:408 +0x338
  github.com/luxfi/threshold/pkg/protocol.(*Handler).startWorkers.gowrap2()
      /Users/z/work/lux/threshold/pkg/protocol/handler.go:361 +0x44

Goroutine 531 (running) created at:
  github.com/luxfi/threshold/pkg/protocol.(*Handler).tryAdvanceRound()
      /Users/z/work/lux/threshold/pkg/protocol/handler.go:673 +0x12e4
  github.com/luxfi/threshold/pkg/protocol.(*Handler).processMessage()
      /Users/z/work/lux/threshold/pkg/protocol/handler.go:486 +0xbb0
  github.com/luxfi/threshold/pkg/protocol.(*Handler).messageWorker()
      /Users/z/work/lux/threshold/pkg/protocol/handler.go:408 +0x338
  github.com/luxfi/threshold/pkg/protocol.(*Handler).startWorkers.gowrap2()
      /Users/z/work/lux/threshold/pkg/protocol/handler.go:361 +0x44

Goroutine 480 (running) created at:
  github.com/luxfi/threshold/pkg/protocol.(*Handler).startWorkers()
      /Users/z/work/lux/threshold/pkg/protocol/handler.go:361 +0x334
  github.com/luxfi/threshold/pkg/protocol.NewHandler()
      /Users/z/work/lux/threshold/pkg/protocol/handler.go:247 +0xf10
  github.com/luxfi/threshold/internal/test.(*Harness).CreateHandler()
      /Users/z/work/lux/threshold/internal/test/harness.go:91 +0x2e4
  github.com/luxfi/threshold/protocols/frost.TestFrostRefreshOnly()
      /Users/z/work/lux/threshold/protocols/frost/simple_test.go:67 +0x200
  testing.tRunner()
      /opt/homebrew/Cellar/go/1.24.6/libexec/src/testing/testing.go:1792 +0x180
  testing.(*T).Run.gowrap1()
      /opt/homebrew/Cellar/go/1.24.6/libexec/src/testing/testing.go:1851 +0x40
==================
==================
WARNING: DATA RACE
Write at 0x00c000b890cc by goroutine 453:
  ??()
      -:0 +0x104ada650
  sync/atomic.CompareAndSwapInt32()
      <autogenerated>:1 +0x18
  internal/sync.(*HashTrieMap[go.shape.interface {},go.shape.interface {}]).initSlow()
      /opt/homebrew/Cellar/go/1.24.6/libexec/src/internal/sync/hashtriemap.go:38 +0x38
  internal/sync.(*HashTrieMap[go.shape.interface {},go.shape.interface {}]).init()
      /opt/homebrew/Cellar/go/1.24.6/libexec/src/internal/sync/hashtriemap.go:32 +0x44
  internal/sync.(*HashTrieMap[go.shape.interface {},go.shape.interface {}]).Swap()
      /opt/homebrew/Cellar/go/1.24.6/libexec/src/internal/sync/hashtriemap.go:206 +0x54
  internal/sync.(*HashTrieMap[go.shape.interface {},go.shape.interface {}]).Store()
      /opt/homebrew/Cellar/go/1.24.6/libexec/src/internal/sync/hashtriemap.go:200 +0x54
  sync.(*Map).Store()
      /opt/homebrew/Cellar/go/1.24.6/libexec/src/sync/hashtriemap.go:55 +0x54
  github.com/luxfi/threshold/protocols/frost/keygen.(*round2).StoreBroadcastMessage()
      /Users/z/work/lux/threshold/protocols/frost/keygen/round2.go:117 +0x56c
  github.com/luxfi/threshold/pkg/protocol.(*Handler).verifyBroadcast()
      /Users/z/work/lux/threshold/pkg/protocol/handler.go:1392 +0x648
  github.com/luxfi/threshold/pkg/protocol.(*Handler).processMessage()
      /Users/z/work/lux/threshold/pkg/protocol/handler.go:480 +0xb9c
  github.com/luxfi/threshold/pkg/protocol.(*Handler).messageWorker()
      /Users/z/work/lux/threshold/pkg/protocol/handler.go:408 +0x338
  github.com/luxfi/threshold/pkg/protocol.(*Handler).startWorkers.gowrap2()
      /Users/z/work/lux/threshold/pkg/protocol/handler.go:361 +0x44

Previous read at 0x00c000b890c8 by goroutine 457:
  github.com/luxfi/threshold/protocols/frost/keygen.(*round2).Number()
      <autogenerated>:1 +0x38
  github.com/luxfi/threshold/pkg/protocol.(*Handler).tryAdvanceRound()
      /Users/z/work/lux/threshold/pkg/protocol/handler.go:587 +0x280
  github.com/luxfi/threshold/pkg/protocol.(*Handler).roundProcessor()
      /Users/z/work/lux/threshold/pkg/protocol/handler.go:569 +0xb4
  github.com/luxfi/threshold/pkg/protocol.(*Handler).startWorkers.func1()
      /Users/z/work/lux/threshold/pkg/protocol/handler.go:374 +0x78

Goroutine 453 (running) created at:
  github.com/luxfi/threshold/pkg/protocol.(*Handler).startWorkers()
      /Users/z/work/lux/threshold/pkg/protocol/handler.go:361 +0x334
  github.com/luxfi/threshold/pkg/protocol.NewHandler()
      /Users/z/work/lux/threshold/pkg/protocol/handler.go:247 +0xf10
  github.com/luxfi/threshold/internal/test.(*Harness).CreateHandler()
      /Users/z/work/lux/threshold/internal/test/harness.go:91 +0x2e4
  github.com/luxfi/threshold/protocols/frost.TestFrostRefreshOnly()
      /Users/z/work/lux/threshold/protocols/frost/simple_test.go:67 +0x200
  testing.tRunner()
      /opt/homebrew/Cellar/go/1.24.6/libexec/src/testing/testing.go:1792 +0x180
  testing.(*T).Run.gowrap1()
      /opt/homebrew/Cellar/go/1.24.6/libexec/src/testing/testing.go:1851 +0x40

Goroutine 457 (running) created at:
  github.com/luxfi/threshold/pkg/protocol.(*Handler).startWorkers()
      /Users/z/work/lux/threshold/pkg/protocol/handler.go:372 +0x4fc
  github.com/luxfi/threshold/pkg/protocol.NewHandler()
      /Users/z/work/lux/threshold/pkg/protocol/handler.go:247 +0xf10
  github.com/luxfi/threshold/internal/test.(*Harness).CreateHandler()
      /Users/z/work/lux/threshold/internal/test/harness.go:91 +0x2e4
  github.com/luxfi/threshold/protocols/frost.TestFrostRefreshOnly()
      /Users/z/work/lux/threshold/protocols/frost/simple_test.go:67 +0x200
  testing.tRunner()
      /opt/homebrew/Cellar/go/1.24.6/libexec/src/testing/testing.go:1792 +0x180
  testing.(*T).Run.gowrap1()
      /opt/homebrew/Cellar/go/1.24.6/libexec/src/testing/testing.go:1851 +0x40
==================
==================
WARNING: DATA RACE
Read at 0x00c000b890f8 by goroutine 453:
  github.com/luxfi/threshold/protocols/frost/keygen.(*round2).Number()
      <autogenerated>:1 +0x38
  github.com/luxfi/threshold/pkg/protocol.(*Handler).tryAdvanceRound()
      /Users/z/work/lux/threshold/pkg/protocol/handler.go:582 +0x70
  github.com/luxfi/threshold/pkg/protocol.(*Handler).processMessage()
      /Users/z/work/lux/threshold/pkg/protocol/handler.go:486 +0xbb0
  github.com/luxfi/threshold/pkg/protocol.(*Handler).messageWorker()
      /Users/z/work/lux/threshold/pkg/protocol/handler.go:408 +0x338
  github.com/luxfi/threshold/pkg/protocol.(*Handler).startWorkers.gowrap2()
      /Users/z/work/lux/threshold/pkg/protocol/handler.go:361 +0x44

Previous write at 0x00c000b890fc by goroutine 454:
  ??()
      -:0 +0x104ad5eb0
  sync/atomic.AddInt32()
      <autogenerated>:1 +0x14
  sync.(*Mutex).Unlock()
      /opt/homebrew/Cellar/go/1.24.6/libexec/src/sync/mutex.go:65 +0x2c
  github.com/luxfi/threshold/protocols/frost/keygen.(*round2).StoreBroadcastMessage()
      /Users/z/work/lux/threshold/protocols/frost/keygen/round2.go:62 +0x78
  github.com/luxfi/threshold/pkg/protocol.(*Handler).verifyBroadcast()
      /Users/z/work/lux/threshold/pkg/protocol/handler.go:1392 +0x648
  github.com/luxfi/threshold/pkg/protocol.(*Handler).processMessage()
      /Users/z/work/lux/threshold/pkg/protocol/handler.go:480 +0xb9c
  github.com/luxfi/threshold/pkg/protocol.(*Handler).messageWorker()
      /Users/z/work/lux/threshold/pkg/protocol/handler.go:408 +0x338
  github.com/luxfi/threshold/pkg/protocol.(*Handler).startWorkers.gowrap2()
      /Users/z/work/lux/threshold/pkg/protocol/handler.go:361 +0x44

Goroutine 453 (running) created at:
  github.com/luxfi/threshold/pkg/protocol.(*Handler).startWorkers()
      /Users/z/work/lux/threshold/pkg/protocol/handler.go:361 +0x334
  github.com/luxfi/threshold/pkg/protocol.NewHandler()
      /Users/z/work/lux/threshold/pkg/protocol/handler.go:247 +0xf10
  github.com/luxfi/threshold/internal/test.(*Harness).CreateHandler()
      /Users/z/work/lux/threshold/internal/test/harness.go:91 +0x2e4
  github.com/luxfi/threshold/protocols/frost.TestFrostRefreshOnly()
      /Users/z/work/lux/threshold/protocols/frost/simple_test.go:67 +0x200
  testing.tRunner()
      /opt/homebrew/Cellar/go/1.24.6/libexec/src/testing/testing.go:1792 +0x180
  testing.(*T).Run.gowrap1()
      /opt/homebrew/Cellar/go/1.24.6/libexec/src/testing/testing.go:1851 +0x40

Goroutine 454 (running) created at:
  github.com/luxfi/threshold/pkg/protocol.(*Handler).startWorkers()
      /Users/z/work/lux/threshold/pkg/protocol/handler.go:361 +0x334
  github.com/luxfi/threshold/pkg/protocol.NewHandler()
      /Users/z/work/lux/threshold/pkg/protocol/handler.go:247 +0xf10
  github.com/luxfi/threshold/internal/test.(*Harness).CreateHandler()
      /Users/z/work/lux/threshold/internal/test/harness.go:91 +0x2e4
  github.com/luxfi/threshold/protocols/frost.TestFrostRefreshOnly()
      /Users/z/work/lux/threshold/protocols/frost/simple_test.go:67 +0x200
  testing.tRunner()
      /opt/homebrew/Cellar/go/1.24.6/libexec/src/testing/testing.go:1792 +0x180
  testing.(*T).Run.gowrap1()
      /opt/homebrew/Cellar/go/1.24.6/libexec/src/testing/testing.go:1851 +0x40
==================
2025-08-15T22:12:56.173-0500	DEBUG	protocol/handler.go:581	tryAdvanceRound called	{"{current_round 20 2  <nil>}": {"Key":"self","Type":15,"Integer":0,"String":"a","Interface":null}}
==================
WARNING: DATA RACE
Write at 0x00c000b890fc by goroutine 457:
  ??()
      -:0 +0x104ada650
  sync/atomic.CompareAndSwapInt32()
      <autogenerated>:1 +0x18
  sync.(*Mutex).Lock()
      /opt/homebrew/Cellar/go/1.24.6/libexec/src/sync/mutex.go:46 +0x2c
  github.com/luxfi/threshold/protocols/frost/keygen.(*round2).StoreBroadcastMessage()
      /Users/z/work/lux/threshold/protocols/frost/keygen/round2.go:57 +0x58
  github.com/luxfi/threshold/pkg/protocol.(*Handler).verifyBroadcastForRound()
      /Users/z/work/lux/threshold/pkg/protocol/handler.go:1277 +0x3a0
  github.com/luxfi/threshold/pkg/protocol.(*Handler).retryUnprocessedMessages()
      /Users/z/work/lux/threshold/pkg/protocol/handler.go:1483 +0x22c
  github.com/luxfi/threshold/pkg/protocol.(*Handler).tryAdvanceRound()
      /Users/z/work/lux/threshold/pkg/protocol/handler.go:587 +0x28c
  github.com/luxfi/threshold/pkg/protocol.(*Handler).roundProcessor()
      /Users/z/work/lux/threshold/pkg/protocol/handler.go:569 +0xb4
  github.com/luxfi/threshold/pkg/protocol.(*Handler).startWorkers.func1()
      /Users/z/work/lux/threshold/pkg/protocol/handler.go:374 +0x78

Previous read at 0x00c000b890f8 by goroutine 453:
  github.com/luxfi/threshold/protocols/frost/keygen.(*round2).Number()
      <autogenerated>:1 +0x38
  github.com/luxfi/threshold/pkg/protocol.(*Handler).tryAdvanceRound()
      /Users/z/work/lux/threshold/pkg/protocol/handler.go:587 +0x280
  github.com/luxfi/threshold/pkg/protocol.(*Handler).processMessage()
      /Users/z/work/lux/threshold/pkg/protocol/handler.go:486 +0xbb0
  github.com/luxfi/threshold/pkg/protocol.(*Handler).messageWorker()
      /Users/z/work/lux/threshold/pkg/protocol/handler.go:408 +0x338
  github.com/luxfi/threshold/pkg/protocol.(*Handler).startWorkers.gowrap2()
      /Users/z/work/lux/threshold/pkg/protocol/handler.go:361 +0x44

Goroutine 457 (running) created at:
  github.com/luxfi/threshold/pkg/protocol.(*Handler).startWorkers()
      /Users/z/work/lux/threshold/pkg/protocol/handler.go:372 +0x4fc
  github.com/luxfi/threshold/pkg/protocol.NewHandler()
      /Users/z/work/lux/threshold/pkg/protocol/handler.go:247 +0xf10
  github.com/luxfi/threshold/internal/test.(*Harness).CreateHandler()
      /Users/z/work/lux/threshold/internal/test/harness.go:91 +0x2e4
  github.com/luxfi/threshold/protocols/frost.TestFrostRefreshOnly()
      /Users/z/work/lux/threshold/protocols/frost/simple_test.go:67 +0x200
  testing.tRunner()
      /opt/homebrew/Cellar/go/1.24.6/libexec/src/testing/testing.go:1792 +0x180
  testing.(*T).Run.gowrap1()
      /opt/homebrew/Cellar/go/1.24.6/libexec/src/testing/testing.go:1851 +0x40

Goroutine 453 (running) created at:
  github.com/luxfi/threshold/pkg/protocol.(*Handler).startWorkers()
      /Users/z/work/lux/threshold/pkg/protocol/handler.go:361 +0x334
  github.com/luxfi/threshold/pkg/protocol.NewHandler()
      /Users/z/work/lux/threshold/pkg/protocol/handler.go:247 +0xf10
  github.com/luxfi/threshold/internal/test.(*Harness).CreateHandler()
      /Users/z/work/lux/threshold/internal/test/harness.go:91 +0x2e4
  github.com/luxfi/threshold/protocols/frost.TestFrostRefreshOnly()
      /Users/z/work/lux/threshold/protocols/frost/simple_test.go:67 +0x200
  testing.tRunner()
      /opt/homebrew/Cellar/go/1.24.6/libexec/src/testing/testing.go:1792 +0x180
  testing.(*T).Run.gowrap1()
      /opt/homebrew/Cellar/go/1.24.6/libexec/src/testing/testing.go:1851 +0x40
==================
2025-08-15T22:12:56.174-0500	DEBUG	protocol/handler.go:437	processing message	{"{from 15 0 b <nil>}": {"Key":"to","Type":15,"Integer":0,"String":"","Interface":null}, "{round 20 3  <nil>}": {"Key":"broadcast","Type":4,"Integer":1,"String":"","Interface":null}}
2025-08-15T22:12:56.174-0500	DEBUG	protocol/handler.go:1657	storing broadcast	{"{round 20 3  <nil>}": {"Key":"from","Type":15,"Integer":0,"String":"b","Interface":null}}
2025-08-15T22:12:56.174-0500	DEBUG	protocol/handler.go:470	message for different round (buffering)	{"{msg_round 20 3  <nil>}": {"Key":"current_round","Type":20,"Integer":2,"String":"","Interface":null}}
2025-08-15T22:12:56.174-0500	DEBUG	protocol/handler.go:581	tryAdvanceRound called	{"{current_round 20 2  <nil>}": {"Key":"self","Type":15,"Integer":0,"String":"a","Interface":null}}
2025-08-15T22:12:56.174-0500	DEBUG	protocol/handler.go:581	tryAdvanceRound called	{"{current_round 20 2  <nil>}": {"Key":"self","Type":15,"Integer":0,"String":"a","Interface":null}}
==================
WARNING: DATA RACE
Write at 0x00c000b890fc by goroutine 453:
  ??()
      -:0 +0x104ada650
  sync/atomic.CompareAndSwapInt32()
      <autogenerated>:1 +0x18
  sync.(*Mutex).Lock()
      /opt/homebrew/Cellar/go/1.24.6/libexec/src/sync/mutex.go:46 +0x2c
  github.com/luxfi/threshold/protocols/frost/keygen.(*round2).StoreBroadcastMessage()
      /Users/z/work/lux/threshold/protocols/frost/keygen/round2.go:57 +0x58
  github.com/luxfi/threshold/pkg/protocol.(*Handler).verifyBroadcastForRound()
      /Users/z/work/lux/threshold/pkg/protocol/handler.go:1277 +0x3a0
  github.com/luxfi/threshold/pkg/protocol.(*Handler).retryUnprocessedMessages()
      /Users/z/work/lux/threshold/pkg/protocol/handler.go:1483 +0x22c
  github.com/luxfi/threshold/pkg/protocol.(*Handler).tryAdvanceRound()
      /Users/z/work/lux/threshold/pkg/protocol/handler.go:587 +0x28c
  github.com/luxfi/threshold/pkg/protocol.(*Handler).processMessage()
      /Users/z/work/lux/threshold/pkg/protocol/handler.go:486 +0xbb0
  github.com/luxfi/threshold/pkg/protocol.(*Handler).messageWorker()
      /Users/z/work/lux/threshold/pkg/protocol/handler.go:408 +0x338
  github.com/luxfi/threshold/pkg/protocol.(*Handler).startWorkers.gowrap2()
      /Users/z/work/lux/threshold/pkg/protocol/handler.go:361 +0x44

Previous read at 0x00c000b890f8 by goroutine 456:
  github.com/luxfi/threshold/protocols/frost/keygen.(*round2).Number()
      <autogenerated>:1 +0x38
  github.com/luxfi/threshold/pkg/protocol.(*Handler).tryAdvanceRound()
      /Users/z/work/lux/threshold/pkg/protocol/handler.go:587 +0x280
  github.com/luxfi/threshold/pkg/protocol.(*Handler).processMessage()
      /Users/z/work/lux/threshold/pkg/protocol/handler.go:474 +0xb70
  github.com/luxfi/threshold/pkg/protocol.(*Handler).messageWorker()
      /Users/z/work/lux/threshold/pkg/protocol/handler.go:408 +0x338
  github.com/luxfi/threshold/pkg/protocol.(*Handler).startWorkers.gowrap2()
      /Users/z/work/lux/threshold/pkg/protocol/handler.go:361 +0x44

Goroutine 453 (running) created at:
  github.com/luxfi/threshold/pkg/protocol.(*Handler).startWorkers()
      /Users/z/work/lux/threshold/pkg/protocol/handler.go:361 +0x334
  github.com/luxfi/threshold/pkg/protocol.NewHandler()
      /Users/z/work/lux/threshold/pkg/protocol/handler.go:247 +0xf10
  github.com/luxfi/threshold/internal/test.(*Harness).CreateHandler()
      /Users/z/work/lux/threshold/internal/test/harness.go:91 +0x2e4
  github.com/luxfi/threshold/protocols/frost.TestFrostRefreshOnly()
      /Users/z/work/lux/threshold/protocols/frost/simple_test.go:67 +0x200
  testing.tRunner()
      /opt/homebrew/Cellar/go/1.24.6/libexec/src/testing/testing.go:1792 +0x180
  testing.(*T).Run.gowrap1()
      /opt/homebrew/Cellar/go/1.24.6/libexec/src/testing/testing.go:1851 +0x40

Goroutine 456 (running) created at:
  github.com/luxfi/threshold/pkg/protocol.(*Handler).startWorkers()
      /Users/z/work/lux/threshold/pkg/protocol/handler.go:361 +0x334
  github.com/luxfi/threshold/pkg/protocol.NewHandler()
      /Users/z/work/lux/threshold/pkg/protocol/handler.go:247 +0xf10
  github.com/luxfi/threshold/internal/test.(*Harness).CreateHandler()
      /Users/z/work/lux/threshold/internal/test/harness.go:91 +0x2e4
  github.com/luxfi/threshold/protocols/frost.TestFrostRefreshOnly()
      /Users/z/work/lux/threshold/protocols/frost/simple_test.go:67 +0x200
  testing.tRunner()
      /opt/homebrew/Cellar/go/1.24.6/libexec/src/testing/testing.go:1792 +0x180
  testing.(*T).Run.gowrap1()
      /opt/homebrew/Cellar/go/1.24.6/libexec/src/testing/testing.go:1851 +0x40
==================
==================
WARNING: DATA RACE
Write at 0x00c000b890fc by goroutine 453:
  ??()
      -:0 +0x104ad5eb0
  sync/atomic.AddInt32()
      <autogenerated>:1 +0x14
  sync.(*Mutex).Unlock()
      /opt/homebrew/Cellar/go/1.24.6/libexec/src/sync/mutex.go:65 +0x2c
  github.com/luxfi/threshold/protocols/frost/keygen.(*round2).StoreBroadcastMessage()
      /Users/z/work/lux/threshold/protocols/frost/keygen/round2.go:62 +0x78
  github.com/luxfi/threshold/pkg/protocol.(*Handler).verifyBroadcastForRound()
      /Users/z/work/lux/threshold/pkg/protocol/handler.go:1277 +0x3a0
  github.com/luxfi/threshold/pkg/protocol.(*Handler).retryUnprocessedMessages()
      /Users/z/work/lux/threshold/pkg/protocol/handler.go:1483 +0x22c
  github.com/luxfi/threshold/pkg/protocol.(*Handler).tryAdvanceRound()
      /Users/z/work/lux/threshold/pkg/protocol/handler.go:587 +0x28c
  github.com/luxfi/threshold/pkg/protocol.(*Handler).processMessage()
      /Users/z/work/lux/threshold/pkg/protocol/handler.go:486 +0xbb0
  github.com/luxfi/threshold/pkg/protocol.(*Handler).messageWorker()
      /Users/z/work/lux/threshold/pkg/protocol/handler.go:408 +0x338
  github.com/luxfi/threshold/pkg/protocol.(*Handler).startWorkers.gowrap2()
      /Users/z/work/lux/threshold/pkg/protocol/handler.go:361 +0x44

Previous read at 0x00c000b890f8 by goroutine 454:
  github.com/luxfi/threshold/protocols/frost/keygen.(*round2).Number()
      <autogenerated>:1 +0x38
  github.com/luxfi/threshold/pkg/protocol.(*Handler).hasAllMessages()
      /Users/z/work/lux/threshold/pkg/protocol/handler.go:1570 +0x40
  github.com/luxfi/threshold/pkg/protocol.(*Handler).tryAdvanceRound()
      /Users/z/work/lux/threshold/pkg/protocol/handler.go:589 +0x29c
  github.com/luxfi/threshold/pkg/protocol.(*Handler).processMessage()
      /Users/z/work/lux/threshold/pkg/protocol/handler.go:486 +0xbb0
  github.com/luxfi/threshold/pkg/protocol.(*Handler).messageWorker()
      /Users/z/work/lux/threshold/pkg/protocol/handler.go:408 +0x338
  github.com/luxfi/threshold/pkg/protocol.(*Handler).startWorkers.gowrap2()
      /Users/z/work/lux/threshold/pkg/protocol/handler.go:361 +0x44

Goroutine 453 (running) created at:
  github.com/luxfi/threshold/pkg/protocol.(*Handler).startWorkers()
      /Users/z/work/lux/threshold/pkg/protocol/handler.go:361 +0x334
  github.com/luxfi/threshold/pkg/protocol.NewHandler()
      /Users/z/work/lux/threshold/pkg/protocol/handler.go:247 +0xf10
  github.com/luxfi/threshold/internal/test.(*Harness).CreateHandler()
      /Users/z/work/lux/threshold/internal/test/harness.go:91 +0x2e4
  github.com/luxfi/threshold/protocols/frost.TestFrostRefreshOnly()
      /Users/z/work/lux/threshold/protocols/frost/simple_test.go:67 +0x200
  testing.tRunner()
      /opt/homebrew/Cellar/go/1.24.6/libexec/src/testing/testing.go:1792 +0x180
  testing.(*T).Run.gowrap1()
      /opt/homebrew/Cellar/go/1.24.6/libexec/src/testing/testing.go:1851 +0x40

Goroutine 454 (running) created at:
  github.com/luxfi/threshold/pkg/protocol.(*Handler).startWorkers()
      /Users/z/work/lux/threshold/pkg/protocol/handler.go:361 +0x334
  github.com/luxfi/threshold/pkg/protocol.NewHandler()
      /Users/z/work/lux/threshold/pkg/protocol/handler.go:247 +0xf10
  github.com/luxfi/threshold/internal/test.(*Harness).CreateHandler()
      /Users/z/work/lux/threshold/internal/test/harness.go:91 +0x2e4
  github.com/luxfi/threshold/protocols/frost.TestFrostRefreshOnly()
      /Users/z/work/lux/threshold/protocols/frost/simple_test.go:67 +0x200
  testing.tRunner()
      /opt/homebrew/Cellar/go/1.24.6/libexec/src/testing/testing.go:1792 +0x180
  testing.(*T).Run.gowrap1()
      /opt/homebrew/Cellar/go/1.24.6/libexec/src/testing/testing.go:1851 +0x40
==================
2025-08-15T22:12:56.174-0500	DEBUG	protocol/handler.go:1591	have processed broadcast	{"{round 20 2  <nil>}": {"Key":"from","Type":15,"Integer":0,"String":"b","Interface":null}}
2025-08-15T22:12:56.175-0500	DEBUG	protocol/handler.go:1591	have processed broadcast	{"{round 20 2  <nil>}": {"Key":"from","Type":15,"Integer":0,"String":"c","Interface":null}}
2025-08-15T22:12:56.175-0500	DEBUG	protocol/handler.go:1649	have all messages and processed	{"{round 20 2  <nil>}": {"Key":"self","Type":15,"Integer":0,"String":"a","Interface":null}}
2025-08-15T22:12:56.175-0500	DEBUG	protocol/handler.go:619	finalizing round
2025-08-15T22:12:56.175-0500	DEBUG	protocol/handler.go:1039	sendRoundMessage	{"{from 15 0 a <nil>}": {"Key":"to","Type":15,"Integer":0,"String":"","Interface":null}, "{round 20 3  <nil>}": {"Key":"broadcast","Type":4,"Integer":1,"String":"","Interface":null}}
2025-08-15T22:12:56.175-0500	DEBUG	protocol/handler.go:1657	storing broadcast	{"{round 20 3  <nil>}": {"Key":"from","Type":15,"Integer":0,"String":"a","Interface":null}}
==================
WARNING: DATA RACE
Write at 0x00c000b890fc by goroutine 456:
  ??()
      -:0 +0x104ada650
  sync/atomic.CompareAndSwapInt32()
      <autogenerated>:1 +0x18
  sync.(*Mutex).Lock()
      /opt/homebrew/Cellar/go/1.24.6/libexec/src/sync/mutex.go:46 +0x2c
  github.com/luxfi/threshold/protocols/frost/keygen.(*round2).StoreBroadcastMessage()
      /Users/z/work/lux/threshold/protocols/frost/keygen/round2.go:57 +0x58
  github.com/luxfi/threshold/pkg/protocol.(*Handler).verifyBroadcastForRound()
      /Users/z/work/lux/threshold/pkg/protocol/handler.go:1277 +0x3a0
  github.com/luxfi/threshold/pkg/protocol.(*Handler).retryUnprocessedMessages()
      /Users/z/work/lux/threshold/pkg/protocol/handler.go:1483 +0x22c
  github.com/luxfi/threshold/pkg/protocol.(*Handler).tryAdvanceRound()
      /Users/z/work/lux/threshold/pkg/protocol/handler.go:587 +0x28c
  github.com/luxfi/threshold/pkg/protocol.(*Handler).processMessage()
      /Users/z/work/lux/threshold/pkg/protocol/handler.go:474 +0xb70
  github.com/luxfi/threshold/pkg/protocol.(*Handler).messageWorker()
      /Users/z/work/lux/threshold/pkg/protocol/handler.go:408 +0x338
  github.com/luxfi/threshold/pkg/protocol.(*Handler).startWorkers.gowrap2()
      /Users/z/work/lux/threshold/pkg/protocol/handler.go:361 +0x44

Previous read at 0x00c000b890f8 by goroutine 454:
  github.com/luxfi/threshold/protocols/frost/keygen.(*round2).Number()
      <autogenerated>:1 +0x38
  github.com/luxfi/threshold/pkg/protocol.(*Handler).finalizeRound()
      /Users/z/work/lux/threshold/pkg/protocol/handler.go:1144 +0x40
  github.com/luxfi/threshold/pkg/protocol.(*Handler).tryAdvanceRound()
      /Users/z/work/lux/threshold/pkg/protocol/handler.go:622 +0xae4
  github.com/luxfi/threshold/pkg/protocol.(*Handler).processMessage()
      /Users/z/work/lux/threshold/pkg/protocol/handler.go:486 +0xbb0
  github.com/luxfi/threshold/pkg/protocol.(*Handler).messageWorker()
      /Users/z/work/lux/threshold/pkg/protocol/handler.go:408 +0x338
  github.com/luxfi/threshold/pkg/protocol.(*Handler).startWorkers.gowrap2()
      /Users/z/work/lux/threshold/pkg/protocol/handler.go:361 +0x44

Goroutine 456 (running) created at:
  github.com/luxfi/threshold/pkg/protocol.(*Handler).startWorkers()
      /Users/z/work/lux/threshold/pkg/protocol/handler.go:361 +0x334
  github.com/luxfi/threshold/pkg/protocol.NewHandler()
      /Users/z/work/lux/threshold/pkg/protocol/handler.go:247 +0xf10
  github.com/luxfi/threshold/internal/test.(*Harness).CreateHandler()
      /Users/z/work/lux/threshold/internal/test/harness.go:91 +0x2e4
  github.com/luxfi/threshold/protocols/frost.TestFrostRefreshOnly()
      /Users/z/work/lux/threshold/protocols/frost/simple_test.go:67 +0x200
  testing.tRunner()
      /opt/homebrew/Cellar/go/1.24.6/libexec/src/testing/testing.go:1792 +0x180
  testing.(*T).Run.gowrap1()
      /opt/homebrew/Cellar/go/1.24.6/libexec/src/testing/testing.go:1851 +0x40

Goroutine 454 (running) created at:
  github.com/luxfi/threshold/pkg/protocol.(*Handler).startWorkers()
      /Users/z/work/lux/threshold/pkg/protocol/handler.go:361 +0x334
  github.com/luxfi/threshold/pkg/protocol.NewHandler()
      /Users/z/work/lux/threshold/pkg/protocol/handler.go:247 +0xf10
  github.com/luxfi/threshold/internal/test.(*Harness).CreateHandler()
      /Users/z/work/lux/threshold/internal/test/harness.go:91 +0x2e4
  github.com/luxfi/threshold/protocols/frost.TestFrostRefreshOnly()
      /Users/z/work/lux/threshold/protocols/frost/simple_test.go:67 +0x200
  testing.tRunner()
      /opt/homebrew/Cellar/go/1.24.6/libexec/src/testing/testing.go:1792 +0x180
  testing.(*T).Run.gowrap1()
      /opt/homebrew/Cellar/go/1.24.6/libexec/src/testing/testing.go:1851 +0x40
==================
2025-08-15T22:12:56.175-0500	DEBUG	protocol/handler.go:1081	sent message to output channel	{"{from 15 0 a <nil>}": {"Key":"to","Type":15,"Integer":0,"String":"","Interface":null}, "{round 20 3  <nil>}": {"Key":"broadcast","Type":4,"Integer":1,"String":"","Interface":null}}
2025-08-15T22:12:56.175-0500	DEBUG	protocol/handler.go:1039	sendRoundMessage	{"{from 15 0 a <nil>}": {"Key":"to","Type":15,"Integer":0,"String":"b","Interface":null}, "{round 20 3  <nil>}": {"Key":"broadcast","Type":4,"Integer":0,"String":"","Interface":null}}
2025-08-15T22:12:56.175-0500	DEBUG	protocol/handler.go:1591	have processed broadcast	{"{round 20 2  <nil>}": {"Key":"from","Type":15,"Integer":0,"String":"b","Interface":null}}
2025-08-15T22:12:56.175-0500	DEBUG	protocol/handler.go:1591	have processed broadcast	{"{round 20 2  <nil>}": {"Key":"from","Type":15,"Integer":0,"String":"c","Interface":null}}
2025-08-15T22:12:56.175-0500	DEBUG	protocol/handler.go:1081	sent message to output channel	{"{from 15 0 a <nil>}": {"Key":"to","Type":15,"Integer":0,"String":"b","Interface":null}, "{round 20 3  <nil>}": {"Key":"broadcast","Type":4,"Integer":0,"String":"","Interface":null}}
2025-08-15T22:12:56.175-0500	DEBUG	protocol/handler.go:1649	have all messages and processed	{"{round 20 2  <nil>}": {"Key":"self","Type":15,"Integer":0,"String":"a","Interface":null}}
2025-08-15T22:12:56.175-0500	DEBUG	protocol/handler.go:1039	sendRoundMessage	{"{from 15 0 a <nil>}": {"Key":"to","Type":15,"Integer":0,"String":"c","Interface":null}, "{round 20 3  <nil>}": {"Key":"broadcast","Type":4,"Integer":0,"String":"","Interface":null}}
2025-08-15T22:12:56.176-0500	DEBUG	protocol/handler.go:596	round already finalized
2025-08-15T22:12:56.176-0500	DEBUG	protocol/handler.go:1081	sent message to output channel	{"{from 15 0 a <nil>}": {"Key":"to","Type":15,"Integer":0,"String":"c","Interface":null}, "{round 20 3  <nil>}": {"Key":"broadcast","Type":4,"Integer":0,"String":"","Interface":null}}
2025-08-15T22:12:56.176-0500	DEBUG	protocol/handler.go:432	processMessage: p2p round 3 START	{"{from 15 0 b <nil>}": {"Key":"to","Type":15,"Integer":0,"String":"a","Interface":null}}
2025-08-15T22:12:56.176-0500	DEBUG	protocol/handler.go:1182	finalized round messages	{"{round 20 2  <nil>}": {"Key":"messages","Type":11,"Integer":3,"String":"","Interface":null}}
2025-08-15T22:12:56.176-0500	DEBUG	protocol/handler.go:437	processing message	{"{from 15 0 b <nil>}": {"Key":"to","Type":15,"Integer":0,"String":"a","Interface":null}, "{round 20 3  <nil>}": {"Key":"broadcast","Type":4,"Integer":0,"String":"","Interface":null}}
2025-08-15T22:12:56.176-0500	DEBUG	protocol/handler.go:1662	storing message	{"{round 20 3  <nil>}": {"Key":"from","Type":15,"Integer":0,"String":"b","Interface":null}}
2025-08-15T22:12:56.176-0500	DEBUG	protocol/handler.go:432	processMessage: p2p round 3 START	{"{from 15 0 a <nil>}": {"Key":"to","Type":15,"Integer":0,"String":"b","Interface":null}}
2025-08-15T22:12:56.176-0500	DEBUG	protocol/handler.go:470	message for different round (buffering)	{"{msg_round 20 3  <nil>}": {"Key":"current_round","Type":20,"Integer":2,"String":"","Interface":null}}
2025-08-15T22:12:56.176-0500	DEBUG	protocol/handler.go:437	processing message	{"{from 15 0 a <nil>}": {"Key":"to","Type":15,"Integer":0,"String":"b","Interface":null}, "{round 20 3  <nil>}": {"Key":"broadcast","Type":4,"Integer":0,"String":"","Interface":null}}
2025-08-15T22:12:56.176-0500	DEBUG	protocol/handler.go:581	tryAdvanceRound called	{"{current_round 20 2  <nil>}": {"Key":"self","Type":15,"Integer":0,"String":"a","Interface":null}}
2025-08-15T22:12:56.176-0500	DEBUG	protocol/handler.go:1662	storing message	{"{round 20 3  <nil>}": {"Key":"from","Type":15,"Integer":0,"String":"a","Interface":null}}
2025-08-15T22:12:56.176-0500	DEBUG	protocol/handler.go:1591	have processed broadcast	{"{round 20 2  <nil>}": {"Key":"from","Type":15,"Integer":0,"String":"b","Interface":null}}
2025-08-15T22:12:56.176-0500	DEBUG	protocol/handler.go:581	tryAdvanceRound called	{"{current_round 20 3  <nil>}": {"Key":"self","Type":15,"Integer":0,"String":"b","Interface":null}}
2025-08-15T22:12:56.176-0500	DEBUG	protocol/handler.go:1591	have processed broadcast	{"{round 20 2  <nil>}": {"Key":"from","Type":15,"Integer":0,"String":"c","Interface":null}}
2025-08-15T22:12:56.176-0500	DEBUG	protocol/handler.go:1306	waiting for broadcast before normal message
2025-08-15T22:12:56.176-0500	DEBUG	protocol/handler.go:1649	have all messages and processed	{"{round 20 2  <nil>}": {"Key":"self","Type":15,"Integer":0,"String":"a","Interface":null}}
2025-08-15T22:12:56.176-0500	DEBUG	protocol/handler.go:1600	waiting for broadcasts	{"{round 20 3  <nil>}": {"Key":"missing","Type":15,"Integer":0,"String":"[a c]","Interface":null}}
2025-08-15T22:12:56.176-0500	DEBUG	protocol/handler.go:437	processing message	{"{from 15 0 a <nil>}": {"Key":"to","Type":15,"Integer":0,"String":"","Interface":null}, "{round 20 3  <nil>}": {"Key":"broadcast","Type":4,"Integer":1,"String":"","Interface":null}}
2025-08-15T22:12:56.176-0500	DEBUG	protocol/handler.go:1657	storing broadcast	{"{round 20 3  <nil>}": {"Key":"from","Type":15,"Integer":0,"String":"a","Interface":null}}
2025-08-15T22:12:56.176-0500	DEBUG	protocol/handler.go:596	round already finalized
2025-08-15T22:12:56.176-0500	DEBUG	protocol/handler.go:1239	finalize returned next round	{"{current 20 2  <nil>}": {"Key":"next","Type":20,"Integer":3,"String":"","Interface":null}}
2025-08-15T22:12:56.176-0500	DEBUG	protocol/handler.go:581	tryAdvanceRound called	{"{current_round 20 3  <nil>}": {"Key":"self","Type":15,"Integer":0,"String":"b","Interface":null}}
2025-08-15T22:12:56.176-0500	INFO	protocol/handler.go:642	storing new currentRound	{"{from 20 2  <nil>}": {"Key":"to","Type":20,"Integer":3,"String":"","Interface":null}}
2025-08-15T22:12:56.176-0500	DEBUG	protocol/handler.go:1503	processing queued messages
2025-08-15T22:12:56.177-0500	DEBUG	protocol/handler.go:1503	processing queued messages
==================
WARNING: DATA RACE
Read at 0x00c000a50598 by goroutine 484:
  github.com/luxfi/threshold/protocols/frost/keygen.(*round2).MessageContent()
      <autogenerated>:1 +0x38
  github.com/luxfi/threshold/pkg/protocol.(*Handler).hasAllMessages()
      /Users/z/work/lux/threshold/pkg/protocol/handler.go:1617 +0x6c8
  github.com/luxfi/threshold/pkg/protocol.(*Handler).tryAdvanceRound()
      /Users/z/work/lux/threshold/pkg/protocol/handler.go:589 +0x29c
  github.com/luxfi/threshold/pkg/protocol.(*Handler).roundProcessor()
      /Users/z/work/lux/threshold/pkg/protocol/handler.go:569 +0xb4
  github.com/luxfi/threshold/pkg/protocol.(*Handler).startWorkers.func1()
      /Users/z/work/lux/threshold/pkg/protocol/handler.go:374 +0x78

Previous write at 0x00c000a5059c by goroutine 531:
  ??()
      -:0 +0x104ad5eb0
  sync/atomic.AddInt32()
      <autogenerated>:1 +0x14
  sync.(*Mutex).Unlock()
      /opt/homebrew/Cellar/go/1.24.6/libexec/src/sync/mutex.go:65 +0x2c
  github.com/luxfi/threshold/protocols/frost/keygen.(*round2).StoreBroadcastMessage()
      /Users/z/work/lux/threshold/protocols/frost/keygen/round2.go:59 +0x634
  github.com/luxfi/threshold/pkg/protocol.(*Handler).verifyBroadcastForRound()
      /Users/z/work/lux/threshold/pkg/protocol/handler.go:1277 +0x3a0
  github.com/luxfi/threshold/pkg/protocol.(*Handler).processQueuedMessages()
      /Users/z/work/lux/threshold/pkg/protocol/handler.go:1513 +0x718
  github.com/luxfi/threshold/pkg/protocol.(*Handler).tryAdvanceRound.gowrap2()
      /Users/z/work/lux/threshold/pkg/protocol/handler.go:673 +0x40

Goroutine 484 (running) created at:
  github.com/luxfi/threshold/pkg/protocol.(*Handler).startWorkers()
      /Users/z/work/lux/threshold/pkg/protocol/handler.go:372 +0x4fc
  github.com/luxfi/threshold/pkg/protocol.NewHandler()
      /Users/z/work/lux/threshold/pkg/protocol/handler.go:247 +0xf10
  github.com/luxfi/threshold/internal/test.(*Harness).CreateHandler()
      /Users/z/work/lux/threshold/internal/test/harness.go:91 +0x2e4
  github.com/luxfi/threshold/protocols/frost.TestFrostRefreshOnly()
      /Users/z/work/lux/threshold/protocols/frost/simple_test.go:67 +0x200
  testing.tRunner()
      /opt/homebrew/Cellar/go/1.24.6/libexec/src/testing/testing.go:1792 +0x180
  testing.(*T).Run.gowrap1()
      /opt/homebrew/Cellar/go/1.24.6/libexec/src/testing/testing.go:1851 +0x40

Goroutine 531 (finished) created at:
  github.com/luxfi/threshold/pkg/protocol.(*Handler).tryAdvanceRound()
      /Users/z/work/lux/threshold/pkg/protocol/handler.go:673 +0x12e4
  github.com/luxfi/threshold/pkg/protocol.(*Handler).processMessage()
      /Users/z/work/lux/threshold/pkg/protocol/handler.go:486 +0xbb0
  github.com/luxfi/threshold/pkg/protocol.(*Handler).messageWorker()
      /Users/z/work/lux/threshold/pkg/protocol/handler.go:408 +0x338
  github.com/luxfi/threshold/pkg/protocol.(*Handler).startWorkers.gowrap2()
      /Users/z/work/lux/threshold/pkg/protocol/handler.go:361 +0x44
==================
2025-08-15T22:12:56.180-0500	DEBUG	protocol/handler.go:1649	have all messages and processed	{"{round 20 2  <nil>}": {"Key":"self","Type":15,"Integer":0,"String":"b","Interface":null}}
2025-08-15T22:12:56.180-0500	DEBUG	protocol/handler.go:596	round already finalized
2025-08-15T22:12:56.180-0500	DEBUG	protocol/handler.go:600	current round already advanced	{"{checking 20 2  <nil>}": {"Key":"current","Type":20,"Integer":3,"String":"","Interface":null}}
2025-08-15T22:12:56.180-0500	INFO	protocol/handler.go:560	advanced to round
2025-08-15T22:12:56.180-0500	DEBUG	protocol/handler.go:581	tryAdvanceRound called	{"{current_round 20 3  <nil>}": {"Key":"self","Type":15,"Integer":0,"String":"b","Interface":null}}
2025-08-15T22:12:56.182-0500	DEBUG	protocol/handler.go:1591	have processed broadcast	{"{round 20 3  <nil>}": {"Key":"from","Type":15,"Integer":0,"String":"a","Interface":null}}
2025-08-15T22:12:56.182-0500	DEBUG	protocol/handler.go:1600	waiting for broadcasts	{"{round 20 3  <nil>}": {"Key":"missing","Type":15,"Integer":0,"String":"[c]","Interface":null}}
2025-08-15T22:12:56.182-0500	DEBUG	protocol/handler.go:1503	processing queued messages
==================
WARNING: DATA RACE
Read at 0x00c0006fb298 by goroutine 511:
  github.com/luxfi/threshold/protocols/frost/keygen.(*round2).Number()
      <autogenerated>:1 +0x38
  github.com/luxfi/threshold/pkg/protocol.(*Handler).hasAllMessages()
      /Users/z/work/lux/threshold/pkg/protocol/handler.go:1570 +0x40
  github.com/luxfi/threshold/pkg/protocol.(*Handler).tryAdvanceRound()
      /Users/z/work/lux/threshold/pkg/protocol/handler.go:589 +0x29c
  github.com/luxfi/threshold/pkg/protocol.(*Handler).roundProcessor()
      /Users/z/work/lux/threshold/pkg/protocol/handler.go:569 +0xb4
  github.com/luxfi/threshold/pkg/protocol.(*Handler).startWorkers.func1()
      /Users/z/work/lux/threshold/pkg/protocol/handler.go:374 +0x78

Previous write at 0x00c0006fb29c by goroutine 530:
  ??()
      -:0 +0x104ad5eb0
  sync/atomic.AddInt32()
      <autogenerated>:1 +0x14
  sync.(*Mutex).Unlock()
      /opt/homebrew/Cellar/go/1.24.6/libexec/src/sync/mutex.go:65 +0x2c
  github.com/luxfi/threshold/protocols/frost/keygen.(*round2).StoreBroadcastMessage()
      /Users/z/work/lux/threshold/protocols/frost/keygen/round2.go:62 +0x78
  github.com/luxfi/threshold/pkg/protocol.(*Handler).verifyBroadcastForRound()
      /Users/z/work/lux/threshold/pkg/protocol/handler.go:1277 +0x3a0
  github.com/luxfi/threshold/pkg/protocol.(*Handler).processQueuedMessages()
      /Users/z/work/lux/threshold/pkg/protocol/handler.go:1542 +0x404
  github.com/luxfi/threshold/pkg/protocol.(*Handler).tryAdvanceRound.gowrap2()
      /Users/z/work/lux/threshold/pkg/protocol/handler.go:673 +0x40

Goroutine 511 (running) created at:
  github.com/luxfi/threshold/pkg/protocol.(*Handler).startWorkers()
      /Users/z/work/lux/threshold/pkg/protocol/handler.go:372 +0x4fc
  github.com/luxfi/threshold/pkg/protocol.NewHandler()
      /Users/z/work/lux/threshold/pkg/protocol/handler.go:247 +0xf10
  github.com/luxfi/threshold/internal/test.(*Harness).CreateHandler()
      /Users/z/work/lux/threshold/internal/test/harness.go:91 +0x2e4
  github.com/luxfi/threshold/protocols/frost.TestFrostRefreshOnly()
      /Users/z/work/lux/threshold/protocols/frost/simple_test.go:67 +0x200
  testing.tRunner()
      /opt/homebrew/Cellar/go/1.24.6/libexec/src/testing/testing.go:1792 +0x180
  testing.(*T).Run.gowrap1()
      /opt/homebrew/Cellar/go/1.24.6/libexec/src/testing/testing.go:1851 +0x40

Goroutine 530 (running) created at:
  github.com/luxfi/threshold/pkg/protocol.(*Handler).tryAdvanceRound()
      /Users/z/work/lux/threshold/pkg/protocol/handler.go:673 +0x12e4
  github.com/luxfi/threshold/pkg/protocol.(*Handler).roundProcessor()
      /Users/z/work/lux/threshold/pkg/protocol/handler.go:569 +0xb4
  github.com/luxfi/threshold/pkg/protocol.(*Handler).startWorkers.func1()
      /Users/z/work/lux/threshold/pkg/protocol/handler.go:374 +0x78
==================
2025-08-15T22:12:56.183-0500	DEBUG	protocol/handler.go:1591	have processed broadcast	{"{round 20 2  <nil>}": {"Key":"from","Type":15,"Integer":0,"String":"a","Interface":null}}
2025-08-15T22:12:56.183-0500	DEBUG	protocol/handler.go:1591	have processed broadcast	{"{round 20 2  <nil>}": {"Key":"from","Type":15,"Integer":0,"String":"b","Interface":null}}
2025-08-15T22:12:56.183-0500	DEBUG	protocol/handler.go:1591	have processed broadcast	{"{round 20 2  <nil>}": {"Key":"from","Type":15,"Integer":0,"String":"b","Interface":null}}
2025-08-15T22:12:56.183-0500	DEBUG	protocol/handler.go:1591	have processed broadcast	{"{round 20 2  <nil>}": {"Key":"from","Type":15,"Integer":0,"String":"c","Interface":null}}
2025-08-15T22:12:56.183-0500	DEBUG	protocol/handler.go:1649	have all messages and processed	{"{round 20 2  <nil>}": {"Key":"self","Type":15,"Integer":0,"String":"c","Interface":null}}
2025-08-15T22:12:56.183-0500	DEBUG	protocol/handler.go:1649	have all messages and processed	{"{round 20 2  <nil>}": {"Key":"self","Type":15,"Integer":0,"String":"a","Interface":null}}
2025-08-15T22:12:56.183-0500	DEBUG	protocol/handler.go:619	finalizing round
2025-08-15T22:12:56.183-0500	DEBUG	protocol/handler.go:596	round already finalized
2025-08-15T22:12:56.183-0500	DEBUG	protocol/handler.go:600	current round already advanced	{"{checking 20 2  <nil>}": {"Key":"current","Type":20,"Integer":3,"String":"","Interface":null}}
2025-08-15T22:12:56.183-0500	INFO	protocol/handler.go:560	advanced to round
2025-08-15T22:12:56.183-0500	DEBUG	protocol/handler.go:581	tryAdvanceRound called	{"{current_round 20 3  <nil>}": {"Key":"self","Type":15,"Integer":0,"String":"a","Interface":null}}
2025-08-15T22:12:56.183-0500	DEBUG	protocol/handler.go:1039	sendRoundMessage	{"{from 15 0 c <nil>}": {"Key":"to","Type":15,"Integer":0,"String":"","Interface":null}, "{round 20 3  <nil>}": {"Key":"broadcast","Type":4,"Integer":1,"String":"","Interface":null}}
2025-08-15T22:12:56.184-0500	DEBUG	protocol/handler.go:1657	storing broadcast	{"{round 20 3  <nil>}": {"Key":"from","Type":15,"Integer":0,"String":"c","Interface":null}}
2025-08-15T22:12:56.184-0500	DEBUG	protocol/handler.go:1081	sent message to output channel	{"{from 15 0 c <nil>}": {"Key":"to","Type":15,"Integer":0,"String":"","Interface":null}, "{round 20 3  <nil>}": {"Key":"broadcast","Type":4,"Integer":1,"String":"","Interface":null}}
2025-08-15T22:12:56.184-0500	DEBUG	protocol/handler.go:1039	sendRoundMessage	{"{from 15 0 c <nil>}": {"Key":"to","Type":15,"Integer":0,"String":"a","Interface":null}, "{round 20 3  <nil>}": {"Key":"broadcast","Type":4,"Integer":0,"String":"","Interface":null}}
2025-08-15T22:12:56.184-0500	DEBUG	protocol/handler.go:1081	sent message to output channel	{"{from 15 0 c <nil>}": {"Key":"to","Type":15,"Integer":0,"String":"a","Interface":null}, "{round 20 3  <nil>}": {"Key":"broadcast","Type":4,"Integer":0,"String":"","Interface":null}}
2025-08-15T22:12:56.184-0500	DEBUG	protocol/handler.go:1039	sendRoundMessage	{"{from 15 0 c <nil>}": {"Key":"to","Type":15,"Integer":0,"String":"b","Interface":null}, "{round 20 3  <nil>}": {"Key":"broadcast","Type":4,"Integer":0,"String":"","Interface":null}}
2025-08-15T22:12:56.184-0500	DEBUG	protocol/handler.go:1081	sent message to output channel	{"{from 15 0 c <nil>}": {"Key":"to","Type":15,"Integer":0,"String":"b","Interface":null}, "{round 20 3  <nil>}": {"Key":"broadcast","Type":4,"Integer":0,"String":"","Interface":null}}
2025-08-15T22:12:56.184-0500	DEBUG	protocol/handler.go:1182	finalized round messages	{"{round 20 2  <nil>}": {"Key":"messages","Type":11,"Integer":3,"String":"","Interface":null}}
2025-08-15T22:12:56.184-0500	DEBUG	protocol/handler.go:1239	finalize returned next round	{"{current 20 2  <nil>}": {"Key":"next","Type":20,"Integer":3,"String":"","Interface":null}}
2025-08-15T22:12:56.184-0500	INFO	protocol/handler.go:642	storing new currentRound	{"{from 20 2  <nil>}": {"Key":"to","Type":20,"Integer":3,"String":"","Interface":null}}
2025-08-15T22:12:56.184-0500	DEBUG	protocol/handler.go:1503	processing queued messages
2025-08-15T22:12:56.184-0500	INFO	protocol/handler.go:560	advanced to round
2025-08-15T22:12:56.184-0500	DEBUG	protocol/handler.go:581	tryAdvanceRound called	{"{current_round 20 3  <nil>}": {"Key":"self","Type":15,"Integer":0,"String":"c","Interface":null}}
2025-08-15T22:12:56.184-0500	DEBUG	protocol/handler.go:1600	waiting for broadcasts	{"{round 20 3  <nil>}": {"Key":"missing","Type":15,"Integer":0,"String":"[a b]","Interface":null}}
2025-08-15T22:12:56.184-0500	DEBUG	protocol/handler.go:1503	processing queued messages
2025-08-15T22:12:56.185-0500	DEBUG	protocol/handler.go:1591	have processed broadcast	{"{round 20 3  <nil>}": {"Key":"from","Type":15,"Integer":0,"String":"b","Interface":null}}
2025-08-15T22:12:56.185-0500	DEBUG	protocol/handler.go:1600	waiting for broadcasts	{"{round 20 3  <nil>}": {"Key":"missing","Type":15,"Integer":0,"String":"[c]","Interface":null}}
2025-08-15T22:12:56.185-0500	DEBUG	protocol/handler.go:437	processing message	{"{from 15 0 b <nil>}": {"Key":"to","Type":15,"Integer":0,"String":"","Interface":null}, "{round 20 3  <nil>}": {"Key":"broadcast","Type":4,"Integer":1,"String":"","Interface":null}}
2025-08-15T22:12:56.185-0500	DEBUG	protocol/handler.go:1657	storing broadcast	{"{round 20 3  <nil>}": {"Key":"from","Type":15,"Integer":0,"String":"b","Interface":null}}
2025-08-15T22:12:56.192-0500	DEBUG	protocol/handler.go:437	processing message	{"{from 15 0 a <nil>}": {"Key":"to","Type":15,"Integer":0,"String":"","Interface":null}, "{round 20 3  <nil>}": {"Key":"broadcast","Type":4,"Integer":1,"String":"","Interface":null}}
2025-08-15T22:12:56.196-0500	DEBUG	protocol/handler.go:1657	storing broadcast	{"{round 20 3  <nil>}": {"Key":"from","Type":15,"Integer":0,"String":"a","Interface":null}}
2025-08-15T22:12:56.196-0500	DEBUG	protocol/handler.go:581	tryAdvanceRound called	{"{current_round 20 3  <nil>}": {"Key":"self","Type":15,"Integer":0,"String":"c","Interface":null}}
2025-08-15T22:12:56.196-0500	DEBUG	protocol/handler.go:1591	have processed broadcast	{"{round 20 3  <nil>}": {"Key":"from","Type":15,"Integer":0,"String":"a","Interface":null}}
2025-08-15T22:12:56.196-0500	DEBUG	protocol/handler.go:1591	have processed broadcast	{"{round 20 3  <nil>}": {"Key":"from","Type":15,"Integer":0,"String":"b","Interface":null}}
2025-08-15T22:12:56.196-0500	DEBUG	protocol/handler.go:1635	waiting for messages	{"{round 20 3  <nil>}": {"Key":"missing","Type":15,"Integer":0,"String":"[a b]","Interface":null}}
2025-08-15T22:12:56.196-0500	DEBUG	protocol/handler.go:581	tryAdvanceRound called	{"{current_round 20 3  <nil>}": {"Key":"self","Type":15,"Integer":0,"String":"a","Interface":null}}
2025-08-15T22:12:56.196-0500	DEBUG	protocol/handler.go:1591	have processed broadcast	{"{round 20 3  <nil>}": {"Key":"from","Type":15,"Integer":0,"String":"b","Interface":null}}
2025-08-15T22:12:56.197-0500	DEBUG	protocol/handler.go:1600	waiting for broadcasts	{"{round 20 3  <nil>}": {"Key":"missing","Type":15,"Integer":0,"String":"[c]","Interface":null}}
2025-08-15T22:12:56.196-0500	DEBUG	protocol/handler.go:432	processMessage: p2p round 3 START	{"{from 15 0 a <nil>}": {"Key":"to","Type":15,"Integer":0,"String":"c","Interface":null}}
2025-08-15T22:12:56.197-0500	DEBUG	protocol/handler.go:432	processMessage: p2p round 3 START	{"{from 15 0 c <nil>}": {"Key":"to","Type":15,"Integer":0,"String":"a","Interface":null}}
2025-08-15T22:12:56.197-0500	DEBUG	protocol/handler.go:437	processing message	{"{from 15 0 a <nil>}": {"Key":"to","Type":15,"Integer":0,"String":"c","Interface":null}, "{round 20 3  <nil>}": {"Key":"broadcast","Type":4,"Integer":0,"String":"","Interface":null}}
2025-08-15T22:12:56.197-0500	DEBUG	protocol/handler.go:437	processing message	{"{from 15 0 c <nil>}": {"Key":"to","Type":15,"Integer":0,"String":"a","Interface":null}, "{round 20 3  <nil>}": {"Key":"broadcast","Type":4,"Integer":0,"String":"","Interface":null}}
2025-08-15T22:12:56.197-0500	DEBUG	protocol/handler.go:1662	storing message	{"{round 20 3  <nil>}": {"Key":"from","Type":15,"Integer":0,"String":"c","Interface":null}}
2025-08-15T22:12:56.197-0500	DEBUG	protocol/handler.go:581	tryAdvanceRound called	{"{current_round 20 3  <nil>}": {"Key":"self","Type":15,"Integer":0,"String":"a","Interface":null}}
2025-08-15T22:12:56.197-0500	DEBUG	protocol/handler.go:1662	storing message	{"{round 20 3  <nil>}": {"Key":"from","Type":15,"Integer":0,"String":"a","Interface":null}}
2025-08-15T22:12:56.197-0500	DEBUG	protocol/handler.go:432	processMessage: p2p round 3 START	{"{from 15 0 b <nil>}": {"Key":"to","Type":15,"Integer":0,"String":"c","Interface":null}}
2025-08-15T22:12:56.197-0500	DEBUG	protocol/handler.go:437	processing message	{"{from 15 0 b <nil>}": {"Key":"to","Type":15,"Integer":0,"String":"c","Interface":null}, "{round 20 3  <nil>}": {"Key":"broadcast","Type":4,"Integer":0,"String":"","Interface":null}}
2025-08-15T22:12:56.197-0500	DEBUG	protocol/handler.go:1662	storing message	{"{round 20 3  <nil>}": {"Key":"from","Type":15,"Integer":0,"String":"b","Interface":null}}
2025-08-15T22:12:56.197-0500	DEBUG	protocol/handler.go:432	processMessage: p2p round 3 START	{"{from 15 0 c <nil>}": {"Key":"to","Type":15,"Integer":0,"String":"b","Interface":null}}
2025-08-15T22:12:56.198-0500	DEBUG	protocol/handler.go:1591	have processed broadcast	{"{round 20 3  <nil>}": {"Key":"from","Type":15,"Integer":0,"String":"a","Interface":null}}
2025-08-15T22:12:56.198-0500	DEBUG	protocol/handler.go:1600	waiting for broadcasts	{"{round 20 3  <nil>}": {"Key":"missing","Type":15,"Integer":0,"String":"[c]","Interface":null}}
2025-08-15T22:12:56.198-0500	DEBUG	protocol/handler.go:437	processing message	{"{from 15 0 c <nil>}": {"Key":"to","Type":15,"Integer":0,"String":"","Interface":null}, "{round 20 3  <nil>}": {"Key":"broadcast","Type":4,"Integer":1,"String":"","Interface":null}}
2025-08-15T22:12:56.198-0500	DEBUG	protocol/handler.go:1657	storing broadcast	{"{round 20 3  <nil>}": {"Key":"from","Type":15,"Integer":0,"String":"c","Interface":null}}
2025-08-15T22:12:56.198-0500	DEBUG	protocol/handler.go:581	tryAdvanceRound called	{"{current_round 20 3  <nil>}": {"Key":"self","Type":15,"Integer":0,"String":"a","Interface":null}}
2025-08-15T22:12:56.199-0500	DEBUG	protocol/handler.go:581	tryAdvanceRound called	{"{current_round 20 3  <nil>}": {"Key":"self","Type":15,"Integer":0,"String":"c","Interface":null}}
2025-08-15T22:12:56.199-0500	DEBUG	protocol/handler.go:1591	have processed broadcast	{"{round 20 3  <nil>}": {"Key":"from","Type":15,"Integer":0,"String":"b","Interface":null}}
2025-08-15T22:12:56.199-0500	DEBUG	protocol/handler.go:1591	have processed broadcast	{"{round 20 3  <nil>}": {"Key":"from","Type":15,"Integer":0,"String":"c","Interface":null}}
2025-08-15T22:12:56.199-0500	DEBUG	protocol/handler.go:1649	have all messages and processed	{"{round 20 3  <nil>}": {"Key":"self","Type":15,"Integer":0,"String":"a","Interface":null}}
2025-08-15T22:12:56.199-0500	DEBUG	protocol/handler.go:581	tryAdvanceRound called	{"{current_round 20 3  <nil>}": {"Key":"self","Type":15,"Integer":0,"String":"c","Interface":null}}
2025-08-15T22:12:56.199-0500	DEBUG	protocol/handler.go:619	finalizing round
2025-08-15T22:12:56.200-0500	DEBUG	protocol/handler.go:1591	have processed broadcast	{"{round 20 3  <nil>}": {"Key":"from","Type":15,"Integer":0,"String":"a","Interface":null}}
2025-08-15T22:12:56.200-0500	DEBUG	protocol/handler.go:1591	have processed broadcast	{"{round 20 3  <nil>}": {"Key":"from","Type":15,"Integer":0,"String":"b","Interface":null}}
2025-08-15T22:12:56.200-0500	DEBUG	protocol/handler.go:1649	have all messages and processed	{"{round 20 3  <nil>}": {"Key":"self","Type":15,"Integer":0,"String":"c","Interface":null}}
2025-08-15T22:12:56.200-0500	DEBUG	protocol/handler.go:619	finalizing round
2025-08-15T22:12:56.200-0500	DEBUG	protocol/handler.go:581	tryAdvanceRound called	{"{current_round 20 3  <nil>}": {"Key":"self","Type":15,"Integer":0,"String":"a","Interface":null}}
2025-08-15T22:12:56.200-0500	DEBUG	protocol/handler.go:1591	have processed broadcast	{"{round 20 3  <nil>}": {"Key":"from","Type":15,"Integer":0,"String":"b","Interface":null}}
2025-08-15T22:12:56.200-0500	DEBUG	protocol/handler.go:1591	have processed broadcast	{"{round 20 3  <nil>}": {"Key":"from","Type":15,"Integer":0,"String":"c","Interface":null}}
2025-08-15T22:12:56.200-0500	DEBUG	protocol/handler.go:1649	have all messages and processed	{"{round 20 3  <nil>}": {"Key":"self","Type":15,"Integer":0,"String":"a","Interface":null}}
2025-08-15T22:12:56.200-0500	DEBUG	protocol/handler.go:596	round already finalized
2025-08-15T22:12:56.197-0500	DEBUG	protocol/handler.go:1306	waiting for broadcast before normal message
2025-08-15T22:12:56.200-0500	DEBUG	protocol/handler.go:1591	have processed broadcast	{"{round 20 3  <nil>}": {"Key":"from","Type":15,"Integer":0,"String":"b","Interface":null}}
2025-08-15T22:12:56.200-0500	DEBUG	protocol/handler.go:1591	have processed broadcast	{"{round 20 3  <nil>}": {"Key":"from","Type":15,"Integer":0,"String":"c","Interface":null}}
2025-08-15T22:12:56.200-0500	DEBUG	protocol/handler.go:1591	have processed broadcast	{"{round 20 3  <nil>}": {"Key":"from","Type":15,"Integer":0,"String":"a","Interface":null}}
2025-08-15T22:12:56.200-0500	DEBUG	protocol/handler.go:1649	have all messages and processed	{"{round 20 3  <nil>}": {"Key":"self","Type":15,"Integer":0,"String":"a","Interface":null}}
2025-08-15T22:12:56.200-0500	DEBUG	protocol/handler.go:1591	have processed broadcast	{"{round 20 3  <nil>}": {"Key":"from","Type":15,"Integer":0,"String":"b","Interface":null}}
2025-08-15T22:12:56.200-0500	DEBUG	protocol/handler.go:596	round already finalized
2025-08-15T22:12:56.200-0500	DEBUG	protocol/handler.go:1649	have all messages and processed	{"{round 20 3  <nil>}": {"Key":"self","Type":15,"Integer":0,"String":"c","Interface":null}}
2025-08-15T22:12:56.200-0500	DEBUG	protocol/handler.go:596	round already finalized
2025-08-15T22:12:56.198-0500	DEBUG	protocol/handler.go:437	processing message	{"{from 15 0 c <nil>}": {"Key":"to","Type":15,"Integer":0,"String":"b","Interface":null}, "{round 20 3  <nil>}": {"Key":"broadcast","Type":4,"Integer":0,"String":"","Interface":null}}
2025-08-15T22:12:56.200-0500	DEBUG	protocol/handler.go:437	processing message	{"{from 15 0 c <nil>}": {"Key":"to","Type":15,"Integer":0,"String":"","Interface":null}, "{round 20 3  <nil>}": {"Key":"broadcast","Type":4,"Integer":1,"String":"","Interface":null}}
2025-08-15T22:12:56.200-0500	DEBUG	protocol/handler.go:1662	storing message	{"{round 20 3  <nil>}": {"Key":"from","Type":15,"Integer":0,"String":"c","Interface":null}}
2025-08-15T22:12:56.200-0500	DEBUG	protocol/handler.go:581	tryAdvanceRound called	{"{current_round 20 3  <nil>}": {"Key":"self","Type":15,"Integer":0,"String":"b","Interface":null}}
2025-08-15T22:12:56.201-0500	DEBUG	protocol/handler.go:1306	waiting for broadcast before normal message
2025-08-15T22:12:56.201-0500	DEBUG	protocol/handler.go:581	tryAdvanceRound called	{"{current_round 20 3  <nil>}": {"Key":"self","Type":15,"Integer":0,"String":"b","Interface":null}}
2025-08-15T22:12:56.201-0500	DEBUG	protocol/handler.go:1306	waiting for broadcast before normal message
2025-08-15T22:12:56.200-0500	DEBUG	protocol/handler.go:1657	storing broadcast	{"{round 20 3  <nil>}": {"Key":"from","Type":15,"Integer":0,"String":"c","Interface":null}}
2025-08-15T22:12:56.201-0500	DEBUG	protocol/handler.go:1591	have processed broadcast	{"{round 20 3  <nil>}": {"Key":"from","Type":15,"Integer":0,"String":"a","Interface":null}}
2025-08-15T22:12:56.201-0500	DEBUG	protocol/handler.go:1600	waiting for broadcasts	{"{round 20 3  <nil>}": {"Key":"missing","Type":15,"Integer":0,"String":"[c]","Interface":null}}
2025-08-15T22:12:56.201-0500	DEBUG	protocol/handler.go:1591	have processed broadcast	{"{round 20 3  <nil>}": {"Key":"from","Type":15,"Integer":0,"String":"a","Interface":null}}
2025-08-15T22:12:56.201-0500	DEBUG	protocol/handler.go:581	tryAdvanceRound called	{"{current_round 20 3  <nil>}": {"Key":"self","Type":15,"Integer":0,"String":"b","Interface":null}}
2025-08-15T22:12:56.196-0500	DEBUG	protocol/handler.go:581	tryAdvanceRound called	{"{current_round 20 3  <nil>}": {"Key":"self","Type":15,"Integer":0,"String":"c","Interface":null}}
2025-08-15T22:12:56.201-0500	DEBUG	protocol/handler.go:1600	waiting for broadcasts	{"{round 20 3  <nil>}": {"Key":"missing","Type":15,"Integer":0,"String":"[c]","Interface":null}}
2025-08-15T22:12:56.201-0500	DEBUG	protocol/handler.go:581	tryAdvanceRound called	{"{current_round 20 3  <nil>}": {"Key":"self","Type":15,"Integer":0,"String":"c","Interface":null}}
2025-08-15T22:12:56.201-0500	DEBUG	protocol/handler.go:1591	have processed broadcast	{"{round 20 3  <nil>}": {"Key":"from","Type":15,"Integer":0,"String":"a","Interface":null}}
2025-08-15T22:12:56.201-0500	DEBUG	protocol/handler.go:1591	have processed broadcast	{"{round 20 3  <nil>}": {"Key":"from","Type":15,"Integer":0,"String":"b","Interface":null}}
2025-08-15T22:12:56.201-0500	DEBUG	protocol/handler.go:1591	have processed broadcast	{"{round 20 3  <nil>}": {"Key":"from","Type":15,"Integer":0,"String":"a","Interface":null}}
2025-08-15T22:12:56.201-0500	DEBUG	protocol/handler.go:1649	have all messages and processed	{"{round 20 3  <nil>}": {"Key":"self","Type":15,"Integer":0,"String":"c","Interface":null}}
2025-08-15T22:12:56.201-0500	DEBUG	protocol/handler.go:596	round already finalized
2025-08-15T22:12:56.201-0500	DEBUG	protocol/handler.go:581	tryAdvanceRound called	{"{current_round 20 3  <nil>}": {"Key":"self","Type":15,"Integer":0,"String":"c","Interface":null}}
2025-08-15T22:12:56.201-0500	DEBUG	protocol/handler.go:1591	have processed broadcast	{"{round 20 3  <nil>}": {"Key":"from","Type":15,"Integer":0,"String":"b","Interface":null}}
2025-08-15T22:12:56.201-0500	DEBUG	protocol/handler.go:1591	have processed broadcast	{"{round 20 3  <nil>}": {"Key":"from","Type":15,"Integer":0,"String":"a","Interface":null}}
2025-08-15T22:12:56.201-0500	DEBUG	protocol/handler.go:1649	have all messages and processed	{"{round 20 3  <nil>}": {"Key":"self","Type":15,"Integer":0,"String":"c","Interface":null}}
2025-08-15T22:12:56.201-0500	DEBUG	protocol/handler.go:596	round already finalized
2025-08-15T22:12:56.201-0500	DEBUG	protocol/handler.go:1591	have processed broadcast	{"{round 20 3  <nil>}": {"Key":"from","Type":15,"Integer":0,"String":"b","Interface":null}}
2025-08-15T22:12:56.202-0500	DEBUG	protocol/handler.go:1649	have all messages and processed	{"{round 20 3  <nil>}": {"Key":"self","Type":15,"Integer":0,"String":"c","Interface":null}}
2025-08-15T22:12:56.202-0500	DEBUG	protocol/handler.go:596	round already finalized
2025-08-15T22:12:56.201-0500	DEBUG	protocol/handler.go:1182	finalized round messages	{"{round 20 3  <nil>}": {"Key":"messages","Type":11,"Integer":0,"String":"","Interface":null}}
2025-08-15T22:12:56.202-0500	INFO	protocol/handler.go:1211	protocol completed	{"{self 15 0 a <nil>}": {"Key":"final_round","Type":20,"Integer":3,"String":"","Interface":null}}
2025-08-15T22:12:56.202-0500	DEBUG	protocol/handler.go:624	finalizeRound returned nil
2025-08-15T22:12:56.202-0500	DEBUG	protocol/handler.go:1182	finalized round messages	{"{round 20 3  <nil>}": {"Key":"messages","Type":11,"Integer":0,"String":"","Interface":null}}
2025-08-15T22:12:56.202-0500	INFO	protocol/handler.go:1211	protocol completed	{"{self 15 0 c <nil>}": {"Key":"final_round","Type":20,"Integer":3,"String":"","Interface":null}}
2025-08-15T22:12:56.202-0500	DEBUG	protocol/handler.go:624	finalizeRound returned nil
2025-08-15T22:12:56.203-0500	DEBUG	protocol/handler.go:1591	have processed broadcast	{"{round 20 3  <nil>}": {"Key":"from","Type":15,"Integer":0,"String":"a","Interface":null}}
2025-08-15T22:12:56.203-0500	DEBUG	protocol/handler.go:1591	have processed broadcast	{"{round 20 3  <nil>}": {"Key":"from","Type":15,"Integer":0,"String":"c","Interface":null}}
2025-08-15T22:12:56.203-0500	DEBUG	protocol/handler.go:1649	have all messages and processed	{"{round 20 3  <nil>}": {"Key":"self","Type":15,"Integer":0,"String":"b","Interface":null}}
2025-08-15T22:12:56.204-0500	DEBUG	protocol/handler.go:619	finalizing round
2025-08-15T22:12:56.205-0500	DEBUG	protocol/handler.go:1182	finalized round messages	{"{round 20 3  <nil>}": {"Key":"messages","Type":11,"Integer":0,"String":"","Interface":null}}
2025-08-15T22:12:56.205-0500	INFO	protocol/handler.go:1211	protocol completed	{"{self 15 0 b <nil>}": {"Key":"final_round","Type":20,"Integer":3,"String":"","Interface":null}}
2025-08-15T22:12:56.205-0500	DEBUG	protocol/handler.go:624	finalizeRound returned nil
2025-08-15T22:12:56.206-0500	DEBUG	protocol/handler.go:1591	have processed broadcast	{"{round 20 2  <nil>}": {"Key":"from","Type":15,"Integer":0,"String":"b","Interface":null}}
2025-08-15T22:12:56.206-0500	DEBUG	protocol/handler.go:1591	have processed broadcast	{"{round 20 2  <nil>}": {"Key":"from","Type":15,"Integer":0,"String":"c","Interface":null}}
2025-08-15T22:12:56.206-0500	DEBUG	protocol/handler.go:1649	have all messages and processed	{"{round 20 2  <nil>}": {"Key":"self","Type":15,"Integer":0,"String":"a","Interface":null}}
2025-08-15T22:12:56.206-0500	DEBUG	protocol/handler.go:596	round already finalized
2025-08-15T22:12:56.206-0500	DEBUG	protocol/handler.go:600	current round already advanced	{"{checking 20 2  <nil>}": {"Key":"current","Type":20,"Integer":3,"String":"","Interface":null}}
2025-08-15T22:12:56.215-0500	INFO	protocol/handler.go:787	protocol completed successfully
2025-08-15T22:12:56.215-0500	INFO	protocol/handler.go:787	protocol completed successfully
2025-08-15T22:12:56.215-0500	INFO	protocol/handler.go:787	protocol completed successfully
2025-08-15T22:12:56.216-0500	INFO	protocol/handler.go:240	starting protocol handler	{"{protocol 15 0 frost/keygen-threshold <nil>}": {"Key":"workers","Type":11,"Integer":4,"String":"","Interface":null}, "{parties 11 3  <nil>}": {"Key":"threshold","Type":11,"Integer":2,"String":"","Interface":null}}
2025-08-15T22:12:56.217-0500	DEBUG	protocol/handler.go:348	starting worker pools	{"{workers 11 4  <nil>}": {"Key":"priority","Type":11,"Integer":4,"String":"","Interface":null}}
2025-08-15T22:12:56.217-0500	DEBUG	protocol/handler.go:930	initializing round
2025-08-15T22:12:56.217-0500	DEBUG	protocol/handler.go:1503	processing queued messages
2025-08-15T22:12:56.217-0500	DEBUG	protocol/handler.go:391	worker started	{"{id 11 0  <nil>}": {"Key":"priority","Type":4,"Integer":0,"String":"","Interface":null}}
2025-08-15T22:12:56.217-0500	DEBUG	protocol/handler.go:391	worker started	{"{id 11 1  <nil>}": {"Key":"priority","Type":4,"Integer":0,"String":"","Interface":null}}
2025-08-15T22:12:56.217-0500	DEBUG	protocol/handler.go:391	worker started	{"{id 11 2  <nil>}": {"Key":"priority","Type":4,"Integer":0,"String":"","Interface":null}}
2025-08-15T22:12:56.217-0500	DEBUG	protocol/handler.go:391	worker started	{"{id 11 1  <nil>}": {"Key":"priority","Type":4,"Integer":1,"String":"","Interface":null}}
2025-08-15T22:12:56.217-0500	DEBUG	protocol/handler.go:391	worker started	{"{id 11 3  <nil>}": {"Key":"priority","Type":4,"Integer":0,"String":"","Interface":null}}
2025-08-15T22:12:56.217-0500	DEBUG	protocol/handler.go:391	worker started	{"{id 11 3  <nil>}": {"Key":"priority","Type":4,"Integer":1,"String":"","Interface":null}}
2025-08-15T22:12:56.217-0500	DEBUG	protocol/handler.go:391	worker started	{"{id 11 0  <nil>}": {"Key":"priority","Type":4,"Integer":1,"String":"","Interface":null}}
2025-08-15T22:12:56.217-0500	DEBUG	protocol/handler.go:391	worker started	{"{id 11 2  <nil>}": {"Key":"priority","Type":4,"Integer":1,"String":"","Interface":null}}
2025-08-15T22:12:56.217-0500	INFO	protocol/handler.go:240	starting protocol handler	{"{protocol 15 0 frost/keygen-threshold <nil>}": {"Key":"workers","Type":11,"Integer":4,"String":"","Interface":null}, "{parties 11 3  <nil>}": {"Key":"threshold","Type":11,"Integer":2,"String":"","Interface":null}}
2025-08-15T22:12:56.218-0500	DEBUG	protocol/handler.go:348	starting worker pools	{"{workers 11 4  <nil>}": {"Key":"priority","Type":11,"Integer":4,"String":"","Interface":null}}
2025-08-15T22:12:56.218-0500	DEBUG	protocol/handler.go:930	initializing round
2025-08-15T22:12:56.218-0500	DEBUG	protocol/handler.go:1503	processing queued messages
2025-08-15T22:12:56.218-0500	DEBUG	protocol/handler.go:391	worker started	{"{id 11 1  <nil>}": {"Key":"priority","Type":4,"Integer":0,"String":"","Interface":null}}
2025-08-15T22:12:56.218-0500	DEBUG	protocol/handler.go:391	worker started	{"{id 11 0  <nil>}": {"Key":"priority","Type":4,"Integer":0,"String":"","Interface":null}}
2025-08-15T22:12:56.218-0500	DEBUG	protocol/handler.go:391	worker started	{"{id 11 2  <nil>}": {"Key":"priority","Type":4,"Integer":0,"String":"","Interface":null}}
2025-08-15T22:12:56.218-0500	DEBUG	protocol/handler.go:391	worker started	{"{id 11 3  <nil>}": {"Key":"priority","Type":4,"Integer":0,"String":"","Interface":null}}
2025-08-15T22:12:56.218-0500	DEBUG	protocol/handler.go:391	worker started	{"{id 11 0  <nil>}": {"Key":"priority","Type":4,"Integer":1,"String":"","Interface":null}}
2025-08-15T22:12:56.218-0500	DEBUG	protocol/handler.go:391	worker started	{"{id 11 2  <nil>}": {"Key":"priority","Type":4,"Integer":1,"String":"","Interface":null}}
2025-08-15T22:12:56.218-0500	DEBUG	protocol/handler.go:391	worker started	{"{id 11 1  <nil>}": {"Key":"priority","Type":4,"Integer":1,"String":"","Interface":null}}
2025-08-15T22:12:56.218-0500	DEBUG	protocol/handler.go:391	worker started	{"{id 11 3  <nil>}": {"Key":"priority","Type":4,"Integer":1,"String":"","Interface":null}}
2025-08-15T22:12:56.218-0500	INFO	protocol/handler.go:240	starting protocol handler	{"{protocol 15 0 frost/keygen-threshold <nil>}": {"Key":"workers","Type":11,"Integer":4,"String":"","Interface":null}, "{parties 11 3  <nil>}": {"Key":"threshold","Type":11,"Integer":2,"String":"","Interface":null}}
2025-08-15T22:12:56.218-0500	DEBUG	protocol/handler.go:348	starting worker pools	{"{workers 11 4  <nil>}": {"Key":"priority","Type":11,"Integer":4,"String":"","Interface":null}}
2025-08-15T22:12:56.219-0500	DEBUG	protocol/handler.go:391	worker started	{"{id 11 0  <nil>}": {"Key":"priority","Type":4,"Integer":0,"String":"","Interface":null}}
2025-08-15T22:12:56.219-0500	DEBUG	protocol/handler.go:391	worker started	{"{id 11 1  <nil>}": {"Key":"priority","Type":4,"Integer":0,"String":"","Interface":null}}
2025-08-15T22:12:56.219-0500	DEBUG	protocol/handler.go:391	worker started	{"{id 11 2  <nil>}": {"Key":"priority","Type":4,"Integer":0,"String":"","Interface":null}}
2025-08-15T22:12:56.219-0500	DEBUG	protocol/handler.go:391	worker started	{"{id 11 0  <nil>}": {"Key":"priority","Type":4,"Integer":1,"String":"","Interface":null}}
2025-08-15T22:12:56.219-0500	DEBUG	protocol/handler.go:391	worker started	{"{id 11 3  <nil>}": {"Key":"priority","Type":4,"Integer":0,"String":"","Interface":null}}
2025-08-15T22:12:56.219-0500	DEBUG	protocol/handler.go:391	worker started	{"{id 11 2  <nil>}": {"Key":"priority","Type":4,"Integer":1,"String":"","Interface":null}}
2025-08-15T22:12:56.219-0500	DEBUG	protocol/handler.go:391	worker started	{"{id 11 3  <nil>}": {"Key":"priority","Type":4,"Integer":1,"String":"","Interface":null}}
2025-08-15T22:12:56.219-0500	DEBUG	protocol/handler.go:930	initializing round
2025-08-15T22:12:56.219-0500	DEBUG	protocol/handler.go:1503	processing queued messages
2025-08-15T22:12:56.219-0500	DEBUG	protocol/handler.go:391	worker started	{"{id 11 1  <nil>}": {"Key":"priority","Type":4,"Integer":1,"String":"","Interface":null}}
2025-08-15T22:12:56.232-0500	DEBUG	protocol/handler.go:403	worker stopping
2025-08-15T22:12:56.232-0500	DEBUG	protocol/handler.go:403	worker stopping
2025-08-15T22:12:56.234-0500	DEBUG	protocol/handler.go:403	worker stopping
2025-08-15T22:12:56.234-0500	DEBUG	protocol/handler.go:403	worker stopping
2025-08-15T22:12:56.234-0500	DEBUG	protocol/handler.go:403	worker stopping
2025-08-15T22:12:56.234-0500	DEBUG	protocol/handler.go:403	worker stopping
2025-08-15T22:12:56.234-0500	DEBUG	protocol/handler.go:403	worker stopping
2025-08-15T22:12:56.234-0500	DEBUG	protocol/handler.go:403	worker stopping
2025-08-15T22:12:56.234-0500	DEBUG	protocol/handler.go:403	worker stopping
2025-08-15T22:12:56.234-0500	DEBUG	protocol/handler.go:403	worker stopping
2025-08-15T22:12:56.235-0500	DEBUG	protocol/handler.go:403	worker stopping
2025-08-15T22:12:56.235-0500	DEBUG	protocol/handler.go:403	worker stopping
2025-08-15T22:12:56.235-0500	DEBUG	protocol/handler.go:403	worker stopping
2025-08-15T22:12:56.236-0500	DEBUG	protocol/handler.go:403	worker stopping
2025-08-15T22:12:56.236-0500	DEBUG	protocol/handler.go:403	worker stopping
2025-08-15T22:12:56.236-0500	DEBUG	protocol/handler.go:403	worker stopping
2025-08-15T22:12:56.236-0500	DEBUG	protocol/handler.go:403	worker stopping
2025-08-15T22:12:56.236-0500	DEBUG	protocol/handler.go:403	worker stopping
2025-08-15T22:12:56.236-0500	DEBUG	protocol/handler.go:403	worker stopping
2025-08-15T22:12:56.236-0500	DEBUG	protocol/handler.go:403	worker stopping
2025-08-15T22:12:56.236-0500	DEBUG	protocol/handler.go:403	worker stopping
2025-08-15T22:12:56.236-0500	DEBUG	protocol/handler.go:403	worker stopping
2025-08-15T22:12:56.236-0500	DEBUG	protocol/handler.go:403	worker stopping
2025-08-15T22:12:56.236-0500	DEBUG	protocol/handler.go:403	worker stopping
2025-08-15T22:12:56.236-0500	INFO	protocol/handler.go:560	advanced to round
2025-08-15T22:12:56.236-0500	DEBUG	protocol/handler.go:581	tryAdvanceRound called	{"{current_round 20 1  <nil>}": {"Key":"self","Type":15,"Integer":0,"String":"b","Interface":null}}
2025-08-15T22:12:56.236-0500	DEBUG	protocol/handler.go:1649	have all messages and processed	{"{round 20 1  <nil>}": {"Key":"self","Type":15,"Integer":0,"String":"b","Interface":null}}
2025-08-15T22:12:56.236-0500	DEBUG	protocol/handler.go:619	finalizing round
2025-08-15T22:12:56.237-0500	INFO	protocol/handler.go:560	advanced to round
2025-08-15T22:12:56.237-0500	DEBUG	protocol/handler.go:581	tryAdvanceRound called	{"{current_round 20 1  <nil>}": {"Key":"self","Type":15,"Integer":0,"String":"c","Interface":null}}
2025-08-15T22:12:56.237-0500	DEBUG	protocol/handler.go:1649	have all messages and processed	{"{round 20 1  <nil>}": {"Key":"self","Type":15,"Integer":0,"String":"c","Interface":null}}
2025-08-15T22:12:56.237-0500	DEBUG	protocol/handler.go:619	finalizing round
2025-08-15T22:12:56.238-0500	DEBUG	protocol/handler.go:1039	sendRoundMessage	{"{from 15 0 b <nil>}": {"Key":"to","Type":15,"Integer":0,"String":"","Interface":null}, "{round 20 2  <nil>}": {"Key":"broadcast","Type":4,"Integer":1,"String":"","Interface":null}}
2025-08-15T22:12:56.238-0500	DEBUG	protocol/handler.go:1657	storing broadcast	{"{round 20 2  <nil>}": {"Key":"from","Type":15,"Integer":0,"String":"b","Interface":null}}
2025-08-15T22:12:56.239-0500	DEBUG	protocol/handler.go:1081	sent message to output channel	{"{from 15 0 b <nil>}": {"Key":"to","Type":15,"Integer":0,"String":"","Interface":null}, "{round 20 2  <nil>}": {"Key":"broadcast","Type":4,"Integer":1,"String":"","Interface":null}}
2025-08-15T22:12:56.239-0500	DEBUG	protocol/handler.go:1182	finalized round messages	{"{round 20 1  <nil>}": {"Key":"messages","Type":11,"Integer":1,"String":"","Interface":null}}
2025-08-15T22:12:56.239-0500	DEBUG	protocol/handler.go:1239	finalize returned next round	{"{current 20 1  <nil>}": {"Key":"next","Type":20,"Integer":2,"String":"","Interface":null}}
2025-08-15T22:12:56.241-0500	INFO	protocol/handler.go:642	storing new currentRound	{"{from 20 1  <nil>}": {"Key":"to","Type":20,"Integer":2,"String":"","Interface":null}}
2025-08-15T22:12:56.241-0500	DEBUG	protocol/handler.go:1503	processing queued messages
2025-08-15T22:12:56.241-0500	INFO	protocol/handler.go:560	advanced to round
2025-08-15T22:12:56.242-0500	DEBUG	protocol/handler.go:581	tryAdvanceRound called	{"{current_round 20 2  <nil>}": {"Key":"self","Type":15,"Integer":0,"String":"b","Interface":null}}
2025-08-15T22:12:56.242-0500	DEBUG	protocol/handler.go:1600	waiting for broadcasts	{"{round 20 2  <nil>}": {"Key":"missing","Type":15,"Integer":0,"String":"[a c]","Interface":null}}
2025-08-15T22:12:56.241-0500	DEBUG	protocol/handler.go:954	round already being initialized/finalized, skipping
2025-08-15T22:12:56.236-0500	INFO	protocol/handler.go:560	advanced to round
2025-08-15T22:12:56.242-0500	DEBUG	protocol/handler.go:581	tryAdvanceRound called	{"{current_round 20 1  <nil>}": {"Key":"self","Type":15,"Integer":0,"String":"a","Interface":null}}
2025-08-15T22:12:56.242-0500	DEBUG	protocol/handler.go:1649	have all messages and processed	{"{round 20 1  <nil>}": {"Key":"self","Type":15,"Integer":0,"String":"a","Interface":null}}
2025-08-15T22:12:56.242-0500	DEBUG	protocol/handler.go:596	round already finalized
2025-08-15T22:12:56.242-0500	DEBUG	protocol/handler.go:581	tryAdvanceRound called	{"{current_round 20 1  <nil>}": {"Key":"self","Type":15,"Integer":0,"String":"a","Interface":null}}
2025-08-15T22:12:56.242-0500	DEBUG	protocol/handler.go:1649	have all messages and processed	{"{round 20 1  <nil>}": {"Key":"self","Type":15,"Integer":0,"String":"a","Interface":null}}
2025-08-15T22:12:56.242-0500	DEBUG	protocol/handler.go:596	round already finalized
2025-08-15T22:12:56.242-0500	DEBUG	protocol/handler.go:1039	sendRoundMessage	{"{from 15 0 c <nil>}": {"Key":"to","Type":15,"Integer":0,"String":"","Interface":null}, "{round 20 2  <nil>}": {"Key":"broadcast","Type":4,"Integer":1,"String":"","Interface":null}}
2025-08-15T22:12:56.242-0500	DEBUG	protocol/handler.go:1503	processing queued messages
2025-08-15T22:12:56.243-0500	DEBUG	protocol/handler.go:437	processing message	{"{from 15 0 b <nil>}": {"Key":"to","Type":15,"Integer":0,"String":"","Interface":null}, "{round 20 2  <nil>}": {"Key":"broadcast","Type":4,"Integer":1,"String":"","Interface":null}}
2025-08-15T22:12:56.243-0500	DEBUG	protocol/handler.go:1657	storing broadcast	{"{round 20 2  <nil>}": {"Key":"from","Type":15,"Integer":0,"String":"c","Interface":null}}
2025-08-15T22:12:56.243-0500	DEBUG	protocol/handler.go:1657	storing broadcast	{"{round 20 2  <nil>}": {"Key":"from","Type":15,"Integer":0,"String":"b","Interface":null}}
2025-08-15T22:12:56.243-0500	DEBUG	protocol/handler.go:470	message for different round (buffering)	{"{msg_round 20 2  <nil>}": {"Key":"current_round","Type":20,"Integer":1,"String":"","Interface":null}}
2025-08-15T22:12:56.243-0500	DEBUG	protocol/handler.go:581	tryAdvanceRound called	{"{current_round 20 1  <nil>}": {"Key":"self","Type":15,"Integer":0,"String":"a","Interface":null}}
2025-08-15T22:12:56.243-0500	DEBUG	protocol/handler.go:1649	have all messages and processed	{"{round 20 1  <nil>}": {"Key":"self","Type":15,"Integer":0,"String":"a","Interface":null}}
2025-08-15T22:12:56.243-0500	DEBUG	protocol/handler.go:596	round already finalized
2025-08-15T22:12:56.243-0500	DEBUG	protocol/handler.go:437	processing message	{"{from 15 0 b <nil>}": {"Key":"to","Type":15,"Integer":0,"String":"","Interface":null}, "{round 20 2  <nil>}": {"Key":"broadcast","Type":4,"Integer":1,"String":"","Interface":null}}
2025-08-15T22:12:56.243-0500	DEBUG	protocol/handler.go:1657	storing broadcast	{"{round 20 2  <nil>}": {"Key":"from","Type":15,"Integer":0,"String":"b","Interface":null}}
2025-08-15T22:12:56.243-0500	DEBUG	protocol/handler.go:470	message for different round (buffering)	{"{msg_round 20 2  <nil>}": {"Key":"current_round","Type":20,"Integer":1,"String":"","Interface":null}}
2025-08-15T22:12:56.243-0500	DEBUG	protocol/handler.go:581	tryAdvanceRound called	{"{current_round 20 1  <nil>}": {"Key":"self","Type":15,"Integer":0,"String":"c","Interface":null}}
2025-08-15T22:12:56.243-0500	DEBUG	protocol/handler.go:1649	have all messages and processed	{"{round 20 1  <nil>}": {"Key":"self","Type":15,"Integer":0,"String":"c","Interface":null}}
2025-08-15T22:12:56.243-0500	DEBUG	protocol/handler.go:596	round already finalized
2025-08-15T22:12:56.243-0500	DEBUG	protocol/handler.go:954	round already being initialized/finalized, skipping
2025-08-15T22:12:56.243-0500	DEBUG	protocol/handler.go:1039	sendRoundMessage	{"{from 15 0 a <nil>}": {"Key":"to","Type":15,"Integer":0,"String":"","Interface":null}, "{round 20 2  <nil>}": {"Key":"broadcast","Type":4,"Integer":1,"String":"","Interface":null}}
2025-08-15T22:12:56.243-0500	DEBUG	protocol/handler.go:1081	sent message to output channel	{"{from 15 0 c <nil>}": {"Key":"to","Type":15,"Integer":0,"String":"","Interface":null}, "{round 20 2  <nil>}": {"Key":"broadcast","Type":4,"Integer":1,"String":"","Interface":null}}
2025-08-15T22:12:56.244-0500	DEBUG	protocol/handler.go:1182	finalized round messages	{"{round 20 1  <nil>}": {"Key":"messages","Type":11,"Integer":1,"String":"","Interface":null}}
2025-08-15T22:12:56.244-0500	DEBUG	protocol/handler.go:1239	finalize returned next round	{"{current 20 1  <nil>}": {"Key":"next","Type":20,"Integer":2,"String":"","Interface":null}}
2025-08-15T22:12:56.244-0500	INFO	protocol/handler.go:642	storing new currentRound	{"{from 20 1  <nil>}": {"Key":"to","Type":20,"Integer":2,"String":"","Interface":null}}
2025-08-15T22:12:56.245-0500	DEBUG	protocol/handler.go:1657	storing broadcast	{"{round 20 2  <nil>}": {"Key":"from","Type":15,"Integer":0,"String":"a","Interface":null}}
2025-08-15T22:12:56.245-0500	DEBUG	protocol/handler.go:1081	sent message to output channel	{"{from 15 0 a <nil>}": {"Key":"to","Type":15,"Integer":0,"String":"","Interface":null}, "{round 20 2  <nil>}": {"Key":"broadcast","Type":4,"Integer":1,"String":"","Interface":null}}
2025-08-15T22:12:56.245-0500	DEBUG	protocol/handler.go:989	generated messages	{"{round 20 1  <nil>}": {"Key":"count","Type":11,"Integer":1,"String":"","Interface":null}}
2025-08-15T22:12:56.245-0500	INFO	protocol/handler.go:1000	stored next round after initialization	{"{from 20 1  <nil>}": {"Key":"next","Type":20,"Integer":2,"String":"","Interface":null}}
2025-08-15T22:12:56.245-0500	DEBUG	protocol/handler.go:437	processing message	{"{from 15 0 a <nil>}": {"Key":"to","Type":15,"Integer":0,"String":"","Interface":null}, "{round 20 2  <nil>}": {"Key":"broadcast","Type":4,"Integer":1,"String":"","Interface":null}}
2025-08-15T22:12:56.245-0500	DEBUG	protocol/handler.go:1657	storing broadcast	{"{round 20 2  <nil>}": {"Key":"from","Type":15,"Integer":0,"String":"a","Interface":null}}
2025-08-15T22:12:56.245-0500	DEBUG	protocol/handler.go:437	processing message	{"{from 15 0 c <nil>}": {"Key":"to","Type":15,"Integer":0,"String":"","Interface":null}, "{round 20 2  <nil>}": {"Key":"broadcast","Type":4,"Integer":1,"String":"","Interface":null}}
2025-08-15T22:12:56.245-0500	DEBUG	protocol/handler.go:581	tryAdvanceRound called	{"{current_round 20 2  <nil>}": {"Key":"self","Type":15,"Integer":0,"String":"b","Interface":null}}
2025-08-15T22:12:56.246-0500	DEBUG	protocol/handler.go:1591	have processed broadcast	{"{round 20 2  <nil>}": {"Key":"from","Type":15,"Integer":0,"String":"a","Interface":null}}
2025-08-15T22:12:56.246-0500	DEBUG	protocol/handler.go:1600	waiting for broadcasts	{"{round 20 2  <nil>}": {"Key":"missing","Type":15,"Integer":0,"String":"[c]","Interface":null}}
2025-08-15T22:12:56.246-0500	DEBUG	protocol/handler.go:437	processing message	{"{from 15 0 a <nil>}": {"Key":"to","Type":15,"Integer":0,"String":"","Interface":null}, "{round 20 2  <nil>}": {"Key":"broadcast","Type":4,"Integer":1,"String":"","Interface":null}}
2025-08-15T22:12:56.246-0500	DEBUG	protocol/handler.go:1657	storing broadcast	{"{round 20 2  <nil>}": {"Key":"from","Type":15,"Integer":0,"String":"a","Interface":null}}
2025-08-15T22:12:56.245-0500	DEBUG	protocol/handler.go:1657	storing broadcast	{"{round 20 2  <nil>}": {"Key":"from","Type":15,"Integer":0,"String":"c","Interface":null}}
2025-08-15T22:12:56.246-0500	DEBUG	protocol/handler.go:470	message for different round (buffering)	{"{msg_round 20 2  <nil>}": {"Key":"current_round","Type":20,"Integer":1,"String":"","Interface":null}}
2025-08-15T22:12:56.246-0500	DEBUG	protocol/handler.go:581	tryAdvanceRound called	{"{current_round 20 1  <nil>}": {"Key":"self","Type":15,"Integer":0,"String":"a","Interface":null}}
2025-08-15T22:12:56.246-0500	DEBUG	protocol/handler.go:1649	have all messages and processed	{"{round 20 1  <nil>}": {"Key":"self","Type":15,"Integer":0,"String":"a","Interface":null}}
2025-08-15T22:12:56.246-0500	DEBUG	protocol/handler.go:596	round already finalized
2025-08-15T22:12:56.246-0500	INFO	protocol/handler.go:611	advancing to next round (already initialized)	{"{from 20 1  <nil>}": {"Key":"to","Type":20,"Integer":2,"String":"","Interface":null}}
2025-08-15T22:12:56.246-0500	DEBUG	protocol/handler.go:437	processing message	{"{from 15 0 c <nil>}": {"Key":"to","Type":15,"Integer":0,"String":"","Interface":null}, "{round 20 2  <nil>}": {"Key":"broadcast","Type":4,"Integer":1,"String":"","Interface":null}}
2025-08-15T22:12:56.246-0500	DEBUG	protocol/handler.go:1657	storing broadcast	{"{round 20 2  <nil>}": {"Key":"from","Type":15,"Integer":0,"String":"c","Interface":null}}
2025-08-15T22:12:56.247-0500	DEBUG	protocol/handler.go:581	tryAdvanceRound called	{"{current_round 20 2  <nil>}": {"Key":"self","Type":15,"Integer":0,"String":"b","Interface":null}}
2025-08-15T22:12:56.247-0500	DEBUG	protocol/handler.go:1591	have processed broadcast	{"{round 20 2  <nil>}": {"Key":"from","Type":15,"Integer":0,"String":"a","Interface":null}}
2025-08-15T22:12:56.247-0500	DEBUG	protocol/handler.go:1591	have processed broadcast	{"{round 20 2  <nil>}": {"Key":"from","Type":15,"Integer":0,"String":"c","Interface":null}}
2025-08-15T22:12:56.247-0500	DEBUG	protocol/handler.go:1649	have all messages and processed	{"{round 20 2  <nil>}": {"Key":"self","Type":15,"Integer":0,"String":"b","Interface":null}}
2025-08-15T22:12:56.247-0500	DEBUG	protocol/handler.go:619	finalizing round
2025-08-15T22:12:56.247-0500	DEBUG	protocol/handler.go:1039	sendRoundMessage	{"{from 15 0 b <nil>}": {"Key":"to","Type":15,"Integer":0,"String":"","Interface":null}, "{round 20 3  <nil>}": {"Key":"broadcast","Type":4,"Integer":1,"String":"","Interface":null}}
2025-08-15T22:12:56.247-0500	DEBUG	protocol/handler.go:1657	storing broadcast	{"{round 20 3  <nil>}": {"Key":"from","Type":15,"Integer":0,"String":"b","Interface":null}}
2025-08-15T22:12:56.247-0500	DEBUG	protocol/handler.go:1081	sent message to output channel	{"{from 15 0 b <nil>}": {"Key":"to","Type":15,"Integer":0,"String":"","Interface":null}, "{round 20 3  <nil>}": {"Key":"broadcast","Type":4,"Integer":1,"String":"","Interface":null}}
2025-08-15T22:12:56.247-0500	DEBUG	protocol/handler.go:1039	sendRoundMessage	{"{from 15 0 b <nil>}": {"Key":"to","Type":15,"Integer":0,"String":"a","Interface":null}, "{round 20 3  <nil>}": {"Key":"broadcast","Type":4,"Integer":0,"String":"","Interface":null}}
2025-08-15T22:12:56.247-0500	DEBUG	protocol/handler.go:581	tryAdvanceRound called	{"{current_round 20 2  <nil>}": {"Key":"self","Type":15,"Integer":0,"String":"c","Interface":null}}
2025-08-15T22:12:56.247-0500	DEBUG	protocol/handler.go:432	processMessage: p2p round 3 START	{"{from 15 0 b <nil>}": {"Key":"to","Type":15,"Integer":0,"String":"a","Interface":null}}
2025-08-15T22:12:56.248-0500	DEBUG	protocol/handler.go:437	processing message	{"{from 15 0 b <nil>}": {"Key":"to","Type":15,"Integer":0,"String":"a","Interface":null}, "{round 20 3  <nil>}": {"Key":"broadcast","Type":4,"Integer":0,"String":"","Interface":null}}
2025-08-15T22:12:56.248-0500	DEBUG	protocol/handler.go:1662	storing message	{"{round 20 3  <nil>}": {"Key":"from","Type":15,"Integer":0,"String":"b","Interface":null}}
2025-08-15T22:12:56.248-0500	DEBUG	protocol/handler.go:470	message for different round (buffering)	{"{msg_round 20 3  <nil>}": {"Key":"current_round","Type":20,"Integer":2,"String":"","Interface":null}}
2025-08-15T22:12:56.248-0500	DEBUG	protocol/handler.go:581	tryAdvanceRound called	{"{current_round 20 2  <nil>}": {"Key":"self","Type":15,"Integer":0,"String":"a","Interface":null}}
2025-08-15T22:12:56.249-0500	DEBUG	protocol/handler.go:1591	have processed broadcast	{"{round 20 2  <nil>}": {"Key":"from","Type":15,"Integer":0,"String":"a","Interface":null}}
2025-08-15T22:12:56.249-0500	DEBUG	protocol/handler.go:1591	have processed broadcast	{"{round 20 2  <nil>}": {"Key":"from","Type":15,"Integer":0,"String":"b","Interface":null}}
2025-08-15T22:12:56.250-0500	DEBUG	protocol/handler.go:1649	have all messages and processed	{"{round 20 2  <nil>}": {"Key":"self","Type":15,"Integer":0,"String":"c","Interface":null}}
2025-08-15T22:12:56.250-0500	DEBUG	protocol/handler.go:619	finalizing round
2025-08-15T22:12:56.247-0500	DEBUG	protocol/handler.go:1081	sent message to output channel	{"{from 15 0 b <nil>}": {"Key":"to","Type":15,"Integer":0,"String":"a","Interface":null}, "{round 20 3  <nil>}": {"Key":"broadcast","Type":4,"Integer":0,"String":"","Interface":null}}
2025-08-15T22:12:56.250-0500	DEBUG	protocol/handler.go:1039	sendRoundMessage	{"{from 15 0 b <nil>}": {"Key":"to","Type":15,"Integer":0,"String":"c","Interface":null}, "{round 20 3  <nil>}": {"Key":"broadcast","Type":4,"Integer":0,"String":"","Interface":null}}
2025-08-15T22:12:56.250-0500	DEBUG	protocol/handler.go:1081	sent message to output channel	{"{from 15 0 b <nil>}": {"Key":"to","Type":15,"Integer":0,"String":"c","Interface":null}, "{round 20 3  <nil>}": {"Key":"broadcast","Type":4,"Integer":0,"String":"","Interface":null}}
2025-08-15T22:12:56.250-0500	DEBUG	protocol/handler.go:1182	finalized round messages	{"{round 20 2  <nil>}": {"Key":"messages","Type":11,"Integer":3,"String":"","Interface":null}}
2025-08-15T22:12:56.250-0500	DEBUG	protocol/handler.go:1239	finalize returned next round	{"{current 20 2  <nil>}": {"Key":"next","Type":20,"Integer":3,"String":"","Interface":null}}
2025-08-15T22:12:56.250-0500	INFO	protocol/handler.go:642	storing new currentRound	{"{from 20 2  <nil>}": {"Key":"to","Type":20,"Integer":3,"String":"","Interface":null}}
2025-08-15T22:12:56.250-0500	DEBUG	protocol/handler.go:1503	processing queued messages
2025-08-15T22:12:56.245-0500	DEBUG	protocol/handler.go:1503	processing queued messages
2025-08-15T22:12:56.250-0500	DEBUG	protocol/handler.go:1591	have processed broadcast	{"{round 20 2  <nil>}": {"Key":"from","Type":15,"Integer":0,"String":"b","Interface":null}}
2025-08-15T22:12:56.250-0500	INFO	protocol/handler.go:560	advanced to round
2025-08-15T22:12:56.250-0500	DEBUG	protocol/handler.go:1591	have processed broadcast	{"{round 20 2  <nil>}": {"Key":"from","Type":15,"Integer":0,"String":"c","Interface":null}}
2025-08-15T22:12:56.250-0500	DEBUG	protocol/handler.go:581	tryAdvanceRound called	{"{current_round 20 2  <nil>}": {"Key":"self","Type":15,"Integer":0,"String":"c","Interface":null}}
2025-08-15T22:12:56.250-0500	DEBUG	protocol/handler.go:1649	have all messages and processed	{"{round 20 2  <nil>}": {"Key":"self","Type":15,"Integer":0,"String":"a","Interface":null}}
2025-08-15T22:12:56.250-0500	DEBUG	protocol/handler.go:1591	have processed broadcast	{"{round 20 2  <nil>}": {"Key":"from","Type":15,"Integer":0,"String":"a","Interface":null}}
2025-08-15T22:12:56.250-0500	DEBUG	protocol/handler.go:619	finalizing round
2025-08-15T22:12:56.250-0500	DEBUG	protocol/handler.go:1591	have processed broadcast	{"{round 20 2  <nil>}": {"Key":"from","Type":15,"Integer":0,"String":"b","Interface":null}}
2025-08-15T22:12:56.250-0500	DEBUG	protocol/handler.go:437	processing message	{"{from 15 0 b <nil>}": {"Key":"to","Type":15,"Integer":0,"String":"","Interface":null}, "{round 20 3  <nil>}": {"Key":"broadcast","Type":4,"Integer":1,"String":"","Interface":null}}
2025-08-15T22:12:56.250-0500	DEBUG	protocol/handler.go:1657	storing broadcast	{"{round 20 3  <nil>}": {"Key":"from","Type":15,"Integer":0,"String":"b","Interface":null}}
2025-08-15T22:12:56.251-0500	DEBUG	protocol/handler.go:470	message for different round (buffering)	{"{msg_round 20 3  <nil>}": {"Key":"current_round","Type":20,"Integer":2,"String":"","Interface":null}}
2025-08-15T22:12:56.251-0500	DEBUG	protocol/handler.go:581	tryAdvanceRound called	{"{current_round 20 2  <nil>}": {"Key":"self","Type":15,"Integer":0,"String":"c","Interface":null}}
2025-08-15T22:12:56.251-0500	DEBUG	protocol/handler.go:1591	have processed broadcast	{"{round 20 2  <nil>}": {"Key":"from","Type":15,"Integer":0,"String":"a","Interface":null}}
2025-08-15T22:12:56.251-0500	DEBUG	protocol/handler.go:1591	have processed broadcast	{"{round 20 2  <nil>}": {"Key":"from","Type":15,"Integer":0,"String":"b","Interface":null}}
2025-08-15T22:12:56.251-0500	DEBUG	protocol/handler.go:1649	have all messages and processed	{"{round 20 2  <nil>}": {"Key":"self","Type":15,"Integer":0,"String":"c","Interface":null}}
2025-08-15T22:12:56.251-0500	DEBUG	protocol/handler.go:1039	sendRoundMessage	{"{from 15 0 c <nil>}": {"Key":"to","Type":15,"Integer":0,"String":"","Interface":null}, "{round 20 3  <nil>}": {"Key":"broadcast","Type":4,"Integer":1,"String":"","Interface":null}}
2025-08-15T22:12:56.251-0500	DEBUG	protocol/handler.go:596	round already finalized
2025-08-15T22:12:56.251-0500	DEBUG	protocol/handler.go:1657	storing broadcast	{"{round 20 3  <nil>}": {"Key":"from","Type":15,"Integer":0,"String":"c","Interface":null}}
2025-08-15T22:12:56.251-0500	DEBUG	protocol/handler.go:437	processing message	{"{from 15 0 b <nil>}": {"Key":"to","Type":15,"Integer":0,"String":"","Interface":null}, "{round 20 3  <nil>}": {"Key":"broadcast","Type":4,"Integer":1,"String":"","Interface":null}}
2025-08-15T22:12:56.251-0500	DEBUG	protocol/handler.go:1081	sent message to output channel	{"{from 15 0 c <nil>}": {"Key":"to","Type":15,"Integer":0,"String":"","Interface":null}, "{round 20 3  <nil>}": {"Key":"broadcast","Type":4,"Integer":1,"String":"","Interface":null}}
2025-08-15T22:12:56.251-0500	DEBUG	protocol/handler.go:1657	storing broadcast	{"{round 20 3  <nil>}": {"Key":"from","Type":15,"Integer":0,"String":"b","Interface":null}}
2025-08-15T22:12:56.251-0500	DEBUG	protocol/handler.go:1039	sendRoundMessage	{"{from 15 0 c <nil>}": {"Key":"to","Type":15,"Integer":0,"String":"a","Interface":null}, "{round 20 3  <nil>}": {"Key":"broadcast","Type":4,"Integer":0,"String":"","Interface":null}}
2025-08-15T22:12:56.251-0500	DEBUG	protocol/handler.go:470	message for different round (buffering)	{"{msg_round 20 3  <nil>}": {"Key":"current_round","Type":20,"Integer":2,"String":"","Interface":null}}
2025-08-15T22:12:56.251-0500	DEBUG	protocol/handler.go:581	tryAdvanceRound called	{"{current_round 20 2  <nil>}": {"Key":"self","Type":15,"Integer":0,"String":"a","Interface":null}}
2025-08-15T22:12:56.251-0500	DEBUG	protocol/handler.go:1081	sent message to output channel	{"{from 15 0 c <nil>}": {"Key":"to","Type":15,"Integer":0,"String":"a","Interface":null}, "{round 20 3  <nil>}": {"Key":"broadcast","Type":4,"Integer":0,"String":"","Interface":null}}
2025-08-15T22:12:56.251-0500	DEBUG	protocol/handler.go:1591	have processed broadcast	{"{round 20 2  <nil>}": {"Key":"from","Type":15,"Integer":0,"String":"b","Interface":null}}
2025-08-15T22:12:56.251-0500	INFO	protocol/handler.go:560	advanced to round
2025-08-15T22:12:56.251-0500	DEBUG	protocol/handler.go:1591	have processed broadcast	{"{round 20 2  <nil>}": {"Key":"from","Type":15,"Integer":0,"String":"c","Interface":null}}
2025-08-15T22:12:56.251-0500	DEBUG	protocol/handler.go:581	tryAdvanceRound called	{"{current_round 20 2  <nil>}": {"Key":"self","Type":15,"Integer":0,"String":"a","Interface":null}}
2025-08-15T22:12:56.251-0500	DEBUG	protocol/handler.go:1649	have all messages and processed	{"{round 20 2  <nil>}": {"Key":"self","Type":15,"Integer":0,"String":"a","Interface":null}}
2025-08-15T22:12:56.251-0500	DEBUG	protocol/handler.go:596	round already finalized
2025-08-15T22:12:56.251-0500	DEBUG	protocol/handler.go:1039	sendRoundMessage	{"{from 15 0 c <nil>}": {"Key":"to","Type":15,"Integer":0,"String":"b","Interface":null}, "{round 20 3  <nil>}": {"Key":"broadcast","Type":4,"Integer":0,"String":"","Interface":null}}
2025-08-15T22:12:56.251-0500	DEBUG	protocol/handler.go:1591	have processed broadcast	{"{round 20 2  <nil>}": {"Key":"from","Type":15,"Integer":0,"String":"b","Interface":null}}
2025-08-15T22:12:56.251-0500	DEBUG	protocol/handler.go:1591	have processed broadcast	{"{round 20 2  <nil>}": {"Key":"from","Type":15,"Integer":0,"String":"c","Interface":null}}
2025-08-15T22:12:56.251-0500	DEBUG	protocol/handler.go:1081	sent message to output channel	{"{from 15 0 c <nil>}": {"Key":"to","Type":15,"Integer":0,"String":"b","Interface":null}, "{round 20 3  <nil>}": {"Key":"broadcast","Type":4,"Integer":0,"String":"","Interface":null}}
2025-08-15T22:12:56.251-0500	DEBUG	protocol/handler.go:1649	have all messages and processed	{"{round 20 2  <nil>}": {"Key":"self","Type":15,"Integer":0,"String":"a","Interface":null}}
2025-08-15T22:12:56.251-0500	DEBUG	protocol/handler.go:596	round already finalized
2025-08-15T22:12:56.251-0500	INFO	protocol/handler.go:560	advanced to round
==================
WARNING: DATA RACE
Write at 0x00c0009cd43c by goroutine 642:
  ??()
      -:0 +0x104ada650
  sync/atomic.CompareAndSwapInt32()
      <autogenerated>:1 +0x18
  sync.(*Mutex).Lock()
      /opt/homebrew/Cellar/go/1.24.6/libexec/src/sync/mutex.go:46 +0x2c
  github.com/luxfi/threshold/protocols/frost/keygen.(*round2).Finalize()
      /Users/z/work/lux/threshold/protocols/frost/keygen/round2.go:157 +0x784
  github.com/luxfi/threshold/pkg/protocol.(*Handler).finalizeRound.func1()
      /Users/z/work/lux/threshold/pkg/protocol/handler.go:1163 +0xe4

Previous read at 0x00c0009cd438 by goroutine 566:
  github.com/luxfi/threshold/protocols/frost/keygen.(*round2).Number()
      <autogenerated>:1 +0x38
  github.com/luxfi/threshold/pkg/protocol.(*Handler).tryAdvanceRound()
      /Users/z/work/lux/threshold/pkg/protocol/handler.go:606 +0x6c8
  github.com/luxfi/threshold/pkg/protocol.(*Handler).roundProcessor()
      /Users/z/work/lux/threshold/pkg/protocol/handler.go:569 +0xb4
  github.com/luxfi/threshold/pkg/protocol.(*Handler).startWorkers.func1()
      /Users/z/work/lux/threshold/pkg/protocol/handler.go:374 +0x78

Goroutine 642 (running) created at:
  github.com/luxfi/threshold/pkg/protocol.(*Handler).finalizeRound()
      /Users/z/work/lux/threshold/pkg/protocol/handler.go:1160 +0x26c
  github.com/luxfi/threshold/pkg/protocol.(*Handler).tryAdvanceRound()
      /Users/z/work/lux/threshold/pkg/protocol/handler.go:622 +0xae4
  github.com/luxfi/threshold/pkg/protocol.(*Handler).processMessage()
      /Users/z/work/lux/threshold/pkg/protocol/handler.go:474 +0xb70
  github.com/luxfi/threshold/pkg/protocol.(*Handler).messageWorker()
      /Users/z/work/lux/threshold/pkg/protocol/handler.go:408 +0x338
  github.com/luxfi/threshold/pkg/protocol.(*Handler).startWorkers.gowrap1()
      /Users/z/work/lux/threshold/pkg/protocol/handler.go:355 +0x44

Goroutine 566 (running) created at:
  github.com/luxfi/threshold/pkg/protocol.(*Handler).startWorkers()
      /Users/z/work/lux/threshold/pkg/protocol/handler.go:372 +0x4fc
  github.com/luxfi/threshold/pkg/protocol.NewHandler()
      /Users/z/work/lux/threshold/pkg/protocol/handler.go:247 +0xf10
  github.com/luxfi/threshold/internal/test.(*Harness).CreateHandler()
      /Users/z/work/lux/threshold/internal/test/harness.go:91 +0x2e4
  github.com/luxfi/threshold/protocols/frost.TestFrostRefreshOnly()
      /Users/z/work/lux/threshold/protocols/frost/simple_test.go:98 +0x67c
  testing.tRunner()
      /opt/homebrew/Cellar/go/1.24.6/libexec/src/testing/testing.go:1792 +0x180
  testing.(*T).Run.gowrap1()
      /opt/homebrew/Cellar/go/1.24.6/libexec/src/testing/testing.go:1851 +0x40
==================
==================
WARNING: DATA RACE
Read at 0x00c0009cd438 by goroutine 637:
  github.com/luxfi/threshold/protocols/frost/keygen.(*round2).Number()
      <autogenerated>:1 +0x38
  github.com/luxfi/threshold/pkg/protocol.(*Handler).tryAdvanceRound()
      /Users/z/work/lux/threshold/pkg/protocol/handler.go:582 +0x70
  github.com/luxfi/threshold/pkg/protocol.(*Handler).initializeRound.func2()
      /Users/z/work/lux/threshold/pkg/protocol/handler.go:1007 +0x38

Previous write at 0x00c0009cd438 by goroutine 642:
  github.com/luxfi/threshold/protocols/frost/keygen.(*round2).Finalize()
      /Users/z/work/lux/threshold/protocols/frost/keygen/round2.go:158 +0x78c
  github.com/luxfi/threshold/pkg/protocol.(*Handler).finalizeRound.func1()
      /Users/z/work/lux/threshold/pkg/protocol/handler.go:1163 +0xe4

Goroutine 637 (running) created at:
  github.com/luxfi/threshold/pkg/protocol.(*Handler).initializeRound()
      /Users/z/work/lux/threshold/pkg/protocol/handler.go:1005 +0xd0c
  github.com/luxfi/threshold/pkg/protocol.NewHandler.gowrap1()
      /Users/z/work/lux/threshold/pkg/protocol/handler.go:250 +0x4c

Goroutine 642 (finished) created at:
  github.com/luxfi/threshold/pkg/protocol.(*Handler).finalizeRound()
      /Users/z/work/lux/threshold/pkg/protocol/handler.go:1160 +0x26c
  github.com/luxfi/threshold/pkg/protocol.(*Handler).tryAdvanceRound()
      /Users/z/work/lux/threshold/pkg/protocol/handler.go:622 +0xae4
  github.com/luxfi/threshold/pkg/protocol.(*Handler).processMessage()
      /Users/z/work/lux/threshold/pkg/protocol/handler.go:474 +0xb70
  github.com/luxfi/threshold/pkg/protocol.(*Handler).messageWorker()
      /Users/z/work/lux/threshold/pkg/protocol/handler.go:408 +0x338
  github.com/luxfi/threshold/pkg/protocol.(*Handler).startWorkers.gowrap1()
      /Users/z/work/lux/threshold/pkg/protocol/handler.go:355 +0x44
==================
2025-08-15T22:12:56.251-0500	DEBUG	protocol/handler.go:581	tryAdvanceRound called	{"{current_round 20 3  <nil>}": {"Key":"self","Type":15,"Integer":0,"String":"b","Interface":null}}
2025-08-15T22:12:56.251-0500	DEBUG	protocol/handler.go:1182	finalized round messages	{"{round 20 2  <nil>}": {"Key":"messages","Type":11,"Integer":3,"String":"","Interface":null}}
2025-08-15T22:12:56.250-0500	DEBUG	protocol/handler.go:1649	have all messages and processed	{"{round 20 2  <nil>}": {"Key":"self","Type":15,"Integer":0,"String":"c","Interface":null}}
2025-08-15T22:12:56.252-0500	DEBUG	protocol/handler.go:1039	sendRoundMessage	{"{from 15 0 a <nil>}": {"Key":"to","Type":15,"Integer":0,"String":"","Interface":null}, "{round 20 3  <nil>}": {"Key":"broadcast","Type":4,"Integer":1,"String":"","Interface":null}}
2025-08-15T22:12:56.253-0500	DEBUG	protocol/handler.go:1503	processing queued messages
2025-08-15T22:12:56.253-0500	DEBUG	protocol/handler.go:1503	processing queued messages
2025-08-15T22:12:56.253-0500	DEBUG	protocol/handler.go:432	processMessage: p2p round 3 START	{"{from 15 0 b <nil>}": {"Key":"to","Type":15,"Integer":0,"String":"c","Interface":null}}
2025-08-15T22:12:56.253-0500	DEBUG	protocol/handler.go:432	processMessage: p2p round 3 START	{"{from 15 0 c <nil>}": {"Key":"to","Type":15,"Integer":0,"String":"a","Interface":null}}
2025-08-15T22:12:56.253-0500	DEBUG	protocol/handler.go:437	processing message	{"{from 15 0 c <nil>}": {"Key":"to","Type":15,"Integer":0,"String":"","Interface":null}, "{round 20 3  <nil>}": {"Key":"broadcast","Type":4,"Integer":1,"String":"","Interface":null}}
2025-08-15T22:12:56.253-0500	DEBUG	protocol/handler.go:437	processing message	{"{from 15 0 c <nil>}": {"Key":"to","Type":15,"Integer":0,"String":"","Interface":null}, "{round 20 3  <nil>}": {"Key":"broadcast","Type":4,"Integer":1,"String":"","Interface":null}}
2025-08-15T22:12:56.253-0500	DEBUG	protocol/handler.go:432	processMessage: p2p round 3 START	{"{from 15 0 c <nil>}": {"Key":"to","Type":15,"Integer":0,"String":"b","Interface":null}}
2025-08-15T22:12:56.281-0500	DEBUG	protocol/handler.go:581	tryAdvanceRound called	{"{current_round 20 2  <nil>}": {"Key":"self","Type":15,"Integer":0,"String":"a","Interface":null}}
2025-08-15T22:12:56.283-0500	DEBUG	protocol/handler.go:581	tryAdvanceRound called	{"{current_round 20 2  <nil>}": {"Key":"self","Type":15,"Integer":0,"String":"a","Interface":null}}
2025-08-15T22:12:56.295-0500	DEBUG	protocol/handler.go:596	round already finalized
2025-08-15T22:12:56.295-0500	DEBUG	protocol/handler.go:1600	waiting for broadcasts	{"{round 20 3  <nil>}": {"Key":"missing","Type":15,"Integer":0,"String":"[a c]","Interface":null}}
2025-08-15T22:12:56.296-0500	DEBUG	protocol/handler.go:1657	storing broadcast	{"{round 20 3  <nil>}": {"Key":"from","Type":15,"Integer":0,"String":"a","Interface":null}}
2025-08-15T22:12:56.297-0500	DEBUG	protocol/handler.go:1081	sent message to output channel	{"{from 15 0 a <nil>}": {"Key":"to","Type":15,"Integer":0,"String":"","Interface":null}, "{round 20 3  <nil>}": {"Key":"broadcast","Type":4,"Integer":1,"String":"","Interface":null}}
2025-08-15T22:12:56.297-0500	DEBUG	protocol/handler.go:1591	have processed broadcast	{"{round 20 2  <nil>}": {"Key":"from","Type":15,"Integer":0,"String":"b","Interface":null}}
2025-08-15T22:12:56.297-0500	DEBUG	protocol/handler.go:1039	sendRoundMessage	{"{from 15 0 a <nil>}": {"Key":"to","Type":15,"Integer":0,"String":"b","Interface":null}, "{round 20 3  <nil>}": {"Key":"broadcast","Type":4,"Integer":0,"String":"","Interface":null}}
2025-08-15T22:12:56.297-0500	DEBUG	protocol/handler.go:1081	sent message to output channel	{"{from 15 0 a <nil>}": {"Key":"to","Type":15,"Integer":0,"String":"b","Interface":null}, "{round 20 3  <nil>}": {"Key":"broadcast","Type":4,"Integer":0,"String":"","Interface":null}}
2025-08-15T22:12:56.297-0500	DEBUG	protocol/handler.go:1591	have processed broadcast	{"{round 20 2  <nil>}": {"Key":"from","Type":15,"Integer":0,"String":"c","Interface":null}}
2025-08-15T22:12:56.297-0500	DEBUG	protocol/handler.go:1039	sendRoundMessage	{"{from 15 0 a <nil>}": {"Key":"to","Type":15,"Integer":0,"String":"c","Interface":null}, "{round 20 3  <nil>}": {"Key":"broadcast","Type":4,"Integer":0,"String":"","Interface":null}}
2025-08-15T22:12:56.297-0500	DEBUG	protocol/handler.go:1081	sent message to output channel	{"{from 15 0 a <nil>}": {"Key":"to","Type":15,"Integer":0,"String":"c","Interface":null}, "{round 20 3  <nil>}": {"Key":"broadcast","Type":4,"Integer":0,"String":"","Interface":null}}
2025-08-15T22:12:56.297-0500	DEBUG	protocol/handler.go:1182	finalized round messages	{"{round 20 2  <nil>}": {"Key":"messages","Type":11,"Integer":3,"String":"","Interface":null}}
2025-08-15T22:12:56.297-0500	DEBUG	protocol/handler.go:1239	finalize returned next round	{"{current 20 2  <nil>}": {"Key":"next","Type":20,"Integer":3,"String":"","Interface":null}}
2025-08-15T22:12:56.297-0500	INFO	protocol/handler.go:642	storing new currentRound	{"{from 20 2  <nil>}": {"Key":"to","Type":20,"Integer":3,"String":"","Interface":null}}
2025-08-15T22:12:56.297-0500	DEBUG	protocol/handler.go:1503	processing queued messages
2025-08-15T22:12:56.298-0500	DEBUG	protocol/handler.go:581	tryAdvanceRound called	{"{current_round 20 3  <nil>}": {"Key":"self","Type":15,"Integer":0,"String":"b","Interface":null}}
2025-08-15T22:12:56.298-0500	DEBUG	protocol/handler.go:1600	waiting for broadcasts	{"{round 20 3  <nil>}": {"Key":"missing","Type":15,"Integer":0,"String":"[a c]","Interface":null}}
2025-08-15T22:12:56.296-0500	DEBUG	protocol/handler.go:1239	finalize returned next round	{"{current 20 2  <nil>}": {"Key":"next","Type":20,"Integer":3,"String":"","Interface":null}}
2025-08-15T22:12:56.298-0500	INFO	protocol/handler.go:642	storing new currentRound	{"{from 20 2  <nil>}": {"Key":"to","Type":20,"Integer":3,"String":"","Interface":null}}
2025-08-15T22:12:56.298-0500	DEBUG	protocol/handler.go:1503	processing queued messages
2025-08-15T22:12:56.296-0500	DEBUG	protocol/handler.go:437	processing message	{"{from 15 0 c <nil>}": {"Key":"to","Type":15,"Integer":0,"String":"a","Interface":null}, "{round 20 3  <nil>}": {"Key":"broadcast","Type":4,"Integer":0,"String":"","Interface":null}}
2025-08-15T22:12:56.298-0500	DEBUG	protocol/handler.go:432	processMessage: p2p round 3 START	{"{from 15 0 a <nil>}": {"Key":"to","Type":15,"Integer":0,"String":"c","Interface":null}}
2025-08-15T22:12:56.298-0500	DEBUG	protocol/handler.go:437	processing message	{"{from 15 0 a <nil>}": {"Key":"to","Type":15,"Integer":0,"String":"c","Interface":null}, "{round 20 3  <nil>}": {"Key":"broadcast","Type":4,"Integer":0,"String":"","Interface":null}}
2025-08-15T22:12:56.299-0500	DEBUG	protocol/handler.go:1662	storing message	{"{round 20 3  <nil>}": {"Key":"from","Type":15,"Integer":0,"String":"a","Interface":null}}
2025-08-15T22:12:56.299-0500	DEBUG	protocol/handler.go:581	tryAdvanceRound called	{"{current_round 20 3  <nil>}": {"Key":"self","Type":15,"Integer":0,"String":"c","Interface":null}}
2025-08-15T22:12:56.299-0500	DEBUG	protocol/handler.go:1503	processing queued messages
2025-08-15T22:12:56.299-0500	DEBUG	protocol/handler.go:1306	waiting for broadcast before normal message
2025-08-15T22:12:56.299-0500	DEBUG	protocol/handler.go:1591	have processed broadcast	{"{round 20 3  <nil>}": {"Key":"from","Type":15,"Integer":0,"String":"b","Interface":null}}
2025-08-15T22:12:56.299-0500	DEBUG	protocol/handler.go:1600	waiting for broadcasts	{"{round 20 3  <nil>}": {"Key":"missing","Type":15,"Integer":0,"String":"[a]","Interface":null}}
2025-08-15T22:12:56.299-0500	DEBUG	protocol/handler.go:1503	processing queued messages
2025-08-15T22:12:56.300-0500	DEBUG	protocol/handler.go:1306	waiting for broadcast before normal message
2025-08-15T22:12:56.300-0500	DEBUG	protocol/handler.go:1306	waiting for broadcast before normal message
2025-08-15T22:12:56.300-0500	DEBUG	protocol/handler.go:1306	waiting for broadcast before normal message
2025-08-15T22:12:56.300-0500	DEBUG	protocol/handler.go:432	processMessage: p2p round 3 START	{"{from 15 0 a <nil>}": {"Key":"to","Type":15,"Integer":0,"String":"b","Interface":null}}
2025-08-15T22:12:56.300-0500	DEBUG	protocol/handler.go:437	processing message	{"{from 15 0 a <nil>}": {"Key":"to","Type":15,"Integer":0,"String":"b","Interface":null}, "{round 20 3  <nil>}": {"Key":"broadcast","Type":4,"Integer":0,"String":"","Interface":null}}
2025-08-15T22:12:56.300-0500	DEBUG	protocol/handler.go:1662	storing message	{"{round 20 3  <nil>}": {"Key":"from","Type":15,"Integer":0,"String":"a","Interface":null}}
2025-08-15T22:12:56.300-0500	DEBUG	protocol/handler.go:581	tryAdvanceRound called	{"{current_round 20 3  <nil>}": {"Key":"self","Type":15,"Integer":0,"String":"b","Interface":null}}
2025-08-15T22:12:56.300-0500	DEBUG	protocol/handler.go:1306	waiting for broadcast before normal message
2025-08-15T22:12:56.300-0500	DEBUG	protocol/handler.go:1600	waiting for broadcasts	{"{round 20 3  <nil>}": {"Key":"missing","Type":15,"Integer":0,"String":"[a c]","Interface":null}}
2025-08-15T22:12:56.300-0500	DEBUG	protocol/handler.go:437	processing message	{"{from 15 0 a <nil>}": {"Key":"to","Type":15,"Integer":0,"String":"","Interface":null}, "{round 20 3  <nil>}": {"Key":"broadcast","Type":4,"Integer":1,"String":"","Interface":null}}
2025-08-15T22:12:56.300-0500	DEBUG	protocol/handler.go:1657	storing broadcast	{"{round 20 3  <nil>}": {"Key":"from","Type":15,"Integer":0,"String":"a","Interface":null}}
2025-08-15T22:12:56.300-0500	DEBUG	protocol/handler.go:581	tryAdvanceRound called	{"{current_round 20 3  <nil>}": {"Key":"self","Type":15,"Integer":0,"String":"b","Interface":null}}
==================
WARNING: DATA RACE
Write at 0x00c0009cd43c by goroutine 643:
  ??()
      -:0 +0x104ada650
  sync/atomic.CompareAndSwapInt32()
      <autogenerated>:1 +0x18
  sync.(*Mutex).Lock()
      /opt/homebrew/Cellar/go/1.24.6/libexec/src/sync/mutex.go:46 +0x2c
  github.com/luxfi/threshold/protocols/frost/keygen.(*round2).StoreBroadcastMessage()
      /Users/z/work/lux/threshold/protocols/frost/keygen/round2.go:57 +0x58
  github.com/luxfi/threshold/pkg/protocol.(*Handler).verifyBroadcastForRound()
      /Users/z/work/lux/threshold/pkg/protocol/handler.go:1277 +0x3a0
  github.com/luxfi/threshold/pkg/protocol.(*Handler).processQueuedMessages()
      /Users/z/work/lux/threshold/pkg/protocol/handler.go:1513 +0x718
  github.com/luxfi/threshold/pkg/protocol.(*Handler).tryAdvanceRound.gowrap2()
      /Users/z/work/lux/threshold/pkg/protocol/handler.go:673 +0x40

Previous read at 0x00c0009cd438 by goroutine 637:
  github.com/luxfi/threshold/protocols/frost/keygen.(*round2).MessageContent()
      <autogenerated>:1 +0x38
  github.com/luxfi/threshold/pkg/protocol.(*Handler).hasAllMessages()
      /Users/z/work/lux/threshold/pkg/protocol/handler.go:1617 +0x6c8
  github.com/luxfi/threshold/pkg/protocol.(*Handler).tryAdvanceRound()
      /Users/z/work/lux/threshold/pkg/protocol/handler.go:589 +0x29c
  github.com/luxfi/threshold/pkg/protocol.(*Handler).initializeRound.func2()
      /Users/z/work/lux/threshold/pkg/protocol/handler.go:1007 +0x38

Goroutine 643 (running) created at:
  github.com/luxfi/threshold/pkg/protocol.(*Handler).tryAdvanceRound()
      /Users/z/work/lux/threshold/pkg/protocol/handler.go:673 +0x12e4
  github.com/luxfi/threshold/pkg/protocol.(*Handler).processMessage()
      /Users/z/work/lux/threshold/pkg/protocol/handler.go:474 +0xb70
  github.com/luxfi/threshold/pkg/protocol.(*Handler).messageWorker()
      /Users/z/work/lux/threshold/pkg/protocol/handler.go:408 +0x338
  github.com/luxfi/threshold/pkg/protocol.(*Handler).startWorkers.gowrap1()
      /Users/z/work/lux/threshold/pkg/protocol/handler.go:355 +0x44

Goroutine 637 (running) created at:
  github.com/luxfi/threshold/pkg/protocol.(*Handler).initializeRound()
      /Users/z/work/lux/threshold/pkg/protocol/handler.go:1005 +0xd0c
  github.com/luxfi/threshold/pkg/protocol.NewHandler.gowrap1()
      /Users/z/work/lux/threshold/pkg/protocol/handler.go:250 +0x4c
==================
2025-08-15T22:12:56.302-0500	DEBUG	protocol/handler.go:1591	have processed broadcast	{"{round 20 3  <nil>}": {"Key":"from","Type":15,"Integer":0,"String":"a","Interface":null}}
2025-08-15T22:12:56.302-0500	DEBUG	protocol/handler.go:1600	waiting for broadcasts	{"{round 20 3  <nil>}": {"Key":"missing","Type":15,"Integer":0,"String":"[c]","Interface":null}}
2025-08-15T22:12:56.302-0500	DEBUG	protocol/handler.go:437	processing message	{"{from 15 0 a <nil>}": {"Key":"to","Type":15,"Integer":0,"String":"","Interface":null}, "{round 20 3  <nil>}": {"Key":"broadcast","Type":4,"Integer":1,"String":"","Interface":null}}
2025-08-15T22:12:56.302-0500	DEBUG	protocol/handler.go:1657	storing broadcast	{"{round 20 3  <nil>}": {"Key":"from","Type":15,"Integer":0,"String":"a","Interface":null}}
2025-08-15T22:12:56.302-0500	DEBUG	protocol/handler.go:581	tryAdvanceRound called	{"{current_round 20 3  <nil>}": {"Key":"self","Type":15,"Integer":0,"String":"c","Interface":null}}
2025-08-15T22:12:56.303-0500	DEBUG	protocol/handler.go:1591	have processed broadcast	{"{round 20 3  <nil>}": {"Key":"from","Type":15,"Integer":0,"String":"a","Interface":null}}
2025-08-15T22:12:56.303-0500	DEBUG	protocol/handler.go:1591	have processed broadcast	{"{round 20 3  <nil>}": {"Key":"from","Type":15,"Integer":0,"String":"b","Interface":null}}
2025-08-15T22:12:56.303-0500	DEBUG	protocol/handler.go:1635	waiting for messages	{"{round 20 3  <nil>}": {"Key":"missing","Type":15,"Integer":0,"String":"[b]","Interface":null}}
==================
WARNING: DATA RACE
Read at 0x00c0009cd1c8 by goroutine 620:
  github.com/luxfi/threshold/protocols/frost/keygen.(*round2).Number()
      <autogenerated>:1 +0x38
  github.com/luxfi/threshold/pkg/protocol.(*Handler).tryAdvanceRound()
      /Users/z/work/lux/threshold/pkg/protocol/handler.go:599 +0x490
  github.com/luxfi/threshold/pkg/protocol.(*Handler).roundProcessor()
      /Users/z/work/lux/threshold/pkg/protocol/handler.go:569 +0xb4
  github.com/luxfi/threshold/pkg/protocol.(*Handler).startWorkers.func1()
      /Users/z/work/lux/threshold/pkg/protocol/handler.go:374 +0x78

Previous write at 0x00c0009cd1cc by goroutine 644:
  ??()
      -:0 +0x104ad5eb0
  sync/atomic.AddInt32()
      <autogenerated>:1 +0x14
  sync.(*Mutex).Unlock()
      /opt/homebrew/Cellar/go/1.24.6/libexec/src/sync/mutex.go:65 +0x2c
  github.com/luxfi/threshold/protocols/frost/keygen.(*round2).StoreBroadcastMessage()
      /Users/z/work/lux/threshold/protocols/frost/keygen/round2.go:59 +0x634
  github.com/luxfi/threshold/pkg/protocol.(*Handler).verifyBroadcastForRound()
      /Users/z/work/lux/threshold/pkg/protocol/handler.go:1277 +0x3a0
  github.com/luxfi/threshold/pkg/protocol.(*Handler).processQueuedMessages()
      /Users/z/work/lux/threshold/pkg/protocol/handler.go:1513 +0x718
  github.com/luxfi/threshold/pkg/protocol.(*Handler).tryAdvanceRound.gowrap2()
      /Users/z/work/lux/threshold/pkg/protocol/handler.go:673 +0x40

Goroutine 620 (running) created at:
  github.com/luxfi/threshold/pkg/protocol.(*Handler).startWorkers()
      /Users/z/work/lux/threshold/pkg/protocol/handler.go:372 +0x4fc
  github.com/luxfi/threshold/pkg/protocol.NewHandler()
      /Users/z/work/lux/threshold/pkg/protocol/handler.go:247 +0xf10
  github.com/luxfi/threshold/internal/test.(*Harness).CreateHandler()
      /Users/z/work/lux/threshold/internal/test/harness.go:91 +0x2e4
  github.com/luxfi/threshold/protocols/frost.TestFrostRefreshOnly()
      /Users/z/work/lux/threshold/protocols/frost/simple_test.go:98 +0x67c
  testing.tRunner()
      /opt/homebrew/Cellar/go/1.24.6/libexec/src/testing/testing.go:1792 +0x180
  testing.(*T).Run.gowrap1()
      /opt/homebrew/Cellar/go/1.24.6/libexec/src/testing/testing.go:1851 +0x40

Goroutine 644 (finished) created at:
  github.com/luxfi/threshold/pkg/protocol.(*Handler).tryAdvanceRound()
      /Users/z/work/lux/threshold/pkg/protocol/handler.go:673 +0x12e4
  github.com/luxfi/threshold/pkg/protocol.(*Handler).processMessage()
      /Users/z/work/lux/threshold/pkg/protocol/handler.go:486 +0xbb0
  github.com/luxfi/threshold/pkg/protocol.(*Handler).messageWorker()
      /Users/z/work/lux/threshold/pkg/protocol/handler.go:408 +0x338
  github.com/luxfi/threshold/pkg/protocol.(*Handler).startWorkers.gowrap2()
      /Users/z/work/lux/threshold/pkg/protocol/handler.go:361 +0x44
==================
2025-08-15T22:12:56.303-0500	DEBUG	protocol/handler.go:600	current round already advanced	{"{checking 20 2  <nil>}": {"Key":"current","Type":20,"Integer":3,"String":"","Interface":null}}
2025-08-15T22:12:56.303-0500	INFO	protocol/handler.go:560	advanced to round
2025-08-15T22:12:56.304-0500	DEBUG	protocol/handler.go:581	tryAdvanceRound called	{"{current_round 20 3  <nil>}": {"Key":"self","Type":15,"Integer":0,"String":"c","Interface":null}}
2025-08-15T22:12:56.304-0500	DEBUG	protocol/handler.go:1591	have processed broadcast	{"{round 20 3  <nil>}": {"Key":"from","Type":15,"Integer":0,"String":"a","Interface":null}}
2025-08-15T22:12:56.304-0500	DEBUG	protocol/handler.go:1591	have processed broadcast	{"{round 20 3  <nil>}": {"Key":"from","Type":15,"Integer":0,"String":"b","Interface":null}}
2025-08-15T22:12:56.304-0500	DEBUG	protocol/handler.go:1635	waiting for messages	{"{round 20 3  <nil>}": {"Key":"missing","Type":15,"Integer":0,"String":"[b]","Interface":null}}
2025-08-15T22:12:56.296-0500	DEBUG	protocol/handler.go:437	processing message	{"{from 15 0 b <nil>}": {"Key":"to","Type":15,"Integer":0,"String":"c","Interface":null}, "{round 20 3  <nil>}": {"Key":"broadcast","Type":4,"Integer":0,"String":"","Interface":null}}
2025-08-15T22:12:56.304-0500	DEBUG	protocol/handler.go:1662	storing message	{"{round 20 3  <nil>}": {"Key":"from","Type":15,"Integer":0,"String":"b","Interface":null}}
2025-08-15T22:12:56.305-0500	DEBUG	protocol/handler.go:581	tryAdvanceRound called	{"{current_round 20 3  <nil>}": {"Key":"self","Type":15,"Integer":0,"String":"c","Interface":null}}
2025-08-15T22:12:56.305-0500	DEBUG	protocol/handler.go:1591	have processed broadcast	{"{round 20 3  <nil>}": {"Key":"from","Type":15,"Integer":0,"String":"a","Interface":null}}
2025-08-15T22:12:56.305-0500	DEBUG	protocol/handler.go:1591	have processed broadcast	{"{round 20 3  <nil>}": {"Key":"from","Type":15,"Integer":0,"String":"b","Interface":null}}
2025-08-15T22:12:56.305-0500	DEBUG	protocol/handler.go:1649	have all messages and processed	{"{round 20 3  <nil>}": {"Key":"self","Type":15,"Integer":0,"String":"c","Interface":null}}
2025-08-15T22:12:56.305-0500	DEBUG	protocol/handler.go:619	finalizing round
2025-08-15T22:12:56.296-0500	DEBUG	protocol/handler.go:1657	storing broadcast	{"{round 20 3  <nil>}": {"Key":"from","Type":15,"Integer":0,"String":"c","Interface":null}}
2025-08-15T22:12:56.305-0500	DEBUG	protocol/handler.go:581	tryAdvanceRound called	{"{current_round 20 3  <nil>}": {"Key":"self","Type":15,"Integer":0,"String":"a","Interface":null}}
2025-08-15T22:12:56.307-0500	DEBUG	protocol/handler.go:1591	have processed broadcast	{"{round 20 3  <nil>}": {"Key":"from","Type":15,"Integer":0,"String":"b","Interface":null}}
2025-08-15T22:12:56.298-0500	DEBUG	protocol/handler.go:1662	storing message	{"{round 20 3  <nil>}": {"Key":"from","Type":15,"Integer":0,"String":"c","Interface":null}}
2025-08-15T22:12:56.307-0500	DEBUG	protocol/handler.go:1591	have processed broadcast	{"{round 20 3  <nil>}": {"Key":"from","Type":15,"Integer":0,"String":"c","Interface":null}}
2025-08-15T22:12:56.307-0500	DEBUG	protocol/handler.go:1642	waiting for message processing	{"{round 20 3  <nil>}": {"Key":"unprocessed","Type":15,"Integer":0,"String":"[c]","Interface":null}}
2025-08-15T22:12:56.296-0500	DEBUG	protocol/handler.go:437	processing message	{"{from 15 0 c <nil>}": {"Key":"to","Type":15,"Integer":0,"String":"b","Interface":null}, "{round 20 3  <nil>}": {"Key":"broadcast","Type":4,"Integer":0,"String":"","Interface":null}}
2025-08-15T22:12:56.307-0500	DEBUG	protocol/handler.go:1662	storing message	{"{round 20 3  <nil>}": {"Key":"from","Type":15,"Integer":0,"String":"c","Interface":null}}
2025-08-15T22:12:56.296-0500	DEBUG	protocol/handler.go:1591	have processed broadcast	{"{round 20 2  <nil>}": {"Key":"from","Type":15,"Integer":0,"String":"b","Interface":null}}
2025-08-15T22:12:56.307-0500	DEBUG	protocol/handler.go:581	tryAdvanceRound called	{"{current_round 20 3  <nil>}": {"Key":"self","Type":15,"Integer":0,"String":"b","Interface":null}}
2025-08-15T22:12:56.307-0500	DEBUG	protocol/handler.go:1306	waiting for broadcast before normal message
2025-08-15T22:12:56.307-0500	DEBUG	protocol/handler.go:1591	have processed broadcast	{"{round 20 3  <nil>}": {"Key":"from","Type":15,"Integer":0,"String":"a","Interface":null}}
2025-08-15T22:12:56.307-0500	DEBUG	protocol/handler.go:1600	waiting for broadcasts	{"{round 20 3  <nil>}": {"Key":"missing","Type":15,"Integer":0,"String":"[c]","Interface":null}}
2025-08-15T22:12:56.296-0500	DEBUG	protocol/handler.go:1657	storing broadcast	{"{round 20 3  <nil>}": {"Key":"from","Type":15,"Integer":0,"String":"c","Interface":null}}
2025-08-15T22:12:56.307-0500	DEBUG	protocol/handler.go:581	tryAdvanceRound called	{"{current_round 20 3  <nil>}": {"Key":"self","Type":15,"Integer":0,"String":"b","Interface":null}}
2025-08-15T22:12:56.308-0500	DEBUG	protocol/handler.go:1182	finalized round messages	{"{round 20 3  <nil>}": {"Key":"messages","Type":11,"Integer":0,"String":"","Interface":null}}
2025-08-15T22:12:56.309-0500	DEBUG	protocol/handler.go:1591	have processed broadcast	{"{round 20 3  <nil>}": {"Key":"from","Type":15,"Integer":0,"String":"a","Interface":null}}
2025-08-15T22:12:56.309-0500	DEBUG	protocol/handler.go:1591	have processed broadcast	{"{round 20 3  <nil>}": {"Key":"from","Type":15,"Integer":0,"String":"c","Interface":null}}
2025-08-15T22:12:56.309-0500	DEBUG	protocol/handler.go:1649	have all messages and processed	{"{round 20 3  <nil>}": {"Key":"self","Type":15,"Integer":0,"String":"b","Interface":null}}
2025-08-15T22:12:56.309-0500	DEBUG	protocol/handler.go:619	finalizing round
2025-08-15T22:12:56.310-0500	DEBUG	protocol/handler.go:1182	finalized round messages	{"{round 20 3  <nil>}": {"Key":"messages","Type":11,"Integer":0,"String":"","Interface":null}}
2025-08-15T22:12:56.311-0500	INFO	protocol/handler.go:1211	protocol completed	{"{self 15 0 b <nil>}": {"Key":"final_round","Type":20,"Integer":3,"String":"","Interface":null}}
2025-08-15T22:12:56.311-0500	DEBUG	protocol/handler.go:624	finalizeRound returned nil
2025-08-15T22:12:56.311-0500	INFO	protocol/handler.go:787	protocol completed successfully
2025-08-15T22:12:56.311-0500	DEBUG	protocol/handler.go:581	tryAdvanceRound called	{"{current_round 20 3  <nil>}": {"Key":"self","Type":15,"Integer":0,"String":"c","Interface":null}}
2025-08-15T22:12:56.307-0500	DEBUG	protocol/handler.go:581	tryAdvanceRound called	{"{current_round 20 3  <nil>}": {"Key":"self","Type":15,"Integer":0,"String":"b","Interface":null}}
2025-08-15T22:12:56.311-0500	DEBUG	protocol/handler.go:1591	have processed broadcast	{"{round 20 3  <nil>}": {"Key":"from","Type":15,"Integer":0,"String":"a","Interface":null}}
2025-08-15T22:12:56.311-0500	DEBUG	protocol/handler.go:1591	have processed broadcast	{"{round 20 3  <nil>}": {"Key":"from","Type":15,"Integer":0,"String":"a","Interface":null}}
2025-08-15T22:12:56.311-0500	DEBUG	protocol/handler.go:1591	have processed broadcast	{"{round 20 3  <nil>}": {"Key":"from","Type":15,"Integer":0,"String":"b","Interface":null}}
2025-08-15T22:12:56.311-0500	DEBUG	protocol/handler.go:1591	have processed broadcast	{"{round 20 3  <nil>}": {"Key":"from","Type":15,"Integer":0,"String":"c","Interface":null}}
2025-08-15T22:12:56.311-0500	DEBUG	protocol/handler.go:1649	have all messages and processed	{"{round 20 3  <nil>}": {"Key":"self","Type":15,"Integer":0,"String":"c","Interface":null}}
2025-08-15T22:12:56.308-0500	INFO	protocol/handler.go:1211	protocol completed	{"{self 15 0 c <nil>}": {"Key":"final_round","Type":20,"Integer":3,"String":"","Interface":null}}
2025-08-15T22:12:56.311-0500	INFO	protocol/handler.go:787	protocol completed successfully
2025-08-15T22:12:56.311-0500	DEBUG	protocol/handler.go:596	round already finalized
2025-08-15T22:12:56.311-0500	DEBUG	protocol/handler.go:1649	have all messages and processed	{"{round 20 3  <nil>}": {"Key":"self","Type":15,"Integer":0,"String":"b","Interface":null}}
2025-08-15T22:12:56.311-0500	DEBUG	protocol/handler.go:624	finalizeRound returned nil
2025-08-15T22:12:56.311-0500	DEBUG	protocol/handler.go:596	round already finalized
2025-08-15T22:12:56.311-0500	DEBUG	protocol/handler.go:1591	have processed broadcast	{"{round 20 2  <nil>}": {"Key":"from","Type":15,"Integer":0,"String":"c","Interface":null}}
2025-08-15T22:12:56.311-0500	DEBUG	protocol/handler.go:1649	have all messages and processed	{"{round 20 2  <nil>}": {"Key":"self","Type":15,"Integer":0,"String":"a","Interface":null}}
2025-08-15T22:12:56.311-0500	DEBUG	protocol/handler.go:596	round already finalized
2025-08-15T22:12:56.311-0500	DEBUG	protocol/handler.go:600	current round already advanced	{"{checking 20 2  <nil>}": {"Key":"current","Type":20,"Integer":3,"String":"","Interface":null}}
2025-08-15T22:12:56.311-0500	DEBUG	protocol/handler.go:581	tryAdvanceRound called	{"{current_round 20 3  <nil>}": {"Key":"self","Type":15,"Integer":0,"String":"b","Interface":null}}
2025-08-15T22:12:56.311-0500	INFO	protocol/handler.go:560	advanced to round
2025-08-15T22:12:56.311-0500	DEBUG	protocol/handler.go:581	tryAdvanceRound called	{"{current_round 20 3  <nil>}": {"Key":"self","Type":15,"Integer":0,"String":"a","Interface":null}}
2025-08-15T22:12:56.311-0500	DEBUG	protocol/handler.go:1591	have processed broadcast	{"{round 20 3  <nil>}": {"Key":"from","Type":15,"Integer":0,"String":"a","Interface":null}}
2025-08-15T22:12:56.311-0500	DEBUG	protocol/handler.go:1591	have processed broadcast	{"{round 20 3  <nil>}": {"Key":"from","Type":15,"Integer":0,"String":"c","Interface":null}}
2025-08-15T22:12:56.311-0500	DEBUG	protocol/handler.go:1649	have all messages and processed	{"{round 20 3  <nil>}": {"Key":"self","Type":15,"Integer":0,"String":"b","Interface":null}}
2025-08-15T22:12:56.312-0500	DEBUG	protocol/handler.go:596	round already finalized
2025-08-15T22:12:56.297-0500	DEBUG	protocol/handler.go:1649	have all messages and processed	{"{round 20 2  <nil>}": {"Key":"self","Type":15,"Integer":0,"String":"a","Interface":null}}
2025-08-15T22:12:56.312-0500	DEBUG	protocol/handler.go:596	round already finalized
2025-08-15T22:12:56.312-0500	DEBUG	protocol/handler.go:600	current round already advanced	{"{checking 20 2  <nil>}": {"Key":"current","Type":20,"Integer":3,"String":"","Interface":null}}
2025-08-15T22:12:56.313-0500	DEBUG	protocol/handler.go:1591	have processed broadcast	{"{round 20 3  <nil>}": {"Key":"from","Type":15,"Integer":0,"String":"b","Interface":null}}
2025-08-15T22:12:56.313-0500	DEBUG	protocol/handler.go:1591	have processed broadcast	{"{round 20 3  <nil>}": {"Key":"from","Type":15,"Integer":0,"String":"c","Interface":null}}
2025-08-15T22:12:56.313-0500	DEBUG	protocol/handler.go:1649	have all messages and processed	{"{round 20 3  <nil>}": {"Key":"self","Type":15,"Integer":0,"String":"a","Interface":null}}
2025-08-15T22:12:56.313-0500	DEBUG	protocol/handler.go:619	finalizing round
2025-08-15T22:12:56.313-0500	DEBUG	protocol/handler.go:581	tryAdvanceRound called	{"{current_round 20 3  <nil>}": {"Key":"self","Type":15,"Integer":0,"String":"a","Interface":null}}
2025-08-15T22:12:56.313-0500	DEBUG	protocol/handler.go:1591	have processed broadcast	{"{round 20 3  <nil>}": {"Key":"from","Type":15,"Integer":0,"String":"b","Interface":null}}
2025-08-15T22:12:56.313-0500	DEBUG	protocol/handler.go:1591	have processed broadcast	{"{round 20 3  <nil>}": {"Key":"from","Type":15,"Integer":0,"String":"c","Interface":null}}
2025-08-15T22:12:56.313-0500	DEBUG	protocol/handler.go:1649	have all messages and processed	{"{round 20 3  <nil>}": {"Key":"self","Type":15,"Integer":0,"String":"a","Interface":null}}
2025-08-15T22:12:56.313-0500	DEBUG	protocol/handler.go:596	round already finalized
2025-08-15T22:12:56.314-0500	DEBUG	protocol/handler.go:1182	finalized round messages	{"{round 20 3  <nil>}": {"Key":"messages","Type":11,"Integer":0,"String":"","Interface":null}}
2025-08-15T22:12:56.315-0500	INFO	protocol/handler.go:1211	protocol completed	{"{self 15 0 a <nil>}": {"Key":"final_round","Type":20,"Integer":3,"String":"","Interface":null}}
2025-08-15T22:12:56.315-0500	DEBUG	protocol/handler.go:624	finalizeRound returned nil
2025-08-15T22:12:56.326-0500	INFO	protocol/handler.go:787	protocol completed successfully
--- FAIL: TestFrostRefreshOnly (0.21s)
    testing.go:1490: race detected during execution of test
2025-08-15T22:12:56.330-0500	INFO	protocol/handler.go:240	starting protocol handler	{"{protocol 15 0 frost/keygen-threshold <nil>}": {"Key":"workers","Type":11,"Integer":4,"String":"","Interface":null}, "{parties 11 5  <nil>}": {"Key":"threshold","Type":11,"Integer":3,"String":"","Interface":null}}
2025-08-15T22:12:56.330-0500	DEBUG	protocol/handler.go:348	starting worker pools	{"{workers 11 4  <nil>}": {"Key":"priority","Type":11,"Integer":4,"String":"","Interface":null}}
2025-08-15T22:12:56.331-0500	DEBUG	protocol/handler.go:391	worker started	{"{id 11 0  <nil>}": {"Key":"priority","Type":4,"Integer":0,"String":"","Interface":null}}
2025-08-15T22:12:56.331-0500	DEBUG	protocol/handler.go:391	worker started	{"{id 11 2  <nil>}": {"Key":"priority","Type":4,"Integer":1,"String":"","Interface":null}}
2025-08-15T22:12:56.331-0500	DEBUG	protocol/handler.go:391	worker started	{"{id 11 1  <nil>}": {"Key":"priority","Type":4,"Integer":0,"String":"","Interface":null}}
2025-08-15T22:12:56.331-0500	DEBUG	protocol/handler.go:391	worker started	{"{id 11 2  <nil>}": {"Key":"priority","Type":4,"Integer":0,"String":"","Interface":null}}
2025-08-15T22:12:56.331-0500	DEBUG	protocol/handler.go:391	worker started	{"{id 11 0  <nil>}": {"Key":"priority","Type":4,"Integer":1,"String":"","Interface":null}}
2025-08-15T22:12:56.333-0500	DEBUG	protocol/handler.go:391	worker started	{"{id 11 3  <nil>}": {"Key":"priority","Type":4,"Integer":1,"String":"","Interface":null}}
2025-08-15T22:12:56.333-0500	DEBUG	protocol/handler.go:391	worker started	{"{id 11 1  <nil>}": {"Key":"priority","Type":4,"Integer":1,"String":"","Interface":null}}
2025-08-15T22:12:56.333-0500	DEBUG	protocol/handler.go:930	initializing round
2025-08-15T22:12:56.333-0500	DEBUG	protocol/handler.go:1503	processing queued messages
2025-08-15T22:12:56.334-0500	INFO	protocol/handler.go:240	starting protocol handler	{"{protocol 15 0 frost/keygen-threshold <nil>}": {"Key":"workers","Type":11,"Integer":4,"String":"","Interface":null}, "{parties 11 5  <nil>}": {"Key":"threshold","Type":11,"Integer":3,"String":"","Interface":null}}
2025-08-15T22:12:56.334-0500	DEBUG	protocol/handler.go:348	starting worker pools	{"{workers 11 4  <nil>}": {"Key":"priority","Type":11,"Integer":4,"String":"","Interface":null}}
2025-08-15T22:12:56.334-0500	DEBUG	protocol/handler.go:930	initializing round
2025-08-15T22:12:56.334-0500	DEBUG	protocol/handler.go:1503	processing queued messages
2025-08-15T22:12:56.334-0500	DEBUG	protocol/handler.go:391	worker started	{"{id 11 0  <nil>}": {"Key":"priority","Type":4,"Integer":0,"String":"","Interface":null}}
2025-08-15T22:12:56.334-0500	DEBUG	protocol/handler.go:391	worker started	{"{id 11 1  <nil>}": {"Key":"priority","Type":4,"Integer":0,"String":"","Interface":null}}
2025-08-15T22:12:56.334-0500	DEBUG	protocol/handler.go:391	worker started	{"{id 11 2  <nil>}": {"Key":"priority","Type":4,"Integer":0,"String":"","Interface":null}}
2025-08-15T22:12:56.334-0500	DEBUG	protocol/handler.go:391	worker started	{"{id 11 0  <nil>}": {"Key":"priority","Type":4,"Integer":1,"String":"","Interface":null}}
2025-08-15T22:12:56.334-0500	DEBUG	protocol/handler.go:391	worker started	{"{id 11 1  <nil>}": {"Key":"priority","Type":4,"Integer":1,"String":"","Interface":null}}
2025-08-15T22:12:56.334-0500	DEBUG	protocol/handler.go:391	worker started	{"{id 11 2  <nil>}": {"Key":"priority","Type":4,"Integer":1,"String":"","Interface":null}}
2025-08-15T22:12:56.334-0500	DEBUG	protocol/handler.go:391	worker started	{"{id 11 3  <nil>}": {"Key":"priority","Type":4,"Integer":0,"String":"","Interface":null}}
2025-08-15T22:12:56.334-0500	DEBUG	protocol/handler.go:391	worker started	{"{id 11 3  <nil>}": {"Key":"priority","Type":4,"Integer":1,"String":"","Interface":null}}
2025-08-15T22:12:56.338-0500	INFO	protocol/handler.go:240	starting protocol handler	{"{protocol 15 0 frost/keygen-threshold <nil>}": {"Key":"workers","Type":11,"Integer":4,"String":"","Interface":null}, "{parties 11 5  <nil>}": {"Key":"threshold","Type":11,"Integer":3,"String":"","Interface":null}}
2025-08-15T22:12:56.338-0500	DEBUG	protocol/handler.go:391	worker started	{"{id 11 3  <nil>}": {"Key":"priority","Type":4,"Integer":0,"String":"","Interface":null}}
2025-08-15T22:12:56.339-0500	DEBUG	protocol/handler.go:348	starting worker pools	{"{workers 11 4  <nil>}": {"Key":"priority","Type":11,"Integer":4,"String":"","Interface":null}}
2025-08-15T22:12:56.339-0500	DEBUG	protocol/handler.go:403	worker stopping
2025-08-15T22:12:56.339-0500	DEBUG	protocol/handler.go:403	worker stopping
2025-08-15T22:12:56.339-0500	DEBUG	protocol/handler.go:403	worker stopping
2025-08-15T22:12:56.339-0500	DEBUG	protocol/handler.go:391	worker started	{"{id 11 2  <nil>}": {"Key":"priority","Type":4,"Integer":1,"String":"","Interface":null}}
2025-08-15T22:12:56.339-0500	DEBUG	protocol/handler.go:403	worker stopping
2025-08-15T22:12:56.339-0500	DEBUG	protocol/handler.go:391	worker started	{"{id 11 0  <nil>}": {"Key":"priority","Type":4,"Integer":0,"String":"","Interface":null}}
2025-08-15T22:12:56.339-0500	DEBUG	protocol/handler.go:403	worker stopping
2025-08-15T22:12:56.339-0500	DEBUG	protocol/handler.go:391	worker started	{"{id 11 2  <nil>}": {"Key":"priority","Type":4,"Integer":0,"String":"","Interface":null}}
2025-08-15T22:12:56.339-0500	DEBUG	protocol/handler.go:391	worker started	{"{id 11 3  <nil>}": {"Key":"priority","Type":4,"Integer":0,"String":"","Interface":null}}
2025-08-15T22:12:56.339-0500	DEBUG	protocol/handler.go:930	initializing round
2025-08-15T22:12:56.339-0500	DEBUG	protocol/handler.go:391	worker started	{"{id 11 1  <nil>}": {"Key":"priority","Type":4,"Integer":0,"String":"","Interface":null}}
2025-08-15T22:12:56.339-0500	DEBUG	protocol/handler.go:1503	processing queued messages
2025-08-15T22:12:56.339-0500	DEBUG	protocol/handler.go:403	worker stopping
2025-08-15T22:12:56.339-0500	DEBUG	protocol/handler.go:403	worker stopping
2025-08-15T22:12:56.339-0500	DEBUG	protocol/handler.go:403	worker stopping
2025-08-15T22:12:56.339-0500	DEBUG	protocol/handler.go:391	worker started	{"{id 11 0  <nil>}": {"Key":"priority","Type":4,"Integer":1,"String":"","Interface":null}}
2025-08-15T22:12:56.339-0500	DEBUG	protocol/handler.go:391	worker started	{"{id 11 1  <nil>}": {"Key":"priority","Type":4,"Integer":1,"String":"","Interface":null}}
2025-08-15T22:12:56.339-0500	DEBUG	protocol/handler.go:391	worker started	{"{id 11 3  <nil>}": {"Key":"priority","Type":4,"Integer":1,"String":"","Interface":null}}
2025-08-15T22:12:56.339-0500	DEBUG	protocol/handler.go:403	worker stopping
2025-08-15T22:12:56.339-0500	DEBUG	protocol/handler.go:403	worker stopping
2025-08-15T22:12:56.339-0500	DEBUG	protocol/handler.go:403	worker stopping
2025-08-15T22:12:56.339-0500	INFO	protocol/handler.go:240	starting protocol handler	{"{protocol 15 0 frost/keygen-threshold <nil>}": {"Key":"workers","Type":11,"Integer":4,"String":"","Interface":null}, "{parties 11 5  <nil>}": {"Key":"threshold","Type":11,"Integer":3,"String":"","Interface":null}}
2025-08-15T22:12:56.339-0500	DEBUG	protocol/handler.go:403	worker stopping
2025-08-15T22:12:56.339-0500	DEBUG	protocol/handler.go:403	worker stopping
2025-08-15T22:12:56.339-0500	DEBUG	protocol/handler.go:403	worker stopping
2025-08-15T22:12:56.339-0500	DEBUG	protocol/handler.go:403	worker stopping
2025-08-15T22:12:56.339-0500	DEBUG	protocol/handler.go:403	worker stopping
2025-08-15T22:12:56.339-0500	DEBUG	protocol/handler.go:403	worker stopping
2025-08-15T22:12:56.339-0500	DEBUG	protocol/handler.go:403	worker stopping
2025-08-15T22:12:56.339-0500	DEBUG	protocol/handler.go:403	worker stopping
2025-08-15T22:12:56.339-0500	DEBUG	protocol/handler.go:403	worker stopping
2025-08-15T22:12:56.339-0500	DEBUG	protocol/handler.go:403	worker stopping
2025-08-15T22:12:56.339-0500	DEBUG	protocol/handler.go:403	worker stopping
2025-08-15T22:12:56.339-0500	DEBUG	protocol/handler.go:348	starting worker pools	{"{workers 11 4  <nil>}": {"Key":"priority","Type":11,"Integer":4,"String":"","Interface":null}}
2025-08-15T22:12:56.340-0500	DEBUG	protocol/handler.go:403	worker stopping
2025-08-15T22:12:56.340-0500	DEBUG	protocol/handler.go:403	worker stopping
2025-08-15T22:12:56.340-0500	DEBUG	protocol/handler.go:391	worker started	{"{id 11 1  <nil>}": {"Key":"priority","Type":4,"Integer":0,"String":"","Interface":null}}
2025-08-15T22:12:56.340-0500	DEBUG	protocol/handler.go:391	worker started	{"{id 11 3  <nil>}": {"Key":"priority","Type":4,"Integer":0,"String":"","Interface":null}}
2025-08-15T22:12:56.340-0500	DEBUG	protocol/handler.go:391	worker started	{"{id 11 2  <nil>}": {"Key":"priority","Type":4,"Integer":0,"String":"","Interface":null}}
2025-08-15T22:12:56.340-0500	DEBUG	protocol/handler.go:391	worker started	{"{id 11 0  <nil>}": {"Key":"priority","Type":4,"Integer":1,"String":"","Interface":null}}
2025-08-15T22:12:56.340-0500	DEBUG	protocol/handler.go:391	worker started	{"{id 11 2  <nil>}": {"Key":"priority","Type":4,"Integer":1,"String":"","Interface":null}}
2025-08-15T22:12:56.340-0500	DEBUG	protocol/handler.go:930	initializing round
2025-08-15T22:12:56.340-0500	DEBUG	protocol/handler.go:1503	processing queued messages
2025-08-15T22:12:56.340-0500	DEBUG	protocol/handler.go:391	worker started	{"{id 11 3  <nil>}": {"Key":"priority","Type":4,"Integer":1,"String":"","Interface":null}}
2025-08-15T22:12:56.340-0500	DEBUG	protocol/handler.go:391	worker started	{"{id 11 0  <nil>}": {"Key":"priority","Type":4,"Integer":0,"String":"","Interface":null}}
2025-08-15T22:12:56.340-0500	DEBUG	protocol/handler.go:391	worker started	{"{id 11 1  <nil>}": {"Key":"priority","Type":4,"Integer":1,"String":"","Interface":null}}
2025-08-15T22:12:56.340-0500	INFO	protocol/handler.go:240	starting protocol handler	{"{protocol 15 0 frost/keygen-threshold <nil>}": {"Key":"workers","Type":11,"Integer":4,"String":"","Interface":null}, "{parties 11 5  <nil>}": {"Key":"threshold","Type":11,"Integer":3,"String":"","Interface":null}}
2025-08-15T22:12:56.340-0500	DEBUG	protocol/handler.go:348	starting worker pools	{"{workers 11 4  <nil>}": {"Key":"priority","Type":11,"Integer":4,"String":"","Interface":null}}
2025-08-15T22:12:56.340-0500	DEBUG	protocol/handler.go:391	worker started	{"{id 11 0  <nil>}": {"Key":"priority","Type":4,"Integer":0,"String":"","Interface":null}}
2025-08-15T22:12:56.340-0500	DEBUG	protocol/handler.go:391	worker started	{"{id 11 1  <nil>}": {"Key":"priority","Type":4,"Integer":0,"String":"","Interface":null}}
2025-08-15T22:12:56.340-0500	DEBUG	protocol/handler.go:391	worker started	{"{id 11 3  <nil>}": {"Key":"priority","Type":4,"Integer":0,"String":"","Interface":null}}
2025-08-15T22:12:56.340-0500	DEBUG	protocol/handler.go:391	worker started	{"{id 11 2  <nil>}": {"Key":"priority","Type":4,"Integer":0,"String":"","Interface":null}}
2025-08-15T22:12:56.340-0500	DEBUG	protocol/handler.go:391	worker started	{"{id 11 1  <nil>}": {"Key":"priority","Type":4,"Integer":1,"String":"","Interface":null}}
2025-08-15T22:12:56.340-0500	DEBUG	protocol/handler.go:391	worker started	{"{id 11 2  <nil>}": {"Key":"priority","Type":4,"Integer":1,"String":"","Interface":null}}
2025-08-15T22:12:56.340-0500	DEBUG	protocol/handler.go:391	worker started	{"{id 11 3  <nil>}": {"Key":"priority","Type":4,"Integer":1,"String":"","Interface":null}}
2025-08-15T22:12:56.340-0500	DEBUG	protocol/handler.go:391	worker started	{"{id 11 0  <nil>}": {"Key":"priority","Type":4,"Integer":1,"String":"","Interface":null}}
2025-08-15T22:12:56.340-0500	DEBUG	protocol/handler.go:930	initializing round
2025-08-15T22:12:56.341-0500	DEBUG	protocol/handler.go:1503	processing queued messages
2025-08-15T22:12:56.344-0500	INFO	protocol/handler.go:560	advanced to round
2025-08-15T22:12:56.344-0500	DEBUG	protocol/handler.go:581	tryAdvanceRound called	{"{current_round 20 1  <nil>}": {"Key":"self","Type":15,"Integer":0,"String":"a","Interface":null}}
2025-08-15T22:12:56.344-0500	DEBUG	protocol/handler.go:1649	have all messages and processed	{"{round 20 1  <nil>}": {"Key":"self","Type":15,"Integer":0,"String":"a","Interface":null}}
2025-08-15T22:12:56.344-0500	DEBUG	protocol/handler.go:619	finalizing round
2025-08-15T22:12:56.345-0500	INFO	protocol/handler.go:560	advanced to round
2025-08-15T22:12:56.346-0500	DEBUG	protocol/handler.go:581	tryAdvanceRound called	{"{current_round 20 1  <nil>}": {"Key":"self","Type":15,"Integer":0,"String":"b","Interface":null}}
2025-08-15T22:12:56.346-0500	DEBUG	protocol/handler.go:1649	have all messages and processed	{"{round 20 1  <nil>}": {"Key":"self","Type":15,"Integer":0,"String":"b","Interface":null}}
2025-08-15T22:12:56.346-0500	DEBUG	protocol/handler.go:619	finalizing round
2025-08-15T22:12:56.349-0500	DEBUG	protocol/handler.go:1039	sendRoundMessage	{"{from 15 0 a <nil>}": {"Key":"to","Type":15,"Integer":0,"String":"","Interface":null}, "{round 20 2  <nil>}": {"Key":"broadcast","Type":4,"Integer":1,"String":"","Interface":null}}
2025-08-15T22:12:56.349-0500	INFO	protocol/handler.go:560	advanced to round
2025-08-15T22:12:56.349-0500	DEBUG	protocol/handler.go:581	tryAdvanceRound called	{"{current_round 20 1  <nil>}": {"Key":"self","Type":15,"Integer":0,"String":"c","Interface":null}}
2025-08-15T22:12:56.350-0500	DEBUG	protocol/handler.go:1649	have all messages and processed	{"{round 20 1  <nil>}": {"Key":"self","Type":15,"Integer":0,"String":"c","Interface":null}}
2025-08-15T22:12:56.350-0500	DEBUG	protocol/handler.go:619	finalizing round
2025-08-15T22:12:56.351-0500	DEBUG	protocol/handler.go:1657	storing broadcast	{"{round 20 2  <nil>}": {"Key":"from","Type":15,"Integer":0,"String":"a","Interface":null}}
2025-08-15T22:12:56.351-0500	DEBUG	protocol/handler.go:1081	sent message to output channel	{"{from 15 0 a <nil>}": {"Key":"to","Type":15,"Integer":0,"String":"","Interface":null}, "{round 20 2  <nil>}": {"Key":"broadcast","Type":4,"Integer":1,"String":"","Interface":null}}
2025-08-15T22:12:56.351-0500	DEBUG	protocol/handler.go:1182	finalized round messages	{"{round 20 1  <nil>}": {"Key":"messages","Type":11,"Integer":1,"String":"","Interface":null}}
2025-08-15T22:12:56.351-0500	DEBUG	protocol/handler.go:1239	finalize returned next round	{"{current 20 1  <nil>}": {"Key":"next","Type":20,"Integer":2,"String":"","Interface":null}}
2025-08-15T22:12:56.351-0500	INFO	protocol/handler.go:642	storing new currentRound	{"{from 20 1  <nil>}": {"Key":"to","Type":20,"Integer":2,"String":"","Interface":null}}
2025-08-15T22:12:56.351-0500	DEBUG	protocol/handler.go:1503	processing queued messages
2025-08-15T22:12:56.351-0500	DEBUG	protocol/handler.go:437	processing message	{"{from 15 0 a <nil>}": {"Key":"to","Type":15,"Integer":0,"String":"","Interface":null}, "{round 20 2  <nil>}": {"Key":"broadcast","Type":4,"Integer":1,"String":"","Interface":null}}
2025-08-15T22:12:56.351-0500	DEBUG	protocol/handler.go:1657	storing broadcast	{"{round 20 2  <nil>}": {"Key":"from","Type":15,"Integer":0,"String":"a","Interface":null}}
2025-08-15T22:12:56.351-0500	DEBUG	protocol/handler.go:470	message for different round (buffering)	{"{msg_round 20 2  <nil>}": {"Key":"current_round","Type":20,"Integer":1,"String":"","Interface":null}}
2025-08-15T22:12:56.351-0500	DEBUG	protocol/handler.go:581	tryAdvanceRound called	{"{current_round 20 1  <nil>}": {"Key":"self","Type":15,"Integer":0,"String":"e","Interface":null}}
2025-08-15T22:12:56.351-0500	DEBUG	protocol/handler.go:1649	have all messages and processed	{"{round 20 1  <nil>}": {"Key":"self","Type":15,"Integer":0,"String":"e","Interface":null}}
2025-08-15T22:12:56.351-0500	DEBUG	protocol/handler.go:619	finalizing round
2025-08-15T22:12:56.351-0500	DEBUG	protocol/handler.go:1503	processing queued messages
2025-08-15T22:12:56.352-0500	DEBUG	protocol/handler.go:437	processing message	{"{from 15 0 a <nil>}": {"Key":"to","Type":15,"Integer":0,"String":"","Interface":null}, "{round 20 2  <nil>}": {"Key":"broadcast","Type":4,"Integer":1,"String":"","Interface":null}}
2025-08-15T22:12:56.352-0500	DEBUG	protocol/handler.go:1657	storing broadcast	{"{round 20 2  <nil>}": {"Key":"from","Type":15,"Integer":0,"String":"a","Interface":null}}
2025-08-15T22:12:56.352-0500	DEBUG	protocol/handler.go:470	message for different round (buffering)	{"{msg_round 20 2  <nil>}": {"Key":"current_round","Type":20,"Integer":1,"String":"","Interface":null}}
2025-08-15T22:12:56.352-0500	DEBUG	protocol/handler.go:581	tryAdvanceRound called	{"{current_round 20 1  <nil>}": {"Key":"self","Type":15,"Integer":0,"String":"c","Interface":null}}
2025-08-15T22:12:56.352-0500	DEBUG	protocol/handler.go:1649	have all messages and processed	{"{round 20 1  <nil>}": {"Key":"self","Type":15,"Integer":0,"String":"c","Interface":null}}
2025-08-15T22:12:56.352-0500	DEBUG	protocol/handler.go:596	round already finalized
2025-08-15T22:12:56.352-0500	DEBUG	protocol/handler.go:437	processing message	{"{from 15 0 a <nil>}": {"Key":"to","Type":15,"Integer":0,"String":"","Interface":null}, "{round 20 2  <nil>}": {"Key":"broadcast","Type":4,"Integer":1,"String":"","Interface":null}}
2025-08-15T22:12:56.352-0500	DEBUG	protocol/handler.go:1657	storing broadcast	{"{round 20 2  <nil>}": {"Key":"from","Type":15,"Integer":0,"String":"a","Interface":null}}
2025-08-15T22:12:56.352-0500	DEBUG	protocol/handler.go:470	message for different round (buffering)	{"{msg_round 20 2  <nil>}": {"Key":"current_round","Type":20,"Integer":1,"String":"","Interface":null}}
2025-08-15T22:12:56.352-0500	DEBUG	protocol/handler.go:581	tryAdvanceRound called	{"{current_round 20 1  <nil>}": {"Key":"self","Type":15,"Integer":0,"String":"d","Interface":null}}
2025-08-15T22:12:56.352-0500	DEBUG	protocol/handler.go:1649	have all messages and processed	{"{round 20 1  <nil>}": {"Key":"self","Type":15,"Integer":0,"String":"d","Interface":null}}
2025-08-15T22:12:56.352-0500	DEBUG	protocol/handler.go:619	finalizing round
2025-08-15T22:12:56.354-0500	DEBUG	protocol/handler.go:1039	sendRoundMessage	{"{from 15 0 b <nil>}": {"Key":"to","Type":15,"Integer":0,"String":"","Interface":null}, "{round 20 2  <nil>}": {"Key":"broadcast","Type":4,"Integer":1,"String":"","Interface":null}}
2025-08-15T22:12:56.354-0500	DEBUG	protocol/handler.go:954	round already being initialized/finalized, skipping
2025-08-15T22:12:56.354-0500	INFO	protocol/handler.go:560	advanced to round
2025-08-15T22:12:56.354-0500	DEBUG	protocol/handler.go:437	processing message	{"{from 15 0 a <nil>}": {"Key":"to","Type":15,"Integer":0,"String":"","Interface":null}, "{round 20 2  <nil>}": {"Key":"broadcast","Type":4,"Integer":1,"String":"","Interface":null}}
2025-08-15T22:12:56.355-0500	DEBUG	protocol/handler.go:581	tryAdvanceRound called	{"{current_round 20 1  <nil>}": {"Key":"self","Type":15,"Integer":0,"String":"d","Interface":null}}
2025-08-15T22:12:56.355-0500	DEBUG	protocol/handler.go:1657	storing broadcast	{"{round 20 2  <nil>}": {"Key":"from","Type":15,"Integer":0,"String":"a","Interface":null}}
2025-08-15T22:12:56.355-0500	DEBUG	protocol/handler.go:1649	have all messages and processed	{"{round 20 1  <nil>}": {"Key":"self","Type":15,"Integer":0,"String":"d","Interface":null}}
2025-08-15T22:12:56.355-0500	DEBUG	protocol/handler.go:470	message for different round (buffering)	{"{msg_round 20 2  <nil>}": {"Key":"current_round","Type":20,"Integer":1,"String":"","Interface":null}}
2025-08-15T22:12:56.355-0500	DEBUG	protocol/handler.go:596	round already finalized
2025-08-15T22:12:56.355-0500	DEBUG	protocol/handler.go:581	tryAdvanceRound called	{"{current_round 20 1  <nil>}": {"Key":"self","Type":15,"Integer":0,"String":"b","Interface":null}}
2025-08-15T22:12:56.355-0500	DEBUG	protocol/handler.go:1649	have all messages and processed	{"{round 20 1  <nil>}": {"Key":"self","Type":15,"Integer":0,"String":"b","Interface":null}}
2025-08-15T22:12:56.355-0500	DEBUG	protocol/handler.go:596	round already finalized
2025-08-15T22:12:56.355-0500	INFO	protocol/handler.go:560	advanced to round
2025-08-15T22:12:56.355-0500	DEBUG	protocol/handler.go:581	tryAdvanceRound called	{"{current_round 20 2  <nil>}": {"Key":"self","Type":15,"Integer":0,"String":"a","Interface":null}}
2025-08-15T22:12:56.355-0500	DEBUG	protocol/handler.go:1600	waiting for broadcasts	{"{round 20 2  <nil>}": {"Key":"missing","Type":15,"Integer":0,"String":"[b c d e]","Interface":null}}
2025-08-15T22:12:56.355-0500	DEBUG	protocol/handler.go:954	round already being initialized/finalized, skipping
2025-08-15T22:12:56.355-0500	INFO	protocol/handler.go:560	advanced to round
2025-08-15T22:12:56.355-0500	DEBUG	protocol/handler.go:1039	sendRoundMessage	{"{from 15 0 c <nil>}": {"Key":"to","Type":15,"Integer":0,"String":"","Interface":null}, "{round 20 2  <nil>}": {"Key":"broadcast","Type":4,"Integer":1,"String":"","Interface":null}}
2025-08-15T22:12:56.355-0500	DEBUG	protocol/handler.go:581	tryAdvanceRound called	{"{current_round 20 1  <nil>}": {"Key":"self","Type":15,"Integer":0,"String":"e","Interface":null}}
2025-08-15T22:12:56.355-0500	DEBUG	protocol/handler.go:1649	have all messages and processed	{"{round 20 1  <nil>}": {"Key":"self","Type":15,"Integer":0,"String":"e","Interface":null}}
2025-08-15T22:12:56.355-0500	DEBUG	protocol/handler.go:596	round already finalized
2025-08-15T22:12:56.355-0500	DEBUG	protocol/handler.go:1657	storing broadcast	{"{round 20 2  <nil>}": {"Key":"from","Type":15,"Integer":0,"String":"b","Interface":null}}
2025-08-15T22:12:56.356-0500	DEBUG	protocol/handler.go:437	processing message	{"{from 15 0 b <nil>}": {"Key":"to","Type":15,"Integer":0,"String":"","Interface":null}, "{round 20 2  <nil>}": {"Key":"broadcast","Type":4,"Integer":1,"String":"","Interface":null}}
2025-08-15T22:12:56.356-0500	DEBUG	protocol/handler.go:437	processing message	{"{from 15 0 b <nil>}": {"Key":"to","Type":15,"Integer":0,"String":"","Interface":null}, "{round 20 2  <nil>}": {"Key":"broadcast","Type":4,"Integer":1,"String":"","Interface":null}}
2025-08-15T22:12:56.356-0500	DEBUG	protocol/handler.go:1657	storing broadcast	{"{round 20 2  <nil>}": {"Key":"from","Type":15,"Integer":0,"String":"b","Interface":null}}
2025-08-15T22:12:56.356-0500	DEBUG	protocol/handler.go:1657	storing broadcast	{"{round 20 2  <nil>}": {"Key":"from","Type":15,"Integer":0,"String":"b","Interface":null}}
2025-08-15T22:12:56.356-0500	DEBUG	protocol/handler.go:470	message for different round (buffering)	{"{msg_round 20 2  <nil>}": {"Key":"current_round","Type":20,"Integer":1,"String":"","Interface":null}}
2025-08-15T22:12:56.356-0500	DEBUG	protocol/handler.go:581	tryAdvanceRound called	{"{current_round 20 1  <nil>}": {"Key":"self","Type":15,"Integer":0,"String":"c","Interface":null}}
2025-08-15T22:12:56.356-0500	DEBUG	protocol/handler.go:1649	have all messages and processed	{"{round 20 1  <nil>}": {"Key":"self","Type":15,"Integer":0,"String":"c","Interface":null}}
2025-08-15T22:12:56.356-0500	DEBUG	protocol/handler.go:596	round already finalized
2025-08-15T22:12:56.356-0500	DEBUG	protocol/handler.go:437	processing message	{"{from 15 0 b <nil>}": {"Key":"to","Type":15,"Integer":0,"String":"","Interface":null}, "{round 20 2  <nil>}": {"Key":"broadcast","Type":4,"Integer":1,"String":"","Interface":null}}
2025-08-15T22:12:56.356-0500	DEBUG	protocol/handler.go:1657	storing broadcast	{"{round 20 2  <nil>}": {"Key":"from","Type":15,"Integer":0,"String":"b","Interface":null}}
2025-08-15T22:12:56.356-0500	DEBUG	protocol/handler.go:470	message for different round (buffering)	{"{msg_round 20 2  <nil>}": {"Key":"current_round","Type":20,"Integer":1,"String":"","Interface":null}}
2025-08-15T22:12:56.356-0500	DEBUG	protocol/handler.go:1657	storing broadcast	{"{round 20 2  <nil>}": {"Key":"from","Type":15,"Integer":0,"String":"c","Interface":null}}
2025-08-15T22:12:56.356-0500	DEBUG	protocol/handler.go:581	tryAdvanceRound called	{"{current_round 20 1  <nil>}": {"Key":"self","Type":15,"Integer":0,"String":"e","Interface":null}}
2025-08-15T22:12:56.356-0500	DEBUG	protocol/handler.go:1649	have all messages and processed	{"{round 20 1  <nil>}": {"Key":"self","Type":15,"Integer":0,"String":"e","Interface":null}}
2025-08-15T22:12:56.356-0500	DEBUG	protocol/handler.go:1081	sent message to output channel	{"{from 15 0 c <nil>}": {"Key":"to","Type":15,"Integer":0,"String":"","Interface":null}, "{round 20 2  <nil>}": {"Key":"broadcast","Type":4,"Integer":1,"String":"","Interface":null}}
2025-08-15T22:12:56.356-0500	DEBUG	protocol/handler.go:596	round already finalized
2025-08-15T22:12:56.356-0500	DEBUG	protocol/handler.go:1182	finalized round messages	{"{round 20 1  <nil>}": {"Key":"messages","Type":11,"Integer":1,"String":"","Interface":null}}
2025-08-15T22:12:56.356-0500	DEBUG	protocol/handler.go:1239	finalize returned next round	{"{current 20 1  <nil>}": {"Key":"next","Type":20,"Integer":2,"String":"","Interface":null}}
2025-08-15T22:12:56.356-0500	DEBUG	protocol/handler.go:437	processing message	{"{from 15 0 c <nil>}": {"Key":"to","Type":15,"Integer":0,"String":"","Interface":null}, "{round 20 2  <nil>}": {"Key":"broadcast","Type":4,"Integer":1,"String":"","Interface":null}}
2025-08-15T22:12:56.356-0500	INFO	protocol/handler.go:642	storing new currentRound	{"{from 20 1  <nil>}": {"Key":"to","Type":20,"Integer":2,"String":"","Interface":null}}
2025-08-15T22:12:56.356-0500	DEBUG	protocol/handler.go:1503	processing queued messages
2025-08-15T22:12:56.356-0500	DEBUG	protocol/handler.go:1657	storing broadcast	{"{round 20 2  <nil>}": {"Key":"from","Type":15,"Integer":0,"String":"c","Interface":null}}
2025-08-15T22:12:56.356-0500	DEBUG	protocol/handler.go:1503	processing queued messages
2025-08-15T22:12:56.356-0500	DEBUG	protocol/handler.go:470	message for different round (buffering)	{"{msg_round 20 2  <nil>}": {"Key":"current_round","Type":20,"Integer":1,"String":"","Interface":null}}
2025-08-15T22:12:56.356-0500	DEBUG	protocol/handler.go:581	tryAdvanceRound called	{"{current_round 20 1  <nil>}": {"Key":"self","Type":15,"Integer":0,"String":"b","Interface":null}}
2025-08-15T22:12:56.356-0500	DEBUG	protocol/handler.go:1649	have all messages and processed	{"{round 20 1  <nil>}": {"Key":"self","Type":15,"Integer":0,"String":"b","Interface":null}}
2025-08-15T22:12:56.356-0500	DEBUG	protocol/handler.go:596	round already finalized
2025-08-15T22:12:56.356-0500	DEBUG	protocol/handler.go:437	processing message	{"{from 15 0 c <nil>}": {"Key":"to","Type":15,"Integer":0,"String":"","Interface":null}, "{round 20 2  <nil>}": {"Key":"broadcast","Type":4,"Integer":1,"String":"","Interface":null}}
2025-08-15T22:12:56.357-0500	DEBUG	protocol/handler.go:1657	storing broadcast	{"{round 20 2  <nil>}": {"Key":"from","Type":15,"Integer":0,"String":"c","Interface":null}}
2025-08-15T22:12:56.357-0500	DEBUG	protocol/handler.go:470	message for different round (buffering)	{"{msg_round 20 2  <nil>}": {"Key":"current_round","Type":20,"Integer":1,"String":"","Interface":null}}
2025-08-15T22:12:56.357-0500	DEBUG	protocol/handler.go:581	tryAdvanceRound called	{"{current_round 20 1  <nil>}": {"Key":"self","Type":15,"Integer":0,"String":"d","Interface":null}}
2025-08-15T22:12:56.357-0500	DEBUG	protocol/handler.go:1649	have all messages and processed	{"{round 20 1  <nil>}": {"Key":"self","Type":15,"Integer":0,"String":"d","Interface":null}}
2025-08-15T22:12:56.357-0500	DEBUG	protocol/handler.go:596	round already finalized
2025-08-15T22:12:56.356-0500	DEBUG	protocol/handler.go:437	processing message	{"{from 15 0 c <nil>}": {"Key":"to","Type":15,"Integer":0,"String":"","Interface":null}, "{round 20 2  <nil>}": {"Key":"broadcast","Type":4,"Integer":1,"String":"","Interface":null}}
2025-08-15T22:12:56.357-0500	DEBUG	protocol/handler.go:1657	storing broadcast	{"{round 20 2  <nil>}": {"Key":"from","Type":15,"Integer":0,"String":"c","Interface":null}}
2025-08-15T22:12:56.357-0500	DEBUG	protocol/handler.go:437	processing message	{"{from 15 0 c <nil>}": {"Key":"to","Type":15,"Integer":0,"String":"","Interface":null}, "{round 20 2  <nil>}": {"Key":"broadcast","Type":4,"Integer":1,"String":"","Interface":null}}
2025-08-15T22:12:56.356-0500	DEBUG	protocol/handler.go:437	processing message	{"{from 15 0 b <nil>}": {"Key":"to","Type":15,"Integer":0,"String":"","Interface":null}, "{round 20 2  <nil>}": {"Key":"broadcast","Type":4,"Integer":1,"String":"","Interface":null}}
2025-08-15T22:12:56.357-0500	DEBUG	protocol/handler.go:1657	storing broadcast	{"{round 20 2  <nil>}": {"Key":"from","Type":15,"Integer":0,"String":"c","Interface":null}}
2025-08-15T22:12:56.357-0500	DEBUG	protocol/handler.go:1657	storing broadcast	{"{round 20 2  <nil>}": {"Key":"from","Type":15,"Integer":0,"String":"b","Interface":null}}
2025-08-15T22:12:56.357-0500	DEBUG	protocol/handler.go:470	message for different round (buffering)	{"{msg_round 20 2  <nil>}": {"Key":"current_round","Type":20,"Integer":1,"String":"","Interface":null}}
2025-08-15T22:12:56.357-0500	DEBUG	protocol/handler.go:470	message for different round (buffering)	{"{msg_round 20 2  <nil>}": {"Key":"current_round","Type":20,"Integer":1,"String":"","Interface":null}}
2025-08-15T22:12:56.357-0500	DEBUG	protocol/handler.go:581	tryAdvanceRound called	{"{current_round 20 1  <nil>}": {"Key":"self","Type":15,"Integer":0,"String":"e","Interface":null}}
2025-08-15T22:12:56.357-0500	DEBUG	protocol/handler.go:1649	have all messages and processed	{"{round 20 1  <nil>}": {"Key":"self","Type":15,"Integer":0,"String":"e","Interface":null}}
2025-08-15T22:12:56.357-0500	DEBUG	protocol/handler.go:581	tryAdvanceRound called	{"{current_round 20 1  <nil>}": {"Key":"self","Type":15,"Integer":0,"String":"d","Interface":null}}
2025-08-15T22:12:56.358-0500	DEBUG	protocol/handler.go:596	round already finalized
2025-08-15T22:12:56.356-0500	DEBUG	protocol/handler.go:1081	sent message to output channel	{"{from 15 0 b <nil>}": {"Key":"to","Type":15,"Integer":0,"String":"","Interface":null}, "{round 20 2  <nil>}": {"Key":"broadcast","Type":4,"Integer":1,"String":"","Interface":null}}
2025-08-15T22:12:56.358-0500	DEBUG	protocol/handler.go:1649	have all messages and processed	{"{round 20 1  <nil>}": {"Key":"self","Type":15,"Integer":0,"String":"d","Interface":null}}
2025-08-15T22:12:56.358-0500	DEBUG	protocol/handler.go:596	round already finalized
2025-08-15T22:12:56.358-0500	DEBUG	protocol/handler.go:1182	finalized round messages	{"{round 20 1  <nil>}": {"Key":"messages","Type":11,"Integer":1,"String":"","Interface":null}}
2025-08-15T22:12:56.358-0500	DEBUG	protocol/handler.go:1239	finalize returned next round	{"{current 20 1  <nil>}": {"Key":"next","Type":20,"Integer":2,"String":"","Interface":null}}
2025-08-15T22:12:56.358-0500	INFO	protocol/handler.go:642	storing new currentRound	{"{from 20 1  <nil>}": {"Key":"to","Type":20,"Integer":2,"String":"","Interface":null}}
2025-08-15T22:12:56.358-0500	DEBUG	protocol/handler.go:1503	processing queued messages
2025-08-15T22:12:56.358-0500	INFO	protocol/handler.go:560	advanced to round
2025-08-15T22:12:56.359-0500	DEBUG	protocol/handler.go:581	tryAdvanceRound called	{"{current_round 20 2  <nil>}": {"Key":"self","Type":15,"Integer":0,"String":"b","Interface":null}}
2025-08-15T22:12:56.359-0500	DEBUG	protocol/handler.go:1503	processing queued messages
2025-08-15T22:12:56.359-0500	DEBUG	protocol/handler.go:954	round already being initialized/finalized, skipping
==================
WARNING: DATA RACE
Read at 0x00c0005a83f8 by goroutine 730:
  github.com/luxfi/threshold/protocols/frost/keygen.(*round2).Number()
      <autogenerated>:1 +0x38
  github.com/luxfi/threshold/pkg/protocol.(*Handler).roundProcessor()
      /Users/z/work/lux/threshold/pkg/protocol/handler.go:550 +0x1d4
  github.com/luxfi/threshold/pkg/protocol.(*Handler).startWorkers.func1()
      /Users/z/work/lux/threshold/pkg/protocol/handler.go:374 +0x78

Previous write at 0x00c0005a83fc by goroutine 809:
  ??()
      -:0 +0x104ad5eb0
  sync/atomic.AddInt32()
      <autogenerated>:1 +0x14
  sync.(*Mutex).Unlock()
      /opt/homebrew/Cellar/go/1.24.6/libexec/src/sync/mutex.go:65 +0x2c
  github.com/luxfi/threshold/protocols/frost/keygen.(*round2).StoreBroadcastMessage()
      /Users/z/work/lux/threshold/protocols/frost/keygen/round2.go:62 +0x78
  github.com/luxfi/threshold/pkg/protocol.(*Handler).verifyBroadcastForRound()
      /Users/z/work/lux/threshold/pkg/protocol/handler.go:1277 +0x3a0
  github.com/luxfi/threshold/pkg/protocol.(*Handler).processQueuedMessages()
      /Users/z/work/lux/threshold/pkg/protocol/handler.go:1542 +0x404
  github.com/luxfi/threshold/pkg/protocol.(*Handler).tryAdvanceRound.gowrap2()
      /Users/z/work/lux/threshold/pkg/protocol/handler.go:673 +0x40

Goroutine 730 (running) created at:
  github.com/luxfi/threshold/pkg/protocol.(*Handler).startWorkers()
      /Users/z/work/lux/threshold/pkg/protocol/handler.go:372 +0x4fc
  github.com/luxfi/threshold/pkg/protocol.NewHandler()
      /Users/z/work/lux/threshold/pkg/protocol/handler.go:247 +0xf10
  github.com/luxfi/threshold/internal/test.(*Harness).CreateHandler()
      /Users/z/work/lux/threshold/internal/test/harness.go:91 +0x2e4
  github.com/luxfi/threshold/internal/test.RunProtocol()
      /Users/z/work/lux/threshold/internal/test/harness.go:270 +0x230
  github.com/luxfi/threshold/protocols/frost.TestVerificationShareReconstruction()
      /Users/z/work/lux/threshold/protocols/frost/verification_shares_test.go:21 +0x114
  testing.tRunner()
      /opt/homebrew/Cellar/go/1.24.6/libexec/src/testing/testing.go:1792 +0x180
  testing.(*T).Run.gowrap1()
      /opt/homebrew/Cellar/go/1.24.6/libexec/src/testing/testing.go:1851 +0x40

Goroutine 809 (running) created at:
  github.com/luxfi/threshold/pkg/protocol.(*Handler).tryAdvanceRound()
      /Users/z/work/lux/threshold/pkg/protocol/handler.go:673 +0x12e4
  github.com/luxfi/threshold/pkg/protocol.(*Handler).roundProcessor()
      /Users/z/work/lux/threshold/pkg/protocol/handler.go:569 +0xb4
  github.com/luxfi/threshold/pkg/protocol.(*Handler).startWorkers.func1()
      /Users/z/work/lux/threshold/pkg/protocol/handler.go:374 +0x78
==================
2025-08-15T22:12:56.360-0500	INFO	protocol/handler.go:560	advanced to round
2025-08-15T22:12:56.360-0500	DEBUG	protocol/handler.go:581	tryAdvanceRound called	{"{current_round 20 2  <nil>}": {"Key":"self","Type":15,"Integer":0,"String":"c","Interface":null}}
2025-08-15T22:12:56.360-0500	DEBUG	protocol/handler.go:1039	sendRoundMessage	{"{from 15 0 d <nil>}": {"Key":"to","Type":15,"Integer":0,"String":"","Interface":null}, "{round 20 2  <nil>}": {"Key":"broadcast","Type":4,"Integer":1,"String":"","Interface":null}}
2025-08-15T22:12:56.360-0500	DEBUG	protocol/handler.go:954	round already being initialized/finalized, skipping
2025-08-15T22:12:56.360-0500	DEBUG	protocol/handler.go:581	tryAdvanceRound called	{"{current_round 20 1  <nil>}": {"Key":"self","Type":15,"Integer":0,"String":"d","Interface":null}}
2025-08-15T22:12:56.360-0500	DEBUG	protocol/handler.go:1649	have all messages and processed	{"{round 20 1  <nil>}": {"Key":"self","Type":15,"Integer":0,"String":"d","Interface":null}}
2025-08-15T22:12:56.361-0500	DEBUG	protocol/handler.go:596	round already finalized
2025-08-15T22:12:56.361-0500	DEBUG	protocol/handler.go:954	round already being initialized/finalized, skipping
2025-08-15T22:12:56.361-0500	DEBUG	protocol/handler.go:581	tryAdvanceRound called	{"{current_round 20 1  <nil>}": {"Key":"self","Type":15,"Integer":0,"String":"e","Interface":null}}
2025-08-15T22:12:56.361-0500	DEBUG	protocol/handler.go:1649	have all messages and processed	{"{round 20 1  <nil>}": {"Key":"self","Type":15,"Integer":0,"String":"e","Interface":null}}
2025-08-15T22:12:56.361-0500	DEBUG	protocol/handler.go:596	round already finalized
2025-08-15T22:12:56.361-0500	DEBUG	protocol/handler.go:1657	storing broadcast	{"{round 20 2  <nil>}": {"Key":"from","Type":15,"Integer":0,"String":"d","Interface":null}}
2025-08-15T22:12:56.361-0500	DEBUG	protocol/handler.go:1081	sent message to output channel	{"{from 15 0 d <nil>}": {"Key":"to","Type":15,"Integer":0,"String":"","Interface":null}, "{round 20 2  <nil>}": {"Key":"broadcast","Type":4,"Integer":1,"String":"","Interface":null}}
2025-08-15T22:12:56.361-0500	DEBUG	protocol/handler.go:1182	finalized round messages	{"{round 20 1  <nil>}": {"Key":"messages","Type":11,"Integer":1,"String":"","Interface":null}}
2025-08-15T22:12:56.361-0500	DEBUG	protocol/handler.go:1239	finalize returned next round	{"{current 20 1  <nil>}": {"Key":"next","Type":20,"Integer":2,"String":"","Interface":null}}
2025-08-15T22:12:56.361-0500	INFO	protocol/handler.go:642	storing new currentRound	{"{from 20 1  <nil>}": {"Key":"to","Type":20,"Integer":2,"String":"","Interface":null}}
2025-08-15T22:12:56.361-0500	DEBUG	protocol/handler.go:1503	processing queued messages
2025-08-15T22:12:56.361-0500	DEBUG	protocol/handler.go:1503	processing queued messages
2025-08-15T22:12:56.361-0500	DEBUG	protocol/handler.go:437	processing message	{"{from 15 0 d <nil>}": {"Key":"to","Type":15,"Integer":0,"String":"","Interface":null}, "{round 20 2  <nil>}": {"Key":"broadcast","Type":4,"Integer":1,"String":"","Interface":null}}
2025-08-15T22:12:56.361-0500	DEBUG	protocol/handler.go:437	processing message	{"{from 15 0 d <nil>}": {"Key":"to","Type":15,"Integer":0,"String":"","Interface":null}, "{round 20 2  <nil>}": {"Key":"broadcast","Type":4,"Integer":1,"String":"","Interface":null}}
2025-08-15T22:12:56.361-0500	DEBUG	protocol/handler.go:1657	storing broadcast	{"{round 20 2  <nil>}": {"Key":"from","Type":15,"Integer":0,"String":"d","Interface":null}}
2025-08-15T22:12:56.362-0500	DEBUG	protocol/handler.go:1657	storing broadcast	{"{round 20 2  <nil>}": {"Key":"from","Type":15,"Integer":0,"String":"d","Interface":null}}
2025-08-15T22:12:56.362-0500	DEBUG	protocol/handler.go:470	message for different round (buffering)	{"{msg_round 20 2  <nil>}": {"Key":"current_round","Type":20,"Integer":1,"String":"","Interface":null}}
2025-08-15T22:12:56.362-0500	DEBUG	protocol/handler.go:581	tryAdvanceRound called	{"{current_round 20 1  <nil>}": {"Key":"self","Type":15,"Integer":0,"String":"e","Interface":null}}
2025-08-15T22:12:56.362-0500	DEBUG	protocol/handler.go:1649	have all messages and processed	{"{round 20 1  <nil>}": {"Key":"self","Type":15,"Integer":0,"String":"e","Interface":null}}
==================
WARNING: DATA RACE
Write at 0x00c000a06578 by goroutine 674:
  ??()
      -:0 +0x104ad56f0
  sync/atomic.StorePointer()
      /opt/homebrew/Cellar/go/1.24.6/libexec/src/runtime/atomic_pointer.go:92 +0x38
  internal/sync.(*HashTrieMap[go.shape.interface {},go.shape.interface {}]).initSlow()
      /opt/homebrew/Cellar/go/1.24.6/libexec/src/internal/sync/hashtriemap.go:50 +0xb8
  internal/sync.(*HashTrieMap[go.shape.interface {},go.shape.interface {}]).init()
      /opt/homebrew/Cellar/go/1.24.6/libexec/src/internal/sync/hashtriemap.go:32 +0x44
  internal/sync.(*HashTrieMap[go.shape.interface {},go.shape.interface {}]).Swap()
      /opt/homebrew/Cellar/go/1.24.6/libexec/src/internal/sync/hashtriemap.go:206 +0x54
  internal/sync.(*HashTrieMap[go.shape.interface {},go.shape.interface {}]).Store()
      /opt/homebrew/Cellar/go/1.24.6/libexec/src/internal/sync/hashtriemap.go:200 +0x54
2025-08-15T22:12:56.362-0500	DEBUG	protocol/handler.go:596	round already finalized
  sync.(*Map).Store()
      /opt/homebrew/Cellar/go/1.24.6/libexec/src/sync/hashtriemap.go:55 +0x54
  github.com/luxfi/threshold/protocols/frost/keygen.(*round2).StoreBroadcastMessage()
      /Users/z/work/lux/threshold/protocols/frost/keygen/round2.go:117 +0x56c
  github.com/luxfi/threshold/pkg/protocol.(*Handler).verifyBroadcast()
      /Users/z/work/lux/threshold/pkg/protocol/handler.go:1392 +0x648
  github.com/luxfi/threshold/pkg/protocol.(*Handler).processMessage()
      /Users/z/work/lux/threshold/pkg/protocol/handler.go:480 +0xb9c
  github.com/luxfi/threshold/pkg/protocol.(*Handler).messageWorker()
      /Users/z/work/lux/threshold/pkg/protocol/handler.go:408 +0x338
  github.com/luxfi/threshold/pkg/protocol.(*Handler).startWorkers.gowrap2()
      /Users/z/work/lux/threshold/pkg/protocol/handler.go:361 +0x44
2025-08-15T22:12:56.362-0500	DEBUG	protocol/handler.go:437	processing message	{"{from 15 0 d <nil>}": {"Key":"to","Type":15,"Integer":0,"String":"","Interface":null}, "{round 20 2  <nil>}": {"Key":"broadcast","Type":4,"Integer":1,"String":"","Interface":null}}

Previous read at 0x00c000a06578 by 2025-08-15T22:12:56.362-0500	DEBUG	protocol/handler.go:1657	storing broadcast	{"{round 20 2  <nil>}": {"Key":"from","Type":15,"Integer":0,"String":"d","Interface":null}}
goroutine 672:
  github.com/luxfi/threshold/protocols/frost/keygen.(*round2).Number()
      <autogenerated>:1 +0x38
  github.com/luxfi/threshold/pkg/protocol.(*Handler).verifyBroadcast()
      /Users/z/work/lux/threshold/pkg/protocol/handler.go:1356 +0x74
  github.com/luxfi/threshold/pkg/protocol.(*Handler).processMessage()
      /Users/z/work/lux/threshold/pkg/protocol/handler.go:480 +0xb9c
  github.com/luxfi/threshold/pkg/protocol.(*Handler).messageWorker()
      /Users/z/work/lux/threshold/pkg/protocol/handler.go:408 +0x338
  github.com/luxfi/threshold/pkg/protocol.(*Handler).startWorkers.gowrap2()
      /Users/z/work/lux/threshold/pkg/protocol/handler.go:361 +0x44

Goroutine 674 (running) created at:
  github.com/luxfi/threshold/pkg/protocol.(*Handler).startWorkers()
      /Users/z/work/lux/threshold/pkg/protocol/handler.go:361 +0x334
  github.com/luxfi/threshold/pkg/protocol.NewHandler()
      /Users/z/work/lux/threshold/pkg/protocol/handler.go:247 +0xf10
  github.com/luxfi/threshold/internal/test.(*Harness).CreateHandler()
      /Users/z/work/lux/threshold/internal/test/harness.go:91 +0x2e4
  github.com/luxfi/threshold/internal/test.RunProtocol()
      /Users/z/work/lux/threshold/internal/test/harness.go:270 +0x230
  github.com/luxfi/threshold/protocols/frost.TestVerificationShareReconstruction()
      /Users/z/work/lux/threshold/protocols/frost/verification_shares_test.go:21 +0x114
  testing.tRunner()
      /opt/homebrew/Cellar/go/1.24.6/libexec/src/testing/testing.go:1792 +0x180
  testing.(*T).Run.gowrap1()
      /opt/homebrew/Cellar/go/1.24.6/libexec/src/testing/testing.go:1851 +0x40

Goroutine 672 (running) created at:
  github.com/luxfi/threshold/pkg/protocol.(*Handler).startWorkers()
      /Users/z/work/lux/threshold/pkg/protocol/handler.go:361 +0x334
  github.com/luxfi/threshold/pkg/protocol.NewHandler()
      /Users/z/work/lux/threshold/pkg/protocol/handler.go:247 +0xf10
  github.com/luxfi/threshold/internal/test.(*Harness).CreateHandler()
      /Users/z/work/lux/threshold/internal/test/harness.go:91 +0x2e4
  github.com/luxfi/threshold/internal/test.RunProtocol()
      /Users/z/work/lux/threshold/internal/test/harness.go:270 +0x230
  github.com/luxfi/threshold/protocols/frost.TestVerificationShareReconstruction()
      /Users/z/work/lux/threshold/protocols/frost/verification_shares_test.go:21 +0x114
  testing.tRunner()
      /opt/homebrew/Cellar/go/1.24.6/libexec/src/testing/testing.go:1792 +0x180
  testing.(*T).Run.gowrap1()
      /opt/homebrew/Cellar/go/1.24.6/libexec/src/testing/testing.go:1851 +0x40
==================
2025-08-15T22:12:56.363-0500	DEBUG	protocol/handler.go:581	tryAdvanceRound called	{"{current_round 20 2  <nil>}": {"Key":"self","Type":15,"Integer":0,"String":"a","Interface":null}}
==================
WARNING: DATA RACE
Write at 0x00c00079374c by goroutine 810:
  ??()
      -:0 +0x104ada650
  sync/atomic.CompareAndSwapInt32()
      <autogenerated>:1 +0x18
  internal/sync.(*HashTrieMap[go.shape.interface {},go.shape.interface {}]).initSlow()
      /opt/homebrew/Cellar/go/1.24.6/libexec/src/internal/sync/hashtriemap.go:38 +0x38
  internal/sync.(*HashTrieMap[go.shape.interface {},go.shape.interface {}]).init()
      /opt/homebrew/Cellar/go/1.24.6/libexec/src/internal/sync/hashtriemap.go:32 +0x44
  internal/sync.(*HashTrieMap[go.shape.interface {},go.shape.interface {}]).Swap()
      /opt/homebrew/Cellar/go/1.24.6/libexec/src/internal/sync/hashtriemap.go:206 +0x54
  internal/sync.(*HashTrieMap[go.shape.interface {},go.shape.interface {}]).Store()
      /opt/homebrew/Cellar/go/1.24.6/libexec/src/internal/sync/hashtriemap.go:200 +0x54
  sync.(*Map).Store()
      /opt/homebrew/Cellar/go/1.24.6/libexec/src/sync/hashtriemap.go:55 +0x54
  github.com/luxfi/threshold/protocols/frost/keygen.(*round2).StoreBroadcastMessage()
      /Users/z/work/lux/threshold/protocols/frost/keygen/round2.go:117 +0x56c
  github.com/luxfi/threshold/pkg/protocol.(*Handler).verifyBroadcastForRound()
      /Users/z/work/lux/threshold/pkg/protocol/handler.go:1277 +0x3a0
  github.com/luxfi/threshold/pkg/protocol.(*Handler).processQueuedMessages()
      /Users/z/work/lux/threshold/pkg/protocol/handler.go:1542 +0x404
  github.com/luxfi/threshold/pkg/protocol.(*Handler).tryAdvanceRound.gowrap2()
      /Users/z/work/lux/threshold/pkg/protocol/handler.go:673 +0x40

Previous read at 0x00c000793748 by goroutine 701:
  github.com/luxfi/threshold/protocols/frost/keygen.(*round2).Number()
      <autogenerated>:1 +0x38
  github.com/luxfi/threshold/pkg/protocol.(*Handler).verifyBroadcast()
      /Users/z/work/lux/threshold/pkg/protocol/handler.go:1356 +0x74
  github.com/luxfi/threshold/pkg/protocol.(*Handler).processMessage()
      /Users/z/work/lux/threshold/pkg/protocol/handler.go:480 +0xb9c
  github.com/luxfi/threshold/pkg/protocol.(*Handler).messageWorker()
      /Users/z/work/lux/threshold/pkg/protocol/handler.go:408 +0x338
  github.com/luxfi/threshold/pkg/protocol.(*Handler).startWorkers.gowrap2()
      /Users/z/work/lux/threshold/pkg/protocol/handler.go:361 +0x44

Goroutine 810 (running) created at:
  github.com/luxfi/threshold/pkg/protocol.(*Handler).tryAdvanceRound()
      /Users/z/work/lux/threshold/pkg/protocol/handler.go:673 +0x12e4
  github.com/luxfi/threshold/pkg/protocol.(*Handler).roundProcessor()
      /Users/z/work/lux/threshold/pkg/protocol/handler.go:569 +0xb4
  github.com/luxfi/threshold/pkg/protocol.(*Handler).startWorkers.func1()
      /Users/z/work/lux/threshold/pkg/protocol/handler.go:374 +0x78

Goroutine 701 (running) created at:
  github.com/luxfi/threshold/pkg/protocol.(*Handler).startWorkers()
      /Users/z/work/lux/threshold/pkg/protocol/handler.go:361 +0x334
  github.com/luxfi/threshold/pkg/protocol.NewHandler()
      /Users/z/work/lux/threshold/pkg/protocol/handler.go:247 +0xf10
  github.com/luxfi/threshold/internal/test.(*Harness).CreateHandler()
      /Users/z/work/lux/threshold/internal/test/harness.go:91 +0x2e4
  github.com/luxfi/threshold/internal/test.RunProtocol()
      /Users/z/work/lux/threshold/internal/test/harness.go:270 +0x230
  github.com/luxfi/threshold/protocols/frost.TestVerificationShareReconstruction()
      /Users/z/work/lux/threshold/protocols/frost/verification_shares_test.go:21 +0x114
  testing.tRunner()
      /opt/homebrew/Cellar/go/1.24.6/libexec/src/testing/testing.go:1792 +0x180
  testing.(*T).Run.gowrap1()
      /opt/homebrew/Cellar/go/1.24.6/libexec/src/testing/testing.go:1851 +0x40
==================
==================
WARNING: DATA RACE
Read at 0x00c000a06568 by goroutine 676:
  github.com/luxfi/threshold/protocols/frost/keygen.(*round2).Number()
      <autogenerated>:1 +0x38
  github.com/luxfi/threshold/pkg/protocol.(*Handler).roundProcessor()
      /Users/z/work/lux/threshold/pkg/protocol/handler.go:550 +0x1d4
  github.com/luxfi/threshold/pkg/protocol.(*Handler).startWorkers.func1()
      /Users/z/work/lux/threshold/pkg/protocol/handler.go:374 +0x78

Previous write at 0x00c000a06568 by goroutine 674:
  ??()
      -:0 +0x104ad4f28
  sync/atomic.StoreUint32()
      <autogenerated>:1 +0x14
  internal/sync.(*HashTrieMap[go.shape.interface {},go.shape.interface {}]).initSlow()
      /opt/homebrew/Cellar/go/1.24.6/libexec/src/internal/sync/hashtriemap.go:55 +0x12c
  internal/sync.(*HashTrieMap[go.shape.interface {},go.shape.interface {}]).init()
      /opt/homebrew/Cellar/go/1.24.6/libexec/src/internal/sync/hashtriemap.go:32 +0x44
  internal/sync.(*HashTrieMap[go.shape.interface {},go.shape.interface {}]).Swap()
      /opt/homebrew/Cellar/go/1.24.6/libexec/src/internal/sync/hashtriemap.go:206 +0x54
  internal/sync.(*HashTrieMap[go.shape.interface {},go.shape.interface {}]).Store()
      /opt/homebrew/Cellar/go/1.24.6/libexec/src/internal/sync/hashtriemap.go:200 +0x54
  sync.(*Map).Store()
      /opt/homebrew/Cellar/go/1.24.6/libexec/src/sync/hashtriemap.go:55 +0x54
  github.com/luxfi/threshold/protocols/frost/keygen.(*round2).StoreBroadcastMessage()
      /Users/z/work/lux/threshold/protocols/frost/keygen/round2.go:117 +0x56c
  github.com/luxfi/threshold/pkg/protocol.(*Handler).verifyBroadcast()
      /Users/z/work/lux/threshold/pkg/protocol/handler.go:1392 +0x648
  github.com/luxfi/threshold/pkg/protocol.(*Handler).processMessage()
      /Users/z/work/lux/threshold/pkg/protocol/handler.go:480 +0xb9c
  github.com/luxfi/threshold/pkg/protocol.(*Handler).messageWorker()
      /Users/z/work/lux/threshold/pkg/protocol/handler.go:408 +0x338
  github.com/luxfi/threshold/pkg/protocol.(*Handler).startWorkers.gowrap2()
      /Users/z/work/lux/threshold/pkg/protocol/handler.go:361 +0x44

Goroutine 676 (running) created at:
  github.com/luxfi/threshold/pkg/protocol.(*Handler).startWorkers()
      /Users/z/work/lux/threshold/pkg/protocol/handler.go:372 +0x4fc
  github.com/luxfi/threshold/pkg/protocol.NewHandler()
      /Users/z/work/lux/threshold/pkg/protocol/handler.go:247 +0xf10
  github.com/luxfi/threshold/internal/test.(*Harness).CreateHandler()
      /Users/z/work/lux/threshold/internal/test/harness.go:91 +0x2e4
  github.com/luxfi/threshold/internal/test.RunProtocol()
      /Users/z/work/lux/threshold/internal/test/harness.go:270 +0x230
  github.com/luxfi/threshold/protocols/frost.TestVerificationShareReconstruction()
      /Users/z/work/lux/threshold/protocols/frost/verification_shares_test.go:21 +0x114
  testing.tRunner()
      /opt/homebrew/Cellar/go/1.24.6/libexec/src/testing/testing.go:1792 +0x180
  testing.(*T).Run.gowrap1()
      /opt/homebrew/Cellar/go/1.24.6/libexec/src/testing/testing.go:1851 +0x40

Goroutine 674 (running) created at:
  github.com/luxfi/threshold/pkg/protocol.(*Handler).startWorkers()
      /Users/z/work/lux/threshold/pkg/protocol/handler.go:361 +0x334
  github.com/luxfi/threshold/pkg/protocol.NewHandler()
      /Users/z/work/lux/threshold/pkg/protocol/handler.go:247 +0xf10
  github.com/luxfi/threshold/internal/test.(*Harness).CreateHandler()
      /Users/z/work/lux/threshold/internal/test/harness.go:91 +0x2e4
  github.com/luxfi/threshold/internal/test.RunProtocol()
      /Users/z/work/lux/threshold/internal/test/harness.go:270 +0x230
  github.com/luxfi/threshold/protocols/frost.TestVerificationShareReconstruction()
      /Users/z/work/lux/threshold/protocols/frost/verification_shares_test.go:21 +0x114
  testing.tRunner()
      /opt/homebrew/Cellar/go/1.24.6/libexec/src/testing/testing.go:1792 +0x180
  testing.(*T).Run.gowrap1()
      /opt/homebrew/Cellar/go/1.24.6/libexec/src/testing/testing.go:1851 +0x40
==================
==================
WARNING: DATA RACE
Read at 0x00c000a06598 by goroutine 676:
  github.com/luxfi/threshold/protocols/frost/keygen.(*round2).Number()
      <autogenerated>:1 +0x38
  github.com/luxfi/threshold/pkg/protocol.(*Handler).tryAdvanceRound()
      /Users/z/work/lux/threshold/pkg/protocol/handler.go:582 +0x70
  github.com/luxfi/threshold/pkg/protocol.(*Handler).roundProcessor()
      /Users/z/work/lux/threshold/pkg/protocol/handler.go:569 +0xb4
  github.com/luxfi/threshold/pkg/protocol.(*Handler).startWorkers.func1()
      /Users/z/work/lux/threshold/pkg/protocol/handler.go:374 +0x78

Previous write at 0x00c000a0659c by goroutine 674:
  ??()
      -:0 +0x104ad5eb0
  sync/atomic.AddInt32()
      <autogenerated>:1 +0x14
  sync.(*Mutex).Unlock()
      /opt/homebrew/Cellar/go/1.24.6/libexec/src/sync/mutex.go:65 +0x2c
  github.com/luxfi/threshold/protocols/frost/keygen.(*round2).StoreBroadcastMessage()
      /Users/z/work/lux/threshold/protocols/frost/keygen/round2.go:62 +0x78
  github.com/luxfi/threshold/pkg/protocol.(*Handler).verifyBroadcastForRound()
      /Users/z/work/lux/threshold/pkg/protocol/handler.go:1277 +0x3a0
  github.com/luxfi/threshold/pkg/protocol.(*Handler).retryUnprocessedMessages()
      /Users/z/work/lux/threshold/pkg/protocol/handler.go:1483 +0x22c
  github.com/luxfi/threshold/pkg/protocol.(*Handler).tryAdvanceRound()
      /Users/z/work/lux/threshold/pkg/protocol/handler.go:587 +0x28c
  github.com/luxfi/threshold/pkg/protocol.(*Handler).processMessage()
      /Users/z/work/lux/threshold/pkg/protocol/handler.go:486 +0xbb0
  github.com/luxfi/threshold/pkg/protocol.(*Handler).messageWorker()
      /Users/z/work/lux/threshold/pkg/protocol/handler.go:408 +0x338
  github.com/luxfi/threshold/pkg/protocol.(*Handler).startWorkers.gowrap2()
      /Users/z/work/lux/threshold/pkg/protocol/handler.go:361 +0x44

Goroutine 676 (running) created at:
  github.com/luxfi/threshold/pkg/protocol.(*Handler).startWorkers()
      /Users/z/work/lux/threshold/pkg/protocol/handler.go:372 +0x4fc
  github.com/luxfi/threshold/pkg/protocol.NewHandler()
      /Users/z/work/lux/threshold/pkg/protocol/handler.go:247 +0xf10
  github.com/luxfi/threshold/internal/test.(*Harness).CreateHandler()
      /Users/z/work/lux/threshold/internal/test/harness.go:91 +0x2e4
  github.com/luxfi/threshold/internal/test.RunProtocol()
      /Users/z/work/lux/threshold/internal/test/harness.go:270 +0x230
  github.com/luxfi/threshold/protocols/frost.TestVerificationShareReconstruction()
      /Users/z/work/lux/threshold/protocols/frost/verification_shares_test.go:21 +0x114
  testing.tRunner()
      /opt/homebrew/Cellar/go/1.24.6/libexec/src/testing/testing.go:1792 +0x180
  testing.(*T).Run.gowrap1()
      /opt/homebrew/Cellar/go/1.24.6/libexec/src/testing/testing.go:1851 +0x40

Goroutine 674 (running) created at:
  github.com/luxfi/threshold/pkg/protocol.(*Handler).startWorkers()
      /Users/z/work/lux/threshold/pkg/protocol/handler.go:361 +0x334
  github.com/luxfi/threshold/pkg/protocol.NewHandler()
      /Users/z/work/lux/threshold/pkg/protocol/handler.go:247 +0xf10
  github.com/luxfi/threshold/internal/test.(*Harness).CreateHandler()
      /Users/z/work/lux/threshold/internal/test/harness.go:91 +0x2e4
  github.com/luxfi/threshold/internal/test.RunProtocol()
      /Users/z/work/lux/threshold/internal/test/harness.go:270 +0x230
  github.com/luxfi/threshold/protocols/frost.TestVerificationShareReconstruction()
      /Users/z/work/lux/threshold/protocols/frost/verification_shares_test.go:21 +0x114
  testing.tRunner()
      /opt/homebrew/Cellar/go/1.24.6/libexec/src/testing/testing.go:1792 +0x180
  testing.(*T).Run.gowrap1()
      /opt/homebrew/Cellar/go/1.24.6/libexec/src/testing/testing.go:1851 +0x40
==================
2025-08-15T22:12:56.367-0500	DEBUG	protocol/handler.go:581	tryAdvanceRound called	{"{current_round 20 2  <nil>}": {"Key":"self","Type":15,"Integer":0,"String":"a","Interface":null}}
2025-08-15T22:12:56.369-0500	DEBUG	protocol/handler.go:581	tryAdvanceRound called	{"{current_round 20 2  <nil>}": {"Key":"self","Type":15,"Integer":0,"String":"c","Interface":null}}
2025-08-15T22:12:56.371-0500	DEBUG	protocol/handler.go:1591	have processed broadcast	{"{round 20 2  <nil>}": {"Key":"from","Type":15,"Integer":0,"String":"b","Interface":null}}
2025-08-15T22:12:56.371-0500	DEBUG	protocol/handler.go:1591	have processed broadcast	{"{round 20 2  <nil>}": {"Key":"from","Type":15,"Integer":0,"String":"c","Interface":null}}
2025-08-15T22:12:56.371-0500	DEBUG	protocol/handler.go:1600	waiting for broadcasts	{"{round 20 2  <nil>}": {"Key":"missing","Type":15,"Integer":0,"String":"[d e]","Interface":null}}
2025-08-15T22:12:56.374-0500	DEBUG	protocol/handler.go:1591	have processed broadcast	{"{round 20 2  <nil>}": {"Key":"from","Type":15,"Integer":0,"String":"b","Interface":null}}
2025-08-15T22:12:56.374-0500	DEBUG	protocol/handler.go:1591	have processed broadcast	{"{round 20 2  <nil>}": {"Key":"from","Type":15,"Integer":0,"String":"c","Interface":null}}
2025-08-15T22:12:56.374-0500	DEBUG	protocol/handler.go:1600	waiting for broadcasts	{"{round 20 2  <nil>}": {"Key":"missing","Type":15,"Integer":0,"String":"[d e]","Interface":null}}
2025-08-15T22:12:56.374-0500	DEBUG	protocol/handler.go:581	tryAdvanceRound called	{"{current_round 20 2  <nil>}": {"Key":"self","Type":15,"Integer":0,"String":"a","Interface":null}}
2025-08-15T22:12:56.374-0500	DEBUG	protocol/handler.go:1591	have processed broadcast	{"{round 20 2  <nil>}": {"Key":"from","Type":15,"Integer":0,"String":"b","Interface":null}}
2025-08-15T22:12:56.374-0500	DEBUG	protocol/handler.go:1591	have processed broadcast	{"{round 20 2  <nil>}": {"Key":"from","Type":15,"Integer":0,"String":"c","Interface":null}}
2025-08-15T22:12:56.374-0500	DEBUG	protocol/handler.go:1600	waiting for broadcasts	{"{round 20 2  <nil>}": {"Key":"missing","Type":15,"Integer":0,"String":"[d e]","Interface":null}}
2025-08-15T22:12:56.374-0500	DEBUG	protocol/handler.go:437	processing message	{"{from 15 0 d <nil>}": {"Key":"to","Type":15,"Integer":0,"String":"","Interface":null}, "{round 20 2  <nil>}": {"Key":"broadcast","Type":4,"Integer":1,"String":"","Interface":null}}
2025-08-15T22:12:56.374-0500	DEBUG	protocol/handler.go:1657	storing broadcast	{"{round 20 2  <nil>}": {"Key":"from","Type":15,"Integer":0,"String":"d","Interface":null}}
2025-08-15T22:12:56.374-0500	DEBUG	protocol/handler.go:1039	sendRoundMessage	{"{from 15 0 e <nil>}": {"Key":"to","Type":15,"Integer":0,"String":"","Interface":null}, "{round 20 2  <nil>}": {"Key":"broadcast","Type":4,"Integer":1,"String":"","Interface":null}}
2025-08-15T22:12:56.375-0500	DEBUG	protocol/handler.go:1657	storing broadcast	{"{round 20 2  <nil>}": {"Key":"from","Type":15,"Integer":0,"String":"e","Interface":null}}
2025-08-15T22:12:56.375-0500	DEBUG	protocol/handler.go:1081	sent message to output channel	{"{from 15 0 e <nil>}": {"Key":"to","Type":15,"Integer":0,"String":"","Interface":null}, "{round 20 2  <nil>}": {"Key":"broadcast","Type":4,"Integer":1,"String":"","Interface":null}}
2025-08-15T22:12:56.375-0500	DEBUG	protocol/handler.go:1182	finalized round messages	{"{round 20 1  <nil>}": {"Key":"messages","Type":11,"Integer":1,"String":"","Interface":null}}
2025-08-15T22:12:56.375-0500	DEBUG	protocol/handler.go:1239	finalize returned next round	{"{current 20 1  <nil>}": {"Key":"next","Type":20,"Integer":2,"String":"","Interface":null}}
2025-08-15T22:12:56.376-0500	INFO	protocol/handler.go:642	storing new currentRound	{"{from 20 1  <nil>}": {"Key":"to","Type":20,"Integer":2,"String":"","Interface":null}}
2025-08-15T22:12:56.376-0500	DEBUG	protocol/handler.go:1503	processing queued messages
2025-08-15T22:12:56.376-0500	DEBUG	protocol/handler.go:1503	processing queued messages
2025-08-15T22:12:56.377-0500	INFO	protocol/handler.go:560	advanced to round
2025-08-15T22:12:56.377-0500	DEBUG	protocol/handler.go:581	tryAdvanceRound called	{"{current_round 20 2  <nil>}": {"Key":"self","Type":15,"Integer":0,"String":"e","Interface":null}}
2025-08-15T22:12:56.378-0500	DEBUG	protocol/handler.go:1591	have processed broadcast	{"{round 20 2  <nil>}": {"Key":"from","Type":15,"Integer":0,"String":"a","Interface":null}}
2025-08-15T22:12:56.378-0500	DEBUG	protocol/handler.go:1591	have processed broadcast	{"{round 20 2  <nil>}": {"Key":"from","Type":15,"Integer":0,"String":"b","Interface":null}}
2025-08-15T22:12:56.378-0500	DEBUG	protocol/handler.go:1591	have processed broadcast	{"{round 20 2  <nil>}": {"Key":"from","Type":15,"Integer":0,"String":"d","Interface":null}}
2025-08-15T22:12:56.378-0500	DEBUG	protocol/handler.go:1600	waiting for broadcasts	{"{round 20 2  <nil>}": {"Key":"missing","Type":15,"Integer":0,"String":"[e]","Interface":null}}
2025-08-15T22:12:56.378-0500	DEBUG	protocol/handler.go:581	tryAdvanceRound called	{"{current_round 20 2  <nil>}": {"Key":"self","Type":15,"Integer":0,"String":"c","Interface":null}}
2025-08-15T22:12:56.378-0500	DEBUG	protocol/handler.go:1591	have processed broadcast	{"{round 20 2  <nil>}": {"Key":"from","Type":15,"Integer":0,"String":"a","Interface":null}}
2025-08-15T22:12:56.378-0500	DEBUG	protocol/handler.go:1591	have processed broadcast	{"{round 20 2  <nil>}": {"Key":"from","Type":15,"Integer":0,"String":"b","Interface":null}}
2025-08-15T22:12:56.378-0500	DEBUG	protocol/handler.go:1591	have processed broadcast	{"{round 20 2  <nil>}": {"Key":"from","Type":15,"Integer":0,"String":"d","Interface":null}}
2025-08-15T22:12:56.378-0500	DEBUG	protocol/handler.go:1600	waiting for broadcasts	{"{round 20 2  <nil>}": {"Key":"missing","Type":15,"Integer":0,"String":"[e]","Interface":null}}
2025-08-15T22:12:56.379-0500	DEBUG	protocol/handler.go:581	tryAdvanceRound called	{"{current_round 20 2  <nil>}": {"Key":"self","Type":15,"Integer":0,"String":"a","Interface":null}}
2025-08-15T22:12:56.381-0500	DEBUG	protocol/handler.go:1591	have processed broadcast	{"{round 20 2  <nil>}": {"Key":"from","Type":15,"Integer":0,"String":"a","Interface":null}}
2025-08-15T22:12:56.381-0500	DEBUG	protocol/handler.go:1591	have processed broadcast	{"{round 20 2  <nil>}": {"Key":"from","Type":15,"Integer":0,"String":"b","Interface":null}}
2025-08-15T22:12:56.381-0500	DEBUG	protocol/handler.go:1591	have processed broadcast	{"{round 20 2  <nil>}": {"Key":"from","Type":15,"Integer":0,"String":"d","Interface":null}}
2025-08-15T22:12:56.381-0500	DEBUG	protocol/handler.go:1600	waiting for broadcasts	{"{round 20 2  <nil>}": {"Key":"missing","Type":15,"Integer":0,"String":"[e]","Interface":null}}
2025-08-15T22:12:56.381-0500	DEBUG	protocol/handler.go:437	processing message	{"{from 15 0 e <nil>}": {"Key":"to","Type":15,"Integer":0,"String":"","Interface":null}, "{round 20 2  <nil>}": {"Key":"broadcast","Type":4,"Integer":1,"String":"","Interface":null}}
2025-08-15T22:12:56.382-0500	DEBUG	protocol/handler.go:1657	storing broadcast	{"{round 20 2  <nil>}": {"Key":"from","Type":15,"Integer":0,"String":"e","Interface":null}}
2025-08-15T22:12:56.382-0500	DEBUG	protocol/handler.go:581	tryAdvanceRound called	{"{current_round 20 2  <nil>}": {"Key":"self","Type":15,"Integer":0,"String":"b","Interface":null}}
2025-08-15T22:12:56.384-0500	DEBUG	protocol/handler.go:1591	have processed broadcast	{"{round 20 2  <nil>}": {"Key":"from","Type":15,"Integer":0,"String":"a","Interface":null}}
2025-08-15T22:12:56.384-0500	DEBUG	protocol/handler.go:1591	have processed broadcast	{"{round 20 2  <nil>}": {"Key":"from","Type":15,"Integer":0,"String":"c","Interface":null}}
2025-08-15T22:12:56.384-0500	DEBUG	protocol/handler.go:1591	have processed broadcast	{"{round 20 2  <nil>}": {"Key":"from","Type":15,"Integer":0,"String":"d","Interface":null}}
2025-08-15T22:12:56.384-0500	DEBUG	protocol/handler.go:1600	waiting for broadcasts	{"{round 20 2  <nil>}": {"Key":"missing","Type":15,"Integer":0,"String":"[e]","Interface":null}}
2025-08-15T22:12:56.385-0500	DEBUG	protocol/handler.go:581	tryAdvanceRound called	{"{current_round 20 2  <nil>}": {"Key":"self","Type":15,"Integer":0,"String":"b","Interface":null}}
2025-08-15T22:12:56.385-0500	DEBUG	protocol/handler.go:1591	have processed broadcast	{"{round 20 2  <nil>}": {"Key":"from","Type":15,"Integer":0,"String":"a","Interface":null}}
2025-08-15T22:12:56.385-0500	DEBUG	protocol/handler.go:1591	have processed broadcast	{"{round 20 2  <nil>}": {"Key":"from","Type":15,"Integer":0,"String":"c","Interface":null}}
2025-08-15T22:12:56.385-0500	DEBUG	protocol/handler.go:1591	have processed broadcast	{"{round 20 2  <nil>}": {"Key":"from","Type":15,"Integer":0,"String":"d","Interface":null}}
2025-08-15T22:12:56.385-0500	DEBUG	protocol/handler.go:1600	waiting for broadcasts	{"{round 20 2  <nil>}": {"Key":"missing","Type":15,"Integer":0,"String":"[e]","Interface":null}}
2025-08-15T22:12:56.385-0500	DEBUG	protocol/handler.go:581	tryAdvanceRound called	{"{current_round 20 2  <nil>}": {"Key":"self","Type":15,"Integer":0,"String":"c","Interface":null}}
==================
WARNING: DATA RACE
Read at 0x00c000a06598 by goroutine 672:
  github.com/luxfi/threshold/protocols/frost/keygen.(*round2).Number()
      <autogenerated>:1 +0x38
  github.com/luxfi/threshold/pkg/protocol.(*Handler).hasAllMessages()
      /Users/z/work/lux/threshold/pkg/protocol/handler.go:1570 +0x40
  github.com/luxfi/threshold/pkg/protocol.(*Handler).tryAdvanceRound()
      /Users/z/work/lux/threshold/pkg/protocol/handler.go:589 +0x29c
  github.com/luxfi/threshold/pkg/protocol.(*Handler).processMessage()
      /Users/z/work/lux/threshold/pkg/protocol/handler.go:486 +0xbb0
  github.com/luxfi/threshold/pkg/protocol.(*Handler).messageWorker()
      /Users/z/work/lux/threshold/pkg/protocol/handler.go:408 +0x338
  github.com/luxfi/threshold/pkg/protocol.(*Handler).startWorkers.gowrap2()
      /Users/z/work/lux/threshold/pkg/protocol/handler.go:361 +0x44

Previous write at 0x00c000a0659c by goroutine 675:
  ??()
      -:0 +0x104ad5eb0
  sync/atomic.AddInt32()
      <autogenerated>:1 +0x14
  sync.(*Mutex).Unlock()
      /opt/homebrew/Cellar/go/1.24.6/libexec/src/sync/mutex.go:65 +0x2c
  github.com/luxfi/threshold/protocols/frost/keygen.(*round2).StoreBroadcastMessage()
      /Users/z/work/lux/threshold/protocols/frost/keygen/round2.go:62 +0x78
  github.com/luxfi/threshold/pkg/protocol.(*Handler).verifyBroadcast()
      /Users/z/work/lux/threshold/pkg/protocol/handler.go:1392 +0x648
  github.com/luxfi/threshold/pkg/protocol.(*Handler).processMessage()
      /Users/z/work/lux/threshold/pkg/protocol/handler.go:480 +0xb9c
  github.com/luxfi/threshold/pkg/protocol.(*Handler).messageWorker()
      /Users/z/work/lux/threshold/pkg/protocol/handler.go:408 +0x338
  github.com/luxfi/threshold/pkg/protocol.(*Handler).startWorkers.gowrap2()
      /Users/z/work/lux/threshold/pkg/protocol/handler.go:361 +0x44

Goroutine 672 (running) created at:
  github.com/luxfi/threshold/pkg/protocol.(*Handler).startWorkers()
      /Users/z/work/lux/threshold/pkg/protocol/handler.go:361 +0x334
  github.com/luxfi/threshold/pkg/protocol.NewHandler()
      /Users/z/work/lux/threshold/pkg/protocol/handler.go:247 +0xf10
  github.com/luxfi/threshold/internal/test.(*Harness).CreateHandler()
      /Users/z/work/lux/threshold/internal/test/harness.go:91 +0x2e4
  github.com/luxfi/threshold/internal/test.RunProtocol()
      /Users/z/work/lux/threshold/internal/test/harness.go:270 +0x230
  github.com/luxfi/threshold/protocols/frost.TestVerificationShareReconstruction()
      /Users/z/work/lux/threshold/protocols/frost/verification_shares_test.go:21 +0x114
  testing.tRunner()
      /opt/homebrew/Cellar/go/1.24.6/libexec/src/testing/testing.go:1792 +0x180
  testing.(*T).Run.gowrap1()
      /opt/homebrew/Cellar/go/1.24.6/libexec/src/testing/testing.go:1851 +0x40

Goroutine 675 (running) created at:
  github.com/luxfi/threshold/pkg/protocol.(*Handler).startWorkers()
      /Users/z/work/lux/threshold/pkg/protocol/handler.go:361 +0x334
  github.com/luxfi/threshold/pkg/protocol.NewHandler()
      /Users/z/work/lux/threshold/pkg/protocol/handler.go:247 +0xf10
  github.com/luxfi/threshold/internal/test.(*Harness).CreateHandler()
      /Users/z/work/lux/threshold/internal/test/harness.go:91 +0x2e4
  github.com/luxfi/threshold/internal/test.RunProtocol()
      /Users/z/work/lux/threshold/internal/test/harness.go:270 +0x230
  github.com/luxfi/threshold/protocols/frost.TestVerificationShareReconstruction()
      /Users/z/work/lux/threshold/protocols/frost/verification_shares_test.go:21 +0x114
  testing.tRunner()
      /opt/homebrew/Cellar/go/1.24.6/libexec/src/testing/testing.go:1792 +0x180
  testing.(*T).Run.gowrap1()
      /opt/homebrew/Cellar/go/1.24.6/libexec/src/testing/testing.go:1851 +0x40
==================
2025-08-15T22:12:56.387-0500	DEBUG	protocol/handler.go:1591	have processed broadcast	{"{round 20 2  <nil>}": {"Key":"from","Type":15,"Integer":0,"String":"b","Interface":null}}
2025-08-15T22:12:56.387-0500	DEBUG	protocol/handler.go:1591	have processed broadcast	{"{round 20 2  <nil>}": {"Key":"from","Type":15,"Integer":0,"String":"c","Interface":null}}
2025-08-15T22:12:56.388-0500	DEBUG	protocol/handler.go:1591	have processed broadcast	{"{round 20 2  <nil>}": {"Key":"from","Type":15,"Integer":0,"String":"d","Interface":null}}
2025-08-15T22:12:56.388-0500	DEBUG	protocol/handler.go:1600	waiting for broadcasts	{"{round 20 2  <nil>}": {"Key":"missing","Type":15,"Integer":0,"String":"[e]","Interface":null}}
2025-08-15T22:12:56.388-0500	DEBUG	protocol/handler.go:437	processing message	{"{from 15 0 e <nil>}": {"Key":"to","Type":15,"Integer":0,"String":"","Interface":null}, "{round 20 2  <nil>}": {"Key":"broadcast","Type":4,"Integer":1,"String":"","Interface":null}}
2025-08-15T22:12:56.388-0500	DEBUG	protocol/handler.go:581	tryAdvanceRound called	{"{current_round 20 2  <nil>}": {"Key":"self","Type":15,"Integer":0,"String":"c","Interface":null}}
2025-08-15T22:12:56.388-0500	DEBUG	protocol/handler.go:437	processing message	{"{from 15 0 e <nil>}": {"Key":"to","Type":15,"Integer":0,"String":"","Interface":null}, "{round 20 2  <nil>}": {"Key":"broadcast","Type":4,"Integer":1,"String":"","Interface":null}}
2025-08-15T22:12:56.388-0500	DEBUG	protocol/handler.go:1591	have processed broadcast	{"{round 20 2  <nil>}": {"Key":"from","Type":15,"Integer":0,"String":"a","Interface":null}}
2025-08-15T22:12:56.388-0500	DEBUG	protocol/handler.go:1657	storing broadcast	{"{round 20 2  <nil>}": {"Key":"from","Type":15,"Integer":0,"String":"e","Interface":null}}
2025-08-15T22:12:56.388-0500	DEBUG	protocol/handler.go:1591	have processed broadcast	{"{round 20 2  <nil>}": {"Key":"from","Type":15,"Integer":0,"String":"b","Interface":null}}
2025-08-15T22:12:56.388-0500	DEBUG	protocol/handler.go:1657	storing broadcast	{"{round 20 2  <nil>}": {"Key":"from","Type":15,"Integer":0,"String":"e","Interface":null}}
2025-08-15T22:12:56.388-0500	DEBUG	protocol/handler.go:1591	have processed broadcast	{"{round 20 2  <nil>}": {"Key":"from","Type":15,"Integer":0,"String":"d","Interface":null}}
2025-08-15T22:12:56.388-0500	DEBUG	protocol/handler.go:1591	have processed broadcast	{"{round 20 2  <nil>}": {"Key":"from","Type":15,"Integer":0,"String":"e","Interface":null}}
2025-08-15T22:12:56.388-0500	DEBUG	protocol/handler.go:1649	have all messages and processed	{"{round 20 2  <nil>}": {"Key":"self","Type":15,"Integer":0,"String":"c","Interface":null}}
2025-08-15T22:12:56.388-0500	DEBUG	protocol/handler.go:619	finalizing round
2025-08-15T22:12:56.389-0500	DEBUG	protocol/handler.go:1039	sendRoundMessage	{"{from 15 0 c <nil>}": {"Key":"to","Type":15,"Integer":0,"String":"","Interface":null}, "{round 20 3  <nil>}": {"Key":"broadcast","Type":4,"Integer":1,"String":"","Interface":null}}
2025-08-15T22:12:56.389-0500	DEBUG	protocol/handler.go:1657	storing broadcast	{"{round 20 3  <nil>}": {"Key":"from","Type":15,"Integer":0,"String":"c","Interface":null}}
2025-08-15T22:12:56.389-0500	DEBUG	protocol/handler.go:1081	sent message to output channel	{"{from 15 0 c <nil>}": {"Key":"to","Type":15,"Integer":0,"String":"","Interface":null}, "{round 20 3  <nil>}": {"Key":"broadcast","Type":4,"Integer":1,"String":"","Interface":null}}
2025-08-15T22:12:56.389-0500	DEBUG	protocol/handler.go:1039	sendRoundMessage	{"{from 15 0 c <nil>}": {"Key":"to","Type":15,"Integer":0,"String":"a","Interface":null}, "{round 20 3  <nil>}": {"Key":"broadcast","Type":4,"Integer":0,"String":"","Interface":null}}
2025-08-15T22:12:56.389-0500	DEBUG	protocol/handler.go:1081	sent message to output channel	{"{from 15 0 c <nil>}": {"Key":"to","Type":15,"Integer":0,"String":"a","Interface":null}, "{round 20 3  <nil>}": {"Key":"broadcast","Type":4,"Integer":0,"String":"","Interface":null}}
2025-08-15T22:12:56.389-0500	DEBUG	protocol/handler.go:1039	sendRoundMessage	{"{from 15 0 c <nil>}": {"Key":"to","Type":15,"Integer":0,"String":"b","Interface":null}, "{round 20 3  <nil>}": {"Key":"broadcast","Type":4,"Integer":0,"String":"","Interface":null}}
2025-08-15T22:12:56.389-0500	DEBUG	protocol/handler.go:1081	sent message to output channel	{"{from 15 0 c <nil>}": {"Key":"to","Type":15,"Integer":0,"String":"b","Interface":null}, "{round 20 3  <nil>}": {"Key":"broadcast","Type":4,"Integer":0,"String":"","Interface":null}}
2025-08-15T22:12:56.389-0500	DEBUG	protocol/handler.go:1039	sendRoundMessage	{"{from 15 0 c <nil>}": {"Key":"to","Type":15,"Integer":0,"String":"d","Interface":null}, "{round 20 3  <nil>}": {"Key":"broadcast","Type":4,"Integer":0,"String":"","Interface":null}}
2025-08-15T22:12:56.389-0500	DEBUG	protocol/handler.go:1081	sent message to output channel	{"{from 15 0 c <nil>}": {"Key":"to","Type":15,"Integer":0,"String":"d","Interface":null}, "{round 20 3  <nil>}": {"Key":"broadcast","Type":4,"Integer":0,"String":"","Interface":null}}
2025-08-15T22:12:56.389-0500	DEBUG	protocol/handler.go:1039	sendRoundMessage	{"{from 15 0 c <nil>}": {"Key":"to","Type":15,"Integer":0,"String":"e","Interface":null}, "{round 20 3  <nil>}": {"Key":"broadcast","Type":4,"Integer":0,"String":"","Interface":null}}
2025-08-15T22:12:56.389-0500	DEBUG	protocol/handler.go:1081	sent message to output channel	{"{from 15 0 c <nil>}": {"Key":"to","Type":15,"Integer":0,"String":"e","Interface":null}, "{round 20 3  <nil>}": {"Key":"broadcast","Type":4,"Integer":0,"String":"","Interface":null}}
2025-08-15T22:12:56.389-0500	DEBUG	protocol/handler.go:1182	finalized round messages	{"{round 20 2  <nil>}": {"Key":"messages","Type":11,"Integer":5,"String":"","Interface":null}}
2025-08-15T22:12:56.389-0500	DEBUG	protocol/handler.go:1239	finalize returned next round	{"{current 20 2  <nil>}": {"Key":"next","Type":20,"Integer":3,"String":"","Interface":null}}
2025-08-15T22:12:56.389-0500	INFO	protocol/handler.go:642	storing new currentRound	{"{from 20 2  <nil>}": {"Key":"to","Type":20,"Integer":3,"String":"","Interface":null}}
2025-08-15T22:12:56.390-0500	DEBUG	protocol/handler.go:1503	processing queued messages
2025-08-15T22:12:56.390-0500	DEBUG	protocol/handler.go:432	processMessage: p2p round 3 START	{"{from 15 0 c <nil>}": {"Key":"to","Type":15,"Integer":0,"String":"d","Interface":null}}
2025-08-15T22:12:56.390-0500	DEBUG	protocol/handler.go:437	processing message	{"{from 15 0 c <nil>}": {"Key":"to","Type":15,"Integer":0,"String":"d","Interface":null}, "{round 20 3  <nil>}": {"Key":"broadcast","Type":4,"Integer":0,"String":"","Interface":null}}
2025-08-15T22:12:56.390-0500	DEBUG	protocol/handler.go:1662	storing message	{"{round 20 3  <nil>}": {"Key":"from","Type":15,"Integer":0,"String":"c","Interface":null}}
2025-08-15T22:12:56.390-0500	DEBUG	protocol/handler.go:470	message for different round (buffering)	{"{msg_round 20 3  <nil>}": {"Key":"current_round","Type":20,"Integer":2,"String":"","Interface":null}}
2025-08-15T22:12:56.390-0500	DEBUG	protocol/handler.go:581	tryAdvanceRound called	{"{current_round 20 2  <nil>}": {"Key":"self","Type":15,"Integer":0,"String":"d","Interface":null}}
==================
WARNING: DATA RACE
Read at 0x00c0005a83f8 by goroutine 730:
  github.com/luxfi/threshold/protocols/frost/keygen.(*round2).Number()
      <autogenerated>:1 +0x38
  github.com/luxfi/threshold/pkg/protocol.(*Handler).hasAllMessages()
      /Users/z/work/lux/threshold/pkg/protocol/handler.go:1570 +0x40
  github.com/luxfi/threshold/pkg/protocol.(*Handler).tryAdvanceRound()
      /Users/z/work/lux/threshold/pkg/protocol/handler.go:589 +0x29c
  github.com/luxfi/threshold/pkg/protocol.(*Handler).roundProcessor()
      /Users/z/work/lux/threshold/pkg/protocol/handler.go:569 +0xb4
  github.com/luxfi/threshold/pkg/protocol.(*Handler).startWorkers.func1()
      /Users/z/work/lux/threshold/pkg/protocol/handler.go:374 +0x78

Previous write at 0x00c0005a83fc by goroutine 813:
  ??()
      -:0 +0x104ad5eb0
  sync/atomic.AddInt32()
      <autogenerated>:1 +0x14
  sync.(*Mutex).Unlock()
      /opt/homebrew/Cellar/go/1.24.6/libexec/src/sync/mutex.go:65 +0x2c
  github.com/luxfi/threshold/protocols/frost/keygen.(*round2).Finalize()
      /Users/z/work/lux/threshold/protocols/frost/keygen/round2.go:159 +0x7a0
  github.com/luxfi/threshold/pkg/protocol.(*Handler).finalizeRound.func1()
      /Users/z/work/lux/threshold/pkg/protocol/handler.go:1163 +0xe4

Goroutine 730 (running) created at:
  github.com/luxfi/threshold/pkg/protocol.(*Handler).startWorkers()
      /Users/z/work/lux/threshold/pkg/protocol/handler.go:372 +0x4fc
  github.com/luxfi/threshold/pkg/protocol.NewHandler()
      /Users/z/work/lux/threshold/pkg/protocol/handler.go:247 +0xf10
  github.com/luxfi/threshold/internal/test.(*Harness).CreateHandler()
      /Users/z/work/lux/threshold/internal/test/harness.go:91 +0x2e4
  github.com/luxfi/threshold/internal/test.RunProtocol()
      /Users/z/work/lux/threshold/internal/test/harness.go:270 +0x230
  github.com/luxfi/threshold/protocols/frost.TestVerificationShareReconstruction()
      /Users/z/work/lux/threshold/protocols/frost/verification_shares_test.go:21 +0x114
  testing.tRunner()
      /opt/homebrew/Cellar/go/1.24.6/libexec/src/testing/testing.go:1792 +0x180
  testing.(*T).Run.gowrap1()
      /opt/homebrew/Cellar/go/1.24.6/libexec/src/testing/testing.go:1851 +0x40

Goroutine 813 (finished) created at:
  github.com/luxfi/threshold/pkg/protocol.(*Handler).finalizeRound()
      /Users/z/work/lux/threshold/pkg/protocol/handler.go:1160 +0x26c
  github.com/luxfi/threshold/pkg/protocol.(*Handler).tryAdvanceRound()
      /Users/z/work/lux/threshold/pkg/protocol/handler.go:622 +0xae4
  github.com/luxfi/threshold/pkg/protocol.(*Handler).processMessage()
      /Users/z/work/lux/threshold/pkg/protocol/handler.go:486 +0xbb0
  github.com/luxfi/threshold/pkg/protocol.(*Handler).messageWorker()
      /Users/z/work/lux/threshold/pkg/protocol/handler.go:408 +0x338
  github.com/luxfi/threshold/pkg/protocol.(*Handler).startWorkers.gowrap2()
      /Users/z/work/lux/threshold/pkg/protocol/handler.go:361 +0x44
==================
2025-08-15T22:12:56.391-0500	DEBUG	protocol/handler.go:1591	have processed broadcast	{"{round 20 2  <nil>}": {"Key":"from","Type":15,"Integer":0,"String":"a","Interface":null}}
2025-08-15T22:12:56.391-0500	DEBUG	protocol/handler.go:1591	have processed broadcast	{"{round 20 2  <nil>}": {"Key":"from","Type":15,"Integer":0,"String":"b","Interface":null}}
2025-08-15T22:12:56.391-0500	DEBUG	protocol/handler.go:1591	have processed broadcast	{"{round 20 2  <nil>}": {"Key":"from","Type":15,"Integer":0,"String":"d","Interface":null}}
2025-08-15T22:12:56.391-0500	DEBUG	protocol/handler.go:1591	have processed broadcast	{"{round 20 2  <nil>}": {"Key":"from","Type":15,"Integer":0,"String":"e","Interface":null}}
2025-08-15T22:12:56.392-0500	DEBUG	protocol/handler.go:1649	have all messages and processed	{"{round 20 2  <nil>}": {"Key":"self","Type":15,"Integer":0,"String":"c","Interface":null}}
2025-08-15T22:12:56.392-0500	DEBUG	protocol/handler.go:596	round already finalized
2025-08-15T22:12:56.391-0500	DEBUG	protocol/handler.go:437	processing message	{"{from 15 0 e <nil>}": {"Key":"to","Type":15,"Integer":0,"String":"","Interface":null}, "{round 20 2  <nil>}": {"Key":"broadcast","Type":4,"Integer":1,"String":"","Interface":null}}
2025-08-15T22:12:56.392-0500	DEBUG	protocol/handler.go:1657	storing broadcast	{"{round 20 2  <nil>}": {"Key":"from","Type":15,"Integer":0,"String":"e","Interface":null}}
2025-08-15T22:12:56.392-0500	DEBUG	protocol/handler.go:600	current round already advanced	{"{checking 20 2  <nil>}": {"Key":"current","Type":20,"Integer":3,"String":"","Interface":null}}
2025-08-15T22:12:56.397-0500	INFO	protocol/handler.go:560	advanced to round
2025-08-15T22:12:56.397-0500	DEBUG	protocol/handler.go:581	tryAdvanceRound called	{"{current_round 20 3  <nil>}": {"Key":"self","Type":15,"Integer":0,"String":"c","Interface":null}}
2025-08-15T22:12:56.397-0500	DEBUG	protocol/handler.go:1600	waiting for broadcasts	{"{round 20 3  <nil>}": {"Key":"missing","Type":15,"Integer":0,"String":"[a b d e]","Interface":null}}
2025-08-15T22:12:56.397-0500	DEBUG	protocol/handler.go:437	processing message	{"{from 15 0 c <nil>}": {"Key":"to","Type":15,"Integer":0,"String":"","Interface":null}, "{round 20 3  <nil>}": {"Key":"broadcast","Type":4,"Integer":1,"String":"","Interface":null}}
2025-08-15T22:12:56.398-0500	DEBUG	protocol/handler.go:1657	storing broadcast	{"{round 20 3  <nil>}": {"Key":"from","Type":15,"Integer":0,"String":"c","Interface":null}}
2025-08-15T22:12:56.398-0500	DEBUG	protocol/handler.go:581	tryAdvanceRound called	{"{current_round 20 2  <nil>}": {"Key":"self","Type":15,"Integer":0,"String":"d","Interface":null}}
2025-08-15T22:12:56.400-0500	DEBUG	protocol/handler.go:470	message for different round (buffering)	{"{msg_round 20 3  <nil>}": {"Key":"current_round","Type":20,"Integer":2,"String":"","Interface":null}}
2025-08-15T22:12:56.400-0500	DEBUG	protocol/handler.go:581	tryAdvanceRound called	{"{current_round 20 2  <nil>}": {"Key":"self","Type":15,"Integer":0,"String":"a","Interface":null}}
==================
WARNING: DATA RACE
Read at 0x00c0005ae8d8 by goroutine 750:
  github.com/luxfi/threshold/protocols/frost/keygen.(*round2).Number()
      <autogenerated>:1 +0x38
  github.com/luxfi/threshold/pkg/protocol.(*Handler).hasAllMessages()
      /Users/z/work/lux/threshold/pkg/protocol/handler.go:1570 +0x40
  github.com/luxfi/threshold/pkg/protocol.(*Handler).tryAdvanceRound()
      /Users/z/work/lux/threshold/pkg/protocol/handler.go:589 +0x29c
  github.com/luxfi/threshold/pkg/protocol.(*Handler).processMessage()
      /Users/z/work/lux/threshold/pkg/protocol/handler.go:474 +0xb70
  github.com/luxfi/threshold/pkg/protocol.(*Handler).messageWorker()
      /Users/z/work/lux/threshold/pkg/protocol/handler.go:408 +0x338
  github.com/luxfi/threshold/pkg/protocol.(*Handler).startWorkers.gowrap1()
      /Users/z/work/lux/threshold/pkg/protocol/handler.go:355 +0x44

Previous write at 0x00c0005ae8dc by goroutine 754:
  ??()
      -:0 +0x104ad5eb0
  sync/atomic.AddInt32()
      <autogenerated>:1 +0x14
  sync.(*Mutex).Unlock()
      /opt/homebrew/Cellar/go/1.24.6/libexec/src/sync/mutex.go:65 +0x2c
  github.com/luxfi/threshold/protocols/frost/keygen.(*round2).StoreBroadcastMessage()
      /Users/z/work/lux/threshold/protocols/frost/keygen/round2.go:62 +0x78
  github.com/luxfi/threshold/pkg/protocol.(*Handler).verifyBroadcastForRound()
      /Users/z/work/lux/threshold/pkg/protocol/handler.go:1277 +0x3a0
  github.com/luxfi/threshold/pkg/protocol.(*Handler).retryUnprocessedMessages()
      /Users/z/work/lux/threshold/pkg/protocol/handler.go:1483 +0x22c
  github.com/luxfi/threshold/pkg/protocol.(*Handler).tryAdvanceRound()
      /Users/z/work/lux/threshold/pkg/protocol/handler.go:587 +0x28c
  github.com/luxfi/threshold/pkg/protocol.(*Handler).processMessage()
      /Users/z/work/lux/threshold/pkg/protocol/handler.go:486 +0xbb0
  github.com/luxfi/threshold/pkg/protocol.(*Handler).messageWorker()
      /Users/z/work/lux/threshold/pkg/protocol/handler.go:408 +0x338
  github.com/luxfi/threshold/pkg/protocol.(*Handler).startWorkers.gowrap2()
      /Users/z/work/lux/threshold/pkg/protocol/handler.go:361 +0x44

Goroutine 750 (running) created at:
  github.com/luxfi/threshold/pkg/protocol.(*Handler).startWorkers()
      /Users/z/work/lux/threshold/pkg/protocol/handler.go:355 +0x27c
  github.com/luxfi/threshold/pkg/protocol.NewHandler()
      /Users/z/work/lux/threshold/pkg/protocol/handler.go:247 +0xf10
  github.com/luxfi/threshold/internal/test.(*Harness).CreateHandler()
      /Users/z/work/lux/threshold/internal/test/harness.go:91 +0x2e4
  github.com/luxfi/threshold/internal/test.RunProtocol()
      /Users/z/work/lux/threshold/internal/test/harness.go:270 +0x230
  github.com/luxfi/threshold/protocols/frost.TestVerificationShareReconstruction()
      /Users/z/work/lux/threshold/protocols/frost/verification_shares_test.go:21 +0x114
2025-08-15T22:12:56.388-0500	DEBUG	protocol/handler.go:1591	have processed broadcast	{"{round 20 2  <nil>}": {"Key":"from","Type":15,"Integer":0,"String":"a","Interface":null}}
2025-08-15T22:12:56.410-0500	DEBUG	protocol/handler.go:1591	have processed broadcast	{"{round 20 2  <nil>}": {"Key":"from","Type":15,"Integer":0,"String":"c","Interface":null}}
2025-08-15T22:12:56.410-0500	DEBUG	protocol/handler.go:1591	have processed broadcast	{"{round 20 2  <nil>}": {"Key":"from","Type":15,"Integer":0,"String":"d","Interface":null}}
2025-08-15T22:12:56.410-0500	DEBUG	protocol/handler.go:1600	waiting for broadcasts	{"{round 20 2  <nil>}": {"Key":"missing","Type":15,"Integer":0,"String":"[e]","Interface":null}}
  testing.tRunner()
      /opt/homebrew/Cellar/go/1.24.6/libexec/src/testing/testing.go:1792 +0x180
  testing.(*T).Run.gowrap1()
      /opt/homebrew/Cellar/go/1.24.6/libexec/src/testing/testing.go:1851 +0x40

Goroutine 754 (running) created at:
  github.com/luxfi/threshold/pkg/protocol.(*Handler).startWorkers()
      /Users/z/work/lux/threshold/pkg/protocol/handler.go:361 +0x334
  github.com/luxfi/threshold/pkg/protocol.NewHandler()
      /Users/z/work/lux/threshold/pkg/protocol/handler.go:247 +0xf10
  github.com/luxfi/threshold/internal/test.(*Harness).CreateHandler()
      /Users/z/work/lux/threshold/internal/test/harness.go:91 +0x2e4
  github.com/luxfi/threshold/internal/test.RunProtocol()
      /Users/z/work/lux/threshold/internal/test/harness.go:270 +0x230
  github.com/luxfi/threshold/protocols/frost.TestVerificationShareReconstruction()
      /Users/z/work/lux/threshold/protocols/frost/verification_shares_test.go:21 +0x114
  testing.tRunner()
      /opt/homebrew/Cellar/go/1.24.6/libexec/src/testing/testing.go:1792 +0x180
  testing.(*T).Run.gowrap1()
      /opt/homebrew/Cellar/go/1.24.6/libexec/src/testing/testing.go:1851 +0x40
==================
2025-08-15T22:12:56.411-0500	DEBUG	protocol/handler.go:432	processMessage: p2p round 3 START	{"{from 15 0 c <nil>}": {"Key":"to","Type":15,"Integer":0,"String":"e","Interface":null}}
2025-08-15T22:12:56.411-0500	DEBUG	protocol/handler.go:437	processing message	{"{from 15 0 c <nil>}": {"Key":"to","Type":15,"Integer":0,"String":"e","Interface":null}, "{round 20 3  <nil>}": {"Key":"broadcast","Type":4,"Integer":0,"String":"","Interface":null}}
2025-08-15T22:12:56.411-0500	DEBUG	protocol/handler.go:1662	storing message	{"{round 20 3  <nil>}": {"Key":"from","Type":15,"Integer":0,"String":"c","Interface":null}}
2025-08-15T22:12:56.411-0500	DEBUG	protocol/handler.go:470	message for different round (buffering)	{"{msg_round 20 3  <nil>}": {"Key":"current_round","Type":20,"Integer":2,"String":"","Interface":null}}
2025-08-15T22:12:56.411-0500	DEBUG	protocol/handler.go:581	tryAdvanceRound called	{"{current_round 20 2  <nil>}": {"Key":"self","Type":15,"Integer":0,"String":"e","Interface":null}}
==================
WARNING: DATA RACE
Read at 0x00c0005ae8a8 by goroutine 757:
  github.com/luxfi/threshold/protocols/frost/keygen.(*round2).Number()
      <autogenerated>:1 +0x38
  github.com/luxfi/threshold/pkg/protocol.(*Handler).roundProcessor()
      /Users/z/work/lux/threshold/pkg/protocol/handler.go:550 +0x1d4
  github.com/luxfi/threshold/pkg/protocol.(*Handler).startWorkers.func1()
      /Users/z/work/lux/threshold/pkg/protocol/handler.go:374 +0x78

Previous write at 0x00c0005ae8ac by goroutine 811:
  ??()
      -:0 +0x104ad5eb0
  sync/atomic.AddInt32()
      <autogenerated>:1 +0x14
  internal/sync.(*HashTrieMap[go.shape.interface {},go.shape.interface {}]).initSlow.deferwrap1()
      /opt/homebrew/Cellar/go/1.24.6/libexec/src/internal/sync/hashtriemap.go:39 +0x34
  runtime.deferreturn()
      /opt/homebrew/Cellar/go/1.24.6/libexec/src/runtime/panic.go:610 +0x5c
  internal/sync.(*HashTrieMap[go.shape.interface {},go.shape.interface {}]).init()
      /opt/homebrew/Cellar/go/1.24.6/libexec/src/internal/sync/hashtriemap.go:32 +0x44
  internal/sync.(*HashTrieMap[go.shape.interface {},go.shape.interface {}]).Swap()
      /opt/homebrew/Cellar/go/1.24.6/libexec/src/internal/sync/hashtriemap.go:206 +0x54
  internal/sync.(*HashTrieMap[go.shape.interface {},go.shape.interface {}]).Store()
      /opt/homebrew/Cellar/go/1.24.6/libexec/src/internal/sync/hashtriemap.go:200 +0x54
  sync.(*Map).Store()
      /opt/homebrew/Cellar/go/1.24.6/libexec/src/sync/hashtriemap.go:55 +0x54
  github.com/luxfi/threshold/protocols/frost/keygen.(*round2).StoreBroadcastMessage()
      /Users/z/work/lux/threshold/protocols/frost/keygen/round2.go:117 +0x56c
  github.com/luxfi/threshold/pkg/protocol.(*Handler).verifyBroadcastForRound()
      /Users/z/work/lux/threshold/pkg/protocol/handler.go:1277 +0x3a0
  github.com/luxfi/threshold/pkg/protocol.(*Handler).processQueuedMessages()
      /Users/z/work/lux/threshold/pkg/protocol/handler.go:1542 +0x404
  github.com/luxfi/threshold/pkg/protocol.(*Handler).tryAdvanceRound.gowrap2()
      /Users/z/work/lux/threshold/pkg/protocol/handler.go:673 +0x40

Goroutine 757 (running) created at:
  github.com/luxfi/threshold/pkg/protocol.(*Handler).startWorkers()
      /Users/z/work/lux/threshold/pkg/protocol/handler.go:372 +0x4fc
  github.com/luxfi/threshold/pkg/protocol.NewHandler()
      /Users/z/work/lux/threshold/pkg/protocol/handler.go:247 +0xf10
  github.com/luxfi/threshold/internal/test.(*Harness).CreateHandler()
      /Users/z/work/lux/threshold/internal/test/harness.go:91 +0x2e4
  github.com/luxfi/threshold/internal/test.RunProtocol()
      /Users/z/work/lux/threshold/internal/test/harness.go:270 +0x230
  github.com/luxfi/threshold/protocols/frost.TestVerificationShareReconstruction()
      /Users/z/work/lux/threshold/protocols/frost/verification_shares_test.go:21 +0x114
  testing.tRunner()
      /opt/homebrew/Cellar/go/1.24.6/libexec/src/testing/testing.go:1792 +0x180
  testing.(*T).Run.gowrap1()
      /opt/homebrew/Cellar/go/1.24.6/libexec/src/testing/testing.go:1851 +0x40

Goroutine 811 (running) created at:
  github.com/luxfi/threshold/pkg/protocol.(*Handler).tryAdvanceRound()
      /Users/z/work/lux/threshold/pkg/protocol/handler.go:673 +0x12e4
  github.com/luxfi/threshold/pkg/protocol.(*Handler).processMessage()
      /Users/z/work/lux/threshold/pkg/protocol/handler.go:474 +0xb70
  github.com/luxfi/threshold/pkg/protocol.(*Handler).messageWorker()
      /Users/z/work/lux/threshold/pkg/protocol/handler.go:408 +0x338
  github.com/luxfi/threshold/pkg/protocol.(*Handler).startWorkers.gowrap2()
      /Users/z/work/lux/threshold/pkg/protocol/handler.go:361 +0x44
==================
2025-08-15T22:12:56.412-0500	INFO	protocol/handler.go:560	advanced to round
2025-08-15T22:12:56.412-0500	DEBUG	protocol/handler.go:581	tryAdvanceRound called	{"{current_round 20 2  <nil>}": {"Key":"self","Type":15,"Integer":0,"String":"d","Interface":null}}
==================
WARNING: DATA RACE
Read at 0x00c000a06598 by goroutine 676:
  github.com/luxfi/threshold/protocols/frost/keygen.(*round2).Number()
      <autogenerated>:1 +0x38
  github.com/luxfi/threshold/pkg/protocol.(*Handler).roundProcessor()
      /Users/z/work/lux/threshold/pkg/protocol/handler.go:550 +0x1d4
  github.com/luxfi/threshold/pkg/protocol.(*Handler).startWorkers.func1()
      /Users/z/work/lux/threshold/pkg/protocol/handler.go:374 +0x78

Previous write at 0x00c000a0659c by goroutine 674:
  ??()
      -:0 +0x104ad5eb0
  sync/atomic.AddInt32()
      <autogenerated>:1 +0x14
  sync.(*Mutex).Unlock()
      /opt/homebrew/Cellar/go/1.24.6/libexec/src/sync/mutex.go:65 +0x2c
  github.com/luxfi/threshold/protocols/frost/keygen.(*round2).StoreBroadcastMessage()
      /Users/z/work/lux/threshold/protocols/frost/keygen/round2.go:62 +0x78
  github.com/luxfi/threshold/pkg/protocol.(*Handler).verifyBroadcastForRound()
      /Users/z/work/lux/threshold/pkg/protocol/handler.go:1277 +0x3a0
  github.com/luxfi/threshold/pkg/protocol.(*Handler).retryUnprocessedMessages()
      /Users/z/work/lux/threshold/pkg/protocol/handler.go:1483 +0x22c
  github.com/luxfi/threshold/pkg/protocol.(*Handler).tryAdvanceRound()
      /Users/z/work/lux/threshold/pkg/protocol/handler.go:587 +0x28c
  github.com/luxfi/threshold/pkg/protocol.(*Handler).processMessage()
      /Users/z/work/lux/threshold/pkg/protocol/handler.go:474 +0xb70
  github.com/luxfi/threshold/pkg/protocol.(*Handler).messageWorker()
      /Users/z/work/lux/threshold/pkg/protocol/handler.go:408 +0x338
  github.com/luxfi/threshold/pkg/protocol.(*Handler).startWorkers.gowrap2()
      /Users/z/work/lux/threshold/pkg/protocol/handler.go:361 +0x44

Goroutine 676 (running) created at:
  github.com/luxfi/threshold/pkg/protocol.(*Handler).startWorkers()
      /Users/z/work/lux/threshold/pkg/protocol/handler.go:372 +0x4fc
  github.com/luxfi/threshold/pkg/protocol.NewHandler()
      /Users/z/work/lux/threshold/pkg/protocol/handler.go:247 +0xf10
  github.com/luxfi/threshold/internal/test.(*Harness).CreateHandler()
      /Users/z/work/lux/threshold/internal/test/harness.go:91 +0x2e4
  github.com/luxfi/threshold/internal/test.RunProtocol()
      /Users/z/work/lux/threshold/internal/test/harness.go:270 +0x230
  github.com/luxfi/threshold/protocols/frost.TestVerificationShareReconstruction()
      /Users/z/work/lux/threshold/protocols/frost/verification_shares_test.go:21 +0x114
  testing.tRunner()
      /opt/homebrew/Cellar/go/1.24.6/libexec/src/testing/testing.go:1792 +0x180
  testing.(*T).Run.gowrap1()
      /opt/homebrew/Cellar/go/1.24.6/libexec/src/testing/testing.go:1851 +0x40

Goroutine 674 (running) created at:
  github.com/luxfi/threshold/pkg/protocol.(*Handler).startWorkers()
      /Users/z/work/lux/threshold/pkg/protocol/handler.go:361 +0x334
  github.com/luxfi/threshold/pkg/protocol.NewHandler()
      /Users/z/work/lux/threshold/pkg/protocol/handler.go:247 +0xf10
  github.com/luxfi/threshold/internal/test.(*Harness).CreateHandler()
      /Users/z/work/lux/threshold/internal/test/harness.go:91 +0x2e4
  github.com/luxfi/threshold/internal/test.RunProtocol()
      /Users/z/work/lux/threshold/internal/test/harness.go:270 +0x230
  github.com/luxfi/threshold/protocols/frost.TestVerificationShareReconstruction()
      /Users/z/work/lux/threshold/protocols/frost/verification_shares_test.go:21 +0x114
  testing.tRunner()
      /opt/homebrew/Cellar/go/1.24.6/libexec/src/testing/testing.go:1792 +0x180
  testing.(*T).Run.gowrap1()
      /opt/homebrew/Cellar/go/1.24.6/libexec/src/testing/testing.go:1851 +0x40
==================
2025-08-15T22:12:56.412-0500	DEBUG	protocol/handler.go:581	tryAdvanceRound called	{"{current_round 20 2  <nil>}": {"Key":"self","Type":15,"Integer":0,"String":"a","Interface":null}}
2025-08-15T22:12:56.412-0500	DEBUG	protocol/handler.go:1591	have processed broadcast	{"{round 20 2  <nil>}": {"Key":"from","Type":15,"Integer":0,"String":"a","Interface":null}}
2025-08-15T22:12:56.412-0500	DEBUG	protocol/handler.go:1591	have processed broadcast	{"{round 20 2  <nil>}": {"Key":"from","Type":15,"Integer":0,"String":"b","Interface":null}}
2025-08-15T22:12:56.413-0500	DEBUG	protocol/handler.go:1591	have processed broadcast	{"{round 20 2  <nil>}": {"Key":"from","Type":15,"Integer":0,"String":"c","Interface":null}}
2025-08-15T22:12:56.413-0500	DEBUG	protocol/handler.go:1591	have processed broadcast	{"{round 20 2  <nil>}": {"Key":"from","Type":15,"Integer":0,"String":"e","Interface":null}}
2025-08-15T22:12:56.413-0500	DEBUG	protocol/handler.go:1649	have all messages and processed	{"{round 20 2  <nil>}": {"Key":"self","Type":15,"Integer":0,"String":"d","Interface":null}}
2025-08-15T22:12:56.413-0500	DEBUG	protocol/handler.go:619	finalizing round
2025-08-15T22:12:56.413-0500	DEBUG	protocol/handler.go:1039	sendRoundMessage	{"{from 15 0 d <nil>}": {"Key":"to","Type":15,"Integer":0,"String":"","Interface":null}, "{round 20 3  <nil>}": {"Key":"broadcast","Type":4,"Integer":1,"String":"","Interface":null}}
2025-08-15T22:12:56.413-0500	DEBUG	protocol/handler.go:1657	storing broadcast	{"{round 20 3  <nil>}": {"Key":"from","Type":15,"Integer":0,"String":"d","Interface":null}}
2025-08-15T22:12:56.413-0500	DEBUG	protocol/handler.go:1081	sent message to output channel	{"{from 15 0 d <nil>}": {"Key":"to","Type":15,"Integer":0,"String":"","Interface":null}, "{round 20 3  <nil>}": {"Key":"broadcast","Type":4,"Integer":1,"String":"","Interface":null}}
2025-08-15T22:12:56.413-0500	DEBUG	protocol/handler.go:1039	sendRoundMessage	{"{from 15 0 d <nil>}": {"Key":"to","Type":15,"Integer":0,"String":"a","Interface":null}, "{round 20 3  <nil>}": {"Key":"broadcast","Type":4,"Integer":0,"String":"","Interface":null}}
2025-08-15T22:12:56.413-0500	DEBUG	protocol/handler.go:1081	sent message to output channel	{"{from 15 0 d <nil>}": {"Key":"to","Type":15,"Integer":0,"String":"a","Interface":null}, "{round 20 3  <nil>}": {"Key":"broadcast","Type":4,"Integer":0,"String":"","Interface":null}}
2025-08-15T22:12:56.413-0500	DEBUG	protocol/handler.go:1039	sendRoundMessage	{"{from 15 0 d <nil>}": {"Key":"to","Type":15,"Integer":0,"String":"b","Interface":null}, "{round 20 3  <nil>}": {"Key":"broadcast","Type":4,"Integer":0,"String":"","Interface":null}}
2025-08-15T22:12:56.413-0500	DEBUG	protocol/handler.go:1081	sent message to output channel	{"{from 15 0 d <nil>}": {"Key":"to","Type":15,"Integer":0,"String":"b","Interface":null}, "{round 20 3  <nil>}": {"Key":"broadcast","Type":4,"Integer":0,"String":"","Interface":null}}
2025-08-15T22:12:56.413-0500	DEBUG	protocol/handler.go:1039	sendRoundMessage	{"{from 15 0 d <nil>}": {"Key":"to","Type":15,"Integer":0,"String":"c","Interface":null}, "{round 20 3  <nil>}": {"Key":"broadcast","Type":4,"Integer":0,"String":"","Interface":null}}
2025-08-15T22:12:56.414-0500	DEBUG	protocol/handler.go:1081	sent message to output channel	{"{from 15 0 d <nil>}": {"Key":"to","Type":15,"Integer":0,"String":"c","Interface":null}, "{round 20 3  <nil>}": {"Key":"broadcast","Type":4,"Integer":0,"String":"","Interface":null}}
2025-08-15T22:12:56.414-0500	DEBUG	protocol/handler.go:1039	sendRoundMessage	{"{from 15 0 d <nil>}": {"Key":"to","Type":15,"Integer":0,"String":"e","Interface":null}, "{round 20 3  <nil>}": {"Key":"broadcast","Type":4,"Integer":0,"String":"","Interface":null}}
2025-08-15T22:12:56.414-0500	DEBUG	protocol/handler.go:1081	sent message to output channel	{"{from 15 0 d <nil>}": {"Key":"to","Type":15,"Integer":0,"String":"e","Interface":null}, "{round 20 3  <nil>}": {"Key":"broadcast","Type":4,"Integer":0,"String":"","Interface":null}}
2025-08-15T22:12:56.414-0500	DEBUG	protocol/handler.go:1182	finalized round messages	{"{round 20 2  <nil>}": {"Key":"messages","Type":11,"Integer":5,"String":"","Interface":null}}
2025-08-15T22:12:56.414-0500	DEBUG	protocol/handler.go:1239	finalize returned next round	{"{current 20 2  <nil>}": {"Key":"next","Type":20,"Integer":3,"String":"","Interface":null}}
2025-08-15T22:12:56.414-0500	INFO	protocol/handler.go:642	storing new currentRound	{"{from 20 2  <nil>}": {"Key":"to","Type":20,"Integer":3,"String":"","Interface":null}}
2025-08-15T22:12:56.414-0500	DEBUG	protocol/handler.go:1503	processing queued messages
2025-08-15T22:12:56.414-0500	INFO	protocol/handler.go:560	advanced to round
2025-08-15T22:12:56.414-0500	DEBUG	protocol/handler.go:581	tryAdvanceRound called	{"{current_round 20 3  <nil>}": {"Key":"self","Type":15,"Integer":0,"String":"d","Interface":null}}
2025-08-15T22:12:56.414-0500	DEBUG	protocol/handler.go:1306	waiting for broadcast before normal message
2025-08-15T22:12:56.414-0500	DEBUG	protocol/handler.go:1600	waiting for broadcasts	{"{round 20 3  <nil>}": {"Key":"missing","Type":15,"Integer":0,"String":"[a b c e]","Interface":null}}
2025-08-15T22:12:56.414-0500	DEBUG	protocol/handler.go:1503	processing queued messages
2025-08-15T22:12:56.414-0500	DEBUG	protocol/handler.go:1503	processing queued messages
2025-08-15T22:12:56.414-0500	DEBUG	protocol/handler.go:1591	have processed broadcast	{"{round 20 2  <nil>}": {"Key":"from","Type":15,"Integer":0,"String":"a","Interface":null}}
2025-08-15T22:12:56.415-0500	DEBUG	protocol/handler.go:1591	have processed broadcast	{"{round 20 2  <nil>}": {"Key":"from","Type":15,"Integer":0,"String":"b","Interface":null}}
2025-08-15T22:12:56.415-0500	DEBUG	protocol/handler.go:581	tryAdvanceRound called	{"{current_round 20 2  <nil>}": {"Key":"self","Type":15,"Integer":0,"String":"a","Interface":null}}
2025-08-15T22:12:56.416-0500	DEBUG	protocol/handler.go:1591	have processed broadcast	{"{round 20 2  <nil>}": {"Key":"from","Type":15,"Integer":0,"String":"b","Interface":null}}
2025-08-15T22:12:56.416-0500	DEBUG	protocol/handler.go:1591	have processed broadcast	{"{round 20 2  <nil>}": {"Key":"from","Type":15,"Integer":0,"String":"c","Interface":null}}
2025-08-15T22:12:56.416-0500	DEBUG	protocol/handler.go:1591	have processed broadcast	{"{round 20 2  <nil>}": {"Key":"from","Type":15,"Integer":0,"String":"d","Interface":null}}
2025-08-15T22:12:56.416-0500	DEBUG	protocol/handler.go:1591	have processed broadcast	{"{round 20 2  <nil>}": {"Key":"from","Type":15,"Integer":0,"String":"e","Interface":null}}
2025-08-15T22:12:56.416-0500	DEBUG	protocol/handler.go:1649	have all messages and processed	{"{round 20 2  <nil>}": {"Key":"self","Type":15,"Integer":0,"String":"a","Interface":null}}
2025-08-15T22:12:56.416-0500	DEBUG	protocol/handler.go:619	finalizing round
2025-08-15T22:12:56.416-0500	DEBUG	protocol/handler.go:1039	sendRoundMessage	{"{from 15 0 a <nil>}": {"Key":"to","Type":15,"Integer":0,"String":"","Interface":null}, "{round 20 3  <nil>}": {"Key":"broadcast","Type":4,"Integer":1,"String":"","Interface":null}}
2025-08-15T22:12:56.416-0500	DEBUG	protocol/handler.go:1657	storing broadcast	{"{round 20 3  <nil>}": {"Key":"from","Type":15,"Integer":0,"String":"a","Interface":null}}
2025-08-15T22:12:56.416-0500	DEBUG	protocol/handler.go:1081	sent message to output channel	{"{from 15 0 a <nil>}": {"Key":"to","Type":15,"Integer":0,"String":"","Interface":null}, "{round 20 3  <nil>}": {"Key":"broadcast","Type":4,"Integer":1,"String":"","Interface":null}}
2025-08-15T22:12:56.416-0500	DEBUG	protocol/handler.go:1039	sendRoundMessage	{"{from 15 0 a <nil>}": {"Key":"to","Type":15,"Integer":0,"String":"b","Interface":null}, "{round 20 3  <nil>}": {"Key":"broadcast","Type":4,"Integer":0,"String":"","Interface":null}}
2025-08-15T22:12:56.416-0500	DEBUG	protocol/handler.go:1081	sent message to output channel	{"{from 15 0 a <nil>}": {"Key":"to","Type":15,"Integer":0,"String":"b","Interface":null}, "{round 20 3  <nil>}": {"Key":"broadcast","Type":4,"Integer":0,"String":"","Interface":null}}
2025-08-15T22:12:56.416-0500	DEBUG	protocol/handler.go:1039	sendRoundMessage	{"{from 15 0 a <nil>}": {"Key":"to","Type":15,"Integer":0,"String":"c","Interface":null}, "{round 20 3  <nil>}": {"Key":"broadcast","Type":4,"Integer":0,"String":"","Interface":null}}
2025-08-15T22:12:56.417-0500	DEBUG	protocol/handler.go:1081	sent message to output channel	{"{from 15 0 a <nil>}": {"Key":"to","Type":15,"Integer":0,"String":"c","Interface":null}, "{round 20 3  <nil>}": {"Key":"broadcast","Type":4,"Integer":0,"String":"","Interface":null}}
2025-08-15T22:12:56.417-0500	DEBUG	protocol/handler.go:1039	sendRoundMessage	{"{from 15 0 a <nil>}": {"Key":"to","Type":15,"Integer":0,"String":"d","Interface":null}, "{round 20 3  <nil>}": {"Key":"broadcast","Type":4,"Integer":0,"String":"","Interface":null}}
2025-08-15T22:12:56.417-0500	DEBUG	protocol/handler.go:1081	sent message to output channel	{"{from 15 0 a <nil>}": {"Key":"to","Type":15,"Integer":0,"String":"d","Interface":null}, "{round 20 3  <nil>}": {"Key":"broadcast","Type":4,"Integer":0,"String":"","Interface":null}}
2025-08-15T22:12:56.417-0500	DEBUG	protocol/handler.go:1039	sendRoundMessage	{"{from 15 0 a <nil>}": {"Key":"to","Type":15,"Integer":0,"String":"e","Interface":null}, "{round 20 3  <nil>}": {"Key":"broadcast","Type":4,"Integer":0,"String":"","Interface":null}}
2025-08-15T22:12:56.417-0500	DEBUG	protocol/handler.go:1081	sent message to output channel	{"{from 15 0 a <nil>}": {"Key":"to","Type":15,"Integer":0,"String":"e","Interface":null}, "{round 20 3  <nil>}": {"Key":"broadcast","Type":4,"Integer":0,"String":"","Interface":null}}
2025-08-15T22:12:56.417-0500	DEBUG	protocol/handler.go:1182	finalized round messages	{"{round 20 2  <nil>}": {"Key":"messages","Type":11,"Integer":5,"String":"","Interface":null}}
2025-08-15T22:12:56.417-0500	DEBUG	protocol/handler.go:1239	finalize returned next round	{"{current 20 2  <nil>}": {"Key":"next","Type":20,"Integer":3,"String":"","Interface":null}}
2025-08-15T22:12:56.417-0500	INFO	protocol/handler.go:642	storing new currentRound	{"{from 20 2  <nil>}": {"Key":"to","Type":20,"Integer":3,"String":"","Interface":null}}
2025-08-15T22:12:56.417-0500	DEBUG	protocol/handler.go:1503	processing queued messages
2025-08-15T22:12:56.417-0500	DEBUG	protocol/handler.go:1503	processing queued messages
==================
WARNING: DATA RACE
Read at 0x00c0005ae8d8 by goroutine 754:
  github.com/luxfi/threshold/protocols/frost/keygen.(*round2).Number()
      <autogenerated>:1 +0x38
  github.com/luxfi/threshold/pkg/protocol.(*Handler).hasAllMessages()
      /Users/z/work/lux/threshold/pkg/protocol/handler.go:1570 +0x40
  github.com/luxfi/threshold/pkg/protocol.(*Handler).tryAdvanceRound()
      /Users/z/work/lux/threshold/pkg/protocol/handler.go:589 +0x29c
  github.com/luxfi/threshold/pkg/protocol.(*Handler).processMessage()
      /Users/z/work/lux/threshold/pkg/protocol/handler.go:486 +0xbb0
  github.com/luxfi/threshold/pkg/protocol.(*Handler).messageWorker()
      /Users/z/work/lux/threshold/pkg/protocol/handler.go:408 +0x338
  github.com/luxfi/threshold/pkg/protocol.(*Handler).startWorkers.gowrap2()
      /Users/z/work/lux/threshold/pkg/protocol/handler.go:361 +0x44

Previous write at 0x00c0005ae8dc by goroutine 815:
  ??()
      -:0 +0x104ad5eb0
  sync/atomic.AddInt32()
      <autogenerated>:1 +0x14
  sync.(*Mutex).Unlock()
      /opt/homebrew/Cellar/go/1.24.6/libexec/src/sync/mutex.go:65 +0x2c
  github.com/luxfi/threshold/protocols/frost/keygen.(*round2).Finalize()
      /Users/z/work/lux/threshold/protocols/frost/keygen/round2.go:159 +0x7a0
  github.com/luxfi/threshold/pkg/protocol.(*Handler).finalizeRound.func1()
      /Users/z/work/lux/threshold/pkg/protocol/handler.go:1163 +0xe4

Goroutine 754 (running) created at:
  github.com/luxfi/threshold/pkg/protocol.(*Handler).startWorkers()
      /Users/z/work/lux/threshold/pkg/protocol/handler.go:361 +0x334
  github.com/luxfi/threshold/pkg/protocol.NewHandler()
      /Users/z/work/lux/threshold/pkg/protocol/handler.go:247 +0xf10
  github.com/luxfi/threshold/internal/test.(*Harness).CreateHandler()
      /Users/z/work/lux/threshold/internal/test/harness.go:91 +0x2e4
  github.com/luxfi/threshold/internal/test.RunProtocol()
      /Users/z/work/lux/threshold/internal/test/harness.go:270 +0x230
  github.com/luxfi/threshold/protocols/frost.TestVerificationShareReconstruction()
      /Users/z/work/lux/threshold/protocols/frost/verification_shares_test.go:21 +0x114
  testing.tRunner()
      /opt/homebrew/Cellar/go/1.24.6/libexec/src/testing/testing.go:1792 +0x180
  testing.(*T).Run.gowrap1()
      /opt/homebrew/Cellar/go/1.24.6/libexec/src/testing/testing.go:1851 +0x40

Goroutine 815 (finished) created at:
  github.com/luxfi/threshold/pkg/protocol.(*Handler).finalizeRound()
      /Users/z/work/lux/threshold/pkg/protocol/handler.go:1160 +0x26c
  github.com/luxfi/threshold/pkg/protocol.(*Handler).tryAdvanceRound()
      /Users/z/work/lux/threshold/pkg/protocol/handler.go:622 +0xae4
  github.com/luxfi/threshold/pkg/protocol.(*Handler).roundProcessor()
      /Users/z/work/lux/threshold/pkg/protocol/handler.go:569 +0xb4
  github.com/luxfi/threshold/pkg/protocol.(*Handler).startWorkers.func1()
      /Users/z/work/lux/threshold/pkg/protocol/handler.go:374 +0x78
==================
2025-08-15T22:12:56.418-0500	DEBUG	protocol/handler.go:1591	have processed broadcast	{"{round 20 2  <nil>}": {"Key":"from","Type":15,"Integer":0,"String":"a","Interface":null}}
2025-08-15T22:12:56.415-0500	DEBUG	protocol/handler.go:1591	have processed broadcast	{"{round 20 2  <nil>}": {"Key":"from","Type":15,"Integer":0,"String":"c","Interface":null}}
2025-08-15T22:12:56.418-0500	DEBUG	protocol/handler.go:1591	have processed broadcast	{"{round 20 2  <nil>}": {"Key":"from","Type":15,"Integer":0,"String":"e","Interface":null}}
2025-08-15T22:12:56.418-0500	DEBUG	protocol/handler.go:1649	have all messages and processed	{"{round 20 2  <nil>}": {"Key":"self","Type":15,"Integer":0,"String":"d","Interface":null}}
2025-08-15T22:12:56.418-0500	DEBUG	protocol/handler.go:596	round already finalized
2025-08-15T22:12:56.418-0500	DEBUG	protocol/handler.go:581	tryAdvanceRound called	{"{current_round 20 2  <nil>}": {"Key":"self","Type":15,"Integer":0,"String":"b","Interface":null}}
2025-08-15T22:12:56.418-0500	DEBUG	protocol/handler.go:600	current round already advanced	{"{checking 20 2  <nil>}": {"Key":"current","Type":20,"Integer":3,"String":"","Interface":null}}
2025-08-15T22:12:56.418-0500	DEBUG	protocol/handler.go:1591	have processed broadcast	{"{round 20 2  <nil>}": {"Key":"from","Type":15,"Integer":0,"String":"b","Interface":null}}
2025-08-15T22:12:56.418-0500	DEBUG	protocol/handler.go:1591	have processed broadcast	{"{round 20 2  <nil>}": {"Key":"from","Type":15,"Integer":0,"String":"c","Interface":null}}
2025-08-15T22:12:56.419-0500	DEBUG	protocol/handler.go:432	processMessage: p2p round 3 START	{"{from 15 0 c <nil>}": {"Key":"to","Type":15,"Integer":0,"String":"a","Interface":null}}
2025-08-15T22:12:56.419-0500	DEBUG	protocol/handler.go:437	processing message	{"{from 15 0 c <nil>}": {"Key":"to","Type":15,"Integer":0,"String":"a","Interface":null}, "{round 20 3  <nil>}": {"Key":"broadcast","Type":4,"Integer":0,"String":"","Interface":null}}
2025-08-15T22:12:56.419-0500	DEBUG	protocol/handler.go:1662	storing message	{"{round 20 3  <nil>}": {"Key":"from","Type":15,"Integer":0,"String":"c","Interface":null}}
2025-08-15T22:12:56.419-0500	DEBUG	protocol/handler.go:1591	have processed broadcast	{"{round 20 2  <nil>}": {"Key":"from","Type":15,"Integer":0,"String":"e","Interface":null}}
2025-08-15T22:12:56.419-0500	DEBUG	protocol/handler.go:1649	have all messages and processed	{"{round 20 2  <nil>}": {"Key":"self","Type":15,"Integer":0,"String":"d","Interface":null}}
2025-08-15T22:12:56.419-0500	DEBUG	protocol/handler.go:581	tryAdvanceRound called	{"{current_round 20 3  <nil>}": {"Key":"self","Type":15,"Integer":0,"String":"a","Interface":null}}
2025-08-15T22:12:56.419-0500	DEBUG	protocol/handler.go:1591	have processed broadcast	{"{round 20 2  <nil>}": {"Key":"from","Type":15,"Integer":0,"String":"b","Interface":null}}
2025-08-15T22:12:56.419-0500	DEBUG	protocol/handler.go:1591	have processed broadcast	{"{round 20 2  <nil>}": {"Key":"from","Type":15,"Integer":0,"String":"c","Interface":null}}
2025-08-15T22:12:56.419-0500	DEBUG	protocol/handler.go:1591	have processed broadcast	{"{round 20 2  <nil>}": {"Key":"from","Type":15,"Integer":0,"String":"d","Interface":null}}
2025-08-15T22:12:56.419-0500	DEBUG	protocol/handler.go:1591	have processed broadcast	{"{round 20 2  <nil>}": {"Key":"from","Type":15,"Integer":0,"String":"e","Interface":null}}
2025-08-15T22:12:56.419-0500	DEBUG	protocol/handler.go:596	round already finalized
2025-08-15T22:12:56.420-0500	DEBUG	protocol/handler.go:600	current round already advanced	{"{checking 20 2  <nil>}": {"Key":"current","Type":20,"Integer":3,"String":"","Interface":null}}
2025-08-15T22:12:56.418-0500	DEBUG	protocol/handler.go:432	processMessage: p2p round 3 START	{"{from 15 0 a <nil>}": {"Key":"to","Type":15,"Integer":0,"String":"b","Interface":null}}
==================
WARNING: DATA RACE
Write at 0x00c000a0659c by goroutine 818:
  ??()
      -:0 +0x104ada650
  sync/atomic.CompareAndSwapInt32()
      <autogenerated>:1 +0x18
  sync.(*Mutex).Lock()
      /opt/homebrew/Cellar/go/1.24.6/libexec/src/sync/mutex.go:46 +0x2c
  github.com/luxfi/threshold/protocols/frost/keygen.(*round2).StoreBroadcastMessage()
      /Users/z/work/lux/threshold/protocols/frost/keygen/round2.go:57 +0x58
  github.com/luxfi/threshold/pkg/protocol.(*Handler).verifyBroadcastForRound()
      /Users/z/work/lux/threshold/pkg/protocol/handler.go:1277 +0x3a0
  github.com/luxfi/threshold/pkg/protocol.(*Handler).processQueuedMessages()
      /Users/z/work/lux/threshold/pkg/protocol/handler.go:1513 +0x718
  github.com/luxfi/threshold/pkg/protocol.(*Handler).tryAdvanceRound.gowrap2()
      /Users/z/work/lux/threshold/pkg/protocol/handler.go:673 +0x40

2025-08-15T22:12:56.420-0500	DEBUG	protocol/handler.go:437	processing message	{"{from 15 0 a <nil>}": {"Key":"to","Type":15,"Integer":0,"String":"b","Interface":null}, "{round 20 3  <nil>}": {"Key":"broadcast","Type":4,"Integer":0,"String":"","Interface":null}}
2025-08-15T22:12:56.420-0500	DEBUG	protocol/handler.go:1662	storing message	{"{round 20 3  <nil>}": {"Key":"from","Type":15,"Integer":0,"String":"a","Interface":null}}
2025-08-15T22:12:56.420-0500	DEBUG	protocol/handler.go:470	message for different round (buffering)	{"{msg_round 20 3  <nil>}": {"Key":"current_round","Type":20,"Integer":2,"String":"","Interface":null}}
2025-08-15T22:12:56.420-0500	DEBUG	protocol/handler.go:581	tryAdvanceRound called	{"{current_round 20 2  <nil>}": {"Key":"self","Type":15,"Integer":0,"String":"b","Interface":null}}
Previous read at 0x00c000a06598 by goroutine 674:
  github.com/luxfi/threshold/protocols/frost/keygen.(*round2).MessageContent()
      <autogenerated>:1 +0x38
  github.com/luxfi/threshold/pkg/protocol.(*Handler).hasAllMessages()
      /Users/z/work/lux/threshold/pkg/protocol/handler.go:1617 +0x6c8
  github.com/luxfi/threshold/pkg/protocol.(*Handler).tryAdvanceRound()
      /Users/z/work/lux/threshold/pkg/protocol/handler.go:589 +0x29c
  github.com/luxfi/threshold/pkg/protocol.(*Handler).processMessage()
      /Users/z/work/lux/threshold/pkg/protocol/handler.go:474 +0xb70
  github.com/luxfi/threshold/pkg/protocol.(*Handler).messageWorker()
      /Users/z/work/lux/threshold/pkg/protocol/handler.go:408 +0x338
  github.com/luxfi/threshold/pkg/protocol.(*Handler).startWorkers.gowrap2()
      /Users/z/work/lux/threshold/pkg/protocol/handler.go:361 +0x44

Goroutine 818 (running) created at:
  github.com/luxfi/threshold/pkg/protocol.(*Handler).tryAdvanceRound()
      /Users/z/work/lux/threshold/pkg/protocol/handler.go:673 +0x12e4
  github.com/luxfi/threshold/pkg/protocol.(*Handler).processMessage()
      /Users/z/work/lux/threshold/pkg/protocol/handler.go:486 +0xbb0
  github.com/luxfi/threshold/pkg/protocol.(*Handler).messageWorker()
      /Users/z/work/lux/threshold/pkg/protocol/handler.go:408 +0x338
  github.com/luxfi/threshold/pkg/protocol.(*Handler).startWorkers.gowrap2()
      /Users/z/work/lux/threshold/pkg/protocol/handler.go:361 +0x44

Goroutine 674 (running) created at:
  github.com/luxfi/threshold/pkg/protocol.(*Handler).startWorkers()
      /Users/z/work/lux/threshold/pkg/protocol/handler.go:361 +0x334
  github.com/luxfi/threshold/pkg/protocol.NewHandler()
      /Users/z/work/lux/threshold/pkg/protocol/handler.go:247 +0xf10
  github.com/luxfi/threshold/internal/test.(*Harness).CreateHandler()
      /Users/z/work/lux/threshold/internal/test/harness.go:91 +0x2e4
  github.com/luxfi/threshold/internal/test.RunProtocol()
      /Users/z/work/lux/threshold/internal/test/harness.go:270 +0x230
  github.com/luxfi/threshold/protocols/frost.TestVerificationShareReconstruction()
      /Users/z/work/lux/threshold/protocols/frost/verification_shares_test.go:21 +0x114
  testing.tRunner()
      /opt/homebrew/Cellar/go/1.24.6/libexec/src/testing/testing.go:1792 +0x180
  testing.(*T).Run.gowrap1()
      /opt/homebrew/Cellar/go/1.24.6/libexec/src/testing/testing.go:1851 +0x40
==================
==================
WARNING: DATA RACE
Write at 0x00c00079377c by goroutine 703:
  ??()
      -:0 +0x104ada650
  sync/atomic.CompareAndSwapInt32()
      <autogenerated>:1 +0x18
  sync.(*Mutex).Lock()
      /opt/homebrew/Cellar/go/1.24.6/libexec/src/sync/mutex.go:46 +0x2c
  github.com/luxfi/threshold/protocols/frost/keygen.(*round2).StoreBroadcastMessage()
      /Users/z/work/lux/threshold/protocols/frost/keygen/round2.go:57 +0x58
  github.com/luxfi/threshold/pkg/protocol.(*Handler).verifyBroadcastForRound()
      /Users/z/work/lux/threshold/pkg/protocol/handler.go:1277 +0x3a0
  github.com/luxfi/threshold/pkg/protocol.(*Handler).retryUnprocessedMessages()
      /Users/z/work/lux/threshold/pkg/protocol/handler.go:1483 +0x22c
  github.com/luxfi/threshold/pkg/protocol.(*Handler).tryAdvanceRound()
      /Users/z/work/lux/threshold/pkg/protocol/handler.go:587 +0x28c
  github.com/luxfi/threshold/pkg/protocol.(*Handler).roundProcessor()
      /Users/z/work/lux/threshold/pkg/protocol/handler.go:569 +0xb4
  github.com/luxfi/threshold/pkg/protocol.(*Handler).startWorkers.func1()
      /Users/z/work/lux/threshold/pkg/protocol/handler.go:374 +0x78
2025-08-15T22:12:56.421-0500	DEBUG	protocol/handler.go:581	tryAdvanceRound called	{"{current_round 20 2  <nil>}": {"Key":"self","Type":15,"Integer":0,"String":"b","Interface":null}}
2025-08-15T22:12:56.421-0500	DEBUG	protocol/handler.go:1591	have processed broadcast	{"{round 20 2  <nil>}": {"Key":"from","Type":15,"Integer":0,"String":"a","Interface":null}}
2025-08-15T22:12:56.421-0500	DEBUG	protocol/handler.go:1591	have processed broadcast	{"{round 20 2  <nil>}": {"Key":"from","Type":15,"Integer":0,"String":"c","Interface":null}}
2025-08-15T22:12:56.421-0500	DEBUG	protocol/handler.go:1591	have processed broadcast	{"{round 20 2  <nil>}": {"Key":"from","Type":15,"Integer":0,"String":"d","Interface":null}}

Previous read at 0x00c000793778 by goroutine 696:
  github.com/luxfi/threshold/protocols/frost/keygen.(*round2).Number()
      <autogenerated>:1 +0x38
  github.com/luxfi/threshold/pkg/protocol.(*Handler).tryAdvanceRound()
      /Users/z/work/lux/threshold/pkg/protocol/handler.go:587 +0x280
  github.com/luxfi/threshold/pkg/protocol.(*Handler).processMessage()
      /Users/z/work/lux/threshold/pkg/protocol/handler.go:474 +0xb70
  github.com/luxfi/threshold/pkg/protocol.(*Handler).messageWorker()
      /Users/z/work/lux/threshold/pkg/protocol/handler.go:408 +0x338
  github.com/luxfi/threshold/pkg/protocol.(*Handler).startWorkers.gowrap1()
      /Users/z/work/lux/threshold/pkg/protocol/handler.go:355 +0x44

Goroutine 703 (running) created at:
  github.com/luxfi/threshold/pkg/protocol.(*Handler).startWorkers()
      /Users/z/work/lux/threshold/pkg/protocol/handler.go:372 +0x4fc
  github.com/luxfi/threshold/pkg/protocol.NewHandler()
      /Users/z/work/lux/threshold/pkg/protocol/handler.go:247 +0xf10
  github.com/luxfi/threshold/internal/test.(*Harness).CreateHandler()
      /Users/z/work/lux/threshold/internal/test/harness.go:91 +0x2e4
  github.com/luxfi/threshold/internal/test.RunProtocol()
      /Users/z/work/lux/threshold/internal/test/harness.go:270 +0x230
  github.com/luxfi/threshold/protocols/frost.TestVerificationShareReconstruction()
      /Users/z/work/lux/threshold/protocols/frost/verification_shares_test.go:21 +0x114
  testing.tRunner()
      /opt/homebrew/Cellar/go/1.24.6/libexec/src/testing/testing.go:1792 +0x180
  testing.(*T).Run.gowrap1()
      /opt/homebrew/Cellar/go/1.24.6/libexec/src/testing/testing.go:1851 +0x40

Goroutine 696 (running) created at:
  github.com/luxfi/threshold/pkg/protocol.(*Handler).startWorkers()
      /Users/z/work/lux/threshold/pkg/protocol/handler.go:355 +0x27c
  github.com/luxfi/threshold/pkg/protocol.NewHandler()
      /Users/z/work/lux/threshold/pkg/protocol/handler.go:247 +0xf10
  github.com/luxfi/threshold/internal/test.(*Harness).CreateHandler()
      /Users/z/work/lux/threshold/internal/test/harness.go:91 +0x2e4
  github.com/luxfi/threshold/internal/test.RunProtocol()
      /Users/z/work/lux/threshold/internal/test/harness.go:270 +0x230
  github.com/luxfi/threshold/protocols/frost.TestVerificationShareReconstruction()
      /Users/z/work/lux/threshold/protocols/frost/verification_shares_test.go:21 +0x114
  testing.tRunner()
      /opt/homebrew/Cellar/go/1.24.6/libexec/src/testing/testing.go:1792 +0x180
  testing.(*T).Run.gowrap1()
      /opt/homebrew/Cellar/go/1.24.6/libexec/src/testing/testing.go:1851 +0x40
==================
==================
WARNING: DATA RACE
Write at 0x00c000731d2c by goroutine 812:
  ??()
      -:0 +0x104ada650
  sync/atomic.CompareAndSwapInt32()
      <autogenerated>:1 +0x18
  sync.(*Mutex).Lock()
      /opt/homebrew/Cellar/go/1.24.6/libexec/src/sync/mutex.go:46 +0x2c
  github.com/luxfi/threshold/protocols/frost/keygen.(*round2).StoreBroadcastMessage()
      /Users/z/work/lux/threshold/protocols/frost/keygen/round2.go:57 +0x58
  github.com/luxfi/threshold/pkg/protocol.(*Handler).verifyBroadcastForRound()
      /Users/z/work/lux/threshold/pkg/protocol/handler.go:1277 +0x3a0
  github.com/luxfi/threshold/pkg/protocol.(*Handler).processQueuedMessages()
      /Users/z/work/lux/threshold/pkg/protocol/handler.go:1542 +0x404
  github.com/luxfi/threshold/pkg/protocol.(*Handler).tryAdvanceRound.gowrap2()
      /Users/z/work/lux/threshold/pkg/protocol/handler.go:673 +0x40

Previous read at 0x00c000731d28 by goroutine 776:
  github.com/luxfi/threshold/protocols/frost/keygen.(*round2).Number()
      <autogenerated>:1 +0x38
  github.com/luxfi/threshold/pkg/protocol.(*Handler).tryAdvanceRound()
      /Users/z/work/lux/threshold/pkg/protocol/handler.go:587 +0x280
  github.com/luxfi/threshold/pkg/protocol.(*Handler).processMessage()
      /Users/z/work/lux/threshold/pkg/protocol/handler.go:474 +0xb70
  github.com/luxfi/threshold/pkg/protocol.(*Handler).messageWorker()
      /Users/z/work/lux/threshold/pkg/protocol/handler.go:408 +0x338
  github.com/luxfi/threshold/pkg/protocol.(*Handler).startWorkers.gowrap1()
      /Users/z/work/lux/threshold/pkg/protocol/handler.go:355 +0x44

Goroutine 812 (running) created at:
  github.com/luxfi/threshold/pkg/protocol.(*Handler).tryAdvanceRound()
      /Users/z/work/lux/threshold/pkg/protocol/handler.go:673 +0x12e4
  github.com/luxfi/threshold/pkg/protocol.(*Handler).processMessage()
      /Users/z/work/lux/threshold/pkg/protocol/handler.go:474 +0xb70
  github.com/luxfi/threshold/pkg/protocol.(*Handler).messageWorker()
      /Users/z/work/lux/threshold/pkg/protocol/handler.go:408 +0x338
  github.com/luxfi/threshold/pkg/protocol.(*Handler).startWorkers.gowrap2()
      /Users/z/work/lux/threshold/pkg/protocol/handler.go:361 +0x44

Goroutine 776 (running) created at:
  github.com/luxfi/threshold/pkg/protocol.(*Handler).startWorkers()
      /Users/z/work/lux/threshold/pkg/protocol/handler.go:355 +0x27c
  github.com/luxfi/threshold/pkg/protocol.NewHandler()
      /Users/z/work/lux/threshold/pkg/protocol/handler.go:247 +0xf10
  github.com/luxfi/threshold/internal/test.(*Harness).CreateHandler()
      /Users/z/work/lux/threshold/internal/test/harness.go:91 +0x2e4
  github.com/luxfi/threshold/internal/test.RunProtocol()
      /Users/z/work/lux/threshold/internal/test/harness.go:270 +0x230
  github.com/luxfi/threshold/protocols/frost.TestVerificationShareReconstruction()
      /Users/z/work/lux/threshold/protocols/frost/verification_shares_test.go:21 +0x114
  testing.tRunner()
      /opt/homebrew/Cellar/go/1.24.6/libexec/src/testing/testing.go:1792 +0x180
  testing.(*T).Run.gowrap1()
      /opt/homebrew/Cellar/go/1.24.6/libexec/src/testing/testing.go:1851 +0x40
==================
2025-08-15T22:12:56.421-0500	DEBUG	protocol/handler.go:1591	have processed broadcast	{"{round 20 2  <nil>}": {"Key":"from","Type":15,"Integer":0,"String":"e","Interface":null}}
2025-08-15T22:12:56.438-0500	DEBUG	protocol/handler.go:1649	have all messages and processed	{"{round 20 2  <nil>}": {"Key":"self","Type":15,"Integer":0,"String":"b","Interface":null}}
2025-08-15T22:12:56.438-0500	DEBUG	protocol/handler.go:619	finalizing round
2025-08-15T22:12:56.437-0500	DEBUG	protocol/handler.go:581	tryAdvanceRound called	{"{current_round 20 3  <nil>}": {"Key":"self","Type":15,"Integer":0,"String":"c","Interface":null}}
2025-08-15T22:12:56.478-0500	DEBUG	protocol/handler.go:1600	waiting for broadcasts	{"{round 20 3  <nil>}": {"Key":"missing","Type":15,"Integer":0,"String":"[a b d e]","Interface":null}}
2025-08-15T22:12:56.478-0500	DEBUG	protocol/handler.go:581	tryAdvanceRound called	{"{current_round 20 3  <nil>}": {"Key":"self","Type":15,"Integer":0,"String":"c","Interface":null}}
2025-08-15T22:12:56.478-0500	DEBUG	protocol/handler.go:1600	waiting for broadcasts	{"{round 20 3  <nil>}": {"Key":"missing","Type":15,"Integer":0,"String":"[a b d e]","Interface":null}}
2025-08-15T22:12:56.437-0500	DEBUG	protocol/handler.go:437	processing message	{"{from 15 0 c <nil>}": {"Key":"to","Type":15,"Integer":0,"String":"","Interface":null}, "{round 20 3  <nil>}": {"Key":"broadcast","Type":4,"Integer":1,"String":"","Interface":null}}
2025-08-15T22:12:56.478-0500	DEBUG	protocol/handler.go:1591	have processed broadcast	{"{round 20 3  <nil>}": {"Key":"from","Type":15,"Integer":0,"String":"c","Interface":null}}
2025-08-15T22:12:56.478-0500	DEBUG	protocol/handler.go:1657	storing broadcast	{"{round 20 3  <nil>}": {"Key":"from","Type":15,"Integer":0,"String":"c","Interface":null}}
2025-08-15T22:12:56.479-0500	DEBUG	protocol/handler.go:470	message for different round (buffering)	{"{msg_round 20 3  <nil>}": {"Key":"current_round","Type":20,"Integer":2,"String":"","Interface":null}}
2025-08-15T22:12:56.479-0500	DEBUG	protocol/handler.go:581	tryAdvanceRound called	{"{current_round 20 2  <nil>}": {"Key":"self","Type":15,"Integer":0,"String":"b","Interface":null}}
==================
WARNING: DATA RACE
Write at 0x00c00079377c by goroutine 696:
  ??()
      -:0 +0x104ada650
  sync/atomic.CompareAndSwapInt32()
      <autogenerated>:1 +0x18
  sync.(*Mutex).Lock()
      /opt/homebrew/Cellar/go/1.24.6/libexec/src/sync/mutex.go:46 +0x2c
  github.com/luxfi/threshold/protocols/frost/keygen.(*round2).StoreBroadcastMessage()
      /Users/z/work/lux/threshold/protocols/frost/keygen/round2.go:57 +0x58
  github.com/luxfi/threshold/pkg/protocol.(*Handler).verifyBroadcastForRound()
      /Users/z/work/lux/threshold/pkg/protocol/handler.go:1277 +0x3a0
  github.com/luxfi/threshold/pkg/protocol.(*Handler).retryUnprocessedMessages()
      /Users/z/work/lux/threshold/pkg/protocol/handler.go:1483 +0x22c
  github.com/luxfi/threshold/pkg/protocol.(*Handler).tryAdvanceRound()
      /Users/z/work/lux/threshold/pkg/protocol/handler.go:587 +0x28c
  github.com/luxfi/threshold/pkg/protocol.(*Handler).processMessage()
      /Users/z/work/lux/threshold/pkg/protocol/handler.go:474 +0xb70
  github.com/luxfi/threshold/pkg/protocol.(*Handler).messageWorker()
      /Users/z/work/lux/threshold/pkg/protocol/handler.go:408 +0x338
  github.com/luxfi/threshold/pkg/protocol.(*Handler).startWorkers.gowrap1()
      /Users/z/work/lux/threshold/pkg/protocol/handler.go:355 +0x44

Previous read at 0x00c000793778 by goroutine 702:
  github.com/luxfi/threshold/protocols/frost/keygen.(*round2).Number()
      <autogenerated>:1 +0x38
  github.com/luxfi/threshold/pkg/protocol.(*Handler).finalizeRound()
      /Users/z/work/lux/threshold/pkg/protocol/handler.go:1144 +0x40
  github.com/luxfi/threshold/pkg/protocol.(*Handler).tryAdvanceRound()
      /Users/z/work/lux/threshold/pkg/protocol/handler.go:622 +0xae4
  github.com/luxfi/threshold/pkg/protocol.(*Handler).processMessage()
      /Users/z/work/lux/threshold/pkg/protocol/handler.go:486 +0xbb0
  github.com/luxfi/threshold/pkg/protocol.(*Handler).messageWorker()
      /Users/z/work/lux/threshold/pkg/protocol/handler.go:408 +0x338
  github.com/luxfi/threshold/pkg/protocol.(*Handler).startWorkers.gowrap2()
      /Users/z/work/lux/threshold/pkg/protocol/handler.go:361 +0x44

Goroutine 696 (running) created at:
  github.com/luxfi/threshold/pkg/protocol.(*Handler).startWorkers()
      /Users/z/work/lux/threshold/pkg/protocol/handler.go:355 +0x27c
  github.com/luxfi/threshold/pkg/protocol.NewHandler()
      /Users/z/work/lux/threshold/pkg/protocol/handler.go:247 +0xf10
  github.com/luxfi/threshold/internal/test.(*Harness).CreateHandler()
      /Users/z/work/lux/threshold/internal/test/harness.go:91 +0x2e4
  github.com/luxfi/threshold/internal/test.RunProtocol()
      /Users/z/work/lux/threshold/internal/test/harness.go:270 +0x230
  github.com/luxfi/threshold/protocols/frost.TestVerificationShareReconstruction()
      /Users/z/work/lux/threshold/protocols/frost/verification_shares_test.go:21 +0x114
  testing.tRunner()
      /opt/homebrew/Cellar/go/1.24.6/libexec/src/testing/testing.go:1792 +0x180
  testing.(*T).Run.gowrap1()
      /opt/homebrew/Cellar/go/1.24.6/libexec/src/testing/testing.go:1851 +0x40
2025-08-15T22:12:56.479-0500	DEBUG	protocol/handler.go:1600	waiting for broadcasts	{"{round 20 3  <nil>}": {"Key":"missing","Type":15,"Integer":0,"String":"[b d e]","Interface":null}}

Goroutine 702 (running) created at:
  github.com/luxfi/threshold/pkg/protocol.(*Handler).startWorkers()
      /Users/z/work/lux/threshold/pkg/protocol/handler.go:361 +0x334
  github.com/luxfi/threshold/pkg/protocol.NewHandler()
      /Users/z/work/lux/threshold/pkg/protocol/handler.go:247 +0xf10
  github.com/luxfi/threshold/internal/test.(*Harness).CreateHandler()
      /Users/z/work/lux/threshold/internal/test/harness.go:91 +0x2e4
  github.com/luxfi/threshold/internal/test.RunProtocol()
      /Users/z/work/lux/threshold/internal/test/harness.go:270 +0x230
  github.com/luxfi/threshold/protocols/frost.TestVerificationShareReconstruction()
      /Users/z/work/lux/threshold/protocols/frost/verification_shares_test.go:21 +0x114
  testing.tRunner()
      /opt/homebrew/Cellar/go/1.24.6/libexec/src/testing/testing.go:1792 +0x180
  testing.(*T).Run.gowrap1()
      /opt/homebrew/Cellar/go/1.24.6/libexec/src/testing/testing.go:1851 +0x40
==================
==================
WARNING: DATA RACE
Write at 0x00c00079377c by goroutine 696:
  ??()
      -:0 +0x104ad5eb0
  sync/atomic.AddInt32()
      <autogenerated>:1 +0x14
  sync.(*Mutex).Unlock()
      /opt/homebrew/Cellar/go/1.24.6/libexec/src/sync/mutex.go:65 +0x2c
  github.com/luxfi/threshold/protocols/frost/keygen.(*round2).StoreBroadcastMessage()
      /Users/z/work/lux/threshold/protocols/frost/keygen/round2.go:59 +0x634
  github.com/luxfi/threshold/pkg/protocol.(*Handler).verifyBroadcastForRound()
      /Users/z/work/lux/threshold/pkg/protocol/handler.go:1277 +0x3a0
  github.com/luxfi/threshold/pkg/protocol.(*Handler).retryUnprocessedMessages()
      /Users/z/work/lux/threshold/pkg/protocol/handler.go:1483 +0x22c
  github.com/luxfi/threshold/pkg/protocol.(*Handler).tryAdvanceRound()
      /Users/z/work/lux/threshold/pkg/protocol/handler.go:587 +0x28c
  github.com/luxfi/threshold/pkg/protocol.(*Handler).processMessage()
      /Users/z/work/lux/threshold/pkg/protocol/handler.go:474 +0xb70
  github.com/luxfi/threshold/pkg/protocol.(*Handler).messageWorker()
      /Users/z/work/lux/threshold/pkg/protocol/handler.go:408 +0x338
  github.com/luxfi/threshold/pkg/protocol.(*Handler).startWorkers.gowrap1()
      /Users/z/work/lux/threshold/pkg/protocol/handler.go:355 +0x44

Previous read at 0x00c000793778 by goroutine 699:
  github.com/luxfi/threshold/protocols/frost/keygen.(*round2).Number()
      <autogenerated>:1 +0x38
  github.com/luxfi/threshold/pkg/protocol.(*Handler).hasAllMessages()
      /Users/z/work/lux/threshold/pkg/protocol/handler.go:1570 +0x40
  github.com/luxfi/threshold/pkg/protocol.(*Handler).tryAdvanceRound()
      /Users/z/work/lux/threshold/pkg/protocol/handler.go:589 +0x29c
  github.com/luxfi/threshold/pkg/protocol.(*Handler).processMessage()
      /Users/z/work/lux/threshold/pkg/protocol/handler.go:474 +0xb70
  github.com/luxfi/threshold/pkg/protocol.(*Handler).messageWorker()
      /Users/z/work/lux/threshold/pkg/protocol/handler.go:408 +0x338
  github.com/luxfi/threshold/pkg/protocol.(*Handler).startWorkers.gowrap2()
      /Users/z/work/lux/threshold/pkg/protocol/handler.go:361 +0x44

Goroutine 696 (running) created at:
  github.com/luxfi/threshold/pkg/protocol.(*Handler).startWorkers()
      /Users/z/work/lux/threshold/pkg/protocol/handler.go:355 +0x27c
  github.com/luxfi/threshold/pkg/protocol.NewHandler()
      /Users/z/work/lux/threshold/pkg/protocol/handler.go:247 +0xf10
  github.com/luxfi/threshold/internal/test.(*Harness).CreateHandler()
      /Users/z/work/lux/threshold/internal/test/harness.go:91 +0x2e4
  github.com/luxfi/threshold/internal/test.RunProtocol()
      /Users/z/work/lux/threshold/internal/test/harness.go:270 +0x230
  github.com/luxfi/threshold/protocols/frost.TestVerificationShareReconstruction()
      /Users/z/work/lux/threshold/protocols/frost/verification_shares_test.go:21 +0x114
  testing.tRunner()
      /opt/homebrew/Cellar/go/1.24.6/libexec/src/testing/testing.go:1792 +0x180
  testing.(*T).Run.gowrap1()
      /opt/homebrew/Cellar/go/1.24.6/libexec/src/testing/testing.go:1851 +0x40

Goroutine 699 (running) created at:
  github.com/luxfi/threshold/pkg/protocol.(*Handler).startWorkers()
      /Users/z/work/lux/threshold/pkg/protocol/handler.go:361 +0x334
  github.com/luxfi/threshold/pkg/protocol.NewHandler()
      /Users/z/work/lux/threshold/pkg/protocol/handler.go:247 +0xf10
  github.com/luxfi/threshold/internal/test.(*Harness).CreateHandler()
      /Users/z/work/lux/threshold/internal/test/harness.go:91 +0x2e4
  github.com/luxfi/threshold/internal/test.RunProtocol()
      /Users/z/work/lux/threshold/internal/test/harness.go:270 +0x230
  github.com/luxfi/threshold/protocols/frost.TestVerificationShareReconstruction()
      /Users/z/work/lux/threshold/protocols/frost/verification_shares_test.go:21 +0x114
  testing.tRunner()
      /opt/homebrew/Cellar/go/1.24.6/libexec/src/testing/testing.go:1792 +0x180
  testing.(*T).Run.gowrap1()
      /opt/homebrew/Cellar/go/1.24.6/libexec/src/testing/testing.go:1851 +0x40
==================
2025-08-15T22:12:56.479-0500	DEBUG	protocol/handler.go:1591	have processed broadcast	{"{round 20 2  <nil>}": {"Key":"from","Type":15,"Integer":0,"String":"a","Interface":null}}
2025-08-15T22:12:56.479-0500	DEBUG	protocol/handler.go:1591	have processed broadcast	{"{round 20 2  <nil>}": {"Key":"from","Type":15,"Integer":0,"String":"a","Interface":null}}
2025-08-15T22:12:56.437-0500	DEBUG	protocol/handler.go:432	processMessage: p2p round 3 START	{"{from 15 0 c <nil>}": {"Key":"to","Type":15,"Integer":0,"String":"b","Interface":null}}
2025-08-15T22:12:56.479-0500	DEBUG	protocol/handler.go:437	processing message	{"{from 15 0 c <nil>}": {"Key":"to","Type":15,"Integer":0,"String":"b","Interface":null}, "{round 20 3  <nil>}": {"Key":"broadcast","Type":4,"Integer":0,"String":"","Interface":null}}
2025-08-15T22:12:56.479-0500	DEBUG	protocol/handler.go:1662	storing message	{"{round 20 3  <nil>}": {"Key":"from","Type":15,"Integer":0,"String":"c","Interface":null}}
2025-08-15T22:12:56.479-0500	DEBUG	protocol/handler.go:470	message for different round (buffering)	{"{msg_round 20 3  <nil>}": {"Key":"current_round","Type":20,"Integer":2,"String":"","Interface":null}}
2025-08-15T22:12:56.479-0500	DEBUG	protocol/handler.go:581	tryAdvanceRound called	{"{current_round 20 2  <nil>}": {"Key":"self","Type":15,"Integer":0,"String":"b","Interface":null}}
2025-08-15T22:12:56.479-0500	DEBUG	protocol/handler.go:1591	have processed broadcast	{"{round 20 2  <nil>}": {"Key":"from","Type":15,"Integer":0,"String":"a","Interface":null}}
2025-08-15T22:12:56.479-0500	DEBUG	protocol/handler.go:1591	have processed broadcast	{"{round 20 2  <nil>}": {"Key":"from","Type":15,"Integer":0,"String":"c","Interface":null}}
2025-08-15T22:12:56.479-0500	DEBUG	protocol/handler.go:1591	have processed broadcast	{"{round 20 2  <nil>}": {"Key":"from","Type":15,"Integer":0,"String":"d","Interface":null}}
2025-08-15T22:12:56.479-0500	DEBUG	protocol/handler.go:1591	have processed broadcast	{"{round 20 2  <nil>}": {"Key":"from","Type":15,"Integer":0,"String":"e","Interface":null}}
2025-08-15T22:12:56.479-0500	DEBUG	protocol/handler.go:1649	have all messages and processed	{"{round 20 2  <nil>}": {"Key":"self","Type":15,"Integer":0,"String":"b","Interface":null}}
2025-08-15T22:12:56.479-0500	DEBUG	protocol/handler.go:596	round already finalized
2025-08-15T22:12:56.479-0500	DEBUG	protocol/handler.go:1591	have processed broadcast	{"{round 20 2  <nil>}": {"Key":"from","Type":15,"Integer":0,"String":"c","Interface":null}}
2025-08-15T22:12:56.479-0500	DEBUG	protocol/handler.go:1591	have processed broadcast	{"{round 20 2  <nil>}": {"Key":"from","Type":15,"Integer":0,"String":"d","Interface":null}}
2025-08-15T22:12:56.479-0500	DEBUG	protocol/handler.go:1591	have processed broadcast	{"{round 20 2  <nil>}": {"Key":"from","Type":15,"Integer":0,"String":"e","Interface":null}}
2025-08-15T22:12:56.479-0500	DEBUG	protocol/handler.go:1649	have all messages and processed	{"{round 20 2  <nil>}": {"Key":"self","Type":15,"Integer":0,"String":"b","Interface":null}}
2025-08-15T22:12:56.479-0500	DEBUG	protocol/handler.go:596	round already finalized
2025-08-15T22:12:56.479-0500	DEBUG	protocol/handler.go:1039	sendRoundMessage	{"{from 15 0 b <nil>}": {"Key":"to","Type":15,"Integer":0,"String":"","Interface":null}, "{round 20 3  <nil>}": {"Key":"broadcast","Type":4,"Integer":1,"String":"","Interface":null}}
2025-08-15T22:12:56.480-0500	DEBUG	protocol/handler.go:1657	storing broadcast	{"{round 20 3  <nil>}": {"Key":"from","Type":15,"Integer":0,"String":"b","Interface":null}}
2025-08-15T22:12:56.480-0500	DEBUG	protocol/handler.go:1081	sent message to output channel	{"{from 15 0 b <nil>}": {"Key":"to","Type":15,"Integer":0,"String":"","Interface":null}, "{round 20 3  <nil>}": {"Key":"broadcast","Type":4,"Integer":1,"String":"","Interface":null}}
2025-08-15T22:12:56.480-0500	DEBUG	protocol/handler.go:1039	sendRoundMessage	{"{from 15 0 b <nil>}": {"Key":"to","Type":15,"Integer":0,"String":"a","Interface":null}, "{round 20 3  <nil>}": {"Key":"broadcast","Type":4,"Integer":0,"String":"","Interface":null}}
2025-08-15T22:12:56.480-0500	DEBUG	protocol/handler.go:1081	sent message to output channel	{"{from 15 0 b <nil>}": {"Key":"to","Type":15,"Integer":0,"String":"a","Interface":null}, "{round 20 3  <nil>}": {"Key":"broadcast","Type":4,"Integer":0,"String":"","Interface":null}}
2025-08-15T22:12:56.480-0500	DEBUG	protocol/handler.go:1039	sendRoundMessage	{"{from 15 0 b <nil>}": {"Key":"to","Type":15,"Integer":0,"String":"c","Interface":null}, "{round 20 3  <nil>}": {"Key":"broadcast","Type":4,"Integer":0,"String":"","Interface":null}}
2025-08-15T22:12:56.480-0500	DEBUG	protocol/handler.go:1081	sent message to output channel	{"{from 15 0 b <nil>}": {"Key":"to","Type":15,"Integer":0,"String":"c","Interface":null}, "{round 20 3  <nil>}": {"Key":"broadcast","Type":4,"Integer":0,"String":"","Interface":null}}
2025-08-15T22:12:56.480-0500	DEBUG	protocol/handler.go:1039	sendRoundMessage	{"{from 15 0 b <nil>}": {"Key":"to","Type":15,"Integer":0,"String":"d","Interface":null}, "{round 20 3  <nil>}": {"Key":"broadcast","Type":4,"Integer":0,"String":"","Interface":null}}
2025-08-15T22:12:56.480-0500	DEBUG	protocol/handler.go:1081	sent message to output channel	{"{from 15 0 b <nil>}": {"Key":"to","Type":15,"Integer":0,"String":"d","Interface":null}, "{round 20 3  <nil>}": {"Key":"broadcast","Type":4,"Integer":0,"String":"","Interface":null}}
2025-08-15T22:12:56.480-0500	DEBUG	protocol/handler.go:1039	sendRoundMessage	{"{from 15 0 b <nil>}": {"Key":"to","Type":15,"Integer":0,"String":"e","Interface":null}, "{round 20 3  <nil>}": {"Key":"broadcast","Type":4,"Integer":0,"String":"","Interface":null}}
2025-08-15T22:12:56.480-0500	DEBUG	protocol/handler.go:1081	sent message to output channel	{"{from 15 0 b <nil>}": {"Key":"to","Type":15,"Integer":0,"String":"e","Interface":null}, "{round 20 3  <nil>}": {"Key":"broadcast","Type":4,"Integer":0,"String":"","Interface":null}}
2025-08-15T22:12:56.480-0500	DEBUG	protocol/handler.go:1182	finalized round messages	{"{round 20 2  <nil>}": {"Key":"messages","Type":11,"Integer":5,"String":"","Interface":null}}
2025-08-15T22:12:56.480-0500	DEBUG	protocol/handler.go:1239	finalize returned next round	{"{current 20 2  <nil>}": {"Key":"next","Type":20,"Integer":3,"String":"","Interface":null}}
2025-08-15T22:12:56.480-0500	INFO	protocol/handler.go:642	storing new currentRound	{"{from 20 2  <nil>}": {"Key":"to","Type":20,"Integer":3,"String":"","Interface":null}}
2025-08-15T22:12:56.480-0500	DEBUG	protocol/handler.go:1503	processing queued messages
2025-08-15T22:12:56.480-0500	DEBUG	protocol/handler.go:1503	processing queued messages
2025-08-15T22:12:56.481-0500	DEBUG	protocol/handler.go:1591	have processed broadcast	{"{round 20 2  <nil>}": {"Key":"from","Type":15,"Integer":0,"String":"c","Interface":null}}
2025-08-15T22:12:56.481-0500	DEBUG	protocol/handler.go:1591	have processed broadcast	{"{round 20 2  <nil>}": {"Key":"from","Type":15,"Integer":0,"String":"d","Interface":null}}
2025-08-15T22:12:56.481-0500	DEBUG	protocol/handler.go:1591	have processed broadcast	{"{round 20 2  <nil>}": {"Key":"from","Type":15,"Integer":0,"String":"e","Interface":null}}
2025-08-15T22:12:56.481-0500	DEBUG	protocol/handler.go:1306	waiting for broadcast before normal message
2025-08-15T22:12:56.481-0500	DEBUG	protocol/handler.go:1306	waiting for broadcast before normal message
2025-08-15T22:12:56.481-0500	DEBUG	protocol/handler.go:1649	have all messages and processed	{"{round 20 2  <nil>}": {"Key":"self","Type":15,"Integer":0,"String":"b","Interface":null}}
2025-08-15T22:12:56.481-0500	DEBUG	protocol/handler.go:596	round already finalized
2025-08-15T22:12:56.481-0500	DEBUG	protocol/handler.go:600	current round already advanced	{"{checking 20 2  <nil>}": {"Key":"current","Type":20,"Integer":3,"String":"","Interface":null}}
2025-08-15T22:12:56.481-0500	DEBUG	protocol/handler.go:1306	waiting for broadcast before normal message
2025-08-15T22:12:56.482-0500	DEBUG	protocol/handler.go:581	tryAdvanceRound called	{"{current_round 20 3  <nil>}": {"Key":"self","Type":15,"Integer":0,"String":"a","Interface":null}}
2025-08-15T22:12:56.482-0500	DEBUG	protocol/handler.go:1591	have processed broadcast	{"{round 20 3  <nil>}": {"Key":"from","Type":15,"Integer":0,"String":"c","Interface":null}}
2025-08-15T22:12:56.482-0500	DEBUG	protocol/handler.go:1600	waiting for broadcasts	{"{round 20 3  <nil>}": {"Key":"missing","Type":15,"Integer":0,"String":"[b d e]","Interface":null}}
2025-08-15T22:12:56.482-0500	DEBUG	protocol/handler.go:432	processMessage: p2p round 3 START	{"{from 15 0 d <nil>}": {"Key":"to","Type":15,"Integer":0,"String":"b","Interface":null}}
2025-08-15T22:12:56.482-0500	DEBUG	protocol/handler.go:437	processing message	{"{from 15 0 d <nil>}": {"Key":"to","Type":15,"Integer":0,"String":"b","Interface":null}, "{round 20 3  <nil>}": {"Key":"broadcast","Type":4,"Integer":0,"String":"","Interface":null}}
2025-08-15T22:12:56.482-0500	DEBUG	protocol/handler.go:1662	storing message	{"{round 20 3  <nil>}": {"Key":"from","Type":15,"Integer":0,"String":"d","Interface":null}}
2025-08-15T22:12:56.482-0500	DEBUG	protocol/handler.go:581	tryAdvanceRound called	{"{current_round 20 3  <nil>}": {"Key":"self","Type":15,"Integer":0,"String":"b","Interface":null}}
2025-08-15T22:12:56.482-0500	DEBUG	protocol/handler.go:1306	waiting for broadcast before normal message
2025-08-15T22:12:56.483-0500	DEBUG	protocol/handler.go:432	processMessage: p2p round 3 START	{"{from 15 0 d <nil>}": {"Key":"to","Type":15,"Integer":0,"String":"a","Interface":null}}
2025-08-15T22:12:56.483-0500	DEBUG	protocol/handler.go:437	processing message	{"{from 15 0 d <nil>}": {"Key":"to","Type":15,"Integer":0,"String":"a","Interface":null}, "{round 20 3  <nil>}": {"Key":"broadcast","Type":4,"Integer":0,"String":"","Interface":null}}
2025-08-15T22:12:56.483-0500	DEBUG	protocol/handler.go:1662	storing message	{"{round 20 3  <nil>}": {"Key":"from","Type":15,"Integer":0,"String":"d","Interface":null}}
2025-08-15T22:12:56.483-0500	DEBUG	protocol/handler.go:581	tryAdvanceRound called	{"{current_round 20 3  <nil>}": {"Key":"self","Type":15,"Integer":0,"String":"a","Interface":null}}
2025-08-15T22:12:56.419-0500	DEBUG	protocol/handler.go:1649	have all messages and processed	{"{round 20 2  <nil>}": {"Key":"self","Type":15,"Integer":0,"String":"a","Interface":null}}
2025-08-15T22:12:56.483-0500	DEBUG	protocol/handler.go:1306	waiting for broadcast before normal message
2025-08-15T22:12:56.483-0500	DEBUG	protocol/handler.go:596	round already finalized
2025-08-15T22:12:56.483-0500	DEBUG	protocol/handler.go:600	current round already advanced	{"{checking 20 2  <nil>}": {"Key":"current","Type":20,"Integer":3,"String":"","Interface":null}}
2025-08-15T22:12:56.483-0500	DEBUG	protocol/handler.go:1591	have processed broadcast	{"{round 20 3  <nil>}": {"Key":"from","Type":15,"Integer":0,"String":"c","Interface":null}}
2025-08-15T22:12:56.483-0500	DEBUG	protocol/handler.go:1600	waiting for broadcasts	{"{round 20 3  <nil>}": {"Key":"missing","Type":15,"Integer":0,"String":"[b d e]","Interface":null}}
2025-08-15T22:12:56.483-0500	DEBUG	protocol/handler.go:1591	have processed broadcast	{"{round 20 2  <nil>}": {"Key":"from","Type":15,"Integer":0,"String":"b","Interface":null}}
2025-08-15T22:12:56.483-0500	DEBUG	protocol/handler.go:1591	have processed broadcast	{"{round 20 2  <nil>}": {"Key":"from","Type":15,"Integer":0,"String":"c","Interface":null}}
2025-08-15T22:12:56.483-0500	DEBUG	protocol/handler.go:1591	have processed broadcast	{"{round 20 2  <nil>}": {"Key":"from","Type":15,"Integer":0,"String":"d","Interface":null}}
2025-08-15T22:12:56.483-0500	DEBUG	protocol/handler.go:1591	have processed broadcast	{"{round 20 2  <nil>}": {"Key":"from","Type":15,"Integer":0,"String":"e","Interface":null}}
2025-08-15T22:12:56.483-0500	DEBUG	protocol/handler.go:1649	have all messages and processed	{"{round 20 2  <nil>}": {"Key":"self","Type":15,"Integer":0,"String":"a","Interface":null}}
2025-08-15T22:12:56.483-0500	DEBUG	protocol/handler.go:596	round already finalized
2025-08-15T22:12:56.483-0500	DEBUG	protocol/handler.go:600	current round already advanced	{"{checking 20 2  <nil>}": {"Key":"current","Type":20,"Integer":3,"String":"","Interface":null}}
2025-08-15T22:12:56.483-0500	INFO	protocol/handler.go:560	advanced to round
2025-08-15T22:12:56.483-0500	DEBUG	protocol/handler.go:581	tryAdvanceRound called	{"{current_round 20 3  <nil>}": {"Key":"self","Type":15,"Integer":0,"String":"a","Interface":null}}
2025-08-15T22:12:56.483-0500	DEBUG	protocol/handler.go:1306	waiting for broadcast before normal message
2025-08-15T22:12:56.483-0500	DEBUG	protocol/handler.go:1591	have processed broadcast	{"{round 20 3  <nil>}": {"Key":"from","Type":15,"Integer":0,"String":"c","Interface":null}}
2025-08-15T22:12:56.483-0500	DEBUG	protocol/handler.go:1600	waiting for broadcasts	{"{round 20 3  <nil>}": {"Key":"missing","Type":15,"Integer":0,"String":"[b d e]","Interface":null}}
2025-08-15T22:12:56.483-0500	DEBUG	protocol/handler.go:581	tryAdvanceRound called	{"{current_round 20 3  <nil>}": {"Key":"self","Type":15,"Integer":0,"String":"a","Interface":null}}
2025-08-15T22:12:56.484-0500	DEBUG	protocol/handler.go:1306	waiting for broadcast before normal message
2025-08-15T22:12:56.484-0500	DEBUG	protocol/handler.go:1591	have processed broadcast	{"{round 20 3  <nil>}": {"Key":"from","Type":15,"Integer":0,"String":"c","Interface":null}}
2025-08-15T22:12:56.484-0500	DEBUG	protocol/handler.go:437	processing message	{"{from 15 0 d <nil>}": {"Key":"to","Type":15,"Integer":0,"String":"","Interface":null}, "{round 20 3  <nil>}": {"Key":"broadcast","Type":4,"Integer":1,"String":"","Interface":null}}
2025-08-15T22:12:56.484-0500	DEBUG	protocol/handler.go:1600	waiting for broadcasts	{"{round 20 3  <nil>}": {"Key":"missing","Type":15,"Integer":0,"String":"[b d e]","Interface":null}}
2025-08-15T22:12:56.484-0500	DEBUG	protocol/handler.go:1657	storing broadcast	{"{round 20 3  <nil>}": {"Key":"from","Type":15,"Integer":0,"String":"d","Interface":null}}
==================
WARNING: DATA RACE
Write at 0x00c00079377c by goroutine 820:
  ??()
      -:0 +0x104ada650
  sync/atomic.CompareAndSwapInt32()
      <autogenerated>:1 +0x18
  sync.(*Mutex).Lock()
      /opt/homebrew/Cellar/go/1.24.6/libexec/src/sync/mutex.go:46 +0x2c
  github.com/luxfi/threshold/protocols/frost/keygen.(*round2).StoreBroadcastMessage()
      /Users/z/work/lux/threshold/protocols/frost/keygen/round2.go:57 +0x58
  github.com/luxfi/threshold/pkg/protocol.(*Handler).verifyBroadcastForRound()
      /Users/z/work/lux/threshold/pkg/protocol/handler.go:1277 +0x3a0
  github.com/luxfi/threshold/pkg/protocol.(*Handler).processQueuedMessages()
      /Users/z/work/lux/threshold/pkg/protocol/handler.go:1513 +0x718
  github.com/luxfi/threshold/pkg/protocol.(*Handler).tryAdvanceRound.gowrap2()
      /Users/z/work/lux/threshold/pkg/protocol/handler.go:673 +0x40

Previous read at 0x00c000793778 by goroutine 696:
  github.com/luxfi/threshold/protocols/frost/keygen.(*round2).Number()
      <autogenerated>:1 +0x38
  github.com/luxfi/threshold/pkg/protocol.(*Handler).tryAdvanceRound()
      /Users/z/work/lux/threshold/pkg/protocol/handler.go:596 +0x328
  github.com/luxfi/threshold/pkg/protocol.(*Handler).processMessage()
      /Users/z/work/lux/threshold/pkg/protocol/handler.go:474 +0xb70
  github.com/luxfi/threshold/pkg/protocol.(*Handler).messageWorker()
      /Users/z/work/lux/threshold/pkg/protocol/handler.go:408 +0x338
  github.com/luxfi/threshold/pkg/protocol.(*Handler).startWorkers.gowrap1()
      /Users/z/work/lux/threshold/pkg/protocol/handler.go:355 +0x44

Goroutine 820 (running) created at:
  github.com/luxfi/threshold/pkg/protocol.(*Handler).tryAdvanceRound()
      /Users/z/work/lux/threshold/pkg/protocol/handler.go:673 +0x12e4
  github.com/luxfi/threshold/pkg/protocol.(*Handler).processMessage()
      /Users/z/work/lux/threshold/pkg/protocol/handler.go:486 +0xbb0
  github.com/luxfi/threshold/pkg/protocol.(*Handler).messageWorker()
      /Users/z/work/lux/threshold/pkg/protocol/handler.go:408 +0x338
  github.com/luxfi/threshold/pkg/protocol.(*Handler).startWorkers.gowrap2()
      /Users/z/work/lux/threshold/pkg/protocol/handler.go:361 +0x44

Goroutine 696 (running) created at:
2025-08-15T22:12:56.484-0500	DEBUG	protocol/handler.go:581	tryAdvanceRound called	{"{current_round 20 3  <nil>}": {"Key":"self","Type":15,"Integer":0,"String":"b","Interface":null}}
  github.com/luxfi/threshold/pkg/protocol.(*Handler).startWorkers()
      /Users/z/work/lux/threshold/pkg/protocol/handler.go:355 +0x27c
  github.com/luxfi/threshold/pkg/protocol.NewHandler()
      /Users/z/work/lux/threshold/pkg/protocol/handler.go:247 +0xf10
  github.com/luxfi/threshold/internal/test.(*Harness).CreateHandler()
      /Users/z/work/lux/threshold/internal/test/harness.go:91 +0x2e4
  github.com/luxfi/threshold/internal/test.RunProtocol()
      /Users/z/work/lux/threshold/internal/test/harness.go:270 +0x230
  github.com/luxfi/threshold/protocols/frost.TestVerificationShareReconstruction()
      /Users/z/work/lux/threshold/protocols/frost/verification_shares_test.go:21 +0x114
  testing.tRunner()
      /opt/homebrew/Cellar/go/1.24.6/libexec/src/testing/testing.go:1792 +0x180
  testing.(*T).Run.gowrap1()
      /opt/homebrew/Cellar/go/1.24.6/libexec/src/testing/testing.go:1851 +0x40
2025-08-15T22:12:56.484-0500	DEBUG	protocol/handler.go:1306	waiting for broadcast before normal message
==================
2025-08-15T22:12:56.484-0500	DEBUG	protocol/handler.go:581	tryAdvanceRound called	{"{current_round 20 3  <nil>}": {"Key":"self","Type":15,"Integer":0,"String":"c","Interface":null}}
==================
WARNING: DATA RACE
Write at 0x00c00079377c by goroutine 820:
  ??()
      -:0 +0x104ad5eb0
  sync/atomic.AddInt32()
      <autogenerated>:1 +0x14
  sync.(*Mutex).Unlock()
      /opt/homebrew/Cellar/go/1.24.6/libexec/src/sync/mutex.go:65 +0x2c
  github.com/luxfi/threshold/protocols/frost/keygen.(*round2).StoreBroadcastMessage()
      /Users/z/work/lux/threshold/protocols/frost/keygen/round2.go:59 +0x634
  github.com/luxfi/threshold/pkg/protocol.(*Handler).verifyBroadcastForRound()
      /Users/z/work/lux/threshold/pkg/protocol/handler.go:1277 +0x3a0
  github.com/luxfi/threshold/pkg/protocol.(*Handler).processQueuedMessages()
      /Users/z/work/lux/threshold/pkg/protocol/handler.go:1513 +0x718
  github.com/luxfi/threshold/pkg/protocol.(*Handler).tryAdvanceRound.gowrap2()
      /Users/z/work/lux/threshold/pkg/protocol/handler.go:673 +0x40

Previous read at 0x00c000793778 by goroutine 696:
  github.com/luxfi/threshold/protocols/frost/keygen.(*round2).Number()
      <autogenerated>:1 +0x38
  github.com/luxfi/threshold/pkg/protocol.(*Handler).tryAdvanceRound()
      /Users/z/work/lux/threshold/pkg/protocol/handler.go:601 +0x4b0
  github.com/luxfi/threshold/pkg/protocol.(*Handler).processMessage()
      /Users/z/work/lux/threshold/pkg/protocol/handler.go:474 +0xb70
  github.com/luxfi/threshold/pkg/protocol.(*Handler).messageWorker()
      /Users/z/work/lux/threshold/pkg/protocol/handler.go:408 +0x338
  github.com/luxfi/threshold/pkg/protocol.(*Handler).startWorkers.gowrap1()
      /Users/z/work/lux/threshold/pkg/protocol/handler.go:355 +0x44

Goroutine 820 (running) created at:
  github.com/luxfi/threshold/pkg/protocol.(*Handler).tryAdvanceRound()
      /Users/z/work/lux/threshold/pkg/protocol/handler.go:673 +0x12e4
  github.com/luxfi/threshold/pkg/protocol.(*Handler).processMessage()
      /Users/z/work/lux/threshold/pkg/protocol/handler.go:486 +0xbb0
  github.com/luxfi/threshold/pkg/protocol.(*Handler).messageWorker()
      /Users/z/work/lux/threshold/pkg/protocol/handler.go:408 +0x338
  github.com/luxfi/threshold/pkg/protocol.(*Handler).startWorkers.gowrap2()
      /Users/z/work/lux/threshold/pkg/protocol/handler.go:361 +0x44

Goroutine 696 (running) created at:
  github.com/luxfi/threshold/pkg/protocol.(*Handler).startWorkers()
      /Users/z/work/lux/threshold/pkg/protocol/handler.go:355 +0x27c
  github.com/luxfi/threshold/pkg/protocol.NewHandler()
      /Users/z/work/lux/threshold/pkg/protocol/handler.go:247 +0xf10
  github.com/luxfi/threshold/internal/test.(*Harness).CreateHandler()
      /Users/z/work/lux/threshold/internal/test/harness.go:91 +0x2e4
  github.com/luxfi/threshold/internal/test.RunProtocol()
      /Users/z/work/lux/threshold/internal/test/harness.go:270 +0x230
  github.com/luxfi/threshold/protocols/frost.TestVerificationShareReconstruction()
      /Users/z/work/lux/threshold/protocols/frost/verification_shares_test.go:21 +0x114
  testing.tRunner()
      /opt/homebrew/Cellar/go/1.24.6/libexec/src/testing/testing.go:1792 +0x180
  testing.(*T).Run.gowrap1()
      /opt/homebrew/Cellar/go/1.24.6/libexec/src/testing/testing.go:1851 +0x40
==================
2025-08-15T22:12:56.485-0500	DEBUG	protocol/handler.go:1591	have processed broadcast	{"{round 20 2  <nil>}": {"Key":"from","Type":15,"Integer":0,"String":"a","Interface":null}}
2025-08-15T22:12:56.485-0500	DEBUG	protocol/handler.go:1591	have processed broadcast	{"{round 20 2  <nil>}": {"Key":"from","Type":15,"Integer":0,"String":"c","Interface":null}}
2025-08-15T22:12:56.485-0500	DEBUG	protocol/handler.go:1591	have processed broadcast	{"{round 20 2  <nil>}": {"Key":"from","Type":15,"Integer":0,"String":"d","Interface":null}}
2025-08-15T22:12:56.486-0500	DEBUG	protocol/handler.go:1591	have processed broadcast	{"{round 20 2  <nil>}": {"Key":"from","Type":15,"Integer":0,"String":"e","Interface":null}}
2025-08-15T22:12:56.486-0500	DEBUG	protocol/handler.go:1649	have all messages and processed	{"{round 20 2  <nil>}": {"Key":"self","Type":15,"Integer":0,"String":"b","Interface":null}}
==================
WARNING: DATA RACE
Write at 0x00c00079377c by goroutine 820:
  ??()
      -:0 +0x104ada650
  sync/atomic.CompareAndSwapInt32()
      <autogenerated>:1 +0x18
  sync.(*Mutex).Lock()
      /opt/homebrew/Cellar/go/1.24.6/libexec/src/sync/mutex.go:46 +0x2c
  github.com/luxfi/threshold/protocols/frost/keygen.(*round2).StoreBroadcastMessage()
      /Users/z/work/lux/threshold/protocols/frost/keygen/round2.go:57 +0x58
  github.com/luxfi/threshold/pkg/protocol.(*Handler).verifyBroadcastForRound()
      /Users/z/work/lux/threshold/pkg/protocol/handler.go:1277 +0x3a0
  github.com/luxfi/threshold/pkg/protocol.(*Handler).processQueuedMessages()
      /Users/z/work/lux/threshold/pkg/protocol/handler.go:1513 +0x718
  github.com/luxfi/threshold/pkg/protocol.(*Handler).tryAdvanceRound.gowrap2()
      /Users/z/work/lux/threshold/pkg/protocol/handler.go:673 +0x40

Previous read at 0x00c000793778 by goroutine 703:
  github.com/luxfi/threshold/protocols/frost/keygen.(*round2).Number()
      <autogenerated>:1 +0x38
  github.com/luxfi/threshold/pkg/protocol.(*Handler).tryAdvanceRound()
      /Users/z/work/lux/threshold/pkg/protocol/handler.go:596 +0x328
  github.com/luxfi/threshold/pkg/protocol.(*Handler).roundProcessor()
      /Users/z/work/lux/threshold/pkg/protocol/handler.go:569 +0xb4
  github.com/luxfi/threshold/pkg/protocol.(*Handler).startWorkers.func1()
      /Users/z/work/lux/threshold/pkg/protocol/handler.go:374 +0x78

Goroutine 820 (running) created at:
  github.com/luxfi/threshold/pkg/protocol.(*Handler).tryAdvanceRound()
      /Users/z/work/lux/threshold/pkg/protocol/handler.go:673 +0x12e4
  github.com/luxfi/threshold/pkg/protocol.(*Handler).processMessage()
      /Users/z/work/lux/threshold/pkg/protocol/handler.go:486 +0xbb0
  github.com/luxfi/threshold/pkg/protocol.(*Handler).messageWorker()
      /Users/z/work/lux/threshold/pkg/protocol/handler.go:408 +0x338
  github.com/luxfi/threshold/pkg/protocol.(*Handler).startWorkers.gowrap2()
      /Users/z/work/lux/threshold/pkg/protocol/handler.go:361 +0x44

Goroutine 703 (running) created at:
  github.com/luxfi/threshold/pkg/protocol.(*Handler).startWorkers()
      /Users/z/work/lux/threshold/pkg/protocol/handler.go:372 +0x4fc
  github.com/luxfi/threshold/pkg/protocol.NewHandler()
      /Users/z/work/lux/threshold/pkg/protocol/handler.go:247 +0xf10
  github.com/luxfi/threshold/internal/test.(*Harness).CreateHandler()
      /Users/z/work/lux/threshold/internal/test/harness.go:91 +0x2e4
  github.com/luxfi/threshold/internal/test.RunProtocol()
      /Users/z/work/lux/threshold/internal/test/harness.go:270 +0x230
2025-08-15T22:12:56.484-0500	DEBUG	protocol/handler.go:581	tryAdvanceRound called	{"{current_round 20 3  <nil>}": {"Key":"self","Type":15,"Integer":0,"String":"d","Interface":null}}
2025-08-15T22:12:56.486-0500	DEBUG	protocol/handler.go:1306	waiting for broadcast before normal message
2025-08-15T22:12:56.486-0500	DEBUG	protocol/handler.go:1600	waiting for broadcasts	{"{round 20 3  <nil>}": {"Key":"missing","Type":15,"Integer":0,"String":"[a b c e]","Interface":null}}
2025-08-15T22:12:56.438-0500	DEBUG	protocol/handler.go:437	processing message	{"{from 15 0 a <nil>}": {"Key":"to","Type":15,"Integer":0,"String":"","Interface":null}, "{round 20 3  <nil>}": {"Key":"broadcast","Type":4,"Integer":1,"String":"","Interface":null}}
2025-08-15T22:12:56.487-0500	DEBUG	protocol/handler.go:1657	storing broadcast	{"{round 20 3  <nil>}": {"Key":"from","Type":15,"Integer":0,"String":"a","Interface":null}}
2025-08-15T22:12:56.484-0500	DEBUG	protocol/handler.go:437	processing message	{"{from 15 0 d <nil>}": {"Key":"to","Type":15,"Integer":0,"String":"","Interface":null}, "{round 20 3  <nil>}": {"Key":"broadcast","Type":4,"Integer":1,"String":"","Interface":null}}
2025-08-15T22:12:56.487-0500	DEBUG	protocol/handler.go:1657	storing broadcast	{"{round 20 3  <nil>}": {"Key":"from","Type":15,"Integer":0,"String":"d","Interface":null}}
2025-08-15T22:12:56.487-0500	DEBUG	protocol/handler.go:581	tryAdvanceRound called	{"{current_round 20 3  <nil>}": {"Key":"self","Type":15,"Integer":0,"String":"b","Interface":null}}
2025-08-15T22:12:56.487-0500	DEBUG	protocol/handler.go:581	tryAdvanceRound called	{"{current_round 20 3  <nil>}": {"Key":"self","Type":15,"Integer":0,"String":"a","Interface":null}}
  github.com/luxfi/threshold/protocols/frost.TestVerificationShareReconstruction()
      /Users/z/work/lux/threshold/protocols/frost/verification_shares_test.go:21 +0x114
  testing.tRunner()
      /opt/homebrew/Cellar/go/1.24.6/libexec/src/testing/testing.go:1792 +0x180
  testing.(*T).Run.gowrap1()
      /opt/homebrew/Cellar/go/1.24.6/libexec/src/testing/testing.go:1851 +0x40
==================
2025-08-15T22:12:56.488-0500	DEBUG	protocol/handler.go:1600	waiting for broadcasts	{"{round 20 3  <nil>}": {"Key":"missing","Type":15,"Integer":0,"String":"[a b d e]","Interface":null}}
2025-08-15T22:12:56.489-0500	DEBUG	protocol/handler.go:1591	have processed broadcast	{"{round 20 3  <nil>}": {"Key":"from","Type":15,"Integer":0,"String":"c","Interface":null}}
2025-08-15T22:12:56.489-0500	DEBUG	protocol/handler.go:1591	have processed broadcast	{"{round 20 3  <nil>}": {"Key":"from","Type":15,"Integer":0,"String":"d","Interface":null}}
2025-08-15T22:12:56.489-0500	DEBUG	protocol/handler.go:1600	waiting for broadcasts	{"{round 20 3  <nil>}": {"Key":"missing","Type":15,"Integer":0,"String":"[b e]","Interface":null}}
2025-08-15T22:12:56.486-0500	DEBUG	protocol/handler.go:596	round already finalized
2025-08-15T22:12:56.490-0500	DEBUG	protocol/handler.go:600	current round already advanced	{"{checking 20 2  <nil>}": {"Key":"current","Type":20,"Integer":3,"String":"","Interface":null}}
2025-08-15T22:12:56.490-0500	INFO	protocol/handler.go:560	advanced to round
2025-08-15T22:12:56.490-0500	DEBUG	protocol/handler.go:581	tryAdvanceRound called	{"{current_round 20 3  <nil>}": {"Key":"self","Type":15,"Integer":0,"String":"b","Interface":null}}
2025-08-15T22:12:56.490-0500	DEBUG	protocol/handler.go:1591	have processed broadcast	{"{round 20 3  <nil>}": {"Key":"from","Type":15,"Integer":0,"String":"a","Interface":null}}
2025-08-15T22:12:56.490-0500	DEBUG	protocol/handler.go:1591	have processed broadcast	{"{round 20 3  <nil>}": {"Key":"from","Type":15,"Integer":0,"String":"c","Interface":null}}
2025-08-15T22:12:56.490-0500	DEBUG	protocol/handler.go:1591	have processed broadcast	{"{round 20 3  <nil>}": {"Key":"from","Type":15,"Integer":0,"String":"d","Interface":null}}
2025-08-15T22:12:56.490-0500	DEBUG	protocol/handler.go:1600	waiting for broadcasts	{"{round 20 3  <nil>}": {"Key":"missing","Type":15,"Integer":0,"String":"[e]","Interface":null}}
2025-08-15T22:12:56.490-0500	DEBUG	protocol/handler.go:432	processMessage: p2p round 3 START	{"{from 15 0 b <nil>}": {"Key":"to","Type":15,"Integer":0,"String":"d","Interface":null}}
2025-08-15T22:12:56.490-0500	DEBUG	protocol/handler.go:437	processing message	{"{from 15 0 b <nil>}": {"Key":"to","Type":15,"Integer":0,"String":"d","Interface":null}, "{round 20 3  <nil>}": {"Key":"broadcast","Type":4,"Integer":0,"String":"","Interface":null}}
2025-08-15T22:12:56.491-0500	DEBUG	protocol/handler.go:1662	storing message	{"{round 20 3  <nil>}": {"Key":"from","Type":15,"Integer":0,"String":"b","Interface":null}}
2025-08-15T22:12:56.491-0500	DEBUG	protocol/handler.go:581	tryAdvanceRound called	{"{current_round 20 3  <nil>}": {"Key":"self","Type":15,"Integer":0,"String":"d","Interface":null}}
2025-08-15T22:12:56.491-0500	DEBUG	protocol/handler.go:1306	waiting for broadcast before normal message
2025-08-15T22:12:56.491-0500	DEBUG	protocol/handler.go:1306	waiting for broadcast before normal message
2025-08-15T22:12:56.491-0500	DEBUG	protocol/handler.go:1600	waiting for broadcasts	{"{round 20 3  <nil>}": {"Key":"missing","Type":15,"Integer":0,"String":"[a b c e]","Interface":null}}
2025-08-15T22:12:56.491-0500	DEBUG	protocol/handler.go:432	processMessage: p2p round 3 START	{"{from 15 0 b <nil>}": {"Key":"to","Type":15,"Integer":0,"String":"a","Interface":null}}
2025-08-15T22:12:56.491-0500	DEBUG	protocol/handler.go:437	processing message	{"{from 15 0 b <nil>}": {"Key":"to","Type":15,"Integer":0,"String":"a","Interface":null}, "{round 20 3  <nil>}": {"Key":"broadcast","Type":4,"Integer":0,"String":"","Interface":null}}
==================
WARNING: DATA RACE
Read at 0x00c000731d28 by goroutine 776:
  github.com/luxfi/threshold/protocols/frost/keygen.(*round2).Number()
      <autogenerated>:1 +0x38
  github.com/luxfi/threshold/pkg/protocol.(*Handler).hasAllMessages()
      /Users/z/work/lux/threshold/pkg/protocol/handler.go:1570 +0x40
  github.com/luxfi/threshold/pkg/protocol.(*Handler).tryAdvanceRound()
      /Users/z/work/lux/threshold/pkg/protocol/handler.go:589 +0x29c
  github.com/luxfi/threshold/pkg/protocol.(*Handler).processMessage()
      /Users/z/work/lux/threshold/pkg/protocol/handler.go:474 +0xb70
  github.com/luxfi/threshold/pkg/protocol.(*Handler).messageWorker()
      /Users/z/work/lux/threshold/pkg/protocol/handler.go:408 +0x338
  github.com/luxfi/threshold/pkg/protocol.(*Handler).startWorkers.gowrap1()
      /Users/z/work/lux/threshold/pkg/protocol/handler.go:355 +0x44

Previous write at 0x00c000731d2c by goroutine 812:
  ??()
      -:0 +0x104ad5eb0
  sync/atomic.AddInt32()
      <autogenerated>:1 +0x14
  sync.(*Mutex).Unlock()
      /opt/homebrew/Cellar/go/1.24.6/libexec/src/sync/mutex.go:65 +0x2c
  github.com/luxfi/threshold/protocols/frost/keygen.(*round2).StoreBroadcastMessage()
      /Users/z/work/lux/threshold/protocols/frost/keygen/round2.go:62 +0x78
  github.com/luxfi/threshold/pkg/protocol.(*Handler).verifyBroadcastForRound()
      /Users/z/work/lux/threshold/pkg/protocol/handler.go:1277 +0x3a0
  github.com/luxfi/threshold/pkg/protocol.(*Handler).processQueuedMessages()
      /Users/z/work/lux/threshold/pkg/protocol/handler.go:1542 +0x404
  github.com/luxfi/threshold/pkg/protocol.(*Handler).tryAdvanceRound.gowrap2()
      /Users/z/work/lux/threshold/pkg/protocol/handler.go:673 +0x40

Goroutine 776 (running) created at:
  github.com/luxfi/threshold/pkg/protocol.(*Handler).startWorkers()
      /Users/z/work/lux/threshold/pkg/protocol/handler.go:355 +0x27c
  github.com/luxfi/threshold/pkg/protocol.NewHandler()
      /Users/z/work/lux/threshold/pkg/protocol/handler.go:247 +0xf10
  github.com/luxfi/threshold/internal/test.(*Harness).CreateHandler()
      /Users/z/work/lux/threshold/internal/test/harness.go:91 +0x2e4
  github.com/luxfi/threshold/internal/test.RunProtocol()
      /Users/z/work/lux/threshold/internal/test/harness.go:270 +0x230
  github.com/luxfi/threshold/protocols/frost.TestVerificationShareReconstruction()
      /Users/z/work/lux/threshold/protocols/frost/verification_shares_test.go:21 +0x114
  testing.tRunner()
      /opt/homebrew/Cellar/go/1.24.6/libexec/src/testing/testing.go:1792 +0x180
  testing.(*T).Run.gowrap1()
      /opt/homebrew/Cellar/go/1.24.6/libexec/src/testing/testing.go:1851 +0x40

Goroutine 812 (running) created at:
  github.com/luxfi/threshold/pkg/protocol.(*Handler).tryAdvanceRound()
      /Users/z/work/lux/threshold/pkg/protocol/handler.go:673 +0x12e4
  github.com/luxfi/threshold/pkg/protocol.(*Handler).processMessage()
      /Users/z/work/lux/threshold/pkg/protocol/handler.go:474 +0xb70
  github.com/luxfi/threshold/pkg/protocol.(*Handler).messageWorker()
      /Users/z/work/lux/threshold/pkg/protocol/handler.go:408 +0x338
  github.com/luxfi/threshold/pkg/protocol.(*Handler).startWorkers.gowrap2()
      /Users/z/work/lux/threshold/pkg/protocol/handler.go:361 +0x44
==================
2025-08-15T22:12:56.492-0500	DEBUG	protocol/handler.go:1662	storing message	{"{round 20 3  <nil>}": {"Key":"from","Type":15,"Integer":0,"String":"b","Interface":null}}
2025-08-15T22:12:56.492-0500	DEBUG	protocol/handler.go:1591	have processed broadcast	{"{round 20 3  <nil>}": {"Key":"from","Type":15,"Integer":0,"String":"a","Interface":null}}
2025-08-15T22:12:56.492-0500	DEBUG	protocol/handler.go:1591	have processed broadcast	{"{round 20 2  <nil>}": {"Key":"from","Type":15,"Integer":0,"String":"a","Interface":null}}
==================
WARNING: DATA RACE
Write at 0x00c00079377c by goroutine 820:
  ??()
      -:0 +0x104ad5eb0
  sync/atomic.AddInt32()
      <autogenerated>:1 +0x14
  sync.(*Mutex).Unlock()
      /opt/homebrew/Cellar/go/1.24.6/libexec/src/sync/mutex.go:65 +0x2c
  github.com/luxfi/threshold/protocols/frost/keygen.(*round2).StoreBroadcastMessage()
      /Users/z/work/lux/threshold/protocols/frost/keygen/round2.go:59 +0x634
  github.com/luxfi/threshold/pkg/protocol.(*Handler).verifyBroadcastForRound()
      /Users/z/work/lux/threshold/pkg/protocol/handler.go:1277 +0x3a0
  github.com/luxfi/threshold/pkg/protocol.(*Handler).processQueuedMessages()
      /Users/z/work/lux/threshold/pkg/protocol/handler.go:1513 +0x718
  github.com/luxfi/threshold/pkg/protocol.(*Handler).tryAdvanceRound.gowrap2()
      /Users/z/work/lux/threshold/pkg/protocol/handler.go:673 +0x40

Previous read at 0x00c000793778 by goroutine 703:
  github.com/luxfi/threshold/protocols/frost/keygen.(*round2).Number()
      <autogenerated>:1 +0x38
  github.com/luxfi/threshold/pkg/protocol.(*Handler).tryAdvanceRound()
      /Users/z/work/lux/threshold/pkg/protocol/handler.go:601 +0x4b0
  github.com/luxfi/threshold/pkg/protocol.(*Handler).roundProcessor()
      /Users/z/work/lux/threshold/pkg/protocol/handler.go:569 +0xb4
  github.com/luxfi/threshold/pkg/protocol.(*Handler).startWorkers.func1()
      /Users/z/work/lux/threshold/pkg/protocol/handler.go:374 +0x78

Goroutine 820 (running) created at:
  github.com/luxfi/threshold/pkg/protocol.(*Handler).tryAdvanceRound()
      /Users/z/work/lux/threshold/pkg/protocol/handler.go:673 +0x12e4
  github.com/luxfi/threshold/pkg/protocol.(*Handler).processMessage()
      /Users/z/work/lux/threshold/pkg/protocol/handler.go:486 +0xbb0
  github.com/luxfi/threshold/pkg/protocol.(*Handler).messageWorker()
      /Users/z/work/lux/threshold/pkg/protocol/handler.go:408 +0x338
  github.com/luxfi/threshold/pkg/protocol.(*Handler).startWorkers.gowrap2()
      /Users/z/work/lux/threshold/pkg/protocol/handler.go:361 +0x44

Goroutine 703 (running) created at:
  github.com/luxfi/threshold/pkg/protocol.(*Handler).startWorkers()
      /Users/z/work/lux/threshold/pkg/protocol/handler.go:372 +0x4fc
  github.com/luxfi/threshold/pkg/protocol.NewHandler()
      /Users/z/work/lux/threshold/pkg/protocol/handler.go:247 +0xf10
  github.com/luxfi/threshold/internal/test.(*Harness).CreateHandler()
      /Users/z/work/lux/threshold/internal/test/harness.go:91 +0x2e4
  github.com/luxfi/threshold/internal/test.RunProtocol()
      /Users/z/work/lux/threshold/internal/test/harness.go:270 +0x230
  github.com/luxfi/threshold/protocols/frost.TestVerificationShareReconstruction()
      /Users/z/work/lux/threshold/protocols/frost/verification_shares_test.go:21 +0x114
  testing.tRunner()
      /opt/homebrew/Cellar/go/1.24.6/libexec/src/testing/testing.go:1792 +0x180
  testing.(*T).Run.gowrap1()
      /opt/homebrew/Cellar/go/1.24.6/libexec/src/testing/testing.go:1851 +0x40
==================
2025-08-15T22:12:56.492-0500	DEBUG	protocol/handler.go:1591	have processed broadcast	{"{round 20 3  <nil>}": {"Key":"from","Type":15,"Integer":0,"String":"c","Interface":null}}
2025-08-15T22:12:56.492-0500	DEBUG	protocol/handler.go:1591	have processed broadcast	{"{round 20 3  <nil>}": {"Key":"from","Type":15,"Integer":0,"String":"a","Interface":null}}
2025-08-15T22:12:56.492-0500	DEBUG	protocol/handler.go:1591	have processed broadcast	{"{round 20 2  <nil>}": {"Key":"from","Type":15,"Integer":0,"String":"a","Interface":null}}
2025-08-15T22:12:56.492-0500	DEBUG	protocol/handler.go:1591	have processed broadcast	{"{round 20 3  <nil>}": {"Key":"from","Type":15,"Integer":0,"String":"c","Interface":null}}
2025-08-15T22:12:56.492-0500	DEBUG	protocol/handler.go:1591	have processed broadcast	{"{round 20 2  <nil>}": {"Key":"from","Type":15,"Integer":0,"String":"b","Interface":null}}
2025-08-15T22:12:56.492-0500	DEBUG	protocol/handler.go:1591	have processed broadcast	{"{round 20 3  <nil>}": {"Key":"from","Type":15,"Integer":0,"String":"d","Interface":null}}
2025-08-15T22:12:56.493-0500	DEBUG	protocol/handler.go:1600	waiting for broadcasts	{"{round 20 3  <nil>}": {"Key":"missing","Type":15,"Integer":0,"String":"[e]","Interface":null}}
2025-08-15T22:12:56.492-0500	DEBUG	protocol/handler.go:581	tryAdvanceRound called	{"{current_round 20 3  <nil>}": {"Key":"self","Type":15,"Integer":0,"String":"a","Interface":null}}
2025-08-15T22:12:56.493-0500	DEBUG	protocol/handler.go:1306	waiting for broadcast before normal message
2025-08-15T22:12:56.492-0500	DEBUG	protocol/handler.go:437	processing message	{"{from 15 0 b <nil>}": {"Key":"to","Type":15,"Integer":0,"String":"","Interface":null}, "{round 20 3  <nil>}": {"Key":"broadcast","Type":4,"Integer":1,"String":"","Interface":null}}
2025-08-15T22:12:56.493-0500	DEBUG	protocol/handler.go:1657	storing broadcast	{"{round 20 3  <nil>}": {"Key":"from","Type":15,"Integer":0,"String":"b","Interface":null}}
2025-08-15T22:12:56.493-0500	DEBUG	protocol/handler.go:1591	have processed broadcast	{"{round 20 3  <nil>}": {"Key":"from","Type":15,"Integer":0,"String":"a","Interface":null}}
2025-08-15T22:12:56.493-0500	DEBUG	protocol/handler.go:1591	have processed broadcast	{"{round 20 3  <nil>}": {"Key":"from","Type":15,"Integer":0,"String":"c","Interface":null}}
2025-08-15T22:12:56.493-0500	DEBUG	protocol/handler.go:581	tryAdvanceRound called	{"{current_round 20 3  <nil>}": {"Key":"self","Type":15,"Integer":0,"String":"d","Interface":null}}
2025-08-15T22:12:56.493-0500	DEBUG	protocol/handler.go:1591	have processed broadcast	{"{round 20 3  <nil>}": {"Key":"from","Type":15,"Integer":0,"String":"c","Interface":null}}
2025-08-15T22:12:56.493-0500	DEBUG	protocol/handler.go:1591	have processed broadcast	{"{round 20 3  <nil>}": {"Key":"from","Type":15,"Integer":0,"String":"d","Interface":null}}
2025-08-15T22:12:56.493-0500	DEBUG	protocol/handler.go:1600	waiting for broadcasts	{"{round 20 3  <nil>}": {"Key":"missing","Type":15,"Integer":0,"String":"[b e]","Interface":null}}
2025-08-15T22:12:56.493-0500	DEBUG	protocol/handler.go:1591	have processed broadcast	{"{round 20 3  <nil>}": {"Key":"from","Type":15,"Integer":0,"String":"d","Interface":null}}
2025-08-15T22:12:56.493-0500	DEBUG	protocol/handler.go:1600	waiting for broadcasts	{"{round 20 3  <nil>}": {"Key":"missing","Type":15,"Integer":0,"String":"[e]","Interface":null}}
2025-08-15T22:12:56.492-0500	DEBUG	protocol/handler.go:581	tryAdvanceRound called	{"{current_round 20 3  <nil>}": {"Key":"self","Type":15,"Integer":0,"String":"d","Interface":null}}
2025-08-15T22:12:56.493-0500	DEBUG	protocol/handler.go:1306	waiting for broadcast before normal message
2025-08-15T22:12:56.494-0500	DEBUG	protocol/handler.go:581	tryAdvanceRound called	{"{current_round 20 3  <nil>}": {"Key":"self","Type":15,"Integer":0,"String":"a","Interface":null}}
2025-08-15T22:12:56.494-0500	DEBUG	protocol/handler.go:1306	waiting for broadcast before normal message
2025-08-15T22:12:56.494-0500	DEBUG	protocol/handler.go:1591	have processed broadcast	{"{round 20 3  <nil>}": {"Key":"from","Type":15,"Integer":0,"String":"c","Interface":null}}
2025-08-15T22:12:56.494-0500	DEBUG	protocol/handler.go:1591	have processed broadcast	{"{round 20 3  <nil>}": {"Key":"from","Type":15,"Integer":0,"String":"d","Interface":null}}
2025-08-15T22:12:56.494-0500	DEBUG	protocol/handler.go:1600	waiting for broadcasts	{"{round 20 3  <nil>}": {"Key":"missing","Type":15,"Integer":0,"String":"[b e]","Interface":null}}
2025-08-15T22:12:56.492-0500	DEBUG	protocol/handler.go:437	processing message	{"{from 15 0 b <nil>}": {"Key":"to","Type":15,"Integer":0,"String":"","Interface":null}, "{round 20 3  <nil>}": {"Key":"broadcast","Type":4,"Integer":1,"String":"","Interface":null}}
2025-08-15T22:12:56.492-0500	DEBUG	protocol/handler.go:581	tryAdvanceRound called	{"{current_round 20 3  <nil>}": {"Key":"self","Type":15,"Integer":0,"String":"c","Interface":null}}
2025-08-15T22:12:56.494-0500	DEBUG	protocol/handler.go:1306	waiting for broadcast before normal message
2025-08-15T22:12:56.494-0500	DEBUG	protocol/handler.go:1591	have processed broadcast	{"{round 20 3  <nil>}": {"Key":"from","Type":15,"Integer":0,"String":"b","Interface":null}}
2025-08-15T22:12:56.494-0500	DEBUG	protocol/handler.go:1657	storing broadcast	{"{round 20 3  <nil>}": {"Key":"from","Type":15,"Integer":0,"String":"b","Interface":null}}
2025-08-15T22:12:56.495-0500	DEBUG	protocol/handler.go:1600	waiting for broadcasts	{"{round 20 3  <nil>}": {"Key":"missing","Type":15,"Integer":0,"String":"[a c e]","Interface":null}}
2025-08-15T22:12:56.494-0500	DEBUG	protocol/handler.go:1600	waiting for broadcasts	{"{round 20 3  <nil>}": {"Key":"missing","Type":15,"Integer":0,"String":"[a b d e]","Interface":null}}
2025-08-15T22:12:56.492-0500	DEBUG	protocol/handler.go:1591	have processed broadcast	{"{round 20 3  <nil>}": {"Key":"from","Type":15,"Integer":0,"String":"d","Interface":null}}
2025-08-15T22:12:56.495-0500	DEBUG	protocol/handler.go:581	tryAdvanceRound called	{"{current_round 20 3  <nil>}": {"Key":"self","Type":15,"Integer":0,"String":"b","Interface":null}}
2025-08-15T22:12:56.495-0500	DEBUG	protocol/handler.go:1591	have processed broadcast	{"{round 20 3  <nil>}": {"Key":"from","Type":15,"Integer":0,"String":"b","Interface":null}}
2025-08-15T22:12:56.495-0500	DEBUG	protocol/handler.go:1591	have processed broadcast	{"{round 20 3  <nil>}": {"Key":"from","Type":15,"Integer":0,"String":"a","Interface":null}}
2025-08-15T22:12:56.495-0500	DEBUG	protocol/handler.go:1600	waiting for broadcasts	{"{round 20 3  <nil>}": {"Key":"missing","Type":15,"Integer":0,"String":"[a c e]","Interface":null}}
2025-08-15T22:12:56.493-0500	DEBUG	protocol/handler.go:1591	have processed broadcast	{"{round 20 2  <nil>}": {"Key":"from","Type":15,"Integer":0,"String":"c","Interface":null}}
2025-08-15T22:12:56.495-0500	DEBUG	protocol/handler.go:1600	waiting for broadcasts	{"{round 20 3  <nil>}": {"Key":"missing","Type":15,"Integer":0,"String":"[e]","Interface":null}}
2025-08-15T22:12:56.495-0500	DEBUG	protocol/handler.go:1591	have processed broadcast	{"{round 20 3  <nil>}": {"Key":"from","Type":15,"Integer":0,"String":"c","Interface":null}}
2025-08-15T22:12:56.495-0500	DEBUG	protocol/handler.go:1591	have processed broadcast	{"{round 20 2  <nil>}": {"Key":"from","Type":15,"Integer":0,"String":"d","Interface":null}}
2025-08-15T22:12:56.495-0500	DEBUG	protocol/handler.go:1591	have processed broadcast	{"{round 20 3  <nil>}": {"Key":"from","Type":15,"Integer":0,"String":"d","Interface":null}}
2025-08-15T22:12:56.495-0500	DEBUG	protocol/handler.go:1649	have all messages and processed	{"{round 20 2  <nil>}": {"Key":"self","Type":15,"Integer":0,"String":"e","Interface":null}}
2025-08-15T22:12:56.495-0500	DEBUG	protocol/handler.go:1600	waiting for broadcasts	{"{round 20 3  <nil>}": {"Key":"missing","Type":15,"Integer":0,"String":"[e]","Interface":null}}
2025-08-15T22:12:56.495-0500	DEBUG	protocol/handler.go:581	tryAdvanceRound called	{"{current_round 20 3  <nil>}": {"Key":"self","Type":15,"Integer":0,"String":"a","Interface":null}}
2025-08-15T22:12:56.495-0500	DEBUG	protocol/handler.go:619	finalizing round
2025-08-15T22:12:56.492-0500	DEBUG	protocol/handler.go:1591	have processed broadcast	{"{round 20 2  <nil>}": {"Key":"from","Type":15,"Integer":0,"String":"b","Interface":null}}
2025-08-15T22:12:56.495-0500	DEBUG	protocol/handler.go:1591	have processed broadcast	{"{round 20 2  <nil>}": {"Key":"from","Type":15,"Integer":0,"String":"c","Interface":null}}
2025-08-15T22:12:56.495-0500	DEBUG	protocol/handler.go:437	processing message	{"{from 15 0 d <nil>}": {"Key":"to","Type":15,"Integer":0,"String":"","Interface":null}, "{round 20 3  <nil>}": {"Key":"broadcast","Type":4,"Integer":1,"String":"","Interface":null}}
2025-08-15T22:12:56.496-0500	DEBUG	protocol/handler.go:1657	storing broadcast	{"{round 20 3  <nil>}": {"Key":"from","Type":15,"Integer":0,"String":"d","Interface":null}}
2025-08-15T22:12:56.496-0500	DEBUG	protocol/handler.go:1591	have processed broadcast	{"{round 20 2  <nil>}": {"Key":"from","Type":15,"Integer":0,"String":"d","Interface":null}}
2025-08-15T22:12:56.496-0500	DEBUG	protocol/handler.go:581	tryAdvanceRound called	{"{current_round 20 3  <nil>}": {"Key":"self","Type":15,"Integer":0,"String":"c","Interface":null}}
2025-08-15T22:12:56.496-0500	DEBUG	protocol/handler.go:1591	have processed broadcast	{"{round 20 3  <nil>}": {"Key":"from","Type":15,"Integer":0,"String":"d","Interface":null}}
2025-08-15T22:12:56.496-0500	DEBUG	protocol/handler.go:1600	waiting for broadcasts	{"{round 20 3  <nil>}": {"Key":"missing","Type":15,"Integer":0,"String":"[a b e]","Interface":null}}
==================
WARNING: DATA RACE
Write at 0x00c000731d2c by goroutine 821:
  ??()
      -:0 +0x104ada650
  sync/atomic.CompareAndSwapInt32()
      <autogenerated>:1 +0x18
  sync.(*Mutex).Lock()
      /opt/homebrew/Cellar/go/1.24.6/libexec/src/sync/mutex.go:46 +0x2c
  github.com/luxfi/threshold/protocols/frost/keygen.(*round2).Finalize()
      /Users/z/work/lux/threshold/protocols/frost/keygen/round2.go:157 +0x784
  github.com/luxfi/threshold/pkg/protocol.(*Handler).finalizeRound.func1()
      /Users/z/work/lux/threshold/pkg/protocol/handler.go:1163 +0xe4

Previous read at 0x00c000731d28 by goroutine 776:
  github.com/luxfi/threshold/protocols/frost/keygen.(*round2).MessageContent()
      <autogenerated>:1 +0x38
  github.com/luxfi/threshold/pkg/protocol.(*Handler).hasAllMessages()
      /Users/z/work/lux/threshold/pkg/protocol/handler.go:1617 +0x6c8
  github.com/luxfi/threshold/pkg/protocol.(*Handler).tryAdvanceRound()
      /Users/z/work/lux/threshold/pkg/protocol/handler.go:589 +0x29c
  github.com/luxfi/threshold/pkg/protocol.(*Handler).processMessage()
      /Users/z/work/lux/threshold/pkg/protocol/handler.go:474 +0xb70
  github.com/luxfi/threshold/pkg/protocol.(*Handler).messageWorker()
      /Users/z/work/lux/threshold/pkg/protocol/handler.go:408 +0x338
  github.com/luxfi/threshold/pkg/protocol.(*Handler).startWorkers.gowrap1()
      /Users/z/work/lux/threshold/pkg/protocol/handler.go:355 +0x44

Goroutine 821 (running) created at:
  github.com/luxfi/threshold/pkg/protocol.(*Handler).finalizeRound()
      /Users/z/work/lux/threshold/pkg/protocol/handler.go:1160 +0x26c
  github.com/luxfi/threshold/pkg/protocol.(*Handler).tryAdvanceRound()
      /Users/z/work/lux/threshold/pkg/protocol/handler.go:622 +0xae4
  github.com/luxfi/threshold/pkg/protocol.(*Handler).roundProcessor()
      /Users/z/work/lux/threshold/pkg/protocol/handler.go:569 +0xb4
  github.com/luxfi/threshold/pkg/protocol.(*Handler).startWorkers.func1()
      /Users/z/work/lux/threshold/pkg/protocol/handler.go:374 +0x78

Goroutine 776 (running) created at:
  github.com/luxfi/threshold/pkg/protocol.(*Handler).startWorkers()
      /Users/z/work/lux/threshold/pkg/protocol/handler.go:355 +0x27c
  github.com/luxfi/threshold/pkg/protocol.NewHandler()
      /Users/z/work/lux/threshold/pkg/protocol/handler.go:247 +0xf10
  github.com/luxfi/threshold/internal/test.(*Harness).CreateHandler()
      /Users/z/work/lux/threshold/internal/test/harness.go:91 +0x2e4
  github.com/luxfi/threshold/internal/test.RunProtocol()
      /Users/z/work/lux/threshold/internal/test/harness.go:270 +0x230
  github.com/luxfi/threshold/protocols/frost.TestVerificationShareReconstruction()
      /Users/z/work/lux/threshold/protocols/frost/verification_shares_test.go:21 +0x114
  testing.tRunner()
      /opt/homebrew/Cellar/go/1.24.6/libexec/src/testing/testing.go:1792 +0x180
  testing.(*T).Run.gowrap1()
      /opt/homebrew/Cellar/go/1.24.6/libexec/src/testing/testing.go:1851 +0x40
==================
2025-08-15T22:12:56.496-0500	DEBUG	protocol/handler.go:1649	have all messages and processed	{"{round 20 2  <nil>}": {"Key":"self","Type":15,"Integer":0,"String":"e","Interface":null}}
==================
WARNING: DATA RACE
Read at 0x00c000731d28 by goroutine 776:
  github.com/luxfi/threshold/protocols/frost/keygen.(*round2).Number()
      <autogenerated>:1 +0x38
  github.com/luxfi/threshold/pkg/protocol.(*Handler).tryAdvanceRound()
      /Users/z/work/lux/threshold/pkg/protocol/handler.go:595 +0x2bc
  github.com/luxfi/threshold/pkg/protocol.(*Handler).processMessage()
      /Users/z/work/lux/threshold/pkg/protocol/handler.go:474 +0xb70
  github.com/luxfi/threshold/pkg/protocol.(*Handler).messageWorker()
      /Users/z/work/lux/threshold/pkg/protocol/handler.go:408 +0x338
  github.com/luxfi/threshold/pkg/protocol.(*Handler).startWorkers.gowrap1()
      /Users/z/work/lux/threshold/pkg/protocol/handler.go:355 +0x44

Previous write at 0x00c000731d28 by goroutine 821:
  github.com/luxfi/threshold/protocols/frost/keygen.(*round2).Finalize()
      /Users/z/work/lux/threshold/protocols/frost/keygen/round2.go:158 +0x78c
  github.com/luxfi/threshold/pkg/protocol.(*Handler).finalizeRound.func1()
      /Users/z/work/lux/threshold/pkg/protocol/handler.go:1163 +0xe4

Goroutine 776 (running) created at:
  github.com/luxfi/threshold/pkg/protocol.(*Handler).startWorkers()
      /Users/z/work/lux/threshold/pkg/protocol/handler.go:355 +0x27c
  github.com/luxfi/threshold/pkg/protocol.NewHandler()
      /Users/z/work/lux/threshold/pkg/protocol/handler.go:247 +0xf10
  github.com/luxfi/threshold/internal/test.(*Harness).CreateHandler()
      /Users/z/work/lux/threshold/internal/test/harness.go:91 +0x2e4
  github.com/luxfi/threshold/internal/test.RunProtocol()
      /Users/z/work/lux/threshold/internal/test/harness.go:270 +0x230
  github.com/luxfi/threshold/protocols/frost.TestVerificationShareReconstruction()
      /Users/z/work/lux/threshold/protocols/frost/verification_shares_test.go:21 +0x114
  testing.tRunner()
      /opt/homebrew/Cellar/go/1.24.6/libexec/src/testing/testing.go:1792 +0x180
  testing.(*T).Run.gowrap1()
      /opt/homebrew/Cellar/go/1.24.6/libexec/src/testing/testing.go:1851 +0x40

Goroutine 821 (finished) created at:
  github.com/luxfi/threshold/pkg/protocol.(*Handler).finalizeRound()
      /Users/z/work/lux/threshold/pkg/protocol/handler.go:1160 +0x26c
  github.com/luxfi/threshold/pkg/protocol.(*Handler).tryAdvanceRound()
      /Users/z/work/lux/threshold/pkg/protocol/handler.go:622 +0xae4
  github.com/luxfi/threshold/pkg/protocol.(*Handler).roundProcessor()
      /Users/z/work/lux/threshold/pkg/protocol/handler.go:569 +0xb4
  github.com/luxfi/threshold/pkg/protocol.(*Handler).startWorkers.func1()
      /Users/z/work/lux/threshold/pkg/protocol/handler.go:374 +0x78
==================
2025-08-15T22:12:56.497-0500	DEBUG	protocol/handler.go:596	round already finalized
2025-08-15T22:12:56.496-0500	DEBUG	protocol/handler.go:1039	sendRoundMessage	{"{from 15 0 e <nil>}": {"Key":"to","Type":15,"Integer":0,"String":"","Interface":null}, "{round 20 3  <nil>}": {"Key":"broadcast","Type":4,"Integer":1,"String":"","Interface":null}}
2025-08-15T22:12:56.497-0500	DEBUG	protocol/handler.go:1657	storing broadcast	{"{round 20 3  <nil>}": {"Key":"from","Type":15,"Integer":0,"String":"e","Interface":null}}
2025-08-15T22:12:56.497-0500	DEBUG	protocol/handler.go:1081	sent message to output channel	{"{from 15 0 e <nil>}": {"Key":"to","Type":15,"Integer":0,"String":"","Interface":null}, "{round 20 3  <nil>}": {"Key":"broadcast","Type":4,"Integer":1,"String":"","Interface":null}}
2025-08-15T22:12:56.497-0500	DEBUG	protocol/handler.go:1039	sendRoundMessage	{"{from 15 0 e <nil>}": {"Key":"to","Type":15,"Integer":0,"String":"a","Interface":null}, "{round 20 3  <nil>}": {"Key":"broadcast","Type":4,"Integer":0,"String":"","Interface":null}}
2025-08-15T22:12:56.497-0500	DEBUG	protocol/handler.go:1081	sent message to output channel	{"{from 15 0 e <nil>}": {"Key":"to","Type":15,"Integer":0,"String":"a","Interface":null}, "{round 20 3  <nil>}": {"Key":"broadcast","Type":4,"Integer":0,"String":"","Interface":null}}
2025-08-15T22:12:56.497-0500	DEBUG	protocol/handler.go:1039	sendRoundMessage	{"{from 15 0 e <nil>}": {"Key":"to","Type":15,"Integer":0,"String":"b","Interface":null}, "{round 20 3  <nil>}": {"Key":"broadcast","Type":4,"Integer":0,"String":"","Interface":null}}
2025-08-15T22:12:56.497-0500	DEBUG	protocol/handler.go:437	processing message	{"{from 15 0 e <nil>}": {"Key":"to","Type":15,"Integer":0,"String":"","Interface":null}, "{round 20 3  <nil>}": {"Key":"broadcast","Type":4,"Integer":1,"String":"","Interface":null}}
2025-08-15T22:12:56.498-0500	DEBUG	protocol/handler.go:1657	storing broadcast	{"{round 20 3  <nil>}": {"Key":"from","Type":15,"Integer":0,"String":"e","Interface":null}}
2025-08-15T22:12:56.498-0500	DEBUG	protocol/handler.go:1081	sent message to output channel	{"{from 15 0 e <nil>}": {"Key":"to","Type":15,"Integer":0,"String":"b","Interface":null}, "{round 20 3  <nil>}": {"Key":"broadcast","Type":4,"Integer":0,"String":"","Interface":null}}
2025-08-15T22:12:56.498-0500	DEBUG	protocol/handler.go:1591	have processed broadcast	{"{round 20 3  <nil>}": {"Key":"from","Type":15,"Integer":0,"String":"b","Interface":null}}
2025-08-15T22:12:56.498-0500	DEBUG	protocol/handler.go:1039	sendRoundMessage	{"{from 15 0 e <nil>}": {"Key":"to","Type":15,"Integer":0,"String":"c","Interface":null}, "{round 20 3  <nil>}": {"Key":"broadcast","Type":4,"Integer":0,"String":"","Interface":null}}
2025-08-15T22:12:56.498-0500	DEBUG	protocol/handler.go:1591	have processed broadcast	{"{round 20 3  <nil>}": {"Key":"from","Type":15,"Integer":0,"String":"c","Interface":null}}
2025-08-15T22:12:56.498-0500	DEBUG	protocol/handler.go:1081	sent message to output channel	{"{from 15 0 e <nil>}": {"Key":"to","Type":15,"Integer":0,"String":"c","Interface":null}, "{round 20 3  <nil>}": {"Key":"broadcast","Type":4,"Integer":0,"String":"","Interface":null}}
2025-08-15T22:12:56.498-0500	DEBUG	protocol/handler.go:1591	have processed broadcast	{"{round 20 3  <nil>}": {"Key":"from","Type":15,"Integer":0,"String":"d","Interface":null}}
2025-08-15T22:12:56.498-0500	DEBUG	protocol/handler.go:1039	sendRoundMessage	{"{from 15 0 e <nil>}": {"Key":"to","Type":15,"Integer":0,"String":"d","Interface":null}, "{round 20 3  <nil>}": {"Key":"broadcast","Type":4,"Integer":0,"String":"","Interface":null}}
2025-08-15T22:12:56.498-0500	DEBUG	protocol/handler.go:1600	waiting for broadcasts	{"{round 20 3  <nil>}": {"Key":"missing","Type":15,"Integer":0,"String":"[e]","Interface":null}}
2025-08-15T22:12:56.498-0500	DEBUG	protocol/handler.go:581	tryAdvanceRound called	{"{current_round 20 3  <nil>}": {"Key":"self","Type":15,"Integer":0,"String":"d","Interface":null}}
2025-08-15T22:12:56.498-0500	DEBUG	protocol/handler.go:1081	sent message to output channel	{"{from 15 0 e <nil>}": {"Key":"to","Type":15,"Integer":0,"String":"d","Interface":null}, "{round 20 3  <nil>}": {"Key":"broadcast","Type":4,"Integer":0,"String":"","Interface":null}}
2025-08-15T22:12:56.498-0500	DEBUG	protocol/handler.go:1182	finalized round messages	{"{round 20 2  <nil>}": {"Key":"messages","Type":11,"Integer":5,"String":"","Interface":null}}
2025-08-15T22:12:56.498-0500	DEBUG	protocol/handler.go:437	processing message	{"{from 15 0 e <nil>}": {"Key":"to","Type":15,"Integer":0,"String":"","Interface":null}, "{round 20 3  <nil>}": {"Key":"broadcast","Type":4,"Integer":1,"String":"","Interface":null}}
2025-08-15T22:12:56.498-0500	DEBUG	protocol/handler.go:1239	finalize returned next round	{"{current 20 2  <nil>}": {"Key":"next","Type":20,"Integer":3,"String":"","Interface":null}}
2025-08-15T22:12:56.498-0500	DEBUG	protocol/handler.go:437	processing message	{"{from 15 0 e <nil>}": {"Key":"to","Type":15,"Integer":0,"String":"","Interface":null}, "{round 20 3  <nil>}": {"Key":"broadcast","Type":4,"Integer":1,"String":"","Interface":null}}
2025-08-15T22:12:56.498-0500	DEBUG	protocol/handler.go:1657	storing broadcast	{"{round 20 3  <nil>}": {"Key":"from","Type":15,"Integer":0,"String":"e","Interface":null}}
2025-08-15T22:12:56.498-0500	DEBUG	protocol/handler.go:1657	storing broadcast	{"{round 20 3  <nil>}": {"Key":"from","Type":15,"Integer":0,"String":"e","Interface":null}}
2025-08-15T22:12:56.498-0500	INFO	protocol/handler.go:642	storing new currentRound	{"{from 20 2  <nil>}": {"Key":"to","Type":20,"Integer":3,"String":"","Interface":null}}
2025-08-15T22:12:56.498-0500	DEBUG	protocol/handler.go:1503	processing queued messages
2025-08-15T22:12:56.498-0500	DEBUG	protocol/handler.go:432	processMessage: p2p round 3 START	{"{from 15 0 e <nil>}": {"Key":"to","Type":15,"Integer":0,"String":"b","Interface":null}}
2025-08-15T22:12:56.499-0500	INFO	protocol/handler.go:560	advanced to round
2025-08-15T22:12:56.499-0500	DEBUG	protocol/handler.go:437	processing message	{"{from 15 0 e <nil>}": {"Key":"to","Type":15,"Integer":0,"String":"b","Interface":null}, "{round 20 3  <nil>}": {"Key":"broadcast","Type":4,"Integer":0,"String":"","Interface":null}}
2025-08-15T22:12:56.499-0500	DEBUG	protocol/handler.go:1662	storing message	{"{round 20 3  <nil>}": {"Key":"from","Type":15,"Integer":0,"String":"e","Interface":null}}
2025-08-15T22:12:56.499-0500	DEBUG	protocol/handler.go:581	tryAdvanceRound called	{"{current_round 20 3  <nil>}": {"Key":"self","Type":15,"Integer":0,"String":"e","Interface":null}}
2025-08-15T22:12:56.499-0500	DEBUG	protocol/handler.go:1306	waiting for broadcast before normal message
2025-08-15T22:12:56.498-0500	DEBUG	protocol/handler.go:1306	waiting for broadcast before normal message
2025-08-15T22:12:56.499-0500	DEBUG	protocol/handler.go:432	processMessage: p2p round 3 START	{"{from 15 0 e <nil>}": {"Key":"to","Type":15,"Integer":0,"String":"d","Interface":null}}
2025-08-15T22:12:56.499-0500	DEBUG	protocol/handler.go:1591	have processed broadcast	{"{round 20 3  <nil>}": {"Key":"from","Type":15,"Integer":0,"String":"b","Interface":null}}
2025-08-15T22:12:56.499-0500	DEBUG	protocol/handler.go:437	processing message	{"{from 15 0 e <nil>}": {"Key":"to","Type":15,"Integer":0,"String":"d","Interface":null}, "{round 20 3  <nil>}": {"Key":"broadcast","Type":4,"Integer":0,"String":"","Interface":null}}
2025-08-15T22:12:56.499-0500	DEBUG	protocol/handler.go:1591	have processed broadcast	{"{round 20 3  <nil>}": {"Key":"from","Type":15,"Integer":0,"String":"e","Interface":null}}
2025-08-15T22:12:56.498-0500	DEBUG	protocol/handler.go:432	processMessage: p2p round 3 START	{"{from 15 0 e <nil>}": {"Key":"to","Type":15,"Integer":0,"String":"c","Interface":null}}
2025-08-15T22:12:56.499-0500	DEBUG	protocol/handler.go:1600	waiting for broadcasts	{"{round 20 3  <nil>}": {"Key":"missing","Type":15,"Integer":0,"String":"[a c]","Interface":null}}
2025-08-15T22:12:56.499-0500	DEBUG	protocol/handler.go:1503	processing queued messages
2025-08-15T22:12:56.499-0500	DEBUG	protocol/handler.go:581	tryAdvanceRound called	{"{current_round 20 3  <nil>}": {"Key":"self","Type":15,"Integer":0,"String":"c","Interface":null}}
2025-08-15T22:12:56.499-0500	DEBUG	protocol/handler.go:1591	have processed broadcast	{"{round 20 3  <nil>}": {"Key":"from","Type":15,"Integer":0,"String":"d","Interface":null}}
2025-08-15T22:12:56.499-0500	DEBUG	protocol/handler.go:1662	storing message	{"{round 20 3  <nil>}": {"Key":"from","Type":15,"Integer":0,"String":"e","Interface":null}}
2025-08-15T22:12:56.499-0500	DEBUG	protocol/handler.go:1600	waiting for broadcasts	{"{round 20 3  <nil>}": {"Key":"missing","Type":15,"Integer":0,"String":"[a b c d]","Interface":null}}
2025-08-15T22:12:56.499-0500	DEBUG	protocol/handler.go:437	processing message	{"{from 15 0 e <nil>}": {"Key":"to","Type":15,"Integer":0,"String":"c","Interface":null}, "{round 20 3  <nil>}": {"Key":"broadcast","Type":4,"Integer":0,"String":"","Interface":null}}
2025-08-15T22:12:56.500-0500	DEBUG	protocol/handler.go:1662	storing message	{"{round 20 3  <nil>}": {"Key":"from","Type":15,"Integer":0,"String":"e","Interface":null}}
2025-08-15T22:12:56.499-0500	DEBUG	protocol/handler.go:581	tryAdvanceRound called	{"{current_round 20 3  <nil>}": {"Key":"self","Type":15,"Integer":0,"String":"b","Interface":null}}
2025-08-15T22:12:56.499-0500	DEBUG	protocol/handler.go:1591	have processed broadcast	{"{round 20 3  <nil>}": {"Key":"from","Type":15,"Integer":0,"String":"e","Interface":null}}
2025-08-15T22:12:56.501-0500	DEBUG	protocol/handler.go:581	tryAdvanceRound called	{"{current_round 20 3  <nil>}": {"Key":"self","Type":15,"Integer":0,"String":"e","Interface":null}}
2025-08-15T22:12:56.501-0500	DEBUG	protocol/handler.go:581	tryAdvanceRound called	{"{current_round 20 3  <nil>}": {"Key":"self","Type":15,"Integer":0,"String":"c","Interface":null}}
2025-08-15T22:12:56.500-0500	DEBUG	protocol/handler.go:1600	waiting for broadcasts	{"{round 20 3  <nil>}": {"Key":"missing","Type":15,"Integer":0,"String":"[a b]","Interface":null}}
2025-08-15T22:12:56.501-0500	DEBUG	protocol/handler.go:1306	waiting for broadcast before normal message
2025-08-15T22:12:56.501-0500	DEBUG	protocol/handler.go:1600	waiting for broadcasts	{"{round 20 3  <nil>}": {"Key":"missing","Type":15,"Integer":0,"String":"[a b c d]","Interface":null}}
2025-08-15T22:12:56.501-0500	DEBUG	protocol/handler.go:581	tryAdvanceRound called	{"{current_round 20 3  <nil>}": {"Key":"self","Type":15,"Integer":0,"String":"b","Interface":null}}
2025-08-15T22:12:56.502-0500	DEBUG	protocol/handler.go:1591	have processed broadcast	{"{round 20 3  <nil>}": {"Key":"from","Type":15,"Integer":0,"String":"a","Interface":null}}
2025-08-15T22:12:56.502-0500	DEBUG	protocol/handler.go:1591	have processed broadcast	{"{round 20 3  <nil>}": {"Key":"from","Type":15,"Integer":0,"String":"c","Interface":null}}
2025-08-15T22:12:56.502-0500	DEBUG	protocol/handler.go:1591	have processed broadcast	{"{round 20 3  <nil>}": {"Key":"from","Type":15,"Integer":0,"String":"d","Interface":null}}
2025-08-15T22:12:56.502-0500	DEBUG	protocol/handler.go:1591	have processed broadcast	{"{round 20 3  <nil>}": {"Key":"from","Type":15,"Integer":0,"String":"e","Interface":null}}
2025-08-15T22:12:56.502-0500	DEBUG	protocol/handler.go:1649	have all messages and processed	{"{round 20 3  <nil>}": {"Key":"self","Type":15,"Integer":0,"String":"b","Interface":null}}
2025-08-15T22:12:56.502-0500	DEBUG	protocol/handler.go:437	processing message	{"{from 15 0 e <nil>}": {"Key":"to","Type":15,"Integer":0,"String":"","Interface":null}, "{round 20 3  <nil>}": {"Key":"broadcast","Type":4,"Integer":1,"String":"","Interface":null}}
2025-08-15T22:12:56.502-0500	DEBUG	protocol/handler.go:619	finalizing round
2025-08-15T22:12:56.502-0500	DEBUG	protocol/handler.go:1657	storing broadcast	{"{round 20 3  <nil>}": {"Key":"from","Type":15,"Integer":0,"String":"e","Interface":null}}
2025-08-15T22:12:56.502-0500	DEBUG	protocol/handler.go:432	processMessage: p2p round 3 START	{"{from 15 0 e <nil>}": {"Key":"to","Type":15,"Integer":0,"String":"a","Interface":null}}
2025-08-15T22:12:56.502-0500	DEBUG	protocol/handler.go:581	tryAdvanceRound called	{"{current_round 20 3  <nil>}": {"Key":"self","Type":15,"Integer":0,"String":"d","Interface":null}}
2025-08-15T22:12:56.502-0500	DEBUG	protocol/handler.go:581	tryAdvanceRound called	{"{current_round 20 3  <nil>}": {"Key":"self","Type":15,"Integer":0,"String":"a","Interface":null}}
2025-08-15T22:12:56.502-0500	DEBUG	protocol/handler.go:1591	have processed broadcast	{"{round 20 3  <nil>}": {"Key":"from","Type":15,"Integer":0,"String":"a","Interface":null}}
2025-08-15T22:12:56.502-0500	DEBUG	protocol/handler.go:437	processing message	{"{from 15 0 e <nil>}": {"Key":"to","Type":15,"Integer":0,"String":"a","Interface":null}, "{round 20 3  <nil>}": {"Key":"broadcast","Type":4,"Integer":0,"String":"","Interface":null}}
2025-08-15T22:12:56.502-0500	DEBUG	protocol/handler.go:1662	storing message	{"{round 20 3  <nil>}": {"Key":"from","Type":15,"Integer":0,"String":"e","Interface":null}}
2025-08-15T22:12:56.502-0500	DEBUG	protocol/handler.go:1591	have processed broadcast	{"{round 20 3  <nil>}": {"Key":"from","Type":15,"Integer":0,"String":"c","Interface":null}}
2025-08-15T22:12:56.502-0500	DEBUG	protocol/handler.go:1591	have processed broadcast	{"{round 20 3  <nil>}": {"Key":"from","Type":15,"Integer":0,"String":"b","Interface":null}}
2025-08-15T22:12:56.502-0500	DEBUG	protocol/handler.go:1591	have processed broadcast	{"{round 20 3  <nil>}": {"Key":"from","Type":15,"Integer":0,"String":"d","Interface":null}}
2025-08-15T22:12:56.503-0500	DEBUG	protocol/handler.go:581	tryAdvanceRound called	{"{current_round 20 3  <nil>}": {"Key":"self","Type":15,"Integer":0,"String":"c","Interface":null}}
2025-08-15T22:12:56.503-0500	DEBUG	protocol/handler.go:1591	have processed broadcast	{"{round 20 3  <nil>}": {"Key":"from","Type":15,"Integer":0,"String":"d","Interface":null}}
2025-08-15T22:12:56.503-0500	DEBUG	protocol/handler.go:1591	have processed broadcast	{"{round 20 3  <nil>}": {"Key":"from","Type":15,"Integer":0,"String":"d","Interface":null}}
2025-08-15T22:12:56.503-0500	DEBUG	protocol/handler.go:1591	have processed broadcast	{"{round 20 3  <nil>}": {"Key":"from","Type":15,"Integer":0,"String":"e","Interface":null}}
2025-08-15T22:12:56.503-0500	DEBUG	protocol/handler.go:1591	have processed broadcast	{"{round 20 3  <nil>}": {"Key":"from","Type":15,"Integer":0,"String":"e","Interface":null}}
2025-08-15T22:12:56.503-0500	DEBUG	protocol/handler.go:1591	have processed broadcast	{"{round 20 3  <nil>}": {"Key":"from","Type":15,"Integer":0,"String":"e","Interface":null}}
2025-08-15T22:12:56.503-0500	DEBUG	protocol/handler.go:1600	waiting for broadcasts	{"{round 20 3  <nil>}": {"Key":"missing","Type":15,"Integer":0,"String":"[a b]","Interface":null}}
2025-08-15T22:12:56.503-0500	DEBUG	protocol/handler.go:1600	waiting for broadcasts	{"{round 20 3  <nil>}": {"Key":"missing","Type":15,"Integer":0,"String":"[a b]","Interface":null}}
2025-08-15T22:12:56.503-0500	DEBUG	protocol/handler.go:1649	have all messages and processed	{"{round 20 3  <nil>}": {"Key":"self","Type":15,"Integer":0,"String":"b","Interface":null}}
2025-08-15T22:12:56.503-0500	DEBUG	protocol/handler.go:1591	have processed broadcast	{"{round 20 3  <nil>}": {"Key":"from","Type":15,"Integer":0,"String":"c","Interface":null}}
2025-08-15T22:12:56.503-0500	DEBUG	protocol/handler.go:1591	have processed broadcast	{"{round 20 3  <nil>}": {"Key":"from","Type":15,"Integer":0,"String":"d","Interface":null}}
2025-08-15T22:12:56.503-0500	DEBUG	protocol/handler.go:1591	have processed broadcast	{"{round 20 3  <nil>}": {"Key":"from","Type":15,"Integer":0,"String":"e","Interface":null}}
2025-08-15T22:12:56.503-0500	DEBUG	protocol/handler.go:1642	waiting for message processing	{"{round 20 3  <nil>}": {"Key":"unprocessed","Type":15,"Integer":0,"String":"[e]","Interface":null}}
2025-08-15T22:12:56.503-0500	DEBUG	protocol/handler.go:581	tryAdvanceRound called	{"{current_round 20 3  <nil>}": {"Key":"self","Type":15,"Integer":0,"String":"a","Interface":null}}
2025-08-15T22:12:56.503-0500	DEBUG	protocol/handler.go:596	round already finalized
2025-08-15T22:12:56.505-0500	DEBUG	protocol/handler.go:581	tryAdvanceRound called	{"{current_round 20 3  <nil>}": {"Key":"self","Type":15,"Integer":0,"String":"b","Interface":null}}
2025-08-15T22:12:56.506-0500	DEBUG	protocol/handler.go:1591	have processed broadcast	{"{round 20 3  <nil>}": {"Key":"from","Type":15,"Integer":0,"String":"b","Interface":null}}
2025-08-15T22:12:56.506-0500	DEBUG	protocol/handler.go:1591	have processed broadcast	{"{round 20 3  <nil>}": {"Key":"from","Type":15,"Integer":0,"String":"c","Interface":null}}
2025-08-15T22:12:56.506-0500	DEBUG	protocol/handler.go:1591	have processed broadcast	{"{round 20 3  <nil>}": {"Key":"from","Type":15,"Integer":0,"String":"d","Interface":null}}
2025-08-15T22:12:56.506-0500	DEBUG	protocol/handler.go:1591	have processed broadcast	{"{round 20 3  <nil>}": {"Key":"from","Type":15,"Integer":0,"String":"e","Interface":null}}
2025-08-15T22:12:56.506-0500	DEBUG	protocol/handler.go:1649	have all messages and processed	{"{round 20 3  <nil>}": {"Key":"self","Type":15,"Integer":0,"String":"a","Interface":null}}
2025-08-15T22:12:56.506-0500	DEBUG	protocol/handler.go:619	finalizing round
2025-08-15T22:12:56.507-0500	DEBUG	protocol/handler.go:1591	have processed broadcast	{"{round 20 3  <nil>}": {"Key":"from","Type":15,"Integer":0,"String":"a","Interface":null}}
2025-08-15T22:12:56.507-0500	DEBUG	protocol/handler.go:1591	have processed broadcast	{"{round 20 3  <nil>}": {"Key":"from","Type":15,"Integer":0,"String":"c","Interface":null}}
2025-08-15T22:12:56.507-0500	DEBUG	protocol/handler.go:1591	have processed broadcast	{"{round 20 3  <nil>}": {"Key":"from","Type":15,"Integer":0,"String":"d","Interface":null}}
2025-08-15T22:12:56.507-0500	DEBUG	protocol/handler.go:1591	have processed broadcast	{"{round 20 3  <nil>}": {"Key":"from","Type":15,"Integer":0,"String":"e","Interface":null}}
2025-08-15T22:12:56.507-0500	DEBUG	protocol/handler.go:1649	have all messages and processed	{"{round 20 3  <nil>}": {"Key":"self","Type":15,"Integer":0,"String":"b","Interface":null}}
2025-08-15T22:12:56.507-0500	DEBUG	protocol/handler.go:596	round already finalized
2025-08-15T22:12:56.507-0500	DEBUG	protocol/handler.go:1306	waiting for broadcast before normal message
2025-08-15T22:12:56.507-0500	DEBUG	protocol/handler.go:1591	have processed broadcast	{"{round 20 3  <nil>}": {"Key":"from","Type":15,"Integer":0,"String":"b","Interface":null}}
2025-08-15T22:12:56.507-0500	DEBUG	protocol/handler.go:1591	have processed broadcast	{"{round 20 3  <nil>}": {"Key":"from","Type":15,"Integer":0,"String":"e","Interface":null}}
2025-08-15T22:12:56.507-0500	DEBUG	protocol/handler.go:1600	waiting for broadcasts	{"{round 20 3  <nil>}": {"Key":"missing","Type":15,"Integer":0,"String":"[a c]","Interface":null}}
2025-08-15T22:12:56.509-0500	DEBUG	protocol/handler.go:437	processing message	{"{from 15 0 b <nil>}": {"Key":"to","Type":15,"Integer":0,"String":"","Interface":null}, "{round 20 3  <nil>}": {"Key":"broadcast","Type":4,"Integer":1,"String":"","Interface":null}}
2025-08-15T22:12:56.510-0500	DEBUG	protocol/handler.go:432	processMessage: p2p round 3 START	{"{from 15 0 a <nil>}": {"Key":"to","Type":15,"Integer":0,"String":"d","Interface":null}}
2025-08-15T22:12:56.510-0500	DEBUG	protocol/handler.go:1657	storing broadcast	{"{round 20 3  <nil>}": {"Key":"from","Type":15,"Integer":0,"String":"b","Interface":null}}
2025-08-15T22:12:56.510-0500	DEBUG	protocol/handler.go:437	processing message	{"{from 15 0 a <nil>}": {"Key":"to","Type":15,"Integer":0,"String":"d","Interface":null}, "{round 20 3  <nil>}": {"Key":"broadcast","Type":4,"Integer":0,"String":"","Interface":null}}
2025-08-15T22:12:56.510-0500	DEBUG	protocol/handler.go:1662	storing message	{"{round 20 3  <nil>}": {"Key":"from","Type":15,"Integer":0,"String":"a","Interface":null}}
2025-08-15T22:12:56.510-0500	DEBUG	protocol/handler.go:581	tryAdvanceRound called	{"{current_round 20 3  <nil>}": {"Key":"self","Type":15,"Integer":0,"String":"d","Interface":null}}
2025-08-15T22:12:56.510-0500	DEBUG	protocol/handler.go:581	tryAdvanceRound called	{"{current_round 20 3  <nil>}": {"Key":"self","Type":15,"Integer":0,"String":"c","Interface":null}}
2025-08-15T22:12:56.510-0500	DEBUG	protocol/handler.go:1306	waiting for broadcast before normal message
2025-08-15T22:12:56.510-0500	DEBUG	protocol/handler.go:1306	waiting for broadcast before normal message
2025-08-15T22:12:56.510-0500	DEBUG	protocol/handler.go:1591	have processed broadcast	{"{round 20 3  <nil>}": {"Key":"from","Type":15,"Integer":0,"String":"b","Interface":null}}
2025-08-15T22:12:56.510-0500	DEBUG	protocol/handler.go:1591	have processed broadcast	{"{round 20 3  <nil>}": {"Key":"from","Type":15,"Integer":0,"String":"b","Interface":null}}
2025-08-15T22:12:56.510-0500	DEBUG	protocol/handler.go:1591	have processed broadcast	{"{round 20 3  <nil>}": {"Key":"from","Type":15,"Integer":0,"String":"d","Interface":null}}
2025-08-15T22:12:56.510-0500	DEBUG	protocol/handler.go:1591	have processed broadcast	{"{round 20 3  <nil>}": {"Key":"from","Type":15,"Integer":0,"String":"e","Interface":null}}
2025-08-15T22:12:56.510-0500	DEBUG	protocol/handler.go:1591	have processed broadcast	{"{round 20 3  <nil>}": {"Key":"from","Type":15,"Integer":0,"String":"e","Interface":null}}
2025-08-15T22:12:56.510-0500	DEBUG	protocol/handler.go:1182	finalized round messages	{"{round 20 3  <nil>}": {"Key":"messages","Type":11,"Integer":0,"String":"","Interface":null}}
2025-08-15T22:12:56.510-0500	DEBUG	protocol/handler.go:1600	waiting for broadcasts	{"{round 20 3  <nil>}": {"Key":"missing","Type":15,"Integer":0,"String":"[a c]","Interface":null}}
2025-08-15T22:12:56.510-0500	DEBUG	protocol/handler.go:581	tryAdvanceRound called	{"{current_round 20 3  <nil>}": {"Key":"self","Type":15,"Integer":0,"String":"d","Interface":null}}
2025-08-15T22:12:56.510-0500	DEBUG	protocol/handler.go:432	processMessage: p2p round 3 START	{"{from 15 0 d <nil>}": {"Key":"to","Type":15,"Integer":0,"String":"e","Interface":null}}
2025-08-15T22:12:56.510-0500	DEBUG	protocol/handler.go:1306	waiting for broadcast before normal message
2025-08-15T22:12:56.510-0500	DEBUG	protocol/handler.go:437	processing message	{"{from 15 0 a <nil>}": {"Key":"to","Type":15,"Integer":0,"String":"","Interface":null}, "{round 20 3  <nil>}": {"Key":"broadcast","Type":4,"Integer":1,"String":"","Interface":null}}
2025-08-15T22:12:56.510-0500	DEBUG	protocol/handler.go:1306	waiting for broadcast before normal message
2025-08-15T22:12:56.510-0500	DEBUG	protocol/handler.go:437	processing message	{"{from 15 0 d <nil>}": {"Key":"to","Type":15,"Integer":0,"String":"e","Interface":null}, "{round 20 3  <nil>}": {"Key":"broadcast","Type":4,"Integer":0,"String":"","Interface":null}}
2025-08-15T22:12:56.510-0500	DEBUG	protocol/handler.go:1657	storing broadcast	{"{round 20 3  <nil>}": {"Key":"from","Type":15,"Integer":0,"String":"a","Interface":null}}
2025-08-15T22:12:56.510-0500	DEBUG	protocol/handler.go:1662	storing message	{"{round 20 3  <nil>}": {"Key":"from","Type":15,"Integer":0,"String":"d","Interface":null}}
2025-08-15T22:12:56.510-0500	DEBUG	protocol/handler.go:1600	waiting for broadcasts	{"{round 20 3  <nil>}": {"Key":"missing","Type":15,"Integer":0,"String":"[a]","Interface":null}}
2025-08-15T22:12:56.510-0500	DEBUG	protocol/handler.go:1591	have processed broadcast	{"{round 20 3  <nil>}": {"Key":"from","Type":15,"Integer":0,"String":"b","Interface":null}}
2025-08-15T22:12:56.510-0500	DEBUG	protocol/handler.go:581	tryAdvanceRound called	{"{current_round 20 3  <nil>}": {"Key":"self","Type":15,"Integer":0,"String":"e","Interface":null}}
2025-08-15T22:12:56.510-0500	DEBUG	protocol/handler.go:1306	waiting for broadcast before normal message
2025-08-15T22:12:56.511-0500	DEBUG	protocol/handler.go:1306	waiting for broadcast before normal message
2025-08-15T22:12:56.511-0500	DEBUG	protocol/handler.go:581	tryAdvanceRound called	{"{current_round 20 3  <nil>}": {"Key":"self","Type":15,"Integer":0,"String":"d","Interface":null}}
2025-08-15T22:12:56.511-0500	DEBUG	protocol/handler.go:1600	waiting for broadcasts	{"{round 20 3  <nil>}": {"Key":"missing","Type":15,"Integer":0,"String":"[a b c d]","Interface":null}}
2025-08-15T22:12:56.510-0500	INFO	protocol/handler.go:1211	protocol completed	{"{self 15 0 a <nil>}": {"Key":"final_round","Type":20,"Integer":3,"String":"","Interface":null}}
2025-08-15T22:12:56.511-0500	DEBUG	protocol/handler.go:624	finalizeRound returned nil
2025-08-15T22:12:56.509-0500	DEBUG	protocol/handler.go:581	tryAdvanceRound called	{"{current_round 20 3  <nil>}": {"Key":"self","Type":15,"Integer":0,"String":"a","Interface":null}}
2025-08-15T22:12:56.511-0500	DEBUG	protocol/handler.go:1591	have processed broadcast	{"{round 20 3  <nil>}": {"Key":"from","Type":15,"Integer":0,"String":"b","Interface":null}}
2025-08-15T22:12:56.511-0500	DEBUG	protocol/handler.go:1591	have processed broadcast	{"{round 20 3  <nil>}": {"Key":"from","Type":15,"Integer":0,"String":"c","Interface":null}}
2025-08-15T22:12:56.511-0500	DEBUG	protocol/handler.go:1591	have processed broadcast	{"{round 20 3  <nil>}": {"Key":"from","Type":15,"Integer":0,"String":"d","Interface":null}}
2025-08-15T22:12:56.511-0500	DEBUG	protocol/handler.go:1591	have processed broadcast	{"{round 20 3  <nil>}": {"Key":"from","Type":15,"Integer":0,"String":"e","Interface":null}}
2025-08-15T22:12:56.511-0500	DEBUG	protocol/handler.go:1649	have all messages and processed	{"{round 20 3  <nil>}": {"Key":"self","Type":15,"Integer":0,"String":"a","Interface":null}}
2025-08-15T22:12:56.511-0500	DEBUG	protocol/handler.go:596	round already finalized
2025-08-15T22:12:56.510-0500	DEBUG	protocol/handler.go:581	tryAdvanceRound called	{"{current_round 20 3  <nil>}": {"Key":"self","Type":15,"Integer":0,"String":"d","Interface":null}}
2025-08-15T22:12:56.510-0500	DEBUG	protocol/handler.go:432	processMessage: p2p round 3 START	{"{from 15 0 b <nil>}": {"Key":"to","Type":15,"Integer":0,"String":"c","Interface":null}}
2025-08-15T22:12:56.512-0500	DEBUG	protocol/handler.go:437	processing message	{"{from 15 0 b <nil>}": {"Key":"to","Type":15,"Integer":0,"String":"c","Interface":null}, "{round 20 3  <nil>}": {"Key":"broadcast","Type":4,"Integer":0,"String":"","Interface":null}}
2025-08-15T22:12:56.512-0500	DEBUG	protocol/handler.go:1662	storing message	{"{round 20 3  <nil>}": {"Key":"from","Type":15,"Integer":0,"String":"b","Interface":null}}
2025-08-15T22:12:56.512-0500	DEBUG	protocol/handler.go:1306	waiting for broadcast before normal message
2025-08-15T22:12:56.512-0500	DEBUG	protocol/handler.go:1591	have processed broadcast	{"{round 20 3  <nil>}": {"Key":"from","Type":15,"Integer":0,"String":"a","Interface":null}}
2025-08-15T22:12:56.512-0500	DEBUG	protocol/handler.go:1591	have processed broadcast	{"{round 20 3  <nil>}": {"Key":"from","Type":15,"Integer":0,"String":"b","Interface":null}}
2025-08-15T22:12:56.512-0500	DEBUG	protocol/handler.go:1591	have processed broadcast	{"{round 20 3  <nil>}": {"Key":"from","Type":15,"Integer":0,"String":"e","Interface":null}}
2025-08-15T22:12:56.512-0500	DEBUG	protocol/handler.go:1600	waiting for broadcasts	{"{round 20 3  <nil>}": {"Key":"missing","Type":15,"Integer":0,"String":"[c]","Interface":null}}
2025-08-15T22:12:56.512-0500	DEBUG	protocol/handler.go:581	tryAdvanceRound called	{"{current_round 20 3  <nil>}": {"Key":"self","Type":15,"Integer":0,"String":"e","Interface":null}}
2025-08-15T22:12:56.512-0500	DEBUG	protocol/handler.go:1306	waiting for broadcast before normal message
2025-08-15T22:12:56.512-0500	DEBUG	protocol/handler.go:1306	waiting for broadcast before normal message
2025-08-15T22:12:56.513-0500	DEBUG	protocol/handler.go:1600	waiting for broadcasts	{"{round 20 3  <nil>}": {"Key":"missing","Type":15,"Integer":0,"String":"[a b c d]","Interface":null}}
2025-08-15T22:12:56.510-0500	DEBUG	protocol/handler.go:437	processing message	{"{from 15 0 c <nil>}": {"Key":"to","Type":15,"Integer":0,"String":"","Interface":null}, "{round 20 3  <nil>}": {"Key":"broadcast","Type":4,"Integer":1,"String":"","Interface":null}}
2025-08-15T22:12:56.510-0500	DEBUG	protocol/handler.go:1182	finalized round messages	{"{round 20 3  <nil>}": {"Key":"messages","Type":11,"Integer":0,"String":"","Interface":null}}
2025-08-15T22:12:56.513-0500	DEBUG	protocol/handler.go:1657	storing broadcast	{"{round 20 3  <nil>}": {"Key":"from","Type":15,"Integer":0,"String":"c","Interface":null}}
2025-08-15T22:12:56.513-0500	INFO	protocol/handler.go:1211	protocol completed	{"{self 15 0 b <nil>}": {"Key":"final_round","Type":20,"Integer":3,"String":"","Interface":null}}
2025-08-15T22:12:56.513-0500	DEBUG	protocol/handler.go:624	finalizeRound returned nil
2025-08-15T22:12:56.513-0500	DEBUG	protocol/handler.go:437	processing message	{"{from 15 0 a <nil>}": {"Key":"to","Type":15,"Integer":0,"String":"","Interface":null}, "{round 20 3  <nil>}": {"Key":"broadcast","Type":4,"Integer":1,"String":"","Interface":null}}
2025-08-15T22:12:56.513-0500	DEBUG	protocol/handler.go:432	processMessage: p2p round 3 START	{"{from 15 0 a <nil>}": {"Key":"to","Type":15,"Integer":0,"String":"e","Interface":null}}
2025-08-15T22:12:56.513-0500	DEBUG	protocol/handler.go:1657	storing broadcast	{"{round 20 3  <nil>}": {"Key":"from","Type":15,"Integer":0,"String":"a","Interface":null}}
2025-08-15T22:12:56.513-0500	DEBUG	protocol/handler.go:581	tryAdvanceRound called	{"{current_round 20 3  <nil>}": {"Key":"self","Type":15,"Integer":0,"String":"d","Interface":null}}
2025-08-15T22:12:56.513-0500	DEBUG	protocol/handler.go:437	processing message	{"{from 15 0 b <nil>}": {"Key":"to","Type":15,"Integer":0,"String":"","Interface":null}, "{round 20 3  <nil>}": {"Key":"broadcast","Type":4,"Integer":1,"String":"","Interface":null}}
2025-08-15T22:12:56.513-0500	DEBUG	protocol/handler.go:1657	storing broadcast	{"{round 20 3  <nil>}": {"Key":"from","Type":15,"Integer":0,"String":"b","Interface":null}}
2025-08-15T22:12:56.513-0500	DEBUG	protocol/handler.go:581	tryAdvanceRound called	{"{current_round 20 3  <nil>}": {"Key":"self","Type":15,"Integer":0,"String":"e","Interface":null}}
2025-08-15T22:12:56.513-0500	DEBUG	protocol/handler.go:437	processing message	{"{from 15 0 a <nil>}": {"Key":"to","Type":15,"Integer":0,"String":"e","Interface":null}, "{round 20 3  <nil>}": {"Key":"broadcast","Type":4,"Integer":0,"String":"","Interface":null}}
2025-08-15T22:12:56.513-0500	DEBUG	protocol/handler.go:581	tryAdvanceRound called	{"{current_round 20 3  <nil>}": {"Key":"self","Type":15,"Integer":0,"String":"e","Interface":null}}
2025-08-15T22:12:56.513-0500	DEBUG	protocol/handler.go:1306	waiting for broadcast before normal message
2025-08-15T22:12:56.513-0500	DEBUG	protocol/handler.go:1662	storing message	{"{round 20 3  <nil>}": {"Key":"from","Type":15,"Integer":0,"String":"a","Interface":null}}
2025-08-15T22:12:56.513-0500	DEBUG	protocol/handler.go:1306	waiting for broadcast before normal message
2025-08-15T22:12:56.510-0500	DEBUG	protocol/handler.go:581	tryAdvanceRound called	{"{current_round 20 3  <nil>}": {"Key":"self","Type":15,"Integer":0,"String":"c","Interface":null}}
2025-08-15T22:12:56.513-0500	DEBUG	protocol/handler.go:1306	waiting for broadcast before normal message
2025-08-15T22:12:56.513-0500	DEBUG	protocol/handler.go:1591	have processed broadcast	{"{round 20 3  <nil>}": {"Key":"from","Type":15,"Integer":0,"String":"a","Interface":null}}
2025-08-15T22:12:56.513-0500	DEBUG	protocol/handler.go:1591	have processed broadcast	{"{round 20 3  <nil>}": {"Key":"from","Type":15,"Integer":0,"String":"b","Interface":null}}
2025-08-15T22:12:56.513-0500	DEBUG	protocol/handler.go:581	tryAdvanceRound called	{"{current_round 20 3  <nil>}": {"Key":"self","Type":15,"Integer":0,"String":"c","Interface":null}}
2025-08-15T22:12:56.513-0500	DEBUG	protocol/handler.go:1600	waiting for broadcasts	{"{round 20 3  <nil>}": {"Key":"missing","Type":15,"Integer":0,"String":"[c d]","Interface":null}}
2025-08-15T22:12:56.513-0500	DEBUG	protocol/handler.go:437	processing message	{"{from 15 0 d <nil>}": {"Key":"to","Type":15,"Integer":0,"String":"","Interface":null}, "{round 20 3  <nil>}": {"Key":"broadcast","Type":4,"Integer":1,"String":"","Interface":null}}
2025-08-15T22:12:56.513-0500	DEBUG	protocol/handler.go:1591	have processed broadcast	{"{round 20 3  <nil>}": {"Key":"from","Type":15,"Integer":0,"String":"b","Interface":null}}
2025-08-15T22:12:56.513-0500	DEBUG	protocol/handler.go:432	processMessage: p2p round 3 START	{"{from 15 0 b <nil>}": {"Key":"to","Type":15,"Integer":0,"String":"e","Interface":null}}
2025-08-15T22:12:56.513-0500	DEBUG	protocol/handler.go:1657	storing broadcast	{"{round 20 3  <nil>}": {"Key":"from","Type":15,"Integer":0,"String":"d","Interface":null}}
2025-08-15T22:12:56.513-0500	DEBUG	protocol/handler.go:437	processing message	{"{from 15 0 b <nil>}": {"Key":"to","Type":15,"Integer":0,"String":"e","Interface":null}, "{round 20 3  <nil>}": {"Key":"broadcast","Type":4,"Integer":0,"String":"","Interface":null}}
2025-08-15T22:12:56.513-0500	DEBUG	protocol/handler.go:1662	storing message	{"{round 20 3  <nil>}": {"Key":"from","Type":15,"Integer":0,"String":"b","Interface":null}}
2025-08-15T22:12:56.513-0500	DEBUG	protocol/handler.go:581	tryAdvanceRound called	{"{current_round 20 3  <nil>}": {"Key":"self","Type":15,"Integer":0,"String":"e","Interface":null}}
2025-08-15T22:12:56.514-0500	DEBUG	protocol/handler.go:1591	have processed broadcast	{"{round 20 3  <nil>}": {"Key":"from","Type":15,"Integer":0,"String":"a","Interface":null}}
2025-08-15T22:12:56.514-0500	DEBUG	protocol/handler.go:1591	have processed broadcast	{"{round 20 3  <nil>}": {"Key":"from","Type":15,"Integer":0,"String":"b","Interface":null}}
2025-08-15T22:12:56.514-0500	DEBUG	protocol/handler.go:1591	have processed broadcast	{"{round 20 3  <nil>}": {"Key":"from","Type":15,"Integer":0,"String":"c","Interface":null}}
2025-08-15T22:12:56.514-0500	DEBUG	protocol/handler.go:1591	have processed broadcast	{"{round 20 3  <nil>}": {"Key":"from","Type":15,"Integer":0,"String":"e","Interface":null}}
2025-08-15T22:12:56.515-0500	DEBUG	protocol/handler.go:1649	have all messages and processed	{"{round 20 3  <nil>}": {"Key":"self","Type":15,"Integer":0,"String":"d","Interface":null}}
2025-08-15T22:12:56.515-0500	DEBUG	protocol/handler.go:619	finalizing round
2025-08-15T22:12:56.515-0500	DEBUG	protocol/handler.go:1591	have processed broadcast	{"{round 20 3  <nil>}": {"Key":"from","Type":15,"Integer":0,"String":"b","Interface":null}}
2025-08-15T22:12:56.515-0500	DEBUG	protocol/handler.go:1591	have processed broadcast	{"{round 20 3  <nil>}": {"Key":"from","Type":15,"Integer":0,"String":"d","Interface":null}}
2025-08-15T22:12:56.515-0500	DEBUG	protocol/handler.go:1591	have processed broadcast	{"{round 20 3  <nil>}": {"Key":"from","Type":15,"Integer":0,"String":"e","Interface":null}}
2025-08-15T22:12:56.515-0500	DEBUG	protocol/handler.go:1600	waiting for broadcasts	{"{round 20 3  <nil>}": {"Key":"missing","Type":15,"Integer":0,"String":"[a]","Interface":null}}
2025-08-15T22:12:56.513-0500	DEBUG	protocol/handler.go:1306	waiting for broadcast before normal message
2025-08-15T22:12:56.515-0500	DEBUG	protocol/handler.go:1591	have processed broadcast	{"{round 20 3  <nil>}": {"Key":"from","Type":15,"Integer":0,"String":"a","Interface":null}}
2025-08-15T22:12:56.515-0500	DEBUG	protocol/handler.go:1591	have processed broadcast	{"{round 20 3  <nil>}": {"Key":"from","Type":15,"Integer":0,"String":"b","Interface":null}}
2025-08-15T22:12:56.515-0500	DEBUG	protocol/handler.go:1591	have processed broadcast	{"{round 20 3  <nil>}": {"Key":"from","Type":15,"Integer":0,"String":"d","Interface":null}}
2025-08-15T22:12:56.515-0500	DEBUG	protocol/handler.go:581	tryAdvanceRound called	{"{current_round 20 3  <nil>}": {"Key":"self","Type":15,"Integer":0,"String":"e","Interface":null}}
2025-08-15T22:12:56.515-0500	DEBUG	protocol/handler.go:1600	waiting for broadcasts	{"{round 20 3  <nil>}": {"Key":"missing","Type":15,"Integer":0,"String":"[c]","Interface":null}}
2025-08-15T22:12:56.510-0500	DEBUG	protocol/handler.go:437	processing message	{"{from 15 0 c <nil>}": {"Key":"to","Type":15,"Integer":0,"String":"","Interface":null}, "{round 20 3  <nil>}": {"Key":"broadcast","Type":4,"Integer":1,"String":"","Interface":null}}
2025-08-15T22:12:56.515-0500	DEBUG	protocol/handler.go:1657	storing broadcast	{"{round 20 3  <nil>}": {"Key":"from","Type":15,"Integer":0,"String":"c","Interface":null}}
2025-08-15T22:12:56.515-0500	DEBUG	protocol/handler.go:432	processMessage: p2p round 3 START	{"{from 15 0 a <nil>}": {"Key":"to","Type":15,"Integer":0,"String":"c","Interface":null}}
2025-08-15T22:12:56.515-0500	DEBUG	protocol/handler.go:437	processing message	{"{from 15 0 a <nil>}": {"Key":"to","Type":15,"Integer":0,"String":"c","Interface":null}, "{round 20 3  <nil>}": {"Key":"broadcast","Type":4,"Integer":0,"String":"","Interface":null}}
2025-08-15T22:12:56.515-0500	DEBUG	protocol/handler.go:581	tryAdvanceRound called	{"{current_round 20 3  <nil>}": {"Key":"self","Type":15,"Integer":0,"String":"e","Interface":null}}
2025-08-15T22:12:56.515-0500	DEBUG	protocol/handler.go:1662	storing message	{"{round 20 3  <nil>}": {"Key":"from","Type":15,"Integer":0,"String":"a","Interface":null}}
2025-08-15T22:12:56.515-0500	DEBUG	protocol/handler.go:581	tryAdvanceRound called	{"{current_round 20 3  <nil>}": {"Key":"self","Type":15,"Integer":0,"String":"c","Interface":null}}
2025-08-15T22:12:56.515-0500	DEBUG	protocol/handler.go:1306	waiting for broadcast before normal message
2025-08-15T22:12:56.515-0500	DEBUG	protocol/handler.go:1591	have processed broadcast	{"{round 20 3  <nil>}": {"Key":"from","Type":15,"Integer":0,"String":"b","Interface":null}}
2025-08-15T22:12:56.515-0500	DEBUG	protocol/handler.go:1591	have processed broadcast	{"{round 20 3  <nil>}": {"Key":"from","Type":15,"Integer":0,"String":"d","Interface":null}}
2025-08-15T22:12:56.516-0500	DEBUG	protocol/handler.go:1591	have processed broadcast	{"{round 20 3  <nil>}": {"Key":"from","Type":15,"Integer":0,"String":"e","Interface":null}}
2025-08-15T22:12:56.516-0500	DEBUG	protocol/handler.go:1600	waiting for broadcasts	{"{round 20 3  <nil>}": {"Key":"missing","Type":15,"Integer":0,"String":"[a]","Interface":null}}
2025-08-15T22:12:56.516-0500	DEBUG	protocol/handler.go:437	processing message	{"{from 15 0 a <nil>}": {"Key":"to","Type":15,"Integer":0,"String":"","Interface":null}, "{round 20 3  <nil>}": {"Key":"broadcast","Type":4,"Integer":1,"String":"","Interface":null}}
2025-08-15T22:12:56.516-0500	DEBUG	protocol/handler.go:1657	storing broadcast	{"{round 20 3  <nil>}": {"Key":"from","Type":15,"Integer":0,"String":"a","Interface":null}}
2025-08-15T22:12:56.516-0500	DEBUG	protocol/handler.go:1591	have processed broadcast	{"{round 20 3  <nil>}": {"Key":"from","Type":15,"Integer":0,"String":"e","Interface":null}}
2025-08-15T22:12:56.516-0500	DEBUG	protocol/handler.go:432	processMessage: p2p round 3 START	{"{from 15 0 d <nil>}": {"Key":"to","Type":15,"Integer":0,"String":"c","Interface":null}}
2025-08-15T22:12:56.516-0500	DEBUG	protocol/handler.go:1600	waiting for broadcasts	{"{round 20 3  <nil>}": {"Key":"missing","Type":15,"Integer":0,"String":"[a c]","Interface":null}}
2025-08-15T22:12:56.513-0500	DEBUG	protocol/handler.go:1591	have processed broadcast	{"{round 20 3  <nil>}": {"Key":"from","Type":15,"Integer":0,"String":"d","Interface":null}}
2025-08-15T22:12:56.516-0500	DEBUG	protocol/handler.go:581	tryAdvanceRound called	{"{current_round 20 3  <nil>}": {"Key":"self","Type":15,"Integer":0,"String":"c","Interface":null}}
2025-08-15T22:12:56.516-0500	DEBUG	protocol/handler.go:437	processing message	{"{from 15 0 d <nil>}": {"Key":"to","Type":15,"Integer":0,"String":"c","Interface":null}, "{round 20 3  <nil>}": {"Key":"broadcast","Type":4,"Integer":0,"String":"","Interface":null}}
2025-08-15T22:12:56.516-0500	DEBUG	protocol/handler.go:1591	have processed broadcast	{"{round 20 3  <nil>}": {"Key":"from","Type":15,"Integer":0,"String":"e","Interface":null}}
2025-08-15T22:12:56.516-0500	DEBUG	protocol/handler.go:1662	storing message	{"{round 20 3  <nil>}": {"Key":"from","Type":15,"Integer":0,"String":"d","Interface":null}}
2025-08-15T22:12:56.516-0500	DEBUG	protocol/handler.go:1600	waiting for broadcasts	{"{round 20 3  <nil>}": {"Key":"missing","Type":15,"Integer":0,"String":"[a]","Interface":null}}
2025-08-15T22:12:56.513-0500	INFO	protocol/handler.go:787	protocol completed successfully
2025-08-15T22:12:56.513-0500	DEBUG	protocol/handler.go:1306	waiting for broadcast before normal message
2025-08-15T22:12:56.516-0500	DEBUG	protocol/handler.go:1591	have processed broadcast	{"{round 20 3  <nil>}": {"Key":"from","Type":15,"Integer":0,"String":"a","Interface":null}}
2025-08-15T22:12:56.516-0500	DEBUG	protocol/handler.go:1591	have processed broadcast	{"{round 20 3  <nil>}": {"Key":"from","Type":15,"Integer":0,"String":"b","Interface":null}}
2025-08-15T22:12:56.516-0500	DEBUG	protocol/handler.go:1591	have processed broadcast	{"{round 20 3  <nil>}": {"Key":"from","Type":15,"Integer":0,"String":"c","Interface":null}}
2025-08-15T22:12:56.516-0500	DEBUG	protocol/handler.go:1591	have processed broadcast	{"{round 20 3  <nil>}": {"Key":"from","Type":15,"Integer":0,"String":"e","Interface":null}}
2025-08-15T22:12:56.516-0500	DEBUG	protocol/handler.go:1649	have all messages and processed	{"{round 20 3  <nil>}": {"Key":"self","Type":15,"Integer":0,"String":"d","Interface":null}}
2025-08-15T22:12:56.516-0500	DEBUG	protocol/handler.go:596	round already finalized
2025-08-15T22:12:56.517-0500	DEBUG	protocol/handler.go:1591	have processed broadcast	{"{round 20 3  <nil>}": {"Key":"from","Type":15,"Integer":0,"String":"a","Interface":null}}
2025-08-15T22:12:56.517-0500	DEBUG	protocol/handler.go:581	tryAdvanceRound called	{"{current_round 20 3  <nil>}": {"Key":"self","Type":15,"Integer":0,"String":"c","Interface":null}}
2025-08-15T22:12:56.517-0500	DEBUG	protocol/handler.go:1591	have processed broadcast	{"{round 20 3  <nil>}": {"Key":"from","Type":15,"Integer":0,"String":"b","Interface":null}}
2025-08-15T22:12:56.518-0500	DEBUG	protocol/handler.go:1591	have processed broadcast	{"{round 20 3  <nil>}": {"Key":"from","Type":15,"Integer":0,"String":"d","Interface":null}}
2025-08-15T22:12:56.518-0500	DEBUG	protocol/handler.go:1591	have processed broadcast	{"{round 20 3  <nil>}": {"Key":"from","Type":15,"Integer":0,"String":"a","Interface":null}}
2025-08-15T22:12:56.518-0500	DEBUG	protocol/handler.go:1591	have processed broadcast	{"{round 20 3  <nil>}": {"Key":"from","Type":15,"Integer":0,"String":"e","Interface":null}}
2025-08-15T22:12:56.518-0500	DEBUG	protocol/handler.go:1591	have processed broadcast	{"{round 20 3  <nil>}": {"Key":"from","Type":15,"Integer":0,"String":"b","Interface":null}}
2025-08-15T22:12:56.518-0500	DEBUG	protocol/handler.go:1591	have processed broadcast	{"{round 20 3  <nil>}": {"Key":"from","Type":15,"Integer":0,"String":"d","Interface":null}}
2025-08-15T22:12:56.518-0500	DEBUG	protocol/handler.go:1649	have all messages and processed	{"{round 20 3  <nil>}": {"Key":"self","Type":15,"Integer":0,"String":"c","Interface":null}}
2025-08-15T22:12:56.518-0500	DEBUG	protocol/handler.go:619	finalizing round
2025-08-15T22:12:56.518-0500	DEBUG	protocol/handler.go:1591	have processed broadcast	{"{round 20 3  <nil>}": {"Key":"from","Type":15,"Integer":0,"String":"e","Interface":null}}
2025-08-15T22:12:56.518-0500	DEBUG	protocol/handler.go:1649	have all messages and processed	{"{round 20 3  <nil>}": {"Key":"self","Type":15,"Integer":0,"String":"c","Interface":null}}
2025-08-15T22:12:56.518-0500	DEBUG	protocol/handler.go:596	round already finalized
2025-08-15T22:12:56.518-0500	DEBUG	protocol/handler.go:1182	finalized round messages	{"{round 20 3  <nil>}": {"Key":"messages","Type":11,"Integer":0,"String":"","Interface":null}}
2025-08-15T22:12:56.519-0500	INFO	protocol/handler.go:1211	protocol completed	{"{self 15 0 d <nil>}": {"Key":"final_round","Type":20,"Integer":3,"String":"","Interface":null}}
2025-08-15T22:12:56.519-0500	DEBUG	protocol/handler.go:624	finalizeRound returned nil
2025-08-15T22:12:56.519-0500	DEBUG	protocol/handler.go:1591	have processed broadcast	{"{round 20 3  <nil>}": {"Key":"from","Type":15,"Integer":0,"String":"a","Interface":null}}
2025-08-15T22:12:56.519-0500	DEBUG	protocol/handler.go:1591	have processed broadcast	{"{round 20 3  <nil>}": {"Key":"from","Type":15,"Integer":0,"String":"b","Interface":null}}
2025-08-15T22:12:56.519-0500	DEBUG	protocol/handler.go:1591	have processed broadcast	{"{round 20 3  <nil>}": {"Key":"from","Type":15,"Integer":0,"String":"c","Interface":null}}
2025-08-15T22:12:56.519-0500	DEBUG	protocol/handler.go:1591	have processed broadcast	{"{round 20 3  <nil>}": {"Key":"from","Type":15,"Integer":0,"String":"d","Interface":null}}
2025-08-15T22:12:56.519-0500	DEBUG	protocol/handler.go:1649	have all messages and processed	{"{round 20 3  <nil>}": {"Key":"self","Type":15,"Integer":0,"String":"e","Interface":null}}
2025-08-15T22:12:56.519-0500	DEBUG	protocol/handler.go:619	finalizing round
2025-08-15T22:12:56.509-0500	DEBUG	protocol/handler.go:1306	waiting for broadcast before normal message
2025-08-15T22:12:56.515-0500	DEBUG	protocol/handler.go:1306	waiting for broadcast before normal message
2025-08-15T22:12:56.520-0500	DEBUG	protocol/handler.go:1591	have processed broadcast	{"{round 20 3  <nil>}": {"Key":"from","Type":15,"Integer":0,"String":"a","Interface":null}}
2025-08-15T22:12:56.520-0500	DEBUG	protocol/handler.go:1591	have processed broadcast	{"{round 20 3  <nil>}": {"Key":"from","Type":15,"Integer":0,"String":"a","Interface":null}}
2025-08-15T22:12:56.520-0500	DEBUG	protocol/handler.go:1591	have processed broadcast	{"{round 20 3  <nil>}": {"Key":"from","Type":15,"Integer":0,"String":"b","Interface":null}}
2025-08-15T22:12:56.520-0500	DEBUG	protocol/handler.go:1591	have processed broadcast	{"{round 20 3  <nil>}": {"Key":"from","Type":15,"Integer":0,"String":"c","Interface":null}}
2025-08-15T22:12:56.520-0500	DEBUG	protocol/handler.go:1591	have processed broadcast	{"{round 20 3  <nil>}": {"Key":"from","Type":15,"Integer":0,"String":"d","Interface":null}}
2025-08-15T22:12:56.520-0500	DEBUG	protocol/handler.go:1591	have processed broadcast	{"{round 20 3  <nil>}": {"Key":"from","Type":15,"Integer":0,"String":"b","Interface":null}}
2025-08-15T22:12:56.520-0500	DEBUG	protocol/handler.go:1649	have all messages and processed	{"{round 20 3  <nil>}": {"Key":"self","Type":15,"Integer":0,"String":"e","Interface":null}}
2025-08-15T22:12:56.520-0500	DEBUG	protocol/handler.go:596	round already finalized
2025-08-15T22:12:56.521-0500	DEBUG	protocol/handler.go:581	tryAdvanceRound called	{"{current_round 20 3  <nil>}": {"Key":"self","Type":15,"Integer":0,"String":"c","Interface":null}}
2025-08-15T22:12:56.520-0500	DEBUG	protocol/handler.go:1591	have processed broadcast	{"{round 20 3  <nil>}": {"Key":"from","Type":15,"Integer":0,"String":"c","Interface":null}}
2025-08-15T22:12:56.521-0500	DEBUG	protocol/handler.go:1591	have processed broadcast	{"{round 20 3  <nil>}": {"Key":"from","Type":15,"Integer":0,"String":"a","Interface":null}}
2025-08-15T22:12:56.521-0500	DEBUG	protocol/handler.go:1591	have processed broadcast	{"{round 20 3  <nil>}": {"Key":"from","Type":15,"Integer":0,"String":"b","Interface":null}}
2025-08-15T22:12:56.521-0500	DEBUG	protocol/handler.go:1591	have processed broadcast	{"{round 20 3  <nil>}": {"Key":"from","Type":15,"Integer":0,"String":"d","Interface":null}}
2025-08-15T22:12:56.521-0500	DEBUG	protocol/handler.go:1591	have processed broadcast	{"{round 20 3  <nil>}": {"Key":"from","Type":15,"Integer":0,"String":"d","Interface":null}}
2025-08-15T22:12:56.521-0500	DEBUG	protocol/handler.go:1591	have processed broadcast	{"{round 20 3  <nil>}": {"Key":"from","Type":15,"Integer":0,"String":"e","Interface":null}}
2025-08-15T22:12:56.521-0500	DEBUG	protocol/handler.go:1649	have all messages and processed	{"{round 20 3  <nil>}": {"Key":"self","Type":15,"Integer":0,"String":"c","Interface":null}}
2025-08-15T22:12:56.521-0500	DEBUG	protocol/handler.go:596	round already finalized
2025-08-15T22:12:56.521-0500	DEBUG	protocol/handler.go:1649	have all messages and processed	{"{round 20 3  <nil>}": {"Key":"self","Type":15,"Integer":0,"String":"e","Interface":null}}
2025-08-15T22:12:56.521-0500	INFO	protocol/handler.go:787	protocol completed successfully
2025-08-15T22:12:56.521-0500	DEBUG	protocol/handler.go:596	round already finalized
2025-08-15T22:12:56.521-0500	INFO	protocol/handler.go:787	protocol completed successfully
2025-08-15T22:12:56.521-0500	DEBUG	protocol/handler.go:581	tryAdvanceRound called	{"{current_round 20 3  <nil>}": {"Key":"self","Type":15,"Integer":0,"String":"e","Interface":null}}
2025-08-15T22:12:56.521-0500	DEBUG	protocol/handler.go:1591	have processed broadcast	{"{round 20 3  <nil>}": {"Key":"from","Type":15,"Integer":0,"String":"a","Interface":null}}
2025-08-15T22:12:56.521-0500	DEBUG	protocol/handler.go:1591	have processed broadcast	{"{round 20 3  <nil>}": {"Key":"from","Type":15,"Integer":0,"String":"b","Interface":null}}
2025-08-15T22:12:56.521-0500	DEBUG	protocol/handler.go:1591	have processed broadcast	{"{round 20 3  <nil>}": {"Key":"from","Type":15,"Integer":0,"String":"c","Interface":null}}
2025-08-15T22:12:56.521-0500	DEBUG	protocol/handler.go:1591	have processed broadcast	{"{round 20 3  <nil>}": {"Key":"from","Type":15,"Integer":0,"String":"d","Interface":null}}
2025-08-15T22:12:56.521-0500	DEBUG	protocol/handler.go:1182	finalized round messages	{"{round 20 3  <nil>}": {"Key":"messages","Type":11,"Integer":0,"String":"","Interface":null}}
2025-08-15T22:12:56.522-0500	INFO	protocol/handler.go:1211	protocol completed	{"{self 15 0 c <nil>}": {"Key":"final_round","Type":20,"Integer":3,"String":"","Interface":null}}
2025-08-15T22:12:56.521-0500	DEBUG	protocol/handler.go:1649	have all messages and processed	{"{round 20 3  <nil>}": {"Key":"self","Type":15,"Integer":0,"String":"e","Interface":null}}
2025-08-15T22:12:56.522-0500	DEBUG	protocol/handler.go:624	finalizeRound returned nil
2025-08-15T22:12:56.522-0500	DEBUG	protocol/handler.go:596	round already finalized
2025-08-15T22:12:56.523-0500	DEBUG	protocol/handler.go:1182	finalized round messages	{"{round 20 3  <nil>}": {"Key":"messages","Type":11,"Integer":0,"String":"","Interface":null}}
2025-08-15T22:12:56.523-0500	INFO	protocol/handler.go:1211	protocol completed	{"{self 15 0 e <nil>}": {"Key":"final_round","Type":20,"Integer":3,"String":"","Interface":null}}
2025-08-15T22:12:56.523-0500	DEBUG	protocol/handler.go:624	finalizeRound returned nil
2025-08-15T22:12:56.523-0500	DEBUG	protocol/handler.go:581	tryAdvanceRound called	{"{current_round 20 3  <nil>}": {"Key":"self","Type":15,"Integer":0,"String":"e","Interface":null}}
2025-08-15T22:12:56.523-0500	DEBUG	protocol/handler.go:1591	have processed broadcast	{"{round 20 3  <nil>}": {"Key":"from","Type":15,"Integer":0,"String":"a","Interface":null}}
2025-08-15T22:12:56.523-0500	DEBUG	protocol/handler.go:1591	have processed broadcast	{"{round 20 3  <nil>}": {"Key":"from","Type":15,"Integer":0,"String":"b","Interface":null}}
2025-08-15T22:12:56.523-0500	DEBUG	protocol/handler.go:1591	have processed broadcast	{"{round 20 3  <nil>}": {"Key":"from","Type":15,"Integer":0,"String":"c","Interface":null}}
2025-08-15T22:12:56.523-0500	DEBUG	protocol/handler.go:1591	have processed broadcast	{"{round 20 3  <nil>}": {"Key":"from","Type":15,"Integer":0,"String":"d","Interface":null}}
2025-08-15T22:12:56.523-0500	DEBUG	protocol/handler.go:1649	have all messages and processed	{"{round 20 3  <nil>}": {"Key":"self","Type":15,"Integer":0,"String":"e","Interface":null}}
2025-08-15T22:12:56.523-0500	DEBUG	protocol/handler.go:596	round already finalized
2025-08-15T22:12:56.545-0500	DEBUG	protocol/handler.go:403	worker stopping
2025-08-15T22:12:56.546-0500	DEBUG	protocol/handler.go:403	worker stopping
2025-08-15T22:12:56.546-0500	DEBUG	protocol/handler.go:403	worker stopping
2025-08-15T22:12:56.546-0500	DEBUG	protocol/handler.go:403	worker stopping
2025-08-15T22:12:56.546-0500	DEBUG	protocol/handler.go:403	worker stopping
2025-08-15T22:12:56.546-0500	DEBUG	protocol/handler.go:403	worker stopping
2025-08-15T22:12:56.546-0500	DEBUG	protocol/handler.go:403	worker stopping
2025-08-15T22:12:56.546-0500	INFO	protocol/handler.go:787	protocol completed successfully
2025-08-15T22:12:56.546-0500	INFO	protocol/handler.go:787	protocol completed successfully
2025-08-15T22:12:56.550-0500	DEBUG	protocol/handler.go:403	worker stopping
2025-08-15T22:12:56.561-0500	DEBUG	protocol/handler.go:403	worker stopping
2025-08-15T22:12:56.561-0500	DEBUG	protocol/handler.go:403	worker stopping
2025-08-15T22:12:56.561-0500	DEBUG	protocol/handler.go:403	worker stopping
2025-08-15T22:12:56.561-0500	DEBUG	protocol/handler.go:403	worker stopping
2025-08-15T22:12:56.561-0500	DEBUG	protocol/handler.go:403	worker stopping
2025-08-15T22:12:56.561-0500	DEBUG	protocol/handler.go:403	worker stopping
2025-08-15T22:12:56.561-0500	DEBUG	protocol/handler.go:403	worker stopping
2025-08-15T22:12:56.561-0500	DEBUG	protocol/handler.go:403	worker stopping
2025-08-15T22:12:56.561-0500	DEBUG	protocol/handler.go:403	worker stopping
2025-08-15T22:12:56.561-0500	DEBUG	protocol/handler.go:403	worker stopping
2025-08-15T22:12:56.561-0500	DEBUG	protocol/handler.go:403	worker stopping
2025-08-15T22:12:56.561-0500	DEBUG	protocol/handler.go:403	worker stopping
2025-08-15T22:12:56.561-0500	DEBUG	protocol/handler.go:403	worker stopping
2025-08-15T22:12:56.561-0500	DEBUG	protocol/handler.go:403	worker stopping
2025-08-15T22:12:56.561-0500	DEBUG	protocol/handler.go:403	worker stopping
2025-08-15T22:12:56.561-0500	DEBUG	protocol/handler.go:403	worker stopping
2025-08-15T22:12:56.561-0500	DEBUG	protocol/handler.go:403	worker stopping
2025-08-15T22:12:56.562-0500	DEBUG	protocol/handler.go:403	worker stopping
--- FAIL: TestVerificationShareReconstruction (0.23s)
    verification_shares_test.go:48: Reconstruction from ALL parties: match=true
    verification_shares_test.go:59: Reconstruction from threshold subset: match=false
    verification_shares_test.go:67: PROBLEM: Verification shares cannot reconstruct public key with threshold subset
    verification_shares_test.go:68: This is because Y_i = F(i)*G where F = sum of all n polynomials
    verification_shares_test.go:69: But we need shares such that Lagrange interpolation at 0 gives the secret
    verification_shares_test.go:80: NOTE: FROST verification shares require all n parties for reconstruction (expected behavior)
    testing.go:1490: race detected during execution of test
2025-08-15T22:12:56.562-0500	DEBUG	protocol/handler.go:403	worker stopping
2025-08-15T22:12:56.562-0500	DEBUG	protocol/handler.go:403	worker stopping
2025-08-15T22:12:56.562-0500	DEBUG	protocol/handler.go:403	worker stopping
2025-08-15T22:12:56.562-0500	DEBUG	protocol/handler.go:403	worker stopping
2025-08-15T22:12:56.562-0500	INFO	protocol/handler.go:240	starting protocol handler	{"{protocol 15 0 frost/keygen-threshold <nil>}": {"Key":"workers","Type":11,"Integer":4,"String":"","Interface":null}, "{parties 11 3  <nil>}": {"Key":"threshold","Type":11,"Integer":2,"String":"","Interface":null}}
2025-08-15T22:12:56.563-0500	DEBUG	protocol/handler.go:348	starting worker pools	{"{workers 11 4  <nil>}": {"Key":"priority","Type":11,"Integer":4,"String":"","Interface":null}}
2025-08-15T22:12:56.562-0500	DEBUG	protocol/handler.go:403	worker stopping
2025-08-15T22:12:56.562-0500	DEBUG	protocol/handler.go:403	worker stopping
2025-08-15T22:12:56.562-0500	DEBUG	protocol/handler.go:403	worker stopping
2025-08-15T22:12:56.562-0500	DEBUG	protocol/handler.go:403	worker stopping
2025-08-15T22:12:56.562-0500	DEBUG	protocol/handler.go:403	worker stopping
2025-08-15T22:12:56.563-0500	DEBUG	protocol/handler.go:391	worker started	{"{id 11 3  <nil>}": {"Key":"priority","Type":4,"Integer":1,"String":"","Interface":null}}
2025-08-15T22:12:56.563-0500	DEBUG	protocol/handler.go:391	worker started	{"{id 11 0  <nil>}": {"Key":"priority","Type":4,"Integer":0,"String":"","Interface":null}}
2025-08-15T22:12:56.562-0500	DEBUG	protocol/handler.go:403	worker stopping
2025-08-15T22:12:56.562-0500	DEBUG	protocol/handler.go:403	worker stopping
2025-08-15T22:12:56.562-0500	DEBUG	protocol/handler.go:403	worker stopping
2025-08-15T22:12:56.563-0500	DEBUG	protocol/handler.go:391	worker started	{"{id 11 0  <nil>}": {"Key":"priority","Type":4,"Integer":1,"String":"","Interface":null}}
2025-08-15T22:12:56.562-0500	DEBUG	protocol/handler.go:403	worker stopping
2025-08-15T22:12:56.563-0500	DEBUG	protocol/handler.go:391	worker started	{"{id 11 1  <nil>}": {"Key":"priority","Type":4,"Integer":0,"String":"","Interface":null}}
2025-08-15T22:12:56.563-0500	DEBUG	protocol/handler.go:391	worker started	{"{id 11 2  <nil>}": {"Key":"priority","Type":4,"Integer":0,"String":"","Interface":null}}
2025-08-15T22:12:56.563-0500	DEBUG	protocol/handler.go:930	initializing round
2025-08-15T22:12:56.563-0500	DEBUG	protocol/handler.go:1503	processing queued messages
2025-08-15T22:12:56.563-0500	DEBUG	protocol/handler.go:391	worker started	{"{id 11 3  <nil>}": {"Key":"priority","Type":4,"Integer":0,"String":"","Interface":null}}
2025-08-15T22:12:56.562-0500	DEBUG	protocol/handler.go:403	worker stopping
2025-08-15T22:12:56.563-0500	INFO	protocol/handler.go:240	starting protocol handler	{"{protocol 15 0 frost/keygen-threshold <nil>}": {"Key":"workers","Type":11,"Integer":4,"String":"","Interface":null}, "{parties 11 3  <nil>}": {"Key":"threshold","Type":11,"Integer":2,"String":"","Interface":null}}
2025-08-15T22:12:56.563-0500	DEBUG	protocol/handler.go:348	starting worker pools	{"{workers 11 4  <nil>}": {"Key":"priority","Type":11,"Integer":4,"String":"","Interface":null}}
2025-08-15T22:12:56.563-0500	DEBUG	protocol/handler.go:391	worker started	{"{id 11 2  <nil>}": {"Key":"priority","Type":4,"Integer":1,"String":"","Interface":null}}
2025-08-15T22:12:56.564-0500	DEBUG	protocol/handler.go:391	worker started	{"{id 11 1  <nil>}": {"Key":"priority","Type":4,"Integer":1,"String":"","Interface":null}}
2025-08-15T22:12:56.564-0500	DEBUG	protocol/handler.go:391	worker started	{"{id 11 1  <nil>}": {"Key":"priority","Type":4,"Integer":0,"String":"","Interface":null}}
2025-08-15T22:12:56.564-0500	DEBUG	protocol/handler.go:391	worker started	{"{id 11 3  <nil>}": {"Key":"priority","Type":4,"Integer":1,"String":"","Interface":null}}
2025-08-15T22:12:56.564-0500	DEBUG	protocol/handler.go:930	initializing round
2025-08-15T22:12:56.564-0500	DEBUG	protocol/handler.go:1503	processing queued messages
2025-08-15T22:12:56.564-0500	DEBUG	protocol/handler.go:391	worker started	{"{id 11 0  <nil>}": {"Key":"priority","Type":4,"Integer":0,"String":"","Interface":null}}
2025-08-15T22:12:56.564-0500	INFO	protocol/handler.go:240	starting protocol handler	{"{protocol 15 0 frost/keygen-threshold <nil>}": {"Key":"workers","Type":11,"Integer":4,"String":"","Interface":null}, "{parties 11 3  <nil>}": {"Key":"threshold","Type":11,"Integer":2,"String":"","Interface":null}}
2025-08-15T22:12:56.564-0500	DEBUG	protocol/handler.go:348	starting worker pools	{"{workers 11 4  <nil>}": {"Key":"priority","Type":11,"Integer":4,"String":"","Interface":null}}
2025-08-15T22:12:56.564-0500	DEBUG	protocol/handler.go:391	worker started	{"{id 11 0  <nil>}": {"Key":"priority","Type":4,"Integer":0,"String":"","Interface":null}}
2025-08-15T22:12:56.564-0500	DEBUG	protocol/handler.go:391	worker started	{"{id 11 2  <nil>}": {"Key":"priority","Type":4,"Integer":0,"String":"","Interface":null}}
2025-08-15T22:12:56.564-0500	DEBUG	protocol/handler.go:391	worker started	{"{id 11 3  <nil>}": {"Key":"priority","Type":4,"Integer":0,"String":"","Interface":null}}
2025-08-15T22:12:56.564-0500	DEBUG	protocol/handler.go:391	worker started	{"{id 11 0  <nil>}": {"Key":"priority","Type":4,"Integer":1,"String":"","Interface":null}}
2025-08-15T22:12:56.564-0500	DEBUG	protocol/handler.go:391	worker started	{"{id 11 1  <nil>}": {"Key":"priority","Type":4,"Integer":1,"String":"","Interface":null}}
2025-08-15T22:12:56.564-0500	DEBUG	protocol/handler.go:391	worker started	{"{id 11 1  <nil>}": {"Key":"priority","Type":4,"Integer":0,"String":"","Interface":null}}
2025-08-15T22:12:56.564-0500	DEBUG	protocol/handler.go:391	worker started	{"{id 11 3  <nil>}": {"Key":"priority","Type":4,"Integer":1,"String":"","Interface":null}}
2025-08-15T22:12:56.564-0500	DEBUG	protocol/handler.go:391	worker started	{"{id 11 2  <nil>}": {"Key":"priority","Type":4,"Integer":1,"String":"","Interface":null}}
2025-08-15T22:12:56.564-0500	DEBUG	protocol/handler.go:391	worker started	{"{id 11 2  <nil>}": {"Key":"priority","Type":4,"Integer":0,"String":"","Interface":null}}
2025-08-15T22:12:56.565-0500	DEBUG	protocol/handler.go:930	initializing round
2025-08-15T22:12:56.565-0500	DEBUG	protocol/handler.go:1503	processing queued messages
2025-08-15T22:12:56.565-0500	DEBUG	protocol/handler.go:391	worker started	{"{id 11 3  <nil>}": {"Key":"priority","Type":4,"Integer":0,"String":"","Interface":null}}
2025-08-15T22:12:56.565-0500	DEBUG	protocol/handler.go:391	worker started	{"{id 11 0  <nil>}": {"Key":"priority","Type":4,"Integer":1,"String":"","Interface":null}}
2025-08-15T22:12:56.565-0500	DEBUG	protocol/handler.go:391	worker started	{"{id 11 1  <nil>}": {"Key":"priority","Type":4,"Integer":1,"String":"","Interface":null}}
2025-08-15T22:12:56.565-0500	DEBUG	protocol/handler.go:391	worker started	{"{id 11 2  <nil>}": {"Key":"priority","Type":4,"Integer":1,"String":"","Interface":null}}
2025-08-15T22:12:56.574-0500	INFO	protocol/handler.go:560	advanced to round
2025-08-15T22:12:56.574-0500	DEBUG	protocol/handler.go:581	tryAdvanceRound called	{"{current_round 20 1  <nil>}": {"Key":"self","Type":15,"Integer":0,"String":"a","Interface":null}}
2025-08-15T22:12:56.574-0500	DEBUG	protocol/handler.go:1649	have all messages and processed	{"{round 20 1  <nil>}": {"Key":"self","Type":15,"Integer":0,"String":"a","Interface":null}}
2025-08-15T22:12:56.574-0500	DEBUG	protocol/handler.go:619	finalizing round
2025-08-15T22:12:56.575-0500	INFO	protocol/handler.go:560	advanced to round
2025-08-15T22:12:56.575-0500	DEBUG	protocol/handler.go:581	tryAdvanceRound called	{"{current_round 20 1  <nil>}": {"Key":"self","Type":15,"Integer":0,"String":"b","Interface":null}}
2025-08-15T22:12:56.575-0500	INFO	protocol/handler.go:560	advanced to round
2025-08-15T22:12:56.575-0500	DEBUG	protocol/handler.go:1649	have all messages and processed	{"{round 20 1  <nil>}": {"Key":"self","Type":15,"Integer":0,"String":"b","Interface":null}}
2025-08-15T22:12:56.575-0500	DEBUG	protocol/handler.go:619	finalizing round
2025-08-15T22:12:56.575-0500	DEBUG	protocol/handler.go:581	tryAdvanceRound called	{"{current_round 20 1  <nil>}": {"Key":"self","Type":15,"Integer":0,"String":"c","Interface":null}}
2025-08-15T22:12:56.575-0500	DEBUG	protocol/handler.go:1649	have all messages and processed	{"{round 20 1  <nil>}": {"Key":"self","Type":15,"Integer":0,"String":"c","Interface":null}}
2025-08-15T22:12:56.576-0500	DEBUG	protocol/handler.go:619	finalizing round
2025-08-15T22:12:56.579-0500	DEBUG	protocol/handler.go:1039	sendRoundMessage	{"{from 15 0 a <nil>}": {"Key":"to","Type":15,"Integer":0,"String":"","Interface":null}, "{round 20 2  <nil>}": {"Key":"broadcast","Type":4,"Integer":1,"String":"","Interface":null}}
2025-08-15T22:12:56.580-0500	DEBUG	protocol/handler.go:1657	storing broadcast	{"{round 20 2  <nil>}": {"Key":"from","Type":15,"Integer":0,"String":"a","Interface":null}}
2025-08-15T22:12:56.580-0500	DEBUG	protocol/handler.go:1081	sent message to output channel	{"{from 15 0 a <nil>}": {"Key":"to","Type":15,"Integer":0,"String":"","Interface":null}, "{round 20 2  <nil>}": {"Key":"broadcast","Type":4,"Integer":1,"String":"","Interface":null}}
2025-08-15T22:12:56.580-0500	DEBUG	protocol/handler.go:1182	finalized round messages	{"{round 20 1  <nil>}": {"Key":"messages","Type":11,"Integer":1,"String":"","Interface":null}}
2025-08-15T22:12:56.580-0500	DEBUG	protocol/handler.go:1239	finalize returned next round	{"{current 20 1  <nil>}": {"Key":"next","Type":20,"Integer":2,"String":"","Interface":null}}
2025-08-15T22:12:56.580-0500	INFO	protocol/handler.go:642	storing new currentRound	{"{from 20 1  <nil>}": {"Key":"to","Type":20,"Integer":2,"String":"","Interface":null}}
2025-08-15T22:12:56.580-0500	DEBUG	protocol/handler.go:1503	processing queued messages
2025-08-15T22:12:56.580-0500	DEBUG	protocol/handler.go:1503	processing queued messages
2025-08-15T22:12:56.580-0500	DEBUG	protocol/handler.go:437	processing message	{"{from 15 0 a <nil>}": {"Key":"to","Type":15,"Integer":0,"String":"","Interface":null}, "{round 20 2  <nil>}": {"Key":"broadcast","Type":4,"Integer":1,"String":"","Interface":null}}
2025-08-15T22:12:56.580-0500	DEBUG	protocol/handler.go:1657	storing broadcast	{"{round 20 2  <nil>}": {"Key":"from","Type":15,"Integer":0,"String":"a","Interface":null}}
2025-08-15T22:12:56.581-0500	DEBUG	protocol/handler.go:470	message for different round (buffering)	{"{msg_round 20 2  <nil>}": {"Key":"current_round","Type":20,"Integer":1,"String":"","Interface":null}}
2025-08-15T22:12:56.581-0500	DEBUG	protocol/handler.go:581	tryAdvanceRound called	{"{current_round 20 1  <nil>}": {"Key":"self","Type":15,"Integer":0,"String":"c","Interface":null}}
2025-08-15T22:12:56.581-0500	DEBUG	protocol/handler.go:1649	have all messages and processed	{"{round 20 1  <nil>}": {"Key":"self","Type":15,"Integer":0,"String":"c","Interface":null}}
2025-08-15T22:12:56.581-0500	DEBUG	protocol/handler.go:596	round already finalized
2025-08-15T22:12:56.581-0500	DEBUG	protocol/handler.go:437	processing message	{"{from 15 0 a <nil>}": {"Key":"to","Type":15,"Integer":0,"String":"","Interface":null}, "{round 20 2  <nil>}": {"Key":"broadcast","Type":4,"Integer":1,"String":"","Interface":null}}
2025-08-15T22:12:56.581-0500	DEBUG	protocol/handler.go:1657	storing broadcast	{"{round 20 2  <nil>}": {"Key":"from","Type":15,"Integer":0,"String":"a","Interface":null}}
2025-08-15T22:12:56.581-0500	DEBUG	protocol/handler.go:470	message for different round (buffering)	{"{msg_round 20 2  <nil>}": {"Key":"current_round","Type":20,"Integer":1,"String":"","Interface":null}}
2025-08-15T22:12:56.581-0500	DEBUG	protocol/handler.go:581	tryAdvanceRound called	{"{current_round 20 1  <nil>}": {"Key":"self","Type":15,"Integer":0,"String":"b","Interface":null}}
2025-08-15T22:12:56.581-0500	DEBUG	protocol/handler.go:1649	have all messages and processed	{"{round 20 1  <nil>}": {"Key":"self","Type":15,"Integer":0,"String":"b","Interface":null}}
2025-08-15T22:12:56.581-0500	DEBUG	protocol/handler.go:596	round already finalized
2025-08-15T22:12:56.583-0500	DEBUG	protocol/handler.go:1039	sendRoundMessage	{"{from 15 0 c <nil>}": {"Key":"to","Type":15,"Integer":0,"String":"","Interface":null}, "{round 20 2  <nil>}": {"Key":"broadcast","Type":4,"Integer":1,"String":"","Interface":null}}
2025-08-15T22:12:56.583-0500	DEBUG	protocol/handler.go:1657	storing broadcast	{"{round 20 2  <nil>}": {"Key":"from","Type":15,"Integer":0,"String":"c","Interface":null}}
2025-08-15T22:12:56.583-0500	DEBUG	protocol/handler.go:1081	sent message to output channel	{"{from 15 0 c <nil>}": {"Key":"to","Type":15,"Integer":0,"String":"","Interface":null}, "{round 20 2  <nil>}": {"Key":"broadcast","Type":4,"Integer":1,"String":"","Interface":null}}
2025-08-15T22:12:56.584-0500	DEBUG	protocol/handler.go:1182	finalized round messages	{"{round 20 1  <nil>}": {"Key":"messages","Type":11,"Integer":1,"String":"","Interface":null}}
2025-08-15T22:12:56.584-0500	DEBUG	protocol/handler.go:1239	finalize returned next round	{"{current 20 1  <nil>}": {"Key":"next","Type":20,"Integer":2,"String":"","Interface":null}}
2025-08-15T22:12:56.584-0500	INFO	protocol/handler.go:560	advanced to round
2025-08-15T22:12:56.584-0500	INFO	protocol/handler.go:642	storing new currentRound	{"{from 20 1  <nil>}": {"Key":"to","Type":20,"Integer":2,"String":"","Interface":null}}
2025-08-15T22:12:56.584-0500	DEBUG	protocol/handler.go:1503	processing queued messages
2025-08-15T22:12:56.584-0500	DEBUG	protocol/handler.go:581	tryAdvanceRound called	{"{current_round 20 2  <nil>}": {"Key":"self","Type":15,"Integer":0,"String":"a","Interface":null}}
2025-08-15T22:12:56.584-0500	DEBUG	protocol/handler.go:954	round already being initialized/finalized, skipping
2025-08-15T22:12:56.584-0500	DEBUG	protocol/handler.go:1503	processing queued messages
2025-08-15T22:12:56.584-0500	DEBUG	protocol/handler.go:1600	waiting for broadcasts	{"{round 20 2  <nil>}": {"Key":"missing","Type":15,"Integer":0,"String":"[b c]","Interface":null}}
2025-08-15T22:12:56.584-0500	DEBUG	protocol/handler.go:437	processing message	{"{from 15 0 c <nil>}": {"Key":"to","Type":15,"Integer":0,"String":"","Interface":null}, "{round 20 2  <nil>}": {"Key":"broadcast","Type":4,"Integer":1,"String":"","Interface":null}}
2025-08-15T22:12:56.584-0500	DEBUG	protocol/handler.go:1657	storing broadcast	{"{round 20 2  <nil>}": {"Key":"from","Type":15,"Integer":0,"String":"c","Interface":null}}
2025-08-15T22:12:56.586-0500	DEBUG	protocol/handler.go:954	round already being initialized/finalized, skipping
2025-08-15T22:12:56.586-0500	DEBUG	protocol/handler.go:437	processing message	{"{from 15 0 c <nil>}": {"Key":"to","Type":15,"Integer":0,"String":"","Interface":null}, "{round 20 2  <nil>}": {"Key":"broadcast","Type":4,"Integer":1,"String":"","Interface":null}}
2025-08-15T22:12:56.586-0500	DEBUG	protocol/handler.go:954	round already being initialized/finalized, skipping
2025-08-15T22:12:56.586-0500	DEBUG	protocol/handler.go:1657	storing broadcast	{"{round 20 2  <nil>}": {"Key":"from","Type":15,"Integer":0,"String":"c","Interface":null}}
2025-08-15T22:12:56.586-0500	DEBUG	protocol/handler.go:470	message for different round (buffering)	{"{msg_round 20 2  <nil>}": {"Key":"current_round","Type":20,"Integer":1,"String":"","Interface":null}}
2025-08-15T22:12:56.586-0500	INFO	protocol/handler.go:560	advanced to round
2025-08-15T22:12:56.587-0500	DEBUG	protocol/handler.go:581	tryAdvanceRound called	{"{current_round 20 1  <nil>}": {"Key":"self","Type":15,"Integer":0,"String":"b","Interface":null}}
2025-08-15T22:12:56.587-0500	DEBUG	protocol/handler.go:1649	have all messages and processed	{"{round 20 1  <nil>}": {"Key":"self","Type":15,"Integer":0,"String":"b","Interface":null}}
2025-08-15T22:12:56.587-0500	DEBUG	protocol/handler.go:596	round already finalized
2025-08-15T22:12:56.587-0500	DEBUG	protocol/handler.go:581	tryAdvanceRound called	{"{current_round 20 2  <nil>}": {"Key":"self","Type":15,"Integer":0,"String":"c","Interface":null}}
2025-08-15T22:12:56.592-0500	DEBUG	protocol/handler.go:581	tryAdvanceRound called	{"{current_round 20 2  <nil>}": {"Key":"self","Type":15,"Integer":0,"String":"a","Interface":null}}
2025-08-15T22:12:56.593-0500	DEBUG	protocol/handler.go:1591	have processed broadcast	{"{round 20 2  <nil>}": {"Key":"from","Type":15,"Integer":0,"String":"c","Interface":null}}
2025-08-15T22:12:56.593-0500	DEBUG	protocol/handler.go:1600	waiting for broadcasts	{"{round 20 2  <nil>}": {"Key":"missing","Type":15,"Integer":0,"String":"[b]","Interface":null}}
2025-08-15T22:12:56.595-0500	DEBUG	protocol/handler.go:1591	have processed broadcast	{"{round 20 2  <nil>}": {"Key":"from","Type":15,"Integer":0,"String":"a","Interface":null}}
2025-08-15T22:12:56.595-0500	DEBUG	protocol/handler.go:1600	waiting for broadcasts	{"{round 20 2  <nil>}": {"Key":"missing","Type":15,"Integer":0,"String":"[b]","Interface":null}}
2025-08-15T22:12:56.595-0500	DEBUG	protocol/handler.go:581	tryAdvanceRound called	{"{current_round 20 2  <nil>}": {"Key":"self","Type":15,"Integer":0,"String":"c","Interface":null}}
2025-08-15T22:12:56.596-0500	DEBUG	protocol/handler.go:1591	have processed broadcast	{"{round 20 2  <nil>}": {"Key":"from","Type":15,"Integer":0,"String":"a","Interface":null}}
2025-08-15T22:12:56.596-0500	DEBUG	protocol/handler.go:1600	waiting for broadcasts	{"{round 20 2  <nil>}": {"Key":"missing","Type":15,"Integer":0,"String":"[b]","Interface":null}}
2025-08-15T22:12:56.596-0500	DEBUG	protocol/handler.go:581	tryAdvanceRound called	{"{current_round 20 2  <nil>}": {"Key":"self","Type":15,"Integer":0,"String":"a","Interface":null}}
2025-08-15T22:12:56.596-0500	DEBUG	protocol/handler.go:1591	have processed broadcast	{"{round 20 2  <nil>}": {"Key":"from","Type":15,"Integer":0,"String":"c","Interface":null}}
2025-08-15T22:12:56.596-0500	DEBUG	protocol/handler.go:1600	waiting for broadcasts	{"{round 20 2  <nil>}": {"Key":"missing","Type":15,"Integer":0,"String":"[b]","Interface":null}}
2025-08-15T22:12:56.605-0500	DEBUG	protocol/handler.go:581	tryAdvanceRound called	{"{current_round 20 2  <nil>}": {"Key":"self","Type":15,"Integer":0,"String":"a","Interface":null}}
2025-08-15T22:12:56.605-0500	DEBUG	protocol/handler.go:1591	have processed broadcast	{"{round 20 2  <nil>}": {"Key":"from","Type":15,"Integer":0,"String":"c","Interface":null}}
2025-08-15T22:12:56.605-0500	DEBUG	protocol/handler.go:1600	waiting for broadcasts	{"{round 20 2  <nil>}": {"Key":"missing","Type":15,"Integer":0,"String":"[b]","Interface":null}}
2025-08-15T22:12:56.605-0500	DEBUG	protocol/handler.go:581	tryAdvanceRound called	{"{current_round 20 2  <nil>}": {"Key":"self","Type":15,"Integer":0,"String":"c","Interface":null}}
2025-08-15T22:12:56.605-0500	DEBUG	protocol/handler.go:1591	have processed broadcast	{"{round 20 2  <nil>}": {"Key":"from","Type":15,"Integer":0,"String":"a","Interface":null}}
2025-08-15T22:12:56.605-0500	DEBUG	protocol/handler.go:1600	waiting for broadcasts	{"{round 20 2  <nil>}": {"Key":"missing","Type":15,"Integer":0,"String":"[b]","Interface":null}}
2025-08-15T22:12:56.605-0500	DEBUG	protocol/handler.go:1039	sendRoundMessage	{"{from 15 0 b <nil>}": {"Key":"to","Type":15,"Integer":0,"String":"","Interface":null}, "{round 20 2  <nil>}": {"Key":"broadcast","Type":4,"Integer":1,"String":"","Interface":null}}
2025-08-15T22:12:56.606-0500	DEBUG	protocol/handler.go:1657	storing broadcast	{"{round 20 2  <nil>}": {"Key":"from","Type":15,"Integer":0,"String":"b","Interface":null}}
2025-08-15T22:12:56.606-0500	DEBUG	protocol/handler.go:1081	sent message to output channel	{"{from 15 0 b <nil>}": {"Key":"to","Type":15,"Integer":0,"String":"","Interface":null}, "{round 20 2  <nil>}": {"Key":"broadcast","Type":4,"Integer":1,"String":"","Interface":null}}
2025-08-15T22:12:56.606-0500	DEBUG	protocol/handler.go:1182	finalized round messages	{"{round 20 1  <nil>}": {"Key":"messages","Type":11,"Integer":1,"String":"","Interface":null}}
2025-08-15T22:12:56.606-0500	DEBUG	protocol/handler.go:1239	finalize returned next round	{"{current 20 1  <nil>}": {"Key":"next","Type":20,"Integer":2,"String":"","Interface":null}}
2025-08-15T22:12:56.606-0500	INFO	protocol/handler.go:642	storing new currentRound	{"{from 20 1  <nil>}": {"Key":"to","Type":20,"Integer":2,"String":"","Interface":null}}
2025-08-15T22:12:56.606-0500	DEBUG	protocol/handler.go:1503	processing queued messages
2025-08-15T22:12:56.606-0500	INFO	protocol/handler.go:560	advanced to round
2025-08-15T22:12:56.606-0500	DEBUG	protocol/handler.go:581	tryAdvanceRound called	{"{current_round 20 2  <nil>}": {"Key":"self","Type":15,"Integer":0,"String":"b","Interface":null}}
2025-08-15T22:12:56.606-0500	DEBUG	protocol/handler.go:437	processing message	{"{from 15 0 b <nil>}": {"Key":"to","Type":15,"Integer":0,"String":"","Interface":null}, "{round 20 2  <nil>}": {"Key":"broadcast","Type":4,"Integer":1,"String":"","Interface":null}}
2025-08-15T22:12:56.607-0500	DEBUG	protocol/handler.go:1657	storing broadcast	{"{round 20 2  <nil>}": {"Key":"from","Type":15,"Integer":0,"String":"b","Interface":null}}
2025-08-15T22:12:56.608-0500	DEBUG	protocol/handler.go:1503	processing queued messages
2025-08-15T22:12:56.608-0500	DEBUG	protocol/handler.go:437	processing message	{"{from 15 0 b <nil>}": {"Key":"to","Type":15,"Integer":0,"String":"","Interface":null}, "{round 20 2  <nil>}": {"Key":"broadcast","Type":4,"Integer":1,"String":"","Interface":null}}
2025-08-15T22:12:56.608-0500	DEBUG	protocol/handler.go:1657	storing broadcast	{"{round 20 2  <nil>}": {"Key":"from","Type":15,"Integer":0,"String":"b","Interface":null}}
2025-08-15T22:12:56.615-0500	DEBUG	protocol/handler.go:581	tryAdvanceRound called	{"{current_round 20 2  <nil>}": {"Key":"self","Type":15,"Integer":0,"String":"a","Interface":null}}
2025-08-15T22:12:56.615-0500	DEBUG	protocol/handler.go:1591	have processed broadcast	{"{round 20 2  <nil>}": {"Key":"from","Type":15,"Integer":0,"String":"b","Interface":null}}
2025-08-15T22:12:56.615-0500	DEBUG	protocol/handler.go:1591	have processed broadcast	{"{round 20 2  <nil>}": {"Key":"from","Type":15,"Integer":0,"String":"c","Interface":null}}
2025-08-15T22:12:56.615-0500	DEBUG	protocol/handler.go:1649	have all messages and processed	{"{round 20 2  <nil>}": {"Key":"self","Type":15,"Integer":0,"String":"a","Interface":null}}
2025-08-15T22:12:56.615-0500	DEBUG	protocol/handler.go:619	finalizing round
2025-08-15T22:12:56.615-0500	DEBUG	protocol/handler.go:1039	sendRoundMessage	{"{from 15 0 a <nil>}": {"Key":"to","Type":15,"Integer":0,"String":"","Interface":null}, "{round 20 3  <nil>}": {"Key":"broadcast","Type":4,"Integer":1,"String":"","Interface":null}}
2025-08-15T22:12:56.615-0500	DEBUG	protocol/handler.go:1657	storing broadcast	{"{round 20 3  <nil>}": {"Key":"from","Type":15,"Integer":0,"String":"a","Interface":null}}
2025-08-15T22:12:56.615-0500	DEBUG	protocol/handler.go:1081	sent message to output channel	{"{from 15 0 a <nil>}": {"Key":"to","Type":15,"Integer":0,"String":"","Interface":null}, "{round 20 3  <nil>}": {"Key":"broadcast","Type":4,"Integer":1,"String":"","Interface":null}}
2025-08-15T22:12:56.615-0500	DEBUG	protocol/handler.go:1039	sendRoundMessage	{"{from 15 0 a <nil>}": {"Key":"to","Type":15,"Integer":0,"String":"b","Interface":null}, "{round 20 3  <nil>}": {"Key":"broadcast","Type":4,"Integer":0,"String":"","Interface":null}}
2025-08-15T22:12:56.615-0500	DEBUG	protocol/handler.go:1081	sent message to output channel	{"{from 15 0 a <nil>}": {"Key":"to","Type":15,"Integer":0,"String":"b","Interface":null}, "{round 20 3  <nil>}": {"Key":"broadcast","Type":4,"Integer":0,"String":"","Interface":null}}
2025-08-15T22:12:56.615-0500	DEBUG	protocol/handler.go:1039	sendRoundMessage	{"{from 15 0 a <nil>}": {"Key":"to","Type":15,"Integer":0,"String":"c","Interface":null}, "{round 20 3  <nil>}": {"Key":"broadcast","Type":4,"Integer":0,"String":"","Interface":null}}
==================
WARNING: DATA RACE
Read at 0x00c0005a9028 by goroutine 858:
  github.com/luxfi/threshold/protocols/frost/keygen.(*round2).Number()
      <autogenerated>:1 +0x38
  github.com/luxfi/threshold/pkg/protocol.(*Handler).roundProcessor()
      /Users/z/work/lux/threshold/pkg/protocol/handler.go:550 +0x1d4
  github.com/luxfi/threshold/pkg/protocol.(*Handler).startWorkers.func1()
      /Users/z/work/lux/threshold/pkg/protocol/handler.go:374 +0x78

Previous write at 0x00c0005a902c by goroutine 931:
  ??()
      -:0 +0x104ad5eb0
  sync/atomic.AddInt32()
      <autogenerated>:1 +0x14
  sync.(*Mutex).Unlock()
      /opt/homebrew/Cellar/go/1.24.6/libexec/src/sync/mutex.go:65 +0x2c
  github.com/luxfi/threshold/protocols/frost/keygen.(*round2).Finalize()
      /Users/z/work/lux/threshold/protocols/frost/keygen/round2.go:159 +0x7a0
  github.com/luxfi/threshold/pkg/protocol.(*Handler).finalizeRound.func1()
      /Users/z/work/lux/threshold/pkg/protocol/handler.go:1163 +0xe4

Goroutine 858 (running) created at:
  github.com/luxfi/threshold/pkg/protocol.(*Handler).startWorkers()
      /Users/z/work/lux/threshold/pkg/protocol/handler.go:372 +0x4fc
  github.com/luxfi/threshold/pkg/protocol.NewHandler()
      /Users/z/work/lux/threshold/pkg/protocol/handler.go:247 +0xf10
  github.com/luxfi/threshold/internal/test.(*Harness).CreateHandler()
      /Users/z/work/lux/threshold/internal/test/harness.go:91 +0x2e4
  github.com/luxfi/threshold/internal/test.RunProtocol()
      /Users/z/work/lux/threshold/internal/test/harness.go:270 +0x230
  github.com/luxfi/threshold/protocols/frost_test.TestDebugKeygen()
      /Users/z/work/lux/threshold/protocols/frost/debug_keygen_test.go:24 +0x1dc
  testing.tRunner()
      /opt/homebrew/Cellar/go/1.24.6/libexec/src/testing/testing.go:1792 +0x180
  testing.(*T).Run.gowrap1()
      /opt/homebrew/Cellar/go/1.24.6/libexec/src/testing/testing.go:1851 +0x40

Goroutine 931 (finished) created at:
  github.com/luxfi/threshold/pkg/protocol.(*Handler).finalizeRound()
      /Users/z/work/lux/threshold/pkg/protocol/handler.go:1160 +0x26c
  github.com/luxfi/threshold/pkg/protocol.(*Handler).tryAdvanceRound()
      /Users/z/work/lux/threshold/pkg/protocol/handler.go:622 +0xae4
  github.com/luxfi/threshold/pkg/protocol.(*Handler).processMessage()
      /Users/z/work/lux/threshold/pkg/protocol/handler.go:486 +0xbb0
  github.com/luxfi/threshold/pkg/protocol.(*Handler).messageWorker()
      /Users/z/work/lux/threshold/pkg/protocol/handler.go:408 +0x338
  github.com/luxfi/threshold/pkg/protocol.(*Handler).startWorkers.gowrap2()
      /Users/z/work/lux/threshold/pkg/protocol/handler.go:361 +0x44
==================
2025-08-15T22:12:56.615-0500	DEBUG	protocol/handler.go:1081	sent message to output channel	{"{from 15 0 a <nil>}": {"Key":"to","Type":15,"Integer":0,"String":"c","Interface":null}, "{round 20 3  <nil>}": {"Key":"broadcast","Type":4,"Integer":0,"String":"","Interface":null}}
2025-08-15T22:12:56.615-0500	DEBUG	protocol/handler.go:1182	finalized round messages	{"{round 20 2  <nil>}": {"Key":"messages","Type":11,"Integer":3,"String":"","Interface":null}}
2025-08-15T22:12:56.615-0500	DEBUG	protocol/handler.go:581	tryAdvanceRound called	{"{current_round 20 2  <nil>}": {"Key":"self","Type":15,"Integer":0,"String":"a","Interface":null}}
2025-08-15T22:12:56.615-0500	DEBUG	protocol/handler.go:1239	finalize returned next round	{"{current 20 2  <nil>}": {"Key":"next","Type":20,"Integer":3,"String":"","Interface":null}}
2025-08-15T22:12:56.616-0500	INFO	protocol/handler.go:642	storing new currentRound	{"{from 20 2  <nil>}": {"Key":"to","Type":20,"Integer":3,"String":"","Interface":null}}
2025-08-15T22:12:56.616-0500	DEBUG	protocol/handler.go:1591	have processed broadcast	{"{round 20 2  <nil>}": {"Key":"from","Type":15,"Integer":0,"String":"b","Interface":null}}
2025-08-15T22:12:56.616-0500	DEBUG	protocol/handler.go:1503	processing queued messages
2025-08-15T22:12:56.616-0500	DEBUG	protocol/handler.go:1591	have processed broadcast	{"{round 20 2  <nil>}": {"Key":"from","Type":15,"Integer":0,"String":"c","Interface":null}}
2025-08-15T22:12:56.616-0500	DEBUG	protocol/handler.go:1503	processing queued messages
2025-08-15T22:12:56.616-0500	DEBUG	protocol/handler.go:1649	have all messages and processed	{"{round 20 2  <nil>}": {"Key":"self","Type":15,"Integer":0,"String":"a","Interface":null}}
2025-08-15T22:12:56.616-0500	DEBUG	protocol/handler.go:596	round already finalized
2025-08-15T22:12:56.616-0500	DEBUG	protocol/handler.go:600	current round already advanced	{"{checking 20 2  <nil>}": {"Key":"current","Type":20,"Integer":3,"String":"","Interface":null}}
2025-08-15T22:12:56.616-0500	DEBUG	protocol/handler.go:432	processMessage: p2p round 3 START	{"{from 15 0 a <nil>}": {"Key":"to","Type":15,"Integer":0,"String":"c","Interface":null}}
2025-08-15T22:12:56.616-0500	DEBUG	protocol/handler.go:437	processing message	{"{from 15 0 a <nil>}": {"Key":"to","Type":15,"Integer":0,"String":"c","Interface":null}, "{round 20 3  <nil>}": {"Key":"broadcast","Type":4,"Integer":0,"String":"","Interface":null}}
2025-08-15T22:12:56.616-0500	DEBUG	protocol/handler.go:1662	storing message	{"{round 20 3  <nil>}": {"Key":"from","Type":15,"Integer":0,"String":"a","Interface":null}}
2025-08-15T22:12:56.617-0500	DEBUG	protocol/handler.go:470	message for different round (buffering)	{"{msg_round 20 3  <nil>}": {"Key":"current_round","Type":20,"Integer":2,"String":"","Interface":null}}
2025-08-15T22:12:56.617-0500	DEBUG	protocol/handler.go:581	tryAdvanceRound called	{"{current_round 20 2  <nil>}": {"Key":"self","Type":15,"Integer":0,"String":"c","Interface":null}}
2025-08-15T22:12:56.617-0500	DEBUG	protocol/handler.go:432	processMessage: p2p round 3 START	{"{from 15 0 a <nil>}": {"Key":"to","Type":15,"Integer":0,"String":"b","Interface":null}}
2025-08-15T22:12:56.617-0500	DEBUG	protocol/handler.go:437	processing message	{"{from 15 0 a <nil>}": {"Key":"to","Type":15,"Integer":0,"String":"b","Interface":null}, "{round 20 3  <nil>}": {"Key":"broadcast","Type":4,"Integer":0,"String":"","Interface":null}}
2025-08-15T22:12:56.617-0500	DEBUG	protocol/handler.go:1662	storing message	{"{round 20 3  <nil>}": {"Key":"from","Type":15,"Integer":0,"String":"a","Interface":null}}
==================
WARNING: DATA RACE
Read at 0x00c000a7bcf8 by goroutine 878:
  github.com/luxfi/threshold/protocols/frost/keygen.(*round2).Number()
      <autogenerated>:1 +0x38
  github.com/luxfi/threshold/pkg/protocol.(*Handler).processMessage()
      /Users/z/work/lux/threshold/pkg/protocol/handler.go:469 +0x94c
  github.com/luxfi/threshold/pkg/protocol.(*Handler).messageWorker()
      /Users/z/work/lux/threshold/pkg/protocol/handler.go:408 +0x338
  github.com/luxfi/threshold/pkg/protocol.(*Handler).startWorkers.gowrap1()
      /Users/z/work/lux/threshold/pkg/protocol/handler.go:355 +0x44

Previous write at 0x00c000a7bcf8 by goroutine 930:
  ??()
      -:0 +0x104ad4f28
  sync/atomic.StoreUint32()
      <autogenerated>:1 +0x14
  internal/sync.(*HashTrieMap[go.shape.interface {},go.shape.interface {}]).initSlow()
      /opt/homebrew/Cellar/go/1.24.6/libexec/src/internal/sync/hashtriemap.go:55 +0x12c
  internal/sync.(*HashTrieMap[go.shape.interface {},go.shape.interface {}]).init()
      /opt/homebrew/Cellar/go/1.24.6/libexec/src/internal/sync/hashtriemap.go:32 +0x44
  internal/sync.(*HashTrieMap[go.shape.interface {},go.shape.interface {}]).Swap()
      /opt/homebrew/Cellar/go/1.24.6/libexec/src/internal/sync/hashtriemap.go:206 +0x54
  internal/sync.(*HashTrieMap[go.shape.interface {},go.shape.interface {}]).Store()
      /opt/homebrew/Cellar/go/1.24.6/libexec/src/internal/sync/hashtriemap.go:200 +0x54
  sync.(*Map).Store()
      /opt/homebrew/Cellar/go/1.24.6/libexec/src/sync/hashtriemap.go:55 +0x54
  github.com/luxfi/threshold/protocols/frost/keygen.(*round2).StoreBroadcastMessage()
      /Users/z/work/lux/threshold/protocols/frost/keygen/round2.go:117 +0x56c
  github.com/luxfi/threshold/pkg/protocol.(*Handler).verifyBroadcastForRound()
      /Users/z/work/lux/threshold/pkg/protocol/handler.go:1277 +0x3a0
  github.com/luxfi/threshold/pkg/protocol.(*Handler).processQueuedMessages()
      /Users/z/work/lux/threshold/pkg/protocol/handler.go:1542 +0x404
  github.com/luxfi/threshold/pkg/protocol.(*Handler).tryAdvanceRound.gowrap2()
      /Users/z/work/lux/threshold/pkg/protocol/handler.go:673 +0x40

Goroutine 878 (running) created at:
  github.com/luxfi/threshold/pkg/protocol.(*Handler).startWorkers()
      /Users/z/work/lux/threshold/pkg/protocol/handler.go:355 +0x27c
  github.com/luxfi/threshold/pkg/protocol.NewHandler()
      /Users/z/work/lux/threshold/pkg/protocol/handler.go:247 +0xf10
  github.com/luxfi/threshold/internal/test.(*Harness).CreateHandler()
      /Users/z/work/lux/threshold/internal/test/harness.go:91 +0x2e4
  github.com/luxfi/threshold/internal/test.RunProtocol()
      /Users/z/work/lux/threshold/internal/test/harness.go:270 +0x230
  github.com/luxfi/threshold/protocols/frost_test.TestDebugKeygen()
      /Users/z/work/lux/threshold/protocols/frost/debug_keygen_test.go:24 +0x1dc
  testing.tRunner()
      /opt/homebrew/Cellar/go/1.24.6/libexec/src/testing/testing.go:1792 +0x180
  testing.(*T).Run.gowrap1()
      /opt/homebrew/Cellar/go/1.24.6/libexec/src/testing/testing.go:1851 +0x40

Goroutine 930 (running) created at:
  github.com/luxfi/threshold/pkg/protocol.(*Handler).tryAdvanceRound()
      /Users/z/work/lux/threshold/pkg/protocol/handler.go:673 +0x12e4
  github.com/luxfi/threshold/pkg/protocol.(*Handler).roundProcessor()
      /Users/z/work/lux/threshold/pkg/protocol/handler.go:569 +0xb4
  github.com/luxfi/threshold/pkg/protocol.(*Handler).startWorkers.func1()
      /Users/z/work/lux/threshold/pkg/protocol/handler.go:374 +0x78
==================
2025-08-15T22:12:56.617-0500	DEBUG	protocol/handler.go:437	processing message	{"{from 15 0 a <nil>}": {"Key":"to","Type":15,"Integer":0,"String":"","Interface":null}, "{round 20 3  <nil>}": {"Key":"broadcast","Type":4,"Integer":1,"String":"","Interface":null}}
2025-08-15T22:12:56.618-0500	DEBUG	protocol/handler.go:1657	storing broadcast	{"{round 20 3  <nil>}": {"Key":"from","Type":15,"Integer":0,"String":"a","Interface":null}}
2025-08-15T22:12:56.618-0500	DEBUG	protocol/handler.go:470	message for different round (buffering)	{"{msg_round 20 3  <nil>}": {"Key":"current_round","Type":20,"Integer":2,"String":"","Interface":null}}
2025-08-15T22:12:56.618-0500	DEBUG	protocol/handler.go:581	tryAdvanceRound called	{"{current_round 20 2  <nil>}": {"Key":"self","Type":15,"Integer":0,"String":"c","Interface":null}}
==================
WARNING: DATA RACE
Read at 0x00c000a7bd08 by goroutine 878:
  github.com/luxfi/threshold/protocols/frost/keygen.(*round2).Number()
      <autogenerated>:1 +0x38
  github.com/luxfi/threshold/pkg/protocol.(*Handler).processMessage()
      /Users/z/work/lux/threshold/pkg/protocol/handler.go:472 +0xa00
  github.com/luxfi/threshold/pkg/protocol.(*Handler).messageWorker()
      /Users/z/work/lux/threshold/pkg/protocol/handler.go:408 +0x338
  github.com/luxfi/threshold/pkg/protocol.(*Handler).startWorkers.gowrap1()
      /Users/z/work/lux/threshold/pkg/protocol/handler.go:355 +0x44

Previous write at 0x00c000a7bd08 by goroutine 930:
  ??()
      -:0 +0x104ad56f0
  sync/atomic.StorePointer()
      /opt/homebrew/Cellar/go/1.24.6/libexec/src/runtime/atomic_pointer.go:92 +0x38
  internal/sync.(*HashTrieMap[go.shape.interface {},go.shape.interface {}]).initSlow()
      /opt/homebrew/Cellar/go/1.24.6/libexec/src/internal/sync/hashtriemap.go:50 +0xb8
  internal/sync.(*HashTrieMap[go.shape.interface {},go.shape.interface {}]).init()
      /opt/homebrew/Cellar/go/1.24.6/libexec/src/internal/sync/hashtriemap.go:32 +0x44
  internal/sync.(*HashTrieMap[go.shape.interface {},go.shape.interface {}]).Swap()
      /opt/homebrew/Cellar/go/1.24.6/libexec/src/internal/sync/hashtriemap.go:206 +0x54
  internal/sync.(*HashTrieMap[go.shape.interface {},go.shape.interface {}]).Store()
      /opt/homebrew/Cellar/go/1.24.6/libexec/src/internal/sync/hashtriemap.go:200 +0x54
  sync.(*Map).Store()
      /opt/homebrew/Cellar/go/1.24.6/libexec/src/sync/hashtriemap.go:55 +0x54
  github.com/luxfi/threshold/protocols/frost/keygen.(*round2).StoreBroadcastMessage()
      /Users/z/work/lux/threshold/protocols/frost/keygen/round2.go:117 +0x56c
  github.com/luxfi/threshold/pkg/protocol.(*Handler).verifyBroadcastForRound()
      /Users/z/work/lux/threshold/pkg/protocol/handler.go:1277 +0x3a0
  github.com/luxfi/threshold/pkg/protocol.(*Handler).processQueuedMessages()
      /Users/z/work/lux/threshold/pkg/protocol/handler.go:1542 +0x404
  github.com/luxfi/threshold/pkg/protocol.(*Handler).tryAdvanceRound.gowrap2()
      /Users/z/work/lux/threshold/pkg/protocol/handler.go:673 +0x40

Goroutine 878 (running) created at:
  github.com/luxfi/threshold/pkg/protocol.(*Handler).startWorkers()
      /Users/z/work/lux/threshold/pkg/protocol/handler.go:355 +0x27c
  github.com/luxfi/threshold/pkg/protocol.NewHandler()
      /Users/z/work/lux/threshold/pkg/protocol/handler.go:247 +0xf10
  github.com/luxfi/threshold/internal/test.(*Harness).CreateHandler()
      /Users/z/work/lux/threshold/internal/test/harness.go:91 +0x2e4
  github.com/luxfi/threshold/internal/test.RunProtocol()
      /Users/z/work/lux/threshold/internal/test/harness.go:270 +0x230
  github.com/luxfi/threshold/protocols/frost_test.TestDebugKeygen()
      /Users/z/work/lux/threshold/protocols/frost/debug_keygen_test.go:24 +0x1dc
  testing.tRunner()
      /opt/homebrew/Cellar/go/1.24.6/libexec/src/testing/testing.go:1792 +0x180
  testing.(*T).Run.gowrap1()
      /opt/homebrew/Cellar/go/1.24.6/libexec/src/testing/testing.go:1851 +0x40

Goroutine 930 (running) created at:
  github.com/luxfi/threshold/pkg/protocol.(*Handler).tryAdvanceRound()
      /Users/z/work/lux/threshold/pkg/protocol/handler.go:673 +0x12e4
  github.com/luxfi/threshold/pkg/protocol.(*Handler).roundProcessor()
      /Users/z/work/lux/threshold/pkg/protocol/handler.go:569 +0xb4
  github.com/luxfi/threshold/pkg/protocol.(*Handler).startWorkers.func1()
      /Users/z/work/lux/threshold/pkg/protocol/handler.go:374 +0x78
==================
2025-08-15T22:12:56.618-0500	DEBUG	protocol/handler.go:470	message for different round (buffering)	{"{msg_round 20 3  <nil>}": {"Key":"current_round","Type":20,"Integer":2,"String":"","Interface":null}}
==================
WARNING: DATA RACE
Read at 0x00c000a7bd28 by goroutine 878:
  github.com/luxfi/threshold/protocols/frost/keygen.(*round2).Number()
      <autogenerated>:1 +0x38
  github.com/luxfi/threshold/pkg/protocol.(*Handler).tryAdvanceRound()
      /Users/z/work/lux/threshold/pkg/protocol/handler.go:582 +0x70
  github.com/luxfi/threshold/pkg/protocol.(*Handler).processMessage()
      /Users/z/work/lux/threshold/pkg/protocol/handler.go:474 +0xb70
  github.com/luxfi/threshold/pkg/protocol.(*Handler).messageWorker()
      /Users/z/work/lux/threshold/pkg/protocol/handler.go:408 +0x338
  github.com/luxfi/threshold/pkg/protocol.(*Handler).startWorkers.gowrap1()
      /Users/z/work/lux/threshold/pkg/protocol/handler.go:355 +0x44

Previous write at 0x00c000a7bd2c by goroutine 930:
  ??()
      -:0 +0x104ad5eb0
  sync/atomic.AddInt32()
      <autogenerated>:1 +0x14
  sync.(*Mutex).Unlock()
      /opt/homebrew/Cellar/go/1.24.6/libexec/src/sync/mutex.go:65 +0x2c
  github.com/luxfi/threshold/protocols/frost/keygen.(*round2).StoreBroadcastMessage()
      /Users/z/work/lux/threshold/protocols/frost/keygen/round2.go:62 +0x78
  github.com/luxfi/threshold/pkg/protocol.(*Handler).verifyBroadcastForRound()
      /Users/z/work/lux/threshold/pkg/protocol/handler.go:1277 +0x3a0
  github.com/luxfi/threshold/pkg/protocol.(*Handler).processQueuedMessages()
      /Users/z/work/lux/threshold/pkg/protocol/handler.go:1542 +0x404
  github.com/luxfi/threshold/pkg/protocol.(*Handler).tryAdvanceRound.gowrap2()
      /Users/z/work/lux/threshold/pkg/protocol/handler.go:673 +0x40

Goroutine 878 (running) created at:
  github.com/luxfi/threshold/pkg/protocol.(*Handler).startWorkers()
      /Users/z/work/lux/threshold/pkg/protocol/handler.go:355 +0x27c
  github.com/luxfi/threshold/pkg/protocol.NewHandler()
      /Users/z/work/lux/threshold/pkg/protocol/handler.go:247 +0xf10
  github.com/luxfi/threshold/internal/test.(*Harness).CreateHandler()
      /Users/z/work/lux/threshold/internal/test/harness.go:91 +0x2e4
  github.com/luxfi/threshold/internal/test.RunProtocol()
      /Users/z/work/lux/threshold/internal/test/harness.go:270 +0x230
  github.com/luxfi/threshold/protocols/frost_test.TestDebugKeygen()
      /Users/z/work/lux/threshold/protocols/frost/debug_keygen_test.go:24 +0x1dc
  testing.tRunner()
      /opt/homebrew/Cellar/go/1.24.6/libexec/src/testing/testing.go:1792 +0x180
  testing.(*T).Run.gowrap1()
      /opt/homebrew/Cellar/go/1.24.6/libexec/src/testing/testing.go:1851 +0x40

Goroutine 930 (running) created at:
  github.com/luxfi/threshold/pkg/protocol.(*Handler).tryAdvanceRound()
      /Users/z/work/lux/threshold/pkg/protocol/handler.go:673 +0x12e4
  github.com/luxfi/threshold/pkg/protocol.(*Handler).roundProcessor()
      /Users/z/work/lux/threshold/pkg/protocol/handler.go:569 +0xb4
  github.com/luxfi/threshold/pkg/protocol.(*Handler).startWorkers.func1()
      /Users/z/work/lux/threshold/pkg/protocol/handler.go:374 +0x78
==================
2025-08-15T22:12:56.619-0500	DEBUG	protocol/handler.go:581	tryAdvanceRound called	{"{current_round 20 2  <nil>}": {"Key":"self","Type":15,"Integer":0,"String":"b","Interface":null}}
2025-08-15T22:12:56.621-0500	DEBUG	protocol/handler.go:581	tryAdvanceRound called	{"{current_round 20 2  <nil>}": {"Key":"self","Type":15,"Integer":0,"String":"c","Interface":null}}
2025-08-15T22:12:56.621-0500	DEBUG	protocol/handler.go:1591	have processed broadcast	{"{round 20 2  <nil>}": {"Key":"from","Type":15,"Integer":0,"String":"a","Interface":null}}
2025-08-15T22:12:56.621-0500	DEBUG	protocol/handler.go:1591	have processed broadcast	{"{round 20 2  <nil>}": {"Key":"from","Type":15,"Integer":0,"String":"b","Interface":null}}
2025-08-15T22:12:56.621-0500	DEBUG	protocol/handler.go:1649	have all messages and processed	{"{round 20 2  <nil>}": {"Key":"self","Type":15,"Integer":0,"String":"c","Interface":null}}
2025-08-15T22:12:56.621-0500	DEBUG	protocol/handler.go:619	finalizing round
2025-08-15T22:12:56.621-0500	DEBUG	protocol/handler.go:1039	sendRoundMessage	{"{from 15 0 c <nil>}": {"Key":"to","Type":15,"Integer":0,"String":"","Interface":null}, "{round 20 3  <nil>}": {"Key":"broadcast","Type":4,"Integer":1,"String":"","Interface":null}}
2025-08-15T22:12:56.621-0500	DEBUG	protocol/handler.go:1657	storing broadcast	{"{round 20 3  <nil>}": {"Key":"from","Type":15,"Integer":0,"String":"c","Interface":null}}
2025-08-15T22:12:56.621-0500	DEBUG	protocol/handler.go:1081	sent message to output channel	{"{from 15 0 c <nil>}": {"Key":"to","Type":15,"Integer":0,"String":"","Interface":null}, "{round 20 3  <nil>}": {"Key":"broadcast","Type":4,"Integer":1,"String":"","Interface":null}}
2025-08-15T22:12:56.621-0500	DEBUG	protocol/handler.go:1039	sendRoundMessage	{"{from 15 0 c <nil>}": {"Key":"to","Type":15,"Integer":0,"String":"a","Interface":null}, "{round 20 3  <nil>}": {"Key":"broadcast","Type":4,"Integer":0,"String":"","Interface":null}}
2025-08-15T22:12:56.621-0500	DEBUG	protocol/handler.go:1081	sent message to output channel	{"{from 15 0 c <nil>}": {"Key":"to","Type":15,"Integer":0,"String":"a","Interface":null}, "{round 20 3  <nil>}": {"Key":"broadcast","Type":4,"Integer":0,"String":"","Interface":null}}
2025-08-15T22:12:56.621-0500	DEBUG	protocol/handler.go:1039	sendRoundMessage	{"{from 15 0 c <nil>}": {"Key":"to","Type":15,"Integer":0,"String":"b","Interface":null}, "{round 20 3  <nil>}": {"Key":"broadcast","Type":4,"Integer":0,"String":"","Interface":null}}
2025-08-15T22:12:56.621-0500	DEBUG	protocol/handler.go:1081	sent message to output channel	{"{from 15 0 c <nil>}": {"Key":"to","Type":15,"Integer":0,"String":"b","Interface":null}, "{round 20 3  <nil>}": {"Key":"broadcast","Type":4,"Integer":0,"String":"","Interface":null}}
2025-08-15T22:12:56.622-0500	DEBUG	protocol/handler.go:1182	finalized round messages	{"{round 20 2  <nil>}": {"Key":"messages","Type":11,"Integer":3,"String":"","Interface":null}}
2025-08-15T22:12:56.622-0500	DEBUG	protocol/handler.go:432	processMessage: p2p round 3 START	{"{from 15 0 c <nil>}": {"Key":"to","Type":15,"Integer":0,"String":"b","Interface":null}}
2025-08-15T22:12:56.622-0500	DEBUG	protocol/handler.go:437	processing message	{"{from 15 0 c <nil>}": {"Key":"to","Type":15,"Integer":0,"String":"b","Interface":null}, "{round 20 3  <nil>}": {"Key":"broadcast","Type":4,"Integer":0,"String":"","Interface":null}}
2025-08-15T22:12:56.622-0500	DEBUG	protocol/handler.go:1662	storing message	{"{round 20 3  <nil>}": {"Key":"from","Type":15,"Integer":0,"String":"c","Interface":null}}
==================
WARNING: DATA RACE
Read at 0x00c000a7bd28 by goroutine 877:
  github.com/luxfi/threshold/protocols/frost/keygen.(*round2).Number()
      <autogenerated>:1 +0x38
  github.com/luxfi/threshold/pkg/protocol.(*Handler).processMessage()
      /Users/z/work/lux/threshold/pkg/protocol/handler.go:469 +0x94c
  github.com/luxfi/threshold/pkg/protocol.(*Handler).messageWorker()
      /Users/z/work/lux/threshold/pkg/protocol/handler.go:408 +0x338
  github.com/luxfi/threshold/pkg/protocol.(*Handler).startWorkers.gowrap1()
      /Users/z/work/lux/threshold/pkg/protocol/handler.go:355 +0x44

Previous write at 0x00c000a7bd2c by goroutine 878:
  ??()
      -:0 +0x104ad5eb0
  sync/atomic.AddInt32()
      <autogenerated>:1 +0x14
  sync.(*Mutex).Unlock()
      /opt/homebrew/Cellar/go/1.24.6/libexec/src/sync/mutex.go:65 +0x2c
  github.com/luxfi/threshold/protocols/frost/keygen.(*round2).StoreBroadcastMessage()
      /Users/z/work/lux/threshold/protocols/frost/keygen/round2.go:62 +0x78
  github.com/luxfi/threshold/pkg/protocol.(*Handler).verifyBroadcastForRound()
      /Users/z/work/lux/threshold/pkg/protocol/handler.go:1277 +0x3a0
  github.com/luxfi/threshold/pkg/protocol.(*Handler).retryUnprocessedMessages()
      /Users/z/work/lux/threshold/pkg/protocol/handler.go:1483 +0x22c
  github.com/luxfi/threshold/pkg/protocol.(*Handler).tryAdvanceRound()
      /Users/z/work/lux/threshold/pkg/protocol/handler.go:587 +0x28c
  github.com/luxfi/threshold/pkg/protocol.(*Handler).processMessage()
      /Users/z/work/lux/threshold/pkg/protocol/handler.go:474 +0xb70
  github.com/luxfi/threshold/pkg/protocol.(*Handler).messageWorker()
      /Users/z/work/lux/threshold/pkg/protocol/handler.go:408 +0x338
  github.com/luxfi/threshold/pkg/protocol.(*Handler).startWorkers.gowrap1()
      /Users/z/work/lux/threshold/pkg/protocol/handler.go:355 +0x44

Goroutine 877 (running) created at:
  github.com/luxfi/threshold/pkg/protocol.(*Handler).startWorkers()
      /Users/z/work/lux/threshold/pkg/protocol/handler.go:355 +0x27c
  github.com/luxfi/threshold/pkg/protocol.NewHandler()
      /Users/z/work/lux/threshold/pkg/protocol/handler.go:247 +0xf10
  github.com/luxfi/threshold/internal/test.(*Harness).CreateHandler()
      /Users/z/work/lux/threshold/internal/test/harness.go:91 +0x2e4
  github.com/luxfi/threshold/internal/test.RunProtocol()
      /Users/z/work/lux/threshold/internal/test/harness.go:270 +0x230
  github.com/luxfi/threshold/protocols/frost_test.TestDebugKeygen()
      /Users/z/work/lux/threshold/protocols/frost/debug_keygen_test.go:24 +0x1dc
  testing.tRunner()
      /opt/homebrew/Cellar/go/1.24.6/libexec/src/testing/testing.go:1792 +0x180
  testing.(*T).Run.gowrap1()
      /opt/homebrew/Cellar/go/1.24.6/libexec/src/testing/testing.go:1851 +0x40

Goroutine 878 (running) created at:
  github.com/luxfi/threshold/pkg/protocol.(*Handler).startWorkers()
      /Users/z/work/lux/threshold/pkg/protocol/handler.go:355 +0x27c
  github.com/luxfi/threshold/pkg/protocol.NewHandler()
      /Users/z/work/lux/threshold/pkg/protocol/handler.go:247 +0xf10
  github.com/luxfi/threshold/internal/test.(*Harness).CreateHandler()
      /Users/z/work/lux/threshold/internal/test/harness.go:91 +0x2e4
  github.com/luxfi/threshold/internal/test.RunProtocol()
      /Users/z/work/lux/threshold/internal/test/harness.go:270 +0x230
  github.com/luxfi/threshold/protocols/frost_test.TestDebugKeygen()
      /Users/z/work/lux/threshold/protocols/frost/debug_keygen_test.go:24 +0x1dc
  testing.tRunner()
      /opt/homebrew/Cellar/go/1.24.6/libexec/src/testing/testing.go:1792 +0x180
  testing.(*T).Run.gowrap1()
      /opt/homebrew/Cellar/go/1.24.6/libexec/src/testing/testing.go:1851 +0x40
==================
2025-08-15T22:12:56.622-0500	DEBUG	protocol/handler.go:470	message for different round (buffering)	{"{msg_round 20 3  <nil>}": {"Key":"current_round","Type":20,"Integer":2,"String":"","Interface":null}}
2025-08-15T22:12:56.622-0500	DEBUG	protocol/handler.go:581	tryAdvanceRound called	{"{current_round 20 2  <nil>}": {"Key":"self","Type":15,"Integer":0,"String":"b","Interface":null}}
2025-08-15T22:12:56.622-0500	DEBUG	protocol/handler.go:1239	finalize returned next round	{"{current 20 2  <nil>}": {"Key":"next","Type":20,"Integer":3,"String":"","Interface":null}}
2025-08-15T22:12:56.624-0500	INFO	protocol/handler.go:642	storing new currentRound	{"{from 20 2  <nil>}": {"Key":"to","Type":20,"Integer":3,"String":"","Interface":null}}
2025-08-15T22:12:56.624-0500	DEBUG	protocol/handler.go:1503	processing queued messages
2025-08-15T22:12:56.624-0500	DEBUG	protocol/handler.go:1503	processing queued messages
2025-08-15T22:12:56.625-0500	DEBUG	protocol/handler.go:1591	have processed broadcast	{"{round 20 2  <nil>}": {"Key":"from","Type":15,"Integer":0,"String":"a","Interface":null}}
2025-08-15T22:12:56.625-0500	DEBUG	protocol/handler.go:1591	have processed broadcast	{"{round 20 2  <nil>}": {"Key":"from","Type":15,"Integer":0,"String":"b","Interface":null}}
2025-08-15T22:12:56.625-0500	DEBUG	protocol/handler.go:1649	have all messages and processed	{"{round 20 2  <nil>}": {"Key":"self","Type":15,"Integer":0,"String":"c","Interface":null}}
2025-08-15T22:12:56.625-0500	DEBUG	protocol/handler.go:596	round already finalized
2025-08-15T22:12:56.625-0500	DEBUG	protocol/handler.go:600	current round already advanced	{"{checking 20 2  <nil>}": {"Key":"current","Type":20,"Integer":3,"String":"","Interface":null}}
2025-08-15T22:12:56.617-0500	DEBUG	protocol/handler.go:437	processing message	{"{from 15 0 a <nil>}": {"Key":"to","Type":15,"Integer":0,"String":"","Interface":null}, "{round 20 3  <nil>}": {"Key":"broadcast","Type":4,"Integer":1,"String":"","Interface":null}}
2025-08-15T22:12:56.625-0500	DEBUG	protocol/handler.go:1657	storing broadcast	{"{round 20 3  <nil>}": {"Key":"from","Type":15,"Integer":0,"String":"a","Interface":null}}
==================
WARNING: DATA RACE
Read at 0x00c000a7bd28 by goroutine 882:
  github.com/luxfi/threshold/protocols/frost/keygen.(*round2).Number()
      <autogenerated>:1 +0x38
  github.com/luxfi/threshold/pkg/protocol.(*Handler).processMessage()
      /Users/z/work/lux/threshold/pkg/protocol/handler.go:469 +0x94c
  github.com/luxfi/threshold/pkg/protocol.(*Handler).messageWorker()
      /Users/z/work/lux/threshold/pkg/protocol/handler.go:408 +0x338
  github.com/luxfi/threshold/pkg/protocol.(*Handler).startWorkers.gowrap2()
      /Users/z/work/lux/threshold/pkg/protocol/handler.go:361 +0x44

Previous write at 0x00c000a7bd2c by goroutine 877:
  ??()
      -:0 +0x104ad5eb0
2025-08-15T22:12:56.625-0500	DEBUG	protocol/handler.go:1591	have processed broadcast	{"{round 20 2  <nil>}": {"Key":"from","Type":15,"Integer":0,"String":"a","Interface":null}}
  sync/atomic.AddInt32()
      <autogenerated>:1 +0x14
  sync.(*Mutex).Unlock()
      /opt/homebrew/Cellar/go/1.24.6/libexec/src/sync/mutex.go:65 +0x2c
  github.com/luxfi/threshold/protocols/frost/keygen.(*round2).StoreBroadcastMessage()
      /Users/z/work/lux/threshold/protocols/frost/keygen/round2.go:62 +0x78
  github.com/luxfi/threshold/pkg/protocol.(*Handler).verifyBroadcastForRound()
      /Users/z/work/lux/threshold/pkg/protocol/handler.go:1277 +0x3a0
  github.com/luxfi/threshold/pkg/protocol.(*Handler).retryUnprocessedMessages()
      /Users/z/work/lux/threshold/pkg/protocol/handler.go:1483 +0x22c
  github.com/luxfi/threshold/pkg/protocol.(*Handler).tryAdvanceRound()
      /Users/z/work/lux/threshold/pkg/protocol/handler.go:587 +0x28c
  github.com/luxfi/threshold/pkg/protocol.(*Handler).processMessage()
      /Users/z/work/lux/threshold/pkg/protocol/handler.go:474 +0xb70
  github.com/luxfi/threshold/pkg/protocol.(*Handler).messageWorker()
      /Users/z/work/lux/threshold/pkg/protocol/handler.go:408 +0x338
  github.com/luxfi/threshold/pkg/protocol.(*Handler).startWorkers.gowrap1()
      /Users/z/work/lux/threshold/pkg/protocol/handler.go:355 +0x44
2025-08-15T22:12:56.625-0500	DEBUG	protocol/handler.go:1591	have processed broadcast	{"{round 20 2  <nil>}": {"Key":"from","Type":15,"Integer":0,"String":"c","Interface":null}}

Goroutine 882 (running) created at:
  github.com/luxfi/threshold/pkg/protocol.(*Handler).startWorkers()
      /Users/z/work/lux/threshold/pkg/protocol/handler.go:361 +0x334
2025-08-15T22:12:56.625-0500	DEBUG	protocol/handler.go:1649	have all messages and processed	{"{round 20 2  <nil>}": {"Key":"self","Type":15,"Integer":0,"String":"b","Interface":null}}
  github.com/luxfi/threshold/pkg/protocol.NewHandler()
      /Users/z/work/lux/threshold/pkg/protocol/handler.go:247 +0xf10
  github.com/luxfi/threshold/internal/test.(*Harness).CreateHandler()
      /Users/z/work/lux/threshold/internal/test/harness.go:91 +0x2e4
  github.com/luxfi/threshold/internal/test.RunProtocol()
      /Users/z/work/lux/threshold/internal/test/harness.go:270 +0x230
  github.com/luxfi/threshold/protocols/frost_test.TestDebugKeygen()
      /Users/z/work/lux/threshold/protocols/frost/debug_keygen_test.go:24 +0x1dc
  testing.tRunner()
      /opt/homebrew/Cellar/go/1.24.6/libexec/src/testing/testing.go:1792 +0x180
  testing.(*T).Run.gowrap1()
      /opt/homebrew/Cellar/go/1.24.6/libexec/src/testing/testing.go:1851 +0x40

Goroutine 877 (running) created at:
  github.com/luxfi/threshold/pkg/protocol.(*Handler).startWorkers()
      /Users/z/work/lux/threshold/pkg/protocol/handler.go:355 +0x27c
  github.com/luxfi/threshold/pkg/protocol.NewHandler()
      /Users/z/work/lux/threshold/pkg/protocol/handler.go:247 +0xf10
  github.com/luxfi/threshold/internal/test.(*Harness).CreateHandler()
      /Users/z/work/lux/threshold/internal/test/harness.go:91 +0x2e4
  github.com/luxfi/threshold/internal/test.RunProtocol()
      /Users/z/work/lux/threshold/internal/test/harness.go:270 +0x230
  github.com/luxfi/threshold/protocols/frost_test.TestDebugKeygen()
      /Users/z/work/lux/threshold/protocols/frost/debug_keygen_test.go:24 +0x1dc
  testing.tRunner()
      /opt/homebrew/Cellar/go/1.24.6/libexec/src/testing/testing.go:1792 +0x180
  testing.(*T).Run.gowrap1()
      /opt/homebrew/Cellar/go/1.24.6/libexec/src/testing/testing.go:1851 +0x40
==================
2025-08-15T22:12:56.625-0500	DEBUG	protocol/handler.go:470	message for different round (buffering)	{"{msg_round 20 3  <nil>}": {"Key":"current_round","Type":20,"Integer":2,"String":"","Interface":null}}
2025-08-15T22:12:56.626-0500	DEBUG	protocol/handler.go:581	tryAdvanceRound called	{"{current_round 20 2  <nil>}": {"Key":"self","Type":15,"Integer":0,"String":"b","Interface":null}}
2025-08-15T22:12:56.626-0500	DEBUG	protocol/handler.go:1591	have processed broadcast	{"{round 20 2  <nil>}": {"Key":"from","Type":15,"Integer":0,"String":"a","Interface":null}}
2025-08-15T22:12:56.626-0500	DEBUG	protocol/handler.go:1591	have processed broadcast	{"{round 20 2  <nil>}": {"Key":"from","Type":15,"Integer":0,"String":"c","Interface":null}}
2025-08-15T22:12:56.626-0500	DEBUG	protocol/handler.go:1591	have processed broadcast	{"{round 20 2  <nil>}": {"Key":"from","Type":15,"Integer":0,"String":"a","Interface":null}}
2025-08-15T22:12:56.626-0500	DEBUG	protocol/handler.go:1649	have all messages and processed	{"{round 20 2  <nil>}": {"Key":"self","Type":15,"Integer":0,"String":"b","Interface":null}}
2025-08-15T22:12:56.626-0500	DEBUG	protocol/handler.go:1591	have processed broadcast	{"{round 20 2  <nil>}": {"Key":"from","Type":15,"Integer":0,"String":"b","Interface":null}}
2025-08-15T22:12:56.626-0500	DEBUG	protocol/handler.go:619	finalizing round
2025-08-15T22:12:56.626-0500	DEBUG	protocol/handler.go:1649	have all messages and processed	{"{round 20 2  <nil>}": {"Key":"self","Type":15,"Integer":0,"String":"c","Interface":null}}
2025-08-15T22:12:56.626-0500	DEBUG	protocol/handler.go:596	round already finalized
2025-08-15T22:12:56.626-0500	DEBUG	protocol/handler.go:600	current round already advanced	{"{checking 20 2  <nil>}": {"Key":"current","Type":20,"Integer":3,"String":"","Interface":null}}
2025-08-15T22:12:56.617-0500	DEBUG	protocol/handler.go:581	tryAdvanceRound called	{"{current_round 20 2  <nil>}": {"Key":"self","Type":15,"Integer":0,"String":"c","Interface":null}}
2025-08-15T22:12:56.626-0500	DEBUG	protocol/handler.go:1591	have processed broadcast	{"{round 20 2  <nil>}": {"Key":"from","Type":15,"Integer":0,"String":"a","Interface":null}}
2025-08-15T22:12:56.626-0500	DEBUG	protocol/handler.go:1591	have processed broadcast	{"{round 20 2  <nil>}": {"Key":"from","Type":15,"Integer":0,"String":"b","Interface":null}}
2025-08-15T22:12:56.626-0500	DEBUG	protocol/handler.go:1649	have all messages and processed	{"{round 20 2  <nil>}": {"Key":"self","Type":15,"Integer":0,"String":"c","Interface":null}}
2025-08-15T22:12:56.626-0500	DEBUG	protocol/handler.go:596	round already finalized
2025-08-15T22:12:56.626-0500	DEBUG	protocol/handler.go:600	current round already advanced	{"{checking 20 2  <nil>}": {"Key":"current","Type":20,"Integer":3,"String":"","Interface":null}}
2025-08-15T22:12:56.626-0500	INFO	protocol/handler.go:560	advanced to round
2025-08-15T22:12:56.627-0500	DEBUG	protocol/handler.go:581	tryAdvanceRound called	{"{current_round 20 3  <nil>}": {"Key":"self","Type":15,"Integer":0,"String":"c","Interface":null}}
2025-08-15T22:12:56.627-0500	DEBUG	protocol/handler.go:437	processing message	{"{from 15 0 c <nil>}": {"Key":"to","Type":15,"Integer":0,"String":"","Interface":null}, "{round 20 3  <nil>}": {"Key":"broadcast","Type":4,"Integer":1,"String":"","Interface":null}}
2025-08-15T22:12:56.627-0500	DEBUG	protocol/handler.go:1657	storing broadcast	{"{round 20 3  <nil>}": {"Key":"from","Type":15,"Integer":0,"String":"c","Interface":null}}
2025-08-15T22:12:56.627-0500	DEBUG	protocol/handler.go:581	tryAdvanceRound called	{"{current_round 20 3  <nil>}": {"Key":"self","Type":15,"Integer":0,"String":"a","Interface":null}}
2025-08-15T22:12:56.628-0500	DEBUG	protocol/handler.go:437	processing message	{"{from 15 0 c <nil>}": {"Key":"to","Type":15,"Integer":0,"String":"","Interface":null}, "{round 20 3  <nil>}": {"Key":"broadcast","Type":4,"Integer":1,"String":"","Interface":null}}
2025-08-15T22:12:56.628-0500	DEBUG	protocol/handler.go:1657	storing broadcast	{"{round 20 3  <nil>}": {"Key":"from","Type":15,"Integer":0,"String":"c","Interface":null}}
2025-08-15T22:12:56.628-0500	DEBUG	protocol/handler.go:596	round already finalized
2025-08-15T22:12:56.628-0500	DEBUG	protocol/handler.go:1591	have processed broadcast	{"{round 20 3  <nil>}": {"Key":"from","Type":15,"Integer":0,"String":"c","Interface":null}}
2025-08-15T22:12:56.628-0500	DEBUG	protocol/handler.go:470	message for different round (buffering)	{"{msg_round 20 3  <nil>}": {"Key":"current_round","Type":20,"Integer":2,"String":"","Interface":null}}
2025-08-15T22:12:56.628-0500	INFO	protocol/handler.go:560	advanced to round
2025-08-15T22:12:56.628-0500	DEBUG	protocol/handler.go:581	tryAdvanceRound called	{"{current_round 20 2  <nil>}": {"Key":"self","Type":15,"Integer":0,"String":"b","Interface":null}}
2025-08-15T22:12:56.628-0500	DEBUG	protocol/handler.go:1600	waiting for broadcasts	{"{round 20 3  <nil>}": {"Key":"missing","Type":15,"Integer":0,"String":"[b]","Interface":null}}
2025-08-15T22:12:56.628-0500	DEBUG	protocol/handler.go:1591	have processed broadcast	{"{round 20 2  <nil>}": {"Key":"from","Type":15,"Integer":0,"String":"a","Interface":null}}
2025-08-15T22:12:56.628-0500	DEBUG	protocol/handler.go:1039	sendRoundMessage	{"{from 15 0 b <nil>}": {"Key":"to","Type":15,"Integer":0,"String":"","Interface":null}, "{round 20 3  <nil>}": {"Key":"broadcast","Type":4,"Integer":1,"String":"","Interface":null}}
2025-08-15T22:12:56.628-0500	DEBUG	protocol/handler.go:581	tryAdvanceRound called	{"{current_round 20 3  <nil>}": {"Key":"self","Type":15,"Integer":0,"String":"a","Interface":null}}
2025-08-15T22:12:56.628-0500	DEBUG	protocol/handler.go:1657	storing broadcast	{"{round 20 3  <nil>}": {"Key":"from","Type":15,"Integer":0,"String":"b","Interface":null}}
2025-08-15T22:12:56.628-0500	DEBUG	protocol/handler.go:1591	have processed broadcast	{"{round 20 3  <nil>}": {"Key":"from","Type":15,"Integer":0,"String":"a","Interface":null}}
2025-08-15T22:12:56.628-0500	DEBUG	protocol/handler.go:1081	sent message to output channel	{"{from 15 0 b <nil>}": {"Key":"to","Type":15,"Integer":0,"String":"","Interface":null}, "{round 20 3  <nil>}": {"Key":"broadcast","Type":4,"Integer":1,"String":"","Interface":null}}
2025-08-15T22:12:56.628-0500	DEBUG	protocol/handler.go:1600	waiting for broadcasts	{"{round 20 3  <nil>}": {"Key":"missing","Type":15,"Integer":0,"String":"[b]","Interface":null}}
2025-08-15T22:12:56.628-0500	DEBUG	protocol/handler.go:1591	have processed broadcast	{"{round 20 2  <nil>}": {"Key":"from","Type":15,"Integer":0,"String":"c","Interface":null}}
2025-08-15T22:12:56.628-0500	DEBUG	protocol/handler.go:1039	sendRoundMessage	{"{from 15 0 b <nil>}": {"Key":"to","Type":15,"Integer":0,"String":"a","Interface":null}, "{round 20 3  <nil>}": {"Key":"broadcast","Type":4,"Integer":0,"String":"","Interface":null}}
2025-08-15T22:12:56.628-0500	DEBUG	protocol/handler.go:1591	have processed broadcast	{"{round 20 3  <nil>}": {"Key":"from","Type":15,"Integer":0,"String":"c","Interface":null}}
2025-08-15T22:12:56.629-0500	DEBUG	protocol/handler.go:1649	have all messages and processed	{"{round 20 2  <nil>}": {"Key":"self","Type":15,"Integer":0,"String":"b","Interface":null}}
2025-08-15T22:12:56.629-0500	DEBUG	protocol/handler.go:1081	sent message to output channel	{"{from 15 0 b <nil>}": {"Key":"to","Type":15,"Integer":0,"String":"a","Interface":null}, "{round 20 3  <nil>}": {"Key":"broadcast","Type":4,"Integer":0,"String":"","Interface":null}}
2025-08-15T22:12:56.629-0500	DEBUG	protocol/handler.go:1600	waiting for broadcasts	{"{round 20 3  <nil>}": {"Key":"missing","Type":15,"Integer":0,"String":"[b]","Interface":null}}
2025-08-15T22:12:56.629-0500	DEBUG	protocol/handler.go:1039	sendRoundMessage	{"{from 15 0 b <nil>}": {"Key":"to","Type":15,"Integer":0,"String":"c","Interface":null}, "{round 20 3  <nil>}": {"Key":"broadcast","Type":4,"Integer":0,"String":"","Interface":null}}
2025-08-15T22:12:56.629-0500	DEBUG	protocol/handler.go:596	round already finalized
2025-08-15T22:12:56.629-0500	DEBUG	protocol/handler.go:1081	sent message to output channel	{"{from 15 0 b <nil>}": {"Key":"to","Type":15,"Integer":0,"String":"c","Interface":null}, "{round 20 3  <nil>}": {"Key":"broadcast","Type":4,"Integer":0,"String":"","Interface":null}}
2025-08-15T22:12:56.629-0500	DEBUG	protocol/handler.go:1182	finalized round messages	{"{round 20 2  <nil>}": {"Key":"messages","Type":11,"Integer":3,"String":"","Interface":null}}
2025-08-15T22:12:56.629-0500	DEBUG	protocol/handler.go:1239	finalize returned next round	{"{current 20 2  <nil>}": {"Key":"next","Type":20,"Integer":3,"String":"","Interface":null}}
2025-08-15T22:12:56.629-0500	INFO	protocol/handler.go:642	storing new currentRound	{"{from 20 2  <nil>}": {"Key":"to","Type":20,"Integer":3,"String":"","Interface":null}}
2025-08-15T22:12:56.629-0500	DEBUG	protocol/handler.go:1503	processing queued messages
2025-08-15T22:12:56.629-0500	DEBUG	protocol/handler.go:432	processMessage: p2p round 3 START	{"{from 15 0 b <nil>}": {"Key":"to","Type":15,"Integer":0,"String":"a","Interface":null}}
2025-08-15T22:12:56.629-0500	DEBUG	protocol/handler.go:437	processing message	{"{from 15 0 b <nil>}": {"Key":"to","Type":15,"Integer":0,"String":"a","Interface":null}, "{round 20 3  <nil>}": {"Key":"broadcast","Type":4,"Integer":0,"String":"","Interface":null}}
2025-08-15T22:12:56.629-0500	DEBUG	protocol/handler.go:1662	storing message	{"{round 20 3  <nil>}": {"Key":"from","Type":15,"Integer":0,"String":"b","Interface":null}}
2025-08-15T22:12:56.629-0500	DEBUG	protocol/handler.go:581	tryAdvanceRound called	{"{current_round 20 3  <nil>}": {"Key":"self","Type":15,"Integer":0,"String":"a","Interface":null}}
2025-08-15T22:12:56.629-0500	DEBUG	protocol/handler.go:1503	processing queued messages
2025-08-15T22:12:56.629-0500	DEBUG	protocol/handler.go:1306	waiting for broadcast before normal message
2025-08-15T22:12:56.629-0500	DEBUG	protocol/handler.go:437	processing message	{"{from 15 0 b <nil>}": {"Key":"to","Type":15,"Integer":0,"String":"","Interface":null}, "{round 20 3  <nil>}": {"Key":"broadcast","Type":4,"Integer":1,"String":"","Interface":null}}
2025-08-15T22:12:56.629-0500	DEBUG	protocol/handler.go:1591	have processed broadcast	{"{round 20 3  <nil>}": {"Key":"from","Type":15,"Integer":0,"String":"c","Interface":null}}
2025-08-15T22:12:56.629-0500	DEBUG	protocol/handler.go:1600	waiting for broadcasts	{"{round 20 3  <nil>}": {"Key":"missing","Type":15,"Integer":0,"String":"[b]","Interface":null}}
2025-08-15T22:12:56.629-0500	DEBUG	protocol/handler.go:1657	storing broadcast	{"{round 20 3  <nil>}": {"Key":"from","Type":15,"Integer":0,"String":"b","Interface":null}}
2025-08-15T22:12:56.629-0500	DEBUG	protocol/handler.go:432	processMessage: p2p round 3 START	{"{from 15 0 b <nil>}": {"Key":"to","Type":15,"Integer":0,"String":"c","Interface":null}}
2025-08-15T22:12:56.630-0500	DEBUG	protocol/handler.go:581	tryAdvanceRound called	{"{current_round 20 3  <nil>}": {"Key":"self","Type":15,"Integer":0,"String":"c","Interface":null}}
2025-08-15T22:12:56.630-0500	DEBUG	protocol/handler.go:1591	have processed broadcast	{"{round 20 3  <nil>}": {"Key":"from","Type":15,"Integer":0,"String":"a","Interface":null}}
2025-08-15T22:12:56.630-0500	DEBUG	protocol/handler.go:437	processing message	{"{from 15 0 b <nil>}": {"Key":"to","Type":15,"Integer":0,"String":"c","Interface":null}, "{round 20 3  <nil>}": {"Key":"broadcast","Type":4,"Integer":0,"String":"","Interface":null}}
2025-08-15T22:12:56.630-0500	DEBUG	protocol/handler.go:1591	have processed broadcast	{"{round 20 3  <nil>}": {"Key":"from","Type":15,"Integer":0,"String":"b","Interface":null}}
2025-08-15T22:12:56.630-0500	DEBUG	protocol/handler.go:437	processing message	{"{from 15 0 b <nil>}": {"Key":"to","Type":15,"Integer":0,"String":"","Interface":null}, "{round 20 3  <nil>}": {"Key":"broadcast","Type":4,"Integer":1,"String":"","Interface":null}}
2025-08-15T22:12:56.630-0500	DEBUG	protocol/handler.go:1662	storing message	{"{round 20 3  <nil>}": {"Key":"from","Type":15,"Integer":0,"String":"b","Interface":null}}
2025-08-15T22:12:56.630-0500	DEBUG	protocol/handler.go:1657	storing broadcast	{"{round 20 3  <nil>}": {"Key":"from","Type":15,"Integer":0,"String":"b","Interface":null}}
2025-08-15T22:12:56.630-0500	DEBUG	protocol/handler.go:1635	waiting for messages	{"{round 20 3  <nil>}": {"Key":"missing","Type":15,"Integer":0,"String":"[b]","Interface":null}}
2025-08-15T22:12:56.630-0500	DEBUG	protocol/handler.go:581	tryAdvanceRound called	{"{current_round 20 3  <nil>}": {"Key":"self","Type":15,"Integer":0,"String":"a","Interface":null}}
2025-08-15T22:12:56.631-0500	DEBUG	protocol/handler.go:1591	have processed broadcast	{"{round 20 2  <nil>}": {"Key":"from","Type":15,"Integer":0,"String":"a","Interface":null}}
2025-08-15T22:12:56.631-0500	DEBUG	protocol/handler.go:1591	have processed broadcast	{"{round 20 2  <nil>}": {"Key":"from","Type":15,"Integer":0,"String":"c","Interface":null}}
2025-08-15T22:12:56.631-0500	DEBUG	protocol/handler.go:1649	have all messages and processed	{"{round 20 2  <nil>}": {"Key":"self","Type":15,"Integer":0,"String":"b","Interface":null}}
2025-08-15T22:12:56.631-0500	DEBUG	protocol/handler.go:596	round already finalized
2025-08-15T22:12:56.631-0500	DEBUG	protocol/handler.go:600	current round already advanced	{"{checking 20 2  <nil>}": {"Key":"current","Type":20,"Integer":3,"String":"","Interface":null}}
2025-08-15T22:12:56.629-0500	DEBUG	protocol/handler.go:432	processMessage: p2p round 3 START	{"{from 15 0 c <nil>}": {"Key":"to","Type":15,"Integer":0,"String":"a","Interface":null}}
2025-08-15T22:12:56.631-0500	DEBUG	protocol/handler.go:437	processing message	{"{from 15 0 c <nil>}": {"Key":"to","Type":15,"Integer":0,"String":"a","Interface":null}, "{round 20 3  <nil>}": {"Key":"broadcast","Type":4,"Integer":0,"String":"","Interface":null}}
2025-08-15T22:12:56.631-0500	DEBUG	protocol/handler.go:1662	storing message	{"{round 20 3  <nil>}": {"Key":"from","Type":15,"Integer":0,"String":"c","Interface":null}}
2025-08-15T22:12:56.631-0500	DEBUG	protocol/handler.go:1591	have processed broadcast	{"{round 20 3  <nil>}": {"Key":"from","Type":15,"Integer":0,"String":"b","Interface":null}}
2025-08-15T22:12:56.632-0500	DEBUG	protocol/handler.go:1591	have processed broadcast	{"{round 20 3  <nil>}": {"Key":"from","Type":15,"Integer":0,"String":"c","Interface":null}}
2025-08-15T22:12:56.632-0500	DEBUG	protocol/handler.go:1642	waiting for message processing	{"{round 20 3  <nil>}": {"Key":"unprocessed","Type":15,"Integer":0,"String":"[c]","Interface":null}}
2025-08-15T22:12:56.632-0500	DEBUG	protocol/handler.go:581	tryAdvanceRound called	{"{current_round 20 3  <nil>}": {"Key":"self","Type":15,"Integer":0,"String":"c","Interface":null}}
2025-08-15T22:12:56.632-0500	DEBUG	protocol/handler.go:1591	have processed broadcast	{"{round 20 3  <nil>}": {"Key":"from","Type":15,"Integer":0,"String":"a","Interface":null}}
2025-08-15T22:12:56.632-0500	DEBUG	protocol/handler.go:1591	have processed broadcast	{"{round 20 3  <nil>}": {"Key":"from","Type":15,"Integer":0,"String":"b","Interface":null}}
2025-08-15T22:12:56.632-0500	DEBUG	protocol/handler.go:1649	have all messages and processed	{"{round 20 3  <nil>}": {"Key":"self","Type":15,"Integer":0,"String":"c","Interface":null}}
2025-08-15T22:12:56.632-0500	DEBUG	protocol/handler.go:619	finalizing round
2025-08-15T22:12:56.634-0500	DEBUG	protocol/handler.go:1182	finalized round messages	{"{round 20 3  <nil>}": {"Key":"messages","Type":11,"Integer":0,"String":"","Interface":null}}
2025-08-15T22:12:56.634-0500	INFO	protocol/handler.go:1211	protocol completed	{"{self 15 0 c <nil>}": {"Key":"final_round","Type":20,"Integer":3,"String":"","Interface":null}}
2025-08-15T22:12:56.633-0500	DEBUG	protocol/handler.go:581	tryAdvanceRound called	{"{current_round 20 3  <nil>}": {"Key":"self","Type":15,"Integer":0,"String":"a","Interface":null}}
2025-08-15T22:12:56.634-0500	DEBUG	protocol/handler.go:624	finalizeRound returned nil
2025-08-15T22:12:56.635-0500	INFO	protocol/handler.go:787	protocol completed successfully
2025-08-15T22:12:56.635-0500	DEBUG	protocol/handler.go:1591	have processed broadcast	{"{round 20 3  <nil>}": {"Key":"from","Type":15,"Integer":0,"String":"b","Interface":null}}
2025-08-15T22:12:56.636-0500	DEBUG	protocol/handler.go:1591	have processed broadcast	{"{round 20 3  <nil>}": {"Key":"from","Type":15,"Integer":0,"String":"c","Interface":null}}
2025-08-15T22:12:56.636-0500	DEBUG	protocol/handler.go:1649	have all messages and processed	{"{round 20 3  <nil>}": {"Key":"self","Type":15,"Integer":0,"String":"a","Interface":null}}
2025-08-15T22:12:56.636-0500	DEBUG	protocol/handler.go:619	finalizing round
2025-08-15T22:12:56.636-0500	DEBUG	protocol/handler.go:1591	have processed broadcast	{"{round 20 2  <nil>}": {"Key":"from","Type":15,"Integer":0,"String":"a","Interface":null}}
2025-08-15T22:12:56.636-0500	DEBUG	protocol/handler.go:1591	have processed broadcast	{"{round 20 2  <nil>}": {"Key":"from","Type":15,"Integer":0,"String":"c","Interface":null}}
2025-08-15T22:12:56.636-0500	DEBUG	protocol/handler.go:1649	have all messages and processed	{"{round 20 2  <nil>}": {"Key":"self","Type":15,"Integer":0,"String":"b","Interface":null}}
2025-08-15T22:12:56.636-0500	DEBUG	protocol/handler.go:596	round already finalized
2025-08-15T22:12:56.636-0500	DEBUG	protocol/handler.go:600	current round already advanced	{"{checking 20 2  <nil>}": {"Key":"current","Type":20,"Integer":3,"String":"","Interface":null}}
2025-08-15T22:12:56.636-0500	INFO	protocol/handler.go:560	advanced to round
2025-08-15T22:12:56.637-0500	DEBUG	protocol/handler.go:581	tryAdvanceRound called	{"{current_round 20 3  <nil>}": {"Key":"self","Type":15,"Integer":0,"String":"b","Interface":null}}
2025-08-15T22:12:56.636-0500	DEBUG	protocol/handler.go:581	tryAdvanceRound called	{"{current_round 20 3  <nil>}": {"Key":"self","Type":15,"Integer":0,"String":"a","Interface":null}}
2025-08-15T22:12:56.637-0500	DEBUG	protocol/handler.go:1591	have processed broadcast	{"{round 20 3  <nil>}": {"Key":"from","Type":15,"Integer":0,"String":"b","Interface":null}}
2025-08-15T22:12:56.637-0500	DEBUG	protocol/handler.go:1591	have processed broadcast	{"{round 20 3  <nil>}": {"Key":"from","Type":15,"Integer":0,"String":"c","Interface":null}}
2025-08-15T22:12:56.637-0500	DEBUG	protocol/handler.go:1649	have all messages and processed	{"{round 20 3  <nil>}": {"Key":"self","Type":15,"Integer":0,"String":"a","Interface":null}}
2025-08-15T22:12:56.637-0500	DEBUG	protocol/handler.go:596	round already finalized
2025-08-15T22:12:56.638-0500	DEBUG	protocol/handler.go:1182	finalized round messages	{"{round 20 3  <nil>}": {"Key":"messages","Type":11,"Integer":0,"String":"","Interface":null}}
2025-08-15T22:12:56.638-0500	INFO	protocol/handler.go:1211	protocol completed	{"{self 15 0 a <nil>}": {"Key":"final_round","Type":20,"Integer":3,"String":"","Interface":null}}
2025-08-15T22:12:56.638-0500	DEBUG	protocol/handler.go:624	finalizeRound returned nil
2025-08-15T22:12:56.638-0500	DEBUG	protocol/handler.go:1591	have processed broadcast	{"{round 20 3  <nil>}": {"Key":"from","Type":15,"Integer":0,"String":"a","Interface":null}}
2025-08-15T22:12:56.638-0500	DEBUG	protocol/handler.go:1591	have processed broadcast	{"{round 20 3  <nil>}": {"Key":"from","Type":15,"Integer":0,"String":"c","Interface":null}}
2025-08-15T22:12:56.638-0500	DEBUG	protocol/handler.go:1649	have all messages and processed	{"{round 20 3  <nil>}": {"Key":"self","Type":15,"Integer":0,"String":"b","Interface":null}}
2025-08-15T22:12:56.638-0500	DEBUG	protocol/handler.go:619	finalizing round
2025-08-15T22:12:56.640-0500	DEBUG	protocol/handler.go:1182	finalized round messages	{"{round 20 3  <nil>}": {"Key":"messages","Type":11,"Integer":0,"String":"","Interface":null}}
2025-08-15T22:12:56.640-0500	INFO	protocol/handler.go:1211	protocol completed	{"{self 15 0 b <nil>}": {"Key":"final_round","Type":20,"Integer":3,"String":"","Interface":null}}
2025-08-15T22:12:56.640-0500	DEBUG	protocol/handler.go:624	finalizeRound returned nil
2025-08-15T22:12:56.650-0500	INFO	protocol/handler.go:787	protocol completed successfully
2025-08-15T22:12:56.650-0500	INFO	protocol/handler.go:787	protocol completed successfully
2025-08-15T22:12:56.656-0500	DEBUG	protocol/handler.go:403	worker stopping
2025-08-15T22:12:56.656-0500	DEBUG	protocol/handler.go:403	worker stopping
2025-08-15T22:12:56.656-0500	DEBUG	protocol/handler.go:403	worker stopping
2025-08-15T22:12:56.656-0500	DEBUG	protocol/handler.go:403	worker stopping
2025-08-15T22:12:56.656-0500	DEBUG	protocol/handler.go:403	worker stopping
2025-08-15T22:12:56.656-0500	DEBUG	protocol/handler.go:403	worker stopping
2025-08-15T22:12:56.656-0500	DEBUG	protocol/handler.go:403	worker stopping
2025-08-15T22:12:56.656-0500	DEBUG	protocol/handler.go:403	worker stopping
2025-08-15T22:12:56.660-0500	INFO	protocol/handler.go:240	starting protocol handler	{"{protocol 15 0 frost/keygen-threshold <nil>}": {"Key":"workers","Type":11,"Integer":4,"String":"","Interface":null}, "{parties 11 3  <nil>}": {"Key":"threshold","Type":11,"Integer":2,"String":"","Interface":null}}
2025-08-15T22:12:56.660-0500	DEBUG	protocol/handler.go:348	starting worker pools	{"{workers 11 4  <nil>}": {"Key":"priority","Type":11,"Integer":4,"String":"","Interface":null}}
2025-08-15T22:12:56.660-0500	DEBUG	protocol/handler.go:391	worker started	{"{id 11 0  <nil>}": {"Key":"priority","Type":4,"Integer":0,"String":"","Interface":null}}
2025-08-15T22:12:56.660-0500	DEBUG	protocol/handler.go:391	worker started	{"{id 11 1  <nil>}": {"Key":"priority","Type":4,"Integer":0,"String":"","Interface":null}}
2025-08-15T22:12:56.660-0500	DEBUG	protocol/handler.go:391	worker started	{"{id 11 2  <nil>}": {"Key":"priority","Type":4,"Integer":0,"String":"","Interface":null}}
2025-08-15T22:12:56.660-0500	DEBUG	protocol/handler.go:391	worker started	{"{id 11 0  <nil>}": {"Key":"priority","Type":4,"Integer":1,"String":"","Interface":null}}
2025-08-15T22:12:56.661-0500	DEBUG	protocol/handler.go:391	worker started	{"{id 11 1  <nil>}": {"Key":"priority","Type":4,"Integer":1,"String":"","Interface":null}}
2025-08-15T22:12:56.661-0500	DEBUG	protocol/handler.go:391	worker started	{"{id 11 2  <nil>}": {"Key":"priority","Type":4,"Integer":1,"String":"","Interface":null}}
2025-08-15T22:12:56.661-0500	DEBUG	protocol/handler.go:391	worker started	{"{id 11 3  <nil>}": {"Key":"priority","Type":4,"Integer":0,"String":"","Interface":null}}
2025-08-15T22:12:56.661-0500	DEBUG	protocol/handler.go:930	initializing round
2025-08-15T22:12:56.661-0500	DEBUG	protocol/handler.go:1503	processing queued messages
2025-08-15T22:12:56.661-0500	DEBUG	protocol/handler.go:391	worker started	{"{id 11 3  <nil>}": {"Key":"priority","Type":4,"Integer":1,"String":"","Interface":null}}
2025-08-15T22:12:56.664-0500	INFO	protocol/handler.go:240	starting protocol handler	{"{protocol 15 0 frost/keygen-threshold <nil>}": {"Key":"workers","Type":11,"Integer":4,"String":"","Interface":null}, "{parties 11 3  <nil>}": {"Key":"threshold","Type":11,"Integer":2,"String":"","Interface":null}}
2025-08-15T22:12:56.664-0500	DEBUG	protocol/handler.go:348	starting worker pools	{"{workers 11 4  <nil>}": {"Key":"priority","Type":11,"Integer":4,"String":"","Interface":null}}
2025-08-15T22:12:56.664-0500	DEBUG	protocol/handler.go:391	worker started	{"{id 11 3  <nil>}": {"Key":"priority","Type":4,"Integer":0,"String":"","Interface":null}}
2025-08-15T22:12:56.664-0500	DEBUG	protocol/handler.go:391	worker started	{"{id 11 1  <nil>}": {"Key":"priority","Type":4,"Integer":0,"String":"","Interface":null}}
2025-08-15T22:12:56.664-0500	DEBUG	protocol/handler.go:391	worker started	{"{id 11 2  <nil>}": {"Key":"priority","Type":4,"Integer":0,"String":"","Interface":null}}
2025-08-15T22:12:56.664-0500	DEBUG	protocol/handler.go:391	worker started	{"{id 11 0  <nil>}": {"Key":"priority","Type":4,"Integer":1,"String":"","Interface":null}}
2025-08-15T22:12:56.664-0500	DEBUG	protocol/handler.go:391	worker started	{"{id 11 1  <nil>}": {"Key":"priority","Type":4,"Integer":1,"String":"","Interface":null}}
2025-08-15T22:12:56.664-0500	DEBUG	protocol/handler.go:391	worker started	{"{id 11 2  <nil>}": {"Key":"priority","Type":4,"Integer":1,"String":"","Interface":null}}
2025-08-15T22:12:56.665-0500	DEBUG	protocol/handler.go:391	worker started	{"{id 11 3  <nil>}": {"Key":"priority","Type":4,"Integer":1,"String":"","Interface":null}}
2025-08-15T22:12:56.665-0500	DEBUG	protocol/handler.go:930	initializing round
2025-08-15T22:12:56.665-0500	DEBUG	protocol/handler.go:1503	processing queued messages
2025-08-15T22:12:56.665-0500	INFO	protocol/handler.go:240	starting protocol handler	{"{protocol 15 0 frost/keygen-threshold <nil>}": {"Key":"workers","Type":11,"Integer":4,"String":"","Interface":null}, "{parties 11 3  <nil>}": {"Key":"threshold","Type":11,"Integer":2,"String":"","Interface":null}}
2025-08-15T22:12:56.665-0500	DEBUG	protocol/handler.go:348	starting worker pools	{"{workers 11 4  <nil>}": {"Key":"priority","Type":11,"Integer":4,"String":"","Interface":null}}
2025-08-15T22:12:56.665-0500	DEBUG	protocol/handler.go:391	worker started	{"{id 11 0  <nil>}": {"Key":"priority","Type":4,"Integer":0,"String":"","Interface":null}}
2025-08-15T22:12:56.665-0500	DEBUG	protocol/handler.go:391	worker started	{"{id 11 1  <nil>}": {"Key":"priority","Type":4,"Integer":0,"String":"","Interface":null}}
2025-08-15T22:12:56.665-0500	DEBUG	protocol/handler.go:391	worker started	{"{id 11 2  <nil>}": {"Key":"priority","Type":4,"Integer":0,"String":"","Interface":null}}
2025-08-15T22:12:56.665-0500	DEBUG	protocol/handler.go:391	worker started	{"{id 11 0  <nil>}": {"Key":"priority","Type":4,"Integer":1,"String":"","Interface":null}}
2025-08-15T22:12:56.665-0500	DEBUG	protocol/handler.go:391	worker started	{"{id 11 3  <nil>}": {"Key":"priority","Type":4,"Integer":0,"String":"","Interface":null}}
2025-08-15T22:12:56.665-0500	DEBUG	protocol/handler.go:391	worker started	{"{id 11 1  <nil>}": {"Key":"priority","Type":4,"Integer":1,"String":"","Interface":null}}
2025-08-15T22:12:56.665-0500	DEBUG	protocol/handler.go:391	worker started	{"{id 11 3  <nil>}": {"Key":"priority","Type":4,"Integer":1,"String":"","Interface":null}}
2025-08-15T22:12:56.666-0500	DEBUG	protocol/handler.go:930	initializing round
2025-08-15T22:12:56.666-0500	DEBUG	protocol/handler.go:1503	processing queued messages
2025-08-15T22:12:56.664-0500	DEBUG	protocol/handler.go:391	worker started	{"{id 11 0  <nil>}": {"Key":"priority","Type":4,"Integer":0,"String":"","Interface":null}}
2025-08-15T22:12:56.666-0500	DEBUG	protocol/handler.go:391	worker started	{"{id 11 2  <nil>}": {"Key":"priority","Type":4,"Integer":1,"String":"","Interface":null}}
2025-08-15T22:12:56.666-0500	DEBUG	protocol/handler.go:403	worker stopping
2025-08-15T22:12:56.666-0500	DEBUG	protocol/handler.go:403	worker stopping
2025-08-15T22:12:56.666-0500	DEBUG	protocol/handler.go:403	worker stopping
2025-08-15T22:12:56.666-0500	DEBUG	protocol/handler.go:403	worker stopping
2025-08-15T22:12:56.666-0500	DEBUG	protocol/handler.go:403	worker stopping
2025-08-15T22:12:56.666-0500	DEBUG	protocol/handler.go:403	worker stopping
2025-08-15T22:12:56.666-0500	DEBUG	protocol/handler.go:403	worker stopping
2025-08-15T22:12:56.666-0500	DEBUG	protocol/handler.go:403	worker stopping
2025-08-15T22:12:56.666-0500	DEBUG	protocol/handler.go:403	worker stopping
2025-08-15T22:12:56.666-0500	DEBUG	protocol/handler.go:403	worker stopping
2025-08-15T22:12:56.666-0500	DEBUG	protocol/handler.go:403	worker stopping
2025-08-15T22:12:56.666-0500	DEBUG	protocol/handler.go:403	worker stopping
2025-08-15T22:12:56.667-0500	DEBUG	protocol/handler.go:403	worker stopping
2025-08-15T22:12:56.667-0500	DEBUG	protocol/handler.go:403	worker stopping
2025-08-15T22:12:56.667-0500	DEBUG	protocol/handler.go:403	worker stopping
2025-08-15T22:12:56.666-0500	DEBUG	protocol/handler.go:403	worker stopping
2025-08-15T22:12:56.671-0500	INFO	protocol/handler.go:560	advanced to round
2025-08-15T22:12:56.671-0500	DEBUG	protocol/handler.go:581	tryAdvanceRound called	{"{current_round 20 1  <nil>}": {"Key":"self","Type":15,"Integer":0,"String":"a","Interface":null}}
2025-08-15T22:12:56.671-0500	DEBUG	protocol/handler.go:1649	have all messages and processed	{"{round 20 1  <nil>}": {"Key":"self","Type":15,"Integer":0,"String":"a","Interface":null}}
2025-08-15T22:12:56.671-0500	DEBUG	protocol/handler.go:619	finalizing round
2025-08-15T22:12:56.677-0500	INFO	protocol/handler.go:560	advanced to round
2025-08-15T22:12:56.678-0500	DEBUG	protocol/handler.go:581	tryAdvanceRound called	{"{current_round 20 1  <nil>}": {"Key":"self","Type":15,"Integer":0,"String":"c","Interface":null}}
2025-08-15T22:12:56.678-0500	DEBUG	protocol/handler.go:1649	have all messages and processed	{"{round 20 1  <nil>}": {"Key":"self","Type":15,"Integer":0,"String":"c","Interface":null}}
2025-08-15T22:12:56.679-0500	DEBUG	protocol/handler.go:619	finalizing round
2025-08-15T22:12:56.688-0500	INFO	protocol/handler.go:560	advanced to round
2025-08-15T22:12:56.689-0500	DEBUG	protocol/handler.go:581	tryAdvanceRound called	{"{current_round 20 1  <nil>}": {"Key":"self","Type":15,"Integer":0,"String":"b","Interface":null}}
2025-08-15T22:12:56.689-0500	DEBUG	protocol/handler.go:1649	have all messages and processed	{"{round 20 1  <nil>}": {"Key":"self","Type":15,"Integer":0,"String":"b","Interface":null}}
2025-08-15T22:12:56.689-0500	DEBUG	protocol/handler.go:619	finalizing round
2025-08-15T22:12:56.689-0500	DEBUG	protocol/handler.go:954	round already being initialized/finalized, skipping
2025-08-15T22:12:56.689-0500	DEBUG	protocol/handler.go:954	round already being initialized/finalized, skipping
2025-08-15T22:12:56.690-0500	DEBUG	protocol/handler.go:954	round already being initialized/finalized, skipping
2025-08-15T22:12:56.694-0500	DEBUG	protocol/handler.go:1039	sendRoundMessage	{"{from 15 0 c <nil>}": {"Key":"to","Type":15,"Integer":0,"String":"","Interface":null}, "{round 20 2  <nil>}": {"Key":"broadcast","Type":4,"Integer":1,"String":"","Interface":null}}
2025-08-15T22:12:56.695-0500	DEBUG	protocol/handler.go:1039	sendRoundMessage	{"{from 15 0 a <nil>}": {"Key":"to","Type":15,"Integer":0,"String":"","Interface":null}, "{round 20 2  <nil>}": {"Key":"broadcast","Type":4,"Integer":1,"String":"","Interface":null}}
2025-08-15T22:12:56.719-0500	DEBUG	protocol/handler.go:1657	storing broadcast	{"{round 20 2  <nil>}": {"Key":"from","Type":15,"Integer":0,"String":"c","Interface":null}}
2025-08-15T22:12:56.719-0500	DEBUG	protocol/handler.go:1081	sent message to output channel	{"{from 15 0 c <nil>}": {"Key":"to","Type":15,"Integer":0,"String":"","Interface":null}, "{round 20 2  <nil>}": {"Key":"broadcast","Type":4,"Integer":1,"String":"","Interface":null}}
2025-08-15T22:12:56.719-0500	DEBUG	protocol/handler.go:1182	finalized round messages	{"{round 20 1  <nil>}": {"Key":"messages","Type":11,"Integer":1,"String":"","Interface":null}}
2025-08-15T22:12:56.719-0500	DEBUG	protocol/handler.go:1239	finalize returned next round	{"{current 20 1  <nil>}": {"Key":"next","Type":20,"Integer":2,"String":"","Interface":null}}
2025-08-15T22:12:56.720-0500	INFO	protocol/handler.go:642	storing new currentRound	{"{from 20 1  <nil>}": {"Key":"to","Type":20,"Integer":2,"String":"","Interface":null}}
2025-08-15T22:12:56.720-0500	DEBUG	protocol/handler.go:1503	processing queued messages
2025-08-15T22:12:56.720-0500	INFO	protocol/handler.go:560	advanced to round
2025-08-15T22:12:56.720-0500	DEBUG	protocol/handler.go:581	tryAdvanceRound called	{"{current_round 20 2  <nil>}": {"Key":"self","Type":15,"Integer":0,"String":"c","Interface":null}}
2025-08-15T22:12:56.720-0500	DEBUG	protocol/handler.go:1600	waiting for broadcasts	{"{round 20 2  <nil>}": {"Key":"missing","Type":15,"Integer":0,"String":"[a b]","Interface":null}}
2025-08-15T22:12:56.720-0500	DEBUG	protocol/handler.go:1503	processing queued messages
2025-08-15T22:12:56.720-0500	DEBUG	protocol/handler.go:437	processing message	{"{from 15 0 c <nil>}": {"Key":"to","Type":15,"Integer":0,"String":"","Interface":null}, "{round 20 2  <nil>}": {"Key":"broadcast","Type":4,"Integer":1,"String":"","Interface":null}}
2025-08-15T22:12:56.720-0500	DEBUG	protocol/handler.go:1657	storing broadcast	{"{round 20 2  <nil>}": {"Key":"from","Type":15,"Integer":0,"String":"c","Interface":null}}
2025-08-15T22:12:56.720-0500	DEBUG	protocol/handler.go:470	message for different round (buffering)	{"{msg_round 20 2  <nil>}": {"Key":"current_round","Type":20,"Integer":1,"String":"","Interface":null}}
2025-08-15T22:12:56.720-0500	DEBUG	protocol/handler.go:581	tryAdvanceRound called	{"{current_round 20 1  <nil>}": {"Key":"self","Type":15,"Integer":0,"String":"a","Interface":null}}
2025-08-15T22:12:56.720-0500	DEBUG	protocol/handler.go:1649	have all messages and processed	{"{round 20 1  <nil>}": {"Key":"self","Type":15,"Integer":0,"String":"a","Interface":null}}
2025-08-15T22:12:56.720-0500	DEBUG	protocol/handler.go:596	round already finalized
2025-08-15T22:12:56.720-0500	DEBUG	protocol/handler.go:437	processing message	{"{from 15 0 c <nil>}": {"Key":"to","Type":15,"Integer":0,"String":"","Interface":null}, "{round 20 2  <nil>}": {"Key":"broadcast","Type":4,"Integer":1,"String":"","Interface":null}}
2025-08-15T22:12:56.720-0500	DEBUG	protocol/handler.go:1657	storing broadcast	{"{round 20 2  <nil>}": {"Key":"from","Type":15,"Integer":0,"String":"c","Interface":null}}
2025-08-15T22:12:56.720-0500	DEBUG	protocol/handler.go:470	message for different round (buffering)	{"{msg_round 20 2  <nil>}": {"Key":"current_round","Type":20,"Integer":1,"String":"","Interface":null}}
2025-08-15T22:12:56.720-0500	DEBUG	protocol/handler.go:581	tryAdvanceRound called	{"{current_round 20 1  <nil>}": {"Key":"self","Type":15,"Integer":0,"String":"b","Interface":null}}
2025-08-15T22:12:56.720-0500	DEBUG	protocol/handler.go:1649	have all messages and processed	{"{round 20 1  <nil>}": {"Key":"self","Type":15,"Integer":0,"String":"b","Interface":null}}
2025-08-15T22:12:56.720-0500	DEBUG	protocol/handler.go:596	round already finalized
2025-08-15T22:12:56.731-0500	DEBUG	protocol/handler.go:581	tryAdvanceRound called	{"{current_round 20 2  <nil>}": {"Key":"self","Type":15,"Integer":0,"String":"c","Interface":null}}
2025-08-15T22:12:56.737-0500	DEBUG	protocol/handler.go:1600	waiting for broadcasts	{"{round 20 2  <nil>}": {"Key":"missing","Type":15,"Integer":0,"String":"[a b]","Interface":null}}
2025-08-15T22:12:56.741-0500	DEBUG	protocol/handler.go:581	tryAdvanceRound called	{"{current_round 20 2  <nil>}": {"Key":"self","Type":15,"Integer":0,"String":"c","Interface":null}}
2025-08-15T22:12:56.741-0500	DEBUG	protocol/handler.go:1600	waiting for broadcasts	{"{round 20 2  <nil>}": {"Key":"missing","Type":15,"Integer":0,"String":"[a b]","Interface":null}}
2025-08-15T22:12:56.754-0500	DEBUG	protocol/handler.go:1657	storing broadcast	{"{round 20 2  <nil>}": {"Key":"from","Type":15,"Integer":0,"String":"a","Interface":null}}
2025-08-15T22:12:56.757-0500	DEBUG	protocol/handler.go:1081	sent message to output channel	{"{from 15 0 a <nil>}": {"Key":"to","Type":15,"Integer":0,"String":"","Interface":null}, "{round 20 2  <nil>}": {"Key":"broadcast","Type":4,"Integer":1,"String":"","Interface":null}}
2025-08-15T22:12:56.758-0500	DEBUG	protocol/handler.go:1182	finalized round messages	{"{round 20 1  <nil>}": {"Key":"messages","Type":11,"Integer":1,"String":"","Interface":null}}
2025-08-15T22:12:56.758-0500	DEBUG	protocol/handler.go:1239	finalize returned next round	{"{current 20 1  <nil>}": {"Key":"next","Type":20,"Integer":2,"String":"","Interface":null}}
2025-08-15T22:12:56.758-0500	INFO	protocol/handler.go:642	storing new currentRound	{"{from 20 1  <nil>}": {"Key":"to","Type":20,"Integer":2,"String":"","Interface":null}}
2025-08-15T22:12:56.758-0500	DEBUG	protocol/handler.go:1039	sendRoundMessage	{"{from 15 0 b <nil>}": {"Key":"to","Type":15,"Integer":0,"String":"","Interface":null}, "{round 20 2  <nil>}": {"Key":"broadcast","Type":4,"Integer":1,"String":"","Interface":null}}
2025-08-15T22:12:56.758-0500	DEBUG	protocol/handler.go:1503	processing queued messages
2025-08-15T22:12:56.758-0500	INFO	protocol/handler.go:560	advanced to round
2025-08-15T22:12:56.759-0500	DEBUG	protocol/handler.go:1657	storing broadcast	{"{round 20 2  <nil>}": {"Key":"from","Type":15,"Integer":0,"String":"b","Interface":null}}
2025-08-15T22:12:56.759-0500	DEBUG	protocol/handler.go:1081	sent message to output channel	{"{from 15 0 b <nil>}": {"Key":"to","Type":15,"Integer":0,"String":"","Interface":null}, "{round 20 2  <nil>}": {"Key":"broadcast","Type":4,"Integer":1,"String":"","Interface":null}}
2025-08-15T22:12:56.759-0500	DEBUG	protocol/handler.go:1182	finalized round messages	{"{round 20 1  <nil>}": {"Key":"messages","Type":11,"Integer":1,"String":"","Interface":null}}
2025-08-15T22:12:56.759-0500	DEBUG	protocol/handler.go:1239	finalize returned next round	{"{current 20 1  <nil>}": {"Key":"next","Type":20,"Integer":2,"String":"","Interface":null}}
2025-08-15T22:12:56.759-0500	INFO	protocol/handler.go:642	storing new currentRound	{"{from 20 1  <nil>}": {"Key":"to","Type":20,"Integer":2,"String":"","Interface":null}}
2025-08-15T22:12:56.759-0500	DEBUG	protocol/handler.go:1503	processing queued messages
2025-08-15T22:12:56.759-0500	INFO	protocol/handler.go:560	advanced to round
2025-08-15T22:12:56.759-0500	DEBUG	protocol/handler.go:581	tryAdvanceRound called	{"{current_round 20 2  <nil>}": {"Key":"self","Type":15,"Integer":0,"String":"b","Interface":null}}
2025-08-15T22:12:56.762-0500	DEBUG	protocol/handler.go:437	processing message	{"{from 15 0 b <nil>}": {"Key":"to","Type":15,"Integer":0,"String":"","Interface":null}, "{round 20 2  <nil>}": {"Key":"broadcast","Type":4,"Integer":1,"String":"","Interface":null}}
2025-08-15T22:12:56.762-0500	DEBUG	protocol/handler.go:1657	storing broadcast	{"{round 20 2  <nil>}": {"Key":"from","Type":15,"Integer":0,"String":"b","Interface":null}}
2025-08-15T22:12:56.762-0500	DEBUG	protocol/handler.go:437	processing message	{"{from 15 0 b <nil>}": {"Key":"to","Type":15,"Integer":0,"String":"","Interface":null}, "{round 20 2  <nil>}": {"Key":"broadcast","Type":4,"Integer":1,"String":"","Interface":null}}
2025-08-15T22:12:56.762-0500	DEBUG	protocol/handler.go:437	processing message	{"{from 15 0 a <nil>}": {"Key":"to","Type":15,"Integer":0,"String":"","Interface":null}, "{round 20 2  <nil>}": {"Key":"broadcast","Type":4,"Integer":1,"String":"","Interface":null}}
2025-08-15T22:12:56.762-0500	DEBUG	protocol/handler.go:1503	processing queued messages
2025-08-15T22:12:56.762-0500	DEBUG	protocol/handler.go:1657	storing broadcast	{"{round 20 2  <nil>}": {"Key":"from","Type":15,"Integer":0,"String":"a","Interface":null}}
2025-08-15T22:12:56.762-0500	DEBUG	protocol/handler.go:1657	storing broadcast	{"{round 20 2  <nil>}": {"Key":"from","Type":15,"Integer":0,"String":"b","Interface":null}}
==================
WARNING: DATA RACE
Write at 0x00c00015425c by goroutine 1038:
  ??()
      -:0 +0x104ada650
  sync/atomic.CompareAndSwapInt32()
      <autogenerated>:1 +0x18
  sync.(*Mutex).Lock()
      /opt/homebrew/Cellar/go/1.24.6/libexec/src/sync/mutex.go:46 +0x2c
  github.com/luxfi/threshold/protocols/frost/keygen.(*round2).StoreBroadcastMessage()
      /Users/z/work/lux/threshold/protocols/frost/keygen/round2.go:57 +0x58
  github.com/luxfi/threshold/pkg/protocol.(*Handler).verifyBroadcastForRound()
      /Users/z/work/lux/threshold/pkg/protocol/handler.go:1277 +0x3a0
  github.com/luxfi/threshold/pkg/protocol.(*Handler).processQueuedMessages()
      /Users/z/work/lux/threshold/pkg/protocol/handler.go:1542 +0x404
  github.com/luxfi/threshold/pkg/protocol.(*Handler).tryAdvanceRound.gowrap2()
      /Users/z/work/lux/threshold/pkg/protocol/handler.go:673 +0x40

Previous read at 0x00c000154258 by goroutine 967:
  github.com/luxfi/threshold/protocols/frost/keygen.(*round2).Number()
      <autogenerated>:1 +0x38
  github.com/luxfi/threshold/pkg/protocol.(*Handler).tryAdvanceRound()
      /Users/z/work/lux/threshold/pkg/protocol/handler.go:582 +0x70
  github.com/luxfi/threshold/pkg/protocol.(*Handler).roundProcessor()
      /Users/z/work/lux/threshold/pkg/protocol/handler.go:569 +0xb4
  github.com/luxfi/threshold/pkg/protocol.(*Handler).startWorkers.func1()
      /Users/z/work/lux/threshold/pkg/protocol/handler.go:374 +0x78

Goroutine 1038 (running) created at:
  github.com/luxfi/threshold/pkg/protocol.(*Handler).tryAdvanceRound()
      /Users/z/work/lux/threshold/pkg/protocol/handler.go:673 +0x12e4
  github.com/luxfi/threshold/pkg/protocol.(*Handler).roundProcessor()
      /Users/z/work/lux/threshold/pkg/protocol/handler.go:569 +0xb4
  github.com/luxfi/threshold/pkg/protocol.(*Handler).startWorkers.func1()
      /Users/z/work/lux/threshold/pkg/protocol/handler.go:374 +0x78

Goroutine 967 (running) created at:
  github.com/luxfi/threshold/pkg/protocol.(*Handler).startWorkers()
      /Users/z/work/lux/threshold/pkg/protocol/handler.go:372 +0x4fc
  github.com/luxfi/threshold/pkg/protocol.NewHandler()
      /Users/z/work/lux/threshold/pkg/protocol/handler.go:247 +0xf10
  github.com/luxfi/threshold/internal/test.(*Harness).CreateHandler()
      /Users/z/work/lux/threshold/internal/test/harness.go:91 +0x2e4
  github.com/luxfi/threshold/internal/test.RunProtocol()
      /Users/z/work/lux/threshold/internal/test/harness.go:270 +0x230
  github.com/luxfi/threshold/protocols/frost_test.TestDebugKeygen()
      /Users/z/work/lux/threshold/protocols/frost/debug_keygen_test.go:24 +0x1dc
  testing.tRunner()
      /opt/homebrew/Cellar/go/1.24.6/libexec/src/testing/testing.go:1792 +0x180
  testing.(*T).Run.gowrap1()
      /opt/homebrew/Cellar/go/1.24.6/libexec/src/testing/testing.go:1851 +0x40
==================
2025-08-15T22:12:56.762-0500	DEBUG	protocol/handler.go:437	processing message	{"{from 15 0 a <nil>}": {"Key":"to","Type":15,"Integer":0,"String":"","Interface":null}, "{round 20 2  <nil>}": {"Key":"broadcast","Type":4,"Integer":1,"String":"","Interface":null}}
2025-08-15T22:12:56.764-0500	DEBUG	protocol/handler.go:1657	storing broadcast	{"{round 20 2  <nil>}": {"Key":"from","Type":15,"Integer":0,"String":"a","Interface":null}}
2025-08-15T22:12:56.762-0500	DEBUG	protocol/handler.go:1503	processing queued messages
2025-08-15T22:12:56.765-0500	DEBUG	protocol/handler.go:581	tryAdvanceRound called	{"{current_round 20 2  <nil>}": {"Key":"self","Type":15,"Integer":0,"String":"a","Interface":null}}
2025-08-15T22:12:56.755-0500	DEBUG	protocol/handler.go:581	tryAdvanceRound called	{"{current_round 20 2  <nil>}": {"Key":"self","Type":15,"Integer":0,"String":"c","Interface":null}}
==================
WARNING: DATA RACE
Read at 0x00c000154258 by goroutine 967:
  github.com/luxfi/threshold/protocols/frost/keygen.(*round2).Number()
      <autogenerated>:1 +0x38
  github.com/luxfi/threshold/pkg/protocol.(*Handler).tryAdvanceRound()
      /Users/z/work/lux/threshold/pkg/protocol/handler.go:587 +0x280
  github.com/luxfi/threshold/pkg/protocol.(*Handler).roundProcessor()
      /Users/z/work/lux/threshold/pkg/protocol/handler.go:569 +0xb4
  github.com/luxfi/threshold/pkg/protocol.(*Handler).startWorkers.func1()
      /Users/z/work/lux/threshold/pkg/protocol/handler.go:374 +0x78

Previous write at 0x00c00015425c by goroutine 1038:
  ??()
      -:0 +0x104ad5eb0
  sync/atomic.AddInt32()
      <autogenerated>:1 +0x14
  sync.(*Mutex).Unlock()
      /opt/homebrew/Cellar/go/1.24.6/libexec/src/sync/mutex.go:65 +0x2c
  github.com/luxfi/threshold/protocols/frost/keygen.(*round2).StoreBroadcastMessage()
      /Users/z/work/lux/threshold/protocols/frost/keygen/round2.go:62 +0x78
  github.com/luxfi/threshold/pkg/protocol.(*Handler).verifyBroadcastForRound()
      /Users/z/work/lux/threshold/pkg/protocol/handler.go:1277 +0x3a0
  github.com/luxfi/threshold/pkg/protocol.(*Handler).processQueuedMessages()
      /Users/z/work/lux/threshold/pkg/protocol/handler.go:1542 +0x404
  github.com/luxfi/threshold/pkg/protocol.(*Handler).tryAdvanceRound.gowrap2()
      /Users/z/work/lux/threshold/pkg/protocol/handler.go:673 +0x40

Goroutine 967 (running) created at:
  github.com/luxfi/threshold/pkg/protocol.(*Handler).startWorkers()
      /Users/z/work/lux/threshold/pkg/protocol/handler.go:372 +0x4fc
  github.com/luxfi/threshold/pkg/protocol.NewHandler()
      /Users/z/work/lux/threshold/pkg/protocol/handler.go:247 +0xf10
  github.com/luxfi/threshold/internal/test.(*Harness).CreateHandler()
      /Users/z/work/lux/threshold/internal/test/harness.go:91 +0x2e4
  github.com/luxfi/threshold/internal/test.RunProtocol()
      /Users/z/work/lux/threshold/internal/test/harness.go:270 +0x230
  github.com/luxfi/threshold/protocols/frost_test.TestDebugKeygen()
      /Users/z/work/lux/threshold/protocols/frost/debug_keygen_test.go:24 +0x1dc
  testing.tRunner()
      /opt/homebrew/Cellar/go/1.24.6/libexec/src/testing/testing.go:1792 +0x180
  testing.(*T).Run.gowrap1()
      /opt/homebrew/Cellar/go/1.24.6/libexec/src/testing/testing.go:1851 +0x40

Goroutine 1038 (running) created at:
  github.com/luxfi/threshold/pkg/protocol.(*Handler).tryAdvanceRound()
      /Users/z/work/lux/threshold/pkg/protocol/handler.go:673 +0x12e4
  github.com/luxfi/threshold/pkg/protocol.(*Handler).roundProcessor()
      /Users/z/work/lux/threshold/pkg/protocol/handler.go:569 +0xb4
  github.com/luxfi/threshold/pkg/protocol.(*Handler).startWorkers.func1()
      /Users/z/work/lux/threshold/pkg/protocol/handler.go:374 +0x78
==================
==================
WARNING: DATA RACE
Write at 0x00c000d110fc by goroutine 1039:
  ??()
      -:0 +0x104ada650
  sync/atomic.CompareAndSwapInt32()
      <autogenerated>:1 +0x18
  sync.(*Mutex).Lock()
      /opt/homebrew/Cellar/go/1.24.6/libexec/src/sync/mutex.go:46 +0x2c
  github.com/luxfi/threshold/protocols/frost/keygen.(*round2).StoreBroadcastMessage()
      /Users/z/work/lux/threshold/protocols/frost/keygen/round2.go:57 +0x58
  github.com/luxfi/threshold/pkg/protocol.(*Handler).verifyBroadcastForRound()
      /Users/z/work/lux/threshold/pkg/protocol/handler.go:1277 +0x3a0
  github.com/luxfi/threshold/pkg/protocol.(*Handler).processQueuedMessages()
      /Users/z/work/lux/threshold/pkg/protocol/handler.go:1542 +0x404
  github.com/luxfi/threshold/pkg/protocol.(*Handler).tryAdvanceRound.gowrap2()
      /Users/z/work/lux/threshold/pkg/protocol/handler.go:673 +0x40

Previous read at 0x00c000d110f8 by goroutine 991:
  github.com/luxfi/threshold/protocols/frost/keygen.(*round2).Number()
      <autogenerated>:1 +0x38
  github.com/luxfi/threshold/pkg/protocol.(*Handler).verifyBroadcast()
      /Users/z/work/lux/threshold/pkg/protocol/handler.go:1356 +0x74
  github.com/luxfi/threshold/pkg/protocol.(*Handler).processMessage()
      /Users/z/work/lux/threshold/pkg/protocol/handler.go:480 +0xb9c
  github.com/luxfi/threshold/pkg/protocol.(*Handler).messageWorker()
      /Users/z/work/lux/threshold/pkg/protocol/handler.go:408 +0x338
  github.com/luxfi/threshold/pkg/protocol.(*Handler).startWorkers.gowrap2()
      /Users/z/work/lux/threshold/pkg/protocol/handler.go:361 +0x44

Goroutine 1039 (running) created at:
  github.com/luxfi/threshold/pkg/protocol.(*Handler).tryAdvanceRound()
      /Users/z/work/lux/threshold/pkg/protocol/handler.go:673 +0x12e4
  github.com/luxfi/threshold/pkg/protocol.(*Handler).roundProcessor()
      /Users/z/work/lux/threshold/pkg/protocol/handler.go:569 +0xb4
  github.com/luxfi/threshold/pkg/protocol.(*Handler).startWorkers.func1()
      /Users/z/work/lux/threshold/pkg/protocol/handler.go:374 +0x78

Goroutine 991 (running) created at:
  github.com/luxfi/threshold/pkg/protocol.(*Handler).startWorkers()
      /Users/z/work/lux/threshold/pkg/protocol/handler.go:361 +0x334
  github.com/luxfi/threshold/pkg/protocol.NewHandler()
      /Users/z/work/lux/threshold/pkg/protocol/handler.go:247 +0xf10
  github.com/luxfi/threshold/internal/test.(*Harness).CreateHandler()
      /Users/z/work/lux/threshold/internal/test/harness.go:91 +0x2e4
  github.com/luxfi/threshold/internal/test.RunProtocol()
      /Users/z/work/lux/threshold/internal/test/harness.go:270 +0x230
  github.com/luxfi/threshold/protocols/frost_test.TestDebugKeygen()
      /Users/z/work/lux/threshold/protocols/frost/debug_keygen_test.go:24 +0x1dc
  testing.tRunner()
      /opt/homebrew/Cellar/go/1.24.6/libexec/src/testing/testing.go:1792 +0x180
  testing.(*T).Run.gowrap1()
      /opt/homebrew/Cellar/go/1.24.6/libexec/src/testing/testing.go:1851 +0x40
==================
==================
WARNING: DATA RACE
Read at 0x00c00065c598 by goroutine 1021:
  github.com/luxfi/threshold/protocols/frost/keygen.(*round2).Number()
      <autogenerated>:1 +0x38
  github.com/luxfi/threshold/pkg/protocol.(*Handler).tryAdvanceRound()
      /Users/z/work/lux/threshold/pkg/protocol/handler.go:587 +0x280
  github.com/luxfi/threshold/pkg/protocol.(*Handler).roundProcessor()
      /Users/z/work/lux/threshold/pkg/protocol/handler.go:569 +0xb4
  github.com/luxfi/threshold/pkg/protocol.(*Handler).startWorkers.func1()
      /Users/z/work/lux/threshold/pkg/protocol/handler.go:374 +0x78

Previous write at 0x00c00065c59c by goroutine 1018:
  ??()
      -:0 +0x104ad5eb0
  sync/atomic.AddInt32()
      <autogenerated>:1 +0x14
  sync.(*Mutex).Unlock()
      /opt/homebrew/Cellar/go/1.24.6/libexec/src/sync/mutex.go:65 +0x2c
  github.com/luxfi/threshold/protocols/frost/keygen.(*round2).StoreBroadcastMessage()
      /Users/z/work/lux/threshold/protocols/frost/keygen/round2.go:62 +0x78
  github.com/luxfi/threshold/pkg/protocol.(*Handler).verifyBroadcast()
      /Users/z/work/lux/threshold/pkg/protocol/handler.go:1392 +0x648
  github.com/luxfi/threshold/pkg/protocol.(*Handler).processMessage()
      /Users/z/work/lux/threshold/pkg/protocol/handler.go:480 +0xb9c
  github.com/luxfi/threshold/pkg/protocol.(*Handler).messageWorker()
      /Users/z/work/lux/threshold/pkg/protocol/handler.go:408 +0x338
  github.com/luxfi/threshold/pkg/protocol.(*Handler).startWorkers.gowrap2()
      /Users/z/work/lux/threshold/pkg/protocol/handler.go:361 +0x44

Goroutine 1021 (running) created at:
  github.com/luxfi/threshold/pkg/protocol.(*Handler).startWorkers()
      /Users/z/work/lux/threshold/pkg/protocol/handler.go:372 +0x4fc
  github.com/luxfi/threshold/pkg/protocol.NewHandler()
      /Users/z/work/lux/threshold/pkg/protocol/handler.go:247 +0xf10
  github.com/luxfi/threshold/internal/test.(*Harness).CreateHandler()
      /Users/z/work/lux/threshold/internal/test/harness.go:91 +0x2e4
  github.com/luxfi/threshold/internal/test.RunProtocol()
      /Users/z/work/lux/threshold/internal/test/harness.go:270 +0x230
  github.com/luxfi/threshold/protocols/frost_test.TestDebugKeygen()
      /Users/z/work/lux/threshold/protocols/frost/debug_keygen_test.go:24 +0x1dc
  testing.tRunner()
      /opt/homebrew/Cellar/go/1.24.6/libexec/src/testing/testing.go:1792 +0x180
  testing.(*T).Run.gowrap1()
      /opt/homebrew/Cellar/go/1.24.6/libexec/src/testing/testing.go:1851 +0x40

Goroutine 1018 (running) created at:
  github.com/luxfi/threshold/pkg/protocol.(*Handler).startWorkers()
      /Users/z/work/lux/threshold/pkg/protocol/handler.go:361 +0x334
  github.com/luxfi/threshold/pkg/protocol.NewHandler()
      /Users/z/work/lux/threshold/pkg/protocol/handler.go:247 +0xf10
  github.com/luxfi/threshold/internal/test.(*Harness).CreateHandler()
      /Users/z/work/lux/threshold/internal/test/harness.go:91 +0x2e4
  github.com/luxfi/threshold/internal/test.RunProtocol()
      /Users/z/work/lux/threshold/internal/test/harness.go:270 +0x230
  github.com/luxfi/threshold/protocols/frost_test.TestDebugKeygen()
      /Users/z/work/lux/threshold/protocols/frost/debug_keygen_test.go:24 +0x1dc
  testing.tRunner()
      /opt/homebrew/Cellar/go/1.24.6/libexec/src/testing/testing.go:1792 +0x180
  testing.(*T).Run.gowrap1()
      /opt/homebrew/Cellar/go/1.24.6/libexec/src/testing/testing.go:1851 +0x40
==================
2025-08-15T22:12:56.775-0500	DEBUG	protocol/handler.go:581	tryAdvanceRound called	{"{current_round 20 2  <nil>}": {"Key":"self","Type":15,"Integer":0,"String":"c","Interface":null}}
==================
WARNING: DATA RACE
Read at 0x00c000d110f8 by goroutine 991:
  github.com/luxfi/threshold/protocols/frost/keygen.(*round2).Number()
      <autogenerated>:1 +0x38
  github.com/luxfi/threshold/pkg/protocol.(*Handler).tryAdvanceRound()
      /Users/z/work/lux/threshold/pkg/protocol/handler.go:582 +0x70
  github.com/luxfi/threshold/pkg/protocol.(*Handler).processMessage()
      /Users/z/work/lux/threshold/pkg/protocol/handler.go:486 +0xbb0
  github.com/luxfi/threshold/pkg/protocol.(*Handler).messageWorker()
      /Users/z/work/lux/threshold/pkg/protocol/handler.go:408 +0x338
  github.com/luxfi/threshold/pkg/protocol.(*Handler).startWorkers.gowrap2()
      /Users/z/work/lux/threshold/pkg/protocol/handler.go:361 +0x44

Previous write at 0x00c000d110fc by goroutine 1039:
  ??()
      -:0 +0x104ad5eb0
  sync/atomic.AddInt32()
      <autogenerated>:1 +0x14
  sync.(*Mutex).Unlock()
      /opt/homebrew/Cellar/go/1.24.6/libexec/src/sync/mutex.go:65 +0x2c
  github.com/luxfi/threshold/protocols/frost/keygen.(*round2).StoreBroadcastMessage()
      /Users/z/work/lux/threshold/protocols/frost/keygen/round2.go:62 +0x78
  github.com/luxfi/threshold/pkg/protocol.(*Handler).verifyBroadcastForRound()
      /Users/z/work/lux/threshold/pkg/protocol/handler.go:1277 +0x3a0
  github.com/luxfi/threshold/pkg/protocol.(*Handler).processQueuedMessages()
      /Users/z/work/lux/threshold/pkg/protocol/handler.go:1542 +0x404
  github.com/luxfi/threshold/pkg/protocol.(*Handler).tryAdvanceRound.gowrap2()
      /Users/z/work/lux/threshold/pkg/protocol/handler.go:673 +0x40

Goroutine 991 (running) created at:
  github.com/luxfi/threshold/pkg/protocol.(*Handler).startWorkers()
      /Users/z/work/lux/threshold/pkg/protocol/handler.go:361 +0x334
  github.com/luxfi/threshold/pkg/protocol.NewHandler()
      /Users/z/work/lux/threshold/pkg/protocol/handler.go:247 +0xf10
  github.com/luxfi/threshold/internal/test.(*Harness).CreateHandler()
      /Users/z/work/lux/threshold/internal/test/harness.go:91 +0x2e4
  github.com/luxfi/threshold/internal/test.RunProtocol()
      /Users/z/work/lux/threshold/internal/test/harness.go:270 +0x230
  github.com/luxfi/threshold/protocols/frost_test.TestDebugKeygen()
      /Users/z/work/lux/threshold/protocols/frost/debug_keygen_test.go:24 +0x1dc
  testing.tRunner()
      /opt/homebrew/Cellar/go/1.24.6/libexec/src/testing/testing.go:1792 +0x180
  testing.(*T).Run.gowrap1()
      /opt/homebrew/Cellar/go/1.24.6/libexec/src/testing/testing.go:1851 +0x40

Goroutine 1039 (running) created at:
  github.com/luxfi/threshold/pkg/protocol.(*Handler).tryAdvanceRound()
      /Users/z/work/lux/threshold/pkg/protocol/handler.go:673 +0x12e4
  github.com/luxfi/threshold/pkg/protocol.(*Handler).roundProcessor()
      /Users/z/work/lux/threshold/pkg/protocol/handler.go:569 +0xb4
  github.com/luxfi/threshold/pkg/protocol.(*Handler).startWorkers.func1()
      /Users/z/work/lux/threshold/pkg/protocol/handler.go:374 +0x78
==================
2025-08-15T22:12:56.777-0500	DEBUG	protocol/handler.go:581	tryAdvanceRound called	{"{current_round 20 2  <nil>}": {"Key":"self","Type":15,"Integer":0,"String":"b","Interface":null}}
2025-08-15T22:12:56.778-0500	DEBUG	protocol/handler.go:1591	have processed broadcast	{"{round 20 2  <nil>}": {"Key":"from","Type":15,"Integer":0,"String":"a","Interface":null}}
2025-08-15T22:12:56.778-0500	DEBUG	protocol/handler.go:1591	have processed broadcast	{"{round 20 2  <nil>}": {"Key":"from","Type":15,"Integer":0,"String":"c","Interface":null}}
2025-08-15T22:12:56.778-0500	DEBUG	protocol/handler.go:1649	have all messages and processed	{"{round 20 2  <nil>}": {"Key":"self","Type":15,"Integer":0,"String":"b","Interface":null}}
2025-08-15T22:12:56.778-0500	DEBUG	protocol/handler.go:619	finalizing round
2025-08-15T22:12:56.779-0500	DEBUG	protocol/handler.go:1039	sendRoundMessage	{"{from 15 0 b <nil>}": {"Key":"to","Type":15,"Integer":0,"String":"","Interface":null}, "{round 20 3  <nil>}": {"Key":"broadcast","Type":4,"Integer":1,"String":"","Interface":null}}
2025-08-15T22:12:56.779-0500	DEBUG	protocol/handler.go:1657	storing broadcast	{"{round 20 3  <nil>}": {"Key":"from","Type":15,"Integer":0,"String":"b","Interface":null}}
2025-08-15T22:12:56.779-0500	DEBUG	protocol/handler.go:1081	sent message to output channel	{"{from 15 0 b <nil>}": {"Key":"to","Type":15,"Integer":0,"String":"","Interface":null}, "{round 20 3  <nil>}": {"Key":"broadcast","Type":4,"Integer":1,"String":"","Interface":null}}
2025-08-15T22:12:56.779-0500	DEBUG	protocol/handler.go:1039	sendRoundMessage	{"{from 15 0 b <nil>}": {"Key":"to","Type":15,"Integer":0,"String":"a","Interface":null}, "{round 20 3  <nil>}": {"Key":"broadcast","Type":4,"Integer":0,"String":"","Interface":null}}
2025-08-15T22:12:56.779-0500	DEBUG	protocol/handler.go:1081	sent message to output channel	{"{from 15 0 b <nil>}": {"Key":"to","Type":15,"Integer":0,"String":"a","Interface":null}, "{round 20 3  <nil>}": {"Key":"broadcast","Type":4,"Integer":0,"String":"","Interface":null}}
2025-08-15T22:12:56.779-0500	DEBUG	protocol/handler.go:1039	sendRoundMessage	{"{from 15 0 b <nil>}": {"Key":"to","Type":15,"Integer":0,"String":"c","Interface":null}, "{round 20 3  <nil>}": {"Key":"broadcast","Type":4,"Integer":0,"String":"","Interface":null}}
2025-08-15T22:12:56.780-0500	DEBUG	protocol/handler.go:1081	sent message to output channel	{"{from 15 0 b <nil>}": {"Key":"to","Type":15,"Integer":0,"String":"c","Interface":null}, "{round 20 3  <nil>}": {"Key":"broadcast","Type":4,"Integer":0,"String":"","Interface":null}}
2025-08-15T22:12:56.780-0500	DEBUG	protocol/handler.go:1182	finalized round messages	{"{round 20 2  <nil>}": {"Key":"messages","Type":11,"Integer":3,"String":"","Interface":null}}
2025-08-15T22:12:56.780-0500	DEBUG	protocol/handler.go:1239	finalize returned next round	{"{current 20 2  <nil>}": {"Key":"next","Type":20,"Integer":3,"String":"","Interface":null}}
2025-08-15T22:12:56.780-0500	INFO	protocol/handler.go:642	storing new currentRound	{"{from 20 2  <nil>}": {"Key":"to","Type":20,"Integer":3,"String":"","Interface":null}}
2025-08-15T22:12:56.780-0500	DEBUG	protocol/handler.go:1503	processing queued messages
2025-08-15T22:12:56.780-0500	INFO	protocol/handler.go:560	advanced to round
2025-08-15T22:12:56.780-0500	DEBUG	protocol/handler.go:581	tryAdvanceRound called	{"{current_round 20 3  <nil>}": {"Key":"self","Type":15,"Integer":0,"String":"b","Interface":null}}
2025-08-15T22:12:56.780-0500	DEBUG	protocol/handler.go:1600	waiting for broadcasts	{"{round 20 3  <nil>}": {"Key":"missing","Type":15,"Integer":0,"String":"[a c]","Interface":null}}
2025-08-15T22:12:56.780-0500	DEBUG	protocol/handler.go:1503	processing queued messages
2025-08-15T22:12:56.780-0500	DEBUG	protocol/handler.go:432	processMessage: p2p round 3 START	{"{from 15 0 b <nil>}": {"Key":"to","Type":15,"Integer":0,"String":"c","Interface":null}}
2025-08-15T22:12:56.780-0500	DEBUG	protocol/handler.go:437	processing message	{"{from 15 0 b <nil>}": {"Key":"to","Type":15,"Integer":0,"String":"","Interface":null}, "{round 20 3  <nil>}": {"Key":"broadcast","Type":4,"Integer":1,"String":"","Interface":null}}
2025-08-15T22:12:56.780-0500	DEBUG	protocol/handler.go:1657	storing broadcast	{"{round 20 3  <nil>}": {"Key":"from","Type":15,"Integer":0,"String":"b","Interface":null}}
2025-08-15T22:12:56.780-0500	DEBUG	protocol/handler.go:470	message for different round (buffering)	{"{msg_round 20 3  <nil>}": {"Key":"current_round","Type":20,"Integer":2,"String":"","Interface":null}}
2025-08-15T22:12:56.780-0500	DEBUG	protocol/handler.go:581	tryAdvanceRound called	{"{current_round 20 2  <nil>}": {"Key":"self","Type":15,"Integer":0,"String":"a","Interface":null}}
2025-08-15T22:12:56.780-0500	DEBUG	protocol/handler.go:437	processing message	{"{from 15 0 b <nil>}": {"Key":"to","Type":15,"Integer":0,"String":"c","Interface":null}, "{round 20 3  <nil>}": {"Key":"broadcast","Type":4,"Integer":0,"String":"","Interface":null}}
2025-08-15T22:12:56.780-0500	DEBUG	protocol/handler.go:1591	have processed broadcast	{"{round 20 2  <nil>}": {"Key":"from","Type":15,"Integer":0,"String":"b","Interface":null}}
2025-08-15T22:12:56.780-0500	DEBUG	protocol/handler.go:1591	have processed broadcast	{"{round 20 2  <nil>}": {"Key":"from","Type":15,"Integer":0,"String":"c","Interface":null}}
2025-08-15T22:12:56.780-0500	DEBUG	protocol/handler.go:1662	storing message	{"{round 20 3  <nil>}": {"Key":"from","Type":15,"Integer":0,"String":"b","Interface":null}}
2025-08-15T22:12:56.780-0500	DEBUG	protocol/handler.go:1649	have all messages and processed	{"{round 20 2  <nil>}": {"Key":"self","Type":15,"Integer":0,"String":"a","Interface":null}}
2025-08-15T22:12:56.780-0500	DEBUG	protocol/handler.go:619	finalizing round
==================
WARNING: DATA RACE
Read at 0x00c00065c598 by goroutine 1013:
  github.com/luxfi/threshold/protocols/frost/keygen.(*round2).Number()
      <autogenerated>:1 +0x38
  github.com/luxfi/threshold/pkg/protocol.(*Handler).processMessage()
      /Users/z/work/lux/threshold/pkg/protocol/handler.go:469 +0x94c
  github.com/luxfi/threshold/pkg/protocol.(*Handler).messageWorker()
      /Users/z/work/lux/threshold/pkg/protocol/handler.go:408 +0x338
  github.com/luxfi/threshold/pkg/protocol.(*Handler).startWorkers.gowrap1()
      /Users/z/work/lux/threshold/pkg/protocol/handler.go:355 +0x44

Previous write at 0x00c00065c59c by goroutine 1017:
  ??()
      -:0 +0x104ad5eb0
  sync/atomic.AddInt32()
      <autogenerated>:1 +0x14
  sync.(*Mutex).Unlock()
      /opt/homebrew/Cellar/go/1.24.6/libexec/src/sync/mutex.go:65 +0x2c
  github.com/luxfi/threshold/protocols/frost/keygen.(*round2).StoreBroadcastMessage()
      /Users/z/work/lux/threshold/protocols/frost/keygen/round2.go:62 +0x78
  github.com/luxfi/threshold/pkg/protocol.(*Handler).verifyBroadcastForRound()
      /Users/z/work/lux/threshold/pkg/protocol/handler.go:1277 +0x3a0
  github.com/luxfi/threshold/pkg/protocol.(*Handler).retryUnprocessedMessages()
      /Users/z/work/lux/threshold/pkg/protocol/handler.go:1483 +0x22c
  github.com/luxfi/threshold/pkg/protocol.(*Handler).tryAdvanceRound()
      /Users/z/work/lux/threshold/pkg/protocol/handler.go:587 +0x28c
  github.com/luxfi/threshold/pkg/protocol.(*Handler).processMessage()
      /Users/z/work/lux/threshold/pkg/protocol/handler.go:486 +0xbb0
  github.com/luxfi/threshold/pkg/protocol.(*Handler).messageWorker()
      /Users/z/work/lux/threshold/pkg/protocol/handler.go:408 +0x338
  github.com/luxfi/threshold/pkg/protocol.(*Handler).startWorkers.gowrap2()
      /Users/z/work/lux/threshold/pkg/protocol/handler.go:361 +0x44

Goroutine 1013 (running) created at:
  github.com/luxfi/threshold/pkg/protocol.(*Handler).startWorkers()
      /Users/z/work/lux/threshold/pkg/protocol/handler.go:355 +0x27c
  github.com/luxfi/threshold/pkg/protocol.NewHandler()
      /Users/z/work/lux/threshold/pkg/protocol/handler.go:247 +0xf10
  github.com/luxfi/threshold/internal/test.(*Harness).CreateHandler()
      /Users/z/work/lux/threshold/internal/test/harness.go:91 +0x2e4
  github.com/luxfi/threshold/internal/test.RunProtocol()
      /Users/z/work/lux/threshold/internal/test/harness.go:270 +0x230
  github.com/luxfi/threshold/protocols/frost_test.TestDebugKeygen()
      /Users/z/work/lux/threshold/protocols/frost/debug_keygen_test.go:24 +0x1dc
  testing.tRunner()
      /opt/homebrew/Cellar/go/1.24.6/libexec/src/testing/testing.go:1792 +0x180
  testing.(*T).Run.gowrap1()
      /opt/homebrew/Cellar/go/1.24.6/libexec/src/testing/testing.go:1851 +0x40

Goroutine 1017 (running) created at:
  github.com/luxfi/threshold/pkg/protocol.(*Handler).startWorkers()
      /Users/z/work/lux/threshold/pkg/protocol/handler.go:361 +0x334
  github.com/luxfi/threshold/pkg/protocol.NewHandler()
      /Users/z/work/lux/threshold/pkg/protocol/handler.go:247 +0xf10
  github.com/luxfi/threshold/internal/test.(*Harness).CreateHandler()
      /Users/z/work/lux/threshold/internal/test/harness.go:91 +0x2e4
  github.com/luxfi/threshold/internal/test.RunProtocol()
      /Users/z/work/lux/threshold/internal/test/harness.go:270 +0x230
  github.com/luxfi/threshold/protocols/frost_test.TestDebugKeygen()
      /Users/z/work/lux/threshold/protocols/frost/debug_keygen_test.go:24 +0x1dc
  testing.tRunner()
      /opt/homebrew/Cellar/go/1.24.6/libexec/src/testing/testing.go:1792 +0x180
  testing.(*T).Run.gowrap1()
      /opt/homebrew/Cellar/go/1.24.6/libexec/src/testing/testing.go:1851 +0x40
==================
2025-08-15T22:12:56.781-0500	DEBUG	protocol/handler.go:470	message for different round (buffering)	{"{msg_round 20 3  <nil>}": {"Key":"current_round","Type":20,"Integer":2,"String":"","Interface":null}}
2025-08-15T22:12:56.781-0500	DEBUG	protocol/handler.go:581	tryAdvanceRound called	{"{current_round 20 2  <nil>}": {"Key":"self","Type":15,"Integer":0,"String":"c","Interface":null}}
2025-08-15T22:12:56.781-0500	DEBUG	protocol/handler.go:437	processing message	{"{from 15 0 b <nil>}": {"Key":"to","Type":15,"Integer":0,"String":"","Interface":null}, "{round 20 3  <nil>}": {"Key":"broadcast","Type":4,"Integer":1,"String":"","Interface":null}}
2025-08-15T22:12:56.781-0500	DEBUG	protocol/handler.go:1657	storing broadcast	{"{round 20 3  <nil>}": {"Key":"from","Type":15,"Integer":0,"String":"b","Interface":null}}
2025-08-15T22:12:56.781-0500	DEBUG	protocol/handler.go:470	message for different round (buffering)	{"{msg_round 20 3  <nil>}": {"Key":"current_round","Type":20,"Integer":2,"String":"","Interface":null}}
2025-08-15T22:12:56.781-0500	DEBUG	protocol/handler.go:581	tryAdvanceRound called	{"{current_round 20 2  <nil>}": {"Key":"self","Type":15,"Integer":0,"String":"c","Interface":null}}
2025-08-15T22:12:56.782-0500	DEBUG	protocol/handler.go:432	processMessage: p2p round 3 START	{"{from 15 0 b <nil>}": {"Key":"to","Type":15,"Integer":0,"String":"a","Interface":null}}
2025-08-15T22:12:56.782-0500	DEBUG	protocol/handler.go:437	processing message	{"{from 15 0 b <nil>}": {"Key":"to","Type":15,"Integer":0,"String":"a","Interface":null}, "{round 20 3  <nil>}": {"Key":"broadcast","Type":4,"Integer":0,"String":"","Interface":null}}
2025-08-15T22:12:56.783-0500	DEBUG	protocol/handler.go:1662	storing message	{"{round 20 3  <nil>}": {"Key":"from","Type":15,"Integer":0,"String":"b","Interface":null}}
2025-08-15T22:12:56.783-0500	DEBUG	protocol/handler.go:470	message for different round (buffering)	{"{msg_round 20 3  <nil>}": {"Key":"current_round","Type":20,"Integer":2,"String":"","Interface":null}}
2025-08-15T22:12:56.783-0500	DEBUG	protocol/handler.go:581	tryAdvanceRound called	{"{current_round 20 2  <nil>}": {"Key":"self","Type":15,"Integer":0,"String":"a","Interface":null}}
2025-08-15T22:12:56.783-0500	DEBUG	protocol/handler.go:1591	have processed broadcast	{"{round 20 2  <nil>}": {"Key":"from","Type":15,"Integer":0,"String":"b","Interface":null}}
2025-08-15T22:12:56.783-0500	DEBUG	protocol/handler.go:1591	have processed broadcast	{"{round 20 2  <nil>}": {"Key":"from","Type":15,"Integer":0,"String":"c","Interface":null}}
2025-08-15T22:12:56.783-0500	DEBUG	protocol/handler.go:1649	have all messages and processed	{"{round 20 2  <nil>}": {"Key":"self","Type":15,"Integer":0,"String":"a","Interface":null}}
2025-08-15T22:12:56.783-0500	DEBUG	protocol/handler.go:596	round already finalized
2025-08-15T22:12:56.783-0500	DEBUG	protocol/handler.go:581	tryAdvanceRound called	{"{current_round 20 2  <nil>}": {"Key":"self","Type":15,"Integer":0,"String":"a","Interface":null}}
2025-08-15T22:12:56.783-0500	DEBUG	protocol/handler.go:1039	sendRoundMessage	{"{from 15 0 a <nil>}": {"Key":"to","Type":15,"Integer":0,"String":"","Interface":null}, "{round 20 3  <nil>}": {"Key":"broadcast","Type":4,"Integer":1,"String":"","Interface":null}}
2025-08-15T22:12:56.783-0500	DEBUG	protocol/handler.go:1591	have processed broadcast	{"{round 20 2  <nil>}": {"Key":"from","Type":15,"Integer":0,"String":"b","Interface":null}}
2025-08-15T22:12:56.783-0500	DEBUG	protocol/handler.go:1657	storing broadcast	{"{round 20 3  <nil>}": {"Key":"from","Type":15,"Integer":0,"String":"a","Interface":null}}
2025-08-15T22:12:56.783-0500	DEBUG	protocol/handler.go:581	tryAdvanceRound called	{"{current_round 20 2  <nil>}": {"Key":"self","Type":15,"Integer":0,"String":"c","Interface":null}}
2025-08-15T22:12:56.783-0500	DEBUG	protocol/handler.go:1081	sent message to output channel	{"{from 15 0 a <nil>}": {"Key":"to","Type":15,"Integer":0,"String":"","Interface":null}, "{round 20 3  <nil>}": {"Key":"broadcast","Type":4,"Integer":1,"String":"","Interface":null}}
2025-08-15T22:12:56.783-0500	DEBUG	protocol/handler.go:1039	sendRoundMessage	{"{from 15 0 a <nil>}": {"Key":"to","Type":15,"Integer":0,"String":"b","Interface":null}, "{round 20 3  <nil>}": {"Key":"broadcast","Type":4,"Integer":0,"String":"","Interface":null}}
2025-08-15T22:12:56.783-0500	DEBUG	protocol/handler.go:1591	have processed broadcast	{"{round 20 2  <nil>}": {"Key":"from","Type":15,"Integer":0,"String":"a","Interface":null}}
2025-08-15T22:12:56.783-0500	DEBUG	protocol/handler.go:1591	have processed broadcast	{"{round 20 2  <nil>}": {"Key":"from","Type":15,"Integer":0,"String":"b","Interface":null}}
2025-08-15T22:12:56.783-0500	DEBUG	protocol/handler.go:1649	have all messages and processed	{"{round 20 2  <nil>}": {"Key":"self","Type":15,"Integer":0,"String":"c","Interface":null}}
2025-08-15T22:12:56.783-0500	DEBUG	protocol/handler.go:619	finalizing round
2025-08-15T22:12:56.783-0500	DEBUG	protocol/handler.go:437	processing message	{"{from 15 0 a <nil>}": {"Key":"to","Type":15,"Integer":0,"String":"","Interface":null}, "{round 20 3  <nil>}": {"Key":"broadcast","Type":4,"Integer":1,"String":"","Interface":null}}
2025-08-15T22:12:56.783-0500	DEBUG	protocol/handler.go:1657	storing broadcast	{"{round 20 3  <nil>}": {"Key":"from","Type":15,"Integer":0,"String":"a","Interface":null}}
2025-08-15T22:12:56.784-0500	DEBUG	protocol/handler.go:470	message for different round (buffering)	{"{msg_round 20 3  <nil>}": {"Key":"current_round","Type":20,"Integer":2,"String":"","Interface":null}}
==================
2025-08-15T22:12:56.784-0500	DEBUG	protocol/handler.go:581	tryAdvanceRound called	{"{current_round 20 2  <nil>}": {"Key":"self","Type":15,"Integer":0,"String":"c","Interface":null}}
WARNING: DATA RACE
Write at 0x00c00015425c by goroutine 1042:
  ??()
      -:0 +0x104ada650
  sync/atomic.CompareAndSwapInt32()
      <autogenerated>:1 +0x18
  sync.(*Mutex).Lock()
      /opt/homebrew/Cellar/go/1.24.6/libexec/src/sync/mutex.go:46 +0x2c
  github.com/luxfi/threshold/protocols/frost/keygen.(*round2).Finalize()
      /Users/z/work/lux/threshold/protocols/frost/keygen/round2.go:157 +0x784
  github.com/luxfi/threshold/pkg/protocol.(*Handler).finalizeRound.func1()
      /Users/z/work/lux/threshold/pkg/protocol/handler.go:1163 +0xe4

Previous read at 0x00c000154258 by goroutine 959:
  github.com/luxfi/threshold/protocols/frost/keygen.(*round2).Number()
      <autogenerated>:1 +0x38
  github.com/luxfi/threshold/pkg/protocol.(*Handler).tryAdvanceRound()
      /Users/z/work/lux/threshold/pkg/protocol/handler.go:606 +0x6c8
  github.com/luxfi/threshold/pkg/protocol.(*Handler).processMessage()
      /Users/z/work/lux/threshold/pkg/protocol/handler.go:474 +0xb70
  github.com/luxfi/threshold/pkg/protocol.(*Handler).messageWorker()
      /Users/z/work/lux/threshold/pkg/protocol/handler.go:408 +0x338
  github.com/luxfi/threshold/pkg/protocol.(*Handler).startWorkers.gowrap1()
      /Users/z/work/lux/threshold/pkg/protocol/handler.go:355 +0x44

Goroutine 1042 (running) created at:
2025-08-15T22:12:56.784-0500	DEBUG	protocol/handler.go:1591	have processed broadcast	{"{round 20 2  <nil>}": {"Key":"from","Type":15,"Integer":0,"String":"a","Interface":null}}
  github.com/luxfi/threshold/pkg/protocol.(*Handler).finalizeRound()
      /Users/z/work/lux/threshold/pkg/protocol/handler.go:1160 +0x26c
  github.com/luxfi/threshold/pkg/protocol.(*Handler).tryAdvanceRound()
      /Users/z/work/lux/threshold/pkg/protocol/handler.go:622 +0xae4
  github.com/luxfi/threshold/pkg/protocol.(*Handler).processMessage()
      /Users/z/work/lux/threshold/pkg/protocol/handler.go:474 +0xb70
  github.com/luxfi/threshold/pkg/protocol.(*Handler).messageWorker()
      /Users/z/work/lux/threshold/pkg/protocol/handler.go:408 +0x338
  github.com/luxfi/threshold/pkg/protocol.(*Handler).startWorkers.gowrap2()
      /Users/z/work/lux/threshold/pkg/protocol/handler.go:361 +0x44

Goroutine 959 (running) created at:
  github.com/luxfi/threshold/pkg/protocol.(*Handler).startWorkers()
      /Users/z/work/lux/threshold/pkg/protocol/handler.go:355 +0x27c
  github.com/luxfi/threshold/pkg/protocol.NewHandler()
      /Users/z/work/lux/threshold/pkg/protocol/handler.go:247 +0xf10
  github.com/luxfi/threshold/internal/test.(*Harness).CreateHandler()
      /Users/z/work/lux/threshold/internal/test/harness.go:91 +0x2e4
  github.com/luxfi/threshold/internal/test.RunProtocol()
      /Users/z/work/lux/threshold/internal/test/harness.go:270 +0x230
  github.com/luxfi/threshold/protocols/frost_test.TestDebugKeygen()
      /Users/z/work/lux/threshold/protocols/frost/debug_keygen_test.go:24 +0x1dc
  testing.tRunner()
      /opt/homebrew/Cellar/go/1.24.6/libexec/src/testing/testing.go:1792 +0x180
  testing.(*T).Run.gowrap1()
      /opt/homebrew/Cellar/go/1.24.6/libexec/src/testing/testing.go:1851 +0x40
==================
2025-08-15T22:12:56.784-0500	DEBUG	protocol/handler.go:1591	have processed broadcast	{"{round 20 2  <nil>}": {"Key":"from","Type":15,"Integer":0,"String":"b","Interface":null}}
==================
WARNING: DATA RACE
Write at 0x00c000154258 by goroutine 1042:
  github.com/luxfi/threshold/protocols/frost/keygen.(*round2).Finalize()
      /Users/z/work/lux/threshold/protocols/frost/keygen/round2.go:158 +0x78c
  github.com/luxfi/threshold/pkg/protocol.(*Handler).finalizeRound.func1()
      /Users/z/work/lux/threshold/pkg/protocol/handler.go:1163 +0xe4

Previous read at 0x00c000154258 by goroutine 964:
  github.com/luxfi/threshold/protocols/frost/keygen.(*round2).Number()
      <autogenerated>:1 +0x38
  github.com/luxfi/threshold/pkg/protocol.(*Handler).hasAllMessages()
      /Users/z/work/lux/threshold/pkg/protocol/handler.go:1570 +0x40
  github.com/luxfi/threshold/pkg/protocol.(*Handler).tryAdvanceRound()
      /Users/z/work/lux/threshold/pkg/protocol/handler.go:589 +0x29c
  github.com/luxfi/threshold/pkg/protocol.(*Handler).processMessage()
      /Users/z/work/lux/threshold/pkg/protocol/handler.go:486 +0xbb0
  github.com/luxfi/threshold/pkg/protocol.(*Handler).messageWorker()
      /Users/z/work/lux/threshold/pkg/protocol/handler.go:408 +0x338
  github.com/luxfi/threshold/pkg/protocol.(*Handler).startWorkers.gowrap2()
      /Users/z/work/lux/threshold/pkg/protocol/handler.go:361 +0x44

Goroutine 1042 (running) created at:
  github.com/luxfi/threshold/pkg/protocol.(*Handler).finalizeRound()
      /Users/z/work/lux/threshold/pkg/protocol/handler.go:1160 +0x26c
  github.com/luxfi/threshold/pkg/protocol.(*Handler).tryAdvanceRound()
      /Users/z/work/lux/threshold/pkg/protocol/handler.go:622 +0xae4
  github.com/luxfi/threshold/pkg/protocol.(*Handler).processMessage()
      /Users/z/work/lux/threshold/pkg/protocol/handler.go:474 +0xb70
  github.com/luxfi/threshold/pkg/protocol.(*Handler).messageWorker()
      /Users/z/work/lux/threshold/pkg/protocol/handler.go:408 +0x338
  github.com/luxfi/threshold/pkg/protocol.(*Handler).startWorkers.gowrap2()
      /Users/z/work/lux/threshold/pkg/protocol/handler.go:361 +0x44

Goroutine 964 (running) created at:
  github.com/luxfi/threshold/pkg/protocol.(*Handler).startWorkers()
      /Users/z/work/lux/threshold/pkg/protocol/handler.go:361 +0x334
  github.com/luxfi/threshold/pkg/protocol.NewHandler()
      /Users/z/work/lux/threshold/pkg/protocol/handler.go:247 +0xf10
  github.com/luxfi/threshold/internal/test.(*Harness).CreateHandler()
      /Users/z/work/lux/threshold/internal/test/harness.go:91 +0x2e4
  github.com/luxfi/threshold/internal/test.RunProtocol()
      /Users/z/work/lux/threshold/internal/test/harness.go:270 +0x230
  github.com/luxfi/threshold/protocols/frost_test.TestDebugKeygen()
      /Users/z/work/lux/threshold/protocols/frost/debug_keygen_test.go:24 +0x1dc
  testing.tRunner()
      /opt/homebrew/Cellar/go/1.24.6/libexec/src/testing/testing.go:1792 +0x180
  testing.(*T).Run.gowrap1()
      /opt/homebrew/Cellar/go/1.24.6/libexec/src/testing/testing.go:1851 +0x40
==================
2025-08-15T22:12:56.783-0500	DEBUG	protocol/handler.go:1081	sent message to output channel	{"{from 15 0 a <nil>}": {"Key":"to","Type":15,"Integer":0,"String":"b","Interface":null}, "{round 20 3  <nil>}": {"Key":"broadcast","Type":4,"Integer":0,"String":"","Interface":null}}
2025-08-15T22:12:56.784-0500	DEBUG	protocol/handler.go:1039	sendRoundMessage	{"{from 15 0 a <nil>}": {"Key":"to","Type":15,"Integer":0,"String":"c","Interface":null}, "{round 20 3  <nil>}": {"Key":"broadcast","Type":4,"Integer":0,"String":"","Interface":null}}
2025-08-15T22:12:56.785-0500	DEBUG	protocol/handler.go:1081	sent message to output channel	{"{from 15 0 a <nil>}": {"Key":"to","Type":15,"Integer":0,"String":"c","Interface":null}, "{round 20 3  <nil>}": {"Key":"broadcast","Type":4,"Integer":0,"String":"","Interface":null}}
2025-08-15T22:12:56.785-0500	DEBUG	protocol/handler.go:432	processMessage: p2p round 3 START	{"{from 15 0 a <nil>}": {"Key":"to","Type":15,"Integer":0,"String":"c","Interface":null}}
2025-08-15T22:12:56.785-0500	DEBUG	protocol/handler.go:437	processing message	{"{from 15 0 a <nil>}": {"Key":"to","Type":15,"Integer":0,"String":"c","Interface":null}, "{round 20 3  <nil>}": {"Key":"broadcast","Type":4,"Integer":0,"String":"","Interface":null}}
2025-08-15T22:12:56.785-0500	DEBUG	protocol/handler.go:1662	storing message	{"{round 20 3  <nil>}": {"Key":"from","Type":15,"Integer":0,"String":"a","Interface":null}}
2025-08-15T22:12:56.785-0500	DEBUG	protocol/handler.go:470	message for different round (buffering)	{"{msg_round 20 3  <nil>}": {"Key":"current_round","Type":20,"Integer":2,"String":"","Interface":null}}
2025-08-15T22:12:56.785-0500	DEBUG	protocol/handler.go:581	tryAdvanceRound called	{"{current_round 20 2  <nil>}": {"Key":"self","Type":15,"Integer":0,"String":"c","Interface":null}}
==================
WARNING: DATA RACE
Write at 0x00c00065c59c by goroutine 1013:
  ??()
      -:0 +0x104ad5eb0
  sync/atomic.AddInt32()
      <autogenerated>:1 +0x14
  sync.(*Mutex).Unlock()
      /opt/homebrew/Cellar/go/1.24.6/libexec/src/sync/mutex.go:65 +0x2c
  github.com/luxfi/threshold/protocols/frost/keygen.(*round2).StoreBroadcastMessage()
      /Users/z/work/lux/threshold/protocols/frost/keygen/round2.go:62 +0x78
  github.com/luxfi/threshold/pkg/protocol.(*Handler).verifyBroadcastForRound()
      /Users/z/work/lux/threshold/pkg/protocol/handler.go:1277 +0x3a0
  github.com/luxfi/threshold/pkg/protocol.(*Handler).retryUnprocessedMessages()
      /Users/z/work/lux/threshold/pkg/protocol/handler.go:1483 +0x22c
  github.com/luxfi/threshold/pkg/protocol.(*Handler).tryAdvanceRound()
      /Users/z/work/lux/threshold/pkg/protocol/handler.go:587 +0x28c
  github.com/luxfi/threshold/pkg/protocol.(*Handler).processMessage()
      /Users/z/work/lux/threshold/pkg/protocol/handler.go:474 +0xb70
  github.com/luxfi/threshold/pkg/protocol.(*Handler).messageWorker()
      /Users/z/work/lux/threshold/pkg/protocol/handler.go:408 +0x338
  github.com/luxfi/threshold/pkg/protocol.(*Handler).startWorkers.gowrap1()
      /Users/z/work/lux/threshold/pkg/protocol/handler.go:355 +0x44

Previous read at 0x00c00065c598 by goroutine 1020:
  github.com/luxfi/threshold/protocols/frost/keygen.(*round2).Number()
      <autogenerated>:1 +0x38
2025-08-15T22:12:56.785-0500	DEBUG	protocol/handler.go:1591	have processed broadcast	{"{round 20 2  <nil>}": {"Key":"from","Type":15,"Integer":0,"String":"a","Interface":null}}
  github.com/luxfi/threshold/pkg/protocol.(*Handler).hasAllMessages()
      /Users/z/work/lux/threshold/pkg/protocol/handler.go:1570 +0x40
  github.com/luxfi/threshold/pkg/protocol.(*Handler).tryAdvanceRound()
      /Users/z/work/lux/threshold/pkg/protocol/handler.go:589 +0x29c
  github.com/luxfi/threshold/pkg/protocol.(*Handler).processMessage()
      /Users/z/work/lux/threshold/pkg/protocol/handler.go:474 +0xb70
  github.com/luxfi/threshold/pkg/protocol.(*Handler).messageWorker()
      /Users/z/work/lux/threshold/pkg/protocol/handler.go:408 +0x338
  github.com/luxfi/threshold/pkg/protocol.(*Handler).startWorkers.gowrap2()
      /Users/z/work/lux/threshold/pkg/protocol/handler.go:361 +0x44

Goroutine 1013 (running) created at:
  github.com/luxfi/threshold/pkg/protocol.(*Handler).startWorkers()
      /Users/z/work/lux/threshold/pkg/protocol/handler.go:355 +0x27c
  github.com/luxfi/threshold/pkg/protocol.NewHandler()
      /Users/z/work/lux/threshold/pkg/protocol/handler.go:247 +0xf10
  github.com/luxfi/threshold/internal/test.(*Harness).CreateHandler()
      /Users/z/work/lux/threshold/internal/test/harness.go:91 +0x2e4
  github.com/luxfi/threshold/internal/test.RunProtocol()
      /Users/z/work/lux/threshold/internal/test/harness.go:270 +0x230
  github.com/luxfi/threshold/protocols/frost_test.TestDebugKeygen()
      /Users/z/work/lux/threshold/protocols/frost/debug_keygen_test.go:24 +0x1dc
  testing.tRunner()
      /opt/homebrew/Cellar/go/1.24.6/libexec/src/testing/testing.go:1792 +0x180
  testing.(*T).Run.gowrap1()
      /opt/homebrew/Cellar/go/1.24.6/libexec/src/testing/testing.go:1851 +0x40

Goroutine 1020 (running) created at:
  github.com/luxfi/threshold/pkg/protocol.(*Handler).startWorkers()
      /Users/z/work/lux/threshold/pkg/protocol/handler.go:361 +0x334
  github.com/luxfi/threshold/pkg/protocol.NewHandler()
      /Users/z/work/lux/threshold/pkg/protocol/handler.go:247 +0xf10
  github.com/luxfi/threshold/internal/test.(*Harness).CreateHandler()
      /Users/z/work/lux/threshold/internal/test/harness.go:91 +0x2e4
  github.com/luxfi/threshold/internal/test.RunProtocol()
      /Users/z/work/lux/threshold/internal/test/harness.go:270 +0x230
  github.com/luxfi/threshold/protocols/frost_test.TestDebugKeygen()
      /Users/z/work/lux/threshold/protocols/frost/debug_keygen_test.go:24 +0x1dc
  testing.tRunner()
      /opt/homebrew/Cellar/go/1.24.6/libexec/src/testing/testing.go:1792 +0x180
  testing.(*T).Run.gowrap1()
      /opt/homebrew/Cellar/go/1.24.6/libexec/src/testing/testing.go:1851 +0x40
==================
2025-08-15T22:12:56.785-0500	DEBUG	protocol/handler.go:1591	have processed broadcast	{"{round 20 2  <nil>}": {"Key":"from","Type":15,"Integer":0,"String":"b","Interface":null}}
2025-08-15T22:12:56.784-0500	DEBUG	protocol/handler.go:1649	have all messages and processed	{"{round 20 2  <nil>}": {"Key":"self","Type":15,"Integer":0,"String":"c","Interface":null}}
2025-08-15T22:12:56.785-0500	DEBUG	protocol/handler.go:1649	have all messages and processed	{"{round 20 2  <nil>}": {"Key":"self","Type":15,"Integer":0,"String":"c","Interface":null}}
2025-08-15T22:12:56.785-0500	DEBUG	protocol/handler.go:596	round already finalized
2025-08-15T22:12:56.785-0500	DEBUG	protocol/handler.go:596	round already finalized
2025-08-15T22:12:56.785-0500	DEBUG	protocol/handler.go:432	processMessage: p2p round 3 START	{"{from 15 0 a <nil>}": {"Key":"to","Type":15,"Integer":0,"String":"b","Interface":null}}
2025-08-15T22:12:56.785-0500	DEBUG	protocol/handler.go:437	processing message	{"{from 15 0 a <nil>}": {"Key":"to","Type":15,"Integer":0,"String":"b","Interface":null}, "{round 20 3  <nil>}": {"Key":"broadcast","Type":4,"Integer":0,"String":"","Interface":null}}
2025-08-15T22:12:56.785-0500	DEBUG	protocol/handler.go:1662	storing message	{"{round 20 3  <nil>}": {"Key":"from","Type":15,"Integer":0,"String":"a","Interface":null}}
2025-08-15T22:12:56.785-0500	DEBUG	protocol/handler.go:581	tryAdvanceRound called	{"{current_round 20 3  <nil>}": {"Key":"self","Type":15,"Integer":0,"String":"b","Interface":null}}
2025-08-15T22:12:56.785-0500	DEBUG	protocol/handler.go:1306	waiting for broadcast before normal message
2025-08-15T22:12:56.785-0500	DEBUG	protocol/handler.go:1600	waiting for broadcasts	{"{round 20 3  <nil>}": {"Key":"missing","Type":15,"Integer":0,"String":"[a c]","Interface":null}}
2025-08-15T22:12:56.783-0500	DEBUG	protocol/handler.go:1591	have processed broadcast	{"{round 20 2  <nil>}": {"Key":"from","Type":15,"Integer":0,"String":"c","Interface":null}}
2025-08-15T22:12:56.783-0500	DEBUG	protocol/handler.go:1591	have processed broadcast	{"{round 20 2  <nil>}": {"Key":"from","Type":15,"Integer":0,"String":"a","Interface":null}}
2025-08-15T22:12:56.785-0500	DEBUG	protocol/handler.go:1591	have processed broadcast	{"{round 20 2  <nil>}": {"Key":"from","Type":15,"Integer":0,"String":"b","Interface":null}}
==================
WARNING: DATA RACE
Read at 0x00c000154258 by goroutine 964:
  github.com/luxfi/threshold/protocols/frost/keygen.(*round2).MessageContent()
      <autogenerated>:1 +0x38
  github.com/luxfi/threshold/pkg/protocol.(*Handler).hasAllMessages()
      /Users/z/work/lux/threshold/pkg/protocol/handler.go:1617 +0x6c8
  github.com/luxfi/threshold/pkg/protocol.(*Handler).tryAdvanceRound()
      /Users/z/work/lux/threshold/pkg/protocol/handler.go:589 +0x29c
  github.com/luxfi/threshold/pkg/protocol.(*Handler).processMessage()
      /Users/z/work/lux/threshold/pkg/protocol/handler.go:486 +0xbb0
  github.com/luxfi/threshold/pkg/protocol.(*Handler).messageWorker()
      /Users/z/work/lux/threshold/pkg/protocol/handler.go:408 +0x338
  github.com/luxfi/threshold/pkg/protocol.(*Handler).startWorkers.gowrap2()
      /Users/z/work/lux/threshold/pkg/protocol/handler.go:361 +0x44

Previous write at 0x00c00015425c by goroutine 1042:
  ??()
      -:0 +0x104ad5eb0
  sync/atomic.AddInt32()
      <autogenerated>:1 +0x14
  sync.(*Mutex).Unlock()
      /opt/homebrew/Cellar/go/1.24.6/libexec/src/sync/mutex.go:65 +0x2c
  github.com/luxfi/threshold/protocols/frost/keygen.(*round2).Finalize()
      /Users/z/work/lux/threshold/protocols/frost/keygen/round2.go:159 +0x7a0
  github.com/luxfi/threshold/pkg/protocol.(*Handler).finalizeRound.func1()
      /Users/z/work/lux/threshold/pkg/protocol/handler.go:1163 +0xe4

Goroutine 964 (running) created at:
  github.com/luxfi/threshold/pkg/protocol.(*Handler).startWorkers()
      /Users/z/work/lux/threshold/pkg/protocol/handler.go:361 +0x334
  github.com/luxfi/threshold/pkg/protocol.NewHandler()
      /Users/z/work/lux/threshold/pkg/protocol/handler.go:247 +0xf10
  github.com/luxfi/threshold/internal/test.(*Harness).CreateHandler()
      /Users/z/work/lux/threshold/internal/test/harness.go:91 +0x2e4
  github.com/luxfi/threshold/internal/test.RunProtocol()
      /Users/z/work/lux/threshold/internal/test/harness.go:270 +0x230
  github.com/luxfi/threshold/protocols/frost_test.TestDebugKeygen()
      /Users/z/work/lux/threshold/protocols/frost/debug_keygen_test.go:24 +0x1dc
  testing.tRunner()
      /opt/homebrew/Cellar/go/1.24.6/libexec/src/testing/testing.go:1792 +0x180
  testing.(*T).Run.gowrap1()
      /opt/homebrew/Cellar/go/1.24.6/libexec/src/testing/testing.go:1851 +0x40

Goroutine 1042 (running) created at:
  github.com/luxfi/threshold/pkg/protocol.(*Handler).finalizeRound()
      /Users/z/work/lux/threshold/pkg/protocol/handler.go:1160 +0x26c
  github.com/luxfi/threshold/pkg/protocol.(*Handler).tryAdvanceRound()
      /Users/z/work/lux/threshold/pkg/protocol/handler.go:622 +0xae4
  github.com/luxfi/threshold/pkg/protocol.(*Handler).processMessage()
      /Users/z/work/lux/threshold/pkg/protocol/handler.go:474 +0xb70
  github.com/luxfi/threshold/pkg/protocol.(*Handler).messageWorker()
      /Users/z/work/lux/threshold/pkg/protocol/handler.go:408 +0x338
  github.com/luxfi/threshold/pkg/protocol.(*Handler).startWorkers.gowrap2()
      /Users/z/work/lux/threshold/pkg/protocol/handler.go:361 +0x44
==================
2025-08-15T22:12:56.786-0500	DEBUG	protocol/handler.go:1649	have all messages and processed	{"{round 20 2  <nil>}": {"Key":"self","Type":15,"Integer":0,"String":"a","Interface":null}}
2025-08-15T22:12:56.786-0500	DEBUG	protocol/handler.go:596	round already finalized
2025-08-15T22:12:56.786-0500	DEBUG	protocol/handler.go:1039	sendRoundMessage	{"{from 15 0 c <nil>}": {"Key":"to","Type":15,"Integer":0,"String":"","Interface":null}, "{round 20 3  <nil>}": {"Key":"broadcast","Type":4,"Integer":1,"String":"","Interface":null}}
2025-08-15T22:12:56.786-0500	DEBUG	protocol/handler.go:437	processing message	{"{from 15 0 a <nil>}": {"Key":"to","Type":15,"Integer":0,"String":"","Interface":null}, "{round 20 3  <nil>}": {"Key":"broadcast","Type":4,"Integer":1,"String":"","Interface":null}}
2025-08-15T22:12:56.786-0500	DEBUG	protocol/handler.go:1657	storing broadcast	{"{round 20 3  <nil>}": {"Key":"from","Type":15,"Integer":0,"String":"a","Interface":null}}
2025-08-15T22:12:56.787-0500	DEBUG	protocol/handler.go:581	tryAdvanceRound called	{"{current_round 20 3  <nil>}": {"Key":"self","Type":15,"Integer":0,"String":"b","Interface":null}}
2025-08-15T22:12:56.787-0500	DEBUG	protocol/handler.go:1591	have processed broadcast	{"{round 20 2  <nil>}": {"Key":"from","Type":15,"Integer":0,"String":"a","Interface":null}}
2025-08-15T22:12:56.787-0500	DEBUG	protocol/handler.go:1591	have processed broadcast	{"{round 20 2  <nil>}": {"Key":"from","Type":15,"Integer":0,"String":"b","Interface":null}}
2025-08-15T22:12:56.787-0500	DEBUG	protocol/handler.go:1649	have all messages and processed	{"{round 20 2  <nil>}": {"Key":"self","Type":15,"Integer":0,"String":"c","Interface":null}}
2025-08-15T22:12:56.787-0500	DEBUG	protocol/handler.go:596	round already finalized
2025-08-15T22:12:56.788-0500	DEBUG	protocol/handler.go:1591	have processed broadcast	{"{round 20 3  <nil>}": {"Key":"from","Type":15,"Integer":0,"String":"a","Interface":null}}
2025-08-15T22:12:56.789-0500	DEBUG	protocol/handler.go:1600	waiting for broadcasts	{"{round 20 3  <nil>}": {"Key":"missing","Type":15,"Integer":0,"String":"[c]","Interface":null}}
2025-08-15T22:12:56.789-0500	DEBUG	protocol/handler.go:581	tryAdvanceRound called	{"{current_round 20 3  <nil>}": {"Key":"self","Type":15,"Integer":0,"String":"b","Interface":null}}
2025-08-15T22:12:56.789-0500	DEBUG	protocol/handler.go:1591	have processed broadcast	{"{round 20 3  <nil>}": {"Key":"from","Type":15,"Integer":0,"String":"a","Interface":null}}
2025-08-15T22:12:56.789-0500	DEBUG	protocol/handler.go:1600	waiting for broadcasts	{"{round 20 3  <nil>}": {"Key":"missing","Type":15,"Integer":0,"String":"[c]","Interface":null}}
2025-08-15T22:12:56.789-0500	DEBUG	protocol/handler.go:1182	finalized round messages	{"{round 20 2  <nil>}": {"Key":"messages","Type":11,"Integer":3,"String":"","Interface":null}}
2025-08-15T22:12:56.789-0500	DEBUG	protocol/handler.go:1239	finalize returned next round	{"{current 20 2  <nil>}": {"Key":"next","Type":20,"Integer":3,"String":"","Interface":null}}
2025-08-15T22:12:56.789-0500	INFO	protocol/handler.go:642	storing new currentRound	{"{from 20 2  <nil>}": {"Key":"to","Type":20,"Integer":3,"String":"","Interface":null}}
2025-08-15T22:12:56.789-0500	DEBUG	protocol/handler.go:1503	processing queued messages
2025-08-15T22:12:56.790-0500	DEBUG	protocol/handler.go:1503	processing queued messages
2025-08-15T22:12:56.792-0500	DEBUG	protocol/handler.go:1591	have processed broadcast	{"{round 20 2  <nil>}": {"Key":"from","Type":15,"Integer":0,"String":"b","Interface":null}}
2025-08-15T22:12:56.792-0500	DEBUG	protocol/handler.go:1591	have processed broadcast	{"{round 20 2  <nil>}": {"Key":"from","Type":15,"Integer":0,"String":"c","Interface":null}}
2025-08-15T22:12:56.792-0500	DEBUG	protocol/handler.go:1649	have all messages and processed	{"{round 20 2  <nil>}": {"Key":"self","Type":15,"Integer":0,"String":"a","Interface":null}}
2025-08-15T22:12:56.792-0500	DEBUG	protocol/handler.go:596	round already finalized
2025-08-15T22:12:56.792-0500	DEBUG	protocol/handler.go:600	current round already advanced	{"{checking 20 2  <nil>}": {"Key":"current","Type":20,"Integer":3,"String":"","Interface":null}}
2025-08-15T22:12:56.787-0500	DEBUG	protocol/handler.go:581	tryAdvanceRound called	{"{current_round 20 2  <nil>}": {"Key":"self","Type":15,"Integer":0,"String":"c","Interface":null}}
2025-08-15T22:12:56.785-0500	DEBUG	protocol/handler.go:1649	have all messages and processed	{"{round 20 2  <nil>}": {"Key":"self","Type":15,"Integer":0,"String":"c","Interface":null}}
2025-08-15T22:12:56.793-0500	DEBUG	protocol/handler.go:596	round already finalized
2025-08-15T22:12:56.793-0500	DEBUG	protocol/handler.go:1591	have processed broadcast	{"{round 20 2  <nil>}": {"Key":"from","Type":15,"Integer":0,"String":"a","Interface":null}}
2025-08-15T22:12:56.794-0500	DEBUG	protocol/handler.go:1591	have processed broadcast	{"{round 20 2  <nil>}": {"Key":"from","Type":15,"Integer":0,"String":"b","Interface":null}}
2025-08-15T22:12:56.794-0500	DEBUG	protocol/handler.go:1649	have all messages and processed	{"{round 20 2  <nil>}": {"Key":"self","Type":15,"Integer":0,"String":"c","Interface":null}}
2025-08-15T22:12:56.794-0500	DEBUG	protocol/handler.go:596	round already finalized
2025-08-15T22:12:56.795-0500	DEBUG	protocol/handler.go:1657	storing broadcast	{"{round 20 3  <nil>}": {"Key":"from","Type":15,"Integer":0,"String":"c","Interface":null}}
2025-08-15T22:12:56.795-0500	DEBUG	protocol/handler.go:581	tryAdvanceRound called	{"{current_round 20 3  <nil>}": {"Key":"self","Type":15,"Integer":0,"String":"b","Interface":null}}
2025-08-15T22:12:56.795-0500	DEBUG	protocol/handler.go:1081	sent message to output channel	{"{from 15 0 c <nil>}": {"Key":"to","Type":15,"Integer":0,"String":"","Interface":null}, "{round 20 3  <nil>}": {"Key":"broadcast","Type":4,"Integer":1,"String":"","Interface":null}}
2025-08-15T22:12:56.796-0500	DEBUG	protocol/handler.go:1591	have processed broadcast	{"{round 20 3  <nil>}": {"Key":"from","Type":15,"Integer":0,"String":"a","Interface":null}}
2025-08-15T22:12:56.796-0500	DEBUG	protocol/handler.go:1039	sendRoundMessage	{"{from 15 0 c <nil>}": {"Key":"to","Type":15,"Integer":0,"String":"a","Interface":null}, "{round 20 3  <nil>}": {"Key":"broadcast","Type":4,"Integer":0,"String":"","Interface":null}}
2025-08-15T22:12:56.796-0500	DEBUG	protocol/handler.go:1600	waiting for broadcasts	{"{round 20 3  <nil>}": {"Key":"missing","Type":15,"Integer":0,"String":"[c]","Interface":null}}
==================
WARNING: DATA RACE
Write at 0x00c00065c598 by goroutine 1043:
  github.com/luxfi/threshold/protocols/frost/keygen.(*round2).Finalize()
      /Users/z/work/lux/threshold/protocols/frost/keygen/round2.go:158 +0x78c
  github.com/luxfi/threshold/pkg/protocol.(*Handler).finalizeRound.func1()
      /Users/z/work/lux/threshold/pkg/protocol/handler.go:1163 +0xe4

Previous read at 0x00c00065c598 by goroutine 1021:
  github.com/luxfi/threshold/protocols/frost/keygen.(*round2).Number()
      <autogenerated>:1 +0x38
  github.com/luxfi/threshold/pkg/protocol.(*Handler).tryAdvanceRound()
      /Users/z/work/lux/threshold/pkg/protocol/handler.go:582 +0x70
  github.com/luxfi/threshold/pkg/protocol.(*Handler).roundProcessor()
      /Users/z/work/lux/threshold/pkg/protocol/handler.go:569 +0xb4
  github.com/luxfi/threshold/pkg/protocol.(*Handler).startWorkers.func1()
      /Users/z/work/lux/threshold/pkg/protocol/handler.go:374 +0x78

Goroutine 1043 (running) created at:
  github.com/luxfi/threshold/pkg/protocol.(*Handler).finalizeRound()
      /Users/z/work/lux/threshold/pkg/protocol/handler.go:1160 +0x26c
  github.com/luxfi/threshold/pkg/protocol.(*Handler).tryAdvanceRound()
      /Users/z/work/lux/threshold/pkg/protocol/handler.go:622 +0xae4
  github.com/luxfi/threshold/pkg/protocol.(*Handler).processMessage()
      /Users/z/work/lux/threshold/pkg/protocol/handler.go:486 +0xbb0
  github.com/luxfi/threshold/pkg/protocol.(*Handler).messageWorker()
      /Users/z/work/lux/threshold/pkg/protocol/handler.go:408 +0x338
  github.com/luxfi/threshold/pkg/protocol.(*Handler).startWorkers.gowrap2()
      /Users/z/work/lux/threshold/pkg/protocol/handler.go:361 +0x44

Goroutine 1021 (running) created at:
  github.com/luxfi/threshold/pkg/protocol.(*Handler).startWorkers()
      /Users/z/work/lux/threshold/pkg/protocol/handler.go:372 +0x4fc
  github.com/luxfi/threshold/pkg/protocol.NewHandler()
      /Users/z/work/lux/threshold/pkg/protocol/handler.go:247 +0xf10
  github.com/luxfi/threshold/internal/test.(*Harness).CreateHandler()
      /Users/z/work/lux/threshold/internal/test/harness.go:91 +0x2e4
  github.com/luxfi/threshold/internal/test.RunProtocol()
      /Users/z/work/lux/threshold/internal/test/harness.go:270 +0x230
2025-08-15T22:12:56.796-0500	DEBUG	protocol/handler.go:1081	sent message to output channel	{"{from 15 0 c <nil>}": {"Key":"to","Type":15,"Integer":0,"String":"a","Interface":null}, "{round 20 3  <nil>}": {"Key":"broadcast","Type":4,"Integer":0,"String":"","Interface":null}}
  github.com/luxfi/threshold/protocols/frost_test.TestDebugKeygen()
      /Users/z/work/lux/threshold/protocols/frost/debug_keygen_test.go:24 +0x1dc
  testing.tRunner()
      /opt/homebrew/Cellar/go/1.24.6/libexec/src/testing/testing.go:1792 +0x180
  testing.(*T).Run.gowrap1()
      /opt/homebrew/Cellar/go/1.24.6/libexec/src/testing/testing.go:1851 +0x40
==================
2025-08-15T22:12:56.796-0500	DEBUG	protocol/handler.go:1039	sendRoundMessage	{"{from 15 0 c <nil>}": {"Key":"to","Type":15,"Integer":0,"String":"b","Interface":null}, "{round 20 3  <nil>}": {"Key":"broadcast","Type":4,"Integer":0,"String":"","Interface":null}}
==================
WARNING: DATA RACE
Write at 0x00c00065c59c by goroutine 1043:
  ??()
      -:0 +0x104ad5eb0
  sync/atomic.AddInt32()
      <autogenerated>:1 +0x14
  sync.(*Mutex).Unlock()
      /opt/homebrew/Cellar/go/1.24.6/libexec/src/sync/mutex.go:65 +0x2c
  github.com/luxfi/threshold/protocols/frost/keygen.(*round2).Finalize()
      /Users/z/work/lux/threshold/protocols/frost/keygen/round2.go:159 +0x7a0
  github.com/luxfi/threshold/pkg/protocol.(*Handler).finalizeRound.func1()
      /Users/z/work/lux/threshold/pkg/protocol/handler.go:1163 +0xe4

Previous read at 0x00c00065c598 by goroutine 1021:
  github.com/luxfi/threshold/protocols/frost/keygen.(*round2).Number()
      <autogenerated>:1 +0x38
  github.com/luxfi/threshold/pkg/protocol.(*Handler).tryAdvanceRound()
      /Users/z/work/lux/threshold/pkg/protocol/handler.go:606 +0x6c8
  github.com/luxfi/threshold/pkg/protocol.(*Handler).roundProcessor()
      /Users/z/work/lux/threshold/pkg/protocol/handler.go:569 +0xb4
  github.com/luxfi/threshold/pkg/protocol.(*Handler).startWorkers.func1()
      /Users/z/work/lux/threshold/pkg/protocol/handler.go:374 +0x78

Goroutine 1043 (running) created at:
  github.com/luxfi/threshold/pkg/protocol.(*Handler).finalizeRound()
      /Users/z/work/lux/threshold/pkg/protocol/handler.go:1160 +0x26c
  github.com/luxfi/threshold/pkg/protocol.(*Handler).tryAdvanceRound()
      /Users/z/work/lux/threshold/pkg/protocol/handler.go:622 +0xae4
  github.com/luxfi/threshold/pkg/protocol.(*Handler).processMessage()
      /Users/z/work/lux/threshold/pkg/protocol/handler.go:486 +0xbb0
  github.com/luxfi/threshold/pkg/protocol.(*Handler).messageWorker()
      /Users/z/work/lux/threshold/pkg/protocol/handler.go:408 +0x338
  github.com/luxfi/threshold/pkg/protocol.(*Handler).startWorkers.gowrap2()
      /Users/z/work/lux/threshold/pkg/protocol/handler.go:361 +0x44

Goroutine 1021 (running) created at:
  github.com/luxfi/threshold/pkg/protocol.(*Handler).startWorkers()
      /Users/z/work/lux/threshold/pkg/protocol/handler.go:372 +0x4fc
  github.com/luxfi/threshold/pkg/protocol.NewHandler()
      /Users/z/work/lux/threshold/pkg/protocol/handler.go:247 +0xf10
  github.com/luxfi/threshold/internal/test.(*Harness).CreateHandler()
      /Users/z/work/lux/threshold/internal/test/harness.go:91 +0x2e4
  github.com/luxfi/threshold/internal/test.RunProtocol()
      /Users/z/work/lux/threshold/internal/test/harness.go:270 +0x230
  github.com/luxfi/threshold/protocols/frost_test.TestDebugKeygen()
      /Users/z/work/lux/threshold/protocols/frost/debug_keygen_test.go:24 +0x1dc
  testing.tRunner()
      /opt/homebrew/Cellar/go/1.24.6/libexec/src/testing/testing.go:1792 +0x180
  testing.(*T).Run.gowrap1()
      /opt/homebrew/Cellar/go/1.24.6/libexec/src/testing/testing.go:1851 +0x40
==================
2025-08-15T22:12:56.796-0500	DEBUG	protocol/handler.go:1081	sent message to output channel	{"{from 15 0 c <nil>}": {"Key":"to","Type":15,"Integer":0,"String":"b","Interface":null}, "{round 20 3  <nil>}": {"Key":"broadcast","Type":4,"Integer":0,"String":"","Interface":null}}
2025-08-15T22:12:56.796-0500	DEBUG	protocol/handler.go:581	tryAdvanceRound called	{"{current_round 20 2  <nil>}": {"Key":"self","Type":15,"Integer":0,"String":"c","Interface":null}}
2025-08-15T22:12:56.796-0500	DEBUG	protocol/handler.go:432	processMessage: p2p round 3 START	{"{from 15 0 c <nil>}": {"Key":"to","Type":15,"Integer":0,"String":"b","Interface":null}}
2025-08-15T22:12:56.796-0500	DEBUG	protocol/handler.go:1182	finalized round messages	{"{round 20 2  <nil>}": {"Key":"messages","Type":11,"Integer":3,"String":"","Interface":null}}
2025-08-15T22:12:56.797-0500	DEBUG	protocol/handler.go:1239	finalize returned next round	{"{current 20 2  <nil>}": {"Key":"next","Type":20,"Integer":3,"String":"","Interface":null}}
2025-08-15T22:12:56.797-0500	DEBUG	protocol/handler.go:1591	have processed broadcast	{"{round 20 2  <nil>}": {"Key":"from","Type":15,"Integer":0,"String":"a","Interface":null}}
2025-08-15T22:12:56.797-0500	DEBUG	protocol/handler.go:437	processing message	{"{from 15 0 c <nil>}": {"Key":"to","Type":15,"Integer":0,"String":"b","Interface":null}, "{round 20 3  <nil>}": {"Key":"broadcast","Type":4,"Integer":0,"String":"","Interface":null}}
2025-08-15T22:12:56.797-0500	INFO	protocol/handler.go:642	storing new currentRound	{"{from 20 2  <nil>}": {"Key":"to","Type":20,"Integer":3,"String":"","Interface":null}}
2025-08-15T22:12:56.797-0500	DEBUG	protocol/handler.go:1591	have processed broadcast	{"{round 20 2  <nil>}": {"Key":"from","Type":15,"Integer":0,"String":"b","Interface":null}}
2025-08-15T22:12:56.797-0500	DEBUG	protocol/handler.go:1662	storing message	{"{round 20 3  <nil>}": {"Key":"from","Type":15,"Integer":0,"String":"c","Interface":null}}
2025-08-15T22:12:56.797-0500	DEBUG	protocol/handler.go:1503	processing queued messages
2025-08-15T22:12:56.797-0500	DEBUG	protocol/handler.go:1649	have all messages and processed	{"{round 20 2  <nil>}": {"Key":"self","Type":15,"Integer":0,"String":"c","Interface":null}}
2025-08-15T22:12:56.797-0500	DEBUG	protocol/handler.go:581	tryAdvanceRound called	{"{current_round 20 3  <nil>}": {"Key":"self","Type":15,"Integer":0,"String":"b","Interface":null}}
2025-08-15T22:12:56.797-0500	DEBUG	protocol/handler.go:596	round already finalized
2025-08-15T22:12:56.797-0500	DEBUG	protocol/handler.go:1306	waiting for broadcast before normal message
2025-08-15T22:12:56.797-0500	DEBUG	protocol/handler.go:600	current round already advanced	{"{checking 20 2  <nil>}": {"Key":"current","Type":20,"Integer":3,"String":"","Interface":null}}
2025-08-15T22:12:56.797-0500	DEBUG	protocol/handler.go:1503	processing queued messages
2025-08-15T22:12:56.797-0500	DEBUG	protocol/handler.go:1591	have processed broadcast	{"{round 20 3  <nil>}": {"Key":"from","Type":15,"Integer":0,"String":"a","Interface":null}}
2025-08-15T22:12:56.797-0500	DEBUG	protocol/handler.go:437	processing message	{"{from 15 0 c <nil>}": {"Key":"to","Type":15,"Integer":0,"String":"","Interface":null}, "{round 20 3  <nil>}": {"Key":"broadcast","Type":4,"Integer":1,"String":"","Interface":null}}
2025-08-15T22:12:56.797-0500	DEBUG	protocol/handler.go:1657	storing broadcast	{"{round 20 3  <nil>}": {"Key":"from","Type":15,"Integer":0,"String":"c","Interface":null}}
2025-08-15T22:12:56.797-0500	DEBUG	protocol/handler.go:1600	waiting for broadcasts	{"{round 20 3  <nil>}": {"Key":"missing","Type":15,"Integer":0,"String":"[c]","Interface":null}}
2025-08-15T22:12:56.797-0500	DEBUG	protocol/handler.go:437	processing message	{"{from 15 0 c <nil>}": {"Key":"to","Type":15,"Integer":0,"String":"","Interface":null}, "{round 20 3  <nil>}": {"Key":"broadcast","Type":4,"Integer":1,"String":"","Interface":null}}
2025-08-15T22:12:56.797-0500	DEBUG	protocol/handler.go:1657	storing broadcast	{"{round 20 3  <nil>}": {"Key":"from","Type":15,"Integer":0,"String":"c","Interface":null}}
2025-08-15T22:12:56.797-0500	DEBUG	protocol/handler.go:581	tryAdvanceRound called	{"{current_round 20 3  <nil>}": {"Key":"self","Type":15,"Integer":0,"String":"a","Interface":null}}
2025-08-15T22:12:56.797-0500	DEBUG	protocol/handler.go:581	tryAdvanceRound called	{"{current_round 20 3  <nil>}": {"Key":"self","Type":15,"Integer":0,"String":"b","Interface":null}}
2025-08-15T22:12:56.798-0500	DEBUG	protocol/handler.go:1591	have processed broadcast	{"{round 20 3  <nil>}": {"Key":"from","Type":15,"Integer":0,"String":"b","Interface":null}}
2025-08-15T22:12:56.798-0500	DEBUG	protocol/handler.go:1591	have processed broadcast	{"{round 20 3  <nil>}": {"Key":"from","Type":15,"Integer":0,"String":"c","Interface":null}}
2025-08-15T22:12:56.799-0500	DEBUG	protocol/handler.go:1635	waiting for messages	{"{round 20 3  <nil>}": {"Key":"missing","Type":15,"Integer":0,"String":"[c]","Interface":null}}
2025-08-15T22:12:56.797-0500	DEBUG	protocol/handler.go:432	processMessage: p2p round 3 START	{"{from 15 0 c <nil>}": {"Key":"to","Type":15,"Integer":0,"String":"a","Interface":null}}
2025-08-15T22:12:56.799-0500	DEBUG	protocol/handler.go:437	processing message	{"{from 15 0 c <nil>}": {"Key":"to","Type":15,"Integer":0,"String":"a","Interface":null}, "{round 20 3  <nil>}": {"Key":"broadcast","Type":4,"Integer":0,"String":"","Interface":null}}
2025-08-15T22:12:56.799-0500	DEBUG	protocol/handler.go:1662	storing message	{"{round 20 3  <nil>}": {"Key":"from","Type":15,"Integer":0,"String":"c","Interface":null}}
2025-08-15T22:12:56.801-0500	DEBUG	protocol/handler.go:581	tryAdvanceRound called	{"{current_round 20 3  <nil>}": {"Key":"self","Type":15,"Integer":0,"String":"a","Interface":null}}
2025-08-15T22:12:56.801-0500	DEBUG	protocol/handler.go:1591	have processed broadcast	{"{round 20 3  <nil>}": {"Key":"from","Type":15,"Integer":0,"String":"b","Interface":null}}
2025-08-15T22:12:56.801-0500	DEBUG	protocol/handler.go:1591	have processed broadcast	{"{round 20 3  <nil>}": {"Key":"from","Type":15,"Integer":0,"String":"c","Interface":null}}
2025-08-15T22:12:56.801-0500	DEBUG	protocol/handler.go:1649	have all messages and processed	{"{round 20 3  <nil>}": {"Key":"self","Type":15,"Integer":0,"String":"a","Interface":null}}
2025-08-15T22:12:56.801-0500	DEBUG	protocol/handler.go:619	finalizing round
2025-08-15T22:12:56.802-0500	DEBUG	protocol/handler.go:1182	finalized round messages	{"{round 20 3  <nil>}": {"Key":"messages","Type":11,"Integer":0,"String":"","Interface":null}}
2025-08-15T22:12:56.803-0500	INFO	protocol/handler.go:1211	protocol completed	{"{self 15 0 a <nil>}": {"Key":"final_round","Type":20,"Integer":3,"String":"","Interface":null}}
2025-08-15T22:12:56.803-0500	DEBUG	protocol/handler.go:624	finalizeRound returned nil
2025-08-15T22:12:56.803-0500	INFO	protocol/handler.go:787	protocol completed successfully
2025-08-15T22:12:56.804-0500	DEBUG	protocol/handler.go:1591	have processed broadcast	{"{round 20 2  <nil>}": {"Key":"from","Type":15,"Integer":0,"String":"a","Interface":null}}
2025-08-15T22:12:56.804-0500	DEBUG	protocol/handler.go:1591	have processed broadcast	{"{round 20 2  <nil>}": {"Key":"from","Type":15,"Integer":0,"String":"c","Interface":null}}
2025-08-15T22:12:56.804-0500	DEBUG	protocol/handler.go:1649	have all messages and processed	{"{round 20 2  <nil>}": {"Key":"self","Type":15,"Integer":0,"String":"b","Interface":null}}
2025-08-15T22:12:56.804-0500	DEBUG	protocol/handler.go:596	round already finalized
2025-08-15T22:12:56.804-0500	DEBUG	protocol/handler.go:600	current round already advanced	{"{checking 20 2  <nil>}": {"Key":"current","Type":20,"Integer":3,"String":"","Interface":null}}
2025-08-15T22:12:56.805-0500	DEBUG	protocol/handler.go:1591	have processed broadcast	{"{round 20 3  <nil>}": {"Key":"from","Type":15,"Integer":0,"String":"a","Interface":null}}
2025-08-15T22:12:56.805-0500	DEBUG	protocol/handler.go:1591	have processed broadcast	{"{round 20 3  <nil>}": {"Key":"from","Type":15,"Integer":0,"String":"c","Interface":null}}
2025-08-15T22:12:56.805-0500	DEBUG	protocol/handler.go:1649	have all messages and processed	{"{round 20 3  <nil>}": {"Key":"self","Type":15,"Integer":0,"String":"b","Interface":null}}
2025-08-15T22:12:56.805-0500	DEBUG	protocol/handler.go:619	finalizing round
2025-08-15T22:12:56.807-0500	DEBUG	protocol/handler.go:1182	finalized round messages	{"{round 20 3  <nil>}": {"Key":"messages","Type":11,"Integer":0,"String":"","Interface":null}}
2025-08-15T22:12:56.807-0500	INFO	protocol/handler.go:1211	protocol completed	{"{self 15 0 b <nil>}": {"Key":"final_round","Type":20,"Integer":3,"String":"","Interface":null}}
2025-08-15T22:12:56.807-0500	DEBUG	protocol/handler.go:1591	have processed broadcast	{"{round 20 2  <nil>}": {"Key":"from","Type":15,"Integer":0,"String":"a","Interface":null}}
2025-08-15T22:12:56.807-0500	DEBUG	protocol/handler.go:624	finalizeRound returned nil
2025-08-15T22:12:56.807-0500	INFO	protocol/handler.go:560	advanced to round
2025-08-15T22:12:56.807-0500	DEBUG	protocol/handler.go:1591	have processed broadcast	{"{round 20 2  <nil>}": {"Key":"from","Type":15,"Integer":0,"String":"b","Interface":null}}
2025-08-15T22:12:56.807-0500	DEBUG	protocol/handler.go:581	tryAdvanceRound called	{"{current_round 20 3  <nil>}": {"Key":"self","Type":15,"Integer":0,"String":"c","Interface":null}}
2025-08-15T22:12:56.807-0500	DEBUG	protocol/handler.go:1649	have all messages and processed	{"{round 20 2  <nil>}": {"Key":"self","Type":15,"Integer":0,"String":"c","Interface":null}}
2025-08-15T22:12:56.807-0500	DEBUG	protocol/handler.go:596	round already finalized
2025-08-15T22:12:56.807-0500	DEBUG	protocol/handler.go:600	current round already advanced	{"{checking 20 2  <nil>}": {"Key":"current","Type":20,"Integer":3,"String":"","Interface":null}}
2025-08-15T22:12:56.807-0500	INFO	protocol/handler.go:787	protocol completed successfully
2025-08-15T22:12:56.809-0500	INFO	protocol/handler.go:560	advanced to round
2025-08-15T22:12:56.809-0500	DEBUG	protocol/handler.go:581	tryAdvanceRound called	{"{current_round 20 3  <nil>}": {"Key":"self","Type":15,"Integer":0,"String":"a","Interface":null}}
2025-08-15T22:12:56.809-0500	DEBUG	protocol/handler.go:1591	have processed broadcast	{"{round 20 3  <nil>}": {"Key":"from","Type":15,"Integer":0,"String":"b","Interface":null}}
2025-08-15T22:12:56.809-0500	DEBUG	protocol/handler.go:1591	have processed broadcast	{"{round 20 3  <nil>}": {"Key":"from","Type":15,"Integer":0,"String":"c","Interface":null}}
2025-08-15T22:12:56.809-0500	DEBUG	protocol/handler.go:1649	have all messages and processed	{"{round 20 3  <nil>}": {"Key":"self","Type":15,"Integer":0,"String":"a","Interface":null}}
2025-08-15T22:12:56.809-0500	DEBUG	protocol/handler.go:596	round already finalized
2025-08-15T22:12:56.809-0500	DEBUG	protocol/handler.go:581	tryAdvanceRound called	{"{current_round 20 3  <nil>}": {"Key":"self","Type":15,"Integer":0,"String":"a","Interface":null}}
2025-08-15T22:12:56.809-0500	DEBUG	protocol/handler.go:1591	have processed broadcast	{"{round 20 3  <nil>}": {"Key":"from","Type":15,"Integer":0,"String":"b","Interface":null}}
2025-08-15T22:12:56.809-0500	DEBUG	protocol/handler.go:1591	have processed broadcast	{"{round 20 3  <nil>}": {"Key":"from","Type":15,"Integer":0,"String":"c","Interface":null}}
2025-08-15T22:12:56.809-0500	DEBUG	protocol/handler.go:1649	have all messages and processed	{"{round 20 3  <nil>}": {"Key":"self","Type":15,"Integer":0,"String":"a","Interface":null}}
2025-08-15T22:12:56.809-0500	DEBUG	protocol/handler.go:596	round already finalized
2025-08-15T22:12:56.810-0500	DEBUG	protocol/handler.go:1591	have processed broadcast	{"{round 20 2  <nil>}": {"Key":"from","Type":15,"Integer":0,"String":"a","Interface":null}}
2025-08-15T22:12:56.810-0500	DEBUG	protocol/handler.go:1591	have processed broadcast	{"{round 20 3  <nil>}": {"Key":"from","Type":15,"Integer":0,"String":"a","Interface":null}}
2025-08-15T22:12:56.810-0500	DEBUG	protocol/handler.go:1591	have processed broadcast	{"{round 20 2  <nil>}": {"Key":"from","Type":15,"Integer":0,"String":"b","Interface":null}}
2025-08-15T22:12:56.810-0500	DEBUG	protocol/handler.go:1591	have processed broadcast	{"{round 20 3  <nil>}": {"Key":"from","Type":15,"Integer":0,"String":"b","Interface":null}}
2025-08-15T22:12:56.810-0500	DEBUG	protocol/handler.go:1649	have all messages and processed	{"{round 20 2  <nil>}": {"Key":"self","Type":15,"Integer":0,"String":"c","Interface":null}}
2025-08-15T22:12:56.810-0500	DEBUG	protocol/handler.go:1649	have all messages and processed	{"{round 20 3  <nil>}": {"Key":"self","Type":15,"Integer":0,"String":"c","Interface":null}}
2025-08-15T22:12:56.810-0500	DEBUG	protocol/handler.go:596	round already finalized
2025-08-15T22:12:56.810-0500	DEBUG	protocol/handler.go:619	finalizing round
2025-08-15T22:12:56.810-0500	DEBUG	protocol/handler.go:600	current round already advanced	{"{checking 20 2  <nil>}": {"Key":"current","Type":20,"Integer":3,"String":"","Interface":null}}
2025-08-15T22:12:56.812-0500	DEBUG	protocol/handler.go:1182	finalized round messages	{"{round 20 3  <nil>}": {"Key":"messages","Type":11,"Integer":0,"String":"","Interface":null}}
2025-08-15T22:12:56.812-0500	INFO	protocol/handler.go:1211	protocol completed	{"{self 15 0 c <nil>}": {"Key":"final_round","Type":20,"Integer":3,"String":"","Interface":null}}
2025-08-15T22:12:56.812-0500	DEBUG	protocol/handler.go:624	finalizeRound returned nil
2025-08-15T22:12:56.822-0500	INFO	protocol/handler.go:787	protocol completed successfully
2025-08-15T22:12:56.825-0500	DEBUG	protocol/handler.go:403	worker stopping
2025-08-15T22:12:56.825-0500	DEBUG	protocol/handler.go:403	worker stopping
2025-08-15T22:12:56.825-0500	DEBUG	protocol/handler.go:403	worker stopping
2025-08-15T22:12:56.825-0500	DEBUG	protocol/handler.go:403	worker stopping
2025-08-15T22:12:56.825-0500	DEBUG	protocol/handler.go:403	worker stopping
2025-08-15T22:12:56.825-0500	DEBUG	protocol/handler.go:403	worker stopping
2025-08-15T22:12:56.825-0500	DEBUG	protocol/handler.go:403	worker stopping
2025-08-15T22:12:56.825-0500	DEBUG	protocol/handler.go:403	worker stopping
2025-08-15T22:12:56.828-0500	INFO	protocol/handler.go:240	starting protocol handler	{"{protocol 15 0 frost/keygen-threshold <nil>}": {"Key":"workers","Type":11,"Integer":4,"String":"","Interface":null}, "{parties 11 3  <nil>}": {"Key":"threshold","Type":11,"Integer":2,"String":"","Interface":null}}
2025-08-15T22:12:56.829-0500	DEBUG	protocol/handler.go:348	starting worker pools	{"{workers 11 4  <nil>}": {"Key":"priority","Type":11,"Integer":4,"String":"","Interface":null}}
2025-08-15T22:12:56.829-0500	DEBUG	protocol/handler.go:930	initializing round
2025-08-15T22:12:56.829-0500	DEBUG	protocol/handler.go:1503	processing queued messages
2025-08-15T22:12:56.829-0500	DEBUG	protocol/handler.go:391	worker started	{"{id 11 1  <nil>}": {"Key":"priority","Type":4,"Integer":0,"String":"","Interface":null}}
2025-08-15T22:12:56.829-0500	DEBUG	protocol/handler.go:391	worker started	{"{id 11 2  <nil>}": {"Key":"priority","Type":4,"Integer":0,"String":"","Interface":null}}
2025-08-15T22:12:56.829-0500	DEBUG	protocol/handler.go:391	worker started	{"{id 11 0  <nil>}": {"Key":"priority","Type":4,"Integer":0,"String":"","Interface":null}}
2025-08-15T22:12:56.829-0500	DEBUG	protocol/handler.go:391	worker started	{"{id 11 0  <nil>}": {"Key":"priority","Type":4,"Integer":1,"String":"","Interface":null}}
2025-08-15T22:12:56.845-0500	DEBUG	protocol/handler.go:391	worker started	{"{id 11 3  <nil>}": {"Key":"priority","Type":4,"Integer":0,"String":"","Interface":null}}
2025-08-15T22:12:56.845-0500	DEBUG	protocol/handler.go:391	worker started	{"{id 11 3  <nil>}": {"Key":"priority","Type":4,"Integer":1,"String":"","Interface":null}}
2025-08-15T22:12:56.845-0500	DEBUG	protocol/handler.go:391	worker started	{"{id 11 2  <nil>}": {"Key":"priority","Type":4,"Integer":1,"String":"","Interface":null}}
2025-08-15T22:12:56.845-0500	DEBUG	protocol/handler.go:403	worker stopping
2025-08-15T22:12:56.845-0500	DEBUG	protocol/handler.go:403	worker stopping
2025-08-15T22:12:56.845-0500	DEBUG	protocol/handler.go:403	worker stopping
2025-08-15T22:12:56.845-0500	DEBUG	protocol/handler.go:403	worker stopping
2025-08-15T22:12:56.845-0500	DEBUG	protocol/handler.go:403	worker stopping
2025-08-15T22:12:56.845-0500	DEBUG	protocol/handler.go:403	worker stopping
2025-08-15T22:12:56.845-0500	DEBUG	protocol/handler.go:403	worker stopping
2025-08-15T22:12:56.845-0500	DEBUG	protocol/handler.go:403	worker stopping
2025-08-15T22:12:56.845-0500	DEBUG	protocol/handler.go:403	worker stopping
2025-08-15T22:12:56.845-0500	DEBUG	protocol/handler.go:403	worker stopping
2025-08-15T22:12:56.845-0500	DEBUG	protocol/handler.go:403	worker stopping
2025-08-15T22:12:56.845-0500	DEBUG	protocol/handler.go:403	worker stopping
2025-08-15T22:12:56.845-0500	DEBUG	protocol/handler.go:403	worker stopping
2025-08-15T22:12:56.846-0500	DEBUG	protocol/handler.go:403	worker stopping
2025-08-15T22:12:56.846-0500	DEBUG	protocol/handler.go:403	worker stopping
2025-08-15T22:12:56.846-0500	DEBUG	protocol/handler.go:403	worker stopping
2025-08-15T22:12:56.847-0500	INFO	protocol/handler.go:240	starting protocol handler	{"{protocol 15 0 frost/keygen-threshold <nil>}": {"Key":"workers","Type":11,"Integer":4,"String":"","Interface":null}, "{parties 11 3  <nil>}": {"Key":"threshold","Type":11,"Integer":2,"String":"","Interface":null}}
2025-08-15T22:12:56.847-0500	DEBUG	protocol/handler.go:348	starting worker pools	{"{workers 11 4  <nil>}": {"Key":"priority","Type":11,"Integer":4,"String":"","Interface":null}}
2025-08-15T22:12:56.847-0500	DEBUG	protocol/handler.go:391	worker started	{"{id 11 0  <nil>}": {"Key":"priority","Type":4,"Integer":1,"String":"","Interface":null}}
2025-08-15T22:12:56.847-0500	DEBUG	protocol/handler.go:391	worker started	{"{id 11 1  <nil>}": {"Key":"priority","Type":4,"Integer":0,"String":"","Interface":null}}
2025-08-15T22:12:56.848-0500	DEBUG	protocol/handler.go:391	worker started	{"{id 11 0  <nil>}": {"Key":"priority","Type":4,"Integer":0,"String":"","Interface":null}}
2025-08-15T22:12:56.848-0500	DEBUG	protocol/handler.go:391	worker started	{"{id 11 2  <nil>}": {"Key":"priority","Type":4,"Integer":0,"String":"","Interface":null}}
2025-08-15T22:12:56.848-0500	DEBUG	protocol/handler.go:391	worker started	{"{id 11 3  <nil>}": {"Key":"priority","Type":4,"Integer":1,"String":"","Interface":null}}
2025-08-15T22:12:56.848-0500	DEBUG	protocol/handler.go:391	worker started	{"{id 11 1  <nil>}": {"Key":"priority","Type":4,"Integer":1,"String":"","Interface":null}}
2025-08-15T22:12:56.848-0500	DEBUG	protocol/handler.go:391	worker started	{"{id 11 3  <nil>}": {"Key":"priority","Type":4,"Integer":0,"String":"","Interface":null}}
2025-08-15T22:12:56.848-0500	DEBUG	protocol/handler.go:391	worker started	{"{id 11 2  <nil>}": {"Key":"priority","Type":4,"Integer":1,"String":"","Interface":null}}
2025-08-15T22:12:56.848-0500	DEBUG	protocol/handler.go:930	initializing round
2025-08-15T22:12:56.848-0500	DEBUG	protocol/handler.go:1503	processing queued messages
2025-08-15T22:12:56.848-0500	INFO	protocol/handler.go:240	starting protocol handler	{"{protocol 15 0 frost/keygen-threshold <nil>}": {"Key":"workers","Type":11,"Integer":4,"String":"","Interface":null}, "{parties 11 3  <nil>}": {"Key":"threshold","Type":11,"Integer":2,"String":"","Interface":null}}
2025-08-15T22:12:56.848-0500	DEBUG	protocol/handler.go:348	starting worker pools	{"{workers 11 4  <nil>}": {"Key":"priority","Type":11,"Integer":4,"String":"","Interface":null}}
2025-08-15T22:12:56.848-0500	DEBUG	protocol/handler.go:391	worker started	{"{id 11 0  <nil>}": {"Key":"priority","Type":4,"Integer":1,"String":"","Interface":null}}
2025-08-15T22:12:56.848-0500	DEBUG	protocol/handler.go:391	worker started	{"{id 11 1  <nil>}": {"Key":"priority","Type":4,"Integer":1,"String":"","Interface":null}}
2025-08-15T22:12:56.848-0500	DEBUG	protocol/handler.go:391	worker started	{"{id 11 3  <nil>}": {"Key":"priority","Type":4,"Integer":0,"String":"","Interface":null}}
2025-08-15T22:12:56.849-0500	DEBUG	protocol/handler.go:391	worker started	{"{id 11 2  <nil>}": {"Key":"priority","Type":4,"Integer":1,"String":"","Interface":null}}
2025-08-15T22:12:56.849-0500	DEBUG	protocol/handler.go:391	worker started	{"{id 11 3  <nil>}": {"Key":"priority","Type":4,"Integer":1,"String":"","Interface":null}}
2025-08-15T22:12:56.849-0500	DEBUG	protocol/handler.go:930	initializing round
2025-08-15T22:12:56.849-0500	DEBUG	protocol/handler.go:1503	processing queued messages
2025-08-15T22:12:56.849-0500	DEBUG	protocol/handler.go:391	worker started	{"{id 11 1  <nil>}": {"Key":"priority","Type":4,"Integer":0,"String":"","Interface":null}}
2025-08-15T22:12:56.849-0500	DEBUG	protocol/handler.go:391	worker started	{"{id 11 0  <nil>}": {"Key":"priority","Type":4,"Integer":0,"String":"","Interface":null}}
2025-08-15T22:12:56.848-0500	DEBUG	protocol/handler.go:391	worker started	{"{id 11 2  <nil>}": {"Key":"priority","Type":4,"Integer":0,"String":"","Interface":null}}
2025-08-15T22:12:56.854-0500	INFO	protocol/handler.go:560	advanced to round
2025-08-15T22:12:56.854-0500	DEBUG	protocol/handler.go:581	tryAdvanceRound called	{"{current_round 20 1  <nil>}": {"Key":"self","Type":15,"Integer":0,"String":"a","Interface":null}}
2025-08-15T22:12:56.854-0500	DEBUG	protocol/handler.go:1649	have all messages and processed	{"{round 20 1  <nil>}": {"Key":"self","Type":15,"Integer":0,"String":"a","Interface":null}}
2025-08-15T22:12:56.854-0500	DEBUG	protocol/handler.go:596	round already finalized
2025-08-15T22:12:56.857-0500	DEBUG	protocol/handler.go:1039	sendRoundMessage	{"{from 15 0 a <nil>}": {"Key":"to","Type":15,"Integer":0,"String":"","Interface":null}, "{round 20 2  <nil>}": {"Key":"broadcast","Type":4,"Integer":1,"String":"","Interface":null}}
2025-08-15T22:12:56.857-0500	DEBUG	protocol/handler.go:1657	storing broadcast	{"{round 20 2  <nil>}": {"Key":"from","Type":15,"Integer":0,"String":"a","Interface":null}}
2025-08-15T22:12:56.858-0500	DEBUG	protocol/handler.go:1081	sent message to output channel	{"{from 15 0 a <nil>}": {"Key":"to","Type":15,"Integer":0,"String":"","Interface":null}, "{round 20 2  <nil>}": {"Key":"broadcast","Type":4,"Integer":1,"String":"","Interface":null}}
2025-08-15T22:12:56.858-0500	DEBUG	protocol/handler.go:989	generated messages	{"{round 20 1  <nil>}": {"Key":"count","Type":11,"Integer":1,"String":"","Interface":null}}
2025-08-15T22:12:56.858-0500	INFO	protocol/handler.go:1000	stored next round after initialization	{"{from 20 1  <nil>}": {"Key":"next","Type":20,"Integer":2,"String":"","Interface":null}}
2025-08-15T22:12:56.858-0500	INFO	protocol/handler.go:560	advanced to round
2025-08-15T22:12:56.858-0500	DEBUG	protocol/handler.go:581	tryAdvanceRound called	{"{current_round 20 1  <nil>}": {"Key":"self","Type":15,"Integer":0,"String":"b","Interface":null}}
2025-08-15T22:12:56.858-0500	DEBUG	protocol/handler.go:1649	have all messages and processed	{"{round 20 1  <nil>}": {"Key":"self","Type":15,"Integer":0,"String":"b","Interface":null}}
2025-08-15T22:12:56.859-0500	DEBUG	protocol/handler.go:619	finalizing round
2025-08-15T22:12:56.859-0500	INFO	protocol/handler.go:560	advanced to round
2025-08-15T22:12:56.859-0500	DEBUG	protocol/handler.go:581	tryAdvanceRound called	{"{current_round 20 1  <nil>}": {"Key":"self","Type":15,"Integer":0,"String":"c","Interface":null}}
2025-08-15T22:12:56.859-0500	DEBUG	protocol/handler.go:1649	have all messages and processed	{"{round 20 1  <nil>}": {"Key":"self","Type":15,"Integer":0,"String":"c","Interface":null}}
2025-08-15T22:12:56.859-0500	DEBUG	protocol/handler.go:619	finalizing round
2025-08-15T22:12:56.864-0500	DEBUG	protocol/handler.go:581	tryAdvanceRound called	{"{current_round 20 1  <nil>}": {"Key":"self","Type":15,"Integer":0,"String":"a","Interface":null}}
2025-08-15T22:12:56.864-0500	DEBUG	protocol/handler.go:1649	have all messages and processed	{"{round 20 1  <nil>}": {"Key":"self","Type":15,"Integer":0,"String":"a","Interface":null}}
2025-08-15T22:12:56.864-0500	DEBUG	protocol/handler.go:596	round already finalized
2025-08-15T22:12:56.864-0500	INFO	protocol/handler.go:611	advancing to next round (already initialized)	{"{from 20 1  <nil>}": {"Key":"to","Type":20,"Integer":2,"String":"","Interface":null}}
2025-08-15T22:12:56.868-0500	DEBUG	protocol/handler.go:954	round already being initialized/finalized, skipping
2025-08-15T22:12:56.868-0500	DEBUG	protocol/handler.go:581	tryAdvanceRound called	{"{current_round 20 2  <nil>}": {"Key":"self","Type":15,"Integer":0,"String":"a","Interface":null}}
2025-08-15T22:12:56.868-0500	DEBUG	protocol/handler.go:1600	waiting for broadcasts	{"{round 20 2  <nil>}": {"Key":"missing","Type":15,"Integer":0,"String":"[b c]","Interface":null}}
2025-08-15T22:12:56.869-0500	DEBUG	protocol/handler.go:954	round already being initialized/finalized, skipping
2025-08-15T22:12:56.870-0500	DEBUG	protocol/handler.go:437	processing message	{"{from 15 0 a <nil>}": {"Key":"to","Type":15,"Integer":0,"String":"","Interface":null}, "{round 20 2  <nil>}": {"Key":"broadcast","Type":4,"Integer":1,"String":"","Interface":null}}
2025-08-15T22:12:56.871-0500	DEBUG	protocol/handler.go:1657	storing broadcast	{"{round 20 2  <nil>}": {"Key":"from","Type":15,"Integer":0,"String":"a","Interface":null}}
2025-08-15T22:12:56.871-0500	DEBUG	protocol/handler.go:470	message for different round (buffering)	{"{msg_round 20 2  <nil>}": {"Key":"current_round","Type":20,"Integer":1,"String":"","Interface":null}}
2025-08-15T22:12:56.871-0500	DEBUG	protocol/handler.go:581	tryAdvanceRound called	{"{current_round 20 1  <nil>}": {"Key":"self","Type":15,"Integer":0,"String":"b","Interface":null}}
2025-08-15T22:12:56.871-0500	DEBUG	protocol/handler.go:1649	have all messages and processed	{"{round 20 1  <nil>}": {"Key":"self","Type":15,"Integer":0,"String":"b","Interface":null}}
2025-08-15T22:12:56.871-0500	DEBUG	protocol/handler.go:596	round already finalized
2025-08-15T22:12:56.872-0500	DEBUG	protocol/handler.go:437	processing message	{"{from 15 0 a <nil>}": {"Key":"to","Type":15,"Integer":0,"String":"","Interface":null}, "{round 20 2  <nil>}": {"Key":"broadcast","Type":4,"Integer":1,"String":"","Interface":null}}
2025-08-15T22:12:56.873-0500	DEBUG	protocol/handler.go:1657	storing broadcast	{"{round 20 2  <nil>}": {"Key":"from","Type":15,"Integer":0,"String":"a","Interface":null}}
2025-08-15T22:12:56.873-0500	DEBUG	protocol/handler.go:470	message for different round (buffering)	{"{msg_round 20 2  <nil>}": {"Key":"current_round","Type":20,"Integer":1,"String":"","Interface":null}}
2025-08-15T22:12:56.873-0500	DEBUG	protocol/handler.go:581	tryAdvanceRound called	{"{current_round 20 1  <nil>}": {"Key":"self","Type":15,"Integer":0,"String":"c","Interface":null}}
2025-08-15T22:12:56.873-0500	DEBUG	protocol/handler.go:1649	have all messages and processed	{"{round 20 1  <nil>}": {"Key":"self","Type":15,"Integer":0,"String":"c","Interface":null}}
2025-08-15T22:12:56.873-0500	DEBUG	protocol/handler.go:596	round already finalized
2025-08-15T22:12:56.875-0500	INFO	protocol/handler.go:560	advanced to round
2025-08-15T22:12:56.875-0500	DEBUG	protocol/handler.go:581	tryAdvanceRound called	{"{current_round 20 2  <nil>}": {"Key":"self","Type":15,"Integer":0,"String":"a","Interface":null}}
2025-08-15T22:12:56.875-0500	DEBUG	protocol/handler.go:1600	waiting for broadcasts	{"{round 20 2  <nil>}": {"Key":"missing","Type":15,"Integer":0,"String":"[b c]","Interface":null}}
2025-08-15T22:12:56.829-0500	DEBUG	protocol/handler.go:391	worker started	{"{id 11 1  <nil>}": {"Key":"priority","Type":4,"Integer":1,"String":"","Interface":null}}
2025-08-15T22:12:56.879-0500	DEBUG	protocol/handler.go:1039	sendRoundMessage	{"{from 15 0 c <nil>}": {"Key":"to","Type":15,"Integer":0,"String":"","Interface":null}, "{round 20 2  <nil>}": {"Key":"broadcast","Type":4,"Integer":1,"String":"","Interface":null}}
2025-08-15T22:12:56.880-0500	DEBUG	protocol/handler.go:1657	storing broadcast	{"{round 20 2  <nil>}": {"Key":"from","Type":15,"Integer":0,"String":"c","Interface":null}}
2025-08-15T22:12:56.880-0500	DEBUG	protocol/handler.go:1081	sent message to output channel	{"{from 15 0 c <nil>}": {"Key":"to","Type":15,"Integer":0,"String":"","Interface":null}, "{round 20 2  <nil>}": {"Key":"broadcast","Type":4,"Integer":1,"String":"","Interface":null}}
2025-08-15T22:12:56.880-0500	DEBUG	protocol/handler.go:1182	finalized round messages	{"{round 20 1  <nil>}": {"Key":"messages","Type":11,"Integer":1,"String":"","Interface":null}}
2025-08-15T22:12:56.880-0500	DEBUG	protocol/handler.go:1239	finalize returned next round	{"{current 20 1  <nil>}": {"Key":"next","Type":20,"Integer":2,"String":"","Interface":null}}
2025-08-15T22:12:56.880-0500	INFO	protocol/handler.go:642	storing new currentRound	{"{from 20 1  <nil>}": {"Key":"to","Type":20,"Integer":2,"String":"","Interface":null}}
2025-08-15T22:12:56.881-0500	DEBUG	protocol/handler.go:1503	processing queued messages
2025-08-15T22:12:56.881-0500	INFO	protocol/handler.go:560	advanced to round
2025-08-15T22:12:56.881-0500	DEBUG	protocol/handler.go:581	tryAdvanceRound called	{"{current_round 20 2  <nil>}": {"Key":"self","Type":15,"Integer":0,"String":"c","Interface":null}}
2025-08-15T22:12:56.881-0500	DEBUG	protocol/handler.go:437	processing message	{"{from 15 0 c <nil>}": {"Key":"to","Type":15,"Integer":0,"String":"","Interface":null}, "{round 20 2  <nil>}": {"Key":"broadcast","Type":4,"Integer":1,"String":"","Interface":null}}
2025-08-15T22:12:56.881-0500	DEBUG	protocol/handler.go:1503	processing queued messages
2025-08-15T22:12:56.881-0500	DEBUG	protocol/handler.go:1657	storing broadcast	{"{round 20 2  <nil>}": {"Key":"from","Type":15,"Integer":0,"String":"c","Interface":null}}
2025-08-15T22:12:56.881-0500	DEBUG	protocol/handler.go:470	message for different round (buffering)	{"{msg_round 20 2  <nil>}": {"Key":"current_round","Type":20,"Integer":1,"String":"","Interface":null}}
2025-08-15T22:12:56.881-0500	DEBUG	protocol/handler.go:437	processing message	{"{from 15 0 c <nil>}": {"Key":"to","Type":15,"Integer":0,"String":"","Interface":null}, "{round 20 2  <nil>}": {"Key":"broadcast","Type":4,"Integer":1,"String":"","Interface":null}}
2025-08-15T22:12:56.881-0500	DEBUG	protocol/handler.go:581	tryAdvanceRound called	{"{current_round 20 1  <nil>}": {"Key":"self","Type":15,"Integer":0,"String":"b","Interface":null}}
2025-08-15T22:12:56.881-0500	DEBUG	protocol/handler.go:1657	storing broadcast	{"{round 20 2  <nil>}": {"Key":"from","Type":15,"Integer":0,"String":"c","Interface":null}}
2025-08-15T22:12:56.881-0500	DEBUG	protocol/handler.go:1649	have all messages and processed	{"{round 20 1  <nil>}": {"Key":"self","Type":15,"Integer":0,"String":"b","Interface":null}}
2025-08-15T22:12:56.882-0500	DEBUG	protocol/handler.go:596	round already finalized
2025-08-15T22:12:56.883-0500	DEBUG	protocol/handler.go:1039	sendRoundMessage	{"{from 15 0 b <nil>}": {"Key":"to","Type":15,"Integer":0,"String":"","Interface":null}, "{round 20 2  <nil>}": {"Key":"broadcast","Type":4,"Integer":1,"String":"","Interface":null}}
2025-08-15T22:12:56.884-0500	DEBUG	protocol/handler.go:1657	storing broadcast	{"{round 20 2  <nil>}": {"Key":"from","Type":15,"Integer":0,"String":"b","Interface":null}}
2025-08-15T22:12:56.884-0500	DEBUG	protocol/handler.go:1081	sent message to output channel	{"{from 15 0 b <nil>}": {"Key":"to","Type":15,"Integer":0,"String":"","Interface":null}, "{round 20 2  <nil>}": {"Key":"broadcast","Type":4,"Integer":1,"String":"","Interface":null}}
2025-08-15T22:12:56.884-0500	DEBUG	protocol/handler.go:1182	finalized round messages	{"{round 20 1  <nil>}": {"Key":"messages","Type":11,"Integer":1,"String":"","Interface":null}}
2025-08-15T22:12:56.884-0500	DEBUG	protocol/handler.go:1239	finalize returned next round	{"{current 20 1  <nil>}": {"Key":"next","Type":20,"Integer":2,"String":"","Interface":null}}
2025-08-15T22:12:56.884-0500	DEBUG	protocol/handler.go:437	processing message	{"{from 15 0 b <nil>}": {"Key":"to","Type":15,"Integer":0,"String":"","Interface":null}, "{round 20 2  <nil>}": {"Key":"broadcast","Type":4,"Integer":1,"String":"","Interface":null}}
2025-08-15T22:12:56.884-0500	INFO	protocol/handler.go:642	storing new currentRound	{"{from 20 1  <nil>}": {"Key":"to","Type":20,"Integer":2,"String":"","Interface":null}}
2025-08-15T22:12:56.884-0500	DEBUG	protocol/handler.go:1503	processing queued messages
2025-08-15T22:12:56.884-0500	DEBUG	protocol/handler.go:1657	storing broadcast	{"{round 20 2  <nil>}": {"Key":"from","Type":15,"Integer":0,"String":"b","Interface":null}}
2025-08-15T22:12:56.884-0500	INFO	protocol/handler.go:560	advanced to round
2025-08-15T22:12:56.884-0500	DEBUG	protocol/handler.go:581	tryAdvanceRound called	{"{current_round 20 2  <nil>}": {"Key":"self","Type":15,"Integer":0,"String":"b","Interface":null}}
2025-08-15T22:12:56.884-0500	DEBUG	protocol/handler.go:581	tryAdvanceRound called	{"{current_round 20 2  <nil>}": {"Key":"self","Type":15,"Integer":0,"String":"a","Interface":null}}
2025-08-15T22:12:56.884-0500	DEBUG	protocol/handler.go:437	processing message	{"{from 15 0 b <nil>}": {"Key":"to","Type":15,"Integer":0,"String":"","Interface":null}, "{round 20 2  <nil>}": {"Key":"broadcast","Type":4,"Integer":1,"String":"","Interface":null}}
2025-08-15T22:12:56.884-0500	DEBUG	protocol/handler.go:1657	storing broadcast	{"{round 20 2  <nil>}": {"Key":"from","Type":15,"Integer":0,"String":"b","Interface":null}}
2025-08-15T22:12:56.886-0500	DEBUG	protocol/handler.go:1503	processing queued messages
2025-08-15T22:12:56.890-0500	DEBUG	protocol/handler.go:581	tryAdvanceRound called	{"{current_round 20 2  <nil>}": {"Key":"self","Type":15,"Integer":0,"String":"a","Interface":null}}
2025-08-15T22:12:56.892-0500	DEBUG	protocol/handler.go:581	tryAdvanceRound called	{"{current_round 20 2  <nil>}": {"Key":"self","Type":15,"Integer":0,"String":"a","Interface":null}}
2025-08-15T22:12:56.892-0500	DEBUG	protocol/handler.go:1591	have processed broadcast	{"{round 20 2  <nil>}": {"Key":"from","Type":15,"Integer":0,"String":"b","Interface":null}}
2025-08-15T22:12:56.892-0500	DEBUG	protocol/handler.go:1591	have processed broadcast	{"{round 20 2  <nil>}": {"Key":"from","Type":15,"Integer":0,"String":"c","Interface":null}}
2025-08-15T22:12:56.892-0500	DEBUG	protocol/handler.go:1649	have all messages and processed	{"{round 20 2  <nil>}": {"Key":"self","Type":15,"Integer":0,"String":"a","Interface":null}}
2025-08-15T22:12:56.892-0500	DEBUG	protocol/handler.go:619	finalizing round
2025-08-15T22:12:56.893-0500	DEBUG	protocol/handler.go:581	tryAdvanceRound called	{"{current_round 20 2  <nil>}": {"Key":"self","Type":15,"Integer":0,"String":"c","Interface":null}}
2025-08-15T22:12:56.893-0500	DEBUG	protocol/handler.go:1591	have processed broadcast	{"{round 20 2  <nil>}": {"Key":"from","Type":15,"Integer":0,"String":"a","Interface":null}}
2025-08-15T22:12:56.893-0500	DEBUG	protocol/handler.go:1591	have processed broadcast	{"{round 20 2  <nil>}": {"Key":"from","Type":15,"Integer":0,"String":"b","Interface":null}}
2025-08-15T22:12:56.893-0500	DEBUG	protocol/handler.go:1649	have all messages and processed	{"{round 20 2  <nil>}": {"Key":"self","Type":15,"Integer":0,"String":"c","Interface":null}}
2025-08-15T22:12:56.893-0500	DEBUG	protocol/handler.go:619	finalizing round
2025-08-15T22:12:56.893-0500	DEBUG	protocol/handler.go:1039	sendRoundMessage	{"{from 15 0 a <nil>}": {"Key":"to","Type":15,"Integer":0,"String":"","Interface":null}, "{round 20 3  <nil>}": {"Key":"broadcast","Type":4,"Integer":1,"String":"","Interface":null}}
2025-08-15T22:12:56.893-0500	DEBUG	protocol/handler.go:1591	have processed broadcast	{"{round 20 2  <nil>}": {"Key":"from","Type":15,"Integer":0,"String":"a","Interface":null}}
2025-08-15T22:12:56.893-0500	DEBUG	protocol/handler.go:1039	sendRoundMessage	{"{from 15 0 c <nil>}": {"Key":"to","Type":15,"Integer":0,"String":"","Interface":null}, "{round 20 3  <nil>}": {"Key":"broadcast","Type":4,"Integer":1,"String":"","Interface":null}}
2025-08-15T22:12:56.893-0500	DEBUG	protocol/handler.go:1591	have processed broadcast	{"{round 20 2  <nil>}": {"Key":"from","Type":15,"Integer":0,"String":"c","Interface":null}}
2025-08-15T22:12:56.893-0500	DEBUG	protocol/handler.go:1649	have all messages and processed	{"{round 20 2  <nil>}": {"Key":"self","Type":15,"Integer":0,"String":"b","Interface":null}}
==================
WARNING: DATA RACE
Write at 0x00c000a7a18c by goroutine 1072:
  ??()
      -:0 +0x104ada650
  sync/atomic.CompareAndSwapInt32()
      <autogenerated>:1 +0x18
  sync.(*Mutex).Lock()
      /opt/homebrew/Cellar/go/1.24.6/libexec/src/sync/mutex.go:46 +0x2c
  github.com/luxfi/threshold/protocols/frost/keygen.(*round2).StoreBroadcastMessage()
      /Users/z/work/lux/threshold/protocols/frost/keygen/round2.go:57 +0x58
  github.com/luxfi/threshold/pkg/protocol.(*Handler).verifyBroadcastForRound()
      /Users/z/work/lux/threshold/pkg/protocol/handler.go:1277 +0x3a0
  github.com/luxfi/threshold/pkg/protocol.(*Handler).retryUnprocessedMessages()
      /Users/z/work/lux/threshold/pkg/protocol/handler.go:1483 +0x22c
  github.com/luxfi/threshold/pkg/protocol.(*Handler).tryAdvanceRound()
      /Users/z/work/lux/threshold/pkg/protocol/handler.go:587 +0x28c
  github.com/luxfi/threshold/pkg/protocol.(*Handler).processMessage()
      /Users/z/work/lux/threshold/pkg/protocol/handler.go:486 +0xbb0
  github.com/luxfi/threshold/pkg/protocol.(*Handler).messageWorker()
      /Users/z/work/lux/threshold/pkg/protocol/handler.go:408 +0x338
  github.com/luxfi/threshold/pkg/protocol.(*Handler).startWorkers.gowrap2()
      /Users/z/work/lux/threshold/pkg/protocol/handler.go:361 +0x44

Previous read at 0x00c000a7a188 by goroutine 1075:
  github.com/luxfi/threshold/protocols/frost/keygen.(*round2).Number()
      <autogenerated>:1 +0x38
  github.com/luxfi/threshold/pkg/protocol.(*Handler).finalizeRound()
      /Users/z/work/lux/threshold/pkg/protocol/handler.go:1144 +0x40
  github.com/luxfi/threshold/pkg/protocol.(*Handler).tryAdvanceRound()
      /Users/z/work/lux/threshold/pkg/protocol/handler.go:622 +0xae4
  github.com/luxfi/threshold/pkg/protocol.(*Handler).processMessage()
      /Users/z/work/lux/threshold/pkg/protocol/handler.go:486 +0xbb0
  github.com/luxfi/threshold/pkg/protocol.(*Handler).messageWorker()
      /Users/z/work/lux/threshold/pkg/protocol/handler.go:408 +0x338
  github.com/luxfi/threshold/pkg/protocol.(*Handler).startWorkers.gowrap2()
      /Users/z/work/lux/threshold/pkg/protocol/handler.go:361 +0x44

Goroutine 1072 (running) created at:
  github.com/luxfi/threshold/pkg/protocol.(*Handler).startWorkers()
      /Users/z/work/lux/threshold/pkg/protocol/handler.go:361 +0x334
  github.com/luxfi/threshold/pkg/protocol.NewHandler()
      /Users/z/work/lux/threshold/pkg/protocol/handler.go:247 +0xf10
  github.com/luxfi/threshold/internal/test.(*Harness).CreateHandler()
      /Users/z/work/lux/threshold/internal/test/harness.go:91 +0x2e4
  github.com/luxfi/threshold/internal/test.RunProtocol()
      /Users/z/work/lux/threshold/internal/test/harness.go:270 +0x230
  github.com/luxfi/threshold/protocols/frost_test.TestDebugKeygen()
      /Users/z/work/lux/threshold/protocols/frost/debug_keygen_test.go:24 +0x1dc
  testing.tRunner()
      /opt/homebrew/Cellar/go/1.24.6/libexec/src/testing/testing.go:1792 +0x180
  testing.(*T).Run.gowrap1()
      /opt/homebrew/Cellar/go/1.24.6/libexec/src/testing/testing.go:1851 +0x40

Goroutine 1075 (running) created at:
  github.com/luxfi/threshold/pkg/protocol.(*Handler).startWorkers()
      /Users/z/work/lux/threshold/pkg/protocol/handler.go:361 +0x334
  github.com/luxfi/threshold/pkg/protocol.NewHandler()
      /Users/z/work/lux/threshold/pkg/protocol/handler.go:247 +0xf10
  github.com/luxfi/threshold/internal/test.(*Harness).CreateHandler()
      /Users/z/work/lux/threshold/internal/test/harness.go:91 +0x2e4
  github.com/luxfi/threshold/internal/test.RunProtocol()
      /Users/z/work/lux/threshold/internal/test/harness.go:270 +0x230
  github.com/luxfi/threshold/protocols/frost_test.TestDebugKeygen()
      /Users/z/work/lux/threshold/protocols/frost/debug_keygen_test.go:24 +0x1dc
  testing.tRunner()
      /opt/homebrew/Cellar/go/1.24.6/libexec/src/testing/testing.go:1792 +0x180
  testing.(*T).Run.gowrap1()
      /opt/homebrew/Cellar/go/1.24.6/libexec/src/testing/testing.go:1851 +0x40
==================
2025-08-15T22:12:56.893-0500	DEBUG	protocol/handler.go:1657	storing broadcast	{"{round 20 3  <nil>}": {"Key":"from","Type":15,"Integer":0,"String":"a","Interface":null}}
2025-08-15T22:12:56.893-0500	DEBUG	protocol/handler.go:1591	have processed broadcast	{"{round 20 2  <nil>}": {"Key":"from","Type":15,"Integer":0,"String":"b","Interface":null}}
2025-08-15T22:12:56.893-0500	DEBUG	protocol/handler.go:1657	storing broadcast	{"{round 20 3  <nil>}": {"Key":"from","Type":15,"Integer":0,"String":"c","Interface":null}}
2025-08-15T22:12:56.893-0500	DEBUG	protocol/handler.go:1081	sent message to output channel	{"{from 15 0 a <nil>}": {"Key":"to","Type":15,"Integer":0,"String":"","Interface":null}, "{round 20 3  <nil>}": {"Key":"broadcast","Type":4,"Integer":1,"String":"","Interface":null}}
2025-08-15T22:12:56.893-0500	DEBUG	protocol/handler.go:437	processing message	{"{from 15 0 a <nil>}": {"Key":"to","Type":15,"Integer":0,"String":"","Interface":null}, "{round 20 3  <nil>}": {"Key":"broadcast","Type":4,"Integer":1,"String":"","Interface":null}}
2025-08-15T22:12:56.893-0500	DEBUG	protocol/handler.go:1039	sendRoundMessage	{"{from 15 0 a <nil>}": {"Key":"to","Type":15,"Integer":0,"String":"b","Interface":null}, "{round 20 3  <nil>}": {"Key":"broadcast","Type":4,"Integer":0,"String":"","Interface":null}}
2025-08-15T22:12:56.893-0500	DEBUG	protocol/handler.go:437	processing message	{"{from 15 0 a <nil>}": {"Key":"to","Type":15,"Integer":0,"String":"","Interface":null}, "{round 20 3  <nil>}": {"Key":"broadcast","Type":4,"Integer":1,"String":"","Interface":null}}
2025-08-15T22:12:56.894-0500	DEBUG	protocol/handler.go:1657	storing broadcast	{"{round 20 3  <nil>}": {"Key":"from","Type":15,"Integer":0,"String":"a","Interface":null}}
2025-08-15T22:12:56.894-0500	DEBUG	protocol/handler.go:437	processing message	{"{from 15 0 c <nil>}": {"Key":"to","Type":15,"Integer":0,"String":"","Interface":null}, "{round 20 3  <nil>}": {"Key":"broadcast","Type":4,"Integer":1,"String":"","Interface":null}}
2025-08-15T22:12:56.894-0500	DEBUG	protocol/handler.go:1657	storing broadcast	{"{round 20 3  <nil>}": {"Key":"from","Type":15,"Integer":0,"String":"a","Interface":null}}
2025-08-15T22:12:56.893-0500	DEBUG	protocol/handler.go:1591	have processed broadcast	{"{round 20 2  <nil>}": {"Key":"from","Type":15,"Integer":0,"String":"c","Interface":null}}
2025-08-15T22:12:56.894-0500	DEBUG	protocol/handler.go:1081	sent message to output channel	{"{from 15 0 a <nil>}": {"Key":"to","Type":15,"Integer":0,"String":"b","Interface":null}, "{round 20 3  <nil>}": {"Key":"broadcast","Type":4,"Integer":0,"String":"","Interface":null}}
2025-08-15T22:12:56.894-0500	DEBUG	protocol/handler.go:1657	storing broadcast	{"{round 20 3  <nil>}": {"Key":"from","Type":15,"Integer":0,"String":"c","Interface":null}}
2025-08-15T22:12:56.894-0500	DEBUG	protocol/handler.go:1649	have all messages and processed	{"{round 20 2  <nil>}": {"Key":"self","Type":15,"Integer":0,"String":"a","Interface":null}}
2025-08-15T22:12:56.894-0500	DEBUG	protocol/handler.go:1039	sendRoundMessage	{"{from 15 0 a <nil>}": {"Key":"to","Type":15,"Integer":0,"String":"c","Interface":null}, "{round 20 3  <nil>}": {"Key":"broadcast","Type":4,"Integer":0,"String":"","Interface":null}}
2025-08-15T22:12:56.894-0500	DEBUG	protocol/handler.go:596	round already finalized
2025-08-15T22:12:56.894-0500	DEBUG	protocol/handler.go:470	message for different round (buffering)	{"{msg_round 20 3  <nil>}": {"Key":"current_round","Type":20,"Integer":2,"String":"","Interface":null}}
2025-08-15T22:12:56.894-0500	DEBUG	protocol/handler.go:470	message for different round (buffering)	{"{msg_round 20 3  <nil>}": {"Key":"current_round","Type":20,"Integer":2,"String":"","Interface":null}}
2025-08-15T22:12:56.894-0500	DEBUG	protocol/handler.go:437	processing message	{"{from 15 0 c <nil>}": {"Key":"to","Type":15,"Integer":0,"String":"","Interface":null}, "{round 20 3  <nil>}": {"Key":"broadcast","Type":4,"Integer":1,"String":"","Interface":null}}
2025-08-15T22:12:56.894-0500	DEBUG	protocol/handler.go:581	tryAdvanceRound called	{"{current_round 20 2  <nil>}": {"Key":"self","Type":15,"Integer":0,"String":"b","Interface":null}}
2025-08-15T22:12:56.894-0500	DEBUG	protocol/handler.go:1081	sent message to output channel	{"{from 15 0 a <nil>}": {"Key":"to","Type":15,"Integer":0,"String":"c","Interface":null}, "{round 20 3  <nil>}": {"Key":"broadcast","Type":4,"Integer":0,"String":"","Interface":null}}
2025-08-15T22:12:56.894-0500	DEBUG	protocol/handler.go:1657	storing broadcast	{"{round 20 3  <nil>}": {"Key":"from","Type":15,"Integer":0,"String":"c","Interface":null}}
2025-08-15T22:12:56.894-0500	DEBUG	protocol/handler.go:1182	finalized round messages	{"{round 20 2  <nil>}": {"Key":"messages","Type":11,"Integer":3,"String":"","Interface":null}}
2025-08-15T22:12:56.894-0500	DEBUG	protocol/handler.go:470	message for different round (buffering)	{"{msg_round 20 3  <nil>}": {"Key":"current_round","Type":20,"Integer":2,"String":"","Interface":null}}
2025-08-15T22:12:56.894-0500	DEBUG	protocol/handler.go:1239	finalize returned next round	{"{current 20 2  <nil>}": {"Key":"next","Type":20,"Integer":3,"String":"","Interface":null}}
2025-08-15T22:12:56.893-0500	DEBUG	protocol/handler.go:1081	sent message to output channel	{"{from 15 0 c <nil>}": {"Key":"to","Type":15,"Integer":0,"String":"","Interface":null}, "{round 20 3  <nil>}": {"Key":"broadcast","Type":4,"Integer":1,"String":"","Interface":null}}
2025-08-15T22:12:56.894-0500	DEBUG	protocol/handler.go:581	tryAdvanceRound called	{"{current_round 20 2  <nil>}": {"Key":"self","Type":15,"Integer":0,"String":"b","Interface":null}}
2025-08-15T22:12:56.894-0500	DEBUG	protocol/handler.go:581	tryAdvanceRound called	{"{current_round 20 2  <nil>}": {"Key":"self","Type":15,"Integer":0,"String":"a","Interface":null}}
2025-08-15T22:12:56.893-0500	DEBUG	protocol/handler.go:619	finalizing round
2025-08-15T22:12:56.894-0500	DEBUG	protocol/handler.go:470	message for different round (buffering)	{"{msg_round 20 3  <nil>}": {"Key":"current_round","Type":20,"Integer":2,"String":"","Interface":null}}
2025-08-15T22:12:56.894-0500	DEBUG	protocol/handler.go:1591	have processed broadcast	{"{round 20 2  <nil>}": {"Key":"from","Type":15,"Integer":0,"String":"b","Interface":null}}
2025-08-15T22:12:56.894-0500	DEBUG	protocol/handler.go:1591	have processed broadcast	{"{round 20 2  <nil>}": {"Key":"from","Type":15,"Integer":0,"String":"c","Interface":null}}
2025-08-15T22:12:56.894-0500	DEBUG	protocol/handler.go:1649	have all messages and processed	{"{round 20 2  <nil>}": {"Key":"self","Type":15,"Integer":0,"String":"a","Interface":null}}
2025-08-15T22:12:56.894-0500	DEBUG	protocol/handler.go:581	tryAdvanceRound called	{"{current_round 20 2  <nil>}": {"Key":"self","Type":15,"Integer":0,"String":"c","Interface":null}}
2025-08-15T22:12:56.894-0500	DEBUG	protocol/handler.go:1039	sendRoundMessage	{"{from 15 0 b <nil>}": {"Key":"to","Type":15,"Integer":0,"String":"","Interface":null}, "{round 20 3  <nil>}": {"Key":"broadcast","Type":4,"Integer":1,"String":"","Interface":null}}
2025-08-15T22:12:56.894-0500	DEBUG	protocol/handler.go:1591	have processed broadcast	{"{round 20 2  <nil>}": {"Key":"from","Type":15,"Integer":0,"String":"a","Interface":null}}
2025-08-15T22:12:56.894-0500	DEBUG	protocol/handler.go:1657	storing broadcast	{"{round 20 3  <nil>}": {"Key":"from","Type":15,"Integer":0,"String":"b","Interface":null}}
2025-08-15T22:12:56.894-0500	DEBUG	protocol/handler.go:1081	sent message to output channel	{"{from 15 0 b <nil>}": {"Key":"to","Type":15,"Integer":0,"String":"","Interface":null}, "{round 20 3  <nil>}": {"Key":"broadcast","Type":4,"Integer":1,"String":"","Interface":null}}
2025-08-15T22:12:56.894-0500	DEBUG	protocol/handler.go:1591	have processed broadcast	{"{round 20 2  <nil>}": {"Key":"from","Type":15,"Integer":0,"String":"a","Interface":null}}
2025-08-15T22:12:56.894-0500	DEBUG	protocol/handler.go:1039	sendRoundMessage	{"{from 15 0 b <nil>}": {"Key":"to","Type":15,"Integer":0,"String":"a","Interface":null}, "{round 20 3  <nil>}": {"Key":"broadcast","Type":4,"Integer":0,"String":"","Interface":null}}
2025-08-15T22:12:56.894-0500	DEBUG	protocol/handler.go:1081	sent message to output channel	{"{from 15 0 b <nil>}": {"Key":"to","Type":15,"Integer":0,"String":"a","Interface":null}, "{round 20 3  <nil>}": {"Key":"broadcast","Type":4,"Integer":0,"String":"","Interface":null}}
2025-08-15T22:12:56.894-0500	DEBUG	protocol/handler.go:1039	sendRoundMessage	{"{from 15 0 b <nil>}": {"Key":"to","Type":15,"Integer":0,"String":"c","Interface":null}, "{round 20 3  <nil>}": {"Key":"broadcast","Type":4,"Integer":0,"String":"","Interface":null}}
2025-08-15T22:12:56.894-0500	DEBUG	protocol/handler.go:1591	have processed broadcast	{"{round 20 2  <nil>}": {"Key":"from","Type":15,"Integer":0,"String":"b","Interface":null}}
2025-08-15T22:12:56.895-0500	DEBUG	protocol/handler.go:1081	sent message to output channel	{"{from 15 0 b <nil>}": {"Key":"to","Type":15,"Integer":0,"String":"c","Interface":null}, "{round 20 3  <nil>}": {"Key":"broadcast","Type":4,"Integer":0,"String":"","Interface":null}}
2025-08-15T22:12:56.895-0500	DEBUG	protocol/handler.go:1182	finalized round messages	{"{round 20 2  <nil>}": {"Key":"messages","Type":11,"Integer":3,"String":"","Interface":null}}
2025-08-15T22:12:56.895-0500	DEBUG	protocol/handler.go:1239	finalize returned next round	{"{current 20 2  <nil>}": {"Key":"next","Type":20,"Integer":3,"String":"","Interface":null}}
2025-08-15T22:12:56.895-0500	DEBUG	protocol/handler.go:1649	have all messages and processed	{"{round 20 2  <nil>}": {"Key":"self","Type":15,"Integer":0,"String":"c","Interface":null}}
2025-08-15T22:12:56.895-0500	DEBUG	protocol/handler.go:596	round already finalized
2025-08-15T22:12:56.895-0500	DEBUG	protocol/handler.go:432	processMessage: p2p round 3 START	{"{from 15 0 b <nil>}": {"Key":"to","Type":15,"Integer":0,"String":"a","Interface":null}}
2025-08-15T22:12:56.895-0500	DEBUG	protocol/handler.go:437	processing message	{"{from 15 0 b <nil>}": {"Key":"to","Type":15,"Integer":0,"String":"a","Interface":null}, "{round 20 3  <nil>}": {"Key":"broadcast","Type":4,"Integer":0,"String":"","Interface":null}}
2025-08-15T22:12:56.895-0500	DEBUG	protocol/handler.go:437	processing message	{"{from 15 0 b <nil>}": {"Key":"to","Type":15,"Integer":0,"String":"","Interface":null}, "{round 20 3  <nil>}": {"Key":"broadcast","Type":4,"Integer":1,"String":"","Interface":null}}
2025-08-15T22:12:56.895-0500	DEBUG	protocol/handler.go:1662	storing message	{"{round 20 3  <nil>}": {"Key":"from","Type":15,"Integer":0,"String":"b","Interface":null}}
2025-08-15T22:12:56.895-0500	DEBUG	protocol/handler.go:1657	storing broadcast	{"{round 20 3  <nil>}": {"Key":"from","Type":15,"Integer":0,"String":"b","Interface":null}}
2025-08-15T22:12:56.895-0500	DEBUG	protocol/handler.go:581	tryAdvanceRound called	{"{current_round 20 3  <nil>}": {"Key":"self","Type":15,"Integer":0,"String":"a","Interface":null}}
2025-08-15T22:12:56.895-0500	DEBUG	protocol/handler.go:470	message for different round (buffering)	{"{msg_round 20 3  <nil>}": {"Key":"current_round","Type":20,"Integer":2,"String":"","Interface":null}}
2025-08-15T22:12:56.895-0500	DEBUG	protocol/handler.go:581	tryAdvanceRound called	{"{current_round 20 2  <nil>}": {"Key":"self","Type":15,"Integer":0,"String":"c","Interface":null}}
2025-08-15T22:12:56.895-0500	DEBUG	protocol/handler.go:1306	waiting for broadcast before normal message
2025-08-15T22:12:56.895-0500	DEBUG	protocol/handler.go:1591	have processed broadcast	{"{round 20 2  <nil>}": {"Key":"from","Type":15,"Integer":0,"String":"a","Interface":null}}
2025-08-15T22:12:56.895-0500	DEBUG	protocol/handler.go:1591	have processed broadcast	{"{round 20 3  <nil>}": {"Key":"from","Type":15,"Integer":0,"String":"c","Interface":null}}
2025-08-15T22:12:56.895-0500	DEBUG	protocol/handler.go:432	processMessage: p2p round 3 START	{"{from 15 0 b <nil>}": {"Key":"to","Type":15,"Integer":0,"String":"c","Interface":null}}
2025-08-15T22:12:56.895-0500	DEBUG	protocol/handler.go:1591	have processed broadcast	{"{round 20 2  <nil>}": {"Key":"from","Type":15,"Integer":0,"String":"b","Interface":null}}
2025-08-15T22:12:56.895-0500	DEBUG	protocol/handler.go:1600	waiting for broadcasts	{"{round 20 3  <nil>}": {"Key":"missing","Type":15,"Integer":0,"String":"[b]","Interface":null}}
2025-08-15T22:12:56.894-0500	DEBUG	protocol/handler.go:1591	have processed broadcast	{"{round 20 2  <nil>}": {"Key":"from","Type":15,"Integer":0,"String":"c","Interface":null}}
2025-08-15T22:12:56.895-0500	DEBUG	protocol/handler.go:437	processing message	{"{from 15 0 b <nil>}": {"Key":"to","Type":15,"Integer":0,"String":"c","Interface":null}, "{round 20 3  <nil>}": {"Key":"broadcast","Type":4,"Integer":0,"String":"","Interface":null}}
2025-08-15T22:12:56.895-0500	DEBUG	protocol/handler.go:1649	have all messages and processed	{"{round 20 2  <nil>}": {"Key":"self","Type":15,"Integer":0,"String":"c","Interface":null}}
2025-08-15T22:12:56.895-0500	DEBUG	protocol/handler.go:1649	have all messages and processed	{"{round 20 2  <nil>}": {"Key":"self","Type":15,"Integer":0,"String":"b","Interface":null}}
2025-08-15T22:12:56.895-0500	DEBUG	protocol/handler.go:596	round already finalized
2025-08-15T22:12:56.895-0500	INFO	protocol/handler.go:642	storing new currentRound	{"{from 20 2  <nil>}": {"Key":"to","Type":20,"Integer":3,"String":"","Interface":null}}
2025-08-15T22:12:56.895-0500	DEBUG	protocol/handler.go:1662	storing message	{"{round 20 3  <nil>}": {"Key":"from","Type":15,"Integer":0,"String":"b","Interface":null}}
2025-08-15T22:12:56.895-0500	DEBUG	protocol/handler.go:596	round already finalized
2025-08-15T22:12:56.895-0500	DEBUG	protocol/handler.go:1503	processing queued messages
2025-08-15T22:12:56.895-0500	DEBUG	protocol/handler.go:470	message for different round (buffering)	{"{msg_round 20 3  <nil>}": {"Key":"current_round","Type":20,"Integer":2,"String":"","Interface":null}}
2025-08-15T22:12:56.894-0500	INFO	protocol/handler.go:642	storing new currentRound	{"{from 20 2  <nil>}": {"Key":"to","Type":20,"Integer":3,"String":"","Interface":null}}
2025-08-15T22:12:56.895-0500	DEBUG	protocol/handler.go:1503	processing queued messages
2025-08-15T22:12:56.895-0500	DEBUG	protocol/handler.go:581	tryAdvanceRound called	{"{current_round 20 2  <nil>}": {"Key":"self","Type":15,"Integer":0,"String":"c","Interface":null}}
2025-08-15T22:12:56.895-0500	DEBUG	protocol/handler.go:1503	processing queued messages
2025-08-15T22:12:56.895-0500	DEBUG	protocol/handler.go:1503	processing queued messages
2025-08-15T22:12:56.895-0500	DEBUG	protocol/handler.go:1591	have processed broadcast	{"{round 20 2  <nil>}": {"Key":"from","Type":15,"Integer":0,"String":"a","Interface":null}}
2025-08-15T22:12:56.895-0500	DEBUG	protocol/handler.go:1591	have processed broadcast	{"{round 20 2  <nil>}": {"Key":"from","Type":15,"Integer":0,"String":"b","Interface":null}}
2025-08-15T22:12:56.896-0500	DEBUG	protocol/handler.go:1649	have all messages and processed	{"{round 20 2  <nil>}": {"Key":"self","Type":15,"Integer":0,"String":"c","Interface":null}}
2025-08-15T22:12:56.896-0500	DEBUG	protocol/handler.go:596	round already finalized
2025-08-15T22:12:56.894-0500	DEBUG	protocol/handler.go:596	round already finalized
2025-08-15T22:12:56.896-0500	DEBUG	protocol/handler.go:600	current round already advanced	{"{checking 20 2  <nil>}": {"Key":"current","Type":20,"Integer":3,"String":"","Interface":null}}
2025-08-15T22:12:56.895-0500	DEBUG	protocol/handler.go:600	current round already advanced	{"{checking 20 2  <nil>}": {"Key":"current","Type":20,"Integer":3,"String":"","Interface":null}}
2025-08-15T22:12:56.894-0500	DEBUG	protocol/handler.go:432	processMessage: p2p round 3 START	{"{from 15 0 a <nil>}": {"Key":"to","Type":15,"Integer":0,"String":"c","Interface":null}}
2025-08-15T22:12:56.896-0500	DEBUG	protocol/handler.go:437	processing message	{"{from 15 0 a <nil>}": {"Key":"to","Type":15,"Integer":0,"String":"c","Interface":null}, "{round 20 3  <nil>}": {"Key":"broadcast","Type":4,"Integer":0,"String":"","Interface":null}}
2025-08-15T22:12:56.896-0500	DEBUG	protocol/handler.go:1662	storing message	{"{round 20 3  <nil>}": {"Key":"from","Type":15,"Integer":0,"String":"a","Interface":null}}
2025-08-15T22:12:56.896-0500	DEBUG	protocol/handler.go:470	message for different round (buffering)	{"{msg_round 20 3  <nil>}": {"Key":"current_round","Type":20,"Integer":2,"String":"","Interface":null}}
2025-08-15T22:12:56.896-0500	DEBUG	protocol/handler.go:581	tryAdvanceRound called	{"{current_round 20 2  <nil>}": {"Key":"self","Type":15,"Integer":0,"String":"c","Interface":null}}
2025-08-15T22:12:56.896-0500	DEBUG	protocol/handler.go:1591	have processed broadcast	{"{round 20 2  <nil>}": {"Key":"from","Type":15,"Integer":0,"String":"a","Interface":null}}
2025-08-15T22:12:56.895-0500	DEBUG	protocol/handler.go:437	processing message	{"{from 15 0 b <nil>}": {"Key":"to","Type":15,"Integer":0,"String":"","Interface":null}, "{round 20 3  <nil>}": {"Key":"broadcast","Type":4,"Integer":1,"String":"","Interface":null}}
2025-08-15T22:12:56.896-0500	DEBUG	protocol/handler.go:1657	storing broadcast	{"{round 20 3  <nil>}": {"Key":"from","Type":15,"Integer":0,"String":"b","Interface":null}}
2025-08-15T22:12:56.896-0500	DEBUG	protocol/handler.go:581	tryAdvanceRound called	{"{current_round 20 3  <nil>}": {"Key":"self","Type":15,"Integer":0,"String":"a","Interface":null}}
2025-08-15T22:12:56.895-0500	INFO	protocol/handler.go:560	advanced to round
2025-08-15T22:12:56.897-0500	DEBUG	protocol/handler.go:581	tryAdvanceRound called	{"{current_round 20 3  <nil>}": {"Key":"self","Type":15,"Integer":0,"String":"b","Interface":null}}
2025-08-15T22:12:56.897-0500	DEBUG	protocol/handler.go:1591	have processed broadcast	{"{round 20 3  <nil>}": {"Key":"from","Type":15,"Integer":0,"String":"a","Interface":null}}
2025-08-15T22:12:56.897-0500	DEBUG	protocol/handler.go:1591	have processed broadcast	{"{round 20 3  <nil>}": {"Key":"from","Type":15,"Integer":0,"String":"c","Interface":null}}
2025-08-15T22:12:56.897-0500	DEBUG	protocol/handler.go:1635	waiting for messages	{"{round 20 3  <nil>}": {"Key":"missing","Type":15,"Integer":0,"String":"[a c]","Interface":null}}
2025-08-15T22:12:56.894-0500	DEBUG	protocol/handler.go:1591	have processed broadcast	{"{round 20 2  <nil>}": {"Key":"from","Type":15,"Integer":0,"String":"a","Interface":null}}
2025-08-15T22:12:56.897-0500	DEBUG	protocol/handler.go:1591	have processed broadcast	{"{round 20 2  <nil>}": {"Key":"from","Type":15,"Integer":0,"String":"c","Interface":null}}
2025-08-15T22:12:56.897-0500	DEBUG	protocol/handler.go:1649	have all messages and processed	{"{round 20 2  <nil>}": {"Key":"self","Type":15,"Integer":0,"String":"b","Interface":null}}
2025-08-15T22:12:56.897-0500	DEBUG	protocol/handler.go:596	round already finalized
2025-08-15T22:12:56.897-0500	DEBUG	protocol/handler.go:600	current round already advanced	{"{checking 20 2  <nil>}": {"Key":"current","Type":20,"Integer":3,"String":"","Interface":null}}
2025-08-15T22:12:56.896-0500	DEBUG	protocol/handler.go:1591	have processed broadcast	{"{round 20 2  <nil>}": {"Key":"from","Type":15,"Integer":0,"String":"b","Interface":null}}
2025-08-15T22:12:56.897-0500	DEBUG	protocol/handler.go:1649	have all messages and processed	{"{round 20 2  <nil>}": {"Key":"self","Type":15,"Integer":0,"String":"c","Interface":null}}
2025-08-15T22:12:56.897-0500	DEBUG	protocol/handler.go:596	round already finalized
2025-08-15T22:12:56.894-0500	DEBUG	protocol/handler.go:1039	sendRoundMessage	{"{from 15 0 c <nil>}": {"Key":"to","Type":15,"Integer":0,"String":"a","Interface":null}, "{round 20 3  <nil>}": {"Key":"broadcast","Type":4,"Integer":0,"String":"","Interface":null}}
2025-08-15T22:12:56.897-0500	DEBUG	protocol/handler.go:1081	sent message to output channel	{"{from 15 0 c <nil>}": {"Key":"to","Type":15,"Integer":0,"String":"a","Interface":null}, "{round 20 3  <nil>}": {"Key":"broadcast","Type":4,"Integer":0,"String":"","Interface":null}}
2025-08-15T22:12:56.897-0500	DEBUG	protocol/handler.go:1039	sendRoundMessage	{"{from 15 0 c <nil>}": {"Key":"to","Type":15,"Integer":0,"String":"b","Interface":null}, "{round 20 3  <nil>}": {"Key":"broadcast","Type":4,"Integer":0,"String":"","Interface":null}}
2025-08-15T22:12:56.898-0500	DEBUG	protocol/handler.go:1081	sent message to output channel	{"{from 15 0 c <nil>}": {"Key":"to","Type":15,"Integer":0,"String":"b","Interface":null}, "{round 20 3  <nil>}": {"Key":"broadcast","Type":4,"Integer":0,"String":"","Interface":null}}
2025-08-15T22:12:56.898-0500	DEBUG	protocol/handler.go:1182	finalized round messages	{"{round 20 2  <nil>}": {"Key":"messages","Type":11,"Integer":3,"String":"","Interface":null}}
2025-08-15T22:12:56.898-0500	DEBUG	protocol/handler.go:1239	finalize returned next round	{"{current 20 2  <nil>}": {"Key":"next","Type":20,"Integer":3,"String":"","Interface":null}}
2025-08-15T22:12:56.898-0500	INFO	protocol/handler.go:642	storing new currentRound	{"{from 20 2  <nil>}": {"Key":"to","Type":20,"Integer":3,"String":"","Interface":null}}
2025-08-15T22:12:56.898-0500	DEBUG	protocol/handler.go:1503	processing queued messages
2025-08-15T22:12:56.894-0500	DEBUG	protocol/handler.go:432	processMessage: p2p round 3 START	{"{from 15 0 a <nil>}": {"Key":"to","Type":15,"Integer":0,"String":"b","Interface":null}}
2025-08-15T22:12:56.898-0500	DEBUG	protocol/handler.go:437	processing message	{"{from 15 0 a <nil>}": {"Key":"to","Type":15,"Integer":0,"String":"b","Interface":null}, "{round 20 3  <nil>}": {"Key":"broadcast","Type":4,"Integer":0,"String":"","Interface":null}}
2025-08-15T22:12:56.898-0500	DEBUG	protocol/handler.go:1662	storing message	{"{round 20 3  <nil>}": {"Key":"from","Type":15,"Integer":0,"String":"a","Interface":null}}
2025-08-15T22:12:56.898-0500	DEBUG	protocol/handler.go:432	processMessage: p2p round 3 START	{"{from 15 0 c <nil>}": {"Key":"to","Type":15,"Integer":0,"String":"b","Interface":null}}
2025-08-15T22:12:56.898-0500	DEBUG	protocol/handler.go:437	processing message	{"{from 15 0 c <nil>}": {"Key":"to","Type":15,"Integer":0,"String":"b","Interface":null}, "{round 20 3  <nil>}": {"Key":"broadcast","Type":4,"Integer":0,"String":"","Interface":null}}
2025-08-15T22:12:56.898-0500	DEBUG	protocol/handler.go:1662	storing message	{"{round 20 3  <nil>}": {"Key":"from","Type":15,"Integer":0,"String":"c","Interface":null}}
2025-08-15T22:12:56.899-0500	DEBUG	protocol/handler.go:1503	processing queued messages
2025-08-15T22:12:56.899-0500	DEBUG	protocol/handler.go:581	tryAdvanceRound called	{"{current_round 20 3  <nil>}": {"Key":"self","Type":15,"Integer":0,"String":"b","Interface":null}}
2025-08-15T22:12:56.900-0500	DEBUG	protocol/handler.go:581	tryAdvanceRound called	{"{current_round 20 3  <nil>}": {"Key":"self","Type":15,"Integer":0,"String":"b","Interface":null}}
2025-08-15T22:12:56.900-0500	DEBUG	protocol/handler.go:1591	have processed broadcast	{"{round 20 3  <nil>}": {"Key":"from","Type":15,"Integer":0,"String":"a","Interface":null}}
2025-08-15T22:12:56.900-0500	DEBUG	protocol/handler.go:1591	have processed broadcast	{"{round 20 3  <nil>}": {"Key":"from","Type":15,"Integer":0,"String":"c","Interface":null}}
2025-08-15T22:12:56.900-0500	DEBUG	protocol/handler.go:1649	have all messages and processed	{"{round 20 3  <nil>}": {"Key":"self","Type":15,"Integer":0,"String":"b","Interface":null}}
2025-08-15T22:12:56.900-0500	DEBUG	protocol/handler.go:619	finalizing round
2025-08-15T22:12:56.901-0500	DEBUG	protocol/handler.go:1591	have processed broadcast	{"{round 20 3  <nil>}": {"Key":"from","Type":15,"Integer":0,"String":"a","Interface":null}}
2025-08-15T22:12:56.901-0500	DEBUG	protocol/handler.go:1591	have processed broadcast	{"{round 20 3  <nil>}": {"Key":"from","Type":15,"Integer":0,"String":"c","Interface":null}}
2025-08-15T22:12:56.901-0500	DEBUG	protocol/handler.go:1649	have all messages and processed	{"{round 20 3  <nil>}": {"Key":"self","Type":15,"Integer":0,"String":"b","Interface":null}}
2025-08-15T22:12:56.901-0500	DEBUG	protocol/handler.go:596	round already finalized
2025-08-15T22:12:56.901-0500	DEBUG	protocol/handler.go:581	tryAdvanceRound called	{"{current_round 20 3  <nil>}": {"Key":"self","Type":15,"Integer":0,"String":"b","Interface":null}}
2025-08-15T22:12:56.901-0500	DEBUG	protocol/handler.go:1591	have processed broadcast	{"{round 20 3  <nil>}": {"Key":"from","Type":15,"Integer":0,"String":"a","Interface":null}}
2025-08-15T22:12:56.901-0500	DEBUG	protocol/handler.go:1591	have processed broadcast	{"{round 20 3  <nil>}": {"Key":"from","Type":15,"Integer":0,"String":"c","Interface":null}}
2025-08-15T22:12:56.901-0500	DEBUG	protocol/handler.go:1649	have all messages and processed	{"{round 20 3  <nil>}": {"Key":"self","Type":15,"Integer":0,"String":"b","Interface":null}}
2025-08-15T22:12:56.901-0500	DEBUG	protocol/handler.go:596	round already finalized
2025-08-15T22:12:56.901-0500	DEBUG	protocol/handler.go:432	processMessage: p2p round 3 START	{"{from 15 0 c <nil>}": {"Key":"to","Type":15,"Integer":0,"String":"a","Interface":null}}
2025-08-15T22:12:56.901-0500	DEBUG	protocol/handler.go:437	processing message	{"{from 15 0 c <nil>}": {"Key":"to","Type":15,"Integer":0,"String":"a","Interface":null}, "{round 20 3  <nil>}": {"Key":"broadcast","Type":4,"Integer":0,"String":"","Interface":null}}
2025-08-15T22:12:56.901-0500	DEBUG	protocol/handler.go:1662	storing message	{"{round 20 3  <nil>}": {"Key":"from","Type":15,"Integer":0,"String":"c","Interface":null}}
2025-08-15T22:12:56.901-0500	DEBUG	protocol/handler.go:1182	finalized round messages	{"{round 20 3  <nil>}": {"Key":"messages","Type":11,"Integer":0,"String":"","Interface":null}}
2025-08-15T22:12:56.902-0500	INFO	protocol/handler.go:1211	protocol completed	{"{self 15 0 b <nil>}": {"Key":"final_round","Type":20,"Integer":3,"String":"","Interface":null}}
2025-08-15T22:12:56.902-0500	DEBUG	protocol/handler.go:624	finalizeRound returned nil
2025-08-15T22:12:56.902-0500	INFO	protocol/handler.go:787	protocol completed successfully
2025-08-15T22:12:56.902-0500	DEBUG	protocol/handler.go:1591	have processed broadcast	{"{round 20 3  <nil>}": {"Key":"from","Type":15,"Integer":0,"String":"b","Interface":null}}
2025-08-15T22:12:56.902-0500	DEBUG	protocol/handler.go:1591	have processed broadcast	{"{round 20 3  <nil>}": {"Key":"from","Type":15,"Integer":0,"String":"c","Interface":null}}
2025-08-15T22:12:56.902-0500	DEBUG	protocol/handler.go:581	tryAdvanceRound called	{"{current_round 20 3  <nil>}": {"Key":"self","Type":15,"Integer":0,"String":"a","Interface":null}}
2025-08-15T22:12:56.902-0500	DEBUG	protocol/handler.go:1642	waiting for message processing	{"{round 20 3  <nil>}": {"Key":"unprocessed","Type":15,"Integer":0,"String":"[c]","Interface":null}}
2025-08-15T22:12:56.903-0500	DEBUG	protocol/handler.go:1591	have processed broadcast	{"{round 20 3  <nil>}": {"Key":"from","Type":15,"Integer":0,"String":"b","Interface":null}}
2025-08-15T22:12:56.903-0500	DEBUG	protocol/handler.go:1591	have processed broadcast	{"{round 20 3  <nil>}": {"Key":"from","Type":15,"Integer":0,"String":"c","Interface":null}}
2025-08-15T22:12:56.903-0500	DEBUG	protocol/handler.go:1649	have all messages and processed	{"{round 20 3  <nil>}": {"Key":"self","Type":15,"Integer":0,"String":"a","Interface":null}}
2025-08-15T22:12:56.903-0500	DEBUG	protocol/handler.go:619	finalizing round
2025-08-15T22:12:56.904-0500	DEBUG	protocol/handler.go:1182	finalized round messages	{"{round 20 3  <nil>}": {"Key":"messages","Type":11,"Integer":0,"String":"","Interface":null}}
2025-08-15T22:12:56.904-0500	INFO	protocol/handler.go:1211	protocol completed	{"{self 15 0 a <nil>}": {"Key":"final_round","Type":20,"Integer":3,"String":"","Interface":null}}
2025-08-15T22:12:56.904-0500	DEBUG	protocol/handler.go:624	finalizeRound returned nil
2025-08-15T22:12:56.905-0500	DEBUG	protocol/handler.go:1591	have processed broadcast	{"{round 20 2  <nil>}": {"Key":"from","Type":15,"Integer":0,"String":"b","Interface":null}}
2025-08-15T22:12:56.905-0500	DEBUG	protocol/handler.go:1591	have processed broadcast	{"{round 20 2  <nil>}": {"Key":"from","Type":15,"Integer":0,"String":"c","Interface":null}}
2025-08-15T22:12:56.905-0500	DEBUG	protocol/handler.go:1649	have all messages and processed	{"{round 20 2  <nil>}": {"Key":"self","Type":15,"Integer":0,"String":"a","Interface":null}}
2025-08-15T22:12:56.905-0500	DEBUG	protocol/handler.go:596	round already finalized
2025-08-15T22:12:56.905-0500	DEBUG	protocol/handler.go:600	current round already advanced	{"{checking 20 2  <nil>}": {"Key":"current","Type":20,"Integer":3,"String":"","Interface":null}}
2025-08-15T22:12:56.915-0500	DEBUG	protocol/handler.go:1591	have processed broadcast	{"{round 20 2  <nil>}": {"Key":"from","Type":15,"Integer":0,"String":"a","Interface":null}}
2025-08-15T22:12:56.915-0500	DEBUG	protocol/handler.go:1591	have processed broadcast	{"{round 20 2  <nil>}": {"Key":"from","Type":15,"Integer":0,"String":"b","Interface":null}}
2025-08-15T22:12:56.915-0500	DEBUG	protocol/handler.go:1649	have all messages and processed	{"{round 20 2  <nil>}": {"Key":"self","Type":15,"Integer":0,"String":"c","Interface":null}}
2025-08-15T22:12:56.915-0500	DEBUG	protocol/handler.go:596	round already finalized
2025-08-15T22:12:56.916-0500	DEBUG	protocol/handler.go:600	current round already advanced	{"{checking 20 2  <nil>}": {"Key":"current","Type":20,"Integer":3,"String":"","Interface":null}}
2025-08-15T22:12:56.916-0500	INFO	protocol/handler.go:560	advanced to round
2025-08-15T22:12:56.916-0500	DEBUG	protocol/handler.go:581	tryAdvanceRound called	{"{current_round 20 3  <nil>}": {"Key":"self","Type":15,"Integer":0,"String":"c","Interface":null}}
2025-08-15T22:12:56.916-0500	DEBUG	protocol/handler.go:1591	have processed broadcast	{"{round 20 3  <nil>}": {"Key":"from","Type":15,"Integer":0,"String":"a","Interface":null}}
2025-08-15T22:12:56.916-0500	DEBUG	protocol/handler.go:1591	have processed broadcast	{"{round 20 3  <nil>}": {"Key":"from","Type":15,"Integer":0,"String":"b","Interface":null}}
2025-08-15T22:12:56.916-0500	DEBUG	protocol/handler.go:1649	have all messages and processed	{"{round 20 3  <nil>}": {"Key":"self","Type":15,"Integer":0,"String":"c","Interface":null}}
2025-08-15T22:12:56.916-0500	DEBUG	protocol/handler.go:619	finalizing round
2025-08-15T22:12:56.919-0500	INFO	protocol/handler.go:787	protocol completed successfully
2025-08-15T22:12:56.920-0500	DEBUG	protocol/handler.go:1182	finalized round messages	{"{round 20 3  <nil>}": {"Key":"messages","Type":11,"Integer":0,"String":"","Interface":null}}
2025-08-15T22:12:56.920-0500	INFO	protocol/handler.go:1211	protocol completed	{"{self 15 0 c <nil>}": {"Key":"final_round","Type":20,"Integer":3,"String":"","Interface":null}}
2025-08-15T22:12:56.920-0500	DEBUG	protocol/handler.go:624	finalizeRound returned nil
2025-08-15T22:12:56.930-0500	INFO	protocol/handler.go:787	protocol completed successfully
2025-08-15T22:12:56.930-0500	DEBUG	protocol/handler.go:403	worker stopping
2025-08-15T22:12:56.930-0500	DEBUG	protocol/handler.go:403	worker stopping
2025-08-15T22:12:56.930-0500	DEBUG	protocol/handler.go:403	worker stopping
2025-08-15T22:12:56.930-0500	DEBUG	protocol/handler.go:403	worker stopping
2025-08-15T22:12:56.930-0500	DEBUG	protocol/handler.go:403	worker stopping
2025-08-15T22:12:56.930-0500	DEBUG	protocol/handler.go:403	worker stopping
2025-08-15T22:12:56.930-0500	DEBUG	protocol/handler.go:403	worker stopping
2025-08-15T22:12:56.930-0500	DEBUG	protocol/handler.go:403	worker stopping
2025-08-15T22:12:56.930-0500	DEBUG	protocol/handler.go:403	worker stopping
2025-08-15T22:12:56.930-0500	DEBUG	protocol/handler.go:403	worker stopping
2025-08-15T22:12:56.930-0500	DEBUG	protocol/handler.go:403	worker stopping
2025-08-15T22:12:56.931-0500	DEBUG	protocol/handler.go:403	worker stopping
2025-08-15T22:12:56.931-0500	DEBUG	protocol/handler.go:403	worker stopping
2025-08-15T22:12:56.931-0500	DEBUG	protocol/handler.go:403	worker stopping
2025-08-15T22:12:56.931-0500	DEBUG	protocol/handler.go:403	worker stopping
2025-08-15T22:12:56.931-0500	DEBUG	protocol/handler.go:403	worker stopping
2025-08-15T22:12:56.938-0500	INFO	protocol/handler.go:240	starting protocol handler	{"{protocol 15 0 frost/keygen-threshold <nil>}": {"Key":"workers","Type":11,"Integer":4,"String":"","Interface":null}, "{parties 11 3  <nil>}": {"Key":"threshold","Type":11,"Integer":2,"String":"","Interface":null}}
2025-08-15T22:12:56.938-0500	DEBUG	protocol/handler.go:348	starting worker pools	{"{workers 11 4  <nil>}": {"Key":"priority","Type":11,"Integer":4,"String":"","Interface":null}}
2025-08-15T22:12:56.938-0500	DEBUG	protocol/handler.go:930	initializing round
2025-08-15T22:12:56.938-0500	DEBUG	protocol/handler.go:1503	processing queued messages
2025-08-15T22:12:56.938-0500	DEBUG	protocol/handler.go:391	worker started	{"{id 11 0  <nil>}": {"Key":"priority","Type":4,"Integer":1,"String":"","Interface":null}}
2025-08-15T22:12:56.938-0500	DEBUG	protocol/handler.go:391	worker started	{"{id 11 2  <nil>}": {"Key":"priority","Type":4,"Integer":1,"String":"","Interface":null}}
2025-08-15T22:12:56.938-0500	DEBUG	protocol/handler.go:391	worker started	{"{id 11 3  <nil>}": {"Key":"priority","Type":4,"Integer":1,"String":"","Interface":null}}
2025-08-15T22:12:56.938-0500	DEBUG	protocol/handler.go:391	worker started	{"{id 11 1  <nil>}": {"Key":"priority","Type":4,"Integer":1,"String":"","Interface":null}}
2025-08-15T22:12:56.938-0500	DEBUG	protocol/handler.go:391	worker started	{"{id 11 3  <nil>}": {"Key":"priority","Type":4,"Integer":0,"String":"","Interface":null}}
2025-08-15T22:12:56.938-0500	DEBUG	protocol/handler.go:391	worker started	{"{id 11 2  <nil>}": {"Key":"priority","Type":4,"Integer":0,"String":"","Interface":null}}
2025-08-15T22:12:56.938-0500	DEBUG	protocol/handler.go:391	worker started	{"{id 11 1  <nil>}": {"Key":"priority","Type":4,"Integer":0,"String":"","Interface":null}}
2025-08-15T22:12:56.938-0500	INFO	protocol/handler.go:240	starting protocol handler	{"{protocol 15 0 frost/keygen-threshold <nil>}": {"Key":"workers","Type":11,"Integer":4,"String":"","Interface":null}, "{parties 11 3  <nil>}": {"Key":"threshold","Type":11,"Integer":2,"String":"","Interface":null}}
2025-08-15T22:12:56.939-0500	DEBUG	protocol/handler.go:348	starting worker pools	{"{workers 11 4  <nil>}": {"Key":"priority","Type":11,"Integer":4,"String":"","Interface":null}}
2025-08-15T22:12:56.939-0500	DEBUG	protocol/handler.go:391	worker started	{"{id 11 0  <nil>}": {"Key":"priority","Type":4,"Integer":0,"String":"","Interface":null}}
2025-08-15T22:12:56.939-0500	DEBUG	protocol/handler.go:391	worker started	{"{id 11 0  <nil>}": {"Key":"priority","Type":4,"Integer":1,"String":"","Interface":null}}
2025-08-15T22:12:56.939-0500	DEBUG	protocol/handler.go:391	worker started	{"{id 11 1  <nil>}": {"Key":"priority","Type":4,"Integer":1,"String":"","Interface":null}}
2025-08-15T22:12:56.939-0500	DEBUG	protocol/handler.go:391	worker started	{"{id 11 3  <nil>}": {"Key":"priority","Type":4,"Integer":1,"String":"","Interface":null}}
2025-08-15T22:12:56.939-0500	DEBUG	protocol/handler.go:391	worker started	{"{id 11 2  <nil>}": {"Key":"priority","Type":4,"Integer":1,"String":"","Interface":null}}
2025-08-15T22:12:56.939-0500	DEBUG	protocol/handler.go:391	worker started	{"{id 11 0  <nil>}": {"Key":"priority","Type":4,"Integer":0,"String":"","Interface":null}}
2025-08-15T22:12:56.939-0500	DEBUG	protocol/handler.go:391	worker started	{"{id 11 2  <nil>}": {"Key":"priority","Type":4,"Integer":0,"String":"","Interface":null}}
2025-08-15T22:12:56.939-0500	INFO	protocol/handler.go:240	starting protocol handler	{"{protocol 15 0 frost/keygen-threshold <nil>}": {"Key":"workers","Type":11,"Integer":4,"String":"","Interface":null}, "{parties 11 3  <nil>}": {"Key":"threshold","Type":11,"Integer":2,"String":"","Interface":null}}
2025-08-15T22:12:56.939-0500	DEBUG	protocol/handler.go:348	starting worker pools	{"{workers 11 4  <nil>}": {"Key":"priority","Type":11,"Integer":4,"String":"","Interface":null}}
2025-08-15T22:12:56.939-0500	DEBUG	protocol/handler.go:391	worker started	{"{id 11 0  <nil>}": {"Key":"priority","Type":4,"Integer":0,"String":"","Interface":null}}
2025-08-15T22:12:56.939-0500	DEBUG	protocol/handler.go:391	worker started	{"{id 11 2  <nil>}": {"Key":"priority","Type":4,"Integer":0,"String":"","Interface":null}}
2025-08-15T22:12:56.939-0500	DEBUG	protocol/handler.go:391	worker started	{"{id 11 1  <nil>}": {"Key":"priority","Type":4,"Integer":0,"String":"","Interface":null}}
2025-08-15T22:12:56.939-0500	DEBUG	protocol/handler.go:391	worker started	{"{id 11 0  <nil>}": {"Key":"priority","Type":4,"Integer":1,"String":"","Interface":null}}
2025-08-15T22:12:56.939-0500	DEBUG	protocol/handler.go:391	worker started	{"{id 11 1  <nil>}": {"Key":"priority","Type":4,"Integer":0,"String":"","Interface":null}}
2025-08-15T22:12:56.939-0500	DEBUG	protocol/handler.go:930	initializing round
2025-08-15T22:12:56.939-0500	DEBUG	protocol/handler.go:391	worker started	{"{id 11 3  <nil>}": {"Key":"priority","Type":4,"Integer":0,"String":"","Interface":null}}
2025-08-15T22:12:56.939-0500	DEBUG	protocol/handler.go:1503	processing queued messages
2025-08-15T22:12:56.940-0500	DEBUG	protocol/handler.go:391	worker started	{"{id 11 2  <nil>}": {"Key":"priority","Type":4,"Integer":1,"String":"","Interface":null}}
2025-08-15T22:12:56.939-0500	DEBUG	protocol/handler.go:391	worker started	{"{id 11 1  <nil>}": {"Key":"priority","Type":4,"Integer":1,"String":"","Interface":null}}
2025-08-15T22:12:56.940-0500	DEBUG	protocol/handler.go:391	worker started	{"{id 11 3  <nil>}": {"Key":"priority","Type":4,"Integer":1,"String":"","Interface":null}}
2025-08-15T22:12:56.939-0500	DEBUG	protocol/handler.go:391	worker started	{"{id 11 3  <nil>}": {"Key":"priority","Type":4,"Integer":0,"String":"","Interface":null}}
2025-08-15T22:12:56.940-0500	DEBUG	protocol/handler.go:930	initializing round
2025-08-15T22:12:56.940-0500	DEBUG	protocol/handler.go:1503	processing queued messages
2025-08-15T22:12:56.945-0500	DEBUG	protocol/handler.go:403	worker stopping
2025-08-15T22:12:56.945-0500	DEBUG	protocol/handler.go:403	worker stopping
2025-08-15T22:12:56.945-0500	DEBUG	protocol/handler.go:403	worker stopping
2025-08-15T22:12:56.945-0500	DEBUG	protocol/handler.go:403	worker stopping
2025-08-15T22:12:56.945-0500	DEBUG	protocol/handler.go:403	worker stopping
2025-08-15T22:12:56.945-0500	DEBUG	protocol/handler.go:403	worker stopping
2025-08-15T22:12:56.945-0500	DEBUG	protocol/handler.go:403	worker stopping
2025-08-15T22:12:56.945-0500	DEBUG	protocol/handler.go:403	worker stopping
2025-08-15T22:12:56.950-0500	INFO	protocol/handler.go:560	advanced to round
2025-08-15T22:12:56.950-0500	DEBUG	protocol/handler.go:581	tryAdvanceRound called	{"{current_round 20 1  <nil>}": {"Key":"self","Type":15,"Integer":0,"String":"b","Interface":null}}
2025-08-15T22:12:56.950-0500	DEBUG	protocol/handler.go:1649	have all messages and processed	{"{round 20 1  <nil>}": {"Key":"self","Type":15,"Integer":0,"String":"b","Interface":null}}
2025-08-15T22:12:56.950-0500	DEBUG	protocol/handler.go:619	finalizing round
2025-08-15T22:12:56.950-0500	INFO	protocol/handler.go:560	advanced to round
2025-08-15T22:12:56.950-0500	DEBUG	protocol/handler.go:581	tryAdvanceRound called	{"{current_round 20 1  <nil>}": {"Key":"self","Type":15,"Integer":0,"String":"c","Interface":null}}
2025-08-15T22:12:56.949-0500	INFO	protocol/handler.go:560	advanced to round
2025-08-15T22:12:56.951-0500	DEBUG	protocol/handler.go:581	tryAdvanceRound called	{"{current_round 20 1  <nil>}": {"Key":"self","Type":15,"Integer":0,"String":"a","Interface":null}}
2025-08-15T22:12:56.952-0500	DEBUG	protocol/handler.go:1649	have all messages and processed	{"{round 20 1  <nil>}": {"Key":"self","Type":15,"Integer":0,"String":"a","Interface":null}}
2025-08-15T22:12:56.952-0500	DEBUG	protocol/handler.go:619	finalizing round
2025-08-15T22:12:56.951-0500	DEBUG	protocol/handler.go:1649	have all messages and processed	{"{round 20 1  <nil>}": {"Key":"self","Type":15,"Integer":0,"String":"c","Interface":null}}
2025-08-15T22:12:56.952-0500	DEBUG	protocol/handler.go:619	finalizing round
2025-08-15T22:12:56.958-0500	DEBUG	protocol/handler.go:1039	sendRoundMessage	{"{from 15 0 c <nil>}": {"Key":"to","Type":15,"Integer":0,"String":"","Interface":null}, "{round 20 2  <nil>}": {"Key":"broadcast","Type":4,"Integer":1,"String":"","Interface":null}}
2025-08-15T22:12:56.959-0500	DEBUG	protocol/handler.go:1657	storing broadcast	{"{round 20 2  <nil>}": {"Key":"from","Type":15,"Integer":0,"String":"c","Interface":null}}
2025-08-15T22:12:56.959-0500	DEBUG	protocol/handler.go:1081	sent message to output channel	{"{from 15 0 c <nil>}": {"Key":"to","Type":15,"Integer":0,"String":"","Interface":null}, "{round 20 2  <nil>}": {"Key":"broadcast","Type":4,"Integer":1,"String":"","Interface":null}}
2025-08-15T22:12:56.959-0500	DEBUG	protocol/handler.go:1182	finalized round messages	{"{round 20 1  <nil>}": {"Key":"messages","Type":11,"Integer":1,"String":"","Interface":null}}
2025-08-15T22:12:56.959-0500	DEBUG	protocol/handler.go:1239	finalize returned next round	{"{current 20 1  <nil>}": {"Key":"next","Type":20,"Integer":2,"String":"","Interface":null}}
2025-08-15T22:12:56.959-0500	DEBUG	protocol/handler.go:1039	sendRoundMessage	{"{from 15 0 b <nil>}": {"Key":"to","Type":15,"Integer":0,"String":"","Interface":null}, "{round 20 2  <nil>}": {"Key":"broadcast","Type":4,"Integer":1,"String":"","Interface":null}}
2025-08-15T22:12:56.959-0500	INFO	protocol/handler.go:642	storing new currentRound	{"{from 20 1  <nil>}": {"Key":"to","Type":20,"Integer":2,"String":"","Interface":null}}
2025-08-15T22:12:56.959-0500	DEBUG	protocol/handler.go:1503	processing queued messages
2025-08-15T22:12:56.959-0500	DEBUG	protocol/handler.go:1503	processing queued messages
2025-08-15T22:12:56.960-0500	DEBUG	protocol/handler.go:1657	storing broadcast	{"{round 20 2  <nil>}": {"Key":"from","Type":15,"Integer":0,"String":"b","Interface":null}}
2025-08-15T22:12:56.960-0500	DEBUG	protocol/handler.go:1081	sent message to output channel	{"{from 15 0 b <nil>}": {"Key":"to","Type":15,"Integer":0,"String":"","Interface":null}, "{round 20 2  <nil>}": {"Key":"broadcast","Type":4,"Integer":1,"String":"","Interface":null}}
2025-08-15T22:12:56.960-0500	DEBUG	protocol/handler.go:1182	finalized round messages	{"{round 20 1  <nil>}": {"Key":"messages","Type":11,"Integer":1,"String":"","Interface":null}}
2025-08-15T22:12:56.960-0500	DEBUG	protocol/handler.go:1239	finalize returned next round	{"{current 20 1  <nil>}": {"Key":"next","Type":20,"Integer":2,"String":"","Interface":null}}
2025-08-15T22:12:56.960-0500	INFO	protocol/handler.go:642	storing new currentRound	{"{from 20 1  <nil>}": {"Key":"to","Type":20,"Integer":2,"String":"","Interface":null}}
2025-08-15T22:12:56.960-0500	DEBUG	protocol/handler.go:1503	processing queued messages
2025-08-15T22:12:56.960-0500	DEBUG	protocol/handler.go:437	processing message	{"{from 15 0 b <nil>}": {"Key":"to","Type":15,"Integer":0,"String":"","Interface":null}, "{round 20 2  <nil>}": {"Key":"broadcast","Type":4,"Integer":1,"String":"","Interface":null}}
2025-08-15T22:12:56.960-0500	DEBUG	protocol/handler.go:1657	storing broadcast	{"{round 20 2  <nil>}": {"Key":"from","Type":15,"Integer":0,"String":"b","Interface":null}}
2025-08-15T22:12:56.960-0500	DEBUG	protocol/handler.go:954	round already being initialized/finalized, skipping
2025-08-15T22:12:56.960-0500	DEBUG	protocol/handler.go:954	round already being initialized/finalized, skipping
2025-08-15T22:12:56.960-0500	DEBUG	protocol/handler.go:437	processing message	{"{from 15 0 c <nil>}": {"Key":"to","Type":15,"Integer":0,"String":"","Interface":null}, "{round 20 2  <nil>}": {"Key":"broadcast","Type":4,"Integer":1,"String":"","Interface":null}}
2025-08-15T22:12:56.960-0500	DEBUG	protocol/handler.go:1657	storing broadcast	{"{round 20 2  <nil>}": {"Key":"from","Type":15,"Integer":0,"String":"c","Interface":null}}
2025-08-15T22:12:56.960-0500	INFO	protocol/handler.go:560	advanced to round
2025-08-15T22:12:56.961-0500	DEBUG	protocol/handler.go:581	tryAdvanceRound called	{"{current_round 20 2  <nil>}": {"Key":"self","Type":15,"Integer":0,"String":"b","Interface":null}}
2025-08-15T22:12:56.964-0500	DEBUG	protocol/handler.go:1503	processing queued messages
2025-08-15T22:12:56.966-0500	DEBUG	protocol/handler.go:581	tryAdvanceRound called	{"{current_round 20 2  <nil>}": {"Key":"self","Type":15,"Integer":0,"String":"c","Interface":null}}
2025-08-15T22:12:56.966-0500	DEBUG	protocol/handler.go:1591	have processed broadcast	{"{round 20 2  <nil>}": {"Key":"from","Type":15,"Integer":0,"String":"b","Interface":null}}
2025-08-15T22:12:56.966-0500	DEBUG	protocol/handler.go:1600	waiting for broadcasts	{"{round 20 2  <nil>}": {"Key":"missing","Type":15,"Integer":0,"String":"[a]","Interface":null}}
2025-08-15T22:12:56.966-0500	DEBUG	protocol/handler.go:437	processing message	{"{from 15 0 c <nil>}": {"Key":"to","Type":15,"Integer":0,"String":"","Interface":null}, "{round 20 2  <nil>}": {"Key":"broadcast","Type":4,"Integer":1,"String":"","Interface":null}}
2025-08-15T22:12:56.967-0500	DEBUG	protocol/handler.go:1657	storing broadcast	{"{round 20 2  <nil>}": {"Key":"from","Type":15,"Integer":0,"String":"c","Interface":null}}
2025-08-15T22:12:56.967-0500	DEBUG	protocol/handler.go:470	message for different round (buffering)	{"{msg_round 20 2  <nil>}": {"Key":"current_round","Type":20,"Integer":1,"String":"","Interface":null}}
2025-08-15T22:12:56.967-0500	DEBUG	protocol/handler.go:581	tryAdvanceRound called	{"{current_round 20 1  <nil>}": {"Key":"self","Type":15,"Integer":0,"String":"a","Interface":null}}
2025-08-15T22:12:56.967-0500	DEBUG	protocol/handler.go:1649	have all messages and processed	{"{round 20 1  <nil>}": {"Key":"self","Type":15,"Integer":0,"String":"a","Interface":null}}
==================
WARNING: DATA RACE2025-08-15T22:12:56.967-0500	DEBUG	protocol/handler.go:596	round already finalized

Read at 0x00c000154a78 by goroutine 1239:
  github.com/luxfi/threshold/protocols/frost/keygen.(*round2).Number()
      <autogenerated>:1 +0x38
  github.com/luxfi/threshold/pkg/protocol.(*Handler).roundProcessor()
      /Users/z/work/lux/threshold/pkg/protocol/handler.go:560 +0x2ec
  github.com/luxfi/threshold/pkg/protocol.(*Handler).startWorkers.func1()
      /Users/z/work/lux/threshold/pkg/protocol/handler.go:374 +0x78
2025-08-15T22:12:56.967-0500	DEBUG	protocol/handler.go:581	tryAdvanceRound called	{"{current_round 20 2  <nil>}": {"Key":"self","Type":15,"Integer":0,"String":"b","Interface":null}}

2025-08-15T22:12:56.967-0500	DEBUG	protocol/handler.go:1591	have processed broadcast	{"{round 20 2  <nil>}": {"Key":"from","Type":15,"Integer":0,"String":"c","Interface":null}}
Previous write at 0x00c000154a7c by goroutine 1235:
  ??()
      -:0 +0x104ad5eb0
  sync/atomic.AddInt32()
      <autogenerated>:1 +0x14
  sync.(*Mutex).Unlock()
      /opt/homebrew/Cellar/go/1.24.6/libexec/src/sync/mutex.go:65 +0x2c
  github.com/luxfi/threshold/protocols/frost/keygen.(*round2).StoreBroadcastMessage()
      /Users/z/work/lux/threshold/protocols/frost/keygen/round2.go:62 +0x78
  github.com/luxfi/threshold/pkg/protocol.(*Handler).verifyBroadcast()
      /Users/z/work/lux/threshold/pkg/protocol/handler.go:1392 +0x648
  github.com/luxfi/threshold/pkg/protocol.(*Handler).processMessage()
      /Users/z/work/lux/threshold/pkg/protocol/handler.go:480 +0xb9c
  github.com/luxfi/threshold/pkg/protocol.(*Handler).messageWorker()
      /Users/z/work/lux/threshold/pkg/protocol/handler.go:408 +0x338
  github.com/luxfi/threshold/pkg/protocol.(*Handler).startWorkers.gowrap2()
      /Users/z/work/lux/threshold/pkg/protocol/handler.go:361 +0x44

Goroutine 1239 (running) created at:
  github.com/luxfi/threshold/pkg/protocol.(*Handler).startWorkers()
      /Users/z/work/lux/threshold/pkg/protocol/handler.go:372 +0x4fc
  github.com/luxfi/threshold/pkg/protocol.NewHandler()
      /Users/z/work/lux/threshold/pkg/protocol/handler.go:247 +0xf10
  github.com/luxfi/threshold/internal/test.(*Harness).CreateHandler()
      /Users/z/work/lux/threshold/internal/test/harness.go:91 +0x2e4
  github.com/luxfi/threshold/internal/test.RunProtocol()
      /Users/z/work/lux/threshold/internal/test/harness.go:270 +0x230
  github.com/luxfi/threshold/protocols/frost_test.TestDebugKeygen()
      /Users/z/work/lux/threshold/protocols/frost/debug_keygen_test.go:24 +0x1dc
  testing.tRunner()
      /opt/homebrew/Cellar/go/1.24.6/libexec/src/testing/testing.go:1792 +0x180
  testing.(*T).Run.gowrap1()
      /opt/homebrew/Cellar/go/1.24.6/libexec/src/testing/testing.go:1851 +0x40

Goroutine 1235 (running) created at:
  github.com/luxfi/threshold/pkg/protocol.(*Handler).startWorkers()
      /Users/z/work/lux/threshold/pkg/protocol/handler.go:361 +0x334
2025-08-15T22:12:56.967-0500	DEBUG	protocol/handler.go:1600	waiting for broadcasts	{"{round 20 2  <nil>}": {"Key":"missing","Type":15,"Integer":0,"String":"[a]","Interface":null}}
  github.com/luxfi/threshold/pkg/protocol.NewHandler()
      /Users/z/work/lux/threshold/pkg/protocol/handler.go:247 +0xf10
  github.com/luxfi/threshold/internal/test.(*Harness).CreateHandler()
      /Users/z/work/lux/threshold/internal/test/harness.go:91 +0x2e4
  github.com/luxfi/threshold/internal/test.RunProtocol()
      /Users/z/work/lux/threshold/internal/test/harness.go:270 +0x230
  github.com/luxfi/threshold/protocols/frost_test.TestDebugKeygen()
      /Users/z/work/lux/threshold/protocols/frost/debug_keygen_test.go:24 +0x1dc
  testing.tRunner()
      /opt/homebrew/Cellar/go/1.24.6/libexec/src/testing/testing.go:1792 +0x180
  testing.(*T).Run.gowrap1()
      /opt/homebrew/Cellar/go/1.24.6/libexec/src/testing/testing.go:1851 +0x40
==================
2025-08-15T22:12:56.967-0500	INFO	protocol/handler.go:560	advanced to round
2025-08-15T22:12:56.967-0500	DEBUG	protocol/handler.go:437	processing message	{"{from 15 0 b <nil>}": {"Key":"to","Type":15,"Integer":0,"String":"","Interface":null}, "{round 20 2  <nil>}": {"Key":"broadcast","Type":4,"Integer":1,"String":"","Interface":null}}
2025-08-15T22:12:56.967-0500	DEBUG	protocol/handler.go:1657	storing broadcast	{"{round 20 2  <nil>}": {"Key":"from","Type":15,"Integer":0,"String":"b","Interface":null}}
2025-08-15T22:12:56.967-0500	DEBUG	protocol/handler.go:581	tryAdvanceRound called	{"{current_round 20 2  <nil>}": {"Key":"self","Type":15,"Integer":0,"String":"c","Interface":null}}
2025-08-15T22:12:56.967-0500	DEBUG	protocol/handler.go:470	message for different round (buffering)	{"{msg_round 20 2  <nil>}": {"Key":"current_round","Type":20,"Integer":1,"String":"","Interface":null}}
2025-08-15T22:12:56.967-0500	DEBUG	protocol/handler.go:1591	have processed broadcast	{"{round 20 2  <nil>}": {"Key":"from","Type":15,"Integer":0,"String":"b","Interface":null}}
2025-08-15T22:12:56.967-0500	DEBUG	protocol/handler.go:581	tryAdvanceRound called	{"{current_round 20 1  <nil>}": {"Key":"self","Type":15,"Integer":0,"String":"a","Interface":null}}
2025-08-15T22:12:56.967-0500	DEBUG	protocol/handler.go:1600	waiting for broadcasts	{"{round 20 2  <nil>}": {"Key":"missing","Type":15,"Integer":0,"String":"[a]","Interface":null}}
2025-08-15T22:12:56.967-0500	DEBUG	protocol/handler.go:1649	have all messages and processed	{"{round 20 1  <nil>}": {"Key":"self","Type":15,"Integer":0,"String":"a","Interface":null}}
2025-08-15T22:12:56.967-0500	DEBUG	protocol/handler.go:954	round already being initialized/finalized, skipping
2025-08-15T22:12:56.967-0500	DEBUG	protocol/handler.go:596	round already finalized
2025-08-15T22:12:56.971-0500	DEBUG	protocol/handler.go:581	tryAdvanceRound called	{"{current_round 20 2  <nil>}": {"Key":"self","Type":15,"Integer":0,"String":"c","Interface":null}}
2025-08-15T22:12:56.971-0500	DEBUG	protocol/handler.go:1591	have processed broadcast	{"{round 20 2  <nil>}": {"Key":"from","Type":15,"Integer":0,"String":"b","Interface":null}}
2025-08-15T22:12:56.971-0500	DEBUG	protocol/handler.go:1600	waiting for broadcasts	{"{round 20 2  <nil>}": {"Key":"missing","Type":15,"Integer":0,"String":"[a]","Interface":null}}
2025-08-15T22:12:56.979-0500	DEBUG	protocol/handler.go:1039	sendRoundMessage	{"{from 15 0 a <nil>}": {"Key":"to","Type":15,"Integer":0,"String":"","Interface":null}, "{round 20 2  <nil>}": {"Key":"broadcast","Type":4,"Integer":1,"String":"","Interface":null}}
2025-08-15T22:12:56.980-0500	DEBUG	protocol/handler.go:1657	storing broadcast	{"{round 20 2  <nil>}": {"Key":"from","Type":15,"Integer":0,"String":"a","Interface":null}}
2025-08-15T22:12:56.980-0500	DEBUG	protocol/handler.go:1081	sent message to output channel	{"{from 15 0 a <nil>}": {"Key":"to","Type":15,"Integer":0,"String":"","Interface":null}, "{round 20 2  <nil>}": {"Key":"broadcast","Type":4,"Integer":1,"String":"","Interface":null}}
2025-08-15T22:12:56.980-0500	DEBUG	protocol/handler.go:1182	finalized round messages	{"{round 20 1  <nil>}": {"Key":"messages","Type":11,"Integer":1,"String":"","Interface":null}}
2025-08-15T22:12:56.980-0500	DEBUG	protocol/handler.go:1239	finalize returned next round	{"{current 20 1  <nil>}": {"Key":"next","Type":20,"Integer":2,"String":"","Interface":null}}
2025-08-15T22:12:56.980-0500	INFO	protocol/handler.go:642	storing new currentRound	{"{from 20 1  <nil>}": {"Key":"to","Type":20,"Integer":2,"String":"","Interface":null}}
2025-08-15T22:12:56.980-0500	DEBUG	protocol/handler.go:1503	processing queued messages
2025-08-15T22:12:56.980-0500	INFO	protocol/handler.go:560	advanced to round
2025-08-15T22:12:56.980-0500	DEBUG	protocol/handler.go:581	tryAdvanceRound called	{"{current_round 20 2  <nil>}": {"Key":"self","Type":15,"Integer":0,"String":"a","Interface":null}}
2025-08-15T22:12:56.980-0500	DEBUG	protocol/handler.go:437	processing message	{"{from 15 0 a <nil>}": {"Key":"to","Type":15,"Integer":0,"String":"","Interface":null}, "{round 20 2  <nil>}": {"Key":"broadcast","Type":4,"Integer":1,"String":"","Interface":null}}
2025-08-15T22:12:56.980-0500	DEBUG	protocol/handler.go:1657	storing broadcast	{"{round 20 2  <nil>}": {"Key":"from","Type":15,"Integer":0,"String":"a","Interface":null}}
2025-08-15T22:12:56.980-0500	DEBUG	protocol/handler.go:437	processing message	{"{from 15 0 a <nil>}": {"Key":"to","Type":15,"Integer":0,"String":"","Interface":null}, "{round 20 2  <nil>}": {"Key":"broadcast","Type":4,"Integer":1,"String":"","Interface":null}}
2025-08-15T22:12:56.981-0500	DEBUG	protocol/handler.go:1657	storing broadcast	{"{round 20 2  <nil>}": {"Key":"from","Type":15,"Integer":0,"String":"a","Interface":null}}
2025-08-15T22:12:56.981-0500	DEBUG	protocol/handler.go:581	tryAdvanceRound called	{"{current_round 20 2  <nil>}": {"Key":"self","Type":15,"Integer":0,"String":"c","Interface":null}}
2025-08-15T22:12:56.981-0500	DEBUG	protocol/handler.go:1591	have processed broadcast	{"{round 20 2  <nil>}": {"Key":"from","Type":15,"Integer":0,"String":"c","Interface":null}}
2025-08-15T22:12:56.981-0500	DEBUG	protocol/handler.go:1608	waiting for broadcast processing	{"{round 20 2  <nil>}": {"Key":"unprocessed","Type":15,"Integer":0,"String":"[a]","Interface":null}}
2025-08-15T22:12:56.981-0500	DEBUG	protocol/handler.go:1503	processing queued messages
2025-08-15T22:12:56.981-0500	DEBUG	protocol/handler.go:581	tryAdvanceRound called	{"{current_round 20 2  <nil>}": {"Key":"self","Type":15,"Integer":0,"String":"b","Interface":null}}
2025-08-15T22:12:56.987-0500	DEBUG	protocol/handler.go:1591	have processed broadcast	{"{round 20 2  <nil>}": {"Key":"from","Type":15,"Integer":0,"String":"a","Interface":null}}
2025-08-15T22:12:56.988-0500	DEBUG	protocol/handler.go:581	tryAdvanceRound called	{"{current_round 20 2  <nil>}": {"Key":"self","Type":15,"Integer":0,"String":"b","Interface":null}}
2025-08-15T22:12:56.988-0500	DEBUG	protocol/handler.go:1591	have processed broadcast	{"{round 20 2  <nil>}": {"Key":"from","Type":15,"Integer":0,"String":"a","Interface":null}}
2025-08-15T22:12:56.988-0500	DEBUG	protocol/handler.go:1591	have processed broadcast	{"{round 20 2  <nil>}": {"Key":"from","Type":15,"Integer":0,"String":"c","Interface":null}}
2025-08-15T22:12:56.988-0500	DEBUG	protocol/handler.go:1649	have all messages and processed	{"{round 20 2  <nil>}": {"Key":"self","Type":15,"Integer":0,"String":"b","Interface":null}}
2025-08-15T22:12:56.988-0500	DEBUG	protocol/handler.go:619	finalizing round
2025-08-15T22:12:56.988-0500	DEBUG	protocol/handler.go:1591	have processed broadcast	{"{round 20 2  <nil>}": {"Key":"from","Type":15,"Integer":0,"String":"c","Interface":null}}
==================
WARNING: DATA RACE
Read at 0x00c0002e0a78 by goroutine 1212:
  github.com/luxfi/threshold/protocols/frost/keygen.(*round2).MessageContent()
      <autogenerated>:1 +0x38
  github.com/luxfi/threshold/pkg/protocol.(*Handler).hasAllMessages()
      /Users/z/work/lux/threshold/pkg/protocol/handler.go:1617 +0x6c8
  github.com/luxfi/threshold/pkg/protocol.(*Handler).tryAdvanceRound()
      /Users/z/work/lux/threshold/pkg/protocol/handler.go:589 +0x29c
  github.com/luxfi/threshold/pkg/protocol.(*Handler).roundProcessor()
      /Users/z/work/lux/threshold/pkg/protocol/handler.go:569 +0xb4
  github.com/luxfi/threshold/pkg/protocol.(*Handler).startWorkers.func1()
      /Users/z/work/lux/threshold/pkg/protocol/handler.go:374 +0x78

Previous write at 0x00c0002e0a7c by goroutine 1258:
  ??()
      -:0 +0x104ad5eb0
  sync/atomic.AddInt32()
      <autogenerated>:1 +0x14
  sync.(*Mutex).Unlock()
      /opt/homebrew/Cellar/go/1.24.6/libexec/src/sync/mutex.go:65 +0x2c
  github.com/luxfi/threshold/protocols/frost/keygen.(*round2).Finalize()
      /Users/z/work/lux/threshold/protocols/frost/keygen/round2.go:159 +0x7a0
  github.com/luxfi/threshold/pkg/protocol.(*Handler).finalizeRound.func1()
      /Users/z/work/lux/threshold/pkg/protocol/handler.go:1163 +0xe4

Goroutine 1212 (running) created at:
  github.com/luxfi/threshold/pkg/protocol.(*Handler).startWorkers()
      /Users/z/work/lux/threshold/pkg/protocol/handler.go:372 +0x4fc
  github.com/luxfi/threshold/pkg/protocol.NewHandler()
      /Users/z/work/lux/threshold/pkg/protocol/handler.go:247 +0xf10
  github.com/luxfi/threshold/internal/test.(*Harness).CreateHandler()
      /Users/z/work/lux/threshold/internal/test/harness.go:91 +0x2e4
  github.com/luxfi/threshold/internal/test.RunProtocol()
      /Users/z/work/lux/threshold/internal/test/harness.go:270 +0x230
  github.com/luxfi/threshold/protocols/frost_test.TestDebugKeygen()
      /Users/z/work/lux/threshold/protocols/frost/debug_keygen_test.go:24 +0x1dc
  testing.tRunner()
      /opt/homebrew/Cellar/go/1.24.6/libexec/src/testing/testing.go:1792 +0x180
  testing.(*T).Run.gowrap1()
      /opt/homebrew/Cellar/go/1.24.6/libexec/src/testing/testing.go:1851 +0x40

Goroutine 1258 (finished) created at:
  github.com/luxfi/threshold/pkg/protocol.(*Handler).finalizeRound()
      /Users/z/work/lux/threshold/pkg/protocol/handler.go:1160 +0x26c
  github.com/luxfi/threshold/pkg/protocol.(*Handler).tryAdvanceRound()
      /Users/z/work/lux/threshold/pkg/protocol/handler.go:622 +0xae4
  github.com/luxfi/threshold/pkg/protocol.(*Handler).processMessage()
      /Users/z/work/lux/threshold/pkg/protocol/handler.go:486 +0xbb0
  github.com/luxfi/threshold/pkg/protocol.(*Handler).messageWorker()
      /Users/z/work/lux/threshold/pkg/protocol/handler.go:408 +0x338
  github.com/luxfi/threshold/pkg/protocol.(*Handler).startWorkers.gowrap2()
      /Users/z/work/lux/threshold/pkg/protocol/handler.go:361 +0x44
==================
2025-08-15T22:12:56.988-0500	DEBUG	protocol/handler.go:1649	have all messages and processed	{"{round 20 2  <nil>}": {"Key":"self","Type":15,"Integer":0,"String":"b","Interface":null}}
2025-08-15T22:12:56.988-0500	DEBUG	protocol/handler.go:596	round already finalized
2025-08-15T22:12:56.988-0500	DEBUG	protocol/handler.go:1039	sendRoundMessage	{"{from 15 0 b <nil>}": {"Key":"to","Type":15,"Integer":0,"String":"","Interface":null}, "{round 20 3  <nil>}": {"Key":"broadcast","Type":4,"Integer":1,"String":"","Interface":null}}
2025-08-15T22:12:56.989-0500	DEBUG	protocol/handler.go:1657	storing broadcast	{"{round 20 3  <nil>}": {"Key":"from","Type":15,"Integer":0,"String":"b","Interface":null}}
2025-08-15T22:12:56.989-0500	DEBUG	protocol/handler.go:1081	sent message to output channel	{"{from 15 0 b <nil>}": {"Key":"to","Type":15,"Integer":0,"String":"","Interface":null}, "{round 20 3  <nil>}": {"Key":"broadcast","Type":4,"Integer":1,"String":"","Interface":null}}
2025-08-15T22:12:56.989-0500	DEBUG	protocol/handler.go:1039	sendRoundMessage	{"{from 15 0 b <nil>}": {"Key":"to","Type":15,"Integer":0,"String":"a","Interface":null}, "{round 20 3  <nil>}": {"Key":"broadcast","Type":4,"Integer":0,"String":"","Interface":null}}
2025-08-15T22:12:56.989-0500	DEBUG	protocol/handler.go:1081	sent message to output channel	{"{from 15 0 b <nil>}": {"Key":"to","Type":15,"Integer":0,"String":"a","Interface":null}, "{round 20 3  <nil>}": {"Key":"broadcast","Type":4,"Integer":0,"String":"","Interface":null}}
2025-08-15T22:12:56.989-0500	DEBUG	protocol/handler.go:1039	sendRoundMessage	{"{from 15 0 b <nil>}": {"Key":"to","Type":15,"Integer":0,"String":"c","Interface":null}, "{round 20 3  <nil>}": {"Key":"broadcast","Type":4,"Integer":0,"String":"","Interface":null}}
2025-08-15T22:12:56.989-0500	DEBUG	protocol/handler.go:1081	sent message to output channel	{"{from 15 0 b <nil>}": {"Key":"to","Type":15,"Integer":0,"String":"c","Interface":null}, "{round 20 3  <nil>}": {"Key":"broadcast","Type":4,"Integer":0,"String":"","Interface":null}}
2025-08-15T22:12:56.989-0500	DEBUG	protocol/handler.go:1182	finalized round messages	{"{round 20 2  <nil>}": {"Key":"messages","Type":11,"Integer":3,"String":"","Interface":null}}
2025-08-15T22:12:56.989-0500	DEBUG	protocol/handler.go:1239	finalize returned next round	{"{current 20 2  <nil>}": {"Key":"next","Type":20,"Integer":3,"String":"","Interface":null}}
2025-08-15T22:12:56.989-0500	INFO	protocol/handler.go:642	storing new currentRound	{"{from 20 2  <nil>}": {"Key":"to","Type":20,"Integer":3,"String":"","Interface":null}}
2025-08-15T22:12:56.989-0500	DEBUG	protocol/handler.go:1503	processing queued messages
2025-08-15T22:12:56.989-0500	DEBUG	protocol/handler.go:1503	processing queued messages
2025-08-15T22:12:56.989-0500	DEBUG	protocol/handler.go:437	processing message	{"{from 15 0 b <nil>}": {"Key":"to","Type":15,"Integer":0,"String":"","Interface":null}, "{round 20 3  <nil>}": {"Key":"broadcast","Type":4,"Integer":1,"String":"","Interface":null}}
2025-08-15T22:12:56.989-0500	DEBUG	protocol/handler.go:1657	storing broadcast	{"{round 20 3  <nil>}": {"Key":"from","Type":15,"Integer":0,"String":"b","Interface":null}}
2025-08-15T22:12:56.990-0500	DEBUG	protocol/handler.go:470	message for different round (buffering)	{"{msg_round 20 3  <nil>}": {"Key":"current_round","Type":20,"Integer":2,"String":"","Interface":null}}
2025-08-15T22:12:56.990-0500	DEBUG	protocol/handler.go:581	tryAdvanceRound called	{"{current_round 20 2  <nil>}": {"Key":"self","Type":15,"Integer":0,"String":"a","Interface":null}}
2025-08-15T22:12:56.989-0500	DEBUG	protocol/handler.go:437	processing message	{"{from 15 0 b <nil>}": {"Key":"to","Type":15,"Integer":0,"String":"","Interface":null}, "{round 20 3  <nil>}": {"Key":"broadcast","Type":4,"Integer":1,"String":"","Interface":null}}
2025-08-15T22:12:56.991-0500	DEBUG	protocol/handler.go:1657	storing broadcast	{"{round 20 3  <nil>}": {"Key":"from","Type":15,"Integer":0,"String":"b","Interface":null}}
2025-08-15T22:12:56.991-0500	DEBUG	protocol/handler.go:470	message for different round (buffering)	{"{msg_round 20 3  <nil>}": {"Key":"current_round","Type":20,"Integer":2,"String":"","Interface":null}}
2025-08-15T22:12:56.991-0500	DEBUG	protocol/handler.go:581	tryAdvanceRound called	{"{current_round 20 2  <nil>}": {"Key":"self","Type":15,"Integer":0,"String":"c","Interface":null}}
==================
WARNING: DATA RACE
Read at 0x00c000154a78 by goroutine 1237:
  github.com/luxfi/threshold/protocols/frost/keygen.(*round2).Number()
      <autogenerated>:1 +0x38
  github.com/luxfi/threshold/pkg/protocol.(*Handler).tryAdvanceRound()
      /Users/z/work/lux/threshold/pkg/protocol/handler.go:582 +0x70
  github.com/luxfi/threshold/pkg/protocol.(*Handler).processMessage()
      /Users/z/work/lux/threshold/pkg/protocol/handler.go:486 +0xbb0
  github.com/luxfi/threshold/pkg/protocol.(*Handler).messageWorker()
      /Users/z/work/lux/threshold/pkg/protocol/handler.go:408 +0x338
  github.com/luxfi/threshold/pkg/protocol.(*Handler).startWorkers.gowrap2()
      /Users/z/work/lux/threshold/pkg/protocol/handler.go:361 +0x44

Previous write at 0x00c000154a7c by goroutine 1236:
  ??()
      -:0 +0x104ad5eb0
  sync/atomic.AddInt32()
      <autogenerated>:1 +0x14
  sync.(*Mutex).Unlock()
      /opt/homebrew/Cellar/go/1.24.6/libexec/src/sync/mutex.go:65 +0x2c
  github.com/luxfi/threshold/protocols/frost/keygen.(*round2).StoreBroadcastMessage()
      /Users/z/work/lux/threshold/protocols/frost/keygen/round2.go:62 +0x78
  github.com/luxfi/threshold/pkg/protocol.(*Handler).verifyBroadcastForRound()
      /Users/z/work/lux/threshold/pkg/protocol/handler.go:1277 +0x3a0
  github.com/luxfi/threshold/pkg/protocol.(*Handler).retryUnprocessedMessages()
      /Users/z/work/lux/threshold/pkg/protocol/handler.go:1483 +0x22c
  github.com/luxfi/threshold/pkg/protocol.(*Handler).tryAdvanceRound()
      /Users/z/work/lux/threshold/pkg/protocol/handler.go:587 +0x28c
  github.com/luxfi/threshold/pkg/protocol.(*Handler).processMessage()
      /Users/z/work/lux/threshold/pkg/protocol/handler.go:474 +0xb70
  github.com/luxfi/threshold/pkg/protocol.(*Handler).messageWorker()
      /Users/z/work/lux/threshold/pkg/protocol/handler.go:408 +0x338
  github.com/luxfi/threshold/pkg/protocol.(*Handler).startWorkers.gowrap2()
      /Users/z/work/lux/threshold/pkg/protocol/handler.go:361 +0x44

Goroutine 1237 (running) created at:
  github.com/luxfi/threshold/pkg/protocol.(*Handler).startWorkers()
      /Users/z/work/lux/threshold/pkg/protocol/handler.go:361 +0x334
  github.com/luxfi/threshold/pkg/protocol.NewHandler()
      /Users/z/work/lux/threshold/pkg/protocol/handler.go:247 +0xf10
  github.com/luxfi/threshold/internal/test.(*Harness).CreateHandler()
      /Users/z/work/lux/threshold/internal/test/harness.go:91 +0x2e4
  github.com/luxfi/threshold/internal/test.RunProtocol()
      /Users/z/work/lux/threshold/internal/test/harness.go:270 +0x230
2025-08-15T22:12:57.000-0500	INFO	protocol/handler.go:560	advanced to round
2025-08-15T22:12:57.001-0500	DEBUG	protocol/handler.go:581	tryAdvanceRound called	{"{current_round 20 3  <nil>}": {"Key":"self","Type":15,"Integer":0,"String":"b","Interface":null}}
2025-08-15T22:12:57.001-0500	DEBUG	protocol/handler.go:1600	waiting for broadcasts	{"{round 20 3  <nil>}": {"Key":"missing","Type":15,"Integer":0,"String":"[a c]","Interface":null}}
2025-08-15T22:12:57.001-0500	DEBUG	protocol/handler.go:432	processMessage: p2p round 3 START	{"{from 15 0 b <nil>}": {"Key":"to","Type":15,"Integer":0,"String":"c","Interface":null}}
2025-08-15T22:12:57.001-0500	DEBUG	protocol/handler.go:437	processing message	{"{from 15 0 b <nil>}": {"Key":"to","Type":15,"Integer":0,"String":"c","Interface":null}, "{round 20 3  <nil>}": {"Key":"broadcast","Type":4,"Integer":0,"String":"","Interface":null}}
2025-08-15T22:12:57.001-0500	DEBUG	protocol/handler.go:1662	storing message	{"{round 20 3  <nil>}": {"Key":"from","Type":15,"Integer":0,"String":"b","Interface":null}}
2025-08-15T22:12:57.001-0500	DEBUG	protocol/handler.go:470	message for different round (buffering)	{"{msg_round 20 3  <nil>}": {"Key":"current_round","Type":20,"Integer":2,"String":"","Interface":null}}
2025-08-15T22:12:57.001-0500	DEBUG	protocol/handler.go:581	tryAdvanceRound called	{"{current_round 20 2  <nil>}": {"Key":"self","Type":15,"Integer":0,"String":"c","Interface":null}}
2025-08-15T22:12:57.002-0500	DEBUG	protocol/handler.go:1591	have processed broadcast	{"{round 20 2  <nil>}": {"Key":"from","Type":15,"Integer":0,"String":"a","Interface":null}}
2025-08-15T22:12:57.000-0500	DEBUG	protocol/handler.go:432	processMessage: p2p round 3 START	{"{from 15 0 b <nil>}": {"Key":"to","Type":15,"Integer":0,"String":"a","Interface":null}}
  github.com/luxfi/threshold/protocols/frost_test.TestDebugKeygen()
      /Users/z/work/lux/threshold/protocols/frost/debug_keygen_test.go:24 +0x1dc
2025-08-15T22:12:57.002-0500	DEBUG	protocol/handler.go:437	processing message	{"{from 15 0 b <nil>}": {"Key":"to","Type":15,"Integer":0,"String":"a","Interface":null}, "{round 20 3  <nil>}": {"Key":"broadcast","Type":4,"Integer":0,"String":"","Interface":null}}
  testing.tRunner()
      /opt/homebrew/Cellar/go/1.24.6/libexec/src/testing/testing.go:1792 +0x180
  testing.(*T).Run.gowrap1()
      /opt/homebrew/Cellar/go/1.24.6/libexec/src/testing/testing.go:1851 +0x40
2025-08-15T22:12:57.002-0500	DEBUG	protocol/handler.go:1662	storing message	{"{round 20 3  <nil>}": {"Key":"from","Type":15,"Integer":0,"String":"b","Interface":null}}

Goroutine 1236 (running) created at:
  github.com/luxfi/threshold/pkg/protocol.(*Handler).startWorkers()
      /Users/z/work/lux/threshold/pkg/protocol/handler.go:361 +0x334
  github.com/luxfi/threshold/pkg/protocol.NewHandler()
      /Users/z/work/lux/threshold/pkg/protocol/handler.go:247 +0xf10
  github.com/luxfi/threshold/internal/test.(*Harness).CreateHandler()
      /Users/z/work/lux/threshold/internal/test/harness.go:91 +0x2e4
  github.com/luxfi/threshold/internal/test.RunProtocol()
      /Users/z/work/lux/threshold/internal/test/harness.go:270 +0x230
  github.com/luxfi/threshold/protocols/frost_test.TestDebugKeygen()
      /Users/z/work/lux/threshold/protocols/frost/debug_keygen_test.go:24 +0x1dc
  testing.tRunner()
      /opt/homebrew/Cellar/go/1.24.6/libexec/src/testing/testing.go:1792 +0x180
  testing.(*T).Run.gowrap1()
      /opt/homebrew/Cellar/go/1.24.6/libexec/src/testing/testing.go:1851 +0x40
==================
2025-08-15T22:12:57.002-0500	DEBUG	protocol/handler.go:1591	have processed broadcast	{"{round 20 2  <nil>}": {"Key":"from","Type":15,"Integer":0,"String":"b","Interface":null}}
2025-08-15T22:12:57.003-0500	DEBUG	protocol/handler.go:1649	have all messages and processed	{"{round 20 2  <nil>}": {"Key":"self","Type":15,"Integer":0,"String":"c","Interface":null}}
2025-08-15T22:12:57.003-0500	DEBUG	protocol/handler.go:619	finalizing round
2025-08-15T22:12:57.003-0500	DEBUG	protocol/handler.go:1039	sendRoundMessage	{"{from 15 0 c <nil>}": {"Key":"to","Type":15,"Integer":0,"String":"","Interface":null}, "{round 20 3  <nil>}": {"Key":"broadcast","Type":4,"Integer":1,"String":"","Interface":null}}
2025-08-15T22:12:57.003-0500	DEBUG	protocol/handler.go:1657	storing broadcast	{"{round 20 3  <nil>}": {"Key":"from","Type":15,"Integer":0,"String":"c","Interface":null}}
2025-08-15T22:12:57.003-0500	DEBUG	protocol/handler.go:1081	sent message to output channel	{"{from 15 0 c <nil>}": {"Key":"to","Type":15,"Integer":0,"String":"","Interface":null}, "{round 20 3  <nil>}": {"Key":"broadcast","Type":4,"Integer":1,"String":"","Interface":null}}
==================
WARNING: DATA RACE
Read at 0x00c000154f58 by goroutine 1180:
  github.com/luxfi/threshold/protocols/frost/keygen.(*round2).Number()
      <autogenerated>:1 +0x38
  github.com/luxfi/threshold/pkg/protocol.(*Handler).processMessage()
      /Users/z/work/lux/threshold/pkg/protocol/handler.go:469 +0x94c
  github.com/luxfi/threshold/pkg/protocol.(*Handler).messageWorker()
      /Users/z/work/lux/threshold/pkg/protocol/handler.go:408 +0x338
  github.com/luxfi/threshold/pkg/protocol.(*Handler).startWorkers.gowrap1()
      /Users/z/work/lux/threshold/pkg/protocol/handler.go:355 +0x44

Previous write at 0x00c000154f5c by goroutine 1184:
  ??()
      -:0 +0x104ad5eb0
  sync/atomic.AddInt32()
      <autogenerated>:1 +0x14
  sync.(*Mutex).Unlock()
      /opt/homebrew/Cellar/go/1.24.6/libexec/src/sync/mutex.go:65 +0x2c
  github.com/luxfi/threshold/protocols/frost/keygen.(*round2).StoreBroadcastMessage()
      /Users/z/work/lux/threshold/protocols/frost/keygen/round2.go:62 +0x78
  github.com/luxfi/threshold/pkg/protocol.(*Handler).verifyBroadcastForRound()
      /Users/z/work/lux/threshold/pkg/protocol/handler.go:1277 +0x3a0
  github.com/luxfi/threshold/pkg/protocol.(*Handler).retryUnprocessedMessages()
      /Users/z/work/lux/threshold/pkg/protocol/handler.go:1483 +0x22c
  github.com/luxfi/threshold/pkg/protocol.(*Handler).tryAdvanceRound()
      /Users/z/work/lux/threshold/pkg/protocol/handler.go:587 +0x28c
  github.com/luxfi/threshold/pkg/protocol.(*Handler).processMessage()
      /Users/z/work/lux/threshold/pkg/protocol/handler.go:474 +0xb70
  github.com/luxfi/threshold/pkg/protocol.(*Handler).messageWorker()
      /Users/z/work/lux/threshold/pkg/protocol/handler.go:408 +0x338
  github.com/luxfi/threshold/pkg/protocol.(*Handler).startWorkers.gowrap2()
      /Users/z/work/lux/threshold/pkg/protocol/handler.go:361 +0x44

Goroutine 1180 (running) created at:
  github.com/luxfi/threshold/pkg/protocol.(*Handler).startWorkers()
      /Users/z/work/lux/threshold/pkg/protocol/handler.go:355 +0x27c
  github.com/luxfi/threshold/pkg/protocol.NewHandler()
      /Users/z/work/lux/threshold/pkg/protocol/handler.go:247 +0xf10
  github.com/luxfi/threshold/internal/test.(*Harness).CreateHandler()
      /Users/z/work/lux/threshold/internal/test/harness.go:91 +0x2e4
  github.com/luxfi/threshold/internal/test.RunProtocol()
      /Users/z/work/lux/threshold/internal/test/harness.go:270 +0x230
  github.com/luxfi/threshold/protocols/frost_test.TestDebugKeygen()
      /Users/z/work/lux/threshold/protocols/frost/debug_keygen_test.go:24 +0x1dc
  testing.tRunner()
      /opt/homebrew/Cellar/go/1.24.6/libexec/src/testing/testing.go:1792 +0x180
  testing.(*T).Run.gowrap1()
      /opt/homebrew/Cellar/go/1.24.6/libexec/src/testing/testing.go:1851 +0x40

Goroutine 1184 (running) created at:
  github.com/luxfi/threshold/pkg/protocol.(*Handler).startWorkers()
      /Users/z/work/lux/threshold/pkg/protocol/handler.go:361 +0x334
  github.com/luxfi/threshold/pkg/protocol.NewHandler()
      /Users/z/work/lux/threshold/pkg/protocol/handler.go:247 +0xf10
  github.com/luxfi/threshold/internal/test.(*Harness).CreateHandler()
      /Users/z/work/lux/threshold/internal/test/harness.go:91 +0x2e4
  github.com/luxfi/threshold/internal/test.RunProtocol()
      /Users/z/work/lux/threshold/internal/test/harness.go:270 +0x230
  github.com/luxfi/threshold/protocols/frost_test.TestDebugKeygen()
      /Users/z/work/lux/threshold/protocols/frost/debug_keygen_test.go:24 +0x1dc
  testing.tRunner()
      /opt/homebrew/Cellar/go/1.24.6/libexec/src/testing/testing.go:1792 +0x180
  testing.(*T).Run.gowrap1()
      /opt/homebrew/Cellar/go/1.24.6/libexec/src/testing/testing.go:1851 +0x40
==================
2025-08-15T22:12:57.003-0500	DEBUG	protocol/handler.go:470	message for different round (buffering)	{"{msg_round 20 3  <nil>}": {"Key":"current_round","Type":20,"Integer":2,"String":"","Interface":null}}
2025-08-15T22:12:57.003-0500	DEBUG	protocol/handler.go:581	tryAdvanceRound called	{"{current_round 20 2  <nil>}": {"Key":"self","Type":15,"Integer":0,"String":"a","Interface":null}}
==================
WARNING: DATA RACE
Write at 0x00c000154f38 by goroutine 1184:
  ??()
      -:0 +0x104ad56f0
  sync/atomic.StorePointer()
      /opt/homebrew/Cellar/go/1.24.6/libexec/src/runtime/atomic_pointer.go:92 +0x38
  internal/sync.(*HashTrieMap[go.shape.interface {},go.shape.interface {}]).initSlow()
      /opt/homebrew/Cellar/go/1.24.6/libexec/src/internal/sync/hashtriemap.go:50 +0xb8
  internal/sync.(*HashTrieMap[go.shape.interface {},go.shape.interface {}]).init()
      /opt/homebrew/Cellar/go/1.24.6/libexec/src/internal/sync/hashtriemap.go:32 +0x44
  internal/sync.(*HashTrieMap[go.shape.interface {},go.shape.interface {}]).Swap()
      /opt/homebrew/Cellar/go/1.24.6/libexec/src/internal/sync/hashtriemap.go:206 +0x54
  internal/sync.(*HashTrieMap[go.shape.interface {},go.shape.interface {}]).Store()
      /opt/homebrew/Cellar/go/1.24.6/libexec/src/internal/sync/hashtriemap.go:200 +0x54
  sync.(*Map).Store()
      /opt/homebrew/Cellar/go/1.24.6/libexec/src/sync/hashtriemap.go:55 +0x54
  github.com/luxfi/threshold/protocols/frost/keygen.(*round2).StoreBroadcastMessage()
      /Users/z/work/lux/threshold/protocols/frost/keygen/round2.go:117 +0x56c
  github.com/luxfi/threshold/pkg/protocol.(*Handler).verifyBroadcastForRound()
      /Users/z/work/lux/threshold/pkg/protocol/handler.go:1277 +0x3a0
  github.com/luxfi/threshold/pkg/protocol.(*Handler).retryUnprocessedMessages()
      /Users/z/work/lux/threshold/pkg/protocol/handler.go:1483 +0x22c
  github.com/luxfi/threshold/pkg/protocol.(*Handler).tryAdvanceRound()
      /Users/z/work/lux/threshold/pkg/protocol/handler.go:587 +0x28c
  github.com/luxfi/threshold/pkg/protocol.(*Handler).processMessage()
      /Users/z/work/lux/threshold/pkg/protocol/handler.go:474 +0xb70
  github.com/luxfi/threshold/pkg/protocol.(*Handler).messageWorker()
      /Users/z/work/lux/threshold/pkg/protocol/handler.go:408 +0x338
  github.com/luxfi/threshold/pkg/protocol.(*Handler).startWorkers.gowrap2()
      /Users/z/work/lux/threshold/pkg/protocol/handler.go:361 +0x44

Previous read at 0x00c000154f38 by goroutine 1180:
  github.com/luxfi/threshold/protocols/frost/keygen.(*round2).Number()
      <autogenerated>:1 +0x38
  github.com/luxfi/threshold/pkg/protocol.(*Handler).tryAdvanceRound()
      /Users/z/work/lux/threshold/pkg/protocol/handler.go:587 +0x280
  github.com/luxfi/threshold/pkg/protocol.(*Handler).processMessage()
      /Users/z/work/lux/threshold/pkg/protocol/handler.go:474 +0xb70
  github.com/luxfi/threshold/pkg/protocol.(*Handler).messageWorker()
      /Users/z/work/lux/threshold/pkg/protocol/handler.go:408 +0x338
  github.com/luxfi/threshold/pkg/protocol.(*Handler).startWorkers.gowrap1()
      /Users/z/work/lux/threshold/pkg/protocol/handler.go:355 +0x44

Goroutine 1184 (running) created at:
  github.com/luxfi/threshold/pkg/protocol.(*Handler).startWorkers()
      /Users/z/work/lux/threshold/pkg/protocol/handler.go:361 +0x334
  github.com/luxfi/threshold/pkg/protocol.NewHandler()
      /Users/z/work/lux/threshold/pkg/protocol/handler.go:247 +0xf10
  github.com/luxfi/threshold/internal/test.(*Harness).CreateHandler()
      /Users/z/work/lux/threshold/internal/test/harness.go:91 +0x2e4
  github.com/luxfi/threshold/internal/test.RunProtocol()
      /Users/z/work/lux/threshold/internal/test/harness.go:270 +0x230
  github.com/luxfi/threshold/protocols/frost_test.TestDebugKeygen()
      /Users/z/work/lux/threshold/protocols/frost/debug_keygen_test.go:24 +0x1dc
  testing.tRunner()
      /opt/homebrew/Cellar/go/1.24.6/libexec/src/testing/testing.go:1792 +0x180
  testing.(*T).Run.gowrap1()
      /opt/homebrew/Cellar/go/1.24.6/libexec/src/testing/testing.go:1851 +0x40

Goroutine 1180 (running) created at:
  github.com/luxfi/threshold/pkg/protocol.(*Handler).startWorkers()
      /Users/z/work/lux/threshold/pkg/protocol/handler.go:355 +0x27c
  github.com/luxfi/threshold/pkg/protocol.NewHandler()
      /Users/z/work/lux/threshold/pkg/protocol/handler.go:247 +0xf10
  github.com/luxfi/threshold/internal/test.(*Harness).CreateHandler()
      /Users/z/work/lux/threshold/internal/test/harness.go:91 +0x2e4
  github.com/luxfi/threshold/internal/test.RunProtocol()
      /Users/z/work/lux/threshold/internal/test/harness.go:270 +0x230
  github.com/luxfi/threshold/protocols/frost_test.TestDebugKeygen()
      /Users/z/work/lux/threshold/protocols/frost/debug_keygen_test.go:24 +0x1dc
  testing.tRunner()
      /opt/homebrew/Cellar/go/1.24.6/libexec/src/testing/testing.go:1792 +0x180
  testing.(*T).Run.gowrap1()
      /opt/homebrew/Cellar/go/1.24.6/libexec/src/testing/testing.go:1851 +0x40
==================
2025-08-15T22:12:57.003-0500	DEBUG	protocol/handler.go:1039	sendRoundMessage	{"{from 15 0 c <nil>}": {"Key":"to","Type":15,"Integer":0,"String":"a","Interface":null}, "{round 20 3  <nil>}": {"Key":"broadcast","Type":4,"Integer":0,"String":"","Interface":null}}
2025-08-15T22:12:57.004-0500	DEBUG	protocol/handler.go:1081	sent message to output channel	{"{from 15 0 c <nil>}": {"Key":"to","Type":15,"Integer":0,"String":"a","Interface":null}, "{round 20 3  <nil>}": {"Key":"broadcast","Type":4,"Integer":0,"String":"","Interface":null}}
2025-08-15T22:12:57.004-0500	DEBUG	protocol/handler.go:1039	sendRoundMessage	{"{from 15 0 c <nil>}": {"Key":"to","Type":15,"Integer":0,"String":"b","Interface":null}, "{round 20 3  <nil>}": {"Key":"broadcast","Type":4,"Integer":0,"String":"","Interface":null}}
2025-08-15T22:12:57.004-0500	DEBUG	protocol/handler.go:1081	sent message to output channel	{"{from 15 0 c <nil>}": {"Key":"to","Type":15,"Integer":0,"String":"b","Interface":null}, "{round 20 3  <nil>}": {"Key":"broadcast","Type":4,"Integer":0,"String":"","Interface":null}}
2025-08-15T22:12:57.004-0500	DEBUG	protocol/handler.go:1182	finalized round messages	{"{round 20 2  <nil>}": {"Key":"messages","Type":11,"Integer":3,"String":"","Interface":null}}
2025-08-15T22:12:57.004-0500	DEBUG	protocol/handler.go:1239	finalize returned next round	{"{current 20 2  <nil>}": {"Key":"next","Type":20,"Integer":3,"String":"","Interface":null}}
2025-08-15T22:12:57.004-0500	INFO	protocol/handler.go:642	storing new currentRound	{"{from 20 2  <nil>}": {"Key":"to","Type":20,"Integer":3,"String":"","Interface":null}}
2025-08-15T22:12:57.004-0500	DEBUG	protocol/handler.go:1503	processing queued messages
2025-08-15T22:12:57.004-0500	DEBUG	protocol/handler.go:432	processMessage: p2p round 3 START	{"{from 15 0 c <nil>}": {"Key":"to","Type":15,"Integer":0,"String":"a","Interface":null}}
2025-08-15T22:12:57.004-0500	DEBUG	protocol/handler.go:437	processing message	{"{from 15 0 c <nil>}": {"Key":"to","Type":15,"Integer":0,"String":"a","Interface":null}, "{round 20 3  <nil>}": {"Key":"broadcast","Type":4,"Integer":0,"String":"","Interface":null}}
2025-08-15T22:12:57.004-0500	DEBUG	protocol/handler.go:1662	storing message	{"{round 20 3  <nil>}": {"Key":"from","Type":15,"Integer":0,"String":"c","Interface":null}}
==================
WARNING: DATA RACE
Read at 0x00c000154f28 by goroutine 1179:
  github.com/luxfi/threshold/protocols/frost/keygen.(*round2).Number()
      <autogenerated>:1 +0x38
  github.com/luxfi/threshold/pkg/protocol.(*Handler).processMessage()
      /Users/z/work/lux/threshold/pkg/protocol/handler.go:469 +0x94c
  github.com/luxfi/threshold/pkg/protocol.(*Handler).messageWorker()
      /Users/z/work/lux/threshold/pkg/protocol/handler.go:408 +0x338
  github.com/luxfi/threshold/pkg/protocol.(*Handler).startWorkers.gowrap1()
      /Users/z/work/lux/threshold/pkg/protocol/handler.go:355 +0x44

Previous write at 0x00c000154f2c by goroutine 1184:
  ??()
      -:0 +0x104ad5eb0
  sync/atomic.AddInt32()
      <autogenerated>:1 +0x14
  internal/sync.(*HashTrieMap[go.shape.interface {},go.shape.interface {}]).initSlow.deferwrap1()
      /opt/homebrew/Cellar/go/1.24.6/libexec/src/internal/sync/hashtriemap.go:39 +0x34
  runtime.deferreturn()
      /opt/homebrew/Cellar/go/1.24.6/libexec/src/runtime/panic.go:610 +0x5c
  internal/sync.(*HashTrieMap[go.shape.interface {},go.shape.interface {}]).init()
      /opt/homebrew/Cellar/go/1.24.6/libexec/src/internal/sync/hashtriemap.go:32 +0x44
  internal/sync.(*HashTrieMap[go.shape.interface {},go.shape.interface {}]).Swap()
      /opt/homebrew/Cellar/go/1.24.6/libexec/src/internal/sync/hashtriemap.go:206 +0x54
  internal/sync.(*HashTrieMap[go.shape.interface {},go.shape.interface {}]).Store()
      /opt/homebrew/Cellar/go/1.24.6/libexec/src/internal/sync/hashtriemap.go:200 +0x54
  sync.(*Map).Store()
      /opt/homebrew/Cellar/go/1.24.6/libexec/src/sync/hashtriemap.go:55 +0x54
  github.com/luxfi/threshold/protocols/frost/keygen.(*round2).StoreBroadcastMessage()
      /Users/z/work/lux/threshold/protocols/frost/keygen/round2.go:117 +0x56c
  github.com/luxfi/threshold/pkg/protocol.(*Handler).verifyBroadcastForRound()
      /Users/z/work/lux/threshold/pkg/protocol/handler.go:1277 +0x3a0
  github.com/luxfi/threshold/pkg/protocol.(*Handler).retryUnprocessedMessages()
      /Users/z/work/lux/threshold/pkg/protocol/handler.go:1483 +0x22c
  github.com/luxfi/threshold/pkg/protocol.(*Handler).tryAdvanceRound()
      /Users/z/work/lux/threshold/pkg/protocol/handler.go:587 +0x28c
  github.com/luxfi/threshold/pkg/protocol.(*Handler).processMessage()
      /Users/z/work/lux/threshold/pkg/protocol/handler.go:474 +0xb70
  github.com/luxfi/threshold/pkg/protocol.(*Handler).messageWorker()
      /Users/z/work/lux/threshold/pkg/protocol/handler.go:408 +0x338
  github.com/luxfi/threshold/pkg/protocol.(*Handler).startWorkers.gowrap2()
      /Users/z/work/lux/threshold/pkg/protocol/handler.go:361 +0x44

Goroutine 1179 (running) created at:
  github.com/luxfi/threshold/pkg/protocol.(*Handler).startWorkers()
      /Users/z/work/lux/threshold/pkg/protocol/handler.go:355 +0x27c
  github.com/luxfi/threshold/pkg/protocol.NewHandler()
      /Users/z/work/lux/threshold/pkg/protocol/handler.go:247 +0xf10
  github.com/luxfi/threshold/internal/test.(*Harness).CreateHandler()
      /Users/z/work/lux/threshold/internal/test/harness.go:91 +0x2e4
  github.com/luxfi/threshold/internal/test.RunProtocol()
      /Users/z/work/lux/threshold/internal/test/harness.go:270 +0x230
  github.com/luxfi/threshold/protocols/frost_test.TestDebugKeygen()
      /Users/z/work/lux/threshold/protocols/frost/debug_keygen_test.go:24 +0x1dc
  testing.tRunner()
      /opt/homebrew/Cellar/go/1.24.6/libexec/src/testing/testing.go:1792 +0x180
  testing.(*T).Run.gowrap1()
      /opt/homebrew/Cellar/go/1.24.6/libexec/src/testing/testing.go:1851 +0x40

Goroutine 1184 (running) created at:
  github.com/luxfi/threshold/pkg/protocol.(*Handler).startWorkers()
      /Users/z/work/lux/threshold/pkg/protocol/handler.go:361 +0x334
  github.com/luxfi/threshold/pkg/protocol.NewHandler()
      /Users/z/work/lux/threshold/pkg/protocol/handler.go:247 +0xf10
  github.com/luxfi/threshold/internal/test.(*Harness).CreateHandler()
      /Users/z/work/lux/threshold/internal/test/harness.go:91 +0x2e4
  github.com/luxfi/threshold/internal/test.RunProtocol()
      /Users/z/work/lux/threshold/internal/test/harness.go:270 +0x230
  github.com/luxfi/threshold/protocols/frost_test.TestDebugKeygen()
      /Users/z/work/lux/threshold/protocols/frost/debug_keygen_test.go:24 +0x1dc
  testing.tRunner()
      /opt/homebrew/Cellar/go/1.24.6/libexec/src/testing/testing.go:1792 +0x180
  testing.(*T).Run.gowrap1()
      /opt/homebrew/Cellar/go/1.24.6/libexec/src/testing/testing.go:1851 +0x40
==================
2025-08-15T22:12:57.004-0500	DEBUG	protocol/handler.go:470	message for different round (buffering)	{"{msg_round 20 3  <nil>}": {"Key":"current_round","Type":20,"Integer":2,"String":"","Interface":null}}
2025-08-15T22:12:57.005-0500	DEBUG	protocol/handler.go:581	tryAdvanceRound called	{"{current_round 20 2  <nil>}": {"Key":"self","Type":15,"Integer":0,"String":"a","Interface":null}}
2025-08-15T22:12:57.005-0500	DEBUG	protocol/handler.go:437	processing message	{"{from 15 0 c <nil>}": {"Key":"to","Type":15,"Integer":0,"String":"","Interface":null}, "{round 20 3  <nil>}": {"Key":"broadcast","Type":4,"Integer":1,"String":"","Interface":null}}
2025-08-15T22:12:57.005-0500	DEBUG	protocol/handler.go:1657	storing broadcast	{"{round 20 3  <nil>}": {"Key":"from","Type":15,"Integer":0,"String":"c","Interface":null}}
2025-08-15T22:12:57.005-0500	DEBUG	protocol/handler.go:581	tryAdvanceRound called	{"{current_round 20 3  <nil>}": {"Key":"self","Type":15,"Integer":0,"String":"b","Interface":null}}
2025-08-15T22:12:57.005-0500	DEBUG	protocol/handler.go:1591	have processed broadcast	{"{round 20 3  <nil>}": {"Key":"from","Type":15,"Integer":0,"String":"c","Interface":null}}
2025-08-15T22:12:57.005-0500	DEBUG	protocol/handler.go:1600	waiting for broadcasts	{"{round 20 3  <nil>}": {"Key":"missing","Type":15,"Integer":0,"String":"[a]","Interface":null}}
2025-08-15T22:12:57.005-0500	DEBUG	protocol/handler.go:1503	processing queued messages
2025-08-15T22:12:57.005-0500	DEBUG	protocol/handler.go:581	tryAdvanceRound called	{"{current_round 20 3  <nil>}": {"Key":"self","Type":15,"Integer":0,"String":"b","Interface":null}}
2025-08-15T22:12:57.005-0500	DEBUG	protocol/handler.go:1591	have processed broadcast	{"{round 20 3  <nil>}": {"Key":"from","Type":15,"Integer":0,"String":"c","Interface":null}}
2025-08-15T22:12:57.005-0500	DEBUG	protocol/handler.go:1600	waiting for broadcasts	{"{round 20 3  <nil>}": {"Key":"missing","Type":15,"Integer":0,"String":"[a]","Interface":null}}
2025-08-15T22:12:57.005-0500	DEBUG	protocol/handler.go:432	processMessage: p2p round 3 START	{"{from 15 0 c <nil>}": {"Key":"to","Type":15,"Integer":0,"String":"b","Interface":null}}
2025-08-15T22:12:57.005-0500	DEBUG	protocol/handler.go:437	processing message	{"{from 15 0 c <nil>}": {"Key":"to","Type":15,"Integer":0,"String":"b","Interface":null}, "{round 20 3  <nil>}": {"Key":"broadcast","Type":4,"Integer":0,"String":"","Interface":null}}
2025-08-15T22:12:57.005-0500	DEBUG	protocol/handler.go:1662	storing message	{"{round 20 3  <nil>}": {"Key":"from","Type":15,"Integer":0,"String":"c","Interface":null}}
2025-08-15T22:12:57.006-0500	DEBUG	protocol/handler.go:437	processing message	{"{from 15 0 c <nil>}": {"Key":"to","Type":15,"Integer":0,"String":"","Interface":null}, "{round 20 3  <nil>}": {"Key":"broadcast","Type":4,"Integer":1,"String":"","Interface":null}}
2025-08-15T22:12:57.006-0500	DEBUG	protocol/handler.go:1657	storing broadcast	{"{round 20 3  <nil>}": {"Key":"from","Type":15,"Integer":0,"String":"c","Interface":null}}
2025-08-15T22:12:57.007-0500	DEBUG	protocol/handler.go:470	message for different round (buffering)	{"{msg_round 20 3  <nil>}": {"Key":"current_round","Type":20,"Integer":2,"String":"","Interface":null}}
2025-08-15T22:12:57.007-0500	DEBUG	protocol/handler.go:581	tryAdvanceRound called	{"{current_round 20 3  <nil>}": {"Key":"self","Type":15,"Integer":0,"String":"b","Interface":null}}
2025-08-15T22:12:57.007-0500	DEBUG	protocol/handler.go:1591	have processed broadcast	{"{round 20 3  <nil>}": {"Key":"from","Type":15,"Integer":0,"String":"c","Interface":null}}
2025-08-15T22:12:57.007-0500	DEBUG	protocol/handler.go:1600	waiting for broadcasts	{"{round 20 3  <nil>}": {"Key":"missing","Type":15,"Integer":0,"String":"[a]","Interface":null}}
==================
WARNING: DATA RACE
Write at 0x00c000154f5c by goroutine 1179:
  ??()
      -:0 +0x104ada650
  sync/atomic.CompareAndSwapInt32()
      <autogenerated>:1 +0x18
  sync.(*Mutex).Lock()
      /opt/homebrew/Cellar/go/1.24.6/libexec/src/sync/mutex.go:46 +0x2c
  github.com/luxfi/threshold/protocols/frost/keygen.(*round2).StoreBroadcastMessage()
      /Users/z/work/lux/threshold/protocols/frost/keygen/round2.go:57 +0x58
  github.com/luxfi/threshold/pkg/protocol.(*Handler).verifyBroadcastForRound()
      /Users/z/work/lux/threshold/pkg/protocol/handler.go:1277 +0x3a0
  github.com/luxfi/threshold/pkg/protocol.(*Handler).retryUnprocessedMessages()
      /Users/z/work/lux/threshold/pkg/protocol/handler.go:1483 +0x22c
  github.com/luxfi/threshold/pkg/protocol.(*Handler).tryAdvanceRound()
      /Users/z/work/lux/threshold/pkg/protocol/handler.go:587 +0x28c
  github.com/luxfi/threshold/pkg/protocol.(*Handler).processMessage()
      /Users/z/work/lux/threshold/pkg/protocol/handler.go:474 +0xb70
  github.com/luxfi/threshold/pkg/protocol.(*Handler).messageWorker()
      /Users/z/work/lux/threshold/pkg/protocol/handler.go:408 +0x338
  github.com/luxfi/threshold/pkg/protocol.(*Handler).startWorkers.gowrap1()
      /Users/z/work/lux/threshold/pkg/protocol/handler.go:355 +0x44

Previous read at 0x00c000154f58 by goroutine 1185:
  github.com/luxfi/threshold/protocols/frost/keygen.(*round2).Number()
      <autogenerated>:1 +0x38
  github.com/luxfi/threshold/pkg/protocol.(*Handler).hasAllMessages()
      /Users/z/work/lux/threshold/pkg/protocol/handler.go:1570 +0x40
  github.com/luxfi/threshold/pkg/protocol.(*Handler).tryAdvanceRound()
      /Users/z/work/lux/threshold/pkg/protocol/handler.go:589 +0x29c
  github.com/luxfi/threshold/pkg/protocol.(*Handler).roundProcessor()
      /Users/z/work/lux/threshold/pkg/protocol/handler.go:569 +0xb4
  github.com/luxfi/threshold/pkg/protocol.(*Handler).startWorkers.func1()
      /Users/z/work/lux/threshold/pkg/protocol/handler.go:374 +0x78

Goroutine 1179 (running) created at:
  github.com/luxfi/threshold/pkg/protocol.(*Handler).startWorkers()
      /Users/z/work/lux/threshold/pkg/protocol/handler.go:355 +0x27c
  github.com/luxfi/threshold/pkg/protocol.NewHandler()
      /Users/z/work/lux/threshold/pkg/protocol/handler.go:247 +0xf10
  github.com/luxfi/threshold/internal/test.(*Harness).CreateHandler()
      /Users/z/work/lux/threshold/internal/test/harness.go:91 +0x2e4
  github.com/luxfi/threshold/internal/test.RunProtocol()
      /Users/z/work/lux/threshold/internal/test/harness.go:270 +0x230
  github.com/luxfi/threshold/protocols/frost_test.TestDebugKeygen()
      /Users/z/work/lux/threshold/protocols/frost/debug_keygen_test.go:24 +0x1dc
  testing.tRunner()
      /opt/homebrew/Cellar/go/1.24.6/libexec/src/testing/testing.go:1792 +0x180
  testing.(*T).Run.gowrap1()
      /opt/homebrew/Cellar/go/1.24.6/libexec/src/testing/testing.go:1851 +0x40

Goroutine 1185 (running) created at:
  github.com/luxfi/threshold/pkg/protocol.(*Handler).startWorkers()
      /Users/z/work/lux/threshold/pkg/protocol/handler.go:372 +0x4fc
  github.com/luxfi/threshold/pkg/protocol.NewHandler()
      /Users/z/work/lux/threshold/pkg/protocol/handler.go:247 +0xf10
  github.com/luxfi/threshold/internal/test.(*Harness).CreateHandler()
      /Users/z/work/lux/threshold/internal/test/harness.go:91 +0x2e4
  github.com/luxfi/threshold/internal/test.RunProtocol()
      /Users/z/work/lux/threshold/internal/test/harness.go:270 +0x230
  github.com/luxfi/threshold/protocols/frost_test.TestDebugKeygen()
      /Users/z/work/lux/threshold/protocols/frost/debug_keygen_test.go:24 +0x1dc
  testing.tRunner()
      /opt/homebrew/Cellar/go/1.24.6/libexec/src/testing/testing.go:1792 +0x180
  testing.(*T).Run.gowrap1()
      /opt/homebrew/Cellar/go/1.24.6/libexec/src/testing/testing.go:1851 +0x40
==================
2025-08-15T22:12:57.007-0500	DEBUG	protocol/handler.go:1591	have processed broadcast	{"{round 20 2  <nil>}": {"Key":"from","Type":15,"Integer":0,"String":"b","Interface":null}}
2025-08-15T22:12:57.010-0500	DEBUG	protocol/handler.go:1591	have processed broadcast	{"{round 20 2  <nil>}": {"Key":"from","Type":15,"Integer":0,"String":"c","Interface":null}}
==================
WARNING: DATA RACE
Read at 0x00c000154f58 by goroutine 1185:
  github.com/luxfi/threshold/protocols/frost/keygen.(*round2).MessageContent()
      <autogenerated>:1 +0x38
  github.com/luxfi/threshold/pkg/protocol.(*Handler).hasAllMessages()
      /Users/z/work/lux/threshold/pkg/protocol/handler.go:1617 +0x6c8
  github.com/luxfi/threshold/pkg/protocol.(*Handler).tryAdvanceRound()
      /Users/z/work/lux/threshold/pkg/protocol/handler.go:589 +0x29c
  github.com/luxfi/threshold/pkg/protocol.(*Handler).roundProcessor()
      /Users/z/work/lux/threshold/pkg/protocol/handler.go:569 +0xb4
  github.com/luxfi/threshold/pkg/protocol.(*Handler).startWorkers.func1()
      /Users/z/work/lux/threshold/pkg/protocol/handler.go:374 +0x78

Previous write at 0x00c000154f5c by goroutine 1179:
  ??()
      -:0 +0x104ad5eb0
  sync/atomic.AddInt32()
      <autogenerated>:1 +0x14
  sync.(*Mutex).Unlock()
      /opt/homebrew/Cellar/go/1.24.6/libexec/src/sync/mutex.go:65 +0x2c
  github.com/luxfi/threshold/protocols/frost/keygen.(*round2).StoreBroadcastMessage()
      /Users/z/work/lux/threshold/protocols/frost/keygen/round2.go:62 +0x78
  github.com/luxfi/threshold/pkg/protocol.(*Handler).verifyBroadcastForRound()
      /Users/z/work/lux/threshold/pkg/protocol/handler.go:1277 +0x3a0
  github.com/luxfi/threshold/pkg/protocol.(*Handler).retryUnprocessedMessages()
      /Users/z/work/lux/threshold/pkg/protocol/handler.go:1483 +0x22c
  github.com/luxfi/threshold/pkg/protocol.(*Handler).tryAdvanceRound()
      /Users/z/work/lux/threshold/pkg/protocol/handler.go:587 +0x28c
  github.com/luxfi/threshold/pkg/protocol.(*Handler).processMessage()
      /Users/z/work/lux/threshold/pkg/protocol/handler.go:474 +0xb70
  github.com/luxfi/threshold/pkg/protocol.(*Handler).messageWorker()
      /Users/z/work/lux/threshold/pkg/protocol/handler.go:408 +0x338
  github.com/luxfi/threshold/pkg/protocol.(*Handler).startWorkers.gowrap1()
      /Users/z/work/lux/threshold/pkg/protocol/handler.go:355 +0x44

Goroutine 1185 (running) created at:
  github.com/luxfi/threshold/pkg/protocol.(*Handler).startWorkers()
      /Users/z/work/lux/threshold/pkg/protocol/handler.go:372 +0x4fc
  github.com/luxfi/threshold/pkg/protocol.NewHandler()
      /Users/z/work/lux/threshold/pkg/protocol/handler.go:247 +0xf10
  github.com/luxfi/threshold/internal/test.(*Harness).CreateHandler()
      /Users/z/work/lux/threshold/internal/test/harness.go:91 +0x2e4
  github.com/luxfi/threshold/internal/test.RunProtocol()
      /Users/z/work/lux/threshold/internal/test/harness.go:270 +0x230
  github.com/luxfi/threshold/protocols/frost_test.TestDebugKeygen()
      /Users/z/work/lux/threshold/protocols/frost/debug_keygen_test.go:24 +0x1dc
  testing.tRunner()
      /opt/homebrew/Cellar/go/1.24.6/libexec/src/testing/testing.go:1792 +0x180
  testing.(*T).Run.gowrap1()
      /opt/homebrew/Cellar/go/1.24.6/libexec/src/testing/testing.go:1851 +0x40

Goroutine 1179 (running) created at:
  github.com/luxfi/threshold/pkg/protocol.(*Handler).startWorkers()
      /Users/z/work/lux/threshold/pkg/protocol/handler.go:355 +0x27c
  github.com/luxfi/threshold/pkg/protocol.NewHandler()
      /Users/z/work/lux/threshold/pkg/protocol/handler.go:247 +0xf10
  github.com/luxfi/threshold/internal/test.(*Harness).CreateHandler()
      /Users/z/work/lux/threshold/internal/test/harness.go:91 +0x2e4
  github.com/luxfi/threshold/internal/test.RunProtocol()
      /Users/z/work/lux/threshold/internal/test/harness.go:270 +0x230
  github.com/luxfi/threshold/protocols/frost_test.TestDebugKeygen()
      /Users/z/work/lux/threshold/protocols/frost/debug_keygen_test.go:24 +0x1dc
  testing.tRunner()
      /opt/homebrew/Cellar/go/1.24.6/libexec/src/testing/testing.go:1792 +0x180
  testing.(*T).Run.gowrap1()
      /opt/homebrew/Cellar/go/1.24.6/libexec/src/testing/testing.go:1851 +0x40
==================
2025-08-15T22:12:57.010-0500	DEBUG	protocol/handler.go:1649	have all messages and processed	{"{round 20 2  <nil>}": {"Key":"self","Type":15,"Integer":0,"String":"a","Interface":null}}
2025-08-15T22:12:57.010-0500	DEBUG	protocol/handler.go:619	finalizing round
2025-08-15T22:12:57.007-0500	DEBUG	protocol/handler.go:581	tryAdvanceRound called	{"{current_round 20 2  <nil>}": {"Key":"self","Type":15,"Integer":0,"String":"a","Interface":null}}
2025-08-15T22:12:57.010-0500	DEBUG	protocol/handler.go:1039	sendRoundMessage	{"{from 15 0 a <nil>}": {"Key":"to","Type":15,"Integer":0,"String":"","Interface":null}, "{round 20 3  <nil>}": {"Key":"broadcast","Type":4,"Integer":1,"String":"","Interface":null}}
==================
WARNING: DATA RACE
2025-08-15T22:12:57.010-0500	DEBUG	protocol/handler.go:1657	storing broadcast	{"{round 20 3  <nil>}": {"Key":"from","Type":15,"Integer":0,"String":"a","Interface":null}}
Read at 0x00c000154f58 by goroutine 1182:
  github.com/luxfi/threshold/protocols/frost/keygen.(*round2).Number()
      <autogenerated>:1 +0x38
  github.com/luxfi/threshold/pkg/protocol.(*Handler).tryAdvanceRound()
      /Users/z/work/lux/threshold/pkg/protocol/handler.go:587 +0x280
  github.com/luxfi/threshold/pkg/protocol.(*Handler).processMessage()
      /Users/z/work/lux/threshold/pkg/protocol/handler.go:474 +0xb70
  github.com/luxfi/threshold/pkg/protocol.(*Handler).messageWorker()
      /Users/z/work/lux/threshold/pkg/protocol/handler.go:408 +0x338
  github.com/luxfi/threshold/pkg/protocol.(*Handler).startWorkers.gowrap2()
      /Users/z/work/lux/threshold/pkg/protocol/handler.go:361 +0x44

Previous write at 0x00c000154f5c by goroutine 1262:
  ??()
      -:0 +0x104ad5eb0
  sync/atomic.AddInt32()
      <autogenerated>:1 +0x14
  sync.(*Mutex).Unlock()
      /opt/homebrew/Cellar/go/1.24.6/libexec/src/sync/mutex.go:65 +0x2c
  github.com/luxfi/threshold/protocols/frost/keygen.(*round2).Finalize()
      /Users/z/work/lux/threshold/protocols/frost/keygen/round2.go:159 +0x7a0
  github.com/luxfi/threshold/pkg/protocol.(*Handler).finalizeRound.func1()
      /Users/z/work/lux/threshold/pkg/protocol/handler.go:1163 +0xe4

2025-08-15T22:12:57.011-0500	DEBUG	protocol/handler.go:1081	sent message to output channel	{"{from 15 0 a <nil>}": {"Key":"to","Type":15,"Integer":0,"String":"","Interface":null}, "{round 20 3  <nil>}": {"Key":"broadcast","Type":4,"Integer":1,"String":"","Interface":null}}
2025-08-15T22:12:57.011-0500	DEBUG	protocol/handler.go:1039	sendRoundMessage	{"{from 15 0 a <nil>}": {"Key":"to","Type":15,"Integer":0,"String":"b","Interface":null}, "{round 20 3  <nil>}": {"Key":"broadcast","Type":4,"Integer":0,"String":"","Interface":null}}
Goroutine 1182 (running) created at:
  github.com/luxfi/threshold/pkg/protocol.(*Handler).startWorkers()
      /Users/z/work/lux/threshold/pkg/protocol/handler.go:361 +0x334
  github.com/luxfi/threshold/pkg/protocol.NewHandler()
      /Users/z/work/lux/threshold/pkg/protocol/handler.go:247 +0xf10
  github.com/luxfi/threshold/internal/test.(*Harness).CreateHandler()
      /Users/z/work/lux/threshold/internal/test/harness.go:91 +0x2e4
  github.com/luxfi/threshold/internal/test.RunProtocol()
      /Users/z/work/lux/threshold/internal/test/harness.go:270 +0x230
  github.com/luxfi/threshold/protocols/frost_test.TestDebugKeygen()
      /Users/z/work/lux/threshold/protocols/frost/debug_keygen_test.go:24 +0x1dc
  testing.tRunner()
      /opt/homebrew/Cellar/go/1.24.6/libexec/src/testing/testing.go:1792 +0x180
  testing.(*T).Run.gowrap1()
      /opt/homebrew/Cellar/go/1.24.6/libexec/src/testing/testing.go:1851 +0x40

Goroutine 1262 (finished) created at:
2025-08-15T22:12:57.011-0500	DEBUG	protocol/handler.go:1081	sent message to output channel	{"{from 15 0 a <nil>}": {"Key":"to","Type":15,"Integer":0,"String":"b","Interface":null}, "{round 20 3  <nil>}": {"Key":"broadcast","Type":4,"Integer":0,"String":"","Interface":null}}
  github.com/luxfi/threshold/pkg/protocol.(*Handler).finalizeRound()
      /Users/z/work/lux/threshold/pkg/protocol/handler.go:1160 +0x26c
  github.com/luxfi/threshold/pkg/protocol.(*Handler).tryAdvanceRound()
      /Users/z/work/lux/threshold/pkg/protocol/handler.go:622 +0xae4
  github.com/luxfi/threshold/pkg/protocol.(*Handler).roundProcessor()
      /Users/z/work/lux/threshold/pkg/protocol/handler.go:569 +0xb4
  github.com/luxfi/threshold/pkg/protocol.(*Handler).startWorkers.func1()
      /Users/z/work/lux/threshold/pkg/protocol/handler.go:374 +0x78
==================
2025-08-15T22:12:57.011-0500	DEBUG	protocol/handler.go:1039	sendRoundMessage	{"{from 15 0 a <nil>}": {"Key":"to","Type":15,"Integer":0,"String":"c","Interface":null}, "{round 20 3  <nil>}": {"Key":"broadcast","Type":4,"Integer":0,"String":"","Interface":null}}
2025-08-15T22:12:57.011-0500	DEBUG	protocol/handler.go:1081	sent message to output channel	{"{from 15 0 a <nil>}": {"Key":"to","Type":15,"Integer":0,"String":"c","Interface":null}, "{round 20 3  <nil>}": {"Key":"broadcast","Type":4,"Integer":0,"String":"","Interface":null}}
2025-08-15T22:12:57.011-0500	DEBUG	protocol/handler.go:1591	have processed broadcast	{"{round 20 2  <nil>}": {"Key":"from","Type":15,"Integer":0,"String":"a","Interface":null}}
2025-08-15T22:12:57.011-0500	DEBUG	protocol/handler.go:1182	finalized round messages	{"{round 20 2  <nil>}": {"Key":"messages","Type":11,"Integer":3,"String":"","Interface":null}}
2025-08-15T22:12:57.011-0500	DEBUG	protocol/handler.go:1239	finalize returned next round	{"{current 20 2  <nil>}": {"Key":"next","Type":20,"Integer":3,"String":"","Interface":null}}
2025-08-15T22:12:57.011-0500	DEBUG	protocol/handler.go:1591	have processed broadcast	{"{round 20 2  <nil>}": {"Key":"from","Type":15,"Integer":0,"String":"b","Interface":null}}
2025-08-15T22:12:57.011-0500	INFO	protocol/handler.go:642	storing new currentRound	{"{from 20 2  <nil>}": {"Key":"to","Type":20,"Integer":3,"String":"","Interface":null}}
2025-08-15T22:12:57.011-0500	DEBUG	protocol/handler.go:1649	have all messages and processed	{"{round 20 2  <nil>}": {"Key":"self","Type":15,"Integer":0,"String":"c","Interface":null}}
2025-08-15T22:12:57.011-0500	DEBUG	protocol/handler.go:1503	processing queued messages
2025-08-15T22:12:57.011-0500	DEBUG	protocol/handler.go:596	round already finalized
2025-08-15T22:12:57.011-0500	INFO	protocol/handler.go:560	advanced to round
2025-08-15T22:12:57.011-0500	DEBUG	protocol/handler.go:600	current round already advanced	{"{checking 20 2  <nil>}": {"Key":"current","Type":20,"Integer":3,"String":"","Interface":null}}
2025-08-15T22:12:57.011-0500	INFO	protocol/handler.go:560	advanced to round
2025-08-15T22:12:57.011-0500	DEBUG	protocol/handler.go:581	tryAdvanceRound called	{"{current_round 20 3  <nil>}": {"Key":"self","Type":15,"Integer":0,"String":"a","Interface":null}}
2025-08-15T22:12:57.011-0500	DEBUG	protocol/handler.go:581	tryAdvanceRound called	{"{current_round 20 3  <nil>}": {"Key":"self","Type":15,"Integer":0,"String":"c","Interface":null}}
2025-08-15T22:12:57.011-0500	DEBUG	protocol/handler.go:1591	have processed broadcast	{"{round 20 2  <nil>}": {"Key":"from","Type":15,"Integer":0,"String":"b","Interface":null}}
2025-08-15T22:12:57.011-0500	DEBUG	protocol/handler.go:1591	have processed broadcast	{"{round 20 2  <nil>}": {"Key":"from","Type":15,"Integer":0,"String":"c","Interface":null}}
2025-08-15T22:12:57.011-0500	DEBUG	protocol/handler.go:1649	have all messages and processed	{"{round 20 2  <nil>}": {"Key":"self","Type":15,"Integer":0,"String":"a","Interface":null}}
2025-08-15T22:12:57.011-0500	DEBUG	protocol/handler.go:596	round already finalized
2025-08-15T22:12:57.011-0500	DEBUG	protocol/handler.go:600	current round already advanced	{"{checking 20 2  <nil>}": {"Key":"current","Type":20,"Integer":3,"String":"","Interface":null}}
2025-08-15T22:12:57.003-0500	DEBUG	protocol/handler.go:581	tryAdvanceRound called	{"{current_round 20 2  <nil>}": {"Key":"self","Type":15,"Integer":0,"String":"c","Interface":null}}
2025-08-15T22:12:57.012-0500	DEBUG	protocol/handler.go:1591	have processed broadcast	{"{round 20 2  <nil>}": {"Key":"from","Type":15,"Integer":0,"String":"a","Interface":null}}
2025-08-15T22:12:57.012-0500	DEBUG	protocol/handler.go:1591	have processed broadcast	{"{round 20 2  <nil>}": {"Key":"from","Type":15,"Integer":0,"String":"b","Interface":null}}
2025-08-15T22:12:57.012-0500	DEBUG	protocol/handler.go:1649	have all messages and processed	{"{round 20 2  <nil>}": {"Key":"self","Type":15,"Integer":0,"String":"c","Interface":null}}
2025-08-15T22:12:57.012-0500	DEBUG	protocol/handler.go:1591	have processed broadcast	{"{round 20 2  <nil>}": {"Key":"from","Type":15,"Integer":0,"String":"a","Interface":null}}
2025-08-15T22:12:57.012-0500	DEBUG	protocol/handler.go:1591	have processed broadcast	{"{round 20 2  <nil>}": {"Key":"from","Type":15,"Integer":0,"String":"b","Interface":null}}
2025-08-15T22:12:57.012-0500	DEBUG	protocol/handler.go:1591	have processed broadcast	{"{round 20 3  <nil>}": {"Key":"from","Type":15,"Integer":0,"String":"b","Interface":null}}
2025-08-15T22:12:57.013-0500	DEBUG	protocol/handler.go:1649	have all messages and processed	{"{round 20 2  <nil>}": {"Key":"self","Type":15,"Integer":0,"String":"c","Interface":null}}
2025-08-15T22:12:57.013-0500	DEBUG	protocol/handler.go:596	round already finalized
2025-08-15T22:12:57.013-0500	DEBUG	protocol/handler.go:437	processing message	{"{from 15 0 a <nil>}": {"Key":"to","Type":15,"Integer":0,"String":"","Interface":null}, "{round 20 3  <nil>}": {"Key":"broadcast","Type":4,"Integer":1,"String":"","Interface":null}}
2025-08-15T22:12:57.013-0500	DEBUG	protocol/handler.go:600	current round already advanced	{"{checking 20 2  <nil>}": {"Key":"current","Type":20,"Integer":3,"String":"","Interface":null}}
2025-08-15T22:12:57.013-0500	DEBUG	protocol/handler.go:1600	waiting for broadcasts	{"{round 20 3  <nil>}": {"Key":"missing","Type":15,"Integer":0,"String":"[a]","Interface":null}}
2025-08-15T22:12:57.013-0500	DEBUG	protocol/handler.go:1657	storing broadcast	{"{round 20 3  <nil>}": {"Key":"from","Type":15,"Integer":0,"String":"a","Interface":null}}
2025-08-15T22:12:57.013-0500	DEBUG	protocol/handler.go:432	processMessage: p2p round 3 START	{"{from 15 0 a <nil>}": {"Key":"to","Type":15,"Integer":0,"String":"b","Interface":null}}
2025-08-15T22:12:57.013-0500	DEBUG	protocol/handler.go:581	tryAdvanceRound called	{"{current_round 20 3  <nil>}": {"Key":"self","Type":15,"Integer":0,"String":"c","Interface":null}}
2025-08-15T22:12:57.013-0500	DEBUG	protocol/handler.go:437	processing message	{"{from 15 0 a <nil>}": {"Key":"to","Type":15,"Integer":0,"String":"b","Interface":null}, "{round 20 3  <nil>}": {"Key":"broadcast","Type":4,"Integer":0,"String":"","Interface":null}}
2025-08-15T22:12:57.013-0500	DEBUG	protocol/handler.go:432	processMessage: p2p round 3 START	{"{from 15 0 a <nil>}": {"Key":"to","Type":15,"Integer":0,"String":"c","Interface":null}}
2025-08-15T22:12:57.013-0500	DEBUG	protocol/handler.go:1662	storing message	{"{round 20 3  <nil>}": {"Key":"from","Type":15,"Integer":0,"String":"a","Interface":null}}
2025-08-15T22:12:57.013-0500	DEBUG	protocol/handler.go:437	processing message	{"{from 15 0 a <nil>}": {"Key":"to","Type":15,"Integer":0,"String":"c","Interface":null}, "{round 20 3  <nil>}": {"Key":"broadcast","Type":4,"Integer":0,"String":"","Interface":null}}
2025-08-15T22:12:57.013-0500	DEBUG	protocol/handler.go:581	tryAdvanceRound called	{"{current_round 20 3  <nil>}": {"Key":"self","Type":15,"Integer":0,"String":"b","Interface":null}}
2025-08-15T22:12:57.013-0500	DEBUG	protocol/handler.go:1662	storing message	{"{round 20 3  <nil>}": {"Key":"from","Type":15,"Integer":0,"String":"a","Interface":null}}
2025-08-15T22:12:57.013-0500	DEBUG	protocol/handler.go:1306	waiting for broadcast before normal message
2025-08-15T22:12:57.013-0500	DEBUG	protocol/handler.go:1591	have processed broadcast	{"{round 20 3  <nil>}": {"Key":"from","Type":15,"Integer":0,"String":"c","Interface":null}}
2025-08-15T22:12:57.013-0500	DEBUG	protocol/handler.go:1600	waiting for broadcasts	{"{round 20 3  <nil>}": {"Key":"missing","Type":15,"Integer":0,"String":"[a]","Interface":null}}
2025-08-15T22:12:57.013-0500	DEBUG	protocol/handler.go:1591	have processed broadcast	{"{round 20 3  <nil>}": {"Key":"from","Type":15,"Integer":0,"String":"a","Interface":null}}
2025-08-15T22:12:57.013-0500	DEBUG	protocol/handler.go:1591	have processed broadcast	{"{round 20 3  <nil>}": {"Key":"from","Type":15,"Integer":0,"String":"b","Interface":null}}
2025-08-15T22:12:57.013-0500	DEBUG	protocol/handler.go:1642	waiting for message processing	{"{round 20 3  <nil>}": {"Key":"unprocessed","Type":15,"Integer":0,"String":"[a]","Interface":null}}
2025-08-15T22:12:57.013-0500	DEBUG	protocol/handler.go:437	processing message	{"{from 15 0 a <nil>}": {"Key":"to","Type":15,"Integer":0,"String":"","Interface":null}, "{round 20 3  <nil>}": {"Key":"broadcast","Type":4,"Integer":1,"String":"","Interface":null}}
2025-08-15T22:12:57.014-0500	DEBUG	protocol/handler.go:1657	storing broadcast	{"{round 20 3  <nil>}": {"Key":"from","Type":15,"Integer":0,"String":"a","Interface":null}}
2025-08-15T22:12:57.014-0500	DEBUG	protocol/handler.go:1591	have processed broadcast	{"{round 20 3  <nil>}": {"Key":"from","Type":15,"Integer":0,"String":"b","Interface":null}}
2025-08-15T22:12:57.014-0500	DEBUG	protocol/handler.go:1591	have processed broadcast	{"{round 20 3  <nil>}": {"Key":"from","Type":15,"Integer":0,"String":"c","Interface":null}}
2025-08-15T22:12:57.014-0500	DEBUG	protocol/handler.go:1649	have all messages and processed	{"{round 20 3  <nil>}": {"Key":"self","Type":15,"Integer":0,"String":"a","Interface":null}}
2025-08-15T22:12:57.014-0500	DEBUG	protocol/handler.go:619	finalizing round
2025-08-15T22:12:57.014-0500	DEBUG	protocol/handler.go:581	tryAdvanceRound called	{"{current_round 20 3  <nil>}": {"Key":"self","Type":15,"Integer":0,"String":"c","Interface":null}}
2025-08-15T22:12:57.014-0500	DEBUG	protocol/handler.go:1591	have processed broadcast	{"{round 20 3  <nil>}": {"Key":"from","Type":15,"Integer":0,"String":"a","Interface":null}}
2025-08-15T22:12:57.014-0500	DEBUG	protocol/handler.go:1591	have processed broadcast	{"{round 20 3  <nil>}": {"Key":"from","Type":15,"Integer":0,"String":"b","Interface":null}}
2025-08-15T22:12:57.015-0500	DEBUG	protocol/handler.go:1649	have all messages and processed	{"{round 20 3  <nil>}": {"Key":"self","Type":15,"Integer":0,"String":"c","Interface":null}}
2025-08-15T22:12:57.015-0500	DEBUG	protocol/handler.go:619	finalizing round
2025-08-15T22:12:57.016-0500	DEBUG	protocol/handler.go:1182	finalized round messages	{"{round 20 3  <nil>}": {"Key":"messages","Type":11,"Integer":0,"String":"","Interface":null}}
2025-08-15T22:12:57.016-0500	INFO	protocol/handler.go:1211	protocol completed	{"{self 15 0 a <nil>}": {"Key":"final_round","Type":20,"Integer":3,"String":"","Interface":null}}
2025-08-15T22:12:57.016-0500	DEBUG	protocol/handler.go:624	finalizeRound returned nil
2025-08-15T22:12:57.016-0500	DEBUG	protocol/handler.go:1503	processing queued messages
2025-08-15T22:12:57.016-0500	DEBUG	protocol/handler.go:1182	finalized round messages	{"{round 20 3  <nil>}": {"Key":"messages","Type":11,"Integer":0,"String":"","Interface":null}}
2025-08-15T22:12:57.016-0500	INFO	protocol/handler.go:1211	protocol completed	{"{self 15 0 c <nil>}": {"Key":"final_round","Type":20,"Integer":3,"String":"","Interface":null}}
2025-08-15T22:12:57.016-0500	DEBUG	protocol/handler.go:624	finalizeRound returned nil
2025-08-15T22:12:57.016-0500	INFO	protocol/handler.go:787	protocol completed successfully
2025-08-15T22:12:57.017-0500	DEBUG	protocol/handler.go:581	tryAdvanceRound called	{"{current_round 20 3  <nil>}": {"Key":"self","Type":15,"Integer":0,"String":"b","Interface":null}}
2025-08-15T22:12:57.018-0500	DEBUG	protocol/handler.go:1591	have processed broadcast	{"{round 20 3  <nil>}": {"Key":"from","Type":15,"Integer":0,"String":"a","Interface":null}}
2025-08-15T22:12:57.018-0500	DEBUG	protocol/handler.go:1591	have processed broadcast	{"{round 20 3  <nil>}": {"Key":"from","Type":15,"Integer":0,"String":"c","Interface":null}}
2025-08-15T22:12:57.018-0500	DEBUG	protocol/handler.go:1649	have all messages and processed	{"{round 20 3  <nil>}": {"Key":"self","Type":15,"Integer":0,"String":"b","Interface":null}}
2025-08-15T22:12:57.019-0500	DEBUG	protocol/handler.go:619	finalizing round
2025-08-15T22:12:57.011-0500	DEBUG	protocol/handler.go:581	tryAdvanceRound called	{"{current_round 20 3  <nil>}": {"Key":"self","Type":15,"Integer":0,"String":"b","Interface":null}}
2025-08-15T22:12:57.012-0500	DEBUG	protocol/handler.go:596	round already finalized
2025-08-15T22:12:57.019-0500	DEBUG	protocol/handler.go:600	current round already advanced	{"{checking 20 2  <nil>}": {"Key":"current","Type":20,"Integer":3,"String":"","Interface":null}}
2025-08-15T22:12:57.020-0500	INFO	protocol/handler.go:787	protocol completed successfully
==================
WARNING: DATA RACE
Write at 0x00c000154f5c by goroutine 1257:
  ??()
      -:0 +0x104ada650
  sync/atomic.CompareAndSwapInt32()
      <autogenerated>:1 +0x18
  sync.(*Mutex).Lock()
      /opt/homebrew/Cellar/go/1.24.6/libexec/src/sync/mutex.go:46 +0x2c
  github.com/luxfi/threshold/protocols/frost/keygen.(*round2).StoreBroadcastMessage()
      /Users/z/work/lux/threshold/protocols/frost/keygen/round2.go:57 +0x58
  github.com/luxfi/threshold/pkg/protocol.(*Handler).verifyBroadcastForRound()
      /Users/z/work/lux/threshold/pkg/protocol/handler.go:1277 +0x3a0
  github.com/luxfi/threshold/pkg/protocol.(*Handler).processQueuedMessages()
      /Users/z/work/lux/threshold/pkg/protocol/handler.go:1542 +0x404
  github.com/luxfi/threshold/pkg/protocol.(*Handler).tryAdvanceRound.gowrap2()
      /Users/z/work/lux/threshold/pkg/protocol/handler.go:673 +0x40

Previous read at 0x00c000154f58 by goroutine 1185:
  github.com/luxfi/threshold/protocols/frost/keygen.(*round2).Number()
      <autogenerated>:1 +0x38
  github.com/luxfi/threshold/pkg/protocol.(*Handler).tryAdvanceRound()
      /Users/z/work/lux/threshold/pkg/protocol/handler.go:648 +0xe6c
  github.com/luxfi/threshold/pkg/protocol.(*Handler).roundProcessor()
      /Users/z/work/lux/threshold/pkg/protocol/handler.go:569 +0xb4
  github.com/luxfi/threshold/pkg/protocol.(*Handler).startWorkers.func1()
      /Users/z/work/lux/threshold/pkg/protocol/handler.go:374 +0x78

Goroutine 1257 (running) created at:
  github.com/luxfi/threshold/pkg/protocol.(*Handler).tryAdvanceRound()
      /Users/z/work/lux/threshold/pkg/protocol/handler.go:673 +0x12e4
  github.com/luxfi/threshold/pkg/protocol.(*Handler).roundProcessor()
      /Users/z/work/lux/threshold/pkg/protocol/handler.go:569 +0xb4
  github.com/luxfi/threshold/pkg/protocol.(*Handler).startWorkers.func1()
      /Users/z/work/lux/threshold/pkg/protocol/handler.go:374 +0x78

Goroutine 1185 (finished) created at:
  github.com/luxfi/threshold/pkg/protocol.(*Handler).startWorkers()
      /Users/z/work/lux/threshold/pkg/protocol/handler.go:372 +0x4fc
  github.com/luxfi/threshold/pkg/protocol.NewHandler()
      /Users/z/work/lux/threshold/pkg/protocol/handler.go:247 +0xf10
  github.com/luxfi/threshold/internal/test.(*Harness).CreateHandler()
      /Users/z/work/lux/threshold/internal/test/harness.go:91 +0x2e4
  github.com/luxfi/threshold/internal/test.RunProtocol()
      /Users/z/work/lux/threshold/internal/test/harness.go:270 +0x230
  github.com/luxfi/threshold/protocols/frost_test.TestDebugKeygen()
      /Users/z/work/lux/threshold/protocols/frost/debug_keygen_test.go:24 +0x1dc
  testing.tRunner()
      /opt/homebrew/Cellar/go/1.24.6/libexec/src/testing/testing.go:1792 +0x180
  testing.(*T).Run.gowrap1()
      /opt/homebrew/Cellar/go/1.24.6/libexec/src/testing/testing.go:1851 +0x40
==================
2025-08-15T22:12:57.020-0500	DEBUG	protocol/handler.go:1182	finalized round messages	{"{round 20 3  <nil>}": {"Key":"messages","Type":11,"Integer":0,"String":"","Interface":null}}
2025-08-15T22:12:57.020-0500	INFO	protocol/handler.go:1211	protocol completed	{"{self 15 0 b <nil>}": {"Key":"final_round","Type":20,"Integer":3,"String":"","Interface":null}}
2025-08-15T22:12:57.020-0500	DEBUG	protocol/handler.go:624	finalizeRound returned nil
2025-08-15T22:12:57.022-0500	DEBUG	protocol/handler.go:1591	have processed broadcast	{"{round 20 2  <nil>}": {"Key":"from","Type":15,"Integer":0,"String":"b","Interface":null}}
2025-08-15T22:12:57.022-0500	DEBUG	protocol/handler.go:1591	have processed broadcast	{"{round 20 2  <nil>}": {"Key":"from","Type":15,"Integer":0,"String":"c","Interface":null}}
2025-08-15T22:12:57.022-0500	DEBUG	protocol/handler.go:1649	have all messages and processed	{"{round 20 2  <nil>}": {"Key":"self","Type":15,"Integer":0,"String":"a","Interface":null}}
2025-08-15T22:12:57.022-0500	DEBUG	protocol/handler.go:596	round already finalized
2025-08-15T22:12:57.022-0500	DEBUG	protocol/handler.go:600	current round already advanced	{"{checking 20 2  <nil>}": {"Key":"current","Type":20,"Integer":3,"String":"","Interface":null}}
2025-08-15T22:12:57.019-0500	DEBUG	protocol/handler.go:1591	have processed broadcast	{"{round 20 3  <nil>}": {"Key":"from","Type":15,"Integer":0,"String":"a","Interface":null}}
2025-08-15T22:12:57.022-0500	DEBUG	protocol/handler.go:1591	have processed broadcast	{"{round 20 3  <nil>}": {"Key":"from","Type":15,"Integer":0,"String":"c","Interface":null}}
2025-08-15T22:12:57.022-0500	DEBUG	protocol/handler.go:1649	have all messages and processed	{"{round 20 3  <nil>}": {"Key":"self","Type":15,"Integer":0,"String":"b","Interface":null}}
2025-08-15T22:12:57.022-0500	DEBUG	protocol/handler.go:596	round already finalized
2025-08-15T22:12:57.022-0500	DEBUG	protocol/handler.go:581	tryAdvanceRound called	{"{current_round 20 3  <nil>}": {"Key":"self","Type":15,"Integer":0,"String":"b","Interface":null}}
2025-08-15T22:12:57.022-0500	DEBUG	protocol/handler.go:1591	have processed broadcast	{"{round 20 3  <nil>}": {"Key":"from","Type":15,"Integer":0,"String":"a","Interface":null}}
2025-08-15T22:12:57.022-0500	DEBUG	protocol/handler.go:1591	have processed broadcast	{"{round 20 3  <nil>}": {"Key":"from","Type":15,"Integer":0,"String":"c","Interface":null}}
2025-08-15T22:12:57.023-0500	DEBUG	protocol/handler.go:1649	have all messages and processed	{"{round 20 3  <nil>}": {"Key":"self","Type":15,"Integer":0,"String":"b","Interface":null}}
2025-08-15T22:12:57.023-0500	DEBUG	protocol/handler.go:596	round already finalized
2025-08-15T22:12:57.024-0500	DEBUG	protocol/handler.go:1591	have processed broadcast	{"{round 20 2  <nil>}": {"Key":"from","Type":15,"Integer":0,"String":"b","Interface":null}}
2025-08-15T22:12:57.024-0500	DEBUG	protocol/handler.go:1591	have processed broadcast	{"{round 20 2  <nil>}": {"Key":"from","Type":15,"Integer":0,"String":"c","Interface":null}}
2025-08-15T22:12:57.024-0500	DEBUG	protocol/handler.go:1649	have all messages and processed	{"{round 20 2  <nil>}": {"Key":"self","Type":15,"Integer":0,"String":"a","Interface":null}}
2025-08-15T22:12:57.024-0500	DEBUG	protocol/handler.go:596	round already finalized
2025-08-15T22:12:57.024-0500	DEBUG	protocol/handler.go:600	current round already advanced	{"{checking 20 2  <nil>}": {"Key":"current","Type":20,"Integer":3,"String":"","Interface":null}}
2025-08-15T22:12:57.031-0500	INFO	protocol/handler.go:787	protocol completed successfully
2025-08-15T22:12:57.031-0500	DEBUG	protocol/handler.go:1591	have processed broadcast	{"{round 20 2  <nil>}": {"Key":"from","Type":15,"Integer":0,"String":"b","Interface":null}}
2025-08-15T22:12:57.032-0500	DEBUG	protocol/handler.go:1591	have processed broadcast	{"{round 20 2  <nil>}": {"Key":"from","Type":15,"Integer":0,"String":"c","Interface":null}}
2025-08-15T22:12:57.032-0500	DEBUG	protocol/handler.go:1649	have all messages and processed	{"{round 20 2  <nil>}": {"Key":"self","Type":15,"Integer":0,"String":"a","Interface":null}}
2025-08-15T22:12:57.032-0500	DEBUG	protocol/handler.go:596	round already finalized
2025-08-15T22:12:57.032-0500	DEBUG	protocol/handler.go:600	current round already advanced	{"{checking 20 2  <nil>}": {"Key":"current","Type":20,"Integer":3,"String":"","Interface":null}}
2025-08-15T22:12:57.042-0500	DEBUG	protocol/handler.go:403	worker stopping
2025-08-15T22:12:57.042-0500	DEBUG	protocol/handler.go:403	worker stopping
2025-08-15T22:12:57.042-0500	DEBUG	protocol/handler.go:403	worker stopping
2025-08-15T22:12:57.042-0500	DEBUG	protocol/handler.go:403	worker stopping
2025-08-15T22:12:57.042-0500	DEBUG	protocol/handler.go:403	worker stopping
2025-08-15T22:12:57.042-0500	DEBUG	protocol/handler.go:403	worker stopping
2025-08-15T22:12:57.042-0500	DEBUG	protocol/handler.go:403	worker stopping
2025-08-15T22:12:57.043-0500	DEBUG	protocol/handler.go:403	worker stopping
2025-08-15T22:12:57.067-0500	DEBUG	protocol/handler.go:403	worker stopping
2025-08-15T22:12:57.069-0500	DEBUG	protocol/handler.go:403	worker stopping
2025-08-15T22:12:57.069-0500	DEBUG	protocol/handler.go:403	worker stopping
2025-08-15T22:12:57.069-0500	DEBUG	protocol/handler.go:403	worker stopping
2025-08-15T22:12:57.069-0500	DEBUG	protocol/handler.go:403	worker stopping
2025-08-15T22:12:57.069-0500	DEBUG	protocol/handler.go:403	worker stopping
2025-08-15T22:12:57.069-0500	DEBUG	protocol/handler.go:403	worker stopping
2025-08-15T22:12:57.069-0500	DEBUG	protocol/handler.go:403	worker stopping
2025-08-15T22:12:57.069-0500	DEBUG	protocol/handler.go:403	worker stopping
2025-08-15T22:12:57.069-0500	DEBUG	protocol/handler.go:403	worker stopping
2025-08-15T22:12:57.068-0500	DEBUG	protocol/handler.go:403	worker stopping
2025-08-15T22:12:57.070-0500	DEBUG	protocol/handler.go:403	worker stopping
2025-08-15T22:12:57.070-0500	DEBUG	protocol/handler.go:403	worker stopping
2025-08-15T22:12:57.070-0500	DEBUG	protocol/handler.go:403	worker stopping
2025-08-15T22:12:57.069-0500	DEBUG	protocol/handler.go:403	worker stopping
2025-08-15T22:12:57.067-0500	DEBUG	protocol/handler.go:403	worker stopping
2025-08-15T22:12:57.080-0500	INFO	protocol/handler.go:240	starting protocol handler	{"{protocol 15 0 frost/keygen-threshold <nil>}": {"Key":"workers","Type":11,"Integer":4,"String":"","Interface":null}, "{parties 11 3  <nil>}": {"Key":"threshold","Type":11,"Integer":2,"String":"","Interface":null}}
2025-08-15T22:12:57.080-0500	DEBUG	protocol/handler.go:348	starting worker pools	{"{workers 11 4  <nil>}": {"Key":"priority","Type":11,"Integer":4,"String":"","Interface":null}}
2025-08-15T22:12:57.080-0500	DEBUG	protocol/handler.go:391	worker started	{"{id 11 0  <nil>}": {"Key":"priority","Type":4,"Integer":0,"String":"","Interface":null}}
2025-08-15T22:12:57.080-0500	DEBUG	protocol/handler.go:391	worker started	{"{id 11 1  <nil>}": {"Key":"priority","Type":4,"Integer":0,"String":"","Interface":null}}
2025-08-15T22:12:57.080-0500	DEBUG	protocol/handler.go:391	worker started	{"{id 11 3  <nil>}": {"Key":"priority","Type":4,"Integer":0,"String":"","Interface":null}}
2025-08-15T22:12:57.081-0500	DEBUG	protocol/handler.go:391	worker started	{"{id 11 0  <nil>}": {"Key":"priority","Type":4,"Integer":1,"String":"","Interface":null}}
2025-08-15T22:12:57.081-0500	DEBUG	protocol/handler.go:391	worker started	{"{id 11 2  <nil>}": {"Key":"priority","Type":4,"Integer":0,"String":"","Interface":null}}
2025-08-15T22:12:57.081-0500	DEBUG	protocol/handler.go:391	worker started	{"{id 11 1  <nil>}": {"Key":"priority","Type":4,"Integer":1,"String":"","Interface":null}}
2025-08-15T22:12:57.081-0500	DEBUG	protocol/handler.go:391	worker started	{"{id 11 2  <nil>}": {"Key":"priority","Type":4,"Integer":1,"String":"","Interface":null}}
2025-08-15T22:12:57.081-0500	DEBUG	protocol/handler.go:391	worker started	{"{id 11 3  <nil>}": {"Key":"priority","Type":4,"Integer":1,"String":"","Interface":null}}
2025-08-15T22:12:57.081-0500	DEBUG	protocol/handler.go:930	initializing round
2025-08-15T22:12:57.081-0500	DEBUG	protocol/handler.go:1503	processing queued messages
2025-08-15T22:12:57.081-0500	INFO	protocol/handler.go:240	starting protocol handler	{"{protocol 15 0 frost/keygen-threshold <nil>}": {"Key":"workers","Type":11,"Integer":4,"String":"","Interface":null}, "{parties 11 3  <nil>}": {"Key":"threshold","Type":11,"Integer":2,"String":"","Interface":null}}
2025-08-15T22:12:57.081-0500	DEBUG	protocol/handler.go:348	starting worker pools	{"{workers 11 4  <nil>}": {"Key":"priority","Type":11,"Integer":4,"String":"","Interface":null}}
2025-08-15T22:12:57.081-0500	DEBUG	protocol/handler.go:391	worker started	{"{id 11 0  <nil>}": {"Key":"priority","Type":4,"Integer":0,"String":"","Interface":null}}
2025-08-15T22:12:57.081-0500	DEBUG	protocol/handler.go:391	worker started	{"{id 11 1  <nil>}": {"Key":"priority","Type":4,"Integer":0,"String":"","Interface":null}}
2025-08-15T22:12:57.081-0500	DEBUG	protocol/handler.go:391	worker started	{"{id 11 2  <nil>}": {"Key":"priority","Type":4,"Integer":0,"String":"","Interface":null}}
2025-08-15T22:12:57.082-0500	DEBUG	protocol/handler.go:391	worker started	{"{id 11 0  <nil>}": {"Key":"priority","Type":4,"Integer":1,"String":"","Interface":null}}
2025-08-15T22:12:57.082-0500	DEBUG	protocol/handler.go:391	worker started	{"{id 11 3  <nil>}": {"Key":"priority","Type":4,"Integer":0,"String":"","Interface":null}}
2025-08-15T22:12:57.082-0500	DEBUG	protocol/handler.go:391	worker started	{"{id 11 1  <nil>}": {"Key":"priority","Type":4,"Integer":1,"String":"","Interface":null}}
2025-08-15T22:12:57.082-0500	DEBUG	protocol/handler.go:391	worker started	{"{id 11 3  <nil>}": {"Key":"priority","Type":4,"Integer":1,"String":"","Interface":null}}
2025-08-15T22:12:57.082-0500	DEBUG	protocol/handler.go:391	worker started	{"{id 11 2  <nil>}": {"Key":"priority","Type":4,"Integer":1,"String":"","Interface":null}}
2025-08-15T22:12:57.082-0500	DEBUG	protocol/handler.go:930	initializing round
2025-08-15T22:12:57.082-0500	DEBUG	protocol/handler.go:1503	processing queued messages
2025-08-15T22:12:57.082-0500	INFO	protocol/handler.go:240	starting protocol handler	{"{protocol 15 0 frost/keygen-threshold <nil>}": {"Key":"workers","Type":11,"Integer":4,"String":"","Interface":null}, "{parties 11 3  <nil>}": {"Key":"threshold","Type":11,"Integer":2,"String":"","Interface":null}}
2025-08-15T22:12:57.082-0500	DEBUG	protocol/handler.go:348	starting worker pools	{"{workers 11 4  <nil>}": {"Key":"priority","Type":11,"Integer":4,"String":"","Interface":null}}
2025-08-15T22:12:57.082-0500	DEBUG	protocol/handler.go:391	worker started	{"{id 11 0  <nil>}": {"Key":"priority","Type":4,"Integer":0,"String":"","Interface":null}}
2025-08-15T22:12:57.082-0500	DEBUG	protocol/handler.go:391	worker started	{"{id 11 1  <nil>}": {"Key":"priority","Type":4,"Integer":0,"String":"","Interface":null}}
2025-08-15T22:12:57.082-0500	DEBUG	protocol/handler.go:391	worker started	{"{id 11 3  <nil>}": {"Key":"priority","Type":4,"Integer":0,"String":"","Interface":null}}
2025-08-15T22:12:57.082-0500	DEBUG	protocol/handler.go:391	worker started	{"{id 11 0  <nil>}": {"Key":"priority","Type":4,"Integer":1,"String":"","Interface":null}}
2025-08-15T22:12:57.082-0500	DEBUG	protocol/handler.go:391	worker started	{"{id 11 1  <nil>}": {"Key":"priority","Type":4,"Integer":1,"String":"","Interface":null}}
2025-08-15T22:12:57.082-0500	DEBUG	protocol/handler.go:391	worker started	{"{id 11 2  <nil>}": {"Key":"priority","Type":4,"Integer":0,"String":"","Interface":null}}
2025-08-15T22:12:57.082-0500	DEBUG	protocol/handler.go:391	worker started	{"{id 11 2  <nil>}": {"Key":"priority","Type":4,"Integer":1,"String":"","Interface":null}}
2025-08-15T22:12:57.083-0500	DEBUG	protocol/handler.go:391	worker started	{"{id 11 3  <nil>}": {"Key":"priority","Type":4,"Integer":1,"String":"","Interface":null}}
2025-08-15T22:12:57.083-0500	DEBUG	protocol/handler.go:930	initializing round
2025-08-15T22:12:57.083-0500	DEBUG	protocol/handler.go:1503	processing queued messages
2025-08-15T22:12:57.099-0500	INFO	protocol/handler.go:560	advanced to round
2025-08-15T22:12:57.138-0500	DEBUG	protocol/handler.go:581	tryAdvanceRound called	{"{current_round 20 1  <nil>}": {"Key":"self","Type":15,"Integer":0,"String":"c","Interface":null}}
2025-08-15T22:12:57.138-0500	DEBUG	protocol/handler.go:1649	have all messages and processed	{"{round 20 1  <nil>}": {"Key":"self","Type":15,"Integer":0,"String":"c","Interface":null}}
2025-08-15T22:12:57.138-0500	DEBUG	protocol/handler.go:619	finalizing round
2025-08-15T22:12:57.137-0500	INFO	protocol/handler.go:560	advanced to round
2025-08-15T22:12:57.138-0500	DEBUG	protocol/handler.go:581	tryAdvanceRound called	{"{current_round 20 1  <nil>}": {"Key":"self","Type":15,"Integer":0,"String":"a","Interface":null}}
2025-08-15T22:12:57.138-0500	DEBUG	protocol/handler.go:1649	have all messages and processed	{"{round 20 1  <nil>}": {"Key":"self","Type":15,"Integer":0,"String":"a","Interface":null}}
2025-08-15T22:12:57.138-0500	DEBUG	protocol/handler.go:619	finalizing round
2025-08-15T22:12:57.139-0500	INFO	protocol/handler.go:560	advanced to round
2025-08-15T22:12:57.143-0500	DEBUG	protocol/handler.go:581	tryAdvanceRound called	{"{current_round 20 1  <nil>}": {"Key":"self","Type":15,"Integer":0,"String":"b","Interface":null}}
2025-08-15T22:12:57.143-0500	DEBUG	protocol/handler.go:1649	have all messages and processed	{"{round 20 1  <nil>}": {"Key":"self","Type":15,"Integer":0,"String":"b","Interface":null}}
2025-08-15T22:12:57.144-0500	DEBUG	protocol/handler.go:596	round already finalized
2025-08-15T22:12:57.144-0500	DEBUG	protocol/handler.go:581	tryAdvanceRound called	{"{current_round 20 1  <nil>}": {"Key":"self","Type":15,"Integer":0,"String":"b","Interface":null}}
2025-08-15T22:12:57.144-0500	DEBUG	protocol/handler.go:1649	have all messages and processed	{"{round 20 1  <nil>}": {"Key":"self","Type":15,"Integer":0,"String":"b","Interface":null}}
2025-08-15T22:12:57.144-0500	DEBUG	protocol/handler.go:596	round already finalized
2025-08-15T22:12:57.140-0500	DEBUG	protocol/handler.go:954	round already being initialized/finalized, skipping
2025-08-15T22:12:57.140-0500	DEBUG	protocol/handler.go:954	round already being initialized/finalized, skipping
2025-08-15T22:12:57.151-0500	DEBUG	protocol/handler.go:1039	sendRoundMessage	{"{from 15 0 c <nil>}": {"Key":"to","Type":15,"Integer":0,"String":"","Interface":null}, "{round 20 2  <nil>}": {"Key":"broadcast","Type":4,"Integer":1,"String":"","Interface":null}}
2025-08-15T22:12:57.152-0500	DEBUG	protocol/handler.go:1657	storing broadcast	{"{round 20 2  <nil>}": {"Key":"from","Type":15,"Integer":0,"String":"c","Interface":null}}
2025-08-15T22:12:57.152-0500	DEBUG	protocol/handler.go:1081	sent message to output channel	{"{from 15 0 c <nil>}": {"Key":"to","Type":15,"Integer":0,"String":"","Interface":null}, "{round 20 2  <nil>}": {"Key":"broadcast","Type":4,"Integer":1,"String":"","Interface":null}}
2025-08-15T22:12:57.152-0500	DEBUG	protocol/handler.go:1182	finalized round messages	{"{round 20 1  <nil>}": {"Key":"messages","Type":11,"Integer":1,"String":"","Interface":null}}
2025-08-15T22:12:57.152-0500	DEBUG	protocol/handler.go:1239	finalize returned next round	{"{current 20 1  <nil>}": {"Key":"next","Type":20,"Integer":2,"String":"","Interface":null}}
2025-08-15T22:12:57.152-0500	INFO	protocol/handler.go:642	storing new currentRound	{"{from 20 1  <nil>}": {"Key":"to","Type":20,"Integer":2,"String":"","Interface":null}}
2025-08-15T22:12:57.152-0500	DEBUG	protocol/handler.go:1503	processing queued messages
2025-08-15T22:12:57.153-0500	INFO	protocol/handler.go:560	advanced to round
2025-08-15T22:12:57.153-0500	DEBUG	protocol/handler.go:1039	sendRoundMessage	{"{from 15 0 b <nil>}": {"Key":"to","Type":15,"Integer":0,"String":"","Interface":null}, "{round 20 2  <nil>}": {"Key":"broadcast","Type":4,"Integer":1,"String":"","Interface":null}}
2025-08-15T22:12:57.153-0500	DEBUG	protocol/handler.go:1503	processing queued messages
2025-08-15T22:12:57.153-0500	DEBUG	protocol/handler.go:437	processing message	{"{from 15 0 c <nil>}": {"Key":"to","Type":15,"Integer":0,"String":"","Interface":null}, "{round 20 2  <nil>}": {"Key":"broadcast","Type":4,"Integer":1,"String":"","Interface":null}}
2025-08-15T22:12:57.153-0500	DEBUG	protocol/handler.go:437	processing message	{"{from 15 0 c <nil>}": {"Key":"to","Type":15,"Integer":0,"String":"","Interface":null}, "{round 20 2  <nil>}": {"Key":"broadcast","Type":4,"Integer":1,"String":"","Interface":null}}
2025-08-15T22:12:57.153-0500	DEBUG	protocol/handler.go:1657	storing broadcast	{"{round 20 2  <nil>}": {"Key":"from","Type":15,"Integer":0,"String":"c","Interface":null}}
2025-08-15T22:12:57.153-0500	DEBUG	protocol/handler.go:1657	storing broadcast	{"{round 20 2  <nil>}": {"Key":"from","Type":15,"Integer":0,"String":"c","Interface":null}}
2025-08-15T22:12:57.153-0500	DEBUG	protocol/handler.go:470	message for different round (buffering)	{"{msg_round 20 2  <nil>}": {"Key":"current_round","Type":20,"Integer":1,"String":"","Interface":null}}
2025-08-15T22:12:57.153-0500	DEBUG	protocol/handler.go:470	message for different round (buffering)	{"{msg_round 20 2  <nil>}": {"Key":"current_round","Type":20,"Integer":1,"String":"","Interface":null}}
2025-08-15T22:12:57.153-0500	DEBUG	protocol/handler.go:581	tryAdvanceRound called	{"{current_round 20 1  <nil>}": {"Key":"self","Type":15,"Integer":0,"String":"a","Interface":null}}
2025-08-15T22:12:57.153-0500	DEBUG	protocol/handler.go:581	tryAdvanceRound called	{"{current_round 20 1  <nil>}": {"Key":"self","Type":15,"Integer":0,"String":"b","Interface":null}}
2025-08-15T22:12:57.153-0500	DEBUG	protocol/handler.go:1649	have all messages and processed	{"{round 20 1  <nil>}": {"Key":"self","Type":15,"Integer":0,"String":"b","Interface":null}}
2025-08-15T22:12:57.153-0500	DEBUG	protocol/handler.go:596	round already finalized
2025-08-15T22:12:57.153-0500	DEBUG	protocol/handler.go:1657	storing broadcast	{"{round 20 2  <nil>}": {"Key":"from","Type":15,"Integer":0,"String":"b","Interface":null}}
2025-08-15T22:12:57.153-0500	DEBUG	protocol/handler.go:1081	sent message to output channel	{"{from 15 0 b <nil>}": {"Key":"to","Type":15,"Integer":0,"String":"","Interface":null}, "{round 20 2  <nil>}": {"Key":"broadcast","Type":4,"Integer":1,"String":"","Interface":null}}
2025-08-15T22:12:57.153-0500	DEBUG	protocol/handler.go:989	generated messages	{"{round 20 1  <nil>}": {"Key":"count","Type":11,"Integer":1,"String":"","Interface":null}}
2025-08-15T22:12:57.154-0500	INFO	protocol/handler.go:1000	stored next round after initialization	{"{from 20 1  <nil>}": {"Key":"next","Type":20,"Integer":2,"String":"","Interface":null}}
2025-08-15T22:12:57.154-0500	DEBUG	protocol/handler.go:437	processing message	{"{from 15 0 b <nil>}": {"Key":"to","Type":15,"Integer":0,"String":"","Interface":null}, "{round 20 2  <nil>}": {"Key":"broadcast","Type":4,"Integer":1,"String":"","Interface":null}}
2025-08-15T22:12:57.154-0500	DEBUG	protocol/handler.go:437	processing message	{"{from 15 0 b <nil>}": {"Key":"to","Type":15,"Integer":0,"String":"","Interface":null}, "{round 20 2  <nil>}": {"Key":"broadcast","Type":4,"Integer":1,"String":"","Interface":null}}
2025-08-15T22:12:57.154-0500	DEBUG	protocol/handler.go:1657	storing broadcast	{"{round 20 2  <nil>}": {"Key":"from","Type":15,"Integer":0,"String":"b","Interface":null}}
2025-08-15T22:12:57.154-0500	DEBUG	protocol/handler.go:1657	storing broadcast	{"{round 20 2  <nil>}": {"Key":"from","Type":15,"Integer":0,"String":"b","Interface":null}}
2025-08-15T22:12:57.154-0500	DEBUG	protocol/handler.go:470	message for different round (buffering)	{"{msg_round 20 2  <nil>}": {"Key":"current_round","Type":20,"Integer":1,"String":"","Interface":null}}
2025-08-15T22:12:57.154-0500	DEBUG	protocol/handler.go:581	tryAdvanceRound called	{"{current_round 20 1  <nil>}": {"Key":"self","Type":15,"Integer":0,"String":"a","Interface":null}}
2025-08-15T22:12:57.154-0500	DEBUG	protocol/handler.go:1649	have all messages and processed	{"{round 20 1  <nil>}": {"Key":"self","Type":15,"Integer":0,"String":"a","Interface":null}}
2025-08-15T22:12:57.154-0500	DEBUG	protocol/handler.go:596	round already finalized
2025-08-15T22:12:57.153-0500	DEBUG	protocol/handler.go:581	tryAdvanceRound called	{"{current_round 20 1  <nil>}": {"Key":"self","Type":15,"Integer":0,"String":"b","Interface":null}}
2025-08-15T22:12:57.154-0500	DEBUG	protocol/handler.go:1649	have all messages and processed	{"{round 20 1  <nil>}": {"Key":"self","Type":15,"Integer":0,"String":"b","Interface":null}}
2025-08-15T22:12:57.154-0500	DEBUG	protocol/handler.go:596	round already finalized
2025-08-15T22:12:57.154-0500	INFO	protocol/handler.go:611	advancing to next round (already initialized)	{"{from 20 1  <nil>}": {"Key":"to","Type":20,"Integer":2,"String":"","Interface":null}}
2025-08-15T22:12:57.154-0500	DEBUG	protocol/handler.go:1039	sendRoundMessage	{"{from 15 0 a <nil>}": {"Key":"to","Type":15,"Integer":0,"String":"","Interface":null}, "{round 20 2  <nil>}": {"Key":"broadcast","Type":4,"Integer":1,"String":"","Interface":null}}
2025-08-15T22:12:57.153-0500	DEBUG	protocol/handler.go:581	tryAdvanceRound called	{"{current_round 20 2  <nil>}": {"Key":"self","Type":15,"Integer":0,"String":"c","Interface":null}}
2025-08-15T22:12:57.155-0500	DEBUG	protocol/handler.go:1657	storing broadcast	{"{round 20 2  <nil>}": {"Key":"from","Type":15,"Integer":0,"String":"a","Interface":null}}
2025-08-15T22:12:57.155-0500	DEBUG	protocol/handler.go:1081	sent message to output channel	{"{from 15 0 a <nil>}": {"Key":"to","Type":15,"Integer":0,"String":"","Interface":null}, "{round 20 2  <nil>}": {"Key":"broadcast","Type":4,"Integer":1,"String":"","Interface":null}}
2025-08-15T22:12:57.155-0500	DEBUG	protocol/handler.go:1182	finalized round messages	{"{round 20 1  <nil>}": {"Key":"messages","Type":11,"Integer":1,"String":"","Interface":null}}
2025-08-15T22:12:57.155-0500	DEBUG	protocol/handler.go:1239	finalize returned next round	{"{current 20 1  <nil>}": {"Key":"next","Type":20,"Integer":2,"String":"","Interface":null}}
2025-08-15T22:12:57.155-0500	INFO	protocol/handler.go:642	storing new currentRound	{"{from 20 1  <nil>}": {"Key":"to","Type":20,"Integer":2,"String":"","Interface":null}}
2025-08-15T22:12:57.155-0500	DEBUG	protocol/handler.go:1503	processing queued messages
2025-08-15T22:12:57.155-0500	INFO	protocol/handler.go:560	advanced to round
2025-08-15T22:12:57.155-0500	DEBUG	protocol/handler.go:581	tryAdvanceRound called	{"{current_round 20 2  <nil>}": {"Key":"self","Type":15,"Integer":0,"String":"a","Interface":null}}
2025-08-15T22:12:57.155-0500	DEBUG	protocol/handler.go:437	processing message	{"{from 15 0 a <nil>}": {"Key":"to","Type":15,"Integer":0,"String":"","Interface":null}, "{round 20 2  <nil>}": {"Key":"broadcast","Type":4,"Integer":1,"String":"","Interface":null}}
2025-08-15T22:12:57.156-0500	DEBUG	protocol/handler.go:1657	storing broadcast	{"{round 20 2  <nil>}": {"Key":"from","Type":15,"Integer":0,"String":"a","Interface":null}}
2025-08-15T22:12:57.156-0500	DEBUG	protocol/handler.go:437	processing message	{"{from 15 0 a <nil>}": {"Key":"to","Type":15,"Integer":0,"String":"","Interface":null}, "{round 20 2  <nil>}": {"Key":"broadcast","Type":4,"Integer":1,"String":"","Interface":null}}
2025-08-15T22:12:57.156-0500	DEBUG	protocol/handler.go:1657	storing broadcast	{"{round 20 2  <nil>}": {"Key":"from","Type":15,"Integer":0,"String":"a","Interface":null}}
2025-08-15T22:12:57.158-0500	DEBUG	protocol/handler.go:1503	processing queued messages
2025-08-15T22:12:57.163-0500	DEBUG	protocol/handler.go:1649	have all messages and processed	{"{round 20 1  <nil>}": {"Key":"self","Type":15,"Integer":0,"String":"a","Interface":null}}
2025-08-15T22:12:57.163-0500	DEBUG	protocol/handler.go:596	round already finalized
==================
WARNING: DATA RACE
Read at 0x00c0003de088 by goroutine 1290:
  github.com/luxfi/threshold/protocols/frost/keygen.(*round2).Number()
      <autogenerated>:1 +0x38
  github.com/luxfi/threshold/pkg/protocol.(*Handler).tryAdvanceRound()
      /Users/z/work/lux/threshold/pkg/protocol/handler.go:599 +0x478
  github.com/luxfi/threshold/pkg/protocol.(*Handler).processMessage()
      /Users/z/work/lux/threshold/pkg/protocol/handler.go:474 +0xb70
  github.com/luxfi/threshold/pkg/protocol.(*Handler).messageWorker()
      /Users/z/work/lux/threshold/pkg/protocol/handler.go:408 +0x338
  github.com/luxfi/threshold/pkg/protocol.(*Handler).startWorkers.gowrap2()
      /Users/z/work/lux/threshold/pkg/protocol/handler.go:361 +0x44

Previous write at 0x00c0003de088 by goroutine 1294:
  ??()
      -:0 +0x104ad4f28
  sync/atomic.StoreUint32()
      <autogenerated>:1 +0x14
  internal/sync.(*HashTrieMap[go.shape.interface {},go.shape.interface {}]).initSlow()
      /opt/homebrew/Cellar/go/1.24.6/libexec/src/internal/sync/hashtriemap.go:55 +0x12c
  internal/sync.(*HashTrieMap[go.shape.interface {},go.shape.interface {}]).init()
      /opt/homebrew/Cellar/go/1.24.6/libexec/src/internal/sync/hashtriemap.go:32 +0x44
  internal/sync.(*HashTrieMap[go.shape.interface {},go.shape.interface {}]).Swap()
      /opt/homebrew/Cellar/go/1.24.6/libexec/src/internal/sync/hashtriemap.go:206 +0x54
  internal/sync.(*HashTrieMap[go.shape.interface {},go.shape.interface {}]).Store()
      /opt/homebrew/Cellar/go/1.24.6/libexec/src/internal/sync/hashtriemap.go:200 +0x54
  sync.(*Map).Store()
      /opt/homebrew/Cellar/go/1.24.6/libexec/src/sync/hashtriemap.go:55 +0x54
  github.com/luxfi/threshold/protocols/frost/keygen.(*round2).StoreBroadcastMessage()
      /Users/z/work/lux/threshold/protocols/frost/keygen/round2.go:117 +0x56c
2025-08-15T22:12:57.167-0500	DEBUG	protocol/handler.go:581	tryAdvanceRound called	{"{current_round 20 2  <nil>}": {"Key":"self","Type":15,"Integer":0,"String":"b","Interface":null}}
  github.com/luxfi/threshold/pkg/protocol.(*Handler).verifyBroadcastForRound()
      /Users/z/work/lux/threshold/pkg/protocol/handler.go:1277 +0x3a0
  github.com/luxfi/threshold/pkg/protocol.(*Handler).retryUnprocessedMessages()
      /Users/z/work/lux/threshold/pkg/protocol/handler.go:1483 +0x22c
  github.com/luxfi/threshold/pkg/protocol.(*Handler).tryAdvanceRound()
      /Users/z/work/lux/threshold/pkg/protocol/handler.go:587 +0x28c
  github.com/luxfi/threshold/pkg/protocol.(*Handler).roundProcessor()
      /Users/z/work/lux/threshold/pkg/protocol/handler.go:569 +0xb4
  github.com/luxfi/threshold/pkg/protocol.(*Handler).startWorkers.func1()
      /Users/z/work/lux/threshold/pkg/protocol/handler.go:374 +0x78

Goroutine 1290 (running) created at:
  github.com/luxfi/threshold/pkg/protocol.(*Handler).startWorkers()
      /Users/z/work/lux/threshold/pkg/protocol/handler.go:361 +0x334
  github.com/luxfi/threshold/pkg/protocol.NewHandler()
      /Users/z/work/lux/threshold/pkg/protocol/handler.go:247 +0xf10
  github.com/luxfi/threshold/internal/test.(*Harness).CreateHandler()
      /Users/z/work/lux/threshold/internal/test/harness.go:91 +0x2e4
  github.com/luxfi/threshold/internal/test.RunProtocol()
      /Users/z/work/lux/threshold/internal/test/harness.go:270 +0x230
  github.com/luxfi/threshold/protocols/frost_test.TestDebugKeygen()
      /Users/z/work/lux/threshold/protocols/frost/debug_keygen_test.go:24 +0x1dc
  testing.tRunner()
      /opt/homebrew/Cellar/go/1.24.6/libexec/src/testing/testing.go:1792 +0x180
  testing.(*T).Run.gowrap1()
      /opt/homebrew/Cellar/go/1.24.6/libexec/src/testing/testing.go:1851 +0x40

Goroutine 1294 (running) created at:
  github.com/luxfi/threshold/pkg/protocol.(*Handler).startWorkers()
      /Users/z/work/lux/threshold/pkg/protocol/handler.go:372 +0x4fc
  github.com/luxfi/threshold/pkg/protocol.NewHandler()
      /Users/z/work/lux/threshold/pkg/protocol/handler.go:247 +0xf10
  github.com/luxfi/threshold/internal/test.(*Harness).CreateHandler()
      /Users/z/work/lux/threshold/internal/test/harness.go:91 +0x2e4
  github.com/luxfi/threshold/internal/test.RunProtocol()
      /Users/z/work/lux/threshold/internal/test/harness.go:270 +0x230
  github.com/luxfi/threshold/protocols/frost_test.TestDebugKeygen()
      /Users/z/work/lux/threshold/protocols/frost/debug_keygen_test.go:24 +0x1dc
  testing.tRunner()
      /opt/homebrew/Cellar/go/1.24.6/libexec/src/testing/testing.go:1792 +0x180
  testing.(*T).Run.gowrap1()
      /opt/homebrew/Cellar/go/1.24.6/libexec/src/testing/testing.go:1851 +0x40
==================
==================
WARNING: DATA RACE
Read at 0x00c0003de098 by goroutine 1290:
  github.com/luxfi/threshold/protocols/frost/keygen.(*round2).Number()
      <autogenerated>:1 +0x38
  github.com/luxfi/threshold/pkg/protocol.(*Handler).tryAdvanceRound()
      /Users/z/work/lux/threshold/pkg/protocol/handler.go:602 +0x540
  github.com/luxfi/threshold/pkg/protocol.(*Handler).processMessage()
      /Users/z/work/lux/threshold/pkg/protocol/handler.go:474 +0xb70
  github.com/luxfi/threshold/pkg/protocol.(*Handler).messageWorker()
      /Users/z/work/lux/threshold/pkg/protocol/handler.go:408 +0x338
  github.com/luxfi/threshold/pkg/protocol.(*Handler).startWorkers.gowrap2()
      /Users/z/work/lux/threshold/pkg/protocol/handler.go:361 +0x44

Previous write at 0x00c0003de098 by goroutine 1294:
  ??()
      -:0 +0x104ad56f0
  sync/atomic.StorePointer()
      /opt/homebrew/Cellar/go/1.24.6/libexec/src/runtime/atomic_pointer.go:92 +0x38
  internal/sync.(*HashTrieMap[go.shape.interface {},go.shape.interface {}]).initSlow()
      /opt/homebrew/Cellar/go/1.24.6/libexec/src/internal/sync/hashtriemap.go:50 +0xb8
  internal/sync.(*HashTrieMap[go.shape.interface {},go.shape.interface {}]).init()
      /opt/homebrew/Cellar/go/1.24.6/libexec/src/internal/sync/hashtriemap.go:32 +0x44
  internal/sync.(*HashTrieMap[go.shape.interface {},go.shape.interface {}]).Swap()
      /opt/homebrew/Cellar/go/1.24.6/libexec/src/internal/sync/hashtriemap.go:206 +0x54
  internal/sync.(*HashTrieMap[go.shape.interface {},go.shape.interface {}]).Store()
      /opt/homebrew/Cellar/go/1.24.6/libexec/src/internal/sync/hashtriemap.go:200 +0x54
  sync.(*Map).Store()
      /opt/homebrew/Cellar/go/1.24.6/libexec/src/sync/hashtriemap.go:55 +0x54
  github.com/luxfi/threshold/protocols/frost/keygen.(*round2).StoreBroadcastMessage()
      /Users/z/work/lux/threshold/protocols/frost/keygen/round2.go:117 +0x56c
  github.com/luxfi/threshold/pkg/protocol.(*Handler).verifyBroadcastForRound()
      /Users/z/work/lux/threshold/pkg/protocol/handler.go:1277 +0x3a0
  github.com/luxfi/threshold/pkg/protocol.(*Handler).retryUnprocessedMessages()
      /Users/z/work/lux/threshold/pkg/protocol/handler.go:1483 +0x22c
  github.com/luxfi/threshold/pkg/protocol.(*Handler).tryAdvanceRound()
      /Users/z/work/lux/threshold/pkg/protocol/handler.go:587 +0x28c
  github.com/luxfi/threshold/pkg/protocol.(*Handler).roundProcessor()
      /Users/z/work/lux/threshold/pkg/protocol/handler.go:569 +0xb4
  github.com/luxfi/threshold/pkg/protocol.(*Handler).startWorkers.func1()
      /Users/z/work/lux/threshold/pkg/protocol/handler.go:374 +0x78

Goroutine 1290 (running) created at:
  github.com/luxfi/threshold/pkg/protocol.(*Handler).startWorkers()
      /Users/z/work/lux/threshold/pkg/protocol/handler.go:361 +0x334
  github.com/luxfi/threshold/pkg/protocol.NewHandler()
      /Users/z/work/lux/threshold/pkg/protocol/handler.go:247 +0xf10
  github.com/luxfi/threshold/internal/test.(*Harness).CreateHandler()
      /Users/z/work/lux/threshold/internal/test/harness.go:91 +0x2e4
  github.com/luxfi/threshold/internal/test.RunProtocol()
      /Users/z/work/lux/threshold/internal/test/harness.go:270 +0x230
  github.com/luxfi/threshold/protocols/frost_test.TestDebugKeygen()
      /Users/z/work/lux/threshold/protocols/frost/debug_keygen_test.go:24 +0x1dc
  testing.tRunner()
      /opt/homebrew/Cellar/go/1.24.6/libexec/src/testing/testing.go:1792 +0x180
  testing.(*T).Run.gowrap1()
      /opt/homebrew/Cellar/go/1.24.6/libexec/src/testing/testing.go:1851 +0x40

Goroutine 1294 (running) created at:
  github.com/luxfi/threshold/pkg/protocol.(*Handler).startWorkers()
      /Users/z/work/lux/threshold/pkg/protocol/handler.go:372 +0x4fc
  github.com/luxfi/threshold/pkg/protocol.NewHandler()
      /Users/z/work/lux/threshold/pkg/protocol/handler.go:247 +0xf10
  github.com/luxfi/threshold/internal/test.(*Harness).CreateHandler()
      /Users/z/work/lux/threshold/internal/test/harness.go:91 +0x2e4
  github.com/luxfi/threshold/internal/test.RunProtocol()
      /Users/z/work/lux/threshold/internal/test/harness.go:270 +0x230
  github.com/luxfi/threshold/protocols/frost_test.TestDebugKeygen()
      /Users/z/work/lux/threshold/protocols/frost/debug_keygen_test.go:24 +0x1dc
  testing.tRunner()
      /opt/homebrew/Cellar/go/1.24.6/libexec/src/testing/testing.go:1792 +0x180
  testing.(*T).Run.gowrap1()
      /opt/homebrew/Cellar/go/1.24.6/libexec/src/testing/testing.go:1851 +0x40
==================
2025-08-15T22:12:57.170-0500	DEBUG	protocol/handler.go:600	current round already advanced	{"{checking 20 1  <nil>}": {"Key":"current","Type":20,"Integer":2,"String":"","Interface":null}}
==================
WARNING: DATA RACE
Read at 0x00c0005aeb48 by goroutine 1345:
  github.com/luxfi/threshold/protocols/frost/keygen.(*round2).Number()
      <autogenerated>:1 +0x38
  github.com/luxfi/threshold/pkg/protocol.(*Handler).verifyBroadcast()
      /Users/z/work/lux/threshold/pkg/protocol/handler.go:1356 +0x74
  github.com/luxfi/threshold/pkg/protocol.(*Handler).processMessage()
      /Users/z/work/lux/threshold/pkg/protocol/handler.go:480 +0xb9c
  github.com/luxfi/threshold/pkg/protocol.(*Handler).messageWorker()
      /Users/z/work/lux/threshold/pkg/protocol/handler.go:408 +0x338
  github.com/luxfi/threshold/pkg/protocol.(*Handler).startWorkers.gowrap2()
      /Users/z/work/lux/threshold/pkg/protocol/handler.go:361 +0x44

Previous write at 0x00c0005aeb4c by goroutine 1348:
  ??()
      -:0 +0x104ad5eb0
  sync/atomic.AddInt32()
      <autogenerated>:1 +0x14
  sync.(*Mutex).Unlock()
      /opt/homebrew/Cellar/go/1.24.6/libexec/src/sync/mutex.go:65 +0x2c
  github.com/luxfi/threshold/protocols/frost/keygen.(*round2).StoreBroadcastMessage()
      /Users/z/work/lux/threshold/protocols/frost/keygen/round2.go:62 +0x78
  github.com/luxfi/threshold/pkg/protocol.(*Handler).verifyBroadcastForRound()
      /Users/z/work/lux/threshold/pkg/protocol/handler.go:1277 +0x3a0
  github.com/luxfi/threshold/pkg/protocol.(*Handler).retryUnprocessedMessages()
      /Users/z/work/lux/threshold/pkg/protocol/handler.go:1483 +0x22c
  github.com/luxfi/threshold/pkg/protocol.(*Handler).tryAdvanceRound()
      /Users/z/work/lux/threshold/pkg/protocol/handler.go:587 +0x28c
  github.com/luxfi/threshold/pkg/protocol.(*Handler).roundProcessor()
      /Users/z/work/lux/threshold/pkg/protocol/handler.go:569 +0xb4
  github.com/luxfi/threshold/pkg/protocol.(*Handler).startWorkers.func1()
      /Users/z/work/lux/threshold/pkg/protocol/handler.go:374 +0x78

Goroutine 1345 (running) created at:
  github.com/luxfi/threshold/pkg/protocol.(*Handler).startWorkers()
      /Users/z/work/lux/threshold/pkg/protocol/handler.go:361 +0x334
  github.com/luxfi/threshold/pkg/protocol.NewHandler()
      /Users/z/work/lux/threshold/pkg/protocol/handler.go:247 +0xf10
  github.com/luxfi/threshold/internal/test.(*Harness).CreateHandler()
      /Users/z/work/lux/threshold/internal/test/harness.go:91 +0x2e4
  github.com/luxfi/threshold/internal/test.RunProtocol()
      /Users/z/work/lux/threshold/internal/test/harness.go:270 +0x230
  github.com/luxfi/threshold/protocols/frost_test.TestDebugKeygen()
      /Users/z/work/lux/threshold/protocols/frost/debug_keygen_test.go:24 +0x1dc
  testing.tRunner()
      /opt/homebrew/Cellar/go/1.24.6/libexec/src/testing/testing.go:1792 +0x180
  testing.(*T).Run.gowrap1()
      /opt/homebrew/Cellar/go/1.24.6/libexec/src/testing/testing.go:1851 +0x40

Goroutine 1348 (running) created at:
  github.com/luxfi/threshold/pkg/protocol.(*Handler).startWorkers()
      /Users/z/work/lux/threshold/pkg/protocol/handler.go:372 +0x4fc
  github.com/luxfi/threshold/pkg/protocol.NewHandler()
      /Users/z/work/lux/threshold/pkg/protocol/handler.go:247 +0xf10
  github.com/luxfi/threshold/internal/test.(*Harness).CreateHandler()
      /Users/z/work/lux/threshold/internal/test/harness.go:91 +0x2e4
  github.com/luxfi/threshold/internal/test.RunProtocol()
      /Users/z/work/lux/threshold/internal/test/harness.go:270 +0x230
  github.com/luxfi/threshold/protocols/frost_test.TestDebugKeygen()
      /Users/z/work/lux/threshold/protocols/frost/debug_keygen_test.go:24 +0x1dc
  testing.tRunner()
      /opt/homebrew/Cellar/go/1.24.6/libexec/src/testing/testing.go:1792 +0x180
  testing.(*T).Run.gowrap1()
      /opt/homebrew/Cellar/go/1.24.6/libexec/src/testing/testing.go:1851 +0x40
==================
2025-08-15T22:12:57.172-0500	DEBUG	protocol/handler.go:581	tryAdvanceRound called	{"{current_round 20 2  <nil>}": {"Key":"self","Type":15,"Integer":0,"String":"c","Interface":null}}
==================
WARNING: DATA RACE
Read at 0x00c0007644c8 by goroutine 1321:
  github.com/luxfi/threshold/protocols/frost/keygen.(*round2).Number()
      <autogenerated>:1 +0x38
  github.com/luxfi/threshold/pkg/protocol.(*Handler).roundProcessor()
      /Users/z/work/lux/threshold/pkg/protocol/handler.go:560 +0x2ec
  github.com/luxfi/threshold/pkg/protocol.(*Handler).startWorkers.func1()
      /Users/z/work/lux/threshold/pkg/protocol/handler.go:374 +0x78

Previous write at 0x00c0007644cc by goroutine 1365:
  ??()
      -:0 +0x104ad5eb0
  sync/atomic.AddInt32()
      <autogenerated>:1 +0x14
  sync.(*Mutex).Unlock()
      /opt/homebrew/Cellar/go/1.24.6/libexec/src/sync/mutex.go:65 +0x2c
  github.com/luxfi/threshold/protocols/frost/keygen.(*round2).StoreBroadcastMessage()
      /Users/z/work/lux/threshold/protocols/frost/keygen/round2.go:62 +0x78
  github.com/luxfi/threshold/pkg/protocol.(*Handler).verifyBroadcastForRound()
      /Users/z/work/lux/threshold/pkg/protocol/handler.go:1277 +0x3a0
  github.com/luxfi/threshold/pkg/protocol.(*Handler).retryUnprocessedMessages()
      /Users/z/work/lux/threshold/pkg/protocol/handler.go:1483 +0x22c
  github.com/luxfi/threshold/pkg/protocol.(*Handler).tryAdvanceRound()
      /Users/z/work/lux/threshold/pkg/protocol/handler.go:587 +0x28c
  github.com/luxfi/threshold/pkg/protocol.(*Handler).initializeRound.func2()
      /Users/z/work/lux/threshold/pkg/protocol/handler.go:1007 +0x38

Goroutine 1321 (running) created at:
  github.com/luxfi/threshold/pkg/protocol.(*Handler).startWorkers()
      /Users/z/work/lux/threshold/pkg/protocol/handler.go:372 +0x4fc
  github.com/luxfi/threshold/pkg/protocol.NewHandler()
      /Users/z/work/lux/threshold/pkg/protocol/handler.go:247 +0xf10
  github.com/luxfi/threshold/internal/test.(*Harness).CreateHandler()
      /Users/z/work/lux/threshold/internal/test/harness.go:91 +0x2e4
  github.com/luxfi/threshold/internal/test.RunProtocol()
      /Users/z/work/lux/threshold/internal/test/harness.go:270 +0x230
  github.com/luxfi/threshold/protocols/frost_test.TestDebugKeygen()
      /Users/z/work/lux/threshold/protocols/frost/debug_keygen_test.go:24 +0x1dc
  testing.tRunner()
      /opt/homebrew/Cellar/go/1.24.6/libexec/src/testing/testing.go:1792 +0x180
  testing.(*T).Run.gowrap1()
      /opt/homebrew/Cellar/go/1.24.6/libexec/src/testing/testing.go:1851 +0x40

Goroutine 1365 (running) created at:
  github.com/luxfi/threshold/pkg/protocol.(*Handler).initializeRound()
      /Users/z/work/lux/threshold/pkg/protocol/handler.go:1005 +0xd0c
  github.com/luxfi/threshold/pkg/protocol.NewHandler.gowrap1()
      /Users/z/work/lux/threshold/pkg/protocol/handler.go:250 +0x4c
==================
2025-08-15T22:12:57.173-0500	INFO	protocol/handler.go:560	advanced to round
2025-08-15T22:12:57.173-0500	DEBUG	protocol/handler.go:581	tryAdvanceRound called	{"{current_round 20 2  <nil>}": {"Key":"self","Type":15,"Integer":0,"String":"b","Interface":null}}
2025-08-15T22:12:57.173-0500	DEBUG	protocol/handler.go:1591	have processed broadcast	{"{round 20 2  <nil>}": {"Key":"from","Type":15,"Integer":0,"String":"b","Interface":null}}
2025-08-15T22:12:57.173-0500	DEBUG	protocol/handler.go:1591	have processed broadcast	{"{round 20 2  <nil>}": {"Key":"from","Type":15,"Integer":0,"String":"c","Interface":null}}
2025-08-15T22:12:57.173-0500	DEBUG	protocol/handler.go:1649	have all messages and processed	{"{round 20 2  <nil>}": {"Key":"self","Type":15,"Integer":0,"String":"a","Interface":null}}
2025-08-15T22:12:57.173-0500	DEBUG	protocol/handler.go:619	finalizing round
==================
WARNING: DATA RACE
Write at 0x00c0005aeb4c by goroutine 1345:
  ??()
      -:0 +0x104ada650
  sync/atomic.CompareAndSwapInt32()
      <autogenerated>:1 +0x18
  sync.(*Mutex).Lock()
      /opt/homebrew/Cellar/go/1.24.6/libexec/src/sync/mutex.go:46 +0x2c
  github.com/luxfi/threshold/protocols/frost/keygen.(*round2).StoreBroadcastMessage()
      /Users/z/work/lux/threshold/protocols/frost/keygen/round2.go:57 +0x58
  github.com/luxfi/threshold/pkg/protocol.(*Handler).verifyBroadcast()
      /Users/z/work/lux/threshold/pkg/protocol/handler.go:1392 +0x648
  github.com/luxfi/threshold/pkg/protocol.(*Handler).processMessage()
      /Users/z/work/lux/threshold/pkg/protocol/handler.go:480 +0xb9c
  github.com/luxfi/threshold/pkg/protocol.(*Handler).messageWorker()
      /Users/z/work/lux/threshold/pkg/protocol/handler.go:408 +0x338
  github.com/luxfi/threshold/pkg/protocol.(*Handler).startWorkers.gowrap2()
      /Users/z/work/lux/threshold/pkg/protocol/handler.go:361 +0x44

Previous read at 0x00c0005aeb48 by goroutine 1344:
  github.com/luxfi/threshold/protocols/frost/keygen.(*round2).Number()
      <autogenerated>:1 +0x38
  github.com/luxfi/threshold/pkg/protocol.(*Handler).tryAdvanceRound()
      /Users/z/work/lux/threshold/pkg/protocol/handler.go:587 +0x280
  github.com/luxfi/threshold/pkg/protocol.(*Handler).processMessage()
      /Users/z/work/lux/threshold/pkg/protocol/handler.go:486 +0xbb0
  github.com/luxfi/threshold/pkg/protocol.(*Handler).messageWorker()
      /Users/z/work/lux/threshold/pkg/protocol/handler.go:408 +0x338
  github.com/luxfi/threshold/pkg/protocol.(*Handler).startWorkers.gowrap2()
      /Users/z/work/lux/threshold/pkg/protocol/handler.go:361 +0x44

Goroutine 1345 (running) created at:
  github.com/luxfi/threshold/pkg/protocol.(*Handler).startWorkers()
      /Users/z/work/lux/threshold/pkg/protocol/handler.go:361 +0x334
  github.com/luxfi/threshold/pkg/protocol.NewHandler()
      /Users/z/work/lux/threshold/pkg/protocol/handler.go:247 +0xf10
  github.com/luxfi/threshold/internal/test.(*Harness).CreateHandler()
      /Users/z/work/lux/threshold/internal/test/harness.go:91 +0x2e4
  github.com/luxfi/threshold/internal/test.RunProtocol()
      /Users/z/work/lux/threshold/internal/test/harness.go:270 +0x230
  github.com/luxfi/threshold/protocols/frost_test.TestDebugKeygen()
      /Users/z/work/lux/threshold/protocols/frost/debug_keygen_test.go:24 +0x1dc
  testing.tRunner()
      /opt/homebrew/Cellar/go/1.24.6/libexec/src/testing/testing.go:1792 +0x180
  testing.(*T).Run.gowrap1()
      /opt/homebrew/Cellar/go/1.24.6/libexec/src/testing/testing.go:1851 +0x40

Goroutine 1344 (running) created at:
  github.com/luxfi/threshold/pkg/protocol.(*Handler).startWorkers()
      /Users/z/work/lux/threshold/pkg/protocol/handler.go:361 +0x334
  github.com/luxfi/threshold/pkg/protocol.NewHandler()
      /Users/z/work/lux/threshold/pkg/protocol/handler.go:247 +0xf10
  github.com/luxfi/threshold/internal/test.(*Harness).CreateHandler()
      /Users/z/work/lux/threshold/internal/test/harness.go:91 +0x2e4
  github.com/luxfi/threshold/internal/test.RunProtocol()
      /Users/z/work/lux/threshold/internal/test/harness.go:270 +0x230
  github.com/luxfi/threshold/protocols/frost_test.TestDebugKeygen()
      /Users/z/work/lux/threshold/protocols/frost/debug_keygen_test.go:24 +0x1dc
  testing.tRunner()
      /opt/homebrew/Cellar/go/1.24.6/libexec/src/testing/testing.go:1792 +0x180
  testing.(*T).Run.gowrap1()
      /opt/homebrew/Cellar/go/1.24.6/libexec/src/testing/testing.go:1851 +0x40
==================
2025-08-15T22:12:57.174-0500	DEBUG	protocol/handler.go:1039	sendRoundMessage	{"{from 15 0 a <nil>}": {"Key":"to","Type":15,"Integer":0,"String":"","Interface":null}, "{round 20 3  <nil>}": {"Key":"broadcast","Type":4,"Integer":1,"String":"","Interface":null}}
2025-08-15T22:12:57.174-0500	DEBUG	protocol/handler.go:1657	storing broadcast	{"{round 20 3  <nil>}": {"Key":"from","Type":15,"Integer":0,"String":"a","Interface":null}}
2025-08-15T22:12:57.174-0500	DEBUG	protocol/handler.go:1081	sent message to output channel	{"{from 15 0 a <nil>}": {"Key":"to","Type":15,"Integer":0,"String":"","Interface":null}, "{round 20 3  <nil>}": {"Key":"broadcast","Type":4,"Integer":1,"String":"","Interface":null}}
2025-08-15T22:12:57.174-0500	DEBUG	protocol/handler.go:1039	sendRoundMessage	{"{from 15 0 a <nil>}": {"Key":"to","Type":15,"Integer":0,"String":"b","Interface":null}, "{round 20 3  <nil>}": {"Key":"broadcast","Type":4,"Integer":0,"String":"","Interface":null}}
2025-08-15T22:12:57.174-0500	DEBUG	protocol/handler.go:1081	sent message to output channel	{"{from 15 0 a <nil>}": {"Key":"to","Type":15,"Integer":0,"String":"b","Interface":null}, "{round 20 3  <nil>}": {"Key":"broadcast","Type":4,"Integer":0,"String":"","Interface":null}}
2025-08-15T22:12:57.174-0500	DEBUG	protocol/handler.go:1039	sendRoundMessage	{"{from 15 0 a <nil>}": {"Key":"to","Type":15,"Integer":0,"String":"c","Interface":null}, "{round 20 3  <nil>}": {"Key":"broadcast","Type":4,"Integer":0,"String":"","Interface":null}}
2025-08-15T22:12:57.174-0500	DEBUG	protocol/handler.go:1081	sent message to output channel	{"{from 15 0 a <nil>}": {"Key":"to","Type":15,"Integer":0,"String":"c","Interface":null}, "{round 20 3  <nil>}": {"Key":"broadcast","Type":4,"Integer":0,"String":"","Interface":null}}
2025-08-15T22:12:57.174-0500	DEBUG	protocol/handler.go:1182	finalized round messages	{"{round 20 2  <nil>}": {"Key":"messages","Type":11,"Integer":3,"String":"","Interface":null}}
2025-08-15T22:12:57.174-0500	DEBUG	protocol/handler.go:1239	finalize returned next round	{"{current 20 2  <nil>}": {"Key":"next","Type":20,"Integer":3,"String":"","Interface":null}}
2025-08-15T22:12:57.174-0500	INFO	protocol/handler.go:642	storing new currentRound	{"{from 20 2  <nil>}": {"Key":"to","Type":20,"Integer":3,"String":"","Interface":null}}
2025-08-15T22:12:57.174-0500	DEBUG	protocol/handler.go:1503	processing queued messages
2025-08-15T22:12:57.174-0500	INFO	protocol/handler.go:560	advanced to round
2025-08-15T22:12:57.174-0500	DEBUG	protocol/handler.go:581	tryAdvanceRound called	{"{current_round 20 3  <nil>}": {"Key":"self","Type":15,"Integer":0,"String":"a","Interface":null}}
2025-08-15T22:12:57.174-0500	DEBUG	protocol/handler.go:1600	waiting for broadcasts	{"{round 20 3  <nil>}": {"Key":"missing","Type":15,"Integer":0,"String":"[b c]","Interface":null}}
2025-08-15T22:12:57.174-0500	DEBUG	protocol/handler.go:1503	processing queued messages
2025-08-15T22:12:57.175-0500	DEBUG	protocol/handler.go:432	processMessage: p2p round 3 START	{"{from 15 0 a <nil>}": {"Key":"to","Type":15,"Integer":0,"String":"c","Interface":null}}
2025-08-15T22:12:57.175-0500	DEBUG	protocol/handler.go:437	processing message	{"{from 15 0 a <nil>}": {"Key":"to","Type":15,"Integer":0,"String":"c","Interface":null}, "{round 20 3  <nil>}": {"Key":"broadcast","Type":4,"Integer":0,"String":"","Interface":null}}
2025-08-15T22:12:57.175-0500	DEBUG	protocol/handler.go:1662	storing message	{"{round 20 3  <nil>}": {"Key":"from","Type":15,"Integer":0,"String":"a","Interface":null}}
2025-08-15T22:12:57.175-0500	DEBUG	protocol/handler.go:470	message for different round (buffering)	{"{msg_round 20 3  <nil>}": {"Key":"current_round","Type":20,"Integer":2,"String":"","Interface":null}}
2025-08-15T22:12:57.175-0500	DEBUG	protocol/handler.go:581	tryAdvanceRound called	{"{current_round 20 2  <nil>}": {"Key":"self","Type":15,"Integer":0,"String":"c","Interface":null}}
2025-08-15T22:12:57.176-0500	DEBUG	protocol/handler.go:437	processing message	{"{from 15 0 a <nil>}": {"Key":"to","Type":15,"Integer":0,"String":"","Interface":null}, "{round 20 3  <nil>}": {"Key":"broadcast","Type":4,"Integer":1,"String":"","Interface":null}}
2025-08-15T22:12:57.176-0500	DEBUG	protocol/handler.go:1657	storing broadcast	{"{round 20 3  <nil>}": {"Key":"from","Type":15,"Integer":0,"String":"a","Interface":null}}
2025-08-15T22:12:57.176-0500	DEBUG	protocol/handler.go:437	processing message	{"{from 15 0 a <nil>}": {"Key":"to","Type":15,"Integer":0,"String":"","Interface":null}, "{round 20 3  <nil>}": {"Key":"broadcast","Type":4,"Integer":1,"String":"","Interface":null}}
2025-08-15T22:12:57.176-0500	DEBUG	protocol/handler.go:1657	storing broadcast	{"{round 20 3  <nil>}": {"Key":"from","Type":15,"Integer":0,"String":"a","Interface":null}}
2025-08-15T22:12:57.176-0500	DEBUG	protocol/handler.go:470	message for different round (buffering)	{"{msg_round 20 3  <nil>}": {"Key":"current_round","Type":20,"Integer":2,"String":"","Interface":null}}
2025-08-15T22:12:57.176-0500	DEBUG	protocol/handler.go:470	message for different round (buffering)	{"{msg_round 20 3  <nil>}": {"Key":"current_round","Type":20,"Integer":2,"String":"","Interface":null}}
2025-08-15T22:12:57.176-0500	DEBUG	protocol/handler.go:581	tryAdvanceRound called	{"{current_round 20 2  <nil>}": {"Key":"self","Type":15,"Integer":0,"String":"b","Interface":null}}
2025-08-15T22:12:57.176-0500	DEBUG	protocol/handler.go:581	tryAdvanceRound called	{"{current_round 20 2  <nil>}": {"Key":"self","Type":15,"Integer":0,"String":"c","Interface":null}}
==================
WARNING: DATA RACE
Write at 0x00c00076449c by goroutine 1365:
  ??()
      -:0 +0x104ada650
  sync/atomic.CompareAndSwapInt32()
      <autogenerated>:1 +0x18
  internal/sync.(*HashTrieMap[go.shape.interface {},go.shape.interface {}]).initSlow()
      /opt/homebrew/Cellar/go/1.24.6/libexec/src/internal/sync/hashtriemap.go:38 +0x38
  internal/sync.(*HashTrieMap[go.shape.interface {},go.shape.interface {}]).init()
      /opt/homebrew/Cellar/go/1.24.6/libexec/src/internal/sync/hashtriemap.go:32 +0x44
  internal/sync.(*HashTrieMap[go.shape.interface {},go.shape.interface {}]).Swap()
      /opt/homebrew/Cellar/go/1.24.6/libexec/src/internal/sync/hashtriemap.go:206 +0x54
  internal/sync.(*HashTrieMap[go.shape.interface {},go.shape.interface {}]).Store()
      /opt/homebrew/Cellar/go/1.24.6/libexec/src/internal/sync/hashtriemap.go:200 +0x54
  sync.(*Map).Store()
      /opt/homebrew/Cellar/go/1.24.6/libexec/src/sync/hashtriemap.go:55 +0x54
  github.com/luxfi/threshold/protocols/frost/keygen.(*round2).StoreBroadcastMessage()
      /Users/z/work/lux/threshold/protocols/frost/keygen/round2.go:117 +0x56c
  github.com/luxfi/threshold/pkg/protocol.(*Handler).verifyBroadcastForRound()
      /Users/z/work/lux/threshold/pkg/protocol/handler.go:1277 +0x3a0
  github.com/luxfi/threshold/pkg/protocol.(*Handler).retryUnprocessedMessages()
      /Users/z/work/lux/threshold/pkg/protocol/handler.go:1483 +0x22c
  github.com/luxfi/threshold/pkg/protocol.(*Handler).tryAdvanceRound()
      /Users/z/work/lux/threshold/pkg/protocol/handler.go:587 +0x28c
  github.com/luxfi/threshold/pkg/protocol.(*Handler).initializeRound.func2()
      /Users/z/work/lux/threshold/pkg/protocol/handler.go:1007 +0x38

Previous read at 0x00c000764498 by goroutine 1320:
  github.com/luxfi/threshold/protocols/frost/keygen.(*round2).Number()
      <autogenerated>:1 +0x38
  github.com/luxfi/threshold/pkg/protocol.(*Handler).tryAdvanceRound()
      /Users/z/work/lux/threshold/pkg/protocol/handler.go:587 +0x280
  github.com/luxfi/threshold/pkg/protocol.(*Handler).processMessage()
      /Users/z/work/lux/threshold/pkg/protocol/handler.go:474 +0xb70
  github.com/luxfi/threshold/pkg/protocol.(*Handler).messageWorker()
      /Users/z/work/lux/threshold/pkg/protocol/handler.go:408 +0x338
  github.com/luxfi/threshold/pkg/protocol.(*Handler).startWorkers.gowrap2()
      /Users/z/work/lux/threshold/pkg/protocol/handler.go:361 +0x44

Goroutine 1365 (running) created at:
  github.com/luxfi/threshold/pkg/protocol.(*Handler).initializeRound()
      /Users/z/work/lux/threshold/pkg/protocol/handler.go:1005 +0xd0c
  github.com/luxfi/threshold/pkg/protocol.NewHandler.gowrap1()
      /Users/z/work/lux/threshold/pkg/protocol/handler.go:250 +0x4c

Goroutine 1320 (running) created at:
  github.com/luxfi/threshold/pkg/protocol.(*Handler).startWorkers()
      /Users/z/work/lux/threshold/pkg/protocol/handler.go:361 +0x334
  github.com/luxfi/threshold/pkg/protocol.NewHandler()
      /Users/z/work/lux/threshold/pkg/protocol/handler.go:247 +0xf10
  github.com/luxfi/threshold/internal/test.(*Harness).CreateHandler()
      /Users/z/work/lux/threshold/internal/test/harness.go:91 +0x2e4
  github.com/luxfi/threshold/internal/test.RunProtocol()
      /Users/z/work/lux/threshold/internal/test/harness.go:270 +0x230
  github.com/luxfi/threshold/protocols/frost_test.TestDebugKeygen()
      /Users/z/work/lux/threshold/protocols/frost/debug_keygen_test.go:24 +0x1dc
  testing.tRunner()
      /opt/homebrew/Cellar/go/1.24.6/libexec/src/testing/testing.go:1792 +0x180
  testing.(*T).Run.gowrap1()
      /opt/homebrew/Cellar/go/1.24.6/libexec/src/testing/testing.go:1851 +0x40
==================
==================
WARNING: DATA RACE
Write at 0x00c0007644a8 by goroutine 1365:
  ??()
      -:0 +0x104ad56f0
  sync/atomic.StorePointer()
      /opt/homebrew/Cellar/go/1.24.6/libexec/src/runtime/atomic_pointer.go:92 +0x38
  internal/sync.(*HashTrieMap[go.shape.interface {},go.shape.interface {}]).initSlow()
      /opt/homebrew/Cellar/go/1.24.6/libexec/src/internal/sync/hashtriemap.go:50 +0xb8
  internal/sync.(*HashTrieMap[go.shape.interface {},go.shape.interface {}]).init()
      /opt/homebrew/Cellar/go/1.24.6/libexec/src/internal/sync/hashtriemap.go:32 +0x44
  internal/sync.(*HashTrieMap[go.shape.interface {},go.shape.interface {}]).Swap()
      /opt/homebrew/Cellar/go/1.24.6/libexec/src/internal/sync/hashtriemap.go:206 +0x54
  internal/sync.(*HashTrieMap[go.shape.interface {},go.shape.interface {}]).Store()
      /opt/homebrew/Cellar/go/1.24.6/libexec/src/internal/sync/hashtriemap.go:200 +0x54
  sync.(*Map).Store()
      /opt/homebrew/Cellar/go/1.24.6/libexec/src/sync/hashtriemap.go:55 +0x54
  github.com/luxfi/threshold/protocols/frost/keygen.(*round2).StoreBroadcastMessage()
      /Users/z/work/lux/threshold/protocols/frost/keygen/round2.go:117 +0x56c
  github.com/luxfi/threshold/pkg/protocol.(*Handler).verifyBroadcastForRound()
      /Users/z/work/lux/threshold/pkg/protocol/handler.go:1277 +0x3a0
  github.com/luxfi/threshold/pkg/protocol.(*Handler).retryUnprocessedMessages()
      /Users/z/work/lux/threshold/pkg/protocol/handler.go:1483 +0x22c
  github.com/luxfi/threshold/pkg/protocol.(*Handler).tryAdvanceRound()
      /Users/z/work/lux/threshold/pkg/protocol/handler.go:587 +0x28c
  github.com/luxfi/threshold/pkg/protocol.(*Handler).initializeRound.func2()
      /Users/z/work/lux/threshold/pkg/protocol/handler.go:1007 +0x38

Previous read at 0x00c0007644a8 by goroutine 1321:
  github.com/luxfi/threshold/protocols/frost/keygen.(*round2).Number()
      <autogenerated>:1 +0x38
  github.com/luxfi/threshold/pkg/protocol.(*Handler).tryAdvanceRound()
      /Users/z/work/lux/threshold/pkg/protocol/handler.go:587 +0x280
  github.com/luxfi/threshold/pkg/protocol.(*Handler).roundProcessor()
      /Users/z/work/lux/threshold/pkg/protocol/handler.go:569 +0xb4
  github.com/luxfi/threshold/pkg/protocol.(*Handler).startWorkers.func1()
      /Users/z/work/lux/threshold/pkg/protocol/handler.go:374 +0x78

Goroutine 1365 (running) created at:
  github.com/luxfi/threshold/pkg/protocol.(*Handler).initializeRound()
      /Users/z/work/lux/threshold/pkg/protocol/handler.go:1005 +0xd0c
  github.com/luxfi/threshold/pkg/protocol.NewHandler.gowrap1()
      /Users/z/work/lux/threshold/pkg/protocol/handler.go:250 +0x4c

Goroutine 1321 (running) created at:
  github.com/luxfi/threshold/pkg/protocol.(*Handler).startWorkers()
      /Users/z/work/lux/threshold/pkg/protocol/handler.go:372 +0x4fc
  github.com/luxfi/threshold/pkg/protocol.NewHandler()
      /Users/z/work/lux/threshold/pkg/protocol/handler.go:247 +0xf10
  github.com/luxfi/threshold/internal/test.(*Harness).CreateHandler()
      /Users/z/work/lux/threshold/internal/test/harness.go:91 +0x2e4
  github.com/luxfi/threshold/internal/test.RunProtocol()
      /Users/z/work/lux/threshold/internal/test/harness.go:270 +0x230
  github.com/luxfi/threshold/protocols/frost_test.TestDebugKeygen()
      /Users/z/work/lux/threshold/protocols/frost/debug_keygen_test.go:24 +0x1dc
  testing.tRunner()
      /opt/homebrew/Cellar/go/1.24.6/libexec/src/testing/testing.go:1792 +0x180
  testing.(*T).Run.gowrap1()
      /opt/homebrew/Cellar/go/1.24.6/libexec/src/testing/testing.go:1851 +0x40
==================
==================
WARNING: DATA RACE
Write at 0x00c0007644cc by goroutine 1365:
  ??()
      -:0 +0x104ada650
  sync/atomic.CompareAndSwapInt32()
      <autogenerated>:1 +0x18
  sync.(*Mutex).Lock()
      /opt/homebrew/Cellar/go/1.24.6/libexec/src/sync/mutex.go:46 +0x2c
  github.com/luxfi/threshold/protocols/frost/keygen.(*round2).StoreBroadcastMessage()
      /Users/z/work/lux/threshold/protocols/frost/keygen/round2.go:57 +0x58
  github.com/luxfi/threshold/pkg/protocol.(*Handler).verifyBroadcastForRound()
      /Users/z/work/lux/threshold/pkg/protocol/handler.go:1277 +0x3a0
  github.com/luxfi/threshold/pkg/protocol.(*Handler).retryUnprocessedMessages()
      /Users/z/work/lux/threshold/pkg/protocol/handler.go:1483 +0x22c
  github.com/luxfi/threshold/pkg/protocol.(*Handler).tryAdvanceRound()
      /Users/z/work/lux/threshold/pkg/protocol/handler.go:587 +0x28c
  github.com/luxfi/threshold/pkg/protocol.(*Handler).initializeRound.func2()
      /Users/z/work/lux/threshold/pkg/protocol/handler.go:1007 +0x38

Previous read at 0x00c0007644c8 by goroutine 1320:
  github.com/luxfi/threshold/protocols/frost/keygen.(*round2).Number()
      <autogenerated>:1 +0x38
  github.com/luxfi/threshold/pkg/protocol.(*Handler).tryAdvanceRound()
      /Users/z/work/lux/threshold/pkg/protocol/handler.go:587 +0x280
  github.com/luxfi/threshold/pkg/protocol.(*Handler).processMessage()
      /Users/z/work/lux/threshold/pkg/protocol/handler.go:474 +0xb70
  github.com/luxfi/threshold/pkg/protocol.(*Handler).messageWorker()
      /Users/z/work/lux/threshold/pkg/protocol/handler.go:408 +0x338
  github.com/luxfi/threshold/pkg/protocol.(*Handler).startWorkers.gowrap2()
      /Users/z/work/lux/threshold/pkg/protocol/handler.go:361 +0x44

Goroutine 1365 (running) created at:
  github.com/luxfi/threshold/pkg/protocol.(*Handler).initializeRound()
      /Users/z/work/lux/threshold/pkg/protocol/handler.go:1005 +0xd0c
  github.com/luxfi/threshold/pkg/protocol.NewHandler.gowrap1()
      /Users/z/work/lux/threshold/pkg/protocol/handler.go:250 +0x4c

Goroutine 1320 (running) created at:
  github.com/luxfi/threshold/pkg/protocol.(*Handler).startWorkers()
      /Users/z/work/lux/threshold/pkg/protocol/handler.go:361 +0x334
  github.com/luxfi/threshold/pkg/protocol.NewHandler()
      /Users/z/work/lux/threshold/pkg/protocol/handler.go:247 +0xf10
  github.com/luxfi/threshold/internal/test.(*Harness).CreateHandler()
      /Users/z/work/lux/threshold/internal/test/harness.go:91 +0x2e4
  github.com/luxfi/threshold/internal/test.RunProtocol()
      /Users/z/work/lux/threshold/internal/test/harness.go:270 +0x230
  github.com/luxfi/threshold/protocols/frost_test.TestDebugKeygen()
      /Users/z/work/lux/threshold/protocols/frost/debug_keygen_test.go:24 +0x1dc
  testing.tRunner()
      /opt/homebrew/Cellar/go/1.24.6/libexec/src/testing/testing.go:1792 +0x180
  testing.(*T).Run.gowrap1()
      /opt/homebrew/Cellar/go/1.24.6/libexec/src/testing/testing.go:1851 +0x40
==================
==================
WARNING: DATA RACE
Read at 0x00c0005aeb48 by goroutine 1344:
  github.com/luxfi/threshold/protocols/frost/keygen.(*round2).Number()
      <autogenerated>:1 +0x38
  github.com/luxfi/threshold/pkg/protocol.(*Handler).hasAllMessages()
      /Users/z/work/lux/threshold/pkg/protocol/handler.go:1570 +0x40
  github.com/luxfi/threshold/pkg/protocol.(*Handler).tryAdvanceRound()
      /Users/z/work/lux/threshold/pkg/protocol/handler.go:589 +0x29c
  github.com/luxfi/threshold/pkg/protocol.(*Handler).processMessage()
      /Users/z/work/lux/threshold/pkg/protocol/handler.go:486 +0xbb0
  github.com/luxfi/threshold/pkg/protocol.(*Handler).messageWorker()
      /Users/z/work/lux/threshold/pkg/protocol/handler.go:408 +0x338
  github.com/luxfi/threshold/pkg/protocol.(*Handler).startWorkers.gowrap2()
      /Users/z/work/lux/threshold/pkg/protocol/handler.go:361 +0x44

Previous write at 0x00c0005aeb4c by goroutine 1346:
  ??()
      -:0 +0x104ad5eb0
  sync/atomic.AddInt32()
      <autogenerated>:1 +0x14
  sync.(*Mutex).Unlock()
      /opt/homebrew/Cellar/go/1.24.6/libexec/src/sync/mutex.go:65 +0x2c
  github.com/luxfi/threshold/protocols/frost/keygen.(*round2).StoreBroadcastMessage()
      /Users/z/work/lux/threshold/protocols/frost/keygen/round2.go:62 +0x78
  github.com/luxfi/threshold/pkg/protocol.(*Handler).verifyBroadcastForRound()
      /Users/z/work/lux/threshold/pkg/protocol/handler.go:1277 +0x3a0
  github.com/luxfi/threshold/pkg/protocol.(*Handler).retryUnprocessedMessages()
      /Users/z/work/lux/threshold/pkg/protocol/handler.go:1483 +0x22c
  github.com/luxfi/threshold/pkg/protocol.(*Handler).tryAdvanceRound()
      /Users/z/work/lux/threshold/pkg/protocol/handler.go:587 +0x28c
  github.com/luxfi/threshold/pkg/protocol.(*Handler).processMessage()
      /Users/z/work/lux/threshold/pkg/protocol/handler.go:474 +0xb70
  github.com/luxfi/threshold/pkg/protocol.(*Handler).messageWorker()
      /Users/z/work/lux/threshold/pkg/protocol/handler.go:408 +0x338
  github.com/luxfi/threshold/pkg/protocol.(*Handler).startWorkers.gowrap2()
      /Users/z/work/lux/threshold/pkg/protocol/handler.go:361 +0x44

Goroutine 1344 (running) created at:
  github.com/luxfi/threshold/pkg/protocol.(*Handler).startWorkers()
      /Users/z/work/lux/threshold/pkg/protocol/handler.go:361 +0x334
  github.com/luxfi/threshold/pkg/protocol.NewHandler()
      /Users/z/work/lux/threshold/pkg/protocol/handler.go:247 +0xf10
  github.com/luxfi/threshold/internal/test.(*Harness).CreateHandler()
      /Users/z/work/lux/threshold/internal/test/harness.go:91 +0x2e4
  github.com/luxfi/threshold/internal/test.RunProtocol()
      /Users/z/work/lux/threshold/internal/test/harness.go:270 +0x230
  github.com/luxfi/threshold/protocols/frost_test.TestDebugKeygen()
      /Users/z/work/lux/threshold/protocols/frost/debug_keygen_test.go:24 +0x1dc
  testing.tRunner()
      /opt/homebrew/Cellar/go/1.24.6/libexec/src/testing/testing.go:1792 +0x180
  testing.(*T).Run.gowrap1()
      /opt/homebrew/Cellar/go/1.24.6/libexec/src/testing/testing.go:1851 +0x40

Goroutine 1346 (running) created at:
  github.com/luxfi/threshold/pkg/protocol.(*Handler).startWorkers()
      /Users/z/work/lux/threshold/pkg/protocol/handler.go:361 +0x334
  github.com/luxfi/threshold/pkg/protocol.NewHandler()
      /Users/z/work/lux/threshold/pkg/protocol/handler.go:247 +0xf10
  github.com/luxfi/threshold/internal/test.(*Harness).CreateHandler()
      /Users/z/work/lux/threshold/internal/test/harness.go:91 +0x2e4
  github.com/luxfi/threshold/internal/test.RunProtocol()
      /Users/z/work/lux/threshold/internal/test/harness.go:270 +0x230
  github.com/luxfi/threshold/protocols/frost_test.TestDebugKeygen()
      /Users/z/work/lux/threshold/protocols/frost/debug_keygen_test.go:24 +0x1dc
  testing.tRunner()
      /opt/homebrew/Cellar/go/1.24.6/libexec/src/testing/testing.go:1792 +0x180
  testing.(*T).Run.gowrap1()
      /opt/homebrew/Cellar/go/1.24.6/libexec/src/testing/testing.go:1851 +0x40
==================
2025-08-15T22:12:57.181-0500	DEBUG	protocol/handler.go:581	tryAdvanceRound called	{"{current_round 20 2  <nil>}": {"Key":"self","Type":15,"Integer":0,"String":"c","Interface":null}}
2025-08-15T22:12:57.181-0500	DEBUG	protocol/handler.go:1591	have processed broadcast	{"{round 20 2  <nil>}": {"Key":"from","Type":15,"Integer":0,"String":"a","Interface":null}}
2025-08-15T22:12:57.181-0500	DEBUG	protocol/handler.go:1591	have processed broadcast	{"{round 20 2  <nil>}": {"Key":"from","Type":15,"Integer":0,"String":"b","Interface":null}}
2025-08-15T22:12:57.181-0500	DEBUG	protocol/handler.go:1591	have processed broadcast	{"{round 20 2  <nil>}": {"Key":"from","Type":15,"Integer":0,"String":"a","Interface":null}}
2025-08-15T22:12:57.182-0500	DEBUG	protocol/handler.go:1649	have all messages and processed	{"{round 20 2  <nil>}": {"Key":"self","Type":15,"Integer":0,"String":"c","Interface":null}}
2025-08-15T22:12:57.182-0500	DEBUG	protocol/handler.go:619	finalizing round
2025-08-15T22:12:57.182-0500	DEBUG	protocol/handler.go:1039	sendRoundMessage	{"{from 15 0 c <nil>}": {"Key":"to","Type":15,"Integer":0,"String":"","Interface":null}, "{round 20 3  <nil>}": {"Key":"broadcast","Type":4,"Integer":1,"String":"","Interface":null}}
2025-08-15T22:12:57.182-0500	DEBUG	protocol/handler.go:1657	storing broadcast	{"{round 20 3  <nil>}": {"Key":"from","Type":15,"Integer":0,"String":"c","Interface":null}}
2025-08-15T22:12:57.182-0500	DEBUG	protocol/handler.go:1081	sent message to output channel	{"{from 15 0 c <nil>}": {"Key":"to","Type":15,"Integer":0,"String":"","Interface":null}, "{round 20 3  <nil>}": {"Key":"broadcast","Type":4,"Integer":1,"String":"","Interface":null}}
2025-08-15T22:12:57.182-0500	DEBUG	protocol/handler.go:1039	sendRoundMessage	{"{from 15 0 c <nil>}": {"Key":"to","Type":15,"Integer":0,"String":"a","Interface":null}, "{round 20 3  <nil>}": {"Key":"broadcast","Type":4,"Integer":0,"String":"","Interface":null}}
2025-08-15T22:12:57.182-0500	DEBUG	protocol/handler.go:1081	sent message to output channel	{"{from 15 0 c <nil>}": {"Key":"to","Type":15,"Integer":0,"String":"a","Interface":null}, "{round 20 3  <nil>}": {"Key":"broadcast","Type":4,"Integer":0,"String":"","Interface":null}}
2025-08-15T22:12:57.182-0500	DEBUG	protocol/handler.go:1039	sendRoundMessage	{"{from 15 0 c <nil>}": {"Key":"to","Type":15,"Integer":0,"String":"b","Interface":null}, "{round 20 3  <nil>}": {"Key":"broadcast","Type":4,"Integer":0,"String":"","Interface":null}}
2025-08-15T22:12:57.182-0500	DEBUG	protocol/handler.go:1081	sent message to output channel	{"{from 15 0 c <nil>}": {"Key":"to","Type":15,"Integer":0,"String":"b","Interface":null}, "{round 20 3  <nil>}": {"Key":"broadcast","Type":4,"Integer":0,"String":"","Interface":null}}
2025-08-15T22:12:57.182-0500	DEBUG	protocol/handler.go:1182	finalized round messages	{"{round 20 2  <nil>}": {"Key":"messages","Type":11,"Integer":3,"String":"","Interface":null}}
2025-08-15T22:12:57.182-0500	DEBUG	protocol/handler.go:1239	finalize returned next round	{"{current 20 2  <nil>}": {"Key":"next","Type":20,"Integer":3,"String":"","Interface":null}}
2025-08-15T22:12:57.182-0500	INFO	protocol/handler.go:642	storing new currentRound	{"{from 20 2  <nil>}": {"Key":"to","Type":20,"Integer":3,"String":"","Interface":null}}
2025-08-15T22:12:57.182-0500	DEBUG	protocol/handler.go:1503	processing queued messages
2025-08-15T22:12:57.182-0500	DEBUG	protocol/handler.go:1503	processing queued messages
2025-08-15T22:12:57.182-0500	DEBUG	protocol/handler.go:1591	have processed broadcast	{"{round 20 2  <nil>}": {"Key":"from","Type":15,"Integer":0,"String":"b","Interface":null}}
2025-08-15T22:12:57.183-0500	DEBUG	protocol/handler.go:1649	have all messages and processed	{"{round 20 2  <nil>}": {"Key":"self","Type":15,"Integer":0,"String":"c","Interface":null}}
2025-08-15T22:12:57.183-0500	DEBUG	protocol/handler.go:596	round already finalized
2025-08-15T22:12:57.183-0500	DEBUG	protocol/handler.go:600	current round already advanced	{"{checking 20 2  <nil>}": {"Key":"current","Type":20,"Integer":3,"String":"","Interface":null}}
2025-08-15T22:12:57.183-0500	DEBUG	protocol/handler.go:432	processMessage: p2p round 3 START	{"{from 15 0 c <nil>}": {"Key":"to","Type":15,"Integer":0,"String":"b","Interface":null}}
2025-08-15T22:12:57.183-0500	DEBUG	protocol/handler.go:437	processing message	{"{from 15 0 c <nil>}": {"Key":"to","Type":15,"Integer":0,"String":"b","Interface":null}, "{round 20 3  <nil>}": {"Key":"broadcast","Type":4,"Integer":0,"String":"","Interface":null}}
2025-08-15T22:12:57.183-0500	DEBUG	protocol/handler.go:1662	storing message	{"{round 20 3  <nil>}": {"Key":"from","Type":15,"Integer":0,"String":"c","Interface":null}}
==================
WARNING: DATA RACE
Read at 0x00c0007644c8 by goroutine 1314:
  github.com/luxfi/threshold/protocols/frost/keygen.(*round2).Number()
      <autogenerated>:1 +0x38
  github.com/luxfi/threshold/pkg/protocol.(*Handler).processMessage()
      /Users/z/work/lux/threshold/pkg/protocol/handler.go:469 +0x94c
  github.com/luxfi/threshold/pkg/protocol.(*Handler).messageWorker()
      /Users/z/work/lux/threshold/pkg/protocol/handler.go:408 +0x338
  github.com/luxfi/threshold/pkg/protocol.(*Handler).startWorkers.gowrap1()
      /Users/z/work/lux/threshold/pkg/protocol/handler.go:355 +0x44

Previous write at 0x00c0007644cc by goroutine 1365:
  ??()
      -:0 +0x104ad5eb0
  sync/atomic.AddInt32()
      <autogenerated>:1 +0x14
  sync.(*Mutex).Unlock()
      /opt/homebrew/Cellar/go/1.24.6/libexec/src/sync/mutex.go:65 +0x2c
  github.com/luxfi/threshold/protocols/frost/keygen.(*round2).StoreBroadcastMessage()
      /Users/z/work/lux/threshold/protocols/frost/keygen/round2.go:62 +0x78
  github.com/luxfi/threshold/pkg/protocol.(*Handler).verifyBroadcastForRound()
      /Users/z/work/lux/threshold/pkg/protocol/handler.go:1277 +0x3a0
  github.com/luxfi/threshold/pkg/protocol.(*Handler).retryUnprocessedMessages()
      /Users/z/work/lux/threshold/pkg/protocol/handler.go:1483 +0x22c
  github.com/luxfi/threshold/pkg/protocol.(*Handler).tryAdvanceRound()
      /Users/z/work/lux/threshold/pkg/protocol/handler.go:587 +0x28c
  github.com/luxfi/threshold/pkg/protocol.(*Handler).initializeRound.func2()
      /Users/z/work/lux/threshold/pkg/protocol/handler.go:1007 +0x38

Goroutine 1314 (running) created at:
  github.com/luxfi/threshold/pkg/protocol.(*Handler).startWorkers()
      /Users/z/work/lux/threshold/pkg/protocol/handler.go:355 +0x27c
  github.com/luxfi/threshold/pkg/protocol.NewHandler()
      /Users/z/work/lux/threshold/pkg/protocol/handler.go:247 +0xf10
  github.com/luxfi/threshold/internal/test.(*Harness).CreateHandler()
      /Users/z/work/lux/threshold/internal/test/harness.go:91 +0x2e4
  github.com/luxfi/threshold/internal/test.RunProtocol()
      /Users/z/work/lux/threshold/internal/test/harness.go:270 +0x230
  github.com/luxfi/threshold/protocols/frost_test.TestDebugKeygen()
      /Users/z/work/lux/threshold/protocols/frost/debug_keygen_test.go:24 +0x1dc
  testing.tRunner()
      /opt/homebrew/Cellar/go/1.24.6/libexec/src/testing/testing.go:1792 +0x180
  testing.(*T).Run.gowrap1()
      /opt/homebrew/Cellar/go/1.24.6/libexec/src/testing/testing.go:1851 +0x40

Goroutine 1365 (running) created at:
  github.com/luxfi/threshold/pkg/protocol.(*Handler).initializeRound()
      /Users/z/work/lux/threshold/pkg/protocol/handler.go:1005 +0xd0c
  github.com/luxfi/threshold/pkg/protocol.NewHandler.gowrap1()
      /Users/z/work/lux/threshold/pkg/protocol/handler.go:250 +0x4c
==================
2025-08-15T22:12:57.183-0500	DEBUG	protocol/handler.go:470	message for different round (buffering)	{"{msg_round 20 3  <nil>}": {"Key":"current_round","Type":20,"Integer":2,"String":"","Interface":null}}
2025-08-15T22:12:57.183-0500	DEBUG	protocol/handler.go:581	tryAdvanceRound called	{"{current_round 20 2  <nil>}": {"Key":"self","Type":15,"Integer":0,"String":"b","Interface":null}}
2025-08-15T22:12:57.185-0500	DEBUG	protocol/handler.go:1591	have processed broadcast	{"{round 20 2  <nil>}": {"Key":"from","Type":15,"Integer":0,"String":"a","Interface":null}}
2025-08-15T22:12:57.185-0500	DEBUG	protocol/handler.go:1591	have processed broadcast	{"{round 20 2  <nil>}": {"Key":"from","Type":15,"Integer":0,"String":"b","Interface":null}}
2025-08-15T22:12:57.186-0500	DEBUG	protocol/handler.go:1649	have all messages and processed	{"{round 20 2  <nil>}": {"Key":"self","Type":15,"Integer":0,"String":"c","Interface":null}}
2025-08-15T22:12:57.186-0500	DEBUG	protocol/handler.go:596	round already finalized
2025-08-15T22:12:57.186-0500	DEBUG	protocol/handler.go:600	current round already advanced	{"{checking 20 2  <nil>}": {"Key":"current","Type":20,"Integer":3,"String":"","Interface":null}}
2025-08-15T22:12:57.186-0500	DEBUG	protocol/handler.go:432	processMessage: p2p round 3 START	{"{from 15 0 c <nil>}": {"Key":"to","Type":15,"Integer":0,"String":"a","Interface":null}}
2025-08-15T22:12:57.186-0500	DEBUG	protocol/handler.go:437	processing message	{"{from 15 0 c <nil>}": {"Key":"to","Type":15,"Integer":0,"String":"a","Interface":null}, "{round 20 3  <nil>}": {"Key":"broadcast","Type":4,"Integer":0,"String":"","Interface":null}}
2025-08-15T22:12:57.186-0500	DEBUG	protocol/handler.go:1662	storing message	{"{round 20 3  <nil>}": {"Key":"from","Type":15,"Integer":0,"String":"c","Interface":null}}
2025-08-15T22:12:57.186-0500	DEBUG	protocol/handler.go:581	tryAdvanceRound called	{"{current_round 20 3  <nil>}": {"Key":"self","Type":15,"Integer":0,"String":"a","Interface":null}}
2025-08-15T22:12:57.186-0500	DEBUG	protocol/handler.go:1306	waiting for broadcast before normal message
2025-08-15T22:12:57.186-0500	DEBUG	protocol/handler.go:1600	waiting for broadcasts	{"{round 20 3  <nil>}": {"Key":"missing","Type":15,"Integer":0,"String":"[b c]","Interface":null}}
2025-08-15T22:12:57.186-0500	DEBUG	protocol/handler.go:437	processing message	{"{from 15 0 c <nil>}": {"Key":"to","Type":15,"Integer":0,"String":"","Interface":null}, "{round 20 3  <nil>}": {"Key":"broadcast","Type":4,"Integer":1,"String":"","Interface":null}}
2025-08-15T22:12:57.186-0500	DEBUG	protocol/handler.go:1657	storing broadcast	{"{round 20 3  <nil>}": {"Key":"from","Type":15,"Integer":0,"String":"c","Interface":null}}
==================
WARNING: DATA RACE
Read at 0x00c0007644c8 by goroutine 1365:
  github.com/luxfi/threshold/protocols/frost/keygen.(*round2).Number()
      <autogenerated>:1 +0x38
  github.com/luxfi/threshold/pkg/protocol.(*Handler).hasAllMessages()
      /Users/z/work/lux/threshold/pkg/protocol/handler.go:1570 +0x40
  github.com/luxfi/threshold/pkg/protocol.(*Handler).tryAdvanceRound()
      /Users/z/work/lux/threshold/pkg/protocol/handler.go:589 +0x29c
  github.com/luxfi/threshold/pkg/protocol.(*Handler).initializeRound.func2()
      /Users/z/work/lux/threshold/pkg/protocol/handler.go:1007 +0x38

Previous write at 0x00c0007644cc by goroutine 1314:
  ??()
      -:0 +0x104ad5eb0
  sync/atomic.AddInt32()
      <autogenerated>:1 +0x14
  sync.(*Mutex).Unlock()
      /opt/homebrew/Cellar/go/1.24.6/libexec/src/sync/mutex.go:65 +0x2c
  github.com/luxfi/threshold/protocols/frost/keygen.(*round2).StoreBroadcastMessage()
      /Users/z/work/lux/threshold/protocols/frost/keygen/round2.go:62 +0x78
  github.com/luxfi/threshold/pkg/protocol.(*Handler).verifyBroadcastForRound()
      /Users/z/work/lux/threshold/pkg/protocol/handler.go:1277 +0x3a0
  github.com/luxfi/threshold/pkg/protocol.(*Handler).retryUnprocessedMessages()
      /Users/z/work/lux/threshold/pkg/protocol/handler.go:1483 +0x22c
  github.com/luxfi/threshold/pkg/protocol.(*Handler).tryAdvanceRound()
      /Users/z/work/lux/threshold/pkg/protocol/handler.go:587 +0x28c
  github.com/luxfi/threshold/pkg/protocol.(*Handler).processMessage()
      /Users/z/work/lux/threshold/pkg/protocol/handler.go:474 +0xb70
  github.com/luxfi/threshold/pkg/protocol.(*Handler).messageWorker()
      /Users/z/work/lux/threshold/pkg/protocol/handler.go:408 +0x338
  github.com/luxfi/threshold/pkg/protocol.(*Handler).startWorkers.gowrap1()
      /Users/z/work/lux/threshold/pkg/protocol/handler.go:355 +0x44

Goroutine 1365 (running) created at:
  github.com/luxfi/threshold/pkg/protocol.(*Handler).initializeRound()
      /Users/z/work/lux/threshold/pkg/protocol/handler.go:1005 +0xd0c
  github.com/luxfi/threshold/pkg/protocol.NewHandler.gowrap1()
      /Users/z/work/lux/threshold/pkg/protocol/handler.go:250 +0x4c

Goroutine 1314 (running) created at:
  github.com/luxfi/threshold/pkg/protocol.(*Handler).startWorkers()
      /Users/z/work/lux/threshold/pkg/protocol/handler.go:355 +0x27c
  github.com/luxfi/threshold/pkg/protocol.NewHandler()
      /Users/z/work/lux/threshold/pkg/protocol/handler.go:247 +0xf10
  github.com/luxfi/threshold/internal/test.(*Harness).CreateHandler()
      /Users/z/work/lux/threshold/internal/test/harness.go:91 +0x2e4
  github.com/luxfi/threshold/internal/test.RunProtocol()
      /Users/z/work/lux/threshold/internal/test/harness.go:270 +0x230
  github.com/luxfi/threshold/protocols/frost_test.TestDebugKeygen()
      /Users/z/work/lux/threshold/protocols/frost/debug_keygen_test.go:24 +0x1dc
  testing.tRunner()
      /opt/homebrew/Cellar/go/1.24.6/libexec/src/testing/testing.go:1792 +0x180
  testing.(*T).Run.gowrap1()
      /opt/homebrew/Cellar/go/1.24.6/libexec/src/testing/testing.go:1851 +0x40
==================
2025-08-15T22:12:57.186-0500	DEBUG	protocol/handler.go:1591	have processed broadcast	{"{round 20 2  <nil>}": {"Key":"from","Type":15,"Integer":0,"String":"a","Interface":null}}
2025-08-15T22:12:57.186-0500	DEBUG	protocol/handler.go:437	processing message	{"{from 15 0 c <nil>}": {"Key":"to","Type":15,"Integer":0,"String":"","Interface":null}, "{round 20 3  <nil>}": {"Key":"broadcast","Type":4,"Integer":1,"String":"","Interface":null}}
2025-08-15T22:12:57.186-0500	DEBUG	protocol/handler.go:1657	storing broadcast	{"{round 20 3  <nil>}": {"Key":"from","Type":15,"Integer":0,"String":"c","Interface":null}}
2025-08-15T22:12:57.186-0500	DEBUG	protocol/handler.go:470	message for different round (buffering)	{"{msg_round 20 3  <nil>}": {"Key":"current_round","Type":20,"Integer":2,"String":"","Interface":null}}
2025-08-15T22:12:57.186-0500	DEBUG	protocol/handler.go:581	tryAdvanceRound called	{"{current_round 20 2  <nil>}": {"Key":"self","Type":15,"Integer":0,"String":"b","Interface":null}}
2025-08-15T22:12:57.186-0500	DEBUG	protocol/handler.go:1591	have processed broadcast	{"{round 20 2  <nil>}": {"Key":"from","Type":15,"Integer":0,"String":"c","Interface":null}}
2025-08-15T22:12:57.186-0500	DEBUG	protocol/handler.go:1591	have processed broadcast	{"{round 20 2  <nil>}": {"Key":"from","Type":15,"Integer":0,"String":"a","Interface":null}}
2025-08-15T22:12:57.186-0500	DEBUG	protocol/handler.go:1591	have processed broadcast	{"{round 20 2  <nil>}": {"Key":"from","Type":15,"Integer":0,"String":"c","Interface":null}}
2025-08-15T22:12:57.186-0500	DEBUG	protocol/handler.go:1649	have all messages and processed	{"{round 20 2  <nil>}": {"Key":"self","Type":15,"Integer":0,"String":"b","Interface":null}}
2025-08-15T22:12:57.187-0500	DEBUG	protocol/handler.go:1649	have all messages and processed	{"{round 20 2  <nil>}": {"Key":"self","Type":15,"Integer":0,"String":"b","Interface":null}}
2025-08-15T22:12:57.187-0500	DEBUG	protocol/handler.go:596	round already finalized
2025-08-15T22:12:57.187-0500	DEBUG	protocol/handler.go:619	finalizing round
2025-08-15T22:12:57.187-0500	DEBUG	protocol/handler.go:432	processMessage: p2p round 3 START	{"{from 15 0 a <nil>}": {"Key":"to","Type":15,"Integer":0,"String":"b","Interface":null}}
2025-08-15T22:12:57.187-0500	DEBUG	protocol/handler.go:437	processing message	{"{from 15 0 a <nil>}": {"Key":"to","Type":15,"Integer":0,"String":"b","Interface":null}, "{round 20 3  <nil>}": {"Key":"broadcast","Type":4,"Integer":0,"String":"","Interface":null}}
2025-08-15T22:12:57.187-0500	DEBUG	protocol/handler.go:1662	storing message	{"{round 20 3  <nil>}": {"Key":"from","Type":15,"Integer":0,"String":"a","Interface":null}}
2025-08-15T22:12:57.187-0500	DEBUG	protocol/handler.go:470	message for different round (buffering)	{"{msg_round 20 3  <nil>}": {"Key":"current_round","Type":20,"Integer":2,"String":"","Interface":null}}
2025-08-15T22:12:57.187-0500	DEBUG	protocol/handler.go:581	tryAdvanceRound called	{"{current_round 20 2  <nil>}": {"Key":"self","Type":15,"Integer":0,"String":"b","Interface":null}}
2025-08-15T22:12:57.187-0500	DEBUG	protocol/handler.go:1591	have processed broadcast	{"{round 20 2  <nil>}": {"Key":"from","Type":15,"Integer":0,"String":"a","Interface":null}}
2025-08-15T22:12:57.187-0500	DEBUG	protocol/handler.go:1591	have processed broadcast	{"{round 20 2  <nil>}": {"Key":"from","Type":15,"Integer":0,"String":"c","Interface":null}}
2025-08-15T22:12:57.187-0500	DEBUG	protocol/handler.go:1649	have all messages and processed	{"{round 20 2  <nil>}": {"Key":"self","Type":15,"Integer":0,"String":"b","Interface":null}}
2025-08-15T22:12:57.187-0500	DEBUG	protocol/handler.go:596	round already finalized
2025-08-15T22:12:57.186-0500	DEBUG	protocol/handler.go:581	tryAdvanceRound called	{"{current_round 20 3  <nil>}": {"Key":"self","Type":15,"Integer":0,"String":"a","Interface":null}}
==================
WARNING: DATA RACE
Write at 0x00c0007644cc by goroutine 1371:
  ??()
      -:0 +0x104ada650
  sync/atomic.CompareAndSwapInt32()
      <autogenerated>:1 +0x18
  sync.(*Mutex).Lock()
      /opt/homebrew/Cellar/go/1.24.6/libexec/src/sync/mutex.go:46 +0x2c
  github.com/luxfi/threshold/protocols/frost/keygen.(*round2).Finalize()
      /Users/z/work/lux/threshold/protocols/frost/keygen/round2.go:157 +0x784
  github.com/luxfi/threshold/pkg/protocol.(*Handler).finalizeRound.func1()
      /Users/z/work/lux/threshold/pkg/protocol/handler.go:1163 +0xe4

Previous read at 0x00c0007644c8 by goroutine 1319:
  github.com/luxfi/threshold/protocols/frost/keygen.(*round2).Number()
      <autogenerated>:1 +0x38
  github.com/luxfi/threshold/pkg/protocol.(*Handler).tryAdvanceRound()
      /Users/z/work/lux/threshold/pkg/protocol/handler.go:606 +0x6c8
  github.com/luxfi/threshold/pkg/protocol.(*Handler).processMessage()
      /Users/z/work/lux/threshold/pkg/protocol/handler.go:474 +0xb70
  github.com/luxfi/threshold/pkg/protocol.(*Handler).messageWorker()
      /Users/z/work/lux/threshold/pkg/protocol/handler.go:408 +0x338
  github.com/luxfi/threshold/pkg/protocol.(*Handler).startWorkers.gowrap2()
      /Users/z/work/lux/threshold/pkg/protocol/handler.go:361 +0x44

Goroutine 1371 (running) created at:
  github.com/luxfi/threshold/pkg/protocol.(*Handler).finalizeRound()
      /Users/z/work/lux/threshold/pkg/protocol/handler.go:1160 +0x26c
  github.com/luxfi/threshold/pkg/protocol.(*Handler).tryAdvanceRound()
      /Users/z/work/lux/threshold/pkg/protocol/handler.go:622 +0xae4
  github.com/luxfi/threshold/pkg/protocol.(*Handler).initializeRound.func2()
      /Users/z/work/lux/threshold/pkg/protocol/handler.go:1007 +0x38

Goroutine 1319 (running) created at:
  github.com/luxfi/threshold/pkg/protocol.(*Handler).startWorkers()
      /Users/z/work/lux/threshold/pkg/protocol/handler.go:361 +0x334
  github.com/luxfi/threshold/pkg/protocol.NewHandler()
      /Users/z/work/lux/threshold/pkg/protocol/handler.go:247 +0xf10
  github.com/luxfi/threshold/internal/test.(*Harness).CreateHandler()
      /Users/z/work/lux/threshold/internal/test/harness.go:91 +0x2e4
  github.com/luxfi/threshold/internal/test.RunProtocol()
      /Users/z/work/lux/threshold/internal/test/harness.go:270 +0x230
  github.com/luxfi/threshold/protocols/frost_test.TestDebugKeygen()
      /Users/z/work/lux/threshold/protocols/frost/debug_keygen_test.go:24 +0x1dc
  testing.tRunner()
      /opt/homebrew/Cellar/go/1.24.6/libexec/src/testing/testing.go:1792 +0x180
  testing.(*T).Run.gowrap1()
      /opt/homebrew/Cellar/go/1.24.6/libexec/src/testing/testing.go:1851 +0x40
==================
==================
WARNING: DATA RACE
Write at 0x00c0007644c8 by goroutine 1371:
  github.com/luxfi/threshold/protocols/frost/keygen.(*round2).Finalize()
      /Users/z/work/lux/threshold/protocols/frost/keygen/round2.go:158 +0x78c
  github.com/luxfi/threshold/pkg/protocol.(*Handler).finalizeRound.func1()
      /Users/z/work/lux/threshold/pkg/protocol/handler.go:1163 +0xe4

Previous read at 0x00c0007644c8 by goroutine 1313:
  github.com/luxfi/threshold/protocols/frost/keygen.(*round2).Number()
      <autogenerated>:1 +0x38
  github.com/luxfi/threshold/pkg/protocol.(*Handler).tryAdvanceRound()
      /Users/z/work/lux/threshold/pkg/protocol/handler.go:606 +0x6c8
  github.com/luxfi/threshold/pkg/protocol.(*Handler).processMessage()
      /Users/z/work/lux/threshold/pkg/protocol/handler.go:474 +0xb70
  github.com/luxfi/threshold/pkg/protocol.(*Handler).messageWorker()
      /Users/z/work/lux/threshold/pkg/protocol/handler.go:408 +0x338
  github.com/luxfi/threshold/pkg/protocol.(*Handler).startWorkers.gowrap1()
      /Users/z/work/lux/threshold/pkg/protocol/handler.go:355 +0x44

Goroutine 1371 (running) created at:
  github.com/luxfi/threshold/pkg/protocol.(*Handler).finalizeRound()
      /Users/z/work/lux/threshold/pkg/protocol/handler.go:1160 +0x26c
  github.com/luxfi/threshold/pkg/protocol.(*Handler).tryAdvanceRound()
      /Users/z/work/lux/threshold/pkg/protocol/handler.go:622 +0xae4
  github.com/luxfi/threshold/pkg/protocol.(*Handler).initializeRound.func2()
      /Users/z/work/lux/threshold/pkg/protocol/handler.go:1007 +0x38

Goroutine 1313 (running) created at:
  github.com/luxfi/threshold/pkg/protocol.(*Handler).startWorkers()
      /Users/z/work/lux/threshold/pkg/protocol/handler.go:355 +0x27c
  github.com/luxfi/threshold/pkg/protocol.NewHandler()
      /Users/z/work/lux/threshold/pkg/protocol/handler.go:247 +0xf10
  github.com/luxfi/threshold/internal/test.(*Harness).CreateHandler()
      /Users/z/work/lux/threshold/internal/test/harness.go:91 +0x2e4
  github.com/luxfi/threshold/internal/test.RunProtocol()
      /Users/z/work/lux/threshold/internal/test/harness.go:270 +0x230
  github.com/luxfi/threshold/protocols/frost_test.TestDebugKeygen()
      /Users/z/work/lux/threshold/protocols/frost/debug_keygen_test.go:24 +0x1dc
  testing.tRunner()
      /opt/homebrew/Cellar/go/1.24.6/libexec/src/testing/testing.go:1792 +0x180
  testing.(*T).Run.gowrap1()
      /opt/homebrew/Cellar/go/1.24.6/libexec/src/testing/testing.go:1851 +0x40
==================
2025-08-15T22:12:57.187-0500	DEBUG	protocol/handler.go:1039	sendRoundMessage	{"{from 15 0 b <nil>}": {"Key":"to","Type":15,"Integer":0,"String":"","Interface":null}, "{round 20 3  <nil>}": {"Key":"broadcast","Type":4,"Integer":1,"String":"","Interface":null}}
2025-08-15T22:12:57.187-0500	DEBUG	protocol/handler.go:1657	storing broadcast	{"{round 20 3  <nil>}": {"Key":"from","Type":15,"Integer":0,"String":"b","Interface":null}}
2025-08-15T22:12:57.187-0500	DEBUG	protocol/handler.go:1081	sent message to output channel	{"{from 15 0 b <nil>}": {"Key":"to","Type":15,"Integer":0,"String":"","Interface":null}, "{round 20 3  <nil>}": {"Key":"broadcast","Type":4,"Integer":1,"String":"","Interface":null}}
2025-08-15T22:12:57.187-0500	DEBUG	protocol/handler.go:1039	sendRoundMessage	{"{from 15 0 b <nil>}": {"Key":"to","Type":15,"Integer":0,"String":"a","Interface":null}, "{round 20 3  <nil>}": {"Key":"broadcast","Type":4,"Integer":0,"String":"","Interface":null}}
2025-08-15T22:12:57.187-0500	DEBUG	protocol/handler.go:1081	sent message to output channel	{"{from 15 0 b <nil>}": {"Key":"to","Type":15,"Integer":0,"String":"a","Interface":null}, "{round 20 3  <nil>}": {"Key":"broadcast","Type":4,"Integer":0,"String":"","Interface":null}}
2025-08-15T22:12:57.188-0500	DEBUG	protocol/handler.go:1039	sendRoundMessage	{"{from 15 0 b <nil>}": {"Key":"to","Type":15,"Integer":0,"String":"c","Interface":null}, "{round 20 3  <nil>}": {"Key":"broadcast","Type":4,"Integer":0,"String":"","Interface":null}}
2025-08-15T22:12:57.188-0500	DEBUG	protocol/handler.go:437	processing message	{"{from 15 0 b <nil>}": {"Key":"to","Type":15,"Integer":0,"String":"","Interface":null}, "{round 20 3  <nil>}": {"Key":"broadcast","Type":4,"Integer":1,"String":"","Interface":null}}
2025-08-15T22:12:57.188-0500	DEBUG	protocol/handler.go:1081	sent message to output channel	{"{from 15 0 b <nil>}": {"Key":"to","Type":15,"Integer":0,"String":"c","Interface":null}, "{round 20 3  <nil>}": {"Key":"broadcast","Type":4,"Integer":0,"String":"","Interface":null}}
2025-08-15T22:12:57.188-0500	DEBUG	protocol/handler.go:1657	storing broadcast	{"{round 20 3  <nil>}": {"Key":"from","Type":15,"Integer":0,"String":"b","Interface":null}}
2025-08-15T22:12:57.188-0500	DEBUG	protocol/handler.go:1182	finalized round messages	{"{round 20 2  <nil>}": {"Key":"messages","Type":11,"Integer":3,"String":"","Interface":null}}
2025-08-15T22:12:57.188-0500	DEBUG	protocol/handler.go:1239	finalize returned next round	{"{current 20 2  <nil>}": {"Key":"next","Type":20,"Integer":3,"String":"","Interface":null}}
2025-08-15T22:12:57.188-0500	INFO	protocol/handler.go:642	storing new currentRound	{"{from 20 2  <nil>}": {"Key":"to","Type":20,"Integer":3,"String":"","Interface":null}}
2025-08-15T22:12:57.188-0500	DEBUG	protocol/handler.go:581	tryAdvanceRound called	{"{current_round 20 3  <nil>}": {"Key":"self","Type":15,"Integer":0,"String":"c","Interface":null}}
2025-08-15T22:12:57.188-0500	DEBUG	protocol/handler.go:1591	have processed broadcast	{"{round 20 2  <nil>}": {"Key":"from","Type":15,"Integer":0,"String":"a","Interface":null}}
2025-08-15T22:12:57.188-0500	DEBUG	protocol/handler.go:432	processMessage: p2p round 3 START	{"{from 15 0 b <nil>}": {"Key":"to","Type":15,"Integer":0,"String":"c","Interface":null}}
2025-08-15T22:12:57.188-0500	DEBUG	protocol/handler.go:1591	have processed broadcast	{"{round 20 3  <nil>}": {"Key":"from","Type":15,"Integer":0,"String":"a","Interface":null}}
2025-08-15T22:12:57.188-0500	DEBUG	protocol/handler.go:1591	have processed broadcast	{"{round 20 2  <nil>}": {"Key":"from","Type":15,"Integer":0,"String":"c","Interface":null}}
2025-08-15T22:12:57.188-0500	DEBUG	protocol/handler.go:1591	have processed broadcast	{"{round 20 3  <nil>}": {"Key":"from","Type":15,"Integer":0,"String":"b","Interface":null}}
2025-08-15T22:12:57.188-0500	DEBUG	protocol/handler.go:437	processing message	{"{from 15 0 b <nil>}": {"Key":"to","Type":15,"Integer":0,"String":"c","Interface":null}, "{round 20 3  <nil>}": {"Key":"broadcast","Type":4,"Integer":0,"String":"","Interface":null}}
2025-08-15T22:12:57.188-0500	DEBUG	protocol/handler.go:1649	have all messages and processed	{"{round 20 2  <nil>}": {"Key":"self","Type":15,"Integer":0,"String":"b","Interface":null}}
2025-08-15T22:12:57.188-0500	DEBUG	protocol/handler.go:1635	waiting for messages	{"{round 20 3  <nil>}": {"Key":"missing","Type":15,"Integer":0,"String":"[b]","Interface":null}}
2025-08-15T22:12:57.188-0500	DEBUG	protocol/handler.go:596	round already finalized
2025-08-15T22:12:57.188-0500	DEBUG	protocol/handler.go:600	current round already advanced	{"{checking 20 2  <nil>}": {"Key":"current","Type":20,"Integer":3,"String":"","Interface":null}}
2025-08-15T22:12:57.188-0500	DEBUG	protocol/handler.go:437	processing message	{"{from 15 0 b <nil>}": {"Key":"to","Type":15,"Integer":0,"String":"","Interface":null}, "{round 20 3  <nil>}": {"Key":"broadcast","Type":4,"Integer":1,"String":"","Interface":null}}
2025-08-15T22:12:57.188-0500	INFO	protocol/handler.go:560	advanced to round
2025-08-15T22:12:57.188-0500	DEBUG	protocol/handler.go:1662	storing message	{"{round 20 3  <nil>}": {"Key":"from","Type":15,"Integer":0,"String":"b","Interface":null}}
2025-08-15T22:12:57.188-0500	DEBUG	protocol/handler.go:1657	storing broadcast	{"{round 20 3  <nil>}": {"Key":"from","Type":15,"Integer":0,"String":"b","Interface":null}}
2025-08-15T22:12:57.188-0500	DEBUG	protocol/handler.go:581	tryAdvanceRound called	{"{current_round 20 3  <nil>}": {"Key":"self","Type":15,"Integer":0,"String":"b","Interface":null}}
2025-08-15T22:12:57.188-0500	DEBUG	protocol/handler.go:581	tryAdvanceRound called	{"{current_round 20 3  <nil>}": {"Key":"self","Type":15,"Integer":0,"String":"a","Interface":null}}
2025-08-15T22:12:57.188-0500	DEBUG	protocol/handler.go:1591	have processed broadcast	{"{round 20 3  <nil>}": {"Key":"from","Type":15,"Integer":0,"String":"b","Interface":null}}
2025-08-15T22:12:57.188-0500	DEBUG	protocol/handler.go:1591	have processed broadcast	{"{round 20 3  <nil>}": {"Key":"from","Type":15,"Integer":0,"String":"c","Interface":null}}
2025-08-15T22:12:57.188-0500	DEBUG	protocol/handler.go:1635	waiting for messages	{"{round 20 3  <nil>}": {"Key":"missing","Type":15,"Integer":0,"String":"[b]","Interface":null}}
2025-08-15T22:12:57.189-0500	DEBUG	protocol/handler.go:432	processMessage: p2p round 3 START	{"{from 15 0 b <nil>}": {"Key":"to","Type":15,"Integer":0,"String":"a","Interface":null}}
2025-08-15T22:12:57.189-0500	DEBUG	protocol/handler.go:437	processing message	{"{from 15 0 b <nil>}": {"Key":"to","Type":15,"Integer":0,"String":"a","Interface":null}, "{round 20 3  <nil>}": {"Key":"broadcast","Type":4,"Integer":0,"String":"","Interface":null}}
2025-08-15T22:12:57.189-0500	DEBUG	protocol/handler.go:1662	storing message	{"{round 20 3  <nil>}": {"Key":"from","Type":15,"Integer":0,"String":"b","Interface":null}}
2025-08-15T22:12:57.190-0500	DEBUG	protocol/handler.go:1591	have processed broadcast	{"{round 20 3  <nil>}": {"Key":"from","Type":15,"Integer":0,"String":"b","Interface":null}}
2025-08-15T22:12:57.190-0500	DEBUG	protocol/handler.go:1591	have processed broadcast	{"{round 20 3  <nil>}": {"Key":"from","Type":15,"Integer":0,"String":"c","Interface":null}}
2025-08-15T22:12:57.190-0500	DEBUG	protocol/handler.go:1642	waiting for message processing	{"{round 20 3  <nil>}": {"Key":"unprocessed","Type":15,"Integer":0,"String":"[b]","Interface":null}}
2025-08-15T22:12:57.188-0500	DEBUG	protocol/handler.go:1503	processing queued messages
2025-08-15T22:12:57.190-0500	DEBUG	protocol/handler.go:1503	processing queued messages
2025-08-15T22:12:57.190-0500	DEBUG	protocol/handler.go:1591	have processed broadcast	{"{round 20 2  <nil>}": {"Key":"from","Type":15,"Integer":0,"String":"a","Interface":null}}
2025-08-15T22:12:57.190-0500	DEBUG	protocol/handler.go:1591	have processed broadcast	{"{round 20 2  <nil>}": {"Key":"from","Type":15,"Integer":0,"String":"c","Interface":null}}
2025-08-15T22:12:57.190-0500	DEBUG	protocol/handler.go:1649	have all messages and processed	{"{round 20 2  <nil>}": {"Key":"self","Type":15,"Integer":0,"String":"b","Interface":null}}
2025-08-15T22:12:57.190-0500	DEBUG	protocol/handler.go:596	round already finalized
2025-08-15T22:12:57.190-0500	DEBUG	protocol/handler.go:581	tryAdvanceRound called	{"{current_round 20 3  <nil>}": {"Key":"self","Type":15,"Integer":0,"String":"a","Interface":null}}
2025-08-15T22:12:57.190-0500	DEBUG	protocol/handler.go:600	current round already advanced	{"{checking 20 2  <nil>}": {"Key":"current","Type":20,"Integer":3,"String":"","Interface":null}}
2025-08-15T22:12:57.190-0500	DEBUG	protocol/handler.go:581	tryAdvanceRound called	{"{current_round 20 3  <nil>}": {"Key":"self","Type":15,"Integer":0,"String":"a","Interface":null}}
2025-08-15T22:12:57.190-0500	DEBUG	protocol/handler.go:1591	have processed broadcast	{"{round 20 3  <nil>}": {"Key":"from","Type":15,"Integer":0,"String":"b","Interface":null}}
2025-08-15T22:12:57.190-0500	DEBUG	protocol/handler.go:1591	have processed broadcast	{"{round 20 3  <nil>}": {"Key":"from","Type":15,"Integer":0,"String":"c","Interface":null}}
2025-08-15T22:12:57.190-0500	DEBUG	protocol/handler.go:1591	have processed broadcast	{"{round 20 3  <nil>}": {"Key":"from","Type":15,"Integer":0,"String":"b","Interface":null}}
2025-08-15T22:12:57.190-0500	DEBUG	protocol/handler.go:1649	have all messages and processed	{"{round 20 3  <nil>}": {"Key":"self","Type":15,"Integer":0,"String":"a","Interface":null}}
2025-08-15T22:12:57.190-0500	DEBUG	protocol/handler.go:1591	have processed broadcast	{"{round 20 3  <nil>}": {"Key":"from","Type":15,"Integer":0,"String":"c","Interface":null}}
2025-08-15T22:12:57.190-0500	DEBUG	protocol/handler.go:619	finalizing round
2025-08-15T22:12:57.190-0500	DEBUG	protocol/handler.go:1649	have all messages and processed	{"{round 20 3  <nil>}": {"Key":"self","Type":15,"Integer":0,"String":"a","Interface":null}}
2025-08-15T22:12:57.190-0500	DEBUG	protocol/handler.go:596	round already finalized
2025-08-15T22:12:57.191-0500	DEBUG	protocol/handler.go:1591	have processed broadcast	{"{round 20 3  <nil>}": {"Key":"from","Type":15,"Integer":0,"String":"a","Interface":null}}
2025-08-15T22:12:57.191-0500	DEBUG	protocol/handler.go:581	tryAdvanceRound called	{"{current_round 20 3  <nil>}": {"Key":"self","Type":15,"Integer":0,"String":"a","Interface":null}}
2025-08-15T22:12:57.191-0500	DEBUG	protocol/handler.go:1591	have processed broadcast	{"{round 20 3  <nil>}": {"Key":"from","Type":15,"Integer":0,"String":"c","Interface":null}}
2025-08-15T22:12:57.191-0500	DEBUG	protocol/handler.go:1649	have all messages and processed	{"{round 20 3  <nil>}": {"Key":"self","Type":15,"Integer":0,"String":"b","Interface":null}}
2025-08-15T22:12:57.191-0500	DEBUG	protocol/handler.go:619	finalizing round
2025-08-15T22:12:57.191-0500	DEBUG	protocol/handler.go:581	tryAdvanceRound called	{"{current_round 20 3  <nil>}": {"Key":"self","Type":15,"Integer":0,"String":"c","Interface":null}}
2025-08-15T22:12:57.191-0500	DEBUG	protocol/handler.go:1591	have processed broadcast	{"{round 20 3  <nil>}": {"Key":"from","Type":15,"Integer":0,"String":"b","Interface":null}}
2025-08-15T22:12:57.191-0500	DEBUG	protocol/handler.go:1591	have processed broadcast	{"{round 20 3  <nil>}": {"Key":"from","Type":15,"Integer":0,"String":"a","Interface":null}}
2025-08-15T22:12:57.191-0500	DEBUG	protocol/handler.go:1591	have processed broadcast	{"{round 20 3  <nil>}": {"Key":"from","Type":15,"Integer":0,"String":"b","Interface":null}}
2025-08-15T22:12:57.192-0500	DEBUG	protocol/handler.go:1649	have all messages and processed	{"{round 20 3  <nil>}": {"Key":"self","Type":15,"Integer":0,"String":"c","Interface":null}}
2025-08-15T22:12:57.191-0500	DEBUG	protocol/handler.go:1591	have processed broadcast	{"{round 20 3  <nil>}": {"Key":"from","Type":15,"Integer":0,"String":"c","Interface":null}}
2025-08-15T22:12:57.192-0500	DEBUG	protocol/handler.go:619	finalizing round
2025-08-15T22:12:57.192-0500	DEBUG	protocol/handler.go:1649	have all messages and processed	{"{round 20 3  <nil>}": {"Key":"self","Type":15,"Integer":0,"String":"a","Interface":null}}
2025-08-15T22:12:57.192-0500	DEBUG	protocol/handler.go:596	round already finalized
2025-08-15T22:12:57.192-0500	DEBUG	protocol/handler.go:1182	finalized round messages	{"{round 20 3  <nil>}": {"Key":"messages","Type":11,"Integer":0,"String":"","Interface":null}}
2025-08-15T22:12:57.192-0500	INFO	protocol/handler.go:1211	protocol completed	{"{self 15 0 a <nil>}": {"Key":"final_round","Type":20,"Integer":3,"String":"","Interface":null}}
2025-08-15T22:12:57.192-0500	DEBUG	protocol/handler.go:624	finalizeRound returned nil
2025-08-15T22:12:57.193-0500	DEBUG	protocol/handler.go:1591	have processed broadcast	{"{round 20 2  <nil>}": {"Key":"from","Type":15,"Integer":0,"String":"a","Interface":null}}
2025-08-15T22:12:57.193-0500	DEBUG	protocol/handler.go:1591	have processed broadcast	{"{round 20 2  <nil>}": {"Key":"from","Type":15,"Integer":0,"String":"b","Interface":null}}
2025-08-15T22:12:57.193-0500	INFO	protocol/handler.go:787	protocol completed successfully
2025-08-15T22:12:57.193-0500	DEBUG	protocol/handler.go:1649	have all messages and processed	{"{round 20 2  <nil>}": {"Key":"self","Type":15,"Integer":0,"String":"c","Interface":null}}
2025-08-15T22:12:57.193-0500	DEBUG	protocol/handler.go:1182	finalized round messages	{"{round 20 3  <nil>}": {"Key":"messages","Type":11,"Integer":0,"String":"","Interface":null}}
2025-08-15T22:12:57.193-0500	INFO	protocol/handler.go:1211	protocol completed	{"{self 15 0 b <nil>}": {"Key":"final_round","Type":20,"Integer":3,"String":"","Interface":null}}
2025-08-15T22:12:57.193-0500	DEBUG	protocol/handler.go:624	finalizeRound returned nil
2025-08-15T22:12:57.193-0500	DEBUG	protocol/handler.go:596	round already finalized
2025-08-15T22:12:57.193-0500	DEBUG	protocol/handler.go:600	current round already advanced	{"{checking 20 2  <nil>}": {"Key":"current","Type":20,"Integer":3,"String":"","Interface":null}}
2025-08-15T22:12:57.193-0500	DEBUG	protocol/handler.go:1182	finalized round messages	{"{round 20 3  <nil>}": {"Key":"messages","Type":11,"Integer":0,"String":"","Interface":null}}
2025-08-15T22:12:57.193-0500	INFO	protocol/handler.go:1211	protocol completed	{"{self 15 0 c <nil>}": {"Key":"final_round","Type":20,"Integer":3,"String":"","Interface":null}}
2025-08-15T22:12:57.193-0500	DEBUG	protocol/handler.go:624	finalizeRound returned nil
2025-08-15T22:12:57.193-0500	INFO	protocol/handler.go:560	advanced to round
2025-08-15T22:12:57.193-0500	DEBUG	protocol/handler.go:581	tryAdvanceRound called	{"{current_round 20 3  <nil>}": {"Key":"self","Type":15,"Integer":0,"String":"c","Interface":null}}
2025-08-15T22:12:57.193-0500	DEBUG	protocol/handler.go:1591	have processed broadcast	{"{round 20 3  <nil>}": {"Key":"from","Type":15,"Integer":0,"String":"a","Interface":null}}
2025-08-15T22:12:57.194-0500	DEBUG	protocol/handler.go:1591	have processed broadcast	{"{round 20 3  <nil>}": {"Key":"from","Type":15,"Integer":0,"String":"b","Interface":null}}
2025-08-15T22:12:57.194-0500	DEBUG	protocol/handler.go:1649	have all messages and processed	{"{round 20 3  <nil>}": {"Key":"self","Type":15,"Integer":0,"String":"c","Interface":null}}
2025-08-15T22:12:57.194-0500	DEBUG	protocol/handler.go:596	round already finalized
2025-08-15T22:12:57.195-0500	DEBUG	protocol/handler.go:581	tryAdvanceRound called	{"{current_round 20 3  <nil>}": {"Key":"self","Type":15,"Integer":0,"String":"b","Interface":null}}
2025-08-15T22:12:57.195-0500	DEBUG	protocol/handler.go:1591	have processed broadcast	{"{round 20 3  <nil>}": {"Key":"from","Type":15,"Integer":0,"String":"a","Interface":null}}
2025-08-15T22:12:57.195-0500	DEBUG	protocol/handler.go:1591	have processed broadcast	{"{round 20 3  <nil>}": {"Key":"from","Type":15,"Integer":0,"String":"c","Interface":null}}
2025-08-15T22:12:57.195-0500	DEBUG	protocol/handler.go:1649	have all messages and processed	{"{round 20 3  <nil>}": {"Key":"self","Type":15,"Integer":0,"String":"b","Interface":null}}
2025-08-15T22:12:57.195-0500	DEBUG	protocol/handler.go:596	round already finalized
2025-08-15T22:12:57.196-0500	DEBUG	protocol/handler.go:1591	have processed broadcast	{"{round 20 2  <nil>}": {"Key":"from","Type":15,"Integer":0,"String":"a","Interface":null}}
2025-08-15T22:12:57.196-0500	DEBUG	protocol/handler.go:1591	have processed broadcast	{"{round 20 2  <nil>}": {"Key":"from","Type":15,"Integer":0,"String":"c","Interface":null}}
2025-08-15T22:12:57.196-0500	DEBUG	protocol/handler.go:1649	have all messages and processed	{"{round 20 2  <nil>}": {"Key":"self","Type":15,"Integer":0,"String":"b","Interface":null}}
2025-08-15T22:12:57.197-0500	DEBUG	protocol/handler.go:596	round already finalized
2025-08-15T22:12:57.197-0500	DEBUG	protocol/handler.go:600	current round already advanced	{"{checking 20 2  <nil>}": {"Key":"current","Type":20,"Integer":3,"String":"","Interface":null}}
2025-08-15T22:12:57.213-0500	INFO	protocol/handler.go:787	protocol completed successfully
2025-08-15T22:12:57.213-0500	INFO	protocol/handler.go:787	protocol completed successfully
--- FAIL: TestDebugKeygen (0.66s)
    debug_keygen_test.go:22: 
        === Attempt 1 ===
    debug_keygen_test.go:39: Reference public key from c
    debug_keygen_test.go:66: Attempt 1: All consistency checks passed
    debug_keygen_test.go:22: 
        === Attempt 2 ===
    debug_keygen_test.go:39: Reference public key from a
    debug_keygen_test.go:66: Attempt 2: All consistency checks passed
    debug_keygen_test.go:22: 
        === Attempt 3 ===
    debug_keygen_test.go:39: Reference public key from c
    debug_keygen_test.go:66: Attempt 3: All consistency checks passed
    debug_keygen_test.go:22: 
        === Attempt 4 ===
    debug_keygen_test.go:39: Reference public key from c
    debug_keygen_test.go:66: Attempt 4: All consistency checks passed
    debug_keygen_test.go:22: 
        === Attempt 5 ===
    debug_keygen_test.go:39: Reference public key from a
    debug_keygen_test.go:66: Attempt 5: All consistency checks passed
    testing.go:1490: race detected during execution of test
2025-08-15T22:12:57.219-0500	INFO	protocol/handler.go:240	starting protocol handler	{"{protocol 15 0 frost/keygen-threshold <nil>}": {"Key":"workers","Type":11,"Integer":4,"String":"","Interface":null}, "{parties 11 3  <nil>}": {"Key":"threshold","Type":11,"Integer":2,"String":"","Interface":null}}
2025-08-15T22:12:57.219-0500	DEBUG	protocol/handler.go:348	starting worker pools	{"{workers 11 4  <nil>}": {"Key":"priority","Type":11,"Integer":1,"String":"","Interface":null}}
2025-08-15T22:12:57.219-0500	DEBUG	protocol/handler.go:391	worker started	{"{id 11 0  <nil>}": {"Key":"priority","Type":4,"Integer":0,"String":"","Interface":null}}
2025-08-15T22:12:57.219-0500	DEBUG	protocol/handler.go:391	worker started	{"{id 11 2  <nil>}": {"Key":"priority","Type":4,"Integer":0,"String":"","Interface":null}}
2025-08-15T22:12:57.220-0500	DEBUG	protocol/handler.go:391	worker started	{"{id 11 3  <nil>}": {"Key":"priority","Type":4,"Integer":0,"String":"","Interface":null}}
2025-08-15T22:12:57.220-0500	DEBUG	protocol/handler.go:391	worker started	{"{id 11 0  <nil>}": {"Key":"priority","Type":4,"Integer":1,"String":"","Interface":null}}
2025-08-15T22:12:57.220-0500	DEBUG	protocol/handler.go:391	worker started	{"{id 11 1  <nil>}": {"Key":"priority","Type":4,"Integer":0,"String":"","Interface":null}}
2025-08-15T22:12:57.220-0500	DEBUG	protocol/handler.go:930	initializing round
2025-08-15T22:12:57.220-0500	DEBUG	protocol/handler.go:1503	processing queued messages
2025-08-15T22:12:57.220-0500	INFO	protocol/handler.go:240	starting protocol handler	{"{protocol 15 0 frost/keygen-threshold <nil>}": {"Key":"workers","Type":11,"Integer":4,"String":"","Interface":null}, "{parties 11 3  <nil>}": {"Key":"threshold","Type":11,"Integer":2,"String":"","Interface":null}}
2025-08-15T22:12:57.220-0500	DEBUG	protocol/handler.go:348	starting worker pools	{"{workers 11 4  <nil>}": {"Key":"priority","Type":11,"Integer":1,"String":"","Interface":null}}
2025-08-15T22:12:57.220-0500	DEBUG	protocol/handler.go:391	worker started	{"{id 11 0  <nil>}": {"Key":"priority","Type":4,"Integer":1,"String":"","Interface":null}}
2025-08-15T22:12:57.220-0500	DEBUG	protocol/handler.go:391	worker started	{"{id 11 2  <nil>}": {"Key":"priority","Type":4,"Integer":0,"String":"","Interface":null}}
2025-08-15T22:12:57.221-0500	DEBUG	protocol/handler.go:391	worker started	{"{id 11 0  <nil>}": {"Key":"priority","Type":4,"Integer":0,"String":"","Interface":null}}
2025-08-15T22:12:57.221-0500	DEBUG	protocol/handler.go:391	worker started	{"{id 11 1  <nil>}": {"Key":"priority","Type":4,"Integer":0,"String":"","Interface":null}}
2025-08-15T22:12:57.221-0500	DEBUG	protocol/handler.go:930	initializing round
2025-08-15T22:12:57.221-0500	DEBUG	protocol/handler.go:1503	processing queued messages
2025-08-15T22:12:57.222-0500	INFO	protocol/handler.go:240	starting protocol handler	{"{protocol 15 0 frost/keygen-threshold <nil>}": {"Key":"workers","Type":11,"Integer":4,"String":"","Interface":null}, "{parties 11 3  <nil>}": {"Key":"threshold","Type":11,"Integer":2,"String":"","Interface":null}}
2025-08-15T22:12:57.222-0500	DEBUG	protocol/handler.go:348	starting worker pools	{"{workers 11 4  <nil>}": {"Key":"priority","Type":11,"Integer":1,"String":"","Interface":null}}
2025-08-15T22:12:57.223-0500	DEBUG	protocol/handler.go:391	worker started	{"{id 11 0  <nil>}": {"Key":"priority","Type":4,"Integer":0,"String":"","Interface":null}}
2025-08-15T22:12:57.223-0500	DEBUG	protocol/handler.go:391	worker started	{"{id 11 2  <nil>}": {"Key":"priority","Type":4,"Integer":0,"String":"","Interface":null}}
2025-08-15T22:12:57.223-0500	DEBUG	protocol/handler.go:391	worker started	{"{id 11 1  <nil>}": {"Key":"priority","Type":4,"Integer":0,"String":"","Interface":null}}
2025-08-15T22:12:57.223-0500	DEBUG	protocol/handler.go:391	worker started	{"{id 11 0  <nil>}": {"Key":"priority","Type":4,"Integer":1,"String":"","Interface":null}}
2025-08-15T22:12:57.223-0500	DEBUG	protocol/handler.go:930	initializing round
2025-08-15T22:12:57.223-0500	DEBUG	protocol/handler.go:1503	processing queued messages
2025-08-15T22:12:57.223-0500	DEBUG	protocol/handler.go:391	worker started	{"{id 11 3  <nil>}": {"Key":"priority","Type":4,"Integer":0,"String":"","Interface":null}}
2025-08-15T22:12:57.223-0500	DEBUG	protocol/handler.go:403	worker stopping
2025-08-15T22:12:57.223-0500	DEBUG	protocol/handler.go:403	worker stopping
2025-08-15T22:12:57.223-0500	DEBUG	protocol/handler.go:403	worker stopping
2025-08-15T22:12:57.223-0500	DEBUG	protocol/handler.go:403	worker stopping
2025-08-15T22:12:57.223-0500	DEBUG	protocol/handler.go:403	worker stopping
2025-08-15T22:12:57.223-0500	DEBUG	protocol/handler.go:403	worker stopping
2025-08-15T22:12:57.223-0500	DEBUG	protocol/handler.go:403	worker stopping
2025-08-15T22:12:57.223-0500	DEBUG	protocol/handler.go:403	worker stopping
2025-08-15T22:12:57.223-0500	DEBUG	protocol/handler.go:403	worker stopping
2025-08-15T22:12:57.223-0500	DEBUG	protocol/handler.go:403	worker stopping
2025-08-15T22:12:57.223-0500	DEBUG	protocol/handler.go:403	worker stopping
2025-08-15T22:12:57.223-0500	DEBUG	protocol/handler.go:403	worker stopping
2025-08-15T22:12:57.223-0500	DEBUG	protocol/handler.go:403	worker stopping
2025-08-15T22:12:57.223-0500	DEBUG	protocol/handler.go:403	worker stopping
2025-08-15T22:12:57.223-0500	DEBUG	protocol/handler.go:403	worker stopping
2025-08-15T22:12:57.223-0500	DEBUG	protocol/handler.go:403	worker stopping
2025-08-15T22:12:57.223-0500	DEBUG	protocol/handler.go:391	worker started	{"{id 11 3  <nil>}": {"Key":"priority","Type":4,"Integer":0,"String":"","Interface":null}}
2025-08-15T22:12:57.223-0500	DEBUG	protocol/handler.go:403	worker stopping
2025-08-15T22:12:57.223-0500	DEBUG	protocol/handler.go:403	worker stopping
2025-08-15T22:12:57.223-0500	DEBUG	protocol/handler.go:403	worker stopping
2025-08-15T22:12:57.223-0500	DEBUG	protocol/handler.go:403	worker stopping
2025-08-15T22:12:57.223-0500	DEBUG	protocol/handler.go:403	worker stopping
2025-08-15T22:12:57.223-0500	DEBUG	protocol/handler.go:403	worker stopping
2025-08-15T22:12:57.223-0500	DEBUG	protocol/handler.go:403	worker stopping
2025-08-15T22:12:57.232-0500	DEBUG	protocol/handler.go:1591	have processed broadcast	{"{round 20 2  <nil>}": {"Key":"from","Type":15,"Integer":0,"String":"a","Interface":null}}
2025-08-15T22:12:57.232-0500	DEBUG	protocol/handler.go:1591	have processed broadcast	{"{round 20 2  <nil>}": {"Key":"from","Type":15,"Integer":0,"String":"b","Interface":null}}
2025-08-15T22:12:57.232-0500	DEBUG	protocol/handler.go:1649	have all messages and processed	{"{round 20 2  <nil>}": {"Key":"self","Type":15,"Integer":0,"String":"c","Interface":null}}
2025-08-15T22:12:57.232-0500	DEBUG	protocol/handler.go:596	round already finalized
2025-08-15T22:12:57.232-0500	INFO	protocol/handler.go:560	advanced to round
2025-08-15T22:12:57.232-0500	DEBUG	protocol/handler.go:600	current round already advanced	{"{checking 20 2  <nil>}": {"Key":"current","Type":20,"Integer":3,"String":"","Interface":null}}
2025-08-15T22:12:57.233-0500	DEBUG	protocol/handler.go:403	worker stopping
2025-08-15T22:12:57.232-0500	INFO	protocol/handler.go:560	advanced to round
2025-08-15T22:12:57.233-0500	DEBUG	protocol/handler.go:581	tryAdvanceRound called	{"{current_round 20 1  <nil>}": {"Key":"self","Type":15,"Integer":0,"String":"b","Interface":null}}
2025-08-15T22:12:57.233-0500	DEBUG	protocol/handler.go:581	tryAdvanceRound called	{"{current_round 20 1  <nil>}": {"Key":"self","Type":15,"Integer":0,"String":"a","Interface":null}}
2025-08-15T22:12:57.233-0500	DEBUG	protocol/handler.go:1649	have all messages and processed	{"{round 20 1  <nil>}": {"Key":"self","Type":15,"Integer":0,"String":"a","Interface":null}}
2025-08-15T22:12:57.233-0500	DEBUG	protocol/handler.go:619	finalizing round
2025-08-15T22:12:57.233-0500	DEBUG	protocol/handler.go:1649	have all messages and processed	{"{round 20 1  <nil>}": {"Key":"self","Type":15,"Integer":0,"String":"b","Interface":null}}
2025-08-15T22:12:57.233-0500	DEBUG	protocol/handler.go:619	finalizing round
2025-08-15T22:12:57.242-0500	DEBUG	protocol/handler.go:1039	sendRoundMessage	{"{from 15 0 b <nil>}": {"Key":"to","Type":15,"Integer":0,"String":"","Interface":null}, "{round 20 2  <nil>}": {"Key":"broadcast","Type":4,"Integer":1,"String":"","Interface":null}}
2025-08-15T22:12:57.243-0500	DEBUG	protocol/handler.go:1657	storing broadcast	{"{round 20 2  <nil>}": {"Key":"from","Type":15,"Integer":0,"String":"b","Interface":null}}
2025-08-15T22:12:57.243-0500	DEBUG	protocol/handler.go:1081	sent message to output channel	{"{from 15 0 b <nil>}": {"Key":"to","Type":15,"Integer":0,"String":"","Interface":null}, "{round 20 2  <nil>}": {"Key":"broadcast","Type":4,"Integer":1,"String":"","Interface":null}}
2025-08-15T22:12:57.243-0500	DEBUG	protocol/handler.go:1182	finalized round messages	{"{round 20 1  <nil>}": {"Key":"messages","Type":11,"Integer":1,"String":"","Interface":null}}
2025-08-15T22:12:57.243-0500	DEBUG	protocol/handler.go:1239	finalize returned next round	{"{current 20 1  <nil>}": {"Key":"next","Type":20,"Integer":2,"String":"","Interface":null}}
2025-08-15T22:12:57.243-0500	INFO	protocol/handler.go:642	storing new currentRound	{"{from 20 1  <nil>}": {"Key":"to","Type":20,"Integer":2,"String":"","Interface":null}}
2025-08-15T22:12:57.244-0500	DEBUG	protocol/handler.go:1503	processing queued messages
2025-08-15T22:12:57.244-0500	INFO	protocol/handler.go:560	advanced to round
2025-08-15T22:12:57.244-0500	DEBUG	protocol/handler.go:581	tryAdvanceRound called	{"{current_round 20 2  <nil>}": {"Key":"self","Type":15,"Integer":0,"String":"b","Interface":null}}
2025-08-15T22:12:57.244-0500	DEBUG	protocol/handler.go:1600	waiting for broadcasts	{"{round 20 2  <nil>}": {"Key":"missing","Type":15,"Integer":0,"String":"[a c]","Interface":null}}
2025-08-15T22:12:57.244-0500	DEBUG	protocol/handler.go:1039	sendRoundMessage	{"{from 15 0 a <nil>}": {"Key":"to","Type":15,"Integer":0,"String":"","Interface":null}, "{round 20 2  <nil>}": {"Key":"broadcast","Type":4,"Integer":1,"String":"","Interface":null}}
2025-08-15T22:12:57.244-0500	DEBUG	protocol/handler.go:1657	storing broadcast	{"{round 20 2  <nil>}": {"Key":"from","Type":15,"Integer":0,"String":"a","Interface":null}}
2025-08-15T22:12:57.244-0500	DEBUG	protocol/handler.go:1081	sent message to output channel	{"{from 15 0 a <nil>}": {"Key":"to","Type":15,"Integer":0,"String":"","Interface":null}, "{round 20 2  <nil>}": {"Key":"broadcast","Type":4,"Integer":1,"String":"","Interface":null}}
2025-08-15T22:12:57.245-0500	DEBUG	protocol/handler.go:1182	finalized round messages	{"{round 20 1  <nil>}": {"Key":"messages","Type":11,"Integer":1,"String":"","Interface":null}}
2025-08-15T22:12:57.245-0500	DEBUG	protocol/handler.go:1239	finalize returned next round	{"{current 20 1  <nil>}": {"Key":"next","Type":20,"Integer":2,"String":"","Interface":null}}
2025-08-15T22:12:57.245-0500	INFO	protocol/handler.go:642	storing new currentRound	{"{from 20 1  <nil>}": {"Key":"to","Type":20,"Integer":2,"String":"","Interface":null}}
2025-08-15T22:12:57.245-0500	DEBUG	protocol/handler.go:1503	processing queued messages
2025-08-15T22:12:57.245-0500	DEBUG	protocol/handler.go:1503	processing queued messages
2025-08-15T22:12:57.245-0500	DEBUG	protocol/handler.go:1503	processing queued messages
2025-08-15T22:12:57.245-0500	DEBUG	protocol/handler.go:437	processing message	{"{from 15 0 b <nil>}": {"Key":"to","Type":15,"Integer":0,"String":"","Interface":null}, "{round 20 2  <nil>}": {"Key":"broadcast","Type":4,"Integer":1,"String":"","Interface":null}}
2025-08-15T22:12:57.245-0500	DEBUG	protocol/handler.go:1657	storing broadcast	{"{round 20 2  <nil>}": {"Key":"from","Type":15,"Integer":0,"String":"b","Interface":null}}
2025-08-15T22:12:57.245-0500	DEBUG	protocol/handler.go:470	message for different round (buffering)	{"{msg_round 20 2  <nil>}": {"Key":"current_round","Type":20,"Integer":1,"String":"","Interface":null}}
2025-08-15T22:12:57.245-0500	DEBUG	protocol/handler.go:581	tryAdvanceRound called	{"{current_round 20 1  <nil>}": {"Key":"self","Type":15,"Integer":0,"String":"c","Interface":null}}
2025-08-15T22:12:57.245-0500	DEBUG	protocol/handler.go:1649	have all messages and processed	{"{round 20 1  <nil>}": {"Key":"self","Type":15,"Integer":0,"String":"c","Interface":null}}
2025-08-15T22:12:57.245-0500	DEBUG	protocol/handler.go:619	finalizing round
2025-08-15T22:12:57.249-0500	DEBUG	protocol/handler.go:954	round already being initialized/finalized, skipping
2025-08-15T22:12:57.249-0500	DEBUG	protocol/handler.go:437	processing message	{"{from 15 0 b <nil>}": {"Key":"to","Type":15,"Integer":0,"String":"","Interface":null}, "{round 20 2  <nil>}": {"Key":"broadcast","Type":4,"Integer":1,"String":"","Interface":null}}
2025-08-15T22:12:57.249-0500	DEBUG	protocol/handler.go:1657	storing broadcast	{"{round 20 2  <nil>}": {"Key":"from","Type":15,"Integer":0,"String":"b","Interface":null}}
2025-08-15T22:12:57.249-0500	DEBUG	protocol/handler.go:954	round already being initialized/finalized, skipping
2025-08-15T22:12:57.249-0500	INFO	protocol/handler.go:560	advanced to round
2025-08-15T22:12:57.249-0500	DEBUG	protocol/handler.go:954	round already being initialized/finalized, skipping
2025-08-15T22:12:57.249-0500	INFO	protocol/handler.go:560	advanced to round
2025-08-15T22:12:57.249-0500	DEBUG	protocol/handler.go:437	processing message	{"{from 15 0 a <nil>}": {"Key":"to","Type":15,"Integer":0,"String":"","Interface":null}, "{round 20 2  <nil>}": {"Key":"broadcast","Type":4,"Integer":1,"String":"","Interface":null}}
2025-08-15T22:12:57.250-0500	DEBUG	protocol/handler.go:581	tryAdvanceRound called	{"{current_round 20 2  <nil>}": {"Key":"self","Type":15,"Integer":0,"String":"a","Interface":null}}
2025-08-15T22:12:57.250-0500	DEBUG	protocol/handler.go:581	tryAdvanceRound called	{"{current_round 20 1  <nil>}": {"Key":"self","Type":15,"Integer":0,"String":"c","Interface":null}}
2025-08-15T22:12:57.250-0500	DEBUG	protocol/handler.go:1649	have all messages and processed	{"{round 20 1  <nil>}": {"Key":"self","Type":15,"Integer":0,"String":"c","Interface":null}}
2025-08-15T22:12:57.250-0500	DEBUG	protocol/handler.go:596	round already finalized
2025-08-15T22:12:57.250-0500	DEBUG	protocol/handler.go:1657	storing broadcast	{"{round 20 2  <nil>}": {"Key":"from","Type":15,"Integer":0,"String":"a","Interface":null}}
2025-08-15T22:12:57.250-0500	DEBUG	protocol/handler.go:1039	sendRoundMessage	{"{from 15 0 c <nil>}": {"Key":"to","Type":15,"Integer":0,"String":"","Interface":null}, "{round 20 2  <nil>}": {"Key":"broadcast","Type":4,"Integer":1,"String":"","Interface":null}}
2025-08-15T22:12:57.251-0500	DEBUG	protocol/handler.go:1657	storing broadcast	{"{round 20 2  <nil>}": {"Key":"from","Type":15,"Integer":0,"String":"c","Interface":null}}
2025-08-15T22:12:57.251-0500	DEBUG	protocol/handler.go:1081	sent message to output channel	{"{from 15 0 c <nil>}": {"Key":"to","Type":15,"Integer":0,"String":"","Interface":null}, "{round 20 2  <nil>}": {"Key":"broadcast","Type":4,"Integer":1,"String":"","Interface":null}}
2025-08-15T22:12:57.251-0500	DEBUG	protocol/handler.go:1182	finalized round messages	{"{round 20 1  <nil>}": {"Key":"messages","Type":11,"Integer":1,"String":"","Interface":null}}
2025-08-15T22:12:57.251-0500	DEBUG	protocol/handler.go:1239	finalize returned next round	{"{current 20 1  <nil>}": {"Key":"next","Type":20,"Integer":2,"String":"","Interface":null}}
2025-08-15T22:12:57.251-0500	DEBUG	protocol/handler.go:581	tryAdvanceRound called	{"{current_round 20 2  <nil>}": {"Key":"self","Type":15,"Integer":0,"String":"b","Interface":null}}
2025-08-15T22:12:57.251-0500	INFO	protocol/handler.go:642	storing new currentRound	{"{from 20 1  <nil>}": {"Key":"to","Type":20,"Integer":2,"String":"","Interface":null}}
2025-08-15T22:12:57.251-0500	DEBUG	protocol/handler.go:1503	processing queued messages
2025-08-15T22:12:57.251-0500	DEBUG	protocol/handler.go:437	processing message	{"{from 15 0 a <nil>}": {"Key":"to","Type":15,"Integer":0,"String":"","Interface":null}, "{round 20 2  <nil>}": {"Key":"broadcast","Type":4,"Integer":1,"String":"","Interface":null}}
2025-08-15T22:12:57.251-0500	DEBUG	protocol/handler.go:1657	storing broadcast	{"{round 20 2  <nil>}": {"Key":"from","Type":15,"Integer":0,"String":"a","Interface":null}}
2025-08-15T22:12:57.262-0500	INFO	protocol/handler.go:560	advanced to round
2025-08-15T22:12:57.262-0500	DEBUG	protocol/handler.go:581	tryAdvanceRound called	{"{current_round 20 2  <nil>}": {"Key":"self","Type":15,"Integer":0,"String":"c","Interface":null}}
2025-08-15T22:12:57.263-0500	DEBUG	protocol/handler.go:1503	processing queued messages
2025-08-15T22:12:57.264-0500	DEBUG	protocol/handler.go:581	tryAdvanceRound called	{"{current_round 20 2  <nil>}": {"Key":"self","Type":15,"Integer":0,"String":"c","Interface":null}}
2025-08-15T22:12:57.266-0500	DEBUG	protocol/handler.go:1591	have processed broadcast	{"{round 20 2  <nil>}": {"Key":"from","Type":15,"Integer":0,"String":"a","Interface":null}}
2025-08-15T22:12:57.266-0500	DEBUG	protocol/handler.go:1600	waiting for broadcasts	{"{round 20 2  <nil>}": {"Key":"missing","Type":15,"Integer":0,"String":"[c]","Interface":null}}
2025-08-15T22:12:57.266-0500	DEBUG	protocol/handler.go:581	tryAdvanceRound called	{"{current_round 20 2  <nil>}": {"Key":"self","Type":15,"Integer":0,"String":"b","Interface":null}}
2025-08-15T22:12:57.266-0500	DEBUG	protocol/handler.go:1591	have processed broadcast	{"{round 20 2  <nil>}": {"Key":"from","Type":15,"Integer":0,"String":"a","Interface":null}}
2025-08-15T22:12:57.266-0500	DEBUG	protocol/handler.go:1600	waiting for broadcasts	{"{round 20 2  <nil>}": {"Key":"missing","Type":15,"Integer":0,"String":"[c]","Interface":null}}
2025-08-15T22:12:57.271-0500	DEBUG	protocol/handler.go:581	tryAdvanceRound called	{"{current_round 20 2  <nil>}": {"Key":"self","Type":15,"Integer":0,"String":"b","Interface":null}}
2025-08-15T22:12:57.271-0500	DEBUG	protocol/handler.go:1591	have processed broadcast	{"{round 20 2  <nil>}": {"Key":"from","Type":15,"Integer":0,"String":"a","Interface":null}}
2025-08-15T22:12:57.271-0500	DEBUG	protocol/handler.go:1600	waiting for broadcasts	{"{round 20 2  <nil>}": {"Key":"missing","Type":15,"Integer":0,"String":"[c]","Interface":null}}
2025-08-15T22:12:57.272-0500	DEBUG	protocol/handler.go:1591	have processed broadcast	{"{round 20 2  <nil>}": {"Key":"from","Type":15,"Integer":0,"String":"a","Interface":null}}
2025-08-15T22:12:57.272-0500	DEBUG	protocol/handler.go:1591	have processed broadcast	{"{round 20 2  <nil>}": {"Key":"from","Type":15,"Integer":0,"String":"b","Interface":null}}
2025-08-15T22:12:57.272-0500	DEBUG	protocol/handler.go:1649	have all messages and processed	{"{round 20 2  <nil>}": {"Key":"self","Type":15,"Integer":0,"String":"c","Interface":null}}
2025-08-15T22:12:57.272-0500	DEBUG	protocol/handler.go:619	finalizing round
2025-08-15T22:12:57.272-0500	DEBUG	protocol/handler.go:1039	sendRoundMessage	{"{from 15 0 c <nil>}": {"Key":"to","Type":15,"Integer":0,"String":"","Interface":null}, "{round 20 3  <nil>}": {"Key":"broadcast","Type":4,"Integer":1,"String":"","Interface":null}}
2025-08-15T22:12:57.273-0500	DEBUG	protocol/handler.go:1657	storing broadcast	{"{round 20 3  <nil>}": {"Key":"from","Type":15,"Integer":0,"String":"c","Interface":null}}
2025-08-15T22:12:57.273-0500	DEBUG	protocol/handler.go:1081	sent message to output channel	{"{from 15 0 c <nil>}": {"Key":"to","Type":15,"Integer":0,"String":"","Interface":null}, "{round 20 3  <nil>}": {"Key":"broadcast","Type":4,"Integer":1,"String":"","Interface":null}}
2025-08-15T22:12:57.273-0500	DEBUG	protocol/handler.go:1039	sendRoundMessage	{"{from 15 0 c <nil>}": {"Key":"to","Type":15,"Integer":0,"String":"a","Interface":null}, "{round 20 3  <nil>}": {"Key":"broadcast","Type":4,"Integer":0,"String":"","Interface":null}}
2025-08-15T22:12:57.273-0500	DEBUG	protocol/handler.go:1081	sent message to output channel	{"{from 15 0 c <nil>}": {"Key":"to","Type":15,"Integer":0,"String":"a","Interface":null}, "{round 20 3  <nil>}": {"Key":"broadcast","Type":4,"Integer":0,"String":"","Interface":null}}
2025-08-15T22:12:57.273-0500	DEBUG	protocol/handler.go:1039	sendRoundMessage	{"{from 15 0 c <nil>}": {"Key":"to","Type":15,"Integer":0,"String":"b","Interface":null}, "{round 20 3  <nil>}": {"Key":"broadcast","Type":4,"Integer":0,"String":"","Interface":null}}
2025-08-15T22:12:57.273-0500	DEBUG	protocol/handler.go:1081	sent message to output channel	{"{from 15 0 c <nil>}": {"Key":"to","Type":15,"Integer":0,"String":"b","Interface":null}, "{round 20 3  <nil>}": {"Key":"broadcast","Type":4,"Integer":0,"String":"","Interface":null}}
2025-08-15T22:12:57.273-0500	DEBUG	protocol/handler.go:1182	finalized round messages	{"{round 20 2  <nil>}": {"Key":"messages","Type":11,"Integer":3,"String":"","Interface":null}}
2025-08-15T22:12:57.273-0500	DEBUG	protocol/handler.go:1239	finalize returned next round	{"{current 20 2  <nil>}": {"Key":"next","Type":20,"Integer":3,"String":"","Interface":null}}
2025-08-15T22:12:57.273-0500	INFO	protocol/handler.go:642	storing new currentRound	{"{from 20 2  <nil>}": {"Key":"to","Type":20,"Integer":3,"String":"","Interface":null}}
2025-08-15T22:12:57.273-0500	DEBUG	protocol/handler.go:1503	processing queued messages
2025-08-15T22:12:57.273-0500	INFO	protocol/handler.go:560	advanced to round
2025-08-15T22:12:57.273-0500	DEBUG	protocol/handler.go:581	tryAdvanceRound called	{"{current_round 20 3  <nil>}": {"Key":"self","Type":15,"Integer":0,"String":"c","Interface":null}}
2025-08-15T22:12:57.273-0500	DEBUG	protocol/handler.go:432	processMessage: p2p round 3 START	{"{from 15 0 c <nil>}": {"Key":"to","Type":15,"Integer":0,"String":"a","Interface":null}}
2025-08-15T22:12:57.273-0500	DEBUG	protocol/handler.go:437	processing message	{"{from 15 0 c <nil>}": {"Key":"to","Type":15,"Integer":0,"String":"a","Interface":null}, "{round 20 3  <nil>}": {"Key":"broadcast","Type":4,"Integer":0,"String":"","Interface":null}}
2025-08-15T22:12:57.273-0500	DEBUG	protocol/handler.go:1662	storing message	{"{round 20 3  <nil>}": {"Key":"from","Type":15,"Integer":0,"String":"c","Interface":null}}
2025-08-15T22:12:57.274-0500	DEBUG	protocol/handler.go:470	message for different round (buffering)	{"{msg_round 20 3  <nil>}": {"Key":"current_round","Type":20,"Integer":2,"String":"","Interface":null}}
2025-08-15T22:12:57.274-0500	DEBUG	protocol/handler.go:581	tryAdvanceRound called	{"{current_round 20 2  <nil>}": {"Key":"self","Type":15,"Integer":0,"String":"a","Interface":null}}
2025-08-15T22:12:57.273-0500	DEBUG	protocol/handler.go:1600	waiting for broadcasts	{"{round 20 3  <nil>}": {"Key":"missing","Type":15,"Integer":0,"String":"[a b]","Interface":null}}
2025-08-15T22:12:57.274-0500	DEBUG	protocol/handler.go:1503	processing queued messages
2025-08-15T22:12:57.273-0500	DEBUG	protocol/handler.go:432	processMessage: p2p round 3 START	{"{from 15 0 c <nil>}": {"Key":"to","Type":15,"Integer":0,"String":"b","Interface":null}}
2025-08-15T22:12:57.274-0500	DEBUG	protocol/handler.go:437	processing message	{"{from 15 0 c <nil>}": {"Key":"to","Type":15,"Integer":0,"String":"b","Interface":null}, "{round 20 3  <nil>}": {"Key":"broadcast","Type":4,"Integer":0,"String":"","Interface":null}}
2025-08-15T22:12:57.274-0500	DEBUG	protocol/handler.go:1662	storing message	{"{round 20 3  <nil>}": {"Key":"from","Type":15,"Integer":0,"String":"c","Interface":null}}
2025-08-15T22:12:57.275-0500	DEBUG	protocol/handler.go:470	message for different round (buffering)	{"{msg_round 20 3  <nil>}": {"Key":"current_round","Type":20,"Integer":2,"String":"","Interface":null}}
2025-08-15T22:12:57.275-0500	DEBUG	protocol/handler.go:581	tryAdvanceRound called	{"{current_round 20 2  <nil>}": {"Key":"self","Type":15,"Integer":0,"String":"b","Interface":null}}
2025-08-15T22:12:57.276-0500	DEBUG	protocol/handler.go:1591	have processed broadcast	{"{round 20 2  <nil>}": {"Key":"from","Type":15,"Integer":0,"String":"a","Interface":null}}
==================
WARNING: DATA RACE
Write at 0x00c000c929ac by goroutine 1424:
  ??()
      -:0 +0x104ada650
  sync/atomic.CompareAndSwapInt32()
      <autogenerated>:1 +0x18
  sync.(*Mutex).Lock()
      /opt/homebrew/Cellar/go/1.24.6/libexec/src/sync/mutex.go:46 +0x2c
  github.com/luxfi/threshold/protocols/frost/keygen.(*round2).StoreBroadcastMessage()
      /Users/z/work/lux/threshold/protocols/frost/keygen/round2.go:57 +0x58
  github.com/luxfi/threshold/pkg/protocol.(*Handler).verifyBroadcast()
      /Users/z/work/lux/threshold/pkg/protocol/handler.go:1392 +0x648
  github.com/luxfi/threshold/pkg/protocol.(*Handler).processMessage()
      /Users/z/work/lux/threshold/pkg/protocol/handler.go:480 +0xb9c
  github.com/luxfi/threshold/pkg/protocol.(*Handler).messageWorker()
      /Users/z/work/lux/threshold/pkg/protocol/handler.go:408 +0x338
  github.com/luxfi/threshold/pkg/protocol.(*Handler).startWorkers.gowrap2()
      /Users/z/work/lux/threshold/pkg/protocol/handler.go:361 +0x44

Previous read at 0x00c000c929a8 by goroutine 1422:
  github.com/luxfi/threshold/protocols/frost/keygen.(*round2).Number()
      <autogenerated>:1 +0x38
  github.com/luxfi/threshold/pkg/protocol.(*Handler).hasAllMessages()
      /Users/z/work/lux/threshold/pkg/protocol/handler.go:1570 +0x40
  github.com/luxfi/threshold/pkg/protocol.(*Handler).tryAdvanceRound()
      /Users/z/work/lux/threshold/pkg/protocol/handler.go:589 +0x29c
  github.com/luxfi/threshold/pkg/protocol.(*Handler).processMessage()
      /Users/z/work/lux/threshold/pkg/protocol/handler.go:474 +0xb70
  github.com/luxfi/threshold/pkg/protocol.(*Handler).messageWorker()
      /Users/z/work/lux/threshold/pkg/protocol/handler.go:408 +0x338
  github.com/luxfi/threshold/pkg/protocol.(*Handler).startWorkers.gowrap1()
      /Users/z/work/lux/threshold/pkg/protocol/handler.go:355 +0x44

Goroutine 1424 (running) created at:
  github.com/luxfi/threshold/pkg/protocol.(*Handler).startWorkers()
      /Users/z/work/lux/threshold/pkg/protocol/handler.go:361 +0x334
  github.com/luxfi/threshold/pkg/protocol.NewHandler()
      /Users/z/work/lux/threshold/pkg/protocol/handler.go:247 +0xf10
  github.com/luxfi/threshold/protocols/frost_test.TestFROSTKeygenSimple()
      /Users/z/work/lux/threshold/protocols/frost/frost_fixed_test.go:48 +0x6fc
  testing.tRunner()
      /opt/homebrew/Cellar/go/1.24.6/libexec/src/testing/testing.go:1792 +0x180
  testing.(*T).Run.gowrap1()
      /opt/homebrew/Cellar/go/1.24.6/libexec/src/testing/testing.go:1851 +0x40

Goroutine 1422 (running) created at:
  github.com/luxfi/threshold/pkg/protocol.(*Handler).startWorkers()
      /Users/z/work/lux/threshold/pkg/protocol/handler.go:355 +0x27c
  github.com/luxfi/threshold/pkg/protocol.NewHandler()
      /Users/z/work/lux/threshold/pkg/protocol/handler.go:247 +0xf10
  github.com/luxfi/threshold/protocols/frost_test.TestFROSTKeygenSimple()
      /Users/z/work/lux/threshold/protocols/frost/frost_fixed_test.go:48 +0x6fc
  testing.tRunner()
      /opt/homebrew/Cellar/go/1.24.6/libexec/src/testing/testing.go:1792 +0x180
  testing.(*T).Run.gowrap1()
      /opt/homebrew/Cellar/go/1.24.6/libexec/src/testing/testing.go:1851 +0x40
==================
2025-08-15T22:12:57.282-0500	DEBUG	protocol/handler.go:1600	waiting for broadcasts	{"{round 20 2  <nil>}": {"Key":"missing","Type":15,"Integer":0,"String":"[c]","Interface":null}}
2025-08-15T22:12:57.282-0500	DEBUG	protocol/handler.go:581	tryAdvanceRound called	{"{current_round 20 2  <nil>}": {"Key":"self","Type":15,"Integer":0,"String":"b","Interface":null}}
2025-08-15T22:12:57.282-0500	DEBUG	protocol/handler.go:1591	have processed broadcast	{"{round 20 2  <nil>}": {"Key":"from","Type":15,"Integer":0,"String":"a","Interface":null}}
2025-08-15T22:12:57.282-0500	DEBUG	protocol/handler.go:1600	waiting for broadcasts	{"{round 20 2  <nil>}": {"Key":"missing","Type":15,"Integer":0,"String":"[c]","Interface":null}}
==================
WARNING: DATA RACE
Write at 0x00c000c92a4c by goroutine 1401:
  ??()
      -:0 +0x104ada650
  sync/atomic.CompareAndSwapInt32()
      <autogenerated>:1 +0x18
  internal/sync.(*HashTrieMap[go.shape.interface {},go.shape.interface {}]).initSlow()
      /opt/homebrew/Cellar/go/1.24.6/libexec/src/internal/sync/hashtriemap.go:38 +0x38
  internal/sync.(*HashTrieMap[go.shape.interface {},go.shape.interface {}]).init()
      /opt/homebrew/Cellar/go/1.24.6/libexec/src/internal/sync/hashtriemap.go:32 +0x44
  internal/sync.(*HashTrieMap[go.shape.interface {},go.shape.interface {}]).Swap()
      /opt/homebrew/Cellar/go/1.24.6/libexec/src/internal/sync/hashtriemap.go:206 +0x54
  internal/sync.(*HashTrieMap[go.shape.interface {},go.shape.interface {}]).Store()
      /opt/homebrew/Cellar/go/1.24.6/libexec/src/internal/sync/hashtriemap.go:200 +0x54
  sync.(*Map).Store()
      /opt/homebrew/Cellar/go/1.24.6/libexec/src/sync/hashtriemap.go:55 +0x54
  github.com/luxfi/threshold/protocols/frost/keygen.(*round2).StoreBroadcastMessage()
      /Users/z/work/lux/threshold/protocols/frost/keygen/round2.go:117 +0x56c
  github.com/luxfi/threshold/pkg/protocol.(*Handler).verifyBroadcastForRound()
      /Users/z/work/lux/threshold/pkg/protocol/handler.go:1277 +0x3a0
  github.com/luxfi/threshold/pkg/protocol.(*Handler).retryUnprocessedMessages()
      /Users/z/work/lux/threshold/pkg/protocol/handler.go:1483 +0x22c
  github.com/luxfi/threshold/pkg/protocol.(*Handler).tryAdvanceRound()
      /Users/z/work/lux/threshold/pkg/protocol/handler.go:587 +0x28c
  github.com/luxfi/threshold/pkg/protocol.(*Handler).roundProcessor()
      /Users/z/work/lux/threshold/pkg/protocol/handler.go:569 +0xb4
  github.com/luxfi/threshold/pkg/protocol.(*Handler).startWorkers.func1()
      /Users/z/work/lux/threshold/pkg/protocol/handler.go:374 +0x78

Previous read at 0x00c000c92a48 by goroutine 1396:
  github.com/luxfi/threshold/protocols/frost/keygen.(*round2).Number()
      <autogenerated>:1 +0x38
  github.com/luxfi/threshold/pkg/protocol.(*Handler).tryAdvanceRound()
      /Users/z/work/lux/threshold/pkg/protocol/handler.go:587 +0x280
  github.com/luxfi/threshold/pkg/protocol.(*Handler).processMessage()
      /Users/z/work/lux/threshold/pkg/protocol/handler.go:474 +0xb70
  github.com/luxfi/threshold/pkg/protocol.(*Handler).messageWorker()
      /Users/z/work/lux/threshold/pkg/protocol/handler.go:408 +0x338
  github.com/luxfi/threshold/pkg/protocol.(*Handler).startWorkers.gowrap1()
      /Users/z/work/lux/threshold/pkg/protocol/handler.go:355 +0x44

Goroutine 1401 (running) created at:
  github.com/luxfi/threshold/pkg/protocol.(*Handler).startWorkers()
      /Users/z/work/lux/threshold/pkg/protocol/handler.go:372 +0x4fc
  github.com/luxfi/threshold/pkg/protocol.NewHandler()
      /Users/z/work/lux/threshold/pkg/protocol/handler.go:247 +0xf10
  github.com/luxfi/threshold/protocols/frost_test.TestFROSTKeygenSimple()
      /Users/z/work/lux/threshold/protocols/frost/frost_fixed_test.go:48 +0x6fc
  testing.tRunner()
      /opt/homebrew/Cellar/go/1.24.6/libexec/src/testing/testing.go:1792 +0x180
  testing.(*T).Run.gowrap1()
      /opt/homebrew/Cellar/go/1.24.6/libexec/src/testing/testing.go:1851 +0x40

Goroutine 1396 (running) created at:
  github.com/luxfi/threshold/pkg/protocol.(*Handler).startWorkers()
      /Users/z/work/lux/threshold/pkg/protocol/handler.go:355 +0x27c
  github.com/luxfi/threshold/pkg/protocol.NewHandler()
      /Users/z/work/lux/threshold/pkg/protocol/handler.go:247 +0xf10
  github.com/luxfi/threshold/protocols/frost_test.TestFROSTKeygenSimple()
      /Users/z/work/lux/threshold/protocols/frost/frost_fixed_test.go:48 +0x6fc
  testing.tRunner()
      /opt/homebrew/Cellar/go/1.24.6/libexec/src/testing/testing.go:1792 +0x180
  testing.(*T).Run.gowrap1()
      /opt/homebrew/Cellar/go/1.24.6/libexec/src/testing/testing.go:1851 +0x40
==================
==================
WARNING: DATA RACE
Read at 0x00c000c92a78 by goroutine 1401:
  github.com/luxfi/threshold/protocols/frost/keygen.(*round2).Number()
      <autogenerated>:1 +0x38
  github.com/luxfi/threshold/pkg/protocol.(*Handler).hasAllMessages()
      /Users/z/work/lux/threshold/pkg/protocol/handler.go:1570 +0x40
  github.com/luxfi/threshold/pkg/protocol.(*Handler).tryAdvanceRound()
      /Users/z/work/lux/threshold/pkg/protocol/handler.go:589 +0x29c
  github.com/luxfi/threshold/pkg/protocol.(*Handler).roundProcessor()
      /Users/z/work/lux/threshold/pkg/protocol/handler.go:569 +0xb4
  github.com/luxfi/threshold/pkg/protocol.(*Handler).startWorkers.func1()
      /Users/z/work/lux/threshold/pkg/protocol/handler.go:374 +0x78

Previous write at 0x00c000c92a7c by goroutine 1396:
  ??()
      -:0 +0x104ad5eb0
  sync/atomic.AddInt32()
      <autogenerated>:1 +0x14
  sync.(*Mutex).Unlock()
      /opt/homebrew/Cellar/go/1.24.6/libexec/src/sync/mutex.go:65 +0x2c
  github.com/luxfi/threshold/protocols/frost/keygen.(*round2).StoreBroadcastMessage()
      /Users/z/work/lux/threshold/protocols/frost/keygen/round2.go:62 +0x78
  github.com/luxfi/threshold/pkg/protocol.(*Handler).verifyBroadcastForRound()
      /Users/z/work/lux/threshold/pkg/protocol/handler.go:1277 +0x3a0
  github.com/luxfi/threshold/pkg/protocol.(*Handler).retryUnprocessedMessages()
      /Users/z/work/lux/threshold/pkg/protocol/handler.go:1483 +0x22c
  github.com/luxfi/threshold/pkg/protocol.(*Handler).tryAdvanceRound()
      /Users/z/work/lux/threshold/pkg/protocol/handler.go:587 +0x28c
  github.com/luxfi/threshold/pkg/protocol.(*Handler).processMessage()
      /Users/z/work/lux/threshold/pkg/protocol/handler.go:474 +0xb70
  github.com/luxfi/threshold/pkg/protocol.(*Handler).messageWorker()
      /Users/z/work/lux/threshold/pkg/protocol/handler.go:408 +0x338
  github.com/luxfi/threshold/pkg/protocol.(*Handler).startWorkers.gowrap1()
      /Users/z/work/lux/threshold/pkg/protocol/handler.go:355 +0x44

Goroutine 1401 (running) created at:
  github.com/luxfi/threshold/pkg/protocol.(*Handler).startWorkers()
      /Users/z/work/lux/threshold/pkg/protocol/handler.go:372 +0x4fc
  github.com/luxfi/threshold/pkg/protocol.NewHandler()
      /Users/z/work/lux/threshold/pkg/protocol/handler.go:247 +0xf10
  github.com/luxfi/threshold/protocols/frost_test.TestFROSTKeygenSimple()
      /Users/z/work/lux/threshold/protocols/frost/frost_fixed_test.go:48 +0x6fc
  testing.tRunner()
      /opt/homebrew/Cellar/go/1.24.6/libexec/src/testing/testing.go:1792 +0x180
  testing.(*T).Run.gowrap1()
      /opt/homebrew/Cellar/go/1.24.6/libexec/src/testing/testing.go:1851 +0x40

Goroutine 1396 (running) created at:
  github.com/luxfi/threshold/pkg/protocol.(*Handler).startWorkers()
      /Users/z/work/lux/threshold/pkg/protocol/handler.go:355 +0x27c
  github.com/luxfi/threshold/pkg/protocol.NewHandler()
      /Users/z/work/lux/threshold/pkg/protocol/handler.go:247 +0xf10
  github.com/luxfi/threshold/protocols/frost_test.TestFROSTKeygenSimple()
      /Users/z/work/lux/threshold/protocols/frost/frost_fixed_test.go:48 +0x6fc
  testing.tRunner()
      /opt/homebrew/Cellar/go/1.24.6/libexec/src/testing/testing.go:1792 +0x180
  testing.(*T).Run.gowrap1()
      /opt/homebrew/Cellar/go/1.24.6/libexec/src/testing/testing.go:1851 +0x40
==================
2025-08-15T22:12:57.284-0500	DEBUG	protocol/handler.go:1591	have processed broadcast	{"{round 20 2  <nil>}": {"Key":"from","Type":15,"Integer":0,"String":"b","Interface":null}}
2025-08-15T22:12:57.285-0500	DEBUG	protocol/handler.go:1600	waiting for broadcasts	{"{round 20 2  <nil>}": {"Key":"missing","Type":15,"Integer":0,"String":"[c]","Interface":null}}
2025-08-15T22:12:57.285-0500	DEBUG	protocol/handler.go:581	tryAdvanceRound called	{"{current_round 20 2  <nil>}": {"Key":"self","Type":15,"Integer":0,"String":"a","Interface":null}}
2025-08-15T22:12:57.285-0500	DEBUG	protocol/handler.go:1591	have processed broadcast	{"{round 20 2  <nil>}": {"Key":"from","Type":15,"Integer":0,"String":"b","Interface":null}}
2025-08-15T22:12:57.285-0500	DEBUG	protocol/handler.go:1600	waiting for broadcasts	{"{round 20 2  <nil>}": {"Key":"missing","Type":15,"Integer":0,"String":"[c]","Interface":null}}
2025-08-15T22:12:57.285-0500	DEBUG	protocol/handler.go:581	tryAdvanceRound called	{"{current_round 20 3  <nil>}": {"Key":"self","Type":15,"Integer":0,"String":"c","Interface":null}}
2025-08-15T22:12:57.285-0500	DEBUG	protocol/handler.go:1600	waiting for broadcasts	{"{round 20 3  <nil>}": {"Key":"missing","Type":15,"Integer":0,"String":"[a b]","Interface":null}}
2025-08-15T22:12:57.286-0500	DEBUG	protocol/handler.go:1591	have processed broadcast	{"{round 20 2  <nil>}": {"Key":"from","Type":15,"Integer":0,"String":"b","Interface":null}}
2025-08-15T22:12:57.286-0500	DEBUG	protocol/handler.go:1600	waiting for broadcasts	{"{round 20 2  <nil>}": {"Key":"missing","Type":15,"Integer":0,"String":"[c]","Interface":null}}
==================
WARNING: DATA RACE
Write at 0x00c000c92a7c by goroutine 1400:
  ??()
      -:0 +0x104ad5eb0
  sync/atomic.AddInt32()
      <autogenerated>:1 +0x14
  sync.(*Mutex).Unlock()
      /opt/homebrew/Cellar/go/1.24.6/libexec/src/sync/mutex.go:65 +0x2c
  github.com/luxfi/threshold/protocols/frost/keygen.(*round2).StoreBroadcastMessage()
      /Users/z/work/lux/threshold/protocols/frost/keygen/round2.go:62 +0x78
  github.com/luxfi/threshold/pkg/protocol.(*Handler).verifyBroadcast()
      /Users/z/work/lux/threshold/pkg/protocol/handler.go:1392 +0x648
  github.com/luxfi/threshold/pkg/protocol.(*Handler).processMessage()
      /Users/z/work/lux/threshold/pkg/protocol/handler.go:480 +0xb9c
  github.com/luxfi/threshold/pkg/protocol.(*Handler).messageWorker()
      /Users/z/work/lux/threshold/pkg/protocol/handler.go:408 +0x338
  github.com/luxfi/threshold/pkg/protocol.(*Handler).startWorkers.gowrap2()
      /Users/z/work/lux/threshold/pkg/protocol/handler.go:361 +0x44

Previous read at 0x00c000c92a78 by goroutine 1396:
  github.com/luxfi/threshold/protocols/frost/keygen.(*round2).Number()
      <autogenerated>:1 +0x38
  github.com/luxfi/threshold/pkg/protocol.(*Handler).hasAllMessages()
      /Users/z/work/lux/threshold/pkg/protocol/handler.go:1570 +0x40
  github.com/luxfi/threshold/pkg/protocol.(*Handler).tryAdvanceRound()
      /Users/z/work/lux/threshold/pkg/protocol/handler.go:589 +0x29c
  github.com/luxfi/threshold/pkg/protocol.(*Handler).processMessage()
      /Users/z/work/lux/threshold/pkg/protocol/handler.go:474 +0xb70
  github.com/luxfi/threshold/pkg/protocol.(*Handler).messageWorker()
      /Users/z/work/lux/threshold/pkg/protocol/handler.go:408 +0x338
  github.com/luxfi/threshold/pkg/protocol.(*Handler).startWorkers.gowrap1()
      /Users/z/work/lux/threshold/pkg/protocol/handler.go:355 +0x44

Goroutine 1400 (running) created at:
  github.com/luxfi/threshold/pkg/protocol.(*Handler).startWorkers()
      /Users/z/work/lux/threshold/pkg/protocol/handler.go:361 +0x334
  github.com/luxfi/threshold/pkg/protocol.NewHandler()
      /Users/z/work/lux/threshold/pkg/protocol/handler.go:247 +0xf10
  github.com/luxfi/threshold/protocols/frost_test.TestFROSTKeygenSimple()
      /Users/z/work/lux/threshold/protocols/frost/frost_fixed_test.go:48 +0x6fc
  testing.tRunner()
      /opt/homebrew/Cellar/go/1.24.6/libexec/src/testing/testing.go:1792 +0x180
  testing.(*T).Run.gowrap1()
      /opt/homebrew/Cellar/go/1.24.6/libexec/src/testing/testing.go:1851 +0x40

Goroutine 1396 (running) created at:
  github.com/luxfi/threshold/pkg/protocol.(*Handler).startWorkers()
      /Users/z/work/lux/threshold/pkg/protocol/handler.go:355 +0x27c
  github.com/luxfi/threshold/pkg/protocol.NewHandler()
      /Users/z/work/lux/threshold/pkg/protocol/handler.go:247 +0xf10
  github.com/luxfi/threshold/protocols/frost_test.TestFROSTKeygenSimple()
      /Users/z/work/lux/threshold/protocols/frost/frost_fixed_test.go:48 +0x6fc
  testing.tRunner()
      /opt/homebrew/Cellar/go/1.24.6/libexec/src/testing/testing.go:1792 +0x180
  testing.(*T).Run.gowrap1()
      /opt/homebrew/Cellar/go/1.24.6/libexec/src/testing/testing.go:1851 +0x40
==================
2025-08-15T22:12:57.290-0500	DEBUG	protocol/handler.go:581	tryAdvanceRound called	{"{current_round 20 2  <nil>}": {"Key":"self","Type":15,"Integer":0,"String":"a","Interface":null}}
2025-08-15T22:12:57.290-0500	DEBUG	protocol/handler.go:1591	have processed broadcast	{"{round 20 2  <nil>}": {"Key":"from","Type":15,"Integer":0,"String":"b","Interface":null}}
2025-08-15T22:12:57.290-0500	DEBUG	protocol/handler.go:1600	waiting for broadcasts	{"{round 20 2  <nil>}": {"Key":"missing","Type":15,"Integer":0,"String":"[c]","Interface":null}}
2025-08-15T22:12:57.292-0500	DEBUG	protocol/handler.go:581	tryAdvanceRound called	{"{current_round 20 2  <nil>}": {"Key":"self","Type":15,"Integer":0,"String":"b","Interface":null}}
2025-08-15T22:12:57.292-0500	DEBUG	protocol/handler.go:1591	have processed broadcast	{"{round 20 2  <nil>}": {"Key":"from","Type":15,"Integer":0,"String":"a","Interface":null}}
2025-08-15T22:12:57.292-0500	DEBUG	protocol/handler.go:1600	waiting for broadcasts	{"{round 20 2  <nil>}": {"Key":"missing","Type":15,"Integer":0,"String":"[c]","Interface":null}}
2025-08-15T22:12:57.292-0500	DEBUG	protocol/handler.go:437	processing message	{"{from 15 0 c <nil>}": {"Key":"to","Type":15,"Integer":0,"String":"","Interface":null}, "{round 20 2  <nil>}": {"Key":"broadcast","Type":4,"Integer":1,"String":"","Interface":null}}
2025-08-15T22:12:57.292-0500	DEBUG	protocol/handler.go:1657	storing broadcast	{"{round 20 2  <nil>}": {"Key":"from","Type":15,"Integer":0,"String":"c","Interface":null}}
2025-08-15T22:12:57.292-0500	DEBUG	protocol/handler.go:581	tryAdvanceRound called	{"{current_round 20 2  <nil>}": {"Key":"self","Type":15,"Integer":0,"String":"b","Interface":null}}
2025-08-15T22:12:57.293-0500	DEBUG	protocol/handler.go:1591	have processed broadcast	{"{round 20 2  <nil>}": {"Key":"from","Type":15,"Integer":0,"String":"a","Interface":null}}
2025-08-15T22:12:57.293-0500	DEBUG	protocol/handler.go:1591	have processed broadcast	{"{round 20 2  <nil>}": {"Key":"from","Type":15,"Integer":0,"String":"b","Interface":null}}
2025-08-15T22:12:57.293-0500	DEBUG	protocol/handler.go:1649	have all messages and processed	{"{round 20 2  <nil>}": {"Key":"self","Type":15,"Integer":0,"String":"c","Interface":null}}
2025-08-15T22:12:57.293-0500	DEBUG	protocol/handler.go:596	round already finalized
2025-08-15T22:12:57.293-0500	DEBUG	protocol/handler.go:600	current round already advanced	{"{checking 20 2  <nil>}": {"Key":"current","Type":20,"Integer":3,"String":"","Interface":null}}
2025-08-15T22:12:57.293-0500	DEBUG	protocol/handler.go:581	tryAdvanceRound called	{"{current_round 20 3  <nil>}": {"Key":"self","Type":15,"Integer":0,"String":"c","Interface":null}}
2025-08-15T22:12:57.293-0500	DEBUG	protocol/handler.go:1600	waiting for broadcasts	{"{round 20 3  <nil>}": {"Key":"missing","Type":15,"Integer":0,"String":"[a b]","Interface":null}}
2025-08-15T22:12:57.299-0500	DEBUG	protocol/handler.go:581	tryAdvanceRound called	{"{current_round 20 2  <nil>}": {"Key":"self","Type":15,"Integer":0,"String":"b","Interface":null}}
2025-08-15T22:12:57.299-0500	DEBUG	protocol/handler.go:1591	have processed broadcast	{"{round 20 2  <nil>}": {"Key":"from","Type":15,"Integer":0,"String":"a","Interface":null}}
2025-08-15T22:12:57.299-0500	DEBUG	protocol/handler.go:1591	have processed broadcast	{"{round 20 2  <nil>}": {"Key":"from","Type":15,"Integer":0,"String":"c","Interface":null}}
2025-08-15T22:12:57.299-0500	DEBUG	protocol/handler.go:1649	have all messages and processed	{"{round 20 2  <nil>}": {"Key":"self","Type":15,"Integer":0,"String":"b","Interface":null}}
2025-08-15T22:12:57.299-0500	DEBUG	protocol/handler.go:619	finalizing round
2025-08-15T22:12:57.299-0500	DEBUG	protocol/handler.go:1039	sendRoundMessage	{"{from 15 0 b <nil>}": {"Key":"to","Type":15,"Integer":0,"String":"","Interface":null}, "{round 20 3  <nil>}": {"Key":"broadcast","Type":4,"Integer":1,"String":"","Interface":null}}
2025-08-15T22:12:57.299-0500	DEBUG	protocol/handler.go:1657	storing broadcast	{"{round 20 3  <nil>}": {"Key":"from","Type":15,"Integer":0,"String":"b","Interface":null}}
2025-08-15T22:12:57.299-0500	DEBUG	protocol/handler.go:1081	sent message to output channel	{"{from 15 0 b <nil>}": {"Key":"to","Type":15,"Integer":0,"String":"","Interface":null}, "{round 20 3  <nil>}": {"Key":"broadcast","Type":4,"Integer":1,"String":"","Interface":null}}
2025-08-15T22:12:57.299-0500	DEBUG	protocol/handler.go:1039	sendRoundMessage	{"{from 15 0 b <nil>}": {"Key":"to","Type":15,"Integer":0,"String":"a","Interface":null}, "{round 20 3  <nil>}": {"Key":"broadcast","Type":4,"Integer":0,"String":"","Interface":null}}
2025-08-15T22:12:57.299-0500	DEBUG	protocol/handler.go:1081	sent message to output channel	{"{from 15 0 b <nil>}": {"Key":"to","Type":15,"Integer":0,"String":"a","Interface":null}, "{round 20 3  <nil>}": {"Key":"broadcast","Type":4,"Integer":0,"String":"","Interface":null}}
2025-08-15T22:12:57.299-0500	DEBUG	protocol/handler.go:1039	sendRoundMessage	{"{from 15 0 b <nil>}": {"Key":"to","Type":15,"Integer":0,"String":"c","Interface":null}, "{round 20 3  <nil>}": {"Key":"broadcast","Type":4,"Integer":0,"String":"","Interface":null}}
2025-08-15T22:12:57.299-0500	DEBUG	protocol/handler.go:1081	sent message to output channel	{"{from 15 0 b <nil>}": {"Key":"to","Type":15,"Integer":0,"String":"c","Interface":null}, "{round 20 3  <nil>}": {"Key":"broadcast","Type":4,"Integer":0,"String":"","Interface":null}}
2025-08-15T22:12:57.300-0500	DEBUG	protocol/handler.go:1182	finalized round messages	{"{round 20 2  <nil>}": {"Key":"messages","Type":11,"Integer":3,"String":"","Interface":null}}
2025-08-15T22:12:57.300-0500	DEBUG	protocol/handler.go:1239	finalize returned next round	{"{current 20 2  <nil>}": {"Key":"next","Type":20,"Integer":3,"String":"","Interface":null}}
2025-08-15T22:12:57.300-0500	INFO	protocol/handler.go:642	storing new currentRound	{"{from 20 2  <nil>}": {"Key":"to","Type":20,"Integer":3,"String":"","Interface":null}}
2025-08-15T22:12:57.300-0500	DEBUG	protocol/handler.go:1503	processing queued messages
2025-08-15T22:12:57.300-0500	DEBUG	protocol/handler.go:437	processing message	{"{from 15 0 c <nil>}": {"Key":"to","Type":15,"Integer":0,"String":"","Interface":null}, "{round 20 3  <nil>}": {"Key":"broadcast","Type":4,"Integer":1,"String":"","Interface":null}}
2025-08-15T22:12:57.300-0500	DEBUG	protocol/handler.go:1657	storing broadcast	{"{round 20 3  <nil>}": {"Key":"from","Type":15,"Integer":0,"String":"c","Interface":null}}
2025-08-15T22:12:57.300-0500	DEBUG	protocol/handler.go:581	tryAdvanceRound called	{"{current_round 20 3  <nil>}": {"Key":"self","Type":15,"Integer":0,"String":"b","Interface":null}}
2025-08-15T22:12:57.300-0500	DEBUG	protocol/handler.go:1503	processing queued messages
2025-08-15T22:12:57.301-0500	DEBUG	protocol/handler.go:1591	have processed broadcast	{"{round 20 2  <nil>}": {"Key":"from","Type":15,"Integer":0,"String":"a","Interface":null}}
2025-08-15T22:12:57.301-0500	DEBUG	protocol/handler.go:1591	have processed broadcast	{"{round 20 2  <nil>}": {"Key":"from","Type":15,"Integer":0,"String":"c","Interface":null}}
2025-08-15T22:12:57.301-0500	DEBUG	protocol/handler.go:1649	have all messages and processed	{"{round 20 2  <nil>}": {"Key":"self","Type":15,"Integer":0,"String":"b","Interface":null}}
2025-08-15T22:12:57.301-0500	DEBUG	protocol/handler.go:596	round already finalized
2025-08-15T22:12:57.301-0500	DEBUG	protocol/handler.go:600	current round already advanced	{"{checking 20 2  <nil>}": {"Key":"current","Type":20,"Integer":3,"String":"","Interface":null}}
2025-08-15T22:12:57.301-0500	INFO	protocol/handler.go:560	advanced to round
2025-08-15T22:12:57.301-0500	DEBUG	protocol/handler.go:581	tryAdvanceRound called	{"{current_round 20 3  <nil>}": {"Key":"self","Type":15,"Integer":0,"String":"b","Interface":null}}
2025-08-15T22:12:57.302-0500	DEBUG	protocol/handler.go:1591	have processed broadcast	{"{round 20 3  <nil>}": {"Key":"from","Type":15,"Integer":0,"String":"c","Interface":null}}
2025-08-15T22:12:57.302-0500	DEBUG	protocol/handler.go:1600	waiting for broadcasts	{"{round 20 3  <nil>}": {"Key":"missing","Type":15,"Integer":0,"String":"[a]","Interface":null}}
2025-08-15T22:12:57.302-0500	DEBUG	protocol/handler.go:581	tryAdvanceRound called	{"{current_round 20 2  <nil>}": {"Key":"self","Type":15,"Integer":0,"String":"a","Interface":null}}
2025-08-15T22:12:57.302-0500	DEBUG	protocol/handler.go:432	processMessage: p2p round 3 START	{"{from 15 0 b <nil>}": {"Key":"to","Type":15,"Integer":0,"String":"c","Interface":null}}
2025-08-15T22:12:57.302-0500	DEBUG	protocol/handler.go:1591	have processed broadcast	{"{round 20 2  <nil>}": {"Key":"from","Type":15,"Integer":0,"String":"b","Interface":null}}
2025-08-15T22:12:57.302-0500	DEBUG	protocol/handler.go:437	processing message	{"{from 15 0 b <nil>}": {"Key":"to","Type":15,"Integer":0,"String":"c","Interface":null}, "{round 20 3  <nil>}": {"Key":"broadcast","Type":4,"Integer":0,"String":"","Interface":null}}
2025-08-15T22:12:57.302-0500	DEBUG	protocol/handler.go:1600	waiting for broadcasts	{"{round 20 2  <nil>}": {"Key":"missing","Type":15,"Integer":0,"String":"[c]","Interface":null}}
2025-08-15T22:12:57.302-0500	DEBUG	protocol/handler.go:1662	storing message	{"{round 20 3  <nil>}": {"Key":"from","Type":15,"Integer":0,"String":"b","Interface":null}}
2025-08-15T22:12:57.302-0500	DEBUG	protocol/handler.go:432	processMessage: p2p round 3 START	{"{from 15 0 b <nil>}": {"Key":"to","Type":15,"Integer":0,"String":"a","Interface":null}}
2025-08-15T22:12:57.303-0500	DEBUG	protocol/handler.go:581	tryAdvanceRound called	{"{current_round 20 3  <nil>}": {"Key":"self","Type":15,"Integer":0,"String":"c","Interface":null}}
2025-08-15T22:12:57.303-0500	DEBUG	protocol/handler.go:437	processing message	{"{from 15 0 b <nil>}": {"Key":"to","Type":15,"Integer":0,"String":"a","Interface":null}, "{round 20 3  <nil>}": {"Key":"broadcast","Type":4,"Integer":0,"String":"","Interface":null}}
2025-08-15T22:12:57.303-0500	DEBUG	protocol/handler.go:1306	waiting for broadcast before normal message
2025-08-15T22:12:57.303-0500	DEBUG	protocol/handler.go:1662	storing message	{"{round 20 3  <nil>}": {"Key":"from","Type":15,"Integer":0,"String":"b","Interface":null}}
2025-08-15T22:12:57.303-0500	DEBUG	protocol/handler.go:1600	waiting for broadcasts	{"{round 20 3  <nil>}": {"Key":"missing","Type":15,"Integer":0,"String":"[a b]","Interface":null}}
2025-08-15T22:12:57.303-0500	DEBUG	protocol/handler.go:470	message for different round (buffering)	{"{msg_round 20 3  <nil>}": {"Key":"current_round","Type":20,"Integer":2,"String":"","Interface":null}}
2025-08-15T22:12:57.303-0500	DEBUG	protocol/handler.go:581	tryAdvanceRound called	{"{current_round 20 2  <nil>}": {"Key":"self","Type":15,"Integer":0,"String":"a","Interface":null}}
2025-08-15T22:12:57.303-0500	DEBUG	protocol/handler.go:437	processing message	{"{from 15 0 b <nil>}": {"Key":"to","Type":15,"Integer":0,"String":"","Interface":null}, "{round 20 3  <nil>}": {"Key":"broadcast","Type":4,"Integer":1,"String":"","Interface":null}}
2025-08-15T22:12:57.303-0500	DEBUG	protocol/handler.go:1591	have processed broadcast	{"{round 20 2  <nil>}": {"Key":"from","Type":15,"Integer":0,"String":"b","Interface":null}}
2025-08-15T22:12:57.303-0500	DEBUG	protocol/handler.go:1600	waiting for broadcasts	{"{round 20 2  <nil>}": {"Key":"missing","Type":15,"Integer":0,"String":"[c]","Interface":null}}
2025-08-15T22:12:57.303-0500	DEBUG	protocol/handler.go:581	tryAdvanceRound called	{"{current_round 20 3  <nil>}": {"Key":"self","Type":15,"Integer":0,"String":"c","Interface":null}}
2025-08-15T22:12:57.303-0500	DEBUG	protocol/handler.go:1306	waiting for broadcast before normal message
2025-08-15T22:12:57.303-0500	DEBUG	protocol/handler.go:1657	storing broadcast	{"{round 20 3  <nil>}": {"Key":"from","Type":15,"Integer":0,"String":"b","Interface":null}}
2025-08-15T22:12:57.303-0500	DEBUG	protocol/handler.go:1600	waiting for broadcasts	{"{round 20 3  <nil>}": {"Key":"missing","Type":15,"Integer":0,"String":"[a b]","Interface":null}}
2025-08-15T22:12:57.303-0500	DEBUG	protocol/handler.go:1591	have processed broadcast	{"{round 20 3  <nil>}": {"Key":"from","Type":15,"Integer":0,"String":"c","Interface":null}}
2025-08-15T22:12:57.303-0500	DEBUG	protocol/handler.go:1600	waiting for broadcasts	{"{round 20 3  <nil>}": {"Key":"missing","Type":15,"Integer":0,"String":"[a]","Interface":null}}
2025-08-15T22:12:57.303-0500	DEBUG	protocol/handler.go:581	tryAdvanceRound called	{"{current_round 20 3  <nil>}": {"Key":"self","Type":15,"Integer":0,"String":"c","Interface":null}}
2025-08-15T22:12:57.305-0500	DEBUG	protocol/handler.go:581	tryAdvanceRound called	{"{current_round 20 2  <nil>}": {"Key":"self","Type":15,"Integer":0,"String":"a","Interface":null}}
2025-08-15T22:12:57.305-0500	DEBUG	protocol/handler.go:1591	have processed broadcast	{"{round 20 2  <nil>}": {"Key":"from","Type":15,"Integer":0,"String":"b","Interface":null}}
2025-08-15T22:12:57.305-0500	DEBUG	protocol/handler.go:1600	waiting for broadcasts	{"{round 20 2  <nil>}": {"Key":"missing","Type":15,"Integer":0,"String":"[c]","Interface":null}}
2025-08-15T22:12:57.305-0500	DEBUG	protocol/handler.go:437	processing message	{"{from 15 0 c <nil>}": {"Key":"to","Type":15,"Integer":0,"String":"","Interface":null}, "{round 20 2  <nil>}": {"Key":"broadcast","Type":4,"Integer":1,"String":"","Interface":null}}
2025-08-15T22:12:57.305-0500	DEBUG	protocol/handler.go:1657	storing broadcast	{"{round 20 2  <nil>}": {"Key":"from","Type":15,"Integer":0,"String":"c","Interface":null}}
2025-08-15T22:12:57.305-0500	DEBUG	protocol/handler.go:1591	have processed broadcast	{"{round 20 3  <nil>}": {"Key":"from","Type":15,"Integer":0,"String":"b","Interface":null}}
2025-08-15T22:12:57.305-0500	DEBUG	protocol/handler.go:1600	waiting for broadcasts	{"{round 20 3  <nil>}": {"Key":"missing","Type":15,"Integer":0,"String":"[a]","Interface":null}}
2025-08-15T22:12:57.311-0500	DEBUG	protocol/handler.go:581	tryAdvanceRound called	{"{current_round 20 2  <nil>}": {"Key":"self","Type":15,"Integer":0,"String":"a","Interface":null}}
2025-08-15T22:12:57.311-0500	DEBUG	protocol/handler.go:581	tryAdvanceRound called	{"{current_round 20 2  <nil>}": {"Key":"self","Type":15,"Integer":0,"String":"a","Interface":null}}
2025-08-15T22:12:57.311-0500	DEBUG	protocol/handler.go:1591	have processed broadcast	{"{round 20 2  <nil>}": {"Key":"from","Type":15,"Integer":0,"String":"b","Interface":null}}
2025-08-15T22:12:57.311-0500	DEBUG	protocol/handler.go:1591	have processed broadcast	{"{round 20 2  <nil>}": {"Key":"from","Type":15,"Integer":0,"String":"c","Interface":null}}
2025-08-15T22:12:57.311-0500	DEBUG	protocol/handler.go:1649	have all messages and processed	{"{round 20 2  <nil>}": {"Key":"self","Type":15,"Integer":0,"String":"a","Interface":null}}
2025-08-15T22:12:57.311-0500	DEBUG	protocol/handler.go:619	finalizing round
==================
WARNING: DATA RACE
Write at 0x00c000c92a7c by goroutine 1472:
  ??()
      -:0 +0x104ada650
  sync/atomic.CompareAndSwapInt32()
      <autogenerated>:1 +0x18
  sync.(*Mutex).Lock()
      /opt/homebrew/Cellar/go/1.24.6/libexec/src/sync/mutex.go:46 +0x2c
  github.com/luxfi/threshold/protocols/frost/keygen.(*round2).Finalize()
      /Users/z/work/lux/threshold/protocols/frost/keygen/round2.go:157 +0x784
  github.com/luxfi/threshold/pkg/protocol.(*Handler).finalizeRound.func1()
      /Users/z/work/lux/threshold/pkg/protocol/handler.go:1163 +0xe4

Previous read at 0x00c000c92a78 by goroutine 1401:
  github.com/luxfi/threshold/protocols/frost/keygen.(*round2).Number()
      <autogenerated>:1 +0x38
  github.com/luxfi/threshold/pkg/protocol.(*Handler).hasAllMessages()
      /Users/z/work/lux/threshold/pkg/protocol/handler.go:1570 +0x40
  github.com/luxfi/threshold/pkg/protocol.(*Handler).tryAdvanceRound()
      /Users/z/work/lux/threshold/pkg/protocol/handler.go:589 +0x29c
  github.com/luxfi/threshold/pkg/protocol.(*Handler).roundProcessor()
      /Users/z/work/lux/threshold/pkg/protocol/handler.go:569 +0xb4
  github.com/luxfi/threshold/pkg/protocol.(*Handler).startWorkers.func1()
      /Users/z/work/lux/threshold/pkg/protocol/handler.go:374 +0x78

Goroutine 1472 (running) created at:
  github.com/luxfi/threshold/pkg/protocol.(*Handler).finalizeRound()
      /Users/z/work/lux/threshold/pkg/protocol/handler.go:1160 +0x26c
  github.com/luxfi/threshold/pkg/protocol.(*Handler).tryAdvanceRound()
      /Users/z/work/lux/threshold/pkg/protocol/handler.go:622 +0xae4
  github.com/luxfi/threshold/pkg/protocol.(*Handler).processMessage()
      /Users/z/work/lux/threshold/pkg/protocol/handler.go:486 +0xbb0
  github.com/luxfi/threshold/pkg/protocol.(*Handler).messageWorker()
      /Users/z/work/lux/threshold/pkg/protocol/handler.go:408 +0x338
  github.com/luxfi/threshold/pkg/protocol.(*Handler).startWorkers.gowrap2()
      /Users/z/work/lux/threshold/pkg/protocol/handler.go:361 +0x44

Goroutine 1401 (running) created at:
  github.com/luxfi/threshold/pkg/protocol.(*Handler).startWorkers()
      /Users/z/work/lux/threshold/pkg/protocol/handler.go:372 +0x4fc
  github.com/luxfi/threshold/pkg/protocol.NewHandler()
      /Users/z/work/lux/threshold/pkg/protocol/handler.go:247 +0xf10
  github.com/luxfi/threshold/protocols/frost_test.TestFROSTKeygenSimple()
      /Users/z/work/lux/threshold/protocols/frost/frost_fixed_test.go:48 +0x6fc
  testing.tRunner()
      /opt/homebrew/Cellar/go/1.24.6/libexec/src/testing/testing.go:1792 +0x180
  testing.(*T).Run.gowrap1()
      /opt/homebrew/Cellar/go/1.24.6/libexec/src/testing/testing.go:1851 +0x40
==================
2025-08-15T22:12:57.312-0500	DEBUG	protocol/handler.go:1039	sendRoundMessage	{"{from 15 0 a <nil>}": {"Key":"to","Type":15,"Integer":0,"String":"","Interface":null}, "{round 20 3  <nil>}": {"Key":"broadcast","Type":4,"Integer":1,"String":"","Interface":null}}
2025-08-15T22:12:57.312-0500	DEBUG	protocol/handler.go:1591	have processed broadcast	{"{round 20 2  <nil>}": {"Key":"from","Type":15,"Integer":0,"String":"b","Interface":null}}
2025-08-15T22:12:57.312-0500	DEBUG	protocol/handler.go:1657	storing broadcast	{"{round 20 3  <nil>}": {"Key":"from","Type":15,"Integer":0,"String":"a","Interface":null}}
2025-08-15T22:12:57.312-0500	DEBUG	protocol/handler.go:1591	have processed broadcast	{"{round 20 2  <nil>}": {"Key":"from","Type":15,"Integer":0,"String":"c","Interface":null}}
==================
WARNING: DATA RACE
Read at 0x00c000c92a78 by goroutine 1401:
  github.com/luxfi/threshold/protocols/frost/keygen.(*round2).MessageContent()
      <autogenerated>:1 +0x38
  github.com/luxfi/threshold/pkg/protocol.(*Handler).hasAllMessages()
      /Users/z/work/lux/threshold/pkg/protocol/handler.go:1617 +0x6c8
  github.com/luxfi/threshold/pkg/protocol.(*Handler).tryAdvanceRound()
      /Users/z/work/lux/threshold/pkg/protocol/handler.go:589 +0x29c
  github.com/luxfi/threshold/pkg/protocol.(*Handler).roundProcessor()
      /Users/z/work/lux/threshold/pkg/protocol/handler.go:569 +0xb4
  github.com/luxfi/threshold/pkg/protocol.(*Handler).startWorkers.func1()
      /Users/z/work/lux/threshold/pkg/protocol/handler.go:374 +0x78

Previous write at 0x00c000c92a78 by goroutine 1472:
  github.com/luxfi/threshold/protocols/frost/keygen.(*round2).Finalize()
      /Users/z/work/lux/threshold/protocols/frost/keygen/round2.go:158 +0x78c
  github.com/luxfi/threshold/pkg/protocol.(*Handler).finalizeRound.func1()
      /Users/z/work/lux/threshold/pkg/protocol/handler.go:1163 +0xe4

Goroutine 1401 (running) created at:
  github.com/luxfi/threshold/pkg/protocol.(*Handler).startWorkers()
      /Users/z/work/lux/threshold/pkg/protocol/handler.go:372 +0x4fc
  github.com/luxfi/threshold/pkg/protocol.NewHandler()
      /Users/z/work/lux/threshold/pkg/protocol/handler.go:247 +0xf10
  github.com/luxfi/threshold/protocols/frost_test.TestFROSTKeygenSimple()
      /Users/z/work/lux/threshold/protocols/frost/frost_fixed_test.go:48 +0x6fc
  testing.tRunner()
      /opt/homebrew/Cellar/go/1.24.6/libexec/src/testing/testing.go:1792 +0x180
  testing.(*T).Run.gowrap1()
      /opt/homebrew/Cellar/go/1.24.6/libexec/src/testing/testing.go:1851 +0x40

Goroutine 1472 (finished) created at:
  github.com/luxfi/threshold/pkg/protocol.(*Handler).finalizeRound()
      /Users/z/work/lux/threshold/pkg/protocol/handler.go:1160 +0x26c
  github.com/luxfi/threshold/pkg/protocol.(*Handler).tryAdvanceRound()
      /Users/z/work/lux/threshold/pkg/protocol/handler.go:622 +0xae4
  github.com/luxfi/threshold/pkg/protocol.(*Handler).processMessage()
      /Users/z/work/lux/threshold/pkg/protocol/handler.go:486 +0xbb0
  github.com/luxfi/threshold/pkg/protocol.(*Handler).messageWorker()
      /Users/z/work/lux/threshold/pkg/protocol/handler.go:408 +0x338
  github.com/luxfi/threshold/pkg/protocol.(*Handler).startWorkers.gowrap2()
      /Users/z/work/lux/threshold/pkg/protocol/handler.go:361 +0x44
==================
2025-08-15T22:12:57.312-0500	DEBUG	protocol/handler.go:1081	sent message to output channel	{"{from 15 0 a <nil>}": {"Key":"to","Type":15,"Integer":0,"String":"","Interface":null}, "{round 20 3  <nil>}": {"Key":"broadcast","Type":4,"Integer":1,"String":"","Interface":null}}
2025-08-15T22:12:57.323-0500	DEBUG	protocol/handler.go:1039	sendRoundMessage	{"{from 15 0 a <nil>}": {"Key":"to","Type":15,"Integer":0,"String":"b","Interface":null}, "{round 20 3  <nil>}": {"Key":"broadcast","Type":4,"Integer":0,"String":"","Interface":null}}
2025-08-15T22:12:57.312-0500	DEBUG	protocol/handler.go:1649	have all messages and processed	{"{round 20 2  <nil>}": {"Key":"self","Type":15,"Integer":0,"String":"a","Interface":null}}
2025-08-15T22:12:57.328-0500	DEBUG	protocol/handler.go:596	round already finalized
2025-08-15T22:12:57.333-0500	DEBUG	protocol/handler.go:581	tryAdvanceRound called	{"{current_round 20 2  <nil>}": {"Key":"self","Type":15,"Integer":0,"String":"a","Interface":null}}
2025-08-15T22:12:57.324-0500	DEBUG	protocol/handler.go:1081	sent message to output channel	{"{from 15 0 a <nil>}": {"Key":"to","Type":15,"Integer":0,"String":"b","Interface":null}, "{round 20 3  <nil>}": {"Key":"broadcast","Type":4,"Integer":0,"String":"","Interface":null}}
2025-08-15T22:12:57.334-0500	DEBUG	protocol/handler.go:1039	sendRoundMessage	{"{from 15 0 a <nil>}": {"Key":"to","Type":15,"Integer":0,"String":"c","Interface":null}, "{round 20 3  <nil>}": {"Key":"broadcast","Type":4,"Integer":0,"String":"","Interface":null}}
2025-08-15T22:12:57.334-0500	DEBUG	protocol/handler.go:1081	sent message to output channel	{"{from 15 0 a <nil>}": {"Key":"to","Type":15,"Integer":0,"String":"c","Interface":null}, "{round 20 3  <nil>}": {"Key":"broadcast","Type":4,"Integer":0,"String":"","Interface":null}}
2025-08-15T22:12:57.334-0500	DEBUG	protocol/handler.go:1182	finalized round messages	{"{round 20 2  <nil>}": {"Key":"messages","Type":11,"Integer":3,"String":"","Interface":null}}
2025-08-15T22:12:57.334-0500	DEBUG	protocol/handler.go:1239	finalize returned next round	{"{current 20 2  <nil>}": {"Key":"next","Type":20,"Integer":3,"String":"","Interface":null}}
2025-08-15T22:12:57.334-0500	INFO	protocol/handler.go:642	storing new currentRound	{"{from 20 2  <nil>}": {"Key":"to","Type":20,"Integer":3,"String":"","Interface":null}}
2025-08-15T22:12:57.334-0500	DEBUG	protocol/handler.go:1503	processing queued messages
2025-08-15T22:12:57.334-0500	DEBUG	protocol/handler.go:437	processing message	{"{from 15 0 c <nil>}": {"Key":"to","Type":15,"Integer":0,"String":"","Interface":null}, "{round 20 3  <nil>}": {"Key":"broadcast","Type":4,"Integer":1,"String":"","Interface":null}}
2025-08-15T22:12:57.334-0500	DEBUG	protocol/handler.go:1657	storing broadcast	{"{round 20 3  <nil>}": {"Key":"from","Type":15,"Integer":0,"String":"c","Interface":null}}
2025-08-15T22:12:57.334-0500	DEBUG	protocol/handler.go:581	tryAdvanceRound called	{"{current_round 20 3  <nil>}": {"Key":"self","Type":15,"Integer":0,"String":"a","Interface":null}}
2025-08-15T22:12:57.312-0500	DEBUG	protocol/handler.go:437	processing message	{"{from 15 0 a <nil>}": {"Key":"to","Type":15,"Integer":0,"String":"","Interface":null}, "{round 20 3  <nil>}": {"Key":"broadcast","Type":4,"Integer":1,"String":"","Interface":null}}
2025-08-15T22:12:57.333-0500	DEBUG	protocol/handler.go:432	processMessage: p2p round 3 START	{"{from 15 0 a <nil>}": {"Key":"to","Type":15,"Integer":0,"String":"b","Interface":null}}
2025-08-15T22:12:57.340-0500	DEBUG	protocol/handler.go:437	processing message	{"{from 15 0 a <nil>}": {"Key":"to","Type":15,"Integer":0,"String":"b","Interface":null}, "{round 20 3  <nil>}": {"Key":"broadcast","Type":4,"Integer":0,"String":"","Interface":null}}
2025-08-15T22:12:57.340-0500	DEBUG	protocol/handler.go:1662	storing message	{"{round 20 3  <nil>}": {"Key":"from","Type":15,"Integer":0,"String":"a","Interface":null}}
2025-08-15T22:12:57.341-0500	DEBUG	protocol/handler.go:581	tryAdvanceRound called	{"{current_round 20 3  <nil>}": {"Key":"self","Type":15,"Integer":0,"String":"b","Interface":null}}
2025-08-15T22:12:57.341-0500	DEBUG	protocol/handler.go:1306	waiting for broadcast before normal message
2025-08-15T22:12:57.341-0500	DEBUG	protocol/handler.go:1591	have processed broadcast	{"{round 20 3  <nil>}": {"Key":"from","Type":15,"Integer":0,"String":"c","Interface":null}}
2025-08-15T22:12:57.341-0500	DEBUG	protocol/handler.go:1600	waiting for broadcasts	{"{round 20 3  <nil>}": {"Key":"missing","Type":15,"Integer":0,"String":"[a]","Interface":null}}
2025-08-15T22:12:57.335-0500	DEBUG	protocol/handler.go:432	processMessage: p2p round 3 START	{"{from 15 0 a <nil>}": {"Key":"to","Type":15,"Integer":0,"String":"c","Interface":null}}
2025-08-15T22:12:57.336-0500	DEBUG	protocol/handler.go:1306	waiting for broadcast before normal message
2025-08-15T22:12:57.342-0500	DEBUG	protocol/handler.go:437	processing message	{"{from 15 0 a <nil>}": {"Key":"to","Type":15,"Integer":0,"String":"c","Interface":null}, "{round 20 3  <nil>}": {"Key":"broadcast","Type":4,"Integer":0,"String":"","Interface":null}}
2025-08-15T22:12:57.342-0500	DEBUG	protocol/handler.go:1662	storing message	{"{round 20 3  <nil>}": {"Key":"from","Type":15,"Integer":0,"String":"a","Interface":null}}
2025-08-15T22:12:57.342-0500	DEBUG	protocol/handler.go:1591	have processed broadcast	{"{round 20 3  <nil>}": {"Key":"from","Type":15,"Integer":0,"String":"c","Interface":null}}
2025-08-15T22:12:57.342-0500	DEBUG	protocol/handler.go:581	tryAdvanceRound called	{"{current_round 20 3  <nil>}": {"Key":"self","Type":15,"Integer":0,"String":"c","Interface":null}}
2025-08-15T22:12:57.342-0500	DEBUG	protocol/handler.go:1600	waiting for broadcasts	{"{round 20 3  <nil>}": {"Key":"missing","Type":15,"Integer":0,"String":"[b]","Interface":null}}
2025-08-15T22:12:57.342-0500	DEBUG	protocol/handler.go:1306	waiting for broadcast before normal message
2025-08-15T22:12:57.342-0500	DEBUG	protocol/handler.go:437	processing message	{"{from 15 0 b <nil>}": {"Key":"to","Type":15,"Integer":0,"String":"","Interface":null}, "{round 20 3  <nil>}": {"Key":"broadcast","Type":4,"Integer":1,"String":"","Interface":null}}
2025-08-15T22:12:57.342-0500	DEBUG	protocol/handler.go:1591	have processed broadcast	{"{round 20 3  <nil>}": {"Key":"from","Type":15,"Integer":0,"String":"b","Interface":null}}
2025-08-15T22:12:57.342-0500	DEBUG	protocol/handler.go:1657	storing broadcast	{"{round 20 3  <nil>}": {"Key":"from","Type":15,"Integer":0,"String":"b","Interface":null}}
2025-08-15T22:12:57.342-0500	DEBUG	protocol/handler.go:1600	waiting for broadcasts	{"{round 20 3  <nil>}": {"Key":"missing","Type":15,"Integer":0,"String":"[a]","Interface":null}}
2025-08-15T22:12:57.342-0500	DEBUG	protocol/handler.go:581	tryAdvanceRound called	{"{current_round 20 3  <nil>}": {"Key":"self","Type":15,"Integer":0,"String":"a","Interface":null}}
2025-08-15T22:12:57.343-0500	DEBUG	protocol/handler.go:1503	processing queued messages
2025-08-15T22:12:57.344-0500	DEBUG	protocol/handler.go:1591	have processed broadcast	{"{round 20 3  <nil>}": {"Key":"from","Type":15,"Integer":0,"String":"b","Interface":null}}
2025-08-15T22:12:57.344-0500	DEBUG	protocol/handler.go:1591	have processed broadcast	{"{round 20 3  <nil>}": {"Key":"from","Type":15,"Integer":0,"String":"c","Interface":null}}
2025-08-15T22:12:57.346-0500	DEBUG	protocol/handler.go:1657	storing broadcast	{"{round 20 3  <nil>}": {"Key":"from","Type":15,"Integer":0,"String":"a","Interface":null}}
2025-08-15T22:12:57.347-0500	DEBUG	protocol/handler.go:581	tryAdvanceRound called	{"{current_round 20 3  <nil>}": {"Key":"self","Type":15,"Integer":0,"String":"b","Interface":null}}
2025-08-15T22:12:57.333-0500	DEBUG	protocol/handler.go:1591	have processed broadcast	{"{round 20 2  <nil>}": {"Key":"from","Type":15,"Integer":0,"String":"b","Interface":null}}
2025-08-15T22:12:57.348-0500	DEBUG	protocol/handler.go:1591	have processed broadcast	{"{round 20 2  <nil>}": {"Key":"from","Type":15,"Integer":0,"String":"c","Interface":null}}
2025-08-15T22:12:57.348-0500	DEBUG	protocol/handler.go:1649	have all messages and processed	{"{round 20 2  <nil>}": {"Key":"self","Type":15,"Integer":0,"String":"a","Interface":null}}
2025-08-15T22:12:57.349-0500	DEBUG	protocol/handler.go:596	round already finalized
2025-08-15T22:12:57.349-0500	DEBUG	protocol/handler.go:600	current round already advanced	{"{checking 20 2  <nil>}": {"Key":"current","Type":20,"Integer":3,"String":"","Interface":null}}
2025-08-15T22:12:57.349-0500	INFO	protocol/handler.go:560	advanced to round
2025-08-15T22:12:57.349-0500	DEBUG	protocol/handler.go:581	tryAdvanceRound called	{"{current_round 20 3  <nil>}": {"Key":"self","Type":15,"Integer":0,"String":"a","Interface":null}}
2025-08-15T22:12:57.349-0500	DEBUG	protocol/handler.go:1591	have processed broadcast	{"{round 20 3  <nil>}": {"Key":"from","Type":15,"Integer":0,"String":"b","Interface":null}}
2025-08-15T22:12:57.349-0500	DEBUG	protocol/handler.go:1591	have processed broadcast	{"{round 20 3  <nil>}": {"Key":"from","Type":15,"Integer":0,"String":"c","Interface":null}}
2025-08-15T22:12:57.350-0500	DEBUG	protocol/handler.go:1649	have all messages and processed	{"{round 20 3  <nil>}": {"Key":"self","Type":15,"Integer":0,"String":"a","Interface":null}}
2025-08-15T22:12:57.350-0500	DEBUG	protocol/handler.go:619	finalizing round
2025-08-15T22:12:57.348-0500	DEBUG	protocol/handler.go:1649	have all messages and processed	{"{round 20 3  <nil>}": {"Key":"self","Type":15,"Integer":0,"String":"a","Interface":null}}
2025-08-15T22:12:57.350-0500	DEBUG	protocol/handler.go:596	round already finalized
2025-08-15T22:12:57.312-0500	DEBUG	protocol/handler.go:437	processing message	{"{from 15 0 a <nil>}": {"Key":"to","Type":15,"Integer":0,"String":"","Interface":null}, "{round 20 3  <nil>}": {"Key":"broadcast","Type":4,"Integer":1,"String":"","Interface":null}}
2025-08-15T22:12:57.350-0500	DEBUG	protocol/handler.go:1657	storing broadcast	{"{round 20 3  <nil>}": {"Key":"from","Type":15,"Integer":0,"String":"a","Interface":null}}
2025-08-15T22:12:57.351-0500	DEBUG	protocol/handler.go:581	tryAdvanceRound called	{"{current_round 20 3  <nil>}": {"Key":"self","Type":15,"Integer":0,"String":"c","Interface":null}}
2025-08-15T22:12:57.312-0500	DEBUG	protocol/handler.go:581	tryAdvanceRound called	{"{current_round 20 3  <nil>}": {"Key":"self","Type":15,"Integer":0,"String":"b","Interface":null}}
2025-08-15T22:12:57.352-0500	DEBUG	protocol/handler.go:1591	have processed broadcast	{"{round 20 3  <nil>}": {"Key":"from","Type":15,"Integer":0,"String":"a","Interface":null}}
2025-08-15T22:12:57.352-0500	DEBUG	protocol/handler.go:1591	have processed broadcast	{"{round 20 3  <nil>}": {"Key":"from","Type":15,"Integer":0,"String":"b","Interface":null}}
2025-08-15T22:12:57.352-0500	DEBUG	protocol/handler.go:1649	have all messages and processed	{"{round 20 3  <nil>}": {"Key":"self","Type":15,"Integer":0,"String":"c","Interface":null}}
2025-08-15T22:12:57.353-0500	DEBUG	protocol/handler.go:619	finalizing round
2025-08-15T22:12:57.313-0500	DEBUG	protocol/handler.go:581	tryAdvanceRound called	{"{current_round 20 3  <nil>}": {"Key":"self","Type":15,"Integer":0,"String":"c","Interface":null}}
2025-08-15T22:12:57.353-0500	DEBUG	protocol/handler.go:1591	have processed broadcast	{"{round 20 3  <nil>}": {"Key":"from","Type":15,"Integer":0,"String":"a","Interface":null}}
2025-08-15T22:12:57.353-0500	DEBUG	protocol/handler.go:1591	have processed broadcast	{"{round 20 3  <nil>}": {"Key":"from","Type":15,"Integer":0,"String":"b","Interface":null}}
2025-08-15T22:12:57.353-0500	DEBUG	protocol/handler.go:1649	have all messages and processed	{"{round 20 3  <nil>}": {"Key":"self","Type":15,"Integer":0,"String":"c","Interface":null}}
2025-08-15T22:12:57.353-0500	DEBUG	protocol/handler.go:596	round already finalized
2025-08-15T22:12:57.353-0500	DEBUG	protocol/handler.go:581	tryAdvanceRound called	{"{current_round 20 3  <nil>}": {"Key":"self","Type":15,"Integer":0,"String":"c","Interface":null}}
2025-08-15T22:12:57.353-0500	DEBUG	protocol/handler.go:1591	have processed broadcast	{"{round 20 3  <nil>}": {"Key":"from","Type":15,"Integer":0,"String":"a","Interface":null}}
2025-08-15T22:12:57.353-0500	DEBUG	protocol/handler.go:1591	have processed broadcast	{"{round 20 3  <nil>}": {"Key":"from","Type":15,"Integer":0,"String":"b","Interface":null}}
2025-08-15T22:12:57.353-0500	DEBUG	protocol/handler.go:1649	have all messages and processed	{"{round 20 3  <nil>}": {"Key":"self","Type":15,"Integer":0,"String":"c","Interface":null}}
2025-08-15T22:12:57.353-0500	DEBUG	protocol/handler.go:596	round already finalized
2025-08-15T22:12:57.354-0500	DEBUG	protocol/handler.go:1591	have processed broadcast	{"{round 20 3  <nil>}": {"Key":"from","Type":15,"Integer":0,"String":"a","Interface":null}}
2025-08-15T22:12:57.355-0500	DEBUG	protocol/handler.go:1591	have processed broadcast	{"{round 20 3  <nil>}": {"Key":"from","Type":15,"Integer":0,"String":"c","Interface":null}}
2025-08-15T22:12:57.355-0500	DEBUG	protocol/handler.go:1649	have all messages and processed	{"{round 20 3  <nil>}": {"Key":"self","Type":15,"Integer":0,"String":"b","Interface":null}}
2025-08-15T22:12:57.356-0500	DEBUG	protocol/handler.go:619	finalizing round
2025-08-15T22:12:57.357-0500	DEBUG	protocol/handler.go:1182	finalized round messages	{"{round 20 3  <nil>}": {"Key":"messages","Type":11,"Integer":0,"String":"","Interface":null}}
2025-08-15T22:12:57.357-0500	INFO	protocol/handler.go:1211	protocol completed	{"{self 15 0 b <nil>}": {"Key":"final_round","Type":20,"Integer":3,"String":"","Interface":null}}
2025-08-15T22:12:57.357-0500	DEBUG	protocol/handler.go:624	finalizeRound returned nil
2025-08-15T22:12:57.359-0500	DEBUG	protocol/handler.go:1182	finalized round messages	{"{round 20 3  <nil>}": {"Key":"messages","Type":11,"Integer":0,"String":"","Interface":null}}
2025-08-15T22:12:57.359-0500	INFO	protocol/handler.go:1211	protocol completed	{"{self 15 0 c <nil>}": {"Key":"final_round","Type":20,"Integer":3,"String":"","Interface":null}}
2025-08-15T22:12:57.359-0500	DEBUG	protocol/handler.go:624	finalizeRound returned nil
2025-08-15T22:12:57.364-0500	INFO	protocol/handler.go:787	protocol completed successfully
2025-08-15T22:12:57.364-0500	INFO	protocol/handler.go:787	protocol completed successfully
2025-08-15T22:12:57.378-0500	DEBUG	protocol/handler.go:403	worker stopping
2025-08-15T22:12:57.378-0500	DEBUG	protocol/handler.go:403	worker stopping
2025-08-15T22:12:57.378-0500	DEBUG	protocol/handler.go:403	worker stopping
2025-08-15T22:12:57.379-0500	DEBUG	protocol/handler.go:403	worker stopping
2025-08-15T22:12:57.380-0500	DEBUG	protocol/handler.go:403	worker stopping
2025-08-15T22:12:57.380-0500	DEBUG	protocol/handler.go:403	worker stopping
2025-08-15T22:12:57.380-0500	DEBUG	protocol/handler.go:403	worker stopping
2025-08-15T22:12:57.380-0500	DEBUG	protocol/handler.go:403	worker stopping
2025-08-15T22:12:57.380-0500	DEBUG	protocol/handler.go:403	worker stopping
2025-08-15T22:12:57.382-0500	DEBUG	protocol/handler.go:1591	have processed broadcast	{"{round 20 3  <nil>}": {"Key":"from","Type":15,"Integer":0,"String":"a","Interface":null}}
2025-08-15T22:12:57.382-0500	DEBUG	protocol/handler.go:1591	have processed broadcast	{"{round 20 3  <nil>}": {"Key":"from","Type":15,"Integer":0,"String":"c","Interface":null}}
2025-08-15T22:12:57.382-0500	DEBUG	protocol/handler.go:1649	have all messages and processed	{"{round 20 3  <nil>}": {"Key":"self","Type":15,"Integer":0,"String":"b","Interface":null}}
2025-08-15T22:12:57.382-0500	DEBUG	protocol/handler.go:596	round already finalized
2025-08-15T22:12:57.382-0500	DEBUG	protocol/handler.go:403	worker stopping
2025-08-15T22:12:57.390-0500	DEBUG	protocol/handler.go:1182	finalized round messages	{"{round 20 3  <nil>}": {"Key":"messages","Type":11,"Integer":0,"String":"","Interface":null}}
2025-08-15T22:12:57.390-0500	INFO	protocol/handler.go:1211	protocol completed	{"{self 15 0 a <nil>}": {"Key":"final_round","Type":20,"Integer":3,"String":"","Interface":null}}
2025-08-15T22:12:57.390-0500	DEBUG	protocol/handler.go:624	finalizeRound returned nil
2025-08-15T22:12:57.394-0500	INFO	protocol/handler.go:787	protocol completed successfully
--- FAIL: TestFROSTKeygenSimple (0.18s)
    testing.go:1490: race detected during execution of test
2025-08-15T22:12:57.394-0500	DEBUG	protocol/handler.go:403	worker stopping
2025-08-15T22:12:57.394-0500	DEBUG	protocol/handler.go:403	worker stopping
2025-08-15T22:12:57.394-0500	DEBUG	protocol/handler.go:403	worker stopping
2025-08-15T22:12:57.394-0500	DEBUG	protocol/handler.go:403	worker stopping
2025-08-15T22:12:57.394-0500	DEBUG	protocol/handler.go:403	worker stopping
2025-08-15T22:12:57.395-0500	INFO	protocol/handler.go:240	starting protocol handler	{"{protocol 15 0 frost/keygen-threshold <nil>}": {"Key":"workers","Type":11,"Integer":20,"String":"","Interface":null}, "{parties 11 5  <nil>}": {"Key":"threshold","Type":11,"Integer":3,"String":"","Interface":null}}
2025-08-15T22:12:57.395-0500	DEBUG	protocol/handler.go:348	starting worker pools	{"{workers 11 20  <nil>}": {"Key":"priority","Type":11,"Integer":4,"String":"","Interface":null}}
2025-08-15T22:12:57.395-0500	DEBUG	protocol/handler.go:391	worker started	{"{id 11 3  <nil>}": {"Key":"priority","Type":4,"Integer":1,"String":"","Interface":null}}
2025-08-15T22:12:57.395-0500	DEBUG	protocol/handler.go:391	worker started	{"{id 11 0  <nil>}": {"Key":"priority","Type":4,"Integer":0,"String":"","Interface":null}}
2025-08-15T22:12:57.395-0500	DEBUG	protocol/handler.go:391	worker started	{"{id 11 2  <nil>}": {"Key":"priority","Type":4,"Integer":0,"String":"","Interface":null}}
2025-08-15T22:12:57.396-0500	DEBUG	protocol/handler.go:391	worker started	{"{id 11 1  <nil>}": {"Key":"priority","Type":4,"Integer":0,"String":"","Interface":null}}
2025-08-15T22:12:57.396-0500	DEBUG	protocol/handler.go:391	worker started	{"{id 11 3  <nil>}": {"Key":"priority","Type":4,"Integer":0,"String":"","Interface":null}}
2025-08-15T22:12:57.396-0500	DEBUG	protocol/handler.go:391	worker started	{"{id 11 5  <nil>}": {"Key":"priority","Type":4,"Integer":0,"String":"","Interface":null}}
2025-08-15T22:12:57.396-0500	DEBUG	protocol/handler.go:391	worker started	{"{id 11 4  <nil>}": {"Key":"priority","Type":4,"Integer":0,"String":"","Interface":null}}
2025-08-15T22:12:57.396-0500	DEBUG	protocol/handler.go:391	worker started	{"{id 11 6  <nil>}": {"Key":"priority","Type":4,"Integer":0,"String":"","Interface":null}}
2025-08-15T22:12:57.396-0500	DEBUG	protocol/handler.go:391	worker started	{"{id 11 8  <nil>}": {"Key":"priority","Type":4,"Integer":0,"String":"","Interface":null}}
2025-08-15T22:12:57.396-0500	DEBUG	protocol/handler.go:391	worker started	{"{id 11 7  <nil>}": {"Key":"priority","Type":4,"Integer":0,"String":"","Interface":null}}
2025-08-15T22:12:57.396-0500	DEBUG	protocol/handler.go:391	worker started	{"{id 11 9  <nil>}": {"Key":"priority","Type":4,"Integer":0,"String":"","Interface":null}}
2025-08-15T22:12:57.396-0500	DEBUG	protocol/handler.go:391	worker started	{"{id 11 11  <nil>}": {"Key":"priority","Type":4,"Integer":0,"String":"","Interface":null}}
2025-08-15T22:12:57.396-0500	DEBUG	protocol/handler.go:391	worker started	{"{id 11 12  <nil>}": {"Key":"priority","Type":4,"Integer":0,"String":"","Interface":null}}
2025-08-15T22:12:57.396-0500	DEBUG	protocol/handler.go:391	worker started	{"{id 11 13  <nil>}": {"Key":"priority","Type":4,"Integer":0,"String":"","Interface":null}}
2025-08-15T22:12:57.396-0500	DEBUG	protocol/handler.go:391	worker started	{"{id 11 10  <nil>}": {"Key":"priority","Type":4,"Integer":0,"String":"","Interface":null}}
2025-08-15T22:12:57.396-0500	DEBUG	protocol/handler.go:391	worker started	{"{id 11 14  <nil>}": {"Key":"priority","Type":4,"Integer":0,"String":"","Interface":null}}
2025-08-15T22:12:57.396-0500	DEBUG	protocol/handler.go:391	worker started	{"{id 11 15  <nil>}": {"Key":"priority","Type":4,"Integer":0,"String":"","Interface":null}}
2025-08-15T22:12:57.396-0500	DEBUG	protocol/handler.go:391	worker started	{"{id 11 17  <nil>}": {"Key":"priority","Type":4,"Integer":0,"String":"","Interface":null}}
2025-08-15T22:12:57.396-0500	DEBUG	protocol/handler.go:391	worker started	{"{id 11 16  <nil>}": {"Key":"priority","Type":4,"Integer":0,"String":"","Interface":null}}
2025-08-15T22:12:57.396-0500	DEBUG	protocol/handler.go:391	worker started	{"{id 11 18  <nil>}": {"Key":"priority","Type":4,"Integer":0,"String":"","Interface":null}}
2025-08-15T22:12:57.396-0500	DEBUG	protocol/handler.go:391	worker started	{"{id 11 19  <nil>}": {"Key":"priority","Type":4,"Integer":0,"String":"","Interface":null}}
2025-08-15T22:12:57.396-0500	DEBUG	protocol/handler.go:391	worker started	{"{id 11 0  <nil>}": {"Key":"priority","Type":4,"Integer":1,"String":"","Interface":null}}
2025-08-15T22:12:57.396-0500	DEBUG	protocol/handler.go:391	worker started	{"{id 11 2  <nil>}": {"Key":"priority","Type":4,"Integer":1,"String":"","Interface":null}}
2025-08-15T22:12:57.397-0500	DEBUG	protocol/handler.go:391	worker started	{"{id 11 1  <nil>}": {"Key":"priority","Type":4,"Integer":1,"String":"","Interface":null}}
2025-08-15T22:12:57.397-0500	DEBUG	protocol/handler.go:930	initializing round
2025-08-15T22:12:57.397-0500	DEBUG	protocol/handler.go:1503	processing queued messages
2025-08-15T22:12:57.397-0500	INFO	protocol/handler.go:240	starting protocol handler	{"{protocol 15 0 frost/keygen-threshold <nil>}": {"Key":"workers","Type":11,"Integer":20,"String":"","Interface":null}, "{parties 11 5  <nil>}": {"Key":"threshold","Type":11,"Integer":3,"String":"","Interface":null}}
2025-08-15T22:12:57.397-0500	DEBUG	protocol/handler.go:348	starting worker pools	{"{workers 11 20  <nil>}": {"Key":"priority","Type":11,"Integer":4,"String":"","Interface":null}}
2025-08-15T22:12:57.397-0500	DEBUG	protocol/handler.go:391	worker started	{"{id 11 0  <nil>}": {"Key":"priority","Type":4,"Integer":0,"String":"","Interface":null}}
2025-08-15T22:12:57.397-0500	DEBUG	protocol/handler.go:391	worker started	{"{id 11 1  <nil>}": {"Key":"priority","Type":4,"Integer":0,"String":"","Interface":null}}
2025-08-15T22:12:57.397-0500	DEBUG	protocol/handler.go:391	worker started	{"{id 11 2  <nil>}": {"Key":"priority","Type":4,"Integer":0,"String":"","Interface":null}}
2025-08-15T22:12:57.397-0500	DEBUG	protocol/handler.go:391	worker started	{"{id 11 3  <nil>}": {"Key":"priority","Type":4,"Integer":0,"String":"","Interface":null}}
2025-08-15T22:12:57.397-0500	DEBUG	protocol/handler.go:391	worker started	{"{id 11 4  <nil>}": {"Key":"priority","Type":4,"Integer":0,"String":"","Interface":null}}
2025-08-15T22:12:57.397-0500	DEBUG	protocol/handler.go:391	worker started	{"{id 11 6  <nil>}": {"Key":"priority","Type":4,"Integer":0,"String":"","Interface":null}}
2025-08-15T22:12:57.397-0500	DEBUG	protocol/handler.go:391	worker started	{"{id 11 7  <nil>}": {"Key":"priority","Type":4,"Integer":0,"String":"","Interface":null}}
2025-08-15T22:12:57.397-0500	DEBUG	protocol/handler.go:391	worker started	{"{id 11 8  <nil>}": {"Key":"priority","Type":4,"Integer":0,"String":"","Interface":null}}
2025-08-15T22:12:57.398-0500	DEBUG	protocol/handler.go:391	worker started	{"{id 11 5  <nil>}": {"Key":"priority","Type":4,"Integer":0,"String":"","Interface":null}}
2025-08-15T22:12:57.398-0500	DEBUG	protocol/handler.go:391	worker started	{"{id 11 10  <nil>}": {"Key":"priority","Type":4,"Integer":0,"String":"","Interface":null}}
2025-08-15T22:12:57.398-0500	DEBUG	protocol/handler.go:391	worker started	{"{id 11 11  <nil>}": {"Key":"priority","Type":4,"Integer":0,"String":"","Interface":null}}
2025-08-15T22:12:57.398-0500	DEBUG	protocol/handler.go:391	worker started	{"{id 11 12  <nil>}": {"Key":"priority","Type":4,"Integer":0,"String":"","Interface":null}}
2025-08-15T22:12:57.398-0500	DEBUG	protocol/handler.go:391	worker started	{"{id 11 9  <nil>}": {"Key":"priority","Type":4,"Integer":0,"String":"","Interface":null}}
2025-08-15T22:12:57.398-0500	DEBUG	protocol/handler.go:391	worker started	{"{id 11 13  <nil>}": {"Key":"priority","Type":4,"Integer":0,"String":"","Interface":null}}
2025-08-15T22:12:57.398-0500	DEBUG	protocol/handler.go:391	worker started	{"{id 11 14  <nil>}": {"Key":"priority","Type":4,"Integer":0,"String":"","Interface":null}}
2025-08-15T22:12:57.398-0500	DEBUG	protocol/handler.go:391	worker started	{"{id 11 16  <nil>}": {"Key":"priority","Type":4,"Integer":0,"String":"","Interface":null}}
2025-08-15T22:12:57.398-0500	DEBUG	protocol/handler.go:391	worker started	{"{id 11 15  <nil>}": {"Key":"priority","Type":4,"Integer":0,"String":"","Interface":null}}
2025-08-15T22:12:57.398-0500	DEBUG	protocol/handler.go:391	worker started	{"{id 11 17  <nil>}": {"Key":"priority","Type":4,"Integer":0,"String":"","Interface":null}}
2025-08-15T22:12:57.398-0500	DEBUG	protocol/handler.go:391	worker started	{"{id 11 19  <nil>}": {"Key":"priority","Type":4,"Integer":0,"String":"","Interface":null}}
2025-08-15T22:12:57.398-0500	DEBUG	protocol/handler.go:391	worker started	{"{id 11 18  <nil>}": {"Key":"priority","Type":4,"Integer":0,"String":"","Interface":null}}
2025-08-15T22:12:57.398-0500	DEBUG	protocol/handler.go:391	worker started	{"{id 11 0  <nil>}": {"Key":"priority","Type":4,"Integer":1,"String":"","Interface":null}}
2025-08-15T22:12:57.398-0500	DEBUG	protocol/handler.go:391	worker started	{"{id 11 2  <nil>}": {"Key":"priority","Type":4,"Integer":1,"String":"","Interface":null}}
2025-08-15T22:12:57.398-0500	DEBUG	protocol/handler.go:391	worker started	{"{id 11 3  <nil>}": {"Key":"priority","Type":4,"Integer":1,"String":"","Interface":null}}
2025-08-15T22:12:57.398-0500	DEBUG	protocol/handler.go:391	worker started	{"{id 11 1  <nil>}": {"Key":"priority","Type":4,"Integer":1,"String":"","Interface":null}}
2025-08-15T22:12:57.398-0500	DEBUG	protocol/handler.go:930	initializing round
2025-08-15T22:12:57.398-0500	DEBUG	protocol/handler.go:1503	processing queued messages
2025-08-15T22:12:57.399-0500	INFO	protocol/handler.go:240	starting protocol handler	{"{protocol 15 0 frost/keygen-threshold <nil>}": {"Key":"workers","Type":11,"Integer":20,"String":"","Interface":null}, "{parties 11 5  <nil>}": {"Key":"threshold","Type":11,"Integer":3,"String":"","Interface":null}}
2025-08-15T22:12:57.399-0500	DEBUG	protocol/handler.go:348	starting worker pools	{"{workers 11 20  <nil>}": {"Key":"priority","Type":11,"Integer":4,"String":"","Interface":null}}
2025-08-15T22:12:57.399-0500	DEBUG	protocol/handler.go:391	worker started	{"{id 11 0  <nil>}": {"Key":"priority","Type":4,"Integer":0,"String":"","Interface":null}}
2025-08-15T22:12:57.399-0500	DEBUG	protocol/handler.go:391	worker started	{"{id 11 1  <nil>}": {"Key":"priority","Type":4,"Integer":0,"String":"","Interface":null}}
2025-08-15T22:12:57.399-0500	DEBUG	protocol/handler.go:391	worker started	{"{id 11 2  <nil>}": {"Key":"priority","Type":4,"Integer":0,"String":"","Interface":null}}
2025-08-15T22:12:57.399-0500	DEBUG	protocol/handler.go:391	worker started	{"{id 11 3  <nil>}": {"Key":"priority","Type":4,"Integer":0,"String":"","Interface":null}}
2025-08-15T22:12:57.399-0500	DEBUG	protocol/handler.go:391	worker started	{"{id 11 5  <nil>}": {"Key":"priority","Type":4,"Integer":0,"String":"","Interface":null}}
2025-08-15T22:12:57.399-0500	DEBUG	protocol/handler.go:391	worker started	{"{id 11 6  <nil>}": {"Key":"priority","Type":4,"Integer":0,"String":"","Interface":null}}
2025-08-15T22:12:57.399-0500	DEBUG	protocol/handler.go:391	worker started	{"{id 11 7  <nil>}": {"Key":"priority","Type":4,"Integer":0,"String":"","Interface":null}}
2025-08-15T22:12:57.399-0500	DEBUG	protocol/handler.go:391	worker started	{"{id 11 4  <nil>}": {"Key":"priority","Type":4,"Integer":0,"String":"","Interface":null}}
2025-08-15T22:12:57.399-0500	DEBUG	protocol/handler.go:391	worker started	{"{id 11 9  <nil>}": {"Key":"priority","Type":4,"Integer":0,"String":"","Interface":null}}
2025-08-15T22:12:57.399-0500	DEBUG	protocol/handler.go:391	worker started	{"{id 11 8  <nil>}": {"Key":"priority","Type":4,"Integer":0,"String":"","Interface":null}}
2025-08-15T22:12:57.399-0500	DEBUG	protocol/handler.go:391	worker started	{"{id 11 10  <nil>}": {"Key":"priority","Type":4,"Integer":0,"String":"","Interface":null}}
2025-08-15T22:12:57.399-0500	DEBUG	protocol/handler.go:391	worker started	{"{id 11 12  <nil>}": {"Key":"priority","Type":4,"Integer":0,"String":"","Interface":null}}
2025-08-15T22:12:57.399-0500	DEBUG	protocol/handler.go:391	worker started	{"{id 11 13  <nil>}": {"Key":"priority","Type":4,"Integer":0,"String":"","Interface":null}}
2025-08-15T22:12:57.400-0500	DEBUG	protocol/handler.go:391	worker started	{"{id 11 2  <nil>}": {"Key":"priority","Type":4,"Integer":1,"String":"","Interface":null}}
2025-08-15T22:12:57.401-0500	DEBUG	protocol/handler.go:391	worker started	{"{id 11 19  <nil>}": {"Key":"priority","Type":4,"Integer":0,"String":"","Interface":null}}
2025-08-15T22:12:57.401-0500	DEBUG	protocol/handler.go:391	worker started	{"{id 11 17  <nil>}": {"Key":"priority","Type":4,"Integer":0,"String":"","Interface":null}}
2025-08-15T22:12:57.401-0500	DEBUG	protocol/handler.go:391	worker started	{"{id 11 11  <nil>}": {"Key":"priority","Type":4,"Integer":0,"String":"","Interface":null}}
2025-08-15T22:12:57.401-0500	DEBUG	protocol/handler.go:391	worker started	{"{id 11 14  <nil>}": {"Key":"priority","Type":4,"Integer":0,"String":"","Interface":null}}
2025-08-15T22:12:57.400-0500	DEBUG	protocol/handler.go:930	initializing round
2025-08-15T22:12:57.401-0500	DEBUG	protocol/handler.go:391	worker started	{"{id 11 16  <nil>}": {"Key":"priority","Type":4,"Integer":0,"String":"","Interface":null}}
2025-08-15T22:12:57.401-0500	DEBUG	protocol/handler.go:1503	processing queued messages
2025-08-15T22:12:57.402-0500	DEBUG	protocol/handler.go:391	worker started	{"{id 11 0  <nil>}": {"Key":"priority","Type":4,"Integer":1,"String":"","Interface":null}}
2025-08-15T22:12:57.402-0500	DEBUG	protocol/handler.go:391	worker started	{"{id 11 3  <nil>}": {"Key":"priority","Type":4,"Integer":1,"String":"","Interface":null}}
2025-08-15T22:12:57.402-0500	DEBUG	protocol/handler.go:391	worker started	{"{id 11 15  <nil>}": {"Key":"priority","Type":4,"Integer":0,"String":"","Interface":null}}
2025-08-15T22:12:57.402-0500	DEBUG	protocol/handler.go:391	worker started	{"{id 11 1  <nil>}": {"Key":"priority","Type":4,"Integer":1,"String":"","Interface":null}}
2025-08-15T22:12:57.402-0500	DEBUG	protocol/handler.go:391	worker started	{"{id 11 18  <nil>}": {"Key":"priority","Type":4,"Integer":0,"String":"","Interface":null}}
2025-08-15T22:12:57.402-0500	INFO	protocol/handler.go:240	starting protocol handler	{"{protocol 15 0 frost/keygen-threshold <nil>}": {"Key":"workers","Type":11,"Integer":20,"String":"","Interface":null}, "{parties 11 5  <nil>}": {"Key":"threshold","Type":11,"Integer":3,"String":"","Interface":null}}
2025-08-15T22:12:57.402-0500	DEBUG	protocol/handler.go:348	starting worker pools	{"{workers 11 20  <nil>}": {"Key":"priority","Type":11,"Integer":4,"String":"","Interface":null}}
2025-08-15T22:12:57.402-0500	DEBUG	protocol/handler.go:391	worker started	{"{id 11 0  <nil>}": {"Key":"priority","Type":4,"Integer":0,"String":"","Interface":null}}
2025-08-15T22:12:57.402-0500	DEBUG	protocol/handler.go:391	worker started	{"{id 11 1  <nil>}": {"Key":"priority","Type":4,"Integer":0,"String":"","Interface":null}}
2025-08-15T22:12:57.403-0500	DEBUG	protocol/handler.go:391	worker started	{"{id 11 15  <nil>}": {"Key":"priority","Type":4,"Integer":0,"String":"","Interface":null}}
2025-08-15T22:12:57.403-0500	DEBUG	protocol/handler.go:391	worker started	{"{id 11 0  <nil>}": {"Key":"priority","Type":4,"Integer":1,"String":"","Interface":null}}
2025-08-15T22:12:57.403-0500	DEBUG	protocol/handler.go:391	worker started	{"{id 11 16  <nil>}": {"Key":"priority","Type":4,"Integer":0,"String":"","Interface":null}}
2025-08-15T22:12:57.403-0500	DEBUG	protocol/handler.go:391	worker started	{"{id 11 17  <nil>}": {"Key":"priority","Type":4,"Integer":0,"String":"","Interface":null}}
2025-08-15T22:12:57.403-0500	DEBUG	protocol/handler.go:391	worker started	{"{id 11 18  <nil>}": {"Key":"priority","Type":4,"Integer":0,"String":"","Interface":null}}
2025-08-15T22:12:57.403-0500	DEBUG	protocol/handler.go:391	worker started	{"{id 11 19  <nil>}": {"Key":"priority","Type":4,"Integer":0,"String":"","Interface":null}}
2025-08-15T22:12:57.403-0500	DEBUG	protocol/handler.go:391	worker started	{"{id 11 14  <nil>}": {"Key":"priority","Type":4,"Integer":0,"String":"","Interface":null}}
2025-08-15T22:12:57.403-0500	DEBUG	protocol/handler.go:391	worker started	{"{id 11 1  <nil>}": {"Key":"priority","Type":4,"Integer":1,"String":"","Interface":null}}
2025-08-15T22:12:57.403-0500	DEBUG	protocol/handler.go:930	initializing round
2025-08-15T22:12:57.403-0500	DEBUG	protocol/handler.go:1503	processing queued messages
2025-08-15T22:12:57.403-0500	DEBUG	protocol/handler.go:391	worker started	{"{id 11 3  <nil>}": {"Key":"priority","Type":4,"Integer":0,"String":"","Interface":null}}
2025-08-15T22:12:57.407-0500	DEBUG	protocol/handler.go:391	worker started	{"{id 11 2  <nil>}": {"Key":"priority","Type":4,"Integer":0,"String":"","Interface":null}}
2025-08-15T22:12:57.407-0500	INFO	protocol/handler.go:240	starting protocol handler	{"{protocol 15 0 frost/keygen-threshold <nil>}": {"Key":"workers","Type":11,"Integer":20,"String":"","Interface":null}, "{parties 11 5  <nil>}": {"Key":"threshold","Type":11,"Integer":3,"String":"","Interface":null}}
2025-08-15T22:12:57.407-0500	DEBUG	protocol/handler.go:348	starting worker pools	{"{workers 11 20  <nil>}": {"Key":"priority","Type":11,"Integer":4,"String":"","Interface":null}}
2025-08-15T22:12:57.408-0500	DEBUG	protocol/handler.go:391	worker started	{"{id 11 0  <nil>}": {"Key":"priority","Type":4,"Integer":0,"String":"","Interface":null}}
2025-08-15T22:12:57.408-0500	DEBUG	protocol/handler.go:391	worker started	{"{id 11 1  <nil>}": {"Key":"priority","Type":4,"Integer":0,"String":"","Interface":null}}
2025-08-15T22:12:57.408-0500	DEBUG	protocol/handler.go:391	worker started	{"{id 11 2  <nil>}": {"Key":"priority","Type":4,"Integer":0,"String":"","Interface":null}}
2025-08-15T22:12:57.408-0500	DEBUG	protocol/handler.go:391	worker started	{"{id 11 4  <nil>}": {"Key":"priority","Type":4,"Integer":0,"String":"","Interface":null}}
2025-08-15T22:12:57.408-0500	DEBUG	protocol/handler.go:391	worker started	{"{id 11 5  <nil>}": {"Key":"priority","Type":4,"Integer":0,"String":"","Interface":null}}
2025-08-15T22:12:57.408-0500	DEBUG	protocol/handler.go:391	worker started	{"{id 11 6  <nil>}": {"Key":"priority","Type":4,"Integer":0,"String":"","Interface":null}}
2025-08-15T22:12:57.408-0500	DEBUG	protocol/handler.go:391	worker started	{"{id 11 3  <nil>}": {"Key":"priority","Type":4,"Integer":0,"String":"","Interface":null}}
2025-08-15T22:12:57.408-0500	DEBUG	protocol/handler.go:391	worker started	{"{id 11 7  <nil>}": {"Key":"priority","Type":4,"Integer":0,"String":"","Interface":null}}
2025-08-15T22:12:57.408-0500	DEBUG	protocol/handler.go:391	worker started	{"{id 11 8  <nil>}": {"Key":"priority","Type":4,"Integer":0,"String":"","Interface":null}}
2025-08-15T22:12:57.408-0500	DEBUG	protocol/handler.go:391	worker started	{"{id 11 10  <nil>}": {"Key":"priority","Type":4,"Integer":0,"String":"","Interface":null}}
2025-08-15T22:12:57.408-0500	DEBUG	protocol/handler.go:391	worker started	{"{id 11 11  <nil>}": {"Key":"priority","Type":4,"Integer":0,"String":"","Interface":null}}
2025-08-15T22:12:57.408-0500	DEBUG	protocol/handler.go:391	worker started	{"{id 11 12  <nil>}": {"Key":"priority","Type":4,"Integer":0,"String":"","Interface":null}}
2025-08-15T22:12:57.408-0500	DEBUG	protocol/handler.go:391	worker started	{"{id 11 9  <nil>}": {"Key":"priority","Type":4,"Integer":0,"String":"","Interface":null}}
2025-08-15T22:12:57.408-0500	DEBUG	protocol/handler.go:391	worker started	{"{id 11 14  <nil>}": {"Key":"priority","Type":4,"Integer":0,"String":"","Interface":null}}
2025-08-15T22:12:57.408-0500	DEBUG	protocol/handler.go:391	worker started	{"{id 11 15  <nil>}": {"Key":"priority","Type":4,"Integer":0,"String":"","Interface":null}}
2025-08-15T22:12:57.408-0500	DEBUG	protocol/handler.go:391	worker started	{"{id 11 16  <nil>}": {"Key":"priority","Type":4,"Integer":0,"String":"","Interface":null}}
2025-08-15T22:12:57.408-0500	DEBUG	protocol/handler.go:391	worker started	{"{id 11 17  <nil>}": {"Key":"priority","Type":4,"Integer":0,"String":"","Interface":null}}
2025-08-15T22:12:57.408-0500	DEBUG	protocol/handler.go:391	worker started	{"{id 11 13  <nil>}": {"Key":"priority","Type":4,"Integer":0,"String":"","Interface":null}}
2025-08-15T22:12:57.408-0500	DEBUG	protocol/handler.go:391	worker started	{"{id 11 19  <nil>}": {"Key":"priority","Type":4,"Integer":0,"String":"","Interface":null}}
2025-08-15T22:12:57.408-0500	DEBUG	protocol/handler.go:391	worker started	{"{id 11 0  <nil>}": {"Key":"priority","Type":4,"Integer":1,"String":"","Interface":null}}
2025-08-15T22:12:57.408-0500	DEBUG	protocol/handler.go:391	worker started	{"{id 11 18  <nil>}": {"Key":"priority","Type":4,"Integer":0,"String":"","Interface":null}}
2025-08-15T22:12:57.408-0500	DEBUG	protocol/handler.go:391	worker started	{"{id 11 1  <nil>}": {"Key":"priority","Type":4,"Integer":1,"String":"","Interface":null}}
2025-08-15T22:12:57.409-0500	DEBUG	protocol/handler.go:391	worker started	{"{id 11 3  <nil>}": {"Key":"priority","Type":4,"Integer":1,"String":"","Interface":null}}
2025-08-15T22:12:57.409-0500	DEBUG	protocol/handler.go:391	worker started	{"{id 11 2  <nil>}": {"Key":"priority","Type":4,"Integer":1,"String":"","Interface":null}}
2025-08-15T22:12:57.409-0500	DEBUG	protocol/handler.go:930	initializing round
2025-08-15T22:12:57.409-0500	DEBUG	protocol/handler.go:1503	processing queued messages
2025-08-15T22:12:57.409-0500	DEBUG	protocol/handler.go:391	worker started	{"{id 11 3  <nil>}": {"Key":"priority","Type":4,"Integer":1,"String":"","Interface":null}}
2025-08-15T22:12:57.409-0500	DEBUG	protocol/handler.go:391	worker started	{"{id 11 2  <nil>}": {"Key":"priority","Type":4,"Integer":1,"String":"","Interface":null}}
2025-08-15T22:12:57.409-0500	DEBUG	protocol/handler.go:391	worker started	{"{id 11 4  <nil>}": {"Key":"priority","Type":4,"Integer":0,"String":"","Interface":null}}
2025-08-15T22:12:57.409-0500	DEBUG	protocol/handler.go:391	worker started	{"{id 11 10  <nil>}": {"Key":"priority","Type":4,"Integer":0,"String":"","Interface":null}}
2025-08-15T22:12:57.409-0500	DEBUG	protocol/handler.go:391	worker started	{"{id 11 7  <nil>}": {"Key":"priority","Type":4,"Integer":0,"String":"","Interface":null}}
2025-08-15T22:12:57.409-0500	DEBUG	protocol/handler.go:391	worker started	{"{id 11 6  <nil>}": {"Key":"priority","Type":4,"Integer":0,"String":"","Interface":null}}
2025-08-15T22:12:57.409-0500	DEBUG	protocol/handler.go:391	worker started	{"{id 11 12  <nil>}": {"Key":"priority","Type":4,"Integer":0,"String":"","Interface":null}}
2025-08-15T22:12:57.409-0500	DEBUG	protocol/handler.go:391	worker started	{"{id 11 11  <nil>}": {"Key":"priority","Type":4,"Integer":0,"String":"","Interface":null}}
2025-08-15T22:12:57.409-0500	DEBUG	protocol/handler.go:391	worker started	{"{id 11 9  <nil>}": {"Key":"priority","Type":4,"Integer":0,"String":"","Interface":null}}
2025-08-15T22:12:57.409-0500	DEBUG	protocol/handler.go:391	worker started	{"{id 11 13  <nil>}": {"Key":"priority","Type":4,"Integer":0,"String":"","Interface":null}}
2025-08-15T22:12:57.409-0500	DEBUG	protocol/handler.go:391	worker started	{"{id 11 5  <nil>}": {"Key":"priority","Type":4,"Integer":0,"String":"","Interface":null}}
2025-08-15T22:12:57.409-0500	INFO	protocol/handler.go:560	advanced to round
2025-08-15T22:12:57.409-0500	DEBUG	protocol/handler.go:581	tryAdvanceRound called	{"{current_round 20 1  <nil>}": {"Key":"self","Type":15,"Integer":0,"String":"a","Interface":null}}
2025-08-15T22:12:57.409-0500	DEBUG	protocol/handler.go:1649	have all messages and processed	{"{round 20 1  <nil>}": {"Key":"self","Type":15,"Integer":0,"String":"a","Interface":null}}
2025-08-15T22:12:57.409-0500	DEBUG	protocol/handler.go:619	finalizing round
2025-08-15T22:12:57.410-0500	DEBUG	protocol/handler.go:391	worker started	{"{id 11 8  <nil>}": {"Key":"priority","Type":4,"Integer":0,"String":"","Interface":null}}
2025-08-15T22:12:57.410-0500	INFO	protocol/handler.go:560	advanced to round
2025-08-15T22:12:57.410-0500	DEBUG	protocol/handler.go:581	tryAdvanceRound called	{"{current_round 20 1  <nil>}": {"Key":"self","Type":15,"Integer":0,"String":"b","Interface":null}}
2025-08-15T22:12:57.410-0500	DEBUG	protocol/handler.go:1649	have all messages and processed	{"{round 20 1  <nil>}": {"Key":"self","Type":15,"Integer":0,"String":"b","Interface":null}}
2025-08-15T22:12:57.410-0500	DEBUG	protocol/handler.go:619	finalizing round
2025-08-15T22:12:57.412-0500	INFO	protocol/handler.go:560	advanced to round
2025-08-15T22:12:57.413-0500	DEBUG	protocol/handler.go:581	tryAdvanceRound called	{"{current_round 20 1  <nil>}": {"Key":"self","Type":15,"Integer":0,"String":"c","Interface":null}}
2025-08-15T22:12:57.413-0500	DEBUG	protocol/handler.go:1649	have all messages and processed	{"{round 20 1  <nil>}": {"Key":"self","Type":15,"Integer":0,"String":"c","Interface":null}}
2025-08-15T22:12:57.413-0500	DEBUG	protocol/handler.go:619	finalizing round
2025-08-15T22:12:57.415-0500	DEBUG	protocol/handler.go:1039	sendRoundMessage	{"{from 15 0 a <nil>}": {"Key":"to","Type":15,"Integer":0,"String":"","Interface":null}, "{round 20 2  <nil>}": {"Key":"broadcast","Type":4,"Integer":1,"String":"","Interface":null}}
2025-08-15T22:12:57.416-0500	DEBUG	protocol/handler.go:1657	storing broadcast	{"{round 20 2  <nil>}": {"Key":"from","Type":15,"Integer":0,"String":"a","Interface":null}}
2025-08-15T22:12:57.416-0500	DEBUG	protocol/handler.go:1081	sent message to output channel	{"{from 15 0 a <nil>}": {"Key":"to","Type":15,"Integer":0,"String":"","Interface":null}, "{round 20 2  <nil>}": {"Key":"broadcast","Type":4,"Integer":1,"String":"","Interface":null}}
2025-08-15T22:12:57.416-0500	DEBUG	protocol/handler.go:1182	finalized round messages	{"{round 20 1  <nil>}": {"Key":"messages","Type":11,"Integer":1,"String":"","Interface":null}}
2025-08-15T22:12:57.416-0500	DEBUG	protocol/handler.go:1239	finalize returned next round	{"{current 20 1  <nil>}": {"Key":"next","Type":20,"Integer":2,"String":"","Interface":null}}
2025-08-15T22:12:57.416-0500	INFO	protocol/handler.go:642	storing new currentRound	{"{from 20 1  <nil>}": {"Key":"to","Type":20,"Integer":2,"String":"","Interface":null}}
2025-08-15T22:12:57.416-0500	DEBUG	protocol/handler.go:1503	processing queued messages
2025-08-15T22:12:57.416-0500	DEBUG	protocol/handler.go:437	processing message	{"{from 15 0 a <nil>}": {"Key":"to","Type":15,"Integer":0,"String":"","Interface":null}, "{round 20 2  <nil>}": {"Key":"broadcast","Type":4,"Integer":1,"String":"","Interface":null}}
2025-08-15T22:12:57.416-0500	DEBUG	protocol/handler.go:1657	storing broadcast	{"{round 20 2  <nil>}": {"Key":"from","Type":15,"Integer":0,"String":"a","Interface":null}}
2025-08-15T22:12:57.416-0500	DEBUG	protocol/handler.go:470	message for different round (buffering)	{"{msg_round 20 2  <nil>}": {"Key":"current_round","Type":20,"Integer":1,"String":"","Interface":null}}
2025-08-15T22:12:57.416-0500	DEBUG	protocol/handler.go:581	tryAdvanceRound called	{"{current_round 20 1  <nil>}": {"Key":"self","Type":15,"Integer":0,"String":"e","Interface":null}}
2025-08-15T22:12:57.416-0500	DEBUG	protocol/handler.go:1649	have all messages and processed	{"{round 20 1  <nil>}": {"Key":"self","Type":15,"Integer":0,"String":"e","Interface":null}}
2025-08-15T22:12:57.416-0500	DEBUG	protocol/handler.go:619	finalizing round
2025-08-15T22:12:57.416-0500	DEBUG	protocol/handler.go:1503	processing queued messages
2025-08-15T22:12:57.417-0500	DEBUG	protocol/handler.go:437	processing message	{"{from 15 0 a <nil>}": {"Key":"to","Type":15,"Integer":0,"String":"","Interface":null}, "{round 20 2  <nil>}": {"Key":"broadcast","Type":4,"Integer":1,"String":"","Interface":null}}
2025-08-15T22:12:57.417-0500	DEBUG	protocol/handler.go:1657	storing broadcast	{"{round 20 2  <nil>}": {"Key":"from","Type":15,"Integer":0,"String":"a","Interface":null}}
2025-08-15T22:12:57.417-0500	DEBUG	protocol/handler.go:470	message for different round (buffering)	{"{msg_round 20 2  <nil>}": {"Key":"current_round","Type":20,"Integer":1,"String":"","Interface":null}}
2025-08-15T22:12:57.417-0500	DEBUG	protocol/handler.go:581	tryAdvanceRound called	{"{current_round 20 1  <nil>}": {"Key":"self","Type":15,"Integer":0,"String":"b","Interface":null}}
2025-08-15T22:12:57.417-0500	INFO	protocol/handler.go:560	advanced to round
2025-08-15T22:12:57.417-0500	DEBUG	protocol/handler.go:581	tryAdvanceRound called	{"{current_round 20 2  <nil>}": {"Key":"self","Type":15,"Integer":0,"String":"a","Interface":null}}
2025-08-15T22:12:57.417-0500	DEBUG	protocol/handler.go:1600	waiting for broadcasts	{"{round 20 2  <nil>}": {"Key":"missing","Type":15,"Integer":0,"String":"[b c d e]","Interface":null}}
2025-08-15T22:12:57.417-0500	DEBUG	protocol/handler.go:954	round already being initialized/finalized, skipping
2025-08-15T22:12:57.417-0500	DEBUG	protocol/handler.go:437	processing message	{"{from 15 0 a <nil>}": {"Key":"to","Type":15,"Integer":0,"String":"","Interface":null}, "{round 20 2  <nil>}": {"Key":"broadcast","Type":4,"Integer":1,"String":"","Interface":null}}
2025-08-15T22:12:57.418-0500	DEBUG	protocol/handler.go:1039	sendRoundMessage	{"{from 15 0 b <nil>}": {"Key":"to","Type":15,"Integer":0,"String":"","Interface":null}, "{round 20 2  <nil>}": {"Key":"broadcast","Type":4,"Integer":1,"String":"","Interface":null}}
2025-08-15T22:12:57.418-0500	DEBUG	protocol/handler.go:1657	storing broadcast	{"{round 20 2  <nil>}": {"Key":"from","Type":15,"Integer":0,"String":"a","Interface":null}}
2025-08-15T22:12:57.417-0500	DEBUG	protocol/handler.go:437	processing message	{"{from 15 0 a <nil>}": {"Key":"to","Type":15,"Integer":0,"String":"","Interface":null}, "{round 20 2  <nil>}": {"Key":"broadcast","Type":4,"Integer":1,"String":"","Interface":null}}
2025-08-15T22:12:57.417-0500	DEBUG	protocol/handler.go:1649	have all messages and processed	{"{round 20 1  <nil>}": {"Key":"self","Type":15,"Integer":0,"String":"b","Interface":null}}
2025-08-15T22:12:57.418-0500	DEBUG	protocol/handler.go:470	message for different round (buffering)	{"{msg_round 20 2  <nil>}": {"Key":"current_round","Type":20,"Integer":1,"String":"","Interface":null}}
2025-08-15T22:12:57.418-0500	DEBUG	protocol/handler.go:596	round already finalized
2025-08-15T22:12:57.418-0500	DEBUG	protocol/handler.go:1657	storing broadcast	{"{round 20 2  <nil>}": {"Key":"from","Type":15,"Integer":0,"String":"a","Interface":null}}
2025-08-15T22:12:57.418-0500	DEBUG	protocol/handler.go:581	tryAdvanceRound called	{"{current_round 20 1  <nil>}": {"Key":"self","Type":15,"Integer":0,"String":"d","Interface":null}}
2025-08-15T22:12:57.418-0500	DEBUG	protocol/handler.go:470	message for different round (buffering)	{"{msg_round 20 2  <nil>}": {"Key":"current_round","Type":20,"Integer":1,"String":"","Interface":null}}
2025-08-15T22:12:57.418-0500	DEBUG	protocol/handler.go:1649	have all messages and processed	{"{round 20 1  <nil>}": {"Key":"self","Type":15,"Integer":0,"String":"d","Interface":null}}
2025-08-15T22:12:57.418-0500	DEBUG	protocol/handler.go:619	finalizing round
2025-08-15T22:12:57.418-0500	DEBUG	protocol/handler.go:954	round already being initialized/finalized, skipping
2025-08-15T22:12:57.418-0500	DEBUG	protocol/handler.go:581	tryAdvanceRound called	{"{current_round 20 1  <nil>}": {"Key":"self","Type":15,"Integer":0,"String":"c","Interface":null}}
2025-08-15T22:12:57.419-0500	DEBUG	protocol/handler.go:1657	storing broadcast	{"{round 20 2  <nil>}": {"Key":"from","Type":15,"Integer":0,"String":"b","Interface":null}}
2025-08-15T22:12:57.419-0500	DEBUG	protocol/handler.go:1081	sent message to output channel	{"{from 15 0 b <nil>}": {"Key":"to","Type":15,"Integer":0,"String":"","Interface":null}, "{round 20 2  <nil>}": {"Key":"broadcast","Type":4,"Integer":1,"String":"","Interface":null}}
2025-08-15T22:12:57.419-0500	DEBUG	protocol/handler.go:1182	finalized round messages	{"{round 20 1  <nil>}": {"Key":"messages","Type":11,"Integer":1,"String":"","Interface":null}}
2025-08-15T22:12:57.419-0500	DEBUG	protocol/handler.go:1239	finalize returned next round	{"{current 20 1  <nil>}": {"Key":"next","Type":20,"Integer":2,"String":"","Interface":null}}
2025-08-15T22:12:57.419-0500	INFO	protocol/handler.go:642	storing new currentRound	{"{from 20 1  <nil>}": {"Key":"to","Type":20,"Integer":2,"String":"","Interface":null}}
2025-08-15T22:12:57.419-0500	DEBUG	protocol/handler.go:1503	processing queued messages
2025-08-15T22:12:57.419-0500	INFO	protocol/handler.go:560	advanced to round
2025-08-15T22:12:57.419-0500	DEBUG	protocol/handler.go:581	tryAdvanceRound called	{"{current_round 20 2  <nil>}": {"Key":"self","Type":15,"Integer":0,"String":"b","Interface":null}}
2025-08-15T22:12:57.419-0500	DEBUG	protocol/handler.go:437	processing message	{"{from 15 0 b <nil>}": {"Key":"to","Type":15,"Integer":0,"String":"","Interface":null}, "{round 20 2  <nil>}": {"Key":"broadcast","Type":4,"Integer":1,"String":"","Interface":null}}
2025-08-15T22:12:57.419-0500	DEBUG	protocol/handler.go:1657	storing broadcast	{"{round 20 2  <nil>}": {"Key":"from","Type":15,"Integer":0,"String":"b","Interface":null}}
2025-08-15T22:12:57.419-0500	DEBUG	protocol/handler.go:437	processing message	{"{from 15 0 b <nil>}": {"Key":"to","Type":15,"Integer":0,"String":"","Interface":null}, "{round 20 2  <nil>}": {"Key":"broadcast","Type":4,"Integer":1,"String":"","Interface":null}}
2025-08-15T22:12:57.419-0500	DEBUG	protocol/handler.go:1657	storing broadcast	{"{round 20 2  <nil>}": {"Key":"from","Type":15,"Integer":0,"String":"b","Interface":null}}
2025-08-15T22:12:57.420-0500	DEBUG	protocol/handler.go:470	message for different round (buffering)	{"{msg_round 20 2  <nil>}": {"Key":"current_round","Type":20,"Integer":1,"String":"","Interface":null}}
2025-08-15T22:12:57.420-0500	DEBUG	protocol/handler.go:581	tryAdvanceRound called	{"{current_round 20 1  <nil>}": {"Key":"self","Type":15,"Integer":0,"String":"e","Interface":null}}
2025-08-15T22:12:57.420-0500	DEBUG	protocol/handler.go:1649	have all messages and processed	{"{round 20 1  <nil>}": {"Key":"self","Type":15,"Integer":0,"String":"e","Interface":null}}
2025-08-15T22:12:57.420-0500	DEBUG	protocol/handler.go:596	round already finalized
2025-08-15T22:12:57.420-0500	DEBUG	protocol/handler.go:437	processing message	{"{from 15 0 b <nil>}": {"Key":"to","Type":15,"Integer":0,"String":"","Interface":null}, "{round 20 2  <nil>}": {"Key":"broadcast","Type":4,"Integer":1,"String":"","Interface":null}}
2025-08-15T22:12:57.420-0500	DEBUG	protocol/handler.go:1657	storing broadcast	{"{round 20 2  <nil>}": {"Key":"from","Type":15,"Integer":0,"String":"b","Interface":null}}
2025-08-15T22:12:57.420-0500	DEBUG	protocol/handler.go:470	message for different round (buffering)	{"{msg_round 20 2  <nil>}": {"Key":"current_round","Type":20,"Integer":1,"String":"","Interface":null}}
2025-08-15T22:12:57.421-0500	DEBUG	protocol/handler.go:581	tryAdvanceRound called	{"{current_round 20 1  <nil>}": {"Key":"self","Type":15,"Integer":0,"String":"c","Interface":null}}
2025-08-15T22:12:57.421-0500	INFO	protocol/handler.go:560	advanced to round
2025-08-15T22:12:57.421-0500	DEBUG	protocol/handler.go:581	tryAdvanceRound called	{"{current_round 20 1  <nil>}": {"Key":"self","Type":15,"Integer":0,"String":"e","Interface":null}}
2025-08-15T22:12:57.421-0500	DEBUG	protocol/handler.go:1649	have all messages and processed	{"{round 20 1  <nil>}": {"Key":"self","Type":15,"Integer":0,"String":"e","Interface":null}}
2025-08-15T22:12:57.421-0500	DEBUG	protocol/handler.go:596	round already finalized
2025-08-15T22:12:57.421-0500	DEBUG	protocol/handler.go:1649	have all messages and processed	{"{round 20 1  <nil>}": {"Key":"self","Type":15,"Integer":0,"String":"c","Interface":null}}
2025-08-15T22:12:57.421-0500	DEBUG	protocol/handler.go:596	round already finalized
2025-08-15T22:12:57.419-0500	DEBUG	protocol/handler.go:437	processing message	{"{from 15 0 b <nil>}": {"Key":"to","Type":15,"Integer":0,"String":"","Interface":null}, "{round 20 2  <nil>}": {"Key":"broadcast","Type":4,"Integer":1,"String":"","Interface":null}}
2025-08-15T22:12:57.421-0500	DEBUG	protocol/handler.go:1657	storing broadcast	{"{round 20 2  <nil>}": {"Key":"from","Type":15,"Integer":0,"String":"b","Interface":null}}
2025-08-15T22:12:57.421-0500	DEBUG	protocol/handler.go:470	message for different round (buffering)	{"{msg_round 20 2  <nil>}": {"Key":"current_round","Type":20,"Integer":1,"String":"","Interface":null}}
2025-08-15T22:12:57.421-0500	DEBUG	protocol/handler.go:581	tryAdvanceRound called	{"{current_round 20 1  <nil>}": {"Key":"self","Type":15,"Integer":0,"String":"d","Interface":null}}
2025-08-15T22:12:57.421-0500	DEBUG	protocol/handler.go:1649	have all messages and processed	{"{round 20 1  <nil>}": {"Key":"self","Type":15,"Integer":0,"String":"d","Interface":null}}
2025-08-15T22:12:57.421-0500	DEBUG	protocol/handler.go:596	round already finalized
2025-08-15T22:12:57.421-0500	INFO	protocol/handler.go:560	advanced to round
2025-08-15T22:12:57.421-0500	DEBUG	protocol/handler.go:581	tryAdvanceRound called	{"{current_round 20 1  <nil>}": {"Key":"self","Type":15,"Integer":0,"String":"d","Interface":null}}
2025-08-15T22:12:57.421-0500	DEBUG	protocol/handler.go:1649	have all messages and processed	{"{round 20 1  <nil>}": {"Key":"self","Type":15,"Integer":0,"String":"d","Interface":null}}
2025-08-15T22:12:57.421-0500	DEBUG	protocol/handler.go:596	round already finalized
2025-08-15T22:12:57.421-0500	DEBUG	protocol/handler.go:1503	processing queued messages
2025-08-15T22:12:57.419-0500	DEBUG	protocol/handler.go:1649	have all messages and processed	{"{round 20 1  <nil>}": {"Key":"self","Type":15,"Integer":0,"String":"c","Interface":null}}
2025-08-15T22:12:57.422-0500	DEBUG	protocol/handler.go:954	round already being initialized/finalized, skipping
2025-08-15T22:12:57.422-0500	DEBUG	protocol/handler.go:596	round already finalized
2025-08-15T22:12:57.422-0500	DEBUG	protocol/handler.go:1039	sendRoundMessage	{"{from 15 0 c <nil>}": {"Key":"to","Type":15,"Integer":0,"String":"","Interface":null}, "{round 20 2  <nil>}": {"Key":"broadcast","Type":4,"Integer":1,"String":"","Interface":null}}
2025-08-15T22:12:57.423-0500	DEBUG	protocol/handler.go:1657	storing broadcast	{"{round 20 2  <nil>}": {"Key":"from","Type":15,"Integer":0,"String":"c","Interface":null}}
2025-08-15T22:12:57.423-0500	DEBUG	protocol/handler.go:1081	sent message to output channel	{"{from 15 0 c <nil>}": {"Key":"to","Type":15,"Integer":0,"String":"","Interface":null}, "{round 20 2  <nil>}": {"Key":"broadcast","Type":4,"Integer":1,"String":"","Interface":null}}
2025-08-15T22:12:57.423-0500	DEBUG	protocol/handler.go:1182	finalized round messages	{"{round 20 1  <nil>}": {"Key":"messages","Type":11,"Integer":1,"String":"","Interface":null}}
2025-08-15T22:12:57.423-0500	DEBUG	protocol/handler.go:1239	finalize returned next round	{"{current 20 1  <nil>}": {"Key":"next","Type":20,"Integer":2,"String":"","Interface":null}}
2025-08-15T22:12:57.423-0500	INFO	protocol/handler.go:642	storing new currentRound	{"{from 20 1  <nil>}": {"Key":"to","Type":20,"Integer":2,"String":"","Interface":null}}
2025-08-15T22:12:57.423-0500	DEBUG	protocol/handler.go:1503	processing queued messages
2025-08-15T22:12:57.423-0500	INFO	protocol/handler.go:560	advanced to round
2025-08-15T22:12:57.423-0500	DEBUG	protocol/handler.go:581	tryAdvanceRound called	{"{current_round 20 2  <nil>}": {"Key":"self","Type":15,"Integer":0,"String":"c","Interface":null}}
2025-08-15T22:12:57.424-0500	DEBUG	protocol/handler.go:437	processing message	{"{from 15 0 c <nil>}": {"Key":"to","Type":15,"Integer":0,"String":"","Interface":null}, "{round 20 2  <nil>}": {"Key":"broadcast","Type":4,"Integer":1,"String":"","Interface":null}}
2025-08-15T22:12:57.424-0500	DEBUG	protocol/handler.go:1657	storing broadcast	{"{round 20 2  <nil>}": {"Key":"from","Type":15,"Integer":0,"String":"c","Interface":null}}
2025-08-15T22:12:57.424-0500	DEBUG	protocol/handler.go:437	processing message	{"{from 15 0 c <nil>}": {"Key":"to","Type":15,"Integer":0,"String":"","Interface":null}, "{round 20 2  <nil>}": {"Key":"broadcast","Type":4,"Integer":1,"String":"","Interface":null}}
2025-08-15T22:12:57.424-0500	DEBUG	protocol/handler.go:470	message for different round (buffering)	{"{msg_round 20 2  <nil>}": {"Key":"current_round","Type":20,"Integer":1,"String":"","Interface":null}}
2025-08-15T22:12:57.424-0500	DEBUG	protocol/handler.go:1657	storing broadcast	{"{round 20 2  <nil>}": {"Key":"from","Type":15,"Integer":0,"String":"c","Interface":null}}
2025-08-15T22:12:57.424-0500	DEBUG	protocol/handler.go:581	tryAdvanceRound called	{"{current_round 20 1  <nil>}": {"Key":"self","Type":15,"Integer":0,"String":"d","Interface":null}}
2025-08-15T22:12:57.425-0500	DEBUG	protocol/handler.go:1649	have all messages and processed	{"{round 20 1  <nil>}": {"Key":"self","Type":15,"Integer":0,"String":"d","Interface":null}}
2025-08-15T22:12:57.425-0500	DEBUG	protocol/handler.go:596	round already finalized
2025-08-15T22:12:57.425-0500	DEBUG	protocol/handler.go:437	processing message	{"{from 15 0 c <nil>}": {"Key":"to","Type":15,"Integer":0,"String":"","Interface":null}, "{round 20 2  <nil>}": {"Key":"broadcast","Type":4,"Integer":1,"String":"","Interface":null}}
2025-08-15T22:12:57.425-0500	DEBUG	protocol/handler.go:1657	storing broadcast	{"{round 20 2  <nil>}": {"Key":"from","Type":15,"Integer":0,"String":"c","Interface":null}}
2025-08-15T22:12:57.425-0500	DEBUG	protocol/handler.go:437	processing message	{"{from 15 0 c <nil>}": {"Key":"to","Type":15,"Integer":0,"String":"","Interface":null}, "{round 20 2  <nil>}": {"Key":"broadcast","Type":4,"Integer":1,"String":"","Interface":null}}
2025-08-15T22:12:57.425-0500	DEBUG	protocol/handler.go:1503	processing queued messages
2025-08-15T22:12:57.427-0500	DEBUG	protocol/handler.go:581	tryAdvanceRound called	{"{current_round 20 2  <nil>}": {"Key":"self","Type":15,"Integer":0,"String":"a","Interface":null}}
2025-08-15T22:12:57.429-0500	DEBUG	protocol/handler.go:1657	storing broadcast	{"{round 20 2  <nil>}": {"Key":"from","Type":15,"Integer":0,"String":"c","Interface":null}}
2025-08-15T22:12:57.430-0500	DEBUG	protocol/handler.go:470	message for different round (buffering)	{"{msg_round 20 2  <nil>}": {"Key":"current_round","Type":20,"Integer":1,"String":"","Interface":null}}
2025-08-15T22:12:57.430-0500	DEBUG	protocol/handler.go:581	tryAdvanceRound called	{"{current_round 20 1  <nil>}": {"Key":"self","Type":15,"Integer":0,"String":"e","Interface":null}}
2025-08-15T22:12:57.431-0500	DEBUG	protocol/handler.go:1649	have all messages and processed	{"{round 20 1  <nil>}": {"Key":"self","Type":15,"Integer":0,"String":"e","Interface":null}}
2025-08-15T22:12:57.431-0500	DEBUG	protocol/handler.go:596	round already finalized
2025-08-15T22:12:57.431-0500	DEBUG	protocol/handler.go:1039	sendRoundMessage	{"{from 15 0 d <nil>}": {"Key":"to","Type":15,"Integer":0,"String":"","Interface":null}, "{round 20 2  <nil>}": {"Key":"broadcast","Type":4,"Integer":1,"String":"","Interface":null}}
2025-08-15T22:12:57.425-0500	DEBUG	protocol/handler.go:954	round already being initialized/finalized, skipping
2025-08-15T22:12:57.431-0500	DEBUG	protocol/handler.go:581	tryAdvanceRound called	{"{current_round 20 1  <nil>}": {"Key":"self","Type":15,"Integer":0,"String":"e","Interface":null}}
2025-08-15T22:12:57.432-0500	DEBUG	protocol/handler.go:1649	have all messages and processed	{"{round 20 1  <nil>}": {"Key":"self","Type":15,"Integer":0,"String":"e","Interface":null}}
2025-08-15T22:12:57.432-0500	DEBUG	protocol/handler.go:596	round already finalized
2025-08-15T22:12:57.432-0500	DEBUG	protocol/handler.go:954	round already being initialized/finalized, skipping
2025-08-15T22:12:57.432-0500	DEBUG	protocol/handler.go:581	tryAdvanceRound called	{"{current_round 20 1  <nil>}": {"Key":"self","Type":15,"Integer":0,"String":"d","Interface":null}}
2025-08-15T22:12:57.432-0500	DEBUG	protocol/handler.go:1649	have all messages and processed	{"{round 20 1  <nil>}": {"Key":"self","Type":15,"Integer":0,"String":"d","Interface":null}}
2025-08-15T22:12:57.432-0500	DEBUG	protocol/handler.go:596	round already finalized
2025-08-15T22:12:57.433-0500	DEBUG	protocol/handler.go:581	tryAdvanceRound called	{"{current_round 20 2  <nil>}": {"Key":"self","Type":15,"Integer":0,"String":"b","Interface":null}}
2025-08-15T22:12:57.433-0500	DEBUG	protocol/handler.go:1591	have processed broadcast	{"{round 20 2  <nil>}": {"Key":"from","Type":15,"Integer":0,"String":"a","Interface":null}}
2025-08-15T22:12:57.433-0500	DEBUG	protocol/handler.go:581	tryAdvanceRound called	{"{current_round 20 2  <nil>}": {"Key":"self","Type":15,"Integer":0,"String":"a","Interface":null}}
2025-08-15T22:12:57.433-0500	DEBUG	protocol/handler.go:1591	have processed broadcast	{"{round 20 2  <nil>}": {"Key":"from","Type":15,"Integer":0,"String":"c","Interface":null}}
2025-08-15T22:12:57.434-0500	DEBUG	protocol/handler.go:581	tryAdvanceRound called	{"{current_round 20 2  <nil>}": {"Key":"self","Type":15,"Integer":0,"String":"a","Interface":null}}
2025-08-15T22:12:57.434-0500	DEBUG	protocol/handler.go:1600	waiting for broadcasts	{"{round 20 2  <nil>}": {"Key":"missing","Type":15,"Integer":0,"String":"[d e]","Interface":null}}
2025-08-15T22:12:57.434-0500	DEBUG	protocol/handler.go:1591	have processed broadcast	{"{round 20 2  <nil>}": {"Key":"from","Type":15,"Integer":0,"String":"b","Interface":null}}
2025-08-15T22:12:57.434-0500	DEBUG	protocol/handler.go:1591	have processed broadcast	{"{round 20 2  <nil>}": {"Key":"from","Type":15,"Integer":0,"String":"c","Interface":null}}
2025-08-15T22:12:57.434-0500	DEBUG	protocol/handler.go:1600	waiting for broadcasts	{"{round 20 2  <nil>}": {"Key":"missing","Type":15,"Integer":0,"String":"[d e]","Interface":null}}
2025-08-15T22:12:57.434-0500	DEBUG	protocol/handler.go:1657	storing broadcast	{"{round 20 2  <nil>}": {"Key":"from","Type":15,"Integer":0,"String":"d","Interface":null}}
2025-08-15T22:12:57.434-0500	DEBUG	protocol/handler.go:1081	sent message to output channel	{"{from 15 0 d <nil>}": {"Key":"to","Type":15,"Integer":0,"String":"","Interface":null}, "{round 20 2  <nil>}": {"Key":"broadcast","Type":4,"Integer":1,"String":"","Interface":null}}
2025-08-15T22:12:57.435-0500	DEBUG	protocol/handler.go:1182	finalized round messages	{"{round 20 1  <nil>}": {"Key":"messages","Type":11,"Integer":1,"String":"","Interface":null}}
2025-08-15T22:12:57.435-0500	DEBUG	protocol/handler.go:1239	finalize returned next round	{"{current 20 1  <nil>}": {"Key":"next","Type":20,"Integer":2,"String":"","Interface":null}}
2025-08-15T22:12:57.435-0500	INFO	protocol/handler.go:642	storing new currentRound	{"{from 20 1  <nil>}": {"Key":"to","Type":20,"Integer":2,"String":"","Interface":null}}
2025-08-15T22:12:57.435-0500	DEBUG	protocol/handler.go:437	processing message	{"{from 15 0 d <nil>}": {"Key":"to","Type":15,"Integer":0,"String":"","Interface":null}, "{round 20 2  <nil>}": {"Key":"broadcast","Type":4,"Integer":1,"String":"","Interface":null}}
2025-08-15T22:12:57.435-0500	DEBUG	protocol/handler.go:1657	storing broadcast	{"{round 20 2  <nil>}": {"Key":"from","Type":15,"Integer":0,"String":"d","Interface":null}}
2025-08-15T22:12:57.435-0500	DEBUG	protocol/handler.go:1503	processing queued messages
2025-08-15T22:12:57.435-0500	DEBUG	protocol/handler.go:1503	processing queued messages
2025-08-15T22:12:57.435-0500	DEBUG	protocol/handler.go:470	message for different round (buffering)	{"{msg_round 20 2  <nil>}": {"Key":"current_round","Type":20,"Integer":1,"String":"","Interface":null}}
2025-08-15T22:12:57.435-0500	DEBUG	protocol/handler.go:581	tryAdvanceRound called	{"{current_round 20 1  <nil>}": {"Key":"self","Type":15,"Integer":0,"String":"e","Interface":null}}
2025-08-15T22:12:57.435-0500	DEBUG	protocol/handler.go:437	processing message	{"{from 15 0 d <nil>}": {"Key":"to","Type":15,"Integer":0,"String":"","Interface":null}, "{round 20 2  <nil>}": {"Key":"broadcast","Type":4,"Integer":1,"String":"","Interface":null}}
2025-08-15T22:12:57.435-0500	DEBUG	protocol/handler.go:1657	storing broadcast	{"{round 20 2  <nil>}": {"Key":"from","Type":15,"Integer":0,"String":"d","Interface":null}}
2025-08-15T22:12:57.435-0500	DEBUG	protocol/handler.go:1649	have all messages and processed	{"{round 20 1  <nil>}": {"Key":"self","Type":15,"Integer":0,"String":"e","Interface":null}}
2025-08-15T22:12:57.435-0500	DEBUG	protocol/handler.go:596	round already finalized
2025-08-15T22:12:57.436-0500	DEBUG	protocol/handler.go:437	processing message	{"{from 15 0 d <nil>}": {"Key":"to","Type":15,"Integer":0,"String":"","Interface":null}, "{round 20 2  <nil>}": {"Key":"broadcast","Type":4,"Integer":1,"String":"","Interface":null}}
2025-08-15T22:12:57.436-0500	DEBUG	protocol/handler.go:1657	storing broadcast	{"{round 20 2  <nil>}": {"Key":"from","Type":15,"Integer":0,"String":"d","Interface":null}}
2025-08-15T22:12:57.436-0500	DEBUG	protocol/handler.go:1591	have processed broadcast	{"{round 20 2  <nil>}": {"Key":"from","Type":15,"Integer":0,"String":"b","Interface":null}}
2025-08-15T22:12:57.436-0500	DEBUG	protocol/handler.go:437	processing message	{"{from 15 0 d <nil>}": {"Key":"to","Type":15,"Integer":0,"String":"","Interface":null}, "{round 20 2  <nil>}": {"Key":"broadcast","Type":4,"Integer":1,"String":"","Interface":null}}
2025-08-15T22:12:57.436-0500	DEBUG	protocol/handler.go:1591	have processed broadcast	{"{round 20 2  <nil>}": {"Key":"from","Type":15,"Integer":0,"String":"c","Interface":null}}
2025-08-15T22:12:57.437-0500	DEBUG	protocol/handler.go:1600	waiting for broadcasts	{"{round 20 2  <nil>}": {"Key":"missing","Type":15,"Integer":0,"String":"[d e]","Interface":null}}
2025-08-15T22:12:57.437-0500	DEBUG	protocol/handler.go:1657	storing broadcast	{"{round 20 2  <nil>}": {"Key":"from","Type":15,"Integer":0,"String":"d","Interface":null}}
2025-08-15T22:12:57.440-0500	DEBUG	protocol/handler.go:1591	have processed broadcast	{"{round 20 2  <nil>}": {"Key":"from","Type":15,"Integer":0,"String":"b","Interface":null}}
2025-08-15T22:12:57.441-0500	DEBUG	protocol/handler.go:1591	have processed broadcast	{"{round 20 2  <nil>}": {"Key":"from","Type":15,"Integer":0,"String":"c","Interface":null}}
2025-08-15T22:12:57.441-0500	DEBUG	protocol/handler.go:1600	waiting for broadcasts	{"{round 20 2  <nil>}": {"Key":"missing","Type":15,"Integer":0,"String":"[e]","Interface":null}}
2025-08-15T22:12:57.441-0500	DEBUG	protocol/handler.go:581	tryAdvanceRound called	{"{current_round 20 2  <nil>}": {"Key":"self","Type":15,"Integer":0,"String":"a","Interface":null}}
2025-08-15T22:12:57.442-0500	DEBUG	protocol/handler.go:581	tryAdvanceRound called	{"{current_round 20 2  <nil>}": {"Key":"self","Type":15,"Integer":0,"String":"c","Interface":null}}
2025-08-15T22:12:57.442-0500	DEBUG	protocol/handler.go:581	tryAdvanceRound called	{"{current_round 20 2  <nil>}": {"Key":"self","Type":15,"Integer":0,"String":"a","Interface":null}}
2025-08-15T22:12:57.439-0500	DEBUG	protocol/handler.go:581	tryAdvanceRound called	{"{current_round 20 1  <nil>}": {"Key":"self","Type":15,"Integer":0,"String":"e","Interface":null}}
2025-08-15T22:12:57.442-0500	DEBUG	protocol/handler.go:1591	have processed broadcast	{"{round 20 2  <nil>}": {"Key":"from","Type":15,"Integer":0,"String":"b","Interface":null}}
2025-08-15T22:12:57.442-0500	DEBUG	protocol/handler.go:1591	have processed broadcast	{"{round 20 2  <nil>}": {"Key":"from","Type":15,"Integer":0,"String":"c","Interface":null}}
2025-08-15T22:12:57.442-0500	DEBUG	protocol/handler.go:1591	have processed broadcast	{"{round 20 2  <nil>}": {"Key":"from","Type":15,"Integer":0,"String":"d","Interface":null}}
2025-08-15T22:12:57.442-0500	DEBUG	protocol/handler.go:1600	waiting for broadcasts	{"{round 20 2  <nil>}": {"Key":"missing","Type":15,"Integer":0,"String":"[e]","Interface":null}}
2025-08-15T22:12:57.442-0500	INFO	protocol/handler.go:560	advanced to round
2025-08-15T22:12:57.442-0500	DEBUG	protocol/handler.go:581	tryAdvanceRound called	{"{current_round 20 2  <nil>}": {"Key":"self","Type":15,"Integer":0,"String":"d","Interface":null}}
2025-08-15T22:12:57.443-0500	DEBUG	protocol/handler.go:1039	sendRoundMessage	{"{from 15 0 e <nil>}": {"Key":"to","Type":15,"Integer":0,"String":"","Interface":null}, "{round 20 2  <nil>}": {"Key":"broadcast","Type":4,"Integer":1,"String":"","Interface":null}}
2025-08-15T22:12:57.442-0500	DEBUG	protocol/handler.go:1649	have all messages and processed	{"{round 20 1  <nil>}": {"Key":"self","Type":15,"Integer":0,"String":"e","Interface":null}}
2025-08-15T22:12:57.445-0500	DEBUG	protocol/handler.go:1657	storing broadcast	{"{round 20 2  <nil>}": {"Key":"from","Type":15,"Integer":0,"String":"e","Interface":null}}
2025-08-15T22:12:57.445-0500	DEBUG	protocol/handler.go:596	round already finalized
2025-08-15T22:12:57.445-0500	DEBUG	protocol/handler.go:1081	sent message to output channel	{"{from 15 0 e <nil>}": {"Key":"to","Type":15,"Integer":0,"String":"","Interface":null}, "{round 20 2  <nil>}": {"Key":"broadcast","Type":4,"Integer":1,"String":"","Interface":null}}
2025-08-15T22:12:57.445-0500	DEBUG	protocol/handler.go:1182	finalized round messages	{"{round 20 1  <nil>}": {"Key":"messages","Type":11,"Integer":1,"String":"","Interface":null}}
2025-08-15T22:12:57.445-0500	DEBUG	protocol/handler.go:1239	finalize returned next round	{"{current 20 1  <nil>}": {"Key":"next","Type":20,"Integer":2,"String":"","Interface":null}}
2025-08-15T22:12:57.445-0500	INFO	protocol/handler.go:642	storing new currentRound	{"{from 20 1  <nil>}": {"Key":"to","Type":20,"Integer":2,"String":"","Interface":null}}
2025-08-15T22:12:57.445-0500	DEBUG	protocol/handler.go:1503	processing queued messages
2025-08-15T22:12:57.445-0500	DEBUG	protocol/handler.go:437	processing message	{"{from 15 0 e <nil>}": {"Key":"to","Type":15,"Integer":0,"String":"","Interface":null}, "{round 20 2  <nil>}": {"Key":"broadcast","Type":4,"Integer":1,"String":"","Interface":null}}
2025-08-15T22:12:57.445-0500	DEBUG	protocol/handler.go:1503	processing queued messages
2025-08-15T22:12:57.445-0500	DEBUG	protocol/handler.go:1657	storing broadcast	{"{round 20 2  <nil>}": {"Key":"from","Type":15,"Integer":0,"String":"e","Interface":null}}
2025-08-15T22:12:57.445-0500	DEBUG	protocol/handler.go:437	processing message	{"{from 15 0 e <nil>}": {"Key":"to","Type":15,"Integer":0,"String":"","Interface":null}, "{round 20 2  <nil>}": {"Key":"broadcast","Type":4,"Integer":1,"String":"","Interface":null}}
2025-08-15T22:12:57.445-0500	DEBUG	protocol/handler.go:1657	storing broadcast	{"{round 20 2  <nil>}": {"Key":"from","Type":15,"Integer":0,"String":"e","Interface":null}}
2025-08-15T22:12:57.461-0500	DEBUG	protocol/handler.go:1591	have processed broadcast	{"{round 20 2  <nil>}": {"Key":"from","Type":15,"Integer":0,"String":"b","Interface":null}}
2025-08-15T22:12:57.461-0500	DEBUG	protocol/handler.go:1591	have processed broadcast	{"{round 20 2  <nil>}": {"Key":"from","Type":15,"Integer":0,"String":"c","Interface":null}}
2025-08-15T22:12:57.461-0500	DEBUG	protocol/handler.go:1591	have processed broadcast	{"{round 20 2  <nil>}": {"Key":"from","Type":15,"Integer":0,"String":"d","Interface":null}}
2025-08-15T22:12:57.461-0500	DEBUG	protocol/handler.go:1600	waiting for broadcasts	{"{round 20 2  <nil>}": {"Key":"missing","Type":15,"Integer":0,"String":"[e]","Interface":null}}
2025-08-15T22:12:57.461-0500	DEBUG	protocol/handler.go:581	tryAdvanceRound called	{"{current_round 20 2  <nil>}": {"Key":"self","Type":15,"Integer":0,"String":"a","Interface":null}}
2025-08-15T22:12:57.461-0500	DEBUG	protocol/handler.go:1591	have processed broadcast	{"{round 20 2  <nil>}": {"Key":"from","Type":15,"Integer":0,"String":"b","Interface":null}}
2025-08-15T22:12:57.461-0500	DEBUG	protocol/handler.go:1591	have processed broadcast	{"{round 20 2  <nil>}": {"Key":"from","Type":15,"Integer":0,"String":"c","Interface":null}}
2025-08-15T22:12:57.461-0500	DEBUG	protocol/handler.go:1591	have processed broadcast	{"{round 20 2  <nil>}": {"Key":"from","Type":15,"Integer":0,"String":"d","Interface":null}}
2025-08-15T22:12:57.461-0500	DEBUG	protocol/handler.go:1600	waiting for broadcasts	{"{round 20 2  <nil>}": {"Key":"missing","Type":15,"Integer":0,"String":"[e]","Interface":null}}
2025-08-15T22:12:57.461-0500	DEBUG	protocol/handler.go:437	processing message	{"{from 15 0 e <nil>}": {"Key":"to","Type":15,"Integer":0,"String":"","Interface":null}, "{round 20 2  <nil>}": {"Key":"broadcast","Type":4,"Integer":1,"String":"","Interface":null}}
2025-08-15T22:12:57.461-0500	DEBUG	protocol/handler.go:1657	storing broadcast	{"{round 20 2  <nil>}": {"Key":"from","Type":15,"Integer":0,"String":"e","Interface":null}}
2025-08-15T22:12:57.462-0500	INFO	protocol/handler.go:560	advanced to round
2025-08-15T22:12:57.463-0500	DEBUG	protocol/handler.go:581	tryAdvanceRound called	{"{current_round 20 2  <nil>}": {"Key":"self","Type":15,"Integer":0,"String":"e","Interface":null}}
2025-08-15T22:12:57.465-0500	DEBUG	protocol/handler.go:581	tryAdvanceRound called	{"{current_round 20 2  <nil>}": {"Key":"self","Type":15,"Integer":0,"String":"b","Interface":null}}
2025-08-15T22:12:57.469-0500	DEBUG	protocol/handler.go:437	processing message	{"{from 15 0 e <nil>}": {"Key":"to","Type":15,"Integer":0,"String":"","Interface":null}, "{round 20 2  <nil>}": {"Key":"broadcast","Type":4,"Integer":1,"String":"","Interface":null}}
2025-08-15T22:12:57.470-0500	DEBUG	protocol/handler.go:1657	storing broadcast	{"{round 20 2  <nil>}": {"Key":"from","Type":15,"Integer":0,"String":"e","Interface":null}}
2025-08-15T22:12:57.471-0500	DEBUG	protocol/handler.go:1591	have processed broadcast	{"{round 20 2  <nil>}": {"Key":"from","Type":15,"Integer":0,"String":"a","Interface":null}}
2025-08-15T22:12:57.471-0500	DEBUG	protocol/handler.go:1591	have processed broadcast	{"{round 20 2  <nil>}": {"Key":"from","Type":15,"Integer":0,"String":"c","Interface":null}}
2025-08-15T22:12:57.471-0500	DEBUG	protocol/handler.go:1591	have processed broadcast	{"{round 20 2  <nil>}": {"Key":"from","Type":15,"Integer":0,"String":"d","Interface":null}}
2025-08-15T22:12:57.471-0500	DEBUG	protocol/handler.go:1591	have processed broadcast	{"{round 20 2  <nil>}": {"Key":"from","Type":15,"Integer":0,"String":"e","Interface":null}}
2025-08-15T22:12:57.471-0500	DEBUG	protocol/handler.go:1649	have all messages and processed	{"{round 20 2  <nil>}": {"Key":"self","Type":15,"Integer":0,"String":"b","Interface":null}}
2025-08-15T22:12:57.471-0500	DEBUG	protocol/handler.go:619	finalizing round
2025-08-15T22:12:57.472-0500	DEBUG	protocol/handler.go:1039	sendRoundMessage	{"{from 15 0 b <nil>}": {"Key":"to","Type":15,"Integer":0,"String":"","Interface":null}, "{round 20 3  <nil>}": {"Key":"broadcast","Type":4,"Integer":1,"String":"","Interface":null}}
2025-08-15T22:12:57.472-0500	DEBUG	protocol/handler.go:1657	storing broadcast	{"{round 20 3  <nil>}": {"Key":"from","Type":15,"Integer":0,"String":"b","Interface":null}}
2025-08-15T22:12:57.472-0500	DEBUG	protocol/handler.go:1081	sent message to output channel	{"{from 15 0 b <nil>}": {"Key":"to","Type":15,"Integer":0,"String":"","Interface":null}, "{round 20 3  <nil>}": {"Key":"broadcast","Type":4,"Integer":1,"String":"","Interface":null}}
2025-08-15T22:12:57.472-0500	DEBUG	protocol/handler.go:1039	sendRoundMessage	{"{from 15 0 b <nil>}": {"Key":"to","Type":15,"Integer":0,"String":"a","Interface":null}, "{round 20 3  <nil>}": {"Key":"broadcast","Type":4,"Integer":0,"String":"","Interface":null}}
2025-08-15T22:12:57.472-0500	DEBUG	protocol/handler.go:1081	sent message to output channel	{"{from 15 0 b <nil>}": {"Key":"to","Type":15,"Integer":0,"String":"a","Interface":null}, "{round 20 3  <nil>}": {"Key":"broadcast","Type":4,"Integer":0,"String":"","Interface":null}}
2025-08-15T22:12:57.472-0500	DEBUG	protocol/handler.go:1039	sendRoundMessage	{"{from 15 0 b <nil>}": {"Key":"to","Type":15,"Integer":0,"String":"c","Interface":null}, "{round 20 3  <nil>}": {"Key":"broadcast","Type":4,"Integer":0,"String":"","Interface":null}}
2025-08-15T22:12:57.472-0500	DEBUG	protocol/handler.go:1081	sent message to output channel	{"{from 15 0 b <nil>}": {"Key":"to","Type":15,"Integer":0,"String":"c","Interface":null}, "{round 20 3  <nil>}": {"Key":"broadcast","Type":4,"Integer":0,"String":"","Interface":null}}
2025-08-15T22:12:57.472-0500	DEBUG	protocol/handler.go:1039	sendRoundMessage	{"{from 15 0 b <nil>}": {"Key":"to","Type":15,"Integer":0,"String":"d","Interface":null}, "{round 20 3  <nil>}": {"Key":"broadcast","Type":4,"Integer":0,"String":"","Interface":null}}
2025-08-15T22:12:57.472-0500	DEBUG	protocol/handler.go:1081	sent message to output channel	{"{from 15 0 b <nil>}": {"Key":"to","Type":15,"Integer":0,"String":"d","Interface":null}, "{round 20 3  <nil>}": {"Key":"broadcast","Type":4,"Integer":0,"String":"","Interface":null}}
2025-08-15T22:12:57.472-0500	DEBUG	protocol/handler.go:1039	sendRoundMessage	{"{from 15 0 b <nil>}": {"Key":"to","Type":15,"Integer":0,"String":"e","Interface":null}, "{round 20 3  <nil>}": {"Key":"broadcast","Type":4,"Integer":0,"String":"","Interface":null}}
2025-08-15T22:12:57.472-0500	DEBUG	protocol/handler.go:1081	sent message to output channel	{"{from 15 0 b <nil>}": {"Key":"to","Type":15,"Integer":0,"String":"e","Interface":null}, "{round 20 3  <nil>}": {"Key":"broadcast","Type":4,"Integer":0,"String":"","Interface":null}}
2025-08-15T22:12:57.472-0500	DEBUG	protocol/handler.go:1182	finalized round messages	{"{round 20 2  <nil>}": {"Key":"messages","Type":11,"Integer":5,"String":"","Interface":null}}
2025-08-15T22:12:57.472-0500	DEBUG	protocol/handler.go:1239	finalize returned next round	{"{current 20 2  <nil>}": {"Key":"next","Type":20,"Integer":3,"String":"","Interface":null}}
2025-08-15T22:12:57.473-0500	INFO	protocol/handler.go:642	storing new currentRound	{"{from 20 2  <nil>}": {"Key":"to","Type":20,"Integer":3,"String":"","Interface":null}}
2025-08-15T22:12:57.473-0500	DEBUG	protocol/handler.go:1503	processing queued messages
2025-08-15T22:12:57.473-0500	DEBUG	protocol/handler.go:432	processMessage: p2p round 3 START	{"{from 15 0 b <nil>}": {"Key":"to","Type":15,"Integer":0,"String":"e","Interface":null}}
2025-08-15T22:12:57.473-0500	DEBUG	protocol/handler.go:437	processing message	{"{from 15 0 b <nil>}": {"Key":"to","Type":15,"Integer":0,"String":"e","Interface":null}, "{round 20 3  <nil>}": {"Key":"broadcast","Type":4,"Integer":0,"String":"","Interface":null}}
2025-08-15T22:12:57.473-0500	DEBUG	protocol/handler.go:1662	storing message	{"{round 20 3  <nil>}": {"Key":"from","Type":15,"Integer":0,"String":"b","Interface":null}}
2025-08-15T22:12:57.473-0500	DEBUG	protocol/handler.go:470	message for different round (buffering)	{"{msg_round 20 3  <nil>}": {"Key":"current_round","Type":20,"Integer":2,"String":"","Interface":null}}
2025-08-15T22:12:57.473-0500	DEBUG	protocol/handler.go:581	tryAdvanceRound called	{"{current_round 20 2  <nil>}": {"Key":"self","Type":15,"Integer":0,"String":"e","Interface":null}}
2025-08-15T22:12:57.481-0500	DEBUG	protocol/handler.go:581	tryAdvanceRound called	{"{current_round 20 2  <nil>}": {"Key":"self","Type":15,"Integer":0,"String":"a","Interface":null}}
2025-08-15T22:12:57.481-0500	DEBUG	protocol/handler.go:1591	have processed broadcast	{"{round 20 2  <nil>}": {"Key":"from","Type":15,"Integer":0,"String":"b","Interface":null}}
2025-08-15T22:12:57.481-0500	DEBUG	protocol/handler.go:1591	have processed broadcast	{"{round 20 2  <nil>}": {"Key":"from","Type":15,"Integer":0,"String":"c","Interface":null}}
2025-08-15T22:12:57.481-0500	DEBUG	protocol/handler.go:1591	have processed broadcast	{"{round 20 2  <nil>}": {"Key":"from","Type":15,"Integer":0,"String":"d","Interface":null}}
2025-08-15T22:12:57.481-0500	DEBUG	protocol/handler.go:1591	have processed broadcast	{"{round 20 2  <nil>}": {"Key":"from","Type":15,"Integer":0,"String":"e","Interface":null}}
2025-08-15T22:12:57.481-0500	DEBUG	protocol/handler.go:1649	have all messages and processed	{"{round 20 2  <nil>}": {"Key":"self","Type":15,"Integer":0,"String":"a","Interface":null}}
2025-08-15T22:12:57.482-0500	DEBUG	protocol/handler.go:619	finalizing round
2025-08-15T22:12:57.482-0500	DEBUG	protocol/handler.go:1039	sendRoundMessage	{"{from 15 0 a <nil>}": {"Key":"to","Type":15,"Integer":0,"String":"","Interface":null}, "{round 20 3  <nil>}": {"Key":"broadcast","Type":4,"Integer":1,"String":"","Interface":null}}
2025-08-15T22:12:57.482-0500	DEBUG	protocol/handler.go:1657	storing broadcast	{"{round 20 3  <nil>}": {"Key":"from","Type":15,"Integer":0,"String":"a","Interface":null}}
2025-08-15T22:12:57.482-0500	DEBUG	protocol/handler.go:1081	sent message to output channel	{"{from 15 0 a <nil>}": {"Key":"to","Type":15,"Integer":0,"String":"","Interface":null}, "{round 20 3  <nil>}": {"Key":"broadcast","Type":4,"Integer":1,"String":"","Interface":null}}
2025-08-15T22:12:57.482-0500	DEBUG	protocol/handler.go:1039	sendRoundMessage	{"{from 15 0 a <nil>}": {"Key":"to","Type":15,"Integer":0,"String":"b","Interface":null}, "{round 20 3  <nil>}": {"Key":"broadcast","Type":4,"Integer":0,"String":"","Interface":null}}
2025-08-15T22:12:57.482-0500	DEBUG	protocol/handler.go:1081	sent message to output channel	{"{from 15 0 a <nil>}": {"Key":"to","Type":15,"Integer":0,"String":"b","Interface":null}, "{round 20 3  <nil>}": {"Key":"broadcast","Type":4,"Integer":0,"String":"","Interface":null}}
2025-08-15T22:12:57.482-0500	DEBUG	protocol/handler.go:1039	sendRoundMessage	{"{from 15 0 a <nil>}": {"Key":"to","Type":15,"Integer":0,"String":"c","Interface":null}, "{round 20 3  <nil>}": {"Key":"broadcast","Type":4,"Integer":0,"String":"","Interface":null}}
2025-08-15T22:12:57.482-0500	DEBUG	protocol/handler.go:1081	sent message to output channel	{"{from 15 0 a <nil>}": {"Key":"to","Type":15,"Integer":0,"String":"c","Interface":null}, "{round 20 3  <nil>}": {"Key":"broadcast","Type":4,"Integer":0,"String":"","Interface":null}}
2025-08-15T22:12:57.482-0500	DEBUG	protocol/handler.go:1039	sendRoundMessage	{"{from 15 0 a <nil>}": {"Key":"to","Type":15,"Integer":0,"String":"d","Interface":null}, "{round 20 3  <nil>}": {"Key":"broadcast","Type":4,"Integer":0,"String":"","Interface":null}}
2025-08-15T22:12:57.482-0500	DEBUG	protocol/handler.go:1081	sent message to output channel	{"{from 15 0 a <nil>}": {"Key":"to","Type":15,"Integer":0,"String":"d","Interface":null}, "{round 20 3  <nil>}": {"Key":"broadcast","Type":4,"Integer":0,"String":"","Interface":null}}
2025-08-15T22:12:57.482-0500	DEBUG	protocol/handler.go:1039	sendRoundMessage	{"{from 15 0 a <nil>}": {"Key":"to","Type":15,"Integer":0,"String":"e","Interface":null}, "{round 20 3  <nil>}": {"Key":"broadcast","Type":4,"Integer":0,"String":"","Interface":null}}
2025-08-15T22:12:57.483-0500	DEBUG	protocol/handler.go:1081	sent message to output channel	{"{from 15 0 a <nil>}": {"Key":"to","Type":15,"Integer":0,"String":"e","Interface":null}, "{round 20 3  <nil>}": {"Key":"broadcast","Type":4,"Integer":0,"String":"","Interface":null}}
2025-08-15T22:12:57.483-0500	DEBUG	protocol/handler.go:1182	finalized round messages	{"{round 20 2  <nil>}": {"Key":"messages","Type":11,"Integer":5,"String":"","Interface":null}}
2025-08-15T22:12:57.483-0500	DEBUG	protocol/handler.go:1239	finalize returned next round	{"{current 20 2  <nil>}": {"Key":"next","Type":20,"Integer":3,"String":"","Interface":null}}
2025-08-15T22:12:57.483-0500	INFO	protocol/handler.go:642	storing new currentRound	{"{from 20 2  <nil>}": {"Key":"to","Type":20,"Integer":3,"String":"","Interface":null}}
2025-08-15T22:12:57.483-0500	DEBUG	protocol/handler.go:1503	processing queued messages
2025-08-15T22:12:57.483-0500	DEBUG	protocol/handler.go:1503	processing queued messages
2025-08-15T22:12:57.486-0500	DEBUG	protocol/handler.go:1503	processing queued messages
2025-08-15T22:12:57.488-0500	DEBUG	protocol/handler.go:1591	have processed broadcast	{"{round 20 2  <nil>}": {"Key":"from","Type":15,"Integer":0,"String":"a","Interface":null}}
2025-08-15T22:12:57.488-0500	DEBUG	protocol/handler.go:1591	have processed broadcast	{"{round 20 2  <nil>}": {"Key":"from","Type":15,"Integer":0,"String":"b","Interface":null}}
2025-08-15T22:12:57.488-0500	DEBUG	protocol/handler.go:1591	have processed broadcast	{"{round 20 2  <nil>}": {"Key":"from","Type":15,"Integer":0,"String":"d","Interface":null}}
2025-08-15T22:12:57.488-0500	DEBUG	protocol/handler.go:1608	waiting for broadcast processing	{"{round 20 2  <nil>}": {"Key":"unprocessed","Type":15,"Integer":0,"String":"[e]","Interface":null}}
2025-08-15T22:12:57.488-0500	DEBUG	protocol/handler.go:581	tryAdvanceRound called	{"{current_round 20 2  <nil>}": {"Key":"self","Type":15,"Integer":0,"String":"c","Interface":null}}
2025-08-15T22:12:57.489-0500	DEBUG	protocol/handler.go:437	processing message	{"{from 15 0 a <nil>}": {"Key":"to","Type":15,"Integer":0,"String":"","Interface":null}, "{round 20 3  <nil>}": {"Key":"broadcast","Type":4,"Integer":1,"String":"","Interface":null}}
2025-08-15T22:12:57.489-0500	DEBUG	protocol/handler.go:1657	storing broadcast	{"{round 20 3  <nil>}": {"Key":"from","Type":15,"Integer":0,"String":"a","Interface":null}}
2025-08-15T22:12:57.490-0500	DEBUG	protocol/handler.go:470	message for different round (buffering)	{"{msg_round 20 3  <nil>}": {"Key":"current_round","Type":20,"Integer":2,"String":"","Interface":null}}
2025-08-15T22:12:57.490-0500	DEBUG	protocol/handler.go:581	tryAdvanceRound called	{"{current_round 20 2  <nil>}": {"Key":"self","Type":15,"Integer":0,"String":"d","Interface":null}}
2025-08-15T22:12:57.492-0500	INFO	protocol/handler.go:560	advanced to round
2025-08-15T22:12:57.504-0500	DEBUG	protocol/handler.go:1591	have processed broadcast	{"{round 20 2  <nil>}": {"Key":"from","Type":15,"Integer":0,"String":"a","Interface":null}}
2025-08-15T22:12:57.504-0500	DEBUG	protocol/handler.go:1591	have processed broadcast	{"{round 20 2  <nil>}": {"Key":"from","Type":15,"Integer":0,"String":"b","Interface":null}}
2025-08-15T22:12:57.504-0500	DEBUG	protocol/handler.go:1591	have processed broadcast	{"{round 20 2  <nil>}": {"Key":"from","Type":15,"Integer":0,"String":"c","Interface":null}}
2025-08-15T22:12:57.504-0500	DEBUG	protocol/handler.go:1591	have processed broadcast	{"{round 20 2  <nil>}": {"Key":"from","Type":15,"Integer":0,"String":"d","Interface":null}}
2025-08-15T22:12:57.504-0500	DEBUG	protocol/handler.go:1649	have all messages and processed	{"{round 20 2  <nil>}": {"Key":"self","Type":15,"Integer":0,"String":"e","Interface":null}}
2025-08-15T22:12:57.504-0500	DEBUG	protocol/handler.go:619	finalizing round
2025-08-15T22:12:57.506-0500	DEBUG	protocol/handler.go:1591	have processed broadcast	{"{round 20 2  <nil>}": {"Key":"from","Type":15,"Integer":0,"String":"a","Interface":null}}
2025-08-15T22:12:57.506-0500	DEBUG	protocol/handler.go:1591	have processed broadcast	{"{round 20 2  <nil>}": {"Key":"from","Type":15,"Integer":0,"String":"c","Interface":null}}
2025-08-15T22:12:57.506-0500	DEBUG	protocol/handler.go:1591	have processed broadcast	{"{round 20 2  <nil>}": {"Key":"from","Type":15,"Integer":0,"String":"d","Interface":null}}
2025-08-15T22:12:57.506-0500	DEBUG	protocol/handler.go:1591	have processed broadcast	{"{round 20 2  <nil>}": {"Key":"from","Type":15,"Integer":0,"String":"e","Interface":null}}
2025-08-15T22:12:57.506-0500	DEBUG	protocol/handler.go:1649	have all messages and processed	{"{round 20 2  <nil>}": {"Key":"self","Type":15,"Integer":0,"String":"b","Interface":null}}
2025-08-15T22:12:57.506-0500	DEBUG	protocol/handler.go:596	round already finalized
2025-08-15T22:12:57.506-0500	DEBUG	protocol/handler.go:600	current round already advanced	{"{checking 20 2  <nil>}": {"Key":"current","Type":20,"Integer":3,"String":"","Interface":null}}
2025-08-15T22:12:57.506-0500	INFO	protocol/handler.go:560	advanced to round
2025-08-15T22:12:57.506-0500	DEBUG	protocol/handler.go:581	tryAdvanceRound called	{"{current_round 20 3  <nil>}": {"Key":"self","Type":15,"Integer":0,"String":"b","Interface":null}}
2025-08-15T22:12:57.506-0500	DEBUG	protocol/handler.go:1600	waiting for broadcasts	{"{round 20 3  <nil>}": {"Key":"missing","Type":15,"Integer":0,"String":"[a c d e]","Interface":null}}
2025-08-15T22:12:57.506-0500	DEBUG	protocol/handler.go:581	tryAdvanceRound called	{"{current_round 20 2  <nil>}": {"Key":"self","Type":15,"Integer":0,"String":"c","Interface":null}}
2025-08-15T22:12:57.507-0500	DEBUG	protocol/handler.go:1591	have processed broadcast	{"{round 20 2  <nil>}": {"Key":"from","Type":15,"Integer":0,"String":"a","Interface":null}}
2025-08-15T22:12:57.507-0500	DEBUG	protocol/handler.go:1591	have processed broadcast	{"{round 20 2  <nil>}": {"Key":"from","Type":15,"Integer":0,"String":"b","Interface":null}}
2025-08-15T22:12:57.507-0500	DEBUG	protocol/handler.go:1039	sendRoundMessage	{"{from 15 0 e <nil>}": {"Key":"to","Type":15,"Integer":0,"String":"","Interface":null}, "{round 20 3  <nil>}": {"Key":"broadcast","Type":4,"Integer":1,"String":"","Interface":null}}
2025-08-15T22:12:57.507-0500	DEBUG	protocol/handler.go:1657	storing broadcast	{"{round 20 3  <nil>}": {"Key":"from","Type":15,"Integer":0,"String":"e","Interface":null}}
2025-08-15T22:12:57.507-0500	DEBUG	protocol/handler.go:1081	sent message to output channel	{"{from 15 0 e <nil>}": {"Key":"to","Type":15,"Integer":0,"String":"","Interface":null}, "{round 20 3  <nil>}": {"Key":"broadcast","Type":4,"Integer":1,"String":"","Interface":null}}
2025-08-15T22:12:57.507-0500	DEBUG	protocol/handler.go:1039	sendRoundMessage	{"{from 15 0 e <nil>}": {"Key":"to","Type":15,"Integer":0,"String":"a","Interface":null}, "{round 20 3  <nil>}": {"Key":"broadcast","Type":4,"Integer":0,"String":"","Interface":null}}
2025-08-15T22:12:57.507-0500	DEBUG	protocol/handler.go:1591	have processed broadcast	{"{round 20 2  <nil>}": {"Key":"from","Type":15,"Integer":0,"String":"d","Interface":null}}
2025-08-15T22:12:57.507-0500	DEBUG	protocol/handler.go:1081	sent message to output channel	{"{from 15 0 e <nil>}": {"Key":"to","Type":15,"Integer":0,"String":"a","Interface":null}, "{round 20 3  <nil>}": {"Key":"broadcast","Type":4,"Integer":0,"String":"","Interface":null}}
2025-08-15T22:12:57.507-0500	DEBUG	protocol/handler.go:1591	have processed broadcast	{"{round 20 2  <nil>}": {"Key":"from","Type":15,"Integer":0,"String":"e","Interface":null}}
2025-08-15T22:12:57.507-0500	DEBUG	protocol/handler.go:1039	sendRoundMessage	{"{from 15 0 e <nil>}": {"Key":"to","Type":15,"Integer":0,"String":"b","Interface":null}, "{round 20 3  <nil>}": {"Key":"broadcast","Type":4,"Integer":0,"String":"","Interface":null}}
2025-08-15T22:12:57.507-0500	DEBUG	protocol/handler.go:1649	have all messages and processed	{"{round 20 2  <nil>}": {"Key":"self","Type":15,"Integer":0,"String":"c","Interface":null}}
2025-08-15T22:12:57.507-0500	DEBUG	protocol/handler.go:619	finalizing round
2025-08-15T22:12:57.507-0500	DEBUG	protocol/handler.go:1081	sent message to output channel	{"{from 15 0 e <nil>}": {"Key":"to","Type":15,"Integer":0,"String":"b","Interface":null}, "{round 20 3  <nil>}": {"Key":"broadcast","Type":4,"Integer":0,"String":"","Interface":null}}
2025-08-15T22:12:57.507-0500	DEBUG	protocol/handler.go:1039	sendRoundMessage	{"{from 15 0 e <nil>}": {"Key":"to","Type":15,"Integer":0,"String":"c","Interface":null}, "{round 20 3  <nil>}": {"Key":"broadcast","Type":4,"Integer":0,"String":"","Interface":null}}
2025-08-15T22:12:57.507-0500	DEBUG	protocol/handler.go:1081	sent message to output channel	{"{from 15 0 e <nil>}": {"Key":"to","Type":15,"Integer":0,"String":"c","Interface":null}, "{round 20 3  <nil>}": {"Key":"broadcast","Type":4,"Integer":0,"String":"","Interface":null}}
2025-08-15T22:12:57.507-0500	DEBUG	protocol/handler.go:1039	sendRoundMessage	{"{from 15 0 e <nil>}": {"Key":"to","Type":15,"Integer":0,"String":"d","Interface":null}, "{round 20 3  <nil>}": {"Key":"broadcast","Type":4,"Integer":0,"String":"","Interface":null}}
2025-08-15T22:12:57.507-0500	DEBUG	protocol/handler.go:1081	sent message to output channel	{"{from 15 0 e <nil>}": {"Key":"to","Type":15,"Integer":0,"String":"d","Interface":null}, "{round 20 3  <nil>}": {"Key":"broadcast","Type":4,"Integer":0,"String":"","Interface":null}}
2025-08-15T22:12:57.507-0500	DEBUG	protocol/handler.go:1182	finalized round messages	{"{round 20 2  <nil>}": {"Key":"messages","Type":11,"Integer":5,"String":"","Interface":null}}
2025-08-15T22:12:57.507-0500	DEBUG	protocol/handler.go:1239	finalize returned next round	{"{current 20 2  <nil>}": {"Key":"next","Type":20,"Integer":3,"String":"","Interface":null}}
2025-08-15T22:12:57.507-0500	INFO	protocol/handler.go:642	storing new currentRound	{"{from 20 2  <nil>}": {"Key":"to","Type":20,"Integer":3,"String":"","Interface":null}}
2025-08-15T22:12:57.508-0500	DEBUG	protocol/handler.go:1503	processing queued messages
2025-08-15T22:12:57.508-0500	DEBUG	protocol/handler.go:1039	sendRoundMessage	{"{from 15 0 c <nil>}": {"Key":"to","Type":15,"Integer":0,"String":"","Interface":null}, "{round 20 3  <nil>}": {"Key":"broadcast","Type":4,"Integer":1,"String":"","Interface":null}}
2025-08-15T22:12:57.508-0500	DEBUG	protocol/handler.go:1657	storing broadcast	{"{round 20 3  <nil>}": {"Key":"from","Type":15,"Integer":0,"String":"c","Interface":null}}
2025-08-15T22:12:57.508-0500	DEBUG	protocol/handler.go:432	processMessage: p2p round 3 START	{"{from 15 0 e <nil>}": {"Key":"to","Type":15,"Integer":0,"String":"a","Interface":null}}
2025-08-15T22:12:57.508-0500	DEBUG	protocol/handler.go:1081	sent message to output channel	{"{from 15 0 c <nil>}": {"Key":"to","Type":15,"Integer":0,"String":"","Interface":null}, "{round 20 3  <nil>}": {"Key":"broadcast","Type":4,"Integer":1,"String":"","Interface":null}}
2025-08-15T22:12:57.508-0500	DEBUG	protocol/handler.go:437	processing message	{"{from 15 0 e <nil>}": {"Key":"to","Type":15,"Integer":0,"String":"a","Interface":null}, "{round 20 3  <nil>}": {"Key":"broadcast","Type":4,"Integer":0,"String":"","Interface":null}}
2025-08-15T22:12:57.508-0500	DEBUG	protocol/handler.go:1662	storing message	{"{round 20 3  <nil>}": {"Key":"from","Type":15,"Integer":0,"String":"e","Interface":null}}
2025-08-15T22:12:57.508-0500	DEBUG	protocol/handler.go:581	tryAdvanceRound called	{"{current_round 20 3  <nil>}": {"Key":"self","Type":15,"Integer":0,"String":"a","Interface":null}}
2025-08-15T22:12:57.509-0500	DEBUG	protocol/handler.go:1306	waiting for broadcast before normal message
2025-08-15T22:12:57.509-0500	DEBUG	protocol/handler.go:1600	waiting for broadcasts	{"{round 20 3  <nil>}": {"Key":"missing","Type":15,"Integer":0,"String":"[b c d e]","Interface":null}}
2025-08-15T22:12:57.509-0500	DEBUG	protocol/handler.go:437	processing message	{"{from 15 0 e <nil>}": {"Key":"to","Type":15,"Integer":0,"String":"","Interface":null}, "{round 20 3  <nil>}": {"Key":"broadcast","Type":4,"Integer":1,"String":"","Interface":null}}
2025-08-15T22:12:57.509-0500	DEBUG	protocol/handler.go:1657	storing broadcast	{"{round 20 3  <nil>}": {"Key":"from","Type":15,"Integer":0,"String":"e","Interface":null}}
2025-08-15T22:12:57.492-0500	DEBUG	protocol/handler.go:581	tryAdvanceRound called	{"{current_round 20 3  <nil>}": {"Key":"self","Type":15,"Integer":0,"String":"a","Interface":null}}
2025-08-15T22:12:57.509-0500	DEBUG	protocol/handler.go:581	tryAdvanceRound called	{"{current_round 20 3  <nil>}": {"Key":"self","Type":15,"Integer":0,"String":"a","Interface":null}}
2025-08-15T22:12:57.512-0500	DEBUG	protocol/handler.go:1591	have processed broadcast	{"{round 20 2  <nil>}": {"Key":"from","Type":15,"Integer":0,"String":"a","Interface":null}}
2025-08-15T22:12:57.512-0500	DEBUG	protocol/handler.go:1591	have processed broadcast	{"{round 20 2  <nil>}": {"Key":"from","Type":15,"Integer":0,"String":"b","Interface":null}}
2025-08-15T22:12:57.512-0500	DEBUG	protocol/handler.go:1591	have processed broadcast	{"{round 20 2  <nil>}": {"Key":"from","Type":15,"Integer":0,"String":"c","Interface":null}}
2025-08-15T22:12:57.512-0500	DEBUG	protocol/handler.go:1608	waiting for broadcast processing	{"{round 20 2  <nil>}": {"Key":"unprocessed","Type":15,"Integer":0,"String":"[e]","Interface":null}}
2025-08-15T22:12:57.512-0500	DEBUG	protocol/handler.go:581	tryAdvanceRound called	{"{current_round 20 2  <nil>}": {"Key":"self","Type":15,"Integer":0,"String":"d","Interface":null}}
2025-08-15T22:12:57.512-0500	DEBUG	protocol/handler.go:1591	have processed broadcast	{"{round 20 3  <nil>}": {"Key":"from","Type":15,"Integer":0,"String":"e","Interface":null}}
2025-08-15T22:12:57.512-0500	DEBUG	protocol/handler.go:1600	waiting for broadcasts	{"{round 20 3  <nil>}": {"Key":"missing","Type":15,"Integer":0,"String":"[b c d]","Interface":null}}
2025-08-15T22:12:57.508-0500	DEBUG	protocol/handler.go:1039	sendRoundMessage	{"{from 15 0 c <nil>}": {"Key":"to","Type":15,"Integer":0,"String":"a","Interface":null}, "{round 20 3  <nil>}": {"Key":"broadcast","Type":4,"Integer":0,"String":"","Interface":null}}
2025-08-15T22:12:57.513-0500	DEBUG	protocol/handler.go:1081	sent message to output channel	{"{from 15 0 c <nil>}": {"Key":"to","Type":15,"Integer":0,"String":"a","Interface":null}, "{round 20 3  <nil>}": {"Key":"broadcast","Type":4,"Integer":0,"String":"","Interface":null}}
2025-08-15T22:12:57.513-0500	DEBUG	protocol/handler.go:1039	sendRoundMessage	{"{from 15 0 c <nil>}": {"Key":"to","Type":15,"Integer":0,"String":"b","Interface":null}, "{round 20 3  <nil>}": {"Key":"broadcast","Type":4,"Integer":0,"String":"","Interface":null}}
2025-08-15T22:12:57.513-0500	DEBUG	protocol/handler.go:1081	sent message to output channel	{"{from 15 0 c <nil>}": {"Key":"to","Type":15,"Integer":0,"String":"b","Interface":null}, "{round 20 3  <nil>}": {"Key":"broadcast","Type":4,"Integer":0,"String":"","Interface":null}}
2025-08-15T22:12:57.513-0500	DEBUG	protocol/handler.go:1039	sendRoundMessage	{"{from 15 0 c <nil>}": {"Key":"to","Type":15,"Integer":0,"String":"d","Interface":null}, "{round 20 3  <nil>}": {"Key":"broadcast","Type":4,"Integer":0,"String":"","Interface":null}}
2025-08-15T22:12:57.513-0500	DEBUG	protocol/handler.go:1081	sent message to output channel	{"{from 15 0 c <nil>}": {"Key":"to","Type":15,"Integer":0,"String":"d","Interface":null}, "{round 20 3  <nil>}": {"Key":"broadcast","Type":4,"Integer":0,"String":"","Interface":null}}
2025-08-15T22:12:57.513-0500	DEBUG	protocol/handler.go:1039	sendRoundMessage	{"{from 15 0 c <nil>}": {"Key":"to","Type":15,"Integer":0,"String":"e","Interface":null}, "{round 20 3  <nil>}": {"Key":"broadcast","Type":4,"Integer":0,"String":"","Interface":null}}
2025-08-15T22:12:57.513-0500	DEBUG	protocol/handler.go:1081	sent message to output channel	{"{from 15 0 c <nil>}": {"Key":"to","Type":15,"Integer":0,"String":"e","Interface":null}, "{round 20 3  <nil>}": {"Key":"broadcast","Type":4,"Integer":0,"String":"","Interface":null}}
2025-08-15T22:12:57.513-0500	DEBUG	protocol/handler.go:1182	finalized round messages	{"{round 20 2  <nil>}": {"Key":"messages","Type":11,"Integer":5,"String":"","Interface":null}}
2025-08-15T22:12:57.513-0500	DEBUG	protocol/handler.go:1239	finalize returned next round	{"{current 20 2  <nil>}": {"Key":"next","Type":20,"Integer":3,"String":"","Interface":null}}
2025-08-15T22:12:57.513-0500	INFO	protocol/handler.go:642	storing new currentRound	{"{from 20 2  <nil>}": {"Key":"to","Type":20,"Integer":3,"String":"","Interface":null}}
2025-08-15T22:12:57.513-0500	DEBUG	protocol/handler.go:1503	processing queued messages
2025-08-15T22:12:57.513-0500	DEBUG	protocol/handler.go:1503	processing queued messages
2025-08-15T22:12:57.514-0500	DEBUG	protocol/handler.go:1591	have processed broadcast	{"{round 20 2  <nil>}": {"Key":"from","Type":15,"Integer":0,"String":"a","Interface":null}}
2025-08-15T22:12:57.514-0500	DEBUG	protocol/handler.go:1591	have processed broadcast	{"{round 20 2  <nil>}": {"Key":"from","Type":15,"Integer":0,"String":"b","Interface":null}}
2025-08-15T22:12:57.514-0500	DEBUG	protocol/handler.go:1591	have processed broadcast	{"{round 20 2  <nil>}": {"Key":"from","Type":15,"Integer":0,"String":"d","Interface":null}}
2025-08-15T22:12:57.514-0500	DEBUG	protocol/handler.go:1591	have processed broadcast	{"{round 20 2  <nil>}": {"Key":"from","Type":15,"Integer":0,"String":"e","Interface":null}}
==================
WARNING: DATA RACE
Read at 0x00c000ea0668 by goroutine 1608:
  github.com/luxfi/threshold/protocols/frost/keygen.(*round2).MessageContent()
      <autogenerated>:1 +0x38
  github.com/luxfi/threshold/pkg/protocol.(*Handler).hasAllMessages()
      /Users/z/work/lux/threshold/pkg/protocol/handler.go:1617 +0x6c8
  github.com/luxfi/threshold/pkg/protocol.(*Handler).tryAdvanceRound()
      /Users/z/work/lux/threshold/pkg/protocol/handler.go:589 +0x29c
  github.com/luxfi/threshold/pkg/protocol.(*Handler).processMessage()
      /Users/z/work/lux/threshold/pkg/protocol/handler.go:486 +0xbb0
  github.com/luxfi/threshold/pkg/protocol.(*Handler).messageWorker()
      /Users/z/work/lux/threshold/pkg/protocol/handler.go:408 +0x338
  github.com/luxfi/threshold/pkg/protocol.(*Handler).startWorkers.gowrap2()
      /Users/z/work/lux/threshold/pkg/protocol/handler.go:361 +0x44

Previous write at 0x00c000ea066c by goroutine 1729:
  ??()
      -:0 +0x104ad5eb0
  sync/atomic.AddInt32()
      <autogenerated>:1 +0x14
  sync.(*Mutex).Unlock()
      /opt/homebrew/Cellar/go/1.24.6/libexec/src/sync/mutex.go:65 +0x2c
  github.com/luxfi/threshold/protocols/frost/keygen.(*round2).StoreBroadcastMessage()
      /Users/z/work/lux/threshold/protocols/frost/keygen/round2.go:59 +0x634
  github.com/luxfi/threshold/pkg/protocol.(*Handler).verifyBroadcastForRound()
      /Users/z/work/lux/threshold/pkg/protocol/handler.go:1277 +0x3a0
  github.com/luxfi/threshold/pkg/protocol.(*Handler).processQueuedMessages()
      /Users/z/work/lux/threshold/pkg/protocol/handler.go:1513 +0x718
  github.com/luxfi/threshold/pkg/protocol.(*Handler).tryAdvanceRound.gowrap2()
      /Users/z/work/lux/threshold/pkg/protocol/handler.go:673 +0x40

Goroutine 1608 (running) created at:
  github.com/luxfi/threshold/pkg/protocol.(*Handler).startWorkers()
      /Users/z/work/lux/threshold/pkg/protocol/handler.go:361 +0x334
  github.com/luxfi/threshold/pkg/protocol.NewHandler()
      /Users/z/work/lux/threshold/pkg/protocol/handler.go:247 +0xf10
  github.com/luxfi/threshold/protocols/frost_test.TestFROSTKeygenWithTimeout.func1()
      /Users/z/work/lux/threshold/protocols/frost/frost_fixed_test.go:140 +0x364
  github.com/luxfi/threshold/internal/test.RunProtocolWithTimeoutNew()
      /Users/z/work/lux/threshold/internal/test/timeout_handler.go:72 +0x26c
  github.com/luxfi/threshold/protocols/frost_test.TestFROSTKeygenWithTimeout()
      /Users/z/work/lux/threshold/protocols/frost/frost_fixed_test.go:152 +0xc4
  testing.tRunner()
      /opt/homebrew/Cellar/go/1.24.6/libexec/src/testing/testing.go:1792 +0x180
  testing.(*T).Run.gowrap1()
      /opt/homebrew/Cellar/go/1.24.6/libexec/src/testing/testing.go:1851 +0x40

Goroutine 1729 (running) created at:
  github.com/luxfi/threshold/pkg/protocol.(*Handler).tryAdvanceRound()
      /Users/z/work/lux/threshold/pkg/protocol/handler.go:673 +0x12e4
  github.com/luxfi/threshold/pkg/protocol.(*Handler).processMessage()
      /Users/z/work/lux/threshold/pkg/protocol/handler.go:486 +0xbb0
  github.com/luxfi/threshold/pkg/protocol.(*Handler).messageWorker()
      /Users/z/work/lux/threshold/pkg/protocol/handler.go:408 +0x338
  github.com/luxfi/threshold/pkg/protocol.(*Handler).startWorkers.gowrap2()
      /Users/z/work/lux/threshold/pkg/protocol/handler.go:361 +0x44
==================
2025-08-15T22:12:57.514-0500	DEBUG	protocol/handler.go:1649	have all messages and processed	{"{round 20 2  <nil>}": {"Key":"self","Type":15,"Integer":0,"String":"c","Interface":null}}
2025-08-15T22:12:57.514-0500	DEBUG	protocol/handler.go:596	round already finalized
2025-08-15T22:12:57.515-0500	DEBUG	protocol/handler.go:600	current round already advanced	{"{checking 20 2  <nil>}": {"Key":"current","Type":20,"Integer":3,"String":"","Interface":null}}
2025-08-15T22:12:57.515-0500	DEBUG	protocol/handler.go:1591	have processed broadcast	{"{round 20 3  <nil>}": {"Key":"from","Type":15,"Integer":0,"String":"e","Interface":null}}
2025-08-15T22:12:57.515-0500	DEBUG	protocol/handler.go:1600	waiting for broadcasts	{"{round 20 3  <nil>}": {"Key":"missing","Type":15,"Integer":0,"String":"[b c d]","Interface":null}}
2025-08-15T22:12:57.515-0500	DEBUG	protocol/handler.go:581	tryAdvanceRound called	{"{current_round 20 3  <nil>}": {"Key":"self","Type":15,"Integer":0,"String":"a","Interface":null}}
2025-08-15T22:12:57.515-0500	DEBUG	protocol/handler.go:1591	have processed broadcast	{"{round 20 3  <nil>}": {"Key":"from","Type":15,"Integer":0,"String":"e","Interface":null}}
2025-08-15T22:12:57.515-0500	DEBUG	protocol/handler.go:1600	waiting for broadcasts	{"{round 20 3  <nil>}": {"Key":"missing","Type":15,"Integer":0,"String":"[b c d]","Interface":null}}
2025-08-15T22:12:57.515-0500	DEBUG	protocol/handler.go:437	processing message	{"{from 15 0 e <nil>}": {"Key":"to","Type":15,"Integer":0,"String":"","Interface":null}, "{round 20 3  <nil>}": {"Key":"broadcast","Type":4,"Integer":1,"String":"","Interface":null}}
2025-08-15T22:12:57.515-0500	DEBUG	protocol/handler.go:1657	storing broadcast	{"{round 20 3  <nil>}": {"Key":"from","Type":15,"Integer":0,"String":"e","Interface":null}}
2025-08-15T22:12:57.515-0500	DEBUG	protocol/handler.go:470	message for different round (buffering)	{"{msg_round 20 3  <nil>}": {"Key":"current_round","Type":20,"Integer":2,"String":"","Interface":null}}
2025-08-15T22:12:57.515-0500	DEBUG	protocol/handler.go:581	tryAdvanceRound called	{"{current_round 20 2  <nil>}": {"Key":"self","Type":15,"Integer":0,"String":"d","Interface":null}}
==================
WARNING: DATA RACE
Write at 0x00c000df2a7c by goroutine 1651:
  ??()
      -:0 +0x104ada650
  sync/atomic.CompareAndSwapInt32()
      <autogenerated>:1 +0x18
  sync.(*Mutex).Lock()
      /opt/homebrew/Cellar/go/1.24.6/libexec/src/sync/mutex.go:46 +0x2c
  github.com/luxfi/threshold/protocols/frost/keygen.(*round2).StoreBroadcastMessage()
      /Users/z/work/lux/threshold/protocols/frost/keygen/round2.go:57 +0x58
  github.com/luxfi/threshold/pkg/protocol.(*Handler).verifyBroadcast()
      /Users/z/work/lux/threshold/pkg/protocol/handler.go:1392 +0x648
  github.com/luxfi/threshold/pkg/protocol.(*Handler).processMessage()
      /Users/z/work/lux/threshold/pkg/protocol/handler.go:480 +0xb9c
  github.com/luxfi/threshold/pkg/protocol.(*Handler).messageWorker()
      /Users/z/work/lux/threshold/pkg/protocol/handler.go:408 +0x338
  github.com/luxfi/threshold/pkg/protocol.(*Handler).startWorkers.gowrap2()
      /Users/z/work/lux/threshold/pkg/protocol/handler.go:361 +0x44

Previous read at 0x00c000df2a78 by goroutine 1649:
  github.com/luxfi/threshold/protocols/frost/keygen.(*round2).Number()
      <autogenerated>:1 +0x38
  github.com/luxfi/threshold/pkg/protocol.(*Handler).tryAdvanceRound()
      /Users/z/work/lux/threshold/pkg/protocol/handler.go:587 +0x280
  github.com/luxfi/threshold/pkg/protocol.(*Handler).processMessage()
      /Users/z/work/lux/threshold/pkg/protocol/handler.go:474 +0xb70
  github.com/luxfi/threshold/pkg/protocol.(*Handler).messageWorker()
      /Users/z/work/lux/threshold/pkg/protocol/handler.go:408 +0x338
  github.com/luxfi/threshold/pkg/protocol.(*Handler).startWorkers.gowrap2()
      /Users/z/work/lux/threshold/pkg/protocol/handler.go:361 +0x44

Goroutine 1651 (running) created at:
  github.com/luxfi/threshold/pkg/protocol.(*Handler).startWorkers()
      /Users/z/work/lux/threshold/pkg/protocol/handler.go:361 +0x334
  github.com/luxfi/threshold/pkg/protocol.NewHandler()
      /Users/z/work/lux/threshold/pkg/protocol/handler.go:247 +0xf10
  github.com/luxfi/threshold/protocols/frost_test.TestFROSTKeygenWithTimeout.func1()
      /Users/z/work/lux/threshold/protocols/frost/frost_fixed_test.go:140 +0x364
  github.com/luxfi/threshold/internal/test.RunProtocolWithTimeoutNew()
      /Users/z/work/lux/threshold/internal/test/timeout_handler.go:72 +0x26c
  github.com/luxfi/threshold/protocols/frost_test.TestFROSTKeygenWithTimeout()
      /Users/z/work/lux/threshold/protocols/frost/frost_fixed_test.go:152 +0xc4
  testing.tRunner()
      /opt/homebrew/Cellar/go/1.24.6/libexec/src/testing/testing.go:1792 +0x180
  testing.(*T).Run.gowrap1()
      /opt/homebrew/Cellar/go/1.24.6/libexec/src/testing/testing.go:1851 +0x40

Goroutine 1649 (running) created at:
  github.com/luxfi/threshold/pkg/protocol.(*Handler).startWorkers()
      /Users/z/work/lux/threshold/pkg/protocol/handler.go:361 +0x334
  github.com/luxfi/threshold/pkg/protocol.NewHandler()
      /Users/z/work/lux/threshold/pkg/protocol/handler.go:247 +0xf10
  github.com/luxfi/threshold/protocols/frost_test.TestFROSTKeygenWithTimeout.func1()
      /Users/z/work/lux/threshold/protocols/frost/frost_fixed_test.go:140 +0x364
  github.com/luxfi/threshold/internal/test.RunProtocolWithTimeoutNew()
      /Users/z/work/lux/threshold/internal/test/timeout_handler.go:72 +0x26c
  github.com/luxfi/threshold/protocols/frost_test.TestFROSTKeygenWithTimeout()
      /Users/z/work/lux/threshold/protocols/frost/frost_fixed_test.go:152 +0xc4
  testing.tRunner()
      /opt/homebrew/Cellar/go/1.24.6/libexec/src/testing/testing.go:1792 +0x180
  testing.(*T).Run.gowrap1()
      /opt/homebrew/Cellar/go/1.24.6/libexec/src/testing/testing.go:1851 +0x40
==================
2025-08-15T22:12:57.519-0500	DEBUG	protocol/handler.go:1591	have processed broadcast	{"{round 20 2  <nil>}": {"Key":"from","Type":15,"Integer":0,"String":"a","Interface":null}}
2025-08-15T22:12:57.519-0500	DEBUG	protocol/handler.go:1591	have processed broadcast	{"{round 20 2  <nil>}": {"Key":"from","Type":15,"Integer":0,"String":"b","Interface":null}}
2025-08-15T22:12:57.519-0500	DEBUG	protocol/handler.go:1591	have processed broadcast	{"{round 20 2  <nil>}": {"Key":"from","Type":15,"Integer":0,"String":"c","Interface":null}}
2025-08-15T22:12:57.519-0500	DEBUG	protocol/handler.go:1591	have processed broadcast	{"{round 20 2  <nil>}": {"Key":"from","Type":15,"Integer":0,"String":"e","Interface":null}}
2025-08-15T22:12:57.519-0500	DEBUG	protocol/handler.go:1649	have all messages and processed	{"{round 20 2  <nil>}": {"Key":"self","Type":15,"Integer":0,"String":"d","Interface":null}}
2025-08-15T22:12:57.519-0500	DEBUG	protocol/handler.go:619	finalizing round
2025-08-15T22:12:57.519-0500	DEBUG	protocol/handler.go:1039	sendRoundMessage	{"{from 15 0 d <nil>}": {"Key":"to","Type":15,"Integer":0,"String":"","Interface":null}, "{round 20 3  <nil>}": {"Key":"broadcast","Type":4,"Integer":1,"String":"","Interface":null}}
2025-08-15T22:12:57.520-0500	DEBUG	protocol/handler.go:1657	storing broadcast	{"{round 20 3  <nil>}": {"Key":"from","Type":15,"Integer":0,"String":"d","Interface":null}}
2025-08-15T22:12:57.520-0500	DEBUG	protocol/handler.go:1081	sent message to output channel	{"{from 15 0 d <nil>}": {"Key":"to","Type":15,"Integer":0,"String":"","Interface":null}, "{round 20 3  <nil>}": {"Key":"broadcast","Type":4,"Integer":1,"String":"","Interface":null}}
2025-08-15T22:12:57.520-0500	DEBUG	protocol/handler.go:1039	sendRoundMessage	{"{from 15 0 d <nil>}": {"Key":"to","Type":15,"Integer":0,"String":"a","Interface":null}, "{round 20 3  <nil>}": {"Key":"broadcast","Type":4,"Integer":0,"String":"","Interface":null}}
2025-08-15T22:12:57.520-0500	DEBUG	protocol/handler.go:1081	sent message to output channel	{"{from 15 0 d <nil>}": {"Key":"to","Type":15,"Integer":0,"String":"a","Interface":null}, "{round 20 3  <nil>}": {"Key":"broadcast","Type":4,"Integer":0,"String":"","Interface":null}}
2025-08-15T22:12:57.520-0500	DEBUG	protocol/handler.go:1039	sendRoundMessage	{"{from 15 0 d <nil>}": {"Key":"to","Type":15,"Integer":0,"String":"b","Interface":null}, "{round 20 3  <nil>}": {"Key":"broadcast","Type":4,"Integer":0,"String":"","Interface":null}}
2025-08-15T22:12:57.520-0500	DEBUG	protocol/handler.go:1081	sent message to output channel	{"{from 15 0 d <nil>}": {"Key":"to","Type":15,"Integer":0,"String":"b","Interface":null}, "{round 20 3  <nil>}": {"Key":"broadcast","Type":4,"Integer":0,"String":"","Interface":null}}
2025-08-15T22:12:57.520-0500	DEBUG	protocol/handler.go:1039	sendRoundMessage	{"{from 15 0 d <nil>}": {"Key":"to","Type":15,"Integer":0,"String":"c","Interface":null}, "{round 20 3  <nil>}": {"Key":"broadcast","Type":4,"Integer":0,"String":"","Interface":null}}
2025-08-15T22:12:57.520-0500	DEBUG	protocol/handler.go:1081	sent message to output channel	{"{from 15 0 d <nil>}": {"Key":"to","Type":15,"Integer":0,"String":"c","Interface":null}, "{round 20 3  <nil>}": {"Key":"broadcast","Type":4,"Integer":0,"String":"","Interface":null}}
2025-08-15T22:12:57.520-0500	DEBUG	protocol/handler.go:1039	sendRoundMessage	{"{from 15 0 d <nil>}": {"Key":"to","Type":15,"Integer":0,"String":"e","Interface":null}, "{round 20 3  <nil>}": {"Key":"broadcast","Type":4,"Integer":0,"String":"","Interface":null}}
2025-08-15T22:12:57.520-0500	DEBUG	protocol/handler.go:1081	sent message to output channel	{"{from 15 0 d <nil>}": {"Key":"to","Type":15,"Integer":0,"String":"e","Interface":null}, "{round 20 3  <nil>}": {"Key":"broadcast","Type":4,"Integer":0,"String":"","Interface":null}}
2025-08-15T22:12:57.520-0500	DEBUG	protocol/handler.go:1182	finalized round messages	{"{round 20 2  <nil>}": {"Key":"messages","Type":11,"Integer":5,"String":"","Interface":null}}
2025-08-15T22:12:57.520-0500	DEBUG	protocol/handler.go:1239	finalize returned next round	{"{current 20 2  <nil>}": {"Key":"next","Type":20,"Integer":3,"String":"","Interface":null}}
2025-08-15T22:12:57.520-0500	INFO	protocol/handler.go:642	storing new currentRound	{"{from 20 2  <nil>}": {"Key":"to","Type":20,"Integer":3,"String":"","Interface":null}}
2025-08-15T22:12:57.520-0500	DEBUG	protocol/handler.go:1503	processing queued messages
2025-08-15T22:12:57.520-0500	INFO	protocol/handler.go:560	advanced to round
2025-08-15T22:12:57.520-0500	DEBUG	protocol/handler.go:581	tryAdvanceRound called	{"{current_round 20 3  <nil>}": {"Key":"self","Type":15,"Integer":0,"String":"d","Interface":null}}
2025-08-15T22:12:57.521-0500	DEBUG	protocol/handler.go:1591	have processed broadcast	{"{round 20 3  <nil>}": {"Key":"from","Type":15,"Integer":0,"String":"a","Interface":null}}
2025-08-15T22:12:57.521-0500	DEBUG	protocol/handler.go:1591	have processed broadcast	{"{round 20 3  <nil>}": {"Key":"from","Type":15,"Integer":0,"String":"e","Interface":null}}
2025-08-15T22:12:57.521-0500	DEBUG	protocol/handler.go:1600	waiting for broadcasts	{"{round 20 3  <nil>}": {"Key":"missing","Type":15,"Integer":0,"String":"[b c]","Interface":null}}
2025-08-15T22:12:57.521-0500	DEBUG	protocol/handler.go:1503	processing queued messages
2025-08-15T22:12:57.522-0500	DEBUG	protocol/handler.go:581	tryAdvanceRound called	{"{current_round 20 3  <nil>}": {"Key":"self","Type":15,"Integer":0,"String":"d","Interface":null}}
2025-08-15T22:12:57.522-0500	DEBUG	protocol/handler.go:1591	have processed broadcast	{"{round 20 3  <nil>}": {"Key":"from","Type":15,"Integer":0,"String":"a","Interface":null}}
2025-08-15T22:12:57.523-0500	DEBUG	protocol/handler.go:1591	have processed broadcast	{"{round 20 3  <nil>}": {"Key":"from","Type":15,"Integer":0,"String":"e","Interface":null}}
2025-08-15T22:12:57.523-0500	DEBUG	protocol/handler.go:1600	waiting for broadcasts	{"{round 20 3  <nil>}": {"Key":"missing","Type":15,"Integer":0,"String":"[b c]","Interface":null}}
2025-08-15T22:12:57.523-0500	DEBUG	protocol/handler.go:432	processMessage: p2p round 3 START	{"{from 15 0 b <nil>}": {"Key":"to","Type":15,"Integer":0,"String":"a","Interface":null}}
2025-08-15T22:12:57.523-0500	DEBUG	protocol/handler.go:437	processing message	{"{from 15 0 b <nil>}": {"Key":"to","Type":15,"Integer":0,"String":"a","Interface":null}, "{round 20 3  <nil>}": {"Key":"broadcast","Type":4,"Integer":0,"String":"","Interface":null}}
2025-08-15T22:12:57.523-0500	DEBUG	protocol/handler.go:1662	storing message	{"{round 20 3  <nil>}": {"Key":"from","Type":15,"Integer":0,"String":"b","Interface":null}}
2025-08-15T22:12:57.523-0500	DEBUG	protocol/handler.go:581	tryAdvanceRound called	{"{current_round 20 3  <nil>}": {"Key":"self","Type":15,"Integer":0,"String":"a","Interface":null}}
2025-08-15T22:12:57.523-0500	DEBUG	protocol/handler.go:1306	waiting for broadcast before normal message
2025-08-15T22:12:57.523-0500	DEBUG	protocol/handler.go:1591	have processed broadcast	{"{round 20 3  <nil>}": {"Key":"from","Type":15,"Integer":0,"String":"e","Interface":null}}
2025-08-15T22:12:57.523-0500	DEBUG	protocol/handler.go:1600	waiting for broadcasts	{"{round 20 3  <nil>}": {"Key":"missing","Type":15,"Integer":0,"String":"[b c d]","Interface":null}}
2025-08-15T22:12:57.523-0500	DEBUG	protocol/handler.go:432	processMessage: p2p round 3 START	{"{from 15 0 e <nil>}": {"Key":"to","Type":15,"Integer":0,"String":"c","Interface":null}}
2025-08-15T22:12:57.523-0500	DEBUG	protocol/handler.go:437	processing message	{"{from 15 0 e <nil>}": {"Key":"to","Type":15,"Integer":0,"String":"c","Interface":null}, "{round 20 3  <nil>}": {"Key":"broadcast","Type":4,"Integer":0,"String":"","Interface":null}}
2025-08-15T22:12:57.523-0500	DEBUG	protocol/handler.go:1662	storing message	{"{round 20 3  <nil>}": {"Key":"from","Type":15,"Integer":0,"String":"e","Interface":null}}
2025-08-15T22:12:57.523-0500	DEBUG	protocol/handler.go:581	tryAdvanceRound called	{"{current_round 20 3  <nil>}": {"Key":"self","Type":15,"Integer":0,"String":"c","Interface":null}}
2025-08-15T22:12:57.523-0500	DEBUG	protocol/handler.go:1306	waiting for broadcast before normal message
2025-08-15T22:12:57.523-0500	DEBUG	protocol/handler.go:1600	waiting for broadcasts	{"{round 20 3  <nil>}": {"Key":"missing","Type":15,"Integer":0,"String":"[a b d e]","Interface":null}}
2025-08-15T22:12:57.523-0500	DEBUG	protocol/handler.go:437	processing message	{"{from 15 0 b <nil>}": {"Key":"to","Type":15,"Integer":0,"String":"","Interface":null}, "{round 20 3  <nil>}": {"Key":"broadcast","Type":4,"Integer":1,"String":"","Interface":null}}
2025-08-15T22:12:57.523-0500	DEBUG	protocol/handler.go:1657	storing broadcast	{"{round 20 3  <nil>}": {"Key":"from","Type":15,"Integer":0,"String":"b","Interface":null}}
2025-08-15T22:12:57.524-0500	DEBUG	protocol/handler.go:581	tryAdvanceRound called	{"{current_round 20 3  <nil>}": {"Key":"self","Type":15,"Integer":0,"String":"e","Interface":null}}
2025-08-15T22:12:57.525-0500	DEBUG	protocol/handler.go:1591	have processed broadcast	{"{round 20 3  <nil>}": {"Key":"from","Type":15,"Integer":0,"String":"b","Interface":null}}
2025-08-15T22:12:57.525-0500	DEBUG	protocol/handler.go:1600	waiting for broadcasts	{"{round 20 3  <nil>}": {"Key":"missing","Type":15,"Integer":0,"String":"[a c d]","Interface":null}}
2025-08-15T22:12:57.525-0500	DEBUG	protocol/handler.go:432	processMessage: p2p round 3 START	{"{from 15 0 c <nil>}": {"Key":"to","Type":15,"Integer":0,"String":"b","Interface":null}}
2025-08-15T22:12:57.525-0500	DEBUG	protocol/handler.go:437	processing message	{"{from 15 0 c <nil>}": {"Key":"to","Type":15,"Integer":0,"String":"b","Interface":null}, "{round 20 3  <nil>}": {"Key":"broadcast","Type":4,"Integer":0,"String":"","Interface":null}}
2025-08-15T22:12:57.525-0500	DEBUG	protocol/handler.go:1662	storing message	{"{round 20 3  <nil>}": {"Key":"from","Type":15,"Integer":0,"String":"c","Interface":null}}
2025-08-15T22:12:57.526-0500	DEBUG	protocol/handler.go:581	tryAdvanceRound called	{"{current_round 20 3  <nil>}": {"Key":"self","Type":15,"Integer":0,"String":"b","Interface":null}}
2025-08-15T22:12:57.526-0500	DEBUG	protocol/handler.go:1306	waiting for broadcast before normal message
2025-08-15T22:12:57.526-0500	DEBUG	protocol/handler.go:1600	waiting for broadcasts	{"{round 20 3  <nil>}": {"Key":"missing","Type":15,"Integer":0,"String":"[a c d e]","Interface":null}}
2025-08-15T22:12:57.526-0500	DEBUG	protocol/handler.go:437	processing message	{"{from 15 0 b <nil>}": {"Key":"to","Type":15,"Integer":0,"String":"","Interface":null}, "{round 20 3  <nil>}": {"Key":"broadcast","Type":4,"Integer":1,"String":"","Interface":null}}
2025-08-15T22:12:57.526-0500	DEBUG	protocol/handler.go:1657	storing broadcast	{"{round 20 3  <nil>}": {"Key":"from","Type":15,"Integer":0,"String":"b","Interface":null}}
2025-08-15T22:12:57.526-0500	DEBUG	protocol/handler.go:581	tryAdvanceRound called	{"{current_round 20 3  <nil>}": {"Key":"self","Type":15,"Integer":0,"String":"a","Interface":null}}
2025-08-15T22:12:57.527-0500	DEBUG	protocol/handler.go:1306	waiting for broadcast before normal message
2025-08-15T22:12:57.527-0500	DEBUG	protocol/handler.go:1306	waiting for broadcast before normal message
2025-08-15T22:12:57.527-0500	DEBUG	protocol/handler.go:1306	waiting for broadcast before normal message
2025-08-15T22:12:57.527-0500	DEBUG	protocol/handler.go:432	processMessage: p2p round 3 START	{"{from 15 0 e <nil>}": {"Key":"to","Type":15,"Integer":0,"String":"d","Interface":null}}
2025-08-15T22:12:57.527-0500	DEBUG	protocol/handler.go:437	processing message	{"{from 15 0 e <nil>}": {"Key":"to","Type":15,"Integer":0,"String":"d","Interface":null}, "{round 20 3  <nil>}": {"Key":"broadcast","Type":4,"Integer":0,"String":"","Interface":null}}
2025-08-15T22:12:57.527-0500	DEBUG	protocol/handler.go:1662	storing message	{"{round 20 3  <nil>}": {"Key":"from","Type":15,"Integer":0,"String":"e","Interface":null}}
2025-08-15T22:12:57.528-0500	DEBUG	protocol/handler.go:1591	have processed broadcast	{"{round 20 3  <nil>}": {"Key":"from","Type":15,"Integer":0,"String":"b","Interface":null}}
2025-08-15T22:12:57.528-0500	DEBUG	protocol/handler.go:1591	have processed broadcast	{"{round 20 3  <nil>}": {"Key":"from","Type":15,"Integer":0,"String":"e","Interface":null}}
2025-08-15T22:12:57.528-0500	DEBUG	protocol/handler.go:1600	waiting for broadcasts	{"{round 20 3  <nil>}": {"Key":"missing","Type":15,"Integer":0,"String":"[c d]","Interface":null}}
2025-08-15T22:12:57.528-0500	DEBUG	protocol/handler.go:432	processMessage: p2p round 3 START	{"{from 15 0 c <nil>}": {"Key":"to","Type":15,"Integer":0,"String":"e","Interface":null}}
2025-08-15T22:12:57.528-0500	DEBUG	protocol/handler.go:437	processing message	{"{from 15 0 c <nil>}": {"Key":"to","Type":15,"Integer":0,"String":"e","Interface":null}, "{round 20 3  <nil>}": {"Key":"broadcast","Type":4,"Integer":0,"String":"","Interface":null}}
2025-08-15T22:12:57.528-0500	DEBUG	protocol/handler.go:1662	storing message	{"{round 20 3  <nil>}": {"Key":"from","Type":15,"Integer":0,"String":"c","Interface":null}}
2025-08-15T22:12:57.528-0500	DEBUG	protocol/handler.go:581	tryAdvanceRound called	{"{current_round 20 3  <nil>}": {"Key":"self","Type":15,"Integer":0,"String":"e","Interface":null}}
2025-08-15T22:12:57.528-0500	DEBUG	protocol/handler.go:1306	waiting for broadcast before normal message
2025-08-15T22:12:57.528-0500	DEBUG	protocol/handler.go:1591	have processed broadcast	{"{round 20 3  <nil>}": {"Key":"from","Type":15,"Integer":0,"String":"b","Interface":null}}
2025-08-15T22:12:57.528-0500	DEBUG	protocol/handler.go:1600	waiting for broadcasts	{"{round 20 3  <nil>}": {"Key":"missing","Type":15,"Integer":0,"String":"[a c d]","Interface":null}}
2025-08-15T22:12:57.528-0500	DEBUG	protocol/handler.go:432	processMessage: p2p round 3 START	{"{from 15 0 c <nil>}": {"Key":"to","Type":15,"Integer":0,"String":"a","Interface":null}}
2025-08-15T22:12:57.528-0500	DEBUG	protocol/handler.go:437	processing message	{"{from 15 0 c <nil>}": {"Key":"to","Type":15,"Integer":0,"String":"a","Interface":null}, "{round 20 3  <nil>}": {"Key":"broadcast","Type":4,"Integer":0,"String":"","Interface":null}}
2025-08-15T22:12:57.528-0500	DEBUG	protocol/handler.go:1662	storing message	{"{round 20 3  <nil>}": {"Key":"from","Type":15,"Integer":0,"String":"c","Interface":null}}
2025-08-15T22:12:57.528-0500	DEBUG	protocol/handler.go:581	tryAdvanceRound called	{"{current_round 20 3  <nil>}": {"Key":"self","Type":15,"Integer":0,"String":"a","Interface":null}}
2025-08-15T22:12:57.528-0500	DEBUG	protocol/handler.go:1306	waiting for broadcast before normal message
2025-08-15T22:12:57.528-0500	DEBUG	protocol/handler.go:1591	have processed broadcast	{"{round 20 3  <nil>}": {"Key":"from","Type":15,"Integer":0,"String":"b","Interface":null}}
2025-08-15T22:12:57.528-0500	DEBUG	protocol/handler.go:1591	have processed broadcast	{"{round 20 3  <nil>}": {"Key":"from","Type":15,"Integer":0,"String":"e","Interface":null}}
2025-08-15T22:12:57.528-0500	DEBUG	protocol/handler.go:1600	waiting for broadcasts	{"{round 20 3  <nil>}": {"Key":"missing","Type":15,"Integer":0,"String":"[c d]","Interface":null}}
2025-08-15T22:12:57.528-0500	DEBUG	protocol/handler.go:432	processMessage: p2p round 3 START	{"{from 15 0 b <nil>}": {"Key":"to","Type":15,"Integer":0,"String":"c","Interface":null}}
2025-08-15T22:12:57.529-0500	DEBUG	protocol/handler.go:437	processing message	{"{from 15 0 b <nil>}": {"Key":"to","Type":15,"Integer":0,"String":"c","Interface":null}, "{round 20 3  <nil>}": {"Key":"broadcast","Type":4,"Integer":0,"String":"","Interface":null}}
2025-08-15T22:12:57.529-0500	DEBUG	protocol/handler.go:1662	storing message	{"{round 20 3  <nil>}": {"Key":"from","Type":15,"Integer":0,"String":"b","Interface":null}}
2025-08-15T22:12:57.529-0500	DEBUG	protocol/handler.go:581	tryAdvanceRound called	{"{current_round 20 3  <nil>}": {"Key":"self","Type":15,"Integer":0,"String":"c","Interface":null}}
2025-08-15T22:12:57.529-0500	DEBUG	protocol/handler.go:1306	waiting for broadcast before normal message
2025-08-15T22:12:57.529-0500	DEBUG	protocol/handler.go:1306	waiting for broadcast before normal message
2025-08-15T22:12:57.529-0500	DEBUG	protocol/handler.go:1600	waiting for broadcasts	{"{round 20 3  <nil>}": {"Key":"missing","Type":15,"Integer":0,"String":"[a b d e]","Interface":null}}
2025-08-15T22:12:57.529-0500	DEBUG	protocol/handler.go:437	processing message	{"{from 15 0 b <nil>}": {"Key":"to","Type":15,"Integer":0,"String":"","Interface":null}, "{round 20 3  <nil>}": {"Key":"broadcast","Type":4,"Integer":1,"String":"","Interface":null}}
2025-08-15T22:12:57.529-0500	DEBUG	protocol/handler.go:1657	storing broadcast	{"{round 20 3  <nil>}": {"Key":"from","Type":15,"Integer":0,"String":"b","Interface":null}}
2025-08-15T22:12:57.529-0500	DEBUG	protocol/handler.go:581	tryAdvanceRound called	{"{current_round 20 3  <nil>}": {"Key":"self","Type":15,"Integer":0,"String":"d","Interface":null}}
2025-08-15T22:12:57.529-0500	DEBUG	protocol/handler.go:581	tryAdvanceRound called	{"{current_round 20 3  <nil>}": {"Key":"self","Type":15,"Integer":0,"String":"c","Interface":null}}
2025-08-15T22:12:57.529-0500	DEBUG	protocol/handler.go:1591	have processed broadcast	{"{round 20 3  <nil>}": {"Key":"from","Type":15,"Integer":0,"String":"a","Interface":null}}
2025-08-15T22:12:57.529-0500	DEBUG	protocol/handler.go:1306	waiting for broadcast before normal message
2025-08-15T22:12:57.529-0500	DEBUG	protocol/handler.go:1591	have processed broadcast	{"{round 20 3  <nil>}": {"Key":"from","Type":15,"Integer":0,"String":"e","Interface":null}}
2025-08-15T22:12:57.529-0500	DEBUG	protocol/handler.go:1600	waiting for broadcasts	{"{round 20 3  <nil>}": {"Key":"missing","Type":15,"Integer":0,"String":"[b c]","Interface":null}}
2025-08-15T22:12:57.508-0500	DEBUG	protocol/handler.go:1503	processing queued messages
2025-08-15T22:12:57.531-0500	DEBUG	protocol/handler.go:1591	have processed broadcast	{"{round 20 3  <nil>}": {"Key":"from","Type":15,"Integer":0,"String":"b","Interface":null}}
2025-08-15T22:12:57.531-0500	DEBUG	protocol/handler.go:1600	waiting for broadcasts	{"{round 20 3  <nil>}": {"Key":"missing","Type":15,"Integer":0,"String":"[a d e]","Interface":null}}
2025-08-15T22:12:57.531-0500	DEBUG	protocol/handler.go:437	processing message	{"{from 15 0 a <nil>}": {"Key":"to","Type":15,"Integer":0,"String":"","Interface":null}, "{round 20 3  <nil>}": {"Key":"broadcast","Type":4,"Integer":1,"String":"","Interface":null}}
2025-08-15T22:12:57.531-0500	DEBUG	protocol/handler.go:1657	storing broadcast	{"{round 20 3  <nil>}": {"Key":"from","Type":15,"Integer":0,"String":"a","Interface":null}}
2025-08-15T22:12:57.531-0500	DEBUG	protocol/handler.go:581	tryAdvanceRound called	{"{current_round 20 3  <nil>}": {"Key":"self","Type":15,"Integer":0,"String":"c","Interface":null}}
2025-08-15T22:12:57.531-0500	DEBUG	protocol/handler.go:1306	waiting for broadcast before normal message
2025-08-15T22:12:57.531-0500	DEBUG	protocol/handler.go:1591	have processed broadcast	{"{round 20 3  <nil>}": {"Key":"from","Type":15,"Integer":0,"String":"a","Interface":null}}
2025-08-15T22:12:57.531-0500	DEBUG	protocol/handler.go:1591	have processed broadcast	{"{round 20 3  <nil>}": {"Key":"from","Type":15,"Integer":0,"String":"b","Interface":null}}
2025-08-15T22:12:57.531-0500	DEBUG	protocol/handler.go:1600	waiting for broadcasts	{"{round 20 3  <nil>}": {"Key":"missing","Type":15,"Integer":0,"String":"[d e]","Interface":null}}
2025-08-15T22:12:57.531-0500	DEBUG	protocol/handler.go:432	processMessage: p2p round 3 START	{"{from 15 0 a <nil>}": {"Key":"to","Type":15,"Integer":0,"String":"c","Interface":null}}
2025-08-15T22:12:57.584-0500	DEBUG	protocol/handler.go:437	processing message	{"{from 15 0 e <nil>}": {"Key":"to","Type":15,"Integer":0,"String":"","Interface":null}, "{round 20 3  <nil>}": {"Key":"broadcast","Type":4,"Integer":1,"String":"","Interface":null}}
2025-08-15T22:12:57.584-0500	DEBUG	protocol/handler.go:1657	storing broadcast	{"{round 20 3  <nil>}": {"Key":"from","Type":15,"Integer":0,"String":"e","Interface":null}}
2025-08-15T22:12:57.586-0500	DEBUG	protocol/handler.go:581	tryAdvanceRound called	{"{current_round 20 3  <nil>}": {"Key":"self","Type":15,"Integer":0,"String":"d","Interface":null}}
2025-08-15T22:12:57.587-0500	DEBUG	protocol/handler.go:1591	have processed broadcast	{"{round 20 3  <nil>}": {"Key":"from","Type":15,"Integer":0,"String":"a","Interface":null}}
2025-08-15T22:12:57.587-0500	DEBUG	protocol/handler.go:1591	have processed broadcast	{"{round 20 3  <nil>}": {"Key":"from","Type":15,"Integer":0,"String":"e","Interface":null}}
2025-08-15T22:12:57.587-0500	DEBUG	protocol/handler.go:1600	waiting for broadcasts	{"{round 20 3  <nil>}": {"Key":"missing","Type":15,"Integer":0,"String":"[b c]","Interface":null}}
2025-08-15T22:12:57.588-0500	DEBUG	protocol/handler.go:1591	have processed broadcast	{"{round 20 2  <nil>}": {"Key":"from","Type":15,"Integer":0,"String":"a","Interface":null}}
2025-08-15T22:12:57.588-0500	DEBUG	protocol/handler.go:1591	have processed broadcast	{"{round 20 2  <nil>}": {"Key":"from","Type":15,"Integer":0,"String":"b","Interface":null}}
2025-08-15T22:12:57.588-0500	DEBUG	protocol/handler.go:1591	have processed broadcast	{"{round 20 2  <nil>}": {"Key":"from","Type":15,"Integer":0,"String":"c","Interface":null}}
2025-08-15T22:12:57.588-0500	DEBUG	protocol/handler.go:1591	have processed broadcast	{"{round 20 2  <nil>}": {"Key":"from","Type":15,"Integer":0,"String":"e","Interface":null}}
2025-08-15T22:12:57.588-0500	DEBUG	protocol/handler.go:1649	have all messages and processed	{"{round 20 2  <nil>}": {"Key":"self","Type":15,"Integer":0,"String":"d","Interface":null}}
2025-08-15T22:12:57.588-0500	DEBUG	protocol/handler.go:596	round already finalized
2025-08-15T22:12:57.588-0500	DEBUG	protocol/handler.go:600	current round already advanced	{"{checking 20 2  <nil>}": {"Key":"current","Type":20,"Integer":3,"String":"","Interface":null}}
2025-08-15T22:12:57.589-0500	DEBUG	protocol/handler.go:581	tryAdvanceRound called	{"{current_round 20 3  <nil>}": {"Key":"self","Type":15,"Integer":0,"String":"b","Interface":null}}
2025-08-15T22:12:57.589-0500	DEBUG	protocol/handler.go:1306	waiting for broadcast before normal message
2025-08-15T22:12:57.589-0500	DEBUG	protocol/handler.go:1600	waiting for broadcasts	{"{round 20 3  <nil>}": {"Key":"missing","Type":15,"Integer":0,"String":"[a c d e]","Interface":null}}
2025-08-15T22:12:57.531-0500	DEBUG	protocol/handler.go:437	processing message	{"{from 15 0 a <nil>}": {"Key":"to","Type":15,"Integer":0,"String":"c","Interface":null}, "{round 20 3  <nil>}": {"Key":"broadcast","Type":4,"Integer":0,"String":"","Interface":null}}
2025-08-15T22:12:57.590-0500	DEBUG	protocol/handler.go:1591	have processed broadcast	{"{round 20 2  <nil>}": {"Key":"from","Type":15,"Integer":0,"String":"a","Interface":null}}
2025-08-15T22:12:57.590-0500	DEBUG	protocol/handler.go:1591	have processed broadcast	{"{round 20 2  <nil>}": {"Key":"from","Type":15,"Integer":0,"String":"b","Interface":null}}
2025-08-15T22:12:57.590-0500	DEBUG	protocol/handler.go:1591	have processed broadcast	{"{round 20 2  <nil>}": {"Key":"from","Type":15,"Integer":0,"String":"c","Interface":null}}
2025-08-15T22:12:57.590-0500	DEBUG	protocol/handler.go:1591	have processed broadcast	{"{round 20 2  <nil>}": {"Key":"from","Type":15,"Integer":0,"String":"e","Interface":null}}
2025-08-15T22:12:57.591-0500	DEBUG	protocol/handler.go:1649	have all messages and processed	{"{round 20 2  <nil>}": {"Key":"self","Type":15,"Integer":0,"String":"d","Interface":null}}
2025-08-15T22:12:57.591-0500	DEBUG	protocol/handler.go:596	round already finalized
2025-08-15T22:12:57.591-0500	DEBUG	protocol/handler.go:600	current round already advanced	{"{checking 20 2  <nil>}": {"Key":"current","Type":20,"Integer":3,"String":"","Interface":null}}
==================
WARNING: DATA RACE
Write at 0x00c000a07abc by goroutine 1728:
  ??()
      -:0 +0x104ada650
  sync/atomic.CompareAndSwapInt32()
      <autogenerated>:1 +0x18
  sync.(*Mutex).Lock()
      /opt/homebrew/Cellar/go/1.24.6/libexec/src/sync/mutex.go:46 +0x2c
  github.com/luxfi/threshold/protocols/frost/keygen.(*round2).StoreBroadcastMessage()
      /Users/z/work/lux/threshold/protocols/frost/keygen/round2.go:57 +0x58
  github.com/luxfi/threshold/pkg/protocol.(*Handler).verifyBroadcastForRound()
      /Users/z/work/lux/threshold/pkg/protocol/handler.go:1277 +0x3a0
  github.com/luxfi/threshold/pkg/protocol.(*Handler).processQueuedMessages()
      /Users/z/work/lux/threshold/pkg/protocol/handler.go:1513 +0x718
  github.com/luxfi/threshold/pkg/protocol.(*Handler).tryAdvanceRound.gowrap2()
      /Users/z/work/lux/threshold/pkg/protocol/handler.go:673 +0x40

Previous read at 0x00c000a07ab8 by goroutine 1698:
  github.com/luxfi/threshold/protocols/frost/keygen.(*round2).Number()
      <autogenerated>:1 +0x38
  github.com/luxfi/threshold/pkg/protocol.(*Handler).hasAllMessages()
      /Users/z/work/lux/threshold/pkg/protocol/handler.go:1570 +0x40
  github.com/luxfi/threshold/pkg/protocol.(*Handler).tryAdvanceRound()
      /Users/z/work/lux/threshold/pkg/protocol/handler.go:589 +0x29c
  github.com/luxfi/threshold/pkg/protocol.(*Handler).roundProcessor()
      /Users/z/work/lux/threshold/pkg/protocol/handler.go:569 +0xb4
  github.com/luxfi/threshold/pkg/protocol.(*Handler).startWorkers.func1()
      /Users/z/work/lux/threshold/pkg/protocol/handler.go:374 +0x78

Goroutine 1728 (running) created at:
  github.com/luxfi/threshold/pkg/protocol.(*Handler).tryAdvanceRound()
      /Users/z/work/lux/threshold/pkg/protocol/handler.go:673 +0x12e4
  github.com/luxfi/threshold/pkg/protocol.(*Handler).processMessage()
      /Users/z/work/lux/threshold/pkg/protocol/handler.go:474 +0xb70
  github.com/luxfi/threshold/pkg/protocol.(*Handler).messageWorker()
      /Users/z/work/lux/threshold/pkg/protocol/handler.go:408 +0x338
  github.com/luxfi/threshold/pkg/protocol.(*Handler).startWorkers.gowrap1()
      /Users/z/work/lux/threshold/pkg/protocol/handler.go:355 +0x44

Goroutine 1698 (running) created at:
  github.com/luxfi/threshold/pkg/protocol.(*Handler).startWorkers()
      /Users/z/work/lux/threshold/pkg/protocol/handler.go:372 +0x4fc
  github.com/luxfi/threshold/pkg/protocol.NewHandler()
      /Users/z/work/lux/threshold/pkg/protocol/handler.go:247 +0xf10
  github.com/luxfi/threshold/protocols/frost_test.TestFROSTKeygenWithTimeout.func1()
      /Users/z/work/lux/threshold/protocols/frost/frost_fixed_test.go:140 +0x364
  github.com/luxfi/threshold/internal/test.RunProtocolWithTimeoutNew()
      /Users/z/work/lux/threshold/internal/test/timeout_handler.go:72 +0x26c
  github.com/luxfi/threshold/protocols/frost_test.TestFROSTKeygenWithTimeout()
      /Users/z/work/lux/threshold/protocols/frost/frost_fixed_test.go:152 +0xc4
  testing.tRunner()
      /opt/homebrew/Cellar/go/1.24.6/libexec/src/testing/testing.go:1792 +0x180
  testing.(*T).Run.gowrap1()
      /opt/homebrew/Cellar/go/1.24.6/libexec/src/testing/testing.go:1851 +0x40
==================
2025-08-15T22:12:57.592-0500	DEBUG	protocol/handler.go:432	processMessage: p2p round 3 START	{"{from 15 0 d <nil>}": {"Key":"to","Type":15,"Integer":0,"String":"a","Interface":null}}
2025-08-15T22:12:57.592-0500	DEBUG	protocol/handler.go:437	processing message	{"{from 15 0 d <nil>}": {"Key":"to","Type":15,"Integer":0,"String":"a","Interface":null}, "{round 20 3  <nil>}": {"Key":"broadcast","Type":4,"Integer":0,"String":"","Interface":null}}
2025-08-15T22:12:57.592-0500	DEBUG	protocol/handler.go:1662	storing message	{"{round 20 3  <nil>}": {"Key":"from","Type":15,"Integer":0,"String":"d","Interface":null}}
2025-08-15T22:12:57.592-0500	DEBUG	protocol/handler.go:581	tryAdvanceRound called	{"{current_round 20 3  <nil>}": {"Key":"self","Type":15,"Integer":0,"String":"a","Interface":null}}
2025-08-15T22:12:57.593-0500	DEBUG	protocol/handler.go:1306	waiting for broadcast before normal message
2025-08-15T22:12:57.592-0500	DEBUG	protocol/handler.go:581	tryAdvanceRound called	{"{current_round 20 3  <nil>}": {"Key":"self","Type":15,"Integer":0,"String":"b","Interface":null}}
2025-08-15T22:12:57.593-0500	DEBUG	protocol/handler.go:432	processMessage: p2p round 3 START	{"{from 15 0 d <nil>}": {"Key":"to","Type":15,"Integer":0,"String":"e","Interface":null}}
2025-08-15T22:12:57.593-0500	DEBUG	protocol/handler.go:437	processing message	{"{from 15 0 d <nil>}": {"Key":"to","Type":15,"Integer":0,"String":"e","Interface":null}, "{round 20 3  <nil>}": {"Key":"broadcast","Type":4,"Integer":0,"String":"","Interface":null}}
2025-08-15T22:12:57.593-0500	DEBUG	protocol/handler.go:1306	waiting for broadcast before normal message
2025-08-15T22:12:57.593-0500	DEBUG	protocol/handler.go:1662	storing message	{"{round 20 3  <nil>}": {"Key":"from","Type":15,"Integer":0,"String":"d","Interface":null}}
2025-08-15T22:12:57.593-0500	DEBUG	protocol/handler.go:581	tryAdvanceRound called	{"{current_round 20 3  <nil>}": {"Key":"self","Type":15,"Integer":0,"String":"e","Interface":null}}
2025-08-15T22:12:57.593-0500	DEBUG	protocol/handler.go:1306	waiting for broadcast before normal message
2025-08-15T22:12:57.593-0500	DEBUG	protocol/handler.go:1600	waiting for broadcasts	{"{round 20 3  <nil>}": {"Key":"missing","Type":15,"Integer":0,"String":"[a c d e]","Interface":null}}
2025-08-15T22:12:57.593-0500	DEBUG	protocol/handler.go:1306	waiting for broadcast before normal message
2025-08-15T22:12:57.593-0500	DEBUG	protocol/handler.go:1591	have processed broadcast	{"{round 20 3  <nil>}": {"Key":"from","Type":15,"Integer":0,"String":"b","Interface":null}}
2025-08-15T22:12:57.593-0500	DEBUG	protocol/handler.go:1600	waiting for broadcasts	{"{round 20 3  <nil>}": {"Key":"missing","Type":15,"Integer":0,"String":"[a c d]","Interface":null}}
2025-08-15T22:12:57.593-0500	DEBUG	protocol/handler.go:581	tryAdvanceRound called	{"{current_round 20 3  <nil>}": {"Key":"self","Type":15,"Integer":0,"String":"b","Interface":null}}
2025-08-15T22:12:57.593-0500	DEBUG	protocol/handler.go:432	processMessage: p2p round 3 START	{"{from 15 0 d <nil>}": {"Key":"to","Type":15,"Integer":0,"String":"c","Interface":null}}
2025-08-15T22:12:57.593-0500	DEBUG	protocol/handler.go:1306	waiting for broadcast before normal message
2025-08-15T22:12:57.593-0500	DEBUG	protocol/handler.go:1600	waiting for broadcasts	{"{round 20 3  <nil>}": {"Key":"missing","Type":15,"Integer":0,"String":"[a c d e]","Interface":null}}
2025-08-15T22:12:57.593-0500	DEBUG	protocol/handler.go:1306	waiting for broadcast before normal message
2025-08-15T22:12:57.593-0500	DEBUG	protocol/handler.go:1591	have processed broadcast	{"{round 20 3  <nil>}": {"Key":"from","Type":15,"Integer":0,"String":"b","Interface":null}}
2025-08-15T22:12:57.593-0500	DEBUG	protocol/handler.go:1591	have processed broadcast	{"{round 20 3  <nil>}": {"Key":"from","Type":15,"Integer":0,"String":"e","Interface":null}}
2025-08-15T22:12:57.593-0500	DEBUG	protocol/handler.go:1600	waiting for broadcasts	{"{round 20 3  <nil>}": {"Key":"missing","Type":15,"Integer":0,"String":"[c d]","Interface":null}}
2025-08-15T22:12:57.594-0500	DEBUG	protocol/handler.go:581	tryAdvanceRound called	{"{current_round 20 3  <nil>}": {"Key":"self","Type":15,"Integer":0,"String":"a","Interface":null}}
2025-08-15T22:12:57.594-0500	DEBUG	protocol/handler.go:1306	waiting for broadcast before normal message
2025-08-15T22:12:57.594-0500	DEBUG	protocol/handler.go:1306	waiting for broadcast before normal message
2025-08-15T22:12:57.587-0500	DEBUG	protocol/handler.go:437	processing message	{"{from 15 0 c <nil>}": {"Key":"to","Type":15,"Integer":0,"String":"","Interface":null}, "{round 20 3  <nil>}": {"Key":"broadcast","Type":4,"Integer":1,"String":"","Interface":null}}
2025-08-15T22:12:57.594-0500	DEBUG	protocol/handler.go:1591	have processed broadcast	{"{round 20 3  <nil>}": {"Key":"from","Type":15,"Integer":0,"String":"b","Interface":null}}
2025-08-15T22:12:57.594-0500	DEBUG	protocol/handler.go:1657	storing broadcast	{"{round 20 3  <nil>}": {"Key":"from","Type":15,"Integer":0,"String":"c","Interface":null}}
2025-08-15T22:12:57.594-0500	DEBUG	protocol/handler.go:1591	have processed broadcast	{"{round 20 3  <nil>}": {"Key":"from","Type":15,"Integer":0,"String":"e","Interface":null}}
2025-08-15T22:12:57.594-0500	DEBUG	protocol/handler.go:1600	waiting for broadcasts	{"{round 20 3  <nil>}": {"Key":"missing","Type":15,"Integer":0,"String":"[c d]","Interface":null}}
2025-08-15T22:12:57.591-0500	DEBUG	protocol/handler.go:1591	have processed broadcast	{"{round 20 2  <nil>}": {"Key":"from","Type":15,"Integer":0,"String":"a","Interface":null}}
2025-08-15T22:12:57.594-0500	DEBUG	protocol/handler.go:581	tryAdvanceRound called	{"{current_round 20 3  <nil>}": {"Key":"self","Type":15,"Integer":0,"String":"d","Interface":null}}
2025-08-15T22:12:57.594-0500	DEBUG	protocol/handler.go:1591	have processed broadcast	{"{round 20 2  <nil>}": {"Key":"from","Type":15,"Integer":0,"String":"b","Interface":null}}
2025-08-15T22:12:57.594-0500	DEBUG	protocol/handler.go:1591	have processed broadcast	{"{round 20 3  <nil>}": {"Key":"from","Type":15,"Integer":0,"String":"a","Interface":null}}
2025-08-15T22:12:57.594-0500	DEBUG	protocol/handler.go:1591	have processed broadcast	{"{round 20 2  <nil>}": {"Key":"from","Type":15,"Integer":0,"String":"c","Interface":null}}
2025-08-15T22:12:57.594-0500	DEBUG	protocol/handler.go:1591	have processed broadcast	{"{round 20 3  <nil>}": {"Key":"from","Type":15,"Integer":0,"String":"c","Interface":null}}
2025-08-15T22:12:57.594-0500	DEBUG	protocol/handler.go:1591	have processed broadcast	{"{round 20 2  <nil>}": {"Key":"from","Type":15,"Integer":0,"String":"d","Interface":null}}
2025-08-15T22:12:57.594-0500	DEBUG	protocol/handler.go:1591	have processed broadcast	{"{round 20 3  <nil>}": {"Key":"from","Type":15,"Integer":0,"String":"e","Interface":null}}
2025-08-15T22:12:57.594-0500	DEBUG	protocol/handler.go:1649	have all messages and processed	{"{round 20 2  <nil>}": {"Key":"self","Type":15,"Integer":0,"String":"e","Interface":null}}
2025-08-15T22:12:57.594-0500	DEBUG	protocol/handler.go:596	round already finalized
2025-08-15T22:12:57.594-0500	DEBUG	protocol/handler.go:600	current round already advanced	{"{checking 20 2  <nil>}": {"Key":"current","Type":20,"Integer":3,"String":"","Interface":null}}
2025-08-15T22:12:57.594-0500	DEBUG	protocol/handler.go:437	processing message	{"{from 15 0 c <nil>}": {"Key":"to","Type":15,"Integer":0,"String":"","Interface":null}, "{round 20 3  <nil>}": {"Key":"broadcast","Type":4,"Integer":1,"String":"","Interface":null}}
2025-08-15T22:12:57.594-0500	INFO	protocol/handler.go:560	advanced to round
2025-08-15T22:12:57.594-0500	DEBUG	protocol/handler.go:1657	storing broadcast	{"{round 20 3  <nil>}": {"Key":"from","Type":15,"Integer":0,"String":"c","Interface":null}}
2025-08-15T22:12:57.599-0500	DEBUG	protocol/handler.go:581	tryAdvanceRound called	{"{current_round 20 3  <nil>}": {"Key":"self","Type":15,"Integer":0,"String":"b","Interface":null}}
2025-08-15T22:12:57.597-0500	DEBUG	protocol/handler.go:581	tryAdvanceRound called	{"{current_round 20 3  <nil>}": {"Key":"self","Type":15,"Integer":0,"String":"e","Interface":null}}
2025-08-15T22:12:57.599-0500	DEBUG	protocol/handler.go:1306	waiting for broadcast before normal message
2025-08-15T22:12:57.599-0500	DEBUG	protocol/handler.go:1306	waiting for broadcast before normal message
2025-08-15T22:12:57.599-0500	DEBUG	protocol/handler.go:1591	have processed broadcast	{"{round 20 3  <nil>}": {"Key":"from","Type":15,"Integer":0,"String":"b","Interface":null}}
2025-08-15T22:12:57.599-0500	DEBUG	protocol/handler.go:1600	waiting for broadcasts	{"{round 20 3  <nil>}": {"Key":"missing","Type":15,"Integer":0,"String":"[a c d]","Interface":null}}
2025-08-15T22:12:57.599-0500	DEBUG	protocol/handler.go:581	tryAdvanceRound called	{"{current_round 20 3  <nil>}": {"Key":"self","Type":15,"Integer":0,"String":"e","Interface":null}}
2025-08-15T22:12:57.599-0500	DEBUG	protocol/handler.go:1306	waiting for broadcast before normal message
2025-08-15T22:12:57.599-0500	DEBUG	protocol/handler.go:1306	waiting for broadcast before normal message
2025-08-15T22:12:57.599-0500	DEBUG	protocol/handler.go:1591	have processed broadcast	{"{round 20 3  <nil>}": {"Key":"from","Type":15,"Integer":0,"String":"b","Interface":null}}
2025-08-15T22:12:57.599-0500	DEBUG	protocol/handler.go:1600	waiting for broadcasts	{"{round 20 3  <nil>}": {"Key":"missing","Type":15,"Integer":0,"String":"[a c d]","Interface":null}}
2025-08-15T22:12:57.594-0500	DEBUG	protocol/handler.go:437	processing message	{"{from 15 0 a <nil>}": {"Key":"to","Type":15,"Integer":0,"String":"","Interface":null}, "{round 20 3  <nil>}": {"Key":"broadcast","Type":4,"Integer":1,"String":"","Interface":null}}
2025-08-15T22:12:57.599-0500	DEBUG	protocol/handler.go:1657	storing broadcast	{"{round 20 3  <nil>}": {"Key":"from","Type":15,"Integer":0,"String":"a","Interface":null}}
2025-08-15T22:12:57.600-0500	DEBUG	protocol/handler.go:581	tryAdvanceRound called	{"{current_round 20 3  <nil>}": {"Key":"self","Type":15,"Integer":0,"String":"b","Interface":null}}
2025-08-15T22:12:57.590-0500	DEBUG	protocol/handler.go:1662	storing message	{"{round 20 3  <nil>}": {"Key":"from","Type":15,"Integer":0,"String":"a","Interface":null}}
2025-08-15T22:12:57.600-0500	DEBUG	protocol/handler.go:1591	have processed broadcast	{"{round 20 3  <nil>}": {"Key":"from","Type":15,"Integer":0,"String":"a","Interface":null}}
2025-08-15T22:12:57.600-0500	DEBUG	protocol/handler.go:1591	have processed broadcast	{"{round 20 3  <nil>}": {"Key":"from","Type":15,"Integer":0,"String":"c","Interface":null}}
2025-08-15T22:12:57.600-0500	DEBUG	protocol/handler.go:1600	waiting for broadcasts	{"{round 20 3  <nil>}": {"Key":"missing","Type":15,"Integer":0,"String":"[d e]","Interface":null}}
2025-08-15T22:12:57.594-0500	DEBUG	protocol/handler.go:432	processMessage: p2p round 3 START	{"{from 15 0 a <nil>}": {"Key":"to","Type":15,"Integer":0,"String":"b","Interface":null}}
2025-08-15T22:12:57.600-0500	DEBUG	protocol/handler.go:437	processing message	{"{from 15 0 a <nil>}": {"Key":"to","Type":15,"Integer":0,"String":"b","Interface":null}, "{round 20 3  <nil>}": {"Key":"broadcast","Type":4,"Integer":0,"String":"","Interface":null}}
2025-08-15T22:12:57.601-0500	DEBUG	protocol/handler.go:1662	storing message	{"{round 20 3  <nil>}": {"Key":"from","Type":15,"Integer":0,"String":"a","Interface":null}}
2025-08-15T22:12:57.612-0500	DEBUG	protocol/handler.go:581	tryAdvanceRound called	{"{current_round 20 3  <nil>}": {"Key":"self","Type":15,"Integer":0,"String":"e","Interface":null}}
2025-08-15T22:12:57.613-0500	DEBUG	protocol/handler.go:1306	waiting for broadcast before normal message
2025-08-15T22:12:57.613-0500	DEBUG	protocol/handler.go:1306	waiting for broadcast before normal message
2025-08-15T22:12:57.613-0500	DEBUG	protocol/handler.go:1591	have processed broadcast	{"{round 20 3  <nil>}": {"Key":"from","Type":15,"Integer":0,"String":"b","Interface":null}}
2025-08-15T22:12:57.613-0500	DEBUG	protocol/handler.go:1600	waiting for broadcasts	{"{round 20 3  <nil>}": {"Key":"missing","Type":15,"Integer":0,"String":"[a c d]","Interface":null}}
2025-08-15T22:12:57.598-0500	DEBUG	protocol/handler.go:437	processing message	{"{from 15 0 d <nil>}": {"Key":"to","Type":15,"Integer":0,"String":"c","Interface":null}, "{round 20 3  <nil>}": {"Key":"broadcast","Type":4,"Integer":0,"String":"","Interface":null}}
2025-08-15T22:12:57.613-0500	DEBUG	protocol/handler.go:1662	storing message	{"{round 20 3  <nil>}": {"Key":"from","Type":15,"Integer":0,"String":"d","Interface":null}}
2025-08-15T22:12:57.613-0500	DEBUG	protocol/handler.go:581	tryAdvanceRound called	{"{current_round 20 3  <nil>}": {"Key":"self","Type":15,"Integer":0,"String":"c","Interface":null}}
2025-08-15T22:12:57.594-0500	DEBUG	protocol/handler.go:437	processing message	{"{from 15 0 e <nil>}": {"Key":"to","Type":15,"Integer":0,"String":"","Interface":null}, "{round 20 3  <nil>}": {"Key":"broadcast","Type":4,"Integer":1,"String":"","Interface":null}}
2025-08-15T22:12:57.614-0500	DEBUG	protocol/handler.go:1657	storing broadcast	{"{round 20 3  <nil>}": {"Key":"from","Type":15,"Integer":0,"String":"e","Interface":null}}
2025-08-15T22:12:57.614-0500	DEBUG	protocol/handler.go:581	tryAdvanceRound called	{"{current_round 20 3  <nil>}": {"Key":"self","Type":15,"Integer":0,"String":"b","Interface":null}}
2025-08-15T22:12:57.614-0500	DEBUG	protocol/handler.go:581	tryAdvanceRound called	{"{current_round 20 3  <nil>}": {"Key":"self","Type":15,"Integer":0,"String":"b","Interface":null}}
2025-08-15T22:12:57.614-0500	DEBUG	protocol/handler.go:581	tryAdvanceRound called	{"{current_round 20 3  <nil>}": {"Key":"self","Type":15,"Integer":0,"String":"c","Interface":null}}
2025-08-15T22:12:57.614-0500	DEBUG	protocol/handler.go:1306	waiting for broadcast before normal message
2025-08-15T22:12:57.615-0500	DEBUG	protocol/handler.go:1306	waiting for broadcast before normal message
2025-08-15T22:12:57.615-0500	DEBUG	protocol/handler.go:1591	have processed broadcast	{"{round 20 3  <nil>}": {"Key":"from","Type":15,"Integer":0,"String":"a","Interface":null}}
2025-08-15T22:12:57.615-0500	DEBUG	protocol/handler.go:1591	have processed broadcast	{"{round 20 3  <nil>}": {"Key":"from","Type":15,"Integer":0,"String":"b","Interface":null}}
2025-08-15T22:12:57.615-0500	DEBUG	protocol/handler.go:1591	have processed broadcast	{"{round 20 3  <nil>}": {"Key":"from","Type":15,"Integer":0,"String":"e","Interface":null}}
2025-08-15T22:12:57.615-0500	DEBUG	protocol/handler.go:1600	waiting for broadcasts	{"{round 20 3  <nil>}": {"Key":"missing","Type":15,"Integer":0,"String":"[d]","Interface":null}}
2025-08-15T22:12:57.616-0500	DEBUG	protocol/handler.go:1591	have processed broadcast	{"{round 20 3  <nil>}": {"Key":"from","Type":15,"Integer":0,"String":"a","Interface":null}}
2025-08-15T22:12:57.616-0500	DEBUG	protocol/handler.go:1591	have processed broadcast	{"{round 20 3  <nil>}": {"Key":"from","Type":15,"Integer":0,"String":"c","Interface":null}}
2025-08-15T22:12:57.616-0500	DEBUG	protocol/handler.go:1591	have processed broadcast	{"{round 20 3  <nil>}": {"Key":"from","Type":15,"Integer":0,"String":"e","Interface":null}}
2025-08-15T22:12:57.616-0500	DEBUG	protocol/handler.go:1600	waiting for broadcasts	{"{round 20 3  <nil>}": {"Key":"missing","Type":15,"Integer":0,"String":"[d]","Interface":null}}
2025-08-15T22:12:57.595-0500	DEBUG	protocol/handler.go:432	processMessage: p2p round 3 START	{"{from 15 0 e <nil>}": {"Key":"to","Type":15,"Integer":0,"String":"b","Interface":null}}
2025-08-15T22:12:57.616-0500	DEBUG	protocol/handler.go:437	processing message	{"{from 15 0 e <nil>}": {"Key":"to","Type":15,"Integer":0,"String":"b","Interface":null}, "{round 20 3  <nil>}": {"Key":"broadcast","Type":4,"Integer":0,"String":"","Interface":null}}
2025-08-15T22:12:57.616-0500	DEBUG	protocol/handler.go:1662	storing message	{"{round 20 3  <nil>}": {"Key":"from","Type":15,"Integer":0,"String":"e","Interface":null}}
2025-08-15T22:12:57.616-0500	DEBUG	protocol/handler.go:1591	have processed broadcast	{"{round 20 3  <nil>}": {"Key":"from","Type":15,"Integer":0,"String":"a","Interface":null}}
2025-08-15T22:12:57.616-0500	DEBUG	protocol/handler.go:1591	have processed broadcast	{"{round 20 3  <nil>}": {"Key":"from","Type":15,"Integer":0,"String":"b","Interface":null}}
2025-08-15T22:12:57.616-0500	DEBUG	protocol/handler.go:1591	have processed broadcast	{"{round 20 3  <nil>}": {"Key":"from","Type":15,"Integer":0,"String":"e","Interface":null}}
2025-08-15T22:12:57.616-0500	DEBUG	protocol/handler.go:1600	waiting for broadcasts	{"{round 20 3  <nil>}": {"Key":"missing","Type":15,"Integer":0,"String":"[d]","Interface":null}}
2025-08-15T22:12:57.617-0500	DEBUG	protocol/handler.go:581	tryAdvanceRound called	{"{current_round 20 3  <nil>}": {"Key":"self","Type":15,"Integer":0,"String":"b","Interface":null}}
2025-08-15T22:12:57.595-0500	DEBUG	protocol/handler.go:437	processing message	{"{from 15 0 c <nil>}": {"Key":"to","Type":15,"Integer":0,"String":"","Interface":null}, "{round 20 3  <nil>}": {"Key":"broadcast","Type":4,"Integer":1,"String":"","Interface":null}}
2025-08-15T22:12:57.617-0500	DEBUG	protocol/handler.go:1657	storing broadcast	{"{round 20 3  <nil>}": {"Key":"from","Type":15,"Integer":0,"String":"c","Interface":null}}
2025-08-15T22:12:57.617-0500	DEBUG	protocol/handler.go:581	tryAdvanceRound called	{"{current_round 20 3  <nil>}": {"Key":"self","Type":15,"Integer":0,"String":"b","Interface":null}}
2025-08-15T22:12:57.618-0500	DEBUG	protocol/handler.go:1591	have processed broadcast	{"{round 20 3  <nil>}": {"Key":"from","Type":15,"Integer":0,"String":"a","Interface":null}}
2025-08-15T22:12:57.618-0500	DEBUG	protocol/handler.go:581	tryAdvanceRound called	{"{current_round 20 3  <nil>}": {"Key":"self","Type":15,"Integer":0,"String":"e","Interface":null}}
2025-08-15T22:12:57.618-0500	DEBUG	protocol/handler.go:1591	have processed broadcast	{"{round 20 3  <nil>}": {"Key":"from","Type":15,"Integer":0,"String":"c","Interface":null}}
2025-08-15T22:12:57.618-0500	DEBUG	protocol/handler.go:1306	waiting for broadcast before normal message
2025-08-15T22:12:57.618-0500	DEBUG	protocol/handler.go:1591	have processed broadcast	{"{round 20 3  <nil>}": {"Key":"from","Type":15,"Integer":0,"String":"e","Interface":null}}
2025-08-15T22:12:57.618-0500	DEBUG	protocol/handler.go:1600	waiting for broadcasts	{"{round 20 3  <nil>}": {"Key":"missing","Type":15,"Integer":0,"String":"[d]","Interface":null}}
2025-08-15T22:12:57.595-0500	DEBUG	protocol/handler.go:437	processing message	{"{from 15 0 c <nil>}": {"Key":"to","Type":15,"Integer":0,"String":"","Interface":null}, "{round 20 3  <nil>}": {"Key":"broadcast","Type":4,"Integer":1,"String":"","Interface":null}}
2025-08-15T22:12:57.618-0500	DEBUG	protocol/handler.go:1657	storing broadcast	{"{round 20 3  <nil>}": {"Key":"from","Type":15,"Integer":0,"String":"c","Interface":null}}
2025-08-15T22:12:57.618-0500	DEBUG	protocol/handler.go:1591	have processed broadcast	{"{round 20 3  <nil>}": {"Key":"from","Type":15,"Integer":0,"String":"a","Interface":null}}
2025-08-15T22:12:57.618-0500	DEBUG	protocol/handler.go:581	tryAdvanceRound called	{"{current_round 20 3  <nil>}": {"Key":"self","Type":15,"Integer":0,"String":"a","Interface":null}}
2025-08-15T22:12:57.618-0500	DEBUG	protocol/handler.go:1591	have processed broadcast	{"{round 20 3  <nil>}": {"Key":"from","Type":15,"Integer":0,"String":"c","Interface":null}}
2025-08-15T22:12:57.595-0500	DEBUG	protocol/handler.go:432	processMessage: p2p round 3 START	{"{from 15 0 d <nil>}": {"Key":"to","Type":15,"Integer":0,"String":"b","Interface":null}}
2025-08-15T22:12:57.618-0500	DEBUG	protocol/handler.go:1591	have processed broadcast	{"{round 20 3  <nil>}": {"Key":"from","Type":15,"Integer":0,"String":"e","Interface":null}}
2025-08-15T22:12:57.619-0500	DEBUG	protocol/handler.go:437	processing message	{"{from 15 0 d <nil>}": {"Key":"to","Type":15,"Integer":0,"String":"b","Interface":null}, "{round 20 3  <nil>}": {"Key":"broadcast","Type":4,"Integer":0,"String":"","Interface":null}}
2025-08-15T22:12:57.619-0500	DEBUG	protocol/handler.go:1662	storing message	{"{round 20 3  <nil>}": {"Key":"from","Type":15,"Integer":0,"String":"d","Interface":null}}
2025-08-15T22:12:57.619-0500	DEBUG	protocol/handler.go:581	tryAdvanceRound called	{"{current_round 20 3  <nil>}": {"Key":"self","Type":15,"Integer":0,"String":"b","Interface":null}}
2025-08-15T22:12:57.619-0500	DEBUG	protocol/handler.go:1306	waiting for broadcast before normal message
2025-08-15T22:12:57.619-0500	DEBUG	protocol/handler.go:1591	have processed broadcast	{"{round 20 3  <nil>}": {"Key":"from","Type":15,"Integer":0,"String":"a","Interface":null}}
2025-08-15T22:12:57.619-0500	DEBUG	protocol/handler.go:1591	have processed broadcast	{"{round 20 3  <nil>}": {"Key":"from","Type":15,"Integer":0,"String":"c","Interface":null}}
2025-08-15T22:12:57.619-0500	DEBUG	protocol/handler.go:1591	have processed broadcast	{"{round 20 3  <nil>}": {"Key":"from","Type":15,"Integer":0,"String":"e","Interface":null}}
2025-08-15T22:12:57.595-0500	DEBUG	protocol/handler.go:432	processMessage: p2p round 3 START	{"{from 15 0 c <nil>}": {"Key":"to","Type":15,"Integer":0,"String":"d","Interface":null}}
2025-08-15T22:12:57.619-0500	DEBUG	protocol/handler.go:1600	waiting for broadcasts	{"{round 20 3  <nil>}": {"Key":"missing","Type":15,"Integer":0,"String":"[d]","Interface":null}}
2025-08-15T22:12:57.619-0500	DEBUG	protocol/handler.go:1591	have processed broadcast	{"{round 20 3  <nil>}": {"Key":"from","Type":15,"Integer":0,"String":"a","Interface":null}}
2025-08-15T22:12:57.619-0500	DEBUG	protocol/handler.go:1591	have processed broadcast	{"{round 20 3  <nil>}": {"Key":"from","Type":15,"Integer":0,"String":"c","Interface":null}}
2025-08-15T22:12:57.619-0500	DEBUG	protocol/handler.go:1600	waiting for broadcasts	{"{round 20 3  <nil>}": {"Key":"missing","Type":15,"Integer":0,"String":"[d]","Interface":null}}
2025-08-15T22:12:57.619-0500	DEBUG	protocol/handler.go:1591	have processed broadcast	{"{round 20 3  <nil>}": {"Key":"from","Type":15,"Integer":0,"String":"e","Interface":null}}
2025-08-15T22:12:57.619-0500	DEBUG	protocol/handler.go:581	tryAdvanceRound called	{"{current_round 20 3  <nil>}": {"Key":"self","Type":15,"Integer":0,"String":"e","Interface":null}}
2025-08-15T22:12:57.595-0500	DEBUG	protocol/handler.go:437	processing message	{"{from 15 0 d <nil>}": {"Key":"to","Type":15,"Integer":0,"String":"","Interface":null}, "{round 20 3  <nil>}": {"Key":"broadcast","Type":4,"Integer":1,"String":"","Interface":null}}
2025-08-15T22:12:57.594-0500	DEBUG	protocol/handler.go:1600	waiting for broadcasts	{"{round 20 3  <nil>}": {"Key":"missing","Type":15,"Integer":0,"String":"[b]","Interface":null}}
2025-08-15T22:12:57.595-0500	DEBUG	protocol/handler.go:437	processing message	{"{from 15 0 b <nil>}": {"Key":"to","Type":15,"Integer":0,"String":"","Interface":null}, "{round 20 3  <nil>}": {"Key":"broadcast","Type":4,"Integer":1,"String":"","Interface":null}}
2025-08-15T22:12:57.619-0500	DEBUG	protocol/handler.go:1591	have processed broadcast	{"{round 20 3  <nil>}": {"Key":"from","Type":15,"Integer":0,"String":"b","Interface":null}}
2025-08-15T22:12:57.619-0500	DEBUG	protocol/handler.go:1657	storing broadcast	{"{round 20 3  <nil>}": {"Key":"from","Type":15,"Integer":0,"String":"b","Interface":null}}
2025-08-15T22:12:57.619-0500	DEBUG	protocol/handler.go:1591	have processed broadcast	{"{round 20 3  <nil>}": {"Key":"from","Type":15,"Integer":0,"String":"c","Interface":null}}
2025-08-15T22:12:57.619-0500	DEBUG	protocol/handler.go:1657	storing broadcast	{"{round 20 3  <nil>}": {"Key":"from","Type":15,"Integer":0,"String":"d","Interface":null}}
2025-08-15T22:12:57.619-0500	DEBUG	protocol/handler.go:1600	waiting for broadcasts	{"{round 20 3  <nil>}": {"Key":"missing","Type":15,"Integer":0,"String":"[a d]","Interface":null}}
2025-08-15T22:12:57.619-0500	DEBUG	protocol/handler.go:581	tryAdvanceRound called	{"{current_round 20 3  <nil>}": {"Key":"self","Type":15,"Integer":0,"String":"d","Interface":null}}
2025-08-15T22:12:57.620-0500	DEBUG	protocol/handler.go:1591	have processed broadcast	{"{round 20 3  <nil>}": {"Key":"from","Type":15,"Integer":0,"String":"a","Interface":null}}
2025-08-15T22:12:57.620-0500	DEBUG	protocol/handler.go:1591	have processed broadcast	{"{round 20 3  <nil>}": {"Key":"from","Type":15,"Integer":0,"String":"b","Interface":null}}
2025-08-15T22:12:57.596-0500	DEBUG	protocol/handler.go:581	tryAdvanceRound called	{"{current_round 20 3  <nil>}": {"Key":"self","Type":15,"Integer":0,"String":"a","Interface":null}}
2025-08-15T22:12:57.620-0500	DEBUG	protocol/handler.go:1591	have processed broadcast	{"{round 20 3  <nil>}": {"Key":"from","Type":15,"Integer":0,"String":"c","Interface":null}}
2025-08-15T22:12:57.596-0500	DEBUG	protocol/handler.go:437	processing message	{"{from 15 0 a <nil>}": {"Key":"to","Type":15,"Integer":0,"String":"","Interface":null}, "{round 20 3  <nil>}": {"Key":"broadcast","Type":4,"Integer":1,"String":"","Interface":null}}
2025-08-15T22:12:57.620-0500	DEBUG	protocol/handler.go:1591	have processed broadcast	{"{round 20 3  <nil>}": {"Key":"from","Type":15,"Integer":0,"String":"e","Interface":null}}
2025-08-15T22:12:57.619-0500	DEBUG	protocol/handler.go:1600	waiting for broadcasts	{"{round 20 3  <nil>}": {"Key":"missing","Type":15,"Integer":0,"String":"[d]","Interface":null}}
2025-08-15T22:12:57.620-0500	DEBUG	protocol/handler.go:1657	storing broadcast	{"{round 20 3  <nil>}": {"Key":"from","Type":15,"Integer":0,"String":"a","Interface":null}}
2025-08-15T22:12:57.596-0500	DEBUG	protocol/handler.go:432	processMessage: p2p round 3 START	{"{from 15 0 a <nil>}": {"Key":"to","Type":15,"Integer":0,"String":"e","Interface":null}}
2025-08-15T22:12:57.620-0500	DEBUG	protocol/handler.go:437	processing message	{"{from 15 0 a <nil>}": {"Key":"to","Type":15,"Integer":0,"String":"e","Interface":null}, "{round 20 3  <nil>}": {"Key":"broadcast","Type":4,"Integer":0,"String":"","Interface":null}}
2025-08-15T22:12:57.620-0500	DEBUG	protocol/handler.go:581	tryAdvanceRound called	{"{current_round 20 3  <nil>}": {"Key":"self","Type":15,"Integer":0,"String":"e","Interface":null}}
2025-08-15T22:12:57.620-0500	DEBUG	protocol/handler.go:1662	storing message	{"{round 20 3  <nil>}": {"Key":"from","Type":15,"Integer":0,"String":"a","Interface":null}}
2025-08-15T22:12:57.620-0500	DEBUG	protocol/handler.go:1306	waiting for broadcast before normal message
2025-08-15T22:12:57.620-0500	DEBUG	protocol/handler.go:1591	have processed broadcast	{"{round 20 3  <nil>}": {"Key":"from","Type":15,"Integer":0,"String":"a","Interface":null}}
2025-08-15T22:12:57.620-0500	DEBUG	protocol/handler.go:581	tryAdvanceRound called	{"{current_round 20 3  <nil>}": {"Key":"self","Type":15,"Integer":0,"String":"b","Interface":null}}
2025-08-15T22:12:57.596-0500	DEBUG	protocol/handler.go:432	processMessage: p2p round 3 START	{"{from 15 0 b <nil>}": {"Key":"to","Type":15,"Integer":0,"String":"d","Interface":null}}
2025-08-15T22:12:57.596-0500	DEBUG	protocol/handler.go:437	processing message	{"{from 15 0 d <nil>}": {"Key":"to","Type":15,"Integer":0,"String":"","Interface":null}, "{round 20 3  <nil>}": {"Key":"broadcast","Type":4,"Integer":1,"String":"","Interface":null}}
2025-08-15T22:12:57.596-0500	DEBUG	protocol/handler.go:432	processMessage: p2p round 3 START	{"{from 15 0 a <nil>}": {"Key":"to","Type":15,"Integer":0,"String":"d","Interface":null}}
2025-08-15T22:12:57.596-0500	DEBUG	protocol/handler.go:1306	waiting for broadcast before normal message
2025-08-15T22:12:57.597-0500	DEBUG	protocol/handler.go:1591	have processed broadcast	{"{round 20 2  <nil>}": {"Key":"from","Type":15,"Integer":0,"String":"a","Interface":null}}
2025-08-15T22:12:57.595-0500	DEBUG	protocol/handler.go:581	tryAdvanceRound called	{"{current_round 20 3  <nil>}": {"Key":"self","Type":15,"Integer":0,"String":"d","Interface":null}}
2025-08-15T22:12:57.618-0500	DEBUG	protocol/handler.go:1591	have processed broadcast	{"{round 20 3  <nil>}": {"Key":"from","Type":15,"Integer":0,"String":"a","Interface":null}}
2025-08-15T22:12:57.595-0500	DEBUG	protocol/handler.go:437	processing message	{"{from 15 0 d <nil>}": {"Key":"to","Type":15,"Integer":0,"String":"","Interface":null}, "{round 20 3  <nil>}": {"Key":"broadcast","Type":4,"Integer":1,"String":"","Interface":null}}
2025-08-15T22:12:57.619-0500	DEBUG	protocol/handler.go:437	processing message	{"{from 15 0 c <nil>}": {"Key":"to","Type":15,"Integer":0,"String":"d","Interface":null}, "{round 20 3  <nil>}": {"Key":"broadcast","Type":4,"Integer":0,"String":"","Interface":null}}
2025-08-15T22:12:57.595-0500	DEBUG	protocol/handler.go:437	processing message	{"{from 15 0 d <nil>}": {"Key":"to","Type":15,"Integer":0,"String":"","Interface":null}, "{round 20 3  <nil>}": {"Key":"broadcast","Type":4,"Integer":1,"String":"","Interface":null}}
2025-08-15T22:12:57.620-0500	DEBUG	protocol/handler.go:581	tryAdvanceRound called	{"{current_round 20 3  <nil>}": {"Key":"self","Type":15,"Integer":0,"String":"a","Interface":null}}
2025-08-15T22:12:57.621-0500	DEBUG	protocol/handler.go:1591	have processed broadcast	{"{round 20 3  <nil>}": {"Key":"from","Type":15,"Integer":0,"String":"c","Interface":null}}
2025-08-15T22:12:57.621-0500	DEBUG	protocol/handler.go:1591	have processed broadcast	{"{round 20 3  <nil>}": {"Key":"from","Type":15,"Integer":0,"String":"e","Interface":null}}
2025-08-15T22:12:57.621-0500	DEBUG	protocol/handler.go:1600	waiting for broadcasts	{"{round 20 3  <nil>}": {"Key":"missing","Type":15,"Integer":0,"String":"[d]","Interface":null}}
2025-08-15T22:12:57.621-0500	DEBUG	protocol/handler.go:1657	storing broadcast	{"{round 20 3  <nil>}": {"Key":"from","Type":15,"Integer":0,"String":"d","Interface":null}}
2025-08-15T22:12:57.621-0500	DEBUG	protocol/handler.go:581	tryAdvanceRound called	{"{current_round 20 3  <nil>}": {"Key":"self","Type":15,"Integer":0,"String":"b","Interface":null}}
2025-08-15T22:12:57.621-0500	DEBUG	protocol/handler.go:1306	waiting for broadcast before normal message
2025-08-15T22:12:57.620-0500	DEBUG	protocol/handler.go:1635	waiting for messages	{"{round 20 3  <nil>}": {"Key":"missing","Type":15,"Integer":0,"String":"[a b c]","Interface":null}}
2025-08-15T22:12:57.620-0500	DEBUG	protocol/handler.go:437	processing message	{"{from 15 0 b <nil>}": {"Key":"to","Type":15,"Integer":0,"String":"d","Interface":null}, "{round 20 3  <nil>}": {"Key":"broadcast","Type":4,"Integer":0,"String":"","Interface":null}}
2025-08-15T22:12:57.621-0500	DEBUG	protocol/handler.go:1657	storing broadcast	{"{round 20 3  <nil>}": {"Key":"from","Type":15,"Integer":0,"String":"d","Interface":null}}
2025-08-15T22:12:57.622-0500	DEBUG	protocol/handler.go:581	tryAdvanceRound called	{"{current_round 20 3  <nil>}": {"Key":"self","Type":15,"Integer":0,"String":"e","Interface":null}}
2025-08-15T22:12:57.622-0500	DEBUG	protocol/handler.go:581	tryAdvanceRound called	{"{current_round 20 3  <nil>}": {"Key":"self","Type":15,"Integer":0,"String":"e","Interface":null}}
2025-08-15T22:12:57.622-0500	DEBUG	protocol/handler.go:1591	have processed broadcast	{"{round 20 3  <nil>}": {"Key":"from","Type":15,"Integer":0,"String":"b","Interface":null}}
2025-08-15T22:12:57.622-0500	DEBUG	protocol/handler.go:1591	have processed broadcast	{"{round 20 3  <nil>}": {"Key":"from","Type":15,"Integer":0,"String":"c","Interface":null}}
2025-08-15T22:12:57.622-0500	DEBUG	protocol/handler.go:1591	have processed broadcast	{"{round 20 3  <nil>}": {"Key":"from","Type":15,"Integer":0,"String":"d","Interface":null}}
2025-08-15T22:12:57.622-0500	DEBUG	protocol/handler.go:1591	have processed broadcast	{"{round 20 3  <nil>}": {"Key":"from","Type":15,"Integer":0,"String":"e","Interface":null}}
2025-08-15T22:12:57.622-0500	DEBUG	protocol/handler.go:1649	have all messages and processed	{"{round 20 3  <nil>}": {"Key":"self","Type":15,"Integer":0,"String":"a","Interface":null}}
2025-08-15T22:12:57.623-0500	DEBUG	protocol/handler.go:619	finalizing round
2025-08-15T22:12:57.622-0500	DEBUG	protocol/handler.go:1662	storing message	{"{round 20 3  <nil>}": {"Key":"from","Type":15,"Integer":0,"String":"b","Interface":null}}
2025-08-15T22:12:57.620-0500	DEBUG	protocol/handler.go:437	processing message	{"{from 15 0 a <nil>}": {"Key":"to","Type":15,"Integer":0,"String":"d","Interface":null}, "{round 20 3  <nil>}": {"Key":"broadcast","Type":4,"Integer":0,"String":"","Interface":null}}
2025-08-15T22:12:57.623-0500	DEBUG	protocol/handler.go:1662	storing message	{"{round 20 3  <nil>}": {"Key":"from","Type":15,"Integer":0,"String":"a","Interface":null}}
2025-08-15T22:12:57.623-0500	DEBUG	protocol/handler.go:1591	have processed broadcast	{"{round 20 3  <nil>}": {"Key":"from","Type":15,"Integer":0,"String":"a","Interface":null}}
2025-08-15T22:12:57.623-0500	DEBUG	protocol/handler.go:1591	have processed broadcast	{"{round 20 3  <nil>}": {"Key":"from","Type":15,"Integer":0,"String":"c","Interface":null}}
2025-08-15T22:12:57.623-0500	DEBUG	protocol/handler.go:1591	have processed broadcast	{"{round 20 3  <nil>}": {"Key":"from","Type":15,"Integer":0,"String":"d","Interface":null}}
2025-08-15T22:12:57.623-0500	DEBUG	protocol/handler.go:1591	have processed broadcast	{"{round 20 3  <nil>}": {"Key":"from","Type":15,"Integer":0,"String":"e","Interface":null}}
2025-08-15T22:12:57.623-0500	DEBUG	protocol/handler.go:1649	have all messages and processed	{"{round 20 3  <nil>}": {"Key":"self","Type":15,"Integer":0,"String":"b","Interface":null}}
2025-08-15T22:12:57.623-0500	DEBUG	protocol/handler.go:619	finalizing round
2025-08-15T22:12:57.623-0500	DEBUG	protocol/handler.go:1591	have processed broadcast	{"{round 20 3  <nil>}": {"Key":"from","Type":15,"Integer":0,"String":"a","Interface":null}}
2025-08-15T22:12:57.620-0500	DEBUG	protocol/handler.go:1306	waiting for broadcast before normal message
2025-08-15T22:12:57.620-0500	DEBUG	protocol/handler.go:1306	waiting for broadcast before normal message
2025-08-15T22:12:57.623-0500	DEBUG	protocol/handler.go:1591	have processed broadcast	{"{round 20 3  <nil>}": {"Key":"from","Type":15,"Integer":0,"String":"b","Interface":null}}
2025-08-15T22:12:57.623-0500	DEBUG	protocol/handler.go:1591	have processed broadcast	{"{round 20 3  <nil>}": {"Key":"from","Type":15,"Integer":0,"String":"a","Interface":null}}
2025-08-15T22:12:57.623-0500	DEBUG	protocol/handler.go:1591	have processed broadcast	{"{round 20 3  <nil>}": {"Key":"from","Type":15,"Integer":0,"String":"c","Interface":null}}
2025-08-15T22:12:57.623-0500	DEBUG	protocol/handler.go:1591	have processed broadcast	{"{round 20 3  <nil>}": {"Key":"from","Type":15,"Integer":0,"String":"c","Interface":null}}
2025-08-15T22:12:57.623-0500	DEBUG	protocol/handler.go:1591	have processed broadcast	{"{round 20 3  <nil>}": {"Key":"from","Type":15,"Integer":0,"String":"d","Interface":null}}
2025-08-15T22:12:57.623-0500	DEBUG	protocol/handler.go:1591	have processed broadcast	{"{round 20 3  <nil>}": {"Key":"from","Type":15,"Integer":0,"String":"d","Interface":null}}
2025-08-15T22:12:57.623-0500	DEBUG	protocol/handler.go:1649	have all messages and processed	{"{round 20 3  <nil>}": {"Key":"self","Type":15,"Integer":0,"String":"e","Interface":null}}
2025-08-15T22:12:57.624-0500	DEBUG	protocol/handler.go:619	finalizing round
2025-08-15T22:12:57.624-0500	DEBUG	protocol/handler.go:1591	have processed broadcast	{"{round 20 3  <nil>}": {"Key":"from","Type":15,"Integer":0,"String":"e","Interface":null}}
2025-08-15T22:12:57.620-0500	DEBUG	protocol/handler.go:1591	have processed broadcast	{"{round 20 2  <nil>}": {"Key":"from","Type":15,"Integer":0,"String":"b","Interface":null}}
2025-08-15T22:12:57.624-0500	DEBUG	protocol/handler.go:1591	have processed broadcast	{"{round 20 2  <nil>}": {"Key":"from","Type":15,"Integer":0,"String":"d","Interface":null}}
2025-08-15T22:12:57.624-0500	DEBUG	protocol/handler.go:1591	have processed broadcast	{"{round 20 2  <nil>}": {"Key":"from","Type":15,"Integer":0,"String":"e","Interface":null}}
2025-08-15T22:12:57.624-0500	DEBUG	protocol/handler.go:1649	have all messages and processed	{"{round 20 2  <nil>}": {"Key":"self","Type":15,"Integer":0,"String":"c","Interface":null}}
2025-08-15T22:12:57.624-0500	DEBUG	protocol/handler.go:596	round already finalized
2025-08-15T22:12:57.624-0500	DEBUG	protocol/handler.go:600	current round already advanced	{"{checking 20 2  <nil>}": {"Key":"current","Type":20,"Integer":3,"String":"","Interface":null}}
2025-08-15T22:12:57.624-0500	INFO	protocol/handler.go:560	advanced to round
2025-08-15T22:12:57.624-0500	DEBUG	protocol/handler.go:581	tryAdvanceRound called	{"{current_round 20 3  <nil>}": {"Key":"self","Type":15,"Integer":0,"String":"c","Interface":null}}
2025-08-15T22:12:57.624-0500	DEBUG	protocol/handler.go:1306	waiting for broadcast before normal message
2025-08-15T22:12:57.624-0500	DEBUG	protocol/handler.go:1591	have processed broadcast	{"{round 20 3  <nil>}": {"Key":"from","Type":15,"Integer":0,"String":"a","Interface":null}}
2025-08-15T22:12:57.624-0500	DEBUG	protocol/handler.go:1591	have processed broadcast	{"{round 20 3  <nil>}": {"Key":"from","Type":15,"Integer":0,"String":"b","Interface":null}}
2025-08-15T22:12:57.624-0500	DEBUG	protocol/handler.go:1591	have processed broadcast	{"{round 20 3  <nil>}": {"Key":"from","Type":15,"Integer":0,"String":"b","Interface":null}}
2025-08-15T22:12:57.624-0500	DEBUG	protocol/handler.go:1591	have processed broadcast	{"{round 20 3  <nil>}": {"Key":"from","Type":15,"Integer":0,"String":"e","Interface":null}}
2025-08-15T22:12:57.624-0500	DEBUG	protocol/handler.go:1591	have processed broadcast	{"{round 20 3  <nil>}": {"Key":"from","Type":15,"Integer":0,"String":"c","Interface":null}}
2025-08-15T22:12:57.624-0500	DEBUG	protocol/handler.go:1600	waiting for broadcasts	{"{round 20 3  <nil>}": {"Key":"missing","Type":15,"Integer":0,"String":"[d]","Interface":null}}
2025-08-15T22:12:57.621-0500	DEBUG	protocol/handler.go:1591	have processed broadcast	{"{round 20 3  <nil>}": {"Key":"from","Type":15,"Integer":0,"String":"a","Interface":null}}
2025-08-15T22:12:57.624-0500	DEBUG	protocol/handler.go:1591	have processed broadcast	{"{round 20 3  <nil>}": {"Key":"from","Type":15,"Integer":0,"String":"d","Interface":null}}
2025-08-15T22:12:57.624-0500	DEBUG	protocol/handler.go:1591	have processed broadcast	{"{round 20 3  <nil>}": {"Key":"from","Type":15,"Integer":0,"String":"b","Interface":null}}
2025-08-15T22:12:57.624-0500	DEBUG	protocol/handler.go:1591	have processed broadcast	{"{round 20 3  <nil>}": {"Key":"from","Type":15,"Integer":0,"String":"e","Interface":null}}
2025-08-15T22:12:57.624-0500	DEBUG	protocol/handler.go:1591	have processed broadcast	{"{round 20 3  <nil>}": {"Key":"from","Type":15,"Integer":0,"String":"c","Interface":null}}
2025-08-15T22:12:57.624-0500	DEBUG	protocol/handler.go:1591	have processed broadcast	{"{round 20 3  <nil>}": {"Key":"from","Type":15,"Integer":0,"String":"a","Interface":null}}
2025-08-15T22:12:57.624-0500	DEBUG	protocol/handler.go:1591	have processed broadcast	{"{round 20 3  <nil>}": {"Key":"from","Type":15,"Integer":0,"String":"e","Interface":null}}
2025-08-15T22:12:57.624-0500	DEBUG	protocol/handler.go:1591	have processed broadcast	{"{round 20 3  <nil>}": {"Key":"from","Type":15,"Integer":0,"String":"b","Interface":null}}
2025-08-15T22:12:57.625-0500	DEBUG	protocol/handler.go:1591	have processed broadcast	{"{round 20 3  <nil>}": {"Key":"from","Type":15,"Integer":0,"String":"c","Interface":null}}
2025-08-15T22:12:57.625-0500	DEBUG	protocol/handler.go:1635	waiting for messages	{"{round 20 3  <nil>}": {"Key":"missing","Type":15,"Integer":0,"String":"[c]","Interface":null}}
2025-08-15T22:12:57.624-0500	DEBUG	protocol/handler.go:1649	have all messages and processed	{"{round 20 3  <nil>}": {"Key":"self","Type":15,"Integer":0,"String":"a","Interface":null}}
2025-08-15T22:12:57.625-0500	DEBUG	protocol/handler.go:1591	have processed broadcast	{"{round 20 3  <nil>}": {"Key":"from","Type":15,"Integer":0,"String":"d","Interface":null}}
2025-08-15T22:12:57.625-0500	DEBUG	protocol/handler.go:581	tryAdvanceRound called	{"{current_round 20 3  <nil>}": {"Key":"self","Type":15,"Integer":0,"String":"d","Interface":null}}
2025-08-15T22:12:57.621-0500	DEBUG	protocol/handler.go:1591	have processed broadcast	{"{round 20 3  <nil>}": {"Key":"from","Type":15,"Integer":0,"String":"a","Interface":null}}
2025-08-15T22:12:57.625-0500	DEBUG	protocol/handler.go:1649	have all messages and processed	{"{round 20 3  <nil>}": {"Key":"self","Type":15,"Integer":0,"String":"e","Interface":null}}
2025-08-15T22:12:57.620-0500	DEBUG	protocol/handler.go:1657	storing broadcast	{"{round 20 3  <nil>}": {"Key":"from","Type":15,"Integer":0,"String":"d","Interface":null}}
2025-08-15T22:12:57.585-0500	DEBUG	protocol/handler.go:581	tryAdvanceRound called	{"{current_round 20 3  <nil>}": {"Key":"self","Type":15,"Integer":0,"String":"c","Interface":null}}
2025-08-15T22:12:57.624-0500	DEBUG	protocol/handler.go:1649	have all messages and processed	{"{round 20 3  <nil>}": {"Key":"self","Type":15,"Integer":0,"String":"b","Interface":null}}
2025-08-15T22:12:57.621-0500	DEBUG	protocol/handler.go:1662	storing message	{"{round 20 3  <nil>}": {"Key":"from","Type":15,"Integer":0,"String":"c","Interface":null}}
2025-08-15T22:12:57.625-0500	DEBUG	protocol/handler.go:1591	have processed broadcast	{"{round 20 3  <nil>}": {"Key":"from","Type":15,"Integer":0,"String":"b","Interface":null}}
2025-08-15T22:12:57.625-0500	DEBUG	protocol/handler.go:1591	have processed broadcast	{"{round 20 3  <nil>}": {"Key":"from","Type":15,"Integer":0,"String":"c","Interface":null}}
2025-08-15T22:12:57.625-0500	DEBUG	protocol/handler.go:1600	waiting for broadcasts	{"{round 20 3  <nil>}": {"Key":"missing","Type":15,"Integer":0,"String":"[d]","Interface":null}}
2025-08-15T22:12:57.625-0500	DEBUG	protocol/handler.go:581	tryAdvanceRound called	{"{current_round 20 3  <nil>}": {"Key":"self","Type":15,"Integer":0,"String":"d","Interface":null}}
2025-08-15T22:12:57.625-0500	DEBUG	protocol/handler.go:581	tryAdvanceRound called	{"{current_round 20 3  <nil>}": {"Key":"self","Type":15,"Integer":0,"String":"c","Interface":null}}
2025-08-15T22:12:57.625-0500	DEBUG	protocol/handler.go:596	round already finalized
2025-08-15T22:12:57.625-0500	DEBUG	protocol/handler.go:596	round already finalized
2025-08-15T22:12:57.625-0500	DEBUG	protocol/handler.go:581	tryAdvanceRound called	{"{current_round 20 3  <nil>}": {"Key":"self","Type":15,"Integer":0,"String":"d","Interface":null}}
2025-08-15T22:12:57.626-0500	DEBUG	protocol/handler.go:596	round already finalized
2025-08-15T22:12:57.623-0500	DEBUG	protocol/handler.go:1591	have processed broadcast	{"{round 20 3  <nil>}": {"Key":"from","Type":15,"Integer":0,"String":"b","Interface":null}}
2025-08-15T22:12:57.626-0500	DEBUG	protocol/handler.go:1591	have processed broadcast	{"{round 20 3  <nil>}": {"Key":"from","Type":15,"Integer":0,"String":"c","Interface":null}}
2025-08-15T22:12:57.626-0500	DEBUG	protocol/handler.go:581	tryAdvanceRound called	{"{current_round 20 3  <nil>}": {"Key":"self","Type":15,"Integer":0,"String":"d","Interface":null}}
2025-08-15T22:12:57.626-0500	DEBUG	protocol/handler.go:1591	have processed broadcast	{"{round 20 3  <nil>}": {"Key":"from","Type":15,"Integer":0,"String":"d","Interface":null}}
2025-08-15T22:12:57.626-0500	DEBUG	protocol/handler.go:1591	have processed broadcast	{"{round 20 3  <nil>}": {"Key":"from","Type":15,"Integer":0,"String":"a","Interface":null}}
2025-08-15T22:12:57.626-0500	DEBUG	protocol/handler.go:1591	have processed broadcast	{"{round 20 3  <nil>}": {"Key":"from","Type":15,"Integer":0,"String":"e","Interface":null}}
2025-08-15T22:12:57.626-0500	DEBUG	protocol/handler.go:1591	have processed broadcast	{"{round 20 3  <nil>}": {"Key":"from","Type":15,"Integer":0,"String":"b","Interface":null}}
2025-08-15T22:12:57.627-0500	DEBUG	protocol/handler.go:1649	have all messages and processed	{"{round 20 3  <nil>}": {"Key":"self","Type":15,"Integer":0,"String":"a","Interface":null}}
2025-08-15T22:12:57.627-0500	DEBUG	protocol/handler.go:1591	have processed broadcast	{"{round 20 3  <nil>}": {"Key":"from","Type":15,"Integer":0,"String":"c","Interface":null}}
2025-08-15T22:12:57.627-0500	DEBUG	protocol/handler.go:1591	have processed broadcast	{"{round 20 3  <nil>}": {"Key":"from","Type":15,"Integer":0,"String":"e","Interface":null}}
2025-08-15T22:12:57.627-0500	DEBUG	protocol/handler.go:1649	have all messages and processed	{"{round 20 3  <nil>}": {"Key":"self","Type":15,"Integer":0,"String":"d","Interface":null}}
2025-08-15T22:12:57.627-0500	DEBUG	protocol/handler.go:619	finalizing round
2025-08-15T22:12:57.627-0500	DEBUG	protocol/handler.go:596	round already finalized
2025-08-15T22:12:57.627-0500	DEBUG	protocol/handler.go:581	tryAdvanceRound called	{"{current_round 20 3  <nil>}": {"Key":"self","Type":15,"Integer":0,"String":"a","Interface":null}}
2025-08-15T22:12:57.627-0500	DEBUG	protocol/handler.go:1591	have processed broadcast	{"{round 20 3  <nil>}": {"Key":"from","Type":15,"Integer":0,"String":"a","Interface":null}}
2025-08-15T22:12:57.627-0500	DEBUG	protocol/handler.go:1591	have processed broadcast	{"{round 20 3  <nil>}": {"Key":"from","Type":15,"Integer":0,"String":"b","Interface":null}}
2025-08-15T22:12:57.627-0500	DEBUG	protocol/handler.go:1591	have processed broadcast	{"{round 20 3  <nil>}": {"Key":"from","Type":15,"Integer":0,"String":"c","Interface":null}}
2025-08-15T22:12:57.627-0500	DEBUG	protocol/handler.go:1591	have processed broadcast	{"{round 20 3  <nil>}": {"Key":"from","Type":15,"Integer":0,"String":"a","Interface":null}}
2025-08-15T22:12:57.627-0500	DEBUG	protocol/handler.go:1591	have processed broadcast	{"{round 20 3  <nil>}": {"Key":"from","Type":15,"Integer":0,"String":"d","Interface":null}}
2025-08-15T22:12:57.627-0500	DEBUG	protocol/handler.go:1591	have processed broadcast	{"{round 20 3  <nil>}": {"Key":"from","Type":15,"Integer":0,"String":"b","Interface":null}}
2025-08-15T22:12:57.627-0500	DEBUG	protocol/handler.go:1591	have processed broadcast	{"{round 20 3  <nil>}": {"Key":"from","Type":15,"Integer":0,"String":"e","Interface":null}}
2025-08-15T22:12:57.627-0500	DEBUG	protocol/handler.go:1591	have processed broadcast	{"{round 20 3  <nil>}": {"Key":"from","Type":15,"Integer":0,"String":"c","Interface":null}}
2025-08-15T22:12:57.627-0500	DEBUG	protocol/handler.go:1649	have all messages and processed	{"{round 20 3  <nil>}": {"Key":"self","Type":15,"Integer":0,"String":"a","Interface":null}}
2025-08-15T22:12:57.627-0500	DEBUG	protocol/handler.go:1591	have processed broadcast	{"{round 20 3  <nil>}": {"Key":"from","Type":15,"Integer":0,"String":"e","Interface":null}}
2025-08-15T22:12:57.627-0500	DEBUG	protocol/handler.go:596	round already finalized
2025-08-15T22:12:57.627-0500	DEBUG	protocol/handler.go:1591	have processed broadcast	{"{round 20 3  <nil>}": {"Key":"from","Type":15,"Integer":0,"String":"a","Interface":null}}
2025-08-15T22:12:57.627-0500	DEBUG	protocol/handler.go:1649	have all messages and processed	{"{round 20 3  <nil>}": {"Key":"self","Type":15,"Integer":0,"String":"d","Interface":null}}
2025-08-15T22:12:57.627-0500	DEBUG	protocol/handler.go:596	round already finalized
2025-08-15T22:12:57.627-0500	DEBUG	protocol/handler.go:1591	have processed broadcast	{"{round 20 3  <nil>}": {"Key":"from","Type":15,"Integer":0,"String":"b","Interface":null}}
2025-08-15T22:12:57.627-0500	DEBUG	protocol/handler.go:1591	have processed broadcast	{"{round 20 3  <nil>}": {"Key":"from","Type":15,"Integer":0,"String":"d","Interface":null}}
2025-08-15T22:12:57.627-0500	DEBUG	protocol/handler.go:1591	have processed broadcast	{"{round 20 3  <nil>}": {"Key":"from","Type":15,"Integer":0,"String":"e","Interface":null}}
2025-08-15T22:12:57.628-0500	DEBUG	protocol/handler.go:1649	have all messages and processed	{"{round 20 3  <nil>}": {"Key":"self","Type":15,"Integer":0,"String":"c","Interface":null}}
2025-08-15T22:12:57.628-0500	DEBUG	protocol/handler.go:619	finalizing round
2025-08-15T22:12:57.628-0500	DEBUG	protocol/handler.go:1591	have processed broadcast	{"{round 20 3  <nil>}": {"Key":"from","Type":15,"Integer":0,"String":"a","Interface":null}}
2025-08-15T22:12:57.628-0500	DEBUG	protocol/handler.go:1591	have processed broadcast	{"{round 20 3  <nil>}": {"Key":"from","Type":15,"Integer":0,"String":"b","Interface":null}}
2025-08-15T22:12:57.628-0500	DEBUG	protocol/handler.go:1591	have processed broadcast	{"{round 20 3  <nil>}": {"Key":"from","Type":15,"Integer":0,"String":"c","Interface":null}}
2025-08-15T22:12:57.628-0500	DEBUG	protocol/handler.go:1591	have processed broadcast	{"{round 20 3  <nil>}": {"Key":"from","Type":15,"Integer":0,"String":"e","Interface":null}}
2025-08-15T22:12:57.628-0500	DEBUG	protocol/handler.go:1649	have all messages and processed	{"{round 20 3  <nil>}": {"Key":"self","Type":15,"Integer":0,"String":"d","Interface":null}}
2025-08-15T22:12:57.628-0500	DEBUG	protocol/handler.go:596	round already finalized
2025-08-15T22:12:57.628-0500	DEBUG	protocol/handler.go:581	tryAdvanceRound called	{"{current_round 20 3  <nil>}": {"Key":"self","Type":15,"Integer":0,"String":"b","Interface":null}}
2025-08-15T22:12:57.629-0500	DEBUG	protocol/handler.go:581	tryAdvanceRound called	{"{current_round 20 3  <nil>}": {"Key":"self","Type":15,"Integer":0,"String":"e","Interface":null}}
2025-08-15T22:12:57.629-0500	DEBUG	protocol/handler.go:1591	have processed broadcast	{"{round 20 3  <nil>}": {"Key":"from","Type":15,"Integer":0,"String":"a","Interface":null}}
2025-08-15T22:12:57.629-0500	DEBUG	protocol/handler.go:1591	have processed broadcast	{"{round 20 3  <nil>}": {"Key":"from","Type":15,"Integer":0,"String":"b","Interface":null}}
2025-08-15T22:12:57.629-0500	DEBUG	protocol/handler.go:1591	have processed broadcast	{"{round 20 3  <nil>}": {"Key":"from","Type":15,"Integer":0,"String":"c","Interface":null}}
2025-08-15T22:12:57.629-0500	DEBUG	protocol/handler.go:1591	have processed broadcast	{"{round 20 3  <nil>}": {"Key":"from","Type":15,"Integer":0,"String":"d","Interface":null}}
2025-08-15T22:12:57.629-0500	DEBUG	protocol/handler.go:1649	have all messages and processed	{"{round 20 3  <nil>}": {"Key":"self","Type":15,"Integer":0,"String":"e","Interface":null}}
2025-08-15T22:12:57.629-0500	DEBUG	protocol/handler.go:596	round already finalized
2025-08-15T22:12:57.629-0500	DEBUG	protocol/handler.go:581	tryAdvanceRound called	{"{current_round 20 3  <nil>}": {"Key":"self","Type":15,"Integer":0,"String":"d","Interface":null}}
2025-08-15T22:12:57.629-0500	DEBUG	protocol/handler.go:1591	have processed broadcast	{"{round 20 3  <nil>}": {"Key":"from","Type":15,"Integer":0,"String":"a","Interface":null}}
2025-08-15T22:12:57.630-0500	DEBUG	protocol/handler.go:1591	have processed broadcast	{"{round 20 3  <nil>}": {"Key":"from","Type":15,"Integer":0,"String":"c","Interface":null}}
2025-08-15T22:12:57.630-0500	DEBUG	protocol/handler.go:1591	have processed broadcast	{"{round 20 3  <nil>}": {"Key":"from","Type":15,"Integer":0,"String":"d","Interface":null}}
2025-08-15T22:12:57.630-0500	DEBUG	protocol/handler.go:1591	have processed broadcast	{"{round 20 3  <nil>}": {"Key":"from","Type":15,"Integer":0,"String":"e","Interface":null}}
2025-08-15T22:12:57.630-0500	DEBUG	protocol/handler.go:1649	have all messages and processed	{"{round 20 3  <nil>}": {"Key":"self","Type":15,"Integer":0,"String":"b","Interface":null}}
2025-08-15T22:12:57.630-0500	DEBUG	protocol/handler.go:596	round already finalized
2025-08-15T22:12:57.631-0500	DEBUG	protocol/handler.go:1182	finalized round messages	{"{round 20 3  <nil>}": {"Key":"messages","Type":11,"Integer":0,"String":"","Interface":null}}
2025-08-15T22:12:57.631-0500	INFO	protocol/handler.go:1211	protocol completed	{"{self 15 0 e <nil>}": {"Key":"final_round","Type":20,"Integer":3,"String":"","Interface":null}}
2025-08-15T22:12:57.631-0500	DEBUG	protocol/handler.go:624	finalizeRound returned nil
2025-08-15T22:12:57.631-0500	DEBUG	protocol/handler.go:1591	have processed broadcast	{"{round 20 3  <nil>}": {"Key":"from","Type":15,"Integer":0,"String":"a","Interface":null}}
2025-08-15T22:12:57.631-0500	DEBUG	protocol/handler.go:1591	have processed broadcast	{"{round 20 3  <nil>}": {"Key":"from","Type":15,"Integer":0,"String":"b","Interface":null}}
2025-08-15T22:12:57.631-0500	DEBUG	protocol/handler.go:1591	have processed broadcast	{"{round 20 3  <nil>}": {"Key":"from","Type":15,"Integer":0,"String":"c","Interface":null}}
2025-08-15T22:12:57.631-0500	DEBUG	protocol/handler.go:1591	have processed broadcast	{"{round 20 3  <nil>}": {"Key":"from","Type":15,"Integer":0,"String":"e","Interface":null}}
2025-08-15T22:12:57.631-0500	DEBUG	protocol/handler.go:1649	have all messages and processed	{"{round 20 3  <nil>}": {"Key":"self","Type":15,"Integer":0,"String":"d","Interface":null}}
2025-08-15T22:12:57.631-0500	DEBUG	protocol/handler.go:596	round already finalized
2025-08-15T22:12:57.632-0500	DEBUG	protocol/handler.go:581	tryAdvanceRound called	{"{current_round 20 3  <nil>}": {"Key":"self","Type":15,"Integer":0,"String":"c","Interface":null}}
2025-08-15T22:12:57.632-0500	DEBUG	protocol/handler.go:1591	have processed broadcast	{"{round 20 3  <nil>}": {"Key":"from","Type":15,"Integer":0,"String":"a","Interface":null}}
2025-08-15T22:12:57.632-0500	DEBUG	protocol/handler.go:1591	have processed broadcast	{"{round 20 3  <nil>}": {"Key":"from","Type":15,"Integer":0,"String":"b","Interface":null}}
2025-08-15T22:12:57.632-0500	DEBUG	protocol/handler.go:1591	have processed broadcast	{"{round 20 3  <nil>}": {"Key":"from","Type":15,"Integer":0,"String":"d","Interface":null}}
2025-08-15T22:12:57.637-0500	DEBUG	protocol/handler.go:581	tryAdvanceRound called	{"{current_round 20 3  <nil>}": {"Key":"self","Type":15,"Integer":0,"String":"a","Interface":null}}
2025-08-15T22:12:57.638-0500	DEBUG	protocol/handler.go:1591	have processed broadcast	{"{round 20 3  <nil>}": {"Key":"from","Type":15,"Integer":0,"String":"b","Interface":null}}
2025-08-15T22:12:57.638-0500	DEBUG	protocol/handler.go:1591	have processed broadcast	{"{round 20 3  <nil>}": {"Key":"from","Type":15,"Integer":0,"String":"c","Interface":null}}
2025-08-15T22:12:57.638-0500	DEBUG	protocol/handler.go:1591	have processed broadcast	{"{round 20 3  <nil>}": {"Key":"from","Type":15,"Integer":0,"String":"d","Interface":null}}
2025-08-15T22:12:57.638-0500	DEBUG	protocol/handler.go:1591	have processed broadcast	{"{round 20 3  <nil>}": {"Key":"from","Type":15,"Integer":0,"String":"e","Interface":null}}
2025-08-15T22:12:57.638-0500	DEBUG	protocol/handler.go:1649	have all messages and processed	{"{round 20 3  <nil>}": {"Key":"self","Type":15,"Integer":0,"String":"a","Interface":null}}
2025-08-15T22:12:57.639-0500	DEBUG	protocol/handler.go:581	tryAdvanceRound called	{"{current_round 20 3  <nil>}": {"Key":"self","Type":15,"Integer":0,"String":"b","Interface":null}}
2025-08-15T22:12:57.639-0500	DEBUG	protocol/handler.go:596	round already finalized
2025-08-15T22:12:57.639-0500	DEBUG	protocol/handler.go:1591	have processed broadcast	{"{round 20 3  <nil>}": {"Key":"from","Type":15,"Integer":0,"String":"a","Interface":null}}
2025-08-15T22:12:57.620-0500	DEBUG	protocol/handler.go:1591	have processed broadcast	{"{round 20 3  <nil>}": {"Key":"from","Type":15,"Integer":0,"String":"b","Interface":null}}
2025-08-15T22:12:57.649-0500	DEBUG	protocol/handler.go:1591	have processed broadcast	{"{round 20 3  <nil>}": {"Key":"from","Type":15,"Integer":0,"String":"c","Interface":null}}
2025-08-15T22:12:57.649-0500	DEBUG	protocol/handler.go:1600	waiting for broadcasts	{"{round 20 3  <nil>}": {"Key":"missing","Type":15,"Integer":0,"String":"[d]","Interface":null}}
2025-08-15T22:12:57.652-0500	DEBUG	protocol/handler.go:1182	finalized round messages	{"{round 20 3  <nil>}": {"Key":"messages","Type":11,"Integer":0,"String":"","Interface":null}}
2025-08-15T22:12:57.652-0500	INFO	protocol/handler.go:1211	protocol completed	{"{self 15 0 b <nil>}": {"Key":"final_round","Type":20,"Integer":3,"String":"","Interface":null}}
2025-08-15T22:12:57.652-0500	DEBUG	protocol/handler.go:624	finalizeRound returned nil
2025-08-15T22:12:57.653-0500	DEBUG	protocol/handler.go:1591	have processed broadcast	{"{round 20 3  <nil>}": {"Key":"from","Type":15,"Integer":0,"String":"b","Interface":null}}
2025-08-15T22:12:57.653-0500	DEBUG	protocol/handler.go:1591	have processed broadcast	{"{round 20 3  <nil>}": {"Key":"from","Type":15,"Integer":0,"String":"d","Interface":null}}
2025-08-15T22:12:57.653-0500	DEBUG	protocol/handler.go:1591	have processed broadcast	{"{round 20 3  <nil>}": {"Key":"from","Type":15,"Integer":0,"String":"e","Interface":null}}
2025-08-15T22:12:57.653-0500	DEBUG	protocol/handler.go:1649	have all messages and processed	{"{round 20 3  <nil>}": {"Key":"self","Type":15,"Integer":0,"String":"c","Interface":null}}
2025-08-15T22:12:57.653-0500	DEBUG	protocol/handler.go:596	round already finalized
2025-08-15T22:12:57.654-0500	DEBUG	protocol/handler.go:1182	finalized round messages	{"{round 20 3  <nil>}": {"Key":"messages","Type":11,"Integer":0,"String":"","Interface":null}}
2025-08-15T22:12:57.654-0500	INFO	protocol/handler.go:1211	protocol completed	{"{self 15 0 a <nil>}": {"Key":"final_round","Type":20,"Integer":3,"String":"","Interface":null}}
2025-08-15T22:12:57.654-0500	DEBUG	protocol/handler.go:624	finalizeRound returned nil
2025-08-15T22:12:57.654-0500	DEBUG	protocol/handler.go:403	worker stopping
2025-08-15T22:12:57.654-0500	DEBUG	protocol/handler.go:403	worker stopping
2025-08-15T22:12:57.654-0500	DEBUG	protocol/handler.go:403	worker stopping
2025-08-15T22:12:57.654-0500	DEBUG	protocol/handler.go:403	worker stopping
2025-08-15T22:12:57.654-0500	DEBUG	protocol/handler.go:403	worker stopping
2025-08-15T22:12:57.654-0500	DEBUG	protocol/handler.go:403	worker stopping
2025-08-15T22:12:57.654-0500	DEBUG	protocol/handler.go:403	worker stopping
2025-08-15T22:12:57.654-0500	DEBUG	protocol/handler.go:403	worker stopping
2025-08-15T22:12:57.654-0500	DEBUG	protocol/handler.go:403	worker stopping
2025-08-15T22:12:57.655-0500	DEBUG	protocol/handler.go:403	worker stopping
2025-08-15T22:12:57.655-0500	DEBUG	protocol/handler.go:403	worker stopping
2025-08-15T22:12:57.655-0500	DEBUG	protocol/handler.go:403	worker stopping
2025-08-15T22:12:57.655-0500	DEBUG	protocol/handler.go:403	worker stopping
2025-08-15T22:12:57.655-0500	DEBUG	protocol/handler.go:403	worker stopping
2025-08-15T22:12:57.655-0500	DEBUG	protocol/handler.go:403	worker stopping
2025-08-15T22:12:57.655-0500	DEBUG	protocol/handler.go:403	worker stopping
2025-08-15T22:12:57.655-0500	DEBUG	protocol/handler.go:403	worker stopping
2025-08-15T22:12:57.655-0500	DEBUG	protocol/handler.go:403	worker stopping
2025-08-15T22:12:57.655-0500	DEBUG	protocol/handler.go:403	worker stopping
2025-08-15T22:12:57.655-0500	DEBUG	protocol/handler.go:403	worker stopping
2025-08-15T22:12:57.655-0500	DEBUG	protocol/handler.go:403	worker stopping
2025-08-15T22:12:57.655-0500	DEBUG	protocol/handler.go:403	worker stopping
2025-08-15T22:12:57.655-0500	DEBUG	protocol/handler.go:403	worker stopping
2025-08-15T22:12:57.655-0500	DEBUG	protocol/handler.go:403	worker stopping
2025-08-15T22:12:57.629-0500	DEBUG	protocol/handler.go:1591	have processed broadcast	{"{round 20 3  <nil>}": {"Key":"from","Type":15,"Integer":0,"String":"a","Interface":null}}
2025-08-15T22:12:57.656-0500	DEBUG	protocol/handler.go:1591	have processed broadcast	{"{round 20 3  <nil>}": {"Key":"from","Type":15,"Integer":0,"String":"b","Interface":null}}
2025-08-15T22:12:57.656-0500	DEBUG	protocol/handler.go:1591	have processed broadcast	{"{round 20 3  <nil>}": {"Key":"from","Type":15,"Integer":0,"String":"c","Interface":null}}
2025-08-15T22:12:57.656-0500	DEBUG	protocol/handler.go:1591	have processed broadcast	{"{round 20 3  <nil>}": {"Key":"from","Type":15,"Integer":0,"String":"e","Interface":null}}
2025-08-15T22:12:57.656-0500	DEBUG	protocol/handler.go:1649	have all messages and processed	{"{round 20 3  <nil>}": {"Key":"self","Type":15,"Integer":0,"String":"d","Interface":null}}
2025-08-15T22:12:57.656-0500	DEBUG	protocol/handler.go:596	round already finalized
2025-08-15T22:12:57.656-0500	DEBUG	protocol/handler.go:581	tryAdvanceRound called	{"{current_round 20 3  <nil>}": {"Key":"self","Type":15,"Integer":0,"String":"d","Interface":null}}
2025-08-15T22:12:57.656-0500	DEBUG	protocol/handler.go:1591	have processed broadcast	{"{round 20 3  <nil>}": {"Key":"from","Type":15,"Integer":0,"String":"a","Interface":null}}
2025-08-15T22:12:57.656-0500	DEBUG	protocol/handler.go:1591	have processed broadcast	{"{round 20 3  <nil>}": {"Key":"from","Type":15,"Integer":0,"String":"b","Interface":null}}
2025-08-15T22:12:57.656-0500	DEBUG	protocol/handler.go:1591	have processed broadcast	{"{round 20 3  <nil>}": {"Key":"from","Type":15,"Integer":0,"String":"c","Interface":null}}
2025-08-15T22:12:57.656-0500	DEBUG	protocol/handler.go:1591	have processed broadcast	{"{round 20 3  <nil>}": {"Key":"from","Type":15,"Integer":0,"String":"e","Interface":null}}
2025-08-15T22:12:57.656-0500	DEBUG	protocol/handler.go:1649	have all messages and processed	{"{round 20 3  <nil>}": {"Key":"self","Type":15,"Integer":0,"String":"d","Interface":null}}
2025-08-15T22:12:57.656-0500	DEBUG	protocol/handler.go:596	round already finalized
2025-08-15T22:12:57.632-0500	DEBUG	protocol/handler.go:1591	have processed broadcast	{"{round 20 3  <nil>}": {"Key":"from","Type":15,"Integer":0,"String":"e","Interface":null}}
2025-08-15T22:12:57.656-0500	DEBUG	protocol/handler.go:1649	have all messages and processed	{"{round 20 3  <nil>}": {"Key":"self","Type":15,"Integer":0,"String":"c","Interface":null}}
2025-08-15T22:12:57.656-0500	DEBUG	protocol/handler.go:596	round already finalized
2025-08-15T22:12:57.656-0500	DEBUG	protocol/handler.go:581	tryAdvanceRound called	{"{current_round 20 3  <nil>}": {"Key":"self","Type":15,"Integer":0,"String":"c","Interface":null}}
2025-08-15T22:12:57.656-0500	DEBUG	protocol/handler.go:1591	have processed broadcast	{"{round 20 3  <nil>}": {"Key":"from","Type":15,"Integer":0,"String":"a","Interface":null}}
2025-08-15T22:12:57.656-0500	DEBUG	protocol/handler.go:1591	have processed broadcast	{"{round 20 3  <nil>}": {"Key":"from","Type":15,"Integer":0,"String":"b","Interface":null}}
2025-08-15T22:12:57.656-0500	DEBUG	protocol/handler.go:1182	finalized round messages	{"{round 20 3  <nil>}": {"Key":"messages","Type":11,"Integer":0,"String":"","Interface":null}}
2025-08-15T22:12:57.657-0500	DEBUG	protocol/handler.go:1591	have processed broadcast	{"{round 20 3  <nil>}": {"Key":"from","Type":15,"Integer":0,"String":"d","Interface":null}}
2025-08-15T22:12:57.657-0500	INFO	protocol/handler.go:1211	protocol completed	{"{self 15 0 c <nil>}": {"Key":"final_round","Type":20,"Integer":3,"String":"","Interface":null}}
2025-08-15T22:12:57.657-0500	DEBUG	protocol/handler.go:624	finalizeRound returned nil
2025-08-15T22:12:57.639-0500	DEBUG	protocol/handler.go:1591	have processed broadcast	{"{round 20 3  <nil>}": {"Key":"from","Type":15,"Integer":0,"String":"c","Interface":null}}
2025-08-15T22:12:57.657-0500	DEBUG	protocol/handler.go:1591	have processed broadcast	{"{round 20 3  <nil>}": {"Key":"from","Type":15,"Integer":0,"String":"d","Interface":null}}
2025-08-15T22:12:57.657-0500	DEBUG	protocol/handler.go:1591	have processed broadcast	{"{round 20 3  <nil>}": {"Key":"from","Type":15,"Integer":0,"String":"e","Interface":null}}
2025-08-15T22:12:57.657-0500	DEBUG	protocol/handler.go:1649	have all messages and processed	{"{round 20 3  <nil>}": {"Key":"self","Type":15,"Integer":0,"String":"b","Interface":null}}
2025-08-15T22:12:57.657-0500	DEBUG	protocol/handler.go:596	round already finalized
2025-08-15T22:12:57.657-0500	DEBUG	protocol/handler.go:1591	have processed broadcast	{"{round 20 3  <nil>}": {"Key":"from","Type":15,"Integer":0,"String":"e","Interface":null}}
2025-08-15T22:12:57.657-0500	DEBUG	protocol/handler.go:1649	have all messages and processed	{"{round 20 3  <nil>}": {"Key":"self","Type":15,"Integer":0,"String":"c","Interface":null}}
2025-08-15T22:12:57.657-0500	DEBUG	protocol/handler.go:596	round already finalized
2025-08-15T22:12:57.659-0500	DEBUG	protocol/handler.go:1182	finalized round messages	{"{round 20 3  <nil>}": {"Key":"messages","Type":11,"Integer":0,"String":"","Interface":null}}
2025-08-15T22:12:57.659-0500	INFO	protocol/handler.go:1211	protocol completed	{"{self 15 0 d <nil>}": {"Key":"final_round","Type":20,"Integer":3,"String":"","Interface":null}}
2025-08-15T22:12:57.659-0500	DEBUG	protocol/handler.go:624	finalizeRound returned nil
2025-08-15T22:12:57.674-0500	DEBUG	protocol/handler.go:403	worker stopping
2025-08-15T22:12:57.674-0500	DEBUG	protocol/handler.go:403	worker stopping
2025-08-15T22:12:57.674-0500	DEBUG	protocol/handler.go:403	worker stopping
2025-08-15T22:12:57.674-0500	DEBUG	protocol/handler.go:403	worker stopping
2025-08-15T22:12:57.674-0500	DEBUG	protocol/handler.go:403	worker stopping
2025-08-15T22:12:57.674-0500	DEBUG	protocol/handler.go:403	worker stopping
2025-08-15T22:12:57.674-0500	DEBUG	protocol/handler.go:403	worker stopping
2025-08-15T22:12:57.674-0500	DEBUG	protocol/handler.go:403	worker stopping
2025-08-15T22:12:57.675-0500	DEBUG	protocol/handler.go:403	worker stopping
2025-08-15T22:12:57.675-0500	DEBUG	protocol/handler.go:403	worker stopping
2025-08-15T22:12:57.675-0500	DEBUG	protocol/handler.go:403	worker stopping
2025-08-15T22:12:57.675-0500	DEBUG	protocol/handler.go:403	worker stopping
2025-08-15T22:12:57.675-0500	DEBUG	protocol/handler.go:403	worker stopping
2025-08-15T22:12:57.675-0500	DEBUG	protocol/handler.go:403	worker stopping
2025-08-15T22:12:57.675-0500	DEBUG	protocol/handler.go:403	worker stopping
2025-08-15T22:12:57.675-0500	DEBUG	protocol/handler.go:403	worker stopping
2025-08-15T22:12:57.675-0500	DEBUG	protocol/handler.go:403	worker stopping
2025-08-15T22:12:57.675-0500	DEBUG	protocol/handler.go:403	worker stopping
2025-08-15T22:12:57.675-0500	DEBUG	protocol/handler.go:403	worker stopping
2025-08-15T22:12:57.675-0500	DEBUG	protocol/handler.go:403	worker stopping
2025-08-15T22:12:57.675-0500	DEBUG	protocol/handler.go:403	worker stopping
2025-08-15T22:12:57.675-0500	DEBUG	protocol/handler.go:403	worker stopping
2025-08-15T22:12:57.675-0500	DEBUG	protocol/handler.go:403	worker stopping
2025-08-15T22:12:57.675-0500	DEBUG	protocol/handler.go:403	worker stopping
2025-08-15T22:12:57.675-0500	DEBUG	protocol/handler.go:403	worker stopping
2025-08-15T22:12:57.675-0500	DEBUG	protocol/handler.go:403	worker stopping
2025-08-15T22:12:57.675-0500	DEBUG	protocol/handler.go:403	worker stopping
2025-08-15T22:12:57.675-0500	DEBUG	protocol/handler.go:403	worker stopping
2025-08-15T22:12:57.675-0500	DEBUG	protocol/handler.go:403	worker stopping
2025-08-15T22:12:57.675-0500	DEBUG	protocol/handler.go:403	worker stopping
2025-08-15T22:12:57.675-0500	DEBUG	protocol/handler.go:403	worker stopping
2025-08-15T22:12:57.675-0500	DEBUG	protocol/handler.go:403	worker stopping
2025-08-15T22:12:57.675-0500	DEBUG	protocol/handler.go:403	worker stopping
2025-08-15T22:12:57.675-0500	DEBUG	protocol/handler.go:403	worker stopping
2025-08-15T22:12:57.675-0500	DEBUG	protocol/handler.go:403	worker stopping
2025-08-15T22:12:57.675-0500	DEBUG	protocol/handler.go:403	worker stopping
2025-08-15T22:12:57.675-0500	DEBUG	protocol/handler.go:403	worker stopping
2025-08-15T22:12:57.675-0500	DEBUG	protocol/handler.go:403	worker stopping
2025-08-15T22:12:57.675-0500	DEBUG	protocol/handler.go:403	worker stopping
2025-08-15T22:12:57.675-0500	DEBUG	protocol/handler.go:403	worker stopping
2025-08-15T22:12:57.675-0500	DEBUG	protocol/handler.go:403	worker stopping
2025-08-15T22:12:57.675-0500	DEBUG	protocol/handler.go:403	worker stopping
2025-08-15T22:12:57.675-0500	DEBUG	protocol/handler.go:403	worker stopping
2025-08-15T22:12:57.675-0500	DEBUG	protocol/handler.go:403	worker stopping
2025-08-15T22:12:57.675-0500	DEBUG	protocol/handler.go:403	worker stopping
2025-08-15T22:12:57.675-0500	DEBUG	protocol/handler.go:403	worker stopping
2025-08-15T22:12:57.675-0500	DEBUG	protocol/handler.go:403	worker stopping
2025-08-15T22:12:57.675-0500	DEBUG	protocol/handler.go:403	worker stopping
2025-08-15T22:12:57.677-0500	DEBUG	protocol/handler.go:403	worker stopping
2025-08-15T22:12:57.677-0500	DEBUG	protocol/handler.go:403	worker stopping
2025-08-15T22:12:57.677-0500	DEBUG	protocol/handler.go:403	worker stopping
2025-08-15T22:12:57.677-0500	DEBUG	protocol/handler.go:403	worker stopping
2025-08-15T22:12:57.677-0500	DEBUG	protocol/handler.go:403	worker stopping
2025-08-15T22:12:57.677-0500	DEBUG	protocol/handler.go:403	worker stopping
2025-08-15T22:12:57.677-0500	DEBUG	protocol/handler.go:403	worker stopping
2025-08-15T22:12:57.677-0500	DEBUG	protocol/handler.go:403	worker stopping
2025-08-15T22:12:57.677-0500	DEBUG	protocol/handler.go:403	worker stopping
2025-08-15T22:12:57.677-0500	DEBUG	protocol/handler.go:403	worker stopping
2025-08-15T22:12:57.678-0500	DEBUG	protocol/handler.go:403	worker stopping
2025-08-15T22:12:57.678-0500	DEBUG	protocol/handler.go:403	worker stopping
2025-08-15T22:12:57.678-0500	DEBUG	protocol/handler.go:403	worker stopping
2025-08-15T22:12:57.678-0500	DEBUG	protocol/handler.go:403	worker stopping
2025-08-15T22:12:57.678-0500	DEBUG	protocol/handler.go:403	worker stopping
2025-08-15T22:12:57.678-0500	DEBUG	protocol/handler.go:403	worker stopping
2025-08-15T22:12:57.678-0500	DEBUG	protocol/handler.go:403	worker stopping
2025-08-15T22:12:57.678-0500	DEBUG	protocol/handler.go:403	worker stopping
2025-08-15T22:12:57.678-0500	DEBUG	protocol/handler.go:403	worker stopping
2025-08-15T22:12:57.677-0500	DEBUG	protocol/handler.go:403	worker stopping
2025-08-15T22:12:57.677-0500	DEBUG	protocol/handler.go:403	worker stopping
2025-08-15T22:12:57.677-0500	DEBUG	protocol/handler.go:403	worker stopping
2025-08-15T22:12:57.677-0500	DEBUG	protocol/handler.go:403	worker stopping
2025-08-15T22:12:57.677-0500	DEBUG	protocol/handler.go:403	worker stopping
2025-08-15T22:12:57.679-0500	DEBUG	protocol/handler.go:403	worker stopping
2025-08-15T22:12:57.679-0500	DEBUG	protocol/handler.go:403	worker stopping
2025-08-15T22:12:57.679-0500	DEBUG	protocol/handler.go:403	worker stopping
2025-08-15T22:12:57.679-0500	DEBUG	protocol/handler.go:403	worker stopping
2025-08-15T22:12:57.679-0500	DEBUG	protocol/handler.go:403	worker stopping
2025-08-15T22:12:57.679-0500	DEBUG	protocol/handler.go:403	worker stopping
2025-08-15T22:12:57.679-0500	DEBUG	protocol/handler.go:403	worker stopping
2025-08-15T22:12:57.679-0500	DEBUG	protocol/handler.go:403	worker stopping
2025-08-15T22:12:57.680-0500	DEBUG	protocol/handler.go:403	worker stopping
2025-08-15T22:12:57.680-0500	DEBUG	protocol/handler.go:403	worker stopping
2025-08-15T22:12:57.680-0500	DEBUG	protocol/handler.go:403	worker stopping
2025-08-15T22:12:57.680-0500	DEBUG	protocol/handler.go:403	worker stopping
2025-08-15T22:12:57.680-0500	DEBUG	protocol/handler.go:403	worker stopping
2025-08-15T22:12:57.680-0500	DEBUG	protocol/handler.go:403	worker stopping
2025-08-15T22:12:57.680-0500	DEBUG	protocol/handler.go:403	worker stopping
2025-08-15T22:12:57.680-0500	DEBUG	protocol/handler.go:403	worker stopping
2025-08-15T22:12:57.680-0500	DEBUG	protocol/handler.go:403	worker stopping
2025-08-15T22:12:57.679-0500	DEBUG	protocol/handler.go:403	worker stopping
2025-08-15T22:12:57.680-0500	DEBUG	protocol/handler.go:403	worker stopping
2025-08-15T22:12:57.680-0500	DEBUG	protocol/handler.go:403	worker stopping
2025-08-15T22:12:57.680-0500	DEBUG	protocol/handler.go:403	worker stopping
2025-08-15T22:12:57.680-0500	DEBUG	protocol/handler.go:403	worker stopping
2025-08-15T22:12:57.680-0500	DEBUG	protocol/handler.go:403	worker stopping
2025-08-15T22:12:57.680-0500	DEBUG	protocol/handler.go:403	worker stopping
2025-08-15T22:12:57.758-0500	INFO	protocol/handler.go:722	protocol completed successfully
2025-08-15T22:12:57.764-0500	INFO	protocol/handler.go:722	protocol completed successfully
2025-08-15T22:12:57.764-0500	INFO	protocol/handler.go:722	protocol completed successfully
2025-08-15T22:12:57.768-0500	INFO	protocol/handler.go:722	protocol completed successfully
2025-08-15T22:12:57.769-0500	INFO	protocol/handler.go:722	protocol completed successfully
2025-08-15T22:12:57.770-0500	INFO	protocol/handler.go:828	stopping protocol handler
2025-08-15T22:12:57.770-0500	INFO	protocol/handler.go:851	protocol handler stopped	{"{messages_processed 18 12  <nil>}": {"Key":"rounds_completed","Type":18,"Integer":2,"String":"","Interface":null}}
2025-08-15T22:12:57.770-0500	INFO	protocol/handler.go:828	stopping protocol handler
2025-08-15T22:12:57.770-0500	INFO	protocol/handler.go:851	protocol handler stopped	{"{messages_processed 18 12  <nil>}": {"Key":"rounds_completed","Type":18,"Integer":2,"String":"","Interface":null}}
2025-08-15T22:12:57.770-0500	INFO	protocol/handler.go:828	stopping protocol handler
2025-08-15T22:12:57.770-0500	INFO	protocol/handler.go:851	protocol handler stopped	{"{messages_processed 18 12  <nil>}": {"Key":"rounds_completed","Type":18,"Integer":2,"String":"","Interface":null}}
2025-08-15T22:12:57.770-0500	INFO	protocol/handler.go:828	stopping protocol handler
2025-08-15T22:12:57.770-0500	INFO	protocol/handler.go:851	protocol handler stopped	{"{messages_processed 18 12  <nil>}": {"Key":"rounds_completed","Type":18,"Integer":2,"String":"","Interface":null}}
2025-08-15T22:12:57.770-0500	INFO	protocol/handler.go:828	stopping protocol handler
2025-08-15T22:12:57.770-0500	INFO	protocol/handler.go:851	protocol handler stopped	{"{messages_processed 18 12  <nil>}": {"Key":"rounds_completed","Type":18,"Integer":2,"String":"","Interface":null}}
--- FAIL: TestFROSTKeygenWithTimeout (0.38s)
    frost_fixed_test.go:160: Got 5 results before timeout
    frost_fixed_test.go:164: Party c got valid config
    frost_fixed_test.go:164: Party d got valid config
    frost_fixed_test.go:164: Party e got valid config
    frost_fixed_test.go:164: Party b got valid config
    frost_fixed_test.go:164: Party a got valid config
    testing.go:1490: race detected during execution of test
2025-08-15T22:12:57.772-0500	INFO	protocol/handler.go:240	starting protocol handler	{"{protocol 15 0 frost/keygen-threshold <nil>}": {"Key":"workers","Type":11,"Integer":4,"String":"","Interface":null}, "{parties 11 3  <nil>}": {"Key":"threshold","Type":11,"Integer":2,"String":"","Interface":null}}
2025-08-15T22:12:57.773-0500	DEBUG	protocol/handler.go:348	starting worker pools	{"{workers 11 4  <nil>}": {"Key":"priority","Type":11,"Integer":4,"String":"","Interface":null}}
2025-08-15T22:12:57.773-0500	DEBUG	protocol/handler.go:391	worker started	{"{id 11 1  <nil>}": {"Key":"priority","Type":4,"Integer":1,"String":"","Interface":null}}
2025-08-15T22:12:57.773-0500	DEBUG	protocol/handler.go:391	worker started	{"{id 11 0  <nil>}": {"Key":"priority","Type":4,"Integer":0,"String":"","Interface":null}}
2025-08-15T22:12:57.773-0500	DEBUG	protocol/handler.go:391	worker started	{"{id 11 2  <nil>}": {"Key":"priority","Type":4,"Integer":0,"String":"","Interface":null}}
2025-08-15T22:12:57.773-0500	DEBUG	protocol/handler.go:930	initializing round
2025-08-15T22:12:57.773-0500	DEBUG	protocol/handler.go:1503	processing queued messages
2025-08-15T22:12:57.773-0500	DEBUG	protocol/handler.go:391	worker started	{"{id 11 1  <nil>}": {"Key":"priority","Type":4,"Integer":0,"String":"","Interface":null}}
2025-08-15T22:12:57.773-0500	DEBUG	protocol/handler.go:391	worker started	{"{id 11 2  <nil>}": {"Key":"priority","Type":4,"Integer":1,"String":"","Interface":null}}
2025-08-15T22:12:57.773-0500	DEBUG	protocol/handler.go:391	worker started	{"{id 11 3  <nil>}": {"Key":"priority","Type":4,"Integer":1,"String":"","Interface":null}}
2025-08-15T22:12:57.773-0500	DEBUG	protocol/handler.go:391	worker started	{"{id 11 3  <nil>}": {"Key":"priority","Type":4,"Integer":0,"String":"","Interface":null}}
2025-08-15T22:12:57.773-0500	DEBUG	protocol/handler.go:391	worker started	{"{id 11 0  <nil>}": {"Key":"priority","Type":4,"Integer":1,"String":"","Interface":null}}
2025-08-15T22:12:57.774-0500	INFO	protocol/handler.go:240	starting protocol handler	{"{protocol 15 0 frost/keygen-threshold <nil>}": {"Key":"workers","Type":11,"Integer":4,"String":"","Interface":null}, "{parties 11 3  <nil>}": {"Key":"threshold","Type":11,"Integer":2,"String":"","Interface":null}}
2025-08-15T22:12:57.774-0500	DEBUG	protocol/handler.go:348	starting worker pools	{"{workers 11 4  <nil>}": {"Key":"priority","Type":11,"Integer":4,"String":"","Interface":null}}
2025-08-15T22:12:57.774-0500	DEBUG	protocol/handler.go:391	worker started	{"{id 11 0  <nil>}": {"Key":"priority","Type":4,"Integer":1,"String":"","Interface":null}}
2025-08-15T22:12:57.774-0500	DEBUG	protocol/handler.go:930	initializing round
2025-08-15T22:12:57.774-0500	DEBUG	protocol/handler.go:391	worker started	{"{id 11 0  <nil>}": {"Key":"priority","Type":4,"Integer":0,"String":"","Interface":null}}
2025-08-15T22:12:57.774-0500	DEBUG	protocol/handler.go:391	worker started	{"{id 11 2  <nil>}": {"Key":"priority","Type":4,"Integer":0,"String":"","Interface":null}}
2025-08-15T22:12:57.774-0500	DEBUG	protocol/handler.go:391	worker started	{"{id 11 2  <nil>}": {"Key":"priority","Type":4,"Integer":1,"String":"","Interface":null}}
2025-08-15T22:12:57.774-0500	DEBUG	protocol/handler.go:391	worker started	{"{id 11 3  <nil>}": {"Key":"priority","Type":4,"Integer":0,"String":"","Interface":null}}
2025-08-15T22:12:57.774-0500	DEBUG	protocol/handler.go:391	worker started	{"{id 11 1  <nil>}": {"Key":"priority","Type":4,"Integer":1,"String":"","Interface":null}}
2025-08-15T22:12:57.774-0500	DEBUG	protocol/handler.go:391	worker started	{"{id 11 3  <nil>}": {"Key":"priority","Type":4,"Integer":1,"String":"","Interface":null}}
2025-08-15T22:12:57.774-0500	DEBUG	protocol/handler.go:391	worker started	{"{id 11 1  <nil>}": {"Key":"priority","Type":4,"Integer":0,"String":"","Interface":null}}
2025-08-15T22:12:57.775-0500	INFO	protocol/handler.go:240	starting protocol handler	{"{protocol 15 0 frost/keygen-threshold <nil>}": {"Key":"workers","Type":11,"Integer":4,"String":"","Interface":null}, "{parties 11 3  <nil>}": {"Key":"threshold","Type":11,"Integer":2,"String":"","Interface":null}}
2025-08-15T22:12:57.774-0500	DEBUG	protocol/handler.go:1503	processing queued messages
2025-08-15T22:12:57.775-0500	DEBUG	protocol/handler.go:348	starting worker pools	{"{workers 11 4  <nil>}": {"Key":"priority","Type":11,"Integer":4,"String":"","Interface":null}}
2025-08-15T22:12:57.775-0500	DEBUG	protocol/handler.go:391	worker started	{"{id 11 1  <nil>}": {"Key":"priority","Type":4,"Integer":1,"String":"","Interface":null}}
2025-08-15T22:12:57.775-0500	DEBUG	protocol/handler.go:391	worker started	{"{id 11 2  <nil>}": {"Key":"priority","Type":4,"Integer":0,"String":"","Interface":null}}
2025-08-15T22:12:57.775-0500	DEBUG	protocol/handler.go:391	worker started	{"{id 11 3  <nil>}": {"Key":"priority","Type":4,"Integer":1,"String":"","Interface":null}}
2025-08-15T22:12:57.775-0500	DEBUG	protocol/handler.go:391	worker started	{"{id 11 0  <nil>}": {"Key":"priority","Type":4,"Integer":0,"String":"","Interface":null}}
2025-08-15T22:12:57.775-0500	DEBUG	protocol/handler.go:391	worker started	{"{id 11 2  <nil>}": {"Key":"priority","Type":4,"Integer":1,"String":"","Interface":null}}
2025-08-15T22:12:57.775-0500	DEBUG	protocol/handler.go:391	worker started	{"{id 11 1  <nil>}": {"Key":"priority","Type":4,"Integer":0,"String":"","Interface":null}}
2025-08-15T22:12:57.775-0500	DEBUG	protocol/handler.go:930	initializing round
2025-08-15T22:12:57.775-0500	DEBUG	protocol/handler.go:1503	processing queued messages
2025-08-15T22:12:57.775-0500	DEBUG	protocol/handler.go:391	worker started	{"{id 11 0  <nil>}": {"Key":"priority","Type":4,"Integer":1,"String":"","Interface":null}}
2025-08-15T22:12:57.775-0500	DEBUG	protocol/handler.go:391	worker started	{"{id 11 3  <nil>}": {"Key":"priority","Type":4,"Integer":0,"String":"","Interface":null}}
2025-08-15T22:12:57.783-0500	INFO	protocol/handler.go:560	advanced to round
2025-08-15T22:12:57.784-0500	DEBUG	protocol/handler.go:581	tryAdvanceRound called	{"{current_round 20 1  <nil>}": {"Key":"self","Type":15,"Integer":0,"String":"a","Interface":null}}
2025-08-15T22:12:57.784-0500	DEBUG	protocol/handler.go:1649	have all messages and processed	{"{round 20 1  <nil>}": {"Key":"self","Type":15,"Integer":0,"String":"a","Interface":null}}
2025-08-15T22:12:57.784-0500	DEBUG	protocol/handler.go:619	finalizing round
2025-08-15T22:12:57.787-0500	INFO	protocol/handler.go:560	advanced to round
2025-08-15T22:12:57.787-0500	DEBUG	protocol/handler.go:581	tryAdvanceRound called	{"{current_round 20 1  <nil>}": {"Key":"self","Type":15,"Integer":0,"String":"b","Interface":null}}
2025-08-15T22:12:57.787-0500	DEBUG	protocol/handler.go:1649	have all messages and processed	{"{round 20 1  <nil>}": {"Key":"self","Type":15,"Integer":0,"String":"b","Interface":null}}
2025-08-15T22:12:57.787-0500	DEBUG	protocol/handler.go:619	finalizing round
2025-08-15T22:12:57.787-0500	INFO	protocol/handler.go:560	advanced to round
2025-08-15T22:12:57.788-0500	DEBUG	protocol/handler.go:581	tryAdvanceRound called	{"{current_round 20 1  <nil>}": {"Key":"self","Type":15,"Integer":0,"String":"c","Interface":null}}
2025-08-15T22:12:57.789-0500	DEBUG	protocol/handler.go:1649	have all messages and processed	{"{round 20 1  <nil>}": {"Key":"self","Type":15,"Integer":0,"String":"c","Interface":null}}
2025-08-15T22:12:57.789-0500	DEBUG	protocol/handler.go:619	finalizing round
2025-08-15T22:12:57.794-0500	DEBUG	protocol/handler.go:1039	sendRoundMessage	{"{from 15 0 a <nil>}": {"Key":"to","Type":15,"Integer":0,"String":"","Interface":null}, "{round 20 2  <nil>}": {"Key":"broadcast","Type":4,"Integer":1,"String":"","Interface":null}}
2025-08-15T22:12:57.795-0500	DEBUG	protocol/handler.go:1657	storing broadcast	{"{round 20 2  <nil>}": {"Key":"from","Type":15,"Integer":0,"String":"a","Interface":null}}
2025-08-15T22:12:57.795-0500	DEBUG	protocol/handler.go:1081	sent message to output channel	{"{from 15 0 a <nil>}": {"Key":"to","Type":15,"Integer":0,"String":"","Interface":null}, "{round 20 2  <nil>}": {"Key":"broadcast","Type":4,"Integer":1,"String":"","Interface":null}}
2025-08-15T22:12:57.795-0500	DEBUG	protocol/handler.go:1182	finalized round messages	{"{round 20 1  <nil>}": {"Key":"messages","Type":11,"Integer":1,"String":"","Interface":null}}
2025-08-15T22:12:57.795-0500	DEBUG	protocol/handler.go:1239	finalize returned next round	{"{current 20 1  <nil>}": {"Key":"next","Type":20,"Integer":2,"String":"","Interface":null}}
2025-08-15T22:12:57.795-0500	INFO	protocol/handler.go:642	storing new currentRound	{"{from 20 1  <nil>}": {"Key":"to","Type":20,"Integer":2,"String":"","Interface":null}}
2025-08-15T22:12:57.795-0500	DEBUG	protocol/handler.go:1503	processing queued messages
2025-08-15T22:12:57.795-0500	INFO	protocol/handler.go:560	advanced to round
2025-08-15T22:12:57.800-0500	DEBUG	protocol/handler.go:581	tryAdvanceRound called	{"{current_round 20 2  <nil>}": {"Key":"self","Type":15,"Integer":0,"String":"a","Interface":null}}
2025-08-15T22:12:57.804-0500	DEBUG	protocol/handler.go:1600	waiting for broadcasts	{"{round 20 2  <nil>}": {"Key":"missing","Type":15,"Integer":0,"String":"[b c]","Interface":null}}
2025-08-15T22:12:57.804-0500	DEBUG	protocol/handler.go:581	tryAdvanceRound called	{"{current_round 20 2  <nil>}": {"Key":"self","Type":15,"Integer":0,"String":"a","Interface":null}}
2025-08-15T22:12:57.804-0500	DEBUG	protocol/handler.go:1600	waiting for broadcasts	{"{round 20 2  <nil>}": {"Key":"missing","Type":15,"Integer":0,"String":"[b c]","Interface":null}}
2025-08-15T22:12:57.800-0500	DEBUG	protocol/handler.go:437	processing message	{"{from 15 0 a <nil>}": {"Key":"to","Type":15,"Integer":0,"String":"","Interface":null}, "{round 20 2  <nil>}": {"Key":"broadcast","Type":4,"Integer":1,"String":"","Interface":null}}
2025-08-15T22:12:57.805-0500	DEBUG	protocol/handler.go:1657	storing broadcast	{"{round 20 2  <nil>}": {"Key":"from","Type":15,"Integer":0,"String":"a","Interface":null}}
2025-08-15T22:12:57.806-0500	DEBUG	protocol/handler.go:1039	sendRoundMessage	{"{from 15 0 c <nil>}": {"Key":"to","Type":15,"Integer":0,"String":"","Interface":null}, "{round 20 2  <nil>}": {"Key":"broadcast","Type":4,"Integer":1,"String":"","Interface":null}}
2025-08-15T22:12:57.806-0500	DEBUG	protocol/handler.go:1657	storing broadcast	{"{round 20 2  <nil>}": {"Key":"from","Type":15,"Integer":0,"String":"c","Interface":null}}
2025-08-15T22:12:57.807-0500	DEBUG	protocol/handler.go:1081	sent message to output channel	{"{from 15 0 c <nil>}": {"Key":"to","Type":15,"Integer":0,"String":"","Interface":null}, "{round 20 2  <nil>}": {"Key":"broadcast","Type":4,"Integer":1,"String":"","Interface":null}}
2025-08-15T22:12:57.807-0500	DEBUG	protocol/handler.go:1182	finalized round messages	{"{round 20 1  <nil>}": {"Key":"messages","Type":11,"Integer":1,"String":"","Interface":null}}
2025-08-15T22:12:57.807-0500	DEBUG	protocol/handler.go:1239	finalize returned next round	{"{current 20 1  <nil>}": {"Key":"next","Type":20,"Integer":2,"String":"","Interface":null}}
2025-08-15T22:12:57.807-0500	INFO	protocol/handler.go:642	storing new currentRound	{"{from 20 1  <nil>}": {"Key":"to","Type":20,"Integer":2,"String":"","Interface":null}}
2025-08-15T22:12:57.807-0500	DEBUG	protocol/handler.go:1503	processing queued messages
2025-08-15T22:12:57.807-0500	INFO	protocol/handler.go:560	advanced to round
2025-08-15T22:12:57.808-0500	DEBUG	protocol/handler.go:581	tryAdvanceRound called	{"{current_round 20 2  <nil>}": {"Key":"self","Type":15,"Integer":0,"String":"c","Interface":null}}
2025-08-15T22:12:57.796-0500	DEBUG	protocol/handler.go:954	round already being initialized/finalized, skipping
2025-08-15T22:12:57.796-0500	DEBUG	protocol/handler.go:954	round already being initialized/finalized, skipping
2025-08-15T22:12:57.799-0500	DEBUG	protocol/handler.go:954	round already being initialized/finalized, skipping
2025-08-15T22:12:57.800-0500	DEBUG	protocol/handler.go:437	processing message	{"{from 15 0 a <nil>}": {"Key":"to","Type":15,"Integer":0,"String":"","Interface":null}, "{round 20 2  <nil>}": {"Key":"broadcast","Type":4,"Integer":1,"String":"","Interface":null}}
2025-08-15T22:12:57.795-0500	DEBUG	protocol/handler.go:1503	processing queued messages
2025-08-15T22:12:57.800-0500	DEBUG	protocol/handler.go:1039	sendRoundMessage	{"{from 15 0 b <nil>}": {"Key":"to","Type":15,"Integer":0,"String":"","Interface":null}, "{round 20 2  <nil>}": {"Key":"broadcast","Type":4,"Integer":1,"String":"","Interface":null}}
2025-08-15T22:12:57.805-0500	DEBUG	protocol/handler.go:470	message for different round (buffering)	{"{msg_round 20 2  <nil>}": {"Key":"current_round","Type":20,"Integer":1,"String":"","Interface":null}}
2025-08-15T22:12:57.810-0500	DEBUG	protocol/handler.go:581	tryAdvanceRound called	{"{current_round 20 2  <nil>}": {"Key":"self","Type":15,"Integer":0,"String":"c","Interface":null}}
2025-08-15T22:12:57.809-0500	DEBUG	protocol/handler.go:1657	storing broadcast	{"{round 20 2  <nil>}": {"Key":"from","Type":15,"Integer":0,"String":"a","Interface":null}}
2025-08-15T22:12:57.815-0500	DEBUG	protocol/handler.go:1503	processing queued messages
==================
WARNING: DATA RACE
Write at 0x00c00028b9bc by goroutine 1829:
  ??()
      -:0 +0x104ada650
  sync/atomic.CompareAndSwapInt32()
      <autogenerated>:1 +0x18
  internal/sync.(*HashTrieMap[go.shape.interface {},go.shape.interface {}]).initSlow()
      /opt/homebrew/Cellar/go/1.24.6/libexec/src/internal/sync/hashtriemap.go:38 +0x38
  internal/sync.(*HashTrieMap[go.shape.interface {},go.shape.interface {}]).init()
      /opt/homebrew/Cellar/go/1.24.6/libexec/src/internal/sync/hashtriemap.go:32 +0x44
  internal/sync.(*HashTrieMap[go.shape.interface {},go.shape.interface {}]).Swap()
      /opt/homebrew/Cellar/go/1.24.6/libexec/src/internal/sync/hashtriemap.go:206 +0x54
  internal/sync.(*HashTrieMap[go.shape.interface {},go.shape.interface {}]).Store()
      /opt/homebrew/Cellar/go/1.24.6/libexec/src/internal/sync/hashtriemap.go:200 +0x54
  sync.(*Map).Store()
      /opt/homebrew/Cellar/go/1.24.6/libexec/src/sync/hashtriemap.go:55 +0x54
  github.com/luxfi/threshold/protocols/frost/keygen.(*round2).StoreBroadcastMessage()
      /Users/z/work/lux/threshold/protocols/frost/keygen/round2.go:117 +0x56c
  github.com/luxfi/threshold/pkg/protocol.(*Handler).verifyBroadcastForRound()
      /Users/z/work/lux/threshold/pkg/protocol/handler.go:1277 +0x3a0
  github.com/luxfi/threshold/pkg/protocol.(*Handler).retryUnprocessedMessages()
      /Users/z/work/lux/threshold/pkg/protocol/handler.go:1483 +0x22c
  github.com/luxfi/threshold/pkg/protocol.(*Handler).tryAdvanceRound()
      /Users/z/work/lux/threshold/pkg/protocol/handler.go:587 +0x28c
  github.com/luxfi/threshold/pkg/protocol.(*Handler).roundProcessor()
      /Users/z/work/lux/threshold/pkg/protocol/handler.go:569 +0xb4
  github.com/luxfi/threshold/pkg/protocol.(*Handler).startWorkers.func1()
      /Users/z/work/lux/threshold/pkg/protocol/handler.go:374 +0x78

Previous read at 0x00c00028b9b8 by goroutine 1826:
  github.com/luxfi/threshold/protocols/frost/keygen.(*round2).Number()
      <autogenerated>:1 +0x38
  github.com/luxfi/threshold/pkg/protocol.(*Handler).tryAdvanceRound()
      /Users/z/work/lux/threshold/pkg/protocol/handler.go:587 +0x280
  github.com/luxfi/threshold/pkg/protocol.(*Handler).processMessage()
      /Users/z/work/lux/threshold/pkg/protocol/handler.go:474 +0xb70
  github.com/luxfi/threshold/pkg/protocol.(*Handler).messageWorker()
      /Users/z/work/lux/threshold/pkg/protocol/handler.go:408 +0x338
  github.com/luxfi/threshold/pkg/protocol.(*Handler).startWorkers.gowrap2()
      /Users/z/work/lux/threshold/pkg/protocol/handler.go:361 +0x44

Goroutine 1829 (running) created at:
  github.com/luxfi/threshold/pkg/protocol.(*Handler).startWorkers()
      /Users/z/work/lux/threshold/pkg/protocol/handler.go:372 +0x4fc
  github.com/luxfi/threshold/pkg/protocol.NewHandler()
      /Users/z/work/lux/threshold/pkg/protocol/handler.go:247 +0xf10
  github.com/luxfi/threshold/internal/test.(*Harness).CreateHandler()
      /Users/z/work/lux/threshold/internal/test/harness.go:91 +0x2e4
  github.com/luxfi/threshold/internal/test.RunProtocol()
      /Users/z/work/lux/threshold/internal/test/harness.go:270 +0x230
  github.com/luxfi/threshold/internal/test.RunMultipleProtocolTests.(*ProtocolTest).Run.func1()
      /Users/z/work/lux/threshold/internal/test/protocol_helpers.go:34 +0xe0
  testing.tRunner()
      /opt/homebrew/Cellar/go/1.24.6/libexec/src/testing/testing.go:1792 +0x180
  testing.(*T).Run.gowrap1()
      /opt/homebrew/Cellar/go/1.24.6/libexec/src/testing/testing.go:1851 +0x40

Goroutine 1826 (running) created at:
  github.com/luxfi/threshold/pkg/protocol.(*Handler).startWorkers()
      /Users/z/work/lux/threshold/pkg/protocol/handler.go:361 +0x334
  github.com/luxfi/threshold/pkg/protocol.NewHandler()
      /Users/z/work/lux/threshold/pkg/protocol/handler.go:247 +0xf10
  github.com/luxfi/threshold/internal/test.(*Harness).CreateHandler()
      /Users/z/work/lux/threshold/internal/test/harness.go:91 +0x2e4
  github.com/luxfi/threshold/internal/test.RunProtocol()
      /Users/z/work/lux/threshold/internal/test/harness.go:270 +0x230
  github.com/luxfi/threshold/internal/test.RunMultipleProtocolTests.(*ProtocolTest).Run.func1()
      /Users/z/work/lux/threshold/internal/test/protocol_helpers.go:34 +0xe0
  testing.tRunner()
      /opt/homebrew/Cellar/go/1.24.6/libexec/src/testing/testing.go:1792 +0x180
  testing.(*T).Run.gowrap1()
      /opt/homebrew/Cellar/go/1.24.6/libexec/src/testing/testing.go:1851 +0x40
==================
==================
WARNING: DATA RACE
Write at 0x00c00028b9c8 by goroutine 1829:
  ??()
      -:0 +0x104ad56f0
  sync/atomic.StorePointer()
      /opt/homebrew/Cellar/go/1.24.6/libexec/src/runtime/atomic_pointer.go:92 +0x38
  internal/sync.(*HashTrieMap[go.shape.interface {},go.shape.interface {}]).initSlow()
      /opt/homebrew/Cellar/go/1.24.6/libexec/src/internal/sync/hashtriemap.go:50 +0xb8
  internal/sync.(*HashTrieMap[go.shape.interface {},go.shape.interface {}]).init()
      /opt/homebrew/Cellar/go/1.24.6/libexec/src/internal/sync/hashtriemap.go:32 +0x44
  internal/sync.(*HashTrieMap[go.shape.interface {},go.shape.interface {}]).Swap()
      /opt/homebrew/Cellar/go/1.24.6/libexec/src/internal/sync/hashtriemap.go:206 +0x54
  internal/sync.(*HashTrieMap[go.shape.interface {},go.shape.interface {}]).Store()
      /opt/homebrew/Cellar/go/1.24.6/libexec/src/internal/sync/hashtriemap.go:200 +0x54
  sync.(*Map).Store()
      /opt/homebrew/Cellar/go/1.24.6/libexec/src/sync/hashtriemap.go:55 +0x54
  github.com/luxfi/threshold/protocols/frost/keygen.(*round2).StoreBroadcastMessage()
      /Users/z/work/lux/threshold/protocols/frost/keygen/round2.go:117 +0x56c
  github.com/luxfi/threshold/pkg/protocol.(*Handler).verifyBroadcastForRound()
      /Users/z/work/lux/threshold/pkg/protocol/handler.go:1277 +0x3a0
  github.com/luxfi/threshold/pkg/protocol.(*Handler).retryUnprocessedMessages()
      /Users/z/work/lux/threshold/pkg/protocol/handler.go:1483 +0x22c
  github.com/luxfi/threshold/pkg/protocol.(*Handler).tryAdvanceRound()
      /Users/z/work/lux/threshold/pkg/protocol/handler.go:587 +0x28c
  github.com/luxfi/threshold/pkg/protocol.(*Handler).roundProcessor()
      /Users/z/work/lux/threshold/pkg/protocol/handler.go:569 +0xb4
  github.com/luxfi/threshold/pkg/protocol.(*Handler).startWorkers.func1()
      /Users/z/work/lux/threshold/pkg/protocol/handler.go:374 +0x78

Previous read at 0x00c00028b9c8 by goroutine 1826:
  github.com/luxfi/threshold/protocols/frost/keygen.(*round2).Number()
      <autogenerated>:1 +0x38
  github.com/luxfi/threshold/pkg/protocol.(*Handler).tryAdvanceRound()
      /Users/z/work/lux/threshold/pkg/protocol/handler.go:587 +0x280
  github.com/luxfi/threshold/pkg/protocol.(*Handler).processMessage()
      /Users/z/work/lux/threshold/pkg/protocol/handler.go:474 +0xb70
  github.com/luxfi/threshold/pkg/protocol.(*Handler).messageWorker()
      /Users/z/work/lux/threshold/pkg/protocol/handler.go:408 +0x338
  github.com/luxfi/threshold/pkg/protocol.(*Handler).startWorkers.gowrap2()
      /Users/z/work/lux/threshold/pkg/protocol/handler.go:361 +0x44

Goroutine 1829 (running) created at:
  github.com/luxfi/threshold/pkg/protocol.(*Handler).startWorkers()
      /Users/z/work/lux/threshold/pkg/protocol/handler.go:372 +0x4fc
  github.com/luxfi/threshold/pkg/protocol.NewHandler()
      /Users/z/work/lux/threshold/pkg/protocol/handler.go:247 +0xf10
  github.com/luxfi/threshold/internal/test.(*Harness).CreateHandler()
      /Users/z/work/lux/threshold/internal/test/harness.go:91 +0x2e4
  github.com/luxfi/threshold/internal/test.RunProtocol()
      /Users/z/work/lux/threshold/internal/test/harness.go:270 +0x230
  github.com/luxfi/threshold/internal/test.RunMultipleProtocolTests.(*ProtocolTest).Run.func1()
      /Users/z/work/lux/threshold/internal/test/protocol_helpers.go:34 +0xe0
  testing.tRunner()
      /opt/homebrew/Cellar/go/1.24.6/libexec/src/testing/testing.go:1792 +0x180
  testing.(*T).Run.gowrap1()
      /opt/homebrew/Cellar/go/1.24.6/libexec/src/testing/testing.go:1851 +0x40

Goroutine 1826 (running) created at:
  github.com/luxfi/threshold/pkg/protocol.(*Handler).startWorkers()
      /Users/z/work/lux/threshold/pkg/protocol/handler.go:361 +0x334
  github.com/luxfi/threshold/pkg/protocol.NewHandler()
      /Users/z/work/lux/threshold/pkg/protocol/handler.go:247 +0xf10
2025-08-15T22:12:57.816-0500	DEBUG	protocol/handler.go:1657	storing broadcast	{"{round 20 2  <nil>}": {"Key":"from","Type":15,"Integer":0,"String":"b","Interface":null}}
  github.com/luxfi/threshold/internal/test.(*Harness).CreateHandler()
      /Users/z/work/lux/threshold/internal/test/harness.go:91 +0x2e4
  github.com/luxfi/threshold/internal/test.RunProtocol()
      /Users/z/work/lux/threshold/internal/test/harness.go:270 +0x230
  github.com/luxfi/threshold/internal/test.RunMultipleProtocolTests.(*ProtocolTest).Run.func1()
      /Users/z/work/lux/threshold/internal/test/protocol_helpers.go:34 +0xe0
  testing.tRunner()
      /opt/homebrew/Cellar/go/1.24.6/libexec/src/testing/testing.go:1792 +0x180
  testing.(*T).Run.gowrap1()
      /opt/homebrew/Cellar/go/1.24.6/libexec/src/testing/testing.go:1851 +0x40
==================
2025-08-15T22:12:57.817-0500	DEBUG	protocol/handler.go:1591	have processed broadcast	{"{round 20 2  <nil>}": {"Key":"from","Type":15,"Integer":0,"String":"a","Interface":null}}
2025-08-15T22:12:57.817-0500	DEBUG	protocol/handler.go:1600	waiting for broadcasts	{"{round 20 2  <nil>}": {"Key":"missing","Type":15,"Integer":0,"String":"[b]","Interface":null}}
==================
WARNING: DATA RACE
Write at 0x00c00028b9ec by goroutine 1846:
  ??()
      -:0 +0x104ada650
  sync/atomic.CompareAndSwapInt32()
      <autogenerated>:1 +0x18
  sync.(*Mutex).Lock()
      /opt/homebrew/Cellar/go/1.24.6/libexec/src/sync/mutex.go:46 +0x2c
  github.com/luxfi/threshold/protocols/frost/keygen.(*round2).StoreBroadcastMessage()
      /Users/z/work/lux/threshold/protocols/frost/keygen/round2.go:57 +0x58
  github.com/luxfi/threshold/pkg/protocol.(*Handler).verifyBroadcastForRound()
      /Users/z/work/lux/threshold/pkg/protocol/handler.go:1277 +0x3a0
  github.com/luxfi/threshold/pkg/protocol.(*Handler).processQueuedMessages()
      /Users/z/work/lux/threshold/pkg/protocol/handler.go:1542 +0x404
  github.com/luxfi/threshold/pkg/protocol.(*Handler).tryAdvanceRound.gowrap2()
      /Users/z/work/lux/threshold/pkg/protocol/handler.go:673 +0x40

Previous read at 0x00c00028b9e8 by goroutine 1826:
  github.com/luxfi/threshold/protocols/frost/keygen.(*round2).Number()
      <autogenerated>:1 +0x38
  github.com/luxfi/threshold/pkg/protocol.(*Handler).tryAdvanceRound()
      /Users/z/work/lux/threshold/pkg/protocol/handler.go:587 +0x280
  github.com/luxfi/threshold/pkg/protocol.(*Handler).processMessage()
      /Users/z/work/lux/threshold/pkg/protocol/handler.go:474 +0xb70
  github.com/luxfi/threshold/pkg/protocol.(*Handler).messageWorker()
      /Users/z/work/lux/threshold/pkg/protocol/handler.go:408 +0x338
  github.com/luxfi/threshold/pkg/protocol.(*Handler).startWorkers.gowrap2()
      /Users/z/work/lux/threshold/pkg/protocol/handler.go:361 +0x44

Goroutine 1846 (running) created at:
  github.com/luxfi/threshold/pkg/protocol.(*Handler).tryAdvanceRound()
      /Users/z/work/lux/threshold/pkg/protocol/handler.go:673 +0x12e4
  github.com/luxfi/threshold/pkg/protocol.(*Handler).roundProcessor()
      /Users/z/work/lux/threshold/pkg/protocol/handler.go:569 +0xb4
  github.com/luxfi/threshold/pkg/protocol.(*Handler).startWorkers.func1()
      /Users/z/work/lux/threshold/pkg/protocol/handler.go:374 +0x78

Goroutine 1826 (running) created at:
  github.com/luxfi/threshold/pkg/protocol.(*Handler).startWorkers()
      /Users/z/work/lux/threshold/pkg/protocol/handler.go:361 +0x334
  github.com/luxfi/threshold/pkg/protocol.NewHandler()
      /Users/z/work/lux/threshold/pkg/protocol/handler.go:247 +0xf10
  github.com/luxfi/threshold/internal/test.(*Harness).CreateHandler()
      /Users/z/work/lux/threshold/internal/test/harness.go:91 +0x2e4
  github.com/luxfi/threshold/internal/test.RunProtocol()
      /Users/z/work/lux/threshold/internal/test/harness.go:270 +0x230
  github.com/luxfi/threshold/internal/test.RunMultipleProtocolTests.(*ProtocolTest).Run.func1()
      /Users/z/work/lux/threshold/internal/test/protocol_helpers.go:34 +0xe0
  testing.tRunner()
      /opt/homebrew/Cellar/go/1.24.6/libexec/src/testing/testing.go:1792 +0x180
  testing.(*T).Run.gowrap1()
      /opt/homebrew/Cellar/go/1.24.6/libexec/src/testing/testing.go:1851 +0x40
==================
2025-08-15T22:12:57.817-0500	DEBUG	protocol/handler.go:437	processing message	{"{from 15 0 c <nil>}": {"Key":"to","Type":15,"Integer":0,"String":"","Interface":null}, "{round 20 2  <nil>}": {"Key":"broadcast","Type":4,"Integer":1,"String":"","Interface":null}}
2025-08-15T22:12:57.817-0500	DEBUG	protocol/handler.go:1657	storing broadcast	{"{round 20 2  <nil>}": {"Key":"from","Type":15,"Integer":0,"String":"c","Interface":null}}
2025-08-15T22:12:57.817-0500	DEBUG	protocol/handler.go:581	tryAdvanceRound called	{"{current_round 20 2  <nil>}": {"Key":"self","Type":15,"Integer":0,"String":"a","Interface":null}}
2025-08-15T22:12:57.817-0500	DEBUG	protocol/handler.go:1600	waiting for broadcasts	{"{round 20 2  <nil>}": {"Key":"missing","Type":15,"Integer":0,"String":"[b c]","Interface":null}}
2025-08-15T22:12:57.817-0500	DEBUG	protocol/handler.go:437	processing message	{"{from 15 0 c <nil>}": {"Key":"to","Type":15,"Integer":0,"String":"","Interface":null}, "{round 20 2  <nil>}": {"Key":"broadcast","Type":4,"Integer":1,"String":"","Interface":null}}
2025-08-15T22:12:57.817-0500	DEBUG	protocol/handler.go:581	tryAdvanceRound called	{"{current_round 20 2  <nil>}": {"Key":"self","Type":15,"Integer":0,"String":"c","Interface":null}}
==================
WARNING: DATA RACE
Read at 0x00c00028b9e8 by goroutine 1829:
  github.com/luxfi/threshold/protocols/frost/keygen.(*round2).Number()
      <autogenerated>:1 +0x38
  github.com/luxfi/threshold/pkg/protocol.(*Handler).tryAdvanceRound()
      /Users/z/work/lux/threshold/pkg/protocol/handler.go:587 +0x280
  github.com/luxfi/threshold/pkg/protocol.(*Handler).roundProcessor()
      /Users/z/work/lux/threshold/pkg/protocol/handler.go:569 +0xb4
  github.com/luxfi/threshold/pkg/protocol.(*Handler).startWorkers.func1()
      /Users/z/work/lux/threshold/pkg/protocol/handler.go:374 +0x78

Previous write at 0x00c00028b9ec by goroutine 1826:
  ??()
      -:0 +0x104ada650
  sync/atomic.CompareAndSwapInt32()
      <autogenerated>:1 +0x18
  sync.(*Mutex).Lock()
      /opt/homebrew/Cellar/go/1.24.6/libexec/src/sync/mutex.go:46 +0x2c
  github.com/luxfi/threshold/protocols/frost/keygen.(*round2).StoreBroadcastMessage()
      /Users/z/work/lux/threshold/protocols/frost/keygen/round2.go:57 +0x58
  github.com/luxfi/threshold/pkg/protocol.(*Handler).verifyBroadcastForRound()
      /Users/z/work/lux/threshold/pkg/protocol/handler.go:1277 +0x3a0
  github.com/luxfi/threshold/pkg/protocol.(*Handler).retryUnprocessedMessages()
      /Users/z/work/lux/threshold/pkg/protocol/handler.go:1483 +0x22c
  github.com/luxfi/threshold/pkg/protocol.(*Handler).tryAdvanceRound()
      /Users/z/work/lux/threshold/pkg/protocol/handler.go:587 +0x28c
  github.com/luxfi/threshold/pkg/protocol.(*Handler).processMessage()
      /Users/z/work/lux/threshold/pkg/protocol/handler.go:474 +0xb70
  github.com/luxfi/threshold/pkg/protocol.(*Handler).messageWorker()
      /Users/z/work/lux/threshold/pkg/protocol/handler.go:408 +0x338
  github.com/luxfi/threshold/pkg/protocol.(*Handler).startWorkers.gowrap2()
      /Users/z/work/lux/threshold/pkg/protocol/handler.go:361 +0x44

Goroutine 1829 (running) created at:
  github.com/luxfi/threshold/pkg/protocol.(*Handler).startWorkers()
      /Users/z/work/lux/threshold/pkg/protocol/handler.go:372 +0x4fc
  github.com/luxfi/threshold/pkg/protocol.NewHandler()
      /Users/z/work/lux/threshold/pkg/protocol/handler.go:247 +0xf10
  github.com/luxfi/threshold/internal/test.(*Harness).CreateHandler()
      /Users/z/work/lux/threshold/internal/test/harness.go:91 +0x2e4
  github.com/luxfi/threshold/internal/test.RunProtocol()
      /Users/z/work/lux/threshold/internal/test/harness.go:270 +0x230
  github.com/luxfi/threshold/internal/test.RunMultipleProtocolTests.(*ProtocolTest).Run.func1()
      /Users/z/work/lux/threshold/internal/test/protocol_helpers.go:34 +0xe0
  testing.tRunner()
      /opt/homebrew/Cellar/go/1.24.6/libexec/src/testing/testing.go:1792 +0x180
  testing.(*T).Run.gowrap1()
      /opt/homebrew/Cellar/go/1.24.6/libexec/src/testing/testing.go:1851 +0x40

Goroutine 1826 (running) created at:
  github.com/luxfi/threshold/pkg/protocol.(*Handler).startWorkers()
      /Users/z/work/lux/threshold/pkg/protocol/handler.go:361 +0x334
  github.com/luxfi/threshold/pkg/protocol.NewHandler()
      /Users/z/work/lux/threshold/pkg/protocol/handler.go:247 +0xf10
  github.com/luxfi/threshold/internal/test.(*Harness).CreateHandler()
      /Users/z/work/lux/threshold/internal/test/harness.go:91 +0x2e4
  github.com/luxfi/threshold/internal/test.RunProtocol()
      /Users/z/work/lux/threshold/internal/test/harness.go:270 +0x230
  github.com/luxfi/threshold/internal/test.RunMultipleProtocolTests.(*ProtocolTest).Run.func1()
      /Users/z/work/lux/threshold/internal/test/protocol_helpers.go:34 +0xe0
  testing.tRunner()
      /opt/homebrew/Cellar/go/1.24.6/libexec/src/testing/testing.go:1792 +0x180
  testing.(*T).Run.gowrap1()
      /opt/homebrew/Cellar/go/1.24.6/libexec/src/testing/testing.go:1851 +0x40
==================
2025-08-15T22:12:57.817-0500	DEBUG	protocol/handler.go:1591	have processed broadcast	{"{round 20 2  <nil>}": {"Key":"from","Type":15,"Integer":0,"String":"a","Interface":null}}
2025-08-15T22:12:57.817-0500	DEBUG	protocol/handler.go:1600	waiting for broadcasts	{"{round 20 2  <nil>}": {"Key":"missing","Type":15,"Integer":0,"String":"[b]","Interface":null}}
2025-08-15T22:12:57.817-0500	DEBUG	protocol/handler.go:1657	storing broadcast	{"{round 20 2  <nil>}": {"Key":"from","Type":15,"Integer":0,"String":"c","Interface":null}}
2025-08-15T22:12:57.823-0500	DEBUG	protocol/handler.go:470	message for different round (buffering)	{"{msg_round 20 2  <nil>}": {"Key":"current_round","Type":20,"Integer":1,"String":"","Interface":null}}
2025-08-15T22:12:57.823-0500	DEBUG	protocol/handler.go:581	tryAdvanceRound called	{"{current_round 20 1  <nil>}": {"Key":"self","Type":15,"Integer":0,"String":"b","Interface":null}}
2025-08-15T22:12:57.823-0500	DEBUG	protocol/handler.go:1649	have all messages and processed	{"{round 20 1  <nil>}": {"Key":"self","Type":15,"Integer":0,"String":"b","Interface":null}}
==================
WARNING: DATA RACE
Write at 0x00c00028b9ec by goroutine 1846:
  ??()
      -:0 +0x104ad5eb0
  sync/atomic.AddInt32()
      <autogenerated>:1 +0x14
  sync.(*Mutex).Unlock()
      /opt/homebrew/Cellar/go/1.24.6/libexec/src/sync/mutex.go:65 +0x2c
2025-08-15T22:12:57.823-0500	DEBUG	protocol/handler.go:596	round already finalized
  github.com/luxfi/threshold/protocols/frost/keygen.(*round2).StoreBroadcastMessage()
      /Users/z/work/lux/threshold/protocols/frost/keygen/round2.go:62 +0x78
  github.com/luxfi/threshold/pkg/protocol.(*Handler).verifyBroadcastForRound()
      /Users/z/work/lux/threshold/pkg/protocol/handler.go:1277 +0x3a0
  github.com/luxfi/threshold/pkg/protocol.(*Handler).processQueuedMessages()
      /Users/z/work/lux/threshold/pkg/protocol/handler.go:1542 +0x404
  github.com/luxfi/threshold/pkg/protocol.(*Handler).tryAdvanceRound.gowrap2()
      /Users/z/work/lux/threshold/pkg/protocol/handler.go:673 +0x40

Previous read at 0x00c00028b9e8 by goroutine 1829:
  github.com/luxfi/threshold/protocols/frost/keygen.(*round2).Number()
      <autogenerated>:1 +0x38
  github.com/luxfi/threshold/pkg/protocol.(*Handler).tryAdvanceRound()
      /Users/z/work/lux/threshold/pkg/protocol/handler.go:582 +0x70
  github.com/luxfi/threshold/pkg/protocol.(*Handler).roundProcessor()
      /Users/z/work/lux/threshold/pkg/protocol/handler.go:569 +0xb4
  github.com/luxfi/threshold/pkg/protocol.(*Handler).startWorkers.func1()
      /Users/z/work/lux/threshold/pkg/protocol/handler.go:374 +0x78

Goroutine 1846 (running) created at:
  github.com/luxfi/threshold/pkg/protocol.(*Handler).tryAdvanceRound()
      /Users/z/work/lux/threshold/pkg/protocol/handler.go:673 +0x12e4
  github.com/luxfi/threshold/pkg/protocol.(*Handler).roundProcessor()
      /Users/z/work/lux/threshold/pkg/protocol/handler.go:569 +0xb4
  github.com/luxfi/threshold/pkg/protocol.(*Handler).startWorkers.func1()
      /Users/z/work/lux/threshold/pkg/protocol/handler.go:374 +0x78

Goroutine 1829 (running) created at:
  github.com/luxfi/threshold/pkg/protocol.(*Handler).startWorkers()
      /Users/z/work/lux/threshold/pkg/protocol/handler.go:372 +0x4fc
  github.com/luxfi/threshold/pkg/protocol.NewHandler()
      /Users/z/work/lux/threshold/pkg/protocol/handler.go:247 +0xf10
  github.com/luxfi/threshold/internal/test.(*Harness).CreateHandler()
      /Users/z/work/lux/threshold/internal/test/harness.go:91 +0x2e4
  github.com/luxfi/threshold/internal/test.RunProtocol()
      /Users/z/work/lux/threshold/internal/test/harness.go:270 +0x230
  github.com/luxfi/threshold/internal/test.RunMultipleProtocolTests.(*ProtocolTest).Run.func1()
      /Users/z/work/lux/threshold/internal/test/protocol_helpers.go:34 +0xe0
  testing.tRunner()
      /opt/homebrew/Cellar/go/1.24.6/libexec/src/testing/testing.go:1792 +0x180
  testing.(*T).Run.gowrap1()
      /opt/homebrew/Cellar/go/1.24.6/libexec/src/testing/testing.go:1851 +0x40
==================
2025-08-15T22:12:57.824-0500	DEBUG	protocol/handler.go:1081	sent message to output channel	{"{from 15 0 b <nil>}": {"Key":"to","Type":15,"Integer":0,"String":"","Interface":null}, "{round 20 2  <nil>}": {"Key":"broadcast","Type":4,"Integer":1,"String":"","Interface":null}}
2025-08-15T22:12:57.824-0500	DEBUG	protocol/handler.go:1182	finalized round messages	{"{round 20 1  <nil>}": {"Key":"messages","Type":11,"Integer":1,"String":"","Interface":null}}
2025-08-15T22:12:57.824-0500	DEBUG	protocol/handler.go:1239	finalize returned next round	{"{current 20 1  <nil>}": {"Key":"next","Type":20,"Integer":2,"String":"","Interface":null}}
==================
WARNING: DATA RACE
Write at 0x00c00028b9ec by goroutine 1846:
  ??()
      -:0 +0x104ada650
  sync/atomic.CompareAndSwapInt32()
      <autogenerated>:1 +0x18
  internal/sync.(*Mutex).Unlock()
      /opt/homebrew/Cellar/go/1.24.6/libexec/src/internal/sync/mutex.go:198 +0x48
  sync.(*Mutex).Unlock()
      /opt/homebrew/Cellar/go/1.24.6/libexec/src/sync/mutex.go:65 +0x2c
  github.com/luxfi/threshold/protocols/frost/keygen.(*round2).StoreBroadcastMessage()
      /Users/z/work/lux/threshold/protocols/frost/keygen/round2.go:62 +0x78
  github.com/luxfi/threshold/pkg/protocol.(*Handler).verifyBroadcastForRound()
      /Users/z/work/lux/threshold/pkg/protocol/handler.go:1277 +0x3a0
  github.com/luxfi/threshold/pkg/protocol.(*Handler).processQueuedMessages()
      /Users/z/work/lux/threshold/pkg/protocol/handler.go:1542 +0x404
2025-08-15T22:12:57.824-0500	INFO	protocol/handler.go:642	storing new currentRound	{"{from 20 1  <nil>}": {"Key":"to","Type":20,"Integer":2,"String":"","Interface":null}}
  github.com/luxfi/threshold/pkg/protocol.(*Handler).tryAdvanceRound.gowrap2()
      /Users/z/work/lux/threshold/pkg/protocol/handler.go:673 +0x40
2025-08-15T22:12:57.824-0500	DEBUG	protocol/handler.go:1503	processing queued messages

Previous read at 0x00c00028b9e8 by goroutine 1829:
  github.com/luxfi/threshold/protocols/frost/keygen.(*round2).Number()
      <autogenerated>:1 +0x38
  github.com/luxfi/threshold/pkg/protocol.(*Handler).hasAllMessages()
      /Users/z/work/lux/threshold/pkg/protocol/handler.go:1570 +0x40
  github.com/luxfi/threshold/pkg/protocol.(*Handler).tryAdvanceRound()
      /Users/z/work/lux/threshold/pkg/protocol/handler.go:589 +0x29c
  github.com/luxfi/threshold/pkg/protocol.(*Handler).roundProcessor()
      /Users/z/work/lux/threshold/pkg/protocol/handler.go:569 +0xb4
  github.com/luxfi/threshold/pkg/protocol.(*Handler).startWorkers.func1()
      /Users/z/work/lux/threshold/pkg/protocol/handler.go:374 +0x78

Goroutine 1846 (running) created at:
  github.com/luxfi/threshold/pkg/protocol.(*Handler).tryAdvanceRound()
      /Users/z/work/lux/threshold/pkg/protocol/handler.go:673 +0x12e4
  github.com/luxfi/threshold/pkg/protocol.(*Handler).roundProcessor()
      /Users/z/work/lux/threshold/pkg/protocol/handler.go:569 +0xb4
  github.com/luxfi/threshold/pkg/protocol.(*Handler).startWorkers.func1()
      /Users/z/work/lux/threshold/pkg/protocol/handler.go:374 +0x78

Goroutine 1829 (running) created at:
  github.com/luxfi/threshold/pkg/protocol.(*Handler).startWorkers()
      /Users/z/work/lux/threshold/pkg/protocol/handler.go:372 +0x4fc
  github.com/luxfi/threshold/pkg/protocol.NewHandler()
      /Users/z/work/lux/threshold/pkg/protocol/handler.go:247 +0xf10
  github.com/luxfi/threshold/internal/test.(*Harness).CreateHandler()
      /Users/z/work/lux/threshold/internal/test/harness.go:91 +0x2e4
  github.com/luxfi/threshold/internal/test.RunProtocol()
      /Users/z/work/lux/threshold/internal/test/harness.go:270 +0x230
  github.com/luxfi/threshold/internal/test.RunMultipleProtocolTests.(*ProtocolTest).Run.func1()
      /Users/z/work/lux/threshold/internal/test/protocol_helpers.go:34 +0xe0
  testing.tRunner()
      /opt/homebrew/Cellar/go/1.24.6/libexec/src/testing/testing.go:1792 +0x180
  testing.(*T).Run.gowrap1()
      /opt/homebrew/Cellar/go/1.24.6/libexec/src/testing/testing.go:1851 +0x40
==================
2025-08-15T22:12:57.824-0500	DEBUG	protocol/handler.go:437	processing message	{"{from 15 0 b <nil>}": {"Key":"to","Type":15,"Integer":0,"String":"","Interface":null}, "{round 20 2  <nil>}": {"Key":"broadcast","Type":4,"Integer":1,"String":"","Interface":null}}
2025-08-15T22:12:57.824-0500	DEBUG	protocol/handler.go:1657	storing broadcast	{"{round 20 2  <nil>}": {"Key":"from","Type":15,"Integer":0,"String":"b","Interface":null}}
==================
WARNING: DATA RACE
Write at 0x00c00022a80c by goroutine 1800:
  ??()
      -:0 +0x104ada650
  sync/atomic.CompareAndSwapInt32()
      <autogenerated>:1 +0x18
  sync.(*Mutex).Lock()
      /opt/homebrew/Cellar/go/1.24.6/libexec/src/sync/mutex.go:46 +0x2c
  github.com/luxfi/threshold/protocols/frost/keygen.(*round2).StoreBroadcastMessage()
      /Users/z/work/lux/threshold/protocols/frost/keygen/round2.go:57 +0x58
  github.com/luxfi/threshold/pkg/protocol.(*Handler).verifyBroadcast()
      /Users/z/work/lux/threshold/pkg/protocol/handler.go:1392 +0x648
  github.com/luxfi/threshold/pkg/protocol.(*Handler).processMessage()
      /Users/z/work/lux/threshold/pkg/protocol/handler.go:480 +0xb9c
  github.com/luxfi/threshold/pkg/protocol.(*Handler).messageWorker()
      /Users/z/work/lux/threshold/pkg/protocol/handler.go:408 +0x338
  github.com/luxfi/threshold/pkg/protocol.(*Handler).startWorkers.gowrap2()
      /Users/z/work/lux/threshold/pkg/protocol/handler.go:361 +0x44

Previous read at 0x00c00022a808 by goroutine 1802:
  github.com/luxfi/threshold/protocols/frost/keygen.(*round2).Number()
      <autogenerated>:1 +0x38
  github.com/luxfi/threshold/pkg/protocol.(*Handler).tryAdvanceRound()
      /Users/z/work/lux/threshold/pkg/protocol/handler.go:673 +0x1268
  github.com/luxfi/threshold/pkg/protocol.(*Handler).roundProcessor()
      /Users/z/work/lux/threshold/pkg/protocol/handler.go:569 +0xb4
  github.com/luxfi/threshold/pkg/protocol.(*Handler).startWorkers.func1()
      /Users/z/work/lux/threshold/pkg/protocol/handler.go:374 +0x78

Goroutine 1800 (running) created at:
  github.com/luxfi/threshold/pkg/protocol.(*Handler).startWorkers()
      /Users/z/work/lux/threshold/pkg/protocol/handler.go:361 +0x334
  github.com/luxfi/threshold/pkg/protocol.NewHandler()
      /Users/z/work/lux/threshold/pkg/protocol/handler.go:247 +0xf10
  github.com/luxfi/threshold/internal/test.(*Harness).CreateHandler()
      /Users/z/work/lux/threshold/internal/test/harness.go:91 +0x2e4
  github.com/luxfi/threshold/internal/test.RunProtocol()
      /Users/z/work/lux/threshold/internal/test/harness.go:270 +0x230
  github.com/luxfi/threshold/internal/test.RunMultipleProtocolTests.(*ProtocolTest).Run.func1()
      /Users/z/work/lux/threshold/internal/test/protocol_helpers.go:34 +0xe0
  testing.tRunner()
      /opt/homebrew/Cellar/go/1.24.6/libexec/src/testing/testing.go:1792 +0x180
  testing.(*T).Run.gowrap1()
      /opt/homebrew/Cellar/go/1.24.6/libexec/src/testing/testing.go:1851 +0x40

Goroutine 1802 (running) created at:
  github.com/luxfi/threshold/pkg/protocol.(*Handler).startWorkers()
      /Users/z/work/lux/threshold/pkg/protocol/handler.go:372 +0x4fc
  github.com/luxfi/threshold/pkg/protocol.NewHandler()
      /Users/z/work/lux/threshold/pkg/protocol/handler.go:247 +0xf10
  github.com/luxfi/threshold/internal/test.(*Harness).CreateHandler()
      /Users/z/work/lux/threshold/internal/test/harness.go:91 +0x2e4
  github.com/luxfi/threshold/internal/test.RunProtocol()
      /Users/z/work/lux/threshold/internal/test/harness.go:270 +0x230
  github.com/luxfi/threshold/internal/test.RunMultipleProtocolTests.(*ProtocolTest).Run.func1()
      /Users/z/work/lux/threshold/internal/test/protocol_helpers.go:34 +0xe0
  testing.tRunner()
      /opt/homebrew/Cellar/go/1.24.6/libexec/src/testing/testing.go:1792 +0x180
  testing.(*T).Run.gowrap1()
      /opt/homebrew/Cellar/go/1.24.6/libexec/src/testing/testing.go:1851 +0x40
==================
2025-08-15T22:12:57.825-0500	DEBUG	protocol/handler.go:437	processing message	{"{from 15 0 b <nil>}": {"Key":"to","Type":15,"Integer":0,"String":"","Interface":null}, "{round 20 2  <nil>}": {"Key":"broadcast","Type":4,"Integer":1,"String":"","Interface":null}}
2025-08-15T22:12:57.825-0500	DEBUG	protocol/handler.go:1657	storing broadcast	{"{round 20 2  <nil>}": {"Key":"from","Type":15,"Integer":0,"String":"b","Interface":null}}
2025-08-15T22:12:57.826-0500	DEBUG	protocol/handler.go:581	tryAdvanceRound called	{"{current_round 20 2  <nil>}": {"Key":"self","Type":15,"Integer":0,"String":"a","Interface":null}}
2025-08-15T22:12:57.825-0500	DEBUG	protocol/handler.go:581	tryAdvanceRound called	{"{current_round 20 2  <nil>}": {"Key":"self","Type":15,"Integer":0,"String":"c","Interface":null}}
==================
WARNING: DATA RACE
Write at 0x00c00022a7dc by goroutine 1800:
  ??()
      -:0 +0x104ada650
  sync/atomic.CompareAndSwapInt32()
      <autogenerated>:1 +0x18
  internal/sync.(*HashTrieMap[go.shape.interface {},go.shape.interface {}]).initSlow()
      /opt/homebrew/Cellar/go/1.24.6/libexec/src/internal/sync/hashtriemap.go:38 +0x38
  internal/sync.(*HashTrieMap[go.shape.interface {},go.shape.interface {}]).init()
      /opt/homebrew/Cellar/go/1.24.6/libexec/src/internal/sync/hashtriemap.go:32 +0x44
  internal/sync.(*HashTrieMap[go.shape.interface {},go.shape.interface {}]).Swap()
      /opt/homebrew/Cellar/go/1.24.6/libexec/src/internal/sync/hashtriemap.go:206 +0x54
  internal/sync.(*HashTrieMap[go.shape.interface {},go.shape.interface {}]).Store()
      /opt/homebrew/Cellar/go/1.24.6/libexec/src/internal/sync/hashtriemap.go:200 +0x54
  sync.(*Map).Store()
      /opt/homebrew/Cellar/go/1.24.6/libexec/src/sync/hashtriemap.go:55 +0x54
  github.com/luxfi/threshold/protocols/frost/keygen.(*round2).StoreBroadcastMessage()
      /Users/z/work/lux/threshold/protocols/frost/keygen/round2.go:117 +0x56c
  github.com/luxfi/threshold/pkg/protocol.(*Handler).verifyBroadcast()
      /Users/z/work/lux/threshold/pkg/protocol/handler.go:1392 +0x648
  github.com/luxfi/threshold/pkg/protocol.(*Handler).processMessage()
      /Users/z/work/lux/threshold/pkg/protocol/handler.go:480 +0xb9c
  github.com/luxfi/threshold/pkg/protocol.(*Handler).messageWorker()
      /Users/z/work/lux/threshold/pkg/protocol/handler.go:408 +0x338
  github.com/luxfi/threshold/pkg/protocol.(*Handler).startWorkers.gowrap2()
      /Users/z/work/lux/threshold/pkg/protocol/handler.go:361 +0x44

Previous read at 0x00c00022a7d8 by goroutine 1802:
  github.com/luxfi/threshold/protocols/frost/keygen.(*round2).Number()
      <autogenerated>:1 +0x38
  github.com/luxfi/threshold/pkg/protocol.(*Handler).tryAdvanceRound()
      /Users/z/work/lux/threshold/pkg/protocol/handler.go:673 +0x1268
  github.com/luxfi/threshold/pkg/protocol.(*Handler).roundProcessor()
      /Users/z/work/lux/threshold/pkg/protocol/handler.go:569 +0xb4
  github.com/luxfi/threshold/pkg/protocol.(*Handler).startWorkers.func1()
      /Users/z/work/lux/threshold/pkg/protocol/handler.go:374 +0x78

Goroutine 1800 (running) created at:
  github.com/luxfi/threshold/pkg/protocol.(*Handler).startWorkers()
      /Users/z/work/lux/threshold/pkg/protocol/handler.go:361 +0x334
  github.com/luxfi/threshold/pkg/protocol.NewHandler()
      /Users/z/work/lux/threshold/pkg/protocol/handler.go:247 +0xf10
  github.com/luxfi/threshold/internal/test.(*Harness).CreateHandler()
      /Users/z/work/lux/threshold/internal/test/harness.go:91 +0x2e4
  github.com/luxfi/threshold/internal/test.RunProtocol()
      /Users/z/work/lux/threshold/internal/test/harness.go:270 +0x230
  github.com/luxfi/threshold/internal/test.RunMultipleProtocolTests.(*ProtocolTest).Run.func1()
      /Users/z/work/lux/threshold/internal/test/protocol_helpers.go:34 +0xe0
  testing.tRunner()
      /opt/homebrew/Cellar/go/1.24.6/libexec/src/testing/testing.go:1792 +0x180
  testing.(*T).Run.gowrap1()
      /opt/homebrew/Cellar/go/1.24.6/libexec/src/testing/testing.go:1851 +0x40

Goroutine 1802 (running) created at:
  github.com/luxfi/threshold/pkg/protocol.(*Handler).startWorkers()
      /Users/z/work/lux/threshold/pkg/protocol/handler.go:372 +0x4fc
  github.com/luxfi/threshold/pkg/protocol.NewHandler()
      /Users/z/work/lux/threshold/pkg/protocol/handler.go:247 +0xf10
  github.com/luxfi/threshold/internal/test.(*Harness).CreateHandler()
      /Users/z/work/lux/threshold/internal/test/harness.go:91 +0x2e4
  github.com/luxfi/threshold/internal/test.RunProtocol()
      /Users/z/work/lux/threshold/internal/test/harness.go:270 +0x230
  github.com/luxfi/threshold/internal/test.RunMultipleProtocolTests.(*ProtocolTest).Run.func1()
      /Users/z/work/lux/threshold/internal/test/protocol_helpers.go:34 +0xe0
  testing.tRunner()
      /opt/homebrew/Cellar/go/1.24.6/libexec/src/testing/testing.go:1792 +0x180
  testing.(*T).Run.gowrap1()
      /opt/homebrew/Cellar/go/1.24.6/libexec/src/testing/testing.go:1851 +0x40
==================
==================
WARNING: DATA RACE
Write at 0x00c00022a7e8 by goroutine 1800:
  ??()
      -:0 +0x104ad56f0
  sync/atomic.StorePointer()
      /opt/homebrew/Cellar/go/1.24.6/libexec/src/runtime/atomic_pointer.go:92 +0x38
  internal/sync.(*HashTrieMap[go.shape.interface {},go.shape.interface {}]).initSlow()
      /opt/homebrew/Cellar/go/1.24.6/libexec/src/internal/sync/hashtriemap.go:50 +0xb8
  internal/sync.(*HashTrieMap[go.shape.interface {},go.shape.interface {}]).init()
      /opt/homebrew/Cellar/go/1.24.6/libexec/src/internal/sync/hashtriemap.go:32 +0x44
  internal/sync.(*HashTrieMap[go.shape.interface {},go.shape.interface {}]).Swap()
      /opt/homebrew/Cellar/go/1.24.6/libexec/src/internal/sync/hashtriemap.go:206 +0x54
  internal/sync.(*HashTrieMap[go.shape.interface {},go.shape.interface {}]).Store()
      /opt/homebrew/Cellar/go/1.24.6/libexec/src/internal/sync/hashtriemap.go:200 +0x54
  sync.(*Map).Store()
      /opt/homebrew/Cellar/go/1.24.6/libexec/src/sync/hashtriemap.go:55 +0x54
  github.com/luxfi/threshold/protocols/frost/keygen.(*round2).StoreBroadcastMessage()
      /Users/z/work/lux/threshold/protocols/frost/keygen/round2.go:117 +0x56c
  github.com/luxfi/threshold/pkg/protocol.(*Handler).verifyBroadcast()
      /Users/z/work/lux/threshold/pkg/protocol/handler.go:1392 +0x648
  github.com/luxfi/threshold/pkg/protocol.(*Handler).processMessage()
      /Users/z/work/lux/threshold/pkg/protocol/handler.go:480 +0xb9c
  github.com/luxfi/threshold/pkg/protocol.(*Handler).messageWorker()
      /Users/z/work/lux/threshold/pkg/protocol/handler.go:408 +0x338
  github.com/luxfi/threshold/pkg/protocol.(*Handler).startWorkers.gowrap2()
      /Users/z/work/lux/threshold/pkg/protocol/handler.go:361 +0x44

Previous read at 0x00c00022a7e8 by goroutine 1802:
  github.com/luxfi/threshold/protocols/frost/keygen.(*round2).Number()
      <autogenerated>:1 +0x38
  github.com/luxfi/threshold/pkg/protocol.(*Handler).tryAdvanceRound()
      /Users/z/work/lux/threshold/pkg/protocol/handler.go:673 +0x1268
  github.com/luxfi/threshold/pkg/protocol.(*Handler).roundProcessor()
      /Users/z/work/lux/threshold/pkg/protocol/handler.go:569 +0xb4
  github.com/luxfi/threshold/pkg/protocol.(*Handler).startWorkers.func1()
      /Users/z/work/lux/threshold/pkg/protocol/handler.go:374 +0x78

Goroutine 1800 (running) created at:
  github.com/luxfi/threshold/pkg/protocol.(*Handler).startWorkers()
      /Users/z/work/lux/threshold/pkg/protocol/handler.go:361 +0x334
  github.com/luxfi/threshold/pkg/protocol.NewHandler()
      /Users/z/work/lux/threshold/pkg/protocol/handler.go:247 +0xf10
  github.com/luxfi/threshold/internal/test.(*Harness).CreateHandler()
      /Users/z/work/lux/threshold/internal/test/harness.go:91 +0x2e4
  github.com/luxfi/threshold/internal/test.RunProtocol()
      /Users/z/work/lux/threshold/internal/test/harness.go:270 +0x230
  github.com/luxfi/threshold/internal/test.RunMultipleProtocolTests.(*ProtocolTest).Run.func1()
      /Users/z/work/lux/threshold/internal/test/protocol_helpers.go:34 +0xe0
  testing.tRunner()
      /opt/homebrew/Cellar/go/1.24.6/libexec/src/testing/testing.go:1792 +0x180
  testing.(*T).Run.gowrap1()
      /opt/homebrew/Cellar/go/1.24.6/libexec/src/testing/testing.go:1851 +0x40

Goroutine 1802 (running) created at:
  github.com/luxfi/threshold/pkg/protocol.(*Handler).startWorkers()
      /Users/z/work/lux/threshold/pkg/protocol/handler.go:372 +0x4fc
  github.com/luxfi/threshold/pkg/protocol.NewHandler()
      /Users/z/work/lux/threshold/pkg/protocol/handler.go:247 +0xf10
  github.com/luxfi/threshold/internal/test.(*Harness).CreateHandler()
      /Users/z/work/lux/threshold/internal/test/harness.go:91 +0x2e4
  github.com/luxfi/threshold/internal/test.RunProtocol()
      /Users/z/work/lux/threshold/internal/test/harness.go:270 +0x230
  github.com/luxfi/threshold/internal/test.RunMultipleProtocolTests.(*ProtocolTest).Run.func1()
      /Users/z/work/lux/threshold/internal/test/protocol_helpers.go:34 +0xe0
  testing.tRunner()
      /opt/homebrew/Cellar/go/1.24.6/libexec/src/testing/testing.go:1792 +0x180
  testing.(*T).Run.gowrap1()
      /opt/homebrew/Cellar/go/1.24.6/libexec/src/testing/testing.go:1851 +0x40
==================
2025-08-15T22:12:57.831-0500	DEBUG	protocol/handler.go:581	tryAdvanceRound called	{"{current_round 20 2  <nil>}": {"Key":"self","Type":15,"Integer":0,"String":"b","Interface":null}}
2025-08-15T22:12:57.831-0500	DEBUG	protocol/handler.go:1503	processing queued messages
==================
WARNING: DATA RACE
Read at 0x00c00028b9e8 by goroutine 1828:
  github.com/luxfi/threshold/protocols/frost/keygen.(*round2).Number()
      <autogenerated>:1 +0x38
  github.com/luxfi/threshold/pkg/protocol.(*Handler).processMessage()
      /Users/z/work/lux/threshold/pkg/protocol/handler.go:469 +0x94c
  github.com/luxfi/threshold/pkg/protocol.(*Handler).messageWorker()
      /Users/z/work/lux/threshold/pkg/protocol/handler.go:408 +0x338
  github.com/luxfi/threshold/pkg/protocol.(*Handler).startWorkers.gowrap2()
      /Users/z/work/lux/threshold/pkg/protocol/handler.go:361 +0x44

Previous write at 0x00c00028b9ec by goroutine 1826:
  ??()
      -:0 +0x104ad5eb0
  sync/atomic.AddInt32()
      <autogenerated>:1 +0x14
  sync.(*Mutex).Unlock()
      /opt/homebrew/Cellar/go/1.24.6/libexec/src/sync/mutex.go:65 +0x2c
  github.com/luxfi/threshold/protocols/frost/keygen.(*round2).StoreBroadcastMessage()
      /Users/z/work/lux/threshold/protocols/frost/keygen/round2.go:62 +0x78
  github.com/luxfi/threshold/pkg/protocol.(*Handler).verifyBroadcastForRound()
      /Users/z/work/lux/threshold/pkg/protocol/handler.go:1277 +0x3a0
  github.com/luxfi/threshold/pkg/protocol.(*Handler).retryUnprocessedMessages()
      /Users/z/work/lux/threshold/pkg/protocol/handler.go:1483 +0x22c
  github.com/luxfi/threshold/pkg/protocol.(*Handler).tryAdvanceRound()
      /Users/z/work/lux/threshold/pkg/protocol/handler.go:587 +0x28c
  github.com/luxfi/threshold/pkg/protocol.(*Handler).processMessage()
      /Users/z/work/lux/threshold/pkg/protocol/handler.go:474 +0xb70
  github.com/luxfi/threshold/pkg/protocol.(*Handler).messageWorker()
      /Users/z/work/lux/threshold/pkg/protocol/handler.go:408 +0x338
  github.com/luxfi/threshold/pkg/protocol.(*Handler).startWorkers.gowrap2()
      /Users/z/work/lux/threshold/pkg/protocol/handler.go:361 +0x44

Goroutine 1828 (running) created at:
  github.com/luxfi/threshold/pkg/protocol.(*Handler).startWorkers()
      /Users/z/work/lux/threshold/pkg/protocol/handler.go:361 +0x334
  github.com/luxfi/threshold/pkg/protocol.NewHandler()
      /Users/z/work/lux/threshold/pkg/protocol/handler.go:247 +0xf10
  github.com/luxfi/threshold/internal/test.(*Harness).CreateHandler()
      /Users/z/work/lux/threshold/internal/test/harness.go:91 +0x2e4
  github.com/luxfi/threshold/internal/test.RunProtocol()
      /Users/z/work/lux/threshold/internal/test/harness.go:270 +0x230
  github.com/luxfi/threshold/internal/test.RunMultipleProtocolTests.(*ProtocolTest).Run.func1()
      /Users/z/work/lux/threshold/internal/test/protocol_helpers.go:34 +0xe0
  testing.tRunner()
      /opt/homebrew/Cellar/go/1.24.6/libexec/src/testing/testing.go:1792 +0x180
  testing.(*T).Run.gowrap1()
      /opt/homebrew/Cellar/go/1.24.6/libexec/src/testing/testing.go:1851 +0x40

Goroutine 1826 (running) created at:
  github.com/luxfi/threshold/pkg/protocol.(*Handler).startWorkers()
      /Users/z/work/lux/threshold/pkg/protocol/handler.go:361 +0x334
  github.com/luxfi/threshold/pkg/protocol.NewHandler()
      /Users/z/work/lux/threshold/pkg/protocol/handler.go:247 +0xf10
  github.com/luxfi/threshold/internal/test.(*Harness).CreateHandler()
      /Users/z/work/lux/threshold/internal/test/harness.go:91 +0x2e4
  github.com/luxfi/threshold/internal/test.RunProtocol()
      /Users/z/work/lux/threshold/internal/test/harness.go:270 +0x230
  github.com/luxfi/threshold/internal/test.RunMultipleProtocolTests.(*ProtocolTest).Run.func1()
      /Users/z/work/lux/threshold/internal/test/protocol_helpers.go:34 +0xe0
  testing.tRunner()
      /opt/homebrew/Cellar/go/1.24.6/libexec/src/testing/testing.go:1792 +0x180
  testing.(*T).Run.gowrap1()
      /opt/homebrew/Cellar/go/1.24.6/libexec/src/testing/testing.go:1851 +0x40
==================
2025-08-15T22:12:57.837-0500	DEBUG	protocol/handler.go:1591	have processed broadcast	{"{round 20 2  <nil>}": {"Key":"from","Type":15,"Integer":0,"String":"a","Interface":null}}
2025-08-15T22:12:57.837-0500	DEBUG	protocol/handler.go:1608	waiting for broadcast processing	{"{round 20 2  <nil>}": {"Key":"unprocessed","Type":15,"Integer":0,"String":"[b]","Interface":null}}
==================
WARNING: DATA RACE
Read at 0x00c00028b9e8 by goroutine 1828:
  github.com/luxfi/threshold/protocols/frost/keygen.(*round2).Number()
      <autogenerated>:1 +0x38
  github.com/luxfi/threshold/pkg/protocol.(*Handler).verifyBroadcast()
      /Users/z/work/lux/threshold/pkg/protocol/handler.go:1356 +0x74
  github.com/luxfi/threshold/pkg/protocol.(*Handler).processMessage()
      /Users/z/work/lux/threshold/pkg/protocol/handler.go:480 +0xb9c
  github.com/luxfi/threshold/pkg/protocol.(*Handler).messageWorker()
      /Users/z/work/lux/threshold/pkg/protocol/handler.go:408 +0x338
  github.com/luxfi/threshold/pkg/protocol.(*Handler).startWorkers.gowrap2()
      /Users/z/work/lux/threshold/pkg/protocol/handler.go:361 +0x44

Previous write at 0x00c00028b9ec by goroutine 1846:
  ??()
      -:0 +0x104ad5eb0
  sync/atomic.AddInt32()
      <autogenerated>:1 +0x14
  sync.(*Mutex).Unlock()
      /opt/homebrew/Cellar/go/1.24.6/libexec/src/sync/mutex.go:65 +0x2c
  github.com/luxfi/threshold/protocols/frost/keygen.(*round2).StoreBroadcastMessage()
      /Users/z/work/lux/threshold/protocols/frost/keygen/round2.go:62 +0x78
  github.com/luxfi/threshold/pkg/protocol.(*Handler).verifyBroadcastForRound()
      /Users/z/work/lux/threshold/pkg/protocol/handler.go:1277 +0x3a0
  github.com/luxfi/threshold/pkg/protocol.(*Handler).processQueuedMessages()
      /Users/z/work/lux/threshold/pkg/protocol/handler.go:1542 +0x404
  github.com/luxfi/threshold/pkg/protocol.(*Handler).tryAdvanceRound.gowrap2()
      /Users/z/work/lux/threshold/pkg/protocol/handler.go:673 +0x40

Goroutine 1828 (running) created at:
  github.com/luxfi/threshold/pkg/protocol.(*Handler).startWorkers()
      /Users/z/work/lux/threshold/pkg/protocol/handler.go:361 +0x334
  github.com/luxfi/threshold/pkg/protocol.NewHandler()
      /Users/z/work/lux/threshold/pkg/protocol/handler.go:247 +0xf10
  github.com/luxfi/threshold/internal/test.(*Harness).CreateHandler()
      /Users/z/work/lux/threshold/internal/test/harness.go:91 +0x2e4
  github.com/luxfi/threshold/internal/test.RunProtocol()
      /Users/z/work/lux/threshold/internal/test/harness.go:270 +0x230
  github.com/luxfi/threshold/internal/test.RunMultipleProtocolTests.(*ProtocolTest).Run.func1()
      /Users/z/work/lux/threshold/internal/test/protocol_helpers.go:34 +0xe0
  testing.tRunner()
      /opt/homebrew/Cellar/go/1.24.6/libexec/src/testing/testing.go:1792 +0x180
  testing.(*T).Run.gowrap1()
      /opt/homebrew/Cellar/go/1.24.6/libexec/src/testing/testing.go:1851 +0x40

Goroutine 1846 (running) created at:
  github.com/luxfi/threshold/pkg/protocol.(*Handler).tryAdvanceRound()
      /Users/z/work/lux/threshold/pkg/protocol/handler.go:673 +0x12e4
  github.com/luxfi/threshold/pkg/protocol.(*Handler).roundProcessor()
      /Users/z/work/lux/threshold/pkg/protocol/handler.go:569 +0xb4
  github.com/luxfi/threshold/pkg/protocol.(*Handler).startWorkers.func1()
      /Users/z/work/lux/threshold/pkg/protocol/handler.go:374 +0x78
==================
2025-08-15T22:12:57.839-0500	DEBUG	protocol/handler.go:1591	have processed broadcast	{"{round 20 2  <nil>}": {"Key":"from","Type":15,"Integer":0,"String":"b","Interface":null}}
2025-08-15T22:12:57.839-0500	INFO	protocol/handler.go:560	advanced to round
2025-08-15T22:12:57.839-0500	DEBUG	protocol/handler.go:1591	have processed broadcast	{"{round 20 2  <nil>}": {"Key":"from","Type":15,"Integer":0,"String":"c","Interface":null}}
2025-08-15T22:12:57.839-0500	DEBUG	protocol/handler.go:581	tryAdvanceRound called	{"{current_round 20 2  <nil>}": {"Key":"self","Type":15,"Integer":0,"String":"b","Interface":null}}
2025-08-15T22:12:57.839-0500	DEBUG	protocol/handler.go:1649	have all messages and processed	{"{round 20 2  <nil>}": {"Key":"self","Type":15,"Integer":0,"String":"a","Interface":null}}
2025-08-15T22:12:57.839-0500	DEBUG	protocol/handler.go:619	finalizing round
==================
WARNING: DATA RACE
Write at 0x00c00028b9ec by goroutine 1828:
  ??()
      -:0 +0x104ada650
  sync/atomic.CompareAndSwapInt32()
      <autogenerated>:1 +0x18
  sync.(*Mutex).Lock()
      /opt/homebrew/Cellar/go/1.24.6/libexec/src/sync/mutex.go:46 +0x2c
  github.com/luxfi/threshold/protocols/frost/keygen.(*round2).StoreBroadcastMessage()
      /Users/z/work/lux/threshold/protocols/frost/keygen/round2.go:57 +0x58
  github.com/luxfi/threshold/pkg/protocol.(*Handler).verifyBroadcast()
      /Users/z/work/lux/threshold/pkg/protocol/handler.go:1392 +0x648
  github.com/luxfi/threshold/pkg/protocol.(*Handler).processMessage()
      /Users/z/work/lux/threshold/pkg/protocol/handler.go:480 +0xb9c
  github.com/luxfi/threshold/pkg/protocol.(*Handler).messageWorker()
      /Users/z/work/lux/threshold/pkg/protocol/handler.go:408 +0x338
  github.com/luxfi/threshold/pkg/protocol.(*Handler).startWorkers.gowrap2()
      /Users/z/work/lux/threshold/pkg/protocol/handler.go:361 +0x44

Previous read at 0x00c00028b9e8 by goroutine 1826:
  github.com/luxfi/threshold/protocols/frost/keygen.(*round2).Number()
      <autogenerated>:1 +0x38
  github.com/luxfi/threshold/pkg/protocol.(*Handler).hasAllMessages()
      /Users/z/work/lux/threshold/pkg/protocol/handler.go:1570 +0x40
  github.com/luxfi/threshold/pkg/protocol.(*Handler).tryAdvanceRound()
      /Users/z/work/lux/threshold/pkg/protocol/handler.go:589 +0x29c
  github.com/luxfi/threshold/pkg/protocol.(*Handler).processMessage()
      /Users/z/work/lux/threshold/pkg/protocol/handler.go:474 +0xb70
  github.com/luxfi/threshold/pkg/protocol.(*Handler).messageWorker()
      /Users/z/work/lux/threshold/pkg/protocol/handler.go:408 +0x338
  github.com/luxfi/threshold/pkg/protocol.(*Handler).startWorkers.gowrap2()
      /Users/z/work/lux/threshold/pkg/protocol/handler.go:361 +0x44

Goroutine 1828 (running) created at:
  github.com/luxfi/threshold/pkg/protocol.(*Handler).startWorkers()
      /Users/z/work/lux/threshold/pkg/protocol/handler.go:361 +0x334
  github.com/luxfi/threshold/pkg/protocol.NewHandler()
      /Users/z/work/lux/threshold/pkg/protocol/handler.go:247 +0xf10
  github.com/luxfi/threshold/internal/test.(*Harness).CreateHandler()
      /Users/z/work/lux/threshold/internal/test/harness.go:91 +0x2e4
  github.com/luxfi/threshold/internal/test.RunProtocol()
      /Users/z/work/lux/threshold/internal/test/harness.go:270 +0x230
  github.com/luxfi/threshold/internal/test.RunMultipleProtocolTests.(*ProtocolTest).Run.func1()
      /Users/z/work/lux/threshold/internal/test/protocol_helpers.go:34 +0xe0
  testing.tRunner()
      /opt/homebrew/Cellar/go/1.24.6/libexec/src/testing/testing.go:1792 +0x180
  testing.(*T).Run.gowrap1()
      /opt/homebrew/Cellar/go/1.24.6/libexec/src/testing/testing.go:1851 +0x40

Goroutine 1826 (running) created at:
  github.com/luxfi/threshold/pkg/protocol.(*Handler).startWorkers()
      /Users/z/work/lux/threshold/pkg/protocol/handler.go:361 +0x334
  github.com/luxfi/threshold/pkg/protocol.NewHandler()
      /Users/z/work/lux/threshold/pkg/protocol/handler.go:247 +0xf10
  github.com/luxfi/threshold/internal/test.(*Harness).CreateHandler()
      /Users/z/work/lux/threshold/internal/test/harness.go:91 +0x2e4
  github.com/luxfi/threshold/internal/test.RunProtocol()
      /Users/z/work/lux/threshold/internal/test/harness.go:270 +0x230
  github.com/luxfi/threshold/internal/test.RunMultipleProtocolTests.(*ProtocolTest).Run.func1()
      /Users/z/work/lux/threshold/internal/test/protocol_helpers.go:34 +0xe0
  testing.tRunner()
      /opt/homebrew/Cellar/go/1.24.6/libexec/src/testing/testing.go:1792 +0x180
  testing.(*T).Run.gowrap1()
      /opt/homebrew/Cellar/go/1.24.6/libexec/src/testing/testing.go:1851 +0x40
==================
2025-08-15T22:12:57.839-0500	DEBUG	protocol/handler.go:1039	sendRoundMessage	{"{from 15 0 a <nil>}": {"Key":"to","Type":15,"Integer":0,"String":"","Interface":null}, "{round 20 3  <nil>}": {"Key":"broadcast","Type":4,"Integer":1,"String":"","Interface":null}}
2025-08-15T22:12:57.839-0500	DEBUG	protocol/handler.go:1657	storing broadcast	{"{round 20 3  <nil>}": {"Key":"from","Type":15,"Integer":0,"String":"a","Interface":null}}
2025-08-15T22:12:57.839-0500	DEBUG	protocol/handler.go:1081	sent message to output channel	{"{from 15 0 a <nil>}": {"Key":"to","Type":15,"Integer":0,"String":"","Interface":null}, "{round 20 3  <nil>}": {"Key":"broadcast","Type":4,"Integer":1,"String":"","Interface":null}}
2025-08-15T22:12:57.839-0500	DEBUG	protocol/handler.go:1039	sendRoundMessage	{"{from 15 0 a <nil>}": {"Key":"to","Type":15,"Integer":0,"String":"b","Interface":null}, "{round 20 3  <nil>}": {"Key":"broadcast","Type":4,"Integer":0,"String":"","Interface":null}}
2025-08-15T22:12:57.839-0500	DEBUG	protocol/handler.go:1081	sent message to output channel	{"{from 15 0 a <nil>}": {"Key":"to","Type":15,"Integer":0,"String":"b","Interface":null}, "{round 20 3  <nil>}": {"Key":"broadcast","Type":4,"Integer":0,"String":"","Interface":null}}
2025-08-15T22:12:57.839-0500	DEBUG	protocol/handler.go:1039	sendRoundMessage	{"{from 15 0 a <nil>}": {"Key":"to","Type":15,"Integer":0,"String":"c","Interface":null}, "{round 20 3  <nil>}": {"Key":"broadcast","Type":4,"Integer":0,"String":"","Interface":null}}
2025-08-15T22:12:57.839-0500	DEBUG	protocol/handler.go:1081	sent message to output channel	{"{from 15 0 a <nil>}": {"Key":"to","Type":15,"Integer":0,"String":"c","Interface":null}, "{round 20 3  <nil>}": {"Key":"broadcast","Type":4,"Integer":0,"String":"","Interface":null}}
2025-08-15T22:12:57.840-0500	DEBUG	protocol/handler.go:1182	finalized round messages	{"{round 20 2  <nil>}": {"Key":"messages","Type":11,"Integer":3,"String":"","Interface":null}}
2025-08-15T22:12:57.840-0500	DEBUG	protocol/handler.go:1239	finalize returned next round	{"{current 20 2  <nil>}": {"Key":"next","Type":20,"Integer":3,"String":"","Interface":null}}
2025-08-15T22:12:57.840-0500	INFO	protocol/handler.go:642	storing new currentRound	{"{from 20 2  <nil>}": {"Key":"to","Type":20,"Integer":3,"String":"","Interface":null}}
2025-08-15T22:12:57.840-0500	DEBUG	protocol/handler.go:1503	processing queued messages
2025-08-15T22:12:57.840-0500	INFO	protocol/handler.go:560	advanced to round
2025-08-15T22:12:57.840-0500	DEBUG	protocol/handler.go:581	tryAdvanceRound called	{"{current_round 20 3  <nil>}": {"Key":"self","Type":15,"Integer":0,"String":"a","Interface":null}}
2025-08-15T22:12:57.840-0500	DEBUG	protocol/handler.go:1600	waiting for broadcasts	{"{round 20 3  <nil>}": {"Key":"missing","Type":15,"Integer":0,"String":"[b c]","Interface":null}}
2025-08-15T22:12:57.840-0500	DEBUG	protocol/handler.go:432	processMessage: p2p round 3 START	{"{from 15 0 a <nil>}": {"Key":"to","Type":15,"Integer":0,"String":"c","Interface":null}}
2025-08-15T22:12:57.840-0500	DEBUG	protocol/handler.go:437	processing message	{"{from 15 0 a <nil>}": {"Key":"to","Type":15,"Integer":0,"String":"c","Interface":null}, "{round 20 3  <nil>}": {"Key":"broadcast","Type":4,"Integer":0,"String":"","Interface":null}}
2025-08-15T22:12:57.840-0500	DEBUG	protocol/handler.go:1662	storing message	{"{round 20 3  <nil>}": {"Key":"from","Type":15,"Integer":0,"String":"a","Interface":null}}
2025-08-15T22:12:57.840-0500	DEBUG	protocol/handler.go:470	message for different round (buffering)	{"{msg_round 20 3  <nil>}": {"Key":"current_round","Type":20,"Integer":2,"String":"","Interface":null}}
2025-08-15T22:12:57.840-0500	DEBUG	protocol/handler.go:581	tryAdvanceRound called	{"{current_round 20 2  <nil>}": {"Key":"self","Type":15,"Integer":0,"String":"c","Interface":null}}
2025-08-15T22:12:57.840-0500	DEBUG	protocol/handler.go:1591	have processed broadcast	{"{round 20 2  <nil>}": {"Key":"from","Type":15,"Integer":0,"String":"a","Interface":null}}
2025-08-15T22:12:57.841-0500	DEBUG	protocol/handler.go:1591	have processed broadcast	{"{round 20 2  <nil>}": {"Key":"from","Type":15,"Integer":0,"String":"b","Interface":null}}
2025-08-15T22:12:57.841-0500	DEBUG	protocol/handler.go:1649	have all messages and processed	{"{round 20 2  <nil>}": {"Key":"self","Type":15,"Integer":0,"String":"c","Interface":null}}
2025-08-15T22:12:57.841-0500	DEBUG	protocol/handler.go:619	finalizing round
2025-08-15T22:12:57.841-0500	DEBUG	protocol/handler.go:1039	sendRoundMessage	{"{from 15 0 c <nil>}": {"Key":"to","Type":15,"Integer":0,"String":"","Interface":null}, "{round 20 3  <nil>}": {"Key":"broadcast","Type":4,"Integer":1,"String":"","Interface":null}}
2025-08-15T22:12:57.841-0500	DEBUG	protocol/handler.go:1657	storing broadcast	{"{round 20 3  <nil>}": {"Key":"from","Type":15,"Integer":0,"String":"c","Interface":null}}
2025-08-15T22:12:57.842-0500	DEBUG	protocol/handler.go:1591	have processed broadcast	{"{round 20 2  <nil>}": {"Key":"from","Type":15,"Integer":0,"String":"a","Interface":null}}
2025-08-15T22:12:57.842-0500	DEBUG	protocol/handler.go:1591	have processed broadcast	{"{round 20 2  <nil>}": {"Key":"from","Type":15,"Integer":0,"String":"c","Interface":null}}
2025-08-15T22:12:57.842-0500	DEBUG	protocol/handler.go:1503	processing queued messages
2025-08-15T22:12:57.842-0500	DEBUG	protocol/handler.go:437	processing message	{"{from 15 0 a <nil>}": {"Key":"to","Type":15,"Integer":0,"String":"","Interface":null}, "{round 20 3  <nil>}": {"Key":"broadcast","Type":4,"Integer":1,"String":"","Interface":null}}
2025-08-15T22:12:57.842-0500	DEBUG	protocol/handler.go:1657	storing broadcast	{"{round 20 3  <nil>}": {"Key":"from","Type":15,"Integer":0,"String":"a","Interface":null}}
2025-08-15T22:12:57.842-0500	DEBUG	protocol/handler.go:470	message for different round (buffering)	{"{msg_round 20 3  <nil>}": {"Key":"current_round","Type":20,"Integer":2,"String":"","Interface":null}}
2025-08-15T22:12:57.842-0500	DEBUG	protocol/handler.go:581	tryAdvanceRound called	{"{current_round 20 2  <nil>}": {"Key":"self","Type":15,"Integer":0,"String":"c","Interface":null}}
2025-08-15T22:12:57.842-0500	DEBUG	protocol/handler.go:1591	have processed broadcast	{"{round 20 2  <nil>}": {"Key":"from","Type":15,"Integer":0,"String":"a","Interface":null}}
2025-08-15T22:12:57.842-0500	DEBUG	protocol/handler.go:1591	have processed broadcast	{"{round 20 2  <nil>}": {"Key":"from","Type":15,"Integer":0,"String":"b","Interface":null}}
2025-08-15T22:12:57.842-0500	DEBUG	protocol/handler.go:1649	have all messages and processed	{"{round 20 2  <nil>}": {"Key":"self","Type":15,"Integer":0,"String":"c","Interface":null}}
2025-08-15T22:12:57.842-0500	DEBUG	protocol/handler.go:596	round already finalized
2025-08-15T22:12:57.842-0500	DEBUG	protocol/handler.go:437	processing message	{"{from 15 0 a <nil>}": {"Key":"to","Type":15,"Integer":0,"String":"","Interface":null}, "{round 20 3  <nil>}": {"Key":"broadcast","Type":4,"Integer":1,"String":"","Interface":null}}
2025-08-15T22:12:57.842-0500	DEBUG	protocol/handler.go:1657	storing broadcast	{"{round 20 3  <nil>}": {"Key":"from","Type":15,"Integer":0,"String":"a","Interface":null}}
2025-08-15T22:12:57.842-0500	DEBUG	protocol/handler.go:470	message for different round (buffering)	{"{msg_round 20 3  <nil>}": {"Key":"current_round","Type":20,"Integer":2,"String":"","Interface":null}}
2025-08-15T22:12:57.842-0500	DEBUG	protocol/handler.go:581	tryAdvanceRound called	{"{current_round 20 2  <nil>}": {"Key":"self","Type":15,"Integer":0,"String":"b","Interface":null}}
2025-08-15T22:12:57.843-0500	DEBUG	protocol/handler.go:1591	have processed broadcast	{"{round 20 2  <nil>}": {"Key":"from","Type":15,"Integer":0,"String":"a","Interface":null}}
2025-08-15T22:12:57.843-0500	DEBUG	protocol/handler.go:1591	have processed broadcast	{"{round 20 2  <nil>}": {"Key":"from","Type":15,"Integer":0,"String":"c","Interface":null}}
2025-08-15T22:12:57.843-0500	DEBUG	protocol/handler.go:1649	have all messages and processed	{"{round 20 2  <nil>}": {"Key":"self","Type":15,"Integer":0,"String":"b","Interface":null}}
2025-08-15T22:12:57.843-0500	DEBUG	protocol/handler.go:619	finalizing round
2025-08-15T22:12:57.843-0500	DEBUG	protocol/handler.go:1039	sendRoundMessage	{"{from 15 0 b <nil>}": {"Key":"to","Type":15,"Integer":0,"String":"","Interface":null}, "{round 20 3  <nil>}": {"Key":"broadcast","Type":4,"Integer":1,"String":"","Interface":null}}
2025-08-15T22:12:57.843-0500	DEBUG	protocol/handler.go:1657	storing broadcast	{"{round 20 3  <nil>}": {"Key":"from","Type":15,"Integer":0,"String":"b","Interface":null}}
2025-08-15T22:12:57.843-0500	DEBUG	protocol/handler.go:1081	sent message to output channel	{"{from 15 0 b <nil>}": {"Key":"to","Type":15,"Integer":0,"String":"","Interface":null}, "{round 20 3  <nil>}": {"Key":"broadcast","Type":4,"Integer":1,"String":"","Interface":null}}
2025-08-15T22:12:57.843-0500	DEBUG	protocol/handler.go:1039	sendRoundMessage	{"{from 15 0 b <nil>}": {"Key":"to","Type":15,"Integer":0,"String":"a","Interface":null}, "{round 20 3  <nil>}": {"Key":"broadcast","Type":4,"Integer":0,"String":"","Interface":null}}
2025-08-15T22:12:57.843-0500	DEBUG	protocol/handler.go:1081	sent message to output channel	{"{from 15 0 b <nil>}": {"Key":"to","Type":15,"Integer":0,"String":"a","Interface":null}, "{round 20 3  <nil>}": {"Key":"broadcast","Type":4,"Integer":0,"String":"","Interface":null}}
2025-08-15T22:12:57.843-0500	DEBUG	protocol/handler.go:1039	sendRoundMessage	{"{from 15 0 b <nil>}": {"Key":"to","Type":15,"Integer":0,"String":"c","Interface":null}, "{round 20 3  <nil>}": {"Key":"broadcast","Type":4,"Integer":0,"String":"","Interface":null}}
2025-08-15T22:12:57.843-0500	DEBUG	protocol/handler.go:1081	sent message to output channel	{"{from 15 0 b <nil>}": {"Key":"to","Type":15,"Integer":0,"String":"c","Interface":null}, "{round 20 3  <nil>}": {"Key":"broadcast","Type":4,"Integer":0,"String":"","Interface":null}}
2025-08-15T22:12:57.843-0500	DEBUG	protocol/handler.go:1182	finalized round messages	{"{round 20 2  <nil>}": {"Key":"messages","Type":11,"Integer":3,"String":"","Interface":null}}
2025-08-15T22:12:57.843-0500	DEBUG	protocol/handler.go:1239	finalize returned next round	{"{current 20 2  <nil>}": {"Key":"next","Type":20,"Integer":3,"String":"","Interface":null}}
2025-08-15T22:12:57.843-0500	INFO	protocol/handler.go:642	storing new currentRound	{"{from 20 2  <nil>}": {"Key":"to","Type":20,"Integer":3,"String":"","Interface":null}}
2025-08-15T22:12:57.843-0500	DEBUG	protocol/handler.go:1503	processing queued messages
2025-08-15T22:12:57.843-0500	DEBUG	protocol/handler.go:581	tryAdvanceRound called	{"{current_round 20 3  <nil>}": {"Key":"self","Type":15,"Integer":0,"String":"a","Interface":null}}
2025-08-15T22:12:57.843-0500	DEBUG	protocol/handler.go:1503	processing queued messages
2025-08-15T22:12:57.843-0500	DEBUG	protocol/handler.go:1600	waiting for broadcasts	{"{round 20 3  <nil>}": {"Key":"missing","Type":15,"Integer":0,"String":"[b c]","Interface":null}}
2025-08-15T22:12:57.842-0500	DEBUG	protocol/handler.go:1649	have all messages and processed	{"{round 20 2  <nil>}": {"Key":"self","Type":15,"Integer":0,"String":"b","Interface":null}}
2025-08-15T22:12:57.843-0500	DEBUG	protocol/handler.go:596	round already finalized
2025-08-15T22:12:57.844-0500	DEBUG	protocol/handler.go:600	current round already advanced	{"{checking 20 2  <nil>}": {"Key":"current","Type":20,"Integer":3,"String":"","Interface":null}}
2025-08-15T22:12:57.842-0500	DEBUG	protocol/handler.go:1081	sent message to output channel	{"{from 15 0 c <nil>}": {"Key":"to","Type":15,"Integer":0,"String":"","Interface":null}, "{round 20 3  <nil>}": {"Key":"broadcast","Type":4,"Integer":1,"String":"","Interface":null}}
2025-08-15T22:12:57.844-0500	DEBUG	protocol/handler.go:1039	sendRoundMessage	{"{from 15 0 c <nil>}": {"Key":"to","Type":15,"Integer":0,"String":"a","Interface":null}, "{round 20 3  <nil>}": {"Key":"broadcast","Type":4,"Integer":0,"String":"","Interface":null}}
2025-08-15T22:12:57.844-0500	DEBUG	protocol/handler.go:1081	sent message to output channel	{"{from 15 0 c <nil>}": {"Key":"to","Type":15,"Integer":0,"String":"a","Interface":null}, "{round 20 3  <nil>}": {"Key":"broadcast","Type":4,"Integer":0,"String":"","Interface":null}}
2025-08-15T22:12:57.844-0500	DEBUG	protocol/handler.go:1039	sendRoundMessage	{"{from 15 0 c <nil>}": {"Key":"to","Type":15,"Integer":0,"String":"b","Interface":null}, "{round 20 3  <nil>}": {"Key":"broadcast","Type":4,"Integer":0,"String":"","Interface":null}}
2025-08-15T22:12:57.844-0500	DEBUG	protocol/handler.go:1081	sent message to output channel	{"{from 15 0 c <nil>}": {"Key":"to","Type":15,"Integer":0,"String":"b","Interface":null}, "{round 20 3  <nil>}": {"Key":"broadcast","Type":4,"Integer":0,"String":"","Interface":null}}
2025-08-15T22:12:57.844-0500	DEBUG	protocol/handler.go:437	processing message	{"{from 15 0 c <nil>}": {"Key":"to","Type":15,"Integer":0,"String":"","Interface":null}, "{round 20 3  <nil>}": {"Key":"broadcast","Type":4,"Integer":1,"String":"","Interface":null}}
2025-08-15T22:12:57.844-0500	DEBUG	protocol/handler.go:1182	finalized round messages	{"{round 20 2  <nil>}": {"Key":"messages","Type":11,"Integer":3,"String":"","Interface":null}}
2025-08-15T22:12:57.844-0500	DEBUG	protocol/handler.go:1657	storing broadcast	{"{round 20 3  <nil>}": {"Key":"from","Type":15,"Integer":0,"String":"c","Interface":null}}
2025-08-15T22:12:57.844-0500	DEBUG	protocol/handler.go:1239	finalize returned next round	{"{current 20 2  <nil>}": {"Key":"next","Type":20,"Integer":3,"String":"","Interface":null}}
2025-08-15T22:12:57.844-0500	INFO	protocol/handler.go:642	storing new currentRound	{"{from 20 2  <nil>}": {"Key":"to","Type":20,"Integer":3,"String":"","Interface":null}}
2025-08-15T22:12:57.844-0500	DEBUG	protocol/handler.go:1503	processing queued messages
2025-08-15T22:12:57.844-0500	DEBUG	protocol/handler.go:581	tryAdvanceRound called	{"{current_round 20 3  <nil>}": {"Key":"self","Type":15,"Integer":0,"String":"a","Interface":null}}
2025-08-15T22:12:57.844-0500	DEBUG	protocol/handler.go:1591	have processed broadcast	{"{round 20 3  <nil>}": {"Key":"from","Type":15,"Integer":0,"String":"c","Interface":null}}
2025-08-15T22:12:57.844-0500	DEBUG	protocol/handler.go:432	processMessage: p2p round 3 START	{"{from 15 0 a <nil>}": {"Key":"to","Type":15,"Integer":0,"String":"b","Interface":null}}
2025-08-15T22:12:57.844-0500	DEBUG	protocol/handler.go:1600	waiting for broadcasts	{"{round 20 3  <nil>}": {"Key":"missing","Type":15,"Integer":0,"String":"[b]","Interface":null}}
2025-08-15T22:12:57.844-0500	DEBUG	protocol/handler.go:581	tryAdvanceRound called	{"{current_round 20 3  <nil>}": {"Key":"self","Type":15,"Integer":0,"String":"c","Interface":null}}
2025-08-15T22:12:57.844-0500	DEBUG	protocol/handler.go:437	processing message	{"{from 15 0 a <nil>}": {"Key":"to","Type":15,"Integer":0,"String":"b","Interface":null}, "{round 20 3  <nil>}": {"Key":"broadcast","Type":4,"Integer":0,"String":"","Interface":null}}
2025-08-15T22:12:57.844-0500	DEBUG	protocol/handler.go:437	processing message	{"{from 15 0 c <nil>}": {"Key":"to","Type":15,"Integer":0,"String":"","Interface":null}, "{round 20 3  <nil>}": {"Key":"broadcast","Type":4,"Integer":1,"String":"","Interface":null}}
2025-08-15T22:12:57.844-0500	DEBUG	protocol/handler.go:432	processMessage: p2p round 3 START	{"{from 15 0 b <nil>}": {"Key":"to","Type":15,"Integer":0,"String":"a","Interface":null}}
2025-08-15T22:12:57.844-0500	DEBUG	protocol/handler.go:437	processing message	{"{from 15 0 b <nil>}": {"Key":"to","Type":15,"Integer":0,"String":"a","Interface":null}, "{round 20 3  <nil>}": {"Key":"broadcast","Type":4,"Integer":0,"String":"","Interface":null}}
2025-08-15T22:12:57.845-0500	DEBUG	protocol/handler.go:1662	storing message	{"{round 20 3  <nil>}": {"Key":"from","Type":15,"Integer":0,"String":"b","Interface":null}}
2025-08-15T22:12:57.844-0500	DEBUG	protocol/handler.go:1657	storing broadcast	{"{round 20 3  <nil>}": {"Key":"from","Type":15,"Integer":0,"String":"c","Interface":null}}
2025-08-15T22:12:57.845-0500	DEBUG	protocol/handler.go:1591	have processed broadcast	{"{round 20 2  <nil>}": {"Key":"from","Type":15,"Integer":0,"String":"a","Interface":null}}
2025-08-15T22:12:57.845-0500	DEBUG	protocol/handler.go:1591	have processed broadcast	{"{round 20 2  <nil>}": {"Key":"from","Type":15,"Integer":0,"String":"c","Interface":null}}
2025-08-15T22:12:57.845-0500	DEBUG	protocol/handler.go:1649	have all messages and processed	{"{round 20 2  <nil>}": {"Key":"self","Type":15,"Integer":0,"String":"b","Interface":null}}
2025-08-15T22:12:57.845-0500	DEBUG	protocol/handler.go:581	tryAdvanceRound called	{"{current_round 20 3  <nil>}": {"Key":"self","Type":15,"Integer":0,"String":"b","Interface":null}}
2025-08-15T22:12:57.845-0500	DEBUG	protocol/handler.go:596	round already finalized
2025-08-15T22:12:57.844-0500	DEBUG	protocol/handler.go:1662	storing message	{"{round 20 3  <nil>}": {"Key":"from","Type":15,"Integer":0,"String":"a","Interface":null}}
2025-08-15T22:12:57.845-0500	DEBUG	protocol/handler.go:1591	have processed broadcast	{"{round 20 3  <nil>}": {"Key":"from","Type":15,"Integer":0,"String":"a","Interface":null}}
2025-08-15T22:12:57.845-0500	DEBUG	protocol/handler.go:1591	have processed broadcast	{"{round 20 3  <nil>}": {"Key":"from","Type":15,"Integer":0,"String":"c","Interface":null}}
2025-08-15T22:12:57.845-0500	DEBUG	protocol/handler.go:1635	waiting for messages	{"{round 20 3  <nil>}": {"Key":"missing","Type":15,"Integer":0,"String":"[c]","Interface":null}}
2025-08-15T22:12:57.845-0500	DEBUG	protocol/handler.go:432	processMessage: p2p round 3 START	{"{from 15 0 b <nil>}": {"Key":"to","Type":15,"Integer":0,"String":"c","Interface":null}}
2025-08-15T22:12:57.845-0500	DEBUG	protocol/handler.go:437	processing message	{"{from 15 0 b <nil>}": {"Key":"to","Type":15,"Integer":0,"String":"c","Interface":null}, "{round 20 3  <nil>}": {"Key":"broadcast","Type":4,"Integer":0,"String":"","Interface":null}}
2025-08-15T22:12:57.845-0500	DEBUG	protocol/handler.go:1662	storing message	{"{round 20 3  <nil>}": {"Key":"from","Type":15,"Integer":0,"String":"b","Interface":null}}
2025-08-15T22:12:57.846-0500	DEBUG	protocol/handler.go:581	tryAdvanceRound called	{"{current_round 20 3  <nil>}": {"Key":"self","Type":15,"Integer":0,"String":"c","Interface":null}}
2025-08-15T22:12:57.846-0500	DEBUG	protocol/handler.go:1306	waiting for broadcast before normal message
2025-08-15T22:12:57.846-0500	DEBUG	protocol/handler.go:1591	have processed broadcast	{"{round 20 3  <nil>}": {"Key":"from","Type":15,"Integer":0,"String":"a","Interface":null}}
2025-08-15T22:12:57.846-0500	DEBUG	protocol/handler.go:1600	waiting for broadcasts	{"{round 20 3  <nil>}": {"Key":"missing","Type":15,"Integer":0,"String":"[b]","Interface":null}}
2025-08-15T22:12:57.846-0500	DEBUG	protocol/handler.go:437	processing message	{"{from 15 0 b <nil>}": {"Key":"to","Type":15,"Integer":0,"String":"","Interface":null}, "{round 20 3  <nil>}": {"Key":"broadcast","Type":4,"Integer":1,"String":"","Interface":null}}
2025-08-15T22:12:57.846-0500	DEBUG	protocol/handler.go:581	tryAdvanceRound called	{"{current_round 20 3  <nil>}": {"Key":"self","Type":15,"Integer":0,"String":"a","Interface":null}}
2025-08-15T22:12:57.846-0500	DEBUG	protocol/handler.go:1657	storing broadcast	{"{round 20 3  <nil>}": {"Key":"from","Type":15,"Integer":0,"String":"b","Interface":null}}
2025-08-15T22:12:57.846-0500	DEBUG	protocol/handler.go:581	tryAdvanceRound called	{"{current_round 20 3  <nil>}": {"Key":"self","Type":15,"Integer":0,"String":"a","Interface":null}}
2025-08-15T22:12:57.846-0500	DEBUG	protocol/handler.go:581	tryAdvanceRound called	{"{current_round 20 3  <nil>}": {"Key":"self","Type":15,"Integer":0,"String":"b","Interface":null}}
2025-08-15T22:12:57.847-0500	DEBUG	protocol/handler.go:1591	have processed broadcast	{"{round 20 3  <nil>}": {"Key":"from","Type":15,"Integer":0,"String":"a","Interface":null}}
2025-08-15T22:12:57.847-0500	DEBUG	protocol/handler.go:1591	have processed broadcast	{"{round 20 3  <nil>}": {"Key":"from","Type":15,"Integer":0,"String":"c","Interface":null}}
2025-08-15T22:12:57.847-0500	DEBUG	protocol/handler.go:1635	waiting for messages	{"{round 20 3  <nil>}": {"Key":"missing","Type":15,"Integer":0,"String":"[c]","Interface":null}}
2025-08-15T22:12:57.847-0500	DEBUG	protocol/handler.go:437	processing message	{"{from 15 0 b <nil>}": {"Key":"to","Type":15,"Integer":0,"String":"","Interface":null}, "{round 20 3  <nil>}": {"Key":"broadcast","Type":4,"Integer":1,"String":"","Interface":null}}
2025-08-15T22:12:57.847-0500	DEBUG	protocol/handler.go:1657	storing broadcast	{"{round 20 3  <nil>}": {"Key":"from","Type":15,"Integer":0,"String":"b","Interface":null}}
2025-08-15T22:12:57.847-0500	DEBUG	protocol/handler.go:581	tryAdvanceRound called	{"{current_round 20 3  <nil>}": {"Key":"self","Type":15,"Integer":0,"String":"c","Interface":null}}
2025-08-15T22:12:57.847-0500	DEBUG	protocol/handler.go:1591	have processed broadcast	{"{round 20 3  <nil>}": {"Key":"from","Type":15,"Integer":0,"String":"a","Interface":null}}
2025-08-15T22:12:57.847-0500	DEBUG	protocol/handler.go:1591	have processed broadcast	{"{round 20 3  <nil>}": {"Key":"from","Type":15,"Integer":0,"String":"b","Interface":null}}
2025-08-15T22:12:57.847-0500	DEBUG	protocol/handler.go:1642	waiting for message processing	{"{round 20 3  <nil>}": {"Key":"unprocessed","Type":15,"Integer":0,"String":"[b]","Interface":null}}
2025-08-15T22:12:57.847-0500	DEBUG	protocol/handler.go:432	processMessage: p2p round 3 START	{"{from 15 0 c <nil>}": {"Key":"to","Type":15,"Integer":0,"String":"b","Interface":null}}
2025-08-15T22:12:57.847-0500	DEBUG	protocol/handler.go:437	processing message	{"{from 15 0 c <nil>}": {"Key":"to","Type":15,"Integer":0,"String":"b","Interface":null}, "{round 20 3  <nil>}": {"Key":"broadcast","Type":4,"Integer":0,"String":"","Interface":null}}
2025-08-15T22:12:57.847-0500	DEBUG	protocol/handler.go:1591	have processed broadcast	{"{round 20 3  <nil>}": {"Key":"from","Type":15,"Integer":0,"String":"b","Interface":null}}
2025-08-15T22:12:57.847-0500	DEBUG	protocol/handler.go:1662	storing message	{"{round 20 3  <nil>}": {"Key":"from","Type":15,"Integer":0,"String":"c","Interface":null}}
2025-08-15T22:12:57.847-0500	DEBUG	protocol/handler.go:1591	have processed broadcast	{"{round 20 3  <nil>}": {"Key":"from","Type":15,"Integer":0,"String":"c","Interface":null}}
2025-08-15T22:12:57.847-0500	DEBUG	protocol/handler.go:1635	waiting for messages	{"{round 20 3  <nil>}": {"Key":"missing","Type":15,"Integer":0,"String":"[c]","Interface":null}}
2025-08-15T22:12:57.847-0500	DEBUG	protocol/handler.go:1591	have processed broadcast	{"{round 20 3  <nil>}": {"Key":"from","Type":15,"Integer":0,"String":"b","Interface":null}}
2025-08-15T22:12:57.847-0500	DEBUG	protocol/handler.go:432	processMessage: p2p round 3 START	{"{from 15 0 c <nil>}": {"Key":"to","Type":15,"Integer":0,"String":"a","Interface":null}}
2025-08-15T22:12:57.847-0500	DEBUG	protocol/handler.go:1591	have processed broadcast	{"{round 20 3  <nil>}": {"Key":"from","Type":15,"Integer":0,"String":"c","Interface":null}}
2025-08-15T22:12:57.847-0500	DEBUG	protocol/handler.go:437	processing message	{"{from 15 0 c <nil>}": {"Key":"to","Type":15,"Integer":0,"String":"a","Interface":null}, "{round 20 3  <nil>}": {"Key":"broadcast","Type":4,"Integer":0,"String":"","Interface":null}}
2025-08-15T22:12:57.848-0500	DEBUG	protocol/handler.go:1635	waiting for messages	{"{round 20 3  <nil>}": {"Key":"missing","Type":15,"Integer":0,"String":"[c]","Interface":null}}
2025-08-15T22:12:57.848-0500	DEBUG	protocol/handler.go:1662	storing message	{"{round 20 3  <nil>}": {"Key":"from","Type":15,"Integer":0,"String":"c","Interface":null}}
2025-08-15T22:12:57.845-0500	DEBUG	protocol/handler.go:600	current round already advanced	{"{checking 20 2  <nil>}": {"Key":"current","Type":20,"Integer":3,"String":"","Interface":null}}
2025-08-15T22:12:57.848-0500	INFO	protocol/handler.go:560	advanced to round
2025-08-15T22:12:57.848-0500	DEBUG	protocol/handler.go:581	tryAdvanceRound called	{"{current_round 20 3  <nil>}": {"Key":"self","Type":15,"Integer":0,"String":"b","Interface":null}}
2025-08-15T22:12:57.848-0500	DEBUG	protocol/handler.go:1591	have processed broadcast	{"{round 20 3  <nil>}": {"Key":"from","Type":15,"Integer":0,"String":"a","Interface":null}}
2025-08-15T22:12:57.848-0500	DEBUG	protocol/handler.go:1591	have processed broadcast	{"{round 20 3  <nil>}": {"Key":"from","Type":15,"Integer":0,"String":"b","Interface":null}}
2025-08-15T22:12:57.848-0500	DEBUG	protocol/handler.go:1649	have all messages and processed	{"{round 20 3  <nil>}": {"Key":"self","Type":15,"Integer":0,"String":"c","Interface":null}}
2025-08-15T22:12:57.848-0500	DEBUG	protocol/handler.go:619	finalizing round
2025-08-15T22:12:57.849-0500	DEBUG	protocol/handler.go:581	tryAdvanceRound called	{"{current_round 20 3  <nil>}": {"Key":"self","Type":15,"Integer":0,"String":"b","Interface":null}}
2025-08-15T22:12:57.849-0500	DEBUG	protocol/handler.go:1591	have processed broadcast	{"{round 20 3  <nil>}": {"Key":"from","Type":15,"Integer":0,"String":"a","Interface":null}}
2025-08-15T22:12:57.849-0500	DEBUG	protocol/handler.go:1591	have processed broadcast	{"{round 20 3  <nil>}": {"Key":"from","Type":15,"Integer":0,"String":"c","Interface":null}}
2025-08-15T22:12:57.849-0500	DEBUG	protocol/handler.go:1649	have all messages and processed	{"{round 20 3  <nil>}": {"Key":"self","Type":15,"Integer":0,"String":"b","Interface":null}}
2025-08-15T22:12:57.849-0500	DEBUG	protocol/handler.go:619	finalizing round
==================
WARNING: DATA RACE
Write at 0x00c00022a80c by goroutine 1847:
  ??()
      -:0 +0x104ada650
  sync/atomic.CompareAndSwapInt32()
      <autogenerated>:1 +0x18
  sync.(*Mutex).Lock()
      /opt/homebrew/Cellar/go/1.24.6/libexec/src/sync/mutex.go:46 +0x2c
  github.com/luxfi/threshold/protocols/frost/keygen.(*round2).StoreBroadcastMessage()
      /Users/z/work/lux/threshold/protocols/frost/keygen/round2.go:57 +0x58
  github.com/luxfi/threshold/pkg/protocol.(*Handler).verifyBroadcastForRound()
      /Users/z/work/lux/threshold/pkg/protocol/handler.go:1277 +0x3a0
  github.com/luxfi/threshold/pkg/protocol.(*Handler).processQueuedMessages()
      /Users/z/work/lux/threshold/pkg/protocol/handler.go:1542 +0x404
  github.com/luxfi/threshold/pkg/protocol.(*Handler).tryAdvanceRound.gowrap2()
      /Users/z/work/lux/threshold/pkg/protocol/handler.go:673 +0x40

Previous read at 0x00c00022a808 by goroutine 1800:
  github.com/luxfi/threshold/protocols/frost/keygen.(*round2).Number()
      <autogenerated>:1 +0x38
  github.com/luxfi/threshold/pkg/protocol.(*Handler).tryAdvanceRound()
      /Users/z/work/lux/threshold/pkg/protocol/handler.go:587 +0x280
  github.com/luxfi/threshold/pkg/protocol.(*Handler).processMessage()
      /Users/z/work/lux/threshold/pkg/protocol/handler.go:486 +0xbb0
  github.com/luxfi/threshold/pkg/protocol.(*Handler).messageWorker()
      /Users/z/work/lux/threshold/pkg/protocol/handler.go:408 +0x338
  github.com/luxfi/threshold/pkg/protocol.(*Handler).startWorkers.gowrap2()
      /Users/z/work/lux/threshold/pkg/protocol/handler.go:361 +0x44

Goroutine 1847 (running) created at:
  github.com/luxfi/threshold/pkg/protocol.(*Handler).tryAdvanceRound()
      /Users/z/work/lux/threshold/pkg/protocol/handler.go:673 +0x12e4
  github.com/luxfi/threshold/pkg/protocol.(*Handler).roundProcessor()
      /Users/z/work/lux/threshold/pkg/protocol/handler.go:569 +0xb4
  github.com/luxfi/threshold/pkg/protocol.(*Handler).startWorkers.func1()
      /Users/z/work/lux/threshold/pkg/protocol/handler.go:374 +0x78

Goroutine 1800 (running) created at:
  github.com/luxfi/threshold/pkg/protocol.(*Handler).startWorkers()
      /Users/z/work/lux/threshold/pkg/protocol/handler.go:361 +0x334
  github.com/luxfi/threshold/pkg/protocol.NewHandler()
      /Users/z/work/lux/threshold/pkg/protocol/handler.go:247 +0xf10
  github.com/luxfi/threshold/internal/test.(*Harness).CreateHandler()
      /Users/z/work/lux/threshold/internal/test/harness.go:91 +0x2e4
  github.com/luxfi/threshold/internal/test.RunProtocol()
      /Users/z/work/lux/threshold/internal/test/harness.go:270 +0x230
  github.com/luxfi/threshold/internal/test.RunMultipleProtocolTests.(*ProtocolTest).Run.func1()
      /Users/z/work/lux/threshold/internal/test/protocol_helpers.go:34 +0xe0
  testing.tRunner()
      /opt/homebrew/Cellar/go/1.24.6/libexec/src/testing/testing.go:1792 +0x180
  testing.(*T).Run.gowrap1()
      /opt/homebrew/Cellar/go/1.24.6/libexec/src/testing/testing.go:1851 +0x40
==================
2025-08-15T22:12:57.849-0500	DEBUG	protocol/handler.go:1503	processing queued messages
2025-08-15T22:12:57.850-0500	DEBUG	protocol/handler.go:1591	have processed broadcast	{"{round 20 3  <nil>}": {"Key":"from","Type":15,"Integer":0,"String":"a","Interface":null}}
2025-08-15T22:12:57.850-0500	DEBUG	protocol/handler.go:581	tryAdvanceRound called	{"{current_round 20 3  <nil>}": {"Key":"self","Type":15,"Integer":0,"String":"a","Interface":null}}
2025-08-15T22:12:57.850-0500	DEBUG	protocol/handler.go:1591	have processed broadcast	{"{round 20 3  <nil>}": {"Key":"from","Type":15,"Integer":0,"String":"c","Interface":null}}
2025-08-15T22:12:57.850-0500	DEBUG	protocol/handler.go:1591	have processed broadcast	{"{round 20 3  <nil>}": {"Key":"from","Type":15,"Integer":0,"String":"b","Interface":null}}
2025-08-15T22:12:57.850-0500	DEBUG	protocol/handler.go:1649	have all messages and processed	{"{round 20 3  <nil>}": {"Key":"self","Type":15,"Integer":0,"String":"b","Interface":null}}
2025-08-15T22:12:57.850-0500	DEBUG	protocol/handler.go:1591	have processed broadcast	{"{round 20 3  <nil>}": {"Key":"from","Type":15,"Integer":0,"String":"c","Interface":null}}
2025-08-15T22:12:57.850-0500	DEBUG	protocol/handler.go:596	round already finalized
2025-08-15T22:12:57.850-0500	DEBUG	protocol/handler.go:1649	have all messages and processed	{"{round 20 3  <nil>}": {"Key":"self","Type":15,"Integer":0,"String":"a","Interface":null}}
2025-08-15T22:12:57.850-0500	DEBUG	protocol/handler.go:619	finalizing round
2025-08-15T22:12:57.851-0500	DEBUG	protocol/handler.go:1182	finalized round messages	{"{round 20 3  <nil>}": {"Key":"messages","Type":11,"Integer":0,"String":"","Interface":null}}
==================
WARNING: DATA RACE
Read at 0x00c00028b9e8 by goroutine 1829:
  github.com/luxfi/threshold/protocols/frost/keygen.(*round2).Number()
      <autogenerated>:1 +0x38
  github.com/luxfi/threshold/pkg/protocol.(*Handler).hasAllMessages()
      /Users/z/work/lux/threshold/pkg/protocol/handler.go:1570 +0x40
  github.com/luxfi/threshold/pkg/protocol.(*Handler).tryAdvanceRound()
      /Users/z/work/lux/threshold/pkg/protocol/handler.go:589 +0x29c
  github.com/luxfi/threshold/pkg/protocol.(*Handler).roundProcessor()
      /Users/z/work/lux/threshold/pkg/protocol/handler.go:569 +0xb4
  github.com/luxfi/threshold/pkg/protocol.(*Handler).startWorkers.func1()
      /Users/z/work/lux/threshold/pkg/protocol/handler.go:374 +0x78

Previous write at 0x00c00028b9ec by goroutine 1855:
  ??()
      -:0 +0x104ad5eb0
  sync/atomic.AddInt32()
      <autogenerated>:1 +0x14
  sync.(*Mutex).Unlock()
      /opt/homebrew/Cellar/go/1.24.6/libexec/src/sync/mutex.go:65 +0x2c
  github.com/luxfi/threshold/protocols/frost/keygen.(*round2).StoreBroadcastMessage()
      /Users/z/work/lux/threshold/protocols/frost/keygen/round2.go:59 +0x634
  github.com/luxfi/threshold/pkg/protocol.(*Handler).verifyBroadcastForRound()
      /Users/z/work/lux/threshold/pkg/protocol/handler.go:1277 +0x3a0
  github.com/luxfi/threshold/pkg/protocol.(*Handler).processQueuedMessages()
      /Users/z/work/lux/threshold/pkg/protocol/handler.go:1513 +0x718
  github.com/luxfi/threshold/pkg/protocol.(*Handler).tryAdvanceRound.gowrap2()
      /Users/z/work/lux/threshold/pkg/protocol/handler.go:673 +0x40

Goroutine 1829 (running) created at:
  github.com/luxfi/threshold/pkg/protocol.(*Handler).startWorkers()
      /Users/z/work/lux/threshold/pkg/protocol/handler.go:372 +0x4fc
  github.com/luxfi/threshold/pkg/protocol.NewHandler()
      /Users/z/work/lux/threshold/pkg/protocol/handler.go:247 +0xf10
  github.com/luxfi/threshold/internal/test.(*Harness).CreateHandler()
      /Users/z/work/lux/threshold/internal/test/harness.go:91 +0x2e4
  github.com/luxfi/threshold/internal/test.RunProtocol()
      /Users/z/work/lux/threshold/internal/test/harness.go:270 +0x230
  github.com/luxfi/threshold/internal/test.RunMultipleProtocolTests.(*ProtocolTest).Run.func1()
      /Users/z/work/lux/threshold/internal/test/protocol_helpers.go:34 +0xe0
  testing.tRunner()
      /opt/homebrew/Cellar/go/1.24.6/libexec/src/testing/testing.go:1792 +0x180
  testing.(*T).Run.gowrap1()
      /opt/homebrew/Cellar/go/1.24.6/libexec/src/testing/testing.go:1851 +0x40

Goroutine 1855 (finished) created at:
  github.com/luxfi/threshold/pkg/protocol.(*Handler).tryAdvanceRound()
      /Users/z/work/lux/threshold/pkg/protocol/handler.go:673 +0x12e4
  github.com/luxfi/threshold/pkg/protocol.(*Handler).processMessage()
      /Users/z/work/lux/threshold/pkg/protocol/handler.go:474 +0xb70
  github.com/luxfi/threshold/pkg/protocol.(*Handler).messageWorker()
      /Users/z/work/lux/threshold/pkg/protocol/handler.go:408 +0x338
  github.com/luxfi/threshold/pkg/protocol.(*Handler).startWorkers.gowrap1()
      /Users/z/work/lux/threshold/pkg/protocol/handler.go:355 +0x44
==================
2025-08-15T22:12:57.851-0500	DEBUG	protocol/handler.go:1591	have processed broadcast	{"{round 20 2  <nil>}": {"Key":"from","Type":15,"Integer":0,"String":"a","Interface":null}}
2025-08-15T22:12:57.851-0500	DEBUG	protocol/handler.go:1591	have processed broadcast	{"{round 20 2  <nil>}": {"Key":"from","Type":15,"Integer":0,"String":"b","Interface":null}}
2025-08-15T22:12:57.851-0500	DEBUG	protocol/handler.go:1649	have all messages and processed	{"{round 20 2  <nil>}": {"Key":"self","Type":15,"Integer":0,"String":"c","Interface":null}}
2025-08-15T22:12:57.851-0500	DEBUG	protocol/handler.go:596	round already finalized
2025-08-15T22:12:57.851-0500	DEBUG	protocol/handler.go:600	current round already advanced	{"{checking 20 2  <nil>}": {"Key":"current","Type":20,"Integer":3,"String":"","Interface":null}}
2025-08-15T22:12:57.851-0500	INFO	protocol/handler.go:560	advanced to round
2025-08-15T22:12:57.851-0500	DEBUG	protocol/handler.go:581	tryAdvanceRound called	{"{current_round 20 3  <nil>}": {"Key":"self","Type":15,"Integer":0,"String":"c","Interface":null}}
2025-08-15T22:12:57.851-0500	DEBUG	protocol/handler.go:1591	have processed broadcast	{"{round 20 3  <nil>}": {"Key":"from","Type":15,"Integer":0,"String":"a","Interface":null}}
2025-08-15T22:12:57.851-0500	DEBUG	protocol/handler.go:1591	have processed broadcast	{"{round 20 3  <nil>}": {"Key":"from","Type":15,"Integer":0,"String":"b","Interface":null}}
2025-08-15T22:12:57.851-0500	DEBUG	protocol/handler.go:1649	have all messages and processed	{"{round 20 3  <nil>}": {"Key":"self","Type":15,"Integer":0,"String":"c","Interface":null}}
2025-08-15T22:12:57.852-0500	DEBUG	protocol/handler.go:596	round already finalized
2025-08-15T22:12:57.852-0500	INFO	protocol/handler.go:1211	protocol completed	{"{self 15 0 b <nil>}": {"Key":"final_round","Type":20,"Integer":3,"String":"","Interface":null}}
2025-08-15T22:12:57.852-0500	DEBUG	protocol/handler.go:624	finalizeRound returned nil
2025-08-15T22:12:57.853-0500	DEBUG	protocol/handler.go:1182	finalized round messages	{"{round 20 3  <nil>}": {"Key":"messages","Type":11,"Integer":0,"String":"","Interface":null}}
2025-08-15T22:12:57.853-0500	INFO	protocol/handler.go:1211	protocol completed	{"{self 15 0 a <nil>}": {"Key":"final_round","Type":20,"Integer":3,"String":"","Interface":null}}
2025-08-15T22:12:57.853-0500	DEBUG	protocol/handler.go:624	finalizeRound returned nil
2025-08-15T22:12:57.853-0500	DEBUG	protocol/handler.go:581	tryAdvanceRound called	{"{current_round 20 3  <nil>}": {"Key":"self","Type":15,"Integer":0,"String":"a","Interface":null}}
2025-08-15T22:12:57.853-0500	DEBUG	protocol/handler.go:1591	have processed broadcast	{"{round 20 3  <nil>}": {"Key":"from","Type":15,"Integer":0,"String":"b","Interface":null}}
2025-08-15T22:12:57.853-0500	DEBUG	protocol/handler.go:1591	have processed broadcast	{"{round 20 3  <nil>}": {"Key":"from","Type":15,"Integer":0,"String":"c","Interface":null}}
2025-08-15T22:12:57.854-0500	DEBUG	protocol/handler.go:1649	have all messages and processed	{"{round 20 3  <nil>}": {"Key":"self","Type":15,"Integer":0,"String":"a","Interface":null}}
2025-08-15T22:12:57.854-0500	DEBUG	protocol/handler.go:596	round already finalized
2025-08-15T22:12:57.854-0500	DEBUG	protocol/handler.go:581	tryAdvanceRound called	{"{current_round 20 3  <nil>}": {"Key":"self","Type":15,"Integer":0,"String":"a","Interface":null}}
2025-08-15T22:12:57.854-0500	DEBUG	protocol/handler.go:1591	have processed broadcast	{"{round 20 3  <nil>}": {"Key":"from","Type":15,"Integer":0,"String":"b","Interface":null}}
2025-08-15T22:12:57.854-0500	DEBUG	protocol/handler.go:1591	have processed broadcast	{"{round 20 3  <nil>}": {"Key":"from","Type":15,"Integer":0,"String":"c","Interface":null}}
2025-08-15T22:12:57.854-0500	DEBUG	protocol/handler.go:1649	have all messages and processed	{"{round 20 3  <nil>}": {"Key":"self","Type":15,"Integer":0,"String":"a","Interface":null}}
2025-08-15T22:12:57.854-0500	DEBUG	protocol/handler.go:596	round already finalized
2025-08-15T22:12:57.855-0500	INFO	protocol/handler.go:787	protocol completed successfully
2025-08-15T22:12:57.855-0500	DEBUG	protocol/handler.go:581	tryAdvanceRound called	{"{current_round 20 3  <nil>}": {"Key":"self","Type":15,"Integer":0,"String":"c","Interface":null}}
2025-08-15T22:12:57.855-0500	INFO	protocol/handler.go:787	protocol completed successfully
2025-08-15T22:12:57.855-0500	DEBUG	protocol/handler.go:1591	have processed broadcast	{"{round 20 3  <nil>}": {"Key":"from","Type":15,"Integer":0,"String":"a","Interface":null}}
2025-08-15T22:12:57.856-0500	DEBUG	protocol/handler.go:1591	have processed broadcast	{"{round 20 3  <nil>}": {"Key":"from","Type":15,"Integer":0,"String":"b","Interface":null}}
2025-08-15T22:12:57.856-0500	DEBUG	protocol/handler.go:1649	have all messages and processed	{"{round 20 3  <nil>}": {"Key":"self","Type":15,"Integer":0,"String":"c","Interface":null}}
2025-08-15T22:12:57.856-0500	DEBUG	protocol/handler.go:596	round already finalized
2025-08-15T22:12:57.865-0500	DEBUG	protocol/handler.go:581	tryAdvanceRound called	{"{current_round 20 3  <nil>}": {"Key":"self","Type":15,"Integer":0,"String":"c","Interface":null}}
2025-08-15T22:12:57.867-0500	DEBUG	protocol/handler.go:1591	have processed broadcast	{"{round 20 3  <nil>}": {"Key":"from","Type":15,"Integer":0,"String":"a","Interface":null}}
2025-08-15T22:12:57.867-0500	DEBUG	protocol/handler.go:1591	have processed broadcast	{"{round 20 3  <nil>}": {"Key":"from","Type":15,"Integer":0,"String":"b","Interface":null}}
2025-08-15T22:12:57.867-0500	DEBUG	protocol/handler.go:1649	have all messages and processed	{"{round 20 3  <nil>}": {"Key":"self","Type":15,"Integer":0,"String":"c","Interface":null}}
2025-08-15T22:12:57.867-0500	DEBUG	protocol/handler.go:596	round already finalized
2025-08-15T22:12:57.873-0500	DEBUG	protocol/handler.go:403	worker stopping
2025-08-15T22:12:57.873-0500	DEBUG	protocol/handler.go:403	worker stopping
2025-08-15T22:12:57.873-0500	DEBUG	protocol/handler.go:403	worker stopping
2025-08-15T22:12:57.873-0500	DEBUG	protocol/handler.go:403	worker stopping
2025-08-15T22:12:57.873-0500	DEBUG	protocol/handler.go:403	worker stopping
2025-08-15T22:12:57.873-0500	DEBUG	protocol/handler.go:403	worker stopping
2025-08-15T22:12:57.873-0500	DEBUG	protocol/handler.go:403	worker stopping
2025-08-15T22:12:57.873-0500	DEBUG	protocol/handler.go:403	worker stopping
2025-08-15T22:12:57.875-0500	DEBUG	protocol/handler.go:403	worker stopping
2025-08-15T22:12:57.875-0500	DEBUG	protocol/handler.go:403	worker stopping
2025-08-15T22:12:57.875-0500	DEBUG	protocol/handler.go:403	worker stopping
2025-08-15T22:12:57.875-0500	DEBUG	protocol/handler.go:403	worker stopping
2025-08-15T22:12:57.875-0500	DEBUG	protocol/handler.go:403	worker stopping
2025-08-15T22:12:57.875-0500	DEBUG	protocol/handler.go:403	worker stopping
2025-08-15T22:12:57.875-0500	DEBUG	protocol/handler.go:403	worker stopping
2025-08-15T22:12:57.875-0500	DEBUG	protocol/handler.go:403	worker stopping
2025-08-15T22:12:57.875-0500	DEBUG	protocol/handler.go:581	tryAdvanceRound called	{"{current_round 20 3  <nil>}": {"Key":"self","Type":15,"Integer":0,"String":"c","Interface":null}}
2025-08-15T22:12:57.876-0500	DEBUG	protocol/handler.go:1591	have processed broadcast	{"{round 20 3  <nil>}": {"Key":"from","Type":15,"Integer":0,"String":"a","Interface":null}}
2025-08-15T22:12:57.876-0500	DEBUG	protocol/handler.go:1591	have processed broadcast	{"{round 20 3  <nil>}": {"Key":"from","Type":15,"Integer":0,"String":"b","Interface":null}}
2025-08-15T22:12:57.876-0500	DEBUG	protocol/handler.go:1649	have all messages and processed	{"{round 20 3  <nil>}": {"Key":"self","Type":15,"Integer":0,"String":"c","Interface":null}}
2025-08-15T22:12:57.876-0500	DEBUG	protocol/handler.go:596	round already finalized
2025-08-15T22:12:57.880-0500	DEBUG	protocol/handler.go:1182	finalized round messages	{"{round 20 3  <nil>}": {"Key":"messages","Type":11,"Integer":0,"String":"","Interface":null}}
2025-08-15T22:12:57.880-0500	INFO	protocol/handler.go:1211	protocol completed	{"{self 15 0 c <nil>}": {"Key":"final_round","Type":20,"Integer":3,"String":"","Interface":null}}
2025-08-15T22:12:57.880-0500	DEBUG	protocol/handler.go:624	finalizeRound returned nil
2025-08-15T22:12:57.886-0500	INFO	protocol/handler.go:787	protocol completed successfully
2025-08-15T22:12:57.888-0500	INFO	protocol/handler.go:240	starting protocol handler	{"{protocol 15 0 frost/keygen-threshold <nil>}": {"Key":"workers","Type":11,"Integer":4,"String":"","Interface":null}, "{parties 11 5  <nil>}": {"Key":"threshold","Type":11,"Integer":3,"String":"","Interface":null}}
2025-08-15T22:12:57.888-0500	DEBUG	protocol/handler.go:348	starting worker pools	{"{workers 11 4  <nil>}": {"Key":"priority","Type":11,"Integer":4,"String":"","Interface":null}}
2025-08-15T22:12:57.898-0500	DEBUG	protocol/handler.go:391	worker started	{"{id 11 3  <nil>}": {"Key":"priority","Type":4,"Integer":0,"String":"","Interface":null}}
2025-08-15T22:12:57.898-0500	DEBUG	protocol/handler.go:391	worker started	{"{id 11 0  <nil>}": {"Key":"priority","Type":4,"Integer":1,"String":"","Interface":null}}
2025-08-15T22:12:57.898-0500	DEBUG	protocol/handler.go:391	worker started	{"{id 11 1  <nil>}": {"Key":"priority","Type":4,"Integer":0,"String":"","Interface":null}}
2025-08-15T22:12:57.897-0500	DEBUG	protocol/handler.go:391	worker started	{"{id 11 0  <nil>}": {"Key":"priority","Type":4,"Integer":0,"String":"","Interface":null}}
2025-08-15T22:12:57.898-0500	DEBUG	protocol/handler.go:391	worker started	{"{id 11 2  <nil>}": {"Key":"priority","Type":4,"Integer":0,"String":"","Interface":null}}
2025-08-15T22:12:57.898-0500	DEBUG	protocol/handler.go:391	worker started	{"{id 11 3  <nil>}": {"Key":"priority","Type":4,"Integer":1,"String":"","Interface":null}}
2025-08-15T22:12:57.898-0500	DEBUG	protocol/handler.go:391	worker started	{"{id 11 1  <nil>}": {"Key":"priority","Type":4,"Integer":1,"String":"","Interface":null}}
2025-08-15T22:12:57.898-0500	DEBUG	protocol/handler.go:391	worker started	{"{id 11 2  <nil>}": {"Key":"priority","Type":4,"Integer":1,"String":"","Interface":null}}
2025-08-15T22:12:57.899-0500	INFO	protocol/handler.go:240	starting protocol handler	{"{protocol 15 0 frost/keygen-threshold <nil>}": {"Key":"workers","Type":11,"Integer":4,"String":"","Interface":null}, "{parties 11 5  <nil>}": {"Key":"threshold","Type":11,"Integer":3,"String":"","Interface":null}}
2025-08-15T22:12:57.899-0500	DEBUG	protocol/handler.go:348	starting worker pools	{"{workers 11 4  <nil>}": {"Key":"priority","Type":11,"Integer":4,"String":"","Interface":null}}
2025-08-15T22:12:57.899-0500	DEBUG	protocol/handler.go:391	worker started	{"{id 11 0  <nil>}": {"Key":"priority","Type":4,"Integer":0,"String":"","Interface":null}}
2025-08-15T22:12:57.899-0500	DEBUG	protocol/handler.go:391	worker started	{"{id 11 2  <nil>}": {"Key":"priority","Type":4,"Integer":0,"String":"","Interface":null}}
2025-08-15T22:12:57.899-0500	DEBUG	protocol/handler.go:391	worker started	{"{id 11 1  <nil>}": {"Key":"priority","Type":4,"Integer":0,"String":"","Interface":null}}
2025-08-15T22:12:57.899-0500	DEBUG	protocol/handler.go:391	worker started	{"{id 11 3  <nil>}": {"Key":"priority","Type":4,"Integer":0,"String":"","Interface":null}}
2025-08-15T22:12:57.899-0500	DEBUG	protocol/handler.go:391	worker started	{"{id 11 2  <nil>}": {"Key":"priority","Type":4,"Integer":1,"String":"","Interface":null}}
2025-08-15T22:12:57.899-0500	DEBUG	protocol/handler.go:391	worker started	{"{id 11 1  <nil>}": {"Key":"priority","Type":4,"Integer":1,"String":"","Interface":null}}
2025-08-15T22:12:57.901-0500	DEBUG	protocol/handler.go:391	worker started	{"{id 11 0  <nil>}": {"Key":"priority","Type":4,"Integer":1,"String":"","Interface":null}}
2025-08-15T22:12:57.901-0500	DEBUG	protocol/handler.go:930	initializing round
2025-08-15T22:12:57.901-0500	DEBUG	protocol/handler.go:1503	processing queued messages
2025-08-15T22:12:57.901-0500	DEBUG	protocol/handler.go:391	worker started	{"{id 11 3  <nil>}": {"Key":"priority","Type":4,"Integer":1,"String":"","Interface":null}}
2025-08-15T22:12:57.901-0500	DEBUG	protocol/handler.go:930	initializing round
2025-08-15T22:12:57.901-0500	DEBUG	protocol/handler.go:1503	processing queued messages
2025-08-15T22:12:57.908-0500	INFO	protocol/handler.go:560	advanced to round
2025-08-15T22:12:57.909-0500	DEBUG	protocol/handler.go:581	tryAdvanceRound called	{"{current_round 20 1  <nil>}": {"Key":"self","Type":15,"Integer":0,"String":"a","Interface":null}}
2025-08-15T22:12:57.909-0500	DEBUG	protocol/handler.go:1649	have all messages and processed	{"{round 20 1  <nil>}": {"Key":"self","Type":15,"Integer":0,"String":"a","Interface":null}}
2025-08-15T22:12:57.912-0500	INFO	protocol/handler.go:240	starting protocol handler	{"{protocol 15 0 frost/keygen-threshold <nil>}": {"Key":"workers","Type":11,"Integer":4,"String":"","Interface":null}, "{parties 11 5  <nil>}": {"Key":"threshold","Type":11,"Integer":3,"String":"","Interface":null}}
2025-08-15T22:12:57.912-0500	DEBUG	protocol/handler.go:348	starting worker pools	{"{workers 11 4  <nil>}": {"Key":"priority","Type":11,"Integer":4,"String":"","Interface":null}}
2025-08-15T22:12:57.912-0500	DEBUG	protocol/handler.go:391	worker started	{"{id 11 0  <nil>}": {"Key":"priority","Type":4,"Integer":0,"String":"","Interface":null}}
2025-08-15T22:12:57.912-0500	DEBUG	protocol/handler.go:391	worker started	{"{id 11 1  <nil>}": {"Key":"priority","Type":4,"Integer":0,"String":"","Interface":null}}
2025-08-15T22:12:57.912-0500	DEBUG	protocol/handler.go:391	worker started	{"{id 11 3  <nil>}": {"Key":"priority","Type":4,"Integer":0,"String":"","Interface":null}}
2025-08-15T22:12:57.912-0500	DEBUG	protocol/handler.go:391	worker started	{"{id 11 2  <nil>}": {"Key":"priority","Type":4,"Integer":0,"String":"","Interface":null}}
2025-08-15T22:12:57.912-0500	DEBUG	protocol/handler.go:391	worker started	{"{id 11 0  <nil>}": {"Key":"priority","Type":4,"Integer":1,"String":"","Interface":null}}
2025-08-15T22:12:57.912-0500	DEBUG	protocol/handler.go:391	worker started	{"{id 11 1  <nil>}": {"Key":"priority","Type":4,"Integer":1,"String":"","Interface":null}}
2025-08-15T22:12:57.912-0500	DEBUG	protocol/handler.go:391	worker started	{"{id 11 3  <nil>}": {"Key":"priority","Type":4,"Integer":1,"String":"","Interface":null}}
2025-08-15T22:12:57.912-0500	DEBUG	protocol/handler.go:391	worker started	{"{id 11 2  <nil>}": {"Key":"priority","Type":4,"Integer":1,"String":"","Interface":null}}
2025-08-15T22:12:57.913-0500	DEBUG	protocol/handler.go:930	initializing round
2025-08-15T22:12:57.913-0500	DEBUG	protocol/handler.go:1503	processing queued messages
2025-08-15T22:12:57.913-0500	INFO	protocol/handler.go:240	starting protocol handler	{"{protocol 15 0 frost/keygen-threshold <nil>}": {"Key":"workers","Type":11,"Integer":4,"String":"","Interface":null}, "{parties 11 5  <nil>}": {"Key":"threshold","Type":11,"Integer":3,"String":"","Interface":null}}
2025-08-15T22:12:57.913-0500	DEBUG	protocol/handler.go:348	starting worker pools	{"{workers 11 4  <nil>}": {"Key":"priority","Type":11,"Integer":4,"String":"","Interface":null}}
2025-08-15T22:12:57.913-0500	DEBUG	protocol/handler.go:930	initializing round
2025-08-15T22:12:57.913-0500	DEBUG	protocol/handler.go:1503	processing queued messages
2025-08-15T22:12:57.913-0500	DEBUG	protocol/handler.go:391	worker started	{"{id 11 1  <nil>}": {"Key":"priority","Type":4,"Integer":0,"String":"","Interface":null}}
2025-08-15T22:12:57.913-0500	DEBUG	protocol/handler.go:391	worker started	{"{id 11 2  <nil>}": {"Key":"priority","Type":4,"Integer":0,"String":"","Interface":null}}
2025-08-15T22:12:57.913-0500	DEBUG	protocol/handler.go:391	worker started	{"{id 11 3  <nil>}": {"Key":"priority","Type":4,"Integer":0,"String":"","Interface":null}}
2025-08-15T22:12:57.913-0500	DEBUG	protocol/handler.go:391	worker started	{"{id 11 0  <nil>}": {"Key":"priority","Type":4,"Integer":0,"String":"","Interface":null}}
2025-08-15T22:12:57.913-0500	DEBUG	protocol/handler.go:391	worker started	{"{id 11 0  <nil>}": {"Key":"priority","Type":4,"Integer":1,"String":"","Interface":null}}
2025-08-15T22:12:57.913-0500	DEBUG	protocol/handler.go:391	worker started	{"{id 11 2  <nil>}": {"Key":"priority","Type":4,"Integer":1,"String":"","Interface":null}}
2025-08-15T22:12:57.913-0500	DEBUG	protocol/handler.go:391	worker started	{"{id 11 1  <nil>}": {"Key":"priority","Type":4,"Integer":1,"String":"","Interface":null}}
2025-08-15T22:12:57.913-0500	DEBUG	protocol/handler.go:391	worker started	{"{id 11 3  <nil>}": {"Key":"priority","Type":4,"Integer":1,"String":"","Interface":null}}
2025-08-15T22:12:57.914-0500	INFO	protocol/handler.go:240	starting protocol handler	{"{protocol 15 0 frost/keygen-threshold <nil>}": {"Key":"workers","Type":11,"Integer":4,"String":"","Interface":null}, "{parties 11 5  <nil>}": {"Key":"threshold","Type":11,"Integer":3,"String":"","Interface":null}}
2025-08-15T22:12:57.914-0500	DEBUG	protocol/handler.go:348	starting worker pools	{"{workers 11 4  <nil>}": {"Key":"priority","Type":11,"Integer":4,"String":"","Interface":null}}
2025-08-15T22:12:57.914-0500	DEBUG	protocol/handler.go:391	worker started	{"{id 11 0  <nil>}": {"Key":"priority","Type":4,"Integer":0,"String":"","Interface":null}}
2025-08-15T22:12:57.914-0500	DEBUG	protocol/handler.go:391	worker started	{"{id 11 2  <nil>}": {"Key":"priority","Type":4,"Integer":0,"String":"","Interface":null}}
2025-08-15T22:12:57.914-0500	DEBUG	protocol/handler.go:391	worker started	{"{id 11 3  <nil>}": {"Key":"priority","Type":4,"Integer":0,"String":"","Interface":null}}
2025-08-15T22:12:57.914-0500	DEBUG	protocol/handler.go:391	worker started	{"{id 11 0  <nil>}": {"Key":"priority","Type":4,"Integer":1,"String":"","Interface":null}}
2025-08-15T22:12:57.914-0500	DEBUG	protocol/handler.go:391	worker started	{"{id 11 1  <nil>}": {"Key":"priority","Type":4,"Integer":0,"String":"","Interface":null}}
2025-08-15T22:12:57.914-0500	DEBUG	protocol/handler.go:391	worker started	{"{id 11 2  <nil>}": {"Key":"priority","Type":4,"Integer":1,"String":"","Interface":null}}
2025-08-15T22:12:57.914-0500	DEBUG	protocol/handler.go:391	worker started	{"{id 11 3  <nil>}": {"Key":"priority","Type":4,"Integer":1,"String":"","Interface":null}}
2025-08-15T22:12:57.914-0500	DEBUG	protocol/handler.go:391	worker started	{"{id 11 1  <nil>}": {"Key":"priority","Type":4,"Integer":1,"String":"","Interface":null}}
2025-08-15T22:12:57.914-0500	DEBUG	protocol/handler.go:930	initializing round
2025-08-15T22:12:57.914-0500	DEBUG	protocol/handler.go:1503	processing queued messages
2025-08-15T22:12:57.915-0500	DEBUG	protocol/handler.go:403	worker stopping
2025-08-15T22:12:57.915-0500	DEBUG	protocol/handler.go:403	worker stopping
2025-08-15T22:12:57.915-0500	DEBUG	protocol/handler.go:403	worker stopping
2025-08-15T22:12:57.915-0500	DEBUG	protocol/handler.go:403	worker stopping
2025-08-15T22:12:57.915-0500	DEBUG	protocol/handler.go:403	worker stopping
2025-08-15T22:12:57.915-0500	DEBUG	protocol/handler.go:403	worker stopping
2025-08-15T22:12:57.915-0500	DEBUG	protocol/handler.go:403	worker stopping
2025-08-15T22:12:57.915-0500	DEBUG	protocol/handler.go:403	worker stopping
2025-08-15T22:12:57.915-0500	INFO	protocol/handler.go:560	advanced to round
2025-08-15T22:12:57.915-0500	DEBUG	protocol/handler.go:581	tryAdvanceRound called	{"{current_round 20 1  <nil>}": {"Key":"self","Type":15,"Integer":0,"String":"b","Interface":null}}
2025-08-15T22:12:57.915-0500	DEBUG	protocol/handler.go:1649	have all messages and processed	{"{round 20 1  <nil>}": {"Key":"self","Type":15,"Integer":0,"String":"b","Interface":null}}
2025-08-15T22:12:57.915-0500	DEBUG	protocol/handler.go:619	finalizing round
2025-08-15T22:12:57.909-0500	DEBUG	protocol/handler.go:619	finalizing round
2025-08-15T22:12:57.920-0500	DEBUG	protocol/handler.go:1039	sendRoundMessage	{"{from 15 0 b <nil>}": {"Key":"to","Type":15,"Integer":0,"String":"","Interface":null}, "{round 20 2  <nil>}": {"Key":"broadcast","Type":4,"Integer":1,"String":"","Interface":null}}
2025-08-15T22:12:57.921-0500	DEBUG	protocol/handler.go:1657	storing broadcast	{"{round 20 2  <nil>}": {"Key":"from","Type":15,"Integer":0,"String":"b","Interface":null}}
2025-08-15T22:12:57.921-0500	DEBUG	protocol/handler.go:1081	sent message to output channel	{"{from 15 0 b <nil>}": {"Key":"to","Type":15,"Integer":0,"String":"","Interface":null}, "{round 20 2  <nil>}": {"Key":"broadcast","Type":4,"Integer":1,"String":"","Interface":null}}
2025-08-15T22:12:57.921-0500	DEBUG	protocol/handler.go:1182	finalized round messages	{"{round 20 1  <nil>}": {"Key":"messages","Type":11,"Integer":1,"String":"","Interface":null}}
2025-08-15T22:12:57.921-0500	DEBUG	protocol/handler.go:1239	finalize returned next round	{"{current 20 1  <nil>}": {"Key":"next","Type":20,"Integer":2,"String":"","Interface":null}}
2025-08-15T22:12:57.921-0500	INFO	protocol/handler.go:642	storing new currentRound	{"{from 20 1  <nil>}": {"Key":"to","Type":20,"Integer":2,"String":"","Interface":null}}
2025-08-15T22:12:57.921-0500	DEBUG	protocol/handler.go:1503	processing queued messages
2025-08-15T22:12:57.921-0500	DEBUG	protocol/handler.go:1503	processing queued messages
2025-08-15T22:12:57.922-0500	DEBUG	protocol/handler.go:437	processing message	{"{from 15 0 b <nil>}": {"Key":"to","Type":15,"Integer":0,"String":"","Interface":null}, "{round 20 2  <nil>}": {"Key":"broadcast","Type":4,"Integer":1,"String":"","Interface":null}}
2025-08-15T22:12:57.922-0500	DEBUG	protocol/handler.go:1657	storing broadcast	{"{round 20 2  <nil>}": {"Key":"from","Type":15,"Integer":0,"String":"b","Interface":null}}
2025-08-15T22:12:57.922-0500	DEBUG	protocol/handler.go:470	message for different round (buffering)	{"{msg_round 20 2  <nil>}": {"Key":"current_round","Type":20,"Integer":1,"String":"","Interface":null}}
2025-08-15T22:12:57.922-0500	DEBUG	protocol/handler.go:581	tryAdvanceRound called	{"{current_round 20 1  <nil>}": {"Key":"self","Type":15,"Integer":0,"String":"a","Interface":null}}
2025-08-15T22:12:57.922-0500	DEBUG	protocol/handler.go:1649	have all messages and processed	{"{round 20 1  <nil>}": {"Key":"self","Type":15,"Integer":0,"String":"a","Interface":null}}
2025-08-15T22:12:57.922-0500	DEBUG	protocol/handler.go:596	round already finalized
2025-08-15T22:12:57.922-0500	DEBUG	protocol/handler.go:437	processing message	{"{from 15 0 b <nil>}": {"Key":"to","Type":15,"Integer":0,"String":"","Interface":null}, "{round 20 2  <nil>}": {"Key":"broadcast","Type":4,"Integer":1,"String":"","Interface":null}}
2025-08-15T22:12:57.922-0500	DEBUG	protocol/handler.go:1657	storing broadcast	{"{round 20 2  <nil>}": {"Key":"from","Type":15,"Integer":0,"String":"b","Interface":null}}
2025-08-15T22:12:57.922-0500	DEBUG	protocol/handler.go:470	message for different round (buffering)	{"{msg_round 20 2  <nil>}": {"Key":"current_round","Type":20,"Integer":1,"String":"","Interface":null}}
2025-08-15T22:12:57.922-0500	DEBUG	protocol/handler.go:581	tryAdvanceRound called	{"{current_round 20 1  <nil>}": {"Key":"self","Type":15,"Integer":0,"String":"c","Interface":null}}
2025-08-15T22:12:57.922-0500	DEBUG	protocol/handler.go:1649	have all messages and processed	{"{round 20 1  <nil>}": {"Key":"self","Type":15,"Integer":0,"String":"c","Interface":null}}
2025-08-15T22:12:57.922-0500	DEBUG	protocol/handler.go:619	finalizing round
2025-08-15T22:12:57.922-0500	DEBUG	protocol/handler.go:437	processing message	{"{from 15 0 b <nil>}": {"Key":"to","Type":15,"Integer":0,"String":"","Interface":null}, "{round 20 2  <nil>}": {"Key":"broadcast","Type":4,"Integer":1,"String":"","Interface":null}}
2025-08-15T22:12:57.922-0500	DEBUG	protocol/handler.go:1657	storing broadcast	{"{round 20 2  <nil>}": {"Key":"from","Type":15,"Integer":0,"String":"b","Interface":null}}
2025-08-15T22:12:57.922-0500	DEBUG	protocol/handler.go:470	message for different round (buffering)	{"{msg_round 20 2  <nil>}": {"Key":"current_round","Type":20,"Integer":1,"String":"","Interface":null}}
2025-08-15T22:12:57.922-0500	DEBUG	protocol/handler.go:581	tryAdvanceRound called	{"{current_round 20 1  <nil>}": {"Key":"self","Type":15,"Integer":0,"String":"e","Interface":null}}
2025-08-15T22:12:57.923-0500	DEBUG	protocol/handler.go:1649	have all messages and processed	{"{round 20 1  <nil>}": {"Key":"self","Type":15,"Integer":0,"String":"e","Interface":null}}
2025-08-15T22:12:57.923-0500	DEBUG	protocol/handler.go:619	finalizing round
2025-08-15T22:12:57.923-0500	DEBUG	protocol/handler.go:437	processing message	{"{from 15 0 b <nil>}": {"Key":"to","Type":15,"Integer":0,"String":"","Interface":null}, "{round 20 2  <nil>}": {"Key":"broadcast","Type":4,"Integer":1,"String":"","Interface":null}}
2025-08-15T22:12:57.923-0500	DEBUG	protocol/handler.go:1657	storing broadcast	{"{round 20 2  <nil>}": {"Key":"from","Type":15,"Integer":0,"String":"b","Interface":null}}
2025-08-15T22:12:57.923-0500	DEBUG	protocol/handler.go:470	message for different round (buffering)	{"{msg_round 20 2  <nil>}": {"Key":"current_round","Type":20,"Integer":1,"String":"","Interface":null}}
2025-08-15T22:12:57.923-0500	DEBUG	protocol/handler.go:581	tryAdvanceRound called	{"{current_round 20 1  <nil>}": {"Key":"self","Type":15,"Integer":0,"String":"d","Interface":null}}
2025-08-15T22:12:57.923-0500	DEBUG	protocol/handler.go:1649	have all messages and processed	{"{round 20 1  <nil>}": {"Key":"self","Type":15,"Integer":0,"String":"d","Interface":null}}
2025-08-15T22:12:57.923-0500	DEBUG	protocol/handler.go:619	finalizing round
2025-08-15T22:12:57.929-0500	DEBUG	protocol/handler.go:954	round already being initialized/finalized, skipping
2025-08-15T22:12:57.930-0500	DEBUG	protocol/handler.go:954	round already being initialized/finalized, skipping
2025-08-15T22:12:57.930-0500	INFO	protocol/handler.go:560	advanced to round
2025-08-15T22:12:57.935-0500	DEBUG	protocol/handler.go:581	tryAdvanceRound called	{"{current_round 20 2  <nil>}": {"Key":"self","Type":15,"Integer":0,"String":"b","Interface":null}}
2025-08-15T22:12:57.935-0500	DEBUG	protocol/handler.go:1600	waiting for broadcasts	{"{round 20 2  <nil>}": {"Key":"missing","Type":15,"Integer":0,"String":"[a c d e]","Interface":null}}
2025-08-15T22:12:57.935-0500	DEBUG	protocol/handler.go:581	tryAdvanceRound called	{"{current_round 20 2  <nil>}": {"Key":"self","Type":15,"Integer":0,"String":"b","Interface":null}}
2025-08-15T22:12:57.935-0500	DEBUG	protocol/handler.go:1600	waiting for broadcasts	{"{round 20 2  <nil>}": {"Key":"missing","Type":15,"Integer":0,"String":"[a c d e]","Interface":null}}
2025-08-15T22:12:57.930-0500	INFO	protocol/handler.go:560	advanced to round
2025-08-15T22:12:57.930-0500	INFO	protocol/handler.go:560	advanced to round
2025-08-15T22:12:57.935-0500	DEBUG	protocol/handler.go:581	tryAdvanceRound called	{"{current_round 20 1  <nil>}": {"Key":"self","Type":15,"Integer":0,"String":"c","Interface":null}}
2025-08-15T22:12:57.935-0500	DEBUG	protocol/handler.go:1649	have all messages and processed	{"{round 20 1  <nil>}": {"Key":"self","Type":15,"Integer":0,"String":"c","Interface":null}}
2025-08-15T22:12:57.935-0500	DEBUG	protocol/handler.go:596	round already finalized
2025-08-15T22:12:57.935-0500	DEBUG	protocol/handler.go:581	tryAdvanceRound called	{"{current_round 20 1  <nil>}": {"Key":"self","Type":15,"Integer":0,"String":"c","Interface":null}}
2025-08-15T22:12:57.935-0500	DEBUG	protocol/handler.go:581	tryAdvanceRound called	{"{current_round 20 1  <nil>}": {"Key":"self","Type":15,"Integer":0,"String":"e","Interface":null}}
2025-08-15T22:12:57.936-0500	DEBUG	protocol/handler.go:1649	have all messages and processed	{"{round 20 1  <nil>}": {"Key":"self","Type":15,"Integer":0,"String":"e","Interface":null}}
2025-08-15T22:12:57.936-0500	DEBUG	protocol/handler.go:596	round already finalized
2025-08-15T22:12:57.936-0500	DEBUG	protocol/handler.go:581	tryAdvanceRound called	{"{current_round 20 1  <nil>}": {"Key":"self","Type":15,"Integer":0,"String":"e","Interface":null}}
2025-08-15T22:12:57.936-0500	DEBUG	protocol/handler.go:1649	have all messages and processed	{"{round 20 1  <nil>}": {"Key":"self","Type":15,"Integer":0,"String":"e","Interface":null}}
2025-08-15T22:12:57.936-0500	DEBUG	protocol/handler.go:596	round already finalized
2025-08-15T22:12:57.930-0500	INFO	protocol/handler.go:560	advanced to round
2025-08-15T22:12:57.937-0500	DEBUG	protocol/handler.go:581	tryAdvanceRound called	{"{current_round 20 1  <nil>}": {"Key":"self","Type":15,"Integer":0,"String":"d","Interface":null}}
2025-08-15T22:12:57.937-0500	DEBUG	protocol/handler.go:1649	have all messages and processed	{"{round 20 1  <nil>}": {"Key":"self","Type":15,"Integer":0,"String":"d","Interface":null}}
2025-08-15T22:12:57.937-0500	DEBUG	protocol/handler.go:596	round already finalized
2025-08-15T22:12:57.937-0500	DEBUG	protocol/handler.go:581	tryAdvanceRound called	{"{current_round 20 1  <nil>}": {"Key":"self","Type":15,"Integer":0,"String":"d","Interface":null}}
2025-08-15T22:12:57.937-0500	DEBUG	protocol/handler.go:1649	have all messages and processed	{"{round 20 1  <nil>}": {"Key":"self","Type":15,"Integer":0,"String":"d","Interface":null}}
2025-08-15T22:12:57.937-0500	DEBUG	protocol/handler.go:596	round already finalized
2025-08-15T22:12:57.932-0500	DEBUG	protocol/handler.go:1039	sendRoundMessage	{"{from 15 0 e <nil>}": {"Key":"to","Type":15,"Integer":0,"String":"","Interface":null}, "{round 20 2  <nil>}": {"Key":"broadcast","Type":4,"Integer":1,"String":"","Interface":null}}
2025-08-15T22:12:57.938-0500	DEBUG	protocol/handler.go:1039	sendRoundMessage	{"{from 15 0 d <nil>}": {"Key":"to","Type":15,"Integer":0,"String":"","Interface":null}, "{round 20 2  <nil>}": {"Key":"broadcast","Type":4,"Integer":1,"String":"","Interface":null}}
2025-08-15T22:12:57.933-0500	DEBUG	protocol/handler.go:954	round already being initialized/finalized, skipping
2025-08-15T22:12:57.933-0500	DEBUG	protocol/handler.go:954	round already being initialized/finalized, skipping
2025-08-15T22:12:57.934-0500	DEBUG	protocol/handler.go:1039	sendRoundMessage	{"{from 15 0 a <nil>}": {"Key":"to","Type":15,"Integer":0,"String":"","Interface":null}, "{round 20 2  <nil>}": {"Key":"broadcast","Type":4,"Integer":1,"String":"","Interface":null}}
2025-08-15T22:12:57.939-0500	DEBUG	protocol/handler.go:1657	storing broadcast	{"{round 20 2  <nil>}": {"Key":"from","Type":15,"Integer":0,"String":"d","Interface":null}}
2025-08-15T22:12:57.939-0500	DEBUG	protocol/handler.go:1081	sent message to output channel	{"{from 15 0 d <nil>}": {"Key":"to","Type":15,"Integer":0,"String":"","Interface":null}, "{round 20 2  <nil>}": {"Key":"broadcast","Type":4,"Integer":1,"String":"","Interface":null}}
2025-08-15T22:12:57.939-0500	DEBUG	protocol/handler.go:1182	finalized round messages	{"{round 20 1  <nil>}": {"Key":"messages","Type":11,"Integer":1,"String":"","Interface":null}}
2025-08-15T22:12:57.939-0500	DEBUG	protocol/handler.go:1239	finalize returned next round	{"{current 20 1  <nil>}": {"Key":"next","Type":20,"Integer":2,"String":"","Interface":null}}
2025-08-15T22:12:57.939-0500	INFO	protocol/handler.go:642	storing new currentRound	{"{from 20 1  <nil>}": {"Key":"to","Type":20,"Integer":2,"String":"","Interface":null}}
2025-08-15T22:12:57.939-0500	DEBUG	protocol/handler.go:1503	processing queued messages
2025-08-15T22:12:57.939-0500	DEBUG	protocol/handler.go:1503	processing queued messages
2025-08-15T22:12:57.939-0500	DEBUG	protocol/handler.go:437	processing message	{"{from 15 0 d <nil>}": {"Key":"to","Type":15,"Integer":0,"String":"","Interface":null}, "{round 20 2  <nil>}": {"Key":"broadcast","Type":4,"Integer":1,"String":"","Interface":null}}
2025-08-15T22:12:57.939-0500	DEBUG	protocol/handler.go:1657	storing broadcast	{"{round 20 2  <nil>}": {"Key":"from","Type":15,"Integer":0,"String":"d","Interface":null}}
2025-08-15T22:12:57.940-0500	DEBUG	protocol/handler.go:470	message for different round (buffering)	{"{msg_round 20 2  <nil>}": {"Key":"current_round","Type":20,"Integer":1,"String":"","Interface":null}}
2025-08-15T22:12:57.940-0500	DEBUG	protocol/handler.go:581	tryAdvanceRound called	{"{current_round 20 1  <nil>}": {"Key":"self","Type":15,"Integer":0,"String":"c","Interface":null}}
2025-08-15T22:12:57.940-0500	DEBUG	protocol/handler.go:1649	have all messages and processed	{"{round 20 1  <nil>}": {"Key":"self","Type":15,"Integer":0,"String":"c","Interface":null}}
2025-08-15T22:12:57.940-0500	DEBUG	protocol/handler.go:596	round already finalized
2025-08-15T22:12:57.940-0500	DEBUG	protocol/handler.go:437	processing message	{"{from 15 0 d <nil>}": {"Key":"to","Type":15,"Integer":0,"String":"","Interface":null}, "{round 20 2  <nil>}": {"Key":"broadcast","Type":4,"Integer":1,"String":"","Interface":null}}
2025-08-15T22:12:57.940-0500	DEBUG	protocol/handler.go:1657	storing broadcast	{"{round 20 2  <nil>}": {"Key":"from","Type":15,"Integer":0,"String":"d","Interface":null}}
2025-08-15T22:12:57.940-0500	DEBUG	protocol/handler.go:1657	storing broadcast	{"{round 20 2  <nil>}": {"Key":"from","Type":15,"Integer":0,"String":"a","Interface":null}}
2025-08-15T22:12:57.940-0500	DEBUG	protocol/handler.go:437	processing message	{"{from 15 0 d <nil>}": {"Key":"to","Type":15,"Integer":0,"String":"","Interface":null}, "{round 20 2  <nil>}": {"Key":"broadcast","Type":4,"Integer":1,"String":"","Interface":null}}
2025-08-15T22:12:57.940-0500	DEBUG	protocol/handler.go:1657	storing broadcast	{"{round 20 2  <nil>}": {"Key":"from","Type":15,"Integer":0,"String":"d","Interface":null}}
2025-08-15T22:12:57.940-0500	DEBUG	protocol/handler.go:437	processing message	{"{from 15 0 a <nil>}": {"Key":"to","Type":15,"Integer":0,"String":"","Interface":null}, "{round 20 2  <nil>}": {"Key":"broadcast","Type":4,"Integer":1,"String":"","Interface":null}}
2025-08-15T22:12:57.940-0500	DEBUG	protocol/handler.go:1657	storing broadcast	{"{round 20 2  <nil>}": {"Key":"from","Type":15,"Integer":0,"String":"a","Interface":null}}
==================
WARNING: DATA RACE
Write at 0x00c0012a3c5c by goroutine 1910:
  ??()
      -:0 +0x104ada650
  sync/atomic.CompareAndSwapInt32()
      <autogenerated>:1 +0x18
  sync.(*Mutex).Lock()
      /opt/homebrew/Cellar/go/1.24.6/libexec/src/sync/mutex.go:46 +0x2c
  github.com/luxfi/threshold/protocols/frost/keygen.(*round2).StoreBroadcastMessage()
      /Users/z/work/lux/threshold/protocols/frost/keygen/round2.go:57 +0x58
  github.com/luxfi/threshold/pkg/protocol.(*Handler).verifyBroadcast()
      /Users/z/work/lux/threshold/pkg/protocol/handler.go:1392 +0x648
  github.com/luxfi/threshold/pkg/protocol.(*Handler).processMessage()
      /Users/z/work/lux/threshold/pkg/protocol/handler.go:480 +0xb9c
  github.com/luxfi/threshold/pkg/protocol.(*Handler).messageWorker()
      /Users/z/work/lux/threshold/pkg/protocol/handler.go:408 +0x338
  github.com/luxfi/threshold/pkg/protocol.(*Handler).startWorkers.gowrap2()
      /Users/z/work/lux/threshold/pkg/protocol/handler.go:361 +0x44

Previous read at 0x00c0012a3c58 by goroutine 1909:
  github.com/luxfi/threshold/protocols/frost/keygen.(*round2).Number()
      <autogenerated>:1 +0x38
  github.com/luxfi/threshold/pkg/protocol.(*Handler).verifyBroadcast()
      /Users/z/work/lux/threshold/pkg/protocol/handler.go:1356 +0x74
  github.com/luxfi/threshold/pkg/protocol.(*Handler).processMessage()
      /Users/z/work/lux/threshold/pkg/protocol/handler.go:480 +0xb9c
  github.com/luxfi/threshold/pkg/protocol.(*Handler).messageWorker()
      /Users/z/work/lux/threshold/pkg/protocol/handler.go:408 +0x338
  github.com/luxfi/threshold/pkg/protocol.(*Handler).startWorkers.gowrap2()
      /Users/z/work/lux/threshold/pkg/protocol/handler.go:361 +0x44

Goroutine 1910 (running) created at:
  github.com/luxfi/threshold/pkg/protocol.(*Handler).startWorkers()
      /Users/z/work/lux/threshold/pkg/protocol/handler.go:361 +0x334
  github.com/luxfi/threshold/pkg/protocol.NewHandler()
      /Users/z/work/lux/threshold/pkg/protocol/handler.go:247 +0xf10
  github.com/luxfi/threshold/internal/test.(*Harness).CreateHandler()
      /Users/z/work/lux/threshold/internal/test/harness.go:91 +0x2e4
  github.com/luxfi/threshold/internal/test.RunProtocol()
      /Users/z/work/lux/threshold/internal/test/harness.go:270 +0x230
  github.com/luxfi/threshold/internal/test.RunMultipleProtocolTests.(*ProtocolTest).Run.func1()
      /Users/z/work/lux/threshold/internal/test/protocol_helpers.go:34 +0xe0
  testing.tRunner()
      /opt/homebrew/Cellar/go/1.24.6/libexec/src/testing/testing.go:1792 +0x180
  testing.(*T).Run.gowrap1()
      /opt/homebrew/Cellar/go/1.24.6/libexec/src/testing/testing.go:1851 +0x40

Goroutine 1909 (running) created at:
  github.com/luxfi/threshold/pkg/protocol.(*Handler).startWorkers()
      /Users/z/work/lux/threshold/pkg/protocol/handler.go:361 +0x334
  github.com/luxfi/threshold/pkg/protocol.NewHandler()
      /Users/z/work/lux/threshold/pkg/protocol/handler.go:247 +0xf10
  github.com/luxfi/threshold/internal/test.(*Harness).CreateHandler()
      /Users/z/work/lux/threshold/internal/test/harness.go:91 +0x2e4
  github.com/luxfi/threshold/internal/test.RunProtocol()
      /Users/z/work/lux/threshold/internal/test/harness.go:270 +0x230
  github.com/luxfi/threshold/internal/test.RunMultipleProtocolTests.(*ProtocolTest).Run.func1()
      /Users/z/work/lux/threshold/internal/test/protocol_helpers.go:34 +0xe0
  testing.tRunner()
      /opt/homebrew/Cellar/go/1.24.6/libexec/src/testing/testing.go:1792 +0x180
  testing.(*T).Run.gowrap1()
      /opt/homebrew/Cellar/go/1.24.6/libexec/src/testing/testing.go:1851 +0x40
==================
2025-08-15T22:12:57.942-0500	DEBUG	protocol/handler.go:1657	storing broadcast	{"{round 20 2  <nil>}": {"Key":"from","Type":15,"Integer":0,"String":"e","Interface":null}}
2025-08-15T22:12:57.943-0500	DEBUG	protocol/handler.go:1081	sent message to output channel	{"{from 15 0 e <nil>}": {"Key":"to","Type":15,"Integer":0,"String":"","Interface":null}, "{round 20 2  <nil>}": {"Key":"broadcast","Type":4,"Integer":1,"String":"","Interface":null}}
2025-08-15T22:12:57.940-0500	DEBUG	protocol/handler.go:437	processing message	{"{from 15 0 d <nil>}": {"Key":"to","Type":15,"Integer":0,"String":"","Interface":null}, "{round 20 2  <nil>}": {"Key":"broadcast","Type":4,"Integer":1,"String":"","Interface":null}}
2025-08-15T22:12:57.943-0500	DEBUG	protocol/handler.go:1657	storing broadcast	{"{round 20 2  <nil>}": {"Key":"from","Type":15,"Integer":0,"String":"d","Interface":null}}
2025-08-15T22:12:57.943-0500	DEBUG	protocol/handler.go:470	message for different round (buffering)	{"{msg_round 20 2  <nil>}": {"Key":"current_round","Type":20,"Integer":1,"String":"","Interface":null}}
2025-08-15T22:12:57.943-0500	DEBUG	protocol/handler.go:1182	finalized round messages	{"{round 20 1  <nil>}": {"Key":"messages","Type":11,"Integer":1,"String":"","Interface":null}}
2025-08-15T22:12:57.943-0500	DEBUG	protocol/handler.go:581	tryAdvanceRound called	{"{current_round 20 1  <nil>}": {"Key":"self","Type":15,"Integer":0,"String":"a","Interface":null}}
2025-08-15T22:12:57.943-0500	DEBUG	protocol/handler.go:1649	have all messages and processed	{"{round 20 1  <nil>}": {"Key":"self","Type":15,"Integer":0,"String":"a","Interface":null}}
2025-08-15T22:12:57.943-0500	DEBUG	protocol/handler.go:1239	finalize returned next round	{"{current 20 1  <nil>}": {"Key":"next","Type":20,"Integer":2,"String":"","Interface":null}}
2025-08-15T22:12:57.943-0500	DEBUG	protocol/handler.go:437	processing message	{"{from 15 0 a <nil>}": {"Key":"to","Type":15,"Integer":0,"String":"","Interface":null}, "{round 20 2  <nil>}": {"Key":"broadcast","Type":4,"Integer":1,"String":"","Interface":null}}
2025-08-15T22:12:57.943-0500	INFO	protocol/handler.go:642	storing new currentRound	{"{from 20 1  <nil>}": {"Key":"to","Type":20,"Integer":2,"String":"","Interface":null}}
2025-08-15T22:12:57.943-0500	DEBUG	protocol/handler.go:1503	processing queued messages
2025-08-15T22:12:57.943-0500	DEBUG	protocol/handler.go:1657	storing broadcast	{"{round 20 2  <nil>}": {"Key":"from","Type":15,"Integer":0,"String":"a","Interface":null}}
2025-08-15T22:12:57.943-0500	DEBUG	protocol/handler.go:596	round already finalized
2025-08-15T22:12:57.943-0500	DEBUG	protocol/handler.go:470	message for different round (buffering)	{"{msg_round 20 2  <nil>}": {"Key":"current_round","Type":20,"Integer":1,"String":"","Interface":null}}
2025-08-15T22:12:57.943-0500	DEBUG	protocol/handler.go:581	tryAdvanceRound called	{"{current_round 20 1  <nil>}": {"Key":"self","Type":15,"Integer":0,"String":"c","Interface":null}}
2025-08-15T22:12:57.943-0500	DEBUG	protocol/handler.go:1649	have all messages and processed	{"{round 20 1  <nil>}": {"Key":"self","Type":15,"Integer":0,"String":"c","Interface":null}}
2025-08-15T22:12:57.940-0500	DEBUG	protocol/handler.go:1081	sent message to output channel	{"{from 15 0 a <nil>}": {"Key":"to","Type":15,"Integer":0,"String":"","Interface":null}, "{round 20 2  <nil>}": {"Key":"broadcast","Type":4,"Integer":1,"String":"","Interface":null}}
2025-08-15T22:12:57.943-0500	DEBUG	protocol/handler.go:596	round already finalized
2025-08-15T22:12:57.943-0500	DEBUG	protocol/handler.go:1503	processing queued messages
2025-08-15T22:12:57.943-0500	DEBUG	protocol/handler.go:437	processing message	{"{from 15 0 e <nil>}": {"Key":"to","Type":15,"Integer":0,"String":"","Interface":null}, "{round 20 2  <nil>}": {"Key":"broadcast","Type":4,"Integer":1,"String":"","Interface":null}}
2025-08-15T22:12:57.944-0500	DEBUG	protocol/handler.go:1657	storing broadcast	{"{round 20 2  <nil>}": {"Key":"from","Type":15,"Integer":0,"String":"e","Interface":null}}
2025-08-15T22:12:57.944-0500	DEBUG	protocol/handler.go:437	processing message	{"{from 15 0 e <nil>}": {"Key":"to","Type":15,"Integer":0,"String":"","Interface":null}, "{round 20 2  <nil>}": {"Key":"broadcast","Type":4,"Integer":1,"String":"","Interface":null}}
2025-08-15T22:12:57.944-0500	DEBUG	protocol/handler.go:1657	storing broadcast	{"{round 20 2  <nil>}": {"Key":"from","Type":15,"Integer":0,"String":"e","Interface":null}}
2025-08-15T22:12:57.943-0500	DEBUG	protocol/handler.go:1182	finalized round messages	{"{round 20 1  <nil>}": {"Key":"messages","Type":11,"Integer":1,"String":"","Interface":null}}
2025-08-15T22:12:57.944-0500	DEBUG	protocol/handler.go:1239	finalize returned next round	{"{current 20 1  <nil>}": {"Key":"next","Type":20,"Integer":2,"String":"","Interface":null}}
2025-08-15T22:12:57.945-0500	INFO	protocol/handler.go:642	storing new currentRound	{"{from 20 1  <nil>}": {"Key":"to","Type":20,"Integer":2,"String":"","Interface":null}}
2025-08-15T22:12:57.945-0500	DEBUG	protocol/handler.go:1503	processing queued messages
2025-08-15T22:12:57.944-0500	DEBUG	protocol/handler.go:437	processing message	{"{from 15 0 e <nil>}": {"Key":"to","Type":15,"Integer":0,"String":"","Interface":null}, "{round 20 2  <nil>}": {"Key":"broadcast","Type":4,"Integer":1,"String":"","Interface":null}}
2025-08-15T22:12:57.945-0500	DEBUG	protocol/handler.go:1657	storing broadcast	{"{round 20 2  <nil>}": {"Key":"from","Type":15,"Integer":0,"String":"e","Interface":null}}
==================
WARNING: DATA RACE
Write at 0x00c0012a3c5c by goroutine 1908:
  ??()
      -:0 +0x104ada650
  sync/atomic.CompareAndSwapInt32()
      <autogenerated>:1 +0x18
  sync.(*Mutex).Lock()
      /opt/homebrew/Cellar/go/1.24.6/libexec/src/sync/mutex.go:46 +0x2c
  github.com/luxfi/threshold/protocols/frost/keygen.(*round2).StoreBroadcastMessage()
      /Users/z/work/lux/threshold/protocols/frost/keygen/round2.go:57 +0x58
  github.com/luxfi/threshold/pkg/protocol.(*Handler).verifyBroadcast()
      /Users/z/work/lux/threshold/pkg/protocol/handler.go:1392 +0x648
  github.com/luxfi/threshold/pkg/protocol.(*Handler).processMessage()
      /Users/z/work/lux/threshold/pkg/protocol/handler.go:480 +0xb9c
  github.com/luxfi/threshold/pkg/protocol.(*Handler).messageWorker()
      /Users/z/work/lux/threshold/pkg/protocol/handler.go:408 +0x338
  github.com/luxfi/threshold/pkg/protocol.(*Handler).startWorkers.gowrap2()
      /Users/z/work/lux/threshold/pkg/protocol/handler.go:361 +0x44

Previous read at 0x00c0012a3c58 by goroutine 1912:
  github.com/luxfi/threshold/protocols/frost/keygen.(*round2).Number()
      <autogenerated>:1 +0x38
  github.com/luxfi/threshold/pkg/protocol.(*Handler).tryAdvanceRound()
      /Users/z/work/lux/threshold/pkg/protocol/handler.go:582 +0x70
  github.com/luxfi/threshold/pkg/protocol.(*Handler).roundProcessor()
      /Users/z/work/lux/threshold/pkg/protocol/handler.go:569 +0xb4
  github.com/luxfi/threshold/pkg/protocol.(*Handler).startWorkers.func1()
      /Users/z/work/lux/threshold/pkg/protocol/handler.go:374 +0x78

Goroutine 1908 (running) created at:
  github.com/luxfi/threshold/pkg/protocol.(*Handler).startWorkers()
      /Users/z/work/lux/threshold/pkg/protocol/handler.go:361 +0x334
  github.com/luxfi/threshold/pkg/protocol.NewHandler()
      /Users/z/work/lux/threshold/pkg/protocol/handler.go:247 +0xf10
  github.com/luxfi/threshold/internal/test.(*Harness).CreateHandler()
      /Users/z/work/lux/threshold/internal/test/harness.go:91 +0x2e4
  github.com/luxfi/threshold/internal/test.RunProtocol()
      /Users/z/work/lux/threshold/internal/test/harness.go:270 +0x230
  github.com/luxfi/threshold/internal/test.RunMultipleProtocolTests.(*ProtocolTest).Run.func1()
      /Users/z/work/lux/threshold/internal/test/protocol_helpers.go:34 +0xe0
  testing.tRunner()
      /opt/homebrew/Cellar/go/1.24.6/libexec/src/testing/testing.go:1792 +0x180
  testing.(*T).Run.gowrap1()
      /opt/homebrew/Cellar/go/1.24.6/libexec/src/testing/testing.go:1851 +0x40

Goroutine 1912 (running) created at:
  github.com/luxfi/threshold/pkg/protocol.(*Handler).startWorkers()
      /Users/z/work/lux/threshold/pkg/protocol/handler.go:372 +0x4fc
  github.com/luxfi/threshold/pkg/protocol.NewHandler()
      /Users/z/work/lux/threshold/pkg/protocol/handler.go:247 +0xf10
  github.com/luxfi/threshold/internal/test.(*Harness).CreateHandler()
      /Users/z/work/lux/threshold/internal/test/harness.go:91 +0x2e4
  github.com/luxfi/threshold/internal/test.RunProtocol()
      /Users/z/work/lux/threshold/internal/test/harness.go:270 +0x230
  github.com/luxfi/threshold/internal/test.RunMultipleProtocolTests.(*ProtocolTest).Run.func1()
      /Users/z/work/lux/threshold/internal/test/protocol_helpers.go:34 +0xe0
  testing.tRunner()
      /opt/homebrew/Cellar/go/1.24.6/libexec/src/testing/testing.go:1792 +0x180
  testing.(*T).Run.gowrap1()
      /opt/homebrew/Cellar/go/1.24.6/libexec/src/testing/testing.go:1851 +0x40
==================
2025-08-15T22:12:57.940-0500	DEBUG	protocol/handler.go:470	message for different round (buffering)	{"{msg_round 20 2  <nil>}": {"Key":"current_round","Type":20,"Integer":1,"String":"","Interface":null}}
2025-08-15T22:12:57.945-0500	DEBUG	protocol/handler.go:581	tryAdvanceRound called	{"{current_round 20 2  <nil>}": {"Key":"self","Type":15,"Integer":0,"String":"e","Interface":null}}
==================
WARNING: DATA RACE
Write at 0x00c000bd55ac by goroutine 2019:
  ??()
      -:0 +0x104ada650
  sync/atomic.CompareAndSwapInt32()
      <autogenerated>:1 +0x18
  internal/sync.(*HashTrieMap[go.shape.interface {},go.shape.interface {}]).initSlow()
      /opt/homebrew/Cellar/go/1.24.6/libexec/src/internal/sync/hashtriemap.go:38 +0x38
  internal/sync.(*HashTrieMap[go.shape.interface {},go.shape.interface {}]).init()
      /opt/homebrew/Cellar/go/1.24.6/libexec/src/internal/sync/hashtriemap.go:32 +0x44
  internal/sync.(*HashTrieMap[go.shape.interface {},go.shape.interface {}]).Swap()
      /opt/homebrew/Cellar/go/1.24.6/libexec/src/internal/sync/hashtriemap.go:206 +0x54
  internal/sync.(*HashTrieMap[go.shape.interface {},go.shape.interface {}]).Store()
      /opt/homebrew/Cellar/go/1.24.6/libexec/src/internal/sync/hashtriemap.go:200 +0x54
  sync.(*Map).Store()
      /opt/homebrew/Cellar/go/1.24.6/libexec/src/sync/hashtriemap.go:55 +0x54
  github.com/luxfi/threshold/protocols/frost/keygen.(*round2).StoreBroadcastMessage()
      /Users/z/work/lux/threshold/protocols/frost/keygen/round2.go:117 +0x56c
  github.com/luxfi/threshold/pkg/protocol.(*Handler).verifyBroadcastForRound()
      /Users/z/work/lux/threshold/pkg/protocol/handler.go:1277 +0x3a0
  github.com/luxfi/threshold/pkg/protocol.(*Handler).processQueuedMessages()
      /Users/z/work/lux/threshold/pkg/protocol/handler.go:1542 +0x404
  github.com/luxfi/threshold/pkg/protocol.(*Handler).tryAdvanceRound.gowrap2()
      /Users/z/work/lux/threshold/pkg/protocol/handler.go:673 +0x40

Previous read at 0x00c000bd55a8 by goroutine 1993:
  github.com/luxfi/threshold/protocols/frost/keygen.(*round2).Number()
      <autogenerated>:1 +0x38
  github.com/luxfi/threshold/pkg/protocol.(*Handler).roundProcessor()
      /Users/z/work/lux/threshold/pkg/protocol/handler.go:560 +0x2ec
  github.com/luxfi/threshold/pkg/protocol.(*Handler).startWorkers.func1()
      /Users/z/work/lux/threshold/pkg/protocol/handler.go:374 +0x78

Goroutine 2019 (running) created at:
  github.com/luxfi/threshold/pkg/protocol.(*Handler).tryAdvanceRound()
      /Users/z/work/lux/threshold/pkg/protocol/handler.go:673 +0x12e4
  github.com/luxfi/threshold/pkg/protocol.(*Handler).processMessage()
      /Users/z/work/lux/threshold/pkg/protocol/handler.go:474 +0xb70
  github.com/luxfi/threshold/pkg/protocol.(*Handler).messageWorker()
      /Users/z/work/lux/threshold/pkg/protocol/handler.go:408 +0x338
  github.com/luxfi/threshold/pkg/protocol.(*Handler).startWorkers.gowrap2()
      /Users/z/work/lux/threshold/pkg/protocol/handler.go:361 +0x44

Goroutine 1993 (running) created at:
  github.com/luxfi/threshold/pkg/protocol.(*Handler).startWorkers()
      /Users/z/work/lux/threshold/pkg/protocol/handler.go:372 +0x4fc
  github.com/luxfi/threshold/pkg/protocol.NewHandler()
      /Users/z/work/lux/threshold/pkg/protocol/handler.go:247 +0xf10
  github.com/luxfi/threshold/internal/test.(*Harness).CreateHandler()
      /Users/z/work/lux/threshold/internal/test/harness.go:91 +0x2e4
  github.com/luxfi/threshold/internal/test.RunProtocol()
      /Users/z/work/lux/threshold/internal/test/harness.go:270 +0x230
  github.com/luxfi/threshold/internal/test.RunMultipleProtocolTests.(*ProtocolTest).Run.func1()
      /Users/z/work/lux/threshold/internal/test/protocol_helpers.go:34 +0xe0
  testing.tRunner()
      /opt/homebrew/Cellar/go/1.24.6/libexec/src/testing/testing.go:1792 +0x180
  testing.(*T).Run.gowrap1()
      /opt/homebrew/Cellar/go/1.24.6/libexec/src/testing/testing.go:1851 +0x40
==================
==================
WARNING: DATA RACE
Write at 0x00c000bd55b8 by goroutine 2019:
  ??()
      -:0 +0x104ad56f0
  sync/atomic.StorePointer()
      /opt/homebrew/Cellar/go/1.24.6/libexec/src/runtime/atomic_pointer.go:92 +0x38
  internal/sync.(*HashTrieMap[go.shape.interface {},go.shape.interface {}]).initSlow()
      /opt/homebrew/Cellar/go/1.24.6/libexec/src/internal/sync/hashtriemap.go:50 +0xb8
  internal/sync.(*HashTrieMap[go.shape.interface {},go.shape.interface {}]).init()
      /opt/homebrew/Cellar/go/1.24.6/libexec/src/internal/sync/hashtriemap.go:32 +0x44
  internal/sync.(*HashTrieMap[go.shape.interface {},go.shape.interface {}]).Swap()
      /opt/homebrew/Cellar/go/1.24.6/libexec/src/internal/sync/hashtriemap.go:206 +0x54
  internal/sync.(*HashTrieMap[go.shape.interface {},go.shape.interface {}]).Store()
      /opt/homebrew/Cellar/go/1.24.6/libexec/src/internal/sync/hashtriemap.go:200 +0x54
  sync.(*Map).Store()
      /opt/homebrew/Cellar/go/1.24.6/libexec/src/sync/hashtriemap.go:55 +0x54
  github.com/luxfi/threshold/protocols/frost/keygen.(*round2).StoreBroadcastMessage()
      /Users/z/work/lux/threshold/protocols/frost/keygen/round2.go:117 +0x56c
  github.com/luxfi/threshold/pkg/protocol.(*Handler).verifyBroadcastForRound()
      /Users/z/work/lux/threshold/pkg/protocol/handler.go:1277 +0x3a0
  github.com/luxfi/threshold/pkg/protocol.(*Handler).processQueuedMessages()
      /Users/z/work/lux/threshold/pkg/protocol/handler.go:1542 +0x404
  github.com/luxfi/threshold/pkg/protocol.(*Handler).tryAdvanceRound.gowrap2()
      /Users/z/work/lux/threshold/pkg/protocol/handler.go:673 +0x40

Previous read at 0x00c000bd55b8 by goroutine 1993:
  github.com/luxfi/threshold/protocols/frost/keygen.(*round2).Number()
      <autogenerated>:1 +0x38
  github.com/luxfi/threshold/pkg/protocol.(*Handler).roundProcessor()
      /Users/z/work/lux/threshold/pkg/protocol/handler.go:560 +0x2ec
  github.com/luxfi/threshold/pkg/protocol.(*Handler).startWorkers.func1()
      /Users/z/work/lux/threshold/pkg/protocol/handler.go:374 +0x78

Goroutine 2019 (running) created at:
  github.com/luxfi/threshold/pkg/protocol.(*Handler).tryAdvanceRound()
      /Users/z/work/lux/threshold/pkg/protocol/handler.go:673 +0x12e4
  github.com/luxfi/threshold/pkg/protocol.(*Handler).processMessage()
      /Users/z/work/lux/threshold/pkg/protocol/handler.go:474 +0xb70
  github.com/luxfi/threshold/pkg/protocol.(*Handler).messageWorker()
      /Users/z/work/lux/threshold/pkg/protocol/handler.go:408 +0x338
  github.com/luxfi/threshold/pkg/protocol.(*Handler).startWorkers.gowrap2()
      /Users/z/work/lux/threshold/pkg/protocol/handler.go:361 +0x44

Goroutine 1993 (running) created at:
  github.com/luxfi/threshold/pkg/protocol.(*Handler).startWorkers()
      /Users/z/work/lux/threshold/pkg/protocol/handler.go:372 +0x4fc
  github.com/luxfi/threshold/pkg/protocol.NewHandler()
      /Users/z/work/lux/threshold/pkg/protocol/handler.go:247 +0xf10
  github.com/luxfi/threshold/internal/test.(*Harness).CreateHandler()
      /Users/z/work/lux/threshold/internal/test/harness.go:91 +0x2e4
  github.com/luxfi/threshold/internal/test.RunProtocol()
      /Users/z/work/lux/threshold/internal/test/harness.go:270 +0x230
  github.com/luxfi/threshold/internal/test.RunMultipleProtocolTests.(*ProtocolTest).Run.func1()
      /Users/z/work/lux/threshold/internal/test/protocol_helpers.go:34 +0xe0
  testing.tRunner()
      /opt/homebrew/Cellar/go/1.24.6/libexec/src/testing/testing.go:1792 +0x180
  testing.(*T).Run.gowrap1()
      /opt/homebrew/Cellar/go/1.24.6/libexec/src/testing/testing.go:1851 +0x40
==================
==================
WARNING: DATA RACE
Write at 0x00c0005aa22c by goroutine 1963:
  ??()
      -:0 +0x104ada650
  sync/atomic.CompareAndSwapInt32()
      <autogenerated>:1 +0x18
  internal/sync.(*HashTrieMap[go.shape.interface {},go.shape.interface {}]).initSlow()
      /opt/homebrew/Cellar/go/1.24.6/libexec/src/internal/sync/hashtriemap.go:38 +0x38
  internal/sync.(*HashTrieMap[go.shape.interface {},go.shape.interface {}]).init()
      /opt/homebrew/Cellar/go/1.24.6/libexec/src/internal/sync/hashtriemap.go:32 +0x44
  internal/sync.(*HashTrieMap[go.shape.interface {},go.shape.interface {}]).Swap()
      /opt/homebrew/Cellar/go/1.24.6/libexec/src/internal/sync/hashtriemap.go:206 +0x54
  internal/sync.(*HashTrieMap[go.shape.interface {},go.shape.interface {}]).Store()
      /opt/homebrew/Cellar/go/1.24.6/libexec/src/internal/sync/hashtriemap.go:200 +0x54
  sync.(*Map).Store()
      /opt/homebrew/Cellar/go/1.24.6/libexec/src/sync/hashtriemap.go:55 +0x54
  github.com/luxfi/threshold/protocols/frost/keygen.(*round2).StoreBroadcastMessage()
      /Users/z/work/lux/threshold/protocols/frost/keygen/round2.go:117 +0x56c
  github.com/luxfi/threshold/pkg/protocol.(*Handler).verifyBroadcast()
      /Users/z/work/lux/threshold/pkg/protocol/handler.go:1392 +0x648
  github.com/luxfi/threshold/pkg/protocol.(*Handler).processMessage()
      /Users/z/work/lux/threshold/pkg/protocol/handler.go:480 +0xb9c
  github.com/luxfi/threshold/pkg/protocol.(*Handler).messageWorker()
      /Users/z/work/lux/threshold/pkg/protocol/handler.go:408 +0x338
  github.com/luxfi/threshold/pkg/protocol.(*Handler).startWorkers.gowrap2()
      /Users/z/work/lux/threshold/pkg/protocol/handler.go:361 +0x44

Previous read at 0x00c0005aa228 by goroutine 1966:
  github.com/luxfi/threshold/protocols/frost/keygen.(*round2).Number()
      <autogenerated>:1 +0x38
  github.com/luxfi/threshold/pkg/protocol.(*Handler).roundProcessor()
      /Users/z/work/lux/threshold/pkg/protocol/handler.go:560 +0x2ec
  github.com/luxfi/threshold/pkg/protocol.(*Handler).startWorkers.func1()
      /Users/z/work/lux/threshold/pkg/protocol/handler.go:374 +0x78

Goroutine 1963 (running) created at:
  github.com/luxfi/threshold/pkg/protocol.(*Handler).startWorkers()
      /Users/z/work/lux/threshold/pkg/protocol/handler.go:361 +0x334
  github.com/luxfi/threshold/pkg/protocol.NewHandler()
      /Users/z/work/lux/threshold/pkg/protocol/handler.go:247 +0xf10
  github.com/luxfi/threshold/internal/test.(*Harness).CreateHandler()
      /Users/z/work/lux/threshold/internal/test/harness.go:91 +0x2e4
  github.com/luxfi/threshold/internal/test.RunProtocol()
      /Users/z/work/lux/threshold/internal/test/harness.go:270 +0x230
  github.com/luxfi/threshold/internal/test.RunMultipleProtocolTests.(*ProtocolTest).Run.func1()
      /Users/z/work/lux/threshold/internal/test/protocol_helpers.go:34 +0xe0
  testing.tRunner()
      /opt/homebrew/Cellar/go/1.24.6/libexec/src/testing/testing.go:1792 +0x180
  testing.(*T).Run.gowrap1()
      /opt/homebrew/Cellar/go/1.24.6/libexec/src/testing/testing.go:1851 +0x40

Goroutine 1966 (running) created at:
  github.com/luxfi/threshold/pkg/protocol.(*Handler).startWorkers()
      /Users/z/work/lux/threshold/pkg/protocol/handler.go:372 +0x4fc
  github.com/luxfi/threshold/pkg/protocol.NewHandler()
      /Users/z/work/lux/threshold/pkg/protocol/handler.go:247 +0xf10
  github.com/luxfi/threshold/internal/test.(*Harness).CreateHandler()
      /Users/z/work/lux/threshold/internal/test/harness.go:91 +0x2e4
  github.com/luxfi/threshold/internal/test.RunProtocol()
      /Users/z/work/lux/threshold/internal/test/harness.go:270 +0x230
  github.com/luxfi/threshold/internal/test.RunMultipleProtocolTests.(*ProtocolTest).Run.func1()
      /Users/z/work/lux/threshold/internal/test/protocol_helpers.go:34 +0xe0
  testing.tRunner()
      /opt/homebrew/Cellar/go/1.24.6/libexec/src/testing/testing.go:1792 +0x180
  testing.(*T).Run.gowrap1()
      /opt/homebrew/Cellar/go/1.24.6/libexec/src/testing/testing.go:1851 +0x40
==================
==================
WARNING: DATA RACE
Write at 0x00c0005aa238 by goroutine 1963:
  ??()
      -:0 +0x104ad56f0
  sync/atomic.StorePointer()
      /opt/homebrew/Cellar/go/1.24.6/libexec/src/runtime/atomic_pointer.go:92 +0x38
  internal/sync.(*HashTrieMap[go.shape.interface {},go.shape.interface {}]).initSlow()
      /opt/homebrew/Cellar/go/1.24.6/libexec/src/internal/sync/hashtriemap.go:50 +0xb8
  internal/sync.(*HashTrieMap[go.shape.interface {},go.shape.interface {}]).init()
      /opt/homebrew/Cellar/go/1.24.6/libexec/src/internal/sync/hashtriemap.go:32 +0x44
  internal/sync.(*HashTrieMap[go.shape.interface {},go.shape.interface {}]).Swap()
      /opt/homebrew/Cellar/go/1.24.6/libexec/src/internal/sync/hashtriemap.go:206 +0x54
  internal/sync.(*HashTrieMap[go.shape.interface {},go.shape.interface {}]).Store()
      /opt/homebrew/Cellar/go/1.24.6/libexec/src/internal/sync/hashtriemap.go:200 +0x54
  sync.(*Map).Store()
      /opt/homebrew/Cellar/go/1.24.6/libexec/src/sync/hashtriemap.go:55 +0x54
  github.com/luxfi/threshold/protocols/frost/keygen.(*round2).StoreBroadcastMessage()
      /Users/z/work/lux/threshold/protocols/frost/keygen/round2.go:117 +0x56c
  github.com/luxfi/threshold/pkg/protocol.(*Handler).verifyBroadcast()
      /Users/z/work/lux/threshold/pkg/protocol/handler.go:1392 +0x648
  github.com/luxfi/threshold/pkg/protocol.(*Handler).processMessage()
      /Users/z/work/lux/threshold/pkg/protocol/handler.go:480 +0xb9c
  github.com/luxfi/threshold/pkg/protocol.(*Handler).messageWorker()
      /Users/z/work/lux/threshold/pkg/protocol/handler.go:408 +0x338
  github.com/luxfi/threshold/pkg/protocol.(*Handler).startWorkers.gowrap2()
      /Users/z/work/lux/threshold/pkg/protocol/handler.go:361 +0x44

Previous read at 0x00c0005aa238 by goroutine 1966:
  github.com/luxfi/threshold/protocols/frost/keygen.(*round2).Number()
      <autogenerated>:1 +0x38
  github.com/luxfi/threshold/pkg/protocol.(*Handler).roundProcessor()
      /Users/z/work/lux/threshold/pkg/protocol/handler.go:560 +0x2ec
  github.com/luxfi/threshold/pkg/protocol.(*Handler).startWorkers.func1()
      /Users/z/work/lux/threshold/pkg/protocol/handler.go:374 +0x78

Goroutine 1963 (running) created at:
  github.com/luxfi/threshold/pkg/protocol.(*Handler).startWorkers()
      /Users/z/work/lux/threshold/pkg/protocol/handler.go:361 +0x334
  github.com/luxfi/threshold/pkg/protocol.NewHandler()
      /Users/z/work/lux/threshold/pkg/protocol/handler.go:247 +0xf10
  github.com/luxfi/threshold/internal/test.(*Harness).CreateHandler()
      /Users/z/work/lux/threshold/internal/test/harness.go:91 +0x2e4
  github.com/luxfi/threshold/internal/test.RunProtocol()
      /Users/z/work/lux/threshold/internal/test/harness.go:270 +0x230
  github.com/luxfi/threshold/internal/test.RunMultipleProtocolTests.(*ProtocolTest).Run.func1()
      /Users/z/work/lux/threshold/internal/test/protocol_helpers.go:34 +0xe0
  testing.tRunner()
      /opt/homebrew/Cellar/go/1.24.6/libexec/src/testing/testing.go:1792 +0x180
  testing.(*T).Run.gowrap1()
      /opt/homebrew/Cellar/go/1.24.6/libexec/src/testing/testing.go:1851 +0x40

Goroutine 1966 (running) created at:
  github.com/luxfi/threshold/pkg/protocol.(*Handler).startWorkers()
      /Users/z/work/lux/threshold/pkg/protocol/handler.go:372 +0x4fc
  github.com/luxfi/threshold/pkg/protocol.NewHandler()
      /Users/z/work/lux/threshold/pkg/protocol/handler.go:247 +0xf10
  github.com/luxfi/threshold/internal/test.(*Harness).CreateHandler()
      /Users/z/work/lux/threshold/internal/test/harness.go:91 +0x2e4
  github.com/luxfi/threshold/internal/test.RunProtocol()
      /Users/z/work/lux/threshold/internal/test/harness.go:270 +0x230
  github.com/luxfi/threshold/internal/test.RunMultipleProtocolTests.(*ProtocolTest).Run.func1()
      /Users/z/work/lux/threshold/internal/test/protocol_helpers.go:34 +0xe0
  testing.tRunner()
      /opt/homebrew/Cellar/go/1.24.6/libexec/src/testing/testing.go:1792 +0x180
  testing.(*T).Run.gowrap1()
      /opt/homebrew/Cellar/go/1.24.6/libexec/src/testing/testing.go:1851 +0x40
==================
2025-08-15T22:12:57.952-0500	DEBUG	protocol/handler.go:581	tryAdvanceRound called	{"{current_round 20 2  <nil>}": {"Key":"self","Type":15,"Integer":0,"String":"d","Interface":null}}
2025-08-15T22:12:57.954-0500	DEBUG	protocol/handler.go:1039	sendRoundMessage	{"{from 15 0 c <nil>}": {"Key":"to","Type":15,"Integer":0,"String":"","Interface":null}, "{round 20 2  <nil>}": {"Key":"broadcast","Type":4,"Integer":1,"String":"","Interface":null}}
2025-08-15T22:12:57.954-0500	INFO	protocol/handler.go:560	advanced to round
2025-08-15T22:12:57.954-0500	DEBUG	protocol/handler.go:581	tryAdvanceRound called	{"{current_round 20 2  <nil>}": {"Key":"self","Type":15,"Integer":0,"String":"a","Interface":null}}
2025-08-15T22:12:57.955-0500	DEBUG	protocol/handler.go:1657	storing broadcast	{"{round 20 2  <nil>}": {"Key":"from","Type":15,"Integer":0,"String":"c","Interface":null}}
2025-08-15T22:12:57.955-0500	DEBUG	protocol/handler.go:1081	sent message to output channel	{"{from 15 0 c <nil>}": {"Key":"to","Type":15,"Integer":0,"String":"","Interface":null}, "{round 20 2  <nil>}": {"Key":"broadcast","Type":4,"Integer":1,"String":"","Interface":null}}
2025-08-15T22:12:57.955-0500	DEBUG	protocol/handler.go:1182	finalized round messages	{"{round 20 1  <nil>}": {"Key":"messages","Type":11,"Integer":1,"String":"","Interface":null}}
2025-08-15T22:12:57.955-0500	DEBUG	protocol/handler.go:1239	finalize returned next round	{"{current 20 1  <nil>}": {"Key":"next","Type":20,"Integer":2,"String":"","Interface":null}}
2025-08-15T22:12:57.955-0500	INFO	protocol/handler.go:642	storing new currentRound	{"{from 20 1  <nil>}": {"Key":"to","Type":20,"Integer":2,"String":"","Interface":null}}
2025-08-15T22:12:57.955-0500	DEBUG	protocol/handler.go:1503	processing queued messages
2025-08-15T22:12:57.955-0500	DEBUG	protocol/handler.go:437	processing message	{"{from 15 0 c <nil>}": {"Key":"to","Type":15,"Integer":0,"String":"","Interface":null}, "{round 20 2  <nil>}": {"Key":"broadcast","Type":4,"Integer":1,"String":"","Interface":null}}
==================
WARNING: DATA RACE
Write at 0x00c0012a3c2c by goroutine 1910:
  ??()
      -:0 +0x104ada650
  sync/atomic.CompareAndSwapInt32()
      <autogenerated>:1 +0x18
  internal/sync.(*HashTrieMap[go.shape.interface {},go.shape.interface {}]).initSlow()
      /opt/homebrew/Cellar/go/1.24.6/libexec/src/internal/sync/hashtriemap.go:38 +0x38
  internal/sync.(*HashTrieMap[go.shape.interface {},go.shape.interface {}]).init()
      /opt/homebrew/Cellar/go/1.24.6/libexec/src/internal/sync/hashtriemap.go:32 +0x44
  internal/sync.(*HashTrieMap[go.shape.interface {},go.shape.interface {}]).Swap()
      /opt/homebrew/Cellar/go/1.24.6/libexec/src/internal/sync/hashtriemap.go:206 +0x54
  internal/sync.(*HashTrieMap[go.shape.interface {},go.shape.interface {}]).Store()
      /opt/homebrew/Cellar/go/1.24.6/libexec/src/internal/sync/hashtriemap.go:200 +0x54
  sync.(*Map).Store()
      /opt/homebrew/Cellar/go/1.24.6/libexec/src/sync/hashtriemap.go:55 +0x54
  github.com/luxfi/threshold/protocols/frost/keygen.(*round2).StoreBroadcastMessage()
      /Users/z/work/lux/threshold/protocols/frost/keygen/round2.go:117 +0x56c
  github.com/luxfi/threshold/pkg/protocol.(*Handler).verifyBroadcast()
      /Users/z/work/lux/threshold/pkg/protocol/handler.go:1392 +0x648
  github.com/luxfi/threshold/pkg/protocol.(*Handler).processMessage()
      /Users/z/work/lux/threshold/pkg/protocol/handler.go:480 +0xb9c
  github.com/luxfi/threshold/pkg/protocol.(*Handler).messageWorker()
      /Users/z/work/lux/threshold/pkg/protocol/handler.go:408 +0x338
  github.com/luxfi/threshold/pkg/protocol.(*Handler).startWorkers.gowrap2()
      /Users/z/work/lux/threshold/pkg/protocol/handler.go:361 +0x44

Previous read at 0x00c0012a3c28 by goroutine 1912:
  github.com/luxfi/threshold/protocols/frost/keygen.(*round2).Number()
      <autogenerated>:1 +0x38
  github.com/luxfi/threshold/pkg/protocol.(*Handler).tryAdvanceRound()
      /Users/z/work/lux/threshold/pkg/protocol/handler.go:582 +0x70
  github.com/luxfi/threshold/pkg/protocol.(*Handler).roundProcessor()
      /Users/z/work/lux/threshold/pkg/protocol/handler.go:569 +0xb4
  github.com/luxfi/threshold/pkg/protocol.(*Handler).startWorkers.func1()
      /Users/z/work/lux/threshold/pkg/protocol/handler.go:374 +0x78

Goroutine 1910 (running) created at:
  github.com/luxfi/threshold/pkg/protocol.(*Handler).startWorkers()
      /Users/z/work/lux/threshold/pkg/protocol/handler.go:361 +0x334
  github.com/luxfi/threshold/pkg/protocol.NewHandler()
      /Users/z/work/lux/threshold/pkg/protocol/handler.go:247 +0xf10
  github.com/luxfi/threshold/internal/test.(*Harness).CreateHandler()
      /Users/z/work/lux/threshold/internal/test/harness.go:91 +0x2e4
  github.com/luxfi/threshold/internal/test.RunProtocol()
      /Users/z/work/lux/threshold/internal/test/harness.go:270 +0x230
  github.com/luxfi/threshold/internal/test.RunMultipleProtocolTests.(*ProtocolTest).Run.func1()
      /Users/z/work/lux/threshold/internal/test/protocol_helpers.go:34 +0xe0
  testing.tRunner()
      /opt/homebrew/Cellar/go/1.24.6/libexec/src/testing/testing.go:1792 +0x180
  testing.(*T).Run.gowrap1()
      /opt/homebrew/Cellar/go/1.24.6/libexec/src/testing/testing.go:1851 +0x40

Goroutine 1912 (running) created at:
  github.com/luxfi/threshold/pkg/protocol.(*Handler).startWorkers()
      /Users/z/work/lux/threshold/pkg/protocol/handler.go:372 +0x4fc
  github.com/luxfi/threshold/pkg/protocol.NewHandler()
      /Users/z/work/lux/threshold/pkg/protocol/handler.go:247 +0xf10
  github.com/luxfi/threshold/internal/test.(*Harness).CreateHandler()
      /Users/z/work/lux/threshold/internal/test/harness.go:91 +0x2e4
  github.com/luxfi/threshold/internal/test.RunProtocol()
      /Users/z/work/lux/threshold/internal/test/harness.go:270 +0x230
  github.com/luxfi/threshold/internal/test.RunMultipleProtocolTests.(*ProtocolTest).Run.func1()
      /Users/z/work/lux/threshold/internal/test/protocol_helpers.go:34 +0xe0
  testing.tRunner()
      /opt/homebrew/Cellar/go/1.24.6/libexec/src/testing/testing.go:1792 +0x180
  testing.(*T).Run.gowrap1()
      /opt/homebrew/Cellar/go/1.24.6/libexec/src/testing/testing.go:1851 +0x40
==================
2025-08-15T22:12:57.985-0500	DEBUG	protocol/handler.go:1503	processing queued messages
2025-08-15T22:12:57.985-0500	DEBUG	protocol/handler.go:437	processing message	{"{from 15 0 c <nil>}": {"Key":"to","Type":15,"Integer":0,"String":"","Interface":null}, "{round 20 2  <nil>}": {"Key":"broadcast","Type":4,"Integer":1,"String":"","Interface":null}}
2025-08-15T22:12:57.986-0500	DEBUG	protocol/handler.go:1657	storing broadcast	{"{round 20 2  <nil>}": {"Key":"from","Type":15,"Integer":0,"String":"c","Interface":null}}
2025-08-15T22:12:57.986-0500	DEBUG	protocol/handler.go:437	processing message	{"{from 15 0 c <nil>}": {"Key":"to","Type":15,"Integer":0,"String":"","Interface":null}, "{round 20 2  <nil>}": {"Key":"broadcast","Type":4,"Integer":1,"String":"","Interface":null}}
2025-08-15T22:12:57.986-0500	DEBUG	protocol/handler.go:1657	storing broadcast	{"{round 20 2  <nil>}": {"Key":"from","Type":15,"Integer":0,"String":"c","Interface":null}}
2025-08-15T22:12:57.943-0500	DEBUG	protocol/handler.go:437	processing message	{"{from 15 0 a <nil>}": {"Key":"to","Type":15,"Integer":0,"String":"","Interface":null}, "{round 20 2  <nil>}": {"Key":"broadcast","Type":4,"Integer":1,"String":"","Interface":null}}
2025-08-15T22:12:57.936-0500	DEBUG	protocol/handler.go:1649	have all messages and processed	{"{round 20 1  <nil>}": {"Key":"self","Type":15,"Integer":0,"String":"c","Interface":null}}
==================
WARNING: DATA RACE
Write at 0x00c0012a3c28 by goroutine 1910:
  ??()
      -:0 +0x104ad4f28
  sync/atomic.StoreUint32()
      <autogenerated>:1 +0x14
  internal/sync.(*HashTrieMap[go.shape.interface {},go.shape.interface {}]).initSlow()
      /opt/homebrew/Cellar/go/1.24.6/libexec/src/internal/sync/hashtriemap.go:55 +0x12c
  internal/sync.(*HashTrieMap[go.shape.interface {},go.shape.interface {}]).init()
      /opt/homebrew/Cellar/go/1.24.6/libexec/src/internal/sync/hashtriemap.go:32 +0x44
  internal/sync.(*HashTrieMap[go.shape.interface {},go.shape.interface {}]).Swap()
      /opt/homebrew/Cellar/go/1.24.6/libexec/src/internal/sync/hashtriemap.go:206 +0x54
  internal/sync.(*HashTrieMap[go.shape.interface {},go.shape.interface {}]).Store()
      /opt/homebrew/Cellar/go/1.24.6/libexec/src/internal/sync/hashtriemap.go:200 +0x54
  sync.(*Map).Store()
      /opt/homebrew/Cellar/go/1.24.6/libexec/src/sync/hashtriemap.go:55 +0x54
  github.com/luxfi/threshold/protocols/frost/keygen.(*round2).StoreBroadcastMessage()
      /Users/z/work/lux/threshold/protocols/frost/keygen/round2.go:117 +0x56c
  github.com/luxfi/threshold/pkg/protocol.(*Handler).verifyBroadcast()
      /Users/z/work/lux/threshold/pkg/protocol/handler.go:1392 +0x648
  github.com/luxfi/threshold/pkg/protocol.(*Handler).processMessage()
      /Users/z/work/lux/threshold/pkg/protocol/handler.go:480 +0xb9c
  github.com/luxfi/threshold/pkg/protocol.(*Handler).messageWorker()
      /Users/z/work/lux/threshold/pkg/protocol/handler.go:408 +0x338
2025-08-15T22:12:57.988-0500	DEBUG	protocol/handler.go:596	round already finalized
2025-08-15T22:12:57.989-0500	DEBUG	protocol/handler.go:600	current round already advanced	{"{checking 20 1  <nil>}": {"Key":"current","Type":20,"Integer":2,"String":"","Interface":null}}
2025-08-15T22:12:57.989-0500	INFO	protocol/handler.go:560	advanced to round
  github.com/luxfi/threshold/pkg/protocol.(*Handler).startWorkers.gowrap2()
      /Users/z/work/lux/threshold/pkg/protocol/handler.go:361 +0x44

Previous read at 0x00c0012a3c28 by goroutine 1911:
  github.com/luxfi/threshold/protocols/frost/keygen.(*round2).Number()
      <autogenerated>:1 +0x38
  github.com/luxfi/threshold/pkg/protocol.(*Handler).verifyBroadcast()
      /Users/z/work/lux/threshold/pkg/protocol/handler.go:1356 +0x74
  github.com/luxfi/threshold/pkg/protocol.(*Handler).processMessage()
      /Users/z/work/lux/threshold/pkg/protocol/handler.go:480 +0xb9c
  github.com/luxfi/threshold/pkg/protocol.(*Handler).messageWorker()
      /Users/z/work/lux/threshold/pkg/protocol/handler.go:408 +0x338
  github.com/luxfi/threshold/pkg/protocol.(*Handler).startWorkers.gowrap2()
      /Users/z/work/lux/threshold/pkg/protocol/handler.go:361 +0x44

Goroutine 1910 (running) created at:
  github.com/luxfi/threshold/pkg/protocol.(*Handler).startWorkers()
      /Users/z/work/lux/threshold/pkg/protocol/handler.go:361 +0x334
  github.com/luxfi/threshold/pkg/protocol.NewHandler()
      /Users/z/work/lux/threshold/pkg/protocol/handler.go:247 +0xf10
  github.com/luxfi/threshold/internal/test.(*Harness).CreateHandler()
      /Users/z/work/lux/threshold/internal/test/harness.go:91 +0x2e4
  github.com/luxfi/threshold/internal/test.RunProtocol()
      /Users/z/work/lux/threshold/internal/test/harness.go:270 +0x230
  github.com/luxfi/threshold/internal/test.RunMultipleProtocolTests.(*ProtocolTest).Run.func1()
      /Users/z/work/lux/threshold/internal/test/protocol_helpers.go:34 +0xe0
  testing.tRunner()
      /opt/homebrew/Cellar/go/1.24.6/libexec/src/testing/testing.go:1792 +0x180
  testing.(*T).Run.gowrap1()
      /opt/homebrew/Cellar/go/1.24.6/libexec/src/testing/testing.go:1851 +0x40

Goroutine 1911 (running) created at:
  github.com/luxfi/threshold/pkg/protocol.(*Handler).startWorkers()
      /Users/z/work/lux/threshold/pkg/protocol/handler.go:361 +0x334
  github.com/luxfi/threshold/pkg/protocol.NewHandler()
      /Users/z/work/lux/threshold/pkg/protocol/handler.go:247 +0xf10
  github.com/luxfi/threshold/internal/test.(*Harness).CreateHandler()
      /Users/z/work/lux/threshold/internal/test/harness.go:91 +0x2e4
  github.com/luxfi/threshold/internal/test.RunProtocol()
      /Users/z/work/lux/threshold/internal/test/harness.go:270 +0x230
  github.com/luxfi/threshold/internal/test.RunMultipleProtocolTests.(*ProtocolTest).Run.func1()
      /Users/z/work/lux/threshold/internal/test/protocol_helpers.go:34 +0xe0
  testing.tRunner()
      /opt/homebrew/Cellar/go/1.24.6/libexec/src/testing/testing.go:1792 +0x180
  testing.(*T).Run.gowrap1()
      /opt/homebrew/Cellar/go/1.24.6/libexec/src/testing/testing.go:1851 +0x40
==================
==================
WARNING: DATA RACE
Read at 0x00c0012a3c28 by goroutine 1910:
  github.com/luxfi/threshold/protocols/frost/keygen.(*round2).Number()
      <autogenerated>:1 +0x38
  github.com/luxfi/threshold/pkg/protocol.(*Handler).tryAdvanceRound()
      /Users/z/work/lux/threshold/pkg/protocol/handler.go:582 +0x70
  github.com/luxfi/threshold/pkg/protocol.(*Handler).processMessage()
      /Users/z/work/lux/threshold/pkg/protocol/handler.go:486 +0xbb0
  github.com/luxfi/threshold/pkg/protocol.(*Handler).messageWorker()
      /Users/z/work/lux/threshold/pkg/protocol/handler.go:408 +0x338
  github.com/luxfi/threshold/pkg/protocol.(*Handler).startWorkers.gowrap2()
      /Users/z/work/lux/threshold/pkg/protocol/handler.go:361 +0x44

Previous write at 0x00c0012a3c2c by goroutine 1908:
  ??()
      -:0 +0x104ada650
  sync/atomic.CompareAndSwapInt32()
      <autogenerated>:1 +0x18
  internal/sync.(*HashTrieMap[go.shape.interface {},go.shape.interface {}]).initSlow()
      /opt/homebrew/Cellar/go/1.24.6/libexec/src/internal/sync/hashtriemap.go:38 +0x38
  internal/sync.(*HashTrieMap[go.shape.interface {},go.shape.interface {}]).init()
      /opt/homebrew/Cellar/go/1.24.6/libexec/src/internal/sync/hashtriemap.go:32 +0x44
  internal/sync.(*HashTrieMap[go.shape.interface {},go.shape.interface {}]).Swap()
      /opt/homebrew/Cellar/go/1.24.6/libexec/src/internal/sync/hashtriemap.go:206 +0x54
  internal/sync.(*HashTrieMap[go.shape.interface {},go.shape.interface {}]).Store()
      /opt/homebrew/Cellar/go/1.24.6/libexec/src/internal/sync/hashtriemap.go:200 +0x54
  sync.(*Map).Store()
      /opt/homebrew/Cellar/go/1.24.6/libexec/src/sync/hashtriemap.go:55 +0x54
  github.com/luxfi/threshold/protocols/frost/keygen.(*round2).StoreBroadcastMessage()
      /Users/z/work/lux/threshold/protocols/frost/keygen/round2.go:117 +0x56c
  github.com/luxfi/threshold/pkg/protocol.(*Handler).verifyBroadcast()
      /Users/z/work/lux/threshold/pkg/protocol/handler.go:1392 +0x648
  github.com/luxfi/threshold/pkg/protocol.(*Handler).processMessage()
      /Users/z/work/lux/threshold/pkg/protocol/handler.go:480 +0xb9c
  github.com/luxfi/threshold/pkg/protocol.(*Handler).messageWorker()
      /Users/z/work/lux/threshold/pkg/protocol/handler.go:408 +0x338
  github.com/luxfi/threshold/pkg/protocol.(*Handler).startWorkers.gowrap2()
      /Users/z/work/lux/threshold/pkg/protocol/handler.go:361 +0x44

Goroutine 1910 (running) created at:
  github.com/luxfi/threshold/pkg/protocol.(*Handler).startWorkers()
      /Users/z/work/lux/threshold/pkg/protocol/handler.go:361 +0x334
  github.com/luxfi/threshold/pkg/protocol.NewHandler()
      /Users/z/work/lux/threshold/pkg/protocol/handler.go:247 +0xf10
  github.com/luxfi/threshold/internal/test.(*Harness).CreateHandler()
      /Users/z/work/lux/threshold/internal/test/harness.go:91 +0x2e4
  github.com/luxfi/threshold/internal/test.RunProtocol()
      /Users/z/work/lux/threshold/internal/test/harness.go:270 +0x230
  github.com/luxfi/threshold/internal/test.RunMultipleProtocolTests.(*ProtocolTest).Run.func1()
      /Users/z/work/lux/threshold/internal/test/protocol_helpers.go:34 +0xe0
  testing.tRunner()
      /opt/homebrew/Cellar/go/1.24.6/libexec/src/testing/testing.go:1792 +0x180
  testing.(*T).Run.gowrap1()
      /opt/homebrew/Cellar/go/1.24.6/libexec/src/testing/testing.go:1851 +0x40

Goroutine 1908 (running) created at:
  github.com/luxfi/threshold/pkg/protocol.(*Handler).startWorkers()
      /Users/z/work/lux/threshold/pkg/protocol/handler.go:361 +0x334
  github.com/luxfi/threshold/pkg/protocol.NewHandler()
      /Users/z/work/lux/threshold/pkg/protocol/handler.go:247 +0xf10
  github.com/luxfi/threshold/internal/test.(*Harness).CreateHandler()
      /Users/z/work/lux/threshold/internal/test/harness.go:91 +0x2e4
  github.com/luxfi/threshold/internal/test.RunProtocol()
      /Users/z/work/lux/threshold/internal/test/harness.go:270 +0x230
  github.com/luxfi/threshold/internal/test.RunMultipleProtocolTests.(*ProtocolTest).Run.func1()
      /Users/z/work/lux/threshold/internal/test/protocol_helpers.go:34 +0xe0
  testing.tRunner()
      /opt/homebrew/Cellar/go/1.24.6/libexec/src/testing/testing.go:1792 +0x180
  testing.(*T).Run.gowrap1()
      /opt/homebrew/Cellar/go/1.24.6/libexec/src/testing/testing.go:1851 +0x40
==================
2025-08-15T22:12:57.991-0500	DEBUG	protocol/handler.go:581	tryAdvanceRound called	{"{current_round 20 2  <nil>}": {"Key":"self","Type":15,"Integer":0,"String":"b","Interface":null}}
2025-08-15T22:12:57.943-0500	DEBUG	protocol/handler.go:437	processing message	{"{from 15 0 a <nil>}": {"Key":"to","Type":15,"Integer":0,"String":"","Interface":null}, "{round 20 2  <nil>}": {"Key":"broadcast","Type":4,"Integer":1,"String":"","Interface":null}}
2025-08-15T22:12:57.994-0500	DEBUG	protocol/handler.go:1657	storing broadcast	{"{round 20 2  <nil>}": {"Key":"from","Type":15,"Integer":0,"String":"a","Interface":null}}
==================
WARNING: DATA RACE
Read at 0x00c000bd55d8 by goroutine 1991:
  github.com/luxfi/threshold/protocols/frost/keygen.(*round2).Number()
      <autogenerated>:1 +0x38
  github.com/luxfi/threshold/pkg/protocol.(*Handler).hasAllMessages()
      /Users/z/work/lux/threshold/pkg/protocol/handler.go:1570 +0x40
  github.com/luxfi/threshold/pkg/protocol.(*Handler).tryAdvanceRound()
      /Users/z/work/lux/threshold/pkg/protocol/handler.go:589 +0x29c
  github.com/luxfi/threshold/pkg/protocol.(*Handler).processMessage()
      /Users/z/work/lux/threshold/pkg/protocol/handler.go:474 +0xb70
  github.com/luxfi/threshold/pkg/protocol.(*Handler).messageWorker()
      /Users/z/work/lux/threshold/pkg/protocol/handler.go:408 +0x338
  github.com/luxfi/threshold/pkg/protocol.(*Handler).startWorkers.gowrap2()
      /Users/z/work/lux/threshold/pkg/protocol/handler.go:361 +0x44

Previous write at 0x00c000bd55dc by goroutine 1990:
  ??()
      -:0 +0x104ad5eb0
  sync/atomic.AddInt32()
      <autogenerated>:1 +0x14
  sync.(*Mutex).Unlock()
      /opt/homebrew/Cellar/go/1.24.6/libexec/src/sync/mutex.go:65 +0x2c
  github.com/luxfi/threshold/protocols/frost/keygen.(*round2).StoreBroadcastMessage()
      /Users/z/work/lux/threshold/protocols/frost/keygen/round2.go:62 +0x78
  github.com/luxfi/threshold/pkg/protocol.(*Handler).verifyBroadcast()
      /Users/z/work/lux/threshold/pkg/protocol/handler.go:1392 +0x648
  github.com/luxfi/threshold/pkg/protocol.(*Handler).processMessage()
      /Users/z/work/lux/threshold/pkg/protocol/handler.go:480 +0xb9c
  github.com/luxfi/threshold/pkg/protocol.(*Handler).messageWorker()
      /Users/z/work/lux/threshold/pkg/protocol/handler.go:408 +0x338
  github.com/luxfi/threshold/pkg/protocol.(*Handler).startWorkers.gowrap2()
      /Users/z/work/lux/threshold/pkg/protocol/handler.go:361 +0x44

Goroutine 1991 (running) created at:
  github.com/luxfi/threshold/pkg/protocol.(*Handler).startWorkers()
      /Users/z/work/lux/threshold/pkg/protocol/handler.go:361 +0x334
  github.com/luxfi/threshold/pkg/protocol.NewHandler()
      /Users/z/work/lux/threshold/pkg/protocol/handler.go:247 +0xf10
  github.com/luxfi/threshold/internal/test.(*Harness).CreateHandler()
      /Users/z/work/lux/threshold/internal/test/harness.go:91 +0x2e4
  github.com/luxfi/threshold/internal/test.RunProtocol()
      /Users/z/work/lux/threshold/internal/test/harness.go:270 +0x230
  github.com/luxfi/threshold/internal/test.RunMultipleProtocolTests.(*ProtocolTest).Run.func1()
      /Users/z/work/lux/threshold/internal/test/protocol_helpers.go:34 +0xe0
  testing.tRunner()
      /opt/homebrew/Cellar/go/1.24.6/libexec/src/testing/testing.go:1792 +0x180
  testing.(*T).Run.gowrap1()
      /opt/homebrew/Cellar/go/1.24.6/libexec/src/testing/testing.go:1851 +0x40

Goroutine 1990 (running) created at:
  github.com/luxfi/threshold/pkg/protocol.(*Handler).startWorkers()
      /Users/z/work/lux/threshold/pkg/protocol/handler.go:361 +0x334
  github.com/luxfi/threshold/pkg/protocol.NewHandler()
      /Users/z/work/lux/threshold/pkg/protocol/handler.go:247 +0xf10
  github.com/luxfi/threshold/internal/test.(*Harness).CreateHandler()
      /Users/z/work/lux/threshold/internal/test/harness.go:91 +0x2e4
  github.com/luxfi/threshold/internal/test.RunProtocol()
      /Users/z/work/lux/threshold/internal/test/harness.go:270 +0x230
  github.com/luxfi/threshold/internal/test.RunMultipleProtocolTests.(*ProtocolTest).Run.func1()
      /Users/z/work/lux/threshold/internal/test/protocol_helpers.go:34 +0xe0
  testing.tRunner()
      /opt/homebrew/Cellar/go/1.24.6/libexec/src/testing/testing.go:1792 +0x180
  testing.(*T).Run.gowrap1()
      /opt/homebrew/Cellar/go/1.24.6/libexec/src/testing/testing.go:1851 +0x40
==================
2025-08-15T22:12:57.995-0500	DEBUG	protocol/handler.go:1591	have processed broadcast	{"{round 20 2  <nil>}": {"Key":"from","Type":15,"Integer":0,"String":"b","Interface":null}}
2025-08-15T22:12:57.995-0500	DEBUG	protocol/handler.go:1591	have processed broadcast	{"{round 20 2  <nil>}": {"Key":"from","Type":15,"Integer":0,"String":"d","Interface":null}}
2025-08-15T22:12:57.995-0500	DEBUG	protocol/handler.go:1600	waiting for broadcasts	{"{round 20 2  <nil>}": {"Key":"missing","Type":15,"Integer":0,"String":"[a]","Interface":null}}
2025-08-15T22:12:57.956-0500	DEBUG	protocol/handler.go:1657	storing broadcast	{"{round 20 2  <nil>}": {"Key":"from","Type":15,"Integer":0,"String":"c","Interface":null}}
2025-08-15T22:12:57.997-0500	DEBUG	protocol/handler.go:1503	processing queued messages
2025-08-15T22:12:57.989-0500	DEBUG	protocol/handler.go:581	tryAdvanceRound called	{"{current_round 20 2  <nil>}": {"Key":"self","Type":15,"Integer":0,"String":"c","Interface":null}}
2025-08-15T22:12:58.006-0500	DEBUG	protocol/handler.go:437	processing message	{"{from 15 0 c <nil>}": {"Key":"to","Type":15,"Integer":0,"String":"","Interface":null}, "{round 20 2  <nil>}": {"Key":"broadcast","Type":4,"Integer":1,"String":"","Interface":null}}
2025-08-15T22:12:58.006-0500	DEBUG	protocol/handler.go:1657	storing broadcast	{"{round 20 2  <nil>}": {"Key":"from","Type":15,"Integer":0,"String":"c","Interface":null}}
2025-08-15T22:12:57.944-0500	DEBUG	protocol/handler.go:470	message for different round (buffering)	{"{msg_round 20 2  <nil>}": {"Key":"current_round","Type":20,"Integer":1,"String":"","Interface":null}}
==================
WARNING: DATA RACE
Read at 0x00c0008296a8 by goroutine 1937:
  github.com/luxfi/threshold/protocols/frost/keygen.(*round2).Number()
      <autogenerated>:1 +0x38
  github.com/luxfi/threshold/pkg/protocol.(*Handler).tryAdvanceRound()
      /Users/z/work/lux/threshold/pkg/protocol/handler.go:582 +0x70
  github.com/luxfi/threshold/pkg/protocol.(*Handler).processMessage()
      /Users/z/work/lux/threshold/pkg/protocol/handler.go:474 +0xb70
  github.com/luxfi/threshold/pkg/protocol.(*Handler).messageWorker()
      /Users/z/work/lux/threshold/pkg/protocol/handler.go:408 +0x338
  github.com/luxfi/threshold/pkg/protocol.(*Handler).startWorkers.gowrap2()
      /Users/z/work/lux/threshold/pkg/protocol/handler.go:361 +0x44

Previous write at 0x00c0008296ac by goroutine 2021:
  ??()
      -:0 +0x104ad5eb0
  sync/atomic.AddInt32()
      <autogenerated>:1 +0x14
  sync.(*Mutex).Unlock()
      /opt/homebrew/Cellar/go/1.24.6/libexec/src/sync/mutex.go:65 +0x2c
  github.com/luxfi/threshold/protocols/frost/keygen.(*round2).StoreBroadcastMessage()
      /Users/z/work/lux/threshold/protocols/frost/keygen/round2.go:62 +0x78
  github.com/luxfi/threshold/pkg/protocol.(*Handler).verifyBroadcastForRound()
      /Users/z/work/lux/threshold/pkg/protocol/handler.go:1277 +0x3a0
  github.com/luxfi/threshold/pkg/protocol.(*Handler).processQueuedMessages()
      /Users/z/work/lux/threshold/pkg/protocol/handler.go:1542 +0x404
  github.com/luxfi/threshold/pkg/protocol.(*Handler).tryAdvanceRound.gowrap2()
      /Users/z/work/lux/threshold/pkg/protocol/handler.go:673 +0x40

Goroutine 1937 (running) created at:
  github.com/luxfi/threshold/pkg/protocol.(*Handler).startWorkers()
      /Users/z/work/lux/threshold/pkg/protocol/handler.go:361 +0x334
  github.com/luxfi/threshold/pkg/protocol.NewHandler()
      /Users/z/work/lux/threshold/pkg/protocol/handler.go:247 +0xf10
  github.com/luxfi/threshold/internal/test.(*Harness).CreateHandler()
      /Users/z/work/lux/threshold/internal/test/harness.go:91 +0x2e4
  github.com/luxfi/threshold/internal/test.RunProtocol()
      /Users/z/work/lux/threshold/internal/test/harness.go:270 +0x230
  github.com/luxfi/threshold/internal/test.RunMultipleProtocolTests.(*ProtocolTest).Run.func1()
      /Users/z/work/lux/threshold/internal/test/protocol_helpers.go:34 +0xe0
  testing.tRunner()
      /opt/homebrew/Cellar/go/1.24.6/libexec/src/testing/testing.go:1792 +0x180
  testing.(*T).Run.gowrap1()
      /opt/homebrew/Cellar/go/1.24.6/libexec/src/testing/testing.go:1851 +0x40

Goroutine 2021 (running) created at:
  github.com/luxfi/threshold/pkg/protocol.(*Handler).tryAdvanceRound()
      /Users/z/work/lux/threshold/pkg/protocol/handler.go:673 +0x12e4
  github.com/luxfi/threshold/pkg/protocol.(*Handler).processMessage()
      /Users/z/work/lux/threshold/pkg/protocol/handler.go:474 +0xb70
  github.com/luxfi/threshold/pkg/protocol.(*Handler).messageWorker()
      /Users/z/work/lux/threshold/pkg/protocol/handler.go:408 +0x338
  github.com/luxfi/threshold/pkg/protocol.(*Handler).startWorkers.gowrap2()
      /Users/z/work/lux/threshold/pkg/protocol/handler.go:361 +0x44
==================
==================
WARNING: DATA RACE
Write at 0x00c0012a3c2c by goroutine 1908:
  ??()
      -:0 +0x104ada650
  sync/atomic.CompareAndSwapInt32()
      <autogenerated>:1 +0x18
  internal/sync.(*Mutex).Lock()
      /opt/homebrew/Cellar/go/1.24.6/libexec/src/internal/sync/mutex.go:70 +0x58
  internal/sync.(*HashTrieMap[go.shape.interface {},go.shape.interface {}]).initSlow()
      /opt/homebrew/Cellar/go/1.24.6/libexec/src/internal/sync/hashtriemap.go:38 +0x38
  internal/sync.(*HashTrieMap[go.shape.interface {},go.shape.interface {}]).init()
      /opt/homebrew/Cellar/go/1.24.6/libexec/src/internal/sync/hashtriemap.go:32 +0x44
  internal/sync.(*HashTrieMap[go.shape.interface {},go.shape.interface {}]).Swap()
      /opt/homebrew/Cellar/go/1.24.6/libexec/src/internal/sync/hashtriemap.go:206 +0x54
  internal/sync.(*HashTrieMap[go.shape.interface {},go.shape.interface {}]).Store()
      /opt/homebrew/Cellar/go/1.24.6/libexec/src/internal/sync/hashtriemap.go:200 +0x54
  sync.(*Map).Store()
      /opt/homebrew/Cellar/go/1.24.6/libexec/src/sync/hashtriemap.go:55 +0x54
  github.com/luxfi/threshold/protocols/frost/keygen.(*round2).StoreBroadcastMessage()
      /Users/z/work/lux/threshold/protocols/frost/keygen/round2.go:117 +0x56c
  github.com/luxfi/threshold/pkg/protocol.(*Handler).verifyBroadcast()
      /Users/z/work/lux/threshold/pkg/protocol/handler.go:1392 +0x648
  github.com/luxfi/threshold/pkg/protocol.(*Handler).processMessage()
      /Users/z/work/lux/threshold/pkg/protocol/handler.go:480 +0xb9c
  github.com/luxfi/threshold/pkg/protocol.(*Handler).messageWorker()
      /Users/z/work/lux/threshold/pkg/protocol/handler.go:408 +0x338
  github.com/luxfi/threshold/pkg/protocol.(*Handler).startWorkers.gowrap2()
      /Users/z/work/lux/threshold/pkg/protocol/handler.go:361 +0x44

Previous read at 0x00c0012a3c28 by goroutine 1910:
  github.com/luxfi/threshold/protocols/frost/keygen.(*round2).Number()
      <autogenerated>:1 +0x38
  github.com/luxfi/threshold/pkg/protocol.(*Handler).tryAdvanceRound()
      /Users/z/work/lux/threshold/pkg/protocol/handler.go:587 +0x280
  github.com/luxfi/threshold/pkg/protocol.(*Handler).processMessage()
      /Users/z/work/lux/threshold/pkg/protocol/handler.go:486 +0xbb0
  github.com/luxfi/threshold/pkg/protocol.(*Handler).messageWorker()
      /Users/z/work/lux/threshold/pkg/protocol/handler.go:408 +0x338
  github.com/luxfi/threshold/pkg/protocol.(*Handler).startWorkers.gowrap2()
      /Users/z/work/lux/threshold/pkg/protocol/handler.go:361 +0x44

Goroutine 1908 (running) created at:
  github.com/luxfi/threshold/pkg/protocol.(*Handler).startWorkers()
      /Users/z/work/lux/threshold/pkg/protocol/handler.go:361 +0x334
  github.com/luxfi/threshold/pkg/protocol.NewHandler()
      /Users/z/work/lux/threshold/pkg/protocol/handler.go:247 +0xf10
  github.com/luxfi/threshold/internal/test.(*Harness).CreateHandler()
      /Users/z/work/lux/threshold/internal/test/harness.go:91 +0x2e4
  github.com/luxfi/threshold/internal/test.RunProtocol()
      /Users/z/work/lux/threshold/internal/test/harness.go:270 +0x230
  github.com/luxfi/threshold/internal/test.RunMultipleProtocolTests.(*ProtocolTest).Run.func1()
      /Users/z/work/lux/threshold/internal/test/protocol_helpers.go:34 +0xe0
  testing.tRunner()
      /opt/homebrew/Cellar/go/1.24.6/libexec/src/testing/testing.go:1792 +0x180
  testing.(*T).Run.gowrap1()
      /opt/homebrew/Cellar/go/1.24.6/libexec/src/testing/testing.go:1851 +0x40

Goroutine 1910 (running) created at:
  github.com/luxfi/threshold/pkg/protocol.(*Handler).startWorkers()
      /Users/z/work/lux/threshold/pkg/protocol/handler.go:361 +0x334
  github.com/luxfi/threshold/pkg/protocol.NewHandler()
      /Users/z/work/lux/threshold/pkg/protocol/handler.go:247 +0xf10
  github.com/luxfi/threshold/internal/test.(*Harness).CreateHandler()
      /Users/z/work/lux/threshold/internal/test/harness.go:91 +0x2e4
  github.com/luxfi/threshold/internal/test.RunProtocol()
      /Users/z/work/lux/threshold/internal/test/harness.go:270 +0x230
  github.com/luxfi/threshold/internal/test.RunMultipleProtocolTests.(*ProtocolTest).Run.func1()
      /Users/z/work/lux/threshold/internal/test/protocol_helpers.go:34 +0xe0
  testing.tRunner()
      /opt/homebrew/Cellar/go/1.24.6/libexec/src/testing/testing.go:1792 +0x180
  testing.(*T).Run.gowrap1()
      /opt/homebrew/Cellar/go/1.24.6/libexec/src/testing/testing.go:1851 +0x40
==================
2025-08-15T22:12:58.007-0500	DEBUG	protocol/handler.go:581	tryAdvanceRound called	{"{current_round 20 2  <nil>}": {"Key":"self","Type":15,"Integer":0,"String":"c","Interface":null}}
==================
WARNING: DATA RACE
Write at 0x00c000bd55dc by goroutine 2019:
  ??()
      -:0 +0x104ada650
  sync/atomic.CompareAndSwapInt32()
      <autogenerated>:1 +0x18
  sync.(*Mutex).Lock()
      /opt/homebrew/Cellar/go/1.24.6/libexec/src/sync/mutex.go:46 +0x2c
  github.com/luxfi/threshold/protocols/frost/keygen.(*round2).StoreBroadcastMessage()
      /Users/z/work/lux/threshold/protocols/frost/keygen/round2.go:57 +0x58
  github.com/luxfi/threshold/pkg/protocol.(*Handler).verifyBroadcastForRound()
      /Users/z/work/lux/threshold/pkg/protocol/handler.go:1277 +0x3a0
  github.com/luxfi/threshold/pkg/protocol.(*Handler).processQueuedMessages()
      /Users/z/work/lux/threshold/pkg/protocol/handler.go:1542 +0x404
  github.com/luxfi/threshold/pkg/protocol.(*Handler).tryAdvanceRound.gowrap2()
      /Users/z/work/lux/threshold/pkg/protocol/handler.go:673 +0x40

Previous read at 0x00c000bd55d8 by goroutine 1990:
  github.com/luxfi/threshold/protocols/frost/keygen.(*round2).Number()
      <autogenerated>:1 +0x38
  github.com/luxfi/threshold/pkg/protocol.(*Handler).tryAdvanceRound()
      /Users/z/work/lux/threshold/pkg/protocol/handler.go:582 +0x70
  github.com/luxfi/threshold/pkg/protocol.(*Handler).processMessage()
      /Users/z/work/lux/threshold/pkg/protocol/handler.go:486 +0xbb0
  github.com/luxfi/threshold/pkg/protocol.(*Handler).messageWorker()
      /Users/z/work/lux/threshold/pkg/protocol/handler.go:408 +0x338
  github.com/luxfi/threshold/pkg/protocol.(*Handler).startWorkers.gowrap2()
      /Users/z/work/lux/threshold/pkg/protocol/handler.go:361 +0x44

Goroutine 2019 (running) created at:
  github.com/luxfi/threshold/pkg/protocol.(*Handler).tryAdvanceRound()
      /Users/z/work/lux/threshold/pkg/protocol/handler.go:673 +0x12e4
  github.com/luxfi/threshold/pkg/protocol.(*Handler).processMessage()
      /Users/z/work/lux/threshold/pkg/protocol/handler.go:474 +0xb70
  github.com/luxfi/threshold/pkg/protocol.(*Handler).messageWorker()
      /Users/z/work/lux/threshold/pkg/protocol/handler.go:408 +0x338
  github.com/luxfi/threshold/pkg/protocol.(*Handler).startWorkers.gowrap2()
      /Users/z/work/lux/threshold/pkg/protocol/handler.go:361 +0x44

Goroutine 1990 (running) created at:
  github.com/luxfi/threshold/pkg/protocol.(*Handler).startWorkers()
      /Users/z/work/lux/threshold/pkg/protocol/handler.go:361 +0x334
  github.com/luxfi/threshold/pkg/protocol.NewHandler()
      /Users/z/work/lux/threshold/pkg/protocol/handler.go:247 +0xf10
  github.com/luxfi/threshold/internal/test.(*Harness).CreateHandler()
      /Users/z/work/lux/threshold/internal/test/harness.go:91 +0x2e4
  github.com/luxfi/threshold/internal/test.RunProtocol()
      /Users/z/work/lux/threshold/internal/test/harness.go:270 +0x230
  github.com/luxfi/threshold/internal/test.RunMultipleProtocolTests.(*ProtocolTest).Run.func1()
      /Users/z/work/lux/threshold/internal/test/protocol_helpers.go:34 +0xe0
  testing.tRunner()
      /opt/homebrew/Cellar/go/1.24.6/libexec/src/testing/testing.go:1792 +0x180
  testing.(*T).Run.gowrap1()
      /opt/homebrew/Cellar/go/1.24.6/libexec/src/testing/testing.go:1851 +0x40
==================
==================
WARNING: DATA RACE
Write at 0x00c0012a3c2c by goroutine 1908:
  ??()
      -:0 +0x104ad5eb0
  sync/atomic.AddInt32()
      <autogenerated>:1 +0x14
  internal/sync.(*HashTrieMap[go.shape.interface {},go.shape.interface {}]).initSlow.deferwrap1()
      /opt/homebrew/Cellar/go/1.24.6/libexec/src/internal/sync/hashtriemap.go:39 +0x34
  runtime.deferreturn()
      /opt/homebrew/Cellar/go/1.24.6/libexec/src/runtime/panic.go:610 +0x5c
  internal/sync.(*HashTrieMap[go.shape.interface {},go.shape.interface {}]).init()
      /opt/homebrew/Cellar/go/1.24.6/libexec/src/internal/sync/hashtriemap.go:32 +0x44
  internal/sync.(*HashTrieMap[go.shape.interface {},go.shape.interface {}]).Swap()
      /opt/homebrew/Cellar/go/1.24.6/libexec/src/internal/sync/hashtriemap.go:206 +0x54
  internal/sync.(*HashTrieMap[go.shape.interface {},go.shape.interface {}]).Store()
      /opt/homebrew/Cellar/go/1.24.6/libexec/src/internal/sync/hashtriemap.go:200 +0x54
  sync.(*Map).Store()
      /opt/homebrew/Cellar/go/1.24.6/libexec/src/sync/hashtriemap.go:55 +0x54
  github.com/luxfi/threshold/protocols/frost/keygen.(*round2).StoreBroadcastMessage()
      /Users/z/work/lux/threshold/protocols/frost/keygen/round2.go:117 +0x56c
  github.com/luxfi/threshold/pkg/protocol.(*Handler).verifyBroadcast()
      /Users/z/work/lux/threshold/pkg/protocol/handler.go:1392 +0x648
  github.com/luxfi/threshold/pkg/protocol.(*Handler).processMessage()
      /Users/z/work/lux/threshold/pkg/protocol/handler.go:480 +0xb9c
  github.com/luxfi/threshold/pkg/protocol.(*Handler).messageWorker()
      /Users/z/work/lux/threshold/pkg/protocol/handler.go:408 +0x338
  github.com/luxfi/threshold/pkg/protocol.(*Handler).startWorkers.gowrap2()
      /Users/z/work/lux/threshold/pkg/protocol/handler.go:361 +0x44

Previous read at 0x00c0012a3c28 by goroutine 1911:
  github.com/luxfi/threshold/protocols/frost/keygen.(*round2).Number()
      <autogenerated>:1 +0x38
  github.com/luxfi/threshold/pkg/protocol.(*Handler).tryAdvanceRound()
      /Users/z/work/lux/threshold/pkg/protocol/handler.go:582 +0x70
  github.com/luxfi/threshold/pkg/protocol.(*Handler).processMessage()
      /Users/z/work/lux/threshold/pkg/protocol/handler.go:486 +0xbb0
  github.com/luxfi/threshold/pkg/protocol.(*Handler).messageWorker()
      /Users/z/work/lux/threshold/pkg/protocol/handler.go:408 +0x338
  github.com/luxfi/threshold/pkg/protocol.(*Handler).startWorkers.gowrap2()
      /Users/z/work/lux/threshold/pkg/protocol/handler.go:361 +0x44

Goroutine 1908 (running) created at:
  github.com/luxfi/threshold/pkg/protocol.(*Handler).startWorkers()
      /Users/z/work/lux/threshold/pkg/protocol/handler.go:361 +0x334
  github.com/luxfi/threshold/pkg/protocol.NewHandler()
      /Users/z/work/lux/threshold/pkg/protocol/handler.go:247 +0xf10
  github.com/luxfi/threshold/internal/test.(*Harness).CreateHandler()
      /Users/z/work/lux/threshold/internal/test/harness.go:91 +0x2e4
  github.com/luxfi/threshold/internal/test.RunProtocol()
      /Users/z/work/lux/threshold/internal/test/harness.go:270 +0x230
  github.com/luxfi/threshold/internal/test.RunMultipleProtocolTests.(*ProtocolTest).Run.func1()
      /Users/z/work/lux/threshold/internal/test/protocol_helpers.go:34 +0xe0
  testing.tRunner()
      /opt/homebrew/Cellar/go/1.24.6/libexec/src/testing/testing.go:1792 +0x180
  testing.(*T).Run.gowrap1()
      /opt/homebrew/Cellar/go/1.24.6/libexec/src/testing/testing.go:1851 +0x40

Goroutine 1911 (running) created at:
  github.com/luxfi/threshold/pkg/protocol.(*Handler).startWorkers()
      /Users/z/work/lux/threshold/pkg/protocol/handler.go:361 +0x334
  github.com/luxfi/threshold/pkg/protocol.NewHandler()
      /Users/z/work/lux/threshold/pkg/protocol/handler.go:247 +0xf10
  github.com/luxfi/threshold/internal/test.(*Harness).CreateHandler()
      /Users/z/work/lux/threshold/internal/test/harness.go:91 +0x2e4
  github.com/luxfi/threshold/internal/test.RunProtocol()
      /Users/z/work/lux/threshold/internal/test/harness.go:270 +0x230
  github.com/luxfi/threshold/internal/test.RunMultipleProtocolTests.(*ProtocolTest).Run.func1()
      /Users/z/work/lux/threshold/internal/test/protocol_helpers.go:34 +0xe0
  testing.tRunner()
      /opt/homebrew/Cellar/go/1.24.6/libexec/src/testing/testing.go:1792 +0x180
  testing.(*T).Run.gowrap1()
      /opt/homebrew/Cellar/go/1.24.6/libexec/src/testing/testing.go:1851 +0x40
==================
==================
WARNING: DATA RACE
Write at 0x00c00082967c by goroutine 2021:
  ??()
      -:0 +0x104ada650
  sync/atomic.CompareAndSwapInt32()
      <autogenerated>:1 +0x18
  internal/sync.(*HashTrieMap[go.shape.interface {},go.shape.interface {}]).initSlow()
      /opt/homebrew/Cellar/go/1.24.6/libexec/src/internal/sync/hashtriemap.go:38 +0x38
  internal/sync.(*HashTrieMap[go.shape.interface {},go.shape.interface {}]).init()
      /opt/homebrew/Cellar/go/1.24.6/libexec/src/internal/sync/hashtriemap.go:32 +0x44
  internal/sync.(*HashTrieMap[go.shape.interface {},go.shape.interface {}]).Swap()
      /opt/homebrew/Cellar/go/1.24.6/libexec/src/internal/sync/hashtriemap.go:206 +0x54
  internal/sync.(*HashTrieMap[go.shape.interface {},go.shape.interface {}]).Store()
      /opt/homebrew/Cellar/go/1.24.6/libexec/src/internal/sync/hashtriemap.go:200 +0x54
  sync.(*Map).Store()
      /opt/homebrew/Cellar/go/1.24.6/libexec/src/sync/hashtriemap.go:55 +0x54
  github.com/luxfi/threshold/protocols/frost/keygen.(*round2).StoreBroadcastMessage()
      /Users/z/work/lux/threshold/protocols/frost/keygen/round2.go:117 +0x56c
  github.com/luxfi/threshold/pkg/protocol.(*Handler).verifyBroadcastForRound()
      /Users/z/work/lux/threshold/pkg/protocol/handler.go:1277 +0x3a0
  github.com/luxfi/threshold/pkg/protocol.(*Handler).processQueuedMessages()
      /Users/z/work/lux/threshold/pkg/protocol/handler.go:1542 +0x404
  github.com/luxfi/threshold/pkg/protocol.(*Handler).tryAdvanceRound.gowrap2()
      /Users/z/work/lux/threshold/pkg/protocol/handler.go:673 +0x40

Previous read at 0x00c000829678 by goroutine 1937:
  github.com/luxfi/threshold/protocols/frost/keygen.(*round2).Number()
      <autogenerated>:1 +0x38
  github.com/luxfi/threshold/pkg/protocol.(*Handler).tryAdvanceRound()
      /Users/z/work/lux/threshold/pkg/protocol/handler.go:587 +0x280
  github.com/luxfi/threshold/pkg/protocol.(*Handler).processMessage()
      /Users/z/work/lux/threshold/pkg/protocol/handler.go:474 +0xb70
  github.com/luxfi/threshold/pkg/protocol.(*Handler).messageWorker()
      /Users/z/work/lux/threshold/pkg/protocol/handler.go:408 +0x338
  github.com/luxfi/threshold/pkg/protocol.(*Handler).startWorkers.gowrap2()
      /Users/z/work/lux/threshold/pkg/protocol/handler.go:361 +0x44

Goroutine 2021 (running) created at:
  github.com/luxfi/threshold/pkg/protocol.(*Handler).tryAdvanceRound()
      /Users/z/work/lux/threshold/pkg/protocol/handler.go:673 +0x12e4
  github.com/luxfi/threshold/pkg/protocol.(*Handler).processMessage()
      /Users/z/work/lux/threshold/pkg/protocol/handler.go:474 +0xb70
  github.com/luxfi/threshold/pkg/protocol.(*Handler).messageWorker()
      /Users/z/work/lux/threshold/pkg/protocol/handler.go:408 +0x338
  github.com/luxfi/threshold/pkg/protocol.(*Handler).startWorkers.gowrap2()
      /Users/z/work/lux/threshold/pkg/protocol/handler.go:361 +0x44

Goroutine 1937 (running) created at:
  github.com/luxfi/threshold/pkg/protocol.(*Handler).startWorkers()
      /Users/z/work/lux/threshold/pkg/protocol/handler.go:361 +0x334
  github.com/luxfi/threshold/pkg/protocol.NewHandler()
      /Users/z/work/lux/threshold/pkg/protocol/handler.go:247 +0xf10
  github.com/luxfi/threshold/internal/test.(*Harness).CreateHandler()
      /Users/z/work/lux/threshold/internal/test/harness.go:91 +0x2e4
  github.com/luxfi/threshold/internal/test.RunProtocol()
      /Users/z/work/lux/threshold/internal/test/harness.go:270 +0x230
  github.com/luxfi/threshold/internal/test.RunMultipleProtocolTests.(*ProtocolTest).Run.func1()
      /Users/z/work/lux/threshold/internal/test/protocol_helpers.go:34 +0xe0
  testing.tRunner()
      /opt/homebrew/Cellar/go/1.24.6/libexec/src/testing/testing.go:1792 +0x180
  testing.(*T).Run.gowrap1()
      /opt/homebrew/Cellar/go/1.24.6/libexec/src/testing/testing.go:1851 +0x40
==================
==================
WARNING: DATA RACE
Write at 0x00c000829688 by goroutine 2021:
  ??()
      -:0 +0x104ad56f0
  sync/atomic.StorePointer()
      /opt/homebrew/Cellar/go/1.24.6/libexec/src/runtime/atomic_pointer.go:92 +0x38
  internal/sync.(*HashTrieMap[go.shape.interface {},go.shape.interface {}]).initSlow()
      /opt/homebrew/Cellar/go/1.24.6/libexec/src/internal/sync/hashtriemap.go:50 +0xb8
  internal/sync.(*HashTrieMap[go.shape.interface {},go.shape.interface {}]).init()
      /opt/homebrew/Cellar/go/1.24.6/libexec/src/internal/sync/hashtriemap.go:32 +0x44
  internal/sync.(*HashTrieMap[go.shape.interface {},go.shape.interface {}]).Swap()
      /opt/homebrew/Cellar/go/1.24.6/libexec/src/internal/sync/hashtriemap.go:206 +0x54
  internal/sync.(*HashTrieMap[go.shape.interface {},go.shape.interface {}]).Store()
      /opt/homebrew/Cellar/go/1.24.6/libexec/src/internal/sync/hashtriemap.go:200 +0x54
  sync.(*Map).Store()
      /opt/homebrew/Cellar/go/1.24.6/libexec/src/sync/hashtriemap.go:55 +0x54
  github.com/luxfi/threshold/protocols/frost/keygen.(*round2).StoreBroadcastMessage()
      /Users/z/work/lux/threshold/protocols/frost/keygen/round2.go:117 +0x56c
  github.com/luxfi/threshold/pkg/protocol.(*Handler).verifyBroadcastForRound()
      /Users/z/work/lux/threshold/pkg/protocol/handler.go:1277 +0x3a0
  github.com/luxfi/threshold/pkg/protocol.(*Handler).processQueuedMessages()
      /Users/z/work/lux/threshold/pkg/protocol/handler.go:1542 +0x404
  github.com/luxfi/threshold/pkg/protocol.(*Handler).tryAdvanceRound.gowrap2()
      /Users/z/work/lux/threshold/pkg/protocol/handler.go:673 +0x40

Previous read at 0x00c000829688 by goroutine 1937:
  github.com/luxfi/threshold/protocols/frost/keygen.(*round2).Number()
      <autogenerated>:1 +0x38
  github.com/luxfi/threshold/pkg/protocol.(*Handler).tryAdvanceRound()
      /Users/z/work/lux/threshold/pkg/protocol/handler.go:587 +0x280
  github.com/luxfi/threshold/pkg/protocol.(*Handler).processMessage()
      /Users/z/work/lux/threshold/pkg/protocol/handler.go:474 +0xb70
  github.com/luxfi/threshold/pkg/protocol.(*Handler).messageWorker()
      /Users/z/work/lux/threshold/pkg/protocol/handler.go:408 +0x338
  github.com/luxfi/threshold/pkg/protocol.(*Handler).startWorkers.gowrap2()
      /Users/z/work/lux/threshold/pkg/protocol/handler.go:361 +0x44

Goroutine 2021 (running) created at:
  github.com/luxfi/threshold/pkg/protocol.(*Handler).tryAdvanceRound()
      /Users/z/work/lux/threshold/pkg/protocol/handler.go:673 +0x12e4
  github.com/luxfi/threshold/pkg/protocol.(*Handler).processMessage()
      /Users/z/work/lux/threshold/pkg/protocol/handler.go:474 +0xb70
  github.com/luxfi/threshold/pkg/protocol.(*Handler).messageWorker()
      /Users/z/work/lux/threshold/pkg/protocol/handler.go:408 +0x338
  github.com/luxfi/threshold/pkg/protocol.(*Handler).startWorkers.gowrap2()
      /Users/z/work/lux/threshold/pkg/protocol/handler.go:361 +0x44

Goroutine 1937 (running) created at:
  github.com/luxfi/threshold/pkg/protocol.(*Handler).startWorkers()
      /Users/z/work/lux/threshold/pkg/protocol/handler.go:361 +0x334
  github.com/luxfi/threshold/pkg/protocol.NewHandler()
      /Users/z/work/lux/threshold/pkg/protocol/handler.go:247 +0xf10
  github.com/luxfi/threshold/internal/test.(*Harness).CreateHandler()
      /Users/z/work/lux/threshold/internal/test/harness.go:91 +0x2e4
  github.com/luxfi/threshold/internal/test.RunProtocol()
      /Users/z/work/lux/threshold/internal/test/harness.go:270 +0x230
  github.com/luxfi/threshold/internal/test.RunMultipleProtocolTests.(*ProtocolTest).Run.func1()
      /Users/z/work/lux/threshold/internal/test/protocol_helpers.go:34 +0xe0
  testing.tRunner()
      /opt/homebrew/Cellar/go/1.24.6/libexec/src/testing/testing.go:1792 +0x180
  testing.(*T).Run.gowrap1()
      /opt/homebrew/Cellar/go/1.24.6/libexec/src/testing/testing.go:1851 +0x40
==================
2025-08-15T22:12:58.045-0500	DEBUG	protocol/handler.go:581	tryAdvanceRound called	{"{current_round 20 2  <nil>}": {"Key":"self","Type":15,"Integer":0,"String":"d","Interface":null}}
2025-08-15T22:12:58.046-0500	DEBUG	protocol/handler.go:1591	have processed broadcast	{"{round 20 2  <nil>}": {"Key":"from","Type":15,"Integer":0,"String":"a","Interface":null}}
2025-08-15T22:12:58.046-0500	DEBUG	protocol/handler.go:1591	have processed broadcast	{"{round 20 2  <nil>}": {"Key":"from","Type":15,"Integer":0,"String":"c","Interface":null}}
2025-08-15T22:12:58.046-0500	DEBUG	protocol/handler.go:1591	have processed broadcast	{"{round 20 2  <nil>}": {"Key":"from","Type":15,"Integer":0,"String":"d","Interface":null}}
2025-08-15T22:12:58.046-0500	DEBUG	protocol/handler.go:1591	have processed broadcast	{"{round 20 2  <nil>}": {"Key":"from","Type":15,"Integer":0,"String":"e","Interface":null}}
2025-08-15T22:12:58.047-0500	DEBUG	protocol/handler.go:1649	have all messages and processed	{"{round 20 2  <nil>}": {"Key":"self","Type":15,"Integer":0,"String":"b","Interface":null}}
2025-08-15T22:12:58.047-0500	DEBUG	protocol/handler.go:619	finalizing round
2025-08-15T22:12:58.047-0500	DEBUG	protocol/handler.go:1039	sendRoundMessage	{"{from 15 0 b <nil>}": {"Key":"to","Type":15,"Integer":0,"String":"","Interface":null}, "{round 20 3  <nil>}": {"Key":"broadcast","Type":4,"Integer":1,"String":"","Interface":null}}
2025-08-15T22:12:58.047-0500	DEBUG	protocol/handler.go:1657	storing broadcast	{"{round 20 3  <nil>}": {"Key":"from","Type":15,"Integer":0,"String":"b","Interface":null}}
2025-08-15T22:12:58.047-0500	DEBUG	protocol/handler.go:1081	sent message to output channel	{"{from 15 0 b <nil>}": {"Key":"to","Type":15,"Integer":0,"String":"","Interface":null}, "{round 20 3  <nil>}": {"Key":"broadcast","Type":4,"Integer":1,"String":"","Interface":null}}
2025-08-15T22:12:58.047-0500	DEBUG	protocol/handler.go:1039	sendRoundMessage	{"{from 15 0 b <nil>}": {"Key":"to","Type":15,"Integer":0,"String":"a","Interface":null}, "{round 20 3  <nil>}": {"Key":"broadcast","Type":4,"Integer":0,"String":"","Interface":null}}
2025-08-15T22:12:58.047-0500	DEBUG	protocol/handler.go:1081	sent message to output channel	{"{from 15 0 b <nil>}": {"Key":"to","Type":15,"Integer":0,"String":"a","Interface":null}, "{round 20 3  <nil>}": {"Key":"broadcast","Type":4,"Integer":0,"String":"","Interface":null}}
2025-08-15T22:12:58.047-0500	DEBUG	protocol/handler.go:1039	sendRoundMessage	{"{from 15 0 b <nil>}": {"Key":"to","Type":15,"Integer":0,"String":"c","Interface":null}, "{round 20 3  <nil>}": {"Key":"broadcast","Type":4,"Integer":0,"String":"","Interface":null}}
2025-08-15T22:12:58.047-0500	DEBUG	protocol/handler.go:1081	sent message to output channel	{"{from 15 0 b <nil>}": {"Key":"to","Type":15,"Integer":0,"String":"c","Interface":null}, "{round 20 3  <nil>}": {"Key":"broadcast","Type":4,"Integer":0,"String":"","Interface":null}}
2025-08-15T22:12:58.047-0500	DEBUG	protocol/handler.go:1039	sendRoundMessage	{"{from 15 0 b <nil>}": {"Key":"to","Type":15,"Integer":0,"String":"d","Interface":null}, "{round 20 3  <nil>}": {"Key":"broadcast","Type":4,"Integer":0,"String":"","Interface":null}}
2025-08-15T22:12:58.047-0500	DEBUG	protocol/handler.go:1081	sent message to output channel	{"{from 15 0 b <nil>}": {"Key":"to","Type":15,"Integer":0,"String":"d","Interface":null}, "{round 20 3  <nil>}": {"Key":"broadcast","Type":4,"Integer":0,"String":"","Interface":null}}
2025-08-15T22:12:58.047-0500	DEBUG	protocol/handler.go:1039	sendRoundMessage	{"{from 15 0 b <nil>}": {"Key":"to","Type":15,"Integer":0,"String":"e","Interface":null}, "{round 20 3  <nil>}": {"Key":"broadcast","Type":4,"Integer":0,"String":"","Interface":null}}
2025-08-15T22:12:58.048-0500	DEBUG	protocol/handler.go:1081	sent message to output channel	{"{from 15 0 b <nil>}": {"Key":"to","Type":15,"Integer":0,"String":"e","Interface":null}, "{round 20 3  <nil>}": {"Key":"broadcast","Type":4,"Integer":0,"String":"","Interface":null}}
2025-08-15T22:12:58.048-0500	DEBUG	protocol/handler.go:1182	finalized round messages	{"{round 20 2  <nil>}": {"Key":"messages","Type":11,"Integer":5,"String":"","Interface":null}}
2025-08-15T22:12:58.022-0500	DEBUG	protocol/handler.go:581	tryAdvanceRound called	{"{current_round 20 2  <nil>}": {"Key":"self","Type":15,"Integer":0,"String":"b","Interface":null}}
2025-08-15T22:12:58.048-0500	DEBUG	protocol/handler.go:1239	finalize returned next round	{"{current 20 2  <nil>}": {"Key":"next","Type":20,"Integer":3,"String":"","Interface":null}}
2025-08-15T22:12:58.048-0500	INFO	protocol/handler.go:642	storing new currentRound	{"{from 20 2  <nil>}": {"Key":"to","Type":20,"Integer":3,"String":"","Interface":null}}
2025-08-15T22:12:58.048-0500	DEBUG	protocol/handler.go:1503	processing queued messages
2025-08-15T22:12:58.048-0500	DEBUG	protocol/handler.go:1591	have processed broadcast	{"{round 20 2  <nil>}": {"Key":"from","Type":15,"Integer":0,"String":"a","Interface":null}}
2025-08-15T22:12:58.048-0500	DEBUG	protocol/handler.go:1503	processing queued messages
2025-08-15T22:12:58.048-0500	DEBUG	protocol/handler.go:1591	have processed broadcast	{"{round 20 2  <nil>}": {"Key":"from","Type":15,"Integer":0,"String":"c","Interface":null}}
2025-08-15T22:12:58.048-0500	DEBUG	protocol/handler.go:1591	have processed broadcast	{"{round 20 2  <nil>}": {"Key":"from","Type":15,"Integer":0,"String":"d","Interface":null}}
2025-08-15T22:12:58.048-0500	DEBUG	protocol/handler.go:1591	have processed broadcast	{"{round 20 2  <nil>}": {"Key":"from","Type":15,"Integer":0,"String":"e","Interface":null}}
2025-08-15T22:12:58.048-0500	DEBUG	protocol/handler.go:1649	have all messages and processed	{"{round 20 2  <nil>}": {"Key":"self","Type":15,"Integer":0,"String":"b","Interface":null}}
2025-08-15T22:12:58.048-0500	DEBUG	protocol/handler.go:596	round already finalized
2025-08-15T22:12:58.048-0500	DEBUG	protocol/handler.go:600	current round already advanced	{"{checking 20 2  <nil>}": {"Key":"current","Type":20,"Integer":3,"String":"","Interface":null}}
2025-08-15T22:12:57.935-0500	DEBUG	protocol/handler.go:954	round already being initialized/finalized, skipping
2025-08-15T22:12:57.944-0500	DEBUG	protocol/handler.go:581	tryAdvanceRound called	{"{current_round 20 2  <nil>}": {"Key":"self","Type":15,"Integer":0,"String":"b","Interface":null}}
2025-08-15T22:12:58.048-0500	DEBUG	protocol/handler.go:1591	have processed broadcast	{"{round 20 2  <nil>}": {"Key":"from","Type":15,"Integer":0,"String":"a","Interface":null}}
2025-08-15T22:12:58.048-0500	DEBUG	protocol/handler.go:1591	have processed broadcast	{"{round 20 2  <nil>}": {"Key":"from","Type":15,"Integer":0,"String":"c","Interface":null}}
2025-08-15T22:12:58.048-0500	DEBUG	protocol/handler.go:1591	have processed broadcast	{"{round 20 2  <nil>}": {"Key":"from","Type":15,"Integer":0,"String":"d","Interface":null}}
2025-08-15T22:12:58.048-0500	DEBUG	protocol/handler.go:1591	have processed broadcast	{"{round 20 2  <nil>}": {"Key":"from","Type":15,"Integer":0,"String":"e","Interface":null}}
2025-08-15T22:12:58.048-0500	DEBUG	protocol/handler.go:1649	have all messages and processed	{"{round 20 2  <nil>}": {"Key":"self","Type":15,"Integer":0,"String":"b","Interface":null}}
2025-08-15T22:12:58.048-0500	DEBUG	protocol/handler.go:596	round already finalized
2025-08-15T22:12:58.048-0500	DEBUG	protocol/handler.go:600	current round already advanced	{"{checking 20 2  <nil>}": {"Key":"current","Type":20,"Integer":3,"String":"","Interface":null}}
2025-08-15T22:12:58.048-0500	INFO	protocol/handler.go:560	advanced to round
2025-08-15T22:12:58.048-0500	DEBUG	protocol/handler.go:581	tryAdvanceRound called	{"{current_round 20 3  <nil>}": {"Key":"self","Type":15,"Integer":0,"String":"b","Interface":null}}
2025-08-15T22:12:58.049-0500	DEBUG	protocol/handler.go:1600	waiting for broadcasts	{"{round 20 3  <nil>}": {"Key":"missing","Type":15,"Integer":0,"String":"[a c d e]","Interface":null}}
2025-08-15T22:12:57.944-0500	INFO	protocol/handler.go:560	advanced to round
2025-08-15T22:12:58.049-0500	DEBUG	protocol/handler.go:581	tryAdvanceRound called	{"{current_round 20 2  <nil>}": {"Key":"self","Type":15,"Integer":0,"String":"d","Interface":null}}
2025-08-15T22:12:58.049-0500	DEBUG	protocol/handler.go:432	processMessage: p2p round 3 START	{"{from 15 0 b <nil>}": {"Key":"to","Type":15,"Integer":0,"String":"d","Interface":null}}
2025-08-15T22:12:58.049-0500	DEBUG	protocol/handler.go:437	processing message	{"{from 15 0 b <nil>}": {"Key":"to","Type":15,"Integer":0,"String":"d","Interface":null}, "{round 20 3  <nil>}": {"Key":"broadcast","Type":4,"Integer":0,"String":"","Interface":null}}
2025-08-15T22:12:58.049-0500	DEBUG	protocol/handler.go:1662	storing message	{"{round 20 3  <nil>}": {"Key":"from","Type":15,"Integer":0,"String":"b","Interface":null}}
2025-08-15T22:12:57.944-0500	INFO	protocol/handler.go:560	advanced to round
2025-08-15T22:12:58.049-0500	DEBUG	protocol/handler.go:470	message for different round (buffering)	{"{msg_round 20 3  <nil>}": {"Key":"current_round","Type":20,"Integer":2,"String":"","Interface":null}}
2025-08-15T22:12:58.049-0500	DEBUG	protocol/handler.go:581	tryAdvanceRound called	{"{current_round 20 2  <nil>}": {"Key":"self","Type":15,"Integer":0,"String":"d","Interface":null}}
==================
WARNING: DATA RACE
Read at 0x00c000bd55d8 by goroutine 1993:
  github.com/luxfi/threshold/protocols/frost/keygen.(*round2).Number()
      <autogenerated>:1 +0x38
  github.com/luxfi/threshold/pkg/protocol.(*Handler).roundProcessor()
      /Users/z/work/lux/threshold/pkg/protocol/handler.go:561 +0x414
  github.com/luxfi/threshold/pkg/protocol.(*Handler).startWorkers.func1()
      /Users/z/work/lux/threshold/pkg/protocol/handler.go:374 +0x78

Previous write at 0x00c000bd55dc by goroutine 2019:
  ??()
      -:0 +0x104ad5eb0
  sync/atomic.AddInt32()
      <autogenerated>:1 +0x14
  sync.(*Mutex).Unlock()
      /opt/homebrew/Cellar/go/1.24.6/libexec/src/sync/mutex.go:65 +0x2c
  github.com/luxfi/threshold/protocols/frost/keygen.(*round2).StoreBroadcastMessage()
      /Users/z/work/lux/threshold/protocols/frost/keygen/round2.go:62 +0x78
  github.com/luxfi/threshold/pkg/protocol.(*Handler).verifyBroadcastForRound()
      /Users/z/work/lux/threshold/pkg/protocol/handler.go:1277 +0x3a0
  github.com/luxfi/threshold/pkg/protocol.(*Handler).processQueuedMessages()
      /Users/z/work/lux/threshold/pkg/protocol/handler.go:1542 +0x404
  github.com/luxfi/threshold/pkg/protocol.(*Handler).tryAdvanceRound.gowrap2()
      /Users/z/work/lux/threshold/pkg/protocol/handler.go:673 +0x40

Goroutine 1993 (running) created at:
  github.com/luxfi/threshold/pkg/protocol.(*Handler).startWorkers()
      /Users/z/work/lux/threshold/pkg/protocol/handler.go:372 +0x4fc
  github.com/luxfi/threshold/pkg/protocol.NewHandler()
      /Users/z/work/lux/threshold/pkg/protocol/handler.go:247 +0xf10
  github.com/luxfi/threshold/internal/test.(*Harness).CreateHandler()
      /Users/z/work/lux/threshold/internal/test/harness.go:91 +0x2e4
  github.com/luxfi/threshold/internal/test.RunProtocol()
      /Users/z/work/lux/threshold/internal/test/harness.go:270 +0x230
  github.com/luxfi/threshold/internal/test.RunMultipleProtocolTests.(*ProtocolTest).Run.func1()
      /Users/z/work/lux/threshold/internal/test/protocol_helpers.go:34 +0xe0
  testing.tRunner()
      /opt/homebrew/Cellar/go/1.24.6/libexec/src/testing/testing.go:1792 +0x180
  testing.(*T).Run.gowrap1()
      /opt/homebrew/Cellar/go/1.24.6/libexec/src/testing/testing.go:1851 +0x40

Goroutine 2019 (running) created at:
  github.com/luxfi/threshold/pkg/protocol.(*Handler).tryAdvanceRound()
      /Users/z/work/lux/threshold/pkg/protocol/handler.go:673 +0x12e4
  github.com/luxfi/threshold/pkg/protocol.(*Handler).processMessage()
      /Users/z/work/lux/threshold/pkg/protocol/handler.go:474 +0xb70
  github.com/luxfi/threshold/pkg/protocol.(*Handler).messageWorker()
      /Users/z/work/lux/threshold/pkg/protocol/handler.go:408 +0x338
  github.com/luxfi/threshold/pkg/protocol.(*Handler).startWorkers.gowrap2()
      /Users/z/work/lux/threshold/pkg/protocol/handler.go:361 +0x44
==================
2025-08-15T22:12:57.987-0500	DEBUG	protocol/handler.go:1657	storing broadcast	{"{round 20 2  <nil>}": {"Key":"from","Type":15,"Integer":0,"String":"a","Interface":null}}
2025-08-15T22:12:58.049-0500	DEBUG	protocol/handler.go:437	processing message	{"{from 15 0 b <nil>}": {"Key":"to","Type":15,"Integer":0,"String":"","Interface":null}, "{round 20 3  <nil>}": {"Key":"broadcast","Type":4,"Integer":1,"String":"","Interface":null}}
2025-08-15T22:12:58.049-0500	DEBUG	protocol/handler.go:1657	storing broadcast	{"{round 20 3  <nil>}": {"Key":"from","Type":15,"Integer":0,"String":"b","Interface":null}}
2025-08-15T22:12:58.049-0500	DEBUG	protocol/handler.go:470	message for different round (buffering)	{"{msg_round 20 3  <nil>}": {"Key":"current_round","Type":20,"Integer":2,"String":"","Interface":null}}
2025-08-15T22:12:58.049-0500	DEBUG	protocol/handler.go:581	tryAdvanceRound called	{"{current_round 20 2  <nil>}": {"Key":"self","Type":15,"Integer":0,"String":"e","Interface":null}}
2025-08-15T22:12:58.049-0500	DEBUG	protocol/handler.go:432	processMessage: p2p round 3 START	{"{from 15 0 b <nil>}": {"Key":"to","Type":15,"Integer":0,"String":"e","Interface":null}}
2025-08-15T22:12:58.049-0500	DEBUG	protocol/handler.go:437	processing message	{"{from 15 0 b <nil>}": {"Key":"to","Type":15,"Integer":0,"String":"e","Interface":null}, "{round 20 3  <nil>}": {"Key":"broadcast","Type":4,"Integer":0,"String":"","Interface":null}}
2025-08-15T22:12:58.049-0500	DEBUG	protocol/handler.go:1662	storing message	{"{round 20 3  <nil>}": {"Key":"from","Type":15,"Integer":0,"String":"b","Interface":null}}
2025-08-15T22:12:58.050-0500	DEBUG	protocol/handler.go:470	message for different round (buffering)	{"{msg_round 20 3  <nil>}": {"Key":"current_round","Type":20,"Integer":2,"String":"","Interface":null}}
2025-08-15T22:12:58.050-0500	DEBUG	protocol/handler.go:581	tryAdvanceRound called	{"{current_round 20 2  <nil>}": {"Key":"self","Type":15,"Integer":0,"String":"e","Interface":null}}
2025-08-15T22:12:58.024-0500	DEBUG	protocol/handler.go:581	tryAdvanceRound called	{"{current_round 20 2  <nil>}": {"Key":"self","Type":15,"Integer":0,"String":"b","Interface":null}}
2025-08-15T22:12:58.050-0500	DEBUG	protocol/handler.go:1591	have processed broadcast	{"{round 20 2  <nil>}": {"Key":"from","Type":15,"Integer":0,"String":"a","Interface":null}}
2025-08-15T22:12:58.050-0500	DEBUG	protocol/handler.go:1591	have processed broadcast	{"{round 20 2  <nil>}": {"Key":"from","Type":15,"Integer":0,"String":"c","Interface":null}}
2025-08-15T22:12:58.050-0500	DEBUG	protocol/handler.go:1591	have processed broadcast	{"{round 20 2  <nil>}": {"Key":"from","Type":15,"Integer":0,"String":"d","Interface":null}}
2025-08-15T22:12:58.027-0500	DEBUG	protocol/handler.go:1591	have processed broadcast	{"{round 20 2  <nil>}": {"Key":"from","Type":15,"Integer":0,"String":"b","Interface":null}}
==================
WARNING: DATA RACE
Write at 0x00c0005aa25c by goroutine 1964:
  ??()
      -:0 +0x104ada650
  sync/atomic.CompareAndSwapInt32()
      <autogenerated>:1 +0x18
  sync.(*Mutex).Lock()
      /opt/homebrew/Cellar/go/1.24.6/libexec/src/sync/mutex.go:46 +0x2c
  github.com/luxfi/threshold/protocols/frost/keygen.(*round2).StoreBroadcastMessage()
      /Users/z/work/lux/threshold/protocols/frost/keygen/round2.go:57 +0x58
  github.com/luxfi/threshold/pkg/protocol.(*Handler).verifyBroadcastForRound()
      /Users/z/work/lux/threshold/pkg/protocol/handler.go:1277 +0x3a0
  github.com/luxfi/threshold/pkg/protocol.(*Handler).retryUnprocessedMessages()
      /Users/z/work/lux/threshold/pkg/protocol/handler.go:1483 +0x22c
  github.com/luxfi/threshold/pkg/protocol.(*Handler).tryAdvanceRound()
      /Users/z/work/lux/threshold/pkg/protocol/handler.go:587 +0x28c
  github.com/luxfi/threshold/pkg/protocol.(*Handler).processMessage()
      /Users/z/work/lux/threshold/pkg/protocol/handler.go:486 +0xbb0
  github.com/luxfi/threshold/pkg/protocol.(*Handler).messageWorker()
      /Users/z/work/lux/threshold/pkg/protocol/handler.go:408 +0x338
  github.com/luxfi/threshold/pkg/protocol.(*Handler).startWorkers.gowrap2()
      /Users/z/work/lux/threshold/pkg/protocol/handler.go:361 +0x44

Previous read at 0x00c0005aa258 by goroutine 1966:
  github.com/luxfi/threshold/protocols/frost/keygen.(*round2).Number()
      <autogenerated>:1 +0x38
  github.com/luxfi/threshold/pkg/protocol.(*Handler).tryAdvanceRound()
      /Users/z/work/lux/threshold/pkg/protocol/handler.go:587 +0x280
  github.com/luxfi/threshold/pkg/protocol.(*Handler).roundProcessor()
      /Users/z/work/lux/threshold/pkg/protocol/handler.go:569 +0xb4
  github.com/luxfi/threshold/pkg/protocol.(*Handler).startWorkers.func1()
      /Users/z/work/lux/threshold/pkg/protocol/handler.go:374 +0x78

Goroutine 1964 (running) created at:
  github.com/luxfi/threshold/pkg/protocol.(*Handler).startWorkers()
      /Users/z/work/lux/threshold/pkg/protocol/handler.go:361 +0x334
  github.com/luxfi/threshold/pkg/protocol.NewHandler()
      /Users/z/work/lux/threshold/pkg/protocol/handler.go:247 +0xf10
  github.com/luxfi/threshold/internal/test.(*Harness).CreateHandler()
      /Users/z/work/lux/threshold/internal/test/harness.go:91 +0x2e4
  github.com/luxfi/threshold/internal/test.RunProtocol()
      /Users/z/work/lux/threshold/internal/test/harness.go:270 +0x230
  github.com/luxfi/threshold/internal/test.RunMultipleProtocolTests.(*ProtocolTest).Run.func1()
      /Users/z/work/lux/threshold/internal/test/protocol_helpers.go:34 +0xe0
  testing.tRunner()
      /opt/homebrew/Cellar/go/1.24.6/libexec/src/testing/testing.go:1792 +0x180
  testing.(*T).Run.gowrap1()
      /opt/homebrew/Cellar/go/1.24.6/libexec/src/testing/testing.go:1851 +0x40

Goroutine 1966 (running) created at:
  github.com/luxfi/threshold/pkg/protocol.(*Handler).startWorkers()
      /Users/z/work/lux/threshold/pkg/protocol/handler.go:372 +0x4fc
  github.com/luxfi/threshold/pkg/protocol.NewHandler()
      /Users/z/work/lux/threshold/pkg/protocol/handler.go:247 +0xf10
  github.com/luxfi/threshold/internal/test.(*Harness).CreateHandler()
      /Users/z/work/lux/threshold/internal/test/harness.go:91 +0x2e4
  github.com/luxfi/threshold/internal/test.RunProtocol()
      /Users/z/work/lux/threshold/internal/test/harness.go:270 +0x230
  github.com/luxfi/threshold/internal/test.RunMultipleProtocolTests.(*ProtocolTest).Run.func1()
      /Users/z/work/lux/threshold/internal/test/protocol_helpers.go:34 +0xe0
  testing.tRunner()
      /opt/homebrew/Cellar/go/1.24.6/libexec/src/testing/testing.go:1792 +0x180
  testing.(*T).Run.gowrap1()
      /opt/homebrew/Cellar/go/1.24.6/libexec/src/testing/testing.go:1851 +0x40
==================
2025-08-15T22:12:58.051-0500	DEBUG	protocol/handler.go:1591	have processed broadcast	{"{round 20 2  <nil>}": {"Key":"from","Type":15,"Integer":0,"String":"e","Interface":null}}
2025-08-15T22:12:58.051-0500	DEBUG	protocol/handler.go:1608	waiting for broadcast processing	{"{round 20 2  <nil>}": {"Key":"unprocessed","Type":15,"Integer":0,"String":"[a c]","Interface":null}}
2025-08-15T22:12:58.028-0500	DEBUG	protocol/handler.go:581	tryAdvanceRound called	{"{current_round 20 2  <nil>}": {"Key":"self","Type":15,"Integer":0,"String":"e","Interface":null}}
2025-08-15T22:12:58.051-0500	DEBUG	protocol/handler.go:437	processing message	{"{from 15 0 b <nil>}": {"Key":"to","Type":15,"Integer":0,"String":"","Interface":null}, "{round 20 3  <nil>}": {"Key":"broadcast","Type":4,"Integer":1,"String":"","Interface":null}}
2025-08-15T22:12:58.052-0500	DEBUG	protocol/handler.go:1657	storing broadcast	{"{round 20 3  <nil>}": {"Key":"from","Type":15,"Integer":0,"String":"b","Interface":null}}
2025-08-15T22:12:58.052-0500	DEBUG	protocol/handler.go:470	message for different round (buffering)	{"{msg_round 20 3  <nil>}": {"Key":"current_round","Type":20,"Integer":2,"String":"","Interface":null}}
2025-08-15T22:12:58.052-0500	DEBUG	protocol/handler.go:581	tryAdvanceRound called	{"{current_round 20 2  <nil>}": {"Key":"self","Type":15,"Integer":0,"String":"a","Interface":null}}
==================
WARNING: DATA RACE
Write at 0x00c0012a3c5c by goroutine 2023:
  ??()
      -:0 +0x104ad5eb0
  sync/atomic.AddInt32()
      <autogenerated>:1 +0x14
  sync.(*Mutex).Unlock()
      /opt/homebrew/Cellar/go/1.24.6/libexec/src/sync/mutex.go:65 +0x2c
  github.com/luxfi/threshold/protocols/frost/keygen.(*round2).StoreBroadcastMessage()
      /Users/z/work/lux/threshold/protocols/frost/keygen/round2.go:59 +0x634
  github.com/luxfi/threshold/pkg/protocol.(*Handler).verifyBroadcastForRound()
      /Users/z/work/lux/threshold/pkg/protocol/handler.go:1277 +0x3a0
  github.com/luxfi/threshold/pkg/protocol.(*Handler).processQueuedMessages()
      /Users/z/work/lux/threshold/pkg/protocol/handler.go:1513 +0x718
  github.com/luxfi/threshold/pkg/protocol.(*Handler).tryAdvanceRound.gowrap2()
      /Users/z/work/lux/threshold/pkg/protocol/handler.go:673 +0x40

Previous read at 0x00c0012a3c58 by goroutine 1909:
  github.com/luxfi/threshold/protocols/frost/keygen.(*round2).Number()
      <autogenerated>:1 +0x38
  github.com/luxfi/threshold/pkg/protocol.(*Handler).hasAllMessages()
      /Users/z/work/lux/threshold/pkg/protocol/handler.go:1570 +0x40
  github.com/luxfi/threshold/pkg/protocol.(*Handler).tryAdvanceRound()
      /Users/z/work/lux/threshold/pkg/protocol/handler.go:589 +0x29c
  github.com/luxfi/threshold/pkg/protocol.(*Handler).processMessage()
      /Users/z/work/lux/threshold/pkg/protocol/handler.go:486 +0xbb0
  github.com/luxfi/threshold/pkg/protocol.(*Handler).messageWorker()
      /Users/z/work/lux/threshold/pkg/protocol/handler.go:408 +0x338
  github.com/luxfi/threshold/pkg/protocol.(*Handler).startWorkers.gowrap2()
      /Users/z/work/lux/threshold/pkg/protocol/handler.go:361 +0x44

Goroutine 2023 (running) created at:
  github.com/luxfi/threshold/pkg/protocol.(*Handler).tryAdvanceRound()
      /Users/z/work/lux/threshold/pkg/protocol/handler.go:673 +0x12e4
  github.com/luxfi/threshold/pkg/protocol.(*Handler).processMessage()
      /Users/z/work/lux/threshold/pkg/protocol/handler.go:486 +0xbb0
  github.com/luxfi/threshold/pkg/protocol.(*Handler).messageWorker()
      /Users/z/work/lux/threshold/pkg/protocol/handler.go:408 +0x338
  github.com/luxfi/threshold/pkg/protocol.(*Handler).startWorkers.gowrap2()
      /Users/z/work/lux/threshold/pkg/protocol/handler.go:361 +0x44

Goroutine 1909 (running) created at:
  github.com/luxfi/threshold/pkg/protocol.(*Handler).startWorkers()
      /Users/z/work/lux/threshold/pkg/protocol/handler.go:361 +0x334
  github.com/luxfi/threshold/pkg/protocol.NewHandler()
      /Users/z/work/lux/threshold/pkg/protocol/handler.go:247 +0xf10
  github.com/luxfi/threshold/internal/test.(*Harness).CreateHandler()
      /Users/z/work/lux/threshold/internal/test/harness.go:91 +0x2e4
  github.com/luxfi/threshold/internal/test.RunProtocol()
      /Users/z/work/lux/threshold/internal/test/harness.go:270 +0x230
  github.com/luxfi/threshold/internal/test.RunMultipleProtocolTests.(*ProtocolTest).Run.func1()
      /Users/z/work/lux/threshold/internal/test/protocol_helpers.go:34 +0xe0
  testing.tRunner()
      /opt/homebrew/Cellar/go/1.24.6/libexec/src/testing/testing.go:1792 +0x180
  testing.(*T).Run.gowrap1()
      /opt/homebrew/Cellar/go/1.24.6/libexec/src/testing/testing.go:1851 +0x40
==================
2025-08-15T22:12:58.052-0500	DEBUG	protocol/handler.go:581	tryAdvanceRound called	{"{current_round 20 2  <nil>}": {"Key":"self","Type":15,"Integer":0,"String":"e","Interface":null}}
2025-08-15T22:12:57.944-0500	DEBUG	protocol/handler.go:437	processing message	{"{from 15 0 e <nil>}": {"Key":"to","Type":15,"Integer":0,"String":"","Interface":null}, "{round 20 2  <nil>}": {"Key":"broadcast","Type":4,"Integer":1,"String":"","Interface":null}}
2025-08-15T22:12:58.035-0500	DEBUG	protocol/handler.go:581	tryAdvanceRound called	{"{current_round 20 2  <nil>}": {"Key":"self","Type":15,"Integer":0,"String":"b","Interface":null}}
==================
WARNING: DATA RACE
Read at 0x00c000bd55d8 by goroutine 1993:
  github.com/luxfi/threshold/protocols/frost/keygen.(*round2).Number()
      <autogenerated>:1 +0x38
  github.com/luxfi/threshold/pkg/protocol.(*Handler).tryAdvanceRound()
      /Users/z/work/lux/threshold/pkg/protocol/handler.go:587 +0x280
  github.com/luxfi/threshold/pkg/protocol.(*Handler).roundProcessor()
      /Users/z/work/lux/threshold/pkg/protocol/handler.go:569 +0xb4
  github.com/luxfi/threshold/pkg/protocol.(*Handler).startWorkers.func1()
      /Users/z/work/lux/threshold/pkg/protocol/handler.go:374 +0x78

Previous write at 0x00c000bd55dc by goroutine 1992:
  ??()
      -:0 +0x104ada650
  sync/atomic.CompareAndSwapInt32()
      <autogenerated>:1 +0x18
  internal/sync.(*Mutex).Lock()
      /opt/homebrew/Cellar/go/1.24.6/libexec/src/internal/sync/mutex.go:70 +0x58
  sync.(*Mutex).Lock()
      /opt/homebrew/Cellar/go/1.24.6/libexec/src/sync/mutex.go:46 +0x2c
  github.com/luxfi/threshold/protocols/frost/keygen.(*round2).StoreBroadcastMessage()
      /Users/z/work/lux/threshold/protocols/frost/keygen/round2.go:57 +0x58
  github.com/luxfi/threshold/pkg/protocol.(*Handler).verifyBroadcast()
      /Users/z/work/lux/threshold/pkg/protocol/handler.go:1392 +0x648
  github.com/luxfi/threshold/pkg/protocol.(*Handler).processMessage()
      /Users/z/work/lux/threshold/pkg/protocol/handler.go:480 +0xb9c
  github.com/luxfi/threshold/pkg/protocol.(*Handler).messageWorker()
      /Users/z/work/lux/threshold/pkg/protocol/handler.go:408 +0x338
  github.com/luxfi/threshold/pkg/protocol.(*Handler).startWorkers.gowrap2()
      /Users/z/work/lux/threshold/pkg/protocol/handler.go:361 +0x44

Goroutine 1993 (running) created at:
  github.com/luxfi/threshold/pkg/protocol.(*Handler).startWorkers()
      /Users/z/work/lux/threshold/pkg/protocol/handler.go:372 +0x4fc
  github.com/luxfi/threshold/pkg/protocol.NewHandler()
      /Users/z/work/lux/threshold/pkg/protocol/handler.go:247 +0xf10
  github.com/luxfi/threshold/internal/test.(*Harness).CreateHandler()
      /Users/z/work/lux/threshold/internal/test/harness.go:91 +0x2e4
  github.com/luxfi/threshold/internal/test.RunProtocol()
      /Users/z/work/lux/threshold/internal/test/harness.go:270 +0x230
  github.com/luxfi/threshold/internal/test.RunMultipleProtocolTests.(*ProtocolTest).Run.func1()
      /Users/z/work/lux/threshold/internal/test/protocol_helpers.go:34 +0xe0
  testing.tRunner()
      /opt/homebrew/Cellar/go/1.24.6/libexec/src/testing/testing.go:1792 +0x180
  testing.(*T).Run.gowrap1()
      /opt/homebrew/Cellar/go/1.24.6/libexec/src/testing/testing.go:1851 +0x40

Goroutine 1992 (running) created at:
  github.com/luxfi/threshold/pkg/protocol.(*Handler).startWorkers()
      /Users/z/work/lux/threshold/pkg/protocol/handler.go:361 +0x334
  github.com/luxfi/threshold/pkg/protocol.NewHandler()
      /Users/z/work/lux/threshold/pkg/protocol/handler.go:247 +0xf10
  github.com/luxfi/threshold/internal/test.(*Harness).CreateHandler()
      /Users/z/work/lux/threshold/internal/test/harness.go:91 +0x2e4
  github.com/luxfi/threshold/internal/test.RunProtocol()
      /Users/z/work/lux/threshold/internal/test/harness.go:270 +0x230
  github.com/luxfi/threshold/internal/test.RunMultipleProtocolTests.(*ProtocolTest).Run.func1()
      /Users/z/work/lux/threshold/internal/test/protocol_helpers.go:34 +0xe0
  testing.tRunner()
      /opt/homebrew/Cellar/go/1.24.6/libexec/src/testing/testing.go:1792 +0x180
  testing.(*T).Run.gowrap1()
      /opt/homebrew/Cellar/go/1.24.6/libexec/src/testing/testing.go:1851 +0x40
==================
2025-08-15T22:12:58.052-0500	DEBUG	protocol/handler.go:581	tryAdvanceRound called	{"{current_round 20 3  <nil>}": {"Key":"self","Type":15,"Integer":0,"String":"b","Interface":null}}
2025-08-15T22:12:58.052-0500	DEBUG	protocol/handler.go:432	processMessage: p2p round 3 START	{"{from 15 0 b <nil>}": {"Key":"to","Type":15,"Integer":0,"String":"a","Interface":null}}
2025-08-15T22:12:58.052-0500	DEBUG	protocol/handler.go:437	processing message	{"{from 15 0 b <nil>}": {"Key":"to","Type":15,"Integer":0,"String":"","Interface":null}, "{round 20 3  <nil>}": {"Key":"broadcast","Type":4,"Integer":1,"String":"","Interface":null}}
==================
WARNING: DATA RACE
Write at 0x00c0012a3c5c by goroutine 2023:
  ??()
      -:0 +0x104ada650
  sync/atomic.CompareAndSwapInt32()
      <autogenerated>:1 +0x18
  sync.(*Mutex).Lock()
      /opt/homebrew/Cellar/go/1.24.6/libexec/src/sync/mutex.go:46 +0x2c
  github.com/luxfi/threshold/protocols/frost/keygen.(*round2).StoreBroadcastMessage()
      /Users/z/work/lux/threshold/protocols/frost/keygen/round2.go:57 +0x58
  github.com/luxfi/threshold/pkg/protocol.(*Handler).verifyBroadcastForRound()
      /Users/z/work/lux/threshold/pkg/protocol/handler.go:1277 +0x3a0
  github.com/luxfi/threshold/pkg/protocol.(*Handler).processQueuedMessages()
      /Users/z/work/lux/threshold/pkg/protocol/handler.go:1513 +0x718
  github.com/luxfi/threshold/pkg/protocol.(*Handler).tryAdvanceRound.gowrap2()
      /Users/z/work/lux/threshold/pkg/protocol/handler.go:673 +0x40

Previous read at 0x00c0012a3c58 by goroutine 1908:
  github.com/luxfi/threshold/protocols/frost/keygen.(*round2).Number()
      <autogenerated>:1 +0x38
  github.com/luxfi/threshold/pkg/protocol.(*Handler).hasAllMessages()
      /Users/z/work/lux/threshold/pkg/protocol/handler.go:1570 +0x40
  github.com/luxfi/threshold/pkg/protocol.(*Handler).tryAdvanceRound()
      /Users/z/work/lux/threshold/pkg/protocol/handler.go:589 +0x29c
  github.com/luxfi/threshold/pkg/protocol.(*Handler).processMessage()
      /Users/z/work/lux/threshold/pkg/protocol/handler.go:486 +0xbb0
  github.com/luxfi/threshold/pkg/protocol.(*Handler).messageWorker()
      /Users/z/work/lux/threshold/pkg/protocol/handler.go:408 +0x338
  github.com/luxfi/threshold/pkg/protocol.(*Handler).startWorkers.gowrap2()
      /Users/z/work/lux/threshold/pkg/protocol/handler.go:361 +0x44

Goroutine 2023 (running) created at:
  github.com/luxfi/threshold/pkg/protocol.(*Handler).tryAdvanceRound()
      /Users/z/work/lux/threshold/pkg/protocol/handler.go:673 +0x12e4
  github.com/luxfi/threshold/pkg/protocol.(*Handler).processMessage()
      /Users/z/work/lux/threshold/pkg/protocol/handler.go:486 +0xbb0
  github.com/luxfi/threshold/pkg/protocol.(*Handler).messageWorker()
      /Users/z/work/lux/threshold/pkg/protocol/handler.go:408 +0x338
  github.com/luxfi/threshold/pkg/protocol.(*Handler).startWorkers.gowrap2()
      /Users/z/work/lux/threshold/pkg/protocol/handler.go:361 +0x44

Goroutine 1908 (running) created at:
  github.com/luxfi/threshold/pkg/protocol.(*Handler).startWorkers()
      /Users/z/work/lux/threshold/pkg/protocol/handler.go:361 +0x334
  github.com/luxfi/threshold/pkg/protocol.NewHandler()
      /Users/z/work/lux/threshold/pkg/protocol/handler.go:247 +0xf10
  github.com/luxfi/threshold/internal/test.(*Harness).CreateHandler()
      /Users/z/work/lux/threshold/internal/test/harness.go:91 +0x2e4
  github.com/luxfi/threshold/internal/test.RunProtocol()
      /Users/z/work/lux/threshold/internal/test/harness.go:270 +0x230
  github.com/luxfi/threshold/internal/test.RunMultipleProtocolTests.(*ProtocolTest).Run.func1()
      /Users/z/work/lux/threshold/internal/test/protocol_helpers.go:34 +0xe0
  testing.tRunner()
      /opt/homebrew/Cellar/go/1.24.6/libexec/src/testing/testing.go:1792 +0x180
  testing.(*T).Run.gowrap1()
      /opt/homebrew/Cellar/go/1.24.6/libexec/src/testing/testing.go:1851 +0x40
==================
==================
WARNING: DATA RACE
Write at 0x00c000df259c by goroutine 1881:
  ??()
      -:0 +0x104ada650
  sync/atomic.CompareAndSwapInt32()
      <autogenerated>:1 +0x18
  sync.(*Mutex).Lock()
      /opt/homebrew/Cellar/go/1.24.6/libexec/src/sync/mutex.go:46 +0x2c
  github.com/luxfi/threshold/protocols/frost/keygen.(*round2).StoreBroadcastMessage()
      /Users/z/work/lux/threshold/protocols/frost/keygen/round2.go:57 +0x58
  github.com/luxfi/threshold/pkg/protocol.(*Handler).verifyBroadcastForRound()
      /Users/z/work/lux/threshold/pkg/protocol/handler.go:1277 +0x3a0
  github.com/luxfi/threshold/pkg/protocol.(*Handler).retryUnprocessedMessages()
      /Users/z/work/lux/threshold/pkg/protocol/handler.go:1483 +0x22c
  github.com/luxfi/threshold/pkg/protocol.(*Handler).tryAdvanceRound()
      /Users/z/work/lux/threshold/pkg/protocol/handler.go:587 +0x28c
  github.com/luxfi/threshold/pkg/protocol.(*Handler).processMessage()
      /Users/z/work/lux/threshold/pkg/protocol/handler.go:474 +0xb70
  github.com/luxfi/threshold/pkg/protocol.(*Handler).messageWorker()
      /Users/z/work/lux/threshold/pkg/protocol/handler.go:408 +0x338
  github.com/luxfi/threshold/pkg/protocol.(*Handler).startWorkers.gowrap2()
      /Users/z/work/lux/threshold/pkg/protocol/handler.go:361 +0x44

Previous read at 0x00c000df2598 by goroutine 1885:
  github.com/luxfi/threshold/protocols/frost/keygen.(*round2).Number()
      <autogenerated>:1 +0x38
  github.com/luxfi/threshold/pkg/protocol.(*Handler).hasAllMessages()
      /Users/z/work/lux/threshold/pkg/protocol/handler.go:1570 +0x40
  github.com/luxfi/threshold/pkg/protocol.(*Handler).tryAdvanceRound()
      /Users/z/work/lux/threshold/pkg/protocol/handler.go:589 +0x29c
  github.com/luxfi/threshold/pkg/protocol.(*Handler).roundProcessor()
      /Users/z/work/lux/threshold/pkg/protocol/handler.go:569 +0xb4
  github.com/luxfi/threshold/pkg/protocol.(*Handler).startWorkers.func1()
      /Users/z/work/lux/threshold/pkg/protocol/handler.go:374 +0x78

Goroutine 1881 (running) created at:
  github.com/luxfi/threshold/pkg/protocol.(*Handler).startWorkers()
      /Users/z/work/lux/threshold/pkg/protocol/handler.go:361 +0x334
  github.com/luxfi/threshold/pkg/protocol.NewHandler()
      /Users/z/work/lux/threshold/pkg/protocol/handler.go:247 +0xf10
  github.com/luxfi/threshold/internal/test.(*Harness).CreateHandler()
      /Users/z/work/lux/threshold/internal/test/harness.go:91 +0x2e4
  github.com/luxfi/threshold/internal/test.RunProtocol()
      /Users/z/work/lux/threshold/internal/test/harness.go:270 +0x230
  github.com/luxfi/threshold/internal/test.RunMultipleProtocolTests.(*ProtocolTest).Run.func1()
      /Users/z/work/lux/threshold/internal/test/protocol_helpers.go:34 +0xe0
  testing.tRunner()
      /opt/homebrew/Cellar/go/1.24.6/libexec/src/testing/testing.go:1792 +0x180
  testing.(*T).Run.gowrap1()
      /opt/homebrew/Cellar/go/1.24.6/libexec/src/testing/testing.go:1851 +0x40

Goroutine 1885 (running) created at:
  github.com/luxfi/threshold/pkg/protocol.(*Handler).startWorkers()
      /Users/z/work/lux/threshold/pkg/protocol/handler.go:372 +0x4fc
  github.com/luxfi/threshold/pkg/protocol.NewHandler()
      /Users/z/work/lux/threshold/pkg/protocol/handler.go:247 +0xf10
  github.com/luxfi/threshold/internal/test.(*Harness).CreateHandler()
      /Users/z/work/lux/threshold/internal/test/harness.go:91 +0x2e4
  github.com/luxfi/threshold/internal/test.RunProtocol()
      /Users/z/work/lux/threshold/internal/test/harness.go:270 +0x230
  github.com/luxfi/threshold/internal/test.RunMultipleProtocolTests.(*ProtocolTest).Run.func1()
      /Users/z/work/lux/threshold/internal/test/protocol_helpers.go:34 +0xe0
  testing.tRunner()
      /opt/homebrew/Cellar/go/1.24.6/libexec/src/testing/testing.go:1792 +0x180
  testing.(*T).Run.gowrap1()
      /opt/homebrew/Cellar/go/1.24.6/libexec/src/testing/testing.go:1851 +0x40
==================
==================
WARNING: DATA RACE
Read at 0x00c0005aa258 by goroutine 1965:
  github.com/luxfi/threshold/protocols/frost/keygen.(*round2).Number()
      <autogenerated>:1 +0x38
  github.com/luxfi/threshold/pkg/protocol.(*Handler).tryAdvanceRound()
      /Users/z/work/lux/threshold/pkg/protocol/handler.go:582 +0x70
  github.com/luxfi/threshold/pkg/protocol.(*Handler).processMessage()
      /Users/z/work/lux/threshold/pkg/protocol/handler.go:486 +0xbb0
  github.com/luxfi/threshold/pkg/protocol.(*Handler).messageWorker()
      /Users/z/work/lux/threshold/pkg/protocol/handler.go:408 +0x338
  github.com/luxfi/threshold/pkg/protocol.(*Handler).startWorkers.gowrap2()
      /Users/z/work/lux/threshold/pkg/protocol/handler.go:361 +0x44

Previous write at 0x00c0005aa25c by goroutine 1964:
  ??()
      -:0 +0x104ad5eb0
  sync/atomic.AddInt32()
      <autogenerated>:1 +0x14
  sync.(*Mutex).Unlock()
      /opt/homebrew/Cellar/go/1.24.6/libexec/src/sync/mutex.go:65 +0x2c
  github.com/luxfi/threshold/protocols/frost/keygen.(*round2).StoreBroadcastMessage()
      /Users/z/work/lux/threshold/protocols/frost/keygen/round2.go:62 +0x78
  github.com/luxfi/threshold/pkg/protocol.(*Handler).verifyBroadcastForRound()
      /Users/z/work/lux/threshold/pkg/protocol/handler.go:1277 +0x3a0
  github.com/luxfi/threshold/pkg/protocol.(*Handler).retryUnprocessedMessages()
      /Users/z/work/lux/threshold/pkg/protocol/handler.go:1483 +0x22c
  github.com/luxfi/threshold/pkg/protocol.(*Handler).tryAdvanceRound()
      /Users/z/work/lux/threshold/pkg/protocol/handler.go:587 +0x28c
  github.com/luxfi/threshold/pkg/protocol.(*Handler).processMessage()
      /Users/z/work/lux/threshold/pkg/protocol/handler.go:486 +0xbb0
  github.com/luxfi/threshold/pkg/protocol.(*Handler).messageWorker()
      /Users/z/work/lux/threshold/pkg/protocol/handler.go:408 +0x338
  github.com/luxfi/threshold/pkg/protocol.(*Handler).startWorkers.gowrap2()
      /Users/z/work/lux/threshold/pkg/protocol/handler.go:361 +0x44

Goroutine 1965 (running) created at:
  github.com/luxfi/threshold/pkg/protocol.(*Handler).startWorkers()
      /Users/z/work/lux/threshold/pkg/protocol/handler.go:361 +0x334
  github.com/luxfi/threshold/pkg/protocol.NewHandler()
      /Users/z/work/lux/threshold/pkg/protocol/handler.go:247 +0xf10
  github.com/luxfi/threshold/internal/test.(*Harness).CreateHandler()
      /Users/z/work/lux/threshold/internal/test/harness.go:91 +0x2e4
  github.com/luxfi/threshold/internal/test.RunProtocol()
      /Users/z/work/lux/threshold/internal/test/harness.go:270 +0x230
  github.com/luxfi/threshold/internal/test.RunMultipleProtocolTests.(*ProtocolTest).Run.func1()
      /Users/z/work/lux/threshold/internal/test/protocol_helpers.go:34 +0xe0
  testing.tRunner()
      /opt/homebrew/Cellar/go/1.24.6/libexec/src/testing/testing.go:1792 +0x180
  testing.(*T).Run.gowrap1()
      /opt/homebrew/Cellar/go/1.24.6/libexec/src/testing/testing.go:1851 +0x40

Goroutine 1964 (running) created at:
  github.com/luxfi/threshold/pkg/protocol.(*Handler).startWorkers()
      /Users/z/work/lux/threshold/pkg/protocol/handler.go:361 +0x334
  github.com/luxfi/threshold/pkg/protocol.NewHandler()
      /Users/z/work/lux/threshold/pkg/protocol/handler.go:247 +0xf10
  github.com/luxfi/threshold/internal/test.(*Harness).CreateHandler()
      /Users/z/work/lux/threshold/internal/test/harness.go:91 +0x2e4
  github.com/luxfi/threshold/internal/test.RunProtocol()
      /Users/z/work/lux/threshold/internal/test/harness.go:270 +0x230
  github.com/luxfi/threshold/internal/test.RunMultipleProtocolTests.(*ProtocolTest).Run.func1()
      /Users/z/work/lux/threshold/internal/test/protocol_helpers.go:34 +0xe0
  testing.tRunner()
      /opt/homebrew/Cellar/go/1.24.6/libexec/src/testing/testing.go:1792 +0x180
  testing.(*T).Run.gowrap1()
      /opt/homebrew/Cellar/go/1.24.6/libexec/src/testing/testing.go:1851 +0x40
==================
==================
WARNING: DATA RACE
Write at 0x00c0005aa25c by goroutine 1959:
  ??()
      -:0 +0x104ada650
  sync/atomic.CompareAndSwapInt32()
      <autogenerated>:1 +0x18
  sync.(*Mutex).Lock()
      /opt/homebrew/Cellar/go/1.24.6/libexec/src/sync/mutex.go:46 +0x2c
  github.com/luxfi/threshold/protocols/frost/keygen.(*round2).StoreBroadcastMessage()
      /Users/z/work/lux/threshold/protocols/frost/keygen/round2.go:57 +0x58
  github.com/luxfi/threshold/pkg/protocol.(*Handler).verifyBroadcastForRound()
      /Users/z/work/lux/threshold/pkg/protocol/handler.go:1277 +0x3a0
  github.com/luxfi/threshold/pkg/protocol.(*Handler).retryUnprocessedMessages()
      /Users/z/work/lux/threshold/pkg/protocol/handler.go:1483 +0x22c
  github.com/luxfi/threshold/pkg/protocol.(*Handler).tryAdvanceRound()
      /Users/z/work/lux/threshold/pkg/protocol/handler.go:587 +0x28c
  github.com/luxfi/threshold/pkg/protocol.(*Handler).processMessage()
      /Users/z/work/lux/threshold/pkg/protocol/handler.go:474 +0xb70
  github.com/luxfi/threshold/pkg/protocol.(*Handler).messageWorker()
      /Users/z/work/lux/threshold/pkg/protocol/handler.go:408 +0x338
  github.com/luxfi/threshold/pkg/protocol.(*Handler).startWorkers.gowrap1()
      /Users/z/work/lux/threshold/pkg/protocol/handler.go:355 +0x44

Previous read at 0x00c0005aa258 by goroutine 1964:
  github.com/luxfi/threshold/protocols/frost/keygen.(*round2).Number()
      <autogenerated>:1 +0x38
  github.com/luxfi/threshold/pkg/protocol.(*Handler).hasAllMessages()
      /Users/z/work/lux/threshold/pkg/protocol/handler.go:1570 +0x40
  github.com/luxfi/threshold/pkg/protocol.(*Handler).tryAdvanceRound()
      /Users/z/work/lux/threshold/pkg/protocol/handler.go:589 +0x29c
  github.com/luxfi/threshold/pkg/protocol.(*Handler).processMessage()
      /Users/z/work/lux/threshold/pkg/protocol/handler.go:486 +0xbb0
  github.com/luxfi/threshold/pkg/protocol.(*Handler).messageWorker()
      /Users/z/work/lux/threshold/pkg/protocol/handler.go:408 +0x338
  github.com/luxfi/threshold/pkg/protocol.(*Handler).startWorkers.gowrap2()
      /Users/z/work/lux/threshold/pkg/protocol/handler.go:361 +0x44

Goroutine 1959 (running) created at:
  github.com/luxfi/threshold/pkg/protocol.(*Handler).startWorkers()
      /Users/z/work/lux/threshold/pkg/protocol/handler.go:355 +0x27c
  github.com/luxfi/threshold/pkg/protocol.NewHandler()
      /Users/z/work/lux/threshold/pkg/protocol/handler.go:247 +0xf10
  github.com/luxfi/threshold/internal/test.(*Harness).CreateHandler()
      /Users/z/work/lux/threshold/internal/test/harness.go:91 +0x2e4
  github.com/luxfi/threshold/internal/test.RunProtocol()
      /Users/z/work/lux/threshold/internal/test/harness.go:270 +0x230
  github.com/luxfi/threshold/internal/test.RunMultipleProtocolTests.(*ProtocolTest).Run.func1()
      /Users/z/work/lux/threshold/internal/test/protocol_helpers.go:34 +0xe0
  testing.tRunner()
      /opt/homebrew/Cellar/go/1.24.6/libexec/src/testing/testing.go:1792 +0x180
  testing.(*T).Run.gowrap1()
      /opt/homebrew/Cellar/go/1.24.6/libexec/src/testing/testing.go:1851 +0x40

Goroutine 1964 (running) created at:
  github.com/luxfi/threshold/pkg/protocol.(*Handler).startWorkers()
      /Users/z/work/lux/threshold/pkg/protocol/handler.go:361 +0x334
  github.com/luxfi/threshold/pkg/protocol.NewHandler()
      /Users/z/work/lux/threshold/pkg/protocol/handler.go:247 +0xf10
  github.com/luxfi/threshold/internal/test.(*Harness).CreateHandler()
      /Users/z/work/lux/threshold/internal/test/harness.go:91 +0x2e4
  github.com/luxfi/threshold/internal/test.RunProtocol()
      /Users/z/work/lux/threshold/internal/test/harness.go:270 +0x230
  github.com/luxfi/threshold/internal/test.RunMultipleProtocolTests.(*ProtocolTest).Run.func1()
      /Users/z/work/lux/threshold/internal/test/protocol_helpers.go:34 +0xe0
  testing.tRunner()
      /opt/homebrew/Cellar/go/1.24.6/libexec/src/testing/testing.go:1792 +0x180
  testing.(*T).Run.gowrap1()
      /opt/homebrew/Cellar/go/1.24.6/libexec/src/testing/testing.go:1851 +0x40
==================
2025-08-15T22:12:58.052-0500	DEBUG	protocol/handler.go:432	processMessage: p2p round 3 START	{"{from 15 0 b <nil>}": {"Key":"to","Type":15,"Integer":0,"String":"c","Interface":null}}
2025-08-15T22:12:58.052-0500	DEBUG	protocol/handler.go:437	processing message	{"{from 15 0 b <nil>}": {"Key":"to","Type":15,"Integer":0,"String":"","Interface":null}, "{round 20 3  <nil>}": {"Key":"broadcast","Type":4,"Integer":1,"String":"","Interface":null}}
2025-08-15T22:12:58.050-0500	DEBUG	protocol/handler.go:1591	have processed broadcast	{"{round 20 2  <nil>}": {"Key":"from","Type":15,"Integer":0,"String":"e","Interface":null}}
2025-08-15T22:12:58.053-0500	DEBUG	protocol/handler.go:1591	have processed broadcast	{"{round 20 2  <nil>}": {"Key":"from","Type":15,"Integer":0,"String":"b","Interface":null}}
2025-08-15T22:12:58.055-0500	DEBUG	protocol/handler.go:1591	have processed broadcast	{"{round 20 2  <nil>}": {"Key":"from","Type":15,"Integer":0,"String":"a","Interface":null}}
2025-08-15T22:12:58.055-0500	DEBUG	protocol/handler.go:1600	waiting for broadcasts	{"{round 20 3  <nil>}": {"Key":"missing","Type":15,"Integer":0,"String":"[a c d e]","Interface":null}}
2025-08-15T22:12:58.087-0500	DEBUG	protocol/handler.go:581	tryAdvanceRound called	{"{current_round 20 2  <nil>}": {"Key":"self","Type":15,"Integer":0,"String":"a","Interface":null}}
2025-08-15T22:12:58.093-0500	DEBUG	protocol/handler.go:581	tryAdvanceRound called	{"{current_round 20 2  <nil>}": {"Key":"self","Type":15,"Integer":0,"String":"d","Interface":null}}
2025-08-15T22:12:58.095-0500	DEBUG	protocol/handler.go:1591	have processed broadcast	{"{round 20 2  <nil>}": {"Key":"from","Type":15,"Integer":0,"String":"a","Interface":null}}
2025-08-15T22:12:58.101-0500	DEBUG	protocol/handler.go:1591	have processed broadcast	{"{round 20 2  <nil>}": {"Key":"from","Type":15,"Integer":0,"String":"a","Interface":null}}
==================
WARNING: DATA RACE
Read at 0x00c0005aa258 by goroutine 1965:
  github.com/luxfi/threshold/protocols/frost/keygen.(*round2).Number()
      <autogenerated>:1 +0x38
  github.com/luxfi/threshold/pkg/protocol.(*Handler).tryAdvanceRound()
      /Users/z/work/lux/threshold/pkg/protocol/handler.go:587 +0x280
  github.com/luxfi/threshold/pkg/protocol.(*Handler).processMessage()
      /Users/z/work/lux/threshold/pkg/protocol/handler.go:486 +0xbb0
  github.com/luxfi/threshold/pkg/protocol.(*Handler).messageWorker()
      /Users/z/work/lux/threshold/pkg/protocol/handler.go:408 +0x338
  github.com/luxfi/threshold/pkg/protocol.(*Handler).startWorkers.gowrap2()
      /Users/z/work/lux/threshold/pkg/protocol/handler.go:361 +0x44

Previous write at 0x00c0005aa25c by goroutine 1959:
  ??()
      -:0 +0x104ad5eb0
2025-08-15T22:12:58.102-0500	DEBUG	protocol/handler.go:1591	have processed broadcast	{"{round 20 2  <nil>}": {"Key":"from","Type":15,"Integer":0,"String":"a","Interface":null}}
2025-08-15T22:12:58.102-0500	DEBUG	protocol/handler.go:1591	have processed broadcast	{"{round 20 2  <nil>}": {"Key":"from","Type":15,"Integer":0,"String":"a","Interface":null}}
2025-08-15T22:12:58.102-0500	DEBUG	protocol/handler.go:1591	have processed broadcast	{"{round 20 2  <nil>}": {"Key":"from","Type":15,"Integer":0,"String":"b","Interface":null}}
2025-08-15T22:12:58.103-0500	DEBUG	protocol/handler.go:581	tryAdvanceRound called	{"{current_round 20 2  <nil>}": {"Key":"self","Type":15,"Integer":0,"String":"e","Interface":null}}
2025-08-15T22:12:58.104-0500	DEBUG	protocol/handler.go:1657	storing broadcast	{"{round 20 2  <nil>}": {"Key":"from","Type":15,"Integer":0,"String":"e","Interface":null}}
2025-08-15T22:12:58.055-0500	DEBUG	protocol/handler.go:437	processing message	{"{from 15 0 b <nil>}": {"Key":"to","Type":15,"Integer":0,"String":"a","Interface":null}, "{round 20 3  <nil>}": {"Key":"broadcast","Type":4,"Integer":0,"String":"","Interface":null}}
2025-08-15T22:12:58.107-0500	DEBUG	protocol/handler.go:1591	have processed broadcast	{"{round 20 2  <nil>}": {"Key":"from","Type":15,"Integer":0,"String":"a","Interface":null}}
2025-08-15T22:12:58.107-0500	DEBUG	protocol/handler.go:1591	have processed broadcast	{"{round 20 2  <nil>}": {"Key":"from","Type":15,"Integer":0,"String":"a","Interface":null}}
2025-08-15T22:12:58.107-0500	DEBUG	protocol/handler.go:437	processing message	{"{from 15 0 b <nil>}": {"Key":"to","Type":15,"Integer":0,"String":"c","Interface":null}, "{round 20 3  <nil>}": {"Key":"broadcast","Type":4,"Integer":0,"String":"","Interface":null}}
2025-08-15T22:12:58.107-0500	DEBUG	protocol/handler.go:1649	have all messages and processed	{"{round 20 2  <nil>}": {"Key":"self","Type":15,"Integer":0,"String":"b","Interface":null}}
2025-08-15T22:12:58.107-0500	DEBUG	protocol/handler.go:1657	storing broadcast	{"{round 20 3  <nil>}": {"Key":"from","Type":15,"Integer":0,"String":"b","Interface":null}}
2025-08-15T22:12:58.108-0500	DEBUG	protocol/handler.go:1591	have processed broadcast	{"{round 20 2  <nil>}": {"Key":"from","Type":15,"Integer":0,"String":"c","Interface":null}}
2025-08-15T22:12:58.108-0500	DEBUG	protocol/handler.go:1591	have processed broadcast	{"{round 20 2  <nil>}": {"Key":"from","Type":15,"Integer":0,"String":"c","Interface":null}}
2025-08-15T22:12:58.108-0500	DEBUG	protocol/handler.go:581	tryAdvanceRound called	{"{current_round 20 3  <nil>}": {"Key":"self","Type":15,"Integer":0,"String":"b","Interface":null}}
2025-08-15T22:12:58.108-0500	DEBUG	protocol/handler.go:1591	have processed broadcast	{"{round 20 2  <nil>}": {"Key":"from","Type":15,"Integer":0,"String":"b","Interface":null}}
2025-08-15T22:12:58.111-0500	DEBUG	protocol/handler.go:1591	have processed broadcast	{"{round 20 2  <nil>}": {"Key":"from","Type":15,"Integer":0,"String":"b","Interface":null}}
2025-08-15T22:12:58.111-0500	DEBUG	protocol/handler.go:1591	have processed broadcast	{"{round 20 2  <nil>}": {"Key":"from","Type":15,"Integer":0,"String":"b","Interface":null}}
2025-08-15T22:12:58.112-0500	DEBUG	protocol/handler.go:1591	have processed broadcast	{"{round 20 2  <nil>}": {"Key":"from","Type":15,"Integer":0,"String":"c","Interface":null}}
2025-08-15T22:12:58.112-0500	DEBUG	protocol/handler.go:1591	have processed broadcast	{"{round 20 2  <nil>}": {"Key":"from","Type":15,"Integer":0,"String":"a","Interface":null}}
2025-08-15T22:12:58.112-0500	DEBUG	protocol/handler.go:1662	storing message	{"{round 20 3  <nil>}": {"Key":"from","Type":15,"Integer":0,"String":"b","Interface":null}}
2025-08-15T22:12:58.112-0500	DEBUG	protocol/handler.go:1591	have processed broadcast	{"{round 20 2  <nil>}": {"Key":"from","Type":15,"Integer":0,"String":"b","Interface":null}}
2025-08-15T22:12:58.112-0500	DEBUG	protocol/handler.go:1662	storing message	{"{round 20 3  <nil>}": {"Key":"from","Type":15,"Integer":0,"String":"b","Interface":null}}
  sync/atomic.AddInt32()
      <autogenerated>:1 +0x14
  sync.(*Mutex).Unlock()
      /opt/homebrew/Cellar/go/1.24.6/libexec/src/sync/mutex.go:65 +0x2c
  github.com/luxfi/threshold/protocols/frost/keygen.(*round2).StoreBroadcastMessage()
      /Users/z/work/lux/threshold/protocols/frost/keygen/round2.go:62 +0x78
  github.com/luxfi/threshold/pkg/protocol.(*Handler).verifyBroadcastForRound()
      /Users/z/work/lux/threshold/pkg/protocol/handler.go:1277 +0x3a0
  github.com/luxfi/threshold/pkg/protocol.(*Handler).retryUnprocessedMessages()
      /Users/z/work/lux/threshold/pkg/protocol/handler.go:1483 +0x22c
  github.com/luxfi/threshold/pkg/protocol.(*Handler).tryAdvanceRound()
      /Users/z/work/lux/threshold/pkg/protocol/handler.go:587 +0x28c
  github.com/luxfi/threshold/pkg/protocol.(*Handler).processMessage()
      /Users/z/work/lux/threshold/pkg/protocol/handler.go:474 +0xb70
  github.com/luxfi/threshold/pkg/protocol.(*Handler).messageWorker()
      /Users/z/work/lux/threshold/pkg/protocol/handler.go:408 +0x338
  github.com/luxfi/threshold/pkg/protocol.(*Handler).startWorkers.gowrap1()
      /Users/z/work/lux/threshold/pkg/protocol/handler.go:355 +0x44

Goroutine 1965 (running) created at:
  github.com/luxfi/threshold/pkg/protocol.(*Handler).startWorkers()
      /Users/z/work/lux/threshold/pkg/protocol/handler.go:361 +0x334
  github.com/luxfi/threshold/pkg/protocol.NewHandler()
      /Users/z/work/lux/threshold/pkg/protocol/handler.go:247 +0xf10
  github.com/luxfi/threshold/internal/test.(*Harness).CreateHandler()
      /Users/z/work/lux/threshold/internal/test/harness.go:91 +0x2e4
  github.com/luxfi/threshold/internal/test.RunProtocol()
      /Users/z/work/lux/threshold/internal/test/harness.go:270 +0x230
  github.com/luxfi/threshold/internal/test.RunMultipleProtocolTests.(*ProtocolTest).Run.func1()
      /Users/z/work/lux/threshold/internal/test/protocol_helpers.go:34 +0xe0
  testing.tRunner()
      /opt/homebrew/Cellar/go/1.24.6/libexec/src/testing/testing.go:1792 +0x180
  testing.(*T).Run.gowrap1()
      /opt/homebrew/Cellar/go/1.24.6/libexec/src/testing/testing.go:1851 +0x40

Goroutine 1959 (running) created at:
  github.com/luxfi/threshold/pkg/protocol.(*Handler).startWorkers()
      /Users/z/work/lux/threshold/pkg/protocol/handler.go:355 +0x27c
  github.com/luxfi/threshold/pkg/protocol.NewHandler()
      /Users/z/work/lux/threshold/pkg/protocol/handler.go:247 +0xf10
  github.com/luxfi/threshold/internal/test.(*Harness).CreateHandler()
      /Users/z/work/lux/threshold/internal/test/harness.go:91 +0x2e4
  github.com/luxfi/threshold/internal/test.RunProtocol()
      /Users/z/work/lux/threshold/internal/test/harness.go:270 +0x230
  github.com/luxfi/threshold/internal/test.RunMultipleProtocolTests.(*ProtocolTest).Run.func1()
      /Users/z/work/lux/threshold/internal/test/protocol_helpers.go:34 +0xe0
  testing.tRunner()
      /opt/homebrew/Cellar/go/1.24.6/libexec/src/testing/testing.go:1792 +0x180
  testing.(*T).Run.gowrap1()
      /opt/homebrew/Cellar/go/1.24.6/libexec/src/testing/testing.go:1851 +0x40
==================
2025-08-15T22:12:58.112-0500	DEBUG	protocol/handler.go:596	round already finalized
2025-08-15T22:12:58.112-0500	DEBUG	protocol/handler.go:470	message for different round (buffering)	{"{msg_round 20 3  <nil>}": {"Key":"current_round","Type":20,"Integer":2,"String":"","Interface":null}}
2025-08-15T22:12:58.112-0500	DEBUG	protocol/handler.go:1591	have processed broadcast	{"{round 20 2  <nil>}": {"Key":"from","Type":15,"Integer":0,"String":"d","Interface":null}}
2025-08-15T22:12:58.113-0500	DEBUG	protocol/handler.go:1591	have processed broadcast	{"{round 20 2  <nil>}": {"Key":"from","Type":15,"Integer":0,"String":"d","Interface":null}}
2025-08-15T22:12:58.114-0500	DEBUG	protocol/handler.go:1591	have processed broadcast	{"{round 20 2  <nil>}": {"Key":"from","Type":15,"Integer":0,"String":"b","Interface":null}}
2025-08-15T22:12:58.115-0500	DEBUG	protocol/handler.go:1657	storing broadcast	{"{round 20 3  <nil>}": {"Key":"from","Type":15,"Integer":0,"String":"b","Interface":null}}
2025-08-15T22:12:58.116-0500	DEBUG	protocol/handler.go:1591	have processed broadcast	{"{round 20 2  <nil>}": {"Key":"from","Type":15,"Integer":0,"String":"c","Interface":null}}
2025-08-15T22:12:58.116-0500	DEBUG	protocol/handler.go:1591	have processed broadcast	{"{round 20 2  <nil>}": {"Key":"from","Type":15,"Integer":0,"String":"c","Interface":null}}
2025-08-15T22:12:58.116-0500	DEBUG	protocol/handler.go:1591	have processed broadcast	{"{round 20 2  <nil>}": {"Key":"from","Type":15,"Integer":0,"String":"d","Interface":null}}
2025-08-15T22:12:58.116-0500	DEBUG	protocol/handler.go:1591	have processed broadcast	{"{round 20 2  <nil>}": {"Key":"from","Type":15,"Integer":0,"String":"b","Interface":null}}
2025-08-15T22:12:58.115-0500	DEBUG	protocol/handler.go:1591	have processed broadcast	{"{round 20 2  <nil>}": {"Key":"from","Type":15,"Integer":0,"String":"b","Interface":null}}
2025-08-15T22:12:58.112-0500	DEBUG	protocol/handler.go:1591	have processed broadcast	{"{round 20 2  <nil>}": {"Key":"from","Type":15,"Integer":0,"String":"b","Interface":null}}
2025-08-15T22:12:58.124-0500	DEBUG	protocol/handler.go:1591	have processed broadcast	{"{round 20 2  <nil>}": {"Key":"from","Type":15,"Integer":0,"String":"d","Interface":null}}
2025-08-15T22:12:58.124-0500	DEBUG	protocol/handler.go:1591	have processed broadcast	{"{round 20 2  <nil>}": {"Key":"from","Type":15,"Integer":0,"String":"d","Interface":null}}
2025-08-15T22:12:58.124-0500	DEBUG	protocol/handler.go:1649	have all messages and processed	{"{round 20 2  <nil>}": {"Key":"self","Type":15,"Integer":0,"String":"e","Interface":null}}
2025-08-15T22:12:58.124-0500	DEBUG	protocol/handler.go:1591	have processed broadcast	{"{round 20 2  <nil>}": {"Key":"from","Type":15,"Integer":0,"String":"e","Interface":null}}
2025-08-15T22:12:58.124-0500	DEBUG	protocol/handler.go:619	finalizing round
2025-08-15T22:12:58.124-0500	DEBUG	protocol/handler.go:1649	have all messages and processed	{"{round 20 2  <nil>}": {"Key":"self","Type":15,"Integer":0,"String":"c","Interface":null}}
2025-08-15T22:12:58.124-0500	DEBUG	protocol/handler.go:619	finalizing round
2025-08-15T22:12:58.124-0500	DEBUG	protocol/handler.go:1591	have processed broadcast	{"{round 20 2  <nil>}": {"Key":"from","Type":15,"Integer":0,"String":"c","Interface":null}}
2025-08-15T22:12:58.125-0500	DEBUG	protocol/handler.go:1591	have processed broadcast	{"{round 20 2  <nil>}": {"Key":"from","Type":15,"Integer":0,"String":"e","Interface":null}}
2025-08-15T22:12:58.125-0500	DEBUG	protocol/handler.go:1649	have all messages and processed	{"{round 20 2  <nil>}": {"Key":"self","Type":15,"Integer":0,"String":"d","Interface":null}}
2025-08-15T22:12:58.125-0500	DEBUG	protocol/handler.go:619	finalizing round
2025-08-15T22:12:58.125-0500	DEBUG	protocol/handler.go:1600	waiting for broadcasts	{"{round 20 2  <nil>}": {"Key":"missing","Type":15,"Integer":0,"String":"[e]","Interface":null}}
2025-08-15T22:12:58.124-0500	DEBUG	protocol/handler.go:1591	have processed broadcast	{"{round 20 2  <nil>}": {"Key":"from","Type":15,"Integer":0,"String":"c","Interface":null}}
2025-08-15T22:12:58.126-0500	DEBUG	protocol/handler.go:1591	have processed broadcast	{"{round 20 2  <nil>}": {"Key":"from","Type":15,"Integer":0,"String":"d","Interface":null}}
2025-08-15T22:12:58.126-0500	DEBUG	protocol/handler.go:1649	have all messages and processed	{"{round 20 2  <nil>}": {"Key":"self","Type":15,"Integer":0,"String":"e","Interface":null}}
2025-08-15T22:12:58.126-0500	DEBUG	protocol/handler.go:596	round already finalized
2025-08-15T22:12:58.124-0500	DEBUG	protocol/handler.go:1600	waiting for broadcasts	{"{round 20 3  <nil>}": {"Key":"missing","Type":15,"Integer":0,"String":"[a c d e]","Interface":null}}
2025-08-15T22:12:58.126-0500	DEBUG	protocol/handler.go:581	tryAdvanceRound called	{"{current_round 20 3  <nil>}": {"Key":"self","Type":15,"Integer":0,"String":"b","Interface":null}}
2025-08-15T22:12:58.126-0500	DEBUG	protocol/handler.go:1600	waiting for broadcasts	{"{round 20 3  <nil>}": {"Key":"missing","Type":15,"Integer":0,"String":"[a c d e]","Interface":null}}
2025-08-15T22:12:58.124-0500	DEBUG	protocol/handler.go:1591	have processed broadcast	{"{round 20 2  <nil>}": {"Key":"from","Type":15,"Integer":0,"String":"c","Interface":null}}
2025-08-15T22:12:58.126-0500	DEBUG	protocol/handler.go:1591	have processed broadcast	{"{round 20 2  <nil>}": {"Key":"from","Type":15,"Integer":0,"String":"d","Interface":null}}
2025-08-15T22:12:58.126-0500	DEBUG	protocol/handler.go:1649	have all messages and processed	{"{round 20 2  <nil>}": {"Key":"self","Type":15,"Integer":0,"String":"e","Interface":null}}
2025-08-15T22:12:58.126-0500	DEBUG	protocol/handler.go:596	round already finalized
2025-08-15T22:12:58.126-0500	DEBUG	protocol/handler.go:581	tryAdvanceRound called	{"{current_round 20 2  <nil>}": {"Key":"self","Type":15,"Integer":0,"String":"e","Interface":null}}
2025-08-15T22:12:58.126-0500	DEBUG	protocol/handler.go:1039	sendRoundMessage	{"{from 15 0 c <nil>}": {"Key":"to","Type":15,"Integer":0,"String":"","Interface":null}, "{round 20 3  <nil>}": {"Key":"broadcast","Type":4,"Integer":1,"String":"","Interface":null}}
2025-08-15T22:12:58.126-0500	DEBUG	protocol/handler.go:1591	have processed broadcast	{"{round 20 2  <nil>}": {"Key":"from","Type":15,"Integer":0,"String":"a","Interface":null}}
2025-08-15T22:12:58.126-0500	DEBUG	protocol/handler.go:1657	storing broadcast	{"{round 20 3  <nil>}": {"Key":"from","Type":15,"Integer":0,"String":"c","Interface":null}}
2025-08-15T22:12:58.126-0500	DEBUG	protocol/handler.go:1591	have processed broadcast	{"{round 20 2  <nil>}": {"Key":"from","Type":15,"Integer":0,"String":"b","Interface":null}}
2025-08-15T22:12:58.126-0500	DEBUG	protocol/handler.go:1081	sent message to output channel	{"{from 15 0 c <nil>}": {"Key":"to","Type":15,"Integer":0,"String":"","Interface":null}, "{round 20 3  <nil>}": {"Key":"broadcast","Type":4,"Integer":1,"String":"","Interface":null}}
2025-08-15T22:12:58.126-0500	DEBUG	protocol/handler.go:1591	have processed broadcast	{"{round 20 2  <nil>}": {"Key":"from","Type":15,"Integer":0,"String":"c","Interface":null}}
2025-08-15T22:12:58.126-0500	DEBUG	protocol/handler.go:1591	have processed broadcast	{"{round 20 2  <nil>}": {"Key":"from","Type":15,"Integer":0,"String":"d","Interface":null}}
2025-08-15T22:12:58.126-0500	DEBUG	protocol/handler.go:1039	sendRoundMessage	{"{from 15 0 c <nil>}": {"Key":"to","Type":15,"Integer":0,"String":"a","Interface":null}, "{round 20 3  <nil>}": {"Key":"broadcast","Type":4,"Integer":0,"String":"","Interface":null}}
2025-08-15T22:12:58.126-0500	DEBUG	protocol/handler.go:1649	have all messages and processed	{"{round 20 2  <nil>}": {"Key":"self","Type":15,"Integer":0,"String":"e","Interface":null}}
2025-08-15T22:12:58.126-0500	DEBUG	protocol/handler.go:596	round already finalized
2025-08-15T22:12:58.124-0500	DEBUG	protocol/handler.go:600	current round already advanced	{"{checking 20 2  <nil>}": {"Key":"current","Type":20,"Integer":3,"String":"","Interface":null}}
2025-08-15T22:12:58.126-0500	DEBUG	protocol/handler.go:1081	sent message to output channel	{"{from 15 0 c <nil>}": {"Key":"to","Type":15,"Integer":0,"String":"a","Interface":null}, "{round 20 3  <nil>}": {"Key":"broadcast","Type":4,"Integer":0,"String":"","Interface":null}}
2025-08-15T22:12:58.126-0500	DEBUG	protocol/handler.go:1591	have processed broadcast	{"{round 20 2  <nil>}": {"Key":"from","Type":15,"Integer":0,"String":"c","Interface":null}}
2025-08-15T22:12:58.126-0500	DEBUG	protocol/handler.go:1039	sendRoundMessage	{"{from 15 0 c <nil>}": {"Key":"to","Type":15,"Integer":0,"String":"b","Interface":null}, "{round 20 3  <nil>}": {"Key":"broadcast","Type":4,"Integer":0,"String":"","Interface":null}}
2025-08-15T22:12:58.126-0500	DEBUG	protocol/handler.go:1591	have processed broadcast	{"{round 20 2  <nil>}": {"Key":"from","Type":15,"Integer":0,"String":"d","Interface":null}}
2025-08-15T22:12:58.126-0500	DEBUG	protocol/handler.go:1081	sent message to output channel	{"{from 15 0 c <nil>}": {"Key":"to","Type":15,"Integer":0,"String":"b","Interface":null}, "{round 20 3  <nil>}": {"Key":"broadcast","Type":4,"Integer":0,"String":"","Interface":null}}
2025-08-15T22:12:58.126-0500	DEBUG	protocol/handler.go:1649	have all messages and processed	{"{round 20 2  <nil>}": {"Key":"self","Type":15,"Integer":0,"String":"e","Interface":null}}
2025-08-15T22:12:58.126-0500	DEBUG	protocol/handler.go:596	round already finalized
2025-08-15T22:12:58.126-0500	DEBUG	protocol/handler.go:1039	sendRoundMessage	{"{from 15 0 c <nil>}": {"Key":"to","Type":15,"Integer":0,"String":"d","Interface":null}, "{round 20 3  <nil>}": {"Key":"broadcast","Type":4,"Integer":0,"String":"","Interface":null}}
2025-08-15T22:12:58.126-0500	DEBUG	protocol/handler.go:1081	sent message to output channel	{"{from 15 0 c <nil>}": {"Key":"to","Type":15,"Integer":0,"String":"d","Interface":null}, "{round 20 3  <nil>}": {"Key":"broadcast","Type":4,"Integer":0,"String":"","Interface":null}}
2025-08-15T22:12:58.126-0500	DEBUG	protocol/handler.go:432	processMessage: p2p round 3 START	{"{from 15 0 c <nil>}": {"Key":"to","Type":15,"Integer":0,"String":"d","Interface":null}}
2025-08-15T22:12:58.126-0500	DEBUG	protocol/handler.go:1039	sendRoundMessage	{"{from 15 0 c <nil>}": {"Key":"to","Type":15,"Integer":0,"String":"e","Interface":null}, "{round 20 3  <nil>}": {"Key":"broadcast","Type":4,"Integer":0,"String":"","Interface":null}}
2025-08-15T22:12:58.126-0500	DEBUG	protocol/handler.go:437	processing message	{"{from 15 0 c <nil>}": {"Key":"to","Type":15,"Integer":0,"String":"d","Interface":null}, "{round 20 3  <nil>}": {"Key":"broadcast","Type":4,"Integer":0,"String":"","Interface":null}}
2025-08-15T22:12:58.126-0500	DEBUG	protocol/handler.go:1662	storing message	{"{round 20 3  <nil>}": {"Key":"from","Type":15,"Integer":0,"String":"c","Interface":null}}
2025-08-15T22:12:58.126-0500	DEBUG	protocol/handler.go:1081	sent message to output channel	{"{from 15 0 c <nil>}": {"Key":"to","Type":15,"Integer":0,"String":"e","Interface":null}, "{round 20 3  <nil>}": {"Key":"broadcast","Type":4,"Integer":0,"String":"","Interface":null}}
2025-08-15T22:12:58.127-0500	DEBUG	protocol/handler.go:470	message for different round (buffering)	{"{msg_round 20 3  <nil>}": {"Key":"current_round","Type":20,"Integer":2,"String":"","Interface":null}}
2025-08-15T22:12:58.127-0500	DEBUG	protocol/handler.go:1182	finalized round messages	{"{round 20 2  <nil>}": {"Key":"messages","Type":11,"Integer":5,"String":"","Interface":null}}
2025-08-15T22:12:58.127-0500	DEBUG	protocol/handler.go:581	tryAdvanceRound called	{"{current_round 20 2  <nil>}": {"Key":"self","Type":15,"Integer":0,"String":"d","Interface":null}}
2025-08-15T22:12:58.127-0500	DEBUG	protocol/handler.go:1239	finalize returned next round	{"{current 20 2  <nil>}": {"Key":"next","Type":20,"Integer":3,"String":"","Interface":null}}
2025-08-15T22:12:58.127-0500	INFO	protocol/handler.go:642	storing new currentRound	{"{from 20 2  <nil>}": {"Key":"to","Type":20,"Integer":3,"String":"","Interface":null}}
2025-08-15T22:12:58.127-0500	DEBUG	protocol/handler.go:1591	have processed broadcast	{"{round 20 2  <nil>}": {"Key":"from","Type":15,"Integer":0,"String":"a","Interface":null}}
2025-08-15T22:12:58.127-0500	DEBUG	protocol/handler.go:1503	processing queued messages
2025-08-15T22:12:58.127-0500	DEBUG	protocol/handler.go:1591	have processed broadcast	{"{round 20 2  <nil>}": {"Key":"from","Type":15,"Integer":0,"String":"b","Interface":null}}
2025-08-15T22:12:58.127-0500	INFO	protocol/handler.go:560	advanced to round
2025-08-15T22:12:58.127-0500	DEBUG	protocol/handler.go:1591	have processed broadcast	{"{round 20 2  <nil>}": {"Key":"from","Type":15,"Integer":0,"String":"c","Interface":null}}
2025-08-15T22:12:58.127-0500	DEBUG	protocol/handler.go:581	tryAdvanceRound called	{"{current_round 20 3  <nil>}": {"Key":"self","Type":15,"Integer":0,"String":"c","Interface":null}}
2025-08-15T22:12:58.127-0500	DEBUG	protocol/handler.go:1591	have processed broadcast	{"{round 20 2  <nil>}": {"Key":"from","Type":15,"Integer":0,"String":"a","Interface":null}}
2025-08-15T22:12:58.127-0500	DEBUG	protocol/handler.go:1591	have processed broadcast	{"{round 20 2  <nil>}": {"Key":"from","Type":15,"Integer":0,"String":"e","Interface":null}}
2025-08-15T22:12:58.127-0500	DEBUG	protocol/handler.go:1591	have processed broadcast	{"{round 20 2  <nil>}": {"Key":"from","Type":15,"Integer":0,"String":"b","Interface":null}}
2025-08-15T22:12:58.127-0500	DEBUG	protocol/handler.go:1649	have all messages and processed	{"{round 20 2  <nil>}": {"Key":"self","Type":15,"Integer":0,"String":"d","Interface":null}}
2025-08-15T22:12:58.127-0500	DEBUG	protocol/handler.go:596	round already finalized
2025-08-15T22:12:58.127-0500	DEBUG	protocol/handler.go:1591	have processed broadcast	{"{round 20 2  <nil>}": {"Key":"from","Type":15,"Integer":0,"String":"c","Interface":null}}
2025-08-15T22:12:58.127-0500	DEBUG	protocol/handler.go:1591	have processed broadcast	{"{round 20 2  <nil>}": {"Key":"from","Type":15,"Integer":0,"String":"e","Interface":null}}
2025-08-15T22:12:58.127-0500	DEBUG	protocol/handler.go:437	processing message	{"{from 15 0 c <nil>}": {"Key":"to","Type":15,"Integer":0,"String":"","Interface":null}, "{round 20 3  <nil>}": {"Key":"broadcast","Type":4,"Integer":1,"String":"","Interface":null}}
2025-08-15T22:12:58.127-0500	DEBUG	protocol/handler.go:1649	have all messages and processed	{"{round 20 2  <nil>}": {"Key":"self","Type":15,"Integer":0,"String":"d","Interface":null}}
2025-08-15T22:12:58.127-0500	DEBUG	protocol/handler.go:596	round already finalized
2025-08-15T22:12:58.127-0500	DEBUG	protocol/handler.go:1657	storing broadcast	{"{round 20 3  <nil>}": {"Key":"from","Type":15,"Integer":0,"String":"c","Interface":null}}
2025-08-15T22:12:58.127-0500	DEBUG	protocol/handler.go:437	processing message	{"{from 15 0 c <nil>}": {"Key":"to","Type":15,"Integer":0,"String":"","Interface":null}, "{round 20 3  <nil>}": {"Key":"broadcast","Type":4,"Integer":1,"String":"","Interface":null}}
2025-08-15T22:12:58.127-0500	DEBUG	protocol/handler.go:1657	storing broadcast	{"{round 20 3  <nil>}": {"Key":"from","Type":15,"Integer":0,"String":"c","Interface":null}}
2025-08-15T22:12:58.127-0500	DEBUG	protocol/handler.go:581	tryAdvanceRound called	{"{current_round 20 3  <nil>}": {"Key":"self","Type":15,"Integer":0,"String":"b","Interface":null}}
2025-08-15T22:12:58.127-0500	DEBUG	protocol/handler.go:470	message for different round (buffering)	{"{msg_round 20 3  <nil>}": {"Key":"current_round","Type":20,"Integer":2,"String":"","Interface":null}}
2025-08-15T22:12:58.127-0500	DEBUG	protocol/handler.go:1591	have processed broadcast	{"{round 20 3  <nil>}": {"Key":"from","Type":15,"Integer":0,"String":"c","Interface":null}}
2025-08-15T22:12:58.127-0500	DEBUG	protocol/handler.go:581	tryAdvanceRound called	{"{current_round 20 2  <nil>}": {"Key":"self","Type":15,"Integer":0,"String":"d","Interface":null}}
2025-08-15T22:12:58.127-0500	DEBUG	protocol/handler.go:1591	have processed broadcast	{"{round 20 2  <nil>}": {"Key":"from","Type":15,"Integer":0,"String":"a","Interface":null}}
2025-08-15T22:12:58.127-0500	DEBUG	protocol/handler.go:1591	have processed broadcast	{"{round 20 2  <nil>}": {"Key":"from","Type":15,"Integer":0,"String":"b","Interface":null}}
2025-08-15T22:12:58.127-0500	DEBUG	protocol/handler.go:1591	have processed broadcast	{"{round 20 2  <nil>}": {"Key":"from","Type":15,"Integer":0,"String":"c","Interface":null}}
2025-08-15T22:12:58.127-0500	DEBUG	protocol/handler.go:1591	have processed broadcast	{"{round 20 2  <nil>}": {"Key":"from","Type":15,"Integer":0,"String":"e","Interface":null}}
2025-08-15T22:12:58.127-0500	DEBUG	protocol/handler.go:1649	have all messages and processed	{"{round 20 2  <nil>}": {"Key":"self","Type":15,"Integer":0,"String":"d","Interface":null}}
2025-08-15T22:12:58.127-0500	DEBUG	protocol/handler.go:596	round already finalized
==================
WARNING: DATA RACE
Write at 0x00c0005aa25c by goroutine 2026:
  ??()
      -:0 +0x104ad5eb0
  sync/atomic.AddInt32()
      <autogenerated>:1 +0x14
  sync.(*Mutex).Unlock()
      /opt/homebrew/Cellar/go/1.24.6/libexec/src/sync/mutex.go:65 +0x2c
  github.com/luxfi/threshold/protocols/frost/keygen.(*round2).Finalize()
      /Users/z/work/lux/threshold/protocols/frost/keygen/round2.go:159 +0x7a0
  github.com/luxfi/threshold/pkg/protocol.(*Handler).finalizeRound.func1()
      /Users/z/work/lux/threshold/pkg/protocol/handler.go:1163 +0xe4

Previous read at 0x00c0005aa258 by goroutine 1963:
  github.com/luxfi/threshold/protocols/frost/keygen.(*round2).Number()
      <autogenerated>:1 +0x38
  github.com/luxfi/threshold/pkg/protocol.(*Handler).tryAdvanceRound()
      /Users/z/work/lux/threshold/pkg/protocol/handler.go:606 +0x6c8
  github.com/luxfi/threshold/pkg/protocol.(*Handler).processMessage()
      /Users/z/work/lux/threshold/pkg/protocol/handler.go:474 +0xb70
  github.com/luxfi/threshold/pkg/protocol.(*Handler).messageWorker()
      /Users/z/work/lux/threshold/pkg/protocol/handler.go:408 +0x338
  github.com/luxfi/threshold/pkg/protocol.(*Handler).startWorkers.gowrap2()
      /Users/z/work/lux/threshold/pkg/protocol/handler.go:361 +0x44

Goroutine 2026 (running) created at:
  github.com/luxfi/threshold/pkg/protocol.(*Handler).finalizeRound()
      /Users/z/work/lux/threshold/pkg/protocol/handler.go:1160 +0x26c
  github.com/luxfi/threshold/pkg/protocol.(*Handler).tryAdvanceRound()
      /Users/z/work/lux/threshold/pkg/protocol/handler.go:622 +0xae4
  github.com/luxfi/threshold/pkg/protocol.(*Handler).roundProcessor()
      /Users/z/work/lux/threshold/pkg/protocol/handler.go:569 +0xb4
  github.com/luxfi/threshold/pkg/protocol.(*Handler).startWorkers.func1()
      /Users/z/work/lux/threshold/pkg/protocol/handler.go:374 +0x78

Goroutine 1963 (running) created at:
  github.com/luxfi/threshold/pkg/protocol.(*Handler).startWorkers()
      /Users/z/work/lux/threshold/pkg/protocol/handler.go:361 +0x334
  github.com/luxfi/threshold/pkg/protocol.NewHandler()
      /Users/z/work/lux/threshold/pkg/protocol/handler.go:247 +0xf10
  github.com/luxfi/threshold/internal/test.(*Harness).CreateHandler()
      /Users/z/work/lux/threshold/internal/test/harness.go:91 +0x2e4
  github.com/luxfi/threshold/internal/test.RunProtocol()
      /Users/z/work/lux/threshold/internal/test/harness.go:270 +0x230
  github.com/luxfi/threshold/internal/test.RunMultipleProtocolTests.(*ProtocolTest).Run.func1()
      /Users/z/work/lux/threshold/internal/test/protocol_helpers.go:34 +0xe0
  testing.tRunner()
      /opt/homebrew/Cellar/go/1.24.6/libexec/src/testing/testing.go:1792 +0x180
  testing.(*T).Run.gowrap1()
      /opt/homebrew/Cellar/go/1.24.6/libexec/src/testing/testing.go:1851 +0x40
==================
2025-08-15T22:12:58.128-0500	DEBUG	protocol/handler.go:1039	sendRoundMessage	{"{from 15 0 d <nil>}": {"Key":"to","Type":15,"Integer":0,"String":"","Interface":null}, "{round 20 3  <nil>}": {"Key":"broadcast","Type":4,"Integer":1,"String":"","Interface":null}}
2025-08-15T22:12:58.128-0500	DEBUG	protocol/handler.go:1657	storing broadcast	{"{round 20 3  <nil>}": {"Key":"from","Type":15,"Integer":0,"String":"d","Interface":null}}
2025-08-15T22:12:58.128-0500	DEBUG	protocol/handler.go:437	processing message	{"{from 15 0 c <nil>}": {"Key":"to","Type":15,"Integer":0,"String":"","Interface":null}, "{round 20 3  <nil>}": {"Key":"broadcast","Type":4,"Integer":1,"String":"","Interface":null}}
2025-08-15T22:12:58.128-0500	DEBUG	protocol/handler.go:1657	storing broadcast	{"{round 20 3  <nil>}": {"Key":"from","Type":15,"Integer":0,"String":"c","Interface":null}}
2025-08-15T22:12:58.127-0500	DEBUG	protocol/handler.go:1600	waiting for broadcasts	{"{round 20 3  <nil>}": {"Key":"missing","Type":15,"Integer":0,"String":"[a d e]","Interface":null}}
2025-08-15T22:12:58.124-0500	DEBUG	protocol/handler.go:581	tryAdvanceRound called	{"{current_round 20 2  <nil>}": {"Key":"self","Type":15,"Integer":0,"String":"d","Interface":null}}
2025-08-15T22:12:58.128-0500	DEBUG	protocol/handler.go:470	message for different round (buffering)	{"{msg_round 20 3  <nil>}": {"Key":"current_round","Type":20,"Integer":2,"String":"","Interface":null}}
2025-08-15T22:12:58.128-0500	DEBUG	protocol/handler.go:1591	have processed broadcast	{"{round 20 2  <nil>}": {"Key":"from","Type":15,"Integer":0,"String":"a","Interface":null}}
2025-08-15T22:12:58.128-0500	DEBUG	protocol/handler.go:432	processMessage: p2p round 3 START	{"{from 15 0 c <nil>}": {"Key":"to","Type":15,"Integer":0,"String":"a","Interface":null}}
2025-08-15T22:12:58.128-0500	DEBUG	protocol/handler.go:1591	have processed broadcast	{"{round 20 2  <nil>}": {"Key":"from","Type":15,"Integer":0,"String":"b","Interface":null}}
2025-08-15T22:12:58.128-0500	DEBUG	protocol/handler.go:1081	sent message to output channel	{"{from 15 0 d <nil>}": {"Key":"to","Type":15,"Integer":0,"String":"","Interface":null}, "{round 20 3  <nil>}": {"Key":"broadcast","Type":4,"Integer":1,"String":"","Interface":null}}
2025-08-15T22:12:58.128-0500	DEBUG	protocol/handler.go:1591	have processed broadcast	{"{round 20 2  <nil>}": {"Key":"from","Type":15,"Integer":0,"String":"c","Interface":null}}
2025-08-15T22:12:58.128-0500	DEBUG	protocol/handler.go:437	processing message	{"{from 15 0 c <nil>}": {"Key":"to","Type":15,"Integer":0,"String":"a","Interface":null}, "{round 20 3  <nil>}": {"Key":"broadcast","Type":4,"Integer":0,"String":"","Interface":null}}
2025-08-15T22:12:58.128-0500	DEBUG	protocol/handler.go:1662	storing message	{"{round 20 3  <nil>}": {"Key":"from","Type":15,"Integer":0,"String":"c","Interface":null}}
2025-08-15T22:12:58.128-0500	DEBUG	protocol/handler.go:1039	sendRoundMessage	{"{from 15 0 d <nil>}": {"Key":"to","Type":15,"Integer":0,"String":"a","Interface":null}, "{round 20 3  <nil>}": {"Key":"broadcast","Type":4,"Integer":0,"String":"","Interface":null}}
2025-08-15T22:12:58.128-0500	DEBUG	protocol/handler.go:470	message for different round (buffering)	{"{msg_round 20 3  <nil>}": {"Key":"current_round","Type":20,"Integer":2,"String":"","Interface":null}}
2025-08-15T22:12:58.128-0500	DEBUG	protocol/handler.go:437	processing message	{"{from 15 0 d <nil>}": {"Key":"to","Type":15,"Integer":0,"String":"","Interface":null}, "{round 20 3  <nil>}": {"Key":"broadcast","Type":4,"Integer":1,"String":"","Interface":null}}
2025-08-15T22:12:58.128-0500	DEBUG	protocol/handler.go:1081	sent message to output channel	{"{from 15 0 d <nil>}": {"Key":"to","Type":15,"Integer":0,"String":"a","Interface":null}, "{round 20 3  <nil>}": {"Key":"broadcast","Type":4,"Integer":0,"String":"","Interface":null}}
2025-08-15T22:12:58.128-0500	DEBUG	protocol/handler.go:1657	storing broadcast	{"{round 20 3  <nil>}": {"Key":"from","Type":15,"Integer":0,"String":"d","Interface":null}}
2025-08-15T22:12:58.128-0500	DEBUG	protocol/handler.go:432	processMessage: p2p round 3 START	{"{from 15 0 c <nil>}": {"Key":"to","Type":15,"Integer":0,"String":"b","Interface":null}}
2025-08-15T22:12:58.128-0500	DEBUG	protocol/handler.go:1039	sendRoundMessage	{"{from 15 0 d <nil>}": {"Key":"to","Type":15,"Integer":0,"String":"b","Interface":null}, "{round 20 3  <nil>}": {"Key":"broadcast","Type":4,"Integer":0,"String":"","Interface":null}}
2025-08-15T22:12:58.128-0500	DEBUG	protocol/handler.go:470	message for different round (buffering)	{"{msg_round 20 3  <nil>}": {"Key":"current_round","Type":20,"Integer":2,"String":"","Interface":null}}
2025-08-15T22:12:58.128-0500	DEBUG	protocol/handler.go:437	processing message	{"{from 15 0 c <nil>}": {"Key":"to","Type":15,"Integer":0,"String":"b","Interface":null}, "{round 20 3  <nil>}": {"Key":"broadcast","Type":4,"Integer":0,"String":"","Interface":null}}
2025-08-15T22:12:58.129-0500	DEBUG	protocol/handler.go:581	tryAdvanceRound called	{"{current_round 20 2  <nil>}": {"Key":"self","Type":15,"Integer":0,"String":"a","Interface":null}}
2025-08-15T22:12:58.128-0500	DEBUG	protocol/handler.go:581	tryAdvanceRound called	{"{current_round 20 2  <nil>}": {"Key":"self","Type":15,"Integer":0,"String":"a","Interface":null}}
2025-08-15T22:12:58.129-0500	DEBUG	protocol/handler.go:1662	storing message	{"{round 20 3  <nil>}": {"Key":"from","Type":15,"Integer":0,"String":"c","Interface":null}}
2025-08-15T22:12:58.126-0500	DEBUG	protocol/handler.go:470	message for different round (buffering)	{"{msg_round 20 3  <nil>}": {"Key":"current_round","Type":20,"Integer":2,"String":"","Interface":null}}
2025-08-15T22:12:58.130-0500	DEBUG	protocol/handler.go:581	tryAdvanceRound called	{"{current_round 20 2  <nil>}": {"Key":"self","Type":15,"Integer":0,"String":"a","Interface":null}}
==================
WARNING: DATA RACE
Write at 0x00c000df259c by goroutine 1881:
  ??()
      -:0 +0x104ada650
  sync/atomic.CompareAndSwapInt32()
      <autogenerated>:1 +0x18
  sync.(*Mutex).Lock()
      /opt/homebrew/Cellar/go/1.24.6/libexec/src/sync/mutex.go:46 +0x2c
  github.com/luxfi/threshold/protocols/frost/keygen.(*round2).StoreBroadcastMessage()
      /Users/z/work/lux/threshold/protocols/frost/keygen/round2.go:57 +0x58
  github.com/luxfi/threshold/pkg/protocol.(*Handler).verifyBroadcastForRound()
      /Users/z/work/lux/threshold/pkg/protocol/handler.go:1277 +0x3a0
  github.com/luxfi/threshold/pkg/protocol.(*Handler).retryUnprocessedMessages()
      /Users/z/work/lux/threshold/pkg/protocol/handler.go:1483 +0x22c
  github.com/luxfi/threshold/pkg/protocol.(*Handler).tryAdvanceRound()
      /Users/z/work/lux/threshold/pkg/protocol/handler.go:587 +0x28c
  github.com/luxfi/threshold/pkg/protocol.(*Handler).processMessage()
      /Users/z/work/lux/threshold/pkg/protocol/handler.go:474 +0xb70
  github.com/luxfi/threshold/pkg/protocol.(*Handler).messageWorker()
      /Users/z/work/lux/threshold/pkg/protocol/handler.go:408 +0x338
  github.com/luxfi/threshold/pkg/protocol.(*Handler).startWorkers.gowrap2()
      /Users/z/work/lux/threshold/pkg/protocol/handler.go:361 +0x44

Previous read at 0x00c000df2598 by goroutine 1884:
  github.com/luxfi/threshold/protocols/frost/keygen.(*round2).Number()
      <autogenerated>:1 +0x38
  github.com/luxfi/threshold/pkg/protocol.(*Handler).tryAdvanceRound()
      /Users/z/work/lux/threshold/pkg/protocol/handler.go:587 +0x280
  github.com/luxfi/threshold/pkg/protocol.(*Handler).processMessage()
      /Users/z/work/lux/threshold/pkg/protocol/handler.go:474 +0xb70
  github.com/luxfi/threshold/pkg/protocol.(*Handler).messageWorker()
      /Users/z/work/lux/threshold/pkg/protocol/handler.go:408 +0x338
  github.com/luxfi/threshold/pkg/protocol.(*Handler).startWorkers.gowrap2()
      /Users/z/work/lux/threshold/pkg/protocol/handler.go:361 +0x44

Goroutine 1881 (running) created at:
  github.com/luxfi/threshold/pkg/protocol.(*Handler).startWorkers()
      /Users/z/work/lux/threshold/pkg/protocol/handler.go:361 +0x334
  github.com/luxfi/threshold/pkg/protocol.NewHandler()
      /Users/z/work/lux/threshold/pkg/protocol/handler.go:247 +0xf10
  github.com/luxfi/threshold/internal/test.(*Harness).CreateHandler()
      /Users/z/work/lux/threshold/internal/test/harness.go:91 +0x2e4
  github.com/luxfi/threshold/internal/test.RunProtocol()
      /Users/z/work/lux/threshold/internal/test/harness.go:270 +0x230
  github.com/luxfi/threshold/internal/test.RunMultipleProtocolTests.(*ProtocolTest).Run.func1()
      /Users/z/work/lux/threshold/internal/test/protocol_helpers.go:34 +0xe0
  testing.tRunner()
      /opt/homebrew/Cellar/go/1.24.6/libexec/src/testing/testing.go:1792 +0x180
  testing.(*T).Run.gowrap1()
      /opt/homebrew/Cellar/go/1.24.6/libexec/src/testing/testing.go:1851 +0x40

Goroutine 1884 (running) created at:
  github.com/luxfi/threshold/pkg/protocol.(*Handler).startWorkers()
      /Users/z/work/lux/threshold/pkg/protocol/handler.go:361 +0x334
  github.com/luxfi/threshold/pkg/protocol.NewHandler()
      /Users/z/work/lux/threshold/pkg/protocol/handler.go:247 +0xf10
  github.com/luxfi/threshold/internal/test.(*Harness).CreateHandler()
      /Users/z/work/lux/threshold/internal/test/harness.go:91 +0x2e4
  github.com/luxfi/threshold/internal/test.RunProtocol()
      /Users/z/work/lux/threshold/internal/test/harness.go:270 +0x230
  github.com/luxfi/threshold/internal/test.RunMultipleProtocolTests.(*ProtocolTest).Run.func1()
      /Users/z/work/lux/threshold/internal/test/protocol_helpers.go:34 +0xe0
  testing.tRunner()
      /opt/homebrew/Cellar/go/1.24.6/libexec/src/testing/testing.go:1792 +0x180
  testing.(*T).Run.gowrap1()
      /opt/homebrew/Cellar/go/1.24.6/libexec/src/testing/testing.go:1851 +0x40
==================
==================
WARNING: DATA RACE
Write at 0x00c000df259c by goroutine 1881:
  ??()
      -:0 +0x104ad5eb0
  sync/atomic.AddInt32()
      <autogenerated>:1 +0x14
  sync.(*Mutex).Unlock()
      /opt/homebrew/Cellar/go/1.24.6/libexec/src/sync/mutex.go:65 +0x2c
  github.com/luxfi/threshold/protocols/frost/keygen.(*round2).StoreBroadcastMessage()
      /Users/z/work/lux/threshold/protocols/frost/keygen/round2.go:62 +0x78
  github.com/luxfi/threshold/pkg/protocol.(*Handler).verifyBroadcastForRound()
      /Users/z/work/lux/threshold/pkg/protocol/handler.go:1277 +0x3a0
2025-08-15T22:12:58.128-0500	DEBUG	protocol/handler.go:581	tryAdvanceRound called	{"{current_round 20 2  <nil>}": {"Key":"self","Type":15,"Integer":0,"String":"a","Interface":null}}
  github.com/luxfi/threshold/pkg/protocol.(*Handler).retryUnprocessedMessages()
      /Users/z/work/lux/threshold/pkg/protocol/handler.go:1483 +0x22c
  github.com/luxfi/threshold/pkg/protocol.(*Handler).tryAdvanceRound()
      /Users/z/work/lux/threshold/pkg/protocol/handler.go:587 +0x28c
  github.com/luxfi/threshold/pkg/protocol.(*Handler).processMessage()
      /Users/z/work/lux/threshold/pkg/protocol/handler.go:474 +0xb70
  github.com/luxfi/threshold/pkg/protocol.(*Handler).messageWorker()
      /Users/z/work/lux/threshold/pkg/protocol/handler.go:408 +0x338
  github.com/luxfi/threshold/pkg/protocol.(*Handler).startWorkers.gowrap2()
      /Users/z/work/lux/threshold/pkg/protocol/handler.go:361 +0x44

Previous read at 0x00c000df2598 by goroutine 1878:
  github.com/luxfi/threshold/protocols/frost/keygen.(*round2).Number()
      <autogenerated>:1 +0x38
  github.com/luxfi/threshold/pkg/protocol.(*Handler).tryAdvanceRound()
      /Users/z/work/lux/threshold/pkg/protocol/handler.go:587 +0x280
  github.com/luxfi/threshold/pkg/protocol.(*Handler).processMessage()
      /Users/z/work/lux/threshold/pkg/protocol/handler.go:474 +0xb70
  github.com/luxfi/threshold/pkg/protocol.(*Handler).messageWorker()
      /Users/z/work/lux/threshold/pkg/protocol/handler.go:408 +0x338
  github.com/luxfi/threshold/pkg/protocol.(*Handler).startWorkers.gowrap1()
      /Users/z/work/lux/threshold/pkg/protocol/handler.go:355 +0x44

Goroutine 1881 (running) created at:
  github.com/luxfi/threshold/pkg/protocol.(*Handler).startWorkers()
      /Users/z/work/lux/threshold/pkg/protocol/handler.go:361 +0x334
  github.com/luxfi/threshold/pkg/protocol.NewHandler()
      /Users/z/work/lux/threshold/pkg/protocol/handler.go:247 +0xf10
  github.com/luxfi/threshold/internal/test.(*Harness).CreateHandler()
      /Users/z/work/lux/threshold/internal/test/harness.go:91 +0x2e4
  github.com/luxfi/threshold/internal/test.RunProtocol()
      /Users/z/work/lux/threshold/internal/test/harness.go:270 +0x230
  github.com/luxfi/threshold/internal/test.RunMultipleProtocolTests.(*ProtocolTest).Run.func1()
      /Users/z/work/lux/threshold/internal/test/protocol_helpers.go:34 +0xe0
  testing.tRunner()
      /opt/homebrew/Cellar/go/1.24.6/libexec/src/testing/testing.go:1792 +0x180
  testing.(*T).Run.gowrap1()
      /opt/homebrew/Cellar/go/1.24.6/libexec/src/testing/testing.go:1851 +0x40

Goroutine 1878 (running) created at:
  github.com/luxfi/threshold/pkg/protocol.(*Handler).startWorkers()
      /Users/z/work/lux/threshold/pkg/protocol/handler.go:355 +0x27c
  github.com/luxfi/threshold/pkg/protocol.NewHandler()
      /Users/z/work/lux/threshold/pkg/protocol/handler.go:247 +0xf10
  github.com/luxfi/threshold/internal/test.(*Harness).CreateHandler()
      /Users/z/work/lux/threshold/internal/test/harness.go:91 +0x2e4
  github.com/luxfi/threshold/internal/test.RunProtocol()
      /Users/z/work/lux/threshold/internal/test/harness.go:270 +0x230
  github.com/luxfi/threshold/internal/test.RunMultipleProtocolTests.(*ProtocolTest).Run.func1()
      /Users/z/work/lux/threshold/internal/test/protocol_helpers.go:34 +0xe0
  testing.tRunner()
      /opt/homebrew/Cellar/go/1.24.6/libexec/src/testing/testing.go:1792 +0x180
  testing.(*T).Run.gowrap1()
      /opt/homebrew/Cellar/go/1.24.6/libexec/src/testing/testing.go:1851 +0x40
==================
2025-08-15T22:12:58.130-0500	DEBUG	protocol/handler.go:1039	sendRoundMessage	{"{from 15 0 e <nil>}": {"Key":"to","Type":15,"Integer":0,"String":"","Interface":null}, "{round 20 3  <nil>}": {"Key":"broadcast","Type":4,"Integer":1,"String":"","Interface":null}}
2025-08-15T22:12:58.130-0500	DEBUG	protocol/handler.go:1657	storing broadcast	{"{round 20 3  <nil>}": {"Key":"from","Type":15,"Integer":0,"String":"e","Interface":null}}
2025-08-15T22:12:58.130-0500	DEBUG	protocol/handler.go:1081	sent message to output channel	{"{from 15 0 e <nil>}": {"Key":"to","Type":15,"Integer":0,"String":"","Interface":null}, "{round 20 3  <nil>}": {"Key":"broadcast","Type":4,"Integer":1,"String":"","Interface":null}}
2025-08-15T22:12:58.130-0500	DEBUG	protocol/handler.go:1039	sendRoundMessage	{"{from 15 0 e <nil>}": {"Key":"to","Type":15,"Integer":0,"String":"a","Interface":null}, "{round 20 3  <nil>}": {"Key":"broadcast","Type":4,"Integer":0,"String":"","Interface":null}}
2025-08-15T22:12:58.130-0500	DEBUG	protocol/handler.go:1081	sent message to output channel	{"{from 15 0 e <nil>}": {"Key":"to","Type":15,"Integer":0,"String":"a","Interface":null}, "{round 20 3  <nil>}": {"Key":"broadcast","Type":4,"Integer":0,"String":"","Interface":null}}
2025-08-15T22:12:58.130-0500	DEBUG	protocol/handler.go:1039	sendRoundMessage	{"{from 15 0 e <nil>}": {"Key":"to","Type":15,"Integer":0,"String":"b","Interface":null}, "{round 20 3  <nil>}": {"Key":"broadcast","Type":4,"Integer":0,"String":"","Interface":null}}
2025-08-15T22:12:58.130-0500	DEBUG	protocol/handler.go:581	tryAdvanceRound called	{"{current_round 20 3  <nil>}": {"Key":"self","Type":15,"Integer":0,"String":"b","Interface":null}}
2025-08-15T22:12:58.130-0500	DEBUG	protocol/handler.go:1081	sent message to output channel	{"{from 15 0 e <nil>}": {"Key":"to","Type":15,"Integer":0,"String":"b","Interface":null}, "{round 20 3  <nil>}": {"Key":"broadcast","Type":4,"Integer":0,"String":"","Interface":null}}
2025-08-15T22:12:58.130-0500	DEBUG	protocol/handler.go:1591	have processed broadcast	{"{round 20 3  <nil>}": {"Key":"from","Type":15,"Integer":0,"String":"c","Interface":null}}
2025-08-15T22:12:58.130-0500	DEBUG	protocol/handler.go:1039	sendRoundMessage	{"{from 15 0 e <nil>}": {"Key":"to","Type":15,"Integer":0,"String":"c","Interface":null}, "{round 20 3  <nil>}": {"Key":"broadcast","Type":4,"Integer":0,"String":"","Interface":null}}
2025-08-15T22:12:58.130-0500	DEBUG	protocol/handler.go:1600	waiting for broadcasts	{"{round 20 3  <nil>}": {"Key":"missing","Type":15,"Integer":0,"String":"[a d e]","Interface":null}}
2025-08-15T22:12:58.130-0500	DEBUG	protocol/handler.go:1081	sent message to output channel	{"{from 15 0 e <nil>}": {"Key":"to","Type":15,"Integer":0,"String":"c","Interface":null}, "{round 20 3  <nil>}": {"Key":"broadcast","Type":4,"Integer":0,"String":"","Interface":null}}
2025-08-15T22:12:58.130-0500	DEBUG	protocol/handler.go:437	processing message	{"{from 15 0 c <nil>}": {"Key":"to","Type":15,"Integer":0,"String":"","Interface":null}, "{round 20 3  <nil>}": {"Key":"broadcast","Type":4,"Integer":1,"String":"","Interface":null}}
2025-08-15T22:12:58.131-0500	DEBUG	protocol/handler.go:1039	sendRoundMessage	{"{from 15 0 e <nil>}": {"Key":"to","Type":15,"Integer":0,"String":"d","Interface":null}, "{round 20 3  <nil>}": {"Key":"broadcast","Type":4,"Integer":0,"String":"","Interface":null}}
2025-08-15T22:12:58.131-0500	DEBUG	protocol/handler.go:1657	storing broadcast	{"{round 20 3  <nil>}": {"Key":"from","Type":15,"Integer":0,"String":"c","Interface":null}}
==================
WARNING: DATA RACE
Read at 0x00c000bd55d8 by goroutine 1991:
  github.com/luxfi/threshold/protocols/frost/keygen.(*round2).Number()
      <autogenerated>:1 +0x38
  github.com/luxfi/threshold/pkg/protocol.(*Handler).processMessage()
      /Users/z/work/lux/threshold/pkg/protocol/handler.go:469 +0x94c
  github.com/luxfi/threshold/pkg/protocol.(*Handler).messageWorker()
      /Users/z/work/lux/threshold/pkg/protocol/handler.go:408 +0x338
  github.com/luxfi/threshold/pkg/protocol.(*Handler).startWorkers.gowrap2()
      /Users/z/work/lux/threshold/pkg/protocol/handler.go:361 +0x44

Previous write at 0x00c000bd55d8 by goroutine 2024:
  github.com/luxfi/threshold/protocols/frost/keygen.(*round2).Finalize()
      /Users/z/work/lux/threshold/protocols/frost/keygen/round2.go:158 +0x78c
2025-08-15T22:12:58.131-0500	DEBUG	protocol/handler.go:1081	sent message to output channel	{"{from 15 0 e <nil>}": {"Key":"to","Type":15,"Integer":0,"String":"d","Interface":null}, "{round 20 3  <nil>}": {"Key":"broadcast","Type":4,"Integer":0,"String":"","Interface":null}}
  github.com/luxfi/threshold/pkg/protocol.(*Handler).finalizeRound.func1()
      /Users/z/work/lux/threshold/pkg/protocol/handler.go:1163 +0xe4

Goroutine 1991 (running) created at:
  github.com/luxfi/threshold/pkg/protocol.(*Handler).startWorkers()
      /Users/z/work/lux/threshold/pkg/protocol/handler.go:361 +0x334
  github.com/luxfi/threshold/pkg/protocol.NewHandler()
      /Users/z/work/lux/threshold/pkg/protocol/handler.go:247 +0xf10
  github.com/luxfi/threshold/internal/test.(*Harness).CreateHandler()
      /Users/z/work/lux/threshold/internal/test/harness.go:91 +0x2e4
  github.com/luxfi/threshold/internal/test.RunProtocol()
      /Users/z/work/lux/threshold/internal/test/harness.go:270 +0x230
  github.com/luxfi/threshold/internal/test.RunMultipleProtocolTests.(*ProtocolTest).Run.func1()
      /Users/z/work/lux/threshold/internal/test/protocol_helpers.go:34 +0xe0
  testing.tRunner()
      /opt/homebrew/Cellar/go/1.24.6/libexec/src/testing/testing.go:1792 +0x180
  testing.(*T).Run.gowrap1()
      /opt/homebrew/Cellar/go/1.24.6/libexec/src/testing/testing.go:1851 +0x40

Goroutine 2024 (finished) created at:
  github.com/luxfi/threshold/pkg/protocol.(*Handler).finalizeRound()
      /Users/z/work/lux/threshold/pkg/protocol/handler.go:1160 +0x26c
  github.com/luxfi/threshold/pkg/protocol.(*Handler).tryAdvanceRound()
      /Users/z/work/lux/threshold/pkg/protocol/handler.go:622 +0xae4
  github.com/luxfi/threshold/pkg/protocol.(*Handler).processMessage()
      /Users/z/work/lux/threshold/pkg/protocol/handler.go:486 +0xbb0
  github.com/luxfi/threshold/pkg/protocol.(*Handler).messageWorker()
      /Users/z/work/lux/threshold/pkg/protocol/handler.go:408 +0x338
  github.com/luxfi/threshold/pkg/protocol.(*Handler).startWorkers.gowrap2()
      /Users/z/work/lux/threshold/pkg/protocol/handler.go:361 +0x44
==================
2025-08-15T22:12:58.131-0500	DEBUG	protocol/handler.go:470	message for different round (buffering)	{"{msg_round 20 3  <nil>}": {"Key":"current_round","Type":20,"Integer":2,"String":"","Interface":null}}
2025-08-15T22:12:58.131-0500	DEBUG	protocol/handler.go:581	tryAdvanceRound called	{"{current_round 20 2  <nil>}": {"Key":"self","Type":15,"Integer":0,"String":"e","Interface":null}}
2025-08-15T22:12:58.131-0500	DEBUG	protocol/handler.go:1591	have processed broadcast	{"{round 20 2  <nil>}": {"Key":"from","Type":15,"Integer":0,"String":"a","Interface":null}}
==================
WARNING: DATA RACE
Read at 0x00c000df2598 by goroutine 1882:
  github.com/luxfi/threshold/protocols/frost/keygen.(*round2).Number()
      <autogenerated>:1 +0x38
  github.com/luxfi/threshold/pkg/protocol.(*Handler).tryAdvanceRound()
      /Users/z/work/lux/threshold/pkg/protocol/handler.go:582 +0x70
  github.com/luxfi/threshold/pkg/protocol.(*Handler).processMessage()
      /Users/z/work/lux/threshold/pkg/protocol/handler.go:486 +0xbb0
  github.com/luxfi/threshold/pkg/protocol.(*Handler).messageWorker()
      /Users/z/work/lux/threshold/pkg/protocol/handler.go:408 +0x338
  github.com/luxfi/threshold/pkg/protocol.(*Handler).startWorkers.gowrap2()
      /Users/z/work/lux/threshold/pkg/protocol/handler.go:361 +0x44

Previous write at 0x00c000df259c by goroutine 1881:
  ??()
      -:0 +0x104ada650
  sync/atomic.CompareAndSwapInt32()
      <autogenerated>:1 +0x18
  internal/sync.(*Mutex).Unlock()
      /opt/homebrew/Cellar/go/1.24.6/libexec/src/internal/sync/mutex.go:198 +0x48
  sync.(*Mutex).Unlock()
      /opt/homebrew/Cellar/go/1.24.6/libexec/src/sync/mutex.go:65 +0x2c
  github.com/luxfi/threshold/protocols/frost/keygen.(*round2).StoreBroadcastMessage()
      /Users/z/work/lux/threshold/protocols/frost/keygen/round2.go:62 +0x78
  github.com/luxfi/threshold/pkg/protocol.(*Handler).verifyBroadcastForRound()
      /Users/z/work/lux/threshold/pkg/protocol/handler.go:1277 +0x3a0
  github.com/luxfi/threshold/pkg/protocol.(*Handler).retryUnprocessedMessages()
      /Users/z/work/lux/threshold/pkg/protocol/handler.go:1483 +0x22c
  github.com/luxfi/threshold/pkg/protocol.(*Handler).tryAdvanceRound()
      /Users/z/work/lux/threshold/pkg/protocol/handler.go:587 +0x28c
  github.com/luxfi/threshold/pkg/protocol.(*Handler).processMessage()
      /Users/z/work/lux/threshold/pkg/protocol/handler.go:474 +0xb70
  github.com/luxfi/threshold/pkg/protocol.(*Handler).messageWorker()
      /Users/z/work/lux/threshold/pkg/protocol/handler.go:408 +0x338
  github.com/luxfi/threshold/pkg/protocol.(*Handler).startWorkers.gowrap2()
      /Users/z/work/lux/threshold/pkg/protocol/handler.go:361 +0x44

Goroutine 1882 (running) created at:
  github.com/luxfi/threshold/pkg/protocol.(*Handler).startWorkers()
      /Users/z/work/lux/threshold/pkg/protocol/handler.go:361 +0x334
  github.com/luxfi/threshold/pkg/protocol.NewHandler()
      /Users/z/work/lux/threshold/pkg/protocol/handler.go:247 +0xf10
  github.com/luxfi/threshold/internal/test.(*Harness).CreateHandler()
      /Users/z/work/lux/threshold/internal/test/harness.go:91 +0x2e4
  github.com/luxfi/threshold/internal/test.RunProtocol()
      /Users/z/work/lux/threshold/internal/test/harness.go:270 +0x230
  github.com/luxfi/threshold/internal/test.RunMultipleProtocolTests.(*ProtocolTest).Run.func1()
      /Users/z/work/lux/threshold/internal/test/protocol_helpers.go:34 +0xe0
  testing.tRunner()
      /opt/homebrew/Cellar/go/1.24.6/libexec/src/testing/testing.go:1792 +0x180
  testing.(*T).Run.gowrap1()
      /opt/homebrew/Cellar/go/1.24.6/libexec/src/testing/testing.go:1851 +0x40

Goroutine 1881 (running) created at:
  github.com/luxfi/threshold/pkg/protocol.(*Handler).startWorkers()
      /Users/z/work/lux/threshold/pkg/protocol/handler.go:361 +0x334
  github.com/luxfi/threshold/pkg/protocol.NewHandler()
      /Users/z/work/lux/threshold/pkg/protocol/handler.go:247 +0xf10
  github.com/luxfi/threshold/internal/test.(*Harness).CreateHandler()
      /Users/z/work/lux/threshold/internal/test/harness.go:91 +0x2e4
  github.com/luxfi/threshold/internal/test.RunProtocol()
      /Users/z/work/lux/threshold/internal/test/harness.go:270 +0x230
  github.com/luxfi/threshold/internal/test.RunMultipleProtocolTests.(*ProtocolTest).Run.func1()
      /Users/z/work/lux/threshold/internal/test/protocol_helpers.go:34 +0xe0
  testing.tRunner()
      /opt/homebrew/Cellar/go/1.24.6/libexec/src/testing/testing.go:1792 +0x180
  testing.(*T).Run.gowrap1()
      /opt/homebrew/Cellar/go/1.24.6/libexec/src/testing/testing.go:1851 +0x40
==================
2025-08-15T22:12:58.131-0500	DEBUG	protocol/handler.go:1591	have processed broadcast	{"{round 20 2  <nil>}": {"Key":"from","Type":15,"Integer":0,"String":"b","Interface":null}}
2025-08-15T22:12:58.131-0500	DEBUG	protocol/handler.go:581	tryAdvanceRound called	{"{current_round 20 2  <nil>}": {"Key":"self","Type":15,"Integer":0,"String":"a","Interface":null}}
2025-08-15T22:12:58.131-0500	DEBUG	protocol/handler.go:1591	have processed broadcast	{"{round 20 2  <nil>}": {"Key":"from","Type":15,"Integer":0,"String":"b","Interface":null}}
2025-08-15T22:12:58.131-0500	DEBUG	protocol/handler.go:1591	have processed broadcast	{"{round 20 2  <nil>}": {"Key":"from","Type":15,"Integer":0,"String":"c","Interface":null}}
2025-08-15T22:12:58.131-0500	DEBUG	protocol/handler.go:581	tryAdvanceRound called	{"{current_round 20 3  <nil>}": {"Key":"self","Type":15,"Integer":0,"String":"b","Interface":null}}
2025-08-15T22:12:58.131-0500	DEBUG	protocol/handler.go:1591	have processed broadcast	{"{round 20 2  <nil>}": {"Key":"from","Type":15,"Integer":0,"String":"d","Interface":null}}
2025-08-15T22:12:58.132-0500	DEBUG	protocol/handler.go:1591	have processed broadcast	{"{round 20 3  <nil>}": {"Key":"from","Type":15,"Integer":0,"String":"c","Interface":null}}
2025-08-15T22:12:58.130-0500	DEBUG	protocol/handler.go:1591	have processed broadcast	{"{round 20 2  <nil>}": {"Key":"from","Type":15,"Integer":0,"String":"a","Interface":null}}
2025-08-15T22:12:58.132-0500	DEBUG	protocol/handler.go:1600	waiting for broadcasts	{"{round 20 3  <nil>}": {"Key":"missing","Type":15,"Integer":0,"String":"[a d e]","Interface":null}}
2025-08-15T22:12:58.132-0500	DEBUG	protocol/handler.go:1591	have processed broadcast	{"{round 20 2  <nil>}": {"Key":"from","Type":15,"Integer":0,"String":"b","Interface":null}}
2025-08-15T22:12:58.132-0500	DEBUG	protocol/handler.go:1591	have processed broadcast	{"{round 20 2  <nil>}": {"Key":"from","Type":15,"Integer":0,"String":"b","Interface":null}}
2025-08-15T22:12:58.132-0500	DEBUG	protocol/handler.go:437	processing message	{"{from 15 0 d <nil>}": {"Key":"to","Type":15,"Integer":0,"String":"","Interface":null}, "{round 20 3  <nil>}": {"Key":"broadcast","Type":4,"Integer":1,"String":"","Interface":null}}
2025-08-15T22:12:58.132-0500	DEBUG	protocol/handler.go:1591	have processed broadcast	{"{round 20 2  <nil>}": {"Key":"from","Type":15,"Integer":0,"String":"c","Interface":null}}
2025-08-15T22:12:58.132-0500	DEBUG	protocol/handler.go:1657	storing broadcast	{"{round 20 3  <nil>}": {"Key":"from","Type":15,"Integer":0,"String":"d","Interface":null}}
2025-08-15T22:12:58.132-0500	DEBUG	protocol/handler.go:1591	have processed broadcast	{"{round 20 2  <nil>}": {"Key":"from","Type":15,"Integer":0,"String":"d","Interface":null}}
2025-08-15T22:12:58.132-0500	DEBUG	protocol/handler.go:437	processing message	{"{from 15 0 e <nil>}": {"Key":"to","Type":15,"Integer":0,"String":"","Interface":null}, "{round 20 3  <nil>}": {"Key":"broadcast","Type":4,"Integer":1,"String":"","Interface":null}}
2025-08-15T22:12:58.132-0500	DEBUG	protocol/handler.go:1591	have processed broadcast	{"{round 20 2  <nil>}": {"Key":"from","Type":15,"Integer":0,"String":"e","Interface":null}}
2025-08-15T22:12:58.132-0500	DEBUG	protocol/handler.go:1657	storing broadcast	{"{round 20 3  <nil>}": {"Key":"from","Type":15,"Integer":0,"String":"e","Interface":null}}
2025-08-15T22:12:58.132-0500	DEBUG	protocol/handler.go:581	tryAdvanceRound called	{"{current_round 20 3  <nil>}": {"Key":"self","Type":15,"Integer":0,"String":"c","Interface":null}}
2025-08-15T22:12:58.129-0500	DEBUG	protocol/handler.go:1081	sent message to output channel	{"{from 15 0 d <nil>}": {"Key":"to","Type":15,"Integer":0,"String":"b","Interface":null}, "{round 20 3  <nil>}": {"Key":"broadcast","Type":4,"Integer":0,"String":"","Interface":null}}
2025-08-15T22:12:58.132-0500	DEBUG	protocol/handler.go:470	message for different round (buffering)	{"{msg_round 20 3  <nil>}": {"Key":"current_round","Type":20,"Integer":2,"String":"","Interface":null}}
2025-08-15T22:12:58.132-0500	DEBUG	protocol/handler.go:1039	sendRoundMessage	{"{from 15 0 d <nil>}": {"Key":"to","Type":15,"Integer":0,"String":"c","Interface":null}, "{round 20 3  <nil>}": {"Key":"broadcast","Type":4,"Integer":0,"String":"","Interface":null}}
2025-08-15T22:12:58.132-0500	DEBUG	protocol/handler.go:581	tryAdvanceRound called	{"{current_round 20 2  <nil>}": {"Key":"self","Type":15,"Integer":0,"String":"d","Interface":null}}
2025-08-15T22:12:58.132-0500	DEBUG	protocol/handler.go:1081	sent message to output channel	{"{from 15 0 d <nil>}": {"Key":"to","Type":15,"Integer":0,"String":"c","Interface":null}, "{round 20 3  <nil>}": {"Key":"broadcast","Type":4,"Integer":0,"String":"","Interface":null}}
2025-08-15T22:12:58.132-0500	DEBUG	protocol/handler.go:1591	have processed broadcast	{"{round 20 2  <nil>}": {"Key":"from","Type":15,"Integer":0,"String":"a","Interface":null}}
2025-08-15T22:12:58.132-0500	DEBUG	protocol/handler.go:1591	have processed broadcast	{"{round 20 2  <nil>}": {"Key":"from","Type":15,"Integer":0,"String":"b","Interface":null}}
2025-08-15T22:12:58.132-0500	DEBUG	protocol/handler.go:1039	sendRoundMessage	{"{from 15 0 d <nil>}": {"Key":"to","Type":15,"Integer":0,"String":"e","Interface":null}, "{round 20 3  <nil>}": {"Key":"broadcast","Type":4,"Integer":0,"String":"","Interface":null}}
2025-08-15T22:12:58.132-0500	DEBUG	protocol/handler.go:1591	have processed broadcast	{"{round 20 2  <nil>}": {"Key":"from","Type":15,"Integer":0,"String":"c","Interface":null}}
2025-08-15T22:12:58.132-0500	DEBUG	protocol/handler.go:1081	sent message to output channel	{"{from 15 0 d <nil>}": {"Key":"to","Type":15,"Integer":0,"String":"e","Interface":null}, "{round 20 3  <nil>}": {"Key":"broadcast","Type":4,"Integer":0,"String":"","Interface":null}}
2025-08-15T22:12:58.132-0500	DEBUG	protocol/handler.go:1182	finalized round messages	{"{round 20 2  <nil>}": {"Key":"messages","Type":11,"Integer":5,"String":"","Interface":null}}
==================
WARNING: DATA RACE
Write at 0x00c000df259c by goroutine 1884:
  ??()
      -:0 +0x104ada650
  sync/atomic.CompareAndSwapInt32()
      <autogenerated>:1 +0x18
  internal/sync.(*Mutex).Lock()
      /opt/homebrew/Cellar/go/1.24.6/libexec/src/internal/sync/mutex.go:70 +0x58
  sync.(*Mutex).Lock()
      /opt/homebrew/Cellar/go/1.24.6/libexec/src/sync/mutex.go:46 +0x2c
  github.com/luxfi/threshold/protocols/frost/keygen.(*round2).StoreBroadcastMessage()
      /Users/z/work/lux/threshold/protocols/frost/keygen/round2.go:57 +0x58
  github.com/luxfi/threshold/pkg/protocol.(*Handler).verifyBroadcastForRound()
      /Users/z/work/lux/threshold/pkg/protocol/handler.go:1277 +0x3a0
  github.com/luxfi/threshold/pkg/protocol.(*Handler).retryUnprocessedMessages()
      /Users/z/work/lux/threshold/pkg/protocol/handler.go:1483 +0x22c
  github.com/luxfi/threshold/pkg/protocol.(*Handler).tryAdvanceRound()
      /Users/z/work/lux/threshold/pkg/protocol/handler.go:587 +0x28c
  github.com/luxfi/threshold/pkg/protocol.(*Handler).processMessage()
      /Users/z/work/lux/threshold/pkg/protocol/handler.go:474 +0xb70
  github.com/luxfi/threshold/pkg/protocol.(*Handler).messageWorker()
      /Users/z/work/lux/threshold/pkg/protocol/handler.go:408 +0x338
  github.com/luxfi/threshold/pkg/protocol.(*Handler).startWorkers.gowrap2()
      /Users/z/work/lux/threshold/pkg/protocol/handler.go:361 +0x44

Previous read at 0x00c000df2598 by goroutine 1882:
  github.com/luxfi/threshold/protocols/frost/keygen.(*round2).Number()
      <autogenerated>:1 +0x38
  github.com/luxfi/threshold/pkg/protocol.(*Handler).hasAllMessages()
      /Users/z/work/lux/threshold/pkg/protocol/handler.go:1570 +0x40
  github.com/luxfi/threshold/pkg/protocol.(*Handler).tryAdvanceRound()
      /Users/z/work/lux/threshold/pkg/protocol/handler.go:589 +0x29c
  github.com/luxfi/threshold/pkg/protocol.(*Handler).processMessage()
      /Users/z/work/lux/threshold/pkg/protocol/handler.go:486 +0xbb0
  github.com/luxfi/threshold/pkg/protocol.(*Handler).messageWorker()
      /Users/z/work/lux/threshold/pkg/protocol/handler.go:408 +0x338
  github.com/luxfi/threshold/pkg/protocol.(*Handler).startWorkers.gowrap2()
      /Users/z/work/lux/threshold/pkg/protocol/handler.go:361 +0x44
2025-08-15T22:12:58.132-0500	DEBUG	protocol/handler.go:1239	finalize returned next round	{"{current 20 2  <nil>}": {"Key":"next","Type":20,"Integer":3,"String":"","Interface":null}}

Goroutine 1884 (running) created at:
  github.com/luxfi/threshold/pkg/protocol.(*Handler).startWorkers()
      /Users/z/work/lux/threshold/pkg/protocol/handler.go:361 +0x334
  github.com/luxfi/threshold/pkg/protocol.NewHandler()
      /Users/z/work/lux/threshold/pkg/protocol/handler.go:247 +0xf10
  github.com/luxfi/threshold/internal/test.(*Harness).CreateHandler()
      /Users/z/work/lux/threshold/internal/test/harness.go:91 +0x2e4
  github.com/luxfi/threshold/internal/test.RunProtocol()
      /Users/z/work/lux/threshold/internal/test/harness.go:270 +0x230
  github.com/luxfi/threshold/internal/test.RunMultipleProtocolTests.(*ProtocolTest).Run.func1()
      /Users/z/work/lux/threshold/internal/test/protocol_helpers.go:34 +0xe0
  testing.tRunner()
      /opt/homebrew/Cellar/go/1.24.6/libexec/src/testing/testing.go:1792 +0x180
  testing.(*T).Run.gowrap1()
      /opt/homebrew/Cellar/go/1.24.6/libexec/src/testing/testing.go:1851 +0x40

Goroutine 1882 (running) created at:
  github.com/luxfi/threshold/pkg/protocol.(*Handler).startWorkers()
      /Users/z/work/lux/threshold/pkg/protocol/handler.go:361 +0x334
  github.com/luxfi/threshold/pkg/protocol.NewHandler()
      /Users/z/work/lux/threshold/pkg/protocol/handler.go:247 +0xf10
  github.com/luxfi/threshold/internal/test.(*Harness).CreateHandler()
      /Users/z/work/lux/threshold/internal/test/harness.go:91 +0x2e4
  github.com/luxfi/threshold/internal/test.RunProtocol()
      /Users/z/work/lux/threshold/internal/test/harness.go:270 +0x230
  github.com/luxfi/threshold/internal/test.RunMultipleProtocolTests.(*ProtocolTest).Run.func1()
      /Users/z/work/lux/threshold/internal/test/protocol_helpers.go:34 +0xe0
  testing.tRunner()
      /opt/homebrew/Cellar/go/1.24.6/libexec/src/testing/testing.go:1792 +0x180
  testing.(*T).Run.gowrap1()
      /opt/homebrew/Cellar/go/1.24.6/libexec/src/testing/testing.go:1851 +0x40
==================
2025-08-15T22:12:58.132-0500	INFO	protocol/handler.go:642	storing new currentRound	{"{from 20 2  <nil>}": {"Key":"to","Type":20,"Integer":3,"String":"","Interface":null}}
2025-08-15T22:12:58.132-0500	DEBUG	protocol/handler.go:1503	processing queued messages
2025-08-15T22:12:58.133-0500	INFO	protocol/handler.go:560	advanced to round
2025-08-15T22:12:58.133-0500	DEBUG	protocol/handler.go:581	tryAdvanceRound called	{"{current_round 20 3  <nil>}": {"Key":"self","Type":15,"Integer":0,"String":"d","Interface":null}}
2025-08-15T22:12:58.133-0500	DEBUG	protocol/handler.go:1591	have processed broadcast	{"{round 20 2  <nil>}": {"Key":"from","Type":15,"Integer":0,"String":"e","Interface":null}}
2025-08-15T22:12:58.133-0500	DEBUG	protocol/handler.go:1649	have all messages and processed	{"{round 20 2  <nil>}": {"Key":"self","Type":15,"Integer":0,"String":"d","Interface":null}}
2025-08-15T22:12:58.133-0500	DEBUG	protocol/handler.go:596	round already finalized
2025-08-15T22:12:58.133-0500	DEBUG	protocol/handler.go:600	current round already advanced	{"{checking 20 2  <nil>}": {"Key":"current","Type":20,"Integer":3,"String":"","Interface":null}}
2025-08-15T22:12:58.133-0500	DEBUG	protocol/handler.go:432	processMessage: p2p round 3 START	{"{from 15 0 d <nil>}": {"Key":"to","Type":15,"Integer":0,"String":"a","Interface":null}}
2025-08-15T22:12:58.133-0500	DEBUG	protocol/handler.go:437	processing message	{"{from 15 0 d <nil>}": {"Key":"to","Type":15,"Integer":0,"String":"a","Interface":null}, "{round 20 3  <nil>}": {"Key":"broadcast","Type":4,"Integer":0,"String":"","Interface":null}}
2025-08-15T22:12:58.133-0500	DEBUG	protocol/handler.go:1662	storing message	{"{round 20 3  <nil>}": {"Key":"from","Type":15,"Integer":0,"String":"d","Interface":null}}
2025-08-15T22:12:58.134-0500	DEBUG	protocol/handler.go:470	message for different round (buffering)	{"{msg_round 20 3  <nil>}": {"Key":"current_round","Type":20,"Integer":2,"String":"","Interface":null}}
2025-08-15T22:12:58.134-0500	DEBUG	protocol/handler.go:581	tryAdvanceRound called	{"{current_round 20 2  <nil>}": {"Key":"self","Type":15,"Integer":0,"String":"a","Interface":null}}
2025-08-15T22:12:58.132-0500	DEBUG	protocol/handler.go:1591	have processed broadcast	{"{round 20 2  <nil>}": {"Key":"from","Type":15,"Integer":0,"String":"e","Interface":null}}
2025-08-15T22:12:58.134-0500	DEBUG	protocol/handler.go:1649	have all messages and processed	{"{round 20 2  <nil>}": {"Key":"self","Type":15,"Integer":0,"String":"a","Interface":null}}
2025-08-15T22:12:58.134-0500	DEBUG	protocol/handler.go:1591	have processed broadcast	{"{round 20 2  <nil>}": {"Key":"from","Type":15,"Integer":0,"String":"b","Interface":null}}
2025-08-15T22:12:58.134-0500	DEBUG	protocol/handler.go:619	finalizing round
2025-08-15T22:12:58.134-0500	DEBUG	protocol/handler.go:1591	have processed broadcast	{"{round 20 2  <nil>}": {"Key":"from","Type":15,"Integer":0,"String":"c","Interface":null}}
2025-08-15T22:12:58.134-0500	DEBUG	protocol/handler.go:1591	have processed broadcast	{"{round 20 2  <nil>}": {"Key":"from","Type":15,"Integer":0,"String":"d","Interface":null}}
2025-08-15T22:12:58.134-0500	DEBUG	protocol/handler.go:1591	have processed broadcast	{"{round 20 2  <nil>}": {"Key":"from","Type":15,"Integer":0,"String":"e","Interface":null}}
2025-08-15T22:12:58.134-0500	DEBUG	protocol/handler.go:1649	have all messages and processed	{"{round 20 2  <nil>}": {"Key":"self","Type":15,"Integer":0,"String":"a","Interface":null}}
2025-08-15T22:12:58.134-0500	DEBUG	protocol/handler.go:596	round already finalized
2025-08-15T22:12:58.134-0500	DEBUG	protocol/handler.go:432	processMessage: p2p round 3 START	{"{from 15 0 e <nil>}": {"Key":"to","Type":15,"Integer":0,"String":"d","Interface":null}}
2025-08-15T22:12:58.134-0500	DEBUG	protocol/handler.go:437	processing message	{"{from 15 0 e <nil>}": {"Key":"to","Type":15,"Integer":0,"String":"d","Interface":null}, "{round 20 3  <nil>}": {"Key":"broadcast","Type":4,"Integer":0,"String":"","Interface":null}}
2025-08-15T22:12:58.134-0500	DEBUG	protocol/handler.go:1662	storing message	{"{round 20 3  <nil>}": {"Key":"from","Type":15,"Integer":0,"String":"e","Interface":null}}
2025-08-15T22:12:58.134-0500	DEBUG	protocol/handler.go:1039	sendRoundMessage	{"{from 15 0 a <nil>}": {"Key":"to","Type":15,"Integer":0,"String":"","Interface":null}, "{round 20 3  <nil>}": {"Key":"broadcast","Type":4,"Integer":1,"String":"","Interface":null}}
2025-08-15T22:12:58.134-0500	DEBUG	protocol/handler.go:1657	storing broadcast	{"{round 20 3  <nil>}": {"Key":"from","Type":15,"Integer":0,"String":"a","Interface":null}}
2025-08-15T22:12:58.134-0500	DEBUG	protocol/handler.go:1081	sent message to output channel	{"{from 15 0 a <nil>}": {"Key":"to","Type":15,"Integer":0,"String":"","Interface":null}, "{round 20 3  <nil>}": {"Key":"broadcast","Type":4,"Integer":1,"String":"","Interface":null}}
2025-08-15T22:12:58.134-0500	DEBUG	protocol/handler.go:1039	sendRoundMessage	{"{from 15 0 a <nil>}": {"Key":"to","Type":15,"Integer":0,"String":"b","Interface":null}, "{round 20 3  <nil>}": {"Key":"broadcast","Type":4,"Integer":0,"String":"","Interface":null}}
2025-08-15T22:12:58.134-0500	DEBUG	protocol/handler.go:1081	sent message to output channel	{"{from 15 0 a <nil>}": {"Key":"to","Type":15,"Integer":0,"String":"b","Interface":null}, "{round 20 3  <nil>}": {"Key":"broadcast","Type":4,"Integer":0,"String":"","Interface":null}}
2025-08-15T22:12:58.134-0500	DEBUG	protocol/handler.go:1039	sendRoundMessage	{"{from 15 0 a <nil>}": {"Key":"to","Type":15,"Integer":0,"String":"c","Interface":null}, "{round 20 3  <nil>}": {"Key":"broadcast","Type":4,"Integer":0,"String":"","Interface":null}}
2025-08-15T22:12:58.134-0500	DEBUG	protocol/handler.go:1081	sent message to output channel	{"{from 15 0 a <nil>}": {"Key":"to","Type":15,"Integer":0,"String":"c","Interface":null}, "{round 20 3  <nil>}": {"Key":"broadcast","Type":4,"Integer":0,"String":"","Interface":null}}
2025-08-15T22:12:58.135-0500	DEBUG	protocol/handler.go:1039	sendRoundMessage	{"{from 15 0 a <nil>}": {"Key":"to","Type":15,"Integer":0,"String":"d","Interface":null}, "{round 20 3  <nil>}": {"Key":"broadcast","Type":4,"Integer":0,"String":"","Interface":null}}
2025-08-15T22:12:58.135-0500	DEBUG	protocol/handler.go:1081	sent message to output channel	{"{from 15 0 a <nil>}": {"Key":"to","Type":15,"Integer":0,"String":"d","Interface":null}, "{round 20 3  <nil>}": {"Key":"broadcast","Type":4,"Integer":0,"String":"","Interface":null}}
2025-08-15T22:12:58.135-0500	DEBUG	protocol/handler.go:1039	sendRoundMessage	{"{from 15 0 a <nil>}": {"Key":"to","Type":15,"Integer":0,"String":"e","Interface":null}, "{round 20 3  <nil>}": {"Key":"broadcast","Type":4,"Integer":0,"String":"","Interface":null}}
2025-08-15T22:12:58.135-0500	DEBUG	protocol/handler.go:1081	sent message to output channel	{"{from 15 0 a <nil>}": {"Key":"to","Type":15,"Integer":0,"String":"e","Interface":null}, "{round 20 3  <nil>}": {"Key":"broadcast","Type":4,"Integer":0,"String":"","Interface":null}}
2025-08-15T22:12:58.135-0500	DEBUG	protocol/handler.go:1182	finalized round messages	{"{round 20 2  <nil>}": {"Key":"messages","Type":11,"Integer":5,"String":"","Interface":null}}
2025-08-15T22:12:58.135-0500	DEBUG	protocol/handler.go:1239	finalize returned next round	{"{current 20 2  <nil>}": {"Key":"next","Type":20,"Integer":3,"String":"","Interface":null}}
2025-08-15T22:12:58.135-0500	INFO	protocol/handler.go:642	storing new currentRound	{"{from 20 2  <nil>}": {"Key":"to","Type":20,"Integer":3,"String":"","Interface":null}}
2025-08-15T22:12:58.135-0500	DEBUG	protocol/handler.go:1503	processing queued messages
2025-08-15T22:12:58.135-0500	DEBUG	protocol/handler.go:437	processing message	{"{from 15 0 e <nil>}": {"Key":"to","Type":15,"Integer":0,"String":"","Interface":null}, "{round 20 3  <nil>}": {"Key":"broadcast","Type":4,"Integer":1,"String":"","Interface":null}}
2025-08-15T22:12:58.135-0500	DEBUG	protocol/handler.go:1657	storing broadcast	{"{round 20 3  <nil>}": {"Key":"from","Type":15,"Integer":0,"String":"e","Interface":null}}
2025-08-15T22:12:58.135-0500	DEBUG	protocol/handler.go:581	tryAdvanceRound called	{"{current_round 20 3  <nil>}": {"Key":"self","Type":15,"Integer":0,"String":"a","Interface":null}}
2025-08-15T22:12:58.135-0500	DEBUG	protocol/handler.go:1591	have processed broadcast	{"{round 20 2  <nil>}": {"Key":"from","Type":15,"Integer":0,"String":"b","Interface":null}}
2025-08-15T22:12:58.135-0500	DEBUG	protocol/handler.go:1591	have processed broadcast	{"{round 20 2  <nil>}": {"Key":"from","Type":15,"Integer":0,"String":"c","Interface":null}}
2025-08-15T22:12:58.136-0500	DEBUG	protocol/handler.go:1591	have processed broadcast	{"{round 20 2  <nil>}": {"Key":"from","Type":15,"Integer":0,"String":"d","Interface":null}}
2025-08-15T22:12:58.136-0500	DEBUG	protocol/handler.go:1591	have processed broadcast	{"{round 20 2  <nil>}": {"Key":"from","Type":15,"Integer":0,"String":"e","Interface":null}}
2025-08-15T22:12:58.136-0500	DEBUG	protocol/handler.go:1649	have all messages and processed	{"{round 20 2  <nil>}": {"Key":"self","Type":15,"Integer":0,"String":"a","Interface":null}}
2025-08-15T22:12:58.136-0500	DEBUG	protocol/handler.go:596	round already finalized
2025-08-15T22:12:58.136-0500	DEBUG	protocol/handler.go:600	current round already advanced	{"{checking 20 2  <nil>}": {"Key":"current","Type":20,"Integer":3,"String":"","Interface":null}}
2025-08-15T22:12:58.136-0500	DEBUG	protocol/handler.go:432	processMessage: p2p round 3 START	{"{from 15 0 a <nil>}": {"Key":"to","Type":15,"Integer":0,"String":"c","Interface":null}}
2025-08-15T22:12:58.136-0500	DEBUG	protocol/handler.go:437	processing message	{"{from 15 0 a <nil>}": {"Key":"to","Type":15,"Integer":0,"String":"c","Interface":null}, "{round 20 3  <nil>}": {"Key":"broadcast","Type":4,"Integer":0,"String":"","Interface":null}}
2025-08-15T22:12:58.136-0500	DEBUG	protocol/handler.go:1662	storing message	{"{round 20 3  <nil>}": {"Key":"from","Type":15,"Integer":0,"String":"a","Interface":null}}
2025-08-15T22:12:58.136-0500	DEBUG	protocol/handler.go:1591	have processed broadcast	{"{round 20 3  <nil>}": {"Key":"from","Type":15,"Integer":0,"String":"b","Interface":null}}
2025-08-15T22:12:58.136-0500	DEBUG	protocol/handler.go:581	tryAdvanceRound called	{"{current_round 20 3  <nil>}": {"Key":"self","Type":15,"Integer":0,"String":"c","Interface":null}}
2025-08-15T22:12:58.136-0500	DEBUG	protocol/handler.go:1591	have processed broadcast	{"{round 20 3  <nil>}": {"Key":"from","Type":15,"Integer":0,"String":"c","Interface":null}}
2025-08-15T22:12:58.136-0500	DEBUG	protocol/handler.go:1306	waiting for broadcast before normal message
2025-08-15T22:12:58.136-0500	DEBUG	protocol/handler.go:1591	have processed broadcast	{"{round 20 3  <nil>}": {"Key":"from","Type":15,"Integer":0,"String":"e","Interface":null}}
2025-08-15T22:12:58.136-0500	DEBUG	protocol/handler.go:1600	waiting for broadcasts	{"{round 20 3  <nil>}": {"Key":"missing","Type":15,"Integer":0,"String":"[a]","Interface":null}}
2025-08-15T22:12:58.136-0500	DEBUG	protocol/handler.go:581	tryAdvanceRound called	{"{current_round 20 3  <nil>}": {"Key":"self","Type":15,"Integer":0,"String":"d","Interface":null}}
2025-08-15T22:12:58.138-0500	DEBUG	protocol/handler.go:1591	have processed broadcast	{"{round 20 3  <nil>}": {"Key":"from","Type":15,"Integer":0,"String":"b","Interface":null}}
2025-08-15T22:12:58.138-0500	DEBUG	protocol/handler.go:1591	have processed broadcast	{"{round 20 3  <nil>}": {"Key":"from","Type":15,"Integer":0,"String":"d","Interface":null}}
2025-08-15T22:12:58.138-0500	DEBUG	protocol/handler.go:1600	waiting for broadcasts	{"{round 20 3  <nil>}": {"Key":"missing","Type":15,"Integer":0,"String":"[a e]","Interface":null}}
2025-08-15T22:12:58.131-0500	DEBUG	protocol/handler.go:1591	have processed broadcast	{"{round 20 2  <nil>}": {"Key":"from","Type":15,"Integer":0,"String":"c","Interface":null}}
2025-08-15T22:12:58.138-0500	DEBUG	protocol/handler.go:1591	have processed broadcast	{"{round 20 2  <nil>}": {"Key":"from","Type":15,"Integer":0,"String":"d","Interface":null}}
2025-08-15T22:12:58.138-0500	DEBUG	protocol/handler.go:1649	have all messages and processed	{"{round 20 2  <nil>}": {"Key":"self","Type":15,"Integer":0,"String":"e","Interface":null}}
2025-08-15T22:12:58.138-0500	DEBUG	protocol/handler.go:1591	have processed broadcast	{"{round 20 3  <nil>}": {"Key":"from","Type":15,"Integer":0,"String":"b","Interface":null}}
2025-08-15T22:12:58.138-0500	DEBUG	protocol/handler.go:432	processMessage: p2p round 3 START	{"{from 15 0 a <nil>}": {"Key":"to","Type":15,"Integer":0,"String":"d","Interface":null}}
2025-08-15T22:12:58.138-0500	DEBUG	protocol/handler.go:437	processing message	{"{from 15 0 a <nil>}": {"Key":"to","Type":15,"Integer":0,"String":"d","Interface":null}, "{round 20 3  <nil>}": {"Key":"broadcast","Type":4,"Integer":0,"String":"","Interface":null}}
2025-08-15T22:12:58.138-0500	DEBUG	protocol/handler.go:432	processMessage: p2p round 3 START	{"{from 15 0 d <nil>}": {"Key":"to","Type":15,"Integer":0,"String":"c","Interface":null}}
2025-08-15T22:12:58.138-0500	DEBUG	protocol/handler.go:1662	storing message	{"{round 20 3  <nil>}": {"Key":"from","Type":15,"Integer":0,"String":"a","Interface":null}}
2025-08-15T22:12:58.138-0500	DEBUG	protocol/handler.go:437	processing message	{"{from 15 0 d <nil>}": {"Key":"to","Type":15,"Integer":0,"String":"c","Interface":null}, "{round 20 3  <nil>}": {"Key":"broadcast","Type":4,"Integer":0,"String":"","Interface":null}}
2025-08-15T22:12:58.138-0500	DEBUG	protocol/handler.go:581	tryAdvanceRound called	{"{current_round 20 3  <nil>}": {"Key":"self","Type":15,"Integer":0,"String":"d","Interface":null}}
2025-08-15T22:12:58.138-0500	DEBUG	protocol/handler.go:1662	storing message	{"{round 20 3  <nil>}": {"Key":"from","Type":15,"Integer":0,"String":"d","Interface":null}}
2025-08-15T22:12:58.138-0500	DEBUG	protocol/handler.go:1306	waiting for broadcast before normal message
2025-08-15T22:12:58.138-0500	DEBUG	protocol/handler.go:1591	have processed broadcast	{"{round 20 3  <nil>}": {"Key":"from","Type":15,"Integer":0,"String":"b","Interface":null}}
2025-08-15T22:12:58.138-0500	DEBUG	protocol/handler.go:1591	have processed broadcast	{"{round 20 3  <nil>}": {"Key":"from","Type":15,"Integer":0,"String":"c","Interface":null}}
2025-08-15T22:12:58.138-0500	DEBUG	protocol/handler.go:1591	have processed broadcast	{"{round 20 3  <nil>}": {"Key":"from","Type":15,"Integer":0,"String":"e","Interface":null}}
2025-08-15T22:12:58.138-0500	DEBUG	protocol/handler.go:1600	waiting for broadcasts	{"{round 20 3  <nil>}": {"Key":"missing","Type":15,"Integer":0,"String":"[a]","Interface":null}}
2025-08-15T22:12:58.131-0500	DEBUG	protocol/handler.go:1182	finalized round messages	{"{round 20 2  <nil>}": {"Key":"messages","Type":11,"Integer":5,"String":"","Interface":null}}
2025-08-15T22:12:58.138-0500	DEBUG	protocol/handler.go:1239	finalize returned next round	{"{current 20 2  <nil>}": {"Key":"next","Type":20,"Integer":3,"String":"","Interface":null}}
2025-08-15T22:12:58.138-0500	INFO	protocol/handler.go:642	storing new currentRound	{"{from 20 2  <nil>}": {"Key":"to","Type":20,"Integer":3,"String":"","Interface":null}}
2025-08-15T22:12:58.138-0500	DEBUG	protocol/handler.go:1503	processing queued messages
2025-08-15T22:12:58.137-0500	DEBUG	protocol/handler.go:1591	have processed broadcast	{"{round 20 3  <nil>}": {"Key":"from","Type":15,"Integer":0,"String":"b","Interface":null}}
2025-08-15T22:12:58.139-0500	DEBUG	protocol/handler.go:1591	have processed broadcast	{"{round 20 3  <nil>}": {"Key":"from","Type":15,"Integer":0,"String":"d","Interface":null}}
2025-08-15T22:12:58.139-0500	DEBUG	protocol/handler.go:1600	waiting for broadcasts	{"{round 20 3  <nil>}": {"Key":"missing","Type":15,"Integer":0,"String":"[a e]","Interface":null}}
2025-08-15T22:12:58.139-0500	DEBUG	protocol/handler.go:437	processing message	{"{from 15 0 a <nil>}": {"Key":"to","Type":15,"Integer":0,"String":"","Interface":null}, "{round 20 3  <nil>}": {"Key":"broadcast","Type":4,"Integer":1,"String":"","Interface":null}}
2025-08-15T22:12:58.139-0500	DEBUG	protocol/handler.go:1657	storing broadcast	{"{round 20 3  <nil>}": {"Key":"from","Type":15,"Integer":0,"String":"a","Interface":null}}
2025-08-15T22:12:58.138-0500	DEBUG	protocol/handler.go:1591	have processed broadcast	{"{round 20 3  <nil>}": {"Key":"from","Type":15,"Integer":0,"String":"c","Interface":null}}
2025-08-15T22:12:58.139-0500	DEBUG	protocol/handler.go:581	tryAdvanceRound called	{"{current_round 20 3  <nil>}": {"Key":"self","Type":15,"Integer":0,"String":"c","Interface":null}}
2025-08-15T22:12:58.139-0500	DEBUG	protocol/handler.go:1591	have processed broadcast	{"{round 20 3  <nil>}": {"Key":"from","Type":15,"Integer":0,"String":"e","Interface":null}}
2025-08-15T22:12:58.139-0500	DEBUG	protocol/handler.go:1600	waiting for broadcasts	{"{round 20 3  <nil>}": {"Key":"missing","Type":15,"Integer":0,"String":"[a]","Interface":null}}
2025-08-15T22:12:58.124-0500	DEBUG	protocol/handler.go:1591	have processed broadcast	{"{round 20 2  <nil>}": {"Key":"from","Type":15,"Integer":0,"String":"e","Interface":null}}
2025-08-15T22:12:58.139-0500	DEBUG	protocol/handler.go:1649	have all messages and processed	{"{round 20 2  <nil>}": {"Key":"self","Type":15,"Integer":0,"String":"b","Interface":null}}
2025-08-15T22:12:58.139-0500	DEBUG	protocol/handler.go:596	round already finalized
2025-08-15T22:12:58.139-0500	DEBUG	protocol/handler.go:600	current round already advanced	{"{checking 20 2  <nil>}": {"Key":"current","Type":20,"Integer":3,"String":"","Interface":null}}
2025-08-15T22:12:58.139-0500	DEBUG	protocol/handler.go:1503	processing queued messages
2025-08-15T22:12:58.140-0500	DEBUG	protocol/handler.go:581	tryAdvanceRound called	{"{current_round 20 3  <nil>}": {"Key":"self","Type":15,"Integer":0,"String":"c","Interface":null}}
2025-08-15T22:12:58.141-0500	DEBUG	protocol/handler.go:1591	have processed broadcast	{"{round 20 3  <nil>}": {"Key":"from","Type":15,"Integer":0,"String":"a","Interface":null}}
2025-08-15T22:12:58.141-0500	DEBUG	protocol/handler.go:1591	have processed broadcast	{"{round 20 3  <nil>}": {"Key":"from","Type":15,"Integer":0,"String":"b","Interface":null}}
2025-08-15T22:12:58.141-0500	DEBUG	protocol/handler.go:1591	have processed broadcast	{"{round 20 3  <nil>}": {"Key":"from","Type":15,"Integer":0,"String":"d","Interface":null}}
2025-08-15T22:12:58.141-0500	DEBUG	protocol/handler.go:1600	waiting for broadcasts	{"{round 20 3  <nil>}": {"Key":"missing","Type":15,"Integer":0,"String":"[e]","Interface":null}}
2025-08-15T22:12:58.141-0500	DEBUG	protocol/handler.go:1503	processing queued messages
==================
WARNING: DATA RACE
Read at 0x00c000df2598 by goroutine 1884:
  github.com/luxfi/threshold/protocols/frost/keygen.(*round2).Number()
      <autogenerated>:1 +0x38
  github.com/luxfi/threshold/pkg/protocol.(*Handler).hasAllMessages()
      /Users/z/work/lux/threshold/pkg/protocol/handler.go:1570 +0x40
  github.com/luxfi/threshold/pkg/protocol.(*Handler).tryAdvanceRound()
      /Users/z/work/lux/threshold/pkg/protocol/handler.go:589 +0x29c
  github.com/luxfi/threshold/pkg/protocol.(*Handler).processMessage()
      /Users/z/work/lux/threshold/pkg/protocol/handler.go:474 +0xb70
  github.com/luxfi/threshold/pkg/protocol.(*Handler).messageWorker()
      /Users/z/work/lux/threshold/pkg/protocol/handler.go:408 +0x338
  github.com/luxfi/threshold/pkg/protocol.(*Handler).startWorkers.gowrap2()
      /Users/z/work/lux/threshold/pkg/protocol/handler.go:361 +0x44

Previous write at 0x00c000df2598 by goroutine 2029:
  github.com/luxfi/threshold/protocols/frost/keygen.(*round2).Finalize()
      /Users/z/work/lux/threshold/protocols/frost/keygen/round2.go:158 +0x78c
  github.com/luxfi/threshold/pkg/protocol.(*Handler).finalizeRound.func1()
      /Users/z/work/lux/threshold/pkg/protocol/handler.go:1163 +0xe4

Goroutine 1884 (running) created at:
  github.com/luxfi/threshold/pkg/protocol.(*Handler).startWorkers()
      /Users/z/work/lux/threshold/pkg/protocol/handler.go:361 +0x334
  github.com/luxfi/threshold/pkg/protocol.NewHandler()
      /Users/z/work/lux/threshold/pkg/protocol/handler.go:247 +0xf10
  github.com/luxfi/threshold/internal/test.(*Harness).CreateHandler()
      /Users/z/work/lux/threshold/internal/test/harness.go:91 +0x2e4
  github.com/luxfi/threshold/internal/test.RunProtocol()
      /Users/z/work/lux/threshold/internal/test/harness.go:270 +0x230
  github.com/luxfi/threshold/internal/test.RunMultipleProtocolTests.(*ProtocolTest).Run.func1()
      /Users/z/work/lux/threshold/internal/test/protocol_helpers.go:34 +0xe0
  testing.tRunner()
      /opt/homebrew/Cellar/go/1.24.6/libexec/src/testing/testing.go:1792 +0x180
  testing.(*T).Run.gowrap1()
      /opt/homebrew/Cellar/go/1.24.6/libexec/src/testing/testing.go:1851 +0x40

Goroutine 2029 (finished) created at:
  github.com/luxfi/threshold/pkg/protocol.(*Handler).finalizeRound()
      /Users/z/work/lux/threshold/pkg/protocol/handler.go:1160 +0x26c
  github.com/luxfi/threshold/pkg/protocol.(*Handler).tryAdvanceRound()
      /Users/z/work/lux/threshold/pkg/protocol/handler.go:622 +0xae4
  github.com/luxfi/threshold/pkg/protocol.(*Handler).processMessage()
      /Users/z/work/lux/threshold/pkg/protocol/handler.go:486 +0xbb0
  github.com/luxfi/threshold/pkg/protocol.(*Handler).messageWorker()
      /Users/z/work/lux/threshold/pkg/protocol/handler.go:408 +0x338
  github.com/luxfi/threshold/pkg/protocol.(*Handler).startWorkers.gowrap2()
      /Users/z/work/lux/threshold/pkg/protocol/handler.go:361 +0x44
==================
2025-08-15T22:12:58.149-0500	DEBUG	protocol/handler.go:1591	have processed broadcast	{"{round 20 2  <nil>}": {"Key":"from","Type":15,"Integer":0,"String":"b","Interface":null}}
2025-08-15T22:12:58.149-0500	DEBUG	protocol/handler.go:1591	have processed broadcast	{"{round 20 2  <nil>}": {"Key":"from","Type":15,"Integer":0,"String":"c","Interface":null}}
2025-08-15T22:12:58.149-0500	DEBUG	protocol/handler.go:1503	processing queued messages
2025-08-15T22:12:58.151-0500	DEBUG	protocol/handler.go:581	tryAdvanceRound called	{"{current_round 20 3  <nil>}": {"Key":"self","Type":15,"Integer":0,"String":"d","Interface":null}}
2025-08-15T22:12:58.151-0500	DEBUG	protocol/handler.go:1306	waiting for broadcast before normal message
2025-08-15T22:12:58.151-0500	DEBUG	protocol/handler.go:1503	processing queued messages
2025-08-15T22:12:58.132-0500	DEBUG	protocol/handler.go:1649	have all messages and processed	{"{round 20 2  <nil>}": {"Key":"self","Type":15,"Integer":0,"String":"a","Interface":null}}
2025-08-15T22:12:58.155-0500	DEBUG	protocol/handler.go:1306	waiting for broadcast before normal message
2025-08-15T22:12:58.155-0500	DEBUG	protocol/handler.go:1306	waiting for broadcast before normal message
2025-08-15T22:12:58.155-0500	DEBUG	protocol/handler.go:1306	waiting for broadcast before normal message
2025-08-15T22:12:58.138-0500	DEBUG	protocol/handler.go:596	round already finalized
==================
WARNING: DATA RACE
Read at 0x00c000bd55d8 by goroutine 1991:
  github.com/luxfi/threshold/protocols/frost/keygen.(*round2).Number()
      <autogenerated>:1 +0x38
  github.com/luxfi/threshold/pkg/protocol.(*Handler).tryAdvanceRound()
      /Users/z/work/lux/threshold/pkg/protocol/handler.go:599 +0x490
  github.com/luxfi/threshold/pkg/protocol.(*Handler).processMessage()
      /Users/z/work/lux/threshold/pkg/protocol/handler.go:474 +0xb70
  github.com/luxfi/threshold/pkg/protocol.(*Handler).messageWorker()
      /Users/z/work/lux/threshold/pkg/protocol/handler.go:408 +0x338
  github.com/luxfi/threshold/pkg/protocol.(*Handler).startWorkers.gowrap2()
      /Users/z/work/lux/threshold/pkg/protocol/handler.go:361 +0x44

Previous write at 0x00c000bd55dc by goroutine 2031:
  ??()
      -:0 +0x104ad5eb0
  sync/atomic.AddInt32()
      <autogenerated>:1 +0x14
  sync.(*Mutex).Unlock()
      /opt/homebrew/Cellar/go/1.24.6/libexec/src/sync/mutex.go:65 +0x2c
  github.com/luxfi/threshold/protocols/frost/keygen.(*round2).StoreBroadcastMessage()
      /Users/z/work/lux/threshold/protocols/frost/keygen/round2.go:59 +0x634
  github.com/luxfi/threshold/pkg/protocol.(*Handler).verifyBroadcastForRound()
      /Users/z/work/lux/threshold/pkg/protocol/handler.go:1277 +0x3a0
  github.com/luxfi/threshold/pkg/protocol.(*Handler).processQueuedMessages()
      /Users/z/work/lux/threshold/pkg/protocol/handler.go:1513 +0x718
  github.com/luxfi/threshold/pkg/protocol.(*Handler).tryAdvanceRound.gowrap2()
      /Users/z/work/lux/threshold/pkg/protocol/handler.go:673 +0x40

Goroutine 1991 (running) created at:
  github.com/luxfi/threshold/pkg/protocol.(*Handler).startWorkers()
      /Users/z/work/lux/threshold/pkg/protocol/handler.go:361 +0x334
  github.com/luxfi/threshold/pkg/protocol.NewHandler()
      /Users/z/work/lux/threshold/pkg/protocol/handler.go:247 +0xf10
  github.com/luxfi/threshold/internal/test.(*Harness).CreateHandler()
      /Users/z/work/lux/threshold/internal/test/harness.go:91 +0x2e4
  github.com/luxfi/threshold/internal/test.RunProtocol()
      /Users/z/work/lux/threshold/internal/test/harness.go:270 +0x230
  github.com/luxfi/threshold/internal/test.RunMultipleProtocolTests.(*ProtocolTest).Run.func1()
      /Users/z/work/lux/threshold/internal/test/protocol_helpers.go:34 +0xe0
  testing.tRunner()
      /opt/homebrew/Cellar/go/1.24.6/libexec/src/testing/testing.go:1792 +0x180
  testing.(*T).Run.gowrap1()
      /opt/homebrew/Cellar/go/1.24.6/libexec/src/testing/testing.go:1851 +0x40

Goroutine 2031 (running) created at:
  github.com/luxfi/threshold/pkg/protocol.(*Handler).tryAdvanceRound()
      /Users/z/work/lux/threshold/pkg/protocol/handler.go:673 +0x12e4
  github.com/luxfi/threshold/pkg/protocol.(*Handler).processMessage()
      /Users/z/work/lux/threshold/pkg/protocol/handler.go:486 +0xbb0
  github.com/luxfi/threshold/pkg/protocol.(*Handler).messageWorker()
      /Users/z/work/lux/threshold/pkg/protocol/handler.go:408 +0x338
  github.com/luxfi/threshold/pkg/protocol.(*Handler).startWorkers.gowrap2()
      /Users/z/work/lux/threshold/pkg/protocol/handler.go:361 +0x44
==================
2025-08-15T22:12:58.156-0500	DEBUG	protocol/handler.go:600	current round already advanced	{"{checking 20 2  <nil>}": {"Key":"current","Type":20,"Integer":3,"String":"","Interface":null}}
2025-08-15T22:12:58.124-0500	DEBUG	protocol/handler.go:470	message for different round (buffering)	{"{msg_round 20 3  <nil>}": {"Key":"current_round","Type":20,"Integer":2,"String":"","Interface":null}}
2025-08-15T22:12:58.156-0500	DEBUG	protocol/handler.go:581	tryAdvanceRound called	{"{current_round 20 3  <nil>}": {"Key":"self","Type":15,"Integer":0,"String":"c","Interface":null}}
2025-08-15T22:12:58.156-0500	DEBUG	protocol/handler.go:1591	have processed broadcast	{"{round 20 3  <nil>}": {"Key":"from","Type":15,"Integer":0,"String":"a","Interface":null}}
2025-08-15T22:12:58.156-0500	DEBUG	protocol/handler.go:1591	have processed broadcast	{"{round 20 3  <nil>}": {"Key":"from","Type":15,"Integer":0,"String":"b","Interface":null}}
2025-08-15T22:12:58.156-0500	DEBUG	protocol/handler.go:1591	have processed broadcast	{"{round 20 3  <nil>}": {"Key":"from","Type":15,"Integer":0,"String":"d","Interface":null}}
2025-08-15T22:12:58.156-0500	DEBUG	protocol/handler.go:1600	waiting for broadcasts	{"{round 20 3  <nil>}": {"Key":"missing","Type":15,"Integer":0,"String":"[e]","Interface":null}}
2025-08-15T22:12:58.124-0500	DEBUG	protocol/handler.go:1591	have processed broadcast	{"{round 20 2  <nil>}": {"Key":"from","Type":15,"Integer":0,"String":"d","Interface":null}}
2025-08-15T22:12:58.156-0500	DEBUG	protocol/handler.go:1600	waiting for broadcasts	{"{round 20 2  <nil>}": {"Key":"missing","Type":15,"Integer":0,"String":"[e]","Interface":null}}
2025-08-15T22:12:58.124-0500	DEBUG	protocol/handler.go:470	message for different round (buffering)	{"{msg_round 20 3  <nil>}": {"Key":"current_round","Type":20,"Integer":2,"String":"","Interface":null}}
2025-08-15T22:12:58.156-0500	DEBUG	protocol/handler.go:581	tryAdvanceRound called	{"{current_round 20 3  <nil>}": {"Key":"self","Type":15,"Integer":0,"String":"c","Interface":null}}
2025-08-15T22:12:58.156-0500	DEBUG	protocol/handler.go:1591	have processed broadcast	{"{round 20 3  <nil>}": {"Key":"from","Type":15,"Integer":0,"String":"a","Interface":null}}
2025-08-15T22:12:58.156-0500	DEBUG	protocol/handler.go:1591	have processed broadcast	{"{round 20 3  <nil>}": {"Key":"from","Type":15,"Integer":0,"String":"b","Interface":null}}
2025-08-15T22:12:58.157-0500	DEBUG	protocol/handler.go:1591	have processed broadcast	{"{round 20 3  <nil>}": {"Key":"from","Type":15,"Integer":0,"String":"d","Interface":null}}
2025-08-15T22:12:58.157-0500	DEBUG	protocol/handler.go:1600	waiting for broadcasts	{"{round 20 3  <nil>}": {"Key":"missing","Type":15,"Integer":0,"String":"[e]","Interface":null}}
2025-08-15T22:12:58.128-0500	DEBUG	protocol/handler.go:1591	have processed broadcast	{"{round 20 2  <nil>}": {"Key":"from","Type":15,"Integer":0,"String":"e","Interface":null}}
2025-08-15T22:12:58.158-0500	DEBUG	protocol/handler.go:1649	have all messages and processed	{"{round 20 2  <nil>}": {"Key":"self","Type":15,"Integer":0,"String":"d","Interface":null}}
2025-08-15T22:12:58.158-0500	DEBUG	protocol/handler.go:596	round already finalized
2025-08-15T22:12:58.158-0500	DEBUG	protocol/handler.go:600	current round already advanced	{"{checking 20 2  <nil>}": {"Key":"current","Type":20,"Integer":3,"String":"","Interface":null}}
2025-08-15T22:12:58.151-0500	DEBUG	protocol/handler.go:1591	have processed broadcast	{"{round 20 3  <nil>}": {"Key":"from","Type":15,"Integer":0,"String":"b","Interface":null}}
2025-08-15T22:12:58.157-0500	DEBUG	protocol/handler.go:581	tryAdvanceRound called	{"{current_round 20 3  <nil>}": {"Key":"self","Type":15,"Integer":0,"String":"b","Interface":null}}
2025-08-15T22:12:58.158-0500	DEBUG	protocol/handler.go:1591	have processed broadcast	{"{round 20 3  <nil>}": {"Key":"from","Type":15,"Integer":0,"String":"c","Interface":null}}
2025-08-15T22:12:58.158-0500	DEBUG	protocol/handler.go:1591	have processed broadcast	{"{round 20 3  <nil>}": {"Key":"from","Type":15,"Integer":0,"String":"e","Interface":null}}
2025-08-15T22:12:58.158-0500	DEBUG	protocol/handler.go:1591	have processed broadcast	{"{round 20 3  <nil>}": {"Key":"from","Type":15,"Integer":0,"String":"c","Interface":null}}
2025-08-15T22:12:58.158-0500	DEBUG	protocol/handler.go:1600	waiting for broadcasts	{"{round 20 3  <nil>}": {"Key":"missing","Type":15,"Integer":0,"String":"[a]","Interface":null}}
2025-08-15T22:12:58.158-0500	DEBUG	protocol/handler.go:1600	waiting for broadcasts	{"{round 20 3  <nil>}": {"Key":"missing","Type":15,"Integer":0,"String":"[a d e]","Interface":null}}
2025-08-15T22:12:58.158-0500	DEBUG	protocol/handler.go:581	tryAdvanceRound called	{"{current_round 20 3  <nil>}": {"Key":"self","Type":15,"Integer":0,"String":"d","Interface":null}}
2025-08-15T22:12:58.159-0500	DEBUG	protocol/handler.go:1591	have processed broadcast	{"{round 20 3  <nil>}": {"Key":"from","Type":15,"Integer":0,"String":"a","Interface":null}}
2025-08-15T22:12:58.159-0500	DEBUG	protocol/handler.go:1306	waiting for broadcast before normal message
2025-08-15T22:12:58.159-0500	DEBUG	protocol/handler.go:432	processMessage: p2p round 3 START	{"{from 15 0 e <nil>}": {"Key":"to","Type":15,"Integer":0,"String":"c","Interface":null}}
2025-08-15T22:12:58.159-0500	DEBUG	protocol/handler.go:1591	have processed broadcast	{"{round 20 3  <nil>}": {"Key":"from","Type":15,"Integer":0,"String":"b","Interface":null}}
2025-08-15T22:12:58.159-0500	DEBUG	protocol/handler.go:1591	have processed broadcast	{"{round 20 3  <nil>}": {"Key":"from","Type":15,"Integer":0,"String":"b","Interface":null}}
2025-08-15T22:12:58.159-0500	DEBUG	protocol/handler.go:581	tryAdvanceRound called	{"{current_round 20 3  <nil>}": {"Key":"self","Type":15,"Integer":0,"String":"d","Interface":null}}
2025-08-15T22:12:58.159-0500	DEBUG	protocol/handler.go:1591	have processed broadcast	{"{round 20 3  <nil>}": {"Key":"from","Type":15,"Integer":0,"String":"d","Interface":null}}
2025-08-15T22:12:58.159-0500	DEBUG	protocol/handler.go:437	processing message	{"{from 15 0 e <nil>}": {"Key":"to","Type":15,"Integer":0,"String":"c","Interface":null}, "{round 20 3  <nil>}": {"Key":"broadcast","Type":4,"Integer":0,"String":"","Interface":null}}
2025-08-15T22:12:58.124-0500	DEBUG	protocol/handler.go:1600	waiting for broadcasts	{"{round 20 2  <nil>}": {"Key":"missing","Type":15,"Integer":0,"String":"[e]","Interface":null}}
2025-08-15T22:12:58.159-0500	DEBUG	protocol/handler.go:1600	waiting for broadcasts	{"{round 20 3  <nil>}": {"Key":"missing","Type":15,"Integer":0,"String":"[e]","Interface":null}}
2025-08-15T22:12:58.159-0500	DEBUG	protocol/handler.go:432	processMessage: p2p round 3 START	{"{from 15 0 e <nil>}": {"Key":"to","Type":15,"Integer":0,"String":"a","Interface":null}}
2025-08-15T22:12:58.159-0500	DEBUG	protocol/handler.go:581	tryAdvanceRound called	{"{current_round 20 3  <nil>}": {"Key":"self","Type":15,"Integer":0,"String":"c","Interface":null}}
2025-08-15T22:12:58.159-0500	DEBUG	protocol/handler.go:437	processing message	{"{from 15 0 e <nil>}": {"Key":"to","Type":15,"Integer":0,"String":"a","Interface":null}, "{round 20 3  <nil>}": {"Key":"broadcast","Type":4,"Integer":0,"String":"","Interface":null}}
2025-08-15T22:12:58.159-0500	DEBUG	protocol/handler.go:1591	have processed broadcast	{"{round 20 3  <nil>}": {"Key":"from","Type":15,"Integer":0,"String":"a","Interface":null}}
2025-08-15T22:12:58.159-0500	DEBUG	protocol/handler.go:1662	storing message	{"{round 20 3  <nil>}": {"Key":"from","Type":15,"Integer":0,"String":"e","Interface":null}}
2025-08-15T22:12:58.159-0500	DEBUG	protocol/handler.go:1591	have processed broadcast	{"{round 20 3  <nil>}": {"Key":"from","Type":15,"Integer":0,"String":"b","Interface":null}}
2025-08-15T22:12:58.159-0500	DEBUG	protocol/handler.go:1591	have processed broadcast	{"{round 20 3  <nil>}": {"Key":"from","Type":15,"Integer":0,"String":"d","Interface":null}}
2025-08-15T22:12:58.159-0500	DEBUG	protocol/handler.go:1600	waiting for broadcasts	{"{round 20 3  <nil>}": {"Key":"missing","Type":15,"Integer":0,"String":"[e]","Interface":null}}
2025-08-15T22:12:58.159-0500	DEBUG	protocol/handler.go:1591	have processed broadcast	{"{round 20 3  <nil>}": {"Key":"from","Type":15,"Integer":0,"String":"c","Interface":null}}
2025-08-15T22:12:58.159-0500	DEBUG	protocol/handler.go:1591	have processed broadcast	{"{round 20 3  <nil>}": {"Key":"from","Type":15,"Integer":0,"String":"e","Interface":null}}
2025-08-15T22:12:58.159-0500	DEBUG	protocol/handler.go:1600	waiting for broadcasts	{"{round 20 3  <nil>}": {"Key":"missing","Type":15,"Integer":0,"String":"[a]","Interface":null}}
2025-08-15T22:12:58.159-0500	DEBUG	protocol/handler.go:437	processing message	{"{from 15 0 e <nil>}": {"Key":"to","Type":15,"Integer":0,"String":"","Interface":null}, "{round 20 3  <nil>}": {"Key":"broadcast","Type":4,"Integer":1,"String":"","Interface":null}}
2025-08-15T22:12:58.159-0500	DEBUG	protocol/handler.go:1657	storing broadcast	{"{round 20 3  <nil>}": {"Key":"from","Type":15,"Integer":0,"String":"e","Interface":null}}
2025-08-15T22:12:58.159-0500	DEBUG	protocol/handler.go:581	tryAdvanceRound called	{"{current_round 20 3  <nil>}": {"Key":"self","Type":15,"Integer":0,"String":"c","Interface":null}}
2025-08-15T22:12:58.159-0500	DEBUG	protocol/handler.go:1591	have processed broadcast	{"{round 20 3  <nil>}": {"Key":"from","Type":15,"Integer":0,"String":"a","Interface":null}}
2025-08-15T22:12:58.159-0500	DEBUG	protocol/handler.go:1591	have processed broadcast	{"{round 20 3  <nil>}": {"Key":"from","Type":15,"Integer":0,"String":"b","Interface":null}}
2025-08-15T22:12:58.159-0500	DEBUG	protocol/handler.go:1591	have processed broadcast	{"{round 20 3  <nil>}": {"Key":"from","Type":15,"Integer":0,"String":"d","Interface":null}}
2025-08-15T22:12:58.159-0500	DEBUG	protocol/handler.go:1591	have processed broadcast	{"{round 20 3  <nil>}": {"Key":"from","Type":15,"Integer":0,"String":"e","Interface":null}}
2025-08-15T22:12:58.160-0500	DEBUG	protocol/handler.go:1635	waiting for messages	{"{round 20 3  <nil>}": {"Key":"missing","Type":15,"Integer":0,"String":"[e]","Interface":null}}
2025-08-15T22:12:58.159-0500	DEBUG	protocol/handler.go:1662	storing message	{"{round 20 3  <nil>}": {"Key":"from","Type":15,"Integer":0,"String":"e","Interface":null}}
2025-08-15T22:12:58.160-0500	DEBUG	protocol/handler.go:1591	have processed broadcast	{"{round 20 3  <nil>}": {"Key":"from","Type":15,"Integer":0,"String":"a","Interface":null}}
2025-08-15T22:12:58.160-0500	DEBUG	protocol/handler.go:1591	have processed broadcast	{"{round 20 3  <nil>}": {"Key":"from","Type":15,"Integer":0,"String":"b","Interface":null}}
2025-08-15T22:12:58.160-0500	DEBUG	protocol/handler.go:1591	have processed broadcast	{"{round 20 3  <nil>}": {"Key":"from","Type":15,"Integer":0,"String":"d","Interface":null}}
2025-08-15T22:12:58.160-0500	DEBUG	protocol/handler.go:1591	have processed broadcast	{"{round 20 3  <nil>}": {"Key":"from","Type":15,"Integer":0,"String":"e","Interface":null}}
2025-08-15T22:12:58.160-0500	DEBUG	protocol/handler.go:1642	waiting for message processing	{"{round 20 3  <nil>}": {"Key":"unprocessed","Type":15,"Integer":0,"String":"[e]","Interface":null}}
==================
WARNING: DATA RACE
Read at 0x00c0008296a8 by goroutine 1937:
  github.com/luxfi/threshold/protocols/frost/keygen.(*round2).Number()
      <autogenerated>:1 +0x38
  github.com/luxfi/threshold/pkg/protocol.(*Handler).hasAllMessages()
      /Users/z/work/lux/threshold/pkg/protocol/handler.go:1570 +0x40
  github.com/luxfi/threshold/pkg/protocol.(*Handler).tryAdvanceRound()
      /Users/z/work/lux/threshold/pkg/protocol/handler.go:589 +0x29c
  github.com/luxfi/threshold/pkg/protocol.(*Handler).processMessage()
      /Users/z/work/lux/threshold/pkg/protocol/handler.go:474 +0xb70
  github.com/luxfi/threshold/pkg/protocol.(*Handler).messageWorker()
      /Users/z/work/lux/threshold/pkg/protocol/handler.go:408 +0x338
  github.com/luxfi/threshold/pkg/protocol.(*Handler).startWorkers.gowrap2()
      /Users/z/work/lux/threshold/pkg/protocol/handler.go:361 +0x44

Previous write at 0x00c0008296ac by goroutine 2027:
  ??()
      -:0 +0x104ad5eb0
  sync/atomic.AddInt32()
      <autogenerated>:1 +0x14
  sync.(*Mutex).Unlock()
      /opt/homebrew/Cellar/go/1.24.6/libexec/src/sync/mutex.go:65 +0x2c
  github.com/luxfi/threshold/protocols/frost/keygen.(*round2).StoreBroadcastMessage()
      /Users/z/work/lux/threshold/protocols/frost/keygen/round2.go:59 +0x634
  github.com/luxfi/threshold/pkg/protocol.(*Handler).verifyBroadcastForRound()
      /Users/z/work/lux/threshold/pkg/protocol/handler.go:1277 +0x3a0
  github.com/luxfi/threshold/pkg/protocol.(*Handler).processQueuedMessages()
      /Users/z/work/lux/threshold/pkg/protocol/handler.go:1513 +0x718
  github.com/luxfi/threshold/pkg/protocol.(*Handler).tryAdvanceRound.gowrap2()
      /Users/z/work/lux/threshold/pkg/protocol/handler.go:673 +0x40

Goroutine 1937 (running) created at:
  github.com/luxfi/threshold/pkg/protocol.(*Handler).startWorkers()
      /Users/z/work/lux/threshold/pkg/protocol/handler.go:361 +0x334
  github.com/luxfi/threshold/pkg/protocol.NewHandler()
      /Users/z/work/lux/threshold/pkg/protocol/handler.go:247 +0xf10
  github.com/luxfi/threshold/internal/test.(*Harness).CreateHandler()
      /Users/z/work/lux/threshold/internal/test/harness.go:91 +0x2e4
  github.com/luxfi/threshold/internal/test.RunProtocol()
      /Users/z/work/lux/threshold/internal/test/harness.go:270 +0x230
  github.com/luxfi/threshold/internal/test.RunMultipleProtocolTests.(*ProtocolTest).Run.func1()
      /Users/z/work/lux/threshold/internal/test/protocol_helpers.go:34 +0xe0
  testing.tRunner()
      /opt/homebrew/Cellar/go/1.24.6/libexec/src/testing/testing.go:1792 +0x180
  testing.(*T).Run.gowrap1()
      /opt/homebrew/Cellar/go/1.24.6/libexec/src/testing/testing.go:1851 +0x40

Goroutine 2027 (running) created at:
  github.com/luxfi/threshold/pkg/protocol.(*Handler).tryAdvanceRound()
      /Users/z/work/lux/threshold/pkg/protocol/handler.go:673 +0x12e4
  github.com/luxfi/threshold/pkg/protocol.(*Handler).roundProcessor()
      /Users/z/work/lux/threshold/pkg/protocol/handler.go:569 +0xb4
  github.com/luxfi/threshold/pkg/protocol.(*Handler).startWorkers.func1()
      /Users/z/work/lux/threshold/pkg/protocol/handler.go:374 +0x78
==================
2025-08-15T22:12:58.161-0500	DEBUG	protocol/handler.go:1591	have processed broadcast	{"{round 20 2  <nil>}": {"Key":"from","Type":15,"Integer":0,"String":"a","Interface":null}}
2025-08-15T22:12:58.161-0500	DEBUG	protocol/handler.go:1591	have processed broadcast	{"{round 20 2  <nil>}": {"Key":"from","Type":15,"Integer":0,"String":"b","Interface":null}}
2025-08-15T22:12:58.161-0500	DEBUG	protocol/handler.go:1591	have processed broadcast	{"{round 20 2  <nil>}": {"Key":"from","Type":15,"Integer":0,"String":"d","Interface":null}}
2025-08-15T22:12:58.161-0500	DEBUG	protocol/handler.go:1591	have processed broadcast	{"{round 20 2  <nil>}": {"Key":"from","Type":15,"Integer":0,"String":"e","Interface":null}}
2025-08-15T22:12:58.161-0500	DEBUG	protocol/handler.go:581	tryAdvanceRound called	{"{current_round 20 3  <nil>}": {"Key":"self","Type":15,"Integer":0,"String":"a","Interface":null}}
2025-08-15T22:12:58.161-0500	DEBUG	protocol/handler.go:1591	have processed broadcast	{"{round 20 2  <nil>}": {"Key":"from","Type":15,"Integer":0,"String":"a","Interface":null}}
2025-08-15T22:12:58.161-0500	DEBUG	protocol/handler.go:1591	have processed broadcast	{"{round 20 2  <nil>}": {"Key":"from","Type":15,"Integer":0,"String":"b","Interface":null}}
2025-08-15T22:12:58.161-0500	DEBUG	protocol/handler.go:581	tryAdvanceRound called	{"{current_round 20 3  <nil>}": {"Key":"self","Type":15,"Integer":0,"String":"c","Interface":null}}
2025-08-15T22:12:58.161-0500	DEBUG	protocol/handler.go:1591	have processed broadcast	{"{round 20 2  <nil>}": {"Key":"from","Type":15,"Integer":0,"String":"c","Interface":null}}
2025-08-15T22:12:58.161-0500	DEBUG	protocol/handler.go:1649	have all messages and processed	{"{round 20 2  <nil>}": {"Key":"self","Type":15,"Integer":0,"String":"c","Interface":null}}
2025-08-15T22:12:58.161-0500	DEBUG	protocol/handler.go:1591	have processed broadcast	{"{round 20 3  <nil>}": {"Key":"from","Type":15,"Integer":0,"String":"a","Interface":null}}
2025-08-15T22:12:58.161-0500	DEBUG	protocol/handler.go:1591	have processed broadcast	{"{round 20 2  <nil>}": {"Key":"from","Type":15,"Integer":0,"String":"d","Interface":null}}
2025-08-15T22:12:58.132-0500	DEBUG	protocol/handler.go:1591	have processed broadcast	{"{round 20 2  <nil>}": {"Key":"from","Type":15,"Integer":0,"String":"c","Interface":null}}
2025-08-15T22:12:58.161-0500	DEBUG	protocol/handler.go:1591	have processed broadcast	{"{round 20 3  <nil>}": {"Key":"from","Type":15,"Integer":0,"String":"b","Interface":null}}
2025-08-15T22:12:58.161-0500	DEBUG	protocol/handler.go:1591	have processed broadcast	{"{round 20 2  <nil>}": {"Key":"from","Type":15,"Integer":0,"String":"e","Interface":null}}
2025-08-15T22:12:58.161-0500	DEBUG	protocol/handler.go:1591	have processed broadcast	{"{round 20 2  <nil>}": {"Key":"from","Type":15,"Integer":0,"String":"e","Interface":null}}
2025-08-15T22:12:58.161-0500	DEBUG	protocol/handler.go:1649	have all messages and processed	{"{round 20 2  <nil>}": {"Key":"self","Type":15,"Integer":0,"String":"a","Interface":null}}
2025-08-15T22:12:58.161-0500	DEBUG	protocol/handler.go:596	round already finalized
2025-08-15T22:12:58.162-0500	DEBUG	protocol/handler.go:596	round already finalized
2025-08-15T22:12:58.162-0500	DEBUG	protocol/handler.go:600	current round already advanced	{"{checking 20 2  <nil>}": {"Key":"current","Type":20,"Integer":3,"String":"","Interface":null}}
2025-08-15T22:12:58.161-0500	DEBUG	protocol/handler.go:1591	have processed broadcast	{"{round 20 3  <nil>}": {"Key":"from","Type":15,"Integer":0,"String":"d","Interface":null}}
2025-08-15T22:12:58.162-0500	DEBUG	protocol/handler.go:432	processMessage: p2p round 3 START	{"{from 15 0 a <nil>}": {"Key":"to","Type":15,"Integer":0,"String":"b","Interface":null}}
2025-08-15T22:12:58.162-0500	DEBUG	protocol/handler.go:437	processing message	{"{from 15 0 a <nil>}": {"Key":"to","Type":15,"Integer":0,"String":"","Interface":null}, "{round 20 3  <nil>}": {"Key":"broadcast","Type":4,"Integer":1,"String":"","Interface":null}}
2025-08-15T22:12:58.162-0500	DEBUG	protocol/handler.go:1591	have processed broadcast	{"{round 20 3  <nil>}": {"Key":"from","Type":15,"Integer":0,"String":"e","Interface":null}}
2025-08-15T22:12:58.162-0500	DEBUG	protocol/handler.go:1657	storing broadcast	{"{round 20 3  <nil>}": {"Key":"from","Type":15,"Integer":0,"String":"a","Interface":null}}
2025-08-15T22:12:58.162-0500	DEBUG	protocol/handler.go:437	processing message	{"{from 15 0 a <nil>}": {"Key":"to","Type":15,"Integer":0,"String":"b","Interface":null}, "{round 20 3  <nil>}": {"Key":"broadcast","Type":4,"Integer":0,"String":"","Interface":null}}
2025-08-15T22:12:58.162-0500	DEBUG	protocol/handler.go:1649	have all messages and processed	{"{round 20 3  <nil>}": {"Key":"self","Type":15,"Integer":0,"String":"c","Interface":null}}
2025-08-15T22:12:58.162-0500	DEBUG	protocol/handler.go:1662	storing message	{"{round 20 3  <nil>}": {"Key":"from","Type":15,"Integer":0,"String":"a","Interface":null}}
2025-08-15T22:12:58.162-0500	DEBUG	protocol/handler.go:619	finalizing round
2025-08-15T22:12:58.159-0500	DEBUG	protocol/handler.go:1306	waiting for broadcast before normal message
2025-08-15T22:12:58.162-0500	DEBUG	protocol/handler.go:581	tryAdvanceRound called	{"{current_round 20 3  <nil>}": {"Key":"self","Type":15,"Integer":0,"String":"b","Interface":null}}
2025-08-15T22:12:58.162-0500	DEBUG	protocol/handler.go:581	tryAdvanceRound called	{"{current_round 20 3  <nil>}": {"Key":"self","Type":15,"Integer":0,"String":"e","Interface":null}}
2025-08-15T22:12:58.162-0500	DEBUG	protocol/handler.go:1591	have processed broadcast	{"{round 20 3  <nil>}": {"Key":"from","Type":15,"Integer":0,"String":"b","Interface":null}}
2025-08-15T22:12:58.162-0500	DEBUG	protocol/handler.go:1306	waiting for broadcast before normal message
2025-08-15T22:12:58.162-0500	DEBUG	protocol/handler.go:600	current round already advanced	{"{checking 20 2  <nil>}": {"Key":"current","Type":20,"Integer":3,"String":"","Interface":null}}
2025-08-15T22:12:58.162-0500	DEBUG	protocol/handler.go:1591	have processed broadcast	{"{round 20 3  <nil>}": {"Key":"from","Type":15,"Integer":0,"String":"c","Interface":null}}
2025-08-15T22:12:58.139-0500	DEBUG	protocol/handler.go:437	processing message	{"{from 15 0 a <nil>}": {"Key":"to","Type":15,"Integer":0,"String":"","Interface":null}, "{round 20 3  <nil>}": {"Key":"broadcast","Type":4,"Integer":1,"String":"","Interface":null}}
2025-08-15T22:12:58.162-0500	DEBUG	protocol/handler.go:1657	storing broadcast	{"{round 20 3  <nil>}": {"Key":"from","Type":15,"Integer":0,"String":"a","Interface":null}}
2025-08-15T22:12:58.162-0500	DEBUG	protocol/handler.go:437	processing message	{"{from 15 0 e <nil>}": {"Key":"to","Type":15,"Integer":0,"String":"","Interface":null}, "{round 20 3  <nil>}": {"Key":"broadcast","Type":4,"Integer":1,"String":"","Interface":null}}
2025-08-15T22:12:58.162-0500	DEBUG	protocol/handler.go:581	tryAdvanceRound called	{"{current_round 20 3  <nil>}": {"Key":"self","Type":15,"Integer":0,"String":"d","Interface":null}}
2025-08-15T22:12:58.162-0500	DEBUG	protocol/handler.go:432	processMessage: p2p round 3 START	{"{from 15 0 e <nil>}": {"Key":"to","Type":15,"Integer":0,"String":"b","Interface":null}}
2025-08-15T22:12:58.161-0500	DEBUG	protocol/handler.go:1591	have processed broadcast	{"{round 20 2  <nil>}": {"Key":"from","Type":15,"Integer":0,"String":"d","Interface":null}}
2025-08-15T22:12:58.162-0500	DEBUG	protocol/handler.go:1649	have all messages and processed	{"{round 20 2  <nil>}": {"Key":"self","Type":15,"Integer":0,"String":"e","Interface":null}}
2025-08-15T22:12:58.162-0500	DEBUG	protocol/handler.go:437	processing message	{"{from 15 0 e <nil>}": {"Key":"to","Type":15,"Integer":0,"String":"b","Interface":null}, "{round 20 3  <nil>}": {"Key":"broadcast","Type":4,"Integer":0,"String":"","Interface":null}}
2025-08-15T22:12:58.162-0500	DEBUG	protocol/handler.go:596	round already finalized
2025-08-15T22:12:58.162-0500	DEBUG	protocol/handler.go:1662	storing message	{"{round 20 3  <nil>}": {"Key":"from","Type":15,"Integer":0,"String":"e","Interface":null}}
2025-08-15T22:12:58.162-0500	DEBUG	protocol/handler.go:600	current round already advanced	{"{checking 20 2  <nil>}": {"Key":"current","Type":20,"Integer":3,"String":"","Interface":null}}
2025-08-15T22:12:58.162-0500	DEBUG	protocol/handler.go:581	tryAdvanceRound called	{"{current_round 20 3  <nil>}": {"Key":"self","Type":15,"Integer":0,"String":"b","Interface":null}}
2025-08-15T22:12:58.162-0500	DEBUG	protocol/handler.go:1306	waiting for broadcast before normal message
2025-08-15T22:12:58.124-0500	DEBUG	protocol/handler.go:1591	have processed broadcast	{"{round 20 2  <nil>}": {"Key":"from","Type":15,"Integer":0,"String":"c","Interface":null}}
2025-08-15T22:12:58.162-0500	DEBUG	protocol/handler.go:1306	waiting for broadcast before normal message
2025-08-15T22:12:58.162-0500	DEBUG	protocol/handler.go:1591	have processed broadcast	{"{round 20 2  <nil>}": {"Key":"from","Type":15,"Integer":0,"String":"e","Interface":null}}
2025-08-15T22:12:58.162-0500	DEBUG	protocol/handler.go:1591	have processed broadcast	{"{round 20 3  <nil>}": {"Key":"from","Type":15,"Integer":0,"String":"c","Interface":null}}
2025-08-15T22:12:58.162-0500	DEBUG	protocol/handler.go:1649	have all messages and processed	{"{round 20 2  <nil>}": {"Key":"self","Type":15,"Integer":0,"String":"d","Interface":null}}
2025-08-15T22:12:58.162-0500	DEBUG	protocol/handler.go:596	round already finalized
2025-08-15T22:12:58.163-0500	DEBUG	protocol/handler.go:432	processMessage: p2p round 3 START	{"{from 15 0 d <nil>}": {"Key":"to","Type":15,"Integer":0,"String":"b","Interface":null}}
2025-08-15T22:12:58.163-0500	DEBUG	protocol/handler.go:432	processMessage: p2p round 3 START	{"{from 15 0 c <nil>}": {"Key":"to","Type":15,"Integer":0,"String":"e","Interface":null}}
2025-08-15T22:12:58.163-0500	DEBUG	protocol/handler.go:437	processing message	{"{from 15 0 d <nil>}": {"Key":"to","Type":15,"Integer":0,"String":"b","Interface":null}, "{round 20 3  <nil>}": {"Key":"broadcast","Type":4,"Integer":0,"String":"","Interface":null}}
2025-08-15T22:12:58.163-0500	DEBUG	protocol/handler.go:1662	storing message	{"{round 20 3  <nil>}": {"Key":"from","Type":15,"Integer":0,"String":"d","Interface":null}}
2025-08-15T22:12:58.163-0500	DEBUG	protocol/handler.go:581	tryAdvanceRound called	{"{current_round 20 3  <nil>}": {"Key":"self","Type":15,"Integer":0,"String":"b","Interface":null}}
2025-08-15T22:12:58.163-0500	DEBUG	protocol/handler.go:437	processing message	{"{from 15 0 d <nil>}": {"Key":"to","Type":15,"Integer":0,"String":"","Interface":null}, "{round 20 3  <nil>}": {"Key":"broadcast","Type":4,"Integer":1,"String":"","Interface":null}}
2025-08-15T22:12:58.163-0500	DEBUG	protocol/handler.go:1306	waiting for broadcast before normal message
2025-08-15T22:12:58.163-0500	DEBUG	protocol/handler.go:1657	storing broadcast	{"{round 20 3  <nil>}": {"Key":"from","Type":15,"Integer":0,"String":"d","Interface":null}}
2025-08-15T22:12:58.163-0500	DEBUG	protocol/handler.go:1306	waiting for broadcast before normal message
2025-08-15T22:12:58.163-0500	DEBUG	protocol/handler.go:1306	waiting for broadcast before normal message
2025-08-15T22:12:58.163-0500	DEBUG	protocol/handler.go:581	tryAdvanceRound called	{"{current_round 20 3  <nil>}": {"Key":"self","Type":15,"Integer":0,"String":"e","Interface":null}}
2025-08-15T22:12:58.163-0500	DEBUG	protocol/handler.go:1591	have processed broadcast	{"{round 20 3  <nil>}": {"Key":"from","Type":15,"Integer":0,"String":"c","Interface":null}}
2025-08-15T22:12:58.163-0500	DEBUG	protocol/handler.go:1600	waiting for broadcasts	{"{round 20 3  <nil>}": {"Key":"missing","Type":15,"Integer":0,"String":"[a d e]","Interface":null}}
2025-08-15T22:12:58.163-0500	DEBUG	protocol/handler.go:437	processing message	{"{from 15 0 a <nil>}": {"Key":"to","Type":15,"Integer":0,"String":"","Interface":null}, "{round 20 3  <nil>}": {"Key":"broadcast","Type":4,"Integer":1,"String":"","Interface":null}}
2025-08-15T22:12:58.163-0500	DEBUG	protocol/handler.go:1657	storing broadcast	{"{round 20 3  <nil>}": {"Key":"from","Type":15,"Integer":0,"String":"a","Interface":null}}
2025-08-15T22:12:58.163-0500	DEBUG	protocol/handler.go:581	tryAdvanceRound called	{"{current_round 20 3  <nil>}": {"Key":"self","Type":15,"Integer":0,"String":"b","Interface":null}}
2025-08-15T22:12:58.163-0500	DEBUG	protocol/handler.go:1306	waiting for broadcast before normal message
2025-08-15T22:12:58.164-0500	DEBUG	protocol/handler.go:1591	have processed broadcast	{"{round 20 3  <nil>}": {"Key":"from","Type":15,"Integer":0,"String":"a","Interface":null}}
2025-08-15T22:12:58.164-0500	DEBUG	protocol/handler.go:1591	have processed broadcast	{"{round 20 3  <nil>}": {"Key":"from","Type":15,"Integer":0,"String":"b","Interface":null}}
2025-08-15T22:12:58.164-0500	DEBUG	protocol/handler.go:1591	have processed broadcast	{"{round 20 3  <nil>}": {"Key":"from","Type":15,"Integer":0,"String":"c","Interface":null}}
2025-08-15T22:12:58.164-0500	DEBUG	protocol/handler.go:1591	have processed broadcast	{"{round 20 3  <nil>}": {"Key":"from","Type":15,"Integer":0,"String":"d","Interface":null}}
2025-08-15T22:12:58.164-0500	DEBUG	protocol/handler.go:1635	waiting for messages	{"{round 20 3  <nil>}": {"Key":"missing","Type":15,"Integer":0,"String":"[a c d]","Interface":null}}
2025-08-15T22:12:58.164-0500	DEBUG	protocol/handler.go:581	tryAdvanceRound called	{"{current_round 20 3  <nil>}": {"Key":"self","Type":15,"Integer":0,"String":"d","Interface":null}}
2025-08-15T22:12:58.164-0500	DEBUG	protocol/handler.go:1591	have processed broadcast	{"{round 20 3  <nil>}": {"Key":"from","Type":15,"Integer":0,"String":"a","Interface":null}}
2025-08-15T22:12:58.164-0500	DEBUG	protocol/handler.go:1591	have processed broadcast	{"{round 20 3  <nil>}": {"Key":"from","Type":15,"Integer":0,"String":"a","Interface":null}}
2025-08-15T22:12:58.164-0500	DEBUG	protocol/handler.go:1591	have processed broadcast	{"{round 20 3  <nil>}": {"Key":"from","Type":15,"Integer":0,"String":"b","Interface":null}}
2025-08-15T22:12:58.164-0500	DEBUG	protocol/handler.go:1591	have processed broadcast	{"{round 20 3  <nil>}": {"Key":"from","Type":15,"Integer":0,"String":"b","Interface":null}}
2025-08-15T22:12:58.164-0500	DEBUG	protocol/handler.go:1591	have processed broadcast	{"{round 20 3  <nil>}": {"Key":"from","Type":15,"Integer":0,"String":"c","Interface":null}}
2025-08-15T22:12:58.164-0500	DEBUG	protocol/handler.go:1591	have processed broadcast	{"{round 20 3  <nil>}": {"Key":"from","Type":15,"Integer":0,"String":"c","Interface":null}}
2025-08-15T22:12:58.164-0500	DEBUG	protocol/handler.go:1591	have processed broadcast	{"{round 20 3  <nil>}": {"Key":"from","Type":15,"Integer":0,"String":"e","Interface":null}}
2025-08-15T22:12:58.164-0500	DEBUG	protocol/handler.go:1591	have processed broadcast	{"{round 20 3  <nil>}": {"Key":"from","Type":15,"Integer":0,"String":"e","Interface":null}}
2025-08-15T22:12:58.164-0500	DEBUG	protocol/handler.go:1649	have all messages and processed	{"{round 20 3  <nil>}": {"Key":"self","Type":15,"Integer":0,"String":"d","Interface":null}}
2025-08-15T22:12:58.164-0500	DEBUG	protocol/handler.go:619	finalizing round
2025-08-15T22:12:58.162-0500	DEBUG	protocol/handler.go:1649	have all messages and processed	{"{round 20 2  <nil>}": {"Key":"self","Type":15,"Integer":0,"String":"d","Interface":null}}
2025-08-15T22:12:58.164-0500	DEBUG	protocol/handler.go:596	round already finalized
2025-08-15T22:12:58.164-0500	DEBUG	protocol/handler.go:432	processMessage: p2p round 3 START	{"{from 15 0 a <nil>}": {"Key":"to","Type":15,"Integer":0,"String":"e","Interface":null}}
2025-08-15T22:12:58.164-0500	DEBUG	protocol/handler.go:600	current round already advanced	{"{checking 20 2  <nil>}": {"Key":"current","Type":20,"Integer":3,"String":"","Interface":null}}
2025-08-15T22:12:58.163-0500	DEBUG	protocol/handler.go:600	current round already advanced	{"{checking 20 2  <nil>}": {"Key":"current","Type":20,"Integer":3,"String":"","Interface":null}}
2025-08-15T22:12:58.159-0500	INFO	protocol/handler.go:560	advanced to round
2025-08-15T22:12:58.164-0500	DEBUG	protocol/handler.go:437	processing message	{"{from 15 0 a <nil>}": {"Key":"to","Type":15,"Integer":0,"String":"e","Interface":null}, "{round 20 3  <nil>}": {"Key":"broadcast","Type":4,"Integer":0,"String":"","Interface":null}}
2025-08-15T22:12:58.164-0500	DEBUG	protocol/handler.go:581	tryAdvanceRound called	{"{current_round 20 3  <nil>}": {"Key":"self","Type":15,"Integer":0,"String":"a","Interface":null}}
2025-08-15T22:12:58.164-0500	DEBUG	protocol/handler.go:1662	storing message	{"{round 20 3  <nil>}": {"Key":"from","Type":15,"Integer":0,"String":"a","Interface":null}}
2025-08-15T22:12:58.165-0500	DEBUG	protocol/handler.go:1591	have processed broadcast	{"{round 20 3  <nil>}": {"Key":"from","Type":15,"Integer":0,"String":"a","Interface":null}}
2025-08-15T22:12:58.165-0500	DEBUG	protocol/handler.go:1591	have processed broadcast	{"{round 20 3  <nil>}": {"Key":"from","Type":15,"Integer":0,"String":"b","Interface":null}}
2025-08-15T22:12:58.165-0500	DEBUG	protocol/handler.go:1591	have processed broadcast	{"{round 20 3  <nil>}": {"Key":"from","Type":15,"Integer":0,"String":"c","Interface":null}}
2025-08-15T22:12:58.165-0500	DEBUG	protocol/handler.go:1591	have processed broadcast	{"{round 20 3  <nil>}": {"Key":"from","Type":15,"Integer":0,"String":"d","Interface":null}}
2025-08-15T22:12:58.165-0500	DEBUG	protocol/handler.go:1306	waiting for broadcast before normal message
2025-08-15T22:12:58.165-0500	DEBUG	protocol/handler.go:1635	waiting for messages	{"{round 20 3  <nil>}": {"Key":"missing","Type":15,"Integer":0,"String":"[c d]","Interface":null}}
2025-08-15T22:12:58.165-0500	DEBUG	protocol/handler.go:1591	have processed broadcast	{"{round 20 3  <nil>}": {"Key":"from","Type":15,"Integer":0,"String":"a","Interface":null}}
2025-08-15T22:12:58.165-0500	DEBUG	protocol/handler.go:1591	have processed broadcast	{"{round 20 3  <nil>}": {"Key":"from","Type":15,"Integer":0,"String":"e","Interface":null}}
2025-08-15T22:12:58.165-0500	DEBUG	protocol/handler.go:1591	have processed broadcast	{"{round 20 3  <nil>}": {"Key":"from","Type":15,"Integer":0,"String":"c","Interface":null}}
2025-08-15T22:12:58.165-0500	DEBUG	protocol/handler.go:1600	waiting for broadcasts	{"{round 20 3  <nil>}": {"Key":"missing","Type":15,"Integer":0,"String":"[a]","Interface":null}}
2025-08-15T22:12:58.165-0500	DEBUG	protocol/handler.go:1600	waiting for broadcasts	{"{round 20 3  <nil>}": {"Key":"missing","Type":15,"Integer":0,"String":"[d e]","Interface":null}}
2025-08-15T22:12:58.162-0500	DEBUG	protocol/handler.go:1657	storing broadcast	{"{round 20 3  <nil>}": {"Key":"from","Type":15,"Integer":0,"String":"e","Interface":null}}
2025-08-15T22:12:58.165-0500	DEBUG	protocol/handler.go:581	tryAdvanceRound called	{"{current_round 20 3  <nil>}": {"Key":"self","Type":15,"Integer":0,"String":"b","Interface":null}}
2025-08-15T22:12:58.166-0500	DEBUG	protocol/handler.go:581	tryAdvanceRound called	{"{current_round 20 3  <nil>}": {"Key":"self","Type":15,"Integer":0,"String":"e","Interface":null}}
2025-08-15T22:12:58.166-0500	DEBUG	protocol/handler.go:1591	have processed broadcast	{"{round 20 3  <nil>}": {"Key":"from","Type":15,"Integer":0,"String":"a","Interface":null}}
2025-08-15T22:12:58.166-0500	DEBUG	protocol/handler.go:1591	have processed broadcast	{"{round 20 3  <nil>}": {"Key":"from","Type":15,"Integer":0,"String":"b","Interface":null}}
2025-08-15T22:12:58.166-0500	DEBUG	protocol/handler.go:1591	have processed broadcast	{"{round 20 3  <nil>}": {"Key":"from","Type":15,"Integer":0,"String":"c","Interface":null}}
2025-08-15T22:12:58.166-0500	DEBUG	protocol/handler.go:1591	have processed broadcast	{"{round 20 3  <nil>}": {"Key":"from","Type":15,"Integer":0,"String":"d","Interface":null}}
2025-08-15T22:12:58.166-0500	DEBUG	protocol/handler.go:1635	waiting for messages	{"{round 20 3  <nil>}": {"Key":"missing","Type":15,"Integer":0,"String":"[c d]","Interface":null}}
2025-08-15T22:12:58.166-0500	DEBUG	protocol/handler.go:432	processMessage: p2p round 3 START	{"{from 15 0 d <nil>}": {"Key":"to","Type":15,"Integer":0,"String":"e","Interface":null}}
2025-08-15T22:12:58.166-0500	DEBUG	protocol/handler.go:437	processing message	{"{from 15 0 d <nil>}": {"Key":"to","Type":15,"Integer":0,"String":"e","Interface":null}, "{round 20 3  <nil>}": {"Key":"broadcast","Type":4,"Integer":0,"String":"","Interface":null}}
2025-08-15T22:12:58.166-0500	DEBUG	protocol/handler.go:1662	storing message	{"{round 20 3  <nil>}": {"Key":"from","Type":15,"Integer":0,"String":"d","Interface":null}}
2025-08-15T22:12:58.167-0500	DEBUG	protocol/handler.go:1306	waiting for broadcast before normal message
2025-08-15T22:12:58.167-0500	DEBUG	protocol/handler.go:1591	have processed broadcast	{"{round 20 3  <nil>}": {"Key":"from","Type":15,"Integer":0,"String":"a","Interface":null}}
2025-08-15T22:12:58.167-0500	DEBUG	protocol/handler.go:1591	have processed broadcast	{"{round 20 3  <nil>}": {"Key":"from","Type":15,"Integer":0,"String":"c","Interface":null}}
2025-08-15T22:12:58.167-0500	DEBUG	protocol/handler.go:1591	have processed broadcast	{"{round 20 3  <nil>}": {"Key":"from","Type":15,"Integer":0,"String":"e","Interface":null}}
2025-08-15T22:12:58.167-0500	DEBUG	protocol/handler.go:1600	waiting for broadcasts	{"{round 20 3  <nil>}": {"Key":"missing","Type":15,"Integer":0,"String":"[d]","Interface":null}}
2025-08-15T22:12:58.162-0500	DEBUG	protocol/handler.go:437	processing message	{"{from 15 0 d <nil>}": {"Key":"to","Type":15,"Integer":0,"String":"","Interface":null}, "{round 20 3  <nil>}": {"Key":"broadcast","Type":4,"Integer":1,"String":"","Interface":null}}
2025-08-15T22:12:58.167-0500	DEBUG	protocol/handler.go:1657	storing broadcast	{"{round 20 3  <nil>}": {"Key":"from","Type":15,"Integer":0,"String":"d","Interface":null}}
2025-08-15T22:12:58.167-0500	DEBUG	protocol/handler.go:581	tryAdvanceRound called	{"{current_round 20 3  <nil>}": {"Key":"self","Type":15,"Integer":0,"String":"b","Interface":null}}
2025-08-15T22:12:58.168-0500	DEBUG	protocol/handler.go:1591	have processed broadcast	{"{round 20 3  <nil>}": {"Key":"from","Type":15,"Integer":0,"String":"b","Interface":null}}
2025-08-15T22:12:58.168-0500	DEBUG	protocol/handler.go:1591	have processed broadcast	{"{round 20 3  <nil>}": {"Key":"from","Type":15,"Integer":0,"String":"c","Interface":null}}
2025-08-15T22:12:58.168-0500	DEBUG	protocol/handler.go:1591	have processed broadcast	{"{round 20 3  <nil>}": {"Key":"from","Type":15,"Integer":0,"String":"d","Interface":null}}
2025-08-15T22:12:58.168-0500	DEBUG	protocol/handler.go:1591	have processed broadcast	{"{round 20 3  <nil>}": {"Key":"from","Type":15,"Integer":0,"String":"e","Interface":null}}
2025-08-15T22:12:58.168-0500	DEBUG	protocol/handler.go:581	tryAdvanceRound called	{"{current_round 20 3  <nil>}": {"Key":"self","Type":15,"Integer":0,"String":"e","Interface":null}}
2025-08-15T22:12:58.168-0500	DEBUG	protocol/handler.go:1649	have all messages and processed	{"{round 20 3  <nil>}": {"Key":"self","Type":15,"Integer":0,"String":"a","Interface":null}}
2025-08-15T22:12:58.168-0500	DEBUG	protocol/handler.go:619	finalizing round
2025-08-15T22:12:58.168-0500	DEBUG	protocol/handler.go:1591	have processed broadcast	{"{round 20 3  <nil>}": {"Key":"from","Type":15,"Integer":0,"String":"a","Interface":null}}
2025-08-15T22:12:58.162-0500	DEBUG	protocol/handler.go:1591	have processed broadcast	{"{round 20 3  <nil>}": {"Key":"from","Type":15,"Integer":0,"String":"c","Interface":null}}
2025-08-15T22:12:58.168-0500	DEBUG	protocol/handler.go:1591	have processed broadcast	{"{round 20 3  <nil>}": {"Key":"from","Type":15,"Integer":0,"String":"b","Interface":null}}
2025-08-15T22:12:58.168-0500	DEBUG	protocol/handler.go:1600	waiting for broadcasts	{"{round 20 3  <nil>}": {"Key":"missing","Type":15,"Integer":0,"String":"[a d e]","Interface":null}}
2025-08-15T22:12:58.164-0500	DEBUG	protocol/handler.go:1649	have all messages and processed	{"{round 20 3  <nil>}": {"Key":"self","Type":15,"Integer":0,"String":"d","Interface":null}}
2025-08-15T22:12:58.168-0500	DEBUG	protocol/handler.go:1591	have processed broadcast	{"{round 20 3  <nil>}": {"Key":"from","Type":15,"Integer":0,"String":"c","Interface":null}}
2025-08-15T22:12:58.168-0500	DEBUG	protocol/handler.go:1591	have processed broadcast	{"{round 20 3  <nil>}": {"Key":"from","Type":15,"Integer":0,"String":"d","Interface":null}}
2025-08-15T22:12:58.168-0500	DEBUG	protocol/handler.go:1635	waiting for messages	{"{round 20 3  <nil>}": {"Key":"missing","Type":15,"Integer":0,"String":"[c]","Interface":null}}
2025-08-15T22:12:58.168-0500	DEBUG	protocol/handler.go:581	tryAdvanceRound called	{"{current_round 20 3  <nil>}": {"Key":"self","Type":15,"Integer":0,"String":"c","Interface":null}}
2025-08-15T22:12:58.168-0500	DEBUG	protocol/handler.go:1591	have processed broadcast	{"{round 20 3  <nil>}": {"Key":"from","Type":15,"Integer":0,"String":"a","Interface":null}}
2025-08-15T22:12:58.168-0500	DEBUG	protocol/handler.go:1591	have processed broadcast	{"{round 20 3  <nil>}": {"Key":"from","Type":15,"Integer":0,"String":"b","Interface":null}}
2025-08-15T22:12:58.168-0500	DEBUG	protocol/handler.go:1591	have processed broadcast	{"{round 20 3  <nil>}": {"Key":"from","Type":15,"Integer":0,"String":"d","Interface":null}}
2025-08-15T22:12:58.168-0500	DEBUG	protocol/handler.go:1591	have processed broadcast	{"{round 20 3  <nil>}": {"Key":"from","Type":15,"Integer":0,"String":"e","Interface":null}}
2025-08-15T22:12:58.168-0500	DEBUG	protocol/handler.go:1649	have all messages and processed	{"{round 20 3  <nil>}": {"Key":"self","Type":15,"Integer":0,"String":"c","Interface":null}}
2025-08-15T22:12:58.168-0500	DEBUG	protocol/handler.go:596	round already finalized
2025-08-15T22:12:58.168-0500	DEBUG	protocol/handler.go:596	round already finalized
2025-08-15T22:12:58.162-0500	INFO	protocol/handler.go:560	advanced to round
2025-08-15T22:12:58.169-0500	DEBUG	protocol/handler.go:581	tryAdvanceRound called	{"{current_round 20 3  <nil>}": {"Key":"self","Type":15,"Integer":0,"String":"e","Interface":null}}
2025-08-15T22:12:58.169-0500	DEBUG	protocol/handler.go:1591	have processed broadcast	{"{round 20 3  <nil>}": {"Key":"from","Type":15,"Integer":0,"String":"a","Interface":null}}
2025-08-15T22:12:58.169-0500	DEBUG	protocol/handler.go:1591	have processed broadcast	{"{round 20 3  <nil>}": {"Key":"from","Type":15,"Integer":0,"String":"a","Interface":null}}
2025-08-15T22:12:58.169-0500	DEBUG	protocol/handler.go:1591	have processed broadcast	{"{round 20 3  <nil>}": {"Key":"from","Type":15,"Integer":0,"String":"c","Interface":null}}
2025-08-15T22:12:58.169-0500	DEBUG	protocol/handler.go:1591	have processed broadcast	{"{round 20 3  <nil>}": {"Key":"from","Type":15,"Integer":0,"String":"b","Interface":null}}
2025-08-15T22:12:58.169-0500	DEBUG	protocol/handler.go:1591	have processed broadcast	{"{round 20 3  <nil>}": {"Key":"from","Type":15,"Integer":0,"String":"d","Interface":null}}
2025-08-15T22:12:58.169-0500	DEBUG	protocol/handler.go:1591	have processed broadcast	{"{round 20 3  <nil>}": {"Key":"from","Type":15,"Integer":0,"String":"c","Interface":null}}
2025-08-15T22:12:58.169-0500	DEBUG	protocol/handler.go:1591	have processed broadcast	{"{round 20 3  <nil>}": {"Key":"from","Type":15,"Integer":0,"String":"e","Interface":null}}
2025-08-15T22:12:58.169-0500	DEBUG	protocol/handler.go:1591	have processed broadcast	{"{round 20 3  <nil>}": {"Key":"from","Type":15,"Integer":0,"String":"d","Interface":null}}
2025-08-15T22:12:58.169-0500	DEBUG	protocol/handler.go:1649	have all messages and processed	{"{round 20 3  <nil>}": {"Key":"self","Type":15,"Integer":0,"String":"b","Interface":null}}
2025-08-15T22:12:58.169-0500	DEBUG	protocol/handler.go:1635	waiting for messages	{"{round 20 3  <nil>}": {"Key":"missing","Type":15,"Integer":0,"String":"[c]","Interface":null}}
2025-08-15T22:12:58.169-0500	DEBUG	protocol/handler.go:619	finalizing round
2025-08-15T22:12:58.169-0500	DEBUG	protocol/handler.go:581	tryAdvanceRound called	{"{current_round 20 3  <nil>}": {"Key":"self","Type":15,"Integer":0,"String":"e","Interface":null}}
2025-08-15T22:12:58.169-0500	DEBUG	protocol/handler.go:1591	have processed broadcast	{"{round 20 3  <nil>}": {"Key":"from","Type":15,"Integer":0,"String":"a","Interface":null}}
2025-08-15T22:12:58.169-0500	DEBUG	protocol/handler.go:1591	have processed broadcast	{"{round 20 3  <nil>}": {"Key":"from","Type":15,"Integer":0,"String":"b","Interface":null}}
2025-08-15T22:12:58.169-0500	DEBUG	protocol/handler.go:1591	have processed broadcast	{"{round 20 3  <nil>}": {"Key":"from","Type":15,"Integer":0,"String":"c","Interface":null}}
2025-08-15T22:12:58.170-0500	DEBUG	protocol/handler.go:1591	have processed broadcast	{"{round 20 3  <nil>}": {"Key":"from","Type":15,"Integer":0,"String":"d","Interface":null}}
2025-08-15T22:12:58.170-0500	DEBUG	protocol/handler.go:1635	waiting for messages	{"{round 20 3  <nil>}": {"Key":"missing","Type":15,"Integer":0,"String":"[c]","Interface":null}}
2025-08-15T22:12:58.170-0500	DEBUG	protocol/handler.go:1182	finalized round messages	{"{round 20 3  <nil>}": {"Key":"messages","Type":11,"Integer":0,"String":"","Interface":null}}
2025-08-15T22:12:58.170-0500	INFO	protocol/handler.go:1211	protocol completed	{"{self 15 0 c <nil>}": {"Key":"final_round","Type":20,"Integer":3,"String":"","Interface":null}}
2025-08-15T22:12:58.170-0500	DEBUG	protocol/handler.go:624	finalizeRound returned nil
2025-08-15T22:12:58.162-0500	DEBUG	protocol/handler.go:1600	waiting for broadcasts	{"{round 20 3  <nil>}": {"Key":"missing","Type":15,"Integer":0,"String":"[a d e]","Interface":null}}
2025-08-15T22:12:58.163-0500	DEBUG	protocol/handler.go:437	processing message	{"{from 15 0 c <nil>}": {"Key":"to","Type":15,"Integer":0,"String":"e","Interface":null}, "{round 20 3  <nil>}": {"Key":"broadcast","Type":4,"Integer":0,"String":"","Interface":null}}
2025-08-15T22:12:58.170-0500	DEBUG	protocol/handler.go:1662	storing message	{"{round 20 3  <nil>}": {"Key":"from","Type":15,"Integer":0,"String":"c","Interface":null}}
2025-08-15T22:12:58.170-0500	DEBUG	protocol/handler.go:1591	have processed broadcast	{"{round 20 3  <nil>}": {"Key":"from","Type":15,"Integer":0,"String":"b","Interface":null}}
2025-08-15T22:12:58.170-0500	DEBUG	protocol/handler.go:1591	have processed broadcast	{"{round 20 3  <nil>}": {"Key":"from","Type":15,"Integer":0,"String":"c","Interface":null}}
2025-08-15T22:12:58.170-0500	DEBUG	protocol/handler.go:1591	have processed broadcast	{"{round 20 3  <nil>}": {"Key":"from","Type":15,"Integer":0,"String":"d","Interface":null}}
2025-08-15T22:12:58.170-0500	DEBUG	protocol/handler.go:1591	have processed broadcast	{"{round 20 3  <nil>}": {"Key":"from","Type":15,"Integer":0,"String":"e","Interface":null}}
2025-08-15T22:12:58.170-0500	DEBUG	protocol/handler.go:1649	have all messages and processed	{"{round 20 3  <nil>}": {"Key":"self","Type":15,"Integer":0,"String":"a","Interface":null}}
2025-08-15T22:12:58.170-0500	DEBUG	protocol/handler.go:596	round already finalized
2025-08-15T22:12:58.170-0500	DEBUG	protocol/handler.go:581	tryAdvanceRound called	{"{current_round 20 3  <nil>}": {"Key":"self","Type":15,"Integer":0,"String":"b","Interface":null}}
2025-08-15T22:12:58.170-0500	DEBUG	protocol/handler.go:1591	have processed broadcast	{"{round 20 3  <nil>}": {"Key":"from","Type":15,"Integer":0,"String":"a","Interface":null}}
2025-08-15T22:12:58.170-0500	DEBUG	protocol/handler.go:1591	have processed broadcast	{"{round 20 3  <nil>}": {"Key":"from","Type":15,"Integer":0,"String":"c","Interface":null}}
2025-08-15T22:12:58.170-0500	DEBUG	protocol/handler.go:1591	have processed broadcast	{"{round 20 3  <nil>}": {"Key":"from","Type":15,"Integer":0,"String":"d","Interface":null}}
2025-08-15T22:12:58.170-0500	DEBUG	protocol/handler.go:1591	have processed broadcast	{"{round 20 3  <nil>}": {"Key":"from","Type":15,"Integer":0,"String":"e","Interface":null}}
2025-08-15T22:12:58.170-0500	DEBUG	protocol/handler.go:1649	have all messages and processed	{"{round 20 3  <nil>}": {"Key":"self","Type":15,"Integer":0,"String":"b","Interface":null}}
2025-08-15T22:12:58.170-0500	DEBUG	protocol/handler.go:596	round already finalized
2025-08-15T22:12:58.170-0500	DEBUG	protocol/handler.go:581	tryAdvanceRound called	{"{current_round 20 3  <nil>}": {"Key":"self","Type":15,"Integer":0,"String":"e","Interface":null}}
2025-08-15T22:12:58.171-0500	DEBUG	protocol/handler.go:581	tryAdvanceRound called	{"{current_round 20 3  <nil>}": {"Key":"self","Type":15,"Integer":0,"String":"e","Interface":null}}
2025-08-15T22:12:58.171-0500	DEBUG	protocol/handler.go:1591	have processed broadcast	{"{round 20 3  <nil>}": {"Key":"from","Type":15,"Integer":0,"String":"a","Interface":null}}
2025-08-15T22:12:58.172-0500	DEBUG	protocol/handler.go:1591	have processed broadcast	{"{round 20 3  <nil>}": {"Key":"from","Type":15,"Integer":0,"String":"b","Interface":null}}
2025-08-15T22:12:58.172-0500	DEBUG	protocol/handler.go:1591	have processed broadcast	{"{round 20 3  <nil>}": {"Key":"from","Type":15,"Integer":0,"String":"c","Interface":null}}
2025-08-15T22:12:58.172-0500	DEBUG	protocol/handler.go:1591	have processed broadcast	{"{round 20 3  <nil>}": {"Key":"from","Type":15,"Integer":0,"String":"d","Interface":null}}
2025-08-15T22:12:58.172-0500	DEBUG	protocol/handler.go:1649	have all messages and processed	{"{round 20 3  <nil>}": {"Key":"self","Type":15,"Integer":0,"String":"e","Interface":null}}
2025-08-15T22:12:58.172-0500	DEBUG	protocol/handler.go:619	finalizing round
2025-08-15T22:12:58.172-0500	DEBUG	protocol/handler.go:1182	finalized round messages	{"{round 20 3  <nil>}": {"Key":"messages","Type":11,"Integer":0,"String":"","Interface":null}}
2025-08-15T22:12:58.172-0500	INFO	protocol/handler.go:1211	protocol completed	{"{self 15 0 d <nil>}": {"Key":"final_round","Type":20,"Integer":3,"String":"","Interface":null}}
2025-08-15T22:12:58.172-0500	DEBUG	protocol/handler.go:624	finalizeRound returned nil
2025-08-15T22:12:58.172-0500	DEBUG	protocol/handler.go:581	tryAdvanceRound called	{"{current_round 20 3  <nil>}": {"Key":"self","Type":15,"Integer":0,"String":"b","Interface":null}}
2025-08-15T22:12:58.172-0500	DEBUG	protocol/handler.go:1591	have processed broadcast	{"{round 20 3  <nil>}": {"Key":"from","Type":15,"Integer":0,"String":"a","Interface":null}}
2025-08-15T22:12:58.172-0500	DEBUG	protocol/handler.go:1591	have processed broadcast	{"{round 20 3  <nil>}": {"Key":"from","Type":15,"Integer":0,"String":"c","Interface":null}}
2025-08-15T22:12:58.172-0500	DEBUG	protocol/handler.go:1591	have processed broadcast	{"{round 20 3  <nil>}": {"Key":"from","Type":15,"Integer":0,"String":"d","Interface":null}}
2025-08-15T22:12:58.172-0500	DEBUG	protocol/handler.go:1591	have processed broadcast	{"{round 20 3  <nil>}": {"Key":"from","Type":15,"Integer":0,"String":"e","Interface":null}}
2025-08-15T22:12:58.172-0500	DEBUG	protocol/handler.go:1649	have all messages and processed	{"{round 20 3  <nil>}": {"Key":"self","Type":15,"Integer":0,"String":"b","Interface":null}}
2025-08-15T22:12:58.172-0500	DEBUG	protocol/handler.go:596	round already finalized
2025-08-15T22:12:58.172-0500	DEBUG	protocol/handler.go:1591	have processed broadcast	{"{round 20 3  <nil>}": {"Key":"from","Type":15,"Integer":0,"String":"a","Interface":null}}
2025-08-15T22:12:58.172-0500	INFO	protocol/handler.go:787	protocol completed successfully
2025-08-15T22:12:58.172-0500	INFO	protocol/handler.go:787	protocol completed successfully
2025-08-15T22:12:58.172-0500	DEBUG	protocol/handler.go:1591	have processed broadcast	{"{round 20 3  <nil>}": {"Key":"from","Type":15,"Integer":0,"String":"b","Interface":null}}
2025-08-15T22:12:58.172-0500	DEBUG	protocol/handler.go:1591	have processed broadcast	{"{round 20 3  <nil>}": {"Key":"from","Type":15,"Integer":0,"String":"c","Interface":null}}
2025-08-15T22:12:58.172-0500	DEBUG	protocol/handler.go:596	round already finalized
2025-08-15T22:12:58.172-0500	DEBUG	protocol/handler.go:1591	have processed broadcast	{"{round 20 3  <nil>}": {"Key":"from","Type":15,"Integer":0,"String":"d","Interface":null}}
2025-08-15T22:12:58.172-0500	DEBUG	protocol/handler.go:600	current round already advanced	{"{checking 20 2  <nil>}": {"Key":"current","Type":20,"Integer":3,"String":"","Interface":null}}
2025-08-15T22:12:58.173-0500	DEBUG	protocol/handler.go:1649	have all messages and processed	{"{round 20 3  <nil>}": {"Key":"self","Type":15,"Integer":0,"String":"e","Interface":null}}
2025-08-15T22:12:58.173-0500	DEBUG	protocol/handler.go:596	round already finalized
2025-08-15T22:12:58.172-0500	DEBUG	protocol/handler.go:1182	finalized round messages	{"{round 20 3  <nil>}": {"Key":"messages","Type":11,"Integer":0,"String":"","Interface":null}}
2025-08-15T22:12:58.173-0500	INFO	protocol/handler.go:1211	protocol completed	{"{self 15 0 a <nil>}": {"Key":"final_round","Type":20,"Integer":3,"String":"","Interface":null}}
2025-08-15T22:12:58.173-0500	DEBUG	protocol/handler.go:624	finalizeRound returned nil
2025-08-15T22:12:58.174-0500	DEBUG	protocol/handler.go:1182	finalized round messages	{"{round 20 3  <nil>}": {"Key":"messages","Type":11,"Integer":0,"String":"","Interface":null}}
2025-08-15T22:12:58.174-0500	INFO	protocol/handler.go:1211	protocol completed	{"{self 15 0 b <nil>}": {"Key":"final_round","Type":20,"Integer":3,"String":"","Interface":null}}
2025-08-15T22:12:58.174-0500	DEBUG	protocol/handler.go:624	finalizeRound returned nil
2025-08-15T22:12:58.175-0500	DEBUG	protocol/handler.go:1591	have processed broadcast	{"{round 20 2  <nil>}": {"Key":"from","Type":15,"Integer":0,"String":"b","Interface":null}}
2025-08-15T22:12:58.175-0500	DEBUG	protocol/handler.go:1591	have processed broadcast	{"{round 20 2  <nil>}": {"Key":"from","Type":15,"Integer":0,"String":"c","Interface":null}}
2025-08-15T22:12:58.175-0500	DEBUG	protocol/handler.go:1591	have processed broadcast	{"{round 20 2  <nil>}": {"Key":"from","Type":15,"Integer":0,"String":"d","Interface":null}}
2025-08-15T22:12:58.175-0500	DEBUG	protocol/handler.go:581	tryAdvanceRound called	{"{current_round 20 3  <nil>}": {"Key":"self","Type":15,"Integer":0,"String":"e","Interface":null}}
2025-08-15T22:12:58.175-0500	DEBUG	protocol/handler.go:1591	have processed broadcast	{"{round 20 2  <nil>}": {"Key":"from","Type":15,"Integer":0,"String":"e","Interface":null}}
2025-08-15T22:12:58.175-0500	DEBUG	protocol/handler.go:1649	have all messages and processed	{"{round 20 2  <nil>}": {"Key":"self","Type":15,"Integer":0,"String":"a","Interface":null}}
2025-08-15T22:12:58.175-0500	DEBUG	protocol/handler.go:1591	have processed broadcast	{"{round 20 3  <nil>}": {"Key":"from","Type":15,"Integer":0,"String":"a","Interface":null}}
2025-08-15T22:12:58.175-0500	DEBUG	protocol/handler.go:596	round already finalized
2025-08-15T22:12:58.175-0500	DEBUG	protocol/handler.go:1591	have processed broadcast	{"{round 20 3  <nil>}": {"Key":"from","Type":15,"Integer":0,"String":"b","Interface":null}}
2025-08-15T22:12:58.175-0500	DEBUG	protocol/handler.go:600	current round already advanced	{"{checking 20 2  <nil>}": {"Key":"current","Type":20,"Integer":3,"String":"","Interface":null}}
2025-08-15T22:12:58.175-0500	DEBUG	protocol/handler.go:1591	have processed broadcast	{"{round 20 3  <nil>}": {"Key":"from","Type":15,"Integer":0,"String":"c","Interface":null}}
2025-08-15T22:12:58.175-0500	INFO	protocol/handler.go:787	protocol completed successfully
2025-08-15T22:12:58.175-0500	DEBUG	protocol/handler.go:1591	have processed broadcast	{"{round 20 3  <nil>}": {"Key":"from","Type":15,"Integer":0,"String":"d","Interface":null}}
2025-08-15T22:12:58.175-0500	INFO	protocol/handler.go:787	protocol completed successfully
2025-08-15T22:12:58.175-0500	DEBUG	protocol/handler.go:1649	have all messages and processed	{"{round 20 3  <nil>}": {"Key":"self","Type":15,"Integer":0,"String":"e","Interface":null}}
2025-08-15T22:12:58.175-0500	DEBUG	protocol/handler.go:596	round already finalized
2025-08-15T22:12:58.182-0500	DEBUG	protocol/handler.go:1591	have processed broadcast	{"{round 20 3  <nil>}": {"Key":"from","Type":15,"Integer":0,"String":"b","Interface":null}}
2025-08-15T22:12:58.182-0500	DEBUG	protocol/handler.go:1591	have processed broadcast	{"{round 20 3  <nil>}": {"Key":"from","Type":15,"Integer":0,"String":"c","Interface":null}}
2025-08-15T22:12:58.182-0500	DEBUG	protocol/handler.go:1591	have processed broadcast	{"{round 20 3  <nil>}": {"Key":"from","Type":15,"Integer":0,"String":"d","Interface":null}}
2025-08-15T22:12:58.182-0500	DEBUG	protocol/handler.go:1591	have processed broadcast	{"{round 20 3  <nil>}": {"Key":"from","Type":15,"Integer":0,"String":"e","Interface":null}}
2025-08-15T22:12:58.182-0500	DEBUG	protocol/handler.go:1649	have all messages and processed	{"{round 20 3  <nil>}": {"Key":"self","Type":15,"Integer":0,"String":"a","Interface":null}}
2025-08-15T22:12:58.182-0500	DEBUG	protocol/handler.go:596	round already finalized
2025-08-15T22:12:58.190-0500	DEBUG	protocol/handler.go:581	tryAdvanceRound called	{"{current_round 20 3  <nil>}": {"Key":"self","Type":15,"Integer":0,"String":"e","Interface":null}}
2025-08-15T22:12:58.190-0500	DEBUG	protocol/handler.go:1591	have processed broadcast	{"{round 20 3  <nil>}": {"Key":"from","Type":15,"Integer":0,"String":"a","Interface":null}}
2025-08-15T22:12:58.190-0500	DEBUG	protocol/handler.go:1591	have processed broadcast	{"{round 20 3  <nil>}": {"Key":"from","Type":15,"Integer":0,"String":"b","Interface":null}}
2025-08-15T22:12:58.190-0500	DEBUG	protocol/handler.go:1591	have processed broadcast	{"{round 20 3  <nil>}": {"Key":"from","Type":15,"Integer":0,"String":"c","Interface":null}}
2025-08-15T22:12:58.190-0500	DEBUG	protocol/handler.go:1591	have processed broadcast	{"{round 20 3  <nil>}": {"Key":"from","Type":15,"Integer":0,"String":"d","Interface":null}}
2025-08-15T22:12:58.190-0500	DEBUG	protocol/handler.go:1649	have all messages and processed	{"{round 20 3  <nil>}": {"Key":"self","Type":15,"Integer":0,"String":"e","Interface":null}}
2025-08-15T22:12:58.190-0500	DEBUG	protocol/handler.go:596	round already finalized
2025-08-15T22:12:58.203-0500	DEBUG	protocol/handler.go:403	worker stopping
2025-08-15T22:12:58.203-0500	DEBUG	protocol/handler.go:403	worker stopping
2025-08-15T22:12:58.203-0500	DEBUG	protocol/handler.go:403	worker stopping
2025-08-15T22:12:58.204-0500	DEBUG	protocol/handler.go:403	worker stopping
2025-08-15T22:12:58.204-0500	DEBUG	protocol/handler.go:403	worker stopping
2025-08-15T22:12:58.204-0500	DEBUG	protocol/handler.go:403	worker stopping
2025-08-15T22:12:58.205-0500	DEBUG	protocol/handler.go:403	worker stopping
2025-08-15T22:12:58.205-0500	DEBUG	protocol/handler.go:403	worker stopping
2025-08-15T22:12:58.206-0500	DEBUG	protocol/handler.go:403	worker stopping
2025-08-15T22:12:58.206-0500	DEBUG	protocol/handler.go:403	worker stopping
2025-08-15T22:12:58.206-0500	DEBUG	protocol/handler.go:403	worker stopping
2025-08-15T22:12:58.206-0500	DEBUG	protocol/handler.go:403	worker stopping
2025-08-15T22:12:58.206-0500	DEBUG	protocol/handler.go:403	worker stopping
2025-08-15T22:12:58.206-0500	DEBUG	protocol/handler.go:403	worker stopping
2025-08-15T22:12:58.206-0500	DEBUG	protocol/handler.go:403	worker stopping
2025-08-15T22:12:58.206-0500	DEBUG	protocol/handler.go:403	worker stopping
2025-08-15T22:12:58.206-0500	DEBUG	protocol/handler.go:403	worker stopping
2025-08-15T22:12:58.206-0500	DEBUG	protocol/handler.go:403	worker stopping
2025-08-15T22:12:58.206-0500	DEBUG	protocol/handler.go:403	worker stopping
2025-08-15T22:12:58.206-0500	DEBUG	protocol/handler.go:403	worker stopping
2025-08-15T22:12:58.206-0500	DEBUG	protocol/handler.go:403	worker stopping
2025-08-15T22:12:58.206-0500	DEBUG	protocol/handler.go:403	worker stopping
2025-08-15T22:12:58.206-0500	DEBUG	protocol/handler.go:403	worker stopping
2025-08-15T22:12:58.206-0500	DEBUG	protocol/handler.go:403	worker stopping
2025-08-15T22:12:58.206-0500	DEBUG	protocol/handler.go:403	worker stopping
2025-08-15T22:12:58.206-0500	DEBUG	protocol/handler.go:403	worker stopping
2025-08-15T22:12:58.206-0500	DEBUG	protocol/handler.go:403	worker stopping
2025-08-15T22:12:58.206-0500	DEBUG	protocol/handler.go:403	worker stopping
2025-08-15T22:12:58.206-0500	DEBUG	protocol/handler.go:403	worker stopping
2025-08-15T22:12:58.206-0500	DEBUG	protocol/handler.go:403	worker stopping
2025-08-15T22:12:58.206-0500	DEBUG	protocol/handler.go:403	worker stopping
2025-08-15T22:12:58.206-0500	DEBUG	protocol/handler.go:403	worker stopping
2025-08-15T22:12:58.206-0500	DEBUG	protocol/handler.go:581	tryAdvanceRound called	{"{current_round 20 3  <nil>}": {"Key":"self","Type":15,"Integer":0,"String":"e","Interface":null}}
2025-08-15T22:12:58.207-0500	DEBUG	protocol/handler.go:1591	have processed broadcast	{"{round 20 3  <nil>}": {"Key":"from","Type":15,"Integer":0,"String":"a","Interface":null}}
2025-08-15T22:12:58.207-0500	DEBUG	protocol/handler.go:1591	have processed broadcast	{"{round 20 3  <nil>}": {"Key":"from","Type":15,"Integer":0,"String":"b","Interface":null}}
2025-08-15T22:12:58.207-0500	DEBUG	protocol/handler.go:1591	have processed broadcast	{"{round 20 3  <nil>}": {"Key":"from","Type":15,"Integer":0,"String":"c","Interface":null}}
2025-08-15T22:12:58.207-0500	DEBUG	protocol/handler.go:1591	have processed broadcast	{"{round 20 3  <nil>}": {"Key":"from","Type":15,"Integer":0,"String":"d","Interface":null}}
2025-08-15T22:12:58.207-0500	DEBUG	protocol/handler.go:1649	have all messages and processed	{"{round 20 3  <nil>}": {"Key":"self","Type":15,"Integer":0,"String":"e","Interface":null}}
2025-08-15T22:12:58.207-0500	DEBUG	protocol/handler.go:596	round already finalized
2025-08-15T22:12:58.223-0500	DEBUG	protocol/handler.go:581	tryAdvanceRound called	{"{current_round 20 3  <nil>}": {"Key":"self","Type":15,"Integer":0,"String":"e","Interface":null}}
2025-08-15T22:12:58.224-0500	DEBUG	protocol/handler.go:1591	have processed broadcast	{"{round 20 3  <nil>}": {"Key":"from","Type":15,"Integer":0,"String":"a","Interface":null}}
2025-08-15T22:12:58.226-0500	DEBUG	protocol/handler.go:1591	have processed broadcast	{"{round 20 3  <nil>}": {"Key":"from","Type":15,"Integer":0,"String":"b","Interface":null}}
2025-08-15T22:12:58.226-0500	DEBUG	protocol/handler.go:1591	have processed broadcast	{"{round 20 3  <nil>}": {"Key":"from","Type":15,"Integer":0,"String":"c","Interface":null}}
2025-08-15T22:12:58.226-0500	DEBUG	protocol/handler.go:1591	have processed broadcast	{"{round 20 3  <nil>}": {"Key":"from","Type":15,"Integer":0,"String":"d","Interface":null}}
2025-08-15T22:12:58.226-0500	DEBUG	protocol/handler.go:1649	have all messages and processed	{"{round 20 3  <nil>}": {"Key":"self","Type":15,"Integer":0,"String":"e","Interface":null}}
2025-08-15T22:12:58.227-0500	DEBUG	protocol/handler.go:596	round already finalized
2025-08-15T22:12:58.227-0500	DEBUG	protocol/handler.go:581	tryAdvanceRound called	{"{current_round 20 3  <nil>}": {"Key":"self","Type":15,"Integer":0,"String":"e","Interface":null}}
2025-08-15T22:12:58.227-0500	DEBUG	protocol/handler.go:1591	have processed broadcast	{"{round 20 3  <nil>}": {"Key":"from","Type":15,"Integer":0,"String":"a","Interface":null}}
2025-08-15T22:12:58.227-0500	DEBUG	protocol/handler.go:1591	have processed broadcast	{"{round 20 3  <nil>}": {"Key":"from","Type":15,"Integer":0,"String":"b","Interface":null}}
2025-08-15T22:12:58.227-0500	DEBUG	protocol/handler.go:1591	have processed broadcast	{"{round 20 3  <nil>}": {"Key":"from","Type":15,"Integer":0,"String":"c","Interface":null}}
2025-08-15T22:12:58.227-0500	DEBUG	protocol/handler.go:1591	have processed broadcast	{"{round 20 3  <nil>}": {"Key":"from","Type":15,"Integer":0,"String":"d","Interface":null}}
2025-08-15T22:12:58.227-0500	DEBUG	protocol/handler.go:1649	have all messages and processed	{"{round 20 3  <nil>}": {"Key":"self","Type":15,"Integer":0,"String":"e","Interface":null}}
2025-08-15T22:12:58.227-0500	DEBUG	protocol/handler.go:596	round already finalized
2025-08-15T22:12:58.235-0500	DEBUG	protocol/handler.go:581	tryAdvanceRound called	{"{current_round 20 3  <nil>}": {"Key":"self","Type":15,"Integer":0,"String":"e","Interface":null}}
2025-08-15T22:12:58.236-0500	DEBUG	protocol/handler.go:1591	have processed broadcast	{"{round 20 3  <nil>}": {"Key":"from","Type":15,"Integer":0,"String":"a","Interface":null}}
2025-08-15T22:12:58.236-0500	DEBUG	protocol/handler.go:1591	have processed broadcast	{"{round 20 3  <nil>}": {"Key":"from","Type":15,"Integer":0,"String":"b","Interface":null}}
2025-08-15T22:12:58.236-0500	DEBUG	protocol/handler.go:1591	have processed broadcast	{"{round 20 3  <nil>}": {"Key":"from","Type":15,"Integer":0,"String":"c","Interface":null}}
2025-08-15T22:12:58.236-0500	DEBUG	protocol/handler.go:1591	have processed broadcast	{"{round 20 3  <nil>}": {"Key":"from","Type":15,"Integer":0,"String":"d","Interface":null}}
2025-08-15T22:12:58.236-0500	DEBUG	protocol/handler.go:1649	have all messages and processed	{"{round 20 3  <nil>}": {"Key":"self","Type":15,"Integer":0,"String":"e","Interface":null}}
2025-08-15T22:12:58.236-0500	DEBUG	protocol/handler.go:596	round already finalized
2025-08-15T22:12:58.246-0500	DEBUG	protocol/handler.go:581	tryAdvanceRound called	{"{current_round 20 3  <nil>}": {"Key":"self","Type":15,"Integer":0,"String":"e","Interface":null}}
2025-08-15T22:12:58.246-0500	DEBUG	protocol/handler.go:1591	have processed broadcast	{"{round 20 3  <nil>}": {"Key":"from","Type":15,"Integer":0,"String":"a","Interface":null}}
2025-08-15T22:12:58.246-0500	DEBUG	protocol/handler.go:1591	have processed broadcast	{"{round 20 3  <nil>}": {"Key":"from","Type":15,"Integer":0,"String":"b","Interface":null}}
2025-08-15T22:12:58.247-0500	DEBUG	protocol/handler.go:1591	have processed broadcast	{"{round 20 3  <nil>}": {"Key":"from","Type":15,"Integer":0,"String":"c","Interface":null}}
2025-08-15T22:12:58.247-0500	DEBUG	protocol/handler.go:1591	have processed broadcast	{"{round 20 3  <nil>}": {"Key":"from","Type":15,"Integer":0,"String":"d","Interface":null}}
2025-08-15T22:12:58.247-0500	DEBUG	protocol/handler.go:1649	have all messages and processed	{"{round 20 3  <nil>}": {"Key":"self","Type":15,"Integer":0,"String":"e","Interface":null}}
2025-08-15T22:12:58.247-0500	DEBUG	protocol/handler.go:596	round already finalized
2025-08-15T22:12:58.252-0500	DEBUG	protocol/handler.go:1182	finalized round messages	{"{round 20 3  <nil>}": {"Key":"messages","Type":11,"Integer":0,"String":"","Interface":null}}
2025-08-15T22:12:58.252-0500	INFO	protocol/handler.go:1211	protocol completed	{"{self 15 0 e <nil>}": {"Key":"final_round","Type":20,"Integer":3,"String":"","Interface":null}}
2025-08-15T22:12:58.252-0500	DEBUG	protocol/handler.go:624	finalizeRound returned nil
2025-08-15T22:12:58.255-0500	INFO	protocol/handler.go:787	protocol completed successfully
2025-08-15T22:12:58.264-0500	INFO	protocol/handler.go:240	starting protocol handler	{"{protocol 15 0 frost/keygen-threshold <nil>}": {"Key":"workers","Type":11,"Integer":4,"String":"","Interface":null}, "{parties 11 7  <nil>}": {"Key":"threshold","Type":11,"Integer":5,"String":"","Interface":null}}
2025-08-15T22:12:58.264-0500	DEBUG	protocol/handler.go:348	starting worker pools	{"{workers 11 4  <nil>}": {"Key":"priority","Type":11,"Integer":4,"String":"","Interface":null}}
2025-08-15T22:12:58.265-0500	DEBUG	protocol/handler.go:391	worker started	{"{id 11 1  <nil>}": {"Key":"priority","Type":4,"Integer":0,"String":"","Interface":null}}
2025-08-15T22:12:58.265-0500	DEBUG	protocol/handler.go:391	worker started	{"{id 11 0  <nil>}": {"Key":"priority","Type":4,"Integer":0,"String":"","Interface":null}}
2025-08-15T22:12:58.265-0500	DEBUG	protocol/handler.go:391	worker started	{"{id 11 3  <nil>}": {"Key":"priority","Type":4,"Integer":0,"String":"","Interface":null}}
2025-08-15T22:12:58.265-0500	DEBUG	protocol/handler.go:391	worker started	{"{id 11 2  <nil>}": {"Key":"priority","Type":4,"Integer":0,"String":"","Interface":null}}
2025-08-15T22:12:58.265-0500	DEBUG	protocol/handler.go:391	worker started	{"{id 11 0  <nil>}": {"Key":"priority","Type":4,"Integer":1,"String":"","Interface":null}}
2025-08-15T22:12:58.265-0500	DEBUG	protocol/handler.go:391	worker started	{"{id 11 1  <nil>}": {"Key":"priority","Type":4,"Integer":1,"String":"","Interface":null}}
2025-08-15T22:12:58.265-0500	DEBUG	protocol/handler.go:391	worker started	{"{id 11 3  <nil>}": {"Key":"priority","Type":4,"Integer":1,"String":"","Interface":null}}
2025-08-15T22:12:58.265-0500	DEBUG	protocol/handler.go:391	worker started	{"{id 11 2  <nil>}": {"Key":"priority","Type":4,"Integer":1,"String":"","Interface":null}}
2025-08-15T22:12:58.265-0500	DEBUG	protocol/handler.go:930	initializing round
2025-08-15T22:12:58.265-0500	DEBUG	protocol/handler.go:1503	processing queued messages
2025-08-15T22:12:58.271-0500	INFO	protocol/handler.go:240	starting protocol handler	{"{protocol 15 0 frost/keygen-threshold <nil>}": {"Key":"workers","Type":11,"Integer":4,"String":"","Interface":null}, "{parties 11 7  <nil>}": {"Key":"threshold","Type":11,"Integer":5,"String":"","Interface":null}}
2025-08-15T22:12:58.271-0500	DEBUG	protocol/handler.go:348	starting worker pools	{"{workers 11 4  <nil>}": {"Key":"priority","Type":11,"Integer":4,"String":"","Interface":null}}
2025-08-15T22:12:58.272-0500	DEBUG	protocol/handler.go:391	worker started	{"{id 11 3  <nil>}": {"Key":"priority","Type":4,"Integer":0,"String":"","Interface":null}}
2025-08-15T22:12:58.273-0500	DEBUG	protocol/handler.go:391	worker started	{"{id 11 0  <nil>}": {"Key":"priority","Type":4,"Integer":0,"String":"","Interface":null}}
2025-08-15T22:12:58.273-0500	DEBUG	protocol/handler.go:391	worker started	{"{id 11 0  <nil>}": {"Key":"priority","Type":4,"Integer":1,"String":"","Interface":null}}
2025-08-15T22:12:58.273-0500	DEBUG	protocol/handler.go:391	worker started	{"{id 11 2  <nil>}": {"Key":"priority","Type":4,"Integer":0,"String":"","Interface":null}}
2025-08-15T22:12:58.274-0500	DEBUG	protocol/handler.go:930	initializing round
2025-08-15T22:12:58.274-0500	DEBUG	protocol/handler.go:1503	processing queued messages
2025-08-15T22:12:58.274-0500	DEBUG	protocol/handler.go:391	worker started	{"{id 11 3  <nil>}": {"Key":"priority","Type":4,"Integer":1,"String":"","Interface":null}}
2025-08-15T22:12:58.274-0500	DEBUG	protocol/handler.go:391	worker started	{"{id 11 1  <nil>}": {"Key":"priority","Type":4,"Integer":1,"String":"","Interface":null}}
2025-08-15T22:12:58.274-0500	DEBUG	protocol/handler.go:391	worker started	{"{id 11 2  <nil>}": {"Key":"priority","Type":4,"Integer":1,"String":"","Interface":null}}
2025-08-15T22:12:58.273-0500	DEBUG	protocol/handler.go:391	worker started	{"{id 11 1  <nil>}": {"Key":"priority","Type":4,"Integer":0,"String":"","Interface":null}}
2025-08-15T22:12:58.276-0500	DEBUG	protocol/handler.go:403	worker stopping
2025-08-15T22:12:58.276-0500	DEBUG	protocol/handler.go:403	worker stopping
2025-08-15T22:12:58.276-0500	DEBUG	protocol/handler.go:403	worker stopping
2025-08-15T22:12:58.276-0500	DEBUG	protocol/handler.go:403	worker stopping
2025-08-15T22:12:58.276-0500	DEBUG	protocol/handler.go:403	worker stopping
2025-08-15T22:12:58.276-0500	DEBUG	protocol/handler.go:403	worker stopping
2025-08-15T22:12:58.276-0500	DEBUG	protocol/handler.go:403	worker stopping
2025-08-15T22:12:58.277-0500	DEBUG	protocol/handler.go:403	worker stopping
2025-08-15T22:12:58.277-0500	INFO	protocol/handler.go:560	advanced to round
2025-08-15T22:12:58.277-0500	DEBUG	protocol/handler.go:581	tryAdvanceRound called	{"{current_round 20 1  <nil>}": {"Key":"self","Type":15,"Integer":0,"String":"a","Interface":null}}
2025-08-15T22:12:58.277-0500	DEBUG	protocol/handler.go:1649	have all messages and processed	{"{round 20 1  <nil>}": {"Key":"self","Type":15,"Integer":0,"String":"a","Interface":null}}
2025-08-15T22:12:58.277-0500	DEBUG	protocol/handler.go:619	finalizing round
2025-08-15T22:12:58.283-0500	DEBUG	protocol/handler.go:1039	sendRoundMessage	{"{from 15 0 a <nil>}": {"Key":"to","Type":15,"Integer":0,"String":"","Interface":null}, "{round 20 2  <nil>}": {"Key":"broadcast","Type":4,"Integer":1,"String":"","Interface":null}}
2025-08-15T22:12:58.284-0500	INFO	protocol/handler.go:240	starting protocol handler	{"{protocol 15 0 frost/keygen-threshold <nil>}": {"Key":"workers","Type":11,"Integer":4,"String":"","Interface":null}, "{parties 11 7  <nil>}": {"Key":"threshold","Type":11,"Integer":5,"String":"","Interface":null}}
2025-08-15T22:12:58.284-0500	DEBUG	protocol/handler.go:348	starting worker pools	{"{workers 11 4  <nil>}": {"Key":"priority","Type":11,"Integer":4,"String":"","Interface":null}}
2025-08-15T22:12:58.284-0500	DEBUG	protocol/handler.go:391	worker started	{"{id 11 0  <nil>}": {"Key":"priority","Type":4,"Integer":0,"String":"","Interface":null}}
2025-08-15T22:12:58.285-0500	DEBUG	protocol/handler.go:391	worker started	{"{id 11 2  <nil>}": {"Key":"priority","Type":4,"Integer":0,"String":"","Interface":null}}
2025-08-15T22:12:58.285-0500	DEBUG	protocol/handler.go:391	worker started	{"{id 11 1  <nil>}": {"Key":"priority","Type":4,"Integer":0,"String":"","Interface":null}}
2025-08-15T22:12:58.285-0500	DEBUG	protocol/handler.go:391	worker started	{"{id 11 3  <nil>}": {"Key":"priority","Type":4,"Integer":1,"String":"","Interface":null}}
2025-08-15T22:12:58.285-0500	DEBUG	protocol/handler.go:1657	storing broadcast	{"{round 20 2  <nil>}": {"Key":"from","Type":15,"Integer":0,"String":"a","Interface":null}}
2025-08-15T22:12:58.285-0500	DEBUG	protocol/handler.go:391	worker started	{"{id 11 1  <nil>}": {"Key":"priority","Type":4,"Integer":1,"String":"","Interface":null}}
2025-08-15T22:12:58.285-0500	DEBUG	protocol/handler.go:930	initializing round
2025-08-15T22:12:58.285-0500	DEBUG	protocol/handler.go:1503	processing queued messages
2025-08-15T22:12:58.285-0500	DEBUG	protocol/handler.go:1081	sent message to output channel	{"{from 15 0 a <nil>}": {"Key":"to","Type":15,"Integer":0,"String":"","Interface":null}, "{round 20 2  <nil>}": {"Key":"broadcast","Type":4,"Integer":1,"String":"","Interface":null}}
2025-08-15T22:12:58.285-0500	DEBUG	protocol/handler.go:391	worker started	{"{id 11 3  <nil>}": {"Key":"priority","Type":4,"Integer":0,"String":"","Interface":null}}
2025-08-15T22:12:58.285-0500	DEBUG	protocol/handler.go:1182	finalized round messages	{"{round 20 1  <nil>}": {"Key":"messages","Type":11,"Integer":1,"String":"","Interface":null}}
2025-08-15T22:12:58.285-0500	DEBUG	protocol/handler.go:391	worker started	{"{id 11 2  <nil>}": {"Key":"priority","Type":4,"Integer":1,"String":"","Interface":null}}
2025-08-15T22:12:58.285-0500	DEBUG	protocol/handler.go:1239	finalize returned next round	{"{current 20 1  <nil>}": {"Key":"next","Type":20,"Integer":2,"String":"","Interface":null}}
2025-08-15T22:12:58.285-0500	INFO	protocol/handler.go:560	advanced to round
2025-08-15T22:12:58.285-0500	INFO	protocol/handler.go:642	storing new currentRound	{"{from 20 1  <nil>}": {"Key":"to","Type":20,"Integer":2,"String":"","Interface":null}}
2025-08-15T22:12:58.285-0500	DEBUG	protocol/handler.go:1503	processing queued messages
2025-08-15T22:12:58.285-0500	DEBUG	protocol/handler.go:581	tryAdvanceRound called	{"{current_round 20 1  <nil>}": {"Key":"self","Type":15,"Integer":0,"String":"b","Interface":null}}
2025-08-15T22:12:58.285-0500	INFO	protocol/handler.go:240	starting protocol handler	{"{protocol 15 0 frost/keygen-threshold <nil>}": {"Key":"workers","Type":11,"Integer":4,"String":"","Interface":null}, "{parties 11 7  <nil>}": {"Key":"threshold","Type":11,"Integer":5,"String":"","Interface":null}}
2025-08-15T22:12:58.285-0500	DEBUG	protocol/handler.go:1649	have all messages and processed	{"{round 20 1  <nil>}": {"Key":"self","Type":15,"Integer":0,"String":"b","Interface":null}}
2025-08-15T22:12:58.285-0500	DEBUG	protocol/handler.go:348	starting worker pools	{"{workers 11 4  <nil>}": {"Key":"priority","Type":11,"Integer":4,"String":"","Interface":null}}
2025-08-15T22:12:58.285-0500	DEBUG	protocol/handler.go:619	finalizing round
2025-08-15T22:12:58.285-0500	DEBUG	protocol/handler.go:1503	processing queued messages
2025-08-15T22:12:58.285-0500	DEBUG	protocol/handler.go:391	worker started	{"{id 11 0  <nil>}": {"Key":"priority","Type":4,"Integer":0,"String":"","Interface":null}}
2025-08-15T22:12:58.285-0500	DEBUG	protocol/handler.go:391	worker started	{"{id 11 2  <nil>}": {"Key":"priority","Type":4,"Integer":0,"String":"","Interface":null}}
2025-08-15T22:12:58.285-0500	DEBUG	protocol/handler.go:391	worker started	{"{id 11 1  <nil>}": {"Key":"priority","Type":4,"Integer":0,"String":"","Interface":null}}
2025-08-15T22:12:58.285-0500	DEBUG	protocol/handler.go:391	worker started	{"{id 11 0  <nil>}": {"Key":"priority","Type":4,"Integer":1,"String":"","Interface":null}}
2025-08-15T22:12:58.285-0500	DEBUG	protocol/handler.go:391	worker started	{"{id 11 3  <nil>}": {"Key":"priority","Type":4,"Integer":0,"String":"","Interface":null}}
2025-08-15T22:12:58.285-0500	DEBUG	protocol/handler.go:391	worker started	{"{id 11 2  <nil>}": {"Key":"priority","Type":4,"Integer":1,"String":"","Interface":null}}
2025-08-15T22:12:58.286-0500	DEBUG	protocol/handler.go:391	worker started	{"{id 11 3  <nil>}": {"Key":"priority","Type":4,"Integer":1,"String":"","Interface":null}}
2025-08-15T22:12:58.286-0500	DEBUG	protocol/handler.go:391	worker started	{"{id 11 1  <nil>}": {"Key":"priority","Type":4,"Integer":1,"String":"","Interface":null}}
2025-08-15T22:12:58.286-0500	DEBUG	protocol/handler.go:930	initializing round
2025-08-15T22:12:58.286-0500	DEBUG	protocol/handler.go:1503	processing queued messages
2025-08-15T22:12:58.285-0500	DEBUG	protocol/handler.go:391	worker started	{"{id 11 0  <nil>}": {"Key":"priority","Type":4,"Integer":1,"String":"","Interface":null}}
2025-08-15T22:12:58.286-0500	INFO	protocol/handler.go:240	starting protocol handler	{"{protocol 15 0 frost/keygen-threshold <nil>}": {"Key":"workers","Type":11,"Integer":4,"String":"","Interface":null}, "{parties 11 7  <nil>}": {"Key":"threshold","Type":11,"Integer":5,"String":"","Interface":null}}
2025-08-15T22:12:58.286-0500	DEBUG	protocol/handler.go:348	starting worker pools	{"{workers 11 4  <nil>}": {"Key":"priority","Type":11,"Integer":4,"String":"","Interface":null}}
2025-08-15T22:12:58.286-0500	DEBUG	protocol/handler.go:930	initializing round
2025-08-15T22:12:58.286-0500	DEBUG	protocol/handler.go:1503	processing queued messages
2025-08-15T22:12:58.286-0500	DEBUG	protocol/handler.go:391	worker started	{"{id 11 0  <nil>}": {"Key":"priority","Type":4,"Integer":0,"String":"","Interface":null}}
2025-08-15T22:12:58.286-0500	DEBUG	protocol/handler.go:391	worker started	{"{id 11 2  <nil>}": {"Key":"priority","Type":4,"Integer":0,"String":"","Interface":null}}
2025-08-15T22:12:58.286-0500	DEBUG	protocol/handler.go:391	worker started	{"{id 11 1  <nil>}": {"Key":"priority","Type":4,"Integer":0,"String":"","Interface":null}}
2025-08-15T22:12:58.286-0500	DEBUG	protocol/handler.go:391	worker started	{"{id 11 0  <nil>}": {"Key":"priority","Type":4,"Integer":1,"String":"","Interface":null}}
2025-08-15T22:12:58.286-0500	DEBUG	protocol/handler.go:391	worker started	{"{id 11 1  <nil>}": {"Key":"priority","Type":4,"Integer":1,"String":"","Interface":null}}
2025-08-15T22:12:58.286-0500	DEBUG	protocol/handler.go:391	worker started	{"{id 11 2  <nil>}": {"Key":"priority","Type":4,"Integer":1,"String":"","Interface":null}}
2025-08-15T22:12:58.286-0500	DEBUG	protocol/handler.go:954	round already being initialized/finalized, skipping
2025-08-15T22:12:58.287-0500	INFO	protocol/handler.go:560	advanced to round
2025-08-15T22:12:58.287-0500	DEBUG	protocol/handler.go:581	tryAdvanceRound called	{"{current_round 20 2  <nil>}": {"Key":"self","Type":15,"Integer":0,"String":"a","Interface":null}}
2025-08-15T22:12:58.287-0500	INFO	protocol/handler.go:240	starting protocol handler	{"{protocol 15 0 frost/keygen-threshold <nil>}": {"Key":"workers","Type":11,"Integer":4,"String":"","Interface":null}, "{parties 11 7  <nil>}": {"Key":"threshold","Type":11,"Integer":5,"String":"","Interface":null}}
2025-08-15T22:12:58.287-0500	DEBUG	protocol/handler.go:1600	waiting for broadcasts	{"{round 20 2  <nil>}": {"Key":"missing","Type":15,"Integer":0,"String":"[b c d e f g]","Interface":null}}
2025-08-15T22:12:58.287-0500	DEBUG	protocol/handler.go:348	starting worker pools	{"{workers 11 4  <nil>}": {"Key":"priority","Type":11,"Integer":4,"String":"","Interface":null}}
2025-08-15T22:12:58.287-0500	DEBUG	protocol/handler.go:391	worker started	{"{id 11 3  <nil>}": {"Key":"priority","Type":4,"Integer":0,"String":"","Interface":null}}
2025-08-15T22:12:58.287-0500	DEBUG	protocol/handler.go:391	worker started	{"{id 11 3  <nil>}": {"Key":"priority","Type":4,"Integer":1,"String":"","Interface":null}}
2025-08-15T22:12:58.287-0500	DEBUG	protocol/handler.go:391	worker started	{"{id 11 3  <nil>}": {"Key":"priority","Type":4,"Integer":0,"String":"","Interface":null}}
2025-08-15T22:12:58.287-0500	DEBUG	protocol/handler.go:391	worker started	{"{id 11 1  <nil>}": {"Key":"priority","Type":4,"Integer":0,"String":"","Interface":null}}
2025-08-15T22:12:58.287-0500	DEBUG	protocol/handler.go:930	initializing round
2025-08-15T22:12:58.287-0500	DEBUG	protocol/handler.go:1503	processing queued messages
2025-08-15T22:12:58.287-0500	DEBUG	protocol/handler.go:391	worker started	{"{id 11 3  <nil>}": {"Key":"priority","Type":4,"Integer":1,"String":"","Interface":null}}
2025-08-15T22:12:58.287-0500	DEBUG	protocol/handler.go:391	worker started	{"{id 11 0  <nil>}": {"Key":"priority","Type":4,"Integer":0,"String":"","Interface":null}}
2025-08-15T22:12:58.287-0500	DEBUG	protocol/handler.go:391	worker started	{"{id 11 0  <nil>}": {"Key":"priority","Type":4,"Integer":1,"String":"","Interface":null}}
2025-08-15T22:12:58.287-0500	DEBUG	protocol/handler.go:391	worker started	{"{id 11 2  <nil>}": {"Key":"priority","Type":4,"Integer":1,"String":"","Interface":null}}
2025-08-15T22:12:58.287-0500	DEBUG	protocol/handler.go:391	worker started	{"{id 11 2  <nil>}": {"Key":"priority","Type":4,"Integer":0,"String":"","Interface":null}}
2025-08-15T22:12:58.287-0500	DEBUG	protocol/handler.go:391	worker started	{"{id 11 1  <nil>}": {"Key":"priority","Type":4,"Integer":1,"String":"","Interface":null}}
2025-08-15T22:12:58.288-0500	INFO	protocol/handler.go:240	starting protocol handler	{"{protocol 15 0 frost/keygen-threshold <nil>}": {"Key":"workers","Type":11,"Integer":4,"String":"","Interface":null}, "{parties 11 7  <nil>}": {"Key":"threshold","Type":11,"Integer":5,"String":"","Interface":null}}
2025-08-15T22:12:58.289-0500	DEBUG	protocol/handler.go:348	starting worker pools	{"{workers 11 4  <nil>}": {"Key":"priority","Type":11,"Integer":4,"String":"","Interface":null}}
2025-08-15T22:12:58.291-0500	DEBUG	protocol/handler.go:391	worker started	{"{id 11 1  <nil>}": {"Key":"priority","Type":4,"Integer":1,"String":"","Interface":null}}
2025-08-15T22:12:58.291-0500	DEBUG	protocol/handler.go:391	worker started	{"{id 11 2  <nil>}": {"Key":"priority","Type":4,"Integer":0,"String":"","Interface":null}}
2025-08-15T22:12:58.291-0500	DEBUG	protocol/handler.go:391	worker started	{"{id 11 0  <nil>}": {"Key":"priority","Type":4,"Integer":0,"String":"","Interface":null}}
2025-08-15T22:12:58.291-0500	DEBUG	protocol/handler.go:391	worker started	{"{id 11 0  <nil>}": {"Key":"priority","Type":4,"Integer":1,"String":"","Interface":null}}
2025-08-15T22:12:58.291-0500	DEBUG	protocol/handler.go:391	worker started	{"{id 11 2  <nil>}": {"Key":"priority","Type":4,"Integer":1,"String":"","Interface":null}}
2025-08-15T22:12:58.291-0500	DEBUG	protocol/handler.go:391	worker started	{"{id 11 3  <nil>}": {"Key":"priority","Type":4,"Integer":1,"String":"","Interface":null}}
2025-08-15T22:12:58.291-0500	DEBUG	protocol/handler.go:930	initializing round
2025-08-15T22:12:58.291-0500	DEBUG	protocol/handler.go:437	processing message	{"{from 15 0 a <nil>}": {"Key":"to","Type":15,"Integer":0,"String":"","Interface":null}, "{round 20 2  <nil>}": {"Key":"broadcast","Type":4,"Integer":1,"String":"","Interface":null}}
2025-08-15T22:12:58.291-0500	DEBUG	protocol/handler.go:1657	storing broadcast	{"{round 20 2  <nil>}": {"Key":"from","Type":15,"Integer":0,"String":"a","Interface":null}}
2025-08-15T22:12:58.291-0500	DEBUG	protocol/handler.go:437	processing message	{"{from 15 0 a <nil>}": {"Key":"to","Type":15,"Integer":0,"String":"","Interface":null}, "{round 20 2  <nil>}": {"Key":"broadcast","Type":4,"Integer":1,"String":"","Interface":null}}
2025-08-15T22:12:58.291-0500	DEBUG	protocol/handler.go:470	message for different round (buffering)	{"{msg_round 20 2  <nil>}": {"Key":"current_round","Type":20,"Integer":1,"String":"","Interface":null}}
2025-08-15T22:12:58.291-0500	DEBUG	protocol/handler.go:1657	storing broadcast	{"{round 20 2  <nil>}": {"Key":"from","Type":15,"Integer":0,"String":"a","Interface":null}}
2025-08-15T22:12:58.291-0500	DEBUG	protocol/handler.go:391	worker started	{"{id 11 3  <nil>}": {"Key":"priority","Type":4,"Integer":0,"String":"","Interface":null}}
2025-08-15T22:12:58.291-0500	DEBUG	protocol/handler.go:581	tryAdvanceRound called	{"{current_round 20 1  <nil>}": {"Key":"self","Type":15,"Integer":0,"String":"d","Interface":null}}
2025-08-15T22:12:58.292-0500	DEBUG	protocol/handler.go:437	processing message	{"{from 15 0 a <nil>}": {"Key":"to","Type":15,"Integer":0,"String":"","Interface":null}, "{round 20 2  <nil>}": {"Key":"broadcast","Type":4,"Integer":1,"String":"","Interface":null}}
2025-08-15T22:12:58.292-0500	DEBUG	protocol/handler.go:1657	storing broadcast	{"{round 20 2  <nil>}": {"Key":"from","Type":15,"Integer":0,"String":"a","Interface":null}}
2025-08-15T22:12:58.292-0500	DEBUG	protocol/handler.go:391	worker started	{"{id 11 1  <nil>}": {"Key":"priority","Type":4,"Integer":0,"String":"","Interface":null}}
2025-08-15T22:12:58.292-0500	DEBUG	protocol/handler.go:1649	have all messages and processed	{"{round 20 1  <nil>}": {"Key":"self","Type":15,"Integer":0,"String":"d","Interface":null}}
2025-08-15T22:12:58.292-0500	DEBUG	protocol/handler.go:470	message for different round (buffering)	{"{msg_round 20 2  <nil>}": {"Key":"current_round","Type":20,"Integer":1,"String":"","Interface":null}}
2025-08-15T22:12:58.292-0500	DEBUG	protocol/handler.go:581	tryAdvanceRound called	{"{current_round 20 1  <nil>}": {"Key":"self","Type":15,"Integer":0,"String":"f","Interface":null}}
2025-08-15T22:12:58.292-0500	DEBUG	protocol/handler.go:619	finalizing round
2025-08-15T22:12:58.292-0500	DEBUG	protocol/handler.go:1649	have all messages and processed	{"{round 20 1  <nil>}": {"Key":"self","Type":15,"Integer":0,"String":"f","Interface":null}}
2025-08-15T22:12:58.292-0500	DEBUG	protocol/handler.go:437	processing message	{"{from 15 0 a <nil>}": {"Key":"to","Type":15,"Integer":0,"String":"","Interface":null}, "{round 20 2  <nil>}": {"Key":"broadcast","Type":4,"Integer":1,"String":"","Interface":null}}
2025-08-15T22:12:58.292-0500	DEBUG	protocol/handler.go:1657	storing broadcast	{"{round 20 2  <nil>}": {"Key":"from","Type":15,"Integer":0,"String":"a","Interface":null}}
2025-08-15T22:12:58.292-0500	DEBUG	protocol/handler.go:470	message for different round (buffering)	{"{msg_round 20 2  <nil>}": {"Key":"current_round","Type":20,"Integer":1,"String":"","Interface":null}}
2025-08-15T22:12:58.292-0500	DEBUG	protocol/handler.go:581	tryAdvanceRound called	{"{current_round 20 1  <nil>}": {"Key":"self","Type":15,"Integer":0,"String":"e","Interface":null}}
2025-08-15T22:12:58.292-0500	DEBUG	protocol/handler.go:1649	have all messages and processed	{"{round 20 1  <nil>}": {"Key":"self","Type":15,"Integer":0,"String":"e","Interface":null}}
2025-08-15T22:12:58.292-0500	DEBUG	protocol/handler.go:619	finalizing round
2025-08-15T22:12:58.292-0500	DEBUG	protocol/handler.go:619	finalizing round
2025-08-15T22:12:58.291-0500	DEBUG	protocol/handler.go:1503	processing queued messages
2025-08-15T22:12:58.291-0500	DEBUG	protocol/handler.go:437	processing message	{"{from 15 0 a <nil>}": {"Key":"to","Type":15,"Integer":0,"String":"","Interface":null}, "{round 20 2  <nil>}": {"Key":"broadcast","Type":4,"Integer":1,"String":"","Interface":null}}
2025-08-15T22:12:58.293-0500	DEBUG	protocol/handler.go:1657	storing broadcast	{"{round 20 2  <nil>}": {"Key":"from","Type":15,"Integer":0,"String":"a","Interface":null}}
2025-08-15T22:12:58.291-0500	DEBUG	protocol/handler.go:470	message for different round (buffering)	{"{msg_round 20 2  <nil>}": {"Key":"current_round","Type":20,"Integer":1,"String":"","Interface":null}}
2025-08-15T22:12:58.293-0500	DEBUG	protocol/handler.go:581	tryAdvanceRound called	{"{current_round 20 1  <nil>}": {"Key":"self","Type":15,"Integer":0,"String":"c","Interface":null}}
2025-08-15T22:12:58.293-0500	DEBUG	protocol/handler.go:1649	have all messages and processed	{"{round 20 1  <nil>}": {"Key":"self","Type":15,"Integer":0,"String":"c","Interface":null}}
2025-08-15T22:12:58.292-0500	DEBUG	protocol/handler.go:437	processing message	{"{from 15 0 a <nil>}": {"Key":"to","Type":15,"Integer":0,"String":"","Interface":null}, "{round 20 2  <nil>}": {"Key":"broadcast","Type":4,"Integer":1,"String":"","Interface":null}}
2025-08-15T22:12:58.293-0500	DEBUG	protocol/handler.go:1657	storing broadcast	{"{round 20 2  <nil>}": {"Key":"from","Type":15,"Integer":0,"String":"a","Interface":null}}
2025-08-15T22:12:58.293-0500	DEBUG	protocol/handler.go:470	message for different round (buffering)	{"{msg_round 20 2  <nil>}": {"Key":"current_round","Type":20,"Integer":1,"String":"","Interface":null}}
2025-08-15T22:12:58.293-0500	DEBUG	protocol/handler.go:470	message for different round (buffering)	{"{msg_round 20 2  <nil>}": {"Key":"current_round","Type":20,"Integer":1,"String":"","Interface":null}}
2025-08-15T22:12:58.293-0500	DEBUG	protocol/handler.go:581	tryAdvanceRound called	{"{current_round 20 1  <nil>}": {"Key":"self","Type":15,"Integer":0,"String":"b","Interface":null}}
2025-08-15T22:12:58.293-0500	DEBUG	protocol/handler.go:581	tryAdvanceRound called	{"{current_round 20 1  <nil>}": {"Key":"self","Type":15,"Integer":0,"String":"g","Interface":null}}
2025-08-15T22:12:58.293-0500	DEBUG	protocol/handler.go:1649	have all messages and processed	{"{round 20 1  <nil>}": {"Key":"self","Type":15,"Integer":0,"String":"b","Interface":null}}
2025-08-15T22:12:58.293-0500	DEBUG	protocol/handler.go:596	round already finalized
2025-08-15T22:12:58.293-0500	DEBUG	protocol/handler.go:1649	have all messages and processed	{"{round 20 1  <nil>}": {"Key":"self","Type":15,"Integer":0,"String":"g","Interface":null}}
2025-08-15T22:12:58.293-0500	DEBUG	protocol/handler.go:619	finalizing round
2025-08-15T22:12:58.293-0500	DEBUG	protocol/handler.go:619	finalizing round
2025-08-15T22:12:58.297-0500	DEBUG	protocol/handler.go:581	tryAdvanceRound called	{"{current_round 20 2  <nil>}": {"Key":"self","Type":15,"Integer":0,"String":"a","Interface":null}}
2025-08-15T22:12:58.297-0500	DEBUG	protocol/handler.go:1600	waiting for broadcasts	{"{round 20 2  <nil>}": {"Key":"missing","Type":15,"Integer":0,"String":"[b c d e f g]","Interface":null}}
2025-08-15T22:12:58.298-0500	DEBUG	protocol/handler.go:1039	sendRoundMessage	{"{from 15 0 b <nil>}": {"Key":"to","Type":15,"Integer":0,"String":"","Interface":null}, "{round 20 2  <nil>}": {"Key":"broadcast","Type":4,"Integer":1,"String":"","Interface":null}}
2025-08-15T22:12:58.299-0500	INFO	protocol/handler.go:560	advanced to round
2025-08-15T22:12:58.299-0500	DEBUG	protocol/handler.go:581	tryAdvanceRound called	{"{current_round 20 1  <nil>}": {"Key":"self","Type":15,"Integer":0,"String":"d","Interface":null}}
2025-08-15T22:12:58.299-0500	DEBUG	protocol/handler.go:1649	have all messages and processed	{"{round 20 1  <nil>}": {"Key":"self","Type":15,"Integer":0,"String":"d","Interface":null}}
2025-08-15T22:12:58.299-0500	DEBUG	protocol/handler.go:596	round already finalized
2025-08-15T22:12:58.300-0500	DEBUG	protocol/handler.go:1657	storing broadcast	{"{round 20 2  <nil>}": {"Key":"from","Type":15,"Integer":0,"String":"b","Interface":null}}
2025-08-15T22:12:58.300-0500	DEBUG	protocol/handler.go:1081	sent message to output channel	{"{from 15 0 b <nil>}": {"Key":"to","Type":15,"Integer":0,"String":"","Interface":null}, "{round 20 2  <nil>}": {"Key":"broadcast","Type":4,"Integer":1,"String":"","Interface":null}}
2025-08-15T22:12:58.300-0500	DEBUG	protocol/handler.go:1182	finalized round messages	{"{round 20 1  <nil>}": {"Key":"messages","Type":11,"Integer":1,"String":"","Interface":null}}
2025-08-15T22:12:58.300-0500	DEBUG	protocol/handler.go:1239	finalize returned next round	{"{current 20 1  <nil>}": {"Key":"next","Type":20,"Integer":2,"String":"","Interface":null}}
2025-08-15T22:12:58.300-0500	INFO	protocol/handler.go:642	storing new currentRound	{"{from 20 1  <nil>}": {"Key":"to","Type":20,"Integer":2,"String":"","Interface":null}}
2025-08-15T22:12:58.300-0500	DEBUG	protocol/handler.go:1503	processing queued messages
2025-08-15T22:12:58.300-0500	INFO	protocol/handler.go:560	advanced to round
2025-08-15T22:12:58.300-0500	DEBUG	protocol/handler.go:581	tryAdvanceRound called	{"{current_round 20 2  <nil>}": {"Key":"self","Type":15,"Integer":0,"String":"b","Interface":null}}
2025-08-15T22:12:58.302-0500	DEBUG	protocol/handler.go:1039	sendRoundMessage	{"{from 15 0 c <nil>}": {"Key":"to","Type":15,"Integer":0,"String":"","Interface":null}, "{round 20 2  <nil>}": {"Key":"broadcast","Type":4,"Integer":1,"String":"","Interface":null}}
2025-08-15T22:12:58.303-0500	DEBUG	protocol/handler.go:1039	sendRoundMessage	{"{from 15 0 g <nil>}": {"Key":"to","Type":15,"Integer":0,"String":"","Interface":null}, "{round 20 2  <nil>}": {"Key":"broadcast","Type":4,"Integer":1,"String":"","Interface":null}}
2025-08-15T22:12:58.304-0500	DEBUG	protocol/handler.go:1657	storing broadcast	{"{round 20 2  <nil>}": {"Key":"from","Type":15,"Integer":0,"String":"c","Interface":null}}
2025-08-15T22:12:58.304-0500	DEBUG	protocol/handler.go:1081	sent message to output channel	{"{from 15 0 c <nil>}": {"Key":"to","Type":15,"Integer":0,"String":"","Interface":null}, "{round 20 2  <nil>}": {"Key":"broadcast","Type":4,"Integer":1,"String":"","Interface":null}}
2025-08-15T22:12:58.304-0500	DEBUG	protocol/handler.go:1182	finalized round messages	{"{round 20 1  <nil>}": {"Key":"messages","Type":11,"Integer":1,"String":"","Interface":null}}
2025-08-15T22:12:58.304-0500	DEBUG	protocol/handler.go:1239	finalize returned next round	{"{current 20 1  <nil>}": {"Key":"next","Type":20,"Integer":2,"String":"","Interface":null}}
2025-08-15T22:12:58.304-0500	INFO	protocol/handler.go:642	storing new currentRound	{"{from 20 1  <nil>}": {"Key":"to","Type":20,"Integer":2,"String":"","Interface":null}}
2025-08-15T22:12:58.304-0500	DEBUG	protocol/handler.go:1503	processing queued messages
2025-08-15T22:12:58.304-0500	DEBUG	protocol/handler.go:437	processing message	{"{from 15 0 c <nil>}": {"Key":"to","Type":15,"Integer":0,"String":"","Interface":null}, "{round 20 2  <nil>}": {"Key":"broadcast","Type":4,"Integer":1,"String":"","Interface":null}}
2025-08-15T22:12:58.304-0500	DEBUG	protocol/handler.go:1657	storing broadcast	{"{round 20 2  <nil>}": {"Key":"from","Type":15,"Integer":0,"String":"c","Interface":null}}
2025-08-15T22:12:58.305-0500	DEBUG	protocol/handler.go:1657	storing broadcast	{"{round 20 2  <nil>}": {"Key":"from","Type":15,"Integer":0,"String":"g","Interface":null}}
2025-08-15T22:12:58.305-0500	DEBUG	protocol/handler.go:1081	sent message to output channel	{"{from 15 0 g <nil>}": {"Key":"to","Type":15,"Integer":0,"String":"","Interface":null}, "{round 20 2  <nil>}": {"Key":"broadcast","Type":4,"Integer":1,"String":"","Interface":null}}
2025-08-15T22:12:58.305-0500	DEBUG	protocol/handler.go:1182	finalized round messages	{"{round 20 1  <nil>}": {"Key":"messages","Type":11,"Integer":1,"String":"","Interface":null}}
2025-08-15T22:12:58.305-0500	DEBUG	protocol/handler.go:1239	finalize returned next round	{"{current 20 1  <nil>}": {"Key":"next","Type":20,"Integer":2,"String":"","Interface":null}}
2025-08-15T22:12:58.305-0500	INFO	protocol/handler.go:642	storing new currentRound	{"{from 20 1  <nil>}": {"Key":"to","Type":20,"Integer":2,"String":"","Interface":null}}
2025-08-15T22:12:58.305-0500	DEBUG	protocol/handler.go:1503	processing queued messages
2025-08-15T22:12:58.305-0500	INFO	protocol/handler.go:560	advanced to round
2025-08-15T22:12:58.305-0500	DEBUG	protocol/handler.go:581	tryAdvanceRound called	{"{current_round 20 2  <nil>}": {"Key":"self","Type":15,"Integer":0,"String":"g","Interface":null}}
2025-08-15T22:12:58.305-0500	DEBUG	protocol/handler.go:437	processing message	{"{from 15 0 c <nil>}": {"Key":"to","Type":15,"Integer":0,"String":"","Interface":null}, "{round 20 2  <nil>}": {"Key":"broadcast","Type":4,"Integer":1,"String":"","Interface":null}}
2025-08-15T22:12:58.305-0500	DEBUG	protocol/handler.go:1657	storing broadcast	{"{round 20 2  <nil>}": {"Key":"from","Type":15,"Integer":0,"String":"c","Interface":null}}
==================
WARNING: DATA RACE
Write at 0x00c00022a25c by goroutine 2232:
  ??()
      -:0 +0x104ada650
  sync/atomic.CompareAndSwapInt32()
      <autogenerated>:1 +0x18
  sync.(*Mutex).Lock()
      /opt/homebrew/Cellar/go/1.24.6/libexec/src/sync/mutex.go:46 +0x2c
  github.com/luxfi/threshold/protocols/frost/keygen.(*round2).StoreBroadcastMessage()
      /Users/z/work/lux/threshold/protocols/frost/keygen/round2.go:57 +0x58
  github.com/luxfi/threshold/pkg/protocol.(*Handler).verifyBroadcastForRound()
      /Users/z/work/lux/threshold/pkg/protocol/handler.go:1277 +0x3a0
  github.com/luxfi/threshold/pkg/protocol.(*Handler).retryUnprocessedMessages()
      /Users/z/work/lux/threshold/pkg/protocol/handler.go:1483 +0x22c
  github.com/luxfi/threshold/pkg/protocol.(*Handler).tryAdvanceRound()
      /Users/z/work/lux/threshold/pkg/protocol/handler.go:587 +0x28c
  github.com/luxfi/threshold/pkg/protocol.(*Handler).roundProcessor()
      /Users/z/work/lux/threshold/pkg/protocol/handler.go:569 +0xb4
  github.com/luxfi/threshold/pkg/protocol.(*Handler).startWorkers.func1()
      /Users/z/work/lux/threshold/pkg/protocol/handler.go:374 +0x78

Previous read at 0x00c00022a258 by goroutine 2229:
  github.com/luxfi/threshold/protocols/frost/keygen.(*round2).Number()
      <autogenerated>:1 +0x38
  github.com/luxfi/threshold/pkg/protocol.(*Handler).tryAdvanceRound()
      /Users/z/work/lux/threshold/pkg/protocol/handler.go:673 +0x1268
  github.com/luxfi/threshold/pkg/protocol.(*Handler).processMessage()
      /Users/z/work/lux/threshold/pkg/protocol/handler.go:474 +0xb70
  github.com/luxfi/threshold/pkg/protocol.(*Handler).messageWorker()
      /Users/z/work/lux/threshold/pkg/protocol/handler.go:408 +0x338
  github.com/luxfi/threshold/pkg/protocol.(*Handler).startWorkers.gowrap2()
      /Users/z/work/lux/threshold/pkg/protocol/handler.go:361 +0x44

Goroutine 2232 (running) created at:
  github.com/luxfi/threshold/pkg/protocol.(*Handler).startWorkers()
      /Users/z/work/lux/threshold/pkg/protocol/handler.go:372 +0x4fc
  github.com/luxfi/threshold/pkg/protocol.NewHandler()
      /Users/z/work/lux/threshold/pkg/protocol/handler.go:247 +0xf10
  github.com/luxfi/threshold/internal/test.(*Harness).CreateHandler()
      /Users/z/work/lux/threshold/internal/test/harness.go:91 +0x2e4
  github.com/luxfi/threshold/internal/test.RunProtocol()
      /Users/z/work/lux/threshold/internal/test/harness.go:270 +0x230
  github.com/luxfi/threshold/internal/test.RunMultipleProtocolTests.(*ProtocolTest).Run.func1()
      /Users/z/work/lux/threshold/internal/test/protocol_helpers.go:34 +0xe0
  testing.tRunner()
      /opt/homebrew/Cellar/go/1.24.6/libexec/src/testing/testing.go:1792 +0x180
  testing.(*T).Run.gowrap1()
      /opt/homebrew/Cellar/go/1.24.6/libexec/src/testing/testing.go:1851 +0x40

Goroutine 2229 (running) created at:
  github.com/luxfi/threshold/pkg/protocol.(*Handler).startWorkers()
      /Users/z/work/lux/threshold/pkg/protocol/handler.go:361 +0x334
  github.com/luxfi/threshold/pkg/protocol.NewHandler()
      /Users/z/work/lux/threshold/pkg/protocol/handler.go:247 +0xf10
  github.com/luxfi/threshold/internal/test.(*Harness).CreateHandler()
      /Users/z/work/lux/threshold/internal/test/harness.go:91 +0x2e4
  github.com/luxfi/threshold/internal/test.RunProtocol()
      /Users/z/work/lux/threshold/internal/test/harness.go:270 +0x230
  github.com/luxfi/threshold/internal/test.RunMultipleProtocolTests.(*ProtocolTest).Run.func1()
      /Users/z/work/lux/threshold/internal/test/protocol_helpers.go:34 +0xe0
  testing.tRunner()
      /opt/homebrew/Cellar/go/1.24.6/libexec/src/testing/testing.go:1792 +0x180
  testing.(*T).Run.gowrap1()
      /opt/homebrew/Cellar/go/1.24.6/libexec/src/testing/testing.go:1851 +0x40
==================
2025-08-15T22:12:58.300-0500	DEBUG	protocol/handler.go:437	processing message	{"{from 15 0 b <nil>}": {"Key":"to","Type":15,"Integer":0,"String":"","Interface":null}, "{round 20 2  <nil>}": {"Key":"broadcast","Type":4,"Integer":1,"String":"","Interface":null}}
2025-08-15T22:12:58.312-0500	DEBUG	protocol/handler.go:581	tryAdvanceRound called	{"{current_round 20 1  <nil>}": {"Key":"self","Type":15,"Integer":0,"String":"d","Interface":null}}
2025-08-15T22:12:58.312-0500	DEBUG	protocol/handler.go:1657	storing broadcast	{"{round 20 2  <nil>}": {"Key":"from","Type":15,"Integer":0,"String":"b","Interface":null}}
2025-08-15T22:12:58.312-0500	DEBUG	protocol/handler.go:437	processing message	{"{from 15 0 b <nil>}": {"Key":"to","Type":15,"Integer":0,"String":"","Interface":null}, "{round 20 2  <nil>}": {"Key":"broadcast","Type":4,"Integer":1,"String":"","Interface":null}}
2025-08-15T22:12:58.312-0500	DEBUG	protocol/handler.go:1657	storing broadcast	{"{round 20 2  <nil>}": {"Key":"from","Type":15,"Integer":0,"String":"b","Interface":null}}
2025-08-15T22:12:58.312-0500	DEBUG	protocol/handler.go:1649	have all messages and processed	{"{round 20 1  <nil>}": {"Key":"self","Type":15,"Integer":0,"String":"d","Interface":null}}
2025-08-15T22:12:58.312-0500	DEBUG	protocol/handler.go:596	round already finalized
2025-08-15T22:12:58.314-0500	DEBUG	protocol/handler.go:581	tryAdvanceRound called	{"{current_round 20 2  <nil>}": {"Key":"self","Type":15,"Integer":0,"String":"g","Interface":null}}
2025-08-15T22:12:58.316-0500	DEBUG	protocol/handler.go:581	tryAdvanceRound called	{"{current_round 20 1  <nil>}": {"Key":"self","Type":15,"Integer":0,"String":"d","Interface":null}}
2025-08-15T22:12:58.316-0500	DEBUG	protocol/handler.go:1649	have all messages and processed	{"{round 20 1  <nil>}": {"Key":"self","Type":15,"Integer":0,"String":"d","Interface":null}}
2025-08-15T22:12:58.316-0500	DEBUG	protocol/handler.go:596	round already finalized
2025-08-15T22:12:58.316-0500	DEBUG	protocol/handler.go:1039	sendRoundMessage	{"{from 15 0 e <nil>}": {"Key":"to","Type":15,"Integer":0,"String":"","Interface":null}, "{round 20 2  <nil>}": {"Key":"broadcast","Type":4,"Integer":1,"String":"","Interface":null}}
2025-08-15T22:12:58.318-0500	DEBUG	protocol/handler.go:1657	storing broadcast	{"{round 20 2  <nil>}": {"Key":"from","Type":15,"Integer":0,"String":"e","Interface":null}}
2025-08-15T22:12:58.318-0500	DEBUG	protocol/handler.go:1081	sent message to output channel	{"{from 15 0 e <nil>}": {"Key":"to","Type":15,"Integer":0,"String":"","Interface":null}, "{round 20 2  <nil>}": {"Key":"broadcast","Type":4,"Integer":1,"String":"","Interface":null}}
2025-08-15T22:12:58.318-0500	DEBUG	protocol/handler.go:1182	finalized round messages	{"{round 20 1  <nil>}": {"Key":"messages","Type":11,"Integer":1,"String":"","Interface":null}}
2025-08-15T22:12:58.318-0500	DEBUG	protocol/handler.go:437	processing message	{"{from 15 0 e <nil>}": {"Key":"to","Type":15,"Integer":0,"String":"","Interface":null}, "{round 20 2  <nil>}": {"Key":"broadcast","Type":4,"Integer":1,"String":"","Interface":null}}
2025-08-15T22:12:58.318-0500	DEBUG	protocol/handler.go:1239	finalize returned next round	{"{current 20 1  <nil>}": {"Key":"next","Type":20,"Integer":2,"String":"","Interface":null}}
2025-08-15T22:12:58.318-0500	DEBUG	protocol/handler.go:1657	storing broadcast	{"{round 20 2  <nil>}": {"Key":"from","Type":15,"Integer":0,"String":"e","Interface":null}}
2025-08-15T22:12:58.318-0500	INFO	protocol/handler.go:642	storing new currentRound	{"{from 20 1  <nil>}": {"Key":"to","Type":20,"Integer":2,"String":"","Interface":null}}
2025-08-15T22:12:58.318-0500	DEBUG	protocol/handler.go:1503	processing queued messages
2025-08-15T22:12:58.319-0500	DEBUG	protocol/handler.go:1591	have processed broadcast	{"{round 20 2  <nil>}": {"Key":"from","Type":15,"Integer":0,"String":"a","Interface":null}}
2025-08-15T22:12:58.319-0500	DEBUG	protocol/handler.go:1591	have processed broadcast	{"{round 20 2  <nil>}": {"Key":"from","Type":15,"Integer":0,"String":"c","Interface":null}}
2025-08-15T22:12:58.320-0500	DEBUG	protocol/handler.go:1600	waiting for broadcasts	{"{round 20 2  <nil>}": {"Key":"missing","Type":15,"Integer":0,"String":"[d f]","Interface":null}}
2025-08-15T22:12:58.320-0500	DEBUG	protocol/handler.go:581	tryAdvanceRound called	{"{current_round 20 2  <nil>}": {"Key":"self","Type":15,"Integer":0,"String":"g","Interface":null}}
2025-08-15T22:12:58.322-0500	DEBUG	protocol/handler.go:581	tryAdvanceRound called	{"{current_round 20 2  <nil>}": {"Key":"self","Type":15,"Integer":0,"String":"a","Interface":null}}
2025-08-15T22:12:58.323-0500	DEBUG	protocol/handler.go:581	tryAdvanceRound called	{"{current_round 20 2  <nil>}": {"Key":"self","Type":15,"Integer":0,"String":"a","Interface":null}}
2025-08-15T22:12:58.323-0500	DEBUG	protocol/handler.go:1591	have processed broadcast	{"{round 20 2  <nil>}": {"Key":"from","Type":15,"Integer":0,"String":"b","Interface":null}}
2025-08-15T22:12:58.323-0500	DEBUG	protocol/handler.go:1600	waiting for broadcasts	{"{round 20 2  <nil>}": {"Key":"missing","Type":15,"Integer":0,"String":"[c d e f g]","Interface":null}}
2025-08-15T22:12:58.324-0500	DEBUG	protocol/handler.go:581	tryAdvanceRound called	{"{current_round 20 2  <nil>}": {"Key":"self","Type":15,"Integer":0,"String":"g","Interface":null}}
2025-08-15T22:12:58.326-0500	DEBUG	protocol/handler.go:581	tryAdvanceRound called	{"{current_round 20 1  <nil>}": {"Key":"self","Type":15,"Integer":0,"String":"d","Interface":null}}
2025-08-15T22:12:58.326-0500	DEBUG	protocol/handler.go:1649	have all messages and processed	{"{round 20 1  <nil>}": {"Key":"self","Type":15,"Integer":0,"String":"d","Interface":null}}
2025-08-15T22:12:58.326-0500	DEBUG	protocol/handler.go:596	round already finalized
2025-08-15T22:12:58.327-0500	DEBUG	protocol/handler.go:1591	have processed broadcast	{"{round 20 2  <nil>}": {"Key":"from","Type":15,"Integer":0,"String":"a","Interface":null}}
2025-08-15T22:12:58.327-0500	DEBUG	protocol/handler.go:1591	have processed broadcast	{"{round 20 2  <nil>}": {"Key":"from","Type":15,"Integer":0,"String":"b","Interface":null}}
2025-08-15T22:12:58.327-0500	DEBUG	protocol/handler.go:1591	have processed broadcast	{"{round 20 2  <nil>}": {"Key":"from","Type":15,"Integer":0,"String":"c","Interface":null}}
2025-08-15T22:12:58.327-0500	DEBUG	protocol/handler.go:1600	waiting for broadcasts	{"{round 20 2  <nil>}": {"Key":"missing","Type":15,"Integer":0,"String":"[d f]","Interface":null}}
2025-08-15T22:12:58.327-0500	DEBUG	protocol/handler.go:954	round already being initialized/finalized, skipping
2025-08-15T22:12:58.327-0500	INFO	protocol/handler.go:560	advanced to round
2025-08-15T22:12:58.327-0500	DEBUG	protocol/handler.go:581	tryAdvanceRound called	{"{current_round 20 1  <nil>}": {"Key":"self","Type":15,"Integer":0,"String":"f","Interface":null}}
2025-08-15T22:12:58.327-0500	DEBUG	protocol/handler.go:1649	have all messages and processed	{"{round 20 1  <nil>}": {"Key":"self","Type":15,"Integer":0,"String":"f","Interface":null}}
2025-08-15T22:12:58.327-0500	DEBUG	protocol/handler.go:596	round already finalized
2025-08-15T22:12:58.327-0500	INFO	protocol/handler.go:560	advanced to round
2025-08-15T22:12:58.327-0500	DEBUG	protocol/handler.go:581	tryAdvanceRound called	{"{current_round 20 2  <nil>}": {"Key":"self","Type":15,"Integer":0,"String":"e","Interface":null}}
2025-08-15T22:12:58.330-0500	DEBUG	protocol/handler.go:1591	have processed broadcast	{"{round 20 2  <nil>}": {"Key":"from","Type":15,"Integer":0,"String":"b","Interface":null}}
2025-08-15T22:12:58.330-0500	DEBUG	protocol/handler.go:1600	waiting for broadcasts	{"{round 20 2  <nil>}": {"Key":"missing","Type":15,"Integer":0,"String":"[c d e f g]","Interface":null}}
2025-08-15T22:12:58.330-0500	DEBUG	protocol/handler.go:581	tryAdvanceRound called	{"{current_round 20 2  <nil>}": {"Key":"self","Type":15,"Integer":0,"String":"g","Interface":null}}
2025-08-15T22:12:58.330-0500	DEBUG	protocol/handler.go:1591	have processed broadcast	{"{round 20 2  <nil>}": {"Key":"from","Type":15,"Integer":0,"String":"a","Interface":null}}
2025-08-15T22:12:58.330-0500	DEBUG	protocol/handler.go:1591	have processed broadcast	{"{round 20 2  <nil>}": {"Key":"from","Type":15,"Integer":0,"String":"b","Interface":null}}
2025-08-15T22:12:58.330-0500	DEBUG	protocol/handler.go:1591	have processed broadcast	{"{round 20 2  <nil>}": {"Key":"from","Type":15,"Integer":0,"String":"c","Interface":null}}
2025-08-15T22:12:58.331-0500	DEBUG	protocol/handler.go:1591	have processed broadcast	{"{round 20 2  <nil>}": {"Key":"from","Type":15,"Integer":0,"String":"e","Interface":null}}
2025-08-15T22:12:58.331-0500	DEBUG	protocol/handler.go:1600	waiting for broadcasts	{"{round 20 2  <nil>}": {"Key":"missing","Type":15,"Integer":0,"String":"[d f]","Interface":null}}
2025-08-15T22:12:58.331-0500	DEBUG	protocol/handler.go:581	tryAdvanceRound called	{"{current_round 20 1  <nil>}": {"Key":"self","Type":15,"Integer":0,"String":"f","Interface":null}}
2025-08-15T22:12:58.331-0500	DEBUG	protocol/handler.go:1649	have all messages and processed	{"{round 20 1  <nil>}": {"Key":"self","Type":15,"Integer":0,"String":"f","Interface":null}}
2025-08-15T22:12:58.331-0500	DEBUG	protocol/handler.go:596	round already finalized
2025-08-15T22:12:58.336-0500	DEBUG	protocol/handler.go:581	tryAdvanceRound called	{"{current_round 20 1  <nil>}": {"Key":"self","Type":15,"Integer":0,"String":"d","Interface":null}}
2025-08-15T22:12:58.336-0500	DEBUG	protocol/handler.go:1649	have all messages and processed	{"{round 20 1  <nil>}": {"Key":"self","Type":15,"Integer":0,"String":"d","Interface":null}}
2025-08-15T22:12:58.336-0500	DEBUG	protocol/handler.go:596	round already finalized
==================
WARNING: DATA RACE
Write at 0x00c000a314dc by goroutine 2178:
  ??()
      -:0 +0x104ada650
  sync/atomic.CompareAndSwapInt32()
      <autogenerated>:1 +0x18
  internal/sync.(*HashTrieMap[go.shape.interface {},go.shape.interface {}]).initSlow()
      /opt/homebrew/Cellar/go/1.24.6/libexec/src/internal/sync/hashtriemap.go:38 +0x38
  internal/sync.(*HashTrieMap[go.shape.interface {},go.shape.interface {}]).init()
      /opt/homebrew/Cellar/go/1.24.6/libexec/src/internal/sync/hashtriemap.go:32 +0x44
  internal/sync.(*HashTrieMap[go.shape.interface {},go.shape.interface {}]).Swap()
      /opt/homebrew/Cellar/go/1.24.6/libexec/src/internal/sync/hashtriemap.go:206 +0x54
  internal/sync.(*HashTrieMap[go.shape.interface {},go.shape.interface {}]).Store()
      /opt/homebrew/Cellar/go/1.24.6/libexec/src/internal/sync/hashtriemap.go:200 +0x54
  sync.(*Map).Store()
      /opt/homebrew/Cellar/go/1.24.6/libexec/src/sync/hashtriemap.go:55 +0x54
  github.com/luxfi/threshold/protocols/frost/keygen.(*round2).StoreBroadcastMessage()
      /Users/z/work/lux/threshold/protocols/frost/keygen/round2.go:117 +0x56c
  github.com/luxfi/threshold/pkg/protocol.(*Handler).verifyBroadcastForRound()
      /Users/z/work/lux/threshold/pkg/protocol/handler.go:1277 +0x3a0
  github.com/luxfi/threshold/pkg/protocol.(*Handler).retryUnprocessedMessages()
      /Users/z/work/lux/threshold/pkg/protocol/handler.go:1483 +0x22c
  github.com/luxfi/threshold/pkg/protocol.(*Handler).tryAdvanceRound()
      /Users/z/work/lux/threshold/pkg/protocol/handler.go:587 +0x28c
  github.com/luxfi/threshold/pkg/protocol.(*Handler).roundProcessor()
      /Users/z/work/lux/threshold/pkg/protocol/handler.go:569 +0xb4
  github.com/luxfi/threshold/pkg/protocol.(*Handler).startWorkers.func1()
      /Users/z/work/lux/threshold/pkg/protocol/handler.go:374 +0x78

Previous read at 0x00c000a314d8 by goroutine 2174:
  github.com/luxfi/threshold/protocols/frost/keygen.(*round2).Number()
      <autogenerated>:1 +0x38
  github.com/luxfi/threshold/pkg/protocol.(*Handler).tryAdvanceRound()
      /Users/z/work/lux/threshold/pkg/protocol/handler.go:673 +0x1268
  github.com/luxfi/threshold/pkg/protocol.(*Handler).processMessage()
      /Users/z/work/lux/threshold/pkg/protocol/handler.go:474 +0xb70
  github.com/luxfi/threshold/pkg/protocol.(*Handler).messageWorker()
      /Users/z/work/lux/threshold/pkg/protocol/handler.go:408 +0x338
  github.com/luxfi/threshold/pkg/protocol.(*Handler).startWorkers.gowrap2()
      /Users/z/work/lux/threshold/pkg/protocol/handler.go:361 +0x44

Goroutine 2178 (running) created at:
  github.com/luxfi/threshold/pkg/protocol.(*Handler).startWorkers()
      /Users/z/work/lux/threshold/pkg/protocol/handler.go:372 +0x4fc
  github.com/luxfi/threshold/pkg/protocol.NewHandler()
      /Users/z/work/lux/threshold/pkg/protocol/handler.go:247 +0xf10
  github.com/luxfi/threshold/internal/test.(*Harness).CreateHandler()
      /Users/z/work/lux/threshold/internal/test/harness.go:91 +0x2e4
  github.com/luxfi/threshold/internal/test.RunProtocol()
      /Users/z/work/lux/threshold/internal/test/harness.go:270 +0x230
  github.com/luxfi/threshold/internal/test.RunMultipleProtocolTests.(*ProtocolTest).Run.func1()
      /Users/z/work/lux/threshold/internal/test/protocol_helpers.go:34 +0xe0
  testing.tRunner()
      /opt/homebrew/Cellar/go/1.24.6/libexec/src/testing/testing.go:1792 +0x180
  testing.(*T).Run.gowrap1()
      /opt/homebrew/Cellar/go/1.24.6/libexec/src/testing/testing.go:1851 +0x40

Goroutine 2174 (running) created at:
  github.com/luxfi/threshold/pkg/protocol.(*Handler).startWorkers()
      /Users/z/work/lux/threshold/pkg/protocol/handler.go:361 +0x334
  github.com/luxfi/threshold/pkg/protocol.NewHandler()
      /Users/z/work/lux/threshold/pkg/protocol/handler.go:247 +0xf10
  github.com/luxfi/threshold/internal/test.(*Harness).CreateHandler()
      /Users/z/work/lux/threshold/internal/test/harness.go:91 +0x2e4
  github.com/luxfi/threshold/internal/test.RunProtocol()
      /Users/z/work/lux/threshold/internal/test/harness.go:270 +0x230
  github.com/luxfi/threshold/internal/test.RunMultipleProtocolTests.(*ProtocolTest).Run.func1()
      /Users/z/work/lux/threshold/internal/test/protocol_helpers.go:34 +0xe0
  testing.tRunner()
      /opt/homebrew/Cellar/go/1.24.6/libexec/src/testing/testing.go:1792 +0x180
  testing.(*T).Run.gowrap1()
      /opt/homebrew/Cellar/go/1.24.6/libexec/src/testing/testing.go:1851 +0x40
==================
2025-08-15T22:12:58.337-0500	DEBUG	protocol/handler.go:581	tryAdvanceRound called	{"{current_round 20 1  <nil>}": {"Key":"self","Type":15,"Integer":0,"String":"f","Interface":null}}
2025-08-15T22:12:58.337-0500	DEBUG	protocol/handler.go:1649	have all messages and processed	{"{round 20 1  <nil>}": {"Key":"self","Type":15,"Integer":0,"String":"f","Interface":null}}
==================
WARNING: DATA RACE
Write at 0x00c000a314e8 by goroutine 2178:
  ??()
      -:0 +0x104ad56f0
  sync/atomic.StorePointer()
      /opt/homebrew/Cellar/go/1.24.6/libexec/src/runtime/atomic_pointer.go:92 +0x38
  internal/sync.(*HashTrieMap[go.shape.interface {},go.shape.interface {}]).initSlow()
      /opt/homebrew/Cellar/go/1.24.6/libexec/src/internal/sync/hashtriemap.go:50 +0xb8
  internal/sync.(*HashTrieMap[go.shape.interface {},go.shape.interface {}]).init()
      /opt/homebrew/Cellar/go/1.24.6/libexec/src/internal/sync/hashtriemap.go:32 +0x44
  internal/sync.(*HashTrieMap[go.shape.interface {},go.shape.interface {}]).Swap()
      /opt/homebrew/Cellar/go/1.24.6/libexec/src/internal/sync/hashtriemap.go:206 +0x54
  internal/sync.(*HashTrieMap[go.shape.interface {},go.shape.interface {}]).Store()
      /opt/homebrew/Cellar/go/1.24.6/libexec/src/internal/sync/hashtriemap.go:200 +0x54
  sync.(*Map).Store()
      /opt/homebrew/Cellar/go/1.24.6/libexec/src/sync/hashtriemap.go:55 +0x54
  github.com/luxfi/threshold/protocols/frost/keygen.(*round2).StoreBroadcastMessage()
      /Users/z/work/lux/threshold/protocols/frost/keygen/round2.go:117 +0x56c
  github.com/luxfi/threshold/pkg/protocol.(*Handler).verifyBroadcastForRound()
      /Users/z/work/lux/threshold/pkg/protocol/handler.go:1277 +0x3a0
  github.com/luxfi/threshold/pkg/protocol.(*Handler).retryUnprocessedMessages()
      /Users/z/work/lux/threshold/pkg/protocol/handler.go:1483 +0x22c
  github.com/luxfi/threshold/pkg/protocol.(*Handler).tryAdvanceRound()
      /Users/z/work/lux/threshold/pkg/protocol/handler.go:587 +0x28c
  github.com/luxfi/threshold/pkg/protocol.(*Handler).roundProcessor()
      /Users/z/work/lux/threshold/pkg/protocol/handler.go:569 +0xb4
  github.com/luxfi/threshold/pkg/protocol.(*Handler).startWorkers.func1()
      /Users/z/work/lux/threshold/pkg/protocol/handler.go:374 +0x78

Previous read at 0x00c000a314e8 by goroutine 2174:
  github.com/luxfi/threshold/protocols/frost/keygen.(*round2).Number()
      <autogenerated>:1 +0x38
  github.com/luxfi/threshold/pkg/protocol.(*Handler).tryAdvanceRound()
      /Users/z/work/lux/threshold/pkg/protocol/handler.go:673 +0x1268
  github.com/luxfi/threshold/pkg/protocol.(*Handler).processMessage()
      /Users/z/work/lux/threshold/pkg/protocol/handler.go:474 +0xb70
  github.com/luxfi/threshold/pkg/protocol.(*Handler).messageWorker()
      /Users/z/work/lux/threshold/pkg/protocol/handler.go:408 +0x338
  github.com/luxfi/threshold/pkg/protocol.(*Handler).startWorkers.gowrap2()
      /Users/z/work/lux/threshold/pkg/protocol/handler.go:361 +0x44

Goroutine 2178 (running) created at:
  github.com/luxfi/threshold/pkg/protocol.(*Handler).startWorkers()
      /Users/z/work/lux/threshold/pkg/protocol/handler.go:372 +0x4fc
  github.com/luxfi/threshold/pkg/protocol.NewHandler()
      /Users/z/work/lux/threshold/pkg/protocol/handler.go:247 +0xf10
  github.com/luxfi/threshold/internal/test.(*Harness).CreateHandler()
      /Users/z/work/lux/threshold/internal/test/harness.go:91 +0x2e4
  github.com/luxfi/threshold/internal/test.RunProtocol()
      /Users/z/work/lux/threshold/internal/test/harness.go:270 +0x230
  github.com/luxfi/threshold/internal/test.RunMultipleProtocolTests.(*ProtocolTest).Run.func1()
      /Users/z/work/lux/threshold/internal/test/protocol_helpers.go:34 +0xe0
  testing.tRunner()
      /opt/homebrew/Cellar/go/1.24.6/libexec/src/testing/testing.go:1792 +0x180
  testing.(*T).Run.gowrap1()
      /opt/homebrew/Cellar/go/1.24.6/libexec/src/testing/testing.go:1851 +0x40

Goroutine 2174 (running) created at:
  github.com/luxfi/threshold/pkg/protocol.(*Handler).startWorkers()
      /Users/z/work/lux/threshold/pkg/protocol/handler.go:361 +0x334
  github.com/luxfi/threshold/pkg/protocol.NewHandler()
      /Users/z/work/lux/threshold/pkg/protocol/handler.go:247 +0xf10
  github.com/luxfi/threshold/internal/test.(*Harness).CreateHandler()
      /Users/z/work/lux/threshold/internal/test/harness.go:91 +0x2e4
  github.com/luxfi/threshold/internal/test.RunProtocol()
      /Users/z/work/lux/threshold/internal/test/harness.go:270 +0x230
  github.com/luxfi/threshold/internal/test.RunMultipleProtocolTests.(*ProtocolTest).Run.func1()
      /Users/z/work/lux/threshold/internal/test/protocol_helpers.go:34 +0xe0
  testing.tRunner()
      /opt/homebrew/Cellar/go/1.24.6/libexec/src/testing/testing.go:1792 +0x180
  testing.(*T).Run.gowrap1()
      /opt/homebrew/Cellar/go/1.24.6/libexec/src/testing/testing.go:1851 +0x40
==================
2025-08-15T22:12:58.337-0500	DEBUG	protocol/handler.go:596	round already finalized
2025-08-15T22:12:58.346-0500	DEBUG	protocol/handler.go:1591	have processed broadcast	{"{round 20 2  <nil>}": {"Key":"from","Type":15,"Integer":0,"String":"a","Interface":null}}
2025-08-15T22:12:58.346-0500	DEBUG	protocol/handler.go:581	tryAdvanceRound called	{"{current_round 20 1  <nil>}": {"Key":"self","Type":15,"Integer":0,"String":"d","Interface":null}}
2025-08-15T22:12:58.346-0500	DEBUG	protocol/handler.go:1600	waiting for broadcasts	{"{round 20 2  <nil>}": {"Key":"missing","Type":15,"Integer":0,"String":"[b c d f g]","Interface":null}}
2025-08-15T22:12:58.346-0500	DEBUG	protocol/handler.go:581	tryAdvanceRound called	{"{current_round 20 2  <nil>}": {"Key":"self","Type":15,"Integer":0,"String":"e","Interface":null}}
2025-08-15T22:12:58.346-0500	DEBUG	protocol/handler.go:1039	sendRoundMessage	{"{from 15 0 d <nil>}": {"Key":"to","Type":15,"Integer":0,"String":"","Interface":null}, "{round 20 2  <nil>}": {"Key":"broadcast","Type":4,"Integer":1,"String":"","Interface":null}}
2025-08-15T22:12:58.346-0500	DEBUG	protocol/handler.go:1649	have all messages and processed	{"{round 20 1  <nil>}": {"Key":"self","Type":15,"Integer":0,"String":"d","Interface":null}}
2025-08-15T22:12:58.347-0500	DEBUG	protocol/handler.go:1591	have processed broadcast	{"{round 20 2  <nil>}": {"Key":"from","Type":15,"Integer":0,"String":"a","Interface":null}}
2025-08-15T22:12:58.347-0500	DEBUG	protocol/handler.go:596	round already finalized
2025-08-15T22:12:58.347-0500	DEBUG	protocol/handler.go:1600	waiting for broadcasts	{"{round 20 2  <nil>}": {"Key":"missing","Type":15,"Integer":0,"String":"[b c d f g]","Interface":null}}
2025-08-15T22:12:58.347-0500	DEBUG	protocol/handler.go:581	tryAdvanceRound called	{"{current_round 20 2  <nil>}": {"Key":"self","Type":15,"Integer":0,"String":"e","Interface":null}}
2025-08-15T22:12:58.347-0500	DEBUG	protocol/handler.go:1591	have processed broadcast	{"{round 20 2  <nil>}": {"Key":"from","Type":15,"Integer":0,"String":"a","Interface":null}}
2025-08-15T22:12:58.347-0500	DEBUG	protocol/handler.go:1600	waiting for broadcasts	{"{round 20 2  <nil>}": {"Key":"missing","Type":15,"Integer":0,"String":"[b c d f g]","Interface":null}}
2025-08-15T22:12:58.347-0500	DEBUG	protocol/handler.go:581	tryAdvanceRound called	{"{current_round 20 1  <nil>}": {"Key":"self","Type":15,"Integer":0,"String":"f","Interface":null}}
2025-08-15T22:12:58.347-0500	DEBUG	protocol/handler.go:1649	have all messages and processed	{"{round 20 1  <nil>}": {"Key":"self","Type":15,"Integer":0,"String":"f","Interface":null}}
2025-08-15T22:12:58.347-0500	DEBUG	protocol/handler.go:596	round already finalized
2025-08-15T22:12:58.348-0500	DEBUG	protocol/handler.go:1657	storing broadcast	{"{round 20 2  <nil>}": {"Key":"from","Type":15,"Integer":0,"String":"d","Interface":null}}
2025-08-15T22:12:58.348-0500	DEBUG	protocol/handler.go:437	processing message	{"{from 15 0 d <nil>}": {"Key":"to","Type":15,"Integer":0,"String":"","Interface":null}, "{round 20 2  <nil>}": {"Key":"broadcast","Type":4,"Integer":1,"String":"","Interface":null}}
2025-08-15T22:12:58.348-0500	DEBUG	protocol/handler.go:1657	storing broadcast	{"{round 20 2  <nil>}": {"Key":"from","Type":15,"Integer":0,"String":"d","Interface":null}}
2025-08-15T22:12:58.348-0500	DEBUG	protocol/handler.go:437	processing message	{"{from 15 0 d <nil>}": {"Key":"to","Type":15,"Integer":0,"String":"","Interface":null}, "{round 20 2  <nil>}": {"Key":"broadcast","Type":4,"Integer":1,"String":"","Interface":null}}
2025-08-15T22:12:58.348-0500	DEBUG	protocol/handler.go:1081	sent message to output channel	{"{from 15 0 d <nil>}": {"Key":"to","Type":15,"Integer":0,"String":"","Interface":null}, "{round 20 2  <nil>}": {"Key":"broadcast","Type":4,"Integer":1,"String":"","Interface":null}}
2025-08-15T22:12:58.348-0500	DEBUG	protocol/handler.go:1657	storing broadcast	{"{round 20 2  <nil>}": {"Key":"from","Type":15,"Integer":0,"String":"d","Interface":null}}
2025-08-15T22:12:58.348-0500	DEBUG	protocol/handler.go:1182	finalized round messages	{"{round 20 1  <nil>}": {"Key":"messages","Type":11,"Integer":1,"String":"","Interface":null}}
2025-08-15T22:12:58.349-0500	DEBUG	protocol/handler.go:1239	finalize returned next round	{"{current 20 1  <nil>}": {"Key":"next","Type":20,"Integer":2,"String":"","Interface":null}}
2025-08-15T22:12:58.349-0500	INFO	protocol/handler.go:642	storing new currentRound	{"{from 20 1  <nil>}": {"Key":"to","Type":20,"Integer":2,"String":"","Interface":null}}
2025-08-15T22:12:58.350-0500	DEBUG	protocol/handler.go:1503	processing queued messages
2025-08-15T22:12:58.354-0500	DEBUG	protocol/handler.go:1591	have processed broadcast	{"{round 20 2  <nil>}": {"Key":"from","Type":15,"Integer":0,"String":"a","Interface":null}}
2025-08-15T22:12:58.354-0500	DEBUG	protocol/handler.go:1591	have processed broadcast	{"{round 20 2  <nil>}": {"Key":"from","Type":15,"Integer":0,"String":"b","Interface":null}}
2025-08-15T22:12:58.355-0500	DEBUG	protocol/handler.go:1591	have processed broadcast	{"{round 20 2  <nil>}": {"Key":"from","Type":15,"Integer":0,"String":"c","Interface":null}}
2025-08-15T22:12:58.355-0500	DEBUG	protocol/handler.go:1591	have processed broadcast	{"{round 20 2  <nil>}": {"Key":"from","Type":15,"Integer":0,"String":"e","Interface":null}}
2025-08-15T22:12:58.355-0500	DEBUG	protocol/handler.go:1600	waiting for broadcasts	{"{round 20 2  <nil>}": {"Key":"missing","Type":15,"Integer":0,"String":"[f]","Interface":null}}
2025-08-15T22:12:58.355-0500	DEBUG	protocol/handler.go:581	tryAdvanceRound called	{"{current_round 20 2  <nil>}": {"Key":"self","Type":15,"Integer":0,"String":"g","Interface":null}}
2025-08-15T22:12:58.356-0500	INFO	protocol/handler.go:560	advanced to round
2025-08-15T22:12:58.356-0500	DEBUG	protocol/handler.go:581	tryAdvanceRound called	{"{current_round 20 2  <nil>}": {"Key":"self","Type":15,"Integer":0,"String":"d","Interface":null}}
2025-08-15T22:12:58.357-0500	DEBUG	protocol/handler.go:581	tryAdvanceRound called	{"{current_round 20 2  <nil>}": {"Key":"self","Type":15,"Integer":0,"String":"e","Interface":null}}
2025-08-15T22:12:58.357-0500	DEBUG	protocol/handler.go:1591	have processed broadcast	{"{round 20 2  <nil>}": {"Key":"from","Type":15,"Integer":0,"String":"a","Interface":null}}
2025-08-15T22:12:58.357-0500	DEBUG	protocol/handler.go:581	tryAdvanceRound called	{"{current_round 20 2  <nil>}": {"Key":"self","Type":15,"Integer":0,"String":"b","Interface":null}}
2025-08-15T22:12:58.358-0500	DEBUG	protocol/handler.go:1600	waiting for broadcasts	{"{round 20 2  <nil>}": {"Key":"missing","Type":15,"Integer":0,"String":"[b c d f g]","Interface":null}}
2025-08-15T22:12:58.358-0500	DEBUG	protocol/handler.go:581	tryAdvanceRound called	{"{current_round 20 1  <nil>}": {"Key":"self","Type":15,"Integer":0,"String":"f","Interface":null}}
2025-08-15T22:12:58.365-0500	DEBUG	protocol/handler.go:1591	have processed broadcast	{"{round 20 2  <nil>}": {"Key":"from","Type":15,"Integer":0,"String":"a","Interface":null}}
2025-08-15T22:12:58.365-0500	DEBUG	protocol/handler.go:1600	waiting for broadcasts	{"{round 20 2  <nil>}": {"Key":"missing","Type":15,"Integer":0,"String":"[b c e f g]","Interface":null}}
2025-08-15T22:12:58.367-0500	DEBUG	protocol/handler.go:581	tryAdvanceRound called	{"{current_round 20 2  <nil>}": {"Key":"self","Type":15,"Integer":0,"String":"e","Interface":null}}
2025-08-15T22:12:58.367-0500	DEBUG	protocol/handler.go:581	tryAdvanceRound called	{"{current_round 20 2  <nil>}": {"Key":"self","Type":15,"Integer":0,"String":"d","Interface":null}}
2025-08-15T22:12:58.367-0500	DEBUG	protocol/handler.go:1591	have processed broadcast	{"{round 20 2  <nil>}": {"Key":"from","Type":15,"Integer":0,"String":"a","Interface":null}}
2025-08-15T22:12:58.367-0500	DEBUG	protocol/handler.go:1600	waiting for broadcasts	{"{round 20 2  <nil>}": {"Key":"missing","Type":15,"Integer":0,"String":"[b c d f g]","Interface":null}}
2025-08-15T22:12:58.367-0500	DEBUG	protocol/handler.go:1591	have processed broadcast	{"{round 20 2  <nil>}": {"Key":"from","Type":15,"Integer":0,"String":"a","Interface":null}}
2025-08-15T22:12:58.373-0500	DEBUG	protocol/handler.go:581	tryAdvanceRound called	{"{current_round 20 2  <nil>}": {"Key":"self","Type":15,"Integer":0,"String":"a","Interface":null}}
2025-08-15T22:12:58.375-0500	DEBUG	protocol/handler.go:1591	have processed broadcast	{"{round 20 2  <nil>}": {"Key":"from","Type":15,"Integer":0,"String":"b","Interface":null}}
2025-08-15T22:12:58.377-0500	DEBUG	protocol/handler.go:1591	have processed broadcast	{"{round 20 2  <nil>}": {"Key":"from","Type":15,"Integer":0,"String":"a","Interface":null}}
2025-08-15T22:12:58.375-0500	DEBUG	protocol/handler.go:1600	waiting for broadcasts	{"{round 20 2  <nil>}": {"Key":"missing","Type":15,"Integer":0,"String":"[c d e f g]","Interface":null}}
2025-08-15T22:12:58.378-0500	DEBUG	protocol/handler.go:581	tryAdvanceRound called	{"{current_round 20 2  <nil>}": {"Key":"self","Type":15,"Integer":0,"String":"a","Interface":null}}
2025-08-15T22:12:58.378-0500	DEBUG	protocol/handler.go:1591	have processed broadcast	{"{round 20 2  <nil>}": {"Key":"from","Type":15,"Integer":0,"String":"b","Interface":null}}
2025-08-15T22:12:58.378-0500	DEBUG	protocol/handler.go:1600	waiting for broadcasts	{"{round 20 2  <nil>}": {"Key":"missing","Type":15,"Integer":0,"String":"[c d e f g]","Interface":null}}
2025-08-15T22:12:58.377-0500	DEBUG	protocol/handler.go:1591	have processed broadcast	{"{round 20 2  <nil>}": {"Key":"from","Type":15,"Integer":0,"String":"b","Interface":null}}
2025-08-15T22:12:58.378-0500	DEBUG	protocol/handler.go:1591	have processed broadcast	{"{round 20 2  <nil>}": {"Key":"from","Type":15,"Integer":0,"String":"c","Interface":null}}
2025-08-15T22:12:58.378-0500	DEBUG	protocol/handler.go:1591	have processed broadcast	{"{round 20 2  <nil>}": {"Key":"from","Type":15,"Integer":0,"String":"e","Interface":null}}
2025-08-15T22:12:58.380-0500	INFO	protocol/handler.go:560	advanced to round
2025-08-15T22:12:58.380-0500	DEBUG	protocol/handler.go:581	tryAdvanceRound called	{"{current_round 20 2  <nil>}": {"Key":"self","Type":15,"Integer":0,"String":"c","Interface":null}}
2025-08-15T22:12:58.380-0500	DEBUG	protocol/handler.go:1591	have processed broadcast	{"{round 20 2  <nil>}": {"Key":"from","Type":15,"Integer":0,"String":"a","Interface":null}}
2025-08-15T22:12:58.380-0500	DEBUG	protocol/handler.go:1591	have processed broadcast	{"{round 20 2  <nil>}": {"Key":"from","Type":15,"Integer":0,"String":"d","Interface":null}}
2025-08-15T22:12:58.380-0500	DEBUG	protocol/handler.go:1600	waiting for broadcasts	{"{round 20 2  <nil>}": {"Key":"missing","Type":15,"Integer":0,"String":"[e f g]","Interface":null}}
2025-08-15T22:12:58.380-0500	DEBUG	protocol/handler.go:581	tryAdvanceRound called	{"{current_round 20 2  <nil>}": {"Key":"self","Type":15,"Integer":0,"String":"b","Interface":null}}
2025-08-15T22:12:58.381-0500	DEBUG	protocol/handler.go:1039	sendRoundMessage	{"{from 15 0 f <nil>}": {"Key":"to","Type":15,"Integer":0,"String":"","Interface":null}, "{round 20 2  <nil>}": {"Key":"broadcast","Type":4,"Integer":1,"String":"","Interface":null}}
2025-08-15T22:12:58.382-0500	DEBUG	protocol/handler.go:1503	processing queued messages
2025-08-15T22:12:58.379-0500	DEBUG	protocol/handler.go:1600	waiting for broadcasts	{"{round 20 2  <nil>}": {"Key":"missing","Type":15,"Integer":0,"String":"[f]","Interface":null}}
2025-08-15T22:12:58.382-0500	DEBUG	protocol/handler.go:437	processing message	{"{from 15 0 c <nil>}": {"Key":"to","Type":15,"Integer":0,"String":"","Interface":null}, "{round 20 2  <nil>}": {"Key":"broadcast","Type":4,"Integer":1,"String":"","Interface":null}}
2025-08-15T22:12:58.383-0500	DEBUG	protocol/handler.go:437	processing message	{"{from 15 0 d <nil>}": {"Key":"to","Type":15,"Integer":0,"String":"","Interface":null}, "{round 20 2  <nil>}": {"Key":"broadcast","Type":4,"Integer":1,"String":"","Interface":null}}
2025-08-15T22:12:58.384-0500	DEBUG	protocol/handler.go:1657	storing broadcast	{"{round 20 2  <nil>}": {"Key":"from","Type":15,"Integer":0,"String":"c","Interface":null}}
2025-08-15T22:12:58.384-0500	DEBUG	protocol/handler.go:1657	storing broadcast	{"{round 20 2  <nil>}": {"Key":"from","Type":15,"Integer":0,"String":"d","Interface":null}}
2025-08-15T22:12:58.384-0500	DEBUG	protocol/handler.go:437	processing message	{"{from 15 0 d <nil>}": {"Key":"to","Type":15,"Integer":0,"String":"","Interface":null}, "{round 20 2  <nil>}": {"Key":"broadcast","Type":4,"Integer":1,"String":"","Interface":null}}
2025-08-15T22:12:58.382-0500	DEBUG	protocol/handler.go:1503	processing queued messages
2025-08-15T22:12:58.382-0500	DEBUG	protocol/handler.go:581	tryAdvanceRound called	{"{current_round 20 2  <nil>}": {"Key":"self","Type":15,"Integer":0,"String":"g","Interface":null}}
2025-08-15T22:12:58.382-0500	DEBUG	protocol/handler.go:437	processing message	{"{from 15 0 c <nil>}": {"Key":"to","Type":15,"Integer":0,"String":"","Interface":null}, "{round 20 2  <nil>}": {"Key":"broadcast","Type":4,"Integer":1,"String":"","Interface":null}}
2025-08-15T22:12:58.382-0500	DEBUG	protocol/handler.go:437	processing message	{"{from 15 0 b <nil>}": {"Key":"to","Type":15,"Integer":0,"String":"","Interface":null}, "{round 20 2  <nil>}": {"Key":"broadcast","Type":4,"Integer":1,"String":"","Interface":null}}
2025-08-15T22:12:58.382-0500	DEBUG	protocol/handler.go:1657	storing broadcast	{"{round 20 2  <nil>}": {"Key":"from","Type":15,"Integer":0,"String":"f","Interface":null}}
2025-08-15T22:12:58.383-0500	DEBUG	protocol/handler.go:437	processing message	{"{from 15 0 b <nil>}": {"Key":"to","Type":15,"Integer":0,"String":"","Interface":null}, "{round 20 2  <nil>}": {"Key":"broadcast","Type":4,"Integer":1,"String":"","Interface":null}}
2025-08-15T22:12:58.383-0500	DEBUG	protocol/handler.go:437	processing message	{"{from 15 0 b <nil>}": {"Key":"to","Type":15,"Integer":0,"String":"","Interface":null}, "{round 20 2  <nil>}": {"Key":"broadcast","Type":4,"Integer":1,"String":"","Interface":null}}
2025-08-15T22:12:58.383-0500	DEBUG	protocol/handler.go:954	round already being initialized/finalized, skipping
2025-08-15T22:12:58.383-0500	DEBUG	protocol/handler.go:437	processing message	{"{from 15 0 b <nil>}": {"Key":"to","Type":15,"Integer":0,"String":"","Interface":null}, "{round 20 2  <nil>}": {"Key":"broadcast","Type":4,"Integer":1,"String":"","Interface":null}}
2025-08-15T22:12:58.383-0500	DEBUG	protocol/handler.go:1503	processing queued messages
2025-08-15T22:12:58.383-0500	DEBUG	protocol/handler.go:437	processing message	{"{from 15 0 c <nil>}": {"Key":"to","Type":15,"Integer":0,"String":"","Interface":null}, "{round 20 2  <nil>}": {"Key":"broadcast","Type":4,"Integer":1,"String":"","Interface":null}}
2025-08-15T22:12:58.383-0500	DEBUG	protocol/handler.go:437	processing message	{"{from 15 0 g <nil>}": {"Key":"to","Type":15,"Integer":0,"String":"","Interface":null}, "{round 20 2  <nil>}": {"Key":"broadcast","Type":4,"Integer":1,"String":"","Interface":null}}
2025-08-15T22:12:58.383-0500	DEBUG	protocol/handler.go:437	processing message	{"{from 15 0 g <nil>}": {"Key":"to","Type":15,"Integer":0,"String":"","Interface":null}, "{round 20 2  <nil>}": {"Key":"broadcast","Type":4,"Integer":1,"String":"","Interface":null}}
2025-08-15T22:12:58.383-0500	DEBUG	protocol/handler.go:437	processing message	{"{from 15 0 g <nil>}": {"Key":"to","Type":15,"Integer":0,"String":"","Interface":null}, "{round 20 2  <nil>}": {"Key":"broadcast","Type":4,"Integer":1,"String":"","Interface":null}}
2025-08-15T22:12:58.383-0500	DEBUG	protocol/handler.go:954	round already being initialized/finalized, skipping
2025-08-15T22:12:58.383-0500	DEBUG	protocol/handler.go:954	round already being initialized/finalized, skipping
2025-08-15T22:12:58.383-0500	DEBUG	protocol/handler.go:954	round already being initialized/finalized, skipping
2025-08-15T22:12:58.383-0500	DEBUG	protocol/handler.go:954	round already being initialized/finalized, skipping
2025-08-15T22:12:58.383-0500	DEBUG	protocol/handler.go:437	processing message	{"{from 15 0 g <nil>}": {"Key":"to","Type":15,"Integer":0,"String":"","Interface":null}, "{round 20 2  <nil>}": {"Key":"broadcast","Type":4,"Integer":1,"String":"","Interface":null}}
2025-08-15T22:12:58.383-0500	DEBUG	protocol/handler.go:437	processing message	{"{from 15 0 e <nil>}": {"Key":"to","Type":15,"Integer":0,"String":"","Interface":null}, "{round 20 2  <nil>}": {"Key":"broadcast","Type":4,"Integer":1,"String":"","Interface":null}}
2025-08-15T22:12:58.383-0500	DEBUG	protocol/handler.go:437	processing message	{"{from 15 0 c <nil>}": {"Key":"to","Type":15,"Integer":0,"String":"","Interface":null}, "{round 20 2  <nil>}": {"Key":"broadcast","Type":4,"Integer":1,"String":"","Interface":null}}
2025-08-15T22:12:58.383-0500	DEBUG	protocol/handler.go:437	processing message	{"{from 15 0 e <nil>}": {"Key":"to","Type":15,"Integer":0,"String":"","Interface":null}, "{round 20 2  <nil>}": {"Key":"broadcast","Type":4,"Integer":1,"String":"","Interface":null}}
2025-08-15T22:12:58.383-0500	DEBUG	protocol/handler.go:437	processing message	{"{from 15 0 e <nil>}": {"Key":"to","Type":15,"Integer":0,"String":"","Interface":null}, "{round 20 2  <nil>}": {"Key":"broadcast","Type":4,"Integer":1,"String":"","Interface":null}}
2025-08-15T22:12:58.383-0500	DEBUG	protocol/handler.go:437	processing message	{"{from 15 0 e <nil>}": {"Key":"to","Type":15,"Integer":0,"String":"","Interface":null}, "{round 20 2  <nil>}": {"Key":"broadcast","Type":4,"Integer":1,"String":"","Interface":null}}
2025-08-15T22:12:58.383-0500	DEBUG	protocol/handler.go:437	processing message	{"{from 15 0 g <nil>}": {"Key":"to","Type":15,"Integer":0,"String":"","Interface":null}, "{round 20 2  <nil>}": {"Key":"broadcast","Type":4,"Integer":1,"String":"","Interface":null}}
2025-08-15T22:12:58.383-0500	DEBUG	protocol/handler.go:1591	have processed broadcast	{"{round 20 2  <nil>}": {"Key":"from","Type":15,"Integer":0,"String":"a","Interface":null}}
2025-08-15T22:12:58.383-0500	DEBUG	protocol/handler.go:1503	processing queued messages
2025-08-15T22:12:58.384-0500	DEBUG	protocol/handler.go:437	processing message	{"{from 15 0 d <nil>}": {"Key":"to","Type":15,"Integer":0,"String":"","Interface":null}, "{round 20 2  <nil>}": {"Key":"broadcast","Type":4,"Integer":1,"String":"","Interface":null}}
2025-08-15T22:12:58.384-0500	DEBUG	protocol/handler.go:1657	storing broadcast	{"{round 20 2  <nil>}": {"Key":"from","Type":15,"Integer":0,"String":"d","Interface":null}}
2025-08-15T22:12:58.384-0500	DEBUG	protocol/handler.go:1503	processing queued messages
2025-08-15T22:12:58.384-0500	DEBUG	protocol/handler.go:1591	have processed broadcast	{"{round 20 2  <nil>}": {"Key":"from","Type":15,"Integer":0,"String":"a","Interface":null}}
2025-08-15T22:12:58.385-0500	DEBUG	protocol/handler.go:581	tryAdvanceRound called	{"{current_round 20 2  <nil>}": {"Key":"self","Type":15,"Integer":0,"String":"b","Interface":null}}
2025-08-15T22:12:58.385-0500	DEBUG	protocol/handler.go:1081	sent message to output channel	{"{from 15 0 f <nil>}": {"Key":"to","Type":15,"Integer":0,"String":"","Interface":null}, "{round 20 2  <nil>}": {"Key":"broadcast","Type":4,"Integer":1,"String":"","Interface":null}}
2025-08-15T22:12:58.385-0500	DEBUG	protocol/handler.go:1657	storing broadcast	{"{round 20 2  <nil>}": {"Key":"from","Type":15,"Integer":0,"String":"b","Interface":null}}
2025-08-15T22:12:58.385-0500	DEBUG	protocol/handler.go:1657	storing broadcast	{"{round 20 2  <nil>}": {"Key":"from","Type":15,"Integer":0,"String":"c","Interface":null}}
2025-08-15T22:12:58.385-0500	DEBUG	protocol/handler.go:1657	storing broadcast	{"{round 20 2  <nil>}": {"Key":"from","Type":15,"Integer":0,"String":"b","Interface":null}}
2025-08-15T22:12:58.385-0500	DEBUG	protocol/handler.go:1657	storing broadcast	{"{round 20 2  <nil>}": {"Key":"from","Type":15,"Integer":0,"String":"b","Interface":null}}
2025-08-15T22:12:58.385-0500	DEBUG	protocol/handler.go:437	processing message	{"{from 15 0 f <nil>}": {"Key":"to","Type":15,"Integer":0,"String":"","Interface":null}, "{round 20 2  <nil>}": {"Key":"broadcast","Type":4,"Integer":1,"String":"","Interface":null}}
2025-08-15T22:12:58.385-0500	DEBUG	protocol/handler.go:1657	storing broadcast	{"{round 20 2  <nil>}": {"Key":"from","Type":15,"Integer":0,"String":"b","Interface":null}}
2025-08-15T22:12:58.385-0500	DEBUG	protocol/handler.go:1657	storing broadcast	{"{round 20 2  <nil>}": {"Key":"from","Type":15,"Integer":0,"String":"g","Interface":null}}
2025-08-15T22:12:58.385-0500	DEBUG	protocol/handler.go:1657	storing broadcast	{"{round 20 2  <nil>}": {"Key":"from","Type":15,"Integer":0,"String":"g","Interface":null}}
2025-08-15T22:12:58.385-0500	DEBUG	protocol/handler.go:1657	storing broadcast	{"{round 20 2  <nil>}": {"Key":"from","Type":15,"Integer":0,"String":"g","Interface":null}}
2025-08-15T22:12:58.385-0500	DEBUG	protocol/handler.go:1657	storing broadcast	{"{round 20 2  <nil>}": {"Key":"from","Type":15,"Integer":0,"String":"c","Interface":null}}
2025-08-15T22:12:58.385-0500	DEBUG	protocol/handler.go:1657	storing broadcast	{"{round 20 2  <nil>}": {"Key":"from","Type":15,"Integer":0,"String":"g","Interface":null}}
2025-08-15T22:12:58.385-0500	DEBUG	protocol/handler.go:1657	storing broadcast	{"{round 20 2  <nil>}": {"Key":"from","Type":15,"Integer":0,"String":"e","Interface":null}}
2025-08-15T22:12:58.385-0500	DEBUG	protocol/handler.go:1657	storing broadcast	{"{round 20 2  <nil>}": {"Key":"from","Type":15,"Integer":0,"String":"c","Interface":null}}
2025-08-15T22:12:58.385-0500	DEBUG	protocol/handler.go:1657	storing broadcast	{"{round 20 2  <nil>}": {"Key":"from","Type":15,"Integer":0,"String":"e","Interface":null}}
2025-08-15T22:12:58.386-0500	DEBUG	protocol/handler.go:1657	storing broadcast	{"{round 20 2  <nil>}": {"Key":"from","Type":15,"Integer":0,"String":"e","Interface":null}}
==================
WARNING: DATA RACE
Write at 0x00c000a068dc by goroutine 2090:
  ??()
      -:0 +0x104ada650
  sync/atomic.CompareAndSwapInt32()
      <autogenerated>:1 +0x18
  sync.(*Mutex).Lock()
      /opt/homebrew/Cellar/go/1.24.6/libexec/src/sync/mutex.go:46 +0x2c
  github.com/luxfi/threshold/protocols/frost/keygen.(*round2).StoreBroadcastMessage()
      /Users/z/work/lux/threshold/protocols/frost/keygen/round2.go:57 +0x58
  github.com/luxfi/threshold/pkg/protocol.(*Handler).verifyBroadcast()
      /Users/z/work/lux/threshold/pkg/protocol/handler.go:1392 +0x648
  github.com/luxfi/threshold/pkg/protocol.(*Handler).processMessage()
      /Users/z/work/lux/threshold/pkg/protocol/handler.go:480 +0xb9c
  github.com/luxfi/threshold/pkg/protocol.(*Handler).messageWorker()
      /Users/z/work/lux/threshold/pkg/protocol/handler.go:408 +0x338
  github.com/luxfi/threshold/pkg/protocol.(*Handler).startWorkers.gowrap2()
      /Users/z/work/lux/threshold/pkg/protocol/handler.go:361 +0x44

Previous read at 0x00c000a068d8 by goroutine 2092:
  github.com/luxfi/threshold/protocols/frost/keygen.(*round2).Number()
      <autogenerated>:1 +0x38
  github.com/luxfi/threshold/pkg/protocol.(*Handler).hasAllMessages()
      /Users/z/work/lux/threshold/pkg/protocol/handler.go:1570 +0x40
  github.com/luxfi/threshold/pkg/protocol.(*Handler).tryAdvanceRound()
      /Users/z/work/lux/threshold/pkg/protocol/handler.go:589 +0x29c
  github.com/luxfi/threshold/pkg/protocol.(*Handler).processMessage()
      /Users/z/work/lux/threshold/pkg/protocol/handler.go:486 +0xbb0
  github.com/luxfi/threshold/pkg/protocol.(*Handler).messageWorker()
      /Users/z/work/lux/threshold/pkg/protocol/handler.go:408 +0x338
  github.com/luxfi/threshold/pkg/protocol.(*Handler).startWorkers.gowrap2()
      /Users/z/work/lux/threshold/pkg/protocol/handler.go:361 +0x44

Goroutine 2090 (running) created at:
  github.com/luxfi/threshold/pkg/protocol.(*Handler).startWorkers()
      /Users/z/work/lux/threshold/pkg/protocol/handler.go:361 +0x334
  github.com/luxfi/threshold/pkg/protocol.NewHandler()
      /Users/z/work/lux/threshold/pkg/protocol/handler.go:247 +0xf10
  github.com/luxfi/threshold/internal/test.(*Harness).CreateHandler()
      /Users/z/work/lux/threshold/internal/test/harness.go:91 +0x2e4
  github.com/luxfi/threshold/internal/test.RunProtocol()
      /Users/z/work/lux/threshold/internal/test/harness.go:270 +0x230
  github.com/luxfi/threshold/internal/test.RunMultipleProtocolTests.(*ProtocolTest).Run.func1()
      /Users/z/work/lux/threshold/internal/test/protocol_helpers.go:34 +0xe0
  testing.tRunner()
      /opt/homebrew/Cellar/go/1.24.6/libexec/src/testing/testing.go:1792 +0x180
  testing.(*T).Run.gowrap1()
      /opt/homebrew/Cellar/go/1.24.6/libexec/src/testing/testing.go:1851 +0x40

Goroutine 2092 (running) created at:
  github.com/luxfi/threshold/pkg/protocol.(*Handler).startWorkers()
      /Users/z/work/lux/threshold/pkg/protocol/handler.go:361 +0x334
  github.com/luxfi/threshold/pkg/protocol.NewHandler()
      /Users/z/work/lux/threshold/pkg/protocol/handler.go:247 +0xf10
  github.com/luxfi/threshold/internal/test.(*Harness).CreateHandler()
      /Users/z/work/lux/threshold/internal/test/harness.go:91 +0x2e4
  github.com/luxfi/threshold/internal/test.RunProtocol()
      /Users/z/work/lux/threshold/internal/test/harness.go:270 +0x230
  github.com/luxfi/threshold/internal/test.RunMultipleProtocolTests.(*ProtocolTest).Run.func1()
      /Users/z/work/lux/threshold/internal/test/protocol_helpers.go:34 +0xe0
  testing.tRunner()
      /opt/homebrew/Cellar/go/1.24.6/libexec/src/testing/testing.go:1792 +0x180
  testing.(*T).Run.gowrap1()
      /opt/homebrew/Cellar/go/1.24.6/libexec/src/testing/testing.go:1851 +0x40
==================
2025-08-15T22:12:58.386-0500	DEBUG	protocol/handler.go:1657	storing broadcast	{"{round 20 2  <nil>}": {"Key":"from","Type":15,"Integer":0,"String":"e","Interface":null}}
2025-08-15T22:12:58.386-0500	DEBUG	protocol/handler.go:1657	storing broadcast	{"{round 20 2  <nil>}": {"Key":"from","Type":15,"Integer":0,"String":"g","Interface":null}}
2025-08-15T22:12:58.386-0500	DEBUG	protocol/handler.go:1591	have processed broadcast	{"{round 20 2  <nil>}": {"Key":"from","Type":15,"Integer":0,"String":"b","Interface":null}}
2025-08-15T22:12:58.387-0500	DEBUG	protocol/handler.go:1591	have processed broadcast	{"{round 20 2  <nil>}": {"Key":"from","Type":15,"Integer":0,"String":"a","Interface":null}}
==================
WARNING: DATA RACE
Write at 0x00c00022a8dc by goroutine 2147:
  ??()
      -:0 +0x104ada650
  sync/atomic.CompareAndSwapInt32()
      <autogenerated>:1 +0x18
  sync.(*Mutex).Lock()
      /opt/homebrew/Cellar/go/1.24.6/libexec/src/sync/mutex.go:46 +0x2c
  github.com/luxfi/threshold/protocols/frost/keygen.(*round2).StoreBroadcastMessage()
      /Users/z/work/lux/threshold/protocols/frost/keygen/round2.go:57 +0x58
  github.com/luxfi/threshold/pkg/protocol.(*Handler).verifyBroadcast()
      /Users/z/work/lux/threshold/pkg/protocol/handler.go:1392 +0x648
  github.com/luxfi/threshold/pkg/protocol.(*Handler).processMessage()
      /Users/z/work/lux/threshold/pkg/protocol/handler.go:480 +0xb9c
  github.com/luxfi/threshold/pkg/protocol.(*Handler).messageWorker()
      /Users/z/work/lux/threshold/pkg/protocol/handler.go:408 +0x338
  github.com/luxfi/threshold/pkg/protocol.(*Handler).startWorkers.gowrap2()
      /Users/z/work/lux/threshold/pkg/protocol/handler.go:361 +0x44

Previous read at 0x00c00022a8d8 by goroutine 2146:
  github.com/luxfi/threshold/protocols/frost/keygen.(*round2).Number()
      <autogenerated>:1 +0x38
  github.com/luxfi/threshold/pkg/protocol.(*Handler).tryAdvanceRound()
      /Users/z/work/lux/threshold/pkg/protocol/handler.go:582 +0x70
  github.com/luxfi/threshold/pkg/protocol.(*Handler).processMessage()
      /Users/z/work/lux/threshold/pkg/protocol/handler.go:486 +0xbb0
  github.com/luxfi/threshold/pkg/protocol.(*Handler).messageWorker()
      /Users/z/work/lux/threshold/pkg/protocol/handler.go:408 +0x338
  github.com/luxfi/threshold/pkg/protocol.(*Handler).startWorkers.gowrap2()
      /Users/z/work/lux/threshold/pkg/protocol/handler.go:361 +0x44

Goroutine 2147 (running) created at:
  github.com/luxfi/threshold/pkg/protocol.(*Handler).startWorkers()
      /Users/z/work/lux/threshold/pkg/protocol/handler.go:361 +0x334
  github.com/luxfi/threshold/pkg/protocol.NewHandler()
      /Users/z/work/lux/threshold/pkg/protocol/handler.go:247 +0xf10
  github.com/luxfi/threshold/internal/test.(*Harness).CreateHandler()
      /Users/z/work/lux/threshold/internal/test/harness.go:91 +0x2e4
  github.com/luxfi/threshold/internal/test.RunProtocol()
      /Users/z/work/lux/threshold/internal/test/harness.go:270 +0x230
  github.com/luxfi/threshold/internal/test.RunMultipleProtocolTests.(*ProtocolTest).Run.func1()
      /Users/z/work/lux/threshold/internal/test/protocol_helpers.go:34 +0xe0
  testing.tRunner()
      /opt/homebrew/Cellar/go/1.24.6/libexec/src/testing/testing.go:1792 +0x180
  testing.(*T).Run.gowrap1()
      /opt/homebrew/Cellar/go/1.24.6/libexec/src/testing/testing.go:1851 +0x40

Goroutine 2146 (running) created at:
  github.com/luxfi/threshold/pkg/protocol.(*Handler).startWorkers()
      /Users/z/work/lux/threshold/pkg/protocol/handler.go:361 +0x334
  github.com/luxfi/threshold/pkg/protocol.NewHandler()
      /Users/z/work/lux/threshold/pkg/protocol/handler.go:247 +0xf10
  github.com/luxfi/threshold/internal/test.(*Harness).CreateHandler()
      /Users/z/work/lux/threshold/internal/test/harness.go:91 +0x2e4
  github.com/luxfi/threshold/internal/test.RunProtocol()
      /Users/z/work/lux/threshold/internal/test/harness.go:270 +0x230
  github.com/luxfi/threshold/internal/test.RunMultipleProtocolTests.(*ProtocolTest).Run.func1()
      /Users/z/work/lux/threshold/internal/test/protocol_helpers.go:34 +0xe0
  testing.tRunner()
      /opt/homebrew/Cellar/go/1.24.6/libexec/src/testing/testing.go:1792 +0x180
  testing.(*T).Run.gowrap1()
      /opt/homebrew/Cellar/go/1.24.6/libexec/src/testing/testing.go:1851 +0x40
==================
2025-08-15T22:12:58.387-0500	DEBUG	protocol/handler.go:1657	storing broadcast	{"{round 20 2  <nil>}": {"Key":"from","Type":15,"Integer":0,"String":"d","Interface":null}}
2025-08-15T22:12:58.388-0500	DEBUG	protocol/handler.go:581	tryAdvanceRound called	{"{current_round 20 2  <nil>}": {"Key":"self","Type":15,"Integer":0,"String":"e","Interface":null}}
2025-08-15T22:12:58.388-0500	DEBUG	protocol/handler.go:1591	have processed broadcast	{"{round 20 2  <nil>}": {"Key":"from","Type":15,"Integer":0,"String":"a","Interface":null}}
2025-08-15T22:12:58.388-0500	DEBUG	protocol/handler.go:1182	finalized round messages	{"{round 20 1  <nil>}": {"Key":"messages","Type":11,"Integer":1,"String":"","Interface":null}}
2025-08-15T22:12:58.390-0500	DEBUG	protocol/handler.go:581	tryAdvanceRound called	{"{current_round 20 2  <nil>}": {"Key":"self","Type":15,"Integer":0,"String":"e","Interface":null}}
2025-08-15T22:12:58.390-0500	DEBUG	protocol/handler.go:581	tryAdvanceRound called	{"{current_round 20 2  <nil>}": {"Key":"self","Type":15,"Integer":0,"String":"a","Interface":null}}
2025-08-15T22:12:58.390-0500	DEBUG	protocol/handler.go:1657	storing broadcast	{"{round 20 2  <nil>}": {"Key":"from","Type":15,"Integer":0,"String":"f","Interface":null}}
2025-08-15T22:12:58.391-0500	DEBUG	protocol/handler.go:1591	have processed broadcast	{"{round 20 2  <nil>}": {"Key":"from","Type":15,"Integer":0,"String":"a","Interface":null}}
2025-08-15T22:12:58.394-0500	DEBUG	protocol/handler.go:581	tryAdvanceRound called	{"{current_round 20 2  <nil>}": {"Key":"self","Type":15,"Integer":0,"String":"c","Interface":null}}
2025-08-15T22:12:58.394-0500	DEBUG	protocol/handler.go:1591	have processed broadcast	{"{round 20 2  <nil>}": {"Key":"from","Type":15,"Integer":0,"String":"b","Interface":null}}
2025-08-15T22:12:58.367-0500	DEBUG	protocol/handler.go:1600	waiting for broadcasts	{"{round 20 2  <nil>}": {"Key":"missing","Type":15,"Integer":0,"String":"[b c e f g]","Interface":null}}
2025-08-15T22:12:58.395-0500	DEBUG	protocol/handler.go:581	tryAdvanceRound called	{"{current_round 20 2  <nil>}": {"Key":"self","Type":15,"Integer":0,"String":"d","Interface":null}}
2025-08-15T22:12:58.395-0500	DEBUG	protocol/handler.go:1591	have processed broadcast	{"{round 20 2  <nil>}": {"Key":"from","Type":15,"Integer":0,"String":"a","Interface":null}}
2025-08-15T22:12:58.395-0500	DEBUG	protocol/handler.go:470	message for different round (buffering)	{"{msg_round 20 2  <nil>}": {"Key":"current_round","Type":20,"Integer":1,"String":"","Interface":null}}
2025-08-15T22:12:58.395-0500	DEBUG	protocol/handler.go:470	message for different round (buffering)	{"{msg_round 20 2  <nil>}": {"Key":"current_round","Type":20,"Integer":1,"String":"","Interface":null}}
2025-08-15T22:12:58.394-0500	DEBUG	protocol/handler.go:1649	have all messages and processed	{"{round 20 1  <nil>}": {"Key":"self","Type":15,"Integer":0,"String":"f","Interface":null}}
2025-08-15T22:12:58.401-0500	DEBUG	protocol/handler.go:581	tryAdvanceRound called	{"{current_round 20 2  <nil>}": {"Key":"self","Type":15,"Integer":0,"String":"b","Interface":null}}
2025-08-15T22:12:58.401-0500	DEBUG	protocol/handler.go:581	tryAdvanceRound called	{"{current_round 20 2  <nil>}": {"Key":"self","Type":15,"Integer":0,"String":"a","Interface":null}}
2025-08-15T22:12:58.383-0500	DEBUG	protocol/handler.go:437	processing message	{"{from 15 0 e <nil>}": {"Key":"to","Type":15,"Integer":0,"String":"","Interface":null}, "{round 20 2  <nil>}": {"Key":"broadcast","Type":4,"Integer":1,"String":"","Interface":null}}
2025-08-15T22:12:58.402-0500	DEBUG	protocol/handler.go:581	tryAdvanceRound called	{"{current_round 20 2  <nil>}": {"Key":"self","Type":15,"Integer":0,"String":"e","Interface":null}}
2025-08-15T22:12:58.402-0500	DEBUG	protocol/handler.go:581	tryAdvanceRound called	{"{current_round 20 2  <nil>}": {"Key":"self","Type":15,"Integer":0,"String":"d","Interface":null}}
2025-08-15T22:12:58.402-0500	DEBUG	protocol/handler.go:470	message for different round (buffering)	{"{msg_round 20 2  <nil>}": {"Key":"current_round","Type":20,"Integer":1,"String":"","Interface":null}}
2025-08-15T22:12:58.408-0500	DEBUG	protocol/handler.go:581	tryAdvanceRound called	{"{current_round 20 2  <nil>}": {"Key":"self","Type":15,"Integer":0,"String":"d","Interface":null}}
2025-08-15T22:12:58.408-0500	DEBUG	protocol/handler.go:1591	have processed broadcast	{"{round 20 2  <nil>}": {"Key":"from","Type":15,"Integer":0,"String":"c","Interface":null}}
2025-08-15T22:12:58.409-0500	DEBUG	protocol/handler.go:581	tryAdvanceRound called	{"{current_round 20 2  <nil>}": {"Key":"self","Type":15,"Integer":0,"String":"c","Interface":null}}
2025-08-15T22:12:58.409-0500	DEBUG	protocol/handler.go:1600	waiting for broadcasts	{"{round 20 2  <nil>}": {"Key":"missing","Type":15,"Integer":0,"String":"[b d e f g]","Interface":null}}
2025-08-15T22:12:58.409-0500	DEBUG	protocol/handler.go:1591	have processed broadcast	{"{round 20 2  <nil>}": {"Key":"from","Type":15,"Integer":0,"String":"c","Interface":null}}
2025-08-15T22:12:58.409-0500	DEBUG	protocol/handler.go:581	tryAdvanceRound called	{"{current_round 20 2  <nil>}": {"Key":"self","Type":15,"Integer":0,"String":"b","Interface":null}}
2025-08-15T22:12:58.409-0500	DEBUG	protocol/handler.go:1591	have processed broadcast	{"{round 20 2  <nil>}": {"Key":"from","Type":15,"Integer":0,"String":"a","Interface":null}}
2025-08-15T22:12:58.409-0500	DEBUG	protocol/handler.go:1591	have processed broadcast	{"{round 20 2  <nil>}": {"Key":"from","Type":15,"Integer":0,"String":"a","Interface":null}}
2025-08-15T22:12:58.413-0500	DEBUG	protocol/handler.go:581	tryAdvanceRound called	{"{current_round 20 2  <nil>}": {"Key":"self","Type":15,"Integer":0,"String":"e","Interface":null}}
2025-08-15T22:12:58.413-0500	DEBUG	protocol/handler.go:1239	finalize returned next round	{"{current 20 1  <nil>}": {"Key":"next","Type":20,"Integer":2,"String":"","Interface":null}}
2025-08-15T22:12:58.413-0500	DEBUG	protocol/handler.go:1591	have processed broadcast	{"{round 20 2  <nil>}": {"Key":"from","Type":15,"Integer":0,"String":"c","Interface":null}}
2025-08-15T22:12:58.413-0500	DEBUG	protocol/handler.go:1591	have processed broadcast	{"{round 20 2  <nil>}": {"Key":"from","Type":15,"Integer":0,"String":"c","Interface":null}}
2025-08-15T22:12:58.413-0500	DEBUG	protocol/handler.go:581	tryAdvanceRound called	{"{current_round 20 2  <nil>}": {"Key":"self","Type":15,"Integer":0,"String":"d","Interface":null}}
2025-08-15T22:12:58.415-0500	DEBUG	protocol/handler.go:581	tryAdvanceRound called	{"{current_round 20 2  <nil>}": {"Key":"self","Type":15,"Integer":0,"String":"e","Interface":null}}
2025-08-15T22:12:58.415-0500	DEBUG	protocol/handler.go:1591	have processed broadcast	{"{round 20 2  <nil>}": {"Key":"from","Type":15,"Integer":0,"String":"a","Interface":null}}
2025-08-15T22:12:58.415-0500	DEBUG	protocol/handler.go:581	tryAdvanceRound called	{"{current_round 20 1  <nil>}": {"Key":"self","Type":15,"Integer":0,"String":"f","Interface":null}}
2025-08-15T22:12:58.416-0500	DEBUG	protocol/handler.go:581	tryAdvanceRound called	{"{current_round 20 1  <nil>}": {"Key":"self","Type":15,"Integer":0,"String":"f","Interface":null}}
2025-08-15T22:12:58.416-0500	DEBUG	protocol/handler.go:596	round already finalized
2025-08-15T22:12:58.416-0500	DEBUG	protocol/handler.go:1591	have processed broadcast	{"{round 20 2  <nil>}": {"Key":"from","Type":15,"Integer":0,"String":"a","Interface":null}}
2025-08-15T22:12:58.420-0500	DEBUG	protocol/handler.go:581	tryAdvanceRound called	{"{current_round 20 2  <nil>}": {"Key":"self","Type":15,"Integer":0,"String":"d","Interface":null}}
2025-08-15T22:12:58.420-0500	DEBUG	protocol/handler.go:1591	have processed broadcast	{"{round 20 2  <nil>}": {"Key":"from","Type":15,"Integer":0,"String":"c","Interface":null}}
2025-08-15T22:12:58.420-0500	DEBUG	protocol/handler.go:1591	have processed broadcast	{"{round 20 2  <nil>}": {"Key":"from","Type":15,"Integer":0,"String":"a","Interface":null}}
2025-08-15T22:12:58.421-0500	DEBUG	protocol/handler.go:1591	have processed broadcast	{"{round 20 2  <nil>}": {"Key":"from","Type":15,"Integer":0,"String":"a","Interface":null}}
2025-08-15T22:12:58.421-0500	DEBUG	protocol/handler.go:581	tryAdvanceRound called	{"{current_round 20 1  <nil>}": {"Key":"self","Type":15,"Integer":0,"String":"f","Interface":null}}
2025-08-15T22:12:58.421-0500	DEBUG	protocol/handler.go:1591	have processed broadcast	{"{round 20 2  <nil>}": {"Key":"from","Type":15,"Integer":0,"String":"a","Interface":null}}
2025-08-15T22:12:58.421-0500	DEBUG	protocol/handler.go:1591	have processed broadcast	{"{round 20 2  <nil>}": {"Key":"from","Type":15,"Integer":0,"String":"d","Interface":null}}
2025-08-15T22:12:58.421-0500	DEBUG	protocol/handler.go:1591	have processed broadcast	{"{round 20 2  <nil>}": {"Key":"from","Type":15,"Integer":0,"String":"a","Interface":null}}
2025-08-15T22:12:58.421-0500	DEBUG	protocol/handler.go:581	tryAdvanceRound called	{"{current_round 20 2  <nil>}": {"Key":"self","Type":15,"Integer":0,"String":"c","Interface":null}}
2025-08-15T22:12:58.421-0500	DEBUG	protocol/handler.go:1591	have processed broadcast	{"{round 20 2  <nil>}": {"Key":"from","Type":15,"Integer":0,"String":"d","Interface":null}}
2025-08-15T22:12:58.421-0500	DEBUG	protocol/handler.go:1591	have processed broadcast	{"{round 20 2  <nil>}": {"Key":"from","Type":15,"Integer":0,"String":"a","Interface":null}}
2025-08-15T22:12:58.421-0500	DEBUG	protocol/handler.go:1591	have processed broadcast	{"{round 20 2  <nil>}": {"Key":"from","Type":15,"Integer":0,"String":"b","Interface":null}}
2025-08-15T22:12:58.421-0500	DEBUG	protocol/handler.go:1591	have processed broadcast	{"{round 20 2  <nil>}": {"Key":"from","Type":15,"Integer":0,"String":"b","Interface":null}}
2025-08-15T22:12:58.421-0500	DEBUG	protocol/handler.go:1591	have processed broadcast	{"{round 20 2  <nil>}": {"Key":"from","Type":15,"Integer":0,"String":"a","Interface":null}}
2025-08-15T22:12:58.421-0500	INFO	protocol/handler.go:642	storing new currentRound	{"{from 20 1  <nil>}": {"Key":"to","Type":20,"Integer":2,"String":"","Interface":null}}
2025-08-15T22:12:58.421-0500	DEBUG	protocol/handler.go:1591	have processed broadcast	{"{round 20 2  <nil>}": {"Key":"from","Type":15,"Integer":0,"String":"d","Interface":null}}
2025-08-15T22:12:58.421-0500	DEBUG	protocol/handler.go:1591	have processed broadcast	{"{round 20 2  <nil>}": {"Key":"from","Type":15,"Integer":0,"String":"d","Interface":null}}
2025-08-15T22:12:58.421-0500	DEBUG	protocol/handler.go:1591	have processed broadcast	{"{round 20 2  <nil>}": {"Key":"from","Type":15,"Integer":0,"String":"a","Interface":null}}
2025-08-15T22:12:58.421-0500	DEBUG	protocol/handler.go:1591	have processed broadcast	{"{round 20 2  <nil>}": {"Key":"from","Type":15,"Integer":0,"String":"a","Interface":null}}
2025-08-15T22:12:58.421-0500	DEBUG	protocol/handler.go:1591	have processed broadcast	{"{round 20 2  <nil>}": {"Key":"from","Type":15,"Integer":0,"String":"b","Interface":null}}
2025-08-15T22:12:58.422-0500	DEBUG	protocol/handler.go:1649	have all messages and processed	{"{round 20 1  <nil>}": {"Key":"self","Type":15,"Integer":0,"String":"f","Interface":null}}
2025-08-15T22:12:58.422-0500	DEBUG	protocol/handler.go:1649	have all messages and processed	{"{round 20 1  <nil>}": {"Key":"self","Type":15,"Integer":0,"String":"f","Interface":null}}
2025-08-15T22:12:58.422-0500	DEBUG	protocol/handler.go:600	current round already advanced	{"{checking 20 1  <nil>}": {"Key":"current","Type":20,"Integer":2,"String":"","Interface":null}}
2025-08-15T22:12:58.422-0500	DEBUG	protocol/handler.go:1591	have processed broadcast	{"{round 20 2  <nil>}": {"Key":"from","Type":15,"Integer":0,"String":"c","Interface":null}}
2025-08-15T22:12:58.422-0500	DEBUG	protocol/handler.go:1591	have processed broadcast	{"{round 20 2  <nil>}": {"Key":"from","Type":15,"Integer":0,"String":"a","Interface":null}}
2025-08-15T22:12:58.422-0500	DEBUG	protocol/handler.go:1591	have processed broadcast	{"{round 20 2  <nil>}": {"Key":"from","Type":15,"Integer":0,"String":"d","Interface":null}}
2025-08-15T22:12:58.424-0500	DEBUG	protocol/handler.go:581	tryAdvanceRound called	{"{current_round 20 2  <nil>}": {"Key":"self","Type":15,"Integer":0,"String":"a","Interface":null}}
2025-08-15T22:12:58.424-0500	DEBUG	protocol/handler.go:1591	have processed broadcast	{"{round 20 2  <nil>}": {"Key":"from","Type":15,"Integer":0,"String":"b","Interface":null}}
2025-08-15T22:12:58.424-0500	DEBUG	protocol/handler.go:1591	have processed broadcast	{"{round 20 2  <nil>}": {"Key":"from","Type":15,"Integer":0,"String":"b","Interface":null}}
2025-08-15T22:12:58.424-0500	DEBUG	protocol/handler.go:1591	have processed broadcast	{"{round 20 2  <nil>}": {"Key":"from","Type":15,"Integer":0,"String":"e","Interface":null}}
2025-08-15T22:12:58.424-0500	DEBUG	protocol/handler.go:1591	have processed broadcast	{"{round 20 2  <nil>}": {"Key":"from","Type":15,"Integer":0,"String":"b","Interface":null}}
2025-08-15T22:12:58.425-0500	DEBUG	protocol/handler.go:1591	have processed broadcast	{"{round 20 2  <nil>}": {"Key":"from","Type":15,"Integer":0,"String":"d","Interface":null}}
2025-08-15T22:12:58.425-0500	DEBUG	protocol/handler.go:1591	have processed broadcast	{"{round 20 2  <nil>}": {"Key":"from","Type":15,"Integer":0,"String":"g","Interface":null}}
2025-08-15T22:12:58.425-0500	DEBUG	protocol/handler.go:1600	waiting for broadcasts	{"{round 20 2  <nil>}": {"Key":"missing","Type":15,"Integer":0,"String":"[e f]","Interface":null}}
2025-08-15T22:12:58.425-0500	DEBUG	protocol/handler.go:437	processing message	{"{from 15 0 f <nil>}": {"Key":"to","Type":15,"Integer":0,"String":"","Interface":null}, "{round 20 2  <nil>}": {"Key":"broadcast","Type":4,"Integer":1,"String":"","Interface":null}}
2025-08-15T22:12:58.425-0500	DEBUG	protocol/handler.go:1657	storing broadcast	{"{round 20 2  <nil>}": {"Key":"from","Type":15,"Integer":0,"String":"f","Interface":null}}
2025-08-15T22:12:58.426-0500	DEBUG	protocol/handler.go:1591	have processed broadcast	{"{round 20 2  <nil>}": {"Key":"from","Type":15,"Integer":0,"String":"a","Interface":null}}
2025-08-15T22:12:58.426-0500	DEBUG	protocol/handler.go:581	tryAdvanceRound called	{"{current_round 20 2  <nil>}": {"Key":"self","Type":15,"Integer":0,"String":"g","Interface":null}}
2025-08-15T22:12:58.426-0500	DEBUG	protocol/handler.go:1591	have processed broadcast	{"{round 20 2  <nil>}": {"Key":"from","Type":15,"Integer":0,"String":"b","Interface":null}}
2025-08-15T22:12:58.426-0500	DEBUG	protocol/handler.go:1591	have processed broadcast	{"{round 20 2  <nil>}": {"Key":"from","Type":15,"Integer":0,"String":"c","Interface":null}}
2025-08-15T22:12:58.426-0500	DEBUG	protocol/handler.go:1591	have processed broadcast	{"{round 20 2  <nil>}": {"Key":"from","Type":15,"Integer":0,"String":"a","Interface":null}}
2025-08-15T22:12:58.426-0500	DEBUG	protocol/handler.go:1591	have processed broadcast	{"{round 20 2  <nil>}": {"Key":"from","Type":15,"Integer":0,"String":"e","Interface":null}}
2025-08-15T22:12:58.426-0500	DEBUG	protocol/handler.go:1591	have processed broadcast	{"{round 20 2  <nil>}": {"Key":"from","Type":15,"Integer":0,"String":"b","Interface":null}}
2025-08-15T22:12:58.426-0500	DEBUG	protocol/handler.go:1591	have processed broadcast	{"{round 20 2  <nil>}": {"Key":"from","Type":15,"Integer":0,"String":"g","Interface":null}}
2025-08-15T22:12:58.426-0500	DEBUG	protocol/handler.go:1591	have processed broadcast	{"{round 20 2  <nil>}": {"Key":"from","Type":15,"Integer":0,"String":"c","Interface":null}}
2025-08-15T22:12:58.426-0500	DEBUG	protocol/handler.go:1600	waiting for broadcasts	{"{round 20 2  <nil>}": {"Key":"missing","Type":15,"Integer":0,"String":"[f]","Interface":null}}
2025-08-15T22:12:58.426-0500	DEBUG	protocol/handler.go:1591	have processed broadcast	{"{round 20 2  <nil>}": {"Key":"from","Type":15,"Integer":0,"String":"d","Interface":null}}
2025-08-15T22:12:58.426-0500	DEBUG	protocol/handler.go:1591	have processed broadcast	{"{round 20 2  <nil>}": {"Key":"from","Type":15,"Integer":0,"String":"e","Interface":null}}
2025-08-15T22:12:58.426-0500	DEBUG	protocol/handler.go:437	processing message	{"{from 15 0 f <nil>}": {"Key":"to","Type":15,"Integer":0,"String":"","Interface":null}, "{round 20 2  <nil>}": {"Key":"broadcast","Type":4,"Integer":1,"String":"","Interface":null}}
2025-08-15T22:12:58.426-0500	DEBUG	protocol/handler.go:1591	have processed broadcast	{"{round 20 2  <nil>}": {"Key":"from","Type":15,"Integer":0,"String":"f","Interface":null}}
2025-08-15T22:12:58.426-0500	DEBUG	protocol/handler.go:1657	storing broadcast	{"{round 20 2  <nil>}": {"Key":"from","Type":15,"Integer":0,"String":"f","Interface":null}}
2025-08-15T22:12:58.426-0500	DEBUG	protocol/handler.go:1649	have all messages and processed	{"{round 20 2  <nil>}": {"Key":"self","Type":15,"Integer":0,"String":"g","Interface":null}}
2025-08-15T22:12:58.426-0500	DEBUG	protocol/handler.go:619	finalizing round
2025-08-15T22:12:58.427-0500	DEBUG	protocol/handler.go:1039	sendRoundMessage	{"{from 15 0 g <nil>}": {"Key":"to","Type":15,"Integer":0,"String":"","Interface":null}, "{round 20 3  <nil>}": {"Key":"broadcast","Type":4,"Integer":1,"String":"","Interface":null}}
2025-08-15T22:12:58.427-0500	DEBUG	protocol/handler.go:1657	storing broadcast	{"{round 20 3  <nil>}": {"Key":"from","Type":15,"Integer":0,"String":"g","Interface":null}}
2025-08-15T22:12:58.427-0500	DEBUG	protocol/handler.go:1081	sent message to output channel	{"{from 15 0 g <nil>}": {"Key":"to","Type":15,"Integer":0,"String":"","Interface":null}, "{round 20 3  <nil>}": {"Key":"broadcast","Type":4,"Integer":1,"String":"","Interface":null}}
2025-08-15T22:12:58.427-0500	DEBUG	protocol/handler.go:1649	have all messages and processed	{"{round 20 1  <nil>}": {"Key":"self","Type":15,"Integer":0,"String":"f","Interface":null}}
2025-08-15T22:12:58.427-0500	DEBUG	protocol/handler.go:1039	sendRoundMessage	{"{from 15 0 g <nil>}": {"Key":"to","Type":15,"Integer":0,"String":"a","Interface":null}, "{round 20 3  <nil>}": {"Key":"broadcast","Type":4,"Integer":0,"String":"","Interface":null}}
2025-08-15T22:12:58.427-0500	DEBUG	protocol/handler.go:596	round already finalized
2025-08-15T22:12:58.427-0500	DEBUG	protocol/handler.go:1081	sent message to output channel	{"{from 15 0 g <nil>}": {"Key":"to","Type":15,"Integer":0,"String":"a","Interface":null}, "{round 20 3  <nil>}": {"Key":"broadcast","Type":4,"Integer":0,"String":"","Interface":null}}
2025-08-15T22:12:58.427-0500	DEBUG	protocol/handler.go:1039	sendRoundMessage	{"{from 15 0 g <nil>}": {"Key":"to","Type":15,"Integer":0,"String":"b","Interface":null}, "{round 20 3  <nil>}": {"Key":"broadcast","Type":4,"Integer":0,"String":"","Interface":null}}
2025-08-15T22:12:58.427-0500	DEBUG	protocol/handler.go:432	processMessage: p2p round 3 START	{"{from 15 0 g <nil>}": {"Key":"to","Type":15,"Integer":0,"String":"a","Interface":null}}
2025-08-15T22:12:58.427-0500	DEBUG	protocol/handler.go:1081	sent message to output channel	{"{from 15 0 g <nil>}": {"Key":"to","Type":15,"Integer":0,"String":"b","Interface":null}, "{round 20 3  <nil>}": {"Key":"broadcast","Type":4,"Integer":0,"String":"","Interface":null}}
2025-08-15T22:12:58.427-0500	DEBUG	protocol/handler.go:437	processing message	{"{from 15 0 g <nil>}": {"Key":"to","Type":15,"Integer":0,"String":"a","Interface":null}, "{round 20 3  <nil>}": {"Key":"broadcast","Type":4,"Integer":0,"String":"","Interface":null}}
2025-08-15T22:12:58.427-0500	DEBUG	protocol/handler.go:1039	sendRoundMessage	{"{from 15 0 g <nil>}": {"Key":"to","Type":15,"Integer":0,"String":"c","Interface":null}, "{round 20 3  <nil>}": {"Key":"broadcast","Type":4,"Integer":0,"String":"","Interface":null}}
2025-08-15T22:12:58.427-0500	DEBUG	protocol/handler.go:1662	storing message	{"{round 20 3  <nil>}": {"Key":"from","Type":15,"Integer":0,"String":"g","Interface":null}}
2025-08-15T22:12:58.428-0500	DEBUG	protocol/handler.go:470	message for different round (buffering)	{"{msg_round 20 3  <nil>}": {"Key":"current_round","Type":20,"Integer":2,"String":"","Interface":null}}
2025-08-15T22:12:58.428-0500	DEBUG	protocol/handler.go:1081	sent message to output channel	{"{from 15 0 g <nil>}": {"Key":"to","Type":15,"Integer":0,"String":"c","Interface":null}, "{round 20 3  <nil>}": {"Key":"broadcast","Type":4,"Integer":0,"String":"","Interface":null}}
2025-08-15T22:12:58.428-0500	DEBUG	protocol/handler.go:581	tryAdvanceRound called	{"{current_round 20 2  <nil>}": {"Key":"self","Type":15,"Integer":0,"String":"a","Interface":null}}
2025-08-15T22:12:58.428-0500	DEBUG	protocol/handler.go:1039	sendRoundMessage	{"{from 15 0 g <nil>}": {"Key":"to","Type":15,"Integer":0,"String":"d","Interface":null}, "{round 20 3  <nil>}": {"Key":"broadcast","Type":4,"Integer":0,"String":"","Interface":null}}
2025-08-15T22:12:58.428-0500	DEBUG	protocol/handler.go:1081	sent message to output channel	{"{from 15 0 g <nil>}": {"Key":"to","Type":15,"Integer":0,"String":"d","Interface":null}, "{round 20 3  <nil>}": {"Key":"broadcast","Type":4,"Integer":0,"String":"","Interface":null}}
2025-08-15T22:12:58.428-0500	DEBUG	protocol/handler.go:1039	sendRoundMessage	{"{from 15 0 g <nil>}": {"Key":"to","Type":15,"Integer":0,"String":"e","Interface":null}, "{round 20 3  <nil>}": {"Key":"broadcast","Type":4,"Integer":0,"String":"","Interface":null}}
2025-08-15T22:12:58.428-0500	DEBUG	protocol/handler.go:1081	sent message to output channel	{"{from 15 0 g <nil>}": {"Key":"to","Type":15,"Integer":0,"String":"e","Interface":null}, "{round 20 3  <nil>}": {"Key":"broadcast","Type":4,"Integer":0,"String":"","Interface":null}}
2025-08-15T22:12:58.428-0500	DEBUG	protocol/handler.go:581	tryAdvanceRound called	{"{current_round 20 2  <nil>}": {"Key":"self","Type":15,"Integer":0,"String":"a","Interface":null}}
2025-08-15T22:12:58.428-0500	DEBUG	protocol/handler.go:1039	sendRoundMessage	{"{from 15 0 g <nil>}": {"Key":"to","Type":15,"Integer":0,"String":"f","Interface":null}, "{round 20 3  <nil>}": {"Key":"broadcast","Type":4,"Integer":0,"String":"","Interface":null}}
2025-08-15T22:12:58.428-0500	DEBUG	protocol/handler.go:1081	sent message to output channel	{"{from 15 0 g <nil>}": {"Key":"to","Type":15,"Integer":0,"String":"f","Interface":null}, "{round 20 3  <nil>}": {"Key":"broadcast","Type":4,"Integer":0,"String":"","Interface":null}}
2025-08-15T22:12:58.428-0500	DEBUG	protocol/handler.go:1182	finalized round messages	{"{round 20 2  <nil>}": {"Key":"messages","Type":11,"Integer":7,"String":"","Interface":null}}
2025-08-15T22:12:58.428-0500	DEBUG	protocol/handler.go:1239	finalize returned next round	{"{current 20 2  <nil>}": {"Key":"next","Type":20,"Integer":3,"String":"","Interface":null}}
2025-08-15T22:12:58.428-0500	INFO	protocol/handler.go:642	storing new currentRound	{"{from 20 2  <nil>}": {"Key":"to","Type":20,"Integer":3,"String":"","Interface":null}}
2025-08-15T22:12:58.428-0500	DEBUG	protocol/handler.go:1503	processing queued messages
2025-08-15T22:12:58.428-0500	DEBUG	protocol/handler.go:1503	processing queued messages
==================
WARNING: DATA RACE
Write at 0x00c000604c1c by goroutine 2060:
  ??()
      -:0 +0x104ada650
  sync/atomic.CompareAndSwapInt32()
      <autogenerated>:1 +0x18
  sync.(*Mutex).Lock()
      /opt/homebrew/Cellar/go/1.24.6/libexec/src/sync/mutex.go:46 +0x2c
  github.com/luxfi/threshold/protocols/frost/keygen.(*round2).StoreBroadcastMessage()
      /Users/z/work/lux/threshold/protocols/frost/keygen/round2.go:57 +0x58
  github.com/luxfi/threshold/pkg/protocol.(*Handler).verifyBroadcastForRound()
      /Users/z/work/lux/threshold/pkg/protocol/handler.go:1277 +0x3a0
  github.com/luxfi/threshold/pkg/protocol.(*Handler).retryUnprocessedMessages()
      /Users/z/work/lux/threshold/pkg/protocol/handler.go:1483 +0x22c
  github.com/luxfi/threshold/pkg/protocol.(*Handler).tryAdvanceRound()
      /Users/z/work/lux/threshold/pkg/protocol/handler.go:587 +0x28c
  github.com/luxfi/threshold/pkg/protocol.(*Handler).processMessage()
      /Users/z/work/lux/threshold/pkg/protocol/handler.go:474 +0xb70
  github.com/luxfi/threshold/pkg/protocol.(*Handler).messageWorker()
      /Users/z/work/lux/threshold/pkg/protocol/handler.go:408 +0x338
  github.com/luxfi/threshold/pkg/protocol.(*Handler).startWorkers.gowrap1()
      /Users/z/work/lux/threshold/pkg/protocol/handler.go:355 +0x44

Previous read at 0x00c000604c18 by goroutine 2065:
  github.com/luxfi/threshold/protocols/frost/keygen.(*round2).Number()
      <autogenerated>:1 +0x38
  github.com/luxfi/threshold/pkg/protocol.(*Handler).tryAdvanceRound()
      /Users/z/work/lux/threshold/pkg/protocol/handler.go:587 +0x280
  github.com/luxfi/threshold/pkg/protocol.(*Handler).processMessage()
      /Users/z/work/lux/threshold/pkg/protocol/handler.go:486 +0xbb0
  github.com/luxfi/threshold/pkg/protocol.(*Handler).messageWorker()
      /Users/z/work/lux/threshold/pkg/protocol/handler.go:408 +0x338
  github.com/luxfi/threshold/pkg/protocol.(*Handler).startWorkers.gowrap2()
      /Users/z/work/lux/threshold/pkg/protocol/handler.go:361 +0x44

Goroutine 2060 (running) created at:
  github.com/luxfi/threshold/pkg/protocol.(*Handler).startWorkers()
      /Users/z/work/lux/threshold/pkg/protocol/handler.go:355 +0x27c
  github.com/luxfi/threshold/pkg/protocol.NewHandler()
      /Users/z/work/lux/threshold/pkg/protocol/handler.go:247 +0xf10
  github.com/luxfi/threshold/internal/test.(*Harness).CreateHandler()
      /Users/z/work/lux/threshold/internal/test/harness.go:91 +0x2e4
  github.com/luxfi/threshold/internal/test.RunProtocol()
      /Users/z/work/lux/threshold/internal/test/harness.go:270 +0x230
  github.com/luxfi/threshold/internal/test.RunMultipleProtocolTests.(*ProtocolTest).Run.func1()
      /Users/z/work/lux/threshold/internal/test/protocol_helpers.go:34 +0xe0
  testing.tRunner()
      /opt/homebrew/Cellar/go/1.24.6/libexec/src/testing/testing.go:1792 +0x180
  testing.(*T).Run.gowrap1()
      /opt/homebrew/Cellar/go/1.24.6/libexec/src/testing/testing.go:1851 +0x40

Goroutine 2065 (running) created at:
  github.com/luxfi/threshold/pkg/protocol.(*Handler).startWorkers()
      /Users/z/work/lux/threshold/pkg/protocol/handler.go:361 +0x334
  github.com/luxfi/threshold/pkg/protocol.NewHandler()
      /Users/z/work/lux/threshold/pkg/protocol/handler.go:247 +0xf10
  github.com/luxfi/threshold/internal/test.(*Harness).CreateHandler()
      /Users/z/work/lux/threshold/internal/test/harness.go:91 +0x2e4
  github.com/luxfi/threshold/internal/test.RunProtocol()
      /Users/z/work/lux/threshold/internal/test/harness.go:270 +0x230
  github.com/luxfi/threshold/internal/test.RunMultipleProtocolTests.(*ProtocolTest).Run.func1()
      /Users/z/work/lux/threshold/internal/test/protocol_helpers.go:34 +0xe0
  testing.tRunner()
      /opt/homebrew/Cellar/go/1.24.6/libexec/src/testing/testing.go:1792 +0x180
  testing.(*T).Run.gowrap1()
      /opt/homebrew/Cellar/go/1.24.6/libexec/src/testing/testing.go:1851 +0x40
==================
2025-08-15T22:12:58.433-0500	DEBUG	protocol/handler.go:581	tryAdvanceRound called	{"{current_round 20 2  <nil>}": {"Key":"self","Type":15,"Integer":0,"String":"c","Interface":null}}
2025-08-15T22:12:58.427-0500	DEBUG	protocol/handler.go:600	current round already advanced	{"{checking 20 1  <nil>}": {"Key":"current","Type":20,"Integer":2,"String":"","Interface":null}}
2025-08-15T22:12:58.446-0500	DEBUG	protocol/handler.go:437	processing message	{"{from 15 0 d <nil>}": {"Key":"to","Type":15,"Integer":0,"String":"","Interface":null}, "{round 20 2  <nil>}": {"Key":"broadcast","Type":4,"Integer":1,"String":"","Interface":null}}
2025-08-15T22:12:58.447-0500	DEBUG	protocol/handler.go:1657	storing broadcast	{"{round 20 2  <nil>}": {"Key":"from","Type":15,"Integer":0,"String":"d","Interface":null}}
2025-08-15T22:12:58.424-0500	DEBUG	protocol/handler.go:1591	have processed broadcast	{"{round 20 2  <nil>}": {"Key":"from","Type":15,"Integer":0,"String":"c","Interface":null}}
2025-08-15T22:12:58.453-0500	DEBUG	protocol/handler.go:1591	have processed broadcast	{"{round 20 2  <nil>}": {"Key":"from","Type":15,"Integer":0,"String":"d","Interface":null}}
2025-08-15T22:12:58.453-0500	DEBUG	protocol/handler.go:1591	have processed broadcast	{"{round 20 2  <nil>}": {"Key":"from","Type":15,"Integer":0,"String":"e","Interface":null}}
2025-08-15T22:12:58.453-0500	DEBUG	protocol/handler.go:1591	have processed broadcast	{"{round 20 2  <nil>}": {"Key":"from","Type":15,"Integer":0,"String":"g","Interface":null}}
2025-08-15T22:12:58.453-0500	DEBUG	protocol/handler.go:1600	waiting for broadcasts	{"{round 20 2  <nil>}": {"Key":"missing","Type":15,"Integer":0,"String":"[f]","Interface":null}}
2025-08-15T22:12:58.453-0500	DEBUG	protocol/handler.go:437	processing message	{"{from 15 0 f <nil>}": {"Key":"to","Type":15,"Integer":0,"String":"","Interface":null}, "{round 20 2  <nil>}": {"Key":"broadcast","Type":4,"Integer":1,"String":"","Interface":null}}
2025-08-15T22:12:58.453-0500	DEBUG	protocol/handler.go:1657	storing broadcast	{"{round 20 2  <nil>}": {"Key":"from","Type":15,"Integer":0,"String":"f","Interface":null}}
2025-08-15T22:12:58.461-0500	DEBUG	protocol/handler.go:581	tryAdvanceRound called	{"{current_round 20 2  <nil>}": {"Key":"self","Type":15,"Integer":0,"String":"b","Interface":null}}
2025-08-15T22:12:58.461-0500	DEBUG	protocol/handler.go:1591	have processed broadcast	{"{round 20 2  <nil>}": {"Key":"from","Type":15,"Integer":0,"String":"a","Interface":null}}
2025-08-15T22:12:58.461-0500	DEBUG	protocol/handler.go:1591	have processed broadcast	{"{round 20 2  <nil>}": {"Key":"from","Type":15,"Integer":0,"String":"c","Interface":null}}
2025-08-15T22:12:58.462-0500	DEBUG	protocol/handler.go:1591	have processed broadcast	{"{round 20 2  <nil>}": {"Key":"from","Type":15,"Integer":0,"String":"d","Interface":null}}
2025-08-15T22:12:58.462-0500	DEBUG	protocol/handler.go:1591	have processed broadcast	{"{round 20 2  <nil>}": {"Key":"from","Type":15,"Integer":0,"String":"e","Interface":null}}
2025-08-15T22:12:58.462-0500	DEBUG	protocol/handler.go:1591	have processed broadcast	{"{round 20 2  <nil>}": {"Key":"from","Type":15,"Integer":0,"String":"f","Interface":null}}
2025-08-15T22:12:58.462-0500	DEBUG	protocol/handler.go:1591	have processed broadcast	{"{round 20 2  <nil>}": {"Key":"from","Type":15,"Integer":0,"String":"g","Interface":null}}
2025-08-15T22:12:58.462-0500	DEBUG	protocol/handler.go:1649	have all messages and processed	{"{round 20 2  <nil>}": {"Key":"self","Type":15,"Integer":0,"String":"b","Interface":null}}
2025-08-15T22:12:58.462-0500	DEBUG	protocol/handler.go:619	finalizing round
2025-08-15T22:12:58.462-0500	DEBUG	protocol/handler.go:1039	sendRoundMessage	{"{from 15 0 b <nil>}": {"Key":"to","Type":15,"Integer":0,"String":"","Interface":null}, "{round 20 3  <nil>}": {"Key":"broadcast","Type":4,"Integer":1,"String":"","Interface":null}}
2025-08-15T22:12:58.463-0500	DEBUG	protocol/handler.go:1657	storing broadcast	{"{round 20 3  <nil>}": {"Key":"from","Type":15,"Integer":0,"String":"b","Interface":null}}
2025-08-15T22:12:58.463-0500	DEBUG	protocol/handler.go:1081	sent message to output channel	{"{from 15 0 b <nil>}": {"Key":"to","Type":15,"Integer":0,"String":"","Interface":null}, "{round 20 3  <nil>}": {"Key":"broadcast","Type":4,"Integer":1,"String":"","Interface":null}}
2025-08-15T22:12:58.463-0500	DEBUG	protocol/handler.go:1039	sendRoundMessage	{"{from 15 0 b <nil>}": {"Key":"to","Type":15,"Integer":0,"String":"a","Interface":null}, "{round 20 3  <nil>}": {"Key":"broadcast","Type":4,"Integer":0,"String":"","Interface":null}}
2025-08-15T22:12:58.463-0500	DEBUG	protocol/handler.go:1081	sent message to output channel	{"{from 15 0 b <nil>}": {"Key":"to","Type":15,"Integer":0,"String":"a","Interface":null}, "{round 20 3  <nil>}": {"Key":"broadcast","Type":4,"Integer":0,"String":"","Interface":null}}
2025-08-15T22:12:58.463-0500	DEBUG	protocol/handler.go:1039	sendRoundMessage	{"{from 15 0 b <nil>}": {"Key":"to","Type":15,"Integer":0,"String":"c","Interface":null}, "{round 20 3  <nil>}": {"Key":"broadcast","Type":4,"Integer":0,"String":"","Interface":null}}
2025-08-15T22:12:58.463-0500	DEBUG	protocol/handler.go:1081	sent message to output channel	{"{from 15 0 b <nil>}": {"Key":"to","Type":15,"Integer":0,"String":"c","Interface":null}, "{round 20 3  <nil>}": {"Key":"broadcast","Type":4,"Integer":0,"String":"","Interface":null}}
2025-08-15T22:12:58.463-0500	DEBUG	protocol/handler.go:1039	sendRoundMessage	{"{from 15 0 b <nil>}": {"Key":"to","Type":15,"Integer":0,"String":"d","Interface":null}, "{round 20 3  <nil>}": {"Key":"broadcast","Type":4,"Integer":0,"String":"","Interface":null}}
2025-08-15T22:12:58.463-0500	DEBUG	protocol/handler.go:1081	sent message to output channel	{"{from 15 0 b <nil>}": {"Key":"to","Type":15,"Integer":0,"String":"d","Interface":null}, "{round 20 3  <nil>}": {"Key":"broadcast","Type":4,"Integer":0,"String":"","Interface":null}}
2025-08-15T22:12:58.463-0500	DEBUG	protocol/handler.go:1039	sendRoundMessage	{"{from 15 0 b <nil>}": {"Key":"to","Type":15,"Integer":0,"String":"e","Interface":null}, "{round 20 3  <nil>}": {"Key":"broadcast","Type":4,"Integer":0,"String":"","Interface":null}}
2025-08-15T22:12:58.463-0500	DEBUG	protocol/handler.go:1081	sent message to output channel	{"{from 15 0 b <nil>}": {"Key":"to","Type":15,"Integer":0,"String":"e","Interface":null}, "{round 20 3  <nil>}": {"Key":"broadcast","Type":4,"Integer":0,"String":"","Interface":null}}
2025-08-15T22:12:58.463-0500	DEBUG	protocol/handler.go:1039	sendRoundMessage	{"{from 15 0 b <nil>}": {"Key":"to","Type":15,"Integer":0,"String":"f","Interface":null}, "{round 20 3  <nil>}": {"Key":"broadcast","Type":4,"Integer":0,"String":"","Interface":null}}
2025-08-15T22:12:58.463-0500	DEBUG	protocol/handler.go:1081	sent message to output channel	{"{from 15 0 b <nil>}": {"Key":"to","Type":15,"Integer":0,"String":"f","Interface":null}, "{round 20 3  <nil>}": {"Key":"broadcast","Type":4,"Integer":0,"String":"","Interface":null}}
2025-08-15T22:12:58.463-0500	DEBUG	protocol/handler.go:1039	sendRoundMessage	{"{from 15 0 b <nil>}": {"Key":"to","Type":15,"Integer":0,"String":"g","Interface":null}, "{round 20 3  <nil>}": {"Key":"broadcast","Type":4,"Integer":0,"String":"","Interface":null}}
2025-08-15T22:12:58.463-0500	DEBUG	protocol/handler.go:1081	sent message to output channel	{"{from 15 0 b <nil>}": {"Key":"to","Type":15,"Integer":0,"String":"g","Interface":null}, "{round 20 3  <nil>}": {"Key":"broadcast","Type":4,"Integer":0,"String":"","Interface":null}}
2025-08-15T22:12:58.463-0500	DEBUG	protocol/handler.go:1182	finalized round messages	{"{round 20 2  <nil>}": {"Key":"messages","Type":11,"Integer":7,"String":"","Interface":null}}
2025-08-15T22:12:58.463-0500	DEBUG	protocol/handler.go:1239	finalize returned next round	{"{current 20 2  <nil>}": {"Key":"next","Type":20,"Integer":3,"String":"","Interface":null}}
2025-08-15T22:12:58.464-0500	INFO	protocol/handler.go:642	storing new currentRound	{"{from 20 2  <nil>}": {"Key":"to","Type":20,"Integer":3,"String":"","Interface":null}}
2025-08-15T22:12:58.464-0500	DEBUG	protocol/handler.go:1503	processing queued messages
2025-08-15T22:12:58.464-0500	DEBUG	protocol/handler.go:437	processing message	{"{from 15 0 g <nil>}": {"Key":"to","Type":15,"Integer":0,"String":"","Interface":null}, "{round 20 3  <nil>}": {"Key":"broadcast","Type":4,"Integer":1,"String":"","Interface":null}}
2025-08-15T22:12:58.464-0500	DEBUG	protocol/handler.go:1657	storing broadcast	{"{round 20 3  <nil>}": {"Key":"from","Type":15,"Integer":0,"String":"g","Interface":null}}
2025-08-15T22:12:58.464-0500	DEBUG	protocol/handler.go:581	tryAdvanceRound called	{"{current_round 20 3  <nil>}": {"Key":"self","Type":15,"Integer":0,"String":"b","Interface":null}}
2025-08-15T22:12:58.464-0500	DEBUG	protocol/handler.go:1591	have processed broadcast	{"{round 20 3  <nil>}": {"Key":"from","Type":15,"Integer":0,"String":"g","Interface":null}}
2025-08-15T22:12:58.464-0500	DEBUG	protocol/handler.go:1600	waiting for broadcasts	{"{round 20 3  <nil>}": {"Key":"missing","Type":15,"Integer":0,"String":"[a c d e f]","Interface":null}}
2025-08-15T22:12:58.464-0500	DEBUG	protocol/handler.go:1503	processing queued messages
2025-08-15T22:12:58.476-0500	DEBUG	protocol/handler.go:1591	have processed broadcast	{"{round 20 2  <nil>}": {"Key":"from","Type":15,"Integer":0,"String":"b","Interface":null}}
2025-08-15T22:12:58.476-0500	DEBUG	protocol/handler.go:1591	have processed broadcast	{"{round 20 2  <nil>}": {"Key":"from","Type":15,"Integer":0,"String":"c","Interface":null}}
2025-08-15T22:12:58.476-0500	DEBUG	protocol/handler.go:1591	have processed broadcast	{"{round 20 2  <nil>}": {"Key":"from","Type":15,"Integer":0,"String":"d","Interface":null}}
2025-08-15T22:12:58.476-0500	DEBUG	protocol/handler.go:1591	have processed broadcast	{"{round 20 2  <nil>}": {"Key":"from","Type":15,"Integer":0,"String":"e","Interface":null}}
2025-08-15T22:12:58.476-0500	DEBUG	protocol/handler.go:1591	have processed broadcast	{"{round 20 2  <nil>}": {"Key":"from","Type":15,"Integer":0,"String":"g","Interface":null}}
2025-08-15T22:12:58.476-0500	DEBUG	protocol/handler.go:1600	waiting for broadcasts	{"{round 20 2  <nil>}": {"Key":"missing","Type":15,"Integer":0,"String":"[f]","Interface":null}}
2025-08-15T22:12:58.476-0500	DEBUG	protocol/handler.go:437	processing message	{"{from 15 0 f <nil>}": {"Key":"to","Type":15,"Integer":0,"String":"","Interface":null}, "{round 20 2  <nil>}": {"Key":"broadcast","Type":4,"Integer":1,"String":"","Interface":null}}
2025-08-15T22:12:58.477-0500	DEBUG	protocol/handler.go:1657	storing broadcast	{"{round 20 2  <nil>}": {"Key":"from","Type":15,"Integer":0,"String":"f","Interface":null}}
2025-08-15T22:12:58.478-0500	DEBUG	protocol/handler.go:581	tryAdvanceRound called	{"{current_round 20 2  <nil>}": {"Key":"self","Type":15,"Integer":0,"String":"c","Interface":null}}
2025-08-15T22:12:58.478-0500	DEBUG	protocol/handler.go:1591	have processed broadcast	{"{round 20 2  <nil>}": {"Key":"from","Type":15,"Integer":0,"String":"a","Interface":null}}
2025-08-15T22:12:58.479-0500	DEBUG	protocol/handler.go:1591	have processed broadcast	{"{round 20 2  <nil>}": {"Key":"from","Type":15,"Integer":0,"String":"b","Interface":null}}
2025-08-15T22:12:58.479-0500	DEBUG	protocol/handler.go:1591	have processed broadcast	{"{round 20 2  <nil>}": {"Key":"from","Type":15,"Integer":0,"String":"d","Interface":null}}
2025-08-15T22:12:58.479-0500	DEBUG	protocol/handler.go:1591	have processed broadcast	{"{round 20 2  <nil>}": {"Key":"from","Type":15,"Integer":0,"String":"f","Interface":null}}
2025-08-15T22:12:58.479-0500	DEBUG	protocol/handler.go:1591	have processed broadcast	{"{round 20 2  <nil>}": {"Key":"from","Type":15,"Integer":0,"String":"g","Interface":null}}
2025-08-15T22:12:58.479-0500	DEBUG	protocol/handler.go:1600	waiting for broadcasts	{"{round 20 2  <nil>}": {"Key":"missing","Type":15,"Integer":0,"String":"[e]","Interface":null}}
2025-08-15T22:12:58.479-0500	DEBUG	protocol/handler.go:437	processing message	{"{from 15 0 g <nil>}": {"Key":"to","Type":15,"Integer":0,"String":"","Interface":null}, "{round 20 3  <nil>}": {"Key":"broadcast","Type":4,"Integer":1,"String":"","Interface":null}}
2025-08-15T22:12:58.479-0500	DEBUG	protocol/handler.go:1657	storing broadcast	{"{round 20 3  <nil>}": {"Key":"from","Type":15,"Integer":0,"String":"g","Interface":null}}
2025-08-15T22:12:58.479-0500	DEBUG	protocol/handler.go:470	message for different round (buffering)	{"{msg_round 20 3  <nil>}": {"Key":"current_round","Type":20,"Integer":2,"String":"","Interface":null}}
2025-08-15T22:12:58.479-0500	DEBUG	protocol/handler.go:581	tryAdvanceRound called	{"{current_round 20 2  <nil>}": {"Key":"self","Type":15,"Integer":0,"String":"c","Interface":null}}
2025-08-15T22:12:58.479-0500	DEBUG	protocol/handler.go:1591	have processed broadcast	{"{round 20 2  <nil>}": {"Key":"from","Type":15,"Integer":0,"String":"a","Interface":null}}
2025-08-15T22:12:58.479-0500	DEBUG	protocol/handler.go:1591	have processed broadcast	{"{round 20 2  <nil>}": {"Key":"from","Type":15,"Integer":0,"String":"b","Interface":null}}
2025-08-15T22:12:58.479-0500	DEBUG	protocol/handler.go:1591	have processed broadcast	{"{round 20 2  <nil>}": {"Key":"from","Type":15,"Integer":0,"String":"d","Interface":null}}
2025-08-15T22:12:58.479-0500	DEBUG	protocol/handler.go:1591	have processed broadcast	{"{round 20 2  <nil>}": {"Key":"from","Type":15,"Integer":0,"String":"f","Interface":null}}
2025-08-15T22:12:58.479-0500	DEBUG	protocol/handler.go:1591	have processed broadcast	{"{round 20 2  <nil>}": {"Key":"from","Type":15,"Integer":0,"String":"g","Interface":null}}
2025-08-15T22:12:58.479-0500	DEBUG	protocol/handler.go:1600	waiting for broadcasts	{"{round 20 2  <nil>}": {"Key":"missing","Type":15,"Integer":0,"String":"[e]","Interface":null}}
2025-08-15T22:12:58.424-0500	DEBUG	protocol/handler.go:1591	have processed broadcast	{"{round 20 2  <nil>}": {"Key":"from","Type":15,"Integer":0,"String":"c","Interface":null}}
2025-08-15T22:12:58.479-0500	DEBUG	protocol/handler.go:1591	have processed broadcast	{"{round 20 2  <nil>}": {"Key":"from","Type":15,"Integer":0,"String":"d","Interface":null}}
2025-08-15T22:12:58.479-0500	DEBUG	protocol/handler.go:1591	have processed broadcast	{"{round 20 2  <nil>}": {"Key":"from","Type":15,"Integer":0,"String":"g","Interface":null}}
2025-08-15T22:12:58.479-0500	DEBUG	protocol/handler.go:1600	waiting for broadcasts	{"{round 20 2  <nil>}": {"Key":"missing","Type":15,"Integer":0,"String":"[f]","Interface":null}}
2025-08-15T22:12:58.479-0500	DEBUG	protocol/handler.go:581	tryAdvanceRound called	{"{current_round 20 2  <nil>}": {"Key":"self","Type":15,"Integer":0,"String":"e","Interface":null}}
2025-08-15T22:12:58.480-0500	DEBUG	protocol/handler.go:1591	have processed broadcast	{"{round 20 2  <nil>}": {"Key":"from","Type":15,"Integer":0,"String":"a","Interface":null}}
2025-08-15T22:12:58.480-0500	DEBUG	protocol/handler.go:1591	have processed broadcast	{"{round 20 2  <nil>}": {"Key":"from","Type":15,"Integer":0,"String":"b","Interface":null}}
2025-08-15T22:12:58.480-0500	DEBUG	protocol/handler.go:1591	have processed broadcast	{"{round 20 2  <nil>}": {"Key":"from","Type":15,"Integer":0,"String":"c","Interface":null}}
2025-08-15T22:12:58.480-0500	DEBUG	protocol/handler.go:1591	have processed broadcast	{"{round 20 2  <nil>}": {"Key":"from","Type":15,"Integer":0,"String":"d","Interface":null}}
2025-08-15T22:12:58.480-0500	DEBUG	protocol/handler.go:1591	have processed broadcast	{"{round 20 2  <nil>}": {"Key":"from","Type":15,"Integer":0,"String":"g","Interface":null}}
2025-08-15T22:12:58.480-0500	DEBUG	protocol/handler.go:1600	waiting for broadcasts	{"{round 20 2  <nil>}": {"Key":"missing","Type":15,"Integer":0,"String":"[f]","Interface":null}}
2025-08-15T22:12:58.424-0500	DEBUG	protocol/handler.go:1591	have processed broadcast	{"{round 20 2  <nil>}": {"Key":"from","Type":15,"Integer":0,"String":"c","Interface":null}}
2025-08-15T22:12:58.480-0500	DEBUG	protocol/handler.go:1591	have processed broadcast	{"{round 20 2  <nil>}": {"Key":"from","Type":15,"Integer":0,"String":"d","Interface":null}}
2025-08-15T22:12:58.480-0500	DEBUG	protocol/handler.go:1591	have processed broadcast	{"{round 20 2  <nil>}": {"Key":"from","Type":15,"Integer":0,"String":"g","Interface":null}}
2025-08-15T22:12:58.480-0500	DEBUG	protocol/handler.go:1600	waiting for broadcasts	{"{round 20 2  <nil>}": {"Key":"missing","Type":15,"Integer":0,"String":"[f]","Interface":null}}
2025-08-15T22:12:58.480-0500	DEBUG	protocol/handler.go:437	processing message	{"{from 15 0 f <nil>}": {"Key":"to","Type":15,"Integer":0,"String":"","Interface":null}, "{round 20 2  <nil>}": {"Key":"broadcast","Type":4,"Integer":1,"String":"","Interface":null}}
2025-08-15T22:12:58.480-0500	DEBUG	protocol/handler.go:1657	storing broadcast	{"{round 20 2  <nil>}": {"Key":"from","Type":15,"Integer":0,"String":"f","Interface":null}}
2025-08-15T22:12:58.483-0500	DEBUG	protocol/handler.go:581	tryAdvanceRound called	{"{current_round 20 2  <nil>}": {"Key":"self","Type":15,"Integer":0,"String":"a","Interface":null}}
2025-08-15T22:12:58.483-0500	DEBUG	protocol/handler.go:1591	have processed broadcast	{"{round 20 2  <nil>}": {"Key":"from","Type":15,"Integer":0,"String":"b","Interface":null}}
2025-08-15T22:12:58.483-0500	DEBUG	protocol/handler.go:1591	have processed broadcast	{"{round 20 2  <nil>}": {"Key":"from","Type":15,"Integer":0,"String":"c","Interface":null}}
2025-08-15T22:12:58.483-0500	DEBUG	protocol/handler.go:1591	have processed broadcast	{"{round 20 2  <nil>}": {"Key":"from","Type":15,"Integer":0,"String":"d","Interface":null}}
2025-08-15T22:12:58.483-0500	DEBUG	protocol/handler.go:1591	have processed broadcast	{"{round 20 2  <nil>}": {"Key":"from","Type":15,"Integer":0,"String":"e","Interface":null}}
2025-08-15T22:12:58.483-0500	DEBUG	protocol/handler.go:1591	have processed broadcast	{"{round 20 2  <nil>}": {"Key":"from","Type":15,"Integer":0,"String":"f","Interface":null}}
2025-08-15T22:12:58.484-0500	DEBUG	protocol/handler.go:1591	have processed broadcast	{"{round 20 2  <nil>}": {"Key":"from","Type":15,"Integer":0,"String":"g","Interface":null}}
2025-08-15T22:12:58.484-0500	DEBUG	protocol/handler.go:1649	have all messages and processed	{"{round 20 2  <nil>}": {"Key":"self","Type":15,"Integer":0,"String":"a","Interface":null}}
2025-08-15T22:12:58.484-0500	DEBUG	protocol/handler.go:619	finalizing round
2025-08-15T22:12:58.484-0500	DEBUG	protocol/handler.go:1039	sendRoundMessage	{"{from 15 0 a <nil>}": {"Key":"to","Type":15,"Integer":0,"String":"","Interface":null}, "{round 20 3  <nil>}": {"Key":"broadcast","Type":4,"Integer":1,"String":"","Interface":null}}
2025-08-15T22:12:58.484-0500	DEBUG	protocol/handler.go:1657	storing broadcast	{"{round 20 3  <nil>}": {"Key":"from","Type":15,"Integer":0,"String":"a","Interface":null}}
2025-08-15T22:12:58.484-0500	DEBUG	protocol/handler.go:1081	sent message to output channel	{"{from 15 0 a <nil>}": {"Key":"to","Type":15,"Integer":0,"String":"","Interface":null}, "{round 20 3  <nil>}": {"Key":"broadcast","Type":4,"Integer":1,"String":"","Interface":null}}
2025-08-15T22:12:58.484-0500	DEBUG	protocol/handler.go:1039	sendRoundMessage	{"{from 15 0 a <nil>}": {"Key":"to","Type":15,"Integer":0,"String":"b","Interface":null}, "{round 20 3  <nil>}": {"Key":"broadcast","Type":4,"Integer":0,"String":"","Interface":null}}
2025-08-15T22:12:58.484-0500	DEBUG	protocol/handler.go:1081	sent message to output channel	{"{from 15 0 a <nil>}": {"Key":"to","Type":15,"Integer":0,"String":"b","Interface":null}, "{round 20 3  <nil>}": {"Key":"broadcast","Type":4,"Integer":0,"String":"","Interface":null}}
2025-08-15T22:12:58.485-0500	DEBUG	protocol/handler.go:1039	sendRoundMessage	{"{from 15 0 a <nil>}": {"Key":"to","Type":15,"Integer":0,"String":"c","Interface":null}, "{round 20 3  <nil>}": {"Key":"broadcast","Type":4,"Integer":0,"String":"","Interface":null}}
2025-08-15T22:12:58.485-0500	DEBUG	protocol/handler.go:1081	sent message to output channel	{"{from 15 0 a <nil>}": {"Key":"to","Type":15,"Integer":0,"String":"c","Interface":null}, "{round 20 3  <nil>}": {"Key":"broadcast","Type":4,"Integer":0,"String":"","Interface":null}}
2025-08-15T22:12:58.485-0500	DEBUG	protocol/handler.go:1039	sendRoundMessage	{"{from 15 0 a <nil>}": {"Key":"to","Type":15,"Integer":0,"String":"d","Interface":null}, "{round 20 3  <nil>}": {"Key":"broadcast","Type":4,"Integer":0,"String":"","Interface":null}}
2025-08-15T22:12:58.485-0500	DEBUG	protocol/handler.go:432	processMessage: p2p round 3 START	{"{from 15 0 b <nil>}": {"Key":"to","Type":15,"Integer":0,"String":"c","Interface":null}}
2025-08-15T22:12:58.485-0500	DEBUG	protocol/handler.go:1081	sent message to output channel	{"{from 15 0 a <nil>}": {"Key":"to","Type":15,"Integer":0,"String":"d","Interface":null}, "{round 20 3  <nil>}": {"Key":"broadcast","Type":4,"Integer":0,"String":"","Interface":null}}
2025-08-15T22:12:58.485-0500	DEBUG	protocol/handler.go:1039	sendRoundMessage	{"{from 15 0 a <nil>}": {"Key":"to","Type":15,"Integer":0,"String":"e","Interface":null}, "{round 20 3  <nil>}": {"Key":"broadcast","Type":4,"Integer":0,"String":"","Interface":null}}
2025-08-15T22:12:58.485-0500	DEBUG	protocol/handler.go:1081	sent message to output channel	{"{from 15 0 a <nil>}": {"Key":"to","Type":15,"Integer":0,"String":"e","Interface":null}, "{round 20 3  <nil>}": {"Key":"broadcast","Type":4,"Integer":0,"String":"","Interface":null}}
2025-08-15T22:12:58.485-0500	DEBUG	protocol/handler.go:437	processing message	{"{from 15 0 b <nil>}": {"Key":"to","Type":15,"Integer":0,"String":"c","Interface":null}, "{round 20 3  <nil>}": {"Key":"broadcast","Type":4,"Integer":0,"String":"","Interface":null}}
2025-08-15T22:12:58.485-0500	DEBUG	protocol/handler.go:1039	sendRoundMessage	{"{from 15 0 a <nil>}": {"Key":"to","Type":15,"Integer":0,"String":"f","Interface":null}, "{round 20 3  <nil>}": {"Key":"broadcast","Type":4,"Integer":0,"String":"","Interface":null}}
2025-08-15T22:12:58.485-0500	DEBUG	protocol/handler.go:1081	sent message to output channel	{"{from 15 0 a <nil>}": {"Key":"to","Type":15,"Integer":0,"String":"f","Interface":null}, "{round 20 3  <nil>}": {"Key":"broadcast","Type":4,"Integer":0,"String":"","Interface":null}}
2025-08-15T22:12:58.485-0500	DEBUG	protocol/handler.go:1662	storing message	{"{round 20 3  <nil>}": {"Key":"from","Type":15,"Integer":0,"String":"b","Interface":null}}
2025-08-15T22:12:58.485-0500	DEBUG	protocol/handler.go:1039	sendRoundMessage	{"{from 15 0 a <nil>}": {"Key":"to","Type":15,"Integer":0,"String":"g","Interface":null}, "{round 20 3  <nil>}": {"Key":"broadcast","Type":4,"Integer":0,"String":"","Interface":null}}
2025-08-15T22:12:58.485-0500	DEBUG	protocol/handler.go:1081	sent message to output channel	{"{from 15 0 a <nil>}": {"Key":"to","Type":15,"Integer":0,"String":"g","Interface":null}, "{round 20 3  <nil>}": {"Key":"broadcast","Type":4,"Integer":0,"String":"","Interface":null}}
2025-08-15T22:12:58.485-0500	DEBUG	protocol/handler.go:1182	finalized round messages	{"{round 20 2  <nil>}": {"Key":"messages","Type":11,"Integer":7,"String":"","Interface":null}}
2025-08-15T22:12:58.485-0500	DEBUG	protocol/handler.go:1239	finalize returned next round	{"{current 20 2  <nil>}": {"Key":"next","Type":20,"Integer":3,"String":"","Interface":null}}
2025-08-15T22:12:58.485-0500	INFO	protocol/handler.go:642	storing new currentRound	{"{from 20 2  <nil>}": {"Key":"to","Type":20,"Integer":3,"String":"","Interface":null}}
2025-08-15T22:12:58.485-0500	DEBUG	protocol/handler.go:1503	processing queued messages
2025-08-15T22:12:58.485-0500	DEBUG	protocol/handler.go:437	processing message	{"{from 15 0 g <nil>}": {"Key":"to","Type":15,"Integer":0,"String":"","Interface":null}, "{round 20 3  <nil>}": {"Key":"broadcast","Type":4,"Integer":1,"String":"","Interface":null}}
2025-08-15T22:12:58.485-0500	DEBUG	protocol/handler.go:1657	storing broadcast	{"{round 20 3  <nil>}": {"Key":"from","Type":15,"Integer":0,"String":"g","Interface":null}}
2025-08-15T22:12:58.486-0500	DEBUG	protocol/handler.go:581	tryAdvanceRound called	{"{current_round 20 3  <nil>}": {"Key":"self","Type":15,"Integer":0,"String":"a","Interface":null}}
2025-08-15T22:12:58.488-0500	DEBUG	protocol/handler.go:1591	have processed broadcast	{"{round 20 3  <nil>}": {"Key":"from","Type":15,"Integer":0,"String":"g","Interface":null}}
2025-08-15T22:12:58.488-0500	DEBUG	protocol/handler.go:1600	waiting for broadcasts	{"{round 20 3  <nil>}": {"Key":"missing","Type":15,"Integer":0,"String":"[b c d e f]","Interface":null}}
2025-08-15T22:12:58.488-0500	DEBUG	protocol/handler.go:437	processing message	{"{from 15 0 b <nil>}": {"Key":"to","Type":15,"Integer":0,"String":"","Interface":null}, "{round 20 3  <nil>}": {"Key":"broadcast","Type":4,"Integer":1,"String":"","Interface":null}}
2025-08-15T22:12:58.488-0500	DEBUG	protocol/handler.go:1657	storing broadcast	{"{round 20 3  <nil>}": {"Key":"from","Type":15,"Integer":0,"String":"b","Interface":null}}
2025-08-15T22:12:58.488-0500	DEBUG	protocol/handler.go:581	tryAdvanceRound called	{"{current_round 20 2  <nil>}": {"Key":"self","Type":15,"Integer":0,"String":"e","Interface":null}}
2025-08-15T22:12:58.488-0500	DEBUG	protocol/handler.go:581	tryAdvanceRound called	{"{current_round 20 3  <nil>}": {"Key":"self","Type":15,"Integer":0,"String":"a","Interface":null}}
2025-08-15T22:12:58.488-0500	DEBUG	protocol/handler.go:1591	have processed broadcast	{"{round 20 3  <nil>}": {"Key":"from","Type":15,"Integer":0,"String":"b","Interface":null}}
2025-08-15T22:12:58.488-0500	DEBUG	protocol/handler.go:1591	have processed broadcast	{"{round 20 2  <nil>}": {"Key":"from","Type":15,"Integer":0,"String":"a","Interface":null}}
2025-08-15T22:12:58.488-0500	DEBUG	protocol/handler.go:1591	have processed broadcast	{"{round 20 3  <nil>}": {"Key":"from","Type":15,"Integer":0,"String":"g","Interface":null}}
2025-08-15T22:12:58.488-0500	DEBUG	protocol/handler.go:1591	have processed broadcast	{"{round 20 2  <nil>}": {"Key":"from","Type":15,"Integer":0,"String":"b","Interface":null}}
2025-08-15T22:12:58.488-0500	DEBUG	protocol/handler.go:1600	waiting for broadcasts	{"{round 20 3  <nil>}": {"Key":"missing","Type":15,"Integer":0,"String":"[c d e f]","Interface":null}}
2025-08-15T22:12:58.488-0500	DEBUG	protocol/handler.go:1591	have processed broadcast	{"{round 20 2  <nil>}": {"Key":"from","Type":15,"Integer":0,"String":"c","Interface":null}}
2025-08-15T22:12:58.488-0500	DEBUG	protocol/handler.go:1503	processing queued messages
2025-08-15T22:12:58.488-0500	DEBUG	protocol/handler.go:1591	have processed broadcast	{"{round 20 2  <nil>}": {"Key":"from","Type":15,"Integer":0,"String":"d","Interface":null}}
2025-08-15T22:12:58.488-0500	DEBUG	protocol/handler.go:1591	have processed broadcast	{"{round 20 2  <nil>}": {"Key":"from","Type":15,"Integer":0,"String":"f","Interface":null}}
2025-08-15T22:12:58.488-0500	DEBUG	protocol/handler.go:1591	have processed broadcast	{"{round 20 2  <nil>}": {"Key":"from","Type":15,"Integer":0,"String":"g","Interface":null}}
2025-08-15T22:12:58.488-0500	DEBUG	protocol/handler.go:1649	have all messages and processed	{"{round 20 2  <nil>}": {"Key":"self","Type":15,"Integer":0,"String":"e","Interface":null}}
2025-08-15T22:12:58.488-0500	DEBUG	protocol/handler.go:619	finalizing round
2025-08-15T22:12:58.489-0500	DEBUG	protocol/handler.go:581	tryAdvanceRound called	{"{current_round 20 2  <nil>}": {"Key":"self","Type":15,"Integer":0,"String":"e","Interface":null}}
2025-08-15T22:12:58.489-0500	DEBUG	protocol/handler.go:1591	have processed broadcast	{"{round 20 2  <nil>}": {"Key":"from","Type":15,"Integer":0,"String":"a","Interface":null}}
2025-08-15T22:12:58.489-0500	DEBUG	protocol/handler.go:1591	have processed broadcast	{"{round 20 2  <nil>}": {"Key":"from","Type":15,"Integer":0,"String":"b","Interface":null}}
2025-08-15T22:12:58.489-0500	DEBUG	protocol/handler.go:1591	have processed broadcast	{"{round 20 2  <nil>}": {"Key":"from","Type":15,"Integer":0,"String":"c","Interface":null}}
2025-08-15T22:12:58.489-0500	DEBUG	protocol/handler.go:1591	have processed broadcast	{"{round 20 2  <nil>}": {"Key":"from","Type":15,"Integer":0,"String":"d","Interface":null}}
2025-08-15T22:12:58.489-0500	DEBUG	protocol/handler.go:1591	have processed broadcast	{"{round 20 2  <nil>}": {"Key":"from","Type":15,"Integer":0,"String":"f","Interface":null}}
2025-08-15T22:12:58.489-0500	DEBUG	protocol/handler.go:1591	have processed broadcast	{"{round 20 2  <nil>}": {"Key":"from","Type":15,"Integer":0,"String":"g","Interface":null}}
2025-08-15T22:12:58.489-0500	DEBUG	protocol/handler.go:1649	have all messages and processed	{"{round 20 2  <nil>}": {"Key":"self","Type":15,"Integer":0,"String":"e","Interface":null}}
2025-08-15T22:12:58.489-0500	DEBUG	protocol/handler.go:596	round already finalized
2025-08-15T22:12:58.424-0500	DEBUG	protocol/handler.go:1591	have processed broadcast	{"{round 20 2  <nil>}": {"Key":"from","Type":15,"Integer":0,"String":"b","Interface":null}}
2025-08-15T22:12:58.489-0500	DEBUG	protocol/handler.go:1591	have processed broadcast	{"{round 20 2  <nil>}": {"Key":"from","Type":15,"Integer":0,"String":"c","Interface":null}}
2025-08-15T22:12:58.489-0500	DEBUG	protocol/handler.go:1591	have processed broadcast	{"{round 20 2  <nil>}": {"Key":"from","Type":15,"Integer":0,"String":"d","Interface":null}}
2025-08-15T22:12:58.489-0500	DEBUG	protocol/handler.go:1591	have processed broadcast	{"{round 20 2  <nil>}": {"Key":"from","Type":15,"Integer":0,"String":"g","Interface":null}}
2025-08-15T22:12:58.489-0500	DEBUG	protocol/handler.go:1600	waiting for broadcasts	{"{round 20 2  <nil>}": {"Key":"missing","Type":15,"Integer":0,"String":"[f]","Interface":null}}
2025-08-15T22:12:58.489-0500	DEBUG	protocol/handler.go:437	processing message	{"{from 15 0 g <nil>}": {"Key":"to","Type":15,"Integer":0,"String":"","Interface":null}, "{round 20 3  <nil>}": {"Key":"broadcast","Type":4,"Integer":1,"String":"","Interface":null}}
2025-08-15T22:12:58.489-0500	DEBUG	protocol/handler.go:1657	storing broadcast	{"{round 20 3  <nil>}": {"Key":"from","Type":15,"Integer":0,"String":"g","Interface":null}}
2025-08-15T22:12:58.489-0500	DEBUG	protocol/handler.go:470	message for different round (buffering)	{"{msg_round 20 3  <nil>}": {"Key":"current_round","Type":20,"Integer":2,"String":"","Interface":null}}
2025-08-15T22:12:58.489-0500	DEBUG	protocol/handler.go:581	tryAdvanceRound called	{"{current_round 20 2  <nil>}": {"Key":"self","Type":15,"Integer":0,"String":"e","Interface":null}}
2025-08-15T22:12:58.489-0500	DEBUG	protocol/handler.go:1591	have processed broadcast	{"{round 20 2  <nil>}": {"Key":"from","Type":15,"Integer":0,"String":"a","Interface":null}}
2025-08-15T22:12:58.489-0500	DEBUG	protocol/handler.go:1591	have processed broadcast	{"{round 20 2  <nil>}": {"Key":"from","Type":15,"Integer":0,"String":"b","Interface":null}}
2025-08-15T22:12:58.490-0500	DEBUG	protocol/handler.go:1591	have processed broadcast	{"{round 20 2  <nil>}": {"Key":"from","Type":15,"Integer":0,"String":"c","Interface":null}}
2025-08-15T22:12:58.490-0500	DEBUG	protocol/handler.go:1591	have processed broadcast	{"{round 20 2  <nil>}": {"Key":"from","Type":15,"Integer":0,"String":"d","Interface":null}}
2025-08-15T22:12:58.485-0500	DEBUG	protocol/handler.go:470	message for different round (buffering)	{"{msg_round 20 3  <nil>}": {"Key":"current_round","Type":20,"Integer":2,"String":"","Interface":null}}
2025-08-15T22:12:58.490-0500	DEBUG	protocol/handler.go:581	tryAdvanceRound called	{"{current_round 20 2  <nil>}": {"Key":"self","Type":15,"Integer":0,"String":"c","Interface":null}}
2025-08-15T22:12:58.490-0500	DEBUG	protocol/handler.go:1039	sendRoundMessage	{"{from 15 0 e <nil>}": {"Key":"to","Type":15,"Integer":0,"String":"","Interface":null}, "{round 20 3  <nil>}": {"Key":"broadcast","Type":4,"Integer":1,"String":"","Interface":null}}
2025-08-15T22:12:58.490-0500	DEBUG	protocol/handler.go:1657	storing broadcast	{"{round 20 3  <nil>}": {"Key":"from","Type":15,"Integer":0,"String":"e","Interface":null}}
2025-08-15T22:12:58.491-0500	DEBUG	protocol/handler.go:1081	sent message to output channel	{"{from 15 0 e <nil>}": {"Key":"to","Type":15,"Integer":0,"String":"","Interface":null}, "{round 20 3  <nil>}": {"Key":"broadcast","Type":4,"Integer":1,"String":"","Interface":null}}
2025-08-15T22:12:58.491-0500	DEBUG	protocol/handler.go:1039	sendRoundMessage	{"{from 15 0 e <nil>}": {"Key":"to","Type":15,"Integer":0,"String":"a","Interface":null}, "{round 20 3  <nil>}": {"Key":"broadcast","Type":4,"Integer":0,"String":"","Interface":null}}
2025-08-15T22:12:58.491-0500	DEBUG	protocol/handler.go:1081	sent message to output channel	{"{from 15 0 e <nil>}": {"Key":"to","Type":15,"Integer":0,"String":"a","Interface":null}, "{round 20 3  <nil>}": {"Key":"broadcast","Type":4,"Integer":0,"String":"","Interface":null}}
2025-08-15T22:12:58.491-0500	DEBUG	protocol/handler.go:1039	sendRoundMessage	{"{from 15 0 e <nil>}": {"Key":"to","Type":15,"Integer":0,"String":"b","Interface":null}, "{round 20 3  <nil>}": {"Key":"broadcast","Type":4,"Integer":0,"String":"","Interface":null}}
2025-08-15T22:12:58.491-0500	DEBUG	protocol/handler.go:1081	sent message to output channel	{"{from 15 0 e <nil>}": {"Key":"to","Type":15,"Integer":0,"String":"b","Interface":null}, "{round 20 3  <nil>}": {"Key":"broadcast","Type":4,"Integer":0,"String":"","Interface":null}}
2025-08-15T22:12:58.491-0500	DEBUG	protocol/handler.go:1039	sendRoundMessage	{"{from 15 0 e <nil>}": {"Key":"to","Type":15,"Integer":0,"String":"c","Interface":null}, "{round 20 3  <nil>}": {"Key":"broadcast","Type":4,"Integer":0,"String":"","Interface":null}}
2025-08-15T22:12:58.491-0500	DEBUG	protocol/handler.go:1081	sent message to output channel	{"{from 15 0 e <nil>}": {"Key":"to","Type":15,"Integer":0,"String":"c","Interface":null}, "{round 20 3  <nil>}": {"Key":"broadcast","Type":4,"Integer":0,"String":"","Interface":null}}
2025-08-15T22:12:58.491-0500	DEBUG	protocol/handler.go:1039	sendRoundMessage	{"{from 15 0 e <nil>}": {"Key":"to","Type":15,"Integer":0,"String":"d","Interface":null}, "{round 20 3  <nil>}": {"Key":"broadcast","Type":4,"Integer":0,"String":"","Interface":null}}
2025-08-15T22:12:58.491-0500	DEBUG	protocol/handler.go:1081	sent message to output channel	{"{from 15 0 e <nil>}": {"Key":"to","Type":15,"Integer":0,"String":"d","Interface":null}, "{round 20 3  <nil>}": {"Key":"broadcast","Type":4,"Integer":0,"String":"","Interface":null}}
2025-08-15T22:12:58.491-0500	DEBUG	protocol/handler.go:1039	sendRoundMessage	{"{from 15 0 e <nil>}": {"Key":"to","Type":15,"Integer":0,"String":"f","Interface":null}, "{round 20 3  <nil>}": {"Key":"broadcast","Type":4,"Integer":0,"String":"","Interface":null}}
2025-08-15T22:12:58.491-0500	DEBUG	protocol/handler.go:1081	sent message to output channel	{"{from 15 0 e <nil>}": {"Key":"to","Type":15,"Integer":0,"String":"f","Interface":null}, "{round 20 3  <nil>}": {"Key":"broadcast","Type":4,"Integer":0,"String":"","Interface":null}}
2025-08-15T22:12:58.491-0500	DEBUG	protocol/handler.go:1039	sendRoundMessage	{"{from 15 0 e <nil>}": {"Key":"to","Type":15,"Integer":0,"String":"g","Interface":null}, "{round 20 3  <nil>}": {"Key":"broadcast","Type":4,"Integer":0,"String":"","Interface":null}}
2025-08-15T22:12:58.491-0500	DEBUG	protocol/handler.go:1081	sent message to output channel	{"{from 15 0 e <nil>}": {"Key":"to","Type":15,"Integer":0,"String":"g","Interface":null}, "{round 20 3  <nil>}": {"Key":"broadcast","Type":4,"Integer":0,"String":"","Interface":null}}
2025-08-15T22:12:58.491-0500	DEBUG	protocol/handler.go:1182	finalized round messages	{"{round 20 2  <nil>}": {"Key":"messages","Type":11,"Integer":7,"String":"","Interface":null}}
2025-08-15T22:12:58.491-0500	DEBUG	protocol/handler.go:1239	finalize returned next round	{"{current 20 2  <nil>}": {"Key":"next","Type":20,"Integer":3,"String":"","Interface":null}}
2025-08-15T22:12:58.491-0500	INFO	protocol/handler.go:642	storing new currentRound	{"{from 20 2  <nil>}": {"Key":"to","Type":20,"Integer":3,"String":"","Interface":null}}
2025-08-15T22:12:58.491-0500	DEBUG	protocol/handler.go:1503	processing queued messages
2025-08-15T22:12:58.492-0500	DEBUG	protocol/handler.go:1503	processing queued messages
2025-08-15T22:12:58.498-0500	INFO	protocol/handler.go:560	advanced to round
2025-08-15T22:12:58.498-0500	DEBUG	protocol/handler.go:581	tryAdvanceRound called	{"{current_round 20 3  <nil>}": {"Key":"self","Type":15,"Integer":0,"String":"e","Interface":null}}
2025-08-15T22:12:58.498-0500	DEBUG	protocol/handler.go:1591	have processed broadcast	{"{round 20 3  <nil>}": {"Key":"from","Type":15,"Integer":0,"String":"g","Interface":null}}
2025-08-15T22:12:58.498-0500	DEBUG	protocol/handler.go:1600	waiting for broadcasts	{"{round 20 3  <nil>}": {"Key":"missing","Type":15,"Integer":0,"String":"[a b c d f]","Interface":null}}
2025-08-15T22:12:58.498-0500	DEBUG	protocol/handler.go:437	processing message	{"{from 15 0 e <nil>}": {"Key":"to","Type":15,"Integer":0,"String":"","Interface":null}, "{round 20 3  <nil>}": {"Key":"broadcast","Type":4,"Integer":1,"String":"","Interface":null}}
2025-08-15T22:12:58.499-0500	DEBUG	protocol/handler.go:1657	storing broadcast	{"{round 20 3  <nil>}": {"Key":"from","Type":15,"Integer":0,"String":"e","Interface":null}}
2025-08-15T22:12:58.499-0500	DEBUG	protocol/handler.go:581	tryAdvanceRound called	{"{current_round 20 3  <nil>}": {"Key":"self","Type":15,"Integer":0,"String":"a","Interface":null}}
2025-08-15T22:12:58.499-0500	DEBUG	protocol/handler.go:1591	have processed broadcast	{"{round 20 3  <nil>}": {"Key":"from","Type":15,"Integer":0,"String":"b","Interface":null}}
2025-08-15T22:12:58.499-0500	DEBUG	protocol/handler.go:1591	have processed broadcast	{"{round 20 3  <nil>}": {"Key":"from","Type":15,"Integer":0,"String":"e","Interface":null}}
2025-08-15T22:12:58.499-0500	DEBUG	protocol/handler.go:1591	have processed broadcast	{"{round 20 3  <nil>}": {"Key":"from","Type":15,"Integer":0,"String":"g","Interface":null}}
2025-08-15T22:12:58.499-0500	DEBUG	protocol/handler.go:1600	waiting for broadcasts	{"{round 20 3  <nil>}": {"Key":"missing","Type":15,"Integer":0,"String":"[c d f]","Interface":null}}
2025-08-15T22:12:58.499-0500	DEBUG	protocol/handler.go:437	processing message	{"{from 15 0 e <nil>}": {"Key":"to","Type":15,"Integer":0,"String":"","Interface":null}, "{round 20 3  <nil>}": {"Key":"broadcast","Type":4,"Integer":1,"String":"","Interface":null}}
2025-08-15T22:12:58.499-0500	DEBUG	protocol/handler.go:1657	storing broadcast	{"{round 20 3  <nil>}": {"Key":"from","Type":15,"Integer":0,"String":"e","Interface":null}}
2025-08-15T22:12:58.499-0500	DEBUG	protocol/handler.go:581	tryAdvanceRound called	{"{current_round 20 3  <nil>}": {"Key":"self","Type":15,"Integer":0,"String":"b","Interface":null}}
2025-08-15T22:12:58.499-0500	DEBUG	protocol/handler.go:1591	have processed broadcast	{"{round 20 3  <nil>}": {"Key":"from","Type":15,"Integer":0,"String":"e","Interface":null}}
2025-08-15T22:12:58.499-0500	DEBUG	protocol/handler.go:1591	have processed broadcast	{"{round 20 3  <nil>}": {"Key":"from","Type":15,"Integer":0,"String":"g","Interface":null}}
2025-08-15T22:12:58.499-0500	DEBUG	protocol/handler.go:1600	waiting for broadcasts	{"{round 20 3  <nil>}": {"Key":"missing","Type":15,"Integer":0,"String":"[a c d f]","Interface":null}}
2025-08-15T22:12:58.499-0500	DEBUG	protocol/handler.go:432	processMessage: p2p round 3 START	{"{from 15 0 e <nil>}": {"Key":"to","Type":15,"Integer":0,"String":"a","Interface":null}}
2025-08-15T22:12:58.499-0500	DEBUG	protocol/handler.go:437	processing message	{"{from 15 0 e <nil>}": {"Key":"to","Type":15,"Integer":0,"String":"a","Interface":null}, "{round 20 3  <nil>}": {"Key":"broadcast","Type":4,"Integer":0,"String":"","Interface":null}}
2025-08-15T22:12:58.499-0500	DEBUG	protocol/handler.go:1662	storing message	{"{round 20 3  <nil>}": {"Key":"from","Type":15,"Integer":0,"String":"e","Interface":null}}
2025-08-15T22:12:58.500-0500	DEBUG	protocol/handler.go:432	processMessage: p2p round 3 START	{"{from 15 0 e <nil>}": {"Key":"to","Type":15,"Integer":0,"String":"b","Interface":null}}
2025-08-15T22:12:58.501-0500	DEBUG	protocol/handler.go:432	processMessage: p2p round 3 START	{"{from 15 0 a <nil>}": {"Key":"to","Type":15,"Integer":0,"String":"c","Interface":null}}
2025-08-15T22:12:58.501-0500	DEBUG	protocol/handler.go:437	processing message	{"{from 15 0 a <nil>}": {"Key":"to","Type":15,"Integer":0,"String":"c","Interface":null}, "{round 20 3  <nil>}": {"Key":"broadcast","Type":4,"Integer":0,"String":"","Interface":null}}
2025-08-15T22:12:58.501-0500	DEBUG	protocol/handler.go:1662	storing message	{"{round 20 3  <nil>}": {"Key":"from","Type":15,"Integer":0,"String":"a","Interface":null}}
2025-08-15T22:12:58.501-0500	DEBUG	protocol/handler.go:581	tryAdvanceRound called	{"{current_round 20 3  <nil>}": {"Key":"self","Type":15,"Integer":0,"String":"a","Interface":null}}
2025-08-15T22:12:58.501-0500	DEBUG	protocol/handler.go:470	message for different round (buffering)	{"{msg_round 20 3  <nil>}": {"Key":"current_round","Type":20,"Integer":2,"String":"","Interface":null}}
2025-08-15T22:12:58.501-0500	DEBUG	protocol/handler.go:581	tryAdvanceRound called	{"{current_round 20 2  <nil>}": {"Key":"self","Type":15,"Integer":0,"String":"c","Interface":null}}
2025-08-15T22:12:58.501-0500	DEBUG	protocol/handler.go:1591	have processed broadcast	{"{round 20 3  <nil>}": {"Key":"from","Type":15,"Integer":0,"String":"b","Interface":null}}
2025-08-15T22:12:58.502-0500	DEBUG	protocol/handler.go:1591	have processed broadcast	{"{round 20 3  <nil>}": {"Key":"from","Type":15,"Integer":0,"String":"e","Interface":null}}
2025-08-15T22:12:58.502-0500	DEBUG	protocol/handler.go:1591	have processed broadcast	{"{round 20 2  <nil>}": {"Key":"from","Type":15,"Integer":0,"String":"a","Interface":null}}
2025-08-15T22:12:58.502-0500	DEBUG	protocol/handler.go:1591	have processed broadcast	{"{round 20 3  <nil>}": {"Key":"from","Type":15,"Integer":0,"String":"g","Interface":null}}
2025-08-15T22:12:58.502-0500	DEBUG	protocol/handler.go:1591	have processed broadcast	{"{round 20 2  <nil>}": {"Key":"from","Type":15,"Integer":0,"String":"b","Interface":null}}
2025-08-15T22:12:58.502-0500	DEBUG	protocol/handler.go:1600	waiting for broadcasts	{"{round 20 3  <nil>}": {"Key":"missing","Type":15,"Integer":0,"String":"[c d f]","Interface":null}}
2025-08-15T22:12:58.502-0500	DEBUG	protocol/handler.go:1591	have processed broadcast	{"{round 20 2  <nil>}": {"Key":"from","Type":15,"Integer":0,"String":"d","Interface":null}}
2025-08-15T22:12:58.502-0500	DEBUG	protocol/handler.go:432	processMessage: p2p round 3 START	{"{from 15 0 e <nil>}": {"Key":"to","Type":15,"Integer":0,"String":"c","Interface":null}}
2025-08-15T22:12:58.502-0500	DEBUG	protocol/handler.go:437	processing message	{"{from 15 0 e <nil>}": {"Key":"to","Type":15,"Integer":0,"String":"c","Interface":null}, "{round 20 3  <nil>}": {"Key":"broadcast","Type":4,"Integer":0,"String":"","Interface":null}}
2025-08-15T22:12:58.502-0500	DEBUG	protocol/handler.go:1662	storing message	{"{round 20 3  <nil>}": {"Key":"from","Type":15,"Integer":0,"String":"e","Interface":null}}
2025-08-15T22:12:58.502-0500	DEBUG	protocol/handler.go:470	message for different round (buffering)	{"{msg_round 20 3  <nil>}": {"Key":"current_round","Type":20,"Integer":2,"String":"","Interface":null}}
2025-08-15T22:12:58.502-0500	DEBUG	protocol/handler.go:581	tryAdvanceRound called	{"{current_round 20 2  <nil>}": {"Key":"self","Type":15,"Integer":0,"String":"c","Interface":null}}
2025-08-15T22:12:58.502-0500	DEBUG	protocol/handler.go:1591	have processed broadcast	{"{round 20 2  <nil>}": {"Key":"from","Type":15,"Integer":0,"String":"a","Interface":null}}
2025-08-15T22:12:58.502-0500	DEBUG	protocol/handler.go:1591	have processed broadcast	{"{round 20 2  <nil>}": {"Key":"from","Type":15,"Integer":0,"String":"b","Interface":null}}
2025-08-15T22:12:58.502-0500	DEBUG	protocol/handler.go:1591	have processed broadcast	{"{round 20 2  <nil>}": {"Key":"from","Type":15,"Integer":0,"String":"d","Interface":null}}
2025-08-15T22:12:58.502-0500	DEBUG	protocol/handler.go:1591	have processed broadcast	{"{round 20 2  <nil>}": {"Key":"from","Type":15,"Integer":0,"String":"f","Interface":null}}
2025-08-15T22:12:58.502-0500	DEBUG	protocol/handler.go:1591	have processed broadcast	{"{round 20 2  <nil>}": {"Key":"from","Type":15,"Integer":0,"String":"g","Interface":null}}
2025-08-15T22:12:58.502-0500	DEBUG	protocol/handler.go:1600	waiting for broadcasts	{"{round 20 2  <nil>}": {"Key":"missing","Type":15,"Integer":0,"String":"[e]","Interface":null}}
2025-08-15T22:12:58.503-0500	DEBUG	protocol/handler.go:432	processMessage: p2p round 3 START	{"{from 15 0 b <nil>}": {"Key":"to","Type":15,"Integer":0,"String":"a","Interface":null}}
2025-08-15T22:12:58.503-0500	DEBUG	protocol/handler.go:437	processing message	{"{from 15 0 b <nil>}": {"Key":"to","Type":15,"Integer":0,"String":"a","Interface":null}, "{round 20 3  <nil>}": {"Key":"broadcast","Type":4,"Integer":0,"String":"","Interface":null}}
2025-08-15T22:12:58.503-0500	DEBUG	protocol/handler.go:1662	storing message	{"{round 20 3  <nil>}": {"Key":"from","Type":15,"Integer":0,"String":"b","Interface":null}}
2025-08-15T22:12:58.506-0500	DEBUG	protocol/handler.go:432	processMessage: p2p round 3 START	{"{from 15 0 a <nil>}": {"Key":"to","Type":15,"Integer":0,"String":"f","Interface":null}}
2025-08-15T22:12:58.507-0500	DEBUG	protocol/handler.go:437	processing message	{"{from 15 0 a <nil>}": {"Key":"to","Type":15,"Integer":0,"String":"f","Interface":null}, "{round 20 3  <nil>}": {"Key":"broadcast","Type":4,"Integer":0,"String":"","Interface":null}}
2025-08-15T22:12:58.507-0500	DEBUG	protocol/handler.go:1662	storing message	{"{round 20 3  <nil>}": {"Key":"from","Type":15,"Integer":0,"String":"a","Interface":null}}
2025-08-15T22:12:58.507-0500	DEBUG	protocol/handler.go:470	message for different round (buffering)	{"{msg_round 20 3  <nil>}": {"Key":"current_round","Type":20,"Integer":2,"String":"","Interface":null}}
2025-08-15T22:12:58.507-0500	DEBUG	protocol/handler.go:581	tryAdvanceRound called	{"{current_round 20 2  <nil>}": {"Key":"self","Type":15,"Integer":0,"String":"f","Interface":null}}
2025-08-15T22:12:58.500-0500	DEBUG	protocol/handler.go:437	processing message	{"{from 15 0 e <nil>}": {"Key":"to","Type":15,"Integer":0,"String":"b","Interface":null}, "{round 20 3  <nil>}": {"Key":"broadcast","Type":4,"Integer":0,"String":"","Interface":null}}
2025-08-15T22:12:58.508-0500	DEBUG	protocol/handler.go:1662	storing message	{"{round 20 3  <nil>}": {"Key":"from","Type":15,"Integer":0,"String":"e","Interface":null}}
2025-08-15T22:12:58.502-0500	DEBUG	protocol/handler.go:1591	have processed broadcast	{"{round 20 2  <nil>}": {"Key":"from","Type":15,"Integer":0,"String":"f","Interface":null}}
2025-08-15T22:12:58.515-0500	DEBUG	protocol/handler.go:437	processing message	{"{from 15 0 b <nil>}": {"Key":"to","Type":15,"Integer":0,"String":"","Interface":null}, "{round 20 3  <nil>}": {"Key":"broadcast","Type":4,"Integer":1,"String":"","Interface":null}}
2025-08-15T22:12:58.517-0500	DEBUG	protocol/handler.go:1657	storing broadcast	{"{round 20 3  <nil>}": {"Key":"from","Type":15,"Integer":0,"String":"b","Interface":null}}
2025-08-15T22:12:58.517-0500	DEBUG	protocol/handler.go:470	message for different round (buffering)	{"{msg_round 20 3  <nil>}": {"Key":"current_round","Type":20,"Integer":2,"String":"","Interface":null}}
2025-08-15T22:12:58.517-0500	DEBUG	protocol/handler.go:581	tryAdvanceRound called	{"{current_round 20 2  <nil>}": {"Key":"self","Type":15,"Integer":0,"String":"c","Interface":null}}
2025-08-15T22:12:58.517-0500	DEBUG	protocol/handler.go:1591	have processed broadcast	{"{round 20 2  <nil>}": {"Key":"from","Type":15,"Integer":0,"String":"a","Interface":null}}
2025-08-15T22:12:58.517-0500	DEBUG	protocol/handler.go:1591	have processed broadcast	{"{round 20 2  <nil>}": {"Key":"from","Type":15,"Integer":0,"String":"b","Interface":null}}
2025-08-15T22:12:58.490-0500	DEBUG	protocol/handler.go:1591	have processed broadcast	{"{round 20 2  <nil>}": {"Key":"from","Type":15,"Integer":0,"String":"f","Interface":null}}
2025-08-15T22:12:58.519-0500	DEBUG	protocol/handler.go:1591	have processed broadcast	{"{round 20 2  <nil>}": {"Key":"from","Type":15,"Integer":0,"String":"g","Interface":null}}
2025-08-15T22:12:58.521-0500	DEBUG	protocol/handler.go:437	processing message	{"{from 15 0 a <nil>}": {"Key":"to","Type":15,"Integer":0,"String":"","Interface":null}, "{round 20 3  <nil>}": {"Key":"broadcast","Type":4,"Integer":1,"String":"","Interface":null}}
2025-08-15T22:12:58.521-0500	DEBUG	protocol/handler.go:1657	storing broadcast	{"{round 20 3  <nil>}": {"Key":"from","Type":15,"Integer":0,"String":"a","Interface":null}}
2025-08-15T22:12:58.522-0500	DEBUG	protocol/handler.go:581	tryAdvanceRound called	{"{current_round 20 3  <nil>}": {"Key":"self","Type":15,"Integer":0,"String":"g","Interface":null}}
2025-08-15T22:12:58.522-0500	DEBUG	protocol/handler.go:1591	have processed broadcast	{"{round 20 3  <nil>}": {"Key":"from","Type":15,"Integer":0,"String":"a","Interface":null}}
2025-08-15T22:12:58.522-0500	DEBUG	protocol/handler.go:1600	waiting for broadcasts	{"{round 20 3  <nil>}": {"Key":"missing","Type":15,"Integer":0,"String":"[b c d e f]","Interface":null}}
2025-08-15T22:12:58.523-0500	DEBUG	protocol/handler.go:437	processing message	{"{from 15 0 b <nil>}": {"Key":"to","Type":15,"Integer":0,"String":"","Interface":null}, "{round 20 3  <nil>}": {"Key":"broadcast","Type":4,"Integer":1,"String":"","Interface":null}}
2025-08-15T22:12:58.523-0500	DEBUG	protocol/handler.go:1657	storing broadcast	{"{round 20 3  <nil>}": {"Key":"from","Type":15,"Integer":0,"String":"b","Interface":null}}
2025-08-15T22:12:58.523-0500	DEBUG	protocol/handler.go:581	tryAdvanceRound called	{"{current_round 20 3  <nil>}": {"Key":"self","Type":15,"Integer":0,"String":"g","Interface":null}}
2025-08-15T22:12:58.523-0500	DEBUG	protocol/handler.go:1591	have processed broadcast	{"{round 20 3  <nil>}": {"Key":"from","Type":15,"Integer":0,"String":"a","Interface":null}}
2025-08-15T22:12:58.523-0500	DEBUG	protocol/handler.go:1591	have processed broadcast	{"{round 20 3  <nil>}": {"Key":"from","Type":15,"Integer":0,"String":"b","Interface":null}}
2025-08-15T22:12:58.523-0500	DEBUG	protocol/handler.go:1600	waiting for broadcasts	{"{round 20 3  <nil>}": {"Key":"missing","Type":15,"Integer":0,"String":"[c d e f]","Interface":null}}
2025-08-15T22:12:58.523-0500	DEBUG	protocol/handler.go:432	processMessage: p2p round 3 START	{"{from 15 0 b <nil>}": {"Key":"to","Type":15,"Integer":0,"String":"g","Interface":null}}
2025-08-15T22:12:58.523-0500	DEBUG	protocol/handler.go:437	processing message	{"{from 15 0 b <nil>}": {"Key":"to","Type":15,"Integer":0,"String":"g","Interface":null}, "{round 20 3  <nil>}": {"Key":"broadcast","Type":4,"Integer":0,"String":"","Interface":null}}
2025-08-15T22:12:58.523-0500	DEBUG	protocol/handler.go:1662	storing message	{"{round 20 3  <nil>}": {"Key":"from","Type":15,"Integer":0,"String":"b","Interface":null}}
2025-08-15T22:12:58.524-0500	DEBUG	protocol/handler.go:437	processing message	{"{from 15 0 b <nil>}": {"Key":"to","Type":15,"Integer":0,"String":"","Interface":null}, "{round 20 3  <nil>}": {"Key":"broadcast","Type":4,"Integer":1,"String":"","Interface":null}}
2025-08-15T22:12:58.525-0500	DEBUG	protocol/handler.go:1657	storing broadcast	{"{round 20 3  <nil>}": {"Key":"from","Type":15,"Integer":0,"String":"b","Interface":null}}
2025-08-15T22:12:58.525-0500	DEBUG	protocol/handler.go:581	tryAdvanceRound called	{"{current_round 20 3  <nil>}": {"Key":"self","Type":15,"Integer":0,"String":"e","Interface":null}}
2025-08-15T22:12:58.525-0500	DEBUG	protocol/handler.go:1591	have processed broadcast	{"{round 20 3  <nil>}": {"Key":"from","Type":15,"Integer":0,"String":"b","Interface":null}}
2025-08-15T22:12:58.525-0500	DEBUG	protocol/handler.go:1591	have processed broadcast	{"{round 20 3  <nil>}": {"Key":"from","Type":15,"Integer":0,"String":"g","Interface":null}}
2025-08-15T22:12:58.525-0500	DEBUG	protocol/handler.go:1600	waiting for broadcasts	{"{round 20 3  <nil>}": {"Key":"missing","Type":15,"Integer":0,"String":"[a c d f]","Interface":null}}
2025-08-15T22:12:58.525-0500	DEBUG	protocol/handler.go:437	processing message	{"{from 15 0 a <nil>}": {"Key":"to","Type":15,"Integer":0,"String":"","Interface":null}, "{round 20 3  <nil>}": {"Key":"broadcast","Type":4,"Integer":1,"String":"","Interface":null}}
2025-08-15T22:12:58.525-0500	DEBUG	protocol/handler.go:1657	storing broadcast	{"{round 20 3  <nil>}": {"Key":"from","Type":15,"Integer":0,"String":"a","Interface":null}}
2025-08-15T22:12:58.525-0500	DEBUG	protocol/handler.go:581	tryAdvanceRound called	{"{current_round 20 3  <nil>}": {"Key":"self","Type":15,"Integer":0,"String":"e","Interface":null}}
2025-08-15T22:12:58.525-0500	DEBUG	protocol/handler.go:1591	have processed broadcast	{"{round 20 3  <nil>}": {"Key":"from","Type":15,"Integer":0,"String":"a","Interface":null}}
2025-08-15T22:12:58.525-0500	DEBUG	protocol/handler.go:1591	have processed broadcast	{"{round 20 3  <nil>}": {"Key":"from","Type":15,"Integer":0,"String":"b","Interface":null}}
2025-08-15T22:12:58.525-0500	DEBUG	protocol/handler.go:1591	have processed broadcast	{"{round 20 3  <nil>}": {"Key":"from","Type":15,"Integer":0,"String":"g","Interface":null}}
2025-08-15T22:12:58.525-0500	DEBUG	protocol/handler.go:1600	waiting for broadcasts	{"{round 20 3  <nil>}": {"Key":"missing","Type":15,"Integer":0,"String":"[c d f]","Interface":null}}
2025-08-15T22:12:58.525-0500	DEBUG	protocol/handler.go:581	tryAdvanceRound called	{"{current_round 20 3  <nil>}": {"Key":"self","Type":15,"Integer":0,"String":"b","Interface":null}}
2025-08-15T22:12:58.525-0500	DEBUG	protocol/handler.go:432	processMessage: p2p round 3 START	{"{from 15 0 a <nil>}": {"Key":"to","Type":15,"Integer":0,"String":"d","Interface":null}}
2025-08-15T22:12:58.525-0500	DEBUG	protocol/handler.go:1591	have processed broadcast	{"{round 20 3  <nil>}": {"Key":"from","Type":15,"Integer":0,"String":"e","Interface":null}}
2025-08-15T22:12:58.525-0500	DEBUG	protocol/handler.go:437	processing message	{"{from 15 0 a <nil>}": {"Key":"to","Type":15,"Integer":0,"String":"d","Interface":null}, "{round 20 3  <nil>}": {"Key":"broadcast","Type":4,"Integer":0,"String":"","Interface":null}}
2025-08-15T22:12:58.525-0500	DEBUG	protocol/handler.go:1662	storing message	{"{round 20 3  <nil>}": {"Key":"from","Type":15,"Integer":0,"String":"a","Interface":null}}
2025-08-15T22:12:58.525-0500	DEBUG	protocol/handler.go:470	message for different round (buffering)	{"{msg_round 20 3  <nil>}": {"Key":"current_round","Type":20,"Integer":2,"String":"","Interface":null}}
2025-08-15T22:12:58.526-0500	DEBUG	protocol/handler.go:581	tryAdvanceRound called	{"{current_round 20 2  <nil>}": {"Key":"self","Type":15,"Integer":0,"String":"d","Interface":null}}
2025-08-15T22:12:58.526-0500	DEBUG	protocol/handler.go:1591	have processed broadcast	{"{round 20 2  <nil>}": {"Key":"from","Type":15,"Integer":0,"String":"a","Interface":null}}
2025-08-15T22:12:58.526-0500	DEBUG	protocol/handler.go:1591	have processed broadcast	{"{round 20 2  <nil>}": {"Key":"from","Type":15,"Integer":0,"String":"b","Interface":null}}
2025-08-15T22:12:58.526-0500	DEBUG	protocol/handler.go:1591	have processed broadcast	{"{round 20 2  <nil>}": {"Key":"from","Type":15,"Integer":0,"String":"c","Interface":null}}
2025-08-15T22:12:58.526-0500	DEBUG	protocol/handler.go:1591	have processed broadcast	{"{round 20 2  <nil>}": {"Key":"from","Type":15,"Integer":0,"String":"e","Interface":null}}
2025-08-15T22:12:58.526-0500	DEBUG	protocol/handler.go:1591	have processed broadcast	{"{round 20 2  <nil>}": {"Key":"from","Type":15,"Integer":0,"String":"f","Interface":null}}
2025-08-15T22:12:58.526-0500	DEBUG	protocol/handler.go:1591	have processed broadcast	{"{round 20 2  <nil>}": {"Key":"from","Type":15,"Integer":0,"String":"g","Interface":null}}
2025-08-15T22:12:58.526-0500	DEBUG	protocol/handler.go:1649	have all messages and processed	{"{round 20 2  <nil>}": {"Key":"self","Type":15,"Integer":0,"String":"d","Interface":null}}
2025-08-15T22:12:58.526-0500	DEBUG	protocol/handler.go:619	finalizing round
2025-08-15T22:12:58.517-0500	DEBUG	protocol/handler.go:1591	have processed broadcast	{"{round 20 2  <nil>}": {"Key":"from","Type":15,"Integer":0,"String":"d","Interface":null}}
2025-08-15T22:12:58.526-0500	DEBUG	protocol/handler.go:1591	have processed broadcast	{"{round 20 3  <nil>}": {"Key":"from","Type":15,"Integer":0,"String":"g","Interface":null}}
2025-08-15T22:12:58.526-0500	DEBUG	protocol/handler.go:1591	have processed broadcast	{"{round 20 2  <nil>}": {"Key":"from","Type":15,"Integer":0,"String":"f","Interface":null}}
2025-08-15T22:12:58.527-0500	DEBUG	protocol/handler.go:432	processMessage: p2p round 3 START	{"{from 15 0 e <nil>}": {"Key":"to","Type":15,"Integer":0,"String":"f","Interface":null}}
2025-08-15T22:12:58.526-0500	DEBUG	protocol/handler.go:1591	have processed broadcast	{"{round 20 2  <nil>}": {"Key":"from","Type":15,"Integer":0,"String":"g","Interface":null}}
2025-08-15T22:12:58.526-0500	DEBUG	protocol/handler.go:1600	waiting for broadcasts	{"{round 20 3  <nil>}": {"Key":"missing","Type":15,"Integer":0,"String":"[a c d f]","Interface":null}}
2025-08-15T22:12:58.527-0500	DEBUG	protocol/handler.go:437	processing message	{"{from 15 0 e <nil>}": {"Key":"to","Type":15,"Integer":0,"String":"f","Interface":null}, "{round 20 3  <nil>}": {"Key":"broadcast","Type":4,"Integer":0,"String":"","Interface":null}}
2025-08-15T22:12:58.527-0500	DEBUG	protocol/handler.go:1662	storing message	{"{round 20 3  <nil>}": {"Key":"from","Type":15,"Integer":0,"String":"e","Interface":null}}
2025-08-15T22:12:58.527-0500	DEBUG	protocol/handler.go:1600	waiting for broadcasts	{"{round 20 2  <nil>}": {"Key":"missing","Type":15,"Integer":0,"String":"[e]","Interface":null}}
2025-08-15T22:12:58.490-0500	DEBUG	protocol/handler.go:1591	have processed broadcast	{"{round 20 2  <nil>}": {"Key":"from","Type":15,"Integer":0,"String":"a","Interface":null}}
2025-08-15T22:12:58.527-0500	DEBUG	protocol/handler.go:437	processing message	{"{from 15 0 e <nil>}": {"Key":"to","Type":15,"Integer":0,"String":"","Interface":null}, "{round 20 3  <nil>}": {"Key":"broadcast","Type":4,"Integer":1,"String":"","Interface":null}}
2025-08-15T22:12:58.527-0500	DEBUG	protocol/handler.go:1657	storing broadcast	{"{round 20 3  <nil>}": {"Key":"from","Type":15,"Integer":0,"String":"e","Interface":null}}
2025-08-15T22:12:58.527-0500	DEBUG	protocol/handler.go:470	message for different round (buffering)	{"{msg_round 20 3  <nil>}": {"Key":"current_round","Type":20,"Integer":2,"String":"","Interface":null}}
2025-08-15T22:12:58.527-0500	DEBUG	protocol/handler.go:470	message for different round (buffering)	{"{msg_round 20 3  <nil>}": {"Key":"current_round","Type":20,"Integer":2,"String":"","Interface":null}}
2025-08-15T22:12:58.528-0500	DEBUG	protocol/handler.go:432	processMessage: p2p round 3 START	{"{from 15 0 a <nil>}": {"Key":"to","Type":15,"Integer":0,"String":"g","Interface":null}}
2025-08-15T22:12:58.528-0500	DEBUG	protocol/handler.go:437	processing message	{"{from 15 0 a <nil>}": {"Key":"to","Type":15,"Integer":0,"String":"g","Interface":null}, "{round 20 3  <nil>}": {"Key":"broadcast","Type":4,"Integer":0,"String":"","Interface":null}}
2025-08-15T22:12:58.528-0500	DEBUG	protocol/handler.go:1662	storing message	{"{round 20 3  <nil>}": {"Key":"from","Type":15,"Integer":0,"String":"a","Interface":null}}
2025-08-15T22:12:58.528-0500	DEBUG	protocol/handler.go:581	tryAdvanceRound called	{"{current_round 20 2  <nil>}": {"Key":"self","Type":15,"Integer":0,"String":"c","Interface":null}}
2025-08-15T22:12:58.528-0500	DEBUG	protocol/handler.go:1591	have processed broadcast	{"{round 20 2  <nil>}": {"Key":"from","Type":15,"Integer":0,"String":"a","Interface":null}}
2025-08-15T22:12:58.528-0500	DEBUG	protocol/handler.go:1591	have processed broadcast	{"{round 20 2  <nil>}": {"Key":"from","Type":15,"Integer":0,"String":"b","Interface":null}}
2025-08-15T22:12:58.528-0500	DEBUG	protocol/handler.go:1591	have processed broadcast	{"{round 20 2  <nil>}": {"Key":"from","Type":15,"Integer":0,"String":"d","Interface":null}}
2025-08-15T22:12:58.528-0500	DEBUG	protocol/handler.go:1591	have processed broadcast	{"{round 20 2  <nil>}": {"Key":"from","Type":15,"Integer":0,"String":"f","Interface":null}}
2025-08-15T22:12:58.529-0500	DEBUG	protocol/handler.go:1591	have processed broadcast	{"{round 20 2  <nil>}": {"Key":"from","Type":15,"Integer":0,"String":"g","Interface":null}}
2025-08-15T22:12:58.529-0500	DEBUG	protocol/handler.go:1600	waiting for broadcasts	{"{round 20 2  <nil>}": {"Key":"missing","Type":15,"Integer":0,"String":"[e]","Interface":null}}
2025-08-15T22:12:58.529-0500	DEBUG	protocol/handler.go:437	processing message	{"{from 15 0 a <nil>}": {"Key":"to","Type":15,"Integer":0,"String":"","Interface":null}, "{round 20 3  <nil>}": {"Key":"broadcast","Type":4,"Integer":1,"String":"","Interface":null}}
2025-08-15T22:12:58.529-0500	DEBUG	protocol/handler.go:1657	storing broadcast	{"{round 20 3  <nil>}": {"Key":"from","Type":15,"Integer":0,"String":"a","Interface":null}}
2025-08-15T22:12:58.529-0500	DEBUG	protocol/handler.go:470	message for different round (buffering)	{"{msg_round 20 3  <nil>}": {"Key":"current_round","Type":20,"Integer":2,"String":"","Interface":null}}
2025-08-15T22:12:58.529-0500	DEBUG	protocol/handler.go:581	tryAdvanceRound called	{"{current_round 20 2  <nil>}": {"Key":"self","Type":15,"Integer":0,"String":"c","Interface":null}}
2025-08-15T22:12:58.530-0500	DEBUG	protocol/handler.go:581	tryAdvanceRound called	{"{current_round 20 3  <nil>}": {"Key":"self","Type":15,"Integer":0,"String":"g","Interface":null}}
2025-08-15T22:12:58.530-0500	DEBUG	protocol/handler.go:1591	have processed broadcast	{"{round 20 2  <nil>}": {"Key":"from","Type":15,"Integer":0,"String":"a","Interface":null}}
2025-08-15T22:12:58.530-0500	DEBUG	protocol/handler.go:1591	have processed broadcast	{"{round 20 2  <nil>}": {"Key":"from","Type":15,"Integer":0,"String":"b","Interface":null}}
2025-08-15T22:12:58.530-0500	DEBUG	protocol/handler.go:1591	have processed broadcast	{"{round 20 2  <nil>}": {"Key":"from","Type":15,"Integer":0,"String":"d","Interface":null}}
2025-08-15T22:12:58.530-0500	DEBUG	protocol/handler.go:1591	have processed broadcast	{"{round 20 2  <nil>}": {"Key":"from","Type":15,"Integer":0,"String":"f","Interface":null}}
2025-08-15T22:12:58.530-0500	DEBUG	protocol/handler.go:1591	have processed broadcast	{"{round 20 2  <nil>}": {"Key":"from","Type":15,"Integer":0,"String":"g","Interface":null}}
2025-08-15T22:12:58.530-0500	DEBUG	protocol/handler.go:1600	waiting for broadcasts	{"{round 20 2  <nil>}": {"Key":"missing","Type":15,"Integer":0,"String":"[e]","Interface":null}}
2025-08-15T22:12:58.424-0500	DEBUG	protocol/handler.go:1591	have processed broadcast	{"{round 20 2  <nil>}": {"Key":"from","Type":15,"Integer":0,"String":"e","Interface":null}}
2025-08-15T22:12:58.531-0500	DEBUG	protocol/handler.go:1600	waiting for broadcasts	{"{round 20 2  <nil>}": {"Key":"missing","Type":15,"Integer":0,"String":"[f]","Interface":null}}
2025-08-15T22:12:58.527-0500	DEBUG	protocol/handler.go:581	tryAdvanceRound called	{"{current_round 20 2  <nil>}": {"Key":"self","Type":15,"Integer":0,"String":"f","Interface":null}}
2025-08-15T22:12:58.532-0500	DEBUG	protocol/handler.go:1591	have processed broadcast	{"{round 20 3  <nil>}": {"Key":"from","Type":15,"Integer":0,"String":"a","Interface":null}}
2025-08-15T22:12:58.532-0500	DEBUG	protocol/handler.go:1591	have processed broadcast	{"{round 20 3  <nil>}": {"Key":"from","Type":15,"Integer":0,"String":"b","Interface":null}}
2025-08-15T22:12:58.532-0500	DEBUG	protocol/handler.go:1600	waiting for broadcasts	{"{round 20 3  <nil>}": {"Key":"missing","Type":15,"Integer":0,"String":"[c d e f]","Interface":null}}
2025-08-15T22:12:58.527-0500	DEBUG	protocol/handler.go:1591	have processed broadcast	{"{round 20 2  <nil>}": {"Key":"from","Type":15,"Integer":0,"String":"b","Interface":null}}
2025-08-15T22:12:58.532-0500	DEBUG	protocol/handler.go:1591	have processed broadcast	{"{round 20 2  <nil>}": {"Key":"from","Type":15,"Integer":0,"String":"d","Interface":null}}
2025-08-15T22:12:58.532-0500	DEBUG	protocol/handler.go:1591	have processed broadcast	{"{round 20 2  <nil>}": {"Key":"from","Type":15,"Integer":0,"String":"f","Interface":null}}
2025-08-15T22:12:58.532-0500	DEBUG	protocol/handler.go:1591	have processed broadcast	{"{round 20 2  <nil>}": {"Key":"from","Type":15,"Integer":0,"String":"g","Interface":null}}
2025-08-15T22:12:58.424-0500	DEBUG	protocol/handler.go:1600	waiting for broadcasts	{"{round 20 2  <nil>}": {"Key":"missing","Type":15,"Integer":0,"String":"[e f g]","Interface":null}}
2025-08-15T22:12:58.540-0500	INFO	protocol/handler.go:560	advanced to round
2025-08-15T22:12:58.540-0500	DEBUG	protocol/handler.go:581	tryAdvanceRound called	{"{current_round 20 3  <nil>}": {"Key":"self","Type":15,"Integer":0,"String":"e","Interface":null}}
2025-08-15T22:12:58.540-0500	DEBUG	protocol/handler.go:581	tryAdvanceRound called	{"{current_round 20 3  <nil>}": {"Key":"self","Type":15,"Integer":0,"String":"b","Interface":null}}
2025-08-15T22:12:58.540-0500	DEBUG	protocol/handler.go:1591	have processed broadcast	{"{round 20 3  <nil>}": {"Key":"from","Type":15,"Integer":0,"String":"e","Interface":null}}
2025-08-15T22:12:58.540-0500	DEBUG	protocol/handler.go:1591	have processed broadcast	{"{round 20 3  <nil>}": {"Key":"from","Type":15,"Integer":0,"String":"g","Interface":null}}
2025-08-15T22:12:58.542-0500	DEBUG	protocol/handler.go:1591	have processed broadcast	{"{round 20 2  <nil>}": {"Key":"from","Type":15,"Integer":0,"String":"g","Interface":null}}
2025-08-15T22:12:58.542-0500	DEBUG	protocol/handler.go:1649	have all messages and processed	{"{round 20 2  <nil>}": {"Key":"self","Type":15,"Integer":0,"String":"e","Interface":null}}
2025-08-15T22:12:58.542-0500	DEBUG	protocol/handler.go:596	round already finalized
2025-08-15T22:12:58.542-0500	DEBUG	protocol/handler.go:600	current round already advanced	{"{checking 20 2  <nil>}": {"Key":"current","Type":20,"Integer":3,"String":"","Interface":null}}
2025-08-15T22:12:58.540-0500	DEBUG	protocol/handler.go:1591	have processed broadcast	{"{round 20 3  <nil>}": {"Key":"from","Type":15,"Integer":0,"String":"a","Interface":null}}
2025-08-15T22:12:58.542-0500	DEBUG	protocol/handler.go:1591	have processed broadcast	{"{round 20 3  <nil>}": {"Key":"from","Type":15,"Integer":0,"String":"b","Interface":null}}
2025-08-15T22:12:58.542-0500	DEBUG	protocol/handler.go:1591	have processed broadcast	{"{round 20 3  <nil>}": {"Key":"from","Type":15,"Integer":0,"String":"g","Interface":null}}
2025-08-15T22:12:58.542-0500	DEBUG	protocol/handler.go:1600	waiting for broadcasts	{"{round 20 3  <nil>}": {"Key":"missing","Type":15,"Integer":0,"String":"[c d f]","Interface":null}}
2025-08-15T22:12:58.425-0500	DEBUG	protocol/handler.go:596	round already finalized
==================
WARNING: DATA RACE
Read at 0x00c0003de3f8 by goroutine 2203:
  github.com/luxfi/threshold/protocols/frost/keygen.(*round2).Number()
      <autogenerated>:1 +0x38
  github.com/luxfi/threshold/pkg/protocol.(*Handler).tryAdvanceRound()
      /Users/z/work/lux/threshold/pkg/protocol/handler.go:599 +0x478
  github.com/luxfi/threshold/pkg/protocol.(*Handler).processMessage()
      /Users/z/work/lux/threshold/pkg/protocol/handler.go:474 +0xb70
  github.com/luxfi/threshold/pkg/protocol.(*Handler).messageWorker()
      /Users/z/work/lux/threshold/pkg/protocol/handler.go:408 +0x338
2025-08-15T22:12:58.532-0500	DEBUG	protocol/handler.go:1600	waiting for broadcasts	{"{round 20 2  <nil>}": {"Key":"missing","Type":15,"Integer":0,"String":"[e]","Interface":null}}
2025-08-15T22:12:58.425-0500	DEBUG	protocol/handler.go:1591	have processed broadcast	{"{round 20 2  <nil>}": {"Key":"from","Type":15,"Integer":0,"String":"d","Interface":null}}
  github.com/luxfi/threshold/pkg/protocol.(*Handler).startWorkers.gowrap2()
      /Users/z/work/lux/threshold/pkg/protocol/handler.go:361 +0x44

2025-08-15T22:12:58.425-0500	DEBUG	protocol/handler.go:1591	have processed broadcast	{"{round 20 2  <nil>}": {"Key":"from","Type":15,"Integer":0,"String":"b","Interface":null}}
2025-08-15T22:12:58.555-0500	DEBUG	protocol/handler.go:1591	have processed broadcast	{"{round 20 2  <nil>}": {"Key":"from","Type":15,"Integer":0,"String":"c","Interface":null}}
Previous write at 0x00c0003de3fc by goroutine 2197:
  ??()
      -:0 +0x104ad5eb0
  sync/atomic.AddInt32()
      <autogenerated>:1 +0x14
  sync.(*Mutex).Unlock()
      /opt/homebrew/Cellar/go/1.24.6/libexec/src/sync/mutex.go:65 +0x2c
  github.com/luxfi/threshold/protocols/frost/keygen.(*round2).StoreBroadcastMessage()
      /Users/z/work/lux/threshold/protocols/frost/keygen/round2.go:62 +0x78
  github.com/luxfi/threshold/pkg/protocol.(*Handler).verifyBroadcastForRound()
      /Users/z/work/lux/threshold/pkg/protocol/handler.go:1277 +0x3a0
  github.com/luxfi/threshold/pkg/protocol.(*Handler).retryUnprocessedMessages()
      /Users/z/work/lux/threshold/pkg/protocol/handler.go:1483 +0x22c
  github.com/luxfi/threshold/pkg/protocol.(*Handler).tryAdvanceRound()
      /Users/z/work/lux/threshold/pkg/protocol/handler.go:587 +0x28c
  github.com/luxfi/threshold/pkg/protocol.(*Handler).processMessage()
      /Users/z/work/lux/threshold/pkg/protocol/handler.go:474 +0xb70
  github.com/luxfi/threshold/pkg/protocol.(*Handler).messageWorker()
      /Users/z/work/lux/threshold/pkg/protocol/handler.go:408 +0x338
  github.com/luxfi/threshold/pkg/protocol.(*Handler).startWorkers.gowrap1()
      /Users/z/work/lux/threshold/pkg/protocol/handler.go:355 +0x44

Goroutine 2203 (running) created at:
  github.com/luxfi/threshold/pkg/protocol.(*Handler).startWorkers()
      /Users/z/work/lux/threshold/pkg/protocol/handler.go:361 +0x334
  github.com/luxfi/threshold/pkg/protocol.NewHandler()
      /Users/z/work/lux/threshold/pkg/protocol/handler.go:247 +0xf10
  github.com/luxfi/threshold/internal/test.(*Harness).CreateHandler()
      /Users/z/work/lux/threshold/internal/test/harness.go:91 +0x2e4
  github.com/luxfi/threshold/internal/test.RunProtocol()
      /Users/z/work/lux/threshold/internal/test/harness.go:270 +0x230
  github.com/luxfi/threshold/internal/test.RunMultipleProtocolTests.(*ProtocolTest).Run.func1()
      /Users/z/work/lux/threshold/internal/test/protocol_helpers.go:34 +0xe0
  testing.tRunner()
      /opt/homebrew/Cellar/go/1.24.6/libexec/src/testing/testing.go:1792 +0x180
  testing.(*T).Run.gowrap1()
      /opt/homebrew/Cellar/go/1.24.6/libexec/src/testing/testing.go:1851 +0x40

Goroutine 2197 (running) created at:
  github.com/luxfi/threshold/pkg/protocol.(*Handler).startWorkers()
      /Users/z/work/lux/threshold/pkg/protocol/handler.go:355 +0x27c
  github.com/luxfi/threshold/pkg/protocol.NewHandler()
      /Users/z/work/lux/threshold/pkg/protocol/handler.go:247 +0xf10
  github.com/luxfi/threshold/internal/test.(*Harness).CreateHandler()
      /Users/z/work/lux/threshold/internal/test/harness.go:91 +0x2e4
  github.com/luxfi/threshold/internal/test.RunProtocol()
      /Users/z/work/lux/threshold/internal/test/harness.go:270 +0x230
  github.com/luxfi/threshold/internal/test.RunMultipleProtocolTests.(*ProtocolTest).Run.func1()
      /Users/z/work/lux/threshold/internal/test/protocol_helpers.go:34 +0xe0
  testing.tRunner()
      /opt/homebrew/Cellar/go/1.24.6/libexec/src/testing/testing.go:1792 +0x180
  testing.(*T).Run.gowrap1()
      /opt/homebrew/Cellar/go/1.24.6/libexec/src/testing/testing.go:1851 +0x40
==================
2025-08-15T22:12:58.552-0500	DEBUG	protocol/handler.go:1600	waiting for broadcasts	{"{round 20 3  <nil>}": {"Key":"missing","Type":15,"Integer":0,"String":"[a c d f]","Interface":null}}
2025-08-15T22:12:58.425-0500	DEBUG	protocol/handler.go:1591	have processed broadcast	{"{round 20 2  <nil>}": {"Key":"from","Type":15,"Integer":0,"String":"d","Interface":null}}
2025-08-15T22:12:58.558-0500	DEBUG	protocol/handler.go:1591	have processed broadcast	{"{round 20 2  <nil>}": {"Key":"from","Type":15,"Integer":0,"String":"e","Interface":null}}
2025-08-15T22:12:58.543-0500	DEBUG	protocol/handler.go:1591	have processed broadcast	{"{round 20 2  <nil>}": {"Key":"from","Type":15,"Integer":0,"String":"g","Interface":null}}
2025-08-15T22:12:58.519-0500	DEBUG	protocol/handler.go:1600	waiting for broadcasts	{"{round 20 2  <nil>}": {"Key":"missing","Type":15,"Integer":0,"String":"[e]","Interface":null}}
2025-08-15T22:12:58.558-0500	DEBUG	protocol/handler.go:1591	have processed broadcast	{"{round 20 2  <nil>}": {"Key":"from","Type":15,"Integer":0,"String":"g","Interface":null}}
2025-08-15T22:12:58.558-0500	DEBUG	protocol/handler.go:1600	waiting for broadcasts	{"{round 20 2  <nil>}": {"Key":"missing","Type":15,"Integer":0,"String":"[f]","Interface":null}}
2025-08-15T22:12:58.425-0500	DEBUG	protocol/handler.go:1591	have processed broadcast	{"{round 20 2  <nil>}": {"Key":"from","Type":15,"Integer":0,"String":"g","Interface":null}}
2025-08-15T22:12:58.558-0500	DEBUG	protocol/handler.go:1600	waiting for broadcasts	{"{round 20 2  <nil>}": {"Key":"missing","Type":15,"Integer":0,"String":"[e f]","Interface":null}}
2025-08-15T22:12:58.434-0500	DEBUG	protocol/handler.go:1657	storing broadcast	{"{round 20 2  <nil>}": {"Key":"from","Type":15,"Integer":0,"String":"e","Interface":null}}
2025-08-15T22:12:58.558-0500	DEBUG	protocol/handler.go:1600	waiting for broadcasts	{"{round 20 2  <nil>}": {"Key":"missing","Type":15,"Integer":0,"String":"[e f]","Interface":null}}
2025-08-15T22:12:58.424-0500	DEBUG	protocol/handler.go:1591	have processed broadcast	{"{round 20 2  <nil>}": {"Key":"from","Type":15,"Integer":0,"String":"b","Interface":null}}
2025-08-15T22:12:58.561-0500	DEBUG	protocol/handler.go:1591	have processed broadcast	{"{round 20 2  <nil>}": {"Key":"from","Type":15,"Integer":0,"String":"c","Interface":null}}
2025-08-15T22:12:58.561-0500	DEBUG	protocol/handler.go:1591	have processed broadcast	{"{round 20 2  <nil>}": {"Key":"from","Type":15,"Integer":0,"String":"e","Interface":null}}
2025-08-15T22:12:58.561-0500	DEBUG	protocol/handler.go:1591	have processed broadcast	{"{round 20 2  <nil>}": {"Key":"from","Type":15,"Integer":0,"String":"g","Interface":null}}
2025-08-15T22:12:58.561-0500	DEBUG	protocol/handler.go:1600	waiting for broadcasts	{"{round 20 2  <nil>}": {"Key":"missing","Type":15,"Integer":0,"String":"[f]","Interface":null}}
2025-08-15T22:12:58.561-0500	DEBUG	protocol/handler.go:581	tryAdvanceRound called	{"{current_round 20 2  <nil>}": {"Key":"self","Type":15,"Integer":0,"String":"d","Interface":null}}
2025-08-15T22:12:58.561-0500	DEBUG	protocol/handler.go:1591	have processed broadcast	{"{round 20 2  <nil>}": {"Key":"from","Type":15,"Integer":0,"String":"a","Interface":null}}
2025-08-15T22:12:58.561-0500	DEBUG	protocol/handler.go:1591	have processed broadcast	{"{round 20 2  <nil>}": {"Key":"from","Type":15,"Integer":0,"String":"b","Interface":null}}
2025-08-15T22:12:58.561-0500	DEBUG	protocol/handler.go:1591	have processed broadcast	{"{round 20 2  <nil>}": {"Key":"from","Type":15,"Integer":0,"String":"c","Interface":null}}
2025-08-15T22:12:58.562-0500	DEBUG	protocol/handler.go:1591	have processed broadcast	{"{round 20 2  <nil>}": {"Key":"from","Type":15,"Integer":0,"String":"e","Interface":null}}
2025-08-15T22:12:58.562-0500	DEBUG	protocol/handler.go:1591	have processed broadcast	{"{round 20 2  <nil>}": {"Key":"from","Type":15,"Integer":0,"String":"f","Interface":null}}
2025-08-15T22:12:58.562-0500	DEBUG	protocol/handler.go:1591	have processed broadcast	{"{round 20 2  <nil>}": {"Key":"from","Type":15,"Integer":0,"String":"g","Interface":null}}
2025-08-15T22:12:58.562-0500	DEBUG	protocol/handler.go:1649	have all messages and processed	{"{round 20 2  <nil>}": {"Key":"self","Type":15,"Integer":0,"String":"d","Interface":null}}
2025-08-15T22:12:58.562-0500	DEBUG	protocol/handler.go:596	round already finalized
2025-08-15T22:12:58.435-0500	DEBUG	protocol/handler.go:432	processMessage: p2p round 3 START	{"{from 15 0 g <nil>}": {"Key":"to","Type":15,"Integer":0,"String":"f","Interface":null}}
2025-08-15T22:12:58.562-0500	DEBUG	protocol/handler.go:437	processing message	{"{from 15 0 g <nil>}": {"Key":"to","Type":15,"Integer":0,"String":"f","Interface":null}, "{round 20 3  <nil>}": {"Key":"broadcast","Type":4,"Integer":0,"String":"","Interface":null}}
2025-08-15T22:12:58.562-0500	DEBUG	protocol/handler.go:1662	storing message	{"{round 20 3  <nil>}": {"Key":"from","Type":15,"Integer":0,"String":"g","Interface":null}}
2025-08-15T22:12:58.562-0500	DEBUG	protocol/handler.go:470	message for different round (buffering)	{"{msg_round 20 3  <nil>}": {"Key":"current_round","Type":20,"Integer":2,"String":"","Interface":null}}
2025-08-15T22:12:58.562-0500	DEBUG	protocol/handler.go:581	tryAdvanceRound called	{"{current_round 20 2  <nil>}": {"Key":"self","Type":15,"Integer":0,"String":"f","Interface":null}}
==================
WARNING: DATA RACE
Read at 0x00c0003de3f8 by goroutine 2203:
  github.com/luxfi/threshold/protocols/frost/keygen.(*round2).Number()
      <autogenerated>:1 +0x38
  github.com/luxfi/threshold/pkg/protocol.(*Handler).tryAdvanceRound()
      /Users/z/work/lux/threshold/pkg/protocol/handler.go:602 +0x540
  github.com/luxfi/threshold/pkg/protocol.(*Handler).processMessage()
      /Users/z/work/lux/threshold/pkg/protocol/handler.go:474 +0xb70
  github.com/luxfi/threshold/pkg/protocol.(*Handler).messageWorker()
      /Users/z/work/lux/threshold/pkg/protocol/handler.go:408 +0x338
  github.com/luxfi/threshold/pkg/protocol.(*Handler).startWorkers.gowrap2()
      /Users/z/work/lux/threshold/pkg/protocol/handler.go:361 +0x44

Previous write at 0x00c0003de3fc by goroutine 2202:
  ??()
      -:0 +0x104ad5eb0
  sync/atomic.AddInt32()
      <autogenerated>:1 +0x14
  sync.(*Mutex).Unlock()
      /opt/homebrew/Cellar/go/1.24.6/libexec/src/sync/mutex.go:65 +0x2c
  github.com/luxfi/threshold/protocols/frost/keygen.(*round2).StoreBroadcastMessage()
      /Users/z/work/lux/threshold/protocols/frost/keygen/round2.go:62 +0x78
  github.com/luxfi/threshold/pkg/protocol.(*Handler).verifyBroadcast()
      /Users/z/work/lux/threshold/pkg/protocol/handler.go:1392 +0x648
  github.com/luxfi/threshold/pkg/protocol.(*Handler).processMessage()
      /Users/z/work/lux/threshold/pkg/protocol/handler.go:480 +0xb9c
  github.com/luxfi/threshold/pkg/protocol.(*Handler).messageWorker()
      /Users/z/work/lux/threshold/pkg/protocol/handler.go:408 +0x338
  github.com/luxfi/threshold/pkg/protocol.(*Handler).startWorkers.gowrap2()
      /Users/z/work/lux/threshold/pkg/protocol/handler.go:361 +0x44

Goroutine 2203 (running) created at:
  github.com/luxfi/threshold/pkg/protocol.(*Handler).startWorkers()
      /Users/z/work/lux/threshold/pkg/protocol/handler.go:361 +0x334
  github.com/luxfi/threshold/pkg/protocol.NewHandler()
      /Users/z/work/lux/threshold/pkg/protocol/handler.go:247 +0xf10
  github.com/luxfi/threshold/internal/test.(*Harness).CreateHandler()
      /Users/z/work/lux/threshold/internal/test/harness.go:91 +0x2e4
  github.com/luxfi/threshold/internal/test.RunProtocol()
      /Users/z/work/lux/threshold/internal/test/harness.go:270 +0x230
  github.com/luxfi/threshold/internal/test.RunMultipleProtocolTests.(*ProtocolTest).Run.func1()
      /Users/z/work/lux/threshold/internal/test/protocol_helpers.go:34 +0xe0
  testing.tRunner()
      /opt/homebrew/Cellar/go/1.24.6/libexec/src/testing/testing.go:1792 +0x180
  testing.(*T).Run.gowrap1()
      /opt/homebrew/Cellar/go/1.24.6/libexec/src/testing/testing.go:1851 +0x40

Goroutine 2202 (running) created at:
  github.com/luxfi/threshold/pkg/protocol.(*Handler).startWorkers()
      /Users/z/work/lux/threshold/pkg/protocol/handler.go:361 +0x334
  github.com/luxfi/threshold/pkg/protocol.NewHandler()
      /Users/z/work/lux/threshold/pkg/protocol/handler.go:247 +0xf10
  github.com/luxfi/threshold/internal/test.(*Harness).CreateHandler()
      /Users/z/work/lux/threshold/internal/test/harness.go:91 +0x2e4
  github.com/luxfi/threshold/internal/test.RunProtocol()
      /Users/z/work/lux/threshold/internal/test/harness.go:270 +0x230
  github.com/luxfi/threshold/internal/test.RunMultipleProtocolTests.(*ProtocolTest).Run.func1()
      /Users/z/work/lux/threshold/internal/test/protocol_helpers.go:34 +0xe0
  testing.tRunner()
      /opt/homebrew/Cellar/go/1.24.6/libexec/src/testing/testing.go:1792 +0x180
  testing.(*T).Run.gowrap1()
      /opt/homebrew/Cellar/go/1.24.6/libexec/src/testing/testing.go:1851 +0x40
==================
2025-08-15T22:12:58.562-0500	DEBUG	protocol/handler.go:581	tryAdvanceRound called	{"{current_round 20 3  <nil>}": {"Key":"self","Type":15,"Integer":0,"String":"e","Interface":null}}
2025-08-15T22:12:58.563-0500	DEBUG	protocol/handler.go:1591	have processed broadcast	{"{round 20 3  <nil>}": {"Key":"from","Type":15,"Integer":0,"String":"a","Interface":null}}
2025-08-15T22:12:58.563-0500	DEBUG	protocol/handler.go:1591	have processed broadcast	{"{round 20 3  <nil>}": {"Key":"from","Type":15,"Integer":0,"String":"b","Interface":null}}
2025-08-15T22:12:58.563-0500	DEBUG	protocol/handler.go:1591	have processed broadcast	{"{round 20 3  <nil>}": {"Key":"from","Type":15,"Integer":0,"String":"g","Interface":null}}
2025-08-15T22:12:58.563-0500	DEBUG	protocol/handler.go:1600	waiting for broadcasts	{"{round 20 3  <nil>}": {"Key":"missing","Type":15,"Integer":0,"String":"[c d f]","Interface":null}}
2025-08-15T22:12:58.425-0500	INFO	protocol/handler.go:560	advanced to round
2025-08-15T22:12:58.563-0500	DEBUG	protocol/handler.go:581	tryAdvanceRound called	{"{current_round 20 2  <nil>}": {"Key":"self","Type":15,"Integer":0,"String":"f","Interface":null}}
2025-08-15T22:12:58.564-0500	DEBUG	protocol/handler.go:1591	have processed broadcast	{"{round 20 2  <nil>}": {"Key":"from","Type":15,"Integer":0,"String":"b","Interface":null}}
2025-08-15T22:12:58.564-0500	DEBUG	protocol/handler.go:1591	have processed broadcast	{"{round 20 2  <nil>}": {"Key":"from","Type":15,"Integer":0,"String":"c","Interface":null}}
2025-08-15T22:12:58.564-0500	DEBUG	protocol/handler.go:1591	have processed broadcast	{"{round 20 2  <nil>}": {"Key":"from","Type":15,"Integer":0,"String":"d","Interface":null}}
2025-08-15T22:12:58.564-0500	DEBUG	protocol/handler.go:1591	have processed broadcast	{"{round 20 2  <nil>}": {"Key":"from","Type":15,"Integer":0,"String":"e","Interface":null}}
2025-08-15T22:12:58.564-0500	DEBUG	protocol/handler.go:1591	have processed broadcast	{"{round 20 2  <nil>}": {"Key":"from","Type":15,"Integer":0,"String":"f","Interface":null}}
2025-08-15T22:12:58.564-0500	DEBUG	protocol/handler.go:1591	have processed broadcast	{"{round 20 2  <nil>}": {"Key":"from","Type":15,"Integer":0,"String":"g","Interface":null}}
2025-08-15T22:12:58.564-0500	DEBUG	protocol/handler.go:1649	have all messages and processed	{"{round 20 2  <nil>}": {"Key":"self","Type":15,"Integer":0,"String":"a","Interface":null}}
2025-08-15T22:12:58.564-0500	DEBUG	protocol/handler.go:596	round already finalized
2025-08-15T22:12:58.564-0500	DEBUG	protocol/handler.go:600	current round already advanced	{"{checking 20 2  <nil>}": {"Key":"current","Type":20,"Integer":3,"String":"","Interface":null}}
2025-08-15T22:12:58.555-0500	DEBUG	protocol/handler.go:1591	have processed broadcast	{"{round 20 2  <nil>}": {"Key":"from","Type":15,"Integer":0,"String":"d","Interface":null}}
2025-08-15T22:12:58.564-0500	DEBUG	protocol/handler.go:1591	have processed broadcast	{"{round 20 2  <nil>}": {"Key":"from","Type":15,"Integer":0,"String":"g","Interface":null}}
2025-08-15T22:12:58.564-0500	DEBUG	protocol/handler.go:1600	waiting for broadcasts	{"{round 20 2  <nil>}": {"Key":"missing","Type":15,"Integer":0,"String":"[f]","Interface":null}}
2025-08-15T22:12:58.564-0500	DEBUG	protocol/handler.go:600	current round already advanced	{"{checking 20 1  <nil>}": {"Key":"current","Type":20,"Integer":2,"String":"","Interface":null}}
2025-08-15T22:12:58.564-0500	DEBUG	protocol/handler.go:437	processing message	{"{from 15 0 g <nil>}": {"Key":"to","Type":15,"Integer":0,"String":"","Interface":null}, "{round 20 2  <nil>}": {"Key":"broadcast","Type":4,"Integer":1,"String":"","Interface":null}}
2025-08-15T22:12:58.564-0500	DEBUG	protocol/handler.go:1657	storing broadcast	{"{round 20 2  <nil>}": {"Key":"from","Type":15,"Integer":0,"String":"g","Interface":null}}
2025-08-15T22:12:58.425-0500	DEBUG	protocol/handler.go:596	round already finalized
2025-08-15T22:12:58.572-0500	DEBUG	protocol/handler.go:600	current round already advanced	{"{checking 20 1  <nil>}": {"Key":"current","Type":20,"Integer":2,"String":"","Interface":null}}
2025-08-15T22:12:58.572-0500	DEBUG	protocol/handler.go:437	processing message	{"{from 15 0 g <nil>}": {"Key":"to","Type":15,"Integer":0,"String":"","Interface":null}, "{round 20 3  <nil>}": {"Key":"broadcast","Type":4,"Integer":1,"String":"","Interface":null}}
2025-08-15T22:12:58.572-0500	DEBUG	protocol/handler.go:1657	storing broadcast	{"{round 20 3  <nil>}": {"Key":"from","Type":15,"Integer":0,"String":"g","Interface":null}}
2025-08-15T22:12:58.572-0500	DEBUG	protocol/handler.go:470	message for different round (buffering)	{"{msg_round 20 3  <nil>}": {"Key":"current_round","Type":20,"Integer":2,"String":"","Interface":null}}
2025-08-15T22:12:58.572-0500	DEBUG	protocol/handler.go:581	tryAdvanceRound called	{"{current_round 20 2  <nil>}": {"Key":"self","Type":15,"Integer":0,"String":"f","Interface":null}}
2025-08-15T22:12:58.571-0500	DEBUG	protocol/handler.go:581	tryAdvanceRound called	{"{current_round 20 3  <nil>}": {"Key":"self","Type":15,"Integer":0,"String":"g","Interface":null}}
2025-08-15T22:12:58.577-0500	DEBUG	protocol/handler.go:1591	have processed broadcast	{"{round 20 2  <nil>}": {"Key":"from","Type":15,"Integer":0,"String":"a","Interface":null}}
2025-08-15T22:12:58.577-0500	DEBUG	protocol/handler.go:1591	have processed broadcast	{"{round 20 2  <nil>}": {"Key":"from","Type":15,"Integer":0,"String":"b","Interface":null}}
2025-08-15T22:12:58.577-0500	DEBUG	protocol/handler.go:1591	have processed broadcast	{"{round 20 2  <nil>}": {"Key":"from","Type":15,"Integer":0,"String":"c","Interface":null}}
2025-08-15T22:12:58.577-0500	DEBUG	protocol/handler.go:1591	have processed broadcast	{"{round 20 2  <nil>}": {"Key":"from","Type":15,"Integer":0,"String":"d","Interface":null}}
2025-08-15T22:12:58.577-0500	DEBUG	protocol/handler.go:1591	have processed broadcast	{"{round 20 2  <nil>}": {"Key":"from","Type":15,"Integer":0,"String":"e","Interface":null}}
2025-08-15T22:12:58.577-0500	DEBUG	protocol/handler.go:1608	waiting for broadcast processing	{"{round 20 2  <nil>}": {"Key":"unprocessed","Type":15,"Integer":0,"String":"[g]","Interface":null}}
2025-08-15T22:12:58.435-0500	DEBUG	protocol/handler.go:432	processMessage: p2p round 3 START	{"{from 15 0 g <nil>}": {"Key":"to","Type":15,"Integer":0,"String":"e","Interface":null}}
2025-08-15T22:12:58.577-0500	DEBUG	protocol/handler.go:437	processing message	{"{from 15 0 g <nil>}": {"Key":"to","Type":15,"Integer":0,"String":"e","Interface":null}, "{round 20 3  <nil>}": {"Key":"broadcast","Type":4,"Integer":0,"String":"","Interface":null}}
2025-08-15T22:12:58.577-0500	DEBUG	protocol/handler.go:1662	storing message	{"{round 20 3  <nil>}": {"Key":"from","Type":15,"Integer":0,"String":"g","Interface":null}}
2025-08-15T22:12:58.577-0500	DEBUG	protocol/handler.go:1591	have processed broadcast	{"{round 20 2  <nil>}": {"Key":"from","Type":15,"Integer":0,"String":"a","Interface":null}}
2025-08-15T22:12:58.577-0500	DEBUG	protocol/handler.go:1591	have processed broadcast	{"{round 20 2  <nil>}": {"Key":"from","Type":15,"Integer":0,"String":"b","Interface":null}}
2025-08-15T22:12:58.577-0500	DEBUG	protocol/handler.go:1591	have processed broadcast	{"{round 20 2  <nil>}": {"Key":"from","Type":15,"Integer":0,"String":"c","Interface":null}}
2025-08-15T22:12:58.577-0500	DEBUG	protocol/handler.go:1591	have processed broadcast	{"{round 20 2  <nil>}": {"Key":"from","Type":15,"Integer":0,"String":"d","Interface":null}}
2025-08-15T22:12:58.577-0500	DEBUG	protocol/handler.go:1591	have processed broadcast	{"{round 20 2  <nil>}": {"Key":"from","Type":15,"Integer":0,"String":"e","Interface":null}}
2025-08-15T22:12:58.577-0500	DEBUG	protocol/handler.go:1608	waiting for broadcast processing	{"{round 20 2  <nil>}": {"Key":"unprocessed","Type":15,"Integer":0,"String":"[g]","Interface":null}}
2025-08-15T22:12:58.555-0500	DEBUG	protocol/handler.go:581	tryAdvanceRound called	{"{current_round 20 3  <nil>}": {"Key":"self","Type":15,"Integer":0,"String":"b","Interface":null}}
2025-08-15T22:12:58.577-0500	DEBUG	protocol/handler.go:1591	have processed broadcast	{"{round 20 3  <nil>}": {"Key":"from","Type":15,"Integer":0,"String":"e","Interface":null}}
2025-08-15T22:12:58.578-0500	DEBUG	protocol/handler.go:1591	have processed broadcast	{"{round 20 3  <nil>}": {"Key":"from","Type":15,"Integer":0,"String":"g","Interface":null}}
2025-08-15T22:12:58.578-0500	DEBUG	protocol/handler.go:1600	waiting for broadcasts	{"{round 20 3  <nil>}": {"Key":"missing","Type":15,"Integer":0,"String":"[a c d f]","Interface":null}}
2025-08-15T22:12:58.578-0500	DEBUG	protocol/handler.go:581	tryAdvanceRound called	{"{current_round 20 3  <nil>}": {"Key":"self","Type":15,"Integer":0,"String":"b","Interface":null}}
2025-08-15T22:12:58.579-0500	DEBUG	protocol/handler.go:1591	have processed broadcast	{"{round 20 3  <nil>}": {"Key":"from","Type":15,"Integer":0,"String":"e","Interface":null}}
2025-08-15T22:12:58.579-0500	DEBUG	protocol/handler.go:1591	have processed broadcast	{"{round 20 3  <nil>}": {"Key":"from","Type":15,"Integer":0,"String":"g","Interface":null}}
2025-08-15T22:12:58.579-0500	DEBUG	protocol/handler.go:1600	waiting for broadcasts	{"{round 20 3  <nil>}": {"Key":"missing","Type":15,"Integer":0,"String":"[a c d f]","Interface":null}}
2025-08-15T22:12:58.579-0500	DEBUG	protocol/handler.go:581	tryAdvanceRound called	{"{current_round 20 3  <nil>}": {"Key":"self","Type":15,"Integer":0,"String":"a","Interface":null}}
2025-08-15T22:12:58.579-0500	DEBUG	protocol/handler.go:1591	have processed broadcast	{"{round 20 3  <nil>}": {"Key":"from","Type":15,"Integer":0,"String":"b","Interface":null}}
2025-08-15T22:12:58.580-0500	DEBUG	protocol/handler.go:1591	have processed broadcast	{"{round 20 3  <nil>}": {"Key":"from","Type":15,"Integer":0,"String":"e","Interface":null}}
2025-08-15T22:12:58.580-0500	DEBUG	protocol/handler.go:1591	have processed broadcast	{"{round 20 3  <nil>}": {"Key":"from","Type":15,"Integer":0,"String":"g","Interface":null}}
2025-08-15T22:12:58.580-0500	DEBUG	protocol/handler.go:1600	waiting for broadcasts	{"{round 20 3  <nil>}": {"Key":"missing","Type":15,"Integer":0,"String":"[c d f]","Interface":null}}
2025-08-15T22:12:58.580-0500	DEBUG	protocol/handler.go:1591	have processed broadcast	{"{round 20 3  <nil>}": {"Key":"from","Type":15,"Integer":0,"String":"a","Interface":null}}
2025-08-15T22:12:58.580-0500	DEBUG	protocol/handler.go:1591	have processed broadcast	{"{round 20 3  <nil>}": {"Key":"from","Type":15,"Integer":0,"String":"b","Interface":null}}
2025-08-15T22:12:58.580-0500	DEBUG	protocol/handler.go:1600	waiting for broadcasts	{"{round 20 3  <nil>}": {"Key":"missing","Type":15,"Integer":0,"String":"[c d e f]","Interface":null}}
2025-08-15T22:12:58.424-0500	DEBUG	protocol/handler.go:1600	waiting for broadcasts	{"{round 20 2  <nil>}": {"Key":"missing","Type":15,"Integer":0,"String":"[e f g]","Interface":null}}
2025-08-15T22:12:58.435-0500	DEBUG	protocol/handler.go:432	processMessage: p2p round 3 START	{"{from 15 0 g <nil>}": {"Key":"to","Type":15,"Integer":0,"String":"b","Interface":null}}
2025-08-15T22:12:58.581-0500	DEBUG	protocol/handler.go:581	tryAdvanceRound called	{"{current_round 20 3  <nil>}": {"Key":"self","Type":15,"Integer":0,"String":"e","Interface":null}}
2025-08-15T22:12:58.581-0500	DEBUG	protocol/handler.go:1591	have processed broadcast	{"{round 20 3  <nil>}": {"Key":"from","Type":15,"Integer":0,"String":"a","Interface":null}}
2025-08-15T22:12:58.581-0500	DEBUG	protocol/handler.go:1591	have processed broadcast	{"{round 20 3  <nil>}": {"Key":"from","Type":15,"Integer":0,"String":"b","Interface":null}}
2025-08-15T22:12:58.581-0500	DEBUG	protocol/handler.go:1591	have processed broadcast	{"{round 20 3  <nil>}": {"Key":"from","Type":15,"Integer":0,"String":"g","Interface":null}}
2025-08-15T22:12:58.581-0500	DEBUG	protocol/handler.go:1600	waiting for broadcasts	{"{round 20 3  <nil>}": {"Key":"missing","Type":15,"Integer":0,"String":"[c d f]","Interface":null}}
2025-08-15T22:12:58.425-0500	DEBUG	protocol/handler.go:1591	have processed broadcast	{"{round 20 2  <nil>}": {"Key":"from","Type":15,"Integer":0,"String":"b","Interface":null}}
2025-08-15T22:12:58.581-0500	DEBUG	protocol/handler.go:1591	have processed broadcast	{"{round 20 2  <nil>}": {"Key":"from","Type":15,"Integer":0,"String":"c","Interface":null}}
2025-08-15T22:12:58.581-0500	DEBUG	protocol/handler.go:1591	have processed broadcast	{"{round 20 2  <nil>}": {"Key":"from","Type":15,"Integer":0,"String":"e","Interface":null}}
2025-08-15T22:12:58.581-0500	DEBUG	protocol/handler.go:1591	have processed broadcast	{"{round 20 2  <nil>}": {"Key":"from","Type":15,"Integer":0,"String":"g","Interface":null}}
2025-08-15T22:12:58.581-0500	DEBUG	protocol/handler.go:1600	waiting for broadcasts	{"{round 20 2  <nil>}": {"Key":"missing","Type":15,"Integer":0,"String":"[f]","Interface":null}}
2025-08-15T22:12:58.581-0500	DEBUG	protocol/handler.go:437	processing message	{"{from 15 0 g <nil>}": {"Key":"to","Type":15,"Integer":0,"String":"","Interface":null}, "{round 20 3  <nil>}": {"Key":"broadcast","Type":4,"Integer":1,"String":"","Interface":null}}
2025-08-15T22:12:58.581-0500	DEBUG	protocol/handler.go:1657	storing broadcast	{"{round 20 3  <nil>}": {"Key":"from","Type":15,"Integer":0,"String":"g","Interface":null}}
2025-08-15T22:12:58.581-0500	DEBUG	protocol/handler.go:470	message for different round (buffering)	{"{msg_round 20 3  <nil>}": {"Key":"current_round","Type":20,"Integer":2,"String":"","Interface":null}}
2025-08-15T22:12:58.581-0500	DEBUG	protocol/handler.go:581	tryAdvanceRound called	{"{current_round 20 2  <nil>}": {"Key":"self","Type":15,"Integer":0,"String":"d","Interface":null}}
2025-08-15T22:12:58.581-0500	DEBUG	protocol/handler.go:1591	have processed broadcast	{"{round 20 2  <nil>}": {"Key":"from","Type":15,"Integer":0,"String":"a","Interface":null}}
2025-08-15T22:12:58.581-0500	DEBUG	protocol/handler.go:1591	have processed broadcast	{"{round 20 2  <nil>}": {"Key":"from","Type":15,"Integer":0,"String":"b","Interface":null}}
2025-08-15T22:12:58.581-0500	DEBUG	protocol/handler.go:1591	have processed broadcast	{"{round 20 2  <nil>}": {"Key":"from","Type":15,"Integer":0,"String":"c","Interface":null}}
2025-08-15T22:12:58.581-0500	DEBUG	protocol/handler.go:1591	have processed broadcast	{"{round 20 2  <nil>}": {"Key":"from","Type":15,"Integer":0,"String":"e","Interface":null}}
2025-08-15T22:12:58.582-0500	DEBUG	protocol/handler.go:1591	have processed broadcast	{"{round 20 2  <nil>}": {"Key":"from","Type":15,"Integer":0,"String":"f","Interface":null}}
2025-08-15T22:12:58.582-0500	DEBUG	protocol/handler.go:1591	have processed broadcast	{"{round 20 2  <nil>}": {"Key":"from","Type":15,"Integer":0,"String":"g","Interface":null}}
2025-08-15T22:12:58.582-0500	DEBUG	protocol/handler.go:1649	have all messages and processed	{"{round 20 2  <nil>}": {"Key":"self","Type":15,"Integer":0,"String":"d","Interface":null}}
2025-08-15T22:12:58.582-0500	DEBUG	protocol/handler.go:596	round already finalized
2025-08-15T22:12:58.582-0500	DEBUG	protocol/handler.go:437	processing message	{"{from 15 0 b <nil>}": {"Key":"to","Type":15,"Integer":0,"String":"","Interface":null}, "{round 20 3  <nil>}": {"Key":"broadcast","Type":4,"Integer":1,"String":"","Interface":null}}
2025-08-15T22:12:58.582-0500	DEBUG	protocol/handler.go:1657	storing broadcast	{"{round 20 3  <nil>}": {"Key":"from","Type":15,"Integer":0,"String":"b","Interface":null}}
2025-08-15T22:12:58.582-0500	DEBUG	protocol/handler.go:470	message for different round (buffering)	{"{msg_round 20 3  <nil>}": {"Key":"current_round","Type":20,"Integer":2,"String":"","Interface":null}}
2025-08-15T22:12:58.582-0500	DEBUG	protocol/handler.go:581	tryAdvanceRound called	{"{current_round 20 2  <nil>}": {"Key":"self","Type":15,"Integer":0,"String":"d","Interface":null}}
2025-08-15T22:12:58.582-0500	DEBUG	protocol/handler.go:1591	have processed broadcast	{"{round 20 2  <nil>}": {"Key":"from","Type":15,"Integer":0,"String":"a","Interface":null}}
2025-08-15T22:12:58.582-0500	DEBUG	protocol/handler.go:1591	have processed broadcast	{"{round 20 2  <nil>}": {"Key":"from","Type":15,"Integer":0,"String":"b","Interface":null}}
2025-08-15T22:12:58.582-0500	DEBUG	protocol/handler.go:1591	have processed broadcast	{"{round 20 2  <nil>}": {"Key":"from","Type":15,"Integer":0,"String":"c","Interface":null}}
2025-08-15T22:12:58.582-0500	DEBUG	protocol/handler.go:1591	have processed broadcast	{"{round 20 2  <nil>}": {"Key":"from","Type":15,"Integer":0,"String":"e","Interface":null}}
2025-08-15T22:12:58.582-0500	DEBUG	protocol/handler.go:1591	have processed broadcast	{"{round 20 2  <nil>}": {"Key":"from","Type":15,"Integer":0,"String":"f","Interface":null}}
2025-08-15T22:12:58.582-0500	DEBUG	protocol/handler.go:1591	have processed broadcast	{"{round 20 2  <nil>}": {"Key":"from","Type":15,"Integer":0,"String":"g","Interface":null}}
2025-08-15T22:12:58.582-0500	DEBUG	protocol/handler.go:1649	have all messages and processed	{"{round 20 2  <nil>}": {"Key":"self","Type":15,"Integer":0,"String":"d","Interface":null}}
2025-08-15T22:12:58.582-0500	DEBUG	protocol/handler.go:596	round already finalized
2025-08-15T22:12:58.582-0500	DEBUG	protocol/handler.go:437	processing message	{"{from 15 0 e <nil>}": {"Key":"to","Type":15,"Integer":0,"String":"","Interface":null}, "{round 20 3  <nil>}": {"Key":"broadcast","Type":4,"Integer":1,"String":"","Interface":null}}
2025-08-15T22:12:58.582-0500	DEBUG	protocol/handler.go:1657	storing broadcast	{"{round 20 3  <nil>}": {"Key":"from","Type":15,"Integer":0,"String":"e","Interface":null}}
2025-08-15T22:12:58.582-0500	DEBUG	protocol/handler.go:470	message for different round (buffering)	{"{msg_round 20 3  <nil>}": {"Key":"current_round","Type":20,"Integer":2,"String":"","Interface":null}}
2025-08-15T22:12:58.582-0500	DEBUG	protocol/handler.go:581	tryAdvanceRound called	{"{current_round 20 2  <nil>}": {"Key":"self","Type":15,"Integer":0,"String":"d","Interface":null}}
2025-08-15T22:12:58.582-0500	DEBUG	protocol/handler.go:1591	have processed broadcast	{"{round 20 2  <nil>}": {"Key":"from","Type":15,"Integer":0,"String":"a","Interface":null}}
2025-08-15T22:12:58.582-0500	DEBUG	protocol/handler.go:1591	have processed broadcast	{"{round 20 2  <nil>}": {"Key":"from","Type":15,"Integer":0,"String":"b","Interface":null}}
2025-08-15T22:12:58.582-0500	DEBUG	protocol/handler.go:1591	have processed broadcast	{"{round 20 2  <nil>}": {"Key":"from","Type":15,"Integer":0,"String":"c","Interface":null}}
2025-08-15T22:12:58.583-0500	DEBUG	protocol/handler.go:1591	have processed broadcast	{"{round 20 2  <nil>}": {"Key":"from","Type":15,"Integer":0,"String":"e","Interface":null}}
2025-08-15T22:12:58.583-0500	DEBUG	protocol/handler.go:1591	have processed broadcast	{"{round 20 2  <nil>}": {"Key":"from","Type":15,"Integer":0,"String":"f","Interface":null}}
2025-08-15T22:12:58.583-0500	DEBUG	protocol/handler.go:1591	have processed broadcast	{"{round 20 2  <nil>}": {"Key":"from","Type":15,"Integer":0,"String":"g","Interface":null}}
2025-08-15T22:12:58.583-0500	DEBUG	protocol/handler.go:1649	have all messages and processed	{"{round 20 2  <nil>}": {"Key":"self","Type":15,"Integer":0,"String":"d","Interface":null}}
2025-08-15T22:12:58.583-0500	DEBUG	protocol/handler.go:596	round already finalized
2025-08-15T22:12:58.583-0500	DEBUG	protocol/handler.go:437	processing message	{"{from 15 0 a <nil>}": {"Key":"to","Type":15,"Integer":0,"String":"","Interface":null}, "{round 20 3  <nil>}": {"Key":"broadcast","Type":4,"Integer":1,"String":"","Interface":null}}
2025-08-15T22:12:58.583-0500	DEBUG	protocol/handler.go:1657	storing broadcast	{"{round 20 3  <nil>}": {"Key":"from","Type":15,"Integer":0,"String":"a","Interface":null}}
2025-08-15T22:12:58.583-0500	DEBUG	protocol/handler.go:470	message for different round (buffering)	{"{msg_round 20 3  <nil>}": {"Key":"current_round","Type":20,"Integer":2,"String":"","Interface":null}}
2025-08-15T22:12:58.435-0500	DEBUG	protocol/handler.go:432	processMessage: p2p round 3 START	{"{from 15 0 g <nil>}": {"Key":"to","Type":15,"Integer":0,"String":"c","Interface":null}}
2025-08-15T22:12:58.583-0500	DEBUG	protocol/handler.go:581	tryAdvanceRound called	{"{current_round 20 2  <nil>}": {"Key":"self","Type":15,"Integer":0,"String":"d","Interface":null}}
2025-08-15T22:12:58.583-0500	DEBUG	protocol/handler.go:1591	have processed broadcast	{"{round 20 2  <nil>}": {"Key":"from","Type":15,"Integer":0,"String":"a","Interface":null}}
2025-08-15T22:12:58.583-0500	DEBUG	protocol/handler.go:1591	have processed broadcast	{"{round 20 2  <nil>}": {"Key":"from","Type":15,"Integer":0,"String":"b","Interface":null}}
2025-08-15T22:12:58.583-0500	DEBUG	protocol/handler.go:437	processing message	{"{from 15 0 g <nil>}": {"Key":"to","Type":15,"Integer":0,"String":"c","Interface":null}, "{round 20 3  <nil>}": {"Key":"broadcast","Type":4,"Integer":0,"String":"","Interface":null}}
2025-08-15T22:12:58.583-0500	DEBUG	protocol/handler.go:1591	have processed broadcast	{"{round 20 2  <nil>}": {"Key":"from","Type":15,"Integer":0,"String":"c","Interface":null}}
2025-08-15T22:12:58.583-0500	DEBUG	protocol/handler.go:1591	have processed broadcast	{"{round 20 2  <nil>}": {"Key":"from","Type":15,"Integer":0,"String":"e","Interface":null}}
2025-08-15T22:12:58.583-0500	DEBUG	protocol/handler.go:1591	have processed broadcast	{"{round 20 2  <nil>}": {"Key":"from","Type":15,"Integer":0,"String":"f","Interface":null}}
2025-08-15T22:12:58.583-0500	DEBUG	protocol/handler.go:1591	have processed broadcast	{"{round 20 2  <nil>}": {"Key":"from","Type":15,"Integer":0,"String":"g","Interface":null}}
2025-08-15T22:12:58.583-0500	DEBUG	protocol/handler.go:1649	have all messages and processed	{"{round 20 2  <nil>}": {"Key":"self","Type":15,"Integer":0,"String":"d","Interface":null}}
2025-08-15T22:12:58.583-0500	DEBUG	protocol/handler.go:596	round already finalized
==================
WARNING: DATA RACE
Write at 0x00c0003de3fc by goroutine 2201:
  ??()
      -:0 +0x104ada650
  sync/atomic.CompareAndSwapInt32()
      <autogenerated>:1 +0x18
  sync.(*Mutex).Lock()
      /opt/homebrew/Cellar/go/1.24.6/libexec/src/sync/mutex.go:46 +0x2c
  github.com/luxfi/threshold/protocols/frost/keygen.(*round2).StoreBroadcastMessage()
      /Users/z/work/lux/threshold/protocols/frost/keygen/round2.go:57 +0x58
  github.com/luxfi/threshold/pkg/protocol.(*Handler).verifyBroadcastForRound()
      /Users/z/work/lux/threshold/pkg/protocol/handler.go:1277 +0x3a0
  github.com/luxfi/threshold/pkg/protocol.(*Handler).retryUnprocessedMessages()
      /Users/z/work/lux/threshold/pkg/protocol/handler.go:1483 +0x22c
  github.com/luxfi/threshold/pkg/protocol.(*Handler).tryAdvanceRound()
      /Users/z/work/lux/threshold/pkg/protocol/handler.go:587 +0x28c
  github.com/luxfi/threshold/pkg/protocol.(*Handler).processMessage()
      /Users/z/work/lux/threshold/pkg/protocol/handler.go:474 +0xb70
  github.com/luxfi/threshold/pkg/protocol.(*Handler).messageWorker()
      /Users/z/work/lux/threshold/pkg/protocol/handler.go:408 +0x338
  github.com/luxfi/threshold/pkg/protocol.(*Handler).startWorkers.gowrap2()
      /Users/z/work/lux/threshold/pkg/protocol/handler.go:361 +0x44

Previous read at 0x00c0003de3f8 by goroutine 2200:
  github.com/luxfi/threshold/protocols/frost/keygen.(*round2).Number()
      <autogenerated>:1 +0x38
  github.com/luxfi/threshold/pkg/protocol.(*Handler).hasAllMessages()
      /Users/z/work/lux/threshold/pkg/protocol/handler.go:1570 +0x40
  github.com/luxfi/threshold/pkg/protocol.(*Handler).tryAdvanceRound()
      /Users/z/work/lux/threshold/pkg/protocol/handler.go:589 +0x29c
  github.com/luxfi/threshold/pkg/protocol.(*Handler).processMessage()
      /Users/z/work/lux/threshold/pkg/protocol/handler.go:474 +0xb70
  github.com/luxfi/threshold/pkg/protocol.(*Handler).messageWorker()
      /Users/z/work/lux/threshold/pkg/protocol/handler.go:408 +0x338
  github.com/luxfi/threshold/pkg/protocol.(*Handler).startWorkers.gowrap1()
      /Users/z/work/lux/threshold/pkg/protocol/handler.go:355 +0x44

Goroutine 2201 (running) created at:
  github.com/luxfi/threshold/pkg/protocol.(*Handler).startWorkers()
      /Users/z/work/lux/threshold/pkg/protocol/handler.go:361 +0x334
  github.com/luxfi/threshold/pkg/protocol.NewHandler()
      /Users/z/work/lux/threshold/pkg/protocol/handler.go:247 +0xf10
  github.com/luxfi/threshold/internal/test.(*Harness).CreateHandler()
      /Users/z/work/lux/threshold/internal/test/harness.go:91 +0x2e4
  github.com/luxfi/threshold/internal/test.RunProtocol()
      /Users/z/work/lux/threshold/internal/test/harness.go:270 +0x230
  github.com/luxfi/threshold/internal/test.RunMultipleProtocolTests.(*ProtocolTest).Run.func1()
      /Users/z/work/lux/threshold/internal/test/protocol_helpers.go:34 +0xe0
  testing.tRunner()
      /opt/homebrew/Cellar/go/1.24.6/libexec/src/testing/testing.go:1792 +0x180
  testing.(*T).Run.gowrap1()
      /opt/homebrew/Cellar/go/1.24.6/libexec/src/testing/testing.go:1851 +0x40

Goroutine 2200 (running) created at:
  github.com/luxfi/threshold/pkg/protocol.(*Handler).startWorkers()
      /Users/z/work/lux/threshold/pkg/protocol/handler.go:355 +0x27c
  github.com/luxfi/threshold/pkg/protocol.NewHandler()
      /Users/z/work/lux/threshold/pkg/protocol/handler.go:247 +0xf10
  github.com/luxfi/threshold/internal/test.(*Harness).CreateHandler()
      /Users/z/work/lux/threshold/internal/test/harness.go:91 +0x2e4
  github.com/luxfi/threshold/internal/test.RunProtocol()
      /Users/z/work/lux/threshold/internal/test/harness.go:270 +0x230
  github.com/luxfi/threshold/internal/test.RunMultipleProtocolTests.(*ProtocolTest).Run.func1()
      /Users/z/work/lux/threshold/internal/test/protocol_helpers.go:34 +0xe0
  testing.tRunner()
      /opt/homebrew/Cellar/go/1.24.6/libexec/src/testing/testing.go:1792 +0x180
  testing.(*T).Run.gowrap1()
      /opt/homebrew/Cellar/go/1.24.6/libexec/src/testing/testing.go:1851 +0x40
==================
2025-08-15T22:12:58.583-0500	DEBUG	protocol/handler.go:1662	storing message	{"{round 20 3  <nil>}": {"Key":"from","Type":15,"Integer":0,"String":"g","Interface":null}}
2025-08-15T22:12:58.588-0500	DEBUG	protocol/handler.go:1591	have processed broadcast	{"{round 20 2  <nil>}": {"Key":"from","Type":15,"Integer":0,"String":"a","Interface":null}}
2025-08-15T22:12:58.594-0500	DEBUG	protocol/handler.go:1591	have processed broadcast	{"{round 20 2  <nil>}": {"Key":"from","Type":15,"Integer":0,"String":"b","Interface":null}}
2025-08-15T22:12:58.594-0500	DEBUG	protocol/handler.go:1591	have processed broadcast	{"{round 20 2  <nil>}": {"Key":"from","Type":15,"Integer":0,"String":"c","Interface":null}}
2025-08-15T22:12:58.594-0500	DEBUG	protocol/handler.go:1591	have processed broadcast	{"{round 20 2  <nil>}": {"Key":"from","Type":15,"Integer":0,"String":"d","Interface":null}}
2025-08-15T22:12:58.594-0500	DEBUG	protocol/handler.go:1591	have processed broadcast	{"{round 20 2  <nil>}": {"Key":"from","Type":15,"Integer":0,"String":"e","Interface":null}}
2025-08-15T22:12:58.594-0500	DEBUG	protocol/handler.go:1591	have processed broadcast	{"{round 20 2  <nil>}": {"Key":"from","Type":15,"Integer":0,"String":"g","Interface":null}}
2025-08-15T22:12:58.594-0500	DEBUG	protocol/handler.go:1649	have all messages and processed	{"{round 20 2  <nil>}": {"Key":"self","Type":15,"Integer":0,"String":"f","Interface":null}}
2025-08-15T22:12:58.594-0500	DEBUG	protocol/handler.go:619	finalizing round
2025-08-15T22:12:58.588-0500	DEBUG	protocol/handler.go:1591	have processed broadcast	{"{round 20 2  <nil>}": {"Key":"from","Type":15,"Integer":0,"String":"a","Interface":null}}
2025-08-15T22:12:58.594-0500	DEBUG	protocol/handler.go:581	tryAdvanceRound called	{"{current_round 20 2  <nil>}": {"Key":"self","Type":15,"Integer":0,"String":"f","Interface":null}}
2025-08-15T22:12:58.435-0500	DEBUG	protocol/handler.go:1591	have processed broadcast	{"{round 20 2  <nil>}": {"Key":"from","Type":15,"Integer":0,"String":"b","Interface":null}}
2025-08-15T22:12:58.597-0500	DEBUG	protocol/handler.go:1591	have processed broadcast	{"{round 20 2  <nil>}": {"Key":"from","Type":15,"Integer":0,"String":"c","Interface":null}}
2025-08-15T22:12:58.597-0500	DEBUG	protocol/handler.go:1591	have processed broadcast	{"{round 20 2  <nil>}": {"Key":"from","Type":15,"Integer":0,"String":"a","Interface":null}}
2025-08-15T22:12:58.597-0500	DEBUG	protocol/handler.go:1591	have processed broadcast	{"{round 20 2  <nil>}": {"Key":"from","Type":15,"Integer":0,"String":"d","Interface":null}}
2025-08-15T22:12:58.597-0500	DEBUG	protocol/handler.go:1591	have processed broadcast	{"{round 20 2  <nil>}": {"Key":"from","Type":15,"Integer":0,"String":"b","Interface":null}}
2025-08-15T22:12:58.597-0500	DEBUG	protocol/handler.go:1591	have processed broadcast	{"{round 20 2  <nil>}": {"Key":"from","Type":15,"Integer":0,"String":"c","Interface":null}}
2025-08-15T22:12:58.597-0500	DEBUG	protocol/handler.go:1591	have processed broadcast	{"{round 20 2  <nil>}": {"Key":"from","Type":15,"Integer":0,"String":"d","Interface":null}}
2025-08-15T22:12:58.597-0500	DEBUG	protocol/handler.go:1591	have processed broadcast	{"{round 20 2  <nil>}": {"Key":"from","Type":15,"Integer":0,"String":"e","Interface":null}}
2025-08-15T22:12:58.597-0500	DEBUG	protocol/handler.go:1591	have processed broadcast	{"{round 20 2  <nil>}": {"Key":"from","Type":15,"Integer":0,"String":"g","Interface":null}}
2025-08-15T22:12:58.597-0500	DEBUG	protocol/handler.go:1649	have all messages and processed	{"{round 20 2  <nil>}": {"Key":"self","Type":15,"Integer":0,"String":"f","Interface":null}}
2025-08-15T22:12:58.597-0500	DEBUG	protocol/handler.go:596	round already finalized
2025-08-15T22:12:58.597-0500	DEBUG	protocol/handler.go:437	processing message	{"{from 15 0 b <nil>}": {"Key":"to","Type":15,"Integer":0,"String":"","Interface":null}, "{round 20 3  <nil>}": {"Key":"broadcast","Type":4,"Integer":1,"String":"","Interface":null}}
2025-08-15T22:12:58.597-0500	DEBUG	protocol/handler.go:1657	storing broadcast	{"{round 20 3  <nil>}": {"Key":"from","Type":15,"Integer":0,"String":"b","Interface":null}}
2025-08-15T22:12:58.597-0500	DEBUG	protocol/handler.go:470	message for different round (buffering)	{"{msg_round 20 3  <nil>}": {"Key":"current_round","Type":20,"Integer":2,"String":"","Interface":null}}
2025-08-15T22:12:58.597-0500	DEBUG	protocol/handler.go:581	tryAdvanceRound called	{"{current_round 20 2  <nil>}": {"Key":"self","Type":15,"Integer":0,"String":"f","Interface":null}}
2025-08-15T22:12:58.597-0500	DEBUG	protocol/handler.go:1591	have processed broadcast	{"{round 20 2  <nil>}": {"Key":"from","Type":15,"Integer":0,"String":"a","Interface":null}}
2025-08-15T22:12:58.598-0500	DEBUG	protocol/handler.go:1591	have processed broadcast	{"{round 20 2  <nil>}": {"Key":"from","Type":15,"Integer":0,"String":"b","Interface":null}}
2025-08-15T22:12:58.435-0500	DEBUG	protocol/handler.go:1591	have processed broadcast	{"{round 20 2  <nil>}": {"Key":"from","Type":15,"Integer":0,"String":"c","Interface":null}}
2025-08-15T22:12:58.435-0500	DEBUG	protocol/handler.go:1600	waiting for broadcasts	{"{round 20 2  <nil>}": {"Key":"missing","Type":15,"Integer":0,"String":"[f]","Interface":null}}
2025-08-15T22:12:58.424-0500	DEBUG	protocol/handler.go:1591	have processed broadcast	{"{round 20 2  <nil>}": {"Key":"from","Type":15,"Integer":0,"String":"a","Interface":null}}
2025-08-15T22:12:58.422-0500	DEBUG	protocol/handler.go:1591	have processed broadcast	{"{round 20 2  <nil>}": {"Key":"from","Type":15,"Integer":0,"String":"b","Interface":null}}
2025-08-15T22:12:58.436-0500	DEBUG	protocol/handler.go:581	tryAdvanceRound called	{"{current_round 20 2  <nil>}": {"Key":"self","Type":15,"Integer":0,"String":"d","Interface":null}}
2025-08-15T22:12:58.440-0500	DEBUG	protocol/handler.go:1591	have processed broadcast	{"{round 20 2  <nil>}": {"Key":"from","Type":15,"Integer":0,"String":"a","Interface":null}}
2025-08-15T22:12:58.424-0500	DEBUG	protocol/handler.go:1503	processing queued messages
2025-08-15T22:12:58.527-0500	DEBUG	protocol/handler.go:432	processMessage: p2p round 3 START	{"{from 15 0 b <nil>}": {"Key":"to","Type":15,"Integer":0,"String":"f","Interface":null}}
2025-08-15T22:12:58.527-0500	DEBUG	protocol/handler.go:432	processMessage: p2p round 3 START	{"{from 15 0 b <nil>}": {"Key":"to","Type":15,"Integer":0,"String":"e","Interface":null}}
2025-08-15T22:12:58.527-0500	DEBUG	protocol/handler.go:432	processMessage: p2p round 3 START	{"{from 15 0 a <nil>}": {"Key":"to","Type":15,"Integer":0,"String":"e","Interface":null}}
2025-08-15T22:12:58.527-0500	DEBUG	protocol/handler.go:432	processMessage: p2p round 3 START	{"{from 15 0 b <nil>}": {"Key":"to","Type":15,"Integer":0,"String":"d","Interface":null}}
2025-08-15T22:12:58.527-0500	DEBUG	protocol/handler.go:432	processMessage: p2p round 3 START	{"{from 15 0 e <nil>}": {"Key":"to","Type":15,"Integer":0,"String":"d","Interface":null}}
2025-08-15T22:12:58.527-0500	DEBUG	protocol/handler.go:1039	sendRoundMessage	{"{from 15 0 d <nil>}": {"Key":"to","Type":15,"Integer":0,"String":"","Interface":null}, "{round 20 3  <nil>}": {"Key":"broadcast","Type":4,"Integer":1,"String":"","Interface":null}}
2025-08-15T22:12:58.527-0500	DEBUG	protocol/handler.go:432	processMessage: p2p round 3 START	{"{from 15 0 a <nil>}": {"Key":"to","Type":15,"Integer":0,"String":"b","Interface":null}}
2025-08-15T22:12:58.527-0500	DEBUG	protocol/handler.go:437	processing message	{"{from 15 0 a <nil>}": {"Key":"to","Type":15,"Integer":0,"String":"","Interface":null}, "{round 20 3  <nil>}": {"Key":"broadcast","Type":4,"Integer":1,"String":"","Interface":null}}
2025-08-15T22:12:58.527-0500	DEBUG	protocol/handler.go:432	processMessage: p2p round 3 START	{"{from 15 0 e <nil>}": {"Key":"to","Type":15,"Integer":0,"String":"g","Interface":null}}
2025-08-15T22:12:58.528-0500	DEBUG	protocol/handler.go:437	processing message	{"{from 15 0 e <nil>}": {"Key":"to","Type":15,"Integer":0,"String":"","Interface":null}, "{round 20 3  <nil>}": {"Key":"broadcast","Type":4,"Integer":1,"String":"","Interface":null}}
2025-08-15T22:12:58.583-0500	DEBUG	protocol/handler.go:581	tryAdvanceRound called	{"{current_round 20 2  <nil>}": {"Key":"self","Type":15,"Integer":0,"String":"d","Interface":null}}
2025-08-15T22:12:58.435-0500	DEBUG	protocol/handler.go:1591	have processed broadcast	{"{round 20 2  <nil>}": {"Key":"from","Type":15,"Integer":0,"String":"b","Interface":null}}
2025-08-15T22:12:58.435-0500	DEBUG	protocol/handler.go:432	processMessage: p2p round 3 START	{"{from 15 0 g <nil>}": {"Key":"to","Type":15,"Integer":0,"String":"d","Interface":null}}
2025-08-15T22:12:58.588-0500	DEBUG	protocol/handler.go:581	tryAdvanceRound called	{"{current_round 20 2  <nil>}": {"Key":"self","Type":15,"Integer":0,"String":"d","Interface":null}}
2025-08-15T22:12:58.590-0500	DEBUG	protocol/handler.go:1591	have processed broadcast	{"{round 20 2  <nil>}": {"Key":"from","Type":15,"Integer":0,"String":"a","Interface":null}}
2025-08-15T22:12:58.590-0500	DEBUG	protocol/handler.go:581	tryAdvanceRound called	{"{current_round 20 3  <nil>}": {"Key":"self","Type":15,"Integer":0,"String":"b","Interface":null}}
2025-08-15T22:12:58.590-0500	DEBUG	protocol/handler.go:581	tryAdvanceRound called	{"{current_round 20 3  <nil>}": {"Key":"self","Type":15,"Integer":0,"String":"e","Interface":null}}
2025-08-15T22:12:58.435-0500	DEBUG	protocol/handler.go:1591	have processed broadcast	{"{round 20 2  <nil>}": {"Key":"from","Type":15,"Integer":0,"String":"b","Interface":null}}
2025-08-15T22:12:58.591-0500	DEBUG	protocol/handler.go:470	message for different round (buffering)	{"{msg_round 20 3  <nil>}": {"Key":"current_round","Type":20,"Integer":2,"String":"","Interface":null}}
2025-08-15T22:12:58.435-0500	DEBUG	protocol/handler.go:1591	have processed broadcast	{"{round 20 2  <nil>}": {"Key":"from","Type":15,"Integer":0,"String":"c","Interface":null}}
2025-08-15T22:12:58.434-0500	DEBUG	protocol/handler.go:581	tryAdvanceRound called	{"{current_round 20 2  <nil>}": {"Key":"self","Type":15,"Integer":0,"String":"a","Interface":null}}
2025-08-15T22:12:58.591-0500	DEBUG	protocol/handler.go:437	processing message	{"{from 15 0 g <nil>}": {"Key":"to","Type":15,"Integer":0,"String":"b","Interface":null}, "{round 20 3  <nil>}": {"Key":"broadcast","Type":4,"Integer":0,"String":"","Interface":null}}
2025-08-15T22:12:58.598-0500	DEBUG	protocol/handler.go:1591	have processed broadcast	{"{round 20 2  <nil>}": {"Key":"from","Type":15,"Integer":0,"String":"c","Interface":null}}
2025-08-15T22:12:58.598-0500	DEBUG	protocol/handler.go:1591	have processed broadcast	{"{round 20 2  <nil>}": {"Key":"from","Type":15,"Integer":0,"String":"e","Interface":null}}
2025-08-15T22:12:58.598-0500	INFO	protocol/handler.go:560	advanced to round
2025-08-15T22:12:58.598-0500	DEBUG	protocol/handler.go:1591	have processed broadcast	{"{round 20 2  <nil>}": {"Key":"from","Type":15,"Integer":0,"String":"b","Interface":null}}
2025-08-15T22:12:58.598-0500	DEBUG	protocol/handler.go:1591	have processed broadcast	{"{round 20 2  <nil>}": {"Key":"from","Type":15,"Integer":0,"String":"c","Interface":null}}
2025-08-15T22:12:58.598-0500	DEBUG	protocol/handler.go:1591	have processed broadcast	{"{round 20 2  <nil>}": {"Key":"from","Type":15,"Integer":0,"String":"a","Interface":null}}
2025-08-15T22:12:58.598-0500	DEBUG	protocol/handler.go:1591	have processed broadcast	{"{round 20 2  <nil>}": {"Key":"from","Type":15,"Integer":0,"String":"b","Interface":null}}
2025-08-15T22:12:58.598-0500	DEBUG	protocol/handler.go:437	processing message	{"{from 15 0 e <nil>}": {"Key":"to","Type":15,"Integer":0,"String":"","Interface":null}, "{round 20 3  <nil>}": {"Key":"broadcast","Type":4,"Integer":1,"String":"","Interface":null}}
2025-08-15T22:12:58.598-0500	DEBUG	protocol/handler.go:437	processing message	{"{from 15 0 b <nil>}": {"Key":"to","Type":15,"Integer":0,"String":"f","Interface":null}, "{round 20 3  <nil>}": {"Key":"broadcast","Type":4,"Integer":0,"String":"","Interface":null}}
2025-08-15T22:12:58.598-0500	DEBUG	protocol/handler.go:1503	processing queued messages
2025-08-15T22:12:58.598-0500	DEBUG	protocol/handler.go:437	processing message	{"{from 15 0 b <nil>}": {"Key":"to","Type":15,"Integer":0,"String":"e","Interface":null}, "{round 20 3  <nil>}": {"Key":"broadcast","Type":4,"Integer":0,"String":"","Interface":null}}
2025-08-15T22:12:58.598-0500	DEBUG	protocol/handler.go:437	processing message	{"{from 15 0 a <nil>}": {"Key":"to","Type":15,"Integer":0,"String":"e","Interface":null}, "{round 20 3  <nil>}": {"Key":"broadcast","Type":4,"Integer":0,"String":"","Interface":null}}
2025-08-15T22:12:58.598-0500	DEBUG	protocol/handler.go:437	processing message	{"{from 15 0 b <nil>}": {"Key":"to","Type":15,"Integer":0,"String":"d","Interface":null}, "{round 20 3  <nil>}": {"Key":"broadcast","Type":4,"Integer":0,"String":"","Interface":null}}
2025-08-15T22:12:58.598-0500	DEBUG	protocol/handler.go:437	processing message	{"{from 15 0 e <nil>}": {"Key":"to","Type":15,"Integer":0,"String":"d","Interface":null}, "{round 20 3  <nil>}": {"Key":"broadcast","Type":4,"Integer":0,"String":"","Interface":null}}
2025-08-15T22:12:58.609-0500	DEBUG	protocol/handler.go:1039	sendRoundMessage	{"{from 15 0 f <nil>}": {"Key":"to","Type":15,"Integer":0,"String":"","Interface":null}, "{round 20 3  <nil>}": {"Key":"broadcast","Type":4,"Integer":1,"String":"","Interface":null}}
2025-08-15T22:12:58.609-0500	DEBUG	protocol/handler.go:1657	storing broadcast	{"{round 20 3  <nil>}": {"Key":"from","Type":15,"Integer":0,"String":"a","Interface":null}}
2025-08-15T22:12:58.609-0500	DEBUG	protocol/handler.go:437	processing message	{"{from 15 0 e <nil>}": {"Key":"to","Type":15,"Integer":0,"String":"g","Interface":null}, "{round 20 3  <nil>}": {"Key":"broadcast","Type":4,"Integer":0,"String":"","Interface":null}}
2025-08-15T22:12:58.609-0500	DEBUG	protocol/handler.go:1657	storing broadcast	{"{round 20 3  <nil>}": {"Key":"from","Type":15,"Integer":0,"String":"e","Interface":null}}
2025-08-15T22:12:58.609-0500	DEBUG	protocol/handler.go:1591	have processed broadcast	{"{round 20 2  <nil>}": {"Key":"from","Type":15,"Integer":0,"String":"a","Interface":null}}
2025-08-15T22:12:58.609-0500	DEBUG	protocol/handler.go:1591	have processed broadcast	{"{round 20 2  <nil>}": {"Key":"from","Type":15,"Integer":0,"String":"c","Interface":null}}
2025-08-15T22:12:58.609-0500	DEBUG	protocol/handler.go:437	processing message	{"{from 15 0 g <nil>}": {"Key":"to","Type":15,"Integer":0,"String":"d","Interface":null}, "{round 20 3  <nil>}": {"Key":"broadcast","Type":4,"Integer":0,"String":"","Interface":null}}
2025-08-15T22:12:58.609-0500	DEBUG	protocol/handler.go:1591	have processed broadcast	{"{round 20 2  <nil>}": {"Key":"from","Type":15,"Integer":0,"String":"a","Interface":null}}
2025-08-15T22:12:58.609-0500	DEBUG	protocol/handler.go:1591	have processed broadcast	{"{round 20 2  <nil>}": {"Key":"from","Type":15,"Integer":0,"String":"b","Interface":null}}
2025-08-15T22:12:58.609-0500	DEBUG	protocol/handler.go:1591	have processed broadcast	{"{round 20 3  <nil>}": {"Key":"from","Type":15,"Integer":0,"String":"e","Interface":null}}
2025-08-15T22:12:58.609-0500	DEBUG	protocol/handler.go:1591	have processed broadcast	{"{round 20 3  <nil>}": {"Key":"from","Type":15,"Integer":0,"String":"a","Interface":null}}
2025-08-15T22:12:58.609-0500	DEBUG	protocol/handler.go:1591	have processed broadcast	{"{round 20 2  <nil>}": {"Key":"from","Type":15,"Integer":0,"String":"c","Interface":null}}
2025-08-15T22:12:58.609-0500	DEBUG	protocol/handler.go:581	tryAdvanceRound called	{"{current_round 20 2  <nil>}": {"Key":"self","Type":15,"Integer":0,"String":"c","Interface":null}}
2025-08-15T22:12:58.610-0500	DEBUG	protocol/handler.go:1591	have processed broadcast	{"{round 20 2  <nil>}": {"Key":"from","Type":15,"Integer":0,"String":"e","Interface":null}}
2025-08-15T22:12:58.610-0500	DEBUG	protocol/handler.go:1591	have processed broadcast	{"{round 20 2  <nil>}": {"Key":"from","Type":15,"Integer":0,"String":"b","Interface":null}}
2025-08-15T22:12:58.610-0500	DEBUG	protocol/handler.go:1662	storing message	{"{round 20 3  <nil>}": {"Key":"from","Type":15,"Integer":0,"String":"g","Interface":null}}
2025-08-15T22:12:58.610-0500	DEBUG	protocol/handler.go:1591	have processed broadcast	{"{round 20 2  <nil>}": {"Key":"from","Type":15,"Integer":0,"String":"d","Interface":null}}
2025-08-15T22:12:58.610-0500	DEBUG	protocol/handler.go:1591	have processed broadcast	{"{round 20 2  <nil>}": {"Key":"from","Type":15,"Integer":0,"String":"g","Interface":null}}
2025-08-15T22:12:58.610-0500	DEBUG	protocol/handler.go:581	tryAdvanceRound called	{"{current_round 20 3  <nil>}": {"Key":"self","Type":15,"Integer":0,"String":"g","Interface":null}}
2025-08-15T22:12:58.610-0500	DEBUG	protocol/handler.go:1591	have processed broadcast	{"{round 20 2  <nil>}": {"Key":"from","Type":15,"Integer":0,"String":"d","Interface":null}}
2025-08-15T22:12:58.610-0500	DEBUG	protocol/handler.go:1591	have processed broadcast	{"{round 20 2  <nil>}": {"Key":"from","Type":15,"Integer":0,"String":"d","Interface":null}}
2025-08-15T22:12:58.610-0500	DEBUG	protocol/handler.go:1591	have processed broadcast	{"{round 20 2  <nil>}": {"Key":"from","Type":15,"Integer":0,"String":"b","Interface":null}}
2025-08-15T22:12:58.610-0500	DEBUG	protocol/handler.go:1591	have processed broadcast	{"{round 20 2  <nil>}": {"Key":"from","Type":15,"Integer":0,"String":"d","Interface":null}}
2025-08-15T22:12:58.610-0500	DEBUG	protocol/handler.go:1657	storing broadcast	{"{round 20 3  <nil>}": {"Key":"from","Type":15,"Integer":0,"String":"e","Interface":null}}
2025-08-15T22:12:58.610-0500	DEBUG	protocol/handler.go:1662	storing message	{"{round 20 3  <nil>}": {"Key":"from","Type":15,"Integer":0,"String":"b","Interface":null}}
2025-08-15T22:12:58.610-0500	DEBUG	protocol/handler.go:1662	storing message	{"{round 20 3  <nil>}": {"Key":"from","Type":15,"Integer":0,"String":"b","Interface":null}}
2025-08-15T22:12:58.610-0500	DEBUG	protocol/handler.go:1662	storing message	{"{round 20 3  <nil>}": {"Key":"from","Type":15,"Integer":0,"String":"a","Interface":null}}
2025-08-15T22:12:58.610-0500	DEBUG	protocol/handler.go:1662	storing message	{"{round 20 3  <nil>}": {"Key":"from","Type":15,"Integer":0,"String":"b","Interface":null}}
2025-08-15T22:12:58.610-0500	DEBUG	protocol/handler.go:1662	storing message	{"{round 20 3  <nil>}": {"Key":"from","Type":15,"Integer":0,"String":"e","Interface":null}}
2025-08-15T22:12:58.610-0500	DEBUG	protocol/handler.go:1657	storing broadcast	{"{round 20 3  <nil>}": {"Key":"from","Type":15,"Integer":0,"String":"f","Interface":null}}
2025-08-15T22:12:58.610-0500	DEBUG	protocol/handler.go:581	tryAdvanceRound called	{"{current_round 20 3  <nil>}": {"Key":"self","Type":15,"Integer":0,"String":"b","Interface":null}}
2025-08-15T22:12:58.611-0500	DEBUG	protocol/handler.go:1662	storing message	{"{round 20 3  <nil>}": {"Key":"from","Type":15,"Integer":0,"String":"e","Interface":null}}
2025-08-15T22:12:58.611-0500	DEBUG	protocol/handler.go:581	tryAdvanceRound called	{"{current_round 20 3  <nil>}": {"Key":"self","Type":15,"Integer":0,"String":"g","Interface":null}}
2025-08-15T22:12:58.611-0500	DEBUG	protocol/handler.go:1591	have processed broadcast	{"{round 20 2  <nil>}": {"Key":"from","Type":15,"Integer":0,"String":"b","Interface":null}}
2025-08-15T22:12:58.611-0500	DEBUG	protocol/handler.go:1591	have processed broadcast	{"{round 20 2  <nil>}": {"Key":"from","Type":15,"Integer":0,"String":"d","Interface":null}}
2025-08-15T22:12:58.611-0500	DEBUG	protocol/handler.go:1662	storing message	{"{round 20 3  <nil>}": {"Key":"from","Type":15,"Integer":0,"String":"g","Interface":null}}
2025-08-15T22:12:58.611-0500	DEBUG	protocol/handler.go:1591	have processed broadcast	{"{round 20 2  <nil>}": {"Key":"from","Type":15,"Integer":0,"String":"b","Interface":null}}
2025-08-15T22:12:58.611-0500	DEBUG	protocol/handler.go:1591	have processed broadcast	{"{round 20 2  <nil>}": {"Key":"from","Type":15,"Integer":0,"String":"c","Interface":null}}
2025-08-15T22:12:58.611-0500	DEBUG	protocol/handler.go:1591	have processed broadcast	{"{round 20 3  <nil>}": {"Key":"from","Type":15,"Integer":0,"String":"g","Interface":null}}
2025-08-15T22:12:58.611-0500	DEBUG	protocol/handler.go:1591	have processed broadcast	{"{round 20 3  <nil>}": {"Key":"from","Type":15,"Integer":0,"String":"b","Interface":null}}
2025-08-15T22:12:58.611-0500	DEBUG	protocol/handler.go:1591	have processed broadcast	{"{round 20 2  <nil>}": {"Key":"from","Type":15,"Integer":0,"String":"d","Interface":null}}
2025-08-15T22:12:58.618-0500	DEBUG	protocol/handler.go:1591	have processed broadcast	{"{round 20 2  <nil>}": {"Key":"from","Type":15,"Integer":0,"String":"a","Interface":null}}
2025-08-15T22:12:58.618-0500	DEBUG	protocol/handler.go:1591	have processed broadcast	{"{round 20 2  <nil>}": {"Key":"from","Type":15,"Integer":0,"String":"g","Interface":null}}
2025-08-15T22:12:58.618-0500	DEBUG	protocol/handler.go:1591	have processed broadcast	{"{round 20 2  <nil>}": {"Key":"from","Type":15,"Integer":0,"String":"c","Interface":null}}
2025-08-15T22:12:58.620-0500	DEBUG	protocol/handler.go:581	tryAdvanceRound called	{"{current_round 20 3  <nil>}": {"Key":"self","Type":15,"Integer":0,"String":"b","Interface":null}}
2025-08-15T22:12:58.625-0500	DEBUG	protocol/handler.go:1591	have processed broadcast	{"{round 20 2  <nil>}": {"Key":"from","Type":15,"Integer":0,"String":"b","Interface":null}}
2025-08-15T22:12:58.625-0500	DEBUG	protocol/handler.go:1591	have processed broadcast	{"{round 20 2  <nil>}": {"Key":"from","Type":15,"Integer":0,"String":"d","Interface":null}}
2025-08-15T22:12:58.625-0500	DEBUG	protocol/handler.go:1591	have processed broadcast	{"{round 20 2  <nil>}": {"Key":"from","Type":15,"Integer":0,"String":"e","Interface":null}}
2025-08-15T22:12:58.625-0500	DEBUG	protocol/handler.go:1591	have processed broadcast	{"{round 20 2  <nil>}": {"Key":"from","Type":15,"Integer":0,"String":"f","Interface":null}}
2025-08-15T22:12:58.638-0500	DEBUG	protocol/handler.go:1591	have processed broadcast	{"{round 20 2  <nil>}": {"Key":"from","Type":15,"Integer":0,"String":"g","Interface":null}}
2025-08-15T22:12:58.638-0500	DEBUG	protocol/handler.go:1649	have all messages and processed	{"{round 20 2  <nil>}": {"Key":"self","Type":15,"Integer":0,"String":"c","Interface":null}}
2025-08-15T22:12:58.640-0500	DEBUG	protocol/handler.go:1591	have processed broadcast	{"{round 20 2  <nil>}": {"Key":"from","Type":15,"Integer":0,"String":"d","Interface":null}}
2025-08-15T22:12:58.640-0500	DEBUG	protocol/handler.go:1591	have processed broadcast	{"{round 20 2  <nil>}": {"Key":"from","Type":15,"Integer":0,"String":"e","Interface":null}}
2025-08-15T22:12:58.641-0500	DEBUG	protocol/handler.go:1591	have processed broadcast	{"{round 20 2  <nil>}": {"Key":"from","Type":15,"Integer":0,"String":"f","Interface":null}}
2025-08-15T22:12:58.641-0500	DEBUG	protocol/handler.go:1591	have processed broadcast	{"{round 20 2  <nil>}": {"Key":"from","Type":15,"Integer":0,"String":"g","Interface":null}}
2025-08-15T22:12:58.597-0500	DEBUG	protocol/handler.go:1591	have processed broadcast	{"{round 20 2  <nil>}": {"Key":"from","Type":15,"Integer":0,"String":"e","Interface":null}}
2025-08-15T22:12:58.641-0500	DEBUG	protocol/handler.go:1591	have processed broadcast	{"{round 20 2  <nil>}": {"Key":"from","Type":15,"Integer":0,"String":"g","Interface":null}}
2025-08-15T22:12:58.641-0500	DEBUG	protocol/handler.go:1600	waiting for broadcasts	{"{round 20 2  <nil>}": {"Key":"missing","Type":15,"Integer":0,"String":"[f]","Interface":null}}
2025-08-15T22:12:58.642-0500	DEBUG	protocol/handler.go:1591	have processed broadcast	{"{round 20 2  <nil>}": {"Key":"from","Type":15,"Integer":0,"String":"b","Interface":null}}
2025-08-15T22:12:58.642-0500	DEBUG	protocol/handler.go:1591	have processed broadcast	{"{round 20 2  <nil>}": {"Key":"from","Type":15,"Integer":0,"String":"c","Interface":null}}
2025-08-15T22:12:58.642-0500	DEBUG	protocol/handler.go:1591	have processed broadcast	{"{round 20 2  <nil>}": {"Key":"from","Type":15,"Integer":0,"String":"d","Interface":null}}
2025-08-15T22:12:58.642-0500	DEBUG	protocol/handler.go:1591	have processed broadcast	{"{round 20 2  <nil>}": {"Key":"from","Type":15,"Integer":0,"String":"e","Interface":null}}
2025-08-15T22:12:58.642-0500	DEBUG	protocol/handler.go:1591	have processed broadcast	{"{round 20 2  <nil>}": {"Key":"from","Type":15,"Integer":0,"String":"g","Interface":null}}
2025-08-15T22:12:58.642-0500	DEBUG	protocol/handler.go:1649	have all messages and processed	{"{round 20 2  <nil>}": {"Key":"self","Type":15,"Integer":0,"String":"f","Interface":null}}
2025-08-15T22:12:58.642-0500	DEBUG	protocol/handler.go:596	round already finalized
2025-08-15T22:12:58.643-0500	DEBUG	protocol/handler.go:581	tryAdvanceRound called	{"{current_round 20 3  <nil>}": {"Key":"self","Type":15,"Integer":0,"String":"g","Interface":null}}
2025-08-15T22:12:58.643-0500	DEBUG	protocol/handler.go:1591	have processed broadcast	{"{round 20 3  <nil>}": {"Key":"from","Type":15,"Integer":0,"String":"a","Interface":null}}
2025-08-15T22:12:58.643-0500	DEBUG	protocol/handler.go:1591	have processed broadcast	{"{round 20 3  <nil>}": {"Key":"from","Type":15,"Integer":0,"String":"b","Interface":null}}
2025-08-15T22:12:58.643-0500	DEBUG	protocol/handler.go:1591	have processed broadcast	{"{round 20 3  <nil>}": {"Key":"from","Type":15,"Integer":0,"String":"e","Interface":null}}
2025-08-15T22:12:58.643-0500	DEBUG	protocol/handler.go:1600	waiting for broadcasts	{"{round 20 3  <nil>}": {"Key":"missing","Type":15,"Integer":0,"String":"[c d f]","Interface":null}}
2025-08-15T22:12:58.624-0500	DEBUG	protocol/handler.go:437	processing message	{"{from 15 0 f <nil>}": {"Key":"to","Type":15,"Integer":0,"String":"","Interface":null}, "{round 20 3  <nil>}": {"Key":"broadcast","Type":4,"Integer":1,"String":"","Interface":null}}
2025-08-15T22:12:58.623-0500	DEBUG	protocol/handler.go:437	processing message	{"{from 15 0 f <nil>}": {"Key":"to","Type":15,"Integer":0,"String":"","Interface":null}, "{round 20 3  <nil>}": {"Key":"broadcast","Type":4,"Integer":1,"String":"","Interface":null}}
2025-08-15T22:12:58.644-0500	DEBUG	protocol/handler.go:1657	storing broadcast	{"{round 20 3  <nil>}": {"Key":"from","Type":15,"Integer":0,"String":"f","Interface":null}}
2025-08-15T22:12:58.644-0500	DEBUG	protocol/handler.go:581	tryAdvanceRound called	{"{current_round 20 3  <nil>}": {"Key":"self","Type":15,"Integer":0,"String":"a","Interface":null}}
2025-08-15T22:12:58.620-0500	DEBUG	protocol/handler.go:1600	waiting for broadcasts	{"{round 20 2  <nil>}": {"Key":"missing","Type":15,"Integer":0,"String":"[f]","Interface":null}}
2025-08-15T22:12:58.645-0500	DEBUG	protocol/handler.go:619	finalizing round
2025-08-15T22:12:58.645-0500	DEBUG	protocol/handler.go:437	processing message	{"{from 15 0 f <nil>}": {"Key":"to","Type":15,"Integer":0,"String":"","Interface":null}, "{round 20 3  <nil>}": {"Key":"broadcast","Type":4,"Integer":1,"String":"","Interface":null}}
2025-08-15T22:12:58.645-0500	DEBUG	protocol/handler.go:1657	storing broadcast	{"{round 20 3  <nil>}": {"Key":"from","Type":15,"Integer":0,"String":"f","Interface":null}}
2025-08-15T22:12:58.645-0500	DEBUG	protocol/handler.go:470	message for different round (buffering)	{"{msg_round 20 3  <nil>}": {"Key":"current_round","Type":20,"Integer":2,"String":"","Interface":null}}
2025-08-15T22:12:58.645-0500	DEBUG	protocol/handler.go:581	tryAdvanceRound called	{"{current_round 20 2  <nil>}": {"Key":"self","Type":15,"Integer":0,"String":"d","Interface":null}}
2025-08-15T22:12:58.645-0500	DEBUG	protocol/handler.go:1591	have processed broadcast	{"{round 20 2  <nil>}": {"Key":"from","Type":15,"Integer":0,"String":"a","Interface":null}}
2025-08-15T22:12:58.645-0500	DEBUG	protocol/handler.go:1591	have processed broadcast	{"{round 20 2  <nil>}": {"Key":"from","Type":15,"Integer":0,"String":"b","Interface":null}}
2025-08-15T22:12:58.646-0500	DEBUG	protocol/handler.go:1591	have processed broadcast	{"{round 20 2  <nil>}": {"Key":"from","Type":15,"Integer":0,"String":"c","Interface":null}}
2025-08-15T22:12:58.646-0500	DEBUG	protocol/handler.go:1591	have processed broadcast	{"{round 20 2  <nil>}": {"Key":"from","Type":15,"Integer":0,"String":"e","Interface":null}}
2025-08-15T22:12:58.646-0500	DEBUG	protocol/handler.go:1591	have processed broadcast	{"{round 20 2  <nil>}": {"Key":"from","Type":15,"Integer":0,"String":"f","Interface":null}}
2025-08-15T22:12:58.646-0500	DEBUG	protocol/handler.go:1591	have processed broadcast	{"{round 20 2  <nil>}": {"Key":"from","Type":15,"Integer":0,"String":"g","Interface":null}}
2025-08-15T22:12:58.646-0500	DEBUG	protocol/handler.go:1649	have all messages and processed	{"{round 20 2  <nil>}": {"Key":"self","Type":15,"Integer":0,"String":"d","Interface":null}}
2025-08-15T22:12:58.646-0500	DEBUG	protocol/handler.go:596	round already finalized
2025-08-15T22:12:58.620-0500	DEBUG	protocol/handler.go:1591	have processed broadcast	{"{round 20 3  <nil>}": {"Key":"from","Type":15,"Integer":0,"String":"a","Interface":null}}
2025-08-15T22:12:58.646-0500	DEBUG	protocol/handler.go:1039	sendRoundMessage	{"{from 15 0 c <nil>}": {"Key":"to","Type":15,"Integer":0,"String":"","Interface":null}, "{round 20 3  <nil>}": {"Key":"broadcast","Type":4,"Integer":1,"String":"","Interface":null}}
2025-08-15T22:12:58.646-0500	DEBUG	protocol/handler.go:1657	storing broadcast	{"{round 20 3  <nil>}": {"Key":"from","Type":15,"Integer":0,"String":"c","Interface":null}}
2025-08-15T22:12:58.646-0500	DEBUG	protocol/handler.go:1591	have processed broadcast	{"{round 20 3  <nil>}": {"Key":"from","Type":15,"Integer":0,"String":"b","Interface":null}}
2025-08-15T22:12:58.646-0500	DEBUG	protocol/handler.go:1081	sent message to output channel	{"{from 15 0 c <nil>}": {"Key":"to","Type":15,"Integer":0,"String":"","Interface":null}, "{round 20 3  <nil>}": {"Key":"broadcast","Type":4,"Integer":1,"String":"","Interface":null}}
2025-08-15T22:12:58.646-0500	DEBUG	protocol/handler.go:1591	have processed broadcast	{"{round 20 3  <nil>}": {"Key":"from","Type":15,"Integer":0,"String":"e","Interface":null}}
2025-08-15T22:12:58.646-0500	DEBUG	protocol/handler.go:1039	sendRoundMessage	{"{from 15 0 c <nil>}": {"Key":"to","Type":15,"Integer":0,"String":"a","Interface":null}, "{round 20 3  <nil>}": {"Key":"broadcast","Type":4,"Integer":0,"String":"","Interface":null}}
2025-08-15T22:12:58.646-0500	DEBUG	protocol/handler.go:1600	waiting for broadcasts	{"{round 20 3  <nil>}": {"Key":"missing","Type":15,"Integer":0,"String":"[c d f]","Interface":null}}
2025-08-15T22:12:58.646-0500	DEBUG	protocol/handler.go:581	tryAdvanceRound called	{"{current_round 20 3  <nil>}": {"Key":"self","Type":15,"Integer":0,"String":"g","Interface":null}}
2025-08-15T22:12:58.646-0500	DEBUG	protocol/handler.go:1081	sent message to output channel	{"{from 15 0 c <nil>}": {"Key":"to","Type":15,"Integer":0,"String":"a","Interface":null}, "{round 20 3  <nil>}": {"Key":"broadcast","Type":4,"Integer":0,"String":"","Interface":null}}
2025-08-15T22:12:58.646-0500	DEBUG	protocol/handler.go:1039	sendRoundMessage	{"{from 15 0 c <nil>}": {"Key":"to","Type":15,"Integer":0,"String":"b","Interface":null}, "{round 20 3  <nil>}": {"Key":"broadcast","Type":4,"Integer":0,"String":"","Interface":null}}
2025-08-15T22:12:58.646-0500	DEBUG	protocol/handler.go:1591	have processed broadcast	{"{round 20 3  <nil>}": {"Key":"from","Type":15,"Integer":0,"String":"a","Interface":null}}
2025-08-15T22:12:58.661-0500	DEBUG	protocol/handler.go:1591	have processed broadcast	{"{round 20 3  <nil>}": {"Key":"from","Type":15,"Integer":0,"String":"b","Interface":null}}
2025-08-15T22:12:58.661-0500	DEBUG	protocol/handler.go:1591	have processed broadcast	{"{round 20 3  <nil>}": {"Key":"from","Type":15,"Integer":0,"String":"e","Interface":null}}
2025-08-15T22:12:58.661-0500	DEBUG	protocol/handler.go:1600	waiting for broadcasts	{"{round 20 3  <nil>}": {"Key":"missing","Type":15,"Integer":0,"String":"[c d f]","Interface":null}}
2025-08-15T22:12:58.661-0500	DEBUG	protocol/handler.go:581	tryAdvanceRound called	{"{current_round 20 3  <nil>}": {"Key":"self","Type":15,"Integer":0,"String":"g","Interface":null}}
2025-08-15T22:12:58.661-0500	DEBUG	protocol/handler.go:1591	have processed broadcast	{"{round 20 3  <nil>}": {"Key":"from","Type":15,"Integer":0,"String":"a","Interface":null}}
2025-08-15T22:12:58.661-0500	DEBUG	protocol/handler.go:1591	have processed broadcast	{"{round 20 3  <nil>}": {"Key":"from","Type":15,"Integer":0,"String":"b","Interface":null}}
2025-08-15T22:12:58.662-0500	DEBUG	protocol/handler.go:1591	have processed broadcast	{"{round 20 3  <nil>}": {"Key":"from","Type":15,"Integer":0,"String":"e","Interface":null}}
2025-08-15T22:12:58.662-0500	DEBUG	protocol/handler.go:1600	waiting for broadcasts	{"{round 20 3  <nil>}": {"Key":"missing","Type":15,"Integer":0,"String":"[c d f]","Interface":null}}
2025-08-15T22:12:58.620-0500	DEBUG	protocol/handler.go:1591	have processed broadcast	{"{round 20 2  <nil>}": {"Key":"from","Type":15,"Integer":0,"String":"c","Interface":null}}
2025-08-15T22:12:58.662-0500	DEBUG	protocol/handler.go:1591	have processed broadcast	{"{round 20 2  <nil>}": {"Key":"from","Type":15,"Integer":0,"String":"e","Interface":null}}
2025-08-15T22:12:58.662-0500	DEBUG	protocol/handler.go:1591	have processed broadcast	{"{round 20 2  <nil>}": {"Key":"from","Type":15,"Integer":0,"String":"f","Interface":null}}
2025-08-15T22:12:58.662-0500	DEBUG	protocol/handler.go:1591	have processed broadcast	{"{round 20 2  <nil>}": {"Key":"from","Type":15,"Integer":0,"String":"g","Interface":null}}
2025-08-15T22:12:58.662-0500	DEBUG	protocol/handler.go:1649	have all messages and processed	{"{round 20 2  <nil>}": {"Key":"self","Type":15,"Integer":0,"String":"d","Interface":null}}
2025-08-15T22:12:58.662-0500	DEBUG	protocol/handler.go:596	round already finalized
2025-08-15T22:12:58.620-0500	DEBUG	protocol/handler.go:1591	have processed broadcast	{"{round 20 2  <nil>}": {"Key":"from","Type":15,"Integer":0,"String":"f","Interface":null}}
2025-08-15T22:12:58.662-0500	DEBUG	protocol/handler.go:1591	have processed broadcast	{"{round 20 2  <nil>}": {"Key":"from","Type":15,"Integer":0,"String":"g","Interface":null}}
2025-08-15T22:12:58.662-0500	DEBUG	protocol/handler.go:1600	waiting for broadcasts	{"{round 20 2  <nil>}": {"Key":"missing","Type":15,"Integer":0,"String":"[e]","Interface":null}}
2025-08-15T22:12:58.620-0500	DEBUG	protocol/handler.go:470	message for different round (buffering)	{"{msg_round 20 3  <nil>}": {"Key":"current_round","Type":20,"Integer":2,"String":"","Interface":null}}
2025-08-15T22:12:58.662-0500	DEBUG	protocol/handler.go:581	tryAdvanceRound called	{"{current_round 20 2  <nil>}": {"Key":"self","Type":15,"Integer":0,"String":"f","Interface":null}}
2025-08-15T22:12:58.662-0500	DEBUG	protocol/handler.go:1591	have processed broadcast	{"{round 20 2  <nil>}": {"Key":"from","Type":15,"Integer":0,"String":"a","Interface":null}}
2025-08-15T22:12:58.662-0500	DEBUG	protocol/handler.go:1591	have processed broadcast	{"{round 20 2  <nil>}": {"Key":"from","Type":15,"Integer":0,"String":"b","Interface":null}}
2025-08-15T22:12:58.662-0500	DEBUG	protocol/handler.go:1591	have processed broadcast	{"{round 20 2  <nil>}": {"Key":"from","Type":15,"Integer":0,"String":"c","Interface":null}}
2025-08-15T22:12:58.662-0500	DEBUG	protocol/handler.go:1591	have processed broadcast	{"{round 20 2  <nil>}": {"Key":"from","Type":15,"Integer":0,"String":"d","Interface":null}}
2025-08-15T22:12:58.662-0500	DEBUG	protocol/handler.go:1591	have processed broadcast	{"{round 20 2  <nil>}": {"Key":"from","Type":15,"Integer":0,"String":"e","Interface":null}}
2025-08-15T22:12:58.662-0500	DEBUG	protocol/handler.go:1591	have processed broadcast	{"{round 20 2  <nil>}": {"Key":"from","Type":15,"Integer":0,"String":"g","Interface":null}}
2025-08-15T22:12:58.663-0500	DEBUG	protocol/handler.go:1649	have all messages and processed	{"{round 20 2  <nil>}": {"Key":"self","Type":15,"Integer":0,"String":"f","Interface":null}}
2025-08-15T22:12:58.663-0500	DEBUG	protocol/handler.go:596	round already finalized
2025-08-15T22:12:58.663-0500	DEBUG	protocol/handler.go:437	processing message	{"{from 15 0 a <nil>}": {"Key":"to","Type":15,"Integer":0,"String":"","Interface":null}, "{round 20 3  <nil>}": {"Key":"broadcast","Type":4,"Integer":1,"String":"","Interface":null}}
2025-08-15T22:12:58.663-0500	DEBUG	protocol/handler.go:1657	storing broadcast	{"{round 20 3  <nil>}": {"Key":"from","Type":15,"Integer":0,"String":"a","Interface":null}}
2025-08-15T22:12:58.663-0500	DEBUG	protocol/handler.go:470	message for different round (buffering)	{"{msg_round 20 3  <nil>}": {"Key":"current_round","Type":20,"Integer":2,"String":"","Interface":null}}
2025-08-15T22:12:58.663-0500	DEBUG	protocol/handler.go:581	tryAdvanceRound called	{"{current_round 20 2  <nil>}": {"Key":"self","Type":15,"Integer":0,"String":"f","Interface":null}}
2025-08-15T22:12:58.663-0500	DEBUG	protocol/handler.go:1591	have processed broadcast	{"{round 20 2  <nil>}": {"Key":"from","Type":15,"Integer":0,"String":"a","Interface":null}}
2025-08-15T22:12:58.663-0500	DEBUG	protocol/handler.go:1591	have processed broadcast	{"{round 20 2  <nil>}": {"Key":"from","Type":15,"Integer":0,"String":"b","Interface":null}}
2025-08-15T22:12:58.663-0500	DEBUG	protocol/handler.go:1591	have processed broadcast	{"{round 20 2  <nil>}": {"Key":"from","Type":15,"Integer":0,"String":"c","Interface":null}}
2025-08-15T22:12:58.663-0500	DEBUG	protocol/handler.go:1591	have processed broadcast	{"{round 20 2  <nil>}": {"Key":"from","Type":15,"Integer":0,"String":"d","Interface":null}}
2025-08-15T22:12:58.663-0500	DEBUG	protocol/handler.go:1591	have processed broadcast	{"{round 20 2  <nil>}": {"Key":"from","Type":15,"Integer":0,"String":"e","Interface":null}}
2025-08-15T22:12:58.663-0500	DEBUG	protocol/handler.go:1591	have processed broadcast	{"{round 20 2  <nil>}": {"Key":"from","Type":15,"Integer":0,"String":"g","Interface":null}}
2025-08-15T22:12:58.663-0500	DEBUG	protocol/handler.go:1649	have all messages and processed	{"{round 20 2  <nil>}": {"Key":"self","Type":15,"Integer":0,"String":"f","Interface":null}}
2025-08-15T22:12:58.663-0500	DEBUG	protocol/handler.go:596	round already finalized
2025-08-15T22:12:58.663-0500	DEBUG	protocol/handler.go:437	processing message	{"{from 15 0 c <nil>}": {"Key":"to","Type":15,"Integer":0,"String":"","Interface":null}, "{round 20 3  <nil>}": {"Key":"broadcast","Type":4,"Integer":1,"String":"","Interface":null}}
2025-08-15T22:12:58.663-0500	DEBUG	protocol/handler.go:1657	storing broadcast	{"{round 20 3  <nil>}": {"Key":"from","Type":15,"Integer":0,"String":"c","Interface":null}}
2025-08-15T22:12:58.663-0500	DEBUG	protocol/handler.go:470	message for different round (buffering)	{"{msg_round 20 3  <nil>}": {"Key":"current_round","Type":20,"Integer":2,"String":"","Interface":null}}
2025-08-15T22:12:58.663-0500	DEBUG	protocol/handler.go:581	tryAdvanceRound called	{"{current_round 20 2  <nil>}": {"Key":"self","Type":15,"Integer":0,"String":"f","Interface":null}}
2025-08-15T22:12:58.663-0500	DEBUG	protocol/handler.go:1591	have processed broadcast	{"{round 20 2  <nil>}": {"Key":"from","Type":15,"Integer":0,"String":"a","Interface":null}}
2025-08-15T22:12:58.664-0500	DEBUG	protocol/handler.go:1591	have processed broadcast	{"{round 20 2  <nil>}": {"Key":"from","Type":15,"Integer":0,"String":"b","Interface":null}}
2025-08-15T22:12:58.664-0500	DEBUG	protocol/handler.go:1591	have processed broadcast	{"{round 20 2  <nil>}": {"Key":"from","Type":15,"Integer":0,"String":"c","Interface":null}}
2025-08-15T22:12:58.664-0500	DEBUG	protocol/handler.go:1591	have processed broadcast	{"{round 20 2  <nil>}": {"Key":"from","Type":15,"Integer":0,"String":"d","Interface":null}}
2025-08-15T22:12:58.664-0500	DEBUG	protocol/handler.go:1591	have processed broadcast	{"{round 20 2  <nil>}": {"Key":"from","Type":15,"Integer":0,"String":"e","Interface":null}}
2025-08-15T22:12:58.664-0500	DEBUG	protocol/handler.go:1591	have processed broadcast	{"{round 20 2  <nil>}": {"Key":"from","Type":15,"Integer":0,"String":"g","Interface":null}}
2025-08-15T22:12:58.664-0500	DEBUG	protocol/handler.go:1649	have all messages and processed	{"{round 20 2  <nil>}": {"Key":"self","Type":15,"Integer":0,"String":"f","Interface":null}}
2025-08-15T22:12:58.664-0500	DEBUG	protocol/handler.go:596	round already finalized
2025-08-15T22:12:58.620-0500	DEBUG	protocol/handler.go:470	message for different round (buffering)	{"{msg_round 20 3  <nil>}": {"Key":"current_round","Type":20,"Integer":2,"String":"","Interface":null}}
2025-08-15T22:12:58.664-0500	DEBUG	protocol/handler.go:581	tryAdvanceRound called	{"{current_round 20 2  <nil>}": {"Key":"self","Type":15,"Integer":0,"String":"f","Interface":null}}
2025-08-15T22:12:58.664-0500	DEBUG	protocol/handler.go:1591	have processed broadcast	{"{round 20 2  <nil>}": {"Key":"from","Type":15,"Integer":0,"String":"a","Interface":null}}
2025-08-15T22:12:58.664-0500	DEBUG	protocol/handler.go:1591	have processed broadcast	{"{round 20 2  <nil>}": {"Key":"from","Type":15,"Integer":0,"String":"b","Interface":null}}
2025-08-15T22:12:58.664-0500	DEBUG	protocol/handler.go:1591	have processed broadcast	{"{round 20 2  <nil>}": {"Key":"from","Type":15,"Integer":0,"String":"c","Interface":null}}
2025-08-15T22:12:58.664-0500	DEBUG	protocol/handler.go:1591	have processed broadcast	{"{round 20 2  <nil>}": {"Key":"from","Type":15,"Integer":0,"String":"d","Interface":null}}
2025-08-15T22:12:58.664-0500	DEBUG	protocol/handler.go:1591	have processed broadcast	{"{round 20 2  <nil>}": {"Key":"from","Type":15,"Integer":0,"String":"e","Interface":null}}
2025-08-15T22:12:58.664-0500	DEBUG	protocol/handler.go:1591	have processed broadcast	{"{round 20 2  <nil>}": {"Key":"from","Type":15,"Integer":0,"String":"g","Interface":null}}
2025-08-15T22:12:58.664-0500	DEBUG	protocol/handler.go:1649	have all messages and processed	{"{round 20 2  <nil>}": {"Key":"self","Type":15,"Integer":0,"String":"f","Interface":null}}
2025-08-15T22:12:58.664-0500	DEBUG	protocol/handler.go:596	round already finalized
2025-08-15T22:12:58.621-0500	DEBUG	protocol/handler.go:581	tryAdvanceRound called	{"{current_round 20 2  <nil>}": {"Key":"self","Type":15,"Integer":0,"String":"f","Interface":null}}
2025-08-15T22:12:58.664-0500	DEBUG	protocol/handler.go:1591	have processed broadcast	{"{round 20 2  <nil>}": {"Key":"from","Type":15,"Integer":0,"String":"a","Interface":null}}
2025-08-15T22:12:58.664-0500	DEBUG	protocol/handler.go:1591	have processed broadcast	{"{round 20 2  <nil>}": {"Key":"from","Type":15,"Integer":0,"String":"b","Interface":null}}
2025-08-15T22:12:58.665-0500	DEBUG	protocol/handler.go:1591	have processed broadcast	{"{round 20 2  <nil>}": {"Key":"from","Type":15,"Integer":0,"String":"c","Interface":null}}
2025-08-15T22:12:58.665-0500	DEBUG	protocol/handler.go:1591	have processed broadcast	{"{round 20 2  <nil>}": {"Key":"from","Type":15,"Integer":0,"String":"d","Interface":null}}
2025-08-15T22:12:58.665-0500	DEBUG	protocol/handler.go:1591	have processed broadcast	{"{round 20 2  <nil>}": {"Key":"from","Type":15,"Integer":0,"String":"e","Interface":null}}
2025-08-15T22:12:58.665-0500	DEBUG	protocol/handler.go:1591	have processed broadcast	{"{round 20 2  <nil>}": {"Key":"from","Type":15,"Integer":0,"String":"g","Interface":null}}
2025-08-15T22:12:58.665-0500	DEBUG	protocol/handler.go:1649	have all messages and processed	{"{round 20 2  <nil>}": {"Key":"self","Type":15,"Integer":0,"String":"f","Interface":null}}
2025-08-15T22:12:58.665-0500	DEBUG	protocol/handler.go:596	round already finalized
2025-08-15T22:12:58.621-0500	DEBUG	protocol/handler.go:437	processing message	{"{from 15 0 a <nil>}": {"Key":"to","Type":15,"Integer":0,"String":"b","Interface":null}, "{round 20 3  <nil>}": {"Key":"broadcast","Type":4,"Integer":0,"String":"","Interface":null}}
2025-08-15T22:12:58.665-0500	DEBUG	protocol/handler.go:1662	storing message	{"{round 20 3  <nil>}": {"Key":"from","Type":15,"Integer":0,"String":"a","Interface":null}}
2025-08-15T22:12:58.667-0500	DEBUG	protocol/handler.go:581	tryAdvanceRound called	{"{current_round 20 3  <nil>}": {"Key":"self","Type":15,"Integer":0,"String":"b","Interface":null}}
2025-08-15T22:12:58.667-0500	DEBUG	protocol/handler.go:1591	have processed broadcast	{"{round 20 3  <nil>}": {"Key":"from","Type":15,"Integer":0,"String":"a","Interface":null}}
2025-08-15T22:12:58.667-0500	DEBUG	protocol/handler.go:1591	have processed broadcast	{"{round 20 3  <nil>}": {"Key":"from","Type":15,"Integer":0,"String":"e","Interface":null}}
2025-08-15T22:12:58.667-0500	DEBUG	protocol/handler.go:1591	have processed broadcast	{"{round 20 3  <nil>}": {"Key":"from","Type":15,"Integer":0,"String":"g","Interface":null}}
2025-08-15T22:12:58.667-0500	DEBUG	protocol/handler.go:1600	waiting for broadcasts	{"{round 20 3  <nil>}": {"Key":"missing","Type":15,"Integer":0,"String":"[c d f]","Interface":null}}
2025-08-15T22:12:58.621-0500	DEBUG	protocol/handler.go:470	message for different round (buffering)	{"{msg_round 20 3  <nil>}": {"Key":"current_round","Type":20,"Integer":2,"String":"","Interface":null}}
2025-08-15T22:12:58.667-0500	DEBUG	protocol/handler.go:581	tryAdvanceRound called	{"{current_round 20 2  <nil>}": {"Key":"self","Type":15,"Integer":0,"String":"d","Interface":null}}
2025-08-15T22:12:58.668-0500	DEBUG	protocol/handler.go:1591	have processed broadcast	{"{round 20 2  <nil>}": {"Key":"from","Type":15,"Integer":0,"String":"a","Interface":null}}
2025-08-15T22:12:58.668-0500	DEBUG	protocol/handler.go:1591	have processed broadcast	{"{round 20 2  <nil>}": {"Key":"from","Type":15,"Integer":0,"String":"b","Interface":null}}
2025-08-15T22:12:58.668-0500	DEBUG	protocol/handler.go:1591	have processed broadcast	{"{round 20 2  <nil>}": {"Key":"from","Type":15,"Integer":0,"String":"c","Interface":null}}
2025-08-15T22:12:58.668-0500	DEBUG	protocol/handler.go:1591	have processed broadcast	{"{round 20 2  <nil>}": {"Key":"from","Type":15,"Integer":0,"String":"e","Interface":null}}
2025-08-15T22:12:58.668-0500	DEBUG	protocol/handler.go:1591	have processed broadcast	{"{round 20 2  <nil>}": {"Key":"from","Type":15,"Integer":0,"String":"f","Interface":null}}
2025-08-15T22:12:58.668-0500	DEBUG	protocol/handler.go:1591	have processed broadcast	{"{round 20 2  <nil>}": {"Key":"from","Type":15,"Integer":0,"String":"g","Interface":null}}
2025-08-15T22:12:58.668-0500	DEBUG	protocol/handler.go:1649	have all messages and processed	{"{round 20 2  <nil>}": {"Key":"self","Type":15,"Integer":0,"String":"d","Interface":null}}
2025-08-15T22:12:58.668-0500	DEBUG	protocol/handler.go:596	round already finalized
2025-08-15T22:12:58.621-0500	DEBUG	protocol/handler.go:470	message for different round (buffering)	{"{msg_round 20 3  <nil>}": {"Key":"current_round","Type":20,"Integer":2,"String":"","Interface":null}}
2025-08-15T22:12:58.668-0500	DEBUG	protocol/handler.go:581	tryAdvanceRound called	{"{current_round 20 2  <nil>}": {"Key":"self","Type":15,"Integer":0,"String":"d","Interface":null}}
2025-08-15T22:12:58.668-0500	DEBUG	protocol/handler.go:1591	have processed broadcast	{"{round 20 2  <nil>}": {"Key":"from","Type":15,"Integer":0,"String":"a","Interface":null}}
2025-08-15T22:12:58.668-0500	DEBUG	protocol/handler.go:1591	have processed broadcast	{"{round 20 2  <nil>}": {"Key":"from","Type":15,"Integer":0,"String":"b","Interface":null}}
2025-08-15T22:12:58.668-0500	DEBUG	protocol/handler.go:1591	have processed broadcast	{"{round 20 2  <nil>}": {"Key":"from","Type":15,"Integer":0,"String":"c","Interface":null}}
2025-08-15T22:12:58.668-0500	DEBUG	protocol/handler.go:1591	have processed broadcast	{"{round 20 2  <nil>}": {"Key":"from","Type":15,"Integer":0,"String":"e","Interface":null}}
2025-08-15T22:12:58.668-0500	DEBUG	protocol/handler.go:1591	have processed broadcast	{"{round 20 2  <nil>}": {"Key":"from","Type":15,"Integer":0,"String":"f","Interface":null}}
2025-08-15T22:12:58.668-0500	DEBUG	protocol/handler.go:1591	have processed broadcast	{"{round 20 2  <nil>}": {"Key":"from","Type":15,"Integer":0,"String":"g","Interface":null}}
2025-08-15T22:12:58.668-0500	DEBUG	protocol/handler.go:1649	have all messages and processed	{"{round 20 2  <nil>}": {"Key":"self","Type":15,"Integer":0,"String":"d","Interface":null}}
2025-08-15T22:12:58.668-0500	DEBUG	protocol/handler.go:596	round already finalized
2025-08-15T22:12:58.621-0500	DEBUG	protocol/handler.go:1081	sent message to output channel	{"{from 15 0 f <nil>}": {"Key":"to","Type":15,"Integer":0,"String":"","Interface":null}, "{round 20 3  <nil>}": {"Key":"broadcast","Type":4,"Integer":1,"String":"","Interface":null}}
2025-08-15T22:12:58.668-0500	DEBUG	protocol/handler.go:1039	sendRoundMessage	{"{from 15 0 f <nil>}": {"Key":"to","Type":15,"Integer":0,"String":"a","Interface":null}, "{round 20 3  <nil>}": {"Key":"broadcast","Type":4,"Integer":0,"String":"","Interface":null}}
2025-08-15T22:12:58.669-0500	DEBUG	protocol/handler.go:1081	sent message to output channel	{"{from 15 0 f <nil>}": {"Key":"to","Type":15,"Integer":0,"String":"a","Interface":null}, "{round 20 3  <nil>}": {"Key":"broadcast","Type":4,"Integer":0,"String":"","Interface":null}}
2025-08-15T22:12:58.669-0500	DEBUG	protocol/handler.go:1039	sendRoundMessage	{"{from 15 0 f <nil>}": {"Key":"to","Type":15,"Integer":0,"String":"b","Interface":null}, "{round 20 3  <nil>}": {"Key":"broadcast","Type":4,"Integer":0,"String":"","Interface":null}}
2025-08-15T22:12:58.669-0500	DEBUG	protocol/handler.go:1081	sent message to output channel	{"{from 15 0 f <nil>}": {"Key":"to","Type":15,"Integer":0,"String":"b","Interface":null}, "{round 20 3  <nil>}": {"Key":"broadcast","Type":4,"Integer":0,"String":"","Interface":null}}
2025-08-15T22:12:58.669-0500	DEBUG	protocol/handler.go:1039	sendRoundMessage	{"{from 15 0 f <nil>}": {"Key":"to","Type":15,"Integer":0,"String":"c","Interface":null}, "{round 20 3  <nil>}": {"Key":"broadcast","Type":4,"Integer":0,"String":"","Interface":null}}
2025-08-15T22:12:58.669-0500	DEBUG	protocol/handler.go:1081	sent message to output channel	{"{from 15 0 f <nil>}": {"Key":"to","Type":15,"Integer":0,"String":"c","Interface":null}, "{round 20 3  <nil>}": {"Key":"broadcast","Type":4,"Integer":0,"String":"","Interface":null}}
2025-08-15T22:12:58.669-0500	DEBUG	protocol/handler.go:1039	sendRoundMessage	{"{from 15 0 f <nil>}": {"Key":"to","Type":15,"Integer":0,"String":"d","Interface":null}, "{round 20 3  <nil>}": {"Key":"broadcast","Type":4,"Integer":0,"String":"","Interface":null}}
2025-08-15T22:12:58.669-0500	DEBUG	protocol/handler.go:1081	sent message to output channel	{"{from 15 0 f <nil>}": {"Key":"to","Type":15,"Integer":0,"String":"d","Interface":null}, "{round 20 3  <nil>}": {"Key":"broadcast","Type":4,"Integer":0,"String":"","Interface":null}}
2025-08-15T22:12:58.669-0500	DEBUG	protocol/handler.go:1039	sendRoundMessage	{"{from 15 0 f <nil>}": {"Key":"to","Type":15,"Integer":0,"String":"e","Interface":null}, "{round 20 3  <nil>}": {"Key":"broadcast","Type":4,"Integer":0,"String":"","Interface":null}}
2025-08-15T22:12:58.669-0500	DEBUG	protocol/handler.go:1081	sent message to output channel	{"{from 15 0 f <nil>}": {"Key":"to","Type":15,"Integer":0,"String":"e","Interface":null}, "{round 20 3  <nil>}": {"Key":"broadcast","Type":4,"Integer":0,"String":"","Interface":null}}
2025-08-15T22:12:58.669-0500	DEBUG	protocol/handler.go:1039	sendRoundMessage	{"{from 15 0 f <nil>}": {"Key":"to","Type":15,"Integer":0,"String":"g","Interface":null}, "{round 20 3  <nil>}": {"Key":"broadcast","Type":4,"Integer":0,"String":"","Interface":null}}
2025-08-15T22:12:58.669-0500	DEBUG	protocol/handler.go:1081	sent message to output channel	{"{from 15 0 f <nil>}": {"Key":"to","Type":15,"Integer":0,"String":"g","Interface":null}, "{round 20 3  <nil>}": {"Key":"broadcast","Type":4,"Integer":0,"String":"","Interface":null}}
2025-08-15T22:12:58.669-0500	DEBUG	protocol/handler.go:1182	finalized round messages	{"{round 20 2  <nil>}": {"Key":"messages","Type":11,"Integer":7,"String":"","Interface":null}}
2025-08-15T22:12:58.669-0500	DEBUG	protocol/handler.go:1239	finalize returned next round	{"{current 20 2  <nil>}": {"Key":"next","Type":20,"Integer":3,"String":"","Interface":null}}
2025-08-15T22:12:58.669-0500	INFO	protocol/handler.go:642	storing new currentRound	{"{from 20 2  <nil>}": {"Key":"to","Type":20,"Integer":3,"String":"","Interface":null}}
2025-08-15T22:12:58.669-0500	DEBUG	protocol/handler.go:1503	processing queued messages
2025-08-15T22:12:58.669-0500	INFO	protocol/handler.go:560	advanced to round
2025-08-15T22:12:58.669-0500	DEBUG	protocol/handler.go:581	tryAdvanceRound called	{"{current_round 20 3  <nil>}": {"Key":"self","Type":15,"Integer":0,"String":"f","Interface":null}}
2025-08-15T22:12:58.621-0500	DEBUG	protocol/handler.go:1591	have processed broadcast	{"{round 20 3  <nil>}": {"Key":"from","Type":15,"Integer":0,"String":"a","Interface":null}}
2025-08-15T22:12:58.672-0500	DEBUG	protocol/handler.go:1591	have processed broadcast	{"{round 20 3  <nil>}": {"Key":"from","Type":15,"Integer":0,"String":"e","Interface":null}}
2025-08-15T22:12:58.672-0500	DEBUG	protocol/handler.go:1591	have processed broadcast	{"{round 20 3  <nil>}": {"Key":"from","Type":15,"Integer":0,"String":"g","Interface":null}}
2025-08-15T22:12:58.672-0500	DEBUG	protocol/handler.go:1600	waiting for broadcasts	{"{round 20 3  <nil>}": {"Key":"missing","Type":15,"Integer":0,"String":"[c d f]","Interface":null}}
2025-08-15T22:12:58.622-0500	DEBUG	protocol/handler.go:581	tryAdvanceRound called	{"{current_round 20 3  <nil>}": {"Key":"self","Type":15,"Integer":0,"String":"e","Interface":null}}
2025-08-15T22:12:58.673-0500	DEBUG	protocol/handler.go:1591	have processed broadcast	{"{round 20 3  <nil>}": {"Key":"from","Type":15,"Integer":0,"String":"a","Interface":null}}
2025-08-15T22:12:58.673-0500	DEBUG	protocol/handler.go:1591	have processed broadcast	{"{round 20 3  <nil>}": {"Key":"from","Type":15,"Integer":0,"String":"b","Interface":null}}
2025-08-15T22:12:58.673-0500	DEBUG	protocol/handler.go:1591	have processed broadcast	{"{round 20 3  <nil>}": {"Key":"from","Type":15,"Integer":0,"String":"g","Interface":null}}
2025-08-15T22:12:58.673-0500	DEBUG	protocol/handler.go:1600	waiting for broadcasts	{"{round 20 3  <nil>}": {"Key":"missing","Type":15,"Integer":0,"String":"[c d f]","Interface":null}}
2025-08-15T22:12:58.598-0500	DEBUG	protocol/handler.go:1657	storing broadcast	{"{round 20 3  <nil>}": {"Key":"from","Type":15,"Integer":0,"String":"d","Interface":null}}
2025-08-15T22:12:58.673-0500	DEBUG	protocol/handler.go:1081	sent message to output channel	{"{from 15 0 d <nil>}": {"Key":"to","Type":15,"Integer":0,"String":"","Interface":null}, "{round 20 3  <nil>}": {"Key":"broadcast","Type":4,"Integer":1,"String":"","Interface":null}}
2025-08-15T22:12:58.673-0500	DEBUG	protocol/handler.go:1039	sendRoundMessage	{"{from 15 0 d <nil>}": {"Key":"to","Type":15,"Integer":0,"String":"a","Interface":null}, "{round 20 3  <nil>}": {"Key":"broadcast","Type":4,"Integer":0,"String":"","Interface":null}}
2025-08-15T22:12:58.673-0500	DEBUG	protocol/handler.go:1081	sent message to output channel	{"{from 15 0 d <nil>}": {"Key":"to","Type":15,"Integer":0,"String":"a","Interface":null}, "{round 20 3  <nil>}": {"Key":"broadcast","Type":4,"Integer":0,"String":"","Interface":null}}
2025-08-15T22:12:58.673-0500	DEBUG	protocol/handler.go:1039	sendRoundMessage	{"{from 15 0 d <nil>}": {"Key":"to","Type":15,"Integer":0,"String":"b","Interface":null}, "{round 20 3  <nil>}": {"Key":"broadcast","Type":4,"Integer":0,"String":"","Interface":null}}
2025-08-15T22:12:58.673-0500	DEBUG	protocol/handler.go:1081	sent message to output channel	{"{from 15 0 d <nil>}": {"Key":"to","Type":15,"Integer":0,"String":"b","Interface":null}, "{round 20 3  <nil>}": {"Key":"broadcast","Type":4,"Integer":0,"String":"","Interface":null}}
2025-08-15T22:12:58.673-0500	DEBUG	protocol/handler.go:432	processMessage: p2p round 3 START	{"{from 15 0 f <nil>}": {"Key":"to","Type":15,"Integer":0,"String":"a","Interface":null}}
2025-08-15T22:12:58.673-0500	DEBUG	protocol/handler.go:437	processing message	{"{from 15 0 f <nil>}": {"Key":"to","Type":15,"Integer":0,"String":"a","Interface":null}, "{round 20 3  <nil>}": {"Key":"broadcast","Type":4,"Integer":0,"String":"","Interface":null}}
2025-08-15T22:12:58.673-0500	DEBUG	protocol/handler.go:1662	storing message	{"{round 20 3  <nil>}": {"Key":"from","Type":15,"Integer":0,"String":"f","Interface":null}}
2025-08-15T22:12:58.673-0500	DEBUG	protocol/handler.go:1039	sendRoundMessage	{"{from 15 0 d <nil>}": {"Key":"to","Type":15,"Integer":0,"String":"c","Interface":null}, "{round 20 3  <nil>}": {"Key":"broadcast","Type":4,"Integer":0,"String":"","Interface":null}}
2025-08-15T22:12:58.674-0500	DEBUG	protocol/handler.go:1081	sent message to output channel	{"{from 15 0 d <nil>}": {"Key":"to","Type":15,"Integer":0,"String":"c","Interface":null}, "{round 20 3  <nil>}": {"Key":"broadcast","Type":4,"Integer":0,"String":"","Interface":null}}
2025-08-15T22:12:58.674-0500	DEBUG	protocol/handler.go:1039	sendRoundMessage	{"{from 15 0 d <nil>}": {"Key":"to","Type":15,"Integer":0,"String":"e","Interface":null}, "{round 20 3  <nil>}": {"Key":"broadcast","Type":4,"Integer":0,"String":"","Interface":null}}
2025-08-15T22:12:58.674-0500	DEBUG	protocol/handler.go:1081	sent message to output channel	{"{from 15 0 d <nil>}": {"Key":"to","Type":15,"Integer":0,"String":"e","Interface":null}, "{round 20 3  <nil>}": {"Key":"broadcast","Type":4,"Integer":0,"String":"","Interface":null}}
2025-08-15T22:12:58.624-0500	DEBUG	protocol/handler.go:581	tryAdvanceRound called	{"{current_round 20 3  <nil>}": {"Key":"self","Type":15,"Integer":0,"String":"e","Interface":null}}
2025-08-15T22:12:58.624-0500	DEBUG	protocol/handler.go:1591	have processed broadcast	{"{round 20 2  <nil>}": {"Key":"from","Type":15,"Integer":0,"String":"c","Interface":null}}
2025-08-15T22:12:58.676-0500	DEBUG	protocol/handler.go:1591	have processed broadcast	{"{round 20 3  <nil>}": {"Key":"from","Type":15,"Integer":0,"String":"a","Interface":null}}
2025-08-15T22:12:58.677-0500	DEBUG	protocol/handler.go:1591	have processed broadcast	{"{round 20 3  <nil>}": {"Key":"from","Type":15,"Integer":0,"String":"b","Interface":null}}
2025-08-15T22:12:58.676-0500	DEBUG	protocol/handler.go:1591	have processed broadcast	{"{round 20 2  <nil>}": {"Key":"from","Type":15,"Integer":0,"String":"e","Interface":null}}
2025-08-15T22:12:58.677-0500	DEBUG	protocol/handler.go:1591	have processed broadcast	{"{round 20 3  <nil>}": {"Key":"from","Type":15,"Integer":0,"String":"g","Interface":null}}
2025-08-15T22:12:58.677-0500	DEBUG	protocol/handler.go:1591	have processed broadcast	{"{round 20 2  <nil>}": {"Key":"from","Type":15,"Integer":0,"String":"f","Interface":null}}
2025-08-15T22:12:58.677-0500	DEBUG	protocol/handler.go:1600	waiting for broadcasts	{"{round 20 3  <nil>}": {"Key":"missing","Type":15,"Integer":0,"String":"[c d f]","Interface":null}}
2025-08-15T22:12:58.677-0500	DEBUG	protocol/handler.go:437	processing message	{"{from 15 0 d <nil>}": {"Key":"to","Type":15,"Integer":0,"String":"","Interface":null}, "{round 20 3  <nil>}": {"Key":"broadcast","Type":4,"Integer":1,"String":"","Interface":null}}
2025-08-15T22:12:58.677-0500	DEBUG	protocol/handler.go:1591	have processed broadcast	{"{round 20 2  <nil>}": {"Key":"from","Type":15,"Integer":0,"String":"g","Interface":null}}
2025-08-15T22:12:58.677-0500	DEBUG	protocol/handler.go:1657	storing broadcast	{"{round 20 3  <nil>}": {"Key":"from","Type":15,"Integer":0,"String":"d","Interface":null}}
2025-08-15T22:12:58.677-0500	DEBUG	protocol/handler.go:1649	have all messages and processed	{"{round 20 2  <nil>}": {"Key":"self","Type":15,"Integer":0,"String":"d","Interface":null}}
2025-08-15T22:12:58.677-0500	DEBUG	protocol/handler.go:581	tryAdvanceRound called	{"{current_round 20 3  <nil>}": {"Key":"self","Type":15,"Integer":0,"String":"a","Interface":null}}
2025-08-15T22:12:58.677-0500	DEBUG	protocol/handler.go:596	round already finalized
2025-08-15T22:12:58.624-0500	DEBUG	protocol/handler.go:1591	have processed broadcast	{"{round 20 2  <nil>}": {"Key":"from","Type":15,"Integer":0,"String":"c","Interface":null}}
2025-08-15T22:12:58.644-0500	DEBUG	protocol/handler.go:1657	storing broadcast	{"{round 20 3  <nil>}": {"Key":"from","Type":15,"Integer":0,"String":"f","Interface":null}}
2025-08-15T22:12:58.677-0500	DEBUG	protocol/handler.go:432	processMessage: p2p round 3 START	{"{from 15 0 d <nil>}": {"Key":"to","Type":15,"Integer":0,"String":"b","Interface":null}}
2025-08-15T22:12:58.677-0500	DEBUG	protocol/handler.go:437	processing message	{"{from 15 0 d <nil>}": {"Key":"to","Type":15,"Integer":0,"String":"b","Interface":null}, "{round 20 3  <nil>}": {"Key":"broadcast","Type":4,"Integer":0,"String":"","Interface":null}}
2025-08-15T22:12:58.677-0500	DEBUG	protocol/handler.go:1662	storing message	{"{round 20 3  <nil>}": {"Key":"from","Type":15,"Integer":0,"String":"d","Interface":null}}
2025-08-15T22:12:58.678-0500	DEBUG	protocol/handler.go:581	tryAdvanceRound called	{"{current_round 20 3  <nil>}": {"Key":"self","Type":15,"Integer":0,"String":"b","Interface":null}}
2025-08-15T22:12:58.678-0500	DEBUG	protocol/handler.go:1306	waiting for broadcast before normal message
2025-08-15T22:12:58.678-0500	DEBUG	protocol/handler.go:581	tryAdvanceRound called	{"{current_round 20 3  <nil>}": {"Key":"self","Type":15,"Integer":0,"String":"g","Interface":null}}
2025-08-15T22:12:58.678-0500	DEBUG	protocol/handler.go:1591	have processed broadcast	{"{round 20 3  <nil>}": {"Key":"from","Type":15,"Integer":0,"String":"a","Interface":null}}
2025-08-15T22:12:58.678-0500	DEBUG	protocol/handler.go:1591	have processed broadcast	{"{round 20 3  <nil>}": {"Key":"from","Type":15,"Integer":0,"String":"e","Interface":null}}
2025-08-15T22:12:58.678-0500	DEBUG	protocol/handler.go:1591	have processed broadcast	{"{round 20 3  <nil>}": {"Key":"from","Type":15,"Integer":0,"String":"g","Interface":null}}
2025-08-15T22:12:58.678-0500	DEBUG	protocol/handler.go:1600	waiting for broadcasts	{"{round 20 3  <nil>}": {"Key":"missing","Type":15,"Integer":0,"String":"[c d f]","Interface":null}}
2025-08-15T22:12:58.678-0500	DEBUG	protocol/handler.go:1591	have processed broadcast	{"{round 20 3  <nil>}": {"Key":"from","Type":15,"Integer":0,"String":"a","Interface":null}}
2025-08-15T22:12:58.678-0500	DEBUG	protocol/handler.go:432	processMessage: p2p round 3 START	{"{from 15 0 f <nil>}": {"Key":"to","Type":15,"Integer":0,"String":"d","Interface":null}}
2025-08-15T22:12:58.678-0500	DEBUG	protocol/handler.go:437	processing message	{"{from 15 0 f <nil>}": {"Key":"to","Type":15,"Integer":0,"String":"d","Interface":null}, "{round 20 3  <nil>}": {"Key":"broadcast","Type":4,"Integer":0,"String":"","Interface":null}}
2025-08-15T22:12:58.678-0500	DEBUG	protocol/handler.go:1591	have processed broadcast	{"{round 20 3  <nil>}": {"Key":"from","Type":15,"Integer":0,"String":"b","Interface":null}}
2025-08-15T22:12:58.678-0500	DEBUG	protocol/handler.go:432	processMessage: p2p round 3 START	{"{from 15 0 d <nil>}": {"Key":"to","Type":15,"Integer":0,"String":"e","Interface":null}}
2025-08-15T22:12:58.678-0500	DEBUG	protocol/handler.go:437	processing message	{"{from 15 0 d <nil>}": {"Key":"to","Type":15,"Integer":0,"String":"e","Interface":null}, "{round 20 3  <nil>}": {"Key":"broadcast","Type":4,"Integer":0,"String":"","Interface":null}}
2025-08-15T22:12:58.678-0500	DEBUG	protocol/handler.go:1591	have processed broadcast	{"{round 20 3  <nil>}": {"Key":"from","Type":15,"Integer":0,"String":"e","Interface":null}}
2025-08-15T22:12:58.678-0500	DEBUG	protocol/handler.go:1662	storing message	{"{round 20 3  <nil>}": {"Key":"from","Type":15,"Integer":0,"String":"d","Interface":null}}
2025-08-15T22:12:58.678-0500	DEBUG	protocol/handler.go:581	tryAdvanceRound called	{"{current_round 20 3  <nil>}": {"Key":"self","Type":15,"Integer":0,"String":"e","Interface":null}}
2025-08-15T22:12:58.678-0500	DEBUG	protocol/handler.go:581	tryAdvanceRound called	{"{current_round 20 3  <nil>}": {"Key":"self","Type":15,"Integer":0,"String":"a","Interface":null}}
2025-08-15T22:12:58.678-0500	DEBUG	protocol/handler.go:1591	have processed broadcast	{"{round 20 3  <nil>}": {"Key":"from","Type":15,"Integer":0,"String":"f","Interface":null}}
2025-08-15T22:12:58.674-0500	DEBUG	protocol/handler.go:1039	sendRoundMessage	{"{from 15 0 d <nil>}": {"Key":"to","Type":15,"Integer":0,"String":"f","Interface":null}, "{round 20 3  <nil>}": {"Key":"broadcast","Type":4,"Integer":0,"String":"","Interface":null}}
2025-08-15T22:12:58.678-0500	DEBUG	protocol/handler.go:1591	have processed broadcast	{"{round 20 3  <nil>}": {"Key":"from","Type":15,"Integer":0,"String":"b","Interface":null}}
2025-08-15T22:12:58.678-0500	DEBUG	protocol/handler.go:1591	have processed broadcast	{"{round 20 3  <nil>}": {"Key":"from","Type":15,"Integer":0,"String":"d","Interface":null}}
2025-08-15T22:12:58.678-0500	DEBUG	protocol/handler.go:1081	sent message to output channel	{"{from 15 0 d <nil>}": {"Key":"to","Type":15,"Integer":0,"String":"f","Interface":null}, "{round 20 3  <nil>}": {"Key":"broadcast","Type":4,"Integer":0,"String":"","Interface":null}}
2025-08-15T22:12:58.678-0500	DEBUG	protocol/handler.go:1600	waiting for broadcasts	{"{round 20 3  <nil>}": {"Key":"missing","Type":15,"Integer":0,"String":"[c d]","Interface":null}}
2025-08-15T22:12:58.678-0500	DEBUG	protocol/handler.go:1306	waiting for broadcast before normal message
2025-08-15T22:12:58.679-0500	DEBUG	protocol/handler.go:1039	sendRoundMessage	{"{from 15 0 d <nil>}": {"Key":"to","Type":15,"Integer":0,"String":"g","Interface":null}, "{round 20 3  <nil>}": {"Key":"broadcast","Type":4,"Integer":0,"String":"","Interface":null}}
2025-08-15T22:12:58.679-0500	DEBUG	protocol/handler.go:437	processing message	{"{from 15 0 d <nil>}": {"Key":"to","Type":15,"Integer":0,"String":"","Interface":null}, "{round 20 3  <nil>}": {"Key":"broadcast","Type":4,"Integer":1,"String":"","Interface":null}}
2025-08-15T22:12:58.679-0500	DEBUG	protocol/handler.go:1081	sent message to output channel	{"{from 15 0 d <nil>}": {"Key":"to","Type":15,"Integer":0,"String":"g","Interface":null}, "{round 20 3  <nil>}": {"Key":"broadcast","Type":4,"Integer":0,"String":"","Interface":null}}
2025-08-15T22:12:58.679-0500	DEBUG	protocol/handler.go:1657	storing broadcast	{"{round 20 3  <nil>}": {"Key":"from","Type":15,"Integer":0,"String":"d","Interface":null}}
2025-08-15T22:12:58.679-0500	DEBUG	protocol/handler.go:1182	finalized round messages	{"{round 20 2  <nil>}": {"Key":"messages","Type":11,"Integer":7,"String":"","Interface":null}}
2025-08-15T22:12:58.679-0500	DEBUG	protocol/handler.go:1591	have processed broadcast	{"{round 20 3  <nil>}": {"Key":"from","Type":15,"Integer":0,"String":"a","Interface":null}}
2025-08-15T22:12:58.679-0500	DEBUG	protocol/handler.go:1239	finalize returned next round	{"{current 20 2  <nil>}": {"Key":"next","Type":20,"Integer":3,"String":"","Interface":null}}
2025-08-15T22:12:58.679-0500	INFO	protocol/handler.go:642	storing new currentRound	{"{from 20 2  <nil>}": {"Key":"to","Type":20,"Integer":3,"String":"","Interface":null}}
2025-08-15T22:12:58.679-0500	DEBUG	protocol/handler.go:581	tryAdvanceRound called	{"{current_round 20 3  <nil>}": {"Key":"self","Type":15,"Integer":0,"String":"f","Interface":null}}
2025-08-15T22:12:58.624-0500	DEBUG	protocol/handler.go:470	message for different round (buffering)	{"{msg_round 20 3  <nil>}": {"Key":"current_round","Type":20,"Integer":2,"String":"","Interface":null}}
2025-08-15T22:12:58.624-0500	DEBUG	protocol/handler.go:1591	have processed broadcast	{"{round 20 2  <nil>}": {"Key":"from","Type":15,"Integer":0,"String":"d","Interface":null}}
2025-08-15T22:12:58.624-0500	DEBUG	protocol/handler.go:1591	have processed broadcast	{"{round 20 2  <nil>}": {"Key":"from","Type":15,"Integer":0,"String":"e","Interface":null}}
2025-08-15T22:12:58.678-0500	DEBUG	protocol/handler.go:1662	storing message	{"{round 20 3  <nil>}": {"Key":"from","Type":15,"Integer":0,"String":"f","Interface":null}}
2025-08-15T22:12:58.679-0500	DEBUG	protocol/handler.go:581	tryAdvanceRound called	{"{current_round 20 3  <nil>}": {"Key":"self","Type":15,"Integer":0,"String":"g","Interface":null}}
2025-08-15T22:12:58.679-0500	DEBUG	protocol/handler.go:1591	have processed broadcast	{"{round 20 3  <nil>}": {"Key":"from","Type":15,"Integer":0,"String":"a","Interface":null}}
2025-08-15T22:12:58.679-0500	DEBUG	protocol/handler.go:1591	have processed broadcast	{"{round 20 3  <nil>}": {"Key":"from","Type":15,"Integer":0,"String":"b","Interface":null}}
2025-08-15T22:12:58.679-0500	DEBUG	protocol/handler.go:1591	have processed broadcast	{"{round 20 3  <nil>}": {"Key":"from","Type":15,"Integer":0,"String":"e","Interface":null}}
2025-08-15T22:12:58.679-0500	DEBUG	protocol/handler.go:1591	have processed broadcast	{"{round 20 3  <nil>}": {"Key":"from","Type":15,"Integer":0,"String":"f","Interface":null}}
2025-08-15T22:12:58.679-0500	DEBUG	protocol/handler.go:1600	waiting for broadcasts	{"{round 20 3  <nil>}": {"Key":"missing","Type":15,"Integer":0,"String":"[c d]","Interface":null}}
2025-08-15T22:12:58.679-0500	DEBUG	protocol/handler.go:1503	processing queued messages
2025-08-15T22:12:58.624-0500	DEBUG	protocol/handler.go:1600	waiting for broadcasts	{"{round 20 2  <nil>}": {"Key":"missing","Type":15,"Integer":0,"String":"[f]","Interface":null}}
2025-08-15T22:12:58.624-0500	DEBUG	protocol/handler.go:1591	have processed broadcast	{"{round 20 2  <nil>}": {"Key":"from","Type":15,"Integer":0,"String":"e","Interface":null}}
2025-08-15T22:12:58.620-0500	DEBUG	protocol/handler.go:1591	have processed broadcast	{"{round 20 2  <nil>}": {"Key":"from","Type":15,"Integer":0,"String":"e","Interface":null}}
2025-08-15T22:12:58.641-0500	DEBUG	protocol/handler.go:1649	have all messages and processed	{"{round 20 2  <nil>}": {"Key":"self","Type":15,"Integer":0,"String":"a","Interface":null}}
2025-08-15T22:12:58.679-0500	DEBUG	protocol/handler.go:596	round already finalized
2025-08-15T22:12:58.679-0500	DEBUG	protocol/handler.go:600	current round already advanced	{"{checking 20 2  <nil>}": {"Key":"current","Type":20,"Integer":3,"String":"","Interface":null}}
2025-08-15T22:12:58.620-0500	DEBUG	protocol/handler.go:1591	have processed broadcast	{"{round 20 2  <nil>}": {"Key":"from","Type":15,"Integer":0,"String":"g","Interface":null}}
2025-08-15T22:12:58.646-0500	DEBUG	protocol/handler.go:1591	have processed broadcast	{"{round 20 3  <nil>}": {"Key":"from","Type":15,"Integer":0,"String":"a","Interface":null}}
2025-08-15T22:12:58.679-0500	DEBUG	protocol/handler.go:1591	have processed broadcast	{"{round 20 3  <nil>}": {"Key":"from","Type":15,"Integer":0,"String":"e","Interface":null}}
2025-08-15T22:12:58.679-0500	DEBUG	protocol/handler.go:1591	have processed broadcast	{"{round 20 3  <nil>}": {"Key":"from","Type":15,"Integer":0,"String":"g","Interface":null}}
2025-08-15T22:12:58.679-0500	DEBUG	protocol/handler.go:1600	waiting for broadcasts	{"{round 20 3  <nil>}": {"Key":"missing","Type":15,"Integer":0,"String":"[c d f]","Interface":null}}
2025-08-15T22:12:58.620-0500	DEBUG	protocol/handler.go:1591	have processed broadcast	{"{round 20 2  <nil>}": {"Key":"from","Type":15,"Integer":0,"String":"g","Interface":null}}
2025-08-15T22:12:58.649-0500	DEBUG	protocol/handler.go:581	tryAdvanceRound called	{"{current_round 20 2  <nil>}": {"Key":"self","Type":15,"Integer":0,"String":"c","Interface":null}}
2025-08-15T22:12:58.680-0500	DEBUG	protocol/handler.go:1591	have processed broadcast	{"{round 20 2  <nil>}": {"Key":"from","Type":15,"Integer":0,"String":"a","Interface":null}}
2025-08-15T22:12:58.680-0500	DEBUG	protocol/handler.go:1591	have processed broadcast	{"{round 20 2  <nil>}": {"Key":"from","Type":15,"Integer":0,"String":"b","Interface":null}}
2025-08-15T22:12:58.680-0500	DEBUG	protocol/handler.go:1591	have processed broadcast	{"{round 20 2  <nil>}": {"Key":"from","Type":15,"Integer":0,"String":"d","Interface":null}}
2025-08-15T22:12:58.680-0500	DEBUG	protocol/handler.go:1591	have processed broadcast	{"{round 20 2  <nil>}": {"Key":"from","Type":15,"Integer":0,"String":"e","Interface":null}}
2025-08-15T22:12:58.680-0500	DEBUG	protocol/handler.go:1591	have processed broadcast	{"{round 20 2  <nil>}": {"Key":"from","Type":15,"Integer":0,"String":"f","Interface":null}}
2025-08-15T22:12:58.680-0500	DEBUG	protocol/handler.go:1591	have processed broadcast	{"{round 20 2  <nil>}": {"Key":"from","Type":15,"Integer":0,"String":"g","Interface":null}}
2025-08-15T22:12:58.680-0500	DEBUG	protocol/handler.go:1649	have all messages and processed	{"{round 20 2  <nil>}": {"Key":"self","Type":15,"Integer":0,"String":"c","Interface":null}}
2025-08-15T22:12:58.680-0500	DEBUG	protocol/handler.go:596	round already finalized
2025-08-15T22:12:58.649-0500	DEBUG	protocol/handler.go:1591	have processed broadcast	{"{round 20 3  <nil>}": {"Key":"from","Type":15,"Integer":0,"String":"b","Interface":null}}
2025-08-15T22:12:58.680-0500	DEBUG	protocol/handler.go:1591	have processed broadcast	{"{round 20 3  <nil>}": {"Key":"from","Type":15,"Integer":0,"String":"e","Interface":null}}
2025-08-15T22:12:58.680-0500	DEBUG	protocol/handler.go:1591	have processed broadcast	{"{round 20 3  <nil>}": {"Key":"from","Type":15,"Integer":0,"String":"f","Interface":null}}
2025-08-15T22:12:58.680-0500	DEBUG	protocol/handler.go:1591	have processed broadcast	{"{round 20 3  <nil>}": {"Key":"from","Type":15,"Integer":0,"String":"g","Interface":null}}
2025-08-15T22:12:58.680-0500	DEBUG	protocol/handler.go:1600	waiting for broadcasts	{"{round 20 3  <nil>}": {"Key":"missing","Type":15,"Integer":0,"String":"[c d]","Interface":null}}
2025-08-15T22:12:58.650-0500	DEBUG	protocol/handler.go:437	processing message	{"{from 15 0 f <nil>}": {"Key":"to","Type":15,"Integer":0,"String":"","Interface":null}, "{round 20 3  <nil>}": {"Key":"broadcast","Type":4,"Integer":1,"String":"","Interface":null}}
2025-08-15T22:12:58.680-0500	DEBUG	protocol/handler.go:1657	storing broadcast	{"{round 20 3  <nil>}": {"Key":"from","Type":15,"Integer":0,"String":"f","Interface":null}}
2025-08-15T22:12:58.680-0500	DEBUG	protocol/handler.go:581	tryAdvanceRound called	{"{current_round 20 3  <nil>}": {"Key":"self","Type":15,"Integer":0,"String":"e","Interface":null}}
2025-08-15T22:12:58.680-0500	DEBUG	protocol/handler.go:1306	waiting for broadcast before normal message
2025-08-15T22:12:58.680-0500	DEBUG	protocol/handler.go:1591	have processed broadcast	{"{round 20 3  <nil>}": {"Key":"from","Type":15,"Integer":0,"String":"a","Interface":null}}
2025-08-15T22:12:58.680-0500	DEBUG	protocol/handler.go:1591	have processed broadcast	{"{round 20 3  <nil>}": {"Key":"from","Type":15,"Integer":0,"String":"b","Interface":null}}
2025-08-15T22:12:58.680-0500	DEBUG	protocol/handler.go:1591	have processed broadcast	{"{round 20 3  <nil>}": {"Key":"from","Type":15,"Integer":0,"String":"f","Interface":null}}
2025-08-15T22:12:58.681-0500	DEBUG	protocol/handler.go:1591	have processed broadcast	{"{round 20 3  <nil>}": {"Key":"from","Type":15,"Integer":0,"String":"g","Interface":null}}
2025-08-15T22:12:58.681-0500	DEBUG	protocol/handler.go:1600	waiting for broadcasts	{"{round 20 3  <nil>}": {"Key":"missing","Type":15,"Integer":0,"String":"[c d]","Interface":null}}
2025-08-15T22:12:58.650-0500	DEBUG	protocol/handler.go:437	processing message	{"{from 15 0 f <nil>}": {"Key":"to","Type":15,"Integer":0,"String":"","Interface":null}, "{round 20 3  <nil>}": {"Key":"broadcast","Type":4,"Integer":1,"String":"","Interface":null}}
2025-08-15T22:12:58.681-0500	DEBUG	protocol/handler.go:1657	storing broadcast	{"{round 20 3  <nil>}": {"Key":"from","Type":15,"Integer":0,"String":"f","Interface":null}}
2025-08-15T22:12:58.681-0500	DEBUG	protocol/handler.go:470	message for different round (buffering)	{"{msg_round 20 3  <nil>}": {"Key":"current_round","Type":20,"Integer":2,"String":"","Interface":null}}
2025-08-15T22:12:58.681-0500	DEBUG	protocol/handler.go:581	tryAdvanceRound called	{"{current_round 20 2  <nil>}": {"Key":"self","Type":15,"Integer":0,"String":"c","Interface":null}}
2025-08-15T22:12:58.681-0500	DEBUG	protocol/handler.go:1591	have processed broadcast	{"{round 20 2  <nil>}": {"Key":"from","Type":15,"Integer":0,"String":"a","Interface":null}}
2025-08-15T22:12:58.681-0500	DEBUG	protocol/handler.go:1591	have processed broadcast	{"{round 20 2  <nil>}": {"Key":"from","Type":15,"Integer":0,"String":"b","Interface":null}}
2025-08-15T22:12:58.681-0500	DEBUG	protocol/handler.go:1591	have processed broadcast	{"{round 20 2  <nil>}": {"Key":"from","Type":15,"Integer":0,"String":"d","Interface":null}}
2025-08-15T22:12:58.681-0500	DEBUG	protocol/handler.go:1591	have processed broadcast	{"{round 20 2  <nil>}": {"Key":"from","Type":15,"Integer":0,"String":"e","Interface":null}}
2025-08-15T22:12:58.681-0500	DEBUG	protocol/handler.go:1591	have processed broadcast	{"{round 20 2  <nil>}": {"Key":"from","Type":15,"Integer":0,"String":"f","Interface":null}}
2025-08-15T22:12:58.681-0500	DEBUG	protocol/handler.go:1591	have processed broadcast	{"{round 20 2  <nil>}": {"Key":"from","Type":15,"Integer":0,"String":"g","Interface":null}}
2025-08-15T22:12:58.681-0500	DEBUG	protocol/handler.go:1649	have all messages and processed	{"{round 20 2  <nil>}": {"Key":"self","Type":15,"Integer":0,"String":"c","Interface":null}}
2025-08-15T22:12:58.681-0500	DEBUG	protocol/handler.go:596	round already finalized
2025-08-15T22:12:58.650-0500	DEBUG	protocol/handler.go:432	processMessage: p2p round 3 START	{"{from 15 0 c <nil>}": {"Key":"to","Type":15,"Integer":0,"String":"a","Interface":null}}
2025-08-15T22:12:58.681-0500	DEBUG	protocol/handler.go:437	processing message	{"{from 15 0 c <nil>}": {"Key":"to","Type":15,"Integer":0,"String":"a","Interface":null}, "{round 20 3  <nil>}": {"Key":"broadcast","Type":4,"Integer":0,"String":"","Interface":null}}
2025-08-15T22:12:58.681-0500	DEBUG	protocol/handler.go:1662	storing message	{"{round 20 3  <nil>}": {"Key":"from","Type":15,"Integer":0,"String":"c","Interface":null}}
2025-08-15T22:12:58.681-0500	DEBUG	protocol/handler.go:581	tryAdvanceRound called	{"{current_round 20 3  <nil>}": {"Key":"self","Type":15,"Integer":0,"String":"a","Interface":null}}
2025-08-15T22:12:58.681-0500	DEBUG	protocol/handler.go:1306	waiting for broadcast before normal message
2025-08-15T22:12:58.681-0500	DEBUG	protocol/handler.go:1591	have processed broadcast	{"{round 20 3  <nil>}": {"Key":"from","Type":15,"Integer":0,"String":"b","Interface":null}}
2025-08-15T22:12:58.681-0500	DEBUG	protocol/handler.go:1591	have processed broadcast	{"{round 20 3  <nil>}": {"Key":"from","Type":15,"Integer":0,"String":"d","Interface":null}}
2025-08-15T22:12:58.682-0500	DEBUG	protocol/handler.go:1591	have processed broadcast	{"{round 20 3  <nil>}": {"Key":"from","Type":15,"Integer":0,"String":"e","Interface":null}}
2025-08-15T22:12:58.682-0500	DEBUG	protocol/handler.go:1591	have processed broadcast	{"{round 20 3  <nil>}": {"Key":"from","Type":15,"Integer":0,"String":"f","Interface":null}}
2025-08-15T22:12:58.682-0500	DEBUG	protocol/handler.go:1591	have processed broadcast	{"{round 20 3  <nil>}": {"Key":"from","Type":15,"Integer":0,"String":"g","Interface":null}}
2025-08-15T22:12:58.682-0500	DEBUG	protocol/handler.go:1600	waiting for broadcasts	{"{round 20 3  <nil>}": {"Key":"missing","Type":15,"Integer":0,"String":"[c]","Interface":null}}
2025-08-15T22:12:58.650-0500	DEBUG	protocol/handler.go:437	processing message	{"{from 15 0 c <nil>}": {"Key":"to","Type":15,"Integer":0,"String":"","Interface":null}, "{round 20 3  <nil>}": {"Key":"broadcast","Type":4,"Integer":1,"String":"","Interface":null}}
2025-08-15T22:12:58.682-0500	DEBUG	protocol/handler.go:1657	storing broadcast	{"{round 20 3  <nil>}": {"Key":"from","Type":15,"Integer":0,"String":"c","Interface":null}}
2025-08-15T22:12:58.682-0500	DEBUG	protocol/handler.go:581	tryAdvanceRound called	{"{current_round 20 3  <nil>}": {"Key":"self","Type":15,"Integer":0,"String":"e","Interface":null}}
2025-08-15T22:12:58.682-0500	DEBUG	protocol/handler.go:1306	waiting for broadcast before normal message
2025-08-15T22:12:58.682-0500	DEBUG	protocol/handler.go:1591	have processed broadcast	{"{round 20 3  <nil>}": {"Key":"from","Type":15,"Integer":0,"String":"a","Interface":null}}
2025-08-15T22:12:58.682-0500	DEBUG	protocol/handler.go:1591	have processed broadcast	{"{round 20 3  <nil>}": {"Key":"from","Type":15,"Integer":0,"String":"b","Interface":null}}
2025-08-15T22:12:58.682-0500	DEBUG	protocol/handler.go:1591	have processed broadcast	{"{round 20 3  <nil>}": {"Key":"from","Type":15,"Integer":0,"String":"c","Interface":null}}
2025-08-15T22:12:58.682-0500	DEBUG	protocol/handler.go:1591	have processed broadcast	{"{round 20 3  <nil>}": {"Key":"from","Type":15,"Integer":0,"String":"f","Interface":null}}
2025-08-15T22:12:58.682-0500	DEBUG	protocol/handler.go:1591	have processed broadcast	{"{round 20 3  <nil>}": {"Key":"from","Type":15,"Integer":0,"String":"g","Interface":null}}
2025-08-15T22:12:58.682-0500	DEBUG	protocol/handler.go:1600	waiting for broadcasts	{"{round 20 3  <nil>}": {"Key":"missing","Type":15,"Integer":0,"String":"[d]","Interface":null}}
2025-08-15T22:12:58.650-0500	DEBUG	protocol/handler.go:437	processing message	{"{from 15 0 c <nil>}": {"Key":"to","Type":15,"Integer":0,"String":"","Interface":null}, "{round 20 3  <nil>}": {"Key":"broadcast","Type":4,"Integer":1,"String":"","Interface":null}}
2025-08-15T22:12:58.682-0500	DEBUG	protocol/handler.go:1657	storing broadcast	{"{round 20 3  <nil>}": {"Key":"from","Type":15,"Integer":0,"String":"c","Interface":null}}
2025-08-15T22:12:58.682-0500	DEBUG	protocol/handler.go:581	tryAdvanceRound called	{"{current_round 20 3  <nil>}": {"Key":"self","Type":15,"Integer":0,"String":"g","Interface":null}}
2025-08-15T22:12:58.683-0500	DEBUG	protocol/handler.go:1591	have processed broadcast	{"{round 20 3  <nil>}": {"Key":"from","Type":15,"Integer":0,"String":"a","Interface":null}}
2025-08-15T22:12:58.683-0500	DEBUG	protocol/handler.go:1591	have processed broadcast	{"{round 20 3  <nil>}": {"Key":"from","Type":15,"Integer":0,"String":"b","Interface":null}}
2025-08-15T22:12:58.683-0500	DEBUG	protocol/handler.go:1591	have processed broadcast	{"{round 20 3  <nil>}": {"Key":"from","Type":15,"Integer":0,"String":"c","Interface":null}}
2025-08-15T22:12:58.683-0500	DEBUG	protocol/handler.go:1591	have processed broadcast	{"{round 20 3  <nil>}": {"Key":"from","Type":15,"Integer":0,"String":"e","Interface":null}}
2025-08-15T22:12:58.683-0500	DEBUG	protocol/handler.go:1591	have processed broadcast	{"{round 20 3  <nil>}": {"Key":"from","Type":15,"Integer":0,"String":"f","Interface":null}}
2025-08-15T22:12:58.683-0500	DEBUG	protocol/handler.go:1600	waiting for broadcasts	{"{round 20 3  <nil>}": {"Key":"missing","Type":15,"Integer":0,"String":"[d]","Interface":null}}
2025-08-15T22:12:58.650-0500	DEBUG	protocol/handler.go:437	processing message	{"{from 15 0 c <nil>}": {"Key":"to","Type":15,"Integer":0,"String":"","Interface":null}, "{round 20 3  <nil>}": {"Key":"broadcast","Type":4,"Integer":1,"String":"","Interface":null}}
2025-08-15T22:12:58.683-0500	DEBUG	protocol/handler.go:1657	storing broadcast	{"{round 20 3  <nil>}": {"Key":"from","Type":15,"Integer":0,"String":"c","Interface":null}}
2025-08-15T22:12:58.684-0500	DEBUG	protocol/handler.go:581	tryAdvanceRound called	{"{current_round 20 3  <nil>}": {"Key":"self","Type":15,"Integer":0,"String":"a","Interface":null}}
2025-08-15T22:12:58.684-0500	DEBUG	protocol/handler.go:1591	have processed broadcast	{"{round 20 3  <nil>}": {"Key":"from","Type":15,"Integer":0,"String":"a","Interface":null}}
2025-08-15T22:12:58.685-0500	DEBUG	protocol/handler.go:1591	have processed broadcast	{"{round 20 3  <nil>}": {"Key":"from","Type":15,"Integer":0,"String":"b","Interface":null}}
2025-08-15T22:12:58.685-0500	DEBUG	protocol/handler.go:1591	have processed broadcast	{"{round 20 3  <nil>}": {"Key":"from","Type":15,"Integer":0,"String":"c","Interface":null}}
2025-08-15T22:12:58.685-0500	DEBUG	protocol/handler.go:1591	have processed broadcast	{"{round 20 3  <nil>}": {"Key":"from","Type":15,"Integer":0,"String":"d","Interface":null}}
2025-08-15T22:12:58.685-0500	DEBUG	protocol/handler.go:1591	have processed broadcast	{"{round 20 3  <nil>}": {"Key":"from","Type":15,"Integer":0,"String":"e","Interface":null}}
2025-08-15T22:12:58.685-0500	DEBUG	protocol/handler.go:1591	have processed broadcast	{"{round 20 3  <nil>}": {"Key":"from","Type":15,"Integer":0,"String":"g","Interface":null}}
2025-08-15T22:12:58.685-0500	DEBUG	protocol/handler.go:1635	waiting for messages	{"{round 20 3  <nil>}": {"Key":"missing","Type":15,"Integer":0,"String":"[c d]","Interface":null}}
2025-08-15T22:12:58.650-0500	DEBUG	protocol/handler.go:437	processing message	{"{from 15 0 c <nil>}": {"Key":"to","Type":15,"Integer":0,"String":"","Interface":null}, "{round 20 3  <nil>}": {"Key":"broadcast","Type":4,"Integer":1,"String":"","Interface":null}}
2025-08-15T22:12:58.685-0500	DEBUG	protocol/handler.go:1657	storing broadcast	{"{round 20 3  <nil>}": {"Key":"from","Type":15,"Integer":0,"String":"c","Interface":null}}
2025-08-15T22:12:58.685-0500	DEBUG	protocol/handler.go:581	tryAdvanceRound called	{"{current_round 20 3  <nil>}": {"Key":"self","Type":15,"Integer":0,"String":"d","Interface":null}}
2025-08-15T22:12:58.650-0500	DEBUG	protocol/handler.go:437	processing message	{"{from 15 0 c <nil>}": {"Key":"to","Type":15,"Integer":0,"String":"","Interface":null}, "{round 20 3  <nil>}": {"Key":"broadcast","Type":4,"Integer":1,"String":"","Interface":null}}
2025-08-15T22:12:58.685-0500	DEBUG	protocol/handler.go:1657	storing broadcast	{"{round 20 3  <nil>}": {"Key":"from","Type":15,"Integer":0,"String":"c","Interface":null}}
2025-08-15T22:12:58.685-0500	DEBUG	protocol/handler.go:581	tryAdvanceRound called	{"{current_round 20 3  <nil>}": {"Key":"self","Type":15,"Integer":0,"String":"b","Interface":null}}
2025-08-15T22:12:58.686-0500	DEBUG	protocol/handler.go:1306	waiting for broadcast before normal message
2025-08-15T22:12:58.686-0500	DEBUG	protocol/handler.go:1591	have processed broadcast	{"{round 20 3  <nil>}": {"Key":"from","Type":15,"Integer":0,"String":"a","Interface":null}}
2025-08-15T22:12:58.686-0500	DEBUG	protocol/handler.go:1591	have processed broadcast	{"{round 20 3  <nil>}": {"Key":"from","Type":15,"Integer":0,"String":"c","Interface":null}}
2025-08-15T22:12:58.686-0500	DEBUG	protocol/handler.go:1591	have processed broadcast	{"{round 20 3  <nil>}": {"Key":"from","Type":15,"Integer":0,"String":"e","Interface":null}}
2025-08-15T22:12:58.686-0500	DEBUG	protocol/handler.go:1591	have processed broadcast	{"{round 20 3  <nil>}": {"Key":"from","Type":15,"Integer":0,"String":"g","Interface":null}}
2025-08-15T22:12:58.686-0500	DEBUG	protocol/handler.go:1600	waiting for broadcasts	{"{round 20 3  <nil>}": {"Key":"missing","Type":15,"Integer":0,"String":"[d f]","Interface":null}}
2025-08-15T22:12:58.678-0500	DEBUG	protocol/handler.go:1591	have processed broadcast	{"{round 20 3  <nil>}": {"Key":"from","Type":15,"Integer":0,"String":"e","Interface":null}}
2025-08-15T22:12:58.686-0500	DEBUG	protocol/handler.go:1591	have processed broadcast	{"{round 20 3  <nil>}": {"Key":"from","Type":15,"Integer":0,"String":"f","Interface":null}}
2025-08-15T22:12:58.686-0500	DEBUG	protocol/handler.go:1591	have processed broadcast	{"{round 20 3  <nil>}": {"Key":"from","Type":15,"Integer":0,"String":"g","Interface":null}}
2025-08-15T22:12:58.686-0500	DEBUG	protocol/handler.go:1600	waiting for broadcasts	{"{round 20 3  <nil>}": {"Key":"missing","Type":15,"Integer":0,"String":"[c]","Interface":null}}
2025-08-15T22:12:58.679-0500	DEBUG	protocol/handler.go:1591	have processed broadcast	{"{round 20 3  <nil>}": {"Key":"from","Type":15,"Integer":0,"String":"b","Interface":null}}
2025-08-15T22:12:58.686-0500	DEBUG	protocol/handler.go:1591	have processed broadcast	{"{round 20 3  <nil>}": {"Key":"from","Type":15,"Integer":0,"String":"g","Interface":null}}
2025-08-15T22:12:58.686-0500	DEBUG	protocol/handler.go:1600	waiting for broadcasts	{"{round 20 3  <nil>}": {"Key":"missing","Type":15,"Integer":0,"String":"[c d f]","Interface":null}}
2025-08-15T22:12:58.624-0500	DEBUG	protocol/handler.go:1600	waiting for broadcasts	{"{round 20 3  <nil>}": {"Key":"missing","Type":15,"Integer":0,"String":"[a c d f]","Interface":null}}
2025-08-15T22:12:58.686-0500	DEBUG	protocol/handler.go:581	tryAdvanceRound called	{"{current_round 20 3  <nil>}": {"Key":"self","Type":15,"Integer":0,"String":"g","Interface":null}}
2025-08-15T22:12:58.686-0500	DEBUG	protocol/handler.go:1591	have processed broadcast	{"{round 20 3  <nil>}": {"Key":"from","Type":15,"Integer":0,"String":"a","Interface":null}}
2025-08-15T22:12:58.686-0500	DEBUG	protocol/handler.go:1591	have processed broadcast	{"{round 20 3  <nil>}": {"Key":"from","Type":15,"Integer":0,"String":"b","Interface":null}}
2025-08-15T22:12:58.686-0500	DEBUG	protocol/handler.go:1591	have processed broadcast	{"{round 20 3  <nil>}": {"Key":"from","Type":15,"Integer":0,"String":"c","Interface":null}}
2025-08-15T22:12:58.686-0500	DEBUG	protocol/handler.go:1591	have processed broadcast	{"{round 20 3  <nil>}": {"Key":"from","Type":15,"Integer":0,"String":"e","Interface":null}}
2025-08-15T22:12:58.686-0500	DEBUG	protocol/handler.go:1591	have processed broadcast	{"{round 20 3  <nil>}": {"Key":"from","Type":15,"Integer":0,"String":"f","Interface":null}}
2025-08-15T22:12:58.686-0500	DEBUG	protocol/handler.go:1600	waiting for broadcasts	{"{round 20 3  <nil>}": {"Key":"missing","Type":15,"Integer":0,"String":"[d]","Interface":null}}
2025-08-15T22:12:58.624-0500	DEBUG	protocol/handler.go:437	processing message	{"{from 15 0 f <nil>}": {"Key":"to","Type":15,"Integer":0,"String":"","Interface":null}, "{round 20 3  <nil>}": {"Key":"broadcast","Type":4,"Integer":1,"String":"","Interface":null}}
2025-08-15T22:12:58.624-0500	DEBUG	protocol/handler.go:1591	have processed broadcast	{"{round 20 3  <nil>}": {"Key":"from","Type":15,"Integer":0,"String":"g","Interface":null}}
2025-08-15T22:12:58.687-0500	DEBUG	protocol/handler.go:1591	have processed broadcast	{"{round 20 3  <nil>}": {"Key":"from","Type":15,"Integer":0,"String":"b","Interface":null}}
2025-08-15T22:12:58.687-0500	DEBUG	protocol/handler.go:1591	have processed broadcast	{"{round 20 3  <nil>}": {"Key":"from","Type":15,"Integer":0,"String":"c","Interface":null}}
2025-08-15T22:12:58.687-0500	DEBUG	protocol/handler.go:1591	have processed broadcast	{"{round 20 3  <nil>}": {"Key":"from","Type":15,"Integer":0,"String":"d","Interface":null}}
2025-08-15T22:12:58.687-0500	DEBUG	protocol/handler.go:1591	have processed broadcast	{"{round 20 3  <nil>}": {"Key":"from","Type":15,"Integer":0,"String":"e","Interface":null}}
2025-08-15T22:12:58.687-0500	DEBUG	protocol/handler.go:1591	have processed broadcast	{"{round 20 3  <nil>}": {"Key":"from","Type":15,"Integer":0,"String":"f","Interface":null}}
2025-08-15T22:12:58.687-0500	DEBUG	protocol/handler.go:1591	have processed broadcast	{"{round 20 3  <nil>}": {"Key":"from","Type":15,"Integer":0,"String":"g","Interface":null}}
2025-08-15T22:12:58.687-0500	DEBUG	protocol/handler.go:1635	waiting for messages	{"{round 20 3  <nil>}": {"Key":"missing","Type":15,"Integer":0,"String":"[d]","Interface":null}}
2025-08-15T22:12:58.688-0500	DEBUG	protocol/handler.go:1591	have processed broadcast	{"{round 20 2  <nil>}": {"Key":"from","Type":15,"Integer":0,"String":"e","Interface":null}}
2025-08-15T22:12:58.688-0500	DEBUG	protocol/handler.go:1591	have processed broadcast	{"{round 20 2  <nil>}": {"Key":"from","Type":15,"Integer":0,"String":"f","Interface":null}}
2025-08-15T22:12:58.688-0500	DEBUG	protocol/handler.go:1591	have processed broadcast	{"{round 20 3  <nil>}": {"Key":"from","Type":15,"Integer":0,"String":"a","Interface":null}}
2025-08-15T22:12:58.688-0500	DEBUG	protocol/handler.go:1591	have processed broadcast	{"{round 20 2  <nil>}": {"Key":"from","Type":15,"Integer":0,"String":"g","Interface":null}}
2025-08-15T22:12:58.688-0500	DEBUG	protocol/handler.go:1591	have processed broadcast	{"{round 20 3  <nil>}": {"Key":"from","Type":15,"Integer":0,"String":"b","Interface":null}}
2025-08-15T22:12:58.688-0500	DEBUG	protocol/handler.go:1591	have processed broadcast	{"{round 20 3  <nil>}": {"Key":"from","Type":15,"Integer":0,"String":"c","Interface":null}}
2025-08-15T22:12:58.688-0500	DEBUG	protocol/handler.go:1649	have all messages and processed	{"{round 20 2  <nil>}": {"Key":"self","Type":15,"Integer":0,"String":"d","Interface":null}}
2025-08-15T22:12:58.688-0500	DEBUG	protocol/handler.go:596	round already finalized
2025-08-15T22:12:58.688-0500	DEBUG	protocol/handler.go:600	current round already advanced	{"{checking 20 2  <nil>}": {"Key":"current","Type":20,"Integer":3,"String":"","Interface":null}}
2025-08-15T22:12:58.688-0500	INFO	protocol/handler.go:560	advanced to round
2025-08-15T22:12:58.689-0500	DEBUG	protocol/handler.go:581	tryAdvanceRound called	{"{current_round 20 3  <nil>}": {"Key":"self","Type":15,"Integer":0,"String":"d","Interface":null}}
2025-08-15T22:12:58.674-0500	DEBUG	protocol/handler.go:1081	sent message to output channel	{"{from 15 0 c <nil>}": {"Key":"to","Type":15,"Integer":0,"String":"b","Interface":null}, "{round 20 3  <nil>}": {"Key":"broadcast","Type":4,"Integer":0,"String":"","Interface":null}}
2025-08-15T22:12:58.689-0500	DEBUG	protocol/handler.go:1039	sendRoundMessage	{"{from 15 0 c <nil>}": {"Key":"to","Type":15,"Integer":0,"String":"d","Interface":null}, "{round 20 3  <nil>}": {"Key":"broadcast","Type":4,"Integer":0,"String":"","Interface":null}}
2025-08-15T22:12:58.689-0500	DEBUG	protocol/handler.go:432	processMessage: p2p round 3 START	{"{from 15 0 c <nil>}": {"Key":"to","Type":15,"Integer":0,"String":"d","Interface":null}}
2025-08-15T22:12:58.689-0500	DEBUG	protocol/handler.go:437	processing message	{"{from 15 0 c <nil>}": {"Key":"to","Type":15,"Integer":0,"String":"d","Interface":null}, "{round 20 3  <nil>}": {"Key":"broadcast","Type":4,"Integer":0,"String":"","Interface":null}}
2025-08-15T22:12:58.689-0500	DEBUG	protocol/handler.go:1662	storing message	{"{round 20 3  <nil>}": {"Key":"from","Type":15,"Integer":0,"String":"c","Interface":null}}
2025-08-15T22:12:58.689-0500	DEBUG	protocol/handler.go:1591	have processed broadcast	{"{round 20 3  <nil>}": {"Key":"from","Type":15,"Integer":0,"String":"a","Interface":null}}
2025-08-15T22:12:58.689-0500	DEBUG	protocol/handler.go:1591	have processed broadcast	{"{round 20 3  <nil>}": {"Key":"from","Type":15,"Integer":0,"String":"b","Interface":null}}
2025-08-15T22:12:58.690-0500	DEBUG	protocol/handler.go:1591	have processed broadcast	{"{round 20 3  <nil>}": {"Key":"from","Type":15,"Integer":0,"String":"b","Interface":null}}
2025-08-15T22:12:58.690-0500	DEBUG	protocol/handler.go:1591	have processed broadcast	{"{round 20 3  <nil>}": {"Key":"from","Type":15,"Integer":0,"String":"c","Interface":null}}
2025-08-15T22:12:58.690-0500	DEBUG	protocol/handler.go:1591	have processed broadcast	{"{round 20 3  <nil>}": {"Key":"from","Type":15,"Integer":0,"String":"c","Interface":null}}
2025-08-15T22:12:58.690-0500	DEBUG	protocol/handler.go:1591	have processed broadcast	{"{round 20 3  <nil>}": {"Key":"from","Type":15,"Integer":0,"String":"d","Interface":null}}
2025-08-15T22:12:58.690-0500	DEBUG	protocol/handler.go:1591	have processed broadcast	{"{round 20 3  <nil>}": {"Key":"from","Type":15,"Integer":0,"String":"d","Interface":null}}
2025-08-15T22:12:58.690-0500	DEBUG	protocol/handler.go:1591	have processed broadcast	{"{round 20 3  <nil>}": {"Key":"from","Type":15,"Integer":0,"String":"e","Interface":null}}
2025-08-15T22:12:58.690-0500	DEBUG	protocol/handler.go:1591	have processed broadcast	{"{round 20 3  <nil>}": {"Key":"from","Type":15,"Integer":0,"String":"e","Interface":null}}
2025-08-15T22:12:58.690-0500	DEBUG	protocol/handler.go:1591	have processed broadcast	{"{round 20 3  <nil>}": {"Key":"from","Type":15,"Integer":0,"String":"g","Interface":null}}
2025-08-15T22:12:58.690-0500	DEBUG	protocol/handler.go:1591	have processed broadcast	{"{round 20 3  <nil>}": {"Key":"from","Type":15,"Integer":0,"String":"f","Interface":null}}
2025-08-15T22:12:58.690-0500	DEBUG	protocol/handler.go:1635	waiting for messages	{"{round 20 3  <nil>}": {"Key":"missing","Type":15,"Integer":0,"String":"[c d]","Interface":null}}
2025-08-15T22:12:58.690-0500	DEBUG	protocol/handler.go:1591	have processed broadcast	{"{round 20 3  <nil>}": {"Key":"from","Type":15,"Integer":0,"String":"g","Interface":null}}
2025-08-15T22:12:58.690-0500	DEBUG	protocol/handler.go:581	tryAdvanceRound called	{"{current_round 20 3  <nil>}": {"Key":"self","Type":15,"Integer":0,"String":"f","Interface":null}}
2025-08-15T22:12:58.690-0500	DEBUG	protocol/handler.go:1635	waiting for messages	{"{round 20 3  <nil>}": {"Key":"missing","Type":15,"Integer":0,"String":"[d]","Interface":null}}
2025-08-15T22:12:58.688-0500	DEBUG	protocol/handler.go:1591	have processed broadcast	{"{round 20 3  <nil>}": {"Key":"from","Type":15,"Integer":0,"String":"e","Interface":null}}
2025-08-15T22:12:58.690-0500	DEBUG	protocol/handler.go:1591	have processed broadcast	{"{round 20 3  <nil>}": {"Key":"from","Type":15,"Integer":0,"String":"a","Interface":null}}
2025-08-15T22:12:58.690-0500	DEBUG	protocol/handler.go:1591	have processed broadcast	{"{round 20 3  <nil>}": {"Key":"from","Type":15,"Integer":0,"String":"b","Interface":null}}
2025-08-15T22:12:58.690-0500	DEBUG	protocol/handler.go:1591	have processed broadcast	{"{round 20 3  <nil>}": {"Key":"from","Type":15,"Integer":0,"String":"f","Interface":null}}
2025-08-15T22:12:58.690-0500	DEBUG	protocol/handler.go:1591	have processed broadcast	{"{round 20 3  <nil>}": {"Key":"from","Type":15,"Integer":0,"String":"c","Interface":null}}
2025-08-15T22:12:58.690-0500	DEBUG	protocol/handler.go:1600	waiting for broadcasts	{"{round 20 3  <nil>}": {"Key":"missing","Type":15,"Integer":0,"String":"[d]","Interface":null}}
2025-08-15T22:12:58.690-0500	DEBUG	protocol/handler.go:1591	have processed broadcast	{"{round 20 3  <nil>}": {"Key":"from","Type":15,"Integer":0,"String":"d","Interface":null}}
2025-08-15T22:12:58.690-0500	DEBUG	protocol/handler.go:1591	have processed broadcast	{"{round 20 3  <nil>}": {"Key":"from","Type":15,"Integer":0,"String":"e","Interface":null}}
2025-08-15T22:12:58.690-0500	DEBUG	protocol/handler.go:1591	have processed broadcast	{"{round 20 3  <nil>}": {"Key":"from","Type":15,"Integer":0,"String":"g","Interface":null}}
2025-08-15T22:12:58.690-0500	DEBUG	protocol/handler.go:1635	waiting for messages	{"{round 20 3  <nil>}": {"Key":"missing","Type":15,"Integer":0,"String":"[c d]","Interface":null}}
2025-08-15T22:12:58.715-0500	DEBUG	protocol/handler.go:581	tryAdvanceRound called	{"{current_round 20 3  <nil>}": {"Key":"self","Type":15,"Integer":0,"String":"g","Interface":null}}
2025-08-15T22:12:58.715-0500	DEBUG	protocol/handler.go:1591	have processed broadcast	{"{round 20 3  <nil>}": {"Key":"from","Type":15,"Integer":0,"String":"a","Interface":null}}
2025-08-15T22:12:58.715-0500	DEBUG	protocol/handler.go:1591	have processed broadcast	{"{round 20 3  <nil>}": {"Key":"from","Type":15,"Integer":0,"String":"b","Interface":null}}
2025-08-15T22:12:58.715-0500	DEBUG	protocol/handler.go:1591	have processed broadcast	{"{round 20 3  <nil>}": {"Key":"from","Type":15,"Integer":0,"String":"c","Interface":null}}
2025-08-15T22:12:58.715-0500	DEBUG	protocol/handler.go:1591	have processed broadcast	{"{round 20 3  <nil>}": {"Key":"from","Type":15,"Integer":0,"String":"e","Interface":null}}
2025-08-15T22:12:58.715-0500	DEBUG	protocol/handler.go:1591	have processed broadcast	{"{round 20 3  <nil>}": {"Key":"from","Type":15,"Integer":0,"String":"f","Interface":null}}
2025-08-15T22:12:58.715-0500	DEBUG	protocol/handler.go:1600	waiting for broadcasts	{"{round 20 3  <nil>}": {"Key":"missing","Type":15,"Integer":0,"String":"[d]","Interface":null}}
2025-08-15T22:12:58.717-0500	DEBUG	protocol/handler.go:581	tryAdvanceRound called	{"{current_round 20 3  <nil>}": {"Key":"self","Type":15,"Integer":0,"String":"d","Interface":null}}
2025-08-15T22:12:58.717-0500	DEBUG	protocol/handler.go:432	processMessage: p2p round 3 START	{"{from 15 0 f <nil>}": {"Key":"to","Type":15,"Integer":0,"String":"c","Interface":null}}
2025-08-15T22:12:58.717-0500	DEBUG	protocol/handler.go:437	processing message	{"{from 15 0 f <nil>}": {"Key":"to","Type":15,"Integer":0,"String":"c","Interface":null}, "{round 20 3  <nil>}": {"Key":"broadcast","Type":4,"Integer":0,"String":"","Interface":null}}
2025-08-15T22:12:58.717-0500	DEBUG	protocol/handler.go:1662	storing message	{"{round 20 3  <nil>}": {"Key":"from","Type":15,"Integer":0,"String":"f","Interface":null}}
2025-08-15T22:12:58.718-0500	DEBUG	protocol/handler.go:470	message for different round (buffering)	{"{msg_round 20 3  <nil>}": {"Key":"current_round","Type":20,"Integer":2,"String":"","Interface":null}}
2025-08-15T22:12:58.718-0500	DEBUG	protocol/handler.go:581	tryAdvanceRound called	{"{current_round 20 2  <nil>}": {"Key":"self","Type":15,"Integer":0,"String":"c","Interface":null}}
2025-08-15T22:12:58.718-0500	DEBUG	protocol/handler.go:1591	have processed broadcast	{"{round 20 2  <nil>}": {"Key":"from","Type":15,"Integer":0,"String":"a","Interface":null}}
2025-08-15T22:12:58.718-0500	DEBUG	protocol/handler.go:1591	have processed broadcast	{"{round 20 2  <nil>}": {"Key":"from","Type":15,"Integer":0,"String":"b","Interface":null}}
2025-08-15T22:12:58.718-0500	DEBUG	protocol/handler.go:1591	have processed broadcast	{"{round 20 2  <nil>}": {"Key":"from","Type":15,"Integer":0,"String":"d","Interface":null}}
2025-08-15T22:12:58.718-0500	DEBUG	protocol/handler.go:1591	have processed broadcast	{"{round 20 2  <nil>}": {"Key":"from","Type":15,"Integer":0,"String":"e","Interface":null}}
2025-08-15T22:12:58.718-0500	DEBUG	protocol/handler.go:1591	have processed broadcast	{"{round 20 2  <nil>}": {"Key":"from","Type":15,"Integer":0,"String":"f","Interface":null}}
2025-08-15T22:12:58.718-0500	DEBUG	protocol/handler.go:1591	have processed broadcast	{"{round 20 2  <nil>}": {"Key":"from","Type":15,"Integer":0,"String":"g","Interface":null}}
2025-08-15T22:12:58.718-0500	DEBUG	protocol/handler.go:1649	have all messages and processed	{"{round 20 2  <nil>}": {"Key":"self","Type":15,"Integer":0,"String":"c","Interface":null}}
2025-08-15T22:12:58.718-0500	DEBUG	protocol/handler.go:596	round already finalized
2025-08-15T22:12:58.718-0500	DEBUG	protocol/handler.go:432	processMessage: p2p round 3 START	{"{from 15 0 f <nil>}": {"Key":"to","Type":15,"Integer":0,"String":"b","Interface":null}}
2025-08-15T22:12:58.718-0500	DEBUG	protocol/handler.go:437	processing message	{"{from 15 0 f <nil>}": {"Key":"to","Type":15,"Integer":0,"String":"b","Interface":null}, "{round 20 3  <nil>}": {"Key":"broadcast","Type":4,"Integer":0,"String":"","Interface":null}}
2025-08-15T22:12:58.718-0500	DEBUG	protocol/handler.go:1662	storing message	{"{round 20 3  <nil>}": {"Key":"from","Type":15,"Integer":0,"String":"f","Interface":null}}
2025-08-15T22:12:58.718-0500	DEBUG	protocol/handler.go:581	tryAdvanceRound called	{"{current_round 20 3  <nil>}": {"Key":"self","Type":15,"Integer":0,"String":"b","Interface":null}}
2025-08-15T22:12:58.718-0500	DEBUG	protocol/handler.go:1306	waiting for broadcast before normal message
2025-08-15T22:12:58.718-0500	DEBUG	protocol/handler.go:1306	waiting for broadcast before normal message
2025-08-15T22:12:58.718-0500	DEBUG	protocol/handler.go:581	tryAdvanceRound called	{"{current_round 20 3  <nil>}": {"Key":"self","Type":15,"Integer":0,"String":"d","Interface":null}}
2025-08-15T22:12:58.718-0500	DEBUG	protocol/handler.go:1591	have processed broadcast	{"{round 20 3  <nil>}": {"Key":"from","Type":15,"Integer":0,"String":"a","Interface":null}}
2025-08-15T22:12:58.718-0500	DEBUG	protocol/handler.go:432	processMessage: p2p round 3 START	{"{from 15 0 c <nil>}": {"Key":"to","Type":15,"Integer":0,"String":"b","Interface":null}}
2025-08-15T22:12:58.718-0500	DEBUG	protocol/handler.go:1591	have processed broadcast	{"{round 20 3  <nil>}": {"Key":"from","Type":15,"Integer":0,"String":"c","Interface":null}}
2025-08-15T22:12:58.718-0500	DEBUG	protocol/handler.go:437	processing message	{"{from 15 0 c <nil>}": {"Key":"to","Type":15,"Integer":0,"String":"b","Interface":null}, "{round 20 3  <nil>}": {"Key":"broadcast","Type":4,"Integer":0,"String":"","Interface":null}}
2025-08-15T22:12:58.718-0500	DEBUG	protocol/handler.go:1591	have processed broadcast	{"{round 20 3  <nil>}": {"Key":"from","Type":15,"Integer":0,"String":"e","Interface":null}}
2025-08-15T22:12:58.718-0500	DEBUG	protocol/handler.go:1662	storing message	{"{round 20 3  <nil>}": {"Key":"from","Type":15,"Integer":0,"String":"c","Interface":null}}
2025-08-15T22:12:58.718-0500	DEBUG	protocol/handler.go:1591	have processed broadcast	{"{round 20 3  <nil>}": {"Key":"from","Type":15,"Integer":0,"String":"g","Interface":null}}
2025-08-15T22:12:58.719-0500	DEBUG	protocol/handler.go:1600	waiting for broadcasts	{"{round 20 3  <nil>}": {"Key":"missing","Type":15,"Integer":0,"String":"[d f]","Interface":null}}
2025-08-15T22:12:58.719-0500	DEBUG	protocol/handler.go:581	tryAdvanceRound called	{"{current_round 20 3  <nil>}": {"Key":"self","Type":15,"Integer":0,"String":"f","Interface":null}}
2025-08-15T22:12:58.719-0500	DEBUG	protocol/handler.go:1591	have processed broadcast	{"{round 20 3  <nil>}": {"Key":"from","Type":15,"Integer":0,"String":"a","Interface":null}}
2025-08-15T22:12:58.719-0500	DEBUG	protocol/handler.go:1591	have processed broadcast	{"{round 20 3  <nil>}": {"Key":"from","Type":15,"Integer":0,"String":"b","Interface":null}}
2025-08-15T22:12:58.719-0500	DEBUG	protocol/handler.go:1591	have processed broadcast	{"{round 20 3  <nil>}": {"Key":"from","Type":15,"Integer":0,"String":"c","Interface":null}}
2025-08-15T22:12:58.720-0500	DEBUG	protocol/handler.go:1591	have processed broadcast	{"{round 20 3  <nil>}": {"Key":"from","Type":15,"Integer":0,"String":"d","Interface":null}}
2025-08-15T22:12:58.720-0500	DEBUG	protocol/handler.go:1591	have processed broadcast	{"{round 20 3  <nil>}": {"Key":"from","Type":15,"Integer":0,"String":"e","Interface":null}}
2025-08-15T22:12:58.720-0500	DEBUG	protocol/handler.go:1591	have processed broadcast	{"{round 20 3  <nil>}": {"Key":"from","Type":15,"Integer":0,"String":"g","Interface":null}}
2025-08-15T22:12:58.720-0500	DEBUG	protocol/handler.go:1635	waiting for messages	{"{round 20 3  <nil>}": {"Key":"missing","Type":15,"Integer":0,"String":"[c d]","Interface":null}}
2025-08-15T22:12:58.720-0500	DEBUG	protocol/handler.go:581	tryAdvanceRound called	{"{current_round 20 3  <nil>}": {"Key":"self","Type":15,"Integer":0,"String":"b","Interface":null}}
2025-08-15T22:12:58.720-0500	DEBUG	protocol/handler.go:581	tryAdvanceRound called	{"{current_round 20 3  <nil>}": {"Key":"self","Type":15,"Integer":0,"String":"g","Interface":null}}
2025-08-15T22:12:58.720-0500	DEBUG	protocol/handler.go:1306	waiting for broadcast before normal message
2025-08-15T22:12:58.720-0500	DEBUG	protocol/handler.go:1306	waiting for broadcast before normal message
2025-08-15T22:12:58.720-0500	DEBUG	protocol/handler.go:1591	have processed broadcast	{"{round 20 3  <nil>}": {"Key":"from","Type":15,"Integer":0,"String":"a","Interface":null}}
2025-08-15T22:12:58.721-0500	DEBUG	protocol/handler.go:1591	have processed broadcast	{"{round 20 3  <nil>}": {"Key":"from","Type":15,"Integer":0,"String":"c","Interface":null}}
2025-08-15T22:12:58.721-0500	DEBUG	protocol/handler.go:1591	have processed broadcast	{"{round 20 3  <nil>}": {"Key":"from","Type":15,"Integer":0,"String":"e","Interface":null}}
2025-08-15T22:12:58.721-0500	DEBUG	protocol/handler.go:1591	have processed broadcast	{"{round 20 3  <nil>}": {"Key":"from","Type":15,"Integer":0,"String":"g","Interface":null}}
2025-08-15T22:12:58.721-0500	DEBUG	protocol/handler.go:1600	waiting for broadcasts	{"{round 20 3  <nil>}": {"Key":"missing","Type":15,"Integer":0,"String":"[d f]","Interface":null}}
2025-08-15T22:12:58.721-0500	DEBUG	protocol/handler.go:437	processing message	{"{from 15 0 d <nil>}": {"Key":"to","Type":15,"Integer":0,"String":"","Interface":null}, "{round 20 3  <nil>}": {"Key":"broadcast","Type":4,"Integer":1,"String":"","Interface":null}}
2025-08-15T22:12:58.721-0500	DEBUG	protocol/handler.go:1657	storing broadcast	{"{round 20 3  <nil>}": {"Key":"from","Type":15,"Integer":0,"String":"d","Interface":null}}
2025-08-15T22:12:58.721-0500	DEBUG	protocol/handler.go:581	tryAdvanceRound called	{"{current_round 20 3  <nil>}": {"Key":"self","Type":15,"Integer":0,"String":"b","Interface":null}}
2025-08-15T22:12:58.721-0500	DEBUG	protocol/handler.go:1306	waiting for broadcast before normal message
2025-08-15T22:12:58.725-0500	DEBUG	protocol/handler.go:1591	have processed broadcast	{"{round 20 3  <nil>}": {"Key":"from","Type":15,"Integer":0,"String":"a","Interface":null}}
2025-08-15T22:12:58.725-0500	DEBUG	protocol/handler.go:1591	have processed broadcast	{"{round 20 3  <nil>}": {"Key":"from","Type":15,"Integer":0,"String":"a","Interface":null}}
2025-08-15T22:12:58.725-0500	DEBUG	protocol/handler.go:1591	have processed broadcast	{"{round 20 3  <nil>}": {"Key":"from","Type":15,"Integer":0,"String":"b","Interface":null}}
2025-08-15T22:12:58.725-0500	DEBUG	protocol/handler.go:1591	have processed broadcast	{"{round 20 3  <nil>}": {"Key":"from","Type":15,"Integer":0,"String":"c","Interface":null}}
2025-08-15T22:12:58.725-0500	DEBUG	protocol/handler.go:432	processMessage: p2p round 3 START	{"{from 15 0 f <nil>}": {"Key":"to","Type":15,"Integer":0,"String":"g","Interface":null}}
2025-08-15T22:12:58.725-0500	DEBUG	protocol/handler.go:437	processing message	{"{from 15 0 f <nil>}": {"Key":"to","Type":15,"Integer":0,"String":"g","Interface":null}, "{round 20 3  <nil>}": {"Key":"broadcast","Type":4,"Integer":0,"String":"","Interface":null}}
2025-08-15T22:12:58.725-0500	DEBUG	protocol/handler.go:437	processing message	{"{from 15 0 d <nil>}": {"Key":"to","Type":15,"Integer":0,"String":"","Interface":null}, "{round 20 3  <nil>}": {"Key":"broadcast","Type":4,"Integer":1,"String":"","Interface":null}}
2025-08-15T22:12:58.725-0500	DEBUG	protocol/handler.go:1662	storing message	{"{round 20 3  <nil>}": {"Key":"from","Type":15,"Integer":0,"String":"f","Interface":null}}
2025-08-15T22:12:58.725-0500	DEBUG	protocol/handler.go:1657	storing broadcast	{"{round 20 3  <nil>}": {"Key":"from","Type":15,"Integer":0,"String":"d","Interface":null}}
2025-08-15T22:12:58.725-0500	DEBUG	protocol/handler.go:581	tryAdvanceRound called	{"{current_round 20 3  <nil>}": {"Key":"self","Type":15,"Integer":0,"String":"d","Interface":null}}
2025-08-15T22:12:58.725-0500	DEBUG	protocol/handler.go:432	processMessage: p2p round 3 START	{"{from 15 0 d <nil>}": {"Key":"to","Type":15,"Integer":0,"String":"g","Interface":null}}
2025-08-15T22:12:58.725-0500	DEBUG	protocol/handler.go:437	processing message	{"{from 15 0 d <nil>}": {"Key":"to","Type":15,"Integer":0,"String":"g","Interface":null}, "{round 20 3  <nil>}": {"Key":"broadcast","Type":4,"Integer":0,"String":"","Interface":null}}
2025-08-15T22:12:58.725-0500	DEBUG	protocol/handler.go:1662	storing message	{"{round 20 3  <nil>}": {"Key":"from","Type":15,"Integer":0,"String":"d","Interface":null}}
2025-08-15T22:12:58.725-0500	DEBUG	protocol/handler.go:432	processMessage: p2p round 3 START	{"{from 15 0 d <nil>}": {"Key":"to","Type":15,"Integer":0,"String":"f","Interface":null}}
2025-08-15T22:12:58.725-0500	DEBUG	protocol/handler.go:437	processing message	{"{from 15 0 d <nil>}": {"Key":"to","Type":15,"Integer":0,"String":"f","Interface":null}, "{round 20 3  <nil>}": {"Key":"broadcast","Type":4,"Integer":0,"String":"","Interface":null}}
2025-08-15T22:12:58.725-0500	DEBUG	protocol/handler.go:1662	storing message	{"{round 20 3  <nil>}": {"Key":"from","Type":15,"Integer":0,"String":"d","Interface":null}}
2025-08-15T22:12:58.725-0500	DEBUG	protocol/handler.go:437	processing message	{"{from 15 0 d <nil>}": {"Key":"to","Type":15,"Integer":0,"String":"","Interface":null}, "{round 20 3  <nil>}": {"Key":"broadcast","Type":4,"Integer":1,"String":"","Interface":null}}
2025-08-15T22:12:58.726-0500	DEBUG	protocol/handler.go:1657	storing broadcast	{"{round 20 3  <nil>}": {"Key":"from","Type":15,"Integer":0,"String":"d","Interface":null}}
2025-08-15T22:12:58.727-0500	DEBUG	protocol/handler.go:581	tryAdvanceRound called	{"{current_round 20 3  <nil>}": {"Key":"self","Type":15,"Integer":0,"String":"e","Interface":null}}
2025-08-15T22:12:58.727-0500	DEBUG	protocol/handler.go:581	tryAdvanceRound called	{"{current_round 20 3  <nil>}": {"Key":"self","Type":15,"Integer":0,"String":"g","Interface":null}}
2025-08-15T22:12:58.727-0500	DEBUG	protocol/handler.go:581	tryAdvanceRound called	{"{current_round 20 3  <nil>}": {"Key":"self","Type":15,"Integer":0,"String":"g","Interface":null}}
2025-08-15T22:12:58.728-0500	DEBUG	protocol/handler.go:581	tryAdvanceRound called	{"{current_round 20 3  <nil>}": {"Key":"self","Type":15,"Integer":0,"String":"f","Interface":null}}
2025-08-15T22:12:58.728-0500	DEBUG	protocol/handler.go:1591	have processed broadcast	{"{round 20 3  <nil>}": {"Key":"from","Type":15,"Integer":0,"String":"a","Interface":null}}
2025-08-15T22:12:58.728-0500	DEBUG	protocol/handler.go:1591	have processed broadcast	{"{round 20 3  <nil>}": {"Key":"from","Type":15,"Integer":0,"String":"b","Interface":null}}
2025-08-15T22:12:58.728-0500	DEBUG	protocol/handler.go:1591	have processed broadcast	{"{round 20 3  <nil>}": {"Key":"from","Type":15,"Integer":0,"String":"c","Interface":null}}
2025-08-15T22:12:58.728-0500	DEBUG	protocol/handler.go:1591	have processed broadcast	{"{round 20 3  <nil>}": {"Key":"from","Type":15,"Integer":0,"String":"d","Interface":null}}
2025-08-15T22:12:58.728-0500	DEBUG	protocol/handler.go:1591	have processed broadcast	{"{round 20 3  <nil>}": {"Key":"from","Type":15,"Integer":0,"String":"e","Interface":null}}
2025-08-15T22:12:58.728-0500	DEBUG	protocol/handler.go:1591	have processed broadcast	{"{round 20 3  <nil>}": {"Key":"from","Type":15,"Integer":0,"String":"g","Interface":null}}
2025-08-15T22:12:58.728-0500	DEBUG	protocol/handler.go:1635	waiting for messages	{"{round 20 3  <nil>}": {"Key":"missing","Type":15,"Integer":0,"String":"[c]","Interface":null}}
2025-08-15T22:12:58.728-0500	DEBUG	protocol/handler.go:1591	have processed broadcast	{"{round 20 2  <nil>}": {"Key":"from","Type":15,"Integer":0,"String":"e","Interface":null}}
2025-08-15T22:12:58.728-0500	DEBUG	protocol/handler.go:1591	have processed broadcast	{"{round 20 2  <nil>}": {"Key":"from","Type":15,"Integer":0,"String":"g","Interface":null}}
2025-08-15T22:12:58.728-0500	DEBUG	protocol/handler.go:1649	have all messages and processed	{"{round 20 2  <nil>}": {"Key":"self","Type":15,"Integer":0,"String":"f","Interface":null}}
2025-08-15T22:12:58.728-0500	DEBUG	protocol/handler.go:596	round already finalized
2025-08-15T22:12:58.728-0500	DEBUG	protocol/handler.go:600	current round already advanced	{"{checking 20 2  <nil>}": {"Key":"current","Type":20,"Integer":3,"String":"","Interface":null}}
2025-08-15T22:12:58.728-0500	DEBUG	protocol/handler.go:1591	have processed broadcast	{"{round 20 2  <nil>}": {"Key":"from","Type":15,"Integer":0,"String":"g","Interface":null}}
2025-08-15T22:12:58.728-0500	DEBUG	protocol/handler.go:1600	waiting for broadcasts	{"{round 20 2  <nil>}": {"Key":"missing","Type":15,"Integer":0,"String":"[f]","Interface":null}}
2025-08-15T22:12:58.729-0500	INFO	protocol/handler.go:560	advanced to round
2025-08-15T22:12:58.729-0500	DEBUG	protocol/handler.go:581	tryAdvanceRound called	{"{current_round 20 3  <nil>}": {"Key":"self","Type":15,"Integer":0,"String":"a","Interface":null}}
2025-08-15T22:12:58.729-0500	DEBUG	protocol/handler.go:1591	have processed broadcast	{"{round 20 3  <nil>}": {"Key":"from","Type":15,"Integer":0,"String":"b","Interface":null}}
2025-08-15T22:12:58.729-0500	DEBUG	protocol/handler.go:1591	have processed broadcast	{"{round 20 3  <nil>}": {"Key":"from","Type":15,"Integer":0,"String":"c","Interface":null}}
2025-08-15T22:12:58.729-0500	DEBUG	protocol/handler.go:1591	have processed broadcast	{"{round 20 3  <nil>}": {"Key":"from","Type":15,"Integer":0,"String":"d","Interface":null}}
2025-08-15T22:12:58.729-0500	DEBUG	protocol/handler.go:1591	have processed broadcast	{"{round 20 3  <nil>}": {"Key":"from","Type":15,"Integer":0,"String":"e","Interface":null}}
2025-08-15T22:12:58.729-0500	DEBUG	protocol/handler.go:1591	have processed broadcast	{"{round 20 3  <nil>}": {"Key":"from","Type":15,"Integer":0,"String":"f","Interface":null}}
2025-08-15T22:12:58.729-0500	DEBUG	protocol/handler.go:1591	have processed broadcast	{"{round 20 3  <nil>}": {"Key":"from","Type":15,"Integer":0,"String":"g","Interface":null}}
2025-08-15T22:12:58.729-0500	DEBUG	protocol/handler.go:1635	waiting for messages	{"{round 20 3  <nil>}": {"Key":"missing","Type":15,"Integer":0,"String":"[d]","Interface":null}}
2025-08-15T22:12:58.729-0500	DEBUG	protocol/handler.go:432	processMessage: p2p round 3 START	{"{from 15 0 d <nil>}": {"Key":"to","Type":15,"Integer":0,"String":"c","Interface":null}}
2025-08-15T22:12:58.729-0500	DEBUG	protocol/handler.go:437	processing message	{"{from 15 0 d <nil>}": {"Key":"to","Type":15,"Integer":0,"String":"c","Interface":null}, "{round 20 3  <nil>}": {"Key":"broadcast","Type":4,"Integer":0,"String":"","Interface":null}}
2025-08-15T22:12:58.729-0500	DEBUG	protocol/handler.go:1662	storing message	{"{round 20 3  <nil>}": {"Key":"from","Type":15,"Integer":0,"String":"d","Interface":null}}
2025-08-15T22:12:58.729-0500	DEBUG	protocol/handler.go:470	message for different round (buffering)	{"{msg_round 20 3  <nil>}": {"Key":"current_round","Type":20,"Integer":2,"String":"","Interface":null}}
2025-08-15T22:12:58.729-0500	DEBUG	protocol/handler.go:581	tryAdvanceRound called	{"{current_round 20 2  <nil>}": {"Key":"self","Type":15,"Integer":0,"String":"c","Interface":null}}
2025-08-15T22:12:58.729-0500	DEBUG	protocol/handler.go:1591	have processed broadcast	{"{round 20 2  <nil>}": {"Key":"from","Type":15,"Integer":0,"String":"a","Interface":null}}
2025-08-15T22:12:58.729-0500	DEBUG	protocol/handler.go:1591	have processed broadcast	{"{round 20 2  <nil>}": {"Key":"from","Type":15,"Integer":0,"String":"b","Interface":null}}
2025-08-15T22:12:58.729-0500	DEBUG	protocol/handler.go:1591	have processed broadcast	{"{round 20 2  <nil>}": {"Key":"from","Type":15,"Integer":0,"String":"d","Interface":null}}
2025-08-15T22:12:58.729-0500	DEBUG	protocol/handler.go:1591	have processed broadcast	{"{round 20 2  <nil>}": {"Key":"from","Type":15,"Integer":0,"String":"e","Interface":null}}
2025-08-15T22:12:58.729-0500	DEBUG	protocol/handler.go:1591	have processed broadcast	{"{round 20 2  <nil>}": {"Key":"from","Type":15,"Integer":0,"String":"f","Interface":null}}
2025-08-15T22:12:58.729-0500	DEBUG	protocol/handler.go:1591	have processed broadcast	{"{round 20 2  <nil>}": {"Key":"from","Type":15,"Integer":0,"String":"g","Interface":null}}
2025-08-15T22:12:58.730-0500	DEBUG	protocol/handler.go:1649	have all messages and processed	{"{round 20 2  <nil>}": {"Key":"self","Type":15,"Integer":0,"String":"c","Interface":null}}
2025-08-15T22:12:58.730-0500	DEBUG	protocol/handler.go:596	round already finalized
2025-08-15T22:12:58.730-0500	DEBUG	protocol/handler.go:1591	have processed broadcast	{"{round 20 3  <nil>}": {"Key":"from","Type":15,"Integer":0,"String":"a","Interface":null}}
2025-08-15T22:12:58.730-0500	DEBUG	protocol/handler.go:1591	have processed broadcast	{"{round 20 3  <nil>}": {"Key":"from","Type":15,"Integer":0,"String":"b","Interface":null}}
2025-08-15T22:12:58.730-0500	DEBUG	protocol/handler.go:1591	have processed broadcast	{"{round 20 3  <nil>}": {"Key":"from","Type":15,"Integer":0,"String":"c","Interface":null}}
2025-08-15T22:12:58.730-0500	DEBUG	protocol/handler.go:1591	have processed broadcast	{"{round 20 3  <nil>}": {"Key":"from","Type":15,"Integer":0,"String":"d","Interface":null}}
2025-08-15T22:12:58.730-0500	DEBUG	protocol/handler.go:1591	have processed broadcast	{"{round 20 3  <nil>}": {"Key":"from","Type":15,"Integer":0,"String":"f","Interface":null}}
2025-08-15T22:12:58.730-0500	DEBUG	protocol/handler.go:1591	have processed broadcast	{"{round 20 3  <nil>}": {"Key":"from","Type":15,"Integer":0,"String":"g","Interface":null}}
2025-08-15T22:12:58.730-0500	DEBUG	protocol/handler.go:1635	waiting for messages	{"{round 20 3  <nil>}": {"Key":"missing","Type":15,"Integer":0,"String":"[c f]","Interface":null}}
2025-08-15T22:12:58.725-0500	DEBUG	protocol/handler.go:432	processMessage: p2p round 3 START	{"{from 15 0 f <nil>}": {"Key":"to","Type":15,"Integer":0,"String":"e","Interface":null}}
2025-08-15T22:12:58.730-0500	DEBUG	protocol/handler.go:437	processing message	{"{from 15 0 f <nil>}": {"Key":"to","Type":15,"Integer":0,"String":"e","Interface":null}, "{round 20 3  <nil>}": {"Key":"broadcast","Type":4,"Integer":0,"String":"","Interface":null}}
2025-08-15T22:12:58.730-0500	DEBUG	protocol/handler.go:1662	storing message	{"{round 20 3  <nil>}": {"Key":"from","Type":15,"Integer":0,"String":"f","Interface":null}}
2025-08-15T22:12:58.730-0500	DEBUG	protocol/handler.go:437	processing message	{"{from 15 0 d <nil>}": {"Key":"to","Type":15,"Integer":0,"String":"","Interface":null}, "{round 20 3  <nil>}": {"Key":"broadcast","Type":4,"Integer":1,"String":"","Interface":null}}
2025-08-15T22:12:58.731-0500	DEBUG	protocol/handler.go:1657	storing broadcast	{"{round 20 3  <nil>}": {"Key":"from","Type":15,"Integer":0,"String":"d","Interface":null}}
2025-08-15T22:12:58.731-0500	DEBUG	protocol/handler.go:470	message for different round (buffering)	{"{msg_round 20 3  <nil>}": {"Key":"current_round","Type":20,"Integer":2,"String":"","Interface":null}}
2025-08-15T22:12:58.731-0500	DEBUG	protocol/handler.go:581	tryAdvanceRound called	{"{current_round 20 2  <nil>}": {"Key":"self","Type":15,"Integer":0,"String":"c","Interface":null}}
2025-08-15T22:12:58.731-0500	DEBUG	protocol/handler.go:1591	have processed broadcast	{"{round 20 2  <nil>}": {"Key":"from","Type":15,"Integer":0,"String":"a","Interface":null}}
2025-08-15T22:12:58.731-0500	DEBUG	protocol/handler.go:1591	have processed broadcast	{"{round 20 2  <nil>}": {"Key":"from","Type":15,"Integer":0,"String":"b","Interface":null}}
2025-08-15T22:12:58.731-0500	DEBUG	protocol/handler.go:1591	have processed broadcast	{"{round 20 2  <nil>}": {"Key":"from","Type":15,"Integer":0,"String":"d","Interface":null}}
2025-08-15T22:12:58.731-0500	DEBUG	protocol/handler.go:1591	have processed broadcast	{"{round 20 2  <nil>}": {"Key":"from","Type":15,"Integer":0,"String":"e","Interface":null}}
2025-08-15T22:12:58.731-0500	DEBUG	protocol/handler.go:1591	have processed broadcast	{"{round 20 2  <nil>}": {"Key":"from","Type":15,"Integer":0,"String":"f","Interface":null}}
2025-08-15T22:12:58.731-0500	DEBUG	protocol/handler.go:1591	have processed broadcast	{"{round 20 2  <nil>}": {"Key":"from","Type":15,"Integer":0,"String":"g","Interface":null}}
2025-08-15T22:12:58.731-0500	DEBUG	protocol/handler.go:1649	have all messages and processed	{"{round 20 2  <nil>}": {"Key":"self","Type":15,"Integer":0,"String":"c","Interface":null}}
2025-08-15T22:12:58.731-0500	DEBUG	protocol/handler.go:596	round already finalized
2025-08-15T22:12:58.731-0500	DEBUG	protocol/handler.go:432	processMessage: p2p round 3 START	{"{from 15 0 d <nil>}": {"Key":"to","Type":15,"Integer":0,"String":"a","Interface":null}}
2025-08-15T22:12:58.731-0500	DEBUG	protocol/handler.go:437	processing message	{"{from 15 0 d <nil>}": {"Key":"to","Type":15,"Integer":0,"String":"a","Interface":null}, "{round 20 3  <nil>}": {"Key":"broadcast","Type":4,"Integer":0,"String":"","Interface":null}}
2025-08-15T22:12:58.732-0500	DEBUG	protocol/handler.go:1662	storing message	{"{round 20 3  <nil>}": {"Key":"from","Type":15,"Integer":0,"String":"d","Interface":null}}
2025-08-15T22:12:58.733-0500	DEBUG	protocol/handler.go:581	tryAdvanceRound called	{"{current_round 20 3  <nil>}": {"Key":"self","Type":15,"Integer":0,"String":"e","Interface":null}}
2025-08-15T22:12:58.733-0500	DEBUG	protocol/handler.go:1591	have processed broadcast	{"{round 20 3  <nil>}": {"Key":"from","Type":15,"Integer":0,"String":"a","Interface":null}}
2025-08-15T22:12:58.733-0500	DEBUG	protocol/handler.go:1591	have processed broadcast	{"{round 20 3  <nil>}": {"Key":"from","Type":15,"Integer":0,"String":"b","Interface":null}}
2025-08-15T22:12:58.733-0500	DEBUG	protocol/handler.go:1591	have processed broadcast	{"{round 20 3  <nil>}": {"Key":"from","Type":15,"Integer":0,"String":"c","Interface":null}}
2025-08-15T22:12:58.733-0500	DEBUG	protocol/handler.go:1591	have processed broadcast	{"{round 20 3  <nil>}": {"Key":"from","Type":15,"Integer":0,"String":"d","Interface":null}}
2025-08-15T22:12:58.733-0500	DEBUG	protocol/handler.go:1591	have processed broadcast	{"{round 20 3  <nil>}": {"Key":"from","Type":15,"Integer":0,"String":"f","Interface":null}}
2025-08-15T22:12:58.733-0500	DEBUG	protocol/handler.go:1591	have processed broadcast	{"{round 20 3  <nil>}": {"Key":"from","Type":15,"Integer":0,"String":"g","Interface":null}}
2025-08-15T22:12:58.733-0500	DEBUG	protocol/handler.go:1635	waiting for messages	{"{round 20 3  <nil>}": {"Key":"missing","Type":15,"Integer":0,"String":"[c]","Interface":null}}
2025-08-15T22:12:58.725-0500	DEBUG	protocol/handler.go:1591	have processed broadcast	{"{round 20 3  <nil>}": {"Key":"from","Type":15,"Integer":0,"String":"e","Interface":null}}
2025-08-15T22:12:58.733-0500	DEBUG	protocol/handler.go:581	tryAdvanceRound called	{"{current_round 20 3  <nil>}": {"Key":"self","Type":15,"Integer":0,"String":"a","Interface":null}}
2025-08-15T22:12:58.733-0500	DEBUG	protocol/handler.go:1591	have processed broadcast	{"{round 20 3  <nil>}": {"Key":"from","Type":15,"Integer":0,"String":"f","Interface":null}}
2025-08-15T22:12:58.734-0500	DEBUG	protocol/handler.go:1600	waiting for broadcasts	{"{round 20 3  <nil>}": {"Key":"missing","Type":15,"Integer":0,"String":"[d]","Interface":null}}
2025-08-15T22:12:58.734-0500	DEBUG	protocol/handler.go:1591	have processed broadcast	{"{round 20 3  <nil>}": {"Key":"from","Type":15,"Integer":0,"String":"b","Interface":null}}
2025-08-15T22:12:58.734-0500	DEBUG	protocol/handler.go:581	tryAdvanceRound called	{"{current_round 20 3  <nil>}": {"Key":"self","Type":15,"Integer":0,"String":"g","Interface":null}}
2025-08-15T22:12:58.734-0500	DEBUG	protocol/handler.go:1591	have processed broadcast	{"{round 20 3  <nil>}": {"Key":"from","Type":15,"Integer":0,"String":"c","Interface":null}}
2025-08-15T22:12:58.734-0500	DEBUG	protocol/handler.go:1591	have processed broadcast	{"{round 20 3  <nil>}": {"Key":"from","Type":15,"Integer":0,"String":"d","Interface":null}}
2025-08-15T22:12:58.734-0500	DEBUG	protocol/handler.go:1591	have processed broadcast	{"{round 20 3  <nil>}": {"Key":"from","Type":15,"Integer":0,"String":"e","Interface":null}}
2025-08-15T22:12:58.734-0500	DEBUG	protocol/handler.go:1591	have processed broadcast	{"{round 20 3  <nil>}": {"Key":"from","Type":15,"Integer":0,"String":"f","Interface":null}}
2025-08-15T22:12:58.734-0500	DEBUG	protocol/handler.go:1591	have processed broadcast	{"{round 20 3  <nil>}": {"Key":"from","Type":15,"Integer":0,"String":"g","Interface":null}}
2025-08-15T22:12:58.734-0500	DEBUG	protocol/handler.go:1649	have all messages and processed	{"{round 20 3  <nil>}": {"Key":"self","Type":15,"Integer":0,"String":"a","Interface":null}}
2025-08-15T22:12:58.734-0500	DEBUG	protocol/handler.go:619	finalizing round
2025-08-15T22:12:58.737-0500	DEBUG	protocol/handler.go:1591	have processed broadcast	{"{round 20 3  <nil>}": {"Key":"from","Type":15,"Integer":0,"String":"a","Interface":null}}
2025-08-15T22:12:58.737-0500	DEBUG	protocol/handler.go:1591	have processed broadcast	{"{round 20 3  <nil>}": {"Key":"from","Type":15,"Integer":0,"String":"b","Interface":null}}
2025-08-15T22:12:58.737-0500	DEBUG	protocol/handler.go:1591	have processed broadcast	{"{round 20 3  <nil>}": {"Key":"from","Type":15,"Integer":0,"String":"c","Interface":null}}
2025-08-15T22:12:58.737-0500	DEBUG	protocol/handler.go:1591	have processed broadcast	{"{round 20 3  <nil>}": {"Key":"from","Type":15,"Integer":0,"String":"d","Interface":null}}
2025-08-15T22:12:58.737-0500	DEBUG	protocol/handler.go:1591	have processed broadcast	{"{round 20 3  <nil>}": {"Key":"from","Type":15,"Integer":0,"String":"e","Interface":null}}
2025-08-15T22:12:58.737-0500	DEBUG	protocol/handler.go:1591	have processed broadcast	{"{round 20 3  <nil>}": {"Key":"from","Type":15,"Integer":0,"String":"f","Interface":null}}
2025-08-15T22:12:58.737-0500	DEBUG	protocol/handler.go:1635	waiting for messages	{"{round 20 3  <nil>}": {"Key":"missing","Type":15,"Integer":0,"String":"[c]","Interface":null}}
2025-08-15T22:12:58.725-0500	DEBUG	protocol/handler.go:1591	have processed broadcast	{"{round 20 3  <nil>}": {"Key":"from","Type":15,"Integer":0,"String":"c","Interface":null}}
2025-08-15T22:12:58.737-0500	DEBUG	protocol/handler.go:1591	have processed broadcast	{"{round 20 3  <nil>}": {"Key":"from","Type":15,"Integer":0,"String":"d","Interface":null}}
2025-08-15T22:12:58.737-0500	DEBUG	protocol/handler.go:1591	have processed broadcast	{"{round 20 3  <nil>}": {"Key":"from","Type":15,"Integer":0,"String":"e","Interface":null}}
2025-08-15T22:12:58.738-0500	DEBUG	protocol/handler.go:1591	have processed broadcast	{"{round 20 3  <nil>}": {"Key":"from","Type":15,"Integer":0,"String":"g","Interface":null}}
2025-08-15T22:12:58.738-0500	DEBUG	protocol/handler.go:1600	waiting for broadcasts	{"{round 20 3  <nil>}": {"Key":"missing","Type":15,"Integer":0,"String":"[f]","Interface":null}}
2025-08-15T22:12:58.739-0500	DEBUG	protocol/handler.go:581	tryAdvanceRound called	{"{current_round 20 3  <nil>}": {"Key":"self","Type":15,"Integer":0,"String":"f","Interface":null}}
2025-08-15T22:12:58.740-0500	DEBUG	protocol/handler.go:1591	have processed broadcast	{"{round 20 3  <nil>}": {"Key":"from","Type":15,"Integer":0,"String":"a","Interface":null}}
2025-08-15T22:12:58.740-0500	DEBUG	protocol/handler.go:1591	have processed broadcast	{"{round 20 3  <nil>}": {"Key":"from","Type":15,"Integer":0,"String":"b","Interface":null}}
2025-08-15T22:12:58.740-0500	DEBUG	protocol/handler.go:581	tryAdvanceRound called	{"{current_round 20 3  <nil>}": {"Key":"self","Type":15,"Integer":0,"String":"a","Interface":null}}
2025-08-15T22:12:58.740-0500	DEBUG	protocol/handler.go:1591	have processed broadcast	{"{round 20 3  <nil>}": {"Key":"from","Type":15,"Integer":0,"String":"b","Interface":null}}
2025-08-15T22:12:58.741-0500	DEBUG	protocol/handler.go:1591	have processed broadcast	{"{round 20 3  <nil>}": {"Key":"from","Type":15,"Integer":0,"String":"c","Interface":null}}
2025-08-15T22:12:58.741-0500	DEBUG	protocol/handler.go:1591	have processed broadcast	{"{round 20 3  <nil>}": {"Key":"from","Type":15,"Integer":0,"String":"d","Interface":null}}
2025-08-15T22:12:58.741-0500	DEBUG	protocol/handler.go:1591	have processed broadcast	{"{round 20 3  <nil>}": {"Key":"from","Type":15,"Integer":0,"String":"e","Interface":null}}
2025-08-15T22:12:58.741-0500	DEBUG	protocol/handler.go:1591	have processed broadcast	{"{round 20 3  <nil>}": {"Key":"from","Type":15,"Integer":0,"String":"f","Interface":null}}
2025-08-15T22:12:58.741-0500	DEBUG	protocol/handler.go:1591	have processed broadcast	{"{round 20 3  <nil>}": {"Key":"from","Type":15,"Integer":0,"String":"g","Interface":null}}
2025-08-15T22:12:58.741-0500	DEBUG	protocol/handler.go:1649	have all messages and processed	{"{round 20 3  <nil>}": {"Key":"self","Type":15,"Integer":0,"String":"a","Interface":null}}
2025-08-15T22:12:58.741-0500	DEBUG	protocol/handler.go:596	round already finalized
2025-08-15T22:12:58.741-0500	DEBUG	protocol/handler.go:1591	have processed broadcast	{"{round 20 3  <nil>}": {"Key":"from","Type":15,"Integer":0,"String":"a","Interface":null}}
2025-08-15T22:12:58.741-0500	DEBUG	protocol/handler.go:1591	have processed broadcast	{"{round 20 3  <nil>}": {"Key":"from","Type":15,"Integer":0,"String":"b","Interface":null}}
2025-08-15T22:12:58.741-0500	DEBUG	protocol/handler.go:1591	have processed broadcast	{"{round 20 3  <nil>}": {"Key":"from","Type":15,"Integer":0,"String":"c","Interface":null}}
2025-08-15T22:12:58.741-0500	DEBUG	protocol/handler.go:1591	have processed broadcast	{"{round 20 3  <nil>}": {"Key":"from","Type":15,"Integer":0,"String":"d","Interface":null}}
2025-08-15T22:12:58.741-0500	DEBUG	protocol/handler.go:1591	have processed broadcast	{"{round 20 3  <nil>}": {"Key":"from","Type":15,"Integer":0,"String":"e","Interface":null}}
2025-08-15T22:12:58.741-0500	DEBUG	protocol/handler.go:1591	have processed broadcast	{"{round 20 3  <nil>}": {"Key":"from","Type":15,"Integer":0,"String":"f","Interface":null}}
2025-08-15T22:12:58.741-0500	DEBUG	protocol/handler.go:1635	waiting for messages	{"{round 20 3  <nil>}": {"Key":"missing","Type":15,"Integer":0,"String":"[c]","Interface":null}}
2025-08-15T22:12:58.741-0500	DEBUG	protocol/handler.go:1591	have processed broadcast	{"{round 20 2  <nil>}": {"Key":"from","Type":15,"Integer":0,"String":"g","Interface":null}}
2025-08-15T22:12:58.742-0500	DEBUG	protocol/handler.go:1600	waiting for broadcasts	{"{round 20 2  <nil>}": {"Key":"missing","Type":15,"Integer":0,"String":"[f]","Interface":null}}
2025-08-15T22:12:58.742-0500	DEBUG	protocol/handler.go:1591	have processed broadcast	{"{round 20 2  <nil>}": {"Key":"from","Type":15,"Integer":0,"String":"g","Interface":null}}
2025-08-15T22:12:58.742-0500	DEBUG	protocol/handler.go:1649	have all messages and processed	{"{round 20 2  <nil>}": {"Key":"self","Type":15,"Integer":0,"String":"f","Interface":null}}
2025-08-15T22:12:58.742-0500	DEBUG	protocol/handler.go:596	round already finalized
2025-08-15T22:12:58.742-0500	DEBUG	protocol/handler.go:600	current round already advanced	{"{checking 20 2  <nil>}": {"Key":"current","Type":20,"Integer":3,"String":"","Interface":null}}
2025-08-15T22:12:58.742-0500	DEBUG	protocol/handler.go:1600	waiting for broadcasts	{"{round 20 2  <nil>}": {"Key":"missing","Type":15,"Integer":0,"String":"[f]","Interface":null}}
2025-08-15T22:12:58.742-0500	DEBUG	protocol/handler.go:1600	waiting for broadcasts	{"{round 20 2  <nil>}": {"Key":"missing","Type":15,"Integer":0,"String":"[e f]","Interface":null}}
2025-08-15T22:12:58.742-0500	DEBUG	protocol/handler.go:581	tryAdvanceRound called	{"{current_round 20 2  <nil>}": {"Key":"self","Type":15,"Integer":0,"String":"c","Interface":null}}
2025-08-15T22:12:58.742-0500	DEBUG	protocol/handler.go:1591	have processed broadcast	{"{round 20 2  <nil>}": {"Key":"from","Type":15,"Integer":0,"String":"a","Interface":null}}
2025-08-15T22:12:58.742-0500	DEBUG	protocol/handler.go:1591	have processed broadcast	{"{round 20 2  <nil>}": {"Key":"from","Type":15,"Integer":0,"String":"b","Interface":null}}
2025-08-15T22:12:58.742-0500	DEBUG	protocol/handler.go:1657	storing broadcast	{"{round 20 3  <nil>}": {"Key":"from","Type":15,"Integer":0,"String":"f","Interface":null}}
2025-08-15T22:12:58.742-0500	DEBUG	protocol/handler.go:1591	have processed broadcast	{"{round 20 2  <nil>}": {"Key":"from","Type":15,"Integer":0,"String":"d","Interface":null}}
2025-08-15T22:12:58.742-0500	DEBUG	protocol/handler.go:1591	have processed broadcast	{"{round 20 2  <nil>}": {"Key":"from","Type":15,"Integer":0,"String":"e","Interface":null}}
2025-08-15T22:12:58.742-0500	DEBUG	protocol/handler.go:581	tryAdvanceRound called	{"{current_round 20 3  <nil>}": {"Key":"self","Type":15,"Integer":0,"String":"b","Interface":null}}
2025-08-15T22:12:58.742-0500	DEBUG	protocol/handler.go:1591	have processed broadcast	{"{round 20 2  <nil>}": {"Key":"from","Type":15,"Integer":0,"String":"f","Interface":null}}
2025-08-15T22:12:58.742-0500	DEBUG	protocol/handler.go:1591	have processed broadcast	{"{round 20 2  <nil>}": {"Key":"from","Type":15,"Integer":0,"String":"g","Interface":null}}
2025-08-15T22:12:58.742-0500	DEBUG	protocol/handler.go:1649	have all messages and processed	{"{round 20 2  <nil>}": {"Key":"self","Type":15,"Integer":0,"String":"c","Interface":null}}
2025-08-15T22:12:58.743-0500	DEBUG	protocol/handler.go:596	round already finalized
2025-08-15T22:12:58.740-0500	DEBUG	protocol/handler.go:1591	have processed broadcast	{"{round 20 3  <nil>}": {"Key":"from","Type":15,"Integer":0,"String":"c","Interface":null}}
2025-08-15T22:12:58.743-0500	DEBUG	protocol/handler.go:1591	have processed broadcast	{"{round 20 3  <nil>}": {"Key":"from","Type":15,"Integer":0,"String":"d","Interface":null}}
2025-08-15T22:12:58.743-0500	DEBUG	protocol/handler.go:1591	have processed broadcast	{"{round 20 3  <nil>}": {"Key":"from","Type":15,"Integer":0,"String":"e","Interface":null}}
2025-08-15T22:12:58.743-0500	DEBUG	protocol/handler.go:1591	have processed broadcast	{"{round 20 3  <nil>}": {"Key":"from","Type":15,"Integer":0,"String":"g","Interface":null}}
2025-08-15T22:12:58.743-0500	DEBUG	protocol/handler.go:1635	waiting for messages	{"{round 20 3  <nil>}": {"Key":"missing","Type":15,"Integer":0,"String":"[c]","Interface":null}}
2025-08-15T22:12:58.742-0500	DEBUG	protocol/handler.go:581	tryAdvanceRound called	{"{current_round 20 3  <nil>}": {"Key":"self","Type":15,"Integer":0,"String":"b","Interface":null}}
2025-08-15T22:12:58.745-0500	DEBUG	protocol/handler.go:1591	have processed broadcast	{"{round 20 3  <nil>}": {"Key":"from","Type":15,"Integer":0,"String":"a","Interface":null}}
2025-08-15T22:12:58.745-0500	DEBUG	protocol/handler.go:1591	have processed broadcast	{"{round 20 3  <nil>}": {"Key":"from","Type":15,"Integer":0,"String":"a","Interface":null}}
2025-08-15T22:12:58.745-0500	DEBUG	protocol/handler.go:1591	have processed broadcast	{"{round 20 3  <nil>}": {"Key":"from","Type":15,"Integer":0,"String":"c","Interface":null}}
2025-08-15T22:12:58.745-0500	DEBUG	protocol/handler.go:1591	have processed broadcast	{"{round 20 3  <nil>}": {"Key":"from","Type":15,"Integer":0,"String":"c","Interface":null}}
2025-08-15T22:12:58.745-0500	DEBUG	protocol/handler.go:1591	have processed broadcast	{"{round 20 3  <nil>}": {"Key":"from","Type":15,"Integer":0,"String":"d","Interface":null}}
2025-08-15T22:12:58.745-0500	DEBUG	protocol/handler.go:1591	have processed broadcast	{"{round 20 3  <nil>}": {"Key":"from","Type":15,"Integer":0,"String":"d","Interface":null}}
2025-08-15T22:12:58.745-0500	DEBUG	protocol/handler.go:1591	have processed broadcast	{"{round 20 3  <nil>}": {"Key":"from","Type":15,"Integer":0,"String":"e","Interface":null}}
2025-08-15T22:12:58.745-0500	DEBUG	protocol/handler.go:581	tryAdvanceRound called	{"{current_round 20 2  <nil>}": {"Key":"self","Type":15,"Integer":0,"String":"c","Interface":null}}
2025-08-15T22:12:58.745-0500	DEBUG	protocol/handler.go:1591	have processed broadcast	{"{round 20 3  <nil>}": {"Key":"from","Type":15,"Integer":0,"String":"f","Interface":null}}
2025-08-15T22:12:58.745-0500	DEBUG	protocol/handler.go:1591	have processed broadcast	{"{round 20 2  <nil>}": {"Key":"from","Type":15,"Integer":0,"String":"a","Interface":null}}
2025-08-15T22:12:58.745-0500	DEBUG	protocol/handler.go:1591	have processed broadcast	{"{round 20 3  <nil>}": {"Key":"from","Type":15,"Integer":0,"String":"g","Interface":null}}
2025-08-15T22:12:58.745-0500	DEBUG	protocol/handler.go:1591	have processed broadcast	{"{round 20 2  <nil>}": {"Key":"from","Type":15,"Integer":0,"String":"b","Interface":null}}
2025-08-15T22:12:58.745-0500	DEBUG	protocol/handler.go:1649	have all messages and processed	{"{round 20 3  <nil>}": {"Key":"self","Type":15,"Integer":0,"String":"b","Interface":null}}
2025-08-15T22:12:58.745-0500	DEBUG	protocol/handler.go:1591	have processed broadcast	{"{round 20 2  <nil>}": {"Key":"from","Type":15,"Integer":0,"String":"d","Interface":null}}
2025-08-15T22:12:58.745-0500	DEBUG	protocol/handler.go:619	finalizing round
2025-08-15T22:12:58.745-0500	DEBUG	protocol/handler.go:1591	have processed broadcast	{"{round 20 2  <nil>}": {"Key":"from","Type":15,"Integer":0,"String":"e","Interface":null}}
2025-08-15T22:12:58.745-0500	DEBUG	protocol/handler.go:1591	have processed broadcast	{"{round 20 2  <nil>}": {"Key":"from","Type":15,"Integer":0,"String":"f","Interface":null}}
2025-08-15T22:12:58.745-0500	DEBUG	protocol/handler.go:1591	have processed broadcast	{"{round 20 2  <nil>}": {"Key":"from","Type":15,"Integer":0,"String":"g","Interface":null}}
2025-08-15T22:12:58.745-0500	DEBUG	protocol/handler.go:1649	have all messages and processed	{"{round 20 2  <nil>}": {"Key":"self","Type":15,"Integer":0,"String":"c","Interface":null}}
2025-08-15T22:12:58.746-0500	DEBUG	protocol/handler.go:596	round already finalized
2025-08-15T22:12:58.746-0500	DEBUG	protocol/handler.go:1503	processing queued messages
2025-08-15T22:12:58.746-0500	DEBUG	protocol/handler.go:1182	finalized round messages	{"{round 20 3  <nil>}": {"Key":"messages","Type":11,"Integer":0,"String":"","Interface":null}}
2025-08-15T22:12:58.746-0500	INFO	protocol/handler.go:1211	protocol completed	{"{self 15 0 a <nil>}": {"Key":"final_round","Type":20,"Integer":3,"String":"","Interface":null}}
2025-08-15T22:12:58.746-0500	DEBUG	protocol/handler.go:624	finalizeRound returned nil
2025-08-15T22:12:58.746-0500	DEBUG	protocol/handler.go:581	tryAdvanceRound called	{"{current_round 20 3  <nil>}": {"Key":"self","Type":15,"Integer":0,"String":"a","Interface":null}}
2025-08-15T22:12:58.746-0500	DEBUG	protocol/handler.go:1591	have processed broadcast	{"{round 20 3  <nil>}": {"Key":"from","Type":15,"Integer":0,"String":"b","Interface":null}}
2025-08-15T22:12:58.746-0500	DEBUG	protocol/handler.go:1591	have processed broadcast	{"{round 20 3  <nil>}": {"Key":"from","Type":15,"Integer":0,"String":"c","Interface":null}}
2025-08-15T22:12:58.746-0500	DEBUG	protocol/handler.go:1591	have processed broadcast	{"{round 20 3  <nil>}": {"Key":"from","Type":15,"Integer":0,"String":"d","Interface":null}}
2025-08-15T22:12:58.746-0500	DEBUG	protocol/handler.go:1591	have processed broadcast	{"{round 20 3  <nil>}": {"Key":"from","Type":15,"Integer":0,"String":"e","Interface":null}}
2025-08-15T22:12:58.746-0500	DEBUG	protocol/handler.go:1591	have processed broadcast	{"{round 20 3  <nil>}": {"Key":"from","Type":15,"Integer":0,"String":"f","Interface":null}}
2025-08-15T22:12:58.746-0500	DEBUG	protocol/handler.go:1591	have processed broadcast	{"{round 20 3  <nil>}": {"Key":"from","Type":15,"Integer":0,"String":"g","Interface":null}}
2025-08-15T22:12:58.746-0500	DEBUG	protocol/handler.go:1649	have all messages and processed	{"{round 20 3  <nil>}": {"Key":"self","Type":15,"Integer":0,"String":"a","Interface":null}}
2025-08-15T22:12:58.746-0500	DEBUG	protocol/handler.go:596	round already finalized
2025-08-15T22:12:58.745-0500	DEBUG	protocol/handler.go:1591	have processed broadcast	{"{round 20 3  <nil>}": {"Key":"from","Type":15,"Integer":0,"String":"e","Interface":null}}
2025-08-15T22:12:58.746-0500	DEBUG	protocol/handler.go:1591	have processed broadcast	{"{round 20 3  <nil>}": {"Key":"from","Type":15,"Integer":0,"String":"f","Interface":null}}
2025-08-15T22:12:58.746-0500	DEBUG	protocol/handler.go:1591	have processed broadcast	{"{round 20 3  <nil>}": {"Key":"from","Type":15,"Integer":0,"String":"g","Interface":null}}
2025-08-15T22:12:58.747-0500	DEBUG	protocol/handler.go:1649	have all messages and processed	{"{round 20 3  <nil>}": {"Key":"self","Type":15,"Integer":0,"String":"b","Interface":null}}
2025-08-15T22:12:58.747-0500	DEBUG	protocol/handler.go:596	round already finalized
2025-08-15T22:12:58.747-0500	DEBUG	protocol/handler.go:581	tryAdvanceRound called	{"{current_round 20 3  <nil>}": {"Key":"self","Type":15,"Integer":0,"String":"b","Interface":null}}
2025-08-15T22:12:58.747-0500	DEBUG	protocol/handler.go:581	tryAdvanceRound called	{"{current_round 20 3  <nil>}": {"Key":"self","Type":15,"Integer":0,"String":"g","Interface":null}}
2025-08-15T22:12:58.747-0500	DEBUG	protocol/handler.go:1591	have processed broadcast	{"{round 20 3  <nil>}": {"Key":"from","Type":15,"Integer":0,"String":"a","Interface":null}}
2025-08-15T22:12:58.747-0500	DEBUG	protocol/handler.go:1591	have processed broadcast	{"{round 20 3  <nil>}": {"Key":"from","Type":15,"Integer":0,"String":"c","Interface":null}}
2025-08-15T22:12:58.747-0500	DEBUG	protocol/handler.go:1591	have processed broadcast	{"{round 20 3  <nil>}": {"Key":"from","Type":15,"Integer":0,"String":"d","Interface":null}}
2025-08-15T22:12:58.747-0500	DEBUG	protocol/handler.go:1591	have processed broadcast	{"{round 20 3  <nil>}": {"Key":"from","Type":15,"Integer":0,"String":"e","Interface":null}}
2025-08-15T22:12:58.747-0500	DEBUG	protocol/handler.go:1591	have processed broadcast	{"{round 20 3  <nil>}": {"Key":"from","Type":15,"Integer":0,"String":"f","Interface":null}}
2025-08-15T22:12:58.747-0500	INFO	protocol/handler.go:787	protocol completed successfully
2025-08-15T22:12:58.747-0500	DEBUG	protocol/handler.go:1591	have processed broadcast	{"{round 20 3  <nil>}": {"Key":"from","Type":15,"Integer":0,"String":"a","Interface":null}}
2025-08-15T22:12:58.747-0500	DEBUG	protocol/handler.go:1591	have processed broadcast	{"{round 20 3  <nil>}": {"Key":"from","Type":15,"Integer":0,"String":"g","Interface":null}}
2025-08-15T22:12:58.747-0500	DEBUG	protocol/handler.go:1591	have processed broadcast	{"{round 20 3  <nil>}": {"Key":"from","Type":15,"Integer":0,"String":"b","Interface":null}}
2025-08-15T22:12:58.747-0500	DEBUG	protocol/handler.go:1649	have all messages and processed	{"{round 20 3  <nil>}": {"Key":"self","Type":15,"Integer":0,"String":"b","Interface":null}}
2025-08-15T22:12:58.747-0500	DEBUG	protocol/handler.go:596	round already finalized
2025-08-15T22:12:58.747-0500	DEBUG	protocol/handler.go:1591	have processed broadcast	{"{round 20 3  <nil>}": {"Key":"from","Type":15,"Integer":0,"String":"c","Interface":null}}
2025-08-15T22:12:58.747-0500	DEBUG	protocol/handler.go:1591	have processed broadcast	{"{round 20 3  <nil>}": {"Key":"from","Type":15,"Integer":0,"String":"d","Interface":null}}
2025-08-15T22:12:58.748-0500	DEBUG	protocol/handler.go:1591	have processed broadcast	{"{round 20 3  <nil>}": {"Key":"from","Type":15,"Integer":0,"String":"e","Interface":null}}
2025-08-15T22:12:58.748-0500	DEBUG	protocol/handler.go:1591	have processed broadcast	{"{round 20 3  <nil>}": {"Key":"from","Type":15,"Integer":0,"String":"f","Interface":null}}
2025-08-15T22:12:58.748-0500	DEBUG	protocol/handler.go:1635	waiting for messages	{"{round 20 3  <nil>}": {"Key":"missing","Type":15,"Integer":0,"String":"[c]","Interface":null}}
2025-08-15T22:12:58.751-0500	DEBUG	protocol/handler.go:1591	have processed broadcast	{"{round 20 3  <nil>}": {"Key":"from","Type":15,"Integer":0,"String":"a","Interface":null}}
2025-08-15T22:12:58.751-0500	DEBUG	protocol/handler.go:1591	have processed broadcast	{"{round 20 3  <nil>}": {"Key":"from","Type":15,"Integer":0,"String":"b","Interface":null}}
2025-08-15T22:12:58.751-0500	DEBUG	protocol/handler.go:1591	have processed broadcast	{"{round 20 3  <nil>}": {"Key":"from","Type":15,"Integer":0,"String":"c","Interface":null}}
2025-08-15T22:12:58.751-0500	DEBUG	protocol/handler.go:1591	have processed broadcast	{"{round 20 3  <nil>}": {"Key":"from","Type":15,"Integer":0,"String":"e","Interface":null}}
2025-08-15T22:12:58.751-0500	DEBUG	protocol/handler.go:1591	have processed broadcast	{"{round 20 3  <nil>}": {"Key":"from","Type":15,"Integer":0,"String":"f","Interface":null}}
2025-08-15T22:12:58.751-0500	DEBUG	protocol/handler.go:1591	have processed broadcast	{"{round 20 3  <nil>}": {"Key":"from","Type":15,"Integer":0,"String":"g","Interface":null}}
2025-08-15T22:12:58.751-0500	DEBUG	protocol/handler.go:1649	have all messages and processed	{"{round 20 3  <nil>}": {"Key":"self","Type":15,"Integer":0,"String":"d","Interface":null}}
2025-08-15T22:12:58.751-0500	DEBUG	protocol/handler.go:619	finalizing round
2025-08-15T22:12:58.752-0500	DEBUG	protocol/handler.go:1591	have processed broadcast	{"{round 20 3  <nil>}": {"Key":"from","Type":15,"Integer":0,"String":"a","Interface":null}}
2025-08-15T22:12:58.752-0500	DEBUG	protocol/handler.go:1591	have processed broadcast	{"{round 20 3  <nil>}": {"Key":"from","Type":15,"Integer":0,"String":"b","Interface":null}}
2025-08-15T22:12:58.752-0500	DEBUG	protocol/handler.go:1591	have processed broadcast	{"{round 20 3  <nil>}": {"Key":"from","Type":15,"Integer":0,"String":"c","Interface":null}}
2025-08-15T22:12:58.752-0500	DEBUG	protocol/handler.go:1591	have processed broadcast	{"{round 20 3  <nil>}": {"Key":"from","Type":15,"Integer":0,"String":"e","Interface":null}}
2025-08-15T22:12:58.752-0500	DEBUG	protocol/handler.go:1591	have processed broadcast	{"{round 20 3  <nil>}": {"Key":"from","Type":15,"Integer":0,"String":"f","Interface":null}}
2025-08-15T22:12:58.752-0500	DEBUG	protocol/handler.go:1591	have processed broadcast	{"{round 20 3  <nil>}": {"Key":"from","Type":15,"Integer":0,"String":"g","Interface":null}}
2025-08-15T22:12:58.752-0500	DEBUG	protocol/handler.go:1649	have all messages and processed	{"{round 20 3  <nil>}": {"Key":"self","Type":15,"Integer":0,"String":"d","Interface":null}}
2025-08-15T22:12:58.752-0500	DEBUG	protocol/handler.go:596	round already finalized
2025-08-15T22:12:58.752-0500	DEBUG	protocol/handler.go:1591	have processed broadcast	{"{round 20 3  <nil>}": {"Key":"from","Type":15,"Integer":0,"String":"a","Interface":null}}
2025-08-15T22:12:58.752-0500	DEBUG	protocol/handler.go:1591	have processed broadcast	{"{round 20 3  <nil>}": {"Key":"from","Type":15,"Integer":0,"String":"b","Interface":null}}
2025-08-15T22:12:58.752-0500	DEBUG	protocol/handler.go:1591	have processed broadcast	{"{round 20 3  <nil>}": {"Key":"from","Type":15,"Integer":0,"String":"c","Interface":null}}
2025-08-15T22:12:58.752-0500	DEBUG	protocol/handler.go:1591	have processed broadcast	{"{round 20 3  <nil>}": {"Key":"from","Type":15,"Integer":0,"String":"e","Interface":null}}
2025-08-15T22:12:58.752-0500	DEBUG	protocol/handler.go:1591	have processed broadcast	{"{round 20 3  <nil>}": {"Key":"from","Type":15,"Integer":0,"String":"f","Interface":null}}
2025-08-15T22:12:58.753-0500	DEBUG	protocol/handler.go:1591	have processed broadcast	{"{round 20 3  <nil>}": {"Key":"from","Type":15,"Integer":0,"String":"g","Interface":null}}
2025-08-15T22:12:58.753-0500	DEBUG	protocol/handler.go:1649	have all messages and processed	{"{round 20 3  <nil>}": {"Key":"self","Type":15,"Integer":0,"String":"d","Interface":null}}
2025-08-15T22:12:58.753-0500	DEBUG	protocol/handler.go:596	round already finalized
2025-08-15T22:12:58.689-0500	DEBUG	protocol/handler.go:1081	sent message to output channel	{"{from 15 0 c <nil>}": {"Key":"to","Type":15,"Integer":0,"String":"d","Interface":null}, "{round 20 3  <nil>}": {"Key":"broadcast","Type":4,"Integer":0,"String":"","Interface":null}}
2025-08-15T22:12:58.753-0500	DEBUG	protocol/handler.go:1039	sendRoundMessage	{"{from 15 0 c <nil>}": {"Key":"to","Type":15,"Integer":0,"String":"e","Interface":null}, "{round 20 3  <nil>}": {"Key":"broadcast","Type":4,"Integer":0,"String":"","Interface":null}}
2025-08-15T22:12:58.753-0500	DEBUG	protocol/handler.go:1081	sent message to output channel	{"{from 15 0 c <nil>}": {"Key":"to","Type":15,"Integer":0,"String":"e","Interface":null}, "{round 20 3  <nil>}": {"Key":"broadcast","Type":4,"Integer":0,"String":"","Interface":null}}
2025-08-15T22:12:58.753-0500	DEBUG	protocol/handler.go:1039	sendRoundMessage	{"{from 15 0 c <nil>}": {"Key":"to","Type":15,"Integer":0,"String":"f","Interface":null}, "{round 20 3  <nil>}": {"Key":"broadcast","Type":4,"Integer":0,"String":"","Interface":null}}
2025-08-15T22:12:58.753-0500	DEBUG	protocol/handler.go:1591	have processed broadcast	{"{round 20 3  <nil>}": {"Key":"from","Type":15,"Integer":0,"String":"a","Interface":null}}
2025-08-15T22:12:58.753-0500	DEBUG	protocol/handler.go:1081	sent message to output channel	{"{from 15 0 c <nil>}": {"Key":"to","Type":15,"Integer":0,"String":"f","Interface":null}, "{round 20 3  <nil>}": {"Key":"broadcast","Type":4,"Integer":0,"String":"","Interface":null}}
2025-08-15T22:12:58.753-0500	DEBUG	protocol/handler.go:1591	have processed broadcast	{"{round 20 3  <nil>}": {"Key":"from","Type":15,"Integer":0,"String":"b","Interface":null}}
2025-08-15T22:12:58.753-0500	DEBUG	protocol/handler.go:1039	sendRoundMessage	{"{from 15 0 c <nil>}": {"Key":"to","Type":15,"Integer":0,"String":"g","Interface":null}, "{round 20 3  <nil>}": {"Key":"broadcast","Type":4,"Integer":0,"String":"","Interface":null}}
2025-08-15T22:12:58.753-0500	DEBUG	protocol/handler.go:1591	have processed broadcast	{"{round 20 3  <nil>}": {"Key":"from","Type":15,"Integer":0,"String":"c","Interface":null}}
2025-08-15T22:12:58.753-0500	DEBUG	protocol/handler.go:1081	sent message to output channel	{"{from 15 0 c <nil>}": {"Key":"to","Type":15,"Integer":0,"String":"g","Interface":null}, "{round 20 3  <nil>}": {"Key":"broadcast","Type":4,"Integer":0,"String":"","Interface":null}}
2025-08-15T22:12:58.753-0500	DEBUG	protocol/handler.go:1591	have processed broadcast	{"{round 20 3  <nil>}": {"Key":"from","Type":15,"Integer":0,"String":"e","Interface":null}}
2025-08-15T22:12:58.753-0500	DEBUG	protocol/handler.go:1182	finalized round messages	{"{round 20 2  <nil>}": {"Key":"messages","Type":11,"Integer":7,"String":"","Interface":null}}
2025-08-15T22:12:58.753-0500	DEBUG	protocol/handler.go:1591	have processed broadcast	{"{round 20 3  <nil>}": {"Key":"from","Type":15,"Integer":0,"String":"f","Interface":null}}
2025-08-15T22:12:58.753-0500	DEBUG	protocol/handler.go:1239	finalize returned next round	{"{current 20 2  <nil>}": {"Key":"next","Type":20,"Integer":3,"String":"","Interface":null}}
2025-08-15T22:12:58.753-0500	DEBUG	protocol/handler.go:1591	have processed broadcast	{"{round 20 3  <nil>}": {"Key":"from","Type":15,"Integer":0,"String":"g","Interface":null}}
2025-08-15T22:12:58.753-0500	INFO	protocol/handler.go:642	storing new currentRound	{"{from 20 2  <nil>}": {"Key":"to","Type":20,"Integer":3,"String":"","Interface":null}}
2025-08-15T22:12:58.753-0500	DEBUG	protocol/handler.go:1503	processing queued messages
2025-08-15T22:12:58.753-0500	DEBUG	protocol/handler.go:1649	have all messages and processed	{"{round 20 3  <nil>}": {"Key":"self","Type":15,"Integer":0,"String":"d","Interface":null}}
2025-08-15T22:12:58.753-0500	DEBUG	protocol/handler.go:596	round already finalized
2025-08-15T22:12:58.753-0500	DEBUG	protocol/handler.go:1503	processing queued messages
2025-08-15T22:12:58.753-0500	DEBUG	protocol/handler.go:432	processMessage: p2p round 3 START	{"{from 15 0 c <nil>}": {"Key":"to","Type":15,"Integer":0,"String":"g","Interface":null}}
2025-08-15T22:12:58.753-0500	DEBUG	protocol/handler.go:437	processing message	{"{from 15 0 c <nil>}": {"Key":"to","Type":15,"Integer":0,"String":"g","Interface":null}, "{round 20 3  <nil>}": {"Key":"broadcast","Type":4,"Integer":0,"String":"","Interface":null}}
2025-08-15T22:12:58.753-0500	DEBUG	protocol/handler.go:1662	storing message	{"{round 20 3  <nil>}": {"Key":"from","Type":15,"Integer":0,"String":"c","Interface":null}}
2025-08-15T22:12:58.755-0500	DEBUG	protocol/handler.go:581	tryAdvanceRound called	{"{current_round 20 3  <nil>}": {"Key":"self","Type":15,"Integer":0,"String":"g","Interface":null}}
2025-08-15T22:12:58.756-0500	DEBUG	protocol/handler.go:1591	have processed broadcast	{"{round 20 3  <nil>}": {"Key":"from","Type":15,"Integer":0,"String":"a","Interface":null}}
2025-08-15T22:12:58.756-0500	DEBUG	protocol/handler.go:1591	have processed broadcast	{"{round 20 3  <nil>}": {"Key":"from","Type":15,"Integer":0,"String":"b","Interface":null}}
2025-08-15T22:12:58.756-0500	DEBUG	protocol/handler.go:1591	have processed broadcast	{"{round 20 3  <nil>}": {"Key":"from","Type":15,"Integer":0,"String":"c","Interface":null}}
2025-08-15T22:12:58.756-0500	DEBUG	protocol/handler.go:1591	have processed broadcast	{"{round 20 3  <nil>}": {"Key":"from","Type":15,"Integer":0,"String":"d","Interface":null}}
2025-08-15T22:12:58.756-0500	DEBUG	protocol/handler.go:1591	have processed broadcast	{"{round 20 3  <nil>}": {"Key":"from","Type":15,"Integer":0,"String":"e","Interface":null}}
2025-08-15T22:12:58.756-0500	DEBUG	protocol/handler.go:1591	have processed broadcast	{"{round 20 3  <nil>}": {"Key":"from","Type":15,"Integer":0,"String":"f","Interface":null}}
2025-08-15T22:12:58.756-0500	DEBUG	protocol/handler.go:1649	have all messages and processed	{"{round 20 3  <nil>}": {"Key":"self","Type":15,"Integer":0,"String":"g","Interface":null}}
2025-08-15T22:12:58.756-0500	DEBUG	protocol/handler.go:619	finalizing round
2025-08-15T22:12:58.756-0500	DEBUG	protocol/handler.go:581	tryAdvanceRound called	{"{current_round 20 3  <nil>}": {"Key":"self","Type":15,"Integer":0,"String":"b","Interface":null}}
2025-08-15T22:12:58.756-0500	DEBUG	protocol/handler.go:1591	have processed broadcast	{"{round 20 3  <nil>}": {"Key":"from","Type":15,"Integer":0,"String":"a","Interface":null}}
2025-08-15T22:12:58.756-0500	DEBUG	protocol/handler.go:1591	have processed broadcast	{"{round 20 3  <nil>}": {"Key":"from","Type":15,"Integer":0,"String":"c","Interface":null}}
2025-08-15T22:12:58.756-0500	DEBUG	protocol/handler.go:1600	waiting for broadcasts	{"{round 20 3  <nil>}": {"Key":"missing","Type":15,"Integer":0,"String":"[c d f]","Interface":null}}
2025-08-15T22:12:58.756-0500	DEBUG	protocol/handler.go:1591	have processed broadcast	{"{round 20 3  <nil>}": {"Key":"from","Type":15,"Integer":0,"String":"d","Interface":null}}
2025-08-15T22:12:58.756-0500	DEBUG	protocol/handler.go:581	tryAdvanceRound called	{"{current_round 20 3  <nil>}": {"Key":"self","Type":15,"Integer":0,"String":"e","Interface":null}}
2025-08-15T22:12:58.756-0500	DEBUG	protocol/handler.go:1591	have processed broadcast	{"{round 20 3  <nil>}": {"Key":"from","Type":15,"Integer":0,"String":"e","Interface":null}}
2025-08-15T22:12:58.756-0500	DEBUG	protocol/handler.go:1591	have processed broadcast	{"{round 20 3  <nil>}": {"Key":"from","Type":15,"Integer":0,"String":"f","Interface":null}}
2025-08-15T22:12:58.756-0500	DEBUG	protocol/handler.go:1591	have processed broadcast	{"{round 20 3  <nil>}": {"Key":"from","Type":15,"Integer":0,"String":"a","Interface":null}}
2025-08-15T22:12:58.756-0500	DEBUG	protocol/handler.go:1591	have processed broadcast	{"{round 20 3  <nil>}": {"Key":"from","Type":15,"Integer":0,"String":"g","Interface":null}}
2025-08-15T22:12:58.756-0500	DEBUG	protocol/handler.go:1591	have processed broadcast	{"{round 20 3  <nil>}": {"Key":"from","Type":15,"Integer":0,"String":"b","Interface":null}}
2025-08-15T22:12:58.756-0500	DEBUG	protocol/handler.go:1649	have all messages and processed	{"{round 20 3  <nil>}": {"Key":"self","Type":15,"Integer":0,"String":"b","Interface":null}}
2025-08-15T22:12:58.756-0500	DEBUG	protocol/handler.go:1591	have processed broadcast	{"{round 20 3  <nil>}": {"Key":"from","Type":15,"Integer":0,"String":"c","Interface":null}}
2025-08-15T22:12:58.756-0500	DEBUG	protocol/handler.go:596	round already finalized
2025-08-15T22:12:58.756-0500	DEBUG	protocol/handler.go:1591	have processed broadcast	{"{round 20 3  <nil>}": {"Key":"from","Type":15,"Integer":0,"String":"d","Interface":null}}
2025-08-15T22:12:58.756-0500	DEBUG	protocol/handler.go:432	processMessage: p2p round 3 START	{"{from 15 0 c <nil>}": {"Key":"to","Type":15,"Integer":0,"String":"e","Interface":null}}
2025-08-15T22:12:58.756-0500	DEBUG	protocol/handler.go:1591	have processed broadcast	{"{round 20 3  <nil>}": {"Key":"from","Type":15,"Integer":0,"String":"f","Interface":null}}
2025-08-15T22:12:58.756-0500	DEBUG	protocol/handler.go:437	processing message	{"{from 15 0 c <nil>}": {"Key":"to","Type":15,"Integer":0,"String":"e","Interface":null}, "{round 20 3  <nil>}": {"Key":"broadcast","Type":4,"Integer":0,"String":"","Interface":null}}
2025-08-15T22:12:58.756-0500	DEBUG	protocol/handler.go:1591	have processed broadcast	{"{round 20 3  <nil>}": {"Key":"from","Type":15,"Integer":0,"String":"g","Interface":null}}
2025-08-15T22:12:58.757-0500	DEBUG	protocol/handler.go:1662	storing message	{"{round 20 3  <nil>}": {"Key":"from","Type":15,"Integer":0,"String":"c","Interface":null}}
2025-08-15T22:12:58.757-0500	DEBUG	protocol/handler.go:1635	waiting for messages	{"{round 20 3  <nil>}": {"Key":"missing","Type":15,"Integer":0,"String":"[c]","Interface":null}}
2025-08-15T22:12:58.757-0500	DEBUG	protocol/handler.go:581	tryAdvanceRound called	{"{current_round 20 3  <nil>}": {"Key":"self","Type":15,"Integer":0,"String":"e","Interface":null}}
2025-08-15T22:12:58.757-0500	DEBUG	protocol/handler.go:1591	have processed broadcast	{"{round 20 3  <nil>}": {"Key":"from","Type":15,"Integer":0,"String":"a","Interface":null}}
2025-08-15T22:12:58.739-0500	DEBUG	protocol/handler.go:1503	processing queued messages
2025-08-15T22:12:58.757-0500	DEBUG	protocol/handler.go:1591	have processed broadcast	{"{round 20 3  <nil>}": {"Key":"from","Type":15,"Integer":0,"String":"b","Interface":null}}
2025-08-15T22:12:58.757-0500	DEBUG	protocol/handler.go:1591	have processed broadcast	{"{round 20 3  <nil>}": {"Key":"from","Type":15,"Integer":0,"String":"c","Interface":null}}
2025-08-15T22:12:58.757-0500	DEBUG	protocol/handler.go:1591	have processed broadcast	{"{round 20 3  <nil>}": {"Key":"from","Type":15,"Integer":0,"String":"e","Interface":null}}
2025-08-15T22:12:58.757-0500	DEBUG	protocol/handler.go:1591	have processed broadcast	{"{round 20 3  <nil>}": {"Key":"from","Type":15,"Integer":0,"String":"f","Interface":null}}
2025-08-15T22:12:58.757-0500	DEBUG	protocol/handler.go:1591	have processed broadcast	{"{round 20 3  <nil>}": {"Key":"from","Type":15,"Integer":0,"String":"g","Interface":null}}
2025-08-15T22:12:58.757-0500	DEBUG	protocol/handler.go:1649	have all messages and processed	{"{round 20 3  <nil>}": {"Key":"self","Type":15,"Integer":0,"String":"d","Interface":null}}
2025-08-15T22:12:58.757-0500	DEBUG	protocol/handler.go:596	round already finalized
2025-08-15T22:12:58.757-0500	DEBUG	protocol/handler.go:432	processMessage: p2p round 3 START	{"{from 15 0 c <nil>}": {"Key":"to","Type":15,"Integer":0,"String":"f","Interface":null}}
2025-08-15T22:12:58.758-0500	DEBUG	protocol/handler.go:437	processing message	{"{from 15 0 c <nil>}": {"Key":"to","Type":15,"Integer":0,"String":"f","Interface":null}, "{round 20 3  <nil>}": {"Key":"broadcast","Type":4,"Integer":0,"String":"","Interface":null}}
2025-08-15T22:12:58.758-0500	DEBUG	protocol/handler.go:1662	storing message	{"{round 20 3  <nil>}": {"Key":"from","Type":15,"Integer":0,"String":"c","Interface":null}}
2025-08-15T22:12:58.759-0500	DEBUG	protocol/handler.go:1591	have processed broadcast	{"{round 20 3  <nil>}": {"Key":"from","Type":15,"Integer":0,"String":"a","Interface":null}}
2025-08-15T22:12:58.759-0500	DEBUG	protocol/handler.go:1591	have processed broadcast	{"{round 20 3  <nil>}": {"Key":"from","Type":15,"Integer":0,"String":"b","Interface":null}}
2025-08-15T22:12:58.759-0500	DEBUG	protocol/handler.go:1591	have processed broadcast	{"{round 20 3  <nil>}": {"Key":"from","Type":15,"Integer":0,"String":"c","Interface":null}}
2025-08-15T22:12:58.759-0500	DEBUG	protocol/handler.go:1591	have processed broadcast	{"{round 20 3  <nil>}": {"Key":"from","Type":15,"Integer":0,"String":"d","Interface":null}}
2025-08-15T22:12:58.759-0500	DEBUG	protocol/handler.go:1591	have processed broadcast	{"{round 20 3  <nil>}": {"Key":"from","Type":15,"Integer":0,"String":"f","Interface":null}}
2025-08-15T22:12:58.759-0500	DEBUG	protocol/handler.go:1591	have processed broadcast	{"{round 20 3  <nil>}": {"Key":"from","Type":15,"Integer":0,"String":"g","Interface":null}}
2025-08-15T22:12:58.759-0500	DEBUG	protocol/handler.go:1649	have all messages and processed	{"{round 20 3  <nil>}": {"Key":"self","Type":15,"Integer":0,"String":"e","Interface":null}}
2025-08-15T22:12:58.759-0500	DEBUG	protocol/handler.go:619	finalizing round
2025-08-15T22:12:58.760-0500	DEBUG	protocol/handler.go:1591	have processed broadcast	{"{round 20 3  <nil>}": {"Key":"from","Type":15,"Integer":0,"String":"a","Interface":null}}
2025-08-15T22:12:58.760-0500	DEBUG	protocol/handler.go:1182	finalized round messages	{"{round 20 3  <nil>}": {"Key":"messages","Type":11,"Integer":0,"String":"","Interface":null}}
2025-08-15T22:12:58.760-0500	DEBUG	protocol/handler.go:1591	have processed broadcast	{"{round 20 3  <nil>}": {"Key":"from","Type":15,"Integer":0,"String":"b","Interface":null}}
2025-08-15T22:12:58.760-0500	INFO	protocol/handler.go:1211	protocol completed	{"{self 15 0 d <nil>}": {"Key":"final_round","Type":20,"Integer":3,"String":"","Interface":null}}
2025-08-15T22:12:58.760-0500	DEBUG	protocol/handler.go:1591	have processed broadcast	{"{round 20 3  <nil>}": {"Key":"from","Type":15,"Integer":0,"String":"c","Interface":null}}
2025-08-15T22:12:58.765-0500	DEBUG	protocol/handler.go:1591	have processed broadcast	{"{round 20 3  <nil>}": {"Key":"from","Type":15,"Integer":0,"String":"d","Interface":null}}
2025-08-15T22:12:58.766-0500	DEBUG	protocol/handler.go:1591	have processed broadcast	{"{round 20 3  <nil>}": {"Key":"from","Type":15,"Integer":0,"String":"e","Interface":null}}
2025-08-15T22:12:58.766-0500	DEBUG	protocol/handler.go:1591	have processed broadcast	{"{round 20 3  <nil>}": {"Key":"from","Type":15,"Integer":0,"String":"f","Interface":null}}
2025-08-15T22:12:58.766-0500	DEBUG	protocol/handler.go:1649	have all messages and processed	{"{round 20 3  <nil>}": {"Key":"self","Type":15,"Integer":0,"String":"g","Interface":null}}
2025-08-15T22:12:58.766-0500	DEBUG	protocol/handler.go:596	round already finalized
2025-08-15T22:12:58.766-0500	DEBUG	protocol/handler.go:403	worker stopping
2025-08-15T22:12:58.760-0500	DEBUG	protocol/handler.go:581	tryAdvanceRound called	{"{current_round 20 3  <nil>}": {"Key":"self","Type":15,"Integer":0,"String":"e","Interface":null}}
2025-08-15T22:12:58.767-0500	DEBUG	protocol/handler.go:1591	have processed broadcast	{"{round 20 3  <nil>}": {"Key":"from","Type":15,"Integer":0,"String":"a","Interface":null}}
2025-08-15T22:12:58.767-0500	DEBUG	protocol/handler.go:1591	have processed broadcast	{"{round 20 3  <nil>}": {"Key":"from","Type":15,"Integer":0,"String":"b","Interface":null}}
2025-08-15T22:12:58.767-0500	DEBUG	protocol/handler.go:1591	have processed broadcast	{"{round 20 3  <nil>}": {"Key":"from","Type":15,"Integer":0,"String":"c","Interface":null}}
2025-08-15T22:12:58.767-0500	DEBUG	protocol/handler.go:1591	have processed broadcast	{"{round 20 3  <nil>}": {"Key":"from","Type":15,"Integer":0,"String":"d","Interface":null}}
2025-08-15T22:12:58.767-0500	DEBUG	protocol/handler.go:1591	have processed broadcast	{"{round 20 3  <nil>}": {"Key":"from","Type":15,"Integer":0,"String":"f","Interface":null}}
2025-08-15T22:12:58.767-0500	DEBUG	protocol/handler.go:1591	have processed broadcast	{"{round 20 3  <nil>}": {"Key":"from","Type":15,"Integer":0,"String":"g","Interface":null}}
2025-08-15T22:12:58.767-0500	DEBUG	protocol/handler.go:1649	have all messages and processed	{"{round 20 3  <nil>}": {"Key":"self","Type":15,"Integer":0,"String":"e","Interface":null}}
2025-08-15T22:12:58.767-0500	DEBUG	protocol/handler.go:596	round already finalized
2025-08-15T22:12:58.760-0500	DEBUG	protocol/handler.go:581	tryAdvanceRound called	{"{current_round 20 3  <nil>}": {"Key":"self","Type":15,"Integer":0,"String":"f","Interface":null}}
2025-08-15T22:12:58.768-0500	DEBUG	protocol/handler.go:403	worker stopping
2025-08-15T22:12:58.768-0500	DEBUG	protocol/handler.go:403	worker stopping
2025-08-15T22:12:58.768-0500	DEBUG	protocol/handler.go:403	worker stopping
2025-08-15T22:12:58.768-0500	DEBUG	protocol/handler.go:403	worker stopping
2025-08-15T22:12:58.768-0500	DEBUG	protocol/handler.go:403	worker stopping
2025-08-15T22:12:58.768-0500	DEBUG	protocol/handler.go:403	worker stopping
2025-08-15T22:12:58.768-0500	DEBUG	protocol/handler.go:403	worker stopping
2025-08-15T22:12:58.760-0500	INFO	protocol/handler.go:560	advanced to round
2025-08-15T22:12:58.768-0500	DEBUG	protocol/handler.go:581	tryAdvanceRound called	{"{current_round 20 3  <nil>}": {"Key":"self","Type":15,"Integer":0,"String":"c","Interface":null}}
2025-08-15T22:12:58.760-0500	DEBUG	protocol/handler.go:581	tryAdvanceRound called	{"{current_round 20 3  <nil>}": {"Key":"self","Type":15,"Integer":0,"String":"g","Interface":null}}
2025-08-15T22:12:58.769-0500	DEBUG	protocol/handler.go:1591	have processed broadcast	{"{round 20 3  <nil>}": {"Key":"from","Type":15,"Integer":0,"String":"a","Interface":null}}
2025-08-15T22:12:58.769-0500	DEBUG	protocol/handler.go:1591	have processed broadcast	{"{round 20 3  <nil>}": {"Key":"from","Type":15,"Integer":0,"String":"b","Interface":null}}
2025-08-15T22:12:58.769-0500	DEBUG	protocol/handler.go:1591	have processed broadcast	{"{round 20 3  <nil>}": {"Key":"from","Type":15,"Integer":0,"String":"c","Interface":null}}
2025-08-15T22:12:58.769-0500	DEBUG	protocol/handler.go:1591	have processed broadcast	{"{round 20 3  <nil>}": {"Key":"from","Type":15,"Integer":0,"String":"d","Interface":null}}
2025-08-15T22:12:58.770-0500	DEBUG	protocol/handler.go:1591	have processed broadcast	{"{round 20 3  <nil>}": {"Key":"from","Type":15,"Integer":0,"String":"e","Interface":null}}
2025-08-15T22:12:58.770-0500	DEBUG	protocol/handler.go:1591	have processed broadcast	{"{round 20 3  <nil>}": {"Key":"from","Type":15,"Integer":0,"String":"f","Interface":null}}
2025-08-15T22:12:58.770-0500	DEBUG	protocol/handler.go:1649	have all messages and processed	{"{round 20 3  <nil>}": {"Key":"self","Type":15,"Integer":0,"String":"g","Interface":null}}
2025-08-15T22:12:58.770-0500	DEBUG	protocol/handler.go:596	round already finalized
2025-08-15T22:12:58.770-0500	DEBUG	protocol/handler.go:581	tryAdvanceRound called	{"{current_round 20 3  <nil>}": {"Key":"self","Type":15,"Integer":0,"String":"g","Interface":null}}
2025-08-15T22:12:58.770-0500	DEBUG	protocol/handler.go:1591	have processed broadcast	{"{round 20 3  <nil>}": {"Key":"from","Type":15,"Integer":0,"String":"a","Interface":null}}
2025-08-15T22:12:58.770-0500	DEBUG	protocol/handler.go:1591	have processed broadcast	{"{round 20 3  <nil>}": {"Key":"from","Type":15,"Integer":0,"String":"b","Interface":null}}
2025-08-15T22:12:58.770-0500	DEBUG	protocol/handler.go:1591	have processed broadcast	{"{round 20 3  <nil>}": {"Key":"from","Type":15,"Integer":0,"String":"c","Interface":null}}
2025-08-15T22:12:58.770-0500	DEBUG	protocol/handler.go:1591	have processed broadcast	{"{round 20 3  <nil>}": {"Key":"from","Type":15,"Integer":0,"String":"d","Interface":null}}
2025-08-15T22:12:58.770-0500	DEBUG	protocol/handler.go:1591	have processed broadcast	{"{round 20 3  <nil>}": {"Key":"from","Type":15,"Integer":0,"String":"e","Interface":null}}
2025-08-15T22:12:58.770-0500	DEBUG	protocol/handler.go:1591	have processed broadcast	{"{round 20 3  <nil>}": {"Key":"from","Type":15,"Integer":0,"String":"f","Interface":null}}
2025-08-15T22:12:58.770-0500	DEBUG	protocol/handler.go:1649	have all messages and processed	{"{round 20 3  <nil>}": {"Key":"self","Type":15,"Integer":0,"String":"g","Interface":null}}
2025-08-15T22:12:58.770-0500	DEBUG	protocol/handler.go:596	round already finalized
2025-08-15T22:12:58.764-0500	INFO	protocol/handler.go:787	protocol completed successfully
2025-08-15T22:12:58.764-0500	DEBUG	protocol/handler.go:1182	finalized round messages	{"{round 20 3  <nil>}": {"Key":"messages","Type":11,"Integer":0,"String":"","Interface":null}}
2025-08-15T22:12:58.770-0500	INFO	protocol/handler.go:1211	protocol completed	{"{self 15 0 b <nil>}": {"Key":"final_round","Type":20,"Integer":3,"String":"","Interface":null}}
2025-08-15T22:12:58.770-0500	DEBUG	protocol/handler.go:624	finalizeRound returned nil
2025-08-15T22:12:58.764-0500	DEBUG	protocol/handler.go:581	tryAdvanceRound called	{"{current_round 20 3  <nil>}": {"Key":"self","Type":15,"Integer":0,"String":"b","Interface":null}}
2025-08-15T22:12:58.770-0500	DEBUG	protocol/handler.go:1591	have processed broadcast	{"{round 20 3  <nil>}": {"Key":"from","Type":15,"Integer":0,"String":"a","Interface":null}}
2025-08-15T22:12:58.770-0500	DEBUG	protocol/handler.go:1591	have processed broadcast	{"{round 20 3  <nil>}": {"Key":"from","Type":15,"Integer":0,"String":"c","Interface":null}}
2025-08-15T22:12:58.770-0500	DEBUG	protocol/handler.go:1591	have processed broadcast	{"{round 20 3  <nil>}": {"Key":"from","Type":15,"Integer":0,"String":"d","Interface":null}}
2025-08-15T22:12:58.770-0500	DEBUG	protocol/handler.go:1591	have processed broadcast	{"{round 20 3  <nil>}": {"Key":"from","Type":15,"Integer":0,"String":"e","Interface":null}}
2025-08-15T22:12:58.770-0500	DEBUG	protocol/handler.go:1591	have processed broadcast	{"{round 20 3  <nil>}": {"Key":"from","Type":15,"Integer":0,"String":"f","Interface":null}}
2025-08-15T22:12:58.771-0500	DEBUG	protocol/handler.go:1591	have processed broadcast	{"{round 20 3  <nil>}": {"Key":"from","Type":15,"Integer":0,"String":"g","Interface":null}}
2025-08-15T22:12:58.771-0500	DEBUG	protocol/handler.go:1649	have all messages and processed	{"{round 20 3  <nil>}": {"Key":"self","Type":15,"Integer":0,"String":"b","Interface":null}}
2025-08-15T22:12:58.771-0500	DEBUG	protocol/handler.go:596	round already finalized
2025-08-15T22:12:58.765-0500	DEBUG	protocol/handler.go:624	finalizeRound returned nil
2025-08-15T22:12:58.769-0500	DEBUG	protocol/handler.go:1591	have processed broadcast	{"{round 20 3  <nil>}": {"Key":"from","Type":15,"Integer":0,"String":"a","Interface":null}}
2025-08-15T22:12:58.771-0500	DEBUG	protocol/handler.go:1591	have processed broadcast	{"{round 20 3  <nil>}": {"Key":"from","Type":15,"Integer":0,"String":"b","Interface":null}}
2025-08-15T22:12:58.771-0500	DEBUG	protocol/handler.go:1591	have processed broadcast	{"{round 20 3  <nil>}": {"Key":"from","Type":15,"Integer":0,"String":"c","Interface":null}}
2025-08-15T22:12:58.771-0500	DEBUG	protocol/handler.go:1591	have processed broadcast	{"{round 20 3  <nil>}": {"Key":"from","Type":15,"Integer":0,"String":"d","Interface":null}}
2025-08-15T22:12:58.771-0500	DEBUG	protocol/handler.go:1591	have processed broadcast	{"{round 20 3  <nil>}": {"Key":"from","Type":15,"Integer":0,"String":"e","Interface":null}}
2025-08-15T22:12:58.771-0500	DEBUG	protocol/handler.go:1591	have processed broadcast	{"{round 20 3  <nil>}": {"Key":"from","Type":15,"Integer":0,"String":"g","Interface":null}}
2025-08-15T22:12:58.771-0500	DEBUG	protocol/handler.go:1649	have all messages and processed	{"{round 20 3  <nil>}": {"Key":"self","Type":15,"Integer":0,"String":"f","Interface":null}}
2025-08-15T22:12:58.771-0500	DEBUG	protocol/handler.go:619	finalizing round
2025-08-15T22:12:58.778-0500	DEBUG	protocol/handler.go:581	tryAdvanceRound called	{"{current_round 20 3  <nil>}": {"Key":"self","Type":15,"Integer":0,"String":"f","Interface":null}}
2025-08-15T22:12:58.779-0500	DEBUG	protocol/handler.go:1591	have processed broadcast	{"{round 20 3  <nil>}": {"Key":"from","Type":15,"Integer":0,"String":"a","Interface":null}}
2025-08-15T22:12:58.779-0500	DEBUG	protocol/handler.go:1591	have processed broadcast	{"{round 20 3  <nil>}": {"Key":"from","Type":15,"Integer":0,"String":"b","Interface":null}}
2025-08-15T22:12:58.779-0500	DEBUG	protocol/handler.go:1591	have processed broadcast	{"{round 20 3  <nil>}": {"Key":"from","Type":15,"Integer":0,"String":"c","Interface":null}}
2025-08-15T22:12:58.779-0500	DEBUG	protocol/handler.go:1591	have processed broadcast	{"{round 20 3  <nil>}": {"Key":"from","Type":15,"Integer":0,"String":"d","Interface":null}}
2025-08-15T22:12:58.779-0500	DEBUG	protocol/handler.go:1591	have processed broadcast	{"{round 20 3  <nil>}": {"Key":"from","Type":15,"Integer":0,"String":"e","Interface":null}}
2025-08-15T22:12:58.779-0500	DEBUG	protocol/handler.go:1591	have processed broadcast	{"{round 20 3  <nil>}": {"Key":"from","Type":15,"Integer":0,"String":"g","Interface":null}}
2025-08-15T22:12:58.779-0500	DEBUG	protocol/handler.go:1649	have all messages and processed	{"{round 20 3  <nil>}": {"Key":"self","Type":15,"Integer":0,"String":"f","Interface":null}}
2025-08-15T22:12:58.779-0500	DEBUG	protocol/handler.go:596	round already finalized
2025-08-15T22:12:58.779-0500	DEBUG	protocol/handler.go:1591	have processed broadcast	{"{round 20 3  <nil>}": {"Key":"from","Type":15,"Integer":0,"String":"a","Interface":null}}
2025-08-15T22:12:58.779-0500	DEBUG	protocol/handler.go:581	tryAdvanceRound called	{"{current_round 20 3  <nil>}": {"Key":"self","Type":15,"Integer":0,"String":"g","Interface":null}}
2025-08-15T22:12:58.779-0500	DEBUG	protocol/handler.go:1591	have processed broadcast	{"{round 20 3  <nil>}": {"Key":"from","Type":15,"Integer":0,"String":"b","Interface":null}}
2025-08-15T22:12:58.779-0500	DEBUG	protocol/handler.go:1591	have processed broadcast	{"{round 20 3  <nil>}": {"Key":"from","Type":15,"Integer":0,"String":"d","Interface":null}}
2025-08-15T22:12:58.779-0500	DEBUG	protocol/handler.go:1591	have processed broadcast	{"{round 20 3  <nil>}": {"Key":"from","Type":15,"Integer":0,"String":"a","Interface":null}}
2025-08-15T22:12:58.779-0500	DEBUG	protocol/handler.go:1591	have processed broadcast	{"{round 20 3  <nil>}": {"Key":"from","Type":15,"Integer":0,"String":"e","Interface":null}}
2025-08-15T22:12:58.779-0500	DEBUG	protocol/handler.go:1591	have processed broadcast	{"{round 20 3  <nil>}": {"Key":"from","Type":15,"Integer":0,"String":"b","Interface":null}}
2025-08-15T22:12:58.779-0500	DEBUG	protocol/handler.go:1591	have processed broadcast	{"{round 20 3  <nil>}": {"Key":"from","Type":15,"Integer":0,"String":"f","Interface":null}}
2025-08-15T22:12:58.779-0500	DEBUG	protocol/handler.go:1591	have processed broadcast	{"{round 20 3  <nil>}": {"Key":"from","Type":15,"Integer":0,"String":"c","Interface":null}}
2025-08-15T22:12:58.779-0500	DEBUG	protocol/handler.go:1591	have processed broadcast	{"{round 20 3  <nil>}": {"Key":"from","Type":15,"Integer":0,"String":"g","Interface":null}}
2025-08-15T22:12:58.779-0500	DEBUG	protocol/handler.go:1591	have processed broadcast	{"{round 20 3  <nil>}": {"Key":"from","Type":15,"Integer":0,"String":"d","Interface":null}}
2025-08-15T22:12:58.779-0500	DEBUG	protocol/handler.go:1591	have processed broadcast	{"{round 20 3  <nil>}": {"Key":"from","Type":15,"Integer":0,"String":"e","Interface":null}}
2025-08-15T22:12:58.779-0500	INFO	protocol/handler.go:787	protocol completed successfully
2025-08-15T22:12:58.779-0500	DEBUG	protocol/handler.go:1591	have processed broadcast	{"{round 20 3  <nil>}": {"Key":"from","Type":15,"Integer":0,"String":"f","Interface":null}}
2025-08-15T22:12:58.779-0500	DEBUG	protocol/handler.go:1649	have all messages and processed	{"{round 20 3  <nil>}": {"Key":"self","Type":15,"Integer":0,"String":"g","Interface":null}}
2025-08-15T22:12:58.779-0500	DEBUG	protocol/handler.go:596	round already finalized
2025-08-15T22:12:58.779-0500	DEBUG	protocol/handler.go:1649	have all messages and processed	{"{round 20 3  <nil>}": {"Key":"self","Type":15,"Integer":0,"String":"c","Interface":null}}
2025-08-15T22:12:58.780-0500	DEBUG	protocol/handler.go:619	finalizing round
2025-08-15T22:12:58.781-0500	DEBUG	protocol/handler.go:1182	finalized round messages	{"{round 20 3  <nil>}": {"Key":"messages","Type":11,"Integer":0,"String":"","Interface":null}}
2025-08-15T22:12:58.781-0500	INFO	protocol/handler.go:1211	protocol completed	{"{self 15 0 e <nil>}": {"Key":"final_round","Type":20,"Integer":3,"String":"","Interface":null}}
2025-08-15T22:12:58.781-0500	DEBUG	protocol/handler.go:624	finalizeRound returned nil
2025-08-15T22:12:58.781-0500	DEBUG	protocol/handler.go:581	tryAdvanceRound called	{"{current_round 20 3  <nil>}": {"Key":"self","Type":15,"Integer":0,"String":"e","Interface":null}}
2025-08-15T22:12:58.781-0500	DEBUG	protocol/handler.go:1591	have processed broadcast	{"{round 20 3  <nil>}": {"Key":"from","Type":15,"Integer":0,"String":"a","Interface":null}}
2025-08-15T22:12:58.781-0500	DEBUG	protocol/handler.go:1591	have processed broadcast	{"{round 20 3  <nil>}": {"Key":"from","Type":15,"Integer":0,"String":"b","Interface":null}}
2025-08-15T22:12:58.781-0500	DEBUG	protocol/handler.go:1591	have processed broadcast	{"{round 20 3  <nil>}": {"Key":"from","Type":15,"Integer":0,"String":"c","Interface":null}}
2025-08-15T22:12:58.781-0500	DEBUG	protocol/handler.go:1591	have processed broadcast	{"{round 20 3  <nil>}": {"Key":"from","Type":15,"Integer":0,"String":"d","Interface":null}}
2025-08-15T22:12:58.781-0500	DEBUG	protocol/handler.go:1591	have processed broadcast	{"{round 20 3  <nil>}": {"Key":"from","Type":15,"Integer":0,"String":"f","Interface":null}}
2025-08-15T22:12:58.781-0500	DEBUG	protocol/handler.go:1591	have processed broadcast	{"{round 20 3  <nil>}": {"Key":"from","Type":15,"Integer":0,"String":"g","Interface":null}}
2025-08-15T22:12:58.781-0500	DEBUG	protocol/handler.go:1649	have all messages and processed	{"{round 20 3  <nil>}": {"Key":"self","Type":15,"Integer":0,"String":"e","Interface":null}}
2025-08-15T22:12:58.781-0500	DEBUG	protocol/handler.go:596	round already finalized
2025-08-15T22:12:58.781-0500	INFO	protocol/handler.go:787	protocol completed successfully
2025-08-15T22:12:58.781-0500	DEBUG	protocol/handler.go:581	tryAdvanceRound called	{"{current_round 20 3  <nil>}": {"Key":"self","Type":15,"Integer":0,"String":"g","Interface":null}}
2025-08-15T22:12:58.781-0500	DEBUG	protocol/handler.go:1591	have processed broadcast	{"{round 20 3  <nil>}": {"Key":"from","Type":15,"Integer":0,"String":"a","Interface":null}}
2025-08-15T22:12:58.781-0500	DEBUG	protocol/handler.go:1591	have processed broadcast	{"{round 20 3  <nil>}": {"Key":"from","Type":15,"Integer":0,"String":"b","Interface":null}}
2025-08-15T22:12:58.782-0500	DEBUG	protocol/handler.go:1591	have processed broadcast	{"{round 20 3  <nil>}": {"Key":"from","Type":15,"Integer":0,"String":"c","Interface":null}}
2025-08-15T22:12:58.782-0500	DEBUG	protocol/handler.go:1591	have processed broadcast	{"{round 20 3  <nil>}": {"Key":"from","Type":15,"Integer":0,"String":"d","Interface":null}}
2025-08-15T22:12:58.782-0500	DEBUG	protocol/handler.go:1591	have processed broadcast	{"{round 20 3  <nil>}": {"Key":"from","Type":15,"Integer":0,"String":"e","Interface":null}}
2025-08-15T22:12:58.782-0500	DEBUG	protocol/handler.go:1591	have processed broadcast	{"{round 20 3  <nil>}": {"Key":"from","Type":15,"Integer":0,"String":"f","Interface":null}}
2025-08-15T22:12:58.782-0500	DEBUG	protocol/handler.go:1649	have all messages and processed	{"{round 20 3  <nil>}": {"Key":"self","Type":15,"Integer":0,"String":"g","Interface":null}}
2025-08-15T22:12:58.782-0500	DEBUG	protocol/handler.go:596	round already finalized
2025-08-15T22:12:58.789-0500	DEBUG	protocol/handler.go:581	tryAdvanceRound called	{"{current_round 20 3  <nil>}": {"Key":"self","Type":15,"Integer":0,"String":"g","Interface":null}}
2025-08-15T22:12:58.790-0500	DEBUG	protocol/handler.go:1591	have processed broadcast	{"{round 20 3  <nil>}": {"Key":"from","Type":15,"Integer":0,"String":"a","Interface":null}}
2025-08-15T22:12:58.790-0500	DEBUG	protocol/handler.go:1591	have processed broadcast	{"{round 20 3  <nil>}": {"Key":"from","Type":15,"Integer":0,"String":"b","Interface":null}}
2025-08-15T22:12:58.790-0500	DEBUG	protocol/handler.go:1591	have processed broadcast	{"{round 20 3  <nil>}": {"Key":"from","Type":15,"Integer":0,"String":"c","Interface":null}}
2025-08-15T22:12:58.790-0500	DEBUG	protocol/handler.go:1591	have processed broadcast	{"{round 20 3  <nil>}": {"Key":"from","Type":15,"Integer":0,"String":"d","Interface":null}}
2025-08-15T22:12:58.790-0500	DEBUG	protocol/handler.go:1591	have processed broadcast	{"{round 20 3  <nil>}": {"Key":"from","Type":15,"Integer":0,"String":"e","Interface":null}}
2025-08-15T22:12:58.790-0500	DEBUG	protocol/handler.go:1591	have processed broadcast	{"{round 20 3  <nil>}": {"Key":"from","Type":15,"Integer":0,"String":"f","Interface":null}}
2025-08-15T22:12:58.790-0500	DEBUG	protocol/handler.go:1649	have all messages and processed	{"{round 20 3  <nil>}": {"Key":"self","Type":15,"Integer":0,"String":"g","Interface":null}}
2025-08-15T22:12:58.790-0500	DEBUG	protocol/handler.go:596	round already finalized
2025-08-15T22:12:58.790-0500	DEBUG	protocol/handler.go:403	worker stopping
2025-08-15T22:12:58.790-0500	DEBUG	protocol/handler.go:403	worker stopping
2025-08-15T22:12:58.790-0500	DEBUG	protocol/handler.go:403	worker stopping
2025-08-15T22:12:58.790-0500	DEBUG	protocol/handler.go:403	worker stopping
2025-08-15T22:12:58.790-0500	DEBUG	protocol/handler.go:403	worker stopping
2025-08-15T22:12:58.790-0500	DEBUG	protocol/handler.go:403	worker stopping
2025-08-15T22:12:58.790-0500	DEBUG	protocol/handler.go:403	worker stopping
2025-08-15T22:12:58.790-0500	DEBUG	protocol/handler.go:403	worker stopping
2025-08-15T22:12:58.792-0500	DEBUG	protocol/handler.go:1182	finalized round messages	{"{round 20 3  <nil>}": {"Key":"messages","Type":11,"Integer":0,"String":"","Interface":null}}
2025-08-15T22:12:58.792-0500	INFO	protocol/handler.go:1211	protocol completed	{"{self 15 0 g <nil>}": {"Key":"final_round","Type":20,"Integer":3,"String":"","Interface":null}}
2025-08-15T22:12:58.792-0500	DEBUG	protocol/handler.go:624	finalizeRound returned nil
2025-08-15T22:12:58.792-0500	INFO	protocol/handler.go:787	protocol completed successfully
2025-08-15T22:12:58.792-0500	DEBUG	protocol/handler.go:403	worker stopping
2025-08-15T22:12:58.792-0500	DEBUG	protocol/handler.go:403	worker stopping
2025-08-15T22:12:58.792-0500	DEBUG	protocol/handler.go:403	worker stopping
2025-08-15T22:12:58.792-0500	DEBUG	protocol/handler.go:403	worker stopping
2025-08-15T22:12:58.792-0500	DEBUG	protocol/handler.go:403	worker stopping
2025-08-15T22:12:58.793-0500	DEBUG	protocol/handler.go:403	worker stopping
2025-08-15T22:12:58.793-0500	DEBUG	protocol/handler.go:403	worker stopping
2025-08-15T22:12:58.793-0500	DEBUG	protocol/handler.go:403	worker stopping
2025-08-15T22:12:58.810-0500	DEBUG	protocol/handler.go:1182	finalized round messages	{"{round 20 3  <nil>}": {"Key":"messages","Type":11,"Integer":0,"String":"","Interface":null}}
2025-08-15T22:12:58.810-0500	INFO	protocol/handler.go:1211	protocol completed	{"{self 15 0 f <nil>}": {"Key":"final_round","Type":20,"Integer":3,"String":"","Interface":null}}
2025-08-15T22:12:58.810-0500	DEBUG	protocol/handler.go:624	finalizeRound returned nil
2025-08-15T22:12:58.810-0500	DEBUG	protocol/handler.go:581	tryAdvanceRound called	{"{current_round 20 3  <nil>}": {"Key":"self","Type":15,"Integer":0,"String":"f","Interface":null}}
2025-08-15T22:12:58.811-0500	DEBUG	protocol/handler.go:1591	have processed broadcast	{"{round 20 3  <nil>}": {"Key":"from","Type":15,"Integer":0,"String":"a","Interface":null}}
2025-08-15T22:12:58.811-0500	DEBUG	protocol/handler.go:1591	have processed broadcast	{"{round 20 3  <nil>}": {"Key":"from","Type":15,"Integer":0,"String":"b","Interface":null}}
2025-08-15T22:12:58.811-0500	DEBUG	protocol/handler.go:1591	have processed broadcast	{"{round 20 3  <nil>}": {"Key":"from","Type":15,"Integer":0,"String":"c","Interface":null}}
2025-08-15T22:12:58.811-0500	DEBUG	protocol/handler.go:1591	have processed broadcast	{"{round 20 3  <nil>}": {"Key":"from","Type":15,"Integer":0,"String":"d","Interface":null}}
2025-08-15T22:12:58.811-0500	DEBUG	protocol/handler.go:1591	have processed broadcast	{"{round 20 3  <nil>}": {"Key":"from","Type":15,"Integer":0,"String":"e","Interface":null}}
2025-08-15T22:12:58.811-0500	DEBUG	protocol/handler.go:1591	have processed broadcast	{"{round 20 3  <nil>}": {"Key":"from","Type":15,"Integer":0,"String":"g","Interface":null}}
2025-08-15T22:12:58.811-0500	DEBUG	protocol/handler.go:1649	have all messages and processed	{"{round 20 3  <nil>}": {"Key":"self","Type":15,"Integer":0,"String":"f","Interface":null}}
2025-08-15T22:12:58.812-0500	DEBUG	protocol/handler.go:403	worker stopping
2025-08-15T22:12:58.812-0500	DEBUG	protocol/handler.go:403	worker stopping
2025-08-15T22:12:58.812-0500	DEBUG	protocol/handler.go:403	worker stopping
2025-08-15T22:12:58.812-0500	DEBUG	protocol/handler.go:403	worker stopping
2025-08-15T22:12:58.812-0500	DEBUG	protocol/handler.go:403	worker stopping
2025-08-15T22:12:58.813-0500	DEBUG	protocol/handler.go:403	worker stopping
2025-08-15T22:12:58.813-0500	DEBUG	protocol/handler.go:403	worker stopping
2025-08-15T22:12:58.813-0500	DEBUG	protocol/handler.go:403	worker stopping
2025-08-15T22:12:58.811-0500	DEBUG	protocol/handler.go:596	round already finalized
2025-08-15T22:12:58.821-0500	DEBUG	protocol/handler.go:581	tryAdvanceRound called	{"{current_round 20 3  <nil>}": {"Key":"self","Type":15,"Integer":0,"String":"f","Interface":null}}
2025-08-15T22:12:58.823-0500	DEBUG	protocol/handler.go:403	worker stopping
2025-08-15T22:12:58.823-0500	DEBUG	protocol/handler.go:403	worker stopping
2025-08-15T22:12:58.823-0500	DEBUG	protocol/handler.go:403	worker stopping
2025-08-15T22:12:58.823-0500	DEBUG	protocol/handler.go:403	worker stopping
2025-08-15T22:12:58.823-0500	DEBUG	protocol/handler.go:403	worker stopping
2025-08-15T22:12:58.823-0500	DEBUG	protocol/handler.go:403	worker stopping
2025-08-15T22:12:58.825-0500	DEBUG	protocol/handler.go:403	worker stopping
2025-08-15T22:12:58.825-0500	DEBUG	protocol/handler.go:1182	finalized round messages	{"{round 20 3  <nil>}": {"Key":"messages","Type":11,"Integer":0,"String":"","Interface":null}}
2025-08-15T22:12:58.825-0500	INFO	protocol/handler.go:1211	protocol completed	{"{self 15 0 c <nil>}": {"Key":"final_round","Type":20,"Integer":3,"String":"","Interface":null}}
2025-08-15T22:12:58.825-0500	DEBUG	protocol/handler.go:624	finalizeRound returned nil
2025-08-15T22:12:58.825-0500	DEBUG	protocol/handler.go:581	tryAdvanceRound called	{"{current_round 20 3  <nil>}": {"Key":"self","Type":15,"Integer":0,"String":"c","Interface":null}}
2025-08-15T22:12:58.826-0500	DEBUG	protocol/handler.go:1591	have processed broadcast	{"{round 20 3  <nil>}": {"Key":"from","Type":15,"Integer":0,"String":"a","Interface":null}}
2025-08-15T22:12:58.826-0500	DEBUG	protocol/handler.go:1591	have processed broadcast	{"{round 20 3  <nil>}": {"Key":"from","Type":15,"Integer":0,"String":"b","Interface":null}}
2025-08-15T22:12:58.826-0500	DEBUG	protocol/handler.go:1591	have processed broadcast	{"{round 20 3  <nil>}": {"Key":"from","Type":15,"Integer":0,"String":"d","Interface":null}}
2025-08-15T22:12:58.826-0500	DEBUG	protocol/handler.go:1591	have processed broadcast	{"{round 20 3  <nil>}": {"Key":"from","Type":15,"Integer":0,"String":"e","Interface":null}}
2025-08-15T22:12:58.826-0500	DEBUG	protocol/handler.go:1591	have processed broadcast	{"{round 20 3  <nil>}": {"Key":"from","Type":15,"Integer":0,"String":"f","Interface":null}}
2025-08-15T22:12:58.826-0500	DEBUG	protocol/handler.go:1591	have processed broadcast	{"{round 20 3  <nil>}": {"Key":"from","Type":15,"Integer":0,"String":"g","Interface":null}}
2025-08-15T22:12:58.826-0500	DEBUG	protocol/handler.go:1649	have all messages and processed	{"{round 20 3  <nil>}": {"Key":"self","Type":15,"Integer":0,"String":"c","Interface":null}}
2025-08-15T22:12:58.826-0500	DEBUG	protocol/handler.go:596	round already finalized
2025-08-15T22:12:58.826-0500	INFO	protocol/handler.go:787	protocol completed successfully
2025-08-15T22:12:58.823-0500	DEBUG	protocol/handler.go:403	worker stopping
2025-08-15T22:12:58.825-0500	INFO	protocol/handler.go:787	protocol completed successfully
2025-08-15T22:12:58.827-0500	DEBUG	protocol/handler.go:1591	have processed broadcast	{"{round 20 3  <nil>}": {"Key":"from","Type":15,"Integer":0,"String":"a","Interface":null}}
2025-08-15T22:12:58.829-0500	DEBUG	protocol/handler.go:1591	have processed broadcast	{"{round 20 3  <nil>}": {"Key":"from","Type":15,"Integer":0,"String":"b","Interface":null}}
2025-08-15T22:12:58.829-0500	DEBUG	protocol/handler.go:1591	have processed broadcast	{"{round 20 3  <nil>}": {"Key":"from","Type":15,"Integer":0,"String":"c","Interface":null}}
2025-08-15T22:12:58.829-0500	DEBUG	protocol/handler.go:1591	have processed broadcast	{"{round 20 3  <nil>}": {"Key":"from","Type":15,"Integer":0,"String":"d","Interface":null}}
2025-08-15T22:12:58.829-0500	DEBUG	protocol/handler.go:1591	have processed broadcast	{"{round 20 3  <nil>}": {"Key":"from","Type":15,"Integer":0,"String":"e","Interface":null}}
2025-08-15T22:12:58.829-0500	DEBUG	protocol/handler.go:1591	have processed broadcast	{"{round 20 3  <nil>}": {"Key":"from","Type":15,"Integer":0,"String":"g","Interface":null}}
2025-08-15T22:12:58.829-0500	DEBUG	protocol/handler.go:1649	have all messages and processed	{"{round 20 3  <nil>}": {"Key":"self","Type":15,"Integer":0,"String":"f","Interface":null}}
2025-08-15T22:12:58.829-0500	DEBUG	protocol/handler.go:596	round already finalized
2025-08-15T22:12:58.829-0500	DEBUG	protocol/handler.go:581	tryAdvanceRound called	{"{current_round 20 3  <nil>}": {"Key":"self","Type":15,"Integer":0,"String":"f","Interface":null}}
2025-08-15T22:12:58.829-0500	DEBUG	protocol/handler.go:1591	have processed broadcast	{"{round 20 3  <nil>}": {"Key":"from","Type":15,"Integer":0,"String":"a","Interface":null}}
2025-08-15T22:12:58.830-0500	DEBUG	protocol/handler.go:1591	have processed broadcast	{"{round 20 3  <nil>}": {"Key":"from","Type":15,"Integer":0,"String":"b","Interface":null}}
2025-08-15T22:12:58.830-0500	DEBUG	protocol/handler.go:1591	have processed broadcast	{"{round 20 3  <nil>}": {"Key":"from","Type":15,"Integer":0,"String":"c","Interface":null}}
2025-08-15T22:12:58.830-0500	DEBUG	protocol/handler.go:1591	have processed broadcast	{"{round 20 3  <nil>}": {"Key":"from","Type":15,"Integer":0,"String":"d","Interface":null}}
2025-08-15T22:12:58.830-0500	DEBUG	protocol/handler.go:1591	have processed broadcast	{"{round 20 3  <nil>}": {"Key":"from","Type":15,"Integer":0,"String":"e","Interface":null}}
2025-08-15T22:12:58.830-0500	DEBUG	protocol/handler.go:1591	have processed broadcast	{"{round 20 3  <nil>}": {"Key":"from","Type":15,"Integer":0,"String":"g","Interface":null}}
2025-08-15T22:12:58.831-0500	DEBUG	protocol/handler.go:1649	have all messages and processed	{"{round 20 3  <nil>}": {"Key":"self","Type":15,"Integer":0,"String":"f","Interface":null}}
2025-08-15T22:12:58.831-0500	DEBUG	protocol/handler.go:596	round already finalized
2025-08-15T22:12:58.857-0500	DEBUG	protocol/handler.go:403	worker stopping
2025-08-15T22:12:58.858-0500	DEBUG	protocol/handler.go:403	worker stopping
2025-08-15T22:12:58.858-0500	DEBUG	protocol/handler.go:403	worker stopping
2025-08-15T22:12:58.858-0500	DEBUG	protocol/handler.go:403	worker stopping
2025-08-15T22:12:58.858-0500	DEBUG	protocol/handler.go:403	worker stopping
2025-08-15T22:12:58.858-0500	DEBUG	protocol/handler.go:403	worker stopping
2025-08-15T22:12:58.858-0500	DEBUG	protocol/handler.go:403	worker stopping
2025-08-15T22:12:58.858-0500	DEBUG	protocol/handler.go:403	worker stopping
2025-08-15T22:12:58.858-0500	DEBUG	protocol/handler.go:403	worker stopping
2025-08-15T22:12:58.860-0500	DEBUG	protocol/handler.go:403	worker stopping
2025-08-15T22:12:58.860-0500	DEBUG	protocol/handler.go:403	worker stopping
2025-08-15T22:12:58.860-0500	DEBUG	protocol/handler.go:403	worker stopping
2025-08-15T22:12:58.862-0500	DEBUG	protocol/handler.go:403	worker stopping
2025-08-15T22:12:58.862-0500	DEBUG	protocol/handler.go:403	worker stopping
2025-08-15T22:12:58.860-0500	DEBUG	protocol/handler.go:403	worker stopping
2025-08-15T22:12:58.862-0500	DEBUG	protocol/handler.go:403	worker stopping
--- FAIL: TestFROSTKeygen (1.14s)
    --- FAIL: TestFROSTKeygen/2-of-3 (0.12s)
        testing.go:1490: race detected during execution of test
    --- FAIL: TestFROSTKeygen/3-of-5 (0.37s)
        testing.go:1490: race detected during execution of test
    --- FAIL: TestFROSTKeygen/5-of-7 (0.65s)
        testing.go:1490: race detected during execution of test
2025-08-15T22:12:58.908-0500	INFO	protocol/handler.go:240	starting protocol handler	{"{protocol 15 0 frost/keygen-threshold <nil>}": {"Key":"workers","Type":11,"Integer":4,"String":"","Interface":null}, "{parties 11 3  <nil>}": {"Key":"threshold","Type":11,"Integer":2,"String":"","Interface":null}}
2025-08-15T22:12:58.908-0500	DEBUG	protocol/handler.go:348	starting worker pools	{"{workers 11 4  <nil>}": {"Key":"priority","Type":11,"Integer":4,"String":"","Interface":null}}
2025-08-15T22:12:58.908-0500	DEBUG	protocol/handler.go:391	worker started	{"{id 11 0  <nil>}": {"Key":"priority","Type":4,"Integer":0,"String":"","Interface":null}}
2025-08-15T22:12:58.908-0500	DEBUG	protocol/handler.go:391	worker started	{"{id 11 1  <nil>}": {"Key":"priority","Type":4,"Integer":0,"String":"","Interface":null}}
2025-08-15T22:12:58.908-0500	DEBUG	protocol/handler.go:391	worker started	{"{id 11 3  <nil>}": {"Key":"priority","Type":4,"Integer":0,"String":"","Interface":null}}
2025-08-15T22:12:58.908-0500	DEBUG	protocol/handler.go:391	worker started	{"{id 11 0  <nil>}": {"Key":"priority","Type":4,"Integer":1,"String":"","Interface":null}}
2025-08-15T22:12:58.908-0500	DEBUG	protocol/handler.go:391	worker started	{"{id 11 2  <nil>}": {"Key":"priority","Type":4,"Integer":0,"String":"","Interface":null}}
2025-08-15T22:12:58.908-0500	DEBUG	protocol/handler.go:391	worker started	{"{id 11 2  <nil>}": {"Key":"priority","Type":4,"Integer":1,"String":"","Interface":null}}
2025-08-15T22:12:58.908-0500	DEBUG	protocol/handler.go:391	worker started	{"{id 11 1  <nil>}": {"Key":"priority","Type":4,"Integer":1,"String":"","Interface":null}}
2025-08-15T22:12:58.908-0500	DEBUG	protocol/handler.go:391	worker started	{"{id 11 3  <nil>}": {"Key":"priority","Type":4,"Integer":1,"String":"","Interface":null}}
2025-08-15T22:12:58.908-0500	DEBUG	protocol/handler.go:930	initializing round
2025-08-15T22:12:58.909-0500	DEBUG	protocol/handler.go:1503	processing queued messages
2025-08-15T22:12:58.909-0500	INFO	protocol/handler.go:240	starting protocol handler	{"{protocol 15 0 frost/keygen-threshold <nil>}": {"Key":"workers","Type":11,"Integer":4,"String":"","Interface":null}, "{parties 11 3  <nil>}": {"Key":"threshold","Type":11,"Integer":2,"String":"","Interface":null}}
2025-08-15T22:12:58.909-0500	DEBUG	protocol/handler.go:348	starting worker pools	{"{workers 11 4  <nil>}": {"Key":"priority","Type":11,"Integer":4,"String":"","Interface":null}}
2025-08-15T22:12:58.909-0500	DEBUG	protocol/handler.go:391	worker started	{"{id 11 0  <nil>}": {"Key":"priority","Type":4,"Integer":0,"String":"","Interface":null}}
2025-08-15T22:12:58.909-0500	DEBUG	protocol/handler.go:391	worker started	{"{id 11 1  <nil>}": {"Key":"priority","Type":4,"Integer":0,"String":"","Interface":null}}
2025-08-15T22:12:58.909-0500	DEBUG	protocol/handler.go:391	worker started	{"{id 11 2  <nil>}": {"Key":"priority","Type":4,"Integer":0,"String":"","Interface":null}}
2025-08-15T22:12:58.909-0500	DEBUG	protocol/handler.go:391	worker started	{"{id 11 3  <nil>}": {"Key":"priority","Type":4,"Integer":0,"String":"","Interface":null}}
2025-08-15T22:12:58.909-0500	DEBUG	protocol/handler.go:391	worker started	{"{id 11 0  <nil>}": {"Key":"priority","Type":4,"Integer":1,"String":"","Interface":null}}
2025-08-15T22:12:58.909-0500	DEBUG	protocol/handler.go:391	worker started	{"{id 11 2  <nil>}": {"Key":"priority","Type":4,"Integer":1,"String":"","Interface":null}}
2025-08-15T22:12:58.909-0500	DEBUG	protocol/handler.go:391	worker started	{"{id 11 3  <nil>}": {"Key":"priority","Type":4,"Integer":1,"String":"","Interface":null}}
2025-08-15T22:12:58.909-0500	DEBUG	protocol/handler.go:391	worker started	{"{id 11 1  <nil>}": {"Key":"priority","Type":4,"Integer":1,"String":"","Interface":null}}
2025-08-15T22:12:58.909-0500	DEBUG	protocol/handler.go:930	initializing round
2025-08-15T22:12:58.909-0500	DEBUG	protocol/handler.go:1503	processing queued messages
2025-08-15T22:12:58.910-0500	INFO	protocol/handler.go:240	starting protocol handler	{"{protocol 15 0 frost/keygen-threshold <nil>}": {"Key":"workers","Type":11,"Integer":4,"String":"","Interface":null}, "{parties 11 3  <nil>}": {"Key":"threshold","Type":11,"Integer":2,"String":"","Interface":null}}
2025-08-15T22:12:58.910-0500	DEBUG	protocol/handler.go:348	starting worker pools	{"{workers 11 4  <nil>}": {"Key":"priority","Type":11,"Integer":4,"String":"","Interface":null}}
2025-08-15T22:12:58.910-0500	DEBUG	protocol/handler.go:391	worker started	{"{id 11 0  <nil>}": {"Key":"priority","Type":4,"Integer":0,"String":"","Interface":null}}
2025-08-15T22:12:58.910-0500	DEBUG	protocol/handler.go:391	worker started	{"{id 11 1  <nil>}": {"Key":"priority","Type":4,"Integer":0,"String":"","Interface":null}}
2025-08-15T22:12:58.910-0500	DEBUG	protocol/handler.go:391	worker started	{"{id 11 2  <nil>}": {"Key":"priority","Type":4,"Integer":0,"String":"","Interface":null}}
2025-08-15T22:12:58.910-0500	DEBUG	protocol/handler.go:391	worker started	{"{id 11 3  <nil>}": {"Key":"priority","Type":4,"Integer":0,"String":"","Interface":null}}
2025-08-15T22:12:58.910-0500	DEBUG	protocol/handler.go:391	worker started	{"{id 11 1  <nil>}": {"Key":"priority","Type":4,"Integer":1,"String":"","Interface":null}}
2025-08-15T22:12:58.910-0500	DEBUG	protocol/handler.go:391	worker started	{"{id 11 2  <nil>}": {"Key":"priority","Type":4,"Integer":1,"String":"","Interface":null}}
2025-08-15T22:12:58.910-0500	DEBUG	protocol/handler.go:391	worker started	{"{id 11 0  <nil>}": {"Key":"priority","Type":4,"Integer":1,"String":"","Interface":null}}
2025-08-15T22:12:58.910-0500	DEBUG	protocol/handler.go:391	worker started	{"{id 11 3  <nil>}": {"Key":"priority","Type":4,"Integer":1,"String":"","Interface":null}}
2025-08-15T22:12:58.910-0500	DEBUG	protocol/handler.go:930	initializing round
2025-08-15T22:12:58.910-0500	DEBUG	protocol/handler.go:1503	processing queued messages
2025-08-15T22:12:58.919-0500	INFO	protocol/handler.go:560	advanced to round
2025-08-15T22:12:58.920-0500	DEBUG	protocol/handler.go:581	tryAdvanceRound called	{"{current_round 20 1  <nil>}": {"Key":"self","Type":15,"Integer":0,"String":"a","Interface":null}}
2025-08-15T22:12:58.921-0500	DEBUG	protocol/handler.go:1649	have all messages and processed	{"{round 20 1  <nil>}": {"Key":"self","Type":15,"Integer":0,"String":"a","Interface":null}}
2025-08-15T22:12:58.921-0500	DEBUG	protocol/handler.go:619	finalizing round
2025-08-15T22:12:58.929-0500	INFO	protocol/handler.go:560	advanced to round
2025-08-15T22:12:58.929-0500	DEBUG	protocol/handler.go:581	tryAdvanceRound called	{"{current_round 20 1  <nil>}": {"Key":"self","Type":15,"Integer":0,"String":"b","Interface":null}}
2025-08-15T22:12:58.930-0500	DEBUG	protocol/handler.go:1649	have all messages and processed	{"{round 20 1  <nil>}": {"Key":"self","Type":15,"Integer":0,"String":"b","Interface":null}}
2025-08-15T22:12:58.930-0500	DEBUG	protocol/handler.go:619	finalizing round
2025-08-15T22:12:58.930-0500	DEBUG	protocol/handler.go:954	round already being initialized/finalized, skipping
2025-08-15T22:12:58.930-0500	INFO	protocol/handler.go:560	advanced to round
2025-08-15T22:12:58.930-0500	DEBUG	protocol/handler.go:581	tryAdvanceRound called	{"{current_round 20 1  <nil>}": {"Key":"self","Type":15,"Integer":0,"String":"c","Interface":null}}
2025-08-15T22:12:58.930-0500	DEBUG	protocol/handler.go:1649	have all messages and processed	{"{round 20 1  <nil>}": {"Key":"self","Type":15,"Integer":0,"String":"c","Interface":null}}
2025-08-15T22:12:58.930-0500	DEBUG	protocol/handler.go:619	finalizing round
2025-08-15T22:12:58.930-0500	DEBUG	protocol/handler.go:954	round already being initialized/finalized, skipping
2025-08-15T22:12:58.930-0500	DEBUG	protocol/handler.go:1039	sendRoundMessage	{"{from 15 0 a <nil>}": {"Key":"to","Type":15,"Integer":0,"String":"","Interface":null}, "{round 20 2  <nil>}": {"Key":"broadcast","Type":4,"Integer":1,"String":"","Interface":null}}
2025-08-15T22:12:58.931-0500	DEBUG	protocol/handler.go:1657	storing broadcast	{"{round 20 2  <nil>}": {"Key":"from","Type":15,"Integer":0,"String":"a","Interface":null}}
2025-08-15T22:12:58.931-0500	DEBUG	protocol/handler.go:1081	sent message to output channel	{"{from 15 0 a <nil>}": {"Key":"to","Type":15,"Integer":0,"String":"","Interface":null}, "{round 20 2  <nil>}": {"Key":"broadcast","Type":4,"Integer":1,"String":"","Interface":null}}
2025-08-15T22:12:58.931-0500	DEBUG	protocol/handler.go:1182	finalized round messages	{"{round 20 1  <nil>}": {"Key":"messages","Type":11,"Integer":1,"String":"","Interface":null}}
2025-08-15T22:12:58.931-0500	DEBUG	protocol/handler.go:1239	finalize returned next round	{"{current 20 1  <nil>}": {"Key":"next","Type":20,"Integer":2,"String":"","Interface":null}}
2025-08-15T22:12:58.931-0500	INFO	protocol/handler.go:642	storing new currentRound	{"{from 20 1  <nil>}": {"Key":"to","Type":20,"Integer":2,"String":"","Interface":null}}
2025-08-15T22:12:58.931-0500	DEBUG	protocol/handler.go:1503	processing queued messages
2025-08-15T22:12:58.932-0500	INFO	protocol/handler.go:560	advanced to round
2025-08-15T22:12:58.932-0500	DEBUG	protocol/handler.go:581	tryAdvanceRound called	{"{current_round 20 2  <nil>}": {"Key":"self","Type":15,"Integer":0,"String":"a","Interface":null}}
2025-08-15T22:12:58.932-0500	DEBUG	protocol/handler.go:1600	waiting for broadcasts	{"{round 20 2  <nil>}": {"Key":"missing","Type":15,"Integer":0,"String":"[b c]","Interface":null}}
2025-08-15T22:12:58.932-0500	DEBUG	protocol/handler.go:1503	processing queued messages
2025-08-15T22:12:58.932-0500	DEBUG	protocol/handler.go:437	processing message	{"{from 15 0 a <nil>}": {"Key":"to","Type":15,"Integer":0,"String":"","Interface":null}, "{round 20 2  <nil>}": {"Key":"broadcast","Type":4,"Integer":1,"String":"","Interface":null}}
2025-08-15T22:12:58.932-0500	DEBUG	protocol/handler.go:1657	storing broadcast	{"{round 20 2  <nil>}": {"Key":"from","Type":15,"Integer":0,"String":"a","Interface":null}}
2025-08-15T22:12:58.932-0500	DEBUG	protocol/handler.go:470	message for different round (buffering)	{"{msg_round 20 2  <nil>}": {"Key":"current_round","Type":20,"Integer":1,"String":"","Interface":null}}
2025-08-15T22:12:58.932-0500	DEBUG	protocol/handler.go:581	tryAdvanceRound called	{"{current_round 20 1  <nil>}": {"Key":"self","Type":15,"Integer":0,"String":"b","Interface":null}}
2025-08-15T22:12:58.932-0500	DEBUG	protocol/handler.go:1649	have all messages and processed	{"{round 20 1  <nil>}": {"Key":"self","Type":15,"Integer":0,"String":"b","Interface":null}}
2025-08-15T22:12:58.932-0500	DEBUG	protocol/handler.go:596	round already finalized
2025-08-15T22:12:58.932-0500	DEBUG	protocol/handler.go:437	processing message	{"{from 15 0 a <nil>}": {"Key":"to","Type":15,"Integer":0,"String":"","Interface":null}, "{round 20 2  <nil>}": {"Key":"broadcast","Type":4,"Integer":1,"String":"","Interface":null}}
2025-08-15T22:12:58.932-0500	DEBUG	protocol/handler.go:1657	storing broadcast	{"{round 20 2  <nil>}": {"Key":"from","Type":15,"Integer":0,"String":"a","Interface":null}}
2025-08-15T22:12:58.932-0500	DEBUG	protocol/handler.go:470	message for different round (buffering)	{"{msg_round 20 2  <nil>}": {"Key":"current_round","Type":20,"Integer":1,"String":"","Interface":null}}
2025-08-15T22:12:58.932-0500	DEBUG	protocol/handler.go:581	tryAdvanceRound called	{"{current_round 20 1  <nil>}": {"Key":"self","Type":15,"Integer":0,"String":"c","Interface":null}}
2025-08-15T22:12:58.932-0500	DEBUG	protocol/handler.go:1649	have all messages and processed	{"{round 20 1  <nil>}": {"Key":"self","Type":15,"Integer":0,"String":"c","Interface":null}}
2025-08-15T22:12:58.932-0500	DEBUG	protocol/handler.go:596	round already finalized
2025-08-15T22:12:58.932-0500	DEBUG	protocol/handler.go:954	round already being initialized/finalized, skipping
2025-08-15T22:12:58.937-0500	DEBUG	protocol/handler.go:1039	sendRoundMessage	{"{from 15 0 c <nil>}": {"Key":"to","Type":15,"Integer":0,"String":"","Interface":null}, "{round 20 2  <nil>}": {"Key":"broadcast","Type":4,"Integer":1,"String":"","Interface":null}}
2025-08-15T22:12:58.938-0500	DEBUG	protocol/handler.go:1657	storing broadcast	{"{round 20 2  <nil>}": {"Key":"from","Type":15,"Integer":0,"String":"c","Interface":null}}
2025-08-15T22:12:58.938-0500	DEBUG	protocol/handler.go:1081	sent message to output channel	{"{from 15 0 c <nil>}": {"Key":"to","Type":15,"Integer":0,"String":"","Interface":null}, "{round 20 2  <nil>}": {"Key":"broadcast","Type":4,"Integer":1,"String":"","Interface":null}}
2025-08-15T22:12:58.938-0500	DEBUG	protocol/handler.go:1182	finalized round messages	{"{round 20 1  <nil>}": {"Key":"messages","Type":11,"Integer":1,"String":"","Interface":null}}
2025-08-15T22:12:58.938-0500	DEBUG	protocol/handler.go:1239	finalize returned next round	{"{current 20 1  <nil>}": {"Key":"next","Type":20,"Integer":2,"String":"","Interface":null}}
2025-08-15T22:12:58.938-0500	INFO	protocol/handler.go:642	storing new currentRound	{"{from 20 1  <nil>}": {"Key":"to","Type":20,"Integer":2,"String":"","Interface":null}}
2025-08-15T22:12:58.938-0500	DEBUG	protocol/handler.go:1503	processing queued messages
2025-08-15T22:12:58.938-0500	INFO	protocol/handler.go:560	advanced to round
2025-08-15T22:12:58.938-0500	DEBUG	protocol/handler.go:581	tryAdvanceRound called	{"{current_round 20 2  <nil>}": {"Key":"self","Type":15,"Integer":0,"String":"c","Interface":null}}
2025-08-15T22:12:58.938-0500	DEBUG	protocol/handler.go:1503	processing queued messages
2025-08-15T22:12:58.940-0500	DEBUG	protocol/handler.go:581	tryAdvanceRound called	{"{current_round 20 2  <nil>}": {"Key":"self","Type":15,"Integer":0,"String":"a","Interface":null}}
2025-08-15T22:12:58.940-0500	DEBUG	protocol/handler.go:1600	waiting for broadcasts	{"{round 20 2  <nil>}": {"Key":"missing","Type":15,"Integer":0,"String":"[b c]","Interface":null}}
2025-08-15T22:12:58.941-0500	DEBUG	protocol/handler.go:437	processing message	{"{from 15 0 c <nil>}": {"Key":"to","Type":15,"Integer":0,"String":"","Interface":null}, "{round 20 2  <nil>}": {"Key":"broadcast","Type":4,"Integer":1,"String":"","Interface":null}}
2025-08-15T22:12:58.941-0500	DEBUG	protocol/handler.go:1657	storing broadcast	{"{round 20 2  <nil>}": {"Key":"from","Type":15,"Integer":0,"String":"c","Interface":null}}
2025-08-15T22:12:58.941-0500	DEBUG	protocol/handler.go:1039	sendRoundMessage	{"{from 15 0 b <nil>}": {"Key":"to","Type":15,"Integer":0,"String":"","Interface":null}, "{round 20 2  <nil>}": {"Key":"broadcast","Type":4,"Integer":1,"String":"","Interface":null}}
2025-08-15T22:12:58.942-0500	DEBUG	protocol/handler.go:437	processing message	{"{from 15 0 c <nil>}": {"Key":"to","Type":15,"Integer":0,"String":"","Interface":null}, "{round 20 2  <nil>}": {"Key":"broadcast","Type":4,"Integer":1,"String":"","Interface":null}}
2025-08-15T22:12:58.942-0500	DEBUG	protocol/handler.go:1657	storing broadcast	{"{round 20 2  <nil>}": {"Key":"from","Type":15,"Integer":0,"String":"b","Interface":null}}
2025-08-15T22:12:58.942-0500	DEBUG	protocol/handler.go:1081	sent message to output channel	{"{from 15 0 b <nil>}": {"Key":"to","Type":15,"Integer":0,"String":"","Interface":null}, "{round 20 2  <nil>}": {"Key":"broadcast","Type":4,"Integer":1,"String":"","Interface":null}}
2025-08-15T22:12:58.942-0500	DEBUG	protocol/handler.go:1182	finalized round messages	{"{round 20 1  <nil>}": {"Key":"messages","Type":11,"Integer":1,"String":"","Interface":null}}
2025-08-15T22:12:58.942-0500	DEBUG	protocol/handler.go:1239	finalize returned next round	{"{current 20 1  <nil>}": {"Key":"next","Type":20,"Integer":2,"String":"","Interface":null}}
2025-08-15T22:12:58.942-0500	INFO	protocol/handler.go:642	storing new currentRound	{"{from 20 1  <nil>}": {"Key":"to","Type":20,"Integer":2,"String":"","Interface":null}}
2025-08-15T22:12:58.942-0500	DEBUG	protocol/handler.go:1503	processing queued messages
2025-08-15T22:12:58.942-0500	DEBUG	protocol/handler.go:1657	storing broadcast	{"{round 20 2  <nil>}": {"Key":"from","Type":15,"Integer":0,"String":"c","Interface":null}}
2025-08-15T22:12:58.942-0500	INFO	protocol/handler.go:560	advanced to round
2025-08-15T22:12:58.942-0500	DEBUG	protocol/handler.go:581	tryAdvanceRound called	{"{current_round 20 2  <nil>}": {"Key":"self","Type":15,"Integer":0,"String":"b","Interface":null}}
2025-08-15T22:12:58.944-0500	DEBUG	protocol/handler.go:1591	have processed broadcast	{"{round 20 2  <nil>}": {"Key":"from","Type":15,"Integer":0,"String":"a","Interface":null}}
2025-08-15T22:12:58.944-0500	DEBUG	protocol/handler.go:1600	waiting for broadcasts	{"{round 20 2  <nil>}": {"Key":"missing","Type":15,"Integer":0,"String":"[b]","Interface":null}}
2025-08-15T22:12:58.945-0500	DEBUG	protocol/handler.go:581	tryAdvanceRound called	{"{current_round 20 2  <nil>}": {"Key":"self","Type":15,"Integer":0,"String":"c","Interface":null}}
2025-08-15T22:12:58.945-0500	DEBUG	protocol/handler.go:1591	have processed broadcast	{"{round 20 2  <nil>}": {"Key":"from","Type":15,"Integer":0,"String":"a","Interface":null}}
2025-08-15T22:12:58.945-0500	DEBUG	protocol/handler.go:1600	waiting for broadcasts	{"{round 20 2  <nil>}": {"Key":"missing","Type":15,"Integer":0,"String":"[b]","Interface":null}}
2025-08-15T22:12:58.945-0500	DEBUG	protocol/handler.go:437	processing message	{"{from 15 0 b <nil>}": {"Key":"to","Type":15,"Integer":0,"String":"","Interface":null}, "{round 20 2  <nil>}": {"Key":"broadcast","Type":4,"Integer":1,"String":"","Interface":null}}
2025-08-15T22:12:58.945-0500	DEBUG	protocol/handler.go:1657	storing broadcast	{"{round 20 2  <nil>}": {"Key":"from","Type":15,"Integer":0,"String":"b","Interface":null}}
2025-08-15T22:12:58.947-0500	DEBUG	protocol/handler.go:581	tryAdvanceRound called	{"{current_round 20 2  <nil>}": {"Key":"self","Type":15,"Integer":0,"String":"a","Interface":null}}
2025-08-15T22:12:58.948-0500	DEBUG	protocol/handler.go:1591	have processed broadcast	{"{round 20 2  <nil>}": {"Key":"from","Type":15,"Integer":0,"String":"c","Interface":null}}
2025-08-15T22:12:58.948-0500	DEBUG	protocol/handler.go:1600	waiting for broadcasts	{"{round 20 2  <nil>}": {"Key":"missing","Type":15,"Integer":0,"String":"[b]","Interface":null}}
2025-08-15T22:12:58.948-0500	DEBUG	protocol/handler.go:437	processing message	{"{from 15 0 b <nil>}": {"Key":"to","Type":15,"Integer":0,"String":"","Interface":null}, "{round 20 2  <nil>}": {"Key":"broadcast","Type":4,"Integer":1,"String":"","Interface":null}}
2025-08-15T22:12:58.948-0500	DEBUG	protocol/handler.go:1657	storing broadcast	{"{round 20 2  <nil>}": {"Key":"from","Type":15,"Integer":0,"String":"b","Interface":null}}
2025-08-15T22:12:58.950-0500	DEBUG	protocol/handler.go:581	tryAdvanceRound called	{"{current_round 20 2  <nil>}": {"Key":"self","Type":15,"Integer":0,"String":"b","Interface":null}}
2025-08-15T22:12:58.950-0500	DEBUG	protocol/handler.go:1591	have processed broadcast	{"{round 20 2  <nil>}": {"Key":"from","Type":15,"Integer":0,"String":"a","Interface":null}}
2025-08-15T22:12:58.950-0500	DEBUG	protocol/handler.go:1591	have processed broadcast	{"{round 20 2  <nil>}": {"Key":"from","Type":15,"Integer":0,"String":"c","Interface":null}}
2025-08-15T22:12:58.950-0500	DEBUG	protocol/handler.go:1649	have all messages and processed	{"{round 20 2  <nil>}": {"Key":"self","Type":15,"Integer":0,"String":"b","Interface":null}}
2025-08-15T22:12:58.950-0500	DEBUG	protocol/handler.go:619	finalizing round
2025-08-15T22:12:58.950-0500	DEBUG	protocol/handler.go:1039	sendRoundMessage	{"{from 15 0 b <nil>}": {"Key":"to","Type":15,"Integer":0,"String":"","Interface":null}, "{round 20 3  <nil>}": {"Key":"broadcast","Type":4,"Integer":1,"String":"","Interface":null}}
2025-08-15T22:12:58.950-0500	DEBUG	protocol/handler.go:1657	storing broadcast	{"{round 20 3  <nil>}": {"Key":"from","Type":15,"Integer":0,"String":"b","Interface":null}}
2025-08-15T22:12:58.950-0500	DEBUG	protocol/handler.go:1081	sent message to output channel	{"{from 15 0 b <nil>}": {"Key":"to","Type":15,"Integer":0,"String":"","Interface":null}, "{round 20 3  <nil>}": {"Key":"broadcast","Type":4,"Integer":1,"String":"","Interface":null}}
2025-08-15T22:12:58.950-0500	DEBUG	protocol/handler.go:1039	sendRoundMessage	{"{from 15 0 b <nil>}": {"Key":"to","Type":15,"Integer":0,"String":"a","Interface":null}, "{round 20 3  <nil>}": {"Key":"broadcast","Type":4,"Integer":0,"String":"","Interface":null}}
2025-08-15T22:12:58.951-0500	DEBUG	protocol/handler.go:1081	sent message to output channel	{"{from 15 0 b <nil>}": {"Key":"to","Type":15,"Integer":0,"String":"a","Interface":null}, "{round 20 3  <nil>}": {"Key":"broadcast","Type":4,"Integer":0,"String":"","Interface":null}}
2025-08-15T22:12:58.951-0500	DEBUG	protocol/handler.go:1039	sendRoundMessage	{"{from 15 0 b <nil>}": {"Key":"to","Type":15,"Integer":0,"String":"c","Interface":null}, "{round 20 3  <nil>}": {"Key":"broadcast","Type":4,"Integer":0,"String":"","Interface":null}}
2025-08-15T22:12:58.951-0500	DEBUG	protocol/handler.go:1081	sent message to output channel	{"{from 15 0 b <nil>}": {"Key":"to","Type":15,"Integer":0,"String":"c","Interface":null}, "{round 20 3  <nil>}": {"Key":"broadcast","Type":4,"Integer":0,"String":"","Interface":null}}
2025-08-15T22:12:58.951-0500	DEBUG	protocol/handler.go:581	tryAdvanceRound called	{"{current_round 20 2  <nil>}": {"Key":"self","Type":15,"Integer":0,"String":"c","Interface":null}}
2025-08-15T22:12:58.951-0500	DEBUG	protocol/handler.go:1591	have processed broadcast	{"{round 20 2  <nil>}": {"Key":"from","Type":15,"Integer":0,"String":"a","Interface":null}}
2025-08-15T22:12:58.951-0500	DEBUG	protocol/handler.go:1591	have processed broadcast	{"{round 20 2  <nil>}": {"Key":"from","Type":15,"Integer":0,"String":"b","Interface":null}}
2025-08-15T22:12:58.951-0500	DEBUG	protocol/handler.go:1649	have all messages and processed	{"{round 20 2  <nil>}": {"Key":"self","Type":15,"Integer":0,"String":"c","Interface":null}}
2025-08-15T22:12:58.951-0500	DEBUG	protocol/handler.go:619	finalizing round
2025-08-15T22:12:58.951-0500	DEBUG	protocol/handler.go:1039	sendRoundMessage	{"{from 15 0 c <nil>}": {"Key":"to","Type":15,"Integer":0,"String":"","Interface":null}, "{round 20 3  <nil>}": {"Key":"broadcast","Type":4,"Integer":1,"String":"","Interface":null}}
2025-08-15T22:12:58.951-0500	DEBUG	protocol/handler.go:1182	finalized round messages	{"{round 20 2  <nil>}": {"Key":"messages","Type":11,"Integer":3,"String":"","Interface":null}}
2025-08-15T22:12:58.951-0500	DEBUG	protocol/handler.go:581	tryAdvanceRound called	{"{current_round 20 2  <nil>}": {"Key":"self","Type":15,"Integer":0,"String":"a","Interface":null}}
2025-08-15T22:12:58.951-0500	DEBUG	protocol/handler.go:1239	finalize returned next round	{"{current 20 2  <nil>}": {"Key":"next","Type":20,"Integer":3,"String":"","Interface":null}}
2025-08-15T22:12:58.951-0500	INFO	protocol/handler.go:642	storing new currentRound	{"{from 20 2  <nil>}": {"Key":"to","Type":20,"Integer":3,"String":"","Interface":null}}
2025-08-15T22:12:58.952-0500	DEBUG	protocol/handler.go:1503	processing queued messages
2025-08-15T22:12:58.952-0500	DEBUG	protocol/handler.go:1503	processing queued messages
2025-08-15T22:12:58.953-0500	DEBUG	protocol/handler.go:432	processMessage: p2p round 3 START	{"{from 15 0 b <nil>}": {"Key":"to","Type":15,"Integer":0,"String":"c","Interface":null}}
2025-08-15T22:12:58.953-0500	DEBUG	protocol/handler.go:437	processing message	{"{from 15 0 b <nil>}": {"Key":"to","Type":15,"Integer":0,"String":"c","Interface":null}, "{round 20 3  <nil>}": {"Key":"broadcast","Type":4,"Integer":0,"String":"","Interface":null}}
2025-08-15T22:12:58.953-0500	DEBUG	protocol/handler.go:1662	storing message	{"{round 20 3  <nil>}": {"Key":"from","Type":15,"Integer":0,"String":"b","Interface":null}}
2025-08-15T22:12:58.953-0500	DEBUG	protocol/handler.go:470	message for different round (buffering)	{"{msg_round 20 3  <nil>}": {"Key":"current_round","Type":20,"Integer":2,"String":"","Interface":null}}
2025-08-15T22:12:58.953-0500	DEBUG	protocol/handler.go:581	tryAdvanceRound called	{"{current_round 20 2  <nil>}": {"Key":"self","Type":15,"Integer":0,"String":"c","Interface":null}}
2025-08-15T22:12:58.953-0500	DEBUG	protocol/handler.go:1591	have processed broadcast	{"{round 20 2  <nil>}": {"Key":"from","Type":15,"Integer":0,"String":"a","Interface":null}}
2025-08-15T22:12:58.953-0500	DEBUG	protocol/handler.go:1591	have processed broadcast	{"{round 20 2  <nil>}": {"Key":"from","Type":15,"Integer":0,"String":"b","Interface":null}}
2025-08-15T22:12:58.953-0500	DEBUG	protocol/handler.go:1649	have all messages and processed	{"{round 20 2  <nil>}": {"Key":"self","Type":15,"Integer":0,"String":"c","Interface":null}}
2025-08-15T22:12:58.953-0500	DEBUG	protocol/handler.go:596	round already finalized
2025-08-15T22:12:58.953-0500	DEBUG	protocol/handler.go:432	processMessage: p2p round 3 START	{"{from 15 0 b <nil>}": {"Key":"to","Type":15,"Integer":0,"String":"a","Interface":null}}
2025-08-15T22:12:58.953-0500	DEBUG	protocol/handler.go:437	processing message	{"{from 15 0 b <nil>}": {"Key":"to","Type":15,"Integer":0,"String":"a","Interface":null}, "{round 20 3  <nil>}": {"Key":"broadcast","Type":4,"Integer":0,"String":"","Interface":null}}
2025-08-15T22:12:58.953-0500	DEBUG	protocol/handler.go:1662	storing message	{"{round 20 3  <nil>}": {"Key":"from","Type":15,"Integer":0,"String":"b","Interface":null}}
2025-08-15T22:12:58.954-0500	DEBUG	protocol/handler.go:581	tryAdvanceRound called	{"{current_round 20 2  <nil>}": {"Key":"self","Type":15,"Integer":0,"String":"a","Interface":null}}
2025-08-15T22:12:58.954-0500	DEBUG	protocol/handler.go:470	message for different round (buffering)	{"{msg_round 20 3  <nil>}": {"Key":"current_round","Type":20,"Integer":2,"String":"","Interface":null}}
2025-08-15T22:12:58.954-0500	DEBUG	protocol/handler.go:1591	have processed broadcast	{"{round 20 2  <nil>}": {"Key":"from","Type":15,"Integer":0,"String":"b","Interface":null}}
2025-08-15T22:12:58.954-0500	DEBUG	protocol/handler.go:581	tryAdvanceRound called	{"{current_round 20 2  <nil>}": {"Key":"self","Type":15,"Integer":0,"String":"a","Interface":null}}
2025-08-15T22:12:58.954-0500	DEBUG	protocol/handler.go:1591	have processed broadcast	{"{round 20 2  <nil>}": {"Key":"from","Type":15,"Integer":0,"String":"c","Interface":null}}
2025-08-15T22:12:58.954-0500	DEBUG	protocol/handler.go:1591	have processed broadcast	{"{round 20 2  <nil>}": {"Key":"from","Type":15,"Integer":0,"String":"b","Interface":null}}
2025-08-15T22:12:58.954-0500	DEBUG	protocol/handler.go:1649	have all messages and processed	{"{round 20 2  <nil>}": {"Key":"self","Type":15,"Integer":0,"String":"a","Interface":null}}
2025-08-15T22:12:58.954-0500	DEBUG	protocol/handler.go:619	finalizing round
2025-08-15T22:12:58.954-0500	DEBUG	protocol/handler.go:1591	have processed broadcast	{"{round 20 2  <nil>}": {"Key":"from","Type":15,"Integer":0,"String":"c","Interface":null}}
2025-08-15T22:12:58.954-0500	DEBUG	protocol/handler.go:1649	have all messages and processed	{"{round 20 2  <nil>}": {"Key":"self","Type":15,"Integer":0,"String":"a","Interface":null}}
2025-08-15T22:12:58.954-0500	DEBUG	protocol/handler.go:596	round already finalized
2025-08-15T22:12:58.954-0500	DEBUG	protocol/handler.go:437	processing message	{"{from 15 0 b <nil>}": {"Key":"to","Type":15,"Integer":0,"String":"","Interface":null}, "{round 20 3  <nil>}": {"Key":"broadcast","Type":4,"Integer":1,"String":"","Interface":null}}
2025-08-15T22:12:58.954-0500	DEBUG	protocol/handler.go:1657	storing broadcast	{"{round 20 3  <nil>}": {"Key":"from","Type":15,"Integer":0,"String":"b","Interface":null}}
2025-08-15T22:12:58.954-0500	DEBUG	protocol/handler.go:470	message for different round (buffering)	{"{msg_round 20 3  <nil>}": {"Key":"current_round","Type":20,"Integer":2,"String":"","Interface":null}}
2025-08-15T22:12:58.954-0500	DEBUG	protocol/handler.go:581	tryAdvanceRound called	{"{current_round 20 2  <nil>}": {"Key":"self","Type":15,"Integer":0,"String":"c","Interface":null}}
2025-08-15T22:12:58.954-0500	DEBUG	protocol/handler.go:1039	sendRoundMessage	{"{from 15 0 a <nil>}": {"Key":"to","Type":15,"Integer":0,"String":"","Interface":null}, "{round 20 3  <nil>}": {"Key":"broadcast","Type":4,"Integer":1,"String":"","Interface":null}}
2025-08-15T22:12:58.954-0500	DEBUG	protocol/handler.go:1591	have processed broadcast	{"{round 20 2  <nil>}": {"Key":"from","Type":15,"Integer":0,"String":"a","Interface":null}}
2025-08-15T22:12:58.954-0500	DEBUG	protocol/handler.go:1657	storing broadcast	{"{round 20 3  <nil>}": {"Key":"from","Type":15,"Integer":0,"String":"a","Interface":null}}
2025-08-15T22:12:58.954-0500	DEBUG	protocol/handler.go:1591	have processed broadcast	{"{round 20 2  <nil>}": {"Key":"from","Type":15,"Integer":0,"String":"b","Interface":null}}
2025-08-15T22:12:58.954-0500	DEBUG	protocol/handler.go:1081	sent message to output channel	{"{from 15 0 a <nil>}": {"Key":"to","Type":15,"Integer":0,"String":"","Interface":null}, "{round 20 3  <nil>}": {"Key":"broadcast","Type":4,"Integer":1,"String":"","Interface":null}}
2025-08-15T22:12:58.954-0500	DEBUG	protocol/handler.go:1649	have all messages and processed	{"{round 20 2  <nil>}": {"Key":"self","Type":15,"Integer":0,"String":"c","Interface":null}}
2025-08-15T22:12:58.954-0500	DEBUG	protocol/handler.go:596	round already finalized
2025-08-15T22:12:58.954-0500	DEBUG	protocol/handler.go:1039	sendRoundMessage	{"{from 15 0 a <nil>}": {"Key":"to","Type":15,"Integer":0,"String":"b","Interface":null}, "{round 20 3  <nil>}": {"Key":"broadcast","Type":4,"Integer":0,"String":"","Interface":null}}
2025-08-15T22:12:58.954-0500	DEBUG	protocol/handler.go:437	processing message	{"{from 15 0 b <nil>}": {"Key":"to","Type":15,"Integer":0,"String":"","Interface":null}, "{round 20 3  <nil>}": {"Key":"broadcast","Type":4,"Integer":1,"String":"","Interface":null}}
2025-08-15T22:12:58.954-0500	DEBUG	protocol/handler.go:1081	sent message to output channel	{"{from 15 0 a <nil>}": {"Key":"to","Type":15,"Integer":0,"String":"b","Interface":null}, "{round 20 3  <nil>}": {"Key":"broadcast","Type":4,"Integer":0,"String":"","Interface":null}}
2025-08-15T22:12:58.954-0500	DEBUG	protocol/handler.go:1657	storing broadcast	{"{round 20 3  <nil>}": {"Key":"from","Type":15,"Integer":0,"String":"b","Interface":null}}
2025-08-15T22:12:58.954-0500	DEBUG	protocol/handler.go:1039	sendRoundMessage	{"{from 15 0 a <nil>}": {"Key":"to","Type":15,"Integer":0,"String":"c","Interface":null}, "{round 20 3  <nil>}": {"Key":"broadcast","Type":4,"Integer":0,"String":"","Interface":null}}
2025-08-15T22:12:58.954-0500	DEBUG	protocol/handler.go:1081	sent message to output channel	{"{from 15 0 a <nil>}": {"Key":"to","Type":15,"Integer":0,"String":"c","Interface":null}, "{round 20 3  <nil>}": {"Key":"broadcast","Type":4,"Integer":0,"String":"","Interface":null}}
2025-08-15T22:12:58.954-0500	DEBUG	protocol/handler.go:437	processing message	{"{from 15 0 a <nil>}": {"Key":"to","Type":15,"Integer":0,"String":"","Interface":null}, "{round 20 3  <nil>}": {"Key":"broadcast","Type":4,"Integer":1,"String":"","Interface":null}}
2025-08-15T22:12:58.954-0500	DEBUG	protocol/handler.go:1182	finalized round messages	{"{round 20 2  <nil>}": {"Key":"messages","Type":11,"Integer":3,"String":"","Interface":null}}
2025-08-15T22:12:58.955-0500	DEBUG	protocol/handler.go:1657	storing broadcast	{"{round 20 3  <nil>}": {"Key":"from","Type":15,"Integer":0,"String":"a","Interface":null}}
2025-08-15T22:12:58.955-0500	DEBUG	protocol/handler.go:1239	finalize returned next round	{"{current 20 2  <nil>}": {"Key":"next","Type":20,"Integer":3,"String":"","Interface":null}}
2025-08-15T22:12:58.955-0500	INFO	protocol/handler.go:642	storing new currentRound	{"{from 20 2  <nil>}": {"Key":"to","Type":20,"Integer":3,"String":"","Interface":null}}
2025-08-15T22:12:58.955-0500	DEBUG	protocol/handler.go:1503	processing queued messages
2025-08-15T22:12:58.955-0500	DEBUG	protocol/handler.go:581	tryAdvanceRound called	{"{current_round 20 3  <nil>}": {"Key":"self","Type":15,"Integer":0,"String":"b","Interface":null}}
2025-08-15T22:12:58.955-0500	DEBUG	protocol/handler.go:1503	processing queued messages
2025-08-15T22:12:58.955-0500	DEBUG	protocol/handler.go:1591	have processed broadcast	{"{round 20 3  <nil>}": {"Key":"from","Type":15,"Integer":0,"String":"a","Interface":null}}
2025-08-15T22:12:58.955-0500	DEBUG	protocol/handler.go:1600	waiting for broadcasts	{"{round 20 3  <nil>}": {"Key":"missing","Type":15,"Integer":0,"String":"[c]","Interface":null}}
2025-08-15T22:12:58.955-0500	DEBUG	protocol/handler.go:437	processing message	{"{from 15 0 a <nil>}": {"Key":"to","Type":15,"Integer":0,"String":"","Interface":null}, "{round 20 3  <nil>}": {"Key":"broadcast","Type":4,"Integer":1,"String":"","Interface":null}}
2025-08-15T22:12:58.955-0500	DEBUG	protocol/handler.go:1657	storing broadcast	{"{round 20 3  <nil>}": {"Key":"from","Type":15,"Integer":0,"String":"a","Interface":null}}
2025-08-15T22:12:58.955-0500	DEBUG	protocol/handler.go:470	message for different round (buffering)	{"{msg_round 20 3  <nil>}": {"Key":"current_round","Type":20,"Integer":2,"String":"","Interface":null}}
2025-08-15T22:12:58.955-0500	DEBUG	protocol/handler.go:581	tryAdvanceRound called	{"{current_round 20 2  <nil>}": {"Key":"self","Type":15,"Integer":0,"String":"c","Interface":null}}
2025-08-15T22:12:58.955-0500	DEBUG	protocol/handler.go:1591	have processed broadcast	{"{round 20 2  <nil>}": {"Key":"from","Type":15,"Integer":0,"String":"a","Interface":null}}
2025-08-15T22:12:58.955-0500	DEBUG	protocol/handler.go:1591	have processed broadcast	{"{round 20 2  <nil>}": {"Key":"from","Type":15,"Integer":0,"String":"b","Interface":null}}
2025-08-15T22:12:58.955-0500	DEBUG	protocol/handler.go:1649	have all messages and processed	{"{round 20 2  <nil>}": {"Key":"self","Type":15,"Integer":0,"String":"c","Interface":null}}
2025-08-15T22:12:58.955-0500	DEBUG	protocol/handler.go:596	round already finalized
2025-08-15T22:12:58.955-0500	DEBUG	protocol/handler.go:432	processMessage: p2p round 3 START	{"{from 15 0 a <nil>}": {"Key":"to","Type":15,"Integer":0,"String":"b","Interface":null}}
2025-08-15T22:12:58.954-0500	DEBUG	protocol/handler.go:470	message for different round (buffering)	{"{msg_round 20 3  <nil>}": {"Key":"current_round","Type":20,"Integer":2,"String":"","Interface":null}}
2025-08-15T22:12:58.957-0500	DEBUG	protocol/handler.go:432	processMessage: p2p round 3 START	{"{from 15 0 a <nil>}": {"Key":"to","Type":15,"Integer":0,"String":"c","Interface":null}}
2025-08-15T22:12:58.957-0500	DEBUG	protocol/handler.go:581	tryAdvanceRound called	{"{current_round 20 2  <nil>}": {"Key":"self","Type":15,"Integer":0,"String":"c","Interface":null}}
2025-08-15T22:12:58.958-0500	DEBUG	protocol/handler.go:1591	have processed broadcast	{"{round 20 2  <nil>}": {"Key":"from","Type":15,"Integer":0,"String":"b","Interface":null}}
2025-08-15T22:12:58.958-0500	DEBUG	protocol/handler.go:1503	processing queued messages
2025-08-15T22:12:58.951-0500	DEBUG	protocol/handler.go:1657	storing broadcast	{"{round 20 3  <nil>}": {"Key":"from","Type":15,"Integer":0,"String":"c","Interface":null}}
2025-08-15T22:12:58.979-0500	DEBUG	protocol/handler.go:437	processing message	{"{from 15 0 a <nil>}": {"Key":"to","Type":15,"Integer":0,"String":"b","Interface":null}, "{round 20 3  <nil>}": {"Key":"broadcast","Type":4,"Integer":0,"String":"","Interface":null}}
2025-08-15T22:12:58.993-0500	DEBUG	protocol/handler.go:581	tryAdvanceRound called	{"{current_round 20 3  <nil>}": {"Key":"self","Type":15,"Integer":0,"String":"a","Interface":null}}
2025-08-15T22:12:58.993-0500	DEBUG	protocol/handler.go:1591	have processed broadcast	{"{round 20 3  <nil>}": {"Key":"from","Type":15,"Integer":0,"String":"b","Interface":null}}
2025-08-15T22:12:58.993-0500	DEBUG	protocol/handler.go:1600	waiting for broadcasts	{"{round 20 3  <nil>}": {"Key":"missing","Type":15,"Integer":0,"String":"[c]","Interface":null}}
2025-08-15T22:12:58.993-0500	DEBUG	protocol/handler.go:1591	have processed broadcast	{"{round 20 2  <nil>}": {"Key":"from","Type":15,"Integer":0,"String":"a","Interface":null}}
2025-08-15T22:12:58.993-0500	DEBUG	protocol/handler.go:1591	have processed broadcast	{"{round 20 2  <nil>}": {"Key":"from","Type":15,"Integer":0,"String":"b","Interface":null}}
2025-08-15T22:12:58.993-0500	DEBUG	protocol/handler.go:1649	have all messages and processed	{"{round 20 2  <nil>}": {"Key":"self","Type":15,"Integer":0,"String":"c","Interface":null}}
2025-08-15T22:12:58.993-0500	DEBUG	protocol/handler.go:596	round already finalized
2025-08-15T22:12:58.993-0500	DEBUG	protocol/handler.go:581	tryAdvanceRound called	{"{current_round 20 2  <nil>}": {"Key":"self","Type":15,"Integer":0,"String":"c","Interface":null}}
2025-08-15T22:12:58.993-0500	DEBUG	protocol/handler.go:1591	have processed broadcast	{"{round 20 2  <nil>}": {"Key":"from","Type":15,"Integer":0,"String":"a","Interface":null}}
2025-08-15T22:12:58.993-0500	DEBUG	protocol/handler.go:1591	have processed broadcast	{"{round 20 2  <nil>}": {"Key":"from","Type":15,"Integer":0,"String":"b","Interface":null}}
2025-08-15T22:12:58.993-0500	DEBUG	protocol/handler.go:1649	have all messages and processed	{"{round 20 2  <nil>}": {"Key":"self","Type":15,"Integer":0,"String":"c","Interface":null}}
2025-08-15T22:12:58.993-0500	DEBUG	protocol/handler.go:596	round already finalized
2025-08-15T22:12:58.993-0500	DEBUG	protocol/handler.go:1591	have processed broadcast	{"{round 20 2  <nil>}": {"Key":"from","Type":15,"Integer":0,"String":"c","Interface":null}}
2025-08-15T22:12:58.994-0500	DEBUG	protocol/handler.go:1649	have all messages and processed	{"{round 20 2  <nil>}": {"Key":"self","Type":15,"Integer":0,"String":"a","Interface":null}}
2025-08-15T22:12:58.994-0500	DEBUG	protocol/handler.go:596	round already finalized
2025-08-15T22:12:58.994-0500	DEBUG	protocol/handler.go:600	current round already advanced	{"{checking 20 2  <nil>}": {"Key":"current","Type":20,"Integer":3,"String":"","Interface":null}}
2025-08-15T22:12:58.994-0500	INFO	protocol/handler.go:560	advanced to round
2025-08-15T22:12:58.994-0500	DEBUG	protocol/handler.go:581	tryAdvanceRound called	{"{current_round 20 3  <nil>}": {"Key":"self","Type":15,"Integer":0,"String":"a","Interface":null}}
2025-08-15T22:12:58.994-0500	DEBUG	protocol/handler.go:1591	have processed broadcast	{"{round 20 3  <nil>}": {"Key":"from","Type":15,"Integer":0,"String":"b","Interface":null}}
2025-08-15T22:12:58.994-0500	DEBUG	protocol/handler.go:1600	waiting for broadcasts	{"{round 20 3  <nil>}": {"Key":"missing","Type":15,"Integer":0,"String":"[c]","Interface":null}}
2025-08-15T22:12:58.994-0500	DEBUG	protocol/handler.go:1081	sent message to output channel	{"{from 15 0 c <nil>}": {"Key":"to","Type":15,"Integer":0,"String":"","Interface":null}, "{round 20 3  <nil>}": {"Key":"broadcast","Type":4,"Integer":1,"String":"","Interface":null}}
2025-08-15T22:12:58.994-0500	DEBUG	protocol/handler.go:1039	sendRoundMessage	{"{from 15 0 c <nil>}": {"Key":"to","Type":15,"Integer":0,"String":"a","Interface":null}, "{round 20 3  <nil>}": {"Key":"broadcast","Type":4,"Integer":0,"String":"","Interface":null}}
2025-08-15T22:12:58.994-0500	DEBUG	protocol/handler.go:1081	sent message to output channel	{"{from 15 0 c <nil>}": {"Key":"to","Type":15,"Integer":0,"String":"a","Interface":null}, "{round 20 3  <nil>}": {"Key":"broadcast","Type":4,"Integer":0,"String":"","Interface":null}}
2025-08-15T22:12:58.994-0500	DEBUG	protocol/handler.go:1039	sendRoundMessage	{"{from 15 0 c <nil>}": {"Key":"to","Type":15,"Integer":0,"String":"b","Interface":null}, "{round 20 3  <nil>}": {"Key":"broadcast","Type":4,"Integer":0,"String":"","Interface":null}}
2025-08-15T22:12:58.994-0500	DEBUG	protocol/handler.go:1081	sent message to output channel	{"{from 15 0 c <nil>}": {"Key":"to","Type":15,"Integer":0,"String":"b","Interface":null}, "{round 20 3  <nil>}": {"Key":"broadcast","Type":4,"Integer":0,"String":"","Interface":null}}
2025-08-15T22:12:58.994-0500	DEBUG	protocol/handler.go:1182	finalized round messages	{"{round 20 2  <nil>}": {"Key":"messages","Type":11,"Integer":3,"String":"","Interface":null}}
2025-08-15T22:12:58.994-0500	DEBUG	protocol/handler.go:1239	finalize returned next round	{"{current 20 2  <nil>}": {"Key":"next","Type":20,"Integer":3,"String":"","Interface":null}}
2025-08-15T22:12:58.994-0500	INFO	protocol/handler.go:642	storing new currentRound	{"{from 20 2  <nil>}": {"Key":"to","Type":20,"Integer":3,"String":"","Interface":null}}
2025-08-15T22:12:58.994-0500	DEBUG	protocol/handler.go:1503	processing queued messages
2025-08-15T22:12:58.994-0500	DEBUG	protocol/handler.go:1503	processing queued messages
2025-08-15T22:12:58.995-0500	DEBUG	protocol/handler.go:437	processing message	{"{from 15 0 a <nil>}": {"Key":"to","Type":15,"Integer":0,"String":"c","Interface":null}, "{round 20 3  <nil>}": {"Key":"broadcast","Type":4,"Integer":0,"String":"","Interface":null}}
2025-08-15T22:12:58.998-0500	DEBUG	protocol/handler.go:1662	storing message	{"{round 20 3  <nil>}": {"Key":"from","Type":15,"Integer":0,"String":"a","Interface":null}}
2025-08-15T22:12:58.998-0500	DEBUG	protocol/handler.go:432	processMessage: p2p round 3 START	{"{from 15 0 c <nil>}": {"Key":"to","Type":15,"Integer":0,"String":"a","Interface":null}}
2025-08-15T22:12:58.998-0500	DEBUG	protocol/handler.go:437	processing message	{"{from 15 0 c <nil>}": {"Key":"to","Type":15,"Integer":0,"String":"a","Interface":null}, "{round 20 3  <nil>}": {"Key":"broadcast","Type":4,"Integer":0,"String":"","Interface":null}}
2025-08-15T22:12:58.998-0500	DEBUG	protocol/handler.go:1662	storing message	{"{round 20 3  <nil>}": {"Key":"from","Type":15,"Integer":0,"String":"c","Interface":null}}
2025-08-15T22:12:58.998-0500	DEBUG	protocol/handler.go:1591	have processed broadcast	{"{round 20 2  <nil>}": {"Key":"from","Type":15,"Integer":0,"String":"a","Interface":null}}
2025-08-15T22:12:58.998-0500	DEBUG	protocol/handler.go:581	tryAdvanceRound called	{"{current_round 20 3  <nil>}": {"Key":"self","Type":15,"Integer":0,"String":"a","Interface":null}}
2025-08-15T22:12:58.998-0500	DEBUG	protocol/handler.go:1591	have processed broadcast	{"{round 20 2  <nil>}": {"Key":"from","Type":15,"Integer":0,"String":"c","Interface":null}}
2025-08-15T22:12:58.998-0500	DEBUG	protocol/handler.go:1306	waiting for broadcast before normal message
2025-08-15T22:12:58.998-0500	DEBUG	protocol/handler.go:1649	have all messages and processed	{"{round 20 2  <nil>}": {"Key":"self","Type":15,"Integer":0,"String":"b","Interface":null}}
2025-08-15T22:12:58.998-0500	DEBUG	protocol/handler.go:1591	have processed broadcast	{"{round 20 3  <nil>}": {"Key":"from","Type":15,"Integer":0,"String":"b","Interface":null}}
2025-08-15T22:12:58.998-0500	DEBUG	protocol/handler.go:596	round already finalized
2025-08-15T22:12:58.998-0500	DEBUG	protocol/handler.go:1600	waiting for broadcasts	{"{round 20 3  <nil>}": {"Key":"missing","Type":15,"Integer":0,"String":"[c]","Interface":null}}
2025-08-15T22:12:58.998-0500	DEBUG	protocol/handler.go:600	current round already advanced	{"{checking 20 2  <nil>}": {"Key":"current","Type":20,"Integer":3,"String":"","Interface":null}}
2025-08-15T22:12:58.998-0500	DEBUG	protocol/handler.go:437	processing message	{"{from 15 0 c <nil>}": {"Key":"to","Type":15,"Integer":0,"String":"","Interface":null}, "{round 20 3  <nil>}": {"Key":"broadcast","Type":4,"Integer":1,"String":"","Interface":null}}
2025-08-15T22:12:58.998-0500	INFO	protocol/handler.go:560	advanced to round
2025-08-15T22:12:58.998-0500	DEBUG	protocol/handler.go:1657	storing broadcast	{"{round 20 3  <nil>}": {"Key":"from","Type":15,"Integer":0,"String":"c","Interface":null}}
2025-08-15T22:12:58.998-0500	DEBUG	protocol/handler.go:581	tryAdvanceRound called	{"{current_round 20 3  <nil>}": {"Key":"self","Type":15,"Integer":0,"String":"b","Interface":null}}
2025-08-15T22:12:58.998-0500	DEBUG	protocol/handler.go:581	tryAdvanceRound called	{"{current_round 20 3  <nil>}": {"Key":"self","Type":15,"Integer":0,"String":"b","Interface":null}}
2025-08-15T22:12:58.999-0500	DEBUG	protocol/handler.go:581	tryAdvanceRound called	{"{current_round 20 3  <nil>}": {"Key":"self","Type":15,"Integer":0,"String":"b","Interface":null}}
2025-08-15T22:12:58.999-0500	DEBUG	protocol/handler.go:1591	have processed broadcast	{"{round 20 3  <nil>}": {"Key":"from","Type":15,"Integer":0,"String":"a","Interface":null}}
2025-08-15T22:12:58.999-0500	DEBUG	protocol/handler.go:1591	have processed broadcast	{"{round 20 3  <nil>}": {"Key":"from","Type":15,"Integer":0,"String":"c","Interface":null}}
2025-08-15T22:12:58.999-0500	DEBUG	protocol/handler.go:1635	waiting for messages	{"{round 20 3  <nil>}": {"Key":"missing","Type":15,"Integer":0,"String":"[c]","Interface":null}}
2025-08-15T22:12:58.998-0500	DEBUG	protocol/handler.go:437	processing message	{"{from 15 0 c <nil>}": {"Key":"to","Type":15,"Integer":0,"String":"","Interface":null}, "{round 20 3  <nil>}": {"Key":"broadcast","Type":4,"Integer":1,"String":"","Interface":null}}
2025-08-15T22:12:58.999-0500	DEBUG	protocol/handler.go:1657	storing broadcast	{"{round 20 3  <nil>}": {"Key":"from","Type":15,"Integer":0,"String":"c","Interface":null}}
2025-08-15T22:12:58.999-0500	DEBUG	protocol/handler.go:581	tryAdvanceRound called	{"{current_round 20 3  <nil>}": {"Key":"self","Type":15,"Integer":0,"String":"a","Interface":null}}
2025-08-15T22:12:59.000-0500	DEBUG	protocol/handler.go:1591	have processed broadcast	{"{round 20 3  <nil>}": {"Key":"from","Type":15,"Integer":0,"String":"a","Interface":null}}
2025-08-15T22:12:59.000-0500	DEBUG	protocol/handler.go:1591	have processed broadcast	{"{round 20 3  <nil>}": {"Key":"from","Type":15,"Integer":0,"String":"a","Interface":null}}
2025-08-15T22:12:59.000-0500	DEBUG	protocol/handler.go:1591	have processed broadcast	{"{round 20 3  <nil>}": {"Key":"from","Type":15,"Integer":0,"String":"c","Interface":null}}
2025-08-15T22:12:59.000-0500	DEBUG	protocol/handler.go:1591	have processed broadcast	{"{round 20 3  <nil>}": {"Key":"from","Type":15,"Integer":0,"String":"c","Interface":null}}
2025-08-15T22:12:59.000-0500	DEBUG	protocol/handler.go:1635	waiting for messages	{"{round 20 3  <nil>}": {"Key":"missing","Type":15,"Integer":0,"String":"[c]","Interface":null}}
2025-08-15T22:12:59.000-0500	DEBUG	protocol/handler.go:1635	waiting for messages	{"{round 20 3  <nil>}": {"Key":"missing","Type":15,"Integer":0,"String":"[c]","Interface":null}}
2025-08-15T22:12:59.000-0500	DEBUG	protocol/handler.go:581	tryAdvanceRound called	{"{current_round 20 3  <nil>}": {"Key":"self","Type":15,"Integer":0,"String":"b","Interface":null}}
2025-08-15T22:12:59.000-0500	DEBUG	protocol/handler.go:432	processMessage: p2p round 3 START	{"{from 15 0 c <nil>}": {"Key":"to","Type":15,"Integer":0,"String":"b","Interface":null}}
2025-08-15T22:12:59.000-0500	DEBUG	protocol/handler.go:1591	have processed broadcast	{"{round 20 3  <nil>}": {"Key":"from","Type":15,"Integer":0,"String":"a","Interface":null}}
2025-08-15T22:12:59.000-0500	DEBUG	protocol/handler.go:437	processing message	{"{from 15 0 c <nil>}": {"Key":"to","Type":15,"Integer":0,"String":"b","Interface":null}, "{round 20 3  <nil>}": {"Key":"broadcast","Type":4,"Integer":0,"String":"","Interface":null}}
2025-08-15T22:12:59.000-0500	DEBUG	protocol/handler.go:1591	have processed broadcast	{"{round 20 3  <nil>}": {"Key":"from","Type":15,"Integer":0,"String":"c","Interface":null}}
2025-08-15T22:12:59.000-0500	DEBUG	protocol/handler.go:1662	storing message	{"{round 20 3  <nil>}": {"Key":"from","Type":15,"Integer":0,"String":"c","Interface":null}}
2025-08-15T22:12:59.000-0500	DEBUG	protocol/handler.go:1635	waiting for messages	{"{round 20 3  <nil>}": {"Key":"missing","Type":15,"Integer":0,"String":"[c]","Interface":null}}
2025-08-15T22:12:59.001-0500	DEBUG	protocol/handler.go:1591	have processed broadcast	{"{round 20 3  <nil>}": {"Key":"from","Type":15,"Integer":0,"String":"b","Interface":null}}
2025-08-15T22:12:59.001-0500	DEBUG	protocol/handler.go:1591	have processed broadcast	{"{round 20 3  <nil>}": {"Key":"from","Type":15,"Integer":0,"String":"c","Interface":null}}
2025-08-15T22:12:59.001-0500	DEBUG	protocol/handler.go:1649	have all messages and processed	{"{round 20 3  <nil>}": {"Key":"self","Type":15,"Integer":0,"String":"a","Interface":null}}
2025-08-15T22:12:59.001-0500	DEBUG	protocol/handler.go:619	finalizing round
2025-08-15T22:12:59.001-0500	DEBUG	protocol/handler.go:581	tryAdvanceRound called	{"{current_round 20 3  <nil>}": {"Key":"self","Type":15,"Integer":0,"String":"b","Interface":null}}
2025-08-15T22:12:59.001-0500	DEBUG	protocol/handler.go:1591	have processed broadcast	{"{round 20 3  <nil>}": {"Key":"from","Type":15,"Integer":0,"String":"a","Interface":null}}
2025-08-15T22:12:59.001-0500	DEBUG	protocol/handler.go:1591	have processed broadcast	{"{round 20 3  <nil>}": {"Key":"from","Type":15,"Integer":0,"String":"c","Interface":null}}
2025-08-15T22:12:59.002-0500	DEBUG	protocol/handler.go:1649	have all messages and processed	{"{round 20 3  <nil>}": {"Key":"self","Type":15,"Integer":0,"String":"b","Interface":null}}
2025-08-15T22:12:59.002-0500	DEBUG	protocol/handler.go:619	finalizing round
2025-08-15T22:12:59.003-0500	INFO	protocol/handler.go:560	advanced to round
2025-08-15T22:12:59.003-0500	DEBUG	protocol/handler.go:581	tryAdvanceRound called	{"{current_round 20 3  <nil>}": {"Key":"self","Type":15,"Integer":0,"String":"c","Interface":null}}
2025-08-15T22:12:59.003-0500	DEBUG	protocol/handler.go:1182	finalized round messages	{"{round 20 3  <nil>}": {"Key":"messages","Type":11,"Integer":0,"String":"","Interface":null}}
2025-08-15T22:12:59.003-0500	DEBUG	protocol/handler.go:1591	have processed broadcast	{"{round 20 3  <nil>}": {"Key":"from","Type":15,"Integer":0,"String":"a","Interface":null}}
2025-08-15T22:12:59.003-0500	INFO	protocol/handler.go:1211	protocol completed	{"{self 15 0 a <nil>}": {"Key":"final_round","Type":20,"Integer":3,"String":"","Interface":null}}
2025-08-15T22:12:59.003-0500	DEBUG	protocol/handler.go:1591	have processed broadcast	{"{round 20 3  <nil>}": {"Key":"from","Type":15,"Integer":0,"String":"b","Interface":null}}
2025-08-15T22:12:59.003-0500	DEBUG	protocol/handler.go:624	finalizeRound returned nil
2025-08-15T22:12:59.003-0500	DEBUG	protocol/handler.go:1635	waiting for messages	{"{round 20 3  <nil>}": {"Key":"missing","Type":15,"Integer":0,"String":"[a]","Interface":null}}
2025-08-15T22:12:58.998-0500	DEBUG	protocol/handler.go:581	tryAdvanceRound called	{"{current_round 20 3  <nil>}": {"Key":"self","Type":15,"Integer":0,"String":"a","Interface":null}}
2025-08-15T22:12:59.003-0500	DEBUG	protocol/handler.go:1591	have processed broadcast	{"{round 20 3  <nil>}": {"Key":"from","Type":15,"Integer":0,"String":"b","Interface":null}}
2025-08-15T22:12:59.003-0500	DEBUG	protocol/handler.go:1591	have processed broadcast	{"{round 20 3  <nil>}": {"Key":"from","Type":15,"Integer":0,"String":"c","Interface":null}}
2025-08-15T22:12:59.003-0500	DEBUG	protocol/handler.go:1649	have all messages and processed	{"{round 20 3  <nil>}": {"Key":"self","Type":15,"Integer":0,"String":"a","Interface":null}}
2025-08-15T22:12:59.003-0500	DEBUG	protocol/handler.go:596	round already finalized
2025-08-15T22:12:59.003-0500	DEBUG	protocol/handler.go:1182	finalized round messages	{"{round 20 3  <nil>}": {"Key":"messages","Type":11,"Integer":0,"String":"","Interface":null}}
2025-08-15T22:12:58.995-0500	DEBUG	protocol/handler.go:1662	storing message	{"{round 20 3  <nil>}": {"Key":"from","Type":15,"Integer":0,"String":"a","Interface":null}}
2025-08-15T22:12:59.003-0500	INFO	protocol/handler.go:1211	protocol completed	{"{self 15 0 b <nil>}": {"Key":"final_round","Type":20,"Integer":3,"String":"","Interface":null}}
2025-08-15T22:12:59.003-0500	DEBUG	protocol/handler.go:624	finalizeRound returned nil
2025-08-15T22:12:59.005-0500	DEBUG	protocol/handler.go:581	tryAdvanceRound called	{"{current_round 20 3  <nil>}": {"Key":"self","Type":15,"Integer":0,"String":"c","Interface":null}}
2025-08-15T22:12:59.005-0500	DEBUG	protocol/handler.go:1591	have processed broadcast	{"{round 20 3  <nil>}": {"Key":"from","Type":15,"Integer":0,"String":"a","Interface":null}}
2025-08-15T22:12:59.005-0500	DEBUG	protocol/handler.go:1591	have processed broadcast	{"{round 20 3  <nil>}": {"Key":"from","Type":15,"Integer":0,"String":"b","Interface":null}}
2025-08-15T22:12:59.005-0500	DEBUG	protocol/handler.go:1649	have all messages and processed	{"{round 20 3  <nil>}": {"Key":"self","Type":15,"Integer":0,"String":"c","Interface":null}}
2025-08-15T22:12:59.005-0500	DEBUG	protocol/handler.go:619	finalizing round
2025-08-15T22:12:59.010-0500	INFO	protocol/handler.go:787	protocol completed successfully
2025-08-15T22:12:59.010-0500	DEBUG	protocol/handler.go:581	tryAdvanceRound called	{"{current_round 20 3  <nil>}": {"Key":"self","Type":15,"Integer":0,"String":"c","Interface":null}}
2025-08-15T22:12:59.011-0500	DEBUG	protocol/handler.go:1591	have processed broadcast	{"{round 20 3  <nil>}": {"Key":"from","Type":15,"Integer":0,"String":"a","Interface":null}}
2025-08-15T22:12:59.011-0500	DEBUG	protocol/handler.go:1591	have processed broadcast	{"{round 20 3  <nil>}": {"Key":"from","Type":15,"Integer":0,"String":"b","Interface":null}}
2025-08-15T22:12:59.011-0500	DEBUG	protocol/handler.go:1649	have all messages and processed	{"{round 20 3  <nil>}": {"Key":"self","Type":15,"Integer":0,"String":"c","Interface":null}}
2025-08-15T22:12:59.011-0500	DEBUG	protocol/handler.go:596	round already finalized
2025-08-15T22:12:59.011-0500	INFO	protocol/handler.go:787	protocol completed successfully
2025-08-15T22:12:59.012-0500	DEBUG	protocol/handler.go:1182	finalized round messages	{"{round 20 3  <nil>}": {"Key":"messages","Type":11,"Integer":0,"String":"","Interface":null}}
2025-08-15T22:12:59.012-0500	INFO	protocol/handler.go:1211	protocol completed	{"{self 15 0 c <nil>}": {"Key":"final_round","Type":20,"Integer":3,"String":"","Interface":null}}
2025-08-15T22:12:59.012-0500	DEBUG	protocol/handler.go:624	finalizeRound returned nil
2025-08-15T22:12:59.021-0500	INFO	protocol/handler.go:787	protocol completed successfully
2025-08-15T22:12:59.021-0500	INFO	protocol/handler.go:240	starting protocol handler	{"{protocol 15 0 frost/sign-threshold <nil>}": {"Key":"workers","Type":11,"Integer":4,"String":"","Interface":null}, "{parties 11 3  <nil>}": {"Key":"threshold","Type":11,"Integer":2,"String":"","Interface":null}}
2025-08-15T22:12:59.021-0500	DEBUG	protocol/handler.go:348	starting worker pools	{"{workers 11 4  <nil>}": {"Key":"priority","Type":11,"Integer":4,"String":"","Interface":null}}
2025-08-15T22:12:59.022-0500	DEBUG	protocol/handler.go:391	worker started	{"{id 11 3  <nil>}": {"Key":"priority","Type":4,"Integer":0,"String":"","Interface":null}}
2025-08-15T22:12:59.022-0500	DEBUG	protocol/handler.go:391	worker started	{"{id 11 3  <nil>}": {"Key":"priority","Type":4,"Integer":1,"String":"","Interface":null}}
2025-08-15T22:12:59.022-0500	DEBUG	protocol/handler.go:391	worker started	{"{id 11 2  <nil>}": {"Key":"priority","Type":4,"Integer":1,"String":"","Interface":null}}
2025-08-15T22:12:59.022-0500	DEBUG	protocol/handler.go:930	initializing round
2025-08-15T22:12:59.022-0500	DEBUG	protocol/handler.go:1503	processing queued messages
2025-08-15T22:12:59.022-0500	DEBUG	protocol/handler.go:391	worker started	{"{id 11 1  <nil>}": {"Key":"priority","Type":4,"Integer":0,"String":"","Interface":null}}
2025-08-15T22:12:59.022-0500	DEBUG	protocol/handler.go:391	worker started	{"{id 11 0  <nil>}": {"Key":"priority","Type":4,"Integer":0,"String":"","Interface":null}}
2025-08-15T22:12:59.022-0500	DEBUG	protocol/handler.go:391	worker started	{"{id 11 2  <nil>}": {"Key":"priority","Type":4,"Integer":0,"String":"","Interface":null}}
2025-08-15T22:12:59.022-0500	DEBUG	protocol/handler.go:391	worker started	{"{id 11 0  <nil>}": {"Key":"priority","Type":4,"Integer":1,"String":"","Interface":null}}
2025-08-15T22:12:59.022-0500	INFO	protocol/handler.go:240	starting protocol handler	{"{protocol 15 0 frost/sign-threshold <nil>}": {"Key":"workers","Type":11,"Integer":4,"String":"","Interface":null}, "{parties 11 3  <nil>}": {"Key":"threshold","Type":11,"Integer":2,"String":"","Interface":null}}
2025-08-15T22:12:59.022-0500	DEBUG	protocol/handler.go:348	starting worker pools	{"{workers 11 4  <nil>}": {"Key":"priority","Type":11,"Integer":4,"String":"","Interface":null}}
2025-08-15T22:12:59.022-0500	DEBUG	protocol/handler.go:391	worker started	{"{id 11 1  <nil>}": {"Key":"priority","Type":4,"Integer":1,"String":"","Interface":null}}
2025-08-15T22:12:59.022-0500	DEBUG	protocol/handler.go:391	worker started	{"{id 11 2  <nil>}": {"Key":"priority","Type":4,"Integer":0,"String":"","Interface":null}}
2025-08-15T22:12:59.022-0500	DEBUG	protocol/handler.go:391	worker started	{"{id 11 0  <nil>}": {"Key":"priority","Type":4,"Integer":1,"String":"","Interface":null}}
2025-08-15T22:12:59.022-0500	DEBUG	protocol/handler.go:391	worker started	{"{id 11 3  <nil>}": {"Key":"priority","Type":4,"Integer":0,"String":"","Interface":null}}
2025-08-15T22:12:59.022-0500	DEBUG	protocol/handler.go:930	initializing round
2025-08-15T22:12:59.022-0500	DEBUG	protocol/handler.go:391	worker started	{"{id 11 0  <nil>}": {"Key":"priority","Type":4,"Integer":0,"String":"","Interface":null}}
2025-08-15T22:12:59.022-0500	DEBUG	protocol/handler.go:1503	processing queued messages
2025-08-15T22:12:59.022-0500	DEBUG	protocol/handler.go:391	worker started	{"{id 11 2  <nil>}": {"Key":"priority","Type":4,"Integer":1,"String":"","Interface":null}}
2025-08-15T22:12:59.023-0500	DEBUG	protocol/handler.go:391	worker started	{"{id 11 1  <nil>}": {"Key":"priority","Type":4,"Integer":1,"String":"","Interface":null}}
2025-08-15T22:12:59.022-0500	DEBUG	protocol/handler.go:391	worker started	{"{id 11 1  <nil>}": {"Key":"priority","Type":4,"Integer":0,"String":"","Interface":null}}
2025-08-15T22:12:59.023-0500	DEBUG	protocol/handler.go:391	worker started	{"{id 11 3  <nil>}": {"Key":"priority","Type":4,"Integer":1,"String":"","Interface":null}}
2025-08-15T22:12:59.023-0500	INFO	protocol/handler.go:240	starting protocol handler	{"{protocol 15 0 frost/sign-threshold <nil>}": {"Key":"workers","Type":11,"Integer":4,"String":"","Interface":null}, "{parties 11 3  <nil>}": {"Key":"threshold","Type":11,"Integer":2,"String":"","Interface":null}}
2025-08-15T22:12:59.023-0500	DEBUG	protocol/handler.go:348	starting worker pools	{"{workers 11 4  <nil>}": {"Key":"priority","Type":11,"Integer":4,"String":"","Interface":null}}
2025-08-15T22:12:59.023-0500	DEBUG	protocol/handler.go:391	worker started	{"{id 11 1  <nil>}": {"Key":"priority","Type":4,"Integer":0,"String":"","Interface":null}}
2025-08-15T22:12:59.023-0500	DEBUG	protocol/handler.go:930	initializing round
2025-08-15T22:12:59.023-0500	DEBUG	protocol/handler.go:1503	processing queued messages
2025-08-15T22:12:59.023-0500	DEBUG	protocol/handler.go:391	worker started	{"{id 11 1  <nil>}": {"Key":"priority","Type":4,"Integer":1,"String":"","Interface":null}}
2025-08-15T22:12:59.023-0500	DEBUG	protocol/handler.go:391	worker started	{"{id 11 2  <nil>}": {"Key":"priority","Type":4,"Integer":0,"String":"","Interface":null}}
2025-08-15T22:12:59.023-0500	DEBUG	protocol/handler.go:391	worker started	{"{id 11 3  <nil>}": {"Key":"priority","Type":4,"Integer":0,"String":"","Interface":null}}
2025-08-15T22:12:59.023-0500	DEBUG	protocol/handler.go:391	worker started	{"{id 11 0  <nil>}": {"Key":"priority","Type":4,"Integer":0,"String":"","Interface":null}}
2025-08-15T22:12:59.023-0500	DEBUG	protocol/handler.go:391	worker started	{"{id 11 0  <nil>}": {"Key":"priority","Type":4,"Integer":1,"String":"","Interface":null}}
2025-08-15T22:12:59.023-0500	DEBUG	protocol/handler.go:391	worker started	{"{id 11 3  <nil>}": {"Key":"priority","Type":4,"Integer":1,"String":"","Interface":null}}
2025-08-15T22:12:59.023-0500	DEBUG	protocol/handler.go:403	worker stopping
2025-08-15T22:12:59.023-0500	DEBUG	protocol/handler.go:403	worker stopping
2025-08-15T22:12:59.023-0500	DEBUG	protocol/handler.go:403	worker stopping
2025-08-15T22:12:59.023-0500	DEBUG	protocol/handler.go:403	worker stopping
2025-08-15T22:12:59.023-0500	DEBUG	protocol/handler.go:403	worker stopping
2025-08-15T22:12:59.023-0500	DEBUG	protocol/handler.go:403	worker stopping
2025-08-15T22:12:59.023-0500	DEBUG	protocol/handler.go:403	worker stopping
2025-08-15T22:12:59.023-0500	DEBUG	protocol/handler.go:403	worker stopping
2025-08-15T22:12:59.023-0500	DEBUG	protocol/handler.go:391	worker started	{"{id 11 2  <nil>}": {"Key":"priority","Type":4,"Integer":1,"String":"","Interface":null}}
2025-08-15T22:12:59.024-0500	DEBUG	protocol/handler.go:403	worker stopping
2025-08-15T22:12:59.024-0500	DEBUG	protocol/handler.go:403	worker stopping
2025-08-15T22:12:59.024-0500	DEBUG	protocol/handler.go:403	worker stopping
2025-08-15T22:12:59.024-0500	DEBUG	protocol/handler.go:403	worker stopping
2025-08-15T22:12:59.024-0500	DEBUG	protocol/handler.go:403	worker stopping
2025-08-15T22:12:59.024-0500	DEBUG	protocol/handler.go:403	worker stopping
2025-08-15T22:12:59.024-0500	DEBUG	protocol/handler.go:403	worker stopping
2025-08-15T22:12:59.024-0500	DEBUG	protocol/handler.go:403	worker stopping
2025-08-15T22:12:59.032-0500	DEBUG	protocol/handler.go:403	worker stopping
2025-08-15T22:12:59.032-0500	DEBUG	protocol/handler.go:403	worker stopping
2025-08-15T22:12:59.032-0500	DEBUG	protocol/handler.go:403	worker stopping
2025-08-15T22:12:59.032-0500	DEBUG	protocol/handler.go:403	worker stopping
2025-08-15T22:12:59.032-0500	DEBUG	protocol/handler.go:403	worker stopping
2025-08-15T22:12:59.032-0500	DEBUG	protocol/handler.go:403	worker stopping
2025-08-15T22:12:59.032-0500	DEBUG	protocol/handler.go:403	worker stopping
2025-08-15T22:12:59.032-0500	DEBUG	protocol/handler.go:403	worker stopping
2025-08-15T22:12:59.034-0500	INFO	protocol/handler.go:560	advanced to round
2025-08-15T22:12:59.034-0500	DEBUG	protocol/handler.go:581	tryAdvanceRound called	{"{current_round 20 1  <nil>}": {"Key":"self","Type":15,"Integer":0,"String":"b","Interface":null}}
2025-08-15T22:12:59.034-0500	INFO	protocol/handler.go:560	advanced to round
2025-08-15T22:12:59.034-0500	DEBUG	protocol/handler.go:1649	have all messages and processed	{"{round 20 1  <nil>}": {"Key":"self","Type":15,"Integer":0,"String":"b","Interface":null}}
2025-08-15T22:12:59.034-0500	DEBUG	protocol/handler.go:581	tryAdvanceRound called	{"{current_round 20 1  <nil>}": {"Key":"self","Type":15,"Integer":0,"String":"c","Interface":null}}
2025-08-15T22:12:59.034-0500	DEBUG	protocol/handler.go:619	finalizing round
2025-08-15T22:12:59.034-0500	DEBUG	protocol/handler.go:1649	have all messages and processed	{"{round 20 1  <nil>}": {"Key":"self","Type":15,"Integer":0,"String":"c","Interface":null}}
2025-08-15T22:12:59.034-0500	DEBUG	protocol/handler.go:619	finalizing round
2025-08-15T22:12:59.035-0500	DEBUG	protocol/handler.go:1039	sendRoundMessage	{"{from 15 0 c <nil>}": {"Key":"to","Type":15,"Integer":0,"String":"","Interface":null}, "{round 20 2  <nil>}": {"Key":"broadcast","Type":4,"Integer":1,"String":"","Interface":null}}
2025-08-15T22:12:59.035-0500	DEBUG	protocol/handler.go:1039	sendRoundMessage	{"{from 15 0 b <nil>}": {"Key":"to","Type":15,"Integer":0,"String":"","Interface":null}, "{round 20 2  <nil>}": {"Key":"broadcast","Type":4,"Integer":1,"String":"","Interface":null}}
2025-08-15T22:12:59.036-0500	DEBUG	protocol/handler.go:1657	storing broadcast	{"{round 20 2  <nil>}": {"Key":"from","Type":15,"Integer":0,"String":"b","Interface":null}}
2025-08-15T22:12:59.036-0500	DEBUG	protocol/handler.go:1081	sent message to output channel	{"{from 15 0 b <nil>}": {"Key":"to","Type":15,"Integer":0,"String":"","Interface":null}, "{round 20 2  <nil>}": {"Key":"broadcast","Type":4,"Integer":1,"String":"","Interface":null}}
2025-08-15T22:12:59.036-0500	DEBUG	protocol/handler.go:1182	finalized round messages	{"{round 20 1  <nil>}": {"Key":"messages","Type":11,"Integer":1,"String":"","Interface":null}}
2025-08-15T22:12:59.036-0500	DEBUG	protocol/handler.go:1239	finalize returned next round	{"{current 20 1  <nil>}": {"Key":"next","Type":20,"Integer":2,"String":"","Interface":null}}
2025-08-15T22:12:59.036-0500	INFO	protocol/handler.go:642	storing new currentRound	{"{from 20 1  <nil>}": {"Key":"to","Type":20,"Integer":2,"String":"","Interface":null}}
2025-08-15T22:12:59.036-0500	DEBUG	protocol/handler.go:1503	processing queued messages
2025-08-15T22:12:59.036-0500	DEBUG	protocol/handler.go:1503	processing queued messages
2025-08-15T22:12:59.036-0500	DEBUG	protocol/handler.go:437	processing message	{"{from 15 0 b <nil>}": {"Key":"to","Type":15,"Integer":0,"String":"","Interface":null}, "{round 20 2  <nil>}": {"Key":"broadcast","Type":4,"Integer":1,"String":"","Interface":null}}
2025-08-15T22:12:59.036-0500	DEBUG	protocol/handler.go:1657	storing broadcast	{"{round 20 2  <nil>}": {"Key":"from","Type":15,"Integer":0,"String":"b","Interface":null}}
2025-08-15T22:12:59.036-0500	DEBUG	protocol/handler.go:470	message for different round (buffering)	{"{msg_round 20 2  <nil>}": {"Key":"current_round","Type":20,"Integer":1,"String":"","Interface":null}}
2025-08-15T22:12:59.036-0500	DEBUG	protocol/handler.go:581	tryAdvanceRound called	{"{current_round 20 1  <nil>}": {"Key":"self","Type":15,"Integer":0,"String":"a","Interface":null}}
2025-08-15T22:12:59.036-0500	DEBUG	protocol/handler.go:1649	have all messages and processed	{"{round 20 1  <nil>}": {"Key":"self","Type":15,"Integer":0,"String":"a","Interface":null}}
2025-08-15T22:12:59.036-0500	DEBUG	protocol/handler.go:619	finalizing round
2025-08-15T22:12:59.038-0500	DEBUG	protocol/handler.go:1657	storing broadcast	{"{round 20 2  <nil>}": {"Key":"from","Type":15,"Integer":0,"String":"c","Interface":null}}
2025-08-15T22:12:59.038-0500	DEBUG	protocol/handler.go:1081	sent message to output channel	{"{from 15 0 c <nil>}": {"Key":"to","Type":15,"Integer":0,"String":"","Interface":null}, "{round 20 2  <nil>}": {"Key":"broadcast","Type":4,"Integer":1,"String":"","Interface":null}}
2025-08-15T22:12:59.038-0500	DEBUG	protocol/handler.go:1039	sendRoundMessage	{"{from 15 0 a <nil>}": {"Key":"to","Type":15,"Integer":0,"String":"","Interface":null}, "{round 20 2  <nil>}": {"Key":"broadcast","Type":4,"Integer":1,"String":"","Interface":null}}
2025-08-15T22:12:59.038-0500	DEBUG	protocol/handler.go:1182	finalized round messages	{"{round 20 1  <nil>}": {"Key":"messages","Type":11,"Integer":1,"String":"","Interface":null}}
2025-08-15T22:12:59.038-0500	DEBUG	protocol/handler.go:1239	finalize returned next round	{"{current 20 1  <nil>}": {"Key":"next","Type":20,"Integer":2,"String":"","Interface":null}}
2025-08-15T22:12:59.039-0500	DEBUG	protocol/handler.go:1657	storing broadcast	{"{round 20 2  <nil>}": {"Key":"from","Type":15,"Integer":0,"String":"a","Interface":null}}
2025-08-15T22:12:59.039-0500	DEBUG	protocol/handler.go:1081	sent message to output channel	{"{from 15 0 a <nil>}": {"Key":"to","Type":15,"Integer":0,"String":"","Interface":null}, "{round 20 2  <nil>}": {"Key":"broadcast","Type":4,"Integer":1,"String":"","Interface":null}}
2025-08-15T22:12:59.039-0500	INFO	protocol/handler.go:642	storing new currentRound	{"{from 20 1  <nil>}": {"Key":"to","Type":20,"Integer":2,"String":"","Interface":null}}
2025-08-15T22:12:59.039-0500	DEBUG	protocol/handler.go:437	processing message	{"{from 15 0 a <nil>}": {"Key":"to","Type":15,"Integer":0,"String":"","Interface":null}, "{round 20 2  <nil>}": {"Key":"broadcast","Type":4,"Integer":1,"String":"","Interface":null}}
2025-08-15T22:12:59.039-0500	DEBUG	protocol/handler.go:1657	storing broadcast	{"{round 20 2  <nil>}": {"Key":"from","Type":15,"Integer":0,"String":"a","Interface":null}}
2025-08-15T22:12:59.039-0500	DEBUG	protocol/handler.go:1503	processing queued messages
2025-08-15T22:12:59.039-0500	DEBUG	protocol/handler.go:1182	finalized round messages	{"{round 20 1  <nil>}": {"Key":"messages","Type":11,"Integer":1,"String":"","Interface":null}}
2025-08-15T22:12:59.039-0500	DEBUG	protocol/handler.go:1239	finalize returned next round	{"{current 20 1  <nil>}": {"Key":"next","Type":20,"Integer":2,"String":"","Interface":null}}
2025-08-15T22:12:59.039-0500	INFO	protocol/handler.go:642	storing new currentRound	{"{from 20 1  <nil>}": {"Key":"to","Type":20,"Integer":2,"String":"","Interface":null}}
2025-08-15T22:12:59.039-0500	DEBUG	protocol/handler.go:1503	processing queued messages
2025-08-15T22:12:59.040-0500	DEBUG	protocol/handler.go:1503	processing queued messages
2025-08-15T22:12:59.040-0500	DEBUG	protocol/handler.go:581	tryAdvanceRound called	{"{current_round 20 2  <nil>}": {"Key":"self","Type":15,"Integer":0,"String":"c","Interface":null}}
2025-08-15T22:12:59.040-0500	DEBUG	protocol/handler.go:1591	have processed broadcast	{"{round 20 2  <nil>}": {"Key":"from","Type":15,"Integer":0,"String":"a","Interface":null}}
2025-08-15T22:12:59.040-0500	DEBUG	protocol/handler.go:1600	waiting for broadcasts	{"{round 20 2  <nil>}": {"Key":"missing","Type":15,"Integer":0,"String":"[b]","Interface":null}}
2025-08-15T22:12:59.040-0500	DEBUG	protocol/handler.go:437	processing message	{"{from 15 0 b <nil>}": {"Key":"to","Type":15,"Integer":0,"String":"","Interface":null}, "{round 20 2  <nil>}": {"Key":"broadcast","Type":4,"Integer":1,"String":"","Interface":null}}
2025-08-15T22:12:59.040-0500	DEBUG	protocol/handler.go:1657	storing broadcast	{"{round 20 2  <nil>}": {"Key":"from","Type":15,"Integer":0,"String":"b","Interface":null}}
2025-08-15T22:12:59.041-0500	DEBUG	protocol/handler.go:581	tryAdvanceRound called	{"{current_round 20 2  <nil>}": {"Key":"self","Type":15,"Integer":0,"String":"c","Interface":null}}
2025-08-15T22:12:59.041-0500	DEBUG	protocol/handler.go:1591	have processed broadcast	{"{round 20 2  <nil>}": {"Key":"from","Type":15,"Integer":0,"String":"a","Interface":null}}
2025-08-15T22:12:59.041-0500	DEBUG	protocol/handler.go:1591	have processed broadcast	{"{round 20 2  <nil>}": {"Key":"from","Type":15,"Integer":0,"String":"b","Interface":null}}
2025-08-15T22:12:59.041-0500	DEBUG	protocol/handler.go:1649	have all messages and processed	{"{round 20 2  <nil>}": {"Key":"self","Type":15,"Integer":0,"String":"c","Interface":null}}
2025-08-15T22:12:59.041-0500	DEBUG	protocol/handler.go:619	finalizing round
2025-08-15T22:12:59.043-0500	DEBUG	protocol/handler.go:1503	processing queued messages
2025-08-15T22:12:59.043-0500	DEBUG	protocol/handler.go:437	processing message	{"{from 15 0 c <nil>}": {"Key":"to","Type":15,"Integer":0,"String":"","Interface":null}, "{round 20 2  <nil>}": {"Key":"broadcast","Type":4,"Integer":1,"String":"","Interface":null}}
2025-08-15T22:12:59.043-0500	DEBUG	protocol/handler.go:1657	storing broadcast	{"{round 20 2  <nil>}": {"Key":"from","Type":15,"Integer":0,"String":"c","Interface":null}}
2025-08-15T22:12:59.044-0500	INFO	protocol/handler.go:560	advanced to round
2025-08-15T22:12:59.044-0500	DEBUG	protocol/handler.go:581	tryAdvanceRound called	{"{current_round 20 2  <nil>}": {"Key":"self","Type":15,"Integer":0,"String":"a","Interface":null}}
2025-08-15T22:12:59.044-0500	DEBUG	protocol/handler.go:1591	have processed broadcast	{"{round 20 2  <nil>}": {"Key":"from","Type":15,"Integer":0,"String":"b","Interface":null}}
2025-08-15T22:12:59.044-0500	DEBUG	protocol/handler.go:1600	waiting for broadcasts	{"{round 20 2  <nil>}": {"Key":"missing","Type":15,"Integer":0,"String":"[c]","Interface":null}}
2025-08-15T22:12:59.044-0500	DEBUG	protocol/handler.go:437	processing message	{"{from 15 0 a <nil>}": {"Key":"to","Type":15,"Integer":0,"String":"","Interface":null}, "{round 20 2  <nil>}": {"Key":"broadcast","Type":4,"Integer":1,"String":"","Interface":null}}
2025-08-15T22:12:59.044-0500	DEBUG	protocol/handler.go:1657	storing broadcast	{"{round 20 2  <nil>}": {"Key":"from","Type":15,"Integer":0,"String":"a","Interface":null}}
==================
WARNING: DATA RACE
Write at 0x00c001102090 by goroutine 2454:
  runtime.mapaccess2_faststr()
      /opt/homebrew/Cellar/go/1.24.6/libexec/src/internal/runtime/maps/runtime_faststr_swiss.go:162 +0x29c
  github.com/luxfi/threshold/protocols/frost/sign.(*round2).StoreBroadcastMessage()
      /Users/z/work/lux/threshold/protocols/frost/sign/round2.go:97 +0x4b0
  github.com/luxfi/threshold/pkg/protocol.(*Handler).verifyBroadcast()
      /Users/z/work/lux/threshold/pkg/protocol/handler.go:1392 +0x648
  github.com/luxfi/threshold/pkg/protocol.(*Handler).processMessage()
      /Users/z/work/lux/threshold/pkg/protocol/handler.go:480 +0xb9c
  github.com/luxfi/threshold/pkg/protocol.(*Handler).messageWorker()
      /Users/z/work/lux/threshold/pkg/protocol/handler.go:408 +0x338
  github.com/luxfi/threshold/pkg/protocol.(*Handler).startWorkers.gowrap2()
      /Users/z/work/lux/threshold/pkg/protocol/handler.go:361 +0x44

Previous read at 0x00c001102090 by goroutine 2456:
  runtime.mapdelete_fast64()
      /opt/homebrew/Cellar/go/1.24.6/libexec/src/internal/runtime/maps/runtime_fast64_swiss.go:497 +0x8c
  github.com/luxfi/threshold/protocols/frost/sign.(*round2).StoreBroadcastMessage()
      /Users/z/work/lux/threshold/protocols/frost/sign/round2.go:73 +0x124
  github.com/luxfi/threshold/pkg/protocol.(*Handler).verifyBroadcast()
      /Users/z/work/lux/threshold/pkg/protocol/handler.go:1392 +0x648
  github.com/luxfi/threshold/pkg/protocol.(*Handler).processMessage()
      /Users/z/work/lux/threshold/pkg/protocol/handler.go:480 +0xb9c
  github.com/luxfi/threshold/pkg/protocol.(*Handler).messageWorker()
      /Users/z/work/lux/threshold/pkg/protocol/handler.go:408 +0x338
  github.com/luxfi/threshold/pkg/protocol.(*Handler).startWorkers.gowrap2()
      /Users/z/work/lux/threshold/pkg/protocol/handler.go:361 +0x44

Goroutine 2454 (running) created at:
  github.com/luxfi/threshold/pkg/protocol.(*Handler).startWorkers()
      /Users/z/work/lux/threshold/pkg/protocol/handler.go:361 +0x334
  github.com/luxfi/threshold/pkg/protocol.NewHandler()
      /Users/z/work/lux/threshold/pkg/protocol/handler.go:247 +0xf10
  github.com/luxfi/threshold/internal/test.(*Harness).CreateHandler()
      /Users/z/work/lux/threshold/internal/test/harness.go:91 +0x2e4
  github.com/luxfi/threshold/internal/test.RunProtocol()
      /Users/z/work/lux/threshold/internal/test/harness.go:270 +0x230
  github.com/luxfi/threshold/protocols/frost_test.TestFROSTKeygenAndSign.(*KeygenAndSign).Run.func11()
      /Users/z/work/lux/threshold/internal/test/protocol_helpers.go:114 +0x3dc
  testing.tRunner()
      /opt/homebrew/Cellar/go/1.24.6/libexec/src/testing/testing.go:1792 +0x180
  testing.(*T).Run.gowrap1()
      /opt/homebrew/Cellar/go/1.24.6/libexec/src/testing/testing.go:1851 +0x40

Goroutine 2456 (running) created at:
  github.com/luxfi/threshold/pkg/protocol.(*Handler).startWorkers()
      /Users/z/work/lux/threshold/pkg/protocol/handler.go:361 +0x334
  github.com/luxfi/threshold/pkg/protocol.NewHandler()
      /Users/z/work/lux/threshold/pkg/protocol/handler.go:247 +0xf10
  github.com/luxfi/threshold/internal/test.(*Harness).CreateHandler()
      /Users/z/work/lux/threshold/internal/test/harness.go:91 +0x2e4
  github.com/luxfi/threshold/internal/test.RunProtocol()
      /Users/z/work/lux/threshold/internal/test/harness.go:270 +0x230
  github.com/luxfi/threshold/protocols/frost_test.TestFROSTKeygenAndSign.(*KeygenAndSign).Run.func11()
      /Users/z/work/lux/threshold/internal/test/protocol_helpers.go:114 +0x3dc
  testing.tRunner()
      /opt/homebrew/Cellar/go/1.24.6/libexec/src/testing/testing.go:1792 +0x180
  testing.(*T).Run.gowrap1()
      /opt/homebrew/Cellar/go/1.24.6/libexec/src/testing/testing.go:1851 +0x40
==================
2025-08-15T22:12:59.045-0500	DEBUG	protocol/handler.go:581	tryAdvanceRound called	{"{current_round 20 2  <nil>}": {"Key":"self","Type":15,"Integer":0,"String":"b","Interface":null}}
==================
WARNING: DATA RACE
Write at 0x00c001102090 by goroutine 2456:
  runtime.mapaccess2_faststr()
      /opt/homebrew/Cellar/go/1.24.6/libexec/src/internal/runtime/maps/runtime_faststr_swiss.go:162 +0x29c
  github.com/luxfi/threshold/protocols/frost/sign.(*round2).StoreBroadcastMessage()
      /Users/z/work/lux/threshold/protocols/frost/sign/round2.go:97 +0x4b0
  github.com/luxfi/threshold/pkg/protocol.(*Handler).verifyBroadcast()
      /Users/z/work/lux/threshold/pkg/protocol/handler.go:1392 +0x648
  github.com/luxfi/threshold/pkg/protocol.(*Handler).processMessage()
      /Users/z/work/lux/threshold/pkg/protocol/handler.go:480 +0xb9c
  github.com/luxfi/threshold/pkg/protocol.(*Handler).messageWorker()
      /Users/z/work/lux/threshold/pkg/protocol/handler.go:408 +0x338
  github.com/luxfi/threshold/pkg/protocol.(*Handler).startWorkers.gowrap2()
      /Users/z/work/lux/threshold/pkg/protocol/handler.go:361 +0x44

Previous write at 0x00c001102090 by goroutine 2454:
  runtime.mapaccess2_faststr()
      /opt/homebrew/Cellar/go/1.24.6/libexec/src/internal/runtime/maps/runtime_faststr_swiss.go:162 +0x29c
  github.com/luxfi/threshold/protocols/frost/sign.(*round2).StoreBroadcastMessage()
      /Users/z/work/lux/threshold/protocols/frost/sign/round2.go:97 +0x4b0
  github.com/luxfi/threshold/pkg/protocol.(*Handler).verifyBroadcastForRound()
      /Users/z/work/lux/threshold/pkg/protocol/handler.go:1277 +0x3a0
  github.com/luxfi/threshold/pkg/protocol.(*Handler).retryUnprocessedMessages()
      /Users/z/work/lux/threshold/pkg/protocol/handler.go:1483 +0x22c
  github.com/luxfi/threshold/pkg/protocol.(*Handler).tryAdvanceRound()
      /Users/z/work/lux/threshold/pkg/protocol/handler.go:587 +0x28c
  github.com/luxfi/threshold/pkg/protocol.(*Handler).processMessage()
      /Users/z/work/lux/threshold/pkg/protocol/handler.go:486 +0xbb0
  github.com/luxfi/threshold/pkg/protocol.(*Handler).messageWorker()
      /Users/z/work/lux/threshold/pkg/protocol/handler.go:408 +0x338
  github.com/luxfi/threshold/pkg/protocol.(*Handler).startWorkers.gowrap2()
      /Users/z/work/lux/threshold/pkg/protocol/handler.go:361 +0x44

Goroutine 2456 (running) created at:
  github.com/luxfi/threshold/pkg/protocol.(*Handler).startWorkers()
      /Users/z/work/lux/threshold/pkg/protocol/handler.go:361 +0x334
  github.com/luxfi/threshold/pkg/protocol.NewHandler()
      /Users/z/work/lux/threshold/pkg/protocol/handler.go:247 +0xf10
  github.com/luxfi/threshold/internal/test.(*Harness).CreateHandler()
      /Users/z/work/lux/threshold/internal/test/harness.go:91 +0x2e4
  github.com/luxfi/threshold/internal/test.RunProtocol()
      /Users/z/work/lux/threshold/internal/test/harness.go:270 +0x230
  github.com/luxfi/threshold/protocols/frost_test.TestFROSTKeygenAndSign.(*KeygenAndSign).Run.func11()
      /Users/z/work/lux/threshold/internal/test/protocol_helpers.go:114 +0x3dc
  testing.tRunner()
      /opt/homebrew/Cellar/go/1.24.6/libexec/src/testing/testing.go:1792 +0x180
  testing.(*T).Run.gowrap1()
      /opt/homebrew/Cellar/go/1.24.6/libexec/src/testing/testing.go:1851 +0x40

Goroutine 2454 (running) created at:
  github.com/luxfi/threshold/pkg/protocol.(*Handler).startWorkers()
      /Users/z/work/lux/threshold/pkg/protocol/handler.go:361 +0x334
  github.com/luxfi/threshold/pkg/protocol.NewHandler()
      /Users/z/work/lux/threshold/pkg/protocol/handler.go:247 +0xf10
  github.com/luxfi/threshold/internal/test.(*Harness).CreateHandler()
      /Users/z/work/lux/threshold/internal/test/harness.go:91 +0x2e4
  github.com/luxfi/threshold/internal/test.RunProtocol()
      /Users/z/work/lux/threshold/internal/test/harness.go:270 +0x230
  github.com/luxfi/threshold/protocols/frost_test.TestFROSTKeygenAndSign.(*KeygenAndSign).Run.func11()
      /Users/z/work/lux/threshold/internal/test/protocol_helpers.go:114 +0x3dc
  testing.tRunner()
      /opt/homebrew/Cellar/go/1.24.6/libexec/src/testing/testing.go:1792 +0x180
  testing.(*T).Run.gowrap1()
      /opt/homebrew/Cellar/go/1.24.6/libexec/src/testing/testing.go:1851 +0x40
==================
==================
WARNING: DATA RACE
Write at 0x00c000bfe058 by goroutine 2456:
  github.com/luxfi/threshold/protocols/frost/sign.(*round2).StoreBroadcastMessage()
      /Users/z/work/lux/threshold/protocols/frost/sign/round2.go:97 +0x4bc
  github.com/luxfi/threshold/pkg/protocol.(*Handler).verifyBroadcast()
      /Users/z/work/lux/threshold/pkg/protocol/handler.go:1392 +0x648
  github.com/luxfi/threshold/pkg/protocol.(*Handler).processMessage()
      /Users/z/work/lux/threshold/pkg/protocol/handler.go:480 +0xb9c
  github.com/luxfi/threshold/pkg/protocol.(*Handler).messageWorker()
      /Users/z/work/lux/threshold/pkg/protocol/handler.go:408 +0x338
  github.com/luxfi/threshold/pkg/protocol.(*Handler).startWorkers.gowrap2()
      /Users/z/work/lux/threshold/pkg/protocol/handler.go:361 +0x44

Previous write at 0x00c000bfe058 by goroutine 2454:
  github.com/luxfi/threshold/protocols/frost/sign.(*round2).StoreBroadcastMessage()
      /Users/z/work/lux/threshold/protocols/frost/sign/round2.go:97 +0x4bc
  github.com/luxfi/threshold/pkg/protocol.(*Handler).verifyBroadcastForRound()
      /Users/z/work/lux/threshold/pkg/protocol/handler.go:1277 +0x3a0
  github.com/luxfi/threshold/pkg/protocol.(*Handler).retryUnprocessedMessages()
      /Users/z/work/lux/threshold/pkg/protocol/handler.go:1483 +0x22c
  github.com/luxfi/threshold/pkg/protocol.(*Handler).tryAdvanceRound()
      /Users/z/work/lux/threshold/pkg/protocol/handler.go:587 +0x28c
  github.com/luxfi/threshold/pkg/protocol.(*Handler).processMessage()
      /Users/z/work/lux/threshold/pkg/protocol/handler.go:486 +0xbb0
  github.com/luxfi/threshold/pkg/protocol.(*Handler).messageWorker()
      /Users/z/work/lux/threshold/pkg/protocol/handler.go:408 +0x338
  github.com/luxfi/threshold/pkg/protocol.(*Handler).startWorkers.gowrap2()
      /Users/z/work/lux/threshold/pkg/protocol/handler.go:361 +0x44

Goroutine 2456 (running) created at:
  github.com/luxfi/threshold/pkg/protocol.(*Handler).startWorkers()
      /Users/z/work/lux/threshold/pkg/protocol/handler.go:361 +0x334
  github.com/luxfi/threshold/pkg/protocol.NewHandler()
      /Users/z/work/lux/threshold/pkg/protocol/handler.go:247 +0xf10
2025-08-15T22:12:59.054-0500	INFO	protocol/handler.go:560	advanced to round
2025-08-15T22:12:59.054-0500	DEBUG	protocol/handler.go:581	tryAdvanceRound called	{"{current_round 20 2  <nil>}": {"Key":"self","Type":15,"Integer":0,"String":"c","Interface":null}}
  github.com/luxfi/threshold/internal/test.(*Harness).CreateHandler()
      /Users/z/work/lux/threshold/internal/test/harness.go:91 +0x2e4
  github.com/luxfi/threshold/internal/test.RunProtocol()
      /Users/z/work/lux/threshold/internal/test/harness.go:270 +0x230
  github.com/luxfi/threshold/protocols/frost_test.TestFROSTKeygenAndSign.(*KeygenAndSign).Run.func11()
      /Users/z/work/lux/threshold/internal/test/protocol_helpers.go:114 +0x3dc
  testing.tRunner()
      /opt/homebrew/Cellar/go/1.24.6/libexec/src/testing/testing.go:1792 +0x180
  testing.(*T).Run.gowrap1()
      /opt/homebrew/Cellar/go/1.24.6/libexec/src/testing/testing.go:1851 +0x40

Goroutine 2454 (running) created at:
  github.com/luxfi/threshold/pkg/protocol.(*Handler).startWorkers()
      /Users/z/work/lux/threshold/pkg/protocol/handler.go:361 +0x334
  github.com/luxfi/threshold/pkg/protocol.NewHandler()
      /Users/z/work/lux/threshold/pkg/protocol/handler.go:247 +0xf10
  github.com/luxfi/threshold/internal/test.(*Harness).CreateHandler()
      /Users/z/work/lux/threshold/internal/test/harness.go:91 +0x2e4
  github.com/luxfi/threshold/internal/test.RunProtocol()
      /Users/z/work/lux/threshold/internal/test/harness.go:270 +0x230
  github.com/luxfi/threshold/protocols/frost_test.TestFROSTKeygenAndSign.(*KeygenAndSign).Run.func11()
      /Users/z/work/lux/threshold/internal/test/protocol_helpers.go:114 +0x3dc
  testing.tRunner()
      /opt/homebrew/Cellar/go/1.24.6/libexec/src/testing/testing.go:1792 +0x180
  testing.(*T).Run.gowrap1()
      /opt/homebrew/Cellar/go/1.24.6/libexec/src/testing/testing.go:1851 +0x40
==================
==================
WARNING: DATA RACE
Write at 0x00c0011020c0 by goroutine 2456:
  runtime.mapaccess2_faststr()
      /opt/homebrew/Cellar/go/1.24.6/libexec/src/internal/runtime/maps/runtime_faststr_swiss.go:162 +0x29c
  github.com/luxfi/threshold/protocols/frost/sign.(*round2).StoreBroadcastMessage()
      /Users/z/work/lux/threshold/protocols/frost/sign/round2.go:98 +0x51c
  github.com/luxfi/threshold/pkg/protocol.(*Handler).verifyBroadcast()
      /Users/z/work/lux/threshold/pkg/protocol/handler.go:1392 +0x648
  github.com/luxfi/threshold/pkg/protocol.(*Handler).processMessage()
      /Users/z/work/lux/threshold/pkg/protocol/handler.go:480 +0xb9c
  github.com/luxfi/threshold/pkg/protocol.(*Handler).messageWorker()
      /Users/z/work/lux/threshold/pkg/protocol/handler.go:408 +0x338
  github.com/luxfi/threshold/pkg/protocol.(*Handler).startWorkers.gowrap2()
      /Users/z/work/lux/threshold/pkg/protocol/handler.go:361 +0x44

Previous write at 0x00c0011020c0 by goroutine 2454:
  runtime.mapaccess2_faststr()
      /opt/homebrew/Cellar/go/1.24.6/libexec/src/internal/runtime/maps/runtime_faststr_swiss.go:162 +0x29c
  github.com/luxfi/threshold/protocols/frost/sign.(*round2).StoreBroadcastMessage()
      /Users/z/work/lux/threshold/protocols/frost/sign/round2.go:98 +0x51c
  github.com/luxfi/threshold/pkg/protocol.(*Handler).verifyBroadcastForRound()
      /Users/z/work/lux/threshold/pkg/protocol/handler.go:1277 +0x3a0
  github.com/luxfi/threshold/pkg/protocol.(*Handler).retryUnprocessedMessages()
      /Users/z/work/lux/threshold/pkg/protocol/handler.go:1483 +0x22c
  github.com/luxfi/threshold/pkg/protocol.(*Handler).tryAdvanceRound()
      /Users/z/work/lux/threshold/pkg/protocol/handler.go:587 +0x28c
  github.com/luxfi/threshold/pkg/protocol.(*Handler).processMessage()
      /Users/z/work/lux/threshold/pkg/protocol/handler.go:486 +0xbb0
  github.com/luxfi/threshold/pkg/protocol.(*Handler).messageWorker()
      /Users/z/work/lux/threshold/pkg/protocol/handler.go:408 +0x338
  github.com/luxfi/threshold/pkg/protocol.(*Handler).startWorkers.gowrap2()
      /Users/z/work/lux/threshold/pkg/protocol/handler.go:361 +0x44

Goroutine 2456 (running) created at:
  github.com/luxfi/threshold/pkg/protocol.(*Handler).startWorkers()
      /Users/z/work/lux/threshold/pkg/protocol/handler.go:361 +0x334
  github.com/luxfi/threshold/pkg/protocol.NewHandler()
      /Users/z/work/lux/threshold/pkg/protocol/handler.go:247 +0xf10
  github.com/luxfi/threshold/internal/test.(*Harness).CreateHandler()
      /Users/z/work/lux/threshold/internal/test/harness.go:91 +0x2e4
  github.com/luxfi/threshold/internal/test.RunProtocol()
      /Users/z/work/lux/threshold/internal/test/harness.go:270 +0x230
  github.com/luxfi/threshold/protocols/frost_test.TestFROSTKeygenAndSign.(*KeygenAndSign).Run.func11()
      /Users/z/work/lux/threshold/internal/test/protocol_helpers.go:114 +0x3dc
  testing.tRunner()
      /opt/homebrew/Cellar/go/1.24.6/libexec/src/testing/testing.go:1792 +0x180
  testing.(*T).Run.gowrap1()
      /opt/homebrew/Cellar/go/1.24.6/libexec/src/testing/testing.go:1851 +0x40

Goroutine 2454 (running) created at:
  github.com/luxfi/threshold/pkg/protocol.(*Handler).startWorkers()
      /Users/z/work/lux/threshold/pkg/protocol/handler.go:361 +0x334
  github.com/luxfi/threshold/pkg/protocol.NewHandler()
      /Users/z/work/lux/threshold/pkg/protocol/handler.go:247 +0xf10
  github.com/luxfi/threshold/internal/test.(*Harness).CreateHandler()
      /Users/z/work/lux/threshold/internal/test/harness.go:91 +0x2e4
  github.com/luxfi/threshold/internal/test.RunProtocol()
      /Users/z/work/lux/threshold/internal/test/harness.go:270 +0x230
  github.com/luxfi/threshold/protocols/frost_test.TestFROSTKeygenAndSign.(*KeygenAndSign).Run.func11()
      /Users/z/work/lux/threshold/internal/test/protocol_helpers.go:114 +0x3dc
  testing.tRunner()
      /opt/homebrew/Cellar/go/1.24.6/libexec/src/testing/testing.go:1792 +0x180
  testing.(*T).Run.gowrap1()
      /opt/homebrew/Cellar/go/1.24.6/libexec/src/testing/testing.go:1851 +0x40
==================
==================
WARNING: DATA RACE
Write at 0x00c000bfe178 by goroutine 2456:
  github.com/luxfi/threshold/protocols/frost/sign.(*round2).StoreBroadcastMessage()
      /Users/z/work/lux/threshold/protocols/frost/sign/round2.go:98 +0x528
  github.com/luxfi/threshold/pkg/protocol.(*Handler).verifyBroadcast()
      /Users/z/work/lux/threshold/pkg/protocol/handler.go:1392 +0x648
  github.com/luxfi/threshold/pkg/protocol.(*Handler).processMessage()
      /Users/z/work/lux/threshold/pkg/protocol/handler.go:480 +0xb9c
  github.com/luxfi/threshold/pkg/protocol.(*Handler).messageWorker()
      /Users/z/work/lux/threshold/pkg/protocol/handler.go:408 +0x338
  github.com/luxfi/threshold/pkg/protocol.(*Handler).startWorkers.gowrap2()
      /Users/z/work/lux/threshold/pkg/protocol/handler.go:361 +0x44

Previous write at 0x00c000bfe178 by goroutine 2454:
  github.com/luxfi/threshold/protocols/frost/sign.(*round2).StoreBroadcastMessage()
      /Users/z/work/lux/threshold/protocols/frost/sign/round2.go:98 +0x528
  github.com/luxfi/threshold/pkg/protocol.(*Handler).verifyBroadcastForRound()
      /Users/z/work/lux/threshold/pkg/protocol/handler.go:1277 +0x3a0
  github.com/luxfi/threshold/pkg/protocol.(*Handler).retryUnprocessedMessages()
      /Users/z/work/lux/threshold/pkg/protocol/handler.go:1483 +0x22c
  github.com/luxfi/threshold/pkg/protocol.(*Handler).tryAdvanceRound()
      /Users/z/work/lux/threshold/pkg/protocol/handler.go:587 +0x28c
  github.com/luxfi/threshold/pkg/protocol.(*Handler).processMessage()
      /Users/z/work/lux/threshold/pkg/protocol/handler.go:486 +0xbb0
  github.com/luxfi/threshold/pkg/protocol.(*Handler).messageWorker()
      /Users/z/work/lux/threshold/pkg/protocol/handler.go:408 +0x338
  github.com/luxfi/threshold/pkg/protocol.(*Handler).startWorkers.gowrap2()
      /Users/z/work/lux/threshold/pkg/protocol/handler.go:361 +0x44

Goroutine 2456 (running) created at:
  github.com/luxfi/threshold/pkg/protocol.(*Handler).startWorkers()
      /Users/z/work/lux/threshold/pkg/protocol/handler.go:361 +0x334
  github.com/luxfi/threshold/pkg/protocol.NewHandler()
      /Users/z/work/lux/threshold/pkg/protocol/handler.go:247 +0xf10
  github.com/luxfi/threshold/internal/test.(*Harness).CreateHandler()
      /Users/z/work/lux/threshold/internal/test/harness.go:91 +0x2e4
  github.com/luxfi/threshold/internal/test.RunProtocol()
      /Users/z/work/lux/threshold/internal/test/harness.go:270 +0x230
  github.com/luxfi/threshold/protocols/frost_test.TestFROSTKeygenAndSign.(*KeygenAndSign).Run.func11()
      /Users/z/work/lux/threshold/internal/test/protocol_helpers.go:114 +0x3dc
  testing.tRunner()
      /opt/homebrew/Cellar/go/1.24.6/libexec/src/testing/testing.go:1792 +0x180
  testing.(*T).Run.gowrap1()
      /opt/homebrew/Cellar/go/1.24.6/libexec/src/testing/testing.go:1851 +0x40

Goroutine 2454 (running) created at:
  github.com/luxfi/threshold/pkg/protocol.(*Handler).startWorkers()
      /Users/z/work/lux/threshold/pkg/protocol/handler.go:361 +0x334
  github.com/luxfi/threshold/pkg/protocol.NewHandler()
      /Users/z/work/lux/threshold/pkg/protocol/handler.go:247 +0xf10
  github.com/luxfi/threshold/internal/test.(*Harness).CreateHandler()
      /Users/z/work/lux/threshold/internal/test/harness.go:91 +0x2e4
  github.com/luxfi/threshold/internal/test.RunProtocol()
      /Users/z/work/lux/threshold/internal/test/harness.go:270 +0x230
  github.com/luxfi/threshold/protocols/frost_test.TestFROSTKeygenAndSign.(*KeygenAndSign).Run.func11()
      /Users/z/work/lux/threshold/internal/test/protocol_helpers.go:114 +0x3dc
  testing.tRunner()
      /opt/homebrew/Cellar/go/1.24.6/libexec/src/testing/testing.go:1792 +0x180
  testing.(*T).Run.gowrap1()
      /opt/homebrew/Cellar/go/1.24.6/libexec/src/testing/testing.go:1851 +0x40
==================
2025-08-15T22:12:59.055-0500	DEBUG	protocol/handler.go:581	tryAdvanceRound called	{"{current_round 20 2  <nil>}": {"Key":"self","Type":15,"Integer":0,"String":"b","Interface":null}}
2025-08-15T22:12:59.055-0500	DEBUG	protocol/handler.go:437	processing message	{"{from 15 0 c <nil>}": {"Key":"to","Type":15,"Integer":0,"String":"","Interface":null}, "{round 20 2  <nil>}": {"Key":"broadcast","Type":4,"Integer":1,"String":"","Interface":null}}
2025-08-15T22:12:59.055-0500	DEBUG	protocol/handler.go:1591	have processed broadcast	{"{round 20 2  <nil>}": {"Key":"from","Type":15,"Integer":0,"String":"a","Interface":null}}
2025-08-15T22:12:59.055-0500	DEBUG	protocol/handler.go:1657	storing broadcast	{"{round 20 2  <nil>}": {"Key":"from","Type":15,"Integer":0,"String":"c","Interface":null}}
2025-08-15T22:12:59.055-0500	DEBUG	protocol/handler.go:1591	have processed broadcast	{"{round 20 2  <nil>}": {"Key":"from","Type":15,"Integer":0,"String":"c","Interface":null}}
2025-08-15T22:12:59.055-0500	DEBUG	protocol/handler.go:1649	have all messages and processed	{"{round 20 2  <nil>}": {"Key":"self","Type":15,"Integer":0,"String":"b","Interface":null}}
2025-08-15T22:12:59.055-0500	DEBUG	protocol/handler.go:619	finalizing round
2025-08-15T22:12:59.046-0500	DEBUG	protocol/handler.go:1591	have processed broadcast	{"{round 20 2  <nil>}": {"Key":"from","Type":15,"Integer":0,"String":"a","Interface":null}}
2025-08-15T22:12:59.056-0500	DEBUG	protocol/handler.go:954	round already being initialized/finalized, skipping
2025-08-15T22:12:59.056-0500	DEBUG	protocol/handler.go:1591	have processed broadcast	{"{round 20 2  <nil>}": {"Key":"from","Type":15,"Integer":0,"String":"c","Interface":null}}
2025-08-15T22:12:59.057-0500	DEBUG	protocol/handler.go:1649	have all messages and processed	{"{round 20 2  <nil>}": {"Key":"self","Type":15,"Integer":0,"String":"b","Interface":null}}
2025-08-15T22:12:59.057-0500	DEBUG	protocol/handler.go:596	round already finalized
2025-08-15T22:12:59.057-0500	INFO	protocol/handler.go:560	advanced to round
2025-08-15T22:12:59.057-0500	DEBUG	protocol/handler.go:581	tryAdvanceRound called	{"{current_round 20 2  <nil>}": {"Key":"self","Type":15,"Integer":0,"String":"b","Interface":null}}
2025-08-15T22:12:59.058-0500	DEBUG	protocol/handler.go:1591	have processed broadcast	{"{round 20 2  <nil>}": {"Key":"from","Type":15,"Integer":0,"String":"a","Interface":null}}
2025-08-15T22:12:59.058-0500	DEBUG	protocol/handler.go:1591	have processed broadcast	{"{round 20 2  <nil>}": {"Key":"from","Type":15,"Integer":0,"String":"c","Interface":null}}
2025-08-15T22:12:59.058-0500	DEBUG	protocol/handler.go:1649	have all messages and processed	{"{round 20 2  <nil>}": {"Key":"self","Type":15,"Integer":0,"String":"b","Interface":null}}
2025-08-15T22:12:59.058-0500	DEBUG	protocol/handler.go:596	round already finalized
2025-08-15T22:12:59.058-0500	INFO	protocol/handler.go:560	advanced to round
2025-08-15T22:12:59.058-0500	DEBUG	protocol/handler.go:581	tryAdvanceRound called	{"{current_round 20 2  <nil>}": {"Key":"self","Type":15,"Integer":0,"String":"a","Interface":null}}
2025-08-15T22:12:59.055-0500	DEBUG	protocol/handler.go:1591	have processed broadcast	{"{round 20 2  <nil>}": {"Key":"from","Type":15,"Integer":0,"String":"a","Interface":null}}
2025-08-15T22:12:59.059-0500	DEBUG	protocol/handler.go:1591	have processed broadcast	{"{round 20 2  <nil>}": {"Key":"from","Type":15,"Integer":0,"String":"b","Interface":null}}
==================
WARNING: DATA RACE
Write at 0x00c0011023f0 by goroutine 2431:
  runtime.mapaccess2_faststr()
      /opt/homebrew/Cellar/go/1.24.6/libexec/src/internal/runtime/maps/runtime_faststr_swiss.go:162 +0x29c
  github.com/luxfi/threshold/protocols/frost/sign.(*round2).StoreBroadcastMessage()
      /Users/z/work/lux/threshold/protocols/frost/sign/round2.go:97 +0x4b0
  github.com/luxfi/threshold/pkg/protocol.(*Handler).verifyBroadcastForRound()
      /Users/z/work/lux/threshold/pkg/protocol/handler.go:1277 +0x3a0
  github.com/luxfi/threshold/pkg/protocol.(*Handler).retryUnprocessedMessages()
      /Users/z/work/lux/threshold/pkg/protocol/handler.go:1483 +0x22c
  github.com/luxfi/threshold/pkg/protocol.(*Handler).tryAdvanceRound()
      /Users/z/work/lux/threshold/pkg/protocol/handler.go:587 +0x28c
  github.com/luxfi/threshold/pkg/protocol.(*Handler).roundProcessor()
      /Users/z/work/lux/threshold/pkg/protocol/handler.go:569 +0xb4
  github.com/luxfi/threshold/pkg/protocol.(*Handler).startWorkers.func1()
      /Users/z/work/lux/threshold/pkg/protocol/handler.go:374 +0x78

Previous read at 0x00c0011023f0 by goroutine 2429:
  runtime.mapdelete_fast64()
      /opt/homebrew/Cellar/go/1.24.6/libexec/src/internal/runtime/maps/runtime_fast64_swiss.go:497 +0x8c
  github.com/luxfi/threshold/protocols/frost/sign.(*round2).StoreBroadcastMessage()
      /Users/z/work/lux/threshold/protocols/frost/sign/round2.go:73 +0x124
  github.com/luxfi/threshold/pkg/protocol.(*Handler).verifyBroadcast()
      /Users/z/work/lux/threshold/pkg/protocol/handler.go:1392 +0x648
  github.com/luxfi/threshold/pkg/protocol.(*Handler).processMessage()
      /Users/z/work/lux/threshold/pkg/protocol/handler.go:480 +0xb9c
  github.com/luxfi/threshold/pkg/protocol.(*Handler).messageWorker()
      /Users/z/work/lux/threshold/pkg/protocol/handler.go:408 +0x338
  github.com/luxfi/threshold/pkg/protocol.(*Handler).startWorkers.gowrap2()
      /Users/z/work/lux/threshold/pkg/protocol/handler.go:361 +0x44

2025-08-15T22:12:59.059-0500	DEBUG	protocol/handler.go:1649	have all messages and processed	{"{round 20 2  <nil>}": {"Key":"self","Type":15,"Integer":0,"String":"c","Interface":null}}
Goroutine 2431 (running) created at:
  github.com/luxfi/threshold/pkg/protocol.(*Handler).startWorkers()
      /Users/z/work/lux/threshold/pkg/protocol/handler.go:372 +0x4fc
  github.com/luxfi/threshold/pkg/protocol.NewHandler()
      /Users/z/work/lux/threshold/pkg/protocol/handler.go:247 +0xf10
  github.com/luxfi/threshold/internal/test.(*Harness).CreateHandler()
      /Users/z/work/lux/threshold/internal/test/harness.go:91 +0x2e4
  github.com/luxfi/threshold/internal/test.RunProtocol()
      /Users/z/work/lux/threshold/internal/test/harness.go:270 +0x230
2025-08-15T22:12:59.060-0500	DEBUG	protocol/handler.go:596	round already finalized
  github.com/luxfi/threshold/protocols/frost_test.TestFROSTKeygenAndSign.(*KeygenAndSign).Run.func11()
      /Users/z/work/lux/threshold/internal/test/protocol_helpers.go:114 +0x3dc
  testing.tRunner()
      /opt/homebrew/Cellar/go/1.24.6/libexec/src/testing/testing.go:1792 +0x180
  testing.(*T).Run.gowrap1()
      /opt/homebrew/Cellar/go/1.24.6/libexec/src/testing/testing.go:1851 +0x40

Goroutine 2429 (running) created at:
  github.com/luxfi/threshold/pkg/protocol.(*Handler).startWorkers()
      /Users/z/work/lux/threshold/pkg/protocol/handler.go:361 +0x334
  github.com/luxfi/threshold/pkg/protocol.NewHandler()
      /Users/z/work/lux/threshold/pkg/protocol/handler.go:247 +0xf10
  github.com/luxfi/threshold/internal/test.(*Harness).CreateHandler()
      /Users/z/work/lux/threshold/internal/test/harness.go:91 +0x2e4
  github.com/luxfi/threshold/internal/test.RunProtocol()
      /Users/z/work/lux/threshold/internal/test/harness.go:270 +0x230
  github.com/luxfi/threshold/protocols/frost_test.TestFROSTKeygenAndSign.(*KeygenAndSign).Run.func11()
      /Users/z/work/lux/threshold/internal/test/protocol_helpers.go:114 +0x3dc
  testing.tRunner()
      /opt/homebrew/Cellar/go/1.24.6/libexec/src/testing/testing.go:1792 +0x180
  testing.(*T).Run.gowrap1()
      /opt/homebrew/Cellar/go/1.24.6/libexec/src/testing/testing.go:1851 +0x40
==================
2025-08-15T22:12:59.060-0500	DEBUG	protocol/handler.go:954	round already being initialized/finalized, skipping
2025-08-15T22:12:59.060-0500	DEBUG	protocol/handler.go:954	round already being initialized/finalized, skipping
2025-08-15T22:12:59.060-0500	DEBUG	protocol/handler.go:1591	have processed broadcast	{"{round 20 2  <nil>}": {"Key":"from","Type":15,"Integer":0,"String":"b","Interface":null}}
2025-08-15T22:12:59.060-0500	DEBUG	protocol/handler.go:1591	have processed broadcast	{"{round 20 2  <nil>}": {"Key":"from","Type":15,"Integer":0,"String":"c","Interface":null}}
2025-08-15T22:12:59.060-0500	DEBUG	protocol/handler.go:1649	have all messages and processed	{"{round 20 2  <nil>}": {"Key":"self","Type":15,"Integer":0,"String":"a","Interface":null}}
2025-08-15T22:12:59.060-0500	DEBUG	protocol/handler.go:619	finalizing round
2025-08-15T22:12:59.063-0500	DEBUG	protocol/handler.go:581	tryAdvanceRound called	{"{current_round 20 2  <nil>}": {"Key":"self","Type":15,"Integer":0,"String":"c","Interface":null}}
2025-08-15T22:12:59.063-0500	DEBUG	protocol/handler.go:1591	have processed broadcast	{"{round 20 2  <nil>}": {"Key":"from","Type":15,"Integer":0,"String":"a","Interface":null}}
2025-08-15T22:12:59.063-0500	DEBUG	protocol/handler.go:1591	have processed broadcast	{"{round 20 2  <nil>}": {"Key":"from","Type":15,"Integer":0,"String":"b","Interface":null}}
2025-08-15T22:12:59.063-0500	DEBUG	protocol/handler.go:1649	have all messages and processed	{"{round 20 2  <nil>}": {"Key":"self","Type":15,"Integer":0,"String":"c","Interface":null}}
2025-08-15T22:12:59.063-0500	DEBUG	protocol/handler.go:596	round already finalized
2025-08-15T22:12:59.063-0500	DEBUG	protocol/handler.go:581	tryAdvanceRound called	{"{current_round 20 2  <nil>}": {"Key":"self","Type":15,"Integer":0,"String":"b","Interface":null}}
2025-08-15T22:12:59.063-0500	DEBUG	protocol/handler.go:1591	have processed broadcast	{"{round 20 2  <nil>}": {"Key":"from","Type":15,"Integer":0,"String":"a","Interface":null}}
2025-08-15T22:12:59.064-0500	DEBUG	protocol/handler.go:1591	have processed broadcast	{"{round 20 2  <nil>}": {"Key":"from","Type":15,"Integer":0,"String":"c","Interface":null}}
2025-08-15T22:12:59.064-0500	DEBUG	protocol/handler.go:1649	have all messages and processed	{"{round 20 2  <nil>}": {"Key":"self","Type":15,"Integer":0,"String":"b","Interface":null}}
2025-08-15T22:12:59.064-0500	DEBUG	protocol/handler.go:596	round already finalized
2025-08-15T22:12:59.068-0500	DEBUG	protocol/handler.go:1039	sendRoundMessage	{"{from 15 0 a <nil>}": {"Key":"to","Type":15,"Integer":0,"String":"","Interface":null}, "{round 20 3  <nil>}": {"Key":"broadcast","Type":4,"Integer":1,"String":"","Interface":null}}
2025-08-15T22:12:59.068-0500	DEBUG	protocol/handler.go:1657	storing broadcast	{"{round 20 3  <nil>}": {"Key":"from","Type":15,"Integer":0,"String":"a","Interface":null}}
2025-08-15T22:12:59.069-0500	DEBUG	protocol/handler.go:1081	sent message to output channel	{"{from 15 0 a <nil>}": {"Key":"to","Type":15,"Integer":0,"String":"","Interface":null}, "{round 20 3  <nil>}": {"Key":"broadcast","Type":4,"Integer":1,"String":"","Interface":null}}
2025-08-15T22:12:59.070-0500	DEBUG	protocol/handler.go:1182	finalized round messages	{"{round 20 2  <nil>}": {"Key":"messages","Type":11,"Integer":1,"String":"","Interface":null}}
2025-08-15T22:12:59.070-0500	DEBUG	protocol/handler.go:437	processing message	{"{from 15 0 a <nil>}": {"Key":"to","Type":15,"Integer":0,"String":"","Interface":null}, "{round 20 3  <nil>}": {"Key":"broadcast","Type":4,"Integer":1,"String":"","Interface":null}}
2025-08-15T22:12:59.070-0500	DEBUG	protocol/handler.go:1657	storing broadcast	{"{round 20 3  <nil>}": {"Key":"from","Type":15,"Integer":0,"String":"a","Interface":null}}
2025-08-15T22:12:59.070-0500	DEBUG	protocol/handler.go:470	message for different round (buffering)	{"{msg_round 20 3  <nil>}": {"Key":"current_round","Type":20,"Integer":2,"String":"","Interface":null}}
2025-08-15T22:12:59.070-0500	DEBUG	protocol/handler.go:1239	finalize returned next round	{"{current 20 2  <nil>}": {"Key":"next","Type":20,"Integer":3,"String":"","Interface":null}}
2025-08-15T22:12:59.070-0500	DEBUG	protocol/handler.go:581	tryAdvanceRound called	{"{current_round 20 2  <nil>}": {"Key":"self","Type":15,"Integer":0,"String":"c","Interface":null}}
2025-08-15T22:12:59.070-0500	DEBUG	protocol/handler.go:1591	have processed broadcast	{"{round 20 2  <nil>}": {"Key":"from","Type":15,"Integer":0,"String":"a","Interface":null}}
2025-08-15T22:12:59.070-0500	DEBUG	protocol/handler.go:1591	have processed broadcast	{"{round 20 2  <nil>}": {"Key":"from","Type":15,"Integer":0,"String":"b","Interface":null}}
2025-08-15T22:12:59.070-0500	INFO	protocol/handler.go:642	storing new currentRound	{"{from 20 2  <nil>}": {"Key":"to","Type":20,"Integer":3,"String":"","Interface":null}}
2025-08-15T22:12:59.070-0500	DEBUG	protocol/handler.go:1649	have all messages and processed	{"{round 20 2  <nil>}": {"Key":"self","Type":15,"Integer":0,"String":"c","Interface":null}}
2025-08-15T22:12:59.070-0500	DEBUG	protocol/handler.go:596	round already finalized
2025-08-15T22:12:59.070-0500	DEBUG	protocol/handler.go:437	processing message	{"{from 15 0 a <nil>}": {"Key":"to","Type":15,"Integer":0,"String":"","Interface":null}, "{round 20 3  <nil>}": {"Key":"broadcast","Type":4,"Integer":1,"String":"","Interface":null}}
2025-08-15T22:12:59.070-0500	DEBUG	protocol/handler.go:1503	processing queued messages
2025-08-15T22:12:59.070-0500	INFO	protocol/handler.go:560	advanced to round
2025-08-15T22:12:59.070-0500	DEBUG	protocol/handler.go:581	tryAdvanceRound called	{"{current_round 20 3  <nil>}": {"Key":"self","Type":15,"Integer":0,"String":"a","Interface":null}}
2025-08-15T22:12:59.071-0500	DEBUG	protocol/handler.go:1600	waiting for broadcasts	{"{round 20 3  <nil>}": {"Key":"missing","Type":15,"Integer":0,"String":"[b c]","Interface":null}}
2025-08-15T22:12:59.070-0500	DEBUG	protocol/handler.go:1039	sendRoundMessage	{"{from 15 0 b <nil>}": {"Key":"to","Type":15,"Integer":0,"String":"","Interface":null}, "{round 20 3  <nil>}": {"Key":"broadcast","Type":4,"Integer":1,"String":"","Interface":null}}
2025-08-15T22:12:59.070-0500	DEBUG	protocol/handler.go:1657	storing broadcast	{"{round 20 3  <nil>}": {"Key":"from","Type":15,"Integer":0,"String":"a","Interface":null}}
2025-08-15T22:12:59.071-0500	DEBUG	protocol/handler.go:1657	storing broadcast	{"{round 20 3  <nil>}": {"Key":"from","Type":15,"Integer":0,"String":"b","Interface":null}}
2025-08-15T22:12:59.071-0500	DEBUG	protocol/handler.go:470	message for different round (buffering)	{"{msg_round 20 3  <nil>}": {"Key":"current_round","Type":20,"Integer":2,"String":"","Interface":null}}
2025-08-15T22:12:59.071-0500	DEBUG	protocol/handler.go:1081	sent message to output channel	{"{from 15 0 b <nil>}": {"Key":"to","Type":15,"Integer":0,"String":"","Interface":null}, "{round 20 3  <nil>}": {"Key":"broadcast","Type":4,"Integer":1,"String":"","Interface":null}}
2025-08-15T22:12:59.071-0500	DEBUG	protocol/handler.go:581	tryAdvanceRound called	{"{current_round 20 2  <nil>}": {"Key":"self","Type":15,"Integer":0,"String":"b","Interface":null}}
2025-08-15T22:12:59.071-0500	DEBUG	protocol/handler.go:1182	finalized round messages	{"{round 20 2  <nil>}": {"Key":"messages","Type":11,"Integer":1,"String":"","Interface":null}}
2025-08-15T22:12:59.071-0500	DEBUG	protocol/handler.go:1591	have processed broadcast	{"{round 20 2  <nil>}": {"Key":"from","Type":15,"Integer":0,"String":"a","Interface":null}}
2025-08-15T22:12:59.071-0500	DEBUG	protocol/handler.go:1239	finalize returned next round	{"{current 20 2  <nil>}": {"Key":"next","Type":20,"Integer":3,"String":"","Interface":null}}
2025-08-15T22:12:59.071-0500	DEBUG	protocol/handler.go:1591	have processed broadcast	{"{round 20 2  <nil>}": {"Key":"from","Type":15,"Integer":0,"String":"c","Interface":null}}
2025-08-15T22:12:59.071-0500	INFO	protocol/handler.go:642	storing new currentRound	{"{from 20 2  <nil>}": {"Key":"to","Type":20,"Integer":3,"String":"","Interface":null}}
2025-08-15T22:12:59.071-0500	DEBUG	protocol/handler.go:1649	have all messages and processed	{"{round 20 2  <nil>}": {"Key":"self","Type":15,"Integer":0,"String":"b","Interface":null}}
2025-08-15T22:12:59.071-0500	DEBUG	protocol/handler.go:1503	processing queued messages
2025-08-15T22:12:59.071-0500	DEBUG	protocol/handler.go:596	round already finalized
2025-08-15T22:12:59.071-0500	DEBUG	protocol/handler.go:1503	processing queued messages
2025-08-15T22:12:59.071-0500	DEBUG	protocol/handler.go:437	processing message	{"{from 15 0 b <nil>}": {"Key":"to","Type":15,"Integer":0,"String":"","Interface":null}, "{round 20 3  <nil>}": {"Key":"broadcast","Type":4,"Integer":1,"String":"","Interface":null}}
2025-08-15T22:12:59.072-0500	DEBUG	protocol/handler.go:1657	storing broadcast	{"{round 20 3  <nil>}": {"Key":"from","Type":15,"Integer":0,"String":"b","Interface":null}}
2025-08-15T22:12:59.072-0500	DEBUG	protocol/handler.go:470	message for different round (buffering)	{"{msg_round 20 3  <nil>}": {"Key":"current_round","Type":20,"Integer":2,"String":"","Interface":null}}
2025-08-15T22:12:59.072-0500	DEBUG	protocol/handler.go:581	tryAdvanceRound called	{"{current_round 20 2  <nil>}": {"Key":"self","Type":15,"Integer":0,"String":"c","Interface":null}}
2025-08-15T22:12:59.072-0500	DEBUG	protocol/handler.go:1591	have processed broadcast	{"{round 20 2  <nil>}": {"Key":"from","Type":15,"Integer":0,"String":"a","Interface":null}}
2025-08-15T22:12:59.072-0500	DEBUG	protocol/handler.go:1591	have processed broadcast	{"{round 20 2  <nil>}": {"Key":"from","Type":15,"Integer":0,"String":"b","Interface":null}}
2025-08-15T22:12:59.072-0500	DEBUG	protocol/handler.go:1649	have all messages and processed	{"{round 20 2  <nil>}": {"Key":"self","Type":15,"Integer":0,"String":"c","Interface":null}}
2025-08-15T22:12:59.072-0500	DEBUG	protocol/handler.go:596	round already finalized
2025-08-15T22:12:59.072-0500	DEBUG	protocol/handler.go:437	processing message	{"{from 15 0 b <nil>}": {"Key":"to","Type":15,"Integer":0,"String":"","Interface":null}, "{round 20 3  <nil>}": {"Key":"broadcast","Type":4,"Integer":1,"String":"","Interface":null}}
2025-08-15T22:12:59.072-0500	DEBUG	protocol/handler.go:1657	storing broadcast	{"{round 20 3  <nil>}": {"Key":"from","Type":15,"Integer":0,"String":"b","Interface":null}}
2025-08-15T22:12:59.076-0500	DEBUG	protocol/handler.go:581	tryAdvanceRound called	{"{current_round 20 3  <nil>}": {"Key":"self","Type":15,"Integer":0,"String":"a","Interface":null}}
==================
WARNING: DATA RACE
Write at 0x00c0002eac90 by goroutine 2507:
  runtime.mapaccess2_faststr()
      /opt/homebrew/Cellar/go/1.24.6/libexec/src/internal/runtime/maps/runtime_faststr_swiss.go:162 +0x29c
  github.com/luxfi/threshold/protocols/frost/sign.(*round3).StoreBroadcastMessage()
      /Users/z/work/lux/threshold/protocols/frost/sign/round3.go:78 +0x26c
  github.com/luxfi/threshold/pkg/protocol.(*Handler).verifyBroadcastForRound()
      /Users/z/work/lux/threshold/pkg/protocol/handler.go:1277 +0x3a0
  github.com/luxfi/threshold/pkg/protocol.(*Handler).processQueuedMessages()
      /Users/z/work/lux/threshold/pkg/protocol/handler.go:1542 +0x404
  github.com/luxfi/threshold/pkg/protocol.(*Handler).tryAdvanceRound.gowrap2()
      /Users/z/work/lux/threshold/pkg/protocol/handler.go:673 +0x40

Previous write at 0x00c0002eac90 by goroutine 2427:
  runtime.mapaccess2_faststr()
      /opt/homebrew/Cellar/go/1.24.6/libexec/src/internal/runtime/maps/runtime_faststr_swiss.go:162 +0x29c
  github.com/luxfi/threshold/protocols/frost/sign.(*round3).StoreBroadcastMessage()
      /Users/z/work/lux/threshold/protocols/frost/sign/round3.go:78 +0x26c
  github.com/luxfi/threshold/pkg/protocol.(*Handler).verifyBroadcast()
      /Users/z/work/lux/threshold/pkg/protocol/handler.go:1392 +0x648
  github.com/luxfi/threshold/pkg/protocol.(*Handler).processMessage()
      /Users/z/work/lux/threshold/pkg/protocol/handler.go:480 +0xb9c
  github.com/luxfi/threshold/pkg/protocol.(*Handler).messageWorker()
      /Users/z/work/lux/threshold/pkg/protocol/handler.go:408 +0x338
  github.com/luxfi/threshold/pkg/protocol.(*Handler).startWorkers.gowrap2()
      /Users/z/work/lux/threshold/pkg/protocol/handler.go:361 +0x44

Goroutine 2507 (running) created at:
  github.com/luxfi/threshold/pkg/protocol.(*Handler).tryAdvanceRound()
      /Users/z/work/lux/threshold/pkg/protocol/handler.go:673 +0x12e4
  github.com/luxfi/threshold/pkg/protocol.(*Handler).roundProcessor()
      /Users/z/work/lux/threshold/pkg/protocol/handler.go:569 +0xb4
  github.com/luxfi/threshold/pkg/protocol.(*Handler).startWorkers.func1()
      /Users/z/work/lux/threshold/pkg/protocol/handler.go:374 +0x78

Goroutine 2427 (running) created at:
  github.com/luxfi/threshold/pkg/protocol.(*Handler).startWorkers()
      /Users/z/work/lux/threshold/pkg/protocol/handler.go:361 +0x334
  github.com/luxfi/threshold/pkg/protocol.NewHandler()
      /Users/z/work/lux/threshold/pkg/protocol/handler.go:247 +0xf10
  github.com/luxfi/threshold/internal/test.(*Harness).CreateHandler()
      /Users/z/work/lux/threshold/internal/test/harness.go:91 +0x2e4
  github.com/luxfi/threshold/internal/test.RunProtocol()
      /Users/z/work/lux/threshold/internal/test/harness.go:270 +0x230
  github.com/luxfi/threshold/protocols/frost_test.TestFROSTKeygenAndSign.(*KeygenAndSign).Run.func11()
      /Users/z/work/lux/threshold/internal/test/protocol_helpers.go:114 +0x3dc
  testing.tRunner()
      /opt/homebrew/Cellar/go/1.24.6/libexec/src/testing/testing.go:1792 +0x180
  testing.(*T).Run.gowrap1()
      /opt/homebrew/Cellar/go/1.24.6/libexec/src/testing/testing.go:1851 +0x40
==================
==================
WARNING: DATA RACE
Write at 0x00c000001a18 by goroutine 2507:
  github.com/luxfi/threshold/protocols/frost/sign.(*round3).StoreBroadcastMessage()
      /Users/z/work/lux/threshold/protocols/frost/sign/round3.go:78 +0x278
  github.com/luxfi/threshold/pkg/protocol.(*Handler).verifyBroadcastForRound()
      /Users/z/work/lux/threshold/pkg/protocol/handler.go:1277 +0x3a0
  github.com/luxfi/threshold/pkg/protocol.(*Handler).processQueuedMessages()
      /Users/z/work/lux/threshold/pkg/protocol/handler.go:1542 +0x404
  github.com/luxfi/threshold/pkg/protocol.(*Handler).tryAdvanceRound.gowrap2()
      /Users/z/work/lux/threshold/pkg/protocol/handler.go:673 +0x40

Previous write at 0x00c000001a18 by goroutine 2427:
  github.com/luxfi/threshold/protocols/frost/sign.(*round3).StoreBroadcastMessage()
      /Users/z/work/lux/threshold/protocols/frost/sign/round3.go:78 +0x278
  github.com/luxfi/threshold/pkg/protocol.(*Handler).verifyBroadcast()
      /Users/z/work/lux/threshold/pkg/protocol/handler.go:1392 +0x648
  github.com/luxfi/threshold/pkg/protocol.(*Handler).processMessage()
      /Users/z/work/lux/threshold/pkg/protocol/handler.go:480 +0xb9c
  github.com/luxfi/threshold/pkg/protocol.(*Handler).messageWorker()
      /Users/z/work/lux/threshold/pkg/protocol/handler.go:408 +0x338
  github.com/luxfi/threshold/pkg/protocol.(*Handler).startWorkers.gowrap2()
      /Users/z/work/lux/threshold/pkg/protocol/handler.go:361 +0x44

Goroutine 2507 (running) created at:
  github.com/luxfi/threshold/pkg/protocol.(*Handler).tryAdvanceRound()
      /Users/z/work/lux/threshold/pkg/protocol/handler.go:673 +0x12e4
  github.com/luxfi/threshold/pkg/protocol.(*Handler).roundProcessor()
      /Users/z/work/lux/threshold/pkg/protocol/handler.go:569 +0xb4
  github.com/luxfi/threshold/pkg/protocol.(*Handler).startWorkers.func1()
      /Users/z/work/lux/threshold/pkg/protocol/handler.go:374 +0x78

Goroutine 2427 (running) created at:
  github.com/luxfi/threshold/pkg/protocol.(*Handler).startWorkers()
      /Users/z/work/lux/threshold/pkg/protocol/handler.go:361 +0x334
  github.com/luxfi/threshold/pkg/protocol.NewHandler()
      /Users/z/work/lux/threshold/pkg/protocol/handler.go:247 +0xf10
  github.com/luxfi/threshold/internal/test.(*Harness).CreateHandler()
      /Users/z/work/lux/threshold/internal/test/harness.go:91 +0x2e4
  github.com/luxfi/threshold/internal/test.RunProtocol()
      /Users/z/work/lux/threshold/internal/test/harness.go:270 +0x230
  github.com/luxfi/threshold/protocols/frost_test.TestFROSTKeygenAndSign.(*KeygenAndSign).Run.func11()
      /Users/z/work/lux/threshold/internal/test/protocol_helpers.go:114 +0x3dc
  testing.tRunner()
      /opt/homebrew/Cellar/go/1.24.6/libexec/src/testing/testing.go:1792 +0x180
  testing.(*T).Run.gowrap1()
      /opt/homebrew/Cellar/go/1.24.6/libexec/src/testing/testing.go:1851 +0x40
==================
2025-08-15T22:12:59.071-0500	DEBUG	protocol/handler.go:600	current round already advanced	{"{checking 20 2  <nil>}": {"Key":"current","Type":20,"Integer":3,"String":"","Interface":null}}
==================
WARNING: DATA RACE
Write at 0x00c0011023f0 by goroutine 2429:
  runtime.mapaccess2_faststr()
      /opt/homebrew/Cellar/go/1.24.6/libexec/src/internal/runtime/maps/runtime_faststr_swiss.go:162 +0x29c
  github.com/luxfi/threshold/protocols/frost/sign.(*round2).StoreBroadcastMessage()
      /Users/z/work/lux/threshold/protocols/frost/sign/round2.go:97 +0x4b0
  github.com/luxfi/threshold/pkg/protocol.(*Handler).verifyBroadcast()
      /Users/z/work/lux/threshold/pkg/protocol/handler.go:1392 +0x648
  github.com/luxfi/threshold/pkg/protocol.(*Handler).processMessage()
      /Users/z/work/lux/threshold/pkg/protocol/handler.go:480 +0xb9c
  github.com/luxfi/threshold/pkg/protocol.(*Handler).messageWorker()
      /Users/z/work/lux/threshold/pkg/protocol/handler.go:408 +0x338
  github.com/luxfi/threshold/pkg/protocol.(*Handler).startWorkers.gowrap2()
      /Users/z/work/lux/threshold/pkg/protocol/handler.go:361 +0x44

Previous read at 0x00c0011023f0 by goroutine 2506:
  runtime.mapdelete_fast64()
      /opt/homebrew/Cellar/go/1.24.6/libexec/src/internal/runtime/maps/runtime_fast64_swiss.go:497 +0x8c
  github.com/luxfi/threshold/protocols/frost/sign.(*round2).Finalize()
      /Users/z/work/lux/threshold/protocols/frost/sign/round2.go:115 +0x120
  github.com/luxfi/threshold/pkg/protocol.(*Handler).finalizeRound.func1()
      /Users/z/work/lux/threshold/pkg/protocol/handler.go:1163 +0xe4

Goroutine 2429 (running) created at:
  github.com/luxfi/threshold/pkg/protocol.(*Handler).startWorkers()
      /Users/z/work/lux/threshold/pkg/protocol/handler.go:361 +0x334
  github.com/luxfi/threshold/pkg/protocol.NewHandler()
      /Users/z/work/lux/threshold/pkg/protocol/handler.go:247 +0xf10
  github.com/luxfi/threshold/internal/test.(*Harness).CreateHandler()
      /Users/z/work/lux/threshold/internal/test/harness.go:91 +0x2e4
  github.com/luxfi/threshold/internal/test.RunProtocol()
      /Users/z/work/lux/threshold/internal/test/harness.go:270 +0x230
  github.com/luxfi/threshold/protocols/frost_test.TestFROSTKeygenAndSign.(*KeygenAndSign).Run.func11()
      /Users/z/work/lux/threshold/internal/test/protocol_helpers.go:114 +0x3dc
  testing.tRunner()
      /opt/homebrew/Cellar/go/1.24.6/libexec/src/testing/testing.go:1792 +0x180
  testing.(*T).Run.gowrap1()
      /opt/homebrew/Cellar/go/1.24.6/libexec/src/testing/testing.go:1851 +0x40

Goroutine 2506 (finished) created at:
  github.com/luxfi/threshold/pkg/protocol.(*Handler).finalizeRound()
      /Users/z/work/lux/threshold/pkg/protocol/handler.go:1160 +0x26c
  github.com/luxfi/threshold/pkg/protocol.(*Handler).tryAdvanceRound()
      /Users/z/work/lux/threshold/pkg/protocol/handler.go:622 +0xae4
  github.com/luxfi/threshold/pkg/protocol.(*Handler).roundProcessor()
      /Users/z/work/lux/threshold/pkg/protocol/handler.go:569 +0xb4
  github.com/luxfi/threshold/pkg/protocol.(*Handler).startWorkers.func1()
      /Users/z/work/lux/threshold/pkg/protocol/handler.go:374 +0x78
==================
==================
WARNING: DATA RACE
Write at 0x00c000bfe298 by goroutine 2429:
  github.com/luxfi/threshold/protocols/frost/sign.(*round2).StoreBroadcastMessage()
      /Users/z/work/lux/threshold/protocols/frost/sign/round2.go:97 +0x4bc
  github.com/luxfi/threshold/pkg/protocol.(*Handler).verifyBroadcast()
      /Users/z/work/lux/threshold/pkg/protocol/handler.go:1392 +0x648
  github.com/luxfi/threshold/pkg/protocol.(*Handler).processMessage()
      /Users/z/work/lux/threshold/pkg/protocol/handler.go:480 +0xb9c
  github.com/luxfi/threshold/pkg/protocol.(*Handler).messageWorker()
      /Users/z/work/lux/threshold/pkg/protocol/handler.go:408 +0x338
  github.com/luxfi/threshold/pkg/protocol.(*Handler).startWorkers.gowrap2()
      /Users/z/work/lux/threshold/pkg/protocol/handler.go:361 +0x44

Previous write at 0x00c000bfe298 by goroutine 2431:
  github.com/luxfi/threshold/protocols/frost/sign.(*round2).StoreBroadcastMessage()
      /Users/z/work/lux/threshold/protocols/frost/sign/round2.go:97 +0x4bc
  github.com/luxfi/threshold/pkg/protocol.(*Handler).verifyBroadcastForRound()
      /Users/z/work/lux/threshold/pkg/protocol/handler.go:1277 +0x3a0
  github.com/luxfi/threshold/pkg/protocol.(*Handler).retryUnprocessedMessages()
      /Users/z/work/lux/threshold/pkg/protocol/handler.go:1483 +0x22c
  github.com/luxfi/threshold/pkg/protocol.(*Handler).tryAdvanceRound()
      /Users/z/work/lux/threshold/pkg/protocol/handler.go:587 +0x28c
  github.com/luxfi/threshold/pkg/protocol.(*Handler).roundProcessor()
      /Users/z/work/lux/threshold/pkg/protocol/handler.go:569 +0xb4
  github.com/luxfi/threshold/pkg/protocol.(*Handler).startWorkers.func1()
      /Users/z/work/lux/threshold/pkg/protocol/handler.go:374 +0x78

Goroutine 2429 (running) created at:
  github.com/luxfi/threshold/pkg/protocol.(*Handler).startWorkers()
      /Users/z/work/lux/threshold/pkg/protocol/handler.go:361 +0x334
  github.com/luxfi/threshold/pkg/protocol.NewHandler()
      /Users/z/work/lux/threshold/pkg/protocol/handler.go:247 +0xf10
  github.com/luxfi/threshold/internal/test.(*Harness).CreateHandler()
      /Users/z/work/lux/threshold/internal/test/harness.go:91 +0x2e4
  github.com/luxfi/threshold/internal/test.RunProtocol()
      /Users/z/work/lux/threshold/internal/test/harness.go:270 +0x230
  github.com/luxfi/threshold/protocols/frost_test.TestFROSTKeygenAndSign.(*KeygenAndSign).Run.func11()
      /Users/z/work/lux/threshold/internal/test/protocol_helpers.go:114 +0x3dc
  testing.tRunner()
      /opt/homebrew/Cellar/go/1.24.6/libexec/src/testing/testing.go:1792 +0x180
  testing.(*T).Run.gowrap1()
      /opt/homebrew/Cellar/go/1.24.6/libexec/src/testing/testing.go:1851 +0x40

Goroutine 2431 (running) created at:
  github.com/luxfi/threshold/pkg/protocol.(*Handler).startWorkers()
      /Users/z/work/lux/threshold/pkg/protocol/handler.go:372 +0x4fc
  github.com/luxfi/threshold/pkg/protocol.NewHandler()
      /Users/z/work/lux/threshold/pkg/protocol/handler.go:247 +0xf10
  github.com/luxfi/threshold/internal/test.(*Harness).CreateHandler()
      /Users/z/work/lux/threshold/internal/test/harness.go:91 +0x2e4
  github.com/luxfi/threshold/internal/test.RunProtocol()
      /Users/z/work/lux/threshold/internal/test/harness.go:270 +0x230
  github.com/luxfi/threshold/protocols/frost_test.TestFROSTKeygenAndSign.(*KeygenAndSign).Run.func11()
      /Users/z/work/lux/threshold/internal/test/protocol_helpers.go:114 +0x3dc
  testing.tRunner()
      /opt/homebrew/Cellar/go/1.24.6/libexec/src/testing/testing.go:1792 +0x180
  testing.(*T).Run.gowrap1()
      /opt/homebrew/Cellar/go/1.24.6/libexec/src/testing/testing.go:1851 +0x40
==================
==================
WARNING: DATA RACE
Write at 0x00c001102420 by goroutine 2429:
  runtime.mapaccess2_faststr()
      /opt/homebrew/Cellar/go/1.24.6/libexec/src/internal/runtime/maps/runtime_faststr_swiss.go:162 +0x29c
  github.com/luxfi/threshold/protocols/frost/sign.(*round2).StoreBroadcastMessage()
      /Users/z/work/lux/threshold/protocols/frost/sign/round2.go:98 +0x51c
  github.com/luxfi/threshold/pkg/protocol.(*Handler).verifyBroadcast()
      /Users/z/work/lux/threshold/pkg/protocol/handler.go:1392 +0x648
  github.com/luxfi/threshold/pkg/protocol.(*Handler).processMessage()
      /Users/z/work/lux/threshold/pkg/protocol/handler.go:480 +0xb9c
  github.com/luxfi/threshold/pkg/protocol.(*Handler).messageWorker()
      /Users/z/work/lux/threshold/pkg/protocol/handler.go:408 +0x338
  github.com/luxfi/threshold/pkg/protocol.(*Handler).startWorkers.gowrap2()
      /Users/z/work/lux/threshold/pkg/protocol/handler.go:361 +0x44

Previous write at 0x00c001102420 by goroutine 2431:
  runtime.mapaccess2_faststr()
      /opt/homebrew/Cellar/go/1.24.6/libexec/src/internal/runtime/maps/runtime_faststr_swiss.go:162 +0x29c
  github.com/luxfi/threshold/protocols/frost/sign.(*round2).StoreBroadcastMessage()
      /Users/z/work/lux/threshold/protocols/frost/sign/round2.go:98 +0x51c
  github.com/luxfi/threshold/pkg/protocol.(*Handler).verifyBroadcastForRound()
      /Users/z/work/lux/threshold/pkg/protocol/handler.go:1277 +0x3a0
  github.com/luxfi/threshold/pkg/protocol.(*Handler).retryUnprocessedMessages()
      /Users/z/work/lux/threshold/pkg/protocol/handler.go:1483 +0x22c
  github.com/luxfi/threshold/pkg/protocol.(*Handler).tryAdvanceRound()
      /Users/z/work/lux/threshold/pkg/protocol/handler.go:587 +0x28c
  github.com/luxfi/threshold/pkg/protocol.(*Handler).roundProcessor()
      /Users/z/work/lux/threshold/pkg/protocol/handler.go:569 +0xb4
  github.com/luxfi/threshold/pkg/protocol.(*Handler).startWorkers.func1()
      /Users/z/work/lux/threshold/pkg/protocol/handler.go:374 +0x78

Goroutine 2429 (running) created at:
  github.com/luxfi/threshold/pkg/protocol.(*Handler).startWorkers()
      /Users/z/work/lux/threshold/pkg/protocol/handler.go:361 +0x334
  github.com/luxfi/threshold/pkg/protocol.NewHandler()
      /Users/z/work/lux/threshold/pkg/protocol/handler.go:247 +0xf10
  github.com/luxfi/threshold/internal/test.(*Harness).CreateHandler()
      /Users/z/work/lux/threshold/internal/test/harness.go:91 +0x2e4
  github.com/luxfi/threshold/internal/test.RunProtocol()
      /Users/z/work/lux/threshold/internal/test/harness.go:270 +0x230
  github.com/luxfi/threshold/protocols/frost_test.TestFROSTKeygenAndSign.(*KeygenAndSign).Run.func11()
      /Users/z/work/lux/threshold/internal/test/protocol_helpers.go:114 +0x3dc
  testing.tRunner()
      /opt/homebrew/Cellar/go/1.24.6/libexec/src/testing/testing.go:1792 +0x180
  testing.(*T).Run.gowrap1()
      /opt/homebrew/Cellar/go/1.24.6/libexec/src/testing/testing.go:1851 +0x40

Goroutine 2431 (running) created at:
  github.com/luxfi/threshold/pkg/protocol.(*Handler).startWorkers()
      /Users/z/work/lux/threshold/pkg/protocol/handler.go:372 +0x4fc
  github.com/luxfi/threshold/pkg/protocol.NewHandler()
      /Users/z/work/lux/threshold/pkg/protocol/handler.go:247 +0xf10
  github.com/luxfi/threshold/internal/test.(*Harness).CreateHandler()
      /Users/z/work/lux/threshold/internal/test/harness.go:91 +0x2e4
  github.com/luxfi/threshold/internal/test.RunProtocol()
      /Users/z/work/lux/threshold/internal/test/harness.go:270 +0x230
  github.com/luxfi/threshold/protocols/frost_test.TestFROSTKeygenAndSign.(*KeygenAndSign).Run.func11()
      /Users/z/work/lux/threshold/internal/test/protocol_helpers.go:114 +0x3dc
  testing.tRunner()
      /opt/homebrew/Cellar/go/1.24.6/libexec/src/testing/testing.go:1792 +0x180
  testing.(*T).Run.gowrap1()
      /opt/homebrew/Cellar/go/1.24.6/libexec/src/testing/testing.go:1851 +0x40
==================
==================
WARNING: DATA RACE
Write at 0x00c000bfe3b8 by goroutine 2429:
  github.com/luxfi/threshold/protocols/frost/sign.(*round2).StoreBroadcastMessage()
      /Users/z/work/lux/threshold/protocols/frost/sign/round2.go:98 +0x528
  github.com/luxfi/threshold/pkg/protocol.(*Handler).verifyBroadcast()
      /Users/z/work/lux/threshold/pkg/protocol/handler.go:1392 +0x648
  github.com/luxfi/threshold/pkg/protocol.(*Handler).processMessage()
      /Users/z/work/lux/threshold/pkg/protocol/handler.go:480 +0xb9c
  github.com/luxfi/threshold/pkg/protocol.(*Handler).messageWorker()
      /Users/z/work/lux/threshold/pkg/protocol/handler.go:408 +0x338
  github.com/luxfi/threshold/pkg/protocol.(*Handler).startWorkers.gowrap2()
      /Users/z/work/lux/threshold/pkg/protocol/handler.go:361 +0x44

Previous write at 0x00c000bfe3b8 by goroutine 2431:
  github.com/luxfi/threshold/protocols/frost/sign.(*round2).StoreBroadcastMessage()
      /Users/z/work/lux/threshold/protocols/frost/sign/round2.go:98 +0x528
  github.com/luxfi/threshold/pkg/protocol.(*Handler).verifyBroadcastForRound()
      /Users/z/work/lux/threshold/pkg/protocol/handler.go:1277 +0x3a0
  github.com/luxfi/threshold/pkg/protocol.(*Handler).retryUnprocessedMessages()
      /Users/z/work/lux/threshold/pkg/protocol/handler.go:1483 +0x22c
  github.com/luxfi/threshold/pkg/protocol.(*Handler).tryAdvanceRound()
      /Users/z/work/lux/threshold/pkg/protocol/handler.go:587 +0x28c
  github.com/luxfi/threshold/pkg/protocol.(*Handler).roundProcessor()
      /Users/z/work/lux/threshold/pkg/protocol/handler.go:569 +0xb4
  github.com/luxfi/threshold/pkg/protocol.(*Handler).startWorkers.func1()
      /Users/z/work/lux/threshold/pkg/protocol/handler.go:374 +0x78

Goroutine 2429 (running) created at:
  github.com/luxfi/threshold/pkg/protocol.(*Handler).startWorkers()
      /Users/z/work/lux/threshold/pkg/protocol/handler.go:361 +0x334
  github.com/luxfi/threshold/pkg/protocol.NewHandler()
      /Users/z/work/lux/threshold/pkg/protocol/handler.go:247 +0xf10
  github.com/luxfi/threshold/internal/test.(*Harness).CreateHandler()
      /Users/z/work/lux/threshold/internal/test/harness.go:91 +0x2e4
  github.com/luxfi/threshold/internal/test.RunProtocol()
      /Users/z/work/lux/threshold/internal/test/harness.go:270 +0x230
  github.com/luxfi/threshold/protocols/frost_test.TestFROSTKeygenAndSign.(*KeygenAndSign).Run.func11()
      /Users/z/work/lux/threshold/internal/test/protocol_helpers.go:114 +0x3dc
  testing.tRunner()
      /opt/homebrew/Cellar/go/1.24.6/libexec/src/testing/testing.go:1792 +0x180
  testing.(*T).Run.gowrap1()
      /opt/homebrew/Cellar/go/1.24.6/libexec/src/testing/testing.go:1851 +0x40

Goroutine 2431 (running) created at:
  github.com/luxfi/threshold/pkg/protocol.(*Handler).startWorkers()
      /Users/z/work/lux/threshold/pkg/protocol/handler.go:372 +0x4fc
  github.com/luxfi/threshold/pkg/protocol.NewHandler()
      /Users/z/work/lux/threshold/pkg/protocol/handler.go:247 +0xf10
  github.com/luxfi/threshold/internal/test.(*Harness).CreateHandler()
      /Users/z/work/lux/threshold/internal/test/harness.go:91 +0x2e4
  github.com/luxfi/threshold/internal/test.RunProtocol()
      /Users/z/work/lux/threshold/internal/test/harness.go:270 +0x230
  github.com/luxfi/threshold/protocols/frost_test.TestFROSTKeygenAndSign.(*KeygenAndSign).Run.func11()
      /Users/z/work/lux/threshold/internal/test/protocol_helpers.go:114 +0x3dc
  testing.tRunner()
      /opt/homebrew/Cellar/go/1.24.6/libexec/src/testing/testing.go:1792 +0x180
  testing.(*T).Run.gowrap1()
      /opt/homebrew/Cellar/go/1.24.6/libexec/src/testing/testing.go:1851 +0x40
==================
2025-08-15T22:12:59.078-0500	DEBUG	protocol/handler.go:581	tryAdvanceRound called	{"{current_round 20 3  <nil>}": {"Key":"self","Type":15,"Integer":0,"String":"a","Interface":null}}
2025-08-15T22:12:59.078-0500	DEBUG	protocol/handler.go:1591	have processed broadcast	{"{round 20 3  <nil>}": {"Key":"from","Type":15,"Integer":0,"String":"b","Interface":null}}
2025-08-15T22:12:59.078-0500	DEBUG	protocol/handler.go:1600	waiting for broadcasts	{"{round 20 3  <nil>}": {"Key":"missing","Type":15,"Integer":0,"String":"[c]","Interface":null}}
2025-08-15T22:12:59.078-0500	DEBUG	protocol/handler.go:581	tryAdvanceRound called	{"{current_round 20 3  <nil>}": {"Key":"self","Type":15,"Integer":0,"String":"a","Interface":null}}
2025-08-15T22:12:59.079-0500	DEBUG	protocol/handler.go:1591	have processed broadcast	{"{round 20 3  <nil>}": {"Key":"from","Type":15,"Integer":0,"String":"b","Interface":null}}
2025-08-15T22:12:59.079-0500	DEBUG	protocol/handler.go:1600	waiting for broadcasts	{"{round 20 3  <nil>}": {"Key":"missing","Type":15,"Integer":0,"String":"[c]","Interface":null}}
2025-08-15T22:12:59.079-0500	DEBUG	protocol/handler.go:581	tryAdvanceRound called	{"{current_round 20 2  <nil>}": {"Key":"self","Type":15,"Integer":0,"String":"c","Interface":null}}
2025-08-15T22:12:59.079-0500	DEBUG	protocol/handler.go:1591	have processed broadcast	{"{round 20 2  <nil>}": {"Key":"from","Type":15,"Integer":0,"String":"a","Interface":null}}
2025-08-15T22:12:59.079-0500	DEBUG	protocol/handler.go:1591	have processed broadcast	{"{round 20 2  <nil>}": {"Key":"from","Type":15,"Integer":0,"String":"b","Interface":null}}
2025-08-15T22:12:59.079-0500	DEBUG	protocol/handler.go:1649	have all messages and processed	{"{round 20 2  <nil>}": {"Key":"self","Type":15,"Integer":0,"String":"c","Interface":null}}
2025-08-15T22:12:59.079-0500	DEBUG	protocol/handler.go:596	round already finalized
2025-08-15T22:12:59.079-0500	INFO	protocol/handler.go:560	advanced to round
2025-08-15T22:12:59.079-0500	DEBUG	protocol/handler.go:581	tryAdvanceRound called	{"{current_round 20 3  <nil>}": {"Key":"self","Type":15,"Integer":0,"String":"b","Interface":null}}
2025-08-15T22:12:59.076-0500	DEBUG	protocol/handler.go:1591	have processed broadcast	{"{round 20 3  <nil>}": {"Key":"from","Type":15,"Integer":0,"String":"b","Interface":null}}
2025-08-15T22:12:59.086-0500	DEBUG	protocol/handler.go:1600	waiting for broadcasts	{"{round 20 3  <nil>}": {"Key":"missing","Type":15,"Integer":0,"String":"[c]","Interface":null}}
2025-08-15T22:12:59.086-0500	DEBUG	protocol/handler.go:581	tryAdvanceRound called	{"{current_round 20 2  <nil>}": {"Key":"self","Type":15,"Integer":0,"String":"c","Interface":null}}
2025-08-15T22:12:59.086-0500	DEBUG	protocol/handler.go:1591	have processed broadcast	{"{round 20 2  <nil>}": {"Key":"from","Type":15,"Integer":0,"String":"a","Interface":null}}
2025-08-15T22:12:59.086-0500	DEBUG	protocol/handler.go:1591	have processed broadcast	{"{round 20 2  <nil>}": {"Key":"from","Type":15,"Integer":0,"String":"b","Interface":null}}
2025-08-15T22:12:59.086-0500	DEBUG	protocol/handler.go:1649	have all messages and processed	{"{round 20 2  <nil>}": {"Key":"self","Type":15,"Integer":0,"String":"c","Interface":null}}
2025-08-15T22:12:59.087-0500	DEBUG	protocol/handler.go:596	round already finalized
2025-08-15T22:12:59.087-0500	DEBUG	protocol/handler.go:581	tryAdvanceRound called	{"{current_round 20 3  <nil>}": {"Key":"self","Type":15,"Integer":0,"String":"a","Interface":null}}
2025-08-15T22:12:59.087-0500	DEBUG	protocol/handler.go:1591	have processed broadcast	{"{round 20 3  <nil>}": {"Key":"from","Type":15,"Integer":0,"String":"b","Interface":null}}
2025-08-15T22:12:59.087-0500	DEBUG	protocol/handler.go:1600	waiting for broadcasts	{"{round 20 3  <nil>}": {"Key":"missing","Type":15,"Integer":0,"String":"[c]","Interface":null}}
2025-08-15T22:12:59.087-0500	DEBUG	protocol/handler.go:1503	processing queued messages
2025-08-15T22:12:59.088-0500	DEBUG	protocol/handler.go:1591	have processed broadcast	{"{round 20 3  <nil>}": {"Key":"from","Type":15,"Integer":0,"String":"a","Interface":null}}
2025-08-15T22:12:59.088-0500	DEBUG	protocol/handler.go:1600	waiting for broadcasts	{"{round 20 3  <nil>}": {"Key":"missing","Type":15,"Integer":0,"String":"[c]","Interface":null}}
2025-08-15T22:12:59.088-0500	DEBUG	protocol/handler.go:581	tryAdvanceRound called	{"{current_round 20 3  <nil>}": {"Key":"self","Type":15,"Integer":0,"String":"b","Interface":null}}
2025-08-15T22:12:59.088-0500	DEBUG	protocol/handler.go:1591	have processed broadcast	{"{round 20 3  <nil>}": {"Key":"from","Type":15,"Integer":0,"String":"a","Interface":null}}
2025-08-15T22:12:59.088-0500	DEBUG	protocol/handler.go:1600	waiting for broadcasts	{"{round 20 3  <nil>}": {"Key":"missing","Type":15,"Integer":0,"String":"[c]","Interface":null}}
2025-08-15T22:12:59.092-0500	DEBUG	protocol/handler.go:581	tryAdvanceRound called	{"{current_round 20 3  <nil>}": {"Key":"self","Type":15,"Integer":0,"String":"a","Interface":null}}
2025-08-15T22:12:59.092-0500	DEBUG	protocol/handler.go:1591	have processed broadcast	{"{round 20 3  <nil>}": {"Key":"from","Type":15,"Integer":0,"String":"b","Interface":null}}
2025-08-15T22:12:59.092-0500	DEBUG	protocol/handler.go:1600	waiting for broadcasts	{"{round 20 3  <nil>}": {"Key":"missing","Type":15,"Integer":0,"String":"[c]","Interface":null}}
2025-08-15T22:12:59.093-0500	DEBUG	protocol/handler.go:581	tryAdvanceRound called	{"{current_round 20 3  <nil>}": {"Key":"self","Type":15,"Integer":0,"String":"b","Interface":null}}
2025-08-15T22:12:59.093-0500	DEBUG	protocol/handler.go:1591	have processed broadcast	{"{round 20 3  <nil>}": {"Key":"from","Type":15,"Integer":0,"String":"a","Interface":null}}
2025-08-15T22:12:59.093-0500	DEBUG	protocol/handler.go:1600	waiting for broadcasts	{"{round 20 3  <nil>}": {"Key":"missing","Type":15,"Integer":0,"String":"[c]","Interface":null}}
2025-08-15T22:12:59.093-0500	DEBUG	protocol/handler.go:581	tryAdvanceRound called	{"{current_round 20 2  <nil>}": {"Key":"self","Type":15,"Integer":0,"String":"c","Interface":null}}
2025-08-15T22:12:59.093-0500	DEBUG	protocol/handler.go:1591	have processed broadcast	{"{round 20 2  <nil>}": {"Key":"from","Type":15,"Integer":0,"String":"a","Interface":null}}
2025-08-15T22:12:59.093-0500	DEBUG	protocol/handler.go:1591	have processed broadcast	{"{round 20 2  <nil>}": {"Key":"from","Type":15,"Integer":0,"String":"b","Interface":null}}
2025-08-15T22:12:59.093-0500	DEBUG	protocol/handler.go:1649	have all messages and processed	{"{round 20 2  <nil>}": {"Key":"self","Type":15,"Integer":0,"String":"c","Interface":null}}
2025-08-15T22:12:59.093-0500	DEBUG	protocol/handler.go:596	round already finalized
2025-08-15T22:12:59.102-0500	DEBUG	protocol/handler.go:581	tryAdvanceRound called	{"{current_round 20 3  <nil>}": {"Key":"self","Type":15,"Integer":0,"String":"a","Interface":null}}
2025-08-15T22:12:59.102-0500	DEBUG	protocol/handler.go:1591	have processed broadcast	{"{round 20 3  <nil>}": {"Key":"from","Type":15,"Integer":0,"String":"b","Interface":null}}
2025-08-15T22:12:59.103-0500	DEBUG	protocol/handler.go:1600	waiting for broadcasts	{"{round 20 3  <nil>}": {"Key":"missing","Type":15,"Integer":0,"String":"[c]","Interface":null}}
2025-08-15T22:12:59.103-0500	DEBUG	protocol/handler.go:581	tryAdvanceRound called	{"{current_round 20 3  <nil>}": {"Key":"self","Type":15,"Integer":0,"String":"b","Interface":null}}
2025-08-15T22:12:59.103-0500	DEBUG	protocol/handler.go:1591	have processed broadcast	{"{round 20 3  <nil>}": {"Key":"from","Type":15,"Integer":0,"String":"a","Interface":null}}
2025-08-15T22:12:59.103-0500	DEBUG	protocol/handler.go:1600	waiting for broadcasts	{"{round 20 3  <nil>}": {"Key":"missing","Type":15,"Integer":0,"String":"[c]","Interface":null}}
2025-08-15T22:12:59.103-0500	DEBUG	protocol/handler.go:581	tryAdvanceRound called	{"{current_round 20 2  <nil>}": {"Key":"self","Type":15,"Integer":0,"String":"c","Interface":null}}
2025-08-15T22:12:59.103-0500	DEBUG	protocol/handler.go:1591	have processed broadcast	{"{round 20 2  <nil>}": {"Key":"from","Type":15,"Integer":0,"String":"a","Interface":null}}
2025-08-15T22:12:59.103-0500	DEBUG	protocol/handler.go:1591	have processed broadcast	{"{round 20 2  <nil>}": {"Key":"from","Type":15,"Integer":0,"String":"b","Interface":null}}
2025-08-15T22:12:59.103-0500	DEBUG	protocol/handler.go:1649	have all messages and processed	{"{round 20 2  <nil>}": {"Key":"self","Type":15,"Integer":0,"String":"c","Interface":null}}
2025-08-15T22:12:59.103-0500	DEBUG	protocol/handler.go:596	round already finalized
2025-08-15T22:12:59.113-0500	DEBUG	protocol/handler.go:581	tryAdvanceRound called	{"{current_round 20 2  <nil>}": {"Key":"self","Type":15,"Integer":0,"String":"c","Interface":null}}
2025-08-15T22:12:59.113-0500	DEBUG	protocol/handler.go:1591	have processed broadcast	{"{round 20 2  <nil>}": {"Key":"from","Type":15,"Integer":0,"String":"a","Interface":null}}
2025-08-15T22:12:59.113-0500	DEBUG	protocol/handler.go:1591	have processed broadcast	{"{round 20 2  <nil>}": {"Key":"from","Type":15,"Integer":0,"String":"b","Interface":null}}
2025-08-15T22:12:59.114-0500	DEBUG	protocol/handler.go:1649	have all messages and processed	{"{round 20 2  <nil>}": {"Key":"self","Type":15,"Integer":0,"String":"c","Interface":null}}
2025-08-15T22:12:59.114-0500	DEBUG	protocol/handler.go:596	round already finalized
2025-08-15T22:12:59.114-0500	DEBUG	protocol/handler.go:581	tryAdvanceRound called	{"{current_round 20 3  <nil>}": {"Key":"self","Type":15,"Integer":0,"String":"b","Interface":null}}
2025-08-15T22:12:59.114-0500	DEBUG	protocol/handler.go:1591	have processed broadcast	{"{round 20 3  <nil>}": {"Key":"from","Type":15,"Integer":0,"String":"a","Interface":null}}
2025-08-15T22:12:59.114-0500	DEBUG	protocol/handler.go:1600	waiting for broadcasts	{"{round 20 3  <nil>}": {"Key":"missing","Type":15,"Integer":0,"String":"[c]","Interface":null}}
2025-08-15T22:12:59.115-0500	DEBUG	protocol/handler.go:581	tryAdvanceRound called	{"{current_round 20 3  <nil>}": {"Key":"self","Type":15,"Integer":0,"String":"a","Interface":null}}
2025-08-15T22:12:59.115-0500	DEBUG	protocol/handler.go:1591	have processed broadcast	{"{round 20 3  <nil>}": {"Key":"from","Type":15,"Integer":0,"String":"b","Interface":null}}
2025-08-15T22:12:59.115-0500	DEBUG	protocol/handler.go:1600	waiting for broadcasts	{"{round 20 3  <nil>}": {"Key":"missing","Type":15,"Integer":0,"String":"[c]","Interface":null}}
2025-08-15T22:12:59.123-0500	DEBUG	protocol/handler.go:581	tryAdvanceRound called	{"{current_round 20 3  <nil>}": {"Key":"self","Type":15,"Integer":0,"String":"a","Interface":null}}
2025-08-15T22:12:59.123-0500	DEBUG	protocol/handler.go:1591	have processed broadcast	{"{round 20 3  <nil>}": {"Key":"from","Type":15,"Integer":0,"String":"b","Interface":null}}
2025-08-15T22:12:59.123-0500	DEBUG	protocol/handler.go:1600	waiting for broadcasts	{"{round 20 3  <nil>}": {"Key":"missing","Type":15,"Integer":0,"String":"[c]","Interface":null}}
2025-08-15T22:12:59.123-0500	DEBUG	protocol/handler.go:581	tryAdvanceRound called	{"{current_round 20 3  <nil>}": {"Key":"self","Type":15,"Integer":0,"String":"b","Interface":null}}
2025-08-15T22:12:59.124-0500	DEBUG	protocol/handler.go:1591	have processed broadcast	{"{round 20 3  <nil>}": {"Key":"from","Type":15,"Integer":0,"String":"a","Interface":null}}
2025-08-15T22:12:59.124-0500	DEBUG	protocol/handler.go:1600	waiting for broadcasts	{"{round 20 3  <nil>}": {"Key":"missing","Type":15,"Integer":0,"String":"[c]","Interface":null}}
2025-08-15T22:12:59.124-0500	DEBUG	protocol/handler.go:581	tryAdvanceRound called	{"{current_round 20 2  <nil>}": {"Key":"self","Type":15,"Integer":0,"String":"c","Interface":null}}
2025-08-15T22:12:59.124-0500	DEBUG	protocol/handler.go:1591	have processed broadcast	{"{round 20 2  <nil>}": {"Key":"from","Type":15,"Integer":0,"String":"a","Interface":null}}
2025-08-15T22:12:59.124-0500	DEBUG	protocol/handler.go:1591	have processed broadcast	{"{round 20 2  <nil>}": {"Key":"from","Type":15,"Integer":0,"String":"b","Interface":null}}
2025-08-15T22:12:59.124-0500	DEBUG	protocol/handler.go:1649	have all messages and processed	{"{round 20 2  <nil>}": {"Key":"self","Type":15,"Integer":0,"String":"c","Interface":null}}
2025-08-15T22:12:59.124-0500	DEBUG	protocol/handler.go:596	round already finalized
2025-08-15T22:12:59.133-0500	DEBUG	protocol/handler.go:581	tryAdvanceRound called	{"{current_round 20 2  <nil>}": {"Key":"self","Type":15,"Integer":0,"String":"c","Interface":null}}
2025-08-15T22:12:59.133-0500	DEBUG	protocol/handler.go:1591	have processed broadcast	{"{round 20 2  <nil>}": {"Key":"from","Type":15,"Integer":0,"String":"a","Interface":null}}
2025-08-15T22:12:59.133-0500	DEBUG	protocol/handler.go:1591	have processed broadcast	{"{round 20 2  <nil>}": {"Key":"from","Type":15,"Integer":0,"String":"b","Interface":null}}
2025-08-15T22:12:59.133-0500	DEBUG	protocol/handler.go:1649	have all messages and processed	{"{round 20 2  <nil>}": {"Key":"self","Type":15,"Integer":0,"String":"c","Interface":null}}
2025-08-15T22:12:59.133-0500	DEBUG	protocol/handler.go:596	round already finalized
2025-08-15T22:12:59.133-0500	DEBUG	protocol/handler.go:581	tryAdvanceRound called	{"{current_round 20 3  <nil>}": {"Key":"self","Type":15,"Integer":0,"String":"b","Interface":null}}
2025-08-15T22:12:59.133-0500	DEBUG	protocol/handler.go:1591	have processed broadcast	{"{round 20 3  <nil>}": {"Key":"from","Type":15,"Integer":0,"String":"a","Interface":null}}
2025-08-15T22:12:59.133-0500	DEBUG	protocol/handler.go:1600	waiting for broadcasts	{"{round 20 3  <nil>}": {"Key":"missing","Type":15,"Integer":0,"String":"[c]","Interface":null}}
2025-08-15T22:12:59.134-0500	DEBUG	protocol/handler.go:581	tryAdvanceRound called	{"{current_round 20 3  <nil>}": {"Key":"self","Type":15,"Integer":0,"String":"a","Interface":null}}
2025-08-15T22:12:59.134-0500	DEBUG	protocol/handler.go:1591	have processed broadcast	{"{round 20 3  <nil>}": {"Key":"from","Type":15,"Integer":0,"String":"b","Interface":null}}
2025-08-15T22:12:59.134-0500	DEBUG	protocol/handler.go:1600	waiting for broadcasts	{"{round 20 3  <nil>}": {"Key":"missing","Type":15,"Integer":0,"String":"[c]","Interface":null}}
2025-08-15T22:12:59.143-0500	DEBUG	protocol/handler.go:581	tryAdvanceRound called	{"{current_round 20 3  <nil>}": {"Key":"self","Type":15,"Integer":0,"String":"a","Interface":null}}
2025-08-15T22:12:59.143-0500	DEBUG	protocol/handler.go:1591	have processed broadcast	{"{round 20 3  <nil>}": {"Key":"from","Type":15,"Integer":0,"String":"b","Interface":null}}
2025-08-15T22:12:59.143-0500	DEBUG	protocol/handler.go:1600	waiting for broadcasts	{"{round 20 3  <nil>}": {"Key":"missing","Type":15,"Integer":0,"String":"[c]","Interface":null}}
2025-08-15T22:12:59.143-0500	DEBUG	protocol/handler.go:581	tryAdvanceRound called	{"{current_round 20 2  <nil>}": {"Key":"self","Type":15,"Integer":0,"String":"c","Interface":null}}
2025-08-15T22:12:59.143-0500	DEBUG	protocol/handler.go:1591	have processed broadcast	{"{round 20 2  <nil>}": {"Key":"from","Type":15,"Integer":0,"String":"a","Interface":null}}
2025-08-15T22:12:59.143-0500	DEBUG	protocol/handler.go:1591	have processed broadcast	{"{round 20 2  <nil>}": {"Key":"from","Type":15,"Integer":0,"String":"b","Interface":null}}
2025-08-15T22:12:59.143-0500	DEBUG	protocol/handler.go:1649	have all messages and processed	{"{round 20 2  <nil>}": {"Key":"self","Type":15,"Integer":0,"String":"c","Interface":null}}
2025-08-15T22:12:59.143-0500	DEBUG	protocol/handler.go:596	round already finalized
2025-08-15T22:12:59.143-0500	DEBUG	protocol/handler.go:581	tryAdvanceRound called	{"{current_round 20 3  <nil>}": {"Key":"self","Type":15,"Integer":0,"String":"b","Interface":null}}
2025-08-15T22:12:59.143-0500	DEBUG	protocol/handler.go:1591	have processed broadcast	{"{round 20 3  <nil>}": {"Key":"from","Type":15,"Integer":0,"String":"a","Interface":null}}
2025-08-15T22:12:59.144-0500	DEBUG	protocol/handler.go:1600	waiting for broadcasts	{"{round 20 3  <nil>}": {"Key":"missing","Type":15,"Integer":0,"String":"[c]","Interface":null}}
2025-08-15T22:12:59.141-0500	DEBUG	protocol/handler.go:1039	sendRoundMessage	{"{from 15 0 c <nil>}": {"Key":"to","Type":15,"Integer":0,"String":"","Interface":null}, "{round 20 3  <nil>}": {"Key":"broadcast","Type":4,"Integer":1,"String":"","Interface":null}}
2025-08-15T22:12:59.148-0500	DEBUG	protocol/handler.go:1657	storing broadcast	{"{round 20 3  <nil>}": {"Key":"from","Type":15,"Integer":0,"String":"c","Interface":null}}
2025-08-15T22:12:59.155-0500	DEBUG	protocol/handler.go:437	processing message	{"{from 15 0 c <nil>}": {"Key":"to","Type":15,"Integer":0,"String":"","Interface":null}, "{round 20 3  <nil>}": {"Key":"broadcast","Type":4,"Integer":1,"String":"","Interface":null}}
2025-08-15T22:12:59.155-0500	DEBUG	protocol/handler.go:1657	storing broadcast	{"{round 20 3  <nil>}": {"Key":"from","Type":15,"Integer":0,"String":"c","Interface":null}}
2025-08-15T22:12:59.160-0500	DEBUG	protocol/handler.go:581	tryAdvanceRound called	{"{current_round 20 3  <nil>}": {"Key":"self","Type":15,"Integer":0,"String":"a","Interface":null}}
2025-08-15T22:12:59.160-0500	DEBUG	protocol/handler.go:1591	have processed broadcast	{"{round 20 3  <nil>}": {"Key":"from","Type":15,"Integer":0,"String":"b","Interface":null}}
2025-08-15T22:12:59.160-0500	DEBUG	protocol/handler.go:1591	have processed broadcast	{"{round 20 3  <nil>}": {"Key":"from","Type":15,"Integer":0,"String":"c","Interface":null}}
2025-08-15T22:12:59.160-0500	DEBUG	protocol/handler.go:1649	have all messages and processed	{"{round 20 3  <nil>}": {"Key":"self","Type":15,"Integer":0,"String":"a","Interface":null}}
2025-08-15T22:12:59.160-0500	DEBUG	protocol/handler.go:619	finalizing round
2025-08-15T22:12:59.160-0500	DEBUG	protocol/handler.go:437	processing message	{"{from 15 0 c <nil>}": {"Key":"to","Type":15,"Integer":0,"String":"","Interface":null}, "{round 20 3  <nil>}": {"Key":"broadcast","Type":4,"Integer":1,"String":"","Interface":null}}
2025-08-15T22:12:59.160-0500	DEBUG	protocol/handler.go:1657	storing broadcast	{"{round 20 3  <nil>}": {"Key":"from","Type":15,"Integer":0,"String":"c","Interface":null}}
2025-08-15T22:12:59.165-0500	DEBUG	protocol/handler.go:581	tryAdvanceRound called	{"{current_round 20 3  <nil>}": {"Key":"self","Type":15,"Integer":0,"String":"b","Interface":null}}
2025-08-15T22:12:59.165-0500	DEBUG	protocol/handler.go:1591	have processed broadcast	{"{round 20 3  <nil>}": {"Key":"from","Type":15,"Integer":0,"String":"a","Interface":null}}
2025-08-15T22:12:59.165-0500	DEBUG	protocol/handler.go:1591	have processed broadcast	{"{round 20 3  <nil>}": {"Key":"from","Type":15,"Integer":0,"String":"c","Interface":null}}
2025-08-15T22:12:59.165-0500	DEBUG	protocol/handler.go:1649	have all messages and processed	{"{round 20 3  <nil>}": {"Key":"self","Type":15,"Integer":0,"String":"b","Interface":null}}
2025-08-15T22:12:59.165-0500	DEBUG	protocol/handler.go:619	finalizing round
2025-08-15T22:12:59.153-0500	DEBUG	protocol/handler.go:1081	sent message to output channel	{"{from 15 0 c <nil>}": {"Key":"to","Type":15,"Integer":0,"String":"","Interface":null}, "{round 20 3  <nil>}": {"Key":"broadcast","Type":4,"Integer":1,"String":"","Interface":null}}
2025-08-15T22:12:59.173-0500	DEBUG	protocol/handler.go:1182	finalized round messages	{"{round 20 3  <nil>}": {"Key":"messages","Type":11,"Integer":0,"String":"","Interface":null}}
2025-08-15T22:12:59.174-0500	INFO	protocol/handler.go:1211	protocol completed	{"{self 15 0 a <nil>}": {"Key":"final_round","Type":20,"Integer":3,"String":"","Interface":null}}
2025-08-15T22:12:59.174-0500	DEBUG	protocol/handler.go:624	finalizeRound returned nil
2025-08-15T22:12:59.168-0500	DEBUG	protocol/handler.go:1182	finalized round messages	{"{round 20 2  <nil>}": {"Key":"messages","Type":11,"Integer":1,"String":"","Interface":null}}
2025-08-15T22:12:59.174-0500	DEBUG	protocol/handler.go:1239	finalize returned next round	{"{current 20 2  <nil>}": {"Key":"next","Type":20,"Integer":3,"String":"","Interface":null}}
2025-08-15T22:12:59.174-0500	INFO	protocol/handler.go:642	storing new currentRound	{"{from 20 2  <nil>}": {"Key":"to","Type":20,"Integer":3,"String":"","Interface":null}}
2025-08-15T22:12:59.174-0500	DEBUG	protocol/handler.go:1503	processing queued messages
2025-08-15T22:12:59.174-0500	DEBUG	protocol/handler.go:1503	processing queued messages
2025-08-15T22:12:59.181-0500	DEBUG	protocol/handler.go:1182	finalized round messages	{"{round 20 3  <nil>}": {"Key":"messages","Type":11,"Integer":0,"String":"","Interface":null}}
2025-08-15T22:12:59.181-0500	INFO	protocol/handler.go:1211	protocol completed	{"{self 15 0 b <nil>}": {"Key":"final_round","Type":20,"Integer":3,"String":"","Interface":null}}
2025-08-15T22:12:59.181-0500	DEBUG	protocol/handler.go:624	finalizeRound returned nil
2025-08-15T22:12:59.190-0500	INFO	protocol/handler.go:787	protocol completed successfully
2025-08-15T22:12:59.190-0500	INFO	protocol/handler.go:787	protocol completed successfully
2025-08-15T22:12:59.190-0500	INFO	protocol/handler.go:560	advanced to round
2025-08-15T22:12:59.190-0500	DEBUG	protocol/handler.go:581	tryAdvanceRound called	{"{current_round 20 3  <nil>}": {"Key":"self","Type":15,"Integer":0,"String":"c","Interface":null}}
2025-08-15T22:12:59.199-0500	DEBUG	protocol/handler.go:1591	have processed broadcast	{"{round 20 3  <nil>}": {"Key":"from","Type":15,"Integer":0,"String":"a","Interface":null}}
2025-08-15T22:12:59.199-0500	DEBUG	protocol/handler.go:1591	have processed broadcast	{"{round 20 3  <nil>}": {"Key":"from","Type":15,"Integer":0,"String":"b","Interface":null}}
==================
WARNING: DATA RACE
Write at 0x00c001103230 by goroutine 2512:
  runtime.mapaccess2_faststr()
      /opt/homebrew/Cellar/go/1.24.6/libexec/src/internal/runtime/maps/runtime_faststr_swiss.go:162 +0x29c
  github.com/luxfi/threshold/protocols/frost/sign.(*round3).StoreBroadcastMessage()
      /Users/z/work/lux/threshold/protocols/frost/sign/round3.go:78 +0x26c
  github.com/luxfi/threshold/pkg/protocol.(*Handler).verifyBroadcastForRound()
      /Users/z/work/lux/threshold/pkg/protocol/handler.go:1277 +0x3a0
  github.com/luxfi/threshold/pkg/protocol.(*Handler).processQueuedMessages()
      /Users/z/work/lux/threshold/pkg/protocol/handler.go:1542 +0x404
  github.com/luxfi/threshold/pkg/protocol.(*Handler).tryAdvanceRound.gowrap2()
      /Users/z/work/lux/threshold/pkg/protocol/handler.go:673 +0x40

Previous write at 0x00c001103230 by goroutine 2485:
  runtime.mapaccess2_faststr()
      /opt/homebrew/Cellar/go/1.24.6/libexec/src/internal/runtime/maps/runtime_faststr_swiss.go:162 +0x29c
  github.com/luxfi/threshold/protocols/frost/sign.(*round3).StoreBroadcastMessage()
      /Users/z/work/lux/threshold/protocols/frost/sign/round3.go:78 +0x26c
  github.com/luxfi/threshold/pkg/protocol.(*Handler).verifyBroadcastForRound()
      /Users/z/work/lux/threshold/pkg/protocol/handler.go:1277 +0x3a0
  github.com/luxfi/threshold/pkg/protocol.(*Handler).retryUnprocessedMessages()
      /Users/z/work/lux/threshold/pkg/protocol/handler.go:1483 +0x22c
  github.com/luxfi/threshold/pkg/protocol.(*Handler).tryAdvanceRound()
      /Users/z/work/lux/threshold/pkg/protocol/handler.go:587 +0x28c
  github.com/luxfi/threshold/pkg/protocol.(*Handler).roundProcessor()
      /Users/z/work/lux/threshold/pkg/protocol/handler.go:569 +0xb4
  github.com/luxfi/threshold/pkg/protocol.(*Handler).startWorkers.func1()
      /Users/z/work/lux/threshold/pkg/protocol/handler.go:374 +0x78

Goroutine 2512 (running) created at:
  github.com/luxfi/threshold/pkg/protocol.(*Handler).tryAdvanceRound()
      /Users/z/work/lux/threshold/pkg/protocol/handler.go:673 +0x12e4
  github.com/luxfi/threshold/pkg/protocol.(*Handler).processMessage()
      /Users/z/work/lux/threshold/pkg/protocol/handler.go:486 +0xbb0
  github.com/luxfi/threshold/pkg/protocol.(*Handler).messageWorker()
      /Users/z/work/lux/threshold/pkg/protocol/handler.go:408 +0x338
  github.com/luxfi/threshold/pkg/protocol.(*Handler).startWorkers.gowrap2()
      /Users/z/work/lux/threshold/pkg/protocol/handler.go:361 +0x44

Goroutine 2485 (running) created at:
  github.com/luxfi/threshold/pkg/protocol.(*Handler).startWorkers()
      /Users/z/work/lux/threshold/pkg/protocol/handler.go:372 +0x4fc
  github.com/luxfi/threshold/pkg/protocol.NewHandler()
      /Users/z/work/lux/threshold/pkg/protocol/handler.go:247 +0xf10
  github.com/luxfi/threshold/internal/test.(*Harness).CreateHandler()
      /Users/z/work/lux/threshold/internal/test/harness.go:91 +0x2e4
  github.com/luxfi/threshold/internal/test.RunProtocol()
      /Users/z/work/lux/threshold/internal/test/harness.go:270 +0x230
  github.com/luxfi/threshold/protocols/frost_test.TestFROSTKeygenAndSign.(*KeygenAndSign).Run.func11()
      /Users/z/work/lux/threshold/internal/test/protocol_helpers.go:114 +0x3dc
  testing.tRunner()
      /opt/homebrew/Cellar/go/1.24.6/libexec/src/testing/testing.go:1792 +0x180
  testing.(*T).Run.gowrap1()
      /opt/homebrew/Cellar/go/1.24.6/libexec/src/testing/testing.go:1851 +0x40
==================
==================
WARNING: DATA RACE
Write at 0x00c000bfe818 by goroutine 2512:
  github.com/luxfi/threshold/protocols/frost/sign.(*round3).StoreBroadcastMessage()
      /Users/z/work/lux/threshold/protocols/frost/sign/round3.go:78 +0x278
  github.com/luxfi/threshold/pkg/protocol.(*Handler).verifyBroadcastForRound()
      /Users/z/work/lux/threshold/pkg/protocol/handler.go:1277 +0x3a0
  github.com/luxfi/threshold/pkg/protocol.(*Handler).processQueuedMessages()
      /Users/z/work/lux/threshold/pkg/protocol/handler.go:1542 +0x404
  github.com/luxfi/threshold/pkg/protocol.(*Handler).tryAdvanceRound.gowrap2()
      /Users/z/work/lux/threshold/pkg/protocol/handler.go:673 +0x40

Previous write at 0x00c000bfe818 by goroutine 2485:
  github.com/luxfi/threshold/protocols/frost/sign.(*round3).StoreBroadcastMessage()
      /Users/z/work/lux/threshold/protocols/frost/sign/round3.go:78 +0x278
  github.com/luxfi/threshold/pkg/protocol.(*Handler).verifyBroadcastForRound()
      /Users/z/work/lux/threshold/pkg/protocol/handler.go:1277 +0x3a0
  github.com/luxfi/threshold/pkg/protocol.(*Handler).retryUnprocessedMessages()
      /Users/z/work/lux/threshold/pkg/protocol/handler.go:1483 +0x22c
  github.com/luxfi/threshold/pkg/protocol.(*Handler).tryAdvanceRound()
      /Users/z/work/lux/threshold/pkg/protocol/handler.go:587 +0x28c
  github.com/luxfi/threshold/pkg/protocol.(*Handler).roundProcessor()
      /Users/z/work/lux/threshold/pkg/protocol/handler.go:569 +0xb4
  github.com/luxfi/threshold/pkg/protocol.(*Handler).startWorkers.func1()
      /Users/z/work/lux/threshold/pkg/protocol/handler.go:374 +0x78

Goroutine 2512 (running) created at:
  github.com/luxfi/threshold/pkg/protocol.(*Handler).tryAdvanceRound()
      /Users/z/work/lux/threshold/pkg/protocol/handler.go:673 +0x12e4
  github.com/luxfi/threshold/pkg/protocol.(*Handler).processMessage()
      /Users/z/work/lux/threshold/pkg/protocol/handler.go:486 +0xbb0
  github.com/luxfi/threshold/pkg/protocol.(*Handler).messageWorker()
      /Users/z/work/lux/threshold/pkg/protocol/handler.go:408 +0x338
  github.com/luxfi/threshold/pkg/protocol.(*Handler).startWorkers.gowrap2()
      /Users/z/work/lux/threshold/pkg/protocol/handler.go:361 +0x44

Goroutine 2485 (running) created at:
  github.com/luxfi/threshold/pkg/protocol.(*Handler).startWorkers()
      /Users/z/work/lux/threshold/pkg/protocol/handler.go:372 +0x4fc
  github.com/luxfi/threshold/pkg/protocol.NewHandler()
      /Users/z/work/lux/threshold/pkg/protocol/handler.go:247 +0xf10
  github.com/luxfi/threshold/internal/test.(*Harness).CreateHandler()
      /Users/z/work/lux/threshold/internal/test/harness.go:91 +0x2e4
  github.com/luxfi/threshold/internal/test.RunProtocol()
      /Users/z/work/lux/threshold/internal/test/harness.go:270 +0x230
  github.com/luxfi/threshold/protocols/frost_test.TestFROSTKeygenAndSign.(*KeygenAndSign).Run.func11()
      /Users/z/work/lux/threshold/internal/test/protocol_helpers.go:114 +0x3dc
  testing.tRunner()
      /opt/homebrew/Cellar/go/1.24.6/libexec/src/testing/testing.go:1792 +0x180
  testing.(*T).Run.gowrap1()
      /opt/homebrew/Cellar/go/1.24.6/libexec/src/testing/testing.go:1851 +0x40
==================
2025-08-15T22:12:59.202-0500	DEBUG	protocol/handler.go:403	worker stopping
2025-08-15T22:12:59.202-0500	DEBUG	protocol/handler.go:403	worker stopping
2025-08-15T22:12:59.203-0500	DEBUG	protocol/handler.go:403	worker stopping
2025-08-15T22:12:59.204-0500	DEBUG	protocol/handler.go:403	worker stopping
2025-08-15T22:12:59.204-0500	DEBUG	protocol/handler.go:403	worker stopping
2025-08-15T22:12:59.204-0500	DEBUG	protocol/handler.go:403	worker stopping
2025-08-15T22:12:59.206-0500	DEBUG	protocol/handler.go:403	worker stopping
2025-08-15T22:12:59.203-0500	DEBUG	protocol/handler.go:403	worker stopping
2025-08-15T22:12:59.210-0500	DEBUG	protocol/handler.go:1649	have all messages and processed	{"{round 20 3  <nil>}": {"Key":"self","Type":15,"Integer":0,"String":"c","Interface":null}}
2025-08-15T22:12:59.210-0500	DEBUG	protocol/handler.go:619	finalizing round
2025-08-15T22:12:59.211-0500	DEBUG	protocol/handler.go:403	worker stopping
2025-08-15T22:12:59.212-0500	DEBUG	protocol/handler.go:403	worker stopping
2025-08-15T22:12:59.212-0500	DEBUG	protocol/handler.go:403	worker stopping
2025-08-15T22:12:59.212-0500	DEBUG	protocol/handler.go:403	worker stopping
2025-08-15T22:12:59.211-0500	DEBUG	protocol/handler.go:403	worker stopping
2025-08-15T22:12:59.211-0500	DEBUG	protocol/handler.go:403	worker stopping
2025-08-15T22:12:59.212-0500	DEBUG	protocol/handler.go:403	worker stopping
2025-08-15T22:12:59.212-0500	DEBUG	protocol/handler.go:403	worker stopping
==================
WARNING: DATA RACE
Read at 0x00c00099bca0 by goroutine 2514:
  github.com/decred/dcrd/dcrec/secp256k1/v4.(*ModNScalar).Add2()
      /Users/z/go/pkg/mod/github.com/decred/dcrd/dcrec/secp256k1/v4@v4.4.0/modnscalar.go:468 +0x4c
  github.com/decred/dcrd/dcrec/secp256k1/v4.(*ModNScalar).Add()
      /Users/z/go/pkg/mod/github.com/decred/dcrd/dcrec/secp256k1/v4@v4.4.0/modnscalar.go:497 +0x58
  github.com/luxfi/threshold/pkg/math/curve.(*Secp256k1Scalar).Add()
      /Users/z/work/lux/threshold/pkg/math/curve/secp256k1.go:106 +0x44
  github.com/luxfi/threshold/protocols/frost/sign.(*round3).Finalize()
      /Users/z/work/lux/threshold/protocols/frost/sign/round3.go:96 +0x134
  github.com/luxfi/threshold/pkg/protocol.(*Handler).finalizeRound.func1()
      /Users/z/work/lux/threshold/pkg/protocol/handler.go:1163 +0xe4

Previous write at 0x00c00099bca0 by goroutine 2512:
  github.com/decred/dcrd/dcrec/secp256k1/v4.(*ModNScalar).SetBytes()
      /Users/z/go/pkg/mod/github.com/decred/dcrd/dcrec/secp256k1/v4@v4.4.0/modnscalar.go:328 +0x98
  github.com/luxfi/threshold/pkg/math/curve.(*Secp256k1Scalar).UnmarshalBinary()
      /Users/z/work/lux/threshold/pkg/math/curve/secp256k1.go:97 +0x68
  github.com/fxamacker/cbor/v2.fillByteString()
      /Users/z/go/pkg/mod/github.com/fxamacker/cbor/v2@v2.9.0/decode.go:3191 +0xa38
  github.com/fxamacker/cbor/v2.(*decoder).parseToValue()
      /Users/z/go/pkg/mod/github.com/fxamacker/cbor/v2@v2.9.0/decode.go:1573 +0x1390
  github.com/fxamacker/cbor/v2.(*decoder).parseMapToStruct()
      /Users/z/go/pkg/mod/github.com/fxamacker/cbor/v2@v2.9.0/decode.go:2904 +0xe94
  github.com/fxamacker/cbor/v2.(*decoder).parseToValue()
      /Users/z/go/pkg/mod/github.com/fxamacker/cbor/v2@v2.9.0/decode.go:1692 +0x15ac
  github.com/fxamacker/cbor/v2.(*decoder).value()
      /Users/z/go/pkg/mod/github.com/fxamacker/cbor/v2@v2.9.0/decode.go:1399 +0x2f0
  github.com/fxamacker/cbor/v2.(*decMode).Unmarshal()
      /Users/z/go/pkg/mod/github.com/fxamacker/cbor/v2@v2.9.0/decode.go:1302 +0xb0
  github.com/fxamacker/cbor/v2.Unmarshal()
      /Users/z/go/pkg/mod/github.com/fxamacker/cbor/v2@v2.9.0/decode.go:109 +0x144
  github.com/luxfi/threshold/pkg/protocol.(*Handler).verifyBroadcastForRound()
      /Users/z/work/lux/threshold/pkg/protocol/handler.go:1265 +0xd4
  github.com/luxfi/threshold/pkg/protocol.(*Handler).processQueuedMessages()
      /Users/z/work/lux/threshold/pkg/protocol/handler.go:1542 +0x404
  github.com/luxfi/threshold/pkg/protocol.(*Handler).tryAdvanceRound.gowrap2()
      /Users/z/work/lux/threshold/pkg/protocol/handler.go:673 +0x40

Goroutine 2514 (running) created at:
  github.com/luxfi/threshold/pkg/protocol.(*Handler).finalizeRound()
      /Users/z/work/lux/threshold/pkg/protocol/handler.go:1160 +0x26c
  github.com/luxfi/threshold/pkg/protocol.(*Handler).tryAdvanceRound()
      /Users/z/work/lux/threshold/pkg/protocol/handler.go:622 +0xae4
  github.com/luxfi/threshold/pkg/protocol.(*Handler).roundProcessor()
      /Users/z/work/lux/threshold/pkg/protocol/handler.go:569 +0xb4
  github.com/luxfi/threshold/pkg/protocol.(*Handler).startWorkers.func1()
      /Users/z/work/lux/threshold/pkg/protocol/handler.go:374 +0x78

Goroutine 2512 (finished) created at:
  github.com/luxfi/threshold/pkg/protocol.(*Handler).tryAdvanceRound()
      /Users/z/work/lux/threshold/pkg/protocol/handler.go:673 +0x12e4
  github.com/luxfi/threshold/pkg/protocol.(*Handler).processMessage()
      /Users/z/work/lux/threshold/pkg/protocol/handler.go:486 +0xbb0
  github.com/luxfi/threshold/pkg/protocol.(*Handler).messageWorker()
      /Users/z/work/lux/threshold/pkg/protocol/handler.go:408 +0x338
  github.com/luxfi/threshold/pkg/protocol.(*Handler).startWorkers.gowrap2()
      /Users/z/work/lux/threshold/pkg/protocol/handler.go:361 +0x44
==================
==================
WARNING: DATA RACE
Read at 0x00c00099bca8 by goroutine 2514:
  github.com/decred/dcrd/dcrec/secp256k1/v4.(*ModNScalar).Add2()
      /Users/z/go/pkg/mod/github.com/decred/dcrd/dcrec/secp256k1/v4@v4.4.0/modnscalar.go:472 +0x108
  github.com/decred/dcrd/dcrec/secp256k1/v4.(*ModNScalar).Add()
      /Users/z/go/pkg/mod/github.com/decred/dcrd/dcrec/secp256k1/v4@v4.4.0/modnscalar.go:497 +0x58
  github.com/luxfi/threshold/pkg/math/curve.(*Secp256k1Scalar).Add()
      /Users/z/work/lux/threshold/pkg/math/curve/secp256k1.go:106 +0x44
  github.com/luxfi/threshold/protocols/frost/sign.(*round3).Finalize()
      /Users/z/work/lux/threshold/protocols/frost/sign/round3.go:96 +0x134
  github.com/luxfi/threshold/pkg/protocol.(*Handler).finalizeRound.func1()
      /Users/z/work/lux/threshold/pkg/protocol/handler.go:1163 +0xe4

Previous write at 0x00c00099bca8 by goroutine 2512:
  github.com/decred/dcrd/dcrec/secp256k1/v4.(*ModNScalar).SetBytes()
      /Users/z/go/pkg/mod/github.com/decred/dcrd/dcrec/secp256k1/v4@v4.4.0/modnscalar.go:330 +0x1a8
  github.com/luxfi/threshold/pkg/math/curve.(*Secp256k1Scalar).UnmarshalBinary()
      /Users/z/work/lux/threshold/pkg/math/curve/secp256k1.go:97 +0x68
  github.com/fxamacker/cbor/v2.fillByteString()
      /Users/z/go/pkg/mod/github.com/fxamacker/cbor/v2@v2.9.0/decode.go:3191 +0xa38
  github.com/fxamacker/cbor/v2.(*decoder).parseToValue()
      /Users/z/go/pkg/mod/github.com/fxamacker/cbor/v2@v2.9.0/decode.go:1573 +0x1390
  github.com/fxamacker/cbor/v2.(*decoder).parseMapToStruct()
      /Users/z/go/pkg/mod/github.com/fxamacker/cbor/v2@v2.9.0/decode.go:2904 +0xe94
  github.com/fxamacker/cbor/v2.(*decoder).parseToValue()
      /Users/z/go/pkg/mod/github.com/fxamacker/cbor/v2@v2.9.0/decode.go:1692 +0x15ac
  github.com/fxamacker/cbor/v2.(*decoder).value()
      /Users/z/go/pkg/mod/github.com/fxamacker/cbor/v2@v2.9.0/decode.go:1399 +0x2f0
  github.com/fxamacker/cbor/v2.(*decMode).Unmarshal()
      /Users/z/go/pkg/mod/github.com/fxamacker/cbor/v2@v2.9.0/decode.go:1302 +0xb0
  github.com/fxamacker/cbor/v2.Unmarshal()
      /Users/z/go/pkg/mod/github.com/fxamacker/cbor/v2@v2.9.0/decode.go:109 +0x144
  github.com/luxfi/threshold/pkg/protocol.(*Handler).verifyBroadcastForRound()
      /Users/z/work/lux/threshold/pkg/protocol/handler.go:1265 +0xd4
  github.com/luxfi/threshold/pkg/protocol.(*Handler).processQueuedMessages()
      /Users/z/work/lux/threshold/pkg/protocol/handler.go:1542 +0x404
  github.com/luxfi/threshold/pkg/protocol.(*Handler).tryAdvanceRound.gowrap2()
      /Users/z/work/lux/threshold/pkg/protocol/handler.go:673 +0x40

Goroutine 2514 (running) created at:
  github.com/luxfi/threshold/pkg/protocol.(*Handler).finalizeRound()
      /Users/z/work/lux/threshold/pkg/protocol/handler.go:1160 +0x26c
  github.com/luxfi/threshold/pkg/protocol.(*Handler).tryAdvanceRound()
      /Users/z/work/lux/threshold/pkg/protocol/handler.go:622 +0xae4
  github.com/luxfi/threshold/pkg/protocol.(*Handler).roundProcessor()
      /Users/z/work/lux/threshold/pkg/protocol/handler.go:569 +0xb4
  github.com/luxfi/threshold/pkg/protocol.(*Handler).startWorkers.func1()
      /Users/z/work/lux/threshold/pkg/protocol/handler.go:374 +0x78

Goroutine 2512 (finished) created at:
  github.com/luxfi/threshold/pkg/protocol.(*Handler).tryAdvanceRound()
      /Users/z/work/lux/threshold/pkg/protocol/handler.go:673 +0x12e4
  github.com/luxfi/threshold/pkg/protocol.(*Handler).processMessage()
      /Users/z/work/lux/threshold/pkg/protocol/handler.go:486 +0xbb0
  github.com/luxfi/threshold/pkg/protocol.(*Handler).messageWorker()
      /Users/z/work/lux/threshold/pkg/protocol/handler.go:408 +0x338
  github.com/luxfi/threshold/pkg/protocol.(*Handler).startWorkers.gowrap2()
      /Users/z/work/lux/threshold/pkg/protocol/handler.go:361 +0x44
==================
==================
WARNING: DATA RACE
Read at 0x00c00099bcb0 by goroutine 2514:
  github.com/decred/dcrd/dcrec/secp256k1/v4.(*ModNScalar).Add2()
      /Users/z/go/pkg/mod/github.com/decred/dcrd/dcrec/secp256k1/v4@v4.4.0/modnscalar.go:476 +0x1b8
  github.com/decred/dcrd/dcrec/secp256k1/v4.(*ModNScalar).Add()
      /Users/z/go/pkg/mod/github.com/decred/dcrd/dcrec/secp256k1/v4@v4.4.0/modnscalar.go:497 +0x58
  github.com/luxfi/threshold/pkg/math/curve.(*Secp256k1Scalar).Add()
      /Users/z/work/lux/threshold/pkg/math/curve/secp256k1.go:106 +0x44
  github.com/luxfi/threshold/protocols/frost/sign.(*round3).Finalize()
      /Users/z/work/lux/threshold/protocols/frost/sign/round3.go:96 +0x134
  github.com/luxfi/threshold/pkg/protocol.(*Handler).finalizeRound.func1()
      /Users/z/work/lux/threshold/pkg/protocol/handler.go:1163 +0xe4

Previous write at 0x00c00099bcb0 by goroutine 2512:
  github.com/decred/dcrd/dcrec/secp256k1/v4.(*ModNScalar).SetBytes()
      /Users/z/go/pkg/mod/github.com/decred/dcrd/dcrec/secp256k1/v4@v4.4.0/modnscalar.go:332 +0x2b8
  github.com/luxfi/threshold/pkg/math/curve.(*Secp256k1Scalar).UnmarshalBinary()
      /Users/z/work/lux/threshold/pkg/math/curve/secp256k1.go:97 +0x68
  github.com/fxamacker/cbor/v2.fillByteString()
      /Users/z/go/pkg/mod/github.com/fxamacker/cbor/v2@v2.9.0/decode.go:3191 +0xa38
  github.com/fxamacker/cbor/v2.(*decoder).parseToValue()
      /Users/z/go/pkg/mod/github.com/fxamacker/cbor/v2@v2.9.0/decode.go:1573 +0x1390
  github.com/fxamacker/cbor/v2.(*decoder).parseMapToStruct()
      /Users/z/go/pkg/mod/github.com/fxamacker/cbor/v2@v2.9.0/decode.go:2904 +0xe94
  github.com/fxamacker/cbor/v2.(*decoder).parseToValue()
      /Users/z/go/pkg/mod/github.com/fxamacker/cbor/v2@v2.9.0/decode.go:1692 +0x15ac
  github.com/fxamacker/cbor/v2.(*decoder).value()
      /Users/z/go/pkg/mod/github.com/fxamacker/cbor/v2@v2.9.0/decode.go:1399 +0x2f0
  github.com/fxamacker/cbor/v2.(*decMode).Unmarshal()
      /Users/z/go/pkg/mod/github.com/fxamacker/cbor/v2@v2.9.0/decode.go:1302 +0xb0
  github.com/fxamacker/cbor/v2.Unmarshal()
      /Users/z/go/pkg/mod/github.com/fxamacker/cbor/v2@v2.9.0/decode.go:109 +0x144
  github.com/luxfi/threshold/pkg/protocol.(*Handler).verifyBroadcastForRound()
      /Users/z/work/lux/threshold/pkg/protocol/handler.go:1265 +0xd4
  github.com/luxfi/threshold/pkg/protocol.(*Handler).processQueuedMessages()
      /Users/z/work/lux/threshold/pkg/protocol/handler.go:1542 +0x404
  github.com/luxfi/threshold/pkg/protocol.(*Handler).tryAdvanceRound.gowrap2()
      /Users/z/work/lux/threshold/pkg/protocol/handler.go:673 +0x40

Goroutine 2514 (running) created at:
  github.com/luxfi/threshold/pkg/protocol.(*Handler).finalizeRound()
      /Users/z/work/lux/threshold/pkg/protocol/handler.go:1160 +0x26c
  github.com/luxfi/threshold/pkg/protocol.(*Handler).tryAdvanceRound()
      /Users/z/work/lux/threshold/pkg/protocol/handler.go:622 +0xae4
  github.com/luxfi/threshold/pkg/protocol.(*Handler).roundProcessor()
      /Users/z/work/lux/threshold/pkg/protocol/handler.go:569 +0xb4
  github.com/luxfi/threshold/pkg/protocol.(*Handler).startWorkers.func1()
      /Users/z/work/lux/threshold/pkg/protocol/handler.go:374 +0x78

Goroutine 2512 (finished) created at:
  github.com/luxfi/threshold/pkg/protocol.(*Handler).tryAdvanceRound()
      /Users/z/work/lux/threshold/pkg/protocol/handler.go:673 +0x12e4
  github.com/luxfi/threshold/pkg/protocol.(*Handler).processMessage()
      /Users/z/work/lux/threshold/pkg/protocol/handler.go:486 +0xbb0
  github.com/luxfi/threshold/pkg/protocol.(*Handler).messageWorker()
      /Users/z/work/lux/threshold/pkg/protocol/handler.go:408 +0x338
  github.com/luxfi/threshold/pkg/protocol.(*Handler).startWorkers.gowrap2()
      /Users/z/work/lux/threshold/pkg/protocol/handler.go:361 +0x44
==================
==================
WARNING: DATA RACE
Read at 0x00c00099bcb8 by goroutine 2514:
  github.com/decred/dcrd/dcrec/secp256k1/v4.(*ModNScalar).Add2()
      /Users/z/go/pkg/mod/github.com/decred/dcrd/dcrec/secp256k1/v4@v4.4.0/modnscalar.go:480 +0x268
  github.com/decred/dcrd/dcrec/secp256k1/v4.(*ModNScalar).Add()
      /Users/z/go/pkg/mod/github.com/decred/dcrd/dcrec/secp256k1/v4@v4.4.0/modnscalar.go:497 +0x58
  github.com/luxfi/threshold/pkg/math/curve.(*Secp256k1Scalar).Add()
      /Users/z/work/lux/threshold/pkg/math/curve/secp256k1.go:106 +0x44
  github.com/luxfi/threshold/protocols/frost/sign.(*round3).Finalize()
      /Users/z/work/lux/threshold/protocols/frost/sign/round3.go:96 +0x134
  github.com/luxfi/threshold/pkg/protocol.(*Handler).finalizeRound.func1()
      /Users/z/work/lux/threshold/pkg/protocol/handler.go:1163 +0xe4

Previous write at 0x00c00099bcb8 by goroutine 2512:
  github.com/decred/dcrd/dcrec/secp256k1/v4.(*ModNScalar).SetBytes()
      /Users/z/go/pkg/mod/github.com/decred/dcrd/dcrec/secp256k1/v4@v4.4.0/modnscalar.go:334 +0x3c8
  github.com/luxfi/threshold/pkg/math/curve.(*Secp256k1Scalar).UnmarshalBinary()
      /Users/z/work/lux/threshold/pkg/math/curve/secp256k1.go:97 +0x68
  github.com/fxamacker/cbor/v2.fillByteString()
      /Users/z/go/pkg/mod/github.com/fxamacker/cbor/v2@v2.9.0/decode.go:3191 +0xa38
  github.com/fxamacker/cbor/v2.(*decoder).parseToValue()
      /Users/z/go/pkg/mod/github.com/fxamacker/cbor/v2@v2.9.0/decode.go:1573 +0x1390
  github.com/fxamacker/cbor/v2.(*decoder).parseMapToStruct()
      /Users/z/go/pkg/mod/github.com/fxamacker/cbor/v2@v2.9.0/decode.go:2904 +0xe94
  github.com/fxamacker/cbor/v2.(*decoder).parseToValue()
      /Users/z/go/pkg/mod/github.com/fxamacker/cbor/v2@v2.9.0/decode.go:1692 +0x15ac
  github.com/fxamacker/cbor/v2.(*decoder).value()
      /Users/z/go/pkg/mod/github.com/fxamacker/cbor/v2@v2.9.0/decode.go:1399 +0x2f0
  github.com/fxamacker/cbor/v2.(*decMode).Unmarshal()
      /Users/z/go/pkg/mod/github.com/fxamacker/cbor/v2@v2.9.0/decode.go:1302 +0xb0
  github.com/fxamacker/cbor/v2.Unmarshal()
      /Users/z/go/pkg/mod/github.com/fxamacker/cbor/v2@v2.9.0/decode.go:109 +0x144
  github.com/luxfi/threshold/pkg/protocol.(*Handler).verifyBroadcastForRound()
      /Users/z/work/lux/threshold/pkg/protocol/handler.go:1265 +0xd4
  github.com/luxfi/threshold/pkg/protocol.(*Handler).processQueuedMessages()
      /Users/z/work/lux/threshold/pkg/protocol/handler.go:1542 +0x404
  github.com/luxfi/threshold/pkg/protocol.(*Handler).tryAdvanceRound.gowrap2()
      /Users/z/work/lux/threshold/pkg/protocol/handler.go:673 +0x40

Goroutine 2514 (running) created at:
  github.com/luxfi/threshold/pkg/protocol.(*Handler).finalizeRound()
      /Users/z/work/lux/threshold/pkg/protocol/handler.go:1160 +0x26c
  github.com/luxfi/threshold/pkg/protocol.(*Handler).tryAdvanceRound()
      /Users/z/work/lux/threshold/pkg/protocol/handler.go:622 +0xae4
  github.com/luxfi/threshold/pkg/protocol.(*Handler).roundProcessor()
      /Users/z/work/lux/threshold/pkg/protocol/handler.go:569 +0xb4
  github.com/luxfi/threshold/pkg/protocol.(*Handler).startWorkers.func1()
      /Users/z/work/lux/threshold/pkg/protocol/handler.go:374 +0x78

Goroutine 2512 (finished) created at:
  github.com/luxfi/threshold/pkg/protocol.(*Handler).tryAdvanceRound()
      /Users/z/work/lux/threshold/pkg/protocol/handler.go:673 +0x12e4
  github.com/luxfi/threshold/pkg/protocol.(*Handler).processMessage()
      /Users/z/work/lux/threshold/pkg/protocol/handler.go:486 +0xbb0
  github.com/luxfi/threshold/pkg/protocol.(*Handler).messageWorker()
      /Users/z/work/lux/threshold/pkg/protocol/handler.go:408 +0x338
  github.com/luxfi/threshold/pkg/protocol.(*Handler).startWorkers.gowrap2()
      /Users/z/work/lux/threshold/pkg/protocol/handler.go:361 +0x44
==================
2025-08-15T22:12:59.222-0500	DEBUG	protocol/handler.go:1182	finalized round messages	{"{round 20 3  <nil>}": {"Key":"messages","Type":11,"Integer":0,"String":"","Interface":null}}
2025-08-15T22:12:59.222-0500	INFO	protocol/handler.go:1211	protocol completed	{"{self 15 0 c <nil>}": {"Key":"final_round","Type":20,"Integer":3,"String":"","Interface":null}}
2025-08-15T22:12:59.222-0500	DEBUG	protocol/handler.go:624	finalizeRound returned nil
2025-08-15T22:12:59.222-0500	DEBUG	protocol/handler.go:581	tryAdvanceRound called	{"{current_round 20 3  <nil>}": {"Key":"self","Type":15,"Integer":0,"String":"c","Interface":null}}
2025-08-15T22:12:59.222-0500	DEBUG	protocol/handler.go:1591	have processed broadcast	{"{round 20 3  <nil>}": {"Key":"from","Type":15,"Integer":0,"String":"a","Interface":null}}
2025-08-15T22:12:59.222-0500	DEBUG	protocol/handler.go:1591	have processed broadcast	{"{round 20 3  <nil>}": {"Key":"from","Type":15,"Integer":0,"String":"b","Interface":null}}
2025-08-15T22:12:59.222-0500	DEBUG	protocol/handler.go:1649	have all messages and processed	{"{round 20 3  <nil>}": {"Key":"self","Type":15,"Integer":0,"String":"c","Interface":null}}
2025-08-15T22:12:59.222-0500	DEBUG	protocol/handler.go:596	round already finalized
2025-08-15T22:12:59.225-0500	INFO	protocol/handler.go:787	protocol completed successfully
2025-08-15T22:12:59.242-0500	DEBUG	protocol/handler.go:403	worker stopping
2025-08-15T22:12:59.242-0500	DEBUG	protocol/handler.go:403	worker stopping
2025-08-15T22:12:59.242-0500	DEBUG	protocol/handler.go:403	worker stopping
2025-08-15T22:12:59.243-0500	DEBUG	protocol/handler.go:403	worker stopping
2025-08-15T22:12:59.243-0500	DEBUG	protocol/handler.go:403	worker stopping
2025-08-15T22:12:59.243-0500	DEBUG	protocol/handler.go:403	worker stopping
2025-08-15T22:12:59.243-0500	DEBUG	protocol/handler.go:403	worker stopping
2025-08-15T22:12:59.243-0500	DEBUG	protocol/handler.go:403	worker stopping
2025-08-15T22:12:59.251-0500	INFO	protocol/handler.go:240	starting protocol handler	{"{protocol 15 0 frost/keygen-threshold <nil>}": {"Key":"workers","Type":11,"Integer":4,"String":"","Interface":null}, "{parties 11 5  <nil>}": {"Key":"threshold","Type":11,"Integer":3,"String":"","Interface":null}}
2025-08-15T22:12:59.252-0500	DEBUG	protocol/handler.go:348	starting worker pools	{"{workers 11 4  <nil>}": {"Key":"priority","Type":11,"Integer":4,"String":"","Interface":null}}
2025-08-15T22:12:59.252-0500	DEBUG	protocol/handler.go:391	worker started	{"{id 11 0  <nil>}": {"Key":"priority","Type":4,"Integer":1,"String":"","Interface":null}}
2025-08-15T22:12:59.252-0500	DEBUG	protocol/handler.go:391	worker started	{"{id 11 0  <nil>}": {"Key":"priority","Type":4,"Integer":0,"String":"","Interface":null}}
2025-08-15T22:12:59.252-0500	DEBUG	protocol/handler.go:391	worker started	{"{id 11 1  <nil>}": {"Key":"priority","Type":4,"Integer":0,"String":"","Interface":null}}
2025-08-15T22:12:59.252-0500	DEBUG	protocol/handler.go:391	worker started	{"{id 11 1  <nil>}": {"Key":"priority","Type":4,"Integer":1,"String":"","Interface":null}}
2025-08-15T22:12:59.252-0500	DEBUG	protocol/handler.go:391	worker started	{"{id 11 2  <nil>}": {"Key":"priority","Type":4,"Integer":1,"String":"","Interface":null}}
2025-08-15T22:12:59.253-0500	DEBUG	protocol/handler.go:391	worker started	{"{id 11 3  <nil>}": {"Key":"priority","Type":4,"Integer":1,"String":"","Interface":null}}
2025-08-15T22:12:59.253-0500	DEBUG	protocol/handler.go:930	initializing round
2025-08-15T22:12:59.252-0500	DEBUG	protocol/handler.go:391	worker started	{"{id 11 2  <nil>}": {"Key":"priority","Type":4,"Integer":0,"String":"","Interface":null}}
2025-08-15T22:12:59.253-0500	DEBUG	protocol/handler.go:1503	processing queued messages
2025-08-15T22:12:59.253-0500	DEBUG	protocol/handler.go:391	worker started	{"{id 11 3  <nil>}": {"Key":"priority","Type":4,"Integer":0,"String":"","Interface":null}}
2025-08-15T22:12:59.253-0500	INFO	protocol/handler.go:240	starting protocol handler	{"{protocol 15 0 frost/keygen-threshold <nil>}": {"Key":"workers","Type":11,"Integer":4,"String":"","Interface":null}, "{parties 11 5  <nil>}": {"Key":"threshold","Type":11,"Integer":3,"String":"","Interface":null}}
2025-08-15T22:12:59.253-0500	DEBUG	protocol/handler.go:348	starting worker pools	{"{workers 11 4  <nil>}": {"Key":"priority","Type":11,"Integer":4,"String":"","Interface":null}}
2025-08-15T22:12:59.253-0500	DEBUG	protocol/handler.go:391	worker started	{"{id 11 1  <nil>}": {"Key":"priority","Type":4,"Integer":0,"String":"","Interface":null}}
2025-08-15T22:12:59.253-0500	DEBUG	protocol/handler.go:391	worker started	{"{id 11 0  <nil>}": {"Key":"priority","Type":4,"Integer":0,"String":"","Interface":null}}
2025-08-15T22:12:59.253-0500	DEBUG	protocol/handler.go:391	worker started	{"{id 11 2  <nil>}": {"Key":"priority","Type":4,"Integer":0,"String":"","Interface":null}}
2025-08-15T22:12:59.253-0500	DEBUG	protocol/handler.go:391	worker started	{"{id 11 3  <nil>}": {"Key":"priority","Type":4,"Integer":0,"String":"","Interface":null}}
2025-08-15T22:12:59.253-0500	DEBUG	protocol/handler.go:391	worker started	{"{id 11 0  <nil>}": {"Key":"priority","Type":4,"Integer":1,"String":"","Interface":null}}
2025-08-15T22:12:59.253-0500	DEBUG	protocol/handler.go:391	worker started	{"{id 11 1  <nil>}": {"Key":"priority","Type":4,"Integer":1,"String":"","Interface":null}}
2025-08-15T22:12:59.254-0500	DEBUG	protocol/handler.go:391	worker started	{"{id 11 2  <nil>}": {"Key":"priority","Type":4,"Integer":1,"String":"","Interface":null}}
2025-08-15T22:12:59.254-0500	DEBUG	protocol/handler.go:391	worker started	{"{id 11 3  <nil>}": {"Key":"priority","Type":4,"Integer":1,"String":"","Interface":null}}
2025-08-15T22:12:59.254-0500	DEBUG	protocol/handler.go:930	initializing round
2025-08-15T22:12:59.254-0500	DEBUG	protocol/handler.go:1503	processing queued messages
2025-08-15T22:12:59.254-0500	INFO	protocol/handler.go:240	starting protocol handler	{"{protocol 15 0 frost/keygen-threshold <nil>}": {"Key":"workers","Type":11,"Integer":4,"String":"","Interface":null}, "{parties 11 5  <nil>}": {"Key":"threshold","Type":11,"Integer":3,"String":"","Interface":null}}
2025-08-15T22:12:59.254-0500	DEBUG	protocol/handler.go:348	starting worker pools	{"{workers 11 4  <nil>}": {"Key":"priority","Type":11,"Integer":4,"String":"","Interface":null}}
2025-08-15T22:12:59.254-0500	DEBUG	protocol/handler.go:930	initializing round
2025-08-15T22:12:59.254-0500	DEBUG	protocol/handler.go:1503	processing queued messages
2025-08-15T22:12:59.254-0500	DEBUG	protocol/handler.go:391	worker started	{"{id 11 0  <nil>}": {"Key":"priority","Type":4,"Integer":0,"String":"","Interface":null}}
2025-08-15T22:12:59.254-0500	DEBUG	protocol/handler.go:391	worker started	{"{id 11 1  <nil>}": {"Key":"priority","Type":4,"Integer":0,"String":"","Interface":null}}
2025-08-15T22:12:59.254-0500	DEBUG	protocol/handler.go:391	worker started	{"{id 11 3  <nil>}": {"Key":"priority","Type":4,"Integer":0,"String":"","Interface":null}}
2025-08-15T22:12:59.254-0500	DEBUG	protocol/handler.go:391	worker started	{"{id 11 0  <nil>}": {"Key":"priority","Type":4,"Integer":1,"String":"","Interface":null}}
2025-08-15T22:12:59.254-0500	DEBUG	protocol/handler.go:391	worker started	{"{id 11 1  <nil>}": {"Key":"priority","Type":4,"Integer":1,"String":"","Interface":null}}
2025-08-15T22:12:59.254-0500	DEBUG	protocol/handler.go:391	worker started	{"{id 11 2  <nil>}": {"Key":"priority","Type":4,"Integer":1,"String":"","Interface":null}}
2025-08-15T22:12:59.254-0500	DEBUG	protocol/handler.go:391	worker started	{"{id 11 3  <nil>}": {"Key":"priority","Type":4,"Integer":1,"String":"","Interface":null}}
2025-08-15T22:12:59.255-0500	DEBUG	protocol/handler.go:391	worker started	{"{id 11 2  <nil>}": {"Key":"priority","Type":4,"Integer":0,"String":"","Interface":null}}
2025-08-15T22:12:59.255-0500	INFO	protocol/handler.go:240	starting protocol handler	{"{protocol 15 0 frost/keygen-threshold <nil>}": {"Key":"workers","Type":11,"Integer":4,"String":"","Interface":null}, "{parties 11 5  <nil>}": {"Key":"threshold","Type":11,"Integer":3,"String":"","Interface":null}}
2025-08-15T22:12:59.255-0500	DEBUG	protocol/handler.go:348	starting worker pools	{"{workers 11 4  <nil>}": {"Key":"priority","Type":11,"Integer":4,"String":"","Interface":null}}
2025-08-15T22:12:59.255-0500	DEBUG	protocol/handler.go:930	initializing round
2025-08-15T22:12:59.255-0500	DEBUG	protocol/handler.go:1503	processing queued messages
2025-08-15T22:12:59.255-0500	DEBUG	protocol/handler.go:391	worker started	{"{id 11 0  <nil>}": {"Key":"priority","Type":4,"Integer":0,"String":"","Interface":null}}
2025-08-15T22:12:59.255-0500	DEBUG	protocol/handler.go:391	worker started	{"{id 11 2  <nil>}": {"Key":"priority","Type":4,"Integer":0,"String":"","Interface":null}}
2025-08-15T22:12:59.255-0500	DEBUG	protocol/handler.go:391	worker started	{"{id 11 1  <nil>}": {"Key":"priority","Type":4,"Integer":0,"String":"","Interface":null}}
2025-08-15T22:12:59.255-0500	DEBUG	protocol/handler.go:391	worker started	{"{id 11 0  <nil>}": {"Key":"priority","Type":4,"Integer":1,"String":"","Interface":null}}
2025-08-15T22:12:59.255-0500	DEBUG	protocol/handler.go:391	worker started	{"{id 11 3  <nil>}": {"Key":"priority","Type":4,"Integer":0,"String":"","Interface":null}}
2025-08-15T22:12:59.255-0500	DEBUG	protocol/handler.go:391	worker started	{"{id 11 1  <nil>}": {"Key":"priority","Type":4,"Integer":1,"String":"","Interface":null}}
2025-08-15T22:12:59.255-0500	DEBUG	protocol/handler.go:391	worker started	{"{id 11 2  <nil>}": {"Key":"priority","Type":4,"Integer":1,"String":"","Interface":null}}
2025-08-15T22:12:59.255-0500	DEBUG	protocol/handler.go:391	worker started	{"{id 11 3  <nil>}": {"Key":"priority","Type":4,"Integer":1,"String":"","Interface":null}}
2025-08-15T22:12:59.256-0500	INFO	protocol/handler.go:240	starting protocol handler	{"{protocol 15 0 frost/keygen-threshold <nil>}": {"Key":"workers","Type":11,"Integer":4,"String":"","Interface":null}, "{parties 11 5  <nil>}": {"Key":"threshold","Type":11,"Integer":3,"String":"","Interface":null}}
2025-08-15T22:12:59.256-0500	DEBUG	protocol/handler.go:348	starting worker pools	{"{workers 11 4  <nil>}": {"Key":"priority","Type":11,"Integer":4,"String":"","Interface":null}}
2025-08-15T22:12:59.256-0500	DEBUG	protocol/handler.go:391	worker started	{"{id 11 1  <nil>}": {"Key":"priority","Type":4,"Integer":0,"String":"","Interface":null}}
2025-08-15T22:12:59.256-0500	DEBUG	protocol/handler.go:391	worker started	{"{id 11 2  <nil>}": {"Key":"priority","Type":4,"Integer":0,"String":"","Interface":null}}
2025-08-15T22:12:59.256-0500	DEBUG	protocol/handler.go:391	worker started	{"{id 11 0  <nil>}": {"Key":"priority","Type":4,"Integer":0,"String":"","Interface":null}}
2025-08-15T22:12:59.256-0500	DEBUG	protocol/handler.go:391	worker started	{"{id 11 3  <nil>}": {"Key":"priority","Type":4,"Integer":0,"String":"","Interface":null}}
2025-08-15T22:12:59.256-0500	DEBUG	protocol/handler.go:391	worker started	{"{id 11 1  <nil>}": {"Key":"priority","Type":4,"Integer":1,"String":"","Interface":null}}
2025-08-15T22:12:59.256-0500	DEBUG	protocol/handler.go:391	worker started	{"{id 11 0  <nil>}": {"Key":"priority","Type":4,"Integer":1,"String":"","Interface":null}}
2025-08-15T22:12:59.256-0500	DEBUG	protocol/handler.go:391	worker started	{"{id 11 3  <nil>}": {"Key":"priority","Type":4,"Integer":1,"String":"","Interface":null}}
2025-08-15T22:12:59.256-0500	DEBUG	protocol/handler.go:391	worker started	{"{id 11 2  <nil>}": {"Key":"priority","Type":4,"Integer":1,"String":"","Interface":null}}
2025-08-15T22:12:59.256-0500	DEBUG	protocol/handler.go:930	initializing round
2025-08-15T22:12:59.256-0500	DEBUG	protocol/handler.go:1503	processing queued messages
2025-08-15T22:12:59.264-0500	INFO	protocol/handler.go:560	advanced to round
2025-08-15T22:12:59.264-0500	DEBUG	protocol/handler.go:581	tryAdvanceRound called	{"{current_round 20 1  <nil>}": {"Key":"self","Type":15,"Integer":0,"String":"b","Interface":null}}
2025-08-15T22:12:59.264-0500	DEBUG	protocol/handler.go:1649	have all messages and processed	{"{round 20 1  <nil>}": {"Key":"self","Type":15,"Integer":0,"String":"b","Interface":null}}
2025-08-15T22:12:59.264-0500	DEBUG	protocol/handler.go:619	finalizing round
2025-08-15T22:12:59.265-0500	INFO	protocol/handler.go:560	advanced to round
2025-08-15T22:12:59.265-0500	INFO	protocol/handler.go:560	advanced to round
2025-08-15T22:12:59.265-0500	DEBUG	protocol/handler.go:581	tryAdvanceRound called	{"{current_round 20 1  <nil>}": {"Key":"self","Type":15,"Integer":0,"String":"a","Interface":null}}
2025-08-15T22:12:59.265-0500	DEBUG	protocol/handler.go:581	tryAdvanceRound called	{"{current_round 20 1  <nil>}": {"Key":"self","Type":15,"Integer":0,"String":"c","Interface":null}}
2025-08-15T22:12:59.265-0500	DEBUG	protocol/handler.go:1649	have all messages and processed	{"{round 20 1  <nil>}": {"Key":"self","Type":15,"Integer":0,"String":"c","Interface":null}}
2025-08-15T22:12:59.265-0500	DEBUG	protocol/handler.go:619	finalizing round
2025-08-15T22:12:59.266-0500	INFO	protocol/handler.go:560	advanced to round
2025-08-15T22:12:59.266-0500	DEBUG	protocol/handler.go:581	tryAdvanceRound called	{"{current_round 20 1  <nil>}": {"Key":"self","Type":15,"Integer":0,"String":"d","Interface":null}}
2025-08-15T22:12:59.266-0500	DEBUG	protocol/handler.go:1649	have all messages and processed	{"{round 20 1  <nil>}": {"Key":"self","Type":15,"Integer":0,"String":"d","Interface":null}}
2025-08-15T22:12:59.266-0500	DEBUG	protocol/handler.go:619	finalizing round
2025-08-15T22:12:59.268-0500	INFO	protocol/handler.go:560	advanced to round
2025-08-15T22:12:59.268-0500	DEBUG	protocol/handler.go:581	tryAdvanceRound called	{"{current_round 20 1  <nil>}": {"Key":"self","Type":15,"Integer":0,"String":"e","Interface":null}}
2025-08-15T22:12:59.271-0500	DEBUG	protocol/handler.go:1039	sendRoundMessage	{"{from 15 0 d <nil>}": {"Key":"to","Type":15,"Integer":0,"String":"","Interface":null}, "{round 20 2  <nil>}": {"Key":"broadcast","Type":4,"Integer":1,"String":"","Interface":null}}
2025-08-15T22:12:59.272-0500	DEBUG	protocol/handler.go:1657	storing broadcast	{"{round 20 2  <nil>}": {"Key":"from","Type":15,"Integer":0,"String":"d","Interface":null}}
2025-08-15T22:12:59.272-0500	DEBUG	protocol/handler.go:1081	sent message to output channel	{"{from 15 0 d <nil>}": {"Key":"to","Type":15,"Integer":0,"String":"","Interface":null}, "{round 20 2  <nil>}": {"Key":"broadcast","Type":4,"Integer":1,"String":"","Interface":null}}
2025-08-15T22:12:59.272-0500	DEBUG	protocol/handler.go:1182	finalized round messages	{"{round 20 1  <nil>}": {"Key":"messages","Type":11,"Integer":1,"String":"","Interface":null}}
2025-08-15T22:12:59.272-0500	DEBUG	protocol/handler.go:1239	finalize returned next round	{"{current 20 1  <nil>}": {"Key":"next","Type":20,"Integer":2,"String":"","Interface":null}}
2025-08-15T22:12:59.272-0500	INFO	protocol/handler.go:642	storing new currentRound	{"{from 20 1  <nil>}": {"Key":"to","Type":20,"Integer":2,"String":"","Interface":null}}
2025-08-15T22:12:59.272-0500	DEBUG	protocol/handler.go:1503	processing queued messages
2025-08-15T22:12:59.272-0500	DEBUG	protocol/handler.go:1503	processing queued messages
2025-08-15T22:12:59.272-0500	DEBUG	protocol/handler.go:437	processing message	{"{from 15 0 d <nil>}": {"Key":"to","Type":15,"Integer":0,"String":"","Interface":null}, "{round 20 2  <nil>}": {"Key":"broadcast","Type":4,"Integer":1,"String":"","Interface":null}}
2025-08-15T22:12:59.272-0500	DEBUG	protocol/handler.go:1657	storing broadcast	{"{round 20 2  <nil>}": {"Key":"from","Type":15,"Integer":0,"String":"d","Interface":null}}
2025-08-15T22:12:59.272-0500	DEBUG	protocol/handler.go:470	message for different round (buffering)	{"{msg_round 20 2  <nil>}": {"Key":"current_round","Type":20,"Integer":1,"String":"","Interface":null}}
2025-08-15T22:12:59.273-0500	DEBUG	protocol/handler.go:581	tryAdvanceRound called	{"{current_round 20 1  <nil>}": {"Key":"self","Type":15,"Integer":0,"String":"c","Interface":null}}
2025-08-15T22:12:59.273-0500	DEBUG	protocol/handler.go:1649	have all messages and processed	{"{round 20 1  <nil>}": {"Key":"self","Type":15,"Integer":0,"String":"c","Interface":null}}
2025-08-15T22:12:59.273-0500	DEBUG	protocol/handler.go:596	round already finalized
2025-08-15T22:12:59.273-0500	DEBUG	protocol/handler.go:437	processing message	{"{from 15 0 d <nil>}": {"Key":"to","Type":15,"Integer":0,"String":"","Interface":null}, "{round 20 2  <nil>}": {"Key":"broadcast","Type":4,"Integer":1,"String":"","Interface":null}}
2025-08-15T22:12:59.273-0500	DEBUG	protocol/handler.go:1657	storing broadcast	{"{round 20 2  <nil>}": {"Key":"from","Type":15,"Integer":0,"String":"d","Interface":null}}
2025-08-15T22:12:59.273-0500	DEBUG	protocol/handler.go:470	message for different round (buffering)	{"{msg_round 20 2  <nil>}": {"Key":"current_round","Type":20,"Integer":1,"String":"","Interface":null}}
2025-08-15T22:12:59.273-0500	DEBUG	protocol/handler.go:581	tryAdvanceRound called	{"{current_round 20 1  <nil>}": {"Key":"self","Type":15,"Integer":0,"String":"b","Interface":null}}
2025-08-15T22:12:59.273-0500	DEBUG	protocol/handler.go:1649	have all messages and processed	{"{round 20 1  <nil>}": {"Key":"self","Type":15,"Integer":0,"String":"b","Interface":null}}
2025-08-15T22:12:59.274-0500	DEBUG	protocol/handler.go:596	round already finalized
2025-08-15T22:12:59.274-0500	DEBUG	protocol/handler.go:437	processing message	{"{from 15 0 d <nil>}": {"Key":"to","Type":15,"Integer":0,"String":"","Interface":null}, "{round 20 2  <nil>}": {"Key":"broadcast","Type":4,"Integer":1,"String":"","Interface":null}}
2025-08-15T22:12:59.274-0500	DEBUG	protocol/handler.go:1657	storing broadcast	{"{round 20 2  <nil>}": {"Key":"from","Type":15,"Integer":0,"String":"d","Interface":null}}
2025-08-15T22:12:59.274-0500	DEBUG	protocol/handler.go:1649	have all messages and processed	{"{round 20 1  <nil>}": {"Key":"self","Type":15,"Integer":0,"String":"e","Interface":null}}
2025-08-15T22:12:59.274-0500	DEBUG	protocol/handler.go:619	finalizing round
2025-08-15T22:12:59.274-0500	DEBUG	protocol/handler.go:470	message for different round (buffering)	{"{msg_round 20 2  <nil>}": {"Key":"current_round","Type":20,"Integer":1,"String":"","Interface":null}}
2025-08-15T22:12:59.276-0500	DEBUG	protocol/handler.go:581	tryAdvanceRound called	{"{current_round 20 1  <nil>}": {"Key":"self","Type":15,"Integer":0,"String":"e","Interface":null}}
2025-08-15T22:12:59.276-0500	DEBUG	protocol/handler.go:1649	have all messages and processed	{"{round 20 1  <nil>}": {"Key":"self","Type":15,"Integer":0,"String":"e","Interface":null}}
2025-08-15T22:12:59.277-0500	DEBUG	protocol/handler.go:437	processing message	{"{from 15 0 d <nil>}": {"Key":"to","Type":15,"Integer":0,"String":"","Interface":null}, "{round 20 2  <nil>}": {"Key":"broadcast","Type":4,"Integer":1,"String":"","Interface":null}}
2025-08-15T22:12:59.277-0500	DEBUG	protocol/handler.go:596	round already finalized
2025-08-15T22:12:59.275-0500	DEBUG	protocol/handler.go:954	round already being initialized/finalized, skipping
2025-08-15T22:12:59.276-0500	DEBUG	protocol/handler.go:1039	sendRoundMessage	{"{from 15 0 b <nil>}": {"Key":"to","Type":15,"Integer":0,"String":"","Interface":null}, "{round 20 2  <nil>}": {"Key":"broadcast","Type":4,"Integer":1,"String":"","Interface":null}}
2025-08-15T22:12:59.277-0500	DEBUG	protocol/handler.go:1657	storing broadcast	{"{round 20 2  <nil>}": {"Key":"from","Type":15,"Integer":0,"String":"d","Interface":null}}
2025-08-15T22:12:59.277-0500	DEBUG	protocol/handler.go:470	message for different round (buffering)	{"{msg_round 20 2  <nil>}": {"Key":"current_round","Type":20,"Integer":1,"String":"","Interface":null}}
2025-08-15T22:12:59.277-0500	DEBUG	protocol/handler.go:581	tryAdvanceRound called	{"{current_round 20 1  <nil>}": {"Key":"self","Type":15,"Integer":0,"String":"a","Interface":null}}
2025-08-15T22:12:59.277-0500	DEBUG	protocol/handler.go:1649	have all messages and processed	{"{round 20 1  <nil>}": {"Key":"self","Type":15,"Integer":0,"String":"a","Interface":null}}
2025-08-15T22:12:59.277-0500	DEBUG	protocol/handler.go:596	round already finalized
2025-08-15T22:12:59.276-0500	DEBUG	protocol/handler.go:954	round already being initialized/finalized, skipping
2025-08-15T22:12:59.276-0500	DEBUG	protocol/handler.go:954	round already being initialized/finalized, skipping
2025-08-15T22:12:59.276-0500	INFO	protocol/handler.go:560	advanced to round
2025-08-15T22:12:59.277-0500	DEBUG	protocol/handler.go:581	tryAdvanceRound called	{"{current_round 20 2  <nil>}": {"Key":"self","Type":15,"Integer":0,"String":"d","Interface":null}}
2025-08-15T22:12:59.278-0500	DEBUG	protocol/handler.go:1600	waiting for broadcasts	{"{round 20 2  <nil>}": {"Key":"missing","Type":15,"Integer":0,"String":"[a b c e]","Interface":null}}
2025-08-15T22:12:59.278-0500	DEBUG	protocol/handler.go:954	round already being initialized/finalized, skipping
2025-08-15T22:12:59.278-0500	DEBUG	protocol/handler.go:1657	storing broadcast	{"{round 20 2  <nil>}": {"Key":"from","Type":15,"Integer":0,"String":"b","Interface":null}}
2025-08-15T22:12:59.278-0500	DEBUG	protocol/handler.go:1081	sent message to output channel	{"{from 15 0 b <nil>}": {"Key":"to","Type":15,"Integer":0,"String":"","Interface":null}, "{round 20 2  <nil>}": {"Key":"broadcast","Type":4,"Integer":1,"String":"","Interface":null}}
2025-08-15T22:12:59.278-0500	DEBUG	protocol/handler.go:1182	finalized round messages	{"{round 20 1  <nil>}": {"Key":"messages","Type":11,"Integer":1,"String":"","Interface":null}}
2025-08-15T22:12:59.279-0500	DEBUG	protocol/handler.go:1239	finalize returned next round	{"{current 20 1  <nil>}": {"Key":"next","Type":20,"Integer":2,"String":"","Interface":null}}
2025-08-15T22:12:59.279-0500	INFO	protocol/handler.go:642	storing new currentRound	{"{from 20 1  <nil>}": {"Key":"to","Type":20,"Integer":2,"String":"","Interface":null}}
2025-08-15T22:12:59.279-0500	DEBUG	protocol/handler.go:1503	processing queued messages
2025-08-15T22:12:59.279-0500	INFO	protocol/handler.go:560	advanced to round
2025-08-15T22:12:59.279-0500	DEBUG	protocol/handler.go:581	tryAdvanceRound called	{"{current_round 20 2  <nil>}": {"Key":"self","Type":15,"Integer":0,"String":"b","Interface":null}}
2025-08-15T22:12:59.279-0500	DEBUG	protocol/handler.go:1503	processing queued messages
2025-08-15T22:12:59.279-0500	DEBUG	protocol/handler.go:437	processing message	{"{from 15 0 b <nil>}": {"Key":"to","Type":15,"Integer":0,"String":"","Interface":null}, "{round 20 2  <nil>}": {"Key":"broadcast","Type":4,"Integer":1,"String":"","Interface":null}}
2025-08-15T22:12:59.279-0500	DEBUG	protocol/handler.go:1657	storing broadcast	{"{round 20 2  <nil>}": {"Key":"from","Type":15,"Integer":0,"String":"b","Interface":null}}
2025-08-15T22:12:59.279-0500	DEBUG	protocol/handler.go:470	message for different round (buffering)	{"{msg_round 20 2  <nil>}": {"Key":"current_round","Type":20,"Integer":1,"String":"","Interface":null}}
2025-08-15T22:12:59.279-0500	DEBUG	protocol/handler.go:581	tryAdvanceRound called	{"{current_round 20 1  <nil>}": {"Key":"self","Type":15,"Integer":0,"String":"a","Interface":null}}
2025-08-15T22:12:59.279-0500	DEBUG	protocol/handler.go:1039	sendRoundMessage	{"{from 15 0 c <nil>}": {"Key":"to","Type":15,"Integer":0,"String":"","Interface":null}, "{round 20 2  <nil>}": {"Key":"broadcast","Type":4,"Integer":1,"String":"","Interface":null}}
2025-08-15T22:12:59.279-0500	DEBUG	protocol/handler.go:1649	have all messages and processed	{"{round 20 1  <nil>}": {"Key":"self","Type":15,"Integer":0,"String":"a","Interface":null}}
2025-08-15T22:12:59.279-0500	DEBUG	protocol/handler.go:437	processing message	{"{from 15 0 b <nil>}": {"Key":"to","Type":15,"Integer":0,"String":"","Interface":null}, "{round 20 2  <nil>}": {"Key":"broadcast","Type":4,"Integer":1,"String":"","Interface":null}}
2025-08-15T22:12:59.279-0500	DEBUG	protocol/handler.go:596	round already finalized
2025-08-15T22:12:59.279-0500	DEBUG	protocol/handler.go:1657	storing broadcast	{"{round 20 2  <nil>}": {"Key":"from","Type":15,"Integer":0,"String":"b","Interface":null}}
2025-08-15T22:12:59.280-0500	DEBUG	protocol/handler.go:470	message for different round (buffering)	{"{msg_round 20 2  <nil>}": {"Key":"current_round","Type":20,"Integer":1,"String":"","Interface":null}}
2025-08-15T22:12:59.280-0500	DEBUG	protocol/handler.go:581	tryAdvanceRound called	{"{current_round 20 1  <nil>}": {"Key":"self","Type":15,"Integer":0,"String":"c","Interface":null}}
2025-08-15T22:12:59.280-0500	DEBUG	protocol/handler.go:1649	have all messages and processed	{"{round 20 1  <nil>}": {"Key":"self","Type":15,"Integer":0,"String":"c","Interface":null}}
2025-08-15T22:12:59.280-0500	DEBUG	protocol/handler.go:596	round already finalized
2025-08-15T22:12:59.302-0500	DEBUG	protocol/handler.go:437	processing message	{"{from 15 0 b <nil>}": {"Key":"to","Type":15,"Integer":0,"String":"","Interface":null}, "{round 20 2  <nil>}": {"Key":"broadcast","Type":4,"Integer":1,"String":"","Interface":null}}
2025-08-15T22:12:59.302-0500	DEBUG	protocol/handler.go:1657	storing broadcast	{"{round 20 2  <nil>}": {"Key":"from","Type":15,"Integer":0,"String":"b","Interface":null}}
2025-08-15T22:12:59.265-0500	DEBUG	protocol/handler.go:1649	have all messages and processed	{"{round 20 1  <nil>}": {"Key":"self","Type":15,"Integer":0,"String":"a","Interface":null}}
2025-08-15T22:12:59.312-0500	DEBUG	protocol/handler.go:596	round already finalized
2025-08-15T22:12:59.280-0500	DEBUG	protocol/handler.go:437	processing message	{"{from 15 0 b <nil>}": {"Key":"to","Type":15,"Integer":0,"String":"","Interface":null}, "{round 20 2  <nil>}": {"Key":"broadcast","Type":4,"Integer":1,"String":"","Interface":null}}
2025-08-15T22:12:59.312-0500	DEBUG	protocol/handler.go:1657	storing broadcast	{"{round 20 2  <nil>}": {"Key":"from","Type":15,"Integer":0,"String":"b","Interface":null}}
2025-08-15T22:12:59.312-0500	DEBUG	protocol/handler.go:1657	storing broadcast	{"{round 20 2  <nil>}": {"Key":"from","Type":15,"Integer":0,"String":"c","Interface":null}}
2025-08-15T22:12:59.312-0500	DEBUG	protocol/handler.go:581	tryAdvanceRound called	{"{current_round 20 2  <nil>}": {"Key":"self","Type":15,"Integer":0,"String":"d","Interface":null}}
2025-08-15T22:12:59.312-0500	DEBUG	protocol/handler.go:581	tryAdvanceRound called	{"{current_round 20 1  <nil>}": {"Key":"self","Type":15,"Integer":0,"String":"a","Interface":null}}
2025-08-15T22:12:59.312-0500	DEBUG	protocol/handler.go:1081	sent message to output channel	{"{from 15 0 c <nil>}": {"Key":"to","Type":15,"Integer":0,"String":"","Interface":null}, "{round 20 2  <nil>}": {"Key":"broadcast","Type":4,"Integer":1,"String":"","Interface":null}}
2025-08-15T22:12:59.312-0500	DEBUG	protocol/handler.go:1649	have all messages and processed	{"{round 20 1  <nil>}": {"Key":"self","Type":15,"Integer":0,"String":"a","Interface":null}}
2025-08-15T22:12:59.312-0500	DEBUG	protocol/handler.go:1182	finalized round messages	{"{round 20 1  <nil>}": {"Key":"messages","Type":11,"Integer":1,"String":"","Interface":null}}
2025-08-15T22:12:59.312-0500	DEBUG	protocol/handler.go:1039	sendRoundMessage	{"{from 15 0 e <nil>}": {"Key":"to","Type":15,"Integer":0,"String":"","Interface":null}, "{round 20 2  <nil>}": {"Key":"broadcast","Type":4,"Integer":1,"String":"","Interface":null}}
2025-08-15T22:12:59.312-0500	DEBUG	protocol/handler.go:437	processing message	{"{from 15 0 c <nil>}": {"Key":"to","Type":15,"Integer":0,"String":"","Interface":null}, "{round 20 2  <nil>}": {"Key":"broadcast","Type":4,"Integer":1,"String":"","Interface":null}}
2025-08-15T22:12:59.312-0500	DEBUG	protocol/handler.go:1657	storing broadcast	{"{round 20 2  <nil>}": {"Key":"from","Type":15,"Integer":0,"String":"c","Interface":null}}
2025-08-15T22:12:59.312-0500	DEBUG	protocol/handler.go:1239	finalize returned next round	{"{current 20 1  <nil>}": {"Key":"next","Type":20,"Integer":2,"String":"","Interface":null}}
2025-08-15T22:12:59.312-0500	INFO	protocol/handler.go:642	storing new currentRound	{"{from 20 1  <nil>}": {"Key":"to","Type":20,"Integer":2,"String":"","Interface":null}}
2025-08-15T22:12:59.313-0500	DEBUG	protocol/handler.go:1503	processing queued messages
2025-08-15T22:12:59.313-0500	INFO	protocol/handler.go:560	advanced to round
2025-08-15T22:12:59.313-0500	DEBUG	protocol/handler.go:581	tryAdvanceRound called	{"{current_round 20 2  <nil>}": {"Key":"self","Type":15,"Integer":0,"String":"c","Interface":null}}
2025-08-15T22:12:59.312-0500	DEBUG	protocol/handler.go:470	message for different round (buffering)	{"{msg_round 20 2  <nil>}": {"Key":"current_round","Type":20,"Integer":1,"String":"","Interface":null}}
2025-08-15T22:12:59.313-0500	DEBUG	protocol/handler.go:581	tryAdvanceRound called	{"{current_round 20 1  <nil>}": {"Key":"self","Type":15,"Integer":0,"String":"e","Interface":null}}
2025-08-15T22:12:59.313-0500	DEBUG	protocol/handler.go:1039	sendRoundMessage	{"{from 15 0 a <nil>}": {"Key":"to","Type":15,"Integer":0,"String":"","Interface":null}, "{round 20 2  <nil>}": {"Key":"broadcast","Type":4,"Integer":1,"String":"","Interface":null}}
2025-08-15T22:12:59.313-0500	DEBUG	protocol/handler.go:1649	have all messages and processed	{"{round 20 1  <nil>}": {"Key":"self","Type":15,"Integer":0,"String":"e","Interface":null}}
2025-08-15T22:12:59.313-0500	DEBUG	protocol/handler.go:596	round already finalized
2025-08-15T22:12:59.313-0500	DEBUG	protocol/handler.go:1657	storing broadcast	{"{round 20 2  <nil>}": {"Key":"from","Type":15,"Integer":0,"String":"e","Interface":null}}
2025-08-15T22:12:59.313-0500	DEBUG	protocol/handler.go:1081	sent message to output channel	{"{from 15 0 e <nil>}": {"Key":"to","Type":15,"Integer":0,"String":"","Interface":null}, "{round 20 2  <nil>}": {"Key":"broadcast","Type":4,"Integer":1,"String":"","Interface":null}}
2025-08-15T22:12:59.313-0500	DEBUG	protocol/handler.go:1182	finalized round messages	{"{round 20 1  <nil>}": {"Key":"messages","Type":11,"Integer":1,"String":"","Interface":null}}
2025-08-15T22:12:59.313-0500	DEBUG	protocol/handler.go:1239	finalize returned next round	{"{current 20 1  <nil>}": {"Key":"next","Type":20,"Integer":2,"String":"","Interface":null}}
2025-08-15T22:12:59.313-0500	INFO	protocol/handler.go:642	storing new currentRound	{"{from 20 1  <nil>}": {"Key":"to","Type":20,"Integer":2,"String":"","Interface":null}}
2025-08-15T22:12:59.313-0500	DEBUG	protocol/handler.go:1503	processing queued messages
2025-08-15T22:12:59.313-0500	INFO	protocol/handler.go:560	advanced to round
2025-08-15T22:12:59.313-0500	DEBUG	protocol/handler.go:581	tryAdvanceRound called	{"{current_round 20 2  <nil>}": {"Key":"self","Type":15,"Integer":0,"String":"e","Interface":null}}
2025-08-15T22:12:59.313-0500	DEBUG	protocol/handler.go:437	processing message	{"{from 15 0 c <nil>}": {"Key":"to","Type":15,"Integer":0,"String":"","Interface":null}, "{round 20 2  <nil>}": {"Key":"broadcast","Type":4,"Integer":1,"String":"","Interface":null}}
2025-08-15T22:12:59.314-0500	DEBUG	protocol/handler.go:1657	storing broadcast	{"{round 20 2  <nil>}": {"Key":"from","Type":15,"Integer":0,"String":"c","Interface":null}}
2025-08-15T22:12:59.314-0500	DEBUG	protocol/handler.go:1657	storing broadcast	{"{round 20 2  <nil>}": {"Key":"from","Type":15,"Integer":0,"String":"a","Interface":null}}
2025-08-15T22:12:59.314-0500	DEBUG	protocol/handler.go:1081	sent message to output channel	{"{from 15 0 a <nil>}": {"Key":"to","Type":15,"Integer":0,"String":"","Interface":null}, "{round 20 2  <nil>}": {"Key":"broadcast","Type":4,"Integer":1,"String":"","Interface":null}}
2025-08-15T22:12:59.314-0500	DEBUG	protocol/handler.go:989	generated messages	{"{round 20 1  <nil>}": {"Key":"count","Type":11,"Integer":1,"String":"","Interface":null}}
2025-08-15T22:12:59.314-0500	INFO	protocol/handler.go:1000	stored next round after initialization	{"{from 20 1  <nil>}": {"Key":"next","Type":20,"Integer":2,"String":"","Interface":null}}
2025-08-15T22:12:59.314-0500	DEBUG	protocol/handler.go:437	processing message	{"{from 15 0 a <nil>}": {"Key":"to","Type":15,"Integer":0,"String":"","Interface":null}, "{round 20 2  <nil>}": {"Key":"broadcast","Type":4,"Integer":1,"String":"","Interface":null}}
2025-08-15T22:12:59.315-0500	DEBUG	protocol/handler.go:1657	storing broadcast	{"{round 20 2  <nil>}": {"Key":"from","Type":15,"Integer":0,"String":"a","Interface":null}}
2025-08-15T22:12:59.319-0500	DEBUG	protocol/handler.go:1591	have processed broadcast	{"{round 20 2  <nil>}": {"Key":"from","Type":15,"Integer":0,"String":"b","Interface":null}}
2025-08-15T22:12:59.319-0500	DEBUG	protocol/handler.go:1600	waiting for broadcasts	{"{round 20 2  <nil>}": {"Key":"missing","Type":15,"Integer":0,"String":"[a e]","Interface":null}}
2025-08-15T22:12:59.319-0500	DEBUG	protocol/handler.go:581	tryAdvanceRound called	{"{current_round 20 2  <nil>}": {"Key":"self","Type":15,"Integer":0,"String":"d","Interface":null}}
2025-08-15T22:12:59.319-0500	DEBUG	protocol/handler.go:1591	have processed broadcast	{"{round 20 2  <nil>}": {"Key":"from","Type":15,"Integer":0,"String":"d","Interface":null}}
2025-08-15T22:12:59.319-0500	DEBUG	protocol/handler.go:1600	waiting for broadcasts	{"{round 20 2  <nil>}": {"Key":"missing","Type":15,"Integer":0,"String":"[a e]","Interface":null}}
2025-08-15T22:12:59.319-0500	DEBUG	protocol/handler.go:581	tryAdvanceRound called	{"{current_round 20 2  <nil>}": {"Key":"self","Type":15,"Integer":0,"String":"b","Interface":null}}
2025-08-15T22:12:59.323-0500	DEBUG	protocol/handler.go:581	tryAdvanceRound called	{"{current_round 20 2  <nil>}": {"Key":"self","Type":15,"Integer":0,"String":"b","Interface":null}}
2025-08-15T22:12:59.312-0500	DEBUG	protocol/handler.go:596	round already finalized
2025-08-15T22:12:59.323-0500	DEBUG	protocol/handler.go:437	processing message	{"{from 15 0 e <nil>}": {"Key":"to","Type":15,"Integer":0,"String":"","Interface":null}, "{round 20 2  <nil>}": {"Key":"broadcast","Type":4,"Integer":1,"String":"","Interface":null}}
2025-08-15T22:12:59.323-0500	DEBUG	protocol/handler.go:1657	storing broadcast	{"{round 20 2  <nil>}": {"Key":"from","Type":15,"Integer":0,"String":"e","Interface":null}}
2025-08-15T22:12:59.323-0500	DEBUG	protocol/handler.go:1591	have processed broadcast	{"{round 20 2  <nil>}": {"Key":"from","Type":15,"Integer":0,"String":"c","Interface":null}}
2025-08-15T22:12:59.323-0500	DEBUG	protocol/handler.go:437	processing message	{"{from 15 0 c <nil>}": {"Key":"to","Type":15,"Integer":0,"String":"","Interface":null}, "{round 20 2  <nil>}": {"Key":"broadcast","Type":4,"Integer":1,"String":"","Interface":null}}
2025-08-15T22:12:59.323-0500	DEBUG	protocol/handler.go:437	processing message	{"{from 15 0 a <nil>}": {"Key":"to","Type":15,"Integer":0,"String":"","Interface":null}, "{round 20 2  <nil>}": {"Key":"broadcast","Type":4,"Integer":1,"String":"","Interface":null}}
2025-08-15T22:12:59.323-0500	DEBUG	protocol/handler.go:1657	storing broadcast	{"{round 20 2  <nil>}": {"Key":"from","Type":15,"Integer":0,"String":"c","Interface":null}}
2025-08-15T22:12:59.323-0500	DEBUG	protocol/handler.go:1657	storing broadcast	{"{round 20 2  <nil>}": {"Key":"from","Type":15,"Integer":0,"String":"a","Interface":null}}
2025-08-15T22:12:59.323-0500	INFO	protocol/handler.go:611	advancing to next round (already initialized)	{"{from 20 1  <nil>}": {"Key":"to","Type":20,"Integer":2,"String":"","Interface":null}}
2025-08-15T22:12:59.325-0500	INFO	protocol/handler.go:560	advanced to round
2025-08-15T22:12:59.325-0500	DEBUG	protocol/handler.go:581	tryAdvanceRound called	{"{current_round 20 2  <nil>}": {"Key":"self","Type":15,"Integer":0,"String":"a","Interface":null}}
2025-08-15T22:12:59.323-0500	DEBUG	protocol/handler.go:1591	have processed broadcast	{"{round 20 2  <nil>}": {"Key":"from","Type":15,"Integer":0,"String":"d","Interface":null}}
2025-08-15T22:12:59.325-0500	DEBUG	protocol/handler.go:437	processing message	{"{from 15 0 a <nil>}": {"Key":"to","Type":15,"Integer":0,"String":"","Interface":null}, "{round 20 2  <nil>}": {"Key":"broadcast","Type":4,"Integer":1,"String":"","Interface":null}}
2025-08-15T22:12:59.325-0500	DEBUG	protocol/handler.go:1600	waiting for broadcasts	{"{round 20 2  <nil>}": {"Key":"missing","Type":15,"Integer":0,"String":"[a e]","Interface":null}}
2025-08-15T22:12:59.325-0500	DEBUG	protocol/handler.go:1657	storing broadcast	{"{round 20 2  <nil>}": {"Key":"from","Type":15,"Integer":0,"String":"a","Interface":null}}
2025-08-15T22:12:59.327-0500	DEBUG	protocol/handler.go:1591	have processed broadcast	{"{round 20 2  <nil>}": {"Key":"from","Type":15,"Integer":0,"String":"b","Interface":null}}
2025-08-15T22:12:59.327-0500	DEBUG	protocol/handler.go:1591	have processed broadcast	{"{round 20 2  <nil>}": {"Key":"from","Type":15,"Integer":0,"String":"d","Interface":null}}
2025-08-15T22:12:59.327-0500	DEBUG	protocol/handler.go:1600	waiting for broadcasts	{"{round 20 2  <nil>}": {"Key":"missing","Type":15,"Integer":0,"String":"[c]","Interface":null}}
2025-08-15T22:12:59.327-0500	DEBUG	protocol/handler.go:581	tryAdvanceRound called	{"{current_round 20 2  <nil>}": {"Key":"self","Type":15,"Integer":0,"String":"e","Interface":null}}
2025-08-15T22:12:59.329-0500	DEBUG	protocol/handler.go:1591	have processed broadcast	{"{round 20 2  <nil>}": {"Key":"from","Type":15,"Integer":0,"String":"c","Interface":null}}
2025-08-15T22:12:59.329-0500	DEBUG	protocol/handler.go:1591	have processed broadcast	{"{round 20 2  <nil>}": {"Key":"from","Type":15,"Integer":0,"String":"d","Interface":null}}
2025-08-15T22:12:59.329-0500	DEBUG	protocol/handler.go:1600	waiting for broadcasts	{"{round 20 2  <nil>}": {"Key":"missing","Type":15,"Integer":0,"String":"[e]","Interface":null}}
2025-08-15T22:12:59.329-0500	DEBUG	protocol/handler.go:581	tryAdvanceRound called	{"{current_round 20 2  <nil>}": {"Key":"self","Type":15,"Integer":0,"String":"b","Interface":null}}
2025-08-15T22:12:59.331-0500	DEBUG	protocol/handler.go:581	tryAdvanceRound called	{"{current_round 20 2  <nil>}": {"Key":"self","Type":15,"Integer":0,"String":"b","Interface":null}}
2025-08-15T22:12:59.331-0500	DEBUG	protocol/handler.go:1591	have processed broadcast	{"{round 20 2  <nil>}": {"Key":"from","Type":15,"Integer":0,"String":"a","Interface":null}}
2025-08-15T22:12:59.331-0500	DEBUG	protocol/handler.go:1591	have processed broadcast	{"{round 20 2  <nil>}": {"Key":"from","Type":15,"Integer":0,"String":"c","Interface":null}}
2025-08-15T22:12:59.331-0500	DEBUG	protocol/handler.go:1591	have processed broadcast	{"{round 20 2  <nil>}": {"Key":"from","Type":15,"Integer":0,"String":"d","Interface":null}}
2025-08-15T22:12:59.331-0500	DEBUG	protocol/handler.go:1600	waiting for broadcasts	{"{round 20 2  <nil>}": {"Key":"missing","Type":15,"Integer":0,"String":"[e]","Interface":null}}
2025-08-15T22:12:59.323-0500	DEBUG	protocol/handler.go:1503	processing queued messages
2025-08-15T22:12:59.334-0500	DEBUG	protocol/handler.go:1591	have processed broadcast	{"{round 20 2  <nil>}": {"Key":"from","Type":15,"Integer":0,"String":"a","Interface":null}}
2025-08-15T22:12:59.334-0500	DEBUG	protocol/handler.go:1591	have processed broadcast	{"{round 20 2  <nil>}": {"Key":"from","Type":15,"Integer":0,"String":"a","Interface":null}}
2025-08-15T22:12:59.334-0500	DEBUG	protocol/handler.go:1591	have processed broadcast	{"{round 20 2  <nil>}": {"Key":"from","Type":15,"Integer":0,"String":"b","Interface":null}}
2025-08-15T22:12:59.334-0500	DEBUG	protocol/handler.go:1591	have processed broadcast	{"{round 20 2  <nil>}": {"Key":"from","Type":15,"Integer":0,"String":"b","Interface":null}}
2025-08-15T22:12:59.334-0500	DEBUG	protocol/handler.go:1591	have processed broadcast	{"{round 20 2  <nil>}": {"Key":"from","Type":15,"Integer":0,"String":"d","Interface":null}}
2025-08-15T22:12:59.334-0500	DEBUG	protocol/handler.go:1591	have processed broadcast	{"{round 20 2  <nil>}": {"Key":"from","Type":15,"Integer":0,"String":"d","Interface":null}}
2025-08-15T22:12:59.334-0500	DEBUG	protocol/handler.go:1600	waiting for broadcasts	{"{round 20 2  <nil>}": {"Key":"missing","Type":15,"Integer":0,"String":"[c]","Interface":null}}
==================
WARNING: DATA RACE
Read at 0x00c000b84e58 by goroutine 2677:
  github.com/luxfi/threshold/protocols/frost/keygen.(*round2).Number()
      <autogenerated>:1 +0x38
  github.com/luxfi/threshold/pkg/protocol.(*Handler).tryAdvanceRound()
      /Users/z/work/lux/threshold/pkg/protocol/handler.go:582 +0x70
  github.com/luxfi/threshold/pkg/protocol.(*Handler).initializeRound.func2()
      /Users/z/work/lux/threshold/pkg/protocol/handler.go:1007 +0x38

Previous write at 0x00c000b84e58 by goroutine 2541:
  ??()
      -:0 +0x104ad4f28
  sync/atomic.StoreUint32()
      <autogenerated>:1 +0x14
  internal/sync.(*HashTrieMap[go.shape.interface {},go.shape.interface {}]).initSlow()
      /opt/homebrew/Cellar/go/1.24.6/libexec/src/internal/sync/hashtriemap.go:55 +0x12c
  internal/sync.(*HashTrieMap[go.shape.interface {},go.shape.interface {}]).init()
      /opt/homebrew/Cellar/go/1.24.6/libexec/src/internal/sync/hashtriemap.go:32 +0x44
  internal/sync.(*HashTrieMap[go.shape.interface {},go.shape.interface {}]).Swap()
      /opt/homebrew/Cellar/go/1.24.6/libexec/src/internal/sync/hashtriemap.go:206 +0x54
  internal/sync.(*HashTrieMap[go.shape.interface {},go.shape.interface {}]).Store()
      /opt/homebrew/Cellar/go/1.24.6/libexec/src/internal/sync/hashtriemap.go:200 +0x54
  sync.(*Map).Store()
      /opt/homebrew/Cellar/go/1.24.6/libexec/src/sync/hashtriemap.go:55 +0x54
  github.com/luxfi/threshold/protocols/frost/keygen.(*round2).StoreBroadcastMessage()
      /Users/z/work/lux/threshold/protocols/frost/keygen/round2.go:117 +0x56c
  github.com/luxfi/threshold/pkg/protocol.(*Handler).verifyBroadcastForRound()
      /Users/z/work/lux/threshold/pkg/protocol/handler.go:1277 +0x3a0
  github.com/luxfi/threshold/pkg/protocol.(*Handler).retryUnprocessedMessages()
      /Users/z/work/lux/threshold/pkg/protocol/handler.go:1483 +0x22c
  github.com/luxfi/threshold/pkg/protocol.(*Handler).tryAdvanceRound()
      /Users/z/work/lux/threshold/pkg/protocol/handler.go:587 +0x28c
  github.com/luxfi/threshold/pkg/protocol.(*Handler).roundProcessor()
      /Users/z/work/lux/threshold/pkg/protocol/handler.go:569 +0xb4
  github.com/luxfi/threshold/pkg/protocol.(*Handler).startWorkers.func1()
      /Users/z/work/lux/threshold/pkg/protocol/handler.go:374 +0x78

Goroutine 2677 (running) created at:
  github.com/luxfi/threshold/pkg/protocol.(*Handler).initializeRound()
      /Users/z/work/lux/threshold/pkg/protocol/handler.go:1005 +0xd0c
  github.com/luxfi/threshold/pkg/protocol.NewHandler.gowrap1()
      /Users/z/work/lux/threshold/pkg/protocol/handler.go:250 +0x4c

Goroutine 2541 (running) created at:
  github.com/luxfi/threshold/pkg/protocol.(*Handler).startWorkers()
      /Users/z/work/lux/threshold/pkg/protocol/handler.go:372 +0x4fc
  github.com/luxfi/threshold/pkg/protocol.NewHandler()
      /Users/z/work/lux/threshold/pkg/protocol/handler.go:247 +0xf10
  github.com/luxfi/threshold/internal/test.(*Harness).CreateHandler()
      /Users/z/work/lux/threshold/internal/test/harness.go:91 +0x2e4
  github.com/luxfi/threshold/internal/test.RunProtocol()
      /Users/z/work/lux/threshold/internal/test/harness.go:270 +0x230
  github.com/luxfi/threshold/protocols/frost_test.TestFROSTKeygenAndSign.(*KeygenAndSign).Run.func11()
      /Users/z/work/lux/threshold/internal/test/protocol_helpers.go:97 +0x150
  testing.tRunner()
      /opt/homebrew/Cellar/go/1.24.6/libexec/src/testing/testing.go:1792 +0x180
  testing.(*T).Run.gowrap1()
      /opt/homebrew/Cellar/go/1.24.6/libexec/src/testing/testing.go:1851 +0x40
==================
2025-08-15T22:12:59.334-0500	DEBUG	protocol/handler.go:1600	waiting for broadcasts	{"{round 20 2  <nil>}": {"Key":"missing","Type":15,"Integer":0,"String":"[e]","Interface":null}}
2025-08-15T22:12:59.323-0500	DEBUG	protocol/handler.go:581	tryAdvanceRound called	{"{current_round 20 2  <nil>}": {"Key":"self","Type":15,"Integer":0,"String":"c","Interface":null}}
2025-08-15T22:12:59.324-0500	DEBUG	protocol/handler.go:437	processing message	{"{from 15 0 e <nil>}": {"Key":"to","Type":15,"Integer":0,"String":"","Interface":null}, "{round 20 2  <nil>}": {"Key":"broadcast","Type":4,"Integer":1,"String":"","Interface":null}}
2025-08-15T22:12:59.324-0500	DEBUG	protocol/handler.go:581	tryAdvanceRound called	{"{current_round 20 2  <nil>}": {"Key":"self","Type":15,"Integer":0,"String":"d","Interface":null}}
2025-08-15T22:12:59.323-0500	DEBUG	protocol/handler.go:1503	processing queued messages
2025-08-15T22:12:59.324-0500	DEBUG	protocol/handler.go:437	processing message	{"{from 15 0 e <nil>}": {"Key":"to","Type":15,"Integer":0,"String":"","Interface":null}, "{round 20 2  <nil>}": {"Key":"broadcast","Type":4,"Integer":1,"String":"","Interface":null}}
2025-08-15T22:12:59.323-0500	DEBUG	protocol/handler.go:437	processing message	{"{from 15 0 a <nil>}": {"Key":"to","Type":15,"Integer":0,"String":"","Interface":null}, "{round 20 2  <nil>}": {"Key":"broadcast","Type":4,"Integer":1,"String":"","Interface":null}}
2025-08-15T22:12:59.335-0500	DEBUG	protocol/handler.go:437	processing message	{"{from 15 0 e <nil>}": {"Key":"to","Type":15,"Integer":0,"String":"","Interface":null}, "{round 20 2  <nil>}": {"Key":"broadcast","Type":4,"Integer":1,"String":"","Interface":null}}
2025-08-15T22:12:59.336-0500	DEBUG	protocol/handler.go:1657	storing broadcast	{"{round 20 2  <nil>}": {"Key":"from","Type":15,"Integer":0,"String":"e","Interface":null}}
2025-08-15T22:12:59.336-0500	DEBUG	protocol/handler.go:1657	storing broadcast	{"{round 20 2  <nil>}": {"Key":"from","Type":15,"Integer":0,"String":"e","Interface":null}}
2025-08-15T22:12:59.336-0500	DEBUG	protocol/handler.go:581	tryAdvanceRound called	{"{current_round 20 2  <nil>}": {"Key":"self","Type":15,"Integer":0,"String":"d","Interface":null}}
2025-08-15T22:12:59.338-0500	DEBUG	protocol/handler.go:1591	have processed broadcast	{"{round 20 2  <nil>}": {"Key":"from","Type":15,"Integer":0,"String":"a","Interface":null}}
2025-08-15T22:12:59.338-0500	DEBUG	protocol/handler.go:1591	have processed broadcast	{"{round 20 2  <nil>}": {"Key":"from","Type":15,"Integer":0,"String":"c","Interface":null}}
2025-08-15T22:12:59.338-0500	DEBUG	protocol/handler.go:1591	have processed broadcast	{"{round 20 2  <nil>}": {"Key":"from","Type":15,"Integer":0,"String":"d","Interface":null}}
2025-08-15T22:12:59.338-0500	DEBUG	protocol/handler.go:1600	waiting for broadcasts	{"{round 20 2  <nil>}": {"Key":"missing","Type":15,"Integer":0,"String":"[e]","Interface":null}}
2025-08-15T22:12:59.338-0500	DEBUG	protocol/handler.go:581	tryAdvanceRound called	{"{current_round 20 2  <nil>}": {"Key":"self","Type":15,"Integer":0,"String":"b","Interface":null}}
2025-08-15T22:12:59.338-0500	DEBUG	protocol/handler.go:1591	have processed broadcast	{"{round 20 2  <nil>}": {"Key":"from","Type":15,"Integer":0,"String":"a","Interface":null}}
2025-08-15T22:12:59.338-0500	DEBUG	protocol/handler.go:1591	have processed broadcast	{"{round 20 2  <nil>}": {"Key":"from","Type":15,"Integer":0,"String":"c","Interface":null}}
2025-08-15T22:12:59.338-0500	DEBUG	protocol/handler.go:1591	have processed broadcast	{"{round 20 2  <nil>}": {"Key":"from","Type":15,"Integer":0,"String":"d","Interface":null}}
2025-08-15T22:12:59.338-0500	DEBUG	protocol/handler.go:1600	waiting for broadcasts	{"{round 20 2  <nil>}": {"Key":"missing","Type":15,"Integer":0,"String":"[e]","Interface":null}}
2025-08-15T22:12:59.338-0500	DEBUG	protocol/handler.go:1657	storing broadcast	{"{round 20 2  <nil>}": {"Key":"from","Type":15,"Integer":0,"String":"e","Interface":null}}
2025-08-15T22:12:59.340-0500	DEBUG	protocol/handler.go:1591	have processed broadcast	{"{round 20 2  <nil>}": {"Key":"from","Type":15,"Integer":0,"String":"b","Interface":null}}
2025-08-15T22:12:59.340-0500	DEBUG	protocol/handler.go:1591	have processed broadcast	{"{round 20 2  <nil>}": {"Key":"from","Type":15,"Integer":0,"String":"d","Interface":null}}
2025-08-15T22:12:59.341-0500	DEBUG	protocol/handler.go:1608	waiting for broadcast processing	{"{round 20 2  <nil>}": {"Key":"unprocessed","Type":15,"Integer":0,"String":"[c e]","Interface":null}}
2025-08-15T22:12:59.341-0500	DEBUG	protocol/handler.go:581	tryAdvanceRound called	{"{current_round 20 2  <nil>}": {"Key":"self","Type":15,"Integer":0,"String":"a","Interface":null}}
2025-08-15T22:12:59.341-0500	DEBUG	protocol/handler.go:581	tryAdvanceRound called	{"{current_round 20 2  <nil>}": {"Key":"self","Type":15,"Integer":0,"String":"d","Interface":null}}
2025-08-15T22:12:59.341-0500	DEBUG	protocol/handler.go:1591	have processed broadcast	{"{round 20 2  <nil>}": {"Key":"from","Type":15,"Integer":0,"String":"b","Interface":null}}
2025-08-15T22:12:59.341-0500	DEBUG	protocol/handler.go:1591	have processed broadcast	{"{round 20 2  <nil>}": {"Key":"from","Type":15,"Integer":0,"String":"c","Interface":null}}
2025-08-15T22:12:59.341-0500	DEBUG	protocol/handler.go:1591	have processed broadcast	{"{round 20 2  <nil>}": {"Key":"from","Type":15,"Integer":0,"String":"e","Interface":null}}
2025-08-15T22:12:59.341-0500	DEBUG	protocol/handler.go:1600	waiting for broadcasts	{"{round 20 2  <nil>}": {"Key":"missing","Type":15,"Integer":0,"String":"[a]","Interface":null}}
2025-08-15T22:12:59.342-0500	DEBUG	protocol/handler.go:1657	storing broadcast	{"{round 20 2  <nil>}": {"Key":"from","Type":15,"Integer":0,"String":"a","Interface":null}}
2025-08-15T22:12:59.350-0500	DEBUG	protocol/handler.go:581	tryAdvanceRound called	{"{current_round 20 2  <nil>}": {"Key":"self","Type":15,"Integer":0,"String":"b","Interface":null}}
2025-08-15T22:12:59.350-0500	DEBUG	protocol/handler.go:1591	have processed broadcast	{"{round 20 2  <nil>}": {"Key":"from","Type":15,"Integer":0,"String":"a","Interface":null}}
2025-08-15T22:12:59.350-0500	DEBUG	protocol/handler.go:1591	have processed broadcast	{"{round 20 2  <nil>}": {"Key":"from","Type":15,"Integer":0,"String":"c","Interface":null}}
2025-08-15T22:12:59.350-0500	DEBUG	protocol/handler.go:1591	have processed broadcast	{"{round 20 2  <nil>}": {"Key":"from","Type":15,"Integer":0,"String":"d","Interface":null}}
2025-08-15T22:12:59.351-0500	DEBUG	protocol/handler.go:1591	have processed broadcast	{"{round 20 2  <nil>}": {"Key":"from","Type":15,"Integer":0,"String":"e","Interface":null}}
2025-08-15T22:12:59.351-0500	DEBUG	protocol/handler.go:1649	have all messages and processed	{"{round 20 2  <nil>}": {"Key":"self","Type":15,"Integer":0,"String":"b","Interface":null}}
2025-08-15T22:12:59.351-0500	DEBUG	protocol/handler.go:619	finalizing round
2025-08-15T22:12:59.351-0500	DEBUG	protocol/handler.go:1039	sendRoundMessage	{"{from 15 0 b <nil>}": {"Key":"to","Type":15,"Integer":0,"String":"","Interface":null}, "{round 20 3  <nil>}": {"Key":"broadcast","Type":4,"Integer":1,"String":"","Interface":null}}
2025-08-15T22:12:59.351-0500	DEBUG	protocol/handler.go:1657	storing broadcast	{"{round 20 3  <nil>}": {"Key":"from","Type":15,"Integer":0,"String":"b","Interface":null}}
2025-08-15T22:12:59.351-0500	DEBUG	protocol/handler.go:1081	sent message to output channel	{"{from 15 0 b <nil>}": {"Key":"to","Type":15,"Integer":0,"String":"","Interface":null}, "{round 20 3  <nil>}": {"Key":"broadcast","Type":4,"Integer":1,"String":"","Interface":null}}
2025-08-15T22:12:59.351-0500	DEBUG	protocol/handler.go:1039	sendRoundMessage	{"{from 15 0 b <nil>}": {"Key":"to","Type":15,"Integer":0,"String":"a","Interface":null}, "{round 20 3  <nil>}": {"Key":"broadcast","Type":4,"Integer":0,"String":"","Interface":null}}
2025-08-15T22:12:59.351-0500	DEBUG	protocol/handler.go:1081	sent message to output channel	{"{from 15 0 b <nil>}": {"Key":"to","Type":15,"Integer":0,"String":"a","Interface":null}, "{round 20 3  <nil>}": {"Key":"broadcast","Type":4,"Integer":0,"String":"","Interface":null}}
2025-08-15T22:12:59.351-0500	DEBUG	protocol/handler.go:1039	sendRoundMessage	{"{from 15 0 b <nil>}": {"Key":"to","Type":15,"Integer":0,"String":"c","Interface":null}, "{round 20 3  <nil>}": {"Key":"broadcast","Type":4,"Integer":0,"String":"","Interface":null}}
2025-08-15T22:12:59.351-0500	DEBUG	protocol/handler.go:1081	sent message to output channel	{"{from 15 0 b <nil>}": {"Key":"to","Type":15,"Integer":0,"String":"c","Interface":null}, "{round 20 3  <nil>}": {"Key":"broadcast","Type":4,"Integer":0,"String":"","Interface":null}}
2025-08-15T22:12:59.351-0500	DEBUG	protocol/handler.go:1039	sendRoundMessage	{"{from 15 0 b <nil>}": {"Key":"to","Type":15,"Integer":0,"String":"d","Interface":null}, "{round 20 3  <nil>}": {"Key":"broadcast","Type":4,"Integer":0,"String":"","Interface":null}}
2025-08-15T22:12:59.351-0500	DEBUG	protocol/handler.go:1081	sent message to output channel	{"{from 15 0 b <nil>}": {"Key":"to","Type":15,"Integer":0,"String":"d","Interface":null}, "{round 20 3  <nil>}": {"Key":"broadcast","Type":4,"Integer":0,"String":"","Interface":null}}
2025-08-15T22:12:59.352-0500	DEBUG	protocol/handler.go:1039	sendRoundMessage	{"{from 15 0 b <nil>}": {"Key":"to","Type":15,"Integer":0,"String":"e","Interface":null}, "{round 20 3  <nil>}": {"Key":"broadcast","Type":4,"Integer":0,"String":"","Interface":null}}
2025-08-15T22:12:59.352-0500	DEBUG	protocol/handler.go:1081	sent message to output channel	{"{from 15 0 b <nil>}": {"Key":"to","Type":15,"Integer":0,"String":"e","Interface":null}, "{round 20 3  <nil>}": {"Key":"broadcast","Type":4,"Integer":0,"String":"","Interface":null}}
2025-08-15T22:12:59.352-0500	DEBUG	protocol/handler.go:1182	finalized round messages	{"{round 20 2  <nil>}": {"Key":"messages","Type":11,"Integer":5,"String":"","Interface":null}}
2025-08-15T22:12:59.352-0500	DEBUG	protocol/handler.go:1239	finalize returned next round	{"{current 20 2  <nil>}": {"Key":"next","Type":20,"Integer":3,"String":"","Interface":null}}
2025-08-15T22:12:59.352-0500	INFO	protocol/handler.go:642	storing new currentRound	{"{from 20 2  <nil>}": {"Key":"to","Type":20,"Integer":3,"String":"","Interface":null}}
2025-08-15T22:12:59.352-0500	DEBUG	protocol/handler.go:1503	processing queued messages
2025-08-15T22:12:59.352-0500	DEBUG	protocol/handler.go:432	processMessage: p2p round 3 START	{"{from 15 0 b <nil>}": {"Key":"to","Type":15,"Integer":0,"String":"e","Interface":null}}
2025-08-15T22:12:59.352-0500	DEBUG	protocol/handler.go:437	processing message	{"{from 15 0 b <nil>}": {"Key":"to","Type":15,"Integer":0,"String":"e","Interface":null}, "{round 20 3  <nil>}": {"Key":"broadcast","Type":4,"Integer":0,"String":"","Interface":null}}
2025-08-15T22:12:59.352-0500	DEBUG	protocol/handler.go:1662	storing message	{"{round 20 3  <nil>}": {"Key":"from","Type":15,"Integer":0,"String":"b","Interface":null}}
2025-08-15T22:12:59.352-0500	DEBUG	protocol/handler.go:470	message for different round (buffering)	{"{msg_round 20 3  <nil>}": {"Key":"current_round","Type":20,"Integer":2,"String":"","Interface":null}}
2025-08-15T22:12:59.352-0500	DEBUG	protocol/handler.go:581	tryAdvanceRound called	{"{current_round 20 2  <nil>}": {"Key":"self","Type":15,"Integer":0,"String":"e","Interface":null}}
2025-08-15T22:12:59.352-0500	DEBUG	protocol/handler.go:1591	have processed broadcast	{"{round 20 2  <nil>}": {"Key":"from","Type":15,"Integer":0,"String":"a","Interface":null}}
2025-08-15T22:12:59.352-0500	DEBUG	protocol/handler.go:1591	have processed broadcast	{"{round 20 2  <nil>}": {"Key":"from","Type":15,"Integer":0,"String":"b","Interface":null}}
2025-08-15T22:12:59.352-0500	DEBUG	protocol/handler.go:1591	have processed broadcast	{"{round 20 2  <nil>}": {"Key":"from","Type":15,"Integer":0,"String":"d","Interface":null}}
2025-08-15T22:12:59.352-0500	DEBUG	protocol/handler.go:1600	waiting for broadcasts	{"{round 20 2  <nil>}": {"Key":"missing","Type":15,"Integer":0,"String":"[c]","Interface":null}}
2025-08-15T22:12:59.352-0500	DEBUG	protocol/handler.go:1503	processing queued messages
2025-08-15T22:12:59.335-0500	DEBUG	protocol/handler.go:581	tryAdvanceRound called	{"{current_round 20 2  <nil>}": {"Key":"self","Type":15,"Integer":0,"String":"a","Interface":null}}
==================
WARNING: DATA RACE
Read at 0x00c000b84e88 by goroutine 2677:
  github.com/luxfi/threshold/protocols/frost/keygen.(*round2).Number()
      <autogenerated>:1 +0x38
  github.com/luxfi/threshold/pkg/protocol.(*Handler).tryAdvanceRound()
      /Users/z/work/lux/threshold/pkg/protocol/handler.go:587 +0x280
  github.com/luxfi/threshold/pkg/protocol.(*Handler).initializeRound.func2()
      /Users/z/work/lux/threshold/pkg/protocol/handler.go:1007 +0x38

Previous write at 0x00c000b84e8c by goroutine 2540:
  ??()
      -:0 +0x104ad5eb0
  sync/atomic.AddInt32()
      <autogenerated>:1 +0x14
  sync.(*Mutex).Unlock()
      /opt/homebrew/Cellar/go/1.24.6/libexec/src/sync/mutex.go:65 +0x2c
  github.com/luxfi/threshold/protocols/frost/keygen.(*round2).StoreBroadcastMessage()
      /Users/z/work/lux/threshold/protocols/frost/keygen/round2.go:62 +0x78
  github.com/luxfi/threshold/pkg/protocol.(*Handler).verifyBroadcast()
      /Users/z/work/lux/threshold/pkg/protocol/handler.go:1392 +0x648
  github.com/luxfi/threshold/pkg/protocol.(*Handler).processMessage()
      /Users/z/work/lux/threshold/pkg/protocol/handler.go:480 +0xb9c
  github.com/luxfi/threshold/pkg/protocol.(*Handler).messageWorker()
      /Users/z/work/lux/threshold/pkg/protocol/handler.go:408 +0x338
  github.com/luxfi/threshold/pkg/protocol.(*Handler).startWorkers.gowrap2()
      /Users/z/work/lux/threshold/pkg/protocol/handler.go:361 +0x44

Goroutine 2677 (running) created at:
  github.com/luxfi/threshold/pkg/protocol.(*Handler).initializeRound()
      /Users/z/work/lux/threshold/pkg/protocol/handler.go:1005 +0xd0c
  github.com/luxfi/threshold/pkg/protocol.NewHandler.gowrap1()
      /Users/z/work/lux/threshold/pkg/protocol/handler.go:250 +0x4c

Goroutine 2540 (running) created at:
  github.com/luxfi/threshold/pkg/protocol.(*Handler).startWorkers()
      /Users/z/work/lux/threshold/pkg/protocol/handler.go:361 +0x334
  github.com/luxfi/threshold/pkg/protocol.NewHandler()
      /Users/z/work/lux/threshold/pkg/protocol/handler.go:247 +0xf10
  github.com/luxfi/threshold/internal/test.(*Harness).CreateHandler()
      /Users/z/work/lux/threshold/internal/test/harness.go:91 +0x2e4
  github.com/luxfi/threshold/internal/test.RunProtocol()
      /Users/z/work/lux/threshold/internal/test/harness.go:270 +0x230
  github.com/luxfi/threshold/protocols/frost_test.TestFROSTKeygenAndSign.(*KeygenAndSign).Run.func11()
      /Users/z/work/lux/threshold/internal/test/protocol_helpers.go:97 +0x150
  testing.tRunner()
      /opt/homebrew/Cellar/go/1.24.6/libexec/src/testing/testing.go:1792 +0x180
  testing.(*T).Run.gowrap1()
      /opt/homebrew/Cellar/go/1.24.6/libexec/src/testing/testing.go:1851 +0x40
==================
2025-08-15T22:12:59.357-0500	INFO	protocol/handler.go:560	advanced to round
2025-08-15T22:12:59.357-0500	DEBUG	protocol/handler.go:581	tryAdvanceRound called	{"{current_round 20 3  <nil>}": {"Key":"self","Type":15,"Integer":0,"String":"b","Interface":null}}
2025-08-15T22:12:59.357-0500	DEBUG	protocol/handler.go:581	tryAdvanceRound called	{"{current_round 20 2  <nil>}": {"Key":"self","Type":15,"Integer":0,"String":"e","Interface":null}}
2025-08-15T22:12:59.357-0500	DEBUG	protocol/handler.go:1600	waiting for broadcasts	{"{round 20 3  <nil>}": {"Key":"missing","Type":15,"Integer":0,"String":"[a c d e]","Interface":null}}
2025-08-15T22:12:59.357-0500	DEBUG	protocol/handler.go:1591	have processed broadcast	{"{round 20 2  <nil>}": {"Key":"from","Type":15,"Integer":0,"String":"a","Interface":null}}
2025-08-15T22:12:59.357-0500	DEBUG	protocol/handler.go:1591	have processed broadcast	{"{round 20 2  <nil>}": {"Key":"from","Type":15,"Integer":0,"String":"b","Interface":null}}
2025-08-15T22:12:59.357-0500	DEBUG	protocol/handler.go:1591	have processed broadcast	{"{round 20 2  <nil>}": {"Key":"from","Type":15,"Integer":0,"String":"d","Interface":null}}
2025-08-15T22:12:59.357-0500	DEBUG	protocol/handler.go:1600	waiting for broadcasts	{"{round 20 2  <nil>}": {"Key":"missing","Type":15,"Integer":0,"String":"[c]","Interface":null}}
2025-08-15T22:12:59.358-0500	DEBUG	protocol/handler.go:581	tryAdvanceRound called	{"{current_round 20 2  <nil>}": {"Key":"self","Type":15,"Integer":0,"String":"c","Interface":null}}
2025-08-15T22:12:59.358-0500	DEBUG	protocol/handler.go:1591	have processed broadcast	{"{round 20 2  <nil>}": {"Key":"from","Type":15,"Integer":0,"String":"a","Interface":null}}
2025-08-15T22:12:59.358-0500	DEBUG	protocol/handler.go:1591	have processed broadcast	{"{round 20 2  <nil>}": {"Key":"from","Type":15,"Integer":0,"String":"b","Interface":null}}
2025-08-15T22:12:59.358-0500	DEBUG	protocol/handler.go:1591	have processed broadcast	{"{round 20 2  <nil>}": {"Key":"from","Type":15,"Integer":0,"String":"d","Interface":null}}
2025-08-15T22:12:59.358-0500	DEBUG	protocol/handler.go:1591	have processed broadcast	{"{round 20 2  <nil>}": {"Key":"from","Type":15,"Integer":0,"String":"e","Interface":null}}
2025-08-15T22:12:59.358-0500	DEBUG	protocol/handler.go:1649	have all messages and processed	{"{round 20 2  <nil>}": {"Key":"self","Type":15,"Integer":0,"String":"c","Interface":null}}
2025-08-15T22:12:59.358-0500	DEBUG	protocol/handler.go:619	finalizing round
2025-08-15T22:12:59.358-0500	DEBUG	protocol/handler.go:581	tryAdvanceRound called	{"{current_round 20 2  <nil>}": {"Key":"self","Type":15,"Integer":0,"String":"e","Interface":null}}
2025-08-15T22:12:59.359-0500	DEBUG	protocol/handler.go:1591	have processed broadcast	{"{round 20 2  <nil>}": {"Key":"from","Type":15,"Integer":0,"String":"a","Interface":null}}
2025-08-15T22:12:59.359-0500	DEBUG	protocol/handler.go:1591	have processed broadcast	{"{round 20 2  <nil>}": {"Key":"from","Type":15,"Integer":0,"String":"b","Interface":null}}
==================
WARNING: DATA RACE
Read at 0x00c000b84e88 by goroutine 2539:
  github.com/luxfi/threshold/protocols/frost/keygen.(*round2).Number()
      <autogenerated>:1 +0x38
  github.com/luxfi/threshold/pkg/protocol.(*Handler).tryAdvanceRound()
      /Users/z/work/lux/threshold/pkg/protocol/handler.go:582 +0x70
  github.com/luxfi/threshold/pkg/protocol.(*Handler).processMessage()
      /Users/z/work/lux/threshold/pkg/protocol/handler.go:486 +0xbb0
  github.com/luxfi/threshold/pkg/protocol.(*Handler).messageWorker()
      /Users/z/work/lux/threshold/pkg/protocol/handler.go:408 +0x338
  github.com/luxfi/threshold/pkg/protocol.(*Handler).startWorkers.gowrap2()
      /Users/z/work/lux/threshold/pkg/protocol/handler.go:361 +0x44

2025-08-15T22:12:59.335-0500	DEBUG	protocol/handler.go:437	processing message	{"{from 15 0 c <nil>}": {"Key":"to","Type":15,"Integer":0,"String":"","Interface":null}, "{round 20 2  <nil>}": {"Key":"broadcast","Type":4,"Integer":1,"String":"","Interface":null}}
Previous write at 0x00c000b84e8c by goroutine 2677:
  ??()
      -:0 +0x104ad5eb0
  sync/atomic.AddInt32()
      <autogenerated>:1 +0x14
  sync.(*Mutex).Unlock()
      /opt/homebrew/Cellar/go/1.24.6/libexec/src/sync/mutex.go:65 +0x2c
  github.com/luxfi/threshold/protocols/frost/keygen.(*round2).StoreBroadcastMessage()
      /Users/z/work/lux/threshold/protocols/frost/keygen/round2.go:62 +0x78
  github.com/luxfi/threshold/pkg/protocol.(*Handler).verifyBroadcastForRound()
      /Users/z/work/lux/threshold/pkg/protocol/handler.go:1277 +0x3a0
  github.com/luxfi/threshold/pkg/protocol.(*Handler).retryUnprocessedMessages()
      /Users/z/work/lux/threshold/pkg/protocol/handler.go:1483 +0x22c
  github.com/luxfi/threshold/pkg/protocol.(*Handler).tryAdvanceRound()
      /Users/z/work/lux/threshold/pkg/protocol/handler.go:587 +0x28c
  github.com/luxfi/threshold/pkg/protocol.(*Handler).initializeRound.func2()
      /Users/z/work/lux/threshold/pkg/protocol/handler.go:1007 +0x38

Goroutine 2539 (running) created at:
  github.com/luxfi/threshold/pkg/protocol.(*Handler).startWorkers()
      /Users/z/work/lux/threshold/pkg/protocol/handler.go:361 +0x334
  github.com/luxfi/threshold/pkg/protocol.NewHandler()
      /Users/z/work/lux/threshold/pkg/protocol/handler.go:247 +0xf10
  github.com/luxfi/threshold/internal/test.(*Harness).CreateHandler()
      /Users/z/work/lux/threshold/internal/test/harness.go:91 +0x2e4
  github.com/luxfi/threshold/internal/test.RunProtocol()
      /Users/z/work/lux/threshold/internal/test/harness.go:270 +0x230
  github.com/luxfi/threshold/protocols/frost_test.TestFROSTKeygenAndSign.(*KeygenAndSign).Run.func11()
      /Users/z/work/lux/threshold/internal/test/protocol_helpers.go:97 +0x150
  testing.tRunner()
      /opt/homebrew/Cellar/go/1.24.6/libexec/src/testing/testing.go:1792 +0x180
  testing.(*T).Run.gowrap1()
      /opt/homebrew/Cellar/go/1.24.6/libexec/src/testing/testing.go:1851 +0x40

Goroutine 2677 (running) created at:
  github.com/luxfi/threshold/pkg/protocol.(*Handler).initializeRound()
      /Users/z/work/lux/threshold/pkg/protocol/handler.go:1005 +0xd0c
  github.com/luxfi/threshold/pkg/protocol.NewHandler.gowrap1()
      /Users/z/work/lux/threshold/pkg/protocol/handler.go:250 +0x4c
==================
2025-08-15T22:12:59.359-0500	DEBUG	protocol/handler.go:1657	storing broadcast	{"{round 20 2  <nil>}": {"Key":"from","Type":15,"Integer":0,"String":"c","Interface":null}}
2025-08-15T22:12:59.359-0500	DEBUG	protocol/handler.go:581	tryAdvanceRound called	{"{current_round 20 2  <nil>}": {"Key":"self","Type":15,"Integer":0,"String":"a","Interface":null}}
2025-08-15T22:12:59.359-0500	DEBUG	protocol/handler.go:1591	have processed broadcast	{"{round 20 2  <nil>}": {"Key":"from","Type":15,"Integer":0,"String":"d","Interface":null}}
2025-08-15T22:12:59.360-0500	DEBUG	protocol/handler.go:1600	waiting for broadcasts	{"{round 20 2  <nil>}": {"Key":"missing","Type":15,"Integer":0,"String":"[c]","Interface":null}}
2025-08-15T22:12:59.359-0500	DEBUG	protocol/handler.go:1039	sendRoundMessage	{"{from 15 0 c <nil>}": {"Key":"to","Type":15,"Integer":0,"String":"","Interface":null}, "{round 20 3  <nil>}": {"Key":"broadcast","Type":4,"Integer":1,"String":"","Interface":null}}
2025-08-15T22:12:59.360-0500	DEBUG	protocol/handler.go:1591	have processed broadcast	{"{round 20 2  <nil>}": {"Key":"from","Type":15,"Integer":0,"String":"b","Interface":null}}
2025-08-15T22:12:59.360-0500	DEBUG	protocol/handler.go:1657	storing broadcast	{"{round 20 3  <nil>}": {"Key":"from","Type":15,"Integer":0,"String":"c","Interface":null}}
2025-08-15T22:12:59.360-0500	DEBUG	protocol/handler.go:1591	have processed broadcast	{"{round 20 2  <nil>}": {"Key":"from","Type":15,"Integer":0,"String":"c","Interface":null}}
2025-08-15T22:12:59.360-0500	DEBUG	protocol/handler.go:1591	have processed broadcast	{"{round 20 2  <nil>}": {"Key":"from","Type":15,"Integer":0,"String":"e","Interface":null}}
2025-08-15T22:12:59.360-0500	DEBUG	protocol/handler.go:1081	sent message to output channel	{"{from 15 0 c <nil>}": {"Key":"to","Type":15,"Integer":0,"String":"","Interface":null}, "{round 20 3  <nil>}": {"Key":"broadcast","Type":4,"Integer":1,"String":"","Interface":null}}
2025-08-15T22:12:59.360-0500	DEBUG	protocol/handler.go:1608	waiting for broadcast processing	{"{round 20 2  <nil>}": {"Key":"unprocessed","Type":15,"Integer":0,"String":"[a]","Interface":null}}
2025-08-15T22:12:59.360-0500	DEBUG	protocol/handler.go:1039	sendRoundMessage	{"{from 15 0 c <nil>}": {"Key":"to","Type":15,"Integer":0,"String":"a","Interface":null}, "{round 20 3  <nil>}": {"Key":"broadcast","Type":4,"Integer":0,"String":"","Interface":null}}
==================
WARNING: DATA RACE
Write at 0x00c000bd89ac by goroutine 2675:
  ??()
      -:0 +0x104ada650
  sync/atomic.CompareAndSwapInt32()
      <autogenerated>:1 +0x18
  sync.(*Mutex).Lock()
      /opt/homebrew/Cellar/go/1.24.6/libexec/src/sync/mutex.go:46 +0x2c
  github.com/luxfi/threshold/protocols/frost/keygen.(*round2).StoreBroadcastMessage()
      /Users/z/work/lux/threshold/protocols/frost/keygen/round2.go:57 +0x58
  github.com/luxfi/threshold/pkg/protocol.(*Handler).verifyBroadcastForRound()
      /Users/z/work/lux/threshold/pkg/protocol/handler.go:1277 +0x3a0
  github.com/luxfi/threshold/pkg/protocol.(*Handler).processQueuedMessages()
      /Users/z/work/lux/threshold/pkg/protocol/handler.go:1542 +0x404
  github.com/luxfi/threshold/pkg/protocol.(*Handler).tryAdvanceRound.gowrap2()
      /Users/z/work/lux/threshold/pkg/protocol/handler.go:673 +0x40

Previous read at 0x00c000bd89a8 by goroutine 2594:
  github.com/luxfi/threshold/protocols/frost/keygen.(*round2).Number()
      <autogenerated>:1 +0x38
  github.com/luxfi/threshold/pkg/protocol.(*Handler).finalizeRound()
      /Users/z/work/lux/threshold/pkg/protocol/handler.go:1144 +0x40
  github.com/luxfi/threshold/pkg/protocol.(*Handler).tryAdvanceRound()
      /Users/z/work/lux/threshold/pkg/protocol/handler.go:622 +0xae4
  github.com/luxfi/threshold/pkg/protocol.(*Handler).processMessage()
      /Users/z/work/lux/threshold/pkg/protocol/handler.go:486 +0xbb0
  github.com/luxfi/threshold/pkg/protocol.(*Handler).messageWorker()
      /Users/z/work/lux/threshold/pkg/protocol/handler.go:408 +0x338
  github.com/luxfi/threshold/pkg/protocol.(*Handler).startWorkers.gowrap2()
      /Users/z/work/lux/threshold/pkg/protocol/handler.go:361 +0x44

Goroutine 2675 (running) created at:
  github.com/luxfi/threshold/pkg/protocol.(*Handler).tryAdvanceRound()
      /Users/z/work/lux/threshold/pkg/protocol/handler.go:673 +0x12e4
  github.com/luxfi/threshold/pkg/protocol.(*Handler).roundProcessor()
      /Users/z/work/lux/threshold/pkg/protocol/handler.go:569 +0xb4
  github.com/luxfi/threshold/pkg/protocol.(*Handler).startWorkers.func1()
      /Users/z/work/lux/threshold/pkg/protocol/handler.go:374 +0x78

Goroutine 2594 (running) created at:
  github.com/luxfi/threshold/pkg/protocol.(*Handler).startWorkers()
      /Users/z/work/lux/threshold/pkg/protocol/handler.go:361 +0x334
  github.com/luxfi/threshold/pkg/protocol.NewHandler()
      /Users/z/work/lux/threshold/pkg/protocol/handler.go:247 +0xf10
  github.com/luxfi/threshold/internal/test.(*Harness).CreateHandler()
      /Users/z/work/lux/threshold/internal/test/harness.go:91 +0x2e4
  github.com/luxfi/threshold/internal/test.RunProtocol()
      /Users/z/work/lux/threshold/internal/test/harness.go:270 +0x230
  github.com/luxfi/threshold/protocols/frost_test.TestFROSTKeygenAndSign.(*KeygenAndSign).Run.func11()
      /Users/z/work/lux/threshold/internal/test/protocol_helpers.go:97 +0x150
  testing.tRunner()
      /opt/homebrew/Cellar/go/1.24.6/libexec/src/testing/testing.go:1792 +0x180
  testing.(*T).Run.gowrap1()
      /opt/homebrew/Cellar/go/1.24.6/libexec/src/testing/testing.go:1851 +0x40
==================
2025-08-15T22:12:59.335-0500	DEBUG	protocol/handler.go:581	tryAdvanceRound called	{"{current_round 20 2  <nil>}": {"Key":"self","Type":15,"Integer":0,"String":"c","Interface":null}}
==================
WARNING: DATA RACE
Read at 0x00c000bd89a8 by goroutine 2595:
  github.com/luxfi/threshold/protocols/frost/keygen.(*round2).Number()
      <autogenerated>:1 +0x38
  github.com/luxfi/threshold/pkg/protocol.(*Handler).tryAdvanceRound()
      /Users/z/work/lux/threshold/pkg/protocol/handler.go:587 +0x280
  github.com/luxfi/threshold/pkg/protocol.(*Handler).roundProcessor()
      /Users/z/work/lux/threshold/pkg/protocol/handler.go:569 +0xb4
  github.com/luxfi/threshold/pkg/protocol.(*Handler).startWorkers.func1()
      /Users/z/work/lux/threshold/pkg/protocol/handler.go:374 +0x78

Previous write at 0x00c000bd89ac by goroutine 2675:
  ??()
      -:0 +0x104ad5eb0
  sync/atomic.AddInt32()
      <autogenerated>:1 +0x14
  sync.(*Mutex).Unlock()
      /opt/homebrew/Cellar/go/1.24.6/libexec/src/sync/mutex.go:65 +0x2c
  github.com/luxfi/threshold/protocols/frost/keygen.(*round2).StoreBroadcastMessage()
      /Users/z/work/lux/threshold/protocols/frost/keygen/round2.go:59 +0x634
  github.com/luxfi/threshold/pkg/protocol.(*Handler).verifyBroadcastForRound()
      /Users/z/work/lux/threshold/pkg/protocol/handler.go:1277 +0x3a0
  github.com/luxfi/threshold/pkg/protocol.(*Handler).processQueuedMessages()
      /Users/z/work/lux/threshold/pkg/protocol/handler.go:1542 +0x404
  github.com/luxfi/threshold/pkg/protocol.(*Handler).tryAdvanceRound.gowrap2()
      /Users/z/work/lux/threshold/pkg/protocol/handler.go:673 +0x40

Goroutine 2595 (running) created at:
  github.com/luxfi/threshold/pkg/protocol.(*Handler).startWorkers()
      /Users/z/work/lux/threshold/pkg/protocol/handler.go:372 +0x4fc
  github.com/luxfi/threshold/pkg/protocol.NewHandler()
      /Users/z/work/lux/threshold/pkg/protocol/handler.go:247 +0xf10
  github.com/luxfi/threshold/internal/test.(*Harness).CreateHandler()
      /Users/z/work/lux/threshold/internal/test/harness.go:91 +0x2e4
  github.com/luxfi/threshold/internal/test.RunProtocol()
      /Users/z/work/lux/threshold/internal/test/harness.go:270 +0x230
  github.com/luxfi/threshold/protocols/frost_test.TestFROSTKeygenAndSign.(*KeygenAndSign).Run.func11()
      /Users/z/work/lux/threshold/internal/test/protocol_helpers.go:97 +0x150
  testing.tRunner()
      /opt/homebrew/Cellar/go/1.24.6/libexec/src/testing/testing.go:1792 +0x180
  testing.(*T).Run.gowrap1()
      /opt/homebrew/Cellar/go/1.24.6/libexec/src/testing/testing.go:1851 +0x40

Goroutine 2675 (finished) created at:
  github.com/luxfi/threshold/pkg/protocol.(*Handler).tryAdvanceRound()
      /Users/z/work/lux/threshold/pkg/protocol/handler.go:673 +0x12e4
  github.com/luxfi/threshold/pkg/protocol.(*Handler).roundProcessor()
      /Users/z/work/lux/threshold/pkg/protocol/handler.go:569 +0xb4
  github.com/luxfi/threshold/pkg/protocol.(*Handler).startWorkers.func1()
      /Users/z/work/lux/threshold/pkg/protocol/handler.go:374 +0x78
==================
2025-08-15T22:12:59.362-0500	DEBUG	protocol/handler.go:1591	have processed broadcast	{"{round 20 2  <nil>}": {"Key":"from","Type":15,"Integer":0,"String":"a","Interface":null}}
2025-08-15T22:12:59.362-0500	DEBUG	protocol/handler.go:1591	have processed broadcast	{"{round 20 2  <nil>}": {"Key":"from","Type":15,"Integer":0,"String":"b","Interface":null}}
2025-08-15T22:12:59.362-0500	DEBUG	protocol/handler.go:1591	have processed broadcast	{"{round 20 2  <nil>}": {"Key":"from","Type":15,"Integer":0,"String":"d","Interface":null}}
2025-08-15T22:12:59.362-0500	DEBUG	protocol/handler.go:1591	have processed broadcast	{"{round 20 2  <nil>}": {"Key":"from","Type":15,"Integer":0,"String":"e","Interface":null}}
2025-08-15T22:12:59.362-0500	DEBUG	protocol/handler.go:1649	have all messages and processed	{"{round 20 2  <nil>}": {"Key":"self","Type":15,"Integer":0,"String":"c","Interface":null}}
2025-08-15T22:12:59.362-0500	DEBUG	protocol/handler.go:596	round already finalized
2025-08-15T22:12:59.362-0500	DEBUG	protocol/handler.go:581	tryAdvanceRound called	{"{current_round 20 2  <nil>}": {"Key":"self","Type":15,"Integer":0,"String":"c","Interface":null}}
2025-08-15T22:12:59.362-0500	DEBUG	protocol/handler.go:1591	have processed broadcast	{"{round 20 2  <nil>}": {"Key":"from","Type":15,"Integer":0,"String":"a","Interface":null}}
2025-08-15T22:12:59.362-0500	DEBUG	protocol/handler.go:1591	have processed broadcast	{"{round 20 2  <nil>}": {"Key":"from","Type":15,"Integer":0,"String":"b","Interface":null}}
2025-08-15T22:12:59.362-0500	DEBUG	protocol/handler.go:1591	have processed broadcast	{"{round 20 2  <nil>}": {"Key":"from","Type":15,"Integer":0,"String":"d","Interface":null}}
2025-08-15T22:12:59.363-0500	DEBUG	protocol/handler.go:1591	have processed broadcast	{"{round 20 2  <nil>}": {"Key":"from","Type":15,"Integer":0,"String":"e","Interface":null}}
2025-08-15T22:12:59.363-0500	DEBUG	protocol/handler.go:1649	have all messages and processed	{"{round 20 2  <nil>}": {"Key":"self","Type":15,"Integer":0,"String":"c","Interface":null}}
2025-08-15T22:12:59.363-0500	DEBUG	protocol/handler.go:596	round already finalized
2025-08-15T22:12:59.336-0500	DEBUG	protocol/handler.go:1591	have processed broadcast	{"{round 20 2  <nil>}": {"Key":"from","Type":15,"Integer":0,"String":"a","Interface":null}}
2025-08-15T22:12:59.363-0500	DEBUG	protocol/handler.go:1591	have processed broadcast	{"{round 20 2  <nil>}": {"Key":"from","Type":15,"Integer":0,"String":"b","Interface":null}}
2025-08-15T22:12:59.363-0500	DEBUG	protocol/handler.go:1591	have processed broadcast	{"{round 20 2  <nil>}": {"Key":"from","Type":15,"Integer":0,"String":"d","Interface":null}}
2025-08-15T22:12:59.363-0500	DEBUG	protocol/handler.go:1600	waiting for broadcasts	{"{round 20 2  <nil>}": {"Key":"missing","Type":15,"Integer":0,"String":"[e]","Interface":null}}
2025-08-15T22:12:59.363-0500	DEBUG	protocol/handler.go:437	processing message	{"{from 15 0 c <nil>}": {"Key":"to","Type":15,"Integer":0,"String":"","Interface":null}, "{round 20 3  <nil>}": {"Key":"broadcast","Type":4,"Integer":1,"String":"","Interface":null}}
2025-08-15T22:12:59.363-0500	DEBUG	protocol/handler.go:1657	storing broadcast	{"{round 20 3  <nil>}": {"Key":"from","Type":15,"Integer":0,"String":"c","Interface":null}}
2025-08-15T22:12:59.363-0500	DEBUG	protocol/handler.go:581	tryAdvanceRound called	{"{current_round 20 3  <nil>}": {"Key":"self","Type":15,"Integer":0,"String":"b","Interface":null}}
2025-08-15T22:12:59.363-0500	DEBUG	protocol/handler.go:1591	have processed broadcast	{"{round 20 3  <nil>}": {"Key":"from","Type":15,"Integer":0,"String":"c","Interface":null}}
2025-08-15T22:12:59.363-0500	DEBUG	protocol/handler.go:1591	have processed broadcast	{"{round 20 2  <nil>}": {"Key":"from","Type":15,"Integer":0,"String":"a","Interface":null}}
2025-08-15T22:12:59.363-0500	DEBUG	protocol/handler.go:1600	waiting for broadcasts	{"{round 20 3  <nil>}": {"Key":"missing","Type":15,"Integer":0,"String":"[a d e]","Interface":null}}
2025-08-15T22:12:59.363-0500	DEBUG	protocol/handler.go:1591	have processed broadcast	{"{round 20 2  <nil>}": {"Key":"from","Type":15,"Integer":0,"String":"b","Interface":null}}
2025-08-15T22:12:59.363-0500	DEBUG	protocol/handler.go:437	processing message	{"{from 15 0 c <nil>}": {"Key":"to","Type":15,"Integer":0,"String":"","Interface":null}, "{round 20 3  <nil>}": {"Key":"broadcast","Type":4,"Integer":1,"String":"","Interface":null}}
2025-08-15T22:12:59.363-0500	DEBUG	protocol/handler.go:1591	have processed broadcast	{"{round 20 2  <nil>}": {"Key":"from","Type":15,"Integer":0,"String":"c","Interface":null}}
2025-08-15T22:12:59.363-0500	DEBUG	protocol/handler.go:1657	storing broadcast	{"{round 20 3  <nil>}": {"Key":"from","Type":15,"Integer":0,"String":"c","Interface":null}}
2025-08-15T22:12:59.363-0500	DEBUG	protocol/handler.go:1591	have processed broadcast	{"{round 20 2  <nil>}": {"Key":"from","Type":15,"Integer":0,"String":"e","Interface":null}}
2025-08-15T22:12:59.363-0500	DEBUG	protocol/handler.go:1649	have all messages and processed	{"{round 20 2  <nil>}": {"Key":"self","Type":15,"Integer":0,"String":"d","Interface":null}}
2025-08-15T22:12:59.363-0500	DEBUG	protocol/handler.go:470	message for different round (buffering)	{"{msg_round 20 3  <nil>}": {"Key":"current_round","Type":20,"Integer":2,"String":"","Interface":null}}
2025-08-15T22:12:59.363-0500	DEBUG	protocol/handler.go:619	finalizing round
2025-08-15T22:12:59.363-0500	DEBUG	protocol/handler.go:581	tryAdvanceRound called	{"{current_round 20 2  <nil>}": {"Key":"self","Type":15,"Integer":0,"String":"e","Interface":null}}
2025-08-15T22:12:59.364-0500	DEBUG	protocol/handler.go:1039	sendRoundMessage	{"{from 15 0 d <nil>}": {"Key":"to","Type":15,"Integer":0,"String":"","Interface":null}, "{round 20 3  <nil>}": {"Key":"broadcast","Type":4,"Integer":1,"String":"","Interface":null}}
2025-08-15T22:12:59.364-0500	DEBUG	protocol/handler.go:1657	storing broadcast	{"{round 20 3  <nil>}": {"Key":"from","Type":15,"Integer":0,"String":"d","Interface":null}}
2025-08-15T22:12:59.364-0500	DEBUG	protocol/handler.go:1081	sent message to output channel	{"{from 15 0 d <nil>}": {"Key":"to","Type":15,"Integer":0,"String":"","Interface":null}, "{round 20 3  <nil>}": {"Key":"broadcast","Type":4,"Integer":1,"String":"","Interface":null}}
2025-08-15T22:12:59.364-0500	DEBUG	protocol/handler.go:1039	sendRoundMessage	{"{from 15 0 d <nil>}": {"Key":"to","Type":15,"Integer":0,"String":"a","Interface":null}, "{round 20 3  <nil>}": {"Key":"broadcast","Type":4,"Integer":0,"String":"","Interface":null}}
2025-08-15T22:12:59.364-0500	DEBUG	protocol/handler.go:1081	sent message to output channel	{"{from 15 0 d <nil>}": {"Key":"to","Type":15,"Integer":0,"String":"a","Interface":null}, "{round 20 3  <nil>}": {"Key":"broadcast","Type":4,"Integer":0,"String":"","Interface":null}}
2025-08-15T22:12:59.364-0500	DEBUG	protocol/handler.go:1039	sendRoundMessage	{"{from 15 0 d <nil>}": {"Key":"to","Type":15,"Integer":0,"String":"b","Interface":null}, "{round 20 3  <nil>}": {"Key":"broadcast","Type":4,"Integer":0,"String":"","Interface":null}}
2025-08-15T22:12:59.364-0500	DEBUG	protocol/handler.go:1081	sent message to output channel	{"{from 15 0 d <nil>}": {"Key":"to","Type":15,"Integer":0,"String":"b","Interface":null}, "{round 20 3  <nil>}": {"Key":"broadcast","Type":4,"Integer":0,"String":"","Interface":null}}
2025-08-15T22:12:59.364-0500	DEBUG	protocol/handler.go:1039	sendRoundMessage	{"{from 15 0 d <nil>}": {"Key":"to","Type":15,"Integer":0,"String":"c","Interface":null}, "{round 20 3  <nil>}": {"Key":"broadcast","Type":4,"Integer":0,"String":"","Interface":null}}
2025-08-15T22:12:59.364-0500	DEBUG	protocol/handler.go:1081	sent message to output channel	{"{from 15 0 d <nil>}": {"Key":"to","Type":15,"Integer":0,"String":"c","Interface":null}, "{round 20 3  <nil>}": {"Key":"broadcast","Type":4,"Integer":0,"String":"","Interface":null}}
2025-08-15T22:12:59.364-0500	DEBUG	protocol/handler.go:1039	sendRoundMessage	{"{from 15 0 d <nil>}": {"Key":"to","Type":15,"Integer":0,"String":"e","Interface":null}, "{round 20 3  <nil>}": {"Key":"broadcast","Type":4,"Integer":0,"String":"","Interface":null}}
2025-08-15T22:12:59.364-0500	DEBUG	protocol/handler.go:1081	sent message to output channel	{"{from 15 0 d <nil>}": {"Key":"to","Type":15,"Integer":0,"String":"e","Interface":null}, "{round 20 3  <nil>}": {"Key":"broadcast","Type":4,"Integer":0,"String":"","Interface":null}}
2025-08-15T22:12:59.364-0500	DEBUG	protocol/handler.go:1182	finalized round messages	{"{round 20 2  <nil>}": {"Key":"messages","Type":11,"Integer":5,"String":"","Interface":null}}
2025-08-15T22:12:59.364-0500	DEBUG	protocol/handler.go:1239	finalize returned next round	{"{current 20 2  <nil>}": {"Key":"next","Type":20,"Integer":3,"String":"","Interface":null}}
2025-08-15T22:12:59.364-0500	INFO	protocol/handler.go:642	storing new currentRound	{"{from 20 2  <nil>}": {"Key":"to","Type":20,"Integer":3,"String":"","Interface":null}}
2025-08-15T22:12:59.364-0500	DEBUG	protocol/handler.go:1503	processing queued messages
2025-08-15T22:12:59.365-0500	DEBUG	protocol/handler.go:432	processMessage: p2p round 3 START	{"{from 15 0 d <nil>}": {"Key":"to","Type":15,"Integer":0,"String":"e","Interface":null}}
2025-08-15T22:12:59.365-0500	DEBUG	protocol/handler.go:437	processing message	{"{from 15 0 d <nil>}": {"Key":"to","Type":15,"Integer":0,"String":"e","Interface":null}, "{round 20 3  <nil>}": {"Key":"broadcast","Type":4,"Integer":0,"String":"","Interface":null}}
2025-08-15T22:12:59.365-0500	DEBUG	protocol/handler.go:1662	storing message	{"{round 20 3  <nil>}": {"Key":"from","Type":15,"Integer":0,"String":"d","Interface":null}}
2025-08-15T22:12:59.365-0500	DEBUG	protocol/handler.go:470	message for different round (buffering)	{"{msg_round 20 3  <nil>}": {"Key":"current_round","Type":20,"Integer":2,"String":"","Interface":null}}
2025-08-15T22:12:59.365-0500	DEBUG	protocol/handler.go:581	tryAdvanceRound called	{"{current_round 20 2  <nil>}": {"Key":"self","Type":15,"Integer":0,"String":"e","Interface":null}}
2025-08-15T22:12:59.366-0500	DEBUG	protocol/handler.go:1081	sent message to output channel	{"{from 15 0 c <nil>}": {"Key":"to","Type":15,"Integer":0,"String":"a","Interface":null}, "{round 20 3  <nil>}": {"Key":"broadcast","Type":4,"Integer":0,"String":"","Interface":null}}
2025-08-15T22:12:59.366-0500	DEBUG	protocol/handler.go:1039	sendRoundMessage	{"{from 15 0 c <nil>}": {"Key":"to","Type":15,"Integer":0,"String":"b","Interface":null}, "{round 20 3  <nil>}": {"Key":"broadcast","Type":4,"Integer":0,"String":"","Interface":null}}
2025-08-15T22:12:59.366-0500	DEBUG	protocol/handler.go:1081	sent message to output channel	{"{from 15 0 c <nil>}": {"Key":"to","Type":15,"Integer":0,"String":"b","Interface":null}, "{round 20 3  <nil>}": {"Key":"broadcast","Type":4,"Integer":0,"String":"","Interface":null}}
2025-08-15T22:12:59.366-0500	DEBUG	protocol/handler.go:1039	sendRoundMessage	{"{from 15 0 c <nil>}": {"Key":"to","Type":15,"Integer":0,"String":"d","Interface":null}, "{round 20 3  <nil>}": {"Key":"broadcast","Type":4,"Integer":0,"String":"","Interface":null}}
2025-08-15T22:12:59.366-0500	DEBUG	protocol/handler.go:1081	sent message to output channel	{"{from 15 0 c <nil>}": {"Key":"to","Type":15,"Integer":0,"String":"d","Interface":null}, "{round 20 3  <nil>}": {"Key":"broadcast","Type":4,"Integer":0,"String":"","Interface":null}}
2025-08-15T22:12:59.366-0500	DEBUG	protocol/handler.go:1039	sendRoundMessage	{"{from 15 0 c <nil>}": {"Key":"to","Type":15,"Integer":0,"String":"e","Interface":null}, "{round 20 3  <nil>}": {"Key":"broadcast","Type":4,"Integer":0,"String":"","Interface":null}}
2025-08-15T22:12:59.367-0500	DEBUG	protocol/handler.go:1081	sent message to output channel	{"{from 15 0 c <nil>}": {"Key":"to","Type":15,"Integer":0,"String":"e","Interface":null}, "{round 20 3  <nil>}": {"Key":"broadcast","Type":4,"Integer":0,"String":"","Interface":null}}
2025-08-15T22:12:59.367-0500	DEBUG	protocol/handler.go:1182	finalized round messages	{"{round 20 2  <nil>}": {"Key":"messages","Type":11,"Integer":5,"String":"","Interface":null}}
2025-08-15T22:12:59.367-0500	DEBUG	protocol/handler.go:581	tryAdvanceRound called	{"{current_round 20 2  <nil>}": {"Key":"self","Type":15,"Integer":0,"String":"a","Interface":null}}
2025-08-15T22:12:59.367-0500	DEBUG	protocol/handler.go:1591	have processed broadcast	{"{round 20 2  <nil>}": {"Key":"from","Type":15,"Integer":0,"String":"b","Interface":null}}
2025-08-15T22:12:59.367-0500	DEBUG	protocol/handler.go:1239	finalize returned next round	{"{current 20 2  <nil>}": {"Key":"next","Type":20,"Integer":3,"String":"","Interface":null}}
2025-08-15T22:12:59.367-0500	INFO	protocol/handler.go:642	storing new currentRound	{"{from 20 2  <nil>}": {"Key":"to","Type":20,"Integer":3,"String":"","Interface":null}}
2025-08-15T22:12:59.367-0500	DEBUG	protocol/handler.go:1591	have processed broadcast	{"{round 20 2  <nil>}": {"Key":"from","Type":15,"Integer":0,"String":"c","Interface":null}}
2025-08-15T22:12:59.367-0500	DEBUG	protocol/handler.go:432	processMessage: p2p round 3 START	{"{from 15 0 c <nil>}": {"Key":"to","Type":15,"Integer":0,"String":"e","Interface":null}}
2025-08-15T22:12:59.367-0500	DEBUG	protocol/handler.go:437	processing message	{"{from 15 0 c <nil>}": {"Key":"to","Type":15,"Integer":0,"String":"e","Interface":null}, "{round 20 3  <nil>}": {"Key":"broadcast","Type":4,"Integer":0,"String":"","Interface":null}}
2025-08-15T22:12:59.367-0500	DEBUG	protocol/handler.go:1662	storing message	{"{round 20 3  <nil>}": {"Key":"from","Type":15,"Integer":0,"String":"c","Interface":null}}
2025-08-15T22:12:59.367-0500	DEBUG	protocol/handler.go:1591	have processed broadcast	{"{round 20 2  <nil>}": {"Key":"from","Type":15,"Integer":0,"String":"d","Interface":null}}
2025-08-15T22:12:59.367-0500	DEBUG	protocol/handler.go:470	message for different round (buffering)	{"{msg_round 20 3  <nil>}": {"Key":"current_round","Type":20,"Integer":2,"String":"","Interface":null}}
2025-08-15T22:12:59.367-0500	DEBUG	protocol/handler.go:581	tryAdvanceRound called	{"{current_round 20 2  <nil>}": {"Key":"self","Type":15,"Integer":0,"String":"e","Interface":null}}
2025-08-15T22:12:59.367-0500	DEBUG	protocol/handler.go:1591	have processed broadcast	{"{round 20 2  <nil>}": {"Key":"from","Type":15,"Integer":0,"String":"e","Interface":null}}
==================
WARNING: DATA RACE
Read at 0x00c000b84e88 by goroutine 2540:
  github.com/luxfi/threshold/protocols/frost/keygen.(*round2).MessageContent()
      <autogenerated>:1 +0x38
  github.com/luxfi/threshold/pkg/protocol.(*Handler).hasAllMessages()
      /Users/z/work/lux/threshold/pkg/protocol/handler.go:1617 +0x6c8
  github.com/luxfi/threshold/pkg/protocol.(*Handler).tryAdvanceRound()
      /Users/z/work/lux/threshold/pkg/protocol/handler.go:589 +0x29c
  github.com/luxfi/threshold/pkg/protocol.(*Handler).processMessage()
      /Users/z/work/lux/threshold/pkg/protocol/handler.go:486 +0xbb0
  github.com/luxfi/threshold/pkg/protocol.(*Handler).messageWorker()
      /Users/z/work/lux/threshold/pkg/protocol/handler.go:408 +0x338
  github.com/luxfi/threshold/pkg/protocol.(*Handler).startWorkers.gowrap2()
      /Users/z/work/lux/threshold/pkg/protocol/handler.go:361 +0x44

Previous write at 0x00c000b84e8c by goroutine 2677:
  ??()
      -:0 +0x104ad5eb0
  sync/atomic.AddInt32()
      <autogenerated>:1 +0x14
  sync.(*Mutex).Unlock()
      /opt/homebrew/Cellar/go/1.24.6/libexec/src/sync/mutex.go:65 +0x2c
  github.com/luxfi/threshold/protocols/frost/keygen.(*round2).StoreBroadcastMessage()
      /Users/z/work/lux/threshold/protocols/frost/keygen/round2.go:62 +0x78
  github.com/luxfi/threshold/pkg/protocol.(*Handler).verifyBroadcastForRound()
      /Users/z/work/lux/threshold/pkg/protocol/handler.go:1277 +0x3a0
  github.com/luxfi/threshold/pkg/protocol.(*Handler).retryUnprocessedMessages()
      /Users/z/work/lux/threshold/pkg/protocol/handler.go:1483 +0x22c
  github.com/luxfi/threshold/pkg/protocol.(*Handler).tryAdvanceRound()
      /Users/z/work/lux/threshold/pkg/protocol/handler.go:587 +0x28c
  github.com/luxfi/threshold/pkg/protocol.(*Handler).initializeRound.func2()
      /Users/z/work/lux/threshold/pkg/protocol/handler.go:1007 +0x38

Goroutine 2540 (running) created at:
  github.com/luxfi/threshold/pkg/protocol.(*Handler).startWorkers()
      /Users/z/work/lux/threshold/pkg/protocol/handler.go:361 +0x334
  github.com/luxfi/threshold/pkg/protocol.NewHandler()
      /Users/z/work/lux/threshold/pkg/protocol/handler.go:247 +0xf10
  github.com/luxfi/threshold/internal/test.(*Harness).CreateHandler()
      /Users/z/work/lux/threshold/internal/test/harness.go:91 +0x2e4
  github.com/luxfi/threshold/internal/test.RunProtocol()
      /Users/z/work/lux/threshold/internal/test/harness.go:270 +0x230
  github.com/luxfi/threshold/protocols/frost_test.TestFROSTKeygenAndSign.(*KeygenAndSign).Run.func11()
      /Users/z/work/lux/threshold/internal/test/protocol_helpers.go:97 +0x150
  testing.tRunner()
      /opt/homebrew/Cellar/go/1.24.6/libexec/src/testing/testing.go:1792 +0x180
  testing.(*T).Run.gowrap1()
      /opt/homebrew/Cellar/go/1.24.6/libexec/src/testing/testing.go:1851 +0x40

Goroutine 2677 (running) created at:
  github.com/luxfi/threshold/pkg/protocol.(*Handler).initializeRound()
      /Users/z/work/lux/threshold/pkg/protocol/handler.go:1005 +0xd0c
  github.com/luxfi/threshold/pkg/protocol.NewHandler.gowrap1()
      /Users/z/work/lux/threshold/pkg/protocol/handler.go:250 +0x4c
==================
2025-08-15T22:12:59.368-0500	DEBUG	protocol/handler.go:1649	have all messages and processed	{"{round 20 2  <nil>}": {"Key":"self","Type":15,"Integer":0,"String":"a","Interface":null}}
2025-08-15T22:12:59.368-0500	DEBUG	protocol/handler.go:619	finalizing round
2025-08-15T22:12:59.369-0500	DEBUG	protocol/handler.go:581	tryAdvanceRound called	{"{current_round 20 3  <nil>}": {"Key":"self","Type":15,"Integer":0,"String":"d","Interface":null}}
2025-08-15T22:12:59.369-0500	DEBUG	protocol/handler.go:1600	waiting for broadcasts	{"{round 20 3  <nil>}": {"Key":"missing","Type":15,"Integer":0,"String":"[a b c e]","Interface":null}}
2025-08-15T22:12:59.369-0500	DEBUG	protocol/handler.go:432	processMessage: p2p round 3 START	{"{from 15 0 c <nil>}": {"Key":"to","Type":15,"Integer":0,"String":"a","Interface":null}}
2025-08-15T22:12:59.369-0500	DEBUG	protocol/handler.go:437	processing message	{"{from 15 0 c <nil>}": {"Key":"to","Type":15,"Integer":0,"String":"a","Interface":null}, "{round 20 3  <nil>}": {"Key":"broadcast","Type":4,"Integer":0,"String":"","Interface":null}}
2025-08-15T22:12:59.369-0500	DEBUG	protocol/handler.go:1662	storing message	{"{round 20 3  <nil>}": {"Key":"from","Type":15,"Integer":0,"String":"c","Interface":null}}
2025-08-15T22:12:59.369-0500	DEBUG	protocol/handler.go:470	message for different round (buffering)	{"{msg_round 20 3  <nil>}": {"Key":"current_round","Type":20,"Integer":2,"String":"","Interface":null}}
2025-08-15T22:12:59.369-0500	DEBUG	protocol/handler.go:581	tryAdvanceRound called	{"{current_round 20 2  <nil>}": {"Key":"self","Type":15,"Integer":0,"String":"a","Interface":null}}
2025-08-15T22:12:59.369-0500	DEBUG	protocol/handler.go:1591	have processed broadcast	{"{round 20 2  <nil>}": {"Key":"from","Type":15,"Integer":0,"String":"b","Interface":null}}
2025-08-15T22:12:59.367-0500	DEBUG	protocol/handler.go:1503	processing queued messages
2025-08-15T22:12:59.369-0500	DEBUG	protocol/handler.go:1591	have processed broadcast	{"{round 20 2  <nil>}": {"Key":"from","Type":15,"Integer":0,"String":"c","Interface":null}}
2025-08-15T22:12:59.369-0500	DEBUG	protocol/handler.go:1591	have processed broadcast	{"{round 20 2  <nil>}": {"Key":"from","Type":15,"Integer":0,"String":"d","Interface":null}}
2025-08-15T22:12:59.369-0500	DEBUG	protocol/handler.go:1503	processing queued messages
2025-08-15T22:12:59.369-0500	DEBUG	protocol/handler.go:1591	have processed broadcast	{"{round 20 2  <nil>}": {"Key":"from","Type":15,"Integer":0,"String":"e","Interface":null}}
2025-08-15T22:12:59.369-0500	DEBUG	protocol/handler.go:1649	have all messages and processed	{"{round 20 2  <nil>}": {"Key":"self","Type":15,"Integer":0,"String":"a","Interface":null}}
2025-08-15T22:12:59.369-0500	DEBUG	protocol/handler.go:596	round already finalized
2025-08-15T22:12:59.369-0500	DEBUG	protocol/handler.go:1039	sendRoundMessage	{"{from 15 0 a <nil>}": {"Key":"to","Type":15,"Integer":0,"String":"","Interface":null}, "{round 20 3  <nil>}": {"Key":"broadcast","Type":4,"Integer":1,"String":"","Interface":null}}
2025-08-15T22:12:59.369-0500	DEBUG	protocol/handler.go:1657	storing broadcast	{"{round 20 3  <nil>}": {"Key":"from","Type":15,"Integer":0,"String":"a","Interface":null}}
2025-08-15T22:12:59.370-0500	DEBUG	protocol/handler.go:1081	sent message to output channel	{"{from 15 0 a <nil>}": {"Key":"to","Type":15,"Integer":0,"String":"","Interface":null}, "{round 20 3  <nil>}": {"Key":"broadcast","Type":4,"Integer":1,"String":"","Interface":null}}
2025-08-15T22:12:59.370-0500	DEBUG	protocol/handler.go:1039	sendRoundMessage	{"{from 15 0 a <nil>}": {"Key":"to","Type":15,"Integer":0,"String":"b","Interface":null}, "{round 20 3  <nil>}": {"Key":"broadcast","Type":4,"Integer":0,"String":"","Interface":null}}
2025-08-15T22:12:59.370-0500	DEBUG	protocol/handler.go:1081	sent message to output channel	{"{from 15 0 a <nil>}": {"Key":"to","Type":15,"Integer":0,"String":"b","Interface":null}, "{round 20 3  <nil>}": {"Key":"broadcast","Type":4,"Integer":0,"String":"","Interface":null}}
2025-08-15T22:12:59.370-0500	DEBUG	protocol/handler.go:1039	sendRoundMessage	{"{from 15 0 a <nil>}": {"Key":"to","Type":15,"Integer":0,"String":"c","Interface":null}, "{round 20 3  <nil>}": {"Key":"broadcast","Type":4,"Integer":0,"String":"","Interface":null}}
2025-08-15T22:12:59.370-0500	DEBUG	protocol/handler.go:1081	sent message to output channel	{"{from 15 0 a <nil>}": {"Key":"to","Type":15,"Integer":0,"String":"c","Interface":null}, "{round 20 3  <nil>}": {"Key":"broadcast","Type":4,"Integer":0,"String":"","Interface":null}}
2025-08-15T22:12:59.370-0500	DEBUG	protocol/handler.go:1039	sendRoundMessage	{"{from 15 0 a <nil>}": {"Key":"to","Type":15,"Integer":0,"String":"d","Interface":null}, "{round 20 3  <nil>}": {"Key":"broadcast","Type":4,"Integer":0,"String":"","Interface":null}}
2025-08-15T22:12:59.370-0500	DEBUG	protocol/handler.go:1081	sent message to output channel	{"{from 15 0 a <nil>}": {"Key":"to","Type":15,"Integer":0,"String":"d","Interface":null}, "{round 20 3  <nil>}": {"Key":"broadcast","Type":4,"Integer":0,"String":"","Interface":null}}
2025-08-15T22:12:59.370-0500	DEBUG	protocol/handler.go:1039	sendRoundMessage	{"{from 15 0 a <nil>}": {"Key":"to","Type":15,"Integer":0,"String":"e","Interface":null}, "{round 20 3  <nil>}": {"Key":"broadcast","Type":4,"Integer":0,"String":"","Interface":null}}
2025-08-15T22:12:59.370-0500	DEBUG	protocol/handler.go:1081	sent message to output channel	{"{from 15 0 a <nil>}": {"Key":"to","Type":15,"Integer":0,"String":"e","Interface":null}, "{round 20 3  <nil>}": {"Key":"broadcast","Type":4,"Integer":0,"String":"","Interface":null}}
2025-08-15T22:12:59.370-0500	DEBUG	protocol/handler.go:1182	finalized round messages	{"{round 20 2  <nil>}": {"Key":"messages","Type":11,"Integer":5,"String":"","Interface":null}}
2025-08-15T22:12:59.370-0500	DEBUG	protocol/handler.go:1239	finalize returned next round	{"{current 20 2  <nil>}": {"Key":"next","Type":20,"Integer":3,"String":"","Interface":null}}
2025-08-15T22:12:59.370-0500	INFO	protocol/handler.go:642	storing new currentRound	{"{from 20 2  <nil>}": {"Key":"to","Type":20,"Integer":3,"String":"","Interface":null}}
2025-08-15T22:12:59.370-0500	DEBUG	protocol/handler.go:1503	processing queued messages
2025-08-15T22:12:59.370-0500	DEBUG	protocol/handler.go:437	processing message	{"{from 15 0 d <nil>}": {"Key":"to","Type":15,"Integer":0,"String":"","Interface":null}, "{round 20 3  <nil>}": {"Key":"broadcast","Type":4,"Integer":1,"String":"","Interface":null}}
2025-08-15T22:12:59.370-0500	DEBUG	protocol/handler.go:1657	storing broadcast	{"{round 20 3  <nil>}": {"Key":"from","Type":15,"Integer":0,"String":"d","Interface":null}}
2025-08-15T22:12:59.370-0500	DEBUG	protocol/handler.go:581	tryAdvanceRound called	{"{current_round 20 3  <nil>}": {"Key":"self","Type":15,"Integer":0,"String":"a","Interface":null}}
2025-08-15T22:12:59.370-0500	DEBUG	protocol/handler.go:1306	waiting for broadcast before normal message
2025-08-15T22:12:59.371-0500	DEBUG	protocol/handler.go:1591	have processed broadcast	{"{round 20 3  <nil>}": {"Key":"from","Type":15,"Integer":0,"String":"d","Interface":null}}
2025-08-15T22:12:59.371-0500	DEBUG	protocol/handler.go:1600	waiting for broadcasts	{"{round 20 3  <nil>}": {"Key":"missing","Type":15,"Integer":0,"String":"[b c e]","Interface":null}}
2025-08-15T22:12:59.371-0500	DEBUG	protocol/handler.go:1503	processing queued messages
==================
WARNING: DATA RACE
Read at 0x00c000828808 by goroutine 2649:
  github.com/luxfi/threshold/protocols/frost/keygen.(*round2).Number()
      <autogenerated>:1 +0x38
  github.com/luxfi/threshold/pkg/protocol.(*Handler).roundProcessor()
      /Users/z/work/lux/threshold/pkg/protocol/handler.go:550 +0x1d4
  github.com/luxfi/threshold/pkg/protocol.(*Handler).startWorkers.func1()
      /Users/z/work/lux/threshold/pkg/protocol/handler.go:374 +0x78

Previous write at 0x00c00082880c by goroutine 2641:
  ??()
      -:0 +0x104ad5eb0
  sync/atomic.AddInt32()
      <autogenerated>:1 +0x14
  sync.(*Mutex).Unlock()
      /opt/homebrew/Cellar/go/1.24.6/libexec/src/sync/mutex.go:65 +0x2c
  github.com/luxfi/threshold/protocols/frost/keygen.(*round2).StoreBroadcastMessage()
      /Users/z/work/lux/threshold/protocols/frost/keygen/round2.go:62 +0x78
  github.com/luxfi/threshold/pkg/protocol.(*Handler).verifyBroadcastForRound()
      /Users/z/work/lux/threshold/pkg/protocol/handler.go:1277 +0x3a0
  github.com/luxfi/threshold/pkg/protocol.(*Handler).retryUnprocessedMessages()
      /Users/z/work/lux/threshold/pkg/protocol/handler.go:1483 +0x22c
  github.com/luxfi/threshold/pkg/protocol.(*Handler).tryAdvanceRound()
      /Users/z/work/lux/threshold/pkg/protocol/handler.go:587 +0x28c
  github.com/luxfi/threshold/pkg/protocol.(*Handler).processMessage()
      /Users/z/work/lux/threshold/pkg/protocol/handler.go:474 +0xb70
  github.com/luxfi/threshold/pkg/protocol.(*Handler).messageWorker()
      /Users/z/work/lux/threshold/pkg/protocol/handler.go:408 +0x338
  github.com/luxfi/threshold/pkg/protocol.(*Handler).startWorkers.gowrap1()
      /Users/z/work/lux/threshold/pkg/protocol/handler.go:355 +0x44

Goroutine 2649 (running) created at:
  github.com/luxfi/threshold/pkg/protocol.(*Handler).startWorkers()
      /Users/z/work/lux/threshold/pkg/protocol/handler.go:372 +0x4fc
  github.com/luxfi/threshold/pkg/protocol.NewHandler()
      /Users/z/work/lux/threshold/pkg/protocol/handler.go:247 +0xf10
  github.com/luxfi/threshold/internal/test.(*Harness).CreateHandler()
      /Users/z/work/lux/threshold/internal/test/harness.go:91 +0x2e4
  github.com/luxfi/threshold/internal/test.RunProtocol()
      /Users/z/work/lux/threshold/internal/test/harness.go:270 +0x230
  github.com/luxfi/threshold/protocols/frost_test.TestFROSTKeygenAndSign.(*KeygenAndSign).Run.func11()
      /Users/z/work/lux/threshold/internal/test/protocol_helpers.go:97 +0x150
  testing.tRunner()
      /opt/homebrew/Cellar/go/1.24.6/libexec/src/testing/testing.go:1792 +0x180
  testing.(*T).Run.gowrap1()
      /opt/homebrew/Cellar/go/1.24.6/libexec/src/testing/testing.go:1851 +0x40

Goroutine 2641 (running) created at:
  github.com/luxfi/threshold/pkg/protocol.(*Handler).startWorkers()
      /Users/z/work/lux/threshold/pkg/protocol/handler.go:355 +0x27c
  github.com/luxfi/threshold/pkg/protocol.NewHandler()
      /Users/z/work/lux/threshold/pkg/protocol/handler.go:247 +0xf10
  github.com/luxfi/threshold/internal/test.(*Harness).CreateHandler()
      /Users/z/work/lux/threshold/internal/test/harness.go:91 +0x2e4
  github.com/luxfi/threshold/internal/test.RunProtocol()
      /Users/z/work/lux/threshold/internal/test/harness.go:270 +0x230
  github.com/luxfi/threshold/protocols/frost_test.TestFROSTKeygenAndSign.(*KeygenAndSign).Run.func11()
      /Users/z/work/lux/threshold/internal/test/protocol_helpers.go:97 +0x150
  testing.tRunner()
      /opt/homebrew/Cellar/go/1.24.6/libexec/src/testing/testing.go:1792 +0x180
  testing.(*T).Run.gowrap1()
      /opt/homebrew/Cellar/go/1.24.6/libexec/src/testing/testing.go:1851 +0x40
==================
2025-08-15T22:12:59.374-0500	DEBUG	protocol/handler.go:581	tryAdvanceRound called	{"{current_round 20 2  <nil>}": {"Key":"self","Type":15,"Integer":0,"String":"e","Interface":null}}
2025-08-15T22:12:59.374-0500	DEBUG	protocol/handler.go:1591	have processed broadcast	{"{round 20 2  <nil>}": {"Key":"from","Type":15,"Integer":0,"String":"a","Interface":null}}
2025-08-15T22:12:59.375-0500	DEBUG	protocol/handler.go:1591	have processed broadcast	{"{round 20 2  <nil>}": {"Key":"from","Type":15,"Integer":0,"String":"b","Interface":null}}
2025-08-15T22:12:59.375-0500	DEBUG	protocol/handler.go:1591	have processed broadcast	{"{round 20 2  <nil>}": {"Key":"from","Type":15,"Integer":0,"String":"c","Interface":null}}
2025-08-15T22:12:59.375-0500	DEBUG	protocol/handler.go:1591	have processed broadcast	{"{round 20 2  <nil>}": {"Key":"from","Type":15,"Integer":0,"String":"d","Interface":null}}
2025-08-15T22:12:59.375-0500	DEBUG	protocol/handler.go:1649	have all messages and processed	{"{round 20 2  <nil>}": {"Key":"self","Type":15,"Integer":0,"String":"e","Interface":null}}
2025-08-15T22:12:59.375-0500	DEBUG	protocol/handler.go:619	finalizing round
2025-08-15T22:12:59.375-0500	DEBUG	protocol/handler.go:1503	processing queued messages
2025-08-15T22:12:59.375-0500	DEBUG	protocol/handler.go:1591	have processed broadcast	{"{round 20 2  <nil>}": {"Key":"from","Type":15,"Integer":0,"String":"b","Interface":null}}
2025-08-15T22:12:59.376-0500	DEBUG	protocol/handler.go:1591	have processed broadcast	{"{round 20 2  <nil>}": {"Key":"from","Type":15,"Integer":0,"String":"c","Interface":null}}
2025-08-15T22:12:59.376-0500	DEBUG	protocol/handler.go:1591	have processed broadcast	{"{round 20 2  <nil>}": {"Key":"from","Type":15,"Integer":0,"String":"d","Interface":null}}
2025-08-15T22:12:59.376-0500	DEBUG	protocol/handler.go:1591	have processed broadcast	{"{round 20 2  <nil>}": {"Key":"from","Type":15,"Integer":0,"String":"e","Interface":null}}
2025-08-15T22:12:59.376-0500	DEBUG	protocol/handler.go:1649	have all messages and processed	{"{round 20 2  <nil>}": {"Key":"self","Type":15,"Integer":0,"String":"a","Interface":null}}
2025-08-15T22:12:59.376-0500	DEBUG	protocol/handler.go:596	round already finalized
2025-08-15T22:12:59.376-0500	DEBUG	protocol/handler.go:600	current round already advanced	{"{checking 20 2  <nil>}": {"Key":"current","Type":20,"Integer":3,"String":"","Interface":null}}
2025-08-15T22:12:59.376-0500	INFO	protocol/handler.go:560	advanced to round
2025-08-15T22:12:59.376-0500	DEBUG	protocol/handler.go:581	tryAdvanceRound called	{"{current_round 20 3  <nil>}": {"Key":"self","Type":15,"Integer":0,"String":"a","Interface":null}}
2025-08-15T22:12:59.376-0500	DEBUG	protocol/handler.go:1306	waiting for broadcast before normal message
2025-08-15T22:12:59.376-0500	DEBUG	protocol/handler.go:1591	have processed broadcast	{"{round 20 3  <nil>}": {"Key":"from","Type":15,"Integer":0,"String":"d","Interface":null}}
2025-08-15T22:12:59.376-0500	DEBUG	protocol/handler.go:1600	waiting for broadcasts	{"{round 20 3  <nil>}": {"Key":"missing","Type":15,"Integer":0,"String":"[b c e]","Interface":null}}
==================
WARNING: DATA RACE
Write at 0x00c00082880c by goroutine 2649:
  ??()
      -:0 +0x104ada650
  sync/atomic.CompareAndSwapInt32()
      <autogenerated>:1 +0x18
  sync.(*Mutex).Lock()
      /opt/homebrew/Cellar/go/1.24.6/libexec/src/sync/mutex.go:46 +0x2c
  github.com/luxfi/threshold/protocols/frost/keygen.(*round2).StoreBroadcastMessage()
      /Users/z/work/lux/threshold/protocols/frost/keygen/round2.go:57 +0x58
  github.com/luxfi/threshold/pkg/protocol.(*Handler).verifyBroadcastForRound()
      /Users/z/work/lux/threshold/pkg/protocol/handler.go:1277 +0x3a0
  github.com/luxfi/threshold/pkg/protocol.(*Handler).retryUnprocessedMessages()
      /Users/z/work/lux/threshold/pkg/protocol/handler.go:1483 +0x22c
  github.com/luxfi/threshold/pkg/protocol.(*Handler).tryAdvanceRound()
      /Users/z/work/lux/threshold/pkg/protocol/handler.go:587 +0x28c
  github.com/luxfi/threshold/pkg/protocol.(*Handler).roundProcessor()
      /Users/z/work/lux/threshold/pkg/protocol/handler.go:569 +0xb4
  github.com/luxfi/threshold/pkg/protocol.(*Handler).startWorkers.func1()
      /Users/z/work/lux/threshold/pkg/protocol/handler.go:374 +0x78

Previous read at 0x00c000828808 by goroutine 2643:
  github.com/luxfi/threshold/protocols/frost/keygen.(*round2).Number()
      <autogenerated>:1 +0x38
  github.com/luxfi/threshold/pkg/protocol.(*Handler).finalizeRound()
      /Users/z/work/lux/threshold/pkg/protocol/handler.go:1144 +0x40
  github.com/luxfi/threshold/pkg/protocol.(*Handler).tryAdvanceRound()
      /Users/z/work/lux/threshold/pkg/protocol/handler.go:622 +0xae4
  github.com/luxfi/threshold/pkg/protocol.(*Handler).processMessage()
      /Users/z/work/lux/threshold/pkg/protocol/handler.go:474 +0xb70
  github.com/luxfi/threshold/pkg/protocol.(*Handler).messageWorker()
      /Users/z/work/lux/threshold/pkg/protocol/handler.go:408 +0x338
  github.com/luxfi/threshold/pkg/protocol.(*Handler).startWorkers.gowrap1()
      /Users/z/work/lux/threshold/pkg/protocol/handler.go:355 +0x44

Goroutine 2649 (running) created at:
  github.com/luxfi/threshold/pkg/protocol.(*Handler).startWorkers()
      /Users/z/work/lux/threshold/pkg/protocol/handler.go:372 +0x4fc
  github.com/luxfi/threshold/pkg/protocol.NewHandler()
      /Users/z/work/lux/threshold/pkg/protocol/handler.go:247 +0xf10
2025-08-15T22:12:59.377-0500	DEBUG	protocol/handler.go:1591	have processed broadcast	{"{round 20 2  <nil>}": {"Key":"from","Type":15,"Integer":0,"String":"b","Interface":null}}
  github.com/luxfi/threshold/internal/test.(*Harness).CreateHandler()
      /Users/z/work/lux/threshold/internal/test/harness.go:91 +0x2e4
  github.com/luxfi/threshold/internal/test.RunProtocol()
      /Users/z/work/lux/threshold/internal/test/harness.go:270 +0x230
  github.com/luxfi/threshold/protocols/frost_test.TestFROSTKeygenAndSign.(*KeygenAndSign).Run.func11()
      /Users/z/work/lux/threshold/internal/test/protocol_helpers.go:97 +0x150
2025-08-15T22:12:59.377-0500	DEBUG	protocol/handler.go:1591	have processed broadcast	{"{round 20 2  <nil>}": {"Key":"from","Type":15,"Integer":0,"String":"a","Interface":null}}
  testing.tRunner()
      /opt/homebrew/Cellar/go/1.24.6/libexec/src/testing/testing.go:1792 +0x180
  testing.(*T).Run.gowrap1()
      /opt/homebrew/Cellar/go/1.24.6/libexec/src/testing/testing.go:1851 +0x40

Goroutine 2643 (running) created at:
  github.com/luxfi/threshold/pkg/protocol.(*Handler).startWorkers()
      /Users/z/work/lux/threshold/pkg/protocol/handler.go:355 +0x27c
  github.com/luxfi/threshold/pkg/protocol.NewHandler()
      /Users/z/work/lux/threshold/pkg/protocol/handler.go:247 +0xf10
  github.com/luxfi/threshold/internal/test.(*Harness).CreateHandler()
      /Users/z/work/lux/threshold/internal/test/harness.go:91 +0x2e4
  github.com/luxfi/threshold/internal/test.RunProtocol()
      /Users/z/work/lux/threshold/internal/test/harness.go:270 +0x230
  github.com/luxfi/threshold/protocols/frost_test.TestFROSTKeygenAndSign.(*KeygenAndSign).Run.func11()
      /Users/z/work/lux/threshold/internal/test/protocol_helpers.go:97 +0x150
  testing.tRunner()
      /opt/homebrew/Cellar/go/1.24.6/libexec/src/testing/testing.go:1792 +0x180
  testing.(*T).Run.gowrap1()
      /opt/homebrew/Cellar/go/1.24.6/libexec/src/testing/testing.go:1851 +0x40
==================
==================
WARNING: DATA RACE
Write at 0x00c00082880c by goroutine 2649:
  ??()
      -:0 +0x104ad5eb0
  sync/atomic.AddInt32()
      <autogenerated>:1 +0x14
  sync.(*Mutex).Unlock()
      /opt/homebrew/Cellar/go/1.24.6/libexec/src/sync/mutex.go:65 +0x2c
  github.com/luxfi/threshold/protocols/frost/keygen.(*round2).StoreBroadcastMessage()
      /Users/z/work/lux/threshold/protocols/frost/keygen/round2.go:62 +0x78
  github.com/luxfi/threshold/pkg/protocol.(*Handler).verifyBroadcastForRound()
      /Users/z/work/lux/threshold/pkg/protocol/handler.go:1277 +0x3a0
  github.com/luxfi/threshold/pkg/protocol.(*Handler).retryUnprocessedMessages()
      /Users/z/work/lux/threshold/pkg/protocol/handler.go:1483 +0x22c
  github.com/luxfi/threshold/pkg/protocol.(*Handler).tryAdvanceRound()
      /Users/z/work/lux/threshold/pkg/protocol/handler.go:587 +0x28c
  github.com/luxfi/threshold/pkg/protocol.(*Handler).roundProcessor()
      /Users/z/work/lux/threshold/pkg/protocol/handler.go:569 +0xb4
  github.com/luxfi/threshold/pkg/protocol.(*Handler).startWorkers.func1()
      /Users/z/work/lux/threshold/pkg/protocol/handler.go:374 +0x78

Previous read at 0x00c000828808 by goroutine 2641:
  github.com/luxfi/threshold/protocols/frost/keygen.(*round2).Number()
      <autogenerated>:1 +0x38
  github.com/luxfi/threshold/pkg/protocol.(*Handler).hasAllMessages()
      /Users/z/work/lux/threshold/pkg/protocol/handler.go:1570 +0x40
  github.com/luxfi/threshold/pkg/protocol.(*Handler).tryAdvanceRound()
      /Users/z/work/lux/threshold/pkg/protocol/handler.go:589 +0x29c
  github.com/luxfi/threshold/pkg/protocol.(*Handler).processMessage()
      /Users/z/work/lux/threshold/pkg/protocol/handler.go:474 +0xb70
  github.com/luxfi/threshold/pkg/protocol.(*Handler).messageWorker()
      /Users/z/work/lux/threshold/pkg/protocol/handler.go:408 +0x338
  github.com/luxfi/threshold/pkg/protocol.(*Handler).startWorkers.gowrap1()
      /Users/z/work/lux/threshold/pkg/protocol/handler.go:355 +0x44

Goroutine 2649 (running) created at:
  github.com/luxfi/threshold/pkg/protocol.(*Handler).startWorkers()
      /Users/z/work/lux/threshold/pkg/protocol/handler.go:372 +0x4fc
  github.com/luxfi/threshold/pkg/protocol.NewHandler()
      /Users/z/work/lux/threshold/pkg/protocol/handler.go:247 +0xf10
  github.com/luxfi/threshold/internal/test.(*Harness).CreateHandler()
      /Users/z/work/lux/threshold/internal/test/harness.go:91 +0x2e4
  github.com/luxfi/threshold/internal/test.RunProtocol()
      /Users/z/work/lux/threshold/internal/test/harness.go:270 +0x230
  github.com/luxfi/threshold/protocols/frost_test.TestFROSTKeygenAndSign.(*KeygenAndSign).Run.func11()
      /Users/z/work/lux/threshold/internal/test/protocol_helpers.go:97 +0x150
  testing.tRunner()
      /opt/homebrew/Cellar/go/1.24.6/libexec/src/testing/testing.go:1792 +0x180
  testing.(*T).Run.gowrap1()
      /opt/homebrew/Cellar/go/1.24.6/libexec/src/testing/testing.go:1851 +0x40

Goroutine 2641 (running) created at:
  github.com/luxfi/threshold/pkg/protocol.(*Handler).startWorkers()
      /Users/z/work/lux/threshold/pkg/protocol/handler.go:355 +0x27c
  github.com/luxfi/threshold/pkg/protocol.NewHandler()
      /Users/z/work/lux/threshold/pkg/protocol/handler.go:247 +0xf10
  github.com/luxfi/threshold/internal/test.(*Harness).CreateHandler()
      /Users/z/work/lux/threshold/internal/test/harness.go:91 +0x2e4
  github.com/luxfi/threshold/internal/test.RunProtocol()
      /Users/z/work/lux/threshold/internal/test/harness.go:270 +0x230
  github.com/luxfi/threshold/protocols/frost_test.TestFROSTKeygenAndSign.(*KeygenAndSign).Run.func11()
      /Users/z/work/lux/threshold/internal/test/protocol_helpers.go:97 +0x150
  testing.tRunner()
      /opt/homebrew/Cellar/go/1.24.6/libexec/src/testing/testing.go:1792 +0x180
  testing.(*T).Run.gowrap1()
      /opt/homebrew/Cellar/go/1.24.6/libexec/src/testing/testing.go:1851 +0x40
==================
2025-08-15T22:12:59.377-0500	DEBUG	protocol/handler.go:1591	have processed broadcast	{"{round 20 2  <nil>}": {"Key":"from","Type":15,"Integer":0,"String":"b","Interface":null}}
2025-08-15T22:12:59.377-0500	DEBUG	protocol/handler.go:437	processing message	{"{from 15 0 c <nil>}": {"Key":"to","Type":15,"Integer":0,"String":"","Interface":null}, "{round 20 3  <nil>}": {"Key":"broadcast","Type":4,"Integer":1,"String":"","Interface":null}}
2025-08-15T22:12:59.377-0500	DEBUG	protocol/handler.go:1591	have processed broadcast	{"{round 20 2  <nil>}": {"Key":"from","Type":15,"Integer":0,"String":"c","Interface":null}}
2025-08-15T22:12:59.377-0500	DEBUG	protocol/handler.go:1591	have processed broadcast	{"{round 20 2  <nil>}": {"Key":"from","Type":15,"Integer":0,"String":"d","Interface":null}}
2025-08-15T22:12:59.377-0500	DEBUG	protocol/handler.go:1657	storing broadcast	{"{round 20 3  <nil>}": {"Key":"from","Type":15,"Integer":0,"String":"c","Interface":null}}
2025-08-15T22:12:59.377-0500	DEBUG	protocol/handler.go:1649	have all messages and processed	{"{round 20 2  <nil>}": {"Key":"self","Type":15,"Integer":0,"String":"e","Interface":null}}
2025-08-15T22:12:59.377-0500	DEBUG	protocol/handler.go:596	round already finalized
2025-08-15T22:12:59.377-0500	DEBUG	protocol/handler.go:1591	have processed broadcast	{"{round 20 2  <nil>}": {"Key":"from","Type":15,"Integer":0,"String":"c","Interface":null}}
2025-08-15T22:12:59.378-0500	DEBUG	protocol/handler.go:581	tryAdvanceRound called	{"{current_round 20 3  <nil>}": {"Key":"self","Type":15,"Integer":0,"String":"a","Interface":null}}
2025-08-15T22:12:59.378-0500	DEBUG	protocol/handler.go:1591	have processed broadcast	{"{round 20 2  <nil>}": {"Key":"from","Type":15,"Integer":0,"String":"d","Interface":null}}
2025-08-15T22:12:59.378-0500	DEBUG	protocol/handler.go:1591	have processed broadcast	{"{round 20 2  <nil>}": {"Key":"from","Type":15,"Integer":0,"String":"e","Interface":null}}
2025-08-15T22:12:59.378-0500	DEBUG	protocol/handler.go:1649	have all messages and processed	{"{round 20 2  <nil>}": {"Key":"self","Type":15,"Integer":0,"String":"a","Interface":null}}
2025-08-15T22:12:59.378-0500	DEBUG	protocol/handler.go:596	round already finalized
2025-08-15T22:12:59.378-0500	DEBUG	protocol/handler.go:600	current round already advanced	{"{checking 20 2  <nil>}": {"Key":"current","Type":20,"Integer":3,"String":"","Interface":null}}
2025-08-15T22:12:59.378-0500	DEBUG	protocol/handler.go:432	processMessage: p2p round 3 START	{"{from 15 0 c <nil>}": {"Key":"to","Type":15,"Integer":0,"String":"d","Interface":null}}
2025-08-15T22:12:59.378-0500	DEBUG	protocol/handler.go:437	processing message	{"{from 15 0 c <nil>}": {"Key":"to","Type":15,"Integer":0,"String":"d","Interface":null}, "{round 20 3  <nil>}": {"Key":"broadcast","Type":4,"Integer":0,"String":"","Interface":null}}
2025-08-15T22:12:59.378-0500	DEBUG	protocol/handler.go:1662	storing message	{"{round 20 3  <nil>}": {"Key":"from","Type":15,"Integer":0,"String":"c","Interface":null}}
2025-08-15T22:12:59.378-0500	DEBUG	protocol/handler.go:581	tryAdvanceRound called	{"{current_round 20 3  <nil>}": {"Key":"self","Type":15,"Integer":0,"String":"d","Interface":null}}
2025-08-15T22:12:59.378-0500	DEBUG	protocol/handler.go:1306	waiting for broadcast before normal message
2025-08-15T22:12:59.378-0500	DEBUG	protocol/handler.go:1600	waiting for broadcasts	{"{round 20 3  <nil>}": {"Key":"missing","Type":15,"Integer":0,"String":"[a b c e]","Interface":null}}
2025-08-15T22:12:59.378-0500	DEBUG	protocol/handler.go:432	processMessage: p2p round 3 START	{"{from 15 0 b <nil>}": {"Key":"to","Type":15,"Integer":0,"String":"d","Interface":null}}
2025-08-15T22:12:59.378-0500	DEBUG	protocol/handler.go:437	processing message	{"{from 15 0 b <nil>}": {"Key":"to","Type":15,"Integer":0,"String":"d","Interface":null}, "{round 20 3  <nil>}": {"Key":"broadcast","Type":4,"Integer":0,"String":"","Interface":null}}
2025-08-15T22:12:59.378-0500	DEBUG	protocol/handler.go:1662	storing message	{"{round 20 3  <nil>}": {"Key":"from","Type":15,"Integer":0,"String":"b","Interface":null}}
2025-08-15T22:12:59.378-0500	DEBUG	protocol/handler.go:1306	waiting for broadcast before normal message
2025-08-15T22:12:59.378-0500	DEBUG	protocol/handler.go:581	tryAdvanceRound called	{"{current_round 20 3  <nil>}": {"Key":"self","Type":15,"Integer":0,"String":"d","Interface":null}}
2025-08-15T22:12:59.378-0500	DEBUG	protocol/handler.go:1306	waiting for broadcast before normal message
2025-08-15T22:12:59.378-0500	DEBUG	protocol/handler.go:1306	waiting for broadcast before normal message
2025-08-15T22:12:59.378-0500	DEBUG	protocol/handler.go:1306	waiting for broadcast before normal message
2025-08-15T22:12:59.378-0500	DEBUG	protocol/handler.go:1306	waiting for broadcast before normal message
2025-08-15T22:12:59.378-0500	DEBUG	protocol/handler.go:1306	waiting for broadcast before normal message
2025-08-15T22:12:59.378-0500	DEBUG	protocol/handler.go:1306	waiting for broadcast before normal message
2025-08-15T22:12:59.378-0500	DEBUG	protocol/handler.go:1600	waiting for broadcasts	{"{round 20 3  <nil>}": {"Key":"missing","Type":15,"Integer":0,"String":"[a b c e]","Interface":null}}
2025-08-15T22:12:59.378-0500	DEBUG	protocol/handler.go:432	processMessage: p2p round 3 START	{"{from 15 0 c <nil>}": {"Key":"to","Type":15,"Integer":0,"String":"b","Interface":null}}
2025-08-15T22:12:59.378-0500	DEBUG	protocol/handler.go:437	processing message	{"{from 15 0 c <nil>}": {"Key":"to","Type":15,"Integer":0,"String":"","Interface":null}, "{round 20 3  <nil>}": {"Key":"broadcast","Type":4,"Integer":1,"String":"","Interface":null}}
2025-08-15T22:12:59.378-0500	DEBUG	protocol/handler.go:437	processing message	{"{from 15 0 c <nil>}": {"Key":"to","Type":15,"Integer":0,"String":"b","Interface":null}, "{round 20 3  <nil>}": {"Key":"broadcast","Type":4,"Integer":0,"String":"","Interface":null}}
2025-08-15T22:12:59.378-0500	DEBUG	protocol/handler.go:1657	storing broadcast	{"{round 20 3  <nil>}": {"Key":"from","Type":15,"Integer":0,"String":"c","Interface":null}}
2025-08-15T22:12:59.378-0500	DEBUG	protocol/handler.go:1662	storing message	{"{round 20 3  <nil>}": {"Key":"from","Type":15,"Integer":0,"String":"c","Interface":null}}
2025-08-15T22:12:59.379-0500	DEBUG	protocol/handler.go:581	tryAdvanceRound called	{"{current_round 20 3  <nil>}": {"Key":"self","Type":15,"Integer":0,"String":"d","Interface":null}}
2025-08-15T22:12:59.379-0500	DEBUG	protocol/handler.go:1306	waiting for broadcast before normal message
2025-08-15T22:12:59.379-0500	DEBUG	protocol/handler.go:1591	have processed broadcast	{"{round 20 3  <nil>}": {"Key":"from","Type":15,"Integer":0,"String":"c","Interface":null}}
2025-08-15T22:12:59.379-0500	DEBUG	protocol/handler.go:1591	have processed broadcast	{"{round 20 3  <nil>}": {"Key":"from","Type":15,"Integer":0,"String":"d","Interface":null}}
2025-08-15T22:12:59.379-0500	DEBUG	protocol/handler.go:1600	waiting for broadcasts	{"{round 20 3  <nil>}": {"Key":"missing","Type":15,"Integer":0,"String":"[b e]","Interface":null}}
2025-08-15T22:12:59.379-0500	DEBUG	protocol/handler.go:432	processMessage: p2p round 3 START	{"{from 15 0 d <nil>}": {"Key":"to","Type":15,"Integer":0,"String":"c","Interface":null}}
2025-08-15T22:12:59.379-0500	DEBUG	protocol/handler.go:437	processing message	{"{from 15 0 d <nil>}": {"Key":"to","Type":15,"Integer":0,"String":"c","Interface":null}, "{round 20 3  <nil>}": {"Key":"broadcast","Type":4,"Integer":0,"String":"","Interface":null}}
2025-08-15T22:12:59.380-0500	DEBUG	protocol/handler.go:1662	storing message	{"{round 20 3  <nil>}": {"Key":"from","Type":15,"Integer":0,"String":"d","Interface":null}}
2025-08-15T22:12:59.380-0500	DEBUG	protocol/handler.go:581	tryAdvanceRound called	{"{current_round 20 3  <nil>}": {"Key":"self","Type":15,"Integer":0,"String":"c","Interface":null}}
2025-08-15T22:12:59.380-0500	DEBUG	protocol/handler.go:1306	waiting for broadcast before normal message
2025-08-15T22:12:59.380-0500	DEBUG	protocol/handler.go:1600	waiting for broadcasts	{"{round 20 3  <nil>}": {"Key":"missing","Type":15,"Integer":0,"String":"[a b d e]","Interface":null}}
2025-08-15T22:12:59.380-0500	DEBUG	protocol/handler.go:1306	waiting for broadcast before normal message
2025-08-15T22:12:59.380-0500	DEBUG	protocol/handler.go:1306	waiting for broadcast before normal message
2025-08-15T22:12:59.380-0500	DEBUG	protocol/handler.go:437	processing message	{"{from 15 0 b <nil>}": {"Key":"to","Type":15,"Integer":0,"String":"","Interface":null}, "{round 20 3  <nil>}": {"Key":"broadcast","Type":4,"Integer":1,"String":"","Interface":null}}
2025-08-15T22:12:59.380-0500	DEBUG	protocol/handler.go:1306	waiting for broadcast before normal message
2025-08-15T22:12:59.380-0500	DEBUG	protocol/handler.go:1657	storing broadcast	{"{round 20 3  <nil>}": {"Key":"from","Type":15,"Integer":0,"String":"b","Interface":null}}
2025-08-15T22:12:59.380-0500	DEBUG	protocol/handler.go:437	processing message	{"{from 15 0 b <nil>}": {"Key":"to","Type":15,"Integer":0,"String":"","Interface":null}, "{round 20 3  <nil>}": {"Key":"broadcast","Type":4,"Integer":1,"String":"","Interface":null}}
2025-08-15T22:12:59.380-0500	DEBUG	protocol/handler.go:581	tryAdvanceRound called	{"{current_round 20 3  <nil>}": {"Key":"self","Type":15,"Integer":0,"String":"a","Interface":null}}
2025-08-15T22:12:59.380-0500	DEBUG	protocol/handler.go:432	processMessage: p2p round 3 START	{"{from 15 0 b <nil>}": {"Key":"to","Type":15,"Integer":0,"String":"a","Interface":null}}
2025-08-15T22:12:59.380-0500	DEBUG	protocol/handler.go:1591	have processed broadcast	{"{round 20 3  <nil>}": {"Key":"from","Type":15,"Integer":0,"String":"b","Interface":null}}
2025-08-15T22:12:59.380-0500	DEBUG	protocol/handler.go:581	tryAdvanceRound called	{"{current_round 20 3  <nil>}": {"Key":"self","Type":15,"Integer":0,"String":"b","Interface":null}}
2025-08-15T22:12:59.380-0500	DEBUG	protocol/handler.go:1591	have processed broadcast	{"{round 20 3  <nil>}": {"Key":"from","Type":15,"Integer":0,"String":"c","Interface":null}}
2025-08-15T22:12:59.380-0500	DEBUG	protocol/handler.go:1591	have processed broadcast	{"{round 20 3  <nil>}": {"Key":"from","Type":15,"Integer":0,"String":"c","Interface":null}}
2025-08-15T22:12:59.380-0500	DEBUG	protocol/handler.go:1591	have processed broadcast	{"{round 20 3  <nil>}": {"Key":"from","Type":15,"Integer":0,"String":"d","Interface":null}}
2025-08-15T22:12:59.380-0500	DEBUG	protocol/handler.go:432	processMessage: p2p round 3 START	{"{from 15 0 d <nil>}": {"Key":"to","Type":15,"Integer":0,"String":"a","Interface":null}}
2025-08-15T22:12:59.380-0500	DEBUG	protocol/handler.go:1600	waiting for broadcasts	{"{round 20 3  <nil>}": {"Key":"missing","Type":15,"Integer":0,"String":"[e]","Interface":null}}
2025-08-15T22:12:59.380-0500	DEBUG	protocol/handler.go:437	processing message	{"{from 15 0 b <nil>}": {"Key":"to","Type":15,"Integer":0,"String":"a","Interface":null}, "{round 20 3  <nil>}": {"Key":"broadcast","Type":4,"Integer":0,"String":"","Interface":null}}
2025-08-15T22:12:59.380-0500	DEBUG	protocol/handler.go:437	processing message	{"{from 15 0 d <nil>}": {"Key":"to","Type":15,"Integer":0,"String":"a","Interface":null}, "{round 20 3  <nil>}": {"Key":"broadcast","Type":4,"Integer":0,"String":"","Interface":null}}
2025-08-15T22:12:59.380-0500	DEBUG	protocol/handler.go:437	processing message	{"{from 15 0 d <nil>}": {"Key":"to","Type":15,"Integer":0,"String":"","Interface":null}, "{round 20 3  <nil>}": {"Key":"broadcast","Type":4,"Integer":1,"String":"","Interface":null}}
2025-08-15T22:12:59.380-0500	DEBUG	protocol/handler.go:1662	storing message	{"{round 20 3  <nil>}": {"Key":"from","Type":15,"Integer":0,"String":"b","Interface":null}}
2025-08-15T22:12:59.380-0500	DEBUG	protocol/handler.go:1662	storing message	{"{round 20 3  <nil>}": {"Key":"from","Type":15,"Integer":0,"String":"d","Interface":null}}
2025-08-15T22:12:59.381-0500	DEBUG	protocol/handler.go:1039	sendRoundMessage	{"{from 15 0 e <nil>}": {"Key":"to","Type":15,"Integer":0,"String":"","Interface":null}, "{round 20 3  <nil>}": {"Key":"broadcast","Type":4,"Integer":1,"String":"","Interface":null}}
2025-08-15T22:12:59.381-0500	DEBUG	protocol/handler.go:1657	storing broadcast	{"{round 20 3  <nil>}": {"Key":"from","Type":15,"Integer":0,"String":"e","Interface":null}}
2025-08-15T22:12:59.381-0500	DEBUG	protocol/handler.go:1081	sent message to output channel	{"{from 15 0 e <nil>}": {"Key":"to","Type":15,"Integer":0,"String":"","Interface":null}, "{round 20 3  <nil>}": {"Key":"broadcast","Type":4,"Integer":1,"String":"","Interface":null}}
2025-08-15T22:12:59.381-0500	DEBUG	protocol/handler.go:1039	sendRoundMessage	{"{from 15 0 e <nil>}": {"Key":"to","Type":15,"Integer":0,"String":"a","Interface":null}, "{round 20 3  <nil>}": {"Key":"broadcast","Type":4,"Integer":0,"String":"","Interface":null}}
2025-08-15T22:12:59.381-0500	DEBUG	protocol/handler.go:1081	sent message to output channel	{"{from 15 0 e <nil>}": {"Key":"to","Type":15,"Integer":0,"String":"a","Interface":null}, "{round 20 3  <nil>}": {"Key":"broadcast","Type":4,"Integer":0,"String":"","Interface":null}}
2025-08-15T22:12:59.381-0500	DEBUG	protocol/handler.go:1039	sendRoundMessage	{"{from 15 0 e <nil>}": {"Key":"to","Type":15,"Integer":0,"String":"b","Interface":null}, "{round 20 3  <nil>}": {"Key":"broadcast","Type":4,"Integer":0,"String":"","Interface":null}}
2025-08-15T22:12:59.381-0500	DEBUG	protocol/handler.go:1081	sent message to output channel	{"{from 15 0 e <nil>}": {"Key":"to","Type":15,"Integer":0,"String":"b","Interface":null}, "{round 20 3  <nil>}": {"Key":"broadcast","Type":4,"Integer":0,"String":"","Interface":null}}
2025-08-15T22:12:59.381-0500	DEBUG	protocol/handler.go:1039	sendRoundMessage	{"{from 15 0 e <nil>}": {"Key":"to","Type":15,"Integer":0,"String":"c","Interface":null}, "{round 20 3  <nil>}": {"Key":"broadcast","Type":4,"Integer":0,"String":"","Interface":null}}
2025-08-15T22:12:59.381-0500	DEBUG	protocol/handler.go:1081	sent message to output channel	{"{from 15 0 e <nil>}": {"Key":"to","Type":15,"Integer":0,"String":"c","Interface":null}, "{round 20 3  <nil>}": {"Key":"broadcast","Type":4,"Integer":0,"String":"","Interface":null}}
2025-08-15T22:12:59.381-0500	DEBUG	protocol/handler.go:1039	sendRoundMessage	{"{from 15 0 e <nil>}": {"Key":"to","Type":15,"Integer":0,"String":"d","Interface":null}, "{round 20 3  <nil>}": {"Key":"broadcast","Type":4,"Integer":0,"String":"","Interface":null}}
2025-08-15T22:12:59.381-0500	DEBUG	protocol/handler.go:1081	sent message to output channel	{"{from 15 0 e <nil>}": {"Key":"to","Type":15,"Integer":0,"String":"d","Interface":null}, "{round 20 3  <nil>}": {"Key":"broadcast","Type":4,"Integer":0,"String":"","Interface":null}}
2025-08-15T22:12:59.382-0500	DEBUG	protocol/handler.go:1182	finalized round messages	{"{round 20 2  <nil>}": {"Key":"messages","Type":11,"Integer":5,"String":"","Interface":null}}
2025-08-15T22:12:59.382-0500	DEBUG	protocol/handler.go:1239	finalize returned next round	{"{current 20 2  <nil>}": {"Key":"next","Type":20,"Integer":3,"String":"","Interface":null}}
2025-08-15T22:12:59.382-0500	INFO	protocol/handler.go:642	storing new currentRound	{"{from 20 2  <nil>}": {"Key":"to","Type":20,"Integer":3,"String":"","Interface":null}}
2025-08-15T22:12:59.382-0500	DEBUG	protocol/handler.go:1503	processing queued messages
2025-08-15T22:12:59.382-0500	DEBUG	protocol/handler.go:1503	processing queued messages
2025-08-15T22:12:59.382-0500	DEBUG	protocol/handler.go:581	tryAdvanceRound called	{"{current_round 20 3  <nil>}": {"Key":"self","Type":15,"Integer":0,"String":"a","Interface":null}}
2025-08-15T22:12:59.382-0500	DEBUG	protocol/handler.go:581	tryAdvanceRound called	{"{current_round 20 3  <nil>}": {"Key":"self","Type":15,"Integer":0,"String":"a","Interface":null}}
2025-08-15T22:12:59.382-0500	DEBUG	protocol/handler.go:1591	have processed broadcast	{"{round 20 3  <nil>}": {"Key":"from","Type":15,"Integer":0,"String":"b","Interface":null}}
2025-08-15T22:12:59.382-0500	DEBUG	protocol/handler.go:1591	have processed broadcast	{"{round 20 3  <nil>}": {"Key":"from","Type":15,"Integer":0,"String":"b","Interface":null}}
2025-08-15T22:12:59.382-0500	DEBUG	protocol/handler.go:1591	have processed broadcast	{"{round 20 3  <nil>}": {"Key":"from","Type":15,"Integer":0,"String":"c","Interface":null}}
2025-08-15T22:12:59.382-0500	DEBUG	protocol/handler.go:1591	have processed broadcast	{"{round 20 3  <nil>}": {"Key":"from","Type":15,"Integer":0,"String":"c","Interface":null}}
2025-08-15T22:12:59.382-0500	DEBUG	protocol/handler.go:1591	have processed broadcast	{"{round 20 3  <nil>}": {"Key":"from","Type":15,"Integer":0,"String":"d","Interface":null}}
2025-08-15T22:12:59.382-0500	DEBUG	protocol/handler.go:1591	have processed broadcast	{"{round 20 3  <nil>}": {"Key":"from","Type":15,"Integer":0,"String":"d","Interface":null}}
2025-08-15T22:12:59.382-0500	DEBUG	protocol/handler.go:1600	waiting for broadcasts	{"{round 20 3  <nil>}": {"Key":"missing","Type":15,"Integer":0,"String":"[e]","Interface":null}}
2025-08-15T22:12:59.382-0500	DEBUG	protocol/handler.go:1600	waiting for broadcasts	{"{round 20 3  <nil>}": {"Key":"missing","Type":15,"Integer":0,"String":"[e]","Interface":null}}
2025-08-15T22:12:59.380-0500	DEBUG	protocol/handler.go:1657	storing broadcast	{"{round 20 3  <nil>}": {"Key":"from","Type":15,"Integer":0,"String":"d","Interface":null}}
2025-08-15T22:12:59.382-0500	DEBUG	protocol/handler.go:437	processing message	{"{from 15 0 b <nil>}": {"Key":"to","Type":15,"Integer":0,"String":"","Interface":null}, "{round 20 3  <nil>}": {"Key":"broadcast","Type":4,"Integer":1,"String":"","Interface":null}}
2025-08-15T22:12:59.382-0500	DEBUG	protocol/handler.go:1657	storing broadcast	{"{round 20 3  <nil>}": {"Key":"from","Type":15,"Integer":0,"String":"b","Interface":null}}
2025-08-15T22:12:59.382-0500	DEBUG	protocol/handler.go:581	tryAdvanceRound called	{"{current_round 20 3  <nil>}": {"Key":"self","Type":15,"Integer":0,"String":"e","Interface":null}}
2025-08-15T22:12:59.382-0500	DEBUG	protocol/handler.go:581	tryAdvanceRound called	{"{current_round 20 3  <nil>}": {"Key":"self","Type":15,"Integer":0,"String":"c","Interface":null}}
2025-08-15T22:12:59.382-0500	DEBUG	protocol/handler.go:1306	waiting for broadcast before normal message
2025-08-15T22:12:59.382-0500	DEBUG	protocol/handler.go:1306	waiting for broadcast before normal message
2025-08-15T22:12:59.382-0500	DEBUG	protocol/handler.go:1591	have processed broadcast	{"{round 20 3  <nil>}": {"Key":"from","Type":15,"Integer":0,"String":"b","Interface":null}}
2025-08-15T22:12:59.382-0500	DEBUG	protocol/handler.go:1600	waiting for broadcasts	{"{round 20 3  <nil>}": {"Key":"missing","Type":15,"Integer":0,"String":"[a d e]","Interface":null}}
2025-08-15T22:12:59.382-0500	DEBUG	protocol/handler.go:432	processMessage: p2p round 3 START	{"{from 15 0 b <nil>}": {"Key":"to","Type":15,"Integer":0,"String":"c","Interface":null}}
2025-08-15T22:12:59.383-0500	DEBUG	protocol/handler.go:437	processing message	{"{from 15 0 b <nil>}": {"Key":"to","Type":15,"Integer":0,"String":"c","Interface":null}, "{round 20 3  <nil>}": {"Key":"broadcast","Type":4,"Integer":0,"String":"","Interface":null}}
2025-08-15T22:12:59.383-0500	DEBUG	protocol/handler.go:1662	storing message	{"{round 20 3  <nil>}": {"Key":"from","Type":15,"Integer":0,"String":"b","Interface":null}}
2025-08-15T22:12:59.384-0500	DEBUG	protocol/handler.go:581	tryAdvanceRound called	{"{current_round 20 3  <nil>}": {"Key":"self","Type":15,"Integer":0,"String":"c","Interface":null}}
2025-08-15T22:12:59.384-0500	DEBUG	protocol/handler.go:1306	waiting for broadcast before normal message
2025-08-15T22:12:59.384-0500	DEBUG	protocol/handler.go:1591	have processed broadcast	{"{round 20 3  <nil>}": {"Key":"from","Type":15,"Integer":0,"String":"b","Interface":null}}
2025-08-15T22:12:59.384-0500	DEBUG	protocol/handler.go:1600	waiting for broadcasts	{"{round 20 3  <nil>}": {"Key":"missing","Type":15,"Integer":0,"String":"[a d e]","Interface":null}}
2025-08-15T22:12:59.384-0500	DEBUG	protocol/handler.go:437	processing message	{"{from 15 0 d <nil>}": {"Key":"to","Type":15,"Integer":0,"String":"","Interface":null}, "{round 20 3  <nil>}": {"Key":"broadcast","Type":4,"Integer":1,"String":"","Interface":null}}
2025-08-15T22:12:59.384-0500	DEBUG	protocol/handler.go:1657	storing broadcast	{"{round 20 3  <nil>}": {"Key":"from","Type":15,"Integer":0,"String":"d","Interface":null}}
2025-08-15T22:12:59.385-0500	DEBUG	protocol/handler.go:581	tryAdvanceRound called	{"{current_round 20 3  <nil>}": {"Key":"self","Type":15,"Integer":0,"String":"c","Interface":null}}
2025-08-15T22:12:59.386-0500	DEBUG	protocol/handler.go:1591	have processed broadcast	{"{round 20 3  <nil>}": {"Key":"from","Type":15,"Integer":0,"String":"c","Interface":null}}
2025-08-15T22:12:59.386-0500	DEBUG	protocol/handler.go:1591	have processed broadcast	{"{round 20 3  <nil>}": {"Key":"from","Type":15,"Integer":0,"String":"d","Interface":null}}
2025-08-15T22:12:59.386-0500	DEBUG	protocol/handler.go:1600	waiting for broadcasts	{"{round 20 3  <nil>}": {"Key":"missing","Type":15,"Integer":0,"String":"[a b]","Interface":null}}
2025-08-15T22:12:59.380-0500	DEBUG	protocol/handler.go:1600	waiting for broadcasts	{"{round 20 3  <nil>}": {"Key":"missing","Type":15,"Integer":0,"String":"[a d e]","Interface":null}}
2025-08-15T22:12:59.380-0500	DEBUG	protocol/handler.go:1657	storing broadcast	{"{round 20 3  <nil>}": {"Key":"from","Type":15,"Integer":0,"String":"b","Interface":null}}
2025-08-15T22:12:59.386-0500	DEBUG	protocol/handler.go:581	tryAdvanceRound called	{"{current_round 20 3  <nil>}": {"Key":"self","Type":15,"Integer":0,"String":"d","Interface":null}}
2025-08-15T22:12:59.386-0500	DEBUG	protocol/handler.go:1306	waiting for broadcast before normal message
2025-08-15T22:12:59.386-0500	DEBUG	protocol/handler.go:1306	waiting for broadcast before normal message
2025-08-15T22:12:59.386-0500	DEBUG	protocol/handler.go:437	processing message	{"{from 15 0 d <nil>}": {"Key":"to","Type":15,"Integer":0,"String":"","Interface":null}, "{round 20 3  <nil>}": {"Key":"broadcast","Type":4,"Integer":1,"String":"","Interface":null}}
2025-08-15T22:12:59.386-0500	DEBUG	protocol/handler.go:1657	storing broadcast	{"{round 20 3  <nil>}": {"Key":"from","Type":15,"Integer":0,"String":"d","Interface":null}}
2025-08-15T22:12:59.386-0500	DEBUG	protocol/handler.go:581	tryAdvanceRound called	{"{current_round 20 3  <nil>}": {"Key":"self","Type":15,"Integer":0,"String":"b","Interface":null}}
2025-08-15T22:12:59.387-0500	DEBUG	protocol/handler.go:1591	have processed broadcast	{"{round 20 3  <nil>}": {"Key":"from","Type":15,"Integer":0,"String":"c","Interface":null}}
2025-08-15T22:12:59.386-0500	DEBUG	protocol/handler.go:1306	waiting for broadcast before normal message
2025-08-15T22:12:59.387-0500	DEBUG	protocol/handler.go:1591	have processed broadcast	{"{round 20 3  <nil>}": {"Key":"from","Type":15,"Integer":0,"String":"d","Interface":null}}
2025-08-15T22:12:59.387-0500	DEBUG	protocol/handler.go:432	processMessage: p2p round 3 START	{"{from 15 0 d <nil>}": {"Key":"to","Type":15,"Integer":0,"String":"b","Interface":null}}
2025-08-15T22:12:59.387-0500	DEBUG	protocol/handler.go:1600	waiting for broadcasts	{"{round 20 3  <nil>}": {"Key":"missing","Type":15,"Integer":0,"String":"[a e]","Interface":null}}
2025-08-15T22:12:59.387-0500	DEBUG	protocol/handler.go:437	processing message	{"{from 15 0 d <nil>}": {"Key":"to","Type":15,"Integer":0,"String":"b","Interface":null}, "{round 20 3  <nil>}": {"Key":"broadcast","Type":4,"Integer":0,"String":"","Interface":null}}
2025-08-15T22:12:59.387-0500	DEBUG	protocol/handler.go:437	processing message	{"{from 15 0 b <nil>}": {"Key":"to","Type":15,"Integer":0,"String":"","Interface":null}, "{round 20 3  <nil>}": {"Key":"broadcast","Type":4,"Integer":1,"String":"","Interface":null}}
2025-08-15T22:12:59.387-0500	DEBUG	protocol/handler.go:1657	storing broadcast	{"{round 20 3  <nil>}": {"Key":"from","Type":15,"Integer":0,"String":"b","Interface":null}}
2025-08-15T22:12:59.387-0500	DEBUG	protocol/handler.go:1662	storing message	{"{round 20 3  <nil>}": {"Key":"from","Type":15,"Integer":0,"String":"d","Interface":null}}
2025-08-15T22:12:59.388-0500	DEBUG	protocol/handler.go:437	processing message	{"{from 15 0 a <nil>}": {"Key":"to","Type":15,"Integer":0,"String":"","Interface":null}, "{round 20 3  <nil>}": {"Key":"broadcast","Type":4,"Integer":1,"String":"","Interface":null}}
2025-08-15T22:12:59.388-0500	DEBUG	protocol/handler.go:1657	storing broadcast	{"{round 20 3  <nil>}": {"Key":"from","Type":15,"Integer":0,"String":"a","Interface":null}}
2025-08-15T22:12:59.388-0500	DEBUG	protocol/handler.go:581	tryAdvanceRound called	{"{current_round 20 3  <nil>}": {"Key":"self","Type":15,"Integer":0,"String":"c","Interface":null}}
2025-08-15T22:12:59.388-0500	DEBUG	protocol/handler.go:1591	have processed broadcast	{"{round 20 3  <nil>}": {"Key":"from","Type":15,"Integer":0,"String":"a","Interface":null}}
2025-08-15T22:12:59.388-0500	DEBUG	protocol/handler.go:1591	have processed broadcast	{"{round 20 2  <nil>}": {"Key":"from","Type":15,"Integer":0,"String":"a","Interface":null}}
2025-08-15T22:12:59.388-0500	DEBUG	protocol/handler.go:1591	have processed broadcast	{"{round 20 3  <nil>}": {"Key":"from","Type":15,"Integer":0,"String":"b","Interface":null}}
2025-08-15T22:12:59.388-0500	DEBUG	protocol/handler.go:1591	have processed broadcast	{"{round 20 2  <nil>}": {"Key":"from","Type":15,"Integer":0,"String":"b","Interface":null}}
2025-08-15T22:12:59.388-0500	DEBUG	protocol/handler.go:1591	have processed broadcast	{"{round 20 3  <nil>}": {"Key":"from","Type":15,"Integer":0,"String":"d","Interface":null}}
2025-08-15T22:12:59.389-0500	DEBUG	protocol/handler.go:1591	have processed broadcast	{"{round 20 2  <nil>}": {"Key":"from","Type":15,"Integer":0,"String":"c","Interface":null}}
2025-08-15T22:12:59.389-0500	DEBUG	protocol/handler.go:1600	waiting for broadcasts	{"{round 20 3  <nil>}": {"Key":"missing","Type":15,"Integer":0,"String":"[e]","Interface":null}}
2025-08-15T22:12:59.389-0500	DEBUG	protocol/handler.go:1591	have processed broadcast	{"{round 20 2  <nil>}": {"Key":"from","Type":15,"Integer":0,"String":"d","Interface":null}}
2025-08-15T22:12:59.389-0500	DEBUG	protocol/handler.go:1649	have all messages and processed	{"{round 20 2  <nil>}": {"Key":"self","Type":15,"Integer":0,"String":"e","Interface":null}}
2025-08-15T22:12:59.389-0500	DEBUG	protocol/handler.go:596	round already finalized
2025-08-15T22:12:59.389-0500	DEBUG	protocol/handler.go:432	processMessage: p2p round 3 START	{"{from 15 0 a <nil>}": {"Key":"to","Type":15,"Integer":0,"String":"b","Interface":null}}
2025-08-15T22:12:59.389-0500	DEBUG	protocol/handler.go:600	current round already advanced	{"{checking 20 2  <nil>}": {"Key":"current","Type":20,"Integer":3,"String":"","Interface":null}}
2025-08-15T22:12:59.389-0500	DEBUG	protocol/handler.go:437	processing message	{"{from 15 0 a <nil>}": {"Key":"to","Type":15,"Integer":0,"String":"","Interface":null}, "{round 20 3  <nil>}": {"Key":"broadcast","Type":4,"Integer":1,"String":"","Interface":null}}
2025-08-15T22:12:59.389-0500	DEBUG	protocol/handler.go:437	processing message	{"{from 15 0 a <nil>}": {"Key":"to","Type":15,"Integer":0,"String":"b","Interface":null}, "{round 20 3  <nil>}": {"Key":"broadcast","Type":4,"Integer":0,"String":"","Interface":null}}
2025-08-15T22:12:59.389-0500	DEBUG	protocol/handler.go:1657	storing broadcast	{"{round 20 3  <nil>}": {"Key":"from","Type":15,"Integer":0,"String":"a","Interface":null}}
2025-08-15T22:12:59.389-0500	DEBUG	protocol/handler.go:1662	storing message	{"{round 20 3  <nil>}": {"Key":"from","Type":15,"Integer":0,"String":"a","Interface":null}}
2025-08-15T22:12:59.389-0500	DEBUG	protocol/handler.go:581	tryAdvanceRound called	{"{current_round 20 3  <nil>}": {"Key":"self","Type":15,"Integer":0,"String":"b","Interface":null}}
2025-08-15T22:12:59.389-0500	DEBUG	protocol/handler.go:581	tryAdvanceRound called	{"{current_round 20 3  <nil>}": {"Key":"self","Type":15,"Integer":0,"String":"d","Interface":null}}
2025-08-15T22:12:59.388-0500	DEBUG	protocol/handler.go:437	processing message	{"{from 15 0 e <nil>}": {"Key":"to","Type":15,"Integer":0,"String":"","Interface":null}, "{round 20 3  <nil>}": {"Key":"broadcast","Type":4,"Integer":1,"String":"","Interface":null}}
2025-08-15T22:12:59.389-0500	DEBUG	protocol/handler.go:432	processMessage: p2p round 3 START	{"{from 15 0 e <nil>}": {"Key":"to","Type":15,"Integer":0,"String":"a","Interface":null}}
2025-08-15T22:12:59.389-0500	DEBUG	protocol/handler.go:437	processing message	{"{from 15 0 e <nil>}": {"Key":"to","Type":15,"Integer":0,"String":"a","Interface":null}, "{round 20 3  <nil>}": {"Key":"broadcast","Type":4,"Integer":0,"String":"","Interface":null}}
2025-08-15T22:12:59.390-0500	DEBUG	protocol/handler.go:1662	storing message	{"{round 20 3  <nil>}": {"Key":"from","Type":15,"Integer":0,"String":"e","Interface":null}}
2025-08-15T22:12:59.390-0500	DEBUG	protocol/handler.go:581	tryAdvanceRound called	{"{current_round 20 3  <nil>}": {"Key":"self","Type":15,"Integer":0,"String":"a","Interface":null}}
2025-08-15T22:12:59.390-0500	DEBUG	protocol/handler.go:432	processMessage: p2p round 3 START	{"{from 15 0 e <nil>}": {"Key":"to","Type":15,"Integer":0,"String":"c","Interface":null}}
2025-08-15T22:12:59.390-0500	DEBUG	protocol/handler.go:1306	waiting for broadcast before normal message
2025-08-15T22:12:59.390-0500	DEBUG	protocol/handler.go:1591	have processed broadcast	{"{round 20 3  <nil>}": {"Key":"from","Type":15,"Integer":0,"String":"b","Interface":null}}
2025-08-15T22:12:59.390-0500	DEBUG	protocol/handler.go:437	processing message	{"{from 15 0 e <nil>}": {"Key":"to","Type":15,"Integer":0,"String":"c","Interface":null}, "{round 20 3  <nil>}": {"Key":"broadcast","Type":4,"Integer":0,"String":"","Interface":null}}
2025-08-15T22:12:59.390-0500	DEBUG	protocol/handler.go:1591	have processed broadcast	{"{round 20 3  <nil>}": {"Key":"from","Type":15,"Integer":0,"String":"c","Interface":null}}
2025-08-15T22:12:59.390-0500	DEBUG	protocol/handler.go:1662	storing message	{"{round 20 3  <nil>}": {"Key":"from","Type":15,"Integer":0,"String":"e","Interface":null}}
2025-08-15T22:12:59.390-0500	DEBUG	protocol/handler.go:1591	have processed broadcast	{"{round 20 3  <nil>}": {"Key":"from","Type":15,"Integer":0,"String":"d","Interface":null}}
2025-08-15T22:12:59.390-0500	DEBUG	protocol/handler.go:581	tryAdvanceRound called	{"{current_round 20 3  <nil>}": {"Key":"self","Type":15,"Integer":0,"String":"c","Interface":null}}
2025-08-15T22:12:59.390-0500	DEBUG	protocol/handler.go:1600	waiting for broadcasts	{"{round 20 3  <nil>}": {"Key":"missing","Type":15,"Integer":0,"String":"[e]","Interface":null}}
2025-08-15T22:12:59.390-0500	DEBUG	protocol/handler.go:1306	waiting for broadcast before normal message
2025-08-15T22:12:59.390-0500	DEBUG	protocol/handler.go:1591	have processed broadcast	{"{round 20 3  <nil>}": {"Key":"from","Type":15,"Integer":0,"String":"a","Interface":null}}
2025-08-15T22:12:59.390-0500	DEBUG	protocol/handler.go:437	processing message	{"{from 15 0 e <nil>}": {"Key":"to","Type":15,"Integer":0,"String":"","Interface":null}, "{round 20 3  <nil>}": {"Key":"broadcast","Type":4,"Integer":1,"String":"","Interface":null}}
2025-08-15T22:12:59.386-0500	DEBUG	protocol/handler.go:1591	have processed broadcast	{"{round 20 3  <nil>}": {"Key":"from","Type":15,"Integer":0,"String":"b","Interface":null}}
2025-08-15T22:12:59.390-0500	DEBUG	protocol/handler.go:1591	have processed broadcast	{"{round 20 3  <nil>}": {"Key":"from","Type":15,"Integer":0,"String":"b","Interface":null}}
2025-08-15T22:12:59.390-0500	DEBUG	protocol/handler.go:1657	storing broadcast	{"{round 20 3  <nil>}": {"Key":"from","Type":15,"Integer":0,"String":"e","Interface":null}}
2025-08-15T22:12:59.390-0500	DEBUG	protocol/handler.go:1591	have processed broadcast	{"{round 20 3  <nil>}": {"Key":"from","Type":15,"Integer":0,"String":"d","Interface":null}}
2025-08-15T22:12:59.390-0500	DEBUG	protocol/handler.go:1591	have processed broadcast	{"{round 20 3  <nil>}": {"Key":"from","Type":15,"Integer":0,"String":"d","Interface":null}}
2025-08-15T22:12:59.390-0500	DEBUG	protocol/handler.go:1600	waiting for broadcasts	{"{round 20 3  <nil>}": {"Key":"missing","Type":15,"Integer":0,"String":"[a e]","Interface":null}}
2025-08-15T22:12:59.389-0500	DEBUG	protocol/handler.go:1657	storing broadcast	{"{round 20 3  <nil>}": {"Key":"from","Type":15,"Integer":0,"String":"e","Interface":null}}
2025-08-15T22:12:59.390-0500	DEBUG	protocol/handler.go:1600	waiting for broadcasts	{"{round 20 3  <nil>}": {"Key":"missing","Type":15,"Integer":0,"String":"[e]","Interface":null}}
2025-08-15T22:12:59.390-0500	DEBUG	protocol/handler.go:581	tryAdvanceRound called	{"{current_round 20 3  <nil>}": {"Key":"self","Type":15,"Integer":0,"String":"b","Interface":null}}
2025-08-15T22:12:59.390-0500	DEBUG	protocol/handler.go:437	processing message	{"{from 15 0 e <nil>}": {"Key":"to","Type":15,"Integer":0,"String":"","Interface":null}, "{round 20 3  <nil>}": {"Key":"broadcast","Type":4,"Integer":1,"String":"","Interface":null}}
2025-08-15T22:12:59.390-0500	DEBUG	protocol/handler.go:581	tryAdvanceRound called	{"{current_round 20 3  <nil>}": {"Key":"self","Type":15,"Integer":0,"String":"a","Interface":null}}
2025-08-15T22:12:59.390-0500	DEBUG	protocol/handler.go:1657	storing broadcast	{"{round 20 3  <nil>}": {"Key":"from","Type":15,"Integer":0,"String":"e","Interface":null}}
2025-08-15T22:12:59.390-0500	DEBUG	protocol/handler.go:432	processMessage: p2p round 3 START	{"{from 15 0 e <nil>}": {"Key":"to","Type":15,"Integer":0,"String":"d","Interface":null}}
2025-08-15T22:12:59.390-0500	DEBUG	protocol/handler.go:437	processing message	{"{from 15 0 e <nil>}": {"Key":"to","Type":15,"Integer":0,"String":"d","Interface":null}, "{round 20 3  <nil>}": {"Key":"broadcast","Type":4,"Integer":0,"String":"","Interface":null}}
2025-08-15T22:12:59.390-0500	DEBUG	protocol/handler.go:1662	storing message	{"{round 20 3  <nil>}": {"Key":"from","Type":15,"Integer":0,"String":"e","Interface":null}}
2025-08-15T22:12:59.390-0500	DEBUG	protocol/handler.go:581	tryAdvanceRound called	{"{current_round 20 3  <nil>}": {"Key":"self","Type":15,"Integer":0,"String":"d","Interface":null}}
2025-08-15T22:12:59.391-0500	DEBUG	protocol/handler.go:1591	have processed broadcast	{"{round 20 3  <nil>}": {"Key":"from","Type":15,"Integer":0,"String":"a","Interface":null}}
2025-08-15T22:12:59.391-0500	DEBUG	protocol/handler.go:1591	have processed broadcast	{"{round 20 3  <nil>}": {"Key":"from","Type":15,"Integer":0,"String":"b","Interface":null}}
2025-08-15T22:12:59.391-0500	DEBUG	protocol/handler.go:1591	have processed broadcast	{"{round 20 3  <nil>}": {"Key":"from","Type":15,"Integer":0,"String":"c","Interface":null}}
2025-08-15T22:12:59.391-0500	DEBUG	protocol/handler.go:1591	have processed broadcast	{"{round 20 3  <nil>}": {"Key":"from","Type":15,"Integer":0,"String":"e","Interface":null}}
2025-08-15T22:12:59.391-0500	DEBUG	protocol/handler.go:1635	waiting for messages	{"{round 20 3  <nil>}": {"Key":"missing","Type":15,"Integer":0,"String":"[a]","Interface":null}}
2025-08-15T22:12:59.387-0500	DEBUG	protocol/handler.go:1591	have processed broadcast	{"{round 20 3  <nil>}": {"Key":"from","Type":15,"Integer":0,"String":"b","Interface":null}}
2025-08-15T22:12:59.391-0500	DEBUG	protocol/handler.go:1591	have processed broadcast	{"{round 20 3  <nil>}": {"Key":"from","Type":15,"Integer":0,"String":"c","Interface":null}}
2025-08-15T22:12:59.391-0500	DEBUG	protocol/handler.go:1600	waiting for broadcasts	{"{round 20 3  <nil>}": {"Key":"missing","Type":15,"Integer":0,"String":"[a e]","Interface":null}}
2025-08-15T22:12:59.390-0500	DEBUG	protocol/handler.go:581	tryAdvanceRound called	{"{current_round 20 3  <nil>}": {"Key":"self","Type":15,"Integer":0,"String":"b","Interface":null}}
2025-08-15T22:12:59.391-0500	DEBUG	protocol/handler.go:1306	waiting for broadcast before normal message
2025-08-15T22:12:59.391-0500	DEBUG	protocol/handler.go:1591	have processed broadcast	{"{round 20 3  <nil>}": {"Key":"from","Type":15,"Integer":0,"String":"c","Interface":null}}
2025-08-15T22:12:59.391-0500	DEBUG	protocol/handler.go:1591	have processed broadcast	{"{round 20 3  <nil>}": {"Key":"from","Type":15,"Integer":0,"String":"d","Interface":null}}
2025-08-15T22:12:59.391-0500	DEBUG	protocol/handler.go:1591	have processed broadcast	{"{round 20 3  <nil>}": {"Key":"from","Type":15,"Integer":0,"String":"e","Interface":null}}
2025-08-15T22:12:59.391-0500	DEBUG	protocol/handler.go:1600	waiting for broadcasts	{"{round 20 3  <nil>}": {"Key":"missing","Type":15,"Integer":0,"String":"[a]","Interface":null}}
2025-08-15T22:12:59.390-0500	DEBUG	protocol/handler.go:1306	waiting for broadcast before normal message
2025-08-15T22:12:59.391-0500	DEBUG	protocol/handler.go:1591	have processed broadcast	{"{round 20 3  <nil>}": {"Key":"from","Type":15,"Integer":0,"String":"c","Interface":null}}
2025-08-15T22:12:59.391-0500	DEBUG	protocol/handler.go:1591	have processed broadcast	{"{round 20 3  <nil>}": {"Key":"from","Type":15,"Integer":0,"String":"d","Interface":null}}
2025-08-15T22:12:59.391-0500	DEBUG	protocol/handler.go:1591	have processed broadcast	{"{round 20 3  <nil>}": {"Key":"from","Type":15,"Integer":0,"String":"e","Interface":null}}
2025-08-15T22:12:59.391-0500	DEBUG	protocol/handler.go:1600	waiting for broadcasts	{"{round 20 3  <nil>}": {"Key":"missing","Type":15,"Integer":0,"String":"[a]","Interface":null}}
2025-08-15T22:12:59.387-0500	DEBUG	protocol/handler.go:432	processMessage: p2p round 3 START	{"{from 15 0 e <nil>}": {"Key":"to","Type":15,"Integer":0,"String":"b","Interface":null}}
2025-08-15T22:12:59.391-0500	DEBUG	protocol/handler.go:437	processing message	{"{from 15 0 e <nil>}": {"Key":"to","Type":15,"Integer":0,"String":"b","Interface":null}, "{round 20 3  <nil>}": {"Key":"broadcast","Type":4,"Integer":0,"String":"","Interface":null}}
2025-08-15T22:12:59.391-0500	DEBUG	protocol/handler.go:1662	storing message	{"{round 20 3  <nil>}": {"Key":"from","Type":15,"Integer":0,"String":"e","Interface":null}}
2025-08-15T22:12:59.392-0500	DEBUG	protocol/handler.go:581	tryAdvanceRound called	{"{current_round 20 3  <nil>}": {"Key":"self","Type":15,"Integer":0,"String":"d","Interface":null}}
2025-08-15T22:12:59.392-0500	DEBUG	protocol/handler.go:1591	have processed broadcast	{"{round 20 3  <nil>}": {"Key":"from","Type":15,"Integer":0,"String":"a","Interface":null}}
2025-08-15T22:12:59.392-0500	DEBUG	protocol/handler.go:1591	have processed broadcast	{"{round 20 3  <nil>}": {"Key":"from","Type":15,"Integer":0,"String":"b","Interface":null}}
2025-08-15T22:12:59.392-0500	DEBUG	protocol/handler.go:1591	have processed broadcast	{"{round 20 3  <nil>}": {"Key":"from","Type":15,"Integer":0,"String":"b","Interface":null}}
2025-08-15T22:12:59.392-0500	DEBUG	protocol/handler.go:1591	have processed broadcast	{"{round 20 3  <nil>}": {"Key":"from","Type":15,"Integer":0,"String":"c","Interface":null}}
2025-08-15T22:12:59.392-0500	DEBUG	protocol/handler.go:1591	have processed broadcast	{"{round 20 3  <nil>}": {"Key":"from","Type":15,"Integer":0,"String":"c","Interface":null}}
2025-08-15T22:12:59.392-0500	DEBUG	protocol/handler.go:1591	have processed broadcast	{"{round 20 3  <nil>}": {"Key":"from","Type":15,"Integer":0,"String":"d","Interface":null}}
2025-08-15T22:12:59.392-0500	DEBUG	protocol/handler.go:1591	have processed broadcast	{"{round 20 3  <nil>}": {"Key":"from","Type":15,"Integer":0,"String":"e","Interface":null}}
2025-08-15T22:12:59.392-0500	DEBUG	protocol/handler.go:1591	have processed broadcast	{"{round 20 3  <nil>}": {"Key":"from","Type":15,"Integer":0,"String":"e","Interface":null}}
2025-08-15T22:12:59.392-0500	DEBUG	protocol/handler.go:1635	waiting for messages	{"{round 20 3  <nil>}": {"Key":"missing","Type":15,"Integer":0,"String":"[a]","Interface":null}}
2025-08-15T22:12:59.392-0500	DEBUG	protocol/handler.go:1649	have all messages and processed	{"{round 20 3  <nil>}": {"Key":"self","Type":15,"Integer":0,"String":"a","Interface":null}}
2025-08-15T22:12:59.392-0500	DEBUG	protocol/handler.go:437	processing message	{"{from 15 0 a <nil>}": {"Key":"to","Type":15,"Integer":0,"String":"","Interface":null}, "{round 20 3  <nil>}": {"Key":"broadcast","Type":4,"Integer":1,"String":"","Interface":null}}
2025-08-15T22:12:59.392-0500	DEBUG	protocol/handler.go:1591	have processed broadcast	{"{round 20 3  <nil>}": {"Key":"from","Type":15,"Integer":0,"String":"a","Interface":null}}
2025-08-15T22:12:59.392-0500	DEBUG	protocol/handler.go:1657	storing broadcast	{"{round 20 3  <nil>}": {"Key":"from","Type":15,"Integer":0,"String":"a","Interface":null}}
2025-08-15T22:12:59.392-0500	DEBUG	protocol/handler.go:432	processMessage: p2p round 3 START	{"{from 15 0 a <nil>}": {"Key":"to","Type":15,"Integer":0,"String":"e","Interface":null}}
2025-08-15T22:12:59.392-0500	DEBUG	protocol/handler.go:1591	have processed broadcast	{"{round 20 3  <nil>}": {"Key":"from","Type":15,"Integer":0,"String":"b","Interface":null}}
2025-08-15T22:12:59.392-0500	DEBUG	protocol/handler.go:437	processing message	{"{from 15 0 a <nil>}": {"Key":"to","Type":15,"Integer":0,"String":"e","Interface":null}, "{round 20 3  <nil>}": {"Key":"broadcast","Type":4,"Integer":0,"String":"","Interface":null}}
2025-08-15T22:12:59.392-0500	DEBUG	protocol/handler.go:1591	have processed broadcast	{"{round 20 3  <nil>}": {"Key":"from","Type":15,"Integer":0,"String":"c","Interface":null}}
2025-08-15T22:12:59.392-0500	DEBUG	protocol/handler.go:581	tryAdvanceRound called	{"{current_round 20 3  <nil>}": {"Key":"self","Type":15,"Integer":0,"String":"e","Interface":null}}
2025-08-15T22:12:59.392-0500	DEBUG	protocol/handler.go:1662	storing message	{"{round 20 3  <nil>}": {"Key":"from","Type":15,"Integer":0,"String":"a","Interface":null}}
2025-08-15T22:12:59.392-0500	DEBUG	protocol/handler.go:1591	have processed broadcast	{"{round 20 3  <nil>}": {"Key":"from","Type":15,"Integer":0,"String":"e","Interface":null}}
2025-08-15T22:12:59.392-0500	DEBUG	protocol/handler.go:1635	waiting for messages	{"{round 20 3  <nil>}": {"Key":"missing","Type":15,"Integer":0,"String":"[a]","Interface":null}}
2025-08-15T22:12:59.389-0500	DEBUG	protocol/handler.go:1591	have processed broadcast	{"{round 20 3  <nil>}": {"Key":"from","Type":15,"Integer":0,"String":"a","Interface":null}}
2025-08-15T22:12:59.393-0500	DEBUG	protocol/handler.go:1591	have processed broadcast	{"{round 20 3  <nil>}": {"Key":"from","Type":15,"Integer":0,"String":"b","Interface":null}}
2025-08-15T22:12:59.393-0500	DEBUG	protocol/handler.go:1591	have processed broadcast	{"{round 20 3  <nil>}": {"Key":"from","Type":15,"Integer":0,"String":"c","Interface":null}}
2025-08-15T22:12:59.393-0500	DEBUG	protocol/handler.go:1600	waiting for broadcasts	{"{round 20 3  <nil>}": {"Key":"missing","Type":15,"Integer":0,"String":"[e]","Interface":null}}
2025-08-15T22:12:59.386-0500	DEBUG	protocol/handler.go:581	tryAdvanceRound called	{"{current_round 20 3  <nil>}": {"Key":"self","Type":15,"Integer":0,"String":"a","Interface":null}}
2025-08-15T22:12:59.393-0500	DEBUG	protocol/handler.go:1591	have processed broadcast	{"{round 20 3  <nil>}": {"Key":"from","Type":15,"Integer":0,"String":"b","Interface":null}}
2025-08-15T22:12:59.393-0500	DEBUG	protocol/handler.go:1591	have processed broadcast	{"{round 20 3  <nil>}": {"Key":"from","Type":15,"Integer":0,"String":"c","Interface":null}}
2025-08-15T22:12:59.393-0500	DEBUG	protocol/handler.go:1591	have processed broadcast	{"{round 20 3  <nil>}": {"Key":"from","Type":15,"Integer":0,"String":"d","Interface":null}}
2025-08-15T22:12:59.393-0500	DEBUG	protocol/handler.go:1591	have processed broadcast	{"{round 20 3  <nil>}": {"Key":"from","Type":15,"Integer":0,"String":"e","Interface":null}}
2025-08-15T22:12:59.393-0500	DEBUG	protocol/handler.go:1649	have all messages and processed	{"{round 20 3  <nil>}": {"Key":"self","Type":15,"Integer":0,"String":"a","Interface":null}}
2025-08-15T22:12:59.393-0500	DEBUG	protocol/handler.go:596	round already finalized
2025-08-15T22:12:59.393-0500	DEBUG	protocol/handler.go:581	tryAdvanceRound called	{"{current_round 20 3  <nil>}": {"Key":"self","Type":15,"Integer":0,"String":"b","Interface":null}}
2025-08-15T22:12:59.393-0500	DEBUG	protocol/handler.go:581	tryAdvanceRound called	{"{current_round 20 3  <nil>}": {"Key":"self","Type":15,"Integer":0,"String":"a","Interface":null}}
2025-08-15T22:12:59.393-0500	DEBUG	protocol/handler.go:1306	waiting for broadcast before normal message
2025-08-15T22:12:59.393-0500	DEBUG	protocol/handler.go:1591	have processed broadcast	{"{round 20 3  <nil>}": {"Key":"from","Type":15,"Integer":0,"String":"b","Interface":null}}
2025-08-15T22:12:59.393-0500	DEBUG	protocol/handler.go:1591	have processed broadcast	{"{round 20 3  <nil>}": {"Key":"from","Type":15,"Integer":0,"String":"c","Interface":null}}
2025-08-15T22:12:59.393-0500	DEBUG	protocol/handler.go:1591	have processed broadcast	{"{round 20 3  <nil>}": {"Key":"from","Type":15,"Integer":0,"String":"c","Interface":null}}
2025-08-15T22:12:59.393-0500	DEBUG	protocol/handler.go:1591	have processed broadcast	{"{round 20 3  <nil>}": {"Key":"from","Type":15,"Integer":0,"String":"d","Interface":null}}
2025-08-15T22:12:59.393-0500	DEBUG	protocol/handler.go:1591	have processed broadcast	{"{round 20 3  <nil>}": {"Key":"from","Type":15,"Integer":0,"String":"d","Interface":null}}
2025-08-15T22:12:59.393-0500	DEBUG	protocol/handler.go:1591	have processed broadcast	{"{round 20 3  <nil>}": {"Key":"from","Type":15,"Integer":0,"String":"e","Interface":null}}
2025-08-15T22:12:59.393-0500	DEBUG	protocol/handler.go:1591	have processed broadcast	{"{round 20 3  <nil>}": {"Key":"from","Type":15,"Integer":0,"String":"e","Interface":null}}
2025-08-15T22:12:59.393-0500	DEBUG	protocol/handler.go:1600	waiting for broadcasts	{"{round 20 3  <nil>}": {"Key":"missing","Type":15,"Integer":0,"String":"[a]","Interface":null}}
2025-08-15T22:12:59.387-0500	DEBUG	protocol/handler.go:581	tryAdvanceRound called	{"{current_round 20 3  <nil>}": {"Key":"self","Type":15,"Integer":0,"String":"e","Interface":null}}
2025-08-15T22:12:59.393-0500	DEBUG	protocol/handler.go:1649	have all messages and processed	{"{round 20 3  <nil>}": {"Key":"self","Type":15,"Integer":0,"String":"a","Interface":null}}
2025-08-15T22:12:59.393-0500	DEBUG	protocol/handler.go:596	round already finalized
2025-08-15T22:12:59.388-0500	DEBUG	protocol/handler.go:437	processing message	{"{from 15 0 a <nil>}": {"Key":"to","Type":15,"Integer":0,"String":"","Interface":null}, "{round 20 3  <nil>}": {"Key":"broadcast","Type":4,"Integer":1,"String":"","Interface":null}}
2025-08-15T22:12:59.393-0500	DEBUG	protocol/handler.go:1657	storing broadcast	{"{round 20 3  <nil>}": {"Key":"from","Type":15,"Integer":0,"String":"a","Interface":null}}
2025-08-15T22:12:59.393-0500	DEBUG	protocol/handler.go:581	tryAdvanceRound called	{"{current_round 20 3  <nil>}": {"Key":"self","Type":15,"Integer":0,"String":"b","Interface":null}}
2025-08-15T22:12:59.394-0500	DEBUG	protocol/handler.go:581	tryAdvanceRound called	{"{current_round 20 3  <nil>}": {"Key":"self","Type":15,"Integer":0,"String":"e","Interface":null}}
2025-08-15T22:12:59.394-0500	DEBUG	protocol/handler.go:1591	have processed broadcast	{"{round 20 3  <nil>}": {"Key":"from","Type":15,"Integer":0,"String":"a","Interface":null}}
2025-08-15T22:12:59.394-0500	DEBUG	protocol/handler.go:1591	have processed broadcast	{"{round 20 3  <nil>}": {"Key":"from","Type":15,"Integer":0,"String":"b","Interface":null}}
2025-08-15T22:12:59.394-0500	DEBUG	protocol/handler.go:1591	have processed broadcast	{"{round 20 3  <nil>}": {"Key":"from","Type":15,"Integer":0,"String":"c","Interface":null}}
2025-08-15T22:12:59.394-0500	DEBUG	protocol/handler.go:1591	have processed broadcast	{"{round 20 3  <nil>}": {"Key":"from","Type":15,"Integer":0,"String":"d","Interface":null}}
2025-08-15T22:12:59.394-0500	DEBUG	protocol/handler.go:1649	have all messages and processed	{"{round 20 3  <nil>}": {"Key":"self","Type":15,"Integer":0,"String":"e","Interface":null}}
2025-08-15T22:12:59.394-0500	DEBUG	protocol/handler.go:619	finalizing round
2025-08-15T22:12:59.395-0500	DEBUG	protocol/handler.go:1591	have processed broadcast	{"{round 20 3  <nil>}": {"Key":"from","Type":15,"Integer":0,"String":"a","Interface":null}}
2025-08-15T22:12:59.395-0500	DEBUG	protocol/handler.go:1591	have processed broadcast	{"{round 20 3  <nil>}": {"Key":"from","Type":15,"Integer":0,"String":"b","Interface":null}}
2025-08-15T22:12:59.395-0500	DEBUG	protocol/handler.go:1591	have processed broadcast	{"{round 20 3  <nil>}": {"Key":"from","Type":15,"Integer":0,"String":"c","Interface":null}}
2025-08-15T22:12:59.395-0500	DEBUG	protocol/handler.go:1591	have processed broadcast	{"{round 20 3  <nil>}": {"Key":"from","Type":15,"Integer":0,"String":"d","Interface":null}}
2025-08-15T22:12:59.395-0500	DEBUG	protocol/handler.go:1649	have all messages and processed	{"{round 20 3  <nil>}": {"Key":"self","Type":15,"Integer":0,"String":"e","Interface":null}}
2025-08-15T22:12:59.395-0500	DEBUG	protocol/handler.go:596	round already finalized
2025-08-15T22:12:59.389-0500	INFO	protocol/handler.go:560	advanced to round
2025-08-15T22:12:59.395-0500	DEBUG	protocol/handler.go:581	tryAdvanceRound called	{"{current_round 20 3  <nil>}": {"Key":"self","Type":15,"Integer":0,"String":"e","Interface":null}}
2025-08-15T22:12:59.395-0500	DEBUG	protocol/handler.go:1591	have processed broadcast	{"{round 20 3  <nil>}": {"Key":"from","Type":15,"Integer":0,"String":"a","Interface":null}}
2025-08-15T22:12:59.395-0500	DEBUG	protocol/handler.go:1591	have processed broadcast	{"{round 20 3  <nil>}": {"Key":"from","Type":15,"Integer":0,"String":"c","Interface":null}}
2025-08-15T22:12:59.395-0500	DEBUG	protocol/handler.go:1591	have processed broadcast	{"{round 20 3  <nil>}": {"Key":"from","Type":15,"Integer":0,"String":"d","Interface":null}}
2025-08-15T22:12:59.395-0500	DEBUG	protocol/handler.go:1591	have processed broadcast	{"{round 20 3  <nil>}": {"Key":"from","Type":15,"Integer":0,"String":"e","Interface":null}}
2025-08-15T22:12:59.395-0500	DEBUG	protocol/handler.go:1649	have all messages and processed	{"{round 20 3  <nil>}": {"Key":"self","Type":15,"Integer":0,"String":"b","Interface":null}}
2025-08-15T22:12:59.395-0500	DEBUG	protocol/handler.go:619	finalizing round
2025-08-15T22:12:59.392-0500	DEBUG	protocol/handler.go:619	finalizing round
2025-08-15T22:12:59.397-0500	DEBUG	protocol/handler.go:1591	have processed broadcast	{"{round 20 3  <nil>}": {"Key":"from","Type":15,"Integer":0,"String":"a","Interface":null}}
2025-08-15T22:12:59.397-0500	DEBUG	protocol/handler.go:1591	have processed broadcast	{"{round 20 3  <nil>}": {"Key":"from","Type":15,"Integer":0,"String":"b","Interface":null}}
2025-08-15T22:12:59.398-0500	DEBUG	protocol/handler.go:1591	have processed broadcast	{"{round 20 3  <nil>}": {"Key":"from","Type":15,"Integer":0,"String":"c","Interface":null}}
2025-08-15T22:12:59.398-0500	DEBUG	protocol/handler.go:1591	have processed broadcast	{"{round 20 3  <nil>}": {"Key":"from","Type":15,"Integer":0,"String":"d","Interface":null}}
2025-08-15T22:12:59.398-0500	DEBUG	protocol/handler.go:1649	have all messages and processed	{"{round 20 3  <nil>}": {"Key":"self","Type":15,"Integer":0,"String":"e","Interface":null}}
2025-08-15T22:12:59.398-0500	DEBUG	protocol/handler.go:596	round already finalized
2025-08-15T22:12:59.398-0500	DEBUG	protocol/handler.go:1182	finalized round messages	{"{round 20 3  <nil>}": {"Key":"messages","Type":11,"Integer":0,"String":"","Interface":null}}
2025-08-15T22:12:59.398-0500	INFO	protocol/handler.go:1211	protocol completed	{"{self 15 0 e <nil>}": {"Key":"final_round","Type":20,"Integer":3,"String":"","Interface":null}}
2025-08-15T22:12:59.398-0500	DEBUG	protocol/handler.go:624	finalizeRound returned nil
2025-08-15T22:12:59.389-0500	DEBUG	protocol/handler.go:432	processMessage: p2p round 3 START	{"{from 15 0 a <nil>}": {"Key":"to","Type":15,"Integer":0,"String":"d","Interface":null}}
2025-08-15T22:12:59.398-0500	DEBUG	protocol/handler.go:437	processing message	{"{from 15 0 a <nil>}": {"Key":"to","Type":15,"Integer":0,"String":"d","Interface":null}, "{round 20 3  <nil>}": {"Key":"broadcast","Type":4,"Integer":0,"String":"","Interface":null}}
2025-08-15T22:12:59.398-0500	DEBUG	protocol/handler.go:1662	storing message	{"{round 20 3  <nil>}": {"Key":"from","Type":15,"Integer":0,"String":"a","Interface":null}}
2025-08-15T22:12:59.395-0500	DEBUG	protocol/handler.go:1591	have processed broadcast	{"{round 20 3  <nil>}": {"Key":"from","Type":15,"Integer":0,"String":"a","Interface":null}}
2025-08-15T22:12:59.399-0500	DEBUG	protocol/handler.go:1591	have processed broadcast	{"{round 20 3  <nil>}": {"Key":"from","Type":15,"Integer":0,"String":"b","Interface":null}}
2025-08-15T22:12:59.399-0500	DEBUG	protocol/handler.go:1591	have processed broadcast	{"{round 20 3  <nil>}": {"Key":"from","Type":15,"Integer":0,"String":"c","Interface":null}}
2025-08-15T22:12:59.399-0500	DEBUG	protocol/handler.go:1591	have processed broadcast	{"{round 20 3  <nil>}": {"Key":"from","Type":15,"Integer":0,"String":"d","Interface":null}}
2025-08-15T22:12:59.399-0500	DEBUG	protocol/handler.go:1649	have all messages and processed	{"{round 20 3  <nil>}": {"Key":"self","Type":15,"Integer":0,"String":"e","Interface":null}}
2025-08-15T22:12:59.399-0500	DEBUG	protocol/handler.go:596	round already finalized
2025-08-15T22:12:59.389-0500	DEBUG	protocol/handler.go:432	processMessage: p2p round 3 START	{"{from 15 0 a <nil>}": {"Key":"to","Type":15,"Integer":0,"String":"c","Interface":null}}
2025-08-15T22:12:59.399-0500	DEBUG	protocol/handler.go:437	processing message	{"{from 15 0 a <nil>}": {"Key":"to","Type":15,"Integer":0,"String":"c","Interface":null}, "{round 20 3  <nil>}": {"Key":"broadcast","Type":4,"Integer":0,"String":"","Interface":null}}
2025-08-15T22:12:59.400-0500	DEBUG	protocol/handler.go:1662	storing message	{"{round 20 3  <nil>}": {"Key":"from","Type":15,"Integer":0,"String":"a","Interface":null}}
2025-08-15T22:12:59.400-0500	DEBUG	protocol/handler.go:581	tryAdvanceRound called	{"{current_round 20 3  <nil>}": {"Key":"self","Type":15,"Integer":0,"String":"d","Interface":null}}
2025-08-15T22:12:59.400-0500	DEBUG	protocol/handler.go:1591	have processed broadcast	{"{round 20 3  <nil>}": {"Key":"from","Type":15,"Integer":0,"String":"a","Interface":null}}
2025-08-15T22:12:59.400-0500	DEBUG	protocol/handler.go:1591	have processed broadcast	{"{round 20 3  <nil>}": {"Key":"from","Type":15,"Integer":0,"String":"b","Interface":null}}
2025-08-15T22:12:59.400-0500	DEBUG	protocol/handler.go:1591	have processed broadcast	{"{round 20 3  <nil>}": {"Key":"from","Type":15,"Integer":0,"String":"c","Interface":null}}
2025-08-15T22:12:59.400-0500	DEBUG	protocol/handler.go:1591	have processed broadcast	{"{round 20 3  <nil>}": {"Key":"from","Type":15,"Integer":0,"String":"e","Interface":null}}
2025-08-15T22:12:59.400-0500	DEBUG	protocol/handler.go:1649	have all messages and processed	{"{round 20 3  <nil>}": {"Key":"self","Type":15,"Integer":0,"String":"d","Interface":null}}
2025-08-15T22:12:59.400-0500	DEBUG	protocol/handler.go:619	finalizing round
2025-08-15T22:12:59.389-0500	DEBUG	protocol/handler.go:437	processing message	{"{from 15 0 e <nil>}": {"Key":"to","Type":15,"Integer":0,"String":"","Interface":null}, "{round 20 3  <nil>}": {"Key":"broadcast","Type":4,"Integer":1,"String":"","Interface":null}}
2025-08-15T22:12:59.400-0500	DEBUG	protocol/handler.go:1657	storing broadcast	{"{round 20 3  <nil>}": {"Key":"from","Type":15,"Integer":0,"String":"e","Interface":null}}
2025-08-15T22:12:59.400-0500	DEBUG	protocol/handler.go:581	tryAdvanceRound called	{"{current_round 20 3  <nil>}": {"Key":"self","Type":15,"Integer":0,"String":"c","Interface":null}}
2025-08-15T22:12:59.401-0500	DEBUG	protocol/handler.go:581	tryAdvanceRound called	{"{current_round 20 3  <nil>}": {"Key":"self","Type":15,"Integer":0,"String":"c","Interface":null}}
2025-08-15T22:12:59.402-0500	DEBUG	protocol/handler.go:1182	finalized round messages	{"{round 20 3  <nil>}": {"Key":"messages","Type":11,"Integer":0,"String":"","Interface":null}}
2025-08-15T22:12:59.402-0500	INFO	protocol/handler.go:1211	protocol completed	{"{self 15 0 b <nil>}": {"Key":"final_round","Type":20,"Integer":3,"String":"","Interface":null}}
2025-08-15T22:12:59.402-0500	DEBUG	protocol/handler.go:624	finalizeRound returned nil
2025-08-15T22:12:59.402-0500	DEBUG	protocol/handler.go:1182	finalized round messages	{"{round 20 3  <nil>}": {"Key":"messages","Type":11,"Integer":0,"String":"","Interface":null}}
2025-08-15T22:12:59.402-0500	DEBUG	protocol/handler.go:1591	have processed broadcast	{"{round 20 3  <nil>}": {"Key":"from","Type":15,"Integer":0,"String":"a","Interface":null}}
2025-08-15T22:12:59.402-0500	INFO	protocol/handler.go:1211	protocol completed	{"{self 15 0 a <nil>}": {"Key":"final_round","Type":20,"Integer":3,"String":"","Interface":null}}
2025-08-15T22:12:59.402-0500	DEBUG	protocol/handler.go:1591	have processed broadcast	{"{round 20 3  <nil>}": {"Key":"from","Type":15,"Integer":0,"String":"b","Interface":null}}
2025-08-15T22:12:59.402-0500	DEBUG	protocol/handler.go:624	finalizeRound returned nil
2025-08-15T22:12:59.402-0500	DEBUG	protocol/handler.go:1591	have processed broadcast	{"{round 20 3  <nil>}": {"Key":"from","Type":15,"Integer":0,"String":"d","Interface":null}}
2025-08-15T22:12:59.402-0500	DEBUG	protocol/handler.go:1591	have processed broadcast	{"{round 20 3  <nil>}": {"Key":"from","Type":15,"Integer":0,"String":"e","Interface":null}}
2025-08-15T22:12:59.402-0500	DEBUG	protocol/handler.go:1649	have all messages and processed	{"{round 20 3  <nil>}": {"Key":"self","Type":15,"Integer":0,"String":"c","Interface":null}}
2025-08-15T22:12:59.402-0500	DEBUG	protocol/handler.go:619	finalizing round
2025-08-15T22:12:59.403-0500	DEBUG	protocol/handler.go:1591	have processed broadcast	{"{round 20 3  <nil>}": {"Key":"from","Type":15,"Integer":0,"String":"a","Interface":null}}
2025-08-15T22:12:59.403-0500	DEBUG	protocol/handler.go:1591	have processed broadcast	{"{round 20 3  <nil>}": {"Key":"from","Type":15,"Integer":0,"String":"b","Interface":null}}
2025-08-15T22:12:59.403-0500	DEBUG	protocol/handler.go:1591	have processed broadcast	{"{round 20 3  <nil>}": {"Key":"from","Type":15,"Integer":0,"String":"d","Interface":null}}
2025-08-15T22:12:59.403-0500	DEBUG	protocol/handler.go:1591	have processed broadcast	{"{round 20 3  <nil>}": {"Key":"from","Type":15,"Integer":0,"String":"e","Interface":null}}
2025-08-15T22:12:59.403-0500	DEBUG	protocol/handler.go:1649	have all messages and processed	{"{round 20 3  <nil>}": {"Key":"self","Type":15,"Integer":0,"String":"c","Interface":null}}
2025-08-15T22:12:59.403-0500	DEBUG	protocol/handler.go:596	round already finalized
2025-08-15T22:12:59.403-0500	INFO	protocol/handler.go:787	protocol completed successfully
2025-08-15T22:12:59.403-0500	INFO	protocol/handler.go:560	advanced to round
2025-08-15T22:12:59.403-0500	DEBUG	protocol/handler.go:581	tryAdvanceRound called	{"{current_round 20 3  <nil>}": {"Key":"self","Type":15,"Integer":0,"String":"c","Interface":null}}
2025-08-15T22:12:59.404-0500	DEBUG	protocol/handler.go:1591	have processed broadcast	{"{round 20 3  <nil>}": {"Key":"from","Type":15,"Integer":0,"String":"a","Interface":null}}
2025-08-15T22:12:59.404-0500	DEBUG	protocol/handler.go:1591	have processed broadcast	{"{round 20 3  <nil>}": {"Key":"from","Type":15,"Integer":0,"String":"b","Interface":null}}
2025-08-15T22:12:59.404-0500	DEBUG	protocol/handler.go:1591	have processed broadcast	{"{round 20 3  <nil>}": {"Key":"from","Type":15,"Integer":0,"String":"d","Interface":null}}
2025-08-15T22:12:59.404-0500	DEBUG	protocol/handler.go:1591	have processed broadcast	{"{round 20 3  <nil>}": {"Key":"from","Type":15,"Integer":0,"String":"e","Interface":null}}
2025-08-15T22:12:59.335-0500	DEBUG	protocol/handler.go:1591	have processed broadcast	{"{round 20 2  <nil>}": {"Key":"from","Type":15,"Integer":0,"String":"b","Interface":null}}
2025-08-15T22:12:59.404-0500	INFO	protocol/handler.go:787	protocol completed successfully
2025-08-15T22:12:59.404-0500	DEBUG	protocol/handler.go:1591	have processed broadcast	{"{round 20 2  <nil>}": {"Key":"from","Type":15,"Integer":0,"String":"c","Interface":null}}
2025-08-15T22:12:59.404-0500	DEBUG	protocol/handler.go:1591	have processed broadcast	{"{round 20 2  <nil>}": {"Key":"from","Type":15,"Integer":0,"String":"e","Interface":null}}
2025-08-15T22:12:59.404-0500	DEBUG	protocol/handler.go:1649	have all messages and processed	{"{round 20 3  <nil>}": {"Key":"self","Type":15,"Integer":0,"String":"c","Interface":null}}
2025-08-15T22:12:59.405-0500	DEBUG	protocol/handler.go:596	round already finalized
2025-08-15T22:12:59.404-0500	INFO	protocol/handler.go:787	protocol completed successfully
2025-08-15T22:12:59.404-0500	DEBUG	protocol/handler.go:1600	waiting for broadcasts	{"{round 20 2  <nil>}": {"Key":"missing","Type":15,"Integer":0,"String":"[a]","Interface":null}}
2025-08-15T22:12:59.405-0500	DEBUG	protocol/handler.go:581	tryAdvanceRound called	{"{current_round 20 3  <nil>}": {"Key":"self","Type":15,"Integer":0,"String":"e","Interface":null}}
2025-08-15T22:12:59.405-0500	DEBUG	protocol/handler.go:1591	have processed broadcast	{"{round 20 3  <nil>}": {"Key":"from","Type":15,"Integer":0,"String":"a","Interface":null}}
2025-08-15T22:12:59.405-0500	DEBUG	protocol/handler.go:1591	have processed broadcast	{"{round 20 3  <nil>}": {"Key":"from","Type":15,"Integer":0,"String":"b","Interface":null}}
2025-08-15T22:12:59.405-0500	DEBUG	protocol/handler.go:1591	have processed broadcast	{"{round 20 3  <nil>}": {"Key":"from","Type":15,"Integer":0,"String":"c","Interface":null}}
2025-08-15T22:12:59.405-0500	DEBUG	protocol/handler.go:1591	have processed broadcast	{"{round 20 3  <nil>}": {"Key":"from","Type":15,"Integer":0,"String":"d","Interface":null}}
2025-08-15T22:12:59.405-0500	DEBUG	protocol/handler.go:1649	have all messages and processed	{"{round 20 3  <nil>}": {"Key":"self","Type":15,"Integer":0,"String":"e","Interface":null}}
2025-08-15T22:12:59.405-0500	DEBUG	protocol/handler.go:596	round already finalized
2025-08-15T22:12:59.405-0500	INFO	protocol/handler.go:560	advanced to round
2025-08-15T22:12:59.406-0500	DEBUG	protocol/handler.go:581	tryAdvanceRound called	{"{current_round 20 3  <nil>}": {"Key":"self","Type":15,"Integer":0,"String":"d","Interface":null}}
2025-08-15T22:12:59.406-0500	DEBUG	protocol/handler.go:1591	have processed broadcast	{"{round 20 3  <nil>}": {"Key":"from","Type":15,"Integer":0,"String":"a","Interface":null}}
2025-08-15T22:12:59.406-0500	DEBUG	protocol/handler.go:1591	have processed broadcast	{"{round 20 3  <nil>}": {"Key":"from","Type":15,"Integer":0,"String":"b","Interface":null}}
2025-08-15T22:12:59.406-0500	DEBUG	protocol/handler.go:1591	have processed broadcast	{"{round 20 3  <nil>}": {"Key":"from","Type":15,"Integer":0,"String":"c","Interface":null}}
2025-08-15T22:12:59.406-0500	DEBUG	protocol/handler.go:1591	have processed broadcast	{"{round 20 3  <nil>}": {"Key":"from","Type":15,"Integer":0,"String":"e","Interface":null}}
2025-08-15T22:12:59.406-0500	DEBUG	protocol/handler.go:1182	finalized round messages	{"{round 20 3  <nil>}": {"Key":"messages","Type":11,"Integer":0,"String":"","Interface":null}}
2025-08-15T22:12:59.406-0500	DEBUG	protocol/handler.go:1649	have all messages and processed	{"{round 20 3  <nil>}": {"Key":"self","Type":15,"Integer":0,"String":"d","Interface":null}}
2025-08-15T22:12:59.406-0500	DEBUG	protocol/handler.go:596	round already finalized
2025-08-15T22:12:59.406-0500	INFO	protocol/handler.go:1211	protocol completed	{"{self 15 0 d <nil>}": {"Key":"final_round","Type":20,"Integer":3,"String":"","Interface":null}}
2025-08-15T22:12:59.406-0500	DEBUG	protocol/handler.go:581	tryAdvanceRound called	{"{current_round 20 3  <nil>}": {"Key":"self","Type":15,"Integer":0,"String":"d","Interface":null}}
2025-08-15T22:12:59.406-0500	DEBUG	protocol/handler.go:624	finalizeRound returned nil
2025-08-15T22:12:59.406-0500	DEBUG	protocol/handler.go:581	tryAdvanceRound called	{"{current_round 20 3  <nil>}": {"Key":"self","Type":15,"Integer":0,"String":"c","Interface":null}}
2025-08-15T22:12:59.406-0500	DEBUG	protocol/handler.go:1591	have processed broadcast	{"{round 20 3  <nil>}": {"Key":"from","Type":15,"Integer":0,"String":"a","Interface":null}}
2025-08-15T22:12:59.406-0500	DEBUG	protocol/handler.go:1182	finalized round messages	{"{round 20 3  <nil>}": {"Key":"messages","Type":11,"Integer":0,"String":"","Interface":null}}
2025-08-15T22:12:59.406-0500	DEBUG	protocol/handler.go:1591	have processed broadcast	{"{round 20 3  <nil>}": {"Key":"from","Type":15,"Integer":0,"String":"b","Interface":null}}
2025-08-15T22:12:59.406-0500	INFO	protocol/handler.go:1211	protocol completed	{"{self 15 0 c <nil>}": {"Key":"final_round","Type":20,"Integer":3,"String":"","Interface":null}}
2025-08-15T22:12:59.406-0500	DEBUG	protocol/handler.go:1591	have processed broadcast	{"{round 20 3  <nil>}": {"Key":"from","Type":15,"Integer":0,"String":"c","Interface":null}}
2025-08-15T22:12:59.406-0500	DEBUG	protocol/handler.go:624	finalizeRound returned nil
2025-08-15T22:12:59.406-0500	DEBUG	protocol/handler.go:1591	have processed broadcast	{"{round 20 3  <nil>}": {"Key":"from","Type":15,"Integer":0,"String":"a","Interface":null}}
2025-08-15T22:12:59.406-0500	DEBUG	protocol/handler.go:1591	have processed broadcast	{"{round 20 3  <nil>}": {"Key":"from","Type":15,"Integer":0,"String":"e","Interface":null}}
2025-08-15T22:12:59.406-0500	DEBUG	protocol/handler.go:1591	have processed broadcast	{"{round 20 3  <nil>}": {"Key":"from","Type":15,"Integer":0,"String":"b","Interface":null}}
2025-08-15T22:12:59.406-0500	DEBUG	protocol/handler.go:1649	have all messages and processed	{"{round 20 3  <nil>}": {"Key":"self","Type":15,"Integer":0,"String":"d","Interface":null}}
2025-08-15T22:12:59.406-0500	DEBUG	protocol/handler.go:596	round already finalized
2025-08-15T22:12:59.406-0500	DEBUG	protocol/handler.go:1591	have processed broadcast	{"{round 20 3  <nil>}": {"Key":"from","Type":15,"Integer":0,"String":"d","Interface":null}}
2025-08-15T22:12:59.406-0500	INFO	protocol/handler.go:787	protocol completed successfully
2025-08-15T22:12:59.406-0500	DEBUG	protocol/handler.go:1591	have processed broadcast	{"{round 20 3  <nil>}": {"Key":"from","Type":15,"Integer":0,"String":"e","Interface":null}}
2025-08-15T22:12:59.406-0500	DEBUG	protocol/handler.go:1649	have all messages and processed	{"{round 20 3  <nil>}": {"Key":"self","Type":15,"Integer":0,"String":"c","Interface":null}}
2025-08-15T22:12:59.406-0500	DEBUG	protocol/handler.go:596	round already finalized
2025-08-15T22:12:59.406-0500	INFO	protocol/handler.go:787	protocol completed successfully
2025-08-15T22:12:59.407-0500	DEBUG	protocol/handler.go:1591	have processed broadcast	{"{round 20 2  <nil>}": {"Key":"from","Type":15,"Integer":0,"String":"a","Interface":null}}
2025-08-15T22:12:59.407-0500	DEBUG	protocol/handler.go:1591	have processed broadcast	{"{round 20 2  <nil>}": {"Key":"from","Type":15,"Integer":0,"String":"b","Interface":null}}
2025-08-15T22:12:59.407-0500	DEBUG	protocol/handler.go:1591	have processed broadcast	{"{round 20 2  <nil>}": {"Key":"from","Type":15,"Integer":0,"String":"c","Interface":null}}
2025-08-15T22:12:59.407-0500	DEBUG	protocol/handler.go:1591	have processed broadcast	{"{round 20 2  <nil>}": {"Key":"from","Type":15,"Integer":0,"String":"d","Interface":null}}
2025-08-15T22:12:59.407-0500	DEBUG	protocol/handler.go:1649	have all messages and processed	{"{round 20 2  <nil>}": {"Key":"self","Type":15,"Integer":0,"String":"e","Interface":null}}
2025-08-15T22:12:59.407-0500	DEBUG	protocol/handler.go:596	round already finalized
2025-08-15T22:12:59.407-0500	DEBUG	protocol/handler.go:600	current round already advanced	{"{checking 20 2  <nil>}": {"Key":"current","Type":20,"Integer":3,"String":"","Interface":null}}
2025-08-15T22:12:59.407-0500	INFO	protocol/handler.go:240	starting protocol handler	{"{protocol 15 0 frost/sign-threshold <nil>}": {"Key":"workers","Type":11,"Integer":4,"String":"","Interface":null}, "{parties 11 4  <nil>}": {"Key":"threshold","Type":11,"Integer":3,"String":"","Interface":null}}
2025-08-15T22:12:59.407-0500	DEBUG	protocol/handler.go:348	starting worker pools	{"{workers 11 4  <nil>}": {"Key":"priority","Type":11,"Integer":4,"String":"","Interface":null}}
2025-08-15T22:12:59.408-0500	DEBUG	protocol/handler.go:391	worker started	{"{id 11 1  <nil>}": {"Key":"priority","Type":4,"Integer":1,"String":"","Interface":null}}
2025-08-15T22:12:59.408-0500	DEBUG	protocol/handler.go:391	worker started	{"{id 11 3  <nil>}": {"Key":"priority","Type":4,"Integer":0,"String":"","Interface":null}}
2025-08-15T22:12:59.408-0500	DEBUG	protocol/handler.go:391	worker started	{"{id 11 1  <nil>}": {"Key":"priority","Type":4,"Integer":0,"String":"","Interface":null}}
2025-08-15T22:12:59.408-0500	DEBUG	protocol/handler.go:391	worker started	{"{id 11 0  <nil>}": {"Key":"priority","Type":4,"Integer":1,"String":"","Interface":null}}
2025-08-15T22:12:59.408-0500	DEBUG	protocol/handler.go:391	worker started	{"{id 11 3  <nil>}": {"Key":"priority","Type":4,"Integer":1,"String":"","Interface":null}}
2025-08-15T22:12:59.408-0500	DEBUG	protocol/handler.go:930	initializing round
2025-08-15T22:12:59.408-0500	DEBUG	protocol/handler.go:391	worker started	{"{id 11 0  <nil>}": {"Key":"priority","Type":4,"Integer":0,"String":"","Interface":null}}
2025-08-15T22:12:59.408-0500	DEBUG	protocol/handler.go:391	worker started	{"{id 11 2  <nil>}": {"Key":"priority","Type":4,"Integer":0,"String":"","Interface":null}}
2025-08-15T22:12:59.408-0500	DEBUG	protocol/handler.go:391	worker started	{"{id 11 2  <nil>}": {"Key":"priority","Type":4,"Integer":1,"String":"","Interface":null}}
2025-08-15T22:12:59.408-0500	DEBUG	protocol/handler.go:1503	processing queued messages
2025-08-15T22:12:59.408-0500	INFO	protocol/handler.go:240	starting protocol handler	{"{protocol 15 0 frost/sign-threshold <nil>}": {"Key":"workers","Type":11,"Integer":4,"String":"","Interface":null}, "{parties 11 4  <nil>}": {"Key":"threshold","Type":11,"Integer":3,"String":"","Interface":null}}
2025-08-15T22:12:59.408-0500	DEBUG	protocol/handler.go:348	starting worker pools	{"{workers 11 4  <nil>}": {"Key":"priority","Type":11,"Integer":4,"String":"","Interface":null}}
2025-08-15T22:12:59.410-0500	DEBUG	protocol/handler.go:391	worker started	{"{id 11 1  <nil>}": {"Key":"priority","Type":4,"Integer":0,"String":"","Interface":null}}
2025-08-15T22:12:59.410-0500	DEBUG	protocol/handler.go:391	worker started	{"{id 11 2  <nil>}": {"Key":"priority","Type":4,"Integer":0,"String":"","Interface":null}}
2025-08-15T22:12:59.410-0500	DEBUG	protocol/handler.go:391	worker started	{"{id 11 0  <nil>}": {"Key":"priority","Type":4,"Integer":1,"String":"","Interface":null}}
2025-08-15T22:12:59.410-0500	DEBUG	protocol/handler.go:391	worker started	{"{id 11 3  <nil>}": {"Key":"priority","Type":4,"Integer":0,"String":"","Interface":null}}
2025-08-15T22:12:59.410-0500	DEBUG	protocol/handler.go:391	worker started	{"{id 11 1  <nil>}": {"Key":"priority","Type":4,"Integer":1,"String":"","Interface":null}}
2025-08-15T22:12:59.410-0500	DEBUG	protocol/handler.go:391	worker started	{"{id 11 3  <nil>}": {"Key":"priority","Type":4,"Integer":1,"String":"","Interface":null}}
2025-08-15T22:12:59.411-0500	DEBUG	protocol/handler.go:391	worker started	{"{id 11 2  <nil>}": {"Key":"priority","Type":4,"Integer":1,"String":"","Interface":null}}
2025-08-15T22:12:59.411-0500	DEBUG	protocol/handler.go:930	initializing round
2025-08-15T22:12:59.411-0500	DEBUG	protocol/handler.go:1503	processing queued messages
2025-08-15T22:12:59.410-0500	DEBUG	protocol/handler.go:391	worker started	{"{id 11 0  <nil>}": {"Key":"priority","Type":4,"Integer":0,"String":"","Interface":null}}
2025-08-15T22:12:59.411-0500	INFO	protocol/handler.go:240	starting protocol handler	{"{protocol 15 0 frost/sign-threshold <nil>}": {"Key":"workers","Type":11,"Integer":4,"String":"","Interface":null}, "{parties 11 4  <nil>}": {"Key":"threshold","Type":11,"Integer":3,"String":"","Interface":null}}
2025-08-15T22:12:59.411-0500	DEBUG	protocol/handler.go:348	starting worker pools	{"{workers 11 4  <nil>}": {"Key":"priority","Type":11,"Integer":4,"String":"","Interface":null}}
2025-08-15T22:12:59.411-0500	DEBUG	protocol/handler.go:391	worker started	{"{id 11 0  <nil>}": {"Key":"priority","Type":4,"Integer":0,"String":"","Interface":null}}
2025-08-15T22:12:59.411-0500	DEBUG	protocol/handler.go:391	worker started	{"{id 11 2  <nil>}": {"Key":"priority","Type":4,"Integer":0,"String":"","Interface":null}}
2025-08-15T22:12:59.411-0500	DEBUG	protocol/handler.go:391	worker started	{"{id 11 1  <nil>}": {"Key":"priority","Type":4,"Integer":0,"String":"","Interface":null}}
2025-08-15T22:12:59.411-0500	DEBUG	protocol/handler.go:391	worker started	{"{id 11 3  <nil>}": {"Key":"priority","Type":4,"Integer":0,"String":"","Interface":null}}
2025-08-15T22:12:59.412-0500	DEBUG	protocol/handler.go:391	worker started	{"{id 11 1  <nil>}": {"Key":"priority","Type":4,"Integer":1,"String":"","Interface":null}}
2025-08-15T22:12:59.412-0500	DEBUG	protocol/handler.go:391	worker started	{"{id 11 0  <nil>}": {"Key":"priority","Type":4,"Integer":1,"String":"","Interface":null}}
2025-08-15T22:12:59.412-0500	DEBUG	protocol/handler.go:391	worker started	{"{id 11 3  <nil>}": {"Key":"priority","Type":4,"Integer":1,"String":"","Interface":null}}
2025-08-15T22:12:59.412-0500	DEBUG	protocol/handler.go:391	worker started	{"{id 11 2  <nil>}": {"Key":"priority","Type":4,"Integer":1,"String":"","Interface":null}}
2025-08-15T22:12:59.412-0500	DEBUG	protocol/handler.go:930	initializing round
2025-08-15T22:12:59.412-0500	DEBUG	protocol/handler.go:1503	processing queued messages
2025-08-15T22:12:59.412-0500	INFO	protocol/handler.go:240	starting protocol handler	{"{protocol 15 0 frost/sign-threshold <nil>}": {"Key":"workers","Type":11,"Integer":4,"String":"","Interface":null}, "{parties 11 4  <nil>}": {"Key":"threshold","Type":11,"Integer":3,"String":"","Interface":null}}
2025-08-15T22:12:59.412-0500	DEBUG	protocol/handler.go:348	starting worker pools	{"{workers 11 4  <nil>}": {"Key":"priority","Type":11,"Integer":4,"String":"","Interface":null}}
2025-08-15T22:12:59.412-0500	DEBUG	protocol/handler.go:391	worker started	{"{id 11 0  <nil>}": {"Key":"priority","Type":4,"Integer":0,"String":"","Interface":null}}
2025-08-15T22:12:59.412-0500	DEBUG	protocol/handler.go:391	worker started	{"{id 11 2  <nil>}": {"Key":"priority","Type":4,"Integer":0,"String":"","Interface":null}}
2025-08-15T22:12:59.413-0500	DEBUG	protocol/handler.go:391	worker started	{"{id 11 3  <nil>}": {"Key":"priority","Type":4,"Integer":0,"String":"","Interface":null}}
2025-08-15T22:12:59.413-0500	DEBUG	protocol/handler.go:391	worker started	{"{id 11 0  <nil>}": {"Key":"priority","Type":4,"Integer":1,"String":"","Interface":null}}
2025-08-15T22:12:59.413-0500	DEBUG	protocol/handler.go:391	worker started	{"{id 11 1  <nil>}": {"Key":"priority","Type":4,"Integer":1,"String":"","Interface":null}}
2025-08-15T22:12:59.413-0500	DEBUG	protocol/handler.go:391	worker started	{"{id 11 1  <nil>}": {"Key":"priority","Type":4,"Integer":0,"String":"","Interface":null}}
2025-08-15T22:12:59.412-0500	DEBUG	protocol/handler.go:1591	have processed broadcast	{"{round 20 3  <nil>}": {"Key":"from","Type":15,"Integer":0,"String":"a","Interface":null}}
2025-08-15T22:12:59.417-0500	DEBUG	protocol/handler.go:1591	have processed broadcast	{"{round 20 3  <nil>}": {"Key":"from","Type":15,"Integer":0,"String":"c","Interface":null}}
2025-08-15T22:12:59.418-0500	DEBUG	protocol/handler.go:1591	have processed broadcast	{"{round 20 3  <nil>}": {"Key":"from","Type":15,"Integer":0,"String":"d","Interface":null}}
2025-08-15T22:12:59.418-0500	DEBUG	protocol/handler.go:1591	have processed broadcast	{"{round 20 3  <nil>}": {"Key":"from","Type":15,"Integer":0,"String":"e","Interface":null}}
2025-08-15T22:12:59.418-0500	DEBUG	protocol/handler.go:1649	have all messages and processed	{"{round 20 3  <nil>}": {"Key":"self","Type":15,"Integer":0,"String":"b","Interface":null}}
2025-08-15T22:12:59.418-0500	DEBUG	protocol/handler.go:596	round already finalized
2025-08-15T22:12:59.422-0500	DEBUG	protocol/handler.go:1591	have processed broadcast	{"{round 20 2  <nil>}": {"Key":"from","Type":15,"Integer":0,"String":"b","Interface":null}}
2025-08-15T22:12:59.422-0500	DEBUG	protocol/handler.go:1591	have processed broadcast	{"{round 20 2  <nil>}": {"Key":"from","Type":15,"Integer":0,"String":"c","Interface":null}}
2025-08-15T22:12:59.422-0500	DEBUG	protocol/handler.go:1591	have processed broadcast	{"{round 20 2  <nil>}": {"Key":"from","Type":15,"Integer":0,"String":"d","Interface":null}}
2025-08-15T22:12:59.422-0500	DEBUG	protocol/handler.go:1591	have processed broadcast	{"{round 20 2  <nil>}": {"Key":"from","Type":15,"Integer":0,"String":"e","Interface":null}}
2025-08-15T22:12:59.422-0500	DEBUG	protocol/handler.go:1649	have all messages and processed	{"{round 20 2  <nil>}": {"Key":"self","Type":15,"Integer":0,"String":"a","Interface":null}}
2025-08-15T22:12:59.422-0500	DEBUG	protocol/handler.go:596	round already finalized
2025-08-15T22:12:59.422-0500	DEBUG	protocol/handler.go:600	current round already advanced	{"{checking 20 2  <nil>}": {"Key":"current","Type":20,"Integer":3,"String":"","Interface":null}}
2025-08-15T22:12:59.422-0500	DEBUG	protocol/handler.go:391	worker started	{"{id 11 2  <nil>}": {"Key":"priority","Type":4,"Integer":1,"String":"","Interface":null}}
2025-08-15T22:12:59.422-0500	DEBUG	protocol/handler.go:930	initializing round
2025-08-15T22:12:59.422-0500	DEBUG	protocol/handler.go:1503	processing queued messages
2025-08-15T22:12:59.422-0500	INFO	protocol/handler.go:560	advanced to round
2025-08-15T22:12:59.422-0500	DEBUG	protocol/handler.go:581	tryAdvanceRound called	{"{current_round 20 1  <nil>}": {"Key":"self","Type":15,"Integer":0,"String":"a","Interface":null}}
2025-08-15T22:12:59.422-0500	DEBUG	protocol/handler.go:1649	have all messages and processed	{"{round 20 1  <nil>}": {"Key":"self","Type":15,"Integer":0,"String":"a","Interface":null}}
2025-08-15T22:12:59.422-0500	DEBUG	protocol/handler.go:619	finalizing round
2025-08-15T22:12:59.424-0500	DEBUG	protocol/handler.go:1039	sendRoundMessage	{"{from 15 0 a <nil>}": {"Key":"to","Type":15,"Integer":0,"String":"","Interface":null}, "{round 20 2  <nil>}": {"Key":"broadcast","Type":4,"Integer":1,"String":"","Interface":null}}
2025-08-15T22:12:59.425-0500	DEBUG	protocol/handler.go:1657	storing broadcast	{"{round 20 2  <nil>}": {"Key":"from","Type":15,"Integer":0,"String":"a","Interface":null}}
2025-08-15T22:12:59.425-0500	DEBUG	protocol/handler.go:1081	sent message to output channel	{"{from 15 0 a <nil>}": {"Key":"to","Type":15,"Integer":0,"String":"","Interface":null}, "{round 20 2  <nil>}": {"Key":"broadcast","Type":4,"Integer":1,"String":"","Interface":null}}
2025-08-15T22:12:59.425-0500	DEBUG	protocol/handler.go:1182	finalized round messages	{"{round 20 1  <nil>}": {"Key":"messages","Type":11,"Integer":1,"String":"","Interface":null}}
2025-08-15T22:12:59.425-0500	DEBUG	protocol/handler.go:1239	finalize returned next round	{"{current 20 1  <nil>}": {"Key":"next","Type":20,"Integer":2,"String":"","Interface":null}}
2025-08-15T22:12:59.425-0500	INFO	protocol/handler.go:642	storing new currentRound	{"{from 20 1  <nil>}": {"Key":"to","Type":20,"Integer":2,"String":"","Interface":null}}
2025-08-15T22:12:59.425-0500	DEBUG	protocol/handler.go:1503	processing queued messages
2025-08-15T22:12:59.425-0500	DEBUG	protocol/handler.go:1503	processing queued messages
2025-08-15T22:12:59.425-0500	DEBUG	protocol/handler.go:437	processing message	{"{from 15 0 a <nil>}": {"Key":"to","Type":15,"Integer":0,"String":"","Interface":null}, "{round 20 2  <nil>}": {"Key":"broadcast","Type":4,"Integer":1,"String":"","Interface":null}}
2025-08-15T22:12:59.425-0500	DEBUG	protocol/handler.go:1657	storing broadcast	{"{round 20 2  <nil>}": {"Key":"from","Type":15,"Integer":0,"String":"a","Interface":null}}
2025-08-15T22:12:59.425-0500	DEBUG	protocol/handler.go:470	message for different round (buffering)	{"{msg_round 20 2  <nil>}": {"Key":"current_round","Type":20,"Integer":1,"String":"","Interface":null}}
2025-08-15T22:12:59.425-0500	DEBUG	protocol/handler.go:581	tryAdvanceRound called	{"{current_round 20 1  <nil>}": {"Key":"self","Type":15,"Integer":0,"String":"c","Interface":null}}
2025-08-15T22:12:59.425-0500	DEBUG	protocol/handler.go:1649	have all messages and processed	{"{round 20 1  <nil>}": {"Key":"self","Type":15,"Integer":0,"String":"c","Interface":null}}
2025-08-15T22:12:59.425-0500	DEBUG	protocol/handler.go:619	finalizing round
2025-08-15T22:12:59.425-0500	DEBUG	protocol/handler.go:437	processing message	{"{from 15 0 a <nil>}": {"Key":"to","Type":15,"Integer":0,"String":"","Interface":null}, "{round 20 2  <nil>}": {"Key":"broadcast","Type":4,"Integer":1,"String":"","Interface":null}}
2025-08-15T22:12:59.425-0500	DEBUG	protocol/handler.go:1657	storing broadcast	{"{round 20 2  <nil>}": {"Key":"from","Type":15,"Integer":0,"String":"a","Interface":null}}
2025-08-15T22:12:59.425-0500	DEBUG	protocol/handler.go:470	message for different round (buffering)	{"{msg_round 20 2  <nil>}": {"Key":"current_round","Type":20,"Integer":1,"String":"","Interface":null}}
2025-08-15T22:12:59.425-0500	DEBUG	protocol/handler.go:581	tryAdvanceRound called	{"{current_round 20 1  <nil>}": {"Key":"self","Type":15,"Integer":0,"String":"b","Interface":null}}
2025-08-15T22:12:59.425-0500	DEBUG	protocol/handler.go:1649	have all messages and processed	{"{round 20 1  <nil>}": {"Key":"self","Type":15,"Integer":0,"String":"b","Interface":null}}
2025-08-15T22:12:59.425-0500	DEBUG	protocol/handler.go:619	finalizing round
2025-08-15T22:12:59.427-0500	DEBUG	protocol/handler.go:437	processing message	{"{from 15 0 a <nil>}": {"Key":"to","Type":15,"Integer":0,"String":"","Interface":null}, "{round 20 2  <nil>}": {"Key":"broadcast","Type":4,"Integer":1,"String":"","Interface":null}}
2025-08-15T22:12:59.427-0500	DEBUG	protocol/handler.go:1657	storing broadcast	{"{round 20 2  <nil>}": {"Key":"from","Type":15,"Integer":0,"String":"a","Interface":null}}
2025-08-15T22:12:59.427-0500	DEBUG	protocol/handler.go:470	message for different round (buffering)	{"{msg_round 20 2  <nil>}": {"Key":"current_round","Type":20,"Integer":1,"String":"","Interface":null}}
2025-08-15T22:12:59.427-0500	DEBUG	protocol/handler.go:581	tryAdvanceRound called	{"{current_round 20 1  <nil>}": {"Key":"self","Type":15,"Integer":0,"String":"d","Interface":null}}
2025-08-15T22:12:59.427-0500	DEBUG	protocol/handler.go:1649	have all messages and processed	{"{round 20 1  <nil>}": {"Key":"self","Type":15,"Integer":0,"String":"d","Interface":null}}
2025-08-15T22:12:59.427-0500	DEBUG	protocol/handler.go:619	finalizing round
2025-08-15T22:12:59.429-0500	DEBUG	protocol/handler.go:1039	sendRoundMessage	{"{from 15 0 b <nil>}": {"Key":"to","Type":15,"Integer":0,"String":"","Interface":null}, "{round 20 2  <nil>}": {"Key":"broadcast","Type":4,"Integer":1,"String":"","Interface":null}}
2025-08-15T22:12:59.429-0500	DEBUG	protocol/handler.go:1657	storing broadcast	{"{round 20 2  <nil>}": {"Key":"from","Type":15,"Integer":0,"String":"b","Interface":null}}
2025-08-15T22:12:59.429-0500	DEBUG	protocol/handler.go:1081	sent message to output channel	{"{from 15 0 b <nil>}": {"Key":"to","Type":15,"Integer":0,"String":"","Interface":null}, "{round 20 2  <nil>}": {"Key":"broadcast","Type":4,"Integer":1,"String":"","Interface":null}}
2025-08-15T22:12:59.430-0500	DEBUG	protocol/handler.go:1182	finalized round messages	{"{round 20 1  <nil>}": {"Key":"messages","Type":11,"Integer":1,"String":"","Interface":null}}
2025-08-15T22:12:59.430-0500	DEBUG	protocol/handler.go:1239	finalize returned next round	{"{current 20 1  <nil>}": {"Key":"next","Type":20,"Integer":2,"String":"","Interface":null}}
2025-08-15T22:12:59.430-0500	INFO	protocol/handler.go:642	storing new currentRound	{"{from 20 1  <nil>}": {"Key":"to","Type":20,"Integer":2,"String":"","Interface":null}}
2025-08-15T22:12:59.430-0500	DEBUG	protocol/handler.go:1503	processing queued messages
2025-08-15T22:12:59.431-0500	DEBUG	protocol/handler.go:1039	sendRoundMessage	{"{from 15 0 c <nil>}": {"Key":"to","Type":15,"Integer":0,"String":"","Interface":null}, "{round 20 2  <nil>}": {"Key":"broadcast","Type":4,"Integer":1,"String":"","Interface":null}}
2025-08-15T22:12:59.432-0500	DEBUG	protocol/handler.go:1657	storing broadcast	{"{round 20 2  <nil>}": {"Key":"from","Type":15,"Integer":0,"String":"c","Interface":null}}
2025-08-15T22:12:59.432-0500	DEBUG	protocol/handler.go:1081	sent message to output channel	{"{from 15 0 c <nil>}": {"Key":"to","Type":15,"Integer":0,"String":"","Interface":null}, "{round 20 2  <nil>}": {"Key":"broadcast","Type":4,"Integer":1,"String":"","Interface":null}}
2025-08-15T22:12:59.432-0500	DEBUG	protocol/handler.go:1182	finalized round messages	{"{round 20 1  <nil>}": {"Key":"messages","Type":11,"Integer":1,"String":"","Interface":null}}
2025-08-15T22:12:59.432-0500	DEBUG	protocol/handler.go:1239	finalize returned next round	{"{current 20 1  <nil>}": {"Key":"next","Type":20,"Integer":2,"String":"","Interface":null}}
2025-08-15T22:12:59.432-0500	INFO	protocol/handler.go:642	storing new currentRound	{"{from 20 1  <nil>}": {"Key":"to","Type":20,"Integer":2,"String":"","Interface":null}}
2025-08-15T22:12:59.432-0500	DEBUG	protocol/handler.go:1503	processing queued messages
2025-08-15T22:12:59.432-0500	INFO	protocol/handler.go:560	advanced to round
2025-08-15T22:12:59.432-0500	DEBUG	protocol/handler.go:581	tryAdvanceRound called	{"{current_round 20 2  <nil>}": {"Key":"self","Type":15,"Integer":0,"String":"a","Interface":null}}
2025-08-15T22:12:59.432-0500	DEBUG	protocol/handler.go:1600	waiting for broadcasts	{"{round 20 2  <nil>}": {"Key":"missing","Type":15,"Integer":0,"String":"[b c d]","Interface":null}}
2025-08-15T22:12:59.432-0500	DEBUG	protocol/handler.go:1503	processing queued messages
2025-08-15T22:12:59.438-0500	DEBUG	protocol/handler.go:954	round already being initialized/finalized, skipping
2025-08-15T22:12:59.439-0500	DEBUG	protocol/handler.go:403	worker stopping
2025-08-15T22:12:59.439-0500	DEBUG	protocol/handler.go:391	worker started	{"{id 11 3  <nil>}": {"Key":"priority","Type":4,"Integer":1,"String":"","Interface":null}}
2025-08-15T22:12:59.439-0500	INFO	protocol/handler.go:560	advanced to round
2025-08-15T22:12:59.439-0500	DEBUG	protocol/handler.go:403	worker stopping
2025-08-15T22:12:59.439-0500	DEBUG	protocol/handler.go:403	worker stopping
2025-08-15T22:12:59.439-0500	DEBUG	protocol/handler.go:581	tryAdvanceRound called	{"{current_round 20 2  <nil>}": {"Key":"self","Type":15,"Integer":0,"String":"c","Interface":null}}
2025-08-15T22:12:59.439-0500	DEBUG	protocol/handler.go:403	worker stopping
2025-08-15T22:12:59.439-0500	DEBUG	protocol/handler.go:403	worker stopping
2025-08-15T22:12:59.439-0500	DEBUG	protocol/handler.go:403	worker stopping
2025-08-15T22:12:59.439-0500	DEBUG	protocol/handler.go:403	worker stopping
2025-08-15T22:12:59.439-0500	DEBUG	protocol/handler.go:403	worker stopping
2025-08-15T22:12:59.439-0500	DEBUG	protocol/handler.go:403	worker stopping
2025-08-15T22:12:59.439-0500	DEBUG	protocol/handler.go:403	worker stopping
2025-08-15T22:12:59.439-0500	DEBUG	protocol/handler.go:403	worker stopping
2025-08-15T22:12:59.439-0500	DEBUG	protocol/handler.go:403	worker stopping
2025-08-15T22:12:59.439-0500	DEBUG	protocol/handler.go:403	worker stopping
2025-08-15T22:12:59.439-0500	DEBUG	protocol/handler.go:403	worker stopping
2025-08-15T22:12:59.439-0500	DEBUG	protocol/handler.go:403	worker stopping
2025-08-15T22:12:59.439-0500	DEBUG	protocol/handler.go:403	worker stopping
2025-08-15T22:12:59.439-0500	DEBUG	protocol/handler.go:403	worker stopping
2025-08-15T22:12:59.439-0500	DEBUG	protocol/handler.go:403	worker stopping
2025-08-15T22:12:59.439-0500	DEBUG	protocol/handler.go:403	worker stopping
2025-08-15T22:12:59.439-0500	DEBUG	protocol/handler.go:403	worker stopping
2025-08-15T22:12:59.439-0500	DEBUG	protocol/handler.go:403	worker stopping
2025-08-15T22:12:59.439-0500	DEBUG	protocol/handler.go:403	worker stopping
2025-08-15T22:12:59.439-0500	DEBUG	protocol/handler.go:403	worker stopping
2025-08-15T22:12:59.439-0500	DEBUG	protocol/handler.go:403	worker stopping
2025-08-15T22:12:59.439-0500	DEBUG	protocol/handler.go:403	worker stopping
2025-08-15T22:12:59.439-0500	DEBUG	protocol/handler.go:437	processing message	{"{from 15 0 c <nil>}": {"Key":"to","Type":15,"Integer":0,"String":"","Interface":null}, "{round 20 2  <nil>}": {"Key":"broadcast","Type":4,"Integer":1,"String":"","Interface":null}}
2025-08-15T22:12:59.439-0500	DEBUG	protocol/handler.go:1657	storing broadcast	{"{round 20 2  <nil>}": {"Key":"from","Type":15,"Integer":0,"String":"c","Interface":null}}
2025-08-15T22:12:59.440-0500	DEBUG	protocol/handler.go:1503	processing queued messages
2025-08-15T22:12:59.440-0500	DEBUG	protocol/handler.go:1591	have processed broadcast	{"{round 20 2  <nil>}": {"Key":"from","Type":15,"Integer":0,"String":"a","Interface":null}}
2025-08-15T22:12:59.440-0500	DEBUG	protocol/handler.go:1600	waiting for broadcasts	{"{round 20 2  <nil>}": {"Key":"missing","Type":15,"Integer":0,"String":"[b d]","Interface":null}}
2025-08-15T22:12:59.440-0500	INFO	protocol/handler.go:560	advanced to round
2025-08-15T22:12:59.440-0500	DEBUG	protocol/handler.go:581	tryAdvanceRound called	{"{current_round 20 2  <nil>}": {"Key":"self","Type":15,"Integer":0,"String":"b","Interface":null}}
==================
WARNING: DATA RACE
Read at 0x00c000ca72f0 by goroutine 2825:
  runtime.mapdelete_fast64()
      /opt/homebrew/Cellar/go/1.24.6/libexec/src/internal/runtime/maps/runtime_fast64_swiss.go:497 +0x8c
  github.com/luxfi/threshold/protocols/frost/sign.(*round2).StoreBroadcastMessage()
      /Users/z/work/lux/threshold/protocols/frost/sign/round2.go:73 +0x124
  github.com/luxfi/threshold/pkg/protocol.(*Handler).verifyBroadcastForRound()
      /Users/z/work/lux/threshold/pkg/protocol/handler.go:1277 +0x3a0
  github.com/luxfi/threshold/pkg/protocol.(*Handler).processQueuedMessages()
      /Users/z/work/lux/threshold/pkg/protocol/handler.go:1542 +0x404
  github.com/luxfi/threshold/pkg/protocol.(*Handler).tryAdvanceRound.gowrap2()
      /Users/z/work/lux/threshold/pkg/protocol/handler.go:673 +0x40

Previous write at 0x00c000ca72f0 by goroutine 2776:
  runtime.mapaccess2_faststr()
      /opt/homebrew/Cellar/go/1.24.6/libexec/src/internal/runtime/maps/runtime_faststr_swiss.go:162 +0x29c
  github.com/luxfi/threshold/protocols/frost/sign.(*round2).StoreBroadcastMessage()
      /Users/z/work/lux/threshold/protocols/frost/sign/round2.go:97 +0x4b0
  github.com/luxfi/threshold/pkg/protocol.(*Handler).verifyBroadcastForRound()
      /Users/z/work/lux/threshold/pkg/protocol/handler.go:1277 +0x3a0
  github.com/luxfi/threshold/pkg/protocol.(*Handler).retryUnprocessedMessages()
      /Users/z/work/lux/threshold/pkg/protocol/handler.go:1483 +0x22c
  github.com/luxfi/threshold/pkg/protocol.(*Handler).tryAdvanceRound()
      /Users/z/work/lux/threshold/pkg/protocol/handler.go:587 +0x28c
  github.com/luxfi/threshold/pkg/protocol.(*Handler).roundProcessor()
      /Users/z/work/lux/threshold/pkg/protocol/handler.go:569 +0xb4
  github.com/luxfi/threshold/pkg/protocol.(*Handler).startWorkers.func1()
      /Users/z/work/lux/threshold/pkg/protocol/handler.go:374 +0x78

Goroutine 2825 (running) created at:
  github.com/luxfi/threshold/pkg/protocol.(*Handler).tryAdvanceRound()
      /Users/z/work/lux/threshold/pkg/protocol/handler.go:673 +0x12e4
  github.com/luxfi/threshold/pkg/protocol.(*Handler).processMessage()
      /Users/z/work/lux/threshold/pkg/protocol/handler.go:474 +0xb70
  github.com/luxfi/threshold/pkg/protocol.(*Handler).messageWorker()
      /Users/z/work/lux/threshold/pkg/protocol/handler.go:408 +0x338
  github.com/luxfi/threshold/pkg/protocol.(*Handler).startWorkers.gowrap2()
      /Users/z/work/lux/threshold/pkg/protocol/handler.go:361 +0x44

Goroutine 2776 (running) created at:
  github.com/luxfi/threshold/pkg/protocol.(*Handler).startWorkers()
      /Users/z/work/lux/threshold/pkg/protocol/handler.go:372 +0x4fc
  github.com/luxfi/threshold/pkg/protocol.NewHandler()
      /Users/z/work/lux/threshold/pkg/protocol/handler.go:247 +0xf10
  github.com/luxfi/threshold/internal/test.(*Harness).CreateHandler()
      /Users/z/work/lux/threshold/internal/test/harness.go:91 +0x2e4
  github.com/luxfi/threshold/internal/test.RunProtocol()
      /Users/z/work/lux/threshold/internal/test/harness.go:270 +0x230
  github.com/luxfi/threshold/protocols/frost_test.TestFROSTKeygenAndSign.(*KeygenAndSign).Run.func11()
      /Users/z/work/lux/threshold/internal/test/protocol_helpers.go:114 +0x3dc
  testing.tRunner()
      /opt/homebrew/Cellar/go/1.24.6/libexec/src/testing/testing.go:1792 +0x180
  testing.(*T).Run.gowrap1()
      /opt/homebrew/Cellar/go/1.24.6/libexec/src/testing/testing.go:1851 +0x40
==================
==================
WARNING: DATA RACE
Read at 0x00c000001b38 by goroutine 2825:
  github.com/luxfi/threshold/protocols/frost/sign.(*round2).StoreBroadcastMessage()
      /Users/z/work/lux/threshold/protocols/frost/sign/round2.go:73 +0x12c
  github.com/luxfi/threshold/pkg/protocol.(*Handler).verifyBroadcastForRound()
      /Users/z/work/lux/threshold/pkg/protocol/handler.go:1277 +0x3a0
  github.com/luxfi/threshold/pkg/protocol.(*Handler).processQueuedMessages()
      /Users/z/work/lux/threshold/pkg/protocol/handler.go:1542 +0x404
  github.com/luxfi/threshold/pkg/protocol.(*Handler).tryAdvanceRound.gowrap2()
      /Users/z/work/lux/threshold/pkg/protocol/handler.go:673 +0x40

Previous write at 0x00c000001b38 by goroutine 2776:
  github.com/luxfi/threshold/protocols/frost/sign.(*round2).StoreBroadcastMessage()
      /Users/z/work/lux/threshold/protocols/frost/sign/round2.go:97 +0x4bc
  github.com/luxfi/threshold/pkg/protocol.(*Handler).verifyBroadcastForRound()
      /Users/z/work/lux/threshold/pkg/protocol/handler.go:1277 +0x3a0
  github.com/luxfi/threshold/pkg/protocol.(*Handler).retryUnprocessedMessages()
      /Users/z/work/lux/threshold/pkg/protocol/handler.go:1483 +0x22c
  github.com/luxfi/threshold/pkg/protocol.(*Handler).tryAdvanceRound()
      /Users/z/work/lux/threshold/pkg/protocol/handler.go:587 +0x28c
  github.com/luxfi/threshold/pkg/protocol.(*Handler).roundProcessor()
      /Users/z/work/lux/threshold/pkg/protocol/handler.go:569 +0xb4
  github.com/luxfi/threshold/pkg/protocol.(*Handler).startWorkers.func1()
      /Users/z/work/lux/threshold/pkg/protocol/handler.go:374 +0x78

Goroutine 2825 (running) created at:
  github.com/luxfi/threshold/pkg/protocol.(*Handler).tryAdvanceRound()
      /Users/z/work/lux/threshold/pkg/protocol/handler.go:673 +0x12e4
  github.com/luxfi/threshold/pkg/protocol.(*Handler).processMessage()
      /Users/z/work/lux/threshold/pkg/protocol/handler.go:474 +0xb70
  github.com/luxfi/threshold/pkg/protocol.(*Handler).messageWorker()
      /Users/z/work/lux/threshold/pkg/protocol/handler.go:408 +0x338
  github.com/luxfi/threshold/pkg/protocol.(*Handler).startWorkers.gowrap2()
      /Users/z/work/lux/threshold/pkg/protocol/handler.go:361 +0x44

Goroutine 2776 (running) created at:
  github.com/luxfi/threshold/pkg/protocol.(*Handler).startWorkers()
      /Users/z/work/lux/threshold/pkg/protocol/handler.go:372 +0x4fc
  github.com/luxfi/threshold/pkg/protocol.NewHandler()
      /Users/z/work/lux/threshold/pkg/protocol/handler.go:247 +0xf10
  github.com/luxfi/threshold/internal/test.(*Harness).CreateHandler()
      /Users/z/work/lux/threshold/internal/test/harness.go:91 +0x2e4
  github.com/luxfi/threshold/internal/test.RunProtocol()
      /Users/z/work/lux/threshold/internal/test/harness.go:270 +0x230
  github.com/luxfi/threshold/protocols/frost_test.TestFROSTKeygenAndSign.(*KeygenAndSign).Run.func11()
      /Users/z/work/lux/threshold/internal/test/protocol_helpers.go:114 +0x3dc
  testing.tRunner()
      /opt/homebrew/Cellar/go/1.24.6/libexec/src/testing/testing.go:1792 +0x180
  testing.(*T).Run.gowrap1()
      /opt/homebrew/Cellar/go/1.24.6/libexec/src/testing/testing.go:1851 +0x40
==================
==================
WARNING: DATA RACE
Read at 0x00c000ca7320 by goroutine 2825:
  runtime.mapdelete_fast64()
      /opt/homebrew/Cellar/go/1.24.6/libexec/src/internal/runtime/maps/runtime_fast64_swiss.go:497 +0x8c
  github.com/luxfi/threshold/protocols/frost/sign.(*round2).StoreBroadcastMessage()
      /Users/z/work/lux/threshold/protocols/frost/sign/round2.go:73 +0x160
  github.com/luxfi/threshold/pkg/protocol.(*Handler).verifyBroadcastForRound()
      /Users/z/work/lux/threshold/pkg/protocol/handler.go:1277 +0x3a0
  github.com/luxfi/threshold/pkg/protocol.(*Handler).processQueuedMessages()
      /Users/z/work/lux/threshold/pkg/protocol/handler.go:1542 +0x404
  github.com/luxfi/threshold/pkg/protocol.(*Handler).tryAdvanceRound.gowrap2()
      /Users/z/work/lux/threshold/pkg/protocol/handler.go:673 +0x40

Previous write at 0x00c000ca7320 by goroutine 2776:
  runtime.mapaccess2_faststr()
      /opt/homebrew/Cellar/go/1.24.6/libexec/src/internal/runtime/maps/runtime_faststr_swiss.go:162 +0x29c
  github.com/luxfi/threshold/protocols/frost/sign.(*round2).StoreBroadcastMessage()
      /Users/z/work/lux/threshold/protocols/frost/sign/round2.go:98 +0x51c
  github.com/luxfi/threshold/pkg/protocol.(*Handler).verifyBroadcastForRound()
      /Users/z/work/lux/threshold/pkg/protocol/handler.go:1277 +0x3a0
  github.com/luxfi/threshold/pkg/protocol.(*Handler).retryUnprocessedMessages()
      /Users/z/work/lux/threshold/pkg/protocol/handler.go:1483 +0x22c
  github.com/luxfi/threshold/pkg/protocol.(*Handler).tryAdvanceRound()
      /Users/z/work/lux/threshold/pkg/protocol/handler.go:587 +0x28c
  github.com/luxfi/threshold/pkg/protocol.(*Handler).roundProcessor()
      /Users/z/work/lux/threshold/pkg/protocol/handler.go:569 +0xb4
  github.com/luxfi/threshold/pkg/protocol.(*Handler).startWorkers.func1()
      /Users/z/work/lux/threshold/pkg/protocol/handler.go:374 +0x78

Goroutine 2825 (running) created at:
  github.com/luxfi/threshold/pkg/protocol.(*Handler).tryAdvanceRound()
      /Users/z/work/lux/threshold/pkg/protocol/handler.go:673 +0x12e4
  github.com/luxfi/threshold/pkg/protocol.(*Handler).processMessage()
      /Users/z/work/lux/threshold/pkg/protocol/handler.go:474 +0xb70
  github.com/luxfi/threshold/pkg/protocol.(*Handler).messageWorker()
      /Users/z/work/lux/threshold/pkg/protocol/handler.go:408 +0x338
  github.com/luxfi/threshold/pkg/protocol.(*Handler).startWorkers.gowrap2()
      /Users/z/work/lux/threshold/pkg/protocol/handler.go:361 +0x44

Goroutine 2776 (running) created at:
  github.com/luxfi/threshold/pkg/protocol.(*Handler).startWorkers()
      /Users/z/work/lux/threshold/pkg/protocol/handler.go:372 +0x4fc
  github.com/luxfi/threshold/pkg/protocol.NewHandler()
      /Users/z/work/lux/threshold/pkg/protocol/handler.go:247 +0xf10
  github.com/luxfi/threshold/internal/test.(*Harness).CreateHandler()
      /Users/z/work/lux/threshold/internal/test/harness.go:91 +0x2e4
  github.com/luxfi/threshold/internal/test.RunProtocol()
      /Users/z/work/lux/threshold/internal/test/harness.go:270 +0x230
  github.com/luxfi/threshold/protocols/frost_test.TestFROSTKeygenAndSign.(*KeygenAndSign).Run.func11()
      /Users/z/work/lux/threshold/internal/test/protocol_helpers.go:114 +0x3dc
  testing.tRunner()
      /opt/homebrew/Cellar/go/1.24.6/libexec/src/testing/testing.go:1792 +0x180
  testing.(*T).Run.gowrap1()
      /opt/homebrew/Cellar/go/1.24.6/libexec/src/testing/testing.go:1851 +0x40
==================
==================
WARNING: DATA RACE
Read at 0x00c000001c58 by goroutine 2825:
  github.com/luxfi/threshold/protocols/frost/sign.(*round2).StoreBroadcastMessage()
      /Users/z/work/lux/threshold/protocols/frost/sign/round2.go:73 +0x168
  github.com/luxfi/threshold/pkg/protocol.(*Handler).verifyBroadcastForRound()
      /Users/z/work/lux/threshold/pkg/protocol/handler.go:1277 +0x3a0
  github.com/luxfi/threshold/pkg/protocol.(*Handler).processQueuedMessages()
      /Users/z/work/lux/threshold/pkg/protocol/handler.go:1542 +0x404
  github.com/luxfi/threshold/pkg/protocol.(*Handler).tryAdvanceRound.gowrap2()
      /Users/z/work/lux/threshold/pkg/protocol/handler.go:673 +0x40

Previous write at 0x00c000001c58 by goroutine 2776:
  github.com/luxfi/threshold/protocols/frost/sign.(*round2).StoreBroadcastMessage()
      /Users/z/work/lux/threshold/protocols/frost/sign/round2.go:98 +0x528
  github.com/luxfi/threshold/pkg/protocol.(*Handler).verifyBroadcastForRound()
      /Users/z/work/lux/threshold/pkg/protocol/handler.go:1277 +0x3a0
  github.com/luxfi/threshold/pkg/protocol.(*Handler).retryUnprocessedMessages()
      /Users/z/work/lux/threshold/pkg/protocol/handler.go:1483 +0x22c
  github.com/luxfi/threshold/pkg/protocol.(*Handler).tryAdvanceRound()
      /Users/z/work/lux/threshold/pkg/protocol/handler.go:587 +0x28c
  github.com/luxfi/threshold/pkg/protocol.(*Handler).roundProcessor()
      /Users/z/work/lux/threshold/pkg/protocol/handler.go:569 +0xb4
  github.com/luxfi/threshold/pkg/protocol.(*Handler).startWorkers.func1()
      /Users/z/work/lux/threshold/pkg/protocol/handler.go:374 +0x78

Goroutine 2825 (running) created at:
  github.com/luxfi/threshold/pkg/protocol.(*Handler).tryAdvanceRound()
      /Users/z/work/lux/threshold/pkg/protocol/handler.go:673 +0x12e4
  github.com/luxfi/threshold/pkg/protocol.(*Handler).processMessage()
      /Users/z/work/lux/threshold/pkg/protocol/handler.go:474 +0xb70
  github.com/luxfi/threshold/pkg/protocol.(*Handler).messageWorker()
      /Users/z/work/lux/threshold/pkg/protocol/handler.go:408 +0x338
  github.com/luxfi/threshold/pkg/protocol.(*Handler).startWorkers.gowrap2()
      /Users/z/work/lux/threshold/pkg/protocol/handler.go:361 +0x44

Goroutine 2776 (running) created at:
  github.com/luxfi/threshold/pkg/protocol.(*Handler).startWorkers()
      /Users/z/work/lux/threshold/pkg/protocol/handler.go:372 +0x4fc
  github.com/luxfi/threshold/pkg/protocol.NewHandler()
      /Users/z/work/lux/threshold/pkg/protocol/handler.go:247 +0xf10
  github.com/luxfi/threshold/internal/test.(*Harness).CreateHandler()
      /Users/z/work/lux/threshold/internal/test/harness.go:91 +0x2e4
  github.com/luxfi/threshold/internal/test.RunProtocol()
      /Users/z/work/lux/threshold/internal/test/harness.go:270 +0x230
  github.com/luxfi/threshold/protocols/frost_test.TestFROSTKeygenAndSign.(*KeygenAndSign).Run.func11()
      /Users/z/work/lux/threshold/internal/test/protocol_helpers.go:114 +0x3dc
  testing.tRunner()
      /opt/homebrew/Cellar/go/1.24.6/libexec/src/testing/testing.go:1792 +0x180
  testing.(*T).Run.gowrap1()
      /opt/homebrew/Cellar/go/1.24.6/libexec/src/testing/testing.go:1851 +0x40
==================
2025-08-15T22:12:59.441-0500	DEBUG	protocol/handler.go:1039	sendRoundMessage	{"{from 15 0 d <nil>}": {"Key":"to","Type":15,"Integer":0,"String":"","Interface":null}, "{round 20 2  <nil>}": {"Key":"broadcast","Type":4,"Integer":1,"String":"","Interface":null}}
2025-08-15T22:12:59.441-0500	DEBUG	protocol/handler.go:581	tryAdvanceRound called	{"{current_round 20 2  <nil>}": {"Key":"self","Type":15,"Integer":0,"String":"a","Interface":null}}
2025-08-15T22:12:59.441-0500	DEBUG	protocol/handler.go:1591	have processed broadcast	{"{round 20 2  <nil>}": {"Key":"from","Type":15,"Integer":0,"String":"c","Interface":null}}
2025-08-15T22:12:59.441-0500	DEBUG	protocol/handler.go:1600	waiting for broadcasts	{"{round 20 2  <nil>}": {"Key":"missing","Type":15,"Integer":0,"String":"[b d]","Interface":null}}
2025-08-15T22:12:59.441-0500	DEBUG	protocol/handler.go:437	processing message	{"{from 15 0 c <nil>}": {"Key":"to","Type":15,"Integer":0,"String":"","Interface":null}, "{round 20 2  <nil>}": {"Key":"broadcast","Type":4,"Integer":1,"String":"","Interface":null}}
2025-08-15T22:12:59.441-0500	DEBUG	protocol/handler.go:437	processing message	{"{from 15 0 b <nil>}": {"Key":"to","Type":15,"Integer":0,"String":"","Interface":null}, "{round 20 2  <nil>}": {"Key":"broadcast","Type":4,"Integer":1,"String":"","Interface":null}}
2025-08-15T22:12:59.441-0500	DEBUG	protocol/handler.go:1657	storing broadcast	{"{round 20 2  <nil>}": {"Key":"from","Type":15,"Integer":0,"String":"b","Interface":null}}
2025-08-15T22:12:59.441-0500	DEBUG	protocol/handler.go:1657	storing broadcast	{"{round 20 2  <nil>}": {"Key":"from","Type":15,"Integer":0,"String":"c","Interface":null}}
2025-08-15T22:12:59.441-0500	DEBUG	protocol/handler.go:1657	storing broadcast	{"{round 20 2  <nil>}": {"Key":"from","Type":15,"Integer":0,"String":"d","Interface":null}}
2025-08-15T22:12:59.441-0500	DEBUG	protocol/handler.go:1081	sent message to output channel	{"{from 15 0 d <nil>}": {"Key":"to","Type":15,"Integer":0,"String":"","Interface":null}, "{round 20 2  <nil>}": {"Key":"broadcast","Type":4,"Integer":1,"String":"","Interface":null}}
2025-08-15T22:12:59.441-0500	DEBUG	protocol/handler.go:470	message for different round (buffering)	{"{msg_round 20 2  <nil>}": {"Key":"current_round","Type":20,"Integer":1,"String":"","Interface":null}}
2025-08-15T22:12:59.442-0500	DEBUG	protocol/handler.go:1182	finalized round messages	{"{round 20 1  <nil>}": {"Key":"messages","Type":11,"Integer":1,"String":"","Interface":null}}
2025-08-15T22:12:59.442-0500	DEBUG	protocol/handler.go:1239	finalize returned next round	{"{current 20 1  <nil>}": {"Key":"next","Type":20,"Integer":2,"String":"","Interface":null}}
2025-08-15T22:12:59.442-0500	DEBUG	protocol/handler.go:581	tryAdvanceRound called	{"{current_round 20 1  <nil>}": {"Key":"self","Type":15,"Integer":0,"String":"d","Interface":null}}
2025-08-15T22:12:59.442-0500	DEBUG	protocol/handler.go:437	processing message	{"{from 15 0 d <nil>}": {"Key":"to","Type":15,"Integer":0,"String":"","Interface":null}, "{round 20 2  <nil>}": {"Key":"broadcast","Type":4,"Integer":1,"String":"","Interface":null}}
2025-08-15T22:12:59.442-0500	DEBUG	protocol/handler.go:1657	storing broadcast	{"{round 20 2  <nil>}": {"Key":"from","Type":15,"Integer":0,"String":"d","Interface":null}}
2025-08-15T22:12:59.442-0500	DEBUG	protocol/handler.go:1649	have all messages and processed	{"{round 20 1  <nil>}": {"Key":"self","Type":15,"Integer":0,"String":"d","Interface":null}}
2025-08-15T22:12:59.442-0500	DEBUG	protocol/handler.go:596	round already finalized
2025-08-15T22:12:59.442-0500	DEBUG	protocol/handler.go:600	current round already advanced	{"{checking 20 1  <nil>}": {"Key":"current","Type":20,"Integer":2,"String":"","Interface":null}}
2025-08-15T22:12:59.442-0500	INFO	protocol/handler.go:642	storing new currentRound	{"{from 20 1  <nil>}": {"Key":"to","Type":20,"Integer":2,"String":"","Interface":null}}
2025-08-15T22:12:59.442-0500	DEBUG	protocol/handler.go:1503	processing queued messages
2025-08-15T22:12:59.442-0500	DEBUG	protocol/handler.go:1503	processing queued messages
2025-08-15T22:12:59.443-0500	DEBUG	protocol/handler.go:581	tryAdvanceRound called	{"{current_round 20 2  <nil>}": {"Key":"self","Type":15,"Integer":0,"String":"a","Interface":null}}
==================
WARNING: DATA RACE
Write at 0x00c000ca7140 by goroutine 2748:
  runtime.mapaccess2_faststr()
      /opt/homebrew/Cellar/go/1.24.6/libexec/src/internal/runtime/maps/runtime_faststr_swiss.go:162 +0x29c
  github.com/luxfi/threshold/protocols/frost/sign.(*round2).StoreBroadcastMessage()
      /Users/z/work/lux/threshold/protocols/frost/sign/round2.go:97 +0x4b0
  github.com/luxfi/threshold/pkg/protocol.(*Handler).verifyBroadcast()
      /Users/z/work/lux/threshold/pkg/protocol/handler.go:1392 +0x648
  github.com/luxfi/threshold/pkg/protocol.(*Handler).processMessage()
      /Users/z/work/lux/threshold/pkg/protocol/handler.go:480 +0xb9c
  github.com/luxfi/threshold/pkg/protocol.(*Handler).messageWorker()
      /Users/z/work/lux/threshold/pkg/protocol/handler.go:408 +0x338
  github.com/luxfi/threshold/pkg/protocol.(*Handler).startWorkers.gowrap2()
      /Users/z/work/lux/threshold/pkg/protocol/handler.go:361 +0x44

Previous read at 0x00c000ca7140 by goroutine 2749:
  runtime.mapdelete_fast64()
      /opt/homebrew/Cellar/go/1.24.6/libexec/src/internal/runtime/maps/runtime_fast64_swiss.go:497 +0x8c
  github.com/luxfi/threshold/protocols/frost/sign.(*round2).StoreBroadcastMessage()
      /Users/z/work/lux/threshold/protocols/frost/sign/round2.go:73 +0x124
  github.com/luxfi/threshold/pkg/protocol.(*Handler).verifyBroadcastForRound()
      /Users/z/work/lux/threshold/pkg/protocol/handler.go:1277 +0x3a0
  github.com/luxfi/threshold/pkg/protocol.(*Handler).retryUnprocessedMessages()
      /Users/z/work/lux/threshold/pkg/protocol/handler.go:1483 +0x22c
  github.com/luxfi/threshold/pkg/protocol.(*Handler).tryAdvanceRound()
      /Users/z/work/lux/threshold/pkg/protocol/handler.go:587 +0x28c
  github.com/luxfi/threshold/pkg/protocol.(*Handler).roundProcessor()
      /Users/z/work/lux/threshold/pkg/protocol/handler.go:569 +0xb4
  github.com/luxfi/threshold/pkg/protocol.(*Handler).startWorkers.func1()
      /Users/z/work/lux/threshold/pkg/protocol/handler.go:374 +0x78

Goroutine 2748 (running) created at:
  github.com/luxfi/threshold/pkg/protocol.(*Handler).startWorkers()
      /Users/z/work/lux/threshold/pkg/protocol/handler.go:361 +0x334
  github.com/luxfi/threshold/pkg/protocol.NewHandler()
      /Users/z/work/lux/threshold/pkg/protocol/handler.go:247 +0xf10
  github.com/luxfi/threshold/internal/test.(*Harness).CreateHandler()
      /Users/z/work/lux/threshold/internal/test/harness.go:91 +0x2e4
  github.com/luxfi/threshold/internal/test.RunProtocol()
      /Users/z/work/lux/threshold/internal/test/harness.go:270 +0x230
  github.com/luxfi/threshold/protocols/frost_test.TestFROSTKeygenAndSign.(*KeygenAndSign).Run.func11()
      /Users/z/work/lux/threshold/internal/test/protocol_helpers.go:114 +0x3dc
  testing.tRunner()
      /opt/homebrew/Cellar/go/1.24.6/libexec/src/testing/testing.go:1792 +0x180
  testing.(*T).Run.gowrap1()
      /opt/homebrew/Cellar/go/1.24.6/libexec/src/testing/testing.go:1851 +0x40

Goroutine 2749 (running) created at:
  github.com/luxfi/threshold/pkg/protocol.(*Handler).startWorkers()
      /Users/z/work/lux/threshold/pkg/protocol/handler.go:372 +0x4fc
  github.com/luxfi/threshold/pkg/protocol.NewHandler()
      /Users/z/work/lux/threshold/pkg/protocol/handler.go:247 +0xf10
  github.com/luxfi/threshold/internal/test.(*Harness).CreateHandler()
      /Users/z/work/lux/threshold/internal/test/harness.go:91 +0x2e4
  github.com/luxfi/threshold/internal/test.RunProtocol()
      /Users/z/work/lux/threshold/internal/test/harness.go:270 +0x230
  github.com/luxfi/threshold/protocols/frost_test.TestFROSTKeygenAndSign.(*KeygenAndSign).Run.func11()
      /Users/z/work/lux/threshold/internal/test/protocol_helpers.go:114 +0x3dc
  testing.tRunner()
      /opt/homebrew/Cellar/go/1.24.6/libexec/src/testing/testing.go:1792 +0x180
  testing.(*T).Run.gowrap1()
      /opt/homebrew/Cellar/go/1.24.6/libexec/src/testing/testing.go:1851 +0x40
==================
2025-08-15T22:12:59.443-0500	DEBUG	protocol/handler.go:1591	have processed broadcast	{"{round 20 2  <nil>}": {"Key":"from","Type":15,"Integer":0,"String":"b","Interface":null}}
2025-08-15T22:12:59.443-0500	DEBUG	protocol/handler.go:581	tryAdvanceRound called	{"{current_round 20 2  <nil>}": {"Key":"self","Type":15,"Integer":0,"String":"b","Interface":null}}
2025-08-15T22:12:59.443-0500	DEBUG	protocol/handler.go:1591	have processed broadcast	{"{round 20 2  <nil>}": {"Key":"from","Type":15,"Integer":0,"String":"c","Interface":null}}
2025-08-15T22:12:59.443-0500	DEBUG	protocol/handler.go:1600	waiting for broadcasts	{"{round 20 2  <nil>}": {"Key":"missing","Type":15,"Integer":0,"String":"[d]","Interface":null}}
2025-08-15T22:12:59.439-0500	DEBUG	protocol/handler.go:403	worker stopping
2025-08-15T22:12:59.439-0500	DEBUG	protocol/handler.go:403	worker stopping
2025-08-15T22:12:59.439-0500	DEBUG	protocol/handler.go:403	worker stopping
2025-08-15T22:12:59.440-0500	DEBUG	protocol/handler.go:403	worker stopping
2025-08-15T22:12:59.440-0500	DEBUG	protocol/handler.go:403	worker stopping
2025-08-15T22:12:59.440-0500	DEBUG	protocol/handler.go:403	worker stopping
2025-08-15T22:12:59.440-0500	DEBUG	protocol/handler.go:403	worker stopping
2025-08-15T22:12:59.440-0500	DEBUG	protocol/handler.go:403	worker stopping
2025-08-15T22:12:59.440-0500	DEBUG	protocol/handler.go:403	worker stopping
2025-08-15T22:12:59.440-0500	DEBUG	protocol/handler.go:403	worker stopping
2025-08-15T22:12:59.440-0500	DEBUG	protocol/handler.go:403	worker stopping
2025-08-15T22:12:59.440-0500	DEBUG	protocol/handler.go:403	worker stopping
2025-08-15T22:12:59.440-0500	DEBUG	protocol/handler.go:403	worker stopping
2025-08-15T22:12:59.440-0500	DEBUG	protocol/handler.go:403	worker stopping
2025-08-15T22:12:59.440-0500	DEBUG	protocol/handler.go:403	worker stopping
2025-08-15T22:12:59.443-0500	DEBUG	protocol/handler.go:954	round already being initialized/finalized, skipping
2025-08-15T22:12:59.443-0500	DEBUG	protocol/handler.go:437	processing message	{"{from 15 0 d <nil>}": {"Key":"to","Type":15,"Integer":0,"String":"","Interface":null}, "{round 20 2  <nil>}": {"Key":"broadcast","Type":4,"Integer":1,"String":"","Interface":null}}
2025-08-15T22:12:59.443-0500	DEBUG	protocol/handler.go:1657	storing broadcast	{"{round 20 2  <nil>}": {"Key":"from","Type":15,"Integer":0,"String":"d","Interface":null}}
2025-08-15T22:12:59.445-0500	DEBUG	protocol/handler.go:581	tryAdvanceRound called	{"{current_round 20 2  <nil>}": {"Key":"self","Type":15,"Integer":0,"String":"c","Interface":null}}
2025-08-15T22:12:59.445-0500	DEBUG	protocol/handler.go:1591	have processed broadcast	{"{round 20 2  <nil>}": {"Key":"from","Type":15,"Integer":0,"String":"a","Interface":null}}
2025-08-15T22:12:59.445-0500	DEBUG	protocol/handler.go:1591	have processed broadcast	{"{round 20 2  <nil>}": {"Key":"from","Type":15,"Integer":0,"String":"d","Interface":null}}
2025-08-15T22:12:59.445-0500	DEBUG	protocol/handler.go:1600	waiting for broadcasts	{"{round 20 2  <nil>}": {"Key":"missing","Type":15,"Integer":0,"String":"[b]","Interface":null}}
2025-08-15T22:12:59.445-0500	DEBUG	protocol/handler.go:437	processing message	{"{from 15 0 b <nil>}": {"Key":"to","Type":15,"Integer":0,"String":"","Interface":null}, "{round 20 2  <nil>}": {"Key":"broadcast","Type":4,"Integer":1,"String":"","Interface":null}}
2025-08-15T22:12:59.445-0500	DEBUG	protocol/handler.go:1657	storing broadcast	{"{round 20 2  <nil>}": {"Key":"from","Type":15,"Integer":0,"String":"b","Interface":null}}
2025-08-15T22:12:59.445-0500	DEBUG	protocol/handler.go:437	processing message	{"{from 15 0 d <nil>}": {"Key":"to","Type":15,"Integer":0,"String":"","Interface":null}, "{round 20 2  <nil>}": {"Key":"broadcast","Type":4,"Integer":1,"String":"","Interface":null}}
2025-08-15T22:12:59.445-0500	DEBUG	protocol/handler.go:1657	storing broadcast	{"{round 20 2  <nil>}": {"Key":"from","Type":15,"Integer":0,"String":"d","Interface":null}}
2025-08-15T22:12:59.445-0500	DEBUG	protocol/handler.go:437	processing message	{"{from 15 0 b <nil>}": {"Key":"to","Type":15,"Integer":0,"String":"","Interface":null}, "{round 20 2  <nil>}": {"Key":"broadcast","Type":4,"Integer":1,"String":"","Interface":null}}
2025-08-15T22:12:59.445-0500	DEBUG	protocol/handler.go:1657	storing broadcast	{"{round 20 2  <nil>}": {"Key":"from","Type":15,"Integer":0,"String":"b","Interface":null}}
2025-08-15T22:12:59.446-0500	DEBUG	protocol/handler.go:581	tryAdvanceRound called	{"{current_round 20 2  <nil>}": {"Key":"self","Type":15,"Integer":0,"String":"a","Interface":null}}
2025-08-15T22:12:59.446-0500	DEBUG	protocol/handler.go:1591	have processed broadcast	{"{round 20 2  <nil>}": {"Key":"from","Type":15,"Integer":0,"String":"b","Interface":null}}
2025-08-15T22:12:59.446-0500	DEBUG	protocol/handler.go:1591	have processed broadcast	{"{round 20 2  <nil>}": {"Key":"from","Type":15,"Integer":0,"String":"c","Interface":null}}
2025-08-15T22:12:59.446-0500	DEBUG	protocol/handler.go:581	tryAdvanceRound called	{"{current_round 20 2  <nil>}": {"Key":"self","Type":15,"Integer":0,"String":"d","Interface":null}}
2025-08-15T22:12:59.446-0500	DEBUG	protocol/handler.go:1591	have processed broadcast	{"{round 20 2  <nil>}": {"Key":"from","Type":15,"Integer":0,"String":"a","Interface":null}}
2025-08-15T22:12:59.446-0500	DEBUG	protocol/handler.go:1591	have processed broadcast	{"{round 20 2  <nil>}": {"Key":"from","Type":15,"Integer":0,"String":"d","Interface":null}}
2025-08-15T22:12:59.447-0500	DEBUG	protocol/handler.go:1649	have all messages and processed	{"{round 20 2  <nil>}": {"Key":"self","Type":15,"Integer":0,"String":"a","Interface":null}}
2025-08-15T22:12:59.447-0500	DEBUG	protocol/handler.go:437	processing message	{"{from 15 0 c <nil>}": {"Key":"to","Type":15,"Integer":0,"String":"","Interface":null}, "{round 20 2  <nil>}": {"Key":"broadcast","Type":4,"Integer":1,"String":"","Interface":null}}
2025-08-15T22:12:59.447-0500	DEBUG	protocol/handler.go:619	finalizing round
2025-08-15T22:12:59.447-0500	DEBUG	protocol/handler.go:1591	have processed broadcast	{"{round 20 2  <nil>}": {"Key":"from","Type":15,"Integer":0,"String":"b","Interface":null}}
2025-08-15T22:12:59.447-0500	DEBUG	protocol/handler.go:1657	storing broadcast	{"{round 20 2  <nil>}": {"Key":"from","Type":15,"Integer":0,"String":"c","Interface":null}}
2025-08-15T22:12:59.447-0500	DEBUG	protocol/handler.go:1591	have processed broadcast	{"{round 20 2  <nil>}": {"Key":"from","Type":15,"Integer":0,"String":"c","Interface":null}}
2025-08-15T22:12:59.447-0500	DEBUG	protocol/handler.go:1649	have all messages and processed	{"{round 20 2  <nil>}": {"Key":"self","Type":15,"Integer":0,"String":"d","Interface":null}}
2025-08-15T22:12:59.447-0500	DEBUG	protocol/handler.go:619	finalizing round
==================
WARNING: DATA RACE
Write at 0x00c000ca7140 by goroutine 2749:
  runtime.mapaccess2_faststr()
      /opt/homebrew/Cellar/go/1.24.6/libexec/src/internal/runtime/maps/runtime_faststr_swiss.go:162 +0x29c
  github.com/luxfi/threshold/protocols/frost/sign.(*round2).StoreBroadcastMessage()
      /Users/z/work/lux/threshold/protocols/frost/sign/round2.go:97 +0x4b0
  github.com/luxfi/threshold/pkg/protocol.(*Handler).verifyBroadcastForRound()
      /Users/z/work/lux/threshold/pkg/protocol/handler.go:1277 +0x3a0
  github.com/luxfi/threshold/pkg/protocol.(*Handler).retryUnprocessedMessages()
      /Users/z/work/lux/threshold/pkg/protocol/handler.go:1483 +0x22c
  github.com/luxfi/threshold/pkg/protocol.(*Handler).tryAdvanceRound()
      /Users/z/work/lux/threshold/pkg/protocol/handler.go:587 +0x28c
  github.com/luxfi/threshold/pkg/protocol.(*Handler).roundProcessor()
      /Users/z/work/lux/threshold/pkg/protocol/handler.go:569 +0xb4
  github.com/luxfi/threshold/pkg/protocol.(*Handler).startWorkers.func1()
      /Users/z/work/lux/threshold/pkg/protocol/handler.go:374 +0x78

Previous write at 0x00c000ca7140 by goroutine 2748:
  runtime.mapaccess2_faststr()
      /opt/homebrew/Cellar/go/1.24.6/libexec/src/internal/runtime/maps/runtime_faststr_swiss.go:162 +0x29c
  github.com/luxfi/threshold/protocols/frost/sign.(*round2).StoreBroadcastMessage()
      /Users/z/work/lux/threshold/protocols/frost/sign/round2.go:97 +0x4b0
  github.com/luxfi/threshold/pkg/protocol.(*Handler).verifyBroadcastForRound()
      /Users/z/work/lux/threshold/pkg/protocol/handler.go:1277 +0x3a0
  github.com/luxfi/threshold/pkg/protocol.(*Handler).retryUnprocessedMessages()
      /Users/z/work/lux/threshold/pkg/protocol/handler.go:1483 +0x22c
  github.com/luxfi/threshold/pkg/protocol.(*Handler).tryAdvanceRound()
      /Users/z/work/lux/threshold/pkg/protocol/handler.go:587 +0x28c
  github.com/luxfi/threshold/pkg/protocol.(*Handler).processMessage()
      /Users/z/work/lux/threshold/pkg/protocol/handler.go:486 +0xbb0
2025-08-15T22:12:59.448-0500	DEBUG	protocol/handler.go:581	tryAdvanceRound called	{"{current_round 20 2  <nil>}": {"Key":"self","Type":15,"Integer":0,"String":"b","Interface":null}}
2025-08-15T22:12:59.448-0500	DEBUG	protocol/handler.go:581	tryAdvanceRound called	{"{current_round 20 2  <nil>}": {"Key":"self","Type":15,"Integer":0,"String":"c","Interface":null}}
2025-08-15T22:12:59.448-0500	DEBUG	protocol/handler.go:1591	have processed broadcast	{"{round 20 2  <nil>}": {"Key":"from","Type":15,"Integer":0,"String":"a","Interface":null}}
  github.com/luxfi/threshold/pkg/protocol.(*Handler).messageWorker()
      /Users/z/work/lux/threshold/pkg/protocol/handler.go:408 +0x338
  github.com/luxfi/threshold/pkg/protocol.(*Handler).startWorkers.gowrap2()
      /Users/z/work/lux/threshold/pkg/protocol/handler.go:361 +0x44

Goroutine 2749 (running) created at:
  github.com/luxfi/threshold/pkg/protocol.(*Handler).startWorkers()
      /Users/z/work/lux/threshold/pkg/protocol/handler.go:372 +0x4fc
  github.com/luxfi/threshold/pkg/protocol.NewHandler()
      /Users/z/work/lux/threshold/pkg/protocol/handler.go:247 +0xf10
  github.com/luxfi/threshold/internal/test.(*Harness).CreateHandler()
      /Users/z/work/lux/threshold/internal/test/harness.go:91 +0x2e4
  github.com/luxfi/threshold/internal/test.RunProtocol()
      /Users/z/work/lux/threshold/internal/test/harness.go:270 +0x230
  github.com/luxfi/threshold/protocols/frost_test.TestFROSTKeygenAndSign.(*KeygenAndSign).Run.func11()
      /Users/z/work/lux/threshold/internal/test/protocol_helpers.go:114 +0x3dc
  testing.tRunner()
      /opt/homebrew/Cellar/go/1.24.6/libexec/src/testing/testing.go:1792 +0x180
  testing.(*T).Run.gowrap1()
      /opt/homebrew/Cellar/go/1.24.6/libexec/src/testing/testing.go:1851 +0x40

Goroutine 2748 (running) created at:
  github.com/luxfi/threshold/pkg/protocol.(*Handler).startWorkers()
      /Users/z/work/lux/threshold/pkg/protocol/handler.go:361 +0x334
  github.com/luxfi/threshold/pkg/protocol.NewHandler()
      /Users/z/work/lux/threshold/pkg/protocol/handler.go:247 +0xf10
  github.com/luxfi/threshold/internal/test.(*Harness).CreateHandler()
      /Users/z/work/lux/threshold/internal/test/harness.go:91 +0x2e4
  github.com/luxfi/threshold/internal/test.RunProtocol()
      /Users/z/work/lux/threshold/internal/test/harness.go:270 +0x230
  github.com/luxfi/threshold/protocols/frost_test.TestFROSTKeygenAndSign.(*KeygenAndSign).Run.func11()
      /Users/z/work/lux/threshold/internal/test/protocol_helpers.go:114 +0x3dc
  testing.tRunner()
      /opt/homebrew/Cellar/go/1.24.6/libexec/src/testing/testing.go:1792 +0x180
  testing.(*T).Run.gowrap1()
      /opt/homebrew/Cellar/go/1.24.6/libexec/src/testing/testing.go:1851 +0x40
==================
2025-08-15T22:12:59.450-0500	DEBUG	protocol/handler.go:1591	have processed broadcast	{"{round 20 2  <nil>}": {"Key":"from","Type":15,"Integer":0,"String":"b","Interface":null}}
2025-08-15T22:12:59.450-0500	DEBUG	protocol/handler.go:1591	have processed broadcast	{"{round 20 2  <nil>}": {"Key":"from","Type":15,"Integer":0,"String":"d","Interface":null}}
2025-08-15T22:12:59.450-0500	DEBUG	protocol/handler.go:1649	have all messages and processed	{"{round 20 2  <nil>}": {"Key":"self","Type":15,"Integer":0,"String":"c","Interface":null}}
2025-08-15T22:12:59.450-0500	DEBUG	protocol/handler.go:619	finalizing round
==================
WARNING: DATA RACE
Write at 0x00c000001918 by goroutine 2749:
  github.com/luxfi/threshold/protocols/frost/sign.(*round2).StoreBroadcastMessage()
      /Users/z/work/lux/threshold/protocols/frost/sign/round2.go:97 +0x4bc
  github.com/luxfi/threshold/pkg/protocol.(*Handler).verifyBroadcastForRound()
      /Users/z/work/lux/threshold/pkg/protocol/handler.go:1277 +0x3a0
  github.com/luxfi/threshold/pkg/protocol.(*Handler).retryUnprocessedMessages()
      /Users/z/work/lux/threshold/pkg/protocol/handler.go:1483 +0x22c
  github.com/luxfi/threshold/pkg/protocol.(*Handler).tryAdvanceRound()
      /Users/z/work/lux/threshold/pkg/protocol/handler.go:587 +0x28c
  github.com/luxfi/threshold/pkg/protocol.(*Handler).roundProcessor()
      /Users/z/work/lux/threshold/pkg/protocol/handler.go:569 +0xb4
2025-08-15T22:12:59.450-0500	DEBUG	protocol/handler.go:954	round already being initialized/finalized, skipping
  github.com/luxfi/threshold/pkg/protocol.(*Handler).startWorkers.func1()
      /Users/z/work/lux/threshold/pkg/protocol/handler.go:374 +0x78

Previous write at 0x00c000001918 by goroutine 2748:
  github.com/luxfi/threshold/protocols/frost/sign.(*round2).StoreBroadcastMessage()
      /Users/z/work/lux/threshold/protocols/frost/sign/round2.go:97 +0x4bc
  github.com/luxfi/threshold/pkg/protocol.(*Handler).verifyBroadcastForRound()
      /Users/z/work/lux/threshold/pkg/protocol/handler.go:1277 +0x3a0
  github.com/luxfi/threshold/pkg/protocol.(*Handler).retryUnprocessedMessages()
      /Users/z/work/lux/threshold/pkg/protocol/handler.go:1483 +0x22c
  github.com/luxfi/threshold/pkg/protocol.(*Handler).tryAdvanceRound()
      /Users/z/work/lux/threshold/pkg/protocol/handler.go:587 +0x28c
  github.com/luxfi/threshold/pkg/protocol.(*Handler).processMessage()
      /Users/z/work/lux/threshold/pkg/protocol/handler.go:486 +0xbb0
  github.com/luxfi/threshold/pkg/protocol.(*Handler).messageWorker()
      /Users/z/work/lux/threshold/pkg/protocol/handler.go:408 +0x338
  github.com/luxfi/threshold/pkg/protocol.(*Handler).startWorkers.gowrap2()
      /Users/z/work/lux/threshold/pkg/protocol/handler.go:361 +0x44

Goroutine 2749 (running) created at:
  github.com/luxfi/threshold/pkg/protocol.(*Handler).startWorkers()
      /Users/z/work/lux/threshold/pkg/protocol/handler.go:372 +0x4fc
  github.com/luxfi/threshold/pkg/protocol.NewHandler()
      /Users/z/work/lux/threshold/pkg/protocol/handler.go:247 +0xf10
  github.com/luxfi/threshold/internal/test.(*Harness).CreateHandler()
      /Users/z/work/lux/threshold/internal/test/harness.go:91 +0x2e4
  github.com/luxfi/threshold/internal/test.RunProtocol()
      /Users/z/work/lux/threshold/internal/test/harness.go:270 +0x230
  github.com/luxfi/threshold/protocols/frost_test.TestFROSTKeygenAndSign.(*KeygenAndSign).Run.func11()
      /Users/z/work/lux/threshold/internal/test/protocol_helpers.go:114 +0x3dc
  testing.tRunner()
      /opt/homebrew/Cellar/go/1.24.6/libexec/src/testing/testing.go:1792 +0x180
  testing.(*T).Run.gowrap1()
      /opt/homebrew/Cellar/go/1.24.6/libexec/src/testing/testing.go:1851 +0x40

Goroutine 2748 (running) created at:
  github.com/luxfi/threshold/pkg/protocol.(*Handler).startWorkers()
      /Users/z/work/lux/threshold/pkg/protocol/handler.go:361 +0x334
  github.com/luxfi/threshold/pkg/protocol.NewHandler()
      /Users/z/work/lux/threshold/pkg/protocol/handler.go:247 +0xf10
  github.com/luxfi/threshold/internal/test.(*Harness).CreateHandler()
      /Users/z/work/lux/threshold/internal/test/harness.go:91 +0x2e4
  github.com/luxfi/threshold/internal/test.RunProtocol()
      /Users/z/work/lux/threshold/internal/test/harness.go:270 +0x230
  github.com/luxfi/threshold/protocols/frost_test.TestFROSTKeygenAndSign.(*KeygenAndSign).Run.func11()
      /Users/z/work/lux/threshold/internal/test/protocol_helpers.go:114 +0x3dc
  testing.tRunner()
      /opt/homebrew/Cellar/go/1.24.6/libexec/src/testing/testing.go:1792 +0x180
  testing.(*T).Run.gowrap1()
      /opt/homebrew/Cellar/go/1.24.6/libexec/src/testing/testing.go:1851 +0x40
==================
2025-08-15T22:12:59.450-0500	DEBUG	protocol/handler.go:581	tryAdvanceRound called	{"{current_round 20 2  <nil>}": {"Key":"self","Type":15,"Integer":0,"String":"c","Interface":null}}
==================
WARNING: DATA RACE
Write at 0x00c000ca7170 by goroutine 2749:
  runtime.mapaccess2_faststr()
      /opt/homebrew/Cellar/go/1.24.6/libexec/src/internal/runtime/maps/runtime_faststr_swiss.go:162 +0x29c
  github.com/luxfi/threshold/protocols/frost/sign.(*round2).StoreBroadcastMessage()
      /Users/z/work/lux/threshold/protocols/frost/sign/round2.go:98 +0x51c
  github.com/luxfi/threshold/pkg/protocol.(*Handler).verifyBroadcastForRound()
      /Users/z/work/lux/threshold/pkg/protocol/handler.go:1277 +0x3a0
  github.com/luxfi/threshold/pkg/protocol.(*Handler).retryUnprocessedMessages()
      /Users/z/work/lux/threshold/pkg/protocol/handler.go:1483 +0x22c
  github.com/luxfi/threshold/pkg/protocol.(*Handler).tryAdvanceRound()
      /Users/z/work/lux/threshold/pkg/protocol/handler.go:587 +0x28c
  github.com/luxfi/threshold/pkg/protocol.(*Handler).roundProcessor()
      /Users/z/work/lux/threshold/pkg/protocol/handler.go:569 +0xb4
  github.com/luxfi/threshold/pkg/protocol.(*Handler).startWorkers.func1()
      /Users/z/work/lux/threshold/pkg/protocol/handler.go:374 +0x78

Previous write at 0x00c000ca7170 by goroutine 2748:
  runtime.mapaccess2_faststr()
      /opt/homebrew/Cellar/go/1.24.6/libexec/src/internal/runtime/maps/runtime_faststr_swiss.go:162 +0x29c
  github.com/luxfi/threshold/protocols/frost/sign.(*round2).StoreBroadcastMessage()
      /Users/z/work/lux/threshold/protocols/frost/sign/round2.go:98 +0x51c
  github.com/luxfi/threshold/pkg/protocol.(*Handler).verifyBroadcastForRound()
      /Users/z/work/lux/threshold/pkg/protocol/handler.go:1277 +0x3a0
  github.com/luxfi/threshold/pkg/protocol.(*Handler).retryUnprocessedMessages()
      /Users/z/work/lux/threshold/pkg/protocol/handler.go:1483 +0x22c
  github.com/luxfi/threshold/pkg/protocol.(*Handler).tryAdvanceRound()
      /Users/z/work/lux/threshold/pkg/protocol/handler.go:587 +0x28c
  github.com/luxfi/threshold/pkg/protocol.(*Handler).processMessage()
      /Users/z/work/lux/threshold/pkg/protocol/handler.go:486 +0xbb0
  github.com/luxfi/threshold/pkg/protocol.(*Handler).messageWorker()
      /Users/z/work/lux/threshold/pkg/protocol/handler.go:408 +0x338
  github.com/luxfi/threshold/pkg/protocol.(*Handler).startWorkers.gowrap2()
      /Users/z/work/lux/threshold/pkg/protocol/handler.go:361 +0x44

Goroutine 2749 (running) created at:
  github.com/luxfi/threshold/pkg/protocol.(*Handler).startWorkers()
      /Users/z/work/lux/threshold/pkg/protocol/handler.go:372 +0x4fc
  github.com/luxfi/threshold/pkg/protocol.NewHandler()
      /Users/z/work/lux/threshold/pkg/protocol/handler.go:247 +0xf10
  github.com/luxfi/threshold/internal/test.(*Harness).CreateHandler()
      /Users/z/work/lux/threshold/internal/test/harness.go:91 +0x2e4
  github.com/luxfi/threshold/internal/test.RunProtocol()
      /Users/z/work/lux/threshold/internal/test/harness.go:270 +0x230
  github.com/luxfi/threshold/protocols/frost_test.TestFROSTKeygenAndSign.(*KeygenAndSign).Run.func11()
      /Users/z/work/lux/threshold/internal/test/protocol_helpers.go:114 +0x3dc
  testing.tRunner()
      /opt/homebrew/Cellar/go/1.24.6/libexec/src/testing/testing.go:1792 +0x180
  testing.(*T).Run.gowrap1()
      /opt/homebrew/Cellar/go/1.24.6/libexec/src/testing/testing.go:1851 +0x40

Goroutine 2748 (running) created at:
  github.com/luxfi/threshold/pkg/protocol.(*Handler).startWorkers()
      /Users/z/work/lux/threshold/pkg/protocol/handler.go:361 +0x334
  github.com/luxfi/threshold/pkg/protocol.NewHandler()
      /Users/z/work/lux/threshold/pkg/protocol/handler.go:247 +0xf10
  github.com/luxfi/threshold/internal/test.(*Harness).CreateHandler()
      /Users/z/work/lux/threshold/internal/test/harness.go:91 +0x2e4
  github.com/luxfi/threshold/internal/test.RunProtocol()
      /Users/z/work/lux/threshold/internal/test/harness.go:270 +0x230
  github.com/luxfi/threshold/protocols/frost_test.TestFROSTKeygenAndSign.(*KeygenAndSign).Run.func11()
      /Users/z/work/lux/threshold/internal/test/protocol_helpers.go:114 +0x3dc
  testing.tRunner()
      /opt/homebrew/Cellar/go/1.24.6/libexec/src/testing/testing.go:1792 +0x180
  testing.(*T).Run.gowrap1()
      /opt/homebrew/Cellar/go/1.24.6/libexec/src/testing/testing.go:1851 +0x40
==================
==================
WARNING: DATA RACE
Write at 0x00c000001a38 by goroutine 2749:
  github.com/luxfi/threshold/protocols/frost/sign.(*round2).StoreBroadcastMessage()
      /Users/z/work/lux/threshold/protocols/frost/sign/round2.go:98 +0x528
  github.com/luxfi/threshold/pkg/protocol.(*Handler).verifyBroadcastForRound()
      /Users/z/work/lux/threshold/pkg/protocol/handler.go:1277 +0x3a0
  github.com/luxfi/threshold/pkg/protocol.(*Handler).retryUnprocessedMessages()
      /Users/z/work/lux/threshold/pkg/protocol/handler.go:1483 +0x22c
  github.com/luxfi/threshold/pkg/protocol.(*Handler).tryAdvanceRound()
      /Users/z/work/lux/threshold/pkg/protocol/handler.go:587 +0x28c
  github.com/luxfi/threshold/pkg/protocol.(*Handler).roundProcessor()
      /Users/z/work/lux/threshold/pkg/protocol/handler.go:569 +0xb4
  github.com/luxfi/threshold/pkg/protocol.(*Handler).startWorkers.func1()
      /Users/z/work/lux/threshold/pkg/protocol/handler.go:374 +0x78

Previous write at 0x00c000001a38 by goroutine 2748:
  github.com/luxfi/threshold/protocols/frost/sign.(*round2).StoreBroadcastMessage()
      /Users/z/work/lux/threshold/protocols/frost/sign/round2.go:98 +0x528
  github.com/luxfi/threshold/pkg/protocol.(*Handler).verifyBroadcastForRound()
      /Users/z/work/lux/threshold/pkg/protocol/handler.go:1277 +0x3a0
  github.com/luxfi/threshold/pkg/protocol.(*Handler).retryUnprocessedMessages()
      /Users/z/work/lux/threshold/pkg/protocol/handler.go:1483 +0x22c
  github.com/luxfi/threshold/pkg/protocol.(*Handler).tryAdvanceRound()
      /Users/z/work/lux/threshold/pkg/protocol/handler.go:587 +0x28c
  github.com/luxfi/threshold/pkg/protocol.(*Handler).processMessage()
      /Users/z/work/lux/threshold/pkg/protocol/handler.go:486 +0xbb0
  github.com/luxfi/threshold/pkg/protocol.(*Handler).messageWorker()
      /Users/z/work/lux/threshold/pkg/protocol/handler.go:408 +0x338
  github.com/luxfi/threshold/pkg/protocol.(*Handler).startWorkers.gowrap2()
      /Users/z/work/lux/threshold/pkg/protocol/handler.go:361 +0x44

Goroutine 2749 (running) created at:
  github.com/luxfi/threshold/pkg/protocol.(*Handler).startWorkers()
      /Users/z/work/lux/threshold/pkg/protocol/handler.go:372 +0x4fc
  github.com/luxfi/threshold/pkg/protocol.NewHandler()
      /Users/z/work/lux/threshold/pkg/protocol/handler.go:247 +0xf10
  github.com/luxfi/threshold/internal/test.(*Harness).CreateHandler()
      /Users/z/work/lux/threshold/internal/test/harness.go:91 +0x2e4
  github.com/luxfi/threshold/internal/test.RunProtocol()
      /Users/z/work/lux/threshold/internal/test/harness.go:270 +0x230
  github.com/luxfi/threshold/protocols/frost_test.TestFROSTKeygenAndSign.(*KeygenAndSign).Run.func11()
      /Users/z/work/lux/threshold/internal/test/protocol_helpers.go:114 +0x3dc
  testing.tRunner()
      /opt/homebrew/Cellar/go/1.24.6/libexec/src/testing/testing.go:1792 +0x180
  testing.(*T).Run.gowrap1()
      /opt/homebrew/Cellar/go/1.24.6/libexec/src/testing/testing.go:1851 +0x40

Goroutine 2748 (running) created at:
  github.com/luxfi/threshold/pkg/protocol.(*Handler).startWorkers()
      /Users/z/work/lux/threshold/pkg/protocol/handler.go:361 +0x334
  github.com/luxfi/threshold/pkg/protocol.NewHandler()
      /Users/z/work/lux/threshold/pkg/protocol/handler.go:247 +0xf10
  github.com/luxfi/threshold/internal/test.(*Harness).CreateHandler()
      /Users/z/work/lux/threshold/internal/test/harness.go:91 +0x2e4
  github.com/luxfi/threshold/internal/test.RunProtocol()
      /Users/z/work/lux/threshold/internal/test/harness.go:270 +0x230
  github.com/luxfi/threshold/protocols/frost_test.TestFROSTKeygenAndSign.(*KeygenAndSign).Run.func11()
      /Users/z/work/lux/threshold/internal/test/protocol_helpers.go:114 +0x3dc
  testing.tRunner()
      /opt/homebrew/Cellar/go/1.24.6/libexec/src/testing/testing.go:1792 +0x180
  testing.(*T).Run.gowrap1()
      /opt/homebrew/Cellar/go/1.24.6/libexec/src/testing/testing.go:1851 +0x40
==================
2025-08-15T22:12:59.451-0500	DEBUG	protocol/handler.go:1591	have processed broadcast	{"{round 20 2  <nil>}": {"Key":"from","Type":15,"Integer":0,"String":"a","Interface":null}}
2025-08-15T22:12:59.451-0500	DEBUG	protocol/handler.go:1591	have processed broadcast	{"{round 20 2  <nil>}": {"Key":"from","Type":15,"Integer":0,"String":"c","Interface":null}}
2025-08-15T22:12:59.451-0500	DEBUG	protocol/handler.go:1591	have processed broadcast	{"{round 20 2  <nil>}": {"Key":"from","Type":15,"Integer":0,"String":"d","Interface":null}}
2025-08-15T22:12:59.451-0500	DEBUG	protocol/handler.go:1649	have all messages and processed	{"{round 20 2  <nil>}": {"Key":"self","Type":15,"Integer":0,"String":"b","Interface":null}}
2025-08-15T22:12:59.451-0500	DEBUG	protocol/handler.go:619	finalizing round
2025-08-15T22:12:59.451-0500	INFO	protocol/handler.go:560	advanced to round
2025-08-15T22:12:59.451-0500	DEBUG	protocol/handler.go:581	tryAdvanceRound called	{"{current_round 20 2  <nil>}": {"Key":"self","Type":15,"Integer":0,"String":"d","Interface":null}}
2025-08-15T22:12:59.452-0500	DEBUG	protocol/handler.go:1591	have processed broadcast	{"{round 20 2  <nil>}": {"Key":"from","Type":15,"Integer":0,"String":"a","Interface":null}}
2025-08-15T22:12:59.452-0500	DEBUG	protocol/handler.go:1591	have processed broadcast	{"{round 20 2  <nil>}": {"Key":"from","Type":15,"Integer":0,"String":"b","Interface":null}}
2025-08-15T22:12:59.452-0500	DEBUG	protocol/handler.go:1591	have processed broadcast	{"{round 20 2  <nil>}": {"Key":"from","Type":15,"Integer":0,"String":"c","Interface":null}}
2025-08-15T22:12:59.452-0500	DEBUG	protocol/handler.go:1649	have all messages and processed	{"{round 20 2  <nil>}": {"Key":"self","Type":15,"Integer":0,"String":"d","Interface":null}}
2025-08-15T22:12:59.452-0500	DEBUG	protocol/handler.go:596	round already finalized
2025-08-15T22:12:59.452-0500	DEBUG	protocol/handler.go:581	tryAdvanceRound called	{"{current_round 20 2  <nil>}": {"Key":"self","Type":15,"Integer":0,"String":"a","Interface":null}}
2025-08-15T22:12:59.455-0500	DEBUG	protocol/handler.go:1591	have processed broadcast	{"{round 20 2  <nil>}": {"Key":"from","Type":15,"Integer":0,"String":"b","Interface":null}}
2025-08-15T22:12:59.455-0500	DEBUG	protocol/handler.go:1591	have processed broadcast	{"{round 20 2  <nil>}": {"Key":"from","Type":15,"Integer":0,"String":"c","Interface":null}}
2025-08-15T22:12:59.455-0500	DEBUG	protocol/handler.go:1591	have processed broadcast	{"{round 20 2  <nil>}": {"Key":"from","Type":15,"Integer":0,"String":"d","Interface":null}}
2025-08-15T22:12:59.455-0500	DEBUG	protocol/handler.go:1649	have all messages and processed	{"{round 20 2  <nil>}": {"Key":"self","Type":15,"Integer":0,"String":"a","Interface":null}}
2025-08-15T22:12:59.455-0500	DEBUG	protocol/handler.go:596	round already finalized
2025-08-15T22:12:59.452-0500	DEBUG	protocol/handler.go:954	round already being initialized/finalized, skipping
2025-08-15T22:12:59.445-0500	DEBUG	protocol/handler.go:1591	have processed broadcast	{"{round 20 2  <nil>}": {"Key":"from","Type":15,"Integer":0,"String":"a","Interface":null}}
2025-08-15T22:12:59.448-0500	DEBUG	protocol/handler.go:1591	have processed broadcast	{"{round 20 2  <nil>}": {"Key":"from","Type":15,"Integer":0,"String":"a","Interface":null}}
2025-08-15T22:12:59.455-0500	DEBUG	protocol/handler.go:1591	have processed broadcast	{"{round 20 2  <nil>}": {"Key":"from","Type":15,"Integer":0,"String":"d","Interface":null}}
2025-08-15T22:12:59.455-0500	DEBUG	protocol/handler.go:1600	waiting for broadcasts	{"{round 20 2  <nil>}": {"Key":"missing","Type":15,"Integer":0,"String":"[c]","Interface":null}}
2025-08-15T22:12:59.453-0500	DEBUG	protocol/handler.go:1591	have processed broadcast	{"{round 20 2  <nil>}": {"Key":"from","Type":15,"Integer":0,"String":"a","Interface":null}}
2025-08-15T22:12:59.455-0500	DEBUG	protocol/handler.go:1591	have processed broadcast	{"{round 20 2  <nil>}": {"Key":"from","Type":15,"Integer":0,"String":"c","Interface":null}}
2025-08-15T22:12:59.456-0500	DEBUG	protocol/handler.go:1591	have processed broadcast	{"{round 20 2  <nil>}": {"Key":"from","Type":15,"Integer":0,"String":"b","Interface":null}}
2025-08-15T22:12:59.456-0500	DEBUG	protocol/handler.go:1591	have processed broadcast	{"{round 20 2  <nil>}": {"Key":"from","Type":15,"Integer":0,"String":"d","Interface":null}}
2025-08-15T22:12:59.456-0500	DEBUG	protocol/handler.go:1649	have all messages and processed	{"{round 20 2  <nil>}": {"Key":"self","Type":15,"Integer":0,"String":"c","Interface":null}}
2025-08-15T22:12:59.456-0500	DEBUG	protocol/handler.go:596	round already finalized
2025-08-15T22:12:59.456-0500	DEBUG	protocol/handler.go:1591	have processed broadcast	{"{round 20 2  <nil>}": {"Key":"from","Type":15,"Integer":0,"String":"d","Interface":null}}
2025-08-15T22:12:59.456-0500	DEBUG	protocol/handler.go:581	tryAdvanceRound called	{"{current_round 20 2  <nil>}": {"Key":"self","Type":15,"Integer":0,"String":"c","Interface":null}}
2025-08-15T22:12:59.456-0500	DEBUG	protocol/handler.go:1591	have processed broadcast	{"{round 20 2  <nil>}": {"Key":"from","Type":15,"Integer":0,"String":"a","Interface":null}}
2025-08-15T22:12:59.456-0500	DEBUG	protocol/handler.go:1649	have all messages and processed	{"{round 20 2  <nil>}": {"Key":"self","Type":15,"Integer":0,"String":"b","Interface":null}}
2025-08-15T22:12:59.456-0500	DEBUG	protocol/handler.go:1591	have processed broadcast	{"{round 20 2  <nil>}": {"Key":"from","Type":15,"Integer":0,"String":"b","Interface":null}}
2025-08-15T22:12:59.456-0500	DEBUG	protocol/handler.go:1591	have processed broadcast	{"{round 20 2  <nil>}": {"Key":"from","Type":15,"Integer":0,"String":"d","Interface":null}}
2025-08-15T22:12:59.456-0500	DEBUG	protocol/handler.go:596	round already finalized
2025-08-15T22:12:59.456-0500	DEBUG	protocol/handler.go:1649	have all messages and processed	{"{round 20 2  <nil>}": {"Key":"self","Type":15,"Integer":0,"String":"c","Interface":null}}
2025-08-15T22:12:59.453-0500	DEBUG	protocol/handler.go:581	tryAdvanceRound called	{"{current_round 20 2  <nil>}": {"Key":"self","Type":15,"Integer":0,"String":"d","Interface":null}}
2025-08-15T22:12:59.456-0500	DEBUG	protocol/handler.go:1591	have processed broadcast	{"{round 20 2  <nil>}": {"Key":"from","Type":15,"Integer":0,"String":"a","Interface":null}}
2025-08-15T22:12:59.456-0500	DEBUG	protocol/handler.go:596	round already finalized
2025-08-15T22:12:59.456-0500	DEBUG	protocol/handler.go:1591	have processed broadcast	{"{round 20 2  <nil>}": {"Key":"from","Type":15,"Integer":0,"String":"b","Interface":null}}
2025-08-15T22:12:59.456-0500	DEBUG	protocol/handler.go:1591	have processed broadcast	{"{round 20 2  <nil>}": {"Key":"from","Type":15,"Integer":0,"String":"c","Interface":null}}
2025-08-15T22:12:59.456-0500	DEBUG	protocol/handler.go:1649	have all messages and processed	{"{round 20 2  <nil>}": {"Key":"self","Type":15,"Integer":0,"String":"d","Interface":null}}
2025-08-15T22:12:59.456-0500	DEBUG	protocol/handler.go:596	round already finalized
2025-08-15T22:12:59.458-0500	DEBUG	protocol/handler.go:581	tryAdvanceRound called	{"{current_round 20 2  <nil>}": {"Key":"self","Type":15,"Integer":0,"String":"a","Interface":null}}
2025-08-15T22:12:59.459-0500	DEBUG	protocol/handler.go:1591	have processed broadcast	{"{round 20 2  <nil>}": {"Key":"from","Type":15,"Integer":0,"String":"b","Interface":null}}
2025-08-15T22:12:59.460-0500	DEBUG	protocol/handler.go:1591	have processed broadcast	{"{round 20 2  <nil>}": {"Key":"from","Type":15,"Integer":0,"String":"c","Interface":null}}
2025-08-15T22:12:59.460-0500	DEBUG	protocol/handler.go:1591	have processed broadcast	{"{round 20 2  <nil>}": {"Key":"from","Type":15,"Integer":0,"String":"d","Interface":null}}
2025-08-15T22:12:59.460-0500	DEBUG	protocol/handler.go:1649	have all messages and processed	{"{round 20 2  <nil>}": {"Key":"self","Type":15,"Integer":0,"String":"a","Interface":null}}
2025-08-15T22:12:59.461-0500	DEBUG	protocol/handler.go:596	round already finalized
2025-08-15T22:12:59.462-0500	DEBUG	protocol/handler.go:581	tryAdvanceRound called	{"{current_round 20 2  <nil>}": {"Key":"self","Type":15,"Integer":0,"String":"c","Interface":null}}
2025-08-15T22:12:59.462-0500	DEBUG	protocol/handler.go:1591	have processed broadcast	{"{round 20 2  <nil>}": {"Key":"from","Type":15,"Integer":0,"String":"a","Interface":null}}
2025-08-15T22:12:59.462-0500	DEBUG	protocol/handler.go:1591	have processed broadcast	{"{round 20 2  <nil>}": {"Key":"from","Type":15,"Integer":0,"String":"b","Interface":null}}
2025-08-15T22:12:59.462-0500	DEBUG	protocol/handler.go:1591	have processed broadcast	{"{round 20 2  <nil>}": {"Key":"from","Type":15,"Integer":0,"String":"d","Interface":null}}
2025-08-15T22:12:59.462-0500	DEBUG	protocol/handler.go:1649	have all messages and processed	{"{round 20 2  <nil>}": {"Key":"self","Type":15,"Integer":0,"String":"c","Interface":null}}
2025-08-15T22:12:59.462-0500	DEBUG	protocol/handler.go:596	round already finalized
2025-08-15T22:12:59.463-0500	DEBUG	protocol/handler.go:581	tryAdvanceRound called	{"{current_round 20 2  <nil>}": {"Key":"self","Type":15,"Integer":0,"String":"d","Interface":null}}
2025-08-15T22:12:59.463-0500	DEBUG	protocol/handler.go:1591	have processed broadcast	{"{round 20 2  <nil>}": {"Key":"from","Type":15,"Integer":0,"String":"a","Interface":null}}
2025-08-15T22:12:59.463-0500	DEBUG	protocol/handler.go:1591	have processed broadcast	{"{round 20 2  <nil>}": {"Key":"from","Type":15,"Integer":0,"String":"b","Interface":null}}
2025-08-15T22:12:59.463-0500	DEBUG	protocol/handler.go:1591	have processed broadcast	{"{round 20 2  <nil>}": {"Key":"from","Type":15,"Integer":0,"String":"c","Interface":null}}
2025-08-15T22:12:59.463-0500	DEBUG	protocol/handler.go:1649	have all messages and processed	{"{round 20 2  <nil>}": {"Key":"self","Type":15,"Integer":0,"String":"d","Interface":null}}
2025-08-15T22:12:59.463-0500	DEBUG	protocol/handler.go:596	round already finalized
2025-08-15T22:12:59.464-0500	DEBUG	protocol/handler.go:1039	sendRoundMessage	{"{from 15 0 b <nil>}": {"Key":"to","Type":15,"Integer":0,"String":"","Interface":null}, "{round 20 3  <nil>}": {"Key":"broadcast","Type":4,"Integer":1,"String":"","Interface":null}}
==================
WARNING: DATA RACE
Read at 0x00c000ca7140 by goroutine 2824:
  runtime.mapdelete_fast64()
      /opt/homebrew/Cellar/go/1.24.6/libexec/src/internal/runtime/maps/runtime_fast64_swiss.go:497 +0x8c
  github.com/luxfi/threshold/protocols/frost/sign.(*round2).StoreBroadcastMessage()
      /Users/z/work/lux/threshold/protocols/frost/sign/round2.go:73 +0x124
  github.com/luxfi/threshold/pkg/protocol.(*Handler).verifyBroadcastForRound()
      /Users/z/work/lux/threshold/pkg/protocol/handler.go:1277 +0x3a0
  github.com/luxfi/threshold/pkg/protocol.(*Handler).processQueuedMessages()
      /Users/z/work/lux/threshold/pkg/protocol/handler.go:1542 +0x404
  github.com/luxfi/threshold/pkg/protocol.(*Handler).tryAdvanceRound.gowrap2()
      /Users/z/work/lux/threshold/pkg/protocol/handler.go:673 +0x40

Previous write at 0x00c000ca7140 by goroutine 2746:
  runtime.mapaccess2_faststr()
      /opt/homebrew/Cellar/go/1.24.6/libexec/src/internal/runtime/maps/runtime_faststr_swiss.go:162 +0x29c
  github.com/luxfi/threshold/protocols/frost/sign.(*round2).StoreBroadcastMessage()
      /Users/z/work/lux/threshold/protocols/frost/sign/round2.go:97 +0x4b0
2025-08-15T22:12:59.464-0500	DEBUG	protocol/handler.go:1657	storing broadcast	{"{round 20 3  <nil>}": {"Key":"from","Type":15,"Integer":0,"String":"b","Interface":null}}
  github.com/luxfi/threshold/pkg/protocol.(*Handler).verifyBroadcast()
      /Users/z/work/lux/threshold/pkg/protocol/handler.go:1392 +0x648
  github.com/luxfi/threshold/pkg/protocol.(*Handler).processMessage()
      /Users/z/work/lux/threshold/pkg/protocol/handler.go:480 +0xb9c
  github.com/luxfi/threshold/pkg/protocol.(*Handler).messageWorker()
      /Users/z/work/lux/threshold/pkg/protocol/handler.go:408 +0x338
  github.com/luxfi/threshold/pkg/protocol.(*Handler).startWorkers.gowrap2()
      /Users/z/work/lux/threshold/pkg/protocol/handler.go:361 +0x44

Goroutine 2824 (running) created at:
  github.com/luxfi/threshold/pkg/protocol.(*Handler).tryAdvanceRound()
      /Users/z/work/lux/threshold/pkg/protocol/handler.go:673 +0x12e4
  github.com/luxfi/threshold/pkg/protocol.(*Handler).processMessage()
      /Users/z/work/lux/threshold/pkg/protocol/handler.go:474 +0xb70
  github.com/luxfi/threshold/pkg/protocol.(*Handler).messageWorker()
      /Users/z/work/lux/threshold/pkg/protocol/handler.go:408 +0x338
  github.com/luxfi/threshold/pkg/protocol.(*Handler).startWorkers.gowrap2()
      /Users/z/work/lux/threshold/pkg/protocol/handler.go:361 +0x44

Goroutine 2746 (running) created at:
  github.com/luxfi/threshold/pkg/protocol.(*Handler).startWorkers()
      /Users/z/work/lux/threshold/pkg/protocol/handler.go:361 +0x334
  github.com/luxfi/threshold/pkg/protocol.NewHandler()
      /Users/z/work/lux/threshold/pkg/protocol/handler.go:247 +0xf10
  github.com/luxfi/threshold/internal/test.(*Harness).CreateHandler()
      /Users/z/work/lux/threshold/internal/test/harness.go:91 +0x2e4
  github.com/luxfi/threshold/internal/test.RunProtocol()
      /Users/z/work/lux/threshold/internal/test/harness.go:270 +0x230
  github.com/luxfi/threshold/protocols/frost_test.TestFROSTKeygenAndSign.(*KeygenAndSign).Run.func11()
      /Users/z/work/lux/threshold/internal/test/protocol_helpers.go:114 +0x3dc
  testing.tRunner()
      /opt/homebrew/Cellar/go/1.24.6/libexec/src/testing/testing.go:1792 +0x180
  testing.(*T).Run.gowrap1()
      /opt/homebrew/Cellar/go/1.24.6/libexec/src/testing/testing.go:1851 +0x40
==================
2025-08-15T22:12:59.464-0500	DEBUG	protocol/handler.go:1081	sent message to output channel	{"{from 15 0 b <nil>}": {"Key":"to","Type":15,"Integer":0,"String":"","Interface":null}, "{round 20 3  <nil>}": {"Key":"broadcast","Type":4,"Integer":1,"String":"","Interface":null}}
2025-08-15T22:12:59.464-0500	DEBUG	protocol/handler.go:1182	finalized round messages	{"{round 20 2  <nil>}": {"Key":"messages","Type":11,"Integer":1,"String":"","Interface":null}}
2025-08-15T22:12:59.464-0500	DEBUG	protocol/handler.go:1239	finalize returned next round	{"{current 20 2  <nil>}": {"Key":"next","Type":20,"Integer":3,"String":"","Interface":null}}
2025-08-15T22:12:59.464-0500	INFO	protocol/handler.go:642	storing new currentRound	{"{from 20 2  <nil>}": {"Key":"to","Type":20,"Integer":3,"String":"","Interface":null}}
2025-08-15T22:12:59.464-0500	DEBUG	protocol/handler.go:1503	processing queued messages
2025-08-15T22:12:59.464-0500	DEBUG	protocol/handler.go:1039	sendRoundMessage	{"{from 15 0 d <nil>}": {"Key":"to","Type":15,"Integer":0,"String":"","Interface":null}, "{round 20 3  <nil>}": {"Key":"broadcast","Type":4,"Integer":1,"String":"","Interface":null}}
2025-08-15T22:12:59.464-0500	INFO	protocol/handler.go:560	advanced to round
2025-08-15T22:12:59.464-0500	DEBUG	protocol/handler.go:1657	storing broadcast	{"{round 20 3  <nil>}": {"Key":"from","Type":15,"Integer":0,"String":"d","Interface":null}}
2025-08-15T22:12:59.464-0500	DEBUG	protocol/handler.go:1503	processing queued messages
2025-08-15T22:12:59.465-0500	DEBUG	protocol/handler.go:1081	sent message to output channel	{"{from 15 0 d <nil>}": {"Key":"to","Type":15,"Integer":0,"String":"","Interface":null}, "{round 20 3  <nil>}": {"Key":"broadcast","Type":4,"Integer":1,"String":"","Interface":null}}
2025-08-15T22:12:59.465-0500	DEBUG	protocol/handler.go:1182	finalized round messages	{"{round 20 2  <nil>}": {"Key":"messages","Type":11,"Integer":1,"String":"","Interface":null}}
2025-08-15T22:12:59.465-0500	DEBUG	protocol/handler.go:1239	finalize returned next round	{"{current 20 2  <nil>}": {"Key":"next","Type":20,"Integer":3,"String":"","Interface":null}}
2025-08-15T22:12:59.465-0500	INFO	protocol/handler.go:642	storing new currentRound	{"{from 20 2  <nil>}": {"Key":"to","Type":20,"Integer":3,"String":"","Interface":null}}
2025-08-15T22:12:59.465-0500	DEBUG	protocol/handler.go:1503	processing queued messages
2025-08-15T22:12:59.464-0500	DEBUG	protocol/handler.go:581	tryAdvanceRound called	{"{current_round 20 3  <nil>}": {"Key":"self","Type":15,"Integer":0,"String":"b","Interface":null}}
2025-08-15T22:12:59.465-0500	DEBUG	protocol/handler.go:1600	waiting for broadcasts	{"{round 20 3  <nil>}": {"Key":"missing","Type":15,"Integer":0,"String":"[a c d]","Interface":null}}
2025-08-15T22:12:59.465-0500	DEBUG	protocol/handler.go:437	processing message	{"{from 15 0 d <nil>}": {"Key":"to","Type":15,"Integer":0,"String":"","Interface":null}, "{round 20 3  <nil>}": {"Key":"broadcast","Type":4,"Integer":1,"String":"","Interface":null}}
2025-08-15T22:12:59.465-0500	DEBUG	protocol/handler.go:1657	storing broadcast	{"{round 20 3  <nil>}": {"Key":"from","Type":15,"Integer":0,"String":"d","Interface":null}}
2025-08-15T22:12:59.467-0500	DEBUG	protocol/handler.go:1039	sendRoundMessage	{"{from 15 0 c <nil>}": {"Key":"to","Type":15,"Integer":0,"String":"","Interface":null}, "{round 20 3  <nil>}": {"Key":"broadcast","Type":4,"Integer":1,"String":"","Interface":null}}
2025-08-15T22:12:59.467-0500	DEBUG	protocol/handler.go:1657	storing broadcast	{"{round 20 3  <nil>}": {"Key":"from","Type":15,"Integer":0,"String":"c","Interface":null}}
2025-08-15T22:12:59.467-0500	DEBUG	protocol/handler.go:1081	sent message to output channel	{"{from 15 0 c <nil>}": {"Key":"to","Type":15,"Integer":0,"String":"","Interface":null}, "{round 20 3  <nil>}": {"Key":"broadcast","Type":4,"Integer":1,"String":"","Interface":null}}
2025-08-15T22:12:59.467-0500	DEBUG	protocol/handler.go:1182	finalized round messages	{"{round 20 2  <nil>}": {"Key":"messages","Type":11,"Integer":1,"String":"","Interface":null}}
2025-08-15T22:12:59.467-0500	DEBUG	protocol/handler.go:1239	finalize returned next round	{"{current 20 2  <nil>}": {"Key":"next","Type":20,"Integer":3,"String":"","Interface":null}}
2025-08-15T22:12:59.467-0500	INFO	protocol/handler.go:642	storing new currentRound	{"{from 20 2  <nil>}": {"Key":"to","Type":20,"Integer":3,"String":"","Interface":null}}
2025-08-15T22:12:59.467-0500	DEBUG	protocol/handler.go:1503	processing queued messages
2025-08-15T22:12:59.467-0500	DEBUG	protocol/handler.go:1503	processing queued messages
2025-08-15T22:12:59.468-0500	DEBUG	protocol/handler.go:437	processing message	{"{from 15 0 c <nil>}": {"Key":"to","Type":15,"Integer":0,"String":"","Interface":null}, "{round 20 3  <nil>}": {"Key":"broadcast","Type":4,"Integer":1,"String":"","Interface":null}}
2025-08-15T22:12:59.468-0500	DEBUG	protocol/handler.go:1657	storing broadcast	{"{round 20 3  <nil>}": {"Key":"from","Type":15,"Integer":0,"String":"c","Interface":null}}
2025-08-15T22:12:59.469-0500	DEBUG	protocol/handler.go:581	tryAdvanceRound called	{"{current_round 20 2  <nil>}": {"Key":"self","Type":15,"Integer":0,"String":"a","Interface":null}}
2025-08-15T22:12:59.469-0500	DEBUG	protocol/handler.go:1591	have processed broadcast	{"{round 20 2  <nil>}": {"Key":"from","Type":15,"Integer":0,"String":"b","Interface":null}}
2025-08-15T22:12:59.469-0500	DEBUG	protocol/handler.go:1591	have processed broadcast	{"{round 20 2  <nil>}": {"Key":"from","Type":15,"Integer":0,"String":"c","Interface":null}}
2025-08-15T22:12:59.469-0500	DEBUG	protocol/handler.go:1591	have processed broadcast	{"{round 20 2  <nil>}": {"Key":"from","Type":15,"Integer":0,"String":"d","Interface":null}}
2025-08-15T22:12:59.469-0500	DEBUG	protocol/handler.go:1649	have all messages and processed	{"{round 20 2  <nil>}": {"Key":"self","Type":15,"Integer":0,"String":"a","Interface":null}}
2025-08-15T22:12:59.469-0500	DEBUG	protocol/handler.go:596	round already finalized
2025-08-15T22:12:59.465-0500	DEBUG	protocol/handler.go:1503	processing queued messages
2025-08-15T22:12:59.470-0500	DEBUG	protocol/handler.go:437	processing message	{"{from 15 0 d <nil>}": {"Key":"to","Type":15,"Integer":0,"String":"","Interface":null}, "{round 20 3  <nil>}": {"Key":"broadcast","Type":4,"Integer":1,"String":"","Interface":null}}
2025-08-15T22:12:59.471-0500	DEBUG	protocol/handler.go:1657	storing broadcast	{"{round 20 3  <nil>}": {"Key":"from","Type":15,"Integer":0,"String":"d","Interface":null}}
2025-08-15T22:12:59.471-0500	DEBUG	protocol/handler.go:470	message for different round (buffering)	{"{msg_round 20 3  <nil>}": {"Key":"current_round","Type":20,"Integer":2,"String":"","Interface":null}}
2025-08-15T22:12:59.471-0500	DEBUG	protocol/handler.go:581	tryAdvanceRound called	{"{current_round 20 2  <nil>}": {"Key":"self","Type":15,"Integer":0,"String":"a","Interface":null}}
2025-08-15T22:12:59.471-0500	DEBUG	protocol/handler.go:1591	have processed broadcast	{"{round 20 2  <nil>}": {"Key":"from","Type":15,"Integer":0,"String":"b","Interface":null}}
2025-08-15T22:12:59.471-0500	DEBUG	protocol/handler.go:1591	have processed broadcast	{"{round 20 2  <nil>}": {"Key":"from","Type":15,"Integer":0,"String":"c","Interface":null}}
2025-08-15T22:12:59.471-0500	DEBUG	protocol/handler.go:1591	have processed broadcast	{"{round 20 2  <nil>}": {"Key":"from","Type":15,"Integer":0,"String":"d","Interface":null}}
2025-08-15T22:12:59.471-0500	DEBUG	protocol/handler.go:1649	have all messages and processed	{"{round 20 2  <nil>}": {"Key":"self","Type":15,"Integer":0,"String":"a","Interface":null}}
2025-08-15T22:12:59.471-0500	DEBUG	protocol/handler.go:596	round already finalized
2025-08-15T22:12:59.471-0500	DEBUG	protocol/handler.go:437	processing message	{"{from 15 0 c <nil>}": {"Key":"to","Type":15,"Integer":0,"String":"","Interface":null}, "{round 20 3  <nil>}": {"Key":"broadcast","Type":4,"Integer":1,"String":"","Interface":null}}
2025-08-15T22:12:59.471-0500	DEBUG	protocol/handler.go:1657	storing broadcast	{"{round 20 3  <nil>}": {"Key":"from","Type":15,"Integer":0,"String":"c","Interface":null}}
2025-08-15T22:12:59.474-0500	DEBUG	protocol/handler.go:437	processing message	{"{from 15 0 b <nil>}": {"Key":"to","Type":15,"Integer":0,"String":"","Interface":null}, "{round 20 3  <nil>}": {"Key":"broadcast","Type":4,"Integer":1,"String":"","Interface":null}}
2025-08-15T22:12:59.474-0500	DEBUG	protocol/handler.go:1657	storing broadcast	{"{round 20 3  <nil>}": {"Key":"from","Type":15,"Integer":0,"String":"b","Interface":null}}
2025-08-15T22:12:59.475-0500	INFO	protocol/handler.go:560	advanced to round
2025-08-15T22:12:59.475-0500	DEBUG	protocol/handler.go:581	tryAdvanceRound called	{"{current_round 20 3  <nil>}": {"Key":"self","Type":15,"Integer":0,"String":"d","Interface":null}}
2025-08-15T22:12:59.475-0500	DEBUG	protocol/handler.go:437	processing message	{"{from 15 0 b <nil>}": {"Key":"to","Type":15,"Integer":0,"String":"","Interface":null}, "{round 20 3  <nil>}": {"Key":"broadcast","Type":4,"Integer":1,"String":"","Interface":null}}
2025-08-15T22:12:59.475-0500	DEBUG	protocol/handler.go:1591	have processed broadcast	{"{round 20 3  <nil>}": {"Key":"from","Type":15,"Integer":0,"String":"c","Interface":null}}
2025-08-15T22:12:59.475-0500	DEBUG	protocol/handler.go:437	processing message	{"{from 15 0 b <nil>}": {"Key":"to","Type":15,"Integer":0,"String":"","Interface":null}, "{round 20 3  <nil>}": {"Key":"broadcast","Type":4,"Integer":1,"String":"","Interface":null}}
2025-08-15T22:12:59.475-0500	DEBUG	protocol/handler.go:1600	waiting for broadcasts	{"{round 20 3  <nil>}": {"Key":"missing","Type":15,"Integer":0,"String":"[a b]","Interface":null}}
2025-08-15T22:12:59.475-0500	DEBUG	protocol/handler.go:581	tryAdvanceRound called	{"{current_round 20 3  <nil>}": {"Key":"self","Type":15,"Integer":0,"String":"c","Interface":null}}
2025-08-15T22:12:59.475-0500	DEBUG	protocol/handler.go:1657	storing broadcast	{"{round 20 3  <nil>}": {"Key":"from","Type":15,"Integer":0,"String":"b","Interface":null}}
2025-08-15T22:12:59.477-0500	DEBUG	protocol/handler.go:437	processing message	{"{from 15 0 d <nil>}": {"Key":"to","Type":15,"Integer":0,"String":"","Interface":null}, "{round 20 3  <nil>}": {"Key":"broadcast","Type":4,"Integer":1,"String":"","Interface":null}}
2025-08-15T22:12:59.477-0500	DEBUG	protocol/handler.go:1657	storing broadcast	{"{round 20 3  <nil>}": {"Key":"from","Type":15,"Integer":0,"String":"d","Interface":null}}
2025-08-15T22:12:59.477-0500	INFO	protocol/handler.go:560	advanced to round
2025-08-15T22:12:59.477-0500	DEBUG	protocol/handler.go:581	tryAdvanceRound called	{"{current_round 20 3  <nil>}": {"Key":"self","Type":15,"Integer":0,"String":"d","Interface":null}}
2025-08-15T22:12:59.478-0500	DEBUG	protocol/handler.go:581	tryAdvanceRound called	{"{current_round 20 3  <nil>}": {"Key":"self","Type":15,"Integer":0,"String":"c","Interface":null}}
2025-08-15T22:12:59.473-0500	DEBUG	protocol/handler.go:437	processing message	{"{from 15 0 c <nil>}": {"Key":"to","Type":15,"Integer":0,"String":"","Interface":null}, "{round 20 3  <nil>}": {"Key":"broadcast","Type":4,"Integer":1,"String":"","Interface":null}}
2025-08-15T22:12:59.479-0500	DEBUG	protocol/handler.go:1657	storing broadcast	{"{round 20 3  <nil>}": {"Key":"from","Type":15,"Integer":0,"String":"c","Interface":null}}
2025-08-15T22:12:59.480-0500	DEBUG	protocol/handler.go:470	message for different round (buffering)	{"{msg_round 20 3  <nil>}": {"Key":"current_round","Type":20,"Integer":2,"String":"","Interface":null}}
2025-08-15T22:12:59.480-0500	DEBUG	protocol/handler.go:581	tryAdvanceRound called	{"{current_round 20 3  <nil>}": {"Key":"self","Type":15,"Integer":0,"String":"d","Interface":null}}
2025-08-15T22:12:59.480-0500	DEBUG	protocol/handler.go:581	tryAdvanceRound called	{"{current_round 20 2  <nil>}": {"Key":"self","Type":15,"Integer":0,"String":"a","Interface":null}}
2025-08-15T22:12:59.480-0500	DEBUG	protocol/handler.go:1591	have processed broadcast	{"{round 20 3  <nil>}": {"Key":"from","Type":15,"Integer":0,"String":"b","Interface":null}}
2025-08-15T22:12:59.480-0500	DEBUG	protocol/handler.go:1591	have processed broadcast	{"{round 20 2  <nil>}": {"Key":"from","Type":15,"Integer":0,"String":"b","Interface":null}}
2025-08-15T22:12:59.480-0500	DEBUG	protocol/handler.go:1591	have processed broadcast	{"{round 20 3  <nil>}": {"Key":"from","Type":15,"Integer":0,"String":"c","Interface":null}}
2025-08-15T22:12:59.480-0500	DEBUG	protocol/handler.go:1591	have processed broadcast	{"{round 20 2  <nil>}": {"Key":"from","Type":15,"Integer":0,"String":"c","Interface":null}}
2025-08-15T22:12:59.480-0500	DEBUG	protocol/handler.go:1600	waiting for broadcasts	{"{round 20 3  <nil>}": {"Key":"missing","Type":15,"Integer":0,"String":"[a]","Interface":null}}
2025-08-15T22:12:59.480-0500	DEBUG	protocol/handler.go:1591	have processed broadcast	{"{round 20 2  <nil>}": {"Key":"from","Type":15,"Integer":0,"String":"d","Interface":null}}
2025-08-15T22:12:59.480-0500	DEBUG	protocol/handler.go:581	tryAdvanceRound called	{"{current_round 20 2  <nil>}": {"Key":"self","Type":15,"Integer":0,"String":"a","Interface":null}}
2025-08-15T22:12:59.480-0500	DEBUG	protocol/handler.go:581	tryAdvanceRound called	{"{current_round 20 3  <nil>}": {"Key":"self","Type":15,"Integer":0,"String":"b","Interface":null}}
2025-08-15T22:12:59.480-0500	DEBUG	protocol/handler.go:1591	have processed broadcast	{"{round 20 2  <nil>}": {"Key":"from","Type":15,"Integer":0,"String":"b","Interface":null}}
2025-08-15T22:12:59.480-0500	DEBUG	protocol/handler.go:1591	have processed broadcast	{"{round 20 3  <nil>}": {"Key":"from","Type":15,"Integer":0,"String":"c","Interface":null}}
2025-08-15T22:12:59.480-0500	DEBUG	protocol/handler.go:1591	have processed broadcast	{"{round 20 2  <nil>}": {"Key":"from","Type":15,"Integer":0,"String":"c","Interface":null}}
==================
WARNING: DATA RACE
Write at 0x00c000f89e00 by goroutine 2773:
  runtime.mapaccess2_faststr()
      /opt/homebrew/Cellar/go/1.24.6/libexec/src/internal/runtime/maps/runtime_faststr_swiss.go:162 +0x29c
  github.com/luxfi/threshold/protocols/frost/sign.(*round3).StoreBroadcastMessage()
      /Users/z/work/lux/threshold/protocols/frost/sign/round3.go:78 +0x26c
  github.com/luxfi/threshold/pkg/protocol.(*Handler).verifyBroadcast()
      /Users/z/work/lux/threshold/pkg/protocol/handler.go:1392 +0x648
  github.com/luxfi/threshold/pkg/protocol.(*Handler).processMessage()
      /Users/z/work/lux/threshold/pkg/protocol/handler.go:480 +0xb9c
  github.com/luxfi/threshold/pkg/protocol.(*Handler).messageWorker()
      /Users/z/work/lux/threshold/pkg/protocol/handler.go:408 +0x338
  github.com/luxfi/threshold/pkg/protocol.(*Handler).startWorkers.gowrap2()
      /Users/z/work/lux/threshold/pkg/protocol/handler.go:361 +0x44

Previous write at 0x00c000f89e00 by goroutine 2774:
  runtime.mapaccess2_faststr()
      /opt/homebrew/Cellar/go/1.24.6/libexec/src/internal/runtime/maps/runtime_faststr_swiss.go:162 +0x29c
  github.com/luxfi/threshold/protocols/frost/sign.(*round3).StoreBroadcastMessage()
      /Users/z/work/lux/threshold/protocols/frost/sign/round3.go:78 +0x26c
  github.com/luxfi/threshold/pkg/protocol.(*Handler).verifyBroadcast()
      /Users/z/work/lux/threshold/pkg/protocol/handler.go:1392 +0x648
  github.com/luxfi/threshold/pkg/protocol.(*Handler).processMessage()
      /Users/z/work/lux/threshold/pkg/protocol/handler.go:480 +0xb9c
  github.com/luxfi/threshold/pkg/protocol.(*Handler).messageWorker()
      /Users/z/work/lux/threshold/pkg/protocol/handler.go:408 +0x338
  github.com/luxfi/threshold/pkg/protocol.(*Handler).startWorkers.gowrap2()
      /Users/z/work/lux/threshold/pkg/protocol/handler.go:361 +0x44

Goroutine 2773 (running) created at:
  github.com/luxfi/threshold/pkg/protocol.(*Handler).startWorkers()
      /Users/z/work/lux/threshold/pkg/protocol/handler.go:361 +0x334
  github.com/luxfi/threshold/pkg/protocol.NewHandler()
      /Users/z/work/lux/threshold/pkg/protocol/handler.go:247 +0xf10
  github.com/luxfi/threshold/internal/test.(*Harness).CreateHandler()
      /Users/z/work/lux/threshold/internal/test/harness.go:91 +0x2e4
  github.com/luxfi/threshold/internal/test.RunProtocol()
      /Users/z/work/lux/threshold/internal/test/harness.go:270 +0x230
  github.com/luxfi/threshold/protocols/frost_test.TestFROSTKeygenAndSign.(*KeygenAndSign).Run.func11()
      /Users/z/work/lux/threshold/internal/test/protocol_helpers.go:114 +0x3dc
  testing.tRunner()
      /opt/homebrew/Cellar/go/1.24.6/libexec/src/testing/testing.go:1792 +0x180
  testing.(*T).Run.gowrap1()
      /opt/homebrew/Cellar/go/1.24.6/libexec/src/testing/testing.go:1851 +0x40

Goroutine 2774 (running) created at:
  github.com/luxfi/threshold/pkg/protocol.(*Handler).startWorkers()
      /Users/z/work/lux/threshold/pkg/protocol/handler.go:361 +0x334
  github.com/luxfi/threshold/pkg/protocol.NewHandler()
      /Users/z/work/lux/threshold/pkg/protocol/handler.go:247 +0xf10
  github.com/luxfi/threshold/internal/test.(*Harness).CreateHandler()
      /Users/z/work/lux/threshold/internal/test/harness.go:91 +0x2e4
  github.com/luxfi/threshold/internal/test.RunProtocol()
      /Users/z/work/lux/threshold/internal/test/harness.go:270 +0x230
  github.com/luxfi/threshold/protocols/frost_test.TestFROSTKeygenAndSign.(*KeygenAndSign).Run.func11()
      /Users/z/work/lux/threshold/internal/test/protocol_helpers.go:114 +0x3dc
  testing.tRunner()
      /opt/homebrew/Cellar/go/1.24.6/libexec/src/testing/testing.go:1792 +0x180
  testing.(*T).Run.gowrap1()
      /opt/homebrew/Cellar/go/1.24.6/libexec/src/testing/testing.go:1851 +0x40
==================
==================
WARNING: DATA RACE
Write at 0x00c0002bc3b8 by goroutine 2774:
  github.com/luxfi/threshold/protocols/frost/sign.(*round3).StoreBroadcastMessage()
      /Users/z/work/lux/threshold/protocols/frost/sign/round3.go:78 +0x278
  github.com/luxfi/threshold/pkg/protocol.(*Handler).verifyBroadcastForRound()
      /Users/z/work/lux/threshold/pkg/protocol/handler.go:1277 +0x3a0
  github.com/luxfi/threshold/pkg/protocol.(*Handler).retryUnprocessedMessages()
      /Users/z/work/lux/threshold/pkg/protocol/handler.go:1483 +0x22c
  github.com/luxfi/threshold/pkg/protocol.(*Handler).tryAdvanceRound()
      /Users/z/work/lux/threshold/pkg/protocol/handler.go:587 +0x28c
  github.com/luxfi/threshold/pkg/protocol.(*Handler).processMessage()
      /Users/z/work/lux/threshold/pkg/protocol/handler.go:486 +0xbb0
  github.com/luxfi/threshold/pkg/protocol.(*Handler).messageWorker()
      /Users/z/work/lux/threshold/pkg/protocol/handler.go:408 +0x338
  github.com/luxfi/threshold/pkg/protocol.(*Handler).startWorkers.gowrap2()
      /Users/z/work/lux/threshold/pkg/protocol/handler.go:361 +0x44

Previous write at 0x00c0002bc3b8 by goroutine 2773:
  github.com/luxfi/threshold/protocols/frost/sign.(*round3).StoreBroadcastMessage()
      /Users/z/work/lux/threshold/protocols/frost/sign/round3.go:78 +0x278
  github.com/luxfi/threshold/pkg/protocol.(*Handler).verifyBroadcast()
      /Users/z/work/lux/threshold/pkg/protocol/handler.go:1392 +0x648
  github.com/luxfi/threshold/pkg/protocol.(*Handler).processMessage()
      /Users/z/work/lux/threshold/pkg/protocol/handler.go:480 +0xb9c
  github.com/luxfi/threshold/pkg/protocol.(*Handler).messageWorker()
      /Users/z/work/lux/threshold/pkg/protocol/handler.go:408 +0x338
  github.com/luxfi/threshold/pkg/protocol.(*Handler).startWorkers.gowrap2()
      /Users/z/work/lux/threshold/pkg/protocol/handler.go:361 +0x44

Goroutine 2774 (running) created at:
  github.com/luxfi/threshold/pkg/protocol.(*Handler).startWorkers()
      /Users/z/work/lux/threshold/pkg/protocol/handler.go:361 +0x334
  github.com/luxfi/threshold/pkg/protocol.NewHandler()
      /Users/z/work/lux/threshold/pkg/protocol/handler.go:247 +0xf10
  github.com/luxfi/threshold/internal/test.(*Harness).CreateHandler()
      /Users/z/work/lux/threshold/internal/test/harness.go:91 +0x2e4
  github.com/luxfi/threshold/internal/test.RunProtocol()
      /Users/z/work/lux/threshold/internal/test/harness.go:270 +0x230
  github.com/luxfi/threshold/protocols/frost_test.TestFROSTKeygenAndSign.(*KeygenAndSign).Run.func11()
      /Users/z/work/lux/threshold/internal/test/protocol_helpers.go:114 +0x3dc
  testing.tRunner()
      /opt/homebrew/Cellar/go/1.24.6/libexec/src/testing/testing.go:1792 +0x180
  testing.(*T).Run.gowrap1()
      /opt/homebrew/Cellar/go/1.24.6/libexec/src/testing/testing.go:1851 +0x40

Goroutine 2773 (running) created at:
  github.com/luxfi/threshold/pkg/protocol.(*Handler).startWorkers()
      /Users/z/work/lux/threshold/pkg/protocol/handler.go:361 +0x334
  github.com/luxfi/threshold/pkg/protocol.NewHandler()
      /Users/z/work/lux/threshold/pkg/protocol/handler.go:247 +0xf10
  github.com/luxfi/threshold/internal/test.(*Harness).CreateHandler()
      /Users/z/work/lux/threshold/internal/test/harness.go:91 +0x2e4
  github.com/luxfi/threshold/internal/test.RunProtocol()
      /Users/z/work/lux/threshold/internal/test/harness.go:270 +0x230
  github.com/luxfi/threshold/protocols/frost_test.TestFROSTKeygenAndSign.(*KeygenAndSign).Run.func11()
      /Users/z/work/lux/threshold/internal/test/protocol_helpers.go:114 +0x3dc
  testing.tRunner()
      /opt/homebrew/Cellar/go/1.24.6/libexec/src/testing/testing.go:1792 +0x180
  testing.(*T).Run.gowrap1()
      /opt/homebrew/Cellar/go/1.24.6/libexec/src/testing/testing.go:1851 +0x40
==================
==================
WARNING: DATA RACE
Write at 0x00c00083d0b0 by goroutine 2803:
  runtime.mapaccess2_faststr()
      /opt/homebrew/Cellar/go/1.24.6/libexec/src/internal/runtime/maps/runtime_faststr_swiss.go:162 +0x29c
  github.com/luxfi/threshold/protocols/frost/sign.(*round3).StoreBroadcastMessage()
      /Users/z/work/lux/threshold/protocols/frost/sign/round3.go:78 +0x26c
  github.com/luxfi/threshold/pkg/protocol.(*Handler).verifyBroadcastForRound()
      /Users/z/work/lux/threshold/pkg/protocol/handler.go:1277 +0x3a0
  github.com/luxfi/threshold/pkg/protocol.(*Handler).retryUnprocessedMessages()
      /Users/z/work/lux/threshold/pkg/protocol/handler.go:1483 +0x22c
  github.com/luxfi/threshold/pkg/protocol.(*Handler).tryAdvanceRound()
      /Users/z/work/lux/threshold/pkg/protocol/handler.go:587 +0x28c
  github.com/luxfi/threshold/pkg/protocol.(*Handler).roundProcessor()
      /Users/z/work/lux/threshold/pkg/protocol/handler.go:569 +0xb4
  github.com/luxfi/threshold/pkg/protocol.(*Handler).startWorkers.func1()
      /Users/z/work/lux/threshold/pkg/protocol/handler.go:374 +0x78

Previous write at 0x00c00083d0b0 by goroutine 2802:
  runtime.mapaccess2_faststr()
      /opt/homebrew/Cellar/go/1.24.6/libexec/src/internal/runtime/maps/runtime_faststr_swiss.go:162 +0x29c
  github.com/luxfi/threshold/protocols/frost/sign.(*round3).StoreBroadcastMessage()
      /Users/z/work/lux/threshold/protocols/frost/sign/round3.go:78 +0x26c
  github.com/luxfi/threshold/pkg/protocol.(*Handler).verifyBroadcast()
      /Users/z/work/lux/threshold/pkg/protocol/handler.go:1392 +0x648
  github.com/luxfi/threshold/pkg/protocol.(*Handler).processMessage()
      /Users/z/work/lux/threshold/pkg/protocol/handler.go:480 +0xb9c
  github.com/luxfi/threshold/pkg/protocol.(*Handler).messageWorker()
      /Users/z/work/lux/threshold/pkg/protocol/handler.go:408 +0x338
  github.com/luxfi/threshold/pkg/protocol.(*Handler).startWorkers.gowrap2()
      /Users/z/work/lux/threshold/pkg/protocol/handler.go:361 +0x44

Goroutine 2803 (running) created at:
  github.com/luxfi/threshold/pkg/protocol.(*Handler).startWorkers()
      /Users/z/work/lux/threshold/pkg/protocol/handler.go:372 +0x4fc
  github.com/luxfi/threshold/pkg/protocol.NewHandler()
      /Users/z/work/lux/threshold/pkg/protocol/handler.go:247 +0xf10
  github.com/luxfi/threshold/internal/test.(*Harness).CreateHandler()
      /Users/z/work/lux/threshold/internal/test/harness.go:91 +0x2e4
  github.com/luxfi/threshold/internal/test.RunProtocol()
      /Users/z/work/lux/threshold/internal/test/harness.go:270 +0x230
  github.com/luxfi/threshold/protocols/frost_test.TestFROSTKeygenAndSign.(*KeygenAndSign).Run.func11()
      /Users/z/work/lux/threshold/internal/test/protocol_helpers.go:114 +0x3dc
  testing.tRunner()
      /opt/homebrew/Cellar/go/1.24.6/libexec/src/testing/testing.go:1792 +0x180
  testing.(*T).Run.gowrap1()
      /opt/homebrew/Cellar/go/1.24.6/libexec/src/testing/testing.go:1851 +0x40

Goroutine 2802 (running) created at:
  github.com/luxfi/threshold/pkg/protocol.(*Handler).startWorkers()
      /Users/z/work/lux/threshold/pkg/protocol/handler.go:361 +0x334
  github.com/luxfi/threshold/pkg/protocol.NewHandler()
      /Users/z/work/lux/threshold/pkg/protocol/handler.go:247 +0xf10
  github.com/luxfi/threshold/internal/test.(*Harness).CreateHandler()
      /Users/z/work/lux/threshold/internal/test/harness.go:91 +0x2e4
  github.com/luxfi/threshold/internal/test.RunProtocol()
      /Users/z/work/lux/threshold/internal/test/harness.go:270 +0x230
  github.com/luxfi/threshold/protocols/frost_test.TestFROSTKeygenAndSign.(*KeygenAndSign).Run.func11()
      /Users/z/work/lux/threshold/internal/test/protocol_helpers.go:114 +0x3dc
  testing.tRunner()
      /opt/homebrew/Cellar/go/1.24.6/libexec/src/testing/testing.go:1792 +0x180
  testing.(*T).Run.gowrap1()
      /opt/homebrew/Cellar/go/1.24.6/libexec/src/testing/testing.go:1851 +0x40
==================
==================
WARNING: DATA RACE
Write at 0x00c0005863b8 by goroutine 2803:
  github.com/luxfi/threshold/protocols/frost/sign.(*round3).StoreBroadcastMessage()
      /Users/z/work/lux/threshold/protocols/frost/sign/round3.go:78 +0x278
  github.com/luxfi/threshold/pkg/protocol.(*Handler).verifyBroadcastForRound()
      /Users/z/work/lux/threshold/pkg/protocol/handler.go:1277 +0x3a0
  github.com/luxfi/threshold/pkg/protocol.(*Handler).retryUnprocessedMessages()
      /Users/z/work/lux/threshold/pkg/protocol/handler.go:1483 +0x22c
  github.com/luxfi/threshold/pkg/protocol.(*Handler).tryAdvanceRound()
      /Users/z/work/lux/threshold/pkg/protocol/handler.go:587 +0x28c
  github.com/luxfi/threshold/pkg/protocol.(*Handler).roundProcessor()
      /Users/z/work/lux/threshold/pkg/protocol/handler.go:569 +0xb4
  github.com/luxfi/threshold/pkg/protocol.(*Handler).startWorkers.func1()
      /Users/z/work/lux/threshold/pkg/protocol/handler.go:374 +0x78

Previous write at 0x00c0005863b8 by goroutine 2802:
  github.com/luxfi/threshold/protocols/frost/sign.(*round3).StoreBroadcastMessage()
      /Users/z/work/lux/threshold/protocols/frost/sign/round3.go:78 +0x278
  github.com/luxfi/threshold/pkg/protocol.(*Handler).verifyBroadcast()
      /Users/z/work/lux/threshold/pkg/protocol/handler.go:1392 +0x648
  github.com/luxfi/threshold/pkg/protocol.(*Handler).processMessage()
      /Users/z/work/lux/threshold/pkg/protocol/handler.go:480 +0xb9c
  github.com/luxfi/threshold/pkg/protocol.(*Handler).messageWorker()
      /Users/z/work/lux/threshold/pkg/protocol/handler.go:408 +0x338
  github.com/luxfi/threshold/pkg/protocol.(*Handler).startWorkers.gowrap2()
      /Users/z/work/lux/threshold/pkg/protocol/handler.go:361 +0x44

Goroutine 2803 (running) created at:
  github.com/luxfi/threshold/pkg/protocol.(*Handler).startWorkers()
      /Users/z/work/lux/threshold/pkg/protocol/handler.go:372 +0x4fc
  github.com/luxfi/threshold/pkg/protocol.NewHandler()
      /Users/z/work/lux/threshold/pkg/protocol/handler.go:247 +0xf10
  github.com/luxfi/threshold/internal/test.(*Harness).CreateHandler()
      /Users/z/work/lux/threshold/internal/test/harness.go:91 +0x2e4
  github.com/luxfi/threshold/internal/test.RunProtocol()
      /Users/z/work/lux/threshold/internal/test/harness.go:270 +0x230
  github.com/luxfi/threshold/protocols/frost_test.TestFROSTKeygenAndSign.(*KeygenAndSign).Run.func11()
      /Users/z/work/lux/threshold/internal/test/protocol_helpers.go:114 +0x3dc
  testing.tRunner()
      /opt/homebrew/Cellar/go/1.24.6/libexec/src/testing/testing.go:1792 +0x180
  testing.(*T).Run.gowrap1()
      /opt/homebrew/Cellar/go/1.24.6/libexec/src/testing/testing.go:1851 +0x40

Goroutine 2802 (running) created at:
  github.com/luxfi/threshold/pkg/protocol.(*Handler).startWorkers()
      /Users/z/work/lux/threshold/pkg/protocol/handler.go:361 +0x334
  github.com/luxfi/threshold/pkg/protocol.NewHandler()
      /Users/z/work/lux/threshold/pkg/protocol/handler.go:247 +0xf10
  github.com/luxfi/threshold/internal/test.(*Harness).CreateHandler()
      /Users/z/work/lux/threshold/internal/test/harness.go:91 +0x2e4
  github.com/luxfi/threshold/internal/test.RunProtocol()
      /Users/z/work/lux/threshold/internal/test/harness.go:270 +0x230
  github.com/luxfi/threshold/protocols/frost_test.TestFROSTKeygenAndSign.(*KeygenAndSign).Run.func11()
      /Users/z/work/lux/threshold/internal/test/protocol_helpers.go:114 +0x3dc
  testing.tRunner()
      /opt/homebrew/Cellar/go/1.24.6/libexec/src/testing/testing.go:1792 +0x180
  testing.(*T).Run.gowrap1()
      /opt/homebrew/Cellar/go/1.24.6/libexec/src/testing/testing.go:1851 +0x40
==================
2025-08-15T22:12:59.487-0500	DEBUG	protocol/handler.go:1591	have processed broadcast	{"{round 20 2  <nil>}": {"Key":"from","Type":15,"Integer":0,"String":"d","Interface":null}}
2025-08-15T22:12:59.487-0500	DEBUG	protocol/handler.go:1649	have all messages and processed	{"{round 20 2  <nil>}": {"Key":"self","Type":15,"Integer":0,"String":"a","Interface":null}}
2025-08-15T22:12:59.488-0500	DEBUG	protocol/handler.go:596	round already finalized
2025-08-15T22:12:59.480-0500	DEBUG	protocol/handler.go:1649	have all messages and processed	{"{round 20 2  <nil>}": {"Key":"self","Type":15,"Integer":0,"String":"a","Interface":null}}
2025-08-15T22:12:59.488-0500	DEBUG	protocol/handler.go:596	round already finalized
2025-08-15T22:12:59.480-0500	DEBUG	protocol/handler.go:1591	have processed broadcast	{"{round 20 3  <nil>}": {"Key":"from","Type":15,"Integer":0,"String":"d","Interface":null}}
2025-08-15T22:12:59.488-0500	DEBUG	protocol/handler.go:1600	waiting for broadcasts	{"{round 20 3  <nil>}": {"Key":"missing","Type":15,"Integer":0,"String":"[a]","Interface":null}}
2025-08-15T22:12:59.488-0500	DEBUG	protocol/handler.go:581	tryAdvanceRound called	{"{current_round 20 3  <nil>}": {"Key":"self","Type":15,"Integer":0,"String":"b","Interface":null}}
2025-08-15T22:12:59.488-0500	DEBUG	protocol/handler.go:1591	have processed broadcast	{"{round 20 3  <nil>}": {"Key":"from","Type":15,"Integer":0,"String":"c","Interface":null}}
2025-08-15T22:12:59.488-0500	DEBUG	protocol/handler.go:1591	have processed broadcast	{"{round 20 3  <nil>}": {"Key":"from","Type":15,"Integer":0,"String":"d","Interface":null}}
2025-08-15T22:12:59.489-0500	DEBUG	protocol/handler.go:1600	waiting for broadcasts	{"{round 20 3  <nil>}": {"Key":"missing","Type":15,"Integer":0,"String":"[a]","Interface":null}}
2025-08-15T22:12:59.480-0500	DEBUG	protocol/handler.go:1657	storing broadcast	{"{round 20 3  <nil>}": {"Key":"from","Type":15,"Integer":0,"String":"b","Interface":null}}
2025-08-15T22:12:59.489-0500	DEBUG	protocol/handler.go:470	message for different round (buffering)	{"{msg_round 20 3  <nil>}": {"Key":"current_round","Type":20,"Integer":2,"String":"","Interface":null}}
2025-08-15T22:12:59.489-0500	DEBUG	protocol/handler.go:581	tryAdvanceRound called	{"{current_round 20 2  <nil>}": {"Key":"self","Type":15,"Integer":0,"String":"a","Interface":null}}
2025-08-15T22:12:59.489-0500	DEBUG	protocol/handler.go:1591	have processed broadcast	{"{round 20 2  <nil>}": {"Key":"from","Type":15,"Integer":0,"String":"b","Interface":null}}
2025-08-15T22:12:59.490-0500	DEBUG	protocol/handler.go:1591	have processed broadcast	{"{round 20 2  <nil>}": {"Key":"from","Type":15,"Integer":0,"String":"c","Interface":null}}
2025-08-15T22:12:59.490-0500	DEBUG	protocol/handler.go:1591	have processed broadcast	{"{round 20 2  <nil>}": {"Key":"from","Type":15,"Integer":0,"String":"d","Interface":null}}
2025-08-15T22:12:59.490-0500	DEBUG	protocol/handler.go:1649	have all messages and processed	{"{round 20 2  <nil>}": {"Key":"self","Type":15,"Integer":0,"String":"a","Interface":null}}
2025-08-15T22:12:59.490-0500	DEBUG	protocol/handler.go:596	round already finalized
2025-08-15T22:12:59.482-0500	DEBUG	protocol/handler.go:581	tryAdvanceRound called	{"{current_round 20 3  <nil>}": {"Key":"self","Type":15,"Integer":0,"String":"c","Interface":null}}
2025-08-15T22:12:59.490-0500	DEBUG	protocol/handler.go:1591	have processed broadcast	{"{round 20 3  <nil>}": {"Key":"from","Type":15,"Integer":0,"String":"b","Interface":null}}
2025-08-15T22:12:59.490-0500	DEBUG	protocol/handler.go:1591	have processed broadcast	{"{round 20 3  <nil>}": {"Key":"from","Type":15,"Integer":0,"String":"d","Interface":null}}
2025-08-15T22:12:59.490-0500	DEBUG	protocol/handler.go:1600	waiting for broadcasts	{"{round 20 3  <nil>}": {"Key":"missing","Type":15,"Integer":0,"String":"[a]","Interface":null}}
2025-08-15T22:12:59.491-0500	DEBUG	protocol/handler.go:581	tryAdvanceRound called	{"{current_round 20 3  <nil>}": {"Key":"self","Type":15,"Integer":0,"String":"b","Interface":null}}
2025-08-15T22:12:59.491-0500	DEBUG	protocol/handler.go:1591	have processed broadcast	{"{round 20 3  <nil>}": {"Key":"from","Type":15,"Integer":0,"String":"c","Interface":null}}
2025-08-15T22:12:59.491-0500	DEBUG	protocol/handler.go:1591	have processed broadcast	{"{round 20 3  <nil>}": {"Key":"from","Type":15,"Integer":0,"String":"d","Interface":null}}
2025-08-15T22:12:59.492-0500	DEBUG	protocol/handler.go:1600	waiting for broadcasts	{"{round 20 3  <nil>}": {"Key":"missing","Type":15,"Integer":0,"String":"[a]","Interface":null}}
2025-08-15T22:12:59.483-0500	DEBUG	protocol/handler.go:1591	have processed broadcast	{"{round 20 3  <nil>}": {"Key":"from","Type":15,"Integer":0,"String":"b","Interface":null}}
2025-08-15T22:12:59.492-0500	DEBUG	protocol/handler.go:1591	have processed broadcast	{"{round 20 3  <nil>}": {"Key":"from","Type":15,"Integer":0,"String":"d","Interface":null}}
2025-08-15T22:12:59.492-0500	DEBUG	protocol/handler.go:1600	waiting for broadcasts	{"{round 20 3  <nil>}": {"Key":"missing","Type":15,"Integer":0,"String":"[a]","Interface":null}}
2025-08-15T22:12:59.487-0500	DEBUG	protocol/handler.go:1591	have processed broadcast	{"{round 20 3  <nil>}": {"Key":"from","Type":15,"Integer":0,"String":"b","Interface":null}}
2025-08-15T22:12:59.492-0500	DEBUG	protocol/handler.go:1591	have processed broadcast	{"{round 20 3  <nil>}": {"Key":"from","Type":15,"Integer":0,"String":"c","Interface":null}}
2025-08-15T22:12:59.492-0500	DEBUG	protocol/handler.go:1600	waiting for broadcasts	{"{round 20 3  <nil>}": {"Key":"missing","Type":15,"Integer":0,"String":"[a]","Interface":null}}
2025-08-15T22:12:59.492-0500	DEBUG	protocol/handler.go:581	tryAdvanceRound called	{"{current_round 20 3  <nil>}": {"Key":"self","Type":15,"Integer":0,"String":"d","Interface":null}}
2025-08-15T22:12:59.492-0500	DEBUG	protocol/handler.go:1591	have processed broadcast	{"{round 20 3  <nil>}": {"Key":"from","Type":15,"Integer":0,"String":"b","Interface":null}}
2025-08-15T22:12:59.492-0500	DEBUG	protocol/handler.go:1591	have processed broadcast	{"{round 20 3  <nil>}": {"Key":"from","Type":15,"Integer":0,"String":"c","Interface":null}}
2025-08-15T22:12:59.492-0500	DEBUG	protocol/handler.go:1600	waiting for broadcasts	{"{round 20 3  <nil>}": {"Key":"missing","Type":15,"Integer":0,"String":"[a]","Interface":null}}
2025-08-15T22:12:59.492-0500	DEBUG	protocol/handler.go:581	tryAdvanceRound called	{"{current_round 20 3  <nil>}": {"Key":"self","Type":15,"Integer":0,"String":"d","Interface":null}}
2025-08-15T22:12:59.492-0500	DEBUG	protocol/handler.go:1591	have processed broadcast	{"{round 20 3  <nil>}": {"Key":"from","Type":15,"Integer":0,"String":"b","Interface":null}}
2025-08-15T22:12:59.492-0500	DEBUG	protocol/handler.go:1591	have processed broadcast	{"{round 20 3  <nil>}": {"Key":"from","Type":15,"Integer":0,"String":"c","Interface":null}}
2025-08-15T22:12:59.493-0500	DEBUG	protocol/handler.go:1600	waiting for broadcasts	{"{round 20 3  <nil>}": {"Key":"missing","Type":15,"Integer":0,"String":"[a]","Interface":null}}
2025-08-15T22:12:59.487-0500	DEBUG	protocol/handler.go:1039	sendRoundMessage	{"{from 15 0 a <nil>}": {"Key":"to","Type":15,"Integer":0,"String":"","Interface":null}, "{round 20 3  <nil>}": {"Key":"broadcast","Type":4,"Integer":1,"String":"","Interface":null}}
2025-08-15T22:12:59.493-0500	DEBUG	protocol/handler.go:1657	storing broadcast	{"{round 20 3  <nil>}": {"Key":"from","Type":15,"Integer":0,"String":"a","Interface":null}}
2025-08-15T22:12:59.493-0500	DEBUG	protocol/handler.go:1081	sent message to output channel	{"{from 15 0 a <nil>}": {"Key":"to","Type":15,"Integer":0,"String":"","Interface":null}, "{round 20 3  <nil>}": {"Key":"broadcast","Type":4,"Integer":1,"String":"","Interface":null}}
2025-08-15T22:12:59.493-0500	DEBUG	protocol/handler.go:581	tryAdvanceRound called	{"{current_round 20 2  <nil>}": {"Key":"self","Type":15,"Integer":0,"String":"a","Interface":null}}
2025-08-15T22:12:59.493-0500	DEBUG	protocol/handler.go:1591	have processed broadcast	{"{round 20 2  <nil>}": {"Key":"from","Type":15,"Integer":0,"String":"b","Interface":null}}
2025-08-15T22:12:59.493-0500	DEBUG	protocol/handler.go:1591	have processed broadcast	{"{round 20 2  <nil>}": {"Key":"from","Type":15,"Integer":0,"String":"c","Interface":null}}
2025-08-15T22:12:59.494-0500	DEBUG	protocol/handler.go:1591	have processed broadcast	{"{round 20 2  <nil>}": {"Key":"from","Type":15,"Integer":0,"String":"d","Interface":null}}
2025-08-15T22:12:59.494-0500	DEBUG	protocol/handler.go:1649	have all messages and processed	{"{round 20 2  <nil>}": {"Key":"self","Type":15,"Integer":0,"String":"a","Interface":null}}
2025-08-15T22:12:59.494-0500	DEBUG	protocol/handler.go:596	round already finalized
2025-08-15T22:12:59.494-0500	DEBUG	protocol/handler.go:437	processing message	{"{from 15 0 a <nil>}": {"Key":"to","Type":15,"Integer":0,"String":"","Interface":null}, "{round 20 3  <nil>}": {"Key":"broadcast","Type":4,"Integer":1,"String":"","Interface":null}}
2025-08-15T22:12:59.494-0500	DEBUG	protocol/handler.go:437	processing message	{"{from 15 0 a <nil>}": {"Key":"to","Type":15,"Integer":0,"String":"","Interface":null}, "{round 20 3  <nil>}": {"Key":"broadcast","Type":4,"Integer":1,"String":"","Interface":null}}
2025-08-15T22:12:59.495-0500	DEBUG	protocol/handler.go:1657	storing broadcast	{"{round 20 3  <nil>}": {"Key":"from","Type":15,"Integer":0,"String":"a","Interface":null}}
2025-08-15T22:12:59.494-0500	DEBUG	protocol/handler.go:437	processing message	{"{from 15 0 a <nil>}": {"Key":"to","Type":15,"Integer":0,"String":"","Interface":null}, "{round 20 3  <nil>}": {"Key":"broadcast","Type":4,"Integer":1,"String":"","Interface":null}}
2025-08-15T22:12:59.499-0500	DEBUG	protocol/handler.go:1657	storing broadcast	{"{round 20 3  <nil>}": {"Key":"from","Type":15,"Integer":0,"String":"a","Interface":null}}
2025-08-15T22:12:59.500-0500	DEBUG	protocol/handler.go:581	tryAdvanceRound called	{"{current_round 20 3  <nil>}": {"Key":"self","Type":15,"Integer":0,"String":"d","Interface":null}}
2025-08-15T22:12:59.500-0500	DEBUG	protocol/handler.go:1591	have processed broadcast	{"{round 20 3  <nil>}": {"Key":"from","Type":15,"Integer":0,"String":"a","Interface":null}}
2025-08-15T22:12:59.500-0500	DEBUG	protocol/handler.go:1591	have processed broadcast	{"{round 20 3  <nil>}": {"Key":"from","Type":15,"Integer":0,"String":"b","Interface":null}}
2025-08-15T22:12:59.500-0500	DEBUG	protocol/handler.go:1591	have processed broadcast	{"{round 20 3  <nil>}": {"Key":"from","Type":15,"Integer":0,"String":"c","Interface":null}}
2025-08-15T22:12:59.500-0500	DEBUG	protocol/handler.go:1649	have all messages and processed	{"{round 20 3  <nil>}": {"Key":"self","Type":15,"Integer":0,"String":"d","Interface":null}}
2025-08-15T22:12:59.500-0500	DEBUG	protocol/handler.go:619	finalizing round
2025-08-15T22:12:59.494-0500	DEBUG	protocol/handler.go:1657	storing broadcast	{"{round 20 3  <nil>}": {"Key":"from","Type":15,"Integer":0,"String":"a","Interface":null}}
2025-08-15T22:12:59.504-0500	DEBUG	protocol/handler.go:1182	finalized round messages	{"{round 20 3  <nil>}": {"Key":"messages","Type":11,"Integer":0,"String":"","Interface":null}}
2025-08-15T22:12:59.504-0500	INFO	protocol/handler.go:1211	protocol completed	{"{self 15 0 d <nil>}": {"Key":"final_round","Type":20,"Integer":3,"String":"","Interface":null}}
2025-08-15T22:12:59.504-0500	DEBUG	protocol/handler.go:624	finalizeRound returned nil
2025-08-15T22:12:59.504-0500	INFO	protocol/handler.go:787	protocol completed successfully
2025-08-15T22:12:59.504-0500	DEBUG	protocol/handler.go:581	tryAdvanceRound called	{"{current_round 20 3  <nil>}": {"Key":"self","Type":15,"Integer":0,"String":"b","Interface":null}}
2025-08-15T22:12:59.505-0500	DEBUG	protocol/handler.go:581	tryAdvanceRound called	{"{current_round 20 2  <nil>}": {"Key":"self","Type":15,"Integer":0,"String":"a","Interface":null}}
2025-08-15T22:12:59.505-0500	DEBUG	protocol/handler.go:581	tryAdvanceRound called	{"{current_round 20 3  <nil>}": {"Key":"self","Type":15,"Integer":0,"String":"c","Interface":null}}
2025-08-15T22:12:59.506-0500	DEBUG	protocol/handler.go:1591	have processed broadcast	{"{round 20 3  <nil>}": {"Key":"from","Type":15,"Integer":0,"String":"a","Interface":null}}
2025-08-15T22:12:59.506-0500	DEBUG	protocol/handler.go:1591	have processed broadcast	{"{round 20 2  <nil>}": {"Key":"from","Type":15,"Integer":0,"String":"b","Interface":null}}
2025-08-15T22:12:59.506-0500	DEBUG	protocol/handler.go:1591	have processed broadcast	{"{round 20 3  <nil>}": {"Key":"from","Type":15,"Integer":0,"String":"b","Interface":null}}
2025-08-15T22:12:59.506-0500	DEBUG	protocol/handler.go:1591	have processed broadcast	{"{round 20 3  <nil>}": {"Key":"from","Type":15,"Integer":0,"String":"d","Interface":null}}
2025-08-15T22:12:59.506-0500	DEBUG	protocol/handler.go:1591	have processed broadcast	{"{round 20 2  <nil>}": {"Key":"from","Type":15,"Integer":0,"String":"c","Interface":null}}
2025-08-15T22:12:59.506-0500	DEBUG	protocol/handler.go:1649	have all messages and processed	{"{round 20 3  <nil>}": {"Key":"self","Type":15,"Integer":0,"String":"c","Interface":null}}
2025-08-15T22:12:59.506-0500	DEBUG	protocol/handler.go:1591	have processed broadcast	{"{round 20 2  <nil>}": {"Key":"from","Type":15,"Integer":0,"String":"d","Interface":null}}
2025-08-15T22:12:59.506-0500	DEBUG	protocol/handler.go:1649	have all messages and processed	{"{round 20 2  <nil>}": {"Key":"self","Type":15,"Integer":0,"String":"a","Interface":null}}
2025-08-15T22:12:59.507-0500	DEBUG	protocol/handler.go:596	round already finalized
2025-08-15T22:12:59.506-0500	DEBUG	protocol/handler.go:619	finalizing round
2025-08-15T22:12:59.507-0500	DEBUG	protocol/handler.go:1182	finalized round messages	{"{round 20 2  <nil>}": {"Key":"messages","Type":11,"Integer":1,"String":"","Interface":null}}
2025-08-15T22:12:59.508-0500	DEBUG	protocol/handler.go:1239	finalize returned next round	{"{current 20 2  <nil>}": {"Key":"next","Type":20,"Integer":3,"String":"","Interface":null}}
2025-08-15T22:12:59.508-0500	INFO	protocol/handler.go:642	storing new currentRound	{"{from 20 2  <nil>}": {"Key":"to","Type":20,"Integer":3,"String":"","Interface":null}}
2025-08-15T22:12:59.508-0500	DEBUG	protocol/handler.go:1503	processing queued messages
2025-08-15T22:12:59.508-0500	DEBUG	protocol/handler.go:1503	processing queued messages
==================
WARNING: DATA RACE
Write at 0x00c000f89e00 by goroutine 2776:
  runtime.mapaccess2_faststr()
      /opt/homebrew/Cellar/go/1.24.6/libexec/src/internal/runtime/maps/runtime_faststr_swiss.go:162 +0x29c
  github.com/luxfi/threshold/protocols/frost/sign.(*round3).StoreBroadcastMessage()
      /Users/z/work/lux/threshold/protocols/frost/sign/round3.go:78 +0x26c
  github.com/luxfi/threshold/pkg/protocol.(*Handler).verifyBroadcastForRound()
      /Users/z/work/lux/threshold/pkg/protocol/handler.go:1277 +0x3a0
  github.com/luxfi/threshold/pkg/protocol.(*Handler).retryUnprocessedMessages()
      /Users/z/work/lux/threshold/pkg/protocol/handler.go:1483 +0x22c
  github.com/luxfi/threshold/pkg/protocol.(*Handler).tryAdvanceRound()
      /Users/z/work/lux/threshold/pkg/protocol/handler.go:587 +0x28c
  github.com/luxfi/threshold/pkg/protocol.(*Handler).roundProcessor()
      /Users/z/work/lux/threshold/pkg/protocol/handler.go:569 +0xb4
  github.com/luxfi/threshold/pkg/protocol.(*Handler).startWorkers.func1()
      /Users/z/work/lux/threshold/pkg/protocol/handler.go:374 +0x78

Previous write at 0x00c000f89e00 by goroutine 2774:
  runtime.mapaccess2_faststr()
      /opt/homebrew/Cellar/go/1.24.6/libexec/src/internal/runtime/maps/runtime_faststr_swiss.go:162 +0x29c
  github.com/luxfi/threshold/protocols/frost/sign.(*round3).StoreBroadcastMessage()
      /Users/z/work/lux/threshold/protocols/frost/sign/round3.go:78 +0x26c
  github.com/luxfi/threshold/pkg/protocol.(*Handler).verifyBroadcastForRound()
      /Users/z/work/lux/threshold/pkg/protocol/handler.go:1277 +0x3a0
  github.com/luxfi/threshold/pkg/protocol.(*Handler).retryUnprocessedMessages()
      /Users/z/work/lux/threshold/pkg/protocol/handler.go:1483 +0x22c
  github.com/luxfi/threshold/pkg/protocol.(*Handler).tryAdvanceRound()
      /Users/z/work/lux/threshold/pkg/protocol/handler.go:587 +0x28c
  github.com/luxfi/threshold/pkg/protocol.(*Handler).processMessage()
      /Users/z/work/lux/threshold/pkg/protocol/handler.go:486 +0xbb0
  github.com/luxfi/threshold/pkg/protocol.(*Handler).messageWorker()
      /Users/z/work/lux/threshold/pkg/protocol/handler.go:408 +0x338
  github.com/luxfi/threshold/pkg/protocol.(*Handler).startWorkers.gowrap2()
      /Users/z/work/lux/threshold/pkg/protocol/handler.go:361 +0x44

Goroutine 2776 (running) created at:
  github.com/luxfi/threshold/pkg/protocol.(*Handler).startWorkers()
      /Users/z/work/lux/threshold/pkg/protocol/handler.go:372 +0x4fc
  github.com/luxfi/threshold/pkg/protocol.NewHandler()
      /Users/z/work/lux/threshold/pkg/protocol/handler.go:247 +0xf10
  github.com/luxfi/threshold/internal/test.(*Harness).CreateHandler()
      /Users/z/work/lux/threshold/internal/test/harness.go:91 +0x2e4
  github.com/luxfi/threshold/internal/test.RunProtocol()
      /Users/z/work/lux/threshold/internal/test/harness.go:270 +0x230
  github.com/luxfi/threshold/protocols/frost_test.TestFROSTKeygenAndSign.(*KeygenAndSign).Run.func11()
      /Users/z/work/lux/threshold/internal/test/protocol_helpers.go:114 +0x3dc
  testing.tRunner()
      /opt/homebrew/Cellar/go/1.24.6/libexec/src/testing/testing.go:1792 +0x180
  testing.(*T).Run.gowrap1()
      /opt/homebrew/Cellar/go/1.24.6/libexec/src/testing/testing.go:1851 +0x40

Goroutine 2774 (running) created at:
  github.com/luxfi/threshold/pkg/protocol.(*Handler).startWorkers()
      /Users/z/work/lux/threshold/pkg/protocol/handler.go:361 +0x334
  github.com/luxfi/threshold/pkg/protocol.NewHandler()
      /Users/z/work/lux/threshold/pkg/protocol/handler.go:247 +0xf10
  github.com/luxfi/threshold/internal/test.(*Harness).CreateHandler()
      /Users/z/work/lux/threshold/internal/test/harness.go:91 +0x2e4
  github.com/luxfi/threshold/internal/test.RunProtocol()
      /Users/z/work/lux/threshold/internal/test/harness.go:270 +0x230
  github.com/luxfi/threshold/protocols/frost_test.TestFROSTKeygenAndSign.(*KeygenAndSign).Run.func11()
      /Users/z/work/lux/threshold/internal/test/protocol_helpers.go:114 +0x3dc
  testing.tRunner()
      /opt/homebrew/Cellar/go/1.24.6/libexec/src/testing/testing.go:1792 +0x180
  testing.(*T).Run.gowrap1()
      /opt/homebrew/Cellar/go/1.24.6/libexec/src/testing/testing.go:1851 +0x40
==================
2025-08-15T22:12:59.510-0500	DEBUG	protocol/handler.go:1591	have processed broadcast	{"{round 20 3  <nil>}": {"Key":"from","Type":15,"Integer":0,"String":"a","Interface":null}}
2025-08-15T22:12:59.510-0500	DEBUG	protocol/handler.go:1591	have processed broadcast	{"{round 20 3  <nil>}": {"Key":"from","Type":15,"Integer":0,"String":"b","Interface":null}}
2025-08-15T22:12:59.510-0500	DEBUG	protocol/handler.go:1591	have processed broadcast	{"{round 20 3  <nil>}": {"Key":"from","Type":15,"Integer":0,"String":"d","Interface":null}}
2025-08-15T22:12:59.510-0500	DEBUG	protocol/handler.go:1649	have all messages and processed	{"{round 20 3  <nil>}": {"Key":"self","Type":15,"Integer":0,"String":"c","Interface":null}}
2025-08-15T22:12:59.510-0500	DEBUG	protocol/handler.go:596	round already finalized
2025-08-15T22:12:59.510-0500	DEBUG	protocol/handler.go:581	tryAdvanceRound called	{"{current_round 20 3  <nil>}": {"Key":"self","Type":15,"Integer":0,"String":"c","Interface":null}}
2025-08-15T22:12:59.510-0500	DEBUG	protocol/handler.go:1591	have processed broadcast	{"{round 20 3  <nil>}": {"Key":"from","Type":15,"Integer":0,"String":"a","Interface":null}}
2025-08-15T22:12:59.510-0500	DEBUG	protocol/handler.go:1591	have processed broadcast	{"{round 20 3  <nil>}": {"Key":"from","Type":15,"Integer":0,"String":"b","Interface":null}}
2025-08-15T22:12:59.510-0500	DEBUG	protocol/handler.go:1591	have processed broadcast	{"{round 20 3  <nil>}": {"Key":"from","Type":15,"Integer":0,"String":"d","Interface":null}}
2025-08-15T22:12:59.510-0500	DEBUG	protocol/handler.go:1649	have all messages and processed	{"{round 20 3  <nil>}": {"Key":"self","Type":15,"Integer":0,"String":"c","Interface":null}}
2025-08-15T22:12:59.510-0500	DEBUG	protocol/handler.go:596	round already finalized
2025-08-15T22:12:59.510-0500	INFO	protocol/handler.go:560	advanced to round
2025-08-15T22:12:59.510-0500	DEBUG	protocol/handler.go:581	tryAdvanceRound called	{"{current_round 20 3  <nil>}": {"Key":"self","Type":15,"Integer":0,"String":"a","Interface":null}}
2025-08-15T22:12:59.513-0500	DEBUG	protocol/handler.go:581	tryAdvanceRound called	{"{current_round 20 3  <nil>}": {"Key":"self","Type":15,"Integer":0,"String":"b","Interface":null}}
2025-08-15T22:12:59.513-0500	DEBUG	protocol/handler.go:1591	have processed broadcast	{"{round 20 3  <nil>}": {"Key":"from","Type":15,"Integer":0,"String":"a","Interface":null}}
2025-08-15T22:12:59.514-0500	DEBUG	protocol/handler.go:1591	have processed broadcast	{"{round 20 3  <nil>}": {"Key":"from","Type":15,"Integer":0,"String":"c","Interface":null}}
2025-08-15T22:12:59.514-0500	DEBUG	protocol/handler.go:581	tryAdvanceRound called	{"{current_round 20 3  <nil>}": {"Key":"self","Type":15,"Integer":0,"String":"c","Interface":null}}
2025-08-15T22:12:59.514-0500	DEBUG	protocol/handler.go:1591	have processed broadcast	{"{round 20 3  <nil>}": {"Key":"from","Type":15,"Integer":0,"String":"a","Interface":null}}
2025-08-15T22:12:59.514-0500	DEBUG	protocol/handler.go:1591	have processed broadcast	{"{round 20 3  <nil>}": {"Key":"from","Type":15,"Integer":0,"String":"b","Interface":null}}
2025-08-15T22:12:59.514-0500	DEBUG	protocol/handler.go:1591	have processed broadcast	{"{round 20 3  <nil>}": {"Key":"from","Type":15,"Integer":0,"String":"d","Interface":null}}
2025-08-15T22:12:59.514-0500	DEBUG	protocol/handler.go:1649	have all messages and processed	{"{round 20 3  <nil>}": {"Key":"self","Type":15,"Integer":0,"String":"c","Interface":null}}
2025-08-15T22:12:59.514-0500	DEBUG	protocol/handler.go:596	round already finalized
2025-08-15T22:12:59.514-0500	DEBUG	protocol/handler.go:1591	have processed broadcast	{"{round 20 3  <nil>}": {"Key":"from","Type":15,"Integer":0,"String":"d","Interface":null}}
2025-08-15T22:12:59.514-0500	DEBUG	protocol/handler.go:1649	have all messages and processed	{"{round 20 3  <nil>}": {"Key":"self","Type":15,"Integer":0,"String":"b","Interface":null}}
2025-08-15T22:12:59.514-0500	DEBUG	protocol/handler.go:619	finalizing round
2025-08-15T22:12:59.518-0500	DEBUG	protocol/handler.go:581	tryAdvanceRound called	{"{current_round 20 3  <nil>}": {"Key":"self","Type":15,"Integer":0,"String":"b","Interface":null}}
2025-08-15T22:12:59.518-0500	DEBUG	protocol/handler.go:1591	have processed broadcast	{"{round 20 3  <nil>}": {"Key":"from","Type":15,"Integer":0,"String":"a","Interface":null}}
2025-08-15T22:12:59.518-0500	DEBUG	protocol/handler.go:1591	have processed broadcast	{"{round 20 3  <nil>}": {"Key":"from","Type":15,"Integer":0,"String":"c","Interface":null}}
2025-08-15T22:12:59.518-0500	DEBUG	protocol/handler.go:1591	have processed broadcast	{"{round 20 3  <nil>}": {"Key":"from","Type":15,"Integer":0,"String":"d","Interface":null}}
2025-08-15T22:12:59.518-0500	DEBUG	protocol/handler.go:1649	have all messages and processed	{"{round 20 3  <nil>}": {"Key":"self","Type":15,"Integer":0,"String":"b","Interface":null}}
2025-08-15T22:12:59.518-0500	DEBUG	protocol/handler.go:596	round already finalized
2025-08-15T22:12:59.522-0500	DEBUG	protocol/handler.go:1182	finalized round messages	{"{round 20 3  <nil>}": {"Key":"messages","Type":11,"Integer":0,"String":"","Interface":null}}
2025-08-15T22:12:59.522-0500	INFO	protocol/handler.go:1211	protocol completed	{"{self 15 0 b <nil>}": {"Key":"final_round","Type":20,"Integer":3,"String":"","Interface":null}}
2025-08-15T22:12:59.522-0500	DEBUG	protocol/handler.go:624	finalizeRound returned nil
2025-08-15T22:12:59.522-0500	DEBUG	protocol/handler.go:581	tryAdvanceRound called	{"{current_round 20 3  <nil>}": {"Key":"self","Type":15,"Integer":0,"String":"c","Interface":null}}
2025-08-15T22:12:59.522-0500	DEBUG	protocol/handler.go:1591	have processed broadcast	{"{round 20 3  <nil>}": {"Key":"from","Type":15,"Integer":0,"String":"a","Interface":null}}
2025-08-15T22:12:59.522-0500	DEBUG	protocol/handler.go:1591	have processed broadcast	{"{round 20 3  <nil>}": {"Key":"from","Type":15,"Integer":0,"String":"b","Interface":null}}
2025-08-15T22:12:59.522-0500	DEBUG	protocol/handler.go:1591	have processed broadcast	{"{round 20 3  <nil>}": {"Key":"from","Type":15,"Integer":0,"String":"d","Interface":null}}
2025-08-15T22:12:59.522-0500	DEBUG	protocol/handler.go:1649	have all messages and processed	{"{round 20 3  <nil>}": {"Key":"self","Type":15,"Integer":0,"String":"c","Interface":null}}
2025-08-15T22:12:59.522-0500	DEBUG	protocol/handler.go:596	round already finalized
2025-08-15T22:12:59.522-0500	DEBUG	protocol/handler.go:581	tryAdvanceRound called	{"{current_round 20 3  <nil>}": {"Key":"self","Type":15,"Integer":0,"String":"b","Interface":null}}
2025-08-15T22:12:59.523-0500	DEBUG	protocol/handler.go:1591	have processed broadcast	{"{round 20 3  <nil>}": {"Key":"from","Type":15,"Integer":0,"String":"a","Interface":null}}
2025-08-15T22:12:59.523-0500	DEBUG	protocol/handler.go:1591	have processed broadcast	{"{round 20 3  <nil>}": {"Key":"from","Type":15,"Integer":0,"String":"c","Interface":null}}
2025-08-15T22:12:59.523-0500	DEBUG	protocol/handler.go:1591	have processed broadcast	{"{round 20 3  <nil>}": {"Key":"from","Type":15,"Integer":0,"String":"d","Interface":null}}
2025-08-15T22:12:59.523-0500	DEBUG	protocol/handler.go:1649	have all messages and processed	{"{round 20 3  <nil>}": {"Key":"self","Type":15,"Integer":0,"String":"b","Interface":null}}
2025-08-15T22:12:59.523-0500	DEBUG	protocol/handler.go:596	round already finalized
2025-08-15T22:12:59.523-0500	INFO	protocol/handler.go:787	protocol completed successfully
2025-08-15T22:12:59.523-0500	DEBUG	protocol/handler.go:1182	finalized round messages	{"{round 20 3  <nil>}": {"Key":"messages","Type":11,"Integer":0,"String":"","Interface":null}}
2025-08-15T22:12:59.523-0500	INFO	protocol/handler.go:1211	protocol completed	{"{self 15 0 c <nil>}": {"Key":"final_round","Type":20,"Integer":3,"String":"","Interface":null}}
2025-08-15T22:12:59.523-0500	DEBUG	protocol/handler.go:624	finalizeRound returned nil
2025-08-15T22:12:59.525-0500	DEBUG	protocol/handler.go:403	worker stopping
2025-08-15T22:12:59.525-0500	DEBUG	protocol/handler.go:403	worker stopping
2025-08-15T22:12:59.525-0500	DEBUG	protocol/handler.go:403	worker stopping
2025-08-15T22:12:59.525-0500	DEBUG	protocol/handler.go:403	worker stopping
2025-08-15T22:12:59.525-0500	DEBUG	protocol/handler.go:403	worker stopping
2025-08-15T22:12:59.525-0500	DEBUG	protocol/handler.go:403	worker stopping
2025-08-15T22:12:59.525-0500	DEBUG	protocol/handler.go:403	worker stopping
2025-08-15T22:12:59.525-0500	DEBUG	protocol/handler.go:403	worker stopping
2025-08-15T22:12:59.527-0500	DEBUG	protocol/handler.go:1591	have processed broadcast	{"{round 20 3  <nil>}": {"Key":"from","Type":15,"Integer":0,"String":"b","Interface":null}}
2025-08-15T22:12:59.527-0500	DEBUG	protocol/handler.go:1591	have processed broadcast	{"{round 20 3  <nil>}": {"Key":"from","Type":15,"Integer":0,"String":"c","Interface":null}}
2025-08-15T22:12:59.527-0500	DEBUG	protocol/handler.go:1591	have processed broadcast	{"{round 20 3  <nil>}": {"Key":"from","Type":15,"Integer":0,"String":"d","Interface":null}}
2025-08-15T22:12:59.527-0500	DEBUG	protocol/handler.go:1649	have all messages and processed	{"{round 20 3  <nil>}": {"Key":"self","Type":15,"Integer":0,"String":"a","Interface":null}}
2025-08-15T22:12:59.527-0500	DEBUG	protocol/handler.go:619	finalizing round
2025-08-15T22:12:59.531-0500	DEBUG	protocol/handler.go:1182	finalized round messages	{"{round 20 3  <nil>}": {"Key":"messages","Type":11,"Integer":0,"String":"","Interface":null}}
2025-08-15T22:12:59.531-0500	INFO	protocol/handler.go:1211	protocol completed	{"{self 15 0 a <nil>}": {"Key":"final_round","Type":20,"Integer":3,"String":"","Interface":null}}
2025-08-15T22:12:59.531-0500	DEBUG	protocol/handler.go:624	finalizeRound returned nil
2025-08-15T22:12:59.531-0500	DEBUG	protocol/handler.go:581	tryAdvanceRound called	{"{current_round 20 3  <nil>}": {"Key":"self","Type":15,"Integer":0,"String":"a","Interface":null}}
2025-08-15T22:12:59.531-0500	DEBUG	protocol/handler.go:1591	have processed broadcast	{"{round 20 3  <nil>}": {"Key":"from","Type":15,"Integer":0,"String":"b","Interface":null}}
2025-08-15T22:12:59.531-0500	DEBUG	protocol/handler.go:1591	have processed broadcast	{"{round 20 3  <nil>}": {"Key":"from","Type":15,"Integer":0,"String":"c","Interface":null}}
2025-08-15T22:12:59.531-0500	DEBUG	protocol/handler.go:1591	have processed broadcast	{"{round 20 3  <nil>}": {"Key":"from","Type":15,"Integer":0,"String":"d","Interface":null}}
2025-08-15T22:12:59.531-0500	DEBUG	protocol/handler.go:1649	have all messages and processed	{"{round 20 3  <nil>}": {"Key":"self","Type":15,"Integer":0,"String":"a","Interface":null}}
2025-08-15T22:12:59.531-0500	DEBUG	protocol/handler.go:596	round already finalized
2025-08-15T22:12:59.535-0500	INFO	protocol/handler.go:787	protocol completed successfully
2025-08-15T22:12:59.535-0500	INFO	protocol/handler.go:787	protocol completed successfully
2025-08-15T22:12:59.563-0500	DEBUG	protocol/handler.go:403	worker stopping
2025-08-15T22:12:59.571-0500	DEBUG	protocol/handler.go:403	worker stopping
2025-08-15T22:12:59.571-0500	DEBUG	protocol/handler.go:403	worker stopping
2025-08-15T22:12:59.572-0500	DEBUG	protocol/handler.go:403	worker stopping
2025-08-15T22:12:59.572-0500	DEBUG	protocol/handler.go:403	worker stopping
2025-08-15T22:12:59.572-0500	DEBUG	protocol/handler.go:403	worker stopping
2025-08-15T22:12:59.572-0500	DEBUG	protocol/handler.go:403	worker stopping
2025-08-15T22:12:59.572-0500	DEBUG	protocol/handler.go:403	worker stopping
2025-08-15T22:12:59.572-0500	DEBUG	protocol/handler.go:403	worker stopping
2025-08-15T22:12:59.572-0500	DEBUG	protocol/handler.go:403	worker stopping
2025-08-15T22:12:59.572-0500	DEBUG	protocol/handler.go:403	worker stopping
2025-08-15T22:12:59.572-0500	DEBUG	protocol/handler.go:403	worker stopping
2025-08-15T22:12:59.576-0500	DEBUG	protocol/handler.go:403	worker stopping
2025-08-15T22:12:59.576-0500	DEBUG	protocol/handler.go:403	worker stopping
2025-08-15T22:12:59.576-0500	DEBUG	protocol/handler.go:403	worker stopping
2025-08-15T22:12:59.576-0500	DEBUG	protocol/handler.go:403	worker stopping
2025-08-15T22:12:59.576-0500	DEBUG	protocol/handler.go:403	worker stopping
2025-08-15T22:12:59.576-0500	DEBUG	protocol/handler.go:403	worker stopping
2025-08-15T22:12:59.577-0500	DEBUG	protocol/handler.go:403	worker stopping
2025-08-15T22:12:59.577-0500	DEBUG	protocol/handler.go:403	worker stopping
2025-08-15T22:12:59.577-0500	DEBUG	protocol/handler.go:403	worker stopping
2025-08-15T22:12:59.577-0500	DEBUG	protocol/handler.go:403	worker stopping
2025-08-15T22:12:59.577-0500	DEBUG	protocol/handler.go:403	worker stopping
2025-08-15T22:12:59.574-0500	DEBUG	protocol/handler.go:403	worker stopping
2025-08-15T22:12:59.605-0500	DEBUG	protocol/handler.go:1591	have processed broadcast	{"{round 20 3  <nil>}": {"Key":"from","Type":15,"Integer":0,"String":"a","Interface":null}}
2025-08-15T22:12:59.605-0500	DEBUG	protocol/handler.go:1591	have processed broadcast	{"{round 20 3  <nil>}": {"Key":"from","Type":15,"Integer":0,"String":"c","Interface":null}}
2025-08-15T22:12:59.605-0500	DEBUG	protocol/handler.go:1591	have processed broadcast	{"{round 20 3  <nil>}": {"Key":"from","Type":15,"Integer":0,"String":"d","Interface":null}}
2025-08-15T22:12:59.605-0500	DEBUG	protocol/handler.go:1649	have all messages and processed	{"{round 20 3  <nil>}": {"Key":"self","Type":15,"Integer":0,"String":"b","Interface":null}}
2025-08-15T22:12:59.605-0500	DEBUG	protocol/handler.go:596	round already finalized
2025-08-15T22:12:59.605-0500	DEBUG	protocol/handler.go:581	tryAdvanceRound called	{"{current_round 20 3  <nil>}": {"Key":"self","Type":15,"Integer":0,"String":"b","Interface":null}}
2025-08-15T22:12:59.605-0500	DEBUG	protocol/handler.go:1591	have processed broadcast	{"{round 20 3  <nil>}": {"Key":"from","Type":15,"Integer":0,"String":"a","Interface":null}}
2025-08-15T22:12:59.605-0500	DEBUG	protocol/handler.go:1591	have processed broadcast	{"{round 20 3  <nil>}": {"Key":"from","Type":15,"Integer":0,"String":"c","Interface":null}}
2025-08-15T22:12:59.605-0500	DEBUG	protocol/handler.go:1591	have processed broadcast	{"{round 20 3  <nil>}": {"Key":"from","Type":15,"Integer":0,"String":"d","Interface":null}}
2025-08-15T22:12:59.605-0500	DEBUG	protocol/handler.go:1649	have all messages and processed	{"{round 20 3  <nil>}": {"Key":"self","Type":15,"Integer":0,"String":"b","Interface":null}}
2025-08-15T22:12:59.605-0500	DEBUG	protocol/handler.go:596	round already finalized
2025-08-15T22:12:59.638-0500	INFO	protocol/handler.go:240	starting protocol handler	{"{protocol 15 0 frost/keygen-threshold <nil>}": {"Key":"workers","Type":11,"Integer":4,"String":"","Interface":null}, "{parties 11 7  <nil>}": {"Key":"threshold","Type":11,"Integer":5,"String":"","Interface":null}}
2025-08-15T22:12:59.639-0500	DEBUG	protocol/handler.go:348	starting worker pools	{"{workers 11 4  <nil>}": {"Key":"priority","Type":11,"Integer":4,"String":"","Interface":null}}
2025-08-15T22:12:59.639-0500	DEBUG	protocol/handler.go:930	initializing round
2025-08-15T22:12:59.639-0500	DEBUG	protocol/handler.go:1503	processing queued messages
2025-08-15T22:12:59.640-0500	DEBUG	protocol/handler.go:391	worker started	{"{id 11 0  <nil>}": {"Key":"priority","Type":4,"Integer":0,"String":"","Interface":null}}
2025-08-15T22:12:59.640-0500	DEBUG	protocol/handler.go:391	worker started	{"{id 11 3  <nil>}": {"Key":"priority","Type":4,"Integer":1,"String":"","Interface":null}}
2025-08-15T22:12:59.640-0500	DEBUG	protocol/handler.go:391	worker started	{"{id 11 2  <nil>}": {"Key":"priority","Type":4,"Integer":0,"String":"","Interface":null}}
2025-08-15T22:12:59.640-0500	DEBUG	protocol/handler.go:391	worker started	{"{id 11 2  <nil>}": {"Key":"priority","Type":4,"Integer":1,"String":"","Interface":null}}
2025-08-15T22:12:59.640-0500	DEBUG	protocol/handler.go:391	worker started	{"{id 11 1  <nil>}": {"Key":"priority","Type":4,"Integer":0,"String":"","Interface":null}}
2025-08-15T22:12:59.640-0500	INFO	protocol/handler.go:240	starting protocol handler	{"{protocol 15 0 frost/keygen-threshold <nil>}": {"Key":"workers","Type":11,"Integer":4,"String":"","Interface":null}, "{parties 11 7  <nil>}": {"Key":"threshold","Type":11,"Integer":5,"String":"","Interface":null}}
2025-08-15T22:12:59.640-0500	DEBUG	protocol/handler.go:348	starting worker pools	{"{workers 11 4  <nil>}": {"Key":"priority","Type":11,"Integer":4,"String":"","Interface":null}}
2025-08-15T22:12:59.640-0500	DEBUG	protocol/handler.go:391	worker started	{"{id 11 3  <nil>}": {"Key":"priority","Type":4,"Integer":0,"String":"","Interface":null}}
2025-08-15T22:12:59.640-0500	DEBUG	protocol/handler.go:391	worker started	{"{id 11 0  <nil>}": {"Key":"priority","Type":4,"Integer":1,"String":"","Interface":null}}
2025-08-15T22:12:59.640-0500	DEBUG	protocol/handler.go:391	worker started	{"{id 11 1  <nil>}": {"Key":"priority","Type":4,"Integer":1,"String":"","Interface":null}}
2025-08-15T22:12:59.640-0500	DEBUG	protocol/handler.go:391	worker started	{"{id 11 1  <nil>}": {"Key":"priority","Type":4,"Integer":1,"String":"","Interface":null}}
2025-08-15T22:12:59.640-0500	DEBUG	protocol/handler.go:391	worker started	{"{id 11 1  <nil>}": {"Key":"priority","Type":4,"Integer":0,"String":"","Interface":null}}
2025-08-15T22:12:59.640-0500	DEBUG	protocol/handler.go:391	worker started	{"{id 11 2  <nil>}": {"Key":"priority","Type":4,"Integer":0,"String":"","Interface":null}}
2025-08-15T22:12:59.640-0500	DEBUG	protocol/handler.go:391	worker started	{"{id 11 0  <nil>}": {"Key":"priority","Type":4,"Integer":0,"String":"","Interface":null}}
2025-08-15T22:12:59.641-0500	DEBUG	protocol/handler.go:391	worker started	{"{id 11 3  <nil>}": {"Key":"priority","Type":4,"Integer":0,"String":"","Interface":null}}
2025-08-15T22:12:59.641-0500	DEBUG	protocol/handler.go:391	worker started	{"{id 11 0  <nil>}": {"Key":"priority","Type":4,"Integer":1,"String":"","Interface":null}}
2025-08-15T22:12:59.641-0500	DEBUG	protocol/handler.go:391	worker started	{"{id 11 2  <nil>}": {"Key":"priority","Type":4,"Integer":1,"String":"","Interface":null}}
2025-08-15T22:12:59.641-0500	DEBUG	protocol/handler.go:391	worker started	{"{id 11 3  <nil>}": {"Key":"priority","Type":4,"Integer":1,"String":"","Interface":null}}
2025-08-15T22:12:59.641-0500	DEBUG	protocol/handler.go:930	initializing round
2025-08-15T22:12:59.641-0500	DEBUG	protocol/handler.go:1503	processing queued messages
2025-08-15T22:12:59.651-0500	INFO	protocol/handler.go:560	advanced to round
2025-08-15T22:12:59.652-0500	DEBUG	protocol/handler.go:581	tryAdvanceRound called	{"{current_round 20 1  <nil>}": {"Key":"self","Type":15,"Integer":0,"String":"b","Interface":null}}
2025-08-15T22:12:59.652-0500	DEBUG	protocol/handler.go:1649	have all messages and processed	{"{round 20 1  <nil>}": {"Key":"self","Type":15,"Integer":0,"String":"b","Interface":null}}
2025-08-15T22:12:59.652-0500	DEBUG	protocol/handler.go:619	finalizing round
2025-08-15T22:12:59.663-0500	INFO	protocol/handler.go:560	advanced to round
2025-08-15T22:12:59.664-0500	DEBUG	protocol/handler.go:581	tryAdvanceRound called	{"{current_round 20 1  <nil>}": {"Key":"self","Type":15,"Integer":0,"String":"a","Interface":null}}
2025-08-15T22:12:59.664-0500	DEBUG	protocol/handler.go:1649	have all messages and processed	{"{round 20 1  <nil>}": {"Key":"self","Type":15,"Integer":0,"String":"a","Interface":null}}
2025-08-15T22:12:59.664-0500	DEBUG	protocol/handler.go:619	finalizing round
2025-08-15T22:12:59.664-0500	DEBUG	protocol/handler.go:954	round already being initialized/finalized, skipping
2025-08-15T22:12:59.664-0500	INFO	protocol/handler.go:240	starting protocol handler	{"{protocol 15 0 frost/keygen-threshold <nil>}": {"Key":"workers","Type":11,"Integer":4,"String":"","Interface":null}, "{parties 11 7  <nil>}": {"Key":"threshold","Type":11,"Integer":5,"String":"","Interface":null}}
2025-08-15T22:12:59.664-0500	DEBUG	protocol/handler.go:348	starting worker pools	{"{workers 11 4  <nil>}": {"Key":"priority","Type":11,"Integer":4,"String":"","Interface":null}}
2025-08-15T22:12:59.664-0500	DEBUG	protocol/handler.go:930	initializing round
2025-08-15T22:12:59.664-0500	DEBUG	protocol/handler.go:1503	processing queued messages
2025-08-15T22:12:59.664-0500	DEBUG	protocol/handler.go:391	worker started	{"{id 11 1  <nil>}": {"Key":"priority","Type":4,"Integer":0,"String":"","Interface":null}}
2025-08-15T22:12:59.665-0500	DEBUG	protocol/handler.go:391	worker started	{"{id 11 2  <nil>}": {"Key":"priority","Type":4,"Integer":0,"String":"","Interface":null}}
2025-08-15T22:12:59.665-0500	DEBUG	protocol/handler.go:391	worker started	{"{id 11 3  <nil>}": {"Key":"priority","Type":4,"Integer":0,"String":"","Interface":null}}
2025-08-15T22:12:59.665-0500	DEBUG	protocol/handler.go:391	worker started	{"{id 11 0  <nil>}": {"Key":"priority","Type":4,"Integer":0,"String":"","Interface":null}}
2025-08-15T22:12:59.665-0500	DEBUG	protocol/handler.go:391	worker started	{"{id 11 0  <nil>}": {"Key":"priority","Type":4,"Integer":1,"String":"","Interface":null}}
2025-08-15T22:12:59.665-0500	DEBUG	protocol/handler.go:391	worker started	{"{id 11 1  <nil>}": {"Key":"priority","Type":4,"Integer":1,"String":"","Interface":null}}
2025-08-15T22:12:59.665-0500	DEBUG	protocol/handler.go:391	worker started	{"{id 11 2  <nil>}": {"Key":"priority","Type":4,"Integer":1,"String":"","Interface":null}}
2025-08-15T22:12:59.665-0500	DEBUG	protocol/handler.go:391	worker started	{"{id 11 3  <nil>}": {"Key":"priority","Type":4,"Integer":1,"String":"","Interface":null}}
2025-08-15T22:12:59.665-0500	INFO	protocol/handler.go:240	starting protocol handler	{"{protocol 15 0 frost/keygen-threshold <nil>}": {"Key":"workers","Type":11,"Integer":4,"String":"","Interface":null}, "{parties 11 7  <nil>}": {"Key":"threshold","Type":11,"Integer":5,"String":"","Interface":null}}
2025-08-15T22:12:59.665-0500	DEBUG	protocol/handler.go:348	starting worker pools	{"{workers 11 4  <nil>}": {"Key":"priority","Type":11,"Integer":4,"String":"","Interface":null}}
2025-08-15T22:12:59.665-0500	DEBUG	protocol/handler.go:930	initializing round
2025-08-15T22:12:59.665-0500	DEBUG	protocol/handler.go:1503	processing queued messages
2025-08-15T22:12:59.665-0500	DEBUG	protocol/handler.go:391	worker started	{"{id 11 0  <nil>}": {"Key":"priority","Type":4,"Integer":0,"String":"","Interface":null}}
2025-08-15T22:12:59.665-0500	DEBUG	protocol/handler.go:391	worker started	{"{id 11 1  <nil>}": {"Key":"priority","Type":4,"Integer":0,"String":"","Interface":null}}
2025-08-15T22:12:59.665-0500	DEBUG	protocol/handler.go:391	worker started	{"{id 11 2  <nil>}": {"Key":"priority","Type":4,"Integer":0,"String":"","Interface":null}}
2025-08-15T22:12:59.666-0500	DEBUG	protocol/handler.go:391	worker started	{"{id 11 0  <nil>}": {"Key":"priority","Type":4,"Integer":1,"String":"","Interface":null}}
2025-08-15T22:12:59.666-0500	DEBUG	protocol/handler.go:391	worker started	{"{id 11 1  <nil>}": {"Key":"priority","Type":4,"Integer":1,"String":"","Interface":null}}
2025-08-15T22:12:59.666-0500	DEBUG	protocol/handler.go:391	worker started	{"{id 11 3  <nil>}": {"Key":"priority","Type":4,"Integer":0,"String":"","Interface":null}}
2025-08-15T22:12:59.666-0500	DEBUG	protocol/handler.go:391	worker started	{"{id 11 2  <nil>}": {"Key":"priority","Type":4,"Integer":1,"String":"","Interface":null}}
2025-08-15T22:12:59.666-0500	DEBUG	protocol/handler.go:391	worker started	{"{id 11 3  <nil>}": {"Key":"priority","Type":4,"Integer":1,"String":"","Interface":null}}
2025-08-15T22:12:59.684-0500	INFO	protocol/handler.go:240	starting protocol handler	{"{protocol 15 0 frost/keygen-threshold <nil>}": {"Key":"workers","Type":11,"Integer":4,"String":"","Interface":null}, "{parties 11 7  <nil>}": {"Key":"threshold","Type":11,"Integer":5,"String":"","Interface":null}}
2025-08-15T22:12:59.686-0500	DEBUG	protocol/handler.go:348	starting worker pools	{"{workers 11 4  <nil>}": {"Key":"priority","Type":11,"Integer":4,"String":"","Interface":null}}
2025-08-15T22:12:59.687-0500	INFO	protocol/handler.go:560	advanced to round
2025-08-15T22:12:59.687-0500	DEBUG	protocol/handler.go:581	tryAdvanceRound called	{"{current_round 20 1  <nil>}": {"Key":"self","Type":15,"Integer":0,"String":"d","Interface":null}}
2025-08-15T22:12:59.687-0500	DEBUG	protocol/handler.go:1649	have all messages and processed	{"{round 20 1  <nil>}": {"Key":"self","Type":15,"Integer":0,"String":"d","Interface":null}}
2025-08-15T22:12:59.687-0500	DEBUG	protocol/handler.go:619	finalizing round
2025-08-15T22:12:59.689-0500	DEBUG	protocol/handler.go:391	worker started	{"{id 11 3  <nil>}": {"Key":"priority","Type":4,"Integer":1,"String":"","Interface":null}}
2025-08-15T22:12:59.689-0500	DEBUG	protocol/handler.go:1039	sendRoundMessage	{"{from 15 0 b <nil>}": {"Key":"to","Type":15,"Integer":0,"String":"","Interface":null}, "{round 20 2  <nil>}": {"Key":"broadcast","Type":4,"Integer":1,"String":"","Interface":null}}
2025-08-15T22:12:59.689-0500	DEBUG	protocol/handler.go:391	worker started	{"{id 11 0  <nil>}": {"Key":"priority","Type":4,"Integer":0,"String":"","Interface":null}}
2025-08-15T22:12:59.689-0500	DEBUG	protocol/handler.go:391	worker started	{"{id 11 2  <nil>}": {"Key":"priority","Type":4,"Integer":0,"String":"","Interface":null}}
2025-08-15T22:12:59.689-0500	DEBUG	protocol/handler.go:391	worker started	{"{id 11 3  <nil>}": {"Key":"priority","Type":4,"Integer":0,"String":"","Interface":null}}
2025-08-15T22:12:59.689-0500	DEBUG	protocol/handler.go:391	worker started	{"{id 11 1  <nil>}": {"Key":"priority","Type":4,"Integer":0,"String":"","Interface":null}}
2025-08-15T22:12:59.689-0500	DEBUG	protocol/handler.go:954	round already being initialized/finalized, skipping
2025-08-15T22:12:59.689-0500	DEBUG	protocol/handler.go:391	worker started	{"{id 11 0  <nil>}": {"Key":"priority","Type":4,"Integer":1,"String":"","Interface":null}}
2025-08-15T22:12:59.690-0500	DEBUG	protocol/handler.go:930	initializing round
2025-08-15T22:12:59.690-0500	DEBUG	protocol/handler.go:1503	processing queued messages
2025-08-15T22:12:59.690-0500	DEBUG	protocol/handler.go:391	worker started	{"{id 11 2  <nil>}": {"Key":"priority","Type":4,"Integer":1,"String":"","Interface":null}}
2025-08-15T22:12:59.690-0500	INFO	protocol/handler.go:560	advanced to round
2025-08-15T22:12:59.690-0500	DEBUG	protocol/handler.go:391	worker started	{"{id 11 1  <nil>}": {"Key":"priority","Type":4,"Integer":1,"String":"","Interface":null}}
2025-08-15T22:12:59.690-0500	DEBUG	protocol/handler.go:954	round already being initialized/finalized, skipping
2025-08-15T22:12:59.690-0500	INFO	protocol/handler.go:240	starting protocol handler	{"{protocol 15 0 frost/keygen-threshold <nil>}": {"Key":"workers","Type":11,"Integer":4,"String":"","Interface":null}, "{parties 11 7  <nil>}": {"Key":"threshold","Type":11,"Integer":5,"String":"","Interface":null}}
2025-08-15T22:12:59.690-0500	DEBUG	protocol/handler.go:581	tryAdvanceRound called	{"{current_round 20 1  <nil>}": {"Key":"self","Type":15,"Integer":0,"String":"c","Interface":null}}
2025-08-15T22:12:59.690-0500	DEBUG	protocol/handler.go:1649	have all messages and processed	{"{round 20 1  <nil>}": {"Key":"self","Type":15,"Integer":0,"String":"c","Interface":null}}
2025-08-15T22:12:59.690-0500	DEBUG	protocol/handler.go:596	round already finalized
2025-08-15T22:12:59.690-0500	DEBUG	protocol/handler.go:348	starting worker pools	{"{workers 11 4  <nil>}": {"Key":"priority","Type":11,"Integer":4,"String":"","Interface":null}}
2025-08-15T22:12:59.690-0500	DEBUG	protocol/handler.go:1657	storing broadcast	{"{round 20 2  <nil>}": {"Key":"from","Type":15,"Integer":0,"String":"b","Interface":null}}
2025-08-15T22:12:59.690-0500	DEBUG	protocol/handler.go:1081	sent message to output channel	{"{from 15 0 b <nil>}": {"Key":"to","Type":15,"Integer":0,"String":"","Interface":null}, "{round 20 2  <nil>}": {"Key":"broadcast","Type":4,"Integer":1,"String":"","Interface":null}}
2025-08-15T22:12:59.691-0500	DEBUG	protocol/handler.go:1182	finalized round messages	{"{round 20 1  <nil>}": {"Key":"messages","Type":11,"Integer":1,"String":"","Interface":null}}
2025-08-15T22:12:59.691-0500	DEBUG	protocol/handler.go:1239	finalize returned next round	{"{current 20 1  <nil>}": {"Key":"next","Type":20,"Integer":2,"String":"","Interface":null}}
2025-08-15T22:12:59.691-0500	INFO	protocol/handler.go:642	storing new currentRound	{"{from 20 1  <nil>}": {"Key":"to","Type":20,"Integer":2,"String":"","Interface":null}}
2025-08-15T22:12:59.691-0500	DEBUG	protocol/handler.go:1503	processing queued messages
2025-08-15T22:12:59.690-0500	DEBUG	protocol/handler.go:391	worker started	{"{id 11 1  <nil>}": {"Key":"priority","Type":4,"Integer":0,"String":"","Interface":null}}
2025-08-15T22:12:59.691-0500	INFO	protocol/handler.go:560	advanced to round
2025-08-15T22:12:59.691-0500	DEBUG	protocol/handler.go:581	tryAdvanceRound called	{"{current_round 20 2  <nil>}": {"Key":"self","Type":15,"Integer":0,"String":"b","Interface":null}}
2025-08-15T22:12:59.691-0500	DEBUG	protocol/handler.go:1600	waiting for broadcasts	{"{round 20 2  <nil>}": {"Key":"missing","Type":15,"Integer":0,"String":"[a c d e f g]","Interface":null}}
2025-08-15T22:12:59.693-0500	DEBUG	protocol/handler.go:391	worker started	{"{id 11 3  <nil>}": {"Key":"priority","Type":4,"Integer":1,"String":"","Interface":null}}
2025-08-15T22:12:59.695-0500	DEBUG	protocol/handler.go:581	tryAdvanceRound called	{"{current_round 20 1  <nil>}": {"Key":"self","Type":15,"Integer":0,"String":"c","Interface":null}}
2025-08-15T22:12:59.695-0500	DEBUG	protocol/handler.go:1649	have all messages and processed	{"{round 20 1  <nil>}": {"Key":"self","Type":15,"Integer":0,"String":"c","Interface":null}}
2025-08-15T22:12:59.695-0500	DEBUG	protocol/handler.go:596	round already finalized
2025-08-15T22:12:59.696-0500	DEBUG	protocol/handler.go:1039	sendRoundMessage	{"{from 15 0 a <nil>}": {"Key":"to","Type":15,"Integer":0,"String":"","Interface":null}, "{round 20 2  <nil>}": {"Key":"broadcast","Type":4,"Integer":1,"String":"","Interface":null}}
2025-08-15T22:12:59.697-0500	DEBUG	protocol/handler.go:1039	sendRoundMessage	{"{from 15 0 c <nil>}": {"Key":"to","Type":15,"Integer":0,"String":"","Interface":null}, "{round 20 2  <nil>}": {"Key":"broadcast","Type":4,"Integer":1,"String":"","Interface":null}}
2025-08-15T22:12:59.697-0500	DEBUG	protocol/handler.go:1657	storing broadcast	{"{round 20 2  <nil>}": {"Key":"from","Type":15,"Integer":0,"String":"a","Interface":null}}
2025-08-15T22:12:59.698-0500	DEBUG	protocol/handler.go:1081	sent message to output channel	{"{from 15 0 a <nil>}": {"Key":"to","Type":15,"Integer":0,"String":"","Interface":null}, "{round 20 2  <nil>}": {"Key":"broadcast","Type":4,"Integer":1,"String":"","Interface":null}}
2025-08-15T22:12:59.698-0500	DEBUG	protocol/handler.go:1182	finalized round messages	{"{round 20 1  <nil>}": {"Key":"messages","Type":11,"Integer":1,"String":"","Interface":null}}
2025-08-15T22:12:59.698-0500	DEBUG	protocol/handler.go:1239	finalize returned next round	{"{current 20 1  <nil>}": {"Key":"next","Type":20,"Integer":2,"String":"","Interface":null}}
2025-08-15T22:12:59.698-0500	INFO	protocol/handler.go:642	storing new currentRound	{"{from 20 1  <nil>}": {"Key":"to","Type":20,"Integer":2,"String":"","Interface":null}}
2025-08-15T22:12:59.698-0500	DEBUG	protocol/handler.go:1503	processing queued messages
2025-08-15T22:12:59.698-0500	INFO	protocol/handler.go:560	advanced to round
2025-08-15T22:12:59.698-0500	DEBUG	protocol/handler.go:581	tryAdvanceRound called	{"{current_round 20 2  <nil>}": {"Key":"self","Type":15,"Integer":0,"String":"a","Interface":null}}
2025-08-15T22:12:59.698-0500	DEBUG	protocol/handler.go:1600	waiting for broadcasts	{"{round 20 2  <nil>}": {"Key":"missing","Type":15,"Integer":0,"String":"[b c d e f g]","Interface":null}}
2025-08-15T22:12:59.698-0500	DEBUG	protocol/handler.go:1503	processing queued messages
2025-08-15T22:12:59.700-0500	DEBUG	protocol/handler.go:581	tryAdvanceRound called	{"{current_round 20 2  <nil>}": {"Key":"self","Type":15,"Integer":0,"String":"a","Interface":null}}
2025-08-15T22:12:59.700-0500	DEBUG	protocol/handler.go:1600	waiting for broadcasts	{"{round 20 2  <nil>}": {"Key":"missing","Type":15,"Integer":0,"String":"[b c d e f g]","Interface":null}}
2025-08-15T22:12:59.700-0500	DEBUG	protocol/handler.go:1657	storing broadcast	{"{round 20 2  <nil>}": {"Key":"from","Type":15,"Integer":0,"String":"c","Interface":null}}
2025-08-15T22:12:59.701-0500	INFO	protocol/handler.go:560	advanced to round
2025-08-15T22:12:59.701-0500	DEBUG	protocol/handler.go:1039	sendRoundMessage	{"{from 15 0 d <nil>}": {"Key":"to","Type":15,"Integer":0,"String":"","Interface":null}, "{round 20 2  <nil>}": {"Key":"broadcast","Type":4,"Integer":1,"String":"","Interface":null}}
2025-08-15T22:12:59.701-0500	DEBUG	protocol/handler.go:581	tryAdvanceRound called	{"{current_round 20 1  <nil>}": {"Key":"self","Type":15,"Integer":0,"String":"e","Interface":null}}
2025-08-15T22:12:59.701-0500	DEBUG	protocol/handler.go:1081	sent message to output channel	{"{from 15 0 c <nil>}": {"Key":"to","Type":15,"Integer":0,"String":"","Interface":null}, "{round 20 2  <nil>}": {"Key":"broadcast","Type":4,"Integer":1,"String":"","Interface":null}}
2025-08-15T22:12:59.701-0500	DEBUG	protocol/handler.go:1649	have all messages and processed	{"{round 20 1  <nil>}": {"Key":"self","Type":15,"Integer":0,"String":"e","Interface":null}}
2025-08-15T22:12:59.701-0500	DEBUG	protocol/handler.go:989	generated messages	{"{round 20 1  <nil>}": {"Key":"count","Type":11,"Integer":1,"String":"","Interface":null}}
2025-08-15T22:12:59.701-0500	DEBUG	protocol/handler.go:619	finalizing round
2025-08-15T22:12:59.701-0500	INFO	protocol/handler.go:1000	stored next round after initialization	{"{from 20 1  <nil>}": {"Key":"next","Type":20,"Integer":2,"String":"","Interface":null}}
2025-08-15T22:12:59.701-0500	DEBUG	protocol/handler.go:581	tryAdvanceRound called	{"{current_round 20 2  <nil>}": {"Key":"self","Type":15,"Integer":0,"String":"b","Interface":null}}
2025-08-15T22:12:59.701-0500	DEBUG	protocol/handler.go:1600	waiting for broadcasts	{"{round 20 2  <nil>}": {"Key":"missing","Type":15,"Integer":0,"String":"[a c d e f g]","Interface":null}}
2025-08-15T22:12:59.703-0500	DEBUG	protocol/handler.go:1657	storing broadcast	{"{round 20 2  <nil>}": {"Key":"from","Type":15,"Integer":0,"String":"d","Interface":null}}
2025-08-15T22:12:59.703-0500	DEBUG	protocol/handler.go:1081	sent message to output channel	{"{from 15 0 d <nil>}": {"Key":"to","Type":15,"Integer":0,"String":"","Interface":null}, "{round 20 2  <nil>}": {"Key":"broadcast","Type":4,"Integer":1,"String":"","Interface":null}}
2025-08-15T22:12:59.703-0500	DEBUG	protocol/handler.go:1182	finalized round messages	{"{round 20 1  <nil>}": {"Key":"messages","Type":11,"Integer":1,"String":"","Interface":null}}
2025-08-15T22:12:59.703-0500	DEBUG	protocol/handler.go:1239	finalize returned next round	{"{current 20 1  <nil>}": {"Key":"next","Type":20,"Integer":2,"String":"","Interface":null}}
2025-08-15T22:12:59.703-0500	INFO	protocol/handler.go:642	storing new currentRound	{"{from 20 1  <nil>}": {"Key":"to","Type":20,"Integer":2,"String":"","Interface":null}}
2025-08-15T22:12:59.703-0500	DEBUG	protocol/handler.go:1503	processing queued messages
2025-08-15T22:12:59.704-0500	INFO	protocol/handler.go:560	advanced to round
2025-08-15T22:12:59.704-0500	DEBUG	protocol/handler.go:581	tryAdvanceRound called	{"{current_round 20 2  <nil>}": {"Key":"self","Type":15,"Integer":0,"String":"d","Interface":null}}
2025-08-15T22:12:59.704-0500	DEBUG	protocol/handler.go:1600	waiting for broadcasts	{"{round 20 2  <nil>}": {"Key":"missing","Type":15,"Integer":0,"String":"[a b c e f g]","Interface":null}}
2025-08-15T22:12:59.704-0500	DEBUG	protocol/handler.go:1503	processing queued messages
2025-08-15T22:12:59.705-0500	DEBUG	protocol/handler.go:581	tryAdvanceRound called	{"{current_round 20 1  <nil>}": {"Key":"self","Type":15,"Integer":0,"String":"c","Interface":null}}
2025-08-15T22:12:59.705-0500	DEBUG	protocol/handler.go:1649	have all messages and processed	{"{round 20 1  <nil>}": {"Key":"self","Type":15,"Integer":0,"String":"c","Interface":null}}
2025-08-15T22:12:59.705-0500	DEBUG	protocol/handler.go:596	round already finalized
2025-08-15T22:12:59.705-0500	INFO	protocol/handler.go:611	advancing to next round (already initialized)	{"{from 20 1  <nil>}": {"Key":"to","Type":20,"Integer":2,"String":"","Interface":null}}
2025-08-15T22:12:59.706-0500	DEBUG	protocol/handler.go:581	tryAdvanceRound called	{"{current_round 20 2  <nil>}": {"Key":"self","Type":15,"Integer":0,"String":"d","Interface":null}}
2025-08-15T22:12:59.695-0500	DEBUG	protocol/handler.go:930	initializing round
2025-08-15T22:12:59.708-0500	DEBUG	protocol/handler.go:1600	waiting for broadcasts	{"{round 20 2  <nil>}": {"Key":"missing","Type":15,"Integer":0,"String":"[a b c e f g]","Interface":null}}
2025-08-15T22:12:59.708-0500	DEBUG	protocol/handler.go:1039	sendRoundMessage	{"{from 15 0 e <nil>}": {"Key":"to","Type":15,"Integer":0,"String":"","Interface":null}, "{round 20 2  <nil>}": {"Key":"broadcast","Type":4,"Integer":1,"String":"","Interface":null}}
2025-08-15T22:12:59.708-0500	DEBUG	protocol/handler.go:1503	processing queued messages
2025-08-15T22:12:59.709-0500	DEBUG	protocol/handler.go:391	worker started	{"{id 11 2  <nil>}": {"Key":"priority","Type":4,"Integer":1,"String":"","Interface":null}}
2025-08-15T22:12:59.693-0500	DEBUG	protocol/handler.go:391	worker started	{"{id 11 3  <nil>}": {"Key":"priority","Type":4,"Integer":0,"String":"","Interface":null}}
2025-08-15T22:12:59.708-0500	INFO	protocol/handler.go:560	advanced to round
2025-08-15T22:12:59.709-0500	DEBUG	protocol/handler.go:581	tryAdvanceRound called	{"{current_round 20 1  <nil>}": {"Key":"self","Type":15,"Integer":0,"String":"f","Interface":null}}
2025-08-15T22:12:59.709-0500	DEBUG	protocol/handler.go:1649	have all messages and processed	{"{round 20 1  <nil>}": {"Key":"self","Type":15,"Integer":0,"String":"f","Interface":null}}
2025-08-15T22:12:59.709-0500	DEBUG	protocol/handler.go:619	finalizing round
2025-08-15T22:12:59.710-0500	DEBUG	protocol/handler.go:1657	storing broadcast	{"{round 20 2  <nil>}": {"Key":"from","Type":15,"Integer":0,"String":"e","Interface":null}}
2025-08-15T22:12:59.710-0500	DEBUG	protocol/handler.go:1081	sent message to output channel	{"{from 15 0 e <nil>}": {"Key":"to","Type":15,"Integer":0,"String":"","Interface":null}, "{round 20 2  <nil>}": {"Key":"broadcast","Type":4,"Integer":1,"String":"","Interface":null}}
2025-08-15T22:12:59.710-0500	DEBUG	protocol/handler.go:1182	finalized round messages	{"{round 20 1  <nil>}": {"Key":"messages","Type":11,"Integer":1,"String":"","Interface":null}}
2025-08-15T22:12:59.710-0500	DEBUG	protocol/handler.go:1239	finalize returned next round	{"{current 20 1  <nil>}": {"Key":"next","Type":20,"Integer":2,"String":"","Interface":null}}
2025-08-15T22:12:59.710-0500	INFO	protocol/handler.go:642	storing new currentRound	{"{from 20 1  <nil>}": {"Key":"to","Type":20,"Integer":2,"String":"","Interface":null}}
2025-08-15T22:12:59.710-0500	DEBUG	protocol/handler.go:1503	processing queued messages
2025-08-15T22:12:59.710-0500	DEBUG	protocol/handler.go:1503	processing queued messages
2025-08-15T22:12:59.708-0500	DEBUG	protocol/handler.go:391	worker started	{"{id 11 1  <nil>}": {"Key":"priority","Type":4,"Integer":1,"String":"","Interface":null}}
2025-08-15T22:12:59.695-0500	DEBUG	protocol/handler.go:1503	processing queued messages
2025-08-15T22:12:59.708-0500	DEBUG	protocol/handler.go:391	worker started	{"{id 11 0  <nil>}": {"Key":"priority","Type":4,"Integer":0,"String":"","Interface":null}}
2025-08-15T22:12:59.708-0500	INFO	protocol/handler.go:240	starting protocol handler	{"{protocol 15 0 frost/keygen-threshold <nil>}": {"Key":"workers","Type":11,"Integer":4,"String":"","Interface":null}, "{parties 11 7  <nil>}": {"Key":"threshold","Type":11,"Integer":5,"String":"","Interface":null}}
2025-08-15T22:12:59.710-0500	DEBUG	protocol/handler.go:348	starting worker pools	{"{workers 11 4  <nil>}": {"Key":"priority","Type":11,"Integer":4,"String":"","Interface":null}}
2025-08-15T22:12:59.708-0500	DEBUG	protocol/handler.go:391	worker started	{"{id 11 2  <nil>}": {"Key":"priority","Type":4,"Integer":0,"String":"","Interface":null}}
2025-08-15T22:12:59.710-0500	DEBUG	protocol/handler.go:391	worker started	{"{id 11 1  <nil>}": {"Key":"priority","Type":4,"Integer":0,"String":"","Interface":null}}
2025-08-15T22:12:59.710-0500	DEBUG	protocol/handler.go:391	worker started	{"{id 11 2  <nil>}": {"Key":"priority","Type":4,"Integer":0,"String":"","Interface":null}}
2025-08-15T22:12:59.710-0500	DEBUG	protocol/handler.go:391	worker started	{"{id 11 3  <nil>}": {"Key":"priority","Type":4,"Integer":0,"String":"","Interface":null}}
2025-08-15T22:12:59.710-0500	DEBUG	protocol/handler.go:391	worker started	{"{id 11 0  <nil>}": {"Key":"priority","Type":4,"Integer":0,"String":"","Interface":null}}
2025-08-15T22:12:59.710-0500	DEBUG	protocol/handler.go:391	worker started	{"{id 11 0  <nil>}": {"Key":"priority","Type":4,"Integer":1,"String":"","Interface":null}}
2025-08-15T22:12:59.710-0500	DEBUG	protocol/handler.go:391	worker started	{"{id 11 2  <nil>}": {"Key":"priority","Type":4,"Integer":1,"String":"","Interface":null}}
2025-08-15T22:12:59.710-0500	DEBUG	protocol/handler.go:391	worker started	{"{id 11 3  <nil>}": {"Key":"priority","Type":4,"Integer":1,"String":"","Interface":null}}
2025-08-15T22:12:59.710-0500	DEBUG	protocol/handler.go:391	worker started	{"{id 11 1  <nil>}": {"Key":"priority","Type":4,"Integer":1,"String":"","Interface":null}}
2025-08-15T22:12:59.710-0500	DEBUG	protocol/handler.go:930	initializing round
2025-08-15T22:12:59.711-0500	DEBUG	protocol/handler.go:1503	processing queued messages
2025-08-15T22:12:59.711-0500	DEBUG	protocol/handler.go:437	processing message	{"{from 15 0 e <nil>}": {"Key":"to","Type":15,"Integer":0,"String":"","Interface":null}, "{round 20 2  <nil>}": {"Key":"broadcast","Type":4,"Integer":1,"String":"","Interface":null}}
2025-08-15T22:12:59.711-0500	DEBUG	protocol/handler.go:1657	storing broadcast	{"{round 20 2  <nil>}": {"Key":"from","Type":15,"Integer":0,"String":"e","Interface":null}}
2025-08-15T22:12:59.711-0500	INFO	protocol/handler.go:560	advanced to round
2025-08-15T22:12:59.712-0500	DEBUG	protocol/handler.go:581	tryAdvanceRound called	{"{current_round 20 2  <nil>}": {"Key":"self","Type":15,"Integer":0,"String":"e","Interface":null}}
2025-08-15T22:12:59.712-0500	DEBUG	protocol/handler.go:1600	waiting for broadcasts	{"{round 20 2  <nil>}": {"Key":"missing","Type":15,"Integer":0,"String":"[a b c d f g]","Interface":null}}
2025-08-15T22:12:59.712-0500	DEBUG	protocol/handler.go:437	processing message	{"{from 15 0 e <nil>}": {"Key":"to","Type":15,"Integer":0,"String":"","Interface":null}, "{round 20 2  <nil>}": {"Key":"broadcast","Type":4,"Integer":1,"String":"","Interface":null}}
2025-08-15T22:12:59.712-0500	DEBUG	protocol/handler.go:1657	storing broadcast	{"{round 20 2  <nil>}": {"Key":"from","Type":15,"Integer":0,"String":"e","Interface":null}}
2025-08-15T22:12:59.715-0500	DEBUG	protocol/handler.go:581	tryAdvanceRound called	{"{current_round 20 2  <nil>}": {"Key":"self","Type":15,"Integer":0,"String":"a","Interface":null}}
2025-08-15T22:12:59.718-0500	DEBUG	protocol/handler.go:581	tryAdvanceRound called	{"{current_round 20 2  <nil>}": {"Key":"self","Type":15,"Integer":0,"String":"a","Interface":null}}
2025-08-15T22:12:59.718-0500	DEBUG	protocol/handler.go:1591	have processed broadcast	{"{round 20 2  <nil>}": {"Key":"from","Type":15,"Integer":0,"String":"e","Interface":null}}
2025-08-15T22:12:59.718-0500	DEBUG	protocol/handler.go:1600	waiting for broadcasts	{"{round 20 2  <nil>}": {"Key":"missing","Type":15,"Integer":0,"String":"[b c d f g]","Interface":null}}
2025-08-15T22:12:59.718-0500	DEBUG	protocol/handler.go:581	tryAdvanceRound called	{"{current_round 20 2  <nil>}": {"Key":"self","Type":15,"Integer":0,"String":"b","Interface":null}}
2025-08-15T22:12:59.718-0500	DEBUG	protocol/handler.go:1600	waiting for broadcasts	{"{round 20 2  <nil>}": {"Key":"missing","Type":15,"Integer":0,"String":"[a c d e f g]","Interface":null}}
2025-08-15T22:12:59.718-0500	DEBUG	protocol/handler.go:437	processing message	{"{from 15 0 a <nil>}": {"Key":"to","Type":15,"Integer":0,"String":"","Interface":null}, "{round 20 2  <nil>}": {"Key":"broadcast","Type":4,"Integer":1,"String":"","Interface":null}}
2025-08-15T22:12:59.718-0500	DEBUG	protocol/handler.go:1657	storing broadcast	{"{round 20 2  <nil>}": {"Key":"from","Type":15,"Integer":0,"String":"a","Interface":null}}
2025-08-15T22:12:59.721-0500	DEBUG	protocol/handler.go:954	round already being initialized/finalized, skipping
2025-08-15T22:12:59.721-0500	DEBUG	protocol/handler.go:391	worker started	{"{id 11 0  <nil>}": {"Key":"priority","Type":4,"Integer":1,"String":"","Interface":null}}
2025-08-15T22:12:59.721-0500	DEBUG	protocol/handler.go:581	tryAdvanceRound called	{"{current_round 20 2  <nil>}": {"Key":"self","Type":15,"Integer":0,"String":"c","Interface":null}}
2025-08-15T22:12:59.721-0500	DEBUG	protocol/handler.go:437	processing message	{"{from 15 0 e <nil>}": {"Key":"to","Type":15,"Integer":0,"String":"","Interface":null}, "{round 20 2  <nil>}": {"Key":"broadcast","Type":4,"Integer":1,"String":"","Interface":null}}
2025-08-15T22:12:59.721-0500	DEBUG	protocol/handler.go:1657	storing broadcast	{"{round 20 2  <nil>}": {"Key":"from","Type":15,"Integer":0,"String":"e","Interface":null}}
2025-08-15T22:12:59.721-0500	DEBUG	protocol/handler.go:470	message for different round (buffering)	{"{msg_round 20 2  <nil>}": {"Key":"current_round","Type":20,"Integer":1,"String":"","Interface":null}}
2025-08-15T22:12:59.721-0500	DEBUG	protocol/handler.go:581	tryAdvanceRound called	{"{current_round 20 1  <nil>}": {"Key":"self","Type":15,"Integer":0,"String":"g","Interface":null}}
2025-08-15T22:12:59.721-0500	DEBUG	protocol/handler.go:1649	have all messages and processed	{"{round 20 1  <nil>}": {"Key":"self","Type":15,"Integer":0,"String":"g","Interface":null}}
2025-08-15T22:12:59.721-0500	DEBUG	protocol/handler.go:619	finalizing round
2025-08-15T22:12:59.721-0500	DEBUG	protocol/handler.go:437	processing message	{"{from 15 0 e <nil>}": {"Key":"to","Type":15,"Integer":0,"String":"","Interface":null}, "{round 20 2  <nil>}": {"Key":"broadcast","Type":4,"Integer":1,"String":"","Interface":null}}
2025-08-15T22:12:59.721-0500	DEBUG	protocol/handler.go:1039	sendRoundMessage	{"{from 15 0 f <nil>}": {"Key":"to","Type":15,"Integer":0,"String":"","Interface":null}, "{round 20 2  <nil>}": {"Key":"broadcast","Type":4,"Integer":1,"String":"","Interface":null}}
==================
WARNING: DATA RACE
Write at 0x00c000a3384c by goroutine 3028:
  ??()
      -:0 +0x104ada650
  sync/atomic.CompareAndSwapInt32()
      <autogenerated>:1 +0x18
  sync.(*Mutex).Lock()
      /opt/homebrew/Cellar/go/1.24.6/libexec/src/sync/mutex.go:46 +0x2c
  github.com/luxfi/threshold/protocols/frost/keygen.(*round2).StoreBroadcastMessage()
      /Users/z/work/lux/threshold/protocols/frost/keygen/round2.go:57 +0x58
  github.com/luxfi/threshold/pkg/protocol.(*Handler).verifyBroadcastForRound()
      /Users/z/work/lux/threshold/pkg/protocol/handler.go:1277 +0x3a0
  github.com/luxfi/threshold/pkg/protocol.(*Handler).retryUnprocessedMessages()
      /Users/z/work/lux/threshold/pkg/protocol/handler.go:1483 +0x22c
  github.com/luxfi/threshold/pkg/protocol.(*Handler).tryAdvanceRound()
      /Users/z/work/lux/threshold/pkg/protocol/handler.go:587 +0x28c
  github.com/luxfi/threshold/pkg/protocol.(*Handler).initializeRound.func2()
      /Users/z/work/lux/threshold/pkg/protocol/handler.go:1007 +0x38

Previous read at 0x00c000a33848 by goroutine 2924:
  github.com/luxfi/threshold/protocols/frost/keygen.(*round2).Number()
      <autogenerated>:1 +0x38
  github.com/luxfi/threshold/pkg/protocol.(*Handler).roundProcessor()
      /Users/z/work/lux/threshold/pkg/protocol/handler.go:560 +0x2ec
  github.com/luxfi/threshold/pkg/protocol.(*Handler).startWorkers.func1()
      /Users/z/work/lux/threshold/pkg/protocol/handler.go:374 +0x78

Goroutine 3028 (running) created at:
  github.com/luxfi/threshold/pkg/protocol.(*Handler).initializeRound()
      /Users/z/work/lux/threshold/pkg/protocol/handler.go:1005 +0xd0c
  github.com/luxfi/threshold/pkg/protocol.NewHandler.gowrap1()
      /Users/z/work/lux/threshold/pkg/protocol/handler.go:250 +0x4c

Goroutine 2924 (running) created at:
  github.com/luxfi/threshold/pkg/protocol.(*Handler).startWorkers()
      /Users/z/work/lux/threshold/pkg/protocol/handler.go:372 +0x4fc
  github.com/luxfi/threshold/pkg/protocol.NewHandler()
      /Users/z/work/lux/threshold/pkg/protocol/handler.go:247 +0xf10
  github.com/luxfi/threshold/internal/test.(*Harness).CreateHandler()
      /Users/z/work/lux/threshold/internal/test/harness.go:91 +0x2e4
  github.com/luxfi/threshold/internal/test.RunProtocol()
      /Users/z/work/lux/threshold/internal/test/harness.go:270 +0x230
  github.com/luxfi/threshold/protocols/frost_test.TestFROSTKeygenAndSign.(*KeygenAndSign).Run.func11()
      /Users/z/work/lux/threshold/internal/test/protocol_helpers.go:97 +0x150
  testing.tRunner()
      /opt/homebrew/Cellar/go/1.24.6/libexec/src/testing/testing.go:1792 +0x180
  testing.(*T).Run.gowrap1()
      /opt/homebrew/Cellar/go/1.24.6/libexec/src/testing/testing.go:1851 +0x40
==================
2025-08-15T22:12:59.721-0500	DEBUG	protocol/handler.go:1657	storing broadcast	{"{round 20 2  <nil>}": {"Key":"from","Type":15,"Integer":0,"String":"e","Interface":null}}
2025-08-15T22:12:59.721-0500	DEBUG	protocol/handler.go:581	tryAdvanceRound called	{"{current_round 20 2  <nil>}": {"Key":"self","Type":15,"Integer":0,"String":"d","Interface":null}}
2025-08-15T22:12:59.723-0500	DEBUG	protocol/handler.go:581	tryAdvanceRound called	{"{current_round 20 2  <nil>}": {"Key":"self","Type":15,"Integer":0,"String":"b","Interface":null}}
2025-08-15T22:12:59.723-0500	DEBUG	protocol/handler.go:470	message for different round (buffering)	{"{msg_round 20 2  <nil>}": {"Key":"current_round","Type":20,"Integer":1,"String":"","Interface":null}}
2025-08-15T22:12:59.723-0500	DEBUG	protocol/handler.go:581	tryAdvanceRound called	{"{current_round 20 1  <nil>}": {"Key":"self","Type":15,"Integer":0,"String":"f","Interface":null}}
2025-08-15T22:12:59.723-0500	DEBUG	protocol/handler.go:1649	have all messages and processed	{"{round 20 1  <nil>}": {"Key":"self","Type":15,"Integer":0,"String":"f","Interface":null}}
2025-08-15T22:12:59.723-0500	DEBUG	protocol/handler.go:596	round already finalized
2025-08-15T22:12:59.723-0500	DEBUG	protocol/handler.go:1600	waiting for broadcasts	{"{round 20 2  <nil>}": {"Key":"missing","Type":15,"Integer":0,"String":"[a b c e f g]","Interface":null}}
2025-08-15T22:12:59.723-0500	DEBUG	protocol/handler.go:437	processing message	{"{from 15 0 d <nil>}": {"Key":"to","Type":15,"Integer":0,"String":"","Interface":null}, "{round 20 2  <nil>}": {"Key":"broadcast","Type":4,"Integer":1,"String":"","Interface":null}}
2025-08-15T22:12:59.721-0500	DEBUG	protocol/handler.go:437	processing message	{"{from 15 0 c <nil>}": {"Key":"to","Type":15,"Integer":0,"String":"","Interface":null}, "{round 20 2  <nil>}": {"Key":"broadcast","Type":4,"Integer":1,"String":"","Interface":null}}
2025-08-15T22:12:59.723-0500	DEBUG	protocol/handler.go:1657	storing broadcast	{"{round 20 2  <nil>}": {"Key":"from","Type":15,"Integer":0,"String":"d","Interface":null}}
2025-08-15T22:12:59.723-0500	DEBUG	protocol/handler.go:470	message for different round (buffering)	{"{msg_round 20 2  <nil>}": {"Key":"current_round","Type":20,"Integer":1,"String":"","Interface":null}}
2025-08-15T22:12:59.723-0500	DEBUG	protocol/handler.go:581	tryAdvanceRound called	{"{current_round 20 1  <nil>}": {"Key":"self","Type":15,"Integer":0,"String":"f","Interface":null}}
2025-08-15T22:12:59.723-0500	DEBUG	protocol/handler.go:1657	storing broadcast	{"{round 20 2  <nil>}": {"Key":"from","Type":15,"Integer":0,"String":"c","Interface":null}}
2025-08-15T22:12:59.723-0500	DEBUG	protocol/handler.go:470	message for different round (buffering)	{"{msg_round 20 2  <nil>}": {"Key":"current_round","Type":20,"Integer":1,"String":"","Interface":null}}
2025-08-15T22:12:59.723-0500	DEBUG	protocol/handler.go:581	tryAdvanceRound called	{"{current_round 20 1  <nil>}": {"Key":"self","Type":15,"Integer":0,"String":"f","Interface":null}}
2025-08-15T22:12:59.723-0500	DEBUG	protocol/handler.go:1649	have all messages and processed	{"{round 20 1  <nil>}": {"Key":"self","Type":15,"Integer":0,"String":"f","Interface":null}}
2025-08-15T22:12:59.723-0500	DEBUG	protocol/handler.go:596	round already finalized
2025-08-15T22:12:59.723-0500	DEBUG	protocol/handler.go:1649	have all messages and processed	{"{round 20 1  <nil>}": {"Key":"self","Type":15,"Integer":0,"String":"f","Interface":null}}
2025-08-15T22:12:59.723-0500	DEBUG	protocol/handler.go:596	round already finalized
2025-08-15T22:12:59.722-0500	DEBUG	protocol/handler.go:437	processing message	{"{from 15 0 c <nil>}": {"Key":"to","Type":15,"Integer":0,"String":"","Interface":null}, "{round 20 2  <nil>}": {"Key":"broadcast","Type":4,"Integer":1,"String":"","Interface":null}}
2025-08-15T22:12:59.723-0500	DEBUG	protocol/handler.go:1657	storing broadcast	{"{round 20 2  <nil>}": {"Key":"from","Type":15,"Integer":0,"String":"c","Interface":null}}
2025-08-15T22:12:59.723-0500	DEBUG	protocol/handler.go:1657	storing broadcast	{"{round 20 2  <nil>}": {"Key":"from","Type":15,"Integer":0,"String":"f","Interface":null}}
2025-08-15T22:12:59.723-0500	DEBUG	protocol/handler.go:470	message for different round (buffering)	{"{msg_round 20 2  <nil>}": {"Key":"current_round","Type":20,"Integer":1,"String":"","Interface":null}}
2025-08-15T22:12:59.723-0500	DEBUG	protocol/handler.go:1081	sent message to output channel	{"{from 15 0 f <nil>}": {"Key":"to","Type":15,"Integer":0,"String":"","Interface":null}, "{round 20 2  <nil>}": {"Key":"broadcast","Type":4,"Integer":1,"String":"","Interface":null}}
2025-08-15T22:12:59.724-0500	DEBUG	protocol/handler.go:1182	finalized round messages	{"{round 20 1  <nil>}": {"Key":"messages","Type":11,"Integer":1,"String":"","Interface":null}}
2025-08-15T22:12:59.724-0500	DEBUG	protocol/handler.go:1239	finalize returned next round	{"{current 20 1  <nil>}": {"Key":"next","Type":20,"Integer":2,"String":"","Interface":null}}
2025-08-15T22:12:59.724-0500	DEBUG	protocol/handler.go:437	processing message	{"{from 15 0 f <nil>}": {"Key":"to","Type":15,"Integer":0,"String":"","Interface":null}, "{round 20 2  <nil>}": {"Key":"broadcast","Type":4,"Integer":1,"String":"","Interface":null}}
2025-08-15T22:12:59.724-0500	INFO	protocol/handler.go:642	storing new currentRound	{"{from 20 1  <nil>}": {"Key":"to","Type":20,"Integer":2,"String":"","Interface":null}}
2025-08-15T22:12:59.724-0500	DEBUG	protocol/handler.go:1503	processing queued messages
2025-08-15T22:12:59.723-0500	DEBUG	protocol/handler.go:581	tryAdvanceRound called	{"{current_round 20 1  <nil>}": {"Key":"self","Type":15,"Integer":0,"String":"g","Interface":null}}
2025-08-15T22:12:59.724-0500	DEBUG	protocol/handler.go:1657	storing broadcast	{"{round 20 2  <nil>}": {"Key":"from","Type":15,"Integer":0,"String":"f","Interface":null}}
2025-08-15T22:12:59.724-0500	DEBUG	protocol/handler.go:1649	have all messages and processed	{"{round 20 1  <nil>}": {"Key":"self","Type":15,"Integer":0,"String":"g","Interface":null}}
2025-08-15T22:12:59.724-0500	DEBUG	protocol/handler.go:1503	processing queued messages
2025-08-15T22:12:59.724-0500	DEBUG	protocol/handler.go:596	round already finalized
2025-08-15T22:12:59.724-0500	DEBUG	protocol/handler.go:437	processing message	{"{from 15 0 d <nil>}": {"Key":"to","Type":15,"Integer":0,"String":"","Interface":null}, "{round 20 2  <nil>}": {"Key":"broadcast","Type":4,"Integer":1,"String":"","Interface":null}}
2025-08-15T22:12:59.724-0500	DEBUG	protocol/handler.go:1657	storing broadcast	{"{round 20 2  <nil>}": {"Key":"from","Type":15,"Integer":0,"String":"d","Interface":null}}
2025-08-15T22:12:59.724-0500	DEBUG	protocol/handler.go:470	message for different round (buffering)	{"{msg_round 20 2  <nil>}": {"Key":"current_round","Type":20,"Integer":1,"String":"","Interface":null}}
2025-08-15T22:12:59.724-0500	DEBUG	protocol/handler.go:581	tryAdvanceRound called	{"{current_round 20 1  <nil>}": {"Key":"self","Type":15,"Integer":0,"String":"g","Interface":null}}
2025-08-15T22:12:59.724-0500	DEBUG	protocol/handler.go:1649	have all messages and processed	{"{round 20 1  <nil>}": {"Key":"self","Type":15,"Integer":0,"String":"g","Interface":null}}
2025-08-15T22:12:59.724-0500	DEBUG	protocol/handler.go:596	round already finalized
2025-08-15T22:12:59.724-0500	DEBUG	protocol/handler.go:437	processing message	{"{from 15 0 f <nil>}": {"Key":"to","Type":15,"Integer":0,"String":"","Interface":null}, "{round 20 2  <nil>}": {"Key":"broadcast","Type":4,"Integer":1,"String":"","Interface":null}}
2025-08-15T22:12:59.724-0500	DEBUG	protocol/handler.go:1657	storing broadcast	{"{round 20 2  <nil>}": {"Key":"from","Type":15,"Integer":0,"String":"f","Interface":null}}
2025-08-15T22:12:59.724-0500	DEBUG	protocol/handler.go:470	message for different round (buffering)	{"{msg_round 20 2  <nil>}": {"Key":"current_round","Type":20,"Integer":1,"String":"","Interface":null}}
2025-08-15T22:12:59.724-0500	DEBUG	protocol/handler.go:581	tryAdvanceRound called	{"{current_round 20 1  <nil>}": {"Key":"self","Type":15,"Integer":0,"String":"g","Interface":null}}
2025-08-15T22:12:59.724-0500	DEBUG	protocol/handler.go:1649	have all messages and processed	{"{round 20 1  <nil>}": {"Key":"self","Type":15,"Integer":0,"String":"g","Interface":null}}
2025-08-15T22:12:59.724-0500	DEBUG	protocol/handler.go:596	round already finalized
2025-08-15T22:12:59.722-0500	DEBUG	protocol/handler.go:437	processing message	{"{from 15 0 a <nil>}": {"Key":"to","Type":15,"Integer":0,"String":"","Interface":null}, "{round 20 2  <nil>}": {"Key":"broadcast","Type":4,"Integer":1,"String":"","Interface":null}}
2025-08-15T22:12:59.724-0500	DEBUG	protocol/handler.go:1657	storing broadcast	{"{round 20 2  <nil>}": {"Key":"from","Type":15,"Integer":0,"String":"a","Interface":null}}
2025-08-15T22:12:59.726-0500	DEBUG	protocol/handler.go:581	tryAdvanceRound called	{"{current_round 20 2  <nil>}": {"Key":"self","Type":15,"Integer":0,"String":"b","Interface":null}}
2025-08-15T22:12:59.726-0500	DEBUG	protocol/handler.go:1591	have processed broadcast	{"{round 20 2  <nil>}": {"Key":"from","Type":15,"Integer":0,"String":"a","Interface":null}}
2025-08-15T22:12:59.726-0500	DEBUG	protocol/handler.go:1600	waiting for broadcasts	{"{round 20 2  <nil>}": {"Key":"missing","Type":15,"Integer":0,"String":"[c d e f g]","Interface":null}}
2025-08-15T22:12:59.726-0500	DEBUG	protocol/handler.go:437	processing message	{"{from 15 0 f <nil>}": {"Key":"to","Type":15,"Integer":0,"String":"","Interface":null}, "{round 20 2  <nil>}": {"Key":"broadcast","Type":4,"Integer":1,"String":"","Interface":null}}
2025-08-15T22:12:59.726-0500	DEBUG	protocol/handler.go:1657	storing broadcast	{"{round 20 2  <nil>}": {"Key":"from","Type":15,"Integer":0,"String":"f","Interface":null}}
2025-08-15T22:12:59.721-0500	INFO	protocol/handler.go:560	advanced to round
==================
WARNING: DATA RACE
Read at 0x00c000a33848 by goroutine 2924:
  github.com/luxfi/threshold/protocols/frost/keygen.(*round2).Number()
      <autogenerated>:1 +0x38
  github.com/luxfi/threshold/pkg/protocol.(*Handler).roundProcessor()
      /Users/z/work/lux/threshold/pkg/protocol/handler.go:561 +0x414
  github.com/luxfi/threshold/pkg/protocol.(*Handler).startWorkers.func1()
      /Users/z/work/lux/threshold/pkg/protocol/handler.go:374 +0x78

Previous write at 0x00c000a3384c by goroutine 3028:
  ??()
      -:0 +0x104ad5eb0
  sync/atomic.AddInt32()
      <autogenerated>:1 +0x14
  sync.(*Mutex).Unlock()
      /opt/homebrew/Cellar/go/1.24.6/libexec/src/sync/mutex.go:65 +0x2c
  github.com/luxfi/threshold/protocols/frost/keygen.(*round2).StoreBroadcastMessage()
      /Users/z/work/lux/threshold/protocols/frost/keygen/round2.go:62 +0x78
  github.com/luxfi/threshold/pkg/protocol.(*Handler).verifyBroadcastForRound()
      /Users/z/work/lux/threshold/pkg/protocol/handler.go:1277 +0x3a0
  github.com/luxfi/threshold/pkg/protocol.(*Handler).retryUnprocessedMessages()
      /Users/z/work/lux/threshold/pkg/protocol/handler.go:1483 +0x22c
  github.com/luxfi/threshold/pkg/protocol.(*Handler).tryAdvanceRound()
      /Users/z/work/lux/threshold/pkg/protocol/handler.go:587 +0x28c
  github.com/luxfi/threshold/pkg/protocol.(*Handler).initializeRound.func2()
      /Users/z/work/lux/threshold/pkg/protocol/handler.go:1007 +0x38

Goroutine 2924 (running) created at:
  github.com/luxfi/threshold/pkg/protocol.(*Handler).startWorkers()
      /Users/z/work/lux/threshold/pkg/protocol/handler.go:372 +0x4fc
  github.com/luxfi/threshold/pkg/protocol.NewHandler()
      /Users/z/work/lux/threshold/pkg/protocol/handler.go:247 +0xf10
  github.com/luxfi/threshold/internal/test.(*Harness).CreateHandler()
      /Users/z/work/lux/threshold/internal/test/harness.go:91 +0x2e4
  github.com/luxfi/threshold/internal/test.RunProtocol()
      /Users/z/work/lux/threshold/internal/test/harness.go:270 +0x230
  github.com/luxfi/threshold/protocols/frost_test.TestFROSTKeygenAndSign.(*KeygenAndSign).Run.func11()
      /Users/z/work/lux/threshold/internal/test/protocol_helpers.go:97 +0x150
  testing.tRunner()
      /opt/homebrew/Cellar/go/1.24.6/libexec/src/testing/testing.go:1792 +0x180
  testing.(*T).Run.gowrap1()
      /opt/homebrew/Cellar/go/1.24.6/libexec/src/testing/testing.go:1851 +0x40

Goroutine 3028 (running) created at:
  github.com/luxfi/threshold/pkg/protocol.(*Handler).initializeRound()
      /Users/z/work/lux/threshold/pkg/protocol/handler.go:1005 +0xd0c
  github.com/luxfi/threshold/pkg/protocol.NewHandler.gowrap1()
      /Users/z/work/lux/threshold/pkg/protocol/handler.go:250 +0x4c
==================
2025-08-15T22:12:59.730-0500	DEBUG	protocol/handler.go:581	tryAdvanceRound called	{"{current_round 20 2  <nil>}": {"Key":"self","Type":15,"Integer":0,"String":"c","Interface":null}}
2025-08-15T22:12:59.731-0500	DEBUG	protocol/handler.go:954	round already being initialized/finalized, skipping
2025-08-15T22:12:59.722-0500	DEBUG	protocol/handler.go:437	processing message	{"{from 15 0 c <nil>}": {"Key":"to","Type":15,"Integer":0,"String":"","Interface":null}, "{round 20 2  <nil>}": {"Key":"broadcast","Type":4,"Integer":1,"String":"","Interface":null}}
2025-08-15T22:12:59.731-0500	DEBUG	protocol/handler.go:1657	storing broadcast	{"{round 20 2  <nil>}": {"Key":"from","Type":15,"Integer":0,"String":"c","Interface":null}}
2025-08-15T22:12:59.732-0500	DEBUG	protocol/handler.go:581	tryAdvanceRound called	{"{current_round 20 2  <nil>}": {"Key":"self","Type":15,"Integer":0,"String":"f","Interface":null}}
2025-08-15T22:12:59.734-0500	DEBUG	protocol/handler.go:954	round already being initialized/finalized, skipping
2025-08-15T22:12:59.734-0500	DEBUG	protocol/handler.go:581	tryAdvanceRound called	{"{current_round 20 2  <nil>}": {"Key":"self","Type":15,"Integer":0,"String":"b","Interface":null}}
2025-08-15T22:12:59.734-0500	DEBUG	protocol/handler.go:1591	have processed broadcast	{"{round 20 2  <nil>}": {"Key":"from","Type":15,"Integer":0,"String":"a","Interface":null}}
2025-08-15T22:12:59.734-0500	DEBUG	protocol/handler.go:1591	have processed broadcast	{"{round 20 2  <nil>}": {"Key":"from","Type":15,"Integer":0,"String":"f","Interface":null}}
2025-08-15T22:12:59.734-0500	DEBUG	protocol/handler.go:1600	waiting for broadcasts	{"{round 20 2  <nil>}": {"Key":"missing","Type":15,"Integer":0,"String":"[c d e g]","Interface":null}}
2025-08-15T22:12:59.722-0500	DEBUG	protocol/handler.go:437	processing message	{"{from 15 0 b <nil>}": {"Key":"to","Type":15,"Integer":0,"String":"","Interface":null}, "{round 20 2  <nil>}": {"Key":"broadcast","Type":4,"Integer":1,"String":"","Interface":null}}
2025-08-15T22:12:59.734-0500	DEBUG	protocol/handler.go:581	tryAdvanceRound called	{"{current_round 20 2  <nil>}": {"Key":"self","Type":15,"Integer":0,"String":"a","Interface":null}}
2025-08-15T22:12:59.734-0500	DEBUG	protocol/handler.go:1657	storing broadcast	{"{round 20 2  <nil>}": {"Key":"from","Type":15,"Integer":0,"String":"b","Interface":null}}
2025-08-15T22:12:59.734-0500	DEBUG	protocol/handler.go:1591	have processed broadcast	{"{round 20 2  <nil>}": {"Key":"from","Type":15,"Integer":0,"String":"e","Interface":null}}
2025-08-15T22:12:59.734-0500	DEBUG	protocol/handler.go:470	message for different round (buffering)	{"{msg_round 20 2  <nil>}": {"Key":"current_round","Type":20,"Integer":1,"String":"","Interface":null}}
2025-08-15T22:12:59.734-0500	DEBUG	protocol/handler.go:1591	have processed broadcast	{"{round 20 2  <nil>}": {"Key":"from","Type":15,"Integer":0,"String":"f","Interface":null}}
2025-08-15T22:12:59.734-0500	DEBUG	protocol/handler.go:581	tryAdvanceRound called	{"{current_round 20 1  <nil>}": {"Key":"self","Type":15,"Integer":0,"String":"g","Interface":null}}
2025-08-15T22:12:59.734-0500	DEBUG	protocol/handler.go:1600	waiting for broadcasts	{"{round 20 2  <nil>}": {"Key":"missing","Type":15,"Integer":0,"String":"[b c d g]","Interface":null}}
2025-08-15T22:12:59.734-0500	DEBUG	protocol/handler.go:1649	have all messages and processed	{"{round 20 1  <nil>}": {"Key":"self","Type":15,"Integer":0,"String":"g","Interface":null}}
2025-08-15T22:12:59.734-0500	DEBUG	protocol/handler.go:596	round already finalized
2025-08-15T22:12:59.734-0500	DEBUG	protocol/handler.go:581	tryAdvanceRound called	{"{current_round 20 2  <nil>}": {"Key":"self","Type":15,"Integer":0,"String":"d","Interface":null}}
2025-08-15T22:12:59.722-0500	DEBUG	protocol/handler.go:437	processing message	{"{from 15 0 c <nil>}": {"Key":"to","Type":15,"Integer":0,"String":"","Interface":null}, "{round 20 2  <nil>}": {"Key":"broadcast","Type":4,"Integer":1,"String":"","Interface":null}}
2025-08-15T22:12:59.734-0500	DEBUG	protocol/handler.go:1657	storing broadcast	{"{round 20 2  <nil>}": {"Key":"from","Type":15,"Integer":0,"String":"c","Interface":null}}
2025-08-15T22:12:59.734-0500	DEBUG	protocol/handler.go:1600	waiting for broadcasts	{"{round 20 2  <nil>}": {"Key":"missing","Type":15,"Integer":0,"String":"[a b c e f g]","Interface":null}}
2025-08-15T22:12:59.722-0500	DEBUG	protocol/handler.go:437	processing message	{"{from 15 0 d <nil>}": {"Key":"to","Type":15,"Integer":0,"String":"","Interface":null}, "{round 20 2  <nil>}": {"Key":"broadcast","Type":4,"Integer":1,"String":"","Interface":null}}
2025-08-15T22:12:59.734-0500	DEBUG	protocol/handler.go:1657	storing broadcast	{"{round 20 2  <nil>}": {"Key":"from","Type":15,"Integer":0,"String":"d","Interface":null}}
==================
WARNING: DATA RACE
Write at 0x00c000a3381c by goroutine 3028:
  ??()
      -:0 +0x104ada650
  sync/atomic.CompareAndSwapInt32()
      <autogenerated>:1 +0x18
  internal/sync.(*HashTrieMap[go.shape.interface {},go.shape.interface {}]).initSlow()
      /opt/homebrew/Cellar/go/1.24.6/libexec/src/internal/sync/hashtriemap.go:38 +0x38
  internal/sync.(*HashTrieMap[go.shape.interface {},go.shape.interface {}]).init()
      /opt/homebrew/Cellar/go/1.24.6/libexec/src/internal/sync/hashtriemap.go:32 +0x44
  internal/sync.(*HashTrieMap[go.shape.interface {},go.shape.interface {}]).Swap()
      /opt/homebrew/Cellar/go/1.24.6/libexec/src/internal/sync/hashtriemap.go:206 +0x54
  internal/sync.(*HashTrieMap[go.shape.interface {},go.shape.interface {}]).Store()
      /opt/homebrew/Cellar/go/1.24.6/libexec/src/internal/sync/hashtriemap.go:200 +0x54
  sync.(*Map).Store()
      /opt/homebrew/Cellar/go/1.24.6/libexec/src/sync/hashtriemap.go:55 +0x54
  github.com/luxfi/threshold/protocols/frost/keygen.(*round2).StoreBroadcastMessage()
      /Users/z/work/lux/threshold/protocols/frost/keygen/round2.go:117 +0x56c
  github.com/luxfi/threshold/pkg/protocol.(*Handler).verifyBroadcastForRound()
      /Users/z/work/lux/threshold/pkg/protocol/handler.go:1277 +0x3a0
  github.com/luxfi/threshold/pkg/protocol.(*Handler).retryUnprocessedMessages()
      /Users/z/work/lux/threshold/pkg/protocol/handler.go:1483 +0x22c
  github.com/luxfi/threshold/pkg/protocol.(*Handler).tryAdvanceRound()
      /Users/z/work/lux/threshold/pkg/protocol/handler.go:587 +0x28c
  github.com/luxfi/threshold/pkg/protocol.(*Handler).initializeRound.func2()
      /Users/z/work/lux/threshold/pkg/protocol/handler.go:1007 +0x38

Previous read at 0x00c000a33818 by goroutine 2923:
  github.com/luxfi/threshold/protocols/frost/keygen.(*round2).Number()
      <autogenerated>:1 +0x38
  github.com/luxfi/threshold/pkg/protocol.(*Handler).verifyBroadcast()
      /Users/z/work/lux/threshold/pkg/protocol/handler.go:1356 +0x74
  github.com/luxfi/threshold/pkg/protocol.(*Handler).processMessage()
      /Users/z/work/lux/threshold/pkg/protocol/handler.go:480 +0xb9c
  github.com/luxfi/threshold/pkg/protocol.(*Handler).messageWorker()
      /Users/z/work/lux/threshold/pkg/protocol/handler.go:408 +0x338
  github.com/luxfi/threshold/pkg/protocol.(*Handler).startWorkers.gowrap2()
      /Users/z/work/lux/threshold/pkg/protocol/handler.go:361 +0x44

Goroutine 3028 (running) created at:
  github.com/luxfi/threshold/pkg/protocol.(*Handler).initializeRound()
      /Users/z/work/lux/threshold/pkg/protocol/handler.go:1005 +0xd0c
  github.com/luxfi/threshold/pkg/protocol.NewHandler.gowrap1()
      /Users/z/work/lux/threshold/pkg/protocol/handler.go:250 +0x4c

Goroutine 2923 (running) created at:
  github.com/luxfi/threshold/pkg/protocol.(*Handler).startWorkers()
      /Users/z/work/lux/threshold/pkg/protocol/handler.go:361 +0x334
  github.com/luxfi/threshold/pkg/protocol.NewHandler()
      /Users/z/work/lux/threshold/pkg/protocol/handler.go:247 +0xf10
  github.com/luxfi/threshold/internal/test.(*Harness).CreateHandler()
      /Users/z/work/lux/threshold/internal/test/harness.go:91 +0x2e4
  github.com/luxfi/threshold/internal/test.RunProtocol()
      /Users/z/work/lux/threshold/internal/test/harness.go:270 +0x230
  github.com/luxfi/threshold/protocols/frost_test.TestFROSTKeygenAndSign.(*KeygenAndSign).Run.func11()
      /Users/z/work/lux/threshold/internal/test/protocol_helpers.go:97 +0x150
  testing.tRunner()
      /opt/homebrew/Cellar/go/1.24.6/libexec/src/testing/testing.go:1792 +0x180
  testing.(*T).Run.gowrap1()
      /opt/homebrew/Cellar/go/1.24.6/libexec/src/testing/testing.go:1851 +0x40
==================
==================
WARNING: DATA RACE
Write at 0x00c000a33828 by goroutine 3028:
  ??()
      -:0 +0x104ad56f0
  sync/atomic.StorePointer()
      /opt/homebrew/Cellar/go/1.24.6/libexec/src/runtime/atomic_pointer.go:92 +0x38
  internal/sync.(*HashTrieMap[go.shape.interface {},go.shape.interface {}]).initSlow()
      /opt/homebrew/Cellar/go/1.24.6/libexec/src/internal/sync/hashtriemap.go:50 +0xb8
  internal/sync.(*HashTrieMap[go.shape.interface {},go.shape.interface {}]).init()
      /opt/homebrew/Cellar/go/1.24.6/libexec/src/internal/sync/hashtriemap.go:32 +0x44
  internal/sync.(*HashTrieMap[go.shape.interface {},go.shape.interface {}]).Swap()
      /opt/homebrew/Cellar/go/1.24.6/libexec/src/internal/sync/hashtriemap.go:206 +0x54
  internal/sync.(*HashTrieMap[go.shape.interface {},go.shape.interface {}]).Store()
      /opt/homebrew/Cellar/go/1.24.6/libexec/src/internal/sync/hashtriemap.go:200 +0x54
  sync.(*Map).Store()
      /opt/homebrew/Cellar/go/1.24.6/libexec/src/sync/hashtriemap.go:55 +0x54
  github.com/luxfi/threshold/protocols/frost/keygen.(*round2).StoreBroadcastMessage()
      /Users/z/work/lux/threshold/protocols/frost/keygen/round2.go:117 +0x56c
  github.com/luxfi/threshold/pkg/protocol.(*Handler).verifyBroadcastForRound()
      /Users/z/work/lux/threshold/pkg/protocol/handler.go:1277 +0x3a0
  github.com/luxfi/threshold/pkg/protocol.(*Handler).retryUnprocessedMessages()
      /Users/z/work/lux/threshold/pkg/protocol/handler.go:1483 +0x22c
  github.com/luxfi/threshold/pkg/protocol.(*Handler).tryAdvanceRound()
      /Users/z/work/lux/threshold/pkg/protocol/handler.go:587 +0x28c
  github.com/luxfi/threshold/pkg/protocol.(*Handler).initializeRound.func2()
      /Users/z/work/lux/threshold/pkg/protocol/handler.go:1007 +0x38

Previous read at 0x00c000a33828 by goroutine 2923:
  github.com/luxfi/threshold/protocols/frost/keygen.(*round2).Number()
      <autogenerated>:1 +0x38
  github.com/luxfi/threshold/pkg/protocol.(*Handler).verifyBroadcast()
      /Users/z/work/lux/threshold/pkg/protocol/handler.go:1356 +0x74
  github.com/luxfi/threshold/pkg/protocol.(*Handler).processMessage()
      /Users/z/work/lux/threshold/pkg/protocol/handler.go:480 +0xb9c
  github.com/luxfi/threshold/pkg/protocol.(*Handler).messageWorker()
      /Users/z/work/lux/threshold/pkg/protocol/handler.go:408 +0x338
  github.com/luxfi/threshold/pkg/protocol.(*Handler).startWorkers.gowrap2()
      /Users/z/work/lux/threshold/pkg/protocol/handler.go:361 +0x44

Goroutine 3028 (running) created at:
  github.com/luxfi/threshold/pkg/protocol.(*Handler).initializeRound()
      /Users/z/work/lux/threshold/pkg/protocol/handler.go:1005 +0xd0c
  github.com/luxfi/threshold/pkg/protocol.NewHandler.gowrap1()
      /Users/z/work/lux/threshold/pkg/protocol/handler.go:250 +0x4c

Goroutine 2923 (running) created at:
  github.com/luxfi/threshold/pkg/protocol.(*Handler).startWorkers()
      /Users/z/work/lux/threshold/pkg/protocol/handler.go:361 +0x334
  github.com/luxfi/threshold/pkg/protocol.NewHandler()
      /Users/z/work/lux/threshold/pkg/protocol/handler.go:247 +0xf10
  github.com/luxfi/threshold/internal/test.(*Harness).CreateHandler()
      /Users/z/work/lux/threshold/internal/test/harness.go:91 +0x2e4
  github.com/luxfi/threshold/internal/test.RunProtocol()
      /Users/z/work/lux/threshold/internal/test/harness.go:270 +0x230
  github.com/luxfi/threshold/protocols/frost_test.TestFROSTKeygenAndSign.(*KeygenAndSign).Run.func11()
      /Users/z/work/lux/threshold/internal/test/protocol_helpers.go:97 +0x150
  testing.tRunner()
      /opt/homebrew/Cellar/go/1.24.6/libexec/src/testing/testing.go:1792 +0x180
  testing.(*T).Run.gowrap1()
      /opt/homebrew/Cellar/go/1.24.6/libexec/src/testing/testing.go:1851 +0x40
==================
==================
WARNING: DATA RACE
Read at 0x00c000a33848 by goroutine 3028:
  github.com/luxfi/threshold/protocols/frost/keygen.(*round2).Number()
      <autogenerated>:1 +0x38
  github.com/luxfi/threshold/pkg/protocol.(*Handler).hasAllMessages()
      /Users/z/work/lux/threshold/pkg/protocol/handler.go:1570 +0x40
  github.com/luxfi/threshold/pkg/protocol.(*Handler).tryAdvanceRound()
      /Users/z/work/lux/threshold/pkg/protocol/handler.go:589 +0x29c
  github.com/luxfi/threshold/pkg/protocol.(*Handler).initializeRound.func2()
      /Users/z/work/lux/threshold/pkg/protocol/handler.go:1007 +0x38

Previous write at 0x00c000a3384c by goroutine 2923:
  ??()
      -:0 +0x104ad5eb0
  sync/atomic.AddInt32()
      <autogenerated>:1 +0x14
  sync.(*Mutex).Unlock()
      /opt/homebrew/Cellar/go/1.24.6/libexec/src/sync/mutex.go:65 +0x2c
  github.com/luxfi/threshold/protocols/frost/keygen.(*round2).StoreBroadcastMessage()
      /Users/z/work/lux/threshold/protocols/frost/keygen/round2.go:62 +0x78
  github.com/luxfi/threshold/pkg/protocol.(*Handler).verifyBroadcast()
      /Users/z/work/lux/threshold/pkg/protocol/handler.go:1392 +0x648
  github.com/luxfi/threshold/pkg/protocol.(*Handler).processMessage()
      /Users/z/work/lux/threshold/pkg/protocol/handler.go:480 +0xb9c
  github.com/luxfi/threshold/pkg/protocol.(*Handler).messageWorker()
      /Users/z/work/lux/threshold/pkg/protocol/handler.go:408 +0x338
  github.com/luxfi/threshold/pkg/protocol.(*Handler).startWorkers.gowrap2()
      /Users/z/work/lux/threshold/pkg/protocol/handler.go:361 +0x44

Goroutine 3028 (running) created at:
  github.com/luxfi/threshold/pkg/protocol.(*Handler).initializeRound()
      /Users/z/work/lux/threshold/pkg/protocol/handler.go:1005 +0xd0c
  github.com/luxfi/threshold/pkg/protocol.NewHandler.gowrap1()
      /Users/z/work/lux/threshold/pkg/protocol/handler.go:250 +0x4c

Goroutine 2923 (running) created at:
  github.com/luxfi/threshold/pkg/protocol.(*Handler).startWorkers()
      /Users/z/work/lux/threshold/pkg/protocol/handler.go:361 +0x334
  github.com/luxfi/threshold/pkg/protocol.NewHandler()
      /Users/z/work/lux/threshold/pkg/protocol/handler.go:247 +0xf10
  github.com/luxfi/threshold/internal/test.(*Harness).CreateHandler()
      /Users/z/work/lux/threshold/internal/test/harness.go:91 +0x2e4
  github.com/luxfi/threshold/internal/test.RunProtocol()
      /Users/z/work/lux/threshold/internal/test/harness.go:270 +0x230
  github.com/luxfi/threshold/protocols/frost_test.TestFROSTKeygenAndSign.(*KeygenAndSign).Run.func11()
      /Users/z/work/lux/threshold/internal/test/protocol_helpers.go:97 +0x150
  testing.tRunner()
      /opt/homebrew/Cellar/go/1.24.6/libexec/src/testing/testing.go:1792 +0x180
  testing.(*T).Run.gowrap1()
      /opt/homebrew/Cellar/go/1.24.6/libexec/src/testing/testing.go:1851 +0x40
==================
2025-08-15T22:12:59.736-0500	DEBUG	protocol/handler.go:1591	have processed broadcast	{"{round 20 2  <nil>}": {"Key":"from","Type":15,"Integer":0,"String":"e","Interface":null}}
2025-08-15T22:12:59.736-0500	DEBUG	protocol/handler.go:1600	waiting for broadcasts	{"{round 20 2  <nil>}": {"Key":"missing","Type":15,"Integer":0,"String":"[a b f g]","Interface":null}}
2025-08-15T22:12:59.722-0500	DEBUG	protocol/handler.go:437	processing message	{"{from 15 0 a <nil>}": {"Key":"to","Type":15,"Integer":0,"String":"","Interface":null}, "{round 20 2  <nil>}": {"Key":"broadcast","Type":4,"Integer":1,"String":"","Interface":null}}
2025-08-15T22:12:59.736-0500	DEBUG	protocol/handler.go:1657	storing broadcast	{"{round 20 2  <nil>}": {"Key":"from","Type":15,"Integer":0,"String":"a","Interface":null}}
2025-08-15T22:12:59.736-0500	DEBUG	protocol/handler.go:470	message for different round (buffering)	{"{msg_round 20 2  <nil>}": {"Key":"current_round","Type":20,"Integer":1,"String":"","Interface":null}}
2025-08-15T22:12:59.736-0500	DEBUG	protocol/handler.go:581	tryAdvanceRound called	{"{current_round 20 1  <nil>}": {"Key":"self","Type":15,"Integer":0,"String":"g","Interface":null}}
2025-08-15T22:12:59.736-0500	DEBUG	protocol/handler.go:1649	have all messages and processed	{"{round 20 1  <nil>}": {"Key":"self","Type":15,"Integer":0,"String":"g","Interface":null}}
2025-08-15T22:12:59.736-0500	DEBUG	protocol/handler.go:596	round already finalized
2025-08-15T22:12:59.722-0500	DEBUG	protocol/handler.go:437	processing message	{"{from 15 0 e <nil>}": {"Key":"to","Type":15,"Integer":0,"String":"","Interface":null}, "{round 20 2  <nil>}": {"Key":"broadcast","Type":4,"Integer":1,"String":"","Interface":null}}
2025-08-15T22:12:59.736-0500	DEBUG	protocol/handler.go:1657	storing broadcast	{"{round 20 2  <nil>}": {"Key":"from","Type":15,"Integer":0,"String":"e","Interface":null}}
2025-08-15T22:12:59.738-0500	DEBUG	protocol/handler.go:581	tryAdvanceRound called	{"{current_round 20 2  <nil>}": {"Key":"self","Type":15,"Integer":0,"String":"e","Interface":null}}
2025-08-15T22:12:59.722-0500	DEBUG	protocol/handler.go:1591	have processed broadcast	{"{round 20 2  <nil>}": {"Key":"from","Type":15,"Integer":0,"String":"e","Interface":null}}
2025-08-15T22:12:59.738-0500	DEBUG	protocol/handler.go:1591	have processed broadcast	{"{round 20 2  <nil>}": {"Key":"from","Type":15,"Integer":0,"String":"c","Interface":null}}
2025-08-15T22:12:59.738-0500	DEBUG	protocol/handler.go:1600	waiting for broadcasts	{"{round 20 2  <nil>}": {"Key":"missing","Type":15,"Integer":0,"String":"[b c d f g]","Interface":null}}
2025-08-15T22:12:59.738-0500	DEBUG	protocol/handler.go:1600	waiting for broadcasts	{"{round 20 2  <nil>}": {"Key":"missing","Type":15,"Integer":0,"String":"[a b d f g]","Interface":null}}
2025-08-15T22:12:59.738-0500	DEBUG	protocol/handler.go:581	tryAdvanceRound called	{"{current_round 20 2  <nil>}": {"Key":"self","Type":15,"Integer":0,"String":"a","Interface":null}}
2025-08-15T22:12:59.738-0500	DEBUG	protocol/handler.go:437	processing message	{"{from 15 0 f <nil>}": {"Key":"to","Type":15,"Integer":0,"String":"","Interface":null}, "{round 20 2  <nil>}": {"Key":"broadcast","Type":4,"Integer":1,"String":"","Interface":null}}
2025-08-15T22:12:59.738-0500	DEBUG	protocol/handler.go:1591	have processed broadcast	{"{round 20 2  <nil>}": {"Key":"from","Type":15,"Integer":0,"String":"e","Interface":null}}
2025-08-15T22:12:59.738-0500	DEBUG	protocol/handler.go:1657	storing broadcast	{"{round 20 2  <nil>}": {"Key":"from","Type":15,"Integer":0,"String":"f","Interface":null}}
2025-08-15T22:12:59.738-0500	DEBUG	protocol/handler.go:1591	have processed broadcast	{"{round 20 2  <nil>}": {"Key":"from","Type":15,"Integer":0,"String":"f","Interface":null}}
2025-08-15T22:12:59.738-0500	DEBUG	protocol/handler.go:1600	waiting for broadcasts	{"{round 20 2  <nil>}": {"Key":"missing","Type":15,"Integer":0,"String":"[b c d g]","Interface":null}}
2025-08-15T22:12:59.722-0500	DEBUG	protocol/handler.go:437	processing message	{"{from 15 0 a <nil>}": {"Key":"to","Type":15,"Integer":0,"String":"","Interface":null}, "{round 20 2  <nil>}": {"Key":"broadcast","Type":4,"Integer":1,"String":"","Interface":null}}
2025-08-15T22:12:59.738-0500	DEBUG	protocol/handler.go:1657	storing broadcast	{"{round 20 2  <nil>}": {"Key":"from","Type":15,"Integer":0,"String":"a","Interface":null}}
2025-08-15T22:12:59.738-0500	DEBUG	protocol/handler.go:1591	have processed broadcast	{"{round 20 2  <nil>}": {"Key":"from","Type":15,"Integer":0,"String":"a","Interface":null}}
2025-08-15T22:12:59.738-0500	DEBUG	protocol/handler.go:1591	have processed broadcast	{"{round 20 2  <nil>}": {"Key":"from","Type":15,"Integer":0,"String":"f","Interface":null}}
2025-08-15T22:12:59.738-0500	DEBUG	protocol/handler.go:1600	waiting for broadcasts	{"{round 20 2  <nil>}": {"Key":"missing","Type":15,"Integer":0,"String":"[c d e g]","Interface":null}}
2025-08-15T22:12:59.738-0500	DEBUG	protocol/handler.go:581	tryAdvanceRound called	{"{current_round 20 2  <nil>}": {"Key":"self","Type":15,"Integer":0,"String":"b","Interface":null}}
2025-08-15T22:12:59.738-0500	DEBUG	protocol/handler.go:1591	have processed broadcast	{"{round 20 2  <nil>}": {"Key":"from","Type":15,"Integer":0,"String":"a","Interface":null}}
2025-08-15T22:12:59.738-0500	DEBUG	protocol/handler.go:1591	have processed broadcast	{"{round 20 2  <nil>}": {"Key":"from","Type":15,"Integer":0,"String":"f","Interface":null}}
2025-08-15T22:12:59.738-0500	DEBUG	protocol/handler.go:1600	waiting for broadcasts	{"{round 20 2  <nil>}": {"Key":"missing","Type":15,"Integer":0,"String":"[c d e g]","Interface":null}}
2025-08-15T22:12:59.740-0500	DEBUG	protocol/handler.go:581	tryAdvanceRound called	{"{current_round 20 2  <nil>}": {"Key":"self","Type":15,"Integer":0,"String":"c","Interface":null}}
2025-08-15T22:12:59.743-0500	DEBUG	protocol/handler.go:581	tryAdvanceRound called	{"{current_round 20 2  <nil>}": {"Key":"self","Type":15,"Integer":0,"String":"d","Interface":null}}
2025-08-15T22:12:59.744-0500	DEBUG	protocol/handler.go:581	tryAdvanceRound called	{"{current_round 20 2  <nil>}": {"Key":"self","Type":15,"Integer":0,"String":"d","Interface":null}}
2025-08-15T22:12:59.744-0500	DEBUG	protocol/handler.go:1591	have processed broadcast	{"{round 20 2  <nil>}": {"Key":"from","Type":15,"Integer":0,"String":"c","Interface":null}}
2025-08-15T22:12:59.744-0500	DEBUG	protocol/handler.go:1591	have processed broadcast	{"{round 20 2  <nil>}": {"Key":"from","Type":15,"Integer":0,"String":"e","Interface":null}}
2025-08-15T22:12:59.744-0500	DEBUG	protocol/handler.go:1600	waiting for broadcasts	{"{round 20 2  <nil>}": {"Key":"missing","Type":15,"Integer":0,"String":"[a b f g]","Interface":null}}
2025-08-15T22:12:59.744-0500	DEBUG	protocol/handler.go:437	processing message	{"{from 15 0 f <nil>}": {"Key":"to","Type":15,"Integer":0,"String":"","Interface":null}, "{round 20 2  <nil>}": {"Key":"broadcast","Type":4,"Integer":1,"String":"","Interface":null}}
2025-08-15T22:12:59.744-0500	DEBUG	protocol/handler.go:1657	storing broadcast	{"{round 20 2  <nil>}": {"Key":"from","Type":15,"Integer":0,"String":"f","Interface":null}}
2025-08-15T22:12:59.744-0500	DEBUG	protocol/handler.go:581	tryAdvanceRound called	{"{current_round 20 2  <nil>}": {"Key":"self","Type":15,"Integer":0,"String":"c","Interface":null}}
2025-08-15T22:12:59.745-0500	DEBUG	protocol/handler.go:581	tryAdvanceRound called	{"{current_round 20 2  <nil>}": {"Key":"self","Type":15,"Integer":0,"String":"e","Interface":null}}
2025-08-15T22:12:59.745-0500	DEBUG	protocol/handler.go:1591	have processed broadcast	{"{round 20 2  <nil>}": {"Key":"from","Type":15,"Integer":0,"String":"c","Interface":null}}
2025-08-15T22:12:59.745-0500	DEBUG	protocol/handler.go:1591	have processed broadcast	{"{round 20 2  <nil>}": {"Key":"from","Type":15,"Integer":0,"String":"f","Interface":null}}
2025-08-15T22:12:59.745-0500	DEBUG	protocol/handler.go:1600	waiting for broadcasts	{"{round 20 2  <nil>}": {"Key":"missing","Type":15,"Integer":0,"String":"[a b d g]","Interface":null}}
2025-08-15T22:12:59.722-0500	DEBUG	protocol/handler.go:437	processing message	{"{from 15 0 d <nil>}": {"Key":"to","Type":15,"Integer":0,"String":"","Interface":null}, "{round 20 2  <nil>}": {"Key":"broadcast","Type":4,"Integer":1,"String":"","Interface":null}}
2025-08-15T22:12:59.745-0500	DEBUG	protocol/handler.go:1657	storing broadcast	{"{round 20 2  <nil>}": {"Key":"from","Type":15,"Integer":0,"String":"d","Interface":null}}
==================
WARNING: DATA RACE
Write at 0x00c000a3384c by goroutine 2922:
  ??()
      -:0 +0x104ada650
  sync/atomic.CompareAndSwapInt32()
      <autogenerated>:1 +0x18
  sync.(*Mutex).Lock()
      /opt/homebrew/Cellar/go/1.24.6/libexec/src/sync/mutex.go:46 +0x2c
  github.com/luxfi/threshold/protocols/frost/keygen.(*round2).StoreBroadcastMessage()
      /Users/z/work/lux/threshold/protocols/frost/keygen/round2.go:57 +0x58
  github.com/luxfi/threshold/pkg/protocol.(*Handler).verifyBroadcastForRound()
      /Users/z/work/lux/threshold/pkg/protocol/handler.go:1277 +0x3a0
  github.com/luxfi/threshold/pkg/protocol.(*Handler).retryUnprocessedMessages()
      /Users/z/work/lux/threshold/pkg/protocol/handler.go:1483 +0x22c
  github.com/luxfi/threshold/pkg/protocol.(*Handler).tryAdvanceRound()
      /Users/z/work/lux/threshold/pkg/protocol/handler.go:587 +0x28c
  github.com/luxfi/threshold/pkg/protocol.(*Handler).processMessage()
      /Users/z/work/lux/threshold/pkg/protocol/handler.go:486 +0xbb0
  github.com/luxfi/threshold/pkg/protocol.(*Handler).messageWorker()
      /Users/z/work/lux/threshold/pkg/protocol/handler.go:408 +0x338
  github.com/luxfi/threshold/pkg/protocol.(*Handler).startWorkers.gowrap2()
      /Users/z/work/lux/threshold/pkg/protocol/handler.go:361 +0x44

Previous read at 0x00c000a33848 by goroutine 2923:
  github.com/luxfi/threshold/protocols/frost/keygen.(*round2).Number()
      <autogenerated>:1 +0x38
  github.com/luxfi/threshold/pkg/protocol.(*Handler).tryAdvanceRound()
      /Users/z/work/lux/threshold/pkg/protocol/handler.go:582 +0x70
  github.com/luxfi/threshold/pkg/protocol.(*Handler).processMessage()
      /Users/z/work/lux/threshold/pkg/protocol/handler.go:486 +0xbb0
  github.com/luxfi/threshold/pkg/protocol.(*Handler).messageWorker()
      /Users/z/work/lux/threshold/pkg/protocol/handler.go:408 +0x338
  github.com/luxfi/threshold/pkg/protocol.(*Handler).startWorkers.gowrap2()
      /Users/z/work/lux/threshold/pkg/protocol/handler.go:361 +0x44

Goroutine 2922 (running) created at:
  github.com/luxfi/threshold/pkg/protocol.(*Handler).startWorkers()
      /Users/z/work/lux/threshold/pkg/protocol/handler.go:361 +0x334
  github.com/luxfi/threshold/pkg/protocol.NewHandler()
      /Users/z/work/lux/threshold/pkg/protocol/handler.go:247 +0xf10
  github.com/luxfi/threshold/internal/test.(*Harness).CreateHandler()
      /Users/z/work/lux/threshold/internal/test/harness.go:91 +0x2e4
  github.com/luxfi/threshold/internal/test.RunProtocol()
      /Users/z/work/lux/threshold/internal/test/harness.go:270 +0x230
  github.com/luxfi/threshold/protocols/frost_test.TestFROSTKeygenAndSign.(*KeygenAndSign).Run.func11()
      /Users/z/work/lux/threshold/internal/test/protocol_helpers.go:97 +0x150
  testing.tRunner()
      /opt/homebrew/Cellar/go/1.24.6/libexec/src/testing/testing.go:1792 +0x180
  testing.(*T).Run.gowrap1()
      /opt/homebrew/Cellar/go/1.24.6/libexec/src/testing/testing.go:1851 +0x40

Goroutine 2923 (running) created at:
  github.com/luxfi/threshold/pkg/protocol.(*Handler).startWorkers()
      /Users/z/work/lux/threshold/pkg/protocol/handler.go:361 +0x334
  github.com/luxfi/threshold/pkg/protocol.NewHandler()
      /Users/z/work/lux/threshold/pkg/protocol/handler.go:247 +0xf10
  github.com/luxfi/threshold/internal/test.(*Harness).CreateHandler()
      /Users/z/work/lux/threshold/internal/test/harness.go:91 +0x2e4
  github.com/luxfi/threshold/internal/test.RunProtocol()
      /Users/z/work/lux/threshold/internal/test/harness.go:270 +0x230
  github.com/luxfi/threshold/protocols/frost_test.TestFROSTKeygenAndSign.(*KeygenAndSign).Run.func11()
      /Users/z/work/lux/threshold/internal/test/protocol_helpers.go:97 +0x150
  testing.tRunner()
      /opt/homebrew/Cellar/go/1.24.6/libexec/src/testing/testing.go:1792 +0x180
  testing.(*T).Run.gowrap1()
      /opt/homebrew/Cellar/go/1.24.6/libexec/src/testing/testing.go:1851 +0x40
==================
2025-08-15T22:12:59.746-0500	DEBUG	protocol/handler.go:581	tryAdvanceRound called	{"{current_round 20 2  <nil>}": {"Key":"self","Type":15,"Integer":0,"String":"c","Interface":null}}
==================
WARNING: DATA RACE
Read at 0x00c000a33848 by goroutine 2923:
  github.com/luxfi/threshold/protocols/frost/keygen.(*round2).Number()
      <autogenerated>:1 +0x38
  github.com/luxfi/threshold/pkg/protocol.(*Handler).tryAdvanceRound()
      /Users/z/work/lux/threshold/pkg/protocol/handler.go:587 +0x280
  github.com/luxfi/threshold/pkg/protocol.(*Handler).processMessage()
      /Users/z/work/lux/threshold/pkg/protocol/handler.go:486 +0xbb0
  github.com/luxfi/threshold/pkg/protocol.(*Handler).messageWorker()
      /Users/z/work/lux/threshold/pkg/protocol/handler.go:408 +0x338
  github.com/luxfi/threshold/pkg/protocol.(*Handler).startWorkers.gowrap2()
      /Users/z/work/lux/threshold/pkg/protocol/handler.go:361 +0x44

Previous write at 0x00c000a3384c by goroutine 2922:
  ??()
      -:0 +0x104ad5eb0
  sync/atomic.AddInt32()
      <autogenerated>:1 +0x14
  sync.(*Mutex).Unlock()
      /opt/homebrew/Cellar/go/1.24.6/libexec/src/sync/mutex.go:65 +0x2c
  github.com/luxfi/threshold/protocols/frost/keygen.(*round2).StoreBroadcastMessage()
      /Users/z/work/lux/threshold/protocols/frost/keygen/round2.go:62 +0x78
  github.com/luxfi/threshold/pkg/protocol.(*Handler).verifyBroadcastForRound()
      /Users/z/work/lux/threshold/pkg/protocol/handler.go:1277 +0x3a0
  github.com/luxfi/threshold/pkg/protocol.(*Handler).retryUnprocessedMessages()
      /Users/z/work/lux/threshold/pkg/protocol/handler.go:1483 +0x22c
  github.com/luxfi/threshold/pkg/protocol.(*Handler).tryAdvanceRound()
      /Users/z/work/lux/threshold/pkg/protocol/handler.go:587 +0x28c
  github.com/luxfi/threshold/pkg/protocol.(*Handler).processMessage()
      /Users/z/work/lux/threshold/pkg/protocol/handler.go:486 +0xbb0
  github.com/luxfi/threshold/pkg/protocol.(*Handler).messageWorker()
      /Users/z/work/lux/threshold/pkg/protocol/handler.go:408 +0x338
  github.com/luxfi/threshold/pkg/protocol.(*Handler).startWorkers.gowrap2()
      /Users/z/work/lux/threshold/pkg/protocol/handler.go:361 +0x44

Goroutine 2923 (running) created at:
  github.com/luxfi/threshold/pkg/protocol.(*Handler).startWorkers()
      /Users/z/work/lux/threshold/pkg/protocol/handler.go:361 +0x334
  github.com/luxfi/threshold/pkg/protocol.NewHandler()
      /Users/z/work/lux/threshold/pkg/protocol/handler.go:247 +0xf10
  github.com/luxfi/threshold/internal/test.(*Harness).CreateHandler()
      /Users/z/work/lux/threshold/internal/test/harness.go:91 +0x2e4
  github.com/luxfi/threshold/internal/test.RunProtocol()
      /Users/z/work/lux/threshold/internal/test/harness.go:270 +0x230
  github.com/luxfi/threshold/protocols/frost_test.TestFROSTKeygenAndSign.(*KeygenAndSign).Run.func11()
      /Users/z/work/lux/threshold/internal/test/protocol_helpers.go:97 +0x150
  testing.tRunner()
      /opt/homebrew/Cellar/go/1.24.6/libexec/src/testing/testing.go:1792 +0x180
  testing.(*T).Run.gowrap1()
      /opt/homebrew/Cellar/go/1.24.6/libexec/src/testing/testing.go:1851 +0x40

Goroutine 2922 (running) created at:
  github.com/luxfi/threshold/pkg/protocol.(*Handler).startWorkers()
      /Users/z/work/lux/threshold/pkg/protocol/handler.go:361 +0x334
  github.com/luxfi/threshold/pkg/protocol.NewHandler()
      /Users/z/work/lux/threshold/pkg/protocol/handler.go:247 +0xf10
  github.com/luxfi/threshold/internal/test.(*Harness).CreateHandler()
      /Users/z/work/lux/threshold/internal/test/harness.go:91 +0x2e4
  github.com/luxfi/threshold/internal/test.RunProtocol()
      /Users/z/work/lux/threshold/internal/test/harness.go:270 +0x230
  github.com/luxfi/threshold/protocols/frost_test.TestFROSTKeygenAndSign.(*KeygenAndSign).Run.func11()
      /Users/z/work/lux/threshold/internal/test/protocol_helpers.go:97 +0x150
  testing.tRunner()
      /opt/homebrew/Cellar/go/1.24.6/libexec/src/testing/testing.go:1792 +0x180
  testing.(*T).Run.gowrap1()
      /opt/homebrew/Cellar/go/1.24.6/libexec/src/testing/testing.go:1851 +0x40
==================
2025-08-15T22:12:59.747-0500	DEBUG	protocol/handler.go:1591	have processed broadcast	{"{round 20 2  <nil>}": {"Key":"from","Type":15,"Integer":0,"String":"a","Interface":null}}
2025-08-15T22:12:59.748-0500	DEBUG	protocol/handler.go:1591	have processed broadcast	{"{round 20 2  <nil>}": {"Key":"from","Type":15,"Integer":0,"String":"d","Interface":null}}
2025-08-15T22:12:59.748-0500	DEBUG	protocol/handler.go:1591	have processed broadcast	{"{round 20 2  <nil>}": {"Key":"from","Type":15,"Integer":0,"String":"e","Interface":null}}
2025-08-15T22:12:59.748-0500	DEBUG	protocol/handler.go:1600	waiting for broadcasts	{"{round 20 2  <nil>}": {"Key":"missing","Type":15,"Integer":0,"String":"[b f g]","Interface":null}}
2025-08-15T22:12:59.748-0500	DEBUG	protocol/handler.go:437	processing message	{"{from 15 0 f <nil>}": {"Key":"to","Type":15,"Integer":0,"String":"","Interface":null}, "{round 20 2  <nil>}": {"Key":"broadcast","Type":4,"Integer":1,"String":"","Interface":null}}
2025-08-15T22:12:59.748-0500	DEBUG	protocol/handler.go:1657	storing broadcast	{"{round 20 2  <nil>}": {"Key":"from","Type":15,"Integer":0,"String":"f","Interface":null}}
2025-08-15T22:12:59.754-0500	DEBUG	protocol/handler.go:1591	have processed broadcast	{"{round 20 2  <nil>}": {"Key":"from","Type":15,"Integer":0,"String":"a","Interface":null}}
2025-08-15T22:12:59.754-0500	DEBUG	protocol/handler.go:1591	have processed broadcast	{"{round 20 2  <nil>}": {"Key":"from","Type":15,"Integer":0,"String":"d","Interface":null}}
2025-08-15T22:12:59.754-0500	DEBUG	protocol/handler.go:1591	have processed broadcast	{"{round 20 2  <nil>}": {"Key":"from","Type":15,"Integer":0,"String":"e","Interface":null}}
2025-08-15T22:12:59.754-0500	DEBUG	protocol/handler.go:1600	waiting for broadcasts	{"{round 20 2  <nil>}": {"Key":"missing","Type":15,"Integer":0,"String":"[b g]","Interface":null}}
2025-08-15T22:12:59.754-0500	DEBUG	protocol/handler.go:581	tryAdvanceRound called	{"{current_round 20 2  <nil>}": {"Key":"self","Type":15,"Integer":0,"String":"a","Interface":null}}
2025-08-15T22:12:59.756-0500	DEBUG	protocol/handler.go:581	tryAdvanceRound called	{"{current_round 20 2  <nil>}": {"Key":"self","Type":15,"Integer":0,"String":"c","Interface":null}}
2025-08-15T22:12:59.756-0500	DEBUG	protocol/handler.go:1591	have processed broadcast	{"{round 20 2  <nil>}": {"Key":"from","Type":15,"Integer":0,"String":"a","Interface":null}}
2025-08-15T22:12:59.756-0500	DEBUG	protocol/handler.go:1591	have processed broadcast	{"{round 20 2  <nil>}": {"Key":"from","Type":15,"Integer":0,"String":"d","Interface":null}}
2025-08-15T22:12:59.756-0500	DEBUG	protocol/handler.go:1591	have processed broadcast	{"{round 20 2  <nil>}": {"Key":"from","Type":15,"Integer":0,"String":"e","Interface":null}}
2025-08-15T22:12:59.756-0500	DEBUG	protocol/handler.go:1591	have processed broadcast	{"{round 20 2  <nil>}": {"Key":"from","Type":15,"Integer":0,"String":"f","Interface":null}}
2025-08-15T22:12:59.756-0500	DEBUG	protocol/handler.go:1600	waiting for broadcasts	{"{round 20 2  <nil>}": {"Key":"missing","Type":15,"Integer":0,"String":"[b g]","Interface":null}}
2025-08-15T22:12:59.756-0500	DEBUG	protocol/handler.go:581	tryAdvanceRound called	{"{current_round 20 2  <nil>}": {"Key":"self","Type":15,"Integer":0,"String":"d","Interface":null}}
2025-08-15T22:12:59.757-0500	DEBUG	protocol/handler.go:1591	have processed broadcast	{"{round 20 2  <nil>}": {"Key":"from","Type":15,"Integer":0,"String":"a","Interface":null}}
2025-08-15T22:12:59.757-0500	DEBUG	protocol/handler.go:1591	have processed broadcast	{"{round 20 2  <nil>}": {"Key":"from","Type":15,"Integer":0,"String":"d","Interface":null}}
2025-08-15T22:12:59.757-0500	DEBUG	protocol/handler.go:1591	have processed broadcast	{"{round 20 2  <nil>}": {"Key":"from","Type":15,"Integer":0,"String":"e","Interface":null}}
2025-08-15T22:12:59.757-0500	DEBUG	protocol/handler.go:1591	have processed broadcast	{"{round 20 2  <nil>}": {"Key":"from","Type":15,"Integer":0,"String":"f","Interface":null}}
2025-08-15T22:12:59.757-0500	DEBUG	protocol/handler.go:1600	waiting for broadcasts	{"{round 20 2  <nil>}": {"Key":"missing","Type":15,"Integer":0,"String":"[b g]","Interface":null}}
2025-08-15T22:12:59.757-0500	DEBUG	protocol/handler.go:581	tryAdvanceRound called	{"{current_round 20 2  <nil>}": {"Key":"self","Type":15,"Integer":0,"String":"c","Interface":null}}
2025-08-15T22:12:59.757-0500	DEBUG	protocol/handler.go:1591	have processed broadcast	{"{round 20 2  <nil>}": {"Key":"from","Type":15,"Integer":0,"String":"a","Interface":null}}
2025-08-15T22:12:59.757-0500	DEBUG	protocol/handler.go:1591	have processed broadcast	{"{round 20 2  <nil>}": {"Key":"from","Type":15,"Integer":0,"String":"d","Interface":null}}
2025-08-15T22:12:59.757-0500	DEBUG	protocol/handler.go:1591	have processed broadcast	{"{round 20 2  <nil>}": {"Key":"from","Type":15,"Integer":0,"String":"e","Interface":null}}
2025-08-15T22:12:59.757-0500	DEBUG	protocol/handler.go:1591	have processed broadcast	{"{round 20 2  <nil>}": {"Key":"from","Type":15,"Integer":0,"String":"f","Interface":null}}
2025-08-15T22:12:59.757-0500	DEBUG	protocol/handler.go:1600	waiting for broadcasts	{"{round 20 2  <nil>}": {"Key":"missing","Type":15,"Integer":0,"String":"[b g]","Interface":null}}
2025-08-15T22:12:59.761-0500	DEBUG	protocol/handler.go:1591	have processed broadcast	{"{round 20 2  <nil>}": {"Key":"from","Type":15,"Integer":0,"String":"d","Interface":null}}
2025-08-15T22:12:59.761-0500	DEBUG	protocol/handler.go:1591	have processed broadcast	{"{round 20 2  <nil>}": {"Key":"from","Type":15,"Integer":0,"String":"e","Interface":null}}
2025-08-15T22:12:59.761-0500	DEBUG	protocol/handler.go:1591	have processed broadcast	{"{round 20 2  <nil>}": {"Key":"from","Type":15,"Integer":0,"String":"f","Interface":null}}
2025-08-15T22:12:59.761-0500	DEBUG	protocol/handler.go:1600	waiting for broadcasts	{"{round 20 2  <nil>}": {"Key":"missing","Type":15,"Integer":0,"String":"[b c g]","Interface":null}}
2025-08-15T22:12:59.761-0500	DEBUG	protocol/handler.go:581	tryAdvanceRound called	{"{current_round 20 2  <nil>}": {"Key":"self","Type":15,"Integer":0,"String":"a","Interface":null}}
2025-08-15T22:12:59.761-0500	DEBUG	protocol/handler.go:1591	have processed broadcast	{"{round 20 2  <nil>}": {"Key":"from","Type":15,"Integer":0,"String":"d","Interface":null}}
2025-08-15T22:12:59.761-0500	DEBUG	protocol/handler.go:1591	have processed broadcast	{"{round 20 2  <nil>}": {"Key":"from","Type":15,"Integer":0,"String":"e","Interface":null}}
2025-08-15T22:12:59.761-0500	DEBUG	protocol/handler.go:1591	have processed broadcast	{"{round 20 2  <nil>}": {"Key":"from","Type":15,"Integer":0,"String":"f","Interface":null}}
2025-08-15T22:12:59.761-0500	DEBUG	protocol/handler.go:1600	waiting for broadcasts	{"{round 20 2  <nil>}": {"Key":"missing","Type":15,"Integer":0,"String":"[b c g]","Interface":null}}
2025-08-15T22:12:59.761-0500	DEBUG	protocol/handler.go:581	tryAdvanceRound called	{"{current_round 20 2  <nil>}": {"Key":"self","Type":15,"Integer":0,"String":"b","Interface":null}}
2025-08-15T22:12:59.761-0500	DEBUG	protocol/handler.go:1591	have processed broadcast	{"{round 20 2  <nil>}": {"Key":"from","Type":15,"Integer":0,"String":"a","Interface":null}}
2025-08-15T22:12:59.761-0500	DEBUG	protocol/handler.go:1591	have processed broadcast	{"{round 20 2  <nil>}": {"Key":"from","Type":15,"Integer":0,"String":"f","Interface":null}}
2025-08-15T22:12:59.761-0500	DEBUG	protocol/handler.go:1600	waiting for broadcasts	{"{round 20 2  <nil>}": {"Key":"missing","Type":15,"Integer":0,"String":"[c d e g]","Interface":null}}
2025-08-15T22:12:59.763-0500	DEBUG	protocol/handler.go:1591	have processed broadcast	{"{round 20 2  <nil>}": {"Key":"from","Type":15,"Integer":0,"String":"c","Interface":null}}
2025-08-15T22:12:59.763-0500	DEBUG	protocol/handler.go:1591	have processed broadcast	{"{round 20 2  <nil>}": {"Key":"from","Type":15,"Integer":0,"String":"e","Interface":null}}
2025-08-15T22:12:59.763-0500	DEBUG	protocol/handler.go:1591	have processed broadcast	{"{round 20 2  <nil>}": {"Key":"from","Type":15,"Integer":0,"String":"f","Interface":null}}
2025-08-15T22:12:59.763-0500	DEBUG	protocol/handler.go:1600	waiting for broadcasts	{"{round 20 2  <nil>}": {"Key":"missing","Type":15,"Integer":0,"String":"[a b g]","Interface":null}}
2025-08-15T22:12:59.722-0500	DEBUG	protocol/handler.go:437	processing message	{"{from 15 0 c <nil>}": {"Key":"to","Type":15,"Integer":0,"String":"","Interface":null}, "{round 20 2  <nil>}": {"Key":"broadcast","Type":4,"Integer":1,"String":"","Interface":null}}
2025-08-15T22:12:59.763-0500	DEBUG	protocol/handler.go:1657	storing broadcast	{"{round 20 2  <nil>}": {"Key":"from","Type":15,"Integer":0,"String":"c","Interface":null}}
2025-08-15T22:12:59.770-0500	DEBUG	protocol/handler.go:1591	have processed broadcast	{"{round 20 2  <nil>}": {"Key":"from","Type":15,"Integer":0,"String":"c","Interface":null}}
2025-08-15T22:12:59.770-0500	DEBUG	protocol/handler.go:1591	have processed broadcast	{"{round 20 2  <nil>}": {"Key":"from","Type":15,"Integer":0,"String":"e","Interface":null}}
2025-08-15T22:12:59.770-0500	DEBUG	protocol/handler.go:1591	have processed broadcast	{"{round 20 2  <nil>}": {"Key":"from","Type":15,"Integer":0,"String":"f","Interface":null}}
2025-08-15T22:12:59.770-0500	DEBUG	protocol/handler.go:1600	waiting for broadcasts	{"{round 20 2  <nil>}": {"Key":"missing","Type":15,"Integer":0,"String":"[a b g]","Interface":null}}
2025-08-15T22:12:59.770-0500	DEBUG	protocol/handler.go:581	tryAdvanceRound called	{"{current_round 20 2  <nil>}": {"Key":"self","Type":15,"Integer":0,"String":"d","Interface":null}}
2025-08-15T22:12:59.770-0500	DEBUG	protocol/handler.go:1591	have processed broadcast	{"{round 20 2  <nil>}": {"Key":"from","Type":15,"Integer":0,"String":"c","Interface":null}}
2025-08-15T22:12:59.770-0500	DEBUG	protocol/handler.go:1591	have processed broadcast	{"{round 20 2  <nil>}": {"Key":"from","Type":15,"Integer":0,"String":"e","Interface":null}}
2025-08-15T22:12:59.770-0500	DEBUG	protocol/handler.go:1591	have processed broadcast	{"{round 20 2  <nil>}": {"Key":"from","Type":15,"Integer":0,"String":"f","Interface":null}}
2025-08-15T22:12:59.770-0500	DEBUG	protocol/handler.go:1600	waiting for broadcasts	{"{round 20 2  <nil>}": {"Key":"missing","Type":15,"Integer":0,"String":"[a b g]","Interface":null}}
2025-08-15T22:12:59.770-0500	DEBUG	protocol/handler.go:581	tryAdvanceRound called	{"{current_round 20 2  <nil>}": {"Key":"self","Type":15,"Integer":0,"String":"c","Interface":null}}
2025-08-15T22:12:59.770-0500	DEBUG	protocol/handler.go:1591	have processed broadcast	{"{round 20 2  <nil>}": {"Key":"from","Type":15,"Integer":0,"String":"a","Interface":null}}
2025-08-15T22:12:59.770-0500	DEBUG	protocol/handler.go:1591	have processed broadcast	{"{round 20 2  <nil>}": {"Key":"from","Type":15,"Integer":0,"String":"d","Interface":null}}
2025-08-15T22:12:59.770-0500	DEBUG	protocol/handler.go:1591	have processed broadcast	{"{round 20 2  <nil>}": {"Key":"from","Type":15,"Integer":0,"String":"e","Interface":null}}
2025-08-15T22:12:59.770-0500	DEBUG	protocol/handler.go:1591	have processed broadcast	{"{round 20 2  <nil>}": {"Key":"from","Type":15,"Integer":0,"String":"f","Interface":null}}
2025-08-15T22:12:59.770-0500	DEBUG	protocol/handler.go:1600	waiting for broadcasts	{"{round 20 2  <nil>}": {"Key":"missing","Type":15,"Integer":0,"String":"[b g]","Interface":null}}
2025-08-15T22:12:59.722-0500	DEBUG	protocol/handler.go:437	processing message	{"{from 15 0 b <nil>}": {"Key":"to","Type":15,"Integer":0,"String":"","Interface":null}, "{round 20 2  <nil>}": {"Key":"broadcast","Type":4,"Integer":1,"String":"","Interface":null}}
2025-08-15T22:12:59.770-0500	DEBUG	protocol/handler.go:581	tryAdvanceRound called	{"{current_round 20 2  <nil>}": {"Key":"self","Type":15,"Integer":0,"String":"a","Interface":null}}
2025-08-15T22:12:59.771-0500	DEBUG	protocol/handler.go:1591	have processed broadcast	{"{round 20 2  <nil>}": {"Key":"from","Type":15,"Integer":0,"String":"c","Interface":null}}
2025-08-15T22:12:59.771-0500	DEBUG	protocol/handler.go:1591	have processed broadcast	{"{round 20 2  <nil>}": {"Key":"from","Type":15,"Integer":0,"String":"d","Interface":null}}
2025-08-15T22:12:59.771-0500	DEBUG	protocol/handler.go:1591	have processed broadcast	{"{round 20 2  <nil>}": {"Key":"from","Type":15,"Integer":0,"String":"e","Interface":null}}
2025-08-15T22:12:59.771-0500	DEBUG	protocol/handler.go:1591	have processed broadcast	{"{round 20 2  <nil>}": {"Key":"from","Type":15,"Integer":0,"String":"f","Interface":null}}
2025-08-15T22:12:59.771-0500	DEBUG	protocol/handler.go:1600	waiting for broadcasts	{"{round 20 2  <nil>}": {"Key":"missing","Type":15,"Integer":0,"String":"[b g]","Interface":null}}
2025-08-15T22:12:59.722-0500	DEBUG	protocol/handler.go:437	processing message	{"{from 15 0 e <nil>}": {"Key":"to","Type":15,"Integer":0,"String":"","Interface":null}, "{round 20 2  <nil>}": {"Key":"broadcast","Type":4,"Integer":1,"String":"","Interface":null}}
2025-08-15T22:12:59.771-0500	DEBUG	protocol/handler.go:1657	storing broadcast	{"{round 20 2  <nil>}": {"Key":"from","Type":15,"Integer":0,"String":"e","Interface":null}}
2025-08-15T22:12:59.771-0500	DEBUG	protocol/handler.go:1657	storing broadcast	{"{round 20 2  <nil>}": {"Key":"from","Type":15,"Integer":0,"String":"b","Interface":null}}
2025-08-15T22:12:59.773-0500	DEBUG	protocol/handler.go:1039	sendRoundMessage	{"{from 15 0 g <nil>}": {"Key":"to","Type":15,"Integer":0,"String":"","Interface":null}, "{round 20 2  <nil>}": {"Key":"broadcast","Type":4,"Integer":1,"String":"","Interface":null}}
==================
WARNING: DATA RACE
Write at 0x00c000a3384c by goroutine 2920:
  ??()
      -:0 +0x104ada650
  sync/atomic.CompareAndSwapInt32()
      <autogenerated>:1 +0x18
  sync.(*Mutex).Lock()
      /opt/homebrew/Cellar/go/1.24.6/libexec/src/sync/mutex.go:46 +0x2c
  github.com/luxfi/threshold/protocols/frost/keygen.(*round2).StoreBroadcastMessage()
      /Users/z/work/lux/threshold/protocols/frost/keygen/round2.go:57 +0x58
  github.com/luxfi/threshold/pkg/protocol.(*Handler).verifyBroadcastForRound()
      /Users/z/work/lux/threshold/pkg/protocol/handler.go:1277 +0x3a0
  github.com/luxfi/threshold/pkg/protocol.(*Handler).retryUnprocessedMessages()
      /Users/z/work/lux/threshold/pkg/protocol/handler.go:1483 +0x22c
  github.com/luxfi/threshold/pkg/protocol.(*Handler).tryAdvanceRound()
      /Users/z/work/lux/threshold/pkg/protocol/handler.go:587 +0x28c
  github.com/luxfi/threshold/pkg/protocol.(*Handler).processMessage()
      /Users/z/work/lux/threshold/pkg/protocol/handler.go:486 +0xbb0
  github.com/luxfi/threshold/pkg/protocol.(*Handler).messageWorker()
      /Users/z/work/lux/threshold/pkg/protocol/handler.go:408 +0x338
  github.com/luxfi/threshold/pkg/protocol.(*Handler).startWorkers.gowrap2()
      /Users/z/work/lux/threshold/pkg/protocol/handler.go:361 +0x44

Previous read at 0x00c000a33848 by goroutine 2923:
  github.com/luxfi/threshold/protocols/frost/keygen.(*round2).Number()
      <autogenerated>:1 +0x38
  github.com/luxfi/threshold/pkg/protocol.(*Handler).hasAllMessages()
      /Users/z/work/lux/threshold/pkg/protocol/handler.go:1570 +0x40
  github.com/luxfi/threshold/pkg/protocol.(*Handler).tryAdvanceRound()
      /Users/z/work/lux/threshold/pkg/protocol/handler.go:589 +0x29c
  github.com/luxfi/threshold/pkg/protocol.(*Handler).processMessage()
      /Users/z/work/lux/threshold/pkg/protocol/handler.go:486 +0xbb0
  github.com/luxfi/threshold/pkg/protocol.(*Handler).messageWorker()
      /Users/z/work/lux/threshold/pkg/protocol/handler.go:408 +0x338
  github.com/luxfi/threshold/pkg/protocol.(*Handler).startWorkers.gowrap2()
      /Users/z/work/lux/threshold/pkg/protocol/handler.go:361 +0x44

Goroutine 2920 (running) created at:
  github.com/luxfi/threshold/pkg/protocol.(*Handler).startWorkers()
      /Users/z/work/lux/threshold/pkg/protocol/handler.go:361 +0x334
  github.com/luxfi/threshold/pkg/protocol.NewHandler()
      /Users/z/work/lux/threshold/pkg/protocol/handler.go:247 +0xf10
  github.com/luxfi/threshold/internal/test.(*Harness).CreateHandler()
      /Users/z/work/lux/threshold/internal/test/harness.go:91 +0x2e4
  github.com/luxfi/threshold/internal/test.RunProtocol()
      /Users/z/work/lux/threshold/internal/test/harness.go:270 +0x230
2025-08-15T22:12:59.774-0500	DEBUG	protocol/handler.go:1657	storing broadcast	{"{round 20 2  <nil>}": {"Key":"from","Type":15,"Integer":0,"String":"g","Interface":null}}
2025-08-15T22:12:59.775-0500	DEBUG	protocol/handler.go:1081	sent message to output channel	{"{from 15 0 g <nil>}": {"Key":"to","Type":15,"Integer":0,"String":"","Interface":null}, "{round 20 2  <nil>}": {"Key":"broadcast","Type":4,"Integer":1,"String":"","Interface":null}}
2025-08-15T22:12:59.775-0500	DEBUG	protocol/handler.go:1182	finalized round messages	{"{round 20 1  <nil>}": {"Key":"messages","Type":11,"Integer":1,"String":"","Interface":null}}
2025-08-15T22:12:59.775-0500	DEBUG	protocol/handler.go:1239	finalize returned next round	{"{current 20 1  <nil>}": {"Key":"next","Type":20,"Integer":2,"String":"","Interface":null}}
  github.com/luxfi/threshold/protocols/frost_test.TestFROSTKeygenAndSign.(*KeygenAndSign).Run.func11()
      /Users/z/work/lux/threshold/internal/test/protocol_helpers.go:97 +0x150
  testing.tRunner()
      /opt/homebrew/Cellar/go/1.24.6/libexec/src/testing/testing.go:1792 +0x180
  testing.(*T).Run.gowrap1()
      /opt/homebrew/Cellar/go/1.24.6/libexec/src/testing/testing.go:1851 +0x40

Goroutine 2923 (running) created at:
  github.com/luxfi/threshold/pkg/protocol.(*Handler).startWorkers()
      /Users/z/work/lux/threshold/pkg/protocol/handler.go:361 +0x334
  github.com/luxfi/threshold/pkg/protocol.NewHandler()
      /Users/z/work/lux/threshold/pkg/protocol/handler.go:247 +0xf10
  github.com/luxfi/threshold/internal/test.(*Harness).CreateHandler()
      /Users/z/work/lux/threshold/internal/test/harness.go:91 +0x2e4
  github.com/luxfi/threshold/internal/test.RunProtocol()
      /Users/z/work/lux/threshold/internal/test/harness.go:270 +0x230
  github.com/luxfi/threshold/protocols/frost_test.TestFROSTKeygenAndSign.(*KeygenAndSign).Run.func11()
      /Users/z/work/lux/threshold/internal/test/protocol_helpers.go:97 +0x150
  testing.tRunner()
      /opt/homebrew/Cellar/go/1.24.6/libexec/src/testing/testing.go:1792 +0x180
  testing.(*T).Run.gowrap1()
      /opt/homebrew/Cellar/go/1.24.6/libexec/src/testing/testing.go:1851 +0x40
==================
2025-08-15T22:12:59.775-0500	INFO	protocol/handler.go:642	storing new currentRound	{"{from 20 1  <nil>}": {"Key":"to","Type":20,"Integer":2,"String":"","Interface":null}}
2025-08-15T22:12:59.775-0500	DEBUG	protocol/handler.go:1503	processing queued messages
2025-08-15T22:12:59.775-0500	DEBUG	protocol/handler.go:1503	processing queued messages
2025-08-15T22:12:59.778-0500	DEBUG	protocol/handler.go:581	tryAdvanceRound called	{"{current_round 20 2  <nil>}": {"Key":"self","Type":15,"Integer":0,"String":"b","Interface":null}}
2025-08-15T22:12:59.778-0500	DEBUG	protocol/handler.go:1591	have processed broadcast	{"{round 20 2  <nil>}": {"Key":"from","Type":15,"Integer":0,"String":"a","Interface":null}}
2025-08-15T22:12:59.778-0500	DEBUG	protocol/handler.go:581	tryAdvanceRound called	{"{current_round 20 2  <nil>}": {"Key":"self","Type":15,"Integer":0,"String":"d","Interface":null}}
2025-08-15T22:12:59.778-0500	DEBUG	protocol/handler.go:1591	have processed broadcast	{"{round 20 2  <nil>}": {"Key":"from","Type":15,"Integer":0,"String":"e","Interface":null}}
2025-08-15T22:12:59.778-0500	DEBUG	protocol/handler.go:1591	have processed broadcast	{"{round 20 2  <nil>}": {"Key":"from","Type":15,"Integer":0,"String":"f","Interface":null}}
2025-08-15T22:12:59.778-0500	DEBUG	protocol/handler.go:1591	have processed broadcast	{"{round 20 2  <nil>}": {"Key":"from","Type":15,"Integer":0,"String":"b","Interface":null}}
2025-08-15T22:12:59.778-0500	DEBUG	protocol/handler.go:1600	waiting for broadcasts	{"{round 20 2  <nil>}": {"Key":"missing","Type":15,"Integer":0,"String":"[c d g]","Interface":null}}
2025-08-15T22:12:59.722-0500	DEBUG	protocol/handler.go:437	processing message	{"{from 15 0 b <nil>}": {"Key":"to","Type":15,"Integer":0,"String":"","Interface":null}, "{round 20 2  <nil>}": {"Key":"broadcast","Type":4,"Integer":1,"String":"","Interface":null}}
2025-08-15T22:12:59.778-0500	DEBUG	protocol/handler.go:1591	have processed broadcast	{"{round 20 2  <nil>}": {"Key":"from","Type":15,"Integer":0,"String":"c","Interface":null}}
2025-08-15T22:12:59.778-0500	DEBUG	protocol/handler.go:1657	storing broadcast	{"{round 20 2  <nil>}": {"Key":"from","Type":15,"Integer":0,"String":"b","Interface":null}}
2025-08-15T22:12:59.778-0500	DEBUG	protocol/handler.go:581	tryAdvanceRound called	{"{current_round 20 2  <nil>}": {"Key":"self","Type":15,"Integer":0,"String":"d","Interface":null}}
2025-08-15T22:12:59.778-0500	DEBUG	protocol/handler.go:1591	have processed broadcast	{"{round 20 2  <nil>}": {"Key":"from","Type":15,"Integer":0,"String":"b","Interface":null}}
2025-08-15T22:12:59.778-0500	DEBUG	protocol/handler.go:1591	have processed broadcast	{"{round 20 2  <nil>}": {"Key":"from","Type":15,"Integer":0,"String":"c","Interface":null}}
2025-08-15T22:12:59.778-0500	DEBUG	protocol/handler.go:1591	have processed broadcast	{"{round 20 2  <nil>}": {"Key":"from","Type":15,"Integer":0,"String":"e","Interface":null}}
2025-08-15T22:12:59.778-0500	DEBUG	protocol/handler.go:1591	have processed broadcast	{"{round 20 2  <nil>}": {"Key":"from","Type":15,"Integer":0,"String":"f","Interface":null}}
2025-08-15T22:12:59.778-0500	DEBUG	protocol/handler.go:1600	waiting for broadcasts	{"{round 20 2  <nil>}": {"Key":"missing","Type":15,"Integer":0,"String":"[a g]","Interface":null}}
2025-08-15T22:12:59.722-0500	DEBUG	protocol/handler.go:437	processing message	{"{from 15 0 c <nil>}": {"Key":"to","Type":15,"Integer":0,"String":"","Interface":null}, "{round 20 2  <nil>}": {"Key":"broadcast","Type":4,"Integer":1,"String":"","Interface":null}}
2025-08-15T22:12:59.779-0500	DEBUG	protocol/handler.go:1657	storing broadcast	{"{round 20 2  <nil>}": {"Key":"from","Type":15,"Integer":0,"String":"c","Interface":null}}
==================
WARNING: DATA RACE
Read at 0x00c000a33848 by goroutine 2924:
  github.com/luxfi/threshold/protocols/frost/keygen.(*round2).Number()
      <autogenerated>:1 +0x38
  github.com/luxfi/threshold/pkg/protocol.(*Handler).roundProcessor()
      /Users/z/work/lux/threshold/pkg/protocol/handler.go:550 +0x1d4
  github.com/luxfi/threshold/pkg/protocol.(*Handler).startWorkers.func1()
      /Users/z/work/lux/threshold/pkg/protocol/handler.go:374 +0x78

Previous write at 0x00c000a3384c by goroutine 2920:
  ??()
      -:0 +0x104ad5eb0
  sync/atomic.AddInt32()
      <autogenerated>:1 +0x14
  sync.(*Mutex).Unlock()
      /opt/homebrew/Cellar/go/1.24.6/libexec/src/sync/mutex.go:65 +0x2c
  github.com/luxfi/threshold/protocols/frost/keygen.(*round2).StoreBroadcastMessage()
      /Users/z/work/lux/threshold/protocols/frost/keygen/round2.go:62 +0x78
  github.com/luxfi/threshold/pkg/protocol.(*Handler).verifyBroadcastForRound()
      /Users/z/work/lux/threshold/pkg/protocol/handler.go:1277 +0x3a0
  github.com/luxfi/threshold/pkg/protocol.(*Handler).retryUnprocessedMessages()
      /Users/z/work/lux/threshold/pkg/protocol/handler.go:1483 +0x22c
  github.com/luxfi/threshold/pkg/protocol.(*Handler).tryAdvanceRound()
      /Users/z/work/lux/threshold/pkg/protocol/handler.go:587 +0x28c
  github.com/luxfi/threshold/pkg/protocol.(*Handler).processMessage()
      /Users/z/work/lux/threshold/pkg/protocol/handler.go:486 +0xbb0
  github.com/luxfi/threshold/pkg/protocol.(*Handler).messageWorker()
      /Users/z/work/lux/threshold/pkg/protocol/handler.go:408 +0x338
  github.com/luxfi/threshold/pkg/protocol.(*Handler).startWorkers.gowrap2()
      /Users/z/work/lux/threshold/pkg/protocol/handler.go:361 +0x44

Goroutine 2924 (running) created at:
  github.com/luxfi/threshold/pkg/protocol.(*Handler).startWorkers()
      /Users/z/work/lux/threshold/pkg/protocol/handler.go:372 +0x4fc
  github.com/luxfi/threshold/pkg/protocol.NewHandler()
      /Users/z/work/lux/threshold/pkg/protocol/handler.go:247 +0xf10
  github.com/luxfi/threshold/internal/test.(*Harness).CreateHandler()
      /Users/z/work/lux/threshold/internal/test/harness.go:91 +0x2e4
  github.com/luxfi/threshold/internal/test.RunProtocol()
      /Users/z/work/lux/threshold/internal/test/harness.go:270 +0x230
  github.com/luxfi/threshold/protocols/frost_test.TestFROSTKeygenAndSign.(*KeygenAndSign).Run.func11()
      /Users/z/work/lux/threshold/internal/test/protocol_helpers.go:97 +0x150
  testing.tRunner()
      /opt/homebrew/Cellar/go/1.24.6/libexec/src/testing/testing.go:1792 +0x180
  testing.(*T).Run.gowrap1()
      /opt/homebrew/Cellar/go/1.24.6/libexec/src/testing/testing.go:1851 +0x40

Goroutine 2920 (running) created at:
  github.com/luxfi/threshold/pkg/protocol.(*Handler).startWorkers()
      /Users/z/work/lux/threshold/pkg/protocol/handler.go:361 +0x334
  github.com/luxfi/threshold/pkg/protocol.NewHandler()
      /Users/z/work/lux/threshold/pkg/protocol/handler.go:247 +0xf10
  github.com/luxfi/threshold/internal/test.(*Harness).CreateHandler()
      /Users/z/work/lux/threshold/internal/test/harness.go:91 +0x2e4
  github.com/luxfi/threshold/internal/test.RunProtocol()
      /Users/z/work/lux/threshold/internal/test/harness.go:270 +0x230
  github.com/luxfi/threshold/protocols/frost_test.TestFROSTKeygenAndSign.(*KeygenAndSign).Run.func11()
      /Users/z/work/lux/threshold/internal/test/protocol_helpers.go:97 +0x150
  testing.tRunner()
      /opt/homebrew/Cellar/go/1.24.6/libexec/src/testing/testing.go:1792 +0x180
  testing.(*T).Run.gowrap1()
      /opt/homebrew/Cellar/go/1.24.6/libexec/src/testing/testing.go:1851 +0x40
==================
2025-08-15T22:12:59.787-0500	DEBUG	protocol/handler.go:581	tryAdvanceRound called	{"{current_round 20 2  <nil>}": {"Key":"self","Type":15,"Integer":0,"String":"c","Interface":null}}
2025-08-15T22:12:59.787-0500	DEBUG	protocol/handler.go:1591	have processed broadcast	{"{round 20 2  <nil>}": {"Key":"from","Type":15,"Integer":0,"String":"a","Interface":null}}
2025-08-15T22:12:59.787-0500	DEBUG	protocol/handler.go:1591	have processed broadcast	{"{round 20 2  <nil>}": {"Key":"from","Type":15,"Integer":0,"String":"d","Interface":null}}
2025-08-15T22:12:59.787-0500	DEBUG	protocol/handler.go:1591	have processed broadcast	{"{round 20 2  <nil>}": {"Key":"from","Type":15,"Integer":0,"String":"e","Interface":null}}
2025-08-15T22:12:59.787-0500	DEBUG	protocol/handler.go:1591	have processed broadcast	{"{round 20 2  <nil>}": {"Key":"from","Type":15,"Integer":0,"String":"f","Interface":null}}
2025-08-15T22:12:59.788-0500	DEBUG	protocol/handler.go:1600	waiting for broadcasts	{"{round 20 2  <nil>}": {"Key":"missing","Type":15,"Integer":0,"String":"[b g]","Interface":null}}
2025-08-15T22:12:59.788-0500	DEBUG	protocol/handler.go:581	tryAdvanceRound called	{"{current_round 20 2  <nil>}": {"Key":"self","Type":15,"Integer":0,"String":"c","Interface":null}}
2025-08-15T22:12:59.788-0500	DEBUG	protocol/handler.go:1591	have processed broadcast	{"{round 20 2  <nil>}": {"Key":"from","Type":15,"Integer":0,"String":"a","Interface":null}}
2025-08-15T22:12:59.788-0500	DEBUG	protocol/handler.go:1591	have processed broadcast	{"{round 20 2  <nil>}": {"Key":"from","Type":15,"Integer":0,"String":"d","Interface":null}}
2025-08-15T22:12:59.788-0500	DEBUG	protocol/handler.go:1591	have processed broadcast	{"{round 20 2  <nil>}": {"Key":"from","Type":15,"Integer":0,"String":"e","Interface":null}}
2025-08-15T22:12:59.788-0500	DEBUG	protocol/handler.go:1591	have processed broadcast	{"{round 20 2  <nil>}": {"Key":"from","Type":15,"Integer":0,"String":"f","Interface":null}}
2025-08-15T22:12:59.788-0500	DEBUG	protocol/handler.go:1600	waiting for broadcasts	{"{round 20 2  <nil>}": {"Key":"missing","Type":15,"Integer":0,"String":"[b g]","Interface":null}}
2025-08-15T22:12:59.788-0500	DEBUG	protocol/handler.go:437	processing message	{"{from 15 0 g <nil>}": {"Key":"to","Type":15,"Integer":0,"String":"","Interface":null}, "{round 20 2  <nil>}": {"Key":"broadcast","Type":4,"Integer":1,"String":"","Interface":null}}
2025-08-15T22:12:59.788-0500	DEBUG	protocol/handler.go:1657	storing broadcast	{"{round 20 2  <nil>}": {"Key":"from","Type":15,"Integer":0,"String":"g","Interface":null}}
2025-08-15T22:12:59.792-0500	DEBUG	protocol/handler.go:581	tryAdvanceRound called	{"{current_round 20 2  <nil>}": {"Key":"self","Type":15,"Integer":0,"String":"b","Interface":null}}
2025-08-15T22:12:59.794-0500	DEBUG	protocol/handler.go:581	tryAdvanceRound called	{"{current_round 20 2  <nil>}": {"Key":"self","Type":15,"Integer":0,"String":"a","Interface":null}}
2025-08-15T22:12:59.794-0500	DEBUG	protocol/handler.go:1591	have processed broadcast	{"{round 20 2  <nil>}": {"Key":"from","Type":15,"Integer":0,"String":"a","Interface":null}}
2025-08-15T22:12:59.794-0500	DEBUG	protocol/handler.go:1591	have processed broadcast	{"{round 20 2  <nil>}": {"Key":"from","Type":15,"Integer":0,"String":"c","Interface":null}}
2025-08-15T22:12:59.794-0500	DEBUG	protocol/handler.go:1591	have processed broadcast	{"{round 20 2  <nil>}": {"Key":"from","Type":15,"Integer":0,"String":"d","Interface":null}}
2025-08-15T22:12:59.794-0500	DEBUG	protocol/handler.go:1591	have processed broadcast	{"{round 20 2  <nil>}": {"Key":"from","Type":15,"Integer":0,"String":"e","Interface":null}}
2025-08-15T22:12:59.794-0500	DEBUG	protocol/handler.go:1600	waiting for broadcasts	{"{round 20 2  <nil>}": {"Key":"missing","Type":15,"Integer":0,"String":"[b g]","Interface":null}}
2025-08-15T22:12:59.797-0500	DEBUG	protocol/handler.go:581	tryAdvanceRound called	{"{current_round 20 2  <nil>}": {"Key":"self","Type":15,"Integer":0,"String":"d","Interface":null}}
2025-08-15T22:12:59.797-0500	DEBUG	protocol/handler.go:1591	have processed broadcast	{"{round 20 2  <nil>}": {"Key":"from","Type":15,"Integer":0,"String":"b","Interface":null}}
2025-08-15T22:12:59.797-0500	DEBUG	protocol/handler.go:1591	have processed broadcast	{"{round 20 2  <nil>}": {"Key":"from","Type":15,"Integer":0,"String":"c","Interface":null}}
2025-08-15T22:12:59.797-0500	DEBUG	protocol/handler.go:1591	have processed broadcast	{"{round 20 2  <nil>}": {"Key":"from","Type":15,"Integer":0,"String":"e","Interface":null}}
2025-08-15T22:12:59.797-0500	DEBUG	protocol/handler.go:1591	have processed broadcast	{"{round 20 2  <nil>}": {"Key":"from","Type":15,"Integer":0,"String":"f","Interface":null}}
2025-08-15T22:12:59.797-0500	DEBUG	protocol/handler.go:1600	waiting for broadcasts	{"{round 20 2  <nil>}": {"Key":"missing","Type":15,"Integer":0,"String":"[a g]","Interface":null}}
2025-08-15T22:12:59.778-0500	DEBUG	protocol/handler.go:1591	have processed broadcast	{"{round 20 2  <nil>}": {"Key":"from","Type":15,"Integer":0,"String":"e","Interface":null}}
2025-08-15T22:12:59.797-0500	DEBUG	protocol/handler.go:1591	have processed broadcast	{"{round 20 2  <nil>}": {"Key":"from","Type":15,"Integer":0,"String":"f","Interface":null}}
2025-08-15T22:12:59.798-0500	DEBUG	protocol/handler.go:1600	waiting for broadcasts	{"{round 20 2  <nil>}": {"Key":"missing","Type":15,"Integer":0,"String":"[a g]","Interface":null}}
2025-08-15T22:12:59.722-0500	DEBUG	protocol/handler.go:437	processing message	{"{from 15 0 a <nil>}": {"Key":"to","Type":15,"Integer":0,"String":"","Interface":null}, "{round 20 2  <nil>}": {"Key":"broadcast","Type":4,"Integer":1,"String":"","Interface":null}}
2025-08-15T22:12:59.798-0500	DEBUG	protocol/handler.go:1657	storing broadcast	{"{round 20 2  <nil>}": {"Key":"from","Type":15,"Integer":0,"String":"a","Interface":null}}
2025-08-15T22:12:59.798-0500	DEBUG	protocol/handler.go:581	tryAdvanceRound called	{"{current_round 20 2  <nil>}": {"Key":"self","Type":15,"Integer":0,"String":"a","Interface":null}}
2025-08-15T22:12:59.799-0500	DEBUG	protocol/handler.go:581	tryAdvanceRound called	{"{current_round 20 2  <nil>}": {"Key":"self","Type":15,"Integer":0,"String":"a","Interface":null}}
2025-08-15T22:12:59.799-0500	DEBUG	protocol/handler.go:1591	have processed broadcast	{"{round 20 2  <nil>}": {"Key":"from","Type":15,"Integer":0,"String":"b","Interface":null}}
2025-08-15T22:12:59.799-0500	DEBUG	protocol/handler.go:1591	have processed broadcast	{"{round 20 2  <nil>}": {"Key":"from","Type":15,"Integer":0,"String":"c","Interface":null}}
2025-08-15T22:12:59.799-0500	DEBUG	protocol/handler.go:1591	have processed broadcast	{"{round 20 2  <nil>}": {"Key":"from","Type":15,"Integer":0,"String":"d","Interface":null}}
2025-08-15T22:12:59.799-0500	DEBUG	protocol/handler.go:1591	have processed broadcast	{"{round 20 2  <nil>}": {"Key":"from","Type":15,"Integer":0,"String":"e","Interface":null}}
2025-08-15T22:12:59.799-0500	DEBUG	protocol/handler.go:1591	have processed broadcast	{"{round 20 2  <nil>}": {"Key":"from","Type":15,"Integer":0,"String":"f","Interface":null}}
2025-08-15T22:12:59.799-0500	DEBUG	protocol/handler.go:1600	waiting for broadcasts	{"{round 20 2  <nil>}": {"Key":"missing","Type":15,"Integer":0,"String":"[g]","Interface":null}}
2025-08-15T22:12:59.799-0500	DEBUG	protocol/handler.go:581	tryAdvanceRound called	{"{current_round 20 2  <nil>}": {"Key":"self","Type":15,"Integer":0,"String":"d","Interface":null}}
2025-08-15T22:12:59.802-0500	DEBUG	protocol/handler.go:1591	have processed broadcast	{"{round 20 2  <nil>}": {"Key":"from","Type":15,"Integer":0,"String":"b","Interface":null}}
2025-08-15T22:12:59.802-0500	DEBUG	protocol/handler.go:1591	have processed broadcast	{"{round 20 2  <nil>}": {"Key":"from","Type":15,"Integer":0,"String":"c","Interface":null}}
2025-08-15T22:12:59.803-0500	DEBUG	protocol/handler.go:1591	have processed broadcast	{"{round 20 2  <nil>}": {"Key":"from","Type":15,"Integer":0,"String":"d","Interface":null}}
2025-08-15T22:12:59.803-0500	DEBUG	protocol/handler.go:1591	have processed broadcast	{"{round 20 2  <nil>}": {"Key":"from","Type":15,"Integer":0,"String":"e","Interface":null}}
2025-08-15T22:12:59.803-0500	DEBUG	protocol/handler.go:1591	have processed broadcast	{"{round 20 2  <nil>}": {"Key":"from","Type":15,"Integer":0,"String":"f","Interface":null}}
2025-08-15T22:12:59.803-0500	DEBUG	protocol/handler.go:1600	waiting for broadcasts	{"{round 20 2  <nil>}": {"Key":"missing","Type":15,"Integer":0,"String":"[g]","Interface":null}}
2025-08-15T22:12:59.803-0500	DEBUG	protocol/handler.go:437	processing message	{"{from 15 0 g <nil>}": {"Key":"to","Type":15,"Integer":0,"String":"","Interface":null}, "{round 20 2  <nil>}": {"Key":"broadcast","Type":4,"Integer":1,"String":"","Interface":null}}
2025-08-15T22:12:59.803-0500	DEBUG	protocol/handler.go:1657	storing broadcast	{"{round 20 2  <nil>}": {"Key":"from","Type":15,"Integer":0,"String":"g","Interface":null}}
2025-08-15T22:12:59.803-0500	DEBUG	protocol/handler.go:437	processing message	{"{from 15 0 g <nil>}": {"Key":"to","Type":15,"Integer":0,"String":"","Interface":null}, "{round 20 2  <nil>}": {"Key":"broadcast","Type":4,"Integer":1,"String":"","Interface":null}}
2025-08-15T22:12:59.803-0500	DEBUG	protocol/handler.go:1657	storing broadcast	{"{round 20 2  <nil>}": {"Key":"from","Type":15,"Integer":0,"String":"g","Interface":null}}
2025-08-15T22:12:59.804-0500	DEBUG	protocol/handler.go:581	tryAdvanceRound called	{"{current_round 20 2  <nil>}": {"Key":"self","Type":15,"Integer":0,"String":"d","Interface":null}}
2025-08-15T22:12:59.806-0500	DEBUG	protocol/handler.go:581	tryAdvanceRound called	{"{current_round 20 2  <nil>}": {"Key":"self","Type":15,"Integer":0,"String":"c","Interface":null}}
2025-08-15T22:12:59.806-0500	DEBUG	protocol/handler.go:1591	have processed broadcast	{"{round 20 2  <nil>}": {"Key":"from","Type":15,"Integer":0,"String":"a","Interface":null}}
2025-08-15T22:12:59.807-0500	DEBUG	protocol/handler.go:1591	have processed broadcast	{"{round 20 2  <nil>}": {"Key":"from","Type":15,"Integer":0,"String":"d","Interface":null}}
2025-08-15T22:12:59.807-0500	DEBUG	protocol/handler.go:1591	have processed broadcast	{"{round 20 2  <nil>}": {"Key":"from","Type":15,"Integer":0,"String":"e","Interface":null}}
2025-08-15T22:12:59.807-0500	DEBUG	protocol/handler.go:1591	have processed broadcast	{"{round 20 2  <nil>}": {"Key":"from","Type":15,"Integer":0,"String":"f","Interface":null}}
2025-08-15T22:12:59.807-0500	DEBUG	protocol/handler.go:1591	have processed broadcast	{"{round 20 2  <nil>}": {"Key":"from","Type":15,"Integer":0,"String":"g","Interface":null}}
2025-08-15T22:12:59.807-0500	DEBUG	protocol/handler.go:1600	waiting for broadcasts	{"{round 20 2  <nil>}": {"Key":"missing","Type":15,"Integer":0,"String":"[b]","Interface":null}}
2025-08-15T22:12:59.722-0500	DEBUG	protocol/handler.go:437	processing message	{"{from 15 0 b <nil>}": {"Key":"to","Type":15,"Integer":0,"String":"","Interface":null}, "{round 20 2  <nil>}": {"Key":"broadcast","Type":4,"Integer":1,"String":"","Interface":null}}
2025-08-15T22:12:59.810-0500	DEBUG	protocol/handler.go:1657	storing broadcast	{"{round 20 2  <nil>}": {"Key":"from","Type":15,"Integer":0,"String":"b","Interface":null}}
2025-08-15T22:12:59.823-0500	DEBUG	protocol/handler.go:437	processing message	{"{from 15 0 g <nil>}": {"Key":"to","Type":15,"Integer":0,"String":"","Interface":null}, "{round 20 2  <nil>}": {"Key":"broadcast","Type":4,"Integer":1,"String":"","Interface":null}}
2025-08-15T22:12:59.823-0500	DEBUG	protocol/handler.go:1657	storing broadcast	{"{round 20 2  <nil>}": {"Key":"from","Type":15,"Integer":0,"String":"g","Interface":null}}
2025-08-15T22:12:59.815-0500	DEBUG	protocol/handler.go:437	processing message	{"{from 15 0 g <nil>}": {"Key":"to","Type":15,"Integer":0,"String":"","Interface":null}, "{round 20 2  <nil>}": {"Key":"broadcast","Type":4,"Integer":1,"String":"","Interface":null}}
2025-08-15T22:12:59.824-0500	DEBUG	protocol/handler.go:1657	storing broadcast	{"{round 20 2  <nil>}": {"Key":"from","Type":15,"Integer":0,"String":"g","Interface":null}}
2025-08-15T22:12:59.722-0500	DEBUG	protocol/handler.go:581	tryAdvanceRound called	{"{current_round 20 2  <nil>}": {"Key":"self","Type":15,"Integer":0,"String":"e","Interface":null}}
2025-08-15T22:12:59.826-0500	DEBUG	protocol/handler.go:1591	have processed broadcast	{"{round 20 2  <nil>}": {"Key":"from","Type":15,"Integer":0,"String":"c","Interface":null}}
2025-08-15T22:12:59.826-0500	DEBUG	protocol/handler.go:581	tryAdvanceRound called	{"{current_round 20 2  <nil>}": {"Key":"self","Type":15,"Integer":0,"String":"a","Interface":null}}
2025-08-15T22:12:59.826-0500	DEBUG	protocol/handler.go:1591	have processed broadcast	{"{round 20 2  <nil>}": {"Key":"from","Type":15,"Integer":0,"String":"f","Interface":null}}
2025-08-15T22:12:59.827-0500	DEBUG	protocol/handler.go:1600	waiting for broadcasts	{"{round 20 2  <nil>}": {"Key":"missing","Type":15,"Integer":0,"String":"[a b d g]","Interface":null}}
2025-08-15T22:12:59.827-0500	DEBUG	protocol/handler.go:581	tryAdvanceRound called	{"{current_round 20 2  <nil>}": {"Key":"self","Type":15,"Integer":0,"String":"e","Interface":null}}
2025-08-15T22:12:59.827-0500	DEBUG	protocol/handler.go:1591	have processed broadcast	{"{round 20 2  <nil>}": {"Key":"from","Type":15,"Integer":0,"String":"c","Interface":null}}
2025-08-15T22:12:59.827-0500	DEBUG	protocol/handler.go:1591	have processed broadcast	{"{round 20 2  <nil>}": {"Key":"from","Type":15,"Integer":0,"String":"f","Interface":null}}
2025-08-15T22:12:59.827-0500	DEBUG	protocol/handler.go:1600	waiting for broadcasts	{"{round 20 2  <nil>}": {"Key":"missing","Type":15,"Integer":0,"String":"[a b d g]","Interface":null}}
2025-08-15T22:12:59.827-0500	DEBUG	protocol/handler.go:581	tryAdvanceRound called	{"{current_round 20 2  <nil>}": {"Key":"self","Type":15,"Integer":0,"String":"d","Interface":null}}
2025-08-15T22:12:59.832-0500	DEBUG	protocol/handler.go:581	tryAdvanceRound called	{"{current_round 20 2  <nil>}": {"Key":"self","Type":15,"Integer":0,"String":"b","Interface":null}}
2025-08-15T22:12:59.833-0500	DEBUG	protocol/handler.go:1591	have processed broadcast	{"{round 20 2  <nil>}": {"Key":"from","Type":15,"Integer":0,"String":"a","Interface":null}}
2025-08-15T22:12:59.833-0500	DEBUG	protocol/handler.go:1591	have processed broadcast	{"{round 20 2  <nil>}": {"Key":"from","Type":15,"Integer":0,"String":"c","Interface":null}}
2025-08-15T22:12:59.833-0500	DEBUG	protocol/handler.go:1591	have processed broadcast	{"{round 20 2  <nil>}": {"Key":"from","Type":15,"Integer":0,"String":"e","Interface":null}}
2025-08-15T22:12:59.833-0500	DEBUG	protocol/handler.go:1591	have processed broadcast	{"{round 20 2  <nil>}": {"Key":"from","Type":15,"Integer":0,"String":"f","Interface":null}}
2025-08-15T22:12:59.833-0500	DEBUG	protocol/handler.go:1591	have processed broadcast	{"{round 20 2  <nil>}": {"Key":"from","Type":15,"Integer":0,"String":"g","Interface":null}}
2025-08-15T22:12:59.833-0500	DEBUG	protocol/handler.go:1600	waiting for broadcasts	{"{round 20 2  <nil>}": {"Key":"missing","Type":15,"Integer":0,"String":"[d]","Interface":null}}
2025-08-15T22:12:59.833-0500	DEBUG	protocol/handler.go:581	tryAdvanceRound called	{"{current_round 20 2  <nil>}": {"Key":"self","Type":15,"Integer":0,"String":"b","Interface":null}}
2025-08-15T22:12:59.833-0500	DEBUG	protocol/handler.go:1591	have processed broadcast	{"{round 20 2  <nil>}": {"Key":"from","Type":15,"Integer":0,"String":"a","Interface":null}}
2025-08-15T22:12:59.833-0500	DEBUG	protocol/handler.go:1591	have processed broadcast	{"{round 20 2  <nil>}": {"Key":"from","Type":15,"Integer":0,"String":"c","Interface":null}}
2025-08-15T22:12:59.834-0500	DEBUG	protocol/handler.go:1591	have processed broadcast	{"{round 20 2  <nil>}": {"Key":"from","Type":15,"Integer":0,"String":"e","Interface":null}}
2025-08-15T22:12:59.834-0500	DEBUG	protocol/handler.go:1591	have processed broadcast	{"{round 20 2  <nil>}": {"Key":"from","Type":15,"Integer":0,"String":"f","Interface":null}}
2025-08-15T22:12:59.834-0500	DEBUG	protocol/handler.go:1591	have processed broadcast	{"{round 20 2  <nil>}": {"Key":"from","Type":15,"Integer":0,"String":"g","Interface":null}}
==================
WARNING: DATA RACE
Write at 0x00c0000b943c by goroutine 2893:
  ??()
      -:0 +0x104ada650
  sync/atomic.CompareAndSwapInt32()
      <autogenerated>:1 +0x18
  sync.(*Mutex).Lock()
      /opt/homebrew/Cellar/go/1.24.6/libexec/src/sync/mutex.go:46 +0x2c
  github.com/luxfi/threshold/protocols/frost/keygen.(*round2).StoreBroadcastMessage()
      /Users/z/work/lux/threshold/protocols/frost/keygen/round2.go:57 +0x58
  github.com/luxfi/threshold/pkg/protocol.(*Handler).verifyBroadcastForRound()
      /Users/z/work/lux/threshold/pkg/protocol/handler.go:1277 +0x3a0
  github.com/luxfi/threshold/pkg/protocol.(*Handler).retryUnprocessedMessages()
      /Users/z/work/lux/threshold/pkg/protocol/handler.go:1483 +0x22c
  github.com/luxfi/threshold/pkg/protocol.(*Handler).tryAdvanceRound()
      /Users/z/work/lux/threshold/pkg/protocol/handler.go:587 +0x28c
  github.com/luxfi/threshold/pkg/protocol.(*Handler).processMessage()
      /Users/z/work/lux/threshold/pkg/protocol/handler.go:486 +0xbb0
  github.com/luxfi/threshold/pkg/protocol.(*Handler).messageWorker()
      /Users/z/work/lux/threshold/pkg/protocol/handler.go:408 +0x338
  github.com/luxfi/threshold/pkg/protocol.(*Handler).startWorkers.gowrap2()
      /Users/z/work/lux/threshold/pkg/protocol/handler.go:361 +0x44

Previous read at 0x00c0000b9438 by goroutine 2895:
  github.com/luxfi/threshold/protocols/frost/keygen.(*round2).Number()
      <autogenerated>:1 +0x38
  github.com/luxfi/threshold/pkg/protocol.(*Handler).hasAllMessages()
      /Users/z/work/lux/threshold/pkg/protocol/handler.go:1570 +0x40
  github.com/luxfi/threshold/pkg/protocol.(*Handler).tryAdvanceRound()
      /Users/z/work/lux/threshold/pkg/protocol/handler.go:589 +0x29c
  github.com/luxfi/threshold/pkg/protocol.(*Handler).roundProcessor()
      /Users/z/work/lux/threshold/pkg/protocol/handler.go:569 +0xb4
  github.com/luxfi/threshold/pkg/protocol.(*Handler).startWorkers.func1()
      /Users/z/work/lux/threshold/pkg/protocol/handler.go:374 +0x78

Goroutine 2893 (running) created at:
  github.com/luxfi/threshold/pkg/protocol.(*Handler).startWorkers()
      /Users/z/work/lux/threshold/pkg/protocol/handler.go:361 +0x334
  github.com/luxfi/threshold/pkg/protocol.NewHandler()
      /Users/z/work/lux/threshold/pkg/protocol/handler.go:247 +0xf10
  github.com/luxfi/threshold/internal/test.(*Harness).CreateHandler()
      /Users/z/work/lux/threshold/internal/test/harness.go:91 +0x2e4
  github.com/luxfi/threshold/internal/test.RunProtocol()
      /Users/z/work/lux/threshold/internal/test/harness.go:270 +0x230
  github.com/luxfi/threshold/protocols/frost_test.TestFROSTKeygenAndSign.(*KeygenAndSign).Run.func11()
      /Users/z/work/lux/threshold/internal/test/protocol_helpers.go:97 +0x150
  testing.tRunner()
      /opt/homebrew/Cellar/go/1.24.6/libexec/src/testing/testing.go:1792 +0x180
  testing.(*T).Run.gowrap1()
      /opt/homebrew/Cellar/go/1.24.6/libexec/src/testing/testing.go:1851 +0x40

Goroutine 2895 (running) created at:
  github.com/luxfi/threshold/pkg/protocol.(*Handler).startWorkers()
      /Users/z/work/lux/threshold/pkg/protocol/handler.go:372 +0x4fc
  github.com/luxfi/threshold/pkg/protocol.NewHandler()
      /Users/z/work/lux/threshold/pkg/protocol/handler.go:247 +0xf10
  github.com/luxfi/threshold/internal/test.(*Harness).CreateHandler()
      /Users/z/work/lux/threshold/internal/test/harness.go:91 +0x2e4
  github.com/luxfi/threshold/internal/test.RunProtocol()
      /Users/z/work/lux/threshold/internal/test/harness.go:270 +0x230
  github.com/luxfi/threshold/protocols/frost_test.TestFROSTKeygenAndSign.(*KeygenAndSign).Run.func11()
      /Users/z/work/lux/threshold/internal/test/protocol_helpers.go:97 +0x150
  testing.tRunner()
      /opt/homebrew/Cellar/go/1.24.6/libexec/src/testing/testing.go:1792 +0x180
  testing.(*T).Run.gowrap1()
      /opt/homebrew/Cellar/go/1.24.6/libexec/src/testing/testing.go:1851 +0x40
==================
2025-08-15T22:12:59.834-0500	DEBUG	protocol/handler.go:1591	have processed broadcast	{"{round 20 2  <nil>}": {"Key":"from","Type":15,"Integer":0,"String":"b","Interface":null}}
2025-08-15T22:12:59.723-0500	INFO	protocol/handler.go:560	advanced to round
2025-08-15T22:12:59.834-0500	DEBUG	protocol/handler.go:1591	have processed broadcast	{"{round 20 2  <nil>}": {"Key":"from","Type":15,"Integer":0,"String":"c","Interface":null}}
2025-08-15T22:12:59.834-0500	DEBUG	protocol/handler.go:1600	waiting for broadcasts	{"{round 20 2  <nil>}": {"Key":"missing","Type":15,"Integer":0,"String":"[d]","Interface":null}}
2025-08-15T22:12:59.834-0500	DEBUG	protocol/handler.go:1591	have processed broadcast	{"{round 20 2  <nil>}": {"Key":"from","Type":15,"Integer":0,"String":"d","Interface":null}}
2025-08-15T22:12:59.834-0500	DEBUG	protocol/handler.go:581	tryAdvanceRound called	{"{current_round 20 2  <nil>}": {"Key":"self","Type":15,"Integer":0,"String":"c","Interface":null}}
2025-08-15T22:12:59.834-0500	DEBUG	protocol/handler.go:1591	have processed broadcast	{"{round 20 2  <nil>}": {"Key":"from","Type":15,"Integer":0,"String":"e","Interface":null}}
2025-08-15T22:12:59.835-0500	DEBUG	protocol/handler.go:1591	have processed broadcast	{"{round 20 2  <nil>}": {"Key":"from","Type":15,"Integer":0,"String":"f","Interface":null}}
2025-08-15T22:12:59.835-0500	DEBUG	protocol/handler.go:1591	have processed broadcast	{"{round 20 2  <nil>}": {"Key":"from","Type":15,"Integer":0,"String":"g","Interface":null}}
2025-08-15T22:12:59.835-0500	DEBUG	protocol/handler.go:1649	have all messages and processed	{"{round 20 2  <nil>}": {"Key":"self","Type":15,"Integer":0,"String":"a","Interface":null}}
2025-08-15T22:12:59.835-0500	DEBUG	protocol/handler.go:619	finalizing round
2025-08-15T22:12:59.836-0500	DEBUG	protocol/handler.go:1039	sendRoundMessage	{"{from 15 0 a <nil>}": {"Key":"to","Type":15,"Integer":0,"String":"","Interface":null}, "{round 20 3  <nil>}": {"Key":"broadcast","Type":4,"Integer":1,"String":"","Interface":null}}
2025-08-15T22:12:59.836-0500	DEBUG	protocol/handler.go:1657	storing broadcast	{"{round 20 3  <nil>}": {"Key":"from","Type":15,"Integer":0,"String":"a","Interface":null}}
2025-08-15T22:12:59.836-0500	DEBUG	protocol/handler.go:1081	sent message to output channel	{"{from 15 0 a <nil>}": {"Key":"to","Type":15,"Integer":0,"String":"","Interface":null}, "{round 20 3  <nil>}": {"Key":"broadcast","Type":4,"Integer":1,"String":"","Interface":null}}
2025-08-15T22:12:59.836-0500	DEBUG	protocol/handler.go:1039	sendRoundMessage	{"{from 15 0 a <nil>}": {"Key":"to","Type":15,"Integer":0,"String":"b","Interface":null}, "{round 20 3  <nil>}": {"Key":"broadcast","Type":4,"Integer":0,"String":"","Interface":null}}
2025-08-15T22:12:59.836-0500	DEBUG	protocol/handler.go:1081	sent message to output channel	{"{from 15 0 a <nil>}": {"Key":"to","Type":15,"Integer":0,"String":"b","Interface":null}, "{round 20 3  <nil>}": {"Key":"broadcast","Type":4,"Integer":0,"String":"","Interface":null}}
2025-08-15T22:12:59.836-0500	DEBUG	protocol/handler.go:1039	sendRoundMessage	{"{from 15 0 a <nil>}": {"Key":"to","Type":15,"Integer":0,"String":"c","Interface":null}, "{round 20 3  <nil>}": {"Key":"broadcast","Type":4,"Integer":0,"String":"","Interface":null}}
2025-08-15T22:12:59.836-0500	DEBUG	protocol/handler.go:1081	sent message to output channel	{"{from 15 0 a <nil>}": {"Key":"to","Type":15,"Integer":0,"String":"c","Interface":null}, "{round 20 3  <nil>}": {"Key":"broadcast","Type":4,"Integer":0,"String":"","Interface":null}}
2025-08-15T22:12:59.836-0500	DEBUG	protocol/handler.go:1039	sendRoundMessage	{"{from 15 0 a <nil>}": {"Key":"to","Type":15,"Integer":0,"String":"d","Interface":null}, "{round 20 3  <nil>}": {"Key":"broadcast","Type":4,"Integer":0,"String":"","Interface":null}}
2025-08-15T22:12:59.836-0500	DEBUG	protocol/handler.go:1081	sent message to output channel	{"{from 15 0 a <nil>}": {"Key":"to","Type":15,"Integer":0,"String":"d","Interface":null}, "{round 20 3  <nil>}": {"Key":"broadcast","Type":4,"Integer":0,"String":"","Interface":null}}
2025-08-15T22:12:59.836-0500	DEBUG	protocol/handler.go:1039	sendRoundMessage	{"{from 15 0 a <nil>}": {"Key":"to","Type":15,"Integer":0,"String":"e","Interface":null}, "{round 20 3  <nil>}": {"Key":"broadcast","Type":4,"Integer":0,"String":"","Interface":null}}
2025-08-15T22:12:59.836-0500	DEBUG	protocol/handler.go:1081	sent message to output channel	{"{from 15 0 a <nil>}": {"Key":"to","Type":15,"Integer":0,"String":"e","Interface":null}, "{round 20 3  <nil>}": {"Key":"broadcast","Type":4,"Integer":0,"String":"","Interface":null}}
2025-08-15T22:12:59.836-0500	DEBUG	protocol/handler.go:1039	sendRoundMessage	{"{from 15 0 a <nil>}": {"Key":"to","Type":15,"Integer":0,"String":"f","Interface":null}, "{round 20 3  <nil>}": {"Key":"broadcast","Type":4,"Integer":0,"String":"","Interface":null}}
2025-08-15T22:12:59.836-0500	DEBUG	protocol/handler.go:1081	sent message to output channel	{"{from 15 0 a <nil>}": {"Key":"to","Type":15,"Integer":0,"String":"f","Interface":null}, "{round 20 3  <nil>}": {"Key":"broadcast","Type":4,"Integer":0,"String":"","Interface":null}}
2025-08-15T22:12:59.836-0500	DEBUG	protocol/handler.go:1039	sendRoundMessage	{"{from 15 0 a <nil>}": {"Key":"to","Type":15,"Integer":0,"String":"g","Interface":null}, "{round 20 3  <nil>}": {"Key":"broadcast","Type":4,"Integer":0,"String":"","Interface":null}}
2025-08-15T22:12:59.836-0500	DEBUG	protocol/handler.go:1081	sent message to output channel	{"{from 15 0 a <nil>}": {"Key":"to","Type":15,"Integer":0,"String":"g","Interface":null}, "{round 20 3  <nil>}": {"Key":"broadcast","Type":4,"Integer":0,"String":"","Interface":null}}
2025-08-15T22:12:59.837-0500	DEBUG	protocol/handler.go:1182	finalized round messages	{"{round 20 2  <nil>}": {"Key":"messages","Type":11,"Integer":7,"String":"","Interface":null}}
2025-08-15T22:12:59.837-0500	DEBUG	protocol/handler.go:1239	finalize returned next round	{"{current 20 2  <nil>}": {"Key":"next","Type":20,"Integer":3,"String":"","Interface":null}}
2025-08-15T22:12:59.837-0500	INFO	protocol/handler.go:642	storing new currentRound	{"{from 20 2  <nil>}": {"Key":"to","Type":20,"Integer":3,"String":"","Interface":null}}
2025-08-15T22:12:59.837-0500	DEBUG	protocol/handler.go:1503	processing queued messages
2025-08-15T22:12:59.837-0500	INFO	protocol/handler.go:560	advanced to round
2025-08-15T22:12:59.837-0500	DEBUG	protocol/handler.go:581	tryAdvanceRound called	{"{current_round 20 3  <nil>}": {"Key":"self","Type":15,"Integer":0,"String":"a","Interface":null}}
2025-08-15T22:12:59.839-0500	DEBUG	protocol/handler.go:1591	have processed broadcast	{"{round 20 2  <nil>}": {"Key":"from","Type":15,"Integer":0,"String":"a","Interface":null}}
2025-08-15T22:12:59.840-0500	DEBUG	protocol/handler.go:1591	have processed broadcast	{"{round 20 2  <nil>}": {"Key":"from","Type":15,"Integer":0,"String":"c","Interface":null}}
2025-08-15T22:12:59.840-0500	DEBUG	protocol/handler.go:1591	have processed broadcast	{"{round 20 2  <nil>}": {"Key":"from","Type":15,"Integer":0,"String":"e","Interface":null}}
2025-08-15T22:12:59.840-0500	DEBUG	protocol/handler.go:1591	have processed broadcast	{"{round 20 2  <nil>}": {"Key":"from","Type":15,"Integer":0,"String":"f","Interface":null}}
2025-08-15T22:12:59.840-0500	DEBUG	protocol/handler.go:1591	have processed broadcast	{"{round 20 2  <nil>}": {"Key":"from","Type":15,"Integer":0,"String":"a","Interface":null}}
2025-08-15T22:12:59.840-0500	DEBUG	protocol/handler.go:1591	have processed broadcast	{"{round 20 2  <nil>}": {"Key":"from","Type":15,"Integer":0,"String":"g","Interface":null}}
2025-08-15T22:12:59.840-0500	DEBUG	protocol/handler.go:1600	waiting for broadcasts	{"{round 20 2  <nil>}": {"Key":"missing","Type":15,"Integer":0,"String":"[d]","Interface":null}}
2025-08-15T22:12:59.840-0500	DEBUG	protocol/handler.go:1591	have processed broadcast	{"{round 20 2  <nil>}": {"Key":"from","Type":15,"Integer":0,"String":"d","Interface":null}}
2025-08-15T22:12:59.840-0500	DEBUG	protocol/handler.go:1591	have processed broadcast	{"{round 20 2  <nil>}": {"Key":"from","Type":15,"Integer":0,"String":"e","Interface":null}}
2025-08-15T22:12:59.840-0500	DEBUG	protocol/handler.go:437	processing message	{"{from 15 0 g <nil>}": {"Key":"to","Type":15,"Integer":0,"String":"","Interface":null}, "{round 20 2  <nil>}": {"Key":"broadcast","Type":4,"Integer":1,"String":"","Interface":null}}
2025-08-15T22:12:59.840-0500	DEBUG	protocol/handler.go:1591	have processed broadcast	{"{round 20 2  <nil>}": {"Key":"from","Type":15,"Integer":0,"String":"f","Interface":null}}
2025-08-15T22:12:59.840-0500	DEBUG	protocol/handler.go:1657	storing broadcast	{"{round 20 2  <nil>}": {"Key":"from","Type":15,"Integer":0,"String":"g","Interface":null}}
2025-08-15T22:12:59.840-0500	DEBUG	protocol/handler.go:1591	have processed broadcast	{"{round 20 2  <nil>}": {"Key":"from","Type":15,"Integer":0,"String":"g","Interface":null}}
2025-08-15T22:12:59.840-0500	DEBUG	protocol/handler.go:1608	waiting for broadcast processing	{"{round 20 2  <nil>}": {"Key":"unprocessed","Type":15,"Integer":0,"String":"[b]","Interface":null}}
==================
WARNING: DATA RACE
Write at 0x00c000a6391c by goroutine 2865:
  ??()
      -:0 +0x104ad5eb0
  sync/atomic.AddInt32()
      <autogenerated>:1 +0x14
  sync.(*Mutex).Unlock()
      /opt/homebrew/Cellar/go/1.24.6/libexec/src/sync/mutex.go:65 +0x2c
  github.com/luxfi/threshold/protocols/frost/keygen.(*round2).StoreBroadcastMessage()
      /Users/z/work/lux/threshold/protocols/frost/keygen/round2.go:59 +0x634
  github.com/luxfi/threshold/pkg/protocol.(*Handler).verifyBroadcastForRound()
      /Users/z/work/lux/threshold/pkg/protocol/handler.go:1277 +0x3a0
  github.com/luxfi/threshold/pkg/protocol.(*Handler).retryUnprocessedMessages()
      /Users/z/work/lux/threshold/pkg/protocol/handler.go:1483 +0x22c
  github.com/luxfi/threshold/pkg/protocol.(*Handler).tryAdvanceRound()
      /Users/z/work/lux/threshold/pkg/protocol/handler.go:587 +0x28c
  github.com/luxfi/threshold/pkg/protocol.(*Handler).processMessage()
      /Users/z/work/lux/threshold/pkg/protocol/handler.go:486 +0xbb0
  github.com/luxfi/threshold/pkg/protocol.(*Handler).messageWorker()
      /Users/z/work/lux/threshold/pkg/protocol/handler.go:408 +0x338
  github.com/luxfi/threshold/pkg/protocol.(*Handler).startWorkers.gowrap2()
      /Users/z/work/lux/threshold/pkg/protocol/handler.go:361 +0x44

Previous read at 0x00c000a63918 by goroutine 2868:
  github.com/luxfi/threshold/protocols/frost/keygen.(*round2).Number()
      <autogenerated>:1 +0x38
  github.com/luxfi/threshold/pkg/protocol.(*Handler).tryAdvanceRound()
      /Users/z/work/lux/threshold/pkg/protocol/handler.go:648 +0xe6c
  github.com/luxfi/threshold/pkg/protocol.(*Handler).roundProcessor()
      /Users/z/work/lux/threshold/pkg/protocol/handler.go:569 +0xb4
  github.com/luxfi/threshold/pkg/protocol.(*Handler).startWorkers.func1()
      /Users/z/work/lux/threshold/pkg/protocol/handler.go:374 +0x78

Goroutine 2865 (running) created at:
  github.com/luxfi/threshold/pkg/protocol.(*Handler).startWorkers()
      /Users/z/work/lux/threshold/pkg/protocol/handler.go:361 +0x334
  github.com/luxfi/threshold/pkg/protocol.NewHandler()
      /Users/z/work/lux/threshold/pkg/protocol/handler.go:247 +0xf10
  github.com/luxfi/threshold/internal/test.(*Harness).CreateHandler()
      /Users/z/work/lux/threshold/internal/test/harness.go:91 +0x2e4
  github.com/luxfi/threshold/internal/test.RunProtocol()
      /Users/z/work/lux/threshold/internal/test/harness.go:270 +0x230
  github.com/luxfi/threshold/protocols/frost_test.TestFROSTKeygenAndSign.(*KeygenAndSign).Run.func11()
      /Users/z/work/lux/threshold/internal/test/protocol_helpers.go:97 +0x150
  testing.tRunner()
      /opt/homebrew/Cellar/go/1.24.6/libexec/src/testing/testing.go:1792 +0x180
  testing.(*T).Run.gowrap1()
      /opt/homebrew/Cellar/go/1.24.6/libexec/src/testing/testing.go:1851 +0x40

Goroutine 2868 (running) created at:
  github.com/luxfi/threshold/pkg/protocol.(*Handler).startWorkers()
      /Users/z/work/lux/threshold/pkg/protocol/handler.go:372 +0x4fc
  github.com/luxfi/threshold/pkg/protocol.NewHandler()
      /Users/z/work/lux/threshold/pkg/protocol/handler.go:247 +0xf10
  github.com/luxfi/threshold/internal/test.(*Harness).CreateHandler()
      /Users/z/work/lux/threshold/internal/test/harness.go:91 +0x2e4
  github.com/luxfi/threshold/internal/test.RunProtocol()
      /Users/z/work/lux/threshold/internal/test/harness.go:270 +0x230
  github.com/luxfi/threshold/protocols/frost_test.TestFROSTKeygenAndSign.(*KeygenAndSign).Run.func11()
      /Users/z/work/lux/threshold/internal/test/protocol_helpers.go:97 +0x150
  testing.tRunner()
      /opt/homebrew/Cellar/go/1.24.6/libexec/src/testing/testing.go:1792 +0x180
  testing.(*T).Run.gowrap1()
      /opt/homebrew/Cellar/go/1.24.6/libexec/src/testing/testing.go:1851 +0x40
==================
2025-08-15T22:12:59.850-0500	DEBUG	protocol/handler.go:1591	have processed broadcast	{"{round 20 2  <nil>}": {"Key":"from","Type":15,"Integer":0,"String":"b","Interface":null}}
2025-08-15T22:12:59.850-0500	DEBUG	protocol/handler.go:1591	have processed broadcast	{"{round 20 2  <nil>}": {"Key":"from","Type":15,"Integer":0,"String":"c","Interface":null}}
2025-08-15T22:12:59.850-0500	DEBUG	protocol/handler.go:1591	have processed broadcast	{"{round 20 2  <nil>}": {"Key":"from","Type":15,"Integer":0,"String":"d","Interface":null}}
2025-08-15T22:12:59.850-0500	DEBUG	protocol/handler.go:1591	have processed broadcast	{"{round 20 2  <nil>}": {"Key":"from","Type":15,"Integer":0,"String":"e","Interface":null}}
2025-08-15T22:12:59.850-0500	DEBUG	protocol/handler.go:1591	have processed broadcast	{"{round 20 2  <nil>}": {"Key":"from","Type":15,"Integer":0,"String":"f","Interface":null}}
2025-08-15T22:12:59.850-0500	DEBUG	protocol/handler.go:1591	have processed broadcast	{"{round 20 2  <nil>}": {"Key":"from","Type":15,"Integer":0,"String":"g","Interface":null}}
2025-08-15T22:12:59.850-0500	DEBUG	protocol/handler.go:1649	have all messages and processed	{"{round 20 2  <nil>}": {"Key":"self","Type":15,"Integer":0,"String":"a","Interface":null}}
2025-08-15T22:12:59.850-0500	DEBUG	protocol/handler.go:596	round already finalized
2025-08-15T22:12:59.850-0500	DEBUG	protocol/handler.go:600	current round already advanced	{"{checking 20 2  <nil>}": {"Key":"current","Type":20,"Integer":3,"String":"","Interface":null}}
2025-08-15T22:12:59.850-0500	DEBUG	protocol/handler.go:581	tryAdvanceRound called	{"{current_round 20 2  <nil>}": {"Key":"self","Type":15,"Integer":0,"String":"b","Interface":null}}
2025-08-15T22:12:59.850-0500	DEBUG	protocol/handler.go:1591	have processed broadcast	{"{round 20 2  <nil>}": {"Key":"from","Type":15,"Integer":0,"String":"a","Interface":null}}
2025-08-15T22:12:59.851-0500	DEBUG	protocol/handler.go:1591	have processed broadcast	{"{round 20 2  <nil>}": {"Key":"from","Type":15,"Integer":0,"String":"c","Interface":null}}
2025-08-15T22:12:59.851-0500	DEBUG	protocol/handler.go:1591	have processed broadcast	{"{round 20 2  <nil>}": {"Key":"from","Type":15,"Integer":0,"String":"e","Interface":null}}
2025-08-15T22:12:59.851-0500	DEBUG	protocol/handler.go:1591	have processed broadcast	{"{round 20 2  <nil>}": {"Key":"from","Type":15,"Integer":0,"String":"f","Interface":null}}
2025-08-15T22:12:59.851-0500	DEBUG	protocol/handler.go:1591	have processed broadcast	{"{round 20 2  <nil>}": {"Key":"from","Type":15,"Integer":0,"String":"g","Interface":null}}
2025-08-15T22:12:59.851-0500	DEBUG	protocol/handler.go:1600	waiting for broadcasts	{"{round 20 2  <nil>}": {"Key":"missing","Type":15,"Integer":0,"String":"[d]","Interface":null}}
2025-08-15T22:12:59.722-0500	DEBUG	protocol/handler.go:437	processing message	{"{from 15 0 d <nil>}": {"Key":"to","Type":15,"Integer":0,"String":"","Interface":null}, "{round 20 2  <nil>}": {"Key":"broadcast","Type":4,"Integer":1,"String":"","Interface":null}}
2025-08-15T22:12:59.851-0500	DEBUG	protocol/handler.go:581	tryAdvanceRound called	{"{current_round 20 2  <nil>}": {"Key":"self","Type":15,"Integer":0,"String":"b","Interface":null}}
2025-08-15T22:12:59.851-0500	DEBUG	protocol/handler.go:1657	storing broadcast	{"{round 20 2  <nil>}": {"Key":"from","Type":15,"Integer":0,"String":"d","Interface":null}}
2025-08-15T22:12:59.851-0500	DEBUG	protocol/handler.go:1591	have processed broadcast	{"{round 20 2  <nil>}": {"Key":"from","Type":15,"Integer":0,"String":"a","Interface":null}}
2025-08-15T22:12:59.851-0500	DEBUG	protocol/handler.go:1591	have processed broadcast	{"{round 20 2  <nil>}": {"Key":"from","Type":15,"Integer":0,"String":"c","Interface":null}}
2025-08-15T22:12:59.851-0500	DEBUG	protocol/handler.go:1591	have processed broadcast	{"{round 20 2  <nil>}": {"Key":"from","Type":15,"Integer":0,"String":"e","Interface":null}}
2025-08-15T22:12:59.851-0500	DEBUG	protocol/handler.go:1591	have processed broadcast	{"{round 20 2  <nil>}": {"Key":"from","Type":15,"Integer":0,"String":"f","Interface":null}}
2025-08-15T22:12:59.851-0500	DEBUG	protocol/handler.go:1591	have processed broadcast	{"{round 20 2  <nil>}": {"Key":"from","Type":15,"Integer":0,"String":"g","Interface":null}}
2025-08-15T22:12:59.851-0500	DEBUG	protocol/handler.go:1600	waiting for broadcasts	{"{round 20 2  <nil>}": {"Key":"missing","Type":15,"Integer":0,"String":"[d]","Interface":null}}
2025-08-15T22:12:59.837-0500	DEBUG	protocol/handler.go:1600	waiting for broadcasts	{"{round 20 3  <nil>}": {"Key":"missing","Type":15,"Integer":0,"String":"[b c d e f g]","Interface":null}}
2025-08-15T22:12:59.857-0500	DEBUG	protocol/handler.go:581	tryAdvanceRound called	{"{current_round 20 3  <nil>}": {"Key":"self","Type":15,"Integer":0,"String":"a","Interface":null}}
2025-08-15T22:12:59.858-0500	DEBUG	protocol/handler.go:1600	waiting for broadcasts	{"{round 20 3  <nil>}": {"Key":"missing","Type":15,"Integer":0,"String":"[b c d e f g]","Interface":null}}
2025-08-15T22:12:59.859-0500	DEBUG	protocol/handler.go:581	tryAdvanceRound called	{"{current_round 20 2  <nil>}": {"Key":"self","Type":15,"Integer":0,"String":"c","Interface":null}}
2025-08-15T22:12:59.859-0500	DEBUG	protocol/handler.go:1591	have processed broadcast	{"{round 20 2  <nil>}": {"Key":"from","Type":15,"Integer":0,"String":"a","Interface":null}}
2025-08-15T22:12:59.859-0500	DEBUG	protocol/handler.go:1591	have processed broadcast	{"{round 20 2  <nil>}": {"Key":"from","Type":15,"Integer":0,"String":"b","Interface":null}}
2025-08-15T22:12:59.859-0500	DEBUG	protocol/handler.go:1591	have processed broadcast	{"{round 20 2  <nil>}": {"Key":"from","Type":15,"Integer":0,"String":"d","Interface":null}}
2025-08-15T22:12:59.859-0500	DEBUG	protocol/handler.go:1591	have processed broadcast	{"{round 20 2  <nil>}": {"Key":"from","Type":15,"Integer":0,"String":"e","Interface":null}}
2025-08-15T22:12:59.859-0500	DEBUG	protocol/handler.go:1591	have processed broadcast	{"{round 20 2  <nil>}": {"Key":"from","Type":15,"Integer":0,"String":"f","Interface":null}}
2025-08-15T22:12:59.859-0500	DEBUG	protocol/handler.go:1591	have processed broadcast	{"{round 20 2  <nil>}": {"Key":"from","Type":15,"Integer":0,"String":"g","Interface":null}}
2025-08-15T22:12:59.859-0500	DEBUG	protocol/handler.go:1649	have all messages and processed	{"{round 20 2  <nil>}": {"Key":"self","Type":15,"Integer":0,"String":"c","Interface":null}}
2025-08-15T22:12:59.859-0500	DEBUG	protocol/handler.go:619	finalizing round
2025-08-15T22:12:59.860-0500	DEBUG	protocol/handler.go:1039	sendRoundMessage	{"{from 15 0 c <nil>}": {"Key":"to","Type":15,"Integer":0,"String":"","Interface":null}, "{round 20 3  <nil>}": {"Key":"broadcast","Type":4,"Integer":1,"String":"","Interface":null}}
2025-08-15T22:12:59.860-0500	DEBUG	protocol/handler.go:1657	storing broadcast	{"{round 20 3  <nil>}": {"Key":"from","Type":15,"Integer":0,"String":"c","Interface":null}}
2025-08-15T22:12:59.860-0500	DEBUG	protocol/handler.go:1081	sent message to output channel	{"{from 15 0 c <nil>}": {"Key":"to","Type":15,"Integer":0,"String":"","Interface":null}, "{round 20 3  <nil>}": {"Key":"broadcast","Type":4,"Integer":1,"String":"","Interface":null}}
2025-08-15T22:12:59.860-0500	DEBUG	protocol/handler.go:1039	sendRoundMessage	{"{from 15 0 c <nil>}": {"Key":"to","Type":15,"Integer":0,"String":"a","Interface":null}, "{round 20 3  <nil>}": {"Key":"broadcast","Type":4,"Integer":0,"String":"","Interface":null}}
2025-08-15T22:12:59.860-0500	DEBUG	protocol/handler.go:1081	sent message to output channel	{"{from 15 0 c <nil>}": {"Key":"to","Type":15,"Integer":0,"String":"a","Interface":null}, "{round 20 3  <nil>}": {"Key":"broadcast","Type":4,"Integer":0,"String":"","Interface":null}}
2025-08-15T22:12:59.860-0500	DEBUG	protocol/handler.go:1039	sendRoundMessage	{"{from 15 0 c <nil>}": {"Key":"to","Type":15,"Integer":0,"String":"b","Interface":null}, "{round 20 3  <nil>}": {"Key":"broadcast","Type":4,"Integer":0,"String":"","Interface":null}}
2025-08-15T22:12:59.860-0500	DEBUG	protocol/handler.go:1081	sent message to output channel	{"{from 15 0 c <nil>}": {"Key":"to","Type":15,"Integer":0,"String":"b","Interface":null}, "{round 20 3  <nil>}": {"Key":"broadcast","Type":4,"Integer":0,"String":"","Interface":null}}
2025-08-15T22:12:59.860-0500	DEBUG	protocol/handler.go:1039	sendRoundMessage	{"{from 15 0 c <nil>}": {"Key":"to","Type":15,"Integer":0,"String":"d","Interface":null}, "{round 20 3  <nil>}": {"Key":"broadcast","Type":4,"Integer":0,"String":"","Interface":null}}
2025-08-15T22:12:59.860-0500	DEBUG	protocol/handler.go:1081	sent message to output channel	{"{from 15 0 c <nil>}": {"Key":"to","Type":15,"Integer":0,"String":"d","Interface":null}, "{round 20 3  <nil>}": {"Key":"broadcast","Type":4,"Integer":0,"String":"","Interface":null}}
2025-08-15T22:12:59.860-0500	DEBUG	protocol/handler.go:1039	sendRoundMessage	{"{from 15 0 c <nil>}": {"Key":"to","Type":15,"Integer":0,"String":"e","Interface":null}, "{round 20 3  <nil>}": {"Key":"broadcast","Type":4,"Integer":0,"String":"","Interface":null}}
2025-08-15T22:12:59.860-0500	DEBUG	protocol/handler.go:1081	sent message to output channel	{"{from 15 0 c <nil>}": {"Key":"to","Type":15,"Integer":0,"String":"e","Interface":null}, "{round 20 3  <nil>}": {"Key":"broadcast","Type":4,"Integer":0,"String":"","Interface":null}}
2025-08-15T22:12:59.861-0500	DEBUG	protocol/handler.go:1039	sendRoundMessage	{"{from 15 0 c <nil>}": {"Key":"to","Type":15,"Integer":0,"String":"f","Interface":null}, "{round 20 3  <nil>}": {"Key":"broadcast","Type":4,"Integer":0,"String":"","Interface":null}}
2025-08-15T22:12:59.861-0500	DEBUG	protocol/handler.go:1081	sent message to output channel	{"{from 15 0 c <nil>}": {"Key":"to","Type":15,"Integer":0,"String":"f","Interface":null}, "{round 20 3  <nil>}": {"Key":"broadcast","Type":4,"Integer":0,"String":"","Interface":null}}
2025-08-15T22:12:59.861-0500	DEBUG	protocol/handler.go:1039	sendRoundMessage	{"{from 15 0 c <nil>}": {"Key":"to","Type":15,"Integer":0,"String":"g","Interface":null}, "{round 20 3  <nil>}": {"Key":"broadcast","Type":4,"Integer":0,"String":"","Interface":null}}
2025-08-15T22:12:59.861-0500	DEBUG	protocol/handler.go:1081	sent message to output channel	{"{from 15 0 c <nil>}": {"Key":"to","Type":15,"Integer":0,"String":"g","Interface":null}, "{round 20 3  <nil>}": {"Key":"broadcast","Type":4,"Integer":0,"String":"","Interface":null}}
2025-08-15T22:12:59.861-0500	DEBUG	protocol/handler.go:1182	finalized round messages	{"{round 20 2  <nil>}": {"Key":"messages","Type":11,"Integer":7,"String":"","Interface":null}}
2025-08-15T22:12:59.861-0500	DEBUG	protocol/handler.go:1239	finalize returned next round	{"{current 20 2  <nil>}": {"Key":"next","Type":20,"Integer":3,"String":"","Interface":null}}
2025-08-15T22:12:59.861-0500	INFO	protocol/handler.go:642	storing new currentRound	{"{from 20 2  <nil>}": {"Key":"to","Type":20,"Integer":3,"String":"","Interface":null}}
2025-08-15T22:12:59.861-0500	DEBUG	protocol/handler.go:1503	processing queued messages
2025-08-15T22:12:59.861-0500	DEBUG	protocol/handler.go:1503	processing queued messages
2025-08-15T22:12:59.862-0500	DEBUG	protocol/handler.go:1591	have processed broadcast	{"{round 20 2  <nil>}": {"Key":"from","Type":15,"Integer":0,"String":"a","Interface":null}}
2025-08-15T22:12:59.862-0500	DEBUG	protocol/handler.go:1591	have processed broadcast	{"{round 20 2  <nil>}": {"Key":"from","Type":15,"Integer":0,"String":"b","Interface":null}}
2025-08-15T22:12:59.862-0500	DEBUG	protocol/handler.go:1591	have processed broadcast	{"{round 20 2  <nil>}": {"Key":"from","Type":15,"Integer":0,"String":"c","Interface":null}}
2025-08-15T22:12:59.862-0500	DEBUG	protocol/handler.go:1591	have processed broadcast	{"{round 20 2  <nil>}": {"Key":"from","Type":15,"Integer":0,"String":"e","Interface":null}}
2025-08-15T22:12:59.862-0500	DEBUG	protocol/handler.go:1591	have processed broadcast	{"{round 20 2  <nil>}": {"Key":"from","Type":15,"Integer":0,"String":"f","Interface":null}}
2025-08-15T22:12:59.862-0500	DEBUG	protocol/handler.go:1608	waiting for broadcast processing	{"{round 20 2  <nil>}": {"Key":"unprocessed","Type":15,"Integer":0,"String":"[g]","Interface":null}}
2025-08-15T22:12:59.863-0500	DEBUG	protocol/handler.go:581	tryAdvanceRound called	{"{current_round 20 2  <nil>}": {"Key":"self","Type":15,"Integer":0,"String":"e","Interface":null}}
2025-08-15T22:12:59.863-0500	DEBUG	protocol/handler.go:1591	have processed broadcast	{"{round 20 2  <nil>}": {"Key":"from","Type":15,"Integer":0,"String":"c","Interface":null}}
2025-08-15T22:12:59.863-0500	DEBUG	protocol/handler.go:1591	have processed broadcast	{"{round 20 2  <nil>}": {"Key":"from","Type":15,"Integer":0,"String":"a","Interface":null}}
2025-08-15T22:12:59.864-0500	DEBUG	protocol/handler.go:1591	have processed broadcast	{"{round 20 2  <nil>}": {"Key":"from","Type":15,"Integer":0,"String":"f","Interface":null}}
2025-08-15T22:12:59.864-0500	DEBUG	protocol/handler.go:1591	have processed broadcast	{"{round 20 2  <nil>}": {"Key":"from","Type":15,"Integer":0,"String":"b","Interface":null}}
2025-08-15T22:12:59.864-0500	DEBUG	protocol/handler.go:1591	have processed broadcast	{"{round 20 2  <nil>}": {"Key":"from","Type":15,"Integer":0,"String":"d","Interface":null}}
2025-08-15T22:12:59.864-0500	DEBUG	protocol/handler.go:1591	have processed broadcast	{"{round 20 2  <nil>}": {"Key":"from","Type":15,"Integer":0,"String":"e","Interface":null}}
2025-08-15T22:12:59.864-0500	DEBUG	protocol/handler.go:1591	have processed broadcast	{"{round 20 2  <nil>}": {"Key":"from","Type":15,"Integer":0,"String":"f","Interface":null}}
2025-08-15T22:12:59.864-0500	DEBUG	protocol/handler.go:1591	have processed broadcast	{"{round 20 2  <nil>}": {"Key":"from","Type":15,"Integer":0,"String":"g","Interface":null}}
2025-08-15T22:12:59.864-0500	DEBUG	protocol/handler.go:1649	have all messages and processed	{"{round 20 2  <nil>}": {"Key":"self","Type":15,"Integer":0,"String":"c","Interface":null}}
2025-08-15T22:12:59.864-0500	DEBUG	protocol/handler.go:596	round already finalized
2025-08-15T22:12:59.864-0500	DEBUG	protocol/handler.go:600	current round already advanced	{"{checking 20 2  <nil>}": {"Key":"current","Type":20,"Integer":3,"String":"","Interface":null}}
==================
WARNING: DATA RACE
Write at 0x00c000a6391c by goroutine 2867:
  ??()
      -:0 +0x104ada650
2025-08-15T22:12:59.865-0500	INFO	protocol/handler.go:560	advanced to round
  sync/atomic.CompareAndSwapInt32()
      <autogenerated>:1 +0x18
  sync.(*Mutex).Lock()
      /opt/homebrew/Cellar/go/1.24.6/libexec/src/sync/mutex.go:46 +0x2c
  github.com/luxfi/threshold/protocols/frost/keygen.(*round2).StoreBroadcastMessage()
      /Users/z/work/lux/threshold/protocols/frost/keygen/round2.go:57 +0x58
  github.com/luxfi/threshold/pkg/protocol.(*Handler).verifyBroadcast()
      /Users/z/work/lux/threshold/pkg/protocol/handler.go:1392 +0x648
  github.com/luxfi/threshold/pkg/protocol.(*Handler).processMessage()
      /Users/z/work/lux/threshold/pkg/protocol/handler.go:480 +0xb9c
  github.com/luxfi/threshold/pkg/protocol.(*Handler).messageWorker()
      /Users/z/work/lux/threshold/pkg/protocol/handler.go:408 +0x338
  github.com/luxfi/threshold/pkg/protocol.(*Handler).startWorkers.gowrap2()
      /Users/z/work/lux/threshold/pkg/protocol/handler.go:361 +0x44

Previous read at 0x00c000a63918 by goroutine 2865:
  github.com/luxfi/threshold/protocols/frost/keygen.(*round2).Number()
      <autogenerated>:1 +0x38
  github.com/luxfi/threshold/pkg/protocol.(*Handler).tryAdvanceRound()
      /Users/z/work/lux/threshold/pkg/protocol/handler.go:601 +0x4b0
  github.com/luxfi/threshold/pkg/protocol.(*Handler).processMessage()
      /Users/z/work/lux/threshold/pkg/protocol/handler.go:486 +0xbb0
  github.com/luxfi/threshold/pkg/protocol.(*Handler).messageWorker()
      /Users/z/work/lux/threshold/pkg/protocol/handler.go:408 +0x338
  github.com/luxfi/threshold/pkg/protocol.(*Handler).startWorkers.gowrap2()
      /Users/z/work/lux/threshold/pkg/protocol/handler.go:361 +0x44

Goroutine 2867 (running) created at:
  github.com/luxfi/threshold/pkg/protocol.(*Handler).startWorkers()
      /Users/z/work/lux/threshold/pkg/protocol/handler.go:361 +0x334
  github.com/luxfi/threshold/pkg/protocol.NewHandler()
      /Users/z/work/lux/threshold/pkg/protocol/handler.go:247 +0xf10
  github.com/luxfi/threshold/internal/test.(*Harness).CreateHandler()
      /Users/z/work/lux/threshold/internal/test/harness.go:91 +0x2e4
  github.com/luxfi/threshold/internal/test.RunProtocol()
      /Users/z/work/lux/threshold/internal/test/harness.go:270 +0x230
  github.com/luxfi/threshold/protocols/frost_test.TestFROSTKeygenAndSign.(*KeygenAndSign).Run.func11()
      /Users/z/work/lux/threshold/internal/test/protocol_helpers.go:97 +0x150
  testing.tRunner()
      /opt/homebrew/Cellar/go/1.24.6/libexec/src/testing/testing.go:1792 +0x180
  testing.(*T).Run.gowrap1()
      /opt/homebrew/Cellar/go/1.24.6/libexec/src/testing/testing.go:1851 +0x40

Goroutine 2865 (running) created at:
  github.com/luxfi/threshold/pkg/protocol.(*Handler).startWorkers()
      /Users/z/work/lux/threshold/pkg/protocol/handler.go:361 +0x334
  github.com/luxfi/threshold/pkg/protocol.NewHandler()
      /Users/z/work/lux/threshold/pkg/protocol/handler.go:247 +0xf10
  github.com/luxfi/threshold/internal/test.(*Harness).CreateHandler()
      /Users/z/work/lux/threshold/internal/test/harness.go:91 +0x2e4
  github.com/luxfi/threshold/internal/test.RunProtocol()
      /Users/z/work/lux/threshold/internal/test/harness.go:270 +0x230
  github.com/luxfi/threshold/protocols/frost_test.TestFROSTKeygenAndSign.(*KeygenAndSign).Run.func11()
      /Users/z/work/lux/threshold/internal/test/protocol_helpers.go:97 +0x150
  testing.tRunner()
      /opt/homebrew/Cellar/go/1.24.6/libexec/src/testing/testing.go:1792 +0x180
  testing.(*T).Run.gowrap1()
      /opt/homebrew/Cellar/go/1.24.6/libexec/src/testing/testing.go:1851 +0x40
==================
2025-08-15T22:12:59.865-0500	DEBUG	protocol/handler.go:581	tryAdvanceRound called	{"{current_round 20 3  <nil>}": {"Key":"self","Type":15,"Integer":0,"String":"c","Interface":null}}
2025-08-15T22:12:59.865-0500	DEBUG	protocol/handler.go:581	tryAdvanceRound called	{"{current_round 20 3  <nil>}": {"Key":"self","Type":15,"Integer":0,"String":"a","Interface":null}}
2025-08-15T22:12:59.865-0500	DEBUG	protocol/handler.go:1600	waiting for broadcasts	{"{round 20 3  <nil>}": {"Key":"missing","Type":15,"Integer":0,"String":"[a b d e f g]","Interface":null}}
2025-08-15T22:12:59.865-0500	DEBUG	protocol/handler.go:1600	waiting for broadcasts	{"{round 20 3  <nil>}": {"Key":"missing","Type":15,"Integer":0,"String":"[b c d e f g]","Interface":null}}
2025-08-15T22:12:59.865-0500	DEBUG	protocol/handler.go:581	tryAdvanceRound called	{"{current_round 20 3  <nil>}": {"Key":"self","Type":15,"Integer":0,"String":"a","Interface":null}}
2025-08-15T22:12:59.865-0500	DEBUG	protocol/handler.go:1600	waiting for broadcasts	{"{round 20 3  <nil>}": {"Key":"missing","Type":15,"Integer":0,"String":"[b c d e f g]","Interface":null}}
2025-08-15T22:12:59.864-0500	DEBUG	protocol/handler.go:1591	have processed broadcast	{"{round 20 2  <nil>}": {"Key":"from","Type":15,"Integer":0,"String":"g","Interface":null}}
2025-08-15T22:12:59.865-0500	DEBUG	protocol/handler.go:1600	waiting for broadcasts	{"{round 20 2  <nil>}": {"Key":"missing","Type":15,"Integer":0,"String":"[a b d]","Interface":null}}
2025-08-15T22:12:59.724-0500	INFO	protocol/handler.go:560	advanced to round
2025-08-15T22:12:59.865-0500	DEBUG	protocol/handler.go:581	tryAdvanceRound called	{"{current_round 20 2  <nil>}": {"Key":"self","Type":15,"Integer":0,"String":"f","Interface":null}}
2025-08-15T22:12:59.865-0500	DEBUG	protocol/handler.go:1591	have processed broadcast	{"{round 20 2  <nil>}": {"Key":"from","Type":15,"Integer":0,"String":"a","Interface":null}}
2025-08-15T22:12:59.865-0500	DEBUG	protocol/handler.go:1591	have processed broadcast	{"{round 20 2  <nil>}": {"Key":"from","Type":15,"Integer":0,"String":"c","Interface":null}}
2025-08-15T22:12:59.865-0500	DEBUG	protocol/handler.go:1591	have processed broadcast	{"{round 20 2  <nil>}": {"Key":"from","Type":15,"Integer":0,"String":"d","Interface":null}}
2025-08-15T22:12:59.865-0500	DEBUG	protocol/handler.go:1591	have processed broadcast	{"{round 20 2  <nil>}": {"Key":"from","Type":15,"Integer":0,"String":"e","Interface":null}}
2025-08-15T22:12:59.865-0500	DEBUG	protocol/handler.go:1591	have processed broadcast	{"{round 20 2  <nil>}": {"Key":"from","Type":15,"Integer":0,"String":"g","Interface":null}}
2025-08-15T22:12:59.865-0500	DEBUG	protocol/handler.go:1600	waiting for broadcasts	{"{round 20 2  <nil>}": {"Key":"missing","Type":15,"Integer":0,"String":"[b]","Interface":null}}
2025-08-15T22:12:59.866-0500	DEBUG	protocol/handler.go:581	tryAdvanceRound called	{"{current_round 20 2  <nil>}": {"Key":"self","Type":15,"Integer":0,"String":"f","Interface":null}}
2025-08-15T22:12:59.866-0500	DEBUG	protocol/handler.go:1591	have processed broadcast	{"{round 20 2  <nil>}": {"Key":"from","Type":15,"Integer":0,"String":"a","Interface":null}}
2025-08-15T22:12:59.866-0500	DEBUG	protocol/handler.go:1591	have processed broadcast	{"{round 20 2  <nil>}": {"Key":"from","Type":15,"Integer":0,"String":"c","Interface":null}}
2025-08-15T22:12:59.866-0500	DEBUG	protocol/handler.go:1591	have processed broadcast	{"{round 20 2  <nil>}": {"Key":"from","Type":15,"Integer":0,"String":"d","Interface":null}}
2025-08-15T22:12:59.866-0500	DEBUG	protocol/handler.go:1591	have processed broadcast	{"{round 20 2  <nil>}": {"Key":"from","Type":15,"Integer":0,"String":"e","Interface":null}}
2025-08-15T22:12:59.866-0500	DEBUG	protocol/handler.go:1591	have processed broadcast	{"{round 20 2  <nil>}": {"Key":"from","Type":15,"Integer":0,"String":"g","Interface":null}}
2025-08-15T22:12:59.866-0500	DEBUG	protocol/handler.go:1600	waiting for broadcasts	{"{round 20 2  <nil>}": {"Key":"missing","Type":15,"Integer":0,"String":"[b]","Interface":null}}
2025-08-15T22:12:59.866-0500	DEBUG	protocol/handler.go:581	tryAdvanceRound called	{"{current_round 20 3  <nil>}": {"Key":"self","Type":15,"Integer":0,"String":"c","Interface":null}}
2025-08-15T22:12:59.866-0500	DEBUG	protocol/handler.go:1600	waiting for broadcasts	{"{round 20 3  <nil>}": {"Key":"missing","Type":15,"Integer":0,"String":"[a b d e f g]","Interface":null}}
2025-08-15T22:12:59.722-0500	DEBUG	protocol/handler.go:437	processing message	{"{from 15 0 b <nil>}": {"Key":"to","Type":15,"Integer":0,"String":"","Interface":null}, "{round 20 2  <nil>}": {"Key":"broadcast","Type":4,"Integer":1,"String":"","Interface":null}}
2025-08-15T22:12:59.866-0500	DEBUG	protocol/handler.go:1657	storing broadcast	{"{round 20 2  <nil>}": {"Key":"from","Type":15,"Integer":0,"String":"b","Interface":null}}
2025-08-15T22:12:59.867-0500	DEBUG	protocol/handler.go:581	tryAdvanceRound called	{"{current_round 20 2  <nil>}": {"Key":"self","Type":15,"Integer":0,"String":"d","Interface":null}}
2025-08-15T22:12:59.867-0500	DEBUG	protocol/handler.go:1591	have processed broadcast	{"{round 20 2  <nil>}": {"Key":"from","Type":15,"Integer":0,"String":"a","Interface":null}}
2025-08-15T22:12:59.867-0500	DEBUG	protocol/handler.go:1591	have processed broadcast	{"{round 20 2  <nil>}": {"Key":"from","Type":15,"Integer":0,"String":"b","Interface":null}}
2025-08-15T22:12:59.867-0500	DEBUG	protocol/handler.go:1591	have processed broadcast	{"{round 20 2  <nil>}": {"Key":"from","Type":15,"Integer":0,"String":"c","Interface":null}}
2025-08-15T22:12:59.867-0500	DEBUG	protocol/handler.go:1591	have processed broadcast	{"{round 20 2  <nil>}": {"Key":"from","Type":15,"Integer":0,"String":"e","Interface":null}}
2025-08-15T22:12:59.867-0500	DEBUG	protocol/handler.go:1591	have processed broadcast	{"{round 20 2  <nil>}": {"Key":"from","Type":15,"Integer":0,"String":"f","Interface":null}}
2025-08-15T22:12:59.868-0500	DEBUG	protocol/handler.go:1591	have processed broadcast	{"{round 20 2  <nil>}": {"Key":"from","Type":15,"Integer":0,"String":"g","Interface":null}}
2025-08-15T22:12:59.868-0500	DEBUG	protocol/handler.go:1649	have all messages and processed	{"{round 20 2  <nil>}": {"Key":"self","Type":15,"Integer":0,"String":"d","Interface":null}}
2025-08-15T22:12:59.868-0500	DEBUG	protocol/handler.go:619	finalizing round
2025-08-15T22:12:59.868-0500	DEBUG	protocol/handler.go:1039	sendRoundMessage	{"{from 15 0 d <nil>}": {"Key":"to","Type":15,"Integer":0,"String":"","Interface":null}, "{round 20 3  <nil>}": {"Key":"broadcast","Type":4,"Integer":1,"String":"","Interface":null}}
2025-08-15T22:12:59.868-0500	DEBUG	protocol/handler.go:1657	storing broadcast	{"{round 20 3  <nil>}": {"Key":"from","Type":15,"Integer":0,"String":"d","Interface":null}}
2025-08-15T22:12:59.868-0500	DEBUG	protocol/handler.go:581	tryAdvanceRound called	{"{current_round 20 2  <nil>}": {"Key":"self","Type":15,"Integer":0,"String":"b","Interface":null}}
2025-08-15T22:12:59.868-0500	DEBUG	protocol/handler.go:437	processing message	{"{from 15 0 d <nil>}": {"Key":"to","Type":15,"Integer":0,"String":"","Interface":null}, "{round 20 3  <nil>}": {"Key":"broadcast","Type":4,"Integer":1,"String":"","Interface":null}}
2025-08-15T22:12:59.868-0500	DEBUG	protocol/handler.go:1657	storing broadcast	{"{round 20 3  <nil>}": {"Key":"from","Type":15,"Integer":0,"String":"d","Interface":null}}
2025-08-15T22:12:59.869-0500	DEBUG	protocol/handler.go:581	tryAdvanceRound called	{"{current_round 20 3  <nil>}": {"Key":"self","Type":15,"Integer":0,"String":"a","Interface":null}}
2025-08-15T22:12:59.869-0500	DEBUG	protocol/handler.go:1591	have processed broadcast	{"{round 20 3  <nil>}": {"Key":"from","Type":15,"Integer":0,"String":"d","Interface":null}}
2025-08-15T22:12:59.869-0500	DEBUG	protocol/handler.go:1600	waiting for broadcasts	{"{round 20 3  <nil>}": {"Key":"missing","Type":15,"Integer":0,"String":"[b c e f g]","Interface":null}}
2025-08-15T22:12:59.870-0500	DEBUG	protocol/handler.go:1591	have processed broadcast	{"{round 20 2  <nil>}": {"Key":"from","Type":15,"Integer":0,"String":"a","Interface":null}}
2025-08-15T22:12:59.870-0500	DEBUG	protocol/handler.go:1591	have processed broadcast	{"{round 20 2  <nil>}": {"Key":"from","Type":15,"Integer":0,"String":"b","Interface":null}}
2025-08-15T22:12:59.870-0500	DEBUG	protocol/handler.go:1591	have processed broadcast	{"{round 20 2  <nil>}": {"Key":"from","Type":15,"Integer":0,"String":"c","Interface":null}}
2025-08-15T22:12:59.870-0500	DEBUG	protocol/handler.go:1591	have processed broadcast	{"{round 20 2  <nil>}": {"Key":"from","Type":15,"Integer":0,"String":"e","Interface":null}}
2025-08-15T22:12:59.870-0500	DEBUG	protocol/handler.go:1591	have processed broadcast	{"{round 20 2  <nil>}": {"Key":"from","Type":15,"Integer":0,"String":"f","Interface":null}}
2025-08-15T22:12:59.870-0500	DEBUG	protocol/handler.go:1591	have processed broadcast	{"{round 20 2  <nil>}": {"Key":"from","Type":15,"Integer":0,"String":"g","Interface":null}}
2025-08-15T22:12:59.870-0500	DEBUG	protocol/handler.go:1649	have all messages and processed	{"{round 20 2  <nil>}": {"Key":"self","Type":15,"Integer":0,"String":"d","Interface":null}}
2025-08-15T22:12:59.870-0500	DEBUG	protocol/handler.go:596	round already finalized
2025-08-15T22:12:59.870-0500	DEBUG	protocol/handler.go:581	tryAdvanceRound called	{"{current_round 20 2  <nil>}": {"Key":"self","Type":15,"Integer":0,"String":"d","Interface":null}}
2025-08-15T22:12:59.870-0500	DEBUG	protocol/handler.go:1591	have processed broadcast	{"{round 20 2  <nil>}": {"Key":"from","Type":15,"Integer":0,"String":"a","Interface":null}}
2025-08-15T22:12:59.870-0500	DEBUG	protocol/handler.go:1591	have processed broadcast	{"{round 20 2  <nil>}": {"Key":"from","Type":15,"Integer":0,"String":"b","Interface":null}}
2025-08-15T22:12:59.870-0500	DEBUG	protocol/handler.go:581	tryAdvanceRound called	{"{current_round 20 2  <nil>}": {"Key":"self","Type":15,"Integer":0,"String":"e","Interface":null}}
2025-08-15T22:12:59.870-0500	DEBUG	protocol/handler.go:1591	have processed broadcast	{"{round 20 2  <nil>}": {"Key":"from","Type":15,"Integer":0,"String":"c","Interface":null}}
2025-08-15T22:12:59.870-0500	DEBUG	protocol/handler.go:1591	have processed broadcast	{"{round 20 2  <nil>}": {"Key":"from","Type":15,"Integer":0,"String":"e","Interface":null}}
2025-08-15T22:12:59.870-0500	DEBUG	protocol/handler.go:1591	have processed broadcast	{"{round 20 2  <nil>}": {"Key":"from","Type":15,"Integer":0,"String":"f","Interface":null}}
2025-08-15T22:12:59.870-0500	DEBUG	protocol/handler.go:1591	have processed broadcast	{"{round 20 2  <nil>}": {"Key":"from","Type":15,"Integer":0,"String":"g","Interface":null}}
2025-08-15T22:12:59.870-0500	DEBUG	protocol/handler.go:1649	have all messages and processed	{"{round 20 2  <nil>}": {"Key":"self","Type":15,"Integer":0,"String":"d","Interface":null}}
2025-08-15T22:12:59.870-0500	DEBUG	protocol/handler.go:596	round already finalized
2025-08-15T22:12:59.722-0500	DEBUG	protocol/handler.go:437	processing message	{"{from 15 0 b <nil>}": {"Key":"to","Type":15,"Integer":0,"String":"","Interface":null}, "{round 20 2  <nil>}": {"Key":"broadcast","Type":4,"Integer":1,"String":"","Interface":null}}
2025-08-15T22:12:59.870-0500	DEBUG	protocol/handler.go:1657	storing broadcast	{"{round 20 2  <nil>}": {"Key":"from","Type":15,"Integer":0,"String":"b","Interface":null}}
2025-08-15T22:12:59.873-0500	DEBUG	protocol/handler.go:581	tryAdvanceRound called	{"{current_round 20 2  <nil>}": {"Key":"self","Type":15,"Integer":0,"String":"e","Interface":null}}
2025-08-15T22:12:59.873-0500	DEBUG	protocol/handler.go:1591	have processed broadcast	{"{round 20 2  <nil>}": {"Key":"from","Type":15,"Integer":0,"String":"b","Interface":null}}
2025-08-15T22:12:59.873-0500	DEBUG	protocol/handler.go:1591	have processed broadcast	{"{round 20 2  <nil>}": {"Key":"from","Type":15,"Integer":0,"String":"c","Interface":null}}
2025-08-15T22:12:59.873-0500	DEBUG	protocol/handler.go:1591	have processed broadcast	{"{round 20 2  <nil>}": {"Key":"from","Type":15,"Integer":0,"String":"f","Interface":null}}
2025-08-15T22:12:59.873-0500	DEBUG	protocol/handler.go:1591	have processed broadcast	{"{round 20 2  <nil>}": {"Key":"from","Type":15,"Integer":0,"String":"g","Interface":null}}
2025-08-15T22:12:59.873-0500	DEBUG	protocol/handler.go:1600	waiting for broadcasts	{"{round 20 2  <nil>}": {"Key":"missing","Type":15,"Integer":0,"String":"[a d]","Interface":null}}
2025-08-15T22:12:59.873-0500	DEBUG	protocol/handler.go:581	tryAdvanceRound called	{"{current_round 20 3  <nil>}": {"Key":"self","Type":15,"Integer":0,"String":"a","Interface":null}}
2025-08-15T22:12:59.873-0500	DEBUG	protocol/handler.go:1591	have processed broadcast	{"{round 20 3  <nil>}": {"Key":"from","Type":15,"Integer":0,"String":"d","Interface":null}}
2025-08-15T22:12:59.873-0500	DEBUG	protocol/handler.go:1600	waiting for broadcasts	{"{round 20 3  <nil>}": {"Key":"missing","Type":15,"Integer":0,"String":"[b c e f g]","Interface":null}}
2025-08-15T22:12:59.722-0500	DEBUG	protocol/handler.go:437	processing message	{"{from 15 0 d <nil>}": {"Key":"to","Type":15,"Integer":0,"String":"","Interface":null}, "{round 20 2  <nil>}": {"Key":"broadcast","Type":4,"Integer":1,"String":"","Interface":null}}
2025-08-15T22:12:59.873-0500	DEBUG	protocol/handler.go:1657	storing broadcast	{"{round 20 2  <nil>}": {"Key":"from","Type":15,"Integer":0,"String":"d","Interface":null}}
2025-08-15T22:12:59.877-0500	DEBUG	protocol/handler.go:1591	have processed broadcast	{"{round 20 2  <nil>}": {"Key":"from","Type":15,"Integer":0,"String":"b","Interface":null}}
2025-08-15T22:12:59.877-0500	DEBUG	protocol/handler.go:1591	have processed broadcast	{"{round 20 2  <nil>}": {"Key":"from","Type":15,"Integer":0,"String":"c","Interface":null}}
2025-08-15T22:12:59.877-0500	DEBUG	protocol/handler.go:1591	have processed broadcast	{"{round 20 2  <nil>}": {"Key":"from","Type":15,"Integer":0,"String":"f","Interface":null}}
2025-08-15T22:12:59.877-0500	DEBUG	protocol/handler.go:1591	have processed broadcast	{"{round 20 2  <nil>}": {"Key":"from","Type":15,"Integer":0,"String":"g","Interface":null}}
2025-08-15T22:12:59.877-0500	DEBUG	protocol/handler.go:1600	waiting for broadcasts	{"{round 20 2  <nil>}": {"Key":"missing","Type":15,"Integer":0,"String":"[a]","Interface":null}}
2025-08-15T22:12:59.877-0500	DEBUG	protocol/handler.go:432	processMessage: p2p round 3 START	{"{from 15 0 c <nil>}": {"Key":"to","Type":15,"Integer":0,"String":"a","Interface":null}}
2025-08-15T22:12:59.877-0500	DEBUG	protocol/handler.go:437	processing message	{"{from 15 0 c <nil>}": {"Key":"to","Type":15,"Integer":0,"String":"a","Interface":null}, "{round 20 3  <nil>}": {"Key":"broadcast","Type":4,"Integer":0,"String":"","Interface":null}}
2025-08-15T22:12:59.877-0500	DEBUG	protocol/handler.go:1662	storing message	{"{round 20 3  <nil>}": {"Key":"from","Type":15,"Integer":0,"String":"c","Interface":null}}
2025-08-15T22:12:59.877-0500	DEBUG	protocol/handler.go:581	tryAdvanceRound called	{"{current_round 20 3  <nil>}": {"Key":"self","Type":15,"Integer":0,"String":"a","Interface":null}}
2025-08-15T22:12:59.877-0500	DEBUG	protocol/handler.go:1306	waiting for broadcast before normal message
2025-08-15T22:12:59.878-0500	DEBUG	protocol/handler.go:1591	have processed broadcast	{"{round 20 3  <nil>}": {"Key":"from","Type":15,"Integer":0,"String":"d","Interface":null}}
2025-08-15T22:12:59.878-0500	DEBUG	protocol/handler.go:1600	waiting for broadcasts	{"{round 20 3  <nil>}": {"Key":"missing","Type":15,"Integer":0,"String":"[b c e f g]","Interface":null}}
2025-08-15T22:12:59.878-0500	DEBUG	protocol/handler.go:437	processing message	{"{from 15 0 c <nil>}": {"Key":"to","Type":15,"Integer":0,"String":"","Interface":null}, "{round 20 3  <nil>}": {"Key":"broadcast","Type":4,"Integer":1,"String":"","Interface":null}}
2025-08-15T22:12:59.878-0500	DEBUG	protocol/handler.go:1657	storing broadcast	{"{round 20 3  <nil>}": {"Key":"from","Type":15,"Integer":0,"String":"c","Interface":null}}
2025-08-15T22:12:59.878-0500	DEBUG	protocol/handler.go:581	tryAdvanceRound called	{"{current_round 20 3  <nil>}": {"Key":"self","Type":15,"Integer":0,"String":"a","Interface":null}}
2025-08-15T22:12:59.868-0500	DEBUG	protocol/handler.go:1081	sent message to output channel	{"{from 15 0 d <nil>}": {"Key":"to","Type":15,"Integer":0,"String":"","Interface":null}, "{round 20 3  <nil>}": {"Key":"broadcast","Type":4,"Integer":1,"String":"","Interface":null}}
2025-08-15T22:12:59.879-0500	DEBUG	protocol/handler.go:1039	sendRoundMessage	{"{from 15 0 d <nil>}": {"Key":"to","Type":15,"Integer":0,"String":"a","Interface":null}, "{round 20 3  <nil>}": {"Key":"broadcast","Type":4,"Integer":0,"String":"","Interface":null}}
2025-08-15T22:12:59.879-0500	DEBUG	protocol/handler.go:581	tryAdvanceRound called	{"{current_round 20 2  <nil>}": {"Key":"self","Type":15,"Integer":0,"String":"e","Interface":null}}
2025-08-15T22:12:59.880-0500	DEBUG	protocol/handler.go:1591	have processed broadcast	{"{round 20 3  <nil>}": {"Key":"from","Type":15,"Integer":0,"String":"c","Interface":null}}
2025-08-15T22:12:59.880-0500	DEBUG	protocol/handler.go:1591	have processed broadcast	{"{round 20 3  <nil>}": {"Key":"from","Type":15,"Integer":0,"String":"d","Interface":null}}
2025-08-15T22:12:59.880-0500	DEBUG	protocol/handler.go:1600	waiting for broadcasts	{"{round 20 3  <nil>}": {"Key":"missing","Type":15,"Integer":0,"String":"[b e f g]","Interface":null}}
2025-08-15T22:12:59.880-0500	DEBUG	protocol/handler.go:581	tryAdvanceRound called	{"{current_round 20 2  <nil>}": {"Key":"self","Type":15,"Integer":0,"String":"b","Interface":null}}
2025-08-15T22:12:59.880-0500	DEBUG	protocol/handler.go:1081	sent message to output channel	{"{from 15 0 d <nil>}": {"Key":"to","Type":15,"Integer":0,"String":"a","Interface":null}, "{round 20 3  <nil>}": {"Key":"broadcast","Type":4,"Integer":0,"String":"","Interface":null}}
2025-08-15T22:12:59.880-0500	DEBUG	protocol/handler.go:1039	sendRoundMessage	{"{from 15 0 d <nil>}": {"Key":"to","Type":15,"Integer":0,"String":"b","Interface":null}, "{round 20 3  <nil>}": {"Key":"broadcast","Type":4,"Integer":0,"String":"","Interface":null}}
2025-08-15T22:12:59.880-0500	DEBUG	protocol/handler.go:1081	sent message to output channel	{"{from 15 0 d <nil>}": {"Key":"to","Type":15,"Integer":0,"String":"b","Interface":null}, "{round 20 3  <nil>}": {"Key":"broadcast","Type":4,"Integer":0,"String":"","Interface":null}}
2025-08-15T22:12:59.880-0500	DEBUG	protocol/handler.go:1039	sendRoundMessage	{"{from 15 0 d <nil>}": {"Key":"to","Type":15,"Integer":0,"String":"c","Interface":null}, "{round 20 3  <nil>}": {"Key":"broadcast","Type":4,"Integer":0,"String":"","Interface":null}}
2025-08-15T22:12:59.880-0500	DEBUG	protocol/handler.go:1081	sent message to output channel	{"{from 15 0 d <nil>}": {"Key":"to","Type":15,"Integer":0,"String":"c","Interface":null}, "{round 20 3  <nil>}": {"Key":"broadcast","Type":4,"Integer":0,"String":"","Interface":null}}
2025-08-15T22:12:59.880-0500	DEBUG	protocol/handler.go:1039	sendRoundMessage	{"{from 15 0 d <nil>}": {"Key":"to","Type":15,"Integer":0,"String":"e","Interface":null}, "{round 20 3  <nil>}": {"Key":"broadcast","Type":4,"Integer":0,"String":"","Interface":null}}
2025-08-15T22:12:59.881-0500	DEBUG	protocol/handler.go:1081	sent message to output channel	{"{from 15 0 d <nil>}": {"Key":"to","Type":15,"Integer":0,"String":"e","Interface":null}, "{round 20 3  <nil>}": {"Key":"broadcast","Type":4,"Integer":0,"String":"","Interface":null}}
2025-08-15T22:12:59.881-0500	DEBUG	protocol/handler.go:1039	sendRoundMessage	{"{from 15 0 d <nil>}": {"Key":"to","Type":15,"Integer":0,"String":"f","Interface":null}, "{round 20 3  <nil>}": {"Key":"broadcast","Type":4,"Integer":0,"String":"","Interface":null}}
2025-08-15T22:12:59.881-0500	DEBUG	protocol/handler.go:1081	sent message to output channel	{"{from 15 0 d <nil>}": {"Key":"to","Type":15,"Integer":0,"String":"f","Interface":null}, "{round 20 3  <nil>}": {"Key":"broadcast","Type":4,"Integer":0,"String":"","Interface":null}}
2025-08-15T22:12:59.881-0500	DEBUG	protocol/handler.go:1039	sendRoundMessage	{"{from 15 0 d <nil>}": {"Key":"to","Type":15,"Integer":0,"String":"g","Interface":null}, "{round 20 3  <nil>}": {"Key":"broadcast","Type":4,"Integer":0,"String":"","Interface":null}}
2025-08-15T22:12:59.881-0500	DEBUG	protocol/handler.go:1081	sent message to output channel	{"{from 15 0 d <nil>}": {"Key":"to","Type":15,"Integer":0,"String":"g","Interface":null}, "{round 20 3  <nil>}": {"Key":"broadcast","Type":4,"Integer":0,"String":"","Interface":null}}
2025-08-15T22:12:59.881-0500	DEBUG	protocol/handler.go:1182	finalized round messages	{"{round 20 2  <nil>}": {"Key":"messages","Type":11,"Integer":7,"String":"","Interface":null}}
2025-08-15T22:12:59.881-0500	DEBUG	protocol/handler.go:1239	finalize returned next round	{"{current 20 2  <nil>}": {"Key":"next","Type":20,"Integer":3,"String":"","Interface":null}}
2025-08-15T22:12:59.881-0500	INFO	protocol/handler.go:642	storing new currentRound	{"{from 20 2  <nil>}": {"Key":"to","Type":20,"Integer":3,"String":"","Interface":null}}
2025-08-15T22:12:59.881-0500	DEBUG	protocol/handler.go:1503	processing queued messages
2025-08-15T22:12:59.881-0500	DEBUG	protocol/handler.go:1503	processing queued messages
2025-08-15T22:12:59.885-0500	DEBUG	protocol/handler.go:1591	have processed broadcast	{"{round 20 2  <nil>}": {"Key":"from","Type":15,"Integer":0,"String":"a","Interface":null}}
2025-08-15T22:12:59.885-0500	DEBUG	protocol/handler.go:1591	have processed broadcast	{"{round 20 2  <nil>}": {"Key":"from","Type":15,"Integer":0,"String":"c","Interface":null}}
2025-08-15T22:12:59.885-0500	DEBUG	protocol/handler.go:1591	have processed broadcast	{"{round 20 2  <nil>}": {"Key":"from","Type":15,"Integer":0,"String":"d","Interface":null}}
2025-08-15T22:12:59.886-0500	DEBUG	protocol/handler.go:1591	have processed broadcast	{"{round 20 2  <nil>}": {"Key":"from","Type":15,"Integer":0,"String":"e","Interface":null}}
2025-08-15T22:12:59.886-0500	DEBUG	protocol/handler.go:1591	have processed broadcast	{"{round 20 2  <nil>}": {"Key":"from","Type":15,"Integer":0,"String":"f","Interface":null}}
2025-08-15T22:12:59.886-0500	DEBUG	protocol/handler.go:1591	have processed broadcast	{"{round 20 2  <nil>}": {"Key":"from","Type":15,"Integer":0,"String":"g","Interface":null}}
2025-08-15T22:12:59.886-0500	DEBUG	protocol/handler.go:1649	have all messages and processed	{"{round 20 2  <nil>}": {"Key":"self","Type":15,"Integer":0,"String":"b","Interface":null}}
2025-08-15T22:12:59.886-0500	DEBUG	protocol/handler.go:619	finalizing round
2025-08-15T22:12:59.886-0500	DEBUG	protocol/handler.go:1039	sendRoundMessage	{"{from 15 0 b <nil>}": {"Key":"to","Type":15,"Integer":0,"String":"","Interface":null}, "{round 20 3  <nil>}": {"Key":"broadcast","Type":4,"Integer":1,"String":"","Interface":null}}
2025-08-15T22:12:59.886-0500	DEBUG	protocol/handler.go:1657	storing broadcast	{"{round 20 3  <nil>}": {"Key":"from","Type":15,"Integer":0,"String":"b","Interface":null}}
2025-08-15T22:12:59.886-0500	DEBUG	protocol/handler.go:1081	sent message to output channel	{"{from 15 0 b <nil>}": {"Key":"to","Type":15,"Integer":0,"String":"","Interface":null}, "{round 20 3  <nil>}": {"Key":"broadcast","Type":4,"Integer":1,"String":"","Interface":null}}
2025-08-15T22:12:59.886-0500	DEBUG	protocol/handler.go:1039	sendRoundMessage	{"{from 15 0 b <nil>}": {"Key":"to","Type":15,"Integer":0,"String":"a","Interface":null}, "{round 20 3  <nil>}": {"Key":"broadcast","Type":4,"Integer":0,"String":"","Interface":null}}
2025-08-15T22:12:59.887-0500	DEBUG	protocol/handler.go:1081	sent message to output channel	{"{from 15 0 b <nil>}": {"Key":"to","Type":15,"Integer":0,"String":"a","Interface":null}, "{round 20 3  <nil>}": {"Key":"broadcast","Type":4,"Integer":0,"String":"","Interface":null}}
2025-08-15T22:12:59.887-0500	DEBUG	protocol/handler.go:1039	sendRoundMessage	{"{from 15 0 b <nil>}": {"Key":"to","Type":15,"Integer":0,"String":"c","Interface":null}, "{round 20 3  <nil>}": {"Key":"broadcast","Type":4,"Integer":0,"String":"","Interface":null}}
2025-08-15T22:12:59.887-0500	DEBUG	protocol/handler.go:1591	have processed broadcast	{"{round 20 2  <nil>}": {"Key":"from","Type":15,"Integer":0,"String":"a","Interface":null}}
2025-08-15T22:12:59.887-0500	DEBUG	protocol/handler.go:1591	have processed broadcast	{"{round 20 2  <nil>}": {"Key":"from","Type":15,"Integer":0,"String":"c","Interface":null}}
2025-08-15T22:12:59.887-0500	DEBUG	protocol/handler.go:1591	have processed broadcast	{"{round 20 2  <nil>}": {"Key":"from","Type":15,"Integer":0,"String":"d","Interface":null}}
2025-08-15T22:12:59.887-0500	DEBUG	protocol/handler.go:1591	have processed broadcast	{"{round 20 2  <nil>}": {"Key":"from","Type":15,"Integer":0,"String":"e","Interface":null}}
2025-08-15T22:12:59.887-0500	DEBUG	protocol/handler.go:1591	have processed broadcast	{"{round 20 2  <nil>}": {"Key":"from","Type":15,"Integer":0,"String":"f","Interface":null}}
2025-08-15T22:12:59.887-0500	DEBUG	protocol/handler.go:1591	have processed broadcast	{"{round 20 2  <nil>}": {"Key":"from","Type":15,"Integer":0,"String":"g","Interface":null}}
2025-08-15T22:12:59.887-0500	DEBUG	protocol/handler.go:1649	have all messages and processed	{"{round 20 2  <nil>}": {"Key":"self","Type":15,"Integer":0,"String":"b","Interface":null}}
2025-08-15T22:12:59.887-0500	DEBUG	protocol/handler.go:596	round already finalized
2025-08-15T22:12:59.887-0500	DEBUG	protocol/handler.go:1081	sent message to output channel	{"{from 15 0 b <nil>}": {"Key":"to","Type":15,"Integer":0,"String":"c","Interface":null}, "{round 20 3  <nil>}": {"Key":"broadcast","Type":4,"Integer":0,"String":"","Interface":null}}
2025-08-15T22:12:59.887-0500	DEBUG	protocol/handler.go:1039	sendRoundMessage	{"{from 15 0 b <nil>}": {"Key":"to","Type":15,"Integer":0,"String":"d","Interface":null}, "{round 20 3  <nil>}": {"Key":"broadcast","Type":4,"Integer":0,"String":"","Interface":null}}
2025-08-15T22:12:59.887-0500	DEBUG	protocol/handler.go:1081	sent message to output channel	{"{from 15 0 b <nil>}": {"Key":"to","Type":15,"Integer":0,"String":"d","Interface":null}, "{round 20 3  <nil>}": {"Key":"broadcast","Type":4,"Integer":0,"String":"","Interface":null}}
2025-08-15T22:12:59.887-0500	DEBUG	protocol/handler.go:1039	sendRoundMessage	{"{from 15 0 b <nil>}": {"Key":"to","Type":15,"Integer":0,"String":"e","Interface":null}, "{round 20 3  <nil>}": {"Key":"broadcast","Type":4,"Integer":0,"String":"","Interface":null}}
==================
WARNING: DATA RACE
Write at 0x00c0000b943c by goroutine 2894:
  ??()
      -:0 +0x104ada650
  sync/atomic.CompareAndSwapInt32()
      <autogenerated>:1 +0x18
  sync.(*Mutex).Lock()
      /opt/homebrew/Cellar/go/1.24.6/libexec/src/sync/mutex.go:46 +0x2c
  github.com/luxfi/threshold/protocols/frost/keygen.(*round2).StoreBroadcastMessage()
      /Users/z/work/lux/threshold/protocols/frost/keygen/round2.go:57 +0x58
  github.com/luxfi/threshold/pkg/protocol.(*Handler).verifyBroadcast()
      /Users/z/work/lux/threshold/pkg/protocol/handler.go:1392 +0x648
  github.com/luxfi/threshold/pkg/protocol.(*Handler).processMessage()
      /Users/z/work/lux/threshold/pkg/protocol/handler.go:480 +0xb9c
  github.com/luxfi/threshold/pkg/protocol.(*Handler).messageWorker()
      /Users/z/work/lux/threshold/pkg/protocol/handler.go:408 +0x338
  github.com/luxfi/threshold/pkg/protocol.(*Handler).startWorkers.gowrap2()
      /Users/z/work/lux/threshold/pkg/protocol/handler.go:361 +0x44

Previous read at 0x00c0000b9438 by goroutine 2891:
  github.com/luxfi/threshold/protocols/frost/keygen.(*round2).Number()
      <autogenerated>:1 +0x38
  github.com/luxfi/threshold/pkg/protocol.(*Handler).tryAdvanceRound()
      /Users/z/work/lux/threshold/pkg/protocol/handler.go:606 +0x6c8
  github.com/luxfi/threshold/pkg/protocol.(*Handler).processMessage()
      /Users/z/work/lux/threshold/pkg/protocol/handler.go:486 +0xbb0
  github.com/luxfi/threshold/pkg/protocol.(*Handler).messageWorker()
      /Users/z/work/lux/threshold/pkg/protocol/handler.go:408 +0x338
  github.com/luxfi/threshold/pkg/protocol.(*Handler).startWorkers.gowrap2()
      /Users/z/work/lux/threshold/pkg/protocol/handler.go:361 +0x44

Goroutine 2894 (running) created at:
  github.com/luxfi/threshold/pkg/protocol.(*Handler).startWorkers()
      /Users/z/work/lux/threshold/pkg/protocol/handler.go:361 +0x334
  github.com/luxfi/threshold/pkg/protocol.NewHandler()
      /Users/z/work/lux/threshold/pkg/protocol/handler.go:247 +0xf10
  github.com/luxfi/threshold/internal/test.(*Harness).CreateHandler()
      /Users/z/work/lux/threshold/internal/test/harness.go:91 +0x2e4
  github.com/luxfi/threshold/internal/test.RunProtocol()
      /Users/z/work/lux/threshold/internal/test/harness.go:270 +0x230
  github.com/luxfi/threshold/protocols/frost_test.TestFROSTKeygenAndSign.(*KeygenAndSign).Run.func11()
      /Users/z/work/lux/threshold/internal/test/protocol_helpers.go:97 +0x150
  testing.tRunner()
      /opt/homebrew/Cellar/go/1.24.6/libexec/src/testing/testing.go:1792 +0x180
  testing.(*T).Run.gowrap1()
      /opt/homebrew/Cellar/go/1.24.6/libexec/src/testing/testing.go:1851 +0x40

Goroutine 2891 (running) created at:
  github.com/luxfi/threshold/pkg/protocol.(*Handler).startWorkers()
      /Users/z/work/lux/threshold/pkg/protocol/handler.go:361 +0x334
  github.com/luxfi/threshold/pkg/protocol.NewHandler()
      /Users/z/work/lux/threshold/pkg/protocol/handler.go:247 +0xf10
  github.com/luxfi/threshold/internal/test.(*Harness).CreateHandler()
      /Users/z/work/lux/threshold/internal/test/harness.go:91 +0x2e4
  github.com/luxfi/threshold/internal/test.RunProtocol()
      /Users/z/work/lux/threshold/internal/test/harness.go:270 +0x230
  github.com/luxfi/threshold/protocols/frost_test.TestFROSTKeygenAndSign.(*KeygenAndSign).Run.func11()
      /Users/z/work/lux/threshold/internal/test/protocol_helpers.go:97 +0x150
  testing.tRunner()
      /opt/homebrew/Cellar/go/1.24.6/libexec/src/testing/testing.go:1792 +0x180
  testing.(*T).Run.gowrap1()
      /opt/homebrew/Cellar/go/1.24.6/libexec/src/testing/testing.go:1851 +0x40
==================
2025-08-15T22:12:59.887-0500	DEBUG	protocol/handler.go:581	tryAdvanceRound called	{"{current_round 20 2  <nil>}": {"Key":"self","Type":15,"Integer":0,"String":"b","Interface":null}}
2025-08-15T22:12:59.888-0500	DEBUG	protocol/handler.go:1591	have processed broadcast	{"{round 20 2  <nil>}": {"Key":"from","Type":15,"Integer":0,"String":"a","Interface":null}}
2025-08-15T22:12:59.888-0500	DEBUG	protocol/handler.go:1591	have processed broadcast	{"{round 20 2  <nil>}": {"Key":"from","Type":15,"Integer":0,"String":"c","Interface":null}}
2025-08-15T22:12:59.888-0500	DEBUG	protocol/handler.go:1591	have processed broadcast	{"{round 20 2  <nil>}": {"Key":"from","Type":15,"Integer":0,"String":"d","Interface":null}}
2025-08-15T22:12:59.888-0500	DEBUG	protocol/handler.go:1591	have processed broadcast	{"{round 20 2  <nil>}": {"Key":"from","Type":15,"Integer":0,"String":"e","Interface":null}}
2025-08-15T22:12:59.888-0500	DEBUG	protocol/handler.go:1591	have processed broadcast	{"{round 20 2  <nil>}": {"Key":"from","Type":15,"Integer":0,"String":"f","Interface":null}}
2025-08-15T22:12:59.888-0500	DEBUG	protocol/handler.go:1591	have processed broadcast	{"{round 20 2  <nil>}": {"Key":"from","Type":15,"Integer":0,"String":"g","Interface":null}}
2025-08-15T22:12:59.888-0500	DEBUG	protocol/handler.go:1649	have all messages and processed	{"{round 20 2  <nil>}": {"Key":"self","Type":15,"Integer":0,"String":"b","Interface":null}}
2025-08-15T22:12:59.888-0500	DEBUG	protocol/handler.go:596	round already finalized
2025-08-15T22:12:59.888-0500	DEBUG	protocol/handler.go:432	processMessage: p2p round 3 START	{"{from 15 0 d <nil>}": {"Key":"to","Type":15,"Integer":0,"String":"a","Interface":null}}
2025-08-15T22:12:59.888-0500	DEBUG	protocol/handler.go:437	processing message	{"{from 15 0 d <nil>}": {"Key":"to","Type":15,"Integer":0,"String":"a","Interface":null}, "{round 20 3  <nil>}": {"Key":"broadcast","Type":4,"Integer":0,"String":"","Interface":null}}
2025-08-15T22:12:59.888-0500	DEBUG	protocol/handler.go:1662	storing message	{"{round 20 3  <nil>}": {"Key":"from","Type":15,"Integer":0,"String":"d","Interface":null}}
2025-08-15T22:12:59.889-0500	DEBUG	protocol/handler.go:1081	sent message to output channel	{"{from 15 0 b <nil>}": {"Key":"to","Type":15,"Integer":0,"String":"e","Interface":null}, "{round 20 3  <nil>}": {"Key":"broadcast","Type":4,"Integer":0,"String":"","Interface":null}}
2025-08-15T22:12:59.889-0500	DEBUG	protocol/handler.go:1039	sendRoundMessage	{"{from 15 0 b <nil>}": {"Key":"to","Type":15,"Integer":0,"String":"f","Interface":null}, "{round 20 3  <nil>}": {"Key":"broadcast","Type":4,"Integer":0,"String":"","Interface":null}}
2025-08-15T22:12:59.889-0500	DEBUG	protocol/handler.go:1081	sent message to output channel	{"{from 15 0 b <nil>}": {"Key":"to","Type":15,"Integer":0,"String":"f","Interface":null}, "{round 20 3  <nil>}": {"Key":"broadcast","Type":4,"Integer":0,"String":"","Interface":null}}
2025-08-15T22:12:59.889-0500	DEBUG	protocol/handler.go:1039	sendRoundMessage	{"{from 15 0 b <nil>}": {"Key":"to","Type":15,"Integer":0,"String":"g","Interface":null}, "{round 20 3  <nil>}": {"Key":"broadcast","Type":4,"Integer":0,"String":"","Interface":null}}
2025-08-15T22:12:59.889-0500	DEBUG	protocol/handler.go:1081	sent message to output channel	{"{from 15 0 b <nil>}": {"Key":"to","Type":15,"Integer":0,"String":"g","Interface":null}, "{round 20 3  <nil>}": {"Key":"broadcast","Type":4,"Integer":0,"String":"","Interface":null}}
2025-08-15T22:12:59.889-0500	DEBUG	protocol/handler.go:1182	finalized round messages	{"{round 20 2  <nil>}": {"Key":"messages","Type":11,"Integer":7,"String":"","Interface":null}}
2025-08-15T22:12:59.889-0500	DEBUG	protocol/handler.go:1239	finalize returned next round	{"{current 20 2  <nil>}": {"Key":"next","Type":20,"Integer":3,"String":"","Interface":null}}
2025-08-15T22:12:59.889-0500	INFO	protocol/handler.go:642	storing new currentRound	{"{from 20 2  <nil>}": {"Key":"to","Type":20,"Integer":3,"String":"","Interface":null}}
2025-08-15T22:12:59.889-0500	DEBUG	protocol/handler.go:1503	processing queued messages
2025-08-15T22:12:59.889-0500	INFO	protocol/handler.go:560	advanced to round
2025-08-15T22:12:59.889-0500	DEBUG	protocol/handler.go:581	tryAdvanceRound called	{"{current_round 20 3  <nil>}": {"Key":"self","Type":15,"Integer":0,"String":"b","Interface":null}}
2025-08-15T22:12:59.889-0500	DEBUG	protocol/handler.go:1600	waiting for broadcasts	{"{round 20 3  <nil>}": {"Key":"missing","Type":15,"Integer":0,"String":"[a c d e f g]","Interface":null}}
2025-08-15T22:12:59.889-0500	DEBUG	protocol/handler.go:1503	processing queued messages
2025-08-15T22:12:59.892-0500	DEBUG	protocol/handler.go:1591	have processed broadcast	{"{round 20 2  <nil>}": {"Key":"from","Type":15,"Integer":0,"String":"a","Interface":null}}
2025-08-15T22:12:59.892-0500	DEBUG	protocol/handler.go:1591	have processed broadcast	{"{round 20 2  <nil>}": {"Key":"from","Type":15,"Integer":0,"String":"b","Interface":null}}
2025-08-15T22:12:59.893-0500	DEBUG	protocol/handler.go:1591	have processed broadcast	{"{round 20 2  <nil>}": {"Key":"from","Type":15,"Integer":0,"String":"c","Interface":null}}
2025-08-15T22:12:59.893-0500	DEBUG	protocol/handler.go:1591	have processed broadcast	{"{round 20 2  <nil>}": {"Key":"from","Type":15,"Integer":0,"String":"e","Interface":null}}
2025-08-15T22:12:59.893-0500	DEBUG	protocol/handler.go:437	processing message	{"{from 15 0 c <nil>}": {"Key":"to","Type":15,"Integer":0,"String":"","Interface":null}, "{round 20 3  <nil>}": {"Key":"broadcast","Type":4,"Integer":1,"String":"","Interface":null}}
2025-08-15T22:12:59.893-0500	DEBUG	protocol/handler.go:1591	have processed broadcast	{"{round 20 2  <nil>}": {"Key":"from","Type":15,"Integer":0,"String":"f","Interface":null}}
2025-08-15T22:12:59.893-0500	DEBUG	protocol/handler.go:1657	storing broadcast	{"{round 20 3  <nil>}": {"Key":"from","Type":15,"Integer":0,"String":"c","Interface":null}}
2025-08-15T22:12:59.893-0500	DEBUG	protocol/handler.go:1591	have processed broadcast	{"{round 20 2  <nil>}": {"Key":"from","Type":15,"Integer":0,"String":"g","Interface":null}}
2025-08-15T22:12:59.893-0500	DEBUG	protocol/handler.go:1649	have all messages and processed	{"{round 20 2  <nil>}": {"Key":"self","Type":15,"Integer":0,"String":"d","Interface":null}}
2025-08-15T22:12:59.893-0500	DEBUG	protocol/handler.go:596	round already finalized
2025-08-15T22:12:59.893-0500	DEBUG	protocol/handler.go:600	current round already advanced	{"{checking 20 2  <nil>}": {"Key":"current","Type":20,"Integer":3,"String":"","Interface":null}}
2025-08-15T22:12:59.893-0500	DEBUG	protocol/handler.go:581	tryAdvanceRound called	{"{current_round 20 3  <nil>}": {"Key":"self","Type":15,"Integer":0,"String":"d","Interface":null}}
2025-08-15T22:12:59.893-0500	DEBUG	protocol/handler.go:1591	have processed broadcast	{"{round 20 3  <nil>}": {"Key":"from","Type":15,"Integer":0,"String":"c","Interface":null}}
2025-08-15T22:12:59.893-0500	DEBUG	protocol/handler.go:437	processing message	{"{from 15 0 b <nil>}": {"Key":"to","Type":15,"Integer":0,"String":"","Interface":null}, "{round 20 3  <nil>}": {"Key":"broadcast","Type":4,"Integer":1,"String":"","Interface":null}}
2025-08-15T22:12:59.893-0500	DEBUG	protocol/handler.go:1600	waiting for broadcasts	{"{round 20 3  <nil>}": {"Key":"missing","Type":15,"Integer":0,"String":"[a b e f g]","Interface":null}}
2025-08-15T22:12:59.893-0500	DEBUG	protocol/handler.go:1657	storing broadcast	{"{round 20 3  <nil>}": {"Key":"from","Type":15,"Integer":0,"String":"b","Interface":null}}
2025-08-15T22:12:59.893-0500	DEBUG	protocol/handler.go:1503	processing queued messages
2025-08-15T22:12:59.893-0500	DEBUG	protocol/handler.go:581	tryAdvanceRound called	{"{current_round 20 3  <nil>}": {"Key":"self","Type":15,"Integer":0,"String":"a","Interface":null}}
2025-08-15T22:12:59.834-0500	DEBUG	protocol/handler.go:581	tryAdvanceRound called	{"{current_round 20 2  <nil>}": {"Key":"self","Type":15,"Integer":0,"String":"g","Interface":null}}
2025-08-15T22:12:59.895-0500	DEBUG	protocol/handler.go:1591	have processed broadcast	{"{round 20 3  <nil>}": {"Key":"from","Type":15,"Integer":0,"String":"b","Interface":null}}
2025-08-15T22:12:59.895-0500	DEBUG	protocol/handler.go:1591	have processed broadcast	{"{round 20 3  <nil>}": {"Key":"from","Type":15,"Integer":0,"String":"c","Interface":null}}
2025-08-15T22:12:59.895-0500	DEBUG	protocol/handler.go:1591	have processed broadcast	{"{round 20 3  <nil>}": {"Key":"from","Type":15,"Integer":0,"String":"d","Interface":null}}
2025-08-15T22:12:59.895-0500	DEBUG	protocol/handler.go:1600	waiting for broadcasts	{"{round 20 3  <nil>}": {"Key":"missing","Type":15,"Integer":0,"String":"[e f g]","Interface":null}}
2025-08-15T22:12:59.895-0500	DEBUG	protocol/handler.go:432	processMessage: p2p round 3 START	{"{from 15 0 d <nil>}": {"Key":"to","Type":15,"Integer":0,"String":"e","Interface":null}}
2025-08-15T22:12:59.943-0500	INFO	protocol/handler.go:560	advanced to round
2025-08-15T22:12:59.943-0500	DEBUG	protocol/handler.go:581	tryAdvanceRound called	{"{current_round 20 3  <nil>}": {"Key":"self","Type":15,"Integer":0,"String":"d","Interface":null}}
2025-08-15T22:12:59.943-0500	DEBUG	protocol/handler.go:1591	have processed broadcast	{"{round 20 3  <nil>}": {"Key":"from","Type":15,"Integer":0,"String":"c","Interface":null}}
2025-08-15T22:12:59.896-0500	DEBUG	protocol/handler.go:437	processing message	{"{from 15 0 a <nil>}": {"Key":"to","Type":15,"Integer":0,"String":"","Interface":null}, "{round 20 3  <nil>}": {"Key":"broadcast","Type":4,"Integer":1,"String":"","Interface":null}}
2025-08-15T22:12:59.944-0500	DEBUG	protocol/handler.go:1600	waiting for broadcasts	{"{round 20 3  <nil>}": {"Key":"missing","Type":15,"Integer":0,"String":"[a b e f g]","Interface":null}}
2025-08-15T22:12:59.896-0500	DEBUG	protocol/handler.go:437	processing message	{"{from 15 0 d <nil>}": {"Key":"to","Type":15,"Integer":0,"String":"e","Interface":null}, "{round 20 3  <nil>}": {"Key":"broadcast","Type":4,"Integer":0,"String":"","Interface":null}}
2025-08-15T22:12:59.944-0500	DEBUG	protocol/handler.go:1657	storing broadcast	{"{round 20 3  <nil>}": {"Key":"from","Type":15,"Integer":0,"String":"a","Interface":null}}
2025-08-15T22:12:59.944-0500	DEBUG	protocol/handler.go:1662	storing message	{"{round 20 3  <nil>}": {"Key":"from","Type":15,"Integer":0,"String":"d","Interface":null}}
2025-08-15T22:12:59.892-0500	DEBUG	protocol/handler.go:1591	have processed broadcast	{"{round 20 2  <nil>}": {"Key":"from","Type":15,"Integer":0,"String":"b","Interface":null}}
2025-08-15T22:12:59.944-0500	DEBUG	protocol/handler.go:1591	have processed broadcast	{"{round 20 2  <nil>}": {"Key":"from","Type":15,"Integer":0,"String":"c","Interface":null}}
2025-08-15T22:12:59.944-0500	DEBUG	protocol/handler.go:1591	have processed broadcast	{"{round 20 2  <nil>}": {"Key":"from","Type":15,"Integer":0,"String":"d","Interface":null}}
2025-08-15T22:12:59.944-0500	DEBUG	protocol/handler.go:1591	have processed broadcast	{"{round 20 2  <nil>}": {"Key":"from","Type":15,"Integer":0,"String":"f","Interface":null}}
2025-08-15T22:12:59.944-0500	DEBUG	protocol/handler.go:1591	have processed broadcast	{"{round 20 2  <nil>}": {"Key":"from","Type":15,"Integer":0,"String":"g","Interface":null}}
2025-08-15T22:12:59.944-0500	DEBUG	protocol/handler.go:1600	waiting for broadcasts	{"{round 20 2  <nil>}": {"Key":"missing","Type":15,"Integer":0,"String":"[a]","Interface":null}}
2025-08-15T22:12:59.945-0500	DEBUG	protocol/handler.go:581	tryAdvanceRound called	{"{current_round 20 2  <nil>}": {"Key":"self","Type":15,"Integer":0,"String":"e","Interface":null}}
2025-08-15T22:12:59.945-0500	DEBUG	protocol/handler.go:1591	have processed broadcast	{"{round 20 2  <nil>}": {"Key":"from","Type":15,"Integer":0,"String":"b","Interface":null}}
2025-08-15T22:12:59.945-0500	DEBUG	protocol/handler.go:1591	have processed broadcast	{"{round 20 2  <nil>}": {"Key":"from","Type":15,"Integer":0,"String":"c","Interface":null}}
2025-08-15T22:12:59.945-0500	DEBUG	protocol/handler.go:1591	have processed broadcast	{"{round 20 2  <nil>}": {"Key":"from","Type":15,"Integer":0,"String":"d","Interface":null}}
2025-08-15T22:12:59.945-0500	DEBUG	protocol/handler.go:1591	have processed broadcast	{"{round 20 2  <nil>}": {"Key":"from","Type":15,"Integer":0,"String":"f","Interface":null}}
2025-08-15T22:12:59.945-0500	DEBUG	protocol/handler.go:1591	have processed broadcast	{"{round 20 2  <nil>}": {"Key":"from","Type":15,"Integer":0,"String":"g","Interface":null}}
2025-08-15T22:12:59.945-0500	DEBUG	protocol/handler.go:1600	waiting for broadcasts	{"{round 20 2  <nil>}": {"Key":"missing","Type":15,"Integer":0,"String":"[a]","Interface":null}}
2025-08-15T22:12:59.722-0500	DEBUG	protocol/handler.go:437	processing message	{"{from 15 0 a <nil>}": {"Key":"to","Type":15,"Integer":0,"String":"","Interface":null}, "{round 20 2  <nil>}": {"Key":"broadcast","Type":4,"Integer":1,"String":"","Interface":null}}
2025-08-15T22:12:59.944-0500	DEBUG	protocol/handler.go:581	tryAdvanceRound called	{"{current_round 20 3  <nil>}": {"Key":"self","Type":15,"Integer":0,"String":"c","Interface":null}}
2025-08-15T22:12:59.945-0500	DEBUG	protocol/handler.go:1657	storing broadcast	{"{round 20 2  <nil>}": {"Key":"from","Type":15,"Integer":0,"String":"a","Interface":null}}
2025-08-15T22:12:59.945-0500	DEBUG	protocol/handler.go:1591	have processed broadcast	{"{round 20 3  <nil>}": {"Key":"from","Type":15,"Integer":0,"String":"a","Interface":null}}
2025-08-15T22:12:59.945-0500	DEBUG	protocol/handler.go:1600	waiting for broadcasts	{"{round 20 3  <nil>}": {"Key":"missing","Type":15,"Integer":0,"String":"[b d e f g]","Interface":null}}
2025-08-15T22:12:59.945-0500	DEBUG	protocol/handler.go:432	processMessage: p2p round 3 START	{"{from 15 0 b <nil>}": {"Key":"to","Type":15,"Integer":0,"String":"a","Interface":null}}
==================
WARNING: DATA RACE
Write at 0x00c000c600bc by goroutine 2976:
  ??()
      -:0 +0x104ada650
  sync/atomic.CompareAndSwapInt32()
      <autogenerated>:1 +0x18
  sync.(*Mutex).Lock()
      /opt/homebrew/Cellar/go/1.24.6/libexec/src/sync/mutex.go:46 +0x2c
  github.com/luxfi/threshold/protocols/frost/keygen.(*round2).StoreBroadcastMessage()
      /Users/z/work/lux/threshold/protocols/frost/keygen/round2.go:57 +0x58
  github.com/luxfi/threshold/pkg/protocol.(*Handler).verifyBroadcast()
      /Users/z/work/lux/threshold/pkg/protocol/handler.go:1392 +0x648
  github.com/luxfi/threshold/pkg/protocol.(*Handler).processMessage()
      /Users/z/work/lux/threshold/pkg/protocol/handler.go:480 +0xb9c
  github.com/luxfi/threshold/pkg/protocol.(*Handler).messageWorker()
      /Users/z/work/lux/threshold/pkg/protocol/handler.go:408 +0x338
  github.com/luxfi/threshold/pkg/protocol.(*Handler).startWorkers.gowrap2()
      /Users/z/work/lux/threshold/pkg/protocol/handler.go:361 +0x44

Previous read at 0x00c000c600b8 by goroutine 2973:
  github.com/luxfi/threshold/protocols/frost/keygen.(*round2).Number()
      <autogenerated>:1 +0x38
  github.com/luxfi/threshold/pkg/protocol.(*Handler).processMessage()
      /Users/z/work/lux/threshold/pkg/protocol/handler.go:472 +0xa00
  github.com/luxfi/threshold/pkg/protocol.(*Handler).messageWorker()
      /Users/z/work/lux/threshold/pkg/protocol/handler.go:408 +0x338
  github.com/luxfi/threshold/pkg/protocol.(*Handler).startWorkers.gowrap1()
      /Users/z/work/lux/threshold/pkg/protocol/handler.go:355 +0x44

Goroutine 2976 (running) created at:
  github.com/luxfi/threshold/pkg/protocol.(*Handler).startWorkers()
      /Users/z/work/lux/threshold/pkg/protocol/handler.go:361 +0x334
  github.com/luxfi/threshold/pkg/protocol.NewHandler()
      /Users/z/work/lux/threshold/pkg/protocol/handler.go:247 +0xf10
  github.com/luxfi/threshold/internal/test.(*Harness).CreateHandler()
      /Users/z/work/lux/threshold/internal/test/harness.go:91 +0x2e4
  github.com/luxfi/threshold/internal/test.RunProtocol()
      /Users/z/work/lux/threshold/internal/test/harness.go:270 +0x230
  github.com/luxfi/threshold/protocols/frost_test.TestFROSTKeygenAndSign.(*KeygenAndSign).Run.func11()
      /Users/z/work/lux/threshold/internal/test/protocol_helpers.go:97 +0x150
  testing.tRunner()
      /opt/homebrew/Cellar/go/1.24.6/libexec/src/testing/testing.go:1792 +0x180
  testing.(*T).Run.gowrap1()
      /opt/homebrew/Cellar/go/1.24.6/libexec/src/testing/testing.go:1851 +0x40

Goroutine 2973 (running) created at:
  github.com/luxfi/threshold/pkg/protocol.(*Handler).startWorkers()
      /Users/z/work/lux/threshold/pkg/protocol/handler.go:355 +0x27c
  github.com/luxfi/threshold/pkg/protocol.NewHandler()
      /Users/z/work/lux/threshold/pkg/protocol/handler.go:247 +0xf10
  github.com/luxfi/threshold/internal/test.(*Harness).CreateHandler()
      /Users/z/work/lux/threshold/internal/test/harness.go:91 +0x2e4
  github.com/luxfi/threshold/internal/test.RunProtocol()
      /Users/z/work/lux/threshold/internal/test/harness.go:270 +0x230
  github.com/luxfi/threshold/protocols/frost_test.TestFROSTKeygenAndSign.(*KeygenAndSign).Run.func11()
      /Users/z/work/lux/threshold/internal/test/protocol_helpers.go:97 +0x150
  testing.tRunner()
      /opt/homebrew/Cellar/go/1.24.6/libexec/src/testing/testing.go:1792 +0x180
  testing.(*T).Run.gowrap1()
      /opt/homebrew/Cellar/go/1.24.6/libexec/src/testing/testing.go:1851 +0x40
==================
2025-08-15T22:12:59.947-0500	DEBUG	protocol/handler.go:437	processing message	{"{from 15 0 b <nil>}": {"Key":"to","Type":15,"Integer":0,"String":"a","Interface":null}, "{round 20 3  <nil>}": {"Key":"broadcast","Type":4,"Integer":0,"String":"","Interface":null}}
2025-08-15T22:12:59.947-0500	DEBUG	protocol/handler.go:1662	storing message	{"{round 20 3  <nil>}": {"Key":"from","Type":15,"Integer":0,"String":"b","Interface":null}}
2025-08-15T22:12:59.949-0500	DEBUG	protocol/handler.go:581	tryAdvanceRound called	{"{current_round 20 3  <nil>}": {"Key":"self","Type":15,"Integer":0,"String":"a","Interface":null}}
2025-08-15T22:12:59.949-0500	DEBUG	protocol/handler.go:1591	have processed broadcast	{"{round 20 3  <nil>}": {"Key":"from","Type":15,"Integer":0,"String":"b","Interface":null}}
2025-08-15T22:12:59.949-0500	DEBUG	protocol/handler.go:1591	have processed broadcast	{"{round 20 3  <nil>}": {"Key":"from","Type":15,"Integer":0,"String":"c","Interface":null}}
2025-08-15T22:12:59.949-0500	DEBUG	protocol/handler.go:1591	have processed broadcast	{"{round 20 3  <nil>}": {"Key":"from","Type":15,"Integer":0,"String":"d","Interface":null}}
2025-08-15T22:12:59.949-0500	DEBUG	protocol/handler.go:1600	waiting for broadcasts	{"{round 20 3  <nil>}": {"Key":"missing","Type":15,"Integer":0,"String":"[e f g]","Interface":null}}
2025-08-15T22:12:59.949-0500	DEBUG	protocol/handler.go:581	tryAdvanceRound called	{"{current_round 20 2  <nil>}": {"Key":"self","Type":15,"Integer":0,"String":"f","Interface":null}}
2025-08-15T22:12:59.949-0500	DEBUG	protocol/handler.go:1591	have processed broadcast	{"{round 20 2  <nil>}": {"Key":"from","Type":15,"Integer":0,"String":"a","Interface":null}}
2025-08-15T22:12:59.949-0500	DEBUG	protocol/handler.go:1591	have processed broadcast	{"{round 20 2  <nil>}": {"Key":"from","Type":15,"Integer":0,"String":"b","Interface":null}}
2025-08-15T22:12:59.949-0500	DEBUG	protocol/handler.go:1591	have processed broadcast	{"{round 20 2  <nil>}": {"Key":"from","Type":15,"Integer":0,"String":"c","Interface":null}}
2025-08-15T22:12:59.949-0500	DEBUG	protocol/handler.go:1591	have processed broadcast	{"{round 20 2  <nil>}": {"Key":"from","Type":15,"Integer":0,"String":"d","Interface":null}}
2025-08-15T22:12:59.949-0500	DEBUG	protocol/handler.go:1591	have processed broadcast	{"{round 20 2  <nil>}": {"Key":"from","Type":15,"Integer":0,"String":"e","Interface":null}}
2025-08-15T22:12:59.949-0500	DEBUG	protocol/handler.go:1591	have processed broadcast	{"{round 20 2  <nil>}": {"Key":"from","Type":15,"Integer":0,"String":"g","Interface":null}}
2025-08-15T22:12:59.949-0500	DEBUG	protocol/handler.go:1649	have all messages and processed	{"{round 20 2  <nil>}": {"Key":"self","Type":15,"Integer":0,"String":"f","Interface":null}}
2025-08-15T22:12:59.949-0500	DEBUG	protocol/handler.go:619	finalizing round
2025-08-15T22:12:59.950-0500	DEBUG	protocol/handler.go:581	tryAdvanceRound called	{"{current_round 20 3  <nil>}": {"Key":"self","Type":15,"Integer":0,"String":"d","Interface":null}}
2025-08-15T22:12:59.950-0500	DEBUG	protocol/handler.go:1591	have processed broadcast	{"{round 20 3  <nil>}": {"Key":"from","Type":15,"Integer":0,"String":"c","Interface":null}}
2025-08-15T22:12:59.950-0500	DEBUG	protocol/handler.go:1600	waiting for broadcasts	{"{round 20 3  <nil>}": {"Key":"missing","Type":15,"Integer":0,"String":"[a b e f g]","Interface":null}}
2025-08-15T22:12:59.950-0500	DEBUG	protocol/handler.go:1039	sendRoundMessage	{"{from 15 0 f <nil>}": {"Key":"to","Type":15,"Integer":0,"String":"","Interface":null}, "{round 20 3  <nil>}": {"Key":"broadcast","Type":4,"Integer":1,"String":"","Interface":null}}
2025-08-15T22:12:59.950-0500	DEBUG	protocol/handler.go:1657	storing broadcast	{"{round 20 3  <nil>}": {"Key":"from","Type":15,"Integer":0,"String":"f","Interface":null}}
2025-08-15T22:12:59.950-0500	DEBUG	protocol/handler.go:1081	sent message to output channel	{"{from 15 0 f <nil>}": {"Key":"to","Type":15,"Integer":0,"String":"","Interface":null}, "{round 20 3  <nil>}": {"Key":"broadcast","Type":4,"Integer":1,"String":"","Interface":null}}
2025-08-15T22:12:59.950-0500	DEBUG	protocol/handler.go:1039	sendRoundMessage	{"{from 15 0 f <nil>}": {"Key":"to","Type":15,"Integer":0,"String":"a","Interface":null}, "{round 20 3  <nil>}": {"Key":"broadcast","Type":4,"Integer":0,"String":"","Interface":null}}
2025-08-15T22:12:59.950-0500	DEBUG	protocol/handler.go:581	tryAdvanceRound called	{"{current_round 20 3  <nil>}": {"Key":"self","Type":15,"Integer":0,"String":"b","Interface":null}}
2025-08-15T22:12:59.950-0500	DEBUG	protocol/handler.go:1081	sent message to output channel	{"{from 15 0 f <nil>}": {"Key":"to","Type":15,"Integer":0,"String":"a","Interface":null}, "{round 20 3  <nil>}": {"Key":"broadcast","Type":4,"Integer":0,"String":"","Interface":null}}
2025-08-15T22:12:59.950-0500	DEBUG	protocol/handler.go:1039	sendRoundMessage	{"{from 15 0 f <nil>}": {"Key":"to","Type":15,"Integer":0,"String":"b","Interface":null}, "{round 20 3  <nil>}": {"Key":"broadcast","Type":4,"Integer":0,"String":"","Interface":null}}
2025-08-15T22:12:59.950-0500	DEBUG	protocol/handler.go:1081	sent message to output channel	{"{from 15 0 f <nil>}": {"Key":"to","Type":15,"Integer":0,"String":"b","Interface":null}, "{round 20 3  <nil>}": {"Key":"broadcast","Type":4,"Integer":0,"String":"","Interface":null}}
2025-08-15T22:12:59.950-0500	DEBUG	protocol/handler.go:1600	waiting for broadcasts	{"{round 20 3  <nil>}": {"Key":"missing","Type":15,"Integer":0,"String":"[a c d e f g]","Interface":null}}
2025-08-15T22:12:59.950-0500	DEBUG	protocol/handler.go:1039	sendRoundMessage	{"{from 15 0 f <nil>}": {"Key":"to","Type":15,"Integer":0,"String":"c","Interface":null}, "{round 20 3  <nil>}": {"Key":"broadcast","Type":4,"Integer":0,"String":"","Interface":null}}
2025-08-15T22:12:59.951-0500	DEBUG	protocol/handler.go:1081	sent message to output channel	{"{from 15 0 f <nil>}": {"Key":"to","Type":15,"Integer":0,"String":"c","Interface":null}, "{round 20 3  <nil>}": {"Key":"broadcast","Type":4,"Integer":0,"String":"","Interface":null}}
2025-08-15T22:12:59.951-0500	DEBUG	protocol/handler.go:1039	sendRoundMessage	{"{from 15 0 f <nil>}": {"Key":"to","Type":15,"Integer":0,"String":"d","Interface":null}, "{round 20 3  <nil>}": {"Key":"broadcast","Type":4,"Integer":0,"String":"","Interface":null}}
2025-08-15T22:12:59.951-0500	DEBUG	protocol/handler.go:1081	sent message to output channel	{"{from 15 0 f <nil>}": {"Key":"to","Type":15,"Integer":0,"String":"d","Interface":null}, "{round 20 3  <nil>}": {"Key":"broadcast","Type":4,"Integer":0,"String":"","Interface":null}}
2025-08-15T22:12:59.951-0500	DEBUG	protocol/handler.go:1039	sendRoundMessage	{"{from 15 0 f <nil>}": {"Key":"to","Type":15,"Integer":0,"String":"e","Interface":null}, "{round 20 3  <nil>}": {"Key":"broadcast","Type":4,"Integer":0,"String":"","Interface":null}}
2025-08-15T22:12:59.951-0500	DEBUG	protocol/handler.go:1081	sent message to output channel	{"{from 15 0 f <nil>}": {"Key":"to","Type":15,"Integer":0,"String":"e","Interface":null}, "{round 20 3  <nil>}": {"Key":"broadcast","Type":4,"Integer":0,"String":"","Interface":null}}
2025-08-15T22:12:59.951-0500	DEBUG	protocol/handler.go:1039	sendRoundMessage	{"{from 15 0 f <nil>}": {"Key":"to","Type":15,"Integer":0,"String":"g","Interface":null}, "{round 20 3  <nil>}": {"Key":"broadcast","Type":4,"Integer":0,"String":"","Interface":null}}
2025-08-15T22:12:59.951-0500	DEBUG	protocol/handler.go:1081	sent message to output channel	{"{from 15 0 f <nil>}": {"Key":"to","Type":15,"Integer":0,"String":"g","Interface":null}, "{round 20 3  <nil>}": {"Key":"broadcast","Type":4,"Integer":0,"String":"","Interface":null}}
2025-08-15T22:12:59.951-0500	DEBUG	protocol/handler.go:1182	finalized round messages	{"{round 20 2  <nil>}": {"Key":"messages","Type":11,"Integer":7,"String":"","Interface":null}}
2025-08-15T22:12:59.951-0500	DEBUG	protocol/handler.go:1239	finalize returned next round	{"{current 20 2  <nil>}": {"Key":"next","Type":20,"Integer":3,"String":"","Interface":null}}
2025-08-15T22:12:59.951-0500	INFO	protocol/handler.go:642	storing new currentRound	{"{from 20 2  <nil>}": {"Key":"to","Type":20,"Integer":3,"String":"","Interface":null}}
2025-08-15T22:12:59.951-0500	DEBUG	protocol/handler.go:1503	processing queued messages
2025-08-15T22:12:59.951-0500	DEBUG	protocol/handler.go:1503	processing queued messages
2025-08-15T22:12:59.954-0500	DEBUG	protocol/handler.go:581	tryAdvanceRound called	{"{current_round 20 2  <nil>}": {"Key":"self","Type":15,"Integer":0,"String":"e","Interface":null}}
2025-08-15T22:12:59.954-0500	DEBUG	protocol/handler.go:1591	have processed broadcast	{"{round 20 2  <nil>}": {"Key":"from","Type":15,"Integer":0,"String":"a","Interface":null}}
2025-08-15T22:12:59.954-0500	DEBUG	protocol/handler.go:1591	have processed broadcast	{"{round 20 2  <nil>}": {"Key":"from","Type":15,"Integer":0,"String":"b","Interface":null}}
2025-08-15T22:12:59.954-0500	DEBUG	protocol/handler.go:581	tryAdvanceRound called	{"{current_round 20 3  <nil>}": {"Key":"self","Type":15,"Integer":0,"String":"a","Interface":null}}
2025-08-15T22:12:59.954-0500	DEBUG	protocol/handler.go:1591	have processed broadcast	{"{round 20 2  <nil>}": {"Key":"from","Type":15,"Integer":0,"String":"c","Interface":null}}
2025-08-15T22:12:59.954-0500	DEBUG	protocol/handler.go:1591	have processed broadcast	{"{round 20 3  <nil>}": {"Key":"from","Type":15,"Integer":0,"String":"b","Interface":null}}
2025-08-15T22:12:59.895-0500	DEBUG	protocol/handler.go:432	processMessage: p2p round 3 START	{"{from 15 0 a <nil>}": {"Key":"to","Type":15,"Integer":0,"String":"c","Interface":null}}
2025-08-15T22:12:59.954-0500	DEBUG	protocol/handler.go:1591	have processed broadcast	{"{round 20 3  <nil>}": {"Key":"from","Type":15,"Integer":0,"String":"c","Interface":null}}
2025-08-15T22:12:59.954-0500	DEBUG	protocol/handler.go:437	processing message	{"{from 15 0 a <nil>}": {"Key":"to","Type":15,"Integer":0,"String":"c","Interface":null}, "{round 20 3  <nil>}": {"Key":"broadcast","Type":4,"Integer":0,"String":"","Interface":null}}
2025-08-15T22:12:59.954-0500	DEBUG	protocol/handler.go:1591	have processed broadcast	{"{round 20 3  <nil>}": {"Key":"from","Type":15,"Integer":0,"String":"d","Interface":null}}
2025-08-15T22:12:59.954-0500	DEBUG	protocol/handler.go:1662	storing message	{"{round 20 3  <nil>}": {"Key":"from","Type":15,"Integer":0,"String":"a","Interface":null}}
2025-08-15T22:12:59.954-0500	DEBUG	protocol/handler.go:1600	waiting for broadcasts	{"{round 20 3  <nil>}": {"Key":"missing","Type":15,"Integer":0,"String":"[e f g]","Interface":null}}
2025-08-15T22:12:59.954-0500	DEBUG	protocol/handler.go:1591	have processed broadcast	{"{round 20 2  <nil>}": {"Key":"from","Type":15,"Integer":0,"String":"d","Interface":null}}
2025-08-15T22:12:59.954-0500	DEBUG	protocol/handler.go:1591	have processed broadcast	{"{round 20 2  <nil>}": {"Key":"from","Type":15,"Integer":0,"String":"f","Interface":null}}
2025-08-15T22:12:59.955-0500	DEBUG	protocol/handler.go:1591	have processed broadcast	{"{round 20 2  <nil>}": {"Key":"from","Type":15,"Integer":0,"String":"g","Interface":null}}
2025-08-15T22:12:59.955-0500	DEBUG	protocol/handler.go:1649	have all messages and processed	{"{round 20 2  <nil>}": {"Key":"self","Type":15,"Integer":0,"String":"e","Interface":null}}
2025-08-15T22:12:59.955-0500	DEBUG	protocol/handler.go:619	finalizing round
2025-08-15T22:12:59.955-0500	DEBUG	protocol/handler.go:581	tryAdvanceRound called	{"{current_round 20 3  <nil>}": {"Key":"self","Type":15,"Integer":0,"String":"b","Interface":null}}
2025-08-15T22:12:59.955-0500	DEBUG	protocol/handler.go:1600	waiting for broadcasts	{"{round 20 3  <nil>}": {"Key":"missing","Type":15,"Integer":0,"String":"[a c d e f g]","Interface":null}}
2025-08-15T22:12:59.955-0500	DEBUG	protocol/handler.go:1039	sendRoundMessage	{"{from 15 0 e <nil>}": {"Key":"to","Type":15,"Integer":0,"String":"","Interface":null}, "{round 20 3  <nil>}": {"Key":"broadcast","Type":4,"Integer":1,"String":"","Interface":null}}
2025-08-15T22:12:59.955-0500	DEBUG	protocol/handler.go:1657	storing broadcast	{"{round 20 3  <nil>}": {"Key":"from","Type":15,"Integer":0,"String":"e","Interface":null}}
2025-08-15T22:12:59.955-0500	DEBUG	protocol/handler.go:581	tryAdvanceRound called	{"{current_round 20 3  <nil>}": {"Key":"self","Type":15,"Integer":0,"String":"a","Interface":null}}
2025-08-15T22:12:59.955-0500	DEBUG	protocol/handler.go:1081	sent message to output channel	{"{from 15 0 e <nil>}": {"Key":"to","Type":15,"Integer":0,"String":"","Interface":null}, "{round 20 3  <nil>}": {"Key":"broadcast","Type":4,"Integer":1,"String":"","Interface":null}}
2025-08-15T22:12:59.944-0500	DEBUG	protocol/handler.go:432	processMessage: p2p round 3 START	{"{from 15 0 b <nil>}": {"Key":"to","Type":15,"Integer":0,"String":"e","Interface":null}}
2025-08-15T22:12:59.956-0500	DEBUG	protocol/handler.go:581	tryAdvanceRound called	{"{current_round 20 3  <nil>}": {"Key":"self","Type":15,"Integer":0,"String":"c","Interface":null}}
2025-08-15T22:12:59.895-0500	DEBUG	protocol/handler.go:437	processing message	{"{from 15 0 b <nil>}": {"Key":"to","Type":15,"Integer":0,"String":"","Interface":null}, "{round 20 3  <nil>}": {"Key":"broadcast","Type":4,"Integer":1,"String":"","Interface":null}}
2025-08-15T22:12:59.956-0500	DEBUG	protocol/handler.go:1657	storing broadcast	{"{round 20 3  <nil>}": {"Key":"from","Type":15,"Integer":0,"String":"b","Interface":null}}
2025-08-15T22:12:59.956-0500	DEBUG	protocol/handler.go:437	processing message	{"{from 15 0 b <nil>}": {"Key":"to","Type":15,"Integer":0,"String":"e","Interface":null}, "{round 20 3  <nil>}": {"Key":"broadcast","Type":4,"Integer":0,"String":"","Interface":null}}
2025-08-15T22:12:59.956-0500	DEBUG	protocol/handler.go:581	tryAdvanceRound called	{"{current_round 20 3  <nil>}": {"Key":"self","Type":15,"Integer":0,"String":"c","Interface":null}}
2025-08-15T22:12:59.956-0500	DEBUG	protocol/handler.go:432	processMessage: p2p round 3 START	{"{from 15 0 f <nil>}": {"Key":"to","Type":15,"Integer":0,"String":"b","Interface":null}}
2025-08-15T22:12:59.944-0500	DEBUG	protocol/handler.go:470	message for different round (buffering)	{"{msg_round 20 3  <nil>}": {"Key":"current_round","Type":20,"Integer":2,"String":"","Interface":null}}
2025-08-15T22:12:59.957-0500	DEBUG	protocol/handler.go:581	tryAdvanceRound called	{"{current_round 20 2  <nil>}": {"Key":"self","Type":15,"Integer":0,"String":"e","Interface":null}}
2025-08-15T22:12:59.957-0500	DEBUG	protocol/handler.go:581	tryAdvanceRound called	{"{current_round 20 2  <nil>}": {"Key":"self","Type":15,"Integer":0,"String":"e","Interface":null}}
2025-08-15T22:12:59.957-0500	DEBUG	protocol/handler.go:437	processing message	{"{from 15 0 f <nil>}": {"Key":"to","Type":15,"Integer":0,"String":"b","Interface":null}, "{round 20 3  <nil>}": {"Key":"broadcast","Type":4,"Integer":0,"String":"","Interface":null}}
2025-08-15T22:12:59.957-0500	DEBUG	protocol/handler.go:1662	storing message	{"{round 20 3  <nil>}": {"Key":"from","Type":15,"Integer":0,"String":"f","Interface":null}}
2025-08-15T22:12:59.957-0500	DEBUG	protocol/handler.go:1591	have processed broadcast	{"{round 20 2  <nil>}": {"Key":"from","Type":15,"Integer":0,"String":"a","Interface":null}}
2025-08-15T22:12:59.957-0500	DEBUG	protocol/handler.go:1591	have processed broadcast	{"{round 20 2  <nil>}": {"Key":"from","Type":15,"Integer":0,"String":"a","Interface":null}}
2025-08-15T22:12:59.957-0500	DEBUG	protocol/handler.go:581	tryAdvanceRound called	{"{current_round 20 3  <nil>}": {"Key":"self","Type":15,"Integer":0,"String":"b","Interface":null}}
2025-08-15T22:12:59.957-0500	DEBUG	protocol/handler.go:1591	have processed broadcast	{"{round 20 2  <nil>}": {"Key":"from","Type":15,"Integer":0,"String":"b","Interface":null}}
2025-08-15T22:12:59.957-0500	DEBUG	protocol/handler.go:1591	have processed broadcast	{"{round 20 2  <nil>}": {"Key":"from","Type":15,"Integer":0,"String":"b","Interface":null}}
2025-08-15T22:12:59.957-0500	DEBUG	protocol/handler.go:1306	waiting for broadcast before normal message
2025-08-15T22:12:59.957-0500	DEBUG	protocol/handler.go:1591	have processed broadcast	{"{round 20 2  <nil>}": {"Key":"from","Type":15,"Integer":0,"String":"c","Interface":null}}
2025-08-15T22:12:59.957-0500	DEBUG	protocol/handler.go:1591	have processed broadcast	{"{round 20 2  <nil>}": {"Key":"from","Type":15,"Integer":0,"String":"c","Interface":null}}
2025-08-15T22:12:59.957-0500	DEBUG	protocol/handler.go:1600	waiting for broadcasts	{"{round 20 3  <nil>}": {"Key":"missing","Type":15,"Integer":0,"String":"[a c d e f g]","Interface":null}}
2025-08-15T22:12:59.957-0500	DEBUG	protocol/handler.go:1662	storing message	{"{round 20 3  <nil>}": {"Key":"from","Type":15,"Integer":0,"String":"b","Interface":null}}
2025-08-15T22:12:59.957-0500	DEBUG	protocol/handler.go:1591	have processed broadcast	{"{round 20 2  <nil>}": {"Key":"from","Type":15,"Integer":0,"String":"d","Interface":null}}
2025-08-15T22:12:59.957-0500	DEBUG	protocol/handler.go:432	processMessage: p2p round 3 START	{"{from 15 0 b <nil>}": {"Key":"to","Type":15,"Integer":0,"String":"g","Interface":null}}
2025-08-15T22:12:59.957-0500	DEBUG	protocol/handler.go:1591	have processed broadcast	{"{round 20 2  <nil>}": {"Key":"from","Type":15,"Integer":0,"String":"f","Interface":null}}
2025-08-15T22:12:59.957-0500	DEBUG	protocol/handler.go:1591	have processed broadcast	{"{round 20 2  <nil>}": {"Key":"from","Type":15,"Integer":0,"String":"g","Interface":null}}
2025-08-15T22:12:59.957-0500	DEBUG	protocol/handler.go:437	processing message	{"{from 15 0 b <nil>}": {"Key":"to","Type":15,"Integer":0,"String":"g","Interface":null}, "{round 20 3  <nil>}": {"Key":"broadcast","Type":4,"Integer":0,"String":"","Interface":null}}
2025-08-15T22:12:59.957-0500	DEBUG	protocol/handler.go:470	message for different round (buffering)	{"{msg_round 20 3  <nil>}": {"Key":"current_round","Type":20,"Integer":2,"String":"","Interface":null}}
2025-08-15T22:12:59.957-0500	DEBUG	protocol/handler.go:1649	have all messages and processed	{"{round 20 2  <nil>}": {"Key":"self","Type":15,"Integer":0,"String":"e","Interface":null}}
2025-08-15T22:12:59.957-0500	DEBUG	protocol/handler.go:1662	storing message	{"{round 20 3  <nil>}": {"Key":"from","Type":15,"Integer":0,"String":"b","Interface":null}}
2025-08-15T22:12:59.957-0500	DEBUG	protocol/handler.go:596	round already finalized
2025-08-15T22:12:59.956-0500	DEBUG	protocol/handler.go:1039	sendRoundMessage	{"{from 15 0 e <nil>}": {"Key":"to","Type":15,"Integer":0,"String":"a","Interface":null}, "{round 20 3  <nil>}": {"Key":"broadcast","Type":4,"Integer":0,"String":"","Interface":null}}
2025-08-15T22:12:59.957-0500	DEBUG	protocol/handler.go:581	tryAdvanceRound called	{"{current_round 20 2  <nil>}": {"Key":"self","Type":15,"Integer":0,"String":"e","Interface":null}}
2025-08-15T22:12:59.957-0500	DEBUG	protocol/handler.go:437	processing message	{"{from 15 0 a <nil>}": {"Key":"to","Type":15,"Integer":0,"String":"","Interface":null}, "{round 20 3  <nil>}": {"Key":"broadcast","Type":4,"Integer":1,"String":"","Interface":null}}
2025-08-15T22:12:59.957-0500	DEBUG	protocol/handler.go:1657	storing broadcast	{"{round 20 3  <nil>}": {"Key":"from","Type":15,"Integer":0,"String":"a","Interface":null}}
2025-08-15T22:12:59.957-0500	DEBUG	protocol/handler.go:1591	have processed broadcast	{"{round 20 2  <nil>}": {"Key":"from","Type":15,"Integer":0,"String":"a","Interface":null}}
2025-08-15T22:12:59.957-0500	DEBUG	protocol/handler.go:470	message for different round (buffering)	{"{msg_round 20 3  <nil>}": {"Key":"current_round","Type":20,"Integer":2,"String":"","Interface":null}}
2025-08-15T22:12:59.957-0500	DEBUG	protocol/handler.go:1591	have processed broadcast	{"{round 20 2  <nil>}": {"Key":"from","Type":15,"Integer":0,"String":"b","Interface":null}}
2025-08-15T22:12:59.957-0500	DEBUG	protocol/handler.go:581	tryAdvanceRound called	{"{current_round 20 2  <nil>}": {"Key":"self","Type":15,"Integer":0,"String":"e","Interface":null}}
2025-08-15T22:12:59.957-0500	DEBUG	protocol/handler.go:1591	have processed broadcast	{"{round 20 2  <nil>}": {"Key":"from","Type":15,"Integer":0,"String":"c","Interface":null}}
2025-08-15T22:12:59.957-0500	DEBUG	protocol/handler.go:1591	have processed broadcast	{"{round 20 2  <nil>}": {"Key":"from","Type":15,"Integer":0,"String":"a","Interface":null}}
2025-08-15T22:12:59.957-0500	DEBUG	protocol/handler.go:1591	have processed broadcast	{"{round 20 2  <nil>}": {"Key":"from","Type":15,"Integer":0,"String":"d","Interface":null}}
2025-08-15T22:12:59.958-0500	DEBUG	protocol/handler.go:1591	have processed broadcast	{"{round 20 2  <nil>}": {"Key":"from","Type":15,"Integer":0,"String":"b","Interface":null}}
2025-08-15T22:12:59.958-0500	DEBUG	protocol/handler.go:1591	have processed broadcast	{"{round 20 2  <nil>}": {"Key":"from","Type":15,"Integer":0,"String":"f","Interface":null}}
2025-08-15T22:12:59.958-0500	DEBUG	protocol/handler.go:1591	have processed broadcast	{"{round 20 2  <nil>}": {"Key":"from","Type":15,"Integer":0,"String":"c","Interface":null}}
2025-08-15T22:12:59.958-0500	DEBUG	protocol/handler.go:1591	have processed broadcast	{"{round 20 2  <nil>}": {"Key":"from","Type":15,"Integer":0,"String":"g","Interface":null}}
2025-08-15T22:12:59.958-0500	DEBUG	protocol/handler.go:437	processing message	{"{from 15 0 d <nil>}": {"Key":"to","Type":15,"Integer":0,"String":"","Interface":null}, "{round 20 3  <nil>}": {"Key":"broadcast","Type":4,"Integer":1,"String":"","Interface":null}}
2025-08-15T22:12:59.958-0500	DEBUG	protocol/handler.go:1649	have all messages and processed	{"{round 20 2  <nil>}": {"Key":"self","Type":15,"Integer":0,"String":"e","Interface":null}}
2025-08-15T22:12:59.958-0500	DEBUG	protocol/handler.go:596	round already finalized
2025-08-15T22:12:59.958-0500	DEBUG	protocol/handler.go:1657	storing broadcast	{"{round 20 3  <nil>}": {"Key":"from","Type":15,"Integer":0,"String":"d","Interface":null}}
2025-08-15T22:12:59.956-0500	DEBUG	protocol/handler.go:1591	have processed broadcast	{"{round 20 3  <nil>}": {"Key":"from","Type":15,"Integer":0,"String":"b","Interface":null}}
2025-08-15T22:12:59.958-0500	DEBUG	protocol/handler.go:1591	have processed broadcast	{"{round 20 3  <nil>}": {"Key":"from","Type":15,"Integer":0,"String":"a","Interface":null}}
2025-08-15T22:12:59.958-0500	DEBUG	protocol/handler.go:1591	have processed broadcast	{"{round 20 3  <nil>}": {"Key":"from","Type":15,"Integer":0,"String":"c","Interface":null}}
2025-08-15T22:12:59.958-0500	DEBUG	protocol/handler.go:1591	have processed broadcast	{"{round 20 3  <nil>}": {"Key":"from","Type":15,"Integer":0,"String":"b","Interface":null}}
2025-08-15T22:12:59.958-0500	DEBUG	protocol/handler.go:1591	have processed broadcast	{"{round 20 2  <nil>}": {"Key":"from","Type":15,"Integer":0,"String":"d","Interface":null}}
2025-08-15T22:12:59.958-0500	DEBUG	protocol/handler.go:1591	have processed broadcast	{"{round 20 3  <nil>}": {"Key":"from","Type":15,"Integer":0,"String":"d","Interface":null}}
2025-08-15T22:12:59.958-0500	DEBUG	protocol/handler.go:581	tryAdvanceRound called	{"{current_round 20 3  <nil>}": {"Key":"self","Type":15,"Integer":0,"String":"c","Interface":null}}
2025-08-15T22:12:59.958-0500	DEBUG	protocol/handler.go:1600	waiting for broadcasts	{"{round 20 3  <nil>}": {"Key":"missing","Type":15,"Integer":0,"String":"[d e f g]","Interface":null}}
2025-08-15T22:12:59.958-0500	DEBUG	protocol/handler.go:1600	waiting for broadcasts	{"{round 20 3  <nil>}": {"Key":"missing","Type":15,"Integer":0,"String":"[e f g]","Interface":null}}
2025-08-15T22:12:59.957-0500	DEBUG	protocol/handler.go:470	message for different round (buffering)	{"{msg_round 20 3  <nil>}": {"Key":"current_round","Type":20,"Integer":2,"String":"","Interface":null}}
2025-08-15T22:12:59.958-0500	INFO	protocol/handler.go:560	advanced to round
2025-08-15T22:12:59.958-0500	DEBUG	protocol/handler.go:1591	have processed broadcast	{"{round 20 3  <nil>}": {"Key":"from","Type":15,"Integer":0,"String":"a","Interface":null}}
2025-08-15T22:12:59.957-0500	DEBUG	protocol/handler.go:1081	sent message to output channel	{"{from 15 0 e <nil>}": {"Key":"to","Type":15,"Integer":0,"String":"a","Interface":null}, "{round 20 3  <nil>}": {"Key":"broadcast","Type":4,"Integer":0,"String":"","Interface":null}}
2025-08-15T22:12:59.958-0500	DEBUG	protocol/handler.go:581	tryAdvanceRound called	{"{current_round 20 3  <nil>}": {"Key":"self","Type":15,"Integer":0,"String":"f","Interface":null}}
2025-08-15T22:12:59.958-0500	DEBUG	protocol/handler.go:1591	have processed broadcast	{"{round 20 3  <nil>}": {"Key":"from","Type":15,"Integer":0,"String":"b","Interface":null}}
2025-08-15T22:12:59.958-0500	DEBUG	protocol/handler.go:1039	sendRoundMessage	{"{from 15 0 e <nil>}": {"Key":"to","Type":15,"Integer":0,"String":"b","Interface":null}, "{round 20 3  <nil>}": {"Key":"broadcast","Type":4,"Integer":0,"String":"","Interface":null}}
2025-08-15T22:12:59.958-0500	DEBUG	protocol/handler.go:1600	waiting for broadcasts	{"{round 20 3  <nil>}": {"Key":"missing","Type":15,"Integer":0,"String":"[a b c d e g]","Interface":null}}
2025-08-15T22:12:59.958-0500	DEBUG	protocol/handler.go:1591	have processed broadcast	{"{round 20 3  <nil>}": {"Key":"from","Type":15,"Integer":0,"String":"d","Interface":null}}
2025-08-15T22:12:59.958-0500	DEBUG	protocol/handler.go:1591	have processed broadcast	{"{round 20 2  <nil>}": {"Key":"from","Type":15,"Integer":0,"String":"f","Interface":null}}
2025-08-15T22:12:59.958-0500	DEBUG	protocol/handler.go:1081	sent message to output channel	{"{from 15 0 e <nil>}": {"Key":"to","Type":15,"Integer":0,"String":"b","Interface":null}, "{round 20 3  <nil>}": {"Key":"broadcast","Type":4,"Integer":0,"String":"","Interface":null}}
2025-08-15T22:12:59.958-0500	DEBUG	protocol/handler.go:1600	waiting for broadcasts	{"{round 20 3  <nil>}": {"Key":"missing","Type":15,"Integer":0,"String":"[e f g]","Interface":null}}
2025-08-15T22:12:59.958-0500	DEBUG	protocol/handler.go:1039	sendRoundMessage	{"{from 15 0 e <nil>}": {"Key":"to","Type":15,"Integer":0,"String":"c","Interface":null}, "{round 20 3  <nil>}": {"Key":"broadcast","Type":4,"Integer":0,"String":"","Interface":null}}
2025-08-15T22:12:59.958-0500	DEBUG	protocol/handler.go:432	processMessage: p2p round 3 START	{"{from 15 0 d <nil>}": {"Key":"to","Type":15,"Integer":0,"String":"c","Interface":null}}
2025-08-15T22:12:59.958-0500	DEBUG	protocol/handler.go:1081	sent message to output channel	{"{from 15 0 e <nil>}": {"Key":"to","Type":15,"Integer":0,"String":"c","Interface":null}, "{round 20 3  <nil>}": {"Key":"broadcast","Type":4,"Integer":0,"String":"","Interface":null}}
2025-08-15T22:12:59.958-0500	DEBUG	protocol/handler.go:437	processing message	{"{from 15 0 d <nil>}": {"Key":"to","Type":15,"Integer":0,"String":"c","Interface":null}, "{round 20 3  <nil>}": {"Key":"broadcast","Type":4,"Integer":0,"String":"","Interface":null}}
2025-08-15T22:12:59.958-0500	DEBUG	protocol/handler.go:1039	sendRoundMessage	{"{from 15 0 e <nil>}": {"Key":"to","Type":15,"Integer":0,"String":"d","Interface":null}, "{round 20 3  <nil>}": {"Key":"broadcast","Type":4,"Integer":0,"String":"","Interface":null}}
2025-08-15T22:12:59.958-0500	DEBUG	protocol/handler.go:1662	storing message	{"{round 20 3  <nil>}": {"Key":"from","Type":15,"Integer":0,"String":"d","Interface":null}}
2025-08-15T22:12:59.958-0500	DEBUG	protocol/handler.go:1081	sent message to output channel	{"{from 15 0 e <nil>}": {"Key":"to","Type":15,"Integer":0,"String":"d","Interface":null}, "{round 20 3  <nil>}": {"Key":"broadcast","Type":4,"Integer":0,"String":"","Interface":null}}
2025-08-15T22:12:59.958-0500	DEBUG	protocol/handler.go:1039	sendRoundMessage	{"{from 15 0 e <nil>}": {"Key":"to","Type":15,"Integer":0,"String":"f","Interface":null}, "{round 20 3  <nil>}": {"Key":"broadcast","Type":4,"Integer":0,"String":"","Interface":null}}
2025-08-15T22:12:59.958-0500	DEBUG	protocol/handler.go:1591	have processed broadcast	{"{round 20 2  <nil>}": {"Key":"from","Type":15,"Integer":0,"String":"g","Interface":null}}
2025-08-15T22:12:59.958-0500	DEBUG	protocol/handler.go:1081	sent message to output channel	{"{from 15 0 e <nil>}": {"Key":"to","Type":15,"Integer":0,"String":"f","Interface":null}, "{round 20 3  <nil>}": {"Key":"broadcast","Type":4,"Integer":0,"String":"","Interface":null}}
2025-08-15T22:12:59.959-0500	DEBUG	protocol/handler.go:1039	sendRoundMessage	{"{from 15 0 e <nil>}": {"Key":"to","Type":15,"Integer":0,"String":"g","Interface":null}, "{round 20 3  <nil>}": {"Key":"broadcast","Type":4,"Integer":0,"String":"","Interface":null}}
2025-08-15T22:12:59.959-0500	DEBUG	protocol/handler.go:1081	sent message to output channel	{"{from 15 0 e <nil>}": {"Key":"to","Type":15,"Integer":0,"String":"g","Interface":null}, "{round 20 3  <nil>}": {"Key":"broadcast","Type":4,"Integer":0,"String":"","Interface":null}}
2025-08-15T22:12:59.959-0500	DEBUG	protocol/handler.go:1182	finalized round messages	{"{round 20 2  <nil>}": {"Key":"messages","Type":11,"Integer":7,"String":"","Interface":null}}
2025-08-15T22:12:59.959-0500	DEBUG	protocol/handler.go:1239	finalize returned next round	{"{current 20 2  <nil>}": {"Key":"next","Type":20,"Integer":3,"String":"","Interface":null}}
2025-08-15T22:12:59.959-0500	INFO	protocol/handler.go:642	storing new currentRound	{"{from 20 2  <nil>}": {"Key":"to","Type":20,"Integer":3,"String":"","Interface":null}}
2025-08-15T22:12:59.959-0500	DEBUG	protocol/handler.go:1503	processing queued messages
2025-08-15T22:12:59.959-0500	DEBUG	protocol/handler.go:437	processing message	{"{from 15 0 c <nil>}": {"Key":"to","Type":15,"Integer":0,"String":"","Interface":null}, "{round 20 3  <nil>}": {"Key":"broadcast","Type":4,"Integer":1,"String":"","Interface":null}}
2025-08-15T22:12:59.959-0500	DEBUG	protocol/handler.go:1657	storing broadcast	{"{round 20 3  <nil>}": {"Key":"from","Type":15,"Integer":0,"String":"c","Interface":null}}
2025-08-15T22:12:59.959-0500	DEBUG	protocol/handler.go:1649	have all messages and processed	{"{round 20 2  <nil>}": {"Key":"self","Type":15,"Integer":0,"String":"e","Interface":null}}
2025-08-15T22:12:59.959-0500	DEBUG	protocol/handler.go:581	tryAdvanceRound called	{"{current_round 20 3  <nil>}": {"Key":"self","Type":15,"Integer":0,"String":"e","Interface":null}}
2025-08-15T22:12:59.959-0500	DEBUG	protocol/handler.go:1306	waiting for broadcast before normal message
2025-08-15T22:12:59.959-0500	DEBUG	protocol/handler.go:1306	waiting for broadcast before normal message
2025-08-15T22:12:59.959-0500	DEBUG	protocol/handler.go:1591	have processed broadcast	{"{round 20 3  <nil>}": {"Key":"from","Type":15,"Integer":0,"String":"a","Interface":null}}
2025-08-15T22:12:59.959-0500	DEBUG	protocol/handler.go:1591	have processed broadcast	{"{round 20 3  <nil>}": {"Key":"from","Type":15,"Integer":0,"String":"c","Interface":null}}
2025-08-15T22:12:59.959-0500	DEBUG	protocol/handler.go:1600	waiting for broadcasts	{"{round 20 3  <nil>}": {"Key":"missing","Type":15,"Integer":0,"String":"[b d f g]","Interface":null}}
2025-08-15T22:12:59.959-0500	DEBUG	protocol/handler.go:437	processing message	{"{from 15 0 b <nil>}": {"Key":"to","Type":15,"Integer":0,"String":"","Interface":null}, "{round 20 3  <nil>}": {"Key":"broadcast","Type":4,"Integer":1,"String":"","Interface":null}}
2025-08-15T22:12:59.959-0500	DEBUG	protocol/handler.go:596	round already finalized
2025-08-15T22:12:59.959-0500	DEBUG	protocol/handler.go:1657	storing broadcast	{"{round 20 3  <nil>}": {"Key":"from","Type":15,"Integer":0,"String":"b","Interface":null}}
2025-08-15T22:12:59.960-0500	DEBUG	protocol/handler.go:581	tryAdvanceRound called	{"{current_round 20 3  <nil>}": {"Key":"self","Type":15,"Integer":0,"String":"e","Interface":null}}
2025-08-15T22:12:59.960-0500	DEBUG	protocol/handler.go:437	processing message	{"{from 15 0 d <nil>}": {"Key":"to","Type":15,"Integer":0,"String":"","Interface":null}, "{round 20 3  <nil>}": {"Key":"broadcast","Type":4,"Integer":1,"String":"","Interface":null}}
2025-08-15T22:12:59.960-0500	DEBUG	protocol/handler.go:1657	storing broadcast	{"{round 20 3  <nil>}": {"Key":"from","Type":15,"Integer":0,"String":"d","Interface":null}}
2025-08-15T22:12:59.960-0500	DEBUG	protocol/handler.go:1306	waiting for broadcast before normal message
2025-08-15T22:12:59.960-0500	DEBUG	protocol/handler.go:581	tryAdvanceRound called	{"{current_round 20 3  <nil>}": {"Key":"self","Type":15,"Integer":0,"String":"e","Interface":null}}
2025-08-15T22:12:59.960-0500	DEBUG	protocol/handler.go:581	tryAdvanceRound called	{"{current_round 20 3  <nil>}": {"Key":"self","Type":15,"Integer":0,"String":"c","Interface":null}}
2025-08-15T22:12:59.960-0500	DEBUG	protocol/handler.go:1591	have processed broadcast	{"{round 20 3  <nil>}": {"Key":"from","Type":15,"Integer":0,"String":"a","Interface":null}}
2025-08-15T22:12:59.960-0500	DEBUG	protocol/handler.go:1591	have processed broadcast	{"{round 20 3  <nil>}": {"Key":"from","Type":15,"Integer":0,"String":"b","Interface":null}}
2025-08-15T22:12:59.960-0500	DEBUG	protocol/handler.go:1591	have processed broadcast	{"{round 20 3  <nil>}": {"Key":"from","Type":15,"Integer":0,"String":"d","Interface":null}}
2025-08-15T22:12:59.961-0500	DEBUG	protocol/handler.go:1600	waiting for broadcasts	{"{round 20 3  <nil>}": {"Key":"missing","Type":15,"Integer":0,"String":"[e f g]","Interface":null}}
2025-08-15T22:12:59.961-0500	DEBUG	protocol/handler.go:432	processMessage: p2p round 3 START	{"{from 15 0 b <nil>}": {"Key":"to","Type":15,"Integer":0,"String":"c","Interface":null}}
2025-08-15T22:12:59.961-0500	DEBUG	protocol/handler.go:437	processing message	{"{from 15 0 b <nil>}": {"Key":"to","Type":15,"Integer":0,"String":"c","Interface":null}, "{round 20 3  <nil>}": {"Key":"broadcast","Type":4,"Integer":0,"String":"","Interface":null}}
2025-08-15T22:12:59.961-0500	DEBUG	protocol/handler.go:1662	storing message	{"{round 20 3  <nil>}": {"Key":"from","Type":15,"Integer":0,"String":"b","Interface":null}}
2025-08-15T22:12:59.956-0500	DEBUG	protocol/handler.go:581	tryAdvanceRound called	{"{current_round 20 3  <nil>}": {"Key":"self","Type":15,"Integer":0,"String":"c","Interface":null}}
2025-08-15T22:12:59.963-0500	DEBUG	protocol/handler.go:432	processMessage: p2p round 3 START	{"{from 15 0 c <nil>}": {"Key":"to","Type":15,"Integer":0,"String":"e","Interface":null}}
2025-08-15T22:12:59.963-0500	DEBUG	protocol/handler.go:437	processing message	{"{from 15 0 c <nil>}": {"Key":"to","Type":15,"Integer":0,"String":"e","Interface":null}, "{round 20 3  <nil>}": {"Key":"broadcast","Type":4,"Integer":0,"String":"","Interface":null}}
2025-08-15T22:12:59.963-0500	DEBUG	protocol/handler.go:1503	processing queued messages
2025-08-15T22:12:59.957-0500	DEBUG	protocol/handler.go:432	processMessage: p2p round 3 START	{"{from 15 0 a <nil>}": {"Key":"to","Type":15,"Integer":0,"String":"e","Interface":null}}
2025-08-15T22:12:59.958-0500	DEBUG	protocol/handler.go:581	tryAdvanceRound called	{"{current_round 20 2  <nil>}": {"Key":"self","Type":15,"Integer":0,"String":"g","Interface":null}}
2025-08-15T22:12:59.963-0500	DEBUG	protocol/handler.go:437	processing message	{"{from 15 0 a <nil>}": {"Key":"to","Type":15,"Integer":0,"String":"","Interface":null}, "{round 20 3  <nil>}": {"Key":"broadcast","Type":4,"Integer":1,"String":"","Interface":null}}
2025-08-15T22:12:59.963-0500	DEBUG	protocol/handler.go:432	processMessage: p2p round 3 START	{"{from 15 0 f <nil>}": {"Key":"to","Type":15,"Integer":0,"String":"e","Interface":null}}
2025-08-15T22:12:59.963-0500	DEBUG	protocol/handler.go:1657	storing broadcast	{"{round 20 3  <nil>}": {"Key":"from","Type":15,"Integer":0,"String":"a","Interface":null}}
2025-08-15T22:12:59.963-0500	DEBUG	protocol/handler.go:437	processing message	{"{from 15 0 f <nil>}": {"Key":"to","Type":15,"Integer":0,"String":"e","Interface":null}, "{round 20 3  <nil>}": {"Key":"broadcast","Type":4,"Integer":0,"String":"","Interface":null}}
2025-08-15T22:12:59.957-0500	DEBUG	protocol/handler.go:432	processMessage: p2p round 3 START	{"{from 15 0 e <nil>}": {"Key":"to","Type":15,"Integer":0,"String":"a","Interface":null}}
2025-08-15T22:12:59.957-0500	DEBUG	protocol/handler.go:581	tryAdvanceRound called	{"{current_round 20 2  <nil>}": {"Key":"self","Type":15,"Integer":0,"String":"e","Interface":null}}
2025-08-15T22:12:59.963-0500	DEBUG	protocol/handler.go:432	processMessage: p2p round 3 START	{"{from 15 0 a <nil>}": {"Key":"to","Type":15,"Integer":0,"String":"f","Interface":null}}
2025-08-15T22:12:59.963-0500	DEBUG	protocol/handler.go:437	processing message	{"{from 15 0 e <nil>}": {"Key":"to","Type":15,"Integer":0,"String":"a","Interface":null}, "{round 20 3  <nil>}": {"Key":"broadcast","Type":4,"Integer":0,"String":"","Interface":null}}
2025-08-15T22:12:59.963-0500	DEBUG	protocol/handler.go:437	processing message	{"{from 15 0 a <nil>}": {"Key":"to","Type":15,"Integer":0,"String":"f","Interface":null}, "{round 20 3  <nil>}": {"Key":"broadcast","Type":4,"Integer":0,"String":"","Interface":null}}
2025-08-15T22:12:59.963-0500	DEBUG	protocol/handler.go:1662	storing message	{"{round 20 3  <nil>}": {"Key":"from","Type":15,"Integer":0,"String":"e","Interface":null}}
2025-08-15T22:12:59.963-0500	DEBUG	protocol/handler.go:432	processMessage: p2p round 3 START	{"{from 15 0 f <nil>}": {"Key":"to","Type":15,"Integer":0,"String":"d","Interface":null}}
2025-08-15T22:12:59.963-0500	DEBUG	protocol/handler.go:1662	storing message	{"{round 20 3  <nil>}": {"Key":"from","Type":15,"Integer":0,"String":"a","Interface":null}}
2025-08-15T22:12:59.960-0500	DEBUG	protocol/handler.go:600	current round already advanced	{"{checking 20 2  <nil>}": {"Key":"current","Type":20,"Integer":3,"String":"","Interface":null}}
2025-08-15T22:12:59.963-0500	DEBUG	protocol/handler.go:437	processing message	{"{from 15 0 c <nil>}": {"Key":"to","Type":15,"Integer":0,"String":"","Interface":null}, "{round 20 3  <nil>}": {"Key":"broadcast","Type":4,"Integer":1,"String":"","Interface":null}}
2025-08-15T22:12:59.963-0500	DEBUG	protocol/handler.go:437	processing message	{"{from 15 0 e <nil>}": {"Key":"to","Type":15,"Integer":0,"String":"","Interface":null}, "{round 20 3  <nil>}": {"Key":"broadcast","Type":4,"Integer":1,"String":"","Interface":null}}
2025-08-15T22:12:59.963-0500	DEBUG	protocol/handler.go:1657	storing broadcast	{"{round 20 3  <nil>}": {"Key":"from","Type":15,"Integer":0,"String":"c","Interface":null}}
2025-08-15T22:12:59.963-0500	DEBUG	protocol/handler.go:1657	storing broadcast	{"{round 20 3  <nil>}": {"Key":"from","Type":15,"Integer":0,"String":"e","Interface":null}}
2025-08-15T22:12:59.964-0500	DEBUG	protocol/handler.go:581	tryAdvanceRound called	{"{current_round 20 3  <nil>}": {"Key":"self","Type":15,"Integer":0,"String":"f","Interface":null}}
2025-08-15T22:12:59.964-0500	DEBUG	protocol/handler.go:581	tryAdvanceRound called	{"{current_round 20 3  <nil>}": {"Key":"self","Type":15,"Integer":0,"String":"c","Interface":null}}
2025-08-15T22:12:59.963-0500	DEBUG	protocol/handler.go:437	processing message	{"{from 15 0 f <nil>}": {"Key":"to","Type":15,"Integer":0,"String":"","Interface":null}, "{round 20 3  <nil>}": {"Key":"broadcast","Type":4,"Integer":1,"String":"","Interface":null}}
2025-08-15T22:12:59.956-0500	DEBUG	protocol/handler.go:1591	have processed broadcast	{"{round 20 3  <nil>}": {"Key":"from","Type":15,"Integer":0,"String":"a","Interface":null}}
2025-08-15T22:12:59.964-0500	DEBUG	protocol/handler.go:1591	have processed broadcast	{"{round 20 3  <nil>}": {"Key":"from","Type":15,"Integer":0,"String":"b","Interface":null}}
2025-08-15T22:12:59.964-0500	DEBUG	protocol/handler.go:1657	storing broadcast	{"{round 20 3  <nil>}": {"Key":"from","Type":15,"Integer":0,"String":"f","Interface":null}}
2025-08-15T22:12:59.964-0500	DEBUG	protocol/handler.go:1600	waiting for broadcasts	{"{round 20 3  <nil>}": {"Key":"missing","Type":15,"Integer":0,"String":"[d e f g]","Interface":null}}
2025-08-15T22:12:59.957-0500	DEBUG	protocol/handler.go:1591	have processed broadcast	{"{round 20 2  <nil>}": {"Key":"from","Type":15,"Integer":0,"String":"d","Interface":null}}
2025-08-15T22:12:59.964-0500	DEBUG	protocol/handler.go:1591	have processed broadcast	{"{round 20 2  <nil>}": {"Key":"from","Type":15,"Integer":0,"String":"f","Interface":null}}
2025-08-15T22:12:59.964-0500	DEBUG	protocol/handler.go:1591	have processed broadcast	{"{round 20 2  <nil>}": {"Key":"from","Type":15,"Integer":0,"String":"g","Interface":null}}
2025-08-15T22:12:59.964-0500	DEBUG	protocol/handler.go:1649	have all messages and processed	{"{round 20 2  <nil>}": {"Key":"self","Type":15,"Integer":0,"String":"e","Interface":null}}
2025-08-15T22:12:59.964-0500	DEBUG	protocol/handler.go:596	round already finalized
2025-08-15T22:12:59.964-0500	DEBUG	protocol/handler.go:600	current round already advanced	{"{checking 20 2  <nil>}": {"Key":"current","Type":20,"Integer":3,"String":"","Interface":null}}
2025-08-15T22:12:59.964-0500	DEBUG	protocol/handler.go:581	tryAdvanceRound called	{"{current_round 20 3  <nil>}": {"Key":"self","Type":15,"Integer":0,"String":"e","Interface":null}}
2025-08-15T22:12:59.964-0500	DEBUG	protocol/handler.go:581	tryAdvanceRound called	{"{current_round 20 3  <nil>}": {"Key":"self","Type":15,"Integer":0,"String":"a","Interface":null}}
2025-08-15T22:12:59.964-0500	DEBUG	protocol/handler.go:1306	waiting for broadcast before normal message
2025-08-15T22:12:59.964-0500	DEBUG	protocol/handler.go:581	tryAdvanceRound called	{"{current_round 20 3  <nil>}": {"Key":"self","Type":15,"Integer":0,"String":"c","Interface":null}}
2025-08-15T22:12:59.964-0500	DEBUG	protocol/handler.go:432	processMessage: p2p round 3 START	{"{from 15 0 f <nil>}": {"Key":"to","Type":15,"Integer":0,"String":"c","Interface":null}}
2025-08-15T22:12:59.964-0500	DEBUG	protocol/handler.go:437	processing message	{"{from 15 0 f <nil>}": {"Key":"to","Type":15,"Integer":0,"String":"c","Interface":null}, "{round 20 3  <nil>}": {"Key":"broadcast","Type":4,"Integer":0,"String":"","Interface":null}}
2025-08-15T22:12:59.965-0500	DEBUG	protocol/handler.go:1662	storing message	{"{round 20 3  <nil>}": {"Key":"from","Type":15,"Integer":0,"String":"f","Interface":null}}
2025-08-15T22:12:59.965-0500	DEBUG	protocol/handler.go:581	tryAdvanceRound called	{"{current_round 20 3  <nil>}": {"Key":"self","Type":15,"Integer":0,"String":"c","Interface":null}}
2025-08-15T22:12:59.964-0500	DEBUG	protocol/handler.go:432	processMessage: p2p round 3 START	{"{from 15 0 e <nil>}": {"Key":"to","Type":15,"Integer":0,"String":"c","Interface":null}}
2025-08-15T22:12:59.965-0500	DEBUG	protocol/handler.go:1306	waiting for broadcast before normal message
2025-08-15T22:12:59.965-0500	DEBUG	protocol/handler.go:1591	have processed broadcast	{"{round 20 3  <nil>}": {"Key":"from","Type":15,"Integer":0,"String":"a","Interface":null}}
2025-08-15T22:12:59.965-0500	DEBUG	protocol/handler.go:437	processing message	{"{from 15 0 e <nil>}": {"Key":"to","Type":15,"Integer":0,"String":"c","Interface":null}, "{round 20 3  <nil>}": {"Key":"broadcast","Type":4,"Integer":0,"String":"","Interface":null}}
2025-08-15T22:12:59.965-0500	DEBUG	protocol/handler.go:1662	storing message	{"{round 20 3  <nil>}": {"Key":"from","Type":15,"Integer":0,"String":"e","Interface":null}}
2025-08-15T22:12:59.963-0500	DEBUG	protocol/handler.go:1662	storing message	{"{round 20 3  <nil>}": {"Key":"from","Type":15,"Integer":0,"String":"c","Interface":null}}
2025-08-15T22:12:59.965-0500	DEBUG	protocol/handler.go:432	processMessage: p2p round 3 START	{"{from 15 0 e <nil>}": {"Key":"to","Type":15,"Integer":0,"String":"b","Interface":null}}
2025-08-15T22:12:59.965-0500	DEBUG	protocol/handler.go:1591	have processed broadcast	{"{round 20 3  <nil>}": {"Key":"from","Type":15,"Integer":0,"String":"b","Interface":null}}
2025-08-15T22:12:59.966-0500	DEBUG	protocol/handler.go:581	tryAdvanceRound called	{"{current_round 20 3  <nil>}": {"Key":"self","Type":15,"Integer":0,"String":"f","Interface":null}}
2025-08-15T22:12:59.966-0500	DEBUG	protocol/handler.go:1591	have processed broadcast	{"{round 20 3  <nil>}": {"Key":"from","Type":15,"Integer":0,"String":"d","Interface":null}}
2025-08-15T22:12:59.966-0500	DEBUG	protocol/handler.go:1591	have processed broadcast	{"{round 20 3  <nil>}": {"Key":"from","Type":15,"Integer":0,"String":"e","Interface":null}}
2025-08-15T22:12:59.966-0500	DEBUG	protocol/handler.go:1600	waiting for broadcasts	{"{round 20 3  <nil>}": {"Key":"missing","Type":15,"Integer":0,"String":"[f g]","Interface":null}}
2025-08-15T22:12:59.966-0500	DEBUG	protocol/handler.go:437	processing message	{"{from 15 0 a <nil>}": {"Key":"to","Type":15,"Integer":0,"String":"e","Interface":null}, "{round 20 3  <nil>}": {"Key":"broadcast","Type":4,"Integer":0,"String":"","Interface":null}}
2025-08-15T22:12:59.966-0500	DEBUG	protocol/handler.go:1662	storing message	{"{round 20 3  <nil>}": {"Key":"from","Type":15,"Integer":0,"String":"a","Interface":null}}
2025-08-15T22:12:59.963-0500	DEBUG	protocol/handler.go:437	processing message	{"{from 15 0 f <nil>}": {"Key":"to","Type":15,"Integer":0,"String":"d","Interface":null}, "{round 20 3  <nil>}": {"Key":"broadcast","Type":4,"Integer":0,"String":"","Interface":null}}
2025-08-15T22:12:59.963-0500	DEBUG	protocol/handler.go:1591	have processed broadcast	{"{round 20 2  <nil>}": {"Key":"from","Type":15,"Integer":0,"String":"a","Interface":null}}
2025-08-15T22:12:59.966-0500	DEBUG	protocol/handler.go:1591	have processed broadcast	{"{round 20 2  <nil>}": {"Key":"from","Type":15,"Integer":0,"String":"b","Interface":null}}
2025-08-15T22:12:59.966-0500	DEBUG	protocol/handler.go:1591	have processed broadcast	{"{round 20 2  <nil>}": {"Key":"from","Type":15,"Integer":0,"String":"c","Interface":null}}
2025-08-15T22:12:59.967-0500	DEBUG	protocol/handler.go:1591	have processed broadcast	{"{round 20 3  <nil>}": {"Key":"from","Type":15,"Integer":0,"String":"b","Interface":null}}
2025-08-15T22:12:59.967-0500	DEBUG	protocol/handler.go:1306	waiting for broadcast before normal message
2025-08-15T22:12:59.963-0500	DEBUG	protocol/handler.go:1662	storing message	{"{round 20 3  <nil>}": {"Key":"from","Type":15,"Integer":0,"String":"f","Interface":null}}
2025-08-15T22:12:59.966-0500	DEBUG	protocol/handler.go:1591	have processed broadcast	{"{round 20 2  <nil>}": {"Key":"from","Type":15,"Integer":0,"String":"d","Interface":null}}
2025-08-15T22:12:59.963-0500	DEBUG	protocol/handler.go:581	tryAdvanceRound called	{"{current_round 20 3  <nil>}": {"Key":"self","Type":15,"Integer":0,"String":"a","Interface":null}}
2025-08-15T22:12:59.968-0500	DEBUG	protocol/handler.go:1591	have processed broadcast	{"{round 20 2  <nil>}": {"Key":"from","Type":15,"Integer":0,"String":"f","Interface":null}}
2025-08-15T22:12:59.968-0500	DEBUG	protocol/handler.go:1306	waiting for broadcast before normal message
2025-08-15T22:12:59.968-0500	DEBUG	protocol/handler.go:1591	have processed broadcast	{"{round 20 2  <nil>}": {"Key":"from","Type":15,"Integer":0,"String":"g","Interface":null}}
2025-08-15T22:12:59.968-0500	DEBUG	protocol/handler.go:1591	have processed broadcast	{"{round 20 3  <nil>}": {"Key":"from","Type":15,"Integer":0,"String":"b","Interface":null}}
2025-08-15T22:12:59.968-0500	DEBUG	protocol/handler.go:1649	have all messages and processed	{"{round 20 2  <nil>}": {"Key":"self","Type":15,"Integer":0,"String":"e","Interface":null}}
2025-08-15T22:12:59.968-0500	DEBUG	protocol/handler.go:596	round already finalized
2025-08-15T22:12:59.968-0500	DEBUG	protocol/handler.go:1591	have processed broadcast	{"{round 20 3  <nil>}": {"Key":"from","Type":15,"Integer":0,"String":"c","Interface":null}}
2025-08-15T22:12:59.968-0500	DEBUG	protocol/handler.go:600	current round already advanced	{"{checking 20 2  <nil>}": {"Key":"current","Type":20,"Integer":3,"String":"","Interface":null}}
2025-08-15T22:12:59.969-0500	DEBUG	protocol/handler.go:1591	have processed broadcast	{"{round 20 3  <nil>}": {"Key":"from","Type":15,"Integer":0,"String":"d","Interface":null}}
2025-08-15T22:12:59.969-0500	DEBUG	protocol/handler.go:1600	waiting for broadcasts	{"{round 20 3  <nil>}": {"Key":"missing","Type":15,"Integer":0,"String":"[e f g]","Interface":null}}
2025-08-15T22:12:59.969-0500	INFO	protocol/handler.go:560	advanced to round
2025-08-15T22:12:59.969-0500	DEBUG	protocol/handler.go:581	tryAdvanceRound called	{"{current_round 20 3  <nil>}": {"Key":"self","Type":15,"Integer":0,"String":"e","Interface":null}}
2025-08-15T22:12:59.967-0500	DEBUG	protocol/handler.go:437	processing message	{"{from 15 0 e <nil>}": {"Key":"to","Type":15,"Integer":0,"String":"b","Interface":null}, "{round 20 3  <nil>}": {"Key":"broadcast","Type":4,"Integer":0,"String":"","Interface":null}}
2025-08-15T22:12:59.967-0500	DEBUG	protocol/handler.go:1662	storing message	{"{round 20 3  <nil>}": {"Key":"from","Type":15,"Integer":0,"String":"f","Interface":null}}
2025-08-15T22:12:59.970-0500	DEBUG	protocol/handler.go:1662	storing message	{"{round 20 3  <nil>}": {"Key":"from","Type":15,"Integer":0,"String":"e","Interface":null}}
2025-08-15T22:12:59.971-0500	DEBUG	protocol/handler.go:581	tryAdvanceRound called	{"{current_round 20 3  <nil>}": {"Key":"self","Type":15,"Integer":0,"String":"d","Interface":null}}
2025-08-15T22:12:59.971-0500	DEBUG	protocol/handler.go:1306	waiting for broadcast before normal message
2025-08-15T22:12:59.971-0500	DEBUG	protocol/handler.go:1591	have processed broadcast	{"{round 20 3  <nil>}": {"Key":"from","Type":15,"Integer":0,"String":"c","Interface":null}}
2025-08-15T22:12:59.971-0500	DEBUG	protocol/handler.go:1591	have processed broadcast	{"{round 20 3  <nil>}": {"Key":"from","Type":15,"Integer":0,"String":"d","Interface":null}}
2025-08-15T22:12:59.971-0500	DEBUG	protocol/handler.go:1600	waiting for broadcasts	{"{round 20 3  <nil>}": {"Key":"missing","Type":15,"Integer":0,"String":"[e f g]","Interface":null}}
2025-08-15T22:12:59.971-0500	DEBUG	protocol/handler.go:581	tryAdvanceRound called	{"{current_round 20 3  <nil>}": {"Key":"self","Type":15,"Integer":0,"String":"a","Interface":null}}
2025-08-15T22:12:59.971-0500	DEBUG	protocol/handler.go:1306	waiting for broadcast before normal message
2025-08-15T22:12:59.971-0500	DEBUG	protocol/handler.go:1591	have processed broadcast	{"{round 20 3  <nil>}": {"Key":"from","Type":15,"Integer":0,"String":"b","Interface":null}}
2025-08-15T22:12:59.971-0500	DEBUG	protocol/handler.go:1591	have processed broadcast	{"{round 20 3  <nil>}": {"Key":"from","Type":15,"Integer":0,"String":"c","Interface":null}}
2025-08-15T22:12:59.971-0500	DEBUG	protocol/handler.go:1591	have processed broadcast	{"{round 20 3  <nil>}": {"Key":"from","Type":15,"Integer":0,"String":"d","Interface":null}}
2025-08-15T22:12:59.971-0500	DEBUG	protocol/handler.go:1600	waiting for broadcasts	{"{round 20 3  <nil>}": {"Key":"missing","Type":15,"Integer":0,"String":"[e f g]","Interface":null}}
2025-08-15T22:12:59.973-0500	DEBUG	protocol/handler.go:581	tryAdvanceRound called	{"{current_round 20 3  <nil>}": {"Key":"self","Type":15,"Integer":0,"String":"f","Interface":null}}
2025-08-15T22:12:59.971-0500	DEBUG	protocol/handler.go:581	tryAdvanceRound called	{"{current_round 20 3  <nil>}": {"Key":"self","Type":15,"Integer":0,"String":"b","Interface":null}}
2025-08-15T22:12:59.974-0500	DEBUG	protocol/handler.go:1306	waiting for broadcast before normal message
2025-08-15T22:12:59.974-0500	DEBUG	protocol/handler.go:1306	waiting for broadcast before normal message
2025-08-15T22:12:59.974-0500	DEBUG	protocol/handler.go:1600	waiting for broadcasts	{"{round 20 3  <nil>}": {"Key":"missing","Type":15,"Integer":0,"String":"[a c d e f g]","Interface":null}}
2025-08-15T22:12:59.971-0500	DEBUG	protocol/handler.go:1591	have processed broadcast	{"{round 20 3  <nil>}": {"Key":"from","Type":15,"Integer":0,"String":"c","Interface":null}}
2025-08-15T22:12:59.977-0500	DEBUG	protocol/handler.go:1600	waiting for broadcasts	{"{round 20 3  <nil>}": {"Key":"missing","Type":15,"Integer":0,"String":"[a b e f g]","Interface":null}}
2025-08-15T22:12:59.977-0500	DEBUG	protocol/handler.go:432	processMessage: p2p round 3 START	{"{from 15 0 e <nil>}": {"Key":"to","Type":15,"Integer":0,"String":"d","Interface":null}}
2025-08-15T22:12:59.977-0500	DEBUG	protocol/handler.go:437	processing message	{"{from 15 0 e <nil>}": {"Key":"to","Type":15,"Integer":0,"String":"d","Interface":null}, "{round 20 3  <nil>}": {"Key":"broadcast","Type":4,"Integer":0,"String":"","Interface":null}}
2025-08-15T22:12:59.977-0500	DEBUG	protocol/handler.go:1662	storing message	{"{round 20 3  <nil>}": {"Key":"from","Type":15,"Integer":0,"String":"e","Interface":null}}
2025-08-15T22:12:59.977-0500	DEBUG	protocol/handler.go:581	tryAdvanceRound called	{"{current_round 20 3  <nil>}": {"Key":"self","Type":15,"Integer":0,"String":"d","Interface":null}}
2025-08-15T22:12:59.978-0500	DEBUG	protocol/handler.go:1306	waiting for broadcast before normal message
2025-08-15T22:12:59.978-0500	DEBUG	protocol/handler.go:1306	waiting for broadcast before normal message
2025-08-15T22:12:59.978-0500	DEBUG	protocol/handler.go:1591	have processed broadcast	{"{round 20 3  <nil>}": {"Key":"from","Type":15,"Integer":0,"String":"c","Interface":null}}
2025-08-15T22:12:59.978-0500	DEBUG	protocol/handler.go:1600	waiting for broadcasts	{"{round 20 3  <nil>}": {"Key":"missing","Type":15,"Integer":0,"String":"[a b e f g]","Interface":null}}
2025-08-15T22:12:59.973-0500	DEBUG	protocol/handler.go:1591	have processed broadcast	{"{round 20 3  <nil>}": {"Key":"from","Type":15,"Integer":0,"String":"a","Interface":null}}
2025-08-15T22:12:59.990-0500	DEBUG	protocol/handler.go:1591	have processed broadcast	{"{round 20 3  <nil>}": {"Key":"from","Type":15,"Integer":0,"String":"c","Interface":null}}
2025-08-15T22:12:59.998-0500	DEBUG	protocol/handler.go:581	tryAdvanceRound called	{"{current_round 20 3  <nil>}": {"Key":"self","Type":15,"Integer":0,"String":"b","Interface":null}}
2025-08-15T22:12:59.998-0500	DEBUG	protocol/handler.go:581	tryAdvanceRound called	{"{current_round 20 3  <nil>}": {"Key":"self","Type":15,"Integer":0,"String":"a","Interface":null}}
2025-08-15T22:12:59.998-0500	DEBUG	protocol/handler.go:581	tryAdvanceRound called	{"{current_round 20 3  <nil>}": {"Key":"self","Type":15,"Integer":0,"String":"e","Interface":null}}
2025-08-15T22:12:59.998-0500	DEBUG	protocol/handler.go:1600	waiting for broadcasts	{"{round 20 3  <nil>}": {"Key":"missing","Type":15,"Integer":0,"String":"[b d e g]","Interface":null}}
2025-08-15T22:12:59.996-0500	DEBUG	protocol/handler.go:581	tryAdvanceRound called	{"{current_round 20 3  <nil>}": {"Key":"self","Type":15,"Integer":0,"String":"d","Interface":null}}
2025-08-15T22:12:59.998-0500	DEBUG	protocol/handler.go:432	processMessage: p2p round 3 START	{"{from 15 0 e <nil>}": {"Key":"to","Type":15,"Integer":0,"String":"f","Interface":null}}
2025-08-15T22:12:59.998-0500	DEBUG	protocol/handler.go:1306	waiting for broadcast before normal message
2025-08-15T22:12:59.998-0500	DEBUG	protocol/handler.go:1306	waiting for broadcast before normal message
2025-08-15T22:12:59.998-0500	DEBUG	protocol/handler.go:437	processing message	{"{from 15 0 e <nil>}": {"Key":"to","Type":15,"Integer":0,"String":"f","Interface":null}, "{round 20 3  <nil>}": {"Key":"broadcast","Type":4,"Integer":0,"String":"","Interface":null}}
2025-08-15T22:12:59.998-0500	DEBUG	protocol/handler.go:1591	have processed broadcast	{"{round 20 3  <nil>}": {"Key":"from","Type":15,"Integer":0,"String":"c","Interface":null}}
2025-08-15T22:12:59.998-0500	DEBUG	protocol/handler.go:1662	storing message	{"{round 20 3  <nil>}": {"Key":"from","Type":15,"Integer":0,"String":"e","Interface":null}}
2025-08-15T22:12:59.998-0500	DEBUG	protocol/handler.go:1306	waiting for broadcast before normal message
2025-08-15T22:12:59.999-0500	DEBUG	protocol/handler.go:1591	have processed broadcast	{"{round 20 3  <nil>}": {"Key":"from","Type":15,"Integer":0,"String":"a","Interface":null}}
2025-08-15T22:12:59.999-0500	DEBUG	protocol/handler.go:1591	have processed broadcast	{"{round 20 3  <nil>}": {"Key":"from","Type":15,"Integer":0,"String":"b","Interface":null}}
2025-08-15T22:12:59.999-0500	DEBUG	protocol/handler.go:1591	have processed broadcast	{"{round 20 3  <nil>}": {"Key":"from","Type":15,"Integer":0,"String":"b","Interface":null}}
2025-08-15T22:12:59.999-0500	DEBUG	protocol/handler.go:581	tryAdvanceRound called	{"{current_round 20 3  <nil>}": {"Key":"self","Type":15,"Integer":0,"String":"e","Interface":null}}
2025-08-15T22:12:59.999-0500	DEBUG	protocol/handler.go:1591	have processed broadcast	{"{round 20 3  <nil>}": {"Key":"from","Type":15,"Integer":0,"String":"c","Interface":null}}
2025-08-15T22:12:59.999-0500	DEBUG	protocol/handler.go:1591	have processed broadcast	{"{round 20 3  <nil>}": {"Key":"from","Type":15,"Integer":0,"String":"d","Interface":null}}
2025-08-15T22:12:59.999-0500	DEBUG	protocol/handler.go:1591	have processed broadcast	{"{round 20 3  <nil>}": {"Key":"from","Type":15,"Integer":0,"String":"f","Interface":null}}
2025-08-15T22:12:59.956-0500	DEBUG	protocol/handler.go:437	processing message	{"{from 15 0 e <nil>}": {"Key":"to","Type":15,"Integer":0,"String":"","Interface":null}, "{round 20 3  <nil>}": {"Key":"broadcast","Type":4,"Integer":1,"String":"","Interface":null}}
2025-08-15T22:12:59.999-0500	DEBUG	protocol/handler.go:1657	storing broadcast	{"{round 20 3  <nil>}": {"Key":"from","Type":15,"Integer":0,"String":"e","Interface":null}}
2025-08-15T22:12:59.999-0500	DEBUG	protocol/handler.go:581	tryAdvanceRound called	{"{current_round 20 3  <nil>}": {"Key":"self","Type":15,"Integer":0,"String":"a","Interface":null}}
2025-08-15T22:12:59.999-0500	DEBUG	protocol/handler.go:1591	have processed broadcast	{"{round 20 3  <nil>}": {"Key":"from","Type":15,"Integer":0,"String":"c","Interface":null}}
2025-08-15T22:12:59.999-0500	DEBUG	protocol/handler.go:1306	waiting for broadcast before normal message
2025-08-15T22:12:59.999-0500	DEBUG	protocol/handler.go:1306	waiting for broadcast before normal message
2025-08-15T22:12:59.999-0500	DEBUG	protocol/handler.go:1591	have processed broadcast	{"{round 20 3  <nil>}": {"Key":"from","Type":15,"Integer":0,"String":"d","Interface":null}}
2025-08-15T22:12:59.998-0500	DEBUG	protocol/handler.go:581	tryAdvanceRound called	{"{current_round 20 3  <nil>}": {"Key":"self","Type":15,"Integer":0,"String":"f","Interface":null}}
2025-08-15T22:12:59.999-0500	DEBUG	protocol/handler.go:1600	waiting for broadcasts	{"{round 20 3  <nil>}": {"Key":"missing","Type":15,"Integer":0,"String":"[e f g]","Interface":null}}
2025-08-15T22:12:59.999-0500	DEBUG	protocol/handler.go:1600	waiting for broadcasts	{"{round 20 3  <nil>}": {"Key":"missing","Type":15,"Integer":0,"String":"[a c d e f g]","Interface":null}}
2025-08-15T22:12:59.999-0500	DEBUG	protocol/handler.go:1306	waiting for broadcast before normal message
2025-08-15T22:12:59.999-0500	DEBUG	protocol/handler.go:1591	have processed broadcast	{"{round 20 3  <nil>}": {"Key":"from","Type":15,"Integer":0,"String":"a","Interface":null}}
2025-08-15T22:12:59.999-0500	DEBUG	protocol/handler.go:1591	have processed broadcast	{"{round 20 3  <nil>}": {"Key":"from","Type":15,"Integer":0,"String":"c","Interface":null}}
2025-08-15T22:12:59.999-0500	DEBUG	protocol/handler.go:1600	waiting for broadcasts	{"{round 20 3  <nil>}": {"Key":"missing","Type":15,"Integer":0,"String":"[b d e g]","Interface":null}}
2025-08-15T22:12:59.999-0500	DEBUG	protocol/handler.go:1591	have processed broadcast	{"{round 20 3  <nil>}": {"Key":"from","Type":15,"Integer":0,"String":"a","Interface":null}}
2025-08-15T22:13:00.000-0500	DEBUG	protocol/handler.go:1591	have processed broadcast	{"{round 20 3  <nil>}": {"Key":"from","Type":15,"Integer":0,"String":"b","Interface":null}}
2025-08-15T22:13:00.000-0500	DEBUG	protocol/handler.go:1591	have processed broadcast	{"{round 20 3  <nil>}": {"Key":"from","Type":15,"Integer":0,"String":"d","Interface":null}}
2025-08-15T22:13:00.000-0500	DEBUG	protocol/handler.go:1591	have processed broadcast	{"{round 20 3  <nil>}": {"Key":"from","Type":15,"Integer":0,"String":"e","Interface":null}}
2025-08-15T22:13:00.000-0500	DEBUG	protocol/handler.go:1600	waiting for broadcasts	{"{round 20 3  <nil>}": {"Key":"missing","Type":15,"Integer":0,"String":"[f g]","Interface":null}}
2025-08-15T22:12:59.999-0500	DEBUG	protocol/handler.go:1600	waiting for broadcasts	{"{round 20 3  <nil>}": {"Key":"missing","Type":15,"Integer":0,"String":"[g]","Interface":null}}
2025-08-15T22:13:00.000-0500	DEBUG	protocol/handler.go:581	tryAdvanceRound called	{"{current_round 20 3  <nil>}": {"Key":"self","Type":15,"Integer":0,"String":"c","Interface":null}}
2025-08-15T22:13:00.000-0500	DEBUG	protocol/handler.go:1306	waiting for broadcast before normal message
2025-08-15T22:13:00.000-0500	DEBUG	protocol/handler.go:1591	have processed broadcast	{"{round 20 3  <nil>}": {"Key":"from","Type":15,"Integer":0,"String":"a","Interface":null}}
2025-08-15T22:13:00.000-0500	DEBUG	protocol/handler.go:1591	have processed broadcast	{"{round 20 3  <nil>}": {"Key":"from","Type":15,"Integer":0,"String":"b","Interface":null}}
2025-08-15T22:13:00.001-0500	DEBUG	protocol/handler.go:1591	have processed broadcast	{"{round 20 3  <nil>}": {"Key":"from","Type":15,"Integer":0,"String":"d","Interface":null}}
2025-08-15T22:13:00.001-0500	DEBUG	protocol/handler.go:1591	have processed broadcast	{"{round 20 3  <nil>}": {"Key":"from","Type":15,"Integer":0,"String":"e","Interface":null}}
2025-08-15T22:13:00.001-0500	DEBUG	protocol/handler.go:1600	waiting for broadcasts	{"{round 20 3  <nil>}": {"Key":"missing","Type":15,"Integer":0,"String":"[f g]","Interface":null}}
2025-08-15T22:13:00.001-0500	DEBUG	protocol/handler.go:1591	have processed broadcast	{"{round 20 3  <nil>}": {"Key":"from","Type":15,"Integer":0,"String":"a","Interface":null}}
2025-08-15T22:13:00.001-0500	DEBUG	protocol/handler.go:581	tryAdvanceRound called	{"{current_round 20 3  <nil>}": {"Key":"self","Type":15,"Integer":0,"String":"b","Interface":null}}
2025-08-15T22:13:00.001-0500	DEBUG	protocol/handler.go:1591	have processed broadcast	{"{round 20 3  <nil>}": {"Key":"from","Type":15,"Integer":0,"String":"b","Interface":null}}
2025-08-15T22:13:00.001-0500	DEBUG	protocol/handler.go:1306	waiting for broadcast before normal message
2025-08-15T22:13:00.001-0500	DEBUG	protocol/handler.go:1591	have processed broadcast	{"{round 20 3  <nil>}": {"Key":"from","Type":15,"Integer":0,"String":"c","Interface":null}}
2025-08-15T22:13:00.001-0500	DEBUG	protocol/handler.go:1306	waiting for broadcast before normal message
2025-08-15T22:12:59.998-0500	DEBUG	protocol/handler.go:1600	waiting for broadcasts	{"{round 20 3  <nil>}": {"Key":"missing","Type":15,"Integer":0,"String":"[a b e f g]","Interface":null}}
2025-08-15T22:13:00.001-0500	DEBUG	protocol/handler.go:581	tryAdvanceRound called	{"{current_round 20 3  <nil>}": {"Key":"self","Type":15,"Integer":0,"String":"a","Interface":null}}
2025-08-15T22:13:00.003-0500	DEBUG	protocol/handler.go:1591	have processed broadcast	{"{round 20 3  <nil>}": {"Key":"from","Type":15,"Integer":0,"String":"b","Interface":null}}
2025-08-15T22:13:00.003-0500	DEBUG	protocol/handler.go:1591	have processed broadcast	{"{round 20 3  <nil>}": {"Key":"from","Type":15,"Integer":0,"String":"c","Interface":null}}
2025-08-15T22:13:00.003-0500	DEBUG	protocol/handler.go:1591	have processed broadcast	{"{round 20 3  <nil>}": {"Key":"from","Type":15,"Integer":0,"String":"a","Interface":null}}
2025-08-15T22:13:00.003-0500	DEBUG	protocol/handler.go:1591	have processed broadcast	{"{round 20 3  <nil>}": {"Key":"from","Type":15,"Integer":0,"String":"d","Interface":null}}
2025-08-15T22:13:00.003-0500	DEBUG	protocol/handler.go:1591	have processed broadcast	{"{round 20 3  <nil>}": {"Key":"from","Type":15,"Integer":0,"String":"b","Interface":null}}
2025-08-15T22:13:00.003-0500	DEBUG	protocol/handler.go:1591	have processed broadcast	{"{round 20 3  <nil>}": {"Key":"from","Type":15,"Integer":0,"String":"a","Interface":null}}
2025-08-15T22:13:00.003-0500	DEBUG	protocol/handler.go:1591	have processed broadcast	{"{round 20 3  <nil>}": {"Key":"from","Type":15,"Integer":0,"String":"b","Interface":null}}
2025-08-15T22:13:00.004-0500	DEBUG	protocol/handler.go:1306	waiting for broadcast before normal message
2025-08-15T22:13:00.004-0500	DEBUG	protocol/handler.go:1591	have processed broadcast	{"{round 20 3  <nil>}": {"Key":"from","Type":15,"Integer":0,"String":"d","Interface":null}}
2025-08-15T22:13:00.004-0500	DEBUG	protocol/handler.go:1306	waiting for broadcast before normal message
2025-08-15T22:13:00.004-0500	DEBUG	protocol/handler.go:1591	have processed broadcast	{"{round 20 3  <nil>}": {"Key":"from","Type":15,"Integer":0,"String":"e","Interface":null}}
2025-08-15T22:13:00.004-0500	DEBUG	protocol/handler.go:1306	waiting for broadcast before normal message
2025-08-15T22:13:00.004-0500	DEBUG	protocol/handler.go:1600	waiting for broadcasts	{"{round 20 3  <nil>}": {"Key":"missing","Type":15,"Integer":0,"String":"[f g]","Interface":null}}
2025-08-15T22:13:00.004-0500	DEBUG	protocol/handler.go:1306	waiting for broadcast before normal message
2025-08-15T22:13:00.004-0500	DEBUG	protocol/handler.go:1306	waiting for broadcast before normal message
2025-08-15T22:13:00.001-0500	DEBUG	protocol/handler.go:1591	have processed broadcast	{"{round 20 3  <nil>}": {"Key":"from","Type":15,"Integer":0,"String":"d","Interface":null}}
2025-08-15T22:13:00.004-0500	DEBUG	protocol/handler.go:1306	waiting for broadcast before normal message
2025-08-15T22:13:00.004-0500	DEBUG	protocol/handler.go:1591	have processed broadcast	{"{round 20 3  <nil>}": {"Key":"from","Type":15,"Integer":0,"String":"f","Interface":null}}
2025-08-15T22:13:00.004-0500	DEBUG	protocol/handler.go:1600	waiting for broadcasts	{"{round 20 3  <nil>}": {"Key":"missing","Type":15,"Integer":0,"String":"[g]","Interface":null}}
2025-08-15T22:13:00.004-0500	DEBUG	protocol/handler.go:1306	waiting for broadcast before normal message
2025-08-15T22:13:00.004-0500	DEBUG	protocol/handler.go:1306	waiting for broadcast before normal message
2025-08-15T22:13:00.004-0500	DEBUG	protocol/handler.go:1306	waiting for broadcast before normal message
2025-08-15T22:13:00.005-0500	DEBUG	protocol/handler.go:1591	have processed broadcast	{"{round 20 3  <nil>}": {"Key":"from","Type":15,"Integer":0,"String":"a","Interface":null}}
2025-08-15T22:13:00.005-0500	DEBUG	protocol/handler.go:1591	have processed broadcast	{"{round 20 3  <nil>}": {"Key":"from","Type":15,"Integer":0,"String":"b","Interface":null}}
2025-08-15T22:13:00.005-0500	DEBUG	protocol/handler.go:1591	have processed broadcast	{"{round 20 3  <nil>}": {"Key":"from","Type":15,"Integer":0,"String":"c","Interface":null}}
2025-08-15T22:13:00.005-0500	DEBUG	protocol/handler.go:1591	have processed broadcast	{"{round 20 3  <nil>}": {"Key":"from","Type":15,"Integer":0,"String":"b","Interface":null}}
2025-08-15T22:13:00.005-0500	DEBUG	protocol/handler.go:1591	have processed broadcast	{"{round 20 3  <nil>}": {"Key":"from","Type":15,"Integer":0,"String":"d","Interface":null}}
2025-08-15T22:13:00.005-0500	DEBUG	protocol/handler.go:1591	have processed broadcast	{"{round 20 3  <nil>}": {"Key":"from","Type":15,"Integer":0,"String":"f","Interface":null}}
2025-08-15T22:13:00.005-0500	DEBUG	protocol/handler.go:1591	have processed broadcast	{"{round 20 3  <nil>}": {"Key":"from","Type":15,"Integer":0,"String":"c","Interface":null}}
2025-08-15T22:13:00.005-0500	DEBUG	protocol/handler.go:1600	waiting for broadcasts	{"{round 20 3  <nil>}": {"Key":"missing","Type":15,"Integer":0,"String":"[g]","Interface":null}}
2025-08-15T22:13:00.005-0500	DEBUG	protocol/handler.go:1591	have processed broadcast	{"{round 20 3  <nil>}": {"Key":"from","Type":15,"Integer":0,"String":"d","Interface":null}}
2025-08-15T22:13:00.003-0500	DEBUG	protocol/handler.go:1591	have processed broadcast	{"{round 20 3  <nil>}": {"Key":"from","Type":15,"Integer":0,"String":"c","Interface":null}}
2025-08-15T22:13:00.005-0500	DEBUG	protocol/handler.go:1591	have processed broadcast	{"{round 20 3  <nil>}": {"Key":"from","Type":15,"Integer":0,"String":"e","Interface":null}}
2025-08-15T22:13:00.005-0500	DEBUG	protocol/handler.go:1591	have processed broadcast	{"{round 20 3  <nil>}": {"Key":"from","Type":15,"Integer":0,"String":"d","Interface":null}}
2025-08-15T22:13:00.005-0500	DEBUG	protocol/handler.go:1600	waiting for broadcasts	{"{round 20 3  <nil>}": {"Key":"missing","Type":15,"Integer":0,"String":"[f g]","Interface":null}}
2025-08-15T22:13:00.005-0500	DEBUG	protocol/handler.go:1591	have processed broadcast	{"{round 20 3  <nil>}": {"Key":"from","Type":15,"Integer":0,"String":"f","Interface":null}}
2025-08-15T22:13:00.005-0500	DEBUG	protocol/handler.go:1600	waiting for broadcasts	{"{round 20 3  <nil>}": {"Key":"missing","Type":15,"Integer":0,"String":"[g]","Interface":null}}
2025-08-15T22:13:00.006-0500	DEBUG	protocol/handler.go:581	tryAdvanceRound called	{"{current_round 20 3  <nil>}": {"Key":"self","Type":15,"Integer":0,"String":"e","Interface":null}}
2025-08-15T22:13:00.006-0500	DEBUG	protocol/handler.go:1591	have processed broadcast	{"{round 20 3  <nil>}": {"Key":"from","Type":15,"Integer":0,"String":"a","Interface":null}}
2025-08-15T22:13:00.006-0500	DEBUG	protocol/handler.go:1591	have processed broadcast	{"{round 20 3  <nil>}": {"Key":"from","Type":15,"Integer":0,"String":"b","Interface":null}}
2025-08-15T22:13:00.006-0500	DEBUG	protocol/handler.go:1591	have processed broadcast	{"{round 20 3  <nil>}": {"Key":"from","Type":15,"Integer":0,"String":"c","Interface":null}}
2025-08-15T22:13:00.006-0500	DEBUG	protocol/handler.go:1591	have processed broadcast	{"{round 20 3  <nil>}": {"Key":"from","Type":15,"Integer":0,"String":"d","Interface":null}}
2025-08-15T22:13:00.006-0500	DEBUG	protocol/handler.go:1591	have processed broadcast	{"{round 20 3  <nil>}": {"Key":"from","Type":15,"Integer":0,"String":"f","Interface":null}}
2025-08-15T22:13:00.006-0500	DEBUG	protocol/handler.go:1600	waiting for broadcasts	{"{round 20 3  <nil>}": {"Key":"missing","Type":15,"Integer":0,"String":"[g]","Interface":null}}
2025-08-15T22:13:00.006-0500	DEBUG	protocol/handler.go:1591	have processed broadcast	{"{round 20 3  <nil>}": {"Key":"from","Type":15,"Integer":0,"String":"a","Interface":null}}
2025-08-15T22:13:00.006-0500	DEBUG	protocol/handler.go:1591	have processed broadcast	{"{round 20 3  <nil>}": {"Key":"from","Type":15,"Integer":0,"String":"c","Interface":null}}
2025-08-15T22:13:00.006-0500	DEBUG	protocol/handler.go:437	processing message	{"{from 15 0 a <nil>}": {"Key":"to","Type":15,"Integer":0,"String":"","Interface":null}, "{round 20 3  <nil>}": {"Key":"broadcast","Type":4,"Integer":1,"String":"","Interface":null}}
2025-08-15T22:13:00.006-0500	DEBUG	protocol/handler.go:1600	waiting for broadcasts	{"{round 20 3  <nil>}": {"Key":"missing","Type":15,"Integer":0,"String":"[b d e g]","Interface":null}}
2025-08-15T22:13:00.006-0500	DEBUG	protocol/handler.go:1657	storing broadcast	{"{round 20 3  <nil>}": {"Key":"from","Type":15,"Integer":0,"String":"a","Interface":null}}
2025-08-15T22:13:00.006-0500	DEBUG	protocol/handler.go:437	processing message	{"{from 15 0 b <nil>}": {"Key":"to","Type":15,"Integer":0,"String":"","Interface":null}, "{round 20 3  <nil>}": {"Key":"broadcast","Type":4,"Integer":1,"String":"","Interface":null}}
2025-08-15T22:13:00.007-0500	DEBUG	protocol/handler.go:1657	storing broadcast	{"{round 20 3  <nil>}": {"Key":"from","Type":15,"Integer":0,"String":"b","Interface":null}}
2025-08-15T22:13:00.007-0500	DEBUG	protocol/handler.go:581	tryAdvanceRound called	{"{current_round 20 3  <nil>}": {"Key":"self","Type":15,"Integer":0,"String":"d","Interface":null}}
2025-08-15T22:13:00.007-0500	DEBUG	protocol/handler.go:581	tryAdvanceRound called	{"{current_round 20 3  <nil>}": {"Key":"self","Type":15,"Integer":0,"String":"d","Interface":null}}
2025-08-15T22:13:00.007-0500	DEBUG	protocol/handler.go:1306	waiting for broadcast before normal message
2025-08-15T22:13:00.007-0500	DEBUG	protocol/handler.go:1306	waiting for broadcast before normal message
2025-08-15T22:13:00.007-0500	DEBUG	protocol/handler.go:1306	waiting for broadcast before normal message
2025-08-15T22:13:00.007-0500	DEBUG	protocol/handler.go:1306	waiting for broadcast before normal message
2025-08-15T22:13:00.007-0500	DEBUG	protocol/handler.go:1591	have processed broadcast	{"{round 20 3  <nil>}": {"Key":"from","Type":15,"Integer":0,"String":"a","Interface":null}}
2025-08-15T22:13:00.007-0500	DEBUG	protocol/handler.go:1591	have processed broadcast	{"{round 20 3  <nil>}": {"Key":"from","Type":15,"Integer":0,"String":"a","Interface":null}}
2025-08-15T22:13:00.007-0500	DEBUG	protocol/handler.go:1591	have processed broadcast	{"{round 20 3  <nil>}": {"Key":"from","Type":15,"Integer":0,"String":"c","Interface":null}}
2025-08-15T22:13:00.007-0500	DEBUG	protocol/handler.go:1591	have processed broadcast	{"{round 20 3  <nil>}": {"Key":"from","Type":15,"Integer":0,"String":"c","Interface":null}}
2025-08-15T22:13:00.007-0500	DEBUG	protocol/handler.go:1600	waiting for broadcasts	{"{round 20 3  <nil>}": {"Key":"missing","Type":15,"Integer":0,"String":"[b e f g]","Interface":null}}
2025-08-15T22:12:59.837-0500	DEBUG	protocol/handler.go:581	tryAdvanceRound called	{"{current_round 20 2  <nil>}": {"Key":"self","Type":15,"Integer":0,"String":"f","Interface":null}}
2025-08-15T22:13:00.007-0500	DEBUG	protocol/handler.go:1600	waiting for broadcasts	{"{round 20 3  <nil>}": {"Key":"missing","Type":15,"Integer":0,"String":"[b e f g]","Interface":null}}
2025-08-15T22:13:00.007-0500	DEBUG	protocol/handler.go:1591	have processed broadcast	{"{round 20 2  <nil>}": {"Key":"from","Type":15,"Integer":0,"String":"a","Interface":null}}
2025-08-15T22:13:00.007-0500	DEBUG	protocol/handler.go:1591	have processed broadcast	{"{round 20 2  <nil>}": {"Key":"from","Type":15,"Integer":0,"String":"b","Interface":null}}
2025-08-15T22:13:00.007-0500	DEBUG	protocol/handler.go:437	processing message	{"{from 15 0 b <nil>}": {"Key":"to","Type":15,"Integer":0,"String":"","Interface":null}, "{round 20 3  <nil>}": {"Key":"broadcast","Type":4,"Integer":1,"String":"","Interface":null}}
2025-08-15T22:13:00.007-0500	DEBUG	protocol/handler.go:1591	have processed broadcast	{"{round 20 2  <nil>}": {"Key":"from","Type":15,"Integer":0,"String":"c","Interface":null}}
2025-08-15T22:13:00.007-0500	DEBUG	protocol/handler.go:1657	storing broadcast	{"{round 20 3  <nil>}": {"Key":"from","Type":15,"Integer":0,"String":"b","Interface":null}}
2025-08-15T22:13:00.007-0500	DEBUG	protocol/handler.go:1591	have processed broadcast	{"{round 20 2  <nil>}": {"Key":"from","Type":15,"Integer":0,"String":"d","Interface":null}}
2025-08-15T22:13:00.007-0500	DEBUG	protocol/handler.go:1591	have processed broadcast	{"{round 20 2  <nil>}": {"Key":"from","Type":15,"Integer":0,"String":"e","Interface":null}}
2025-08-15T22:13:00.007-0500	DEBUG	protocol/handler.go:581	tryAdvanceRound called	{"{current_round 20 3  <nil>}": {"Key":"self","Type":15,"Integer":0,"String":"d","Interface":null}}
2025-08-15T22:13:00.007-0500	DEBUG	protocol/handler.go:1591	have processed broadcast	{"{round 20 2  <nil>}": {"Key":"from","Type":15,"Integer":0,"String":"g","Interface":null}}
2025-08-15T22:13:00.007-0500	DEBUG	protocol/handler.go:1306	waiting for broadcast before normal message
2025-08-15T22:13:00.007-0500	DEBUG	protocol/handler.go:1649	have all messages and processed	{"{round 20 2  <nil>}": {"Key":"self","Type":15,"Integer":0,"String":"f","Interface":null}}
2025-08-15T22:13:00.007-0500	DEBUG	protocol/handler.go:1591	have processed broadcast	{"{round 20 3  <nil>}": {"Key":"from","Type":15,"Integer":0,"String":"a","Interface":null}}
2025-08-15T22:13:00.007-0500	DEBUG	protocol/handler.go:432	processMessage: p2p round 3 START	{"{from 15 0 a <nil>}": {"Key":"to","Type":15,"Integer":0,"String":"d","Interface":null}}
2025-08-15T22:13:00.007-0500	DEBUG	protocol/handler.go:1306	waiting for broadcast before normal message
2025-08-15T22:13:00.007-0500	DEBUG	protocol/handler.go:1591	have processed broadcast	{"{round 20 3  <nil>}": {"Key":"from","Type":15,"Integer":0,"String":"b","Interface":null}}
2025-08-15T22:13:00.007-0500	DEBUG	protocol/handler.go:437	processing message	{"{from 15 0 a <nil>}": {"Key":"to","Type":15,"Integer":0,"String":"d","Interface":null}, "{round 20 3  <nil>}": {"Key":"broadcast","Type":4,"Integer":0,"String":"","Interface":null}}
2025-08-15T22:13:00.007-0500	DEBUG	protocol/handler.go:1591	have processed broadcast	{"{round 20 3  <nil>}": {"Key":"from","Type":15,"Integer":0,"String":"a","Interface":null}}
2025-08-15T22:13:00.007-0500	DEBUG	protocol/handler.go:1662	storing message	{"{round 20 3  <nil>}": {"Key":"from","Type":15,"Integer":0,"String":"a","Interface":null}}
2025-08-15T22:13:00.007-0500	DEBUG	protocol/handler.go:1591	have processed broadcast	{"{round 20 3  <nil>}": {"Key":"from","Type":15,"Integer":0,"String":"d","Interface":null}}
2025-08-15T22:13:00.007-0500	DEBUG	protocol/handler.go:581	tryAdvanceRound called	{"{current_round 20 3  <nil>}": {"Key":"self","Type":15,"Integer":0,"String":"c","Interface":null}}
2025-08-15T22:13:00.007-0500	DEBUG	protocol/handler.go:1591	have processed broadcast	{"{round 20 3  <nil>}": {"Key":"from","Type":15,"Integer":0,"String":"e","Interface":null}}
2025-08-15T22:13:00.007-0500	DEBUG	protocol/handler.go:581	tryAdvanceRound called	{"{current_round 20 3  <nil>}": {"Key":"self","Type":15,"Integer":0,"String":"f","Interface":null}}
2025-08-15T22:13:00.007-0500	DEBUG	protocol/handler.go:1306	waiting for broadcast before normal message
2025-08-15T22:13:00.007-0500	DEBUG	protocol/handler.go:1591	have processed broadcast	{"{round 20 3  <nil>}": {"Key":"from","Type":15,"Integer":0,"String":"b","Interface":null}}
2025-08-15T22:13:00.007-0500	DEBUG	protocol/handler.go:1600	waiting for broadcasts	{"{round 20 3  <nil>}": {"Key":"missing","Type":15,"Integer":0,"String":"[f g]","Interface":null}}
2025-08-15T22:13:00.007-0500	DEBUG	protocol/handler.go:596	round already finalized
2025-08-15T22:13:00.007-0500	DEBUG	protocol/handler.go:1591	have processed broadcast	{"{round 20 3  <nil>}": {"Key":"from","Type":15,"Integer":0,"String":"a","Interface":null}}
2025-08-15T22:13:00.008-0500	DEBUG	protocol/handler.go:600	current round already advanced	{"{checking 20 2  <nil>}": {"Key":"current","Type":20,"Integer":3,"String":"","Interface":null}}
2025-08-15T22:13:00.007-0500	DEBUG	protocol/handler.go:1591	have processed broadcast	{"{round 20 3  <nil>}": {"Key":"from","Type":15,"Integer":0,"String":"a","Interface":null}}
2025-08-15T22:13:00.008-0500	DEBUG	protocol/handler.go:1591	have processed broadcast	{"{round 20 3  <nil>}": {"Key":"from","Type":15,"Integer":0,"String":"b","Interface":null}}
2025-08-15T22:13:00.008-0500	DEBUG	protocol/handler.go:1591	have processed broadcast	{"{round 20 3  <nil>}": {"Key":"from","Type":15,"Integer":0,"String":"d","Interface":null}}
2025-08-15T22:13:00.008-0500	DEBUG	protocol/handler.go:1591	have processed broadcast	{"{round 20 3  <nil>}": {"Key":"from","Type":15,"Integer":0,"String":"e","Interface":null}}
2025-08-15T22:13:00.008-0500	DEBUG	protocol/handler.go:1600	waiting for broadcasts	{"{round 20 3  <nil>}": {"Key":"missing","Type":15,"Integer":0,"String":"[f g]","Interface":null}}
2025-08-15T22:13:00.009-0500	DEBUG	protocol/handler.go:581	tryAdvanceRound called	{"{current_round 20 3  <nil>}": {"Key":"self","Type":15,"Integer":0,"String":"d","Interface":null}}
2025-08-15T22:13:00.009-0500	DEBUG	protocol/handler.go:1306	waiting for broadcast before normal message
2025-08-15T22:13:00.009-0500	DEBUG	protocol/handler.go:1306	waiting for broadcast before normal message
2025-08-15T22:13:00.010-0500	DEBUG	protocol/handler.go:1591	have processed broadcast	{"{round 20 3  <nil>}": {"Key":"from","Type":15,"Integer":0,"String":"a","Interface":null}}
2025-08-15T22:13:00.010-0500	DEBUG	protocol/handler.go:1591	have processed broadcast	{"{round 20 3  <nil>}": {"Key":"from","Type":15,"Integer":0,"String":"b","Interface":null}}
2025-08-15T22:13:00.010-0500	DEBUG	protocol/handler.go:1591	have processed broadcast	{"{round 20 3  <nil>}": {"Key":"from","Type":15,"Integer":0,"String":"c","Interface":null}}
2025-08-15T22:13:00.010-0500	DEBUG	protocol/handler.go:1600	waiting for broadcasts	{"{round 20 3  <nil>}": {"Key":"missing","Type":15,"Integer":0,"String":"[e f g]","Interface":null}}
2025-08-15T22:13:00.010-0500	DEBUG	protocol/handler.go:1591	have processed broadcast	{"{round 20 3  <nil>}": {"Key":"from","Type":15,"Integer":0,"String":"a","Interface":null}}
2025-08-15T22:13:00.010-0500	DEBUG	protocol/handler.go:1591	have processed broadcast	{"{round 20 3  <nil>}": {"Key":"from","Type":15,"Integer":0,"String":"b","Interface":null}}
2025-08-15T22:13:00.010-0500	DEBUG	protocol/handler.go:1591	have processed broadcast	{"{round 20 3  <nil>}": {"Key":"from","Type":15,"Integer":0,"String":"c","Interface":null}}
2025-08-15T22:13:00.010-0500	DEBUG	protocol/handler.go:1591	have processed broadcast	{"{round 20 3  <nil>}": {"Key":"from","Type":15,"Integer":0,"String":"d","Interface":null}}
2025-08-15T22:13:00.010-0500	DEBUG	protocol/handler.go:1591	have processed broadcast	{"{round 20 3  <nil>}": {"Key":"from","Type":15,"Integer":0,"String":"f","Interface":null}}
2025-08-15T22:13:00.010-0500	DEBUG	protocol/handler.go:1600	waiting for broadcasts	{"{round 20 3  <nil>}": {"Key":"missing","Type":15,"Integer":0,"String":"[g]","Interface":null}}
2025-08-15T22:13:00.017-0500	DEBUG	protocol/handler.go:581	tryAdvanceRound called	{"{current_round 20 3  <nil>}": {"Key":"self","Type":15,"Integer":0,"String":"d","Interface":null}}
2025-08-15T22:13:00.017-0500	DEBUG	protocol/handler.go:1306	waiting for broadcast before normal message
2025-08-15T22:13:00.018-0500	DEBUG	protocol/handler.go:1306	waiting for broadcast before normal message
2025-08-15T22:13:00.018-0500	DEBUG	protocol/handler.go:1591	have processed broadcast	{"{round 20 3  <nil>}": {"Key":"from","Type":15,"Integer":0,"String":"a","Interface":null}}
2025-08-15T22:13:00.018-0500	DEBUG	protocol/handler.go:1591	have processed broadcast	{"{round 20 3  <nil>}": {"Key":"from","Type":15,"Integer":0,"String":"b","Interface":null}}
2025-08-15T22:13:00.018-0500	DEBUG	protocol/handler.go:1591	have processed broadcast	{"{round 20 3  <nil>}": {"Key":"from","Type":15,"Integer":0,"String":"c","Interface":null}}
2025-08-15T22:13:00.018-0500	DEBUG	protocol/handler.go:1600	waiting for broadcasts	{"{round 20 3  <nil>}": {"Key":"missing","Type":15,"Integer":0,"String":"[e f g]","Interface":null}}
2025-08-15T22:13:00.018-0500	DEBUG	protocol/handler.go:581	tryAdvanceRound called	{"{current_round 20 3  <nil>}": {"Key":"self","Type":15,"Integer":0,"String":"c","Interface":null}}
2025-08-15T22:13:00.018-0500	DEBUG	protocol/handler.go:1306	waiting for broadcast before normal message
2025-08-15T22:13:00.018-0500	DEBUG	protocol/handler.go:1591	have processed broadcast	{"{round 20 3  <nil>}": {"Key":"from","Type":15,"Integer":0,"String":"a","Interface":null}}
2025-08-15T22:13:00.019-0500	DEBUG	protocol/handler.go:1591	have processed broadcast	{"{round 20 3  <nil>}": {"Key":"from","Type":15,"Integer":0,"String":"b","Interface":null}}
2025-08-15T22:13:00.019-0500	DEBUG	protocol/handler.go:1591	have processed broadcast	{"{round 20 3  <nil>}": {"Key":"from","Type":15,"Integer":0,"String":"d","Interface":null}}
2025-08-15T22:13:00.019-0500	DEBUG	protocol/handler.go:1591	have processed broadcast	{"{round 20 3  <nil>}": {"Key":"from","Type":15,"Integer":0,"String":"e","Interface":null}}
2025-08-15T22:13:00.019-0500	DEBUG	protocol/handler.go:1600	waiting for broadcasts	{"{round 20 3  <nil>}": {"Key":"missing","Type":15,"Integer":0,"String":"[f g]","Interface":null}}
2025-08-15T22:13:00.025-0500	DEBUG	protocol/handler.go:581	tryAdvanceRound called	{"{current_round 20 3  <nil>}": {"Key":"self","Type":15,"Integer":0,"String":"c","Interface":null}}
2025-08-15T22:13:00.026-0500	DEBUG	protocol/handler.go:1306	waiting for broadcast before normal message
2025-08-15T22:13:00.026-0500	DEBUG	protocol/handler.go:1591	have processed broadcast	{"{round 20 3  <nil>}": {"Key":"from","Type":15,"Integer":0,"String":"a","Interface":null}}
2025-08-15T22:13:00.026-0500	DEBUG	protocol/handler.go:1591	have processed broadcast	{"{round 20 3  <nil>}": {"Key":"from","Type":15,"Integer":0,"String":"b","Interface":null}}
2025-08-15T22:13:00.026-0500	DEBUG	protocol/handler.go:1591	have processed broadcast	{"{round 20 3  <nil>}": {"Key":"from","Type":15,"Integer":0,"String":"d","Interface":null}}
2025-08-15T22:13:00.026-0500	DEBUG	protocol/handler.go:1591	have processed broadcast	{"{round 20 3  <nil>}": {"Key":"from","Type":15,"Integer":0,"String":"e","Interface":null}}
2025-08-15T22:13:00.026-0500	DEBUG	protocol/handler.go:1600	waiting for broadcasts	{"{round 20 3  <nil>}": {"Key":"missing","Type":15,"Integer":0,"String":"[f g]","Interface":null}}
2025-08-15T22:13:00.026-0500	DEBUG	protocol/handler.go:581	tryAdvanceRound called	{"{current_round 20 3  <nil>}": {"Key":"self","Type":15,"Integer":0,"String":"d","Interface":null}}
2025-08-15T22:13:00.026-0500	DEBUG	protocol/handler.go:1306	waiting for broadcast before normal message
2025-08-15T22:13:00.026-0500	DEBUG	protocol/handler.go:1306	waiting for broadcast before normal message
2025-08-15T22:13:00.026-0500	DEBUG	protocol/handler.go:1591	have processed broadcast	{"{round 20 3  <nil>}": {"Key":"from","Type":15,"Integer":0,"String":"a","Interface":null}}
2025-08-15T22:13:00.042-0500	DEBUG	protocol/handler.go:581	tryAdvanceRound called	{"{current_round 20 3  <nil>}": {"Key":"self","Type":15,"Integer":0,"String":"c","Interface":null}}
2025-08-15T22:13:00.042-0500	DEBUG	protocol/handler.go:1306	waiting for broadcast before normal message
2025-08-15T22:13:00.042-0500	DEBUG	protocol/handler.go:1591	have processed broadcast	{"{round 20 3  <nil>}": {"Key":"from","Type":15,"Integer":0,"String":"a","Interface":null}}
2025-08-15T22:13:00.042-0500	DEBUG	protocol/handler.go:1591	have processed broadcast	{"{round 20 3  <nil>}": {"Key":"from","Type":15,"Integer":0,"String":"b","Interface":null}}
2025-08-15T22:13:00.042-0500	DEBUG	protocol/handler.go:1591	have processed broadcast	{"{round 20 3  <nil>}": {"Key":"from","Type":15,"Integer":0,"String":"d","Interface":null}}
2025-08-15T22:13:00.042-0500	DEBUG	protocol/handler.go:1591	have processed broadcast	{"{round 20 3  <nil>}": {"Key":"from","Type":15,"Integer":0,"String":"e","Interface":null}}
2025-08-15T22:13:00.043-0500	DEBUG	protocol/handler.go:1600	waiting for broadcasts	{"{round 20 3  <nil>}": {"Key":"missing","Type":15,"Integer":0,"String":"[f g]","Interface":null}}
2025-08-15T22:13:00.043-0500	DEBUG	protocol/handler.go:437	processing message	{"{from 15 0 d <nil>}": {"Key":"to","Type":15,"Integer":0,"String":"","Interface":null}, "{round 20 3  <nil>}": {"Key":"broadcast","Type":4,"Integer":1,"String":"","Interface":null}}
2025-08-15T22:13:00.043-0500	DEBUG	protocol/handler.go:1657	storing broadcast	{"{round 20 3  <nil>}": {"Key":"from","Type":15,"Integer":0,"String":"d","Interface":null}}
2025-08-15T22:13:00.043-0500	DEBUG	protocol/handler.go:437	processing message	{"{from 15 0 f <nil>}": {"Key":"to","Type":15,"Integer":0,"String":"","Interface":null}, "{round 20 3  <nil>}": {"Key":"broadcast","Type":4,"Integer":1,"String":"","Interface":null}}
2025-08-15T22:13:00.043-0500	DEBUG	protocol/handler.go:1657	storing broadcast	{"{round 20 3  <nil>}": {"Key":"from","Type":15,"Integer":0,"String":"f","Interface":null}}
2025-08-15T22:13:00.043-0500	DEBUG	protocol/handler.go:581	tryAdvanceRound called	{"{current_round 20 3  <nil>}": {"Key":"self","Type":15,"Integer":0,"String":"a","Interface":null}}
2025-08-15T22:13:00.043-0500	DEBUG	protocol/handler.go:1591	have processed broadcast	{"{round 20 3  <nil>}": {"Key":"from","Type":15,"Integer":0,"String":"b","Interface":null}}
2025-08-15T22:13:00.043-0500	DEBUG	protocol/handler.go:1591	have processed broadcast	{"{round 20 3  <nil>}": {"Key":"from","Type":15,"Integer":0,"String":"c","Interface":null}}
2025-08-15T22:13:00.043-0500	DEBUG	protocol/handler.go:1591	have processed broadcast	{"{round 20 3  <nil>}": {"Key":"from","Type":15,"Integer":0,"String":"d","Interface":null}}
2025-08-15T22:13:00.043-0500	DEBUG	protocol/handler.go:1591	have processed broadcast	{"{round 20 3  <nil>}": {"Key":"from","Type":15,"Integer":0,"String":"e","Interface":null}}
2025-08-15T22:13:00.043-0500	DEBUG	protocol/handler.go:1591	have processed broadcast	{"{round 20 3  <nil>}": {"Key":"from","Type":15,"Integer":0,"String":"f","Interface":null}}
2025-08-15T22:13:00.044-0500	DEBUG	protocol/handler.go:1600	waiting for broadcasts	{"{round 20 3  <nil>}": {"Key":"missing","Type":15,"Integer":0,"String":"[g]","Interface":null}}
2025-08-15T22:13:00.044-0500	DEBUG	protocol/handler.go:432	processMessage: p2p round 3 START	{"{from 15 0 f <nil>}": {"Key":"to","Type":15,"Integer":0,"String":"a","Interface":null}}
2025-08-15T22:13:00.044-0500	DEBUG	protocol/handler.go:437	processing message	{"{from 15 0 f <nil>}": {"Key":"to","Type":15,"Integer":0,"String":"a","Interface":null}, "{round 20 3  <nil>}": {"Key":"broadcast","Type":4,"Integer":0,"String":"","Interface":null}}
2025-08-15T22:13:00.044-0500	DEBUG	protocol/handler.go:1662	storing message	{"{round 20 3  <nil>}": {"Key":"from","Type":15,"Integer":0,"String":"f","Interface":null}}
2025-08-15T22:13:00.047-0500	DEBUG	protocol/handler.go:581	tryAdvanceRound called	{"{current_round 20 3  <nil>}": {"Key":"self","Type":15,"Integer":0,"String":"a","Interface":null}}
2025-08-15T22:13:00.047-0500	DEBUG	protocol/handler.go:1591	have processed broadcast	{"{round 20 3  <nil>}": {"Key":"from","Type":15,"Integer":0,"String":"b","Interface":null}}
2025-08-15T22:13:00.047-0500	DEBUG	protocol/handler.go:1591	have processed broadcast	{"{round 20 3  <nil>}": {"Key":"from","Type":15,"Integer":0,"String":"c","Interface":null}}
2025-08-15T22:13:00.047-0500	DEBUG	protocol/handler.go:1591	have processed broadcast	{"{round 20 3  <nil>}": {"Key":"from","Type":15,"Integer":0,"String":"d","Interface":null}}
2025-08-15T22:13:00.047-0500	DEBUG	protocol/handler.go:1591	have processed broadcast	{"{round 20 3  <nil>}": {"Key":"from","Type":15,"Integer":0,"String":"e","Interface":null}}
2025-08-15T22:13:00.047-0500	DEBUG	protocol/handler.go:1591	have processed broadcast	{"{round 20 3  <nil>}": {"Key":"from","Type":15,"Integer":0,"String":"f","Interface":null}}
2025-08-15T22:13:00.047-0500	DEBUG	protocol/handler.go:1600	waiting for broadcasts	{"{round 20 3  <nil>}": {"Key":"missing","Type":15,"Integer":0,"String":"[g]","Interface":null}}
2025-08-15T22:13:00.047-0500	DEBUG	protocol/handler.go:581	tryAdvanceRound called	{"{current_round 20 3  <nil>}": {"Key":"self","Type":15,"Integer":0,"String":"c","Interface":null}}
2025-08-15T22:13:00.047-0500	DEBUG	protocol/handler.go:1306	waiting for broadcast before normal message
2025-08-15T22:13:00.048-0500	DEBUG	protocol/handler.go:1591	have processed broadcast	{"{round 20 3  <nil>}": {"Key":"from","Type":15,"Integer":0,"String":"a","Interface":null}}
2025-08-15T22:13:00.048-0500	DEBUG	protocol/handler.go:1591	have processed broadcast	{"{round 20 3  <nil>}": {"Key":"from","Type":15,"Integer":0,"String":"b","Interface":null}}
2025-08-15T22:13:00.048-0500	DEBUG	protocol/handler.go:1591	have processed broadcast	{"{round 20 3  <nil>}": {"Key":"from","Type":15,"Integer":0,"String":"d","Interface":null}}
2025-08-15T22:13:00.048-0500	DEBUG	protocol/handler.go:1591	have processed broadcast	{"{round 20 3  <nil>}": {"Key":"from","Type":15,"Integer":0,"String":"e","Interface":null}}
2025-08-15T22:13:00.048-0500	DEBUG	protocol/handler.go:1600	waiting for broadcasts	{"{round 20 3  <nil>}": {"Key":"missing","Type":15,"Integer":0,"String":"[f g]","Interface":null}}
2025-08-15T22:13:00.048-0500	DEBUG	protocol/handler.go:437	processing message	{"{from 15 0 f <nil>}": {"Key":"to","Type":15,"Integer":0,"String":"","Interface":null}, "{round 20 3  <nil>}": {"Key":"broadcast","Type":4,"Integer":1,"String":"","Interface":null}}
2025-08-15T22:13:00.048-0500	DEBUG	protocol/handler.go:1657	storing broadcast	{"{round 20 3  <nil>}": {"Key":"from","Type":15,"Integer":0,"String":"f","Interface":null}}
2025-08-15T22:13:00.048-0500	DEBUG	protocol/handler.go:581	tryAdvanceRound called	{"{current_round 20 3  <nil>}": {"Key":"self","Type":15,"Integer":0,"String":"c","Interface":null}}
2025-08-15T22:13:00.051-0500	DEBUG	protocol/handler.go:1591	have processed broadcast	{"{round 20 3  <nil>}": {"Key":"from","Type":15,"Integer":0,"String":"a","Interface":null}}
2025-08-15T22:13:00.051-0500	DEBUG	protocol/handler.go:1591	have processed broadcast	{"{round 20 3  <nil>}": {"Key":"from","Type":15,"Integer":0,"String":"b","Interface":null}}
2025-08-15T22:13:00.051-0500	DEBUG	protocol/handler.go:1591	have processed broadcast	{"{round 20 3  <nil>}": {"Key":"from","Type":15,"Integer":0,"String":"d","Interface":null}}
2025-08-15T22:13:00.051-0500	DEBUG	protocol/handler.go:1591	have processed broadcast	{"{round 20 3  <nil>}": {"Key":"from","Type":15,"Integer":0,"String":"e","Interface":null}}
2025-08-15T22:13:00.051-0500	DEBUG	protocol/handler.go:1591	have processed broadcast	{"{round 20 3  <nil>}": {"Key":"from","Type":15,"Integer":0,"String":"f","Interface":null}}
2025-08-15T22:13:00.051-0500	DEBUG	protocol/handler.go:1600	waiting for broadcasts	{"{round 20 3  <nil>}": {"Key":"missing","Type":15,"Integer":0,"String":"[g]","Interface":null}}
2025-08-15T22:13:00.052-0500	DEBUG	protocol/handler.go:1306	waiting for broadcast before normal message
2025-08-15T22:13:00.052-0500	DEBUG	protocol/handler.go:1591	have processed broadcast	{"{round 20 3  <nil>}": {"Key":"from","Type":15,"Integer":0,"String":"a","Interface":null}}
2025-08-15T22:13:00.052-0500	DEBUG	protocol/handler.go:1591	have processed broadcast	{"{round 20 3  <nil>}": {"Key":"from","Type":15,"Integer":0,"String":"c","Interface":null}}
2025-08-15T22:13:00.052-0500	DEBUG	protocol/handler.go:1600	waiting for broadcasts	{"{round 20 3  <nil>}": {"Key":"missing","Type":15,"Integer":0,"String":"[e g]","Interface":null}}
2025-08-15T22:13:00.052-0500	DEBUG	protocol/handler.go:432	processMessage: p2p round 3 START	{"{from 15 0 c <nil>}": {"Key":"to","Type":15,"Integer":0,"String":"f","Interface":null}}
2025-08-15T22:13:00.052-0500	DEBUG	protocol/handler.go:437	processing message	{"{from 15 0 c <nil>}": {"Key":"to","Type":15,"Integer":0,"String":"f","Interface":null}, "{round 20 3  <nil>}": {"Key":"broadcast","Type":4,"Integer":0,"String":"","Interface":null}}
2025-08-15T22:13:00.052-0500	DEBUG	protocol/handler.go:1662	storing message	{"{round 20 3  <nil>}": {"Key":"from","Type":15,"Integer":0,"String":"c","Interface":null}}
2025-08-15T22:13:00.054-0500	DEBUG	protocol/handler.go:581	tryAdvanceRound called	{"{current_round 20 3  <nil>}": {"Key":"self","Type":15,"Integer":0,"String":"f","Interface":null}}
2025-08-15T22:13:00.054-0500	DEBUG	protocol/handler.go:1306	waiting for broadcast before normal message
2025-08-15T22:13:00.054-0500	DEBUG	protocol/handler.go:1591	have processed broadcast	{"{round 20 3  <nil>}": {"Key":"from","Type":15,"Integer":0,"String":"a","Interface":null}}
2025-08-15T22:13:00.054-0500	DEBUG	protocol/handler.go:1591	have processed broadcast	{"{round 20 3  <nil>}": {"Key":"from","Type":15,"Integer":0,"String":"b","Interface":null}}
2025-08-15T22:13:00.054-0500	DEBUG	protocol/handler.go:1591	have processed broadcast	{"{round 20 3  <nil>}": {"Key":"from","Type":15,"Integer":0,"String":"c","Interface":null}}
2025-08-15T22:13:00.054-0500	DEBUG	protocol/handler.go:1591	have processed broadcast	{"{round 20 3  <nil>}": {"Key":"from","Type":15,"Integer":0,"String":"d","Interface":null}}
2025-08-15T22:13:00.054-0500	DEBUG	protocol/handler.go:1600	waiting for broadcasts	{"{round 20 3  <nil>}": {"Key":"missing","Type":15,"Integer":0,"String":"[e g]","Interface":null}}
2025-08-15T22:13:00.054-0500	DEBUG	protocol/handler.go:432	processMessage: p2p round 3 START	{"{from 15 0 d <nil>}": {"Key":"to","Type":15,"Integer":0,"String":"f","Interface":null}}
2025-08-15T22:13:00.055-0500	DEBUG	protocol/handler.go:437	processing message	{"{from 15 0 d <nil>}": {"Key":"to","Type":15,"Integer":0,"String":"f","Interface":null}, "{round 20 3  <nil>}": {"Key":"broadcast","Type":4,"Integer":0,"String":"","Interface":null}}
2025-08-15T22:13:00.055-0500	DEBUG	protocol/handler.go:1662	storing message	{"{round 20 3  <nil>}": {"Key":"from","Type":15,"Integer":0,"String":"d","Interface":null}}
2025-08-15T22:13:00.057-0500	DEBUG	protocol/handler.go:581	tryAdvanceRound called	{"{current_round 20 3  <nil>}": {"Key":"self","Type":15,"Integer":0,"String":"f","Interface":null}}
2025-08-15T22:13:00.057-0500	DEBUG	protocol/handler.go:1306	waiting for broadcast before normal message
2025-08-15T22:13:00.057-0500	DEBUG	protocol/handler.go:1591	have processed broadcast	{"{round 20 3  <nil>}": {"Key":"from","Type":15,"Integer":0,"String":"a","Interface":null}}
2025-08-15T22:13:00.059-0500	DEBUG	protocol/handler.go:1591	have processed broadcast	{"{round 20 2  <nil>}": {"Key":"from","Type":15,"Integer":0,"String":"a","Interface":null}}
2025-08-15T22:13:00.059-0500	DEBUG	protocol/handler.go:1591	have processed broadcast	{"{round 20 2  <nil>}": {"Key":"from","Type":15,"Integer":0,"String":"b","Interface":null}}
2025-08-15T22:13:00.059-0500	DEBUG	protocol/handler.go:1591	have processed broadcast	{"{round 20 2  <nil>}": {"Key":"from","Type":15,"Integer":0,"String":"c","Interface":null}}
2025-08-15T22:13:00.059-0500	DEBUG	protocol/handler.go:1591	have processed broadcast	{"{round 20 2  <nil>}": {"Key":"from","Type":15,"Integer":0,"String":"d","Interface":null}}
2025-08-15T22:13:00.059-0500	DEBUG	protocol/handler.go:1591	have processed broadcast	{"{round 20 2  <nil>}": {"Key":"from","Type":15,"Integer":0,"String":"e","Interface":null}}
2025-08-15T22:13:00.059-0500	DEBUG	protocol/handler.go:1591	have processed broadcast	{"{round 20 2  <nil>}": {"Key":"from","Type":15,"Integer":0,"String":"f","Interface":null}}
2025-08-15T22:13:00.059-0500	DEBUG	protocol/handler.go:1649	have all messages and processed	{"{round 20 2  <nil>}": {"Key":"self","Type":15,"Integer":0,"String":"g","Interface":null}}
2025-08-15T22:13:00.059-0500	DEBUG	protocol/handler.go:619	finalizing round
2025-08-15T22:13:00.060-0500	DEBUG	protocol/handler.go:1039	sendRoundMessage	{"{from 15 0 g <nil>}": {"Key":"to","Type":15,"Integer":0,"String":"","Interface":null}, "{round 20 3  <nil>}": {"Key":"broadcast","Type":4,"Integer":1,"String":"","Interface":null}}
2025-08-15T22:13:00.060-0500	DEBUG	protocol/handler.go:1657	storing broadcast	{"{round 20 3  <nil>}": {"Key":"from","Type":15,"Integer":0,"String":"g","Interface":null}}
2025-08-15T22:13:00.060-0500	DEBUG	protocol/handler.go:1081	sent message to output channel	{"{from 15 0 g <nil>}": {"Key":"to","Type":15,"Integer":0,"String":"","Interface":null}, "{round 20 3  <nil>}": {"Key":"broadcast","Type":4,"Integer":1,"String":"","Interface":null}}
2025-08-15T22:13:00.060-0500	DEBUG	protocol/handler.go:1039	sendRoundMessage	{"{from 15 0 g <nil>}": {"Key":"to","Type":15,"Integer":0,"String":"a","Interface":null}, "{round 20 3  <nil>}": {"Key":"broadcast","Type":4,"Integer":0,"String":"","Interface":null}}
2025-08-15T22:13:00.060-0500	DEBUG	protocol/handler.go:1081	sent message to output channel	{"{from 15 0 g <nil>}": {"Key":"to","Type":15,"Integer":0,"String":"a","Interface":null}, "{round 20 3  <nil>}": {"Key":"broadcast","Type":4,"Integer":0,"String":"","Interface":null}}
2025-08-15T22:13:00.060-0500	DEBUG	protocol/handler.go:1039	sendRoundMessage	{"{from 15 0 g <nil>}": {"Key":"to","Type":15,"Integer":0,"String":"b","Interface":null}, "{round 20 3  <nil>}": {"Key":"broadcast","Type":4,"Integer":0,"String":"","Interface":null}}
2025-08-15T22:13:00.060-0500	DEBUG	protocol/handler.go:1081	sent message to output channel	{"{from 15 0 g <nil>}": {"Key":"to","Type":15,"Integer":0,"String":"b","Interface":null}, "{round 20 3  <nil>}": {"Key":"broadcast","Type":4,"Integer":0,"String":"","Interface":null}}
2025-08-15T22:13:00.060-0500	DEBUG	protocol/handler.go:1039	sendRoundMessage	{"{from 15 0 g <nil>}": {"Key":"to","Type":15,"Integer":0,"String":"c","Interface":null}, "{round 20 3  <nil>}": {"Key":"broadcast","Type":4,"Integer":0,"String":"","Interface":null}}
2025-08-15T22:13:00.060-0500	DEBUG	protocol/handler.go:1081	sent message to output channel	{"{from 15 0 g <nil>}": {"Key":"to","Type":15,"Integer":0,"String":"c","Interface":null}, "{round 20 3  <nil>}": {"Key":"broadcast","Type":4,"Integer":0,"String":"","Interface":null}}
2025-08-15T22:13:00.060-0500	DEBUG	protocol/handler.go:1039	sendRoundMessage	{"{from 15 0 g <nil>}": {"Key":"to","Type":15,"Integer":0,"String":"d","Interface":null}, "{round 20 3  <nil>}": {"Key":"broadcast","Type":4,"Integer":0,"String":"","Interface":null}}
2025-08-15T22:13:00.061-0500	DEBUG	protocol/handler.go:1081	sent message to output channel	{"{from 15 0 g <nil>}": {"Key":"to","Type":15,"Integer":0,"String":"d","Interface":null}, "{round 20 3  <nil>}": {"Key":"broadcast","Type":4,"Integer":0,"String":"","Interface":null}}
2025-08-15T22:13:00.061-0500	DEBUG	protocol/handler.go:1039	sendRoundMessage	{"{from 15 0 g <nil>}": {"Key":"to","Type":15,"Integer":0,"String":"e","Interface":null}, "{round 20 3  <nil>}": {"Key":"broadcast","Type":4,"Integer":0,"String":"","Interface":null}}
2025-08-15T22:13:00.061-0500	DEBUG	protocol/handler.go:1081	sent message to output channel	{"{from 15 0 g <nil>}": {"Key":"to","Type":15,"Integer":0,"String":"e","Interface":null}, "{round 20 3  <nil>}": {"Key":"broadcast","Type":4,"Integer":0,"String":"","Interface":null}}
2025-08-15T22:13:00.061-0500	DEBUG	protocol/handler.go:1039	sendRoundMessage	{"{from 15 0 g <nil>}": {"Key":"to","Type":15,"Integer":0,"String":"f","Interface":null}, "{round 20 3  <nil>}": {"Key":"broadcast","Type":4,"Integer":0,"String":"","Interface":null}}
2025-08-15T22:13:00.061-0500	DEBUG	protocol/handler.go:1081	sent message to output channel	{"{from 15 0 g <nil>}": {"Key":"to","Type":15,"Integer":0,"String":"f","Interface":null}, "{round 20 3  <nil>}": {"Key":"broadcast","Type":4,"Integer":0,"String":"","Interface":null}}
2025-08-15T22:13:00.061-0500	DEBUG	protocol/handler.go:1182	finalized round messages	{"{round 20 2  <nil>}": {"Key":"messages","Type":11,"Integer":7,"String":"","Interface":null}}
2025-08-15T22:13:00.061-0500	DEBUG	protocol/handler.go:1239	finalize returned next round	{"{current 20 2  <nil>}": {"Key":"next","Type":20,"Integer":3,"String":"","Interface":null}}
2025-08-15T22:13:00.061-0500	INFO	protocol/handler.go:642	storing new currentRound	{"{from 20 2  <nil>}": {"Key":"to","Type":20,"Integer":3,"String":"","Interface":null}}
2025-08-15T22:13:00.061-0500	DEBUG	protocol/handler.go:1503	processing queued messages
2025-08-15T22:13:00.061-0500	INFO	protocol/handler.go:560	advanced to round
2025-08-15T22:13:00.061-0500	DEBUG	protocol/handler.go:581	tryAdvanceRound called	{"{current_round 20 3  <nil>}": {"Key":"self","Type":15,"Integer":0,"String":"g","Interface":null}}
2025-08-15T22:13:00.076-0500	DEBUG	protocol/handler.go:1306	waiting for broadcast before normal message
2025-08-15T22:13:00.076-0500	DEBUG	protocol/handler.go:1600	waiting for broadcasts	{"{round 20 3  <nil>}": {"Key":"missing","Type":15,"Integer":0,"String":"[a b c d e f]","Interface":null}}
2025-08-15T22:13:00.062-0500	DEBUG	protocol/handler.go:1591	have processed broadcast	{"{round 20 3  <nil>}": {"Key":"from","Type":15,"Integer":0,"String":"b","Interface":null}}
2025-08-15T22:13:00.076-0500	DEBUG	protocol/handler.go:1591	have processed broadcast	{"{round 20 3  <nil>}": {"Key":"from","Type":15,"Integer":0,"String":"c","Interface":null}}
2025-08-15T22:13:00.076-0500	DEBUG	protocol/handler.go:1591	have processed broadcast	{"{round 20 3  <nil>}": {"Key":"from","Type":15,"Integer":0,"String":"d","Interface":null}}
2025-08-15T22:13:00.076-0500	DEBUG	protocol/handler.go:1600	waiting for broadcasts	{"{round 20 3  <nil>}": {"Key":"missing","Type":15,"Integer":0,"String":"[e g]","Interface":null}}
2025-08-15T22:13:00.066-0500	DEBUG	protocol/handler.go:432	processMessage: p2p round 3 START	{"{from 15 0 b <nil>}": {"Key":"to","Type":15,"Integer":0,"String":"f","Interface":null}}
2025-08-15T22:13:00.076-0500	DEBUG	protocol/handler.go:437	processing message	{"{from 15 0 b <nil>}": {"Key":"to","Type":15,"Integer":0,"String":"f","Interface":null}, "{round 20 3  <nil>}": {"Key":"broadcast","Type":4,"Integer":0,"String":"","Interface":null}}
2025-08-15T22:13:00.076-0500	DEBUG	protocol/handler.go:1662	storing message	{"{round 20 3  <nil>}": {"Key":"from","Type":15,"Integer":0,"String":"b","Interface":null}}
2025-08-15T22:13:00.078-0500	DEBUG	protocol/handler.go:581	tryAdvanceRound called	{"{current_round 20 3  <nil>}": {"Key":"self","Type":15,"Integer":0,"String":"f","Interface":null}}
2025-08-15T22:13:00.078-0500	DEBUG	protocol/handler.go:1306	waiting for broadcast before normal message
2025-08-15T22:13:00.076-0500	DEBUG	protocol/handler.go:581	tryAdvanceRound called	{"{current_round 20 3  <nil>}": {"Key":"self","Type":15,"Integer":0,"String":"g","Interface":null}}
2025-08-15T22:13:00.079-0500	DEBUG	protocol/handler.go:1306	waiting for broadcast before normal message
2025-08-15T22:13:00.079-0500	DEBUG	protocol/handler.go:1600	waiting for broadcasts	{"{round 20 3  <nil>}": {"Key":"missing","Type":15,"Integer":0,"String":"[a b c d e f]","Interface":null}}
2025-08-15T22:13:00.089-0500	DEBUG	protocol/handler.go:1306	waiting for broadcast before normal message
2025-08-15T22:13:00.091-0500	DEBUG	protocol/handler.go:1591	have processed broadcast	{"{round 20 3  <nil>}": {"Key":"from","Type":15,"Integer":0,"String":"a","Interface":null}}
2025-08-15T22:13:00.091-0500	DEBUG	protocol/handler.go:1591	have processed broadcast	{"{round 20 3  <nil>}": {"Key":"from","Type":15,"Integer":0,"String":"b","Interface":null}}
2025-08-15T22:13:00.091-0500	DEBUG	protocol/handler.go:1591	have processed broadcast	{"{round 20 3  <nil>}": {"Key":"from","Type":15,"Integer":0,"String":"c","Interface":null}}
2025-08-15T22:13:00.091-0500	DEBUG	protocol/handler.go:1591	have processed broadcast	{"{round 20 3  <nil>}": {"Key":"from","Type":15,"Integer":0,"String":"d","Interface":null}}
2025-08-15T22:13:00.092-0500	DEBUG	protocol/handler.go:1600	waiting for broadcasts	{"{round 20 3  <nil>}": {"Key":"missing","Type":15,"Integer":0,"String":"[e g]","Interface":null}}
2025-08-15T22:13:00.092-0500	DEBUG	protocol/handler.go:581	tryAdvanceRound called	{"{current_round 20 3  <nil>}": {"Key":"self","Type":15,"Integer":0,"String":"f","Interface":null}}
2025-08-15T22:13:00.092-0500	DEBUG	protocol/handler.go:1306	waiting for broadcast before normal message
2025-08-15T22:13:00.092-0500	DEBUG	protocol/handler.go:1591	have processed broadcast	{"{round 20 3  <nil>}": {"Key":"from","Type":15,"Integer":0,"String":"a","Interface":null}}
2025-08-15T22:13:00.092-0500	DEBUG	protocol/handler.go:1591	have processed broadcast	{"{round 20 3  <nil>}": {"Key":"from","Type":15,"Integer":0,"String":"b","Interface":null}}
2025-08-15T22:13:00.092-0500	DEBUG	protocol/handler.go:1591	have processed broadcast	{"{round 20 3  <nil>}": {"Key":"from","Type":15,"Integer":0,"String":"c","Interface":null}}
2025-08-15T22:13:00.092-0500	DEBUG	protocol/handler.go:1591	have processed broadcast	{"{round 20 3  <nil>}": {"Key":"from","Type":15,"Integer":0,"String":"d","Interface":null}}
2025-08-15T22:13:00.092-0500	DEBUG	protocol/handler.go:1600	waiting for broadcasts	{"{round 20 3  <nil>}": {"Key":"missing","Type":15,"Integer":0,"String":"[e g]","Interface":null}}
2025-08-15T22:13:00.092-0500	DEBUG	protocol/handler.go:581	tryAdvanceRound called	{"{current_round 20 3  <nil>}": {"Key":"self","Type":15,"Integer":0,"String":"f","Interface":null}}
2025-08-15T22:13:00.092-0500	DEBUG	protocol/handler.go:1306	waiting for broadcast before normal message
2025-08-15T22:13:00.092-0500	DEBUG	protocol/handler.go:1591	have processed broadcast	{"{round 20 3  <nil>}": {"Key":"from","Type":15,"Integer":0,"String":"a","Interface":null}}
2025-08-15T22:13:00.092-0500	DEBUG	protocol/handler.go:1591	have processed broadcast	{"{round 20 3  <nil>}": {"Key":"from","Type":15,"Integer":0,"String":"b","Interface":null}}
2025-08-15T22:13:00.092-0500	DEBUG	protocol/handler.go:1591	have processed broadcast	{"{round 20 3  <nil>}": {"Key":"from","Type":15,"Integer":0,"String":"c","Interface":null}}
2025-08-15T22:13:00.092-0500	DEBUG	protocol/handler.go:1591	have processed broadcast	{"{round 20 3  <nil>}": {"Key":"from","Type":15,"Integer":0,"String":"d","Interface":null}}
2025-08-15T22:13:00.092-0500	DEBUG	protocol/handler.go:1600	waiting for broadcasts	{"{round 20 3  <nil>}": {"Key":"missing","Type":15,"Integer":0,"String":"[e g]","Interface":null}}
2025-08-15T22:13:00.092-0500	DEBUG	protocol/handler.go:581	tryAdvanceRound called	{"{current_round 20 3  <nil>}": {"Key":"self","Type":15,"Integer":0,"String":"g","Interface":null}}
2025-08-15T22:13:00.092-0500	DEBUG	protocol/handler.go:1306	waiting for broadcast before normal message
2025-08-15T22:13:00.092-0500	DEBUG	protocol/handler.go:1600	waiting for broadcasts	{"{round 20 3  <nil>}": {"Key":"missing","Type":15,"Integer":0,"String":"[a b c d e f]","Interface":null}}
2025-08-15T22:13:00.093-0500	DEBUG	protocol/handler.go:581	tryAdvanceRound called	{"{current_round 20 3  <nil>}": {"Key":"self","Type":15,"Integer":0,"String":"f","Interface":null}}
2025-08-15T22:13:00.093-0500	DEBUG	protocol/handler.go:1306	waiting for broadcast before normal message
2025-08-15T22:13:00.093-0500	DEBUG	protocol/handler.go:1591	have processed broadcast	{"{round 20 3  <nil>}": {"Key":"from","Type":15,"Integer":0,"String":"a","Interface":null}}
2025-08-15T22:13:00.094-0500	DEBUG	protocol/handler.go:1591	have processed broadcast	{"{round 20 3  <nil>}": {"Key":"from","Type":15,"Integer":0,"String":"b","Interface":null}}
2025-08-15T22:13:00.094-0500	DEBUG	protocol/handler.go:1591	have processed broadcast	{"{round 20 3  <nil>}": {"Key":"from","Type":15,"Integer":0,"String":"c","Interface":null}}
2025-08-15T22:13:00.094-0500	DEBUG	protocol/handler.go:1591	have processed broadcast	{"{round 20 3  <nil>}": {"Key":"from","Type":15,"Integer":0,"String":"d","Interface":null}}
2025-08-15T22:13:00.094-0500	DEBUG	protocol/handler.go:1600	waiting for broadcasts	{"{round 20 3  <nil>}": {"Key":"missing","Type":15,"Integer":0,"String":"[e g]","Interface":null}}
2025-08-15T22:13:00.095-0500	DEBUG	protocol/handler.go:581	tryAdvanceRound called	{"{current_round 20 3  <nil>}": {"Key":"self","Type":15,"Integer":0,"String":"f","Interface":null}}
2025-08-15T22:13:00.096-0500	DEBUG	protocol/handler.go:1306	waiting for broadcast before normal message
2025-08-15T22:13:00.096-0500	DEBUG	protocol/handler.go:1591	have processed broadcast	{"{round 20 3  <nil>}": {"Key":"from","Type":15,"Integer":0,"String":"a","Interface":null}}
2025-08-15T22:13:00.096-0500	DEBUG	protocol/handler.go:1591	have processed broadcast	{"{round 20 3  <nil>}": {"Key":"from","Type":15,"Integer":0,"String":"b","Interface":null}}
2025-08-15T22:13:00.096-0500	DEBUG	protocol/handler.go:1591	have processed broadcast	{"{round 20 3  <nil>}": {"Key":"from","Type":15,"Integer":0,"String":"c","Interface":null}}
2025-08-15T22:13:00.096-0500	DEBUG	protocol/handler.go:1591	have processed broadcast	{"{round 20 3  <nil>}": {"Key":"from","Type":15,"Integer":0,"String":"d","Interface":null}}
2025-08-15T22:13:00.096-0500	DEBUG	protocol/handler.go:1600	waiting for broadcasts	{"{round 20 3  <nil>}": {"Key":"missing","Type":15,"Integer":0,"String":"[e g]","Interface":null}}
2025-08-15T22:13:00.066-0500	DEBUG	protocol/handler.go:437	processing message	{"{from 15 0 a <nil>}": {"Key":"to","Type":15,"Integer":0,"String":"","Interface":null}, "{round 20 3  <nil>}": {"Key":"broadcast","Type":4,"Integer":1,"String":"","Interface":null}}
2025-08-15T22:13:00.098-0500	DEBUG	protocol/handler.go:1657	storing broadcast	{"{round 20 3  <nil>}": {"Key":"from","Type":15,"Integer":0,"String":"a","Interface":null}}
2025-08-15T22:13:00.099-0500	DEBUG	protocol/handler.go:581	tryAdvanceRound called	{"{current_round 20 3  <nil>}": {"Key":"self","Type":15,"Integer":0,"String":"b","Interface":null}}
2025-08-15T22:13:00.066-0500	DEBUG	protocol/handler.go:581	tryAdvanceRound called	{"{current_round 20 3  <nil>}": {"Key":"self","Type":15,"Integer":0,"String":"c","Interface":null}}
2025-08-15T22:13:00.066-0500	DEBUG	protocol/handler.go:437	processing message	{"{from 15 0 d <nil>}": {"Key":"to","Type":15,"Integer":0,"String":"","Interface":null}, "{round 20 3  <nil>}": {"Key":"broadcast","Type":4,"Integer":1,"String":"","Interface":null}}
2025-08-15T22:13:00.100-0500	DEBUG	protocol/handler.go:1657	storing broadcast	{"{round 20 3  <nil>}": {"Key":"from","Type":15,"Integer":0,"String":"d","Interface":null}}
2025-08-15T22:13:00.100-0500	DEBUG	protocol/handler.go:581	tryAdvanceRound called	{"{current_round 20 3  <nil>}": {"Key":"self","Type":15,"Integer":0,"String":"b","Interface":null}}
2025-08-15T22:13:00.100-0500	DEBUG	protocol/handler.go:1306	waiting for broadcast before normal message
2025-08-15T22:13:00.100-0500	DEBUG	protocol/handler.go:1306	waiting for broadcast before normal message
2025-08-15T22:13:00.101-0500	DEBUG	protocol/handler.go:1591	have processed broadcast	{"{round 20 3  <nil>}": {"Key":"from","Type":15,"Integer":0,"String":"a","Interface":null}}
2025-08-15T22:13:00.099-0500	DEBUG	protocol/handler.go:1306	waiting for broadcast before normal message
2025-08-15T22:13:00.101-0500	DEBUG	protocol/handler.go:1306	waiting for broadcast before normal message
2025-08-15T22:13:00.101-0500	DEBUG	protocol/handler.go:1591	have processed broadcast	{"{round 20 3  <nil>}": {"Key":"from","Type":15,"Integer":0,"String":"a","Interface":null}}
2025-08-15T22:13:00.101-0500	DEBUG	protocol/handler.go:1591	have processed broadcast	{"{round 20 3  <nil>}": {"Key":"from","Type":15,"Integer":0,"String":"d","Interface":null}}
2025-08-15T22:13:00.101-0500	DEBUG	protocol/handler.go:1591	have processed broadcast	{"{round 20 3  <nil>}": {"Key":"from","Type":15,"Integer":0,"String":"d","Interface":null}}
2025-08-15T22:13:00.103-0500	DEBUG	protocol/handler.go:1600	waiting for broadcasts	{"{round 20 3  <nil>}": {"Key":"missing","Type":15,"Integer":0,"String":"[c e f g]","Interface":null}}
2025-08-15T22:13:00.103-0500	DEBUG	protocol/handler.go:437	processing message	{"{from 15 0 e <nil>}": {"Key":"to","Type":15,"Integer":0,"String":"","Interface":null}, "{round 20 3  <nil>}": {"Key":"broadcast","Type":4,"Integer":1,"String":"","Interface":null}}
2025-08-15T22:13:00.103-0500	DEBUG	protocol/handler.go:1657	storing broadcast	{"{round 20 3  <nil>}": {"Key":"from","Type":15,"Integer":0,"String":"e","Interface":null}}
2025-08-15T22:13:00.066-0500	DEBUG	protocol/handler.go:437	processing message	{"{from 15 0 c <nil>}": {"Key":"to","Type":15,"Integer":0,"String":"","Interface":null}, "{round 20 3  <nil>}": {"Key":"broadcast","Type":4,"Integer":1,"String":"","Interface":null}}
2025-08-15T22:13:00.104-0500	DEBUG	protocol/handler.go:581	tryAdvanceRound called	{"{current_round 20 3  <nil>}": {"Key":"self","Type":15,"Integer":0,"String":"g","Interface":null}}
2025-08-15T22:13:00.104-0500	DEBUG	protocol/handler.go:1657	storing broadcast	{"{round 20 3  <nil>}": {"Key":"from","Type":15,"Integer":0,"String":"c","Interface":null}}
2025-08-15T22:13:00.104-0500	DEBUG	protocol/handler.go:1306	waiting for broadcast before normal message
2025-08-15T22:13:00.104-0500	DEBUG	protocol/handler.go:1600	waiting for broadcasts	{"{round 20 3  <nil>}": {"Key":"missing","Type":15,"Integer":0,"String":"[a b c d e f]","Interface":null}}
2025-08-15T22:13:00.066-0500	DEBUG	protocol/handler.go:432	processMessage: p2p round 3 START	{"{from 15 0 c <nil>}": {"Key":"to","Type":15,"Integer":0,"String":"b","Interface":null}}
2025-08-15T22:13:00.104-0500	DEBUG	protocol/handler.go:581	tryAdvanceRound called	{"{current_round 20 3  <nil>}": {"Key":"self","Type":15,"Integer":0,"String":"b","Interface":null}}
2025-08-15T22:13:00.104-0500	DEBUG	protocol/handler.go:437	processing message	{"{from 15 0 c <nil>}": {"Key":"to","Type":15,"Integer":0,"String":"b","Interface":null}, "{round 20 3  <nil>}": {"Key":"broadcast","Type":4,"Integer":0,"String":"","Interface":null}}
2025-08-15T22:13:00.104-0500	DEBUG	protocol/handler.go:1662	storing message	{"{round 20 3  <nil>}": {"Key":"from","Type":15,"Integer":0,"String":"c","Interface":null}}
2025-08-15T22:13:00.066-0500	DEBUG	protocol/handler.go:432	processMessage: p2p round 3 START	{"{from 15 0 a <nil>}": {"Key":"to","Type":15,"Integer":0,"String":"b","Interface":null}}
2025-08-15T22:13:00.104-0500	DEBUG	protocol/handler.go:437	processing message	{"{from 15 0 a <nil>}": {"Key":"to","Type":15,"Integer":0,"String":"b","Interface":null}, "{round 20 3  <nil>}": {"Key":"broadcast","Type":4,"Integer":0,"String":"","Interface":null}}
2025-08-15T22:13:00.104-0500	DEBUG	protocol/handler.go:1662	storing message	{"{round 20 3  <nil>}": {"Key":"from","Type":15,"Integer":0,"String":"a","Interface":null}}
2025-08-15T22:13:00.106-0500	DEBUG	protocol/handler.go:581	tryAdvanceRound called	{"{current_round 20 3  <nil>}": {"Key":"self","Type":15,"Integer":0,"String":"b","Interface":null}}
2025-08-15T22:13:00.106-0500	DEBUG	protocol/handler.go:1306	waiting for broadcast before normal message
2025-08-15T22:13:00.108-0500	DEBUG	protocol/handler.go:581	tryAdvanceRound called	{"{current_round 20 3  <nil>}": {"Key":"self","Type":15,"Integer":0,"String":"b","Interface":null}}
2025-08-15T22:13:00.066-0500	DEBUG	protocol/handler.go:432	processMessage: p2p round 3 START	{"{from 15 0 d <nil>}": {"Key":"to","Type":15,"Integer":0,"String":"b","Interface":null}}
2025-08-15T22:13:00.109-0500	DEBUG	protocol/handler.go:1306	waiting for broadcast before normal message
2025-08-15T22:13:00.109-0500	DEBUG	protocol/handler.go:1591	have processed broadcast	{"{round 20 3  <nil>}": {"Key":"from","Type":15,"Integer":0,"String":"a","Interface":null}}
2025-08-15T22:13:00.109-0500	DEBUG	protocol/handler.go:1591	have processed broadcast	{"{round 20 3  <nil>}": {"Key":"from","Type":15,"Integer":0,"String":"c","Interface":null}}
2025-08-15T22:13:00.109-0500	DEBUG	protocol/handler.go:1591	have processed broadcast	{"{round 20 3  <nil>}": {"Key":"from","Type":15,"Integer":0,"String":"d","Interface":null}}
2025-08-15T22:13:00.109-0500	DEBUG	protocol/handler.go:437	processing message	{"{from 15 0 d <nil>}": {"Key":"to","Type":15,"Integer":0,"String":"b","Interface":null}, "{round 20 3  <nil>}": {"Key":"broadcast","Type":4,"Integer":0,"String":"","Interface":null}}
2025-08-15T22:13:00.109-0500	DEBUG	protocol/handler.go:1591	have processed broadcast	{"{round 20 3  <nil>}": {"Key":"from","Type":15,"Integer":0,"String":"e","Interface":null}}
2025-08-15T22:13:00.109-0500	DEBUG	protocol/handler.go:1600	waiting for broadcasts	{"{round 20 3  <nil>}": {"Key":"missing","Type":15,"Integer":0,"String":"[f g]","Interface":null}}
2025-08-15T22:13:00.109-0500	DEBUG	protocol/handler.go:1662	storing message	{"{round 20 3  <nil>}": {"Key":"from","Type":15,"Integer":0,"String":"d","Interface":null}}
2025-08-15T22:13:00.109-0500	DEBUG	protocol/handler.go:581	tryAdvanceRound called	{"{current_round 20 3  <nil>}": {"Key":"self","Type":15,"Integer":0,"String":"f","Interface":null}}
2025-08-15T22:13:00.109-0500	DEBUG	protocol/handler.go:1306	waiting for broadcast before normal message
2025-08-15T22:13:00.109-0500	DEBUG	protocol/handler.go:1591	have processed broadcast	{"{round 20 3  <nil>}": {"Key":"from","Type":15,"Integer":0,"String":"a","Interface":null}}
2025-08-15T22:13:00.109-0500	DEBUG	protocol/handler.go:1591	have processed broadcast	{"{round 20 3  <nil>}": {"Key":"from","Type":15,"Integer":0,"String":"b","Interface":null}}
2025-08-15T22:13:00.109-0500	DEBUG	protocol/handler.go:1591	have processed broadcast	{"{round 20 3  <nil>}": {"Key":"from","Type":15,"Integer":0,"String":"c","Interface":null}}
2025-08-15T22:13:00.109-0500	DEBUG	protocol/handler.go:1591	have processed broadcast	{"{round 20 3  <nil>}": {"Key":"from","Type":15,"Integer":0,"String":"d","Interface":null}}
2025-08-15T22:13:00.109-0500	DEBUG	protocol/handler.go:1600	waiting for broadcasts	{"{round 20 3  <nil>}": {"Key":"missing","Type":15,"Integer":0,"String":"[e g]","Interface":null}}
2025-08-15T22:13:00.104-0500	DEBUG	protocol/handler.go:1306	waiting for broadcast before normal message
2025-08-15T22:13:00.109-0500	DEBUG	protocol/handler.go:1591	have processed broadcast	{"{round 20 3  <nil>}": {"Key":"from","Type":15,"Integer":0,"String":"a","Interface":null}}
2025-08-15T22:13:00.109-0500	DEBUG	protocol/handler.go:1591	have processed broadcast	{"{round 20 3  <nil>}": {"Key":"from","Type":15,"Integer":0,"String":"c","Interface":null}}
2025-08-15T22:13:00.109-0500	DEBUG	protocol/handler.go:1591	have processed broadcast	{"{round 20 3  <nil>}": {"Key":"from","Type":15,"Integer":0,"String":"d","Interface":null}}
2025-08-15T22:13:00.109-0500	DEBUG	protocol/handler.go:1591	have processed broadcast	{"{round 20 3  <nil>}": {"Key":"from","Type":15,"Integer":0,"String":"e","Interface":null}}
2025-08-15T22:13:00.109-0500	DEBUG	protocol/handler.go:1600	waiting for broadcasts	{"{round 20 3  <nil>}": {"Key":"missing","Type":15,"Integer":0,"String":"[f g]","Interface":null}}
2025-08-15T22:13:00.110-0500	DEBUG	protocol/handler.go:437	processing message	{"{from 15 0 g <nil>}": {"Key":"to","Type":15,"Integer":0,"String":"","Interface":null}, "{round 20 3  <nil>}": {"Key":"broadcast","Type":4,"Integer":1,"String":"","Interface":null}}
2025-08-15T22:13:00.110-0500	DEBUG	protocol/handler.go:1657	storing broadcast	{"{round 20 3  <nil>}": {"Key":"from","Type":15,"Integer":0,"String":"g","Interface":null}}
2025-08-15T22:13:00.110-0500	DEBUG	protocol/handler.go:581	tryAdvanceRound called	{"{current_round 20 3  <nil>}": {"Key":"self","Type":15,"Integer":0,"String":"b","Interface":null}}
2025-08-15T22:13:00.110-0500	DEBUG	protocol/handler.go:1306	waiting for broadcast before normal message
2025-08-15T22:13:00.111-0500	DEBUG	protocol/handler.go:1591	have processed broadcast	{"{round 20 3  <nil>}": {"Key":"from","Type":15,"Integer":0,"String":"a","Interface":null}}
2025-08-15T22:13:00.111-0500	DEBUG	protocol/handler.go:1591	have processed broadcast	{"{round 20 3  <nil>}": {"Key":"from","Type":15,"Integer":0,"String":"c","Interface":null}}
2025-08-15T22:13:00.111-0500	DEBUG	protocol/handler.go:1591	have processed broadcast	{"{round 20 3  <nil>}": {"Key":"from","Type":15,"Integer":0,"String":"d","Interface":null}}
2025-08-15T22:13:00.111-0500	DEBUG	protocol/handler.go:1591	have processed broadcast	{"{round 20 3  <nil>}": {"Key":"from","Type":15,"Integer":0,"String":"e","Interface":null}}
2025-08-15T22:13:00.111-0500	DEBUG	protocol/handler.go:1591	have processed broadcast	{"{round 20 3  <nil>}": {"Key":"from","Type":15,"Integer":0,"String":"g","Interface":null}}
2025-08-15T22:13:00.111-0500	DEBUG	protocol/handler.go:1600	waiting for broadcasts	{"{round 20 3  <nil>}": {"Key":"missing","Type":15,"Integer":0,"String":"[f]","Interface":null}}
2025-08-15T22:13:00.066-0500	DEBUG	protocol/handler.go:437	processing message	{"{from 15 0 f <nil>}": {"Key":"to","Type":15,"Integer":0,"String":"","Interface":null}, "{round 20 3  <nil>}": {"Key":"broadcast","Type":4,"Integer":1,"String":"","Interface":null}}
2025-08-15T22:13:00.111-0500	DEBUG	protocol/handler.go:1657	storing broadcast	{"{round 20 3  <nil>}": {"Key":"from","Type":15,"Integer":0,"String":"f","Interface":null}}
2025-08-15T22:13:00.111-0500	DEBUG	protocol/handler.go:581	tryAdvanceRound called	{"{current_round 20 3  <nil>}": {"Key":"self","Type":15,"Integer":0,"String":"b","Interface":null}}
2025-08-15T22:13:00.111-0500	DEBUG	protocol/handler.go:581	tryAdvanceRound called	{"{current_round 20 3  <nil>}": {"Key":"self","Type":15,"Integer":0,"String":"b","Interface":null}}
2025-08-15T22:13:00.112-0500	DEBUG	protocol/handler.go:1591	have processed broadcast	{"{round 20 3  <nil>}": {"Key":"from","Type":15,"Integer":0,"String":"a","Interface":null}}
2025-08-15T22:13:00.112-0500	DEBUG	protocol/handler.go:1591	have processed broadcast	{"{round 20 3  <nil>}": {"Key":"from","Type":15,"Integer":0,"String":"c","Interface":null}}
2025-08-15T22:13:00.112-0500	DEBUG	protocol/handler.go:1591	have processed broadcast	{"{round 20 3  <nil>}": {"Key":"from","Type":15,"Integer":0,"String":"d","Interface":null}}
2025-08-15T22:13:00.112-0500	DEBUG	protocol/handler.go:1591	have processed broadcast	{"{round 20 3  <nil>}": {"Key":"from","Type":15,"Integer":0,"String":"e","Interface":null}}
2025-08-15T22:13:00.112-0500	DEBUG	protocol/handler.go:1591	have processed broadcast	{"{round 20 3  <nil>}": {"Key":"from","Type":15,"Integer":0,"String":"f","Interface":null}}
2025-08-15T22:13:00.112-0500	DEBUG	protocol/handler.go:1591	have processed broadcast	{"{round 20 3  <nil>}": {"Key":"from","Type":15,"Integer":0,"String":"g","Interface":null}}
2025-08-15T22:13:00.112-0500	DEBUG	protocol/handler.go:1635	waiting for messages	{"{round 20 3  <nil>}": {"Key":"missing","Type":15,"Integer":0,"String":"[g]","Interface":null}}
2025-08-15T22:13:00.066-0500	DEBUG	protocol/handler.go:437	processing message	{"{from 15 0 a <nil>}": {"Key":"to","Type":15,"Integer":0,"String":"","Interface":null}, "{round 20 3  <nil>}": {"Key":"broadcast","Type":4,"Integer":1,"String":"","Interface":null}}
2025-08-15T22:13:00.112-0500	DEBUG	protocol/handler.go:1657	storing broadcast	{"{round 20 3  <nil>}": {"Key":"from","Type":15,"Integer":0,"String":"a","Interface":null}}
2025-08-15T22:13:00.112-0500	DEBUG	protocol/handler.go:581	tryAdvanceRound called	{"{current_round 20 3  <nil>}": {"Key":"self","Type":15,"Integer":0,"String":"g","Interface":null}}
2025-08-15T22:13:00.112-0500	DEBUG	protocol/handler.go:1306	waiting for broadcast before normal message
2025-08-15T22:13:00.112-0500	DEBUG	protocol/handler.go:1591	have processed broadcast	{"{round 20 3  <nil>}": {"Key":"from","Type":15,"Integer":0,"String":"a","Interface":null}}
2025-08-15T22:13:00.112-0500	DEBUG	protocol/handler.go:1600	waiting for broadcasts	{"{round 20 3  <nil>}": {"Key":"missing","Type":15,"Integer":0,"String":"[b c d e f]","Interface":null}}
2025-08-15T22:13:00.112-0500	DEBUG	protocol/handler.go:437	processing message	{"{from 15 0 f <nil>}": {"Key":"to","Type":15,"Integer":0,"String":"","Interface":null}, "{round 20 3  <nil>}": {"Key":"broadcast","Type":4,"Integer":1,"String":"","Interface":null}}
2025-08-15T22:13:00.112-0500	DEBUG	protocol/handler.go:1657	storing broadcast	{"{round 20 3  <nil>}": {"Key":"from","Type":15,"Integer":0,"String":"f","Interface":null}}
2025-08-15T22:13:00.113-0500	DEBUG	protocol/handler.go:581	tryAdvanceRound called	{"{current_round 20 3  <nil>}": {"Key":"self","Type":15,"Integer":0,"String":"g","Interface":null}}
2025-08-15T22:13:00.113-0500	DEBUG	protocol/handler.go:1306	waiting for broadcast before normal message
2025-08-15T22:13:00.113-0500	DEBUG	protocol/handler.go:1591	have processed broadcast	{"{round 20 3  <nil>}": {"Key":"from","Type":15,"Integer":0,"String":"a","Interface":null}}
2025-08-15T22:13:00.113-0500	DEBUG	protocol/handler.go:1591	have processed broadcast	{"{round 20 3  <nil>}": {"Key":"from","Type":15,"Integer":0,"String":"f","Interface":null}}
2025-08-15T22:13:00.113-0500	DEBUG	protocol/handler.go:1600	waiting for broadcasts	{"{round 20 3  <nil>}": {"Key":"missing","Type":15,"Integer":0,"String":"[b c d e]","Interface":null}}
2025-08-15T22:13:00.113-0500	DEBUG	protocol/handler.go:437	processing message	{"{from 15 0 e <nil>}": {"Key":"to","Type":15,"Integer":0,"String":"","Interface":null}, "{round 20 3  <nil>}": {"Key":"broadcast","Type":4,"Integer":1,"String":"","Interface":null}}
2025-08-15T22:13:00.113-0500	DEBUG	protocol/handler.go:1657	storing broadcast	{"{round 20 3  <nil>}": {"Key":"from","Type":15,"Integer":0,"String":"e","Interface":null}}
2025-08-15T22:13:00.113-0500	DEBUG	protocol/handler.go:581	tryAdvanceRound called	{"{current_round 20 3  <nil>}": {"Key":"self","Type":15,"Integer":0,"String":"g","Interface":null}}
2025-08-15T22:13:00.113-0500	DEBUG	protocol/handler.go:1306	waiting for broadcast before normal message
2025-08-15T22:13:00.113-0500	DEBUG	protocol/handler.go:1591	have processed broadcast	{"{round 20 3  <nil>}": {"Key":"from","Type":15,"Integer":0,"String":"a","Interface":null}}
2025-08-15T22:13:00.113-0500	DEBUG	protocol/handler.go:1591	have processed broadcast	{"{round 20 3  <nil>}": {"Key":"from","Type":15,"Integer":0,"String":"e","Interface":null}}
2025-08-15T22:13:00.113-0500	DEBUG	protocol/handler.go:1591	have processed broadcast	{"{round 20 3  <nil>}": {"Key":"from","Type":15,"Integer":0,"String":"f","Interface":null}}
2025-08-15T22:13:00.113-0500	DEBUG	protocol/handler.go:1600	waiting for broadcasts	{"{round 20 3  <nil>}": {"Key":"missing","Type":15,"Integer":0,"String":"[b c d]","Interface":null}}
2025-08-15T22:13:00.067-0500	DEBUG	protocol/handler.go:432	processMessage: p2p round 3 START	{"{from 15 0 a <nil>}": {"Key":"to","Type":15,"Integer":0,"String":"g","Interface":null}}
2025-08-15T22:13:00.113-0500	DEBUG	protocol/handler.go:437	processing message	{"{from 15 0 a <nil>}": {"Key":"to","Type":15,"Integer":0,"String":"g","Interface":null}, "{round 20 3  <nil>}": {"Key":"broadcast","Type":4,"Integer":0,"String":"","Interface":null}}
2025-08-15T22:13:00.113-0500	DEBUG	protocol/handler.go:1662	storing message	{"{round 20 3  <nil>}": {"Key":"from","Type":15,"Integer":0,"String":"a","Interface":null}}
2025-08-15T22:13:00.114-0500	DEBUG	protocol/handler.go:1591	have processed broadcast	{"{round 20 3  <nil>}": {"Key":"from","Type":15,"Integer":0,"String":"a","Interface":null}}
2025-08-15T22:13:00.114-0500	DEBUG	protocol/handler.go:1591	have processed broadcast	{"{round 20 3  <nil>}": {"Key":"from","Type":15,"Integer":0,"String":"c","Interface":null}}
2025-08-15T22:13:00.114-0500	DEBUG	protocol/handler.go:1591	have processed broadcast	{"{round 20 3  <nil>}": {"Key":"from","Type":15,"Integer":0,"String":"d","Interface":null}}
2025-08-15T22:13:00.114-0500	DEBUG	protocol/handler.go:1591	have processed broadcast	{"{round 20 3  <nil>}": {"Key":"from","Type":15,"Integer":0,"String":"e","Interface":null}}
2025-08-15T22:13:00.115-0500	DEBUG	protocol/handler.go:1591	have processed broadcast	{"{round 20 3  <nil>}": {"Key":"from","Type":15,"Integer":0,"String":"f","Interface":null}}
2025-08-15T22:13:00.115-0500	DEBUG	protocol/handler.go:1591	have processed broadcast	{"{round 20 3  <nil>}": {"Key":"from","Type":15,"Integer":0,"String":"g","Interface":null}}
2025-08-15T22:13:00.115-0500	DEBUG	protocol/handler.go:1635	waiting for messages	{"{round 20 3  <nil>}": {"Key":"missing","Type":15,"Integer":0,"String":"[g]","Interface":null}}
2025-08-15T22:13:00.066-0500	DEBUG	protocol/handler.go:437	processing message	{"{from 15 0 d <nil>}": {"Key":"to","Type":15,"Integer":0,"String":"","Interface":null}, "{round 20 3  <nil>}": {"Key":"broadcast","Type":4,"Integer":1,"String":"","Interface":null}}
2025-08-15T22:13:00.120-0500	DEBUG	protocol/handler.go:1657	storing broadcast	{"{round 20 3  <nil>}": {"Key":"from","Type":15,"Integer":0,"String":"d","Interface":null}}
2025-08-15T22:13:00.120-0500	DEBUG	protocol/handler.go:581	tryAdvanceRound called	{"{current_round 20 3  <nil>}": {"Key":"self","Type":15,"Integer":0,"String":"g","Interface":null}}
2025-08-15T22:13:00.120-0500	DEBUG	protocol/handler.go:1306	waiting for broadcast before normal message
2025-08-15T22:13:00.120-0500	DEBUG	protocol/handler.go:1591	have processed broadcast	{"{round 20 3  <nil>}": {"Key":"from","Type":15,"Integer":0,"String":"a","Interface":null}}
2025-08-15T22:13:00.120-0500	DEBUG	protocol/handler.go:1591	have processed broadcast	{"{round 20 3  <nil>}": {"Key":"from","Type":15,"Integer":0,"String":"d","Interface":null}}
2025-08-15T22:13:00.121-0500	DEBUG	protocol/handler.go:1591	have processed broadcast	{"{round 20 3  <nil>}": {"Key":"from","Type":15,"Integer":0,"String":"e","Interface":null}}
2025-08-15T22:13:00.121-0500	DEBUG	protocol/handler.go:1591	have processed broadcast	{"{round 20 3  <nil>}": {"Key":"from","Type":15,"Integer":0,"String":"f","Interface":null}}
2025-08-15T22:13:00.121-0500	DEBUG	protocol/handler.go:1600	waiting for broadcasts	{"{round 20 3  <nil>}": {"Key":"missing","Type":15,"Integer":0,"String":"[b c]","Interface":null}}
2025-08-15T22:13:00.067-0500	DEBUG	protocol/handler.go:432	processMessage: p2p round 3 START	{"{from 15 0 c <nil>}": {"Key":"to","Type":15,"Integer":0,"String":"g","Interface":null}}
2025-08-15T22:13:00.121-0500	DEBUG	protocol/handler.go:437	processing message	{"{from 15 0 c <nil>}": {"Key":"to","Type":15,"Integer":0,"String":"g","Interface":null}, "{round 20 3  <nil>}": {"Key":"broadcast","Type":4,"Integer":0,"String":"","Interface":null}}
2025-08-15T22:13:00.121-0500	DEBUG	protocol/handler.go:1662	storing message	{"{round 20 3  <nil>}": {"Key":"from","Type":15,"Integer":0,"String":"c","Interface":null}}
2025-08-15T22:13:00.121-0500	DEBUG	protocol/handler.go:581	tryAdvanceRound called	{"{current_round 20 3  <nil>}": {"Key":"self","Type":15,"Integer":0,"String":"g","Interface":null}}
2025-08-15T22:13:00.067-0500	DEBUG	protocol/handler.go:437	processing message	{"{from 15 0 b <nil>}": {"Key":"to","Type":15,"Integer":0,"String":"","Interface":null}, "{round 20 3  <nil>}": {"Key":"broadcast","Type":4,"Integer":1,"String":"","Interface":null}}
2025-08-15T22:13:00.121-0500	DEBUG	protocol/handler.go:1306	waiting for broadcast before normal message
2025-08-15T22:13:00.121-0500	DEBUG	protocol/handler.go:1306	waiting for broadcast before normal message
2025-08-15T22:13:00.121-0500	DEBUG	protocol/handler.go:1591	have processed broadcast	{"{round 20 3  <nil>}": {"Key":"from","Type":15,"Integer":0,"String":"a","Interface":null}}
2025-08-15T22:13:00.121-0500	DEBUG	protocol/handler.go:1591	have processed broadcast	{"{round 20 3  <nil>}": {"Key":"from","Type":15,"Integer":0,"String":"d","Interface":null}}
2025-08-15T22:13:00.121-0500	DEBUG	protocol/handler.go:1591	have processed broadcast	{"{round 20 3  <nil>}": {"Key":"from","Type":15,"Integer":0,"String":"e","Interface":null}}
2025-08-15T22:13:00.121-0500	DEBUG	protocol/handler.go:1591	have processed broadcast	{"{round 20 3  <nil>}": {"Key":"from","Type":15,"Integer":0,"String":"f","Interface":null}}
2025-08-15T22:13:00.121-0500	DEBUG	protocol/handler.go:1600	waiting for broadcasts	{"{round 20 3  <nil>}": {"Key":"missing","Type":15,"Integer":0,"String":"[b c]","Interface":null}}
2025-08-15T22:13:00.109-0500	DEBUG	protocol/handler.go:1600	waiting for broadcasts	{"{round 20 3  <nil>}": {"Key":"missing","Type":15,"Integer":0,"String":"[c e f g]","Interface":null}}
2025-08-15T22:13:00.121-0500	DEBUG	protocol/handler.go:432	processMessage: p2p round 3 START	{"{from 15 0 f <nil>}": {"Key":"to","Type":15,"Integer":0,"String":"g","Interface":null}}
2025-08-15T22:13:00.121-0500	DEBUG	protocol/handler.go:437	processing message	{"{from 15 0 f <nil>}": {"Key":"to","Type":15,"Integer":0,"String":"g","Interface":null}, "{round 20 3  <nil>}": {"Key":"broadcast","Type":4,"Integer":0,"String":"","Interface":null}}
2025-08-15T22:13:00.121-0500	DEBUG	protocol/handler.go:1662	storing message	{"{round 20 3  <nil>}": {"Key":"from","Type":15,"Integer":0,"String":"f","Interface":null}}
2025-08-15T22:13:00.067-0500	DEBUG	protocol/handler.go:432	processMessage: p2p round 3 START	{"{from 15 0 d <nil>}": {"Key":"to","Type":15,"Integer":0,"String":"g","Interface":null}}
2025-08-15T22:13:00.067-0500	DEBUG	protocol/handler.go:437	processing message	{"{from 15 0 f <nil>}": {"Key":"to","Type":15,"Integer":0,"String":"","Interface":null}, "{round 20 3  <nil>}": {"Key":"broadcast","Type":4,"Integer":1,"String":"","Interface":null}}
2025-08-15T22:13:00.067-0500	DEBUG	protocol/handler.go:437	processing message	{"{from 15 0 e <nil>}": {"Key":"to","Type":15,"Integer":0,"String":"","Interface":null}, "{round 20 3  <nil>}": {"Key":"broadcast","Type":4,"Integer":1,"String":"","Interface":null}}
2025-08-15T22:13:00.145-0500	DEBUG	protocol/handler.go:1657	storing broadcast	{"{round 20 3  <nil>}": {"Key":"from","Type":15,"Integer":0,"String":"f","Interface":null}}
2025-08-15T22:13:00.145-0500	DEBUG	protocol/handler.go:581	tryAdvanceRound called	{"{current_round 20 3  <nil>}": {"Key":"self","Type":15,"Integer":0,"String":"d","Interface":null}}
2025-08-15T22:13:00.145-0500	DEBUG	protocol/handler.go:1657	storing broadcast	{"{round 20 3  <nil>}": {"Key":"from","Type":15,"Integer":0,"String":"e","Interface":null}}
2025-08-15T22:13:00.146-0500	DEBUG	protocol/handler.go:581	tryAdvanceRound called	{"{current_round 20 3  <nil>}": {"Key":"self","Type":15,"Integer":0,"String":"d","Interface":null}}
2025-08-15T22:13:00.003-0500	DEBUG	protocol/handler.go:1591	have processed broadcast	{"{round 20 3  <nil>}": {"Key":"from","Type":15,"Integer":0,"String":"e","Interface":null}}
2025-08-15T22:13:00.151-0500	DEBUG	protocol/handler.go:1600	waiting for broadcasts	{"{round 20 3  <nil>}": {"Key":"missing","Type":15,"Integer":0,"String":"[f g]","Interface":null}}
2025-08-15T22:13:00.151-0500	DEBUG	protocol/handler.go:581	tryAdvanceRound called	{"{current_round 20 3  <nil>}": {"Key":"self","Type":15,"Integer":0,"String":"a","Interface":null}}
2025-08-15T22:13:00.151-0500	DEBUG	protocol/handler.go:1591	have processed broadcast	{"{round 20 3  <nil>}": {"Key":"from","Type":15,"Integer":0,"String":"b","Interface":null}}
2025-08-15T22:13:00.151-0500	DEBUG	protocol/handler.go:1591	have processed broadcast	{"{round 20 3  <nil>}": {"Key":"from","Type":15,"Integer":0,"String":"c","Interface":null}}
2025-08-15T22:13:00.151-0500	DEBUG	protocol/handler.go:1591	have processed broadcast	{"{round 20 3  <nil>}": {"Key":"from","Type":15,"Integer":0,"String":"d","Interface":null}}
2025-08-15T22:13:00.152-0500	DEBUG	protocol/handler.go:1591	have processed broadcast	{"{round 20 3  <nil>}": {"Key":"from","Type":15,"Integer":0,"String":"e","Interface":null}}
2025-08-15T22:13:00.152-0500	DEBUG	protocol/handler.go:1591	have processed broadcast	{"{round 20 3  <nil>}": {"Key":"from","Type":15,"Integer":0,"String":"f","Interface":null}}
2025-08-15T22:13:00.152-0500	DEBUG	protocol/handler.go:1600	waiting for broadcasts	{"{round 20 3  <nil>}": {"Key":"missing","Type":15,"Integer":0,"String":"[g]","Interface":null}}
2025-08-15T22:13:00.004-0500	DEBUG	protocol/handler.go:1600	waiting for broadcasts	{"{round 20 3  <nil>}": {"Key":"missing","Type":15,"Integer":0,"String":"[a c d e f g]","Interface":null}}
2025-08-15T22:13:00.152-0500	DEBUG	protocol/handler.go:581	tryAdvanceRound called	{"{current_round 20 3  <nil>}": {"Key":"self","Type":15,"Integer":0,"String":"b","Interface":null}}
2025-08-15T22:13:00.152-0500	DEBUG	protocol/handler.go:1591	have processed broadcast	{"{round 20 3  <nil>}": {"Key":"from","Type":15,"Integer":0,"String":"a","Interface":null}}
2025-08-15T22:13:00.152-0500	DEBUG	protocol/handler.go:1591	have processed broadcast	{"{round 20 3  <nil>}": {"Key":"from","Type":15,"Integer":0,"String":"c","Interface":null}}
2025-08-15T22:13:00.152-0500	DEBUG	protocol/handler.go:1591	have processed broadcast	{"{round 20 3  <nil>}": {"Key":"from","Type":15,"Integer":0,"String":"d","Interface":null}}
2025-08-15T22:13:00.152-0500	DEBUG	protocol/handler.go:1591	have processed broadcast	{"{round 20 3  <nil>}": {"Key":"from","Type":15,"Integer":0,"String":"e","Interface":null}}
2025-08-15T22:13:00.152-0500	DEBUG	protocol/handler.go:1591	have processed broadcast	{"{round 20 3  <nil>}": {"Key":"from","Type":15,"Integer":0,"String":"f","Interface":null}}
2025-08-15T22:13:00.152-0500	DEBUG	protocol/handler.go:1591	have processed broadcast	{"{round 20 3  <nil>}": {"Key":"from","Type":15,"Integer":0,"String":"g","Interface":null}}
2025-08-15T22:13:00.152-0500	DEBUG	protocol/handler.go:1635	waiting for messages	{"{round 20 3  <nil>}": {"Key":"missing","Type":15,"Integer":0,"String":"[g]","Interface":null}}
2025-08-15T22:13:00.067-0500	DEBUG	protocol/handler.go:432	processMessage: p2p round 3 START	{"{from 15 0 c <nil>}": {"Key":"to","Type":15,"Integer":0,"String":"d","Interface":null}}
2025-08-15T22:13:00.152-0500	DEBUG	protocol/handler.go:437	processing message	{"{from 15 0 c <nil>}": {"Key":"to","Type":15,"Integer":0,"String":"d","Interface":null}, "{round 20 3  <nil>}": {"Key":"broadcast","Type":4,"Integer":0,"String":"","Interface":null}}
2025-08-15T22:13:00.152-0500	DEBUG	protocol/handler.go:1662	storing message	{"{round 20 3  <nil>}": {"Key":"from","Type":15,"Integer":0,"String":"c","Interface":null}}
2025-08-15T22:13:00.067-0500	DEBUG	protocol/handler.go:432	processMessage: p2p round 3 START	{"{from 15 0 b <nil>}": {"Key":"to","Type":15,"Integer":0,"String":"d","Interface":null}}
2025-08-15T22:13:00.158-0500	DEBUG	protocol/handler.go:437	processing message	{"{from 15 0 b <nil>}": {"Key":"to","Type":15,"Integer":0,"String":"d","Interface":null}, "{round 20 3  <nil>}": {"Key":"broadcast","Type":4,"Integer":0,"String":"","Interface":null}}
2025-08-15T22:13:00.159-0500	DEBUG	protocol/handler.go:1662	storing message	{"{round 20 3  <nil>}": {"Key":"from","Type":15,"Integer":0,"String":"b","Interface":null}}
2025-08-15T22:13:00.008-0500	DEBUG	protocol/handler.go:1591	have processed broadcast	{"{round 20 3  <nil>}": {"Key":"from","Type":15,"Integer":0,"String":"c","Interface":null}}
2025-08-15T22:13:00.162-0500	DEBUG	protocol/handler.go:1591	have processed broadcast	{"{round 20 3  <nil>}": {"Key":"from","Type":15,"Integer":0,"String":"d","Interface":null}}
2025-08-15T22:13:00.162-0500	DEBUG	protocol/handler.go:1591	have processed broadcast	{"{round 20 3  <nil>}": {"Key":"from","Type":15,"Integer":0,"String":"f","Interface":null}}
2025-08-15T22:13:00.162-0500	DEBUG	protocol/handler.go:1600	waiting for broadcasts	{"{round 20 3  <nil>}": {"Key":"missing","Type":15,"Integer":0,"String":"[g]","Interface":null}}
2025-08-15T22:13:00.162-0500	DEBUG	protocol/handler.go:581	tryAdvanceRound called	{"{current_round 20 3  <nil>}": {"Key":"self","Type":15,"Integer":0,"String":"e","Interface":null}}
2025-08-15T22:13:00.162-0500	DEBUG	protocol/handler.go:1591	have processed broadcast	{"{round 20 3  <nil>}": {"Key":"from","Type":15,"Integer":0,"String":"a","Interface":null}}
2025-08-15T22:13:00.162-0500	DEBUG	protocol/handler.go:1591	have processed broadcast	{"{round 20 3  <nil>}": {"Key":"from","Type":15,"Integer":0,"String":"a","Interface":null}}
2025-08-15T22:13:00.162-0500	DEBUG	protocol/handler.go:1591	have processed broadcast	{"{round 20 3  <nil>}": {"Key":"from","Type":15,"Integer":0,"String":"b","Interface":null}}
2025-08-15T22:13:00.162-0500	DEBUG	protocol/handler.go:1591	have processed broadcast	{"{round 20 3  <nil>}": {"Key":"from","Type":15,"Integer":0,"String":"b","Interface":null}}
2025-08-15T22:13:00.162-0500	DEBUG	protocol/handler.go:1591	have processed broadcast	{"{round 20 3  <nil>}": {"Key":"from","Type":15,"Integer":0,"String":"c","Interface":null}}
2025-08-15T22:13:00.162-0500	DEBUG	protocol/handler.go:1591	have processed broadcast	{"{round 20 3  <nil>}": {"Key":"from","Type":15,"Integer":0,"String":"c","Interface":null}}
2025-08-15T22:13:00.162-0500	DEBUG	protocol/handler.go:1591	have processed broadcast	{"{round 20 3  <nil>}": {"Key":"from","Type":15,"Integer":0,"String":"e","Interface":null}}
2025-08-15T22:13:00.162-0500	DEBUG	protocol/handler.go:1591	have processed broadcast	{"{round 20 3  <nil>}": {"Key":"from","Type":15,"Integer":0,"String":"d","Interface":null}}
2025-08-15T22:13:00.162-0500	DEBUG	protocol/handler.go:1591	have processed broadcast	{"{round 20 3  <nil>}": {"Key":"from","Type":15,"Integer":0,"String":"f","Interface":null}}
2025-08-15T22:13:00.162-0500	DEBUG	protocol/handler.go:1600	waiting for broadcasts	{"{round 20 3  <nil>}": {"Key":"missing","Type":15,"Integer":0,"String":"[g]","Interface":null}}
2025-08-15T22:13:00.008-0500	DEBUG	protocol/handler.go:1591	have processed broadcast	{"{round 20 3  <nil>}": {"Key":"from","Type":15,"Integer":0,"String":"b","Interface":null}}
2025-08-15T22:13:00.162-0500	DEBUG	protocol/handler.go:1591	have processed broadcast	{"{round 20 3  <nil>}": {"Key":"from","Type":15,"Integer":0,"String":"f","Interface":null}}
2025-08-15T22:13:00.163-0500	DEBUG	protocol/handler.go:1591	have processed broadcast	{"{round 20 3  <nil>}": {"Key":"from","Type":15,"Integer":0,"String":"c","Interface":null}}
2025-08-15T22:13:00.166-0500	DEBUG	protocol/handler.go:1600	waiting for broadcasts	{"{round 20 3  <nil>}": {"Key":"missing","Type":15,"Integer":0,"String":"[e f g]","Interface":null}}
2025-08-15T22:13:00.163-0500	DEBUG	protocol/handler.go:1600	waiting for broadcasts	{"{round 20 3  <nil>}": {"Key":"missing","Type":15,"Integer":0,"String":"[g]","Interface":null}}
2025-08-15T22:13:00.026-0500	DEBUG	protocol/handler.go:1591	have processed broadcast	{"{round 20 3  <nil>}": {"Key":"from","Type":15,"Integer":0,"String":"b","Interface":null}}
2025-08-15T22:13:00.166-0500	DEBUG	protocol/handler.go:1591	have processed broadcast	{"{round 20 3  <nil>}": {"Key":"from","Type":15,"Integer":0,"String":"c","Interface":null}}
2025-08-15T22:13:00.166-0500	DEBUG	protocol/handler.go:1600	waiting for broadcasts	{"{round 20 3  <nil>}": {"Key":"missing","Type":15,"Integer":0,"String":"[e f g]","Interface":null}}
2025-08-15T22:13:00.166-0500	DEBUG	protocol/handler.go:581	tryAdvanceRound called	{"{current_round 20 3  <nil>}": {"Key":"self","Type":15,"Integer":0,"String":"d","Interface":null}}
2025-08-15T22:13:00.068-0500	DEBUG	protocol/handler.go:1503	processing queued messages
2025-08-15T22:13:00.168-0500	DEBUG	protocol/handler.go:1591	have processed broadcast	{"{round 20 3  <nil>}": {"Key":"from","Type":15,"Integer":0,"String":"a","Interface":null}}
2025-08-15T22:13:00.168-0500	DEBUG	protocol/handler.go:1591	have processed broadcast	{"{round 20 3  <nil>}": {"Key":"from","Type":15,"Integer":0,"String":"b","Interface":null}}
2025-08-15T22:13:00.168-0500	DEBUG	protocol/handler.go:1591	have processed broadcast	{"{round 20 3  <nil>}": {"Key":"from","Type":15,"Integer":0,"String":"c","Interface":null}}
2025-08-15T22:13:00.168-0500	DEBUG	protocol/handler.go:1591	have processed broadcast	{"{round 20 3  <nil>}": {"Key":"from","Type":15,"Integer":0,"String":"e","Interface":null}}
2025-08-15T22:13:00.168-0500	DEBUG	protocol/handler.go:1591	have processed broadcast	{"{round 20 3  <nil>}": {"Key":"from","Type":15,"Integer":0,"String":"f","Interface":null}}
2025-08-15T22:13:00.168-0500	DEBUG	protocol/handler.go:1600	waiting for broadcasts	{"{round 20 3  <nil>}": {"Key":"missing","Type":15,"Integer":0,"String":"[g]","Interface":null}}
2025-08-15T22:13:00.171-0500	DEBUG	protocol/handler.go:581	tryAdvanceRound called	{"{current_round 20 3  <nil>}": {"Key":"self","Type":15,"Integer":0,"String":"d","Interface":null}}
2025-08-15T22:13:00.172-0500	DEBUG	protocol/handler.go:1591	have processed broadcast	{"{round 20 3  <nil>}": {"Key":"from","Type":15,"Integer":0,"String":"a","Interface":null}}
2025-08-15T22:13:00.172-0500	DEBUG	protocol/handler.go:1591	have processed broadcast	{"{round 20 3  <nil>}": {"Key":"from","Type":15,"Integer":0,"String":"b","Interface":null}}
2025-08-15T22:13:00.172-0500	DEBUG	protocol/handler.go:1591	have processed broadcast	{"{round 20 3  <nil>}": {"Key":"from","Type":15,"Integer":0,"String":"c","Interface":null}}
2025-08-15T22:13:00.172-0500	DEBUG	protocol/handler.go:1591	have processed broadcast	{"{round 20 3  <nil>}": {"Key":"from","Type":15,"Integer":0,"String":"e","Interface":null}}
2025-08-15T22:13:00.172-0500	DEBUG	protocol/handler.go:1591	have processed broadcast	{"{round 20 3  <nil>}": {"Key":"from","Type":15,"Integer":0,"String":"f","Interface":null}}
2025-08-15T22:13:00.174-0500	DEBUG	protocol/handler.go:1306	waiting for broadcast before normal message
2025-08-15T22:13:00.174-0500	DEBUG	protocol/handler.go:1306	waiting for broadcast before normal message
2025-08-15T22:13:00.174-0500	DEBUG	protocol/handler.go:1306	waiting for broadcast before normal message
2025-08-15T22:13:00.174-0500	DEBUG	protocol/handler.go:1306	waiting for broadcast before normal message
2025-08-15T22:13:00.174-0500	DEBUG	protocol/handler.go:1306	waiting for broadcast before normal message
2025-08-15T22:13:00.174-0500	DEBUG	protocol/handler.go:1306	waiting for broadcast before normal message
2025-08-15T22:13:00.068-0500	DEBUG	protocol/handler.go:432	processMessage: p2p round 3 START	{"{from 15 0 g <nil>}": {"Key":"to","Type":15,"Integer":0,"String":"f","Interface":null}}
2025-08-15T22:13:00.174-0500	DEBUG	protocol/handler.go:581	tryAdvanceRound called	{"{current_round 20 3  <nil>}": {"Key":"self","Type":15,"Integer":0,"String":"e","Interface":null}}
2025-08-15T22:13:00.174-0500	DEBUG	protocol/handler.go:437	processing message	{"{from 15 0 g <nil>}": {"Key":"to","Type":15,"Integer":0,"String":"f","Interface":null}, "{round 20 3  <nil>}": {"Key":"broadcast","Type":4,"Integer":0,"String":"","Interface":null}}
2025-08-15T22:13:00.174-0500	DEBUG	protocol/handler.go:1591	have processed broadcast	{"{round 20 3  <nil>}": {"Key":"from","Type":15,"Integer":0,"String":"a","Interface":null}}
2025-08-15T22:13:00.174-0500	DEBUG	protocol/handler.go:1591	have processed broadcast	{"{round 20 3  <nil>}": {"Key":"from","Type":15,"Integer":0,"String":"b","Interface":null}}
2025-08-15T22:13:00.174-0500	DEBUG	protocol/handler.go:1662	storing message	{"{round 20 3  <nil>}": {"Key":"from","Type":15,"Integer":0,"String":"g","Interface":null}}
2025-08-15T22:13:00.174-0500	DEBUG	protocol/handler.go:1591	have processed broadcast	{"{round 20 3  <nil>}": {"Key":"from","Type":15,"Integer":0,"String":"c","Interface":null}}
2025-08-15T22:13:00.175-0500	DEBUG	protocol/handler.go:1591	have processed broadcast	{"{round 20 3  <nil>}": {"Key":"from","Type":15,"Integer":0,"String":"d","Interface":null}}
2025-08-15T22:13:00.175-0500	DEBUG	protocol/handler.go:1591	have processed broadcast	{"{round 20 3  <nil>}": {"Key":"from","Type":15,"Integer":0,"String":"f","Interface":null}}
2025-08-15T22:13:00.175-0500	DEBUG	protocol/handler.go:1600	waiting for broadcasts	{"{round 20 3  <nil>}": {"Key":"missing","Type":15,"Integer":0,"String":"[g]","Interface":null}}
2025-08-15T22:13:00.175-0500	DEBUG	protocol/handler.go:581	tryAdvanceRound called	{"{current_round 20 3  <nil>}": {"Key":"self","Type":15,"Integer":0,"String":"f","Interface":null}}
2025-08-15T22:13:00.175-0500	DEBUG	protocol/handler.go:1306	waiting for broadcast before normal message
2025-08-15T22:13:00.175-0500	DEBUG	protocol/handler.go:1306	waiting for broadcast before normal message
2025-08-15T22:13:00.175-0500	DEBUG	protocol/handler.go:1591	have processed broadcast	{"{round 20 3  <nil>}": {"Key":"from","Type":15,"Integer":0,"String":"a","Interface":null}}
2025-08-15T22:13:00.175-0500	DEBUG	protocol/handler.go:1591	have processed broadcast	{"{round 20 3  <nil>}": {"Key":"from","Type":15,"Integer":0,"String":"b","Interface":null}}
2025-08-15T22:13:00.175-0500	DEBUG	protocol/handler.go:1591	have processed broadcast	{"{round 20 3  <nil>}": {"Key":"from","Type":15,"Integer":0,"String":"c","Interface":null}}
2025-08-15T22:13:00.175-0500	DEBUG	protocol/handler.go:1591	have processed broadcast	{"{round 20 3  <nil>}": {"Key":"from","Type":15,"Integer":0,"String":"d","Interface":null}}
2025-08-15T22:13:00.175-0500	DEBUG	protocol/handler.go:1600	waiting for broadcasts	{"{round 20 3  <nil>}": {"Key":"missing","Type":15,"Integer":0,"String":"[e g]","Interface":null}}
2025-08-15T22:13:00.068-0500	DEBUG	protocol/handler.go:432	processMessage: p2p round 3 START	{"{from 15 0 g <nil>}": {"Key":"to","Type":15,"Integer":0,"String":"d","Interface":null}}
2025-08-15T22:13:00.068-0500	DEBUG	protocol/handler.go:432	processMessage: p2p round 3 START	{"{from 15 0 g <nil>}": {"Key":"to","Type":15,"Integer":0,"String":"c","Interface":null}}
2025-08-15T22:13:00.175-0500	DEBUG	protocol/handler.go:437	processing message	{"{from 15 0 g <nil>}": {"Key":"to","Type":15,"Integer":0,"String":"d","Interface":null}, "{round 20 3  <nil>}": {"Key":"broadcast","Type":4,"Integer":0,"String":"","Interface":null}}
2025-08-15T22:13:00.175-0500	DEBUG	protocol/handler.go:1662	storing message	{"{round 20 3  <nil>}": {"Key":"from","Type":15,"Integer":0,"String":"g","Interface":null}}
2025-08-15T22:13:00.175-0500	DEBUG	protocol/handler.go:581	tryAdvanceRound called	{"{current_round 20 3  <nil>}": {"Key":"self","Type":15,"Integer":0,"String":"d","Interface":null}}
2025-08-15T22:13:00.175-0500	DEBUG	protocol/handler.go:1306	waiting for broadcast before normal message
2025-08-15T22:13:00.175-0500	DEBUG	protocol/handler.go:1591	have processed broadcast	{"{round 20 3  <nil>}": {"Key":"from","Type":15,"Integer":0,"String":"a","Interface":null}}
2025-08-15T22:13:00.175-0500	DEBUG	protocol/handler.go:1591	have processed broadcast	{"{round 20 3  <nil>}": {"Key":"from","Type":15,"Integer":0,"String":"b","Interface":null}}
2025-08-15T22:13:00.175-0500	DEBUG	protocol/handler.go:437	processing message	{"{from 15 0 g <nil>}": {"Key":"to","Type":15,"Integer":0,"String":"c","Interface":null}, "{round 20 3  <nil>}": {"Key":"broadcast","Type":4,"Integer":0,"String":"","Interface":null}}
2025-08-15T22:13:00.175-0500	DEBUG	protocol/handler.go:1591	have processed broadcast	{"{round 20 3  <nil>}": {"Key":"from","Type":15,"Integer":0,"String":"c","Interface":null}}
2025-08-15T22:13:00.175-0500	DEBUG	protocol/handler.go:1662	storing message	{"{round 20 3  <nil>}": {"Key":"from","Type":15,"Integer":0,"String":"g","Interface":null}}
2025-08-15T22:13:00.176-0500	DEBUG	protocol/handler.go:581	tryAdvanceRound called	{"{current_round 20 3  <nil>}": {"Key":"self","Type":15,"Integer":0,"String":"c","Interface":null}}
2025-08-15T22:13:00.176-0500	DEBUG	protocol/handler.go:581	tryAdvanceRound called	{"{current_round 20 3  <nil>}": {"Key":"self","Type":15,"Integer":0,"String":"d","Interface":null}}
2025-08-15T22:13:00.176-0500	DEBUG	protocol/handler.go:1306	waiting for broadcast before normal message
2025-08-15T22:13:00.176-0500	DEBUG	protocol/handler.go:1591	have processed broadcast	{"{round 20 3  <nil>}": {"Key":"from","Type":15,"Integer":0,"String":"a","Interface":null}}
2025-08-15T22:13:00.176-0500	DEBUG	protocol/handler.go:1591	have processed broadcast	{"{round 20 3  <nil>}": {"Key":"from","Type":15,"Integer":0,"String":"b","Interface":null}}
2025-08-15T22:13:00.176-0500	DEBUG	protocol/handler.go:1591	have processed broadcast	{"{round 20 3  <nil>}": {"Key":"from","Type":15,"Integer":0,"String":"d","Interface":null}}
2025-08-15T22:13:00.176-0500	DEBUG	protocol/handler.go:1306	waiting for broadcast before normal message
2025-08-15T22:13:00.176-0500	DEBUG	protocol/handler.go:1591	have processed broadcast	{"{round 20 3  <nil>}": {"Key":"from","Type":15,"Integer":0,"String":"e","Interface":null}}
2025-08-15T22:13:00.176-0500	DEBUG	protocol/handler.go:1591	have processed broadcast	{"{round 20 3  <nil>}": {"Key":"from","Type":15,"Integer":0,"String":"f","Interface":null}}
2025-08-15T22:13:00.176-0500	DEBUG	protocol/handler.go:1600	waiting for broadcasts	{"{round 20 3  <nil>}": {"Key":"missing","Type":15,"Integer":0,"String":"[g]","Interface":null}}
2025-08-15T22:13:00.176-0500	DEBUG	protocol/handler.go:1591	have processed broadcast	{"{round 20 3  <nil>}": {"Key":"from","Type":15,"Integer":0,"String":"e","Interface":null}}
2025-08-15T22:13:00.176-0500	DEBUG	protocol/handler.go:1591	have processed broadcast	{"{round 20 3  <nil>}": {"Key":"from","Type":15,"Integer":0,"String":"f","Interface":null}}
2025-08-15T22:13:00.176-0500	DEBUG	protocol/handler.go:1600	waiting for broadcasts	{"{round 20 3  <nil>}": {"Key":"missing","Type":15,"Integer":0,"String":"[g]","Interface":null}}
2025-08-15T22:13:00.069-0500	DEBUG	protocol/handler.go:432	processMessage: p2p round 3 START	{"{from 15 0 g <nil>}": {"Key":"to","Type":15,"Integer":0,"String":"b","Interface":null}}
2025-08-15T22:13:00.177-0500	DEBUG	protocol/handler.go:437	processing message	{"{from 15 0 g <nil>}": {"Key":"to","Type":15,"Integer":0,"String":"b","Interface":null}, "{round 20 3  <nil>}": {"Key":"broadcast","Type":4,"Integer":0,"String":"","Interface":null}}
2025-08-15T22:13:00.177-0500	DEBUG	protocol/handler.go:1662	storing message	{"{round 20 3  <nil>}": {"Key":"from","Type":15,"Integer":0,"String":"g","Interface":null}}
2025-08-15T22:13:00.176-0500	DEBUG	protocol/handler.go:1591	have processed broadcast	{"{round 20 3  <nil>}": {"Key":"from","Type":15,"Integer":0,"String":"a","Interface":null}}
2025-08-15T22:13:00.177-0500	DEBUG	protocol/handler.go:1591	have processed broadcast	{"{round 20 3  <nil>}": {"Key":"from","Type":15,"Integer":0,"String":"b","Interface":null}}
2025-08-15T22:13:00.177-0500	DEBUG	protocol/handler.go:1591	have processed broadcast	{"{round 20 3  <nil>}": {"Key":"from","Type":15,"Integer":0,"String":"c","Interface":null}}
2025-08-15T22:13:00.177-0500	DEBUG	protocol/handler.go:1591	have processed broadcast	{"{round 20 3  <nil>}": {"Key":"from","Type":15,"Integer":0,"String":"e","Interface":null}}
2025-08-15T22:13:00.178-0500	DEBUG	protocol/handler.go:1591	have processed broadcast	{"{round 20 3  <nil>}": {"Key":"from","Type":15,"Integer":0,"String":"f","Interface":null}}
2025-08-15T22:13:00.178-0500	DEBUG	protocol/handler.go:1600	waiting for broadcasts	{"{round 20 3  <nil>}": {"Key":"missing","Type":15,"Integer":0,"String":"[g]","Interface":null}}
2025-08-15T22:13:00.069-0500	DEBUG	protocol/handler.go:437	processing message	{"{from 15 0 g <nil>}": {"Key":"to","Type":15,"Integer":0,"String":"","Interface":null}, "{round 20 3  <nil>}": {"Key":"broadcast","Type":4,"Integer":1,"String":"","Interface":null}}
2025-08-15T22:13:00.178-0500	DEBUG	protocol/handler.go:1657	storing broadcast	{"{round 20 3  <nil>}": {"Key":"from","Type":15,"Integer":0,"String":"g","Interface":null}}
2025-08-15T22:13:00.069-0500	DEBUG	protocol/handler.go:437	processing message	{"{from 15 0 g <nil>}": {"Key":"to","Type":15,"Integer":0,"String":"","Interface":null}, "{round 20 3  <nil>}": {"Key":"broadcast","Type":4,"Integer":1,"String":"","Interface":null}}
2025-08-15T22:13:00.178-0500	DEBUG	protocol/handler.go:1657	storing broadcast	{"{round 20 3  <nil>}": {"Key":"from","Type":15,"Integer":0,"String":"g","Interface":null}}
2025-08-15T22:13:00.178-0500	DEBUG	protocol/handler.go:581	tryAdvanceRound called	{"{current_round 20 3  <nil>}": {"Key":"self","Type":15,"Integer":0,"String":"e","Interface":null}}
2025-08-15T22:13:00.178-0500	DEBUG	protocol/handler.go:1591	have processed broadcast	{"{round 20 3  <nil>}": {"Key":"from","Type":15,"Integer":0,"String":"a","Interface":null}}
2025-08-15T22:13:00.178-0500	DEBUG	protocol/handler.go:1591	have processed broadcast	{"{round 20 3  <nil>}": {"Key":"from","Type":15,"Integer":0,"String":"b","Interface":null}}
2025-08-15T22:13:00.178-0500	DEBUG	protocol/handler.go:1591	have processed broadcast	{"{round 20 3  <nil>}": {"Key":"from","Type":15,"Integer":0,"String":"c","Interface":null}}
2025-08-15T22:13:00.178-0500	DEBUG	protocol/handler.go:1591	have processed broadcast	{"{round 20 3  <nil>}": {"Key":"from","Type":15,"Integer":0,"String":"d","Interface":null}}
2025-08-15T22:13:00.178-0500	DEBUG	protocol/handler.go:1591	have processed broadcast	{"{round 20 3  <nil>}": {"Key":"from","Type":15,"Integer":0,"String":"f","Interface":null}}
2025-08-15T22:13:00.178-0500	DEBUG	protocol/handler.go:1591	have processed broadcast	{"{round 20 3  <nil>}": {"Key":"from","Type":15,"Integer":0,"String":"g","Interface":null}}
2025-08-15T22:13:00.178-0500	DEBUG	protocol/handler.go:1635	waiting for messages	{"{round 20 3  <nil>}": {"Key":"missing","Type":15,"Integer":0,"String":"[g]","Interface":null}}
2025-08-15T22:13:00.069-0500	DEBUG	protocol/handler.go:432	processMessage: p2p round 3 START	{"{from 15 0 g <nil>}": {"Key":"to","Type":15,"Integer":0,"String":"e","Interface":null}}
2025-08-15T22:13:00.178-0500	DEBUG	protocol/handler.go:437	processing message	{"{from 15 0 g <nil>}": {"Key":"to","Type":15,"Integer":0,"String":"e","Interface":null}, "{round 20 3  <nil>}": {"Key":"broadcast","Type":4,"Integer":0,"String":"","Interface":null}}
2025-08-15T22:13:00.178-0500	DEBUG	protocol/handler.go:1662	storing message	{"{round 20 3  <nil>}": {"Key":"from","Type":15,"Integer":0,"String":"g","Interface":null}}
2025-08-15T22:13:00.180-0500	DEBUG	protocol/handler.go:581	tryAdvanceRound called	{"{current_round 20 3  <nil>}": {"Key":"self","Type":15,"Integer":0,"String":"b","Interface":null}}
2025-08-15T22:13:00.069-0500	DEBUG	protocol/handler.go:437	processing message	{"{from 15 0 g <nil>}": {"Key":"to","Type":15,"Integer":0,"String":"","Interface":null}, "{round 20 3  <nil>}": {"Key":"broadcast","Type":4,"Integer":1,"String":"","Interface":null}}
2025-08-15T22:13:00.069-0500	DEBUG	protocol/handler.go:437	processing message	{"{from 15 0 g <nil>}": {"Key":"to","Type":15,"Integer":0,"String":"","Interface":null}, "{round 20 3  <nil>}": {"Key":"broadcast","Type":4,"Integer":1,"String":"","Interface":null}}
2025-08-15T22:13:00.099-0500	DEBUG	protocol/handler.go:1591	have processed broadcast	{"{round 20 3  <nil>}": {"Key":"from","Type":15,"Integer":0,"String":"a","Interface":null}}
2025-08-15T22:13:00.104-0500	DEBUG	protocol/handler.go:581	tryAdvanceRound called	{"{current_round 20 3  <nil>}": {"Key":"self","Type":15,"Integer":0,"String":"b","Interface":null}}
2025-08-15T22:13:00.115-0500	DEBUG	protocol/handler.go:1591	have processed broadcast	{"{round 20 3  <nil>}": {"Key":"from","Type":15,"Integer":0,"String":"a","Interface":null}}
2025-08-15T22:13:00.067-0500	DEBUG	protocol/handler.go:437	processing message	{"{from 15 0 c <nil>}": {"Key":"to","Type":15,"Integer":0,"String":"","Interface":null}, "{round 20 3  <nil>}": {"Key":"broadcast","Type":4,"Integer":1,"String":"","Interface":null}}
2025-08-15T22:13:00.115-0500	DEBUG	protocol/handler.go:581	tryAdvanceRound called	{"{current_round 20 3  <nil>}": {"Key":"self","Type":15,"Integer":0,"String":"g","Interface":null}}
2025-08-15T22:13:00.115-0500	DEBUG	protocol/handler.go:581	tryAdvanceRound called	{"{current_round 20 3  <nil>}": {"Key":"self","Type":15,"Integer":0,"String":"f","Interface":null}}
2025-08-15T22:13:00.115-0500	DEBUG	protocol/handler.go:581	tryAdvanceRound called	{"{current_round 20 3  <nil>}": {"Key":"self","Type":15,"Integer":0,"String":"g","Interface":null}}
2025-08-15T22:13:00.123-0500	DEBUG	protocol/handler.go:581	tryAdvanceRound called	{"{current_round 20 3  <nil>}": {"Key":"self","Type":15,"Integer":0,"String":"g","Interface":null}}
2025-08-15T22:13:00.132-0500	DEBUG	protocol/handler.go:437	processing message	{"{from 15 0 d <nil>}": {"Key":"to","Type":15,"Integer":0,"String":"g","Interface":null}, "{round 20 3  <nil>}": {"Key":"broadcast","Type":4,"Integer":0,"String":"","Interface":null}}
2025-08-15T22:13:00.133-0500	DEBUG	protocol/handler.go:1657	storing broadcast	{"{round 20 3  <nil>}": {"Key":"from","Type":15,"Integer":0,"String":"b","Interface":null}}
2025-08-15T22:13:00.133-0500	DEBUG	protocol/handler.go:1591	have processed broadcast	{"{round 20 3  <nil>}": {"Key":"from","Type":15,"Integer":0,"String":"a","Interface":null}}
2025-08-15T22:13:00.134-0500	DEBUG	protocol/handler.go:1591	have processed broadcast	{"{round 20 2  <nil>}": {"Key":"from","Type":15,"Integer":0,"String":"a","Interface":null}}
2025-08-15T22:13:00.161-0500	DEBUG	protocol/handler.go:581	tryAdvanceRound called	{"{current_round 20 3  <nil>}": {"Key":"self","Type":15,"Integer":0,"String":"b","Interface":null}}
2025-08-15T22:13:00.161-0500	DEBUG	protocol/handler.go:581	tryAdvanceRound called	{"{current_round 20 3  <nil>}": {"Key":"self","Type":15,"Integer":0,"String":"a","Interface":null}}
2025-08-15T22:13:00.008-0500	DEBUG	protocol/handler.go:437	processing message	{"{from 15 0 e <nil>}": {"Key":"to","Type":15,"Integer":0,"String":"","Interface":null}, "{round 20 3  <nil>}": {"Key":"broadcast","Type":4,"Integer":1,"String":"","Interface":null}}
2025-08-15T22:13:00.164-0500	DEBUG	protocol/handler.go:1591	have processed broadcast	{"{round 20 3  <nil>}": {"Key":"from","Type":15,"Integer":0,"String":"a","Interface":null}}
2025-08-15T22:13:00.165-0500	DEBUG	protocol/handler.go:581	tryAdvanceRound called	{"{current_round 20 3  <nil>}": {"Key":"self","Type":15,"Integer":0,"String":"d","Interface":null}}
2025-08-15T22:13:00.069-0500	DEBUG	protocol/handler.go:432	processMessage: p2p round 3 START	{"{from 15 0 g <nil>}": {"Key":"to","Type":15,"Integer":0,"String":"a","Interface":null}}
2025-08-15T22:13:00.069-0500	DEBUG	protocol/handler.go:437	processing message	{"{from 15 0 g <nil>}": {"Key":"to","Type":15,"Integer":0,"String":"","Interface":null}, "{round 20 3  <nil>}": {"Key":"broadcast","Type":4,"Integer":1,"String":"","Interface":null}}
2025-08-15T22:13:00.178-0500	DEBUG	protocol/handler.go:581	tryAdvanceRound called	{"{current_round 20 3  <nil>}": {"Key":"self","Type":15,"Integer":0,"String":"d","Interface":null}}
2025-08-15T22:13:00.180-0500	DEBUG	protocol/handler.go:581	tryAdvanceRound called	{"{current_round 20 3  <nil>}": {"Key":"self","Type":15,"Integer":0,"String":"e","Interface":null}}
2025-08-15T22:13:00.181-0500	DEBUG	protocol/handler.go:1591	have processed broadcast	{"{round 20 3  <nil>}": {"Key":"from","Type":15,"Integer":0,"String":"a","Interface":null}}
2025-08-15T22:13:00.181-0500	DEBUG	protocol/handler.go:1591	have processed broadcast	{"{round 20 3  <nil>}": {"Key":"from","Type":15,"Integer":0,"String":"b","Interface":null}}
2025-08-15T22:13:00.181-0500	DEBUG	protocol/handler.go:1591	have processed broadcast	{"{round 20 3  <nil>}": {"Key":"from","Type":15,"Integer":0,"String":"c","Interface":null}}
2025-08-15T22:13:00.181-0500	DEBUG	protocol/handler.go:1591	have processed broadcast	{"{round 20 3  <nil>}": {"Key":"from","Type":15,"Integer":0,"String":"d","Interface":null}}
2025-08-15T22:13:00.181-0500	DEBUG	protocol/handler.go:1591	have processed broadcast	{"{round 20 3  <nil>}": {"Key":"from","Type":15,"Integer":0,"String":"f","Interface":null}}
2025-08-15T22:13:00.181-0500	DEBUG	protocol/handler.go:1591	have processed broadcast	{"{round 20 3  <nil>}": {"Key":"from","Type":15,"Integer":0,"String":"g","Interface":null}}
2025-08-15T22:13:00.172-0500	DEBUG	protocol/handler.go:1600	waiting for broadcasts	{"{round 20 3  <nil>}": {"Key":"missing","Type":15,"Integer":0,"String":"[g]","Interface":null}}
2025-08-15T22:13:00.181-0500	DEBUG	protocol/handler.go:1649	have all messages and processed	{"{round 20 3  <nil>}": {"Key":"self","Type":15,"Integer":0,"String":"e","Interface":null}}
2025-08-15T22:13:00.181-0500	DEBUG	protocol/handler.go:619	finalizing round
2025-08-15T22:13:00.180-0500	DEBUG	protocol/handler.go:1591	have processed broadcast	{"{round 20 3  <nil>}": {"Key":"from","Type":15,"Integer":0,"String":"b","Interface":null}}
2025-08-15T22:13:00.182-0500	DEBUG	protocol/handler.go:1591	have processed broadcast	{"{round 20 3  <nil>}": {"Key":"from","Type":15,"Integer":0,"String":"d","Interface":null}}
2025-08-15T22:13:00.182-0500	DEBUG	protocol/handler.go:1591	have processed broadcast	{"{round 20 3  <nil>}": {"Key":"from","Type":15,"Integer":0,"String":"e","Interface":null}}
2025-08-15T22:13:00.182-0500	DEBUG	protocol/handler.go:1591	have processed broadcast	{"{round 20 3  <nil>}": {"Key":"from","Type":15,"Integer":0,"String":"f","Interface":null}}
2025-08-15T22:13:00.182-0500	DEBUG	protocol/handler.go:1600	waiting for broadcasts	{"{round 20 3  <nil>}": {"Key":"missing","Type":15,"Integer":0,"String":"[g]","Interface":null}}
2025-08-15T22:13:00.182-0500	DEBUG	protocol/handler.go:581	tryAdvanceRound called	{"{current_round 20 3  <nil>}": {"Key":"self","Type":15,"Integer":0,"String":"c","Interface":null}}
2025-08-15T22:13:00.183-0500	DEBUG	protocol/handler.go:1591	have processed broadcast	{"{round 20 3  <nil>}": {"Key":"from","Type":15,"Integer":0,"String":"a","Interface":null}}
2025-08-15T22:13:00.183-0500	DEBUG	protocol/handler.go:1591	have processed broadcast	{"{round 20 3  <nil>}": {"Key":"from","Type":15,"Integer":0,"String":"b","Interface":null}}
2025-08-15T22:13:00.183-0500	DEBUG	protocol/handler.go:1591	have processed broadcast	{"{round 20 3  <nil>}": {"Key":"from","Type":15,"Integer":0,"String":"c","Interface":null}}
2025-08-15T22:13:00.183-0500	DEBUG	protocol/handler.go:1591	have processed broadcast	{"{round 20 3  <nil>}": {"Key":"from","Type":15,"Integer":0,"String":"a","Interface":null}}
2025-08-15T22:13:00.183-0500	DEBUG	protocol/handler.go:1591	have processed broadcast	{"{round 20 3  <nil>}": {"Key":"from","Type":15,"Integer":0,"String":"e","Interface":null}}
2025-08-15T22:13:00.183-0500	DEBUG	protocol/handler.go:1591	have processed broadcast	{"{round 20 3  <nil>}": {"Key":"from","Type":15,"Integer":0,"String":"b","Interface":null}}
2025-08-15T22:13:00.183-0500	DEBUG	protocol/handler.go:1591	have processed broadcast	{"{round 20 3  <nil>}": {"Key":"from","Type":15,"Integer":0,"String":"f","Interface":null}}
2025-08-15T22:13:00.183-0500	DEBUG	protocol/handler.go:1591	have processed broadcast	{"{round 20 3  <nil>}": {"Key":"from","Type":15,"Integer":0,"String":"c","Interface":null}}
2025-08-15T22:13:00.183-0500	DEBUG	protocol/handler.go:1591	have processed broadcast	{"{round 20 3  <nil>}": {"Key":"from","Type":15,"Integer":0,"String":"g","Interface":null}}
2025-08-15T22:13:00.183-0500	DEBUG	protocol/handler.go:1591	have processed broadcast	{"{round 20 3  <nil>}": {"Key":"from","Type":15,"Integer":0,"String":"e","Interface":null}}
2025-08-15T22:13:00.184-0500	DEBUG	protocol/handler.go:1649	have all messages and processed	{"{round 20 3  <nil>}": {"Key":"self","Type":15,"Integer":0,"String":"d","Interface":null}}
2025-08-15T22:13:00.184-0500	DEBUG	protocol/handler.go:1591	have processed broadcast	{"{round 20 3  <nil>}": {"Key":"from","Type":15,"Integer":0,"String":"f","Interface":null}}
2025-08-15T22:13:00.184-0500	DEBUG	protocol/handler.go:619	finalizing round
2025-08-15T22:13:00.184-0500	DEBUG	protocol/handler.go:1591	have processed broadcast	{"{round 20 3  <nil>}": {"Key":"from","Type":15,"Integer":0,"String":"g","Interface":null}}
2025-08-15T22:13:00.184-0500	DEBUG	protocol/handler.go:1649	have all messages and processed	{"{round 20 3  <nil>}": {"Key":"self","Type":15,"Integer":0,"String":"d","Interface":null}}
2025-08-15T22:13:00.184-0500	DEBUG	protocol/handler.go:596	round already finalized
2025-08-15T22:13:00.180-0500	DEBUG	protocol/handler.go:1591	have processed broadcast	{"{round 20 3  <nil>}": {"Key":"from","Type":15,"Integer":0,"String":"a","Interface":null}}
2025-08-15T22:13:00.184-0500	DEBUG	protocol/handler.go:1591	have processed broadcast	{"{round 20 3  <nil>}": {"Key":"from","Type":15,"Integer":0,"String":"c","Interface":null}}
2025-08-15T22:13:00.184-0500	DEBUG	protocol/handler.go:1591	have processed broadcast	{"{round 20 3  <nil>}": {"Key":"from","Type":15,"Integer":0,"String":"d","Interface":null}}
2025-08-15T22:13:00.184-0500	DEBUG	protocol/handler.go:1591	have processed broadcast	{"{round 20 3  <nil>}": {"Key":"from","Type":15,"Integer":0,"String":"e","Interface":null}}
2025-08-15T22:13:00.184-0500	DEBUG	protocol/handler.go:1591	have processed broadcast	{"{round 20 3  <nil>}": {"Key":"from","Type":15,"Integer":0,"String":"f","Interface":null}}
2025-08-15T22:13:00.180-0500	DEBUG	protocol/handler.go:1657	storing broadcast	{"{round 20 3  <nil>}": {"Key":"from","Type":15,"Integer":0,"String":"g","Interface":null}}
2025-08-15T22:13:00.185-0500	DEBUG	protocol/handler.go:581	tryAdvanceRound called	{"{current_round 20 3  <nil>}": {"Key":"self","Type":15,"Integer":0,"String":"c","Interface":null}}
2025-08-15T22:13:00.180-0500	DEBUG	protocol/handler.go:1591	have processed broadcast	{"{round 20 3  <nil>}": {"Key":"from","Type":15,"Integer":0,"String":"c","Interface":null}}
2025-08-15T22:13:00.180-0500	DEBUG	protocol/handler.go:1657	storing broadcast	{"{round 20 3  <nil>}": {"Key":"from","Type":15,"Integer":0,"String":"c","Interface":null}}
2025-08-15T22:13:00.188-0500	DEBUG	protocol/handler.go:1591	have processed broadcast	{"{round 20 3  <nil>}": {"Key":"from","Type":15,"Integer":0,"String":"d","Interface":null}}
2025-08-15T22:13:00.180-0500	DEBUG	protocol/handler.go:1306	waiting for broadcast before normal message
2025-08-15T22:13:00.188-0500	DEBUG	protocol/handler.go:581	tryAdvanceRound called	{"{current_round 20 3  <nil>}": {"Key":"self","Type":15,"Integer":0,"String":"d","Interface":null}}
2025-08-15T22:13:00.180-0500	DEBUG	protocol/handler.go:1306	waiting for broadcast before normal message
2025-08-15T22:13:00.180-0500	DEBUG	protocol/handler.go:1306	waiting for broadcast before normal message
2025-08-15T22:13:00.181-0500	DEBUG	protocol/handler.go:1306	waiting for broadcast before normal message
2025-08-15T22:13:00.181-0500	DEBUG	protocol/handler.go:1662	storing message	{"{round 20 3  <nil>}": {"Key":"from","Type":15,"Integer":0,"String":"d","Interface":null}}
2025-08-15T22:13:00.181-0500	DEBUG	protocol/handler.go:581	tryAdvanceRound called	{"{current_round 20 3  <nil>}": {"Key":"self","Type":15,"Integer":0,"String":"e","Interface":null}}
2025-08-15T22:13:00.181-0500	DEBUG	protocol/handler.go:1591	have processed broadcast	{"{round 20 3  <nil>}": {"Key":"from","Type":15,"Integer":0,"String":"a","Interface":null}}
2025-08-15T22:13:00.181-0500	DEBUG	protocol/handler.go:1591	have processed broadcast	{"{round 20 3  <nil>}": {"Key":"from","Type":15,"Integer":0,"String":"b","Interface":null}}
2025-08-15T22:13:00.181-0500	DEBUG	protocol/handler.go:581	tryAdvanceRound called	{"{current_round 20 3  <nil>}": {"Key":"self","Type":15,"Integer":0,"String":"g","Interface":null}}
2025-08-15T22:13:00.181-0500	DEBUG	protocol/handler.go:1591	have processed broadcast	{"{round 20 3  <nil>}": {"Key":"from","Type":15,"Integer":0,"String":"a","Interface":null}}
2025-08-15T22:13:00.181-0500	DEBUG	protocol/handler.go:1591	have processed broadcast	{"{round 20 2  <nil>}": {"Key":"from","Type":15,"Integer":0,"String":"b","Interface":null}}
2025-08-15T22:13:00.181-0500	DEBUG	protocol/handler.go:1591	have processed broadcast	{"{round 20 3  <nil>}": {"Key":"from","Type":15,"Integer":0,"String":"b","Interface":null}}
2025-08-15T22:13:00.181-0500	DEBUG	protocol/handler.go:1657	storing broadcast	{"{round 20 3  <nil>}": {"Key":"from","Type":15,"Integer":0,"String":"e","Interface":null}}
2025-08-15T22:13:00.181-0500	DEBUG	protocol/handler.go:1591	have processed broadcast	{"{round 20 3  <nil>}": {"Key":"from","Type":15,"Integer":0,"String":"b","Interface":null}}
2025-08-15T22:13:00.181-0500	DEBUG	protocol/handler.go:437	processing message	{"{from 15 0 g <nil>}": {"Key":"to","Type":15,"Integer":0,"String":"a","Interface":null}, "{round 20 3  <nil>}": {"Key":"broadcast","Type":4,"Integer":0,"String":"","Interface":null}}
2025-08-15T22:13:00.181-0500	DEBUG	protocol/handler.go:1657	storing broadcast	{"{round 20 3  <nil>}": {"Key":"from","Type":15,"Integer":0,"String":"g","Interface":null}}
2025-08-15T22:13:00.184-0500	DEBUG	protocol/handler.go:1591	have processed broadcast	{"{round 20 3  <nil>}": {"Key":"from","Type":15,"Integer":0,"String":"g","Interface":null}}
2025-08-15T22:13:00.180-0500	DEBUG	protocol/handler.go:1657	storing broadcast	{"{round 20 3  <nil>}": {"Key":"from","Type":15,"Integer":0,"String":"g","Interface":null}}
2025-08-15T22:13:00.188-0500	DEBUG	protocol/handler.go:1591	have processed broadcast	{"{round 20 3  <nil>}": {"Key":"from","Type":15,"Integer":0,"String":"e","Interface":null}}
2025-08-15T22:13:00.188-0500	DEBUG	protocol/handler.go:581	tryAdvanceRound called	{"{current_round 20 3  <nil>}": {"Key":"self","Type":15,"Integer":0,"String":"g","Interface":null}}
2025-08-15T22:13:00.188-0500	DEBUG	protocol/handler.go:1306	waiting for broadcast before normal message
2025-08-15T22:13:00.188-0500	DEBUG	protocol/handler.go:1591	have processed broadcast	{"{round 20 3  <nil>}": {"Key":"from","Type":15,"Integer":0,"String":"a","Interface":null}}
2025-08-15T22:13:00.190-0500	DEBUG	protocol/handler.go:1591	have processed broadcast	{"{round 20 3  <nil>}": {"Key":"from","Type":15,"Integer":0,"String":"a","Interface":null}}
2025-08-15T22:13:00.190-0500	DEBUG	protocol/handler.go:1591	have processed broadcast	{"{round 20 3  <nil>}": {"Key":"from","Type":15,"Integer":0,"String":"a","Interface":null}}
2025-08-15T22:13:00.192-0500	DEBUG	protocol/handler.go:1591	have processed broadcast	{"{round 20 3  <nil>}": {"Key":"from","Type":15,"Integer":0,"String":"b","Interface":null}}
2025-08-15T22:13:00.192-0500	DEBUG	protocol/handler.go:1591	have processed broadcast	{"{round 20 3  <nil>}": {"Key":"from","Type":15,"Integer":0,"String":"c","Interface":null}}
2025-08-15T22:13:00.192-0500	DEBUG	protocol/handler.go:1591	have processed broadcast	{"{round 20 3  <nil>}": {"Key":"from","Type":15,"Integer":0,"String":"a","Interface":null}}
2025-08-15T22:13:00.192-0500	DEBUG	protocol/handler.go:1591	have processed broadcast	{"{round 20 3  <nil>}": {"Key":"from","Type":15,"Integer":0,"String":"d","Interface":null}}
2025-08-15T22:13:00.192-0500	DEBUG	protocol/handler.go:1591	have processed broadcast	{"{round 20 3  <nil>}": {"Key":"from","Type":15,"Integer":0,"String":"f","Interface":null}}
2025-08-15T22:13:00.192-0500	DEBUG	protocol/handler.go:1591	have processed broadcast	{"{round 20 3  <nil>}": {"Key":"from","Type":15,"Integer":0,"String":"b","Interface":null}}
2025-08-15T22:13:00.192-0500	DEBUG	protocol/handler.go:1591	have processed broadcast	{"{round 20 3  <nil>}": {"Key":"from","Type":15,"Integer":0,"String":"g","Interface":null}}
2025-08-15T22:13:00.192-0500	DEBUG	protocol/handler.go:1591	have processed broadcast	{"{round 20 3  <nil>}": {"Key":"from","Type":15,"Integer":0,"String":"c","Interface":null}}
2025-08-15T22:13:00.192-0500	DEBUG	protocol/handler.go:1591	have processed broadcast	{"{round 20 3  <nil>}": {"Key":"from","Type":15,"Integer":0,"String":"d","Interface":null}}
2025-08-15T22:13:00.192-0500	DEBUG	protocol/handler.go:1591	have processed broadcast	{"{round 20 3  <nil>}": {"Key":"from","Type":15,"Integer":0,"String":"e","Interface":null}}
2025-08-15T22:13:00.192-0500	DEBUG	protocol/handler.go:1649	have all messages and processed	{"{round 20 3  <nil>}": {"Key":"self","Type":15,"Integer":0,"String":"e","Interface":null}}
2025-08-15T22:13:00.192-0500	DEBUG	protocol/handler.go:1591	have processed broadcast	{"{round 20 3  <nil>}": {"Key":"from","Type":15,"Integer":0,"String":"b","Interface":null}}
2025-08-15T22:13:00.192-0500	DEBUG	protocol/handler.go:596	round already finalized
2025-08-15T22:13:00.191-0500	DEBUG	protocol/handler.go:1591	have processed broadcast	{"{round 20 3  <nil>}": {"Key":"from","Type":15,"Integer":0,"String":"c","Interface":null}}
2025-08-15T22:13:00.192-0500	DEBUG	protocol/handler.go:1591	have processed broadcast	{"{round 20 3  <nil>}": {"Key":"from","Type":15,"Integer":0,"String":"b","Interface":null}}
2025-08-15T22:13:00.192-0500	DEBUG	protocol/handler.go:1591	have processed broadcast	{"{round 20 3  <nil>}": {"Key":"from","Type":15,"Integer":0,"String":"c","Interface":null}}
2025-08-15T22:13:00.192-0500	DEBUG	protocol/handler.go:1591	have processed broadcast	{"{round 20 3  <nil>}": {"Key":"from","Type":15,"Integer":0,"String":"e","Interface":null}}
2025-08-15T22:13:00.192-0500	DEBUG	protocol/handler.go:1591	have processed broadcast	{"{round 20 3  <nil>}": {"Key":"from","Type":15,"Integer":0,"String":"d","Interface":null}}
2025-08-15T22:13:00.192-0500	DEBUG	protocol/handler.go:1591	have processed broadcast	{"{round 20 3  <nil>}": {"Key":"from","Type":15,"Integer":0,"String":"f","Interface":null}}
2025-08-15T22:13:00.192-0500	DEBUG	protocol/handler.go:1591	have processed broadcast	{"{round 20 3  <nil>}": {"Key":"from","Type":15,"Integer":0,"String":"g","Interface":null}}
2025-08-15T22:13:00.192-0500	DEBUG	protocol/handler.go:1600	waiting for broadcasts	{"{round 20 3  <nil>}": {"Key":"missing","Type":15,"Integer":0,"String":"[e g]","Interface":null}}
2025-08-15T22:13:00.192-0500	DEBUG	protocol/handler.go:1649	have all messages and processed	{"{round 20 3  <nil>}": {"Key":"self","Type":15,"Integer":0,"String":"d","Interface":null}}
2025-08-15T22:13:00.193-0500	DEBUG	protocol/handler.go:596	round already finalized
2025-08-15T22:13:00.192-0500	DEBUG	protocol/handler.go:1591	have processed broadcast	{"{round 20 3  <nil>}": {"Key":"from","Type":15,"Integer":0,"String":"g","Interface":null}}
2025-08-15T22:13:00.193-0500	DEBUG	protocol/handler.go:1642	waiting for message processing	{"{round 20 3  <nil>}": {"Key":"unprocessed","Type":15,"Integer":0,"String":"[e g]","Interface":null}}
2025-08-15T22:13:00.191-0500	DEBUG	protocol/handler.go:1591	have processed broadcast	{"{round 20 3  <nil>}": {"Key":"from","Type":15,"Integer":0,"String":"a","Interface":null}}
2025-08-15T22:13:00.193-0500	DEBUG	protocol/handler.go:581	tryAdvanceRound called	{"{current_round 20 3  <nil>}": {"Key":"self","Type":15,"Integer":0,"String":"f","Interface":null}}
2025-08-15T22:13:00.193-0500	DEBUG	protocol/handler.go:1591	have processed broadcast	{"{round 20 3  <nil>}": {"Key":"from","Type":15,"Integer":0,"String":"b","Interface":null}}
2025-08-15T22:13:00.193-0500	DEBUG	protocol/handler.go:1591	have processed broadcast	{"{round 20 3  <nil>}": {"Key":"from","Type":15,"Integer":0,"String":"c","Interface":null}}
2025-08-15T22:13:00.193-0500	DEBUG	protocol/handler.go:1591	have processed broadcast	{"{round 20 3  <nil>}": {"Key":"from","Type":15,"Integer":0,"String":"a","Interface":null}}
2025-08-15T22:13:00.193-0500	DEBUG	protocol/handler.go:1591	have processed broadcast	{"{round 20 3  <nil>}": {"Key":"from","Type":15,"Integer":0,"String":"b","Interface":null}}
2025-08-15T22:13:00.193-0500	DEBUG	protocol/handler.go:1182	finalized round messages	{"{round 20 3  <nil>}": {"Key":"messages","Type":11,"Integer":0,"String":"","Interface":null}}
2025-08-15T22:13:00.193-0500	DEBUG	protocol/handler.go:1591	have processed broadcast	{"{round 20 3  <nil>}": {"Key":"from","Type":15,"Integer":0,"String":"c","Interface":null}}
2025-08-15T22:13:00.193-0500	INFO	protocol/handler.go:1211	protocol completed	{"{self 15 0 e <nil>}": {"Key":"final_round","Type":20,"Integer":3,"String":"","Interface":null}}
2025-08-15T22:13:00.193-0500	DEBUG	protocol/handler.go:1591	have processed broadcast	{"{round 20 3  <nil>}": {"Key":"from","Type":15,"Integer":0,"String":"d","Interface":null}}
2025-08-15T22:13:00.193-0500	DEBUG	protocol/handler.go:624	finalizeRound returned nil
2025-08-15T22:13:00.193-0500	DEBUG	protocol/handler.go:1591	have processed broadcast	{"{round 20 3  <nil>}": {"Key":"from","Type":15,"Integer":0,"String":"e","Interface":null}}
2025-08-15T22:13:00.193-0500	DEBUG	protocol/handler.go:1591	have processed broadcast	{"{round 20 3  <nil>}": {"Key":"from","Type":15,"Integer":0,"String":"f","Interface":null}}
2025-08-15T22:13:00.193-0500	DEBUG	protocol/handler.go:1635	waiting for messages	{"{round 20 3  <nil>}": {"Key":"missing","Type":15,"Integer":0,"String":"[e]","Interface":null}}
2025-08-15T22:13:00.194-0500	DEBUG	protocol/handler.go:432	processMessage: p2p round 3 START	{"{from 15 0 e <nil>}": {"Key":"to","Type":15,"Integer":0,"String":"g","Interface":null}}
2025-08-15T22:13:00.193-0500	DEBUG	protocol/handler.go:1591	have processed broadcast	{"{round 20 3  <nil>}": {"Key":"from","Type":15,"Integer":0,"String":"d","Interface":null}}
2025-08-15T22:13:00.194-0500	DEBUG	protocol/handler.go:437	processing message	{"{from 15 0 e <nil>}": {"Key":"to","Type":15,"Integer":0,"String":"g","Interface":null}, "{round 20 3  <nil>}": {"Key":"broadcast","Type":4,"Integer":0,"String":"","Interface":null}}
2025-08-15T22:13:00.194-0500	DEBUG	protocol/handler.go:1591	have processed broadcast	{"{round 20 3  <nil>}": {"Key":"from","Type":15,"Integer":0,"String":"e","Interface":null}}
2025-08-15T22:13:00.194-0500	DEBUG	protocol/handler.go:1591	have processed broadcast	{"{round 20 3  <nil>}": {"Key":"from","Type":15,"Integer":0,"String":"f","Interface":null}}
2025-08-15T22:13:00.194-0500	DEBUG	protocol/handler.go:1635	waiting for messages	{"{round 20 3  <nil>}": {"Key":"missing","Type":15,"Integer":0,"String":"[e]","Interface":null}}
2025-08-15T22:13:00.194-0500	DEBUG	protocol/handler.go:1662	storing message	{"{round 20 3  <nil>}": {"Key":"from","Type":15,"Integer":0,"String":"e","Interface":null}}
2025-08-15T22:13:00.195-0500	DEBUG	protocol/handler.go:1591	have processed broadcast	{"{round 20 3  <nil>}": {"Key":"from","Type":15,"Integer":0,"String":"a","Interface":null}}
2025-08-15T22:13:00.195-0500	DEBUG	protocol/handler.go:1591	have processed broadcast	{"{round 20 3  <nil>}": {"Key":"from","Type":15,"Integer":0,"String":"b","Interface":null}}
2025-08-15T22:13:00.196-0500	DEBUG	protocol/handler.go:1591	have processed broadcast	{"{round 20 3  <nil>}": {"Key":"from","Type":15,"Integer":0,"String":"c","Interface":null}}
2025-08-15T22:13:00.196-0500	DEBUG	protocol/handler.go:1591	have processed broadcast	{"{round 20 3  <nil>}": {"Key":"from","Type":15,"Integer":0,"String":"d","Interface":null}}
2025-08-15T22:13:00.196-0500	DEBUG	protocol/handler.go:1591	have processed broadcast	{"{round 20 3  <nil>}": {"Key":"from","Type":15,"Integer":0,"String":"e","Interface":null}}
2025-08-15T22:13:00.196-0500	DEBUG	protocol/handler.go:1591	have processed broadcast	{"{round 20 3  <nil>}": {"Key":"from","Type":15,"Integer":0,"String":"f","Interface":null}}
2025-08-15T22:13:00.196-0500	DEBUG	protocol/handler.go:1642	waiting for message processing	{"{round 20 3  <nil>}": {"Key":"unprocessed","Type":15,"Integer":0,"String":"[e]","Interface":null}}
2025-08-15T22:13:00.191-0500	DEBUG	protocol/handler.go:1591	have processed broadcast	{"{round 20 2  <nil>}": {"Key":"from","Type":15,"Integer":0,"String":"c","Interface":null}}
2025-08-15T22:13:00.196-0500	DEBUG	protocol/handler.go:581	tryAdvanceRound called	{"{current_round 20 3  <nil>}": {"Key":"self","Type":15,"Integer":0,"String":"d","Interface":null}}
2025-08-15T22:13:00.196-0500	DEBUG	protocol/handler.go:1591	have processed broadcast	{"{round 20 3  <nil>}": {"Key":"from","Type":15,"Integer":0,"String":"a","Interface":null}}
2025-08-15T22:13:00.196-0500	DEBUG	protocol/handler.go:1591	have processed broadcast	{"{round 20 2  <nil>}": {"Key":"from","Type":15,"Integer":0,"String":"d","Interface":null}}
2025-08-15T22:13:00.196-0500	DEBUG	protocol/handler.go:1591	have processed broadcast	{"{round 20 3  <nil>}": {"Key":"from","Type":15,"Integer":0,"String":"b","Interface":null}}
2025-08-15T22:13:00.196-0500	DEBUG	protocol/handler.go:581	tryAdvanceRound called	{"{current_round 20 3  <nil>}": {"Key":"self","Type":15,"Integer":0,"String":"g","Interface":null}}
2025-08-15T22:13:00.196-0500	DEBUG	protocol/handler.go:1591	have processed broadcast	{"{round 20 2  <nil>}": {"Key":"from","Type":15,"Integer":0,"String":"e","Interface":null}}
2025-08-15T22:13:00.196-0500	DEBUG	protocol/handler.go:1591	have processed broadcast	{"{round 20 3  <nil>}": {"Key":"from","Type":15,"Integer":0,"String":"c","Interface":null}}
2025-08-15T22:13:00.196-0500	DEBUG	protocol/handler.go:1591	have processed broadcast	{"{round 20 2  <nil>}": {"Key":"from","Type":15,"Integer":0,"String":"f","Interface":null}}
2025-08-15T22:13:00.196-0500	DEBUG	protocol/handler.go:1591	have processed broadcast	{"{round 20 3  <nil>}": {"Key":"from","Type":15,"Integer":0,"String":"e","Interface":null}}
2025-08-15T22:13:00.196-0500	DEBUG	protocol/handler.go:1591	have processed broadcast	{"{round 20 3  <nil>}": {"Key":"from","Type":15,"Integer":0,"String":"a","Interface":null}}
2025-08-15T22:13:00.196-0500	DEBUG	protocol/handler.go:1649	have all messages and processed	{"{round 20 2  <nil>}": {"Key":"self","Type":15,"Integer":0,"String":"g","Interface":null}}
2025-08-15T22:13:00.196-0500	DEBUG	protocol/handler.go:1591	have processed broadcast	{"{round 20 3  <nil>}": {"Key":"from","Type":15,"Integer":0,"String":"f","Interface":null}}
2025-08-15T22:13:00.196-0500	DEBUG	protocol/handler.go:1591	have processed broadcast	{"{round 20 3  <nil>}": {"Key":"from","Type":15,"Integer":0,"String":"b","Interface":null}}
2025-08-15T22:13:00.191-0500	DEBUG	protocol/handler.go:1591	have processed broadcast	{"{round 20 3  <nil>}": {"Key":"from","Type":15,"Integer":0,"String":"c","Interface":null}}
2025-08-15T22:13:00.196-0500	DEBUG	protocol/handler.go:1591	have processed broadcast	{"{round 20 3  <nil>}": {"Key":"from","Type":15,"Integer":0,"String":"g","Interface":null}}
2025-08-15T22:13:00.196-0500	DEBUG	protocol/handler.go:1591	have processed broadcast	{"{round 20 3  <nil>}": {"Key":"from","Type":15,"Integer":0,"String":"c","Interface":null}}
2025-08-15T22:13:00.196-0500	DEBUG	protocol/handler.go:1591	have processed broadcast	{"{round 20 3  <nil>}": {"Key":"from","Type":15,"Integer":0,"String":"d","Interface":null}}
2025-08-15T22:13:00.196-0500	DEBUG	protocol/handler.go:1649	have all messages and processed	{"{round 20 3  <nil>}": {"Key":"self","Type":15,"Integer":0,"String":"d","Interface":null}}
2025-08-15T22:13:00.196-0500	DEBUG	protocol/handler.go:1591	have processed broadcast	{"{round 20 3  <nil>}": {"Key":"from","Type":15,"Integer":0,"String":"d","Interface":null}}
2025-08-15T22:13:00.196-0500	DEBUG	protocol/handler.go:1591	have processed broadcast	{"{round 20 3  <nil>}": {"Key":"from","Type":15,"Integer":0,"String":"e","Interface":null}}
2025-08-15T22:13:00.196-0500	DEBUG	protocol/handler.go:596	round already finalized
2025-08-15T22:13:00.196-0500	DEBUG	protocol/handler.go:596	round already finalized
2025-08-15T22:13:00.196-0500	DEBUG	protocol/handler.go:1591	have processed broadcast	{"{round 20 3  <nil>}": {"Key":"from","Type":15,"Integer":0,"String":"e","Interface":null}}
2025-08-15T22:13:00.196-0500	DEBUG	protocol/handler.go:1591	have processed broadcast	{"{round 20 3  <nil>}": {"Key":"from","Type":15,"Integer":0,"String":"f","Interface":null}}
2025-08-15T22:13:00.196-0500	DEBUG	protocol/handler.go:600	current round already advanced	{"{checking 20 2  <nil>}": {"Key":"current","Type":20,"Integer":3,"String":"","Interface":null}}
2025-08-15T22:13:00.191-0500	DEBUG	protocol/handler.go:1591	have processed broadcast	{"{round 20 3  <nil>}": {"Key":"from","Type":15,"Integer":0,"String":"c","Interface":null}}
2025-08-15T22:13:00.196-0500	DEBUG	protocol/handler.go:1591	have processed broadcast	{"{round 20 3  <nil>}": {"Key":"from","Type":15,"Integer":0,"String":"f","Interface":null}}
2025-08-15T22:13:00.196-0500	DEBUG	protocol/handler.go:1600	waiting for broadcasts	{"{round 20 3  <nil>}": {"Key":"missing","Type":15,"Integer":0,"String":"[g]","Interface":null}}
2025-08-15T22:13:00.196-0500	DEBUG	protocol/handler.go:1591	have processed broadcast	{"{round 20 3  <nil>}": {"Key":"from","Type":15,"Integer":0,"String":"d","Interface":null}}
2025-08-15T22:13:00.196-0500	DEBUG	protocol/handler.go:581	tryAdvanceRound called	{"{current_round 20 3  <nil>}": {"Key":"self","Type":15,"Integer":0,"String":"a","Interface":null}}
2025-08-15T22:13:00.196-0500	DEBUG	protocol/handler.go:1649	have all messages and processed	{"{round 20 3  <nil>}": {"Key":"self","Type":15,"Integer":0,"String":"g","Interface":null}}
2025-08-15T22:13:00.196-0500	DEBUG	protocol/handler.go:1591	have processed broadcast	{"{round 20 3  <nil>}": {"Key":"from","Type":15,"Integer":0,"String":"e","Interface":null}}
2025-08-15T22:13:00.191-0500	DEBUG	protocol/handler.go:1591	have processed broadcast	{"{round 20 3  <nil>}": {"Key":"from","Type":15,"Integer":0,"String":"c","Interface":null}}
2025-08-15T22:13:00.196-0500	DEBUG	protocol/handler.go:619	finalizing round
2025-08-15T22:13:00.191-0500	DEBUG	protocol/handler.go:1649	have all messages and processed	{"{round 20 3  <nil>}": {"Key":"self","Type":15,"Integer":0,"String":"b","Interface":null}}
2025-08-15T22:13:00.197-0500	DEBUG	protocol/handler.go:619	finalizing round
2025-08-15T22:13:00.197-0500	DEBUG	protocol/handler.go:1182	finalized round messages	{"{round 20 3  <nil>}": {"Key":"messages","Type":11,"Integer":0,"String":"","Interface":null}}
2025-08-15T22:13:00.191-0500	DEBUG	protocol/handler.go:581	tryAdvanceRound called	{"{current_round 20 3  <nil>}": {"Key":"self","Type":15,"Integer":0,"String":"f","Interface":null}}
2025-08-15T22:13:00.191-0500	DEBUG	protocol/handler.go:1591	have processed broadcast	{"{round 20 3  <nil>}": {"Key":"from","Type":15,"Integer":0,"String":"f","Interface":null}}
2025-08-15T22:13:00.197-0500	DEBUG	protocol/handler.go:1591	have processed broadcast	{"{round 20 3  <nil>}": {"Key":"from","Type":15,"Integer":0,"String":"g","Interface":null}}
2025-08-15T22:13:00.197-0500	DEBUG	protocol/handler.go:1591	have processed broadcast	{"{round 20 3  <nil>}": {"Key":"from","Type":15,"Integer":0,"String":"a","Interface":null}}
2025-08-15T22:13:00.197-0500	DEBUG	protocol/handler.go:1591	have processed broadcast	{"{round 20 3  <nil>}": {"Key":"from","Type":15,"Integer":0,"String":"b","Interface":null}}
2025-08-15T22:13:00.197-0500	DEBUG	protocol/handler.go:1591	have processed broadcast	{"{round 20 3  <nil>}": {"Key":"from","Type":15,"Integer":0,"String":"c","Interface":null}}
2025-08-15T22:13:00.197-0500	DEBUG	protocol/handler.go:1649	have all messages and processed	{"{round 20 3  <nil>}": {"Key":"self","Type":15,"Integer":0,"String":"b","Interface":null}}
2025-08-15T22:13:00.197-0500	DEBUG	protocol/handler.go:1591	have processed broadcast	{"{round 20 3  <nil>}": {"Key":"from","Type":15,"Integer":0,"String":"d","Interface":null}}
2025-08-15T22:13:00.197-0500	DEBUG	protocol/handler.go:1591	have processed broadcast	{"{round 20 3  <nil>}": {"Key":"from","Type":15,"Integer":0,"String":"e","Interface":null}}
2025-08-15T22:13:00.197-0500	DEBUG	protocol/handler.go:596	round already finalized
2025-08-15T22:13:00.197-0500	INFO	protocol/handler.go:1211	protocol completed	{"{self 15 0 d <nil>}": {"Key":"final_round","Type":20,"Integer":3,"String":"","Interface":null}}
2025-08-15T22:13:00.191-0500	DEBUG	protocol/handler.go:581	tryAdvanceRound called	{"{current_round 20 3  <nil>}": {"Key":"self","Type":15,"Integer":0,"String":"a","Interface":null}}
2025-08-15T22:13:00.197-0500	DEBUG	protocol/handler.go:624	finalizeRound returned nil
2025-08-15T22:13:00.192-0500	DEBUG	protocol/handler.go:1591	have processed broadcast	{"{round 20 3  <nil>}": {"Key":"from","Type":15,"Integer":0,"String":"c","Interface":null}}
2025-08-15T22:13:00.198-0500	DEBUG	protocol/handler.go:1591	have processed broadcast	{"{round 20 3  <nil>}": {"Key":"from","Type":15,"Integer":0,"String":"d","Interface":null}}
2025-08-15T22:13:00.198-0500	DEBUG	protocol/handler.go:1591	have processed broadcast	{"{round 20 3  <nil>}": {"Key":"from","Type":15,"Integer":0,"String":"e","Interface":null}}
2025-08-15T22:13:00.198-0500	DEBUG	protocol/handler.go:1591	have processed broadcast	{"{round 20 3  <nil>}": {"Key":"from","Type":15,"Integer":0,"String":"b","Interface":null}}
2025-08-15T22:13:00.197-0500	DEBUG	protocol/handler.go:1591	have processed broadcast	{"{round 20 3  <nil>}": {"Key":"from","Type":15,"Integer":0,"String":"f","Interface":null}}
2025-08-15T22:13:00.198-0500	DEBUG	protocol/handler.go:1591	have processed broadcast	{"{round 20 3  <nil>}": {"Key":"from","Type":15,"Integer":0,"String":"f","Interface":null}}
2025-08-15T22:13:00.198-0500	DEBUG	protocol/handler.go:1649	have all messages and processed	{"{round 20 3  <nil>}": {"Key":"self","Type":15,"Integer":0,"String":"g","Interface":null}}
2025-08-15T22:13:00.198-0500	DEBUG	protocol/handler.go:596	round already finalized
2025-08-15T22:13:00.198-0500	DEBUG	protocol/handler.go:1591	have processed broadcast	{"{round 20 3  <nil>}": {"Key":"from","Type":15,"Integer":0,"String":"a","Interface":null}}
2025-08-15T22:13:00.198-0500	DEBUG	protocol/handler.go:1591	have processed broadcast	{"{round 20 3  <nil>}": {"Key":"from","Type":15,"Integer":0,"String":"b","Interface":null}}
2025-08-15T22:13:00.198-0500	DEBUG	protocol/handler.go:1591	have processed broadcast	{"{round 20 3  <nil>}": {"Key":"from","Type":15,"Integer":0,"String":"c","Interface":null}}
2025-08-15T22:13:00.198-0500	DEBUG	protocol/handler.go:1649	have all messages and processed	{"{round 20 3  <nil>}": {"Key":"self","Type":15,"Integer":0,"String":"g","Interface":null}}
2025-08-15T22:13:00.198-0500	DEBUG	protocol/handler.go:1591	have processed broadcast	{"{round 20 3  <nil>}": {"Key":"from","Type":15,"Integer":0,"String":"d","Interface":null}}
2025-08-15T22:13:00.198-0500	DEBUG	protocol/handler.go:1591	have processed broadcast	{"{round 20 3  <nil>}": {"Key":"from","Type":15,"Integer":0,"String":"c","Interface":null}}
2025-08-15T22:13:00.191-0500	DEBUG	protocol/handler.go:1662	storing message	{"{round 20 3  <nil>}": {"Key":"from","Type":15,"Integer":0,"String":"g","Interface":null}}
2025-08-15T22:13:00.197-0500	DEBUG	protocol/handler.go:1591	have processed broadcast	{"{round 20 3  <nil>}": {"Key":"from","Type":15,"Integer":0,"String":"f","Interface":null}}
2025-08-15T22:13:00.198-0500	DEBUG	protocol/handler.go:1591	have processed broadcast	{"{round 20 3  <nil>}": {"Key":"from","Type":15,"Integer":0,"String":"g","Interface":null}}
2025-08-15T22:13:00.198-0500	DEBUG	protocol/handler.go:1649	have all messages and processed	{"{round 20 3  <nil>}": {"Key":"self","Type":15,"Integer":0,"String":"b","Interface":null}}
2025-08-15T22:13:00.199-0500	DEBUG	protocol/handler.go:596	round already finalized
2025-08-15T22:13:00.199-0500	DEBUG	protocol/handler.go:581	tryAdvanceRound called	{"{current_round 20 3  <nil>}": {"Key":"self","Type":15,"Integer":0,"String":"b","Interface":null}}
2025-08-15T22:13:00.199-0500	DEBUG	protocol/handler.go:1591	have processed broadcast	{"{round 20 3  <nil>}": {"Key":"from","Type":15,"Integer":0,"String":"a","Interface":null}}
2025-08-15T22:13:00.199-0500	DEBUG	protocol/handler.go:1591	have processed broadcast	{"{round 20 3  <nil>}": {"Key":"from","Type":15,"Integer":0,"String":"a","Interface":null}}
2025-08-15T22:13:00.199-0500	DEBUG	protocol/handler.go:1591	have processed broadcast	{"{round 20 3  <nil>}": {"Key":"from","Type":15,"Integer":0,"String":"b","Interface":null}}
2025-08-15T22:13:00.199-0500	DEBUG	protocol/handler.go:1591	have processed broadcast	{"{round 20 3  <nil>}": {"Key":"from","Type":15,"Integer":0,"String":"c","Interface":null}}
2025-08-15T22:13:00.199-0500	DEBUG	protocol/handler.go:1591	have processed broadcast	{"{round 20 3  <nil>}": {"Key":"from","Type":15,"Integer":0,"String":"c","Interface":null}}
2025-08-15T22:13:00.199-0500	DEBUG	protocol/handler.go:1591	have processed broadcast	{"{round 20 3  <nil>}": {"Key":"from","Type":15,"Integer":0,"String":"d","Interface":null}}
2025-08-15T22:13:00.199-0500	DEBUG	protocol/handler.go:1591	have processed broadcast	{"{round 20 3  <nil>}": {"Key":"from","Type":15,"Integer":0,"String":"e","Interface":null}}
2025-08-15T22:13:00.199-0500	DEBUG	protocol/handler.go:1591	have processed broadcast	{"{round 20 3  <nil>}": {"Key":"from","Type":15,"Integer":0,"String":"g","Interface":null}}
2025-08-15T22:13:00.199-0500	DEBUG	protocol/handler.go:1649	have all messages and processed	{"{round 20 3  <nil>}": {"Key":"self","Type":15,"Integer":0,"String":"f","Interface":null}}
2025-08-15T22:13:00.199-0500	DEBUG	protocol/handler.go:619	finalizing round
2025-08-15T22:13:00.199-0500	DEBUG	protocol/handler.go:1591	have processed broadcast	{"{round 20 3  <nil>}": {"Key":"from","Type":15,"Integer":0,"String":"d","Interface":null}}
2025-08-15T22:13:00.199-0500	DEBUG	protocol/handler.go:1591	have processed broadcast	{"{round 20 3  <nil>}": {"Key":"from","Type":15,"Integer":0,"String":"e","Interface":null}}
2025-08-15T22:13:00.197-0500	DEBUG	protocol/handler.go:1591	have processed broadcast	{"{round 20 3  <nil>}": {"Key":"from","Type":15,"Integer":0,"String":"b","Interface":null}}
2025-08-15T22:13:00.197-0500	DEBUG	protocol/handler.go:1591	have processed broadcast	{"{round 20 3  <nil>}": {"Key":"from","Type":15,"Integer":0,"String":"e","Interface":null}}
2025-08-15T22:13:00.191-0500	DEBUG	protocol/handler.go:1591	have processed broadcast	{"{round 20 3  <nil>}": {"Key":"from","Type":15,"Integer":0,"String":"c","Interface":null}}
2025-08-15T22:13:00.198-0500	DEBUG	protocol/handler.go:1591	have processed broadcast	{"{round 20 3  <nil>}": {"Key":"from","Type":15,"Integer":0,"String":"a","Interface":null}}
2025-08-15T22:13:00.198-0500	DEBUG	protocol/handler.go:596	round already finalized
2025-08-15T22:13:00.191-0500	DEBUG	protocol/handler.go:581	tryAdvanceRound called	{"{current_round 20 3  <nil>}": {"Key":"self","Type":15,"Integer":0,"String":"f","Interface":null}}
2025-08-15T22:13:00.198-0500	DEBUG	protocol/handler.go:1591	have processed broadcast	{"{round 20 3  <nil>}": {"Key":"from","Type":15,"Integer":0,"String":"e","Interface":null}}
2025-08-15T22:13:00.196-0500	DEBUG	protocol/handler.go:581	tryAdvanceRound called	{"{current_round 20 3  <nil>}": {"Key":"self","Type":15,"Integer":0,"String":"g","Interface":null}}
2025-08-15T22:13:00.198-0500	DEBUG	protocol/handler.go:1591	have processed broadcast	{"{round 20 3  <nil>}": {"Key":"from","Type":15,"Integer":0,"String":"d","Interface":null}}
2025-08-15T22:13:00.200-0500	DEBUG	protocol/handler.go:1591	have processed broadcast	{"{round 20 3  <nil>}": {"Key":"from","Type":15,"Integer":0,"String":"f","Interface":null}}
2025-08-15T22:13:00.200-0500	DEBUG	protocol/handler.go:1591	have processed broadcast	{"{round 20 3  <nil>}": {"Key":"from","Type":15,"Integer":0,"String":"g","Interface":null}}
2025-08-15T22:13:00.200-0500	DEBUG	protocol/handler.go:1649	have all messages and processed	{"{round 20 3  <nil>}": {"Key":"self","Type":15,"Integer":0,"String":"b","Interface":null}}
2025-08-15T22:13:00.200-0500	DEBUG	protocol/handler.go:596	round already finalized
2025-08-15T22:13:00.200-0500	DEBUG	protocol/handler.go:1591	have processed broadcast	{"{round 20 3  <nil>}": {"Key":"from","Type":15,"Integer":0,"String":"d","Interface":null}}
2025-08-15T22:13:00.200-0500	DEBUG	protocol/handler.go:1591	have processed broadcast	{"{round 20 3  <nil>}": {"Key":"from","Type":15,"Integer":0,"String":"a","Interface":null}}
2025-08-15T22:13:00.200-0500	DEBUG	protocol/handler.go:1591	have processed broadcast	{"{round 20 3  <nil>}": {"Key":"from","Type":15,"Integer":0,"String":"e","Interface":null}}
2025-08-15T22:13:00.200-0500	DEBUG	protocol/handler.go:1591	have processed broadcast	{"{round 20 3  <nil>}": {"Key":"from","Type":15,"Integer":0,"String":"f","Interface":null}}
2025-08-15T22:13:00.200-0500	DEBUG	protocol/handler.go:1591	have processed broadcast	{"{round 20 3  <nil>}": {"Key":"from","Type":15,"Integer":0,"String":"b","Interface":null}}
2025-08-15T22:13:00.200-0500	DEBUG	protocol/handler.go:1591	have processed broadcast	{"{round 20 3  <nil>}": {"Key":"from","Type":15,"Integer":0,"String":"g","Interface":null}}
2025-08-15T22:13:00.200-0500	DEBUG	protocol/handler.go:1649	have all messages and processed	{"{round 20 3  <nil>}": {"Key":"self","Type":15,"Integer":0,"String":"b","Interface":null}}
2025-08-15T22:13:00.200-0500	DEBUG	protocol/handler.go:596	round already finalized
2025-08-15T22:13:00.200-0500	DEBUG	protocol/handler.go:1591	have processed broadcast	{"{round 20 3  <nil>}": {"Key":"from","Type":15,"Integer":0,"String":"e","Interface":null}}
2025-08-15T22:13:00.200-0500	DEBUG	protocol/handler.go:1591	have processed broadcast	{"{round 20 3  <nil>}": {"Key":"from","Type":15,"Integer":0,"String":"f","Interface":null}}
2025-08-15T22:13:00.200-0500	DEBUG	protocol/handler.go:1591	have processed broadcast	{"{round 20 3  <nil>}": {"Key":"from","Type":15,"Integer":0,"String":"g","Interface":null}}
2025-08-15T22:13:00.200-0500	DEBUG	protocol/handler.go:1591	have processed broadcast	{"{round 20 3  <nil>}": {"Key":"from","Type":15,"Integer":0,"String":"c","Interface":null}}
2025-08-15T22:13:00.200-0500	DEBUG	protocol/handler.go:1591	have processed broadcast	{"{round 20 3  <nil>}": {"Key":"from","Type":15,"Integer":0,"String":"g","Interface":null}}
2025-08-15T22:13:00.201-0500	DEBUG	protocol/handler.go:1649	have all messages and processed	{"{round 20 3  <nil>}": {"Key":"self","Type":15,"Integer":0,"String":"f","Interface":null}}
2025-08-15T22:13:00.201-0500	DEBUG	protocol/handler.go:596	round already finalized
2025-08-15T22:13:00.201-0500	DEBUG	protocol/handler.go:581	tryAdvanceRound called	{"{current_round 20 3  <nil>}": {"Key":"self","Type":15,"Integer":0,"String":"f","Interface":null}}
2025-08-15T22:13:00.201-0500	INFO	protocol/handler.go:787	protocol completed successfully
2025-08-15T22:13:00.201-0500	DEBUG	protocol/handler.go:1591	have processed broadcast	{"{round 20 3  <nil>}": {"Key":"from","Type":15,"Integer":0,"String":"a","Interface":null}}
2025-08-15T22:13:00.201-0500	DEBUG	protocol/handler.go:1591	have processed broadcast	{"{round 20 3  <nil>}": {"Key":"from","Type":15,"Integer":0,"String":"b","Interface":null}}
2025-08-15T22:13:00.201-0500	DEBUG	protocol/handler.go:1591	have processed broadcast	{"{round 20 3  <nil>}": {"Key":"from","Type":15,"Integer":0,"String":"c","Interface":null}}
2025-08-15T22:13:00.201-0500	DEBUG	protocol/handler.go:1591	have processed broadcast	{"{round 20 3  <nil>}": {"Key":"from","Type":15,"Integer":0,"String":"d","Interface":null}}
2025-08-15T22:13:00.201-0500	DEBUG	protocol/handler.go:1591	have processed broadcast	{"{round 20 3  <nil>}": {"Key":"from","Type":15,"Integer":0,"String":"e","Interface":null}}
2025-08-15T22:13:00.201-0500	DEBUG	protocol/handler.go:1591	have processed broadcast	{"{round 20 3  <nil>}": {"Key":"from","Type":15,"Integer":0,"String":"g","Interface":null}}
2025-08-15T22:13:00.201-0500	DEBUG	protocol/handler.go:1649	have all messages and processed	{"{round 20 3  <nil>}": {"Key":"self","Type":15,"Integer":0,"String":"f","Interface":null}}
2025-08-15T22:13:00.201-0500	DEBUG	protocol/handler.go:581	tryAdvanceRound called	{"{current_round 20 3  <nil>}": {"Key":"self","Type":15,"Integer":0,"String":"b","Interface":null}}
2025-08-15T22:13:00.201-0500	DEBUG	protocol/handler.go:596	round already finalized
2025-08-15T22:13:00.200-0500	DEBUG	protocol/handler.go:1642	waiting for message processing	{"{round 20 3  <nil>}": {"Key":"unprocessed","Type":15,"Integer":0,"String":"[g]","Interface":null}}
2025-08-15T22:13:00.200-0500	DEBUG	protocol/handler.go:1591	have processed broadcast	{"{round 20 3  <nil>}": {"Key":"from","Type":15,"Integer":0,"String":"b","Interface":null}}
2025-08-15T22:13:00.201-0500	DEBUG	protocol/handler.go:1591	have processed broadcast	{"{round 20 3  <nil>}": {"Key":"from","Type":15,"Integer":0,"String":"a","Interface":null}}
2025-08-15T22:13:00.201-0500	DEBUG	protocol/handler.go:1591	have processed broadcast	{"{round 20 3  <nil>}": {"Key":"from","Type":15,"Integer":0,"String":"c","Interface":null}}
2025-08-15T22:13:00.201-0500	DEBUG	protocol/handler.go:1591	have processed broadcast	{"{round 20 3  <nil>}": {"Key":"from","Type":15,"Integer":0,"String":"d","Interface":null}}
2025-08-15T22:13:00.201-0500	DEBUG	protocol/handler.go:1591	have processed broadcast	{"{round 20 3  <nil>}": {"Key":"from","Type":15,"Integer":0,"String":"e","Interface":null}}
2025-08-15T22:13:00.201-0500	DEBUG	protocol/handler.go:1591	have processed broadcast	{"{round 20 3  <nil>}": {"Key":"from","Type":15,"Integer":0,"String":"f","Interface":null}}
2025-08-15T22:13:00.201-0500	DEBUG	protocol/handler.go:1591	have processed broadcast	{"{round 20 3  <nil>}": {"Key":"from","Type":15,"Integer":0,"String":"d","Interface":null}}
2025-08-15T22:13:00.201-0500	DEBUG	protocol/handler.go:1591	have processed broadcast	{"{round 20 3  <nil>}": {"Key":"from","Type":15,"Integer":0,"String":"g","Interface":null}}
2025-08-15T22:13:00.201-0500	DEBUG	protocol/handler.go:1591	have processed broadcast	{"{round 20 3  <nil>}": {"Key":"from","Type":15,"Integer":0,"String":"d","Interface":null}}
2025-08-15T22:13:00.201-0500	DEBUG	protocol/handler.go:1649	have all messages and processed	{"{round 20 3  <nil>}": {"Key":"self","Type":15,"Integer":0,"String":"b","Interface":null}}
2025-08-15T22:13:00.202-0500	DEBUG	protocol/handler.go:1591	have processed broadcast	{"{round 20 3  <nil>}": {"Key":"from","Type":15,"Integer":0,"String":"e","Interface":null}}
2025-08-15T22:13:00.202-0500	DEBUG	protocol/handler.go:596	round already finalized
2025-08-15T22:13:00.201-0500	DEBUG	protocol/handler.go:1591	have processed broadcast	{"{round 20 3  <nil>}": {"Key":"from","Type":15,"Integer":0,"String":"e","Interface":null}}
2025-08-15T22:13:00.200-0500	DEBUG	protocol/handler.go:581	tryAdvanceRound called	{"{current_round 20 3  <nil>}": {"Key":"self","Type":15,"Integer":0,"String":"g","Interface":null}}
2025-08-15T22:13:00.202-0500	INFO	protocol/handler.go:787	protocol completed successfully
2025-08-15T22:13:00.202-0500	DEBUG	protocol/handler.go:1591	have processed broadcast	{"{round 20 3  <nil>}": {"Key":"from","Type":15,"Integer":0,"String":"f","Interface":null}}
2025-08-15T22:13:00.200-0500	DEBUG	protocol/handler.go:1591	have processed broadcast	{"{round 20 3  <nil>}": {"Key":"from","Type":15,"Integer":0,"String":"f","Interface":null}}
2025-08-15T22:13:00.200-0500	DEBUG	protocol/handler.go:1591	have processed broadcast	{"{round 20 3  <nil>}": {"Key":"from","Type":15,"Integer":0,"String":"a","Interface":null}}
2025-08-15T22:13:00.200-0500	DEBUG	protocol/handler.go:1591	have processed broadcast	{"{round 20 3  <nil>}": {"Key":"from","Type":15,"Integer":0,"String":"c","Interface":null}}
2025-08-15T22:13:00.202-0500	DEBUG	protocol/handler.go:1591	have processed broadcast	{"{round 20 3  <nil>}": {"Key":"from","Type":15,"Integer":0,"String":"f","Interface":null}}
2025-08-15T22:13:00.202-0500	DEBUG	protocol/handler.go:1591	have processed broadcast	{"{round 20 3  <nil>}": {"Key":"from","Type":15,"Integer":0,"String":"g","Interface":null}}
2025-08-15T22:13:00.202-0500	DEBUG	protocol/handler.go:1649	have all messages and processed	{"{round 20 3  <nil>}": {"Key":"self","Type":15,"Integer":0,"String":"g","Interface":null}}
2025-08-15T22:13:00.202-0500	DEBUG	protocol/handler.go:1649	have all messages and processed	{"{round 20 3  <nil>}": {"Key":"self","Type":15,"Integer":0,"String":"c","Interface":null}}
2025-08-15T22:13:00.202-0500	DEBUG	protocol/handler.go:596	round already finalized
2025-08-15T22:13:00.202-0500	DEBUG	protocol/handler.go:619	finalizing round
2025-08-15T22:13:00.202-0500	DEBUG	protocol/handler.go:1591	have processed broadcast	{"{round 20 3  <nil>}": {"Key":"from","Type":15,"Integer":0,"String":"b","Interface":null}}
2025-08-15T22:13:00.202-0500	DEBUG	protocol/handler.go:1591	have processed broadcast	{"{round 20 3  <nil>}": {"Key":"from","Type":15,"Integer":0,"String":"a","Interface":null}}
2025-08-15T22:13:00.202-0500	DEBUG	protocol/handler.go:1600	waiting for broadcasts	{"{round 20 3  <nil>}": {"Key":"missing","Type":15,"Integer":0,"String":"[g]","Interface":null}}
2025-08-15T22:13:00.202-0500	DEBUG	protocol/handler.go:1591	have processed broadcast	{"{round 20 3  <nil>}": {"Key":"from","Type":15,"Integer":0,"String":"c","Interface":null}}
2025-08-15T22:13:00.202-0500	DEBUG	protocol/handler.go:1591	have processed broadcast	{"{round 20 3  <nil>}": {"Key":"from","Type":15,"Integer":0,"String":"d","Interface":null}}
2025-08-15T22:13:00.202-0500	DEBUG	protocol/handler.go:1591	have processed broadcast	{"{round 20 3  <nil>}": {"Key":"from","Type":15,"Integer":0,"String":"b","Interface":null}}
2025-08-15T22:13:00.202-0500	DEBUG	protocol/handler.go:1591	have processed broadcast	{"{round 20 3  <nil>}": {"Key":"from","Type":15,"Integer":0,"String":"e","Interface":null}}
2025-08-15T22:13:00.202-0500	DEBUG	protocol/handler.go:1591	have processed broadcast	{"{round 20 3  <nil>}": {"Key":"from","Type":15,"Integer":0,"String":"g","Interface":null}}
2025-08-15T22:13:00.202-0500	DEBUG	protocol/handler.go:1649	have all messages and processed	{"{round 20 3  <nil>}": {"Key":"self","Type":15,"Integer":0,"String":"f","Interface":null}}
2025-08-15T22:13:00.202-0500	DEBUG	protocol/handler.go:1591	have processed broadcast	{"{round 20 3  <nil>}": {"Key":"from","Type":15,"Integer":0,"String":"c","Interface":null}}
2025-08-15T22:13:00.202-0500	DEBUG	protocol/handler.go:1591	have processed broadcast	{"{round 20 3  <nil>}": {"Key":"from","Type":15,"Integer":0,"String":"d","Interface":null}}
2025-08-15T22:13:00.202-0500	DEBUG	protocol/handler.go:1591	have processed broadcast	{"{round 20 3  <nil>}": {"Key":"from","Type":15,"Integer":0,"String":"e","Interface":null}}
2025-08-15T22:13:00.202-0500	DEBUG	protocol/handler.go:1591	have processed broadcast	{"{round 20 3  <nil>}": {"Key":"from","Type":15,"Integer":0,"String":"f","Interface":null}}
2025-08-15T22:13:00.202-0500	DEBUG	protocol/handler.go:1591	have processed broadcast	{"{round 20 3  <nil>}": {"Key":"from","Type":15,"Integer":0,"String":"d","Interface":null}}
2025-08-15T22:13:00.202-0500	DEBUG	protocol/handler.go:1591	have processed broadcast	{"{round 20 3  <nil>}": {"Key":"from","Type":15,"Integer":0,"String":"g","Interface":null}}
2025-08-15T22:13:00.202-0500	DEBUG	protocol/handler.go:1642	waiting for message processing	{"{round 20 3  <nil>}": {"Key":"unprocessed","Type":15,"Integer":0,"String":"[g]","Interface":null}}
2025-08-15T22:13:00.202-0500	DEBUG	protocol/handler.go:581	tryAdvanceRound called	{"{current_round 20 3  <nil>}": {"Key":"self","Type":15,"Integer":0,"String":"a","Interface":null}}
2025-08-15T22:13:00.202-0500	DEBUG	protocol/handler.go:1591	have processed broadcast	{"{round 20 3  <nil>}": {"Key":"from","Type":15,"Integer":0,"String":"e","Interface":null}}
2025-08-15T22:13:00.203-0500	DEBUG	protocol/handler.go:1591	have processed broadcast	{"{round 20 3  <nil>}": {"Key":"from","Type":15,"Integer":0,"String":"f","Interface":null}}
2025-08-15T22:13:00.203-0500	DEBUG	protocol/handler.go:1649	have all messages and processed	{"{round 20 3  <nil>}": {"Key":"self","Type":15,"Integer":0,"String":"g","Interface":null}}
2025-08-15T22:13:00.203-0500	DEBUG	protocol/handler.go:596	round already finalized
2025-08-15T22:13:00.203-0500	DEBUG	protocol/handler.go:581	tryAdvanceRound called	{"{current_round 20 3  <nil>}": {"Key":"self","Type":15,"Integer":0,"String":"g","Interface":null}}
2025-08-15T22:13:00.203-0500	DEBUG	protocol/handler.go:1591	have processed broadcast	{"{round 20 3  <nil>}": {"Key":"from","Type":15,"Integer":0,"String":"a","Interface":null}}
2025-08-15T22:13:00.203-0500	DEBUG	protocol/handler.go:1591	have processed broadcast	{"{round 20 3  <nil>}": {"Key":"from","Type":15,"Integer":0,"String":"b","Interface":null}}
2025-08-15T22:13:00.203-0500	DEBUG	protocol/handler.go:1591	have processed broadcast	{"{round 20 3  <nil>}": {"Key":"from","Type":15,"Integer":0,"String":"c","Interface":null}}
2025-08-15T22:13:00.204-0500	DEBUG	protocol/handler.go:1591	have processed broadcast	{"{round 20 3  <nil>}": {"Key":"from","Type":15,"Integer":0,"String":"d","Interface":null}}
2025-08-15T22:13:00.202-0500	DEBUG	protocol/handler.go:596	round already finalized
2025-08-15T22:13:00.204-0500	DEBUG	protocol/handler.go:1591	have processed broadcast	{"{round 20 3  <nil>}": {"Key":"from","Type":15,"Integer":0,"String":"e","Interface":null}}
2025-08-15T22:13:00.204-0500	DEBUG	protocol/handler.go:1591	have processed broadcast	{"{round 20 3  <nil>}": {"Key":"from","Type":15,"Integer":0,"String":"f","Interface":null}}
2025-08-15T22:13:00.204-0500	DEBUG	protocol/handler.go:1649	have all messages and processed	{"{round 20 3  <nil>}": {"Key":"self","Type":15,"Integer":0,"String":"g","Interface":null}}
2025-08-15T22:13:00.204-0500	DEBUG	protocol/handler.go:596	round already finalized
2025-08-15T22:13:00.205-0500	DEBUG	protocol/handler.go:1591	have processed broadcast	{"{round 20 3  <nil>}": {"Key":"from","Type":15,"Integer":0,"String":"b","Interface":null}}
2025-08-15T22:13:00.205-0500	DEBUG	protocol/handler.go:1591	have processed broadcast	{"{round 20 3  <nil>}": {"Key":"from","Type":15,"Integer":0,"String":"c","Interface":null}}
2025-08-15T22:13:00.205-0500	DEBUG	protocol/handler.go:1591	have processed broadcast	{"{round 20 3  <nil>}": {"Key":"from","Type":15,"Integer":0,"String":"d","Interface":null}}
2025-08-15T22:13:00.205-0500	DEBUG	protocol/handler.go:1591	have processed broadcast	{"{round 20 3  <nil>}": {"Key":"from","Type":15,"Integer":0,"String":"e","Interface":null}}
2025-08-15T22:13:00.205-0500	DEBUG	protocol/handler.go:1591	have processed broadcast	{"{round 20 3  <nil>}": {"Key":"from","Type":15,"Integer":0,"String":"f","Interface":null}}
2025-08-15T22:13:00.205-0500	DEBUG	protocol/handler.go:1591	have processed broadcast	{"{round 20 3  <nil>}": {"Key":"from","Type":15,"Integer":0,"String":"g","Interface":null}}
2025-08-15T22:13:00.205-0500	DEBUG	protocol/handler.go:1182	finalized round messages	{"{round 20 3  <nil>}": {"Key":"messages","Type":11,"Integer":0,"String":"","Interface":null}}
2025-08-15T22:13:00.205-0500	DEBUG	protocol/handler.go:1649	have all messages and processed	{"{round 20 3  <nil>}": {"Key":"self","Type":15,"Integer":0,"String":"a","Interface":null}}
2025-08-15T22:13:00.205-0500	DEBUG	protocol/handler.go:619	finalizing round
2025-08-15T22:13:00.205-0500	INFO	protocol/handler.go:1211	protocol completed	{"{self 15 0 g <nil>}": {"Key":"final_round","Type":20,"Integer":3,"String":"","Interface":null}}
2025-08-15T22:13:00.205-0500	DEBUG	protocol/handler.go:624	finalizeRound returned nil
2025-08-15T22:13:00.205-0500	DEBUG	protocol/handler.go:581	tryAdvanceRound called	{"{current_round 20 3  <nil>}": {"Key":"self","Type":15,"Integer":0,"String":"a","Interface":null}}
2025-08-15T22:13:00.205-0500	DEBUG	protocol/handler.go:581	tryAdvanceRound called	{"{current_round 20 3  <nil>}": {"Key":"self","Type":15,"Integer":0,"String":"f","Interface":null}}
2025-08-15T22:13:00.205-0500	DEBUG	protocol/handler.go:1591	have processed broadcast	{"{round 20 3  <nil>}": {"Key":"from","Type":15,"Integer":0,"String":"b","Interface":null}}
2025-08-15T22:13:00.205-0500	DEBUG	protocol/handler.go:1591	have processed broadcast	{"{round 20 3  <nil>}": {"Key":"from","Type":15,"Integer":0,"String":"a","Interface":null}}
2025-08-15T22:13:00.205-0500	DEBUG	protocol/handler.go:1591	have processed broadcast	{"{round 20 3  <nil>}": {"Key":"from","Type":15,"Integer":0,"String":"c","Interface":null}}
2025-08-15T22:13:00.205-0500	DEBUG	protocol/handler.go:1591	have processed broadcast	{"{round 20 3  <nil>}": {"Key":"from","Type":15,"Integer":0,"String":"b","Interface":null}}
2025-08-15T22:13:00.205-0500	DEBUG	protocol/handler.go:1591	have processed broadcast	{"{round 20 3  <nil>}": {"Key":"from","Type":15,"Integer":0,"String":"d","Interface":null}}
2025-08-15T22:13:00.205-0500	DEBUG	protocol/handler.go:1591	have processed broadcast	{"{round 20 3  <nil>}": {"Key":"from","Type":15,"Integer":0,"String":"c","Interface":null}}
2025-08-15T22:13:00.205-0500	DEBUG	protocol/handler.go:1591	have processed broadcast	{"{round 20 3  <nil>}": {"Key":"from","Type":15,"Integer":0,"String":"e","Interface":null}}
2025-08-15T22:13:00.205-0500	DEBUG	protocol/handler.go:1591	have processed broadcast	{"{round 20 3  <nil>}": {"Key":"from","Type":15,"Integer":0,"String":"d","Interface":null}}
2025-08-15T22:13:00.205-0500	DEBUG	protocol/handler.go:1591	have processed broadcast	{"{round 20 3  <nil>}": {"Key":"from","Type":15,"Integer":0,"String":"f","Interface":null}}
2025-08-15T22:13:00.205-0500	DEBUG	protocol/handler.go:1591	have processed broadcast	{"{round 20 3  <nil>}": {"Key":"from","Type":15,"Integer":0,"String":"e","Interface":null}}
2025-08-15T22:13:00.205-0500	DEBUG	protocol/handler.go:1591	have processed broadcast	{"{round 20 3  <nil>}": {"Key":"from","Type":15,"Integer":0,"String":"g","Interface":null}}
2025-08-15T22:13:00.205-0500	DEBUG	protocol/handler.go:1591	have processed broadcast	{"{round 20 3  <nil>}": {"Key":"from","Type":15,"Integer":0,"String":"g","Interface":null}}
2025-08-15T22:13:00.205-0500	DEBUG	protocol/handler.go:1649	have all messages and processed	{"{round 20 3  <nil>}": {"Key":"self","Type":15,"Integer":0,"String":"a","Interface":null}}
2025-08-15T22:13:00.206-0500	DEBUG	protocol/handler.go:596	round already finalized
2025-08-15T22:13:00.206-0500	DEBUG	protocol/handler.go:1649	have all messages and processed	{"{round 20 3  <nil>}": {"Key":"self","Type":15,"Integer":0,"String":"f","Interface":null}}
2025-08-15T22:13:00.206-0500	DEBUG	protocol/handler.go:596	round already finalized
2025-08-15T22:13:00.207-0500	DEBUG	protocol/handler.go:1182	finalized round messages	{"{round 20 3  <nil>}": {"Key":"messages","Type":11,"Integer":0,"String":"","Interface":null}}
2025-08-15T22:13:00.207-0500	INFO	protocol/handler.go:1211	protocol completed	{"{self 15 0 b <nil>}": {"Key":"final_round","Type":20,"Integer":3,"String":"","Interface":null}}
2025-08-15T22:13:00.207-0500	DEBUG	protocol/handler.go:624	finalizeRound returned nil
2025-08-15T22:13:00.210-0500	DEBUG	protocol/handler.go:1182	finalized round messages	{"{round 20 3  <nil>}": {"Key":"messages","Type":11,"Integer":0,"String":"","Interface":null}}
2025-08-15T22:13:00.210-0500	INFO	protocol/handler.go:1211	protocol completed	{"{self 15 0 c <nil>}": {"Key":"final_round","Type":20,"Integer":3,"String":"","Interface":null}}
2025-08-15T22:13:00.210-0500	DEBUG	protocol/handler.go:624	finalizeRound returned nil
2025-08-15T22:13:00.211-0500	INFO	protocol/handler.go:787	protocol completed successfully
2025-08-15T22:13:00.211-0500	INFO	protocol/handler.go:787	protocol completed successfully
2025-08-15T22:13:00.211-0500	INFO	protocol/handler.go:787	protocol completed successfully
2025-08-15T22:13:00.213-0500	DEBUG	protocol/handler.go:1182	finalized round messages	{"{round 20 3  <nil>}": {"Key":"messages","Type":11,"Integer":0,"String":"","Interface":null}}
2025-08-15T22:13:00.213-0500	INFO	protocol/handler.go:1211	protocol completed	{"{self 15 0 a <nil>}": {"Key":"final_round","Type":20,"Integer":3,"String":"","Interface":null}}
2025-08-15T22:13:00.213-0500	DEBUG	protocol/handler.go:624	finalizeRound returned nil
2025-08-15T22:13:00.214-0500	DEBUG	protocol/handler.go:403	worker stopping
2025-08-15T22:13:00.214-0500	DEBUG	protocol/handler.go:403	worker stopping
2025-08-15T22:13:00.214-0500	DEBUG	protocol/handler.go:403	worker stopping
2025-08-15T22:13:00.214-0500	DEBUG	protocol/handler.go:403	worker stopping
2025-08-15T22:13:00.215-0500	DEBUG	protocol/handler.go:403	worker stopping
2025-08-15T22:13:00.215-0500	DEBUG	protocol/handler.go:403	worker stopping
2025-08-15T22:13:00.215-0500	DEBUG	protocol/handler.go:403	worker stopping
2025-08-15T22:13:00.215-0500	DEBUG	protocol/handler.go:403	worker stopping
2025-08-15T22:13:00.215-0500	DEBUG	protocol/handler.go:581	tryAdvanceRound called	{"{current_round 20 3  <nil>}": {"Key":"self","Type":15,"Integer":0,"String":"f","Interface":null}}
2025-08-15T22:13:00.216-0500	DEBUG	protocol/handler.go:1591	have processed broadcast	{"{round 20 3  <nil>}": {"Key":"from","Type":15,"Integer":0,"String":"a","Interface":null}}
2025-08-15T22:13:00.216-0500	DEBUG	protocol/handler.go:1591	have processed broadcast	{"{round 20 3  <nil>}": {"Key":"from","Type":15,"Integer":0,"String":"b","Interface":null}}
2025-08-15T22:13:00.216-0500	DEBUG	protocol/handler.go:1591	have processed broadcast	{"{round 20 3  <nil>}": {"Key":"from","Type":15,"Integer":0,"String":"c","Interface":null}}
2025-08-15T22:13:00.216-0500	DEBUG	protocol/handler.go:1591	have processed broadcast	{"{round 20 3  <nil>}": {"Key":"from","Type":15,"Integer":0,"String":"d","Interface":null}}
2025-08-15T22:13:00.216-0500	DEBUG	protocol/handler.go:1591	have processed broadcast	{"{round 20 3  <nil>}": {"Key":"from","Type":15,"Integer":0,"String":"e","Interface":null}}
2025-08-15T22:13:00.217-0500	DEBUG	protocol/handler.go:1591	have processed broadcast	{"{round 20 3  <nil>}": {"Key":"from","Type":15,"Integer":0,"String":"g","Interface":null}}
2025-08-15T22:13:00.217-0500	DEBUG	protocol/handler.go:1649	have all messages and processed	{"{round 20 3  <nil>}": {"Key":"self","Type":15,"Integer":0,"String":"f","Interface":null}}
2025-08-15T22:13:00.217-0500	DEBUG	protocol/handler.go:596	round already finalized
2025-08-15T22:13:00.218-0500	DEBUG	protocol/handler.go:403	worker stopping
2025-08-15T22:13:00.218-0500	DEBUG	protocol/handler.go:403	worker stopping
2025-08-15T22:13:00.218-0500	DEBUG	protocol/handler.go:403	worker stopping
2025-08-15T22:13:00.218-0500	DEBUG	protocol/handler.go:403	worker stopping
2025-08-15T22:13:00.218-0500	DEBUG	protocol/handler.go:403	worker stopping
2025-08-15T22:13:00.218-0500	DEBUG	protocol/handler.go:403	worker stopping
2025-08-15T22:13:00.218-0500	DEBUG	protocol/handler.go:403	worker stopping
2025-08-15T22:13:00.218-0500	DEBUG	protocol/handler.go:403	worker stopping
2025-08-15T22:13:00.229-0500	DEBUG	protocol/handler.go:581	tryAdvanceRound called	{"{current_round 20 3  <nil>}": {"Key":"self","Type":15,"Integer":0,"String":"f","Interface":null}}
2025-08-15T22:13:00.230-0500	DEBUG	protocol/handler.go:1591	have processed broadcast	{"{round 20 3  <nil>}": {"Key":"from","Type":15,"Integer":0,"String":"a","Interface":null}}
2025-08-15T22:13:00.230-0500	DEBUG	protocol/handler.go:1591	have processed broadcast	{"{round 20 3  <nil>}": {"Key":"from","Type":15,"Integer":0,"String":"b","Interface":null}}
2025-08-15T22:13:00.230-0500	DEBUG	protocol/handler.go:1591	have processed broadcast	{"{round 20 3  <nil>}": {"Key":"from","Type":15,"Integer":0,"String":"c","Interface":null}}
2025-08-15T22:13:00.230-0500	DEBUG	protocol/handler.go:1591	have processed broadcast	{"{round 20 3  <nil>}": {"Key":"from","Type":15,"Integer":0,"String":"d","Interface":null}}
2025-08-15T22:13:00.230-0500	DEBUG	protocol/handler.go:1591	have processed broadcast	{"{round 20 3  <nil>}": {"Key":"from","Type":15,"Integer":0,"String":"e","Interface":null}}
2025-08-15T22:13:00.230-0500	DEBUG	protocol/handler.go:1591	have processed broadcast	{"{round 20 3  <nil>}": {"Key":"from","Type":15,"Integer":0,"String":"g","Interface":null}}
2025-08-15T22:13:00.230-0500	DEBUG	protocol/handler.go:1649	have all messages and processed	{"{round 20 3  <nil>}": {"Key":"self","Type":15,"Integer":0,"String":"f","Interface":null}}
2025-08-15T22:13:00.231-0500	DEBUG	protocol/handler.go:596	round already finalized
2025-08-15T22:13:00.231-0500	DEBUG	protocol/handler.go:403	worker stopping
2025-08-15T22:13:00.231-0500	DEBUG	protocol/handler.go:403	worker stopping
2025-08-15T22:13:00.231-0500	DEBUG	protocol/handler.go:403	worker stopping
2025-08-15T22:13:00.231-0500	DEBUG	protocol/handler.go:403	worker stopping
2025-08-15T22:13:00.231-0500	DEBUG	protocol/handler.go:403	worker stopping
2025-08-15T22:13:00.231-0500	DEBUG	protocol/handler.go:403	worker stopping
2025-08-15T22:13:00.231-0500	DEBUG	protocol/handler.go:403	worker stopping
2025-08-15T22:13:00.231-0500	DEBUG	protocol/handler.go:403	worker stopping
2025-08-15T22:13:00.231-0500	INFO	protocol/handler.go:787	protocol completed successfully
2025-08-15T22:13:00.231-0500	DEBUG	protocol/handler.go:403	worker stopping
2025-08-15T22:13:00.232-0500	DEBUG	protocol/handler.go:403	worker stopping
2025-08-15T22:13:00.232-0500	DEBUG	protocol/handler.go:403	worker stopping
2025-08-15T22:13:00.232-0500	DEBUG	protocol/handler.go:403	worker stopping
2025-08-15T22:13:00.232-0500	DEBUG	protocol/handler.go:403	worker stopping
2025-08-15T22:13:00.232-0500	DEBUG	protocol/handler.go:403	worker stopping
2025-08-15T22:13:00.232-0500	DEBUG	protocol/handler.go:403	worker stopping
2025-08-15T22:13:00.232-0500	DEBUG	protocol/handler.go:403	worker stopping
2025-08-15T22:13:00.236-0500	DEBUG	protocol/handler.go:581	tryAdvanceRound called	{"{current_round 20 3  <nil>}": {"Key":"self","Type":15,"Integer":0,"String":"f","Interface":null}}
2025-08-15T22:13:00.236-0500	DEBUG	protocol/handler.go:1591	have processed broadcast	{"{round 20 3  <nil>}": {"Key":"from","Type":15,"Integer":0,"String":"a","Interface":null}}
2025-08-15T22:13:00.236-0500	DEBUG	protocol/handler.go:1591	have processed broadcast	{"{round 20 3  <nil>}": {"Key":"from","Type":15,"Integer":0,"String":"b","Interface":null}}
2025-08-15T22:13:00.236-0500	DEBUG	protocol/handler.go:1591	have processed broadcast	{"{round 20 3  <nil>}": {"Key":"from","Type":15,"Integer":0,"String":"c","Interface":null}}
2025-08-15T22:13:00.237-0500	DEBUG	protocol/handler.go:1591	have processed broadcast	{"{round 20 3  <nil>}": {"Key":"from","Type":15,"Integer":0,"String":"d","Interface":null}}
2025-08-15T22:13:00.237-0500	DEBUG	protocol/handler.go:1591	have processed broadcast	{"{round 20 3  <nil>}": {"Key":"from","Type":15,"Integer":0,"String":"e","Interface":null}}
2025-08-15T22:13:00.237-0500	DEBUG	protocol/handler.go:1591	have processed broadcast	{"{round 20 3  <nil>}": {"Key":"from","Type":15,"Integer":0,"String":"g","Interface":null}}
2025-08-15T22:13:00.237-0500	DEBUG	protocol/handler.go:1649	have all messages and processed	{"{round 20 3  <nil>}": {"Key":"self","Type":15,"Integer":0,"String":"f","Interface":null}}
2025-08-15T22:13:00.237-0500	DEBUG	protocol/handler.go:596	round already finalized
2025-08-15T22:13:00.238-0500	DEBUG	protocol/handler.go:1591	have processed broadcast	{"{round 20 3  <nil>}": {"Key":"from","Type":15,"Integer":0,"String":"a","Interface":null}}
2025-08-15T22:13:00.238-0500	DEBUG	protocol/handler.go:1591	have processed broadcast	{"{round 20 3  <nil>}": {"Key":"from","Type":15,"Integer":0,"String":"b","Interface":null}}
2025-08-15T22:13:00.238-0500	DEBUG	protocol/handler.go:1591	have processed broadcast	{"{round 20 3  <nil>}": {"Key":"from","Type":15,"Integer":0,"String":"d","Interface":null}}
2025-08-15T22:13:00.238-0500	DEBUG	protocol/handler.go:1591	have processed broadcast	{"{round 20 3  <nil>}": {"Key":"from","Type":15,"Integer":0,"String":"e","Interface":null}}
2025-08-15T22:13:00.238-0500	DEBUG	protocol/handler.go:1591	have processed broadcast	{"{round 20 3  <nil>}": {"Key":"from","Type":15,"Integer":0,"String":"f","Interface":null}}
2025-08-15T22:13:00.238-0500	DEBUG	protocol/handler.go:1591	have processed broadcast	{"{round 20 3  <nil>}": {"Key":"from","Type":15,"Integer":0,"String":"g","Interface":null}}
2025-08-15T22:13:00.238-0500	DEBUG	protocol/handler.go:1649	have all messages and processed	{"{round 20 3  <nil>}": {"Key":"self","Type":15,"Integer":0,"String":"c","Interface":null}}
2025-08-15T22:13:00.238-0500	DEBUG	protocol/handler.go:596	round already finalized
2025-08-15T22:13:00.239-0500	DEBUG	protocol/handler.go:403	worker stopping
2025-08-15T22:13:00.239-0500	DEBUG	protocol/handler.go:403	worker stopping
2025-08-15T22:13:00.239-0500	DEBUG	protocol/handler.go:403	worker stopping
2025-08-15T22:13:00.239-0500	DEBUG	protocol/handler.go:403	worker stopping
2025-08-15T22:13:00.239-0500	DEBUG	protocol/handler.go:403	worker stopping
2025-08-15T22:13:00.239-0500	DEBUG	protocol/handler.go:403	worker stopping
2025-08-15T22:13:00.239-0500	DEBUG	protocol/handler.go:403	worker stopping
2025-08-15T22:13:00.239-0500	DEBUG	protocol/handler.go:403	worker stopping
2025-08-15T22:13:00.241-0500	DEBUG	protocol/handler.go:403	worker stopping
2025-08-15T22:13:00.242-0500	DEBUG	protocol/handler.go:403	worker stopping
2025-08-15T22:13:00.242-0500	DEBUG	protocol/handler.go:403	worker stopping
2025-08-15T22:13:00.242-0500	DEBUG	protocol/handler.go:403	worker stopping
2025-08-15T22:13:00.242-0500	DEBUG	protocol/handler.go:403	worker stopping
2025-08-15T22:13:00.242-0500	DEBUG	protocol/handler.go:403	worker stopping
2025-08-15T22:13:00.242-0500	DEBUG	protocol/handler.go:403	worker stopping
2025-08-15T22:13:00.242-0500	DEBUG	protocol/handler.go:403	worker stopping
2025-08-15T22:13:00.245-0500	DEBUG	protocol/handler.go:581	tryAdvanceRound called	{"{current_round 20 3  <nil>}": {"Key":"self","Type":15,"Integer":0,"String":"f","Interface":null}}
2025-08-15T22:13:00.245-0500	DEBUG	protocol/handler.go:1591	have processed broadcast	{"{round 20 3  <nil>}": {"Key":"from","Type":15,"Integer":0,"String":"a","Interface":null}}
2025-08-15T22:13:00.246-0500	DEBUG	protocol/handler.go:1591	have processed broadcast	{"{round 20 3  <nil>}": {"Key":"from","Type":15,"Integer":0,"String":"b","Interface":null}}
2025-08-15T22:13:00.246-0500	DEBUG	protocol/handler.go:1591	have processed broadcast	{"{round 20 3  <nil>}": {"Key":"from","Type":15,"Integer":0,"String":"c","Interface":null}}
2025-08-15T22:13:00.246-0500	DEBUG	protocol/handler.go:1591	have processed broadcast	{"{round 20 3  <nil>}": {"Key":"from","Type":15,"Integer":0,"String":"d","Interface":null}}
2025-08-15T22:13:00.246-0500	DEBUG	protocol/handler.go:1591	have processed broadcast	{"{round 20 3  <nil>}": {"Key":"from","Type":15,"Integer":0,"String":"e","Interface":null}}
2025-08-15T22:13:00.246-0500	DEBUG	protocol/handler.go:1591	have processed broadcast	{"{round 20 3  <nil>}": {"Key":"from","Type":15,"Integer":0,"String":"g","Interface":null}}
2025-08-15T22:13:00.246-0500	DEBUG	protocol/handler.go:1649	have all messages and processed	{"{round 20 3  <nil>}": {"Key":"self","Type":15,"Integer":0,"String":"f","Interface":null}}
2025-08-15T22:13:00.246-0500	DEBUG	protocol/handler.go:596	round already finalized
2025-08-15T22:13:00.259-0500	DEBUG	protocol/handler.go:581	tryAdvanceRound called	{"{current_round 20 3  <nil>}": {"Key":"self","Type":15,"Integer":0,"String":"f","Interface":null}}
2025-08-15T22:13:00.259-0500	DEBUG	protocol/handler.go:1591	have processed broadcast	{"{round 20 3  <nil>}": {"Key":"from","Type":15,"Integer":0,"String":"a","Interface":null}}
2025-08-15T22:13:00.259-0500	DEBUG	protocol/handler.go:1591	have processed broadcast	{"{round 20 3  <nil>}": {"Key":"from","Type":15,"Integer":0,"String":"b","Interface":null}}
2025-08-15T22:13:00.259-0500	DEBUG	protocol/handler.go:1591	have processed broadcast	{"{round 20 3  <nil>}": {"Key":"from","Type":15,"Integer":0,"String":"c","Interface":null}}
2025-08-15T22:13:00.259-0500	DEBUG	protocol/handler.go:1591	have processed broadcast	{"{round 20 3  <nil>}": {"Key":"from","Type":15,"Integer":0,"String":"d","Interface":null}}
2025-08-15T22:13:00.259-0500	DEBUG	protocol/handler.go:1591	have processed broadcast	{"{round 20 3  <nil>}": {"Key":"from","Type":15,"Integer":0,"String":"e","Interface":null}}
2025-08-15T22:13:00.259-0500	DEBUG	protocol/handler.go:1591	have processed broadcast	{"{round 20 3  <nil>}": {"Key":"from","Type":15,"Integer":0,"String":"g","Interface":null}}
2025-08-15T22:13:00.259-0500	DEBUG	protocol/handler.go:1649	have all messages and processed	{"{round 20 3  <nil>}": {"Key":"self","Type":15,"Integer":0,"String":"f","Interface":null}}
2025-08-15T22:13:00.259-0500	DEBUG	protocol/handler.go:596	round already finalized
2025-08-15T22:13:00.270-0500	DEBUG	protocol/handler.go:581	tryAdvanceRound called	{"{current_round 20 3  <nil>}": {"Key":"self","Type":15,"Integer":0,"String":"f","Interface":null}}
2025-08-15T22:13:00.270-0500	DEBUG	protocol/handler.go:1591	have processed broadcast	{"{round 20 3  <nil>}": {"Key":"from","Type":15,"Integer":0,"String":"a","Interface":null}}
2025-08-15T22:13:00.270-0500	DEBUG	protocol/handler.go:1591	have processed broadcast	{"{round 20 3  <nil>}": {"Key":"from","Type":15,"Integer":0,"String":"b","Interface":null}}
2025-08-15T22:13:00.270-0500	DEBUG	protocol/handler.go:1591	have processed broadcast	{"{round 20 3  <nil>}": {"Key":"from","Type":15,"Integer":0,"String":"c","Interface":null}}
2025-08-15T22:13:00.270-0500	DEBUG	protocol/handler.go:1591	have processed broadcast	{"{round 20 3  <nil>}": {"Key":"from","Type":15,"Integer":0,"String":"d","Interface":null}}
2025-08-15T22:13:00.270-0500	DEBUG	protocol/handler.go:1591	have processed broadcast	{"{round 20 3  <nil>}": {"Key":"from","Type":15,"Integer":0,"String":"e","Interface":null}}
2025-08-15T22:13:00.270-0500	DEBUG	protocol/handler.go:1591	have processed broadcast	{"{round 20 3  <nil>}": {"Key":"from","Type":15,"Integer":0,"String":"g","Interface":null}}
2025-08-15T22:13:00.270-0500	DEBUG	protocol/handler.go:1649	have all messages and processed	{"{round 20 3  <nil>}": {"Key":"self","Type":15,"Integer":0,"String":"f","Interface":null}}
2025-08-15T22:13:00.270-0500	DEBUG	protocol/handler.go:596	round already finalized
2025-08-15T22:13:00.275-0500	DEBUG	protocol/handler.go:1182	finalized round messages	{"{round 20 3  <nil>}": {"Key":"messages","Type":11,"Integer":0,"String":"","Interface":null}}
2025-08-15T22:13:00.275-0500	INFO	protocol/handler.go:1211	protocol completed	{"{self 15 0 f <nil>}": {"Key":"final_round","Type":20,"Integer":3,"String":"","Interface":null}}
2025-08-15T22:13:00.275-0500	DEBUG	protocol/handler.go:624	finalizeRound returned nil
2025-08-15T22:13:00.275-0500	INFO	protocol/handler.go:787	protocol completed successfully
2025-08-15T22:13:00.278-0500	INFO	protocol/handler.go:240	starting protocol handler	{"{protocol 15 0 frost/sign-threshold <nil>}": {"Key":"workers","Type":11,"Integer":4,"String":"","Interface":null}, "{parties 11 6  <nil>}": {"Key":"threshold","Type":11,"Integer":5,"String":"","Interface":null}}
2025-08-15T22:13:00.278-0500	DEBUG	protocol/handler.go:348	starting worker pools	{"{workers 11 4  <nil>}": {"Key":"priority","Type":11,"Integer":4,"String":"","Interface":null}}
2025-08-15T22:13:00.278-0500	DEBUG	protocol/handler.go:930	initializing round
2025-08-15T22:13:00.278-0500	DEBUG	protocol/handler.go:1503	processing queued messages
2025-08-15T22:13:00.278-0500	DEBUG	protocol/handler.go:391	worker started	{"{id 11 0  <nil>}": {"Key":"priority","Type":4,"Integer":0,"String":"","Interface":null}}
2025-08-15T22:13:00.278-0500	DEBUG	protocol/handler.go:391	worker started	{"{id 11 2  <nil>}": {"Key":"priority","Type":4,"Integer":0,"String":"","Interface":null}}
2025-08-15T22:13:00.278-0500	DEBUG	protocol/handler.go:391	worker started	{"{id 11 3  <nil>}": {"Key":"priority","Type":4,"Integer":0,"String":"","Interface":null}}
2025-08-15T22:13:00.278-0500	DEBUG	protocol/handler.go:391	worker started	{"{id 11 1  <nil>}": {"Key":"priority","Type":4,"Integer":0,"String":"","Interface":null}}
2025-08-15T22:13:00.278-0500	DEBUG	protocol/handler.go:391	worker started	{"{id 11 1  <nil>}": {"Key":"priority","Type":4,"Integer":1,"String":"","Interface":null}}
2025-08-15T22:13:00.278-0500	DEBUG	protocol/handler.go:391	worker started	{"{id 11 2  <nil>}": {"Key":"priority","Type":4,"Integer":1,"String":"","Interface":null}}
2025-08-15T22:13:00.278-0500	DEBUG	protocol/handler.go:391	worker started	{"{id 11 3  <nil>}": {"Key":"priority","Type":4,"Integer":1,"String":"","Interface":null}}
2025-08-15T22:13:00.278-0500	DEBUG	protocol/handler.go:391	worker started	{"{id 11 0  <nil>}": {"Key":"priority","Type":4,"Integer":1,"String":"","Interface":null}}
2025-08-15T22:13:00.279-0500	INFO	protocol/handler.go:240	starting protocol handler	{"{protocol 15 0 frost/sign-threshold <nil>}": {"Key":"workers","Type":11,"Integer":4,"String":"","Interface":null}, "{parties 11 6  <nil>}": {"Key":"threshold","Type":11,"Integer":5,"String":"","Interface":null}}
2025-08-15T22:13:00.279-0500	DEBUG	protocol/handler.go:348	starting worker pools	{"{workers 11 4  <nil>}": {"Key":"priority","Type":11,"Integer":4,"String":"","Interface":null}}
2025-08-15T22:13:00.279-0500	DEBUG	protocol/handler.go:391	worker started	{"{id 11 0  <nil>}": {"Key":"priority","Type":4,"Integer":0,"String":"","Interface":null}}
2025-08-15T22:13:00.279-0500	DEBUG	protocol/handler.go:391	worker started	{"{id 11 1  <nil>}": {"Key":"priority","Type":4,"Integer":0,"String":"","Interface":null}}
2025-08-15T22:13:00.279-0500	DEBUG	protocol/handler.go:391	worker started	{"{id 11 2  <nil>}": {"Key":"priority","Type":4,"Integer":0,"String":"","Interface":null}}
2025-08-15T22:13:00.279-0500	DEBUG	protocol/handler.go:391	worker started	{"{id 11 3  <nil>}": {"Key":"priority","Type":4,"Integer":0,"String":"","Interface":null}}
2025-08-15T22:13:00.279-0500	DEBUG	protocol/handler.go:391	worker started	{"{id 11 0  <nil>}": {"Key":"priority","Type":4,"Integer":1,"String":"","Interface":null}}
2025-08-15T22:13:00.279-0500	DEBUG	protocol/handler.go:391	worker started	{"{id 11 2  <nil>}": {"Key":"priority","Type":4,"Integer":1,"String":"","Interface":null}}
2025-08-15T22:13:00.279-0500	DEBUG	protocol/handler.go:391	worker started	{"{id 11 1  <nil>}": {"Key":"priority","Type":4,"Integer":1,"String":"","Interface":null}}
2025-08-15T22:13:00.279-0500	DEBUG	protocol/handler.go:391	worker started	{"{id 11 3  <nil>}": {"Key":"priority","Type":4,"Integer":1,"String":"","Interface":null}}
2025-08-15T22:13:00.279-0500	DEBUG	protocol/handler.go:930	initializing round
2025-08-15T22:13:00.279-0500	DEBUG	protocol/handler.go:1503	processing queued messages
2025-08-15T22:13:00.298-0500	INFO	protocol/handler.go:560	advanced to round
2025-08-15T22:13:00.298-0500	DEBUG	protocol/handler.go:581	tryAdvanceRound called	{"{current_round 20 1  <nil>}": {"Key":"self","Type":15,"Integer":0,"String":"a","Interface":null}}
2025-08-15T22:13:00.298-0500	DEBUG	protocol/handler.go:1649	have all messages and processed	{"{round 20 1  <nil>}": {"Key":"self","Type":15,"Integer":0,"String":"a","Interface":null}}
2025-08-15T22:13:00.298-0500	DEBUG	protocol/handler.go:619	finalizing round
2025-08-15T22:13:00.297-0500	INFO	protocol/handler.go:240	starting protocol handler	{"{protocol 15 0 frost/sign-threshold <nil>}": {"Key":"workers","Type":11,"Integer":4,"String":"","Interface":null}, "{parties 11 6  <nil>}": {"Key":"threshold","Type":11,"Integer":5,"String":"","Interface":null}}
2025-08-15T22:13:00.298-0500	INFO	protocol/handler.go:560	advanced to round
2025-08-15T22:13:00.298-0500	DEBUG	protocol/handler.go:581	tryAdvanceRound called	{"{current_round 20 1  <nil>}": {"Key":"self","Type":15,"Integer":0,"String":"b","Interface":null}}
2025-08-15T22:13:00.298-0500	DEBUG	protocol/handler.go:954	round already being initialized/finalized, skipping
2025-08-15T22:13:00.298-0500	DEBUG	protocol/handler.go:348	starting worker pools	{"{workers 11 4  <nil>}": {"Key":"priority","Type":11,"Integer":4,"String":"","Interface":null}}
2025-08-15T22:13:00.298-0500	DEBUG	protocol/handler.go:391	worker started	{"{id 11 1  <nil>}": {"Key":"priority","Type":4,"Integer":0,"String":"","Interface":null}}
2025-08-15T22:13:00.299-0500	DEBUG	protocol/handler.go:391	worker started	{"{id 11 2  <nil>}": {"Key":"priority","Type":4,"Integer":0,"String":"","Interface":null}}
2025-08-15T22:13:00.299-0500	DEBUG	protocol/handler.go:391	worker started	{"{id 11 0  <nil>}": {"Key":"priority","Type":4,"Integer":1,"String":"","Interface":null}}
2025-08-15T22:13:00.299-0500	DEBUG	protocol/handler.go:391	worker started	{"{id 11 3  <nil>}": {"Key":"priority","Type":4,"Integer":0,"String":"","Interface":null}}
2025-08-15T22:13:00.299-0500	DEBUG	protocol/handler.go:391	worker started	{"{id 11 1  <nil>}": {"Key":"priority","Type":4,"Integer":1,"String":"","Interface":null}}
2025-08-15T22:13:00.299-0500	DEBUG	protocol/handler.go:391	worker started	{"{id 11 0  <nil>}": {"Key":"priority","Type":4,"Integer":0,"String":"","Interface":null}}
2025-08-15T22:13:00.299-0500	DEBUG	protocol/handler.go:391	worker started	{"{id 11 3  <nil>}": {"Key":"priority","Type":4,"Integer":1,"String":"","Interface":null}}
2025-08-15T22:13:00.299-0500	DEBUG	protocol/handler.go:391	worker started	{"{id 11 2  <nil>}": {"Key":"priority","Type":4,"Integer":1,"String":"","Interface":null}}
2025-08-15T22:13:00.299-0500	DEBUG	protocol/handler.go:930	initializing round
2025-08-15T22:13:00.299-0500	DEBUG	protocol/handler.go:1503	processing queued messages
2025-08-15T22:13:00.300-0500	INFO	protocol/handler.go:240	starting protocol handler	{"{protocol 15 0 frost/sign-threshold <nil>}": {"Key":"workers","Type":11,"Integer":4,"String":"","Interface":null}, "{parties 11 6  <nil>}": {"Key":"threshold","Type":11,"Integer":5,"String":"","Interface":null}}
2025-08-15T22:13:00.300-0500	DEBUG	protocol/handler.go:348	starting worker pools	{"{workers 11 4  <nil>}": {"Key":"priority","Type":11,"Integer":4,"String":"","Interface":null}}
2025-08-15T22:13:00.300-0500	DEBUG	protocol/handler.go:391	worker started	{"{id 11 1  <nil>}": {"Key":"priority","Type":4,"Integer":0,"String":"","Interface":null}}
2025-08-15T22:13:00.301-0500	DEBUG	protocol/handler.go:391	worker started	{"{id 11 0  <nil>}": {"Key":"priority","Type":4,"Integer":0,"String":"","Interface":null}}
2025-08-15T22:13:00.301-0500	DEBUG	protocol/handler.go:391	worker started	{"{id 11 2  <nil>}": {"Key":"priority","Type":4,"Integer":0,"String":"","Interface":null}}
2025-08-15T22:13:00.301-0500	DEBUG	protocol/handler.go:391	worker started	{"{id 11 0  <nil>}": {"Key":"priority","Type":4,"Integer":1,"String":"","Interface":null}}
2025-08-15T22:13:00.301-0500	DEBUG	protocol/handler.go:391	worker started	{"{id 11 3  <nil>}": {"Key":"priority","Type":4,"Integer":0,"String":"","Interface":null}}
2025-08-15T22:13:00.301-0500	DEBUG	protocol/handler.go:391	worker started	{"{id 11 2  <nil>}": {"Key":"priority","Type":4,"Integer":1,"String":"","Interface":null}}
2025-08-15T22:13:00.301-0500	DEBUG	protocol/handler.go:391	worker started	{"{id 11 3  <nil>}": {"Key":"priority","Type":4,"Integer":1,"String":"","Interface":null}}
2025-08-15T22:13:00.301-0500	DEBUG	protocol/handler.go:391	worker started	{"{id 11 1  <nil>}": {"Key":"priority","Type":4,"Integer":1,"String":"","Interface":null}}
2025-08-15T22:13:00.301-0500	DEBUG	protocol/handler.go:930	initializing round
2025-08-15T22:13:00.301-0500	DEBUG	protocol/handler.go:1503	processing queued messages
2025-08-15T22:13:00.301-0500	INFO	protocol/handler.go:240	starting protocol handler	{"{protocol 15 0 frost/sign-threshold <nil>}": {"Key":"workers","Type":11,"Integer":4,"String":"","Interface":null}, "{parties 11 6  <nil>}": {"Key":"threshold","Type":11,"Integer":5,"String":"","Interface":null}}
2025-08-15T22:13:00.301-0500	DEBUG	protocol/handler.go:348	starting worker pools	{"{workers 11 4  <nil>}": {"Key":"priority","Type":11,"Integer":4,"String":"","Interface":null}}
2025-08-15T22:13:00.301-0500	DEBUG	protocol/handler.go:391	worker started	{"{id 11 0  <nil>}": {"Key":"priority","Type":4,"Integer":0,"String":"","Interface":null}}
2025-08-15T22:13:00.301-0500	DEBUG	protocol/handler.go:391	worker started	{"{id 11 2  <nil>}": {"Key":"priority","Type":4,"Integer":0,"String":"","Interface":null}}
2025-08-15T22:13:00.302-0500	DEBUG	protocol/handler.go:391	worker started	{"{id 11 3  <nil>}": {"Key":"priority","Type":4,"Integer":0,"String":"","Interface":null}}
2025-08-15T22:13:00.302-0500	DEBUG	protocol/handler.go:391	worker started	{"{id 11 0  <nil>}": {"Key":"priority","Type":4,"Integer":1,"String":"","Interface":null}}
2025-08-15T22:13:00.302-0500	DEBUG	protocol/handler.go:391	worker started	{"{id 11 1  <nil>}": {"Key":"priority","Type":4,"Integer":1,"String":"","Interface":null}}
2025-08-15T22:13:00.302-0500	DEBUG	protocol/handler.go:391	worker started	{"{id 11 1  <nil>}": {"Key":"priority","Type":4,"Integer":0,"String":"","Interface":null}}
2025-08-15T22:13:00.302-0500	DEBUG	protocol/handler.go:391	worker started	{"{id 11 2  <nil>}": {"Key":"priority","Type":4,"Integer":1,"String":"","Interface":null}}
2025-08-15T22:13:00.302-0500	DEBUG	protocol/handler.go:391	worker started	{"{id 11 3  <nil>}": {"Key":"priority","Type":4,"Integer":1,"String":"","Interface":null}}
2025-08-15T22:13:00.302-0500	DEBUG	protocol/handler.go:930	initializing round
2025-08-15T22:13:00.302-0500	DEBUG	protocol/handler.go:1503	processing queued messages
2025-08-15T22:13:00.303-0500	INFO	protocol/handler.go:240	starting protocol handler	{"{protocol 15 0 frost/sign-threshold <nil>}": {"Key":"workers","Type":11,"Integer":4,"String":"","Interface":null}, "{parties 11 6  <nil>}": {"Key":"threshold","Type":11,"Integer":5,"String":"","Interface":null}}
2025-08-15T22:13:00.303-0500	DEBUG	protocol/handler.go:348	starting worker pools	{"{workers 11 4  <nil>}": {"Key":"priority","Type":11,"Integer":4,"String":"","Interface":null}}
2025-08-15T22:13:00.303-0500	DEBUG	protocol/handler.go:1039	sendRoundMessage	{"{from 15 0 b <nil>}": {"Key":"to","Type":15,"Integer":0,"String":"","Interface":null}, "{round 20 2  <nil>}": {"Key":"broadcast","Type":4,"Integer":1,"String":"","Interface":null}}
2025-08-15T22:13:00.304-0500	DEBUG	protocol/handler.go:1039	sendRoundMessage	{"{from 15 0 a <nil>}": {"Key":"to","Type":15,"Integer":0,"String":"","Interface":null}, "{round 20 2  <nil>}": {"Key":"broadcast","Type":4,"Integer":1,"String":"","Interface":null}}
2025-08-15T22:13:00.304-0500	DEBUG	protocol/handler.go:1657	storing broadcast	{"{round 20 2  <nil>}": {"Key":"from","Type":15,"Integer":0,"String":"b","Interface":null}}
2025-08-15T22:13:00.304-0500	DEBUG	protocol/handler.go:1657	storing broadcast	{"{round 20 2  <nil>}": {"Key":"from","Type":15,"Integer":0,"String":"a","Interface":null}}
2025-08-15T22:13:00.304-0500	DEBUG	protocol/handler.go:1081	sent message to output channel	{"{from 15 0 b <nil>}": {"Key":"to","Type":15,"Integer":0,"String":"","Interface":null}, "{round 20 2  <nil>}": {"Key":"broadcast","Type":4,"Integer":1,"String":"","Interface":null}}
2025-08-15T22:13:00.304-0500	DEBUG	protocol/handler.go:1081	sent message to output channel	{"{from 15 0 a <nil>}": {"Key":"to","Type":15,"Integer":0,"String":"","Interface":null}, "{round 20 2  <nil>}": {"Key":"broadcast","Type":4,"Integer":1,"String":"","Interface":null}}
2025-08-15T22:13:00.304-0500	DEBUG	protocol/handler.go:1182	finalized round messages	{"{round 20 1  <nil>}": {"Key":"messages","Type":11,"Integer":1,"String":"","Interface":null}}
2025-08-15T22:13:00.304-0500	DEBUG	protocol/handler.go:1239	finalize returned next round	{"{current 20 1  <nil>}": {"Key":"next","Type":20,"Integer":2,"String":"","Interface":null}}
2025-08-15T22:13:00.304-0500	INFO	protocol/handler.go:642	storing new currentRound	{"{from 20 1  <nil>}": {"Key":"to","Type":20,"Integer":2,"String":"","Interface":null}}
2025-08-15T22:13:00.305-0500	DEBUG	protocol/handler.go:1503	processing queued messages
2025-08-15T22:13:00.305-0500	INFO	protocol/handler.go:560	advanced to round
2025-08-15T22:13:00.305-0500	DEBUG	protocol/handler.go:581	tryAdvanceRound called	{"{current_round 20 2  <nil>}": {"Key":"self","Type":15,"Integer":0,"String":"a","Interface":null}}
2025-08-15T22:13:00.305-0500	DEBUG	protocol/handler.go:1600	waiting for broadcasts	{"{round 20 2  <nil>}": {"Key":"missing","Type":15,"Integer":0,"String":"[b c d e f]","Interface":null}}
2025-08-15T22:13:00.305-0500	DEBUG	protocol/handler.go:1503	processing queued messages
2025-08-15T22:13:00.304-0500	DEBUG	protocol/handler.go:989	generated messages	{"{round 20 1  <nil>}": {"Key":"count","Type":11,"Integer":1,"String":"","Interface":null}}
2025-08-15T22:13:00.305-0500	INFO	protocol/handler.go:1000	stored next round after initialization	{"{from 20 1  <nil>}": {"Key":"next","Type":20,"Integer":2,"String":"","Interface":null}}
2025-08-15T22:13:00.298-0500	DEBUG	protocol/handler.go:1649	have all messages and processed	{"{round 20 1  <nil>}": {"Key":"self","Type":15,"Integer":0,"String":"b","Interface":null}}
2025-08-15T22:13:00.309-0500	DEBUG	protocol/handler.go:596	round already finalized
2025-08-15T22:13:00.309-0500	INFO	protocol/handler.go:611	advancing to next round (already initialized)	{"{from 20 1  <nil>}": {"Key":"to","Type":20,"Integer":2,"String":"","Interface":null}}
2025-08-15T22:13:00.309-0500	INFO	protocol/handler.go:560	advanced to round
2025-08-15T22:13:00.309-0500	DEBUG	protocol/handler.go:581	tryAdvanceRound called	{"{current_round 20 1  <nil>}": {"Key":"self","Type":15,"Integer":0,"String":"c","Interface":null}}
2025-08-15T22:13:00.309-0500	DEBUG	protocol/handler.go:1649	have all messages and processed	{"{round 20 1  <nil>}": {"Key":"self","Type":15,"Integer":0,"String":"c","Interface":null}}
2025-08-15T22:13:00.310-0500	DEBUG	protocol/handler.go:619	finalizing round
2025-08-15T22:13:00.310-0500	DEBUG	protocol/handler.go:581	tryAdvanceRound called	{"{current_round 20 2  <nil>}": {"Key":"self","Type":15,"Integer":0,"String":"a","Interface":null}}
2025-08-15T22:13:00.310-0500	DEBUG	protocol/handler.go:1600	waiting for broadcasts	{"{round 20 2  <nil>}": {"Key":"missing","Type":15,"Integer":0,"String":"[b c d e f]","Interface":null}}
2025-08-15T22:13:00.309-0500	INFO	protocol/handler.go:560	advanced to round
2025-08-15T22:13:00.310-0500	DEBUG	protocol/handler.go:581	tryAdvanceRound called	{"{current_round 20 2  <nil>}": {"Key":"self","Type":15,"Integer":0,"String":"b","Interface":null}}
2025-08-15T22:13:00.310-0500	DEBUG	protocol/handler.go:1600	waiting for broadcasts	{"{round 20 2  <nil>}": {"Key":"missing","Type":15,"Integer":0,"String":"[a c d e f]","Interface":null}}
2025-08-15T22:13:00.311-0500	INFO	protocol/handler.go:560	advanced to round
2025-08-15T22:13:00.311-0500	DEBUG	protocol/handler.go:581	tryAdvanceRound called	{"{current_round 20 1  <nil>}": {"Key":"self","Type":15,"Integer":0,"String":"d","Interface":null}}
2025-08-15T22:13:00.311-0500	DEBUG	protocol/handler.go:1649	have all messages and processed	{"{round 20 1  <nil>}": {"Key":"self","Type":15,"Integer":0,"String":"d","Interface":null}}
2025-08-15T22:13:00.312-0500	DEBUG	protocol/handler.go:1039	sendRoundMessage	{"{from 15 0 c <nil>}": {"Key":"to","Type":15,"Integer":0,"String":"","Interface":null}, "{round 20 2  <nil>}": {"Key":"broadcast","Type":4,"Integer":1,"String":"","Interface":null}}
2025-08-15T22:13:00.311-0500	DEBUG	protocol/handler.go:619	finalizing round
2025-08-15T22:13:00.312-0500	INFO	protocol/handler.go:560	advanced to round
2025-08-15T22:13:00.314-0500	DEBUG	protocol/handler.go:581	tryAdvanceRound called	{"{current_round 20 1  <nil>}": {"Key":"self","Type":15,"Integer":0,"String":"e","Interface":null}}
2025-08-15T22:13:00.315-0500	DEBUG	protocol/handler.go:1657	storing broadcast	{"{round 20 2  <nil>}": {"Key":"from","Type":15,"Integer":0,"String":"c","Interface":null}}
2025-08-15T22:13:00.315-0500	DEBUG	protocol/handler.go:1649	have all messages and processed	{"{round 20 1  <nil>}": {"Key":"self","Type":15,"Integer":0,"String":"e","Interface":null}}
2025-08-15T22:13:00.315-0500	DEBUG	protocol/handler.go:619	finalizing round
2025-08-15T22:13:00.316-0500	DEBUG	protocol/handler.go:1039	sendRoundMessage	{"{from 15 0 d <nil>}": {"Key":"to","Type":15,"Integer":0,"String":"","Interface":null}, "{round 20 2  <nil>}": {"Key":"broadcast","Type":4,"Integer":1,"String":"","Interface":null}}
2025-08-15T22:13:00.315-0500	DEBUG	protocol/handler.go:1081	sent message to output channel	{"{from 15 0 c <nil>}": {"Key":"to","Type":15,"Integer":0,"String":"","Interface":null}, "{round 20 2  <nil>}": {"Key":"broadcast","Type":4,"Integer":1,"String":"","Interface":null}}
2025-08-15T22:13:00.316-0500	DEBUG	protocol/handler.go:1182	finalized round messages	{"{round 20 1  <nil>}": {"Key":"messages","Type":11,"Integer":1,"String":"","Interface":null}}
2025-08-15T22:13:00.316-0500	DEBUG	protocol/handler.go:1239	finalize returned next round	{"{current 20 1  <nil>}": {"Key":"next","Type":20,"Integer":2,"String":"","Interface":null}}
2025-08-15T22:13:00.317-0500	INFO	protocol/handler.go:642	storing new currentRound	{"{from 20 1  <nil>}": {"Key":"to","Type":20,"Integer":2,"String":"","Interface":null}}
2025-08-15T22:13:00.317-0500	DEBUG	protocol/handler.go:1503	processing queued messages
2025-08-15T22:13:00.317-0500	DEBUG	protocol/handler.go:1503	processing queued messages
2025-08-15T22:13:00.318-0500	DEBUG	protocol/handler.go:1039	sendRoundMessage	{"{from 15 0 e <nil>}": {"Key":"to","Type":15,"Integer":0,"String":"","Interface":null}, "{round 20 2  <nil>}": {"Key":"broadcast","Type":4,"Integer":1,"String":"","Interface":null}}
2025-08-15T22:13:00.318-0500	DEBUG	protocol/handler.go:581	tryAdvanceRound called	{"{current_round 20 2  <nil>}": {"Key":"self","Type":15,"Integer":0,"String":"a","Interface":null}}
2025-08-15T22:13:00.319-0500	DEBUG	protocol/handler.go:1600	waiting for broadcasts	{"{round 20 2  <nil>}": {"Key":"missing","Type":15,"Integer":0,"String":"[b c d e f]","Interface":null}}
2025-08-15T22:13:00.319-0500	DEBUG	protocol/handler.go:581	tryAdvanceRound called	{"{current_round 20 2  <nil>}": {"Key":"self","Type":15,"Integer":0,"String":"b","Interface":null}}
2025-08-15T22:13:00.319-0500	DEBUG	protocol/handler.go:1600	waiting for broadcasts	{"{round 20 2  <nil>}": {"Key":"missing","Type":15,"Integer":0,"String":"[a c d e f]","Interface":null}}
2025-08-15T22:13:00.319-0500	INFO	protocol/handler.go:560	advanced to round
2025-08-15T22:13:00.319-0500	DEBUG	protocol/handler.go:581	tryAdvanceRound called	{"{current_round 20 2  <nil>}": {"Key":"self","Type":15,"Integer":0,"String":"c","Interface":null}}
2025-08-15T22:13:00.319-0500	DEBUG	protocol/handler.go:1600	waiting for broadcasts	{"{round 20 2  <nil>}": {"Key":"missing","Type":15,"Integer":0,"String":"[a b d e f]","Interface":null}}
2025-08-15T22:13:00.319-0500	DEBUG	protocol/handler.go:954	round already being initialized/finalized, skipping
2025-08-15T22:13:00.319-0500	DEBUG	protocol/handler.go:1657	storing broadcast	{"{round 20 2  <nil>}": {"Key":"from","Type":15,"Integer":0,"String":"d","Interface":null}}
2025-08-15T22:13:00.319-0500	DEBUG	protocol/handler.go:1081	sent message to output channel	{"{from 15 0 d <nil>}": {"Key":"to","Type":15,"Integer":0,"String":"","Interface":null}, "{round 20 2  <nil>}": {"Key":"broadcast","Type":4,"Integer":1,"String":"","Interface":null}}
2025-08-15T22:13:00.320-0500	DEBUG	protocol/handler.go:1657	storing broadcast	{"{round 20 2  <nil>}": {"Key":"from","Type":15,"Integer":0,"String":"e","Interface":null}}
2025-08-15T22:13:00.320-0500	DEBUG	protocol/handler.go:1081	sent message to output channel	{"{from 15 0 e <nil>}": {"Key":"to","Type":15,"Integer":0,"String":"","Interface":null}, "{round 20 2  <nil>}": {"Key":"broadcast","Type":4,"Integer":1,"String":"","Interface":null}}
2025-08-15T22:13:00.320-0500	DEBUG	protocol/handler.go:1182	finalized round messages	{"{round 20 1  <nil>}": {"Key":"messages","Type":11,"Integer":1,"String":"","Interface":null}}
2025-08-15T22:13:00.320-0500	DEBUG	protocol/handler.go:1239	finalize returned next round	{"{current 20 1  <nil>}": {"Key":"next","Type":20,"Integer":2,"String":"","Interface":null}}
2025-08-15T22:13:00.320-0500	INFO	protocol/handler.go:642	storing new currentRound	{"{from 20 1  <nil>}": {"Key":"to","Type":20,"Integer":2,"String":"","Interface":null}}
2025-08-15T22:13:00.320-0500	DEBUG	protocol/handler.go:1503	processing queued messages
2025-08-15T22:13:00.320-0500	DEBUG	protocol/handler.go:1182	finalized round messages	{"{round 20 1  <nil>}": {"Key":"messages","Type":11,"Integer":1,"String":"","Interface":null}}
2025-08-15T22:13:00.320-0500	DEBUG	protocol/handler.go:1239	finalize returned next round	{"{current 20 1  <nil>}": {"Key":"next","Type":20,"Integer":2,"String":"","Interface":null}}
2025-08-15T22:13:00.320-0500	INFO	protocol/handler.go:642	storing new currentRound	{"{from 20 1  <nil>}": {"Key":"to","Type":20,"Integer":2,"String":"","Interface":null}}
2025-08-15T22:13:00.320-0500	DEBUG	protocol/handler.go:1503	processing queued messages
2025-08-15T22:13:00.320-0500	DEBUG	protocol/handler.go:1503	processing queued messages
2025-08-15T22:13:00.321-0500	DEBUG	protocol/handler.go:1503	processing queued messages
2025-08-15T22:13:00.321-0500	DEBUG	protocol/handler.go:391	worker started	{"{id 11 0  <nil>}": {"Key":"priority","Type":4,"Integer":0,"String":"","Interface":null}}
2025-08-15T22:13:00.321-0500	DEBUG	protocol/handler.go:391	worker started	{"{id 11 1  <nil>}": {"Key":"priority","Type":4,"Integer":0,"String":"","Interface":null}}
2025-08-15T22:13:00.321-0500	DEBUG	protocol/handler.go:391	worker started	{"{id 11 3  <nil>}": {"Key":"priority","Type":4,"Integer":0,"String":"","Interface":null}}
2025-08-15T22:13:00.321-0500	DEBUG	protocol/handler.go:391	worker started	{"{id 11 2  <nil>}": {"Key":"priority","Type":4,"Integer":0,"String":"","Interface":null}}
2025-08-15T22:13:00.321-0500	DEBUG	protocol/handler.go:391	worker started	{"{id 11 1  <nil>}": {"Key":"priority","Type":4,"Integer":1,"String":"","Interface":null}}
2025-08-15T22:13:00.321-0500	DEBUG	protocol/handler.go:391	worker started	{"{id 11 0  <nil>}": {"Key":"priority","Type":4,"Integer":1,"String":"","Interface":null}}
2025-08-15T22:13:00.321-0500	DEBUG	protocol/handler.go:391	worker started	{"{id 11 3  <nil>}": {"Key":"priority","Type":4,"Integer":1,"String":"","Interface":null}}
2025-08-15T22:13:00.321-0500	DEBUG	protocol/handler.go:930	initializing round
2025-08-15T22:13:00.321-0500	DEBUG	protocol/handler.go:1503	processing queued messages
2025-08-15T22:13:00.321-0500	INFO	protocol/handler.go:560	advanced to round
2025-08-15T22:13:00.321-0500	DEBUG	protocol/handler.go:581	tryAdvanceRound called	{"{current_round 20 2  <nil>}": {"Key":"self","Type":15,"Integer":0,"String":"d","Interface":null}}
2025-08-15T22:13:00.321-0500	DEBUG	protocol/handler.go:1600	waiting for broadcasts	{"{round 20 2  <nil>}": {"Key":"missing","Type":15,"Integer":0,"String":"[a b c e f]","Interface":null}}
2025-08-15T22:13:00.321-0500	DEBUG	protocol/handler.go:391	worker started	{"{id 11 2  <nil>}": {"Key":"priority","Type":4,"Integer":1,"String":"","Interface":null}}
2025-08-15T22:13:00.321-0500	DEBUG	protocol/handler.go:954	round already being initialized/finalized, skipping
2025-08-15T22:13:00.321-0500	DEBUG	protocol/handler.go:437	processing message	{"{from 15 0 d <nil>}": {"Key":"to","Type":15,"Integer":0,"String":"","Interface":null}, "{round 20 2  <nil>}": {"Key":"broadcast","Type":4,"Integer":1,"String":"","Interface":null}}
2025-08-15T22:13:00.321-0500	DEBUG	protocol/handler.go:437	processing message	{"{from 15 0 d <nil>}": {"Key":"to","Type":15,"Integer":0,"String":"","Interface":null}, "{round 20 2  <nil>}": {"Key":"broadcast","Type":4,"Integer":1,"String":"","Interface":null}}
2025-08-15T22:13:00.321-0500	DEBUG	protocol/handler.go:1657	storing broadcast	{"{round 20 2  <nil>}": {"Key":"from","Type":15,"Integer":0,"String":"d","Interface":null}}
2025-08-15T22:13:00.321-0500	DEBUG	protocol/handler.go:437	processing message	{"{from 15 0 b <nil>}": {"Key":"to","Type":15,"Integer":0,"String":"","Interface":null}, "{round 20 2  <nil>}": {"Key":"broadcast","Type":4,"Integer":1,"String":"","Interface":null}}
2025-08-15T22:13:00.322-0500	DEBUG	protocol/handler.go:1657	storing broadcast	{"{round 20 2  <nil>}": {"Key":"from","Type":15,"Integer":0,"String":"b","Interface":null}}
2025-08-15T22:13:00.322-0500	DEBUG	protocol/handler.go:437	processing message	{"{from 15 0 b <nil>}": {"Key":"to","Type":15,"Integer":0,"String":"","Interface":null}, "{round 20 2  <nil>}": {"Key":"broadcast","Type":4,"Integer":1,"String":"","Interface":null}}
2025-08-15T22:13:00.322-0500	DEBUG	protocol/handler.go:1657	storing broadcast	{"{round 20 2  <nil>}": {"Key":"from","Type":15,"Integer":0,"String":"b","Interface":null}}
2025-08-15T22:13:00.322-0500	DEBUG	protocol/handler.go:437	processing message	{"{from 15 0 b <nil>}": {"Key":"to","Type":15,"Integer":0,"String":"","Interface":null}, "{round 20 2  <nil>}": {"Key":"broadcast","Type":4,"Integer":1,"String":"","Interface":null}}
2025-08-15T22:13:00.322-0500	DEBUG	protocol/handler.go:1657	storing broadcast	{"{round 20 2  <nil>}": {"Key":"from","Type":15,"Integer":0,"String":"b","Interface":null}}
2025-08-15T22:13:00.322-0500	INFO	protocol/handler.go:560	advanced to round
2025-08-15T22:13:00.322-0500	DEBUG	protocol/handler.go:581	tryAdvanceRound called	{"{current_round 20 2  <nil>}": {"Key":"self","Type":15,"Integer":0,"String":"e","Interface":null}}
2025-08-15T22:13:00.322-0500	DEBUG	protocol/handler.go:1600	waiting for broadcasts	{"{round 20 2  <nil>}": {"Key":"missing","Type":15,"Integer":0,"String":"[a b c d f]","Interface":null}}
2025-08-15T22:13:00.322-0500	DEBUG	protocol/handler.go:437	processing message	{"{from 15 0 b <nil>}": {"Key":"to","Type":15,"Integer":0,"String":"","Interface":null}, "{round 20 2  <nil>}": {"Key":"broadcast","Type":4,"Integer":1,"String":"","Interface":null}}
2025-08-15T22:13:00.322-0500	DEBUG	protocol/handler.go:1657	storing broadcast	{"{round 20 2  <nil>}": {"Key":"from","Type":15,"Integer":0,"String":"b","Interface":null}}
2025-08-15T22:13:00.322-0500	DEBUG	protocol/handler.go:437	processing message	{"{from 15 0 c <nil>}": {"Key":"to","Type":15,"Integer":0,"String":"","Interface":null}, "{round 20 2  <nil>}": {"Key":"broadcast","Type":4,"Integer":1,"String":"","Interface":null}}
2025-08-15T22:13:00.322-0500	DEBUG	protocol/handler.go:437	processing message	{"{from 15 0 d <nil>}": {"Key":"to","Type":15,"Integer":0,"String":"","Interface":null}, "{round 20 2  <nil>}": {"Key":"broadcast","Type":4,"Integer":1,"String":"","Interface":null}}
2025-08-15T22:13:00.322-0500	DEBUG	protocol/handler.go:1657	storing broadcast	{"{round 20 2  <nil>}": {"Key":"from","Type":15,"Integer":0,"String":"d","Interface":null}}
2025-08-15T22:13:00.322-0500	DEBUG	protocol/handler.go:437	processing message	{"{from 15 0 a <nil>}": {"Key":"to","Type":15,"Integer":0,"String":"","Interface":null}, "{round 20 2  <nil>}": {"Key":"broadcast","Type":4,"Integer":1,"String":"","Interface":null}}
2025-08-15T22:13:00.323-0500	DEBUG	protocol/handler.go:1657	storing broadcast	{"{round 20 2  <nil>}": {"Key":"from","Type":15,"Integer":0,"String":"a","Interface":null}}
2025-08-15T22:13:00.323-0500	DEBUG	protocol/handler.go:437	processing message	{"{from 15 0 a <nil>}": {"Key":"to","Type":15,"Integer":0,"String":"","Interface":null}, "{round 20 2  <nil>}": {"Key":"broadcast","Type":4,"Integer":1,"String":"","Interface":null}}
2025-08-15T22:13:00.323-0500	DEBUG	protocol/handler.go:1657	storing broadcast	{"{round 20 2  <nil>}": {"Key":"from","Type":15,"Integer":0,"String":"a","Interface":null}}
2025-08-15T22:13:00.323-0500	DEBUG	protocol/handler.go:437	processing message	{"{from 15 0 d <nil>}": {"Key":"to","Type":15,"Integer":0,"String":"","Interface":null}, "{round 20 2  <nil>}": {"Key":"broadcast","Type":4,"Integer":1,"String":"","Interface":null}}
2025-08-15T22:13:00.323-0500	DEBUG	protocol/handler.go:1657	storing broadcast	{"{round 20 2  <nil>}": {"Key":"from","Type":15,"Integer":0,"String":"d","Interface":null}}
2025-08-15T22:13:00.321-0500	DEBUG	protocol/handler.go:1657	storing broadcast	{"{round 20 2  <nil>}": {"Key":"from","Type":15,"Integer":0,"String":"d","Interface":null}}
==================
WARNING: DATA RACE
Write at 0x00c000d886f0 by goroutine 3173:
  runtime.mapaccess2_faststr()
      /opt/homebrew/Cellar/go/1.24.6/libexec/src/internal/runtime/maps/runtime_faststr_swiss.go:162 +0x29c
  github.com/luxfi/threshold/protocols/frost/sign.(*round2).StoreBroadcastMessage()
      /Users/z/work/lux/threshold/protocols/frost/sign/round2.go:98 +0x51c
  github.com/luxfi/threshold/pkg/protocol.(*Handler).verifyBroadcast()
      /Users/z/work/lux/threshold/pkg/protocol/handler.go:1392 +0x648
  github.com/luxfi/threshold/pkg/protocol.(*Handler).processMessage()
      /Users/z/work/lux/threshold/pkg/protocol/handler.go:480 +0xb9c
  github.com/luxfi/threshold/pkg/protocol.(*Handler).messageWorker()
      /Users/z/work/lux/threshold/pkg/protocol/handler.go:408 +0x338
  github.com/luxfi/threshold/pkg/protocol.(*Handler).startWorkers.gowrap2()
      /Users/z/work/lux/threshold/pkg/protocol/handler.go:361 +0x44

Previous write at 0x00c000d886f0 by goroutine 3172:
  runtime.mapaccess2_faststr()
      /opt/homebrew/Cellar/go/1.24.6/libexec/src/internal/runtime/maps/runtime_faststr_swiss.go:162 +0x29c
  github.com/luxfi/threshold/protocols/frost/sign.(*round2).StoreBroadcastMessage()
      /Users/z/work/lux/threshold/protocols/frost/sign/round2.go:98 +0x51c
  github.com/luxfi/threshold/pkg/protocol.(*Handler).verifyBroadcast()
      /Users/z/work/lux/threshold/pkg/protocol/handler.go:1392 +0x648
  github.com/luxfi/threshold/pkg/protocol.(*Handler).processMessage()
      /Users/z/work/lux/threshold/pkg/protocol/handler.go:480 +0xb9c
  github.com/luxfi/threshold/pkg/protocol.(*Handler).messageWorker()
      /Users/z/work/lux/threshold/pkg/protocol/handler.go:408 +0x338
  github.com/luxfi/threshold/pkg/protocol.(*Handler).startWorkers.gowrap2()
      /Users/z/work/lux/threshold/pkg/protocol/handler.go:361 +0x44

Goroutine 3173 (running) created at:
  github.com/luxfi/threshold/pkg/protocol.(*Handler).startWorkers()
      /Users/z/work/lux/threshold/pkg/protocol/handler.go:361 +0x334
  github.com/luxfi/threshold/pkg/protocol.NewHandler()
      /Users/z/work/lux/threshold/pkg/protocol/handler.go:247 +0xf10
  github.com/luxfi/threshold/internal/test.(*Harness).CreateHandler()
      /Users/z/work/lux/threshold/internal/test/harness.go:91 +0x2e4
  github.com/luxfi/threshold/internal/test.RunProtocol()
      /Users/z/work/lux/threshold/internal/test/harness.go:270 +0x230
  github.com/luxfi/threshold/protocols/frost_test.TestFROSTKeygenAndSign.(*KeygenAndSign).Run.func11()
      /Users/z/work/lux/threshold/internal/test/protocol_helpers.go:114 +0x3dc
  testing.tRunner()
      /opt/homebrew/Cellar/go/1.24.6/libexec/src/testing/testing.go:1792 +0x180
  testing.(*T).Run.gowrap1()
      /opt/homebrew/Cellar/go/1.24.6/libexec/src/testing/testing.go:1851 +0x40

Goroutine 3172 (running) created at:
  github.com/luxfi/threshold/pkg/protocol.(*Handler).startWorkers()
      /Users/z/work/lux/threshold/pkg/protocol/handler.go:361 +0x334
  github.com/luxfi/threshold/pkg/protocol.NewHandler()
      /Users/z/work/lux/threshold/pkg/protocol/handler.go:247 +0xf10
  github.com/luxfi/threshold/internal/test.(*Harness).CreateHandler()
      /Users/z/work/lux/threshold/internal/test/harness.go:91 +0x2e4
  github.com/luxfi/threshold/internal/test.RunProtocol()
      /Users/z/work/lux/threshold/internal/test/harness.go:270 +0x230
  github.com/luxfi/threshold/protocols/frost_test.TestFROSTKeygenAndSign.(*KeygenAndSign).Run.func11()
      /Users/z/work/lux/threshold/internal/test/protocol_helpers.go:114 +0x3dc
  testing.tRunner()
      /opt/homebrew/Cellar/go/1.24.6/libexec/src/testing/testing.go:1792 +0x180
  testing.(*T).Run.gowrap1()
      /opt/homebrew/Cellar/go/1.24.6/libexec/src/testing/testing.go:1851 +0x40
==================
2025-08-15T22:13:00.329-0500	DEBUG	protocol/handler.go:437	processing message	{"{from 15 0 b <nil>}": {"Key":"to","Type":15,"Integer":0,"String":"","Interface":null}, "{round 20 2  <nil>}": {"Key":"broadcast","Type":4,"Integer":1,"String":"","Interface":null}}
2025-08-15T22:13:00.329-0500	DEBUG	protocol/handler.go:1657	storing broadcast	{"{round 20 2  <nil>}": {"Key":"from","Type":15,"Integer":0,"String":"b","Interface":null}}
2025-08-15T22:13:00.329-0500	DEBUG	protocol/handler.go:581	tryAdvanceRound called	{"{current_round 20 2  <nil>}": {"Key":"self","Type":15,"Integer":0,"String":"a","Interface":null}}
2025-08-15T22:13:00.329-0500	DEBUG	protocol/handler.go:581	tryAdvanceRound called	{"{current_round 20 2  <nil>}": {"Key":"self","Type":15,"Integer":0,"String":"c","Interface":null}}
2025-08-15T22:13:00.330-0500	DEBUG	protocol/handler.go:581	tryAdvanceRound called	{"{current_round 20 2  <nil>}": {"Key":"self","Type":15,"Integer":0,"String":"a","Interface":null}}
2025-08-15T22:13:00.330-0500	DEBUG	protocol/handler.go:581	tryAdvanceRound called	{"{current_round 20 2  <nil>}": {"Key":"self","Type":15,"Integer":0,"String":"e","Interface":null}}
2025-08-15T22:13:00.330-0500	DEBUG	protocol/handler.go:1591	have processed broadcast	{"{round 20 2  <nil>}": {"Key":"from","Type":15,"Integer":0,"String":"b","Interface":null}}
2025-08-15T22:13:00.330-0500	DEBUG	protocol/handler.go:1600	waiting for broadcasts	{"{round 20 2  <nil>}": {"Key":"missing","Type":15,"Integer":0,"String":"[a c d f]","Interface":null}}
2025-08-15T22:13:00.330-0500	DEBUG	protocol/handler.go:1591	have processed broadcast	{"{round 20 2  <nil>}": {"Key":"from","Type":15,"Integer":0,"String":"b","Interface":null}}
2025-08-15T22:13:00.330-0500	DEBUG	protocol/handler.go:581	tryAdvanceRound called	{"{current_round 20 2  <nil>}": {"Key":"self","Type":15,"Integer":0,"String":"b","Interface":null}}
2025-08-15T22:13:00.330-0500	DEBUG	protocol/handler.go:1591	have processed broadcast	{"{round 20 2  <nil>}": {"Key":"from","Type":15,"Integer":0,"String":"d","Interface":null}}
2025-08-15T22:13:00.330-0500	DEBUG	protocol/handler.go:1600	waiting for broadcasts	{"{round 20 2  <nil>}": {"Key":"missing","Type":15,"Integer":0,"String":"[c e f]","Interface":null}}
2025-08-15T22:13:00.327-0500	DEBUG	protocol/handler.go:581	tryAdvanceRound called	{"{current_round 20 2  <nil>}": {"Key":"self","Type":15,"Integer":0,"String":"b","Interface":null}}
2025-08-15T22:13:00.328-0500	DEBUG	protocol/handler.go:403	worker stopping
2025-08-15T22:13:00.328-0500	DEBUG	protocol/handler.go:403	worker stopping
2025-08-15T22:13:00.328-0500	DEBUG	protocol/handler.go:403	worker stopping
2025-08-15T22:13:00.328-0500	DEBUG	protocol/handler.go:403	worker stopping
2025-08-15T22:13:00.328-0500	DEBUG	protocol/handler.go:403	worker stopping
2025-08-15T22:13:00.328-0500	DEBUG	protocol/handler.go:403	worker stopping
2025-08-15T22:13:00.328-0500	DEBUG	protocol/handler.go:403	worker stopping
2025-08-15T22:13:00.328-0500	DEBUG	protocol/handler.go:403	worker stopping
2025-08-15T22:13:00.322-0500	DEBUG	protocol/handler.go:470	message for different round (buffering)	{"{msg_round 20 2  <nil>}": {"Key":"current_round","Type":20,"Integer":1,"String":"","Interface":null}}
2025-08-15T22:13:00.330-0500	DEBUG	protocol/handler.go:581	tryAdvanceRound called	{"{current_round 20 1  <nil>}": {"Key":"self","Type":15,"Integer":0,"String":"f","Interface":null}}
2025-08-15T22:13:00.327-0500	DEBUG	protocol/handler.go:437	processing message	{"{from 15 0 a <nil>}": {"Key":"to","Type":15,"Integer":0,"String":"","Interface":null}, "{round 20 2  <nil>}": {"Key":"broadcast","Type":4,"Integer":1,"String":"","Interface":null}}
2025-08-15T22:13:00.331-0500	DEBUG	protocol/handler.go:1657	storing broadcast	{"{round 20 2  <nil>}": {"Key":"from","Type":15,"Integer":0,"String":"a","Interface":null}}
2025-08-15T22:13:00.331-0500	DEBUG	protocol/handler.go:1649	have all messages and processed	{"{round 20 1  <nil>}": {"Key":"self","Type":15,"Integer":0,"String":"f","Interface":null}}
2025-08-15T22:13:00.331-0500	DEBUG	protocol/handler.go:470	message for different round (buffering)	{"{msg_round 20 2  <nil>}": {"Key":"current_round","Type":20,"Integer":1,"String":"","Interface":null}}
2025-08-15T22:13:00.331-0500	DEBUG	protocol/handler.go:581	tryAdvanceRound called	{"{current_round 20 1  <nil>}": {"Key":"self","Type":15,"Integer":0,"String":"f","Interface":null}}
2025-08-15T22:13:00.331-0500	DEBUG	protocol/handler.go:619	finalizing round
2025-08-15T22:13:00.331-0500	DEBUG	protocol/handler.go:1649	have all messages and processed	{"{round 20 1  <nil>}": {"Key":"self","Type":15,"Integer":0,"String":"f","Interface":null}}
2025-08-15T22:13:00.331-0500	DEBUG	protocol/handler.go:596	round already finalized
2025-08-15T22:13:00.331-0500	DEBUG	protocol/handler.go:437	processing message	{"{from 15 0 c <nil>}": {"Key":"to","Type":15,"Integer":0,"String":"","Interface":null}, "{round 20 2  <nil>}": {"Key":"broadcast","Type":4,"Integer":1,"String":"","Interface":null}}
2025-08-15T22:13:00.331-0500	DEBUG	protocol/handler.go:1657	storing broadcast	{"{round 20 2  <nil>}": {"Key":"from","Type":15,"Integer":0,"String":"c","Interface":null}}
2025-08-15T22:13:00.331-0500	DEBUG	protocol/handler.go:470	message for different round (buffering)	{"{msg_round 20 2  <nil>}": {"Key":"current_round","Type":20,"Integer":1,"String":"","Interface":null}}
2025-08-15T22:13:00.331-0500	DEBUG	protocol/handler.go:581	tryAdvanceRound called	{"{current_round 20 1  <nil>}": {"Key":"self","Type":15,"Integer":0,"String":"f","Interface":null}}
2025-08-15T22:13:00.331-0500	DEBUG	protocol/handler.go:1649	have all messages and processed	{"{round 20 1  <nil>}": {"Key":"self","Type":15,"Integer":0,"String":"f","Interface":null}}
2025-08-15T22:13:00.331-0500	DEBUG	protocol/handler.go:596	round already finalized
2025-08-15T22:13:00.322-0500	DEBUG	protocol/handler.go:1657	storing broadcast	{"{round 20 2  <nil>}": {"Key":"from","Type":15,"Integer":0,"String":"c","Interface":null}}
2025-08-15T22:13:00.329-0500	DEBUG	protocol/handler.go:470	message for different round (buffering)	{"{msg_round 20 2  <nil>}": {"Key":"current_round","Type":20,"Integer":1,"String":"","Interface":null}}
2025-08-15T22:13:00.332-0500	DEBUG	protocol/handler.go:581	tryAdvanceRound called	{"{current_round 20 1  <nil>}": {"Key":"self","Type":15,"Integer":0,"String":"f","Interface":null}}
==================
WARNING: DATA RACE
Read at 0x00c0011dedb0 by goroutine 3269:
  runtime.mapdelete_fast64()
      /opt/homebrew/Cellar/go/1.24.6/libexec/src/internal/runtime/maps/runtime_fast64_swiss.go:497 +0x8c
  github.com/luxfi/threshold/protocols/frost/sign.(*round2).StoreBroadcastMessage()
      /Users/z/work/lux/threshold/protocols/frost/sign/round2.go:73 +0x124
  github.com/luxfi/threshold/pkg/protocol.(*Handler).verifyBroadcastForRound()
      /Users/z/work/lux/threshold/pkg/protocol/handler.go:1277 +0x3a0
  github.com/luxfi/threshold/pkg/protocol.(*Handler).retryUnprocessedMessages()
      /Users/z/work/lux/threshold/pkg/protocol/handler.go:1483 +0x22c
  github.com/luxfi/threshold/pkg/protocol.(*Handler).tryAdvanceRound()
      /Users/z/work/lux/threshold/pkg/protocol/handler.go:587 +0x28c
  github.com/luxfi/threshold/pkg/protocol.(*Handler).initializeRound.func2()
      /Users/z/work/lux/threshold/pkg/protocol/handler.go:1007 +0x38

Previous write at 0x00c0011dedb0 by goroutine 3148:
  runtime.mapaccess2_faststr()
      /opt/homebrew/Cellar/go/1.24.6/libexec/src/internal/runtime/maps/runtime_faststr_swiss.go:162 +0x29c
  github.com/luxfi/threshold/protocols/frost/sign.(*round2).StoreBroadcastMessage()
      /Users/z/work/lux/threshold/protocols/frost/sign/round2.go:97 +0x4b0
  github.com/luxfi/threshold/pkg/protocol.(*Handler).verifyBroadcastForRound()
      /Users/z/work/lux/threshold/pkg/protocol/handler.go:1277 +0x3a0
  github.com/luxfi/threshold/pkg/protocol.(*Handler).retryUnprocessedMessages()
      /Users/z/work/lux/threshold/pkg/protocol/handler.go:1483 +0x22c
  github.com/luxfi/threshold/pkg/protocol.(*Handler).tryAdvanceRound()
      /Users/z/work/lux/threshold/pkg/protocol/handler.go:587 +0x28c
  github.com/luxfi/threshold/pkg/protocol.(*Handler).roundProcessor()
      /Users/z/work/lux/threshold/pkg/protocol/handler.go:569 +0xb4
  github.com/luxfi/threshold/pkg/protocol.(*Handler).startWorkers.func1()
      /Users/z/work/lux/threshold/pkg/protocol/handler.go:374 +0x78

Goroutine 3269 (running) created at:
  github.com/luxfi/threshold/pkg/protocol.(*Handler).initializeRound()
      /Users/z/work/lux/threshold/pkg/protocol/handler.go:1005 +0xd0c
  github.com/luxfi/threshold/pkg/protocol.NewHandler.gowrap1()
      /Users/z/work/lux/threshold/pkg/protocol/handler.go:250 +0x4c

2025-08-15T22:13:00.332-0500	DEBUG	protocol/handler.go:581	tryAdvanceRound called	{"{current_round 20 2  <nil>}": {"Key":"self","Type":15,"Integer":0,"String":"d","Interface":null}}
Goroutine 3148 (running) created at:
  github.com/luxfi/threshold/pkg/protocol.(*Handler).startWorkers()
      /Users/z/work/lux/threshold/pkg/protocol/handler.go:372 +0x4fc
  github.com/luxfi/threshold/pkg/protocol.NewHandler()
      /Users/z/work/lux/threshold/pkg/protocol/handler.go:247 +0xf10
  github.com/luxfi/threshold/internal/test.(*Harness).CreateHandler()
      /Users/z/work/lux/threshold/internal/test/harness.go:91 +0x2e4
  github.com/luxfi/threshold/internal/test.RunProtocol()
      /Users/z/work/lux/threshold/internal/test/harness.go:270 +0x230
  github.com/luxfi/threshold/protocols/frost_test.TestFROSTKeygenAndSign.(*KeygenAndSign).Run.func11()
      /Users/z/work/lux/threshold/internal/test/protocol_helpers.go:114 +0x3dc
  testing.tRunner()
      /opt/homebrew/Cellar/go/1.24.6/libexec/src/testing/testing.go:1792 +0x180
2025-08-15T22:13:00.332-0500	DEBUG	protocol/handler.go:1649	have all messages and processed	{"{round 20 1  <nil>}": {"Key":"self","Type":15,"Integer":0,"String":"f","Interface":null}}
  testing.(*T).Run.gowrap1()
      /opt/homebrew/Cellar/go/1.24.6/libexec/src/testing/testing.go:1851 +0x40
==================
2025-08-15T22:13:00.332-0500	DEBUG	protocol/handler.go:596	round already finalized
==================
WARNING: DATA RACE
Read at 0x00c0002905d8 by goroutine 3269:
  github.com/luxfi/threshold/protocols/frost/sign.(*round2).StoreBroadcastMessage()
      /Users/z/work/lux/threshold/protocols/frost/sign/round2.go:73 +0x12c
  github.com/luxfi/threshold/pkg/protocol.(*Handler).verifyBroadcastForRound()
      /Users/z/work/lux/threshold/pkg/protocol/handler.go:1277 +0x3a0
  github.com/luxfi/threshold/pkg/protocol.(*Handler).retryUnprocessedMessages()
      /Users/z/work/lux/threshold/pkg/protocol/handler.go:1483 +0x22c
  github.com/luxfi/threshold/pkg/protocol.(*Handler).tryAdvanceRound()
      /Users/z/work/lux/threshold/pkg/protocol/handler.go:587 +0x28c
  github.com/luxfi/threshold/pkg/protocol.(*Handler).initializeRound.func2()
      /Users/z/work/lux/threshold/pkg/protocol/handler.go:1007 +0x38

Previous write at 0x00c0002905d8 by goroutine 3148:
  github.com/luxfi/threshold/protocols/frost/sign.(*round2).StoreBroadcastMessage()
      /Users/z/work/lux/threshold/protocols/frost/sign/round2.go:97 +0x4bc
  github.com/luxfi/threshold/pkg/protocol.(*Handler).verifyBroadcastForRound()
      /Users/z/work/lux/threshold/pkg/protocol/handler.go:1277 +0x3a0
  github.com/luxfi/threshold/pkg/protocol.(*Handler).retryUnprocessedMessages()
      /Users/z/work/lux/threshold/pkg/protocol/handler.go:1483 +0x22c
  github.com/luxfi/threshold/pkg/protocol.(*Handler).tryAdvanceRound()
      /Users/z/work/lux/threshold/pkg/protocol/handler.go:587 +0x28c
  github.com/luxfi/threshold/pkg/protocol.(*Handler).roundProcessor()
      /Users/z/work/lux/threshold/pkg/protocol/handler.go:569 +0xb4
  github.com/luxfi/threshold/pkg/protocol.(*Handler).startWorkers.func1()
      /Users/z/work/lux/threshold/pkg/protocol/handler.go:374 +0x78

Goroutine 3269 (running) created at:
  github.com/luxfi/threshold/pkg/protocol.(*Handler).initializeRound()
      /Users/z/work/lux/threshold/pkg/protocol/handler.go:1005 +0xd0c
  github.com/luxfi/threshold/pkg/protocol.NewHandler.gowrap1()
      /Users/z/work/lux/threshold/pkg/protocol/handler.go:250 +0x4c

Goroutine 3148 (running) created at:
  github.com/luxfi/threshold/pkg/protocol.(*Handler).startWorkers()
      /Users/z/work/lux/threshold/pkg/protocol/handler.go:372 +0x4fc
  github.com/luxfi/threshold/pkg/protocol.NewHandler()
      /Users/z/work/lux/threshold/pkg/protocol/handler.go:247 +0xf10
  github.com/luxfi/threshold/internal/test.(*Harness).CreateHandler()
      /Users/z/work/lux/threshold/internal/test/harness.go:91 +0x2e4
  github.com/luxfi/threshold/internal/test.RunProtocol()
      /Users/z/work/lux/threshold/internal/test/harness.go:270 +0x230
  github.com/luxfi/threshold/protocols/frost_test.TestFROSTKeygenAndSign.(*KeygenAndSign).Run.func11()
      /Users/z/work/lux/threshold/internal/test/protocol_helpers.go:114 +0x3dc
  testing.tRunner()
      /opt/homebrew/Cellar/go/1.24.6/libexec/src/testing/testing.go:1792 +0x180
  testing.(*T).Run.gowrap1()
      /opt/homebrew/Cellar/go/1.24.6/libexec/src/testing/testing.go:1851 +0x40
==================
==================
WARNING: DATA RACE
Read at 0x00c0011dede0 by goroutine 3269:
  runtime.mapdelete_fast64()
      /opt/homebrew/Cellar/go/1.24.6/libexec/src/internal/runtime/maps/runtime_fast64_swiss.go:497 +0x8c
  github.com/luxfi/threshold/protocols/frost/sign.(*round2).StoreBroadcastMessage()
      /Users/z/work/lux/threshold/protocols/frost/sign/round2.go:73 +0x160
  github.com/luxfi/threshold/pkg/protocol.(*Handler).verifyBroadcastForRound()
      /Users/z/work/lux/threshold/pkg/protocol/handler.go:1277 +0x3a0
  github.com/luxfi/threshold/pkg/protocol.(*Handler).retryUnprocessedMessages()
      /Users/z/work/lux/threshold/pkg/protocol/handler.go:1483 +0x22c
  github.com/luxfi/threshold/pkg/protocol.(*Handler).tryAdvanceRound()
      /Users/z/work/lux/threshold/pkg/protocol/handler.go:587 +0x28c
  github.com/luxfi/threshold/pkg/protocol.(*Handler).initializeRound.func2()
      /Users/z/work/lux/threshold/pkg/protocol/handler.go:1007 +0x38

Previous write at 0x00c0011dede0 by goroutine 3148:
  runtime.mapaccess2_faststr()
      /opt/homebrew/Cellar/go/1.24.6/libexec/src/internal/runtime/maps/runtime_faststr_swiss.go:162 +0x29c
  github.com/luxfi/threshold/protocols/frost/sign.(*round2).StoreBroadcastMessage()
      /Users/z/work/lux/threshold/protocols/frost/sign/round2.go:98 +0x51c
  github.com/luxfi/threshold/pkg/protocol.(*Handler).verifyBroadcastForRound()
      /Users/z/work/lux/threshold/pkg/protocol/handler.go:1277 +0x3a0
  github.com/luxfi/threshold/pkg/protocol.(*Handler).retryUnprocessedMessages()
      /Users/z/work/lux/threshold/pkg/protocol/handler.go:1483 +0x22c
  github.com/luxfi/threshold/pkg/protocol.(*Handler).tryAdvanceRound()
      /Users/z/work/lux/threshold/pkg/protocol/handler.go:587 +0x28c
  github.com/luxfi/threshold/pkg/protocol.(*Handler).roundProcessor()
      /Users/z/work/lux/threshold/pkg/protocol/handler.go:569 +0xb4
  github.com/luxfi/threshold/pkg/protocol.(*Handler).startWorkers.func1()
      /Users/z/work/lux/threshold/pkg/protocol/handler.go:374 +0x78

Goroutine 3269 (running) created at:
  github.com/luxfi/threshold/pkg/protocol.(*Handler).initializeRound()
      /Users/z/work/lux/threshold/pkg/protocol/handler.go:1005 +0xd0c
  github.com/luxfi/threshold/pkg/protocol.NewHandler.gowrap1()
      /Users/z/work/lux/threshold/pkg/protocol/handler.go:250 +0x4c

Goroutine 3148 (running) created at:
  github.com/luxfi/threshold/pkg/protocol.(*Handler).startWorkers()
      /Users/z/work/lux/threshold/pkg/protocol/handler.go:372 +0x4fc
  github.com/luxfi/threshold/pkg/protocol.NewHandler()
      /Users/z/work/lux/threshold/pkg/protocol/handler.go:247 +0xf10
  github.com/luxfi/threshold/internal/test.(*Harness).CreateHandler()
      /Users/z/work/lux/threshold/internal/test/harness.go:91 +0x2e4
  github.com/luxfi/threshold/internal/test.RunProtocol()
      /Users/z/work/lux/threshold/internal/test/harness.go:270 +0x230
  github.com/luxfi/threshold/protocols/frost_test.TestFROSTKeygenAndSign.(*KeygenAndSign).Run.func11()
      /Users/z/work/lux/threshold/internal/test/protocol_helpers.go:114 +0x3dc
  testing.tRunner()
      /opt/homebrew/Cellar/go/1.24.6/libexec/src/testing/testing.go:1792 +0x180
  testing.(*T).Run.gowrap1()
      /opt/homebrew/Cellar/go/1.24.6/libexec/src/testing/testing.go:1851 +0x40
==================
==================
WARNING: DATA RACE
Read at 0x00c0002906f8 by goroutine 3269:
  github.com/luxfi/threshold/protocols/frost/sign.(*round2).StoreBroadcastMessage()
      /Users/z/work/lux/threshold/protocols/frost/sign/round2.go:73 +0x168
  github.com/luxfi/threshold/pkg/protocol.(*Handler).verifyBroadcastForRound()
      /Users/z/work/lux/threshold/pkg/protocol/handler.go:1277 +0x3a0
  github.com/luxfi/threshold/pkg/protocol.(*Handler).retryUnprocessedMessages()
      /Users/z/work/lux/threshold/pkg/protocol/handler.go:1483 +0x22c
  github.com/luxfi/threshold/pkg/protocol.(*Handler).tryAdvanceRound()
      /Users/z/work/lux/threshold/pkg/protocol/handler.go:587 +0x28c
  github.com/luxfi/threshold/pkg/protocol.(*Handler).initializeRound.func2()
      /Users/z/work/lux/threshold/pkg/protocol/handler.go:1007 +0x38

Previous write at 0x00c0002906f8 by goroutine 3148:
  github.com/luxfi/threshold/protocols/frost/sign.(*round2).StoreBroadcastMessage()
      /Users/z/work/lux/threshold/protocols/frost/sign/round2.go:98 +0x528
  github.com/luxfi/threshold/pkg/protocol.(*Handler).verifyBroadcastForRound()
      /Users/z/work/lux/threshold/pkg/protocol/handler.go:1277 +0x3a0
  github.com/luxfi/threshold/pkg/protocol.(*Handler).retryUnprocessedMessages()
      /Users/z/work/lux/threshold/pkg/protocol/handler.go:1483 +0x22c
  github.com/luxfi/threshold/pkg/protocol.(*Handler).tryAdvanceRound()
      /Users/z/work/lux/threshold/pkg/protocol/handler.go:587 +0x28c
  github.com/luxfi/threshold/pkg/protocol.(*Handler).roundProcessor()
      /Users/z/work/lux/threshold/pkg/protocol/handler.go:569 +0xb4
  github.com/luxfi/threshold/pkg/protocol.(*Handler).startWorkers.func1()
      /Users/z/work/lux/threshold/pkg/protocol/handler.go:374 +0x78

Goroutine 3269 (running) created at:
  github.com/luxfi/threshold/pkg/protocol.(*Handler).initializeRound()
      /Users/z/work/lux/threshold/pkg/protocol/handler.go:1005 +0xd0c
  github.com/luxfi/threshold/pkg/protocol.NewHandler.gowrap1()
      /Users/z/work/lux/threshold/pkg/protocol/handler.go:250 +0x4c

Goroutine 3148 (running) created at:
  github.com/luxfi/threshold/pkg/protocol.(*Handler).startWorkers()
      /Users/z/work/lux/threshold/pkg/protocol/handler.go:372 +0x4fc
  github.com/luxfi/threshold/pkg/protocol.NewHandler()
      /Users/z/work/lux/threshold/pkg/protocol/handler.go:247 +0xf10
  github.com/luxfi/threshold/internal/test.(*Harness).CreateHandler()
      /Users/z/work/lux/threshold/internal/test/harness.go:91 +0x2e4
  github.com/luxfi/threshold/internal/test.RunProtocol()
      /Users/z/work/lux/threshold/internal/test/harness.go:270 +0x230
  github.com/luxfi/threshold/protocols/frost_test.TestFROSTKeygenAndSign.(*KeygenAndSign).Run.func11()
      /Users/z/work/lux/threshold/internal/test/protocol_helpers.go:114 +0x3dc
  testing.tRunner()
      /opt/homebrew/Cellar/go/1.24.6/libexec/src/testing/testing.go:1792 +0x180
  testing.(*T).Run.gowrap1()
      /opt/homebrew/Cellar/go/1.24.6/libexec/src/testing/testing.go:1851 +0x40
==================
==================
WARNING: DATA RACE
Read at 0x00c000290858 by goroutine 3174:
  github.com/luxfi/threshold/protocols/frost/sign.(*round2).StoreBroadcastMessage()
      /Users/z/work/lux/threshold/protocols/frost/sign/round2.go:73 +0x12c
  github.com/luxfi/threshold/pkg/protocol.(*Handler).verifyBroadcast()
      /Users/z/work/lux/threshold/pkg/protocol/handler.go:1392 +0x648
  github.com/luxfi/threshold/pkg/protocol.(*Handler).processMessage()
      /Users/z/work/lux/threshold/pkg/protocol/handler.go:480 +0xb9c
  github.com/luxfi/threshold/pkg/protocol.(*Handler).messageWorker()
      /Users/z/work/lux/threshold/pkg/protocol/handler.go:408 +0x338
  github.com/luxfi/threshold/pkg/protocol.(*Handler).startWorkers.gowrap2()
      /Users/z/work/lux/threshold/pkg/protocol/handler.go:361 +0x44

Previous write at 0x00c000290858 by goroutine 3176:
  github.com/luxfi/threshold/protocols/frost/sign.(*round2).StoreBroadcastMessage()
      /Users/z/work/lux/threshold/protocols/frost/sign/round2.go:97 +0x4bc
  github.com/luxfi/threshold/pkg/protocol.(*Handler).verifyBroadcastForRound()
      /Users/z/work/lux/threshold/pkg/protocol/handler.go:1277 +0x3a0
  github.com/luxfi/threshold/pkg/protocol.(*Handler).retryUnprocessedMessages()
      /Users/z/work/lux/threshold/pkg/protocol/handler.go:1483 +0x22c
  github.com/luxfi/threshold/pkg/protocol.(*Handler).tryAdvanceRound()
      /Users/z/work/lux/threshold/pkg/protocol/handler.go:587 +0x28c
  github.com/luxfi/threshold/pkg/protocol.(*Handler).roundProcessor()
      /Users/z/work/lux/threshold/pkg/protocol/handler.go:569 +0xb4
  github.com/luxfi/threshold/pkg/protocol.(*Handler).startWorkers.func1()
      /Users/z/work/lux/threshold/pkg/protocol/handler.go:374 +0x78

Goroutine 3174 (running) created at:
  github.com/luxfi/threshold/pkg/protocol.(*Handler).startWorkers()
      /Users/z/work/lux/threshold/pkg/protocol/handler.go:361 +0x334
  github.com/luxfi/threshold/pkg/protocol.NewHandler()
      /Users/z/work/lux/threshold/pkg/protocol/handler.go:247 +0xf10
  github.com/luxfi/threshold/internal/test.(*Harness).CreateHandler()
      /Users/z/work/lux/threshold/internal/test/harness.go:91 +0x2e4
  github.com/luxfi/threshold/internal/test.RunProtocol()
      /Users/z/work/lux/threshold/internal/test/harness.go:270 +0x230
  github.com/luxfi/threshold/protocols/frost_test.TestFROSTKeygenAndSign.(*KeygenAndSign).Run.func11()
      /Users/z/work/lux/threshold/internal/test/protocol_helpers.go:114 +0x3dc
  testing.tRunner()
      /opt/homebrew/Cellar/go/1.24.6/libexec/src/testing/testing.go:1792 +0x180
  testing.(*T).Run.gowrap1()
      /opt/homebrew/Cellar/go/1.24.6/libexec/src/testing/testing.go:1851 +0x40

Goroutine 3176 (running) created at:
  github.com/luxfi/threshold/pkg/protocol.(*Handler).startWorkers()
      /Users/z/work/lux/threshold/pkg/protocol/handler.go:372 +0x4fc
  github.com/luxfi/threshold/pkg/protocol.NewHandler()
      /Users/z/work/lux/threshold/pkg/protocol/handler.go:247 +0xf10
  github.com/luxfi/threshold/internal/test.(*Harness).CreateHandler()
      /Users/z/work/lux/threshold/internal/test/harness.go:91 +0x2e4
  github.com/luxfi/threshold/internal/test.RunProtocol()
      /Users/z/work/lux/threshold/internal/test/harness.go:270 +0x230
  github.com/luxfi/threshold/protocols/frost_test.TestFROSTKeygenAndSign.(*KeygenAndSign).Run.func11()
      /Users/z/work/lux/threshold/internal/test/protocol_helpers.go:114 +0x3dc
  testing.tRunner()
      /opt/homebrew/Cellar/go/1.24.6/libexec/src/testing/testing.go:1792 +0x180
  testing.(*T).Run.gowrap1()
      /opt/homebrew/Cellar/go/1.24.6/libexec/src/testing/testing.go:1851 +0x40
==================
==================
WARNING: DATA RACE
Read at 0x00c000d886f0 by goroutine 3174:
  runtime.mapdelete_fast64()
      /opt/homebrew/Cellar/go/1.24.6/libexec/src/internal/runtime/maps/runtime_fast64_swiss.go:497 +0x8c
  github.com/luxfi/threshold/protocols/frost/sign.(*round2).StoreBroadcastMessage()
      /Users/z/work/lux/threshold/protocols/frost/sign/round2.go:73 +0x160
  github.com/luxfi/threshold/pkg/protocol.(*Handler).verifyBroadcast()
      /Users/z/work/lux/threshold/pkg/protocol/handler.go:1392 +0x648
  github.com/luxfi/threshold/pkg/protocol.(*Handler).processMessage()
      /Users/z/work/lux/threshold/pkg/protocol/handler.go:480 +0xb9c
  github.com/luxfi/threshold/pkg/protocol.(*Handler).messageWorker()
      /Users/z/work/lux/threshold/pkg/protocol/handler.go:408 +0x338
  github.com/luxfi/threshold/pkg/protocol.(*Handler).startWorkers.gowrap2()
      /Users/z/work/lux/threshold/pkg/protocol/handler.go:361 +0x44

Previous write at 0x00c000d886f0 by goroutine 3176:
  runtime.mapaccess2_faststr()
      /opt/homebrew/Cellar/go/1.24.6/libexec/src/internal/runtime/maps/runtime_faststr_swiss.go:162 +0x29c
  github.com/luxfi/threshold/protocols/frost/sign.(*round2).StoreBroadcastMessage()
      /Users/z/work/lux/threshold/protocols/frost/sign/round2.go:98 +0x51c
  github.com/luxfi/threshold/pkg/protocol.(*Handler).verifyBroadcastForRound()
      /Users/z/work/lux/threshold/pkg/protocol/handler.go:1277 +0x3a0
  github.com/luxfi/threshold/pkg/protocol.(*Handler).retryUnprocessedMessages()
      /Users/z/work/lux/threshold/pkg/protocol/handler.go:1483 +0x22c
  github.com/luxfi/threshold/pkg/protocol.(*Handler).tryAdvanceRound()
      /Users/z/work/lux/threshold/pkg/protocol/handler.go:587 +0x28c
  github.com/luxfi/threshold/pkg/protocol.(*Handler).roundProcessor()
      /Users/z/work/lux/threshold/pkg/protocol/handler.go:569 +0xb4
  github.com/luxfi/threshold/pkg/protocol.(*Handler).startWorkers.func1()
      /Users/z/work/lux/threshold/pkg/protocol/handler.go:374 +0x78

Goroutine 3174 (running) created at:
  github.com/luxfi/threshold/pkg/protocol.(*Handler).startWorkers()
      /Users/z/work/lux/threshold/pkg/protocol/handler.go:361 +0x334
  github.com/luxfi/threshold/pkg/protocol.NewHandler()
      /Users/z/work/lux/threshold/pkg/protocol/handler.go:247 +0xf10
  github.com/luxfi/threshold/internal/test.(*Harness).CreateHandler()
      /Users/z/work/lux/threshold/internal/test/harness.go:91 +0x2e4
  github.com/luxfi/threshold/internal/test.RunProtocol()
      /Users/z/work/lux/threshold/internal/test/harness.go:270 +0x230
  github.com/luxfi/threshold/protocols/frost_test.TestFROSTKeygenAndSign.(*KeygenAndSign).Run.func11()
      /Users/z/work/lux/threshold/internal/test/protocol_helpers.go:114 +0x3dc
  testing.tRunner()
      /opt/homebrew/Cellar/go/1.24.6/libexec/src/testing/testing.go:1792 +0x180
  testing.(*T).Run.gowrap1()
      /opt/homebrew/Cellar/go/1.24.6/libexec/src/testing/testing.go:1851 +0x40

Goroutine 3176 (running) created at:
  github.com/luxfi/threshold/pkg/protocol.(*Handler).startWorkers()
      /Users/z/work/lux/threshold/pkg/protocol/handler.go:372 +0x4fc
  github.com/luxfi/threshold/pkg/protocol.NewHandler()
      /Users/z/work/lux/threshold/pkg/protocol/handler.go:247 +0xf10
  github.com/luxfi/threshold/internal/test.(*Harness).CreateHandler()
      /Users/z/work/lux/threshold/internal/test/harness.go:91 +0x2e4
  github.com/luxfi/threshold/internal/test.RunProtocol()
      /Users/z/work/lux/threshold/internal/test/harness.go:270 +0x230
  github.com/luxfi/threshold/protocols/frost_test.TestFROSTKeygenAndSign.(*KeygenAndSign).Run.func11()
      /Users/z/work/lux/threshold/internal/test/protocol_helpers.go:114 +0x3dc
  testing.tRunner()
      /opt/homebrew/Cellar/go/1.24.6/libexec/src/testing/testing.go:1792 +0x180
  testing.(*T).Run.gowrap1()
      /opt/homebrew/Cellar/go/1.24.6/libexec/src/testing/testing.go:1851 +0x40
==================
==================
WARNING: DATA RACE
Read at 0x00c000290978 by goroutine 3174:
  github.com/luxfi/threshold/protocols/frost/sign.(*round2).StoreBroadcastMessage()
      /Users/z/work/lux/threshold/protocols/frost/sign/round2.go:73 +0x168
  github.com/luxfi/threshold/pkg/protocol.(*Handler).verifyBroadcast()
      /Users/z/work/lux/threshold/pkg/protocol/handler.go:1392 +0x648
  github.com/luxfi/threshold/pkg/protocol.(*Handler).processMessage()
      /Users/z/work/lux/threshold/pkg/protocol/handler.go:480 +0xb9c
  github.com/luxfi/threshold/pkg/protocol.(*Handler).messageWorker()
      /Users/z/work/lux/threshold/pkg/protocol/handler.go:408 +0x338
  github.com/luxfi/threshold/pkg/protocol.(*Handler).startWorkers.gowrap2()
      /Users/z/work/lux/threshold/pkg/protocol/handler.go:361 +0x44

Previous write at 0x00c000290978 by goroutine 3176:
  github.com/luxfi/threshold/protocols/frost/sign.(*round2).StoreBroadcastMessage()
      /Users/z/work/lux/threshold/protocols/frost/sign/round2.go:98 +0x528
  github.com/luxfi/threshold/pkg/protocol.(*Handler).verifyBroadcastForRound()
      /Users/z/work/lux/threshold/pkg/protocol/handler.go:1277 +0x3a0
  github.com/luxfi/threshold/pkg/protocol.(*Handler).retryUnprocessedMessages()
      /Users/z/work/lux/threshold/pkg/protocol/handler.go:1483 +0x22c
  github.com/luxfi/threshold/pkg/protocol.(*Handler).tryAdvanceRound()
      /Users/z/work/lux/threshold/pkg/protocol/handler.go:587 +0x28c
  github.com/luxfi/threshold/pkg/protocol.(*Handler).roundProcessor()
      /Users/z/work/lux/threshold/pkg/protocol/handler.go:569 +0xb4
  github.com/luxfi/threshold/pkg/protocol.(*Handler).startWorkers.func1()
      /Users/z/work/lux/threshold/pkg/protocol/handler.go:374 +0x78

Goroutine 3174 (running) created at:
  github.com/luxfi/threshold/pkg/protocol.(*Handler).startWorkers()
      /Users/z/work/lux/threshold/pkg/protocol/handler.go:361 +0x334
  github.com/luxfi/threshold/pkg/protocol.NewHandler()
      /Users/z/work/lux/threshold/pkg/protocol/handler.go:247 +0xf10
  github.com/luxfi/threshold/internal/test.(*Harness).CreateHandler()
      /Users/z/work/lux/threshold/internal/test/harness.go:91 +0x2e4
  github.com/luxfi/threshold/internal/test.RunProtocol()
      /Users/z/work/lux/threshold/internal/test/harness.go:270 +0x230
  github.com/luxfi/threshold/protocols/frost_test.TestFROSTKeygenAndSign.(*KeygenAndSign).Run.func11()
      /Users/z/work/lux/threshold/internal/test/protocol_helpers.go:114 +0x3dc
  testing.tRunner()
      /opt/homebrew/Cellar/go/1.24.6/libexec/src/testing/testing.go:1792 +0x180
  testing.(*T).Run.gowrap1()
      /opt/homebrew/Cellar/go/1.24.6/libexec/src/testing/testing.go:1851 +0x40

Goroutine 3176 (running) created at:
  github.com/luxfi/threshold/pkg/protocol.(*Handler).startWorkers()
      /Users/z/work/lux/threshold/pkg/protocol/handler.go:372 +0x4fc
  github.com/luxfi/threshold/pkg/protocol.NewHandler()
      /Users/z/work/lux/threshold/pkg/protocol/handler.go:247 +0xf10
  github.com/luxfi/threshold/internal/test.(*Harness).CreateHandler()
      /Users/z/work/lux/threshold/internal/test/harness.go:91 +0x2e4
  github.com/luxfi/threshold/internal/test.RunProtocol()
      /Users/z/work/lux/threshold/internal/test/harness.go:270 +0x230
  github.com/luxfi/threshold/protocols/frost_test.TestFROSTKeygenAndSign.(*KeygenAndSign).Run.func11()
      /Users/z/work/lux/threshold/internal/test/protocol_helpers.go:114 +0x3dc
  testing.tRunner()
      /opt/homebrew/Cellar/go/1.24.6/libexec/src/testing/testing.go:1792 +0x180
  testing.(*T).Run.gowrap1()
      /opt/homebrew/Cellar/go/1.24.6/libexec/src/testing/testing.go:1851 +0x40
==================
==================
WARNING: DATA RACE
Read at 0x00c000290838 by goroutine 3176:
  github.com/luxfi/threshold/protocols/frost/sign.(*round2).StoreBroadcastMessage()
      /Users/z/work/lux/threshold/protocols/frost/sign/round2.go:73 +0x12c
  github.com/luxfi/threshold/pkg/protocol.(*Handler).verifyBroadcastForRound()
      /Users/z/work/lux/threshold/pkg/protocol/handler.go:1277 +0x3a0
  github.com/luxfi/threshold/pkg/protocol.(*Handler).retryUnprocessedMessages()
      /Users/z/work/lux/threshold/pkg/protocol/handler.go:1483 +0x22c
  github.com/luxfi/threshold/pkg/protocol.(*Handler).tryAdvanceRound()
      /Users/z/work/lux/threshold/pkg/protocol/handler.go:587 +0x28c
  github.com/luxfi/threshold/pkg/protocol.(*Handler).roundProcessor()
      /Users/z/work/lux/threshold/pkg/protocol/handler.go:569 +0xb4
  github.com/luxfi/threshold/pkg/protocol.(*Handler).startWorkers.func1()
      /Users/z/work/lux/threshold/pkg/protocol/handler.go:374 +0x78

Previous write at 0x00c000290838 by goroutine 3173:
  github.com/luxfi/threshold/protocols/frost/sign.(*round2).StoreBroadcastMessage()
      /Users/z/work/lux/threshold/protocols/frost/sign/round2.go:97 +0x4bc
  github.com/luxfi/threshold/pkg/protocol.(*Handler).verifyBroadcast()
      /Users/z/work/lux/threshold/pkg/protocol/handler.go:1392 +0x648
  github.com/luxfi/threshold/pkg/protocol.(*Handler).processMessage()
      /Users/z/work/lux/threshold/pkg/protocol/handler.go:480 +0xb9c
  github.com/luxfi/threshold/pkg/protocol.(*Handler).messageWorker()
      /Users/z/work/lux/threshold/pkg/protocol/handler.go:408 +0x338
  github.com/luxfi/threshold/pkg/protocol.(*Handler).startWorkers.gowrap2()
      /Users/z/work/lux/threshold/pkg/protocol/handler.go:361 +0x44

Goroutine 3176 (running) created at:
  github.com/luxfi/threshold/pkg/protocol.(*Handler).startWorkers()
      /Users/z/work/lux/threshold/pkg/protocol/handler.go:372 +0x4fc
  github.com/luxfi/threshold/pkg/protocol.NewHandler()
      /Users/z/work/lux/threshold/pkg/protocol/handler.go:247 +0xf10
  github.com/luxfi/threshold/internal/test.(*Harness).CreateHandler()
      /Users/z/work/lux/threshold/internal/test/harness.go:91 +0x2e4
  github.com/luxfi/threshold/internal/test.RunProtocol()
      /Users/z/work/lux/threshold/internal/test/harness.go:270 +0x230
  github.com/luxfi/threshold/protocols/frost_test.TestFROSTKeygenAndSign.(*KeygenAndSign).Run.func11()
      /Users/z/work/lux/threshold/internal/test/protocol_helpers.go:114 +0x3dc
  testing.tRunner()
      /opt/homebrew/Cellar/go/1.24.6/libexec/src/testing/testing.go:1792 +0x180
  testing.(*T).Run.gowrap1()
      /opt/homebrew/Cellar/go/1.24.6/libexec/src/testing/testing.go:1851 +0x40

Goroutine 3173 (running) created at:
  github.com/luxfi/threshold/pkg/protocol.(*Handler).startWorkers()
      /Users/z/work/lux/threshold/pkg/protocol/handler.go:361 +0x334
  github.com/luxfi/threshold/pkg/protocol.NewHandler()
      /Users/z/work/lux/threshold/pkg/protocol/handler.go:247 +0xf10
  github.com/luxfi/threshold/internal/test.(*Harness).CreateHandler()
      /Users/z/work/lux/threshold/internal/test/harness.go:91 +0x2e4
  github.com/luxfi/threshold/internal/test.RunProtocol()
      /Users/z/work/lux/threshold/internal/test/harness.go:270 +0x230
  github.com/luxfi/threshold/protocols/frost_test.TestFROSTKeygenAndSign.(*KeygenAndSign).Run.func11()
      /Users/z/work/lux/threshold/internal/test/protocol_helpers.go:114 +0x3dc
  testing.tRunner()
      /opt/homebrew/Cellar/go/1.24.6/libexec/src/testing/testing.go:1792 +0x180
  testing.(*T).Run.gowrap1()
      /opt/homebrew/Cellar/go/1.24.6/libexec/src/testing/testing.go:1851 +0x40
==================
==================
WARNING: DATA RACE
Read at 0x00c000290958 by goroutine 3176:
  github.com/luxfi/threshold/protocols/frost/sign.(*round2).StoreBroadcastMessage()
      /Users/z/work/lux/threshold/protocols/frost/sign/round2.go:73 +0x168
  github.com/luxfi/threshold/pkg/protocol.(*Handler).verifyBroadcastForRound()
      /Users/z/work/lux/threshold/pkg/protocol/handler.go:1277 +0x3a0
  github.com/luxfi/threshold/pkg/protocol.(*Handler).retryUnprocessedMessages()
      /Users/z/work/lux/threshold/pkg/protocol/handler.go:1483 +0x22c
  github.com/luxfi/threshold/pkg/protocol.(*Handler).tryAdvanceRound()
      /Users/z/work/lux/threshold/pkg/protocol/handler.go:587 +0x28c
  github.com/luxfi/threshold/pkg/protocol.(*Handler).roundProcessor()
      /Users/z/work/lux/threshold/pkg/protocol/handler.go:569 +0xb4
  github.com/luxfi/threshold/pkg/protocol.(*Handler).startWorkers.func1()
      /Users/z/work/lux/threshold/pkg/protocol/handler.go:374 +0x78

Previous write at 0x00c000290958 by goroutine 3173:
  github.com/luxfi/threshold/protocols/frost/sign.(*round2).StoreBroadcastMessage()
      /Users/z/work/lux/threshold/protocols/frost/sign/round2.go:98 +0x528
  github.com/luxfi/threshold/pkg/protocol.(*Handler).verifyBroadcast()
      /Users/z/work/lux/threshold/pkg/protocol/handler.go:1392 +0x648
  github.com/luxfi/threshold/pkg/protocol.(*Handler).processMessage()
      /Users/z/work/lux/threshold/pkg/protocol/handler.go:480 +0xb9c
  github.com/luxfi/threshold/pkg/protocol.(*Handler).messageWorker()
      /Users/z/work/lux/threshold/pkg/protocol/handler.go:408 +0x338
  github.com/luxfi/threshold/pkg/protocol.(*Handler).startWorkers.gowrap2()
      /Users/z/work/lux/threshold/pkg/protocol/handler.go:361 +0x44

Goroutine 3176 (running) created at:
  github.com/luxfi/threshold/pkg/protocol.(*Handler).startWorkers()
      /Users/z/work/lux/threshold/pkg/protocol/handler.go:372 +0x4fc
  github.com/luxfi/threshold/pkg/protocol.NewHandler()
      /Users/z/work/lux/threshold/pkg/protocol/handler.go:247 +0xf10
  github.com/luxfi/threshold/internal/test.(*Harness).CreateHandler()
      /Users/z/work/lux/threshold/internal/test/harness.go:91 +0x2e4
  github.com/luxfi/threshold/internal/test.RunProtocol()
      /Users/z/work/lux/threshold/internal/test/harness.go:270 +0x230
  github.com/luxfi/threshold/protocols/frost_test.TestFROSTKeygenAndSign.(*KeygenAndSign).Run.func11()
      /Users/z/work/lux/threshold/internal/test/protocol_helpers.go:114 +0x3dc
  testing.tRunner()
      /opt/homebrew/Cellar/go/1.24.6/libexec/src/testing/testing.go:1792 +0x180
  testing.(*T).Run.gowrap1()
      /opt/homebrew/Cellar/go/1.24.6/libexec/src/testing/testing.go:1851 +0x40

Goroutine 3173 (running) created at:
  github.com/luxfi/threshold/pkg/protocol.(*Handler).startWorkers()
      /Users/z/work/lux/threshold/pkg/protocol/handler.go:361 +0x334
  github.com/luxfi/threshold/pkg/protocol.NewHandler()
      /Users/z/work/lux/threshold/pkg/protocol/handler.go:247 +0xf10
  github.com/luxfi/threshold/internal/test.(*Harness).CreateHandler()
      /Users/z/work/lux/threshold/internal/test/harness.go:91 +0x2e4
  github.com/luxfi/threshold/internal/test.RunProtocol()
      /Users/z/work/lux/threshold/internal/test/harness.go:270 +0x230
  github.com/luxfi/threshold/protocols/frost_test.TestFROSTKeygenAndSign.(*KeygenAndSign).Run.func11()
      /Users/z/work/lux/threshold/internal/test/protocol_helpers.go:114 +0x3dc
  testing.tRunner()
      /opt/homebrew/Cellar/go/1.24.6/libexec/src/testing/testing.go:1792 +0x180
  testing.(*T).Run.gowrap1()
      /opt/homebrew/Cellar/go/1.24.6/libexec/src/testing/testing.go:1851 +0x40
==================
2025-08-15T22:13:00.332-0500	DEBUG	protocol/handler.go:1591	have processed broadcast	{"{round 20 2  <nil>}": {"Key":"from","Type":15,"Integer":0,"String":"d","Interface":null}}
2025-08-15T22:13:00.343-0500	DEBUG	protocol/handler.go:1600	waiting for broadcasts	{"{round 20 2  <nil>}": {"Key":"missing","Type":15,"Integer":0,"String":"[a c e f]","Interface":null}}
2025-08-15T22:13:00.343-0500	DEBUG	protocol/handler.go:581	tryAdvanceRound called	{"{current_round 20 2  <nil>}": {"Key":"self","Type":15,"Integer":0,"String":"b","Interface":null}}
2025-08-15T22:13:00.343-0500	DEBUG	protocol/handler.go:1591	have processed broadcast	{"{round 20 2  <nil>}": {"Key":"from","Type":15,"Integer":0,"String":"d","Interface":null}}
2025-08-15T22:13:00.343-0500	DEBUG	protocol/handler.go:1600	waiting for broadcasts	{"{round 20 2  <nil>}": {"Key":"missing","Type":15,"Integer":0,"String":"[a c e f]","Interface":null}}
2025-08-15T22:13:00.328-0500	DEBUG	protocol/handler.go:581	tryAdvanceRound called	{"{current_round 20 2  <nil>}": {"Key":"self","Type":15,"Integer":0,"String":"a","Interface":null}}
2025-08-15T22:13:00.343-0500	DEBUG	protocol/handler.go:1591	have processed broadcast	{"{round 20 2  <nil>}": {"Key":"from","Type":15,"Integer":0,"String":"b","Interface":null}}
2025-08-15T22:13:00.343-0500	DEBUG	protocol/handler.go:1591	have processed broadcast	{"{round 20 2  <nil>}": {"Key":"from","Type":15,"Integer":0,"String":"d","Interface":null}}
2025-08-15T22:13:00.343-0500	DEBUG	protocol/handler.go:1600	waiting for broadcasts	{"{round 20 2  <nil>}": {"Key":"missing","Type":15,"Integer":0,"String":"[c e f]","Interface":null}}
2025-08-15T22:13:00.328-0500	DEBUG	protocol/handler.go:581	tryAdvanceRound called	{"{current_round 20 2  <nil>}": {"Key":"self","Type":15,"Integer":0,"String":"d","Interface":null}}
2025-08-15T22:13:00.343-0500	DEBUG	protocol/handler.go:1591	have processed broadcast	{"{round 20 2  <nil>}": {"Key":"from","Type":15,"Integer":0,"String":"a","Interface":null}}
2025-08-15T22:13:00.343-0500	DEBUG	protocol/handler.go:1591	have processed broadcast	{"{round 20 2  <nil>}": {"Key":"from","Type":15,"Integer":0,"String":"b","Interface":null}}
2025-08-15T22:13:00.343-0500	DEBUG	protocol/handler.go:1591	have processed broadcast	{"{round 20 2  <nil>}": {"Key":"from","Type":15,"Integer":0,"String":"c","Interface":null}}
2025-08-15T22:13:00.343-0500	DEBUG	protocol/handler.go:1600	waiting for broadcasts	{"{round 20 2  <nil>}": {"Key":"missing","Type":15,"Integer":0,"String":"[e f]","Interface":null}}
2025-08-15T22:13:00.329-0500	DEBUG	protocol/handler.go:437	processing message	{"{from 15 0 e <nil>}": {"Key":"to","Type":15,"Integer":0,"String":"","Interface":null}, "{round 20 2  <nil>}": {"Key":"broadcast","Type":4,"Integer":1,"String":"","Interface":null}}
2025-08-15T22:13:00.343-0500	DEBUG	protocol/handler.go:1657	storing broadcast	{"{round 20 2  <nil>}": {"Key":"from","Type":15,"Integer":0,"String":"e","Interface":null}}
2025-08-15T22:13:00.344-0500	DEBUG	protocol/handler.go:581	tryAdvanceRound called	{"{current_round 20 2  <nil>}": {"Key":"self","Type":15,"Integer":0,"String":"a","Interface":null}}
2025-08-15T22:13:00.344-0500	DEBUG	protocol/handler.go:1591	have processed broadcast	{"{round 20 2  <nil>}": {"Key":"from","Type":15,"Integer":0,"String":"b","Interface":null}}
2025-08-15T22:13:00.344-0500	DEBUG	protocol/handler.go:1591	have processed broadcast	{"{round 20 2  <nil>}": {"Key":"from","Type":15,"Integer":0,"String":"d","Interface":null}}
2025-08-15T22:13:00.344-0500	DEBUG	protocol/handler.go:1591	have processed broadcast	{"{round 20 2  <nil>}": {"Key":"from","Type":15,"Integer":0,"String":"e","Interface":null}}
2025-08-15T22:13:00.344-0500	DEBUG	protocol/handler.go:1600	waiting for broadcasts	{"{round 20 2  <nil>}": {"Key":"missing","Type":15,"Integer":0,"String":"[c f]","Interface":null}}
2025-08-15T22:13:00.329-0500	DEBUG	protocol/handler.go:437	processing message	{"{from 15 0 e <nil>}": {"Key":"to","Type":15,"Integer":0,"String":"","Interface":null}, "{round 20 2  <nil>}": {"Key":"broadcast","Type":4,"Integer":1,"String":"","Interface":null}}
2025-08-15T22:13:00.345-0500	DEBUG	protocol/handler.go:1657	storing broadcast	{"{round 20 2  <nil>}": {"Key":"from","Type":15,"Integer":0,"String":"e","Interface":null}}
2025-08-15T22:13:00.346-0500	DEBUG	protocol/handler.go:581	tryAdvanceRound called	{"{current_round 20 2  <nil>}": {"Key":"self","Type":15,"Integer":0,"String":"c","Interface":null}}
2025-08-15T22:13:00.346-0500	DEBUG	protocol/handler.go:1591	have processed broadcast	{"{round 20 2  <nil>}": {"Key":"from","Type":15,"Integer":0,"String":"a","Interface":null}}
2025-08-15T22:13:00.346-0500	DEBUG	protocol/handler.go:1591	have processed broadcast	{"{round 20 2  <nil>}": {"Key":"from","Type":15,"Integer":0,"String":"b","Interface":null}}
2025-08-15T22:13:00.346-0500	DEBUG	protocol/handler.go:1591	have processed broadcast	{"{round 20 2  <nil>}": {"Key":"from","Type":15,"Integer":0,"String":"d","Interface":null}}
2025-08-15T22:13:00.346-0500	DEBUG	protocol/handler.go:1591	have processed broadcast	{"{round 20 2  <nil>}": {"Key":"from","Type":15,"Integer":0,"String":"e","Interface":null}}
2025-08-15T22:13:00.346-0500	DEBUG	protocol/handler.go:1600	waiting for broadcasts	{"{round 20 2  <nil>}": {"Key":"missing","Type":15,"Integer":0,"String":"[f]","Interface":null}}
2025-08-15T22:13:00.329-0500	DEBUG	protocol/handler.go:437	processing message	{"{from 15 0 a <nil>}": {"Key":"to","Type":15,"Integer":0,"String":"","Interface":null}, "{round 20 2  <nil>}": {"Key":"broadcast","Type":4,"Integer":1,"String":"","Interface":null}}
2025-08-15T22:13:00.346-0500	DEBUG	protocol/handler.go:1657	storing broadcast	{"{round 20 2  <nil>}": {"Key":"from","Type":15,"Integer":0,"String":"a","Interface":null}}
2025-08-15T22:13:00.347-0500	DEBUG	protocol/handler.go:581	tryAdvanceRound called	{"{current_round 20 2  <nil>}": {"Key":"self","Type":15,"Integer":0,"String":"b","Interface":null}}
2025-08-15T22:13:00.347-0500	DEBUG	protocol/handler.go:1591	have processed broadcast	{"{round 20 2  <nil>}": {"Key":"from","Type":15,"Integer":0,"String":"a","Interface":null}}
2025-08-15T22:13:00.347-0500	DEBUG	protocol/handler.go:1591	have processed broadcast	{"{round 20 2  <nil>}": {"Key":"from","Type":15,"Integer":0,"String":"d","Interface":null}}
2025-08-15T22:13:00.347-0500	DEBUG	protocol/handler.go:1600	waiting for broadcasts	{"{round 20 2  <nil>}": {"Key":"missing","Type":15,"Integer":0,"String":"[c e f]","Interface":null}}
2025-08-15T22:13:00.329-0500	DEBUG	protocol/handler.go:437	processing message	{"{from 15 0 e <nil>}": {"Key":"to","Type":15,"Integer":0,"String":"","Interface":null}, "{round 20 2  <nil>}": {"Key":"broadcast","Type":4,"Integer":1,"String":"","Interface":null}}
2025-08-15T22:13:00.347-0500	DEBUG	protocol/handler.go:1657	storing broadcast	{"{round 20 2  <nil>}": {"Key":"from","Type":15,"Integer":0,"String":"e","Interface":null}}
2025-08-15T22:13:00.347-0500	DEBUG	protocol/handler.go:470	message for different round (buffering)	{"{msg_round 20 2  <nil>}": {"Key":"current_round","Type":20,"Integer":1,"String":"","Interface":null}}
2025-08-15T22:13:00.347-0500	DEBUG	protocol/handler.go:581	tryAdvanceRound called	{"{current_round 20 1  <nil>}": {"Key":"self","Type":15,"Integer":0,"String":"f","Interface":null}}
2025-08-15T22:13:00.347-0500	DEBUG	protocol/handler.go:1649	have all messages and processed	{"{round 20 1  <nil>}": {"Key":"self","Type":15,"Integer":0,"String":"f","Interface":null}}
2025-08-15T22:13:00.347-0500	DEBUG	protocol/handler.go:596	round already finalized
2025-08-15T22:13:00.329-0500	DEBUG	protocol/handler.go:954	round already being initialized/finalized, skipping
2025-08-15T22:13:00.329-0500	DEBUG	protocol/handler.go:437	processing message	{"{from 15 0 c <nil>}": {"Key":"to","Type":15,"Integer":0,"String":"","Interface":null}, "{round 20 2  <nil>}": {"Key":"broadcast","Type":4,"Integer":1,"String":"","Interface":null}}
2025-08-15T22:13:00.347-0500	DEBUG	protocol/handler.go:1657	storing broadcast	{"{round 20 2  <nil>}": {"Key":"from","Type":15,"Integer":0,"String":"c","Interface":null}}
2025-08-15T22:13:00.348-0500	DEBUG	protocol/handler.go:581	tryAdvanceRound called	{"{current_round 20 2  <nil>}": {"Key":"self","Type":15,"Integer":0,"String":"b","Interface":null}}
2025-08-15T22:13:00.348-0500	DEBUG	protocol/handler.go:1591	have processed broadcast	{"{round 20 2  <nil>}": {"Key":"from","Type":15,"Integer":0,"String":"a","Interface":null}}
2025-08-15T22:13:00.348-0500	DEBUG	protocol/handler.go:1591	have processed broadcast	{"{round 20 2  <nil>}": {"Key":"from","Type":15,"Integer":0,"String":"c","Interface":null}}
2025-08-15T22:13:00.348-0500	DEBUG	protocol/handler.go:1591	have processed broadcast	{"{round 20 2  <nil>}": {"Key":"from","Type":15,"Integer":0,"String":"d","Interface":null}}
2025-08-15T22:13:00.349-0500	DEBUG	protocol/handler.go:1600	waiting for broadcasts	{"{round 20 2  <nil>}": {"Key":"missing","Type":15,"Integer":0,"String":"[e f]","Interface":null}}
2025-08-15T22:13:00.329-0500	DEBUG	protocol/handler.go:437	processing message	{"{from 15 0 e <nil>}": {"Key":"to","Type":15,"Integer":0,"String":"","Interface":null}, "{round 20 2  <nil>}": {"Key":"broadcast","Type":4,"Integer":1,"String":"","Interface":null}}
2025-08-15T22:13:00.349-0500	DEBUG	protocol/handler.go:1657	storing broadcast	{"{round 20 2  <nil>}": {"Key":"from","Type":15,"Integer":0,"String":"e","Interface":null}}
2025-08-15T22:13:00.350-0500	DEBUG	protocol/handler.go:581	tryAdvanceRound called	{"{current_round 20 2  <nil>}": {"Key":"self","Type":15,"Integer":0,"String":"b","Interface":null}}
2025-08-15T22:13:00.350-0500	DEBUG	protocol/handler.go:1591	have processed broadcast	{"{round 20 2  <nil>}": {"Key":"from","Type":15,"Integer":0,"String":"a","Interface":null}}
2025-08-15T22:13:00.350-0500	DEBUG	protocol/handler.go:1591	have processed broadcast	{"{round 20 2  <nil>}": {"Key":"from","Type":15,"Integer":0,"String":"c","Interface":null}}
2025-08-15T22:13:00.350-0500	DEBUG	protocol/handler.go:1591	have processed broadcast	{"{round 20 2  <nil>}": {"Key":"from","Type":15,"Integer":0,"String":"d","Interface":null}}
2025-08-15T22:13:00.350-0500	DEBUG	protocol/handler.go:1591	have processed broadcast	{"{round 20 2  <nil>}": {"Key":"from","Type":15,"Integer":0,"String":"e","Interface":null}}
2025-08-15T22:13:00.350-0500	DEBUG	protocol/handler.go:1600	waiting for broadcasts	{"{round 20 2  <nil>}": {"Key":"missing","Type":15,"Integer":0,"String":"[f]","Interface":null}}
2025-08-15T22:13:00.350-0500	DEBUG	protocol/handler.go:581	tryAdvanceRound called	{"{current_round 20 2  <nil>}": {"Key":"self","Type":15,"Integer":0,"String":"b","Interface":null}}
2025-08-15T22:13:00.350-0500	DEBUG	protocol/handler.go:1591	have processed broadcast	{"{round 20 2  <nil>}": {"Key":"from","Type":15,"Integer":0,"String":"a","Interface":null}}
2025-08-15T22:13:00.350-0500	DEBUG	protocol/handler.go:1591	have processed broadcast	{"{round 20 2  <nil>}": {"Key":"from","Type":15,"Integer":0,"String":"c","Interface":null}}
2025-08-15T22:13:00.350-0500	DEBUG	protocol/handler.go:1591	have processed broadcast	{"{round 20 2  <nil>}": {"Key":"from","Type":15,"Integer":0,"String":"d","Interface":null}}
2025-08-15T22:13:00.350-0500	DEBUG	protocol/handler.go:1591	have processed broadcast	{"{round 20 2  <nil>}": {"Key":"from","Type":15,"Integer":0,"String":"e","Interface":null}}
2025-08-15T22:13:00.350-0500	DEBUG	protocol/handler.go:1600	waiting for broadcasts	{"{round 20 2  <nil>}": {"Key":"missing","Type":15,"Integer":0,"String":"[f]","Interface":null}}
2025-08-15T22:13:00.329-0500	DEBUG	protocol/handler.go:581	tryAdvanceRound called	{"{current_round 20 2  <nil>}": {"Key":"self","Type":15,"Integer":0,"String":"d","Interface":null}}
2025-08-15T22:13:00.350-0500	DEBUG	protocol/handler.go:1591	have processed broadcast	{"{round 20 2  <nil>}": {"Key":"from","Type":15,"Integer":0,"String":"a","Interface":null}}
2025-08-15T22:13:00.350-0500	DEBUG	protocol/handler.go:1591	have processed broadcast	{"{round 20 2  <nil>}": {"Key":"from","Type":15,"Integer":0,"String":"b","Interface":null}}
2025-08-15T22:13:00.350-0500	DEBUG	protocol/handler.go:1591	have processed broadcast	{"{round 20 2  <nil>}": {"Key":"from","Type":15,"Integer":0,"String":"c","Interface":null}}
2025-08-15T22:13:00.350-0500	DEBUG	protocol/handler.go:1600	waiting for broadcasts	{"{round 20 2  <nil>}": {"Key":"missing","Type":15,"Integer":0,"String":"[e f]","Interface":null}}
2025-08-15T22:13:00.329-0500	DEBUG	protocol/handler.go:437	processing message	{"{from 15 0 c <nil>}": {"Key":"to","Type":15,"Integer":0,"String":"","Interface":null}, "{round 20 2  <nil>}": {"Key":"broadcast","Type":4,"Integer":1,"String":"","Interface":null}}
2025-08-15T22:13:00.350-0500	DEBUG	protocol/handler.go:1657	storing broadcast	{"{round 20 2  <nil>}": {"Key":"from","Type":15,"Integer":0,"String":"c","Interface":null}}
2025-08-15T22:13:00.351-0500	DEBUG	protocol/handler.go:581	tryAdvanceRound called	{"{current_round 20 2  <nil>}": {"Key":"self","Type":15,"Integer":0,"String":"e","Interface":null}}
2025-08-15T22:13:00.351-0500	DEBUG	protocol/handler.go:1591	have processed broadcast	{"{round 20 2  <nil>}": {"Key":"from","Type":15,"Integer":0,"String":"b","Interface":null}}
2025-08-15T22:13:00.352-0500	DEBUG	protocol/handler.go:1591	have processed broadcast	{"{round 20 2  <nil>}": {"Key":"from","Type":15,"Integer":0,"String":"c","Interface":null}}
2025-08-15T22:13:00.352-0500	DEBUG	protocol/handler.go:1600	waiting for broadcasts	{"{round 20 2  <nil>}": {"Key":"missing","Type":15,"Integer":0,"String":"[a d f]","Interface":null}}
2025-08-15T22:13:00.329-0500	DEBUG	protocol/handler.go:437	processing message	{"{from 15 0 e <nil>}": {"Key":"to","Type":15,"Integer":0,"String":"","Interface":null}, "{round 20 2  <nil>}": {"Key":"broadcast","Type":4,"Integer":1,"String":"","Interface":null}}
2025-08-15T22:13:00.352-0500	DEBUG	protocol/handler.go:1657	storing broadcast	{"{round 20 2  <nil>}": {"Key":"from","Type":15,"Integer":0,"String":"e","Interface":null}}
==================
WARNING: DATA RACE
Read at 0x00c0011dede0 by goroutine 3144:
  runtime.mapdelete_fast64()
      /opt/homebrew/Cellar/go/1.24.6/libexec/src/internal/runtime/maps/runtime_fast64_swiss.go:497 +0x8c
  github.com/luxfi/threshold/protocols/frost/sign.(*round2).StoreBroadcastMessage()
      /Users/z/work/lux/threshold/protocols/frost/sign/round2.go:73 +0x160
  github.com/luxfi/threshold/pkg/protocol.(*Handler).verifyBroadcast()
      /Users/z/work/lux/threshold/pkg/protocol/handler.go:1392 +0x648
  github.com/luxfi/threshold/pkg/protocol.(*Handler).processMessage()
      /Users/z/work/lux/threshold/pkg/protocol/handler.go:480 +0xb9c
  github.com/luxfi/threshold/pkg/protocol.(*Handler).messageWorker()
      /Users/z/work/lux/threshold/pkg/protocol/handler.go:408 +0x338
  github.com/luxfi/threshold/pkg/protocol.(*Handler).startWorkers.gowrap2()
      /Users/z/work/lux/threshold/pkg/protocol/handler.go:361 +0x44

Previous write at 0x00c0011dede0 by goroutine 3146:
  runtime.mapaccess2_faststr()
      /opt/homebrew/Cellar/go/1.24.6/libexec/src/internal/runtime/maps/runtime_faststr_swiss.go:162 +0x29c
  github.com/luxfi/threshold/protocols/frost/sign.(*round2).StoreBroadcastMessage()
      /Users/z/work/lux/threshold/protocols/frost/sign/round2.go:98 +0x51c
  github.com/luxfi/threshold/pkg/protocol.(*Handler).verifyBroadcast()
      /Users/z/work/lux/threshold/pkg/protocol/handler.go:1392 +0x648
  github.com/luxfi/threshold/pkg/protocol.(*Handler).processMessage()
      /Users/z/work/lux/threshold/pkg/protocol/handler.go:480 +0xb9c
  github.com/luxfi/threshold/pkg/protocol.(*Handler).messageWorker()
      /Users/z/work/lux/threshold/pkg/protocol/handler.go:408 +0x338
  github.com/luxfi/threshold/pkg/protocol.(*Handler).startWorkers.gowrap2()
      /Users/z/work/lux/threshold/pkg/protocol/handler.go:361 +0x44

Goroutine 3144 (running) created at:
  github.com/luxfi/threshold/pkg/protocol.(*Handler).startWorkers()
      /Users/z/work/lux/threshold/pkg/protocol/handler.go:361 +0x334
  github.com/luxfi/threshold/pkg/protocol.NewHandler()
      /Users/z/work/lux/threshold/pkg/protocol/handler.go:247 +0xf10
  github.com/luxfi/threshold/internal/test.(*Harness).CreateHandler()
      /Users/z/work/lux/threshold/internal/test/harness.go:91 +0x2e4
  github.com/luxfi/threshold/internal/test.RunProtocol()
      /Users/z/work/lux/threshold/internal/test/harness.go:270 +0x230
  github.com/luxfi/threshold/protocols/frost_test.TestFROSTKeygenAndSign.(*KeygenAndSign).Run.func11()
      /Users/z/work/lux/threshold/internal/test/protocol_helpers.go:114 +0x3dc
  testing.tRunner()
      /opt/homebrew/Cellar/go/1.24.6/libexec/src/testing/testing.go:1792 +0x180
  testing.(*T).Run.gowrap1()
      /opt/homebrew/Cellar/go/1.24.6/libexec/src/testing/testing.go:1851 +0x40

Goroutine 3146 (running) created at:
  github.com/luxfi/threshold/pkg/protocol.(*Handler).startWorkers()
      /Users/z/work/lux/threshold/pkg/protocol/handler.go:361 +0x334
  github.com/luxfi/threshold/pkg/protocol.NewHandler()
      /Users/z/work/lux/threshold/pkg/protocol/handler.go:247 +0xf10
  github.com/luxfi/threshold/internal/test.(*Harness).CreateHandler()
      /Users/z/work/lux/threshold/internal/test/harness.go:91 +0x2e4
  github.com/luxfi/threshold/internal/test.RunProtocol()
      /Users/z/work/lux/threshold/internal/test/harness.go:270 +0x230
  github.com/luxfi/threshold/protocols/frost_test.TestFROSTKeygenAndSign.(*KeygenAndSign).Run.func11()
      /Users/z/work/lux/threshold/internal/test/protocol_helpers.go:114 +0x3dc
  testing.tRunner()
      /opt/homebrew/Cellar/go/1.24.6/libexec/src/testing/testing.go:1792 +0x180
  testing.(*T).Run.gowrap1()
      /opt/homebrew/Cellar/go/1.24.6/libexec/src/testing/testing.go:1851 +0x40
==================
2025-08-15T22:13:00.352-0500	DEBUG	protocol/handler.go:581	tryAdvanceRound called	{"{current_round 20 2  <nil>}": {"Key":"self","Type":15,"Integer":0,"String":"b","Interface":null}}
2025-08-15T22:13:00.352-0500	DEBUG	protocol/handler.go:1591	have processed broadcast	{"{round 20 2  <nil>}": {"Key":"from","Type":15,"Integer":0,"String":"a","Interface":null}}
2025-08-15T22:13:00.353-0500	DEBUG	protocol/handler.go:1591	have processed broadcast	{"{round 20 2  <nil>}": {"Key":"from","Type":15,"Integer":0,"String":"c","Interface":null}}
2025-08-15T22:13:00.353-0500	DEBUG	protocol/handler.go:581	tryAdvanceRound called	{"{current_round 20 2  <nil>}": {"Key":"self","Type":15,"Integer":0,"String":"d","Interface":null}}
2025-08-15T22:13:00.353-0500	DEBUG	protocol/handler.go:1591	have processed broadcast	{"{round 20 2  <nil>}": {"Key":"from","Type":15,"Integer":0,"String":"a","Interface":null}}
2025-08-15T22:13:00.353-0500	DEBUG	protocol/handler.go:1591	have processed broadcast	{"{round 20 2  <nil>}": {"Key":"from","Type":15,"Integer":0,"String":"d","Interface":null}}
2025-08-15T22:13:00.329-0500	DEBUG	protocol/handler.go:437	processing message	{"{from 15 0 a <nil>}": {"Key":"to","Type":15,"Integer":0,"String":"","Interface":null}, "{round 20 2  <nil>}": {"Key":"broadcast","Type":4,"Integer":1,"String":"","Interface":null}}
2025-08-15T22:13:00.353-0500	DEBUG	protocol/handler.go:1591	have processed broadcast	{"{round 20 2  <nil>}": {"Key":"from","Type":15,"Integer":0,"String":"e","Interface":null}}
2025-08-15T22:13:00.353-0500	DEBUG	protocol/handler.go:1657	storing broadcast	{"{round 20 2  <nil>}": {"Key":"from","Type":15,"Integer":0,"String":"a","Interface":null}}
2025-08-15T22:13:00.353-0500	DEBUG	protocol/handler.go:1600	waiting for broadcasts	{"{round 20 2  <nil>}": {"Key":"missing","Type":15,"Integer":0,"String":"[f]","Interface":null}}
2025-08-15T22:13:00.329-0500	DEBUG	protocol/handler.go:437	processing message	{"{from 15 0 c <nil>}": {"Key":"to","Type":15,"Integer":0,"String":"","Interface":null}, "{round 20 2  <nil>}": {"Key":"broadcast","Type":4,"Integer":1,"String":"","Interface":null}}
2025-08-15T22:13:00.353-0500	DEBUG	protocol/handler.go:1657	storing broadcast	{"{round 20 2  <nil>}": {"Key":"from","Type":15,"Integer":0,"String":"c","Interface":null}}
2025-08-15T22:13:00.327-0500	DEBUG	protocol/handler.go:581	tryAdvanceRound called	{"{current_round 20 2  <nil>}": {"Key":"self","Type":15,"Integer":0,"String":"c","Interface":null}}
2025-08-15T22:13:00.332-0500	DEBUG	protocol/handler.go:581	tryAdvanceRound called	{"{current_round 20 2  <nil>}": {"Key":"self","Type":15,"Integer":0,"String":"d","Interface":null}}
2025-08-15T22:13:00.354-0500	DEBUG	protocol/handler.go:1591	have processed broadcast	{"{round 20 2  <nil>}": {"Key":"from","Type":15,"Integer":0,"String":"a","Interface":null}}
2025-08-15T22:13:00.332-0500	INFO	protocol/handler.go:560	advanced to round
2025-08-15T22:13:00.354-0500	DEBUG	protocol/handler.go:1591	have processed broadcast	{"{round 20 2  <nil>}": {"Key":"from","Type":15,"Integer":0,"String":"a","Interface":null}}
2025-08-15T22:13:00.354-0500	DEBUG	protocol/handler.go:1591	have processed broadcast	{"{round 20 2  <nil>}": {"Key":"from","Type":15,"Integer":0,"String":"b","Interface":null}}
2025-08-15T22:13:00.354-0500	DEBUG	protocol/handler.go:1591	have processed broadcast	{"{round 20 2  <nil>}": {"Key":"from","Type":15,"Integer":0,"String":"b","Interface":null}}
2025-08-15T22:13:00.354-0500	DEBUG	protocol/handler.go:1591	have processed broadcast	{"{round 20 2  <nil>}": {"Key":"from","Type":15,"Integer":0,"String":"d","Interface":null}}
2025-08-15T22:13:00.354-0500	DEBUG	protocol/handler.go:1591	have processed broadcast	{"{round 20 2  <nil>}": {"Key":"from","Type":15,"Integer":0,"String":"c","Interface":null}}
2025-08-15T22:13:00.354-0500	DEBUG	protocol/handler.go:1591	have processed broadcast	{"{round 20 2  <nil>}": {"Key":"from","Type":15,"Integer":0,"String":"e","Interface":null}}
2025-08-15T22:13:00.354-0500	DEBUG	protocol/handler.go:1591	have processed broadcast	{"{round 20 2  <nil>}": {"Key":"from","Type":15,"Integer":0,"String":"e","Interface":null}}
2025-08-15T22:13:00.354-0500	DEBUG	protocol/handler.go:1600	waiting for broadcasts	{"{round 20 2  <nil>}": {"Key":"missing","Type":15,"Integer":0,"String":"[f]","Interface":null}}
2025-08-15T22:13:00.354-0500	DEBUG	protocol/handler.go:581	tryAdvanceRound called	{"{current_round 20 1  <nil>}": {"Key":"self","Type":15,"Integer":0,"String":"f","Interface":null}}
2025-08-15T22:13:00.354-0500	DEBUG	protocol/handler.go:1600	waiting for broadcasts	{"{round 20 2  <nil>}": {"Key":"missing","Type":15,"Integer":0,"String":"[f]","Interface":null}}
2025-08-15T22:13:00.354-0500	DEBUG	protocol/handler.go:1649	have all messages and processed	{"{round 20 1  <nil>}": {"Key":"self","Type":15,"Integer":0,"String":"f","Interface":null}}
2025-08-15T22:13:00.354-0500	DEBUG	protocol/handler.go:581	tryAdvanceRound called	{"{current_round 20 2  <nil>}": {"Key":"self","Type":15,"Integer":0,"String":"d","Interface":null}}
2025-08-15T22:13:00.354-0500	DEBUG	protocol/handler.go:581	tryAdvanceRound called	{"{current_round 20 2  <nil>}": {"Key":"self","Type":15,"Integer":0,"String":"a","Interface":null}}
2025-08-15T22:13:00.334-0500	DEBUG	protocol/handler.go:1591	have processed broadcast	{"{round 20 2  <nil>}": {"Key":"from","Type":15,"Integer":0,"String":"d","Interface":null}}
2025-08-15T22:13:00.354-0500	DEBUG	protocol/handler.go:1591	have processed broadcast	{"{round 20 2  <nil>}": {"Key":"from","Type":15,"Integer":0,"String":"a","Interface":null}}
2025-08-15T22:13:00.354-0500	DEBUG	protocol/handler.go:1591	have processed broadcast	{"{round 20 2  <nil>}": {"Key":"from","Type":15,"Integer":0,"String":"b","Interface":null}}
2025-08-15T22:13:00.354-0500	DEBUG	protocol/handler.go:1591	have processed broadcast	{"{round 20 2  <nil>}": {"Key":"from","Type":15,"Integer":0,"String":"b","Interface":null}}
2025-08-15T22:13:00.354-0500	DEBUG	protocol/handler.go:1600	waiting for broadcasts	{"{round 20 2  <nil>}": {"Key":"missing","Type":15,"Integer":0,"String":"[a c e f]","Interface":null}}
2025-08-15T22:13:00.338-0500	DEBUG	protocol/handler.go:581	tryAdvanceRound called	{"{current_round 20 2  <nil>}": {"Key":"self","Type":15,"Integer":0,"String":"c","Interface":null}}
2025-08-15T22:13:00.354-0500	DEBUG	protocol/handler.go:1591	have processed broadcast	{"{round 20 2  <nil>}": {"Key":"from","Type":15,"Integer":0,"String":"c","Interface":null}}
2025-08-15T22:13:00.339-0500	DEBUG	protocol/handler.go:581	tryAdvanceRound called	{"{current_round 20 2  <nil>}": {"Key":"self","Type":15,"Integer":0,"String":"c","Interface":null}}
2025-08-15T22:13:00.354-0500	DEBUG	protocol/handler.go:1591	have processed broadcast	{"{round 20 2  <nil>}": {"Key":"from","Type":15,"Integer":0,"String":"a","Interface":null}}
2025-08-15T22:13:00.354-0500	DEBUG	protocol/handler.go:1591	have processed broadcast	{"{round 20 2  <nil>}": {"Key":"from","Type":15,"Integer":0,"String":"e","Interface":null}}
2025-08-15T22:13:00.354-0500	DEBUG	protocol/handler.go:1591	have processed broadcast	{"{round 20 2  <nil>}": {"Key":"from","Type":15,"Integer":0,"String":"b","Interface":null}}
2025-08-15T22:13:00.339-0500	DEBUG	protocol/handler.go:581	tryAdvanceRound called	{"{current_round 20 2  <nil>}": {"Key":"self","Type":15,"Integer":0,"String":"a","Interface":null}}
2025-08-15T22:13:00.354-0500	DEBUG	protocol/handler.go:1591	have processed broadcast	{"{round 20 2  <nil>}": {"Key":"from","Type":15,"Integer":0,"String":"c","Interface":null}}
2025-08-15T22:13:00.355-0500	DEBUG	protocol/handler.go:1591	have processed broadcast	{"{round 20 2  <nil>}": {"Key":"from","Type":15,"Integer":0,"String":"b","Interface":null}}
2025-08-15T22:13:00.355-0500	DEBUG	protocol/handler.go:581	tryAdvanceRound called	{"{current_round 20 2  <nil>}": {"Key":"self","Type":15,"Integer":0,"String":"e","Interface":null}}
2025-08-15T22:13:00.355-0500	DEBUG	protocol/handler.go:1591	have processed broadcast	{"{round 20 2  <nil>}": {"Key":"from","Type":15,"Integer":0,"String":"c","Interface":null}}
2025-08-15T22:13:00.355-0500	DEBUG	protocol/handler.go:1591	have processed broadcast	{"{round 20 2  <nil>}": {"Key":"from","Type":15,"Integer":0,"String":"d","Interface":null}}
2025-08-15T22:13:00.355-0500	DEBUG	protocol/handler.go:1591	have processed broadcast	{"{round 20 2  <nil>}": {"Key":"from","Type":15,"Integer":0,"String":"a","Interface":null}}
2025-08-15T22:13:00.355-0500	DEBUG	protocol/handler.go:1591	have processed broadcast	{"{round 20 2  <nil>}": {"Key":"from","Type":15,"Integer":0,"String":"e","Interface":null}}
2025-08-15T22:13:00.355-0500	DEBUG	protocol/handler.go:1591	have processed broadcast	{"{round 20 2  <nil>}": {"Key":"from","Type":15,"Integer":0,"String":"b","Interface":null}}
2025-08-15T22:13:00.355-0500	DEBUG	protocol/handler.go:1600	waiting for broadcasts	{"{round 20 2  <nil>}": {"Key":"missing","Type":15,"Integer":0,"String":"[f]","Interface":null}}
2025-08-15T22:13:00.355-0500	DEBUG	protocol/handler.go:1591	have processed broadcast	{"{round 20 2  <nil>}": {"Key":"from","Type":15,"Integer":0,"String":"c","Interface":null}}
2025-08-15T22:13:00.355-0500	DEBUG	protocol/handler.go:581	tryAdvanceRound called	{"{current_round 20 2  <nil>}": {"Key":"self","Type":15,"Integer":0,"String":"a","Interface":null}}
2025-08-15T22:13:00.355-0500	DEBUG	protocol/handler.go:1600	waiting for broadcasts	{"{round 20 2  <nil>}": {"Key":"missing","Type":15,"Integer":0,"String":"[d f]","Interface":null}}
2025-08-15T22:13:00.355-0500	DEBUG	protocol/handler.go:1591	have processed broadcast	{"{round 20 2  <nil>}": {"Key":"from","Type":15,"Integer":0,"String":"d","Interface":null}}
2025-08-15T22:13:00.330-0500	DEBUG	protocol/handler.go:1591	have processed broadcast	{"{round 20 2  <nil>}": {"Key":"from","Type":15,"Integer":0,"String":"b","Interface":null}}
2025-08-15T22:13:00.355-0500	DEBUG	protocol/handler.go:1591	have processed broadcast	{"{round 20 2  <nil>}": {"Key":"from","Type":15,"Integer":0,"String":"b","Interface":null}}
2025-08-15T22:13:00.355-0500	DEBUG	protocol/handler.go:1591	have processed broadcast	{"{round 20 2  <nil>}": {"Key":"from","Type":15,"Integer":0,"String":"e","Interface":null}}
2025-08-15T22:13:00.355-0500	DEBUG	protocol/handler.go:1591	have processed broadcast	{"{round 20 2  <nil>}": {"Key":"from","Type":15,"Integer":0,"String":"d","Interface":null}}
2025-08-15T22:13:00.355-0500	DEBUG	protocol/handler.go:1591	have processed broadcast	{"{round 20 2  <nil>}": {"Key":"from","Type":15,"Integer":0,"String":"c","Interface":null}}
2025-08-15T22:13:00.355-0500	DEBUG	protocol/handler.go:1600	waiting for broadcasts	{"{round 20 2  <nil>}": {"Key":"missing","Type":15,"Integer":0,"String":"[f]","Interface":null}}
2025-08-15T22:13:00.355-0500	DEBUG	protocol/handler.go:1600	waiting for broadcasts	{"{round 20 2  <nil>}": {"Key":"missing","Type":15,"Integer":0,"String":"[c e f]","Interface":null}}
2025-08-15T22:13:00.342-0500	DEBUG	protocol/handler.go:954	round already being initialized/finalized, skipping
2025-08-15T22:13:00.332-0500	DEBUG	protocol/handler.go:1039	sendRoundMessage	{"{from 15 0 f <nil>}": {"Key":"to","Type":15,"Integer":0,"String":"","Interface":null}, "{round 20 2  <nil>}": {"Key":"broadcast","Type":4,"Integer":1,"String":"","Interface":null}}
2025-08-15T22:13:00.355-0500	DEBUG	protocol/handler.go:1591	have processed broadcast	{"{round 20 2  <nil>}": {"Key":"from","Type":15,"Integer":0,"String":"d","Interface":null}}
2025-08-15T22:13:00.342-0500	DEBUG	protocol/handler.go:1591	have processed broadcast	{"{round 20 2  <nil>}": {"Key":"from","Type":15,"Integer":0,"String":"a","Interface":null}}
2025-08-15T22:13:00.355-0500	DEBUG	protocol/handler.go:1591	have processed broadcast	{"{round 20 2  <nil>}": {"Key":"from","Type":15,"Integer":0,"String":"e","Interface":null}}
2025-08-15T22:13:00.355-0500	DEBUG	protocol/handler.go:1591	have processed broadcast	{"{round 20 2  <nil>}": {"Key":"from","Type":15,"Integer":0,"String":"b","Interface":null}}
2025-08-15T22:13:00.355-0500	DEBUG	protocol/handler.go:1600	waiting for broadcasts	{"{round 20 2  <nil>}": {"Key":"missing","Type":15,"Integer":0,"String":"[f]","Interface":null}}
2025-08-15T22:13:00.355-0500	DEBUG	protocol/handler.go:1591	have processed broadcast	{"{round 20 2  <nil>}": {"Key":"from","Type":15,"Integer":0,"String":"d","Interface":null}}
2025-08-15T22:13:00.353-0500	DEBUG	protocol/handler.go:1591	have processed broadcast	{"{round 20 2  <nil>}": {"Key":"from","Type":15,"Integer":0,"String":"b","Interface":null}}
2025-08-15T22:13:00.355-0500	DEBUG	protocol/handler.go:1600	waiting for broadcasts	{"{round 20 2  <nil>}": {"Key":"missing","Type":15,"Integer":0,"String":"[e f]","Interface":null}}
2025-08-15T22:13:00.355-0500	DEBUG	protocol/handler.go:1591	have processed broadcast	{"{round 20 2  <nil>}": {"Key":"from","Type":15,"Integer":0,"String":"c","Interface":null}}
2025-08-15T22:13:00.355-0500	DEBUG	protocol/handler.go:581	tryAdvanceRound called	{"{current_round 20 2  <nil>}": {"Key":"self","Type":15,"Integer":0,"String":"c","Interface":null}}
2025-08-15T22:13:00.355-0500	DEBUG	protocol/handler.go:1591	have processed broadcast	{"{round 20 2  <nil>}": {"Key":"from","Type":15,"Integer":0,"String":"e","Interface":null}}
2025-08-15T22:13:00.355-0500	DEBUG	protocol/handler.go:1591	have processed broadcast	{"{round 20 2  <nil>}": {"Key":"from","Type":15,"Integer":0,"String":"a","Interface":null}}
2025-08-15T22:13:00.355-0500	DEBUG	protocol/handler.go:1600	waiting for broadcasts	{"{round 20 2  <nil>}": {"Key":"missing","Type":15,"Integer":0,"String":"[f]","Interface":null}}
2025-08-15T22:13:00.332-0500	DEBUG	protocol/handler.go:1591	have processed broadcast	{"{round 20 2  <nil>}": {"Key":"from","Type":15,"Integer":0,"String":"a","Interface":null}}
2025-08-15T22:13:00.354-0500	DEBUG	protocol/handler.go:596	round already finalized
2025-08-15T22:13:00.355-0500	DEBUG	protocol/handler.go:1591	have processed broadcast	{"{round 20 2  <nil>}": {"Key":"from","Type":15,"Integer":0,"String":"b","Interface":null}}
2025-08-15T22:13:00.329-0500	DEBUG	protocol/handler.go:437	processing message	{"{from 15 0 d <nil>}": {"Key":"to","Type":15,"Integer":0,"String":"","Interface":null}, "{round 20 2  <nil>}": {"Key":"broadcast","Type":4,"Integer":1,"String":"","Interface":null}}
2025-08-15T22:13:00.355-0500	DEBUG	protocol/handler.go:1600	waiting for broadcasts	{"{round 20 2  <nil>}": {"Key":"missing","Type":15,"Integer":0,"String":"[f]","Interface":null}}
2025-08-15T22:13:00.332-0500	DEBUG	protocol/handler.go:581	tryAdvanceRound called	{"{current_round 20 2  <nil>}": {"Key":"self","Type":15,"Integer":0,"String":"e","Interface":null}}
2025-08-15T22:13:00.355-0500	DEBUG	protocol/handler.go:1657	storing broadcast	{"{round 20 2  <nil>}": {"Key":"from","Type":15,"Integer":0,"String":"f","Interface":null}}
2025-08-15T22:13:00.355-0500	DEBUG	protocol/handler.go:1591	have processed broadcast	{"{round 20 2  <nil>}": {"Key":"from","Type":15,"Integer":0,"String":"d","Interface":null}}
2025-08-15T22:13:00.355-0500	DEBUG	protocol/handler.go:1657	storing broadcast	{"{round 20 2  <nil>}": {"Key":"from","Type":15,"Integer":0,"String":"d","Interface":null}}
2025-08-15T22:13:00.354-0500	DEBUG	protocol/handler.go:1591	have processed broadcast	{"{round 20 2  <nil>}": {"Key":"from","Type":15,"Integer":0,"String":"a","Interface":null}}
2025-08-15T22:13:00.356-0500	DEBUG	protocol/handler.go:1081	sent message to output channel	{"{from 15 0 f <nil>}": {"Key":"to","Type":15,"Integer":0,"String":"","Interface":null}, "{round 20 2  <nil>}": {"Key":"broadcast","Type":4,"Integer":1,"String":"","Interface":null}}
2025-08-15T22:13:00.356-0500	DEBUG	protocol/handler.go:1591	have processed broadcast	{"{round 20 2  <nil>}": {"Key":"from","Type":15,"Integer":0,"String":"e","Interface":null}}
2025-08-15T22:13:00.356-0500	DEBUG	protocol/handler.go:1591	have processed broadcast	{"{round 20 2  <nil>}": {"Key":"from","Type":15,"Integer":0,"String":"b","Interface":null}}
2025-08-15T22:13:00.355-0500	DEBUG	protocol/handler.go:581	tryAdvanceRound called	{"{current_round 20 1  <nil>}": {"Key":"self","Type":15,"Integer":0,"String":"f","Interface":null}}
2025-08-15T22:13:00.356-0500	DEBUG	protocol/handler.go:1182	finalized round messages	{"{round 20 1  <nil>}": {"Key":"messages","Type":11,"Integer":1,"String":"","Interface":null}}
2025-08-15T22:13:00.356-0500	DEBUG	protocol/handler.go:1600	waiting for broadcasts	{"{round 20 2  <nil>}": {"Key":"missing","Type":15,"Integer":0,"String":"[f]","Interface":null}}
2025-08-15T22:13:00.356-0500	DEBUG	protocol/handler.go:1591	have processed broadcast	{"{round 20 2  <nil>}": {"Key":"from","Type":15,"Integer":0,"String":"d","Interface":null}}
2025-08-15T22:13:00.356-0500	DEBUG	protocol/handler.go:1239	finalize returned next round	{"{current 20 1  <nil>}": {"Key":"next","Type":20,"Integer":2,"String":"","Interface":null}}
2025-08-15T22:13:00.356-0500	DEBUG	protocol/handler.go:1591	have processed broadcast	{"{round 20 2  <nil>}": {"Key":"from","Type":15,"Integer":0,"String":"a","Interface":null}}
2025-08-15T22:13:00.356-0500	DEBUG	protocol/handler.go:1591	have processed broadcast	{"{round 20 2  <nil>}": {"Key":"from","Type":15,"Integer":0,"String":"e","Interface":null}}
2025-08-15T22:13:00.356-0500	DEBUG	protocol/handler.go:437	processing message	{"{from 15 0 f <nil>}": {"Key":"to","Type":15,"Integer":0,"String":"","Interface":null}, "{round 20 2  <nil>}": {"Key":"broadcast","Type":4,"Integer":1,"String":"","Interface":null}}
2025-08-15T22:13:00.356-0500	INFO	protocol/handler.go:642	storing new currentRound	{"{from 20 1  <nil>}": {"Key":"to","Type":20,"Integer":2,"String":"","Interface":null}}
2025-08-15T22:13:00.356-0500	DEBUG	protocol/handler.go:1600	waiting for broadcasts	{"{round 20 2  <nil>}": {"Key":"missing","Type":15,"Integer":0,"String":"[f]","Interface":null}}
2025-08-15T22:13:00.355-0500	DEBUG	protocol/handler.go:1591	have processed broadcast	{"{round 20 2  <nil>}": {"Key":"from","Type":15,"Integer":0,"String":"b","Interface":null}}
2025-08-15T22:13:00.356-0500	DEBUG	protocol/handler.go:1503	processing queued messages
2025-08-15T22:13:00.356-0500	DEBUG	protocol/handler.go:1657	storing broadcast	{"{round 20 2  <nil>}": {"Key":"from","Type":15,"Integer":0,"String":"f","Interface":null}}
2025-08-15T22:13:00.356-0500	DEBUG	protocol/handler.go:1649	have all messages and processed	{"{round 20 1  <nil>}": {"Key":"self","Type":15,"Integer":0,"String":"f","Interface":null}}
2025-08-15T22:13:00.356-0500	DEBUG	protocol/handler.go:1503	processing queued messages
2025-08-15T22:13:00.356-0500	DEBUG	protocol/handler.go:596	round already finalized
2025-08-15T22:13:00.356-0500	DEBUG	protocol/handler.go:437	processing message	{"{from 15 0 f <nil>}": {"Key":"to","Type":15,"Integer":0,"String":"","Interface":null}, "{round 20 2  <nil>}": {"Key":"broadcast","Type":4,"Integer":1,"String":"","Interface":null}}
2025-08-15T22:13:00.356-0500	DEBUG	protocol/handler.go:1657	storing broadcast	{"{round 20 2  <nil>}": {"Key":"from","Type":15,"Integer":0,"String":"f","Interface":null}}
2025-08-15T22:13:00.356-0500	DEBUG	protocol/handler.go:1591	have processed broadcast	{"{round 20 2  <nil>}": {"Key":"from","Type":15,"Integer":0,"String":"b","Interface":null}}
2025-08-15T22:13:00.356-0500	DEBUG	protocol/handler.go:600	current round already advanced	{"{checking 20 1  <nil>}": {"Key":"current","Type":20,"Integer":2,"String":"","Interface":null}}
2025-08-15T22:13:00.356-0500	DEBUG	protocol/handler.go:437	processing message	{"{from 15 0 f <nil>}": {"Key":"to","Type":15,"Integer":0,"String":"","Interface":null}, "{round 20 2  <nil>}": {"Key":"broadcast","Type":4,"Integer":1,"String":"","Interface":null}}
2025-08-15T22:13:00.356-0500	DEBUG	protocol/handler.go:1591	have processed broadcast	{"{round 20 2  <nil>}": {"Key":"from","Type":15,"Integer":0,"String":"c","Interface":null}}
2025-08-15T22:13:00.356-0500	DEBUG	protocol/handler.go:1600	waiting for broadcasts	{"{round 20 2  <nil>}": {"Key":"missing","Type":15,"Integer":0,"String":"[d f]","Interface":null}}
2025-08-15T22:13:00.356-0500	DEBUG	protocol/handler.go:581	tryAdvanceRound called	{"{current_round 20 2  <nil>}": {"Key":"self","Type":15,"Integer":0,"String":"e","Interface":null}}
2025-08-15T22:13:00.356-0500	DEBUG	protocol/handler.go:1657	storing broadcast	{"{round 20 2  <nil>}": {"Key":"from","Type":15,"Integer":0,"String":"f","Interface":null}}
2025-08-15T22:13:00.356-0500	DEBUG	protocol/handler.go:437	processing message	{"{from 15 0 f <nil>}": {"Key":"to","Type":15,"Integer":0,"String":"","Interface":null}, "{round 20 2  <nil>}": {"Key":"broadcast","Type":4,"Integer":1,"String":"","Interface":null}}
2025-08-15T22:13:00.356-0500	DEBUG	protocol/handler.go:1657	storing broadcast	{"{round 20 2  <nil>}": {"Key":"from","Type":15,"Integer":0,"String":"f","Interface":null}}
2025-08-15T22:13:00.357-0500	DEBUG	protocol/handler.go:581	tryAdvanceRound called	{"{current_round 20 2  <nil>}": {"Key":"self","Type":15,"Integer":0,"String":"d","Interface":null}}
2025-08-15T22:13:00.357-0500	DEBUG	protocol/handler.go:1591	have processed broadcast	{"{round 20 2  <nil>}": {"Key":"from","Type":15,"Integer":0,"String":"a","Interface":null}}
2025-08-15T22:13:00.357-0500	DEBUG	protocol/handler.go:1591	have processed broadcast	{"{round 20 2  <nil>}": {"Key":"from","Type":15,"Integer":0,"String":"b","Interface":null}}
2025-08-15T22:13:00.357-0500	DEBUG	protocol/handler.go:1591	have processed broadcast	{"{round 20 2  <nil>}": {"Key":"from","Type":15,"Integer":0,"String":"c","Interface":null}}
2025-08-15T22:13:00.357-0500	DEBUG	protocol/handler.go:581	tryAdvanceRound called	{"{current_round 20 2  <nil>}": {"Key":"self","Type":15,"Integer":0,"String":"e","Interface":null}}
2025-08-15T22:13:00.357-0500	DEBUG	protocol/handler.go:1591	have processed broadcast	{"{round 20 2  <nil>}": {"Key":"from","Type":15,"Integer":0,"String":"e","Interface":null}}
2025-08-15T22:13:00.357-0500	DEBUG	protocol/handler.go:1591	have processed broadcast	{"{round 20 2  <nil>}": {"Key":"from","Type":15,"Integer":0,"String":"f","Interface":null}}
2025-08-15T22:13:00.357-0500	DEBUG	protocol/handler.go:1649	have all messages and processed	{"{round 20 2  <nil>}": {"Key":"self","Type":15,"Integer":0,"String":"d","Interface":null}}
2025-08-15T22:13:00.357-0500	DEBUG	protocol/handler.go:619	finalizing round
2025-08-15T22:13:00.356-0500	DEBUG	protocol/handler.go:437	processing message	{"{from 15 0 f <nil>}": {"Key":"to","Type":15,"Integer":0,"String":"","Interface":null}, "{round 20 2  <nil>}": {"Key":"broadcast","Type":4,"Integer":1,"String":"","Interface":null}}
2025-08-15T22:13:00.358-0500	DEBUG	protocol/handler.go:1657	storing broadcast	{"{round 20 2  <nil>}": {"Key":"from","Type":15,"Integer":0,"String":"f","Interface":null}}
2025-08-15T22:13:00.358-0500	DEBUG	protocol/handler.go:1591	have processed broadcast	{"{round 20 2  <nil>}": {"Key":"from","Type":15,"Integer":0,"String":"a","Interface":null}}
2025-08-15T22:13:00.358-0500	DEBUG	protocol/handler.go:581	tryAdvanceRound called	{"{current_round 20 2  <nil>}": {"Key":"self","Type":15,"Integer":0,"String":"b","Interface":null}}
2025-08-15T22:13:00.358-0500	DEBUG	protocol/handler.go:1591	have processed broadcast	{"{round 20 2  <nil>}": {"Key":"from","Type":15,"Integer":0,"String":"a","Interface":null}}
2025-08-15T22:13:00.358-0500	DEBUG	protocol/handler.go:1591	have processed broadcast	{"{round 20 2  <nil>}": {"Key":"from","Type":15,"Integer":0,"String":"b","Interface":null}}
2025-08-15T22:13:00.358-0500	DEBUG	protocol/handler.go:1591	have processed broadcast	{"{round 20 2  <nil>}": {"Key":"from","Type":15,"Integer":0,"String":"c","Interface":null}}
2025-08-15T22:13:00.358-0500	DEBUG	protocol/handler.go:1591	have processed broadcast	{"{round 20 2  <nil>}": {"Key":"from","Type":15,"Integer":0,"String":"d","Interface":null}}
2025-08-15T22:13:00.358-0500	DEBUG	protocol/handler.go:1591	have processed broadcast	{"{round 20 2  <nil>}": {"Key":"from","Type":15,"Integer":0,"String":"e","Interface":null}}
2025-08-15T22:13:00.358-0500	DEBUG	protocol/handler.go:1591	have processed broadcast	{"{round 20 2  <nil>}": {"Key":"from","Type":15,"Integer":0,"String":"f","Interface":null}}
2025-08-15T22:13:00.358-0500	DEBUG	protocol/handler.go:1649	have all messages and processed	{"{round 20 2  <nil>}": {"Key":"self","Type":15,"Integer":0,"String":"b","Interface":null}}
2025-08-15T22:13:00.358-0500	DEBUG	protocol/handler.go:1591	have processed broadcast	{"{round 20 2  <nil>}": {"Key":"from","Type":15,"Integer":0,"String":"c","Interface":null}}
2025-08-15T22:13:00.358-0500	DEBUG	protocol/handler.go:619	finalizing round
2025-08-15T22:13:00.357-0500	DEBUG	protocol/handler.go:581	tryAdvanceRound called	{"{current_round 20 2  <nil>}": {"Key":"self","Type":15,"Integer":0,"String":"c","Interface":null}}
2025-08-15T22:13:00.358-0500	DEBUG	protocol/handler.go:1591	have processed broadcast	{"{round 20 2  <nil>}": {"Key":"from","Type":15,"Integer":0,"String":"a","Interface":null}}
2025-08-15T22:13:00.358-0500	DEBUG	protocol/handler.go:1591	have processed broadcast	{"{round 20 2  <nil>}": {"Key":"from","Type":15,"Integer":0,"String":"b","Interface":null}}
2025-08-15T22:13:00.358-0500	DEBUG	protocol/handler.go:1591	have processed broadcast	{"{round 20 2  <nil>}": {"Key":"from","Type":15,"Integer":0,"String":"c","Interface":null}}
2025-08-15T22:13:00.358-0500	DEBUG	protocol/handler.go:1591	have processed broadcast	{"{round 20 2  <nil>}": {"Key":"from","Type":15,"Integer":0,"String":"d","Interface":null}}
2025-08-15T22:13:00.358-0500	DEBUG	protocol/handler.go:1591	have processed broadcast	{"{round 20 2  <nil>}": {"Key":"from","Type":15,"Integer":0,"String":"d","Interface":null}}
2025-08-15T22:13:00.358-0500	DEBUG	protocol/handler.go:1591	have processed broadcast	{"{round 20 2  <nil>}": {"Key":"from","Type":15,"Integer":0,"String":"f","Interface":null}}
2025-08-15T22:13:00.358-0500	DEBUG	protocol/handler.go:1591	have processed broadcast	{"{round 20 2  <nil>}": {"Key":"from","Type":15,"Integer":0,"String":"f","Interface":null}}
2025-08-15T22:13:00.359-0500	DEBUG	protocol/handler.go:1649	have all messages and processed	{"{round 20 2  <nil>}": {"Key":"self","Type":15,"Integer":0,"String":"e","Interface":null}}
2025-08-15T22:13:00.359-0500	DEBUG	protocol/handler.go:1649	have all messages and processed	{"{round 20 2  <nil>}": {"Key":"self","Type":15,"Integer":0,"String":"e","Interface":null}}
2025-08-15T22:13:00.359-0500	DEBUG	protocol/handler.go:619	finalizing round
2025-08-15T22:13:00.359-0500	DEBUG	protocol/handler.go:596	round already finalized
2025-08-15T22:13:00.358-0500	DEBUG	protocol/handler.go:1591	have processed broadcast	{"{round 20 2  <nil>}": {"Key":"from","Type":15,"Integer":0,"String":"a","Interface":null}}
2025-08-15T22:13:00.359-0500	DEBUG	protocol/handler.go:1591	have processed broadcast	{"{round 20 2  <nil>}": {"Key":"from","Type":15,"Integer":0,"String":"b","Interface":null}}
2025-08-15T22:13:00.359-0500	DEBUG	protocol/handler.go:1591	have processed broadcast	{"{round 20 2  <nil>}": {"Key":"from","Type":15,"Integer":0,"String":"d","Interface":null}}
2025-08-15T22:13:00.355-0500	DEBUG	protocol/handler.go:1591	have processed broadcast	{"{round 20 2  <nil>}": {"Key":"from","Type":15,"Integer":0,"String":"d","Interface":null}}
2025-08-15T22:13:00.358-0500	DEBUG	protocol/handler.go:581	tryAdvanceRound called	{"{current_round 20 2  <nil>}": {"Key":"self","Type":15,"Integer":0,"String":"e","Interface":null}}
2025-08-15T22:13:00.356-0500	DEBUG	protocol/handler.go:1591	have processed broadcast	{"{round 20 2  <nil>}": {"Key":"from","Type":15,"Integer":0,"String":"c","Interface":null}}
2025-08-15T22:13:00.359-0500	DEBUG	protocol/handler.go:1591	have processed broadcast	{"{round 20 2  <nil>}": {"Key":"from","Type":15,"Integer":0,"String":"e","Interface":null}}
2025-08-15T22:13:00.359-0500	DEBUG	protocol/handler.go:1591	have processed broadcast	{"{round 20 2  <nil>}": {"Key":"from","Type":15,"Integer":0,"String":"f","Interface":null}}
2025-08-15T22:13:00.359-0500	DEBUG	protocol/handler.go:1600	waiting for broadcasts	{"{round 20 2  <nil>}": {"Key":"missing","Type":15,"Integer":0,"String":"[e f]","Interface":null}}
2025-08-15T22:13:00.359-0500	DEBUG	protocol/handler.go:1649	have all messages and processed	{"{round 20 2  <nil>}": {"Key":"self","Type":15,"Integer":0,"String":"c","Interface":null}}
2025-08-15T22:13:00.359-0500	DEBUG	protocol/handler.go:581	tryAdvanceRound called	{"{current_round 20 2  <nil>}": {"Key":"self","Type":15,"Integer":0,"String":"b","Interface":null}}
2025-08-15T22:13:00.360-0500	DEBUG	protocol/handler.go:619	finalizing round
2025-08-15T22:13:00.359-0500	DEBUG	protocol/handler.go:1591	have processed broadcast	{"{round 20 2  <nil>}": {"Key":"from","Type":15,"Integer":0,"String":"e","Interface":null}}
2025-08-15T22:13:00.360-0500	DEBUG	protocol/handler.go:1591	have processed broadcast	{"{round 20 2  <nil>}": {"Key":"from","Type":15,"Integer":0,"String":"a","Interface":null}}
2025-08-15T22:13:00.360-0500	DEBUG	protocol/handler.go:1600	waiting for broadcasts	{"{round 20 2  <nil>}": {"Key":"missing","Type":15,"Integer":0,"String":"[f]","Interface":null}}
2025-08-15T22:13:00.359-0500	DEBUG	protocol/handler.go:581	tryAdvanceRound called	{"{current_round 20 2  <nil>}": {"Key":"self","Type":15,"Integer":0,"String":"a","Interface":null}}
2025-08-15T22:13:00.360-0500	DEBUG	protocol/handler.go:1591	have processed broadcast	{"{round 20 2  <nil>}": {"Key":"from","Type":15,"Integer":0,"String":"c","Interface":null}}
2025-08-15T22:13:00.360-0500	DEBUG	protocol/handler.go:1591	have processed broadcast	{"{round 20 2  <nil>}": {"Key":"from","Type":15,"Integer":0,"String":"d","Interface":null}}
2025-08-15T22:13:00.360-0500	DEBUG	protocol/handler.go:1591	have processed broadcast	{"{round 20 2  <nil>}": {"Key":"from","Type":15,"Integer":0,"String":"e","Interface":null}}
2025-08-15T22:13:00.360-0500	DEBUG	protocol/handler.go:1591	have processed broadcast	{"{round 20 2  <nil>}": {"Key":"from","Type":15,"Integer":0,"String":"f","Interface":null}}
2025-08-15T22:13:00.360-0500	DEBUG	protocol/handler.go:1649	have all messages and processed	{"{round 20 2  <nil>}": {"Key":"self","Type":15,"Integer":0,"String":"b","Interface":null}}
2025-08-15T22:13:00.360-0500	DEBUG	protocol/handler.go:596	round already finalized
2025-08-15T22:13:00.360-0500	DEBUG	protocol/handler.go:1591	have processed broadcast	{"{round 20 2  <nil>}": {"Key":"from","Type":15,"Integer":0,"String":"a","Interface":null}}
2025-08-15T22:13:00.360-0500	DEBUG	protocol/handler.go:1591	have processed broadcast	{"{round 20 2  <nil>}": {"Key":"from","Type":15,"Integer":0,"String":"b","Interface":null}}
2025-08-15T22:13:00.360-0500	DEBUG	protocol/handler.go:1591	have processed broadcast	{"{round 20 2  <nil>}": {"Key":"from","Type":15,"Integer":0,"String":"c","Interface":null}}
2025-08-15T22:13:00.360-0500	DEBUG	protocol/handler.go:1591	have processed broadcast	{"{round 20 2  <nil>}": {"Key":"from","Type":15,"Integer":0,"String":"d","Interface":null}}
2025-08-15T22:13:00.360-0500	DEBUG	protocol/handler.go:1591	have processed broadcast	{"{round 20 2  <nil>}": {"Key":"from","Type":15,"Integer":0,"String":"f","Interface":null}}
2025-08-15T22:13:00.360-0500	DEBUG	protocol/handler.go:1649	have all messages and processed	{"{round 20 2  <nil>}": {"Key":"self","Type":15,"Integer":0,"String":"e","Interface":null}}
2025-08-15T22:13:00.360-0500	DEBUG	protocol/handler.go:596	round already finalized
2025-08-15T22:13:00.361-0500	DEBUG	protocol/handler.go:1591	have processed broadcast	{"{round 20 2  <nil>}": {"Key":"from","Type":15,"Integer":0,"String":"b","Interface":null}}
2025-08-15T22:13:00.361-0500	DEBUG	protocol/handler.go:1591	have processed broadcast	{"{round 20 2  <nil>}": {"Key":"from","Type":15,"Integer":0,"String":"c","Interface":null}}
2025-08-15T22:13:00.361-0500	DEBUG	protocol/handler.go:1591	have processed broadcast	{"{round 20 2  <nil>}": {"Key":"from","Type":15,"Integer":0,"String":"d","Interface":null}}
2025-08-15T22:13:00.361-0500	DEBUG	protocol/handler.go:1591	have processed broadcast	{"{round 20 2  <nil>}": {"Key":"from","Type":15,"Integer":0,"String":"e","Interface":null}}
2025-08-15T22:13:00.361-0500	DEBUG	protocol/handler.go:1591	have processed broadcast	{"{round 20 2  <nil>}": {"Key":"from","Type":15,"Integer":0,"String":"f","Interface":null}}
2025-08-15T22:13:00.361-0500	DEBUG	protocol/handler.go:1649	have all messages and processed	{"{round 20 2  <nil>}": {"Key":"self","Type":15,"Integer":0,"String":"a","Interface":null}}
2025-08-15T22:13:00.361-0500	DEBUG	protocol/handler.go:619	finalizing round
2025-08-15T22:13:00.361-0500	INFO	protocol/handler.go:560	advanced to round
2025-08-15T22:13:00.362-0500	DEBUG	protocol/handler.go:581	tryAdvanceRound called	{"{current_round 20 2  <nil>}": {"Key":"self","Type":15,"Integer":0,"String":"f","Interface":null}}
2025-08-15T22:13:00.362-0500	DEBUG	protocol/handler.go:581	tryAdvanceRound called	{"{current_round 20 2  <nil>}": {"Key":"self","Type":15,"Integer":0,"String":"d","Interface":null}}
2025-08-15T22:13:00.362-0500	DEBUG	protocol/handler.go:1591	have processed broadcast	{"{round 20 2  <nil>}": {"Key":"from","Type":15,"Integer":0,"String":"a","Interface":null}}
2025-08-15T22:13:00.362-0500	DEBUG	protocol/handler.go:1591	have processed broadcast	{"{round 20 2  <nil>}": {"Key":"from","Type":15,"Integer":0,"String":"a","Interface":null}}
2025-08-15T22:13:00.362-0500	DEBUG	protocol/handler.go:1591	have processed broadcast	{"{round 20 2  <nil>}": {"Key":"from","Type":15,"Integer":0,"String":"b","Interface":null}}
2025-08-15T22:13:00.362-0500	DEBUG	protocol/handler.go:1591	have processed broadcast	{"{round 20 2  <nil>}": {"Key":"from","Type":15,"Integer":0,"String":"c","Interface":null}}
2025-08-15T22:13:00.362-0500	DEBUG	protocol/handler.go:1591	have processed broadcast	{"{round 20 2  <nil>}": {"Key":"from","Type":15,"Integer":0,"String":"b","Interface":null}}
2025-08-15T22:13:00.362-0500	DEBUG	protocol/handler.go:1591	have processed broadcast	{"{round 20 2  <nil>}": {"Key":"from","Type":15,"Integer":0,"String":"e","Interface":null}}
2025-08-15T22:13:00.362-0500	DEBUG	protocol/handler.go:1591	have processed broadcast	{"{round 20 2  <nil>}": {"Key":"from","Type":15,"Integer":0,"String":"f","Interface":null}}
2025-08-15T22:13:00.362-0500	DEBUG	protocol/handler.go:1649	have all messages and processed	{"{round 20 2  <nil>}": {"Key":"self","Type":15,"Integer":0,"String":"d","Interface":null}}
2025-08-15T22:13:00.362-0500	DEBUG	protocol/handler.go:596	round already finalized
2025-08-15T22:13:00.362-0500	DEBUG	protocol/handler.go:1591	have processed broadcast	{"{round 20 2  <nil>}": {"Key":"from","Type":15,"Integer":0,"String":"c","Interface":null}}
2025-08-15T22:13:00.362-0500	DEBUG	protocol/handler.go:581	tryAdvanceRound called	{"{current_round 20 2  <nil>}": {"Key":"self","Type":15,"Integer":0,"String":"e","Interface":null}}
2025-08-15T22:13:00.362-0500	DEBUG	protocol/handler.go:1591	have processed broadcast	{"{round 20 2  <nil>}": {"Key":"from","Type":15,"Integer":0,"String":"a","Interface":null}}
2025-08-15T22:13:00.362-0500	DEBUG	protocol/handler.go:1591	have processed broadcast	{"{round 20 2  <nil>}": {"Key":"from","Type":15,"Integer":0,"String":"d","Interface":null}}
2025-08-15T22:13:00.362-0500	DEBUG	protocol/handler.go:1591	have processed broadcast	{"{round 20 2  <nil>}": {"Key":"from","Type":15,"Integer":0,"String":"b","Interface":null}}
2025-08-15T22:13:00.362-0500	DEBUG	protocol/handler.go:1591	have processed broadcast	{"{round 20 2  <nil>}": {"Key":"from","Type":15,"Integer":0,"String":"c","Interface":null}}
2025-08-15T22:13:00.362-0500	DEBUG	protocol/handler.go:1591	have processed broadcast	{"{round 20 2  <nil>}": {"Key":"from","Type":15,"Integer":0,"String":"d","Interface":null}}
2025-08-15T22:13:00.362-0500	DEBUG	protocol/handler.go:1591	have processed broadcast	{"{round 20 2  <nil>}": {"Key":"from","Type":15,"Integer":0,"String":"e","Interface":null}}
2025-08-15T22:13:00.362-0500	DEBUG	protocol/handler.go:1591	have processed broadcast	{"{round 20 2  <nil>}": {"Key":"from","Type":15,"Integer":0,"String":"f","Interface":null}}
2025-08-15T22:13:00.362-0500	DEBUG	protocol/handler.go:1649	have all messages and processed	{"{round 20 2  <nil>}": {"Key":"self","Type":15,"Integer":0,"String":"e","Interface":null}}
2025-08-15T22:13:00.363-0500	DEBUG	protocol/handler.go:596	round already finalized
2025-08-15T22:13:00.362-0500	DEBUG	protocol/handler.go:1649	have all messages and processed	{"{round 20 2  <nil>}": {"Key":"self","Type":15,"Integer":0,"String":"f","Interface":null}}
2025-08-15T22:13:00.363-0500	DEBUG	protocol/handler.go:619	finalizing round
2025-08-15T22:13:00.363-0500	DEBUG	protocol/handler.go:581	tryAdvanceRound called	{"{current_round 20 2  <nil>}": {"Key":"self","Type":15,"Integer":0,"String":"c","Interface":null}}
==================
WARNING: DATA RACE
Write at 0x00c0009aee70 by goroutine 3118:
  runtime.mapaccess2_faststr()
      /opt/homebrew/Cellar/go/1.24.6/libexec/src/internal/runtime/maps/runtime_faststr_swiss.go:162 +0x29c
  github.com/luxfi/threshold/protocols/frost/sign.(*round2).StoreBroadcastMessage()
      /Users/z/work/lux/threshold/protocols/frost/sign/round2.go:97 +0x4b0
  github.com/luxfi/threshold/pkg/protocol.(*Handler).verifyBroadcast()
      /Users/z/work/lux/threshold/pkg/protocol/handler.go:1392 +0x648
  github.com/luxfi/threshold/pkg/protocol.(*Handler).processMessage()
      /Users/z/work/lux/threshold/pkg/protocol/handler.go:480 +0xb9c
  github.com/luxfi/threshold/pkg/protocol.(*Handler).messageWorker()
      /Users/z/work/lux/threshold/pkg/protocol/handler.go:408 +0x338
  github.com/luxfi/threshold/pkg/protocol.(*Handler).startWorkers.gowrap2()
      /Users/z/work/lux/threshold/pkg/protocol/handler.go:361 +0x44

Previous write at 0x00c0009aee70 by goroutine 3121:
  runtime.mapaccess2_faststr()
      /opt/homebrew/Cellar/go/1.24.6/libexec/src/internal/runtime/maps/runtime_faststr_swiss.go:162 +0x29c
  github.com/luxfi/threshold/protocols/frost/sign.(*round2).StoreBroadcastMessage()
      /Users/z/work/lux/threshold/protocols/frost/sign/round2.go:97 +0x4b0
  github.com/luxfi/threshold/pkg/protocol.(*Handler).verifyBroadcastForRound()
      /Users/z/work/lux/threshold/pkg/protocol/handler.go:1277 +0x3a0
  github.com/luxfi/threshold/pkg/protocol.(*Handler).retryUnprocessedMessages()
      /Users/z/work/lux/threshold/pkg/protocol/handler.go:1483 +0x22c
  github.com/luxfi/threshold/pkg/protocol.(*Handler).tryAdvanceRound()
      /Users/z/work/lux/threshold/pkg/protocol/handler.go:587 +0x28c
  github.com/luxfi/threshold/pkg/protocol.(*Handler).roundProcessor()
      /Users/z/work/lux/threshold/pkg/protocol/handler.go:569 +0xb4
  github.com/luxfi/threshold/pkg/protocol.(*Handler).startWorkers.func1()
      /Users/z/work/lux/threshold/pkg/protocol/handler.go:374 +0x78

Goroutine 3118 (running) created at:
  github.com/luxfi/threshold/pkg/protocol.(*Handler).startWorkers()
      /Users/z/work/lux/threshold/pkg/protocol/handler.go:361 +0x334
  github.com/luxfi/threshold/pkg/protocol.NewHandler()
      /Users/z/work/lux/threshold/pkg/protocol/handler.go:247 +0xf10
  github.com/luxfi/threshold/internal/test.(*Harness).CreateHandler()
      /Users/z/work/lux/threshold/internal/test/harness.go:91 +0x2e4
  github.com/luxfi/threshold/internal/test.RunProtocol()
      /Users/z/work/lux/threshold/internal/test/harness.go:270 +0x230
  github.com/luxfi/threshold/protocols/frost_test.TestFROSTKeygenAndSign.(*KeygenAndSign).Run.func11()
      /Users/z/work/lux/threshold/internal/test/protocol_helpers.go:114 +0x3dc
  testing.tRunner()
      /opt/homebrew/Cellar/go/1.24.6/libexec/src/testing/testing.go:1792 +0x180
  testing.(*T).Run.gowrap1()
      /opt/homebrew/Cellar/go/1.24.6/libexec/src/testing/testing.go:1851 +0x40

Goroutine 3121 (running) created at:
  github.com/luxfi/threshold/pkg/protocol.(*Handler).startWorkers()
      /Users/z/work/lux/threshold/pkg/protocol/handler.go:372 +0x4fc
  github.com/luxfi/threshold/pkg/protocol.NewHandler()
      /Users/z/work/lux/threshold/pkg/protocol/handler.go:247 +0xf10
  github.com/luxfi/threshold/internal/test.(*Harness).CreateHandler()
      /Users/z/work/lux/threshold/internal/test/harness.go:91 +0x2e4
  github.com/luxfi/threshold/internal/test.RunProtocol()
      /Users/z/work/lux/threshold/internal/test/harness.go:270 +0x230
  github.com/luxfi/threshold/protocols/frost_test.TestFROSTKeygenAndSign.(*KeygenAndSign).Run.func11()
      /Users/z/work/lux/threshold/internal/test/protocol_helpers.go:114 +0x3dc
  testing.tRunner()
      /opt/homebrew/Cellar/go/1.24.6/libexec/src/testing/testing.go:1792 +0x180
  testing.(*T).Run.gowrap1()
      /opt/homebrew/Cellar/go/1.24.6/libexec/src/testing/testing.go:1851 +0x40
==================
==================
WARNING: DATA RACE
Write at 0x00c0009aeed0 by goroutine 3118:
  runtime.mapaccess2_faststr()
      /opt/homebrew/Cellar/go/1.24.6/libexec/src/internal/runtime/maps/runtime_faststr_swiss.go:162 +0x29c
  github.com/luxfi/threshold/protocols/frost/sign.(*round2).StoreBroadcastMessage()
      /Users/z/work/lux/threshold/protocols/frost/sign/round2.go:98 +0x51c
  github.com/luxfi/threshold/pkg/protocol.(*Handler).verifyBroadcast()
      /Users/z/work/lux/threshold/pkg/protocol/handler.go:1392 +0x648
  github.com/luxfi/threshold/pkg/protocol.(*Handler).processMessage()
      /Users/z/work/lux/threshold/pkg/protocol/handler.go:480 +0xb9c
  github.com/luxfi/threshold/pkg/protocol.(*Handler).messageWorker()
      /Users/z/work/lux/threshold/pkg/protocol/handler.go:408 +0x338
  github.com/luxfi/threshold/pkg/protocol.(*Handler).startWorkers.gowrap2()
      /Users/z/work/lux/threshold/pkg/protocol/handler.go:361 +0x44

Previous read at 0x00c0009aeed0 by goroutine 3294:
  runtime.mapdelete_fast64()
      /opt/homebrew/Cellar/go/1.24.6/libexec/src/internal/runtime/maps/runtime_fast64_swiss.go:497 +0x8c
  github.com/luxfi/threshold/protocols/frost/sign.(*round2).Finalize()
      /Users/z/work/lux/threshold/protocols/frost/sign/round2.go:115 +0x15c
  github.com/luxfi/threshold/pkg/protocol.(*Handler).finalizeRound.func1()
      /Users/z/work/lux/threshold/pkg/protocol/handler.go:1163 +0xe4

Goroutine 3118 (running) created at:
  github.com/luxfi/threshold/pkg/protocol.(*Handler).startWorkers()
      /Users/z/work/lux/threshold/pkg/protocol/handler.go:361 +0x334
  github.com/luxfi/threshold/pkg/protocol.NewHandler()
      /Users/z/work/lux/threshold/pkg/protocol/handler.go:247 +0xf10
  github.com/luxfi/threshold/internal/test.(*Harness).CreateHandler()
      /Users/z/work/lux/threshold/internal/test/harness.go:91 +0x2e4
  github.com/luxfi/threshold/internal/test.RunProtocol()
      /Users/z/work/lux/threshold/internal/test/harness.go:270 +0x230
  github.com/luxfi/threshold/protocols/frost_test.TestFROSTKeygenAndSign.(*KeygenAndSign).Run.func11()
      /Users/z/work/lux/threshold/internal/test/protocol_helpers.go:114 +0x3dc
  testing.tRunner()
      /opt/homebrew/Cellar/go/1.24.6/libexec/src/testing/testing.go:1792 +0x180
  testing.(*T).Run.gowrap1()
      /opt/homebrew/Cellar/go/1.24.6/libexec/src/testing/testing.go:1851 +0x40

Goroutine 3294 (running) created at:
  github.com/luxfi/threshold/pkg/protocol.(*Handler).finalizeRound()
      /Users/z/work/lux/threshold/pkg/protocol/handler.go:1160 +0x26c
  github.com/luxfi/threshold/pkg/protocol.(*Handler).tryAdvanceRound()
      /Users/z/work/lux/threshold/pkg/protocol/handler.go:622 +0xae4
  github.com/luxfi/threshold/pkg/protocol.(*Handler).roundProcessor()
      /Users/z/work/lux/threshold/pkg/protocol/handler.go:569 +0xb4
  github.com/luxfi/threshold/pkg/protocol.(*Handler).startWorkers.func1()
      /Users/z/work/lux/threshold/pkg/protocol/handler.go:374 +0x78
==================
2025-08-15T22:13:00.364-0500	DEBUG	protocol/handler.go:581	tryAdvanceRound called	{"{current_round 20 2  <nil>}": {"Key":"self","Type":15,"Integer":0,"String":"a","Interface":null}}
2025-08-15T22:13:00.364-0500	DEBUG	protocol/handler.go:1591	have processed broadcast	{"{round 20 2  <nil>}": {"Key":"from","Type":15,"Integer":0,"String":"b","Interface":null}}
2025-08-15T22:13:00.364-0500	DEBUG	protocol/handler.go:1591	have processed broadcast	{"{round 20 2  <nil>}": {"Key":"from","Type":15,"Integer":0,"String":"c","Interface":null}}
2025-08-15T22:13:00.364-0500	DEBUG	protocol/handler.go:1591	have processed broadcast	{"{round 20 2  <nil>}": {"Key":"from","Type":15,"Integer":0,"String":"d","Interface":null}}
2025-08-15T22:13:00.364-0500	DEBUG	protocol/handler.go:1591	have processed broadcast	{"{round 20 2  <nil>}": {"Key":"from","Type":15,"Integer":0,"String":"e","Interface":null}}
2025-08-15T22:13:00.364-0500	DEBUG	protocol/handler.go:1591	have processed broadcast	{"{round 20 2  <nil>}": {"Key":"from","Type":15,"Integer":0,"String":"f","Interface":null}}
2025-08-15T22:13:00.364-0500	DEBUG	protocol/handler.go:1649	have all messages and processed	{"{round 20 2  <nil>}": {"Key":"self","Type":15,"Integer":0,"String":"a","Interface":null}}
2025-08-15T22:13:00.364-0500	DEBUG	protocol/handler.go:596	round already finalized
2025-08-15T22:13:00.368-0500	DEBUG	protocol/handler.go:1591	have processed broadcast	{"{round 20 2  <nil>}": {"Key":"from","Type":15,"Integer":0,"String":"a","Interface":null}}
2025-08-15T22:13:00.368-0500	DEBUG	protocol/handler.go:1591	have processed broadcast	{"{round 20 2  <nil>}": {"Key":"from","Type":15,"Integer":0,"String":"b","Interface":null}}
2025-08-15T22:13:00.368-0500	DEBUG	protocol/handler.go:1591	have processed broadcast	{"{round 20 2  <nil>}": {"Key":"from","Type":15,"Integer":0,"String":"d","Interface":null}}
2025-08-15T22:13:00.368-0500	DEBUG	protocol/handler.go:1591	have processed broadcast	{"{round 20 2  <nil>}": {"Key":"from","Type":15,"Integer":0,"String":"e","Interface":null}}
2025-08-15T22:13:00.368-0500	DEBUG	protocol/handler.go:1591	have processed broadcast	{"{round 20 2  <nil>}": {"Key":"from","Type":15,"Integer":0,"String":"f","Interface":null}}
2025-08-15T22:13:00.368-0500	DEBUG	protocol/handler.go:1649	have all messages and processed	{"{round 20 2  <nil>}": {"Key":"self","Type":15,"Integer":0,"String":"c","Interface":null}}
2025-08-15T22:13:00.368-0500	DEBUG	protocol/handler.go:596	round already finalized
2025-08-15T22:13:00.369-0500	DEBUG	protocol/handler.go:581	tryAdvanceRound called	{"{current_round 20 2  <nil>}": {"Key":"self","Type":15,"Integer":0,"String":"c","Interface":null}}
2025-08-15T22:13:00.370-0500	DEBUG	protocol/handler.go:1591	have processed broadcast	{"{round 20 2  <nil>}": {"Key":"from","Type":15,"Integer":0,"String":"a","Interface":null}}
2025-08-15T22:13:00.371-0500	DEBUG	protocol/handler.go:1591	have processed broadcast	{"{round 20 2  <nil>}": {"Key":"from","Type":15,"Integer":0,"String":"b","Interface":null}}
2025-08-15T22:13:00.371-0500	DEBUG	protocol/handler.go:1591	have processed broadcast	{"{round 20 2  <nil>}": {"Key":"from","Type":15,"Integer":0,"String":"d","Interface":null}}
2025-08-15T22:13:00.371-0500	DEBUG	protocol/handler.go:1591	have processed broadcast	{"{round 20 2  <nil>}": {"Key":"from","Type":15,"Integer":0,"String":"e","Interface":null}}
2025-08-15T22:13:00.373-0500	DEBUG	protocol/handler.go:1591	have processed broadcast	{"{round 20 2  <nil>}": {"Key":"from","Type":15,"Integer":0,"String":"f","Interface":null}}
2025-08-15T22:13:00.373-0500	DEBUG	protocol/handler.go:1649	have all messages and processed	{"{round 20 2  <nil>}": {"Key":"self","Type":15,"Integer":0,"String":"c","Interface":null}}
2025-08-15T22:13:00.374-0500	DEBUG	protocol/handler.go:596	round already finalized
2025-08-15T22:13:00.372-0500	DEBUG	protocol/handler.go:581	tryAdvanceRound called	{"{current_round 20 2  <nil>}": {"Key":"self","Type":15,"Integer":0,"String":"d","Interface":null}}
2025-08-15T22:13:00.374-0500	DEBUG	protocol/handler.go:1591	have processed broadcast	{"{round 20 2  <nil>}": {"Key":"from","Type":15,"Integer":0,"String":"a","Interface":null}}
2025-08-15T22:13:00.374-0500	DEBUG	protocol/handler.go:1591	have processed broadcast	{"{round 20 2  <nil>}": {"Key":"from","Type":15,"Integer":0,"String":"b","Interface":null}}
2025-08-15T22:13:00.374-0500	DEBUG	protocol/handler.go:1591	have processed broadcast	{"{round 20 2  <nil>}": {"Key":"from","Type":15,"Integer":0,"String":"c","Interface":null}}
2025-08-15T22:13:00.374-0500	DEBUG	protocol/handler.go:1591	have processed broadcast	{"{round 20 2  <nil>}": {"Key":"from","Type":15,"Integer":0,"String":"e","Interface":null}}
2025-08-15T22:13:00.374-0500	DEBUG	protocol/handler.go:1591	have processed broadcast	{"{round 20 2  <nil>}": {"Key":"from","Type":15,"Integer":0,"String":"f","Interface":null}}
2025-08-15T22:13:00.374-0500	DEBUG	protocol/handler.go:1649	have all messages and processed	{"{round 20 2  <nil>}": {"Key":"self","Type":15,"Integer":0,"String":"d","Interface":null}}
2025-08-15T22:13:00.374-0500	DEBUG	protocol/handler.go:596	round already finalized
2025-08-15T22:13:00.374-0500	DEBUG	protocol/handler.go:581	tryAdvanceRound called	{"{current_round 20 2  <nil>}": {"Key":"self","Type":15,"Integer":0,"String":"e","Interface":null}}
2025-08-15T22:13:00.374-0500	DEBUG	protocol/handler.go:1591	have processed broadcast	{"{round 20 2  <nil>}": {"Key":"from","Type":15,"Integer":0,"String":"a","Interface":null}}
2025-08-15T22:13:00.374-0500	DEBUG	protocol/handler.go:1591	have processed broadcast	{"{round 20 2  <nil>}": {"Key":"from","Type":15,"Integer":0,"String":"b","Interface":null}}
2025-08-15T22:13:00.374-0500	DEBUG	protocol/handler.go:1591	have processed broadcast	{"{round 20 2  <nil>}": {"Key":"from","Type":15,"Integer":0,"String":"c","Interface":null}}
2025-08-15T22:13:00.374-0500	DEBUG	protocol/handler.go:1591	have processed broadcast	{"{round 20 2  <nil>}": {"Key":"from","Type":15,"Integer":0,"String":"d","Interface":null}}
2025-08-15T22:13:00.375-0500	DEBUG	protocol/handler.go:1591	have processed broadcast	{"{round 20 2  <nil>}": {"Key":"from","Type":15,"Integer":0,"String":"f","Interface":null}}
2025-08-15T22:13:00.375-0500	DEBUG	protocol/handler.go:1649	have all messages and processed	{"{round 20 2  <nil>}": {"Key":"self","Type":15,"Integer":0,"String":"e","Interface":null}}
2025-08-15T22:13:00.375-0500	DEBUG	protocol/handler.go:596	round already finalized
2025-08-15T22:13:00.375-0500	DEBUG	protocol/handler.go:581	tryAdvanceRound called	{"{current_round 20 2  <nil>}": {"Key":"self","Type":15,"Integer":0,"String":"b","Interface":null}}
2025-08-15T22:13:00.375-0500	DEBUG	protocol/handler.go:1591	have processed broadcast	{"{round 20 2  <nil>}": {"Key":"from","Type":15,"Integer":0,"String":"a","Interface":null}}
2025-08-15T22:13:00.375-0500	DEBUG	protocol/handler.go:1591	have processed broadcast	{"{round 20 2  <nil>}": {"Key":"from","Type":15,"Integer":0,"String":"c","Interface":null}}
2025-08-15T22:13:00.375-0500	DEBUG	protocol/handler.go:1591	have processed broadcast	{"{round 20 2  <nil>}": {"Key":"from","Type":15,"Integer":0,"String":"d","Interface":null}}
2025-08-15T22:13:00.375-0500	DEBUG	protocol/handler.go:1591	have processed broadcast	{"{round 20 2  <nil>}": {"Key":"from","Type":15,"Integer":0,"String":"e","Interface":null}}
2025-08-15T22:13:00.375-0500	DEBUG	protocol/handler.go:1591	have processed broadcast	{"{round 20 2  <nil>}": {"Key":"from","Type":15,"Integer":0,"String":"f","Interface":null}}
2025-08-15T22:13:00.375-0500	DEBUG	protocol/handler.go:1649	have all messages and processed	{"{round 20 2  <nil>}": {"Key":"self","Type":15,"Integer":0,"String":"b","Interface":null}}
2025-08-15T22:13:00.375-0500	DEBUG	protocol/handler.go:596	round already finalized
2025-08-15T22:13:00.376-0500	DEBUG	protocol/handler.go:1039	sendRoundMessage	{"{from 15 0 d <nil>}": {"Key":"to","Type":15,"Integer":0,"String":"","Interface":null}, "{round 20 3  <nil>}": {"Key":"broadcast","Type":4,"Integer":1,"String":"","Interface":null}}
2025-08-15T22:13:00.376-0500	DEBUG	protocol/handler.go:1657	storing broadcast	{"{round 20 3  <nil>}": {"Key":"from","Type":15,"Integer":0,"String":"d","Interface":null}}
2025-08-15T22:13:00.376-0500	DEBUG	protocol/handler.go:1081	sent message to output channel	{"{from 15 0 d <nil>}": {"Key":"to","Type":15,"Integer":0,"String":"","Interface":null}, "{round 20 3  <nil>}": {"Key":"broadcast","Type":4,"Integer":1,"String":"","Interface":null}}
2025-08-15T22:13:00.376-0500	DEBUG	protocol/handler.go:1182	finalized round messages	{"{round 20 2  <nil>}": {"Key":"messages","Type":11,"Integer":1,"String":"","Interface":null}}
2025-08-15T22:13:00.376-0500	DEBUG	protocol/handler.go:1239	finalize returned next round	{"{current 20 2  <nil>}": {"Key":"next","Type":20,"Integer":3,"String":"","Interface":null}}
2025-08-15T22:13:00.376-0500	INFO	protocol/handler.go:642	storing new currentRound	{"{from 20 2  <nil>}": {"Key":"to","Type":20,"Integer":3,"String":"","Interface":null}}
2025-08-15T22:13:00.376-0500	DEBUG	protocol/handler.go:1503	processing queued messages
2025-08-15T22:13:00.376-0500	DEBUG	protocol/handler.go:437	processing message	{"{from 15 0 d <nil>}": {"Key":"to","Type":15,"Integer":0,"String":"","Interface":null}, "{round 20 3  <nil>}": {"Key":"broadcast","Type":4,"Integer":1,"String":"","Interface":null}}
2025-08-15T22:13:00.376-0500	DEBUG	protocol/handler.go:1657	storing broadcast	{"{round 20 3  <nil>}": {"Key":"from","Type":15,"Integer":0,"String":"d","Interface":null}}
2025-08-15T22:13:00.376-0500	DEBUG	protocol/handler.go:470	message for different round (buffering)	{"{msg_round 20 3  <nil>}": {"Key":"current_round","Type":20,"Integer":2,"String":"","Interface":null}}
2025-08-15T22:13:00.376-0500	DEBUG	protocol/handler.go:581	tryAdvanceRound called	{"{current_round 20 2  <nil>}": {"Key":"self","Type":15,"Integer":0,"String":"c","Interface":null}}
2025-08-15T22:13:00.376-0500	DEBUG	protocol/handler.go:1591	have processed broadcast	{"{round 20 2  <nil>}": {"Key":"from","Type":15,"Integer":0,"String":"a","Interface":null}}
2025-08-15T22:13:00.376-0500	DEBUG	protocol/handler.go:1591	have processed broadcast	{"{round 20 2  <nil>}": {"Key":"from","Type":15,"Integer":0,"String":"b","Interface":null}}
2025-08-15T22:13:00.376-0500	DEBUG	protocol/handler.go:1591	have processed broadcast	{"{round 20 2  <nil>}": {"Key":"from","Type":15,"Integer":0,"String":"d","Interface":null}}
2025-08-15T22:13:00.376-0500	DEBUG	protocol/handler.go:1591	have processed broadcast	{"{round 20 2  <nil>}": {"Key":"from","Type":15,"Integer":0,"String":"e","Interface":null}}
2025-08-15T22:13:00.376-0500	DEBUG	protocol/handler.go:1591	have processed broadcast	{"{round 20 2  <nil>}": {"Key":"from","Type":15,"Integer":0,"String":"f","Interface":null}}
2025-08-15T22:13:00.377-0500	DEBUG	protocol/handler.go:1649	have all messages and processed	{"{round 20 2  <nil>}": {"Key":"self","Type":15,"Integer":0,"String":"c","Interface":null}}
2025-08-15T22:13:00.377-0500	DEBUG	protocol/handler.go:596	round already finalized
2025-08-15T22:13:00.377-0500	DEBUG	protocol/handler.go:1503	processing queued messages
==================
WARNING: DATA RACE
Read at 0x00c000a9ec80 by goroutine 3294:
  github.com/decred/dcrd/dcrec/secp256k1/v4.(*FieldVal).Set()
      /Users/z/go/pkg/mod/github.com/decred/dcrd/dcrec/secp256k1/v4@v4.4.0/field.go:216 +0x8c
  github.com/decred/dcrd/dcrec/secp256k1/v4.(*JacobianPoint).Set()
      /Users/z/go/pkg/mod/github.com/decred/dcrd/dcrec/secp256k1/v4@v4.4.0/curve.go:127 +0x6c
  github.com/decred/dcrd/dcrec/secp256k1/v4.ScalarMultNonConst()
      /Users/z/go/pkg/mod/github.com/decred/dcrd/dcrec/secp256k1/v4@v4.4.0/curve.go:1118 +0x84
  github.com/luxfi/threshold/pkg/math/curve.(*Secp256k1Scalar).Act()
      /Users/z/work/lux/threshold/pkg/math/curve/secp256k1.go:168 +0x74
  github.com/luxfi/threshold/protocols/frost/sign.(*round2).Finalize()
      /Users/z/work/lux/threshold/protocols/frost/sign/round2.go:192 +0xeec
  github.com/luxfi/threshold/pkg/protocol.(*Handler).finalizeRound.func1()
      /Users/z/work/lux/threshold/pkg/protocol/handler.go:1163 +0xe4

Previous write at 0x00c000a9ec80 by goroutine 3118:
  github.com/decred/dcrd/dcrec/secp256k1/v4.(*FieldVal).SetBytes()
      /Users/z/go/pkg/mod/github.com/decred/dcrd/dcrec/secp256k1/v4@v4.4.0/field.go:254 +0xa0
  github.com/decred/dcrd/dcrec/secp256k1/v4.(*FieldVal).SetByteSlice()
      /Users/z/go/pkg/mod/github.com/decred/dcrd/dcrec/secp256k1/v4@v4.4.0/field.go:323 +0xc8
  github.com/luxfi/threshold/pkg/math/curve.(*Secp256k1Point).UnmarshalBinary()
      /Users/z/work/lux/threshold/pkg/math/curve/secp256k1.go:216 +0x170
  github.com/luxfi/threshold/protocols/frost/sign.(*round2).StoreBroadcastMessage()
      /Users/z/work/lux/threshold/protocols/frost/sign/round2.go:93 +0x410
  github.com/luxfi/threshold/pkg/protocol.(*Handler).verifyBroadcast()
      /Users/z/work/lux/threshold/pkg/protocol/handler.go:1392 +0x648
  github.com/luxfi/threshold/pkg/protocol.(*Handler).processMessage()
      /Users/z/work/lux/threshold/pkg/protocol/handler.go:480 +0xb9c
  github.com/luxfi/threshold/pkg/protocol.(*Handler).messageWorker()
      /Users/z/work/lux/threshold/pkg/protocol/handler.go:408 +0x338
  github.com/luxfi/threshold/pkg/protocol.(*Handler).startWorkers.gowrap2()
      /Users/z/work/lux/threshold/pkg/protocol/handler.go:361 +0x44

Goroutine 3294 (running) created at:
  github.com/luxfi/threshold/pkg/protocol.(*Handler).finalizeRound()
      /Users/z/work/lux/threshold/pkg/protocol/handler.go:1160 +0x26c
  github.com/luxfi/threshold/pkg/protocol.(*Handler).tryAdvanceRound()
      /Users/z/work/lux/threshold/pkg/protocol/handler.go:622 +0xae4
  github.com/luxfi/threshold/pkg/protocol.(*Handler).roundProcessor()
      /Users/z/work/lux/threshold/pkg/protocol/handler.go:569 +0xb4
  github.com/luxfi/threshold/pkg/protocol.(*Handler).startWorkers.func1()
      /Users/z/work/lux/threshold/pkg/protocol/handler.go:374 +0x78

Goroutine 3118 (running) created at:
  github.com/luxfi/threshold/pkg/protocol.(*Handler).startWorkers()
      /Users/z/work/lux/threshold/pkg/protocol/handler.go:361 +0x334
  github.com/luxfi/threshold/pkg/protocol.NewHandler()
      /Users/z/work/lux/threshold/pkg/protocol/handler.go:247 +0xf10
  github.com/luxfi/threshold/internal/test.(*Harness).CreateHandler()
      /Users/z/work/lux/threshold/internal/test/harness.go:91 +0x2e4
  github.com/luxfi/threshold/internal/test.RunProtocol()
      /Users/z/work/lux/threshold/internal/test/harness.go:270 +0x230
  github.com/luxfi/threshold/protocols/frost_test.TestFROSTKeygenAndSign.(*KeygenAndSign).Run.func11()
      /Users/z/work/lux/threshold/internal/test/protocol_helpers.go:114 +0x3dc
  testing.tRunner()
      /opt/homebrew/Cellar/go/1.24.6/libexec/src/testing/testing.go:1792 +0x180
  testing.(*T).Run.gowrap1()
      /opt/homebrew/Cellar/go/1.24.6/libexec/src/testing/testing.go:1851 +0x40
==================
==================
WARNING: DATA RACE
Read at 0x00c000a9eca8 by goroutine 3294:
  github.com/decred/dcrd/dcrec/secp256k1/v4.(*FieldVal).Set()
      /Users/z/go/pkg/mod/github.com/decred/dcrd/dcrec/secp256k1/v4@v4.4.0/field.go:216 +0xc8
  github.com/decred/dcrd/dcrec/secp256k1/v4.(*JacobianPoint).Set()
      /Users/z/go/pkg/mod/github.com/decred/dcrd/dcrec/secp256k1/v4@v4.4.0/curve.go:128 +0x74
  github.com/decred/dcrd/dcrec/secp256k1/v4.ScalarMultNonConst()
      /Users/z/go/pkg/mod/github.com/decred/dcrd/dcrec/secp256k1/v4@v4.4.0/curve.go:1118 +0x84
  github.com/luxfi/threshold/pkg/math/curve.(*Secp256k1Scalar).Act()
      /Users/z/work/lux/threshold/pkg/math/curve/secp256k1.go:168 +0x74
  github.com/luxfi/threshold/protocols/frost/sign.(*round2).Finalize()
      /Users/z/work/lux/threshold/protocols/frost/sign/round2.go:192 +0xeec
  github.com/luxfi/threshold/pkg/protocol.(*Handler).finalizeRound.func1()
      /Users/z/work/lux/threshold/pkg/protocol/handler.go:1163 +0xe4

Previous write at 0x00c000a9eca8 by goroutine 3118:
  github.com/decred/dcrd/dcrec/secp256k1/v4.(*FieldVal).SquareVal()
      /Users/z/go/pkg/mod/github.com/decred/dcrd/dcrec/secp256k1/v4@v4.4.0/field.go:1486 +0x1000
  github.com/decred/dcrd/dcrec/secp256k1/v4.(*FieldVal).SquareRootVal()
      /Users/z/go/pkg/mod/github.com/decred/dcrd/dcrec/secp256k1/v4@v4.4.0/field.go:1239 +0xc78
  github.com/decred/dcrd/dcrec/secp256k1/v4.DecompressY()
      /Users/z/go/pkg/mod/github.com/decred/dcrd/dcrec/secp256k1/v4@v4.4.0/curve.go:1303 +0x84
  github.com/luxfi/threshold/pkg/math/curve.(*Secp256k1Point).UnmarshalBinary()
      /Users/z/work/lux/threshold/pkg/math/curve/secp256k1.go:219 +0x198
  github.com/luxfi/threshold/protocols/frost/sign.(*round2).StoreBroadcastMessage()
      /Users/z/work/lux/threshold/protocols/frost/sign/round2.go:93 +0x410
  github.com/luxfi/threshold/pkg/protocol.(*Handler).verifyBroadcast()
      /Users/z/work/lux/threshold/pkg/protocol/handler.go:1392 +0x648
  github.com/luxfi/threshold/pkg/protocol.(*Handler).processMessage()
      /Users/z/work/lux/threshold/pkg/protocol/handler.go:480 +0xb9c
  github.com/luxfi/threshold/pkg/protocol.(*Handler).messageWorker()
      /Users/z/work/lux/threshold/pkg/protocol/handler.go:408 +0x338
  github.com/luxfi/threshold/pkg/protocol.(*Handler).startWorkers.gowrap2()
      /Users/z/work/lux/threshold/pkg/protocol/handler.go:361 +0x44

Goroutine 3294 (running) created at:
  github.com/luxfi/threshold/pkg/protocol.(*Handler).finalizeRound()
      /Users/z/work/lux/threshold/pkg/protocol/handler.go:1160 +0x26c
  github.com/luxfi/threshold/pkg/protocol.(*Handler).tryAdvanceRound()
      /Users/z/work/lux/threshold/pkg/protocol/handler.go:622 +0xae4
  github.com/luxfi/threshold/pkg/protocol.(*Handler).roundProcessor()
      /Users/z/work/lux/threshold/pkg/protocol/handler.go:569 +0xb4
  github.com/luxfi/threshold/pkg/protocol.(*Handler).startWorkers.func1()
      /Users/z/work/lux/threshold/pkg/protocol/handler.go:374 +0x78

Goroutine 3118 (running) created at:
  github.com/luxfi/threshold/pkg/protocol.(*Handler).startWorkers()
      /Users/z/work/lux/threshold/pkg/protocol/handler.go:361 +0x334
  github.com/luxfi/threshold/pkg/protocol.NewHandler()
      /Users/z/work/lux/threshold/pkg/protocol/handler.go:247 +0xf10
  github.com/luxfi/threshold/internal/test.(*Harness).CreateHandler()
      /Users/z/work/lux/threshold/internal/test/harness.go:91 +0x2e4
  github.com/luxfi/threshold/internal/test.RunProtocol()
      /Users/z/work/lux/threshold/internal/test/harness.go:270 +0x230
  github.com/luxfi/threshold/protocols/frost_test.TestFROSTKeygenAndSign.(*KeygenAndSign).Run.func11()
      /Users/z/work/lux/threshold/internal/test/protocol_helpers.go:114 +0x3dc
  testing.tRunner()
      /opt/homebrew/Cellar/go/1.24.6/libexec/src/testing/testing.go:1792 +0x180
  testing.(*T).Run.gowrap1()
      /opt/homebrew/Cellar/go/1.24.6/libexec/src/testing/testing.go:1851 +0x40
==================
2025-08-15T22:13:00.379-0500	DEBUG	protocol/handler.go:437	processing message	{"{from 15 0 d <nil>}": {"Key":"to","Type":15,"Integer":0,"String":"","Interface":null}, "{round 20 3  <nil>}": {"Key":"broadcast","Type":4,"Integer":1,"String":"","Interface":null}}
==================
WARNING: DATA RACE
Read at 0x00c000a9ecd0 by goroutine 3294:
  github.com/decred/dcrd/dcrec/secp256k1/v4.(*FieldVal).Set()
      /Users/z/go/pkg/mod/github.com/decred/dcrd/dcrec/secp256k1/v4@v4.4.0/field.go:216 +0x104
  github.com/decred/dcrd/dcrec/secp256k1/v4.(*JacobianPoint).Set()
      /Users/z/go/pkg/mod/github.com/decred/dcrd/dcrec/secp256k1/v4@v4.4.0/curve.go:129 +0x7c
  github.com/decred/dcrd/dcrec/secp256k1/v4.ScalarMultNonConst()
      /Users/z/go/pkg/mod/github.com/decred/dcrd/dcrec/secp256k1/v4@v4.4.0/curve.go:1118 +0x84
  github.com/luxfi/threshold/pkg/math/curve.(*Secp256k1Scalar).Act()
      /Users/z/work/lux/threshold/pkg/math/curve/secp256k1.go:168 +0x74
  github.com/luxfi/threshold/protocols/frost/sign.(*round2).Finalize()
      /Users/z/work/lux/threshold/protocols/frost/sign/round2.go:192 +0xeec
  github.com/luxfi/threshold/pkg/protocol.(*Handler).finalizeRound.func1()
      /Users/z/work/lux/threshold/pkg/protocol/handler.go:1163 +0xe4

Previous write at 0x00c000a9ecd0 by goroutine 3118:
  github.com/decred/dcrd/dcrec/secp256k1/v4.(*FieldVal).Zero()
      /Users/z/go/pkg/mod/github.com/decred/dcrd/dcrec/secp256k1/v4@v4.4.0/field.go:193 +0xb4
  github.com/decred/dcrd/dcrec/secp256k1/v4.(*FieldVal).SetInt()
      /Users/z/go/pkg/mod/github.com/decred/dcrd/dcrec/secp256k1/v4@v4.4.0/field.go:231 +0xb0
  github.com/luxfi/threshold/pkg/math/curve.(*Secp256k1Point).UnmarshalBinary()
      /Users/z/work/lux/threshold/pkg/math/curve/secp256k1.go:215 +0x40
  github.com/luxfi/threshold/protocols/frost/sign.(*round2).StoreBroadcastMessage()
      /Users/z/work/lux/threshold/protocols/frost/sign/round2.go:93 +0x410
  github.com/luxfi/threshold/pkg/protocol.(*Handler).verifyBroadcast()
      /Users/z/work/lux/threshold/pkg/protocol/handler.go:1392 +0x648
2025-08-15T22:13:00.379-0500	DEBUG	protocol/handler.go:437	processing message	{"{from 15 0 d <nil>}": {"Key":"to","Type":15,"Integer":0,"String":"","Interface":null}, "{round 20 3  <nil>}": {"Key":"broadcast","Type":4,"Integer":1,"String":"","Interface":null}}
2025-08-15T22:13:00.379-0500	DEBUG	protocol/handler.go:437	processing message	{"{from 15 0 d <nil>}": {"Key":"to","Type":15,"Integer":0,"String":"","Interface":null}, "{round 20 3  <nil>}": {"Key":"broadcast","Type":4,"Integer":1,"String":"","Interface":null}}
  github.com/luxfi/threshold/pkg/protocol.(*Handler).processMessage()
      /Users/z/work/lux/threshold/pkg/protocol/handler.go:480 +0xb9c
  github.com/luxfi/threshold/pkg/protocol.(*Handler).messageWorker()
      /Users/z/work/lux/threshold/pkg/protocol/handler.go:408 +0x338
  github.com/luxfi/threshold/pkg/protocol.(*Handler).startWorkers.gowrap2()
      /Users/z/work/lux/threshold/pkg/protocol/handler.go:361 +0x44

Goroutine 3294 (running) created at:
  github.com/luxfi/threshold/pkg/protocol.(*Handler).finalizeRound()
      /Users/z/work/lux/threshold/pkg/protocol/handler.go:1160 +0x26c
  github.com/luxfi/threshold/pkg/protocol.(*Handler).tryAdvanceRound()
      /Users/z/work/lux/threshold/pkg/protocol/handler.go:622 +0xae4
  github.com/luxfi/threshold/pkg/protocol.(*Handler).roundProcessor()
      /Users/z/work/lux/threshold/pkg/protocol/handler.go:569 +0xb4
  github.com/luxfi/threshold/pkg/protocol.(*Handler).startWorkers.func1()
      /Users/z/work/lux/threshold/pkg/protocol/handler.go:374 +0x78

Goroutine 3118 (running) created at:
  github.com/luxfi/threshold/pkg/protocol.(*Handler).startWorkers()
      /Users/z/work/lux/threshold/pkg/protocol/handler.go:361 +0x334
  github.com/luxfi/threshold/pkg/protocol.NewHandler()
      /Users/z/work/lux/threshold/pkg/protocol/handler.go:247 +0xf10
  github.com/luxfi/threshold/internal/test.(*Harness).CreateHandler()
      /Users/z/work/lux/threshold/internal/test/harness.go:91 +0x2e4
  github.com/luxfi/threshold/internal/test.RunProtocol()
      /Users/z/work/lux/threshold/internal/test/harness.go:270 +0x230
2025-08-15T22:13:00.379-0500	DEBUG	protocol/handler.go:581	tryAdvanceRound called	{"{current_round 20 2  <nil>}": {"Key":"self","Type":15,"Integer":0,"String":"b","Interface":null}}
  github.com/luxfi/threshold/protocols/frost_test.TestFROSTKeygenAndSign.(*KeygenAndSign).Run.func11()
      /Users/z/work/lux/threshold/internal/test/protocol_helpers.go:114 +0x3dc
  testing.tRunner()
      /opt/homebrew/Cellar/go/1.24.6/libexec/src/testing/testing.go:1792 +0x180
  testing.(*T).Run.gowrap1()
      /opt/homebrew/Cellar/go/1.24.6/libexec/src/testing/testing.go:1851 +0x40
==================
2025-08-15T22:13:00.379-0500	DEBUG	protocol/handler.go:1657	storing broadcast	{"{round 20 3  <nil>}": {"Key":"from","Type":15,"Integer":0,"String":"d","Interface":null}}
2025-08-15T22:13:00.379-0500	DEBUG	protocol/handler.go:581	tryAdvanceRound called	{"{current_round 20 2  <nil>}": {"Key":"self","Type":15,"Integer":0,"String":"c","Interface":null}}
2025-08-15T22:13:00.379-0500	DEBUG	protocol/handler.go:1591	have processed broadcast	{"{round 20 2  <nil>}": {"Key":"from","Type":15,"Integer":0,"String":"a","Interface":null}}
2025-08-15T22:13:00.379-0500	DEBUG	protocol/handler.go:1591	have processed broadcast	{"{round 20 2  <nil>}": {"Key":"from","Type":15,"Integer":0,"String":"b","Interface":null}}
2025-08-15T22:13:00.379-0500	DEBUG	protocol/handler.go:1591	have processed broadcast	{"{round 20 2  <nil>}": {"Key":"from","Type":15,"Integer":0,"String":"d","Interface":null}}
2025-08-15T22:13:00.379-0500	DEBUG	protocol/handler.go:1591	have processed broadcast	{"{round 20 2  <nil>}": {"Key":"from","Type":15,"Integer":0,"String":"e","Interface":null}}
2025-08-15T22:13:00.379-0500	DEBUG	protocol/handler.go:437	processing message	{"{from 15 0 d <nil>}": {"Key":"to","Type":15,"Integer":0,"String":"","Interface":null}, "{round 20 3  <nil>}": {"Key":"broadcast","Type":4,"Integer":1,"String":"","Interface":null}}
2025-08-15T22:13:00.379-0500	DEBUG	protocol/handler.go:470	message for different round (buffering)	{"{msg_round 20 3  <nil>}": {"Key":"current_round","Type":20,"Integer":2,"String":"","Interface":null}}
2025-08-15T22:13:00.379-0500	DEBUG	protocol/handler.go:1657	storing broadcast	{"{round 20 3  <nil>}": {"Key":"from","Type":15,"Integer":0,"String":"d","Interface":null}}
2025-08-15T22:13:00.379-0500	DEBUG	protocol/handler.go:1657	storing broadcast	{"{round 20 3  <nil>}": {"Key":"from","Type":15,"Integer":0,"String":"d","Interface":null}}
2025-08-15T22:13:00.380-0500	DEBUG	protocol/handler.go:470	message for different round (buffering)	{"{msg_round 20 3  <nil>}": {"Key":"current_round","Type":20,"Integer":2,"String":"","Interface":null}}
2025-08-15T22:13:00.380-0500	DEBUG	protocol/handler.go:581	tryAdvanceRound called	{"{current_round 20 2  <nil>}": {"Key":"self","Type":15,"Integer":0,"String":"a","Interface":null}}
2025-08-15T22:13:00.380-0500	DEBUG	protocol/handler.go:470	message for different round (buffering)	{"{msg_round 20 3  <nil>}": {"Key":"current_round","Type":20,"Integer":2,"String":"","Interface":null}}
2025-08-15T22:13:00.380-0500	DEBUG	protocol/handler.go:581	tryAdvanceRound called	{"{current_round 20 2  <nil>}": {"Key":"self","Type":15,"Integer":0,"String":"f","Interface":null}}
2025-08-15T22:13:00.380-0500	DEBUG	protocol/handler.go:1591	have processed broadcast	{"{round 20 2  <nil>}": {"Key":"from","Type":15,"Integer":0,"String":"b","Interface":null}}
2025-08-15T22:13:00.380-0500	DEBUG	protocol/handler.go:1591	have processed broadcast	{"{round 20 2  <nil>}": {"Key":"from","Type":15,"Integer":0,"String":"c","Interface":null}}
2025-08-15T22:13:00.379-0500	DEBUG	protocol/handler.go:581	tryAdvanceRound called	{"{current_round 20 2  <nil>}": {"Key":"self","Type":15,"Integer":0,"String":"e","Interface":null}}
2025-08-15T22:13:00.380-0500	DEBUG	protocol/handler.go:1591	have processed broadcast	{"{round 20 2  <nil>}": {"Key":"from","Type":15,"Integer":0,"String":"d","Interface":null}}
2025-08-15T22:13:00.381-0500	DEBUG	protocol/handler.go:1591	have processed broadcast	{"{round 20 2  <nil>}": {"Key":"from","Type":15,"Integer":0,"String":"a","Interface":null}}
2025-08-15T22:13:00.381-0500	DEBUG	protocol/handler.go:1591	have processed broadcast	{"{round 20 2  <nil>}": {"Key":"from","Type":15,"Integer":0,"String":"b","Interface":null}}
2025-08-15T22:13:00.381-0500	DEBUG	protocol/handler.go:1591	have processed broadcast	{"{round 20 2  <nil>}": {"Key":"from","Type":15,"Integer":0,"String":"c","Interface":null}}
2025-08-15T22:13:00.381-0500	DEBUG	protocol/handler.go:1591	have processed broadcast	{"{round 20 2  <nil>}": {"Key":"from","Type":15,"Integer":0,"String":"d","Interface":null}}
2025-08-15T22:13:00.381-0500	DEBUG	protocol/handler.go:1591	have processed broadcast	{"{round 20 2  <nil>}": {"Key":"from","Type":15,"Integer":0,"String":"f","Interface":null}}
2025-08-15T22:13:00.381-0500	DEBUG	protocol/handler.go:1649	have all messages and processed	{"{round 20 2  <nil>}": {"Key":"self","Type":15,"Integer":0,"String":"e","Interface":null}}
2025-08-15T22:13:00.381-0500	DEBUG	protocol/handler.go:596	round already finalized
2025-08-15T22:13:00.380-0500	DEBUG	protocol/handler.go:1591	have processed broadcast	{"{round 20 2  <nil>}": {"Key":"from","Type":15,"Integer":0,"String":"a","Interface":null}}
2025-08-15T22:13:00.381-0500	DEBUG	protocol/handler.go:1591	have processed broadcast	{"{round 20 2  <nil>}": {"Key":"from","Type":15,"Integer":0,"String":"b","Interface":null}}
2025-08-15T22:13:00.381-0500	DEBUG	protocol/handler.go:1591	have processed broadcast	{"{round 20 2  <nil>}": {"Key":"from","Type":15,"Integer":0,"String":"c","Interface":null}}
2025-08-15T22:13:00.381-0500	DEBUG	protocol/handler.go:1591	have processed broadcast	{"{round 20 2  <nil>}": {"Key":"from","Type":15,"Integer":0,"String":"d","Interface":null}}
2025-08-15T22:13:00.381-0500	DEBUG	protocol/handler.go:1591	have processed broadcast	{"{round 20 2  <nil>}": {"Key":"from","Type":15,"Integer":0,"String":"e","Interface":null}}
2025-08-15T22:13:00.381-0500	DEBUG	protocol/handler.go:1649	have all messages and processed	{"{round 20 2  <nil>}": {"Key":"self","Type":15,"Integer":0,"String":"f","Interface":null}}
2025-08-15T22:13:00.381-0500	DEBUG	protocol/handler.go:596	round already finalized
2025-08-15T22:13:00.379-0500	DEBUG	protocol/handler.go:1591	have processed broadcast	{"{round 20 2  <nil>}": {"Key":"from","Type":15,"Integer":0,"String":"a","Interface":null}}
2025-08-15T22:13:00.381-0500	DEBUG	protocol/handler.go:1591	have processed broadcast	{"{round 20 2  <nil>}": {"Key":"from","Type":15,"Integer":0,"String":"c","Interface":null}}
2025-08-15T22:13:00.381-0500	DEBUG	protocol/handler.go:1591	have processed broadcast	{"{round 20 2  <nil>}": {"Key":"from","Type":15,"Integer":0,"String":"d","Interface":null}}
2025-08-15T22:13:00.381-0500	DEBUG	protocol/handler.go:1591	have processed broadcast	{"{round 20 2  <nil>}": {"Key":"from","Type":15,"Integer":0,"String":"e","Interface":null}}
==================
WARNING: DATA RACE
Read at 0x00c000a9ec00 by goroutine 3294:
  github.com/decred/dcrd/dcrec/secp256k1/v4.(*FieldVal).IsZero()
      /Users/z/go/pkg/mod/github.com/decred/dcrd/dcrec/secp256k1/v4@v4.4.0/field.go:547 +0x634
  github.com/decred/dcrd/dcrec/secp256k1/v4.AddNonConst()
      /Users/z/go/pkg/mod/github.com/decred/dcrd/dcrec/secp256k1/v4@v4.4.0/curve.go:480 +0x5e4
  github.com/luxfi/threshold/pkg/math/curve.(*Secp256k1Point).Add()
      /Users/z/work/lux/threshold/pkg/math/curve/secp256k1.go:229 +0x74
  github.com/luxfi/threshold/protocols/frost/sign.(*round2).Finalize()
      /Users/z/work/lux/threshold/protocols/frost/sign/round2.go:193 +0xfd0
  github.com/luxfi/threshold/pkg/protocol.(*Handler).finalizeRound.func1()
      /Users/z/work/lux/threshold/pkg/protocol/handler.go:1163 +0xe4

Previous write at 0x00c000a9ec00 by goroutine 3118:
  github.com/decred/dcrd/dcrec/secp256k1/v4.(*FieldVal).SetBytes()
      /Users/z/go/pkg/mod/github.com/decred/dcrd/dcrec/secp256k1/v4@v4.4.0/field.go:254 +0xa0
  github.com/decred/dcrd/dcrec/secp256k1/v4.(*FieldVal).SetByteSlice()
      /Users/z/go/pkg/mod/github.com/decred/dcrd/dcrec/secp256k1/v4@v4.4.0/field.go:323 +0xc8
  github.com/luxfi/threshold/pkg/math/curve.(*Secp256k1Point).UnmarshalBinary()
      /Users/z/work/lux/threshold/pkg/math/curve/secp256k1.go:216 +0x170
  github.com/luxfi/threshold/protocols/frost/sign.(*round2).StoreBroadcastMessage()
      /Users/z/work/lux/threshold/protocols/frost/sign/round2.go:89 +0x328
  github.com/luxfi/threshold/pkg/protocol.(*Handler).verifyBroadcast()
      /Users/z/work/lux/threshold/pkg/protocol/handler.go:1392 +0x648
  github.com/luxfi/threshold/pkg/protocol.(*Handler).processMessage()
      /Users/z/work/lux/threshold/pkg/protocol/handler.go:480 +0xb9c
  github.com/luxfi/threshold/pkg/protocol.(*Handler).messageWorker()
      /Users/z/work/lux/threshold/pkg/protocol/handler.go:408 +0x338
  github.com/luxfi/threshold/pkg/protocol.(*Handler).startWorkers.gowrap2()
      /Users/z/work/lux/threshold/pkg/protocol/handler.go:361 +0x44

2025-08-15T22:13:00.381-0500	INFO	protocol/handler.go:560	advanced to round
Goroutine 3294 (running) created at:
  github.com/luxfi/threshold/pkg/protocol.(*Handler).finalizeRound()
      /Users/z/work/lux/threshold/pkg/protocol/handler.go:1160 +0x26c
  github.com/luxfi/threshold/pkg/protocol.(*Handler).tryAdvanceRound()
      /Users/z/work/lux/threshold/pkg/protocol/handler.go:622 +0xae4
  github.com/luxfi/threshold/pkg/protocol.(*Handler).roundProcessor()
      /Users/z/work/lux/threshold/pkg/protocol/handler.go:569 +0xb4
  github.com/luxfi/threshold/pkg/protocol.(*Handler).startWorkers.func1()
      /Users/z/work/lux/threshold/pkg/protocol/handler.go:374 +0x78

Goroutine 3118 (running) created at:
  github.com/luxfi/threshold/pkg/protocol.(*Handler).startWorkers()
      /Users/z/work/lux/threshold/pkg/protocol/handler.go:361 +0x334
  github.com/luxfi/threshold/pkg/protocol.NewHandler()
      /Users/z/work/lux/threshold/pkg/protocol/handler.go:247 +0xf10
  github.com/luxfi/threshold/internal/test.(*Harness).CreateHandler()
      /Users/z/work/lux/threshold/internal/test/harness.go:91 +0x2e4
  github.com/luxfi/threshold/internal/test.RunProtocol()
      /Users/z/work/lux/threshold/internal/test/harness.go:270 +0x230
  github.com/luxfi/threshold/protocols/frost_test.TestFROSTKeygenAndSign.(*KeygenAndSign).Run.func11()
      /Users/z/work/lux/threshold/internal/test/protocol_helpers.go:114 +0x3dc
  testing.tRunner()
      /opt/homebrew/Cellar/go/1.24.6/libexec/src/testing/testing.go:1792 +0x180
  testing.(*T).Run.gowrap1()
      /opt/homebrew/Cellar/go/1.24.6/libexec/src/testing/testing.go:1851 +0x40
==================
2025-08-15T22:13:00.381-0500	DEBUG	protocol/handler.go:581	tryAdvanceRound called	{"{current_round 20 3  <nil>}": {"Key":"self","Type":15,"Integer":0,"String":"d","Interface":null}}
==================
WARNING: DATA RACE
Read at 0x00c000a9ec08 by goroutine 3294:
  github.com/decred/dcrd/dcrec/secp256k1/v4.(*FieldVal).IsZero()
      /Users/z/go/pkg/mod/github.com/decred/dcrd/dcrec/secp256k1/v4@v4.4.0/field.go:547 +0x65c
  github.com/decred/dcrd/dcrec/secp256k1/v4.AddNonConst()
      /Users/z/go/pkg/mod/github.com/decred/dcrd/dcrec/secp256k1/v4@v4.4.0/curve.go:480 +0x5e4
2025-08-15T22:13:00.381-0500	DEBUG	protocol/handler.go:1591	have processed broadcast	{"{round 20 2  <nil>}": {"Key":"from","Type":15,"Integer":0,"String":"f","Interface":null}}
  github.com/luxfi/threshold/pkg/math/curve.(*Secp256k1Point).Add()
      /Users/z/work/lux/threshold/pkg/math/curve/secp256k1.go:229 +0x74
  github.com/luxfi/threshold/protocols/frost/sign.(*round2).Finalize()
      /Users/z/work/lux/threshold/protocols/frost/sign/round2.go:193 +0xfd0
  github.com/luxfi/threshold/pkg/protocol.(*Handler).finalizeRound.func1()
      /Users/z/work/lux/threshold/pkg/protocol/handler.go:1163 +0xe4

Previous write at 0x00c000a9ec08 by goroutine 3118:
  github.com/decred/dcrd/dcrec/secp256k1/v4.(*FieldVal).SetBytes()
      /Users/z/go/pkg/mod/github.com/decred/dcrd/dcrec/secp256k1/v4@v4.4.0/field.go:258 +0x1c8
  github.com/decred/dcrd/dcrec/secp256k1/v4.(*FieldVal).SetByteSlice()
      /Users/z/go/pkg/mod/github.com/decred/dcrd/dcrec/secp256k1/v4@v4.4.0/field.go:323 +0xc8
  github.com/luxfi/threshold/pkg/math/curve.(*Secp256k1Point).UnmarshalBinary()
      /Users/z/work/lux/threshold/pkg/math/curve/secp256k1.go:216 +0x170
  github.com/luxfi/threshold/protocols/frost/sign.(*round2).StoreBroadcastMessage()
      /Users/z/work/lux/threshold/protocols/frost/sign/round2.go:89 +0x328
  github.com/luxfi/threshold/pkg/protocol.(*Handler).verifyBroadcast()
      /Users/z/work/lux/threshold/pkg/protocol/handler.go:1392 +0x648
  github.com/luxfi/threshold/pkg/protocol.(*Handler).processMessage()
      /Users/z/work/lux/threshold/pkg/protocol/handler.go:480 +0xb9c
  github.com/luxfi/threshold/pkg/protocol.(*Handler).messageWorker()
      /Users/z/work/lux/threshold/pkg/protocol/handler.go:408 +0x338
  github.com/luxfi/threshold/pkg/protocol.(*Handler).startWorkers.gowrap2()
      /Users/z/work/lux/threshold/pkg/protocol/handler.go:361 +0x44

Goroutine 3294 (running) created at:
  github.com/luxfi/threshold/pkg/protocol.(*Handler).finalizeRound()
      /Users/z/work/lux/threshold/pkg/protocol/handler.go:1160 +0x26c
  github.com/luxfi/threshold/pkg/protocol.(*Handler).tryAdvanceRound()
      /Users/z/work/lux/threshold/pkg/protocol/handler.go:622 +0xae4
  github.com/luxfi/threshold/pkg/protocol.(*Handler).roundProcessor()
      /Users/z/work/lux/threshold/pkg/protocol/handler.go:569 +0xb4
  github.com/luxfi/threshold/pkg/protocol.(*Handler).startWorkers.func1()
      /Users/z/work/lux/threshold/pkg/protocol/handler.go:374 +0x78

Goroutine 3118 (running) created at:
  github.com/luxfi/threshold/pkg/protocol.(*Handler).startWorkers()
      /Users/z/work/lux/threshold/pkg/protocol/handler.go:361 +0x334
  github.com/luxfi/threshold/pkg/protocol.NewHandler()
      /Users/z/work/lux/threshold/pkg/protocol/handler.go:247 +0xf10
  github.com/luxfi/threshold/internal/test.(*Harness).CreateHandler()
      /Users/z/work/lux/threshold/internal/test/harness.go:91 +0x2e4
  github.com/luxfi/threshold/internal/test.RunProtocol()
      /Users/z/work/lux/threshold/internal/test/harness.go:270 +0x230
  github.com/luxfi/threshold/protocols/frost_test.TestFROSTKeygenAndSign.(*KeygenAndSign).Run.func11()
      /Users/z/work/lux/threshold/internal/test/protocol_helpers.go:114 +0x3dc
  testing.tRunner()
      /opt/homebrew/Cellar/go/1.24.6/libexec/src/testing/testing.go:1792 +0x180
  testing.(*T).Run.gowrap1()
      /opt/homebrew/Cellar/go/1.24.6/libexec/src/testing/testing.go:1851 +0x40
==================
==================
WARNING: DATA RACE
Read at 0x00c000a9ec10 by 2025-08-15T22:13:00.382-0500	DEBUG	protocol/handler.go:1649	have all messages and processed	{"{round 20 2  <nil>}": {"Key":"self","Type":15,"Integer":0,"String":"a","Interface":null}}
goroutine 3294:
  github.com/decred/dcrd/dcrec/secp256k1/v4.(*FieldVal).IsZero()
      /Users/z/go/pkg/mod/github.com/decred/dcrd/dcrec/secp256k1/v4@v4.4.0/field.go:547 +0x6a4
  github.com/decred/dcrd/dcrec/secp256k1/v4.AddNonConst()
      /Users/z/go/pkg/mod/github.com/decred/dcrd/dcrec/secp256k1/v4@v4.4.0/curve.go:480 +0x5e4
  github.com/luxfi/threshold/pkg/math/curve.(*Secp256k1Point).Add()
      /Users/z/work/lux/threshold/pkg/math/curve/secp256k1.go:229 +0x74
  github.com/luxfi/threshold/protocols/frost/sign.(*round2).Finalize()
      /Users/z/work/lux/threshold/protocols/frost/sign/round2.go:193 +0xfd0
  github.com/luxfi/threshold/pkg/protocol.(*Handler).finalizeRound.func1()
      /Users/z/work/lux/threshold/pkg/protocol/handler.go:1163 +0xe4

Previous write at 0x00c000a9ec10 by goroutine 3118:
  github.com/decred/dcrd/dcrec/secp256k1/v4.(*FieldVal).SetBytes()
      /Users/z/go/pkg/mod/github.com/decred/dcrd/dcrec/secp256k1/v4@v4.4.0/field.go:262 +0x2e4
  github.com/decred/dcrd/dcrec/secp256k1/v4.(*FieldVal).SetByteSlice()
      /Users/z/go/pkg/mod/github.com/decred/dcrd/dcrec/secp256k1/v4@v4.4.0/field.go:323 +0xc8
  github.com/luxfi/threshold/pkg/math/curve.(*Secp256k1Point).UnmarshalBinary()
      /Users/z/work/lux/threshold/pkg/math/curve/secp256k1.go:216 +0x170
  github.com/luxfi/threshold/protocols/frost/sign.(*round2).StoreBroadcastMessage()
      /Users/z/work/lux/threshold/protocols/frost/sign/round2.go:89 +0x328
  github.com/luxfi/threshold/pkg/protocol.(*Handler).verifyBroadcast()
      /Users/z/work/lux/threshold/pkg/protocol/handler.go:1392 +0x648
  github.com/luxfi/threshold/pkg/protocol.(*Handler).processMessage()
      /Users/z/work/lux/threshold/pkg/protocol/handler.go:480 +0xb9c
  github.com/luxfi/threshold/pkg/protocol.(*Handler).messageWorker()
      /Users/z/work/lux/threshold/pkg/protocol/handler.go:408 +0x338
  github.com/luxfi/threshold/pkg/protocol.(*Handler).startWorkers.gowrap2()
      /Users/z/work/lux/threshold/pkg/protocol/handler.go:361 +0x44

Goroutine 3294 (running) created at:
  github.com/luxfi/threshold/pkg/protocol.(*Handler).finalizeRound()
      /Users/z/work/lux/threshold/pkg/protocol/handler.go:1160 +0x26c
  github.com/luxfi/threshold/pkg/protocol.(*Handler).tryAdvanceRound()
      /Users/z/work/lux/threshold/pkg/protocol/handler.go:622 +0xae4
  github.com/luxfi/threshold/pkg/protocol.(*Handler).roundProcessor()
      /Users/z/work/lux/threshold/pkg/protocol/handler.go:569 +0xb4
  github.com/luxfi/threshold/pkg/protocol.(*Handler).startWorkers.func1()
      /Users/z/work/lux/threshold/pkg/protocol/handler.go:374 +0x78

Goroutine 3118 (running) created at:
  github.com/luxfi/threshold/pkg/protocol.(*Handler).startWorkers()
      /Users/z/work/lux/threshold/pkg/protocol/handler.go:361 +0x334
  github.com/luxfi/threshold/pkg/protocol.NewHandler()
      /Users/z/work/lux/threshold/pkg/protocol/handler.go:247 +0xf10
  github.com/luxfi/threshold/internal/test.(*Harness).CreateHandler()
      /Users/z/work/lux/threshold/internal/test/harness.go:91 +0x2e4
  github.com/luxfi/threshold/internal/test.RunProtocol()
      /Users/z/work/lux/threshold/internal/test/harness.go:270 +0x230
  github.com/luxfi/threshold/protocols/frost_test.TestFROSTKeygenAndSign.(*KeygenAndSign).Run.func11()
      /Users/z/work/lux/threshold/internal/test/protocol_helpers.go:114 +0x3dc
  testing.tRunner()
      /opt/homebrew/Cellar/go/1.24.6/libexec/src/testing/testing.go:1792 +0x180
  testing.(*T).Run.gowrap1()
      /opt/homebrew/Cellar/go/1.24.6/libexec/src/testing/testing.go:1851 +0x40
==================
2025-08-15T22:13:00.382-0500	DEBUG	protocol/handler.go:596	round already finalized
2025-08-15T22:13:00.379-0500	DEBUG	protocol/handler.go:1591	have processed broadcast	{"{round 20 2  <nil>}": {"Key":"from","Type":15,"Integer":0,"String":"f","Interface":null}}
==================
WARNING: DATA RACE
Read at 0x00c000a9ec18 by goroutine 3294:
  github.com/decred/dcrd/dcrec/secp256k1/v4.(*FieldVal).IsZero()
      /Users/z/go/pkg/mod/github.com/decred/dcrd/dcrec/secp256k1/v4@v4.4.0/field.go:548 +0x6ec
  github.com/decred/dcrd/dcrec/secp256k1/v4.AddNonConst()
      /Users/z/go/pkg/mod/github.com/decred/dcrd/dcrec/secp256k1/v4@v4.4.0/curve.go:480 +0x5e4
  github.com/luxfi/threshold/pkg/math/curve.(*Secp256k1Point).Add()
      /Users/z/work/lux/threshold/pkg/math/curve/secp256k1.go:229 +0x74
  github.com/luxfi/threshold/protocols/frost/sign.(*round2).Finalize()
      /Users/z/work/lux/threshold/protocols/frost/sign/round2.go:193 +0xfd0
  github.com/luxfi/threshold/pkg/protocol.(*Handler).finalizeRound.func1()
      /Users/z/work/lux/threshold/pkg/protocol/handler.go:1163 +0xe4

Previous write at 0x00c000a9ec18 by goroutine 3118:
  github.com/decred/dcrd/dcrec/secp256k1/v4.(*FieldVal).SetBytes()
      /Users/z/go/pkg/mod/github.com/decred/dcrd/dcrec/secp256k1/v4@v4.4.0/field.go:266 +0x40c
  github.com/decred/dcrd/dcrec/secp256k1/v4.(*FieldVal).SetByteSlice()
      /Users/z/go/pkg/mod/github.com/decred/dcrd/dcrec/secp256k1/v4@v4.4.0/field.go:323 +0xc8
  github.com/luxfi/threshold/pkg/math/curve.(*Secp256k1Point).UnmarshalBinary()
      /Users/z/work/lux/threshold/pkg/math/curve/secp256k1.go:216 +0x170
  github.com/luxfi/threshold/protocols/frost/sign.(*round2).StoreBroadcastMessage()
      /Users/z/work/lux/threshold/protocols/frost/sign/round2.go:89 +0x328
  github.com/luxfi/threshold/pkg/protocol.(*Handler).verifyBroadcast()
      /Users/z/work/lux/threshold/pkg/protocol/handler.go:1392 +0x648
  github.com/luxfi/threshold/pkg/protocol.(*Handler).processMessage()
      /Users/z/work/lux/threshold/pkg/protocol/handler.go:480 +0xb9c
  github.com/luxfi/threshold/pkg/protocol.(*Handler).messageWorker()
      /Users/z/work/lux/threshold/pkg/protocol/handler.go:408 +0x338
  github.com/luxfi/threshold/pkg/protocol.(*Handler).startWorkers.gowrap2()
      /Users/z/work/lux/threshold/pkg/protocol/handler.go:361 +0x44

Goroutine 3294 (running) created at:
  github.com/luxfi/threshold/pkg/protocol.(*Handler).finalizeRound()
      /Users/z/work/lux/threshold/pkg/protocol/handler.go:1160 +0x26c
  github.com/luxfi/threshold/pkg/protocol.(*Handler).tryAdvanceRound()
      /Users/z/work/lux/threshold/pkg/protocol/handler.go:622 +0xae4
  github.com/luxfi/threshold/pkg/protocol.(*Handler).roundProcessor()
      /Users/z/work/lux/threshold/pkg/protocol/handler.go:569 +0xb4
  github.com/luxfi/threshold/pkg/protocol.(*Handler).startWorkers.func1()
      /Users/z/work/lux/threshold/pkg/protocol/handler.go:374 +0x78

Goroutine 3118 (running) created at:
  github.com/luxfi/threshold/pkg/protocol.(*Handler).startWorkers()
      /Users/z/work/lux/threshold/pkg/protocol/handler.go:361 +0x334
  github.com/luxfi/threshold/pkg/protocol.NewHandler()
      /Users/z/work/lux/threshold/pkg/protocol/handler.go:247 +0xf10
  github.com/luxfi/threshold/internal/test.(*Harness).CreateHandler()
      /Users/z/work/lux/threshold/internal/test/harness.go:91 +0x2e4
  github.com/luxfi/threshold/internal/test.RunProtocol()
      /Users/z/work/lux/threshold/internal/test/harness.go:270 +0x230
  github.com/luxfi/threshold/protocols/frost_test.TestFROSTKeygenAndSign.(*KeygenAndSign).Run.func11()
      /Users/z/work/lux/threshold/internal/test/protocol_helpers.go:114 +0x3dc
  testing.tRunner()
      /opt/homebrew/Cellar/go/1.24.6/libexec/src/testing/testing.go:1792 +0x180
  testing.(*T).Run.gowrap1()
      /opt/homebrew/Cellar/go/1.24.6/libexec/src/testing/testing.go:1851 +0x40
==================
2025-08-15T22:13:00.382-0500	DEBUG	protocol/handler.go:1649	have all messages and processed	{"{round 20 2  <nil>}": {"Key":"self","Type":15,"Integer":0,"String":"c","Interface":null}}
==================
WARNING: DATA RACE
Read at 0x00c000a9ec20 by goroutine 3294:
  github.com/decred/dcrd/dcrec/secp256k1/v4.(*FieldVal).IsZero()
      /Users/z/go/pkg/mod/github.com/decred/dcrd/dcrec/secp256k1/v4@v4.4.0/field.go:548 +0x734
  github.com/decred/dcrd/dcrec/secp256k1/v4.AddNonConst()
      /Users/z/go/pkg/mod/github.com/decred/dcrd/dcrec/secp256k1/v4@v4.4.0/curve.go:480 +0x5e4
2025-08-15T22:13:00.382-0500	DEBUG	protocol/handler.go:596	round already finalized
  github.com/luxfi/threshold/pkg/math/curve.(*Secp256k1Point).Add()
      /Users/z/work/lux/threshold/pkg/math/curve/secp256k1.go:229 +0x74
  github.com/luxfi/threshold/protocols/frost/sign.(*round2).Finalize()
      /Users/z/work/lux/threshold/protocols/frost/sign/round2.go:193 +0xfd0
  github.com/luxfi/threshold/pkg/protocol.(*Handler).finalizeRound.func1()
      /Users/z/work/lux/threshold/pkg/protocol/handler.go:1163 +0xe4

Previous write at 0x00c000a9ec20 by goroutine 3118:
  github.com/decred/dcrd/dcrec/secp256k1/v4.(*FieldVal).SetBytes()
      /Users/z/go/pkg/mod/github.com/decred/dcrd/dcrec/secp256k1/v4@v4.4.0/field.go:270 +0x528
  github.com/decred/dcrd/dcrec/secp256k1/v4.(*FieldVal).SetByteSlice()
      /Users/z/go/pkg/mod/github.com/decred/dcrd/dcrec/secp256k1/v4@v4.4.0/field.go:323 +0xc8
  github.com/luxfi/threshold/pkg/math/curve.(*Secp256k1Point).UnmarshalBinary()
      /Users/z/work/lux/threshold/pkg/math/curve/secp256k1.go:216 +0x170
  github.com/luxfi/threshold/protocols/frost/sign.(*round2).StoreBroadcastMessage()
      /Users/z/work/lux/threshold/protocols/frost/sign/round2.go:89 +0x328
  github.com/luxfi/threshold/pkg/protocol.(*Handler).verifyBroadcast()
      /Users/z/work/lux/threshold/pkg/protocol/handler.go:1392 +0x648
  github.com/luxfi/threshold/pkg/protocol.(*Handler).processMessage()
      /Users/z/work/lux/threshold/pkg/protocol/handler.go:480 +0xb9c
  github.com/luxfi/threshold/pkg/protocol.(*Handler).messageWorker()
      /Users/z/work/lux/threshold/pkg/protocol/handler.go:408 +0x338
2025-08-15T22:13:00.379-0500	DEBUG	protocol/handler.go:1657	storing broadcast	{"{round 20 3  <nil>}": {"Key":"from","Type":15,"Integer":0,"String":"d","Interface":null}}
  github.com/luxfi/threshold/pkg/protocol.(*Handler).startWorkers.gowrap2()
      /Users/z/work/lux/threshold/pkg/protocol/handler.go:361 +0x44

Goroutine 3294 (running) created at:
  github.com/luxfi/threshold/pkg/protocol.(*Handler).finalizeRound()
      /Users/z/work/lux/threshold/pkg/protocol/handler.go:1160 +0x26c
  github.com/luxfi/threshold/pkg/protocol.(*Handler).tryAdvanceRound()
      /Users/z/work/lux/threshold/pkg/protocol/handler.go:622 +0xae4
  github.com/luxfi/threshold/pkg/protocol.(*Handler).roundProcessor()
      /Users/z/work/lux/threshold/pkg/protocol/handler.go:569 +0xb4
  github.com/luxfi/threshold/pkg/protocol.(*Handler).startWorkers.func1()
      /Users/z/work/lux/threshold/pkg/protocol/handler.go:374 +0x78

Goroutine 3118 (running) created at:
  github.com/luxfi/threshold/pkg/protocol.(*Handler).startWorkers()
      /Users/z/work/lux/threshold/pkg/protocol/handler.go:361 +0x334
  github.com/luxfi/threshold/pkg/protocol.NewHandler()
      /Users/z/work/lux/threshold/pkg/protocol/handler.go:247 +0xf10
  github.com/luxfi/threshold/internal/test.(*Harness).CreateHandler()
      /Users/z/work/lux/threshold/internal/test/harness.go:91 +0x2e4
  github.com/luxfi/threshold/internal/test.RunProtocol()
      /Users/z/work/lux/threshold/internal/test/harness.go:270 +0x230
  github.com/luxfi/threshold/protocols/frost_test.TestFROSTKeygenAndSign.(*KeygenAndSign).Run.func11()
      /Users/z/work/lux/threshold/internal/test/protocol_helpers.go:114 +0x3dc
  testing.tRunner()
      /opt/homebrew/Cellar/go/1.24.6/libexec/src/testing/testing.go:1792 +0x180
  testing.(*T).Run.gowrap1()
      /opt/homebrew/Cellar/go/1.24.6/libexec/src/testing/testing.go:1851 +0x40
==================
==================
WARNING: DATA RACE
Read at 0x00c000a9ec50 by goroutine 3294:
  github.com/decred/dcrd/dcrec/secp256k1/v4.(*FieldVal).IsZero()
      /Users/z/go/pkg/mod/github.com/decred/dcrd/dcrec/secp256k1/v4@v4.4.0/field.go:547 +0x968
  github.com/decred/dcrd/dcrec/secp256k1/v4.AddNonConst()
      /Users/z/go/pkg/mod/github.com/decred/dcrd/dcrec/secp256k1/v4@v4.4.0/curve.go:480 +0x5e4
  github.com/luxfi/threshold/pkg/math/curve.(*Secp256k1Point).Add()
      /Users/z/work/lux/threshold/pkg/math/curve/secp256k1.go:229 +0x74
  github.com/luxfi/threshold/protocols/frost/sign.(*round2).Finalize()
      /Users/z/work/lux/threshold/protocols/frost/sign/round2.go:193 +0xfd0
  github.com/luxfi/threshold/pkg/protocol.(*Handler).finalizeRound.func1()
      /Users/z/work/lux/threshold/pkg/protocol/handler.go:1163 +0xe4

Previous write at 0x00c000a9ec50 by goroutine 3118:
  github.com/decred/dcrd/dcrec/secp256k1/v4.(*FieldVal).Zero()
      /Users/z/go/pkg/mod/github.com/decred/dcrd/dcrec/secp256k1/v4@v4.4.0/field.go:193 +0xb4
  github.com/decred/dcrd/dcrec/secp256k1/v4.(*FieldVal).SetInt()
      /Users/z/go/pkg/mod/github.com/decred/dcrd/dcrec/secp256k1/v4@v4.4.0/field.go:231 +0xb0
  github.com/luxfi/threshold/pkg/math/curve.(*Secp256k1Point).UnmarshalBinary()
      /Users/z/work/lux/threshold/pkg/math/curve/secp256k1.go:215 +0x40
  github.com/luxfi/threshold/protocols/frost/sign.(*round2).StoreBroadcastMessage()
      /Users/z/work/lux/threshold/protocols/frost/sign/round2.go:89 +0x328
  github.com/luxfi/threshold/pkg/protocol.(*Handler).verifyBroadcast()
      /Users/z/work/lux/threshold/pkg/protocol/handler.go:1392 +0x648
  github.com/luxfi/threshold/pkg/protocol.(*Handler).processMessage()
      /Users/z/work/lux/threshold/pkg/protocol/handler.go:480 +0xb9c
2025-08-15T22:13:00.382-0500	DEBUG	protocol/handler.go:470	message for different round (buffering)	{"{msg_round 20 3  <nil>}": {"Key":"current_round","Type":20,"Integer":2,"String":"","Interface":null}}
  github.com/luxfi/threshold/pkg/protocol.(*Handler).messageWorker()
      /Users/z/work/lux/threshold/pkg/protocol/handler.go:408 +0x338
  github.com/luxfi/threshold/pkg/protocol.(*Handler).startWorkers.gowrap2()
      /Users/z/work/lux/threshold/pkg/protocol/handler.go:361 +0x44

Goroutine 3294 (running) created at:
  github.com/luxfi/threshold/pkg/protocol.(*Handler).finalizeRound()
      /Users/z/work/lux/threshold/pkg/protocol/handler.go:1160 +0x26c
  github.com/luxfi/threshold/pkg/protocol.(*Handler).tryAdvanceRound()
      /Users/z/work/lux/threshold/pkg/protocol/handler.go:622 +0xae4
  github.com/luxfi/threshold/pkg/protocol.(*Handler).roundProcessor()
      /Users/z/work/lux/threshold/pkg/protocol/handler.go:569 +0xb4
  github.com/luxfi/threshold/pkg/protocol.(*Handler).startWorkers.func1()
      /Users/z/work/lux/threshold/pkg/protocol/handler.go:374 +0x78

Goroutine 3118 (running) created at:
  github.com/luxfi/threshold/pkg/protocol.(*Handler).startWorkers()
      /Users/z/work/lux/threshold/pkg/protocol/handler.go:361 +0x334
  github.com/luxfi/threshold/pkg/protocol.NewHandler()
      /Users/z/work/lux/threshold/pkg/protocol/handler.go:247 +0xf10
  github.com/luxfi/threshold/internal/test.(*Harness).CreateHandler()
      /Users/z/work/lux/threshold/internal/test/harness.go:91 +0x2e4
  github.com/luxfi/threshold/internal/test.RunProtocol()
      /Users/z/work/lux/threshold/internal/test/harness.go:270 +0x230
  github.com/luxfi/threshold/protocols/frost_test.TestFROSTKeygenAndSign.(*KeygenAndSign).Run.func11()
      /Users/z/work/lux/threshold/internal/test/protocol_helpers.go:114 +0x3dc
  testing.tRunner()
      /opt/homebrew/Cellar/go/1.24.6/libexec/src/testing/testing.go:1792 +0x180
  testing.(*T).Run.gowrap1()
      /opt/homebrew/Cellar/go/1.24.6/libexec/src/testing/testing.go:1851 +0x40
==================
==================
WARNING: DATA RACE
Read at 0x00c000a9ec58 by goroutine 3294:
  github.com/decred/dcrd/dcrec/secp256k1/v4.(*FieldVal).IsZero()
      /Users/z/go/pkg/mod/github.com/decred/dcrd/dcrec/secp256k1/v4@v4.4.0/field.go:547 +0x990
  github.com/decred/dcrd/dcrec/secp256k1/v4.AddNonConst()
      /Users/z/go/pkg/mod/github.com/decred/dcrd/dcrec/secp256k1/v4@v4.4.0/curve.go:480 +0x5e4
  github.com/luxfi/threshold/pkg/math/curve.(*Secp256k1Point).Add()
      /Users/z/work/lux/threshold/pkg/math/curve/secp256k1.go:229 +0x74
  github.com/luxfi/threshold/protocols/frost/sign.(*round2).Finalize()
      /Users/z/work/lux/threshold/protocols/frost/sign/round2.go:193 +0xfd0
  github.com/luxfi/threshold/pkg/protocol.(*Handler).finalizeRound.func1()
      /Users/z/work/lux/threshold/pkg/protocol/handler.go:1163 +0xe4

Previous write at 0x00c000a9ec58 by goroutine 3118:
  github.com/decred/dcrd/dcrec/secp256k1/v4.(*FieldVal).Zero()
      /Users/z/go/pkg/mod/github.com/decred/dcrd/dcrec/secp256k1/v4@v4.4.0/field.go:195 +0xd4
  github.com/decred/dcrd/dcrec/secp256k1/v4.(*FieldVal).SetInt()
      /Users/z/go/pkg/mod/github.com/decred/dcrd/dcrec/secp256k1/v4@v4.4.0/field.go:231 +0xb0
  github.com/luxfi/threshold/pkg/math/curve.(*Secp256k1Point).UnmarshalBinary()
      /Users/z/work/lux/threshold/pkg/math/curve/secp256k1.go:215 +0x40
  github.com/luxfi/threshold/protocols/frost/sign.(*round2).StoreBroadcastMessage()
      /Users/z/work/lux/threshold/protocols/frost/sign/round2.go:89 +0x328
  github.com/luxfi/threshold/pkg/protocol.(*Handler).verifyBroadcast()
      /Users/z/work/lux/threshold/pkg/protocol/handler.go:1392 +0x648
  github.com/luxfi/threshold/pkg/protocol.(*Handler).processMessage()
      /Users/z/work/lux/threshold/pkg/protocol/handler.go:480 +0xb9c
  github.com/luxfi/threshold/pkg/protocol.(*Handler).messageWorker()
      /Users/z/work/lux/threshold/pkg/protocol/handler.go:408 +0x338
  github.com/luxfi/threshold/pkg/protocol.(*Handler).startWorkers.gowrap2()
      /Users/z/work/lux/threshold/pkg/protocol/handler.go:361 +0x44

Goroutine 3294 (running) created at:
  github.com/luxfi/threshold/pkg/protocol.(*Handler).finalizeRound()
      /Users/z/work/lux/threshold/pkg/protocol/handler.go:1160 +0x26c
  github.com/luxfi/threshold/pkg/protocol.(*Handler).tryAdvanceRound()
      /Users/z/work/lux/threshold/pkg/protocol/handler.go:622 +0xae4
  github.com/luxfi/threshold/pkg/protocol.(*Handler).roundProcessor()
      /Users/z/work/lux/threshold/pkg/protocol/handler.go:569 +0xb4
  github.com/luxfi/threshold/pkg/protocol.(*Handler).startWorkers.func1()
      /Users/z/work/lux/threshold/pkg/protocol/handler.go:374 +0x78

Goroutine 3118 (running) created at:
  github.com/luxfi/threshold/pkg/protocol.(*Handler).startWorkers()
      /Users/z/work/lux/threshold/pkg/protocol/handler.go:361 +0x334
  github.com/luxfi/threshold/pkg/protocol.NewHandler()
      /Users/z/work/lux/threshold/pkg/protocol/handler.go:247 +0xf10
  github.com/luxfi/threshold/internal/test.(*Harness).CreateHandler()
      /Users/z/work/lux/threshold/internal/test/harness.go:91 +0x2e4
  github.com/luxfi/threshold/internal/test.RunProtocol()
      /Users/z/work/lux/threshold/internal/test/harness.go:270 +0x230
  github.com/luxfi/threshold/protocols/frost_test.TestFROSTKeygenAndSign.(*KeygenAndSign).Run.func11()
      /Users/z/work/lux/threshold/internal/test/protocol_helpers.go:114 +0x3dc
  testing.tRunner()
      /opt/homebrew/Cellar/go/1.24.6/libexec/src/testing/testing.go:1792 +0x180
  testing.(*T).Run.gowrap1()
      /opt/homebrew/Cellar/go/1.24.6/libexec/src/testing/testing.go:1851 +0x40
==================
==================
WARNING: DATA RACE
Read at 0x00c000a9ec60 by goroutine 3294:
  github.com/decred/dcrd/dcrec/secp256k1/v4.(*FieldVal).IsZero()
      /Users/z/go/pkg/mod/github.com/decred/dcrd/dcrec/secp256k1/v4@v4.4.0/field.go:547 +0x9d8
  github.com/decred/dcrd/dcrec/secp256k1/v4.AddNonConst()
      /Users/z/go/pkg/mod/github.com/decred/dcrd/dcrec/secp256k1/v4@v4.4.0/curve.go:480 +0x5e4
  github.com/luxfi/threshold/pkg/math/curve.(*Secp256k1Point).Add()
      /Users/z/work/lux/threshold/pkg/math/curve/secp256k1.go:229 +0x74
  github.com/luxfi/threshold/protocols/frost/sign.(*round2).Finalize()
      /Users/z/work/lux/threshold/protocols/frost/sign/round2.go:193 +0xfd0
  github.com/luxfi/threshold/pkg/protocol.(*Handler).finalizeRound.func1()
      /Users/z/work/lux/threshold/pkg/protocol/handler.go:1163 +0xe4
2025-08-15T22:13:00.382-0500	DEBUG	protocol/handler.go:581	tryAdvanceRound called	{"{current_round 20 2  <nil>}": {"Key":"self","Type":15,"Integer":0,"String":"b","Interface":null}}

Previous write at 0x00c000a9ec60 by goroutine 3118:
  github.com/decred/dcrd/dcrec/secp256k1/v4.(*FieldVal).Zero()
      /Users/z/go/pkg/mod/github.com/decred/dcrd/dcrec/secp256k1/v4@v4.4.0/field.go:197 +0xf4
  github.com/decred/dcrd/dcrec/secp256k1/v4.(*FieldVal).SetInt()
      /Users/z/go/pkg/mod/github.com/decred/dcrd/dcrec/secp256k1/v4@v4.4.0/field.go:231 +0xb0
  github.com/luxfi/threshold/pkg/math/curve.(*Secp256k1Point).UnmarshalBinary()
      /Users/z/work/lux/threshold/pkg/math/curve/secp256k1.go:215 +0x40
  github.com/luxfi/threshold/protocols/frost/sign.(*round2).StoreBroadcastMessage()
      /Users/z/work/lux/threshold/protocols/frost/sign/round2.go:89 +0x328
  github.com/luxfi/threshold/pkg/protocol.(*Handler).verifyBroadcast()
      /Users/z/work/lux/threshold/pkg/protocol/handler.go:1392 +0x648
  github.com/luxfi/threshold/pkg/protocol.(*Handler).processMessage()
      /Users/z/work/lux/threshold/pkg/protocol/handler.go:480 +0xb9c
  github.com/luxfi/threshold/pkg/protocol.(*Handler).messageWorker()
      /Users/z/work/lux/threshold/pkg/protocol/handler.go:408 +0x338
  github.com/luxfi/threshold/pkg/protocol.(*Handler).startWorkers.gowrap2()
      /Users/z/work/lux/threshold/pkg/protocol/handler.go:361 +0x44

Goroutine 3294 (running) created at:
  github.com/luxfi/threshold/pkg/protocol.(*Handler).finalizeRound()
      /Users/z/work/lux/threshold/pkg/protocol/handler.go:1160 +0x26c
  github.com/luxfi/threshold/pkg/protocol.(*Handler).tryAdvanceRound()
      /Users/z/work/lux/threshold/pkg/protocol/handler.go:622 +0xae4
  github.com/luxfi/threshold/pkg/protocol.(*Handler).roundProcessor()
      /Users/z/work/lux/threshold/pkg/protocol/handler.go:569 +0xb4
  github.com/luxfi/threshold/pkg/protocol.(*Handler).startWorkers.func1()
      /Users/z/work/lux/threshold/pkg/protocol/handler.go:374 +0x78

Goroutine 3118 (running) created at:
  github.com/luxfi/threshold/pkg/protocol.(*Handler).startWorkers()
      /Users/z/work/lux/threshold/pkg/protocol/handler.go:361 +0x334
  github.com/luxfi/threshold/pkg/protocol.NewHandler()
      /Users/z/work/lux/threshold/pkg/protocol/handler.go:247 +0xf10
  github.com/luxfi/threshold/internal/test.(*Harness).CreateHandler()
      /Users/z/work/lux/threshold/internal/test/harness.go:91 +0x2e4
  github.com/luxfi/threshold/internal/test.RunProtocol()
      /Users/z/work/lux/threshold/internal/test/harness.go:270 +0x230
  github.com/luxfi/threshold/protocols/frost_test.TestFROSTKeygenAndSign.(*KeygenAndSign).Run.func11()
      /Users/z/work/lux/threshold/internal/test/protocol_helpers.go:114 +0x3dc
  testing.tRunner()
      /opt/homebrew/Cellar/go/1.24.6/libexec/src/testing/testing.go:1792 +0x180
  testing.(*T).Run.gowrap1()
      /opt/homebrew/Cellar/go/1.24.6/libexec/src/testing/testing.go:1851 +0x40
==================
==================
WARNING: DATA RACE
Read at 0x00c000a9ec68 by goroutine 3294:
  github.com/decred/dcrd/dcrec/secp256k1/v4.(*FieldVal).IsZero()
      /Users/z/go/pkg/mod/github.com/decred/dcrd/dcrec/secp256k1/v4@v4.4.0/field.go:548 +0xa20
  github.com/decred/dcrd/dcrec/secp256k1/v4.AddNonConst()
      /Users/z/go/pkg/mod/github.com/decred/dcrd/dcrec/secp256k1/v4@v4.4.0/curve.go:480 +0x5e4
  github.com/luxfi/threshold/pkg/math/curve.(*Secp256k1Point).Add()
      /Users/z/work/lux/threshold/pkg/math/curve/secp256k1.go:229 +0x74
  github.com/luxfi/threshold/protocols/frost/sign.(*round2).Finalize()
      /Users/z/work/lux/threshold/protocols/frost/sign/round2.go:193 +0xfd0
  github.com/luxfi/threshold/pkg/protocol.(*Handler).finalizeRound.func1()
      /Users/z/work/lux/threshold/pkg/protocol/handler.go:1163 +0xe4

Previous write at 0x00c000a9ec68 by goroutine 3118:
  github.com/decred/dcrd/dcrec/secp256k1/v4.(*FieldVal).Zero()
      /Users/z/go/pkg/mod/github.com/decred/dcrd/dcrec/secp256k1/v4@v4.4.0/field.go:199 +0x114
  github.com/decred/dcrd/dcrec/secp256k1/v4.(*FieldVal).SetInt()
      /Users/z/go/pkg/mod/github.com/decred/dcrd/dcrec/secp256k1/v4@v4.4.0/field.go:231 +0xb0
  github.com/luxfi/threshold/pkg/math/curve.(*Secp256k1Point).UnmarshalBinary()
      /Users/z/work/lux/threshold/pkg/math/curve/secp256k1.go:215 +0x40
  github.com/luxfi/threshold/protocols/frost/sign.(*round2).StoreBroadcastMessage()
      /Users/z/work/lux/threshold/protocols/frost/sign/round2.go:89 +0x328
  github.com/luxfi/threshold/pkg/protocol.(*Handler).verifyBroadcast()
      /Users/z/work/lux/threshold/pkg/protocol/handler.go:1392 +0x648
  github.com/luxfi/threshold/pkg/protocol.(*Handler).processMessage()
      /Users/z/work/lux/threshold/pkg/protocol/handler.go:480 +0xb9c
  github.com/luxfi/threshold/pkg/protocol.(*Handler).messageWorker()
      /Users/z/work/lux/threshold/pkg/protocol/handler.go:408 +0x338
  github.com/luxfi/threshold/pkg/protocol.(*Handler).startWorkers.gowrap2()
      /Users/z/work/lux/threshold/pkg/protocol/handler.go:361 +0x44

Goroutine 3294 (running) created at:
  github.com/luxfi/threshold/pkg/protocol.(*Handler).finalizeRound()
      /Users/z/work/lux/threshold/pkg/protocol/handler.go:1160 +0x26c
  github.com/luxfi/threshold/pkg/protocol.(*Handler).tryAdvanceRound()
      /Users/z/work/lux/threshold/pkg/protocol/handler.go:622 +0xae4
  github.com/luxfi/threshold/pkg/protocol.(*Handler).roundProcessor()
      /Users/z/work/lux/threshold/pkg/protocol/handler.go:569 +0xb4
  github.com/luxfi/threshold/pkg/protocol.(*Handler).startWorkers.func1()
      /Users/z/work/lux/threshold/pkg/protocol/handler.go:374 +0x78

Goroutine 3118 (running) created at:
  github.com/luxfi/threshold/pkg/protocol.(*Handler).startWorkers()
      /Users/z/work/lux/threshold/pkg/protocol/handler.go:361 +0x334
  github.com/luxfi/threshold/pkg/protocol.NewHandler()
      /Users/z/work/lux/threshold/pkg/protocol/handler.go:247 +0xf10
  github.com/luxfi/threshold/internal/test.(*Harness).CreateHandler()
      /Users/z/work/lux/threshold/internal/test/harness.go:91 +0x2e4
  github.com/luxfi/threshold/internal/test.RunProtocol()
      /Users/z/work/lux/threshold/internal/test/harness.go:270 +0x230
  github.com/luxfi/threshold/protocols/frost_test.TestFROSTKeygenAndSign.(*KeygenAndSign).Run.func11()
      /Users/z/work/lux/threshold/internal/test/protocol_helpers.go:114 +0x3dc
  testing.tRunner()
      /opt/homebrew/Cellar/go/1.24.6/libexec/src/testing/testing.go:1792 +0x180
  testing.(*T).Run.gowrap1()
      /opt/homebrew/Cellar/go/1.24.6/libexec/src/testing/testing.go:1851 +0x40
2025-08-15T22:13:00.383-0500	DEBUG	protocol/handler.go:581	tryAdvanceRound called	{"{current_round 20 2  <nil>}": {"Key":"self","Type":15,"Integer":0,"String":"e","Interface":null}}
==================
==================
WARNING: DATA RACE
Read at 0x00c000a9ec70 by goroutine 3294:
  github.com/decred/dcrd/dcrec/secp256k1/v4.(*FieldVal).IsZero()
      /Users/z/go/pkg/mod/github.com/decred/dcrd/dcrec/secp256k1/v4@v4.4.0/field.go:548 +0xa68
  github.com/decred/dcrd/dcrec/secp256k1/v4.AddNonConst()
      /Users/z/go/pkg/mod/github.com/decred/dcrd/dcrec/secp256k1/v4@v4.4.0/curve.go:480 +0x5e4
  github.com/luxfi/threshold/pkg/math/curve.(*Secp256k1Point).Add()
      /Users/z/work/lux/threshold/pkg/math/curve/secp256k1.go:229 +0x74
  github.com/luxfi/threshold/protocols/frost/sign.(*round2).Finalize()
      /Users/z/work/lux/threshold/protocols/frost/sign/round2.go:193 +0xfd0
  github.com/luxfi/threshold/pkg/protocol.(*Handler).finalizeRound.func1()
      /Users/z/work/lux/threshold/pkg/protocol/handler.go:1163 +0xe4

Previous write at 0x00c000a9ec70 by goroutine 3118:
  github.com/decred/dcrd/dcrec/secp256k1/v4.(*FieldVal).Zero()
      /Users/z/go/pkg/mod/github.com/decred/dcrd/dcrec/secp256k1/v4@v4.4.0/field.go:201 +0x134
  github.com/decred/dcrd/dcrec/secp256k1/v4.(*FieldVal).SetInt()
      /Users/z/go/pkg/mod/github.com/decred/dcrd/dcrec/secp256k1/v4@v4.4.0/field.go:231 +0xb0
  github.com/luxfi/threshold/pkg/math/curve.(*Secp256k1Point).UnmarshalBinary()
      /Users/z/work/lux/threshold/pkg/math/curve/secp256k1.go:215 +0x40
  github.com/luxfi/threshold/protocols/frost/sign.(*round2).StoreBroadcastMessage()
      /Users/z/work/lux/threshold/protocols/frost/sign/round2.go:89 +0x328
  github.com/luxfi/threshold/pkg/protocol.(*Handler).verifyBroadcast()
      /Users/z/work/lux/threshold/pkg/protocol/handler.go:1392 +0x648
  github.com/luxfi/threshold/pkg/protocol.(*Handler).processMessage()
      /Users/z/work/lux/threshold/pkg/protocol/handler.go:480 +0xb9c
  github.com/luxfi/threshold/pkg/protocol.(*Handler).messageWorker()
      /Users/z/work/lux/threshold/pkg/protocol/handler.go:408 +0x338
  github.com/luxfi/threshold/pkg/protocol.(*Handler).startWorkers.gowrap2()
      /Users/z/work/lux/threshold/pkg/protocol/handler.go:361 +0x44

Goroutine 3294 (running) created at:
  github.com/luxfi/threshold/pkg/protocol.(*Handler).finalizeRound()
      /Users/z/work/lux/threshold/pkg/protocol/handler.go:1160 +0x26c
  github.com/luxfi/threshold/pkg/protocol.(*Handler).tryAdvanceRound()
      /Users/z/work/lux/threshold/pkg/protocol/handler.go:622 +0xae4
  github.com/luxfi/threshold/pkg/protocol.(*Handler).roundProcessor()
      /Users/z/work/lux/threshold/pkg/protocol/handler.go:569 +0xb4
  github.com/luxfi/threshold/pkg/protocol.(*Handler).startWorkers.func1()
      /Users/z/work/lux/threshold/pkg/protocol/handler.go:374 +0x78

Goroutine 3118 (running) created at:
  github.com/luxfi/threshold/pkg/protocol.(*Handler).startWorkers()
      /Users/z/work/lux/threshold/pkg/protocol/handler.go:361 +0x334
  github.com/luxfi/threshold/pkg/protocol.NewHandler()
      /Users/z/work/lux/threshold/pkg/protocol/handler.go:247 +0xf10
  github.com/luxfi/threshold/internal/test.(*Harness).CreateHandler()
      /Users/z/work/lux/threshold/internal/test/harness.go:91 +0x2e4
  github.com/luxfi/threshold/internal/test.RunProtocol()
      /Users/z/work/lux/threshold/internal/test/harness.go:270 +0x230
  github.com/luxfi/threshold/protocols/frost_test.TestFROSTKeygenAndSign.(*KeygenAndSign).Run.func11()
      /Users/z/work/lux/threshold/internal/test/protocol_helpers.go:114 +0x3dc
  testing.tRunner()
      /opt/homebrew/Cellar/go/1.24.6/libexec/src/testing/testing.go:1792 +0x180
  testing.(*T).Run.gowrap1()
      /opt/homebrew/Cellar/go/1.24.6/libexec/src/testing/testing.go:1851 +0x40
==================
==================
WARNING: DATA RACE
Read at 0x00c000a9ec28 by goroutine 3294:
  github.com/decred/dcrd/dcrec/secp256k1/v4.(*FieldVal).Set()
      /Users/z/go/pkg/mod/github.com/decred/dcrd/dcrec/secp256k1/v4@v4.4.0/field.go:216 +0x104
  github.com/decred/dcrd/dcrec/secp256k1/v4.addZ2EqualsOne()
      /Users/z/go/pkg/mod/github.com/decred/dcrd/dcrec/secp256k1/v4@v4.4.0/curve.go:341 +0x154
  github.com/decred/dcrd/dcrec/secp256k1/v4.AddNonConst()
      /Users/z/go/pkg/mod/github.com/decred/dcrd/dcrec/secp256k1/v4@v4.4.0/curve.go:500 +0xe9c
  github.com/luxfi/threshold/pkg/math/curve.(*Secp256k1Point).Add()
      /Users/z/work/lux/threshold/pkg/math/curve/secp256k1.go:229 +0x74
  github.com/luxfi/threshold/protocols/frost/sign.(*round2).Finalize()
      /Users/z/work/lux/threshold/protocols/frost/sign/round2.go:193 +0xfd0
  github.com/luxfi/threshold/pkg/protocol.(*Handler).finalizeRound.func1()
      /Users/z/work/lux/threshold/pkg/protocol/handler.go:1163 +0xe4

Previous write at 0x00c000a9ec28 by goroutine 3118:
  github.com/decred/dcrd/dcrec/secp256k1/v4.(*FieldVal).SquareVal()
      /Users/z/go/pkg/mod/github.com/decred/dcrd/dcrec/secp256k1/v4@v4.4.0/field.go:1486 +0x1000
  github.com/decred/dcrd/dcrec/secp256k1/v4.(*FieldVal).SquareRootVal()
      /Users/z/go/pkg/mod/github.com/decred/dcrd/dcrec/secp256k1/v4@v4.4.0/field.go:1239 +0xc78
  github.com/decred/dcrd/dcrec/secp256k1/v4.DecompressY()
      /Users/z/go/pkg/mod/github.com/decred/dcrd/dcrec/secp256k1/v4@v4.4.0/curve.go:1303 +0x84
  github.com/luxfi/threshold/pkg/math/curve.(*Secp256k1Point).UnmarshalBinary()
      /Users/z/work/lux/threshold/pkg/math/curve/secp256k1.go:219 +0x198
  github.com/luxfi/threshold/protocols/frost/sign.(*round2).StoreBroadcastMessage()
      /Users/z/work/lux/threshold/protocols/frost/sign/round2.go:89 +0x328
  github.com/luxfi/threshold/pkg/protocol.(*Handler).verifyBroadcast()
      /Users/z/work/lux/threshold/pkg/protocol/handler.go:1392 +0x648
  github.com/luxfi/threshold/pkg/protocol.(*Handler).processMessage()
      /Users/z/work/lux/threshold/pkg/protocol/handler.go:480 +0xb9c
  github.com/luxfi/threshold/pkg/protocol.(*Handler).messageWorker()
      /Users/z/work/lux/threshold/pkg/protocol/handler.go:408 +0x338
  github.com/luxfi/threshold/pkg/protocol.(*Handler).startWorkers.gowrap2()
      /Users/z/work/lux/threshold/pkg/protocol/handler.go:361 +0x44

Goroutine 3294 (running) created at:
  github.com/luxfi/threshold/pkg/protocol.(*Handler).finalizeRound()
      /Users/z/work/lux/threshold/pkg/protocol/handler.go:1160 +0x26c
  github.com/luxfi/threshold/pkg/protocol.(*Handler).tryAdvanceRound()
      /Users/z/work/lux/threshold/pkg/protocol/handler.go:622 +0xae4
  github.com/luxfi/threshold/pkg/protocol.(*Handler).roundProcessor()
      /Users/z/work/lux/threshold/pkg/protocol/handler.go:569 +0xb4
  github.com/luxfi/threshold/pkg/protocol.(*Handler).startWorkers.func1()
      /Users/z/work/lux/threshold/pkg/protocol/handler.go:374 +0x78

Goroutine 3118 (running) created at:
  github.com/luxfi/threshold/pkg/protocol.(*Handler).startWorkers()
      /Users/z/work/lux/threshold/pkg/protocol/handler.go:361 +0x334
  github.com/luxfi/threshold/pkg/protocol.NewHandler()
      /Users/z/work/lux/threshold/pkg/protocol/handler.go:247 +0xf10
  github.com/luxfi/threshold/internal/test.(*Harness).CreateHandler()
      /Users/z/work/lux/threshold/internal/test/harness.go:91 +0x2e4
  github.com/luxfi/threshold/internal/test.RunProtocol()
      /Users/z/work/lux/threshold/internal/test/harness.go:270 +0x230
  github.com/luxfi/threshold/protocols/frost_test.TestFROSTKeygenAndSign.(*KeygenAndSign).Run.func11()
      /Users/z/work/lux/threshold/internal/test/protocol_helpers.go:114 +0x3dc
  testing.tRunner()
      /opt/homebrew/Cellar/go/1.24.6/libexec/src/testing/testing.go:1792 +0x180
  testing.(*T).Run.gowrap1()
      /opt/homebrew/Cellar/go/1.24.6/libexec/src/testing/testing.go:1851 +0x40
==================
2025-08-15T22:13:00.385-0500	DEBUG	protocol/handler.go:1591	have processed broadcast	{"{round 20 2  <nil>}": {"Key":"from","Type":15,"Integer":0,"String":"e","Interface":null}}
2025-08-15T22:13:00.385-0500	DEBUG	protocol/handler.go:1591	have processed broadcast	{"{round 20 2  <nil>}": {"Key":"from","Type":15,"Integer":0,"String":"f","Interface":null}}
2025-08-15T22:13:00.385-0500	DEBUG	protocol/handler.go:1649	have all messages and processed	{"{round 20 2  <nil>}": {"Key":"self","Type":15,"Integer":0,"String":"b","Interface":null}}
2025-08-15T22:13:00.385-0500	DEBUG	protocol/handler.go:596	round already finalized
2025-08-15T22:13:00.385-0500	DEBUG	protocol/handler.go:1591	have processed broadcast	{"{round 20 2  <nil>}": {"Key":"from","Type":15,"Integer":0,"String":"a","Interface":null}}
2025-08-15T22:13:00.385-0500	DEBUG	protocol/handler.go:1591	have processed broadcast	{"{round 20 2  <nil>}": {"Key":"from","Type":15,"Integer":0,"String":"a","Interface":null}}
2025-08-15T22:13:00.385-0500	DEBUG	protocol/handler.go:1591	have processed broadcast	{"{round 20 2  <nil>}": {"Key":"from","Type":15,"Integer":0,"String":"c","Interface":null}}
2025-08-15T22:13:00.385-0500	DEBUG	protocol/handler.go:1591	have processed broadcast	{"{round 20 2  <nil>}": {"Key":"from","Type":15,"Integer":0,"String":"b","Interface":null}}
2025-08-15T22:13:00.385-0500	DEBUG	protocol/handler.go:1591	have processed broadcast	{"{round 20 2  <nil>}": {"Key":"from","Type":15,"Integer":0,"String":"d","Interface":null}}
2025-08-15T22:13:00.381-0500	DEBUG	protocol/handler.go:1600	waiting for broadcasts	{"{round 20 3  <nil>}": {"Key":"missing","Type":15,"Integer":0,"String":"[a b c e f]","Interface":null}}
2025-08-15T22:13:00.385-0500	DEBUG	protocol/handler.go:1591	have processed broadcast	{"{round 20 2  <nil>}": {"Key":"from","Type":15,"Integer":0,"String":"c","Interface":null}}
2025-08-15T22:13:00.385-0500	DEBUG	protocol/handler.go:1591	have processed broadcast	{"{round 20 2  <nil>}": {"Key":"from","Type":15,"Integer":0,"String":"e","Interface":null}}
2025-08-15T22:13:00.385-0500	DEBUG	protocol/handler.go:1591	have processed broadcast	{"{round 20 2  <nil>}": {"Key":"from","Type":15,"Integer":0,"String":"d","Interface":null}}
2025-08-15T22:13:00.385-0500	DEBUG	protocol/handler.go:1591	have processed broadcast	{"{round 20 2  <nil>}": {"Key":"from","Type":15,"Integer":0,"String":"f","Interface":null}}
2025-08-15T22:13:00.385-0500	DEBUG	protocol/handler.go:1591	have processed broadcast	{"{round 20 2  <nil>}": {"Key":"from","Type":15,"Integer":0,"String":"f","Interface":null}}
2025-08-15T22:13:00.385-0500	DEBUG	protocol/handler.go:1649	have all messages and processed	{"{round 20 2  <nil>}": {"Key":"self","Type":15,"Integer":0,"String":"b","Interface":null}}
2025-08-15T22:13:00.385-0500	DEBUG	protocol/handler.go:596	round already finalized
2025-08-15T22:13:00.385-0500	DEBUG	protocol/handler.go:1649	have all messages and processed	{"{round 20 2  <nil>}": {"Key":"self","Type":15,"Integer":0,"String":"e","Interface":null}}
2025-08-15T22:13:00.386-0500	DEBUG	protocol/handler.go:596	round already finalized
2025-08-15T22:13:00.389-0500	DEBUG	protocol/handler.go:1039	sendRoundMessage	{"{from 15 0 c <nil>}": {"Key":"to","Type":15,"Integer":0,"String":"","Interface":null}, "{round 20 3  <nil>}": {"Key":"broadcast","Type":4,"Integer":1,"String":"","Interface":null}}
2025-08-15T22:13:00.389-0500	DEBUG	protocol/handler.go:1657	storing broadcast	{"{round 20 3  <nil>}": {"Key":"from","Type":15,"Integer":0,"String":"c","Interface":null}}
2025-08-15T22:13:00.389-0500	DEBUG	protocol/handler.go:1081	sent message to output channel	{"{from 15 0 c <nil>}": {"Key":"to","Type":15,"Integer":0,"String":"","Interface":null}, "{round 20 3  <nil>}": {"Key":"broadcast","Type":4,"Integer":1,"String":"","Interface":null}}
2025-08-15T22:13:00.389-0500	DEBUG	protocol/handler.go:581	tryAdvanceRound called	{"{current_round 20 2  <nil>}": {"Key":"self","Type":15,"Integer":0,"String":"b","Interface":null}}
2025-08-15T22:13:00.389-0500	DEBUG	protocol/handler.go:581	tryAdvanceRound called	{"{current_round 20 2  <nil>}": {"Key":"self","Type":15,"Integer":0,"String":"c","Interface":null}}
2025-08-15T22:13:00.389-0500	DEBUG	protocol/handler.go:1591	have processed broadcast	{"{round 20 2  <nil>}": {"Key":"from","Type":15,"Integer":0,"String":"a","Interface":null}}
2025-08-15T22:13:00.389-0500	DEBUG	protocol/handler.go:1591	have processed broadcast	{"{round 20 2  <nil>}": {"Key":"from","Type":15,"Integer":0,"String":"c","Interface":null}}
2025-08-15T22:13:00.389-0500	DEBUG	protocol/handler.go:1591	have processed broadcast	{"{round 20 2  <nil>}": {"Key":"from","Type":15,"Integer":0,"String":"d","Interface":null}}
2025-08-15T22:13:00.389-0500	DEBUG	protocol/handler.go:1591	have processed broadcast	{"{round 20 2  <nil>}": {"Key":"from","Type":15,"Integer":0,"String":"e","Interface":null}}
2025-08-15T22:13:00.389-0500	DEBUG	protocol/handler.go:1591	have processed broadcast	{"{round 20 2  <nil>}": {"Key":"from","Type":15,"Integer":0,"String":"a","Interface":null}}
2025-08-15T22:13:00.390-0500	DEBUG	protocol/handler.go:1591	have processed broadcast	{"{round 20 2  <nil>}": {"Key":"from","Type":15,"Integer":0,"String":"f","Interface":null}}
2025-08-15T22:13:00.389-0500	DEBUG	protocol/handler.go:437	processing message	{"{from 15 0 c <nil>}": {"Key":"to","Type":15,"Integer":0,"String":"","Interface":null}, "{round 20 3  <nil>}": {"Key":"broadcast","Type":4,"Integer":1,"String":"","Interface":null}}
2025-08-15T22:13:00.390-0500	DEBUG	protocol/handler.go:1649	have all messages and processed	{"{round 20 2  <nil>}": {"Key":"self","Type":15,"Integer":0,"String":"b","Interface":null}}
2025-08-15T22:13:00.390-0500	DEBUG	protocol/handler.go:596	round already finalized
2025-08-15T22:13:00.390-0500	DEBUG	protocol/handler.go:1591	have processed broadcast	{"{round 20 2  <nil>}": {"Key":"from","Type":15,"Integer":0,"String":"b","Interface":null}}
2025-08-15T22:13:00.390-0500	DEBUG	protocol/handler.go:1657	storing broadcast	{"{round 20 3  <nil>}": {"Key":"from","Type":15,"Integer":0,"String":"c","Interface":null}}
2025-08-15T22:13:00.390-0500	DEBUG	protocol/handler.go:437	processing message	{"{from 15 0 c <nil>}": {"Key":"to","Type":15,"Integer":0,"String":"","Interface":null}, "{round 20 3  <nil>}": {"Key":"broadcast","Type":4,"Integer":1,"String":"","Interface":null}}
2025-08-15T22:13:00.390-0500	DEBUG	protocol/handler.go:1657	storing broadcast	{"{round 20 3  <nil>}": {"Key":"from","Type":15,"Integer":0,"String":"c","Interface":null}}
2025-08-15T22:13:00.390-0500	DEBUG	protocol/handler.go:470	message for different round (buffering)	{"{msg_round 20 3  <nil>}": {"Key":"current_round","Type":20,"Integer":2,"String":"","Interface":null}}
2025-08-15T22:13:00.390-0500	DEBUG	protocol/handler.go:1591	have processed broadcast	{"{round 20 2  <nil>}": {"Key":"from","Type":15,"Integer":0,"String":"d","Interface":null}}
2025-08-15T22:13:00.390-0500	DEBUG	protocol/handler.go:581	tryAdvanceRound called	{"{current_round 20 2  <nil>}": {"Key":"self","Type":15,"Integer":0,"String":"f","Interface":null}}
2025-08-15T22:13:00.390-0500	DEBUG	protocol/handler.go:1591	have processed broadcast	{"{round 20 2  <nil>}": {"Key":"from","Type":15,"Integer":0,"String":"a","Interface":null}}
2025-08-15T22:13:00.390-0500	DEBUG	protocol/handler.go:1591	have processed broadcast	{"{round 20 2  <nil>}": {"Key":"from","Type":15,"Integer":0,"String":"e","Interface":null}}
2025-08-15T22:13:00.390-0500	DEBUG	protocol/handler.go:1591	have processed broadcast	{"{round 20 2  <nil>}": {"Key":"from","Type":15,"Integer":0,"String":"b","Interface":null}}
2025-08-15T22:13:00.390-0500	DEBUG	protocol/handler.go:437	processing message	{"{from 15 0 c <nil>}": {"Key":"to","Type":15,"Integer":0,"String":"","Interface":null}, "{round 20 3  <nil>}": {"Key":"broadcast","Type":4,"Integer":1,"String":"","Interface":null}}
2025-08-15T22:13:00.390-0500	DEBUG	protocol/handler.go:1591	have processed broadcast	{"{round 20 2  <nil>}": {"Key":"from","Type":15,"Integer":0,"String":"c","Interface":null}}
2025-08-15T22:13:00.390-0500	DEBUG	protocol/handler.go:1591	have processed broadcast	{"{round 20 2  <nil>}": {"Key":"from","Type":15,"Integer":0,"String":"f","Interface":null}}
2025-08-15T22:13:00.390-0500	DEBUG	protocol/handler.go:470	message for different round (buffering)	{"{msg_round 20 3  <nil>}": {"Key":"current_round","Type":20,"Integer":2,"String":"","Interface":null}}
2025-08-15T22:13:00.390-0500	DEBUG	protocol/handler.go:437	processing message	{"{from 15 0 c <nil>}": {"Key":"to","Type":15,"Integer":0,"String":"","Interface":null}, "{round 20 3  <nil>}": {"Key":"broadcast","Type":4,"Integer":1,"String":"","Interface":null}}
2025-08-15T22:13:00.390-0500	DEBUG	protocol/handler.go:1649	have all messages and processed	{"{round 20 2  <nil>}": {"Key":"self","Type":15,"Integer":0,"String":"c","Interface":null}}
2025-08-15T22:13:00.390-0500	DEBUG	protocol/handler.go:1657	storing broadcast	{"{round 20 3  <nil>}": {"Key":"from","Type":15,"Integer":0,"String":"c","Interface":null}}
2025-08-15T22:13:00.390-0500	DEBUG	protocol/handler.go:1657	storing broadcast	{"{round 20 3  <nil>}": {"Key":"from","Type":15,"Integer":0,"String":"c","Interface":null}}
2025-08-15T22:13:00.390-0500	DEBUG	protocol/handler.go:596	round already finalized
2025-08-15T22:13:00.390-0500	DEBUG	protocol/handler.go:1591	have processed broadcast	{"{round 20 2  <nil>}": {"Key":"from","Type":15,"Integer":0,"String":"d","Interface":null}}
2025-08-15T22:13:00.390-0500	DEBUG	protocol/handler.go:1039	sendRoundMessage	{"{from 15 0 b <nil>}": {"Key":"to","Type":15,"Integer":0,"String":"","Interface":null}, "{round 20 3  <nil>}": {"Key":"broadcast","Type":4,"Integer":1,"String":"","Interface":null}}
2025-08-15T22:13:00.390-0500	DEBUG	protocol/handler.go:470	message for different round (buffering)	{"{msg_round 20 3  <nil>}": {"Key":"current_round","Type":20,"Integer":2,"String":"","Interface":null}}
2025-08-15T22:13:00.390-0500	DEBUG	protocol/handler.go:1591	have processed broadcast	{"{round 20 2  <nil>}": {"Key":"from","Type":15,"Integer":0,"String":"e","Interface":null}}
2025-08-15T22:13:00.390-0500	DEBUG	protocol/handler.go:581	tryAdvanceRound called	{"{current_round 20 2  <nil>}": {"Key":"self","Type":15,"Integer":0,"String":"b","Interface":null}}
2025-08-15T22:13:00.390-0500	DEBUG	protocol/handler.go:581	tryAdvanceRound called	{"{current_round 20 2  <nil>}": {"Key":"self","Type":15,"Integer":0,"String":"e","Interface":null}}
2025-08-15T22:13:00.390-0500	DEBUG	protocol/handler.go:1649	have all messages and processed	{"{round 20 2  <nil>}": {"Key":"self","Type":15,"Integer":0,"String":"f","Interface":null}}
2025-08-15T22:13:00.390-0500	DEBUG	protocol/handler.go:596	round already finalized
2025-08-15T22:13:00.390-0500	DEBUG	protocol/handler.go:437	processing message	{"{from 15 0 c <nil>}": {"Key":"to","Type":15,"Integer":0,"String":"","Interface":null}, "{round 20 3  <nil>}": {"Key":"broadcast","Type":4,"Integer":1,"String":"","Interface":null}}
2025-08-15T22:13:00.390-0500	DEBUG	protocol/handler.go:1657	storing broadcast	{"{round 20 3  <nil>}": {"Key":"from","Type":15,"Integer":0,"String":"b","Interface":null}}
2025-08-15T22:13:00.390-0500	DEBUG	protocol/handler.go:1657	storing broadcast	{"{round 20 3  <nil>}": {"Key":"from","Type":15,"Integer":0,"String":"c","Interface":null}}
2025-08-15T22:13:00.390-0500	DEBUG	protocol/handler.go:1591	have processed broadcast	{"{round 20 2  <nil>}": {"Key":"from","Type":15,"Integer":0,"String":"a","Interface":null}}
2025-08-15T22:13:00.390-0500	DEBUG	protocol/handler.go:1591	have processed broadcast	{"{round 20 2  <nil>}": {"Key":"from","Type":15,"Integer":0,"String":"a","Interface":null}}
2025-08-15T22:13:00.391-0500	DEBUG	protocol/handler.go:470	message for different round (buffering)	{"{msg_round 20 3  <nil>}": {"Key":"current_round","Type":20,"Integer":2,"String":"","Interface":null}}
2025-08-15T22:13:00.391-0500	DEBUG	protocol/handler.go:1081	sent message to output channel	{"{from 15 0 b <nil>}": {"Key":"to","Type":15,"Integer":0,"String":"","Interface":null}, "{round 20 3  <nil>}": {"Key":"broadcast","Type":4,"Integer":1,"String":"","Interface":null}}
2025-08-15T22:13:00.391-0500	DEBUG	protocol/handler.go:581	tryAdvanceRound called	{"{current_round 20 2  <nil>}": {"Key":"self","Type":15,"Integer":0,"String":"a","Interface":null}}
2025-08-15T22:13:00.391-0500	DEBUG	protocol/handler.go:1182	finalized round messages	{"{round 20 2  <nil>}": {"Key":"messages","Type":11,"Integer":1,"String":"","Interface":null}}
2025-08-15T22:13:00.391-0500	DEBUG	protocol/handler.go:437	processing message	{"{from 15 0 b <nil>}": {"Key":"to","Type":15,"Integer":0,"String":"","Interface":null}, "{round 20 3  <nil>}": {"Key":"broadcast","Type":4,"Integer":1,"String":"","Interface":null}}
2025-08-15T22:13:00.391-0500	DEBUG	protocol/handler.go:1239	finalize returned next round	{"{current 20 2  <nil>}": {"Key":"next","Type":20,"Integer":3,"String":"","Interface":null}}
2025-08-15T22:13:00.391-0500	DEBUG	protocol/handler.go:1591	have processed broadcast	{"{round 20 2  <nil>}": {"Key":"from","Type":15,"Integer":0,"String":"b","Interface":null}}
2025-08-15T22:13:00.391-0500	DEBUG	protocol/handler.go:1657	storing broadcast	{"{round 20 3  <nil>}": {"Key":"from","Type":15,"Integer":0,"String":"b","Interface":null}}
2025-08-15T22:13:00.391-0500	INFO	protocol/handler.go:642	storing new currentRound	{"{from 20 2  <nil>}": {"Key":"to","Type":20,"Integer":3,"String":"","Interface":null}}
2025-08-15T22:13:00.391-0500	DEBUG	protocol/handler.go:470	message for different round (buffering)	{"{msg_round 20 3  <nil>}": {"Key":"current_round","Type":20,"Integer":2,"String":"","Interface":null}}
2025-08-15T22:13:00.391-0500	DEBUG	protocol/handler.go:1503	processing queued messages
2025-08-15T22:13:00.391-0500	DEBUG	protocol/handler.go:1591	have processed broadcast	{"{round 20 2  <nil>}": {"Key":"from","Type":15,"Integer":0,"String":"c","Interface":null}}
2025-08-15T22:13:00.391-0500	DEBUG	protocol/handler.go:1503	processing queued messages
2025-08-15T22:13:00.391-0500	DEBUG	protocol/handler.go:437	processing message	{"{from 15 0 b <nil>}": {"Key":"to","Type":15,"Integer":0,"String":"","Interface":null}, "{round 20 3  <nil>}": {"Key":"broadcast","Type":4,"Integer":1,"String":"","Interface":null}}
2025-08-15T22:13:00.391-0500	DEBUG	protocol/handler.go:1657	storing broadcast	{"{round 20 3  <nil>}": {"Key":"from","Type":15,"Integer":0,"String":"b","Interface":null}}
2025-08-15T22:13:00.391-0500	DEBUG	protocol/handler.go:1591	have processed broadcast	{"{round 20 2  <nil>}": {"Key":"from","Type":15,"Integer":0,"String":"d","Interface":null}}
2025-08-15T22:13:00.391-0500	DEBUG	protocol/handler.go:470	message for different round (buffering)	{"{msg_round 20 3  <nil>}": {"Key":"current_round","Type":20,"Integer":2,"String":"","Interface":null}}
2025-08-15T22:13:00.391-0500	DEBUG	protocol/handler.go:581	tryAdvanceRound called	{"{current_round 20 2  <nil>}": {"Key":"self","Type":15,"Integer":0,"String":"c","Interface":null}}
2025-08-15T22:13:00.391-0500	DEBUG	protocol/handler.go:1591	have processed broadcast	{"{round 20 2  <nil>}": {"Key":"from","Type":15,"Integer":0,"String":"e","Interface":null}}
2025-08-15T22:13:00.391-0500	DEBUG	protocol/handler.go:1591	have processed broadcast	{"{round 20 2  <nil>}": {"Key":"from","Type":15,"Integer":0,"String":"a","Interface":null}}
2025-08-15T22:13:00.391-0500	DEBUG	protocol/handler.go:1591	have processed broadcast	{"{round 20 2  <nil>}": {"Key":"from","Type":15,"Integer":0,"String":"b","Interface":null}}
2025-08-15T22:13:00.391-0500	DEBUG	protocol/handler.go:1591	have processed broadcast	{"{round 20 2  <nil>}": {"Key":"from","Type":15,"Integer":0,"String":"f","Interface":null}}
2025-08-15T22:13:00.391-0500	DEBUG	protocol/handler.go:437	processing message	{"{from 15 0 b <nil>}": {"Key":"to","Type":15,"Integer":0,"String":"","Interface":null}, "{round 20 3  <nil>}": {"Key":"broadcast","Type":4,"Integer":1,"String":"","Interface":null}}
2025-08-15T22:13:00.391-0500	DEBUG	protocol/handler.go:1657	storing broadcast	{"{round 20 3  <nil>}": {"Key":"from","Type":15,"Integer":0,"String":"b","Interface":null}}
2025-08-15T22:13:00.391-0500	DEBUG	protocol/handler.go:1649	have all messages and processed	{"{round 20 2  <nil>}": {"Key":"self","Type":15,"Integer":0,"String":"a","Interface":null}}
2025-08-15T22:13:00.391-0500	DEBUG	protocol/handler.go:596	round already finalized
2025-08-15T22:13:00.391-0500	DEBUG	protocol/handler.go:1591	have processed broadcast	{"{round 20 2  <nil>}": {"Key":"from","Type":15,"Integer":0,"String":"b","Interface":null}}
2025-08-15T22:13:00.391-0500	DEBUG	protocol/handler.go:1591	have processed broadcast	{"{round 20 2  <nil>}": {"Key":"from","Type":15,"Integer":0,"String":"d","Interface":null}}
2025-08-15T22:13:00.392-0500	DEBUG	protocol/handler.go:1039	sendRoundMessage	{"{from 15 0 a <nil>}": {"Key":"to","Type":15,"Integer":0,"String":"","Interface":null}, "{round 20 3  <nil>}": {"Key":"broadcast","Type":4,"Integer":1,"String":"","Interface":null}}
2025-08-15T22:13:00.392-0500	DEBUG	protocol/handler.go:1591	have processed broadcast	{"{round 20 2  <nil>}": {"Key":"from","Type":15,"Integer":0,"String":"e","Interface":null}}
2025-08-15T22:13:00.392-0500	DEBUG	protocol/handler.go:1657	storing broadcast	{"{round 20 3  <nil>}": {"Key":"from","Type":15,"Integer":0,"String":"a","Interface":null}}
2025-08-15T22:13:00.392-0500	DEBUG	protocol/handler.go:1081	sent message to output channel	{"{from 15 0 a <nil>}": {"Key":"to","Type":15,"Integer":0,"String":"","Interface":null}, "{round 20 3  <nil>}": {"Key":"broadcast","Type":4,"Integer":1,"String":"","Interface":null}}
2025-08-15T22:13:00.392-0500	DEBUG	protocol/handler.go:1591	have processed broadcast	{"{round 20 2  <nil>}": {"Key":"from","Type":15,"Integer":0,"String":"f","Interface":null}}
2025-08-15T22:13:00.392-0500	DEBUG	protocol/handler.go:1182	finalized round messages	{"{round 20 2  <nil>}": {"Key":"messages","Type":11,"Integer":1,"String":"","Interface":null}}
2025-08-15T22:13:00.392-0500	DEBUG	protocol/handler.go:1239	finalize returned next round	{"{current 20 2  <nil>}": {"Key":"next","Type":20,"Integer":3,"String":"","Interface":null}}
2025-08-15T22:13:00.392-0500	DEBUG	protocol/handler.go:1649	have all messages and processed	{"{round 20 2  <nil>}": {"Key":"self","Type":15,"Integer":0,"String":"c","Interface":null}}
2025-08-15T22:13:00.392-0500	DEBUG	protocol/handler.go:596	round already finalized
2025-08-15T22:13:00.392-0500	DEBUG	protocol/handler.go:437	processing message	{"{from 15 0 a <nil>}": {"Key":"to","Type":15,"Integer":0,"String":"","Interface":null}, "{round 20 3  <nil>}": {"Key":"broadcast","Type":4,"Integer":1,"String":"","Interface":null}}
2025-08-15T22:13:00.392-0500	DEBUG	protocol/handler.go:1657	storing broadcast	{"{round 20 3  <nil>}": {"Key":"from","Type":15,"Integer":0,"String":"a","Interface":null}}
2025-08-15T22:13:00.392-0500	DEBUG	protocol/handler.go:470	message for different round (buffering)	{"{msg_round 20 3  <nil>}": {"Key":"current_round","Type":20,"Integer":2,"String":"","Interface":null}}
2025-08-15T22:13:00.392-0500	DEBUG	protocol/handler.go:581	tryAdvanceRound called	{"{current_round 20 2  <nil>}": {"Key":"self","Type":15,"Integer":0,"String":"e","Interface":null}}
2025-08-15T22:13:00.392-0500	DEBUG	protocol/handler.go:437	processing message	{"{from 15 0 a <nil>}": {"Key":"to","Type":15,"Integer":0,"String":"","Interface":null}, "{round 20 3  <nil>}": {"Key":"broadcast","Type":4,"Integer":1,"String":"","Interface":null}}
2025-08-15T22:13:00.392-0500	DEBUG	protocol/handler.go:1657	storing broadcast	{"{round 20 3  <nil>}": {"Key":"from","Type":15,"Integer":0,"String":"a","Interface":null}}
2025-08-15T22:13:00.392-0500	DEBUG	protocol/handler.go:1591	have processed broadcast	{"{round 20 2  <nil>}": {"Key":"from","Type":15,"Integer":0,"String":"a","Interface":null}}
2025-08-15T22:13:00.392-0500	DEBUG	protocol/handler.go:1039	sendRoundMessage	{"{from 15 0 e <nil>}": {"Key":"to","Type":15,"Integer":0,"String":"","Interface":null}, "{round 20 3  <nil>}": {"Key":"broadcast","Type":4,"Integer":1,"String":"","Interface":null}}
2025-08-15T22:13:00.392-0500	DEBUG	protocol/handler.go:1591	have processed broadcast	{"{round 20 2  <nil>}": {"Key":"from","Type":15,"Integer":0,"String":"b","Interface":null}}
2025-08-15T22:13:00.393-0500	DEBUG	protocol/handler.go:1657	storing broadcast	{"{round 20 3  <nil>}": {"Key":"from","Type":15,"Integer":0,"String":"e","Interface":null}}
2025-08-15T22:13:00.393-0500	DEBUG	protocol/handler.go:1591	have processed broadcast	{"{round 20 2  <nil>}": {"Key":"from","Type":15,"Integer":0,"String":"c","Interface":null}}
2025-08-15T22:13:00.393-0500	DEBUG	protocol/handler.go:1081	sent message to output channel	{"{from 15 0 e <nil>}": {"Key":"to","Type":15,"Integer":0,"String":"","Interface":null}, "{round 20 3  <nil>}": {"Key":"broadcast","Type":4,"Integer":1,"String":"","Interface":null}}
2025-08-15T22:13:00.393-0500	DEBUG	protocol/handler.go:1182	finalized round messages	{"{round 20 2  <nil>}": {"Key":"messages","Type":11,"Integer":1,"String":"","Interface":null}}
2025-08-15T22:13:00.393-0500	DEBUG	protocol/handler.go:1591	have processed broadcast	{"{round 20 2  <nil>}": {"Key":"from","Type":15,"Integer":0,"String":"d","Interface":null}}
2025-08-15T22:13:00.393-0500	DEBUG	protocol/handler.go:1239	finalize returned next round	{"{current 20 2  <nil>}": {"Key":"next","Type":20,"Integer":3,"String":"","Interface":null}}
2025-08-15T22:13:00.393-0500	DEBUG	protocol/handler.go:1591	have processed broadcast	{"{round 20 2  <nil>}": {"Key":"from","Type":15,"Integer":0,"String":"f","Interface":null}}
2025-08-15T22:13:00.393-0500	INFO	protocol/handler.go:642	storing new currentRound	{"{from 20 2  <nil>}": {"Key":"to","Type":20,"Integer":3,"String":"","Interface":null}}
2025-08-15T22:13:00.393-0500	DEBUG	protocol/handler.go:1649	have all messages and processed	{"{round 20 2  <nil>}": {"Key":"self","Type":15,"Integer":0,"String":"e","Interface":null}}
2025-08-15T22:13:00.393-0500	DEBUG	protocol/handler.go:596	round already finalized
2025-08-15T22:13:00.392-0500	DEBUG	protocol/handler.go:437	processing message	{"{from 15 0 b <nil>}": {"Key":"to","Type":15,"Integer":0,"String":"","Interface":null}, "{round 20 3  <nil>}": {"Key":"broadcast","Type":4,"Integer":1,"String":"","Interface":null}}
2025-08-15T22:13:00.393-0500	DEBUG	protocol/handler.go:600	current round already advanced	{"{checking 20 2  <nil>}": {"Key":"current","Type":20,"Integer":3,"String":"","Interface":null}}
2025-08-15T22:13:00.391-0500	DEBUG	protocol/handler.go:581	tryAdvanceRound called	{"{current_round 20 2  <nil>}": {"Key":"self","Type":15,"Integer":0,"String":"a","Interface":null}}
2025-08-15T22:13:00.393-0500	DEBUG	protocol/handler.go:437	processing message	{"{from 15 0 e <nil>}": {"Key":"to","Type":15,"Integer":0,"String":"","Interface":null}, "{round 20 3  <nil>}": {"Key":"broadcast","Type":4,"Integer":1,"String":"","Interface":null}}
2025-08-15T22:13:00.393-0500	DEBUG	protocol/handler.go:1657	storing broadcast	{"{round 20 3  <nil>}": {"Key":"from","Type":15,"Integer":0,"String":"b","Interface":null}}
2025-08-15T22:13:00.393-0500	DEBUG	protocol/handler.go:1657	storing broadcast	{"{round 20 3  <nil>}": {"Key":"from","Type":15,"Integer":0,"String":"e","Interface":null}}
2025-08-15T22:13:00.393-0500	DEBUG	protocol/handler.go:1591	have processed broadcast	{"{round 20 2  <nil>}": {"Key":"from","Type":15,"Integer":0,"String":"b","Interface":null}}
2025-08-15T22:13:00.393-0500	DEBUG	protocol/handler.go:1591	have processed broadcast	{"{round 20 2  <nil>}": {"Key":"from","Type":15,"Integer":0,"String":"c","Interface":null}}
2025-08-15T22:13:00.393-0500	DEBUG	protocol/handler.go:1591	have processed broadcast	{"{round 20 2  <nil>}": {"Key":"from","Type":15,"Integer":0,"String":"d","Interface":null}}
2025-08-15T22:13:00.393-0500	DEBUG	protocol/handler.go:1591	have processed broadcast	{"{round 20 2  <nil>}": {"Key":"from","Type":15,"Integer":0,"String":"e","Interface":null}}
2025-08-15T22:13:00.393-0500	DEBUG	protocol/handler.go:1591	have processed broadcast	{"{round 20 2  <nil>}": {"Key":"from","Type":15,"Integer":0,"String":"f","Interface":null}}
2025-08-15T22:13:00.393-0500	DEBUG	protocol/handler.go:1649	have all messages and processed	{"{round 20 2  <nil>}": {"Key":"self","Type":15,"Integer":0,"String":"a","Interface":null}}
2025-08-15T22:13:00.393-0500	DEBUG	protocol/handler.go:596	round already finalized
2025-08-15T22:13:00.393-0500	DEBUG	protocol/handler.go:600	current round already advanced	{"{checking 20 2  <nil>}": {"Key":"current","Type":20,"Integer":3,"String":"","Interface":null}}
2025-08-15T22:13:00.392-0500	INFO	protocol/handler.go:642	storing new currentRound	{"{from 20 2  <nil>}": {"Key":"to","Type":20,"Integer":3,"String":"","Interface":null}}
2025-08-15T22:13:00.393-0500	DEBUG	protocol/handler.go:1503	processing queued messages
2025-08-15T22:13:00.393-0500	INFO	protocol/handler.go:560	advanced to round
2025-08-15T22:13:00.393-0500	DEBUG	protocol/handler.go:581	tryAdvanceRound called	{"{current_round 20 3  <nil>}": {"Key":"self","Type":15,"Integer":0,"String":"a","Interface":null}}
2025-08-15T22:13:00.396-0500	DEBUG	protocol/handler.go:437	processing message	{"{from 15 0 a <nil>}": {"Key":"to","Type":15,"Integer":0,"String":"","Interface":null}, "{round 20 3  <nil>}": {"Key":"broadcast","Type":4,"Integer":1,"String":"","Interface":null}}
2025-08-15T22:13:00.396-0500	DEBUG	protocol/handler.go:1657	storing broadcast	{"{round 20 3  <nil>}": {"Key":"from","Type":15,"Integer":0,"String":"a","Interface":null}}
2025-08-15T22:13:00.396-0500	DEBUG	protocol/handler.go:470	message for different round (buffering)	{"{msg_round 20 3  <nil>}": {"Key":"current_round","Type":20,"Integer":2,"String":"","Interface":null}}
2025-08-15T22:13:00.396-0500	DEBUG	protocol/handler.go:581	tryAdvanceRound called	{"{current_round 20 2  <nil>}": {"Key":"self","Type":15,"Integer":0,"String":"c","Interface":null}}
2025-08-15T22:13:00.396-0500	DEBUG	protocol/handler.go:1591	have processed broadcast	{"{round 20 2  <nil>}": {"Key":"from","Type":15,"Integer":0,"String":"a","Interface":null}}
2025-08-15T22:13:00.396-0500	DEBUG	protocol/handler.go:581	tryAdvanceRound called	{"{current_round 20 3  <nil>}": {"Key":"self","Type":15,"Integer":0,"String":"d","Interface":null}}
2025-08-15T22:13:00.396-0500	DEBUG	protocol/handler.go:1591	have processed broadcast	{"{round 20 2  <nil>}": {"Key":"from","Type":15,"Integer":0,"String":"b","Interface":null}}
2025-08-15T22:13:00.396-0500	DEBUG	protocol/handler.go:1591	have processed broadcast	{"{round 20 2  <nil>}": {"Key":"from","Type":15,"Integer":0,"String":"d","Interface":null}}
2025-08-15T22:13:00.396-0500	DEBUG	protocol/handler.go:1591	have processed broadcast	{"{round 20 2  <nil>}": {"Key":"from","Type":15,"Integer":0,"String":"e","Interface":null}}
2025-08-15T22:13:00.396-0500	DEBUG	protocol/handler.go:1591	have processed broadcast	{"{round 20 2  <nil>}": {"Key":"from","Type":15,"Integer":0,"String":"f","Interface":null}}
2025-08-15T22:13:00.397-0500	DEBUG	protocol/handler.go:1649	have all messages and processed	{"{round 20 2  <nil>}": {"Key":"self","Type":15,"Integer":0,"String":"c","Interface":null}}
2025-08-15T22:13:00.397-0500	DEBUG	protocol/handler.go:596	round already finalized
2025-08-15T22:13:00.397-0500	DEBUG	protocol/handler.go:437	processing message	{"{from 15 0 a <nil>}": {"Key":"to","Type":15,"Integer":0,"String":"","Interface":null}, "{round 20 3  <nil>}": {"Key":"broadcast","Type":4,"Integer":1,"String":"","Interface":null}}
2025-08-15T22:13:00.397-0500	DEBUG	protocol/handler.go:1657	storing broadcast	{"{round 20 3  <nil>}": {"Key":"from","Type":15,"Integer":0,"String":"a","Interface":null}}
2025-08-15T22:13:00.397-0500	DEBUG	protocol/handler.go:581	tryAdvanceRound called	{"{current_round 20 3  <nil>}": {"Key":"self","Type":15,"Integer":0,"String":"b","Interface":null}}
2025-08-15T22:13:00.389-0500	DEBUG	protocol/handler.go:1182	finalized round messages	{"{round 20 2  <nil>}": {"Key":"messages","Type":11,"Integer":1,"String":"","Interface":null}}
2025-08-15T22:13:00.397-0500	DEBUG	protocol/handler.go:1239	finalize returned next round	{"{current 20 2  <nil>}": {"Key":"next","Type":20,"Integer":3,"String":"","Interface":null}}
2025-08-15T22:13:00.397-0500	INFO	protocol/handler.go:642	storing new currentRound	{"{from 20 2  <nil>}": {"Key":"to","Type":20,"Integer":3,"String":"","Interface":null}}
2025-08-15T22:13:00.397-0500	DEBUG	protocol/handler.go:1503	processing queued messages
2025-08-15T22:13:00.397-0500	DEBUG	protocol/handler.go:1503	processing queued messages
2025-08-15T22:13:00.398-0500	DEBUG	protocol/handler.go:581	tryAdvanceRound called	{"{current_round 20 3  <nil>}": {"Key":"self","Type":15,"Integer":0,"String":"e","Interface":null}}
2025-08-15T22:13:00.399-0500	DEBUG	protocol/handler.go:581	tryAdvanceRound called	{"{current_round 20 3  <nil>}": {"Key":"self","Type":15,"Integer":0,"String":"d","Interface":null}}
2025-08-15T22:13:00.401-0500	DEBUG	protocol/handler.go:581	tryAdvanceRound called	{"{current_round 20 3  <nil>}": {"Key":"self","Type":15,"Integer":0,"String":"d","Interface":null}}
==================
WARNING: DATA RACE
Write at 0x00c0002ebc80 by goroutine 3144:
  runtime.mapaccess2_faststr()
      /opt/homebrew/Cellar/go/1.24.6/libexec/src/internal/runtime/maps/runtime_faststr_swiss.go:162 +0x29c
  github.com/luxfi/threshold/protocols/frost/sign.(*round3).StoreBroadcastMessage()
      /Users/z/work/lux/threshold/protocols/frost/sign/round3.go:78 +0x26c
  github.com/luxfi/threshold/pkg/protocol.(*Handler).verifyBroadcastForRound()
      /Users/z/work/lux/threshold/pkg/protocol/handler.go:1277 +0x3a0
  github.com/luxfi/threshold/pkg/protocol.(*Handler).retryUnprocessedMessages()
      /Users/z/work/lux/threshold/pkg/protocol/handler.go:1483 +0x22c
  github.com/luxfi/threshold/pkg/protocol.(*Handler).tryAdvanceRound()
      /Users/z/work/lux/threshold/pkg/protocol/handler.go:587 +0x28c
  github.com/luxfi/threshold/pkg/protocol.(*Handler).processMessage()
      /Users/z/work/lux/threshold/pkg/protocol/handler.go:486 +0xbb0
  github.com/luxfi/threshold/pkg/protocol.(*Handler).messageWorker()
      /Users/z/work/lux/threshold/pkg/protocol/handler.go:408 +0x338
  github.com/luxfi/threshold/pkg/protocol.(*Handler).startWorkers.gowrap2()
      /Users/z/work/lux/threshold/pkg/protocol/handler.go:361 +0x44

Previous write at 0x00c0002ebc80 by goroutine 3297:
  runtime.mapaccess2_faststr()
      /opt/homebrew/Cellar/go/1.24.6/libexec/src/internal/runtime/maps/runtime_faststr_swiss.go:162 +0x29c
  github.com/luxfi/threshold/protocols/frost/sign.(*round3).StoreBroadcastMessage()
      /Users/z/work/lux/threshold/protocols/frost/sign/round3.go:78 +0x26c
  github.com/luxfi/threshold/pkg/protocol.(*Handler).verifyBroadcastForRound()
      /Users/z/work/lux/threshold/pkg/protocol/handler.go:1277 +0x3a0
  github.com/luxfi/threshold/pkg/protocol.(*Handler).processQueuedMessages()
      /Users/z/work/lux/threshold/pkg/protocol/handler.go:1542 +0x404
  github.com/luxfi/threshold/pkg/protocol.(*Handler).tryAdvanceRound.gowrap2()
      /Users/z/work/lux/threshold/pkg/protocol/handler.go:673 +0x40

Goroutine 3144 (running) created at:
  github.com/luxfi/threshold/pkg/protocol.(*Handler).startWorkers()
      /Users/z/work/lux/threshold/pkg/protocol/handler.go:361 +0x334
  github.com/luxfi/threshold/pkg/protocol.NewHandler()
      /Users/z/work/lux/threshold/pkg/protocol/handler.go:247 +0xf10
  github.com/luxfi/threshold/internal/test.(*Harness).CreateHandler()
      /Users/z/work/lux/threshold/internal/test/harness.go:91 +0x2e4
  github.com/luxfi/threshold/internal/test.RunProtocol()
      /Users/z/work/lux/threshold/internal/test/harness.go:270 +0x230
  github.com/luxfi/threshold/protocols/frost_test.TestFROSTKeygenAndSign.(*KeygenAndSign).Run.func11()
      /Users/z/work/lux/threshold/internal/test/protocol_helpers.go:114 +0x3dc
  testing.tRunner()
      /opt/homebrew/Cellar/go/1.24.6/libexec/src/testing/testing.go:1792 +0x180
  testing.(*T).Run.gowrap1()
      /opt/homebrew/Cellar/go/1.24.6/libexec/src/testing/testing.go:1851 +0x40

Goroutine 3297 (running) created at:
  github.com/luxfi/threshold/pkg/protocol.(*Handler).tryAdvanceRound()
      /Users/z/work/lux/threshold/pkg/protocol/handler.go:673 +0x12e4
  github.com/luxfi/threshold/pkg/protocol.(*Handler).processMessage()
      /Users/z/work/lux/threshold/pkg/protocol/handler.go:486 +0xbb0
  github.com/luxfi/threshold/pkg/protocol.(*Handler).messageWorker()
      /Users/z/work/lux/threshold/pkg/protocol/handler.go:408 +0x338
  github.com/luxfi/threshold/pkg/protocol.(*Handler).startWorkers.gowrap2()
      /Users/z/work/lux/threshold/pkg/protocol/handler.go:361 +0x44
==================
==================
WARNING: DATA RACE
Write at 0x00c0013005f8 by goroutine 3144:
  github.com/luxfi/threshold/protocols/frost/sign.(*round3).StoreBroadcastMessage()
      /Users/z/work/lux/threshold/protocols/frost/sign/round3.go:78 +0x278
  github.com/luxfi/threshold/pkg/protocol.(*Handler).verifyBroadcastForRound()
      /Users/z/work/lux/threshold/pkg/protocol/handler.go:1277 +0x3a0
  github.com/luxfi/threshold/pkg/protocol.(*Handler).retryUnprocessedMessages()
      /Users/z/work/lux/threshold/pkg/protocol/handler.go:1483 +0x22c
  github.com/luxfi/threshold/pkg/protocol.(*Handler).tryAdvanceRound()
      /Users/z/work/lux/threshold/pkg/protocol/handler.go:587 +0x28c
  github.com/luxfi/threshold/pkg/protocol.(*Handler).processMessage()
      /Users/z/work/lux/threshold/pkg/protocol/handler.go:486 +0xbb0
  github.com/luxfi/threshold/pkg/protocol.(*Handler).messageWorker()
      /Users/z/work/lux/threshold/pkg/protocol/handler.go:408 +0x338
  github.com/luxfi/threshold/pkg/protocol.(*Handler).startWorkers.gowrap2()
      /Users/z/work/lux/threshold/pkg/protocol/handler.go:361 +0x44

Previous write at 0x00c0013005f8 by goroutine 3297:
  github.com/luxfi/threshold/protocols/frost/sign.(*round3).StoreBroadcastMessage()
      /Users/z/work/lux/threshold/protocols/frost/sign/round3.go:78 +0x278
2025-08-15T22:13:00.403-0500	DEBUG	protocol/handler.go:1591	have processed broadcast	{"{round 20 3  <nil>}": {"Key":"from","Type":15,"Integer":0,"String":"a","Interface":null}}
  github.com/luxfi/threshold/pkg/protocol.(*Handler).verifyBroadcastForRound()
      /Users/z/work/lux/threshold/pkg/protocol/handler.go:1277 +0x3a0
  github.com/luxfi/threshold/pkg/protocol.(*Handler).processQueuedMessages()
      /Users/z/work/lux/threshold/pkg/protocol/handler.go:1542 +0x404
  github.com/luxfi/threshold/pkg/protocol.(*Handler).tryAdvanceRound.gowrap2()
      /Users/z/work/lux/threshold/pkg/protocol/handler.go:673 +0x40

Goroutine 3144 (running) created at:
  github.com/luxfi/threshold/pkg/protocol.(*Handler).startWorkers()
      /Users/z/work/lux/threshold/pkg/protocol/handler.go:361 +0x334
  github.com/luxfi/threshold/pkg/protocol.NewHandler()
      /Users/z/work/lux/threshold/pkg/protocol/handler.go:247 +0xf10
  github.com/luxfi/threshold/internal/test.(*Harness).CreateHandler()
      /Users/z/work/lux/threshold/internal/test/harness.go:91 +0x2e4
  github.com/luxfi/threshold/internal/test.RunProtocol()
      /Users/z/work/lux/threshold/internal/test/harness.go:270 +0x230
  github.com/luxfi/threshold/protocols/frost_test.TestFROSTKeygenAndSign.(*KeygenAndSign).Run.func11()
      /Users/z/work/lux/threshold/internal/test/protocol_helpers.go:114 +0x3dc
  testing.tRunner()
      /opt/homebrew/Cellar/go/1.24.6/libexec/src/testing/testing.go:1792 +0x180
  testing.(*T).Run.gowrap1()
      /opt/homebrew/Cellar/go/1.24.6/libexec/src/testing/testing.go:1851 +0x40

Goroutine 3297 (running) created at:
  github.com/luxfi/threshold/pkg/protocol.(*Handler).tryAdvanceRound()
      /Users/z/work/lux/threshold/pkg/protocol/handler.go:673 +0x12e4
  github.com/luxfi/threshold/pkg/protocol.(*Handler).processMessage()
      /Users/z/work/lux/threshold/pkg/protocol/handler.go:486 +0xbb0
  github.com/luxfi/threshold/pkg/protocol.(*Handler).messageWorker()
      /Users/z/work/lux/threshold/pkg/protocol/handler.go:408 +0x338
  github.com/luxfi/threshold/pkg/protocol.(*Handler).startWorkers.gowrap2()
      /Users/z/work/lux/threshold/pkg/protocol/handler.go:361 +0x44
==================
2025-08-15T22:13:00.411-0500	INFO	protocol/handler.go:560	advanced to round
2025-08-15T22:13:00.411-0500	DEBUG	protocol/handler.go:581	tryAdvanceRound called	{"{current_round 20 3  <nil>}": {"Key":"self","Type":15,"Integer":0,"String":"e","Interface":null}}
2025-08-15T22:13:00.411-0500	DEBUG	protocol/handler.go:437	processing message	{"{from 15 0 e <nil>}": {"Key":"to","Type":15,"Integer":0,"String":"","Interface":null}, "{round 20 3  <nil>}": {"Key":"broadcast","Type":4,"Integer":1,"String":"","Interface":null}}
2025-08-15T22:13:00.411-0500	DEBUG	protocol/handler.go:1657	storing broadcast	{"{round 20 3  <nil>}": {"Key":"from","Type":15,"Integer":0,"String":"e","Interface":null}}
2025-08-15T22:13:00.412-0500	DEBUG	protocol/handler.go:470	message for different round (buffering)	{"{msg_round 20 3  <nil>}": {"Key":"current_round","Type":20,"Integer":2,"String":"","Interface":null}}
2025-08-15T22:13:00.412-0500	DEBUG	protocol/handler.go:581	tryAdvanceRound called	{"{current_round 20 2  <nil>}": {"Key":"self","Type":15,"Integer":0,"String":"f","Interface":null}}
2025-08-15T22:13:00.412-0500	DEBUG	protocol/handler.go:1591	have processed broadcast	{"{round 20 2  <nil>}": {"Key":"from","Type":15,"Integer":0,"String":"a","Interface":null}}
2025-08-15T22:13:00.412-0500	DEBUG	protocol/handler.go:1591	have processed broadcast	{"{round 20 2  <nil>}": {"Key":"from","Type":15,"Integer":0,"String":"b","Interface":null}}
2025-08-15T22:13:00.412-0500	DEBUG	protocol/handler.go:1591	have processed broadcast	{"{round 20 2  <nil>}": {"Key":"from","Type":15,"Integer":0,"String":"c","Interface":null}}
2025-08-15T22:13:00.412-0500	DEBUG	protocol/handler.go:1591	have processed broadcast	{"{round 20 2  <nil>}": {"Key":"from","Type":15,"Integer":0,"String":"d","Interface":null}}
2025-08-15T22:13:00.412-0500	DEBUG	protocol/handler.go:581	tryAdvanceRound called	{"{current_round 20 3  <nil>}": {"Key":"self","Type":15,"Integer":0,"String":"d","Interface":null}}
2025-08-15T22:13:00.412-0500	DEBUG	protocol/handler.go:1591	have processed broadcast	{"{round 20 2  <nil>}": {"Key":"from","Type":15,"Integer":0,"String":"e","Interface":null}}
2025-08-15T22:13:00.412-0500	DEBUG	protocol/handler.go:1649	have all messages and processed	{"{round 20 2  <nil>}": {"Key":"self","Type":15,"Integer":0,"String":"f","Interface":null}}
2025-08-15T22:13:00.412-0500	DEBUG	protocol/handler.go:596	round already finalized
2025-08-15T22:13:00.412-0500	INFO	protocol/handler.go:560	advanced to round
2025-08-15T22:13:00.412-0500	DEBUG	protocol/handler.go:1039	sendRoundMessage	{"{from 15 0 f <nil>}": {"Key":"to","Type":15,"Integer":0,"String":"","Interface":null}, "{round 20 3  <nil>}": {"Key":"broadcast","Type":4,"Integer":1,"String":"","Interface":null}}
2025-08-15T22:13:00.412-0500	DEBUG	protocol/handler.go:581	tryAdvanceRound called	{"{current_round 20 3  <nil>}": {"Key":"self","Type":15,"Integer":0,"String":"b","Interface":null}}
2025-08-15T22:13:00.412-0500	DEBUG	protocol/handler.go:1657	storing broadcast	{"{round 20 3  <nil>}": {"Key":"from","Type":15,"Integer":0,"String":"f","Interface":null}}
2025-08-15T22:13:00.412-0500	DEBUG	protocol/handler.go:1081	sent message to output channel	{"{from 15 0 f <nil>}": {"Key":"to","Type":15,"Integer":0,"String":"","Interface":null}, "{round 20 3  <nil>}": {"Key":"broadcast","Type":4,"Integer":1,"String":"","Interface":null}}
2025-08-15T22:13:00.412-0500	DEBUG	protocol/handler.go:1182	finalized round messages	{"{round 20 2  <nil>}": {"Key":"messages","Type":11,"Integer":1,"String":"","Interface":null}}
2025-08-15T22:13:00.412-0500	DEBUG	protocol/handler.go:1239	finalize returned next round	{"{current 20 2  <nil>}": {"Key":"next","Type":20,"Integer":3,"String":"","Interface":null}}
2025-08-15T22:13:00.412-0500	INFO	protocol/handler.go:642	storing new currentRound	{"{from 20 2  <nil>}": {"Key":"to","Type":20,"Integer":3,"String":"","Interface":null}}
2025-08-15T22:13:00.412-0500	DEBUG	protocol/handler.go:1503	processing queued messages
2025-08-15T22:13:00.412-0500	INFO	protocol/handler.go:560	advanced to round
2025-08-15T22:13:00.412-0500	DEBUG	protocol/handler.go:581	tryAdvanceRound called	{"{current_round 20 3  <nil>}": {"Key":"self","Type":15,"Integer":0,"String":"f","Interface":null}}
2025-08-15T22:13:00.414-0500	DEBUG	protocol/handler.go:437	processing message	{"{from 15 0 e <nil>}": {"Key":"to","Type":15,"Integer":0,"String":"","Interface":null}, "{round 20 3  <nil>}": {"Key":"broadcast","Type":4,"Integer":1,"String":"","Interface":null}}
2025-08-15T22:13:00.414-0500	DEBUG	protocol/handler.go:1657	storing broadcast	{"{round 20 3  <nil>}": {"Key":"from","Type":15,"Integer":0,"String":"e","Interface":null}}
==================
WARNING: DATA RACE
Write at 0x00c000ddf8f0 by goroutine 3200:
  runtime.mapaccess2_faststr()
      /opt/homebrew/Cellar/go/1.24.6/libexec/src/internal/runtime/maps/runtime_faststr_swiss.go:162 +0x29c
  github.com/luxfi/threshold/protocols/frost/sign.(*round3).StoreBroadcastMessage()
      /Users/z/work/lux/threshold/protocols/frost/sign/round3.go:78 +0x26c
  github.com/luxfi/threshold/pkg/protocol.(*Handler).verifyBroadcastForRound()
      /Users/z/work/lux/threshold/pkg/protocol/handler.go:1277 +0x3a0
  github.com/luxfi/threshold/pkg/protocol.(*Handler).retryUnprocessedMessages()
      /Users/z/work/lux/threshold/pkg/protocol/handler.go:1483 +0x22c
  github.com/luxfi/threshold/pkg/protocol.(*Handler).tryAdvanceRound()
      /Users/z/work/lux/threshold/pkg/protocol/handler.go:587 +0x28c
  github.com/luxfi/threshold/pkg/protocol.(*Handler).processMessage()
      /Users/z/work/lux/threshold/pkg/protocol/handler.go:486 +0xbb0
  github.com/luxfi/threshold/pkg/protocol.(*Handler).messageWorker()
      /Users/z/work/lux/threshold/pkg/protocol/handler.go:408 +0x338
  github.com/luxfi/threshold/pkg/protocol.(*Handler).startWorkers.gowrap2()
      /Users/z/work/lux/threshold/pkg/protocol/handler.go:361 +0x44

Previous write at 0x00c000ddf8f0 by goroutine 3201:
  runtime.mapaccess2_faststr()
      /opt/homebrew/Cellar/go/1.24.6/libexec/src/internal/runtime/maps/runtime_faststr_swiss.go:162 +0x29c
  github.com/luxfi/threshold/protocols/frost/sign.(*round3).StoreBroadcastMessage()
      /Users/z/work/lux/threshold/protocols/frost/sign/round3.go:78 +0x26c
  github.com/luxfi/threshold/pkg/protocol.(*Handler).verifyBroadcastForRound()
      /Users/z/work/lux/threshold/pkg/protocol/handler.go:1277 +0x3a0
  github.com/luxfi/threshold/pkg/protocol.(*Handler).retryUnprocessedMessages()
      /Users/z/work/lux/threshold/pkg/protocol/handler.go:1483 +0x22c
  github.com/luxfi/threshold/pkg/protocol.(*Handler).tryAdvanceRound()
      /Users/z/work/lux/threshold/pkg/protocol/handler.go:587 +0x28c
  github.com/luxfi/threshold/pkg/protocol.(*Handler).processMessage()
      /Users/z/work/lux/threshold/pkg/protocol/handler.go:486 +0xbb0
  github.com/luxfi/threshold/pkg/protocol.(*Handler).messageWorker()
      /Users/z/work/lux/threshold/pkg/protocol/handler.go:408 +0x338
  github.com/luxfi/threshold/pkg/protocol.(*Handler).startWorkers.gowrap2()
      /Users/z/work/lux/threshold/pkg/protocol/handler.go:361 +0x44

Goroutine 3200 (running) created at:
  github.com/luxfi/threshold/pkg/protocol.(*Handler).startWorkers()
      /Users/z/work/lux/threshold/pkg/protocol/handler.go:361 +0x334
  github.com/luxfi/threshold/pkg/protocol.NewHandler()
      /Users/z/work/lux/threshold/pkg/protocol/handler.go:247 +0xf10
  github.com/luxfi/threshold/internal/test.(*Harness).CreateHandler()
      /Users/z/work/lux/threshold/internal/test/harness.go:91 +0x2e4
  github.com/luxfi/threshold/internal/test.RunProtocol()
      /Users/z/work/lux/threshold/internal/test/harness.go:270 +0x230
  github.com/luxfi/threshold/protocols/frost_test.TestFROSTKeygenAndSign.(*KeygenAndSign).Run.func11()
      /Users/z/work/lux/threshold/internal/test/protocol_helpers.go:114 +0x3dc
  testing.tRunner()
      /opt/homebrew/Cellar/go/1.24.6/libexec/src/testing/testing.go:1792 +0x180
  testing.(*T).Run.gowrap1()
      /opt/homebrew/Cellar/go/1.24.6/libexec/src/testing/testing.go:1851 +0x40

Goroutine 3201 (running) created at:
  github.com/luxfi/threshold/pkg/protocol.(*Handler).startWorkers()
      /Users/z/work/lux/threshold/pkg/protocol/handler.go:361 +0x334
  github.com/luxfi/threshold/pkg/protocol.NewHandler()
      /Users/z/work/lux/threshold/pkg/protocol/handler.go:247 +0xf10
  github.com/luxfi/threshold/internal/test.(*Harness).CreateHandler()
      /Users/z/work/lux/threshold/internal/test/harness.go:91 +0x2e4
  github.com/luxfi/threshold/internal/test.RunProtocol()
      /Users/z/work/lux/threshold/internal/test/harness.go:270 +0x230
  github.com/luxfi/threshold/protocols/frost_test.TestFROSTKeygenAndSign.(*KeygenAndSign).Run.func11()
      /Users/z/work/lux/threshold/internal/test/protocol_helpers.go:114 +0x3dc
  testing.tRunner()
      /opt/homebrew/Cellar/go/1.24.6/libexec/src/testing/testing.go:1792 +0x180
  testing.(*T).Run.gowrap1()
      /opt/homebrew/Cellar/go/1.24.6/libexec/src/testing/testing.go:1851 +0x40
==================
fatal error: concurrent map writes

goroutine 3254 [running]:
internal/runtime/maps.fatal({0x104b1ad5c?, 0xc0005f92a8?})
	/opt/homebrew/Cellar/go/1.24.6/libexec/src/runtime/panic.go:1058 +0x20
github.com/luxfi/threshold/protocols/frost/sign.(*round3).StoreBroadcastMessage(0xc00073e880, {{0xc00017a66f, 0x1}, {0x0, 0x0}, 0x1, {0x104e38620, 0xc0001453e0}})
	/Users/z/work/lux/threshold/protocols/frost/sign/round3.go:78 +0x270
github.com/luxfi/threshold/pkg/protocol.(*Handler).verifyBroadcastForRound(0xc000f82248, 0xc000dd6090, 0x3)
	/Users/z/work/lux/threshold/pkg/protocol/handler.go:1277 +0x3a4
github.com/luxfi/threshold/pkg/protocol.(*Handler).retryUnprocessedMessages(0xc000f82248, 0x3)
	/Users/z/work/lux/threshold/pkg/protocol/handler.go:1483 +0x230
github.com/luxfi/threshold/pkg/protocol.(*Handler).tryAdvanceRound(0xc000f82248)
	/Users/z/work/lux/threshold/pkg/protocol/handler.go:587 +0x290
github.com/luxfi/threshold/pkg/protocol.(*Handler).processMessage(0xc000f82248, 0xc0003c27e0)
	/Users/z/work/lux/threshold/pkg/protocol/handler.go:486 +0xbb4
github.com/luxfi/threshold/pkg/protocol.(*Handler).messageWorker(0xc000f82248, 0x1, 0x1)
	/Users/z/work/lux/threshold/pkg/protocol/handler.go:408 +0x33c
created by github.com/luxfi/threshold/pkg/protocol.(*Handler).startWorkers in goroutine 2899
	/Users/z/work/lux/threshold/pkg/protocol/handler.go:361 +0x338

goroutine 1 [chan receive]:
testing.(*T).Run(0xc0001fe8c0, {0x104b1b3c2, 0x16}, 0x104e31bf8)
	/opt/homebrew/Cellar/go/1.24.6/libexec/src/testing/testing.go:1859 +0x6a4
testing.runTests.func1(0xc0001fe8c0)
	/opt/homebrew/Cellar/go/1.24.6/libexec/src/testing/testing.go:2279 +0x80
testing.tRunner(0xc0001fe8c0, 0xc00003dad8)
	/opt/homebrew/Cellar/go/1.24.6/libexec/src/testing/testing.go:1792 +0x184
testing.runTests(0xc00000e9a8, {0x10525fc20, 0x27, 0x27}, {0x17503877f1a4a577?, 0x0?, 0x1052860c0?})
	/opt/homebrew/Cellar/go/1.24.6/libexec/src/testing/testing.go:2277 +0x780
testing.(*M).Run(0xc0001b5220)
	/opt/homebrew/Cellar/go/1.24.6/libexec/src/testing/testing.go:2142 +0xb6c
main.main()
	_testmain.go:141 +0x114

goroutine 2282 [chan receive]:
testing.(*T).Run(0xc001265180, {0x104b164f4, 0x10}, 0xc000b1f8c0)
	/opt/homebrew/Cellar/go/1.24.6/libexec/src/testing/testing.go:1859 +0x6a4
github.com/luxfi/threshold/internal/test.(*KeygenAndSign).Run(...)
	/Users/z/work/lux/threshold/internal/test/protocol_helpers.go:87
github.com/luxfi/threshold/protocols/frost_test.TestFROSTKeygenAndSign(0xc001265180)
	/Users/z/work/lux/threshold/protocols/frost/frost_harness_test.go:206 +0x600
testing.tRunner(0xc001265180, 0x104e31bf8)
	/opt/homebrew/Cellar/go/1.24.6/libexec/src/testing/testing.go:1792 +0x184
created by testing.(*T).Run in goroutine 1
	/opt/homebrew/Cellar/go/1.24.6/libexec/src/testing/testing.go:1851 +0x688

goroutine 3207 [runnable]:
github.com/decred/dcrd/dcrec/secp256k1/v4.(*FieldVal).NegateVal(0xc0005f11bc, 0xc0005f11bc, 0x2)
	/Users/z/go/pkg/mod/github.com/decred/dcrd/dcrec/secp256k1/v4@v4.4.0/field.go:641 +0x358
github.com/decred/dcrd/dcrec/secp256k1/v4.(*FieldVal).Negate(...)
	/Users/z/go/pkg/mod/github.com/decred/dcrd/dcrec/secp256k1/v4@v4.4.0/field.go:686
github.com/decred/dcrd/dcrec/secp256k1/v4.addGeneric(0xc0005f1194, 0xc0005f1360, 0xc0005f1194)
	/Users/z/go/pkg/mod/github.com/decred/dcrd/dcrec/secp256k1/v4@v4.4.0/curve.go:456 +0x107c
github.com/decred/dcrd/dcrec/secp256k1/v4.AddNonConst(0xc0005f1194, 0xc0005f1360, 0xc0005f1194)
	/Users/z/go/pkg/mod/github.com/decred/dcrd/dcrec/secp256k1/v4@v4.4.0/curve.go:506 +0xec0
github.com/decred/dcrd/dcrec/secp256k1/v4.ScalarMultNonConst(0xc000c43a80, 0xc000b94100, 0xc000b94180)
	/Users/z/go/pkg/mod/github.com/decred/dcrd/dcrec/secp256k1/v4@v4.4.0/curve.go:1210 +0xc44
github.com/luxfi/threshold/pkg/math/curve.(*Secp256k1Scalar).Act(0xc000c43a80, {0x104e42040, 0xc000b94100})
	/Users/z/work/lux/threshold/pkg/math/curve/secp256k1.go:168 +0x78
github.com/luxfi/threshold/protocols/frost/sign.(*round3).StoreBroadcastMessage(0xc000b88000, {{0xc00017a64f, 0x1}, {0x0, 0x0}, 0x1, {0x104e38620, 0xc00052b2b0}})
	/Users/z/work/lux/threshold/protocols/frost/sign/round3.go:70 +0x190
github.com/luxfi/threshold/pkg/protocol.(*Handler).verifyBroadcastForRound(0xc0001f4908, 0xc0009e8630, 0x3)
	/Users/z/work/lux/threshold/pkg/protocol/handler.go:1277 +0x3a4
github.com/luxfi/threshold/pkg/protocol.(*Handler).retryUnprocessedMessages(0xc0001f4908, 0x3)
	/Users/z/work/lux/threshold/pkg/protocol/handler.go:1483 +0x230
github.com/luxfi/threshold/pkg/protocol.(*Handler).tryAdvanceRound(0xc0001f4908)
	/Users/z/work/lux/threshold/pkg/protocol/handler.go:587 +0x290
github.com/luxfi/threshold/pkg/protocol.(*Handler).processMessage(0xc0001f4908, 0xc0003c27e0)
	/Users/z/work/lux/threshold/pkg/protocol/handler.go:486 +0xbb4
github.com/luxfi/threshold/pkg/protocol.(*Handler).messageWorker(0xc0001f4908, 0x0, 0x1)
	/Users/z/work/lux/threshold/pkg/protocol/handler.go:408 +0x33c
created by github.com/luxfi/threshold/pkg/protocol.(*Handler).startWorkers in goroutine 2899
	/Users/z/work/lux/threshold/pkg/protocol/handler.go:361 +0x338

goroutine 3179 [select]:
github.com/luxfi/threshold/pkg/protocol.(*Handler).messageWorker(0xc0001f4248, 0x3, 0x0)
	/Users/z/work/lux/threshold/pkg/protocol/handler.go:401 +0x314
created by github.com/luxfi/threshold/pkg/protocol.(*Handler).startWorkers in goroutine 2899
	/Users/z/work/lux/threshold/pkg/protocol/handler.go:355 +0x280

goroutine 2924 [runnable]:
github.com/luxfi/threshold/pkg/protocol.(*Handler).tryAdvanceRound.gowrap2()
	/Users/z/work/lux/threshold/pkg/protocol/handler.go:673
runtime.goexit({})
	/opt/homebrew/Cellar/go/1.24.6/libexec/src/runtime/asm_arm64.s:1223 +0x4
created by github.com/luxfi/threshold/pkg/protocol.(*Handler).tryAdvanceRound in goroutine 3184
	/Users/z/work/lux/threshold/pkg/protocol/handler.go:673 +0x12e8

goroutine 3316 [runnable]:
github.com/luxfi/threshold/pkg/protocol.(*Handler).WaitForResult(0xc0001f4248)
	/Users/z/work/lux/threshold/pkg/protocol/handler.go:774 +0x250
github.com/luxfi/threshold/internal/test.(*Harness).runHandlerLoop(0xc00013d180, {0xc00017a62f, 0x1}, 0xc0001f4248)
	/Users/z/work/lux/threshold/internal/test/harness.go:194 +0x28c
github.com/luxfi/threshold/internal/test.(*Harness).Run.func1({0xc00017a62f, 0x1}, 0xc0001f4248)
	/Users/z/work/lux/threshold/internal/test/harness.go:119 +0x9c
created by github.com/luxfi/threshold/internal/test.(*Harness).Run in goroutine 2899
	/Users/z/work/lux/threshold/internal/test/harness.go:115 +0xe4

goroutine 3210 [runnable]:
github.com/luxfi/threshold/pkg/protocol.(*Handler).messageWorker(0xc0001f4908, 0x3, 0x1)
	/Users/z/work/lux/threshold/pkg/protocol/handler.go:401 +0x314
created by github.com/luxfi/threshold/pkg/protocol.(*Handler).startWorkers in goroutine 2899
	/Users/z/work/lux/threshold/pkg/protocol/handler.go:361 +0x338

goroutine 3296 [select]:
github.com/luxfi/threshold/internal/test.(*Harness).runHandlerLoop.func1()
	/Users/z/work/lux/threshold/internal/test/harness.go:164 +0xc4
created by github.com/luxfi/threshold/internal/test.(*Harness).runHandlerLoop in goroutine 3317
	/Users/z/work/lux/threshold/internal/test/harness.go:162 +0x1a8

goroutine 3180 [select]:
github.com/luxfi/threshold/pkg/protocol.(*Handler).messageWorker(0xc0001f4248, 0x0, 0x1)
	/Users/z/work/lux/threshold/pkg/protocol/handler.go:401 +0x314
created by github.com/luxfi/threshold/pkg/protocol.(*Handler).startWorkers in goroutine 2899
	/Users/z/work/lux/threshold/pkg/protocol/handler.go:361 +0x338

goroutine 3307 [select]:
github.com/luxfi/threshold/pkg/protocol.(*Handler).messageWorker(0xc0000f0908, 0x3, 0x0)
	/Users/z/work/lux/threshold/pkg/protocol/handler.go:401 +0x314
created by github.com/luxfi/threshold/pkg/protocol.(*Handler).startWorkers in goroutine 2899
	/Users/z/work/lux/threshold/pkg/protocol/handler.go:355 +0x280

goroutine 3250 [select]:
github.com/luxfi/threshold/pkg/protocol.(*Handler).messageWorker(0xc000f82248, 0x1, 0x0)
	/Users/z/work/lux/threshold/pkg/protocol/handler.go:401 +0x314
created by github.com/luxfi/threshold/pkg/protocol.(*Handler).startWorkers in goroutine 2899
	/Users/z/work/lux/threshold/pkg/protocol/handler.go:355 +0x280

goroutine 3249 [select]:
github.com/luxfi/threshold/pkg/protocol.(*Handler).messageWorker(0xc000f82248, 0x0, 0x0)
	/Users/z/work/lux/threshold/pkg/protocol/handler.go:401 +0x314
created by github.com/luxfi/threshold/pkg/protocol.(*Handler).startWorkers in goroutine 2899
	/Users/z/work/lux/threshold/pkg/protocol/handler.go:355 +0x280

goroutine 3234 [select]:
github.com/luxfi/threshold/pkg/protocol.(*Handler).metricsUpdater(0xc0001f4d88)
	/Users/z/work/lux/threshold/pkg/protocol/handler.go:911 +0x248
github.com/luxfi/threshold/pkg/protocol.(*Handler).startWorkers.func2()
	/Users/z/work/lux/threshold/pkg/protocol/handler.go:382 +0x7c
created by github.com/luxfi/threshold/pkg/protocol.(*Handler).startWorkers in goroutine 2899
	/Users/z/work/lux/threshold/pkg/protocol/handler.go:380 +0x588

goroutine 3317 [runnable]:
github.com/luxfi/threshold/pkg/protocol.(*Handler).WaitForResult(0xc0001f4908)
	/Users/z/work/lux/threshold/pkg/protocol/handler.go:774 +0x250
github.com/luxfi/threshold/internal/test.(*Harness).runHandlerLoop(0xc00013d180, {0xc00017a63f, 0x1}, 0xc0001f4908)
	/Users/z/work/lux/threshold/internal/test/harness.go:194 +0x28c
github.com/luxfi/threshold/internal/test.(*Harness).Run.func1({0xc00017a63f, 0x1}, 0xc0001f4908)
	/Users/z/work/lux/threshold/internal/test/harness.go:119 +0x9c
created by github.com/luxfi/threshold/internal/test.(*Harness).Run in goroutine 2899
	/Users/z/work/lux/threshold/internal/test/harness.go:115 +0xe4

goroutine 3252 [select]:
github.com/luxfi/threshold/pkg/protocol.(*Handler).messageWorker(0xc000f82248, 0x3, 0x0)
	/Users/z/work/lux/threshold/pkg/protocol/handler.go:401 +0x314
created by github.com/luxfi/threshold/pkg/protocol.(*Handler).startWorkers in goroutine 2899
	/Users/z/work/lux/threshold/pkg/protocol/handler.go:355 +0x280

goroutine 3318 [runnable]:
github.com/luxfi/threshold/pkg/protocol.(*Handler).WaitForResult(0xc0001f4d88)
	/Users/z/work/lux/threshold/pkg/protocol/handler.go:774 +0x250
github.com/luxfi/threshold/internal/test.(*Harness).runHandlerLoop(0xc00013d180, {0xc00017a64f, 0x1}, 0xc0001f4d88)
	/Users/z/work/lux/threshold/internal/test/harness.go:194 +0x28c
github.com/luxfi/threshold/internal/test.(*Harness).Run.func1({0xc00017a64f, 0x1}, 0xc0001f4d88)
	/Users/z/work/lux/threshold/internal/test/harness.go:119 +0x9c
created by github.com/luxfi/threshold/internal/test.(*Harness).Run in goroutine 2899
	/Users/z/work/lux/threshold/internal/test/harness.go:115 +0xe4

goroutine 3313 [select]:
github.com/luxfi/threshold/pkg/protocol.(*Handler).metricsUpdater(0xc0000f0908)
	/Users/z/work/lux/threshold/pkg/protocol/handler.go:911 +0x248
github.com/luxfi/threshold/pkg/protocol.(*Handler).startWorkers.func2()
	/Users/z/work/lux/threshold/pkg/protocol/handler.go:382 +0x7c
created by github.com/luxfi/threshold/pkg/protocol.(*Handler).startWorkers in goroutine 2899
	/Users/z/work/lux/threshold/pkg/protocol/handler.go:380 +0x588

goroutine 3325 [runnable]:
github.com/luxfi/threshold/pkg/protocol.(*Handler).tryAdvanceRound.gowrap2()
	/Users/z/work/lux/threshold/pkg/protocol/handler.go:673
runtime.goexit({})
	/opt/homebrew/Cellar/go/1.24.6/libexec/src/runtime/asm_arm64.s:1223 +0x4
created by github.com/luxfi/threshold/pkg/protocol.(*Handler).tryAdvanceRound in goroutine 3312
	/Users/z/work/lux/threshold/pkg/protocol/handler.go:673 +0x12e8

goroutine 3255 [runnable]:
bytes.(*Buffer).Write(0xc0003b3280, {0xc000a9fb22, 0x1, 0x5e?})
	/opt/homebrew/Cellar/go/1.24.6/libexec/src/bytes/buffer.go:175 +0x14c
encoding/json.intEncoder(0xc0003b3280, {0x104d46200?, 0xc0003b3358?, 0x2?}, {0x38?, 0x0?})
	/opt/homebrew/Cellar/go/1.24.6/libexec/src/encoding/json/encode.go:527 +0x29c
encoding/json.structEncoder.encode({{{0xc00052c008, 0x5, 0x8}, 0xc0002781b0, 0xc0002781e0}}, 0xc0003b3280, {0x104df66e0?, 0xc0003b3340?, 0xc0003e69c8?}, {0x4?, ...})
	/opt/homebrew/Cellar/go/1.24.6/libexec/src/encoding/json/encode.go:727 +0x28c
encoding/json.(*encodeState).reflectValue(0xc0003b3280, {0x104df66e0?, 0xc0003b3340?, 0x104e1b380?}, {0xb8?, 0x6a?})
	/opt/homebrew/Cellar/go/1.24.6/libexec/src/encoding/json/encode.go:333 +0x78
encoding/json.(*encodeState).marshal(0xc0003b3280, {0x104df66e0, 0xc0003b3340}, {0x40?, 0x5?})
	/opt/homebrew/Cellar/go/1.24.6/libexec/src/encoding/json/encode.go:309 +0xb8
encoding/json.(*Encoder).Encode(0xc000110540, {0x104df66e0, 0xc0003b3340})
	/opt/homebrew/Cellar/go/1.24.6/libexec/src/encoding/json/stream.go:210 +0xec
go.uber.org/zap/zapcore.(*jsonEncoder).encodeReflected(0xc0003b3040, {0x104df66e0, 0xc0003b3340})
	/Users/z/go/pkg/mod/go.uber.org/zap@v1.27.0/zapcore/json_encoder.go:172 +0x70
go.uber.org/zap/zapcore.(*jsonEncoder).AddReflected(0xc0003b3040, {0xc0003aeee8, 0x13}, {0x104df66e0, 0xc0003b3340})
	/Users/z/go/pkg/mod/go.uber.org/zap@v1.27.0/zapcore/json_encoder.go:180 +0x44
go.uber.org/zap/zapcore.Field.AddTo({{0xc0003aeee8, 0x13}, 0x17, 0x0, {0x0, 0x0}, {0x104df66e0, 0xc0003b3340}}, {0x104e47380, 0xc0003b3040})
	/Users/z/go/pkg/mod/go.uber.org/zap@v1.27.0/zapcore/field.go:170 +0x7cc
go.uber.org/zap/zapcore.addFields(...)
	/Users/z/go/pkg/mod/go.uber.org/zap@v1.27.0/zapcore/field.go:210
go.uber.org/zap/zapcore.consoleEncoder.writeContext({0xc00062e83c?}, 0xc0009d8040, {0xc0003b33c0, 0x1, 0x1?})
	/Users/z/go/pkg/mod/go.uber.org/zap@v1.27.0/zapcore/console_encoder.go:141 +0x11c
go.uber.org/zap/zapcore.consoleEncoder.EncodeEntry({0x33?}, {0xff, {0xc2201baf1813c9b0, 0x136f4419f, 0x1052860c0}, {0x0, 0x0}, {0x104b1d503, 0x18}, {0x1, ...}, ...}, ...)
	/Users/z/go/pkg/mod/go.uber.org/zap@v1.27.0/zapcore/console_encoder.go:119 +0x9a8
go.uber.org/zap/zapcore.(*ioCore).Write(0xc0011a6b10, {0xff, {0xc2201baf1813c9b0, 0x136f4419f, 0x1052860c0}, {0x0, 0x0}, {0x104b1d503, 0x18}, {0x1, ...}, ...}, ...)
	/Users/z/go/pkg/mod/go.uber.org/zap@v1.27.0/zapcore/core.go:95 +0xb4
github.com/luxfi/log.callerCore.Write({{0x104e3f480?, 0xc0011a6b10?}}, {0xff, {0xc2201baf1813c9b0, 0x136f4419f, 0x1052860c0}, {0x0, 0x0}, {0x104b1d503, 0x18}, ...}, ...)
	/Users/z/go/pkg/mod/github.com/luxfi/log@v1.0.6/caller.go:65 +0xc8
go.uber.org/zap/zapcore.(*CheckedEntry).Write(0xc00084cb60, {0xc0003b33c0, 0x1, 0x1})
	/Users/z/go/pkg/mod/go.uber.org/zap@v1.27.0/zapcore/entry.go:253 +0x15c
go.uber.org/zap.(*Logger).Debug(0xc00013d080, {0x104b1d503, 0x18}, {0xc0003b33c0, 0x1, 0x1})
	/Users/z/go/pkg/mod/go.uber.org/zap@v1.27.0/logger.go:239 +0x60
github.com/luxfi/log.(*zapLogger).Debug(0xc0011a6b40, {0x104b1d503, 0x18}, {0xc000e25260, 0x3, 0x3})
	/Users/z/go/pkg/mod/github.com/luxfi/log@v1.0.6/logger.go:191 +0x80
github.com/luxfi/threshold/pkg/protocol.(*Handler).hasAllMessages(0xc000f82248, {0x104e44ad0, 0xc00073e880})
	/Users/z/work/lux/threshold/pkg/protocol/handler.go:1591 +0x698
github.com/luxfi/threshold/pkg/protocol.(*Handler).tryAdvanceRound(0xc000f82248)
	/Users/z/work/lux/threshold/pkg/protocol/handler.go:589 +0x2a0
github.com/luxfi/threshold/pkg/protocol.(*Handler).processMessage(0xc000f82248, 0xc0009e8630)
	/Users/z/work/lux/threshold/pkg/protocol/handler.go:486 +0xbb4
github.com/luxfi/threshold/pkg/protocol.(*Handler).messageWorker(0xc000f82248, 0x2, 0x1)
	/Users/z/work/lux/threshold/pkg/protocol/handler.go:408 +0x33c
created by github.com/luxfi/threshold/pkg/protocol.(*Handler).startWorkers in goroutine 2899
	/Users/z/work/lux/threshold/pkg/protocol/handler.go:361 +0x338

goroutine 3251 [select]:
github.com/luxfi/threshold/pkg/protocol.(*Handler).messageWorker(0xc000f82248, 0x2, 0x0)
	/Users/z/work/lux/threshold/pkg/protocol/handler.go:401 +0x314
created by github.com/luxfi/threshold/pkg/protocol.(*Handler).startWorkers in goroutine 2899
	/Users/z/work/lux/threshold/pkg/protocol/handler.go:355 +0x280

goroutine 3166 [select]:
github.com/luxfi/threshold/pkg/protocol.(*Handler).messageWorker(0xc0001f4d88, 0x1, 0x1)
	/Users/z/work/lux/threshold/pkg/protocol/handler.go:401 +0x314
created by github.com/luxfi/threshold/pkg/protocol.(*Handler).startWorkers in goroutine 2899
	/Users/z/work/lux/threshold/pkg/protocol/handler.go:361 +0x338

goroutine 3181 [runnable]:
github.com/decred/dcrd/dcrec/secp256k1/v4.(*FieldVal).SquareVal(0xc000344fc4, 0xc000344fec)
	/Users/z/go/pkg/mod/github.com/decred/dcrd/dcrec/secp256k1/v4@v4.4.0/field.go:1286 +0x122c
github.com/decred/dcrd/dcrec/secp256k1/v4.doubleGeneric(0xc000345464, 0xc000345464)
	/Users/z/go/pkg/mod/github.com/decred/dcrd/dcrec/secp256k1/v4@v4.4.0/curve.go:600 +0x3a4
github.com/decred/dcrd/dcrec/secp256k1/v4.DoubleNonConst(0xc000345464, 0xc000345464)
	/Users/z/go/pkg/mod/github.com/decred/dcrd/dcrec/secp256k1/v4@v4.4.0/curve.go:643 +0x7ec
github.com/decred/dcrd/dcrec/secp256k1/v4.ScalarMultNonConst(0xc0003b8ce0, 0xc0006f4200, 0xc0006f4280)
	/Users/z/go/pkg/mod/github.com/decred/dcrd/dcrec/secp256k1/v4@v4.4.0/curve.go:1201 +0xbe0
github.com/luxfi/threshold/pkg/math/curve.(*Secp256k1Scalar).Act(0xc0003b8ce0, {0x104e42040, 0xc0006f4200})
	/Users/z/work/lux/threshold/pkg/math/curve/secp256k1.go:168 +0x78
github.com/luxfi/threshold/protocols/frost/sign.(*round3).StoreBroadcastMessage(0xc00021afc0, {{0xc00017a66f, 0x1}, {0x0, 0x0}, 0x1, {0x104e38620, 0xc00124b0e0}})
	/Users/z/work/lux/threshold/protocols/frost/sign/round3.go:70 +0x190
github.com/luxfi/threshold/pkg/protocol.(*Handler).verifyBroadcast(0xc0001f4248, 0xc000dd6090)
	/Users/z/work/lux/threshold/pkg/protocol/handler.go:1392 +0x64c
github.com/luxfi/threshold/pkg/protocol.(*Handler).processMessage(0xc0001f4248, 0xc000dd6090)
	/Users/z/work/lux/threshold/pkg/protocol/handler.go:480 +0xba0
github.com/luxfi/threshold/pkg/protocol.(*Handler).messageWorker(0xc0001f4248, 0x1, 0x1)
	/Users/z/work/lux/threshold/pkg/protocol/handler.go:408 +0x33c
created by github.com/luxfi/threshold/pkg/protocol.(*Handler).startWorkers in goroutine 2899
	/Users/z/work/lux/threshold/pkg/protocol/handler.go:361 +0x338

goroutine 3208 [runnable]:
internal/sync.runtime_SemacquireMutex(0xc00132d0a8?, 0xcc?, 0xc00132d0d8?)
	/opt/homebrew/Cellar/go/1.24.6/libexec/src/runtime/sema.go:95 +0x28
internal/sync.(*Mutex).lockSlow(0xc00071e7c8)
	/opt/homebrew/Cellar/go/1.24.6/libexec/src/internal/sync/mutex.go:149 +0x1e4
internal/sync.(*Mutex).Lock(0xc00071e7c8)
	/opt/homebrew/Cellar/go/1.24.6/libexec/src/internal/sync/mutex.go:70 +0x5c
sync.(*Mutex).Lock(0xc00071e7c8)
	/opt/homebrew/Cellar/go/1.24.6/libexec/src/sync/mutex.go:46 +0x30
go.uber.org/zap/zapcore.(*lockedWriteSyncer).Write(0xc00071e7c8, {0xc000722000, 0xb1, 0x400})
	/Users/z/go/pkg/mod/go.uber.org/zap@v1.27.0/zapcore/write_syncer.go:65 +0x3c
go.uber.org/zap/zapcore.(*ioCore).Write(0xc0011a6b10, {0xff, {0xc2201baf174e8998, 0x1362f00b7, 0x1052860c0}, {0x0, 0x0}, {0x104b1d503, 0x18}, {0x1, ...}, ...}, ...)
	/Users/z/go/pkg/mod/go.uber.org/zap@v1.27.0/zapcore/core.go:99 +0x120
github.com/luxfi/log.callerCore.Write({{0x104e3f480?, 0xc0011a6b10?}}, {0xff, {0xc2201baf174e8998, 0x1362f00b7, 0x1052860c0}, {0x0, 0x0}, {0x104b1d503, 0x18}, ...}, ...)
	/Users/z/go/pkg/mod/github.com/luxfi/log@v1.0.6/caller.go:65 +0xc8
go.uber.org/zap/zapcore.(*CheckedEntry).Write(0xc0005a8ea0, {0xc0009fc080, 0x1, 0x1})
	/Users/z/go/pkg/mod/go.uber.org/zap@v1.27.0/zapcore/entry.go:253 +0x15c
go.uber.org/zap.(*Logger).Debug(0xc00013d080, {0x104b1d503, 0x18}, {0xc0009fc080, 0x1, 0x1})
	/Users/z/go/pkg/mod/go.uber.org/zap@v1.27.0/logger.go:239 +0x60
github.com/luxfi/log.(*zapLogger).Debug(0xc0011a6b40, {0x104b1d503, 0x18}, {0xc00057c570, 0x3, 0x3})
	/Users/z/go/pkg/mod/github.com/luxfi/log@v1.0.6/logger.go:191 +0x80
github.com/luxfi/threshold/pkg/protocol.(*Handler).hasAllMessages(0xc0001f4908, {0x104e44b60, 0xc00111f3c0})
	/Users/z/work/lux/threshold/pkg/protocol/handler.go:1591 +0x698
github.com/luxfi/threshold/pkg/protocol.(*Handler).tryAdvanceRound(0xc0001f4908)
	/Users/z/work/lux/threshold/pkg/protocol/handler.go:589 +0x2a0
github.com/luxfi/threshold/pkg/protocol.(*Handler).processMessage(0xc0001f4908, 0xc0009e8630)
	/Users/z/work/lux/threshold/pkg/protocol/handler.go:474 +0xb74
github.com/luxfi/threshold/pkg/protocol.(*Handler).messageWorker(0xc0001f4908, 0x1, 0x1)
	/Users/z/work/lux/threshold/pkg/protocol/handler.go:408 +0x33c
created by github.com/luxfi/threshold/pkg/protocol.(*Handler).startWorkers in goroutine 2899
	/Users/z/work/lux/threshold/pkg/protocol/handler.go:361 +0x338

goroutine 3308 [select]:
github.com/luxfi/threshold/pkg/protocol.(*Handler).messageWorker(0xc0000f0908, 0x0, 0x1)
	/Users/z/work/lux/threshold/pkg/protocol/handler.go:401 +0x314
created by github.com/luxfi/threshold/pkg/protocol.(*Handler).startWorkers in goroutine 2899
	/Users/z/work/lux/threshold/pkg/protocol/handler.go:361 +0x338

goroutine 3310 [runnable]:
github.com/luxfi/threshold/pkg/protocol.(*Handler).messageWorker(0xc0000f0908, 0x2, 0x1)
	/Users/z/work/lux/threshold/pkg/protocol/handler.go:401 +0x314
created by github.com/luxfi/threshold/pkg/protocol.(*Handler).startWorkers in goroutine 2899
	/Users/z/work/lux/threshold/pkg/protocol/handler.go:361 +0x338

goroutine 3304 [select]:
github.com/luxfi/threshold/pkg/protocol.(*Handler).messageWorker(0xc0000f0908, 0x0, 0x0)
	/Users/z/work/lux/threshold/pkg/protocol/handler.go:401 +0x314
created by github.com/luxfi/threshold/pkg/protocol.(*Handler).startWorkers in goroutine 2899
	/Users/z/work/lux/threshold/pkg/protocol/handler.go:355 +0x280

goroutine 3309 [runnable]:
github.com/luxfi/threshold/pkg/protocol.(*Handler).messageWorker(0xc0000f0908, 0x1, 0x1)
	/Users/z/work/lux/threshold/pkg/protocol/handler.go:401 +0x314
created by github.com/luxfi/threshold/pkg/protocol.(*Handler).startWorkers in goroutine 2899
	/Users/z/work/lux/threshold/pkg/protocol/handler.go:361 +0x338

goroutine 3305 [select]:
github.com/luxfi/threshold/pkg/protocol.(*Handler).messageWorker(0xc0000f0908, 0x1, 0x0)
	/Users/z/work/lux/threshold/pkg/protocol/handler.go:401 +0x314
created by github.com/luxfi/threshold/pkg/protocol.(*Handler).startWorkers in goroutine 2899
	/Users/z/work/lux/threshold/pkg/protocol/handler.go:355 +0x280

goroutine 3312 [runnable]:
github.com/decred/dcrd/dcrec/secp256k1/v4.(*FieldVal).Normalize(0xc000118d94)
	/Users/z/go/pkg/mod/github.com/decred/dcrd/dcrec/secp256k1/v4@v4.4.0/field.go:335 +0x438
github.com/decred/dcrd/dcrec/secp256k1/v4.addGeneric(0xc0001193a4, 0xc000119570, 0xc0001193a4)
	/Users/z/go/pkg/mod/github.com/decred/dcrd/dcrec/secp256k1/v4@v4.4.0/curve.go:420 +0x150
github.com/decred/dcrd/dcrec/secp256k1/v4.AddNonConst(0xc0001193a4, 0xc000119570, 0xc0001193a4)
	/Users/z/go/pkg/mod/github.com/decred/dcrd/dcrec/secp256k1/v4@v4.4.0/curve.go:506 +0xec0
github.com/decred/dcrd/dcrec/secp256k1/v4.ScalarMultNonConst(0xc000d05120, 0xc000c5fc00, 0xc000c5fc80)
	/Users/z/go/pkg/mod/github.com/decred/dcrd/dcrec/secp256k1/v4@v4.4.0/curve.go:1210 +0xc44
github.com/luxfi/threshold/pkg/math/curve.(*Secp256k1Scalar).Act(0xc000d05120, {0x104e42040, 0xc000c5fc00})
	/Users/z/work/lux/threshold/pkg/math/curve/secp256k1.go:168 +0x78
github.com/luxfi/threshold/protocols/frost/sign.(*round3).StoreBroadcastMessage(0xc000a03cc0, {{0xc00017a65f, 0x1}, {0x0, 0x0}, 0x1, {0x104e38620, 0xc000c33630}})
	/Users/z/work/lux/threshold/protocols/frost/sign/round3.go:70 +0x190
github.com/luxfi/threshold/pkg/protocol.(*Handler).verifyBroadcastForRound(0xc0000f0908, 0xc00033a900, 0x3)
	/Users/z/work/lux/threshold/pkg/protocol/handler.go:1277 +0x3a4
github.com/luxfi/threshold/pkg/protocol.(*Handler).retryUnprocessedMessages(0xc0000f0908, 0x3)
	/Users/z/work/lux/threshold/pkg/protocol/handler.go:1483 +0x230
github.com/luxfi/threshold/pkg/protocol.(*Handler).tryAdvanceRound(0xc0000f0908)
	/Users/z/work/lux/threshold/pkg/protocol/handler.go:587 +0x290
github.com/luxfi/threshold/pkg/protocol.(*Handler).roundProcessor(0xc0000f0908)
	/Users/z/work/lux/threshold/pkg/protocol/handler.go:569 +0xb8
github.com/luxfi/threshold/pkg/protocol.(*Handler).startWorkers.func1()
	/Users/z/work/lux/threshold/pkg/protocol/handler.go:374 +0x7c
created by github.com/luxfi/threshold/pkg/protocol.(*Handler).startWorkers in goroutine 2899
	/Users/z/work/lux/threshold/pkg/protocol/handler.go:372 +0x500

goroutine 3320 [select]:
github.com/luxfi/threshold/pkg/protocol.(*Handler).WaitForResult(0xc000f82488)
	/Users/z/work/lux/threshold/pkg/protocol/handler.go:774 +0x250
github.com/luxfi/threshold/internal/test.(*Harness).runHandlerLoop(0xc00013d180, {0xc00017a66f, 0x1}, 0xc000f82488)
	/Users/z/work/lux/threshold/internal/test/harness.go:194 +0x28c
github.com/luxfi/threshold/internal/test.(*Harness).Run.func1({0xc00017a66f, 0x1}, 0xc000f82488)
	/Users/z/work/lux/threshold/internal/test/harness.go:119 +0x9c
created by github.com/luxfi/threshold/internal/test.(*Harness).Run in goroutine 2899
	/Users/z/work/lux/threshold/internal/test/harness.go:115 +0xe4

goroutine 3258 [select]:
github.com/luxfi/threshold/pkg/protocol.(*Handler).metricsUpdater(0xc000f82248)
	/Users/z/work/lux/threshold/pkg/protocol/handler.go:911 +0x248
github.com/luxfi/threshold/pkg/protocol.(*Handler).startWorkers.func2()
	/Users/z/work/lux/threshold/pkg/protocol/handler.go:382 +0x7c
created by github.com/luxfi/threshold/pkg/protocol.(*Handler).startWorkers in goroutine 2899
	/Users/z/work/lux/threshold/pkg/protocol/handler.go:380 +0x588

goroutine 3161 [select]:
github.com/luxfi/threshold/pkg/protocol.(*Handler).messageWorker(0xc0001f4d88, 0x0, 0x0)
	/Users/z/work/lux/threshold/pkg/protocol/handler.go:401 +0x314
created by github.com/luxfi/threshold/pkg/protocol.(*Handler).startWorkers in goroutine 2899
	/Users/z/work/lux/threshold/pkg/protocol/handler.go:355 +0x280

goroutine 3169 [runnable]:
github.com/luxfi/threshold/pkg/protocol.(*Handler).roundProcessor(0xc0001f4d88)
	/Users/z/work/lux/threshold/pkg/protocol/handler.go:542 +0x188
github.com/luxfi/threshold/pkg/protocol.(*Handler).startWorkers.func1()
	/Users/z/work/lux/threshold/pkg/protocol/handler.go:374 +0x7c
created by github.com/luxfi/threshold/pkg/protocol.(*Handler).startWorkers in goroutine 2899
	/Users/z/work/lux/threshold/pkg/protocol/handler.go:372 +0x500

goroutine 3257 [runnable]:
go.uber.org/zap/zapcore.(*sliceArrayEncoder).AppendString(0xc0003b0918, {0xc000a448e0, 0x1c})
	/Users/z/go/pkg/mod/go.uber.org/zap@v1.27.0/zapcore/memory_encoder.go:172 +0x158
go.uber.org/zap/zapcore.encodeTimeLayout({0xc000115198?, 0xc0003b0918?, 0x1052860c0?}, {0x104b20daa, 0x1c}, {0x104e45180, 0xc0003b0918})
	/Users/z/go/pkg/mod/go.uber.org/zap@v1.27.0/zapcore/encoder.go:133 +0xcc
go.uber.org/zap/zapcore.ISO8601TimeEncoder({0xc0000fa1b0?, 0x2f65726f6370617a?, 0x1052860c0?}, {0x104e45180, 0xc0003b0918})
	/Users/z/go/pkg/mod/go.uber.org/zap@v1.27.0/zapcore/encoder.go:142 +0x5c
go.uber.org/zap/zapcore.consoleEncoder.EncodeEntry({0x33?}, {0xff, {0xc2201baf18953298, 0x13775a622, 0x1052860c0}, {0x0, 0x0}, {0x104b1d503, 0x18}, {0x1, ...}, ...}, ...)
	/Users/z/go/pkg/mod/go.uber.org/zap@v1.27.0/zapcore/console_encoder.go:81 +0x1ec
go.uber.org/zap/zapcore.(*ioCore).Write(0xc0011a6b10, {0xff, {0xc2201baf18953298, 0x13775a622, 0x1052860c0}, {0x0, 0x0}, {0x104b1d503, 0x18}, {0x1, ...}, ...}, ...)
	/Users/z/go/pkg/mod/go.uber.org/zap@v1.27.0/zapcore/core.go:95 +0xb4
github.com/luxfi/log.callerCore.Write({{0x104e3f480?, 0xc0011a6b10?}}, {0xff, {0xc2201baf18953298, 0x13775a622, 0x1052860c0}, {0x0, 0x0}, {0x104b1d503, 0x18}, ...}, ...)
	/Users/z/go/pkg/mod/github.com/luxfi/log@v1.0.6/caller.go:65 +0xc8
go.uber.org/zap/zapcore.(*CheckedEntry).Write(0xc000a901a0, {0xc000634200, 0x1, 0x1})
	/Users/z/go/pkg/mod/go.uber.org/zap@v1.27.0/zapcore/entry.go:253 +0x15c
go.uber.org/zap.(*Logger).Debug(0xc00013d080, {0x104b1d503, 0x18}, {0xc000634200, 0x1, 0x1})
	/Users/z/go/pkg/mod/go.uber.org/zap@v1.27.0/logger.go:239 +0x60
github.com/luxfi/log.(*zapLogger).Debug(0xc0011a6b40, {0x104b1d503, 0x18}, {0xc000ca6cc0, 0x3, 0x3})
	/Users/z/go/pkg/mod/github.com/luxfi/log@v1.0.6/logger.go:191 +0x80
github.com/luxfi/threshold/pkg/protocol.(*Handler).hasAllMessages(0xc000f82248, {0x104e44ad0, 0xc00073e880})
	/Users/z/work/lux/threshold/pkg/protocol/handler.go:1591 +0x698
github.com/luxfi/threshold/pkg/protocol.(*Handler).tryAdvanceRound(0xc000f82248)
	/Users/z/work/lux/threshold/pkg/protocol/handler.go:589 +0x2a0
github.com/luxfi/threshold/pkg/protocol.(*Handler).roundProcessor(0xc000f82248)
	/Users/z/work/lux/threshold/pkg/protocol/handler.go:569 +0xb8
github.com/luxfi/threshold/pkg/protocol.(*Handler).startWorkers.func1()
	/Users/z/work/lux/threshold/pkg/protocol/handler.go:374 +0x7c
created by github.com/luxfi/threshold/pkg/protocol.(*Handler).startWorkers in goroutine 2899
	/Users/z/work/lux/threshold/pkg/protocol/handler.go:372 +0x500

goroutine 3165 [runnable]:
github.com/luxfi/threshold/pkg/protocol.(*Handler).messageWorker(0xc0001f4d88, 0x0, 0x1)
	/Users/z/work/lux/threshold/pkg/protocol/handler.go:401 +0x314
created by github.com/luxfi/threshold/pkg/protocol.(*Handler).startWorkers in goroutine 2899
	/Users/z/work/lux/threshold/pkg/protocol/handler.go:361 +0x338

goroutine 3253 [runnable]:
internal/runtime/maps.(*Map).putSlotSmallFastStr(0xc000ddf8f0, 0x104d85220, 0x6587a007f0279645?, {0xc00017a66f, 0x1})
	/opt/homebrew/Cellar/go/1.24.6/libexec/src/internal/runtime/maps/runtime_faststr_swiss.go:220 +0x250
github.com/luxfi/threshold/protocols/frost/sign.(*round3).StoreBroadcastMessage(0xc00073e880, {{0xc00017a66f, 0x1}, {0x0, 0x0}, 0x1, {0x104e38620, 0xc00124b050}})
	/Users/z/work/lux/threshold/protocols/frost/sign/round3.go:78 +0x270
github.com/luxfi/threshold/pkg/protocol.(*Handler).verifyBroadcast(0xc000f82248, 0xc000dd6090)
	/Users/z/work/lux/threshold/pkg/protocol/handler.go:1392 +0x64c
github.com/luxfi/threshold/pkg/protocol.(*Handler).processMessage(0xc000f82248, 0xc000dd6090)
	/Users/z/work/lux/threshold/pkg/protocol/handler.go:480 +0xba0
github.com/luxfi/threshold/pkg/protocol.(*Handler).messageWorker(0xc000f82248, 0x0, 0x1)
	/Users/z/work/lux/threshold/pkg/protocol/handler.go:408 +0x33c
created by github.com/luxfi/threshold/pkg/protocol.(*Handler).startWorkers in goroutine 2899
	/Users/z/work/lux/threshold/pkg/protocol/handler.go:361 +0x338

goroutine 3306 [select]:
github.com/luxfi/threshold/pkg/protocol.(*Handler).messageWorker(0xc0000f0908, 0x2, 0x0)
	/Users/z/work/lux/threshold/pkg/protocol/handler.go:401 +0x314
created by github.com/luxfi/threshold/pkg/protocol.(*Handler).startWorkers in goroutine 2899
	/Users/z/work/lux/threshold/pkg/protocol/handler.go:355 +0x280

goroutine 3205 [select]:
github.com/luxfi/threshold/pkg/protocol.(*Handler).messageWorker(0xc0001f4908, 0x2, 0x0)
	/Users/z/work/lux/threshold/pkg/protocol/handler.go:401 +0x314
created by github.com/luxfi/threshold/pkg/protocol.(*Handler).startWorkers in goroutine 2899
	/Users/z/work/lux/threshold/pkg/protocol/handler.go:355 +0x280

goroutine 3256 [runnable]:
github.com/decred/dcrd/dcrec/secp256k1/v4.(*FieldVal).Mul2(0xc001250628, 0xc001250628, 0xc00133d124)
	/Users/z/go/pkg/mod/github.com/decred/dcrd/dcrec/secp256k1/v4@v4.4.0/field.go:832 +0x1e24
github.com/decred/dcrd/dcrec/secp256k1/v4.(*FieldVal).Mul(...)
	/Users/z/go/pkg/mod/github.com/decred/dcrd/dcrec/secp256k1/v4@v4.4.0/field.go:817
github.com/decred/dcrd/dcrec/secp256k1/v4.addZ2EqualsOne(0xc001250600, 0xc00092a8a8, 0xc001250600)
	/Users/z/go/pkg/mod/github.com/decred/dcrd/dcrec/secp256k1/v4@v4.4.0/curve.go:375 +0xda8
github.com/decred/dcrd/dcrec/secp256k1/v4.AddNonConst(0xc001250600, 0xc00092a8a8, 0xc001250600)
	/Users/z/go/pkg/mod/github.com/decred/dcrd/dcrec/secp256k1/v4@v4.4.0/curve.go:500 +0xea0
github.com/decred/dcrd/dcrec/secp256k1/v4.scalarBaseMultNonConstFast(0xc000fc6040, 0xc001250600)
	/Users/z/go/pkg/mod/github.com/decred/dcrd/dcrec/secp256k1/v4@v4.4.0/curve.go:1271 +0x388
github.com/decred/dcrd/dcrec/secp256k1/v4.scalarBaseMultNonConst(...)
	/Users/z/go/pkg/mod/github.com/decred/dcrd/dcrec/secp256k1/v4@v4.4.0/curve_precompute.go:13
github.com/decred/dcrd/dcrec/secp256k1/v4.ScalarBaseMultNonConst(...)
	/Users/z/go/pkg/mod/github.com/decred/dcrd/dcrec/secp256k1/v4@v4.4.0/curve.go:1238
github.com/luxfi/threshold/pkg/math/curve.(*Secp256k1Scalar).ActOnBase(0xc000fc6040)
	/Users/z/work/lux/threshold/pkg/math/curve/secp256k1.go:174 +0x50
github.com/luxfi/threshold/protocols/frost/sign.(*round3).StoreBroadcastMessage(0xc00073e880, {{0xc00017a64f, 0x1}, {0x0, 0x0}, 0x1, {0x104e38620, 0xc0000384a0}})
	/Users/z/work/lux/threshold/protocols/frost/sign/round3.go:72 +0x210
github.com/luxfi/threshold/pkg/protocol.(*Handler).verifyBroadcastForRound(0xc000f82248, 0xc0009e8630, 0x3)
	/Users/z/work/lux/threshold/pkg/protocol/handler.go:1277 +0x3a4
github.com/luxfi/threshold/pkg/protocol.(*Handler).retryUnprocessedMessages(0xc000f82248, 0x3)
	/Users/z/work/lux/threshold/pkg/protocol/handler.go:1483 +0x230
github.com/luxfi/threshold/pkg/protocol.(*Handler).tryAdvanceRound(0xc000f82248)
	/Users/z/work/lux/threshold/pkg/protocol/handler.go:587 +0x290
github.com/luxfi/threshold/pkg/protocol.(*Handler).processMessage(0xc000f82248, 0xc000664630)
	/Users/z/work/lux/threshold/pkg/protocol/handler.go:486 +0xbb4
github.com/luxfi/threshold/pkg/protocol.(*Handler).messageWorker(0xc000f82248, 0x3, 0x1)
	/Users/z/work/lux/threshold/pkg/protocol/handler.go:408 +0x33c
created by github.com/luxfi/threshold/pkg/protocol.(*Handler).startWorkers in goroutine 2899
	/Users/z/work/lux/threshold/pkg/protocol/handler.go:361 +0x338

goroutine 3204 [select]:
github.com/luxfi/threshold/pkg/protocol.(*Handler).messageWorker(0xc0001f4908, 0x1, 0x0)
	/Users/z/work/lux/threshold/pkg/protocol/handler.go:401 +0x314
created by github.com/luxfi/threshold/pkg/protocol.(*Handler).startWorkers in goroutine 2899
	/Users/z/work/lux/threshold/pkg/protocol/handler.go:355 +0x280

goroutine 3319 [runnable]:
github.com/luxfi/threshold/pkg/protocol.(*Handler).WaitForResult(0xc000f82248)
	/Users/z/work/lux/threshold/pkg/protocol/handler.go:774 +0x250
github.com/luxfi/threshold/internal/test.(*Harness).runHandlerLoop(0xc00013d180, {0xc00017a65f, 0x1}, 0xc000f82248)
	/Users/z/work/lux/threshold/internal/test/harness.go:194 +0x28c
github.com/luxfi/threshold/internal/test.(*Harness).Run.func1({0xc00017a65f, 0x1}, 0xc000f82248)
	/Users/z/work/lux/threshold/internal/test/harness.go:119 +0x9c
created by github.com/luxfi/threshold/internal/test.(*Harness).Run in goroutine 2899
	/Users/z/work/lux/threshold/internal/test/harness.go:115 +0xe4

goroutine 3206 [select]:
github.com/luxfi/threshold/pkg/protocol.(*Handler).messageWorker(0xc0001f4908, 0x3, 0x0)
	/Users/z/work/lux/threshold/pkg/protocol/handler.go:401 +0x314
created by github.com/luxfi/threshold/pkg/protocol.(*Handler).startWorkers in goroutine 2899
	/Users/z/work/lux/threshold/pkg/protocol/handler.go:355 +0x280

goroutine 3055 [runnable]:
github.com/decred/dcrd/dcrec/secp256k1/v4.(*FieldVal).Add(0xc0005f504c, 0xc0005f5024)
	/Users/z/go/pkg/mod/github.com/decred/dcrd/dcrec/secp256k1/v4@v4.4.0/field.go:720 +0x340
github.com/decred/dcrd/dcrec/secp256k1/v4.addGeneric(0xc0005f56d4, 0xc0005f57b0, 0xc0005f56d4)
	/Users/z/go/pkg/mod/github.com/decred/dcrd/dcrec/secp256k1/v4@v4.4.0/curve.go:459 +0x10c4
github.com/decred/dcrd/dcrec/secp256k1/v4.AddNonConst(0xc0005f56d4, 0xc0005f57b0, 0xc0005f56d4)
	/Users/z/go/pkg/mod/github.com/decred/dcrd/dcrec/secp256k1/v4@v4.4.0/curve.go:506 +0xec0
github.com/decred/dcrd/dcrec/secp256k1/v4.ScalarMultNonConst(0xc000dca580, 0xc000bbf480, 0xc000bbf500)
	/Users/z/go/pkg/mod/github.com/decred/dcrd/dcrec/secp256k1/v4@v4.4.0/curve.go:1222 +0xcb4
github.com/luxfi/threshold/pkg/math/curve.(*Secp256k1Scalar).Act(0xc000dca580, {0x104e42040, 0xc000bbf480})
	/Users/z/work/lux/threshold/pkg/math/curve/secp256k1.go:168 +0x78
github.com/luxfi/threshold/protocols/frost/sign.(*round3).StoreBroadcastMessage(0xc0002f5080, {{0xc00017a65f, 0x1}, {0x0, 0x0}, 0x1, {0x104e38620, 0xc00025a870}})
	/Users/z/work/lux/threshold/protocols/frost/sign/round3.go:70 +0x190
github.com/luxfi/threshold/pkg/protocol.(*Handler).verifyBroadcastForRound(0xc0001f4d88, 0xc00033a900, 0x3)
	/Users/z/work/lux/threshold/pkg/protocol/handler.go:1277 +0x3a4
github.com/luxfi/threshold/pkg/protocol.(*Handler).processQueuedMessages(0xc0001f4d88, 0x3)
	/Users/z/work/lux/threshold/pkg/protocol/handler.go:1542 +0x408
created by github.com/luxfi/threshold/pkg/protocol.(*Handler).tryAdvanceRound in goroutine 3168
	/Users/z/work/lux/threshold/pkg/protocol/handler.go:673 +0x12e8

goroutine 3203 [select]:
github.com/luxfi/threshold/pkg/protocol.(*Handler).messageWorker(0xc0001f4908, 0x0, 0x0)
	/Users/z/work/lux/threshold/pkg/protocol/handler.go:401 +0x314
created by github.com/luxfi/threshold/pkg/protocol.(*Handler).startWorkers in goroutine 2899
	/Users/z/work/lux/threshold/pkg/protocol/handler.go:355 +0x280

goroutine 3167 [select]:
github.com/luxfi/threshold/pkg/protocol.(*Handler).messageWorker(0xc0001f4d88, 0x2, 0x1)
	/Users/z/work/lux/threshold/pkg/protocol/handler.go:401 +0x314
created by github.com/luxfi/threshold/pkg/protocol.(*Handler).startWorkers in goroutine 2899
	/Users/z/work/lux/threshold/pkg/protocol/handler.go:361 +0x338

goroutine 3164 [select]:
github.com/luxfi/threshold/pkg/protocol.(*Handler).messageWorker(0xc0001f4d88, 0x3, 0x0)
	/Users/z/work/lux/threshold/pkg/protocol/handler.go:401 +0x314
created by github.com/luxfi/threshold/pkg/protocol.(*Handler).startWorkers in goroutine 2899
	/Users/z/work/lux/threshold/pkg/protocol/handler.go:355 +0x280

goroutine 3315 [runnable]:
github.com/luxfi/threshold/pkg/protocol.(*Handler).WaitForResult(0xc0000f0908)
	/Users/z/work/lux/threshold/pkg/protocol/handler.go:774 +0x250
github.com/luxfi/threshold/internal/test.(*Harness).runHandlerLoop(0xc00013d180, {0xc00017a67f, 0x1}, 0xc0000f0908)
	/Users/z/work/lux/threshold/internal/test/harness.go:194 +0x28c
github.com/luxfi/threshold/internal/test.(*Harness).Run.func1({0xc00017a67f, 0x1}, 0xc0000f0908)
	/Users/z/work/lux/threshold/internal/test/harness.go:119 +0x9c
created by github.com/luxfi/threshold/internal/test.(*Harness).Run in goroutine 2899
	/Users/z/work/lux/threshold/internal/test/harness.go:115 +0xe4

goroutine 3321 [sync.WaitGroup.Wait]:
sync.runtime_SemacquireWaitGroup(0xc0002efa00?)
	/opt/homebrew/Cellar/go/1.24.6/libexec/src/runtime/sema.go:110 +0x2c
sync.(*WaitGroup).Wait(0xc0002efa00)
	/opt/homebrew/Cellar/go/1.24.6/libexec/src/sync/waitgroup.go:118 +0x74
github.com/luxfi/threshold/internal/test.(*Harness).Run.func2()
	/Users/z/work/lux/threshold/internal/test/harness.go:129 +0x38
created by github.com/luxfi/threshold/internal/test.(*Harness).Run in goroutine 2899
	/Users/z/work/lux/threshold/internal/test/harness.go:128 +0x3c8

goroutine 3212 [select]:
github.com/luxfi/threshold/pkg/protocol.(*Handler).metricsUpdater(0xc0001f4908)
	/Users/z/work/lux/threshold/pkg/protocol/handler.go:911 +0x248
github.com/luxfi/threshold/pkg/protocol.(*Handler).startWorkers.func2()
	/Users/z/work/lux/threshold/pkg/protocol/handler.go:382 +0x7c
created by github.com/luxfi/threshold/pkg/protocol.(*Handler).startWorkers in goroutine 2899
	/Users/z/work/lux/threshold/pkg/protocol/handler.go:380 +0x588

goroutine 3163 [select]:
github.com/luxfi/threshold/pkg/protocol.(*Handler).messageWorker(0xc0001f4d88, 0x2, 0x0)
	/Users/z/work/lux/threshold/pkg/protocol/handler.go:401 +0x314
created by github.com/luxfi/threshold/pkg/protocol.(*Handler).startWorkers in goroutine 2899
	/Users/z/work/lux/threshold/pkg/protocol/handler.go:355 +0x280

goroutine 3209 [select]:
github.com/luxfi/threshold/pkg/protocol.(*Handler).messageWorker(0xc0001f4908, 0x2, 0x1)
	/Users/z/work/lux/threshold/pkg/protocol/handler.go:401 +0x314
created by github.com/luxfi/threshold/pkg/protocol.(*Handler).startWorkers in goroutine 2899
	/Users/z/work/lux/threshold/pkg/protocol/handler.go:361 +0x338

goroutine 3211 [runnable]:
github.com/decred/dcrd/dcrec/secp256k1/v4.(*FieldVal).Mul2(0xc0002693f4, 0xc0002693cc, 0xc0002693f4)
	/Users/z/go/pkg/mod/github.com/decred/dcrd/dcrec/secp256k1/v4@v4.4.0/field.go:913 +0xd4
github.com/decred/dcrd/dcrec/secp256k1/v4.doubleGeneric(0xc0002693a4, 0xc0002693a4)
	/Users/z/go/pkg/mod/github.com/decred/dcrd/dcrec/secp256k1/v4@v4.4.0/curve.go:597 +0xe4
github.com/decred/dcrd/dcrec/secp256k1/v4.DoubleNonConst(0xc0002693a4, 0xc0002693a4)
	/Users/z/go/pkg/mod/github.com/decred/dcrd/dcrec/secp256k1/v4@v4.4.0/curve.go:643 +0x7ec
github.com/decred/dcrd/dcrec/secp256k1/v4.ScalarMultNonConst(0xc000c43a80, 0xc001250c80, 0xc001250d00)
	/Users/z/go/pkg/mod/github.com/decred/dcrd/dcrec/secp256k1/v4@v4.4.0/curve.go:1201 +0xbe0
github.com/luxfi/threshold/pkg/math/curve.(*Secp256k1Scalar).Act(0xc000c43a80, {0x104e42040, 0xc001250c80})
	/Users/z/work/lux/threshold/pkg/math/curve/secp256k1.go:168 +0x78
github.com/luxfi/threshold/protocols/frost/sign.(*round3).StoreBroadcastMessage(0xc000b88000, {{0xc00017a64f, 0x1}, {0x0, 0x0}, 0x1, {0x104e38620, 0xc000038bf0}})
	/Users/z/work/lux/threshold/protocols/frost/sign/round3.go:70 +0x190
github.com/luxfi/threshold/pkg/protocol.(*Handler).verifyBroadcastForRound(0xc0001f4908, 0xc0009e8630, 0x3)
	/Users/z/work/lux/threshold/pkg/protocol/handler.go:1277 +0x3a4
github.com/luxfi/threshold/pkg/protocol.(*Handler).retryUnprocessedMessages(0xc0001f4908, 0x3)
	/Users/z/work/lux/threshold/pkg/protocol/handler.go:1483 +0x230
github.com/luxfi/threshold/pkg/protocol.(*Handler).tryAdvanceRound(0xc0001f4908)
	/Users/z/work/lux/threshold/pkg/protocol/handler.go:587 +0x290
github.com/luxfi/threshold/pkg/protocol.(*Handler).roundProcessor(0xc0001f4908)
	/Users/z/work/lux/threshold/pkg/protocol/handler.go:569 +0xb8
github.com/luxfi/threshold/pkg/protocol.(*Handler).startWorkers.func1()
	/Users/z/work/lux/threshold/pkg/protocol/handler.go:374 +0x7c
created by github.com/luxfi/threshold/pkg/protocol.(*Handler).startWorkers in goroutine 2899
	/Users/z/work/lux/threshold/pkg/protocol/handler.go:372 +0x500

goroutine 3162 [select]:
github.com/luxfi/threshold/pkg/protocol.(*Handler).messageWorker(0xc0001f4d88, 0x1, 0x0)
	/Users/z/work/lux/threshold/pkg/protocol/handler.go:401 +0x314
created by github.com/luxfi/threshold/pkg/protocol.(*Handler).startWorkers in goroutine 2899
	/Users/z/work/lux/threshold/pkg/protocol/handler.go:355 +0x280

goroutine 3168 [select]:
github.com/luxfi/threshold/pkg/protocol.(*Handler).messageWorker(0xc0001f4d88, 0x3, 0x1)
	/Users/z/work/lux/threshold/pkg/protocol/handler.go:401 +0x314
created by github.com/luxfi/threshold/pkg/protocol.(*Handler).startWorkers in goroutine 2899
	/Users/z/work/lux/threshold/pkg/protocol/handler.go:361 +0x338

goroutine 3311 [select]:
github.com/luxfi/threshold/pkg/protocol.(*Handler).messageWorker(0xc0000f0908, 0x3, 0x1)
	/Users/z/work/lux/threshold/pkg/protocol/handler.go:401 +0x314
created by github.com/luxfi/threshold/pkg/protocol.(*Handler).startWorkers in goroutine 2899
	/Users/z/work/lux/threshold/pkg/protocol/handler.go:361 +0x338

goroutine 2899 [select]:
github.com/luxfi/threshold/internal/test.(*Harness).Run(0xc00013d180)
	/Users/z/work/lux/threshold/internal/test/harness.go:133 +0x434
github.com/luxfi/threshold/internal/test.RunProtocol({0x104e45a20, 0xc0002bf6c0}, {0xc000260070, 0x6, 0x7}, {0xc000a099a4, 0xc, 0xc}, 0xc0003d9db0)
	/Users/z/work/lux/threshold/internal/test/harness.go:277 +0x2f4
github.com/luxfi/threshold/protocols/frost_test.TestFROSTKeygenAndSign.(*KeygenAndSign).Run.func11(0xc0002bf6c0)
	/Users/z/work/lux/threshold/internal/test/protocol_helpers.go:114 +0x3e0
testing.tRunner(0xc0002bf6c0, 0xc000b1f8c0)
	/opt/homebrew/Cellar/go/1.24.6/libexec/src/testing/testing.go:1792 +0x184
created by testing.(*T).Run in goroutine 2282
	/opt/homebrew/Cellar/go/1.24.6/libexec/src/testing/testing.go:1851 +0x688

goroutine 3182 [select]:
github.com/luxfi/threshold/pkg/protocol.(*Handler).messageWorker(0xc0001f4248, 0x2, 0x1)
	/Users/z/work/lux/threshold/pkg/protocol/handler.go:401 +0x314
created by github.com/luxfi/threshold/pkg/protocol.(*Handler).startWorkers in goroutine 2899
	/Users/z/work/lux/threshold/pkg/protocol/handler.go:361 +0x338

goroutine 3185 [select]:
github.com/luxfi/threshold/pkg/protocol.(*Handler).metricsUpdater(0xc0001f4248)
	/Users/z/work/lux/threshold/pkg/protocol/handler.go:911 +0x248
github.com/luxfi/threshold/pkg/protocol.(*Handler).startWorkers.func2()
	/Users/z/work/lux/threshold/pkg/protocol/handler.go:382 +0x7c
created by github.com/luxfi/threshold/pkg/protocol.(*Handler).startWorkers in goroutine 2899
	/Users/z/work/lux/threshold/pkg/protocol/handler.go:380 +0x588

goroutine 3177 [select]:
github.com/luxfi/threshold/pkg/protocol.(*Handler).messageWorker(0xc0001f4248, 0x1, 0x0)
	/Users/z/work/lux/threshold/pkg/protocol/handler.go:401 +0x314
created by github.com/luxfi/threshold/pkg/protocol.(*Handler).startWorkers in goroutine 2899
	/Users/z/work/lux/threshold/pkg/protocol/handler.go:355 +0x280

goroutine 3176 [select]:
github.com/luxfi/threshold/pkg/protocol.(*Handler).messageWorker(0xc0001f4248, 0x0, 0x0)
	/Users/z/work/lux/threshold/pkg/protocol/handler.go:401 +0x314
created by github.com/luxfi/threshold/pkg/protocol.(*Handler).startWorkers in goroutine 2899
	/Users/z/work/lux/threshold/pkg/protocol/handler.go:355 +0x280

goroutine 3183 [select]:
github.com/luxfi/threshold/pkg/protocol.(*Handler).messageWorker(0xc0001f4248, 0x3, 0x1)
	/Users/z/work/lux/threshold/pkg/protocol/handler.go:401 +0x314
created by github.com/luxfi/threshold/pkg/protocol.(*Handler).startWorkers in goroutine 2899
	/Users/z/work/lux/threshold/pkg/protocol/handler.go:361 +0x338

goroutine 3184 [runnable]:
github.com/decred/dcrd/dcrec/secp256k1/v4.(*FieldVal).SquareVal(0xc00053ee8c, 0xc00053eeb4)
	/Users/z/go/pkg/mod/github.com/decred/dcrd/dcrec/secp256k1/v4@v4.4.0/field.go:1286 +0x122c
github.com/decred/dcrd/dcrec/secp256k1/v4.doubleGeneric(0xc00053f3a4, 0xc00053f3a4)
	/Users/z/go/pkg/mod/github.com/decred/dcrd/dcrec/secp256k1/v4@v4.4.0/curve.go:605 +0x7e0
github.com/decred/dcrd/dcrec/secp256k1/v4.DoubleNonConst(0xc00053f3a4, 0xc00053f3a4)
	/Users/z/go/pkg/mod/github.com/decred/dcrd/dcrec/secp256k1/v4@v4.4.0/curve.go:643 +0x7ec
github.com/decred/dcrd/dcrec/secp256k1/v4.ScalarMultNonConst(0xc0003b8ce0, 0xc000a1e400, 0xc000a1e480)
	/Users/z/go/pkg/mod/github.com/decred/dcrd/dcrec/secp256k1/v4@v4.4.0/curve.go:1201 +0xbe0
github.com/luxfi/threshold/pkg/math/curve.(*Secp256k1Scalar).Act(0xc0003b8ce0, {0x104e42040, 0xc000a1e400})
	/Users/z/work/lux/threshold/pkg/math/curve/secp256k1.go:168 +0x78
github.com/luxfi/threshold/protocols/frost/sign.(*round3).StoreBroadcastMessage(0xc00021afc0, {{0xc00017a64f, 0x1}, {0x0, 0x0}, 0x1, {0x104e38620, 0xc000b1f200}})
	/Users/z/work/lux/threshold/protocols/frost/sign/round3.go:70 +0x190
github.com/luxfi/threshold/pkg/protocol.(*Handler).verifyBroadcastForRound(0xc0001f4248, 0xc0009e8630, 0x3)
	/Users/z/work/lux/threshold/pkg/protocol/handler.go:1277 +0x3a4
github.com/luxfi/threshold/pkg/protocol.(*Handler).retryUnprocessedMessages(0xc0001f4248, 0x3)
	/Users/z/work/lux/threshold/pkg/protocol/handler.go:1483 +0x230
github.com/luxfi/threshold/pkg/protocol.(*Handler).tryAdvanceRound(0xc0001f4248)
	/Users/z/work/lux/threshold/pkg/protocol/handler.go:587 +0x290
github.com/luxfi/threshold/pkg/protocol.(*Handler).roundProcessor(0xc0001f4248)
	/Users/z/work/lux/threshold/pkg/protocol/handler.go:569 +0xb8
github.com/luxfi/threshold/pkg/protocol.(*Handler).startWorkers.func1()
	/Users/z/work/lux/threshold/pkg/protocol/handler.go:374 +0x7c
created by github.com/luxfi/threshold/pkg/protocol.(*Handler).startWorkers in goroutine 2899
	/Users/z/work/lux/threshold/pkg/protocol/handler.go:372 +0x500

goroutine 3178 [select]:
github.com/luxfi/threshold/pkg/protocol.(*Handler).messageWorker(0xc0001f4248, 0x2, 0x0)
	/Users/z/work/lux/threshold/pkg/protocol/handler.go:401 +0x314
created by github.com/luxfi/threshold/pkg/protocol.(*Handler).startWorkers in goroutine 2899
	/Users/z/work/lux/threshold/pkg/protocol/handler.go:355 +0x280

goroutine 3330 [select]:
github.com/luxfi/threshold/internal/test.(*Harness).runHandlerLoop.func1()
	/Users/z/work/lux/threshold/internal/test/harness.go:164 +0xc4
created by github.com/luxfi/threshold/internal/test.(*Harness).runHandlerLoop in goroutine 3316
	/Users/z/work/lux/threshold/internal/test/harness.go:162 +0x1a8

goroutine 3276 [select]:
github.com/luxfi/threshold/pkg/protocol.(*Handler).messageWorker(0xc000f82488, 0x0, 0x0)
	/Users/z/work/lux/threshold/pkg/protocol/handler.go:401 +0x314
created by github.com/luxfi/threshold/pkg/protocol.(*Handler).startWorkers in goroutine 2899
	/Users/z/work/lux/threshold/pkg/protocol/handler.go:355 +0x280

goroutine 3277 [select]:
github.com/luxfi/threshold/pkg/protocol.(*Handler).messageWorker(0xc000f82488, 0x1, 0x0)
	/Users/z/work/lux/threshold/pkg/protocol/handler.go:401 +0x314
created by github.com/luxfi/threshold/pkg/protocol.(*Handler).startWorkers in goroutine 2899
	/Users/z/work/lux/threshold/pkg/protocol/handler.go:355 +0x280

goroutine 3278 [select]:
github.com/luxfi/threshold/pkg/protocol.(*Handler).messageWorker(0xc000f82488, 0x2, 0x0)
	/Users/z/work/lux/threshold/pkg/protocol/handler.go:401 +0x314
created by github.com/luxfi/threshold/pkg/protocol.(*Handler).startWorkers in goroutine 2899
	/Users/z/work/lux/threshold/pkg/protocol/handler.go:355 +0x280

goroutine 3279 [select]:
github.com/luxfi/threshold/pkg/protocol.(*Handler).messageWorker(0xc000f82488, 0x3, 0x0)
	/Users/z/work/lux/threshold/pkg/protocol/handler.go:401 +0x314
created by github.com/luxfi/threshold/pkg/protocol.(*Handler).startWorkers in goroutine 2899
	/Users/z/work/lux/threshold/pkg/protocol/handler.go:355 +0x280

goroutine 3280 [runnable]:
github.com/decred/dcrd/dcrec/secp256k1/v4.(*FieldVal).Equals(0xc000b940d0, 0xc000914080)
	/Users/z/go/pkg/mod/github.com/decred/dcrd/dcrec/secp256k1/v4@v4.4.0/field.go:618 +0x2c8
github.com/decred/dcrd/dcrec/secp256k1/v4.AddNonConst(0xc000b94080, 0xc000914030, 0xc000b94080)
	/Users/z/go/pkg/mod/github.com/decred/dcrd/dcrec/secp256k1/v4@v4.4.0/curve.go:496 +0xe84
github.com/decred/dcrd/dcrec/secp256k1/v4.scalarBaseMultNonConstFast(0xc000b7e940, 0xc000b94080)
	/Users/z/go/pkg/mod/github.com/decred/dcrd/dcrec/secp256k1/v4@v4.4.0/curve.go:1271 +0x388
github.com/decred/dcrd/dcrec/secp256k1/v4.scalarBaseMultNonConst(...)
	/Users/z/go/pkg/mod/github.com/decred/dcrd/dcrec/secp256k1/v4@v4.4.0/curve_precompute.go:13
github.com/decred/dcrd/dcrec/secp256k1/v4.ScalarBaseMultNonConst(...)
	/Users/z/go/pkg/mod/github.com/decred/dcrd/dcrec/secp256k1/v4@v4.4.0/curve.go:1238
github.com/luxfi/threshold/pkg/math/curve.(*Secp256k1Scalar).ActOnBase(0xc000b7e940)
	/Users/z/work/lux/threshold/pkg/math/curve/secp256k1.go:174 +0x50
github.com/luxfi/threshold/protocols/frost/sign.(*round3).StoreBroadcastMessage(0xc00095fa40, {{0xc00017a65f, 0x1}, {0x0, 0x0}, 0x1, {0x104e38620, 0xc00052b270}})
	/Users/z/work/lux/threshold/protocols/frost/sign/round3.go:72 +0x210
github.com/luxfi/threshold/pkg/protocol.(*Handler).verifyBroadcastForRound(0xc000f82488, 0xc00033a900, 0x3)
	/Users/z/work/lux/threshold/pkg/protocol/handler.go:1277 +0x3a4
github.com/luxfi/threshold/pkg/protocol.(*Handler).retryUnprocessedMessages(0xc000f82488, 0x3)
	/Users/z/work/lux/threshold/pkg/protocol/handler.go:1483 +0x230
github.com/luxfi/threshold/pkg/protocol.(*Handler).tryAdvanceRound(0xc000f82488)
	/Users/z/work/lux/threshold/pkg/protocol/handler.go:587 +0x290
github.com/luxfi/threshold/pkg/protocol.(*Handler).processMessage(0xc000f82488, 0xc000664630)
	/Users/z/work/lux/threshold/pkg/protocol/handler.go:486 +0xbb4
github.com/luxfi/threshold/pkg/protocol.(*Handler).messageWorker(0xc000f82488, 0x0, 0x1)
	/Users/z/work/lux/threshold/pkg/protocol/handler.go:408 +0x33c
created by github.com/luxfi/threshold/pkg/protocol.(*Handler).startWorkers in goroutine 2899
	/Users/z/work/lux/threshold/pkg/protocol/handler.go:361 +0x338

goroutine 3281 [runnable]:
internal/sync.runtime_SemacquireMutex(0xc00135f138?, 0xcc?, 0xc00135f168?)
	/opt/homebrew/Cellar/go/1.24.6/libexec/src/runtime/sema.go:95 +0x28
internal/sync.(*Mutex).lockSlow(0xc00071e7c8)
	/opt/homebrew/Cellar/go/1.24.6/libexec/src/internal/sync/mutex.go:149 +0x1e4
internal/sync.(*Mutex).Lock(0xc00071e7c8)
	/opt/homebrew/Cellar/go/1.24.6/libexec/src/internal/sync/mutex.go:70 +0x5c
sync.(*Mutex).Lock(0xc00071e7c8)
	/opt/homebrew/Cellar/go/1.24.6/libexec/src/sync/mutex.go:46 +0x30
go.uber.org/zap/zapcore.(*lockedWriteSyncer).Write(0xc00071e7c8, {0xc00137d800, 0x57, 0x400})
	/Users/z/go/pkg/mod/go.uber.org/zap@v1.27.0/zapcore/write_syncer.go:65 +0x3c
go.uber.org/zap/zapcore.(*ioCore).Write(0xc0011a6b10, {0xff, {0xc2201baf1771ccf0, 0x1365242c1, 0x1052860c0}, {0x0, 0x0}, {0x104b1ee21, 0x1a}, {0x1, ...}, ...}, ...)
	/Users/z/go/pkg/mod/go.uber.org/zap@v1.27.0/zapcore/core.go:99 +0x120
github.com/luxfi/log.callerCore.Write({{0x104e3f480?, 0xc0011a6b10?}}, {0xff, {0xc2201baf1771ccf0, 0x1365242c1, 0x1052860c0}, {0x0, 0x0}, {0x104b1ee21, 0x1a}, ...}, ...)
	/Users/z/go/pkg/mod/github.com/luxfi/log@v1.0.6/caller.go:65 +0xc8
go.uber.org/zap/zapcore.(*CheckedEntry).Write(0xc000e65520, {0x1061f4680, 0x0, 0x0})
	/Users/z/go/pkg/mod/go.uber.org/zap@v1.27.0/zapcore/entry.go:253 +0x15c
go.uber.org/zap.(*Logger).Debug(0xc00013d080, {0x104b1ee21, 0x1a}, {0x1061f4680, 0x0, 0x0})
	/Users/z/go/pkg/mod/go.uber.org/zap@v1.27.0/logger.go:239 +0x60
github.com/luxfi/log.(*zapLogger).Debug(0xc0011a6b40, {0x104b1ee21, 0x1a}, {0xc00124af70, 0x1, 0x1})
	/Users/z/go/pkg/mod/github.com/luxfi/log@v1.0.6/logger.go:191 +0x80
github.com/luxfi/threshold/pkg/protocol.(*Handler).processQueuedMessages(0xc000f82488, 0x2)
	/Users/z/work/lux/threshold/pkg/protocol/handler.go:1503 +0x148
github.com/luxfi/threshold/pkg/protocol.(*Handler).tryAdvanceRound(0xc000f82488)
	/Users/z/work/lux/threshold/pkg/protocol/handler.go:648 +0xe7c
github.com/luxfi/threshold/pkg/protocol.(*Handler).processMessage(0xc000f82488, 0xc0000f8bd0)
	/Users/z/work/lux/threshold/pkg/protocol/handler.go:486 +0xbb4
github.com/luxfi/threshold/pkg/protocol.(*Handler).messageWorker(0xc000f82488, 0x1, 0x1)
	/Users/z/work/lux/threshold/pkg/protocol/handler.go:408 +0x33c
created by github.com/luxfi/threshold/pkg/protocol.(*Handler).startWorkers in goroutine 2899
	/Users/z/work/lux/threshold/pkg/protocol/handler.go:361 +0x338

goroutine 3282 [runnable]:
internal/sync.runtime_SemacquireMutex(0xc00134d0a8?, 0xcc?, 0xc00134d0d8?)
	/opt/homebrew/Cellar/go/1.24.6/libexec/src/runtime/sema.go:95 +0x28
internal/sync.(*Mutex).lockSlow(0xc00071e7c8)
	/opt/homebrew/Cellar/go/1.24.6/libexec/src/internal/sync/mutex.go:149 +0x1e4
internal/sync.(*Mutex).Lock(0xc00071e7c8)
	/opt/homebrew/Cellar/go/1.24.6/libexec/src/internal/sync/mutex.go:70 +0x5c
sync.(*Mutex).Lock(0xc00071e7c8)
	/opt/homebrew/Cellar/go/1.24.6/libexec/src/sync/mutex.go:46 +0x30
go.uber.org/zap/zapcore.(*lockedWriteSyncer).Write(0xc00071e7c8, {0xc000587000, 0xb1, 0x400})
	/Users/z/go/pkg/mod/go.uber.org/zap@v1.27.0/zapcore/write_syncer.go:65 +0x3c
go.uber.org/zap/zapcore.(*ioCore).Write(0xc0011a6b10, {0xff, {0xc2201baf17583628, 0x13638acca, 0x1052860c0}, {0x0, 0x0}, {0x104b1d503, 0x18}, {0x1, ...}, ...}, ...)
	/Users/z/go/pkg/mod/go.uber.org/zap@v1.27.0/zapcore/core.go:99 +0x120
github.com/luxfi/log.callerCore.Write({{0x104e3f480?, 0xc0011a6b10?}}, {0xff, {0xc2201baf17583628, 0x13638acca, 0x1052860c0}, {0x0, 0x0}, {0x104b1d503, 0x18}, ...}, ...)
	/Users/z/go/pkg/mod/github.com/luxfi/log@v1.0.6/caller.go:65 +0xc8
go.uber.org/zap/zapcore.(*CheckedEntry).Write(0xc000a7f5f0, {0xc0005ace80, 0x1, 0x1})
	/Users/z/go/pkg/mod/go.uber.org/zap@v1.27.0/zapcore/entry.go:253 +0x15c
go.uber.org/zap.(*Logger).Debug(0xc00013d080, {0x104b1d503, 0x18}, {0xc0005ace80, 0x1, 0x1})
	/Users/z/go/pkg/mod/go.uber.org/zap@v1.27.0/logger.go:239 +0x60
github.com/luxfi/log.(*zapLogger).Debug(0xc0011a6b40, {0x104b1d503, 0x18}, {0xc000278d50, 0x3, 0x3})
	/Users/z/go/pkg/mod/github.com/luxfi/log@v1.0.6/logger.go:191 +0x80
github.com/luxfi/threshold/pkg/protocol.(*Handler).hasAllMessages(0xc000f82488, {0x104e44b60, 0xc00124f200})
	/Users/z/work/lux/threshold/pkg/protocol/handler.go:1591 +0x698
github.com/luxfi/threshold/pkg/protocol.(*Handler).tryAdvanceRound(0xc000f82488)
	/Users/z/work/lux/threshold/pkg/protocol/handler.go:589 +0x2a0
github.com/luxfi/threshold/pkg/protocol.(*Handler).processMessage(0xc000f82488, 0xc0009e8630)
	/Users/z/work/lux/threshold/pkg/protocol/handler.go:474 +0xb74
github.com/luxfi/threshold/pkg/protocol.(*Handler).messageWorker(0xc000f82488, 0x2, 0x1)
	/Users/z/work/lux/threshold/pkg/protocol/handler.go:408 +0x33c
created by github.com/luxfi/threshold/pkg/protocol.(*Handler).startWorkers in goroutine 2899
	/Users/z/work/lux/threshold/pkg/protocol/handler.go:361 +0x338

goroutine 3283 [runnable]:
internal/sync.runtime_SemacquireMutex(0xc001341328?, 0xcc?, 0xc001341358?)
	/opt/homebrew/Cellar/go/1.24.6/libexec/src/runtime/sema.go:95 +0x28
internal/sync.(*Mutex).lockSlow(0xc00071e7c8)
	/opt/homebrew/Cellar/go/1.24.6/libexec/src/internal/sync/mutex.go:149 +0x1e4
internal/sync.(*Mutex).Lock(0xc00071e7c8)
	/opt/homebrew/Cellar/go/1.24.6/libexec/src/internal/sync/mutex.go:70 +0x5c
sync.(*Mutex).Lock(0xc00071e7c8)
	/opt/homebrew/Cellar/go/1.24.6/libexec/src/sync/mutex.go:46 +0x30
go.uber.org/zap/zapcore.(*lockedWriteSyncer).Write(0xc00071e7c8, {0xc00051f000, 0xb6, 0x400})
	/Users/z/go/pkg/mod/go.uber.org/zap@v1.27.0/zapcore/write_syncer.go:65 +0x3c
go.uber.org/zap/zapcore.(*ioCore).Write(0xc0011a6b10, {0xff, {0xc2201baf17675d10, 0x13647d482, 0x1052860c0}, {0x0, 0x0}, {0x104b1ba1e, 0x16}, {0x1, ...}, ...}, ...)
	/Users/z/go/pkg/mod/go.uber.org/zap@v1.27.0/zapcore/core.go:99 +0x120
github.com/luxfi/log.callerCore.Write({{0x104e3f480?, 0xc0011a6b10?}}, {0xff, {0xc2201baf17675d10, 0x13647d482, 0x1052860c0}, {0x0, 0x0}, {0x104b1ba1e, 0x16}, ...}, ...)
	/Users/z/go/pkg/mod/github.com/luxfi/log@v1.0.6/caller.go:65 +0xc8
go.uber.org/zap/zapcore.(*CheckedEntry).Write(0xc000513380, {0xc00021bd40, 0x1, 0x1})
	/Users/z/go/pkg/mod/go.uber.org/zap@v1.27.0/zapcore/entry.go:253 +0x15c
go.uber.org/zap.(*Logger).Debug(0xc00013d080, {0x104b1ba1e, 0x16}, {0xc00021bd40, 0x1, 0x1})
	/Users/z/go/pkg/mod/go.uber.org/zap@v1.27.0/logger.go:239 +0x60
github.com/luxfi/log.(*zapLogger).Debug(0xc0011a6b40, {0x104b1ba1e, 0x16}, {0xc000c78860, 0x2, 0x2})
	/Users/z/go/pkg/mod/github.com/luxfi/log@v1.0.6/logger.go:191 +0x80
github.com/luxfi/threshold/pkg/protocol.(*Handler).tryAdvanceRound(0xc000f82488)
	/Users/z/work/lux/threshold/pkg/protocol/handler.go:581 +0x274
github.com/luxfi/threshold/pkg/protocol.(*Handler).processMessage(0xc000f82488, 0xc0003c27e0)
	/Users/z/work/lux/threshold/pkg/protocol/handler.go:474 +0xb74
github.com/luxfi/threshold/pkg/protocol.(*Handler).messageWorker(0xc000f82488, 0x3, 0x1)
	/Users/z/work/lux/threshold/pkg/protocol/handler.go:408 +0x33c
created by github.com/luxfi/threshold/pkg/protocol.(*Handler).startWorkers in goroutine 2899
	/Users/z/work/lux/threshold/pkg/protocol/handler.go:361 +0x338

goroutine 3284 [runnable]:
github.com/decred/dcrd/dcrec/secp256k1/v4.(*FieldVal).NegateVal(0xc000956edc, 0xc000956edc, 0x2)
	/Users/z/go/pkg/mod/github.com/decred/dcrd/dcrec/secp256k1/v4@v4.4.0/field.go:641 +0x358
github.com/decred/dcrd/dcrec/secp256k1/v4.(*FieldVal).Negate(...)
	/Users/z/go/pkg/mod/github.com/decred/dcrd/dcrec/secp256k1/v4@v4.4.0/field.go:686
github.com/decred/dcrd/dcrec/secp256k1/v4.doubleGeneric(0xc0009573a4, 0xc0009573a4)
	/Users/z/go/pkg/mod/github.com/decred/dcrd/dcrec/secp256k1/v4@v4.4.0/curve.go:602 +0x414
github.com/decred/dcrd/dcrec/secp256k1/v4.DoubleNonConst(0xc0009573a4, 0xc0009573a4)
	/Users/z/go/pkg/mod/github.com/decred/dcrd/dcrec/secp256k1/v4@v4.4.0/curve.go:643 +0x7ec
github.com/decred/dcrd/dcrec/secp256k1/v4.ScalarMultNonConst(0xc0007d1460, 0xc000a1e500, 0xc000a1e580)
	/Users/z/go/pkg/mod/github.com/decred/dcrd/dcrec/secp256k1/v4@v4.4.0/curve.go:1201 +0xbe0
github.com/luxfi/threshold/pkg/math/curve.(*Secp256k1Scalar).Act(0xc0007d1460, {0x104e42040, 0xc000a1e500})
	/Users/z/work/lux/threshold/pkg/math/curve/secp256k1.go:168 +0x78
github.com/luxfi/threshold/protocols/frost/sign.(*round3).StoreBroadcastMessage(0xc00095fa40, {{0xc00017a65f, 0x1}, {0x0, 0x0}, 0x1, {0x104e38620, 0xc000b1f2b0}})
	/Users/z/work/lux/threshold/protocols/frost/sign/round3.go:70 +0x190
github.com/luxfi/threshold/pkg/protocol.(*Handler).verifyBroadcastForRound(0xc000f82488, 0xc00033a900, 0x3)
	/Users/z/work/lux/threshold/pkg/protocol/handler.go:1277 +0x3a4
github.com/luxfi/threshold/pkg/protocol.(*Handler).retryUnprocessedMessages(0xc000f82488, 0x3)
	/Users/z/work/lux/threshold/pkg/protocol/handler.go:1483 +0x230
github.com/luxfi/threshold/pkg/protocol.(*Handler).tryAdvanceRound(0xc000f82488)
	/Users/z/work/lux/threshold/pkg/protocol/handler.go:587 +0x290
github.com/luxfi/threshold/pkg/protocol.(*Handler).roundProcessor(0xc000f82488)
	/Users/z/work/lux/threshold/pkg/protocol/handler.go:569 +0xb8
github.com/luxfi/threshold/pkg/protocol.(*Handler).startWorkers.func1()
	/Users/z/work/lux/threshold/pkg/protocol/handler.go:374 +0x7c
created by github.com/luxfi/threshold/pkg/protocol.(*Handler).startWorkers in goroutine 2899
	/Users/z/work/lux/threshold/pkg/protocol/handler.go:372 +0x500

goroutine 3285 [select]:
github.com/luxfi/threshold/pkg/protocol.(*Handler).metricsUpdater(0xc000f82488)
	/Users/z/work/lux/threshold/pkg/protocol/handler.go:911 +0x248
github.com/luxfi/threshold/pkg/protocol.(*Handler).startWorkers.func2()
	/Users/z/work/lux/threshold/pkg/protocol/handler.go:382 +0x7c
created by github.com/luxfi/threshold/pkg/protocol.(*Handler).startWorkers in goroutine 2899
	/Users/z/work/lux/threshold/pkg/protocol/handler.go:380 +0x588

goroutine 3295 [runnable]:
github.com/luxfi/threshold/internal/test.(*Harness).runHandlerLoop.func2()
	/Users/z/work/lux/threshold/internal/test/harness.go:178 +0xa8
created by github.com/luxfi/threshold/internal/test.(*Harness).runHandlerLoop in goroutine 3315
	/Users/z/work/lux/threshold/internal/test/harness.go:176 +0x284

goroutine 3294 [select]:
github.com/luxfi/threshold/internal/test.(*Harness).runHandlerLoop.func1()
	/Users/z/work/lux/threshold/internal/test/harness.go:164 +0xc4
created by github.com/luxfi/threshold/internal/test.(*Harness).runHandlerLoop in goroutine 3315
	/Users/z/work/lux/threshold/internal/test/harness.go:162 +0x1a8

goroutine 3297 [select]:
github.com/luxfi/threshold/internal/test.(*Harness).runHandlerLoop.func2()
	/Users/z/work/lux/threshold/internal/test/harness.go:178 +0xa8
created by github.com/luxfi/threshold/internal/test.(*Harness).runHandlerLoop in goroutine 3317
	/Users/z/work/lux/threshold/internal/test/harness.go:176 +0x284

goroutine 3331 [select]:
github.com/luxfi/threshold/internal/test.(*Harness).runHandlerLoop.func2()
	/Users/z/work/lux/threshold/internal/test/harness.go:178 +0xa8
created by github.com/luxfi/threshold/internal/test.(*Harness).runHandlerLoop in goroutine 3316
	/Users/z/work/lux/threshold/internal/test/harness.go:176 +0x284

goroutine 3332 [select]:
github.com/luxfi/threshold/internal/test.(*Harness).runHandlerLoop.func1()
	/Users/z/work/lux/threshold/internal/test/harness.go:164 +0xc4
created by github.com/luxfi/threshold/internal/test.(*Harness).runHandlerLoop in goroutine 3319
	/Users/z/work/lux/threshold/internal/test/harness.go:162 +0x1a8

goroutine 3333 [select]:
github.com/luxfi/threshold/internal/test.(*Harness).runHandlerLoop.func2()
	/Users/z/work/lux/threshold/internal/test/harness.go:178 +0xa8
created by github.com/luxfi/threshold/internal/test.(*Harness).runHandlerLoop in goroutine 3319
	/Users/z/work/lux/threshold/internal/test/harness.go:176 +0x284

goroutine 3334 [select]:
github.com/luxfi/threshold/internal/test.(*Harness).runHandlerLoop.func1()
	/Users/z/work/lux/threshold/internal/test/harness.go:164 +0xc4
created by github.com/luxfi/threshold/internal/test.(*Harness).runHandlerLoop in goroutine 3318
	/Users/z/work/lux/threshold/internal/test/harness.go:162 +0x1a8

goroutine 3335 [select]:
github.com/luxfi/threshold/internal/test.(*Harness).runHandlerLoop.func2()
	/Users/z/work/lux/threshold/internal/test/harness.go:178 +0xa8
created by github.com/luxfi/threshold/internal/test.(*Harness).runHandlerLoop in goroutine 3318
	/Users/z/work/lux/threshold/internal/test/harness.go:176 +0x284

goroutine 3336 [select]:
github.com/luxfi/threshold/internal/test.(*Harness).runHandlerLoop.func1()
	/Users/z/work/lux/threshold/internal/test/harness.go:164 +0xc4
created by github.com/luxfi/threshold/internal/test.(*Harness).runHandlerLoop in goroutine 3320
	/Users/z/work/lux/threshold/internal/test/harness.go:162 +0x1a8

goroutine 3337 [select]:
github.com/luxfi/threshold/internal/test.(*Harness).runHandlerLoop.func2()
	/Users/z/work/lux/threshold/internal/test/harness.go:178 +0xa8
created by github.com/luxfi/threshold/internal/test.(*Harness).runHandlerLoop in goroutine 3320
	/Users/z/work/lux/threshold/internal/test/harness.go:176 +0x284

goroutine 3338 [runnable]:
github.com/decred/dcrd/dcrec/secp256k1/v4.(*FieldVal).NegateVal(0xc00059b1dc, 0xc00059b1dc, 0x1)
	/Users/z/go/pkg/mod/github.com/decred/dcrd/dcrec/secp256k1/v4@v4.4.0/field.go:641 +0x358
github.com/decred/dcrd/dcrec/secp256k1/v4.(*FieldVal).Negate(...)
	/Users/z/go/pkg/mod/github.com/decred/dcrd/dcrec/secp256k1/v4@v4.4.0/field.go:686
github.com/decred/dcrd/dcrec/secp256k1/v4.addGeneric(0xc00059b6d4, 0xc00059b918, 0xc00059b6d4)
	/Users/z/go/pkg/mod/github.com/decred/dcrd/dcrec/secp256k1/v4@v4.4.0/curve.go:449 +0x98c
github.com/decred/dcrd/dcrec/secp256k1/v4.AddNonConst(0xc00059b6d4, 0xc00059b918, 0xc00059b6d4)
	/Users/z/go/pkg/mod/github.com/decred/dcrd/dcrec/secp256k1/v4@v4.4.0/curve.go:506 +0xec0
github.com/decred/dcrd/dcrec/secp256k1/v4.ScalarMultNonConst(0xc000c43da0, 0xc0005f8780, 0xc0005fa000)
	/Users/z/go/pkg/mod/github.com/decred/dcrd/dcrec/secp256k1/v4@v4.4.0/curve.go:1210 +0xc44
github.com/luxfi/threshold/pkg/math/curve.(*Secp256k1Scalar).Act(0xc000c43da0, {0x104e42040, 0xc0005f8780})
	/Users/z/work/lux/threshold/pkg/math/curve/secp256k1.go:168 +0x78
github.com/luxfi/threshold/protocols/frost/sign.(*round3).StoreBroadcastMessage(0xc000b88000, {{0xc00017a64f, 0x1}, {0x0, 0x0}, 0x1, {0x104e38620, 0xc000761a70}})
	/Users/z/work/lux/threshold/protocols/frost/sign/round3.go:70 +0x160
github.com/luxfi/threshold/pkg/protocol.(*Handler).verifyBroadcastForRound(0xc0001f4908, 0xc0009e8630, 0x3)
	/Users/z/work/lux/threshold/pkg/protocol/handler.go:1277 +0x3a4
github.com/luxfi/threshold/pkg/protocol.(*Handler).processQueuedMessages(0xc0001f4908, 0x3)
	/Users/z/work/lux/threshold/pkg/protocol/handler.go:1542 +0x408
created by github.com/luxfi/threshold/pkg/protocol.(*Handler).tryAdvanceRound in goroutine 3209
	/Users/z/work/lux/threshold/pkg/protocol/handler.go:673 +0x12e8
FAIL	github.com/luxfi/threshold/protocols/frost	5.490s
--- FAIL: TestKeygen (0.30s)
panic: runtime error: invalid memory address or nil pointer dereference [recovered]
	panic: runtime error: invalid memory address or nil pointer dereference
[signal SIGSEGV: segmentation violation code=0x2 addr=0x0 pc=0x104784e60]

goroutine 34 [running]:
testing.tRunner.func1.2({0x1049d62a0, 0x104d44af0})
	/opt/homebrew/Cellar/go/1.24.6/libexec/src/testing/testing.go:1734 +0x2bc
testing.tRunner.func1()
	/opt/homebrew/Cellar/go/1.24.6/libexec/src/testing/testing.go:1737 +0x47c
panic({0x1049d62a0?, 0x104d44af0?})
	/opt/homebrew/Cellar/go/1.24.6/libexec/src/runtime/panic.go:792 +0x124
github.com/luxfi/threshold/internal/test.Rounds({0xc00023a190, 0x5, 0x5}, {0x0, 0x0})
	/Users/z/work/lux/threshold/internal/test/round.go:82 +0x320
github.com/luxfi/threshold/protocols/frost/keygen.TestKeygen(0xc00023e1c0)
	/Users/z/work/lux/threshold/protocols/frost/keygen/keygen_test.go:85 +0x650
testing.tRunner(0xc00023e1c0, 0x104a58180)
	/opt/homebrew/Cellar/go/1.24.6/libexec/src/testing/testing.go:1792 +0x184
created by testing.(*T).Run in goroutine 1
	/opt/homebrew/Cellar/go/1.24.6/libexec/src/testing/testing.go:1851 +0x688
FAIL	github.com/luxfi/threshold/protocols/frost/keygen	0.532s
--- FAIL: TestSign (0.45s)
panic: runtime error: invalid memory address or nil pointer dereference [recovered]
	panic: runtime error: invalid memory address or nil pointer dereference
[signal SIGSEGV: segmentation violation code=0x2 addr=0x0 pc=0x100aefae0]

goroutine 21 [running]:
testing.tRunner.func1.2({0x100d41c60, 0x1010a8a30})
	/opt/homebrew/Cellar/go/1.24.6/libexec/src/testing/testing.go:1734 +0x2bc
testing.tRunner.func1()
	/opt/homebrew/Cellar/go/1.24.6/libexec/src/testing/testing.go:1737 +0x47c
panic({0x100d41c60?, 0x1010a8a30?})
	/opt/homebrew/Cellar/go/1.24.6/libexec/src/runtime/panic.go:792 +0x124
github.com/luxfi/threshold/internal/test.Rounds({0xc0002020a0, 0x5, 0x5}, {0x0, 0x0})
	/Users/z/work/lux/threshold/internal/test/round.go:82 +0x320
github.com/luxfi/threshold/protocols/frost/sign.TestSign(0xc000103500)
	/Users/z/work/lux/threshold/protocols/frost/sign/sign_test.go:77 +0xc60
testing.tRunner(0xc000103500, 0x100dc2720)
	/opt/homebrew/Cellar/go/1.24.6/libexec/src/testing/testing.go:1792 +0x184
created by testing.(*T).Run in goroutine 1
	/opt/homebrew/Cellar/go/1.24.6/libexec/src/testing/testing.go:1851 +0x688
FAIL	github.com/luxfi/threshold/protocols/frost/sign	0.708s
ok  	github.com/luxfi/threshold/protocols/lss	6.359s
ok  	github.com/luxfi/threshold/protocols/lss/adapters	12.152s
ok  	github.com/luxfi/threshold/protocols/lss/config	1.479s
ok  	github.com/luxfi/threshold/protocols/lss/dealer	1.225s
ok  	github.com/luxfi/threshold/protocols/lss/jvss	1.198s
ok  	github.com/luxfi/threshold/protocols/lss/keygen	2.178s
ok  	github.com/luxfi/threshold/protocols/lss/reshare	1.484s
ok  	github.com/luxfi/threshold/protocols/lss/sign	1.460s
ok  	github.com/luxfi/threshold/protocols/ringtail	1.238s
?   	github.com/luxfi/threshold/protocols/ringtail/config	[no test files]
?   	github.com/luxfi/threshold/protocols/ringtail/keygen	[no test files]
?   	github.com/luxfi/threshold/protocols/ringtail/refresh	[no test files]
?   	github.com/luxfi/threshold/protocols/ringtail/sign	[no test files]
FAIL
